Java HotSpot(TM) 64-Bit Server VM (25.5-b02) for windows-amd64 JRE (1.8.0_05-b13), built on Mar 18 2014 01:08:39 by "java_re" with MS VC++ 10.0 (VS2010)
Memory: 4k page, physical 8376184k(4657244k free), swap 16750504k(10222528k free)
CommandLine flags: -XX:InitialHeapSize=134018944 -XX:MaxHeapSize=134217728 -XX:+PrintGC -XX:+PrintGCDateStamps -XX:+PrintGCDetails -XX:+PrintGCTimeStamps -XX:+UseCompressedClassPointers -XX:+UseCompressedOops -XX:-UseLargePagesIndividualAllocation -XX:+UseParallelGC 
2014-07-09T16:18:57.577+0200: 0.180: [GC (Allocation Failure) [PSYoungGen: 487K->336K(1024K)] 487K->344K(88576K), 0.0026562 secs] [Times: user=0.00 sys=0.00, real=0.00 secs] 
2014-07-09T16:18:57.581+0200: 0.184: [GC (Allocation Failure) [PSYoungGen: 831K->496K(1536K)] 839K->784K(89088K), 0.0023079 secs] [Times: user=0.00 sys=0.00, real=0.00 secs] 
2014-07-09T16:18:57.584+0200: 0.187: [GC (Allocation Failure) [PSYoungGen: 1495K->480K(1536K)] 1783K->1792K(89088K), 0.0027699 secs] [Times: user=0.02 sys=0.01, real=0.00 secs] 
2014-07-09T16:18:57.588+0200: 0.191: [GC (Allocation Failure) [PSYoungGen: 1477K->480K(2560K)] 2789K->2789K(90112K), 0.0046877 secs] [Times: user=0.00 sys=0.00, real=0.00 secs] 
2014-07-09T16:18:57.594+0200: 0.197: [GC (Allocation Failure) [PSYoungGen: 2503K->480K(2560K)] 4812K->4806K(90112K), 0.0043302 secs] [Times: user=0.00 sys=0.00, real=0.00 secs] 
2014-07-09T16:18:57.600+0200: 0.203: [GC (Allocation Failure) [PSYoungGen: 2501K->2016K(5632K)] 6827K->6823K(93184K), 0.0042312 secs] [Times: user=0.01 sys=0.02, real=0.00 secs] 
2014-07-09T16:18:57.628+0200: 0.231: [GC (Allocation Failure) [PSYoungGen: 5579K->1888K(6144K)] 10385K->6751K(93696K), 0.0037308 secs] [Times: user=0.00 sys=0.00, real=0.00 secs] 
2014-07-09T16:18:57.633+0200: 0.236: [GC (Allocation Failure) [PSYoungGen: 5448K->3041K(9728K)] 10310K->10304K(97280K), 0.0116719 secs] [Times: user=0.00 sys=0.00, real=0.01 secs] 
2014-07-09T16:18:57.649+0200: 0.252: [GC (Allocation Failure) [PSYoungGen: 9679K->3553K(10240K)] 16943K->11169K(97792K), 0.0039170 secs] [Times: user=0.00 sys=0.00, real=0.00 secs] 
2014-07-09T16:18:57.677+0200: 0.280: [GC (Allocation Failure) [PSYoungGen: 10188K->2337K(14848K)] 17803K->9960K(102400K), 0.0012480 secs] [Times: user=0.00 sys=0.02, real=0.00 secs] 
2014-07-09T16:18:57.729+0200: 0.332: [GC (Allocation Failure) [PSYoungGen: 13075K->4065K(14848K)] 20699K->12498K(102400K), 0.0074821 secs] [Times: user=0.00 sys=0.00, real=0.01 secs] 
2014-07-09T16:18:57.749+0200: 0.352: [GC (Allocation Failure) [PSYoungGen: 14803K->4578K(20992K)] 23235K->15835K(108544K), 0.0091147 secs] [Times: user=0.01 sys=0.00, real=0.01 secs] 
2014-07-09T16:18:57.830+0200: 0.433: [GC (Allocation Failure) [PSYoungGen: 20961K->5602K(22016K)] 32219K->17572K(109568K), 0.0070696 secs] [Times: user=0.00 sys=0.02, real=0.01 secs] 
2014-07-09T16:18:57.879+0200: 0.482: [GC (Allocation Failure) [PSYoungGen: 21980K->6307K(32256K)] 33950K->18284K(119808K), 0.0069707 secs] [Times: user=0.02 sys=0.00, real=0.01 secs] 
2014-07-09T16:18:57.979+0200: 0.582: [GC (Allocation Failure) [PSYoungGen: 31881K->7267K(33280K)] 43859K->19253K(120832K), 0.0060908 secs] [Times: user=0.00 sys=0.00, real=0.01 secs] 
2014-07-09T16:18:58.079+0200: 0.682: [GC (Allocation Failure) [PSYoungGen: 32853K->6691K(33792K)] 44839K->18685K(121344K), 0.0050077 secs] [Times: user=0.00 sys=0.00, real=0.01 secs] 
2014-07-09T16:18:58.179+0200: 0.782: [GC (Allocation Failure) [PSYoungGen: 31753K->7107K(32256K)] 43747K->19109K(119808K), 0.0121276 secs] [Times: user=0.00 sys=0.00, real=0.01 secs] 
2014-07-09T16:18:58.360+0200: 0.963: [GC (Allocation Failure) [PSYoungGen: 32169K->7587K(32256K)] 44171K->19597K(119808K), 0.0160542 secs] [Times: user=0.00 sys=0.00, real=0.02 secs] 
2014-07-09T16:18:58.398+0200: 1.000: [GC (Allocation Failure) [PSYoungGen: 29583K->3425K(32768K)] 41593K->15443K(120320K), 0.0047430 secs] [Times: user=0.00 sys=0.00, real=0.00 secs] 
2014-07-09T16:18:58.477+0200: 1.080: [GC (Allocation Failure) [PSYoungGen: 25412K->800K(32768K)] 37430K->12826K(120320K), 0.0005961 secs] [Times: user=0.00 sys=0.00, real=0.00 secs] 
2014-07-09T16:18:58.542+0200: 1.145: [GC (Allocation Failure) [PSYoungGen: 23299K->6883K(32768K)] 35325K->18917K(120320K), 0.0050191 secs] [Times: user=0.00 sys=0.00, real=0.00 secs] 
2014-07-09T16:18:58.636+0200: 1.239: [GC (Allocation Failure) [PSYoungGen: 29399K->3073K(32768K)] 41433K->15115K(120320K), 0.0134511 secs] [Times: user=0.01 sys=0.00, real=0.01 secs] 
2014-07-09T16:18:58.730+0200: 1.333: [GC (Allocation Failure) [PSYoungGen: 25572K->992K(32768K)] 37614K->13042K(120320K), 0.0010482 secs] [Times: user=0.00 sys=0.00, real=0.00 secs] 
2014-07-09T16:18:58.829+0200: 1.432: [GC (Allocation Failure) [PSYoungGen: 23494K->6050K(32256K)] 35544K->18108K(119808K), 0.0040798 secs] [Times: user=0.01 sys=0.00, real=0.01 secs] 
2014-07-09T16:18:58.927+0200: 1.530: [GC (Allocation Failure) [PSYoungGen: 28037K->3425K(32768K)] 40095K->15491K(120320K), 0.0021143 secs] [Times: user=0.00 sys=0.00, real=0.00 secs] 
2014-07-09T16:18:59.028+0200: 1.631: [GC (Allocation Failure) [PSYoungGen: 25412K->800K(32768K)] 37478K->12874K(120320K), 0.0018408 secs] [Times: user=0.00 sys=0.00, real=0.00 secs] 
2014-07-09T16:18:59.079+0200: 1.682: [GC (Allocation Failure) [PSYoungGen: 23314K->4834K(32768K)] 35388K->16916K(120320K), 0.0033917 secs] [Times: user=0.00 sys=0.00, real=0.00 secs] 
2014-07-09T16:18:59.179+0200: 1.782: [GC (Allocation Failure) [PSYoungGen: 27333K->2721K(32768K)] 39415K->14811K(120320K), 0.0038870 secs] [Times: user=0.00 sys=0.00, real=0.00 secs] 
2014-07-09T16:18:59.277+0200: 1.880: [GC (Allocation Failure) [PSYoungGen: 26250K->608K(32768K)] 38340K->12706K(120320K), 0.0006038 secs] [Times: user=0.00 sys=0.00, real=0.00 secs] 
2014-07-09T16:18:59.341+0200: 1.944: [GC (Allocation Failure) [PSYoungGen: 24131K->7715K(32256K)] 36229K->19821K(119808K), 0.0086817 secs] [Times: user=0.03 sys=0.00, real=0.01 secs] 
2014-07-09T16:18:59.438+0200: 2.041: [GC (Allocation Failure) [PSYoungGen: 30726K->6114K(29184K)] 42832K->18228K(116736K), 0.0086128 secs] [Times: user=0.03 sys=0.00, real=0.01 secs] 
2014-07-09T16:18:59.538+0200: 2.141: [GC (Allocation Failure) [PSYoungGen: 29128K->4514K(33280K)] 41241K->16635K(120832K), 0.0179779 secs] [Times: user=0.01 sys=0.00, real=0.02 secs] 
2014-07-09T16:18:59.631+0200: 2.234: [GC (Allocation Failure) [PSYoungGen: 27027K->736K(32768K)] 39149K->12866K(120320K), 0.0008132 secs] [Times: user=0.00 sys=0.00, real=0.00 secs] 
2014-07-09T16:18:59.731+0200: 2.334: [GC (Allocation Failure) [PSYoungGen: 23235K->6787K(32256K)] 35365K->18925K(119808K), 0.0134200 secs] [Times: user=0.02 sys=0.00, real=0.01 secs] 
2014-07-09T16:18:59.827+0200: 2.430: [GC (Allocation Failure) [PSYoungGen: 28783K->2657K(32768K)] 40921K->14803K(120320K), 0.0011915 secs] [Times: user=0.00 sys=0.00, real=0.00 secs] 
2014-07-09T16:18:59.880+0200: 2.483: [GC (Allocation Failure) [PSYoungGen: 24641K->8227K(31232K)] 36787K->20381K(118784K), 0.0058554 secs] [Times: user=0.00 sys=0.00, real=0.01 secs] 
2014-07-09T16:18:59.979+0200: 2.583: [GC (Allocation Failure) [PSYoungGen: 29191K->4578K(32256K)] 41345K->16739K(119808K), 0.0051485 secs] [Times: user=0.00 sys=0.00, real=0.01 secs] 
2014-07-09T16:19:00.034+0200: 2.638: [GC (Allocation Failure) [PSYoungGen: 25565K->1216K(31744K)] 37727K->13385K(119296K), 0.0012172 secs] [Times: user=0.00 sys=0.02, real=0.00 secs] 
2014-07-09T16:19:00.139+0200: 2.742: [GC (Allocation Failure) [PSYoungGen: 22704K->4482K(32256K)] 34874K->16659K(119808K), 0.0103975 secs] [Times: user=0.02 sys=0.00, real=0.01 secs] 
2014-07-09T16:19:00.233+0200: 2.836: [GC (Allocation Failure) [PSYoungGen: 25954K->1344K(32768K)] 38132K->13530K(120320K), 0.0021829 secs] [Times: user=0.00 sys=0.00, real=0.00 secs] 
2014-07-09T16:19:00.348+0200: 2.951: [GC (Allocation Failure) [PSYoungGen: 23857K->6403K(32768K)] 36042K->18596K(120320K), 0.0047236 secs] [Times: user=0.00 sys=0.00, real=0.00 secs] 
2014-07-09T16:19:00.429+0200: 3.032: [GC (Allocation Failure) [PSYoungGen: 28926K->4290K(32256K)] 41119K->16491K(119808K), 0.0047375 secs] [Times: user=0.00 sys=0.00, real=0.01 secs] 
2014-07-09T16:19:00.527+0200: 3.130: [GC (Allocation Failure) [PSYoungGen: 27329K->2689K(32768K)] 39531K->14899K(120320K), 0.0012033 secs] [Times: user=0.00 sys=0.00, real=0.00 secs] 
2014-07-09T16:19:00.580+0200: 3.183: [GC (Allocation Failure) [PSYoungGen: 25723K->6915K(32768K)] 37933K->19133K(120320K), 0.0079162 secs] [Times: user=0.02 sys=0.00, real=0.01 secs] 
2014-07-09T16:19:00.679+0200: 3.283: [GC (Allocation Failure) [PSYoungGen: 29953K->5346K(33280K)] 42171K->17572K(120832K), 0.0064687 secs] [Times: user=0.00 sys=0.00, real=0.01 secs] 
2014-07-09T16:19:00.778+0200: 3.381: [GC (Allocation Failure) [PSYoungGen: 28362K->2689K(33280K)] 40588K->14923K(120832K), 0.0014408 secs] [Times: user=0.00 sys=0.00, real=0.00 secs] 
2014-07-09T16:19:00.878+0200: 3.481: [GC (Allocation Failure) [PSYoungGen: 26240K->1600K(33280K)] 38474K->13842K(120832K), 0.0021759 secs] [Times: user=0.00 sys=0.00, real=0.00 secs] 
2014-07-09T16:19:00.977+0200: 3.580: [GC (Allocation Failure) [PSYoungGen: 25152K->512K(33792K)] 37393K->12761K(121344K), 0.0012546 secs] [Times: user=0.00 sys=0.00, real=0.00 secs] 
2014-07-09T16:19:01.042+0200: 3.645: [GC (Allocation Failure) [PSYoungGen: 24573K->8131K(32256K)] 36823K->20389K(119808K), 0.0099700 secs] [Times: user=0.03 sys=0.00, real=0.01 secs] 
2014-07-09T16:19:01.139+0200: 3.742: [GC (Allocation Failure) [PSYoungGen: 32182K->5986K(32768K)] 44440K->18252K(120320K), 0.0077087 secs] [Times: user=0.02 sys=0.00, real=0.01 secs] 
2014-07-09T16:19:01.241+0200: 3.844: [GC (Allocation Failure) [PSYoungGen: 27997K->3361K(25600K)] 40263K->15635K(113152K), 0.0050195 secs] [Times: user=0.00 sys=0.00, real=0.01 secs] 
2014-07-09T16:19:01.329+0200: 3.932: [GC (Allocation Failure) [PSYoungGen: 25357K->7363K(31744K)] 37631K->19645K(119296K), 0.0073501 secs] [Times: user=0.01 sys=0.00, real=0.01 secs] 
2014-07-09T16:19:01.433+0200: 4.036: [GC (Allocation Failure) [PSYoungGen: 28862K->4194K(32256K)] 41143K->16483K(119808K), 0.0241159 secs] [Times: user=0.03 sys=0.00, real=0.02 secs] 
2014-07-09T16:19:01.527+0200: 4.130: [GC (Allocation Failure) [PSYoungGen: 25692K->1088K(32768K)] 37982K->13386K(120320K), 0.0007043 secs] [Times: user=0.00 sys=0.00, real=0.00 secs] 
2014-07-09T16:19:01.580+0200: 4.183: [GC (Allocation Failure) [PSYoungGen: 23598K->5346K(32768K)] 35896K->17652K(120320K), 0.0071584 secs] [Times: user=0.00 sys=0.00, real=0.01 secs] 
2014-07-09T16:19:01.678+0200: 4.281: [GC (Allocation Failure) [PSYoungGen: 27874K->3233K(32256K)] 40180K->15547K(119808K), 0.0017136 secs] [Times: user=0.00 sys=0.00, real=0.00 secs] 
2014-07-09T16:19:01.777+0200: 4.380: [GC (Allocation Failure) [PSYoungGen: 26272K->1600K(32768K)] 38585K->13922K(120320K), 0.0012634 secs] [Times: user=0.00 sys=0.00, real=0.00 secs] 
2014-07-09T16:19:01.834+0200: 4.437: [GC (Allocation Failure) [PSYoungGen: 24613K->7139K(32768K)] 36935K->19469K(120320K), 0.0063613 secs] [Times: user=0.00 sys=0.00, real=0.01 secs] 
2014-07-09T16:19:01.934+0200: 4.537: [GC (Allocation Failure) [PSYoungGen: 30178K->5570K(33280K)] 42508K->17908K(120832K), 0.0061710 secs] [Times: user=0.03 sys=0.00, real=0.01 secs] 
2014-07-09T16:19:02.031+0200: 4.634: [GC (Allocation Failure) [PSYoungGen: 28608K->1888K(33280K)] 40946K->14234K(120832K), 0.0016194 secs] [Times: user=0.00 sys=0.00, real=0.00 secs] 
2014-07-09T16:19:02.132+0200: 4.735: [GC (Allocation Failure) [PSYoungGen: 24926K->288K(33280K)] 37271K->12641K(120832K), 0.0014346 secs] [Times: user=0.00 sys=0.00, real=0.00 secs] 
2014-07-09T16:19:02.231+0200: 4.834: [GC (Allocation Failure) [PSYoungGen: 23325K->6883K(32256K)] 35679K->19245K(119808K), 0.0121448 secs] [Times: user=0.03 sys=0.00, real=0.01 secs] 
2014-07-09T16:19:02.329+0200: 4.932: [GC (Allocation Failure) [PSYoungGen: 28873K->3201K(32768K)] 41235K->15571K(120320K), 0.0033535 secs] [Times: user=0.00 sys=0.00, real=0.00 secs] 
2014-07-09T16:19:02.427+0200: 5.030: [GC (Allocation Failure) [PSYoungGen: 25212K->576K(32768K)] 37582K->12954K(120320K), 0.0014034 secs] [Times: user=0.00 sys=0.00, real=0.00 secs] 
2014-07-09T16:19:02.481+0200: 5.084: [GC (Allocation Failure) [PSYoungGen: 23097K->6659K(32768K)] 35474K->19044K(120320K), 0.0087158 secs] [Times: user=0.03 sys=0.00, real=0.01 secs] 
2014-07-09T16:19:02.577+0200: 5.181: [GC (Allocation Failure) [PSYoungGen: 29173K->2881K(32768K)] 41559K->15275K(120320K), 0.0014911 secs] [Times: user=0.00 sys=0.00, real=0.00 secs] 
2014-07-09T16:19:02.677+0200: 5.280: [GC (Allocation Failure) [PSYoungGen: 25380K->768K(32768K)] 37774K->13170K(120320K), 0.0013477 secs] [Times: user=0.00 sys=0.00, real=0.00 secs] 
2014-07-09T16:19:02.738+0200: 5.341: [GC (Allocation Failure) [PSYoungGen: 23267K->6851K(32256K)] 35669K->19261K(119808K), 0.0089193 secs] [Times: user=0.00 sys=0.00, real=0.01 secs] 
2014-07-09T16:19:02.834+0200: 5.437: [GC (Allocation Failure) [PSYoungGen: 28847K->2689K(32768K)] 41257K->15107K(120320K), 0.0052842 secs] [Times: user=0.00 sys=0.00, real=0.00 secs] 
2014-07-09T16:19:02.932+0200: 5.535: [GC (Allocation Failure) [PSYoungGen: 24674K->32K(32768K)] 37091K->12465K(120320K), 0.0025451 secs] [Times: user=0.00 sys=0.00, real=0.00 secs] 
2014-07-09T16:19:03.029+0200: 5.633: [GC (Allocation Failure) [PSYoungGen: 22528K->6146K(32768K)] 34962K->18588K(120320K), 0.0045909 secs] [Times: user=0.03 sys=0.00, real=0.00 secs] 
2014-07-09T16:19:03.128+0200: 5.732: [GC (Allocation Failure) [PSYoungGen: 28657K->2497K(32768K)] 41098K->14946K(120320K), 0.0013521 secs] [Times: user=0.00 sys=0.00, real=0.00 secs] 
2014-07-09T16:19:03.227+0200: 5.830: [GC (Allocation Failure) [PSYoungGen: 24996K->384K(32768K)] 37445K->12841K(120320K), 0.0013257 secs] [Times: user=0.00 sys=0.00, real=0.00 secs] 
2014-07-09T16:19:03.281+0200: 5.884: [GC (Allocation Failure) [PSYoungGen: 22886K->5442K(33280K)] 35344K->17908K(120832K), 0.0064343 secs] [Times: user=0.00 sys=0.00, real=0.01 secs] 
2014-07-09T16:19:03.378+0200: 5.981: [GC (Allocation Failure) [PSYoungGen: 28453K->3841K(27136K)] 40919K->16315K(114688K), 0.0024758 secs] [Times: user=0.00 sys=0.00, real=0.00 secs] 
2014-07-09T16:19:03.478+0200: 6.081: [GC (Allocation Failure) [PSYoungGen: 26855K->2241K(33280K)] 39328K->14722K(120832K), 0.0013558 secs] [Times: user=0.00 sys=0.00, real=0.00 secs] 
2014-07-09T16:19:03.541+0200: 6.145: [GC (Allocation Failure) [PSYoungGen: 25791K->640K(32768K)] 38273K->13129K(120320K), 0.0021774 secs] [Times: user=0.00 sys=0.00, real=0.00 secs] 
2014-07-09T16:19:03.632+0200: 6.236: [GC (Allocation Failure) [PSYoungGen: 24188K->6114K(33280K)] 36677K->18612K(120832K), 0.0052442 secs] [Times: user=0.02 sys=0.00, real=0.01 secs] 
2014-07-09T16:19:03.736+0200: 6.340: [GC (Allocation Failure) [PSYoungGen: 30152K->5538K(33792K)] 42650K->18044K(121344K), 0.0080683 secs] [Times: user=0.00 sys=0.00, real=0.01 secs] 
2014-07-09T16:19:03.836+0200: 6.439: [GC (Allocation Failure) [PSYoungGen: 29579K->3937K(32768K)] 42085K->16451K(120320K), 0.0054092 secs] [Times: user=0.01 sys=0.00, real=0.01 secs] 
2014-07-09T16:19:03.935+0200: 6.538: [GC (Allocation Failure) [PSYoungGen: 27975K->3361K(33280K)] 40489K->15883K(120832K), 0.0026558 secs] [Times: user=0.00 sys=0.00, real=0.00 secs] 
2014-07-09T16:19:04.034+0200: 6.638: [GC (Allocation Failure) [PSYoungGen: 27408K->1248K(34304K)] 39930K->13778K(121856K), 0.0023101 secs] [Times: user=0.00 sys=0.00, real=0.00 secs] 
2014-07-09T16:19:04.139+0200: 6.742: [GC (Allocation Failure) [PSYoungGen: 26825K->2177K(34304K)] 39354K->14714K(121856K), 0.0215818 secs] [Times: user=0.01 sys=0.00, real=0.02 secs] 
2014-07-09T16:19:04.231+0200: 6.834: [GC (Allocation Failure) [PSYoungGen: 27751K->3169K(33792K)] 40289K->15715K(121344K), 0.0023849 secs] [Times: user=0.00 sys=0.00, real=0.00 secs] 
2014-07-09T16:19:04.331+0200: 6.934: [GC (Allocation Failure) [PSYoungGen: 29267K->3105K(34304K)] 41813K->15659K(121856K), 0.0027372 secs] [Times: user=0.00 sys=0.00, real=0.00 secs] 
2014-07-09T16:19:04.437+0200: 7.040: [GC (Allocation Failure) [PSYoungGen: 29194K->4578K(35328K)] 41747K->17139K(122880K), 0.0059181 secs] [Times: user=0.00 sys=0.00, real=0.01 secs] 
2014-07-09T16:19:04.540+0200: 7.143: [GC (Allocation Failure) [PSYoungGen: 32203K->7587K(35328K)] 44765K->20157K(122880K), 0.0092903 secs] [Times: user=0.03 sys=0.00, real=0.01 secs] 
2014-07-09T16:19:04.677+0200: 7.280: [GC (Allocation Failure) [PSYoungGen: 35232K->736K(34304K)] 47802K->13314K(121856K), 0.0007402 secs] [Times: user=0.00 sys=0.00, real=0.00 secs] 
2014-07-09T16:19:04.779+0200: 7.382: [GC (Allocation Failure) [PSYoungGen: 26825K->2209K(34816K)] 39402K->14794K(122368K), 0.0025235 secs] [Times: user=0.00 sys=0.00, real=0.00 secs] 
2014-07-09T16:19:04.878+0200: 7.481: [GC (Allocation Failure) [PSYoungGen: 28301K->2657K(33792K)] 40887K->15251K(121344K), 0.0014727 secs] [Times: user=0.00 sys=0.00, real=0.00 secs] 
2014-07-09T16:19:04.980+0200: 7.583: [GC (Allocation Failure) [PSYoungGen: 28743K->4129K(34304K)] 41337K->16731K(121856K), 0.0065850 secs] [Times: user=0.00 sys=0.00, real=0.01 secs] 
2014-07-09T16:19:05.078+0200: 7.681: [GC (Allocation Failure) [PSYoungGen: 30231K->3553K(34304K)] 42833K->16163K(121856K), 0.0019541 secs] [Times: user=0.00 sys=0.00, real=0.00 secs] 
2014-07-09T16:19:05.182+0200: 7.785: [GC (Allocation Failure) [PSYoungGen: 30666K->6018K(34816K)] 43276K->18636K(122368K), 0.0091700 secs] [Times: user=0.02 sys=0.00, real=0.01 secs] 
2014-07-09T16:19:05.280+0200: 7.883: [GC (Allocation Failure) [PSYoungGen: 33137K->7523K(33280K)] 45755K->20149K(120832K), 0.0058447 secs] [Times: user=0.00 sys=0.00, real=0.01 secs] 
2014-07-09T16:19:05.381+0200: 7.985: [GC (Allocation Failure) [PSYoungGen: 32585K->7971K(33280K)] 45211K->20605K(120832K), 0.0099150 secs] [Times: user=0.03 sys=0.00, real=0.01 secs] 
2014-07-09T16:19:05.527+0200: 8.131: [GC (Allocation Failure) [PSYoungGen: 33036K->192K(33280K)] 45669K->12833K(120832K), 0.0011967 secs] [Times: user=0.00 sys=0.00, real=0.00 secs] 
2014-07-09T16:19:05.579+0200: 8.182: [GC (Allocation Failure) [PSYoungGen: 23217K->5154K(33280K)] 35859K->17804K(120832K), 0.0035621 secs] [Times: user=0.00 sys=0.00, real=0.00 secs] 
2014-07-09T16:19:05.679+0200: 8.283: [GC (Allocation Failure) [PSYoungGen: 28165K->3553K(32256K)] 40815K->16211K(119808K), 0.0037355 secs] [Times: user=0.03 sys=0.00, real=0.00 secs] 
2014-07-09T16:19:05.778+0200: 8.381: [GC (Allocation Failure) [PSYoungGen: 26564K->1920K(32768K)] 39222K->14586K(120320K), 0.0043801 secs] [Times: user=0.00 sys=0.00, real=0.00 secs] 
2014-07-09T16:19:05.833+0200: 8.436: [GC (Allocation Failure) [PSYoungGen: 24943K->7011K(32768K)] 37609K->19685K(120320K), 0.0057597 secs] [Times: user=0.03 sys=0.00, real=0.01 secs] 
2014-07-09T16:19:05.938+0200: 8.541: [GC (Allocation Failure) [PSYoungGen: 30022K->5410K(33280K)] 42696K->18092K(120832K), 0.0075763 secs] [Times: user=0.00 sys=0.00, real=0.01 secs] 
2014-07-09T16:19:06.033+0200: 8.636: [GC (Allocation Failure) [PSYoungGen: 28421K->3809K(32256K)] 41103K->16499K(119808K), 0.0031951 secs] [Times: user=0.00 sys=0.00, real=0.00 secs] 
2014-07-09T16:19:06.130+0200: 8.734: [GC (Allocation Failure) [PSYoungGen: 26832K->672K(32768K)] 39522K->13370K(120320K), 0.0010456 secs] [Times: user=0.00 sys=0.00, real=0.00 secs] 
2014-07-09T16:19:06.232+0200: 8.835: [GC (Allocation Failure) [PSYoungGen: 23683K->7267K(32768K)] 36381K->19973K(120320K), 0.0093222 secs] [Times: user=0.00 sys=0.00, real=0.01 secs] 
2014-07-09T16:19:06.331+0200: 8.934: [GC (Allocation Failure) [PSYoungGen: 30284K->4610K(33280K)] 42990K->17324K(120832K), 0.0067818 secs] [Times: user=0.01 sys=0.00, real=0.01 secs] 
2014-07-09T16:19:06.429+0200: 9.032: [GC (Allocation Failure) [PSYoungGen: 27621K->3041K(33280K)] 40335K->15763K(120832K), 0.0029249 secs] [Times: user=0.03 sys=0.00, real=0.00 secs] 
2014-07-09T16:19:06.537+0200: 9.140: [GC (Allocation Failure) [PSYoungGen: 26564K->1920K(33280K)] 39286K->14650K(120832K), 0.0560021 secs] [Times: user=0.03 sys=0.00, real=0.06 secs] 
2014-07-09T16:19:06.615+0200: 9.219: [GC (Allocation Failure) [PSYoungGen: 25467K->6851K(32256K)] 38197K->19589K(119808K), 0.0478677 secs] [Times: user=0.03 sys=0.00, real=0.05 secs] 
2014-07-09T16:19:06.688+0200: 9.292: [GC (Allocation Failure) [PSYoungGen: 29862K->5250K(33280K)] 42600K->17996K(120832K), 0.0095147 secs] [Times: user=0.00 sys=0.00, real=0.01 secs] 
2014-07-09T16:19:06.778+0200: 9.381: [GC (Allocation Failure) [PSYoungGen: 28261K->3649K(31744K)] 41007K->16403K(119296K), 0.0161315 secs] [Times: user=0.01 sys=0.00, real=0.02 secs] 
2014-07-09T16:19:06.896+0200: 9.500: [GC (Allocation Failure) [PSYoungGen: 27178K->1536K(32768K)] 39932K->14298K(120320K), 0.0017554 secs] [Times: user=0.01 sys=0.00, real=0.00 secs] 
2014-07-09T16:19:06.977+0200: 9.580: [GC (Allocation Failure) [PSYoungGen: 25062K->448K(33280K)] 37823K->13217K(120832K), 0.0008608 secs] [Times: user=0.00 sys=0.00, real=0.00 secs] 
2014-07-09T16:19:07.034+0200: 9.638: [GC (Allocation Failure) [PSYoungGen: 24483K->8099K(32256K)] 37253K->20877K(119808K), 0.0063786 secs] [Times: user=0.03 sys=0.00, real=0.01 secs] 
2014-07-09T16:19:07.138+0200: 9.741: [GC (Allocation Failure) [PSYoungGen: 32146K->5986K(32768K)] 44924K->18772K(120320K), 0.0075166 secs] [Times: user=0.00 sys=0.00, real=0.01 secs] 
2014-07-09T16:19:07.235+0200: 9.839: [GC (Allocation Failure) [PSYoungGen: 27973K->3361K(25600K)] 40759K->16155K(113152K), 0.0052614 secs] [Times: user=0.00 sys=0.00, real=0.01 secs] 
2014-07-09T16:19:07.331+0200: 9.934: [GC (Allocation Failure) [PSYoungGen: 25357K->7395K(31744K)] 38151K->20197K(119296K), 0.0119634 secs] [Times: user=0.03 sys=0.00, real=0.01 secs] 
2014-07-09T16:19:07.428+0200: 10.032: [GC (Allocation Failure) [PSYoungGen: 28870K->4226K(32256K)] 41671K->17035K(119808K), 0.0038576 secs] [Times: user=0.00 sys=0.01, real=0.00 secs] 
2014-07-09T16:19:07.527+0200: 10.130: [GC (Allocation Failure) [PSYoungGen: 25698K->1120K(32768K)] 38508K->13938K(120320K), 0.0008872 secs] [Times: user=0.00 sys=0.00, real=0.00 secs] 
2014-07-09T16:19:07.579+0200: 10.183: [GC (Allocation Failure) [PSYoungGen: 23636K->5538K(32768K)] 36454K->18364K(120320K), 0.0040923 secs] [Times: user=0.00 sys=0.00, real=0.00 secs] 
2014-07-09T16:19:07.678+0200: 10.282: [GC (Allocation Failure) [PSYoungGen: 28037K->3425K(32256K)] 40863K->16259K(119808K), 0.0020025 secs] [Times: user=0.00 sys=0.00, real=0.00 secs] 
2014-07-09T16:19:07.778+0200: 10.382: [GC (Allocation Failure) [PSYoungGen: 26442K->800K(32768K)] 39276K->13642K(120320K), 0.0015453 secs] [Times: user=0.00 sys=0.00, real=0.00 secs] 
2014-07-09T16:19:07.847+0200: 10.451: [GC (Allocation Failure) [PSYoungGen: 23811K->7363K(31744K)] 36653K->20213K(119296K), 0.0148839 secs] [Times: user=0.02 sys=0.00, real=0.02 secs] 
2014-07-09T16:19:07.932+0200: 10.536: [GC (Allocation Failure) [PSYoungGen: 29350K->4770K(32768K)] 42200K->17628K(120320K), 0.0036219 secs] [Times: user=0.00 sys=0.00, real=0.00 secs] 
2014-07-09T16:19:08.035+0200: 10.638: [GC (Allocation Failure) [PSYoungGen: 26757K->2145K(31232K)] 39614K->15010K(118784K), 0.0031248 secs] [Times: user=0.03 sys=0.00, real=0.00 secs] 
2014-07-09T16:19:08.129+0200: 10.732: [GC (Allocation Failure) [PSYoungGen: 24656K->6178K(32256K)] 37522K->19052K(119808K), 0.0048244 secs] [Times: user=0.03 sys=0.00, real=0.01 secs] 
2014-07-09T16:19:08.229+0200: 10.833: [GC (Allocation Failure) [PSYoungGen: 28675K->4065K(33280K)] 41549K->16947K(120832K), 0.0045238 secs] [Times: user=0.00 sys=0.00, real=0.00 secs] 
2014-07-09T16:19:08.328+0200: 10.931: [GC (Allocation Failure) [PSYoungGen: 27594K->1952K(33280K)] 40476K->14842K(120832K), 0.0024513 secs] [Times: user=0.00 sys=0.00, real=0.00 secs] 
2014-07-09T16:19:08.427+0200: 11.031: [GC (Allocation Failure) [PSYoungGen: 25478K->864K(33792K)] 38368K->13762K(121344K), 0.0015083 secs] [Times: user=0.00 sys=0.00, real=0.00 secs] 
2014-07-09T16:19:08.527+0200: 11.130: [GC (Allocation Failure) [PSYoungGen: 24902K->288K(33792K)] 37799K->13193K(121344K), 0.0004513 secs] [Times: user=0.00 sys=0.00, real=0.00 secs] 
2014-07-09T16:19:08.579+0200: 11.182: [GC (Allocation Failure) [PSYoungGen: 24340K->6243K(32768K)] 37246K->19156K(120320K), 0.0050613 secs] [Times: user=0.03 sys=0.00, real=0.01 secs] 
2014-07-09T16:19:08.680+0200: 11.283: [GC (Allocation Failure) [PSYoungGen: 29254K->4642K(33280K)] 42168K->17564K(120832K), 0.0060915 secs] [Times: user=0.00 sys=0.00, real=0.01 secs] 
2014-07-09T16:19:08.779+0200: 11.383: [GC (Allocation Failure) [PSYoungGen: 27653K->3041K(32256K)] 40575K->15971K(119808K), 0.0029231 secs] [Times: user=0.00 sys=0.00, real=0.00 secs] 
2014-07-09T16:19:08.877+0200: 11.481: [GC (Allocation Failure) [PSYoungGen: 26576K->384K(32768K)] 39505K->13321K(120320K), 0.0017440 secs] [Times: user=0.00 sys=0.00, real=0.00 secs] 
2014-07-09T16:19:08.935+0200: 11.539: [GC (Allocation Failure) [PSYoungGen: 23907K->7523K(32256K)] 36845K->20469K(119808K), 0.0054143 secs] [Times: user=0.00 sys=0.00, real=0.01 secs] 
2014-07-09T16:19:09.038+0200: 11.642: [GC (Allocation Failure) [PSYoungGen: 30534K->5890K(33280K)] 43480K->18844K(120832K), 0.0088874 secs] [Times: user=0.00 sys=0.00, real=0.01 secs] 
2014-07-09T16:19:09.134+0200: 11.738: [GC (Allocation Failure) [PSYoungGen: 28913K->2785K(33280K)] 41867K->15747K(120832K), 0.0040604 secs] [Times: user=0.00 sys=0.00, real=0.00 secs] 
2014-07-09T16:19:09.233+0200: 11.836: [GC (Allocation Failure) [PSYoungGen: 25796K->1184K(24576K)] 38758K->14154K(112128K), 0.0021649 secs] [Times: user=0.00 sys=0.00, real=0.00 secs] 
2014-07-09T16:19:09.331+0200: 11.935: [GC (Allocation Failure) [PSYoungGen: 24201K->6755K(32256K)] 37171K->19733K(119808K), 0.0068984 secs] [Times: user=0.02 sys=0.00, real=0.01 secs] 
2014-07-09T16:19:09.429+0200: 12.033: [GC (Allocation Failure) [PSYoungGen: 29254K->4642K(32768K)] 42232K->17628K(120320K), 0.0053381 secs] [Times: user=0.00 sys=0.00, real=0.01 secs] 
2014-07-09T16:19:09.528+0200: 12.132: [GC (Allocation Failure) [PSYoungGen: 27141K->2529K(32256K)] 40126K->15522K(119808K), 0.0028109 secs] [Times: user=0.00 sys=0.00, real=0.00 secs] 
2014-07-09T16:19:09.582+0200: 12.186: [GC (Allocation Failure) [PSYoungGen: 25563K->6915K(32768K)] 38557K->19917K(120320K), 0.0114021 secs] [Times: user=0.00 sys=0.00, real=0.01 secs] 
2014-07-09T16:19:09.678+0200: 12.282: [GC (Allocation Failure) [PSYoungGen: 29926K->5346K(33280K)] 42928K->18356K(120832K), 0.0045377 secs] [Times: user=0.00 sys=0.00, real=0.01 secs] 
2014-07-09T16:19:09.778+0200: 12.382: [GC (Allocation Failure) [PSYoungGen: 28363K->2721K(26112K)] 41373K->15739K(113664K), 0.0016275 secs] [Times: user=0.00 sys=0.00, real=0.00 secs] 
2014-07-09T16:19:09.878+0200: 12.481: [GC (Allocation Failure) [PSYoungGen: 25732K->1120K(32768K)] 38750K->14146K(120320K), 0.0022789 secs] [Times: user=0.00 sys=0.00, real=0.00 secs] 
2014-07-09T16:19:09.938+0200: 12.542: [GC (Allocation Failure) [PSYoungGen: 24131K->7715K(32768K)] 37157K->20749K(120320K), 0.0096074 secs] [Times: user=0.03 sys=0.00, real=0.01 secs] 
2014-07-09T16:19:10.038+0200: 12.641: [GC (Allocation Failure) [PSYoungGen: 30726K->6114K(32768K)] 43760K->19156K(120320K), 0.0084830 secs] [Times: user=0.00 sys=0.00, real=0.01 secs] 
2014-07-09T16:19:10.136+0200: 12.740: [GC (Allocation Failure) [PSYoungGen: 28110K->1920K(32768K)] 41152K->14970K(120320K), 0.0109372 secs] [Times: user=0.01 sys=0.00, real=0.01 secs] 
2014-07-09T16:19:10.231+0200: 12.835: [GC (Allocation Failure) [PSYoungGen: 23907K->7523K(31744K)] 36957K->20581K(119296K), 0.0094901 secs] [Times: user=0.03 sys=0.00, real=0.01 secs] 
2014-07-09T16:19:10.328+0200: 12.932: [GC (Allocation Failure) [PSYoungGen: 28495K->2337K(32256K)] 41552K->15402K(119808K), 0.0026705 secs] [Times: user=0.03 sys=0.00, real=0.00 secs] 
2014-07-09T16:19:10.379+0200: 12.982: [GC (Allocation Failure) [PSYoungGen: 23297K->6883K(31744K)] 36363K->19957K(119296K), 0.0052842 secs] [Times: user=0.00 sys=0.00, real=0.01 secs] 
2014-07-09T16:19:10.479+0200: 13.082: [GC (Allocation Failure) [PSYoungGen: 27843K->3233K(32256K)] 40917K->16315K(119808K), 0.0033671 secs] [Times: user=0.00 sys=0.00, real=0.00 secs] 
2014-07-09T16:19:10.540+0200: 13.143: [GC (Allocation Failure) [PSYoungGen: 24193K->7779K(31744K)] 37275K->20869K(119296K), 0.0089955 secs] [Times: user=0.02 sys=0.00, real=0.01 secs] 
2014-07-09T16:19:10.634+0200: 13.238: [GC (Allocation Failure) [PSYoungGen: 28759K->2465K(32256K)] 41848K->15562K(119808K), 0.0034609 secs] [Times: user=0.00 sys=0.00, real=0.00 secs] 
2014-07-09T16:19:10.729+0200: 13.332: [GC (Allocation Failure) [PSYoungGen: 23425K->7011K(32256K)] 36523K->20117K(119808K), 0.0052669 secs] [Times: user=0.00 sys=0.00, real=0.00 secs] 
2014-07-09T16:19:10.828+0200: 13.432: [GC (Allocation Failure) [PSYoungGen: 27977K->2337K(32256K)] 41082K->15450K(119808K), 0.0014412 secs] [Times: user=0.03 sys=0.00, real=0.00 secs] 
2014-07-09T16:19:10.879+0200: 13.483: [GC (Allocation Failure) [PSYoungGen: 23297K->6883K(32256K)] 36411K->20005K(119808K), 0.0057461 secs] [Times: user=0.00 sys=0.00, real=0.01 secs] 
2014-07-09T16:19:10.978+0200: 13.582: [GC (Allocation Failure) [PSYoungGen: 27843K->3233K(32256K)] 40965K->16363K(119808K), 0.0044934 secs] [Times: user=0.00 sys=0.00, real=0.01 secs] 
2014-07-09T16:19:11.041+0200: 13.645: [GC (Allocation Failure) [PSYoungGen: 24205K->6211K(32256K)] 37334K->19348K(119808K), 0.0142240 secs] [Times: user=0.01 sys=0.00, real=0.01 secs] 
2014-07-09T16:19:11.130+0200: 13.734: [GC (Allocation Failure) [PSYoungGen: 27174K->2080K(23552K)] 40312K->15226K(111104K), 0.0020718 secs] [Times: user=0.00 sys=0.00, real=0.00 secs] 
2014-07-09T16:19:11.230+0200: 13.834: [GC (Allocation Failure) [PSYoungGen: 23041K->6627K(31232K)] 36186K->19780K(118784K), 0.0047012 secs] [Times: user=0.01 sys=0.00, real=0.00 secs] 
2014-07-09T16:19:11.328+0200: 13.931: [GC (Allocation Failure) [PSYoungGen: 27078K->1440K(31744K)] 40232K->14602K(119296K), 0.0024010 secs] [Times: user=0.03 sys=0.00, real=0.00 secs] 
2014-07-09T16:19:11.378+0200: 13.982: [GC (Allocation Failure) [PSYoungGen: 21920K->5506K(31232K)] 35082K->18676K(118784K), 0.0042536 secs] [Times: user=0.00 sys=0.00, real=0.00 secs] 
2014-07-09T16:19:11.477+0200: 14.081: [GC (Allocation Failure) [PSYoungGen: 26466K->1856K(31744K)] 39636K->15034K(119296K), 0.0009584 secs] [Times: user=0.00 sys=0.00, real=0.00 secs] 
2014-07-09T16:19:11.541+0200: 14.144: [GC (Allocation Failure) [PSYoungGen: 22819K->6403K(32768K)] 35996K->19588K(120320K), 0.0085959 secs] [Times: user=0.02 sys=0.00, real=0.01 secs] 
2014-07-09T16:19:11.636+0200: 14.240: [GC (Allocation Failure) [PSYoungGen: 28401K->2113K(32768K)] 41587K->15306K(120320K), 0.0036435 secs] [Times: user=0.00 sys=0.00, real=0.00 secs] 
2014-07-09T16:19:11.731+0200: 14.335: [GC (Allocation Failure) [PSYoungGen: 24097K->7683K(31744K)] 37291K->20885K(119296K), 0.0110754 secs] [Times: user=0.01 sys=0.00, real=0.01 secs] 
2014-07-09T16:19:11.828+0200: 14.432: [GC (Allocation Failure) [PSYoungGen: 28655K->2497K(32256K)] 41856K->15706K(119808K), 0.0025605 secs] [Times: user=0.00 sys=0.00, real=0.00 secs] 
2014-07-09T16:19:11.879+0200: 14.483: [GC (Allocation Failure) [PSYoungGen: 23457K->7043K(31744K)] 36667K->20261K(119296K), 0.0056563 secs] [Times: user=0.00 sys=0.00, real=0.01 secs] 
2014-07-09T16:19:11.979+0200: 14.583: [GC (Allocation Failure) [PSYoungGen: 28003K->3393K(32256K)] 41221K->16619K(119808K), 0.0150067 secs] [Times: user=0.02 sys=0.00, real=0.01 secs] 
2014-07-09T16:19:12.034+0200: 14.638: [GC (Allocation Failure) [PSYoungGen: 24353K->7939K(30720K)] 37579K->21173K(118272K), 0.0058781 secs] [Times: user=0.00 sys=0.00, real=0.01 secs] 
2014-07-09T16:19:12.130+0200: 14.734: [GC (Allocation Failure) [PSYoungGen: 27884K->1728K(31744K)] 41118K->14970K(119296K), 0.0013983 secs] [Times: user=0.00 sys=0.00, real=0.00 secs] 
2014-07-09T16:19:12.229+0200: 14.833: [GC (Allocation Failure) [PSYoungGen: 21696K->5282K(31232K)] 34938K->18532K(118784K), 0.0038257 secs] [Times: user=0.02 sys=0.00, real=0.00 secs] 
2014-07-09T16:19:12.349+0200: 14.953: [GC (Allocation Failure) [PSYoungGen: 25736K->96K(31744K)] 38985K->13353K(119296K), 0.0010474 secs] [Times: user=0.00 sys=0.00, real=0.00 secs] 
2014-07-09T16:19:12.378+0200: 14.982: [GC (Allocation Failure) [PSYoungGen: 20574K->4162K(31232K)] 33831K->17427K(118784K), 0.0029656 secs] [Times: user=0.00 sys=0.00, real=0.00 secs] 
2014-07-09T16:19:12.477+0200: 15.081: [GC (Allocation Failure) [PSYoungGen: 25122K->512K(31744K)] 38387K->13785K(119296K), 0.0013943 secs] [Times: user=0.00 sys=0.00, real=0.00 secs] 
2014-07-09T16:19:12.537+0200: 15.141: [GC (Allocation Failure) [PSYoungGen: 21486K->3905K(30720K)] 34760K->17187K(118272K), 0.0066686 secs] [Times: user=0.00 sys=0.00, real=0.01 secs] 
2014-07-09T16:19:12.632+0200: 15.236: [GC (Allocation Failure) [PSYoungGen: 25898K->256K(31744K)] 39179K->13545K(119296K), 0.0016058 secs] [Times: user=0.00 sys=0.00, real=0.00 secs] 
2014-07-09T16:19:12.730+0200: 15.334: [GC (Allocation Failure) [PSYoungGen: 22240K->5826K(32768K)] 35530K->19124K(120320K), 0.0075829 secs] [Times: user=0.03 sys=0.00, real=0.01 secs] 
2014-07-09T16:19:12.829+0200: 15.432: [GC (Allocation Failure) [PSYoungGen: 28843K->3169K(33280K)] 42141K->16475K(120832K), 0.0053337 secs] [Times: user=0.00 sys=0.00, real=0.01 secs] 
2014-07-09T16:19:12.927+0200: 15.531: [GC (Allocation Failure) [PSYoungGen: 26180K->1600K(32256K)] 39486K->14914K(119808K), 0.0008154 secs] [Times: user=0.00 sys=0.00, real=0.00 secs] 
2014-07-09T16:19:13.028+0200: 15.631: [GC (Allocation Failure) [PSYoungGen: 25126K->512K(32768K)] 38439K->13833K(120320K), 0.0015208 secs] [Times: user=0.02 sys=0.00, real=0.00 secs] 
2014-07-09T16:19:13.080+0200: 15.684: [GC (Allocation Failure) [PSYoungGen: 24044K->6082K(33280K)] 37366K->19412K(120832K), 0.0078220 secs] [Times: user=0.00 sys=0.00, real=0.01 secs] 
2014-07-09T16:19:13.180+0200: 15.783: [GC (Allocation Failure) [PSYoungGen: 30120K->5506K(29696K)] 43450K->18844K(117248K), 0.0069399 secs] [Times: user=0.03 sys=0.00, real=0.01 secs] 
2014-07-09T16:19:13.280+0200: 15.884: [GC (Allocation Failure) [PSYoungGen: 29544K->4930K(33792K)] 42882K->18276K(121344K), 0.0059936 secs] [Times: user=0.00 sys=0.00, real=0.01 secs] 
2014-07-09T16:19:13.377+0200: 15.981: [GC (Allocation Failure) [PSYoungGen: 28465K->2273K(33280K)] 41810K->15626K(120832K), 0.0323507 secs] [Times: user=0.00 sys=0.00, real=0.03 secs] 
2014-07-09T16:19:13.478+0200: 16.081: [GC (Allocation Failure) [PSYoungGen: 25796K->1216K(33280K)] 39150K->14578K(120832K), 0.0016315 secs] [Times: user=0.00 sys=0.00, real=0.00 secs] 
2014-07-09T16:19:13.543+0200: 16.147: [GC (Allocation Failure) [PSYoungGen: 25275K->640K(33280K)] 38637K->14009K(120832K), 0.0028076 secs] [Times: user=0.01 sys=0.00, real=0.00 secs] 
2014-07-09T16:19:13.639+0200: 16.242: [GC (Allocation Failure) [PSYoungGen: 24702K->6627K(33280K)] 38072K->20004K(120832K), 0.0080614 secs] [Times: user=0.00 sys=0.00, real=0.01 secs] 
2014-07-09T16:19:13.738+0200: 16.342: [GC (Allocation Failure) [PSYoungGen: 30662K->6050K(30208K)] 44040K->19436K(117760K), 0.0070660 secs] [Times: user=0.00 sys=0.00, real=0.01 secs] 
2014-07-09T16:19:13.836+0200: 16.440: [GC (Allocation Failure) [PSYoungGen: 30094K->4450K(33792K)] 43479K->17843K(121344K), 0.0035119 secs] [Times: user=0.00 sys=0.00, real=0.00 secs] 
2014-07-09T16:19:13.942+0200: 16.546: [GC (Allocation Failure) [PSYoungGen: 27973K->3329K(27136K)] 41367K->16731K(114688K), 0.0158346 secs] [Times: user=0.00 sys=0.00, real=0.02 secs] 
2014-07-09T16:19:14.034+0200: 16.638: [GC (Allocation Failure) [PSYoungGen: 26870K->192K(32256K)] 40271K->13601K(119808K), 0.0016264 secs] [Times: user=0.00 sys=0.00, real=0.00 secs] 
2014-07-09T16:19:14.131+0200: 16.735: [GC (Allocation Failure) [PSYoungGen: 23203K->6787K(32768K)] 36613K->20205K(120320K), 0.0083345 secs] [Times: user=0.02 sys=0.00, real=0.01 secs] 
2014-07-09T16:19:14.229+0200: 16.832: [GC (Allocation Failure) [PSYoungGen: 29798K->5218K(33280K)] 43216K->18644K(120832K), 0.0038587 secs] [Times: user=0.03 sys=0.00, real=0.00 secs] 
2014-07-09T16:19:14.328+0200: 16.932: [GC (Allocation Failure) [PSYoungGen: 28235K->2593K(26112K)] 41661K->16027K(113664K), 0.0032523 secs] [Times: user=0.00 sys=0.00, real=0.00 secs] 
2014-07-09T16:19:14.428+0200: 17.032: [GC (Allocation Failure) [PSYoungGen: 25604K->992K(32768K)] 39038K->14434K(120320K), 0.0015325 secs] [Times: user=0.00 sys=0.00, real=0.00 secs] 
2014-07-09T16:19:14.483+0200: 17.087: [GC (Allocation Failure) [PSYoungGen: 24003K->7587K(32768K)] 37445K->21037K(120320K), 0.0101500 secs] [Times: user=0.00 sys=0.00, real=0.01 secs] 
2014-07-09T16:19:14.578+0200: 17.182: [GC (Allocation Failure) [PSYoungGen: 30616K->4322K(33280K)] 44065K->17779K(120832K), 0.0030151 secs] [Times: user=0.00 sys=0.00, real=0.00 secs] 
2014-07-09T16:19:14.678+0200: 17.282: [GC (Allocation Failure) [PSYoungGen: 26821K->2209K(25088K)] 40278K->15674K(112640K), 0.0023211 secs] [Times: user=0.00 sys=0.00, real=0.00 secs] 
2014-07-09T16:19:14.778+0200: 17.382: [GC (Allocation Failure) [PSYoungGen: 24708K->96K(32256K)] 38173K->13569K(119808K), 0.0006680 secs] [Times: user=0.00 sys=0.00, real=0.00 secs] 
2014-07-09T16:19:14.837+0200: 17.441: [GC (Allocation Failure) [PSYoungGen: 22604K->4642K(32256K)] 36078K->18124K(119808K), 0.0066873 secs] [Times: user=0.02 sys=0.00, real=0.01 secs] 
2014-07-09T16:19:14.935+0200: 17.539: [GC (Allocation Failure) [PSYoungGen: 27141K->2529K(32768K)] 40622K->16018K(120320K), 0.0028974 secs] [Times: user=0.00 sys=0.00, real=0.00 secs] 
2014-07-09T16:19:15.035+0200: 17.639: [GC (Allocation Failure) [PSYoungGen: 26570K->1408K(33280K)] 40060K->14906K(120832K), 0.0016685 secs] [Times: user=0.00 sys=0.00, real=0.00 secs] 
2014-07-09T16:19:15.133+0200: 17.737: [GC (Allocation Failure) [PSYoungGen: 25449K->8003K(32256K)] 38947K->21509K(119808K), 0.0232334 secs] [Times: user=0.02 sys=0.00, real=0.02 secs] 
2014-07-09T16:19:15.231+0200: 17.835: [GC (Allocation Failure) [PSYoungGen: 31017K->6435K(29696K)] 44522K->19948K(117248K), 0.0079191 secs] [Times: user=0.00 sys=0.00, real=0.01 secs] 
2014-07-09T16:19:15.329+0200: 17.933: [GC (Allocation Failure) [PSYoungGen: 29449K->3809K(33280K)] 42963K->17331K(120832K), 0.0045942 secs] [Times: user=0.00 sys=0.00, real=0.01 secs] 
2014-07-09T16:19:15.428+0200: 18.032: [GC (Allocation Failure) [PSYoungGen: 26308K->1696K(24576K)] 39830K->15226K(112128K), 0.0020711 secs] [Times: user=0.00 sys=0.00, real=0.00 secs] 
2014-07-09T16:19:15.482+0200: 18.086: [GC (Allocation Failure) [PSYoungGen: 24195K->7779K(31232K)] 37725K->21317K(118784K), 0.0093530 secs] [Times: user=0.00 sys=0.00, real=0.01 secs] 
2014-07-09T16:19:15.577+0200: 18.181: [GC (Allocation Failure) [PSYoungGen: 29274K->2433K(32256K)] 42811K->15978K(119808K), 0.0123410 secs] [Times: user=0.02 sys=0.00, real=0.01 secs] 
2014-07-09T16:19:15.633+0200: 18.237: [GC (Allocation Failure) [PSYoungGen: 23905K->7523K(31232K)] 37451K->21077K(118784K), 0.0054437 secs] [Times: user=0.03 sys=0.00, real=0.01 secs] 
2014-07-09T16:19:15.736+0200: 18.340: [GC (Allocation Failure) [PSYoungGen: 28483K->3873K(32256K)] 42037K->17435K(119808K), 0.0054176 secs] [Times: user=0.00 sys=0.00, real=0.00 secs] 
2014-07-09T16:19:15.831+0200: 18.435: [GC (Allocation Failure) [PSYoungGen: 24839K->7395K(31744K)] 38401K->20965K(119296K), 0.0093754 secs] [Times: user=0.03 sys=0.00, real=0.01 secs] 
2014-07-09T16:19:15.929+0200: 18.533: [GC (Allocation Failure) [PSYoungGen: 28355K->3745K(32256K)] 41925K->17323K(119808K), 0.0138288 secs] [Times: user=0.03 sys=0.00, real=0.01 secs] 
2014-07-09T16:19:16.027+0200: 18.631: [GC (Allocation Failure) [PSYoungGen: 24708K->64K(32256K)] 38285K->13649K(119808K), 0.0010874 secs] [Times: user=0.00 sys=0.00, real=0.00 secs] 
2014-07-09T16:19:16.078+0200: 18.682: [GC (Allocation Failure) [PSYoungGen: 21545K->3617K(32256K)] 35131K->17211K(119808K), 0.0040102 secs] [Times: user=0.00 sys=0.00, real=0.00 secs] 
2014-07-09T16:19:16.177+0200: 18.781: [GC (Allocation Failure) [PSYoungGen: 25092K->480K(32256K)] 38685K->14081K(119808K), 0.0004993 secs] [Times: user=0.00 sys=0.00, real=0.00 secs] 
2014-07-09T16:19:16.233+0200: 18.837: [GC (Allocation Failure) [PSYoungGen: 22464K->6050K(32256K)] 36066K->19660K(119808K), 0.0047221 secs] [Times: user=0.00 sys=0.00, real=0.00 secs] 
2014-07-09T16:19:16.330+0200: 18.934: [GC (Allocation Failure) [PSYoungGen: 28046K->1888K(33280K)] 41656K->15506K(120832K), 0.0016740 secs] [Times: user=0.00 sys=0.00, real=0.00 secs] 
2014-07-09T16:19:16.433+0200: 19.037: [GC (Allocation Failure) [PSYoungGen: 24902K->256K(33280K)] 38519K->13881K(120832K), 0.0018313 secs] [Times: user=0.00 sys=0.00, real=0.00 secs] 
2014-07-09T16:19:16.530+0200: 19.135: [GC (Allocation Failure) [PSYoungGen: 23267K->6883K(32256K)] 36893K->20517K(119808K), 0.0098182 secs] [Times: user=0.02 sys=0.00, real=0.01 secs] 
2014-07-09T16:19:16.628+0200: 19.232: [GC (Allocation Failure) [PSYoungGen: 28885K->2593K(32768K)] 42518K->16235K(120320K), 0.0025048 secs] [Times: user=0.00 sys=0.00, real=0.00 secs] 
2014-07-09T16:19:16.684+0200: 19.288: [GC (Allocation Failure) [PSYoungGen: 24577K->8131K(31232K)] 38219K->21781K(118784K), 0.0071342 secs] [Times: user=0.00 sys=0.00, real=0.01 secs] 
2014-07-09T16:19:16.780+0200: 19.384: [GC (Allocation Failure) [PSYoungGen: 29094K->4514K(32256K)] 42743K->18171K(119808K), 0.0056622 secs] [Times: user=0.00 sys=0.00, real=0.01 secs] 
2014-07-09T16:19:16.839+0200: 19.443: [GC (Allocation Failure) [PSYoungGen: 25477K->8035K(30720K)] 39135K->21701K(118272K), 0.0061542 secs] [Times: user=0.00 sys=0.00, real=0.01 secs] 
2014-07-09T16:19:16.932+0200: 19.536: [GC (Allocation Failure) [PSYoungGen: 28003K->3393K(31744K)] 41669K->17067K(119296K), 0.0030382 secs] [Times: user=0.00 sys=0.00, real=0.00 secs] 
2014-07-09T16:19:17.029+0200: 19.633: [GC (Allocation Failure) [PSYoungGen: 23361K->6947K(31232K)] 37035K->20629K(118784K), 0.0054407 secs] [Times: user=0.00 sys=0.00, real=0.01 secs] 
2014-07-09T16:19:17.127+0200: 19.731: [GC (Allocation Failure) [PSYoungGen: 27410K->736K(31744K)] 41092K->14426K(119296K), 0.0013393 secs] [Times: user=0.00 sys=0.00, real=0.00 secs] 
2014-07-09T16:19:17.178+0200: 19.782: [GC (Allocation Failure) [PSYoungGen: 21216K->4802K(31232K)] 34906K->18500K(118784K), 0.0042085 secs] [Times: user=0.00 sys=0.00, real=0.00 secs] 
2014-07-09T16:19:17.277+0200: 19.881: [GC (Allocation Failure) [PSYoungGen: 25768K->96K(31744K)] 39465K->13801K(119296K), 0.0004319 secs] [Times: user=0.00 sys=0.00, real=0.00 secs] 
2014-07-09T16:19:17.341+0200: 19.945: [GC (Allocation Failure) [PSYoungGen: 21056K->4674K(32256K)] 34762K->18388K(119808K), 0.0069010 secs] [Times: user=0.00 sys=0.00, real=0.01 secs] 
2014-07-09T16:19:17.435+0200: 20.039: [GC (Allocation Failure) [PSYoungGen: 26146K->1504K(32256K)] 39860K->15226K(119808K), 0.0034503 secs] [Times: user=0.00 sys=0.00, real=0.00 secs] 
2014-07-09T16:19:17.530+0200: 20.134: [GC (Allocation Failure) [PSYoungGen: 22979K->6595K(31744K)] 36700K->20324K(119296K), 0.0101665 secs] [Times: user=0.02 sys=0.00, real=0.01 secs] 
2014-07-09T16:19:17.628+0200: 20.232: [GC (Allocation Failure) [PSYoungGen: 28081K->1792K(32256K)] 41811K->15530K(119808K), 0.0012458 secs] [Times: user=0.00 sys=0.00, real=0.00 secs] 
2014-07-09T16:19:17.679+0200: 20.283: [GC (Allocation Failure) [PSYoungGen: 23267K->6851K(31744K)] 37005K->20597K(119296K), 0.0057025 secs] [Times: user=0.00 sys=0.00, real=0.01 secs] 
2014-07-09T16:19:17.778+0200: 20.382: [GC (Allocation Failure) [PSYoungGen: 27811K->3201K(32256K)] 41557K->16955K(119808K), 0.0025440 secs] [Times: user=0.00 sys=0.00, real=0.00 secs] 
2014-07-09T16:19:17.840+0200: 20.444: [GC (Allocation Failure) [PSYoungGen: 24171K->6211K(32256K)] 37924K->19972K(119808K), 0.0071565 secs] [Times: user=0.00 sys=0.00, real=0.01 secs] 
2014-07-09T16:19:17.935+0200: 20.539: [GC (Allocation Failure) [PSYoungGen: 27683K->3073K(32256K)] 41445K->16843K(119808K), 0.0037869 secs] [Times: user=0.00 sys=0.00, real=0.00 secs] 
2014-07-09T16:19:18.031+0200: 20.635: [GC (Allocation Failure) [PSYoungGen: 24545K->8131K(31232K)] 38315K->21909K(118784K), 0.0101889 secs] [Times: user=0.02 sys=0.00, real=0.01 secs] 
2014-07-09T16:19:18.129+0200: 20.733: [GC (Allocation Failure) [PSYoungGen: 29103K->2945K(32256K)] 42881K->16731K(119808K), 0.0028095 secs] [Times: user=0.03 sys=0.00, real=0.00 secs] 
2014-07-09T16:19:18.183+0200: 20.787: [GC (Allocation Failure) [PSYoungGen: 23905K->7491K(31744K)] 37691K->21285K(119296K), 0.0083605 secs] [Times: user=0.00 sys=0.02, real=0.01 secs] 
2014-07-09T16:19:18.280+0200: 20.884: [GC (Allocation Failure) [PSYoungGen: 28451K->3809K(32256K)] 42245K->17611K(119808K), 0.0322088 secs] [Times: user=0.03 sys=0.00, real=0.03 secs] 
2014-07-09T16:19:18.335+0200: 20.939: [GC (Allocation Failure) [PSYoungGen: 24775K->7363K(31744K)] 38577K->21173K(119296K), 0.0051610 secs] [Times: user=0.00 sys=0.00, real=0.00 secs] 
2014-07-09T16:19:18.435+0200: 21.039: [GC (Allocation Failure) [PSYoungGen: 28323K->3713K(32256K)] 42133K->17531K(119808K), 0.0049088 secs] [Times: user=0.00 sys=0.00, real=0.01 secs] 
2014-07-09T16:19:18.533+0200: 21.138: [GC (Allocation Failure) [PSYoungGen: 24674K->32K(31744K)] 38491K->13857K(119296K), 0.0046569 secs] [Times: user=0.01 sys=0.00, real=0.00 secs] 
2014-07-09T16:19:18.628+0200: 21.232: [GC (Allocation Failure) [PSYoungGen: 21013K->2433K(32256K)] 34838K->16266K(119808K), 0.0026892 secs] [Times: user=0.03 sys=0.00, real=0.00 secs] 
2014-07-09T16:19:18.680+0200: 21.285: [GC (Allocation Failure) [PSYoungGen: 23393K->6979K(31744K)] 37227K->20821K(119296K), 0.0089193 secs] [Times: user=0.00 sys=0.00, real=0.01 secs] 
2014-07-09T16:19:18.778+0200: 21.383: [GC (Allocation Failure) [PSYoungGen: 27939K->3329K(32256K)] 41781K->17179K(119808K), 0.0032890 secs] [Times: user=0.00 sys=0.00, real=0.00 secs] 
2014-07-09T16:19:18.840+0200: 21.444: [GC (Allocation Failure) [PSYoungGen: 24295K->6851K(31744K)] 38145K->20709K(119296K), 0.0095755 secs] [Times: user=0.03 sys=0.00, real=0.01 secs] 
2014-07-09T16:19:18.931+0200: 21.535: [GC (Allocation Failure) [PSYoungGen: 27811K->3201K(32256K)] 41669K->17067K(119808K), 0.0024850 secs] [Times: user=0.00 sys=0.00, real=0.00 secs] 
2014-07-09T16:19:19.031+0200: 21.635: [GC (Allocation Failure) [PSYoungGen: 24161K->7747K(31744K)] 38027K->21621K(119296K), 0.0100166 secs] [Times: user=0.03 sys=0.00, real=0.01 secs] 
2014-07-09T16:19:19.129+0200: 21.733: [GC (Allocation Failure) [PSYoungGen: 28719K->2561K(32256K)] 42592K->16442K(119808K), 0.0029869 secs] [Times: user=0.00 sys=0.00, real=0.00 secs] 
2014-07-09T16:19:19.181+0200: 21.785: [GC (Allocation Failure) [PSYoungGen: 23521K->7107K(32256K)] 37403K->20997K(119808K), 0.0090186 secs] [Times: user=0.00 sys=0.00, real=0.01 secs] 
2014-07-09T16:19:19.278+0200: 21.882: [GC (Allocation Failure) [PSYoungGen: 28067K->3425K(24576K)] 41957K->17323K(112128K), 0.0109130 secs] [Times: user=0.01 sys=0.00, real=0.01 secs] 
2014-07-09T16:19:19.333+0200: 21.937: [GC (Allocation Failure) [PSYoungGen: 24397K->6467K(31232K)] 38294K->20372K(118784K), 0.0055533 secs] [Times: user=0.00 sys=0.00, real=0.01 secs] 
2014-07-09T16:19:19.431+0200: 22.035: [GC (Allocation Failure) [PSYoungGen: 26947K->2337K(31744K)] 40852K->16250K(119296K), 0.0014687 secs] [Times: user=0.00 sys=0.00, real=0.00 secs] 
2014-07-09T16:19:19.531+0200: 22.135: [GC (Allocation Failure) [PSYoungGen: 22817K->6403K(32256K)] 36730K->20324K(119808K), 0.0093398 secs] [Times: user=0.03 sys=0.00, real=0.01 secs] 
2014-07-09T16:19:19.628+0200: 22.232: [GC (Allocation Failure) [PSYoungGen: 27892K->1600K(32256K)] 41814K->15530K(119808K), 0.0019768 secs] [Times: user=0.00 sys=0.00, real=0.00 secs] 
2014-07-09T16:19:19.679+0200: 22.283: [GC (Allocation Failure) [PSYoungGen: 23075K->6659K(31744K)] 37004K->20596K(119296K), 0.0052523 secs] [Times: user=0.00 sys=0.00, real=0.01 secs] 
2014-07-09T16:19:19.778+0200: 22.383: [GC (Allocation Failure) [PSYoungGen: 27622K->1984K(32256K)] 41560K->15930K(119808K), 0.0027387 secs] [Times: user=0.00 sys=0.00, real=0.00 secs] 
2014-07-09T16:19:19.833+0200: 22.437: [GC (Allocation Failure) [PSYoungGen: 22947K->6531K(31744K)] 36892K->20484K(119296K), 0.0051221 secs] [Times: user=0.00 sys=0.00, real=0.01 secs] 
2014-07-09T16:19:19.935+0200: 22.540: [GC (Allocation Failure) [PSYoungGen: 27491K->2849K(32256K)] 41445K->16811K(119808K), 0.0284743 secs] [Times: user=0.03 sys=0.00, real=0.03 secs] 
2014-07-09T16:19:20.033+0200: 22.637: [GC (Allocation Failure) [PSYoungGen: 23809K->7395K(31744K)] 37771K->21365K(119296K), 0.0116855 secs] [Times: user=0.00 sys=0.00, real=0.01 secs] 
2014-07-09T16:19:20.128+0200: 22.732: [GC (Allocation Failure) [PSYoungGen: 28370K->1728K(32256K)] 42340K->15706K(119808K), 0.0018771 secs] [Times: user=0.00 sys=0.00, real=0.00 secs] 
2014-07-09T16:19:20.180+0200: 22.784: [GC (Allocation Failure) [PSYoungGen: 22691K->6243K(32256K)] 36668K->20228K(119808K), 0.0052321 secs] [Times: user=0.00 sys=0.00, real=0.00 secs] 
2014-07-09T16:19:20.278+0200: 22.882: [GC (Allocation Failure) [PSYoungGen: 27203K->2625K(24064K)] 41189K->16619K(111616K), 0.0013572 secs] [Times: user=0.00 sys=0.00, real=0.00 secs] 
2014-07-09T16:19:20.340+0200: 22.944: [GC (Allocation Failure) [PSYoungGen: 23588K->6146K(31744K)] 37582K->20148K(119296K), 0.0066455 secs] [Times: user=0.03 sys=0.00, real=0.01 secs] 
2014-07-09T16:19:20.435+0200: 23.039: [GC (Allocation Failure) [PSYoungGen: 27109K->2497K(31744K)] 41110K->16506K(119296K), 0.0042701 secs] [Times: user=0.01 sys=0.00, real=0.00 secs] 
2014-07-09T16:19:20.529+0200: 23.133: [GC (Allocation Failure) [PSYoungGen: 23457K->7043K(31744K)] 37467K->21061K(119296K), 0.0077384 secs] [Times: user=0.02 sys=0.00, real=0.01 secs] 
2014-07-09T16:19:20.628+0200: 23.232: [GC (Allocation Failure) [PSYoungGen: 28020K->1728K(32256K)] 42038K->15754K(119808K), 0.0020575 secs] [Times: user=0.00 sys=0.00, real=0.00 secs] 
2014-07-09T16:19:20.680+0200: 23.284: [GC (Allocation Failure) [PSYoungGen: 22691K->6275K(32256K)] 36716K->20308K(119808K), 0.0083026 secs] [Times: user=0.03 sys=0.00, real=0.01 secs] 
2014-07-09T16:19:20.779+0200: 23.383: [GC (Allocation Failure) [PSYoungGen: 27747K->3137K(32256K)] 41781K->17179K(119808K), 0.0031489 secs] [Times: user=0.01 sys=0.00, real=0.00 secs] 
2014-07-09T16:19:20.840+0200: 23.444: [GC (Allocation Failure) [PSYoungGen: 24621K->6659K(32768K)] 38662K->20708K(120320K), 0.0083275 secs] [Times: user=0.03 sys=0.00, real=0.01 secs] 
2014-07-09T16:19:20.935+0200: 23.540: [GC (Allocation Failure) [PSYoungGen: 28643K->4033K(26112K)] 42693K->18091K(113664K), 0.0053212 secs] [Times: user=0.03 sys=0.00, real=0.01 secs] 
2014-07-09T16:19:21.033+0200: 23.637: [GC (Allocation Failure) [PSYoungGen: 26020K->1408K(32256K)] 40078K->15474K(119808K), 0.0056075 secs] [Times: user=0.00 sys=0.00, real=0.01 secs] 
2014-07-09T16:19:21.129+0200: 23.734: [GC (Allocation Failure) [PSYoungGen: 23404K->5442K(32256K)] 37470K->19516K(119808K), 0.0091227 secs] [Times: user=0.00 sys=0.00, real=0.01 secs] 
2014-07-09T16:19:21.229+0200: 23.833: [GC (Allocation Failure) [PSYoungGen: 27429K->2817K(32256K)] 41503K->16899K(119808K), 0.0027123 secs] [Times: user=0.00 sys=0.00, real=0.00 secs] 
2014-07-09T16:19:21.327+0200: 23.931: [GC (Allocation Failure) [PSYoungGen: 25834K->192K(32768K)] 39915K->14281K(120320K), 0.0013382 secs] [Times: user=0.03 sys=0.00, real=0.00 secs] 
2014-07-09T16:19:21.379+0200: 23.983: [GC (Allocation Failure) [PSYoungGen: 23203K->6787K(32256K)] 37293K->20885K(119808K), 0.0054323 secs] [Times: user=0.00 sys=0.00, real=0.01 secs] 
2014-07-09T16:19:21.478+0200: 24.083: [GC (Allocation Failure) [PSYoungGen: 28772K->4162K(26624K)] 42869K->18267K(114176K), 0.0026236 secs] [Times: user=0.00 sys=0.00, real=0.00 secs] 
2014-07-09T16:19:21.542+0200: 24.147: [GC (Allocation Failure) [PSYoungGen: 26161K->8067K(31232K)] 40267K->22181K(118784K), 0.0098124 secs] [Times: user=0.03 sys=0.00, real=0.01 secs] 
2014-07-09T16:19:21.632+0200: 24.236: [GC (Allocation Failure) [PSYoungGen: 29548K->4418K(32256K)] 43661K->18539K(119808K), 0.0039486 secs] [Times: user=0.00 sys=0.00, real=0.00 secs] 
2014-07-09T16:19:21.730+0200: 24.334: [GC (Allocation Failure) [PSYoungGen: 25890K->1280K(32256K)] 40012K->15410K(119808K), 0.0015208 secs] [Times: user=0.00 sys=0.00, real=0.00 secs] 
2014-07-09T16:19:21.830+0200: 24.435: [GC (Allocation Failure) [PSYoungGen: 23785K->6339K(32768K)] 37914K->20476K(120320K), 0.0085809 secs] [Times: user=0.00 sys=0.00, real=0.01 secs] 
2014-07-09T16:19:21.928+0200: 24.532: [GC (Allocation Failure) [PSYoungGen: 28838K->4226K(32256K)] 42975K->18371K(119808K), 0.0038070 secs] [Times: user=0.00 sys=0.00, real=0.00 secs] 
2014-07-09T16:19:22.029+0200: 24.633: [GC (Allocation Failure) [PSYoungGen: 27237K->2593K(32768K)] 41383K->16747K(120320K), 0.0187558 secs] [Times: user=0.03 sys=0.00, real=0.02 secs] 
2014-07-09T16:19:22.080+0200: 24.684: [GC (Allocation Failure) [PSYoungGen: 25613K->7683K(32768K)] 39767K->21845K(120320K), 0.0060244 secs] [Times: user=0.00 sys=0.00, real=0.01 secs] 
2014-07-09T16:19:22.179+0200: 24.784: [GC (Allocation Failure) [PSYoungGen: 30694K->6082K(33280K)] 44856K->20252K(120832K), 0.0046928 secs] [Times: user=0.00 sys=0.00, real=0.01 secs] 
2014-07-09T16:19:22.279+0200: 24.884: [GC (Allocation Failure) [PSYoungGen: 29096K->4482K(32256K)] 43265K->18659K(119808K), 0.0055932 secs] [Times: user=0.00 sys=0.00, real=0.01 secs] 
2014-07-09T16:19:22.377+0200: 24.982: [GC (Allocation Failure) [PSYoungGen: 27502K->1344K(32768K)] 41680K->15530K(120320K), 0.0010782 secs] [Times: user=0.00 sys=0.00, real=0.00 secs] 
2014-07-09T16:19:22.440+0200: 25.044: [GC (Allocation Failure) [PSYoungGen: 24355K->7939K(32256K)] 38541K->22133K(119808K), 0.0091942 secs] [Times: user=0.00 sys=0.00, real=0.01 secs] 
2014-07-09T16:19:22.539+0200: 25.143: [GC (Allocation Failure) [PSYoungGen: 29926K->5314K(32768K)] 44120K->19516K(120320K), 0.0062374 secs] [Times: user=0.03 sys=0.00, real=0.01 secs] 
2014-07-09T16:19:22.632+0200: 25.237: [GC (Allocation Failure) [PSYoungGen: 27318K->1024K(32256K)] 41520K->15234K(119808K), 0.0024175 secs] [Times: user=0.00 sys=0.00, real=0.00 secs] 
2014-07-09T16:19:22.729+0200: 25.333: [GC (Allocation Failure) [PSYoungGen: 23011K->6595K(32768K)] 37220K->20812K(120320K), 0.0051306 secs] [Times: user=0.03 sys=0.00, real=0.00 secs] 
2014-07-09T16:19:22.828+0200: 25.433: [GC (Allocation Failure) [PSYoungGen: 28585K->2913K(31744K)] 42803K->17139K(119296K), 0.0039005 secs] [Times: user=0.00 sys=0.00, real=0.00 secs] 
2014-07-09T16:19:22.927+0200: 25.531: [GC (Allocation Failure) [PSYoungGen: 24900K->288K(32256K)] 39125K->14521K(119808K), 0.0030030 secs] [Times: user=0.00 sys=0.00, real=0.00 secs] 
2014-07-09T16:19:22.980+0200: 25.584: [GC (Allocation Failure) [PSYoungGen: 22272K->5890K(32768K)] 36506K->20132K(120320K), 0.0082164 secs] [Times: user=0.03 sys=0.00, real=0.01 secs] 
2014-07-09T16:19:23.078+0200: 25.682: [GC (Allocation Failure) [PSYoungGen: 27892K->1216K(32768K)] 42134K->15466K(120320K), 0.0015017 secs] [Times: user=0.00 sys=0.00, real=0.00 secs] 
2014-07-09T16:19:23.138+0200: 25.743: [GC (Allocation Failure) [PSYoungGen: 23203K->6787K(32768K)] 37453K->21045K(120320K), 0.0079759 secs] [Times: user=0.00 sys=0.00, real=0.01 secs] 
2014-07-09T16:19:23.242+0200: 25.846: [GC (Allocation Failure) [PSYoungGen: 28772K->4130K(26624K)] 43029K->18395K(114176K), 0.0071290 secs] [Times: user=0.01 sys=0.00, real=0.01 secs] 
2014-07-09T16:19:23.329+0200: 25.934: [GC (Allocation Failure) [PSYoungGen: 26120K->512K(32256K)] 40385K->14785K(119808K), 0.0009155 secs] [Times: user=0.00 sys=0.00, real=0.00 secs] 
2014-07-09T16:19:23.430+0200: 26.035: [GC (Allocation Failure) [PSYoungGen: 22496K->6082K(32256K)] 36770K->20364K(119808K), 0.0080749 secs] [Times: user=0.03 sys=0.00, real=0.01 secs] 
2014-07-09T16:19:23.529+0200: 26.134: [GC (Allocation Failure) [PSYoungGen: 28069K->3457K(32768K)] 42351K->17747K(120320K), 0.0033686 secs] [Times: user=0.00 sys=0.00, real=0.00 secs] 
2014-07-09T16:19:23.581+0200: 26.185: [GC (Allocation Failure) [PSYoungGen: 25970K->7875K(32768K)] 40260K->22173K(120320K), 0.0101449 secs] [Times: user=0.03 sys=0.00, real=0.01 secs] 
2014-07-09T16:19:23.680+0200: 26.284: [GC (Allocation Failure) [PSYoungGen: 30374K->5762K(32768K)] 44672K->20068K(120320K), 0.0076177 secs] [Times: user=0.03 sys=0.00, real=0.01 secs] 
2014-07-09T16:19:23.780+0200: 26.384: [GC (Allocation Failure) [PSYoungGen: 27749K->3137K(25600K)] 42055K->17451K(113152K), 0.0036028 secs] [Times: user=0.00 sys=0.00, real=0.00 secs] 
2014-07-09T16:19:23.835+0200: 26.439: [GC (Allocation Failure) [PSYoungGen: 25133K->7171K(31744K)] 39447K->21493K(119296K), 0.0081046 secs] [Times: user=0.03 sys=0.00, real=0.01 secs] 
2014-07-09T16:19:23.936+0200: 26.541: [GC (Allocation Failure) [PSYoungGen: 28643K->4033K(32256K)] 42965K->18363K(119808K), 0.0050114 secs] [Times: user=0.00 sys=0.00, real=0.01 secs] 
2014-07-09T16:19:24.030+0200: 26.634: [GC (Allocation Failure) [PSYoungGen: 25508K->896K(32768K)] 39838K->15234K(120320K), 0.0011560 secs] [Times: user=0.00 sys=0.00, real=0.00 secs] 
2014-07-09T16:19:24.130+0200: 26.734: [GC (Allocation Failure) [PSYoungGen: 23404K->5442K(32768K)] 37742K->19788K(120320K), 0.0068698 secs] [Times: user=0.03 sys=0.00, real=0.01 secs] 
2014-07-09T16:19:24.229+0200: 26.833: [GC (Allocation Failure) [PSYoungGen: 27941K->3329K(32256K)] 42287K->17683K(119808K), 0.0032575 secs] [Times: user=0.00 sys=0.00, real=0.00 secs] 
2014-07-09T16:19:24.327+0200: 26.932: [GC (Allocation Failure) [PSYoungGen: 26346K->704K(32768K)] 40700K->15066K(120320K), 0.0012656 secs] [Times: user=0.00 sys=0.00, real=0.00 secs] 
2014-07-09T16:19:24.380+0200: 26.985: [GC (Allocation Failure) [PSYoungGen: 23715K->7267K(31744K)] 38077K->21637K(119296K), 0.0144887 secs] [Times: user=0.02 sys=0.00, real=0.01 secs] 
2014-07-09T16:19:24.478+0200: 27.083: [GC (Allocation Failure) [PSYoungGen: 29254K->4674K(32768K)] 43624K->19052K(120320K), 0.0032938 secs] [Times: user=0.03 sys=0.00, real=0.00 secs] 
2014-07-09T16:19:24.543+0200: 27.148: [GC (Allocation Failure) [PSYoungGen: 26686K->1152K(32256K)] 41064K->15537K(119808K), 0.0011274 secs] [Times: user=0.00 sys=0.00, real=0.00 secs] 
2014-07-09T16:19:24.638+0200: 27.243: [GC (Allocation Failure) [PSYoungGen: 23675K->5986K(32768K)] 38061K->20380K(120320K), 0.0072530 secs] [Times: user=0.00 sys=0.00, real=0.01 secs] 
2014-07-09T16:19:24.735+0200: 27.340: [GC (Allocation Failure) [PSYoungGen: 28485K->3873K(32256K)] 42879K->18275K(119808K), 0.0054972 secs] [Times: user=0.00 sys=0.00, real=0.01 secs] 
2014-07-09T16:19:24.834+0200: 27.438: [GC (Allocation Failure) [PSYoungGen: 26890K->1248K(32768K)] 41292K->15658K(120320K), 0.0013899 secs] [Times: user=0.00 sys=0.00, real=0.00 secs] 
2014-07-09T16:19:24.930+0200: 27.535: [GC (Allocation Failure) [PSYoungGen: 24259K->7843K(31744K)] 38669K->22261K(119296K), 0.0058004 secs] [Times: user=0.01 sys=0.00, real=0.01 secs] 
2014-07-09T16:19:25.028+0200: 27.633: [GC (Allocation Failure) [PSYoungGen: 29830K->5218K(32768K)] 44248K->19644K(120320K), 0.0035717 secs] [Times: user=0.00 sys=0.00, real=0.00 secs] 
2014-07-09T16:19:25.127+0200: 27.731: [GC (Allocation Failure) [PSYoungGen: 27214K->1056K(32256K)] 41640K->15490K(119808K), 0.0006449 secs] [Times: user=0.00 sys=0.00, real=0.00 secs] 
2014-07-09T16:19:25.180+0200: 27.785: [GC (Allocation Failure) [PSYoungGen: 23555K->7139K(32768K)] 37989K->21581K(120320K), 0.0051434 secs] [Times: user=0.03 sys=0.00, real=0.00 secs] 
2014-07-09T16:19:25.278+0200: 27.882: [GC (Allocation Failure) [PSYoungGen: 29638K->5026K(32768K)] 44080K->19476K(120320K), 0.0035207 secs] [Times: user=0.00 sys=0.00, real=0.00 secs] 
2014-07-09T16:19:25.377+0200: 27.981: [GC (Allocation Failure) [PSYoungGen: 27022K->864K(32768K)] 41472K->15322K(120320K), 0.0007556 secs] [Times: user=0.00 sys=0.00, real=0.00 secs] 
2014-07-09T16:19:25.438+0200: 28.042: [GC (Allocation Failure) [PSYoungGen: 22851K->6435K(32768K)] 37308K->20900K(120320K), 0.0080254 secs] [Times: user=0.02 sys=0.00, real=0.01 secs] 
2014-07-09T16:19:25.531+0200: 28.136: [GC (Allocation Failure) [PSYoungGen: 28419K->3809K(26112K)] 42885K->18283K(113664K), 0.0074388 secs] [Times: user=0.02 sys=0.00, real=0.01 secs] 
2014-07-09T16:19:25.631+0200: 28.236: [GC (Allocation Failure) [PSYoungGen: 25810K->7715K(31744K)] 40284K->22197K(119296K), 0.0097178 secs] [Times: user=0.03 sys=0.00, real=0.01 secs] 
2014-07-09T16:19:25.730+0200: 28.334: [GC (Allocation Failure) [PSYoungGen: 29190K->4578K(32256K)] 43671K->19067K(119808K), 0.0054939 secs] [Times: user=0.00 sys=0.00, real=0.00 secs] 
2014-07-09T16:19:25.827+0200: 28.432: [GC (Allocation Failure) [PSYoungGen: 26056K->416K(32256K)] 40545K->14913K(119808K), 0.0012726 secs] [Times: user=0.00 sys=0.00, real=0.00 secs] 
2014-07-09T16:19:25.881+0200: 28.485: [GC (Allocation Failure) [PSYoungGen: 22400K->5986K(32768K)] 36898K->20492K(120320K), 0.0077996 secs] [Times: user=0.03 sys=0.00, real=0.01 secs] 
2014-07-09T16:19:25.978+0200: 28.583: [GC (Allocation Failure) [PSYoungGen: 27973K->3361K(31744K)] 42479K->17875K(119296K), 0.0019559 secs] [Times: user=0.00 sys=0.00, real=0.00 secs] 
2014-07-09T16:19:26.035+0200: 28.639: [GC (Allocation Failure) [PSYoungGen: 25363K->6883K(32256K)] 39877K->21405K(119808K), 0.0057150 secs] [Times: user=0.03 sys=0.00, real=0.01 secs] 
2014-07-09T16:19:26.132+0200: 28.736: [GC (Allocation Failure) [PSYoungGen: 28870K->4258K(32768K)] 43391K->18787K(120320K), 0.0039761 secs] [Times: user=0.00 sys=0.00, real=0.00 secs] 
2014-07-09T16:19:26.231+0200: 28.836: [GC (Allocation Failure) [PSYoungGen: 26757K->2145K(32768K)] 41286K->16682K(120320K), 0.0017121 secs] [Times: user=0.00 sys=0.00, real=0.00 secs] 
2014-07-09T16:19:26.329+0200: 28.934: [GC (Allocation Failure) [PSYoungGen: 24647K->7203K(32256K)] 39185K->21749K(119808K), 0.0064995 secs] [Times: user=0.02 sys=0.00, real=0.01 secs] 
2014-07-09T16:19:26.429+0200: 29.033: [GC (Allocation Failure) [PSYoungGen: 29702K->5090K(32768K)] 44248K->19644K(120320K), 0.0037678 secs] [Times: user=0.00 sys=0.00, real=0.00 secs] 
2014-07-09T16:19:26.528+0200: 29.133: [GC (Allocation Failure) [PSYoungGen: 27589K->2977K(32256K)] 42143K->17539K(119808K), 0.0027306 secs] [Times: user=0.00 sys=0.00, real=0.00 secs] 
2014-07-09T16:19:26.580+0200: 29.185: [GC (Allocation Failure) [PSYoungGen: 26003K->7907K(32768K)] 40565K->22477K(120320K), 0.0061428 secs] [Times: user=0.03 sys=0.00, real=0.01 secs] 
2014-07-09T16:19:26.680+0200: 29.285: [GC (Allocation Failure) [PSYoungGen: 30921K->6307K(32768K)] 45490K->20884K(120320K), 0.0078579 secs] [Times: user=0.00 sys=0.00, real=0.01 secs] 
2014-07-09T16:19:26.779+0200: 29.384: [GC (Allocation Failure) [PSYoungGen: 28291K->3681K(26112K)] 42869K->18267K(113664K), 0.0037315 secs] [Times: user=0.00 sys=0.00, real=0.00 secs] 
2014-07-09T16:19:26.840+0200: 29.445: [GC (Allocation Failure) [PSYoungGen: 25677K->7715K(31744K)] 40263K->22309K(119296K), 0.0089347 secs] [Times: user=0.00 sys=0.00, real=0.01 secs] 
2014-07-09T16:19:26.936+0200: 29.540: [GC (Allocation Failure) [PSYoungGen: 29190K->4578K(32256K)] 43783K->19179K(119808K), 0.0060589 secs] [Times: user=0.00 sys=0.00, real=0.01 secs] 
2014-07-09T16:19:27.032+0200: 29.636: [GC (Allocation Failure) [PSYoungGen: 26056K->896K(32256K)] 40658K->15506K(119808K), 0.0048303 secs] [Times: user=0.02 sys=0.00, real=0.00 secs] 
2014-07-09T16:19:27.128+0200: 29.733: [GC (Allocation Failure) [PSYoungGen: 22886K->5474K(32768K)] 37496K->20092K(120320K), 0.0042261 secs] [Times: user=0.03 sys=0.00, real=0.00 secs] 
2014-07-09T16:19:27.229+0200: 29.834: [GC (Allocation Failure) [PSYoungGen: 27461K->2849K(32768K)] 42079K->17475K(120320K), 0.0027112 secs] [Times: user=0.00 sys=0.00, real=0.00 secs] 
2014-07-09T16:19:27.282+0200: 29.887: [GC (Allocation Failure) [PSYoungGen: 25351K->7907K(32768K)] 39977K->22541K(120320K), 0.0107667 secs] [Times: user=0.01 sys=0.00, real=0.01 secs] 
2014-07-09T16:19:27.378+0200: 29.983: [GC (Allocation Failure) [PSYoungGen: 30406K->5794K(32768K)] 45040K->20436K(120320K), 0.0044967 secs] [Times: user=0.03 sys=0.00, real=0.00 secs] 
2014-07-09T16:19:27.478+0200: 30.082: [GC (Allocation Failure) [PSYoungGen: 27781K->3169K(25600K)] 42423K->17819K(113152K), 0.0017099 secs] [Times: user=0.00 sys=0.00, real=0.00 secs] 
2014-07-09T16:19:27.543+0200: 30.147: [GC (Allocation Failure) [PSYoungGen: 25183K->608K(31744K)] 39833K->15265K(119296K), 0.0012348 secs] [Times: user=0.00 sys=0.00, real=0.00 secs] 
2014-07-09T16:19:27.637+0200: 30.242: [GC (Allocation Failure) [PSYoungGen: 22104K->3457K(32256K)] 36762K->18123K(119808K), 0.0041425 secs] [Times: user=0.00 sys=0.00, real=0.00 secs] 
2014-07-09T16:19:27.733+0200: 30.337: [GC (Allocation Failure) [PSYoungGen: 24932K->320K(32768K)] 39597K->14993K(120320K), 0.0014265 secs] [Times: user=0.00 sys=0.00, real=0.00 secs] 
2014-07-09T16:19:27.831+0200: 30.435: [GC (Allocation Failure) [PSYoungGen: 22822K->5378K(32768K)] 37496K->20060K(120320K), 0.0079602 secs] [Times: user=0.03 sys=0.00, real=0.01 secs] 
2014-07-09T16:19:27.929+0200: 30.533: [GC (Allocation Failure) [PSYoungGen: 27877K->3233K(32256K)] 42559K->17923K(119808K), 0.0059448 secs] [Times: user=0.00 sys=0.00, real=0.01 secs] 
2014-07-09T16:19:28.029+0200: 30.633: [GC (Allocation Failure) [PSYoungGen: 26244K->1664K(32768K)] 40934K->16362K(120320K), 0.0019098 secs] [Times: user=0.00 sys=0.00, real=0.00 secs] 
2014-07-09T16:19:28.079+0200: 30.684: [GC (Allocation Failure) [PSYoungGen: 24687K->6723K(32768K)] 39385K->21429K(120320K), 0.0053678 secs] [Times: user=0.03 sys=0.00, real=0.01 secs] 
2014-07-09T16:19:28.178+0200: 30.783: [GC (Allocation Failure) [PSYoungGen: 29734K->5122K(33280K)] 44440K->19836K(120832K), 0.0041689 secs] [Times: user=0.00 sys=0.00, real=0.01 secs] 
2014-07-09T16:19:28.279+0200: 30.883: [GC (Allocation Failure) [PSYoungGen: 28133K->3521K(33280K)] 42847K->18243K(120832K), 0.0035053 secs] [Times: user=0.00 sys=0.00, real=0.00 secs] 
2014-07-09T16:19:28.378+0200: 30.983: [GC (Allocation Failure) [PSYoungGen: 27056K->896K(33280K)] 41778K->15626K(120832K), 0.0007017 secs] [Times: user=0.01 sys=0.00, real=0.00 secs] 
2014-07-09T16:19:28.433+0200: 31.038: [GC (Allocation Failure) [PSYoungGen: 24419K->8003K(31744K)] 39149K->22741K(119296K), 0.0061872 secs] [Times: user=0.00 sys=0.00, real=0.01 secs] 
2014-07-09T16:19:28.533+0200: 31.137: [GC (Allocation Failure) [PSYoungGen: 29990K->5378K(32768K)] 44728K->20124K(120320K), 0.0044512 secs] [Times: user=0.02 sys=0.00, real=0.00 secs] 
2014-07-09T16:19:28.633+0200: 31.238: [GC (Allocation Failure) [PSYoungGen: 27382K->1088K(32256K)] 42128K->15842K(119808K), 0.0023772 secs] [Times: user=0.00 sys=0.00, real=0.00 secs] 
2014-07-09T16:19:28.736+0200: 31.340: [GC (Allocation Failure) [PSYoungGen: 23587K->7139K(32768K)] 38341K->21901K(120320K), 0.0105706 secs] [Times: user=0.02 sys=0.00, real=0.01 secs] 
2014-07-09T16:19:28.829+0200: 31.434: [GC (Allocation Failure) [PSYoungGen: 29641K->4033K(32768K)] 44403K->18803K(120320K), 0.0044010 secs] [Times: user=0.03 sys=0.00, real=0.01 secs] 
2014-07-09T16:19:28.928+0200: 31.533: [GC (Allocation Failure) [PSYoungGen: 26532K->1920K(32768K)] 41302K->16698K(120320K), 0.0019420 secs] [Times: user=0.00 sys=0.00, real=0.00 secs] 
2014-07-09T16:19:28.983+0200: 31.587: [GC (Allocation Failure) [PSYoungGen: 24419K->8003K(32256K)] 39197K->22789K(119808K), 0.0068933 secs] [Times: user=0.03 sys=0.00, real=0.01 secs] 
2014-07-09T16:19:29.078+0200: 31.683: [GC (Allocation Failure) [PSYoungGen: 30005K->3329K(32768K)] 44791K->18123K(120320K), 0.0032714 secs] [Times: user=0.03 sys=0.00, real=0.00 secs] 
2014-07-09T16:19:29.177+0200: 31.782: [GC (Allocation Failure) [PSYoungGen: 25316K->704K(32768K)] 40110K->15506K(120320K), 0.0017704 secs] [Times: user=0.00 sys=0.00, real=0.00 secs] 
2014-07-09T16:19:29.234+0200: 31.839: [GC (Allocation Failure) [PSYoungGen: 22691K->6275K(32768K)] 37492K->21084K(120320K), 0.0061725 secs] [Times: user=0.02 sys=0.00, real=0.01 secs] 
2014-07-09T16:19:29.330+0200: 31.935: [GC (Allocation Failure) [PSYoungGen: 28265K->2625K(31744K)] 43075K->17443K(119296K), 0.0026859 secs] [Times: user=0.00 sys=0.00, real=0.00 secs] 
2014-07-09T16:19:29.432+0200: 32.037: [GC (Allocation Failure) [PSYoungGen: 24609K->8195K(32256K)] 39427K->23021K(119808K), 0.0099271 secs] [Times: user=0.03 sys=0.00, real=0.01 secs] 
2014-07-09T16:19:29.528+0200: 32.133: [GC (Allocation Failure) [PSYoungGen: 30182K->5538K(32256K)] 45008K->20372K(119808K), 0.0087154 secs] [Times: user=0.02 sys=0.00, real=0.01 secs] 
2014-07-09T16:19:29.627+0200: 32.232: [GC (Allocation Failure) [PSYoungGen: 26515K->256K(32256K)] 41348K->15097K(119808K), 0.0014390 secs] [Times: user=0.00 sys=0.00, real=0.00 secs] 
2014-07-09T16:19:29.679+0200: 32.284: [GC (Allocation Failure) [PSYoungGen: 21216K->4770K(31232K)] 36058K->19620K(118784K), 0.0067848 secs] [Times: user=0.00 sys=0.00, real=0.01 secs] 
2014-07-09T16:19:29.778+0200: 32.383: [GC (Allocation Failure) [PSYoungGen: 25730K->1152K(31744K)] 40580K->16010K(119296K), 0.0018379 secs] [Times: user=0.00 sys=0.00, real=0.00 secs] 
2014-07-09T16:19:29.839+0200: 32.444: [GC (Allocation Failure) [PSYoungGen: 22122K->4162K(31744K)] 36979K->19027K(119296K), 0.0056310 secs] [Times: user=0.01 sys=0.00, real=0.01 secs] 
2014-07-09T16:19:29.934+0200: 32.538: [GC (Allocation Failure) [PSYoungGen: 26146K->1536K(32256K)] 41012K->16410K(119808K), 0.0029682 secs] [Times: user=0.00 sys=0.00, real=0.00 secs] 
2014-07-09T16:19:30.031+0200: 32.636: [GC (Allocation Failure) [PSYoungGen: 23523K->7107K(31744K)] 38397K->21989K(119296K), 0.0093893 secs] [Times: user=0.03 sys=0.00, real=0.01 secs] 
2014-07-09T16:19:30.129+0200: 32.734: [GC (Allocation Failure) [PSYoungGen: 29103K->2945K(32768K)] 43985K->17835K(120320K), 0.0027145 secs] [Times: user=0.00 sys=0.00, real=0.00 secs] 
2014-07-09T16:19:30.227+0200: 32.832: [GC (Allocation Failure) [PSYoungGen: 24932K->320K(32256K)] 39821K->15217K(119808K), 0.0012839 secs] [Times: user=0.00 sys=0.00, real=0.00 secs] 
2014-07-09T16:19:30.281+0200: 32.885: [GC (Allocation Failure) [PSYoungGen: 22819K->6403K(32768K)] 37716K->21308K(120320K), 0.0082923 secs] [Times: user=0.03 sys=0.00, real=0.01 secs] 
2014-07-09T16:19:30.378+0200: 32.983: [GC (Allocation Failure) [PSYoungGen: 28905K->3233K(32768K)] 43811K->18147K(120320K), 0.0149987 secs] [Times: user=0.01 sys=0.00, real=0.01 secs] 
2014-07-09T16:19:30.503+0200: 33.107: [GC (Allocation Failure) [PSYoungGen: 25732K->1120K(32768K)] 40646K->16042K(120320K), 0.0259725 secs] [Times: user=0.00 sys=0.00, real=0.03 secs] 
2014-07-09T16:19:30.542+0200: 33.147: [GC (Allocation Failure) [PSYoungGen: 23619K->7203K(31744K)] 38541K->22133K(119296K), 0.0061883 secs] [Times: user=0.02 sys=0.00, real=0.01 secs] 
2014-07-09T16:19:30.631+0200: 33.236: [GC (Allocation Failure) [PSYoungGen: 29213K->2401K(32768K)] 44142K->17338K(120320K), 0.0024135 secs] [Times: user=0.00 sys=0.00, real=0.00 secs] 
2014-07-09T16:19:30.730+0200: 33.334: [GC (Allocation Failure) [PSYoungGen: 24385K->7971K(31232K)] 39323K->22917K(118784K), 0.0183364 secs] [Times: user=0.02 sys=0.00, real=0.02 secs] 
2014-07-09T16:19:30.828+0200: 33.432: [GC (Allocation Failure) [PSYoungGen: 28937K->3297K(32256K)] 43883K->18251K(119808K), 0.0177714 secs] [Times: user=0.00 sys=0.00, real=0.02 secs] 
2014-07-09T16:19:30.880+0200: 33.485: [GC (Allocation Failure) [PSYoungGen: 24257K->7843K(31744K)] 39211K->22805K(119296K), 0.0069850 secs] [Times: user=0.00 sys=0.00, real=0.01 secs] 
2014-07-09T16:19:30.978+0200: 33.583: [GC (Allocation Failure) [PSYoungGen: 28806K->4194K(32256K)] 43767K->19163K(119808K), 0.0159830 secs] [Times: user=0.02 sys=0.00, real=0.02 secs] 
2014-07-09T16:19:31.036+0200: 33.641: [GC (Allocation Failure) [PSYoungGen: 25181K->736K(32256K)] 40150K->15713K(119808K), 0.0016161 secs] [Times: user=0.00 sys=0.00, real=0.00 secs] 
2014-07-09T16:19:31.132+0200: 33.737: [GC (Allocation Failure) [PSYoungGen: 22222K->4097K(32256K)] 37200K->19083K(119808K), 0.0160919 secs] [Times: user=0.02 sys=0.00, real=0.02 secs] 
2014-07-09T16:19:31.230+0200: 33.835: [GC (Allocation Failure) [PSYoungGen: 25570K->960K(32256K)] 40556K->15954K(119808K), 0.0013712 secs] [Times: user=0.00 sys=0.00, real=0.00 secs] 
2014-07-09T16:19:31.329+0200: 33.934: [GC (Allocation Failure) [PSYoungGen: 22956K->4994K(32256K)] 37950K->19996K(119808K), 0.0288758 secs] [Times: user=0.03 sys=0.00, real=0.03 secs] 
2014-07-09T16:19:31.505+0200: 34.109: [GC (Allocation Failure) [PSYoungGen: 26981K->2369K(32768K)] 41982K->17378K(120320K), 0.0896645 secs] [Times: user=0.00 sys=0.00, real=0.09 secs] 
2014-07-09T16:19:31.606+0200: 34.211: [GC (Allocation Failure) [PSYoungGen: 25380K->768K(32768K)] 40390K->15786K(120320K), 0.0173194 secs] [Times: user=0.01 sys=0.00, real=0.02 secs] 
2014-07-09T16:19:31.635+0200: 34.239: [GC (Allocation Failure) [PSYoungGen: 23796K->5698K(33792K)] 38814K->20724K(121344K), 0.0064915 secs] [Times: user=0.00 sys=0.00, real=0.01 secs] 
2014-07-09T16:19:31.680+0200: 34.284: [GC (Allocation Failure) [PSYoungGen: 29736K->5122K(33792K)] 44762K->20156K(121344K), 0.0182334 secs] [Times: user=0.02 sys=0.00, real=0.02 secs] 
2014-07-09T16:19:31.778+0200: 34.383: [GC (Allocation Failure) [PSYoungGen: 29163K->3521K(32768K)] 44197K->18563K(120320K), 0.0033957 secs] [Times: user=0.02 sys=0.00, real=0.00 secs] 
2014-07-09T16:19:31.877+0200: 34.482: [GC (Allocation Failure) [PSYoungGen: 27559K->2945K(33280K)] 42601K->17995K(120832K), 0.0153605 secs] [Times: user=0.02 sys=0.00, real=0.02 secs] 
2014-07-09T16:19:31.977+0200: 34.582: [GC (Allocation Failure) [PSYoungGen: 26983K->2369K(34304K)] 42032K->17426K(121856K), 0.0017594 secs] [Times: user=0.00 sys=0.00, real=0.00 secs] 
2014-07-09T16:19:32.077+0200: 34.682: [GC (Allocation Failure) [PSYoungGen: 27958K->1280K(34304K)] 43016K->16346K(121856K), 0.0128444 secs] [Times: user=0.00 sys=0.00, real=0.01 secs] 
2014-07-09T16:19:32.178+0200: 34.782: [GC (Allocation Failure) [PSYoungGen: 26857K->2241K(33792K)] 41922K->17314K(121344K), 0.0252363 secs] [Times: user=0.03 sys=0.00, real=0.03 secs] 
2014-07-09T16:19:32.279+0200: 34.884: [GC (Allocation Failure) [PSYoungGen: 28327K->3713K(34304K)] 43401K->18795K(121856K), 0.0032472 secs] [Times: user=0.00 sys=0.00, real=0.00 secs] 
2014-07-09T16:19:32.378+0200: 34.983: [GC (Allocation Failure) [PSYoungGen: 29808K->4162K(35328K)] 44889K->19251K(122880K), 0.0160058 secs] [Times: user=0.02 sys=0.00, real=0.02 secs] 
2014-07-09T16:19:32.480+0200: 35.085: [GC (Allocation Failure) [PSYoungGen: 31787K->7171K(35328K)] 46877K->22269K(122880K), 0.0065017 secs] [Times: user=0.02 sys=0.00, real=0.01 secs] 
2014-07-09T16:19:32.627+0200: 35.232: [GC (Allocation Failure) [PSYoungGen: 34814K->320K(34304K)] 49911K->15425K(121856K), 0.0331477 secs] [Times: user=0.02 sys=0.00, real=0.03 secs] 
2014-07-09T16:19:32.727+0200: 35.332: [GC (Allocation Failure) [PSYoungGen: 26406K->1792K(34816K)] 41512K->16906K(122368K), 0.0017055 secs] [Times: user=0.00 sys=0.00, real=0.00 secs] 
2014-07-09T16:19:32.827+0200: 35.432: [GC (Allocation Failure) [PSYoungGen: 27890K->1728K(33792K)] 43004K->16850K(121344K), 0.0135417 secs] [Times: user=0.02 sys=0.00, real=0.01 secs] 
2014-07-09T16:19:32.928+0200: 35.533: [GC (Allocation Failure) [PSYoungGen: 27817K->3201K(34304K)] 42939K->18331K(121856K), 0.0038613 secs] [Times: user=0.00 sys=0.00, real=0.00 secs] 
2014-07-09T16:19:33.028+0200: 35.633: [GC (Allocation Failure) [PSYoungGen: 29290K->4674K(34816K)] 44420K->19812K(122368K), 0.0234428 secs] [Times: user=0.02 sys=0.00, real=0.02 secs] 
2014-07-09T16:19:33.128+0200: 35.733: [GC (Allocation Failure) [PSYoungGen: 31796K->5666K(33280K)] 46934K->20812K(120832K), 0.0042026 secs] [Times: user=0.00 sys=0.00, real=0.00 secs] 
2014-07-09T16:19:33.232+0200: 35.837: [GC (Allocation Failure) [PSYoungGen: 32779K->8163K(32768K)] 47925K->23317K(120320K), 0.0099040 secs] [Times: user=0.00 sys=0.00, real=0.01 secs] 
2014-07-09T16:19:33.330+0200: 35.935: [GC (Allocation Failure) [PSYoungGen: 32207K->6563K(30720K)] 47360K->21724K(118272K), 0.0084841 secs] [Times: user=0.02 sys=0.00, real=0.01 secs] 
2014-07-09T16:19:33.430+0200: 36.035: [GC (Allocation Failure) [PSYoungGen: 30598K->5986K(33280K)] 45760K->21156K(120832K), 0.0074836 secs] [Times: user=0.03 sys=0.00, real=0.01 secs] 
2014-07-09T16:19:33.536+0200: 36.141: [GC (Allocation Failure) [PSYoungGen: 29000K->4354K(27648K)] 44169K->19531K(115200K), 0.0366739 secs] [Times: user=0.02 sys=0.00, real=0.04 secs] 
2014-07-09T16:19:33.656+0200: 36.261: [GC (Allocation Failure) [PSYoungGen: 27388K->576K(32768K)] 42565K->15762K(120320K), 0.0577391 secs] [Times: user=0.02 sys=0.00, real=0.06 secs] 
2014-07-09T16:19:33.726+0200: 36.331: [GC (Allocation Failure) [PSYoungGen: 23587K->7171K(32768K)] 38773K->22365K(120320K), 0.0064214 secs] [Times: user=0.01 sys=0.00, real=0.01 secs] 
2014-07-09T16:19:33.778+0200: 36.383: [GC (Allocation Failure) [PSYoungGen: 30188K->4546K(33280K)] 45381K->19747K(120832K), 0.0174177 secs] [Times: user=0.02 sys=0.00, real=0.02 secs] 
2014-07-09T16:19:33.878+0200: 36.483: [GC (Allocation Failure) [PSYoungGen: 28069K->3457K(33280K)] 43271K->18667K(120832K), 0.0027948 secs] [Times: user=0.00 sys=0.00, real=0.00 secs] 
2014-07-09T16:19:33.978+0200: 36.583: [GC (Allocation Failure) [PSYoungGen: 26983K->2401K(32768K)] 42192K->17618K(120320K), 0.0381478 secs] [Times: user=0.05 sys=0.00, real=0.04 secs] 
2014-07-09T16:19:34.077+0200: 36.682: [GC (Allocation Failure) [PSYoungGen: 26448K->256K(33280K)] 41665K->15481K(120832K), 0.0142240 secs] [Times: user=0.00 sys=0.00, real=0.01 secs] 
2014-07-09T16:19:34.134+0200: 36.739: [GC (Allocation Failure) [PSYoungGen: 24291K->7875K(31744K)] 39517K->23109K(119296K), 0.0199481 secs] [Times: user=0.03 sys=0.00, real=0.02 secs] 
2014-07-09T16:19:34.247+0200: 36.852: [GC (Allocation Failure) [PSYoungGen: 29862K->5250K(32768K)] 45096K->20492K(120320K), 0.0067136 secs] [Times: user=0.00 sys=0.00, real=0.01 secs] 
2014-07-09T16:19:34.334+0200: 36.939: [GC (Allocation Failure) [PSYoungGen: 27246K->1088K(32256K)] 42488K->16338K(119808K), 0.0251531 secs] [Times: user=0.03 sys=0.00, real=0.02 secs] 
2014-07-09T16:19:34.429+0200: 37.034: [GC (Allocation Failure) [PSYoungGen: 23587K->7171K(32768K)] 38837K->22429K(120320K), 0.0067030 secs] [Times: user=0.02 sys=0.00, real=0.01 secs] 
2014-07-09T16:19:34.534+0200: 37.139: [GC (Allocation Failure) [PSYoungGen: 29670K->5058K(32768K)] 44928K->20324K(120320K), 0.0228650 secs] [Times: user=0.02 sys=0.00, real=0.02 secs] 
2014-07-09T16:19:34.629+0200: 37.234: [GC (Allocation Failure) [PSYoungGen: 27060K->768K(32768K)] 42326K->16042K(120320K), 0.0008916 secs] [Times: user=0.00 sys=0.00, real=0.00 secs] 
2014-07-09T16:19:34.679+0200: 37.284: [GC (Allocation Failure) [PSYoungGen: 22755K->6339K(32768K)] 38028K->21620K(120320K), 0.0275754 secs] [Times: user=0.03 sys=0.00, real=0.03 secs] 
2014-07-09T16:19:34.786+0200: 37.391: [GC (Allocation Failure) [PSYoungGen: 28323K->3713K(26112K)] 43605K->19003K(113664K), 0.0033011 secs] [Times: user=0.00 sys=0.00, real=0.00 secs] 
2014-07-09T16:19:34.897+0200: 37.502: [GC (Allocation Failure) [PSYoungGen: 25706K->64K(32256K)] 40995K->15361K(119808K), 0.0012755 secs] [Times: user=0.00 sys=0.00, real=0.00 secs] 
2014-07-09T16:19:34.934+0200: 37.539: [GC (Allocation Failure) [PSYoungGen: 22048K->5634K(32256K)] 37346K->20940K(119808K), 0.0059606 secs] [Times: user=0.00 sys=0.00, real=0.01 secs] 
2014-07-09T16:19:35.453+0200: 38.059: [GC (Allocation Failure) [PSYoungGen: 27630K->1472K(33280K)] 42936K->16786K(120832K), 0.1185403 secs] [Times: user=0.00 sys=0.00, real=0.12 secs] 
2014-07-09T16:19:35.604+0200: 38.209: [GC (Allocation Failure) [PSYoungGen: 24489K->7587K(30720K)] 39803K->22909K(118272K), 0.0406786 secs] [Times: user=0.00 sys=0.00, real=0.04 secs] 
2014-07-09T16:19:35.659+0200: 38.264: [GC (Allocation Failure) [PSYoungGen: 30598K->5986K(32256K)] 45920K->21316K(119808K), 0.0041297 secs] [Times: user=0.00 sys=0.01, real=0.00 secs] 
2014-07-09T16:19:35.675+0200: 38.280: [GC (Allocation Failure) [PSYoungGen: 26952K->1312K(22528K)] 42282K->16650K(110080K), 0.0011827 secs] [Times: user=0.00 sys=0.00, real=0.00 secs] 
2014-07-09T16:19:35.688+0200: 38.293: [GC (Allocation Failure) [PSYoungGen: 22272K->5858K(31744K)] 37610K->21204K(119296K), 0.0041825 secs] [Times: user=0.00 sys=0.00, real=0.00 secs] 
2014-07-09T16:19:35.701+0200: 38.306: [GC (Allocation Failure) [PSYoungGen: 26821K->2209K(31744K)] 42166K->17562K(119296K), 0.0018837 secs] [Times: user=0.00 sys=0.00, real=0.00 secs] 
2014-07-09T16:19:35.713+0200: 38.318: [GC (Allocation Failure) [PSYoungGen: 23169K->6755K(31744K)] 38523K->22117K(119296K), 0.0051357 secs] [Times: user=0.00 sys=0.00, real=0.00 secs] 
2014-07-09T16:19:35.728+0200: 38.333: [GC (Allocation Failure) [PSYoungGen: 27729K->1440K(32256K)] 43091K->16810K(119808K), 0.0011725 secs] [Times: user=0.00 sys=0.00, real=0.00 secs] 
2014-07-09T16:19:35.739+0200: 38.344: [GC (Allocation Failure) [PSYoungGen: 22400K->5986K(32256K)] 37770K->21364K(119808K), 0.0046374 secs] [Times: user=0.03 sys=0.00, real=0.00 secs] 
2014-07-09T16:19:35.827+0200: 38.433: [GC (Allocation Failure) [PSYoungGen: 27470K->1312K(32256K)] 42848K->16698K(119808K), 0.0016007 secs] [Times: user=0.00 sys=0.00, real=0.00 secs] 
2014-07-09T16:19:35.880+0200: 38.485: [GC (Allocation Failure) [PSYoungGen: 22787K->6371K(31744K)] 38172K->21764K(119296K), 0.0086689 secs] [Times: user=0.03 sys=0.00, real=0.01 secs] 
2014-07-09T16:19:35.978+0200: 38.583: [GC (Allocation Failure) [PSYoungGen: 27331K->2721K(32256K)] 42725K->18123K(119808K), 0.0119850 secs] [Times: user=0.00 sys=0.00, real=0.01 secs] 
2014-07-09T16:19:36.034+0200: 38.639: [GC (Allocation Failure) [PSYoungGen: 23681K->7267K(31744K)] 39083K->22677K(119296K), 0.0059448 secs] [Times: user=0.03 sys=0.00, real=0.01 secs] 
2014-07-09T16:19:36.134+0200: 38.739: [GC (Allocation Failure) [PSYoungGen: 28236K->2080K(32256K)] 43646K->17498K(119808K), 0.0029781 secs] [Times: user=0.00 sys=0.00, real=0.00 secs] 
2014-07-09T16:19:36.229+0200: 38.834: [GC (Allocation Failure) [PSYoungGen: 23041K->6627K(31744K)] 38458K->22052K(119296K), 0.0052585 secs] [Times: user=0.00 sys=0.00, real=0.00 secs] 
2014-07-09T16:19:36.328+0200: 38.933: [GC (Allocation Failure) [PSYoungGen: 27590K->1952K(32256K)] 43016K->17386K(119808K), 0.0013103 secs] [Times: user=0.00 sys=0.00, real=0.00 secs] 
2014-07-09T16:19:36.379+0200: 38.984: [GC (Allocation Failure) [PSYoungGen: 22915K->6499K(31744K)] 38348K->21940K(119296K), 0.0053608 secs] [Times: user=0.03 sys=0.00, real=0.01 secs] 
2014-07-09T16:19:36.480+0200: 39.085: [GC (Allocation Failure) [PSYoungGen: 27459K->2849K(32256K)] 42901K->18299K(119808K), 0.0026456 secs] [Times: user=0.00 sys=0.00, real=0.00 secs] 
2014-07-09T16:19:36.538+0200: 39.144: [GC (Allocation Failure) [PSYoungGen: 23825K->6243K(32256K)] 39275K->21700K(119808K), 0.0050433 secs] [Times: user=0.00 sys=0.00, real=0.01 secs] 
2014-07-09T16:19:36.635+0200: 39.240: [GC (Allocation Failure) [PSYoungGen: 27718K->2080K(32256K)] 43176K->17546K(119808K), 0.0029667 secs] [Times: user=0.00 sys=0.00, real=0.00 secs] 
2014-07-09T16:19:36.729+0200: 39.334: [GC (Allocation Failure) [PSYoungGen: 23553K->7107K(31744K)] 39019K->22581K(119296K), 0.0177689 secs] [Times: user=0.02 sys=0.00, real=0.02 secs] 
2014-07-09T16:19:36.828+0200: 39.434: [GC (Allocation Failure) [PSYoungGen: 28073K->2465K(32256K)] 43546K->17946K(119808K), 0.0025096 secs] [Times: user=0.00 sys=0.00, real=0.00 secs] 
2014-07-09T16:19:36.879+0200: 39.484: [GC (Allocation Failure) [PSYoungGen: 23425K->7011K(31744K)] 38907K->22501K(119296K), 0.0066176 secs] [Times: user=0.02 sys=0.00, real=0.01 secs] 
2014-07-09T16:19:36.978+0200: 39.583: [GC (Allocation Failure) [PSYoungGen: 27971K->3361K(32256K)] 43461K->18859K(119808K), 0.0019911 secs] [Times: user=0.00 sys=0.00, real=0.00 secs] 
2014-07-09T16:19:37.051+0200: 39.656: [GC (Allocation Failure) [PSYoungGen: 24321K->7907K(31744K)] 39819K->23413K(119296K), 0.0062942 secs] [Times: user=0.00 sys=0.00, real=0.01 secs] 
2014-07-09T16:19:37.135+0200: 39.740: [GC (Allocation Failure) [PSYoungGen: 28879K->2721K(32256K)] 44385K->18235K(119808K), 0.0033037 secs] [Times: user=0.00 sys=0.00, real=0.00 secs] 
2014-07-09T16:19:37.231+0200: 39.836: [GC (Allocation Failure) [PSYoungGen: 23681K->7267K(32256K)] 39195K->22789K(119808K), 0.0092694 secs] [Times: user=0.03 sys=0.00, real=0.01 secs] 
2014-07-09T16:19:37.328+0200: 39.933: [GC (Allocation Failure) [PSYoungGen: 28236K->2080K(32256K)] 43758K->17610K(119808K), 0.0012909 secs] [Times: user=0.00 sys=0.00, real=0.00 secs] 
2014-07-09T16:19:37.378+0200: 39.984: [GC (Allocation Failure) [PSYoungGen: 23041K->6627K(32256K)] 38570K->22164K(119808K), 0.0052504 secs] [Times: user=0.01 sys=0.00, real=0.01 secs] 
2014-07-09T16:19:37.478+0200: 40.084: [GC (Allocation Failure) [PSYoungGen: 27587K->2977K(32256K)] 43125K->18523K(119808K), 0.0027446 secs] [Times: user=0.00 sys=0.00, real=0.00 secs] 
2014-07-09T16:19:37.574+0200: 40.179: [GC (Allocation Failure) [PSYoungGen: 23937K->7491K(31232K)] 39483K->23045K(118784K), 0.0326443 secs] [Times: user=0.03 sys=0.00, real=0.03 secs] 
2014-07-09T16:19:37.630+0200: 40.235: [GC (Allocation Failure) [PSYoungGen: 27441K->1184K(31744K)] 42995K->16746K(119296K), 0.0011769 secs] [Times: user=0.00 sys=0.00, real=0.00 secs] 
2014-07-09T16:19:37.729+0200: 40.335: [GC (Allocation Failure) [PSYoungGen: 21152K->4738K(29696K)] 36714K->20308K(117248K), 0.0058807 secs] [Times: user=0.00 sys=0.00, real=0.01 secs] 
2014-07-09T16:19:37.782+0200: 40.387: [GC (Allocation Failure) [PSYoungGen: 24706K->96K(30720K)] 40275K->15673K(118272K), 0.0014599 secs] [Times: user=0.00 sys=0.00, real=0.00 secs] 
2014-07-09T16:19:37.877+0200: 40.482: [GC (Allocation Failure) [PSYoungGen: 20035K->2593K(32256K)] 35612K->18179K(119808K), 0.0016476 secs] [Times: user=0.03 sys=0.00, real=0.00 secs] 
2014-07-09T16:19:37.938+0200: 40.543: [GC (Allocation Failure) [PSYoungGen: 24065K->7651K(32256K)] 39651K->23245K(119808K), 0.0096181 secs] [Times: user=0.03 sys=0.00, real=0.01 secs] 
2014-07-09T16:19:38.032+0200: 40.637: [GC (Allocation Failure) [PSYoungGen: 29141K->2465K(32256K)] 44734K->18066K(119808K), 0.0021539 secs] [Times: user=0.03 sys=0.00, real=0.00 secs] 
2014-07-09T16:19:38.131+0200: 40.736: [GC (Allocation Failure) [PSYoungGen: 23425K->7011K(32256K)] 39027K->22621K(119808K), 0.0086711 secs] [Times: user=0.00 sys=0.00, real=0.01 secs] 
2014-07-09T16:19:38.229+0200: 40.834: [GC (Allocation Failure) [PSYoungGen: 27971K->3361K(31232K)] 43581K->18979K(118784K), 0.0031841 secs] [Times: user=0.00 sys=0.00, real=0.00 secs] 
2014-07-09T16:19:38.283+0200: 40.888: [GC (Allocation Failure) [PSYoungGen: 24321K->7875K(31744K)] 39939K->23501K(119296K), 0.0072449 secs] [Times: user=0.00 sys=0.00, real=0.01 secs] 
2014-07-09T16:19:38.378+0200: 40.983: [GC (Allocation Failure) [PSYoungGen: 28841K->3201K(32256K)] 44467K->18835K(119808K), 0.0197472 secs] [Times: user=0.02 sys=0.00, real=0.02 secs] 
2014-07-09T16:19:38.437+0200: 41.042: [GC (Allocation Failure) [PSYoungGen: 23681K->7299K(31744K)] 39315K->22941K(119296K), 0.0054074 secs] [Times: user=0.03 sys=0.00, real=0.00 secs] 
2014-07-09T16:19:38.531+0200: 41.136: [GC (Allocation Failure) [PSYoungGen: 27779K->3169K(31744K)] 43421K->18819K(119296K), 0.0040006 secs] [Times: user=0.02 sys=0.00, real=0.00 secs] 
2014-07-09T16:19:38.632+0200: 41.237: [GC (Allocation Failure) [PSYoungGen: 23634K->5538K(31744K)] 39284K->21196K(119296K), 0.0072636 secs] [Times: user=0.00 sys=0.00, real=0.01 secs] 
2014-07-09T16:19:38.727+0200: 41.332: [GC (Allocation Failure) [PSYoungGen: 26018K->1408K(31744K)] 41676K->17074K(119296K), 0.0011274 secs] [Times: user=0.00 sys=0.00, real=0.00 secs] 
2014-07-09T16:19:38.780+0200: 41.385: [GC (Allocation Failure) [PSYoungGen: 22368K->5954K(31744K)] 38034K->21628K(119296K), 0.0075686 secs] [Times: user=0.03 sys=0.00, real=0.01 secs] 
2014-07-09T16:19:38.877+0200: 41.483: [GC (Allocation Failure) [PSYoungGen: 26926K->768K(32768K)] 42600K->16450K(120320K), 0.0024095 secs] [Times: user=0.00 sys=0.00, real=0.00 secs] 
2014-07-09T16:19:38.938+0200: 41.544: [GC (Allocation Failure) [PSYoungGen: 22755K->6339K(28672K)] 38436K->22028K(116224K), 0.0400641 secs] [Times: user=0.00 sys=0.00, real=0.04 secs] 
2014-07-09T16:19:39.037+0200: 41.642: [GC (Allocation Failure) [PSYoungGen: 28329K->3169K(32768K)] 44019K->18867K(120320K), 0.0111575 secs] [Times: user=0.02 sys=0.00, real=0.01 secs] 
2014-07-09T16:19:39.131+0200: 41.736: [GC (Allocation Failure) [PSYoungGen: 24647K->7235K(32256K)] 40345K->22941K(119808K), 0.0094021 secs] [Times: user=0.00 sys=0.00, real=0.01 secs] 
2014-07-09T16:19:39.230+0200: 41.835: [GC (Allocation Failure) [PSYoungGen: 28707K->4097K(32256K)] 44413K->19811K(119808K), 0.0132550 secs] [Times: user=0.00 sys=0.00, real=0.01 secs] 
2014-07-09T16:19:39.280+0200: 41.886: [GC (Allocation Failure) [PSYoungGen: 25575K->8131K(32256K)] 41289K->23853K(119808K), 0.0058675 secs] [Times: user=0.03 sys=0.00, real=0.01 secs] 
2014-07-09T16:19:39.378+0200: 41.983: [GC (Allocation Failure) [PSYoungGen: 29606K->4994K(32256K)] 45328K->20724K(119808K), 0.0035295 secs] [Times: user=0.00 sys=0.00, real=0.00 secs] 
2014-07-09T16:19:39.478+0200: 42.083: [GC (Allocation Failure) [PSYoungGen: 26466K->1856K(32256K)] 42196K->17594K(119808K), 0.0021367 secs] [Times: user=0.00 sys=0.00, real=0.00 secs] 
2014-07-09T16:19:39.549+0200: 42.154: [GC (Allocation Failure) [PSYoungGen: 23331K->6915K(32768K)] 39069K->22661K(120320K), 0.0049018 secs] [Times: user=0.00 sys=0.00, real=0.00 secs] 
2014-07-09T16:19:39.631+0200: 42.236: [GC (Allocation Failure) [PSYoungGen: 28919K->2113K(32768K)] 44665K->17866K(120320K), 0.0018243 secs] [Times: user=0.00 sys=0.00, real=0.00 secs] 
2014-07-09T16:19:39.729+0200: 42.335: [GC (Allocation Failure) [PSYoungGen: 24097K->7683K(31744K)] 39851K->23445K(119296K), 0.0063529 secs] [Times: user=0.03 sys=0.00, real=0.01 secs] 
2014-07-09T16:19:39.829+0200: 42.434: [GC (Allocation Failure) [PSYoungGen: 28649K->3009K(32256K)] 44411K->18779K(119808K), 0.0029986 secs] [Times: user=0.00 sys=0.00, real=0.00 secs] 
2014-07-09T16:19:39.879+0200: 42.485: [GC (Allocation Failure) [PSYoungGen: 23969K->7523K(32256K)] 39739K->23301K(119808K), 0.0063379 secs] [Times: user=0.00 sys=0.00, real=0.01 secs] 
2014-07-09T16:19:39.979+0200: 42.584: [GC (Allocation Failure) [PSYoungGen: 28483K->3873K(32256K)] 44261K->19659K(119808K), 0.0069190 secs] [Times: user=0.02 sys=0.00, real=0.01 secs] 
2014-07-09T16:19:40.035+0200: 42.640: [GC (Allocation Failure) [PSYoungGen: 24845K->6915K(32256K)] 40631K->22709K(119808K), 0.0231069 secs] [Times: user=0.02 sys=0.00, real=0.02 secs] 
2014-07-09T16:19:40.131+0200: 42.736: [GC (Allocation Failure) [PSYoungGen: 27875K->3265K(24576K)] 43669K->19067K(112128K), 0.0025935 secs] [Times: user=0.00 sys=0.00, real=0.00 secs] 
2014-07-09T16:19:40.232+0200: 42.837: [GC (Allocation Failure) [PSYoungGen: 24225K->7811K(31232K)] 40027K->23621K(118784K), 0.0097801 secs] [Times: user=0.03 sys=0.00, real=0.01 secs] 
2014-07-09T16:19:40.328+0200: 42.934: [GC (Allocation Failure) [PSYoungGen: 28269K->2081K(31744K)] 44078K->17898K(119296K), 0.0210711 secs] [Times: user=0.02 sys=0.00, real=0.02 secs] 
2014-07-09T16:19:40.379+0200: 42.984: [GC (Allocation Failure) [PSYoungGen: 22558K->6178K(32256K)] 38376K->22004K(119808K), 0.0047603 secs] [Times: user=0.00 sys=0.00, real=0.00 secs] 
2014-07-09T16:19:40.479+0200: 43.084: [GC (Allocation Failure) [PSYoungGen: 27139K->2529K(32256K)] 42964K->18362K(119808K), 0.0024370 secs] [Times: user=0.00 sys=0.00, real=0.00 secs] 
2014-07-09T16:19:40.537+0200: 43.142: [GC (Allocation Failure) [PSYoungGen: 23489K->7075K(32256K)] 39323K->22917K(119808K), 0.0053967 secs] [Times: user=0.00 sys=0.00, real=0.01 secs] 
2014-07-09T16:19:40.635+0200: 43.240: [GC (Allocation Failure) [PSYoungGen: 28052K->1728K(32256K)] 43894K->17578K(119808K), 0.0230208 secs] [Times: user=0.02 sys=0.00, real=0.02 secs] 
2014-07-09T16:19:40.729+0200: 43.334: [GC (Allocation Failure) [PSYoungGen: 22691K->6307K(32256K)] 38540K->22164K(119808K), 0.0046708 secs] [Times: user=0.03 sys=0.00, real=0.00 secs] 
2014-07-09T16:19:40.829+0200: 43.434: [GC (Allocation Failure) [PSYoungGen: 27270K->1632K(32256K)] 43128K->17498K(119808K), 0.0017924 secs] [Times: user=0.00 sys=0.00, real=0.00 secs] 
2014-07-09T16:19:40.880+0200: 43.486: [GC (Allocation Failure) [PSYoungGen: 22592K->6178K(32256K)] 38458K->22052K(119808K), 0.0076434 secs] [Times: user=0.00 sys=0.00, real=0.01 secs] 
2014-07-09T16:19:40.978+0200: 43.584: [GC (Allocation Failure) [PSYoungGen: 27139K->2529K(23552K)] 43012K->18410K(111104K), 0.0024271 secs] [Times: user=0.00 sys=0.00, real=0.00 secs] 
2014-07-09T16:19:41.039+0200: 43.645: [GC (Allocation Failure) [PSYoungGen: 23498K->5538K(31744K)] 39380K->21428K(119296K), 0.0072790 secs] [Times: user=0.03 sys=0.00, real=0.01 secs] 
2014-07-09T16:19:41.133+0200: 43.739: [GC (Allocation Failure) [PSYoungGen: 26504K->1376K(31744K)] 42394K->17274K(119296K), 0.0028996 secs] [Times: user=0.00 sys=0.00, real=0.00 secs] 
2014-07-09T16:19:41.259+0200: 43.865: [GC (Allocation Failure) [PSYoungGen: 22336K->5890K(32768K)] 38234K->21796K(120320K), 0.0042562 secs] [Times: user=0.02 sys=0.00, real=0.00 secs] 
2014-07-09T16:19:41.327+0200: 43.933: [GC (Allocation Failure) [PSYoungGen: 27883K->2273K(24576K)] 43788K->18186K(112128K), 0.0012817 secs] [Times: user=0.00 sys=0.00, real=0.00 secs] 
2014-07-09T16:19:41.379+0200: 43.984: [GC (Allocation Failure) [PSYoungGen: 24257K->7843K(31232K)] 40171K->23765K(118784K), 0.0059602 secs] [Times: user=0.00 sys=0.00, real=0.01 secs] 
2014-07-09T16:19:41.478+0200: 44.083: [GC (Allocation Failure) [PSYoungGen: 28806K->4194K(32256K)] 44727K->20123K(119808K), 0.0028139 secs] [Times: user=0.00 sys=0.00, real=0.00 secs] 
2014-07-09T16:19:41.561+0200: 44.167: [GC (Allocation Failure) [PSYoungGen: 25185K->608K(31744K)] 41115K->16545K(119296K), 0.0041524 secs] [Times: user=0.00 sys=0.00, real=0.00 secs] 
2014-07-09T16:19:41.634+0200: 44.239: [GC (Allocation Failure) [PSYoungGen: 22094K->3969K(32256K)] 38032K->19915K(119808K), 0.0030386 secs] [Times: user=0.00 sys=0.00, real=0.00 secs] 
2014-07-09T16:19:41.733+0200: 44.339: [GC (Allocation Failure) [PSYoungGen: 25444K->832K(32768K)] 41390K->16786K(120320K), 0.0017558 secs] [Times: user=0.00 sys=0.00, real=0.00 secs] 
2014-07-09T16:19:41.828+0200: 44.434: [GC (Allocation Failure) [PSYoungGen: 23340K->5378K(32768K)] 39294K->21340K(120320K), 0.0040937 secs] [Times: user=0.00 sys=0.00, real=0.00 secs] 
2014-07-09T16:19:41.929+0200: 44.534: [GC (Allocation Failure) [PSYoungGen: 27877K->3265K(32256K)] 43839K->19235K(119808K), 0.0031218 secs] [Times: user=0.00 sys=0.00, real=0.00 secs] 
2014-07-09T16:19:42.028+0200: 44.633: [GC (Allocation Failure) [PSYoungGen: 26276K->1664K(32768K)] 42246K->17642K(120320K), 0.0018298 secs] [Times: user=0.00 sys=0.00, real=0.00 secs] 
2014-07-09T16:19:42.083+0200: 44.689: [GC (Allocation Failure) [PSYoungGen: 24687K->6691K(33280K)] 40665K->22677K(120832K), 0.0101295 secs] [Times: user=0.01 sys=0.00, real=0.01 secs] 
2014-07-09T16:19:42.178+0200: 44.784: [GC (Allocation Failure) [PSYoungGen: 30726K->6146K(30720K)] 46712K->22140K(118272K), 0.0049612 secs] [Times: user=0.00 sys=0.00, real=0.01 secs] 
2014-07-09T16:19:42.280+0200: 44.886: [GC (Allocation Failure) [PSYoungGen: 30184K->5570K(33280K)] 46178K->21572K(120832K), 0.0067804 secs] [Times: user=0.00 sys=0.00, real=0.01 secs] 
2014-07-09T16:19:42.378+0200: 44.983: [GC (Allocation Failure) [PSYoungGen: 28587K->2945K(26112K)] 44589K->18955K(113664K), 0.0014368 secs] [Times: user=0.00 sys=0.00, real=0.00 secs] 
2014-07-09T16:19:42.477+0200: 45.083: [GC (Allocation Failure) [PSYoungGen: 25956K->1344K(32768K)] 41966K->17362K(120320K), 0.0010529 secs] [Times: user=0.00 sys=0.00, real=0.00 secs] 
2014-07-09T16:19:42.541+0200: 45.147: [GC (Allocation Failure) [PSYoungGen: 24355K->7939K(32768K)] 40373K->23965K(120320K), 0.0099810 secs] [Times: user=0.02 sys=0.00, real=0.01 secs] 
2014-07-09T16:19:42.631+0200: 45.237: [GC (Allocation Failure) [PSYoungGen: 30973K->4162K(33280K)] 46999K->20195K(120832K), 0.0053238 secs] [Times: user=0.00 sys=0.00, real=0.01 secs] 
2014-07-09T16:19:42.734+0200: 45.339: [GC (Allocation Failure) [PSYoungGen: 26658K->2048K(25088K)] 42692K->18090K(112640K), 0.0029781 secs] [Times: user=0.00 sys=0.00, real=0.00 secs] 
2014-07-09T16:19:42.831+0200: 45.436: [GC (Allocation Failure) [PSYoungGen: 24553K->7107K(31232K)] 40595K->23157K(118784K), 0.0088357 secs] [Times: user=0.03 sys=0.00, real=0.01 secs] 
2014-07-09T16:19:42.928+0200: 45.534: [GC (Allocation Failure) [PSYoungGen: 28579K->3969K(32256K)] 44629K->20027K(119808K), 0.0025392 secs] [Times: user=0.00 sys=0.00, real=0.00 secs] 
2014-07-09T16:19:43.027+0200: 45.633: [GC (Allocation Failure) [PSYoungGen: 25444K->832K(32256K)] 41502K->16898K(119808K), 0.0015820 secs] [Times: user=0.00 sys=0.00, real=0.00 secs] 
2014-07-09T16:19:43.079+0200: 45.684: [GC (Allocation Failure) [PSYoungGen: 23340K->5378K(32768K)] 39406K->21452K(120320K), 0.0040288 secs] [Times: user=0.00 sys=0.00, real=0.00 secs] 
2014-07-09T16:19:43.179+0200: 45.784: [GC (Allocation Failure) [PSYoungGen: 27877K->3265K(33280K)] 43951K->19347K(120832K), 0.0037187 secs] [Times: user=0.02 sys=0.00, real=0.00 secs] 
2014-07-09T16:19:43.279+0200: 45.884: [GC (Allocation Failure) [PSYoungGen: 26791K->2177K(33280K)] 42872K->18266K(120832K), 0.0023222 secs] [Times: user=0.00 sys=0.00, real=0.00 secs] 
2014-07-09T16:19:43.343+0200: 45.948: [GC (Allocation Failure) [PSYoungGen: 25709K->7747K(32256K)] 41799K->23845K(119808K), 0.0093794 secs] [Times: user=0.00 sys=0.00, real=0.01 secs] 
2014-07-09T16:19:43.452+0200: 46.057: [GC (Allocation Failure) [PSYoungGen: 30758K->6114K(33280K)] 46856K->22220K(120832K), 0.0066796 secs] [Times: user=0.00 sys=0.00, real=0.01 secs] 
2014-07-09T16:19:43.532+0200: 46.138: [GC (Allocation Failure) [PSYoungGen: 29137K->3873K(32256K)] 45243K->19987K(119808K), 0.0187346 secs] [Times: user=0.02 sys=0.00, real=0.02 secs] 
2014-07-09T16:19:43.635+0200: 46.241: [GC (Allocation Failure) [PSYoungGen: 26890K->1280K(32768K)] 43004K->17402K(120320K), 0.0021730 secs] [Times: user=0.00 sys=0.00, real=0.00 secs] 
2014-07-09T16:19:43.735+0200: 46.341: [GC (Allocation Failure) [PSYoungGen: 24291K->7875K(31744K)] 40413K->24005K(119296K), 0.0092496 secs] [Times: user=0.02 sys=0.02, real=0.01 secs] 
2014-07-09T16:19:43.829+0200: 46.435: [GC (Allocation Failure) [PSYoungGen: 29868K->4226K(32768K)] 45997K->20363K(120320K), 0.0049223 secs] [Times: user=0.00 sys=0.00, real=0.01 secs] 
2014-07-09T16:19:43.928+0200: 46.534: [GC (Allocation Failure) [PSYoungGen: 26210K->1600K(32256K)] 42348K->17746K(119808K), 0.0019801 secs] [Times: user=0.00 sys=0.00, real=0.00 secs] 
2014-07-09T16:19:43.984+0200: 46.589: [GC (Allocation Failure) [PSYoungGen: 24099K->7651K(32768K)] 40245K->23805K(120320K), 0.0203774 secs] [Times: user=0.00 sys=0.00, real=0.02 secs] 
2014-07-09T16:19:44.078+0200: 46.683: [GC (Allocation Failure) [PSYoungGen: 30165K->3521K(32768K)] 46319K->19683K(120320K), 0.0019138 secs] [Times: user=0.00 sys=0.00, real=0.00 secs] 
2014-07-09T16:19:44.178+0200: 46.784: [GC (Allocation Failure) [PSYoungGen: 26020K->1408K(32768K)] 42182K->17578K(120320K), 0.0018060 secs] [Times: user=0.00 sys=0.00, real=0.00 secs] 
2014-07-09T16:19:44.239+0200: 46.845: [GC (Allocation Failure) [PSYoungGen: 23907K->7491K(32256K)] 40077K->23669K(119808K), 0.0090414 secs] [Times: user=0.03 sys=0.00, real=0.01 secs] 
2014-07-09T16:19:44.340+0200: 46.946: [GC (Allocation Failure) [PSYoungGen: 29481K->3841K(32768K)] 45659K->20027K(120320K), 0.0046089 secs] [Times: user=0.00 sys=0.00, real=0.01 secs] 
2014-07-09T16:19:44.433+0200: 47.039: [GC (Allocation Failure) [PSYoungGen: 25828K->1184K(32768K)] 42014K->17378K(120320K), 0.0048765 secs] [Times: user=0.00 sys=0.00, real=0.00 secs] 
2014-07-09T16:19:44.531+0200: 47.136: [GC (Allocation Failure) [PSYoungGen: 23683K->7299K(30208K)] 39877K->23501K(117760K), 0.0059529 secs] [Times: user=0.00 sys=0.00, real=0.01 secs] 
2014-07-09T16:19:44.628+0200: 47.233: [GC (Allocation Failure) [PSYoungGen: 29815K->3521K(32768K)] 46017K->19731K(120320K), 0.0027974 secs] [Times: user=0.00 sys=0.00, real=0.00 secs] 
2014-07-09T16:19:44.727+0200: 47.333: [GC (Allocation Failure) [PSYoungGen: 24996K->384K(32256K)] 41205K->16601K(119808K), 0.0013298 secs] [Times: user=0.00 sys=0.00, real=0.00 secs] 
2014-07-09T16:19:44.778+0200: 47.384: [GC (Allocation Failure) [PSYoungGen: 21856K->5442K(32256K)] 38074K->21668K(119808K), 0.0043159 secs] [Times: user=0.00 sys=0.00, real=0.00 secs] 
2014-07-09T16:19:44.877+0200: 47.483: [GC (Allocation Failure) [PSYoungGen: 26926K->768K(32256K)] 43152K->17002K(119808K), 0.0010350 secs] [Times: user=0.00 sys=0.00, real=0.00 secs] 
2014-07-09T16:19:44.933+0200: 47.539: [GC (Allocation Failure) [PSYoungGen: 22240K->5826K(31744K)] 38474K->22068K(119296K), 0.0047463 secs] [Times: user=0.00 sys=0.00, real=0.00 secs] 
2014-07-09T16:19:45.037+0200: 47.642: [GC (Allocation Failure) [PSYoungGen: 27301K->2689K(32256K)] 43543K->18939K(119808K), 0.0133532 secs] [Times: user=0.00 sys=0.00, real=0.01 secs] 
2014-07-09T16:19:45.129+0200: 47.734: [GC (Allocation Failure) [PSYoungGen: 24171K->6211K(32768K)] 40420K->22468K(120320K), 0.0047999 secs] [Times: user=0.03 sys=0.00, real=0.01 secs] 
2014-07-09T16:19:45.229+0200: 47.835: [GC (Allocation Failure) [PSYoungGen: 28707K->4097K(32768K)] 44965K->20363K(120320K), 0.0048178 secs] [Times: user=0.00 sys=0.00, real=0.00 secs] 
2014-07-09T16:19:45.328+0200: 47.933: [GC (Allocation Failure) [PSYoungGen: 26602K->960K(32768K)] 42868K->17234K(120320K), 0.0016549 secs] [Times: user=0.00 sys=0.00, real=0.00 secs] 
2014-07-09T16:19:45.379+0200: 47.985: [GC (Allocation Failure) [PSYoungGen: 23971K->7555K(32768K)] 40245K->23837K(120320K), 0.0061978 secs] [Times: user=0.03 sys=0.00, real=0.01 secs] 
2014-07-09T16:19:45.481+0200: 48.086: [GC (Allocation Failure) [PSYoungGen: 30566K->5954K(32768K)] 46848K->22244K(120320K), 0.0466997 secs] [Times: user=0.03 sys=0.00, real=0.05 secs] 
2014-07-09T16:19:45.577+0200: 48.183: [GC (Allocation Failure) [PSYoungGen: 27964K->1152K(32768K)] 44254K->17450K(120320K), 0.0006863 secs] [Times: user=0.00 sys=0.00, real=0.00 secs] 
2014-07-09T16:19:45.633+0200: 48.239: [GC (Allocation Failure) [PSYoungGen: 23139K->6723K(32768K)] 39437K->23029K(120320K), 0.0048321 secs] [Times: user=0.00 sys=0.00, real=0.01 secs] 
2014-07-09T16:19:45.731+0200: 48.337: [GC (Allocation Failure) [PSYoungGen: 28707K->4097K(26624K)] 45013K->20411K(114176K), 0.0037033 secs] [Times: user=0.00 sys=0.00, real=0.00 secs] 
2014-07-09T16:19:45.830+0200: 48.435: [GC (Allocation Failure) [PSYoungGen: 26090K->448K(32256K)] 42403K->16769K(119808K), 0.0008399 secs] [Times: user=0.00 sys=0.00, real=0.00 secs] 
2014-07-09T16:19:45.929+0200: 48.535: [GC (Allocation Failure) [PSYoungGen: 22432K->6018K(32256K)] 38754K->22348K(119808K), 0.0043518 secs] [Times: user=0.00 sys=0.00, real=0.01 secs] 
2014-07-09T16:19:46.029+0200: 48.634: [GC (Allocation Failure) [PSYoungGen: 28005K->3393K(32768K)] 44335K->19731K(120320K), 0.0033257 secs] [Times: user=0.00 sys=0.00, real=0.00 secs] 
2014-07-09T16:19:46.081+0200: 48.687: [GC (Allocation Failure) [PSYoungGen: 25901K->7939K(32768K)] 42239K->24285K(120320K), 0.0101467 secs] [Times: user=0.03 sys=0.00, real=0.01 secs] 
2014-07-09T16:19:46.181+0200: 48.787: [GC (Allocation Failure) [PSYoungGen: 30438K->5826K(32768K)] 46784K->22180K(120320K), 0.0069087 secs] [Times: user=0.00 sys=0.00, real=0.01 secs] 
2014-07-09T16:19:46.278+0200: 48.883: [GC (Allocation Failure) [PSYoungGen: 27813K->3201K(25600K)] 44167K->19563K(113152K), 0.0018746 secs] [Times: user=0.00 sys=0.00, real=0.00 secs] 
2014-07-09T16:19:46.344+0200: 48.949: [GC (Allocation Failure) [PSYoungGen: 25197K->7235K(31744K)] 41559K->23605K(119296K), 0.0086373 secs] [Times: user=0.03 sys=0.00, real=0.01 secs] 
2014-07-09T16:19:46.435+0200: 49.041: [GC (Allocation Failure) [PSYoungGen: 28707K->4097K(32256K)] 45077K->20475K(119808K), 0.0054723 secs] [Times: user=0.00 sys=0.00, real=0.01 secs] 
2014-07-09T16:19:46.537+0200: 49.143: [GC (Allocation Failure) [PSYoungGen: 25572K->960K(32256K)] 41950K->17346K(119808K), 0.0007344 secs] [Times: user=0.00 sys=0.00, real=0.00 secs] 
2014-07-09T16:19:46.630+0200: 49.236: [GC (Allocation Failure) [PSYoungGen: 22962K->4866K(32768K)] 39348K->21260K(120320K), 0.0059463 secs] [Times: user=0.00 sys=0.00, real=0.01 secs] 
2014-07-09T16:19:46.728+0200: 49.334: [GC (Allocation Failure) [PSYoungGen: 26853K->2241K(31744K)] 43246K->18642K(119296K), 0.0029543 secs] [Times: user=0.00 sys=0.00, real=0.00 secs] 
2014-07-09T16:19:46.782+0200: 49.388: [GC (Allocation Failure) [PSYoungGen: 24764K->128K(32256K)] 41165K->16537K(119808K), 0.0237452 secs] [Times: user=0.02 sys=0.00, real=0.02 secs] 
2014-07-09T16:19:46.878+0200: 49.484: [GC (Allocation Failure) [PSYoungGen: 22638K->5218K(33280K)] 39048K->21636K(120832K), 0.0041051 secs] [Times: user=0.02 sys=0.00, real=0.00 secs] 
2014-07-09T16:19:46.979+0200: 49.585: [GC (Allocation Failure) [PSYoungGen: 28229K->3617K(27136K)] 44647K->20043K(114688K), 0.0038697 secs] [Times: user=0.00 sys=0.00, real=0.00 secs] 
2014-07-09T16:19:47.041+0200: 49.647: [GC (Allocation Failure) [PSYoungGen: 26655K->512K(31744K)] 43081K->16945K(119296K), 0.0015897 secs] [Times: user=0.00 sys=0.00, real=0.00 secs] 
2014-07-09T16:19:47.136+0200: 49.742: [GC (Allocation Failure) [PSYoungGen: 23031K->6082K(32256K)] 39465K->22524K(119808K), 0.0048666 secs] [Times: user=0.00 sys=0.00, real=0.01 secs] 
2014-07-09T16:19:47.235+0200: 49.841: [GC (Allocation Failure) [PSYoungGen: 28581K->3969K(32768K)] 45023K->20419K(120320K), 0.0064673 secs] [Times: user=0.03 sys=0.00, real=0.01 secs] 
2014-07-09T16:19:47.336+0200: 49.941: [GC (Allocation Failure) [PSYoungGen: 28013K->2369K(33280K)] 44462K->18826K(120832K), 0.0031068 secs] [Times: user=0.00 sys=0.00, real=0.00 secs] 
2014-07-09T16:19:47.430+0200: 50.036: [GC (Allocation Failure) [PSYoungGen: 26404K->1792K(33280K)] 42862K->18258K(120832K), 0.0016128 secs] [Times: user=0.00 sys=0.00, real=0.00 secs] 
2014-07-09T16:19:47.535+0200: 50.140: [GC (Allocation Failure) [PSYoungGen: 26857K->2209K(33792K)] 43322K->18682K(121344K), 0.0094875 secs] [Times: user=0.00 sys=0.00, real=0.01 secs] 
2014-07-09T16:19:47.634+0200: 50.240: [GC (Allocation Failure) [PSYoungGen: 27285K->1024K(34816K)] 43759K->17506K(122368K), 0.0021829 secs] [Times: user=0.00 sys=0.00, real=0.00 secs] 
2014-07-09T16:19:47.731+0200: 50.336: [GC (Allocation Failure) [PSYoungGen: 27113K->2497K(28672K)] 43594K->18986K(116224K), 0.0018929 secs] [Times: user=0.00 sys=0.00, real=0.00 secs] 
2014-07-09T16:19:47.832+0200: 50.437: [GC (Allocation Failure) [PSYoungGen: 28595K->2433K(34816K)] 45084K->18930K(122368K), 0.0019068 secs] [Times: user=0.00 sys=0.00, real=0.00 secs] 
2014-07-09T16:19:47.932+0200: 50.538: [GC (Allocation Failure) [PSYoungGen: 29034K->4418K(34304K)] 45531K->20923K(121856K), 0.0030239 secs] [Times: user=0.00 sys=0.00, real=0.00 secs] 
2014-07-09T16:19:48.038+0200: 50.644: [GC (Allocation Failure) [PSYoungGen: 31019K->6403K(33792K)] 47524K->22916K(121344K), 0.0077978 secs] [Times: user=0.00 sys=0.00, real=0.01 secs] 
2014-07-09T16:19:48.138+0200: 50.744: [GC (Allocation Failure) [PSYoungGen: 32501K->6339K(32768K)] 49014K->22860K(120320K), 0.0079015 secs] [Times: user=0.03 sys=0.00, real=0.01 secs] 
2014-07-09T16:19:48.239+0200: 50.845: [GC (Allocation Failure) [PSYoungGen: 32425K->7811K(32256K)] 48947K->24341K(119808K), 0.0094718 secs] [Times: user=0.00 sys=0.00, real=0.01 secs] 
2014-07-09T16:19:48.347+0200: 50.951: [GC (Allocation Failure) [PSYoungGen: 30828K->5186K(33280K)] 47358K->21724K(120832K), 0.0063327 secs] [Times: user=0.00 sys=0.00, real=0.01 secs] 
2014-07-09T16:19:48.435+0200: 51.040: [GC (Allocation Failure) [PSYoungGen: 28197K->3585K(32768K)] 44735K->20131K(120320K), 0.0047375 secs] [Times: user=0.00 sys=0.02, real=0.01 secs] 
2014-07-09T16:19:48.531+0200: 51.136: [GC (Allocation Failure) [PSYoungGen: 27125K->1312K(33280K)] 43671K->17866K(120832K), 0.0017433 secs] [Times: user=0.00 sys=0.00, real=0.00 secs] 
2014-07-09T16:19:48.629+0200: 51.234: [GC (Allocation Failure) [PSYoungGen: 24841K->7427K(32768K)] 41395K->23989K(120320K), 0.0064541 secs] [Times: user=0.00 sys=0.00, real=0.01 secs] 
2014-07-09T16:19:48.730+0200: 51.335: [GC (Allocation Failure) [PSYoungGen: 30438K->5826K(33280K)] 47000K->22396K(120832K), 0.0076280 secs] [Times: user=0.03 sys=0.00, real=0.01 secs] 
2014-07-09T16:19:48.828+0200: 51.433: [GC (Allocation Failure) [PSYoungGen: 28843K->3201K(32256K)] 45413K->19779K(119808K), 0.0037649 secs] [Times: user=0.03 sys=0.00, real=0.00 secs] 
2014-07-09T16:19:48.927+0200: 51.532: [GC (Allocation Failure) [PSYoungGen: 26212K->1600K(32768K)] 42790K->18186K(120320K), 0.0012018 secs] [Times: user=0.00 sys=0.00, real=0.00 secs] 
2014-07-09T16:19:48.982+0200: 51.587: [GC (Allocation Failure) [PSYoungGen: 24611K->8195K(31744K)] 41197K->24789K(119296K), 0.0104708 secs] [Times: user=0.03 sys=0.00, real=0.01 secs] 
2014-07-09T16:19:49.078+0200: 51.683: [GC (Allocation Failure) [PSYoungGen: 30191K->4033K(32768K)] 46785K->20635K(120320K), 0.0028780 secs] [Times: user=0.03 sys=0.00, real=0.00 secs] 
2014-07-09T16:19:49.177+0200: 51.782: [GC (Allocation Failure) [PSYoungGen: 26020K->1408K(32256K)] 42622K->18018K(119808K), 0.0016817 secs] [Times: user=0.00 sys=0.00, real=0.00 secs] 
2014-07-09T16:19:49.233+0200: 51.838: [GC (Allocation Failure) [PSYoungGen: 23907K->7491K(32768K)] 40517K->24109K(120320K), 0.0061171 secs] [Times: user=0.03 sys=0.00, real=0.01 secs] 
2014-07-09T16:19:49.332+0200: 51.937: [GC (Allocation Failure) [PSYoungGen: 29999K->3841K(32768K)] 46617K->20467K(120320K), 0.0042664 secs] [Times: user=0.00 sys=0.00, real=0.00 secs] 
2014-07-09T16:19:49.433+0200: 52.038: [GC (Allocation Failure) [PSYoungGen: 26340K->1728K(32768K)] 42966K->18362K(120320K), 0.0024722 secs] [Times: user=0.00 sys=0.00, real=0.00 secs] 
2014-07-09T16:19:49.532+0200: 52.137: [GC (Allocation Failure) [PSYoungGen: 24227K->7779K(31232K)] 40861K->24421K(118784K), 0.0357838 secs] [Times: user=0.00 sys=0.00, real=0.04 secs] 
2014-07-09T16:19:49.627+0200: 52.232: [GC (Allocation Failure) [PSYoungGen: 28756K->2497K(32256K)] 45397K->19146K(119808K), 0.0011864 secs] [Times: user=0.00 sys=0.00, real=0.00 secs] 
2014-07-09T16:19:49.679+0200: 52.284: [GC (Allocation Failure) [PSYoungGen: 23457K->7043K(31744K)] 40107K->23701K(119296K), 0.0053843 secs] [Times: user=0.00 sys=0.00, real=0.01 secs] 
2014-07-09T16:19:49.779+0200: 52.384: [GC (Allocation Failure) [PSYoungGen: 28003K->3393K(32256K)] 44661K->20059K(119808K), 0.0035049 secs] [Times: user=0.03 sys=0.00, real=0.00 secs] 
2014-07-09T16:19:49.834+0200: 52.439: [GC (Allocation Failure) [PSYoungGen: 24359K->6915K(31744K)] 41025K->23589K(119296K), 0.0055075 secs] [Times: user=0.00 sys=0.00, real=0.01 secs] 
2014-07-09T16:19:49.940+0200: 52.545: [GC (Allocation Failure) [PSYoungGen: 27875K->3233K(32256K)] 44549K->19923K(119808K), 0.0254259 secs] [Times: user=0.02 sys=0.00, real=0.03 secs] 
2014-07-09T16:19:50.029+0200: 52.634: [GC (Allocation Failure) [PSYoungGen: 24193K->7811K(31744K)] 40883K->24509K(119296K), 0.0117548 secs] [Times: user=0.03 sys=0.00, real=0.01 secs] 
2014-07-09T16:19:50.128+0200: 52.732: [GC (Allocation Failure) [PSYoungGen: 28787K->2081K(32256K)] 45484K->18786K(119808K), 0.0021418 secs] [Times: user=0.00 sys=0.00, real=0.00 secs] 
2014-07-09T16:19:50.179+0200: 52.784: [GC (Allocation Failure) [PSYoungGen: 23041K->6659K(32256K)] 39746K->23372K(119808K), 0.0048974 secs] [Times: user=0.00 sys=0.00, real=0.01 secs] 
2014-07-09T16:19:50.279+0200: 52.884: [GC (Allocation Failure) [PSYoungGen: 27619K->3009K(24064K)] 44333K->19731K(111616K), 0.0032131 secs] [Times: user=0.03 sys=0.00, real=0.00 secs] 
2014-07-09T16:19:50.340+0200: 52.945: [GC (Allocation Failure) [PSYoungGen: 23975K->6531K(31232K)] 40696K->23260K(118784K), 0.0064024 secs] [Times: user=0.00 sys=0.00, real=0.01 secs] 
2014-07-09T16:19:50.434+0200: 53.039: [GC (Allocation Failure) [PSYoungGen: 27011K->2401K(31744K)] 43740K->19138K(119296K), 0.0031152 secs] [Times: user=0.03 sys=0.00, real=0.00 secs] 
2014-07-09T16:19:50.529+0200: 53.134: [GC (Allocation Failure) [PSYoungGen: 22881K->6467K(32256K)] 39618K->23212K(119808K), 0.0198058 secs] [Times: user=0.03 sys=0.00, real=0.02 secs] 
2014-07-09T16:19:50.627+0200: 53.232: [GC (Allocation Failure) [PSYoungGen: 27956K->1664K(32256K)] 44702K->18418K(119808K), 0.0008429 secs] [Times: user=0.00 sys=0.00, real=0.00 secs] 
2014-07-09T16:19:50.680+0200: 53.285: [GC (Allocation Failure) [PSYoungGen: 23139K->6723K(31744K)] 39893K->23485K(119296K), 0.0087165 secs] [Times: user=0.03 sys=0.00, real=0.01 secs] 
2014-07-09T16:19:50.777+0200: 53.382: [GC (Allocation Failure) [PSYoungGen: 27683K->3073K(32256K)] 44445K->19843K(119808K), 0.0016077 secs] [Times: user=0.00 sys=0.00, real=0.00 secs] 
2014-07-09T16:19:50.841+0200: 53.446: [GC (Allocation Failure) [PSYoungGen: 24042K->6082K(32256K)] 40812K->22860K(119808K), 0.0071151 secs] [Times: user=0.03 sys=0.00, real=0.01 secs] 
2014-07-09T16:19:50.935+0200: 53.540: [GC (Allocation Failure) [PSYoungGen: 27557K->2945K(32256K)] 44335K->19731K(119808K), 0.0040673 secs] [Times: user=0.03 sys=0.00, real=0.00 secs] 
2014-07-09T16:19:51.031+0200: 53.636: [GC (Allocation Failure) [PSYoungGen: 24417K->8003K(31232K)] 41203K->24797K(118784K), 0.0099806 secs] [Times: user=0.00 sys=0.00, real=0.01 secs] 
2014-07-09T16:19:51.129+0200: 53.734: [GC (Allocation Failure) [PSYoungGen: 28975K->2817K(32256K)] 45769K->19619K(119808K), 0.0031709 secs] [Times: user=0.00 sys=0.00, real=0.00 secs] 
2014-07-09T16:19:51.181+0200: 53.786: [GC (Allocation Failure) [PSYoungGen: 23777K->7363K(31744K)] 40579K->24173K(119296K), 0.0092265 secs] [Times: user=0.03 sys=0.00, real=0.01 secs] 
2014-07-09T16:19:51.279+0200: 53.884: [GC (Allocation Failure) [PSYoungGen: 28329K->2689K(32256K)] 45139K->19507K(119808K), 0.0024982 secs] [Times: user=0.00 sys=0.00, real=0.00 secs] 
2014-07-09T16:19:51.334+0200: 53.939: [GC (Allocation Failure) [PSYoungGen: 23649K->7235K(32256K)] 40467K->24061K(119808K), 0.0051361 secs] [Times: user=0.00 sys=0.00, real=0.00 secs] 
2014-07-09T16:19:51.435+0200: 54.040: [GC (Allocation Failure) [PSYoungGen: 28195K->3585K(32256K)] 45021K->20419K(119808K), 0.0048024 secs] [Times: user=0.00 sys=0.00, real=0.01 secs] 
2014-07-09T16:19:51.535+0200: 54.140: [GC (Allocation Failure) [PSYoungGen: 24545K->8099K(31232K)] 41379K->24941K(118784K), 0.0312871 secs] [Times: user=0.00 sys=0.00, real=0.03 secs] 
2014-07-09T16:19:51.627+0200: 54.232: [GC (Allocation Failure) [PSYoungGen: 28055K->1280K(31744K)] 44897K->18130K(119296K), 0.0007468 secs] [Times: user=0.00 sys=0.00, real=0.00 secs] 
2014-07-09T16:19:51.680+0200: 54.285: [GC (Allocation Failure) [PSYoungGen: 21248K->4834K(30720K)] 38098K->21692K(118272K), 0.0061985 secs] [Times: user=0.03 sys=0.00, real=0.01 secs] 
2014-07-09T16:19:51.777+0200: 54.382: [GC (Allocation Failure) [PSYoungGen: 24802K->192K(31232K)] 41659K->17057K(118784K), 0.0007505 secs] [Times: user=0.02 sys=0.00, real=0.00 secs] 
2014-07-09T16:19:51.837+0200: 54.442: [GC (Allocation Failure) [PSYoungGen: 20131K->2657K(31232K)] 36997K->19531K(118784K), 0.0091653 secs] [Times: user=0.02 sys=0.00, real=0.01 secs] 
2014-07-09T16:19:51.929+0200: 54.534: [GC (Allocation Failure) [PSYoungGen: 23617K->7235K(31744K)] 40491K->24117K(119296K), 0.0057828 secs] [Times: user=0.03 sys=0.00, real=0.01 secs] 
2014-07-09T16:19:52.028+0200: 54.633: [GC (Allocation Failure) [PSYoungGen: 28195K->3585K(32256K)] 45077K->20475K(119808K), 0.0022368 secs] [Times: user=0.00 sys=0.00, real=0.00 secs] 
2014-07-09T16:19:52.079+0200: 54.684: [GC (Allocation Failure) [PSYoungGen: 25069K->7107K(32256K)] 41959K->24005K(119808K), 0.0060966 secs] [Times: user=0.00 sys=0.00, real=0.01 secs] 
2014-07-09T16:19:52.178+0200: 54.783: [GC (Allocation Failure) [PSYoungGen: 28579K->3969K(32256K)] 45477K->20875K(119808K), 0.0026071 secs] [Times: user=0.00 sys=0.00, real=0.00 secs] 
2014-07-09T16:19:52.277+0200: 54.882: [GC (Allocation Failure) [PSYoungGen: 25444K->832K(32256K)] 42350K->17746K(119808K), 0.0021767 secs] [Times: user=0.00 sys=0.01, real=0.00 secs] 
2014-07-09T16:19:52.340+0200: 54.945: [GC (Allocation Failure) [PSYoungGen: 22316K->4354K(31744K)] 39229K->21275K(119296K), 0.0095238 secs] [Times: user=0.00 sys=0.00, real=0.01 secs] 
2014-07-09T16:19:52.430+0200: 55.035: [GC (Allocation Failure) [PSYoungGen: 26338K->1728K(32256K)] 43260K->18658K(119808K), 0.0014482 secs] [Times: user=0.00 sys=0.00, real=0.00 secs] 
2014-07-09T16:19:52.540+0200: 55.145: [GC (Allocation Failure) [PSYoungGen: 23715K->7267K(32256K)] 40645K->24205K(119808K), 0.0721805 secs] [Times: user=0.05 sys=0.00, real=0.07 secs] 
2014-07-09T16:19:52.628+0200: 55.233: [GC (Allocation Failure) [PSYoungGen: 29269K->2977K(32768K)] 46207K->19923K(120320K), 0.0024285 secs] [Times: user=0.00 sys=0.00, real=0.00 secs] 
2014-07-09T16:19:52.727+0200: 55.332: [GC (Allocation Failure) [PSYoungGen: 24964K->352K(32768K)] 41909K->17305K(120320K), 0.0060567 secs] [Times: user=0.01 sys=0.00, real=0.01 secs] 
2014-07-09T16:19:52.779+0200: 55.384: [GC (Allocation Failure) [PSYoungGen: 22851K->6435K(32768K)] 39804K->23396K(120320K), 0.0053010 secs] [Times: user=0.00 sys=0.00, real=0.01 secs] 
2014-07-09T16:19:52.878+0200: 55.483: [GC (Allocation Failure) [PSYoungGen: 28937K->3297K(32768K)] 45899K->20267K(120320K), 0.1044337 secs] [Times: user=0.02 sys=0.00, real=0.10 secs] 
2014-07-09T16:19:52.992+0200: 55.597: [GC (Allocation Failure) [PSYoungGen: 25796K->1184K(32768K)] 42766K->18162K(120320K), 0.0017671 secs] [Times: user=0.00 sys=0.00, real=0.00 secs] 
2014-07-09T16:19:53.053+0200: 55.658: [GC (Allocation Failure) [PSYoungGen: 23692K->5730K(33280K)] 40670K->22716K(120832K), 0.0938540 secs] [Times: user=0.03 sys=0.00, real=0.09 secs] 
2014-07-09T16:19:53.186+0200: 55.791: [GC (Allocation Failure) [PSYoungGen: 28747K->3617K(27136K)] 45733K->20611K(114688K), 0.1174540 secs] [Times: user=0.03 sys=0.00, real=0.12 secs] 
2014-07-09T16:19:53.320+0200: 55.925: [GC (Allocation Failure) [PSYoungGen: 26628K->2016K(33280K)] 43622K->19018K(120832K), 0.0063701 secs] [Times: user=0.00 sys=0.00, real=0.01 secs] 
2014-07-09T16:19:53.339+0200: 55.944: [GC (Allocation Failure) [PSYoungGen: 25545K->8099K(32768K)] 42547K->25109K(120320K), 0.0076203 secs] [Times: user=0.00 sys=0.00, real=0.01 secs] 
2014-07-09T16:19:53.508+0200: 56.113: [GC (Allocation Failure) [PSYoungGen: 31625K->7011K(32256K)] 48635K->24029K(119808K), 0.0322994 secs] [Times: user=0.02 sys=0.00, real=0.03 secs] 
2014-07-09T16:19:53.556+0200: 56.161: [GC (Allocation Failure) [PSYoungGen: 28998K->4386K(32768K)] 46015K->21411K(120320K), 0.0596199 secs] [Times: user=0.03 sys=0.00, real=0.06 secs] 
2014-07-09T16:19:53.638+0200: 56.243: [GC (Allocation Failure) [PSYoungGen: 26386K->96K(32768K)] 43412K->17129K(120320K), 0.0013001 secs] [Times: user=0.00 sys=0.00, real=0.00 secs] 
2014-07-09T16:19:53.680+0200: 56.285: [GC (Allocation Failure) [PSYoungGen: 22593K->6179K(32768K)] 39626K->23220K(120320K), 0.0092727 secs] [Times: user=0.00 sys=0.00, real=0.01 secs] 
2014-07-09T16:19:53.778+0200: 56.383: [GC (Allocation Failure) [PSYoungGen: 28675K->4097K(32768K)] 45717K->21147K(120320K), 0.0026514 secs] [Times: user=0.00 sys=0.00, real=0.00 secs] 
2014-07-09T16:19:53.877+0200: 56.482: [GC (Allocation Failure) [PSYoungGen: 26608K->448K(32768K)] 43657K->17505K(120320K), 0.0007974 secs] [Times: user=0.00 sys=0.00, real=0.00 secs] 
2014-07-09T16:19:53.938+0200: 56.544: [GC (Allocation Failure) [PSYoungGen: 22947K->6531K(32256K)] 40004K->23596K(119808K), 0.0079503 secs] [Times: user=0.00 sys=0.00, real=0.01 secs] 
2014-07-09T16:19:54.046+0200: 56.652: [GC (Allocation Failure) [PSYoungGen: 28515K->3905K(26112K)] 45581K->20979K(113664K), 0.0034045 secs] [Times: user=0.00 sys=0.00, real=0.00 secs] 
2014-07-09T16:19:54.132+0200: 56.737: [GC (Allocation Failure) [PSYoungGen: 25901K->7939K(31232K)] 42975K->25021K(118784K), 0.0112844 secs] [Times: user=0.02 sys=0.00, real=0.01 secs] 
2014-07-09T16:19:54.229+0200: 56.834: [GC (Allocation Failure) [PSYoungGen: 29414K->4802K(32256K)] 46496K->21892K(119808K), 0.0034192 secs] [Times: user=0.00 sys=0.00, real=0.00 secs] 
2014-07-09T16:19:54.327+0200: 56.933: [GC (Allocation Failure) [PSYoungGen: 26280K->640K(32256K)] 43370K->17738K(119808K), 0.0015079 secs] [Times: user=0.00 sys=0.00, real=0.00 secs] 
2014-07-09T16:19:54.379+0200: 56.984: [GC (Allocation Failure) [PSYoungGen: 23139K->6723K(32768K)] 40237K->23829K(120320K), 0.0054587 secs] [Times: user=0.03 sys=0.00, real=0.01 secs] 
2014-07-09T16:19:54.478+0200: 57.083: [GC (Allocation Failure) [PSYoungGen: 29222K->4610K(32768K)] 46327K->21723K(120320K), 0.0031889 secs] [Times: user=0.00 sys=0.00, real=0.00 secs] 
2014-07-09T16:19:54.605+0200: 57.210: [GC (Allocation Failure) [PSYoungGen: 27130K->288K(32768K)] 44243K->17409K(120320K), 0.0158166 secs] [Times: user=0.02 sys=0.00, real=0.02 secs] 
2014-07-09T16:19:54.636+0200: 57.241: [GC (Allocation Failure) [PSYoungGen: 22787K->6371K(32256K)] 39908K->23500K(119808K), 0.0084548 secs] [Times: user=0.00 sys=0.00, real=0.01 secs] 
2014-07-09T16:19:54.733+0200: 57.338: [GC (Allocation Failure) [PSYoungGen: 28355K->3745K(32768K)] 45485K->20883K(120320K), 0.0178506 secs] [Times: user=0.01 sys=0.00, real=0.02 secs] 
2014-07-09T16:19:54.830+0200: 57.435: [GC (Allocation Failure) [PSYoungGen: 25738K->96K(32768K)] 42875K->17241K(120320K), 0.0011549 secs] [Times: user=0.00 sys=0.00, real=0.00 secs] 
2014-07-09T16:19:54.929+0200: 57.534: [GC (Allocation Failure) [PSYoungGen: 22593K->6179K(32768K)] 39738K->23332K(120320K), 0.0228463 secs] [Times: user=0.02 sys=0.00, real=0.02 secs] 
2014-07-09T16:19:55.028+0200: 57.633: [GC (Allocation Failure) [PSYoungGen: 28675K->4065K(31744K)] 45829K->21227K(119296K), 0.0036670 secs] [Times: user=0.00 sys=0.00, real=0.00 secs] 
2014-07-09T16:19:55.151+0200: 57.756: [GC (Allocation Failure) [PSYoungGen: 26576K->416K(32256K)] 43737K->17585K(119808K), 0.0136535 secs] [Times: user=0.02 sys=0.00, real=0.01 secs] 
2014-07-09T16:19:55.180+0200: 57.785: [GC (Allocation Failure) [PSYoungGen: 22915K->6499K(32768K)] 40084K->23676K(120320K), 0.0054693 secs] [Times: user=0.00 sys=0.00, real=0.00 secs] 
2014-07-09T16:19:55.278+0200: 57.883: [GC (Allocation Failure) [PSYoungGen: 29510K->4898K(33280K)] 46688K->22084K(120832K), 0.0251179 secs] [Times: user=0.02 sys=0.00, real=0.02 secs] 
2014-07-09T16:19:55.377+0200: 57.982: [GC (Allocation Failure) [PSYoungGen: 27918K->1792K(32256K)] 45104K->18986K(119808K), 0.0008880 secs] [Times: user=0.00 sys=0.00, real=0.00 secs] 
2014-07-09T16:19:55.477+0200: 58.082: [GC (Allocation Failure) [PSYoungGen: 24806K->160K(32768K)] 41999K->17361K(120320K), 0.0130992 secs] [Times: user=0.00 sys=0.00, real=0.01 secs] 
2014-07-09T16:19:55.539+0200: 58.144: [GC (Allocation Failure) [PSYoungGen: 23180K->6114K(32768K)] 40382K->23324K(120320K), 0.0239682 secs] [Times: user=0.02 sys=0.00, real=0.02 secs] 
2014-07-09T16:19:55.637+0200: 58.242: [GC (Allocation Failure) [PSYoungGen: 29131K->3489K(33280K)] 46341K->20707K(120832K), 0.0508928 secs] [Times: user=0.02 sys=0.00, real=0.05 secs] 
2014-07-09T16:19:55.730+0200: 58.336: [GC (Allocation Failure) [PSYoungGen: 26500K->1920K(32256K)] 43718K->19146K(119808K), 0.0016835 secs] [Times: user=0.00 sys=0.00, real=0.00 secs] 
2014-07-09T16:19:55.832+0200: 58.437: [GC (Allocation Failure) [PSYoungGen: 25449K->8003K(32768K)] 42675K->25237K(120320K), 0.0099392 secs] [Times: user=0.02 sys=0.00, real=0.01 secs] 
2014-07-09T16:19:55.932+0200: 58.537: [GC (Allocation Failure) [PSYoungGen: 31529K->6915K(31744K)] 48763K->24157K(119296K), 0.0081002 secs] [Times: user=0.00 sys=0.00, real=0.01 secs] 
2014-07-09T16:19:56.029+0200: 58.634: [GC (Allocation Failure) [PSYoungGen: 27875K->3265K(32256K)] 45117K->20515K(119808K), 0.0033920 secs] [Times: user=0.00 sys=0.00, real=0.00 secs] 
2014-07-09T16:19:56.080+0200: 58.685: [GC (Allocation Failure) [PSYoungGen: 24240K->5762K(32256K)] 41490K->23020K(119808K), 0.0084654 secs] [Times: user=0.02 sys=0.00, real=0.01 secs] 
2014-07-09T16:19:56.179+0200: 58.785: [GC (Allocation Failure) [PSYoungGen: 27237K->2625K(32256K)] 44495K->19891K(119808K), 0.0029213 secs] [Times: user=0.00 sys=0.00, real=0.00 secs] 
2014-07-09T16:19:56.236+0200: 58.842: [GC (Allocation Failure) [PSYoungGen: 24097K->7683K(31744K)] 41363K->24957K(119296K), 0.0056860 secs] [Times: user=0.03 sys=0.00, real=0.01 secs] 
2014-07-09T16:19:56.340+0200: 58.945: [GC (Allocation Failure) [PSYoungGen: 29161K->3489K(32256K)] 46435K->20771K(119808K), 0.0050338 secs] [Times: user=0.00 sys=0.00, real=0.01 secs] 
2014-07-09T16:19:56.432+0200: 59.038: [GC (Allocation Failure) [PSYoungGen: 24964K->384K(32256K)] 42245K->17673K(119808K), 0.0018925 secs] [Times: user=0.00 sys=0.00, real=0.00 secs] 
2014-07-09T16:19:56.544+0200: 59.149: [GC (Allocation Failure) [PSYoungGen: 22368K->5954K(32768K)] 39658K->23252K(120320K), 0.0079576 secs] [Times: user=0.03 sys=0.00, real=0.01 secs] 
2014-07-09T16:19:56.628+0200: 59.233: [GC (Allocation Failure) [PSYoungGen: 27958K->1664K(31744K)] 45256K->18970K(119296K), 0.0028223 secs] [Times: user=0.03 sys=0.00, real=0.00 secs] 
2014-07-09T16:19:56.679+0200: 59.284: [GC (Allocation Failure) [PSYoungGen: 23651K->7235K(32256K)] 40957K->24549K(119808K), 0.0064207 secs] [Times: user=0.00 sys=0.00, real=0.01 secs] 
2014-07-09T16:19:56.780+0200: 59.385: [GC (Allocation Failure) [PSYoungGen: 29222K->4578K(32768K)] 46535K->21899K(120320K), 0.0048725 secs] [Times: user=0.00 sys=0.00, real=0.00 secs] 
2014-07-09T16:19:56.842+0200: 59.447: [GC (Allocation Failure) [PSYoungGen: 26059K->8131K(32256K)] 43381K->25461K(119808K), 0.0106061 secs] [Times: user=0.03 sys=0.00, real=0.01 secs] 
2014-07-09T16:19:56.937+0200: 59.542: [GC (Allocation Failure) [PSYoungGen: 29606K->4994K(32256K)] 46936K->22332K(119808K), 0.0063555 secs] [Times: user=0.03 sys=0.00, real=0.01 secs] 
2014-07-09T16:19:57.033+0200: 59.639: [GC (Allocation Failure) [PSYoungGen: 26466K->1856K(32256K)] 43804K->19202K(119808K), 0.0037660 secs] [Times: user=0.03 sys=0.00, real=0.00 secs] 
2014-07-09T16:19:57.130+0200: 59.735: [GC (Allocation Failure) [PSYoungGen: 23340K->5378K(31744K)] 40686K->22732K(119296K), 0.0067114 secs] [Times: user=0.00 sys=0.00, real=0.01 secs] 
2014-07-09T16:19:57.229+0200: 59.834: [GC (Allocation Failure) [PSYoungGen: 27365K->2753K(32256K)] 44719K->20115K(119808K), 0.0027944 secs] [Times: user=0.00 sys=0.00, real=0.00 secs] 
2014-07-09T16:19:57.282+0200: 59.888: [GC (Allocation Failure) [PSYoungGen: 24764K->128K(33280K)] 42125K->17497K(120832K), 0.0013525 secs] [Times: user=0.00 sys=0.00, real=0.00 secs] 
2014-07-09T16:19:57.378+0200: 59.983: [GC (Allocation Failure) [PSYoungGen: 23150K->5730K(33280K)] 40520K->23108K(120832K), 0.0042749 secs] [Times: user=0.00 sys=0.00, real=0.00 secs] 
2014-07-09T16:19:57.478+0200: 60.084: [GC (Allocation Failure) [PSYoungGen: 28741K->4129K(32256K)] 46119K->21515K(119808K), 0.0026701 secs] [Times: user=0.00 sys=0.00, real=0.00 secs] 
2014-07-09T16:19:57.577+0200: 60.182: [GC (Allocation Failure) [PSYoungGen: 27162K->352K(32768K)] 44547K->17745K(120320K), 0.0004759 secs] [Times: user=0.00 sys=0.00, real=0.00 secs] 
2014-07-09T16:19:57.638+0200: 60.244: [GC (Allocation Failure) [PSYoungGen: 23363K->6947K(31744K)] 40757K->24349K(119296K), 0.0060666 secs] [Times: user=0.03 sys=0.00, real=0.01 secs] 
2014-07-09T16:19:57.736+0200: 60.341: [GC (Allocation Failure) [PSYoungGen: 28934K->4322K(32768K)] 46335K->21731K(120320K), 0.0072049 secs] [Times: user=0.02 sys=0.02, real=0.01 secs] 
2014-07-09T16:19:57.830+0200: 60.435: [GC (Allocation Failure) [PSYoungGen: 26312K->672K(32256K)] 43722K->18090K(119808K), 0.0010705 secs] [Times: user=0.00 sys=0.00, real=0.00 secs] 
2014-07-09T16:19:57.929+0200: 60.534: [GC (Allocation Failure) [PSYoungGen: 23171K->6755K(32768K)] 40589K->24181K(120320K), 0.0055445 secs] [Times: user=0.00 sys=0.00, real=0.01 secs] 
2014-07-09T16:19:58.029+0200: 60.635: [GC (Allocation Failure) [PSYoungGen: 29254K->4642K(32768K)] 46680K->22076K(120320K), 0.0056776 secs] [Times: user=0.03 sys=0.00, real=0.01 secs] 
2014-07-09T16:19:58.127+0200: 60.733: [GC (Allocation Failure) [PSYoungGen: 27150K->992K(32768K)] 44584K->18434K(120320K), 0.0015431 secs] [Times: user=0.00 sys=0.00, real=0.00 secs] 
2014-07-09T16:19:58.180+0200: 60.785: [GC (Allocation Failure) [PSYoungGen: 23491K->7075K(32256K)] 40933K->24525K(119808K), 0.0064082 secs] [Times: user=0.00 sys=0.00, real=0.01 secs] 
2014-07-09T16:19:58.280+0200: 60.885: [GC (Allocation Failure) [PSYoungGen: 29062K->4450K(32768K)] 46511K->21907K(120320K), 0.0054730 secs] [Times: user=0.03 sys=0.00, real=0.01 secs] 
2014-07-09T16:19:58.377+0200: 60.982: [GC (Allocation Failure) [PSYoungGen: 26446K->288K(32768K)] 43903K->17753K(120320K), 0.0005437 secs] [Times: user=0.00 sys=0.00, real=0.00 secs] 
2014-07-09T16:19:58.450+0200: 61.055: [GC (Allocation Failure) [PSYoungGen: 22787K->6339K(32768K)] 40252K->23812K(120320K), 0.0062770 secs] [Times: user=0.02 sys=0.00, real=0.01 secs] 
2014-07-09T16:19:58.535+0200: 61.140: [GC (Allocation Failure) [PSYoungGen: 28838K->4258K(32768K)] 46311K->21739K(120320K), 0.0034283 secs] [Times: user=0.00 sys=0.00, real=0.00 secs] 
2014-07-09T16:19:58.632+0200: 61.238: [GC (Allocation Failure) [PSYoungGen: 26774K->480K(32768K)] 44255K->17969K(120320K), 0.0019138 secs] [Times: user=0.00 sys=0.00, real=0.00 secs] 
2014-07-09T16:19:58.731+0200: 61.336: [GC (Allocation Failure) [PSYoungGen: 22979K->6563K(32256K)] 40468K->24060K(119808K), 0.0089611 secs] [Times: user=0.03 sys=0.00, real=0.01 secs] 
2014-07-09T16:19:58.829+0200: 61.434: [GC (Allocation Failure) [PSYoungGen: 28553K->2913K(32768K)] 46051K->20419K(120320K), 0.0078084 secs] [Times: user=0.00 sys=0.00, real=0.01 secs] 
2014-07-09T16:19:58.927+0200: 61.532: [GC (Allocation Failure) [PSYoungGen: 24900K->256K(32768K)] 42405K->17769K(120320K), 0.0064555 secs] [Times: user=0.00 sys=0.00, real=0.01 secs] 
2014-07-09T16:19:58.979+0200: 61.584: [GC (Allocation Failure) [PSYoungGen: 22755K->6339K(32768K)] 40268K->23860K(120320K), 0.0079752 secs] [Times: user=0.02 sys=0.00, real=0.01 secs] 
2014-07-09T16:19:59.078+0200: 61.684: [GC (Allocation Failure) [PSYoungGen: 28853K->2209K(32768K)] 46374K->19738K(120320K), 0.0028230 secs] [Times: user=0.00 sys=0.01, real=0.00 secs] 
2014-07-09T16:19:59.177+0200: 61.782: [GC (Allocation Failure) [PSYoungGen: 24708K->96K(32768K)] 42237K->17633K(120320K), 0.0007131 secs] [Times: user=0.00 sys=0.00, real=0.00 secs] 
2014-07-09T16:19:59.238+0200: 61.844: [GC (Allocation Failure) [PSYoungGen: 22592K->6178K(32256K)] 40130K->23724K(119808K), 0.0083862 secs] [Times: user=0.00 sys=0.00, real=0.01 secs] 
2014-07-09T16:19:59.339+0200: 61.945: [GC (Allocation Failure) [PSYoungGen: 28169K->2529K(32768K)] 45714K->20082K(120320K), 0.0046536 secs] [Times: user=0.00 sys=0.02, real=0.01 secs] 
2014-07-09T16:19:59.433+0200: 62.038: [GC (Allocation Failure) [PSYoungGen: 24513K->8099K(31232K)] 42067K->25661K(118784K), 0.0068434 secs] [Times: user=0.03 sys=0.00, real=0.01 secs] 
2014-07-09T16:19:59.547+0200: 62.152: [GC (Allocation Failure) [PSYoungGen: 29062K->4450K(32256K)] 46623K->22019K(119808K), 0.0040109 secs] [Times: user=0.00 sys=0.00, real=0.00 secs] 
2014-07-09T16:19:59.579+0200: 62.185: [GC (Allocation Failure) [PSYoungGen: 25424K->7331K(31744K)] 42994K->24909K(119296K), 0.0053373 secs] [Times: user=0.00 sys=0.00, real=0.01 secs] 
2014-07-09T16:19:59.679+0200: 62.285: [GC (Allocation Failure) [PSYoungGen: 28291K->3681K(32256K)] 45869K->21267K(119808K), 0.0036897 secs] [Times: user=0.00 sys=0.00, real=0.00 secs] 
2014-07-09T16:19:59.734+0200: 62.339: [GC (Allocation Failure) [PSYoungGen: 24641K->8227K(31744K)] 42227K->25821K(119296K), 0.0067294 secs] [Times: user=0.00 sys=0.00, real=0.01 secs] 
2014-07-09T16:19:59.831+0200: 62.437: [GC (Allocation Failure) [PSYoungGen: 29199K->3041K(32256K)] 46793K->20643K(119808K), 0.0027339 secs] [Times: user=0.00 sys=0.00, real=0.00 secs] 
2014-07-09T16:19:59.931+0200: 62.537: [GC (Allocation Failure) [PSYoungGen: 24001K->7587K(31232K)] 41603K->25197K(118784K), 0.0094567 secs] [Times: user=0.03 sys=0.00, real=0.01 secs] 
2014-07-09T16:20:00.028+0200: 62.634: [GC (Allocation Failure) [PSYoungGen: 27555K->2945K(31744K)] 45165K->20563K(119296K), 0.0033968 secs] [Times: user=0.02 sys=0.00, real=0.00 secs] 
2014-07-09T16:20:00.079+0200: 62.685: [GC (Allocation Failure) [PSYoungGen: 22890K->4898K(30720K)] 40508K->22524K(118272K), 0.0053058 secs] [Times: user=0.00 sys=0.00, real=0.01 secs] 
2014-07-09T16:20:00.177+0200: 62.782: [GC (Allocation Failure) [PSYoungGen: 25378K->800K(31232K)] 43004K->18434K(118784K), 0.0006533 secs] [Times: user=0.00 sys=0.00, real=0.00 secs] 
2014-07-09T16:20:00.237+0200: 62.843: [GC (Allocation Failure) [PSYoungGen: 21280K->4866K(31744K)] 38914K->22508K(119296K), 0.0056996 secs] [Times: user=0.00 sys=0.00, real=0.01 secs] 
2014-07-09T16:20:00.341+0200: 62.945: [GC (Allocation Failure) [PSYoungGen: 26856K->1216K(32256K)] 44498K->18866K(119808K), 0.0023090 secs] [Times: user=0.03 sys=0.00, real=0.00 secs] 
2014-07-09T16:20:00.431+0200: 63.035: [GC (Allocation Failure) [PSYoungGen: 23203K->6787K(32256K)] 40853K->24445K(119808K), 0.0091990 secs] [Times: user=0.02 sys=0.00, real=0.01 secs] 
2014-07-09T16:20:00.528+0200: 63.133: [GC (Allocation Failure) [PSYoungGen: 28772K->4162K(32768K)] 46429K->21827K(120320K), 0.0035027 secs] [Times: user=0.03 sys=0.00, real=0.00 secs] 
2014-07-09T16:20:00.579+0200: 63.184: [GC (Allocation Failure) [PSYoungGen: 26166K->7555K(32256K)] 43832K->25229K(119808K), 0.0057971 secs] [Times: user=0.00 sys=0.00, real=0.01 secs] 
2014-07-09T16:20:00.679+0200: 63.284: [GC (Allocation Failure) [PSYoungGen: 29542K->4930K(32768K)] 47216K->22612K(120320K), 0.0060860 secs] [Times: user=0.00 sys=0.00, real=0.01 secs] 
2014-07-09T16:20:00.778+0200: 63.383: [GC (Allocation Failure) [PSYoungGen: 26920K->1280K(32768K)] 44602K->18978K(120320K), 0.0055643 secs] [Times: user=0.02 sys=0.00, real=0.01 secs] 
2014-07-09T16:20:00.841+0200: 63.446: [GC (Allocation Failure) [PSYoungGen: 23779K->7363K(32768K)] 41477K->25069K(120320K), 0.0090916 secs] [Times: user=0.00 sys=0.00, real=0.01 secs] 
2014-07-09T16:20:00.936+0200: 63.540: [GC (Allocation Failure) [PSYoungGen: 29862K->5250K(32768K)] 47568K->22964K(120320K), 0.0053953 secs] [Times: user=0.00 sys=0.00, real=0.00 secs] 
2014-07-09T16:20:01.031+0200: 63.636: [GC (Allocation Failure) [PSYoungGen: 27237K->2625K(25088K)] 44951K->20347K(112640K), 0.0021455 secs] [Times: user=0.00 sys=0.00, real=0.00 secs] 
2014-07-09T16:20:01.131+0200: 63.736: [GC (Allocation Failure) [PSYoungGen: 24621K->6627K(31744K)] 42342K->24356K(119296K), 0.0068394 secs] [Times: user=0.00 sys=0.00, real=0.01 secs] 
2014-07-09T16:20:01.229+0200: 63.834: [GC (Allocation Failure) [PSYoungGen: 28099K->3521K(32256K)] 45829K->21259K(119808K), 0.0044508 secs] [Times: user=0.03 sys=0.00, real=0.00 secs] 
2014-07-09T16:20:01.280+0200: 63.885: [GC (Allocation Failure) [PSYoungGen: 25020K->480K(32768K)] 42758K->18225K(120320K), 0.0030760 secs] [Times: user=0.00 sys=0.00, real=0.00 secs] 
2014-07-09T16:20:01.379+0200: 63.983: [GC (Allocation Failure) [PSYoungGen: 22995K->4962K(32768K)] 40741K->22716K(120320K), 0.0037436 secs] [Times: user=0.00 sys=0.00, real=0.00 secs] 
2014-07-09T16:20:01.479+0200: 64.083: [GC (Allocation Failure) [PSYoungGen: 27461K->2849K(32256K)] 45215K->20611K(119808K), 0.0026976 secs] [Times: user=0.00 sys=0.00, real=0.00 secs] 
2014-07-09T16:20:01.538+0200: 64.143: [GC (Allocation Failure) [PSYoungGen: 25887K->64K(32768K)] 43648K->17833K(120320K), 0.0020942 secs] [Times: user=0.00 sys=0.00, real=0.00 secs] 
2014-07-09T16:20:01.640+0200: 64.244: [GC (Allocation Failure) [PSYoungGen: 23094K->6211K(32768K)] 40864K->23988K(120320K), 0.0070088 secs] [Times: user=0.00 sys=0.00, real=0.01 secs] 
2014-07-09T16:20:01.732+0200: 64.337: [GC (Allocation Failure) [PSYoungGen: 29222K->4610K(33280K)] 46999K->22395K(120832K), 0.0039211 secs] [Times: user=0.00 sys=0.00, real=0.00 secs] 
2014-07-09T16:20:01.833+0200: 64.438: [GC (Allocation Failure) [PSYoungGen: 27624K->1984K(33280K)] 45410K->19778K(120832K), 0.0022185 secs] [Times: user=0.00 sys=0.00, real=0.00 secs] 
2014-07-09T16:20:01.934+0200: 64.539: [GC (Allocation Failure) [PSYoungGen: 25510K->896K(33280K)] 43304K->18698K(120832K), 0.0018236 secs] [Times: user=0.00 sys=0.00, real=0.00 secs] 
2014-07-09T16:20:02.029+0200: 64.634: [GC (Allocation Failure) [PSYoungGen: 24419K->8003K(31744K)] 42221K->25813K(119296K), 0.0063199 secs] [Times: user=0.00 sys=0.00, real=0.01 secs] 
2014-07-09T16:20:02.136+0200: 64.740: [GC (Allocation Failure) [PSYoungGen: 30005K->3297K(32768K)] 47815K->21115K(120320K), 0.0050125 secs] [Times: user=0.00 sys=0.00, real=0.01 secs] 
2014-07-09T16:20:02.227+0200: 64.832: [GC (Allocation Failure) [PSYoungGen: 25284K->672K(32256K)] 43102K->18498K(119808K), 0.0099293 secs] [Times: user=0.02 sys=0.00, real=0.01 secs] 
2014-07-09T16:20:02.279+0200: 64.883: [GC (Allocation Failure) [PSYoungGen: 23171K->6787K(32768K)] 40997K->24621K(120320K), 0.0053593 secs] [Times: user=0.00 sys=0.00, real=0.00 secs] 
2014-07-09T16:20:02.379+0200: 64.984: [GC (Allocation Failure) [PSYoungGen: 29289K->3649K(32768K)] 47123K->21491K(120320K), 0.0041209 secs] [Times: user=0.00 sys=0.00, real=0.01 secs] 
2014-07-09T16:20:02.478+0200: 65.082: [GC (Allocation Failure) [PSYoungGen: 26148K->1536K(32768K)] 43990K->19386K(120320K), 0.0017697 secs] [Times: user=0.00 sys=0.00, real=0.00 secs] 
2014-07-09T16:20:02.535+0200: 65.140: [GC (Allocation Failure) [PSYoungGen: 24035K->7587K(31744K)] 41885K->25445K(119296K), 0.0072559 secs] [Times: user=0.02 sys=0.00, real=0.01 secs] 
2014-07-09T16:20:02.635+0200: 65.240: [GC (Allocation Failure) [PSYoungGen: 29591K->3329K(32768K)] 47449K->21195K(120320K), 0.0051515 secs] [Times: user=0.03 sys=0.00, real=0.01 secs] 
2014-07-09T16:20:02.733+0200: 65.337: [GC (Allocation Failure) [PSYoungGen: 25316K->704K(32256K)] 43182K->18578K(119808K), 0.0017569 secs] [Times: user=0.00 sys=0.00, real=0.00 secs] 
2014-07-09T16:20:02.828+0200: 65.433: [GC (Allocation Failure) [PSYoungGen: 23212K->5250K(32768K)] 41086K->23132K(120320K), 0.0037469 secs] [Times: user=0.00 sys=0.00, real=0.00 secs] 
2014-07-09T16:20:02.929+0200: 65.534: [GC (Allocation Failure) [PSYoungGen: 27749K->3137K(32256K)] 45631K->21027K(119808K), 0.0034584 secs] [Times: user=0.00 sys=0.00, real=0.00 secs] 
2014-07-09T16:20:03.028+0200: 65.633: [GC (Allocation Failure) [PSYoungGen: 26148K->1536K(32768K)] 44038K->19434K(120320K), 0.0019713 secs] [Times: user=0.00 sys=0.00, real=0.00 secs] 
2014-07-09T16:20:03.081+0200: 65.686: [GC (Allocation Failure) [PSYoungGen: 24559K->6563K(32256K)] 42456K->24468K(119808K), 0.0124194 secs] [Times: user=0.01 sys=0.00, real=0.01 secs] 
2014-07-09T16:20:03.178+0200: 65.783: [GC (Allocation Failure) [PSYoungGen: 29574K->4994K(33280K)] 47480K->22908K(120832K), 0.0044296 secs] [Times: user=0.03 sys=0.00, real=0.01 secs] 
2014-07-09T16:20:03.278+0200: 65.882: [GC (Allocation Failure) [PSYoungGen: 28011K->2369K(32768K)] 45924K->20290K(120320K), 0.0016993 secs] [Times: user=0.00 sys=0.00, real=0.00 secs] 
2014-07-09T16:20:03.377+0200: 65.982: [GC (Allocation Failure) [PSYoungGen: 25892K->1280K(33280K)] 43814K->19210K(120832K), 0.0007036 secs] [Times: user=0.00 sys=0.00, real=0.00 secs] 
2014-07-09T16:20:03.477+0200: 66.081: [GC (Allocation Failure) [PSYoungGen: 24806K->192K(33792K)] 42735K->18129K(121344K), 0.0006434 secs] [Times: user=0.00 sys=0.00, real=0.00 secs] 
2014-07-09T16:20:03.537+0200: 66.141: [GC (Allocation Failure) [PSYoungGen: 24766K->128K(33792K)] 42704K->18073K(121344K), 0.0006068 secs] [Times: user=0.00 sys=0.00, real=0.00 secs] 
2014-07-09T16:20:03.640+0200: 66.245: [GC (Allocation Failure) [PSYoungGen: 24703K->6114K(33280K)] 42649K->24068K(120832K), 0.0107825 secs] [Times: user=0.03 sys=0.00, real=0.01 secs] 
2014-07-09T16:20:03.733+0200: 66.338: [GC (Allocation Failure) [PSYoungGen: 30152K->5538K(29696K)] 48106K->23500K(117248K), 0.0050855 secs] [Times: user=0.00 sys=0.00, real=0.00 secs] 
2014-07-09T16:20:03.831+0200: 66.436: [GC (Allocation Failure) [PSYoungGen: 29579K->3937K(33792K)] 47541K->21907K(121344K), 0.0035783 secs] [Times: user=0.00 sys=0.00, real=0.00 secs] 
2014-07-09T16:20:03.931+0200: 66.536: [GC (Allocation Failure) [PSYoungGen: 27463K->2849K(26624K)] 45433K->20827K(114176K), 0.0023944 secs] [Times: user=0.00 sys=0.00, real=0.00 secs] 
2014-07-09T16:20:04.031+0200: 66.636: [GC (Allocation Failure) [PSYoungGen: 26384K->224K(32768K)] 44361K->18209K(120320K), 0.0008630 secs] [Times: user=0.00 sys=0.00, real=0.00 secs] 
2014-07-09T16:20:04.129+0200: 66.734: [GC (Allocation Failure) [PSYoungGen: 23747K->7331K(32768K)] 41733K->25325K(120320K), 0.0061347 secs] [Times: user=0.03 sys=0.00, real=0.01 secs] 
2014-07-09T16:20:04.229+0200: 66.834: [GC (Allocation Failure) [PSYoungGen: 30857K->6243K(32256K)] 48850K->24244K(119808K), 0.0058187 secs] [Times: user=0.00 sys=0.00, real=0.01 secs] 
2014-07-09T16:20:04.328+0200: 66.933: [GC (Allocation Failure) [PSYoungGen: 28236K->2080K(32768K)] 46238K->20090K(120320K), 0.0023204 secs] [Times: user=0.00 sys=0.00, real=0.00 secs] 
2014-07-09T16:20:04.380+0200: 66.985: [GC (Allocation Failure) [PSYoungGen: 24065K->7619K(31232K)] 42075K->25637K(118784K), 0.0109045 secs] [Times: user=0.02 sys=0.00, real=0.01 secs] 
2014-07-09T16:20:04.479+0200: 67.084: [GC (Allocation Failure) [PSYoungGen: 28579K->4001K(32256K)] 46597K->22027K(119808K), 0.0049993 secs] [Times: user=0.00 sys=0.00, real=0.00 secs] 
2014-07-09T16:20:04.546+0200: 67.150: [GC (Allocation Failure) [PSYoungGen: 24988K->416K(32256K)] 43014K->18449K(119808K), 0.0014720 secs] [Times: user=0.00 sys=0.00, real=0.00 secs] 
2014-07-09T16:20:04.637+0200: 67.242: [GC (Allocation Failure) [PSYoungGen: 22427K->4290K(32256K)] 40461K->22331K(119808K), 0.0063280 secs] [Times: user=0.00 sys=0.00, real=0.01 secs] 
2014-07-09T16:20:04.733+0200: 67.338: [GC (Allocation Failure) [PSYoungGen: 26274K->1664K(32768K)] 44316K->19714K(120320K), 0.0026045 secs] [Times: user=0.00 sys=0.00, real=0.00 secs] 
2014-07-09T16:20:04.831+0200: 67.436: [GC (Allocation Failure) [PSYoungGen: 24681K->7235K(32768K)] 42731K->25293K(120320K), 0.0109067 secs] [Times: user=0.03 sys=0.00, real=0.01 secs] 
2014-07-09T16:20:04.931+0200: 67.536: [GC (Allocation Failure) [PSYoungGen: 30246K->5602K(33280K)] 48304K->23668K(120832K), 0.0329244 secs] [Times: user=0.03 sys=0.00, real=0.03 secs] 
2014-07-09T16:20:05.028+0200: 67.632: [GC (Allocation Failure) [PSYoungGen: 28613K->4033K(27136K)] 46679K->22107K(114688K), 0.0025451 secs] [Times: user=0.00 sys=0.00, real=0.00 secs] 
2014-07-09T16:20:05.127+0200: 67.732: [GC (Allocation Failure) [PSYoungGen: 27062K->384K(32768K)] 45135K->18465K(120320K), 0.0008597 secs] [Times: user=0.00 sys=0.00, real=0.00 secs] 
2014-07-09T16:20:05.181+0200: 67.786: [GC (Allocation Failure) [PSYoungGen: 23395K->6979K(32768K)] 41477K->25069K(120320K), 0.0088500 secs] [Times: user=0.00 sys=0.00, real=0.01 secs] 
2014-07-09T16:20:05.278+0200: 67.883: [GC (Allocation Failure) [PSYoungGen: 29996K->4354K(33280K)] 48085K->22451K(120832K), 0.0043661 secs] [Times: user=0.00 sys=0.00, real=0.00 secs] 
2014-07-09T16:20:05.378+0200: 67.983: [GC (Allocation Failure) [PSYoungGen: 26853K->2241K(25088K)] 44950K->20346K(112640K), 0.0029689 secs] [Times: user=0.00 sys=0.00, real=0.00 secs] 
2014-07-09T16:20:05.477+0200: 68.082: [GC (Allocation Failure) [PSYoungGen: 24740K->96K(32256K)] 42845K->18209K(119808K), 0.0032674 secs] [Times: user=0.00 sys=0.00, real=0.00 secs] 
2014-07-09T16:20:05.541+0200: 68.146: [GC (Allocation Failure) [PSYoungGen: 22593K->6179K(32256K)] 40706K->24300K(119808K), 0.0210883 secs] [Times: user=0.00 sys=0.00, real=0.02 secs] 
2014-07-09T16:20:05.633+0200: 68.238: [GC (Allocation Failure) [PSYoungGen: 28692K->2401K(33280K)] 46813K->20530K(120832K), 0.0235986 secs] [Times: user=0.02 sys=0.00, real=0.02 secs] 
2014-07-09T16:20:05.730+0200: 68.335: [GC (Allocation Failure) [PSYoungGen: 25924K->1344K(33280K)] 44054K->19482K(120832K), 0.0017591 secs] [Times: user=0.00 sys=0.00, real=0.00 secs] 
2014-07-09T16:20:05.829+0200: 68.433: [GC (Allocation Failure) [PSYoungGen: 24879K->6915K(32768K)] 43017K->25061K(120320K), 0.0051944 secs] [Times: user=0.01 sys=0.00, real=0.01 secs] 
2014-07-09T16:20:05.931+0200: 68.536: [GC (Allocation Failure) [PSYoungGen: 29926K->5282K(33280K)] 48072K->23436K(120832K), 0.0110281 secs] [Times: user=0.00 sys=0.00, real=0.01 secs] 
2014-07-09T16:20:06.028+0200: 68.633: [GC (Allocation Failure) [PSYoungGen: 28293K->3713K(32256K)] 46447K->21875K(119808K), 0.0022969 secs] [Times: user=0.00 sys=0.00, real=0.00 secs] 
2014-07-09T16:20:06.127+0200: 68.732: [GC (Allocation Failure) [PSYoungGen: 26736K->576K(32768K)] 44898K->18746K(120320K), 0.0014170 secs] [Times: user=0.00 sys=0.00, real=0.00 secs] 
2014-07-09T16:20:06.181+0200: 68.786: [GC (Allocation Failure) [PSYoungGen: 23587K->7171K(32768K)] 41757K->25349K(120320K), 0.0091249 secs] [Times: user=0.00 sys=0.00, real=0.01 secs] 
2014-07-09T16:20:06.278+0200: 68.883: [GC (Allocation Failure) [PSYoungGen: 30182K->5570K(33280K)] 48360K->23756K(120832K), 0.0045935 secs] [Times: user=0.00 sys=0.00, real=0.00 secs] 
2014-07-09T16:20:06.378+0200: 68.983: [GC (Allocation Failure) [PSYoungGen: 28587K->2945K(33280K)] 46773K->21139K(120832K), 0.0018856 secs] [Times: user=0.01 sys=0.00, real=0.00 secs] 
2014-07-09T16:20:06.478+0200: 69.083: [GC (Allocation Failure) [PSYoungGen: 25956K->1344K(24576K)] 44150K->19546K(112128K), 0.0019409 secs] [Times: user=0.00 sys=0.00, real=0.00 secs] 
2014-07-09T16:20:06.535+0200: 69.140: [GC (Allocation Failure) [PSYoungGen: 24355K->7939K(31744K)] 42557K->26149K(119296K), 0.0058634 secs] [Times: user=0.02 sys=0.00, real=0.01 secs] 
2014-07-09T16:20:06.632+0200: 69.237: [GC (Allocation Failure) [PSYoungGen: 29949K->3137K(32768K)] 48159K->21355K(120320K), 0.0026082 secs] [Times: user=0.00 sys=0.00, real=0.00 secs] 
2014-07-09T16:20:06.733+0200: 69.338: [GC (Allocation Failure) [PSYoungGen: 25124K->480K(32256K)] 43341K->18705K(119808K), 0.0085728 secs] [Times: user=0.02 sys=0.00, real=0.01 secs] 
2014-07-09T16:20:06.830+0200: 69.435: [GC (Allocation Failure) [PSYoungGen: 22982K->5570K(32768K)] 41208K->23804K(120320K), 0.0080724 secs] [Times: user=0.03 sys=0.00, real=0.01 secs] 
2014-07-09T16:20:06.929+0200: 69.534: [GC (Allocation Failure) [PSYoungGen: 28069K->3457K(32256K)] 46303K->21699K(119808K), 0.0034631 secs] [Times: user=0.00 sys=0.00, real=0.00 secs] 
2014-07-09T16:20:07.028+0200: 69.633: [GC (Allocation Failure) [PSYoungGen: 26468K->1856K(32768K)] 44710K->20106K(120320K), 0.0019153 secs] [Times: user=0.00 sys=0.00, real=0.00 secs] 
2014-07-09T16:20:07.081+0200: 69.686: [GC (Allocation Failure) [PSYoungGen: 24879K->6915K(32768K)] 43129K->25173K(120320K), 0.0091422 secs] [Times: user=0.03 sys=0.00, real=0.01 secs] 
2014-07-09T16:20:07.179+0200: 69.784: [GC (Allocation Failure) [PSYoungGen: 29926K->5314K(33280K)] 48184K->23580K(120832K), 0.0040413 secs] [Times: user=0.00 sys=0.00, real=0.00 secs] 
2014-07-09T16:20:07.279+0200: 69.884: [GC (Allocation Failure) [PSYoungGen: 28325K->3713K(32256K)] 46591K->21987K(119808K), 0.0041139 secs] [Times: user=0.00 sys=0.00, real=0.00 secs] 
2014-07-09T16:20:07.377+0200: 69.982: [GC (Allocation Failure) [PSYoungGen: 26736K->576K(32768K)] 45010K->18858K(120320K), 0.0008597 secs] [Times: user=0.00 sys=0.00, real=0.00 secs] 
2014-07-09T16:20:07.438+0200: 70.043: [GC (Allocation Failure) [PSYoungGen: 23587K->7171K(32768K)] 41869K->25461K(120320K), 0.0099220 secs] [Times: user=0.03 sys=0.00, real=0.01 secs] 
2014-07-09T16:20:07.537+0200: 70.142: [GC (Allocation Failure) [PSYoungGen: 30194K->4898K(33280K)] 48484K->23196K(120832K), 0.0056809 secs] [Times: user=0.00 sys=0.00, real=0.01 secs] 
2014-07-09T16:20:07.636+0200: 70.241: [GC (Allocation Failure) [PSYoungGen: 27915K->2305K(32256K)] 46212K->20610K(119808K), 0.0027116 secs] [Times: user=0.00 sys=0.00, real=0.00 secs] 
2014-07-09T16:20:07.731+0200: 70.336: [GC (Allocation Failure) [PSYoungGen: 25317K->672K(32768K)] 43623K->18986K(120320K), 0.0034041 secs] [Times: user=0.00 sys=0.00, real=0.00 secs] 
2014-07-09T16:20:07.830+0200: 70.435: [GC (Allocation Failure) [PSYoungGen: 23689K->6275K(32768K)] 42002K->24596K(120320K), 0.0079044 secs] [Times: user=0.03 sys=0.00, real=0.01 secs] 
2014-07-09T16:20:07.928+0200: 70.533: [GC (Allocation Failure) [PSYoungGen: 29286K->4674K(33280K)] 47608K->23004K(120832K), 0.0032120 secs] [Times: user=0.00 sys=0.00, real=0.00 secs] 
2014-07-09T16:20:08.029+0200: 70.634: [GC (Allocation Failure) [PSYoungGen: 27685K->3073K(33280K)] 46015K->21411K(120832K), 0.0028934 secs] [Times: user=0.00 sys=0.00, real=0.00 secs] 
2014-07-09T16:20:08.083+0200: 70.688: [GC (Allocation Failure) [PSYoungGen: 26611K->8131K(31744K)] 44949K->26477K(119296K), 0.0121309 secs] [Times: user=0.00 sys=0.00, real=0.01 secs] 
2014-07-09T16:20:08.181+0200: 70.786: [GC (Allocation Failure) [PSYoungGen: 31657K->7043K(32768K)] 50003K->25397K(120320K), 0.0086784 secs] [Times: user=0.00 sys=0.02, real=0.01 secs] 
2014-07-09T16:20:08.278+0200: 70.883: [GC (Allocation Failure) [PSYoungGen: 29030K->4418K(26624K)] 47383K->22779K(114176K), 0.0032714 secs] [Times: user=0.00 sys=0.00, real=0.00 secs] 
2014-07-09T16:20:08.378+0200: 70.983: [GC (Allocation Failure) [PSYoungGen: 26408K->768K(32256K)] 44770K->19138K(119808K), 0.0014053 secs] [Times: user=0.00 sys=0.00, real=0.00 secs] 
2014-07-09T16:20:08.435+0200: 71.040: [GC (Allocation Failure) [PSYoungGen: 22755K->6339K(32256K)] 41124K->24716K(119808K), 0.0084335 secs] [Times: user=0.03 sys=0.00, real=0.01 secs] 
2014-07-09T16:20:08.532+0200: 71.137: [GC (Allocation Failure) [PSYoungGen: 28323K->3713K(32768K)] 46701K->22099K(120320K), 0.0042884 secs] [Times: user=0.03 sys=0.00, real=0.00 secs] 
2014-07-09T16:20:08.629+0200: 71.234: [GC (Allocation Failure) [PSYoungGen: 26229K->8131K(30720K)] 44615K->26525K(118272K), 0.0061498 secs] [Times: user=0.00 sys=0.00, real=0.01 secs] 
2014-07-09T16:20:08.729+0200: 71.334: [GC (Allocation Failure) [PSYoungGen: 30630K->6018K(32768K)] 49024K->24420K(120320K), 0.0046253 secs] [Times: user=0.00 sys=0.00, real=0.00 secs] 
2014-07-09T16:20:08.828+0200: 71.433: [GC (Allocation Failure) [PSYoungGen: 27502K->1344K(32256K)] 45904K->19754K(119808K), 0.0024381 secs] [Times: user=0.00 sys=0.00, real=0.00 secs] 
2014-07-09T16:20:08.879+0200: 71.484: [GC (Allocation Failure) [PSYoungGen: 22819K->6403K(32256K)] 41228K->24820K(119808K), 0.0053696 secs] [Times: user=0.00 sys=0.00, real=0.01 secs] 
2014-07-09T16:20:08.978+0200: 71.583: [GC (Allocation Failure) [PSYoungGen: 27875K->3265K(32256K)] 46293K->21691K(119808K), 0.0032047 secs] [Times: user=0.00 sys=0.00, real=0.00 secs] 
2014-07-09T16:20:09.041+0200: 71.646: [GC (Allocation Failure) [PSYoungGen: 24764K->160K(32768K)] 43189K->18601K(120320K), 0.0013554 secs] [Times: user=0.00 sys=0.00, real=0.00 secs] 
2014-07-09T16:20:09.137+0200: 71.742: [GC (Allocation Failure) [PSYoungGen: 22163K->4194K(26624K)] 40605K->22643K(114176K), 0.0057872 secs] [Times: user=0.02 sys=0.00, real=0.01 secs] 
2014-07-09T16:20:09.230+0200: 71.835: [GC (Allocation Failure) [PSYoungGen: 26178K->1568K(32256K)] 44628K->20026K(119808K), 0.0015681 secs] [Times: user=0.00 sys=0.00, real=0.00 secs] 
2014-07-09T16:20:09.331+0200: 71.936: [GC (Allocation Failure) [PSYoungGen: 23558K->6114K(32256K)] 42016K->24580K(119808K), 0.0052944 secs] [Times: user=0.00 sys=0.00, real=0.00 secs] 
2014-07-09T16:20:09.429+0200: 72.034: [GC (Allocation Failure) [PSYoungGen: 28101K->3489K(32256K)] 46567K->21963K(119808K), 0.0034074 secs] [Times: user=0.00 sys=0.00, real=0.00 secs] 
2014-07-09T16:20:09.527+0200: 72.132: [GC (Allocation Failure) [PSYoungGen: 26500K->1888K(32768K)] 44974K->20370K(120320K), 0.0012036 secs] [Times: user=0.00 sys=0.00, real=0.00 secs] 
2014-07-09T16:20:09.578+0200: 72.183: [GC (Allocation Failure) [PSYoungGen: 24922K->6307K(33792K)] 43404K->24796K(121344K), 0.0049245 secs] [Times: user=0.00 sys=0.00, real=0.00 secs] 
2014-07-09T16:20:09.678+0200: 72.283: [GC (Allocation Failure) [PSYoungGen: 30342K->5730K(30208K)] 48832K->24228K(117760K), 0.0042991 secs] [Times: user=0.00 sys=0.00, real=0.00 secs] 
2014-07-09T16:20:09.779+0200: 72.384: [GC (Allocation Failure) [PSYoungGen: 29771K->4129K(33792K)] 48269K->22635K(121344K), 0.0030170 secs] [Times: user=0.03 sys=0.00, real=0.00 secs] 
2014-07-09T16:20:09.878+0200: 72.483: [GC (Allocation Failure) [PSYoungGen: 27653K->3041K(26624K)] 46159K->21555K(114176K), 0.0029352 secs] [Times: user=0.00 sys=0.00, real=0.00 secs] 
2014-07-09T16:20:09.978+0200: 72.583: [GC (Allocation Failure) [PSYoungGen: 26564K->1952K(32768K)] 45078K->20474K(120320K), 0.0020806 secs] [Times: user=0.00 sys=0.00, real=0.00 secs] 
2014-07-09T16:20:10.040+0200: 72.645: [GC (Allocation Failure) [PSYoungGen: 25500K->448K(32768K)] 44022K->18977K(120320K), 0.0018837 secs] [Times: user=0.00 sys=0.00, real=0.00 secs] 
2014-07-09T16:20:10.141+0200: 72.746: [GC (Allocation Failure) [PSYoungGen: 23992K->6467K(33280K)] 42522K->25004K(120832K), 0.0053370 secs] [Times: user=0.00 sys=0.00, real=0.00 secs] 
2014-07-09T16:20:10.237+0200: 72.842: [GC (Allocation Failure) [PSYoungGen: 30502K->5890K(33792K)] 49040K->24436K(121344K), 0.0073743 secs] [Times: user=0.00 sys=0.00, real=0.01 secs] 
2014-07-09T16:20:10.340+0200: 72.944: [GC (Allocation Failure) [PSYoungGen: 29940K->3777K(32768K)] 48486K->22331K(120320K), 0.0077112 secs] [Times: user=0.03 sys=0.00, real=0.01 secs] 
2014-07-09T16:20:10.436+0200: 73.040: [GC (Allocation Failure) [PSYoungGen: 27815K->3169K(33280K)] 46369K->21731K(120832K), 0.0229739 secs] [Times: user=0.02 sys=0.00, real=0.02 secs] 
2014-07-09T16:20:10.534+0200: 73.138: [GC (Allocation Failure) [PSYoungGen: 27207K->2625K(33280K)] 45769K->21195K(120832K), 0.0042888 secs] [Times: user=0.00 sys=0.00, real=0.01 secs] 
2014-07-09T16:20:10.631+0200: 73.235: [GC (Allocation Failure) [PSYoungGen: 27704K->1408K(33792K)] 46274K->19986K(121344K), 0.0013719 secs] [Times: user=0.00 sys=0.00, real=0.00 secs] 
2014-07-09T16:20:10.735+0200: 73.339: [GC (Allocation Failure) [PSYoungGen: 26470K->1824K(34816K)] 45048K->20410K(122368K), 0.0032025 secs] [Times: user=0.00 sys=0.00, real=0.00 secs] 
2014-07-09T16:20:10.835+0200: 73.439: [GC (Allocation Failure) [PSYoungGen: 27919K->2305K(28672K)] 46504K->20898K(116224K), 0.0035317 secs] [Times: user=0.00 sys=0.00, real=0.00 secs] 
2014-07-09T16:20:10.932+0200: 73.536: [GC (Allocation Failure) [PSYoungGen: 28391K->3777K(34816K)] 46985K->22379K(122368K), 0.0030694 secs] [Times: user=0.00 sys=0.00, real=0.00 secs] 
2014-07-09T16:20:11.032+0200: 73.636: [GC (Allocation Failure) [PSYoungGen: 30390K->4226K(34304K)] 48991K->22835K(121856K), 0.0032358 secs] [Times: user=0.00 sys=0.00, real=0.00 secs] 
2014-07-09T16:20:11.132+0200: 73.737: [GC (Allocation Failure) [PSYoungGen: 30830K->5698K(34816K)] 49440K->24316K(122368K), 0.0049190 secs] [Times: user=0.00 sys=0.00, real=0.01 secs] 
2014-07-09T16:20:11.239+0200: 73.843: [GC (Allocation Failure) [PSYoungGen: 32811K->8163K(35328K)] 51429K->26821K(122880K), 0.0102355 secs] [Times: user=0.03 sys=0.00, real=0.01 secs] 
2014-07-09T16:20:11.377+0200: 73.981: [GC (Allocation Failure) [PSYoungGen: 35282K->1472K(33280K)] 53940K->20138K(120832K), 0.0010533 secs] [Times: user=0.00 sys=0.00, real=0.00 secs] 
2014-07-09T16:20:11.477+0200: 74.081: [GC (Allocation Failure) [PSYoungGen: 26534K->1920K(34304K)] 45200K->20594K(121856K), 0.0011600 secs] [Times: user=0.00 sys=0.00, real=0.00 secs] 
2014-07-09T16:20:11.577+0200: 74.181: [GC (Allocation Failure) [PSYoungGen: 26999K->704K(34304K)] 45673K->19386K(121856K), 0.0007816 secs] [Times: user=0.00 sys=0.00, real=0.00 secs] 
2014-07-09T16:20:11.677+0200: 74.282: [GC (Allocation Failure) [PSYoungGen: 25766K->1152K(34304K)] 44448K->19842K(121856K), 0.0024956 secs] [Times: user=0.00 sys=0.00, real=0.00 secs] 
2014-07-09T16:20:11.778+0200: 74.382: [GC (Allocation Failure) [PSYoungGen: 26214K->1600K(33280K)] 44904K->20298K(120832K), 0.0030852 secs] [Times: user=0.03 sys=0.00, real=0.00 secs] 
2014-07-09T16:20:11.877+0200: 74.481: [GC (Allocation Failure) [PSYoungGen: 26674K->512K(33792K)] 45372K->19218K(121344K), 0.0007201 secs] [Times: user=0.00 sys=0.00, real=0.00 secs] 
2014-07-09T16:20:11.978+0200: 74.582: [GC (Allocation Failure) [PSYoungGen: 25574K->960K(33792K)] 44280K->19674K(121344K), 0.0018306 secs] [Times: user=0.00 sys=0.00, real=0.00 secs] 
2014-07-09T16:20:12.077+0200: 74.681: [GC (Allocation Failure) [PSYoungGen: 27058K->896K(34304K)] 45772K->19618K(121856K), 0.0009855 secs] [Times: user=0.00 sys=0.00, real=0.00 secs] 
2014-07-09T16:20:12.177+0200: 74.781: [GC (Allocation Failure) [PSYoungGen: 26985K->2369K(34304K)] 45706K->21098K(121856K), 0.0011956 secs] [Times: user=0.00 sys=0.00, real=0.00 secs] 
2014-07-09T16:20:12.280+0200: 74.884: [GC (Allocation Failure) [PSYoungGen: 29482K->4866K(34816K)] 48212K->23604K(122368K), 0.0054968 secs] [Times: user=0.00 sys=0.00, real=0.01 secs] 
2014-07-09T16:20:12.379+0200: 74.983: [GC (Allocation Failure) [PSYoungGen: 31985K->6339K(34304K)] 50722K->25084K(121856K), 0.0048574 secs] [Times: user=0.00 sys=0.00, real=0.01 secs] 
2014-07-09T16:20:12.479+0200: 75.084: [GC (Allocation Failure) [PSYoungGen: 32425K->7811K(34304K)] 51171K->26565K(121856K), 0.0061003 secs] [Times: user=0.03 sys=0.00, real=0.01 secs] 
2014-07-09T16:20:12.579+0200: 75.183: [GC (Allocation Failure) [PSYoungGen: 33920K->7107K(31232K)] 52674K->25869K(118784K), 0.0054011 secs] [Times: user=0.00 sys=0.00, real=0.01 secs] 
2014-07-09T16:20:12.680+0200: 75.284: [GC (Allocation Failure) [PSYoungGen: 29094K->4482K(32768K)] 47855K->23251K(120320K), 0.0064383 secs] [Times: user=0.03 sys=0.00, real=0.01 secs] 
2014-07-09T16:20:12.778+0200: 75.383: [GC (Allocation Failure) [PSYoungGen: 26472K->832K(32256K)] 45242K->19610K(119808K), 0.0014661 secs] [Times: user=0.00 sys=0.00, real=0.00 secs] 
2014-07-09T16:20:12.839+0200: 75.444: [GC (Allocation Failure) [PSYoungGen: 23331K->6915K(32768K)] 42109K->25701K(120320K), 0.0085600 secs] [Times: user=0.00 sys=0.00, real=0.01 secs] 
2014-07-09T16:20:12.936+0200: 75.541: [GC (Allocation Failure) [PSYoungGen: 29414K->4802K(32768K)] 48200K->23596K(120320K), 0.0035874 secs] [Times: user=0.00 sys=0.00, real=0.00 secs] 
2014-07-09T16:20:13.034+0200: 75.639: [GC (Allocation Failure) [PSYoungGen: 27301K->2689K(32768K)] 46095K->21491K(120320K), 0.0039948 secs] [Times: user=0.00 sys=0.00, real=0.00 secs] 
2014-07-09T16:20:13.139+0200: 75.743: [GC (Allocation Failure) [PSYoungGen: 25197K->7203K(32256K)] 43999K->26013K(119808K), 0.0180350 secs] [Times: user=0.01 sys=0.00, real=0.02 secs] 
2014-07-09T16:20:13.228+0200: 75.832: [GC (Allocation Failure) [PSYoungGen: 29190K->4610K(32768K)] 48000K->23428K(120320K), 0.0034752 secs] [Times: user=0.03 sys=0.00, real=0.00 secs] 
2014-07-09T16:20:13.328+0200: 75.932: [GC (Allocation Failure) [PSYoungGen: 26606K->448K(32768K)] 45423K->19273K(120320K), 0.0024857 secs] [Times: user=0.00 sys=0.00, real=0.00 secs] 
2014-07-09T16:20:13.379+0200: 75.983: [GC (Allocation Failure) [PSYoungGen: 22947K->6531K(32768K)] 41772K->25364K(120320K), 0.0050510 secs] [Times: user=0.00 sys=0.00, real=0.01 secs] 
2014-07-09T16:20:13.479+0200: 76.084: [GC (Allocation Failure) [PSYoungGen: 29030K->4418K(32768K)] 47863K->23259K(120320K), 0.0053491 secs] [Times: user=0.00 sys=0.00, real=0.00 secs] 
2014-07-09T16:20:13.577+0200: 76.181: [GC (Allocation Failure) [PSYoungGen: 26931K->640K(32768K)] 45772K->19490K(120320K), 0.0005419 secs] [Times: user=0.00 sys=0.00, real=0.00 secs] 
2014-07-09T16:20:13.638+0200: 76.243: [GC (Allocation Failure) [PSYoungGen: 23139K->6723K(32256K)] 41989K->25581K(119808K), 0.0083763 secs] [Times: user=0.00 sys=0.00, real=0.01 secs] 
2014-07-09T16:20:13.738+0200: 76.342: [GC (Allocation Failure) [PSYoungGen: 28707K->4097K(32768K)] 47565K->22963K(120320K), 0.0051467 secs] [Times: user=0.00 sys=0.00, real=0.01 secs] 
2014-07-09T16:20:13.832+0200: 76.436: [GC (Allocation Failure) [PSYoungGen: 26090K->448K(32768K)] 44955K->19321K(120320K), 0.0016755 secs] [Times: user=0.00 sys=0.00, real=0.00 secs] 
2014-07-09T16:20:13.930+0200: 76.535: [GC (Allocation Failure) [PSYoungGen: 22947K->6531K(32768K)] 41820K->25412K(120320K), 0.0088005 secs] [Times: user=0.03 sys=0.00, real=0.01 secs] 
2014-07-09T16:20:14.028+0200: 76.633: [GC (Allocation Failure) [PSYoungGen: 29030K->4418K(33280K)] 47911K->23307K(120832K), 0.0030434 secs] [Times: user=0.00 sys=0.00, real=0.00 secs] 
2014-07-09T16:20:14.127+0200: 76.731: [GC (Allocation Failure) [PSYoungGen: 27444K->768K(33280K)] 46334K->19666K(120832K), 0.0007699 secs] [Times: user=0.00 sys=0.00, real=0.00 secs] 
2014-07-09T16:20:14.179+0200: 76.784: [GC (Allocation Failure) [PSYoungGen: 23779K->7363K(32256K)] 42677K->26269K(119808K), 0.0059082 secs] [Times: user=0.03 sys=0.00, real=0.01 secs] 
2014-07-09T16:20:14.280+0200: 76.884: [GC (Allocation Failure) [PSYoungGen: 29350K->4738K(32768K)] 48256K->23652K(120320K), 0.0058041 secs] [Times: user=0.00 sys=0.00, real=0.01 secs] 
2014-07-09T16:20:14.378+0200: 76.982: [GC (Allocation Failure) [PSYoungGen: 26728K->1088K(32768K)] 45642K->20010K(120320K), 0.0019021 secs] [Times: user=0.00 sys=0.00, real=0.00 secs] 
2014-07-09T16:20:14.434+0200: 77.038: [GC (Allocation Failure) [PSYoungGen: 23587K->7171K(32768K)] 42509K->26101K(120320K), 0.0056468 secs] [Times: user=0.00 sys=0.00, real=0.00 secs] 
2014-07-09T16:20:14.539+0200: 77.143: [GC (Allocation Failure) [PSYoungGen: 29670K->5058K(32768K)] 48600K->23996K(120320K), 0.0040138 secs] [Times: user=0.03 sys=0.00, real=0.00 secs] 
2014-07-09T16:20:14.630+0200: 77.235: [GC (Allocation Failure) [PSYoungGen: 27062K->768K(32768K)] 46000K->19714K(120320K), 0.0008399 secs] [Times: user=0.00 sys=0.00, real=0.00 secs] 
2014-07-09T16:20:14.730+0200: 77.334: [GC (Allocation Failure) [PSYoungGen: 22755K->6339K(32768K)] 41700K->25292K(120320K), 0.0048039 secs] [Times: user=0.00 sys=0.00, real=0.00 secs] 
2014-07-09T16:20:14.828+0200: 77.433: [GC (Allocation Failure) [PSYoungGen: 28335K->2145K(32768K)] 47288K->21106K(120320K), 0.0050422 secs] [Times: user=0.00 sys=0.00, real=0.01 secs] 
2014-07-09T16:20:14.883+0200: 77.488: [GC (Allocation Failure) [PSYoungGen: 24129K->7747K(31744K)] 43091K->26717K(119296K), 0.0052277 secs] [Times: user=0.00 sys=0.00, real=0.01 secs] 
2014-07-09T16:20:14.981+0200: 77.585: [GC (Allocation Failure) [PSYoungGen: 28707K->4097K(32256K)] 47677K->23075K(119808K), 0.0052288 secs] [Times: user=0.00 sys=0.00, real=0.01 secs] 
2014-07-09T16:20:15.034+0200: 77.638: [GC (Allocation Failure) [PSYoungGen: 25063K->8131K(31744K)] 44041K->27117K(119296K), 0.0067565 secs] [Times: user=0.03 sys=0.00, real=0.01 secs] 
2014-07-09T16:20:15.132+0200: 77.736: [GC (Allocation Failure) [PSYoungGen: 29097K->3457K(32256K)] 48083K->22451K(119808K), 0.0026940 secs] [Times: user=0.00 sys=0.00, real=0.00 secs] 
2014-07-09T16:20:15.230+0200: 77.834: [GC (Allocation Failure) [PSYoungGen: 24417K->8003K(31232K)] 43411K->27005K(118784K), 0.0066213 secs] [Times: user=0.00 sys=0.00, real=0.01 secs] 
2014-07-09T16:20:15.328+0200: 77.933: [GC (Allocation Failure) [PSYoungGen: 27945K->2305K(31744K)] 46946K->21314K(119296K), 0.0023358 secs] [Times: user=0.00 sys=0.00, real=0.00 secs] 
2014-07-09T16:20:15.381+0200: 77.985: [GC (Allocation Failure) [PSYoungGen: 22270K->5826K(31744K)] 41280K->24844K(119296K), 0.0080419 secs] [Times: user=0.01 sys=0.00, real=0.01 secs] 
2014-07-09T16:20:15.477+0200: 78.081: [GC (Allocation Failure) [PSYoungGen: 26306K->1728K(31744K)] 45324K->20754K(119296K), 0.0009210 secs] [Times: user=0.00 sys=0.00, real=0.00 secs] 
2014-07-09T16:20:15.534+0200: 78.139: [GC (Allocation Failure) [PSYoungGen: 22208K->5762K(31232K)] 41234K->24796K(118784K), 0.0064933 secs] [Times: user=0.02 sys=0.00, real=0.01 secs] 
2014-07-09T16:20:15.632+0200: 78.236: [GC (Allocation Failure) [PSYoungGen: 26742K->8163K(31744K)] 45776K->27205K(119296K), 0.0099084 secs] [Times: user=0.00 sys=0.00, real=0.01 secs] 
2014-07-09T16:20:15.729+0200: 78.334: [GC (Allocation Failure) [PSYoungGen: 29126K->4514K(32256K)] 48167K->23563K(119808K), 0.0054653 secs] [Times: user=0.00 sys=0.00, real=0.01 secs] 
2014-07-09T16:20:15.781+0200: 78.385: [GC (Allocation Failure) [PSYoungGen: 24986K->416K(31744K)] 44036K->19473K(119296K), 0.0046136 secs] [Times: user=0.00 sys=0.00, real=0.00 secs] 
2014-07-09T16:20:15.879+0200: 78.483: [GC (Allocation Failure) [PSYoungGen: 20875K->3393K(31744K)] 39932K->22459K(119296K), 0.0039680 secs] [Times: user=0.03 sys=0.00, real=0.00 secs] 
2014-07-09T16:20:15.940+0200: 78.545: [GC (Allocation Failure) [PSYoungGen: 24353K->7907K(31744K)] 43419K->26981K(119296K), 0.0165161 secs] [Times: user=0.02 sys=0.00, real=0.02 secs] 
2014-07-09T16:20:16.031+0200: 78.636: [GC (Allocation Failure) [PSYoungGen: 28879K->2753K(32256K)] 47953K->21835K(119808K), 0.0021081 secs] [Times: user=0.00 sys=0.00, real=0.00 secs] 
2014-07-09T16:20:16.131+0200: 78.735: [GC (Allocation Failure) [PSYoungGen: 23713K->7299K(28672K)] 42795K->26389K(116224K), 0.0090414 secs] [Times: user=0.00 sys=0.00, real=0.01 secs] 
2014-07-09T16:20:16.228+0200: 78.833: [GC (Allocation Failure) [PSYoungGen: 28259K->3649K(32256K)] 47349K->22747K(119808K), 0.0026082 secs] [Times: user=0.00 sys=0.00, real=0.00 secs] 
2014-07-09T16:20:16.282+0200: 78.886: [GC (Allocation Failure) [PSYoungGen: 24129K->7715K(31744K)] 43227K->26821K(119296K), 0.0123696 secs] [Times: user=0.03 sys=0.00, real=0.01 secs] 
2014-07-09T16:20:16.378+0200: 78.982: [GC (Allocation Failure) [PSYoungGen: 28172K->2016K(31744K)] 47278K->21130K(119296K), 0.0015208 secs] [Times: user=0.00 sys=0.00, real=0.00 secs] 
2014-07-09T16:20:16.438+0200: 79.043: [GC (Allocation Failure) [PSYoungGen: 22496K->6082K(31744K)] 41610K->25204K(119296K), 0.0070553 secs] [Times: user=0.03 sys=0.00, real=0.01 secs] 
2014-07-09T16:20:16.539+0200: 79.143: [GC (Allocation Failure) [PSYoungGen: 26562K->1952K(32256K)] 45684K->21082K(119808K), 0.0056075 secs] [Times: user=0.00 sys=0.00, real=0.01 secs] 
2014-07-09T16:20:16.630+0200: 79.234: [GC (Allocation Failure) [PSYoungGen: 22930K->4834K(26112K)] 42060K->23972K(113664K), 0.0061219 secs] [Times: user=0.00 sys=0.00, real=0.01 secs] 
2014-07-09T16:20:16.727+0200: 79.332: [GC (Allocation Failure) [PSYoungGen: 25794K->1184K(31744K)] 44932K->20330K(119296K), 0.0017488 secs] [Times: user=0.00 sys=0.00, real=0.00 secs] 
2014-07-09T16:20:16.780+0200: 79.385: [GC (Allocation Failure) [PSYoungGen: 22144K->5730K(31744K)] 41290K->24884K(119296K), 0.0069384 secs] [Times: user=0.03 sys=0.00, real=0.01 secs] 
2014-07-09T16:20:16.878+0200: 79.482: [GC (Allocation Failure) [PSYoungGen: 26696K->1056K(32768K)] 45850K->20218K(120320K), 0.0020960 secs] [Times: user=0.03 sys=0.00, real=0.00 secs] 
2014-07-09T16:20:16.938+0200: 79.543: [GC (Allocation Failure) [PSYoungGen: 23043K->6627K(32768K)] 42204K->25796K(120320K), 0.0088305 secs] [Times: user=0.03 sys=0.00, real=0.01 secs] 
2014-07-09T16:20:17.036+0200: 79.640: [GC (Allocation Failure) [PSYoungGen: 28623K->2465K(32768K)] 47792K->21642K(120320K), 0.0033704 secs] [Times: user=0.00 sys=0.00, real=0.00 secs] 
2014-07-09T16:20:17.130+0200: 79.734: [GC (Allocation Failure) [PSYoungGen: 24455K->7523K(29696K)] 43633K->26709K(117248K), 0.0058451 secs] [Times: user=0.00 sys=0.00, real=0.01 secs] 
2014-07-09T16:20:17.230+0200: 79.834: [GC (Allocation Failure) [PSYoungGen: 29510K->4898K(32768K)] 48696K->24092K(120320K), 0.0058099 secs] [Times: user=0.00 sys=0.00, real=0.01 secs] 
2014-07-09T16:20:17.327+0200: 79.932: [GC (Allocation Failure) [PSYoungGen: 26376K->704K(32256K)] 45570K->19906K(119808K), 0.0038103 secs] [Times: user=0.00 sys=0.00, real=0.00 secs] 
2014-07-09T16:20:17.378+0200: 79.983: [GC (Allocation Failure) [PSYoungGen: 22176K->5794K(32256K)] 41378K->25004K(119808K), 0.0048288 secs] [Times: user=0.01 sys=0.00, real=0.00 secs] 
2014-07-09T16:20:17.477+0200: 80.082: [GC (Allocation Failure) [PSYoungGen: 27269K->2657K(32256K)] 46479K->21875K(119808K), 0.0015552 secs] [Times: user=0.00 sys=0.00, real=0.00 secs] 
2014-07-09T16:20:17.536+0200: 80.141: [GC (Allocation Failure) [PSYoungGen: 24129K->7715K(31232K)] 43347K->26941K(118784K), 0.0078722 secs] [Times: user=0.00 sys=0.00, real=0.01 secs] 
2014-07-09T16:20:17.631+0200: 80.236: [GC (Allocation Failure) [PSYoungGen: 28692K->2401K(32256K)] 47917K->21634K(119808K), 0.0015871 secs] [Times: user=0.00 sys=0.00, real=0.00 secs] 
2014-07-09T16:20:17.731+0200: 80.335: [GC (Allocation Failure) [PSYoungGen: 23361K->6947K(31744K)] 42595K->26189K(119296K), 0.0102021 secs] [Times: user=0.03 sys=0.00, real=0.01 secs] 
2014-07-09T16:20:17.828+0200: 80.433: [GC (Allocation Failure) [PSYoungGen: 27916K->1760K(32256K)] 47158K->21010K(119808K), 0.0022295 secs] [Times: user=0.00 sys=0.00, real=0.00 secs] 
2014-07-09T16:20:17.883+0200: 80.487: [GC (Allocation Failure) [PSYoungGen: 22723K->6307K(32256K)] 41972K->25564K(119808K), 0.0113529 secs] [Times: user=0.02 sys=0.00, real=0.01 secs] 
2014-07-09T16:20:17.979+0200: 80.583: [GC (Allocation Failure) [PSYoungGen: 27267K->2657K(24064K)] 46525K->21923K(111616K), 0.0026544 secs] [Times: user=0.00 sys=0.00, real=0.00 secs] 
2014-07-09T16:20:18.034+0200: 80.638: [GC (Allocation Failure) [PSYoungGen: 23617K->7203K(31232K)] 42883K->26477K(118784K), 0.0059855 secs] [Times: user=0.00 sys=0.00, real=0.01 secs] 
2014-07-09T16:20:18.135+0200: 80.739: [GC (Allocation Failure) [PSYoungGen: 27660K->1472K(31744K)] 46934K->20754K(119296K), 0.0324420 secs] [Times: user=0.03 sys=0.00, real=0.03 secs] 
2014-07-09T16:20:18.228+0200: 80.833: [GC (Allocation Failure) [PSYoungGen: 21952K->5570K(31232K)] 41234K->24860K(118784K), 0.0041231 secs] [Times: user=0.00 sys=0.00, real=0.00 secs] 
2014-07-09T16:20:18.327+0200: 80.932: [GC (Allocation Failure) [PSYoungGen: 26536K->896K(31744K)] 45826K->20194K(119296K), 0.0009855 secs] [Times: user=0.00 sys=0.00, real=0.00 secs] 
2014-07-09T16:20:18.379+0200: 80.984: [GC (Allocation Failure) [PSYoungGen: 21856K->5442K(32768K)] 41154K->24748K(120320K), 0.0047075 secs] [Times: user=0.00 sys=0.00, real=0.01 secs] 
2014-07-09T16:20:18.478+0200: 81.083: [GC (Allocation Failure) [PSYoungGen: 27429K->2817K(25088K)] 46735K->22131K(112640K), 0.0029605 secs] [Times: user=0.00 sys=0.00, real=0.00 secs] 
2014-07-09T16:20:18.541+0200: 81.146: [GC (Allocation Failure) [PSYoungGen: 24828K->256K(32256K)] 44142K->19585K(119808K), 0.0027325 secs] [Times: user=0.00 sys=0.00, real=0.00 secs] 
2014-07-09T16:20:18.636+0200: 81.240: [GC (Allocation Failure) [PSYoungGen: 22271K->3617K(32256K)] 41601K->22955K(119808K), 0.0045894 secs] [Times: user=0.00 sys=0.00, real=0.00 secs] 
2014-07-09T16:20:18.730+0200: 81.335: [GC (Allocation Failure) [PSYoungGen: 25604K->992K(32768K)] 44942K->20338K(120320K), 0.0019941 secs] [Times: user=0.00 sys=0.00, real=0.00 secs] 
2014-07-09T16:20:18.831+0200: 81.436: [GC (Allocation Failure) [PSYoungGen: 24009K->6563K(32768K)] 43354K->25916K(120320K), 0.0080258 secs] [Times: user=0.00 sys=0.00, real=0.01 secs] 
2014-07-09T16:20:18.929+0200: 81.534: [GC (Allocation Failure) [PSYoungGen: 29574K->4962K(33280K)] 48928K->24324K(120832K), 0.0058799 secs] [Times: user=0.00 sys=0.00, real=0.01 secs] 
2014-07-09T16:20:19.029+0200: 81.634: [GC (Allocation Failure) [PSYoungGen: 27973K->3361K(26624K)] 47335K->22731K(114176K), 0.0032604 secs] [Times: user=0.03 sys=0.00, real=0.00 secs] 
2014-07-09T16:20:19.127+0200: 81.732: [GC (Allocation Failure) [PSYoungGen: 26384K->224K(32768K)] 45753K->19601K(120320K), 0.0012330 secs] [Times: user=0.00 sys=0.00, real=0.00 secs] 
2014-07-09T16:20:19.181+0200: 81.786: [GC (Allocation Failure) [PSYoungGen: 23235K->6819K(32768K)] 42613K->26205K(120320K), 0.0083965 secs] [Times: user=0.03 sys=0.00, real=0.01 secs] 
2014-07-09T16:20:19.278+0200: 81.883: [GC (Allocation Failure) [PSYoungGen: 29830K->5218K(33280K)] 49216K->24612K(120832K), 0.0040893 secs] [Times: user=0.03 sys=0.00, real=0.00 secs] 
2014-07-09T16:20:19.377+0200: 81.982: [GC (Allocation Failure) [PSYoungGen: 28238K->2080K(25600K)] 47632K->21482K(113152K), 0.0010401 secs] [Times: user=0.00 sys=0.00, real=0.00 secs] 
2014-07-09T16:20:19.477+0200: 82.081: [GC (Allocation Failure) [PSYoungGen: 25092K->480K(32768K)] 44493K->19889K(120320K), 0.0007212 secs] [Times: user=0.00 sys=0.00, real=0.00 secs] 
2014-07-09T16:20:19.541+0200: 82.146: [GC (Allocation Failure) [PSYoungGen: 23503K->6403K(32768K)] 42912K->25820K(120320K), 0.0205604 secs] [Times: user=0.00 sys=0.00, real=0.02 secs] 
2014-07-09T16:20:19.632+0200: 82.237: [GC (Allocation Failure) [PSYoungGen: 29417K->3809K(33280K)] 48835K->23235K(120832K), 0.0029455 secs] [Times: user=0.00 sys=0.00, real=0.00 secs] 
2014-07-09T16:20:19.737+0200: 82.342: [GC (Allocation Failure) [PSYoungGen: 27335K->2721K(33280K)] 46761K->22155K(120832K), 0.0041473 secs] [Times: user=0.00 sys=0.00, real=0.00 secs] 
2014-07-09T16:20:19.831+0200: 82.435: [GC (Allocation Failure) [PSYoungGen: 26250K->608K(33280K)] 45684K->20050K(120832K), 0.0010064 secs] [Times: user=0.00 sys=0.00, real=0.00 secs] 
2014-07-09T16:20:19.930+0200: 82.535: [GC (Allocation Failure) [PSYoungGen: 24643K->8227K(32768K)] 44085K->27677K(120320K), 0.0062887 secs] [Times: user=0.00 sys=0.02, real=0.01 secs] 
2014-07-09T16:20:20.032+0200: 82.636: [GC (Allocation Failure) [PSYoungGen: 32265K->7651K(31744K)] 51715K->27109K(119296K), 0.0095847 secs] [Times: user=0.00 sys=0.00, real=0.01 secs] 
2014-07-09T16:20:20.128+0200: 82.733: [GC (Allocation Failure) [PSYoungGen: 28626K->1952K(32256K)] 48084K->21418K(119808K), 0.0024131 secs] [Times: user=0.00 sys=0.00, real=0.00 secs] 
2014-07-09T16:20:20.179+0200: 82.784: [GC (Allocation Failure) [PSYoungGen: 22915K->6499K(32256K)] 42380K->25972K(119808K), 0.0050323 secs] [Times: user=0.00 sys=0.00, real=0.01 secs] 
2014-07-09T16:20:20.278+0200: 82.882: [GC (Allocation Failure) [PSYoungGen: 27459K->2849K(24064K)] 46933K->22331K(111616K), 0.0014672 secs] [Times: user=0.00 sys=0.00, real=0.00 secs] 
2014-07-09T16:20:20.334+0200: 82.938: [GC (Allocation Failure) [PSYoungGen: 23815K->6371K(31232K)] 43296K->25860K(118784K), 0.0056394 secs] [Times: user=0.00 sys=0.00, real=0.01 secs] 
2014-07-09T16:20:20.434+0200: 83.037: [GC (Allocation Failure) [PSYoungGen: 26851K->2241K(31744K)] 46340K->21738K(119296K), 0.0031797 secs] [Times: user=0.01 sys=0.00, real=0.00 secs] 
2014-07-09T16:20:20.531+0200: 83.135: [GC (Allocation Failure) [PSYoungGen: 22721K->6307K(32256K)] 42218K->25812K(119808K), 0.0062026 secs] [Times: user=0.00 sys=0.00, real=0.01 secs] 
2014-07-09T16:20:20.628+0200: 83.231: [GC (Allocation Failure) [PSYoungGen: 27796K->1504K(32256K)] 47302K->21018K(119808K), 0.0018874 secs] [Times: user=0.00 sys=0.00, real=0.00 secs] 
2014-07-09T16:20:20.681+0200: 83.285: [GC (Allocation Failure) [PSYoungGen: 22979K->6563K(31744K)] 42492K->26084K(119296K), 0.0093273 secs] [Times: user=0.03 sys=0.00, real=0.01 secs] 
2014-07-09T16:20:20.779+0200: 83.382: [GC (Allocation Failure) [PSYoungGen: 27523K->2913K(32256K)] 47045K->22443K(119808K), 0.0032325 secs] [Times: user=0.03 sys=0.00, real=0.00 secs] 
2014-07-09T16:20:20.839+0200: 83.443: [GC (Allocation Failure) [PSYoungGen: 23882K->5922K(32256K)] 43412K->25460K(119808K), 0.0076280 secs] [Times: user=0.03 sys=0.00, real=0.01 secs] 
2014-07-09T16:20:20.931+0200: 83.534: [GC (Allocation Failure) [PSYoungGen: 27397K->2785K(32256K)] 46935K->22331K(119808K), 0.0021477 secs] [Times: user=0.00 sys=0.00, real=0.00 secs] 
2014-07-09T16:20:21.029+0200: 83.633: [GC (Allocation Failure) [PSYoungGen: 24257K->7843K(31232K)] 43803K->27397K(118784K), 0.0063698 secs] [Times: user=0.00 sys=0.02, real=0.01 secs] 
2014-07-09T16:20:21.129+0200: 83.732: [GC (Allocation Failure) [PSYoungGen: 28815K->2657K(32256K)] 48369K->22219K(119808K), 0.0026283 secs] [Times: user=0.00 sys=0.00, real=0.00 secs] 
2014-07-09T16:20:21.181+0200: 83.784: [GC (Allocation Failure) [PSYoungGen: 23617K->7203K(31744K)] 43179K->26773K(119296K), 0.0092170 secs] [Times: user=0.02 sys=0.00, real=0.01 secs] 
2014-07-09T16:20:21.279+0200: 83.883: [GC (Allocation Failure) [PSYoungGen: 28163K->3553K(32256K)] 47733K->23131K(119808K), 0.0039522 secs] [Times: user=0.00 sys=0.00, real=0.00 secs] 
2014-07-09T16:20:21.340+0200: 83.944: [GC (Allocation Failure) [PSYoungGen: 24519K->7075K(31744K)] 44097K->26661K(119296K), 0.0086465 secs] [Times: user=0.03 sys=0.00, real=0.01 secs] 
2014-07-09T16:20:21.432+0200: 84.035: [GC (Allocation Failure) [PSYoungGen: 28035K->3425K(32256K)] 47621K->23019K(119808K), 0.0024894 secs] [Times: user=0.00 sys=0.00, real=0.00 secs] 
2014-07-09T16:20:21.563+0200: 84.167: [GC (Allocation Failure) [PSYoungGen: 24385K->7971K(31744K)] 43979K->27573K(119296K), 0.0096833 secs] [Times: user=0.00 sys=0.00, real=0.01 secs] 
2014-07-09T16:20:21.627+0200: 84.231: [GC (Allocation Failure) [PSYoungGen: 28956K->2145K(32256K)] 48558K->21754K(119808K), 0.0010489 secs] [Times: user=0.00 sys=0.00, real=0.00 secs] 
2014-07-09T16:20:21.679+0200: 84.282: [GC (Allocation Failure) [PSYoungGen: 23105K->6691K(32256K)] 42715K->26309K(119808K), 0.0062491 secs] [Times: user=0.02 sys=0.00, real=0.01 secs] 
2014-07-09T16:20:21.779+0200: 84.382: [GC (Allocation Failure) [PSYoungGen: 27654K->2016K(32256K)] 47272K->21642K(119808K), 0.0020692 secs] [Times: user=0.00 sys=0.00, real=0.00 secs] 
2014-07-09T16:20:21.839+0200: 84.443: [GC (Allocation Failure) [PSYoungGen: 22979K->6563K(32256K)] 42604K->26196K(119808K), 0.0082289 secs] [Times: user=0.02 sys=0.00, real=0.01 secs] 
2014-07-09T16:20:21.934+0200: 84.538: [GC (Allocation Failure) [PSYoungGen: 27523K->2881K(32256K)] 47157K->22523K(119808K), 0.0268946 secs] [Times: user=0.00 sys=0.00, real=0.03 secs] 
2014-07-09T16:20:22.032+0200: 84.635: [GC (Allocation Failure) [PSYoungGen: 23841K->7459K(32256K)] 43483K->27109K(119808K), 0.0096045 secs] [Times: user=0.00 sys=0.00, real=0.01 secs] 
2014-07-09T16:20:22.127+0200: 84.731: [GC (Allocation Failure) [PSYoungGen: 28431K->2273K(32256K)] 48080K->21930K(119808K), 0.0014229 secs] [Times: user=0.00 sys=0.00, real=0.00 secs] 
2014-07-09T16:20:22.180+0200: 84.784: [GC (Allocation Failure) [PSYoungGen: 23233K->6819K(32256K)] 42891K->26485K(119808K), 0.0055126 secs] [Times: user=0.03 sys=0.00, real=0.01 secs] 
2014-07-09T16:20:22.279+0200: 84.883: [GC (Allocation Failure) [PSYoungGen: 27779K->3169K(32256K)] 47445K->22843K(119808K), 0.0031105 secs] [Times: user=0.00 sys=0.00, real=0.00 secs] 
2014-07-09T16:20:22.340+0200: 84.944: [GC (Allocation Failure) [PSYoungGen: 24138K->6178K(32256K)] 43812K->25860K(119808K), 0.0087440 secs] [Times: user=0.00 sys=0.00, real=0.01 secs] 
2014-07-09T16:20:22.434+0200: 85.038: [GC (Allocation Failure) [PSYoungGen: 27139K->2529K(23552K)] 46820K->22218K(111104K), 0.0036589 secs] [Times: user=0.00 sys=0.00, real=0.00 secs] 
2014-07-09T16:20:22.533+0200: 85.136: [GC (Allocation Failure) [PSYoungGen: 23489K->7075K(31232K)] 43179K->26773K(118784K), 0.0052988 secs] [Times: user=0.00 sys=0.00, real=0.01 secs] 
2014-07-09T16:20:22.627+0200: 85.231: [GC (Allocation Failure) [PSYoungGen: 27540K->1248K(31744K)] 47238K->20954K(119296K), 0.0018298 secs] [Times: user=0.00 sys=0.00, real=0.00 secs] 
2014-07-09T16:20:22.679+0200: 85.283: [GC (Allocation Failure) [PSYoungGen: 21728K->5314K(31232K)] 41434K->25028K(118784K), 0.0039475 secs] [Times: user=0.02 sys=0.00, real=0.00 secs] 
2014-07-09T16:20:22.778+0200: 85.382: [GC (Allocation Failure) [PSYoungGen: 26274K->1664K(31744K)] 45988K->21386K(119296K), 0.0024201 secs] [Times: user=0.00 sys=0.00, real=0.00 secs] 
2014-07-09T16:20:22.838+0200: 85.442: [GC (Allocation Failure) [PSYoungGen: 22630K->5186K(31744K)] 42352K->24916K(119296K), 0.0067760 secs] [Times: user=0.02 sys=0.00, real=0.01 secs] 
2014-07-09T16:20:22.935+0200: 85.539: [GC (Allocation Failure) [PSYoungGen: 27173K->2561K(32256K)] 46903K->22299K(119808K), 0.0031621 secs] [Times: user=0.00 sys=0.00, real=0.00 secs] 
2014-07-09T16:20:23.037+0200: 85.641: [GC (Allocation Failure) [PSYoungGen: 24545K->8099K(31232K)] 44283K->27845K(118784K), 0.0212892 secs] [Times: user=0.03 sys=0.00, real=0.02 secs] 
2014-07-09T16:20:23.127+0200: 85.731: [GC (Allocation Failure) [PSYoungGen: 29077K->2433K(32256K)] 48822K->22186K(119808K), 0.0011138 secs] [Times: user=0.00 sys=0.00, real=0.00 secs] 
2014-07-09T16:20:23.181+0200: 85.785: [GC (Allocation Failure) [PSYoungGen: 23393K->6979K(31744K)] 43147K->26741K(119296K), 0.0086025 secs] [Times: user=0.03 sys=0.00, real=0.01 secs] 
2014-07-09T16:20:23.279+0200: 85.882: [GC (Allocation Failure) [PSYoungGen: 27945K->2305K(32256K)] 47706K->22074K(119808K), 0.0022712 secs] [Times: user=0.00 sys=0.00, real=0.00 secs] 
2014-07-09T16:20:23.338+0200: 85.942: [GC (Allocation Failure) [PSYoungGen: 23265K->6851K(31744K)] 43035K->26629K(119296K), 0.0089570 secs] [Times: user=0.02 sys=0.00, real=0.01 secs] 
2014-07-09T16:20:23.435+0200: 86.038: [GC (Allocation Failure) [PSYoungGen: 27811K->3201K(32256K)] 47589K->22987K(119808K), 0.0043042 secs] [Times: user=0.00 sys=0.00, real=0.00 secs] 
2014-07-09T16:20:23.530+0200: 86.134: [GC (Allocation Failure) [PSYoungGen: 24161K->7747K(31744K)] 43947K->27541K(119296K), 0.0064706 secs] [Times: user=0.00 sys=0.00, real=0.01 secs] 
2014-07-09T16:20:23.627+0200: 86.231: [GC (Allocation Failure) [PSYoungGen: 28724K->2433K(32256K)] 48517K->22234K(119808K), 0.0011398 secs] [Times: user=0.00 sys=0.00, real=0.00 secs] 
2014-07-09T16:20:23.681+0200: 86.285: [GC (Allocation Failure) [PSYoungGen: 23393K->6979K(32256K)] 43195K->26789K(119808K), 0.0096144 secs] [Times: user=0.03 sys=0.00, real=0.01 secs] 
2014-07-09T16:20:23.778+0200: 86.382: [GC (Allocation Failure) [PSYoungGen: 27939K->3329K(32256K)] 47749K->23147K(119808K), 0.0031618 secs] [Times: user=0.00 sys=0.00, real=0.00 secs] 
2014-07-09T16:20:23.839+0200: 86.443: [GC (Allocation Failure) [PSYoungGen: 24301K->6339K(32256K)] 44118K->26164K(119808K), 0.0080405 secs] [Times: user=0.00 sys=0.00, real=0.01 secs] 
2014-07-09T16:20:23.936+0200: 86.540: [GC (Allocation Failure) [PSYoungGen: 27299K->2689K(24064K)] 47125K->22523K(111616K), 0.0046921 secs] [Times: user=0.00 sys=0.00, real=0.00 secs] 
2014-07-09T16:20:24.029+0200: 86.633: [GC (Allocation Failure) [PSYoungGen: 23649K->7235K(31232K)] 43483K->27077K(118784K), 0.0057179 secs] [Times: user=0.00 sys=0.00, real=0.01 secs] 
2014-07-09T16:20:24.127+0200: 86.731: [GC (Allocation Failure) [PSYoungGen: 27692K->1504K(31744K)] 47534K->21354K(119296K), 0.0018317 secs] [Times: user=0.00 sys=0.00, real=0.00 secs] 
2014-07-09T16:20:24.178+0200: 86.782: [GC (Allocation Failure) [PSYoungGen: 21984K->5602K(31232K)] 41834K->25460K(118784K), 0.0041575 secs] [Times: user=0.03 sys=0.00, real=0.00 secs] 
2014-07-09T16:20:24.278+0200: 86.882: [GC (Allocation Failure) [PSYoungGen: 26562K->1952K(31744K)] 46420K->21818K(119296K), 0.0021554 secs] [Times: user=0.00 sys=0.00, real=0.00 secs] 
2014-07-09T16:20:24.332+0200: 86.936: [GC (Allocation Failure) [PSYoungGen: 22918K->5474K(32768K)] 42784K->25348K(120320K), 0.0050338 secs] [Times: user=0.03 sys=0.00, real=0.00 secs] 
2014-07-09T16:20:24.436+0200: 87.040: [GC (Allocation Failure) [PSYoungGen: 27461K->2849K(25088K)] 47335K->22731K(112640K), 0.0037986 secs] [Times: user=0.00 sys=0.00, real=0.00 secs] 
2014-07-09T16:20:24.530+0200: 87.134: [GC (Allocation Failure) [PSYoungGen: 24864K->256K(32256K)] 44746K->20145K(119808K), 0.0008641 secs] [Times: user=0.00 sys=0.00, real=0.00 secs] 
2014-07-09T16:20:24.628+0200: 87.231: [GC (Allocation Failure) [PSYoungGen: 22263K->3649K(32256K)] 42153K->23547K(119808K), 0.0021239 secs] [Times: user=0.00 sys=0.00, real=0.00 secs] 
2014-07-09T16:20:24.727+0200: 87.331: [GC (Allocation Failure) [PSYoungGen: 25636K->1024K(32768K)] 45534K->20930K(120320K), 0.0010178 secs] [Times: user=0.00 sys=0.00, real=0.00 secs] 
2014-07-09T16:20:24.779+0200: 87.383: [GC (Allocation Failure) [PSYoungGen: 24041K->6595K(32768K)] 43946K->26508K(120320K), 0.0054679 secs] [Times: user=0.00 sys=0.00, real=0.01 secs] 
2014-07-09T16:20:24.879+0200: 87.483: [GC (Allocation Failure) [PSYoungGen: 29606K->4994K(33280K)] 49520K->24916K(120832K), 0.0078513 secs] [Times: user=0.03 sys=0.00, real=0.01 secs] 
2014-07-09T16:20:24.978+0200: 87.582: [GC (Allocation Failure) [PSYoungGen: 28005K->3393K(26624K)] 47927K->23323K(114176K), 0.0026558 secs] [Times: user=0.00 sys=0.00, real=0.00 secs] 
2014-07-09T16:20:25.077+0200: 87.681: [GC (Allocation Failure) [PSYoungGen: 26416K->256K(32768K)] 46345K->20193K(120320K), 0.0006933 secs] [Times: user=0.00 sys=0.00, real=0.00 secs] 
2014-07-09T16:20:25.134+0200: 87.738: [GC (Allocation Failure) [PSYoungGen: 23267K->6851K(32768K)] 43205K->26797K(120320K), 0.0050213 secs] [Times: user=0.00 sys=0.00, real=0.00 secs] 
2014-07-09T16:20:25.237+0200: 87.841: [GC (Allocation Failure) [PSYoungGen: 29862K->5218K(33280K)] 49808K->25172K(120832K), 0.0053436 secs] [Times: user=0.02 sys=0.00, real=0.01 secs] 
2014-07-09T16:20:25.335+0200: 87.939: [GC (Allocation Failure) [PSYoungGen: 28239K->2113K(25600K)] 48192K->22074K(113152K), 0.0030606 secs] [Times: user=0.00 sys=0.00, real=0.00 secs] 
2014-07-09T16:20:25.433+0200: 88.037: [GC (Allocation Failure) [PSYoungGen: 25124K->512K(32768K)] 45086K->20482K(120320K), 0.0020560 secs] [Times: user=0.00 sys=0.00, real=0.00 secs] 
2014-07-09T16:20:25.530+0200: 88.134: [GC (Allocation Failure) [PSYoungGen: 23523K->7107K(32768K)] 43493K->27085K(120320K), 0.0063569 secs] [Times: user=0.00 sys=0.00, real=0.01 secs] 
2014-07-09T16:20:25.630+0200: 88.234: [GC (Allocation Failure) [PSYoungGen: 30132K->3841K(32768K)] 50110K->23827K(120320K), 0.0050990 secs] [Times: user=0.03 sys=0.00, real=0.00 secs] 
2014-07-09T16:20:25.727+0200: 88.331: [GC (Allocation Failure) [PSYoungGen: 26855K->2241K(32768K)] 46840K->22234K(120320K), 0.0013899 secs] [Times: user=0.00 sys=0.00, real=0.00 secs] 
2014-07-09T16:20:25.784+0200: 88.388: [GC (Allocation Failure) [PSYoungGen: 25279K->800K(33792K)] 45272K->20801K(121344K), 0.0031856 secs] [Times: user=0.00 sys=0.00, real=0.00 secs] 
2014-07-09T16:20:25.883+0200: 88.487: [GC (Allocation Failure) [PSYoungGen: 24846K->7267K(31744K)] 44848K->27277K(119296K), 0.0096291 secs] [Times: user=0.00 sys=0.00, real=0.01 secs] 
2014-07-09T16:20:25.979+0200: 88.583: [GC (Allocation Failure) [PSYoungGen: 31305K->6691K(32256K)] 51315K->26709K(119808K), 0.0052655 secs] [Times: user=0.00 sys=0.00, real=0.00 secs] 
2014-07-09T16:20:26.078+0200: 88.682: [GC (Allocation Failure) [PSYoungGen: 28690K->2016K(32768K)] 48708K->22042K(120320K), 0.0022492 secs] [Times: user=0.00 sys=0.00, real=0.00 secs] 
2014-07-09T16:20:26.141+0200: 88.745: [GC (Allocation Failure) [PSYoungGen: 24003K->7587K(31744K)] 44029K->27621K(119296K), 0.0092874 secs] [Times: user=0.03 sys=0.00, real=0.01 secs] 
2014-07-09T16:20:26.236+0200: 88.840: [GC (Allocation Failure) [PSYoungGen: 28547K->3937K(32256K)] 48581K->23979K(119808K), 0.0054906 secs] [Times: user=0.03 sys=0.00, real=0.01 secs] 
2014-07-09T16:20:26.333+0200: 88.937: [GC (Allocation Failure) [PSYoungGen: 24903K->7427K(31744K)] 44945K->27477K(119296K), 0.0301957 secs] [Times: user=0.00 sys=0.00, real=0.03 secs] 
2014-07-09T16:20:26.428+0200: 89.032: [GC (Allocation Failure) [PSYoungGen: 28387K->3809K(32256K)] 48437K->23867K(119808K), 0.0023963 secs] [Times: user=0.00 sys=0.00, real=0.00 secs] 
2014-07-09T16:20:26.527+0200: 89.131: [GC (Allocation Failure) [PSYoungGen: 24772K->160K(32256K)] 44829K->20225K(119808K), 0.0005276 secs] [Times: user=0.00 sys=0.00, real=0.00 secs] 
2014-07-09T16:20:26.578+0200: 89.182: [GC (Allocation Failure) [PSYoungGen: 21647K->3553K(32256K)] 41713K->23627K(119808K), 0.0021158 secs] [Times: user=0.00 sys=0.00, real=0.00 secs] 
2014-07-09T16:20:26.677+0200: 89.282: [GC (Allocation Failure) [PSYoungGen: 25028K->416K(32256K)] 45101K->20497K(119808K), 0.0012865 secs] [Times: user=0.00 sys=0.00, real=0.00 secs] 
2014-07-09T16:20:26.737+0200: 89.341: [GC (Allocation Failure) [PSYoungGen: 22400K->5986K(32256K)] 42482K->26076K(119808K), 0.0086216 secs] [Times: user=0.03 sys=0.00, real=0.01 secs] 
2014-07-09T16:20:26.834+0200: 89.438: [GC (Allocation Failure) [PSYoungGen: 27982K->1824K(32768K)] 48072K->21922K(120320K), 0.0037630 secs] [Times: user=0.00 sys=0.00, real=0.00 secs] 
2014-07-09T16:20:26.930+0200: 89.534: [GC (Allocation Failure) [PSYoungGen: 24323K->7907K(30720K)] 44421K->28013K(118272K), 0.0066700 secs] [Times: user=0.00 sys=0.00, real=0.01 secs] 
2014-07-09T16:20:27.031+0200: 89.635: [GC (Allocation Failure) [PSYoungGen: 30406K->5794K(32256K)] 50512K->25908K(119808K), 0.0080966 secs] [Times: user=0.02 sys=0.00, real=0.01 secs] 
2014-07-09T16:20:27.127+0200: 89.731: [GC (Allocation Failure) [PSYoungGen: 26766K->576K(32256K)] 46880K->20698K(119808K), 0.0021972 secs] [Times: user=0.02 sys=0.00, real=0.00 secs] 
2014-07-09T16:20:27.179+0200: 89.783: [GC (Allocation Failure) [PSYoungGen: 21536K->5154K(31232K)] 41658K->25284K(118784K), 0.0040120 secs] [Times: user=0.00 sys=0.00, real=0.00 secs] 
2014-07-09T16:20:27.278+0200: 89.882: [GC (Allocation Failure) [PSYoungGen: 26120K->480K(31744K)] 46249K->20617K(119296K), 0.0012634 secs] [Times: user=0.00 sys=0.00, real=0.00 secs] 
2014-07-09T16:20:27.338+0200: 89.942: [GC (Allocation Failure) [PSYoungGen: 21440K->5026K(32768K)] 41578K->25172K(120320K), 0.0036413 secs] [Times: user=0.00 sys=0.00, real=0.00 secs] 
2014-07-09T16:20:27.436+0200: 90.040: [GC (Allocation Failure) [PSYoungGen: 27013K->2369K(24576K)] 47158K->22522K(112128K), 0.0268949 secs] [Times: user=0.03 sys=0.00, real=0.03 secs] 
2014-07-09T16:20:27.531+0200: 90.135: [GC (Allocation Failure) [PSYoungGen: 24353K->7971K(31232K)] 44507K->28133K(118784K), 0.0351455 secs] [Times: user=0.03 sys=0.00, real=0.04 secs] 
2014-07-09T16:20:27.627+0200: 90.231: [GC (Allocation Failure) [PSYoungGen: 28953K->2145K(32256K)] 49115K->22314K(119808K), 0.0010090 secs] [Times: user=0.03 sys=0.00, real=0.00 secs] 
2014-07-09T16:20:27.681+0200: 90.285: [GC (Allocation Failure) [PSYoungGen: 23105K->6691K(31744K)] 43275K->26869K(119296K), 0.0095268 secs] [Times: user=0.02 sys=0.00, real=0.01 secs] 
2014-07-09T16:20:27.779+0200: 90.383: [GC (Allocation Failure) [PSYoungGen: 27651K->3041K(32256K)] 47829K->23227K(119808K), 0.0031394 secs] [Times: user=0.00 sys=0.00, real=0.00 secs] 
2014-07-09T16:20:27.839+0200: 90.443: [GC (Allocation Failure) [PSYoungGen: 24007K->6563K(32256K)] 44192K->26756K(119808K), 0.0068988 secs] [Times: user=0.00 sys=0.00, real=0.01 secs] 
2014-07-09T16:20:27.931+0200: 90.535: [GC (Allocation Failure) [PSYoungGen: 28035K->3425K(32256K)] 48229K->23627K(119808K), 0.0035973 secs] [Times: user=0.00 sys=0.00, real=0.00 secs] 
2014-07-09T16:20:28.031+0200: 90.635: [GC (Allocation Failure) [PSYoungGen: 24924K->352K(31744K)] 45126K->20561K(119296K), 0.0008920 secs] [Times: user=0.00 sys=0.00, real=0.00 secs] 
2014-07-09T16:20:28.128+0200: 90.732: [GC (Allocation Failure) [PSYoungGen: 21841K->3841K(32256K)] 42051K->24059K(119808K), 0.0023985 secs] [Times: user=0.00 sys=0.00, real=0.00 secs] 
2014-07-09T16:20:28.227+0200: 90.831: [GC (Allocation Failure) [PSYoungGen: 25316K->672K(32256K)] 45534K->20898K(119808K), 0.0011666 secs] [Times: user=0.00 sys=0.00, real=0.00 secs] 
2014-07-09T16:20:28.279+0200: 90.883: [GC (Allocation Failure) [PSYoungGen: 23171K->6787K(32256K)] 43397K->27021K(119808K), 0.0063551 secs] [Times: user=0.03 sys=0.00, real=0.01 secs] 
2014-07-09T16:20:28.378+0200: 90.982: [GC (Allocation Failure) [PSYoungGen: 29295K->3137K(33280K)] 49529K->23379K(120832K), 0.0065542 secs] [Times: user=0.00 sys=0.00, real=0.01 secs] 
2014-07-09T16:20:28.478+0200: 91.082: [GC (Allocation Failure) [PSYoungGen: 26660K->2048K(33280K)] 46902K->22298K(120832K), 0.0020663 secs] [Times: user=0.00 sys=0.00, real=0.00 secs] 
2014-07-09T16:20:28.537+0200: 91.141: [GC (Allocation Failure) [PSYoungGen: 25593K->1248K(32768K)] 45843K->21505K(120320K), 0.0009466 secs] [Times: user=0.00 sys=0.00, real=0.00 secs] 
2014-07-09T16:20:28.633+0200: 91.237: [GC (Allocation Failure) [PSYoungGen: 25283K->6915K(33280K)] 45541K->27181K(120832K), 0.0052002 secs] [Times: user=0.00 sys=0.00, real=0.01 secs] 
2014-07-09T16:20:28.739+0200: 91.343: [GC (Allocation Failure) [PSYoungGen: 30953K->6339K(32256K)] 51218K->26612K(119808K), 0.0065014 secs] [Times: user=0.00 sys=0.00, real=0.01 secs] 
2014-07-09T16:20:28.834+0200: 91.439: [GC (Allocation Failure) [PSYoungGen: 28329K->2689K(32768K)] 48603K->22971K(120320K), 0.0047119 secs] [Times: user=0.00 sys=0.00, real=0.00 secs] 
2014-07-09T16:20:28.932+0200: 91.536: [GC (Allocation Failure) [PSYoungGen: 24674K->64K(32768K)] 44955K->20353K(120320K), 0.0013045 secs] [Times: user=0.00 sys=0.00, real=0.00 secs] 
2014-07-09T16:20:29.030+0200: 91.634: [GC (Allocation Failure) [PSYoungGen: 22560K->6146K(32768K)] 42850K->26444K(120320K), 0.0079664 secs] [Times: user=0.03 sys=0.00, real=0.01 secs] 
2014-07-09T16:20:29.128+0200: 91.732: [GC (Allocation Failure) [PSYoungGen: 28660K->1984K(32768K)] 48958K->22290K(120320K), 0.0022654 secs] [Times: user=0.00 sys=0.00, real=0.00 secs] 
2014-07-09T16:20:29.179+0200: 91.783: [GC (Allocation Failure) [PSYoungGen: 24483K->8067K(30720K)] 44789K->28381K(118272K), 0.0064207 secs] [Times: user=0.00 sys=0.00, real=0.01 secs] 
2014-07-09T16:20:29.279+0200: 91.883: [GC (Allocation Failure) [PSYoungGen: 30572K->4930K(32768K)] 50886K->25252K(120320K), 0.0036190 secs] [Times: user=0.03 sys=0.00, real=0.00 secs] 
2014-07-09T16:20:29.377+0200: 91.981: [GC (Allocation Failure) [PSYoungGen: 26402K->1792K(32256K)] 46724K->22122K(119808K), 0.0009331 secs] [Times: user=0.00 sys=0.00, real=0.00 secs] 
2014-07-09T16:20:29.439+0200: 92.043: [GC (Allocation Failure) [PSYoungGen: 23267K->6851K(31744K)] 43597K->27189K(119296K), 0.0084284 secs] [Times: user=0.00 sys=0.00, real=0.01 secs] 
2014-07-09T16:20:29.532+0200: 92.136: [GC (Allocation Failure) [PSYoungGen: 27811K->3201K(32256K)] 48149K->23547K(119808K), 0.0236345 secs] [Times: user=0.00 sys=0.00, real=0.02 secs] 
2014-07-09T16:20:29.630+0200: 92.234: [GC (Allocation Failure) [PSYoungGen: 24175K->6082K(32256K)] 44521K->26436K(119808K), 0.0077442 secs] [Times: user=0.00 sys=0.00, real=0.01 secs] 
2014-07-09T16:20:29.727+0200: 92.332: [GC (Allocation Failure) [PSYoungGen: 27557K->2945K(32256K)] 47911K->23307K(119808K), 0.0014056 secs] [Times: user=0.00 sys=0.00, real=0.00 secs] 
2014-07-09T16:20:29.781+0200: 92.386: [GC (Allocation Failure) [PSYoungGen: 24417K->8003K(31232K)] 44779K->28373K(118784K), 0.0108199 secs] [Times: user=0.00 sys=0.00, real=0.01 secs] 
2014-07-09T16:20:29.878+0200: 92.483: [GC (Allocation Failure) [PSYoungGen: 28975K->2817K(32256K)] 49345K->23195K(119808K), 0.0026936 secs] [Times: user=0.00 sys=0.00, real=0.00 secs] 
2014-07-09T16:20:29.938+0200: 92.543: [GC (Allocation Failure) [PSYoungGen: 23777K->7363K(31744K)] 44155K->27749K(119296K), 0.0092929 secs] [Times: user=0.00 sys=0.00, real=0.01 secs] 
2014-07-09T16:20:30.032+0200: 92.636: [GC (Allocation Failure) [PSYoungGen: 28323K->3713K(32256K)] 48709K->24107K(119808K), 0.0031555 secs] [Times: user=0.00 sys=0.00, real=0.00 secs] 
2014-07-09T16:20:30.131+0200: 92.735: [GC (Allocation Failure) [PSYoungGen: 24685K->6723K(32256K)] 45079K->27125K(119808K), 0.0095711 secs] [Times: user=0.02 sys=0.00, real=0.01 secs] 
2014-07-09T16:20:30.228+0200: 92.832: [GC (Allocation Failure) [PSYoungGen: 28195K->3585K(32256K)] 48597K->23995K(119808K), 0.0026698 secs] [Times: user=0.00 sys=0.00, real=0.00 secs] 
2014-07-09T16:20:30.284+0200: 92.888: [GC (Allocation Failure) [PSYoungGen: 25084K->544K(32768K)] 45494K->20961K(120320K), 0.0034903 secs] [Times: user=0.00 sys=0.00, real=0.00 secs] 
2014-07-09T16:20:30.378+0200: 92.982: [GC (Allocation Failure) [PSYoungGen: 22541K->4994K(27136K)] 42959K->25420K(114688K), 0.0071283 secs] [Times: user=0.00 sys=0.00, real=0.01 secs] 
2014-07-09T16:20:30.478+0200: 93.081: [GC (Allocation Failure) [PSYoungGen: 26981K->2401K(32256K)] 47406K->22834K(119808K), 0.0024087 secs] [Times: user=0.00 sys=0.00, real=0.00 secs] 
2014-07-09T16:20:30.538+0200: 93.141: [GC (Allocation Failure) [PSYoungGen: 24385K->7971K(32256K)] 44819K->28413K(119808K), 0.0055771 secs] [Times: user=0.00 sys=0.00, real=0.01 secs] 
2014-07-09T16:20:30.631+0200: 93.234: [GC (Allocation Failure) [PSYoungGen: 29981K->3169K(32768K)] 50423K->23619K(120320K), 0.0023332 secs] [Times: user=0.00 sys=0.00, real=0.00 secs] 
2014-07-09T16:20:30.732+0200: 93.335: [GC (Allocation Failure) [PSYoungGen: 25156K->544K(32768K)] 45606K->21002K(120320K), 0.0017675 secs] [Times: user=0.02 sys=0.00, real=0.00 secs] 
2014-07-09T16:20:30.830+0200: 93.433: [GC (Allocation Failure) [PSYoungGen: 22534K->5090K(31744K)] 42992K->25556K(119296K), 0.0061677 secs] [Times: user=0.00 sys=0.00, real=0.01 secs] 
2014-07-09T16:20:30.928+0200: 93.532: [GC (Allocation Failure) [PSYoungGen: 27077K->2465K(32256K)] 47542K->22938K(119808K), 0.0025931 secs] [Times: user=0.00 sys=0.00, real=0.00 secs] 
2014-07-09T16:20:30.981+0200: 93.585: [GC (Allocation Failure) [PSYoungGen: 24449K->8035K(31232K)] 44923K->28517K(118784K), 0.0103839 secs] [Times: user=0.03 sys=0.00, real=0.01 secs] 
2014-07-09T16:20:31.079+0200: 93.682: [GC (Allocation Failure) [PSYoungGen: 29007K->2849K(32256K)] 49489K->23339K(119808K), 0.0027299 secs] [Times: user=0.00 sys=0.00, real=0.00 secs] 
2014-07-09T16:20:31.139+0200: 93.742: [GC (Allocation Failure) [PSYoungGen: 23809K->7395K(31744K)] 44299K->27893K(119296K), 0.0076661 secs] [Times: user=0.00 sys=0.00, real=0.01 secs] 
2014-07-09T16:20:31.235+0200: 93.838: [GC (Allocation Failure) [PSYoungGen: 28355K->3745K(32256K)] 48853K->24251K(119808K), 0.0065336 secs] [Times: user=0.00 sys=0.00, real=0.01 secs] 
2014-07-09T16:20:31.330+0200: 93.933: [GC (Allocation Failure) [PSYoungGen: 24717K->6755K(32256K)] 45223K->27269K(119808K), 0.0059008 secs] [Times: user=0.00 sys=0.00, real=0.01 secs] 
2014-07-09T16:20:31.429+0200: 94.033: [GC (Allocation Failure) [PSYoungGen: 28227K->3617K(32256K)] 48741K->24139K(119808K), 0.0036839 secs] [Times: user=0.00 sys=0.00, real=0.00 secs] 
2014-07-09T16:20:31.527+0200: 94.130: [GC (Allocation Failure) [PSYoungGen: 25092K->480K(32768K)] 45613K->21009K(120320K), 0.0008414 secs] [Times: user=0.00 sys=0.00, real=0.00 secs] 
2014-07-09T16:20:31.578+0200: 94.181: [GC (Allocation Failure) [PSYoungGen: 22482K->4386K(26624K)] 43011K->24923K(114176K), 0.0031269 secs] [Times: user=0.00 sys=0.00, real=0.00 secs] 
2014-07-09T16:20:31.677+0200: 94.281: [GC (Allocation Failure) [PSYoungGen: 26370K->1760K(32768K)] 46908K->22306K(120320K), 0.0011259 secs] [Times: user=0.00 sys=0.00, real=0.00 secs] 
2014-07-09T16:20:31.739+0200: 94.343: [GC (Allocation Failure) [PSYoungGen: 24259K->7843K(32256K)] 44805K->28397K(119808K), 0.0091128 secs] [Times: user=0.03 sys=0.00, real=0.01 secs] 
2014-07-09T16:20:31.836+0200: 94.440: [GC (Allocation Failure) [PSYoungGen: 30348K->4706K(33280K)] 50902K->25268K(120832K), 0.0065960 secs] [Times: user=0.03 sys=0.00, real=0.01 secs] 
2014-07-09T16:20:31.931+0200: 94.534: [GC (Allocation Failure) [PSYoungGen: 27205K->2593K(32768K)] 47767K->23163K(120320K), 0.0021734 secs] [Times: user=0.00 sys=0.00, real=0.00 secs] 
2014-07-09T16:20:32.033+0200: 94.636: [GC (Allocation Failure) [PSYoungGen: 25092K->480K(32768K)] 45661K->21057K(120320K), 0.0016608 secs] [Times: user=0.00 sys=0.00, real=0.00 secs] 
2014-07-09T16:20:32.129+0200: 94.733: [GC (Allocation Failure) [PSYoungGen: 22994K->4514K(32768K)] 43571K->25099K(120320K), 0.0053678 secs] [Times: user=0.00 sys=0.00, real=0.01 secs] 
2014-07-09T16:20:32.228+0200: 94.832: [GC (Allocation Failure) [PSYoungGen: 27013K->2401K(32768K)] 47598K->22994K(120320K), 0.0026107 secs] [Times: user=0.02 sys=0.00, real=0.00 secs] 
2014-07-09T16:20:32.283+0200: 94.887: [GC (Allocation Failure) [PSYoungGen: 25439K->1024K(32768K)] 46033K->21625K(120320K), 0.0018460 secs] [Times: user=0.00 sys=0.00, real=0.00 secs] 
2014-07-09T16:20:32.379+0200: 94.982: [GC (Allocation Failure) [PSYoungGen: 24045K->6403K(32768K)] 44647K->27012K(120320K), 0.0048600 secs] [Times: user=0.00 sys=0.00, real=0.01 secs] 
2014-07-09T16:20:32.478+0200: 95.081: [GC (Allocation Failure) [PSYoungGen: 29926K->5314K(33280K)] 50536K->25932K(120832K), 0.0039497 secs] [Times: user=0.03 sys=0.00, real=0.00 secs] 
2014-07-09T16:20:32.577+0200: 95.181: [GC (Allocation Failure) [PSYoungGen: 28855K->2561K(33792K)] 49472K->23187K(121344K), 0.0013063 secs] [Times: user=0.00 sys=0.00, real=0.00 secs] 
2014-07-09T16:20:32.677+0200: 95.281: [GC (Allocation Failure) [PSYoungGen: 26596K->1984K(26112K)] 47222K->22618K(113664K), 0.0012044 secs] [Times: user=0.00 sys=0.00, real=0.00 secs] 
2014-07-09T16:20:32.778+0200: 95.381: [GC (Allocation Failure) [PSYoungGen: 26022K->1408K(33280K)] 46656K->22050K(120832K), 0.0025825 secs] [Times: user=0.00 sys=0.00, real=0.00 secs] 
2014-07-09T16:20:32.841+0200: 95.444: [GC (Allocation Failure) [PSYoungGen: 25455K->7491K(33280K)] 46097K->28141K(120832K), 0.0087514 secs] [Times: user=0.00 sys=0.00, real=0.01 secs] 
2014-07-09T16:20:32.938+0200: 95.542: [GC (Allocation Failure) [PSYoungGen: 31529K->6915K(32256K)] 52179K->27573K(119808K), 0.0074586 secs] [Times: user=0.00 sys=0.00, real=0.01 secs] 
2014-07-09T16:20:33.032+0200: 95.635: [GC (Allocation Failure) [PSYoungGen: 28902K->4290K(32768K)] 49559K->24955K(120320K), 0.0036428 secs] [Times: user=0.00 sys=0.00, real=0.00 secs] 
2014-07-09T16:20:33.132+0200: 95.735: [GC (Allocation Failure) [PSYoungGen: 26286K->128K(32768K)] 46951K->20801K(120320K), 0.0013679 secs] [Times: user=0.00 sys=0.00, real=0.00 secs] 
2014-07-09T16:20:33.231+0200: 95.835: [GC (Allocation Failure) [PSYoungGen: 22625K->6211K(32768K)] 43298K->26892K(120320K), 0.0077831 secs] [Times: user=0.00 sys=0.00, real=0.01 secs] 
2014-07-09T16:20:33.329+0200: 95.932: [GC (Allocation Failure) [PSYoungGen: 28713K->3073K(32768K)] 49395K->23763K(120320K), 0.0028622 secs] [Times: user=0.00 sys=0.00, real=0.00 secs] 
2014-07-09T16:20:33.428+0200: 96.031: [GC (Allocation Failure) [PSYoungGen: 25572K->960K(32768K)] 46262K->21658K(120320K), 0.0018287 secs] [Times: user=0.00 sys=0.00, real=0.00 secs] 
2014-07-09T16:20:33.481+0200: 96.084: [GC (Allocation Failure) [PSYoungGen: 23459K->7043K(31744K)] 44157K->27749K(119296K), 0.0090773 secs] [Times: user=0.00 sys=0.00, real=0.01 secs] 
2014-07-09T16:20:33.578+0200: 96.182: [GC (Allocation Failure) [PSYoungGen: 29051K->2209K(32768K)] 49756K->22922K(120320K), 0.0080907 secs] [Times: user=0.00 sys=0.00, real=0.01 secs] 
2014-07-09T16:20:33.633+0200: 96.236: [GC (Allocation Failure) [PSYoungGen: 24193K->7811K(31232K)] 44907K->28533K(118784K), 0.0061622 secs] [Times: user=0.03 sys=0.00, real=0.01 secs] 
2014-07-09T16:20:33.735+0200: 96.339: [GC (Allocation Failure) [PSYoungGen: 28772K->4162K(32256K)] 49493K->24891K(119808K), 0.0058367 secs] [Times: user=0.00 sys=0.00, real=0.01 secs] 
2014-07-09T16:20:33.831+0200: 96.435: [GC (Allocation Failure) [PSYoungGen: 25125K->7683K(31232K)] 45855K->28421K(118784K), 0.0098806 secs] [Times: user=0.03 sys=0.00, real=0.01 secs] 
2014-07-09T16:20:33.929+0200: 96.533: [GC (Allocation Failure) [PSYoungGen: 28643K->4033K(32256K)] 49381K->24779K(119808K), 0.0063412 secs] [Times: user=0.03 sys=0.00, real=0.01 secs] 
2014-07-09T16:20:34.027+0200: 96.631: [GC (Allocation Failure) [PSYoungGen: 24996K->384K(31744K)] 45741K->21137K(119296K), 0.0012550 secs] [Times: user=0.00 sys=0.00, real=0.00 secs] 
2014-07-09T16:20:34.078+0200: 96.681: [GC (Allocation Failure) [PSYoungGen: 21865K->3905K(32256K)] 42619K->24667K(119808K), 0.0026690 secs] [Times: user=0.00 sys=0.00, real=0.00 secs] 
2014-07-09T16:20:34.177+0200: 96.781: [GC (Allocation Failure) [PSYoungGen: 25380K->768K(32768K)] 46142K->21538K(120320K), 0.0016187 secs] [Times: user=0.00 sys=0.00, real=0.00 secs] 
2014-07-09T16:20:34.240+0200: 96.844: [GC (Allocation Failure) [PSYoungGen: 23267K->6851K(32768K)] 44037K->27629K(120320K), 0.0093083 secs] [Times: user=0.03 sys=0.00, real=0.01 secs] 
2014-07-09T16:20:34.331+0200: 96.935: [GC (Allocation Failure) [PSYoungGen: 29359K->3201K(32768K)] 50137K->23987K(120320K), 0.0027086 secs] [Times: user=0.00 sys=0.00, real=0.00 secs] 
2014-07-09T16:20:34.430+0200: 97.033: [GC (Allocation Failure) [PSYoungGen: 25700K->1088K(32768K)] 46486K->21882K(120320K), 0.0021660 secs] [Times: user=0.03 sys=0.00, real=0.00 secs] 
2014-07-09T16:20:34.532+0200: 97.135: [GC (Allocation Failure) [PSYoungGen: 23587K->7139K(32256K)] 44381K->27941K(119808K), 0.0086912 secs] [Times: user=0.01 sys=0.00, real=0.01 secs] 
2014-07-09T16:20:34.628+0200: 97.231: [GC (Allocation Failure) [PSYoungGen: 29143K->2881K(32768K)] 49945K->23691K(120320K), 0.0017378 secs] [Times: user=0.00 sys=0.00, real=0.00 secs] 
2014-07-09T16:20:34.727+0200: 97.331: [GC (Allocation Failure) [PSYoungGen: 24868K->256K(32768K)] 45677K->21073K(120320K), 0.0006607 secs] [Times: user=0.00 sys=0.00, real=0.00 secs] 
2014-07-09T16:20:34.779+0200: 97.382: [GC (Allocation Failure) [PSYoungGen: 22755K->6339K(32768K)] 43572K->27164K(120320K), 0.0051368 secs] [Times: user=0.00 sys=0.00, real=0.00 secs] 
2014-07-09T16:20:34.879+0200: 97.482: [GC (Allocation Failure) [PSYoungGen: 28841K->3201K(32768K)] 49667K->24035K(120320K), 0.0031805 secs] [Times: user=0.00 sys=0.00, real=0.00 secs] 
2014-07-09T16:20:34.998+0200: 97.602: [GC (Allocation Failure) [PSYoungGen: 25700K->1088K(32768K)] 46534K->21930K(120320K), 0.0250695 secs] [Times: user=0.03 sys=0.00, real=0.03 secs] 
2014-07-09T16:20:35.035+0200: 97.638: [GC (Allocation Failure) [PSYoungGen: 23596K->5634K(32256K)] 44438K->26484K(119808K), 0.0058370 secs] [Times: user=0.03 sys=0.00, real=0.01 secs] 
2014-07-09T16:20:35.132+0200: 97.736: [GC (Allocation Failure) [PSYoungGen: 28139K->2977K(32768K)] 48989K->23835K(120320K), 0.0032872 secs] [Times: user=0.02 sys=0.00, real=0.00 secs] 
2014-07-09T16:20:35.233+0200: 97.837: [GC (Allocation Failure) [PSYoungGen: 25476K->896K(33280K)] 46334K->21762K(120832K), 0.0018676 secs] [Times: user=0.00 sys=0.00, real=0.00 secs] 
2014-07-09T16:20:35.332+0200: 97.935: [GC (Allocation Failure) [PSYoungGen: 24425K->6979K(33280K)] 45291K->27853K(120832K), 0.0089600 secs] [Times: user=0.03 sys=0.00, real=0.01 secs] 
2014-07-09T16:20:35.432+0200: 98.036: [GC (Allocation Failure) [PSYoungGen: 30502K->5858K(33280K)] 51376K->26740K(120832K), 0.0086249 secs] [Times: user=0.00 sys=0.00, real=0.01 secs] 
2014-07-09T16:20:35.528+0200: 98.131: [GC (Allocation Failure) [PSYoungGen: 28872K->4290K(27648K)] 49753K->25179K(115200K), 0.0032714 secs] [Times: user=0.00 sys=0.00, real=0.00 secs] 
2014-07-09T16:20:35.628+0200: 98.231: [GC (Allocation Failure) [PSYoungGen: 27315K->1024K(32768K)] 48205K->21922K(120320K), 0.0006772 secs] [Times: user=0.00 sys=0.00, real=0.00 secs] 
2014-07-09T16:20:35.679+0200: 98.283: [GC (Allocation Failure) [PSYoungGen: 24035K->7619K(32768K)] 44933K->28525K(120320K), 0.0054217 secs] [Times: user=0.00 sys=0.00, real=0.01 secs] 
2014-07-09T16:20:35.780+0200: 98.384: [GC (Allocation Failure) [PSYoungGen: 30630K->6018K(32768K)] 51536K->26932K(120320K), 0.0073167 secs] [Times: user=0.00 sys=0.01, real=0.01 secs] 
2014-07-09T16:20:35.877+0200: 98.481: [GC (Allocation Failure) [PSYoungGen: 28014K->1856K(32768K)] 48928K->22778K(120320K), 0.0009906 secs] [Times: user=0.00 sys=0.00, real=0.00 secs] 
2014-07-09T16:20:35.933+0200: 98.537: [GC (Allocation Failure) [PSYoungGen: 23843K->7427K(31744K)] 44765K->28357K(119296K), 0.0060427 secs] [Times: user=0.00 sys=0.00, real=0.01 secs] 
2014-07-09T16:20:36.031+0200: 98.635: [GC (Allocation Failure) [PSYoungGen: 28387K->3777K(32256K)] 49317K->24715K(119808K), 0.0031390 secs] [Times: user=0.00 sys=0.00, real=0.00 secs] 
2014-07-09T16:20:36.131+0200: 98.734: [GC (Allocation Failure) [PSYoungGen: 24749K->6787K(32256K)] 45687K->27733K(119808K), 0.0087935 secs] [Times: user=0.00 sys=0.00, real=0.01 secs] 
2014-07-09T16:20:36.228+0200: 98.831: [GC (Allocation Failure) [PSYoungGen: 28259K->3649K(32256K)] 49205K->24603K(119808K), 0.0027226 secs] [Times: user=0.00 sys=0.00, real=0.00 secs] 
2014-07-09T16:20:36.283+0200: 98.886: [GC (Allocation Failure) [PSYoungGen: 25148K->640K(32768K)] 46102K->21601K(120320K), 0.0015263 secs] [Times: user=0.00 sys=0.00, real=0.00 secs] 
2014-07-09T16:20:36.379+0200: 98.982: [GC (Allocation Failure) [PSYoungGen: 22637K->5090K(27136K)] 43599K->26060K(114688K), 0.0038826 secs] [Times: user=0.03 sys=0.00, real=0.00 secs] 
2014-07-09T16:20:36.478+0200: 99.081: [GC (Allocation Failure) [PSYoungGen: 27077K->2465K(32256K)] 48046K->23442K(119808K), 0.0015120 secs] [Times: user=0.00 sys=0.00, real=0.00 secs] 
2014-07-09T16:20:36.540+0200: 99.143: [GC (Allocation Failure) [PSYoungGen: 24466K->6883K(32256K)] 45444K->27869K(119808K), 0.0078949 secs] [Times: user=0.00 sys=0.00, real=0.01 secs] 
2014-07-09T16:20:36.631+0200: 99.235: [GC (Allocation Failure) [PSYoungGen: 28873K->3233K(32768K)] 49859K->24227K(120320K), 0.0021946 secs] [Times: user=0.00 sys=0.00, real=0.00 secs] 
2014-07-09T16:20:36.734+0200: 99.338: [GC (Allocation Failure) [PSYoungGen: 25732K->1120K(32768K)] 46726K->22122K(120320K), 0.0020571 secs] [Times: user=0.00 sys=0.00, real=0.00 secs] 
2014-07-09T16:20:36.829+0200: 99.433: [GC (Allocation Failure) [PSYoungGen: 23622K->6178K(33280K)] 44624K->27188K(120832K), 0.0048409 secs] [Times: user=0.03 sys=0.00, real=0.01 secs] 
2014-07-09T16:20:36.929+0200: 99.532: [GC (Allocation Failure) [PSYoungGen: 29190K->4546K(27648K)] 50199K->25563K(115200K), 0.0061611 secs] [Times: user=0.00 sys=0.00, real=0.01 secs] 
2014-07-09T16:20:37.027+0200: 99.631: [GC (Allocation Failure) [PSYoungGen: 27557K->2977K(32768K)] 48575K->24003K(120320K), 0.0017737 secs] [Times: user=0.00 sys=0.00, real=0.00 secs] 
2014-07-09T16:20:37.080+0200: 99.684: [GC (Allocation Failure) [PSYoungGen: 25997K->8035K(32768K)] 47023K->29069K(120320K), 0.0066396 secs] [Times: user=0.03 sys=0.00, real=0.01 secs] 
2014-07-09T16:20:37.181+0200: 99.785: [GC (Allocation Failure) [PSYoungGen: 31049K->6435K(32256K)] 52082K->27476K(119808K), 0.0089941 secs] [Times: user=0.00 sys=0.00, real=0.01 secs] 
2014-07-09T16:20:37.279+0200: 99.883: [GC (Allocation Failure) [PSYoungGen: 28419K->3809K(32768K)] 49461K->24859K(120320K), 0.0040395 secs] [Times: user=0.00 sys=0.00, real=0.00 secs] 
2014-07-09T16:20:37.338+0200: 99.942: [GC (Allocation Failure) [PSYoungGen: 25805K->7843K(32256K)] 46855K->28901K(119808K), 0.0062642 secs] [Times: user=0.00 sys=0.00, real=0.01 secs] 
2014-07-09T16:20:37.436+0200: 100.040: [GC (Allocation Failure) [PSYoungGen: 29830K->5218K(32768K)] 50888K->26284K(120320K), 0.0072585 secs] [Times: user=0.03 sys=0.00, real=0.01 secs] 
2014-07-09T16:20:37.532+0200: 100.136: [GC (Allocation Failure) [PSYoungGen: 27205K->2593K(32768K)] 48271K->23667K(120320K), 0.0024619 secs] [Times: user=0.00 sys=0.02, real=0.00 secs] 
2014-07-09T16:20:37.633+0200: 100.236: [GC (Allocation Failure) [PSYoungGen: 25106K->7011K(32768K)] 46180K->28093K(120320K), 0.0086993 secs] [Times: user=0.00 sys=0.00, real=0.01 secs] 
2014-07-09T16:20:37.729+0200: 100.333: [GC (Allocation Failure) [PSYoungGen: 29510K->4898K(32768K)] 50592K->25988K(120320K), 0.0058041 secs] [Times: user=0.00 sys=0.00, real=0.00 secs] 
2014-07-09T16:20:37.828+0200: 100.432: [GC (Allocation Failure) [PSYoungGen: 27400K->1760K(32768K)] 48490K->22858K(120320K), 0.0021213 secs] [Times: user=0.00 sys=0.00, real=0.00 secs] 
2014-07-09T16:20:37.884+0200: 100.487: [GC (Allocation Failure) [PSYoungGen: 24259K->7811K(32256K)] 45357K->28917K(119808K), 0.0116312 secs] [Times: user=0.02 sys=0.00, real=0.01 secs] 
2014-07-09T16:20:37.979+0200: 100.583: [GC (Allocation Failure) [PSYoungGen: 29798K->5218K(32768K)] 50904K->26332K(120320K), 0.0064728 secs] [Times: user=0.00 sys=0.00, real=0.01 secs] 
2014-07-09T16:20:38.077+0200: 100.681: [GC (Allocation Failure) [PSYoungGen: 27220K->544K(32256K)] 48334K->21666K(119808K), 0.0013638 secs] [Times: user=0.00 sys=0.00, real=0.00 secs] 
2014-07-09T16:20:38.133+0200: 100.736: [GC (Allocation Failure) [PSYoungGen: 22528K->6114K(32768K)] 43650K->27244K(120320K), 0.0051746 secs] [Times: user=0.00 sys=0.00, real=0.01 secs] 
2014-07-09T16:20:38.235+0200: 100.838: [GC (Allocation Failure) [PSYoungGen: 28101K->3489K(31744K)] 49231K->24627K(119296K), 0.0058895 secs] [Times: user=0.03 sys=0.00, real=0.01 secs] 
2014-07-09T16:20:38.336+0200: 100.939: [GC (Allocation Failure) [PSYoungGen: 25479K->8003K(32256K)] 46617K->29157K(119808K), 0.0104210 secs] [Times: user=0.01 sys=0.00, real=0.01 secs] 
2014-07-09T16:20:38.431+0200: 101.035: [GC (Allocation Failure) [PSYoungGen: 29990K->5378K(32768K)] 51144K->26540K(120320K), 0.0145899 secs] [Times: user=0.02 sys=0.00, real=0.02 secs] 
2014-07-09T16:20:38.528+0200: 101.132: [GC (Allocation Failure) [PSYoungGen: 27365K->2753K(25088K)] 48527K->23923K(112640K), 0.0026445 secs] [Times: user=0.00 sys=0.00, real=0.00 secs] 
2014-07-09T16:20:38.578+0200: 101.182: [GC (Allocation Failure) [PSYoungGen: 24755K->6691K(31744K)] 45924K->27869K(119296K), 0.0055738 secs] [Times: user=0.03 sys=0.00, real=0.01 secs] 
2014-07-09T16:20:38.680+0200: 101.284: [GC (Allocation Failure) [PSYoungGen: 28163K->3553K(32256K)] 49341K->24739K(119808K), 0.0038118 secs] [Times: user=0.00 sys=0.00, real=0.00 secs] 
2014-07-09T16:20:38.777+0200: 101.381: [GC (Allocation Failure) [PSYoungGen: 25028K->416K(32768K)] 46213K->21609K(120320K), 0.0012033 secs] [Times: user=0.00 sys=0.00, real=0.00 secs] 
2014-07-09T16:20:38.838+0200: 101.441: [GC (Allocation Failure) [PSYoungGen: 22924K->4962K(32768K)] 44118K->26164K(120320K), 0.0062220 secs] [Times: user=0.00 sys=0.00, real=0.01 secs] 
2014-07-09T16:20:38.934+0200: 101.538: [GC (Allocation Failure) [PSYoungGen: 27461K->2849K(32256K)] 48663K->24059K(119808K), 0.0037333 secs] [Times: user=0.00 sys=0.00, real=0.00 secs] 
2014-07-09T16:20:39.031+0200: 101.635: [GC (Allocation Failure) [PSYoungGen: 25866K->704K(32768K)] 47076K->21922K(120320K), 0.0024718 secs] [Times: user=0.02 sys=0.00, real=0.00 secs] 
2014-07-09T16:20:39.128+0200: 101.732: [GC (Allocation Failure) [PSYoungGen: 23721K->6307K(32768K)] 44938K->27532K(120320K), 0.0051086 secs] [Times: user=0.00 sys=0.00, real=0.01 secs] 
2014-07-09T16:20:39.228+0200: 101.832: [GC (Allocation Failure) [PSYoungGen: 29318K->4706K(33280K)] 50544K->25940K(120832K), 0.0031922 secs] [Times: user=0.00 sys=0.00, real=0.00 secs] 
2014-07-09T16:20:39.328+0200: 101.932: [GC (Allocation Failure) [PSYoungGen: 27720K->2080K(33280K)] 48954K->23322K(120832K), 0.0019970 secs] [Times: user=0.03 sys=0.00, real=0.00 secs] 
2014-07-09T16:20:39.428+0200: 102.032: [GC (Allocation Failure) [PSYoungGen: 25604K->992K(33280K)] 46846K->22242K(120832K), 0.0017488 secs] [Times: user=0.00 sys=0.00, real=0.00 secs] 
2014-07-09T16:20:39.481+0200: 102.085: [GC (Allocation Failure) [PSYoungGen: 24515K->8099K(31744K)] 45765K->29357K(119296K), 0.0193428 secs] [Times: user=0.03 sys=0.00, real=0.02 secs] 
2014-07-09T16:20:39.599+0200: 102.203: [GC (Allocation Failure) [PSYoungGen: 30106K->3265K(32768K)] 51364K->24531K(120320K), 0.0046598 secs] [Times: user=0.00 sys=0.00, real=0.01 secs] 
2014-07-09T16:20:39.677+0200: 102.281: [GC (Allocation Failure) [PSYoungGen: 25252K->672K(32256K)] 46518K->21946K(119808K), 0.0014478 secs] [Times: user=0.00 sys=0.00, real=0.00 secs] 
2014-07-09T16:20:39.739+0200: 102.343: [GC (Allocation Failure) [PSYoungGen: 23171K->6755K(32768K)] 44445K->28037K(120320K), 0.0086604 secs] [Times: user=0.00 sys=0.00, real=0.01 secs] 
2014-07-09T16:20:39.831+0200: 102.435: [GC (Allocation Failure) [PSYoungGen: 29257K->3617K(32768K)] 50539K->24907K(120320K), 0.0033231 secs] [Times: user=0.00 sys=0.00, real=0.00 secs] 
2014-07-09T16:20:39.933+0200: 102.537: [GC (Allocation Failure) [PSYoungGen: 26116K->1504K(32768K)] 47406K->22802K(120320K), 0.0025129 secs] [Times: user=0.00 sys=0.00, real=0.00 secs] 
2014-07-09T16:20:40.033+0200: 102.636: [GC (Allocation Failure) [PSYoungGen: 24003K->7555K(31744K)] 45301K->28861K(119296K), 0.0112422 secs] [Times: user=0.00 sys=0.00, real=0.01 secs] 
2014-07-09T16:20:40.128+0200: 102.731: [GC (Allocation Failure) [PSYoungGen: 29551K->3425K(32768K)] 50857K->24739K(120320K), 0.0019127 secs] [Times: user=0.00 sys=0.00, real=0.00 secs] 
2014-07-09T16:20:40.230+0200: 102.834: [GC (Allocation Failure) [PSYoungGen: 25412K->768K(32256K)] 46726K->22090K(119808K), 0.0020967 secs] [Times: user=0.02 sys=0.00, real=0.00 secs] 
2014-07-09T16:20:40.279+0200: 102.883: [GC (Allocation Failure) [PSYoungGen: 23267K->6883K(32768K)] 44589K->28213K(120320K), 0.0055643 secs] [Times: user=0.03 sys=0.00, real=0.01 secs] 
2014-07-09T16:20:40.378+0200: 102.980: [GC (Allocation Failure) [PSYoungGen: 29391K->3233K(32768K)] 50721K->24571K(120320K), 0.0022023 secs] [Times: user=0.00 sys=0.00, real=0.00 secs] 
2014-07-09T16:20:40.478+0200: 103.081: [GC (Allocation Failure) [PSYoungGen: 25732K->1120K(32768K)] 47070K->22466K(120320K), 0.0020014 secs] [Times: user=0.00 sys=0.00, real=0.00 secs] 
2014-07-09T16:20:40.538+0200: 103.141: [GC (Allocation Failure) [PSYoungGen: 23619K->7203K(32256K)] 44965K->28557K(119808K), 0.0052680 secs] [Times: user=0.00 sys=0.00, real=0.01 secs] 
2014-07-09T16:20:40.631+0200: 103.234: [GC (Allocation Failure) [PSYoungGen: 29207K->2913K(32768K)] 50561K->24275K(120320K), 0.0021305 secs] [Times: user=0.00 sys=0.00, real=0.00 secs] 
2014-07-09T16:20:40.729+0200: 103.332: [GC (Allocation Failure) [PSYoungGen: 24900K->288K(32768K)] 46261K->21657K(120320K), 0.0007717 secs] [Times: user=0.00 sys=0.00, real=0.00 secs] 
2014-07-09T16:20:40.830+0200: 103.433: [GC (Allocation Failure) [PSYoungGen: 22790K->5346K(32768K)] 44160K->26724K(120320K), 0.0061762 secs] [Times: user=0.00 sys=0.00, real=0.01 secs] 
2014-07-09T16:20:40.929+0200: 103.531: [GC (Allocation Failure) [PSYoungGen: 27845K->3233K(32256K)] 49223K->24619K(119808K), 0.0032509 secs] [Times: user=0.00 sys=0.00, real=0.00 secs] 
2014-07-09T16:20:41.028+0200: 103.631: [GC (Allocation Failure) [PSYoungGen: 26244K->1632K(32768K)] 47630K->23026K(120320K), 0.0020230 secs] [Times: user=0.02 sys=0.02, real=0.00 secs] 
2014-07-09T16:20:41.081+0200: 103.684: [GC (Allocation Failure) [PSYoungGen: 24658K->6178K(33792K)] 46052K->27580K(121344K), 0.0076298 secs] [Times: user=0.00 sys=0.00, real=0.01 secs] 
2014-07-09T16:20:41.180+0200: 103.782: [GC (Allocation Failure) [PSYoungGen: 30214K->5602K(29696K)] 51616K->27012K(117248K), 0.0080702 secs] [Times: user=0.03 sys=0.00, real=0.01 secs] 
2014-07-09T16:20:41.278+0200: 103.881: [GC (Allocation Failure) [PSYoungGen: 29643K->4001K(33792K)] 51053K->25419K(121344K), 0.0030078 secs] [Times: user=0.03 sys=0.00, real=0.00 secs] 
2014-07-09T16:20:41.379+0200: 103.982: [GC (Allocation Failure) [PSYoungGen: 27527K->2913K(26624K)] 48945K->24339K(114176K), 0.0029539 secs] [Times: user=0.00 sys=0.00, real=0.00 secs] 
2014-07-09T16:20:41.478+0200: 104.081: [GC (Allocation Failure) [PSYoungGen: 26436K->1824K(32768K)] 47862K->23258K(120320K), 0.0021638 secs] [Times: user=0.00 sys=0.00, real=0.00 secs] 
2014-07-09T16:20:41.538+0200: 104.140: [GC (Allocation Failure) [PSYoungGen: 25369K->64K(32768K)] 46802K->21505K(120320K), 0.0006794 secs] [Times: user=0.00 sys=0.00, real=0.00 secs] 
2014-07-09T16:20:41.632+0200: 104.235: [GC (Allocation Failure) [PSYoungGen: 23614K->6211K(33280K)] 45056K->27660K(120832K), 0.0048864 secs] [Times: user=0.00 sys=0.00, real=0.01 secs] 
2014-07-09T16:20:41.737+0200: 104.340: [GC (Allocation Failure) [PSYoungGen: 30246K->5602K(33792K)] 51696K->27060K(121344K), 0.0060321 secs] [Times: user=0.00 sys=0.00, real=0.01 secs] 
2014-07-09T16:20:41.835+0200: 104.438: [GC (Allocation Failure) [PSYoungGen: 29649K->3521K(32768K)] 51107K->24987K(120320K), 0.0054052 secs] [Times: user=0.01 sys=0.00, real=0.01 secs] 
2014-07-09T16:20:41.934+0200: 104.537: [GC (Allocation Failure) [PSYoungGen: 27559K->2945K(33280K)] 49025K->24419K(120832K), 0.0047874 secs] [Times: user=0.03 sys=0.00, real=0.00 secs] 
2014-07-09T16:20:42.031+0200: 104.633: [GC (Allocation Failure) [PSYoungGen: 26983K->2369K(34304K)] 48456K->23850K(121856K), 0.0018086 secs] [Times: user=0.00 sys=0.00, real=0.00 secs] 
2014-07-09T16:20:42.133+0200: 104.736: [GC (Allocation Failure) [PSYoungGen: 27952K->1792K(34304K)] 49434K->23282K(121856K), 0.0028014 secs] [Times: user=0.00 sys=0.00, real=0.00 secs] 
2014-07-09T16:20:42.237+0200: 104.840: [GC (Allocation Failure) [PSYoungGen: 27369K->2721K(34304K)] 48859K->24219K(121856K), 0.0055412 secs] [Times: user=0.00 sys=0.00, real=0.01 secs] 
2014-07-09T16:20:42.331+0200: 104.934: [GC (Allocation Failure) [PSYoungGen: 28813K->3201K(34304K)] 50311K->24707K(121856K), 0.0023966 secs] [Times: user=0.00 sys=0.00, real=0.00 secs] 
2014-07-09T16:20:42.436+0200: 105.039: [GC (Allocation Failure) [PSYoungGen: 29290K->4674K(34816K)] 50796K->26188K(122368K), 0.0060735 secs] [Times: user=0.00 sys=0.00, real=0.01 secs] 
2014-07-09T16:20:42.540+0200: 105.143: [GC (Allocation Failure) [PSYoungGen: 31787K->7171K(34816K)] 53301K->28693K(122368K), 0.0097940 secs] [Times: user=0.00 sys=0.00, real=0.01 secs] 
2014-07-09T16:20:42.633+0200: 105.236: [GC (Allocation Failure) [PSYoungGen: 34275K->7459K(32768K)] 55797K->28989K(120320K), 0.0063005 secs] [Times: user=0.03 sys=0.00, real=0.01 secs] 
2014-07-09T16:20:42.738+0200: 105.341: [GC (Allocation Failure) [PSYoungGen: 31497K->6851K(31232K)] 53027K->28389K(118784K), 0.0122867 secs] [Times: user=0.01 sys=0.00, real=0.01 secs] 
2014-07-09T16:20:42.834+0200: 105.437: [GC (Allocation Failure) [PSYoungGen: 30892K->5282K(33792K)] 52430K->26828K(121344K), 0.0039893 secs] [Times: user=0.00 sys=0.00, real=0.00 secs] 
2014-07-09T16:20:42.936+0200: 105.539: [GC (Allocation Failure) [PSYoungGen: 28808K->4194K(28160K)] 50353K->25747K(115712K), 0.0051856 secs] [Times: user=0.00 sys=0.00, real=0.01 secs] 
2014-07-09T16:20:43.034+0200: 105.637: [GC (Allocation Failure) [PSYoungGen: 27717K->3105K(32768K)] 49271K->24667K(120320K), 0.0047364 secs] [Times: user=0.00 sys=0.00, real=0.01 secs] 
2014-07-09T16:20:43.132+0200: 105.735: [GC (Allocation Failure) [PSYoungGen: 26640K->480K(32768K)] 48201K->22049K(120320K), 0.0016414 secs] [Times: user=0.00 sys=0.00, real=0.00 secs] 
2014-07-09T16:20:43.231+0200: 105.834: [GC (Allocation Failure) [PSYoungGen: 24003K->7587K(32256K)] 45573K->29165K(119808K), 0.0092287 secs] [Times: user=0.00 sys=0.00, real=0.01 secs] 
2014-07-09T16:20:43.329+0200: 105.932: [GC (Allocation Failure) [PSYoungGen: 30610K->4450K(33280K)] 52187K->26035K(120832K), 0.0071107 secs] [Times: user=0.00 sys=0.00, real=0.01 secs] 
2014-07-09T16:20:43.427+0200: 106.030: [GC (Allocation Failure) [PSYoungGen: 27461K->2849K(31744K)] 49047K->24443K(119296K), 0.0014071 secs] [Times: user=0.00 sys=0.00, real=0.00 secs] 
2014-07-09T16:20:43.528+0200: 106.131: [GC (Allocation Failure) [PSYoungGen: 26372K->1760K(32768K)] 47966K->23362K(120320K), 0.0012234 secs] [Times: user=0.00 sys=0.00, real=0.00 secs] 
2014-07-09T16:20:43.580+0200: 106.183: [GC (Allocation Failure) [PSYoungGen: 25303K->7203K(32256K)] 46905K->28813K(119808K), 0.0053498 secs] [Times: user=0.00 sys=0.00, real=0.01 secs] 
2014-07-09T16:20:43.679+0200: 106.282: [GC (Allocation Failure) [PSYoungGen: 30214K->5602K(33280K)] 51824K->27220K(120832K), 0.0042246 secs] [Times: user=0.03 sys=0.00, real=0.00 secs] 
2014-07-09T16:20:43.779+0200: 106.382: [GC (Allocation Failure) [PSYoungGen: 28619K->2977K(32768K)] 50237K->24603K(120320K), 0.0038686 secs] [Times: user=0.00 sys=0.00, real=0.00 secs] 
2014-07-09T16:20:43.878+0200: 106.481: [GC (Allocation Failure) [PSYoungGen: 26500K->1888K(33280K)] 48126K->23522K(120832K), 0.0019779 secs] [Times: user=0.00 sys=0.00, real=0.00 secs] 
2014-07-09T16:20:43.977+0200: 106.580: [GC (Allocation Failure) [PSYoungGen: 25414K->800K(33792K)] 47048K->22442K(121344K), 0.0007497 secs] [Times: user=0.01 sys=0.00, real=0.00 secs] 
2014-07-09T16:20:44.034+0200: 106.637: [GC (Allocation Failure) [PSYoungGen: 24862K->256K(33792K)] 46504K->21905K(121344K), 0.0009096 secs] [Times: user=0.00 sys=0.00, real=0.00 secs] 
2014-07-09T16:20:44.138+0200: 106.741: [GC (Allocation Failure) [PSYoungGen: 24314K->5826K(33792K)] 45963K->27484K(121344K), 0.0076111 secs] [Times: user=0.00 sys=0.00, real=0.01 secs] 
2014-07-09T16:20:44.237+0200: 106.840: [GC (Allocation Failure) [PSYoungGen: 29864K->5250K(33792K)] 51522K->26916K(121344K), 0.0071609 secs] [Times: user=0.03 sys=0.00, real=0.01 secs] 
2014-07-09T16:20:44.331+0200: 106.934: [GC (Allocation Failure) [PSYoungGen: 29291K->3649K(32768K)] 50957K->25323K(120320K), 0.0030423 secs] [Times: user=0.00 sys=0.00, real=0.00 secs] 
2014-07-09T16:20:44.433+0200: 107.036: [GC (Allocation Failure) [PSYoungGen: 27687K->3041K(33280K)] 49361K->24723K(120832K), 0.0151160 secs] [Times: user=0.02 sys=0.00, real=0.01 secs] 
2014-07-09T16:20:44.533+0200: 107.136: [GC (Allocation Failure) [PSYoungGen: 27079K->2497K(34304K)] 48760K->24186K(121856K), 0.0031937 secs] [Times: user=0.00 sys=0.00, real=0.00 secs] 
2014-07-09T16:20:44.635+0200: 107.238: [GC (Allocation Failure) [PSYoungGen: 28088K->1792K(34304K)] 49778K->23490K(121856K), 0.0027519 secs] [Times: user=0.00 sys=0.00, real=0.00 secs] 
2014-07-09T16:20:44.734+0200: 107.337: [GC (Allocation Failure) [PSYoungGen: 27369K->2753K(33792K)] 49067K->24459K(121344K), 0.0040039 secs] [Times: user=0.00 sys=0.00, real=0.00 secs] 
2014-07-09T16:20:44.834+0200: 107.438: [GC (Allocation Failure) [PSYoungGen: 28851K->2689K(34304K)] 50557K->24403K(121856K), 0.0040706 secs] [Times: user=0.03 sys=0.00, real=0.00 secs] 
2014-07-09T16:20:44.932+0200: 107.536: [GC (Allocation Failure) [PSYoungGen: 28776K->4162K(35328K)] 50489K->25883K(122880K), 0.0033370 secs] [Times: user=0.00 sys=0.00, real=0.00 secs] 
2014-07-09T16:20:45.033+0200: 107.636: [GC (Allocation Failure) [PSYoungGen: 31787K->7171K(35328K)] 53509K->28901K(122880K), 0.0060952 secs] [Times: user=0.03 sys=0.00, real=0.01 secs] 
2014-07-09T16:20:45.177+0200: 107.781: [GC (Allocation Failure) [PSYoungGen: 34808K->448K(34304K)] 56537K->22185K(121856K), 0.0012660 secs] [Times: user=0.02 sys=0.00, real=0.00 secs] 
2014-07-09T16:20:45.278+0200: 107.881: [GC (Allocation Failure) [PSYoungGen: 26534K->1920K(34816K)] 48272K->23666K(122368K), 0.0022555 secs] [Times: user=0.00 sys=0.00, real=0.00 secs] 
2014-07-09T16:20:45.378+0200: 107.981: [GC (Allocation Failure) [PSYoungGen: 28015K->2369K(33792K)] 49760K->24122K(121344K), 0.0014504 secs] [Times: user=0.00 sys=0.00, real=0.00 secs] 
2014-07-09T16:20:45.478+0200: 108.081: [GC (Allocation Failure) [PSYoungGen: 28455K->3841K(34304K)] 50209K->25603K(121856K), 0.0026643 secs] [Times: user=0.00 sys=0.00, real=0.00 secs] 
2014-07-09T16:20:45.582+0200: 108.185: [GC (Allocation Failure) [PSYoungGen: 29953K->3137K(35328K)] 51715K->24907K(122880K), 0.0017242 secs] [Times: user=0.00 sys=0.00, real=0.00 secs] 
2014-07-09T16:20:45.682+0200: 108.285: [GC (Allocation Failure) [PSYoungGen: 30762K->6114K(35328K)] 52532K->27892K(122880K), 0.0092606 secs] [Times: user=0.00 sys=0.00, real=0.01 secs] 
2014-07-09T16:20:45.780+0200: 108.383: [GC (Allocation Failure) [PSYoungGen: 33745K->8131K(33280K)] 55523K->29917K(120832K), 0.0065230 secs] [Times: user=0.00 sys=0.00, real=0.01 secs] 
2014-07-09T16:20:45.927+0200: 108.530: [GC (Allocation Failure) [PSYoungGen: 33196K->384K(25600K)] 54981K->22177K(113152K), 0.0013415 secs] [Times: user=0.01 sys=0.00, real=0.00 secs] 
2014-07-09T16:20:46.028+0200: 108.631: [GC (Allocation Failure) [PSYoungGen: 25446K->832K(34304K)] 47240K->22634K(121856K), 0.0014489 secs] [Times: user=0.00 sys=0.00, real=0.00 secs] 
2014-07-09T16:20:46.083+0200: 108.686: [GC (Allocation Failure) [PSYoungGen: 25391K->7395K(32256K)] 47193K->29205K(119808K), 0.0078550 secs] [Times: user=0.02 sys=0.00, real=0.01 secs] 
2014-07-09T16:20:46.181+0200: 108.784: [GC (Allocation Failure) [PSYoungGen: 31945K->7363K(31232K)] 53755K->29181K(118784K), 0.0089695 secs] [Times: user=0.00 sys=0.00, real=0.01 secs] 
2014-07-09T16:20:46.279+0200: 108.882: [GC (Allocation Failure) [PSYoungGen: 28323K->3713K(32256K)] 50141K->25539K(119808K), 0.0041594 secs] [Times: user=0.00 sys=0.00, real=0.00 secs] 
2014-07-09T16:20:46.341+0200: 108.944: [GC (Allocation Failure) [PSYoungGen: 24685K->6723K(31744K)] 46511K->28557K(119296K), 0.0099854 secs] [Times: user=0.03 sys=0.00, real=0.01 secs] 
2014-07-09T16:20:46.435+0200: 109.038: [GC (Allocation Failure) [PSYoungGen: 28195K->3585K(32256K)] 50029K->25427K(119808K), 0.0048409 secs] [Times: user=0.00 sys=0.00, real=0.01 secs] 
2014-07-09T16:20:46.533+0200: 109.136: [GC (Allocation Failure) [PSYoungGen: 25060K->448K(32768K)] 46901K->22297K(120320K), 0.0033411 secs] [Times: user=0.01 sys=0.00, real=0.00 secs] 
2014-07-09T16:20:46.628+0200: 109.231: [GC (Allocation Failure) [PSYoungGen: 22962K->4866K(32768K)] 44812K->26724K(120320K), 0.0043009 secs] [Times: user=0.02 sys=0.00, real=0.00 secs] 
2014-07-09T16:20:46.728+0200: 109.332: [GC (Allocation Failure) [PSYoungGen: 27365K->2753K(32256K)] 49223K->24619K(119808K), 0.0027438 secs] [Times: user=0.00 sys=0.00, real=0.00 secs] 
2014-07-09T16:20:46.827+0200: 109.430: [GC (Allocation Failure) [PSYoungGen: 25770K->128K(32768K)] 47635K->22009K(120320K), 0.0006882 secs] [Times: user=0.00 sys=0.00, real=0.00 secs] 
2014-07-09T16:20:46.879+0200: 109.482: [GC (Allocation Failure) [PSYoungGen: 23139K->6723K(32768K)] 45021K->28613K(120320K), 0.0055815 secs] [Times: user=0.03 sys=0.00, real=0.01 secs] 
2014-07-09T16:20:46.980+0200: 109.583: [GC (Allocation Failure) [PSYoungGen: 29734K->5122K(33280K)] 51624K->27020K(120832K), 0.0060684 secs] [Times: user=0.00 sys=0.00, real=0.01 secs] 
2014-07-09T16:20:47.078+0200: 109.681: [GC (Allocation Failure) [PSYoungGen: 28148K->1472K(33280K)] 50046K->23378K(120832K), 0.0020920 secs] [Times: user=0.00 sys=0.00, real=0.00 secs] 
2014-07-09T16:20:47.143+0200: 109.747: [GC (Allocation Failure) [PSYoungGen: 24483K->8035K(31232K)] 46389K->29949K(118784K), 0.0153066 secs] [Times: user=0.01 sys=0.00, real=0.01 secs] 
2014-07-09T16:20:47.237+0200: 109.840: [GC (Allocation Failure) [PSYoungGen: 31049K->6467K(32256K)] 52962K->28388K(119808K), 0.0089094 secs] [Times: user=0.03 sys=0.00, real=0.01 secs] 
2014-07-09T16:20:47.334+0200: 109.938: [GC (Allocation Failure) [PSYoungGen: 27430K->1792K(32256K)] 49352K->23722K(119808K), 0.0053351 secs] [Times: user=0.00 sys=0.00, real=0.01 secs] 
2014-07-09T16:20:47.433+0200: 110.036: [GC (Allocation Failure) [PSYoungGen: 22755K->6339K(32256K)] 44684K->28276K(119808K), 0.0085878 secs] [Times: user=0.03 sys=0.00, real=0.01 secs] 
2014-07-09T16:20:47.531+0200: 110.135: [GC (Allocation Failure) [PSYoungGen: 27299K->2657K(24064K)] 49237K->24603K(111616K), 0.0063393 secs] [Times: user=0.02 sys=0.00, real=0.01 secs] 
2014-07-09T16:20:47.580+0200: 110.183: [GC (Allocation Failure) [PSYoungGen: 23631K->5570K(31744K)] 45577K->27524K(119296K), 0.0047122 secs] [Times: user=0.02 sys=0.00, real=0.00 secs] 
2014-07-09T16:20:47.678+0200: 110.281: [GC (Allocation Failure) [PSYoungGen: 26530K->1920K(31744K)] 48484K->23882K(119296K), 0.0030808 secs] [Times: user=0.00 sys=0.00, real=0.00 secs] 
2014-07-09T16:20:47.741+0200: 110.344: [GC (Allocation Failure) [PSYoungGen: 22883K->6435K(31744K)] 44844K->28404K(119296K), 0.0246405 secs] [Times: user=0.00 sys=0.00, real=0.03 secs] 
2014-07-09T16:20:47.834+0200: 110.437: [GC (Allocation Failure) [PSYoungGen: 27916K->1792K(32256K)] 49886K->23770K(119808K), 0.0041986 secs] [Times: user=0.00 sys=0.00, real=0.00 secs] 
2014-07-09T16:20:47.930+0200: 110.534: [GC (Allocation Failure) [PSYoungGen: 23267K->6851K(32768K)] 45245K->28837K(120320K), 0.0088129 secs] [Times: user=0.00 sys=0.00, real=0.01 secs] 
2014-07-09T16:20:48.028+0200: 110.631: [GC (Allocation Failure) [PSYoungGen: 28838K->4226K(26624K)] 50823K->26219K(114176K), 0.0029755 secs] [Times: user=0.00 sys=0.00, real=0.00 secs] 
2014-07-09T16:20:48.127+0200: 110.730: [GC (Allocation Failure) [PSYoungGen: 26220K->32K(31744K)] 48213K->22033K(119296K), 0.0007395 secs] [Times: user=0.02 sys=0.00, real=0.00 secs] 
2014-07-09T16:20:48.179+0200: 110.782: [GC (Allocation Failure) [PSYoungGen: 21504K->5122K(32256K)] 43506K->27132K(119808K), 0.0036542 secs] [Times: user=0.00 sys=0.00, real=0.00 secs] 
2014-07-09T16:20:48.279+0200: 110.882: [GC (Allocation Failure) [PSYoungGen: 26594K->1952K(32768K)] 48604K->23970K(120320K), 0.0233530 secs] [Times: user=0.03 sys=0.00, real=0.02 secs] 
2014-07-09T16:20:48.334+0200: 110.937: [GC (Allocation Failure) [PSYoungGen: 24457K->7043K(32768K)] 46475K->29069K(120320K), 0.0051045 secs] [Times: user=0.00 sys=0.00, real=0.00 secs] 
2014-07-09T16:20:48.436+0200: 111.039: [GC (Allocation Failure) [PSYoungGen: 29542K->4930K(32768K)] 51568K->26964K(120320K), 0.0090744 secs] [Times: user=0.03 sys=0.00, real=0.01 secs] 
2014-07-09T16:20:48.536+0200: 111.139: [GC (Allocation Failure) [PSYoungGen: 27443K->1632K(32768K)] 49477K->23674K(120320K), 0.0036597 secs] [Times: user=0.00 sys=0.00, real=0.00 secs] 
2014-07-09T16:20:48.629+0200: 111.232: [GC (Allocation Failure) [PSYoungGen: 24137K->6723K(32256K)] 46179K->28773K(119808K), 0.0048787 secs] [Times: user=0.00 sys=0.00, real=0.01 secs] 
2014-07-09T16:20:48.728+0200: 111.332: [GC (Allocation Failure) [PSYoungGen: 28707K->4097K(32768K)] 50757K->26155K(120320K), 0.0027886 secs] [Times: user=0.00 sys=0.00, real=0.00 secs] 
2014-07-09T16:20:48.827+0200: 111.431: [GC (Allocation Failure) [PSYoungGen: 26090K->448K(32768K)] 48147K->22513K(120320K), 0.0014199 secs] [Times: user=0.00 sys=0.00, real=0.00 secs] 
2014-07-09T16:20:48.880+0200: 111.483: [GC (Allocation Failure) [PSYoungGen: 22947K->6531K(32768K)] 45012K->28604K(120320K), 0.0055379 secs] [Times: user=0.00 sys=0.00, real=0.00 secs] 
2014-07-09T16:20:49.000+0200: 111.604: [GC (Allocation Failure) [PSYoungGen: 29030K->4418K(32768K)] 51103K->26499K(120320K), 0.0034093 secs] [Times: user=0.00 sys=0.01, real=0.00 secs] 
2014-07-09T16:20:49.077+0200: 111.680: [GC (Allocation Failure) [PSYoungGen: 26926K->768K(32768K)] 49008K->22858K(120320K), 0.0007732 secs] [Times: user=0.00 sys=0.00, real=0.00 secs] 
2014-07-09T16:20:49.134+0200: 111.737: [GC (Allocation Failure) [PSYoungGen: 23267K->6851K(32256K)] 45357K->28949K(119808K), 0.0047676 secs] [Times: user=0.00 sys=0.00, real=0.00 secs] 
2014-07-09T16:20:49.236+0200: 111.839: [GC (Allocation Failure) [PSYoungGen: 28838K->4226K(26624K)] 50935K->26331K(114176K), 0.0058359 secs] [Times: user=0.00 sys=0.00, real=0.01 secs] 
2014-07-09T16:20:49.330+0200: 111.933: [GC (Allocation Failure) [PSYoungGen: 26220K->32K(31744K)] 48325K->22145K(119296K), 0.0006691 secs] [Times: user=0.00 sys=0.00, real=0.00 secs] 
2014-07-09T16:20:49.428+0200: 112.032: [GC (Allocation Failure) [PSYoungGen: 22016K->5634K(32256K)] 44130K->27756K(119808K), 0.0042261 secs] [Times: user=0.00 sys=0.00, real=0.01 secs] 
2014-07-09T16:20:49.528+0200: 112.131: [GC (Allocation Failure) [PSYoungGen: 27621K->2977K(32256K)] 49743K->25107K(119808K), 0.0029396 secs] [Times: user=0.00 sys=0.00, real=0.00 secs] 
2014-07-09T16:20:49.581+0200: 112.184: [GC (Allocation Failure) [PSYoungGen: 26002K->7939K(32768K)] 48132K->30077K(120320K), 0.0057960 secs] [Times: user=0.00 sys=0.00, real=0.01 secs] 
2014-07-09T16:20:49.681+0200: 112.284: [GC (Allocation Failure) [PSYoungGen: 30953K->6339K(32768K)] 53090K->28484K(120320K), 0.0087517 secs] [Times: user=0.03 sys=0.00, real=0.01 secs] 
2014-07-09T16:20:49.779+0200: 112.383: [GC (Allocation Failure) [PSYoungGen: 28323K->3713K(26112K)] 50469K->25867K(113664K), 0.0038202 secs] [Times: user=0.03 sys=0.00, real=0.00 secs] 
2014-07-09T16:20:49.877+0200: 112.480: [GC (Allocation Failure) [PSYoungGen: 25704K->64K(31744K)] 47857K->22225K(119296K), 0.0011651 secs] [Times: user=0.00 sys=0.00, real=0.00 secs] 
2014-07-09T16:20:49.944+0200: 112.547: [GC (Allocation Failure) [PSYoungGen: 21536K->5090K(32256K)] 43698K->27260K(119808K), 0.0085970 secs] [Times: user=0.02 sys=0.00, real=0.01 secs] 
2014-07-09T16:20:50.035+0200: 112.638: [GC (Allocation Failure) [PSYoungGen: 26593K->480K(32768K)] 48763K->22657K(120320K), 0.0210942 secs] [Times: user=0.00 sys=0.00, real=0.02 secs] 
2014-07-09T16:20:50.130+0200: 112.734: [GC (Allocation Failure) [PSYoungGen: 22995K->6050K(32768K)] 45173K->28236K(120320K), 0.0065153 secs] [Times: user=0.00 sys=0.00, real=0.01 secs] 
2014-07-09T16:20:50.229+0200: 112.833: [GC (Allocation Failure) [PSYoungGen: 28549K->3937K(31744K)] 50735K->26131K(119296K), 0.0042492 secs] [Times: user=0.00 sys=0.02, real=0.00 secs] 
2014-07-09T16:20:50.328+0200: 112.931: [GC (Allocation Failure) [PSYoungGen: 26442K->768K(32256K)] 48636K->22970K(119808K), 0.0021701 secs] [Times: user=0.00 sys=0.00, real=0.00 secs] 
2014-07-09T16:20:50.379+0200: 112.981: [GC (Allocation Failure) [PSYoungGen: 23267K->6883K(31744K)] 45469K->29093K(119296K), 0.0053608 secs] [Times: user=0.00 sys=0.00, real=0.01 secs] 
2014-07-09T16:20:50.480+0200: 113.082: [GC (Allocation Failure) [PSYoungGen: 28870K->4226K(32768K)] 51079K->26443K(120320K), 0.0225977 secs] [Times: user=0.03 sys=0.00, real=0.02 secs] 
2014-07-09T16:20:50.536+0200: 113.139: [GC (Allocation Failure) [PSYoungGen: 26241K->64K(32256K)] 48459K->22289K(119808K), 0.0009499 secs] [Times: user=0.00 sys=0.00, real=0.00 secs] 
2014-07-09T16:20:50.638+0200: 113.240: [GC (Allocation Failure) [PSYoungGen: 22578K->6082K(32768K)] 44803K->28316K(120320K), 0.0075356 secs] [Times: user=0.03 sys=0.00, real=0.01 secs] 
2014-07-09T16:20:50.735+0200: 113.338: [GC (Allocation Failure) [PSYoungGen: 28581K->3969K(32256K)] 50815K->26211K(119808K), 0.0053241 secs] [Times: user=0.00 sys=0.00, real=0.01 secs] 
2014-07-09T16:20:50.833+0200: 113.435: [GC (Allocation Failure) [PSYoungGen: 26992K->832K(32768K)] 49234K->23082K(120320K), 0.0018742 secs] [Times: user=0.00 sys=0.00, real=0.00 secs] 
2014-07-09T16:20:50.931+0200: 113.533: [GC (Allocation Failure) [PSYoungGen: 23843K->7427K(31744K)] 46093K->29685K(119296K), 0.0093948 secs] [Times: user=0.03 sys=0.00, real=0.01 secs] 
2014-07-09T16:20:51.030+0200: 113.633: [GC (Allocation Failure) [PSYoungGen: 29414K->4770K(32768K)] 51672K->27036K(120320K), 0.0107271 secs] [Times: user=0.00 sys=0.00, real=0.01 secs] 
2014-07-09T16:20:51.127+0200: 113.729: [GC (Allocation Failure) [PSYoungGen: 26766K->608K(32256K)] 49032K->22882K(119808K), 0.0033011 secs] [Times: user=0.00 sys=0.00, real=0.00 secs] 
2014-07-09T16:20:51.178+0200: 113.781: [GC (Allocation Failure) [PSYoungGen: 23107K->6723K(32768K)] 45381K->29005K(120320K), 0.0051306 secs] [Times: user=0.00 sys=0.00, real=0.01 secs] 
2014-07-09T16:20:51.280+0200: 113.882: [GC (Allocation Failure) [PSYoungGen: 29225K->3585K(32768K)] 51507K->25875K(120320K), 0.0045058 secs] [Times: user=0.00 sys=0.00, real=0.00 secs] 
2014-07-09T16:20:51.377+0200: 113.980: [GC (Allocation Failure) [PSYoungGen: 26084K->1472K(32768K)] 48374K->23770K(120320K), 0.0008671 secs] [Times: user=0.00 sys=0.00, real=0.00 secs] 
2014-07-09T16:20:51.440+0200: 114.043: [GC (Allocation Failure) [PSYoungGen: 23971K->7555K(31744K)] 46269K->29861K(119296K), 0.0098960 secs] [Times: user=0.00 sys=0.00, real=0.01 secs] 
2014-07-09T16:20:51.534+0200: 114.137: [GC (Allocation Failure) [PSYoungGen: 29542K->4930K(32768K)] 51848K->27244K(120320K), 0.0048879 secs] [Times: user=0.00 sys=0.00, real=0.01 secs] 
2014-07-09T16:20:51.630+0200: 114.233: [GC (Allocation Failure) [PSYoungGen: 26936K->128K(32256K)] 49250K->22457K(119808K), 0.0008821 secs] [Times: user=0.00 sys=0.00, real=0.00 secs] 
2014-07-09T16:20:51.729+0200: 114.331: [GC (Allocation Failure) [PSYoungGen: 22112K->5698K(32768K)] 44442K->28036K(120320K), 0.0043665 secs] [Times: user=0.03 sys=0.00, real=0.00 secs] 
2014-07-09T16:20:51.827+0200: 114.430: [GC (Allocation Failure) [PSYoungGen: 27688K->2016K(31744K)] 50026K->24362K(119296K), 0.0137228 secs] [Times: user=0.02 sys=0.00, real=0.01 secs] 
2014-07-09T16:20:51.882+0200: 114.484: [GC (Allocation Failure) [PSYoungGen: 24003K->7619K(32256K)] 46349K->29973K(119808K), 0.0094564 secs] [Times: user=0.03 sys=0.00, real=0.01 secs] 
2014-07-09T16:20:51.978+0200: 114.581: [GC (Allocation Failure) [PSYoungGen: 29606K->4962K(32768K)] 51960K->27324K(120320K), 0.0064874 secs] [Times: user=0.01 sys=0.00, real=0.01 secs] 
2014-07-09T16:20:52.077+0200: 114.679: [GC (Allocation Failure) [PSYoungGen: 26446K->320K(32256K)] 48807K->22689K(119808K), 0.0006541 secs] [Times: user=0.00 sys=0.00, real=0.00 secs] 
2014-07-09T16:20:52.140+0200: 114.742: [GC (Allocation Failure) [PSYoungGen: 21792K->5378K(32256K)] 44162K->27756K(119808K), 0.0040970 secs] [Times: user=0.00 sys=0.00, real=0.00 secs] 
2014-07-09T16:20:52.241+0200: 114.844: [GC (Allocation Failure) [PSYoungGen: 26853K->2209K(32256K)] 49230K->24594K(119808K), 0.0264865 secs] [Times: user=0.03 sys=0.00, real=0.03 secs] 
2014-07-09T16:20:52.330+0200: 114.932: [GC (Allocation Failure) [PSYoungGen: 23690K->5762K(32256K)] 46076K->28156K(119808K), 0.0092720 secs] [Times: user=0.00 sys=0.00, real=0.01 secs] 
2014-07-09T16:20:52.427+0200: 115.030: [GC (Allocation Failure) [PSYoungGen: 27749K->3137K(32256K)] 50143K->25539K(119808K), 0.0015519 secs] [Times: user=0.00 sys=0.00, real=0.00 secs] 
2014-07-09T16:20:52.550+0200: 115.152: [GC (Allocation Failure) [PSYoungGen: 25124K->480K(32768K)] 47526K->22890K(120320K), 0.0074209 secs] [Times: user=0.00 sys=0.00, real=0.01 secs] 
2014-07-09T16:20:52.579+0200: 115.181: [GC (Allocation Failure) [PSYoungGen: 23506K->5442K(32768K)] 45916K->27860K(120320K), 0.0048035 secs] [Times: user=0.00 sys=0.00, real=0.01 secs] 
2014-07-09T16:20:52.678+0200: 115.281: [GC (Allocation Failure) [PSYoungGen: 28453K->3809K(32256K)] 50871K->26235K(119808K), 0.0060215 secs] [Times: user=0.02 sys=0.00, real=0.01 secs] 
2014-07-09T16:20:52.779+0200: 115.382: [GC (Allocation Failure) [PSYoungGen: 27335K->2721K(32768K)] 49761K->25155K(120320K), 0.0316295 secs] [Times: user=0.03 sys=0.00, real=0.03 secs] 
2014-07-09T16:20:52.877+0200: 115.479: [GC (Allocation Failure) [PSYoungGen: 26250K->640K(34304K)] 48684K->23082K(121856K), 0.0005646 secs] [Times: user=0.00 sys=0.00, real=0.00 secs] 
2014-07-09T16:20:52.977+0200: 115.579: [GC (Allocation Failure) [PSYoungGen: 25702K->1056K(26624K)] 48144K->23506K(114176K), 0.0013353 secs] [Times: user=0.00 sys=0.00, real=0.00 secs] 
2014-07-09T16:20:53.034+0200: 115.636: [GC (Allocation Failure) [PSYoungGen: 26127K->8195K(31744K)] 48577K->30653K(119296K), 0.0060640 secs] [Times: user=0.00 sys=0.00, real=0.01 secs] 
2014-07-09T16:20:53.135+0200: 115.737: [GC (Allocation Failure) [PSYoungGen: 31212K->6050K(29184K)] 53670K->28516K(116736K), 0.0175852 secs] [Times: user=0.03 sys=0.00, real=0.02 secs] 
2014-07-09T16:20:53.231+0200: 115.834: [GC (Allocation Failure) [PSYoungGen: 29064K->4482K(33280K)] 51529K->26955K(120832K), 0.0035244 secs] [Times: user=0.00 sys=0.00, real=0.00 secs] 
2014-07-09T16:20:53.331+0200: 115.934: [GC (Allocation Failure) [PSYoungGen: 26984K->1344K(24064K)] 49458K->23826K(111616K), 0.0016780 secs] [Times: user=0.00 sys=0.00, real=0.00 secs] 
2014-07-09T16:20:53.431+0200: 116.034: [GC (Allocation Failure) [PSYoungGen: 23843K->7427K(31232K)] 46325K->29917K(118784K), 0.0098556 secs] [Times: user=0.03 sys=0.00, real=0.01 secs] 
2014-07-09T16:20:53.528+0200: 116.131: [GC (Allocation Failure) [PSYoungGen: 28902K->4290K(32256K)] 51391K->26787K(119808K), 0.0035827 secs] [Times: user=0.00 sys=0.00, real=0.00 secs] 
2014-07-09T16:20:53.583+0200: 116.185: [GC (Allocation Failure) [PSYoungGen: 25776K->7683K(32256K)] 48274K->30189K(119808K), 0.0085167 secs] [Times: user=0.00 sys=0.00, real=0.01 secs] 
2014-07-09T16:20:53.680+0200: 116.282: [GC (Allocation Failure) [PSYoungGen: 29670K->5058K(32768K)] 52176K->27572K(120320K), 0.0068706 secs] [Times: user=0.03 sys=0.00, real=0.01 secs] 
2014-07-09T16:20:53.777+0200: 116.380: [GC (Allocation Failure) [PSYoungGen: 27045K->2433K(31744K)] 49558K->24954K(119296K), 0.0014368 secs] [Times: user=0.00 sys=0.00, real=0.00 secs] 
2014-07-09T16:20:53.838+0200: 116.441: [GC (Allocation Failure) [PSYoungGen: 24429K->6467K(32256K)] 46950K->28996K(119808K), 0.0083844 secs] [Times: user=0.00 sys=0.00, real=0.01 secs] 
2014-07-09T16:20:53.936+0200: 116.539: [GC (Allocation Failure) [PSYoungGen: 28451K->3841K(32768K)] 50981K->26379K(120320K), 0.0045740 secs] [Times: user=0.00 sys=0.00, real=0.00 secs] 
2014-07-09T16:20:54.033+0200: 116.636: [GC (Allocation Failure) [PSYoungGen: 26340K->1728K(32768K)] 48878K->24274K(120320K), 0.0027383 secs] [Times: user=0.00 sys=0.00, real=0.00 secs] 
2014-07-09T16:20:54.134+0200: 116.736: [GC (Allocation Failure) [PSYoungGen: 24239K->6275K(33280K)] 46784K->28828K(120832K), 0.0049113 secs] [Times: user=0.00 sys=0.00, real=0.00 secs] 
2014-07-09T16:20:54.230+0200: 116.832: [GC (Allocation Failure) [PSYoungGen: 29286K->4674K(28160K)] 51840K->27236K(115712K), 0.0055705 secs] [Times: user=0.00 sys=0.00, real=0.00 secs] 
2014-07-09T16:20:54.330+0200: 116.933: [GC (Allocation Failure) [PSYoungGen: 27688K->2048K(32768K)] 50250K->24618K(120320K), 0.0011204 secs] [Times: user=0.00 sys=0.00, real=0.00 secs] 
2014-07-09T16:20:54.427+0200: 117.030: [GC (Allocation Failure) [PSYoungGen: 25062K->448K(32768K)] 47631K->23025K(120320K), 0.0014819 secs] [Times: user=0.00 sys=0.00, real=0.00 secs] 
2014-07-09T16:20:54.481+0200: 117.084: [GC (Allocation Failure) [PSYoungGen: 23459K->7043K(32768K)] 46037K->29629K(120320K), 0.0087719 secs] [Times: user=0.00 sys=0.00, real=0.01 secs] 
2014-07-09T16:20:54.578+0200: 117.181: [GC (Allocation Failure) [PSYoungGen: 30075K->3233K(33280K)] 52661K->25827K(120832K), 0.0053223 secs] [Times: user=0.00 sys=0.00, real=0.00 secs] 
2014-07-09T16:20:54.678+0200: 117.281: [GC (Allocation Failure) [PSYoungGen: 26244K->1664K(33280K)] 48838K->24266K(120832K), 0.0021752 secs] [Times: user=0.03 sys=0.00, real=0.00 secs] 
2014-07-09T16:20:54.777+0200: 117.380: [GC (Allocation Failure) [PSYoungGen: 25190K->576K(33280K)] 47792K->23186K(120832K), 0.0019834 secs] [Times: user=0.00 sys=0.00, real=0.00 secs] 
2014-07-09T16:20:54.840+0200: 117.442: [GC (Allocation Failure) [PSYoungGen: 24105K->6627K(32768K)] 46715K->29245K(120320K), 0.0245075 secs] [Times: user=0.02 sys=0.00, real=0.02 secs] 
2014-07-09T16:20:54.932+0200: 117.534: [GC (Allocation Failure) [PSYoungGen: 29638K->5058K(33280K)] 52256K->27684K(120832K), 0.0040842 secs] [Times: user=0.00 sys=0.00, real=0.00 secs] 
2014-07-09T16:20:55.035+0200: 117.638: [GC (Allocation Failure) [PSYoungGen: 28069K->3457K(32256K)] 50695K->26091K(119808K), 0.0049399 secs] [Times: user=0.03 sys=0.00, real=0.00 secs] 
2014-07-09T16:20:55.132+0200: 117.735: [GC (Allocation Failure) [PSYoungGen: 26480K->320K(32768K)] 49113K->22961K(120320K), 0.0020410 secs] [Times: user=0.02 sys=0.00, real=0.00 secs] 
2014-07-09T16:20:55.229+0200: 117.832: [GC (Allocation Failure) [PSYoungGen: 23331K->6915K(32768K)] 45973K->29565K(120320K), 0.0053560 secs] [Times: user=0.00 sys=0.00, real=0.01 secs] 
2014-07-09T16:20:55.329+0200: 117.932: [GC (Allocation Failure) [PSYoungGen: 29935K->3777K(33280K)] 52585K->26435K(120832K), 0.0043079 secs] [Times: user=0.00 sys=0.00, real=0.00 secs] 
2014-07-09T16:20:55.427+0200: 118.030: [GC (Allocation Failure) [PSYoungGen: 26791K->2177K(32256K)] 49448K->24842K(119808K), 0.0010229 secs] [Times: user=0.00 sys=0.00, real=0.00 secs] 
2014-07-09T16:20:55.527+0200: 118.130: [GC (Allocation Failure) [PSYoungGen: 25700K->1088K(32768K)] 48366K->23762K(120320K), 0.0008905 secs] [Times: user=0.00 sys=0.00, real=0.00 secs] 
2014-07-09T16:20:55.583+0200: 118.186: [GC (Allocation Failure) [PSYoungGen: 24631K->6531K(33280K)] 47304K->29212K(120832K), 0.0055489 secs] [Times: user=0.02 sys=0.00, real=0.01 secs] 
2014-07-09T16:20:55.679+0200: 118.281: [GC (Allocation Failure) [PSYoungGen: 30566K->5922K(30208K)] 53248K->28612K(117760K), 0.0188446 secs] [Times: user=0.02 sys=0.00, real=0.02 secs] 
2014-07-09T16:20:55.780+0200: 118.383: [GC (Allocation Failure) [PSYoungGen: 29966K->4354K(33792K)] 52655K->27051K(121344K), 0.0057546 secs] [Times: user=0.00 sys=0.00, real=0.01 secs] 
2014-07-09T16:20:55.879+0200: 118.482: [GC (Allocation Failure) [PSYoungGen: 27877K->3265K(27136K)] 50575K->25971K(114688K), 0.0044681 secs] [Times: user=0.03 sys=0.00, real=0.00 secs] 
2014-07-09T16:20:55.978+0200: 118.581: [GC (Allocation Failure) [PSYoungGen: 26791K->2177K(32768K)] 49496K->24890K(120320K), 0.0011079 secs] [Times: user=0.00 sys=0.00, real=0.00 secs] 
2014-07-09T16:20:56.041+0200: 118.644: [GC (Allocation Failure) [PSYoungGen: 25728K->32K(32768K)] 48441K->22753K(120320K), 0.0013052 secs] [Times: user=0.00 sys=0.00, real=0.00 secs] 
2014-07-09T16:20:56.139+0200: 118.742: [GC (Allocation Failure) [PSYoungGen: 23574K->6178K(33280K)] 46296K->28908K(120832K), 0.0079778 secs] [Times: user=0.02 sys=0.00, real=0.01 secs] 
2014-07-09T16:20:56.237+0200: 118.840: [GC (Allocation Failure) [PSYoungGen: 30214K->5602K(33792K)] 52944K->28340K(121344K), 0.0075103 secs] [Times: user=0.03 sys=0.00, real=0.01 secs] 
2014-07-09T16:20:56.339+0200: 118.942: [GC (Allocation Failure) [PSYoungGen: 29643K->3969K(32768K)] 52381K->26715K(120320K), 0.0082047 secs] [Times: user=0.00 sys=0.00, real=0.01 secs] 
2014-07-09T16:20:56.432+0200: 119.034: [GC (Allocation Failure) [PSYoungGen: 28007K->3425K(33280K)] 50753K->26179K(120832K), 0.0029953 secs] [Times: user=0.00 sys=0.00, real=0.00 secs] 
2014-07-09T16:20:56.532+0200: 119.135: [GC (Allocation Failure) [PSYoungGen: 27463K->2817K(34304K)] 50217K->25579K(121856K), 0.0044530 secs] [Times: user=0.00 sys=0.00, real=0.00 secs] 
2014-07-09T16:20:56.630+0200: 119.233: [GC (Allocation Failure) [PSYoungGen: 28410K->2145K(34304K)] 51172K->24914K(121856K), 0.0016615 secs] [Times: user=0.00 sys=0.00, real=0.00 secs] 
2014-07-09T16:20:56.731+0200: 119.334: [GC (Allocation Failure) [PSYoungGen: 27719K->3105K(34304K)] 50489K->25883K(121856K), 0.0026951 secs] [Times: user=0.00 sys=0.00, real=0.00 secs] 
2014-07-09T16:20:56.835+0200: 119.438: [GC (Allocation Failure) [PSYoungGen: 29203K->3041K(34304K)] 51981K->25827K(121856K), 0.0040549 secs] [Times: user=0.00 sys=0.00, real=0.00 secs] 
2014-07-09T16:20:56.936+0200: 119.539: [GC (Allocation Failure) [PSYoungGen: 29130K->4514K(34816K)] 51915K->27307K(122368K), 0.0053989 secs] [Times: user=0.02 sys=0.00, real=0.01 secs] 
2014-07-09T16:20:57.042+0200: 119.645: [GC (Allocation Failure) [PSYoungGen: 31627K->6979K(34816K)] 54421K->29781K(122368K), 0.0114952 secs] [Times: user=0.02 sys=0.00, real=0.01 secs] 
2014-07-09T16:20:57.140+0200: 119.743: [GC (Allocation Failure) [PSYoungGen: 34101K->7971K(32768K)] 56903K->30781K(120320K), 0.0116983 secs] [Times: user=0.02 sys=0.00, real=0.01 secs] 
2014-07-09T16:20:57.233+0200: 119.836: [GC (Allocation Failure) [PSYoungGen: 32009K->7395K(31744K)] 54819K->30213K(119296K), 0.0058876 secs] [Times: user=0.02 sys=0.00, real=0.01 secs] 
2014-07-09T16:20:57.338+0200: 119.941: [GC (Allocation Failure) [PSYoungGen: 31436K->5794K(33280K)] 54254K->28620K(120832K), 0.0076159 secs] [Times: user=0.00 sys=0.00, real=0.01 secs] 
2014-07-09T16:20:57.435+0200: 120.038: [GC (Allocation Failure) [PSYoungGen: 28808K->4194K(27648K)] 51633K->27027K(115200K), 0.0055474 secs] [Times: user=0.02 sys=0.00, real=0.01 secs] 
2014-07-09T16:20:57.543+0200: 120.146: [GC (Allocation Failure) [PSYoungGen: 27220K->928K(32768K)] 50054K->23770K(120320K), 0.0018577 secs] [Times: user=0.00 sys=0.00, real=0.00 secs] 
Heap
 PSYoungGen      total 32768K, used 9021K [0x00000000fd580000, 0x0000000100000000, 0x0000000100000000)
  eden space 23040K, 35% used [0x00000000fd580000,0x00000000fdd67348,0x00000000fec00000)
  from space 9728K, 9% used [0x00000000ff580000,0x00000000ff6681b0,0x00000000fff00000)
  to   space 9728K, 0% used [0x00000000fec00000,0x00000000fec00000,0x00000000ff580000)
 ParOldGen       total 87552K, used 22841K [0x00000000f8000000, 0x00000000fd580000, 0x00000000fd580000)
  object space 87552K, 26% used [0x00000000f8000000,0x00000000f964e720,0x00000000fd580000)
 Metaspace       used 2463K, capacity 4490K, committed 4864K, reserved 1056768K
  class space    used 269K, capacity 386K, committed 512K, reserved 1048576K
