2014-07-09T15:58:06.310+0200: 0.219: [GC [PSYoungGen: 22522K->5090K(27648K)] 22522K->5450K(60416K), 0.0130229 secs] [Times: user=0.00 sys=0.02, real=0.01 secs] 
2014-07-09T15:58:06.395+0200: 0.305: [GC [PSYoungGen: 27606K->2465K(27648K)] 27966K->2825K(60416K), 0.0084119 secs] [Times: user=0.00 sys=0.00, real=0.01 secs] 
2014-07-09T15:58:06.491+0200: 0.400: [GC [PSYoungGen: 24963K->5090K(27648K)] 25323K->7827K(60416K), 0.0364488 secs] [Times: user=0.03 sys=0.00, real=0.04 secs] 
2014-07-09T15:58:06.588+0200: 0.497: [GC [PSYoungGen: 27607K->5090K(27648K)] 30345K->8083K(60416K), 0.0058590 secs] [Times: user=0.00 sys=0.00, real=0.01 secs] 
2014-07-09T15:58:06.686+0200: 0.596: [GC [PSYoungGen: 27596K->3233K(27648K)] 30590K->6226K(60416K), 0.0042723 secs] [Times: user=0.00 sys=0.00, real=0.00 secs] 
2014-07-09T15:58:06.739+0200: 0.649: [GC [PSYoungGen: 25756K->5090K(27648K)] 28749K->10773K(60416K), 0.0076863 secs] [Times: user=0.00 sys=0.00, real=0.01 secs] 
2014-07-09T15:58:06.838+0200: 0.747: [GC [PSYoungGen: 27598K->5090K(27648K)] 33280K->11361K(60416K), 0.0047463 secs] [Times: user=0.00 sys=0.00, real=0.00 secs] 
2014-07-09T15:58:06.937+0200: 0.847: [GC [PSYoungGen: 27594K->3329K(27648K)] 33865K->9608K(60416K), 0.0024505 secs] [Times: user=0.00 sys=0.00, real=0.00 secs] 
2014-07-09T15:58:06.993+0200: 0.903: [GC [PSYoungGen: 25841K->5090K(27648K)] 32120K->14162K(60416K), 0.0070135 secs] [Times: user=0.00 sys=0.00, real=0.01 secs] 
2014-07-09T15:58:07.093+0200: 1.002: [GC [PSYoungGen: 27591K->5090K(27648K)] 36664K->14843K(60416K), 0.0072097 secs] [Times: user=0.03 sys=0.00, real=0.01 secs] 
2014-07-09T15:58:07.233+0200: 1.143: [GC [PSYoungGen: 27591K->3649K(27648K)] 37344K->13410K(60416K), 0.0048556 secs] [Times: user=0.02 sys=0.00, real=0.00 secs] 
2014-07-09T15:58:07.289+0200: 1.199: [GC [PSYoungGen: 26164K->5090K(27648K)] 35925K->17836K(60416K), 0.0059954 secs] [Times: user=0.00 sys=0.00, real=0.01 secs] 
2014-07-09T15:58:07.388+0200: 1.297: [GC [PSYoungGen: 27591K->5090K(27648K)] 40337K->18709K(60416K), 0.0045605 secs] [Times: user=0.00 sys=0.00, real=0.00 secs] 
2014-07-09T15:58:07.488+0200: 1.397: [GC [PSYoungGen: 27596K->2817K(27648K)] 41215K->16443K(60416K), 0.0031702 secs] [Times: user=0.00 sys=0.00, real=0.00 secs] 
2014-07-09T15:58:07.586+0200: 1.496: [GC [PSYoungGen: 25318K->704K(27648K)] 38944K->14338K(60416K), 0.0020542 secs] [Times: user=0.00 sys=0.00, real=0.00 secs] 
2014-07-09T15:58:07.641+0200: 1.550: [GC [PSYoungGen: 23203K->5090K(27648K)] 36837K->20429K(60416K), 0.0064405 secs] [Times: user=0.00 sys=0.00, real=0.01 secs] 
2014-07-09T15:58:07.737+0200: 1.647: [GC [PSYoungGen: 27604K->2625K(27648K)] 42943K->17972K(60416K), 0.0041711 secs] [Times: user=0.00 sys=0.00, real=0.00 secs] 
2014-07-09T15:58:07.836+0200: 1.745: [GC [PSYoungGen: 25124K->512K(27648K)] 40471K->15867K(60416K), 0.0005826 secs] [Times: user=0.00 sys=0.00, real=0.00 secs] 
2014-07-09T15:58:07.892+0200: 1.801: [GC [PSYoungGen: 23011K->5090K(27648K)] 38366K->21958K(60416K), 0.0051009 secs] [Times: user=0.03 sys=0.00, real=0.01 secs] 
2014-07-09T15:58:07.993+0200: 1.903: [GC [PSYoungGen: 27592K->3457K(27648K)] 44461K->20333K(60416K), 0.0050888 secs] [Times: user=0.00 sys=0.00, real=0.01 secs] 
2014-07-09T15:58:08.091+0200: 2.001: [GC [PSYoungGen: 25956K->1344K(27648K)] 42832K->18228K(60416K), 0.0015659 secs] [Times: user=0.00 sys=0.00, real=0.00 secs] 
2014-07-09T15:58:08.188+0200: 2.098: [GC [PSYoungGen: 23843K->5090K(27648K)] 40727K->24319K(60416K), 0.0060728 secs] [Times: user=0.03 sys=0.00, real=0.01 secs] 
2014-07-09T15:58:08.288+0200: 2.198: [GC [PSYoungGen: 27603K->3649K(27648K)] 46832K->22887K(60416K), 0.0031317 secs] [Times: user=0.00 sys=0.00, real=0.00 secs] 
2014-07-09T15:58:08.386+0200: 2.296: [GC [PSYoungGen: 26148K->1536K(27648K)] 45386K->20782K(60416K), 0.0012964 secs] [Times: user=0.00 sys=0.00, real=0.00 secs] 
2014-07-09T15:58:08.439+0200: 2.349: [GC [PSYoungGen: 24035K->5090K(27648K)] 43280K->26872K(60416K), 0.0059489 secs] [Times: user=0.00 sys=0.00, real=0.01 secs] 
2014-07-09T15:58:08.537+0200: 2.447: [GC [PSYoungGen: 27598K->3969K(27648K)] 49381K->25760K(60416K), 0.0032021 secs] [Times: user=0.00 sys=0.00, real=0.00 secs] 
2014-07-09T15:58:08.637+0200: 2.546: [GC [PSYoungGen: 26468K->1856K(27648K)] 48259K->23655K(60416K), 0.0015259 secs] [Times: user=0.00 sys=0.00, real=0.00 secs] 
2014-07-09T15:58:08.693+0200: 2.602: [GC [PSYoungGen: 24355K->5090K(27648K)] 46154K->29746K(60416K), 0.0069780 secs] [Times: user=0.00 sys=0.00, real=0.01 secs] 
2014-07-09T15:58:08.810+0200: 2.720: [GC [PSYoungGen: 27600K->4290K(27648K)] 52256K->28953K(60416K), 0.0027614 secs] [Times: user=0.00 sys=0.02, real=0.00 secs] 
2014-07-09T15:58:08.892+0200: 2.802: [GC [PSYoungGen: 26789K->2145K(27648K)] 51452K->26816K(60416K), 0.0143956 secs] [Times: user=0.00 sys=0.00, real=0.02 secs] 
2014-07-09T15:58:08.990+0200: 2.899: [GC [PSYoungGen: 24647K->5090K(27648K)] 49319K->31883K(60416K), 0.0102648 secs] [Times: user=0.00 sys=0.00, real=0.01 secs] 
2014-07-09T15:58:09.089+0200: 2.998: [GC [PSYoungGen: 27589K->5090K(27648K)] 54382K->31923K(60416K), 0.0120004 secs] [Times: user=0.03 sys=0.00, real=0.01 secs] 
2014-07-09T15:58:09.187+0200: 3.096: [GC [PSYoungGen: 27589K->3009K(27648K)] 54422K->29850K(60416K), 0.0017495 secs] [Times: user=0.03 sys=0.00, real=0.00 secs] 
2014-07-09T15:58:09.240+0200: 3.150: [GC [PSYoungGen: 25528K->5090K(27648K)] 52369K->33764K(60416K), 0.0104004 secs] [Times: user=0.00 sys=0.02, real=0.01 secs] 
2014-07-09T15:58:09.337+0200: 3.247: [GC [PSYoungGen: 27589K->4802K(27648K)] 56263K->33484K(60416K), 0.0041946 secs] [Times: user=0.00 sys=0.00, real=0.00 secs] 
2014-07-09T15:58:09.437+0200: 3.347: [GC [PSYoungGen: 27304K->1632K(27648K)] 55986K->30322K(60416K), 0.0124403 secs] [Times: user=0.00 sys=0.00, real=0.01 secs] 
2014-07-09T15:58:09.493+0200: 3.402: [GC [PSYoungGen: 24131K->5090K(27648K)] 52821K->36445K(60416K), 0.0063701 secs] [Times: user=0.00 sys=0.00, real=0.01 secs] 
2014-07-09T15:58:09.499+0200: 3.409: [Full GC [PSYoungGen: 5090K->0K(27648K)] [ParOldGen: 31355K->7972K(32768K)] 36445K->7972K(60416K) [PSPermGen: 2475K->2474K(21504K)], 0.0147805 secs] [Times: user=0.03 sys=0.00, real=0.01 secs] 
2014-07-09T15:58:09.595+0200: 3.504: [GC [PSYoungGen: 22498K->5090K(27648K)] 30471K->13606K(60416K), 0.0043449 secs] [Times: user=0.00 sys=0.00, real=0.00 secs] 
2014-07-09T15:58:09.695+0200: 3.605: [GC [PSYoungGen: 27589K->3521K(27648K)] 36105K->12046K(60416K), 0.0052677 secs] [Times: user=0.00 sys=0.00, real=0.01 secs] 
2014-07-09T15:58:09.793+0200: 3.703: [GC [PSYoungGen: 26029K->5090K(27648K)] 34554K->16600K(60416K), 0.0110967 secs] [Times: user=0.03 sys=0.00, real=0.01 secs] 
2014-07-09T15:58:09.892+0200: 3.801: [GC [PSYoungGen: 27589K->5090K(27648K)] 39099K->17472K(60416K), 0.0074007 secs] [Times: user=0.00 sys=0.00, real=0.01 secs] 
2014-07-09T15:58:09.987+0200: 3.896: [GC [PSYoungGen: 27600K->2305K(27648K)] 39982K->14695K(60416K), 0.0011886 secs] [Times: user=0.00 sys=0.00, real=0.00 secs] 
2014-07-09T15:58:10.086+0200: 3.996: [GC [PSYoungGen: 24804K->192K(27648K)] 37194K->12590K(60416K), 0.0008927 secs] [Times: user=0.00 sys=0.00, real=0.00 secs] 
2014-07-09T15:58:10.138+0200: 4.048: [GC [PSYoungGen: 22691K->5090K(27648K)] 35089K->18681K(60416K), 0.0050668 secs] [Times: user=0.03 sys=0.00, real=0.00 secs] 
2014-07-09T15:58:10.238+0200: 4.148: [GC [PSYoungGen: 27603K->2497K(27648K)] 41194K->16095K(60416K), 0.0039244 secs] [Times: user=0.00 sys=0.00, real=0.00 secs] 
2014-07-09T15:58:10.338+0200: 4.247: [GC [PSYoungGen: 24996K->384K(27648K)] 38594K->13990K(60416K), 0.0007399 secs] [Times: user=0.00 sys=0.00, real=0.00 secs] 
2014-07-09T15:58:10.396+0200: 4.306: [GC [PSYoungGen: 22883K->5090K(27648K)] 36489K->20049K(60416K), 0.0136902 secs] [Times: user=0.02 sys=0.00, real=0.01 secs] 
2014-07-09T15:58:10.493+0200: 4.403: [GC [PSYoungGen: 27592K->3297K(27648K)] 42552K->18265K(60416K), 0.0034140 secs] [Times: user=0.00 sys=0.00, real=0.00 secs] 
2014-07-09T15:58:10.593+0200: 4.503: [GC [PSYoungGen: 25796K->1216K(27648K)] 40763K->16191K(60416K), 0.0028707 secs] [Times: user=0.00 sys=0.00, real=0.00 secs] 
2014-07-09T15:58:10.688+0200: 4.598: [GC [PSYoungGen: 23715K->5090K(27648K)] 38690K->22282K(60416K), 0.0062015 secs] [Times: user=0.00 sys=0.00, real=0.01 secs] 
2014-07-09T15:58:10.787+0200: 4.697: [GC [PSYoungGen: 27604K->3137K(27648K)] 44796K->20338K(60416K), 0.0018595 secs] [Times: user=0.00 sys=0.00, real=0.00 secs] 
2014-07-09T15:58:10.887+0200: 4.797: [GC [PSYoungGen: 25636K->1024K(27648K)] 42836K->18232K(60416K), 0.0018815 secs] [Times: user=0.03 sys=0.00, real=0.00 secs] 
2014-07-09T15:58:10.941+0200: 4.851: [GC [PSYoungGen: 23523K->5090K(27648K)] 40731K->24323K(60416K), 0.0106805 secs] [Times: user=0.03 sys=0.00, real=0.01 secs] 
2014-07-09T15:58:11.037+0200: 4.947: [GC [PSYoungGen: 27592K->3937K(27648K)] 46826K->23179K(60416K), 0.0207030 secs] [Times: user=0.02 sys=0.00, real=0.02 secs] 
2014-07-09T15:58:11.136+0200: 5.046: [GC [PSYoungGen: 26436K->1856K(27648K)] 45678K->21106K(60416K), 0.0010969 secs] [Times: user=0.00 sys=0.00, real=0.00 secs] 
2014-07-09T15:58:11.199+0200: 5.109: [GC [PSYoungGen: 24355K->5090K(27648K)] 43605K->27197K(60416K), 0.0156934 secs] [Times: user=0.03 sys=0.00, real=0.02 secs] 
2014-07-09T15:58:11.296+0200: 5.205: [GC [PSYoungGen: 27606K->4162K(27648K)] 49713K->26276K(60416K), 0.0059848 secs] [Times: user=0.00 sys=0.00, real=0.01 secs] 
2014-07-09T15:58:11.390+0200: 5.300: [GC [PSYoungGen: 26658K->2048K(27648K)] 48773K->24171K(60416K), 0.0019233 secs] [Times: user=0.00 sys=0.00, real=0.00 secs] 
2014-07-09T15:58:11.489+0200: 5.399: [GC [PSYoungGen: 24559K->5090K(27648K)] 46682K->28726K(60416K), 0.0094120 secs] [Times: user=0.03 sys=0.00, real=0.01 secs] 
2014-07-09T15:58:11.587+0200: 5.497: [GC [PSYoungGen: 27589K->4450K(27648K)] 51225K->28093K(60416K), 0.0048138 secs] [Times: user=0.01 sys=0.00, real=0.01 secs] 
2014-07-09T15:58:11.687+0200: 5.597: [GC [PSYoungGen: 26949K->2369K(27648K)] 50592K->26020K(60416K), 0.0027141 secs] [Times: user=0.00 sys=0.00, real=0.00 secs] 
2014-07-09T15:58:11.740+0200: 5.650: [GC [PSYoungGen: 24877K->5090K(27648K)] 48528K->30574K(60416K), 0.0092316 secs] [Times: user=0.03 sys=0.00, real=0.01 secs] 
2014-07-09T15:58:11.839+0200: 5.749: [GC [PSYoungGen: 27589K->4802K(27648K)] 53073K->30294K(60416K), 0.0071804 secs] [Times: user=0.02 sys=0.00, real=0.01 secs] 
2014-07-09T15:58:11.938+0200: 5.848: [GC [PSYoungGen: 27304K->1632K(27648K)] 52797K->27133K(60416K), 0.0031350 secs] [Times: user=0.00 sys=0.00, real=0.00 secs] 
2014-07-09T15:58:11.999+0200: 5.909: [GC [PSYoungGen: 24131K->5090K(27648K)] 49632K->33256K(60416K), 0.0110354 secs] [Times: user=0.00 sys=0.00, real=0.01 secs] 
2014-07-09T15:58:12.097+0200: 6.007: [GC [PSYoungGen: 27589K->5090K(27648K)] 55755K->33776K(60416K), 0.0131424 secs] [Times: user=0.01 sys=0.00, real=0.01 secs] 
2014-07-09T15:58:12.190+0200: 6.100: [GC [PSYoungGen: 27589K->3521K(27648K)] 56275K->32215K(60416K), 0.0025737 secs] [Times: user=0.00 sys=0.00, real=0.00 secs] 
2014-07-09T15:58:12.289+0200: 6.199: [GC [PSYoungGen: 26040K->5090K(27648K)] 54734K->36129K(60416K), 0.0100221 secs] [Times: user=0.03 sys=0.00, real=0.01 secs] 
2014-07-09T15:58:12.299+0200: 6.209: [Full GC [PSYoungGen: 5090K->0K(27648K)] [ParOldGen: 31039K->7910K(32768K)] 36129K->7910K(60416K) [PSPermGen: 2474K->2474K(21504K)], 0.0252110 secs] [Times: user=0.05 sys=0.00, real=0.03 secs] 
2014-07-09T15:58:12.388+0200: 6.298: [GC [PSYoungGen: 22498K->5090K(27648K)] 30409K->13193K(60416K), 0.0207011 secs] [Times: user=0.02 sys=0.00, real=0.02 secs] 
2014-07-09T15:58:12.487+0200: 6.397: [GC [PSYoungGen: 27594K->2177K(27648K)] 35697K->10288K(60416K), 0.0033092 secs] [Times: user=0.00 sys=0.00, real=0.00 secs] 
2014-07-09T15:58:12.586+0200: 6.496: [GC [PSYoungGen: 24674K->64K(27648K)] 32784K->8182K(60416K), 0.0015321 secs] [Times: user=0.02 sys=0.00, real=0.00 secs] 
2014-07-09T15:58:12.643+0200: 6.552: [GC [PSYoungGen: 22560K->5090K(27648K)] 30679K->14273K(60416K), 0.0066785 secs] [Times: user=0.00 sys=0.00, real=0.01 secs] 
2014-07-09T15:58:12.736+0200: 6.646: [GC [PSYoungGen: 27600K->2497K(27648K)] 36784K->11688K(60416K), 0.0013422 secs] [Times: user=0.00 sys=0.00, real=0.00 secs] 
2014-07-09T15:58:12.836+0200: 6.746: [GC [PSYoungGen: 24996K->384K(27648K)] 34187K->9583K(60416K), 0.0016253 secs] [Times: user=0.02 sys=0.00, real=0.00 secs] 
2014-07-09T15:58:12.893+0200: 6.803: [GC [PSYoungGen: 22883K->5090K(27648K)] 32082K->15674K(60416K), 0.0054767 secs] [Times: user=0.00 sys=0.00, real=0.01 secs] 
2014-07-09T15:58:12.997+0200: 6.907: [GC [PSYoungGen: 27598K->2817K(27648K)] 38182K->13409K(60416K), 0.0035863 secs] [Times: user=0.00 sys=0.00, real=0.00 secs] 
2014-07-09T15:58:13.089+0200: 6.999: [GC [PSYoungGen: 25316K->704K(27648K)] 35908K->11304K(60416K), 0.0111978 secs] [Times: user=0.00 sys=0.00, real=0.01 secs] 
2014-07-09T15:58:13.189+0200: 7.099: [GC [PSYoungGen: 23203K->5090K(27648K)] 33803K->17363K(60416K), 0.0176497 secs] [Times: user=0.02 sys=0.00, real=0.02 secs] 
2014-07-09T15:58:13.288+0200: 7.198: [GC [PSYoungGen: 27604K->3009K(27648K)] 39877K->15290K(60416K), 0.0046521 secs] [Times: user=0.03 sys=0.00, real=0.00 secs] 
2014-07-09T15:58:13.386+0200: 7.296: [GC [PSYoungGen: 25508K->896K(27648K)] 37789K->13185K(60416K), 0.0016575 secs] [Times: user=0.00 sys=0.00, real=0.00 secs] 
2014-07-09T15:58:13.438+0200: 7.348: [GC [PSYoungGen: 23395K->5090K(27648K)] 35684K->19276K(60416K), 0.0054231 secs] [Times: user=0.00 sys=0.00, real=0.01 secs] 
2014-07-09T15:58:13.537+0200: 7.447: [GC [PSYoungGen: 27592K->3841K(27648K)] 41778K->18035K(60416K), 0.0039284 secs] [Times: user=0.02 sys=0.00, real=0.00 secs] 
2014-07-09T15:58:13.637+0200: 7.547: [GC [PSYoungGen: 26340K->1696K(27648K)] 40534K->15898K(60416K), 0.0321384 secs] [Times: user=0.02 sys=0.00, real=0.03 secs] 
2014-07-09T15:58:13.699+0200: 7.609: [GC [PSYoungGen: 24207K->5090K(27648K)] 38408K->20452K(60416K), 0.0534394 secs] [Times: user=0.02 sys=0.00, real=0.05 secs] 
2014-07-09T15:58:13.799+0200: 7.709: [GC [PSYoungGen: 27593K->3649K(27648K)] 42955K->19020K(60416K), 0.0083657 secs] [Times: user=0.00 sys=0.00, real=0.01 secs] 
2014-07-09T15:58:13.892+0200: 7.802: [GC [PSYoungGen: 26148K->1536K(27648K)] 41519K->16915K(60416K), 0.0025763 secs] [Times: user=0.00 sys=0.00, real=0.00 secs] 
2014-07-09T15:58:13.990+0200: 7.900: [GC [PSYoungGen: 24041K->5090K(27648K)] 39419K->21981K(60416K), 0.0099352 secs] [Times: user=0.03 sys=0.00, real=0.01 secs] 
2014-07-09T15:58:14.089+0200: 7.999: [GC [PSYoungGen: 27589K->4482K(27648K)] 44480K->21381K(60416K), 0.0051049 secs] [Times: user=0.00 sys=0.00, real=0.01 secs] 
2014-07-09T15:58:14.187+0200: 8.097: [GC [PSYoungGen: 26981K->2369K(27648K)] 43880K->19276K(60416K), 0.0016341 secs] [Times: user=0.00 sys=0.00, real=0.00 secs] 
2014-07-09T15:58:14.238+0200: 8.148: [GC [PSYoungGen: 24882K->5090K(27648K)] 41789K->23702K(60416K), 0.0082729 secs] [Times: user=0.03 sys=0.00, real=0.01 secs] 
2014-07-09T15:58:14.337+0200: 8.247: [GC [PSYoungGen: 27589K->4674K(27648K)] 46201K->23294K(60416K), 0.0033854 secs] [Times: user=0.00 sys=0.00, real=0.00 secs] 
2014-07-09T15:58:14.436+0200: 8.346: [GC [PSYoungGen: 27173K->2561K(27648K)] 45793K->21189K(60416K), 0.0019871 secs] [Times: user=0.00 sys=0.00, real=0.00 secs] 
2014-07-09T15:58:14.492+0200: 8.402: [GC [PSYoungGen: 25069K->5090K(27648K)] 43697K->25743K(60416K), 0.0054143 secs] [Times: user=0.00 sys=0.00, real=0.00 secs] 
2014-07-09T15:58:14.596+0200: 8.506: [GC [PSYoungGen: 27589K->4994K(27648K)] 48242K->25655K(60416K), 0.0054107 secs] [Times: user=0.01 sys=0.00, real=0.01 secs] 
2014-07-09T15:58:14.690+0200: 8.600: [GC [PSYoungGen: 27493K->2881K(27648K)] 48154K->23550K(60416K), 0.0024538 secs] [Times: user=0.00 sys=0.00, real=0.00 secs] 
2014-07-09T15:58:14.790+0200: 8.700: [GC [PSYoungGen: 25389K->5090K(27648K)] 46058K->28104K(60416K), 0.0093303 secs] [Times: user=0.00 sys=0.00, real=0.01 secs] 
2014-07-09T15:58:14.887+0200: 8.797: [GC [PSYoungGen: 27589K->5090K(27648K)] 50603K->28336K(60416K), 0.0040329 secs] [Times: user=0.00 sys=0.00, real=0.00 secs] 
2014-07-09T15:58:14.988+0200: 8.898: [GC [PSYoungGen: 27594K->2145K(27648K)] 50841K->25399K(60416K), 0.0019123 secs] [Times: user=0.00 sys=0.00, real=0.00 secs] 
2014-07-09T15:58:15.086+0200: 8.996: [GC [PSYoungGen: 24642K->32K(27648K)] 47896K->23294K(60416K), 0.0008748 secs] [Times: user=0.00 sys=0.00, real=0.00 secs] 
2014-07-09T15:58:15.138+0200: 9.048: [GC [PSYoungGen: 22528K->5090K(27648K)] 45791K->29417K(60416K), 0.0074352 secs] [Times: user=0.00 sys=0.00, real=0.01 secs] 
2014-07-09T15:58:15.237+0200: 9.147: [GC [PSYoungGen: 27610K->1856K(27648K)] 51937K->26191K(60416K), 0.0014438 secs] [Times: user=0.00 sys=0.00, real=0.00 secs] 
2014-07-09T15:58:15.293+0200: 9.203: [GC [PSYoungGen: 24355K->5090K(27648K)] 48690K->32282K(60416K), 0.0065655 secs] [Times: user=0.00 sys=0.00, real=0.01 secs] 
2014-07-09T15:58:15.392+0200: 9.302: [GC [PSYoungGen: 27589K->5090K(27648K)] 54781K->33026K(60416K), 0.0043621 secs] [Times: user=0.03 sys=0.00, real=0.00 secs] 
2014-07-09T15:58:15.494+0200: 9.404: [GC [PSYoungGen: 27594K->2689K(27648K)] 55531K->30633K(60416K), 0.0037524 secs] [Times: user=0.00 sys=0.00, real=0.00 secs] 
2014-07-09T15:58:15.591+0200: 9.501: [GC [PSYoungGen: 25188K->576K(27648K)] 53132K->28528K(60416K), 0.0021074 secs] [Times: user=0.00 sys=0.00, real=0.00 secs] 
2014-07-09T15:58:15.691+0200: 9.601: [GC [PSYoungGen: 23075K->5090K(27648K)] 51027K->34619K(60416K), 0.0082036 secs] [Times: user=0.03 sys=0.00, real=0.01 secs] 
2014-07-09T15:58:15.788+0200: 9.698: [GC [PSYoungGen: 27598K->3009K(27648K)] 57127K->32546K(60416K), 0.0034833 secs] [Times: user=0.00 sys=0.00, real=0.00 secs] 
2014-07-09T15:58:15.887+0200: 9.797: [GC [PSYoungGen: 25508K->896K(27648K)] 55045K->30441K(60416K), 0.0019695 secs] [Times: user=0.00 sys=0.00, real=0.00 secs] 
2014-07-09T15:58:15.938+0200: 9.848: [GC [PSYoungGen: 23395K->5090K(27648K)] 52940K->36532K(60416K), 0.0055533 secs] [Times: user=0.03 sys=0.00, real=0.01 secs] 
2014-07-09T15:58:15.944+0200: 9.854: [Full GC [PSYoungGen: 5090K->0K(27648K)] [ParOldGen: 31442K->7232K(32768K)] 36532K->7232K(60416K) [PSPermGen: 2474K->2474K(21504K)], 0.0112539 secs] [Times: user=0.00 sys=0.00, real=0.01 secs] 
2014-07-09T15:58:16.037+0200: 9.947: [GC [PSYoungGen: 22508K->3329K(27648K)] 29741K->10562K(60416K), 0.0026060 secs] [Times: user=0.00 sys=0.00, real=0.00 secs] 
2014-07-09T15:58:16.137+0200: 10.047: [GC [PSYoungGen: 25828K->1184K(27648K)] 33061K->8425K(60416K), 0.0022676 secs] [Times: user=0.00 sys=0.00, real=0.00 secs] 
2014-07-09T15:58:16.198+0200: 10.108: [GC [PSYoungGen: 23695K->5090K(27648K)] 30935K->13908K(60416K), 0.0083378 secs] [Times: user=0.00 sys=0.00, real=0.01 secs] 
2014-07-09T15:58:16.295+0200: 10.205: [GC [PSYoungGen: 27592K->3521K(27648K)] 36410K->12347K(60416K), 0.0045608 secs] [Times: user=0.00 sys=0.00, real=0.00 secs] 
2014-07-09T15:58:16.392+0200: 10.302: [GC [PSYoungGen: 26020K->1408K(27648K)] 34846K->10242K(60416K), 0.0023559 secs] [Times: user=0.00 sys=0.00, real=0.00 secs] 
2014-07-09T15:58:16.490+0200: 10.400: [GC [PSYoungGen: 23913K->5090K(27648K)] 32746K->15308K(60416K), 0.0049128 secs] [Times: user=0.00 sys=0.00, real=0.00 secs] 
2014-07-09T15:58:16.588+0200: 10.498: [GC [PSYoungGen: 27589K->4354K(27648K)] 37807K->14580K(60416K), 0.0050444 secs] [Times: user=0.00 sys=0.00, real=0.00 secs] 
2014-07-09T15:58:16.687+0200: 10.597: [GC [PSYoungGen: 26853K->2241K(27648K)] 37079K->12475K(60416K), 0.0027853 secs] [Times: user=0.00 sys=0.00, real=0.00 secs] 
2014-07-09T15:58:16.738+0200: 10.648: [GC [PSYoungGen: 24755K->5090K(27648K)] 34989K->16517K(60416K), 0.0050004 secs] [Times: user=0.00 sys=0.00, real=0.01 secs] 
2014-07-09T15:58:16.838+0200: 10.749: [GC [PSYoungGen: 27587K->4162K(27648K)] 39014K->15596K(60416K), 0.0049066 secs] [Times: user=0.00 sys=0.00, real=0.00 secs] 
2014-07-09T15:58:16.937+0200: 10.847: [GC [PSYoungGen: 26658K->2048K(27648K)] 38093K->13491K(60416K), 0.0021778 secs] [Times: user=0.00 sys=0.00, real=0.00 secs] 
2014-07-09T15:58:16.999+0200: 10.909: [GC [PSYoungGen: 24553K->5090K(27648K)] 35996K->18526K(60416K), 0.0178088 secs] [Times: user=0.02 sys=0.00, real=0.02 secs] 
2014-07-09T15:58:17.091+0200: 11.001: [GC [PSYoungGen: 27589K->4994K(27648K)] 41025K->18438K(60416K), 0.0038591 secs] [Times: user=0.00 sys=0.00, real=0.00 secs] 
2014-07-09T15:58:17.190+0200: 11.100: [GC [PSYoungGen: 27493K->2881K(27648K)] 40937K->16333K(60416K), 0.0023765 secs] [Times: user=0.00 sys=0.00, real=0.00 secs] 
2014-07-09T15:58:17.290+0200: 11.200: [GC [PSYoungGen: 25397K->5090K(27648K)] 38849K->20759K(60416K), 0.0094608 secs] [Times: user=0.02 sys=0.00, real=0.01 secs] 
2014-07-09T15:58:17.388+0200: 11.298: [GC [PSYoungGen: 27589K->5090K(27648K)] 43258K->20863K(60416K), 0.0063822 secs] [Times: user=0.03 sys=0.00, real=0.01 secs] 
2014-07-09T15:58:17.487+0200: 11.398: [GC [PSYoungGen: 27598K->1536K(27648K)] 43371K->17317K(60416K), 0.0021814 secs] [Times: user=0.00 sys=0.00, real=0.00 secs] 
2014-07-09T15:58:17.540+0200: 11.450: [GC [PSYoungGen: 24035K->5090K(27648K)] 39816K->23408K(60416K), 0.0099264 secs] [Times: user=0.02 sys=0.00, real=0.01 secs] 
2014-07-09T15:58:17.637+0200: 11.547: [GC [PSYoungGen: 27589K->5090K(27648K)] 45907K->23832K(60416K), 0.0042023 secs] [Times: user=0.00 sys=0.00, real=0.00 secs] 
2014-07-09T15:58:17.737+0200: 11.647: [GC [PSYoungGen: 27598K->1856K(27648K)] 46341K->20607K(60416K), 0.0023358 secs] [Times: user=0.00 sys=0.00, real=0.00 secs] 
2014-07-09T15:58:17.798+0200: 11.708: [GC [PSYoungGen: 24355K->5090K(27648K)] 43106K->26698K(60416K), 0.0120997 secs] [Times: user=0.00 sys=0.00, real=0.01 secs] 
2014-07-09T15:58:17.896+0200: 11.806: [GC [PSYoungGen: 27589K->5090K(27648K)] 49197K->27442K(60416K), 0.0078080 secs] [Times: user=0.00 sys=0.00, real=0.01 secs] 
2014-07-09T15:58:17.993+0200: 11.903: [GC [PSYoungGen: 27594K->2689K(27648K)] 49947K->25049K(60416K), 0.0040648 secs] [Times: user=0.00 sys=0.00, real=0.00 secs] 
2014-07-09T15:58:18.093+0200: 12.003: [GC [PSYoungGen: 25188K->544K(27648K)] 47548K->22912K(60416K), 0.0031750 secs] [Times: user=0.02 sys=0.00, real=0.00 secs] 
2014-07-09T15:58:18.188+0200: 12.098: [GC [PSYoungGen: 23043K->5090K(27648K)] 45411K->29035K(60416K), 0.0050726 secs] [Times: user=0.00 sys=0.00, real=0.01 secs] 
2014-07-09T15:58:18.287+0200: 12.197: [GC [PSYoungGen: 27612K->2369K(27648K)] 51557K->26322K(60416K), 0.0016187 secs] [Times: user=0.00 sys=0.00, real=0.00 secs] 
2014-07-09T15:58:18.386+0200: 12.296: [GC [PSYoungGen: 24868K->256K(27648K)] 48820K->24216K(60416K), 0.0016242 secs] [Times: user=0.00 sys=0.00, real=0.00 secs] 
2014-07-09T15:58:18.440+0200: 12.350: [GC [PSYoungGen: 22758K->5090K(27648K)] 46719K->29283K(60416K), 0.0068563 secs] [Times: user=0.00 sys=0.00, real=0.01 secs] 
2014-07-09T15:58:18.538+0200: 12.448: [GC [PSYoungGen: 27589K->3201K(27648K)] 51782K->27402K(60416K), 0.0039269 secs] [Times: user=0.00 sys=0.00, real=0.00 secs] 
2014-07-09T15:58:18.637+0200: 12.547: [GC [PSYoungGen: 25700K->1088K(27648K)] 49901K->25297K(60416K), 0.0020846 secs] [Times: user=0.00 sys=0.00, real=0.00 secs] 
2014-07-09T15:58:18.694+0200: 12.604: [GC [PSYoungGen: 23587K->5090K(27648K)] 47796K->31388K(60416K), 0.0056295 secs] [Times: user=0.00 sys=0.00, real=0.01 secs] 
2014-07-09T15:58:18.794+0200: 12.704: [GC [PSYoungGen: 27598K->3521K(27648K)] 53896K->29827K(60416K), 0.0052735 secs] [Times: user=0.03 sys=0.00, real=0.01 secs] 
2014-07-09T15:58:18.892+0200: 12.802: [GC [PSYoungGen: 26020K->1408K(27648K)] 52326K->27722K(60416K), 0.0025543 secs] [Times: user=0.00 sys=0.00, real=0.00 secs] 
2014-07-09T15:58:18.989+0200: 12.899: [GC [PSYoungGen: 23916K->5090K(27648K)] 50230K->32276K(60416K), 0.0116558 secs] [Times: user=0.00 sys=0.00, real=0.01 secs] 
2014-07-09T15:58:19.088+0200: 12.998: [GC [PSYoungGen: 27589K->3841K(27648K)] 54775K->31036K(60416K), 0.0052010 secs] [Times: user=0.02 sys=0.00, real=0.00 secs] 
2014-07-09T15:58:19.186+0200: 13.096: [GC [PSYoungGen: 26340K->1728K(27648K)] 53535K->28931K(60416K), 0.0017059 secs] [Times: user=0.02 sys=0.00, real=0.00 secs] 
2014-07-09T15:58:19.239+0200: 13.149: [GC [PSYoungGen: 24242K->5090K(27648K)] 51445K->33357K(60416K), 0.0045022 secs] [Times: user=0.00 sys=0.00, real=0.00 secs] 
2014-07-09T15:58:19.337+0200: 13.247: [GC [PSYoungGen: 27589K->4033K(27648K)] 55856K->32308K(60416K), 0.0026459 secs] [Times: user=0.00 sys=0.00, real=0.00 secs] 
2014-07-09T15:58:19.437+0200: 13.347: [GC [PSYoungGen: 26532K->1920K(27648K)] 54807K->30203K(60416K), 0.0014867 secs] [Times: user=0.00 sys=0.00, real=0.00 secs] 
2014-07-09T15:58:19.492+0200: 13.403: [GC [PSYoungGen: 24425K->5090K(27648K)] 52708K->35270K(60416K), 0.0058557 secs] [Times: user=0.00 sys=0.00, real=0.01 secs] 
2014-07-09T15:58:19.595+0200: 13.505: [GC [PSYoungGen: 27589K->4866K(27648K)] 57769K->35054K(60416K), 0.0069740 secs] [Times: user=0.00 sys=0.00, real=0.01 secs] 
2014-07-09T15:58:19.693+0200: 13.604: [GC [PSYoungGen: 27374K->1216K(27648K)] 57562K->31412K(60416K), 0.0025041 secs] [Times: user=0.00 sys=0.00, real=0.00 secs] 
2014-07-09T15:58:19.788+0200: 13.699: [GC [PSYoungGen: 23721K->5090K(27648K)] 53917K->36991K(60416K), 0.0049194 secs] [Times: user=0.00 sys=0.00, real=0.00 secs] 
2014-07-09T15:58:19.793+0200: 13.704: [Full GC [PSYoungGen: 5090K->0K(27648K)] [ParOldGen: 31900K->7276K(32768K)] 36991K->7276K(60416K) [PSPermGen: 2474K->2474K(21504K)], 0.0095363 secs] [Times: user=0.03 sys=0.00, real=0.01 secs] 
2014-07-09T15:58:19.888+0200: 13.799: [GC [PSYoungGen: 22498K->4674K(27648K)] 29775K->11951K(60416K), 0.0057890 secs] [Times: user=0.02 sys=0.00, real=0.01 secs] 
2014-07-09T15:58:19.987+0200: 13.897: [GC [PSYoungGen: 27176K->1536K(27648K)] 34453K->8821K(60416K), 0.0020384 secs] [Times: user=0.00 sys=0.00, real=0.00 secs] 
2014-07-09T15:58:20.040+0200: 13.950: [GC [PSYoungGen: 24035K->5090K(27648K)] 31320K->14912K(60416K), 0.0101709 secs] [Times: user=0.03 sys=0.00, real=0.01 secs] 
2014-07-09T15:58:20.139+0200: 14.050: [GC [PSYoungGen: 27589K->5090K(27648K)] 37411K->15336K(60416K), 0.0069076 secs] [Times: user=0.00 sys=0.00, real=0.01 secs] 
2014-07-09T15:58:20.237+0200: 14.147: [GC [PSYoungGen: 27603K->1728K(27648K)] 37849K->11983K(60416K), 0.0021778 secs] [Times: user=0.00 sys=0.00, real=0.00 secs] 
2014-07-09T15:58:20.306+0200: 14.216: [GC [PSYoungGen: 24227K->5090K(27648K)] 34482K->18042K(60416K), 0.0096063 secs] [Times: user=0.02 sys=0.00, real=0.01 secs] 
2014-07-09T15:58:20.391+0200: 14.301: [GC [PSYoungGen: 27589K->5090K(27648K)] 40541K->18658K(60416K), 0.0042404 secs] [Times: user=0.00 sys=0.00, real=0.00 secs] 
2014-07-09T15:58:20.493+0200: 14.403: [GC [PSYoungGen: 27598K->2048K(27648K)] 41166K->15624K(60416K), 0.0035218 secs] [Times: user=0.00 sys=0.00, real=0.00 secs] 
2014-07-09T15:58:20.590+0200: 14.501: [GC [PSYoungGen: 24547K->5090K(27648K)] 38123K->21715K(60416K), 0.0101574 secs] [Times: user=0.02 sys=0.00, real=0.01 secs] 
2014-07-09T15:58:20.690+0200: 14.600: [GC [PSYoungGen: 27589K->5090K(27648K)] 44214K->22652K(60416K), 0.0078187 secs] [Times: user=0.00 sys=0.00, real=0.01 secs] 
2014-07-09T15:58:20.787+0200: 14.698: [GC [PSYoungGen: 27600K->2369K(27648K)] 45162K->19938K(60416K), 0.0036421 secs] [Times: user=0.00 sys=0.00, real=0.00 secs] 
2014-07-09T15:58:20.886+0200: 14.796: [GC [PSYoungGen: 24868K->256K(27648K)] 42437K->17833K(60416K), 0.0012253 secs] [Times: user=0.00 sys=0.00, real=0.00 secs] 
2014-07-09T15:58:20.939+0200: 14.850: [GC [PSYoungGen: 22755K->5090K(27648K)] 40332K->23924K(60416K), 0.0080856 secs] [Times: user=0.00 sys=0.00, real=0.01 secs] 
2014-07-09T15:58:21.038+0200: 14.948: [GC [PSYoungGen: 27592K->3201K(27648K)] 46427K->22043K(60416K), 0.0039405 secs] [Times: user=0.00 sys=0.00, real=0.00 secs] 
2014-07-09T15:58:21.136+0200: 15.047: [GC [PSYoungGen: 25700K->1088K(27648K)] 44542K->19938K(60416K), 0.0016945 secs] [Times: user=0.03 sys=0.00, real=0.00 secs] 
2014-07-09T15:58:21.198+0200: 15.109: [GC [PSYoungGen: 23601K->5090K(27648K)] 42452K->24877K(60416K), 0.0086359 secs] [Times: user=0.03 sys=0.00, real=0.01 secs] 
2014-07-09T15:58:21.295+0200: 15.206: [GC [PSYoungGen: 27594K->2881K(27648K)] 47381K->22676K(60416K), 0.0047408 secs] [Times: user=0.00 sys=0.00, real=0.00 secs] 
2014-07-09T15:58:21.395+0200: 15.305: [GC [PSYoungGen: 25380K->736K(27648K)] 45175K->20539K(60416K), 0.0173121 secs] [Times: user=0.00 sys=0.02, real=0.02 secs] 
2014-07-09T15:58:21.489+0200: 15.399: [GC [PSYoungGen: 23238K->5090K(27648K)] 43041K->25637K(60416K), 0.0090546 secs] [Times: user=0.03 sys=0.00, real=0.01 secs] 
2014-07-09T15:58:21.588+0200: 15.498: [GC [PSYoungGen: 27589K->3713K(27648K)] 48136K->24269K(60416K), 0.0045205 secs] [Times: user=0.03 sys=0.00, real=0.00 secs] 
2014-07-09T15:58:21.686+0200: 15.597: [GC [PSYoungGen: 26212K->1568K(27648K)] 46767K->22131K(60416K), 0.0016604 secs] [Times: user=0.00 sys=0.00, real=0.00 secs] 
2014-07-09T15:58:21.738+0200: 15.648: [GC [PSYoungGen: 24076K->5090K(27648K)] 44640K->26718K(60416K), 0.0056713 secs] [Times: user=0.00 sys=0.00, real=0.01 secs] 
2014-07-09T15:58:21.838+0200: 15.749: [GC [PSYoungGen: 27589K->4033K(27648K)] 49217K->25669K(60416K), 0.0049909 secs] [Times: user=0.03 sys=0.00, real=0.00 secs] 
2014-07-09T15:58:21.938+0200: 15.849: [GC [PSYoungGen: 26532K->1888K(27648K)] 48168K->23532K(60416K), 0.0215719 secs] [Times: user=0.02 sys=0.00, real=0.02 secs] 
2014-07-09T15:58:21.991+0200: 15.901: [GC [PSYoungGen: 24399K->5090K(27648K)] 46042K->28118K(60416K), 0.0053007 secs] [Times: user=0.03 sys=0.00, real=0.01 secs] 
2014-07-09T15:58:22.095+0200: 16.006: [GC [PSYoungGen: 27589K->4322K(27648K)] 50617K->27358K(60416K), 0.0100943 secs] [Times: user=0.02 sys=0.00, real=0.01 secs] 
2014-07-09T15:58:22.193+0200: 16.103: [GC [PSYoungGen: 26821K->2241K(27648K)] 49857K->25285K(60416K), 0.0033128 secs] [Times: user=0.00 sys=0.00, real=0.00 secs] 
2014-07-09T15:58:22.290+0200: 16.200: [GC [PSYoungGen: 24754K->5090K(27648K)] 47798K->29711K(60416K), 0.0095330 secs] [Times: user=0.01 sys=0.00, real=0.01 secs] 
2014-07-09T15:58:22.388+0200: 16.299: [GC [PSYoungGen: 27589K->4514K(27648K)] 52210K->29143K(60416K), 0.0074986 secs] [Times: user=0.00 sys=0.00, real=0.01 secs] 
2014-07-09T15:58:22.486+0200: 16.397: [GC [PSYoungGen: 27016K->1376K(27648K)] 51645K->26013K(60416K), 0.0015439 secs] [Times: user=0.00 sys=0.00, real=0.00 secs] 
2014-07-09T15:58:22.538+0200: 16.448: [GC [PSYoungGen: 23875K->5090K(27648K)] 48512K->32136K(60416K), 0.0071518 secs] [Times: user=0.03 sys=0.00, real=0.01 secs] 
2014-07-09T15:58:22.639+0200: 16.549: [GC [PSYoungGen: 27589K->5090K(27648K)] 54635K->32432K(60416K), 0.0085779 secs] [Times: user=0.00 sys=0.00, real=0.01 secs] 
2014-07-09T15:58:22.737+0200: 16.647: [GC [PSYoungGen: 27604K->1216K(27648K)] 54946K->28567K(60416K), 0.0021983 secs] [Times: user=0.00 sys=0.00, real=0.00 secs] 
2014-07-09T15:58:22.794+0200: 16.705: [GC [PSYoungGen: 23715K->5090K(27648K)] 51066K->34658K(60416K), 0.0053590 secs] [Times: user=0.00 sys=0.00, real=0.01 secs] 
2014-07-09T15:58:22.895+0200: 16.806: [GC [PSYoungGen: 27589K->5090K(27648K)] 57157K->34762K(60416K), 0.0073233 secs] [Times: user=0.03 sys=0.00, real=0.01 secs] 
2014-07-09T15:58:22.993+0200: 16.903: [GC [PSYoungGen: 27592K->2048K(27648K)] 57264K->31728K(60416K), 0.0039489 secs] [Times: user=0.00 sys=0.00, real=0.00 secs] 
2014-07-09T15:58:23.089+0200: 16.999: [GC [PSYoungGen: 24547K->5090K(27648K)] 54227K->37819K(60416K), 0.0065182 secs] [Times: user=0.00 sys=0.00, real=0.01 secs] 
2014-07-09T15:58:23.095+0200: 17.006: [Full GC [PSYoungGen: 5090K->0K(27648K)] [ParOldGen: 32729K->8636K(32768K)] 37819K->8636K(60416K) [PSPermGen: 2474K->2474K(21504K)], 0.0135992 secs] [Times: user=0.01 sys=0.00, real=0.01 secs] 
2014-07-09T15:58:23.189+0200: 17.100: [GC [PSYoungGen: 22498K->5090K(27648K)] 31135K->14655K(60416K), 0.0080269 secs] [Times: user=0.03 sys=0.00, real=0.01 secs] 
2014-07-09T15:58:23.287+0200: 17.197: [GC [PSYoungGen: 27606K->2241K(27648K)] 37171K->11814K(60416K), 0.0031138 secs] [Times: user=0.02 sys=0.00, real=0.00 secs] 
2014-07-09T15:58:23.386+0200: 17.296: [GC [PSYoungGen: 24740K->128K(27648K)] 34313K->9717K(60416K), 0.0005268 secs] [Times: user=0.00 sys=0.00, real=0.00 secs] 
2014-07-09T15:58:23.439+0200: 17.350: [GC [PSYoungGen: 22625K->5090K(27648K)] 32214K->15808K(60416K), 0.0087510 secs] [Times: user=0.03 sys=0.00, real=0.01 secs] 
2014-07-09T15:58:23.537+0200: 17.448: [GC [PSYoungGen: 27598K->2561K(27648K)] 38316K->13286K(60416K), 0.0032648 secs] [Times: user=0.03 sys=0.00, real=0.00 secs] 
2014-07-09T15:58:23.636+0200: 17.546: [GC [PSYoungGen: 25060K->448K(27648K)] 35785K->11181K(60416K), 0.0005675 secs] [Times: user=0.00 sys=0.00, real=0.00 secs] 
2014-07-09T15:58:23.695+0200: 17.605: [GC [PSYoungGen: 22950K->5090K(27648K)] 33684K->16760K(60416K), 0.0067558 secs] [Times: user=0.00 sys=0.00, real=0.01 secs] 
2014-07-09T15:58:23.794+0200: 17.705: [GC [PSYoungGen: 27594K->2881K(27648K)] 39264K->14559K(60416K), 0.0037106 secs] [Times: user=0.00 sys=0.00, real=0.00 secs] 
2014-07-09T15:58:23.892+0200: 17.802: [GC [PSYoungGen: 25380K->768K(27648K)] 37058K->12454K(60416K), 0.0022547 secs] [Times: user=0.00 sys=0.00, real=0.00 secs] 
2014-07-09T15:58:23.990+0200: 17.901: [GC [PSYoungGen: 23270K->5090K(27648K)] 34956K->17520K(60416K), 0.0079668 secs] [Times: user=0.03 sys=0.00, real=0.01 secs] 
2014-07-09T15:58:24.088+0200: 17.998: [GC [PSYoungGen: 27589K->3713K(27648K)] 40019K->16152K(60416K), 0.0058869 secs] [Times: user=0.00 sys=0.00, real=0.01 secs] 
2014-07-09T15:58:24.186+0200: 18.097: [GC [PSYoungGen: 26212K->1600K(27648K)] 38651K->14047K(60416K), 0.0010845 secs] [Times: user=0.00 sys=0.00, real=0.00 secs] 
2014-07-09T15:58:24.239+0200: 18.149: [GC [PSYoungGen: 24119K->5090K(27648K)] 36565K->17961K(60416K), 0.0080742 secs] [Times: user=0.03 sys=0.00, real=0.01 secs] 
2014-07-09T15:58:24.339+0200: 18.249: [GC [PSYoungGen: 27589K->3393K(27648K)] 40460K->16272K(60416K), 0.0041572 secs] [Times: user=0.00 sys=0.00, real=0.00 secs] 
2014-07-09T15:58:24.436+0200: 18.347: [GC [PSYoungGen: 25892K->1280K(27648K)] 38771K->14167K(60416K), 0.0009653 secs] [Times: user=0.00 sys=0.00, real=0.00 secs] 
2014-07-09T15:58:24.493+0200: 18.403: [GC [PSYoungGen: 23785K->5090K(27648K)] 36671K->19233K(60416K), 0.0058103 secs] [Times: user=0.00 sys=0.00, real=0.01 secs] 
2014-07-09T15:58:24.591+0200: 18.501: [GC [PSYoungGen: 27589K->4226K(27648K)] 41732K->18377K(60416K), 0.0040750 secs] [Times: user=0.00 sys=0.00, real=0.00 secs] 
2014-07-09T15:58:24.691+0200: 18.602: [GC [PSYoungGen: 26734K->544K(27648K)] 40885K->14703K(60416K), 0.0014944 secs] [Times: user=0.02 sys=0.00, real=0.00 secs] 
2014-07-09T15:58:24.790+0200: 18.700: [GC [PSYoungGen: 23043K->5090K(27648K)] 37202K->20826K(60416K), 0.0091407 secs] [Times: user=0.00 sys=0.00, real=0.01 secs] 
2014-07-09T15:58:24.888+0200: 18.799: [GC [PSYoungGen: 27589K->4546K(27648K)] 43325K->20290K(60416K), 0.0056013 secs] [Times: user=0.00 sys=0.00, real=0.01 secs] 
2014-07-09T15:58:24.986+0200: 18.897: [GC [PSYoungGen: 27054K->896K(27648K)] 42798K->16648K(60416K), 0.0020747 secs] [Times: user=0.00 sys=0.00, real=0.00 secs] 
2014-07-09T15:58:25.038+0200: 18.948: [GC [PSYoungGen: 23395K->5090K(27648K)] 39147K->22739K(60416K), 0.0086157 secs] [Times: user=0.00 sys=0.00, real=0.01 secs] 
2014-07-09T15:58:25.138+0200: 19.049: [GC [PSYoungGen: 27589K->4866K(27648K)] 45238K->22523K(60416K), 0.0034756 secs] [Times: user=0.00 sys=0.00, real=0.00 secs] 
2014-07-09T15:58:25.236+0200: 19.147: [GC [PSYoungGen: 27380K->1056K(27648K)] 45037K->18721K(60416K), 0.0012271 secs] [Times: user=0.00 sys=0.00, real=0.00 secs] 
2014-07-09T15:58:25.292+0200: 19.202: [GC [PSYoungGen: 23555K->5090K(27648K)] 41220K->24844K(60416K), 0.0054085 secs] [Times: user=0.00 sys=0.00, real=0.00 secs] 
2014-07-09T15:58:25.392+0200: 19.302: [GC [PSYoungGen: 27589K->5058K(27648K)] 47343K->24820K(60416K), 0.0079019 secs] [Times: user=0.02 sys=0.00, real=0.01 secs] 
2014-07-09T15:58:25.491+0200: 19.401: [GC [PSYoungGen: 27560K->1920K(27648K)] 47322K->21690K(60416K), 0.0031922 secs] [Times: user=0.00 sys=0.00, real=0.00 secs] 
2014-07-09T15:58:25.589+0200: 19.499: [GC [PSYoungGen: 24419K->5090K(27648K)] 44189K->27781K(60416K), 0.0071675 secs] [Times: user=0.00 sys=0.00, real=0.01 secs] 
2014-07-09T15:58:25.690+0200: 19.600: [GC [PSYoungGen: 27589K->5090K(27648K)] 50280K->28590K(60416K), 0.0077626 secs] [Times: user=0.03 sys=0.00, real=0.01 secs] 
2014-07-09T15:58:25.786+0200: 19.697: [GC [PSYoungGen: 27604K->1696K(27648K)] 51104K->25204K(60416K), 0.0019248 secs] [Times: user=0.00 sys=0.00, real=0.00 secs] 
2014-07-09T15:58:25.838+0200: 19.749: [GC [PSYoungGen: 24195K->5090K(27648K)] 47703K->31327K(60416K), 0.0058880 secs] [Times: user=0.00 sys=0.00, real=0.01 secs] 
2014-07-09T15:58:25.945+0200: 19.856: [GC [PSYoungGen: 27594K->4674K(27648K)] 53831K->30919K(60416K), 0.0059342 secs] [Times: user=0.00 sys=0.00, real=0.01 secs] 
2014-07-09T15:58:26.037+0200: 19.947: [GC [PSYoungGen: 27173K->2561K(27648K)] 53418K->28814K(60416K), 0.0014082 secs] [Times: user=0.00 sys=0.00, real=0.00 secs] 
2014-07-09T15:58:26.136+0200: 20.047: [GC [PSYoungGen: 25060K->448K(27648K)] 51313K->26709K(60416K), 0.0025495 secs] [Times: user=0.00 sys=0.00, real=0.00 secs] 
2014-07-09T15:58:26.197+0200: 20.108: [GC [PSYoungGen: 22947K->5090K(27648K)] 49208K->32800K(60416K), 0.0090406 secs] [Times: user=0.02 sys=0.00, real=0.01 secs] 
2014-07-09T15:58:26.294+0200: 20.205: [GC [PSYoungGen: 27603K->2753K(27648K)] 55313K->30471K(60416K), 0.0037399 secs] [Times: user=0.00 sys=0.00, real=0.00 secs] 
2014-07-09T15:58:26.390+0200: 20.300: [GC [PSYoungGen: 25252K->608K(27648K)] 52970K->28334K(60416K), 0.0013899 secs] [Times: user=0.00 sys=0.00, real=0.00 secs] 
2014-07-09T15:58:26.488+0200: 20.399: [GC [PSYoungGen: 23116K->5090K(27648K)] 50842K->32888K(60416K), 0.0055635 secs] [Times: user=0.00 sys=0.00, real=0.01 secs] 
2014-07-09T15:58:26.586+0200: 20.497: [GC [PSYoungGen: 27589K->3041K(27648K)] 55387K->30847K(60416K), 0.0586377 secs] [Times: user=0.05 sys=0.00, real=0.06 secs] 
2014-07-09T15:58:26.686+0200: 20.597: [GC [PSYoungGen: 25540K->928K(27648K)] 53346K->28742K(60416K), 0.0129327 secs] [Times: user=0.02 sys=0.00, real=0.01 secs] 
2014-07-09T15:58:26.738+0200: 20.649: [GC [PSYoungGen: 23436K->5090K(27648K)] 51250K->33296K(60416K), 0.0046785 secs] [Times: user=0.00 sys=0.00, real=0.01 secs] 
2014-07-09T15:58:26.836+0200: 20.747: [GC [PSYoungGen: 27589K->3361K(27648K)] 55795K->31575K(60416K), 0.0153601 secs] [Times: user=0.01 sys=0.00, real=0.02 secs] 
2014-07-09T15:58:26.936+0200: 20.847: [GC [PSYoungGen: 25860K->1248K(27648K)] 54074K->29470K(60416K), 0.0247956 secs] [Times: user=0.03 sys=0.00, real=0.02 secs] 
2014-07-09T15:58:26.993+0200: 20.904: [GC [PSYoungGen: 23753K->5090K(27648K)] 51975K->34537K(60416K), 0.0062543 secs] [Times: user=0.00 sys=0.00, real=0.01 secs] 
2014-07-09T15:58:27.091+0200: 21.001: [GC [PSYoungGen: 27589K->4194K(27648K)] 57035K->33648K(60416K), 0.0162382 secs] [Times: user=0.02 sys=0.00, real=0.02 secs] 
2014-07-09T15:58:27.191+0200: 21.101: [GC [PSYoungGen: 26691K->2081K(27648K)] 56145K->31543K(60416K), 0.0022698 secs] [Times: user=0.00 sys=0.00, real=0.00 secs] 
2014-07-09T15:58:27.287+0200: 21.198: [GC [PSYoungGen: 24600K->5090K(27648K)] 54063K->35489K(60416K), 0.0048769 secs] [Times: user=0.00 sys=0.00, real=0.01 secs] 
2014-07-09T15:58:27.398+0200: 21.308: [GC [PSYoungGen: 27589K->3873K(27648K)] 57988K->34280K(60416K), 0.0347939 secs] [Times: user=0.02 sys=0.00, real=0.04 secs] 
2014-07-09T15:58:27.486+0200: 21.397: [GC [PSYoungGen: 26378K->768K(27648K)] 56785K->31183K(60416K), 0.0008212 secs] [Times: user=0.00 sys=0.00, real=0.00 secs] 
2014-07-09T15:58:27.541+0200: 21.452: [GC [PSYoungGen: 23267K->5090K(27648K)] 53682K->37274K(60416K), 0.0094773 secs] [Times: user=0.03 sys=0.00, real=0.01 secs] 
2014-07-09T15:58:27.551+0200: 21.462: [Full GC [PSYoungGen: 5090K->0K(27648K)] [ParOldGen: 32183K->7377K(32768K)] 37274K->7377K(60416K) [PSPermGen: 2474K->2474K(21504K)], 0.0171947 secs] [Times: user=0.03 sys=0.00, real=0.02 secs] 
2014-07-09T15:58:27.639+0200: 21.549: [GC [PSYoungGen: 22498K->4738K(27648K)] 29876K->12115K(60416K), 0.0079631 secs] [Times: user=0.03 sys=0.00, real=0.01 secs] 
2014-07-09T15:58:27.737+0200: 21.648: [GC [PSYoungGen: 27246K->1088K(27648K)] 34623K->8473K(60416K), 0.0018592 secs] [Times: user=0.00 sys=0.00, real=0.00 secs] 
2014-07-09T15:58:27.798+0200: 21.709: [GC [PSYoungGen: 23587K->5090K(27648K)] 30972K->14564K(60416K), 0.0095455 secs] [Times: user=0.00 sys=0.00, real=0.01 secs] 
2014-07-09T15:58:27.895+0200: 21.806: [GC [PSYoungGen: 27589K->5058K(27648K)] 37063K->14540K(60416K), 0.0066422 secs] [Times: user=0.00 sys=0.00, real=0.01 secs] 
2014-07-09T15:58:27.990+0200: 21.901: [GC [PSYoungGen: 27566K->1408K(27648K)] 37049K->10899K(60416K), 0.0013440 secs] [Times: user=0.00 sys=0.00, real=0.00 secs] 
2014-07-09T15:58:28.090+0200: 22.001: [GC [PSYoungGen: 23907K->5090K(27648K)] 33398K->16990K(60416K), 0.0167068 secs] [Times: user=0.03 sys=0.00, real=0.02 secs] 
2014-07-09T15:58:28.189+0200: 22.100: [GC [PSYoungGen: 27589K->5090K(27648K)] 39489K->17286K(60416K), 0.0066909 secs] [Times: user=0.00 sys=0.00, real=0.01 secs] 
2014-07-09T15:58:28.287+0200: 22.197: [GC [PSYoungGen: 27606K->1600K(27648K)] 39802K->13804K(60416K), 0.0024557 secs] [Times: user=0.00 sys=0.00, real=0.00 secs] 
2014-07-09T15:58:28.339+0200: 22.250: [GC [PSYoungGen: 24099K->5090K(27648K)] 36303K->19895K(60416K), 0.0061835 secs] [Times: user=0.03 sys=0.00, real=0.01 secs] 
2014-07-09T15:58:28.437+0200: 22.348: [GC [PSYoungGen: 27594K->4546K(27648K)] 42399K->19359K(60416K), 0.0036512 secs] [Times: user=0.00 sys=0.00, real=0.00 secs] 
2014-07-09T15:58:28.537+0200: 22.448: [GC [PSYoungGen: 27045K->2433K(27648K)] 41858K->17254K(60416K), 0.0018152 secs] [Times: user=0.00 sys=0.00, real=0.00 secs] 
2014-07-09T15:58:28.636+0200: 22.547: [GC [PSYoungGen: 24932K->320K(27648K)] 39753K->15149K(60416K), 0.0007780 secs] [Times: user=0.00 sys=0.00, real=0.00 secs] 
2014-07-09T15:58:28.697+0200: 22.607: [GC [PSYoungGen: 22819K->5090K(27648K)] 37648K->21240K(60416K), 0.0082051 secs] [Times: user=0.03 sys=0.00, real=0.01 secs] 
2014-07-09T15:58:28.792+0200: 22.703: [GC [PSYoungGen: 27604K->2241K(27648K)] 43754K->18398K(60416K), 0.0037663 secs] [Times: user=0.02 sys=0.00, real=0.00 secs] 
2014-07-09T15:58:28.891+0200: 22.802: [GC [PSYoungGen: 24740K->128K(27648K)] 40897K->16293K(60416K), 0.0015050 secs] [Times: user=0.00 sys=0.00, real=0.00 secs] 
2014-07-09T15:58:28.989+0200: 22.900: [GC [PSYoungGen: 22630K->5090K(27648K)] 38796K->21360K(60416K), 0.0068654 secs] [Times: user=0.00 sys=0.00, real=0.01 secs] 
2014-07-09T15:58:29.086+0200: 22.997: [GC [PSYoungGen: 27589K->3073K(27648K)] 43859K->19351K(60416K), 0.0015079 secs] [Times: user=0.00 sys=0.00, real=0.00 secs] 
2014-07-09T15:58:29.210+0200: 23.121: [GC [PSYoungGen: 25572K->960K(27648K)] 41850K->17246K(60416K), 0.0008348 secs] [Times: user=0.00 sys=0.00, real=0.00 secs] 
2014-07-09T15:58:29.237+0200: 23.148: [GC [PSYoungGen: 23474K->5090K(27648K)] 39760K->21672K(60416K), 0.0046484 secs] [Times: user=0.00 sys=0.00, real=0.01 secs] 
2014-07-09T15:58:29.337+0200: 23.248: [GC [PSYoungGen: 27589K->3265K(27648K)] 44171K->19855K(60416K), 0.0038719 secs] [Times: user=0.00 sys=0.00, real=0.00 secs] 
2014-07-09T15:58:29.436+0200: 23.347: [GC [PSYoungGen: 25764K->1152K(27648K)] 42354K->17750K(60416K), 0.0018526 secs] [Times: user=0.00 sys=0.00, real=0.00 secs] 
2014-07-09T15:58:29.491+0200: 23.402: [GC [PSYoungGen: 23660K->5090K(27648K)] 40258K->22304K(60416K), 0.0047658 secs] [Times: user=0.00 sys=0.00, real=0.01 secs] 
2014-07-09T15:58:29.602+0200: 23.513: [GC [PSYoungGen: 27589K->3553K(27648K)] 44803K->20775K(60416K), 0.0038708 secs] [Times: user=0.00 sys=0.00, real=0.00 secs] 
2014-07-09T15:58:29.692+0200: 23.603: [GC [PSYoungGen: 26052K->1472K(27648K)] 43274K->18702K(60416K), 0.0023897 secs] [Times: user=0.00 sys=0.00, real=0.00 secs] 
2014-07-09T15:58:29.789+0200: 23.700: [GC [PSYoungGen: 23980K->5090K(27648K)] 41211K->23257K(60416K), 0.0081505 secs] [Times: user=0.03 sys=0.00, real=0.01 secs] 
2014-07-09T15:58:29.888+0200: 23.799: [GC [PSYoungGen: 27589K->3905K(27648K)] 45756K->22080K(60416K), 0.0047918 secs] [Times: user=0.00 sys=0.00, real=0.00 secs] 
2014-07-09T15:58:29.986+0200: 23.897: [GC [PSYoungGen: 26410K->768K(27648K)] 44584K->18950K(60416K), 0.0091367 secs] [Times: user=0.00 sys=0.00, real=0.01 secs] 
2014-07-09T15:58:30.038+0200: 23.949: [GC [PSYoungGen: 23267K->5090K(27648K)] 41449K->25041K(60416K), 0.0055027 secs] [Times: user=0.00 sys=0.01, real=0.01 secs] 
2014-07-09T15:58:30.144+0200: 24.055: [GC [PSYoungGen: 27589K->4706K(27648K)] 47540K->24665K(60416K), 0.0049142 secs] [Times: user=0.00 sys=0.00, real=0.00 secs] 
2014-07-09T15:58:30.236+0200: 24.147: [GC [PSYoungGen: 27228K->448K(27648K)] 47187K->20415K(60416K), 0.0016058 secs] [Times: user=0.00 sys=0.00, real=0.00 secs] 
2014-07-09T15:58:30.292+0200: 24.203: [GC [PSYoungGen: 22947K->5090K(27648K)] 42914K->26506K(60416K), 0.0054327 secs] [Times: user=0.02 sys=0.00, real=0.01 secs] 
2014-07-09T15:58:30.395+0200: 24.306: [GC [PSYoungGen: 27589K->4418K(27648K)] 49005K->25842K(60416K), 0.0062792 secs] [Times: user=0.00 sys=0.00, real=0.01 secs] 
2014-07-09T15:58:30.489+0200: 24.400: [GC [PSYoungGen: 26920K->1280K(27648K)] 48344K->22712K(60416K), 0.0015409 secs] [Times: user=0.00 sys=0.00, real=0.00 secs] 
2014-07-09T15:58:30.588+0200: 24.499: [GC [PSYoungGen: 23779K->5090K(27648K)] 45211K->28803K(60416K), 0.0104554 secs] [Times: user=0.03 sys=0.00, real=0.01 secs] 
2014-07-09T15:58:30.688+0200: 24.599: [GC [PSYoungGen: 27589K->5090K(27648K)] 51302K->28939K(60416K), 0.0059100 secs] [Times: user=0.00 sys=0.00, real=0.01 secs] 
2014-07-09T15:58:30.787+0200: 24.698: [GC [PSYoungGen: 27598K->1600K(27648K)] 51448K->25458K(60416K), 0.0021433 secs] [Times: user=0.00 sys=0.00, real=0.00 secs] 
2014-07-09T15:58:30.838+0200: 24.749: [GC [PSYoungGen: 24099K->5090K(27648K)] 47957K->31549K(60416K), 0.0063206 secs] [Times: user=0.03 sys=0.00, real=0.01 secs] 
2014-07-09T15:58:30.939+0200: 24.850: [GC [PSYoungGen: 27589K->5090K(27648K)] 54048K->32037K(60416K), 0.0079209 secs] [Times: user=0.00 sys=0.00, real=0.01 secs] 
2014-07-09T15:58:31.036+0200: 24.947: [GC [PSYoungGen: 27598K->1920K(27648K)] 54545K->28875K(60416K), 0.0010900 secs] [Times: user=0.00 sys=0.00, real=0.00 secs] 
2014-07-09T15:58:31.099+0200: 25.010: [GC [PSYoungGen: 24419K->5090K(27648K)] 51374K->34934K(60416K), 0.0071107 secs] [Times: user=0.02 sys=0.00, real=0.01 secs] 
2014-07-09T15:58:31.106+0200: 25.017: [Full GC [PSYoungGen: 5090K->0K(27648K)] [ParOldGen: 29844K->8545K(32768K)] 34934K->8545K(60416K) [PSPermGen: 2474K->2474K(21504K)], 0.0146416 secs] [Times: user=0.03 sys=0.00, real=0.02 secs] 
2014-07-09T15:58:31.197+0200: 25.108: [GC [PSYoungGen: 22498K->5090K(27648K)] 31044K->14404K(60416K), 0.0095326 secs] [Times: user=0.00 sys=0.02, real=0.01 secs] 
2014-07-09T15:58:31.290+0200: 25.201: [GC [PSYoungGen: 27606K->2081K(27648K)] 36920K->11403K(60416K), 0.0027570 secs] [Times: user=0.02 sys=0.00, real=0.00 secs] 
2014-07-09T15:58:31.399+0200: 25.310: [GC [PSYoungGen: 24577K->5090K(27648K)] 33900K->17494K(60416K), 0.0176252 secs] [Times: user=0.03 sys=0.00, real=0.02 secs] 
2014-07-09T15:58:31.487+0200: 25.398: [GC [PSYoungGen: 27594K->5058K(27648K)] 39998K->17470K(60416K), 0.0038173 secs] [Times: user=0.00 sys=0.00, real=0.00 secs] 
2014-07-09T15:58:31.588+0200: 25.499: [GC [PSYoungGen: 27557K->2945K(27648K)] 39969K->15365K(60416K), 0.0031361 secs] [Times: user=0.00 sys=0.00, real=0.00 secs] 
2014-07-09T15:58:31.686+0200: 25.597: [GC [PSYoungGen: 25444K->832K(27648K)] 37864K->13260K(60416K), 0.0016729 secs] [Times: user=0.00 sys=0.00, real=0.00 secs] 
2014-07-09T15:58:31.739+0200: 25.650: [GC [PSYoungGen: 23346K->4866K(27648K)] 35773K->17301K(60416K), 0.0064368 secs] [Times: user=0.03 sys=0.00, real=0.01 secs] 
2014-07-09T15:58:31.837+0200: 25.748: [GC [PSYoungGen: 27365K->2753K(27648K)] 39800K->15196K(60416K), 0.0012968 secs] [Times: user=0.00 sys=0.02, real=0.00 secs] 
2014-07-09T15:58:31.936+0200: 25.847: [GC [PSYoungGen: 25279K->800K(27648K)] 37722K->13251K(60416K), 0.0006907 secs] [Times: user=0.00 sys=0.00, real=0.00 secs] 
2014-07-09T15:58:31.998+0200: 25.909: [GC [PSYoungGen: 23307K->5090K(27648K)] 35759K->18190K(60416K), 0.0072574 secs] [Times: user=0.00 sys=0.00, real=0.01 secs] 
2014-07-09T15:58:32.095+0200: 26.006: [GC [PSYoungGen: 27589K->3617K(27648K)] 40689K->16725K(60416K), 0.0050851 secs] [Times: user=0.00 sys=0.00, real=0.00 secs] 
2014-07-09T15:58:32.192+0200: 26.103: [GC [PSYoungGen: 26116K->1504K(27648K)] 39224K->14620K(60416K), 0.0027658 secs] [Times: user=0.00 sys=0.00, real=0.00 secs] 
2014-07-09T15:58:32.301+0200: 26.212: [GC [PSYoungGen: 24017K->5090K(27648K)] 37133K->19046K(60416K), 0.0055896 secs] [Times: user=0.02 sys=0.00, real=0.01 secs] 
2014-07-09T15:58:32.387+0200: 26.298: [GC [PSYoungGen: 27589K->3809K(27648K)] 41545K->17774K(60416K), 0.0037022 secs] [Times: user=0.00 sys=0.00, real=0.00 secs] 
2014-07-09T15:58:32.486+0200: 26.397: [GC [PSYoungGen: 26320K->160K(27648K)] 40284K->14140K(60416K), 0.0013378 secs] [Times: user=0.00 sys=0.00, real=0.00 secs] 
2014-07-09T15:58:32.538+0200: 26.449: [GC [PSYoungGen: 22659K->5090K(27648K)] 36639K->20231K(60416K), 0.0087162 secs] [Times: user=0.03 sys=0.00, real=0.01 secs] 
2014-07-09T15:58:32.637+0200: 26.548: [GC [PSYoungGen: 27587K->4129K(27648K)] 42728K->19278K(60416K), 0.0028106 secs] [Times: user=0.00 sys=0.00, real=0.00 secs] 
2014-07-09T15:58:32.736+0200: 26.647: [GC [PSYoungGen: 26638K->480K(27648K)] 41787K->15637K(60416K), 0.0015373 secs] [Times: user=0.00 sys=0.00, real=0.00 secs] 
2014-07-09T15:58:32.797+0200: 26.708: [GC [PSYoungGen: 22979K->5090K(27648K)] 38136K->21728K(60416K), 0.0082139 secs] [Times: user=0.02 sys=0.00, real=0.01 secs] 
2014-07-09T15:58:32.897+0200: 26.808: [GC [PSYoungGen: 27589K->4450K(27648K)] 44227K->21095K(60416K), 0.0039185 secs] [Times: user=0.03 sys=0.00, real=0.00 secs] 
2014-07-09T15:58:32.990+0200: 26.901: [GC [PSYoungGen: 26952K->1312K(27648K)] 43598K->17966K(60416K), 0.0010383 secs] [Times: user=0.00 sys=0.00, real=0.00 secs] 
2014-07-09T15:58:33.091+0200: 27.003: [GC [PSYoungGen: 23811K->5090K(27648K)] 40465K->24057K(60416K), 0.0094754 secs] [Times: user=0.02 sys=0.00, real=0.01 secs] 
2014-07-09T15:58:33.188+0200: 27.099: [GC [PSYoungGen: 27589K->5090K(27648K)] 46556K->24257K(60416K), 0.0076089 secs] [Times: user=0.03 sys=0.00, real=0.01 secs] 
2014-07-09T15:58:33.287+0200: 27.197: [GC [PSYoungGen: 27609K->992K(27648K)] 46776K->20167K(60416K), 0.0018984 secs] [Times: user=0.02 sys=0.00, real=0.00 secs] 
2014-07-09T15:58:33.338+0200: 27.248: [GC [PSYoungGen: 23491K->5090K(27648K)] 42666K->26258K(60416K), 0.0053659 secs] [Times: user=0.00 sys=0.00, real=0.01 secs] 
2014-07-09T15:58:33.438+0200: 27.348: [GC [PSYoungGen: 27592K->3905K(27648K)] 48760K->25081K(60416K), 0.0070231 secs] [Times: user=0.01 sys=0.00, real=0.01 secs] 
2014-07-09T15:58:33.536+0200: 27.446: [GC [PSYoungGen: 26404K->1824K(27648K)] 47580K->23008K(60416K), 0.0009939 secs] [Times: user=0.00 sys=0.00, real=0.00 secs] 
2014-07-09T15:58:33.594+0200: 27.504: [GC [PSYoungGen: 24323K->5090K(27648K)] 45507K->29099K(60416K), 0.0064632 secs] [Times: user=0.02 sys=0.00, real=0.01 secs] 
2014-07-09T15:58:33.696+0200: 27.607: [GC [PSYoungGen: 27589K->5090K(27648K)] 51598K->29812K(60416K), 0.0075862 secs] [Times: user=0.00 sys=0.00, real=0.01 secs] 
2014-07-09T15:58:33.793+0200: 27.703: [GC [PSYoungGen: 27600K->2145K(27648K)] 52322K->26874K(60416K), 0.0036047 secs] [Times: user=0.00 sys=0.00, real=0.00 secs] 
2014-07-09T15:58:33.892+0200: 27.802: [GC [PSYoungGen: 24641K->5090K(27648K)] 49371K->32965K(60416K), 0.0102146 secs] [Times: user=0.02 sys=0.00, real=0.01 secs] 
2014-07-09T15:58:33.988+0200: 27.898: [GC [PSYoungGen: 27601K->4578K(27648K)] 55476K->32461K(60416K), 0.0041330 secs] [Times: user=0.03 sys=0.00, real=0.00 secs] 
2014-07-09T15:58:34.087+0200: 27.997: [GC [PSYoungGen: 27077K->2465K(27648K)] 54960K->30356K(60416K), 0.0029015 secs] [Times: user=0.00 sys=0.00, real=0.00 secs] 
2014-07-09T15:58:34.186+0200: 28.096: [GC [PSYoungGen: 24964K->320K(27648K)] 52855K->28219K(60416K), 0.0139310 secs] [Times: user=0.00 sys=0.02, real=0.01 secs] 
2014-07-09T15:58:34.237+0200: 28.147: [GC [PSYoungGen: 22833K->4770K(27648K)] 50732K->32677K(60416K), 0.0037037 secs] [Times: user=0.02 sys=0.00, real=0.00 secs] 
2014-07-09T15:58:34.337+0200: 28.247: [GC [PSYoungGen: 27269K->2657K(27648K)] 55176K->30572K(60416K), 0.0023460 secs] [Times: user=0.00 sys=0.00, real=0.00 secs] 
2014-07-09T15:58:34.436+0200: 28.347: [GC [PSYoungGen: 25156K->544K(27648K)] 53071K->28467K(60416K), 0.0020535 secs] [Times: user=0.00 sys=0.00, real=0.00 secs] 
2014-07-09T15:58:34.494+0200: 28.404: [GC [PSYoungGen: 23046K->5090K(27648K)] 50969K->33501K(60416K), 0.0277547 secs] [Times: user=0.02 sys=0.00, real=0.03 secs] 
2014-07-09T15:58:34.593+0200: 28.504: [GC [PSYoungGen: 27589K->3489K(27648K)] 56000K->31908K(60416K), 0.0051837 secs] [Times: user=0.00 sys=0.00, real=0.01 secs] 
2014-07-09T15:58:34.692+0200: 28.602: [GC [PSYoungGen: 26017K->384K(27648K)] 54436K->28811K(60416K), 0.0019094 secs] [Times: user=0.03 sys=0.00, real=0.00 secs] 
2014-07-09T15:58:34.789+0200: 28.699: [GC [PSYoungGen: 22901K->5090K(27648K)] 51328K->33877K(60416K), 0.0074623 secs] [Times: user=0.00 sys=0.00, real=0.01 secs] 
2014-07-09T15:58:34.887+0200: 28.797: [GC [PSYoungGen: 27589K->3329K(27648K)] 56376K->32125K(60416K), 0.0021154 secs] [Times: user=0.00 sys=0.00, real=0.00 secs] 
2014-07-09T15:58:34.986+0200: 28.896: [GC [PSYoungGen: 25834K->192K(27648K)] 54629K->28995K(60416K), 0.0009672 secs] [Times: user=0.00 sys=0.00, real=0.00 secs] 
2014-07-09T15:58:35.040+0200: 28.950: [GC [PSYoungGen: 22691K->5090K(27648K)] 51494K->35086K(60416K), 0.0079308 secs] [Times: user=0.00 sys=0.00, real=0.01 secs] 
2014-07-09T15:58:35.137+0200: 29.047: [GC [PSYoungGen: 27587K->4162K(27648K)] 57583K->34166K(60416K), 0.0029814 secs] [Times: user=0.00 sys=0.00, real=0.00 secs] 
2014-07-09T15:58:35.236+0200: 29.146: [GC [PSYoungGen: 26676K->384K(27648K)] 56680K->30396K(60416K), 0.0009833 secs] [Times: user=0.00 sys=0.00, real=0.00 secs] 
2014-07-09T15:58:35.297+0200: 29.208: [GC [PSYoungGen: 22883K->5090K(27648K)] 52895K->36487K(60416K), 0.0085559 secs] [Times: user=0.03 sys=0.00, real=0.01 secs] 
2014-07-09T15:58:35.306+0200: 29.217: [Full GC [PSYoungGen: 5090K->0K(27648K)] [ParOldGen: 31396K->7020K(32768K)] 36487K->7020K(60416K) [PSPermGen: 2474K->2474K(21504K)], 0.0247190 secs] [Times: user=0.01 sys=0.00, real=0.03 secs] 
2014-07-09T15:58:35.392+0200: 29.302: [GC [PSYoungGen: 22498K->4354K(27648K)] 29519K->11374K(60416K), 0.0062854 secs] [Times: user=0.03 sys=0.00, real=0.01 secs] 
2014-07-09T15:58:35.493+0200: 29.403: [GC [PSYoungGen: 26862K->704K(27648K)] 33882K->7732K(60416K), 0.0030162 secs] [Times: user=0.00 sys=0.00, real=0.00 secs] 
2014-07-09T15:58:35.588+0200: 29.498: [GC [PSYoungGen: 23203K->5090K(27648K)] 30231K->13823K(60416K), 0.0060713 secs] [Times: user=0.00 sys=0.00, real=0.01 secs] 
2014-07-09T15:58:35.687+0200: 29.597: [GC [PSYoungGen: 27589K->4674K(27648K)] 36322K->13415K(60416K), 0.0047148 secs] [Times: user=0.02 sys=0.00, real=0.00 secs] 
2014-07-09T15:58:35.787+0200: 29.697: [GC [PSYoungGen: 27182K->1024K(27648K)] 35923K->9773K(60416K), 0.0016755 secs] [Times: user=0.00 sys=0.00, real=0.00 secs] 
2014-07-09T15:58:35.840+0200: 29.750: [GC [PSYoungGen: 23523K->5090K(27648K)] 32272K->15864K(60416K), 0.0091502 secs] [Times: user=0.03 sys=0.00, real=0.01 secs] 
2014-07-09T15:58:35.939+0200: 29.849: [GC [PSYoungGen: 27592K->3969K(27648K)] 38367K->14752K(60416K), 0.0239865 secs] [Times: user=0.05 sys=0.00, real=0.02 secs] 
2014-07-09T15:58:36.037+0200: 29.947: [GC [PSYoungGen: 26468K->1856K(27648K)] 37251K->12647K(60416K), 0.0022287 secs] [Times: user=0.00 sys=0.00, real=0.00 secs] 
2014-07-09T15:58:36.099+0200: 30.009: [GC [PSYoungGen: 24355K->5090K(27648K)] 35146K->18738K(60416K), 0.0095194 secs] [Times: user=0.00 sys=0.00, real=0.01 secs] 
2014-07-09T15:58:36.191+0200: 30.101: [GC [PSYoungGen: 27589K->5090K(27648K)] 41236K->19482K(60416K), 0.0045781 secs] [Times: user=0.00 sys=0.00, real=0.01 secs] 
2014-07-09T15:58:36.290+0200: 30.200: [GC [PSYoungGen: 27609K->1536K(27648K)] 42001K->15936K(60416K), 0.0026657 secs] [Times: user=0.00 sys=0.00, real=0.00 secs] 
2014-07-09T15:58:36.390+0200: 30.301: [GC [PSYoungGen: 24035K->5090K(27648K)] 38435K->22027K(60416K), 0.0099081 secs] [Times: user=0.03 sys=0.00, real=0.01 secs] 
2014-07-09T15:58:36.489+0200: 30.399: [GC [PSYoungGen: 27594K->4482K(27648K)] 44532K->21427K(60416K), 0.0053762 secs] [Times: user=0.00 sys=0.00, real=0.01 secs] 
2014-07-09T15:58:36.587+0200: 30.497: [GC [PSYoungGen: 26981K->2369K(27648K)] 43926K->19322K(60416K), 0.0021261 secs] [Times: user=0.00 sys=0.00, real=0.00 secs] 
2014-07-09T15:58:36.686+0200: 30.596: [GC [PSYoungGen: 24868K->224K(27648K)] 41821K->17185K(60416K), 0.0181923 secs] [Times: user=0.02 sys=0.00, real=0.02 secs] 
2014-07-09T15:58:36.737+0200: 30.647: [GC [PSYoungGen: 22732K->4802K(27648K)] 39693K->21771K(60416K), 0.0033953 secs] [Times: user=0.00 sys=0.00, real=0.00 secs] 
2014-07-09T15:58:36.838+0200: 30.748: [GC [PSYoungGen: 27301K->2689K(27648K)] 44270K->19666K(60416K), 0.0028175 secs] [Times: user=0.00 sys=0.00, real=0.00 secs] 
2014-07-09T15:58:36.936+0200: 30.847: [GC [PSYoungGen: 25188K->576K(27648K)] 42165K->17561K(60416K), 0.0017572 secs] [Times: user=0.00 sys=0.00, real=0.00 secs] 
2014-07-09T15:58:36.996+0200: 30.906: [GC [PSYoungGen: 23084K->5090K(27648K)] 40069K->22115K(60416K), 0.0075265 secs] [Times: user=0.03 sys=0.00, real=0.01 secs] 
2014-07-09T15:58:37.093+0200: 31.004: [GC [PSYoungGen: 27589K->3009K(27648K)] 44614K->20042K(60416K), 0.0135380 secs] [Times: user=0.03 sys=0.00, real=0.01 secs] 
2014-07-09T15:58:37.192+0200: 31.102: [GC [PSYoungGen: 25508K->896K(27648K)] 42541K->17937K(60416K), 0.0020722 secs] [Times: user=0.00 sys=0.00, real=0.00 secs] 
2014-07-09T15:58:37.288+0200: 31.198: [GC [PSYoungGen: 23412K->5090K(27648K)] 40453K->22363K(60416K), 0.0039405 secs] [Times: user=0.00 sys=0.00, real=0.00 secs] 
2014-07-09T15:58:37.387+0200: 31.298: [GC [PSYoungGen: 27589K->3201K(27648K)] 44862K->20482K(60416K), 0.0037040 secs] [Times: user=0.00 sys=0.00, real=0.00 secs] 
2014-07-09T15:58:37.486+0200: 31.397: [GC [PSYoungGen: 25704K->64K(27648K)] 42985K->17353K(60416K), 0.0013712 secs] [Times: user=0.00 sys=0.00, real=0.00 secs] 
2014-07-09T15:58:37.539+0200: 31.450: [GC [PSYoungGen: 22560K->5090K(27648K)] 39850K->23444K(60416K), 0.0080749 secs] [Times: user=0.00 sys=0.00, real=0.01 secs] 
2014-07-09T15:58:37.637+0200: 31.548: [GC [PSYoungGen: 27589K->4033K(27648K)] 45943K->22395K(60416K), 0.0027244 secs] [Times: user=0.00 sys=0.00, real=0.00 secs] 
2014-07-09T15:58:37.700+0200: 31.610: [GC [PSYoungGen: 26559K->384K(27648K)] 44921K->18753K(60416K), 0.0017965 secs] [Times: user=0.00 sys=0.00, real=0.00 secs] 
2014-07-09T15:58:37.793+0200: 31.703: [GC [PSYoungGen: 22903K->5090K(27648K)] 41273K->24332K(60416K), 0.0074894 secs] [Times: user=0.02 sys=0.00, real=0.01 secs] 
2014-07-09T15:58:37.895+0200: 31.805: [GC [PSYoungGen: 27589K->3873K(27648K)] 46831K->23124K(60416K), 0.0092093 secs] [Times: user=0.00 sys=0.00, real=0.01 secs] 
2014-07-09T15:58:37.995+0200: 31.905: [GC [PSYoungGen: 26378K->736K(27648K)] 45628K->19994K(60416K), 0.0027273 secs] [Times: user=0.00 sys=0.00, real=0.00 secs] 
2014-07-09T15:58:38.090+0200: 32.000: [GC [PSYoungGen: 23235K->5090K(27648K)] 42493K->26085K(60416K), 0.0090289 secs] [Times: user=0.03 sys=0.00, real=0.01 secs] 
2014-07-09T15:58:38.189+0200: 32.099: [GC [PSYoungGen: 27589K->4706K(27648K)] 48584K->25709K(60416K), 0.0054943 secs] [Times: user=0.00 sys=0.00, real=0.01 secs] 
2014-07-09T15:58:38.287+0200: 32.197: [GC [PSYoungGen: 27219K->928K(27648K)] 48222K->21939K(60416K), 0.0018918 secs] [Times: user=0.00 sys=0.00, real=0.00 secs] 
2014-07-09T15:58:38.343+0200: 32.253: [GC [PSYoungGen: 23427K->5090K(27648K)] 44438K->27998K(60416K), 0.0208669 secs] [Times: user=0.03 sys=0.00, real=0.02 secs] 
2014-07-09T15:58:38.439+0200: 32.349: [GC [PSYoungGen: 27589K->4898K(27648K)] 50497K->27814K(60416K), 0.0061234 secs] [Times: user=0.00 sys=0.00, real=0.01 secs] 
2014-07-09T15:58:38.537+0200: 32.447: [GC [PSYoungGen: 27406K->1248K(27648K)] 50322K->24172K(60416K), 0.0021088 secs] [Times: user=0.00 sys=0.00, real=0.00 secs] 
2014-07-09T15:58:38.592+0200: 32.502: [GC [PSYoungGen: 23747K->5090K(27648K)] 46671K->30263K(60416K), 0.0062209 secs] [Times: user=0.03 sys=0.00, real=0.01 secs] 
2014-07-09T15:58:38.692+0200: 32.603: [GC [PSYoungGen: 27589K->5090K(27648K)] 52762K->30399K(60416K), 0.0045997 secs] [Times: user=0.00 sys=0.00, real=0.01 secs] 
2014-07-09T15:58:38.792+0200: 32.702: [GC [PSYoungGen: 27598K->1568K(27648K)] 52907K->26885K(60416K), 0.0031163 secs] [Times: user=0.00 sys=0.00, real=0.00 secs] 
2014-07-09T15:58:38.892+0200: 32.802: [GC [PSYoungGen: 24067K->5090K(27648K)] 49384K->32976K(60416K), 0.0092228 secs] [Times: user=0.00 sys=0.00, real=0.01 secs] 
2014-07-09T15:58:38.988+0200: 32.899: [GC [PSYoungGen: 27594K->4514K(27648K)] 55481K->32408K(60416K), 0.0035966 secs] [Times: user=0.00 sys=0.00, real=0.00 secs] 
2014-07-09T15:58:39.087+0200: 32.998: [GC [PSYoungGen: 27013K->2401K(27648K)] 54907K->30303K(60416K), 0.0028325 secs] [Times: user=0.00 sys=0.00, real=0.00 secs] 
2014-07-09T15:58:39.186+0200: 33.097: [GC [PSYoungGen: 24900K->256K(27648K)] 52802K->28166K(60416K), 0.0018394 secs] [Times: user=0.00 sys=0.00, real=0.00 secs] 
2014-07-09T15:58:39.239+0200: 33.150: [GC [PSYoungGen: 22775K->4194K(27648K)] 50686K->32112K(60416K), 0.0032567 secs] [Times: user=0.00 sys=0.00, real=0.00 secs] 
2014-07-09T15:58:39.337+0200: 33.247: [GC [PSYoungGen: 26690K->2080K(27648K)] 54609K->30007K(60416K), 0.0025359 secs] [Times: user=0.00 sys=0.00, real=0.00 secs] 
2014-07-09T15:58:39.394+0200: 33.304: [GC [PSYoungGen: 24577K->5090K(27648K)] 52504K->36098K(60416K), 0.0066143 secs] [Times: user=0.00 sys=0.00, real=0.01 secs] 
2014-07-09T15:58:39.400+0200: 33.311: [Full GC [PSYoungGen: 5090K->0K(27648K)] [ParOldGen: 31007K->8727K(32768K)] 36098K->8727K(60416K) [PSPermGen: 2474K->2474K(21504K)], 0.0132381 secs] [Times: user=0.03 sys=0.00, real=0.01 secs] 
2014-07-09T15:58:39.491+0200: 33.401: [GC [PSYoungGen: 22504K->5026K(27648K)] 31231K->13753K(60416K), 0.0040439 secs] [Times: user=0.00 sys=0.00, real=0.00 secs] 
2014-07-09T15:58:39.590+0200: 33.500: [GC [PSYoungGen: 27525K->2913K(27648K)] 36252K->11648K(60416K), 0.0028216 secs] [Times: user=0.03 sys=0.00, real=0.00 secs] 
2014-07-09T15:58:39.692+0200: 33.602: [GC [PSYoungGen: 25412K->800K(27648K)] 34147K->9543K(60416K), 0.0019893 secs] [Times: user=0.00 sys=0.00, real=0.00 secs] 
2014-07-09T15:58:39.789+0200: 33.699: [GC [PSYoungGen: 23308K->5090K(27648K)] 32052K->14098K(60416K), 0.0066953 secs] [Times: user=0.03 sys=0.00, real=0.01 secs] 
2014-07-09T15:58:39.888+0200: 33.798: [GC [PSYoungGen: 27589K->3233K(27648K)] 36597K->12249K(60416K), 0.0044054 secs] [Times: user=0.00 sys=0.00, real=0.00 secs] 
2014-07-09T15:58:39.943+0200: 33.854: [GC [PSYoungGen: 25758K->64K(27648K)] 34773K->9087K(60416K), 0.0045509 secs] [Times: user=0.00 sys=0.00, real=0.00 secs] 
2014-07-09T15:58:40.037+0200: 33.948: [GC [PSYoungGen: 22578K->5090K(27648K)] 31602K->14730K(60416K), 0.0072980 secs] [Times: user=0.03 sys=0.00, real=0.01 secs] 
2014-07-09T15:58:40.137+0200: 34.048: [GC [PSYoungGen: 27589K->3585K(27648K)] 37229K->13233K(60416K), 0.0025305 secs] [Times: user=0.03 sys=0.00, real=0.00 secs] 
2014-07-09T15:58:40.194+0200: 34.105: [GC [PSYoungGen: 26107K->1056K(27648K)] 35755K->10711K(60416K), 0.0011571 secs] [Times: user=0.00 sys=0.00, real=0.00 secs] 
2014-07-09T15:58:40.297+0200: 34.207: [GC [PSYoungGen: 23579K->5090K(27648K)] 33235K->15586K(60416K), 0.0074242 secs] [Times: user=0.00 sys=0.00, real=0.01 secs] 
2014-07-09T15:58:40.391+0200: 34.301: [GC [PSYoungGen: 27589K->3809K(27648K)] 38085K->14314K(60416K), 0.0031753 secs] [Times: user=0.00 sys=0.00, real=0.00 secs] 
2014-07-09T15:58:40.496+0200: 34.407: [GC [PSYoungGen: 26314K->640K(27648K)] 36818K->11152K(60416K), 0.0034903 secs] [Times: user=0.00 sys=0.00, real=0.00 secs] 
2014-07-09T15:58:40.588+0200: 34.498: [GC [PSYoungGen: 23139K->5090K(27648K)] 33651K->17275K(60416K), 0.0050477 secs] [Times: user=0.03 sys=0.00, real=0.00 secs] 
2014-07-09T15:58:40.687+0200: 34.598: [GC [PSYoungGen: 27589K->4642K(27648K)] 39774K->16835K(60416K), 0.0032318 secs] [Times: user=0.00 sys=0.00, real=0.00 secs] 
2014-07-09T15:58:40.786+0200: 34.697: [GC [PSYoungGen: 27156K->480K(27648K)] 39349K->12681K(60416K), 0.0014577 secs] [Times: user=0.00 sys=0.00, real=0.00 secs] 
2014-07-09T15:58:40.839+0200: 34.750: [GC [PSYoungGen: 22979K->5090K(27648K)] 35180K->18772K(60416K), 0.0091257 secs] [Times: user=0.00 sys=0.00, real=0.01 secs] 
2014-07-09T15:58:40.937+0200: 34.848: [GC [PSYoungGen: 27589K->4450K(27648K)] 41271K->18139K(60416K), 0.0029594 secs] [Times: user=0.00 sys=0.00, real=0.00 secs] 
2014-07-09T15:58:41.036+0200: 34.947: [GC [PSYoungGen: 26952K->1312K(27648K)] 40642K->15010K(60416K), 0.0007978 secs] [Times: user=0.00 sys=0.00, real=0.00 secs] 
2014-07-09T15:58:41.092+0200: 35.003: [GC [PSYoungGen: 23811K->5090K(27648K)] 37509K->21101K(60416K), 0.0057733 secs] [Times: user=0.00 sys=0.00, real=0.01 secs] 
2014-07-09T15:58:41.195+0200: 35.105: [GC [PSYoungGen: 27589K->5090K(27648K)] 43600K->21301K(60416K), 0.0075111 secs] [Times: user=0.03 sys=0.00, real=0.01 secs] 
2014-07-09T15:58:41.293+0200: 35.203: [GC [PSYoungGen: 27606K->1504K(27648K)] 43817K->17723K(60416K), 0.0025664 secs] [Times: user=0.00 sys=0.00, real=0.00 secs] 
2014-07-09T15:58:41.388+0200: 35.299: [GC [PSYoungGen: 24003K->5090K(27648K)] 40222K->23814K(60416K), 0.0060457 secs] [Times: user=0.00 sys=0.00, real=0.01 secs] 
2014-07-09T15:58:41.488+0200: 35.399: [GC [PSYoungGen: 27598K->3937K(27648K)] 46322K->22670K(60416K), 0.0044666 secs] [Times: user=0.00 sys=0.00, real=0.01 secs] 
2014-07-09T15:58:41.608+0200: 35.519: [GC [PSYoungGen: 26436K->1792K(27648K)] 45169K->20533K(60416K), 0.0019985 secs] [Times: user=0.00 sys=0.00, real=0.00 secs] 
2014-07-09T15:58:41.639+0200: 35.549: [GC [PSYoungGen: 24291K->5090K(27648K)] 43032K->26656K(60416K), 0.0054099 secs] [Times: user=0.00 sys=0.00, real=0.01 secs] 
2014-07-09T15:58:41.738+0200: 35.649: [GC [PSYoungGen: 27600K->4258K(27648K)] 49166K->25831K(60416K), 0.0050202 secs] [Times: user=0.00 sys=0.00, real=0.01 secs] 
2014-07-09T15:58:41.837+0200: 35.748: [GC [PSYoungGen: 26757K->2145K(27648K)] 48330K->23726K(60416K), 0.0038705 secs] [Times: user=0.03 sys=0.00, real=0.00 secs] 
2014-07-09T15:58:41.897+0200: 35.808: [GC [PSYoungGen: 24641K->5090K(27648K)] 46223K->29817K(60416K), 0.0105189 secs] [Times: user=0.03 sys=0.00, real=0.01 secs] 
2014-07-09T15:58:41.996+0200: 35.907: [GC [PSYoungGen: 27596K->5058K(27648K)] 52323K->29793K(60416K), 0.0161422 secs] [Times: user=0.01 sys=0.00, real=0.02 secs] 
2014-07-09T15:58:42.093+0200: 36.004: [GC [PSYoungGen: 27557K->2977K(27648K)] 52292K->27720K(60416K), 0.0042144 secs] [Times: user=0.00 sys=0.00, real=0.01 secs] 
2014-07-09T15:58:42.189+0200: 36.099: [GC [PSYoungGen: 25503K->1120K(27648K)] 50246K->25871K(60416K), 0.0011402 secs] [Times: user=0.00 sys=0.00, real=0.00 secs] 
2014-07-09T15:58:42.287+0200: 36.198: [GC [PSYoungGen: 23646K->4802K(27648K)] 48397K->29561K(60416K), 0.0041733 secs] [Times: user=0.03 sys=0.00, real=0.00 secs] 
2014-07-09T15:58:42.388+0200: 36.298: [GC [PSYoungGen: 27301K->2689K(27648K)] 52060K->27456K(60416K), 0.0029224 secs] [Times: user=0.00 sys=0.00, real=0.00 secs] 
2014-07-09T15:58:42.441+0200: 36.351: [GC [PSYoungGen: 25191K->5090K(27648K)] 49958K->32522K(60416K), 0.0060688 secs] [Times: user=0.03 sys=0.00, real=0.01 secs] 
2014-07-09T15:58:42.539+0200: 36.450: [GC [PSYoungGen: 27589K->5090K(27648K)] 55021K->33075K(60416K), 0.0078806 secs] [Times: user=0.02 sys=0.00, real=0.01 secs] 
2014-07-09T15:58:42.638+0200: 36.548: [GC [PSYoungGen: 27589K->3521K(27648K)] 55574K->31514K(60416K), 0.0039827 secs] [Times: user=0.00 sys=0.00, real=0.00 secs] 
2014-07-09T15:58:42.715+0200: 36.626: [GC [PSYoungGen: 26045K->1152K(27648K)] 54038K->29152K(60416K), 0.0011310 secs] [Times: user=0.00 sys=0.00, real=0.00 secs] 
2014-07-09T15:58:42.791+0200: 36.702: [GC [PSYoungGen: 23667K->5090K(27648K)] 51667K->33995K(60416K), 0.0047372 secs] [Times: user=0.00 sys=0.00, real=0.01 secs] 
2014-07-09T15:58:42.894+0200: 36.805: [GC [PSYoungGen: 27589K->3873K(27648K)] 56494K->32787K(60416K), 0.0058326 secs] [Times: user=0.03 sys=0.00, real=0.01 secs] 
2014-07-09T15:58:42.991+0200: 36.901: [GC [PSYoungGen: 26384K->224K(27648K)] 55297K->29145K(60416K), 0.0028300 secs] [Times: user=0.03 sys=0.00, real=0.00 secs] 
2014-07-09T15:58:43.089+0200: 37.000: [GC [PSYoungGen: 22723K->5090K(27648K)] 51644K->35236K(60416K), 0.0169663 secs] [Times: user=0.02 sys=0.00, real=0.02 secs] 
2014-07-09T15:58:43.106+0200: 37.017: [Full GC [PSYoungGen: 5090K->0K(27648K)] [ParOldGen: 30145K->6879K(32768K)] 35236K->6879K(60416K) [PSPermGen: 2474K->2474K(21504K)], 0.0124114 secs] [Times: user=0.03 sys=0.00, real=0.01 secs] 
2014-07-09T15:58:43.188+0200: 37.099: [GC [PSYoungGen: 22498K->4194K(27648K)] 29377K->11073K(60416K), 0.0045418 secs] [Times: user=0.00 sys=0.00, real=0.01 secs] 
2014-07-09T15:58:43.286+0200: 37.197: [GC [PSYoungGen: 26708K->416K(27648K)] 33587K->7303K(60416K), 0.0005848 secs] [Times: user=0.00 sys=0.00, real=0.00 secs] 
2014-07-09T15:58:43.338+0200: 37.249: [GC [PSYoungGen: 22915K->5090K(27648K)] 29802K->13394K(60416K), 0.0044838 secs] [Times: user=0.00 sys=0.00, real=0.00 secs] 
2014-07-09T15:58:43.437+0200: 37.348: [GC [PSYoungGen: 27589K->4386K(27648K)] 35893K->12697K(60416K), 0.0029337 secs] [Times: user=0.00 sys=0.00, real=0.00 secs] 
2014-07-09T15:58:43.536+0200: 37.447: [GC [PSYoungGen: 26888K->1248K(27648K)] 35200K->9568K(60416K), 0.0026038 secs] [Times: user=0.02 sys=0.00, real=0.00 secs] 
2014-07-09T15:58:43.592+0200: 37.503: [GC [PSYoungGen: 23747K->5090K(27648K)] 32067K->15659K(60416K), 0.0059045 secs] [Times: user=0.00 sys=0.00, real=0.01 secs] 
2014-07-09T15:58:43.695+0200: 37.606: [GC [PSYoungGen: 27598K->3681K(27648K)] 38167K->14258K(60416K), 0.0059148 secs] [Times: user=0.00 sys=0.00, real=0.01 secs] 
2014-07-09T15:58:43.790+0200: 37.701: [GC [PSYoungGen: 26186K->1024K(27648K)] 36763K->11609K(60416K), 0.0015237 secs] [Times: user=0.00 sys=0.00, real=0.00 secs] 
2014-07-09T15:58:43.891+0200: 37.802: [GC [PSYoungGen: 23523K->5090K(27648K)] 34108K->17732K(60416K), 0.0112895 secs] [Times: user=0.03 sys=0.00, real=0.01 secs] 
2014-07-09T15:58:43.988+0200: 37.899: [GC [PSYoungGen: 27592K->4001K(27648K)] 40234K->16651K(60416K), 0.0054495 secs] [Times: user=0.03 sys=0.00, real=0.01 secs] 
2014-07-09T15:58:44.087+0200: 37.998: [GC [PSYoungGen: 26500K->1888K(27648K)] 39150K->14546K(60416K), 0.0021976 secs] [Times: user=0.00 sys=0.00, real=0.00 secs] 
2014-07-09T15:58:44.141+0200: 38.051: [GC [PSYoungGen: 24387K->5090K(27648K)] 37045K->20637K(60416K), 0.0099839 secs] [Times: user=0.03 sys=0.00, real=0.01 secs] 
2014-07-09T15:58:44.238+0200: 38.149: [GC [PSYoungGen: 27605K->4194K(27648K)] 43152K->19749K(60416K), 0.0052464 secs] [Times: user=0.03 sys=0.00, real=0.01 secs] 
2014-07-09T15:58:44.337+0200: 38.248: [GC [PSYoungGen: 26690K->2080K(27648K)] 42246K->17644K(60416K), 0.0010317 secs] [Times: user=0.00 sys=0.00, real=0.00 secs] 
2014-07-09T15:58:44.395+0200: 38.305: [GC [PSYoungGen: 24577K->5090K(27648K)] 40141K->23735K(60416K), 0.0106945 secs] [Times: user=0.03 sys=0.00, real=0.01 secs] 
2014-07-09T15:58:44.495+0200: 38.406: [GC [PSYoungGen: 27600K->4514K(27648K)] 46245K->23166K(60416K), 0.0058011 secs] [Times: user=0.00 sys=0.00, real=0.01 secs] 
2014-07-09T15:58:44.594+0200: 38.505: [GC [PSYoungGen: 27013K->2401K(27648K)] 45665K->21061K(60416K), 0.0033781 secs] [Times: user=0.00 sys=0.00, real=0.00 secs] 
2014-07-09T15:58:44.689+0200: 38.599: [GC [PSYoungGen: 24900K->288K(27648K)] 43560K->18956K(60416K), 0.0009034 secs] [Times: user=0.00 sys=0.00, real=0.00 secs] 
2014-07-09T15:58:44.789+0200: 38.699: [GC [PSYoungGen: 22796K->4834K(27648K)] 41465K->23511K(60416K), 0.0095554 secs] [Times: user=0.00 sys=0.00, real=0.01 secs] 
2014-07-09T15:58:44.887+0200: 38.797: [GC [PSYoungGen: 27333K->2721K(27648K)] 46009K->21405K(60416K), 0.0014093 secs] [Times: user=0.00 sys=0.00, real=0.00 secs] 
2014-07-09T15:58:44.941+0200: 38.852: [GC [PSYoungGen: 25247K->768K(27648K)] 43931K->19460K(60416K), 0.0024920 secs] [Times: user=0.00 sys=0.01, real=0.00 secs] 
2014-07-09T15:58:45.039+0200: 38.950: [GC [PSYoungGen: 23275K->5090K(27648K)] 41968K->24399K(60416K), 0.0073673 secs] [Times: user=0.00 sys=0.00, real=0.01 secs] 
2014-07-09T15:58:45.138+0200: 39.049: [GC [PSYoungGen: 27589K->3585K(27648K)] 46898K->22902K(60416K), 0.0038532 secs] [Times: user=0.00 sys=0.00, real=0.00 secs] 
2014-07-09T15:58:45.199+0200: 39.110: [GC [PSYoungGen: 26109K->384K(27648K)] 45426K->19708K(60416K), 0.0017217 secs] [Times: user=0.00 sys=0.00, real=0.00 secs] 
2014-07-09T15:58:45.296+0200: 39.207: [GC [PSYoungGen: 22910K->5090K(27648K)] 42235K->24743K(60416K), 0.0077296 secs] [Times: user=0.03 sys=0.00, real=0.01 secs] 
2014-07-09T15:58:45.392+0200: 39.303: [GC [PSYoungGen: 27589K->3265K(27648K)] 47242K->22926K(60416K), 0.0110780 secs] [Times: user=0.01 sys=0.00, real=0.01 secs] 
2014-07-09T15:58:45.492+0200: 39.402: [GC [PSYoungGen: 25770K->160K(27648K)] 45431K->19829K(60416K), 0.0016538 secs] [Times: user=0.00 sys=0.00, real=0.00 secs] 
2014-07-09T15:58:45.589+0200: 39.500: [GC [PSYoungGen: 22659K->5090K(27648K)] 42328K->25920K(60416K), 0.0080716 secs] [Times: user=0.00 sys=0.02, real=0.01 secs] 
2014-07-09T15:58:45.688+0200: 39.599: [GC [PSYoungGen: 27587K->4129K(27648K)] 48417K->24967K(60416K), 0.0047738 secs] [Times: user=0.03 sys=0.00, real=0.01 secs] 
2014-07-09T15:58:45.786+0200: 39.697: [GC [PSYoungGen: 26638K->480K(27648K)] 47475K->21325K(60416K), 0.0007893 secs] [Times: user=0.00 sys=0.00, real=0.00 secs] 
2014-07-09T15:58:45.838+0200: 39.749: [GC [PSYoungGen: 22979K->5090K(27648K)] 43824K->27416K(60416K), 0.0050294 secs] [Times: user=0.00 sys=0.00, real=0.00 secs] 
2014-07-09T15:58:45.939+0200: 39.850: [GC [PSYoungGen: 27589K->4418K(27648K)] 49915K->26752K(60416K), 0.0136652 secs] [Times: user=0.02 sys=0.00, real=0.01 secs] 
2014-07-09T15:58:46.036+0200: 39.947: [GC [PSYoungGen: 26926K->800K(27648K)] 49260K->23142K(60416K), 0.0009298 secs] [Times: user=0.00 sys=0.00, real=0.00 secs] 
2014-07-09T15:58:46.098+0200: 40.009: [GC [PSYoungGen: 23299K->5090K(27648K)] 45641K->29201K(60416K), 0.0065758 secs] [Times: user=0.00 sys=0.00, real=0.01 secs] 
2014-07-09T15:58:46.196+0200: 40.107: [GC [PSYoungGen: 27589K->4770K(27648K)] 51700K->28889K(60416K), 0.0072566 secs] [Times: user=0.00 sys=0.00, real=0.01 secs] 
2014-07-09T15:58:46.292+0200: 40.203: [GC [PSYoungGen: 27283K->992K(27648K)] 51402K->25119K(60416K), 0.0028538 secs] [Times: user=0.00 sys=0.00, real=0.00 secs] 
2014-07-09T15:58:46.388+0200: 40.298: [GC [PSYoungGen: 23491K->5090K(27648K)] 47618K->31210K(60416K), 0.0053047 secs] [Times: user=0.02 sys=0.00, real=0.00 secs] 
2014-07-09T15:58:46.489+0200: 40.400: [GC [PSYoungGen: 27592K->3905K(27648K)] 53713K->30034K(60416K), 0.0121258 secs] [Times: user=0.00 sys=0.00, real=0.01 secs] 
2014-07-09T15:58:46.587+0200: 40.498: [GC [PSYoungGen: 26404K->1824K(27648K)] 52533K->27961K(60416K), 0.0022694 secs] [Times: user=0.00 sys=0.00, real=0.00 secs] 
2014-07-09T15:58:46.643+0200: 40.554: [GC [PSYoungGen: 24323K->5090K(27648K)] 50460K->34020K(60416K), 0.0681366 secs] [Times: user=0.06 sys=0.00, real=0.07 secs] 
2014-07-09T15:58:46.750+0200: 40.661: [GC [PSYoungGen: 27604K->3713K(27648K)] 56534K->32651K(60416K), 0.0510369 secs] [Times: user=0.02 sys=0.00, real=0.05 secs] 
2014-07-09T15:58:46.836+0200: 40.747: [GC [PSYoungGen: 26212K->1600K(27648K)] 55150K->30546K(60416K), 0.0287449 secs] [Times: user=0.03 sys=0.00, real=0.03 secs] 
2014-07-09T15:58:46.892+0200: 40.803: [GC [PSYoungGen: 24099K->5090K(27648K)] 53045K->36669K(60416K), 0.0058315 secs] [Times: user=0.00 sys=0.00, real=0.01 secs] 
2014-07-09T15:58:46.898+0200: 40.809: [Full GC [PSYoungGen: 5090K->0K(27648K)] [ParOldGen: 31578K->8297K(32768K)] 36669K->8297K(60416K) [PSPermGen: 2474K->2474K(21504K)], 0.0106706 secs] [Times: user=0.03 sys=0.00, real=0.01 secs] 
2014-07-09T15:58:46.991+0200: 40.902: [GC [PSYoungGen: 22504K->4578K(27648K)] 30801K->12875K(60416K), 0.0038334 secs] [Times: user=0.00 sys=0.00, real=0.00 secs] 
2014-07-09T15:58:47.090+0200: 41.001: [GC [PSYoungGen: 27077K->2465K(27648K)] 35374K->10770K(60416K), 0.0016890 secs] [Times: user=0.00 sys=0.00, real=0.00 secs] 
2014-07-09T15:58:47.189+0200: 41.100: [GC [PSYoungGen: 24964K->352K(27648K)] 33269K->8665K(60416K), 0.0009320 secs] [Times: user=0.00 sys=0.00, real=0.00 secs] 
2014-07-09T15:58:47.288+0200: 41.199: [GC [PSYoungGen: 22866K->4770K(27648K)] 31179K->13091K(60416K), 0.0041429 secs] [Times: user=0.00 sys=0.00, real=0.00 secs] 
2014-07-09T15:58:47.386+0200: 41.297: [GC [PSYoungGen: 27269K->2657K(27648K)] 35590K->10986K(60416K), 0.0016835 secs] [Times: user=0.00 sys=0.00, real=0.00 secs] 
2014-07-09T15:58:47.439+0200: 41.350: [GC [PSYoungGen: 25180K->704K(27648K)] 33510K->9041K(60416K), 0.0010101 secs] [Times: user=0.00 sys=0.00, real=0.00 secs] 
2014-07-09T15:58:47.540+0200: 41.451: [GC [PSYoungGen: 23217K->5090K(27648K)] 31554K->13467K(60416K), 0.0072977 secs] [Times: user=0.02 sys=0.00, real=0.01 secs] 
2014-07-09T15:58:47.636+0200: 41.547: [GC [PSYoungGen: 27589K->3009K(27648K)] 35966K->11394K(60416K), 0.0016205 secs] [Times: user=0.00 sys=0.00, real=0.00 secs] 
2014-07-09T15:58:47.700+0200: 41.611: [GC [PSYoungGen: 25530K->448K(27648K)] 33915K->8841K(60416K), 0.0263190 secs] [Times: user=0.03 sys=0.00, real=0.03 secs] 
2014-07-09T15:58:47.795+0200: 41.706: [GC [PSYoungGen: 22965K->5090K(27648K)] 31359K->13843K(60416K), 0.0126918 secs] [Times: user=0.02 sys=0.00, real=0.01 secs] 
2014-07-09T15:58:47.894+0200: 41.805: [GC [PSYoungGen: 27589K->3361K(27648K)] 36342K->12123K(60416K), 0.0037949 secs] [Times: user=0.00 sys=0.00, real=0.00 secs] 
2014-07-09T15:58:47.992+0200: 41.903: [GC [PSYoungGen: 25866K->224K(27648K)] 34627K->8993K(60416K), 0.0023585 secs] [Times: user=0.00 sys=0.00, real=0.00 secs] 
2014-07-09T15:58:48.089+0200: 42.000: [GC [PSYoungGen: 22723K->5090K(27648K)] 31492K->15084K(60416K), 0.0082843 secs] [Times: user=0.03 sys=0.00, real=0.01 secs] 
2014-07-09T15:58:48.187+0200: 42.098: [GC [PSYoungGen: 27589K->4194K(27648K)] 37583K->14196K(60416K), 0.0029785 secs] [Times: user=0.00 sys=0.00, real=0.00 secs] 
2014-07-09T15:58:48.241+0200: 42.152: [GC [PSYoungGen: 26711K->5090K(27648K)] 36713K->18109K(60416K), 0.0104202 secs] [Times: user=0.03 sys=0.00, real=0.01 secs] 
2014-07-09T15:58:48.338+0200: 42.249: [GC [PSYoungGen: 27589K->5090K(27648K)] 40608K->19014K(60416K), 0.0046133 secs] [Times: user=0.00 sys=0.00, real=0.00 secs] 
2014-07-09T15:58:48.438+0200: 42.349: [GC [PSYoungGen: 27589K->3873K(27648K)] 41513K->17805K(60416K), 0.0043940 secs] [Times: user=0.00 sys=0.00, real=0.01 secs] 
2014-07-09T15:58:48.536+0200: 42.447: [GC [PSYoungGen: 26378K->736K(27648K)] 40310K->14676K(60416K), 0.0022064 secs] [Times: user=0.00 sys=0.00, real=0.00 secs] 
2014-07-09T15:58:48.596+0200: 42.507: [GC [PSYoungGen: 23235K->5090K(27648K)] 37175K->20767K(60416K), 0.0090014 secs] [Times: user=0.00 sys=0.00, real=0.01 secs] 
2014-07-09T15:58:48.692+0200: 42.603: [GC [PSYoungGen: 27598K->3169K(27648K)] 43275K->18854K(60416K), 0.0024487 secs] [Times: user=0.00 sys=0.00, real=0.00 secs] 
2014-07-09T15:58:48.790+0200: 42.700: [GC [PSYoungGen: 25668K->1056K(27648K)] 41353K->16749K(60416K), 0.0011648 secs] [Times: user=0.00 sys=0.00, real=0.00 secs] 
2014-07-09T15:58:48.889+0200: 42.800: [GC [PSYoungGen: 23555K->5090K(27648K)] 39248K->22808K(60416K), 0.0058000 secs] [Times: user=0.00 sys=0.00, real=0.01 secs] 
2014-07-09T15:58:48.988+0200: 42.899: [GC [PSYoungGen: 27598K->3489K(27648K)] 45316K->21215K(60416K), 0.0044109 secs] [Times: user=0.00 sys=0.00, real=0.01 secs] 
2014-07-09T15:58:49.087+0200: 42.998: [GC [PSYoungGen: 25988K->1376K(27648K)] 43714K->19110K(60416K), 0.0021748 secs] [Times: user=0.00 sys=0.00, real=0.00 secs] 
2014-07-09T15:58:49.138+0200: 43.049: [GC [PSYoungGen: 23875K->5090K(27648K)] 41609K->25201K(60416K), 0.0061857 secs] [Times: user=0.00 sys=0.00, real=0.01 secs] 
2014-07-09T15:58:49.237+0200: 43.148: [GC [PSYoungGen: 27604K->3681K(27648K)] 47715K->23800K(60416K), 0.0025579 secs] [Times: user=0.00 sys=0.00, real=0.00 secs] 
2014-07-09T15:58:49.336+0200: 43.247: [GC [PSYoungGen: 26180K->1568K(27648K)] 46299K->21695K(60416K), 0.0009107 secs] [Times: user=0.00 sys=0.00, real=0.00 secs] 
2014-07-09T15:58:49.397+0200: 43.308: [GC [PSYoungGen: 24067K->5090K(27648K)] 44194K->27786K(60416K), 0.0307929 secs] [Times: user=0.05 sys=0.00, real=0.03 secs] 
2014-07-09T15:58:49.495+0200: 43.406: [GC [PSYoungGen: 27594K->4514K(27648K)] 50291K->27218K(60416K), 0.0063228 secs] [Times: user=0.03 sys=0.00, real=0.01 secs] 
2014-07-09T15:58:49.593+0200: 43.504: [GC [PSYoungGen: 27013K->2401K(27648K)] 49717K->25113K(60416K), 0.0034360 secs] [Times: user=0.00 sys=0.00, real=0.00 secs] 
2014-07-09T15:58:49.691+0200: 43.602: [GC [PSYoungGen: 24924K->352K(27648K)] 47636K->23072K(60416K), 0.0017957 secs] [Times: user=0.00 sys=0.00, real=0.00 secs] 
2014-07-09T15:58:49.791+0200: 43.702: [GC [PSYoungGen: 22873K->4322K(27648K)] 45593K->27050K(60416K), 0.0284351 secs] [Times: user=0.01 sys=0.00, real=0.03 secs] 
2014-07-09T15:58:49.886+0200: 43.797: [GC [PSYoungGen: 26821K->2241K(27648K)] 49549K->24977K(60416K), 0.0013437 secs] [Times: user=0.03 sys=0.00, real=0.00 secs] 
2014-07-09T15:58:49.940+0200: 43.851: [GC [PSYoungGen: 24743K->5090K(27648K)] 47479K->30043K(60416K), 0.0113265 secs] [Times: user=0.03 sys=0.00, real=0.01 secs] 
2014-07-09T15:58:50.039+0200: 43.950: [GC [PSYoungGen: 27589K->5090K(27648K)] 52542K->30147K(60416K), 0.0068614 secs] [Times: user=0.03 sys=0.00, real=0.01 secs] 
2014-07-09T15:58:50.137+0200: 44.048: [GC [PSYoungGen: 27589K->3073K(27648K)] 52646K->28138K(60416K), 0.0020175 secs] [Times: user=0.00 sys=0.00, real=0.00 secs] 
2014-07-09T15:58:50.199+0200: 44.110: [GC [PSYoungGen: 25599K->384K(27648K)] 50664K->25457K(60416K), 0.0019270 secs] [Times: user=0.00 sys=0.00, real=0.00 secs] 
2014-07-09T15:58:50.297+0200: 44.208: [GC [PSYoungGen: 22902K->5090K(27648K)] 47975K->30491K(60416K), 0.0072346 secs] [Times: user=0.00 sys=0.00, real=0.01 secs] 
2014-07-09T15:58:50.392+0200: 44.303: [GC [PSYoungGen: 27589K->3297K(27648K)] 52990K->28707K(60416K), 0.0044648 secs] [Times: user=0.00 sys=0.00, real=0.00 secs] 
2014-07-09T15:58:50.491+0200: 44.402: [GC [PSYoungGen: 25805K->5090K(27648K)] 51215K->33261K(60416K), 0.0100859 secs] [Times: user=0.03 sys=0.00, real=0.01 secs] 
2014-07-09T15:58:50.589+0200: 44.500: [GC [PSYoungGen: 27589K->5090K(27648K)] 55760K->33909K(60416K), 0.0081105 secs] [Times: user=0.00 sys=0.00, real=0.01 secs] 
2014-07-09T15:58:50.688+0200: 44.599: [GC [PSYoungGen: 27589K->3617K(27648K)] 56408K->32444K(60416K), 0.0044083 secs] [Times: user=0.00 sys=0.00, real=0.00 secs] 
2014-07-09T15:58:50.741+0200: 44.652: [GC [PSYoungGen: 26125K->5090K(27648K)] 54953K->36967K(60416K), 0.0107535 secs] [Times: user=0.02 sys=0.00, real=0.01 secs] 
2014-07-09T15:58:50.752+0200: 44.663: [Full GC [PSYoungGen: 5090K->0K(27648K)] [ParOldGen: 31876K->8755K(32768K)] 36967K->8755K(60416K) [PSPermGen: 2474K->2474K(21504K)], 0.0248785 secs] [Times: user=0.02 sys=0.00, real=0.02 secs] 
2014-07-09T15:58:50.837+0200: 44.748: [GC [PSYoungGen: 22498K->5090K(27648K)] 31254K->14806K(60416K), 0.0082432 secs] [Times: user=0.02 sys=0.00, real=0.01 secs] 
2014-07-09T15:58:50.937+0200: 44.848: [GC [PSYoungGen: 27589K->3937K(27648K)] 37305K->13661K(60416K), 0.0025693 secs] [Times: user=0.00 sys=0.00, real=0.00 secs] 
2014-07-09T15:58:51.036+0200: 44.947: [GC [PSYoungGen: 26442K->800K(27648K)] 36166K->10532K(60416K), 0.0009844 secs] [Times: user=0.00 sys=0.00, real=0.00 secs] 
2014-07-09T15:58:51.097+0200: 45.008: [GC [PSYoungGen: 23299K->5090K(27648K)] 33031K->16623K(60416K), 0.0094017 secs] [Times: user=0.03 sys=0.00, real=0.01 secs] 
2014-07-09T15:58:51.195+0200: 45.106: [GC [PSYoungGen: 27589K->4770K(27648K)] 39122K->16310K(60416K), 0.0070429 secs] [Times: user=0.03 sys=0.00, real=0.01 secs] 
2014-07-09T15:58:51.293+0200: 45.204: [GC [PSYoungGen: 27292K->448K(27648K)] 38832K->11996K(60416K), 0.0040644 secs] [Times: user=0.00 sys=0.00, real=0.00 secs] 
2014-07-09T15:58:51.391+0200: 45.302: [GC [PSYoungGen: 22947K->5090K(27648K)] 34495K->18119K(60416K), 0.0079525 secs] [Times: user=0.00 sys=0.00, real=0.01 secs] 
2014-07-09T15:58:51.486+0200: 45.398: [GC [PSYoungGen: 27592K->3425K(27648K)] 40622K->16462K(60416K), 0.0018713 secs] [Times: user=0.00 sys=0.00, real=0.00 secs] 
2014-07-09T15:58:51.587+0200: 45.498: [GC [PSYoungGen: 25924K->1312K(27648K)] 38961K->14357K(60416K), 0.0020909 secs] [Times: user=0.00 sys=0.00, real=0.00 secs] 
2014-07-09T15:58:51.640+0200: 45.551: [GC [PSYoungGen: 23811K->5090K(27648K)] 36856K->20448K(60416K), 0.0092690 secs] [Times: user=0.00 sys=0.00, real=0.01 secs] 
2014-07-09T15:58:51.792+0200: 45.703: [GC [PSYoungGen: 27598K->3713K(27648K)] 42957K->19080K(60416K), 0.0110648 secs] [Times: user=0.00 sys=0.00, real=0.01 secs] 
2014-07-09T15:58:51.836+0200: 45.747: [GC [PSYoungGen: 26212K->1600K(27648K)] 41579K->16975K(60416K), 0.0047702 secs] [Times: user=0.01 sys=0.00, real=0.01 secs] 
2014-07-09T15:58:51.893+0200: 45.804: [GC [PSYoungGen: 24099K->5090K(27648K)] 39474K->23098K(60416K), 0.0053450 secs] [Times: user=0.00 sys=0.00, real=0.01 secs] 
2014-07-09T15:58:51.990+0200: 45.902: [GC [PSYoungGen: 27598K->4065K(27648K)] 45606K->22081K(60416K), 0.0032795 secs] [Times: user=0.03 sys=0.00, real=0.00 secs] 
2014-07-09T15:58:52.095+0200: 46.006: [GC [PSYoungGen: 26564K->1920K(27648K)] 44580K->19944K(60416K), 0.0080416 secs] [Times: user=0.02 sys=0.00, real=0.01 secs] 
2014-07-09T15:58:52.191+0200: 46.102: [GC [PSYoungGen: 24419K->5090K(27648K)] 42443K->26067K(60416K), 0.0100004 secs] [Times: user=0.03 sys=0.00, real=0.01 secs] 
2014-07-09T15:58:52.288+0200: 46.199: [GC [PSYoungGen: 27608K->4258K(27648K)] 48585K->25243K(60416K), 0.0067155 secs] [Times: user=0.02 sys=0.00, real=0.01 secs] 
2014-07-09T15:58:52.387+0200: 46.298: [GC [PSYoungGen: 26757K->2145K(27648K)] 47742K->23138K(60416K), 0.0015035 secs] [Times: user=0.00 sys=0.00, real=0.00 secs] 
2014-07-09T15:58:52.441+0200: 46.352: [GC [PSYoungGen: 24647K->5090K(27648K)] 45640K->28204K(60416K), 0.0090722 secs] [Times: user=0.03 sys=0.00, real=0.01 secs] 
2014-07-09T15:58:52.537+0200: 46.448: [GC [PSYoungGen: 27589K->5090K(27648K)] 50703K->28212K(60416K), 0.0040468 secs] [Times: user=0.03 sys=0.00, real=0.00 secs] 
2014-07-09T15:58:52.637+0200: 46.548: [GC [PSYoungGen: 27589K->2977K(27648K)] 50711K->26107K(60416K), 0.0025686 secs] [Times: user=0.00 sys=0.00, real=0.00 secs] 
2014-07-09T15:58:52.699+0200: 46.610: [GC [PSYoungGen: 25505K->384K(27648K)] 48635K->23522K(60416K), 0.0018240 secs] [Times: user=0.00 sys=0.00, real=0.00 secs] 
2014-07-09T15:58:52.792+0200: 46.703: [GC [PSYoungGen: 22901K->4930K(27648K)] 46039K->28076K(60416K), 0.0036600 secs] [Times: user=0.00 sys=0.00, real=0.00 secs] 
2014-07-09T15:58:52.892+0200: 46.804: [GC [PSYoungGen: 27429K->2817K(27648K)] 50575K->25971K(60416K), 0.0019578 secs] [Times: user=0.00 sys=0.00, real=0.00 secs] 
2014-07-09T15:58:52.991+0200: 46.902: [GC [PSYoungGen: 25319K->5090K(27648K)] 48474K->31006K(60416K), 0.0141316 secs] [Times: user=0.00 sys=0.00, real=0.01 secs] 
2014-07-09T15:58:53.087+0200: 46.999: [GC [PSYoungGen: 27589K->5090K(27648K)] 53505K->31686K(60416K), 0.0045341 secs] [Times: user=0.00 sys=0.00, real=0.01 secs] 
2014-07-09T15:58:53.188+0200: 47.099: [GC [PSYoungGen: 27589K->3649K(27648K)] 54185K->30253K(60416K), 0.0045069 secs] [Times: user=0.00 sys=0.00, real=0.01 secs] 
2014-07-09T15:58:53.241+0200: 47.152: [GC [PSYoungGen: 26163K->5090K(27648K)] 52767K->34679K(60416K), 0.0103458 secs] [Times: user=0.00 sys=0.00, real=0.01 secs] 
2014-07-09T15:58:53.252+0200: 47.163: [Full GC [PSYoungGen: 5090K->0K(27648K)] [ParOldGen: 29589K->8665K(32768K)] 34679K->8665K(60416K) [PSPermGen: 2474K->2474K(21504K)], 0.0215268 secs] [Times: user=0.06 sys=0.00, real=0.02 secs] 
2014-07-09T15:58:53.339+0200: 47.251: [GC [PSYoungGen: 22498K->5090K(27648K)] 31164K->14620K(60416K), 0.0076042 secs] [Times: user=0.00 sys=0.00, real=0.01 secs] 
2014-07-09T15:58:53.438+0200: 47.349: [GC [PSYoungGen: 27589K->3841K(27648K)] 37119K->13379K(60416K), 0.0043383 secs] [Times: user=0.00 sys=0.00, real=0.00 secs] 
2014-07-09T15:58:53.536+0200: 47.447: [GC [PSYoungGen: 26352K->160K(27648K)] 35889K->9705K(60416K), 0.0022848 secs] [Times: user=0.03 sys=0.00, real=0.00 secs] 
2014-07-09T15:58:53.604+0200: 47.515: [GC [PSYoungGen: 22659K->5090K(27648K)] 32204K->15828K(60416K), 0.0104562 secs] [Times: user=0.00 sys=0.00, real=0.01 secs] 
2014-07-09T15:58:53.695+0200: 47.606: [GC [PSYoungGen: 27587K->4162K(27648K)] 38325K->14908K(60416K), 0.0063778 secs] [Times: user=0.00 sys=0.00, real=0.01 secs] 
2014-07-09T15:58:53.790+0200: 47.701: [GC [PSYoungGen: 26670K->480K(27648K)] 37416K->11234K(60416K), 0.0142925 secs] [Times: user=0.02 sys=0.00, real=0.01 secs] 
2014-07-09T15:58:53.889+0200: 47.801: [GC [PSYoungGen: 22979K->5090K(27648K)] 33733K->17357K(60416K), 0.0104664 secs] [Times: user=0.02 sys=0.00, real=0.01 secs] 
2014-07-09T15:58:53.988+0200: 47.899: [GC [PSYoungGen: 27592K->3457K(27648K)] 39860K->15732K(60416K), 0.0046646 secs] [Times: user=0.03 sys=0.00, real=0.01 secs] 
2014-07-09T15:58:54.087+0200: 47.998: [GC [PSYoungGen: 25956K->1344K(27648K)] 38231K->13627K(60416K), 0.0019915 secs] [Times: user=0.00 sys=0.00, real=0.00 secs] 
2014-07-09T15:58:54.139+0200: 48.050: [GC [PSYoungGen: 23843K->5090K(27648K)] 36126K->19686K(60416K), 0.0136286 secs] [Times: user=0.02 sys=0.00, real=0.01 secs] 
2014-07-09T15:58:54.238+0200: 48.149: [GC [PSYoungGen: 27612K->3137K(27648K)] 42208K->17741K(60416K), 0.0048948 secs] [Times: user=0.03 sys=0.00, real=0.01 secs] 
2014-07-09T15:58:54.336+0200: 48.247: [GC [PSYoungGen: 25636K->1024K(27648K)] 40240K->15636K(60416K), 0.0009283 secs] [Times: user=0.00 sys=0.00, real=0.00 secs] 
2014-07-09T15:58:54.397+0200: 48.308: [GC [PSYoungGen: 23523K->5090K(27648K)] 38135K->21727K(60416K), 0.0089427 secs] [Times: user=0.00 sys=0.00, real=0.01 secs] 
2014-07-09T15:58:54.495+0200: 48.406: [GC [PSYoungGen: 27592K->3969K(27648K)] 44230K->20615K(60416K), 0.0050840 secs] [Times: user=0.00 sys=0.00, real=0.01 secs] 
2014-07-09T15:58:54.593+0200: 48.504: [GC [PSYoungGen: 26468K->1856K(27648K)] 43114K->18510K(60416K), 0.0028919 secs] [Times: user=0.00 sys=0.00, real=0.00 secs] 
2014-07-09T15:58:54.690+0200: 48.602: [GC [PSYoungGen: 24355K->5090K(27648K)] 41009K->24569K(60416K), 0.0077714 secs] [Times: user=0.02 sys=0.00, real=0.01 secs] 
2014-07-09T15:58:54.788+0200: 48.699: [GC [PSYoungGen: 27600K->4290K(27648K)] 47079K->23776K(60416K), 0.0030635 secs] [Times: user=0.00 sys=0.00, real=0.00 secs] 
2014-07-09T15:58:54.887+0200: 48.799: [GC [PSYoungGen: 26789K->2177K(27648K)] 46275K->21671K(60416K), 0.0025755 secs] [Times: user=0.00 sys=0.00, real=0.00 secs] 
2014-07-09T15:58:54.942+0200: 48.853: [GC [PSYoungGen: 24700K->64K(27648K)] 44194K->19566K(60416K), 0.0015721 secs] [Times: user=0.00 sys=0.00, real=0.00 secs] 
2014-07-09T15:58:55.038+0200: 48.949: [GC [PSYoungGen: 22580K->4642K(27648K)] 42082K->24152K(60416K), 0.0062253 secs] [Times: user=0.00 sys=0.00, real=0.01 secs] 
2014-07-09T15:58:55.137+0200: 49.048: [GC [PSYoungGen: 27141K->2529K(27648K)] 46651K->22047K(60416K), 0.0016568 secs] [Times: user=0.00 sys=0.00, real=0.00 secs] 
2014-07-09T15:58:55.198+0200: 49.109: [GC [PSYoungGen: 25052K->512K(27648K)] 44571K->20038K(60416K), 0.0019292 secs] [Times: user=0.00 sys=0.00, real=0.00 secs] 
2014-07-09T15:58:55.291+0200: 49.203: [GC [PSYoungGen: 23035K->4866K(27648K)] 42562K->24400K(60416K), 0.0037579 secs] [Times: user=0.00 sys=0.00, real=0.00 secs] 
2014-07-09T15:58:55.394+0200: 49.306: [GC [PSYoungGen: 27365K->2753K(27648K)] 46899K->22295K(60416K), 0.0036637 secs] [Times: user=0.00 sys=0.00, real=0.00 secs] 
2014-07-09T15:58:55.489+0200: 49.401: [GC [PSYoungGen: 25255K->5090K(27648K)] 44798K->27362K(60416K), 0.0063188 secs] [Times: user=0.00 sys=0.00, real=0.01 secs] 
2014-07-09T15:58:55.587+0200: 49.498: [GC [PSYoungGen: 27589K->5090K(27648K)] 49861K->27978K(60416K), 0.0045729 secs] [Times: user=0.00 sys=0.00, real=0.01 secs] 
2014-07-09T15:58:55.686+0200: 49.598: [GC [PSYoungGen: 27589K->3585K(27648K)] 50477K->26481K(60416K), 0.0021525 secs] [Times: user=0.00 sys=0.00, real=0.00 secs] 
2014-07-09T15:58:55.739+0200: 49.651: [GC [PSYoungGen: 26099K->5090K(27648K)] 48995K->30491K(60416K), 0.0264564 secs] [Times: user=0.00 sys=0.00, real=0.03 secs] 
2014-07-09T15:58:55.838+0200: 49.749: [GC [PSYoungGen: 27589K->5090K(27648K)] 52990K->30916K(60416K), 0.0048362 secs] [Times: user=0.00 sys=0.00, real=0.00 secs] 
2014-07-09T15:58:55.938+0200: 49.849: [GC [PSYoungGen: 27594K->2369K(27648K)] 53420K->28202K(60416K), 0.0032773 secs] [Times: user=0.03 sys=0.00, real=0.00 secs] 
2014-07-09T15:58:56.036+0200: 49.947: [GC [PSYoungGen: 24868K->256K(27648K)] 50701K->26097K(60416K), 0.0008238 secs] [Times: user=0.00 sys=0.00, real=0.00 secs] 
2014-07-09T15:58:56.092+0200: 50.003: [GC [PSYoungGen: 22755K->5090K(27648K)] 48596K->32188K(60416K), 0.0054118 secs] [Times: user=0.03 sys=0.00, real=0.00 secs] 
2014-07-09T15:58:56.195+0200: 50.106: [GC [PSYoungGen: 27589K->4226K(27648K)] 54687K->31332K(60416K), 0.0055925 secs] [Times: user=0.00 sys=0.00, real=0.01 secs] 
2014-07-09T15:58:56.292+0200: 50.203: [GC [PSYoungGen: 26739K->416K(27648K)] 53845K->27530K(60416K), 0.0026023 secs] [Times: user=0.00 sys=0.00, real=0.00 secs] 
2014-07-09T15:58:56.387+0200: 50.299: [GC [PSYoungGen: 22915K->5090K(27648K)] 50029K->33653K(60416K), 0.0053597 secs] [Times: user=0.03 sys=0.00, real=0.01 secs] 
2014-07-09T15:58:56.488+0200: 50.399: [GC [PSYoungGen: 27598K->2881K(27648K)] 56161K->31452K(60416K), 0.0034565 secs] [Times: user=0.00 sys=0.00, real=0.00 secs] 
2014-07-09T15:58:56.587+0200: 50.499: [GC [PSYoungGen: 25380K->768K(27648K)] 53951K->29347K(60416K), 0.0018078 secs] [Times: user=0.00 sys=0.00, real=0.00 secs] 
2014-07-09T15:58:56.640+0200: 50.551: [GC [PSYoungGen: 23267K->5090K(27648K)] 51846K->35438K(60416K), 0.0091697 secs] [Times: user=0.03 sys=0.00, real=0.01 secs] 
2014-07-09T15:58:56.649+0200: 50.561: [Full GC [PSYoungGen: 5090K->0K(27648K)] [ParOldGen: 30347K->7456K(32768K)] 35438K->7456K(60416K) [PSPermGen: 2474K->2474K(21504K)], 0.0165429 secs] [Times: user=0.02 sys=0.00, real=0.02 secs] 
2014-07-09T15:58:56.737+0200: 50.649: [GC [PSYoungGen: 22508K->3169K(27648K)] 29964K->10626K(60416K), 0.0203983 secs] [Times: user=0.00 sys=0.00, real=0.02 secs] 
2014-07-09T15:58:56.836+0200: 50.748: [GC [PSYoungGen: 25668K->1088K(27648K)] 33125K->8553K(60416K), 0.0007234 secs] [Times: user=0.00 sys=0.00, real=0.00 secs] 
2014-07-09T15:58:56.900+0200: 50.812: [GC [PSYoungGen: 23587K->5090K(27648K)] 31052K->14644K(60416K), 0.0051331 secs] [Times: user=0.00 sys=0.00, real=0.00 secs] 
2014-07-09T15:58:56.996+0200: 50.907: [GC [PSYoungGen: 27592K->4033K(27648K)] 37146K->13595K(60416K), 0.0057348 secs] [Times: user=0.03 sys=0.00, real=0.01 secs] 
2014-07-09T15:58:57.092+0200: 51.004: [GC [PSYoungGen: 26532K->1920K(27648K)] 36094K->11490K(60416K), 0.0043889 secs] [Times: user=0.03 sys=0.00, real=0.00 secs] 
2014-07-09T15:58:57.191+0200: 51.102: [GC [PSYoungGen: 24419K->5090K(27648K)] 33989K->17581K(60416K), 0.0100774 secs] [Times: user=0.00 sys=0.00, real=0.01 secs] 
2014-07-09T15:58:57.288+0200: 51.199: [GC [PSYoungGen: 27609K->3713K(27648K)] 40100K->16212K(60416K), 0.0043504 secs] [Times: user=0.00 sys=0.00, real=0.00 secs] 
2014-07-09T15:58:57.387+0200: 51.299: [GC [PSYoungGen: 26212K->1600K(27648K)] 38711K->14107K(60416K), 0.0021822 secs] [Times: user=0.00 sys=0.00, real=0.00 secs] 
2014-07-09T15:58:57.440+0200: 51.351: [GC [PSYoungGen: 24105K->5090K(27648K)] 36612K->19142K(60416K), 0.0172890 secs] [Times: user=0.01 sys=0.00, real=0.02 secs] 
2014-07-09T15:58:57.538+0200: 51.450: [GC [PSYoungGen: 27589K->4546K(27648K)] 41641K->18606K(60416K), 0.0060295 secs] [Times: user=0.00 sys=0.00, real=0.01 secs] 
2014-07-09T15:58:57.637+0200: 51.549: [GC [PSYoungGen: 27045K->2433K(27648K)] 41105K->16501K(60416K), 0.0026698 secs] [Times: user=0.01 sys=0.00, real=0.00 secs] 
2014-07-09T15:58:57.698+0200: 51.610: [GC [PSYoungGen: 24959K->352K(27648K)] 39026K->14427K(60416K), 0.0016575 secs] [Times: user=0.00 sys=0.00, real=0.00 secs] 
2014-07-09T15:58:57.824+0200: 51.736: [GC [PSYoungGen: 22865K->4898K(27648K)] 36941K->18982K(60416K), 0.0044754 secs] [Times: user=0.03 sys=0.00, real=0.01 secs] 
2014-07-09T15:58:57.892+0200: 51.803: [GC [PSYoungGen: 27397K->2785K(27648K)] 41481K->16877K(60416K), 0.0036644 secs] [Times: user=0.00 sys=0.00, real=0.00 secs] 
2014-07-09T15:58:57.995+0200: 51.907: [GC [PSYoungGen: 25293K->5090K(27648K)] 39385K->21399K(60416K), 0.0236543 secs] [Times: user=0.01 sys=0.00, real=0.02 secs] 
2014-07-09T15:58:58.087+0200: 51.998: [GC [PSYoungGen: 27589K->5090K(27648K)] 43898K->21535K(60416K), 0.0040398 secs] [Times: user=0.00 sys=0.00, real=0.00 secs] 
2014-07-09T15:58:58.187+0200: 52.099: [GC [PSYoungGen: 27589K->3073K(27648K)] 44034K->19526K(60416K), 0.0031647 secs] [Times: user=0.00 sys=0.00, real=0.00 secs] 
2014-07-09T15:58:58.238+0200: 52.149: [GC [PSYoungGen: 25586K->5090K(27648K)] 42039K->23984K(60416K), 0.0059027 secs] [Times: user=0.00 sys=0.00, real=0.01 secs] 
2014-07-09T15:58:58.339+0200: 52.251: [GC [PSYoungGen: 27589K->5090K(27648K)] 46483K->24280K(60416K), 0.0050664 secs] [Times: user=0.02 sys=0.00, real=0.01 secs] 
2014-07-09T15:58:58.438+0200: 52.349: [GC [PSYoungGen: 27589K->3297K(27648K)] 46779K->22495K(60416K), 0.0034862 secs] [Times: user=0.00 sys=0.00, real=0.00 secs] 
2014-07-09T15:58:58.536+0200: 52.447: [GC [PSYoungGen: 25802K->128K(27648K)] 45000K->19334K(60416K), 0.0131993 secs] [Times: user=0.01 sys=0.00, real=0.01 secs] 
2014-07-09T15:58:58.591+0200: 52.503: [GC [PSYoungGen: 22627K->5090K(27648K)] 41833K->25457K(60416K), 0.0050470 secs] [Times: user=0.00 sys=0.00, real=0.00 secs] 
2014-07-09T15:58:58.691+0200: 52.603: [GC [PSYoungGen: 27602K->2048K(27648K)] 47969K->22423K(60416K), 0.0024274 secs] [Times: user=0.00 sys=0.00, real=0.00 secs] 
2014-07-09T15:58:58.788+0200: 52.700: [GC [PSYoungGen: 24545K->5090K(27648K)] 44920K->28546K(60416K), 0.0068299 secs] [Times: user=0.03 sys=0.00, real=0.01 secs] 
2014-07-09T15:58:58.890+0200: 52.801: [GC [PSYoungGen: 27589K->5090K(27648K)] 51045K->29483K(60416K), 0.0099832 secs] [Times: user=0.00 sys=0.00, real=0.01 secs] 
2014-07-09T15:58:58.987+0200: 52.898: [GC [PSYoungGen: 27594K->2913K(27648K)] 51987K->27314K(60416K), 0.0016392 secs] [Times: user=0.00 sys=0.00, real=0.00 secs] 
2014-07-09T15:58:59.086+0200: 52.997: [GC [PSYoungGen: 25412K->800K(27648K)] 49813K->25209K(60416K), 0.0006944 secs] [Times: user=0.00 sys=0.00, real=0.00 secs] 
2014-07-09T15:58:59.138+0200: 53.049: [GC [PSYoungGen: 23299K->5090K(27648K)] 47708K->31300K(60416K), 0.0182103 secs] [Times: user=0.02 sys=0.00, real=0.02 secs] 
2014-07-09T15:58:59.236+0200: 53.148: [GC [PSYoungGen: 27604K->3105K(27648K)] 53814K->29323K(60416K), 0.0016718 secs] [Times: user=0.00 sys=0.00, real=0.00 secs] 
2014-07-09T15:58:59.336+0200: 53.248: [GC [PSYoungGen: 25604K->960K(27648K)] 51822K->27186K(60416K), 0.0011303 secs] [Times: user=0.00 sys=0.00, real=0.00 secs] 
2014-07-09T15:58:59.394+0200: 53.306: [GC [PSYoungGen: 23459K->5090K(27648K)] 49685K->33277K(60416K), 0.0128572 secs] [Times: user=0.02 sys=0.00, real=0.01 secs] 
2014-07-09T15:58:59.495+0200: 53.407: [GC [PSYoungGen: 27598K->3425K(27648K)] 55785K->31620K(60416K), 0.0048930 secs] [Times: user=0.00 sys=0.02, real=0.01 secs] 
2014-07-09T15:58:59.622+0200: 53.533: [GC [PSYoungGen: 25924K->1280K(27648K)] 54119K->29483K(60416K), 0.0074968 secs] [Times: user=0.00 sys=0.00, real=0.01 secs] 
2014-07-09T15:58:59.688+0200: 53.600: [GC [PSYoungGen: 23779K->5090K(27648K)] 51982K->35606K(60416K), 0.0104188 secs] [Times: user=0.00 sys=0.00, real=0.01 secs] 
2014-07-09T15:58:59.699+0200: 53.610: [Full GC [PSYoungGen: 5090K->0K(27648K)] [ParOldGen: 30515K->8008K(32768K)] 35606K->8008K(60416K) [PSPermGen: 2475K->2475K(21504K)], 0.0232345 secs] [Times: user=0.02 sys=0.00, real=0.02 secs] 
2014-07-09T15:58:59.787+0200: 53.698: [GC [PSYoungGen: 22508K->3745K(27648K)] 30516K->11754K(60416K), 0.0024333 secs] [Times: user=0.00 sys=0.00, real=0.00 secs] 
2014-07-09T15:58:59.887+0200: 53.798: [GC [PSYoungGen: 26244K->1632K(27648K)] 34253K->9649K(60416K), 0.0024135 secs] [Times: user=0.00 sys=0.00, real=0.00 secs] 
2014-07-09T15:58:59.941+0200: 53.852: [GC [PSYoungGen: 24137K->5090K(27648K)] 32153K->14715K(60416K), 0.0089453 secs] [Times: user=0.02 sys=0.00, real=0.01 secs] 
2014-07-09T15:59:00.038+0200: 53.950: [GC [PSYoungGen: 27589K->4578K(27648K)] 37214K->14211K(60416K), 0.0063639 secs] [Times: user=0.03 sys=0.00, real=0.01 secs] 
2014-07-09T15:59:00.139+0200: 54.051: [GC [PSYoungGen: 27077K->2433K(27648K)] 36710K->12074K(60416K), 0.0242849 secs] [Times: user=0.02 sys=0.00, real=0.03 secs] 
2014-07-09T15:59:00.193+0200: 54.105: [GC [PSYoungGen: 24959K->384K(27648K)] 34600K->10033K(60416K), 0.0008762 secs] [Times: user=0.00 sys=0.00, real=0.00 secs] 
2014-07-09T15:59:00.291+0200: 54.202: [GC [PSYoungGen: 22907K->4290K(27648K)] 32556K->13947K(60416K), 0.0040362 secs] [Times: user=0.03 sys=0.00, real=0.00 secs] 
2014-07-09T15:59:00.391+0200: 54.302: [GC [PSYoungGen: 26789K->2177K(27648K)] 36446K->11842K(60416K), 0.0022401 secs] [Times: user=0.00 sys=0.00, real=0.00 secs] 
2014-07-09T15:59:00.490+0200: 54.402: [GC [PSYoungGen: 24679K->5090K(27648K)] 34344K->16908K(60416K), 0.0084023 secs] [Times: user=0.03 sys=0.00, real=0.01 secs] 
2014-07-09T15:59:00.588+0200: 54.500: [GC [PSYoungGen: 27589K->5090K(27648K)] 39407K->16948K(60416K), 0.0051738 secs] [Times: user=0.00 sys=0.00, real=0.01 secs] 
2014-07-09T15:59:00.693+0200: 54.604: [GC [PSYoungGen: 27589K->2977K(27648K)] 39447K->14843K(60416K), 0.0461024 secs] [Times: user=0.02 sys=0.00, real=0.05 secs] 
2014-07-09T15:59:00.756+0200: 54.668: [GC [PSYoungGen: 25485K->5090K(27648K)] 37351K->19397K(60416K), 0.0168754 secs] [Times: user=0.02 sys=0.00, real=0.02 secs] 
2014-07-09T15:59:00.837+0200: 54.749: [GC [PSYoungGen: 27589K->5090K(27648K)] 41896K->19757K(60416K), 0.0041498 secs] [Times: user=0.03 sys=0.00, real=0.01 secs] 
2014-07-09T15:59:00.936+0200: 54.848: [GC [PSYoungGen: 27589K->3329K(27648K)] 42256K->18005K(60416K), 0.0017873 secs] [Times: user=0.00 sys=0.00, real=0.00 secs] 
2014-07-09T15:59:00.999+0200: 54.910: [GC [PSYoungGen: 25837K->5090K(27648K)] 40513K->22559K(60416K), 0.0092830 secs] [Times: user=0.00 sys=0.00, real=0.01 secs] 
2014-07-09T15:59:01.097+0200: 55.008: [GC [PSYoungGen: 27589K->5090K(27648K)] 45058K->23207K(60416K), 0.0088118 secs] [Times: user=0.02 sys=0.00, real=0.01 secs] 
2014-07-09T15:59:01.194+0200: 55.105: [GC [PSYoungGen: 27589K->3649K(27648K)] 45706K->21774K(60416K), 0.0055940 secs] [Times: user=0.03 sys=0.00, real=0.01 secs] 
2014-07-09T15:59:01.314+0200: 55.226: [GC [PSYoungGen: 26165K->5090K(27648K)] 44291K->26201K(60416K), 0.0230956 secs] [Times: user=0.03 sys=0.00, real=0.02 secs] 
2014-07-09T15:59:01.387+0200: 55.299: [GC [PSYoungGen: 27589K->5090K(27648K)] 48700K->27073K(60416K), 0.0045553 secs] [Times: user=0.00 sys=0.00, real=0.00 secs] 
2014-07-09T15:59:01.488+0200: 55.399: [GC [PSYoungGen: 27594K->2817K(27648K)] 49577K->24808K(60416K), 0.0030217 secs] [Times: user=0.00 sys=0.00, real=0.00 secs] 
2014-07-09T15:59:01.587+0200: 55.498: [GC [PSYoungGen: 25316K->704K(27648K)] 47307K->22703K(60416K), 0.0016586 secs] [Times: user=0.00 sys=0.00, real=0.00 secs] 
2014-07-09T15:59:01.640+0200: 55.551: [GC [PSYoungGen: 23203K->5090K(27648K)] 45202K->28794K(60416K), 0.0087198 secs] [Times: user=0.00 sys=0.00, real=0.01 secs] 
2014-07-09T15:59:01.740+0200: 55.652: [GC [PSYoungGen: 27604K->2593K(27648K)] 51308K->26305K(60416K), 0.0380055 secs] [Times: user=0.03 sys=0.00, real=0.04 secs] 
2014-07-09T15:59:01.836+0200: 55.748: [GC [PSYoungGen: 25092K->512K(27648K)] 48804K->24232K(60416K), 0.0006255 secs] [Times: user=0.00 sys=0.00, real=0.00 secs] 
2014-07-09T15:59:01.892+0200: 55.803: [GC [PSYoungGen: 23011K->5090K(27648K)] 46731K->30323K(60416K), 0.0051573 secs] [Times: user=0.00 sys=0.00, real=0.01 secs] 
2014-07-09T15:59:01.995+0200: 55.907: [GC [PSYoungGen: 27592K->3457K(27648K)] 52825K->28698K(60416K), 0.0045568 secs] [Times: user=0.00 sys=0.00, real=0.01 secs] 
2014-07-09T15:59:02.092+0200: 56.004: [GC [PSYoungGen: 25956K->1344K(27648K)] 51197K->26593K(60416K), 0.0015006 secs] [Times: user=0.00 sys=0.00, real=0.00 secs] 
2014-07-09T15:59:02.190+0200: 56.102: [GC [PSYoungGen: 23843K->5090K(27648K)] 49092K->32684K(60416K), 0.0097588 secs] [Times: user=0.03 sys=0.00, real=0.01 secs] 
2014-07-09T15:59:02.288+0200: 56.198: [GC [PSYoungGen: 27603K->3649K(27648K)] 55197K->31251K(60416K), 0.0056768 secs] [Times: user=0.01 sys=0.00, real=0.01 secs] 
2014-07-09T15:59:02.386+0200: 56.297: [GC [PSYoungGen: 26148K->1504K(27648K)] 53750K->29114K(60416K), 0.0161249 secs] [Times: user=0.02 sys=0.00, real=0.02 secs] 
2014-07-09T15:59:02.438+0200: 56.349: [GC [PSYoungGen: 24003K->5090K(27648K)] 51613K->35237K(60416K), 0.0055338 secs] [Times: user=0.00 sys=0.00, real=0.01 secs] 
2014-07-09T15:59:02.444+0200: 56.355: [Full GC [PSYoungGen: 5090K->0K(27648K)] [ParOldGen: 30146K->8239K(32768K)] 35237K->8239K(60416K) [PSPermGen: 2475K->2475K(21504K)], 0.0101042 secs] [Times: user=0.01 sys=0.00, real=0.01 secs] 
2014-07-09T15:59:02.537+0200: 56.448: [GC [PSYoungGen: 22508K->3969K(27648K)] 30747K->12209K(60416K), 0.0035907 secs] [Times: user=0.03 sys=0.00, real=0.00 secs] 
2014-07-09T15:59:02.637+0200: 56.547: [GC [PSYoungGen: 26468K->1856K(27648K)] 34708K->10104K(60416K), 0.0013631 secs] [Times: user=0.00 sys=0.00, real=0.00 secs] 
2014-07-09T15:59:02.698+0200: 56.609: [GC [PSYoungGen: 24355K->5090K(27648K)] 32602K->16194K(60416K), 0.0100023 secs] [Times: user=0.00 sys=0.00, real=0.01 secs] 
2014-07-09T15:59:02.790+0200: 56.701: [GC [PSYoungGen: 27600K->4290K(27648K)] 38705K->15402K(60416K), 0.0035002 secs] [Times: user=0.00 sys=0.00, real=0.00 secs] 
2014-07-09T15:59:02.890+0200: 56.800: [GC [PSYoungGen: 26789K->2177K(27648K)] 37901K->13297K(60416K), 0.0019402 secs] [Times: user=0.00 sys=0.00, real=0.00 secs] 
2014-07-09T15:59:02.990+0200: 56.901: [GC [PSYoungGen: 24679K->5090K(27648K)] 35800K->18332K(60416K), 0.0066946 secs] [Times: user=0.02 sys=0.00, real=0.01 secs] 
2014-07-09T15:59:03.087+0200: 56.998: [GC [PSYoungGen: 27589K->5090K(27648K)] 40831K->18372K(60416K), 0.0043529 secs] [Times: user=0.00 sys=0.00, real=0.01 secs] 
2014-07-09T15:59:03.187+0200: 57.098: [GC [PSYoungGen: 27589K->3009K(27648K)] 40871K->16299K(60416K), 0.0030727 secs] [Times: user=0.00 sys=0.00, real=0.00 secs] 
2014-07-09T15:59:03.240+0200: 57.150: [GC [PSYoungGen: 25529K->5090K(27648K)] 38818K->20212K(60416K), 0.0093178 secs] [Times: user=0.03 sys=0.00, real=0.01 secs] 
2014-07-09T15:59:03.339+0200: 57.250: [GC [PSYoungGen: 27589K->4802K(27648K)] 42711K->19932K(60416K), 0.0059595 secs] [Times: user=0.00 sys=0.00, real=0.01 secs] 
2014-07-09T15:59:03.437+0200: 57.348: [GC [PSYoungGen: 27301K->2689K(27648K)] 42431K->17827K(60416K), 0.0016205 secs] [Times: user=0.00 sys=0.00, real=0.00 secs] 
2014-07-09T15:59:03.498+0200: 57.409: [GC [PSYoungGen: 25191K->5090K(27648K)] 40330K->22894K(60416K), 0.0100606 secs] [Times: user=0.03 sys=0.00, real=0.01 secs] 
2014-07-09T15:59:03.591+0200: 57.502: [GC [PSYoungGen: 27589K->5090K(27648K)] 45393K->23446K(60416K), 0.0044233 secs] [Times: user=0.00 sys=0.00, real=0.00 secs] 
2014-07-09T15:59:03.695+0200: 57.605: [GC [PSYoungGen: 27589K->3521K(27648K)] 45945K->21885K(60416K), 0.0080786 secs] [Times: user=0.00 sys=0.00, real=0.01 secs] 
2014-07-09T15:59:03.791+0200: 57.702: [GC [PSYoungGen: 26029K->5090K(27648K)] 44393K->26407K(60416K), 0.0212812 secs] [Times: user=0.00 sys=0.00, real=0.02 secs] 
2014-07-09T15:59:03.887+0200: 57.798: [GC [PSYoungGen: 27589K->5090K(27648K)] 48906K->27280K(60416K), 0.0047958 secs] [Times: user=0.00 sys=0.00, real=0.00 secs] 
2014-07-09T15:59:03.987+0200: 57.898: [GC [PSYoungGen: 27600K->2305K(27648K)] 49790K->24502K(60416K), 0.0025480 secs] [Times: user=0.02 sys=0.00, real=0.00 secs] 
2014-07-09T15:59:04.086+0200: 57.997: [GC [PSYoungGen: 24804K->160K(27648K)] 47001K->22365K(60416K), 0.0141334 secs] [Times: user=0.02 sys=0.00, real=0.01 secs] 
2014-07-09T15:59:04.138+0200: 58.049: [GC [PSYoungGen: 22659K->5090K(27648K)] 44864K->28488K(60416K), 0.0045491 secs] [Times: user=0.00 sys=0.00, real=0.00 secs] 
2014-07-09T15:59:04.237+0200: 58.148: [GC [PSYoungGen: 27606K->2497K(27648K)] 51005K->25903K(60416K), 0.0034576 secs] [Times: user=0.03 sys=0.00, real=0.00 secs] 
2014-07-09T15:59:04.336+0200: 58.247: [GC [PSYoungGen: 24996K->384K(27648K)] 48402K->23798K(60416K), 0.0006731 secs] [Times: user=0.00 sys=0.00, real=0.00 secs] 
2014-07-09T15:59:04.398+0200: 58.308: [GC [PSYoungGen: 22883K->5090K(27648K)] 46297K->29889K(60416K), 0.0055404 secs] [Times: user=0.00 sys=0.00, real=0.01 secs] 
2014-07-09T15:59:04.494+0200: 58.405: [GC [PSYoungGen: 27592K->3329K(27648K)] 52392K->28136K(60416K), 0.0052068 secs] [Times: user=0.00 sys=0.00, real=0.01 secs] 
2014-07-09T15:59:04.592+0200: 58.503: [GC [PSYoungGen: 25828K->1216K(27648K)] 50635K->26031K(60416K), 0.0024249 secs] [Times: user=0.00 sys=0.00, real=0.00 secs] 
2014-07-09T15:59:04.688+0200: 58.599: [GC [PSYoungGen: 23715K->5090K(27648K)] 48530K->32122K(60416K), 0.0059635 secs] [Times: user=0.03 sys=0.00, real=0.01 secs] 
2014-07-09T15:59:04.787+0200: 58.697: [GC [PSYoungGen: 27604K->3137K(27648K)] 54636K->30177K(60416K), 0.0018269 secs] [Times: user=0.00 sys=0.00, real=0.00 secs] 
2014-07-09T15:59:04.887+0200: 58.798: [GC [PSYoungGen: 25636K->1024K(27648K)] 52676K->28072K(60416K), 0.0018643 secs] [Times: user=0.00 sys=0.00, real=0.00 secs] 
2014-07-09T15:59:04.939+0200: 58.849: [GC [PSYoungGen: 23523K->5090K(27648K)] 50571K->34163K(60416K), 0.0091469 secs] [Times: user=0.03 sys=0.00, real=0.01 secs] 
2014-07-09T15:59:05.054+0200: 58.964: [GC [PSYoungGen: 27592K->3937K(27648K)] 56666K->33019K(60416K), 0.0141122 secs] [Times: user=0.02 sys=0.00, real=0.01 secs] 
2014-07-09T15:59:05.136+0200: 59.047: [GC [PSYoungGen: 26436K->1856K(27648K)] 55518K->30946K(60416K), 0.0010218 secs] [Times: user=0.00 sys=0.00, real=0.00 secs] 
2014-07-09T15:59:05.193+0200: 59.104: [GC [PSYoungGen: 24355K->5090K(27648K)] 53445K->37037K(60416K), 0.0063397 secs] [Times: user=0.00 sys=0.00, real=0.01 secs] 
2014-07-09T15:59:05.199+0200: 59.110: [Full GC [PSYoungGen: 5090K->0K(27648K)] [ParOldGen: 31946K->8565K(32768K)] 37037K->8565K(60416K) [PSPermGen: 2476K->2476K(21504K)], 0.0107520 secs] [Times: user=0.03 sys=0.00, real=0.01 secs] 
2014-07-09T15:59:05.295+0200: 59.206: [GC [PSYoungGen: 22516K->4162K(27648K)] 31081K->12727K(60416K), 0.0056519 secs] [Times: user=0.02 sys=0.00, real=0.01 secs] 
2014-07-09T15:59:05.390+0200: 59.301: [GC [PSYoungGen: 26658K->2048K(27648K)] 35224K->10622K(60416K), 0.0018375 secs] [Times: user=0.00 sys=0.00, real=0.00 secs] 
2014-07-09T15:59:05.490+0200: 59.401: [GC [PSYoungGen: 24559K->5090K(27648K)] 33132K->15176K(60416K), 0.0084614 secs] [Times: user=0.00 sys=0.00, real=0.01 secs] 
2014-07-09T15:59:05.588+0200: 59.499: [GC [PSYoungGen: 27589K->4450K(27648K)] 37675K->14544K(60416K), 0.0066620 secs] [Times: user=0.00 sys=0.00, real=0.01 secs] 
2014-07-09T15:59:05.687+0200: 59.598: [GC [PSYoungGen: 26949K->2369K(27648K)] 37043K->12471K(60416K), 0.0016022 secs] [Times: user=0.00 sys=0.00, real=0.00 secs] 
2014-07-09T15:59:05.739+0200: 59.650: [GC [PSYoungGen: 24877K->5090K(27648K)] 34979K->17025K(60416K), 0.0117918 secs] [Times: user=0.00 sys=0.00, real=0.01 secs] 
2014-07-09T15:59:05.837+0200: 59.748: [GC [PSYoungGen: 27589K->4802K(27648K)] 39524K->16745K(60416K), 0.0033576 secs] [Times: user=0.00 sys=0.00, real=0.00 secs] 
2014-07-09T15:59:05.938+0200: 59.849: [GC [PSYoungGen: 27301K->2689K(27648K)] 39244K->14640K(60416K), 0.0029150 secs] [Times: user=0.03 sys=0.00, real=0.00 secs] 
2014-07-09T15:59:05.999+0200: 59.910: [GC [PSYoungGen: 25191K->5090K(27648K)] 37142K->19706K(60416K), 0.0104356 secs] [Times: user=0.01 sys=0.00, real=0.01 secs] 
2014-07-09T15:59:06.092+0200: 60.003: [GC [PSYoungGen: 27589K->5090K(27648K)] 42205K->20259K(60416K), 0.0051790 secs] [Times: user=0.03 sys=0.00, real=0.00 secs] 
2014-07-09T15:59:06.191+0200: 60.102: [GC [PSYoungGen: 27605K->1856K(27648K)] 42774K->17033K(60416K), 0.0015633 secs] [Times: user=0.00 sys=0.00, real=0.00 secs] 
2014-07-09T15:59:06.288+0200: 60.199: [GC [PSYoungGen: 24361K->5090K(27648K)] 39538K->22612K(60416K), 0.0058279 secs] [Times: user=0.00 sys=0.00, real=0.01 secs] 
2014-07-09T15:59:06.388+0200: 60.299: [GC [PSYoungGen: 27589K->5090K(27648K)] 45111K->22844K(60416K), 0.0077963 secs] [Times: user=0.03 sys=0.00, real=0.01 secs] 
2014-07-09T15:59:06.487+0200: 60.398: [GC [PSYoungGen: 27594K->2177K(27648K)] 45348K->19938K(60416K), 0.0024909 secs] [Times: user=0.00 sys=0.00, real=0.00 secs] 
2014-07-09T15:59:06.586+0200: 60.497: [GC [PSYoungGen: 24674K->64K(27648K)] 42435K->17833K(60416K), 0.0014995 secs] [Times: user=0.00 sys=0.00, real=0.00 secs] 
2014-07-09T15:59:06.639+0200: 60.550: [GC [PSYoungGen: 22560K->5090K(27648K)] 40330K->23924K(60416K), 0.0087400 secs] [Times: user=0.00 sys=0.00, real=0.01 secs] 
2014-07-09T15:59:06.738+0200: 60.649: [GC [PSYoungGen: 27600K->2465K(27648K)] 46435K->21307K(60416K), 0.0039060 secs] [Times: user=0.00 sys=0.00, real=0.00 secs] 
2014-07-09T15:59:06.836+0200: 60.747: [GC [PSYoungGen: 24964K->384K(27648K)] 43806K->19234K(60416K), 0.0005598 secs] [Times: user=0.00 sys=0.00, real=0.00 secs] 
2014-07-09T15:59:06.896+0200: 60.807: [GC [PSYoungGen: 22883K->5090K(27648K)] 41733K->25325K(60416K), 0.0085955 secs] [Times: user=0.00 sys=0.00, real=0.01 secs] 
2014-07-09T15:59:06.994+0200: 60.905: [GC [PSYoungGen: 27598K->2817K(27648K)] 47833K->23060K(60416K), 0.0040930 secs] [Times: user=0.00 sys=0.00, real=0.00 secs] 
2014-07-09T15:59:07.092+0200: 61.003: [GC [PSYoungGen: 25316K->704K(27648K)] 45559K->20955K(60416K), 0.0018295 secs] [Times: user=0.01 sys=0.00, real=0.00 secs] 
2014-07-09T15:59:07.188+0200: 61.099: [GC [PSYoungGen: 23203K->5090K(27648K)] 43454K->27046K(60416K), 0.0087748 secs] [Times: user=0.00 sys=0.00, real=0.01 secs] 
2014-07-09T15:59:07.288+0200: 61.199: [GC [PSYoungGen: 27604K->3009K(27648K)] 49560K->24973K(60416K), 0.0033033 secs] [Times: user=0.00 sys=0.00, real=0.00 secs] 
2014-07-09T15:59:07.386+0200: 61.297: [GC [PSYoungGen: 25508K->896K(27648K)] 47472K->22868K(60416K), 0.0006977 secs] [Times: user=0.00 sys=0.00, real=0.00 secs] 
2014-07-09T15:59:07.440+0200: 61.351: [GC [PSYoungGen: 23395K->5090K(27648K)] 45367K->28959K(60416K), 0.0092910 secs] [Times: user=0.00 sys=0.00, real=0.01 secs] 
2014-07-09T15:59:07.537+0200: 61.448: [GC [PSYoungGen: 27592K->3841K(27648K)] 51461K->27718K(60416K), 0.0026338 secs] [Times: user=0.00 sys=0.00, real=0.00 secs] 
2014-07-09T15:59:07.637+0200: 61.548: [GC [PSYoungGen: 26340K->1728K(27648K)] 50217K->25613K(60416K), 0.0023820 secs] [Times: user=0.02 sys=0.00, real=0.00 secs] 
2014-07-09T15:59:07.697+0200: 61.608: [GC [PSYoungGen: 24239K->5090K(27648K)] 48123K->30167K(60416K), 0.0084896 secs] [Times: user=0.03 sys=0.00, real=0.01 secs] 
2014-07-09T15:59:07.796+0200: 61.707: [GC [PSYoungGen: 27593K->3617K(27648K)] 52670K->28703K(60416K), 0.0208254 secs] [Times: user=0.02 sys=0.00, real=0.02 secs] 
2014-07-09T15:59:07.890+0200: 61.801: [GC [PSYoungGen: 26116K->1504K(27648K)] 51202K->26598K(60416K), 0.0021701 secs] [Times: user=0.00 sys=0.00, real=0.00 secs] 
2014-07-09T15:59:07.989+0200: 61.900: [GC [PSYoungGen: 24009K->5090K(27648K)] 49102K->31696K(60416K), 0.0089897 secs] [Times: user=0.00 sys=0.00, real=0.01 secs] 
2014-07-09T15:59:08.089+0200: 62.000: [GC [PSYoungGen: 27589K->4482K(27648K)] 54195K->31096K(60416K), 0.0058429 secs] [Times: user=0.03 sys=0.00, real=0.01 secs] 
2014-07-09T15:59:08.187+0200: 62.098: [GC [PSYoungGen: 26981K->2369K(27648K)] 53595K->28991K(60416K), 0.0015193 secs] [Times: user=0.00 sys=0.00, real=0.00 secs] 
2014-07-09T15:59:08.239+0200: 62.150: [GC [PSYoungGen: 24882K->5090K(27648K)] 51504K->33417K(60416K), 0.0091939 secs] [Times: user=0.02 sys=0.00, real=0.01 secs] 
2014-07-09T15:59:08.340+0200: 62.251: [GC [PSYoungGen: 27589K->4674K(27648K)] 55916K->33009K(60416K), 0.0045803 secs] [Times: user=0.03 sys=0.00, real=0.01 secs] 
2014-07-09T15:59:08.437+0200: 62.348: [GC [PSYoungGen: 27173K->2561K(27648K)] 55508K->30904K(60416K), 0.0014262 secs] [Times: user=0.00 sys=0.00, real=0.00 secs] 
2014-07-09T15:59:08.500+0200: 62.411: [GC [PSYoungGen: 25069K->5090K(27648K)] 53412K->35458K(60416K), 0.0084753 secs] [Times: user=0.00 sys=0.00, real=0.01 secs] 
2014-07-09T15:59:08.508+0200: 62.419: [Full GC [PSYoungGen: 5090K->0K(27648K)] [ParOldGen: 30367K->7742K(32768K)] 35458K->7742K(60416K) [PSPermGen: 2476K->2476K(21504K)], 0.0145356 secs] [Times: user=0.02 sys=0.00, real=0.02 secs] 
2014-07-09T15:59:08.596+0200: 62.507: [GC [PSYoungGen: 22498K->4962K(27648K)] 30241K->12705K(60416K), 0.0059764 secs] [Times: user=0.00 sys=0.00, real=0.01 secs] 
2014-07-09T15:59:08.694+0200: 62.606: [GC [PSYoungGen: 27461K->2849K(27648K)] 35204K->10600K(60416K), 0.0133668 secs] [Times: user=0.02 sys=0.00, real=0.01 secs] 
2014-07-09T15:59:08.791+0200: 62.702: [GC [PSYoungGen: 25357K->5090K(27648K)] 33108K->15186K(60416K), 0.0069270 secs] [Times: user=0.02 sys=0.00, real=0.01 secs] 
2014-07-09T15:59:08.887+0200: 62.798: [GC [PSYoungGen: 27589K->5090K(27648K)] 37685K->15418K(60416K), 0.0041297 secs] [Times: user=0.03 sys=0.00, real=0.00 secs] 
2014-07-09T15:59:08.986+0200: 62.897: [GC [PSYoungGen: 27594K->2177K(27648K)] 37923K->12513K(60416K), 0.0011611 secs] [Times: user=0.00 sys=0.00, real=0.00 secs] 
2014-07-09T15:59:09.086+0200: 62.997: [GC [PSYoungGen: 24674K->32K(27648K)] 35010K->10376K(60416K), 0.0009001 secs] [Times: user=0.00 sys=0.00, real=0.00 secs] 
2014-07-09T15:59:09.139+0200: 63.050: [GC [PSYoungGen: 22528K->5090K(27648K)] 32873K->16499K(60416K), 0.0072614 secs] [Times: user=0.00 sys=0.00, real=0.01 secs] 
2014-07-09T15:59:09.237+0200: 63.148: [GC [PSYoungGen: 27609K->1856K(27648K)] 39017K->13273K(60416K), 0.0024329 secs] [Times: user=0.00 sys=0.00, real=0.00 secs] 
2014-07-09T15:59:09.302+0200: 63.213: [GC [PSYoungGen: 24355K->5090K(27648K)] 35772K->19364K(60416K), 0.0090157 secs] [Times: user=0.03 sys=0.00, real=0.01 secs] 
2014-07-09T15:59:09.396+0200: 63.307: [GC [PSYoungGen: 27589K->5090K(27648K)] 41863K->20108K(60416K), 0.0091216 secs] [Times: user=0.03 sys=0.00, real=0.01 secs] 
2014-07-09T15:59:09.491+0200: 63.402: [GC [PSYoungGen: 27594K->2657K(27648K)] 42613K->17683K(60416K), 0.0040527 secs] [Times: user=0.00 sys=0.00, real=0.00 secs] 
2014-07-09T15:59:09.591+0200: 63.502: [GC [PSYoungGen: 25156K->576K(27648K)] 40182K->15610K(60416K), 0.0019772 secs] [Times: user=0.00 sys=0.00, real=0.00 secs] 
2014-07-09T15:59:09.690+0200: 63.601: [GC [PSYoungGen: 23075K->5090K(27648K)] 38109K->21701K(60416K), 0.0082648 secs] [Times: user=0.00 sys=0.00, real=0.01 secs] 
2014-07-09T15:59:09.787+0200: 63.698: [GC [PSYoungGen: 27598K->2977K(27648K)] 44209K->19596K(60416K), 0.0333442 secs] [Times: user=0.00 sys=0.00, real=0.03 secs] 
2014-07-09T15:59:09.886+0200: 63.797: [GC [PSYoungGen: 25476K->896K(27648K)] 42095K->17523K(60416K), 0.0006933 secs] [Times: user=0.00 sys=0.00, real=0.00 secs] 
2014-07-09T15:59:09.940+0200: 63.851: [GC [PSYoungGen: 23395K->5090K(27648K)] 40022K->23614K(60416K), 0.0125841 secs] [Times: user=0.02 sys=0.00, real=0.01 secs] 
2014-07-09T15:59:10.037+0200: 63.948: [GC [PSYoungGen: 27598K->3329K(27648K)] 46122K->21861K(60416K), 0.0022522 secs] [Times: user=0.00 sys=0.00, real=0.00 secs] 
2014-07-09T15:59:10.136+0200: 64.047: [GC [PSYoungGen: 25828K->1216K(27648K)] 44360K->19756K(60416K), 0.0007974 secs] [Times: user=0.00 sys=0.00, real=0.00 secs] 
2014-07-09T15:59:10.193+0200: 64.104: [GC [PSYoungGen: 23715K->5090K(27648K)] 42255K->25847K(60416K), 0.0064214 secs] [Times: user=0.03 sys=0.00, real=0.01 secs] 
2014-07-09T15:59:10.295+0200: 64.207: [GC [PSYoungGen: 27603K->3521K(27648K)] 48360K->24286K(60416K), 0.0050220 secs] [Times: user=0.00 sys=0.00, real=0.00 secs] 
2014-07-09T15:59:10.392+0200: 64.303: [GC [PSYoungGen: 26020K->1408K(27648K)] 46785K->22181K(60416K), 0.0025491 secs] [Times: user=0.00 sys=0.00, real=0.00 secs] 
2014-07-09T15:59:10.489+0200: 64.401: [GC [PSYoungGen: 23913K->5090K(27648K)] 44686K->27248K(60416K), 0.0089589 secs] [Times: user=0.03 sys=0.00, real=0.01 secs] 
2014-07-09T15:59:10.587+0200: 64.498: [GC [PSYoungGen: 27589K->4354K(27648K)] 49747K->26519K(60416K), 0.0032886 secs] [Times: user=0.03 sys=0.00, real=0.00 secs] 
2014-07-09T15:59:10.687+0200: 64.598: [GC [PSYoungGen: 26853K->2241K(27648K)] 49018K->24414K(60416K), 0.0026569 secs] [Times: user=0.00 sys=0.00, real=0.00 secs] 
2014-07-09T15:59:10.740+0200: 64.651: [GC [PSYoungGen: 24755K->5090K(27648K)] 46928K->28424K(60416K), 0.0098457 secs] [Times: user=0.02 sys=0.00, real=0.01 secs] 
2014-07-09T15:59:10.837+0200: 64.748: [GC [PSYoungGen: 27587K->4162K(27648K)] 50921K->27504K(60416K), 0.0028340 secs] [Times: user=0.03 sys=0.00, real=0.00 secs] 
2014-07-09T15:59:10.937+0200: 64.848: [GC [PSYoungGen: 26658K->2048K(27648K)] 50001K->25399K(60416K), 0.0022698 secs] [Times: user=0.00 sys=0.00, real=0.00 secs] 
2014-07-09T15:59:10.997+0200: 64.909: [GC [PSYoungGen: 24553K->5090K(27648K)] 47903K->30465K(60416K), 0.0090996 secs] [Times: user=0.00 sys=0.00, real=0.01 secs] 
2014-07-09T15:59:11.100+0200: 65.011: [GC [PSYoungGen: 27589K->4962K(27648K)] 52964K->30345K(60416K), 0.0123458 secs] [Times: user=0.02 sys=0.00, real=0.01 secs] 
2014-07-09T15:59:11.193+0200: 65.105: [GC [PSYoungGen: 27461K->2881K(27648K)] 52844K->28272K(60416K), 0.0043551 secs] [Times: user=0.01 sys=0.00, real=0.00 secs] 
2014-07-09T15:59:11.290+0200: 65.202: [GC [PSYoungGen: 25397K->5090K(27648K)] 50788K->32698K(60416K), 0.0095590 secs] [Times: user=0.00 sys=0.00, real=0.01 secs] 
2014-07-09T15:59:11.389+0200: 65.300: [GC [PSYoungGen: 27589K->5090K(27648K)] 55197K->32802K(60416K), 0.0065373 secs] [Times: user=0.00 sys=0.00, real=0.01 secs] 
2014-07-09T15:59:11.487+0200: 65.398: [GC [PSYoungGen: 27598K->1536K(27648K)] 55311K->29257K(60416K), 0.0022811 secs] [Times: user=0.00 sys=0.00, real=0.00 secs] 
2014-07-09T15:59:11.540+0200: 65.452: [GC [PSYoungGen: 24035K->5090K(27648K)] 51756K->35348K(60416K), 0.0102186 secs] [Times: user=0.00 sys=0.00, real=0.01 secs] 
2014-07-09T15:59:11.551+0200: 65.462: [Full GC [PSYoungGen: 5090K->0K(27648K)] [ParOldGen: 30257K->8262K(32768K)] 35348K->8262K(60416K) [PSPermGen: 2476K->2476K(21504K)], 0.0217442 secs] [Times: user=0.06 sys=0.00, real=0.02 secs] 
2014-07-09T15:59:11.637+0200: 65.548: [GC [PSYoungGen: 22498K->5090K(27648K)] 30761K->13769K(60416K), 0.0041484 secs] [Times: user=0.00 sys=0.00, real=0.00 secs] 
2014-07-09T15:59:11.737+0200: 65.648: [GC [PSYoungGen: 27598K->1824K(27648K)] 36277K->10511K(60416K), 0.0081545 secs] [Times: user=0.02 sys=0.00, real=0.01 secs] 
2014-07-09T15:59:11.810+0200: 65.722: [GC [PSYoungGen: 24323K->5090K(27648K)] 33010K->16634K(60416K), 0.0079888 secs] [Times: user=0.00 sys=0.00, real=0.01 secs] 
2014-07-09T15:59:11.891+0200: 65.802: [GC [PSYoungGen: 27589K->5090K(27648K)] 39133K->17378K(60416K), 0.0045513 secs] [Times: user=0.00 sys=0.00, real=0.00 secs] 
2014-07-09T15:59:11.992+0200: 65.903: [GC [PSYoungGen: 27594K->2689K(27648K)] 39883K->14985K(60416K), 0.0049773 secs] [Times: user=0.00 sys=0.00, real=0.00 secs] 
2014-07-09T15:59:12.091+0200: 66.003: [GC [PSYoungGen: 25188K->576K(27648K)] 37484K->12880K(60416K), 0.0019068 secs] [Times: user=0.00 sys=0.00, real=0.00 secs] 
2014-07-09T15:59:12.201+0200: 66.112: [GC [PSYoungGen: 23075K->5090K(27648K)] 35379K->18939K(60416K), 0.0059342 secs] [Times: user=0.00 sys=0.00, real=0.01 secs] 
2014-07-09T15:59:12.287+0200: 66.198: [GC [PSYoungGen: 27609K->2369K(27648K)] 41458K->16226K(60416K), 0.0015959 secs] [Times: user=0.02 sys=0.00, real=0.00 secs] 
2014-07-09T15:59:12.386+0200: 66.297: [GC [PSYoungGen: 24868K->256K(27648K)] 38725K->14121K(60416K), 0.0014335 secs] [Times: user=0.00 sys=0.00, real=0.00 secs] 
2014-07-09T15:59:12.440+0200: 66.351: [GC [PSYoungGen: 22755K->5090K(27648K)] 36620K->20212K(60416K), 0.0083066 secs] [Times: user=0.03 sys=0.00, real=0.01 secs] 
2014-07-09T15:59:12.537+0200: 66.449: [GC [PSYoungGen: 27592K->3201K(27648K)] 42714K->18331K(60416K), 0.0042122 secs] [Times: user=0.02 sys=0.00, real=0.01 secs] 
2014-07-09T15:59:12.636+0200: 66.548: [GC [PSYoungGen: 25700K->1088K(27648K)] 40830K->16226K(60416K), 0.0018661 secs] [Times: user=0.00 sys=0.00, real=0.00 secs] 
2014-07-09T15:59:12.699+0200: 66.611: [GC [PSYoungGen: 23596K->5090K(27648K)] 38734K->20780K(60416K), 0.0073395 secs] [Times: user=0.00 sys=0.00, real=0.01 secs] 
2014-07-09T15:59:12.790+0200: 66.702: [GC [PSYoungGen: 27589K->3521K(27648K)] 43279K->19219K(60416K), 0.0029198 secs] [Times: user=0.00 sys=0.00, real=0.00 secs] 
2014-07-09T15:59:12.892+0200: 66.803: [GC [PSYoungGen: 26020K->1408K(27648K)] 41718K->17114K(60416K), 0.0025158 secs] [Times: user=0.00 sys=0.00, real=0.00 secs] 
2014-07-09T15:59:12.989+0200: 66.900: [GC [PSYoungGen: 23916K->5090K(27648K)] 39622K->21668K(60416K), 0.0078014 secs] [Times: user=0.02 sys=0.00, real=0.01 secs] 
2014-07-09T15:59:13.087+0200: 66.999: [GC [PSYoungGen: 27589K->3809K(27648K)] 44167K->20396K(60416K), 0.0088921 secs] [Times: user=0.00 sys=0.00, real=0.01 secs] 
2014-07-09T15:59:13.187+0200: 67.098: [GC [PSYoungGen: 26308K->1728K(27648K)] 42895K->18323K(60416K), 0.0023222 secs] [Times: user=0.00 sys=0.00, real=0.00 secs] 
2014-07-09T15:59:13.239+0200: 67.151: [GC [PSYoungGen: 24242K->5090K(27648K)] 40837K->22749K(60416K), 0.0083103 secs] [Times: user=0.03 sys=0.00, real=0.01 secs] 
2014-07-09T15:59:13.337+0200: 67.248: [GC [PSYoungGen: 27589K->4033K(27648K)] 45248K->21700K(60416K), 0.0030056 secs] [Times: user=0.00 sys=0.00, real=0.00 secs] 
2014-07-09T15:59:13.437+0200: 67.349: [GC [PSYoungGen: 26532K->1920K(27648K)] 44199K->19595K(60416K), 0.0027647 secs] [Times: user=0.00 sys=0.00, real=0.00 secs] 
2014-07-09T15:59:13.497+0200: 67.409: [GC [PSYoungGen: 24425K->5090K(27648K)] 42100K->24662K(60416K), 0.0095715 secs] [Times: user=0.03 sys=0.00, real=0.01 secs] 
2014-07-09T15:59:13.591+0200: 67.502: [GC [PSYoungGen: 27589K->4866K(27648K)] 47161K->24446K(60416K), 0.0041278 secs] [Times: user=0.00 sys=0.00, real=0.00 secs] 
2014-07-09T15:59:13.693+0200: 67.605: [GC [PSYoungGen: 27374K->1216K(27648K)] 46954K->20804K(60416K), 0.0023435 secs] [Times: user=0.00 sys=0.00, real=0.00 secs] 
2014-07-09T15:59:13.797+0200: 67.708: [GC [PSYoungGen: 23721K->5090K(27648K)] 43309K->26351K(60416K), 0.0058568 secs] [Times: user=0.02 sys=0.00, real=0.01 secs] 
2014-07-09T15:59:13.889+0200: 67.800: [GC [PSYoungGen: 27589K->4674K(27648K)] 48850K->25942K(60416K), 0.0066491 secs] [Times: user=0.02 sys=0.00, real=0.01 secs] 
2014-07-09T15:59:13.987+0200: 67.898: [GC [PSYoungGen: 27176K->1536K(27648K)] 48445K->22813K(60416K), 0.0021151 secs] [Times: user=0.02 sys=0.00, real=0.00 secs] 
2014-07-09T15:59:14.041+0200: 67.952: [GC [PSYoungGen: 24035K->5090K(27648K)] 45312K->28904K(60416K), 0.0099839 secs] [Times: user=0.01 sys=0.00, real=0.01 secs] 
2014-07-09T15:59:14.139+0200: 68.051: [GC [PSYoungGen: 27589K->5090K(27648K)] 51403K->29328K(60416K), 0.0069289 secs] [Times: user=0.03 sys=0.00, real=0.01 secs] 
2014-07-09T15:59:14.237+0200: 68.148: [GC [PSYoungGen: 27603K->1728K(27648K)] 51841K->25974K(60416K), 0.0021220 secs] [Times: user=0.03 sys=0.00, real=0.00 secs] 
2014-07-09T15:59:14.298+0200: 68.209: [GC [PSYoungGen: 24227K->5090K(27648K)] 48473K->32065K(60416K), 0.0063287 secs] [Times: user=0.03 sys=0.00, real=0.01 secs] 
2014-07-09T15:59:14.392+0200: 68.303: [GC [PSYoungGen: 27589K->5090K(27648K)] 54564K->32682K(60416K), 0.0042697 secs] [Times: user=0.03 sys=0.00, real=0.00 secs] 
2014-07-09T15:59:14.494+0200: 68.405: [GC [PSYoungGen: 27598K->2048K(27648K)] 55190K->29648K(60416K), 0.0030830 secs] [Times: user=0.00 sys=0.00, real=0.00 secs] 
2014-07-09T15:59:14.591+0200: 68.502: [GC [PSYoungGen: 24547K->5090K(27648K)] 52147K->35739K(60416K), 0.0155171 secs] [Times: user=0.03 sys=0.00, real=0.02 secs] 
2014-07-09T15:59:14.607+0200: 68.518: [Full GC [PSYoungGen: 5090K->0K(27648K)] [ParOldGen: 30649K->8781K(32768K)] 35739K->8781K(60416K) [PSPermGen: 2476K->2476K(21504K)], 0.0136366 secs] [Times: user=0.02 sys=0.00, real=0.01 secs] 
2014-07-09T15:59:14.688+0200: 68.600: [GC [PSYoungGen: 22498K->5090K(27648K)] 31280K->14800K(60416K), 0.0051610 secs] [Times: user=0.03 sys=0.00, real=0.01 secs] 
2014-07-09T15:59:14.786+0200: 68.698: [GC [PSYoungGen: 27600K->2369K(27648K)] 37311K->12087K(60416K), 0.0013844 secs] [Times: user=0.00 sys=0.00, real=0.00 secs] 
2014-07-09T15:59:14.886+0200: 68.797: [GC [PSYoungGen: 24868K->256K(27648K)] 34586K->9982K(60416K), 0.0004942 secs] [Times: user=0.00 sys=0.00, real=0.00 secs] 
2014-07-09T15:59:14.938+0200: 68.849: [GC [PSYoungGen: 22755K->5090K(27648K)] 32481K->16073K(60416K), 0.0049553 secs] [Times: user=0.03 sys=0.00, real=0.01 secs] 
2014-07-09T15:59:15.038+0200: 68.950: [GC [PSYoungGen: 27592K->3169K(27648K)] 38575K->14160K(60416K), 0.0317663 secs] [Times: user=0.03 sys=0.00, real=0.03 secs] 
2014-07-09T15:59:15.136+0200: 69.048: [GC [PSYoungGen: 25668K->1088K(27648K)] 36659K->12087K(60416K), 0.0008924 secs] [Times: user=0.00 sys=0.00, real=0.00 secs] 
2014-07-09T15:59:15.197+0200: 69.109: [GC [PSYoungGen: 23587K->5090K(27648K)] 34586K->18178K(60416K), 0.0092192 secs] [Times: user=0.03 sys=0.00, real=0.01 secs] 
2014-07-09T15:59:15.294+0200: 69.205: [GC [PSYoungGen: 27612K->2881K(27648K)] 40700K->15977K(60416K), 0.0037982 secs] [Times: user=0.00 sys=0.00, real=0.00 secs] 
2014-07-09T15:59:15.391+0200: 69.303: [GC [PSYoungGen: 25380K->768K(27648K)] 38476K->13872K(60416K), 0.0020315 secs] [Times: user=0.02 sys=0.00, real=0.00 secs] 
2014-07-09T15:59:15.488+0200: 69.400: [GC [PSYoungGen: 23270K->5090K(27648K)] 36374K->18938K(60416K), 0.0044930 secs] [Times: user=0.00 sys=0.00, real=0.01 secs] 
2014-07-09T15:59:15.588+0200: 69.499: [GC [PSYoungGen: 27589K->3713K(27648K)] 41437K->17570K(60416K), 0.0024824 secs] [Times: user=0.00 sys=0.00, real=0.00 secs] 
2014-07-09T15:59:15.687+0200: 69.599: [GC [PSYoungGen: 26212K->1600K(27648K)] 40069K->15465K(60416K), 0.0021979 secs] [Times: user=0.01 sys=0.00, real=0.00 secs] 
2014-07-09T15:59:15.751+0200: 69.662: [GC [PSYoungGen: 24108K->5090K(27648K)] 37973K->19987K(60416K), 0.0092562 secs] [Times: user=0.02 sys=0.00, real=0.01 secs] 
2014-07-09T15:59:15.837+0200: 69.748: [GC [PSYoungGen: 27589K->4033K(27648K)] 42486K->18938K(60416K), 0.0026657 secs] [Times: user=0.00 sys=0.00, real=0.00 secs] 
2014-07-09T15:59:15.937+0200: 69.848: [GC [PSYoungGen: 26532K->1920K(27648K)] 41437K->16833K(60416K), 0.0022841 secs] [Times: user=0.02 sys=0.00, real=0.00 secs] 
2014-07-09T15:59:15.998+0200: 69.909: [GC [PSYoungGen: 24431K->5090K(27648K)] 39344K->21388K(60416K), 0.0085754 secs] [Times: user=0.02 sys=0.00, real=0.01 secs] 
2014-07-09T15:59:16.090+0200: 70.002: [GC [PSYoungGen: 27589K->4354K(27648K)] 43886K->20659K(60416K), 0.0034910 secs] [Times: user=0.00 sys=0.00, real=0.00 secs] 
2014-07-09T15:59:16.193+0200: 70.104: [GC [PSYoungGen: 26862K->1600K(27648K)] 43168K->17914K(60416K), 0.0025381 secs] [Times: user=0.00 sys=0.00, real=0.00 secs] 
2014-07-09T15:59:16.290+0200: 70.201: [GC [PSYoungGen: 24105K->5090K(27648K)] 40418K->22980K(60416K), 0.0085152 secs] [Times: user=0.03 sys=0.00, real=0.01 secs] 
2014-07-09T15:59:16.388+0200: 70.300: [GC [PSYoungGen: 27589K->4546K(27648K)] 45479K->22444K(60416K), 0.0060545 secs] [Times: user=0.03 sys=0.00, real=0.01 secs] 
2014-07-09T15:59:16.487+0200: 70.398: [GC [PSYoungGen: 27048K->1408K(27648K)] 44946K->19314K(60416K), 0.0019336 secs] [Times: user=0.00 sys=0.00, real=0.00 secs] 
2014-07-09T15:59:16.540+0200: 70.452: [GC [PSYoungGen: 23907K->5090K(27648K)] 41813K->25405K(60416K), 0.0098391 secs] [Times: user=0.03 sys=0.00, real=0.01 secs] 
2014-07-09T15:59:16.637+0200: 70.549: [GC [PSYoungGen: 27589K->5090K(27648K)] 47904K->25702K(60416K), 0.0039588 secs] [Times: user=0.03 sys=0.00, real=0.00 secs] 
2014-07-09T15:59:16.737+0200: 70.649: [GC [PSYoungGen: 27604K->1184K(27648K)] 48216K->21804K(60416K), 0.0405803 secs] [Times: user=0.03 sys=0.00, real=0.04 secs] 
2014-07-09T15:59:16.796+0200: 70.707: [GC [PSYoungGen: 23683K->5090K(27648K)] 44303K->27927K(60416K), 0.0070033 secs] [Times: user=0.01 sys=0.00, real=0.01 secs] 
2014-07-09T15:59:16.897+0200: 70.808: [GC [PSYoungGen: 27589K->5090K(27648K)] 50426K->27999K(60416K), 0.0110090 secs] [Times: user=0.02 sys=0.00, real=0.01 secs] 
2014-07-09T15:59:16.993+0200: 70.905: [GC [PSYoungGen: 27592K->2048K(27648K)] 50501K->24965K(60416K), 0.0031094 secs] [Times: user=0.00 sys=0.00, real=0.00 secs] 
2014-07-09T15:59:17.089+0200: 71.001: [GC [PSYoungGen: 24547K->5090K(27648K)] 47464K->31056K(60416K), 0.0067492 secs] [Times: user=0.01 sys=0.00, real=0.01 secs] 
2014-07-09T15:59:17.190+0200: 71.101: [GC [PSYoungGen: 27589K->5090K(27648K)] 53555K->31993K(60416K), 0.0042521 secs] [Times: user=0.00 sys=0.00, real=0.00 secs] 
2014-07-09T15:59:17.287+0200: 71.199: [GC [PSYoungGen: 27606K->2241K(27648K)] 54509K->29151K(60416K), 0.0027105 secs] [Times: user=0.00 sys=0.00, real=0.00 secs] 
2014-07-09T15:59:17.386+0200: 71.298: [GC [PSYoungGen: 24740K->96K(27648K)] 51650K->27022K(60416K), 0.0008183 secs] [Times: user=0.00 sys=0.00, real=0.00 secs] 
2014-07-09T15:59:17.439+0200: 71.351: [GC [PSYoungGen: 22593K->5090K(27648K)] 49519K->33145K(60416K), 0.0081563 secs] [Times: user=0.00 sys=0.00, real=0.01 secs] 
2014-07-09T15:59:17.538+0200: 71.449: [GC [PSYoungGen: 27598K->2561K(27648K)] 55653K->30624K(60416K), 0.0029396 secs] [Times: user=0.00 sys=0.00, real=0.00 secs] 
2014-07-09T15:59:17.636+0200: 71.548: [GC [PSYoungGen: 25060K->448K(27648K)] 53123K->28519K(60416K), 0.0016773 secs] [Times: user=0.00 sys=0.00, real=0.00 secs] 
2014-07-09T15:59:17.697+0200: 71.609: [GC [PSYoungGen: 22947K->5090K(27648K)] 51018K->34578K(60416K), 0.0213655 secs] [Times: user=0.03 sys=0.00, real=0.02 secs] 
2014-07-09T15:59:17.791+0200: 71.703: [GC [PSYoungGen: 27598K->2881K(27648K)] 57086K->32377K(60416K), 0.0023387 secs] [Times: user=0.00 sys=0.00, real=0.00 secs] 
2014-07-09T15:59:17.892+0200: 71.803: [GC [PSYoungGen: 25380K->768K(27648K)] 54876K->30272K(60416K), 0.0023343 secs] [Times: user=0.00 sys=0.00, real=0.00 secs] 
2014-07-09T15:59:17.989+0200: 71.900: [GC [PSYoungGen: 23270K->5090K(27648K)] 52774K->35338K(60416K), 0.0077783 secs] [Times: user=0.00 sys=0.00, real=0.01 secs] 
2014-07-09T15:59:18.088+0200: 71.999: [GC [PSYoungGen: 27589K->3713K(27648K)] 57837K->33970K(60416K), 0.0044175 secs] [Times: user=0.03 sys=0.00, real=0.00 secs] 
2014-07-09T15:59:18.187+0200: 72.099: [GC [PSYoungGen: 26212K->1600K(27648K)] 56469K->31865K(60416K), 0.0022441 secs] [Times: user=0.00 sys=0.00, real=0.00 secs] 
2014-07-09T15:59:18.238+0200: 72.149: [GC [PSYoungGen: 24122K->5090K(27648K)] 54386K->35778K(60416K), 0.0043379 secs] [Times: user=0.00 sys=0.00, real=0.00 secs] 
2014-07-09T15:59:18.242+0200: 72.154: [Full GC [PSYoungGen: 5090K->0K(27648K)] [ParOldGen: 30688K->6506K(32768K)] 35778K->6506K(60416K) [PSPermGen: 2476K->2476K(21504K)], 0.0123535 secs] [Times: user=0.02 sys=0.00, real=0.01 secs] 
2014-07-09T15:59:18.343+0200: 72.254: [GC [PSYoungGen: 22498K->3361K(27648K)] 29005K->9868K(60416K), 0.0027116 secs] [Times: user=0.00 sys=0.00, real=0.00 secs] 
2014-07-09T15:59:18.436+0200: 72.348: [GC [PSYoungGen: 25866K->256K(27648K)] 32373K->6771K(60416K), 0.0006937 secs] [Times: user=0.00 sys=0.00, real=0.00 secs] 
2014-07-09T15:59:18.496+0200: 72.408: [GC [PSYoungGen: 22755K->5090K(27648K)] 29269K->12861K(60416K), 0.0085867 secs] [Times: user=0.02 sys=0.00, real=0.01 secs] 
2014-07-09T15:59:18.594+0200: 72.506: [GC [PSYoungGen: 27589K->4226K(27648K)] 35360K->12005K(60416K), 0.0054565 secs] [Times: user=0.00 sys=0.00, real=0.01 secs] 
2014-07-09T15:59:18.692+0200: 72.604: [GC [PSYoungGen: 26723K->2113K(27648K)] 34502K->9900K(60416K), 0.0031061 secs] [Times: user=0.00 sys=0.00, real=0.00 secs] 
2014-07-09T15:59:18.792+0200: 72.703: [GC [PSYoungGen: 24621K->5090K(27648K)] 32408K->14454K(60416K), 0.0060534 secs] [Times: user=0.02 sys=0.00, real=0.01 secs] 
2014-07-09T15:59:18.887+0200: 72.799: [GC [PSYoungGen: 27589K->4546K(27648K)] 36953K->13918K(60416K), 0.0030899 secs] [Times: user=0.00 sys=0.00, real=0.00 secs] 
2014-07-09T15:59:18.987+0200: 72.898: [GC [PSYoungGen: 27054K->896K(27648K)] 36426K->10276K(60416K), 0.0017297 secs] [Times: user=0.00 sys=0.00, real=0.00 secs] 
2014-07-09T15:59:19.040+0200: 72.951: [GC [PSYoungGen: 23395K->5090K(27648K)] 32775K->16367K(60416K), 0.0092635 secs] [Times: user=0.03 sys=0.00, real=0.01 secs] 
2014-07-09T15:59:19.138+0200: 73.049: [GC [PSYoungGen: 27589K->4866K(27648K)] 38866K->16151K(60416K), 0.0034950 secs] [Times: user=0.00 sys=0.00, real=0.00 secs] 
2014-07-09T15:59:19.236+0200: 73.148: [GC [PSYoungGen: 27380K->1056K(27648K)] 38665K->12349K(60416K), 0.0026126 secs] [Times: user=0.00 sys=0.00, real=0.00 secs] 
2014-07-09T15:59:19.298+0200: 73.210: [GC [PSYoungGen: 23555K->5090K(27648K)] 34848K->18472K(60416K), 0.0094787 secs] [Times: user=0.02 sys=0.00, real=0.01 secs] 
2014-07-09T15:59:19.392+0200: 73.304: [GC [PSYoungGen: 27589K->5026K(27648K)] 40971K->18416K(60416K), 0.0085471 secs] [Times: user=0.00 sys=0.00, real=0.01 secs] 
2014-07-09T15:59:19.491+0200: 73.403: [GC [PSYoungGen: 27528K->1920K(27648K)] 40919K->15319K(60416K), 0.0033436 secs] [Times: user=0.02 sys=0.00, real=0.00 secs] 
2014-07-09T15:59:19.590+0200: 73.502: [GC [PSYoungGen: 24419K->5090K(27648K)] 37818K->21410K(60416K), 0.0100793 secs] [Times: user=0.00 sys=0.00, real=0.01 secs] 
2014-07-09T15:59:19.689+0200: 73.601: [GC [PSYoungGen: 27589K->5090K(27648K)] 43909K->22218K(60416K), 0.0076210 secs] [Times: user=0.00 sys=0.00, real=0.01 secs] 
2014-07-09T15:59:19.786+0200: 73.698: [GC [PSYoungGen: 27604K->1728K(27648K)] 44732K->18864K(60416K), 0.0013364 secs] [Times: user=0.00 sys=0.00, real=0.00 secs] 
2014-07-09T15:59:19.838+0200: 73.750: [GC [PSYoungGen: 24227K->5090K(27648K)] 41363K->24955K(60416K), 0.0059155 secs] [Times: user=0.03 sys=0.00, real=0.01 secs] 
2014-07-09T15:59:19.940+0200: 73.852: [GC [PSYoungGen: 27594K->4642K(27648K)] 47460K->24515K(60416K), 0.0049920 secs] [Times: user=0.00 sys=0.00, real=0.00 secs] 
2014-07-09T15:59:20.038+0200: 73.949: [GC [PSYoungGen: 27141K->2561K(27648K)] 47014K->22442K(60416K), 0.0031423 secs] [Times: user=0.01 sys=0.00, real=0.00 secs] 
2014-07-09T15:59:20.137+0200: 74.049: [GC [PSYoungGen: 25060K->448K(27648K)] 44941K->20337K(60416K), 0.0016366 secs] [Times: user=0.00 sys=0.00, real=0.00 secs] 
2014-07-09T15:59:20.199+0200: 74.111: [GC [PSYoungGen: 22947K->5090K(27648K)] 42836K->26428K(60416K), 0.0088723 secs] [Times: user=0.00 sys=0.00, real=0.01 secs] 
2014-07-09T15:59:20.294+0200: 74.205: [GC [PSYoungGen: 27603K->2753K(27648K)] 48941K->24099K(60416K), 0.0102827 secs] [Times: user=0.00 sys=0.00, real=0.01 secs] 
2014-07-09T15:59:20.389+0200: 74.299: [GC [PSYoungGen: 25252K->640K(27648K)] 46598K->21994K(60416K), 0.0009353 secs] [Times: user=0.00 sys=0.00, real=0.00 secs] 
2014-07-09T15:59:20.490+0200: 74.401: [GC [PSYoungGen: 23148K->5090K(27648K)] 44502K->26516K(60416K), 0.0101500 secs] [Times: user=0.01 sys=0.00, real=0.01 secs] 
2014-07-09T15:59:20.586+0200: 74.497: [GC [PSYoungGen: 27589K->3073K(27648K)] 49015K->24507K(60416K), 0.0027270 secs] [Times: user=0.03 sys=0.00, real=0.00 secs] 
2014-07-09T15:59:20.686+0200: 74.597: [GC [PSYoungGen: 25572K->960K(27648K)] 47006K->22402K(60416K), 0.0020729 secs] [Times: user=0.00 sys=0.00, real=0.00 secs] 
2014-07-09T15:59:20.738+0200: 74.649: [GC [PSYoungGen: 23468K->5090K(27648K)] 44910K->26924K(60416K), 0.0186330 secs] [Times: user=0.02 sys=0.00, real=0.02 secs] 
2014-07-09T15:59:20.837+0200: 74.747: [GC [PSYoungGen: 27589K->3393K(27648K)] 49423K->25235K(60416K), 0.0033715 secs] [Times: user=0.03 sys=0.00, real=0.00 secs] 
2014-07-09T15:59:20.937+0200: 74.847: [GC [PSYoungGen: 25892K->1280K(27648K)] 47734K->23130K(60416K), 0.0028729 secs] [Times: user=0.00 sys=0.00, real=0.00 secs] 
2014-07-09T15:59:20.998+0200: 74.909: [GC [PSYoungGen: 23785K->5090K(27648K)] 45635K->28197K(60416K), 0.0083121 secs] [Times: user=0.00 sys=0.00, real=0.01 secs] 
2014-07-09T15:59:21.097+0200: 75.008: [GC [PSYoungGen: 27589K->4226K(27648K)] 50696K->27340K(60416K), 0.0056079 secs] [Times: user=0.01 sys=0.00, real=0.01 secs] 
2014-07-09T15:59:21.193+0200: 75.104: [GC [PSYoungGen: 26739K->960K(27648K)] 49854K->24083K(60416K), 0.0032564 secs] [Times: user=0.00 sys=0.00, real=0.00 secs] 
2014-07-09T15:59:21.290+0200: 75.201: [GC [PSYoungGen: 23462K->5090K(27648K)] 46585K->29149K(60416K), 0.0095165 secs] [Times: user=0.00 sys=0.00, real=0.01 secs] 
2014-07-09T15:59:21.388+0200: 75.299: [GC [PSYoungGen: 27589K->3905K(27648K)] 51648K->27973K(60416K), 0.0047339 secs] [Times: user=0.00 sys=0.00, real=0.00 secs] 
2014-07-09T15:59:21.486+0200: 75.397: [GC [PSYoungGen: 26410K->768K(27648K)] 50477K->24843K(60416K), 0.0020960 secs] [Times: user=0.00 sys=0.00, real=0.00 secs] 
2014-07-09T15:59:21.540+0200: 75.451: [GC [PSYoungGen: 23267K->5090K(27648K)] 47342K->30934K(60416K), 0.0091975 secs] [Times: user=0.00 sys=0.00, real=0.01 secs] 
2014-07-09T15:59:21.638+0200: 75.549: [GC [PSYoungGen: 27589K->4706K(27648K)] 53433K->30558K(60416K), 0.0129793 secs] [Times: user=0.01 sys=0.00, real=0.01 secs] 
2014-07-09T15:59:21.736+0200: 75.647: [GC [PSYoungGen: 27214K->1056K(27648K)] 53066K->26916K(60416K), 0.0123875 secs] [Times: user=0.02 sys=0.00, real=0.01 secs] 
2014-07-09T15:59:21.793+0200: 75.704: [GC [PSYoungGen: 23555K->5090K(27648K)] 49415K->33007K(60416K), 0.0388356 secs] [Times: user=0.00 sys=0.00, real=0.04 secs] 
2014-07-09T15:59:21.894+0200: 75.805: [GC [PSYoungGen: 27589K->5058K(27648K)] 55506K->32983K(60416K), 0.0077728 secs] [Times: user=0.03 sys=0.00, real=0.01 secs] 
2014-07-09T15:59:21.992+0200: 75.903: [GC [PSYoungGen: 27566K->1408K(27648K)] 55491K->29341K(60416K), 0.0041322 secs] [Times: user=0.00 sys=0.00, real=0.00 secs] 
2014-07-09T15:59:22.092+0200: 76.003: [GC [PSYoungGen: 23907K->5090K(27648K)] 51840K->35400K(60416K), 0.0088764 secs] [Times: user=0.02 sys=0.00, real=0.01 secs] 
2014-07-09T15:59:22.101+0200: 76.012: [Full GC [PSYoungGen: 5090K->0K(27648K)] [ParOldGen: 30310K->8152K(32768K)] 35400K->8152K(60416K) [PSPermGen: 2476K->2476K(21504K)], 0.0143673 secs] [Times: user=0.00 sys=0.00, real=0.01 secs] 
2014-07-09T15:59:22.200+0200: 76.111: [GC [PSYoungGen: 22498K->5090K(27648K)] 30651K->13531K(60416K), 0.0039834 secs] [Times: user=0.00 sys=0.00, real=0.00 secs] 
2014-07-09T15:59:22.288+0200: 76.199: [GC [PSYoungGen: 27603K->1600K(27648K)] 36044K->10049K(60416K), 0.0030943 secs] [Times: user=0.01 sys=0.00, real=0.00 secs] 
2014-07-09T15:59:22.338+0200: 76.249: [GC [PSYoungGen: 24099K->5090K(27648K)] 32548K->16140K(60416K), 0.0057890 secs] [Times: user=0.00 sys=0.00, real=0.01 secs] 
2014-07-09T15:59:22.437+0200: 76.348: [GC [PSYoungGen: 27589K->5090K(27648K)] 38639K->16628K(60416K), 0.0042910 secs] [Times: user=0.00 sys=0.00, real=0.00 secs] 
2014-07-09T15:59:22.537+0200: 76.448: [GC [PSYoungGen: 27594K->2433K(27648K)] 39133K->13979K(60416K), 0.0017686 secs] [Times: user=0.03 sys=0.00, real=0.00 secs] 
2014-07-09T15:59:22.636+0200: 76.547: [GC [PSYoungGen: 24932K->320K(27648K)] 36478K->11874K(60416K), 0.0015120 secs] [Times: user=0.00 sys=0.00, real=0.00 secs] 
2014-07-09T15:59:22.697+0200: 76.608: [GC [PSYoungGen: 22834K->4354K(27648K)] 34388K->15916K(60416K), 0.0057711 secs] [Times: user=0.00 sys=0.00, real=0.01 secs] 
2014-07-09T15:59:22.798+0200: 76.709: [GC [PSYoungGen: 26853K->2241K(27648K)] 38415K->13811K(60416K), 0.0023713 secs] [Times: user=0.00 sys=0.00, real=0.00 secs] 
2014-07-09T15:59:22.891+0200: 76.802: [GC [PSYoungGen: 24740K->128K(27648K)] 36310K->11714K(60416K), 0.0015105 secs] [Times: user=0.00 sys=0.00, real=0.00 secs] 
2014-07-09T15:59:22.989+0200: 76.900: [GC [PSYoungGen: 22630K->5090K(27648K)] 34217K->16781K(60416K), 0.0070297 secs] [Times: user=0.03 sys=0.00, real=0.01 secs] 
2014-07-09T15:59:23.087+0200: 76.998: [GC [PSYoungGen: 27589K->3073K(27648K)] 39280K->14772K(60416K), 0.0048332 secs] [Times: user=0.00 sys=0.00, real=0.01 secs] 
2014-07-09T15:59:23.186+0200: 77.097: [GC [PSYoungGen: 25572K->928K(27648K)] 37271K->12635K(60416K), 0.0021246 secs] [Times: user=0.00 sys=0.00, real=0.00 secs] 
2014-07-09T15:59:23.237+0200: 77.148: [GC [PSYoungGen: 23442K->5090K(27648K)] 35149K->17093K(60416K), 0.0043049 secs] [Times: user=0.02 sys=0.00, real=0.00 secs] 
2014-07-09T15:59:23.337+0200: 77.248: [GC [PSYoungGen: 27589K->3265K(27648K)] 39592K->15276K(60416K), 0.0023537 secs] [Times: user=0.00 sys=0.00, real=0.00 secs] 
2014-07-09T15:59:23.436+0200: 77.347: [GC [PSYoungGen: 25764K->1152K(27648K)] 37775K->13171K(60416K), 0.0020575 secs] [Times: user=0.00 sys=0.00, real=0.00 secs] 
2014-07-09T15:59:23.497+0200: 77.408: [GC [PSYoungGen: 23660K->5090K(27648K)] 35679K->17725K(60416K), 0.0081864 secs] [Times: user=0.00 sys=0.00, real=0.01 secs] 
2014-07-09T15:59:23.594+0200: 77.505: [GC [PSYoungGen: 27589K->3585K(27648K)] 40224K->16228K(60416K), 0.0046873 secs] [Times: user=0.02 sys=0.00, real=0.00 secs] 
2014-07-09T15:59:23.692+0200: 77.603: [GC [PSYoungGen: 26090K->960K(27648K)] 38733K->13611K(60416K), 0.0028567 secs] [Times: user=0.03 sys=0.00, real=0.00 secs] 
2014-07-09T15:59:23.826+0200: 77.737: [GC [PSYoungGen: 23462K->5090K(27648K)] 36113K->18645K(60416K), 0.0060317 secs] [Times: user=0.00 sys=0.01, real=0.01 secs] 
2014-07-09T15:59:23.887+0200: 77.798: [GC [PSYoungGen: 27589K->3905K(27648K)] 41144K->17469K(60416K), 0.0026511 secs] [Times: user=0.00 sys=0.00, real=0.00 secs] 
2014-07-09T15:59:23.987+0200: 77.898: [GC [PSYoungGen: 26410K->768K(27648K)] 39973K->14339K(60416K), 0.0017378 secs] [Times: user=0.00 sys=0.00, real=0.00 secs] 
2014-07-09T15:59:24.040+0200: 77.951: [GC [PSYoungGen: 23267K->5090K(27648K)] 36838K->20430K(60416K), 0.0086245 secs] [Times: user=0.00 sys=0.00, real=0.01 secs] 
2014-07-09T15:59:24.139+0200: 78.050: [GC [PSYoungGen: 27589K->4738K(27648K)] 42929K->20086K(60416K), 0.0059822 secs] [Times: user=0.00 sys=0.00, real=0.01 secs] 
2014-07-09T15:59:24.236+0200: 78.147: [GC [PSYoungGen: 27257K->448K(27648K)] 42605K->15804K(60416K), 0.0015002 secs] [Times: user=0.02 sys=0.00, real=0.00 secs] 
2014-07-09T15:59:24.300+0200: 78.211: [GC [PSYoungGen: 22947K->5090K(27648K)] 38303K->21895K(60416K), 0.0089435 secs] [Times: user=0.03 sys=0.00, real=0.01 secs] 
2014-07-09T15:59:24.392+0200: 78.303: [GC [PSYoungGen: 27589K->4386K(27648K)] 44394K->21199K(60416K), 0.0116220 secs] [Times: user=0.02 sys=0.00, real=0.01 secs] 
2014-07-09T15:59:24.490+0200: 78.401: [GC [PSYoungGen: 26888K->1280K(27648K)] 43701K->18101K(60416K), 0.0010878 secs] [Times: user=0.00 sys=0.00, real=0.00 secs] 
2014-07-09T15:59:24.588+0200: 78.499: [GC [PSYoungGen: 23779K->5090K(27648K)] 40600K->24192K(60416K), 0.0064467 secs] [Times: user=0.00 sys=0.00, real=0.01 secs] 
2014-07-09T15:59:24.689+0200: 78.600: [GC [PSYoungGen: 27589K->5090K(27648K)] 46691K->24360K(60416K), 0.0076001 secs] [Times: user=0.03 sys=0.00, real=0.01 secs] 
2014-07-09T15:59:24.786+0200: 78.697: [GC [PSYoungGen: 27598K->1600K(27648K)] 46868K->20878K(60416K), 0.0009290 secs] [Times: user=0.00 sys=0.00, real=0.00 secs] 
2014-07-09T15:59:24.841+0200: 78.752: [GC [PSYoungGen: 24099K->5090K(27648K)] 43377K->26969K(60416K), 0.0106002 secs] [Times: user=0.03 sys=0.00, real=0.01 secs] 
2014-07-09T15:59:24.938+0200: 78.849: [GC [PSYoungGen: 27589K->5090K(27648K)] 49468K->27426K(60416K), 0.0200731 secs] [Times: user=0.02 sys=0.00, real=0.02 secs] 
2014-07-09T15:59:25.036+0200: 78.947: [GC [PSYoungGen: 27598K->1920K(27648K)] 49934K->24264K(60416K), 0.0010606 secs] [Times: user=0.00 sys=0.00, real=0.00 secs] 
2014-07-09T15:59:25.094+0200: 79.005: [GC [PSYoungGen: 24419K->5090K(27648K)] 46763K->30323K(60416K), 0.0071591 secs] [Times: user=0.02 sys=0.00, real=0.01 secs] 
2014-07-09T15:59:25.196+0200: 79.107: [GC [PSYoungGen: 27589K->5090K(27648K)] 52822K->31131K(60416K), 0.0079191 secs] [Times: user=0.00 sys=0.00, real=0.01 secs] 
2014-07-09T15:59:25.294+0200: 79.205: [GC [PSYoungGen: 27606K->2113K(27648K)] 53648K->28162K(60416K), 0.0039761 secs] [Times: user=0.00 sys=0.00, real=0.00 secs] 
2014-07-09T15:59:25.389+0200: 79.300: [GC [PSYoungGen: 24609K->5090K(27648K)] 50659K->34253K(60416K), 0.0067642 secs] [Times: user=0.03 sys=0.00, real=0.01 secs] 
2014-07-09T15:59:25.493+0200: 79.404: [GC [PSYoungGen: 27594K->5026K(27648K)] 56757K->34197K(60416K), 0.0055551 secs] [Times: user=0.00 sys=0.00, real=0.01 secs] 
2014-07-09T15:59:25.587+0200: 79.498: [GC [PSYoungGen: 27525K->2945K(27648K)] 56696K->32124K(60416K), 0.0035416 secs] [Times: user=0.00 sys=0.00, real=0.00 secs] 
2014-07-09T15:59:25.687+0200: 79.598: [GC [PSYoungGen: 25444K->832K(27648K)] 54623K->30019K(60416K), 0.0019255 secs] [Times: user=0.02 sys=0.00, real=0.00 secs] 
2014-07-09T15:59:25.749+0200: 79.660: [GC [PSYoungGen: 23346K->4866K(27648K)] 52533K->34061K(60416K), 0.0068273 secs] [Times: user=0.03 sys=0.00, real=0.01 secs] 
2014-07-09T15:59:25.836+0200: 79.747: [GC [PSYoungGen: 27365K->2753K(27648K)] 56560K->31956K(60416K), 0.0014856 secs] [Times: user=0.00 sys=0.00, real=0.00 secs] 
2014-07-09T15:59:25.936+0200: 79.847: [GC [PSYoungGen: 25279K->832K(27648K)] 54482K->30043K(60416K), 0.0015952 secs] [Times: user=0.00 sys=0.00, real=0.00 secs] 
2014-07-09T15:59:25.997+0200: 79.908: [GC [PSYoungGen: 23339K->5090K(27648K)] 52550K->34949K(60416K), 0.0078572 secs] [Times: user=0.03 sys=0.00, real=0.01 secs] 
2014-07-09T15:59:26.093+0200: 80.004: [GC [PSYoungGen: 27589K->3617K(27648K)] 57448K->33485K(60416K), 0.0033081 secs] [Times: user=0.03 sys=0.00, real=0.00 secs] 
2014-07-09T15:59:26.192+0200: 80.104: [GC [PSYoungGen: 26116K->1504K(27648K)] 55984K->31380K(60416K), 0.0026830 secs] [Times: user=0.00 sys=0.00, real=0.00 secs] 
2014-07-09T15:59:26.288+0200: 80.199: [GC [PSYoungGen: 24017K->5090K(27648K)] 53893K->35806K(60416K), 0.0048028 secs] [Times: user=0.00 sys=0.00, real=0.00 secs] 
2014-07-09T15:59:26.293+0200: 80.204: [Full GC [PSYoungGen: 5090K->0K(27648K)] [ParOldGen: 30715K->6926K(32768K)] 35806K->6926K(60416K) [PSPermGen: 2476K->2476K(21504K)], 0.0127406 secs] [Times: user=0.02 sys=0.00, real=0.01 secs] 
2014-07-09T15:59:26.388+0200: 80.299: [GC [PSYoungGen: 22498K->3809K(27648K)] 29425K->10736K(60416K), 0.0045469 secs] [Times: user=0.03 sys=0.00, real=0.00 secs] 
2014-07-09T15:59:26.486+0200: 80.397: [GC [PSYoungGen: 26320K->160K(27648K)] 33246K->7094K(60416K), 0.0013367 secs] [Times: user=0.00 sys=0.00, real=0.00 secs] 
2014-07-09T15:59:26.538+0200: 80.449: [GC [PSYoungGen: 22659K->5090K(27648K)] 29593K->13185K(60416K), 0.0050246 secs] [Times: user=0.00 sys=0.00, real=0.00 secs] 
2014-07-09T15:59:26.637+0200: 80.548: [GC [PSYoungGen: 27587K->4129K(27648K)] 35682K->12233K(60416K), 0.0033634 secs] [Times: user=0.00 sys=0.00, real=0.00 secs] 
2014-07-09T15:59:26.736+0200: 80.647: [GC [PSYoungGen: 26638K->448K(27648K)] 34741K->8559K(60416K), 0.0007981 secs] [Times: user=0.00 sys=0.00, real=0.00 secs] 
2014-07-09T15:59:26.792+0200: 80.703: [GC [PSYoungGen: 22947K->5090K(27648K)] 31058K->14682K(60416K), 0.0052292 secs] [Times: user=0.02 sys=0.00, real=0.00 secs] 
2014-07-09T15:59:26.896+0200: 80.808: [GC [PSYoungGen: 27589K->4450K(27648K)] 37181K->14049K(60416K), 0.0046514 secs] [Times: user=0.00 sys=0.00, real=0.01 secs] 
2014-07-09T15:59:26.993+0200: 80.905: [GC [PSYoungGen: 26952K->1312K(27648K)] 36552K->10920K(60416K), 0.0022848 secs] [Times: user=0.00 sys=0.00, real=0.00 secs] 
2014-07-09T15:59:27.090+0200: 81.001: [GC [PSYoungGen: 23811K->5090K(27648K)] 33419K->17011K(60416K), 0.0097838 secs] [Times: user=0.03 sys=0.00, real=0.01 secs] 
2014-07-09T15:59:27.191+0200: 81.102: [GC [PSYoungGen: 27589K->5090K(27648K)] 39510K->17179K(60416K), 0.0196511 secs] [Times: user=0.02 sys=0.00, real=0.02 secs] 
2014-07-09T15:59:27.287+0200: 81.198: [GC [PSYoungGen: 27612K->992K(27648K)] 39701K->13089K(60416K), 0.0021000 secs] [Times: user=0.00 sys=0.00, real=0.00 secs] 
2014-07-09T15:59:27.338+0200: 81.249: [GC [PSYoungGen: 23491K->5090K(27648K)] 35588K->19180K(60416K), 0.0060695 secs] [Times: user=0.03 sys=0.00, real=0.01 secs] 
2014-07-09T15:59:27.439+0200: 81.350: [GC [PSYoungGen: 27589K->4962K(27648K)] 41679K->19060K(60416K), 0.0061938 secs] [Times: user=0.00 sys=0.00, real=0.01 secs] 
2014-07-09T15:59:27.537+0200: 81.448: [GC [PSYoungGen: 27464K->1824K(27648K)] 41562K->15930K(60416K), 0.0021338 secs] [Times: user=0.00 sys=0.00, real=0.00 secs] 
2014-07-09T15:59:27.598+0200: 81.509: [GC [PSYoungGen: 24323K->5090K(27648K)] 38429K->22021K(60416K), 0.0104144 secs] [Times: user=0.02 sys=0.00, real=0.01 secs] 
2014-07-09T15:59:27.695+0200: 81.606: [GC [PSYoungGen: 27589K->5090K(27648K)] 44520K->22734K(60416K), 0.0080423 secs] [Times: user=0.03 sys=0.00, real=0.01 secs] 
2014-07-09T15:59:27.801+0200: 81.712: [GC [PSYoungGen: 27600K->2113K(27648K)] 45244K->19764K(60416K), 0.0217684 secs] [Times: user=0.02 sys=0.00, real=0.02 secs] 
2014-07-09T15:59:27.889+0200: 81.801: [GC [PSYoungGen: 24609K->5090K(27648K)] 42261K->25887K(60416K), 0.0111051 secs] [Times: user=0.00 sys=0.00, real=0.01 secs] 
2014-07-09T15:59:27.987+0200: 81.898: [GC [PSYoungGen: 27601K->4578K(27648K)] 48398K->25383K(60416K), 0.0036237 secs] [Times: user=0.00 sys=0.00, real=0.00 secs] 
2014-07-09T15:59:28.087+0200: 81.998: [GC [PSYoungGen: 27077K->2465K(27648K)] 47882K->23278K(60416K), 0.0017169 secs] [Times: user=0.00 sys=0.00, real=0.00 secs] 
2014-07-09T15:59:28.186+0200: 82.097: [GC [PSYoungGen: 24964K->352K(27648K)] 45777K->21173K(60416K), 0.0008102 secs] [Times: user=0.00 sys=0.00, real=0.00 secs] 
2014-07-09T15:59:28.237+0200: 82.149: [GC [PSYoungGen: 22868K->4770K(27648K)] 43689K->25599K(60416K), 0.0038888 secs] [Times: user=0.00 sys=0.00, real=0.00 secs] 
2014-07-09T15:59:28.339+0200: 82.250: [GC [PSYoungGen: 27269K->2657K(27648K)] 48098K->23494K(60416K), 0.0014320 secs] [Times: user=0.00 sys=0.00, real=0.00 secs] 
2014-07-09T15:59:28.436+0200: 82.347: [GC [PSYoungGen: 25180K->704K(27648K)] 46018K->21549K(60416K), 0.0015758 secs] [Times: user=0.00 sys=0.00, real=0.00 secs] 
2014-07-09T15:59:28.492+0200: 82.403: [GC [PSYoungGen: 23211K->5090K(27648K)] 44056K->26487K(60416K), 0.0050440 secs] [Times: user=0.02 sys=0.00, real=0.00 secs] 
2014-07-09T15:59:28.590+0200: 82.502: [GC [PSYoungGen: 27589K->3521K(27648K)] 48986K->24927K(60416K), 0.0033946 secs] [Times: user=0.00 sys=0.00, real=0.00 secs] 
2014-07-09T15:59:28.692+0200: 82.604: [GC [PSYoungGen: 26020K->1408K(27648K)] 47426K->22822K(60416K), 0.0024982 secs] [Times: user=0.00 sys=0.00, real=0.00 secs] 
2014-07-09T15:59:28.787+0200: 82.698: [GC [PSYoungGen: 23922K->5090K(27648K)] 45336K->26864K(60416K), 0.0058114 secs] [Times: user=0.00 sys=0.00, real=0.01 secs] 
2014-07-09T15:59:28.887+0200: 82.799: [GC [PSYoungGen: 27589K->3297K(27648K)] 49363K->25079K(60416K), 0.0040930 secs] [Times: user=0.00 sys=0.00, real=0.00 secs] 
2014-07-09T15:59:28.986+0200: 82.897: [GC [PSYoungGen: 25802K->192K(27648K)] 47583K->21981K(60416K), 0.0006035 secs] [Times: user=0.00 sys=0.00, real=0.00 secs] 
2014-07-09T15:59:29.037+0200: 82.948: [GC [PSYoungGen: 22691K->5090K(27648K)] 44480K->28072K(60416K), 0.0053021 secs] [Times: user=0.02 sys=0.00, real=0.01 secs] 
2014-07-09T15:59:29.139+0200: 83.050: [GC [PSYoungGen: 27587K->4162K(27648K)] 50569K->27152K(60416K), 0.0052160 secs] [Times: user=0.00 sys=0.00, real=0.01 secs] 
2014-07-09T15:59:29.236+0200: 83.147: [GC [PSYoungGen: 26676K->384K(27648K)] 49666K->23382K(60416K), 0.0009364 secs] [Times: user=0.00 sys=0.00, real=0.00 secs] 
2014-07-09T15:59:29.301+0200: 83.212: [GC [PSYoungGen: 22883K->5090K(27648K)] 45881K->29473K(60416K), 0.0054224 secs] [Times: user=0.00 sys=0.00, real=0.00 secs] 
2014-07-09T15:59:29.391+0200: 83.302: [GC [PSYoungGen: 27589K->4354K(27648K)] 51972K->28744K(60416K), 0.0034741 secs] [Times: user=0.00 sys=0.00, real=0.00 secs] 
2014-07-09T15:59:29.490+0200: 83.402: [GC [PSYoungGen: 26862K->704K(27648K)] 51253K->25103K(60416K), 0.0013921 secs] [Times: user=0.00 sys=0.00, real=0.00 secs] 
2014-07-09T15:59:29.588+0200: 83.499: [GC [PSYoungGen: 23203K->5090K(27648K)] 47602K->31194K(60416K), 0.0064002 secs] [Times: user=0.03 sys=0.00, real=0.01 secs] 
2014-07-09T15:59:29.689+0200: 83.600: [GC [PSYoungGen: 27589K->4674K(27648K)] 53693K->30785K(60416K), 0.0072588 secs] [Times: user=0.00 sys=0.00, real=0.01 secs] 
2014-07-09T15:59:29.786+0200: 83.697: [GC [PSYoungGen: 27182K->1024K(27648K)] 53294K->27144K(60416K), 0.0008414 secs] [Times: user=0.00 sys=0.00, real=0.00 secs] 
2014-07-09T15:59:29.838+0200: 83.749: [GC [PSYoungGen: 23523K->5090K(27648K)] 49643K->33235K(60416K), 0.0054917 secs] [Times: user=0.03 sys=0.00, real=0.00 secs] 
2014-07-09T15:59:29.939+0200: 83.850: [GC [PSYoungGen: 27589K->4994K(27648K)] 55734K->33147K(60416K), 0.0070575 secs] [Times: user=0.00 sys=0.00, real=0.01 secs] 
2014-07-09T15:59:30.036+0200: 83.948: [GC [PSYoungGen: 27496K->1856K(27648K)] 55649K->30017K(60416K), 0.0013767 secs] [Times: user=0.00 sys=0.00, real=0.00 secs] 
2014-07-09T15:59:30.092+0200: 84.003: [GC [PSYoungGen: 24355K->5090K(27648K)] 52516K->36108K(60416K), 0.0058308 secs] [Times: user=0.00 sys=0.00, real=0.01 secs] 
2014-07-09T15:59:30.098+0200: 84.009: [Full GC [PSYoungGen: 5090K->0K(27648K)] [ParOldGen: 31018K->8611K(32768K)] 36108K->8611K(60416K) [PSPermGen: 2476K->2476K(21504K)], 0.0105881 secs] [Times: user=0.03 sys=0.00, real=0.01 secs] 
2014-07-09T15:59:30.192+0200: 84.103: [GC [PSYoungGen: 22516K->4162K(27648K)] 31127K->12773K(60416K), 0.0035625 secs] [Times: user=0.00 sys=0.00, real=0.00 secs] 
2014-07-09T15:59:30.293+0200: 84.204: [GC [PSYoungGen: 26664K->1536K(27648K)] 35275K->10155K(60416K), 0.0026551 secs] [Times: user=0.00 sys=0.00, real=0.00 secs] 
2014-07-09T15:59:30.390+0200: 84.301: [GC [PSYoungGen: 24035K->5090K(27648K)] 32654K->16246K(60416K), 0.0096500 secs] [Times: user=0.01 sys=0.00, real=0.01 secs] 
2014-07-09T15:59:30.489+0200: 84.400: [GC [PSYoungGen: 27594K->4482K(27648K)] 38751K->15646K(60416K), 0.0059584 secs] [Times: user=0.00 sys=0.02, real=0.01 secs] 
2014-07-09T15:59:30.596+0200: 84.508: [GC [PSYoungGen: 26981K->2337K(27648K)] 38145K->13509K(60416K), 0.0078480 secs] [Times: user=0.02 sys=0.00, real=0.01 secs] 
2014-07-09T15:59:30.686+0200: 84.598: [GC [PSYoungGen: 24836K->256K(27648K)] 36008K->11436K(60416K), 0.0022100 secs] [Times: user=0.00 sys=0.00, real=0.00 secs] 
2014-07-09T15:59:30.737+0200: 84.649: [GC [PSYoungGen: 22764K->4770K(27648K)] 33944K->15958K(60416K), 0.0173249 secs] [Times: user=0.01 sys=0.00, real=0.02 secs] 
2014-07-09T15:59:30.836+0200: 84.748: [GC [PSYoungGen: 27269K->2657K(27648K)] 38457K->13853K(60416K), 0.0018445 secs] [Times: user=0.01 sys=0.00, real=0.00 secs] 
2014-07-09T15:59:30.936+0200: 84.847: [GC [PSYoungGen: 25156K->576K(27648K)] 36352K->11780K(60416K), 0.0005851 secs] [Times: user=0.00 sys=0.00, real=0.00 secs] 
2014-07-09T15:59:30.996+0200: 84.908: [GC [PSYoungGen: 23084K->5090K(27648K)] 34288K->16334K(60416K), 0.0065842 secs] [Times: user=0.00 sys=0.00, real=0.01 secs] 
2014-07-09T15:59:31.105+0200: 85.017: [GC [PSYoungGen: 27589K->2977K(27648K)] 38833K->14229K(60416K), 0.0113368 secs] [Times: user=0.00 sys=0.00, real=0.01 secs] 
2014-07-09T15:59:31.189+0200: 85.100: [GC [PSYoungGen: 25476K->896K(27648K)] 36728K->12156K(60416K), 0.0010262 secs] [Times: user=0.00 sys=0.00, real=0.00 secs] 
2014-07-09T15:59:31.287+0200: 85.198: [GC [PSYoungGen: 23412K->5090K(27648K)] 34672K->16583K(60416K), 0.0043306 secs] [Times: user=0.02 sys=0.00, real=0.00 secs] 
2014-07-09T15:59:31.388+0200: 85.299: [GC [PSYoungGen: 27589K->3201K(27648K)] 39082K->14702K(60416K), 0.0032263 secs] [Times: user=0.00 sys=0.00, real=0.00 secs] 
2014-07-09T15:59:31.486+0200: 85.398: [GC [PSYoungGen: 25704K->64K(27648K)] 37204K->11572K(60416K), 0.0015868 secs] [Times: user=0.00 sys=0.00, real=0.00 secs] 
2014-07-09T15:59:31.541+0200: 85.452: [GC [PSYoungGen: 22560K->5090K(27648K)] 34069K->17663K(60416K), 0.0075459 secs] [Times: user=0.00 sys=0.00, real=0.01 secs] 
2014-07-09T15:59:31.638+0200: 85.549: [GC [PSYoungGen: 27589K->4001K(27648K)] 40162K->16583K(60416K), 0.0039343 secs] [Times: user=0.00 sys=0.00, real=0.00 secs] 
2014-07-09T15:59:31.700+0200: 85.611: [GC [PSYoungGen: 26527K->384K(27648K)] 39108K->12973K(60416K), 0.0015402 secs] [Times: user=0.00 sys=0.00, real=0.00 secs] 
2014-07-09T15:59:31.793+0200: 85.704: [GC [PSYoungGen: 22903K->5090K(27648K)] 35492K->18552K(60416K), 0.0251634 secs] [Times: user=0.01 sys=0.00, real=0.03 secs] 
2014-07-09T15:59:31.895+0200: 85.807: [GC [PSYoungGen: 27589K->3841K(27648K)] 41050K->17311K(60416K), 0.0072200 secs] [Times: user=0.02 sys=0.00, real=0.01 secs] 
2014-07-09T15:59:31.991+0200: 85.903: [GC [PSYoungGen: 26346K->736K(27648K)] 39815K->14213K(60416K), 0.0026338 secs] [Times: user=0.00 sys=0.00, real=0.00 secs] 
2014-07-09T15:59:32.090+0200: 86.002: [GC [PSYoungGen: 23235K->5090K(27648K)] 36712K->20304K(60416K), 0.0085446 secs] [Times: user=0.00 sys=0.00, real=0.01 secs] 
2014-07-09T15:59:32.189+0200: 86.100: [GC [PSYoungGen: 27589K->4706K(27648K)] 42803K->19928K(60416K), 0.0057036 secs] [Times: user=0.00 sys=0.00, real=0.01 secs] 
2014-07-09T15:59:32.286+0200: 86.197: [GC [PSYoungGen: 27219K->928K(27648K)] 42441K->16158K(60416K), 0.0007311 secs] [Times: user=0.00 sys=0.00, real=0.00 secs] 
2014-07-09T15:59:32.338+0200: 86.250: [GC [PSYoungGen: 23427K->5090K(27648K)] 38657K->22217K(60416K), 0.0062051 secs] [Times: user=0.00 sys=0.00, real=0.01 secs] 
2014-07-09T15:59:32.439+0200: 86.350: [GC [PSYoungGen: 27589K->4898K(27648K)] 44716K->22033K(60416K), 0.0067965 secs] [Times: user=0.03 sys=0.00, real=0.01 secs] 
2014-07-09T15:59:32.537+0200: 86.449: [GC [PSYoungGen: 27406K->1248K(27648K)] 44541K->18391K(60416K), 0.0028864 secs] [Times: user=0.00 sys=0.00, real=0.00 secs] 
2014-07-09T15:59:32.598+0200: 86.511: [GC [PSYoungGen: 23747K->5090K(27648K)] 40890K->24450K(60416K), 0.0064379 secs] [Times: user=0.01 sys=0.00, real=0.01 secs] 
2014-07-09T15:59:32.694+0200: 86.607: [GC [PSYoungGen: 27589K->5090K(27648K)] 46949K->24586K(60416K), 0.0069564 secs] [Times: user=0.00 sys=0.00, real=0.01 secs] 
2014-07-09T15:59:32.791+0200: 86.704: [GC [PSYoungGen: 27598K->1536K(27648K)] 47095K->21041K(60416K), 0.0145583 secs] [Times: user=0.02 sys=0.00, real=0.02 secs] 
2014-07-09T15:59:32.891+0200: 86.803: [GC [PSYoungGen: 24035K->5090K(27648K)] 43540K->27164K(60416K), 0.0092958 secs] [Times: user=0.02 sys=0.00, real=0.01 secs] 
2014-07-09T15:59:32.988+0200: 86.901: [GC [PSYoungGen: 27594K->4514K(27648K)] 49668K->26595K(60416K), 0.0041271 secs] [Times: user=0.02 sys=0.00, real=0.01 secs] 
2014-07-09T15:59:33.088+0200: 87.000: [GC [PSYoungGen: 27013K->2401K(27648K)] 49094K->24490K(60416K), 0.0033700 secs] [Times: user=0.00 sys=0.00, real=0.00 secs] 
2014-07-09T15:59:33.186+0200: 87.099: [GC [PSYoungGen: 24900K->288K(27648K)] 46989K->22385K(60416K), 0.0018335 secs] [Times: user=0.00 sys=0.00, real=0.00 secs] 
2014-07-09T15:59:33.238+0200: 87.151: [GC [PSYoungGen: 22806K->4194K(27648K)] 44904K->26299K(60416K), 0.0057403 secs] [Times: user=0.02 sys=0.00, real=0.01 secs] 
2014-07-09T15:59:33.343+0200: 87.255: [GC [PSYoungGen: 26690K->2080K(27648K)] 48796K->24194K(60416K), 0.0016161 secs] [Times: user=0.00 sys=0.00, real=0.00 secs] 
2014-07-09T15:59:33.392+0200: 87.305: [GC [PSYoungGen: 24577K->5090K(27648K)] 46691K->30285K(60416K), 0.0060039 secs] [Times: user=0.03 sys=0.00, real=0.01 secs] 
2014-07-09T15:59:33.496+0200: 87.408: [GC [PSYoungGen: 27594K->5026K(27648K)] 52790K->30229K(60416K), 0.0067730 secs] [Times: user=0.00 sys=0.00, real=0.01 secs] 
2014-07-09T15:59:33.593+0200: 87.506: [GC [PSYoungGen: 27525K->2881K(27648K)] 52728K->28092K(60416K), 0.0243040 secs] [Times: user=0.03 sys=0.00, real=0.03 secs] 
2014-07-09T15:59:33.689+0200: 87.602: [GC [PSYoungGen: 25380K->800K(27648K)] 50591K->26019K(60416K), 0.0011314 secs] [Times: user=0.00 sys=0.00, real=0.00 secs] 
2014-07-09T15:59:33.788+0200: 87.701: [GC [PSYoungGen: 23308K->5090K(27648K)] 48527K->30541K(60416K), 0.0415808 secs] [Times: user=0.02 sys=0.00, real=0.04 secs] 
2014-07-09T15:59:33.886+0200: 87.799: [GC [PSYoungGen: 27589K->3233K(27648K)] 53040K->28692K(60416K), 0.0019307 secs] [Times: user=0.00 sys=0.00, real=0.00 secs] 
2014-07-09T15:59:33.939+0200: 87.851: [GC [PSYoungGen: 25758K->96K(27648K)] 51217K->25571K(60416K), 0.0007798 secs] [Times: user=0.00 sys=0.00, real=0.00 secs] 
2014-07-09T15:59:34.037+0200: 87.950: [GC [PSYoungGen: 22610K->5090K(27648K)] 48085K->31182K(60416K), 0.0080159 secs] [Times: user=0.00 sys=0.00, real=0.01 secs] 
2014-07-09T15:59:34.137+0200: 88.050: [GC [PSYoungGen: 27589K->3585K(27648K)] 53681K->29685K(60416K), 0.0024373 secs] [Times: user=0.00 sys=0.00, real=0.00 secs] 
2014-07-09T15:59:34.198+0200: 88.111: [GC [PSYoungGen: 26109K->320K(27648K)] 52209K->26427K(60416K), 0.0018104 secs] [Times: user=0.00 sys=0.00, real=0.00 secs] 
2014-07-09T15:59:34.297+0200: 88.209: [GC [PSYoungGen: 22839K->5090K(27648K)] 48947K->32038K(60416K), 0.0081992 secs] [Times: user=0.03 sys=0.00, real=0.01 secs] 
2014-07-09T15:59:34.396+0200: 88.308: [GC [PSYoungGen: 27589K->3777K(27648K)] 54537K->30733K(60416K), 0.0294771 secs] [Times: user=0.02 sys=0.02, real=0.03 secs] 
2014-07-09T15:59:34.488+0200: 88.400: [GC [PSYoungGen: 26282K->672K(27648K)] 53238K->27636K(60416K), 0.0024586 secs] [Times: user=0.00 sys=0.00, real=0.00 secs] 
2014-07-09T15:59:34.590+0200: 88.502: [GC [PSYoungGen: 23171K->5090K(27648K)] 50135K->33727K(60416K), 0.0087741 secs] [Times: user=0.03 sys=0.00, real=0.01 secs] 
2014-07-09T15:59:34.689+0200: 88.600: [GC [PSYoungGen: 27589K->4642K(27648K)] 56226K->33287K(60416K), 0.0062271 secs] [Times: user=0.03 sys=0.00, real=0.01 secs] 
2014-07-09T15:59:34.786+0200: 88.697: [GC [PSYoungGen: 27156K->448K(27648K)] 55801K->29101K(60416K), 0.0010137 secs] [Times: user=0.00 sys=0.00, real=0.00 secs] 
2014-07-09T15:59:34.837+0200: 88.749: [GC [PSYoungGen: 22947K->5090K(27648K)] 51599K->35223K(60416K), 0.0052768 secs] [Times: user=0.00 sys=0.00, real=0.01 secs] 
2014-07-09T15:59:34.939+0200: 88.850: [GC [PSYoungGen: 27589K->4450K(27648K)] 57722K->34591K(60416K), 0.0063441 secs] [Times: user=0.03 sys=0.00, real=0.01 secs] 
2014-07-09T15:59:35.037+0200: 88.948: [GC [PSYoungGen: 26952K->1312K(27648K)] 57094K->31462K(60416K), 0.0021253 secs] [Times: user=0.00 sys=0.00, real=0.00 secs] 
2014-07-09T15:59:35.099+0200: 89.011: [GC [PSYoungGen: 23811K->5090K(27648K)] 53961K->37553K(60416K), 0.0097636 secs] [Times: user=0.00 sys=0.00, real=0.01 secs] 
2014-07-09T15:59:35.109+0200: 89.021: [Full GC [PSYoungGen: 5090K->0K(27648K)] [ParOldGen: 32462K->8401K(32768K)] 37553K->8401K(60416K) [PSPermGen: 2476K->2476K(21504K)], 0.0179148 secs] [Times: user=0.03 sys=0.00, real=0.02 secs] 
2014-07-09T15:59:35.196+0200: 89.108: [GC [PSYoungGen: 22498K->5090K(27648K)] 30900K->13684K(60416K), 0.0071932 secs] [Times: user=0.00 sys=0.00, real=0.01 secs] 
2014-07-09T15:59:35.294+0200: 89.205: [GC [PSYoungGen: 27606K->1504K(27648K)] 36200K->10106K(60416K), 0.0023567 secs] [Times: user=0.00 sys=0.00, real=0.00 secs] 
2014-07-09T15:59:35.388+0200: 89.300: [GC [PSYoungGen: 24003K->5090K(27648K)] 32605K->16197K(60416K), 0.0067191 secs] [Times: user=0.00 sys=0.00, real=0.01 secs] 
2014-07-09T15:59:35.489+0200: 89.401: [GC [PSYoungGen: 27598K->3905K(27648K)] 38705K->15020K(60416K), 0.0068713 secs] [Times: user=0.00 sys=0.00, real=0.01 secs] 
2014-07-09T15:59:35.586+0200: 89.498: [GC [PSYoungGen: 26404K->1824K(27648K)] 37519K->12947K(60416K), 0.0009056 secs] [Times: user=0.00 sys=0.00, real=0.00 secs] 
2014-07-09T15:59:35.638+0200: 89.550: [GC [PSYoungGen: 24323K->5090K(27648K)] 35446K->19038K(60416K), 0.0063393 secs] [Times: user=0.03 sys=0.00, real=0.01 secs] 
2014-07-09T15:59:35.739+0200: 89.651: [GC [PSYoungGen: 27600K->4226K(27648K)] 41548K->18182K(60416K), 0.0250482 secs] [Times: user=0.00 sys=0.00, real=0.02 secs] 
2014-07-09T15:59:35.836+0200: 89.748: [GC [PSYoungGen: 26725K->2145K(27648K)] 40681K->16109K(60416K), 0.0010555 secs] [Times: user=0.00 sys=0.00, real=0.00 secs] 
2014-07-09T15:59:35.898+0200: 89.810: [GC [PSYoungGen: 24641K->5090K(27648K)] 38606K->22200K(60416K), 0.0106123 secs] [Times: user=0.03 sys=0.00, real=0.01 secs] 
2014-07-09T15:59:35.992+0200: 89.904: [GC [PSYoungGen: 27595K->5090K(27648K)] 44705K->22208K(60416K), 0.0037777 secs] [Times: user=0.00 sys=0.00, real=0.00 secs] 
2014-07-09T15:59:36.092+0200: 90.003: [GC [PSYoungGen: 27589K->2977K(27648K)] 44707K->20103K(60416K), 0.0026206 secs] [Times: user=0.00 sys=0.01, real=0.00 secs] 
2014-07-09T15:59:36.192+0200: 90.104: [GC [PSYoungGen: 25476K->832K(27648K)] 42602K->17966K(60416K), 0.0191606 secs] [Times: user=0.02 sys=0.00, real=0.02 secs] 
2014-07-09T15:59:36.289+0200: 90.200: [GC [PSYoungGen: 23352K->4770K(27648K)] 40485K->21911K(60416K), 0.0066198 secs] [Times: user=0.00 sys=0.00, real=0.01 secs] 
2014-07-09T15:59:36.387+0200: 90.299: [GC [PSYoungGen: 27269K->2657K(27648K)] 44410K->19806K(60416K), 0.0028758 secs] [Times: user=0.00 sys=0.00, real=0.00 secs] 
2014-07-09T15:59:36.441+0200: 90.353: [GC [PSYoungGen: 25180K->704K(27648K)] 42330K->17861K(60416K), 0.0019779 secs] [Times: user=0.00 sys=0.00, real=0.00 secs] 
2014-07-09T15:59:36.539+0200: 90.451: [GC [PSYoungGen: 23211K->5090K(27648K)] 40369K->22800K(60416K), 0.0076034 secs] [Times: user=0.01 sys=0.00, real=0.01 secs] 
2014-07-09T15:59:36.637+0200: 90.549: [GC [PSYoungGen: 27589K->3521K(27648K)] 45299K->21239K(60416K), 0.0022199 secs] [Times: user=0.00 sys=0.00, real=0.00 secs] 
2014-07-09T15:59:36.701+0200: 90.613: [GC [PSYoungGen: 26029K->5090K(27648K)] 43747K->25793K(60416K), 0.0095572 secs] [Times: user=0.03 sys=0.00, real=0.01 secs] 
2014-07-09T15:59:36.791+0200: 90.703: [GC [PSYoungGen: 27589K->5090K(27648K)] 48292K->26666K(60416K), 0.0047485 secs] [Times: user=0.00 sys=0.00, real=0.01 secs] 
2014-07-09T15:59:36.891+0200: 90.803: [GC [PSYoungGen: 27589K->3841K(27648K)] 49165K->25425K(60416K), 0.0030181 secs] [Times: user=0.00 sys=0.00, real=0.00 secs] 
2014-07-09T15:59:36.991+0200: 90.903: [GC [PSYoungGen: 26352K->160K(27648K)] 47935K->21751K(60416K), 0.0043775 secs] [Times: user=0.00 sys=0.00, real=0.00 secs] 
2014-07-09T15:59:37.089+0200: 91.001: [GC [PSYoungGen: 22659K->5090K(27648K)] 44250K->27874K(60416K), 0.0169733 secs] [Times: user=0.03 sys=0.00, real=0.02 secs] 
2014-07-09T15:59:37.187+0200: 91.098: [GC [PSYoungGen: 27587K->4162K(27648K)] 50371K->26954K(60416K), 0.0030566 secs] [Times: user=0.00 sys=0.00, real=0.00 secs] 
2014-07-09T15:59:37.286+0200: 91.198: [GC [PSYoungGen: 26676K->384K(27648K)] 49468K->23184K(60416K), 0.0017081 secs] [Times: user=0.00 sys=0.00, real=0.00 secs] 
2014-07-09T15:59:37.339+0200: 91.251: [GC [PSYoungGen: 22883K->5090K(27648K)] 45683K->29275K(60416K), 0.0058205 secs] [Times: user=0.03 sys=0.00, real=0.01 secs] 
2014-07-09T15:59:37.437+0200: 91.349: [GC [PSYoungGen: 27589K->4354K(27648K)] 51774K->28547K(60416K), 0.0032259 secs] [Times: user=0.00 sys=0.00, real=0.00 secs] 
2014-07-09T15:59:37.536+0200: 91.448: [GC [PSYoungGen: 26856K->1216K(27648K)] 51049K->25417K(60416K), 0.0010995 secs] [Times: user=0.00 sys=0.00, real=0.00 secs] 
2014-07-09T15:59:37.598+0200: 91.509: [GC [PSYoungGen: 23715K->5090K(27648K)] 47916K->31508K(60416K), 0.0091495 secs] [Times: user=0.00 sys=0.00, real=0.01 secs] 
2014-07-09T15:59:37.716+0200: 91.628: [GC [PSYoungGen: 27598K->3649K(27648K)] 54016K->30075K(60416K), 0.0033018 secs] [Times: user=0.03 sys=0.00, real=0.00 secs] 
2014-07-09T15:59:37.795+0200: 91.707: [GC [PSYoungGen: 26154K->992K(27648K)] 52580K->27426K(60416K), 0.0135644 secs] [Times: user=0.00 sys=0.00, real=0.01 secs] 
2014-07-09T15:59:37.890+0200: 91.802: [GC [PSYoungGen: 23491K->5090K(27648K)] 49925K->33549K(60416K), 0.0098619 secs] [Times: user=0.00 sys=0.00, real=0.01 secs] 
2014-07-09T15:59:37.988+0200: 91.900: [GC [PSYoungGen: 27592K->3969K(27648K)] 56052K->32437K(60416K), 0.0052119 secs] [Times: user=0.00 sys=0.00, real=0.01 secs] 
2014-07-09T15:59:38.087+0200: 91.999: [GC [PSYoungGen: 26468K->1856K(27648K)] 54936K->30332K(60416K), 0.0026463 secs] [Times: user=0.00 sys=0.00, real=0.00 secs] 
2014-07-09T15:59:38.141+0200: 92.053: [GC [PSYoungGen: 24355K->5090K(27648K)] 52830K->36422K(60416K), 0.0101031 secs] [Times: user=0.00 sys=0.00, real=0.01 secs] 
2014-07-09T15:59:38.151+0200: 92.063: [Full GC [PSYoungGen: 5090K->0K(27648K)] [ParOldGen: 31332K->8622K(32768K)] 36422K->8622K(60416K) [PSPermGen: 2476K->2476K(21504K)], 0.0264220 secs] [Times: user=0.06 sys=0.00, real=0.03 secs] 
2014-07-09T15:59:38.237+0200: 92.149: [GC [PSYoungGen: 22513K->4162K(27648K)] 31135K->12784K(60416K), 0.0039137 secs] [Times: user=0.00 sys=0.00, real=0.00 secs] 
2014-07-09T15:59:38.337+0200: 92.249: [GC [PSYoungGen: 26658K->2048K(27648K)] 35281K->10679K(60416K), 0.0011024 secs] [Times: user=0.00 sys=0.00, real=0.00 secs] 
2014-07-09T15:59:38.395+0200: 92.307: [GC [PSYoungGen: 24547K->5090K(27648K)] 33178K->16770K(60416K), 0.0103887 secs] [Times: user=0.03 sys=0.00, real=0.01 secs] 
2014-07-09T15:59:38.497+0200: 92.409: [GC [PSYoungGen: 27600K->4482K(27648K)] 39280K->16170K(60416K), 0.0060614 secs] [Times: user=0.00 sys=0.00, real=0.01 secs] 
2014-07-09T15:59:38.590+0200: 92.501: [GC [PSYoungGen: 26981K->2369K(27648K)] 38669K->14065K(60416K), 0.0022866 secs] [Times: user=0.03 sys=0.00, real=0.00 secs] 
2014-07-09T15:59:38.691+0200: 92.603: [GC [PSYoungGen: 24868K->256K(27648K)] 36564K->11960K(60416K), 0.0018280 secs] [Times: user=0.00 sys=0.00, real=0.00 secs] 
2014-07-09T15:59:38.789+0200: 92.701: [GC [PSYoungGen: 22764K->4802K(27648K)] 34468K->16514K(60416K), 0.0043192 secs] [Times: user=0.00 sys=0.00, real=0.00 secs] 
2014-07-09T15:59:38.886+0200: 92.798: [GC [PSYoungGen: 27301K->2689K(27648K)] 39013K->14409K(60416K), 0.0012869 secs] [Times: user=0.03 sys=0.00, real=0.00 secs] 
2014-07-09T15:59:38.943+0200: 92.855: [GC [PSYoungGen: 25215K->736K(27648K)] 36934K->12463K(60416K), 0.0021033 secs] [Times: user=0.00 sys=0.00, real=0.00 secs] 
2014-07-09T15:59:39.039+0200: 92.951: [GC [PSYoungGen: 23243K->5090K(27648K)] 34971K->17402K(60416K), 0.0080808 secs] [Times: user=0.03 sys=0.00, real=0.01 secs] 
2014-07-09T15:59:39.138+0200: 93.050: [GC [PSYoungGen: 27589K->3553K(27648K)] 39901K->15873K(60416K), 0.0038510 secs] [Times: user=0.00 sys=0.00, real=0.00 secs] 
2014-07-09T15:59:39.199+0200: 93.111: [GC [PSYoungGen: 26081K->480K(27648K)] 38401K->12808K(60416K), 0.0019504 secs] [Times: user=0.00 sys=0.00, real=0.00 secs] 
2014-07-09T15:59:39.297+0200: 93.209: [GC [PSYoungGen: 23005K->5090K(27648K)] 35333K->17714K(60416K), 0.0067070 secs] [Times: user=0.00 sys=0.00, real=0.01 secs] 
2014-07-09T15:59:39.392+0200: 93.304: [GC [PSYoungGen: 27589K->3233K(27648K)] 40213K->15865K(60416K), 0.0102113 secs] [Times: user=0.02 sys=0.00, real=0.01 secs] 
2014-07-09T15:59:39.492+0200: 93.404: [GC [PSYoungGen: 25738K->128K(27648K)] 38370K->12776K(60416K), 0.0018053 secs] [Times: user=0.00 sys=0.00, real=0.00 secs] 
2014-07-09T15:59:39.589+0200: 93.501: [GC [PSYoungGen: 22625K->5090K(27648K)] 35273K->18867K(60416K), 0.0086095 secs] [Times: user=0.00 sys=0.00, real=0.01 secs] 
2014-07-09T15:59:39.688+0200: 93.600: [GC [PSYoungGen: 27587K->4097K(27648K)] 41364K->17882K(60416K), 0.0047551 secs] [Times: user=0.00 sys=0.00, real=0.01 secs] 
2014-07-09T15:59:39.792+0200: 93.704: [GC [PSYoungGen: 26608K->416K(27648K)] 40393K->14209K(60416K), 0.0265184 secs] [Times: user=0.02 sys=0.00, real=0.03 secs] 
2014-07-09T15:59:39.838+0200: 93.750: [GC [PSYoungGen: 22915K->5090K(27648K)] 36708K->20332K(60416K), 0.0051423 secs] [Times: user=0.03 sys=0.00, real=0.00 secs] 
2014-07-09T15:59:39.940+0200: 93.851: [GC [PSYoungGen: 27589K->4386K(27648K)] 42831K->19635K(60416K), 0.0134515 secs] [Times: user=0.02 sys=0.00, real=0.01 secs] 
2014-07-09T15:59:40.036+0200: 93.948: [GC [PSYoungGen: 26894K->768K(27648K)] 42143K->16025K(60416K), 0.0007204 secs] [Times: user=0.00 sys=0.00, real=0.00 secs] 
2014-07-09T15:59:40.098+0200: 94.010: [GC [PSYoungGen: 23267K->5090K(27648K)] 38524K->22116K(60416K), 0.0054935 secs] [Times: user=0.00 sys=0.00, real=0.00 secs] 
2014-07-09T15:59:40.195+0200: 94.107: [GC [PSYoungGen: 27599K->4097K(27648K)] 44625K->21132K(60416K), 0.0060750 secs] [Times: user=0.03 sys=0.00, real=0.01 secs] 
2014-07-09T15:59:40.293+0200: 94.205: [GC [PSYoungGen: 26602K->960K(27648K)] 43636K->18002K(60416K), 0.0026115 secs] [Times: user=0.00 sys=0.00, real=0.00 secs] 
2014-07-09T15:59:40.390+0200: 94.302: [GC [PSYoungGen: 23459K->5090K(27648K)] 40501K->24093K(60416K), 0.0087587 secs] [Times: user=0.00 sys=0.00, real=0.01 secs] 
2014-07-09T15:59:40.488+0200: 94.400: [GC [PSYoungGen: 27592K->3873K(27648K)] 46596K->22885K(60416K), 0.0106809 secs] [Times: user=0.02 sys=0.00, real=0.01 secs] 
2014-07-09T15:59:40.588+0200: 94.499: [GC [PSYoungGen: 26372K->1792K(27648K)] 45384K->20812K(60416K), 0.0024274 secs] [Times: user=0.00 sys=0.00, real=0.00 secs] 
2014-07-09T15:59:40.640+0200: 94.552: [GC [PSYoungGen: 24291K->5090K(27648K)] 43311K->26903K(60416K), 0.0104620 secs] [Times: user=0.02 sys=0.00, real=0.01 secs] 
2014-07-09T15:59:40.741+0200: 94.653: [GC [PSYoungGen: 27604K->3681K(27648K)] 49417K->25502K(60416K), 0.0335752 secs] [Times: user=0.05 sys=0.00, real=0.03 secs] 
2014-07-09T15:59:40.836+0200: 94.748: [GC [PSYoungGen: 26180K->1600K(27648K)] 48001K->23429K(60416K), 0.0008755 secs] [Times: user=0.03 sys=0.00, real=0.00 secs] 
2014-07-09T15:59:40.898+0200: 94.810: [GC [PSYoungGen: 24099K->5090K(27648K)] 45928K->29520K(60416K), 0.0099334 secs] [Times: user=0.00 sys=0.02, real=0.01 secs] 
2014-07-09T15:59:40.995+0200: 94.907: [GC [PSYoungGen: 27594K->4546K(27648K)] 52024K->28984K(60416K), 0.0059566 secs] [Times: user=0.00 sys=0.00, real=0.01 secs] 
2014-07-09T15:59:41.093+0200: 95.005: [GC [PSYoungGen: 27045K->2433K(27648K)] 51483K->26879K(60416K), 0.0019024 secs] [Times: user=0.00 sys=0.00, real=0.00 secs] 
2014-07-09T15:59:41.191+0200: 95.103: [GC [PSYoungGen: 24932K->320K(27648K)] 49378K->24774K(60416K), 0.0017620 secs] [Times: user=0.00 sys=0.00, real=0.00 secs] 
2014-07-09T15:59:41.289+0200: 95.201: [GC [PSYoungGen: 22834K->4738K(27648K)] 47288K->29200K(60416K), 0.0067056 secs] [Times: user=0.00 sys=0.00, real=0.01 secs] 
2014-07-09T15:59:41.386+0200: 95.298: [GC [PSYoungGen: 27237K->2625K(27648K)] 51699K->27095K(60416K), 0.0017723 secs] [Times: user=0.00 sys=0.00, real=0.00 secs] 
2014-07-09T15:59:41.439+0200: 95.351: [GC [PSYoungGen: 25151K->576K(27648K)] 49621K->25054K(60416K), 0.0011593 secs] [Times: user=0.00 sys=0.00, real=0.00 secs] 
2014-07-09T15:59:41.539+0200: 95.451: [GC [PSYoungGen: 23088K->5090K(27648K)] 47566K->29576K(60416K), 0.0068192 secs] [Times: user=0.00 sys=0.00, real=0.01 secs] 
2014-07-09T15:59:41.637+0200: 95.549: [GC [PSYoungGen: 27589K->2977K(27648K)] 52075K->27471K(60416K), 0.0017085 secs] [Times: user=0.00 sys=0.00, real=0.00 secs] 
2014-07-09T15:59:41.699+0200: 95.611: [GC [PSYoungGen: 25503K->1120K(27648K)] 49997K->25622K(60416K), 0.0024278 secs] [Times: user=0.00 sys=0.00, real=0.00 secs] 
2014-07-09T15:59:41.793+0200: 95.705: [GC [PSYoungGen: 23633K->5090K(27648K)] 48135K->29920K(60416K), 0.0050187 secs] [Times: user=0.00 sys=0.00, real=0.01 secs] 
2014-07-09T15:59:41.894+0200: 95.806: [GC [PSYoungGen: 27589K->3329K(27648K)] 52419K->28167K(60416K), 0.0083649 secs] [Times: user=0.02 sys=0.00, real=0.01 secs] 
2014-07-09T15:59:41.991+0200: 95.903: [GC [PSYoungGen: 25834K->160K(27648K)] 50672K->25006K(60416K), 0.0126962 secs] [Times: user=0.00 sys=0.00, real=0.01 secs] 
2014-07-09T15:59:42.089+0200: 96.001: [GC [PSYoungGen: 22659K->5090K(27648K)] 47505K->31129K(60416K), 0.0090384 secs] [Times: user=0.00 sys=0.00, real=0.01 secs] 
2014-07-09T15:59:42.187+0200: 96.099: [GC [PSYoungGen: 27587K->4162K(27648K)] 53626K->30208K(60416K), 0.0027988 secs] [Times: user=0.00 sys=0.00, real=0.00 secs] 
2014-07-09T15:59:42.241+0200: 96.153: [GC [PSYoungGen: 26681K->5090K(27648K)] 52728K->34122K(60416K), 0.0107429 secs] [Times: user=0.02 sys=0.00, real=0.01 secs] 
2014-07-09T15:59:42.338+0200: 96.250: [GC [PSYoungGen: 27589K->5090K(27648K)] 56621K->34995K(60416K), 0.0047361 secs] [Times: user=0.00 sys=0.00, real=0.00 secs] 
2014-07-09T15:59:42.438+0200: 96.350: [GC [PSYoungGen: 27594K->2817K(27648K)] 57499K->32729K(60416K), 0.0021470 secs] [Times: user=0.00 sys=0.00, real=0.00 secs] 
2014-07-09T15:59:42.536+0200: 96.448: [GC [PSYoungGen: 25316K->704K(27648K)] 55228K->30624K(60416K), 0.0019805 secs] [Times: user=0.00 sys=0.01, real=0.00 secs] 
2014-07-09T15:59:42.596+0200: 96.508: [GC [PSYoungGen: 23203K->5090K(27648K)] 53123K->36715K(60416K), 0.0094839 secs] [Times: user=0.03 sys=0.00, real=0.01 secs] 
2014-07-09T15:59:42.606+0200: 96.518: [Full GC [PSYoungGen: 5090K->0K(27648K)] [ParOldGen: 31625K->7790K(32768K)] 36715K->7790K(60416K) [PSPermGen: 2476K->2476K(21504K)], 0.0181465 secs] [Times: user=0.02 sys=0.00, real=0.02 secs] 
2014-07-09T15:59:42.703+0200: 96.615: [GC [PSYoungGen: 22498K->4674K(27648K)] 30289K->12465K(60416K), 0.0037095 secs] [Times: user=0.00 sys=0.00, real=0.00 secs] 
2014-07-09T15:59:42.790+0200: 96.702: [GC [PSYoungGen: 27182K->1024K(27648K)] 34973K->8823K(60416K), 0.0010896 secs] [Times: user=0.00 sys=0.00, real=0.00 secs] 
2014-07-09T15:59:42.888+0200: 96.800: [GC [PSYoungGen: 23523K->5090K(27648K)] 31322K->14914K(60416K), 0.0094798 secs] [Times: user=0.03 sys=0.00, real=0.01 secs] 
2014-07-09T15:59:42.988+0200: 96.900: [GC [PSYoungGen: 27598K->3457K(27648K)] 37422K->13289K(60416K), 0.0037506 secs] [Times: user=0.03 sys=0.00, real=0.00 secs] 
2014-07-09T15:59:43.087+0200: 96.999: [GC [PSYoungGen: 25956K->1344K(27648K)] 35788K->11184K(60416K), 0.0017668 secs] [Times: user=0.00 sys=0.00, real=0.00 secs] 
2014-07-09T15:59:43.138+0200: 97.050: [GC [PSYoungGen: 23843K->5090K(27648K)] 33683K->17275K(60416K), 0.0058770 secs] [Times: user=0.00 sys=0.00, real=0.01 secs] 
2014-07-09T15:59:43.240+0200: 97.152: [GC [PSYoungGen: 27604K->3649K(27648K)] 39789K->15842K(60416K), 0.0026415 secs] [Times: user=0.00 sys=0.00, real=0.00 secs] 
2014-07-09T15:59:43.336+0200: 97.248: [GC [PSYoungGen: 26148K->1536K(27648K)] 38341K->13737K(60416K), 0.0008337 secs] [Times: user=0.00 sys=0.00, real=0.00 secs] 
2014-07-09T15:59:43.398+0200: 97.310: [GC [PSYoungGen: 24035K->5090K(27648K)] 36236K->19828K(60416K), 0.0057883 secs] [Times: user=0.00 sys=0.00, real=0.01 secs] 
2014-07-09T15:59:43.495+0200: 97.407: [GC [PSYoungGen: 27594K->4482K(27648K)] 42333K->19228K(60416K), 0.0068071 secs] [Times: user=0.00 sys=0.00, real=0.01 secs] 
2014-07-09T15:59:43.593+0200: 97.505: [GC [PSYoungGen: 26981K->2369K(27648K)] 41727K->17123K(60416K), 0.0035244 secs] [Times: user=0.00 sys=0.00, real=0.00 secs] 
2014-07-09T15:59:43.691+0200: 97.603: [GC [PSYoungGen: 24892K->320K(27648K)] 39646K->15082K(60416K), 0.0022646 secs] [Times: user=0.03 sys=0.00, real=0.00 secs] 
2014-07-09T15:59:43.788+0200: 97.700: [GC [PSYoungGen: 22841K->4290K(27648K)] 37603K->19060K(60416K), 0.0155237 secs] [Times: user=0.02 sys=0.00, real=0.01 secs] 
2014-07-09T15:59:43.887+0200: 97.799: [GC [PSYoungGen: 26789K->2209K(27648K)] 41559K->16987K(60416K), 0.0024043 secs] [Times: user=0.00 sys=0.00, real=0.00 secs] 
2014-07-09T15:59:43.941+0200: 97.853: [GC [PSYoungGen: 24711K->5090K(27648K)] 39489K->22053K(60416K), 0.0116312 secs] [Times: user=0.00 sys=0.00, real=0.01 secs] 
2014-07-09T15:59:44.037+0200: 97.949: [GC [PSYoungGen: 27589K->5090K(27648K)] 44552K->22125K(60416K), 0.0043760 secs] [Times: user=0.00 sys=0.00, real=0.01 secs] 
2014-07-09T15:59:44.138+0200: 98.050: [GC [PSYoungGen: 27589K->3041K(27648K)] 44624K->20084K(60416K), 0.0037165 secs] [Times: user=0.00 sys=0.00, real=0.00 secs] 
2014-07-09T15:59:44.194+0200: 98.106: [GC [PSYoungGen: 25567K->352K(27648K)] 42610K->17403K(60416K), 0.0009026 secs] [Times: user=0.00 sys=0.00, real=0.00 secs] 
2014-07-09T15:59:44.297+0200: 98.210: [GC [PSYoungGen: 22870K->5090K(27648K)] 39921K->22405K(60416K), 0.0301572 secs] [Times: user=0.03 sys=0.00, real=0.03 secs] 
2014-07-09T15:59:44.390+0200: 98.302: [GC [PSYoungGen: 27589K->3265K(27648K)] 44904K->20589K(60416K), 0.0024161 secs] [Times: user=0.00 sys=0.00, real=0.00 secs] 
2014-07-09T15:59:44.491+0200: 98.404: [GC [PSYoungGen: 25773K->5090K(27648K)] 43097K->25143K(60416K), 0.0095396 secs] [Times: user=0.00 sys=0.00, real=0.01 secs] 
2014-07-09T15:59:44.589+0200: 98.502: [GC [PSYoungGen: 27589K->5090K(27648K)] 47642K->25759K(60416K), 0.0159808 secs] [Times: user=0.02 sys=0.00, real=0.02 secs] 
2014-07-09T15:59:44.689+0200: 98.602: [GC [PSYoungGen: 27589K->3585K(27648K)] 48258K->24262K(60416K), 0.0042639 secs] [Times: user=0.03 sys=0.00, real=0.00 secs] 
2014-07-09T15:59:44.740+0200: 98.653: [GC [PSYoungGen: 26093K->5090K(27648K)] 46771K->28785K(60416K), 0.0074880 secs] [Times: user=0.00 sys=0.00, real=0.01 secs] 
2014-07-09T15:59:44.838+0200: 98.751: [GC [PSYoungGen: 27589K->5090K(27648K)] 51284K->29721K(60416K), 0.0044706 secs] [Times: user=0.00 sys=0.00, real=0.00 secs] 
2014-07-09T15:59:44.937+0200: 98.850: [GC [PSYoungGen: 27589K->3905K(27648K)] 52220K->28544K(60416K), 0.0025000 secs] [Times: user=0.00 sys=0.00, real=0.00 secs] 
2014-07-09T15:59:45.036+0200: 98.949: [GC [PSYoungGen: 26410K->768K(27648K)] 51049K->25415K(60416K), 0.0018023 secs] [Times: user=0.00 sys=0.00, real=0.00 secs] 
2014-07-09T15:59:45.092+0200: 99.005: [GC [PSYoungGen: 23267K->5090K(27648K)] 47914K->31506K(60416K), 0.0060728 secs] [Times: user=0.02 sys=0.00, real=0.01 secs] 
2014-07-09T15:59:45.194+0200: 99.108: [GC [PSYoungGen: 27603K->3585K(27648K)] 54019K->30009K(60416K), 0.0056794 secs] [Times: user=0.00 sys=0.00, real=0.01 secs] 
2014-07-09T15:59:45.292+0200: 99.205: [GC [PSYoungGen: 26090K->448K(27648K)] 52514K->26880K(60416K), 0.0019633 secs] [Times: user=0.00 sys=0.00, real=0.00 secs] 
2014-07-09T15:59:45.389+0200: 99.303: [GC [PSYoungGen: 22947K->5090K(27648K)] 49379K->32971K(60416K), 0.0089094 secs] [Times: user=0.03 sys=0.00, real=0.01 secs] 
2014-07-09T15:59:45.487+0200: 99.400: [GC [PSYoungGen: 27592K->3393K(27648K)] 55473K->31282K(60416K), 0.0019684 secs] [Times: user=0.00 sys=0.00, real=0.00 secs] 
2014-07-09T15:59:45.586+0200: 99.500: [GC [PSYoungGen: 25892K->1280K(27648K)] 53781K->29177K(60416K), 0.0014544 secs] [Times: user=0.00 sys=0.00, real=0.00 secs] 
2014-07-09T15:59:45.640+0200: 99.553: [GC [PSYoungGen: 23779K->5090K(27648K)] 51676K->35268K(60416K), 0.0099880 secs] [Times: user=0.03 sys=0.00, real=0.01 secs] 
2014-07-09T15:59:45.650+0200: 99.563: [Full GC [PSYoungGen: 5090K->0K(27648K)] [ParOldGen: 30177K->8381K(32768K)] 35268K->8381K(60416K) [PSPermGen: 2476K->2476K(21504K)], 0.0249261 secs] [Times: user=0.06 sys=0.00, real=0.02 secs] 
2014-07-09T15:59:45.737+0200: 99.650: [GC [PSYoungGen: 22508K->3713K(27648K)] 30889K->12095K(60416K), 0.0062840 secs] [Times: user=0.00 sys=0.00, real=0.01 secs] 
2014-07-09T15:59:45.836+0200: 99.749: [GC [PSYoungGen: 26212K->1600K(27648K)] 34594K->9990K(60416K), 0.0008278 secs] [Times: user=0.00 sys=0.00, real=0.00 secs] 
2014-07-09T15:59:45.892+0200: 99.805: [GC [PSYoungGen: 24099K->5090K(27648K)] 32488K->16080K(60416K), 0.0056765 secs] [Times: user=0.00 sys=0.00, real=0.01 secs] 
2014-07-09T15:59:45.991+0200: 99.904: [GC [PSYoungGen: 27598K->4033K(27648K)] 38589K->15032K(60416K), 0.0029994 secs] [Times: user=0.00 sys=0.00, real=0.00 secs] 
2014-07-09T15:59:46.092+0200: 100.005: [GC [PSYoungGen: 26532K->1920K(27648K)] 37531K->12927K(60416K), 0.0059551 secs] [Times: user=0.03 sys=0.00, real=0.01 secs] 
2014-07-09T15:59:46.190+0200: 100.104: [GC [PSYoungGen: 24419K->5090K(27648K)] 35426K->19018K(60416K), 0.0101827 secs] [Times: user=0.00 sys=0.00, real=0.01 secs] 
2014-07-09T15:59:46.289+0200: 100.201: [GC [PSYoungGen: 27605K->4226K(27648K)] 41533K->18161K(60416K), 0.0061901 secs] [Times: user=0.00 sys=0.00, real=0.01 secs] 
2014-07-09T15:59:46.388+0200: 100.300: [GC [PSYoungGen: 26723K->2081K(27648K)] 40658K->16024K(60416K), 0.0033675 secs] [Times: user=0.00 sys=0.02, real=0.00 secs] 
2014-07-09T15:59:46.441+0200: 100.353: [GC [PSYoungGen: 24577K->5090K(27648K)] 38521K->22147K(60416K), 0.0103513 secs] [Times: user=0.00 sys=0.00, real=0.01 secs] 
2014-07-09T15:59:46.537+0200: 100.450: [GC [PSYoungGen: 27594K->5058K(27648K)] 44652K->22123K(60416K), 0.0046554 secs] [Times: user=0.00 sys=0.00, real=0.01 secs] 
2014-07-09T15:59:46.638+0200: 100.550: [GC [PSYoungGen: 27557K->2945K(27648K)] 44622K->20018K(60416K), 0.0036688 secs] [Times: user=0.02 sys=0.00, real=0.00 secs] 
2014-07-09T15:59:46.698+0200: 100.611: [GC [PSYoungGen: 25459K->5090K(27648K)] 42532K->24060K(60416K), 0.0091796 secs] [Times: user=0.03 sys=0.00, real=0.01 secs] 
2014-07-09T15:59:46.792+0200: 100.705: [GC [PSYoungGen: 27589K->4834K(27648K)] 46559K->23812K(60416K), 0.0083264 secs] [Times: user=0.02 sys=0.00, real=0.01 secs] 
2014-07-09T15:59:46.889+0200: 100.802: [GC [PSYoungGen: 27333K->2753K(27648K)] 46311K->21739K(60416K), 0.0023152 secs] [Times: user=0.03 sys=0.00, real=0.00 secs] 
2014-07-09T15:59:46.990+0200: 100.902: [GC [PSYoungGen: 25255K->5090K(27648K)] 44242K->26806K(60416K), 0.0105651 secs] [Times: user=0.02 sys=0.00, real=0.01 secs] 
2014-07-09T15:59:47.087+0200: 100.999: [GC [PSYoungGen: 27589K->5090K(27648K)] 49305K->27422K(60416K), 0.0045751 secs] [Times: user=0.00 sys=0.00, real=0.01 secs] 
2014-07-09T15:59:47.189+0200: 101.101: [GC [PSYoungGen: 27589K->3553K(27648K)] 49921K->25893K(60416K), 0.0136410 secs] [Times: user=0.01 sys=0.00, real=0.01 secs] 
2014-07-09T15:59:47.238+0200: 101.151: [GC [PSYoungGen: 26067K->5090K(27648K)] 48407K->30351K(60416K), 0.0065307 secs] [Times: user=0.00 sys=0.00, real=0.01 secs] 
2014-07-09T15:59:47.337+0200: 101.250: [GC [PSYoungGen: 27589K->5090K(27648K)] 52850K->31160K(60416K), 0.0048475 secs] [Times: user=0.00 sys=0.00, real=0.01 secs] 
2014-07-09T15:59:47.437+0200: 101.350: [GC [PSYoungGen: 27589K->3777K(27648K)] 53659K->29855K(60416K), 0.0025129 secs] [Times: user=0.00 sys=0.00, real=0.00 secs] 
2014-07-09T15:59:47.536+0200: 101.448: [GC [PSYoungGen: 26288K->128K(27648K)] 52365K->26213K(60416K), 0.0014669 secs] [Times: user=0.00 sys=0.00, real=0.00 secs] 
2014-07-09T15:59:47.610+0200: 101.522: [GC [PSYoungGen: 22625K->5090K(27648K)] 48710K->32304K(60416K), 0.0044750 secs] [Times: user=0.00 sys=0.00, real=0.00 secs] 
2014-07-09T15:59:47.692+0200: 101.604: [GC [PSYoungGen: 27593K->3585K(27648K)] 54807K->30808K(60416K), 0.0048974 secs] [Times: user=0.00 sys=0.00, real=0.01 secs] 
2014-07-09T15:59:47.805+0200: 101.717: [GC [PSYoungGen: 26090K->416K(27648K)] 53312K->27646K(60416K), 0.0017583 secs] [Times: user=0.00 sys=0.00, real=0.00 secs] 
2014-07-09T15:59:47.890+0200: 101.802: [GC [PSYoungGen: 22915K->5090K(27648K)] 50145K->33769K(60416K), 0.0088489 secs] [Times: user=0.00 sys=0.00, real=0.01 secs] 
2014-07-09T15:59:47.988+0200: 101.901: [GC [PSYoungGen: 27592K->3393K(27648K)] 56272K->32080K(60416K), 0.0036509 secs] [Times: user=0.00 sys=0.00, real=0.00 secs] 
2014-07-09T15:59:48.087+0200: 101.999: [GC [PSYoungGen: 25892K->1280K(27648K)] 54579K->29975K(60416K), 0.0022225 secs] [Times: user=0.00 sys=0.00, real=0.00 secs] 
2014-07-09T15:59:48.145+0200: 102.057: [GC [PSYoungGen: 23779K->5090K(27648K)] 52474K->36034K(60416K), 0.0253456 secs] [Times: user=0.03 sys=0.00, real=0.03 secs] 
2014-07-09T15:59:48.170+0200: 102.083: [Full GC [PSYoungGen: 5090K->0K(27648K)] [ParOldGen: 30944K->8392K(32768K)] 36034K->8392K(60416K) [PSPermGen: 2476K->2476K(21504K)], 0.0124220 secs] [Times: user=0.00 sys=0.00, real=0.01 secs] 
2014-07-09T15:59:48.236+0200: 102.149: [GC [PSYoungGen: 22518K->3073K(27648K)] 30911K->11465K(60416K), 0.0015299 secs] [Times: user=0.00 sys=0.00, real=0.00 secs] 
2014-07-09T15:59:48.337+0200: 102.250: [GC [PSYoungGen: 25572K->960K(27648K)] 33964K->9360K(60416K), 0.0016619 secs] [Times: user=0.00 sys=0.00, real=0.00 secs] 
2014-07-09T15:59:48.398+0200: 102.310: [GC [PSYoungGen: 23459K->5090K(27648K)] 31859K->15451K(60416K), 0.0096932 secs] [Times: user=0.03 sys=0.00, real=0.01 secs] 
2014-07-09T15:59:48.491+0200: 102.404: [GC [PSYoungGen: 27592K->3905K(27648K)] 37954K->14275K(60416K), 0.0034536 secs] [Times: user=0.00 sys=0.00, real=0.00 secs] 
2014-07-09T15:59:48.589+0200: 102.502: [GC [PSYoungGen: 26404K->1792K(27648K)] 36774K->12170K(60416K), 0.0021261 secs] [Times: user=0.03 sys=0.00, real=0.00 secs] 
2014-07-09T15:59:48.691+0200: 102.603: [GC [PSYoungGen: 24291K->5090K(27648K)] 34669K->18261K(60416K), 0.0102772 secs] [Times: user=0.01 sys=0.00, real=0.01 secs] 
2014-07-09T15:59:48.788+0200: 102.700: [GC [PSYoungGen: 27600K->4226K(27648K)] 40771K->17404K(60416K), 0.0032105 secs] [Times: user=0.00 sys=0.00, real=0.00 secs] 
2014-07-09T15:59:48.886+0200: 102.799: [GC [PSYoungGen: 26723K->2113K(27648K)] 39901K->15299K(60416K), 0.0014845 secs] [Times: user=0.03 sys=0.00, real=0.00 secs] 
2014-07-09T15:59:48.938+0200: 102.850: [GC [PSYoungGen: 24609K->5090K(27648K)] 37796K->21390K(60416K), 0.0060508 secs] [Times: user=0.00 sys=0.00, real=0.01 secs] 
2014-07-09T15:59:49.039+0200: 102.951: [GC [PSYoungGen: 27600K->4546K(27648K)] 43901K->20854K(60416K), 0.0064196 secs] [Times: user=0.03 sys=0.00, real=0.01 secs] 
2014-07-09T15:59:49.137+0200: 103.049: [GC [PSYoungGen: 27045K->2433K(27648K)] 43353K->18749K(60416K), 0.0015508 secs] [Times: user=0.00 sys=0.00, real=0.00 secs] 
2014-07-09T15:59:49.194+0200: 103.107: [GC [PSYoungGen: 24956K->384K(27648K)] 41272K->16708K(60416K), 0.0023200 secs] [Times: user=0.00 sys=0.00, real=0.00 secs] 
2014-07-09T15:59:49.292+0200: 103.204: [GC [PSYoungGen: 22907K->4770K(27648K)] 39232K->21102K(60416K), 0.0035900 secs] [Times: user=0.03 sys=0.00, real=0.00 secs] 
2014-07-09T15:59:49.397+0200: 103.309: [GC [PSYoungGen: 27269K->2625K(27648K)] 43601K->18965K(60416K), 0.0098325 secs] [Times: user=0.02 sys=0.00, real=0.01 secs] 
2014-07-09T15:59:49.488+0200: 103.401: [GC [PSYoungGen: 25127K->5090K(27648K)] 41468K->24064K(60416K), 0.0056457 secs] [Times: user=0.00 sys=0.00, real=0.01 secs] 
2014-07-09T15:59:49.589+0200: 103.501: [GC [PSYoungGen: 27589K->5090K(27648K)] 46563K->24584K(60416K), 0.0077255 secs] [Times: user=0.00 sys=0.00, real=0.01 secs] 
2014-07-09T15:59:49.687+0200: 103.600: [GC [PSYoungGen: 27589K->3489K(27648K)] 47083K->22991K(60416K), 0.0038257 secs] [Times: user=0.00 sys=0.00, real=0.00 secs] 
2014-07-09T15:59:49.742+0200: 103.655: [GC [PSYoungGen: 26003K->5090K(27648K)] 45505K->27001K(60416K), 0.0113115 secs] [Times: user=0.02 sys=0.00, real=0.01 secs] 
2014-07-09T15:59:49.843+0200: 103.756: [GC [PSYoungGen: 27589K->5090K(27648K)] 49500K->27297K(60416K), 0.0145033 secs] [Times: user=0.00 sys=0.00, real=0.02 secs] 
2014-07-09T15:59:49.936+0200: 103.849: [GC [PSYoungGen: 27594K->2273K(27648K)] 49802K->24488K(60416K), 0.0012685 secs] [Times: user=0.00 sys=0.00, real=0.00 secs] 
2014-07-09T15:59:50.036+0200: 103.948: [GC [PSYoungGen: 24772K->160K(27648K)] 46987K->22383K(60416K), 0.0015090 secs] [Times: user=0.00 sys=0.00, real=0.00 secs] 
2014-07-09T15:59:50.094+0200: 104.007: [GC [PSYoungGen: 22659K->5090K(27648K)] 44882K->28474K(60416K), 0.0049077 secs] [Times: user=0.00 sys=0.00, real=0.00 secs] 
2014-07-09T15:59:50.194+0200: 104.106: [GC [PSYoungGen: 27587K->4129K(27648K)] 50971K->27521K(60416K), 0.0058920 secs] [Times: user=0.03 sys=0.00, real=0.01 secs] 
2014-07-09T15:59:50.292+0200: 104.204: [GC [PSYoungGen: 26643K->352K(27648K)] 50034K->23751K(60416K), 0.0022009 secs] [Times: user=0.00 sys=0.00, real=0.00 secs] 
2014-07-09T15:59:50.388+0200: 104.301: [GC [PSYoungGen: 22851K->5090K(27648K)] 46250K->29810K(60416K), 0.0094597 secs] [Times: user=0.00 sys=0.00, real=0.01 secs] 
2014-07-09T15:59:50.487+0200: 104.400: [GC [PSYoungGen: 27598K->2785K(27648K)] 52319K->27513K(60416K), 0.0030463 secs] [Times: user=0.00 sys=0.00, real=0.00 secs] 
2014-07-09T15:59:50.586+0200: 104.499: [GC [PSYoungGen: 25284K->672K(27648K)] 50012K->25408K(60416K), 0.0017341 secs] [Times: user=0.02 sys=0.00, real=0.00 secs] 
2014-07-09T15:59:50.638+0200: 104.550: [GC [PSYoungGen: 23171K->5090K(27648K)] 47907K->31499K(60416K), 0.0056229 secs] [Times: user=0.00 sys=0.00, real=0.00 secs] 
2014-07-09T15:59:50.739+0200: 104.651: [GC [PSYoungGen: 27598K->3073K(27648K)] 54007K->29490K(60416K), 0.0111630 secs] [Times: user=0.02 sys=0.00, real=0.01 secs] 
2014-07-09T15:59:50.836+0200: 104.748: [GC [PSYoungGen: 25572K->992K(27648K)] 51989K->27417K(60416K), 0.0007289 secs] [Times: user=0.01 sys=0.00, real=0.00 secs] 
2014-07-09T15:59:50.898+0200: 104.810: [GC [PSYoungGen: 23491K->5090K(27648K)] 49916K->33508K(60416K), 0.0106332 secs] [Times: user=0.03 sys=0.00, real=0.01 secs] 
2014-07-09T15:59:50.990+0200: 104.902: [GC [PSYoungGen: 27592K->3937K(27648K)] 56011K->32364K(60416K), 0.0037810 secs] [Times: user=0.03 sys=0.00, real=0.00 secs] 
2014-07-09T15:59:51.091+0200: 105.004: [GC [PSYoungGen: 26436K->1824K(27648K)] 54863K->30259K(60416K), 0.0021180 secs] [Times: user=0.00 sys=0.00, real=0.00 secs] 
2014-07-09T15:59:51.190+0200: 105.103: [GC [PSYoungGen: 24323K->5090K(27648K)] 52758K->36350K(60416K), 0.0105654 secs] [Times: user=0.03 sys=0.00, real=0.01 secs] 
2014-07-09T15:59:51.201+0200: 105.114: [Full GC [PSYoungGen: 5090K->0K(27648K)] [ParOldGen: 31259K->8603K(32768K)] 36350K->8603K(60416K) [PSPermGen: 2476K->2476K(21504K)], 0.0249232 secs] [Times: user=0.02 sys=0.00, real=0.03 secs] 
2014-07-09T15:59:51.287+0200: 105.200: [GC [PSYoungGen: 22521K->3617K(27648K)] 31125K->12221K(60416K), 0.0034771 secs] [Times: user=0.02 sys=0.00, real=0.00 secs] 
2014-07-09T15:59:51.387+0200: 105.299: [GC [PSYoungGen: 26116K->1504K(27648K)] 34720K->10116K(60416K), 0.0022390 secs] [Times: user=0.00 sys=0.00, real=0.00 secs] 
2014-07-09T15:59:51.441+0200: 105.353: [GC [PSYoungGen: 24003K->5090K(27648K)] 32615K->16207K(60416K), 0.0094637 secs] [Times: user=0.03 sys=0.00, real=0.01 secs] 
2014-07-09T15:59:51.537+0200: 105.449: [GC [PSYoungGen: 27594K->4450K(27648K)] 38711K->15574K(60416K), 0.0034071 secs] [Times: user=0.03 sys=0.00, real=0.00 secs] 
2014-07-09T15:59:51.637+0200: 105.549: [GC [PSYoungGen: 26949K->2337K(27648K)] 38073K->13469K(60416K), 0.0024403 secs] [Times: user=0.00 sys=0.00, real=0.00 secs] 
2014-07-09T15:59:51.698+0200: 105.610: [GC [PSYoungGen: 24860K->288K(27648K)] 35992K->11428K(60416K), 0.0015318 secs] [Times: user=0.00 sys=0.00, real=0.00 secs] 
2014-07-09T15:59:51.797+0200: 105.709: [GC [PSYoungGen: 22803K->4802K(27648K)] 33944K->15950K(60416K), 0.0085306 secs] [Times: user=0.02 sys=0.00, real=0.01 secs] 
2014-07-09T15:59:51.891+0200: 105.804: [GC [PSYoungGen: 27301K->2689K(27648K)] 38449K->13845K(60416K), 0.0022888 secs] [Times: user=0.00 sys=0.00, real=0.00 secs] 
2014-07-09T15:59:51.989+0200: 105.902: [GC [PSYoungGen: 25197K->5090K(27648K)] 36354K->18400K(60416K), 0.0104327 secs] [Times: user=0.03 sys=0.00, real=0.01 secs] 
2014-07-09T15:59:52.088+0200: 106.000: [GC [PSYoungGen: 27589K->5090K(27648K)] 40899K->18408K(60416K), 0.0054517 secs] [Times: user=0.00 sys=0.00, real=0.00 secs] 
2014-07-09T15:59:52.187+0200: 106.100: [GC [PSYoungGen: 27589K->3009K(27648K)] 40907K->16335K(60416K), 0.0018020 secs] [Times: user=0.00 sys=0.00, real=0.00 secs] 
2014-07-09T15:59:52.238+0200: 106.151: [GC [PSYoungGen: 25525K->5090K(27648K)] 38851K->20761K(60416K), 0.0061076 secs] [Times: user=0.03 sys=0.00, real=0.01 secs] 
2014-07-09T15:59:52.337+0200: 106.250: [GC [PSYoungGen: 27589K->5090K(27648K)] 43260K->20993K(60416K), 0.0042386 secs] [Times: user=0.00 sys=0.00, real=0.01 secs] 
2014-07-09T15:59:52.437+0200: 106.350: [GC [PSYoungGen: 27594K->2177K(27648K)] 43497K->18087K(60416K), 0.0023831 secs] [Times: user=0.00 sys=0.00, real=0.00 secs] 
2014-07-09T15:59:52.536+0200: 106.448: [GC [PSYoungGen: 24674K->64K(27648K)] 40584K->15982K(60416K), 0.0013309 secs] [Times: user=0.02 sys=0.00, real=0.00 secs] 
2014-07-09T15:59:52.598+0200: 106.511: [GC [PSYoungGen: 22560K->5090K(27648K)] 38479K->22073K(60416K), 0.0078667 secs] [Times: user=0.03 sys=0.00, real=0.01 secs] 
2014-07-09T15:59:52.695+0200: 106.608: [GC [PSYoungGen: 27589K->4033K(27648K)] 44572K->21025K(60416K), 0.0047089 secs] [Times: user=0.00 sys=0.00, real=0.01 secs] 
2014-07-09T15:59:52.790+0200: 106.702: [GC [PSYoungGen: 26547K->5090K(27648K)] 43539K->25067K(60416K), 0.0057678 secs] [Times: user=0.00 sys=0.00, real=0.01 secs] 
2014-07-09T15:59:52.888+0200: 106.800: [GC [PSYoungGen: 27589K->5090K(27648K)] 47566K->25939K(60416K), 0.0045671 secs] [Times: user=0.00 sys=0.00, real=0.00 secs] 
2014-07-09T15:59:52.987+0200: 106.900: [GC [PSYoungGen: 27594K->2817K(27648K)] 48444K->23674K(60416K), 0.0018089 secs] [Times: user=0.00 sys=0.00, real=0.00 secs] 
2014-07-09T15:59:53.088+0200: 107.001: [GC [PSYoungGen: 25316K->672K(27648K)] 46173K->21537K(60416K), 0.0080141 secs] [Times: user=0.00 sys=0.00, real=0.01 secs] 
2014-07-09T15:59:53.139+0200: 107.051: [GC [PSYoungGen: 23171K->5090K(27648K)] 44036K->27628K(60416K), 0.0062048 secs] [Times: user=0.00 sys=0.00, real=0.01 secs] 
2014-07-09T15:59:53.237+0200: 107.149: [GC [PSYoungGen: 27604K->3009K(27648K)] 50142K->25555K(60416K), 0.0018089 secs] [Times: user=0.01 sys=0.00, real=0.00 secs] 
2014-07-09T15:59:53.336+0200: 107.249: [GC [PSYoungGen: 25508K->896K(27648K)] 48054K->23450K(60416K), 0.0009598 secs] [Times: user=0.00 sys=0.00, real=0.00 secs] 
2014-07-09T15:59:53.395+0200: 107.307: [GC [PSYoungGen: 23395K->5090K(27648K)] 45949K->29541K(60416K), 0.0092639 secs] [Times: user=0.00 sys=0.00, real=0.01 secs] 
2014-07-09T15:59:53.494+0200: 107.407: [GC [PSYoungGen: 27598K->3329K(27648K)] 52049K->27788K(60416K), 0.0044890 secs] [Times: user=0.00 sys=0.00, real=0.01 secs] 
2014-07-09T15:59:53.592+0200: 107.505: [GC [PSYoungGen: 25828K->1216K(27648K)] 50287K->25683K(60416K), 0.0025436 secs] [Times: user=0.00 sys=0.00, real=0.00 secs] 
2014-07-09T15:59:53.691+0200: 107.603: [GC [PSYoungGen: 23715K->5090K(27648K)] 48182K->31742K(60416K), 0.0067122 secs] [Times: user=0.02 sys=0.00, real=0.01 secs] 
2014-07-09T15:59:53.787+0200: 107.700: [GC [PSYoungGen: 27598K->3617K(27648K)] 54250K->30277K(60416K), 0.0095334 secs] [Times: user=0.00 sys=0.00, real=0.01 secs] 
2014-07-09T15:59:53.886+0200: 107.799: [GC [PSYoungGen: 26116K->1536K(27648K)] 52776K->28204K(60416K), 0.0015681 secs] [Times: user=0.00 sys=0.00, real=0.00 secs] 
2014-07-09T15:59:53.940+0200: 107.853: [GC [PSYoungGen: 24035K->5090K(27648K)] 50703K->34295K(60416K), 0.0100829 secs] [Times: user=0.03 sys=0.00, real=0.01 secs] 
2014-07-09T15:59:54.039+0200: 107.951: [GC [PSYoungGen: 27594K->4482K(27648K)] 56800K->33695K(60416K), 0.0064632 secs] [Times: user=0.00 sys=0.00, real=0.01 secs] 
2014-07-09T15:59:54.137+0200: 108.050: [GC [PSYoungGen: 26981K->2369K(27648K)] 56194K->31590K(60416K), 0.0028637 secs] [Times: user=0.00 sys=0.00, real=0.00 secs] 
2014-07-09T15:59:54.200+0200: 108.112: [GC [PSYoungGen: 24883K->5090K(27648K)] 54104K->36016K(60416K), 0.0058616 secs] [Times: user=0.00 sys=0.00, real=0.00 secs] 
2014-07-09T15:59:54.206+0200: 108.118: [Full GC [PSYoungGen: 5090K->0K(27648K)] [ParOldGen: 30926K->7785K(32768K)] 36016K->7785K(60416K) [PSPermGen: 2476K->2476K(21504K)], 0.0329182 secs] [Times: user=0.03 sys=0.00, real=0.03 secs] 
2014-07-09T15:59:54.292+0200: 108.205: [GC [PSYoungGen: 22502K->4162K(27648K)] 30288K->11947K(60416K), 0.0055672 secs] [Times: user=0.00 sys=0.00, real=0.01 secs] 
2014-07-09T15:59:54.390+0200: 108.302: [GC [PSYoungGen: 26658K->2016K(27648K)] 34444K->9810K(60416K), 0.0024157 secs] [Times: user=0.00 sys=0.00, real=0.00 secs] 
2014-07-09T15:59:54.488+0200: 108.401: [GC [PSYoungGen: 24521K->5090K(27648K)] 32314K->14908K(60416K), 0.0057476 secs] [Times: user=0.00 sys=0.00, real=0.01 secs] 
2014-07-09T15:59:54.589+0200: 108.501: [GC [PSYoungGen: 27589K->4994K(27648K)] 37407K->14820K(60416K), 0.0062385 secs] [Times: user=0.00 sys=0.00, real=0.01 secs] 
2014-07-09T15:59:54.688+0200: 108.600: [GC [PSYoungGen: 27493K->2881K(27648K)] 37319K->12715K(60416K), 0.0028498 secs] [Times: user=0.03 sys=0.00, real=0.00 secs] 
2014-07-09T15:59:54.777+0200: 108.690: [GC [PSYoungGen: 25389K->5090K(27648K)] 35223K->17237K(60416K), 0.0278635 secs] [Times: user=0.03 sys=0.00, real=0.03 secs] 
2014-07-09T15:59:54.839+0200: 108.752: [GC [PSYoungGen: 27589K->5090K(27648K)] 39736K->17469K(60416K), 0.0090113 secs] [Times: user=0.02 sys=0.00, real=0.01 secs] 
2014-07-09T15:59:54.936+0200: 108.849: [GC [PSYoungGen: 27589K->3201K(27648K)] 39968K->15589K(60416K), 0.0016879 secs] [Times: user=0.00 sys=0.00, real=0.00 secs] 
2014-07-09T15:59:55.000+0200: 108.912: [GC [PSYoungGen: 25709K->5090K(27648K)] 38097K->20143K(60416K), 0.0095150 secs] [Times: user=0.03 sys=0.00, real=0.01 secs] 
2014-07-09T15:59:55.097+0200: 109.010: [GC [PSYoungGen: 27589K->5090K(27648K)] 42642K->20695K(60416K), 0.0052149 secs] [Times: user=0.00 sys=0.00, real=0.01 secs] 
2014-07-09T15:59:55.195+0200: 109.107: [GC [PSYoungGen: 27589K->3521K(27648K)] 43194K->19134K(60416K), 0.0048831 secs] [Times: user=0.00 sys=0.00, real=0.01 secs] 
2014-07-09T15:59:55.303+0200: 109.216: [GC [PSYoungGen: 26037K->5090K(27648K)] 41650K->23560K(60416K), 0.0073835 secs] [Times: user=0.00 sys=0.00, real=0.01 secs] 
2014-07-09T15:59:55.387+0200: 109.300: [GC [PSYoungGen: 27589K->5090K(27648K)] 46059K->24305K(60416K), 0.0047705 secs] [Times: user=0.02 sys=0.00, real=0.00 secs] 
2014-07-09T15:59:55.487+0200: 109.399: [GC [PSYoungGen: 27594K->2689K(27648K)] 46809K->21912K(60416K), 0.0016733 secs] [Times: user=0.00 sys=0.00, real=0.00 secs] 
2014-07-09T15:59:55.586+0200: 109.499: [GC [PSYoungGen: 25188K->544K(27648K)] 44411K->19775K(60416K), 0.0015479 secs] [Times: user=0.00 sys=0.00, real=0.00 secs] 
2014-07-09T15:59:55.638+0200: 109.551: [GC [PSYoungGen: 23043K->5090K(27648K)] 42274K->25866K(60416K), 0.0055045 secs] [Times: user=0.02 sys=0.00, real=0.01 secs] 
2014-07-09T15:59:55.739+0200: 109.652: [GC [PSYoungGen: 27604K->2465K(27648K)] 48380K->23248K(60416K), 0.0169535 secs] [Times: user=0.02 sys=0.00, real=0.02 secs] 
2014-07-09T15:59:55.836+0200: 109.749: [GC [PSYoungGen: 24964K->384K(27648K)] 45747K->21175K(60416K), 0.0007223 secs] [Times: user=0.00 sys=0.00, real=0.00 secs] 
2014-07-09T15:59:55.892+0200: 109.805: [GC [PSYoungGen: 22883K->5090K(27648K)] 43674K->27266K(60416K), 0.0048197 secs] [Times: user=0.00 sys=0.00, real=0.01 secs] 
2014-07-09T15:59:55.995+0200: 109.908: [GC [PSYoungGen: 27592K->3297K(27648K)] 49769K->25481K(60416K), 0.0086608 secs] [Times: user=0.02 sys=0.00, real=0.01 secs] 
2014-07-09T15:59:56.090+0200: 110.002: [GC [PSYoungGen: 25796K->1216K(27648K)] 47980K->23408K(60416K), 0.0014045 secs] [Times: user=0.00 sys=0.00, real=0.00 secs] 
2014-07-09T15:59:56.191+0200: 110.103: [GC [PSYoungGen: 23715K->5090K(27648K)] 45907K->29499K(60416K), 0.0093310 secs] [Times: user=0.00 sys=0.00, real=0.01 secs] 
2014-07-09T15:59:56.289+0200: 110.201: [GC [PSYoungGen: 27603K->3521K(27648K)] 52012K->27939K(60416K), 0.0049058 secs] [Times: user=0.00 sys=0.00, real=0.00 secs] 
2014-07-09T15:59:56.387+0200: 110.300: [GC [PSYoungGen: 26020K->1376K(27648K)] 50437K->25801K(60416K), 0.0242820 secs] [Times: user=0.03 sys=0.00, real=0.02 secs] 
2014-07-09T15:59:56.441+0200: 110.354: [GC [PSYoungGen: 23875K->5090K(27648K)] 48300K->31892K(60416K), 0.0086762 secs] [Times: user=0.00 sys=0.00, real=0.01 secs] 
2014-07-09T15:59:56.538+0200: 110.451: [GC [PSYoungGen: 27598K->3841K(27648K)] 54401K->30652K(60416K), 0.0051313 secs] [Times: user=0.00 sys=0.00, real=0.00 secs] 
2014-07-09T15:59:56.637+0200: 110.549: [GC [PSYoungGen: 26340K->1728K(27648K)] 53151K->28547K(60416K), 0.0014951 secs] [Times: user=0.00 sys=0.00, real=0.00 secs] 
2014-07-09T15:59:56.698+0200: 110.611: [GC [PSYoungGen: 24227K->5090K(27648K)] 51046K->34638K(60416K), 0.0102531 secs] [Times: user=0.03 sys=0.00, real=0.01 secs] 
2014-07-09T15:59:56.708+0200: 110.621: [Full GC [PSYoungGen: 5090K->0K(27648K)] [ParOldGen: 29547K->8820K(32768K)] 34638K->8820K(60416K) [PSPermGen: 2476K->2476K(21504K)], 0.0188508 secs] [Times: user=0.01 sys=0.00, real=0.02 secs] 
2014-07-09T15:59:56.801+0200: 110.714: [GC [PSYoungGen: 22508K->4162K(27648K)] 31328K->12982K(60416K), 0.0041183 secs] [Times: user=0.00 sys=0.00, real=0.00 secs] 
2014-07-09T15:59:56.894+0200: 110.807: [GC [PSYoungGen: 26658K->2048K(27648K)] 35479K->10877K(60416K), 0.0025228 secs] [Times: user=0.00 sys=0.00, real=0.00 secs] 
2014-07-09T15:59:56.988+0200: 110.901: [GC [PSYoungGen: 24553K->5090K(27648K)] 33381K->15943K(60416K), 0.0054503 secs] [Times: user=0.00 sys=0.00, real=0.01 secs] 
2014-07-09T15:59:57.089+0200: 111.002: [GC [PSYoungGen: 27589K->4994K(27648K)] 38442K->15855K(60416K), 0.0065149 secs] [Times: user=0.03 sys=0.00, real=0.01 secs] 
2014-07-09T15:59:57.188+0200: 111.101: [GC [PSYoungGen: 27493K->2881K(27648K)] 38354K->13750K(60416K), 0.0030023 secs] [Times: user=0.00 sys=0.00, real=0.00 secs] 
2014-07-09T15:59:57.242+0200: 111.154: [GC [PSYoungGen: 25400K->5090K(27648K)] 36269K->17664K(60416K), 0.0085009 secs] [Times: user=0.03 sys=0.00, real=0.01 secs] 
2014-07-09T15:59:57.337+0200: 111.249: [GC [PSYoungGen: 27589K->4674K(27648K)] 40163K->17256K(60416K), 0.0036879 secs] [Times: user=0.00 sys=0.00, real=0.00 secs] 
2014-07-09T15:59:57.438+0200: 111.350: [GC [PSYoungGen: 27176K->1536K(27648K)] 39759K->14127K(60416K), 0.0021598 secs] [Times: user=0.00 sys=0.00, real=0.00 secs] 
2014-07-09T15:59:57.500+0200: 111.412: [GC [PSYoungGen: 24035K->5090K(27648K)] 36625K->20185K(60416K), 0.0076434 secs] [Times: user=0.00 sys=0.00, real=0.01 secs] 
2014-07-09T15:59:57.596+0200: 111.508: [GC [PSYoungGen: 27589K->5090K(27648K)] 42684K->20610K(60416K), 0.0074187 secs] [Times: user=0.00 sys=0.00, real=0.01 secs] 
2014-07-09T15:59:57.694+0200: 111.606: [GC [PSYoungGen: 27589K->3393K(27648K)] 43109K->18921K(60416K), 0.0047350 secs] [Times: user=0.00 sys=0.00, real=0.00 secs] 
2014-07-09T15:59:57.790+0200: 111.702: [GC [PSYoungGen: 25901K->5090K(27648K)] 41429K->23443K(60416K), 0.0344628 secs] [Times: user=0.02 sys=0.00, real=0.03 secs] 
2014-07-09T15:59:57.888+0200: 111.800: [GC [PSYoungGen: 27589K->5090K(27648K)] 45942K->24187K(60416K), 0.0050855 secs] [Times: user=0.02 sys=0.00, real=0.00 secs] 
2014-07-09T15:59:57.987+0200: 111.899: [GC [PSYoungGen: 27600K->2177K(27648K)] 46698K->21282K(60416K), 0.0025777 secs] [Times: user=0.00 sys=0.00, real=0.00 secs] 
2014-07-09T15:59:58.086+0200: 111.998: [GC [PSYoungGen: 24674K->32K(27648K)] 43779K->19145K(60416K), 0.0005734 secs] [Times: user=0.00 sys=0.00, real=0.00 secs] 
2014-07-09T15:59:58.140+0200: 112.052: [GC [PSYoungGen: 22528K->5090K(27648K)] 41642K->25268K(60416K), 0.0082062 secs] [Times: user=0.00 sys=0.00, real=0.01 secs] 
2014-07-09T15:59:58.237+0200: 112.149: [GC [PSYoungGen: 27605K->2369K(27648K)] 47783K->22555K(60416K), 0.0030980 secs] [Times: user=0.00 sys=0.00, real=0.00 secs] 
2014-07-09T15:59:58.337+0200: 112.249: [GC [PSYoungGen: 24868K->256K(27648K)] 45054K->20450K(60416K), 0.0007919 secs] [Times: user=0.00 sys=0.00, real=0.00 secs] 
2014-07-09T15:59:58.396+0200: 112.308: [GC [PSYoungGen: 22755K->5090K(27648K)] 42949K->26541K(60416K), 0.0084122 secs] [Times: user=0.01 sys=0.00, real=0.01 secs] 
2014-07-09T15:59:58.494+0200: 112.406: [GC [PSYoungGen: 27592K->3201K(27648K)] 49043K->24660K(60416K), 0.0043863 secs] [Times: user=0.03 sys=0.00, real=0.01 secs] 
2014-07-09T15:59:58.589+0200: 112.501: [GC [PSYoungGen: 25700K->1088K(27648K)] 47159K->22555K(60416K), 0.0014599 secs] [Times: user=0.02 sys=0.00, real=0.00 secs] 
2014-07-09T15:59:58.691+0200: 112.603: [GC [PSYoungGen: 23587K->5090K(27648K)] 45054K->28646K(60416K), 0.0090872 secs] [Times: user=0.00 sys=0.02, real=0.01 secs] 
2014-07-09T15:59:58.788+0200: 112.700: [GC [PSYoungGen: 27604K->3009K(27648K)] 51160K->26573K(60416K), 0.0051441 secs] [Times: user=0.00 sys=0.00, real=0.00 secs] 
2014-07-09T15:59:58.886+0200: 112.798: [GC [PSYoungGen: 25508K->896K(27648K)] 49072K->24468K(60416K), 0.0023171 secs] [Times: user=0.02 sys=0.00, real=0.00 secs] 
2014-07-09T15:59:58.940+0200: 112.852: [GC [PSYoungGen: 23395K->5090K(27648K)] 46966K->30558K(60416K), 0.0092184 secs] [Times: user=0.00 sys=0.00, real=0.01 secs] 
2014-07-09T15:59:59.038+0200: 112.950: [GC [PSYoungGen: 27592K->3841K(27648K)] 53061K->29318K(60416K), 0.0078652 secs] [Times: user=0.02 sys=0.00, real=0.01 secs] 
2014-07-09T15:59:59.136+0200: 113.048: [GC [PSYoungGen: 26340K->1696K(27648K)] 51817K->27181K(60416K), 0.0022709 secs] [Times: user=0.00 sys=0.01, real=0.00 secs] 
2014-07-09T15:59:59.192+0200: 113.104: [GC [PSYoungGen: 24195K->5090K(27648K)] 49680K->33304K(60416K), 0.0058037 secs] [Times: user=0.00 sys=0.00, real=0.01 secs] 
2014-07-09T15:59:59.297+0200: 113.209: [GC [PSYoungGen: 27606K->4033K(27648K)] 55820K->32255K(60416K), 0.0057311 secs] [Times: user=0.00 sys=0.00, real=0.01 secs] 
2014-07-09T15:59:59.390+0200: 113.303: [GC [PSYoungGen: 26532K->1920K(27648K)] 54754K->30150K(60416K), 0.0031735 secs] [Times: user=0.00 sys=0.00, real=0.00 secs] 
2014-07-09T15:59:59.487+0200: 113.399: [GC [PSYoungGen: 24431K->5090K(27648K)] 52660K->34704K(60416K), 0.0052101 secs] [Times: user=0.00 sys=0.00, real=0.01 secs] 
2014-07-09T15:59:59.493+0200: 113.405: [Full GC [PSYoungGen: 5090K->0K(27648K)] [ParOldGen: 29614K->7489K(32768K)] 34704K->7489K(60416K) [PSPermGen: 2476K->2476K(21504K)], 0.0094226 secs] [Times: user=0.01 sys=0.00, real=0.01 secs] 
2014-07-09T15:59:59.588+0200: 113.500: [GC [PSYoungGen: 22498K->4354K(27648K)] 29988K->11843K(60416K), 0.0055232 secs] [Times: user=0.00 sys=0.02, real=0.01 secs] 
2014-07-09T15:59:59.687+0200: 113.599: [GC [PSYoungGen: 26853K->2209K(27648K)] 34342K->9706K(60416K), 0.0036677 secs] [Times: user=0.00 sys=0.00, real=0.00 secs] 
2014-07-09T15:59:59.738+0200: 113.650: [GC [PSYoungGen: 24717K->5090K(27648K)] 32215K->14293K(60416K), 0.0051687 secs] [Times: user=0.00 sys=0.00, real=0.01 secs] 
2014-07-09T15:59:59.837+0200: 113.749: [GC [PSYoungGen: 27589K->4674K(27648K)] 36792K->13884K(60416K), 0.0043445 secs] [Times: user=0.03 sys=0.00, real=0.00 secs] 
2014-07-09T15:59:59.937+0200: 113.850: [GC [PSYoungGen: 27176K->1536K(27648K)] 36387K->10755K(60416K), 0.0022126 secs] [Times: user=0.00 sys=0.00, real=0.00 secs] 
2014-07-09T15:59:59.998+0200: 113.910: [GC [PSYoungGen: 24035K->5090K(27648K)] 33254K->16846K(60416K), 0.0096958 secs] [Times: user=0.00 sys=0.00, real=0.01 secs] 
2014-07-09T16:00:00.097+0200: 114.009: [GC [PSYoungGen: 27589K->5090K(27648K)] 39345K->17270K(60416K), 0.0073446 secs] [Times: user=0.02 sys=0.00, real=0.01 secs] 
2014-07-09T16:00:00.190+0200: 114.102: [GC [PSYoungGen: 27589K->3393K(27648K)] 39769K->15581K(60416K), 0.0028655 secs] [Times: user=0.00 sys=0.00, real=0.00 secs] 
2014-07-09T16:00:00.288+0200: 114.200: [GC [PSYoungGen: 25912K->5090K(27648K)] 38100K->19495K(60416K), 0.0056981 secs] [Times: user=0.03 sys=0.00, real=0.01 secs] 
2014-07-09T16:00:00.389+0200: 114.301: [GC [PSYoungGen: 27589K->5090K(27648K)] 41994K->19599K(60416K), 0.0066950 secs] [Times: user=0.00 sys=0.00, real=0.01 secs] 
2014-07-09T16:00:00.487+0200: 114.399: [GC [PSYoungGen: 27592K->2048K(27648K)] 42102K->16566K(60416K), 0.0026973 secs] [Times: user=0.00 sys=0.00, real=0.00 secs] 
2014-07-09T16:00:00.542+0200: 114.455: [GC [PSYoungGen: 24547K->5090K(27648K)] 39065K->22657K(60416K), 0.0095301 secs] [Times: user=0.00 sys=0.00, real=0.01 secs] 
2014-07-09T16:00:00.639+0200: 114.551: [GC [PSYoungGen: 27589K->5090K(27648K)] 45156K->23593K(60416K), 0.0081871 secs] [Times: user=0.00 sys=0.00, real=0.01 secs] 
2014-07-09T16:00:00.741+0200: 114.654: [GC [PSYoungGen: 27600K->2337K(27648K)] 46103K->20848K(60416K), 0.0066308 secs] [Times: user=0.00 sys=0.00, real=0.01 secs] 
2014-07-09T16:00:00.836+0200: 114.748: [GC [PSYoungGen: 24836K->256K(27648K)] 43347K->18775K(60416K), 0.0005426 secs] [Times: user=0.00 sys=0.00, real=0.00 secs] 
2014-07-09T16:00:00.892+0200: 114.804: [GC [PSYoungGen: 22755K->5090K(27648K)] 41274K->24866K(60416K), 0.0046800 secs] [Times: user=0.00 sys=0.00, real=0.01 secs] 
2014-07-09T16:00:00.994+0200: 114.906: [GC [PSYoungGen: 27598K->2689K(27648K)] 47374K->22473K(60416K), 0.0036190 secs] [Times: user=0.00 sys=0.00, real=0.00 secs] 
2014-07-09T16:00:01.092+0200: 115.004: [GC [PSYoungGen: 25188K->576K(27648K)] 44972K->20368K(60416K), 0.0019383 secs] [Times: user=0.00 sys=0.00, real=0.00 secs] 
2014-07-09T16:00:01.188+0200: 115.100: [GC [PSYoungGen: 23075K->5090K(27648K)] 42867K->26459K(60416K), 0.0080977 secs] [Times: user=0.01 sys=0.00, real=0.01 secs] 
2014-07-09T16:00:01.288+0200: 115.200: [GC [PSYoungGen: 27604K->2881K(27648K)] 48973K->24257K(60416K), 0.0032366 secs] [Times: user=0.02 sys=0.00, real=0.00 secs] 
2014-07-09T16:00:01.386+0200: 115.298: [GC [PSYoungGen: 25380K->768K(27648K)] 46756K->22152K(60416K), 0.0007003 secs] [Times: user=0.00 sys=0.00, real=0.00 secs] 
2014-07-09T16:00:01.439+0200: 115.351: [GC [PSYoungGen: 23267K->5090K(27648K)] 44651K->28243K(60416K), 0.0091554 secs] [Times: user=0.03 sys=0.00, real=0.01 secs] 
2014-07-09T16:00:01.538+0200: 115.450: [GC [PSYoungGen: 27592K->3713K(27648K)] 50746K->26875K(60416K), 0.0051537 secs] [Times: user=0.03 sys=0.00, real=0.00 secs] 
2014-07-09T16:00:01.637+0200: 115.549: [GC [PSYoungGen: 26212K->1600K(27648K)] 49374K->24770K(60416K), 0.0013272 secs] [Times: user=0.00 sys=0.00, real=0.00 secs] 
2014-07-09T16:00:01.698+0200: 115.610: [GC [PSYoungGen: 24108K->5090K(27648K)] 47278K->29324K(60416K), 0.0081065 secs] [Times: user=0.00 sys=0.00, real=0.01 secs] 
2014-07-09T16:00:01.792+0200: 115.704: [GC [PSYoungGen: 27595K->3489K(27648K)] 51829K->27731K(60416K), 0.0054338 secs] [Times: user=0.00 sys=0.00, real=0.01 secs] 
2014-07-09T16:00:01.889+0200: 115.801: [GC [PSYoungGen: 25988K->1408K(27648K)] 50230K->25658K(60416K), 0.0015607 secs] [Times: user=0.00 sys=0.00, real=0.00 secs] 
2014-07-09T16:00:01.989+0200: 115.901: [GC [PSYoungGen: 23913K->5090K(27648K)] 48163K->30725K(60416K), 0.0086557 secs] [Times: user=0.03 sys=0.00, real=0.01 secs] 
2014-07-09T16:00:02.088+0200: 116.000: [GC [PSYoungGen: 27589K->4354K(27648K)] 53224K->29996K(60416K), 0.0058011 secs] [Times: user=0.00 sys=0.00, real=0.01 secs] 
2014-07-09T16:00:02.186+0200: 116.098: [GC [PSYoungGen: 26853K->2241K(27648K)] 52495K->27891K(60416K), 0.0015802 secs] [Times: user=0.00 sys=0.00, real=0.00 secs] 
2014-07-09T16:00:02.238+0200: 116.150: [GC [PSYoungGen: 24754K->5090K(27648K)] 50404K->32317K(60416K), 0.0059657 secs] [Times: user=0.02 sys=0.00, real=0.01 secs] 
2014-07-09T16:00:02.337+0200: 116.250: [GC [PSYoungGen: 27589K->4546K(27648K)] 54816K->31781K(60416K), 0.0037689 secs] [Times: user=0.00 sys=0.00, real=0.00 secs] 
2014-07-09T16:00:02.436+0200: 116.348: [GC [PSYoungGen: 27045K->2433K(27648K)] 54280K->29676K(60416K), 0.0012557 secs] [Times: user=0.00 sys=0.00, real=0.00 secs] 
2014-07-09T16:00:02.493+0200: 116.405: [GC [PSYoungGen: 24941K->5090K(27648K)] 52184K->34230K(60416K), 0.0059533 secs] [Times: user=0.00 sys=0.00, real=0.01 secs] 
2014-07-09T16:00:02.595+0200: 116.507: [GC [PSYoungGen: 27589K->4866K(27648K)] 56729K->34014K(60416K), 0.0057381 secs] [Times: user=0.03 sys=0.00, real=0.01 secs] 
2014-07-09T16:00:02.696+0200: 116.608: [GC [PSYoungGen: 27365K->2721K(27648K)] 56513K->31877K(60416K), 0.0228892 secs] [Times: user=0.01 sys=0.00, real=0.02 secs] 
2014-07-09T16:00:02.791+0200: 116.703: [GC [PSYoungGen: 25229K->5090K(27648K)] 54385K->36463K(60416K), 0.0069333 secs] [Times: user=0.00 sys=0.00, real=0.01 secs] 
2014-07-09T16:00:02.798+0200: 116.710: [Full GC [PSYoungGen: 5090K->0K(27648K)] [ParOldGen: 31373K->8337K(32768K)] 36463K->8337K(60416K) [PSPermGen: 2476K->2476K(21504K)], 0.0153381 secs] [Times: user=0.02 sys=0.00, real=0.01 secs] 
2014-07-09T16:00:02.889+0200: 116.801: [GC [PSYoungGen: 22498K->5090K(27648K)] 30836K->13523K(60416K), 0.0066770 secs] [Times: user=0.01 sys=0.00, real=0.01 secs] 
2014-07-09T16:00:02.986+0200: 116.898: [GC [PSYoungGen: 27592K->2048K(27648K)] 36026K->10490K(60416K), 0.0010031 secs] [Times: user=0.00 sys=0.00, real=0.00 secs] 
2014-07-09T16:00:03.041+0200: 116.953: [GC [PSYoungGen: 24547K->5090K(27648K)] 32989K->16581K(60416K), 0.0091389 secs] [Times: user=0.00 sys=0.00, real=0.01 secs] 
2014-07-09T16:00:03.138+0200: 117.050: [GC [PSYoungGen: 27589K->5090K(27648K)] 39080K->17517K(60416K), 0.0071459 secs] [Times: user=0.00 sys=0.00, real=0.01 secs] 
2014-07-09T16:00:03.237+0200: 117.149: [GC [PSYoungGen: 27610K->1728K(27648K)] 40037K->14164K(60416K), 0.0022368 secs] [Times: user=0.02 sys=0.00, real=0.00 secs] 
2014-07-09T16:00:03.300+0200: 117.212: [GC [PSYoungGen: 24227K->5090K(27648K)] 36663K->20255K(60416K), 0.0103990 secs] [Times: user=0.03 sys=0.00, real=0.01 secs] 
2014-07-09T16:00:03.396+0200: 117.309: [GC [PSYoungGen: 27589K->5090K(27648K)] 42754K->20871K(60416K), 0.0072075 secs] [Times: user=0.00 sys=0.00, real=0.01 secs] 
2014-07-09T16:00:03.492+0200: 117.404: [GC [PSYoungGen: 27594K->2529K(27648K)] 43376K->18318K(60416K), 0.0052057 secs] [Times: user=0.00 sys=0.00, real=0.00 secs] 
2014-07-09T16:00:03.592+0200: 117.504: [GC [PSYoungGen: 25028K->448K(27648K)] 40817K->16245K(60416K), 0.0023292 secs] [Times: user=0.00 sys=0.00, real=0.00 secs] 
2014-07-09T16:00:03.691+0200: 117.603: [GC [PSYoungGen: 22947K->5090K(27648K)] 38744K->22336K(60416K), 0.0085985 secs] [Times: user=0.03 sys=0.00, real=0.01 secs] 
2014-07-09T16:00:03.788+0200: 117.701: [GC [PSYoungGen: 27598K->2881K(27648K)] 44844K->20135K(60416K), 0.0038756 secs] [Times: user=0.00 sys=0.00, real=0.00 secs] 
2014-07-09T16:00:03.886+0200: 117.798: [GC [PSYoungGen: 25380K->768K(27648K)] 42634K->18030K(60416K), 0.0006262 secs] [Times: user=0.00 sys=0.00, real=0.00 secs] 
2014-07-09T16:00:03.940+0200: 117.852: [GC [PSYoungGen: 23267K->5090K(27648K)] 40529K->24121K(60416K), 0.0091810 secs] [Times: user=0.02 sys=0.00, real=0.01 secs] 
2014-07-09T16:00:04.037+0200: 117.949: [GC [PSYoungGen: 27598K->3201K(27648K)] 46629K->22240K(60416K), 0.0021877 secs] [Times: user=0.00 sys=0.00, real=0.00 secs] 
2014-07-09T16:00:04.136+0200: 118.049: [GC [PSYoungGen: 25700K->1088K(27648K)] 44739K->20135K(60416K), 0.0018328 secs] [Times: user=0.00 sys=0.00, real=0.00 secs] 
2014-07-09T16:00:04.198+0200: 118.110: [GC [PSYoungGen: 23599K->5090K(27648K)] 42645K->25585K(60416K), 0.0084647 secs] [Times: user=0.00 sys=0.00, real=0.01 secs] 
2014-07-09T16:00:04.294+0200: 118.207: [GC [PSYoungGen: 27592K->3393K(27648K)] 48088K->23896K(60416K), 0.0044864 secs] [Times: user=0.00 sys=0.00, real=0.01 secs] 
2014-07-09T16:00:04.389+0200: 118.301: [GC [PSYoungGen: 25892K->1280K(27648K)] 46395K->21791K(60416K), 0.0013213 secs] [Times: user=0.00 sys=0.00, real=0.00 secs] 
2014-07-09T16:00:04.491+0200: 118.404: [GC [PSYoungGen: 23785K->5090K(27648K)] 44296K->26858K(60416K), 0.0077340 secs] [Times: user=0.00 sys=0.00, real=0.01 secs] 
2014-07-09T16:00:04.588+0200: 118.501: [GC [PSYoungGen: 27589K->4226K(27648K)] 49357K->26002K(60416K), 0.0036171 secs] [Times: user=0.00 sys=0.00, real=0.00 secs] 
2014-07-09T16:00:04.687+0200: 118.601: [GC [PSYoungGen: 26723K->2113K(27648K)] 48498K->23896K(60416K), 0.0028567 secs] [Times: user=0.02 sys=0.00, real=0.00 secs] 
2014-07-09T16:00:04.738+0200: 118.651: [GC [PSYoungGen: 24624K->5090K(27648K)] 46408K->27938K(60416K), 0.0049780 secs] [Times: user=0.00 sys=0.00, real=0.01 secs] 
2014-07-09T16:00:04.837+0200: 118.750: [GC [PSYoungGen: 27589K->4033K(27648K)] 50437K->26890K(60416K), 0.0026217 secs] [Times: user=0.00 sys=0.00, real=0.00 secs] 
2014-07-09T16:00:04.937+0200: 118.850: [GC [PSYoungGen: 26532K->1920K(27648K)] 49389K->24785K(60416K), 0.0014735 secs] [Times: user=0.00 sys=0.00, real=0.00 secs] 
2014-07-09T16:00:04.998+0200: 118.911: [GC [PSYoungGen: 24425K->5090K(27648K)] 47289K->29851K(60416K), 0.0099803 secs] [Times: user=0.03 sys=0.00, real=0.01 secs] 
2014-07-09T16:00:05.095+0200: 119.008: [GC [PSYoungGen: 27589K->4866K(27648K)] 52350K->29635K(60416K), 0.0071078 secs] [Times: user=0.03 sys=0.00, real=0.01 secs] 
2014-07-09T16:00:05.190+0200: 119.103: [GC [PSYoungGen: 27365K->2753K(27648K)] 52134K->27530K(60416K), 0.0021877 secs] [Times: user=0.00 sys=0.00, real=0.00 secs] 
2014-07-09T16:00:05.290+0200: 119.203: [GC [PSYoungGen: 25269K->5090K(27648K)] 50046K->31956K(60416K), 0.0095550 secs] [Times: user=0.00 sys=0.00, real=0.01 secs] 
2014-07-09T16:00:05.388+0200: 119.301: [GC [PSYoungGen: 27589K->5058K(27648K)] 54455K->31932K(60416K), 0.0057150 secs] [Times: user=0.03 sys=0.00, real=0.00 secs] 
2014-07-09T16:00:05.488+0200: 119.401: [GC [PSYoungGen: 27566K->1408K(27648K)] 54441K->28291K(60416K), 0.0035885 secs] [Times: user=0.00 sys=0.00, real=0.00 secs] 
2014-07-09T16:00:05.538+0200: 119.451: [GC [PSYoungGen: 23907K->5090K(27648K)] 50790K->34382K(60416K), 0.0060856 secs] [Times: user=0.00 sys=0.00, real=0.01 secs] 
2014-07-09T16:00:05.637+0200: 119.550: [GC [PSYoungGen: 27589K->5090K(27648K)] 56881K->34678K(60416K), 0.0043386 secs] [Times: user=0.00 sys=0.00, real=0.00 secs] 
2014-07-09T16:00:05.737+0200: 119.651: [GC [PSYoungGen: 27598K->1728K(27648K)] 57186K->31324K(60416K), 0.0024953 secs] [Times: user=0.00 sys=0.00, real=0.00 secs] 
2014-07-09T16:00:05.813+0200: 119.726: [GC [PSYoungGen: 24227K->5090K(27648K)] 53823K->37415K(60416K), 0.0096085 secs] [Times: user=0.00 sys=0.00, real=0.01 secs] 
2014-07-09T16:00:05.822+0200: 119.736: [Full GC [PSYoungGen: 5090K->0K(27648K)] [ParOldGen: 32325K->8515K(32768K)] 37415K->8515K(60416K) [PSPermGen: 2476K->2476K(21504K)], 0.0133855 secs] [Times: user=0.02 sys=0.00, real=0.01 secs] 
2014-07-09T16:00:05.898+0200: 119.811: [GC [PSYoungGen: 22498K->5090K(27648K)] 31014K->14182K(60416K), 0.0111106 secs] [Times: user=0.01 sys=0.00, real=0.01 secs] 
2014-07-09T16:00:05.990+0200: 119.903: [GC [PSYoungGen: 27594K->2561K(27648K)] 36686K->11661K(60416K), 0.0020234 secs] [Times: user=0.00 sys=0.00, real=0.00 secs] 
2014-07-09T16:00:06.091+0200: 120.005: [GC [PSYoungGen: 25060K->448K(27648K)] 34160K->9556K(60416K), 0.0017140 secs] [Times: user=0.00 sys=0.00, real=0.00 secs] 
2014-07-09T16:00:06.195+0200: 120.108: [GC [PSYoungGen: 22947K->5090K(27648K)] 32055K->15615K(60416K), 0.0253859 secs] [Times: user=0.00 sys=0.00, real=0.03 secs] 
Heap
 PSYoungGen      total 27648K, used 17458K [0x00000000fe000000, 0x0000000100000000, 0x0000000100000000)
  eden space 22528K, 54% used [0x00000000fe000000,0x00000000fec13ee8,0x00000000ff600000)
  from space 5120K, 99% used [0x00000000ffb00000,0x00000000ffff89e0,0x0000000100000000)
  to   space 5120K, 0% used [0x00000000ff600000,0x00000000ff600000,0x00000000ffb00000)
 ParOldGen       total 32768K, used 10524K [0x00000000fc000000, 0x00000000fe000000, 0x00000000fe000000)
  object space 32768K, 32% used [0x00000000fc000000,0x00000000fca472d0,0x00000000fe000000)
 PSPermGen       total 21504K, used 2483K [0x00000000f6e00000, 0x00000000f8300000, 0x00000000fc000000)
  object space 21504K, 11% used [0x00000000f6e00000,0x00000000f706cd98,0x00000000f8300000)
