2014-07-09T15:43:11.380+0200: 0.200: [GC [PSYoungGen: 12274K->2016K(14336K)] 12274K->3593K(30720K), 0.0075646 secs] [Times: user=0.00 sys=0.00, real=0.01 secs] 
2014-07-09T15:43:11.399+0200: 0.219: [GC [PSYoungGen: 14290K->2016K(14336K)] 15866K->8716K(30720K), 0.0115282 secs] [Times: user=0.00 sys=0.03, real=0.01 secs] 
2014-07-09T15:43:11.480+0200: 0.300: [GC [PSYoungGen: 14298K->2016K(14336K)] 20998K->9700K(30720K), 0.0047214 secs] [Times: user=0.00 sys=0.02, real=0.00 secs] 
2014-07-09T15:43:11.495+0200: 0.315: [GC [PSYoungGen: 14302K->2016K(14336K)] 21985K->14731K(30720K), 0.0084342 secs] [Times: user=0.03 sys=0.00, real=0.01 secs] 
2014-07-09T15:43:11.504+0200: 0.323: [Full GC [PSYoungGen: 2016K->0K(14336K)] [ParOldGen: 12714K->7045K(16384K)] 14731K->7045K(30720K) [PSPermGen: 2474K->2473K(21504K)], 0.0258236 secs] [Times: user=0.01 sys=0.00, real=0.03 secs] 
2014-07-09T15:43:11.578+0200: 0.398: [GC [PSYoungGen: 12284K->1696K(14336K)] 19329K->8742K(30720K), 0.0008520 secs] [Times: user=0.00 sys=0.00, real=0.00 secs] 
2014-07-09T15:43:11.585+0200: 0.405: [GC [PSYoungGen: 13983K->2016K(8192K)] 21028K->12776K(24576K), 0.0079503 secs] [Times: user=0.00 sys=0.00, real=0.01 secs] 
2014-07-09T15:43:11.594+0200: 0.413: [Full GC [PSYoungGen: 2016K->0K(8192K)] [ParOldGen: 10759K->5960K(16384K)] 12776K->5960K(24576K) [PSPermGen: 2474K->2474K(21504K)], 0.0095950 secs] [Times: user=0.00 sys=0.00, real=0.01 secs] 
2014-07-09T15:43:11.629+0200: 0.449: [GC [PSYoungGen: 6123K->3681K(11264K)] 12083K->9642K(27648K), 0.0026778 secs] [Times: user=0.00 sys=0.00, real=0.00 secs] 
2014-07-09T15:43:11.678+0200: 0.498: [GC [PSYoungGen: 9807K->1568K(11264K)] 15767K->7529K(27648K), 0.0025209 secs] [Times: user=0.00 sys=0.00, real=0.00 secs] 
2014-07-09T15:43:11.684+0200: 0.504: [GC [PSYoungGen: 7690K->5090K(11264K)] 13651K->13676K(27648K), 0.0071763 secs] [Times: user=0.02 sys=0.00, real=0.01 secs] 
2014-07-09T15:43:11.695+0200: 0.515: [GC [PSYoungGen: 11212K->5090K(11264K)] 19798K->14228K(27648K), 0.0041271 secs] [Times: user=0.00 sys=0.00, real=0.00 secs] 
2014-07-09T15:43:11.729+0200: 0.549: [GC [PSYoungGen: 11213K->3553K(11264K)] 20351K->12699K(27648K), 0.0022852 secs] [Times: user=0.00 sys=0.00, real=0.00 secs] 
2014-07-09T15:43:11.779+0200: 0.598: [GC [PSYoungGen: 9676K->1472K(11264K)] 18822K->10626K(27648K), 0.0018617 secs] [Times: user=0.00 sys=0.01, real=0.00 secs] 
2014-07-09T15:43:11.786+0200: 0.606: [GC [PSYoungGen: 7593K->5090K(11264K)] 16747K->16693K(27648K), 0.0339998 secs] [Times: user=0.02 sys=0.00, real=0.03 secs] 
2014-07-09T15:43:11.820+0200: 0.640: [Full GC [PSYoungGen: 5090K->0K(11264K)] [ParOldGen: 11603K->7790K(16384K)] 16693K->7790K(27648K) [PSPermGen: 2474K->2474K(21504K)], 0.0318084 secs] [Times: user=0.01 sys=0.00, real=0.03 secs] 
2014-07-09T15:43:11.855+0200: 0.675: [GC [PSYoungGen: 6132K->3937K(11264K)] 13922K->11728K(27648K), 0.0240275 secs] [Times: user=0.03 sys=0.00, real=0.02 secs] 
2014-07-09T15:43:11.883+0200: 0.703: [GC [PSYoungGen: 10060K->1856K(11264K)] 17851K->9655K(27648K), 0.0019358 secs] [Times: user=0.00 sys=0.00, real=0.00 secs] 
2014-07-09T15:43:11.889+0200: 0.709: [GC [PSYoungGen: 7977K->5090K(11264K)] 15776K->15754K(27648K), 0.0058631 secs] [Times: user=0.01 sys=0.00, real=0.01 secs] 
2014-07-09T15:43:11.898+0200: 0.718: [GC [PSYoungGen: 11213K->5090K(11264K)] 21877K->16586K(27648K), 0.0040765 secs] [Times: user=0.00 sys=0.00, real=0.00 secs] 
2014-07-09T15:43:11.902+0200: 0.722: [Full GC [PSYoungGen: 5090K->0K(11264K)] [ParOldGen: 11496K->6129K(16384K)] 16586K->6129K(27648K) [PSPermGen: 2474K->2474K(21504K)], 0.0098241 secs] [Times: user=0.00 sys=0.00, real=0.01 secs] 
2014-07-09T15:43:11.915+0200: 0.735: [GC [PSYoungGen: 6122K->3841K(11264K)] 12252K->9970K(27648K), 0.0029873 secs] [Times: user=0.00 sys=0.00, real=0.00 secs] 
2014-07-09T15:43:11.928+0200: 0.748: [GC [PSYoungGen: 9964K->1728K(11264K)] 16093K->7865K(27648K), 0.0047181 secs] [Times: user=0.00 sys=0.00, real=0.01 secs] 
2014-07-09T15:43:11.936+0200: 0.756: [GC [PSYoungGen: 7849K->5090K(11264K)] 13986K->13964K(27648K), 0.0058235 secs] [Times: user=0.03 sys=0.00, real=0.01 secs] 
2014-07-09T15:43:11.979+0200: 0.799: [GC [PSYoungGen: 11213K->5090K(11264K)] 20087K->14669K(27648K), 0.0052021 secs] [Times: user=0.03 sys=0.00, real=0.00 secs] 
2014-07-09T15:43:11.987+0200: 0.807: [GC [PSYoungGen: 11213K->3713K(11264K)] 20792K->13300K(27648K), 0.0174730 secs] [Times: user=0.01 sys=0.00, real=0.02 secs] 
2014-07-09T15:43:12.028+0200: 0.848: [GC [PSYoungGen: 9836K->1632K(11264K)] 19423K->11227K(27648K), 0.0008498 secs] [Times: user=0.00 sys=0.00, real=0.00 secs] 
2014-07-09T15:43:12.031+0200: 0.851: [GC [PSYoungGen: 7753K->5090K(11264K)] 17348K->17294K(27648K), 0.0054825 secs] [Times: user=0.00 sys=0.00, real=0.01 secs] 
2014-07-09T15:43:12.037+0200: 0.857: [Full GC [PSYoungGen: 5090K->0K(11264K)] [ParOldGen: 12204K->7956K(16384K)] 17294K->7956K(27648K) [PSPermGen: 2474K->2474K(21504K)], 0.0108781 secs] [Times: user=0.03 sys=0.00, real=0.01 secs] 
2014-07-09T15:43:12.079+0200: 0.899: [GC [PSYoungGen: 6132K->4129K(11264K)] 14088K->12086K(27648K), 0.0028457 secs] [Times: user=0.00 sys=0.00, real=0.00 secs] 
2014-07-09T15:43:12.084+0200: 0.904: [GC [PSYoungGen: 10250K->2048K(11264K)] 18207K->10013K(27648K), 0.0016179 secs] [Times: user=0.00 sys=0.00, real=0.00 secs] 
2014-07-09T15:43:12.088+0200: 0.908: [GC [PSYoungGen: 8169K->5090K(11264K)] 16134K->16080K(27648K), 0.0060757 secs] [Times: user=0.03 sys=0.00, real=0.01 secs] 
2014-07-09T15:43:12.132+0200: 0.952: [GC [PSYoungGen: 11213K->5090K(11264K)] 22203K->17072K(27648K), 0.0080412 secs] [Times: user=0.02 sys=0.00, real=0.01 secs] 
2014-07-09T15:43:12.141+0200: 0.960: [Full GC [PSYoungGen: 5090K->0K(11264K)] [ParOldGen: 11982K->6293K(16384K)] 17072K->6293K(27648K) [PSPermGen: 2474K->2474K(21504K)], 0.0219055 secs] [Times: user=0.01 sys=0.00, real=0.02 secs] 
2014-07-09T15:43:12.179+0200: 0.999: [GC [PSYoungGen: 6122K->4001K(11264K)] 12416K->10295K(27648K), 0.0030844 secs] [Times: user=0.00 sys=0.00, real=0.00 secs] 
2014-07-09T15:43:12.185+0200: 1.005: [GC [PSYoungGen: 10124K->1920K(11264K)] 16418K->8222K(27648K), 0.0015578 secs] [Times: user=0.00 sys=0.00, real=0.00 secs] 
2014-07-09T15:43:12.191+0200: 1.010: [GC [PSYoungGen: 8041K->5090K(11264K)] 14343K->14289K(27648K), 0.0064522 secs] [Times: user=0.00 sys=0.00, real=0.01 secs] 
2014-07-09T15:43:12.229+0200: 1.049: [GC [PSYoungGen: 11213K->5090K(11264K)] 20412K->15153K(27648K), 0.0047130 secs] [Times: user=0.03 sys=0.00, real=0.00 secs] 
2014-07-09T15:43:12.279+0200: 1.099: [GC [PSYoungGen: 11213K->3873K(11264K)] 21276K->13945K(27648K), 0.0029414 secs] [Times: user=0.03 sys=0.00, real=0.00 secs] 
2014-07-09T15:43:12.284+0200: 1.104: [GC [PSYoungGen: 9996K->1792K(11264K)] 20068K->11872K(27648K), 0.0015021 secs] [Times: user=0.00 sys=0.00, real=0.00 secs] 
2014-07-09T15:43:12.289+0200: 1.109: [GC [PSYoungGen: 7913K->5090K(11264K)] 17993K->17939K(27648K), 0.0057832 secs] [Times: user=0.00 sys=0.00, real=0.01 secs] 
2014-07-09T15:43:12.295+0200: 1.115: [Full GC [PSYoungGen: 5090K->0K(11264K)] [ParOldGen: 12848K->8119K(16384K)] 17939K->8119K(27648K) [PSPermGen: 2474K->2474K(21504K)], 0.0125624 secs] [Times: user=0.03 sys=0.00, real=0.01 secs] 
2014-07-09T15:43:12.329+0200: 1.149: [GC [PSYoungGen: 6140K->4162K(11264K)] 14259K->12281K(27648K), 0.0029737 secs] [Times: user=0.00 sys=0.00, real=0.00 secs] 
2014-07-09T15:43:12.379+0200: 1.199: [GC [PSYoungGen: 10282K->2048K(11264K)] 18402K->10176K(27648K), 0.0152366 secs] [Times: user=0.01 sys=0.00, real=0.02 secs] 
2014-07-09T15:43:12.400+0200: 1.220: [GC [PSYoungGen: 8169K->5090K(11264K)] 16297K->16267K(27648K), 0.0086989 secs] [Times: user=0.02 sys=0.00, real=0.01 secs] 
2014-07-09T15:43:12.452+0200: 1.272: [GC [PSYoungGen: 11213K->5090K(11264K)] 22390K->17259K(27648K), 0.0050162 secs] [Times: user=0.00 sys=0.00, real=0.01 secs] 
2014-07-09T15:43:12.457+0200: 1.277: [Full GC [PSYoungGen: 5090K->0K(11264K)] [ParOldGen: 12169K->6329K(16384K)] 17259K->6329K(27648K) [PSPermGen: 2474K->2474K(21504K)], 0.0123619 secs] [Times: user=0.03 sys=0.00, real=0.01 secs] 
2014-07-09T15:43:12.472+0200: 1.292: [GC [PSYoungGen: 6122K->4033K(11264K)] 12452K->10363K(27648K), 0.0031280 secs] [Times: user=0.00 sys=0.00, real=0.00 secs] 
2014-07-09T15:43:12.478+0200: 1.298: [GC [PSYoungGen: 10156K->1952K(11264K)] 16486K->8290K(27648K), 0.0014372 secs] [Times: user=0.00 sys=0.00, real=0.00 secs] 
2014-07-09T15:43:12.482+0200: 1.302: [GC [PSYoungGen: 8073K->5090K(11264K)] 14411K->14357K(27648K), 0.0061703 secs] [Times: user=0.01 sys=0.00, real=0.01 secs] 
2014-07-09T15:43:12.491+0200: 1.311: [GC [PSYoungGen: 11213K->5090K(11264K)] 20480K->15253K(27648K), 0.0044937 secs] [Times: user=0.00 sys=0.00, real=0.01 secs] 
2014-07-09T15:43:12.529+0200: 1.349: [GC [PSYoungGen: 11213K->3905K(11264K)] 21376K->14077K(27648K), 0.0024949 secs] [Times: user=0.03 sys=0.00, real=0.00 secs] 
2014-07-09T15:43:12.578+0200: 1.398: [GC [PSYoungGen: 10034K->800K(11264K)] 20205K->10979K(27648K), 0.0006552 secs] [Times: user=0.00 sys=0.00, real=0.00 secs] 
2014-07-09T15:43:12.581+0200: 1.401: [GC [PSYoungGen: 6921K->5090K(11264K)] 17100K->17046K(27648K), 0.0048794 secs] [Times: user=0.00 sys=0.00, real=0.00 secs] 
2014-07-09T15:43:12.589+0200: 1.409: [GC [PSYoungGen: 11213K->4834K(11264K)] 23169K->16790K(27648K), 0.0038389 secs] [Times: user=0.03 sys=0.00, real=0.00 secs] 
2014-07-09T15:43:12.628+0200: 1.448: [GC [PSYoungGen: 10957K->2753K(11264K)] 22913K->14717K(27648K), 0.0014251 secs] [Times: user=0.00 sys=0.00, real=0.00 secs] 
2014-07-09T15:43:12.679+0200: 1.499: [GC [PSYoungGen: 8876K->672K(11264K)] 20840K->12644K(27648K), 0.0016344 secs] [Times: user=0.00 sys=0.00, real=0.00 secs] 
2014-07-09T15:43:12.684+0200: 1.504: [GC [PSYoungGen: 6793K->5090K(11264K)] 18765K->18711K(27648K), 0.0099568 secs] [Times: user=0.03 sys=0.00, real=0.01 secs] 
2014-07-09T15:43:12.695+0200: 1.515: [Full GC [PSYoungGen: 5090K->0K(11264K)] [ParOldGen: 13620K->7002K(16384K)] 18711K->7002K(27648K) [PSPermGen: 2474K->2474K(21504K)], 0.0183078 secs] [Times: user=0.02 sys=0.00, real=0.02 secs] 
2014-07-09T15:43:12.716+0200: 1.536: [GC [PSYoungGen: 6122K->4706K(11264K)] 13125K->11708K(27648K), 0.0041689 secs] [Times: user=0.03 sys=0.00, real=0.00 secs] 
2014-07-09T15:43:12.729+0200: 1.549: [GC [PSYoungGen: 10829K->2625K(11264K)] 17831K->9635K(27648K), 0.0012839 secs] [Times: user=0.00 sys=0.00, real=0.00 secs] 
2014-07-09T15:43:12.778+0200: 1.598: [GC [PSYoungGen: 8748K->512K(11264K)] 15758K->7530K(27648K), 0.0063386 secs] [Times: user=0.01 sys=0.00, real=0.01 secs] 
2014-07-09T15:43:12.789+0200: 1.609: [GC [PSYoungGen: 6633K->5090K(11264K)] 13651K->13629K(27648K), 0.0054649 secs] [Times: user=0.00 sys=0.02, real=0.01 secs] 
2014-07-09T15:43:12.799+0200: 1.619: [GC [PSYoungGen: 11222K->3041K(11264K)] 19761K->11580K(27648K), 0.0023523 secs] [Times: user=0.00 sys=0.00, real=0.00 secs] 
2014-07-09T15:43:12.828+0200: 1.648: [GC [PSYoungGen: 9170K->448K(11264K)] 17709K->8995K(27648K), 0.0006878 secs] [Times: user=0.00 sys=0.00, real=0.00 secs] 
2014-07-09T15:43:12.831+0200: 1.651: [GC [PSYoungGen: 6569K->5090K(11264K)] 15116K->15062K(27648K), 0.0052138 secs] [Times: user=0.00 sys=0.00, real=0.00 secs] 
2014-07-09T15:43:12.879+0200: 1.699: [GC [PSYoungGen: 11213K->4450K(11264K)] 21185K->14421K(27648K), 0.0042822 secs] [Times: user=0.00 sys=0.00, real=0.01 secs] 
2014-07-09T15:43:12.886+0200: 1.706: [GC [PSYoungGen: 10573K->2369K(11264K)] 20544K->12348K(27648K), 0.0148395 secs] [Times: user=0.02 sys=0.00, real=0.02 secs] 
2014-07-09T15:43:12.928+0200: 1.748: [GC [PSYoungGen: 8492K->288K(11264K)] 18471K->10275K(27648K), 0.0006907 secs] [Times: user=0.00 sys=0.00, real=0.00 secs] 
2014-07-09T15:43:12.931+0200: 1.751: [GC [PSYoungGen: 6409K->5090K(11264K)] 16396K->16366K(27648K), 0.0196797 secs] [Times: user=0.01 sys=0.00, real=0.02 secs] 
2014-07-09T15:43:12.988+0200: 1.808: [GC [PSYoungGen: 11213K->4322K(11264K)] 22489K->15598K(27648K), 0.0045909 secs] [Times: user=0.00 sys=0.00, real=0.00 secs] 
2014-07-09T15:43:12.995+0200: 1.815: [GC [PSYoungGen: 10445K->2241K(11264K)] 21721K->13525K(27648K), 0.0176483 secs] [Times: user=0.02 sys=0.00, real=0.02 secs] 
2014-07-09T15:43:13.028+0200: 1.848: [GC [PSYoungGen: 8380K->192K(11264K)] 19664K->11484K(27648K), 0.0006981 secs] [Times: user=0.00 sys=0.00, real=0.00 secs] 
2014-07-09T15:43:13.031+0200: 1.851: [GC [PSYoungGen: 6334K->5090K(11264K)] 17626K->16582K(27648K), 0.0169946 secs] [Times: user=0.02 sys=0.00, real=0.02 secs] 
2014-07-09T15:43:13.079+0200: 1.899: [GC [PSYoungGen: 11213K->3201K(11264K)] 22705K->14701K(27648K), 0.0032292 secs] [Times: user=0.00 sys=0.00, real=0.00 secs] 
2014-07-09T15:43:13.086+0200: 1.906: [GC [PSYoungGen: 9324K->1120K(11264K)] 20824K->12628K(27648K), 0.0343888 secs] [Times: user=0.03 sys=0.00, real=0.04 secs] 
2014-07-09T15:43:13.124+0200: 1.944: [GC [PSYoungGen: 7241K->5090K(11264K)] 18749K->18719K(27648K), 0.0199657 secs] [Times: user=0.02 sys=0.00, real=0.02 secs] 
2014-07-09T15:43:13.147+0200: 1.967: [GC [PSYoungGen: 11213K->5090K(11264K)] 24842K->18783K(27648K), 0.0192486 secs] [Times: user=0.02 sys=0.00, real=0.02 secs] 
2014-07-09T15:43:13.179+0200: 1.999: [GC [PSYoungGen: 11213K->3073K(11264K)] 24906K->16774K(27648K), 0.0036692 secs] [Times: user=0.00 sys=0.00, real=0.00 secs] 
2014-07-09T15:43:13.185+0200: 2.005: [GC [PSYoungGen: 9196K->992K(11264K)] 22897K->14701K(27648K), 0.0053953 secs] [Times: user=0.00 sys=0.00, real=0.01 secs] 
2014-07-09T15:43:13.193+0200: 2.013: [GC [PSYoungGen: 7113K->5090K(11264K)] 20822K->20800K(27648K), 0.0063500 secs] [Times: user=0.00 sys=0.00, real=0.01 secs] 
2014-07-09T15:43:13.200+0200: 2.020: [Full GC [PSYoungGen: 5090K->0K(11264K)] [ParOldGen: 15710K->7606K(16384K)] 20800K->7606K(27648K) [PSPermGen: 2474K->2474K(21504K)], 0.0103649 secs] [Times: user=0.03 sys=0.00, real=0.01 secs] 
2014-07-09T15:43:13.229+0200: 2.049: [GC [PSYoungGen: 6122K->5058K(11264K)] 13729K->12664K(27648K), 0.0037744 secs] [Times: user=0.02 sys=0.00, real=0.00 secs] 
2014-07-09T15:43:13.281+0200: 2.101: [GC [PSYoungGen: 11181K->2977K(11264K)] 18787K->10591K(27648K), 0.0037231 secs] [Times: user=0.00 sys=0.00, real=0.00 secs] 
2014-07-09T15:43:13.291+0200: 2.111: [GC [PSYoungGen: 9100K->896K(11264K)] 16714K->8518K(27648K), 0.0022192 secs] [Times: user=0.00 sys=0.00, real=0.00 secs] 
2014-07-09T15:43:13.299+0200: 2.119: [GC [PSYoungGen: 7017K->5090K(11264K)] 14639K->14585K(27648K), 0.0060317 secs] [Times: user=0.00 sys=0.00, real=0.01 secs] 
2014-07-09T15:43:13.329+0200: 2.149: [GC [PSYoungGen: 11227K->3265K(11264K)] 20722K->12760K(27648K), 0.0016975 secs] [Times: user=0.00 sys=0.00, real=0.00 secs] 
2014-07-09T15:43:13.379+0200: 2.199: [GC [PSYoungGen: 9388K->1184K(11264K)] 18883K->10687K(27648K), 0.0019618 secs] [Times: user=0.00 sys=0.00, real=0.00 secs] 
2014-07-09T15:43:13.386+0200: 2.206: [GC [PSYoungGen: 7305K->5090K(11264K)] 16808K->16754K(27648K), 0.0095260 secs] [Times: user=0.03 sys=0.00, real=0.01 secs] 
2014-07-09T15:43:13.399+0200: 2.219: [GC [PSYoungGen: 11213K->5090K(11264K)] 22877K->16882K(27648K), 0.0071503 secs] [Times: user=0.03 sys=0.00, real=0.01 secs] 
2014-07-09T15:43:13.429+0200: 2.249: [GC [PSYoungGen: 11213K->3137K(11264K)] 23005K->14937K(27648K), 0.0018966 secs] [Times: user=0.00 sys=0.00, real=0.00 secs] 
2014-07-09T15:43:13.502+0200: 2.322: [GC [PSYoungGen: 9260K->1024K(11264K)] 21060K->12832K(27648K), 0.0026771 secs] [Times: user=0.00 sys=0.00, real=0.00 secs] 
2014-07-09T15:43:13.513+0200: 2.333: [GC [PSYoungGen: 7145K->5090K(11264K)] 18953K->18923K(27648K), 0.0193754 secs] [Times: user=0.02 sys=0.00, real=0.02 secs] 
2014-07-09T15:43:13.532+0200: 2.352: [Full GC [PSYoungGen: 5090K->0K(11264K)] [ParOldGen: 13833K->7643K(16384K)] 18923K->7643K(27648K) [PSPermGen: 2474K->2474K(21504K)], 0.0144253 secs] [Times: user=0.01 sys=0.00, real=0.01 secs] 
2014-07-09T15:43:13.550+0200: 2.370: [GC [PSYoungGen: 6122K->5090K(11264K)] 13766K->12733K(27648K), 0.0035434 secs] [Times: user=0.00 sys=0.00, real=0.00 secs] 
2014-07-09T15:43:13.556+0200: 2.376: [GC [PSYoungGen: 11213K->3009K(11264K)] 18856K->10660K(27648K), 0.0021844 secs] [Times: user=0.00 sys=0.00, real=0.00 secs] 
2014-07-09T15:43:13.562+0200: 2.382: [GC [PSYoungGen: 9151K->1216K(11264K)] 16802K->8875K(27648K), 0.0020564 secs] [Times: user=0.00 sys=0.00, real=0.00 secs] 
2014-07-09T15:43:13.579+0200: 2.399: [GC [PSYoungGen: 7328K->5090K(11264K)] 14988K->13173K(27648K), 0.0197190 secs] [Times: user=0.01 sys=0.00, real=0.02 secs] 
2014-07-09T15:43:13.602+0200: 2.422: [GC [PSYoungGen: 11213K->3425K(11264K)] 19296K->11517K(27648K), 0.0025279 secs] [Times: user=0.00 sys=0.00, real=0.00 secs] 
2014-07-09T15:43:13.628+0200: 2.448: [GC [PSYoungGen: 9548K->1344K(11264K)] 17640K->9444K(27648K), 0.0008253 secs] [Times: user=0.00 sys=0.00, real=0.00 secs] 
2014-07-09T15:43:13.631+0200: 2.451: [GC [PSYoungGen: 7465K->5090K(11264K)] 15564K->15510K(27648K), 0.0055676 secs] [Times: user=0.00 sys=0.00, real=0.01 secs] 
2014-07-09T15:43:13.679+0200: 2.499: [GC [PSYoungGen: 11213K->5090K(11264K)] 21633K->15799K(27648K), 0.0041022 secs] [Times: user=0.00 sys=0.00, real=0.00 secs] 
2014-07-09T15:43:13.686+0200: 2.506: [GC [PSYoungGen: 11213K->3297K(11264K)] 21922K->14014K(27648K), 0.0023398 secs] [Times: user=0.00 sys=0.00, real=0.00 secs] 
2014-07-09T15:43:13.729+0200: 2.549: [GC [PSYoungGen: 9420K->1216K(11264K)] 20137K->11941K(27648K), 0.0019512 secs] [Times: user=0.02 sys=0.00, real=0.00 secs] 
2014-07-09T15:43:13.735+0200: 2.555: [GC [PSYoungGen: 7337K->5090K(11264K)] 18062K->18008K(27648K), 0.0092584 secs] [Times: user=0.00 sys=0.00, real=0.01 secs] 
2014-07-09T15:43:13.781+0200: 2.601: [GC [PSYoungGen: 11213K->5090K(11264K)] 24131K->18168K(27648K), 0.0062546 secs] [Times: user=0.00 sys=0.00, real=0.01 secs] 
2014-07-09T15:43:13.791+0200: 2.612: [GC [PSYoungGen: 11213K->3169K(11264K)] 24291K->16255K(27648K), 0.0046220 secs] [Times: user=0.03 sys=0.00, real=0.01 secs] 
2014-07-09T15:43:13.801+0200: 2.621: [GC [PSYoungGen: 9310K->32K(11264K)] 22395K->13125K(27648K), 0.0014471 secs] [Times: user=0.00 sys=0.00, real=0.00 secs] 
2014-07-09T15:43:13.831+0200: 2.651: [GC [PSYoungGen: 6146K->5090K(11264K)] 19240K->18768K(27648K), 0.0042939 secs] [Times: user=0.00 sys=0.00, real=0.00 secs] 
2014-07-09T15:43:13.879+0200: 2.699: [GC [PSYoungGen: 11213K->3585K(11264K)] 24891K->17271K(27648K), 0.0047012 secs] [Times: user=0.00 sys=0.00, real=0.00 secs] 
2014-07-09T15:43:13.886+0200: 2.706: [GC [PSYoungGen: 9708K->1504K(11264K)] 23394K->15198K(27648K), 0.0017323 secs] [Times: user=0.02 sys=0.00, real=0.00 secs] 
2014-07-09T15:43:13.891+0200: 2.711: [GC [PSYoungGen: 7625K->5090K(11264K)] 21319K->21265K(27648K), 0.0054649 secs] [Times: user=0.00 sys=0.00, real=0.01 secs] 
2014-07-09T15:43:13.897+0200: 2.717: [Full GC [PSYoungGen: 5090K->0K(11264K)] [ParOldGen: 16175K->7840K(16384K)] 21265K->7840K(27648K) [PSPermGen: 2474K->2474K(21504K)], 0.0115923 secs] [Times: user=0.02 sys=0.00, real=0.01 secs] 
2014-07-09T15:43:13.929+0200: 2.749: [GC [PSYoungGen: 6122K->5090K(11264K)] 13963K->13379K(27648K), 0.0044945 secs] [Times: user=0.01 sys=0.00, real=0.01 secs] 
2014-07-09T15:43:13.979+0200: 2.799: [GC [PSYoungGen: 11213K->3457K(11264K)] 19502K->11754K(27648K), 0.0022624 secs] [Times: user=0.00 sys=0.02, real=0.00 secs] 
2014-07-09T15:43:13.984+0200: 2.804: [GC [PSYoungGen: 9580K->1376K(11264K)] 17877K->9681K(27648K), 0.0011783 secs] [Times: user=0.00 sys=0.00, real=0.00 secs] 
2014-07-09T15:43:13.987+0200: 2.807: [GC [PSYoungGen: 7497K->5090K(11264K)] 15802K->15748K(27648K), 0.0058869 secs] [Times: user=0.00 sys=0.00, real=0.01 secs] 
2014-07-09T15:43:14.029+0200: 2.849: [GC [PSYoungGen: 11213K->5090K(11264K)] 21871K->16068K(27648K), 0.0040893 secs] [Times: user=0.00 sys=0.00, real=0.00 secs] 
2014-07-09T15:43:14.078+0200: 2.898: [GC [PSYoungGen: 11218K->2305K(11264K)] 22197K->13291K(27648K), 0.0011094 secs] [Times: user=0.00 sys=0.00, real=0.00 secs] 
2014-07-09T15:43:14.082+0200: 2.902: [GC [PSYoungGen: 8428K->224K(11264K)] 19414K->11218K(27648K), 0.0007303 secs] [Times: user=0.00 sys=0.00, real=0.00 secs] 
2014-07-09T15:43:14.085+0200: 2.905: [GC [PSYoungGen: 6345K->5090K(11264K)] 17339K->17285K(27648K), 0.0049868 secs] [Times: user=0.02 sys=0.00, real=0.00 secs] 
2014-07-09T15:43:14.129+0200: 2.949: [GC [PSYoungGen: 11213K->4258K(11264K)] 23408K->16452K(27648K), 0.0031552 secs] [Times: user=0.00 sys=0.00, real=0.00 secs] 
2014-07-09T15:43:14.179+0200: 2.999: [GC [PSYoungGen: 10381K->2177K(11264K)] 22575K->14379K(27648K), 0.0023548 secs] [Times: user=0.00 sys=0.00, real=0.00 secs] 
2014-07-09T15:43:14.187+0200: 3.007: [GC [PSYoungGen: 8300K->64K(11264K)] 20502K->12274K(27648K), 0.0014192 secs] [Times: user=0.00 sys=0.00, real=0.00 secs] 
2014-07-09T15:43:14.193+0200: 3.014: [GC [PSYoungGen: 6185K->5090K(11264K)] 18395K->18373K(27648K), 0.0072192 secs] [Times: user=0.02 sys=0.00, real=0.01 secs] 
2014-07-09T15:43:14.229+0200: 3.049: [GC [PSYoungGen: 11211K->4129K(11264K)] 24494K->17413K(27648K), 0.0031992 secs] [Times: user=0.03 sys=0.00, real=0.00 secs] 
2014-07-09T15:43:14.278+0200: 3.098: [GC [PSYoungGen: 10250K->2016K(11264K)] 23534K->15308K(27648K), 0.0021591 secs] [Times: user=0.00 sys=0.00, real=0.00 secs] 
2014-07-09T15:43:14.284+0200: 3.104: [GC [PSYoungGen: 8137K->5090K(11264K)] 21429K->21407K(27648K), 0.0063016 secs] [Times: user=0.00 sys=0.00, real=0.01 secs] 
2014-07-09T15:43:14.290+0200: 3.110: [Full GC [PSYoungGen: 5090K->0K(11264K)] [ParOldGen: 16316K->8385K(16384K)] 21407K->8385K(27648K) [PSPermGen: 2474K->2474K(21504K)], 0.0113042 secs] [Times: user=0.02 sys=0.00, real=0.01 secs] 
2014-07-09T15:43:14.304+0200: 3.124: [GC [PSYoungGen: 6139K->4930K(11264K)] 14524K->13315K(27648K), 0.0042961 secs] [Times: user=0.03 sys=0.00, real=0.00 secs] 
2014-07-09T15:43:14.328+0200: 3.148: [GC [PSYoungGen: 11056K->1824K(11264K)] 19442K->10218K(27648K), 0.0009624 secs] [Times: user=0.00 sys=0.00, real=0.00 secs] 
2014-07-09T15:43:14.331+0200: 3.151: [GC [PSYoungGen: 7945K->5090K(11264K)] 16339K->16285K(27648K), 0.0060028 secs] [Times: user=0.00 sys=0.00, real=0.01 secs] 
2014-07-09T15:43:14.380+0200: 3.201: [GC [PSYoungGen: 11213K->5090K(11264K)] 22408K->17053K(27648K), 0.0078150 secs] [Times: user=0.03 sys=0.00, real=0.01 secs] 
2014-07-09T15:43:14.393+0200: 3.213: [GC [PSYoungGen: 11213K->3777K(11264K)] 23176K->15748K(27648K), 0.0050814 secs] [Times: user=0.00 sys=0.00, real=0.01 secs] 
2014-07-09T15:43:14.428+0200: 3.248: [GC [PSYoungGen: 9900K->1696K(11264K)] 21871K->13675K(27648K), 0.0012183 secs] [Times: user=0.00 sys=0.00, real=0.00 secs] 
2014-07-09T15:43:14.433+0200: 3.253: [GC [PSYoungGen: 7817K->5090K(11264K)] 19796K->19742K(27648K), 0.0072937 secs] [Times: user=0.00 sys=0.00, real=0.01 secs] 
2014-07-09T15:43:14.441+0200: 3.261: [Full GC [PSYoungGen: 5090K->0K(11264K)] [ParOldGen: 14652K->8035K(16384K)] 19742K->8035K(27648K) [PSPermGen: 2474K->2474K(21504K)], 0.0143336 secs] [Times: user=0.02 sys=0.00, real=0.01 secs] 
2014-07-09T15:43:14.480+0200: 3.300: [GC [PSYoungGen: 6122K->5090K(11264K)] 14158K->13766K(27648K), 0.0047727 secs] [Times: user=0.00 sys=0.00, real=0.00 secs] 
2014-07-09T15:43:14.487+0200: 3.307: [GC [PSYoungGen: 11213K->3649K(11264K)] 19889K->12333K(27648K), 0.0034107 secs] [Times: user=0.00 sys=0.00, real=0.00 secs] 
2014-07-09T15:43:14.528+0200: 3.348: [GC [PSYoungGen: 9778K->544K(11264K)] 18462K->9236K(27648K), 0.0008542 secs] [Times: user=0.00 sys=0.00, real=0.00 secs] 
2014-07-09T15:43:14.531+0200: 3.351: [GC [PSYoungGen: 6665K->5090K(11264K)] 15357K->15303K(27648K), 0.0057755 secs] [Times: user=0.00 sys=0.00, real=0.01 secs] 
2014-07-09T15:43:14.584+0200: 3.404: [GC [PSYoungGen: 11213K->4546K(11264K)] 21425K->14758K(27648K), 0.0169128 secs] [Times: user=0.01 sys=0.00, real=0.02 secs] 
2014-07-09T15:43:14.604+0200: 3.424: [GC [PSYoungGen: 10669K->2465K(11264K)] 20881K->12685K(27648K), 0.0028923 secs] [Times: user=0.02 sys=0.00, real=0.00 secs] 
2014-07-09T15:43:14.628+0200: 3.448: [GC [PSYoungGen: 8588K->416K(11264K)] 18808K->10644K(27648K), 0.0005514 secs] [Times: user=0.00 sys=0.00, real=0.00 secs] 
2014-07-09T15:43:14.630+0200: 3.450: [GC [PSYoungGen: 6537K->5090K(11264K)] 16765K->16711K(27648K), 0.0049623 secs] [Times: user=0.00 sys=0.00, real=0.00 secs] 
2014-07-09T15:43:14.680+0200: 3.500: [GC [PSYoungGen: 11213K->4450K(11264K)] 22834K->16071K(27648K), 0.0058711 secs] [Times: user=0.03 sys=0.00, real=0.01 secs] 
2014-07-09T15:43:14.691+0200: 3.511: [GC [PSYoungGen: 10573K->2369K(11264K)] 22194K->13998K(27648K), 0.0033055 secs] [Times: user=0.00 sys=0.00, real=0.00 secs] 
2014-07-09T15:43:14.728+0200: 3.548: [GC [PSYoungGen: 8492K->288K(11264K)] 20121K->11925K(27648K), 0.0008913 secs] [Times: user=0.00 sys=0.00, real=0.00 secs] 
2014-07-09T15:43:14.731+0200: 3.551: [GC [PSYoungGen: 6409K->5090K(11264K)] 18046K->17992K(27648K), 0.0055199 secs] [Times: user=0.00 sys=0.00, real=0.01 secs] 
2014-07-09T15:43:14.780+0200: 3.600: [GC [PSYoungGen: 11213K->4322K(11264K)] 24115K->17223K(27648K), 0.0052581 secs] [Times: user=0.00 sys=0.00, real=0.01 secs] 
2014-07-09T15:43:14.790+0200: 3.610: [GC [PSYoungGen: 10445K->2241K(11264K)] 23346K->15150K(27648K), 0.0036116 secs] [Times: user=0.03 sys=0.00, real=0.00 secs] 
2014-07-09T15:43:14.799+0200: 3.619: [GC [PSYoungGen: 8384K->160K(11264K)] 21294K->13077K(27648K), 0.0009969 secs] [Times: user=0.00 sys=0.00, real=0.00 secs] 
2014-07-09T15:43:14.829+0200: 3.650: [GC [PSYoungGen: 6303K->4770K(11264K)] 19221K->17696K(27648K), 0.0035530 secs] [Times: user=0.00 sys=0.00, real=0.00 secs] 
2014-07-09T15:43:14.878+0200: 3.698: [GC [PSYoungGen: 10893K->2689K(11264K)] 23819K->15623K(27648K), 0.0013638 secs] [Times: user=0.00 sys=0.00, real=0.00 secs] 
2014-07-09T15:43:14.883+0200: 3.703: [GC [PSYoungGen: 8812K->576K(11264K)] 21746K->13518K(27648K), 0.0016033 secs] [Times: user=0.00 sys=0.00, real=0.00 secs] 
2014-07-09T15:43:14.887+0200: 3.707: [GC [PSYoungGen: 6697K->5090K(11264K)] 19639K->19617K(27648K), 0.0050239 secs] [Times: user=0.00 sys=0.00, real=0.00 secs] 
2014-07-09T15:43:14.892+0200: 3.712: [Full GC [PSYoungGen: 5090K->0K(11264K)] [ParOldGen: 14526K->6948K(16384K)] 19617K->6948K(27648K) [PSPermGen: 2474K->2474K(21504K)], 0.0100103 secs] [Times: user=0.03 sys=0.00, real=0.01 secs] 
2014-07-09T15:43:14.929+0200: 3.749: [GC [PSYoungGen: 6122K->4642K(11264K)] 13071K->11590K(27648K), 0.0033627 secs] [Times: user=0.03 sys=0.00, real=0.00 secs] 
2014-07-09T15:43:14.979+0200: 3.799: [GC [PSYoungGen: 10765K->2529K(11264K)] 17713K->9485K(27648K), 0.0031555 secs] [Times: user=0.00 sys=0.00, real=0.00 secs] 
2014-07-09T15:43:14.985+0200: 3.805: [GC [PSYoungGen: 8652K->480K(11264K)] 15608K->7444K(27648K), 0.0009727 secs] [Times: user=0.00 sys=0.00, real=0.00 secs] 
2014-07-09T15:43:14.988+0200: 3.809: [GC [PSYoungGen: 6601K->5090K(11264K)] 13565K->13511K(27648K), 0.0055899 secs] [Times: user=0.00 sys=0.00, real=0.01 secs] 
2014-07-09T15:43:15.029+0200: 3.849: [GC [PSYoungGen: 11213K->4514K(11264K)] 19634K->12935K(27648K), 0.0034294 secs] [Times: user=0.00 sys=0.00, real=0.00 secs] 
2014-07-09T15:43:15.079+0200: 3.899: [GC [PSYoungGen: 10646K->896K(11264K)] 19067K->9325K(27648K), 0.0017778 secs] [Times: user=0.00 sys=0.00, real=0.00 secs] 
2014-07-09T15:43:15.085+0200: 3.905: [GC [PSYoungGen: 7017K->5090K(11264K)] 15446K->15392K(27648K), 0.0091796 secs] [Times: user=0.03 sys=0.00, real=0.01 secs] 
2014-07-09T15:43:15.099+0200: 3.919: [GC [PSYoungGen: 11213K->4930K(11264K)] 21515K->15232K(27648K), 0.0039691 secs] [Times: user=0.00 sys=0.00, real=0.00 secs] 
2014-07-09T15:43:15.129+0200: 3.949: [GC [PSYoungGen: 11053K->2817K(11264K)] 21355K->13127K(27648K), 0.0030133 secs] [Times: user=0.00 sys=0.00, real=0.00 secs] 
2014-07-09T15:43:15.178+0200: 3.998: [GC [PSYoungGen: 8940K->768K(11264K)] 19250K->11086K(27648K), 0.0006662 secs] [Times: user=0.00 sys=0.00, real=0.00 secs] 
2014-07-09T15:43:15.181+0200: 4.001: [GC [PSYoungGen: 6889K->5090K(11264K)] 17207K->17153K(27648K), 0.0053854 secs] [Times: user=0.03 sys=0.00, real=0.01 secs] 
2014-07-09T15:43:15.188+0200: 4.008: [GC [PSYoungGen: 11213K->4802K(11264K)] 23276K->16865K(27648K), 0.0038305 secs] [Times: user=0.00 sys=0.00, real=0.00 secs] 
2014-07-09T15:43:15.230+0200: 4.050: [GC [PSYoungGen: 10925K->2721K(11264K)] 22988K->14792K(27648K), 0.0031753 secs] [Times: user=0.00 sys=0.00, real=0.00 secs] 
2014-07-09T15:43:15.278+0200: 4.098: [GC [PSYoungGen: 8844K->640K(11264K)] 20915K->12719K(27648K), 0.0012722 secs] [Times: user=0.00 sys=0.00, real=0.00 secs] 
2014-07-09T15:43:15.283+0200: 4.103: [GC [PSYoungGen: 6761K->5090K(11264K)] 18840K->18786K(27648K), 0.0088914 secs] [Times: user=0.03 sys=0.00, real=0.01 secs] 
2014-07-09T15:43:15.296+0200: 4.117: [GC [PSYoungGen: 11213K->4674K(11264K)] 24909K->18370K(27648K), 0.0067767 secs] [Times: user=0.00 sys=0.00, real=0.01 secs] 
2014-07-09T15:43:15.328+0200: 4.148: [GC [PSYoungGen: 10811K->928K(11264K)] 24507K->14632K(27648K), 0.0007992 secs] [Times: user=0.00 sys=0.00, real=0.00 secs] 
2014-07-09T15:43:15.331+0200: 4.151: [GC [PSYoungGen: 7049K->5090K(11264K)] 20753K->20699K(27648K), 0.0052867 secs] [Times: user=0.00 sys=0.00, real=0.01 secs] 
2014-07-09T15:43:15.337+0200: 4.157: [Full GC [PSYoungGen: 5090K->0K(11264K)] [ParOldGen: 15608K->7507K(16384K)] 20699K->7507K(27648K) [PSPermGen: 2474K->2474K(21504K)], 0.0099422 secs] [Times: user=0.03 sys=0.00, real=0.01 secs] 
2014-07-09T15:43:15.379+0200: 4.199: [GC [PSYoungGen: 6122K->4962K(11264K)] 13630K->12470K(27648K), 0.0037348 secs] [Times: user=0.00 sys=0.00, real=0.00 secs] 
2014-07-09T15:43:15.386+0200: 4.206: [GC [PSYoungGen: 11085K->2881K(11264K)] 18593K->10397K(27648K), 0.0020245 secs] [Times: user=0.00 sys=0.00, real=0.00 secs] 
2014-07-09T15:43:15.428+0200: 4.248: [GC [PSYoungGen: 9004K->800K(11264K)] 16520K->8324K(27648K), 0.0013994 secs] [Times: user=0.00 sys=0.00, real=0.00 secs] 
2014-07-09T15:43:15.434+0200: 4.254: [GC [PSYoungGen: 6921K->5090K(11264K)] 14445K->14391K(27648K), 0.0086766 secs] [Times: user=0.00 sys=0.00, real=0.01 secs] 
2014-07-09T15:43:15.481+0200: 4.301: [GC [PSYoungGen: 11213K->4834K(11264K)] 20514K->14134K(27648K), 0.0060952 secs] [Times: user=0.00 sys=0.00, real=0.01 secs] 
2014-07-09T15:43:15.492+0200: 4.313: [GC [PSYoungGen: 10957K->2753K(11264K)] 20257K->12061K(27648K), 0.0040036 secs] [Times: user=0.03 sys=0.00, real=0.00 secs] 
2014-07-09T15:43:15.528+0200: 4.348: [GC [PSYoungGen: 8876K->672K(11264K)] 18184K->9988K(27648K), 0.0006720 secs] [Times: user=0.00 sys=0.00, real=0.00 secs] 
2014-07-09T15:43:15.530+0200: 4.351: [GC [PSYoungGen: 6793K->5090K(11264K)] 16109K->16055K(27648K), 0.0053007 secs] [Times: user=0.00 sys=0.00, real=0.01 secs] 
2014-07-09T15:43:15.581+0200: 4.401: [GC [PSYoungGen: 11216K->3681K(11264K)] 22182K->14647K(27648K), 0.0024678 secs] [Times: user=0.00 sys=0.00, real=0.00 secs] 
2014-07-09T15:43:15.586+0200: 4.406: [GC [PSYoungGen: 9804K->1600K(11264K)] 20770K->12574K(27648K), 0.0016927 secs] [Times: user=0.03 sys=0.00, real=0.00 secs] 
2014-07-09T15:43:15.590+0200: 4.410: [GC [PSYoungGen: 7721K->5090K(11264K)] 18695K->18641K(27648K), 0.0058660 secs] [Times: user=0.00 sys=0.00, real=0.01 secs] 
2014-07-09T15:43:15.596+0200: 4.416: [Full GC [PSYoungGen: 5090K->0K(11264K)] [ParOldGen: 13550K->7944K(16384K)] 18641K->7944K(27648K) [PSPermGen: 2474K->2474K(21504K)], 0.0136253 secs] [Times: user=0.02 sys=0.00, real=0.01 secs] 
2014-07-09T15:43:15.629+0200: 4.449: [GC [PSYoungGen: 6122K->5090K(11264K)] 14067K->13579K(27648K), 0.0043647 secs] [Times: user=0.02 sys=0.00, real=0.01 secs] 
2014-07-09T15:43:15.681+0200: 4.502: [GC [PSYoungGen: 11213K->3521K(11264K)] 19702K->12018K(27648K), 0.0162914 secs] [Times: user=0.02 sys=0.00, real=0.02 secs] 
2014-07-09T15:43:15.701+0200: 4.521: [GC [PSYoungGen: 9644K->1472K(11264K)] 18141K->9977K(27648K), 0.0013367 secs] [Times: user=0.00 sys=0.00, real=0.00 secs] 
2014-07-09T15:43:15.706+0200: 4.526: [GC [PSYoungGen: 7593K->5090K(11264K)] 16098K->16044K(27648K), 0.0059368 secs] [Times: user=0.02 sys=0.00, real=0.01 secs] 
2014-07-09T15:43:15.729+0200: 4.549: [GC [PSYoungGen: 11213K->5090K(11264K)] 22167K->16460K(27648K), 0.0043438 secs] [Times: user=0.00 sys=0.00, real=0.00 secs] 
2014-07-09T15:43:15.779+0200: 4.599: [GC [PSYoungGen: 11213K->3425K(11264K)] 22583K->14803K(27648K), 0.0022470 secs] [Times: user=0.00 sys=0.00, real=0.00 secs] 
2014-07-09T15:43:15.784+0200: 4.604: [GC [PSYoungGen: 9567K->320K(11264K)] 20945K->11706K(27648K), 0.0008242 secs] [Times: user=0.00 sys=0.00, real=0.00 secs] 
2014-07-09T15:43:15.787+0200: 4.607: [GC [PSYoungGen: 6437K->5090K(11264K)] 17823K->16804K(27648K), 0.0046807 secs] [Times: user=0.03 sys=0.00, real=0.01 secs] 
2014-07-09T15:43:15.828+0200: 4.649: [GC [PSYoungGen: 11213K->3329K(11264K)] 22927K->15051K(27648K), 0.0026947 secs] [Times: user=0.00 sys=0.00, real=0.00 secs] 
2014-07-09T15:43:15.878+0200: 4.698: [GC [PSYoungGen: 9452K->1248K(11264K)] 21174K->12978K(27648K), 0.0008850 secs] [Times: user=0.00 sys=0.00, real=0.00 secs] 
2014-07-09T15:43:15.881+0200: 4.701: [GC [PSYoungGen: 7369K->5090K(11264K)] 19099K->19045K(27648K), 0.0060772 secs] [Times: user=0.02 sys=0.00, real=0.01 secs] 
2014-07-09T15:43:15.887+0200: 4.708: [Full GC [PSYoungGen: 5090K->0K(11264K)] [ParOldGen: 13955K->7821K(16384K)] 19045K->7821K(27648K) [PSPermGen: 2474K->2474K(21504K)], 0.0113460 secs] [Times: user=0.01 sys=0.00, real=0.01 secs] 
2014-07-09T15:43:15.901+0200: 4.722: [GC [PSYoungGen: 6122K->5090K(11264K)] 13944K->13104K(27648K), 0.0045275 secs] [Times: user=0.00 sys=0.00, real=0.00 secs] 
2014-07-09T15:43:15.929+0200: 4.749: [GC [PSYoungGen: 11213K->3201K(11264K)] 19227K->11223K(27648K), 0.0020388 secs] [Times: user=0.00 sys=0.00, real=0.00 secs] 
2014-07-09T15:43:15.979+0200: 4.799: [GC [PSYoungGen: 9324K->1120K(11264K)] 17346K->9150K(27648K), 0.0016868 secs] [Times: user=0.00 sys=0.00, real=0.00 secs] 
2014-07-09T15:43:15.984+0200: 4.805: [GC [PSYoungGen: 7241K->5090K(11264K)] 15271K->15217K(27648K), 0.0096008 secs] [Times: user=0.03 sys=0.00, real=0.01 secs] 
2014-07-09T15:43:15.998+0200: 4.819: [GC [PSYoungGen: 11213K->5090K(11264K)] 21340K->15281K(27648K), 0.0045506 secs] [Times: user=0.00 sys=0.00, real=0.01 secs] 
2014-07-09T15:43:16.029+0200: 4.849: [GC [PSYoungGen: 11213K->3073K(11264K)] 21404K->13272K(27648K), 0.0018441 secs] [Times: user=0.00 sys=0.00, real=0.00 secs] 
2014-07-09T15:43:16.034+0200: 4.854: [GC [PSYoungGen: 9215K->1280K(11264K)] 19414K->11486K(27648K), 0.0012418 secs] [Times: user=0.00 sys=0.00, real=0.00 secs] 
2014-07-09T15:43:16.080+0200: 4.900: [GC [PSYoungGen: 7419K->5090K(11264K)] 17625K->16297K(27648K), 0.0118691 secs] [Times: user=0.02 sys=0.00, real=0.01 secs] 
2014-07-09T15:43:16.094+0200: 4.914: [GC [PSYoungGen: 11213K->4033K(11264K)] 22420K->15249K(27648K), 0.0034287 secs] [Times: user=0.00 sys=0.00, real=0.00 secs] 
2014-07-09T15:43:16.128+0200: 4.948: [GC [PSYoungGen: 10156K->1920K(11264K)] 21372K->13144K(27648K), 0.0015006 secs] [Times: user=0.00 sys=0.00, real=0.00 secs] 
2014-07-09T15:43:16.132+0200: 4.953: [GC [PSYoungGen: 8041K->5090K(11264K)] 19265K->19243K(27648K), 0.0069054 secs] [Times: user=0.02 sys=0.00, real=0.01 secs] 
2014-07-09T15:43:16.140+0200: 4.960: [Full GC [PSYoungGen: 5090K->0K(11264K)] [ParOldGen: 14152K->8298K(16384K)] 19243K->8298K(27648K) [PSPermGen: 2474K->2474K(21504K)], 0.0142702 secs] [Times: user=0.02 sys=0.00, real=0.02 secs] 
2014-07-09T15:43:16.180+0200: 5.000: [GC [PSYoungGen: 6122K->5090K(11264K)] 14421K->14285K(27648K), 0.0045737 secs] [Times: user=0.00 sys=0.00, real=0.00 secs] 
2014-07-09T15:43:16.186+0200: 5.007: [GC [PSYoungGen: 11213K->3905K(11264K)] 20408K->13109K(27648K), 0.0029832 secs] [Times: user=0.00 sys=0.00, real=0.00 secs] 
2014-07-09T15:43:16.229+0200: 5.049: [GC [PSYoungGen: 10028K->1792K(11264K)] 19232K->11004K(27648K), 0.0142412 secs] [Times: user=0.00 sys=0.00, real=0.01 secs] 
2014-07-09T15:43:16.246+0200: 5.066: [GC [PSYoungGen: 7913K->5090K(11264K)] 17125K->17095K(27648K), 0.0061861 secs] [Times: user=0.00 sys=0.00, real=0.01 secs] 
2014-07-09T15:43:16.279+0200: 5.099: [GC [PSYoungGen: 11213K->5090K(11264K)] 23218K->17863K(27648K), 0.0045572 secs] [Times: user=0.00 sys=0.00, real=0.00 secs] 
2014-07-09T15:43:16.286+0200: 5.106: [GC [PSYoungGen: 11213K->3777K(11264K)] 23986K->16558K(27648K), 0.0029612 secs] [Times: user=0.02 sys=0.00, real=0.00 secs] 
2014-07-09T15:43:16.292+0200: 5.112: [GC [PSYoungGen: 9921K->128K(11264K)] 22702K->12916K(27648K), 0.0008429 secs] [Times: user=0.00 sys=0.00, real=0.00 secs] 
2014-07-09T15:43:16.329+0200: 5.150: [GC [PSYoungGen: 6244K->5090K(11264K)] 19033K->18943K(27648K), 0.0047584 secs] [Times: user=0.00 sys=0.00, real=0.01 secs] 
2014-07-09T15:43:16.334+0200: 5.154: [Full GC [PSYoungGen: 5090K->0K(11264K)] [ParOldGen: 13853K->6379K(16384K)] 18943K->6379K(27648K) [PSPermGen: 2474K->2474K(21504K)], 0.0101339 secs] [Times: user=0.03 sys=0.00, real=0.01 secs] 
2014-07-09T15:43:16.379+0200: 5.199: [GC [PSYoungGen: 6122K->4065K(11264K)] 12502K->10445K(27648K), 0.0028358 secs] [Times: user=0.00 sys=0.00, real=0.00 secs] 
2014-07-09T15:43:16.385+0200: 5.205: [GC [PSYoungGen: 10188K->1984K(11264K)] 16568K->8372K(27648K), 0.0013939 secs] [Times: user=0.00 sys=0.00, real=0.00 secs] 
2014-07-09T15:43:16.389+0200: 5.209: [GC [PSYoungGen: 8105K->5090K(11264K)] 14493K->14439K(27648K), 0.0059650 secs] [Times: user=0.00 sys=0.00, real=0.01 secs] 
2014-07-09T15:43:16.429+0200: 5.250: [GC [PSYoungGen: 11213K->5090K(11264K)] 20562K->15367K(27648K), 0.0048043 secs] [Times: user=0.00 sys=0.01, real=0.01 secs] 
2014-07-09T15:43:16.480+0200: 5.300: [GC [PSYoungGen: 11213K->3937K(11264K)] 21490K->14223K(27648K), 0.0050085 secs] [Times: user=0.00 sys=0.00, real=0.00 secs] 
2014-07-09T15:43:16.490+0200: 5.310: [GC [PSYoungGen: 10060K->1856K(11264K)] 20346K->12150K(27648K), 0.0032740 secs] [Times: user=0.03 sys=0.00, real=0.00 secs] 
2014-07-09T15:43:16.498+0200: 5.318: [GC [PSYoungGen: 7977K->5090K(11264K)] 18271K->18217K(27648K), 0.0102124 secs] [Times: user=0.02 sys=0.00, real=0.01 secs] 
2014-07-09T15:43:16.508+0200: 5.328: [Full GC [PSYoungGen: 5090K->0K(11264K)] [ParOldGen: 13126K->8204K(16384K)] 18217K->8204K(27648K) [PSPermGen: 2474K->2474K(21504K)], 0.0153151 secs] [Times: user=0.03 sys=0.00, real=0.02 secs] 
2014-07-09T15:43:16.529+0200: 5.350: [GC [PSYoungGen: 6122K->5090K(11264K)] 14327K->14095K(27648K), 0.0046576 secs] [Times: user=0.00 sys=0.00, real=0.00 secs] 
2014-07-09T15:43:16.579+0200: 5.399: [GC [PSYoungGen: 11224K->2273K(11264K)] 20229K->11285K(27648K), 0.0024076 secs] [Times: user=0.00 sys=0.00, real=0.00 secs] 
2014-07-09T15:43:16.586+0200: 5.407: [GC [PSYoungGen: 8396K->192K(11264K)] 17408K->9212K(27648K), 0.0021246 secs] [Times: user=0.00 sys=0.00, real=0.00 secs] 
2014-07-09T15:43:16.593+0200: 5.413: [GC [PSYoungGen: 6313K->5090K(11264K)] 15333K->15279K(27648K), 0.0072192 secs] [Times: user=0.00 sys=0.00, real=0.01 secs] 
2014-07-09T15:43:16.629+0200: 5.449: [GC [PSYoungGen: 11213K->4226K(11264K)] 21402K->14415K(27648K), 0.0032564 secs] [Times: user=0.00 sys=0.00, real=0.00 secs] 
2014-07-09T15:43:16.679+0200: 5.499: [GC [PSYoungGen: 10349K->2145K(11264K)] 20538K->12342K(27648K), 0.0015659 secs] [Times: user=0.00 sys=0.00, real=0.00 secs] 
2014-07-09T15:43:16.683+0200: 5.503: [GC [PSYoungGen: 8266K->32K(11264K)] 18463K->10237K(27648K), 0.0010793 secs] [Times: user=0.00 sys=0.00, real=0.00 secs] 
2014-07-09T15:43:16.686+0200: 5.507: [GC [PSYoungGen: 6152K->5090K(11264K)] 16358K->16336K(27648K), 0.0051984 secs] [Times: user=0.00 sys=0.00, real=0.01 secs] 
2014-07-09T15:43:16.729+0200: 5.550: [GC [PSYoungGen: 11211K->4097K(11264K)] 22457K->15343K(27648K), 0.0027809 secs] [Times: user=0.00 sys=0.00, real=0.00 secs] 
2014-07-09T15:43:16.778+0200: 5.599: [GC [PSYoungGen: 10220K->1984K(11264K)] 21466K->13238K(27648K), 0.0045014 secs] [Times: user=0.00 sys=0.00, real=0.00 secs] 
2014-07-09T15:43:16.785+0200: 5.605: [GC [PSYoungGen: 8105K->5090K(11264K)] 19359K->19337K(27648K), 0.0060713 secs] [Times: user=0.03 sys=0.00, real=0.01 secs] 
2014-07-09T15:43:16.791+0200: 5.611: [Full GC [PSYoungGen: 5090K->0K(11264K)] [ParOldGen: 14247K->8365K(16384K)] 19337K->8365K(27648K) [PSPermGen: 2474K->2474K(21504K)], 0.0108426 secs] [Times: user=0.00 sys=0.00, real=0.01 secs] 
2014-07-09T15:43:16.805+0200: 5.625: [GC [PSYoungGen: 6128K->5090K(11264K)] 14494K->13904K(27648K), 0.0046129 secs] [Times: user=0.00 sys=0.00, real=0.00 secs] 
2014-07-09T15:43:16.829+0200: 5.649: [GC [PSYoungGen: 11218K->2433K(11264K)] 20032K->11254K(27648K), 0.0015079 secs] [Times: user=0.00 sys=0.00, real=0.00 secs] 
2014-07-09T15:43:16.878+0200: 5.698: [GC [PSYoungGen: 8556K->352K(11264K)] 17377K->9181K(27648K), 0.0005921 secs] [Times: user=0.00 sys=0.00, real=0.00 secs] 
2014-07-09T15:43:16.881+0200: 5.701: [GC [PSYoungGen: 6473K->5090K(11264K)] 15302K->15248K(27648K), 0.0049062 secs] [Times: user=0.01 sys=0.00, real=0.00 secs] 
2014-07-09T15:43:16.888+0200: 5.708: [GC [PSYoungGen: 11213K->4386K(11264K)] 21371K->14544K(27648K), 0.0035779 secs] [Times: user=0.00 sys=0.00, real=0.00 secs] 
2014-07-09T15:43:16.928+0200: 5.749: [GC [PSYoungGen: 10509K->2305K(11264K)] 20667K->12471K(27648K), 0.0028113 secs] [Times: user=0.00 sys=0.02, real=0.00 secs] 
2014-07-09T15:43:16.978+0200: 5.799: [GC [PSYoungGen: 8428K->224K(11264K)] 18594K->10398K(27648K), 0.0014650 secs] [Times: user=0.00 sys=0.00, real=0.00 secs] 
2014-07-09T15:43:16.983+0200: 5.804: [GC [PSYoungGen: 6345K->5090K(11264K)] 16519K->16465K(27648K), 0.0311555 secs] [Times: user=0.02 sys=0.00, real=0.03 secs] 
2014-07-09T15:43:17.019+0200: 5.839: [GC [PSYoungGen: 11213K->4258K(11264K)] 22588K->15633K(27648K), 0.0033693 secs] [Times: user=0.00 sys=0.00, real=0.00 secs] 
2014-07-09T15:43:17.029+0200: 5.849: [GC [PSYoungGen: 10384K->1152K(11264K)] 21759K->12535K(27648K), 0.0011266 secs] [Times: user=0.00 sys=0.00, real=0.00 secs] 
2014-07-09T15:43:17.032+0200: 5.852: [GC [PSYoungGen: 7273K->5090K(11264K)] 18656K->18602K(27648K), 0.0056801 secs] [Times: user=0.02 sys=0.00, real=0.01 secs] 
2014-07-09T15:43:17.079+0200: 5.899: [GC [PSYoungGen: 11213K->5090K(11264K)] 24725K->18698K(27648K), 0.0042074 secs] [Times: user=0.00 sys=0.00, real=0.00 secs] 
2014-07-09T15:43:17.086+0200: 5.906: [GC [PSYoungGen: 11213K->3105K(11264K)] 24821K->16721K(27648K), 0.0022360 secs] [Times: user=0.00 sys=0.00, real=0.00 secs] 
2014-07-09T15:43:17.128+0200: 5.948: [GC [PSYoungGen: 9228K->1024K(11264K)] 22844K->14648K(27648K), 0.0008663 secs] [Times: user=0.00 sys=0.00, real=0.00 secs] 
2014-07-09T15:43:17.131+0200: 5.951: [GC [PSYoungGen: 7145K->5090K(11264K)] 20769K->20715K(27648K), 0.0060336 secs] [Times: user=0.03 sys=0.00, real=0.01 secs] 
2014-07-09T15:43:17.137+0200: 5.958: [Full GC [PSYoungGen: 5090K->0K(11264K)] [ParOldGen: 15625K->7600K(16384K)] 20715K->7600K(27648K) [PSPermGen: 2474K->2474K(21504K)], 0.0135399 secs] [Times: user=0.01 sys=0.00, real=0.01 secs] 
2014-07-09T15:43:17.179+0200: 5.999: [GC [PSYoungGen: 6122K->5058K(11264K)] 13723K->12659K(27648K), 0.0038734 secs] [Times: user=0.00 sys=0.00, real=0.00 secs] 
2014-07-09T15:43:17.186+0200: 6.006: [GC [PSYoungGen: 11181K->2977K(11264K)] 18782K->10586K(27648K), 0.0022009 secs] [Times: user=0.00 sys=0.00, real=0.00 secs] 
2014-07-09T15:43:17.228+0200: 6.048: [GC [PSYoungGen: 9100K->896K(11264K)] 16709K->8513K(27648K), 0.0015112 secs] [Times: user=0.00 sys=0.00, real=0.00 secs] 
2014-07-09T15:43:17.234+0200: 6.054: [GC [PSYoungGen: 7017K->5090K(11264K)] 14634K->14580K(27648K), 0.0092833 secs] [Times: user=0.03 sys=0.00, real=0.01 secs] 
2014-07-09T15:43:17.281+0200: 6.101: [GC [PSYoungGen: 11213K->4930K(11264K)] 20703K->14419K(27648K), 0.0062931 secs] [Times: user=0.02 sys=0.00, real=0.01 secs] 
2014-07-09T15:43:17.295+0200: 6.116: [GC [PSYoungGen: 11053K->2817K(11264K)] 20542K->12314K(27648K), 0.0285554 secs] [Times: user=0.00 sys=0.00, real=0.03 secs] 
2014-07-09T15:43:17.327+0200: 6.147: [GC [PSYoungGen: 8959K->128K(11264K)] 18456K->9633K(27648K), 0.0025352 secs] [Times: user=0.00 sys=0.00, real=0.00 secs] 
2014-07-09T15:43:17.333+0200: 6.153: [GC [PSYoungGen: 6252K->4706K(11264K)] 15757K->14219K(27648K), 0.0038397 secs] [Times: user=0.03 sys=0.00, real=0.00 secs] 
2014-07-09T15:43:17.378+0200: 6.198: [GC [PSYoungGen: 10829K->2625K(11264K)] 20342K->12146K(27648K), 0.0012300 secs] [Times: user=0.00 sys=0.00, real=0.00 secs] 
2014-07-09T15:43:17.382+0200: 6.202: [GC [PSYoungGen: 8748K->544K(11264K)] 18269K->10073K(27648K), 0.0008201 secs] [Times: user=0.00 sys=0.00, real=0.00 secs] 
2014-07-09T15:43:17.385+0200: 6.205: [GC [PSYoungGen: 6665K->5090K(11264K)] 16194K->16140K(27648K), 0.0049931 secs] [Times: user=0.00 sys=0.00, real=0.01 secs] 
2014-07-09T15:43:17.429+0200: 6.249: [GC [PSYoungGen: 11213K->4578K(11264K)] 22263K->15628K(27648K), 0.0032380 secs] [Times: user=0.00 sys=0.00, real=0.00 secs] 
2014-07-09T15:43:17.479+0200: 6.300: [GC [PSYoungGen: 10701K->2497K(11264K)] 21751K->13555K(27648K), 0.0027200 secs] [Times: user=0.00 sys=0.00, real=0.00 secs] 
2014-07-09T15:43:17.487+0200: 6.307: [GC [PSYoungGen: 8620K->416K(11264K)] 19678K->11482K(27648K), 0.0016619 secs] [Times: user=0.00 sys=0.00, real=0.00 secs] 
2014-07-09T15:43:17.494+0200: 6.314: [GC [PSYoungGen: 6537K->5090K(11264K)] 17603K->17549K(27648K), 0.0069751 secs] [Times: user=0.00 sys=0.00, real=0.01 secs] 
2014-07-09T15:43:17.529+0200: 6.350: [GC [PSYoungGen: 11213K->4450K(11264K)] 23672K->16909K(27648K), 0.0030551 secs] [Times: user=0.00 sys=0.00, real=0.00 secs] 
2014-07-09T15:43:17.578+0200: 6.399: [GC [PSYoungGen: 10576K->1344K(11264K)] 23035K->13811K(27648K), 0.0012128 secs] [Times: user=0.00 sys=0.00, real=0.00 secs] 
2014-07-09T15:43:17.582+0200: 6.402: [GC [PSYoungGen: 7465K->5090K(11264K)] 19932K->19878K(27648K), 0.0060130 secs] [Times: user=0.03 sys=0.00, real=0.01 secs] 
2014-07-09T15:43:17.588+0200: 6.409: [Full GC [PSYoungGen: 5090K->0K(11264K)] [ParOldGen: 14788K->7932K(16384K)] 19878K->7932K(27648K) [PSPermGen: 2474K->2474K(21504K)], 0.0216250 secs] [Times: user=0.02 sys=0.00, real=0.02 secs] 
2014-07-09T15:43:17.613+0200: 6.433: [GC [PSYoungGen: 6122K->5090K(11264K)] 14055K->13310K(27648K), 0.0049476 secs] [Times: user=0.03 sys=0.00, real=0.01 secs] 
2014-07-09T15:43:17.629+0200: 6.449: [GC [PSYoungGen: 11213K->3297K(11264K)] 19433K->11525K(27648K), 0.0021587 secs] [Times: user=0.02 sys=0.00, real=0.00 secs] 
2014-07-09T15:43:17.678+0200: 6.498: [GC [PSYoungGen: 9420K->1216K(11264K)] 17648K->9452K(27648K), 0.0016154 secs] [Times: user=0.00 sys=0.00, real=0.00 secs] 
2014-07-09T15:43:17.684+0200: 6.505: [GC [PSYoungGen: 7337K->5090K(11264K)] 15573K->15519K(27648K), 0.0093204 secs] [Times: user=0.03 sys=0.00, real=0.01 secs] 
2014-07-09T15:43:17.699+0200: 6.519: [GC [PSYoungGen: 11213K->5090K(11264K)] 21642K->15679K(27648K), 0.0068009 secs] [Times: user=0.00 sys=0.00, real=0.01 secs] 
2014-07-09T15:43:17.729+0200: 6.549: [GC [PSYoungGen: 11213K->3169K(11264K)] 21802K->13766K(27648K), 0.0020304 secs] [Times: user=0.00 sys=0.00, real=0.00 secs] 
2014-07-09T15:43:17.779+0200: 6.599: [GC [PSYoungGen: 9292K->1088K(11264K)] 19889K->11693K(27648K), 0.0019087 secs] [Times: user=0.00 sys=0.00, real=0.00 secs] 
2014-07-09T15:43:17.784+0200: 6.605: [GC [PSYoungGen: 7209K->5090K(11264K)] 17814K->17760K(27648K), 0.0096998 secs] [Times: user=0.03 sys=0.00, real=0.01 secs] 
2014-07-09T15:43:17.798+0200: 6.619: [GC [PSYoungGen: 11222K->3585K(11264K)] 23893K->16256K(27648K), 0.0032208 secs] [Times: user=0.00 sys=0.00, real=0.00 secs] 
2014-07-09T15:43:17.829+0200: 6.649: [GC [PSYoungGen: 9708K->1504K(11264K)] 22379K->14183K(27648K), 0.0012553 secs] [Times: user=0.00 sys=0.00, real=0.00 secs] 
2014-07-09T15:43:17.832+0200: 6.652: [GC [PSYoungGen: 7625K->5090K(11264K)] 20304K->20250K(27648K), 0.0062337 secs] [Times: user=0.02 sys=0.00, real=0.01 secs] 
2014-07-09T15:43:17.838+0200: 6.659: [Full GC [PSYoungGen: 5090K->0K(11264K)] [ParOldGen: 15159K->8095K(16384K)] 20250K->8095K(27648K) [PSPermGen: 2474K->2474K(21504K)], 0.0486864 secs] [Times: user=0.05 sys=0.00, real=0.05 secs] 
2014-07-09T15:43:17.892+0200: 6.712: [GC [PSYoungGen: 6122K->5090K(11264K)] 14218K->13634K(27648K), 0.0053905 secs] [Times: user=0.02 sys=0.00, real=0.01 secs] 
2014-07-09T15:43:17.900+0200: 6.720: [GC [PSYoungGen: 11213K->3425K(11264K)] 19757K->11977K(27648K), 0.0050092 secs] [Times: user=0.00 sys=0.00, real=0.00 secs] 
2014-07-09T15:43:17.928+0200: 6.748: [GC [PSYoungGen: 9548K->1376K(11264K)] 18100K->9936K(27648K), 0.0007791 secs] [Times: user=0.00 sys=0.00, real=0.00 secs] 
2014-07-09T15:43:17.931+0200: 6.751: [GC [PSYoungGen: 7497K->5090K(11264K)] 16057K->16003K(27648K), 0.0056867 secs] [Times: user=0.00 sys=0.00, real=0.01 secs] 
2014-07-09T15:43:17.980+0200: 6.800: [GC [PSYoungGen: 11213K->5090K(11264K)] 22126K->16323K(27648K), 0.0070806 secs] [Times: user=0.00 sys=0.00, real=0.01 secs] 
2014-07-09T15:43:17.992+0200: 6.812: [GC [PSYoungGen: 11213K->3329K(11264K)] 22446K->14570K(27648K), 0.0041667 secs] [Times: user=0.00 sys=0.00, real=0.00 secs] 
2014-07-09T15:43:18.028+0200: 6.848: [GC [PSYoungGen: 9452K->1248K(11264K)] 20693K->12497K(27648K), 0.0009983 secs] [Times: user=0.00 sys=0.00, real=0.00 secs] 
2014-07-09T15:43:18.031+0200: 6.852: [GC [PSYoungGen: 7369K->5090K(11264K)] 18618K->18564K(27648K), 0.0060281 secs] [Times: user=0.03 sys=0.00, real=0.01 secs] 
2014-07-09T15:43:18.038+0200: 6.858: [Full GC [PSYoungGen: 5090K->0K(11264K)] [ParOldGen: 13474K->7839K(16384K)] 18564K->7839K(27648K) [PSPermGen: 2474K->2474K(21504K)], 0.0134893 secs] [Times: user=0.00 sys=0.00, real=0.01 secs] 
2014-07-09T15:43:18.079+0200: 6.899: [GC [PSYoungGen: 6132K->3745K(11264K)] 13971K->11585K(27648K), 0.0023695 secs] [Times: user=0.00 sys=0.00, real=0.00 secs] 
2014-07-09T15:43:18.085+0200: 6.905: [GC [PSYoungGen: 9868K->1664K(11264K)] 17708K->9512K(27648K), 0.0013921 secs] [Times: user=0.00 sys=0.00, real=0.00 secs] 
2014-07-09T15:43:18.089+0200: 6.909: [GC [PSYoungGen: 7785K->5090K(11264K)] 15633K->15579K(27648K), 0.0063089 secs] [Times: user=0.00 sys=0.00, real=0.01 secs] 
2014-07-09T15:43:18.131+0200: 6.951: [GC [PSYoungGen: 11213K->5090K(11264K)] 21702K->16187K(27648K), 0.0069710 secs] [Times: user=0.00 sys=0.00, real=0.01 secs] 
2014-07-09T15:43:18.179+0200: 6.999: [GC [PSYoungGen: 11213K->3617K(11264K)] 22310K->14722K(27648K), 0.0024241 secs] [Times: user=0.00 sys=0.00, real=0.00 secs] 
2014-07-09T15:43:18.184+0200: 7.004: [GC [PSYoungGen: 9740K->1536K(11264K)] 20845K->12649K(27648K), 0.0015142 secs] [Times: user=0.00 sys=0.00, real=0.00 secs] 
2014-07-09T15:43:18.188+0200: 7.009: [GC [PSYoungGen: 7657K->5090K(11264K)] 18770K->18716K(27648K), 0.0063679 secs] [Times: user=0.03 sys=0.00, real=0.01 secs] 
2014-07-09T15:43:18.195+0200: 7.015: [Full GC [PSYoungGen: 5090K->0K(11264K)] [ParOldGen: 13626K->7892K(16384K)] 18716K->7892K(27648K) [PSPermGen: 2474K->2474K(21504K)], 0.0147167 secs] [Times: user=0.03 sys=0.00, real=0.02 secs] 
2014-07-09T15:43:18.230+0200: 7.050: [GC [PSYoungGen: 6122K->5090K(11264K)] 14015K->13462K(27648K), 0.0046968 secs] [Times: user=0.00 sys=0.00, real=0.00 secs] 
2014-07-09T15:43:18.279+0200: 7.099: [GC [PSYoungGen: 11213K->3489K(11264K)] 19585K->11870K(27648K), 0.0037095 secs] [Times: user=0.00 sys=0.00, real=0.00 secs] 
2014-07-09T15:43:18.288+0200: 7.108: [GC [PSYoungGen: 9612K->1408K(11264K)] 17993K->9797K(27648K), 0.0032809 secs] [Times: user=0.00 sys=0.00, real=0.00 secs] 
2014-07-09T15:43:18.296+0200: 7.116: [GC [PSYoungGen: 7529K->5090K(11264K)] 15918K->15864K(27648K), 0.0101416 secs] [Times: user=0.03 sys=0.00, real=0.01 secs] 
2014-07-09T15:43:18.329+0200: 7.149: [GC [PSYoungGen: 11228K->3777K(11264K)] 22002K->14551K(27648K), 0.0025008 secs] [Times: user=0.00 sys=0.00, real=0.00 secs] 
2014-07-09T15:43:18.379+0200: 7.199: [GC [PSYoungGen: 9900K->1696K(11264K)] 20674K->12478K(27648K), 0.0021946 secs] [Times: user=0.03 sys=0.00, real=0.00 secs] 
2014-07-09T15:43:18.385+0200: 7.206: [GC [PSYoungGen: 7817K->5090K(11264K)] 18599K->18545K(27648K), 0.0097621 secs] [Times: user=0.02 sys=0.00, real=0.01 secs] 
2014-07-09T15:43:18.396+0200: 7.216: [Full GC [PSYoungGen: 5090K->0K(11264K)] [ParOldGen: 13454K->8054K(16384K)] 18545K->8054K(27648K) [PSPermGen: 2474K->2474K(21504K)], 0.0401561 secs] [Times: user=0.03 sys=0.00, real=0.04 secs] 
2014-07-09T15:43:18.438+0200: 7.259: [GC [PSYoungGen: 6122K->5090K(11264K)] 14177K->13784K(27648K), 0.0043419 secs] [Times: user=0.02 sys=0.00, real=0.01 secs] 
2014-07-09T15:43:18.445+0200: 7.266: [GC [PSYoungGen: 11213K->3649K(11264K)] 19907K->12352K(27648K), 0.0025869 secs] [Times: user=0.00 sys=0.00, real=0.00 secs] 
2014-07-09T15:43:18.478+0200: 7.298: [GC [PSYoungGen: 9772K->1568K(11264K)] 18475K->10279K(27648K), 0.0008066 secs] [Times: user=0.00 sys=0.00, real=0.00 secs] 
2014-07-09T15:43:18.481+0200: 7.301: [GC [PSYoungGen: 7689K->5090K(11264K)] 16400K->16346K(27648K), 0.0057469 secs] [Times: user=0.00 sys=0.00, real=0.01 secs] 
2014-07-09T15:43:18.489+0200: 7.310: [GC [PSYoungGen: 11213K->5090K(11264K)] 22469K->16858K(27648K), 0.0042254 secs] [Times: user=0.00 sys=0.00, real=0.00 secs] 
2014-07-09T15:43:18.529+0200: 7.349: [GC [PSYoungGen: 11213K->3521K(11264K)] 22981K->15297K(27648K), 0.0019875 secs] [Times: user=0.00 sys=0.00, real=0.00 secs] 
2014-07-09T15:43:18.578+0200: 7.398: [GC [PSYoungGen: 9650K->416K(11264K)] 21426K->12200K(27648K), 0.0005866 secs] [Times: user=0.00 sys=0.00, real=0.00 secs] 
2014-07-09T15:43:18.583+0200: 7.404: [GC [PSYoungGen: 6537K->5090K(11264K)] 18321K->18259K(27648K), 0.0138665 secs] [Times: user=0.00 sys=0.00, real=0.01 secs] 
2014-07-09T15:43:18.603+0200: 7.423: [GC [PSYoungGen: 11213K->4450K(11264K)] 24382K->17618K(27648K), 0.0061102 secs] [Times: user=0.00 sys=0.00, real=0.01 secs] 
2014-07-09T15:43:18.628+0200: 7.448: [GC [PSYoungGen: 10573K->2369K(11264K)] 23741K->15545K(27648K), 0.0013378 secs] [Times: user=0.03 sys=0.00, real=0.00 secs] 
2014-07-09T15:43:18.678+0200: 7.498: [GC [PSYoungGen: 8492K->288K(11264K)] 21668K->13472K(27648K), 0.0005767 secs] [Times: user=0.00 sys=0.00, real=0.00 secs] 
2014-07-09T15:43:18.680+0200: 7.501: [GC [PSYoungGen: 6409K->5090K(11264K)] 19593K->19539K(27648K), 0.0049069 secs] [Times: user=0.00 sys=0.00, real=0.00 secs] 
2014-07-09T15:43:18.685+0200: 7.506: [Full GC [PSYoungGen: 5090K->0K(11264K)] [ParOldGen: 14449K->6645K(16384K)] 19539K->6645K(27648K) [PSPermGen: 2474K->2474K(21504K)], 0.0100173 secs] [Times: user=0.03 sys=0.00, real=0.01 secs] 
2014-07-09T15:43:18.698+0200: 7.519: [GC [PSYoungGen: 6122K->4322K(11264K)] 12768K->10968K(27648K), 0.0031959 secs] [Times: user=0.00 sys=0.00, real=0.00 secs] 
2014-07-09T15:43:18.728+0200: 7.549: [GC [PSYoungGen: 10445K->2241K(11264K)] 17091K->8895K(27648K), 0.0011941 secs] [Times: user=0.00 sys=0.00, real=0.00 secs] 
2014-07-09T15:43:18.778+0200: 7.598: [GC [PSYoungGen: 8364K->128K(11264K)] 15018K->6790K(27648K), 0.0019636 secs] [Times: user=0.00 sys=0.00, real=0.00 secs] 
2014-07-09T15:43:18.784+0200: 7.604: [GC [PSYoungGen: 6249K->5090K(11264K)] 12911K->12889K(27648K), 0.0068222 secs] [Times: user=0.03 sys=0.00, real=0.01 secs] 
2014-07-09T15:43:18.793+0200: 7.614: [GC [PSYoungGen: 11222K->2657K(11264K)] 19021K->10455K(27648K), 0.0021814 secs] [Times: user=0.00 sys=0.00, real=0.00 secs] 
2014-07-09T15:43:18.828+0200: 7.648: [GC [PSYoungGen: 8784K->64K(11264K)] 16582K->7870K(27648K), 0.0007443 secs] [Times: user=0.00 sys=0.00, real=0.00 secs] 
2014-07-09T15:43:18.831+0200: 7.651: [GC [PSYoungGen: 6184K->5090K(11264K)] 13991K->13937K(27648K), 0.0053326 secs] [Times: user=0.03 sys=0.00, real=0.00 secs] 
2014-07-09T15:43:18.879+0200: 7.700: [GC [PSYoungGen: 11211K->4097K(11264K)] 20058K->12945K(27648K), 0.0027229 secs] [Times: user=0.00 sys=0.00, real=0.00 secs] 
2014-07-09T15:43:18.886+0200: 7.706: [GC [PSYoungGen: 10220K->2016K(11264K)] 19067K->10871K(27648K), 0.0020857 secs] [Times: user=0.00 sys=0.00, real=0.00 secs] 
2014-07-09T15:43:18.890+0200: 7.711: [GC [PSYoungGen: 8137K->5090K(11264K)] 16992K->16938K(27648K), 0.0065531 secs] [Times: user=0.03 sys=0.00, real=0.01 secs] 
2014-07-09T15:43:18.930+0200: 7.750: [GC [PSYoungGen: 11213K->5090K(11264K)] 23061K->17899K(27648K), 0.0047467 secs] [Times: user=0.00 sys=0.00, real=0.00 secs] 
2014-07-09T15:43:18.979+0200: 7.800: [GC [PSYoungGen: 11213K->3937K(11264K)] 24022K->16754K(27648K), 0.0041825 secs] [Times: user=0.00 sys=0.00, real=0.00 secs] 
2014-07-09T15:43:18.987+0200: 7.807: [GC [PSYoungGen: 10060K->1856K(11264K)] 22877K->14681K(27648K), 0.0061993 secs] [Times: user=0.01 sys=0.00, real=0.01 secs] 
2014-07-09T15:43:18.996+0200: 7.817: [GC [PSYoungGen: 7977K->5090K(11264K)] 20802K->20780K(27648K), 0.0056849 secs] [Times: user=0.00 sys=0.00, real=0.01 secs] 
2014-07-09T15:43:19.002+0200: 7.822: [Full GC [PSYoungGen: 5090K->0K(11264K)] [ParOldGen: 15690K->8464K(16384K)] 20780K->8464K(27648K) [PSPermGen: 2474K->2474K(21504K)], 0.0101295 secs] [Times: user=0.03 sys=0.00, real=0.01 secs] 
2014-07-09T15:43:19.029+0200: 7.850: [GC [PSYoungGen: 6128K->4898K(11264K)] 14592K->13362K(27648K), 0.0036978 secs] [Times: user=0.00 sys=0.00, real=0.00 secs] 
2014-07-09T15:43:19.078+0200: 7.899: [GC [PSYoungGen: 11021K->2817K(11264K)] 19485K->11289K(27648K), 0.0013371 secs] [Times: user=0.00 sys=0.00, real=0.00 secs] 
2014-07-09T15:43:19.082+0200: 7.903: [GC [PSYoungGen: 8940K->704K(11264K)] 17412K->9184K(27648K), 0.0069069 secs] [Times: user=0.00 sys=0.00, real=0.01 secs] 
2014-07-09T15:43:19.091+0200: 7.911: [GC [PSYoungGen: 6825K->5090K(11264K)] 15305K->15283K(27648K), 0.0051188 secs] [Times: user=0.00 sys=0.00, real=0.00 secs] 
2014-07-09T15:43:19.129+0200: 7.949: [GC [PSYoungGen: 11213K->4770K(11264K)] 21406K->14963K(27648K), 0.0034587 secs] [Times: user=0.00 sys=0.00, real=0.00 secs] 
2014-07-09T15:43:19.179+0200: 7.999: [GC [PSYoungGen: 10893K->2689K(11264K)] 21086K->12890K(27648K), 0.0346212 secs] [Times: user=0.03 sys=0.00, real=0.03 secs] 
2014-07-09T15:43:19.216+0200: 8.037: [GC [PSYoungGen: 8812K->608K(11264K)] 19013K->10817K(27648K), 0.0008535 secs] [Times: user=0.00 sys=0.00, real=0.00 secs] 
2014-07-09T15:43:19.220+0200: 8.040: [GC [PSYoungGen: 6729K->5090K(11264K)] 16938K->16884K(27648K), 0.0051001 secs] [Times: user=0.03 sys=0.00, real=0.00 secs] 
2014-07-09T15:43:19.229+0200: 8.049: [GC [PSYoungGen: 11213K->4642K(11264K)] 23007K->16435K(27648K), 0.0037612 secs] [Times: user=0.00 sys=0.00, real=0.00 secs] 
2014-07-09T15:43:19.279+0200: 8.100: [GC [PSYoungGen: 10765K->2561K(11264K)] 22558K->14362K(27648K), 0.0032406 secs] [Times: user=0.00 sys=0.00, real=0.00 secs] 
2014-07-09T15:43:19.289+0200: 8.109: [GC [PSYoungGen: 8684K->448K(11264K)] 20485K->12257K(27648K), 0.0043449 secs] [Times: user=0.00 sys=0.00, real=0.00 secs] 
2014-07-09T15:43:19.298+0200: 8.118: [GC [PSYoungGen: 6569K->5090K(11264K)] 18378K->18356K(27648K), 0.0058440 secs] [Times: user=0.03 sys=0.00, real=0.01 secs] 
2014-07-09T15:43:19.330+0200: 8.150: [GC [PSYoungGen: 11227K->2817K(11264K)] 24494K->16083K(27648K), 0.0034837 secs] [Times: user=0.00 sys=0.00, real=0.00 secs] 
2014-07-09T15:43:19.378+0200: 8.198: [GC [PSYoungGen: 8940K->768K(11264K)] 22206K->14042K(27648K), 0.0006962 secs] [Times: user=0.00 sys=0.00, real=0.00 secs] 
2014-07-09T15:43:19.381+0200: 8.201: [GC [PSYoungGen: 6889K->5090K(11264K)] 20163K->20109K(27648K), 0.0051588 secs] [Times: user=0.00 sys=0.00, real=0.00 secs] 
2014-07-09T15:43:19.386+0200: 8.206: [Full GC [PSYoungGen: 5090K->0K(11264K)] [ParOldGen: 15019K->7354K(16384K)] 20109K->7354K(27648K) [PSPermGen: 2474K->2474K(21504K)], 0.0093739 secs] [Times: user=0.03 sys=0.00, real=0.01 secs] 
2014-07-09T15:43:19.398+0200: 8.218: [GC [PSYoungGen: 6122K->4802K(11264K)] 13477K->12156K(27648K), 0.0037938 secs] [Times: user=0.00 sys=0.00, real=0.00 secs] 
2014-07-09T15:43:19.428+0200: 8.249: [GC [PSYoungGen: 10925K->2721K(11264K)] 18279K->10083K(27648K), 0.0014665 secs] [Times: user=0.00 sys=0.00, real=0.00 secs] 
2014-07-09T15:43:19.478+0200: 8.299: [GC [PSYoungGen: 8844K->640K(11264K)] 16206K->8010K(27648K), 0.0022328 secs] [Times: user=0.00 sys=0.00, real=0.00 secs] 
2014-07-09T15:43:19.483+0200: 8.303: [GC [PSYoungGen: 6761K->5090K(11264K)] 14131K->14077K(27648K), 0.0055778 secs] [Times: user=0.03 sys=0.00, real=0.01 secs] 
2014-07-09T15:43:19.491+0200: 8.312: [GC [PSYoungGen: 11213K->4674K(11264K)] 20200K->13661K(27648K), 0.0040849 secs] [Times: user=0.00 sys=0.00, real=0.00 secs] 
2014-07-09T15:43:19.528+0200: 8.349: [GC [PSYoungGen: 10797K->2593K(11264K)] 19784K->11588K(27648K), 0.0013785 secs] [Times: user=0.00 sys=0.00, real=0.00 secs] 
2014-07-09T15:43:19.533+0200: 8.353: [GC [PSYoungGen: 8732K->640K(11264K)] 17727K->9642K(27648K), 0.0009397 secs] [Times: user=0.00 sys=0.01, real=0.00 secs] 
2014-07-09T15:43:19.579+0200: 8.399: [GC [PSYoungGen: 6755K->5090K(11264K)] 15758K->14101K(27648K), 0.0040475 secs] [Times: user=0.03 sys=0.00, real=0.00 secs] 
2014-07-09T15:43:19.585+0200: 8.406: [GC [PSYoungGen: 11213K->3009K(11264K)] 20224K->12028K(27648K), 0.0020711 secs] [Times: user=0.00 sys=0.00, real=0.00 secs] 
2014-07-09T15:43:19.628+0200: 8.448: [GC [PSYoungGen: 9132K->928K(11264K)] 18151K->9955K(27648K), 0.0013349 secs] [Times: user=0.00 sys=0.00, real=0.00 secs] 
2014-07-09T15:43:19.633+0200: 8.454: [GC [PSYoungGen: 7049K->5090K(11264K)] 16076K->16022K(27648K), 0.0092478 secs] [Times: user=0.02 sys=0.00, real=0.01 secs] 
2014-07-09T15:43:19.681+0200: 8.501: [GC [PSYoungGen: 11213K->4962K(11264K)] 22145K->15894K(27648K), 0.0062260 secs] [Times: user=0.00 sys=0.00, real=0.01 secs] 
2014-07-09T15:43:19.691+0200: 8.511: [GC [PSYoungGen: 11085K->2881K(11264K)] 22017K->13821K(27648K), 0.0024381 secs] [Times: user=0.00 sys=0.00, real=0.00 secs] 
2014-07-09T15:43:19.728+0200: 8.549: [GC [PSYoungGen: 9004K->800K(11264K)] 19944K->11748K(27648K), 0.0010522 secs] [Times: user=0.00 sys=0.00, real=0.00 secs] 
2014-07-09T15:43:19.731+0200: 8.552: [GC [PSYoungGen: 6921K->5090K(11264K)] 17869K->17815K(27648K), 0.0059448 secs] [Times: user=0.03 sys=0.00, real=0.01 secs] 
2014-07-09T15:43:19.780+0200: 8.601: [GC [PSYoungGen: 11213K->4834K(11264K)] 23938K->17559K(27648K), 0.0063111 secs] [Times: user=0.03 sys=0.00, real=0.01 secs] 
2014-07-09T15:43:19.791+0200: 8.611: [GC [PSYoungGen: 10957K->2753K(11264K)] 23682K->15486K(27648K), 0.0038364 secs] [Times: user=0.00 sys=0.00, real=0.00 secs] 
2014-07-09T15:43:19.800+0200: 8.620: [GC [PSYoungGen: 8890K->160K(11264K)] 21622K->12900K(27648K), 0.0015380 secs] [Times: user=0.00 sys=0.00, real=0.00 secs] 
2014-07-09T15:43:19.831+0200: 8.651: [GC [PSYoungGen: 6278K->5090K(11264K)] 19019K->17999K(27648K), 0.0064574 secs] [Times: user=0.00 sys=0.00, real=0.01 secs] 
2014-07-09T15:43:19.879+0200: 8.699: [GC [PSYoungGen: 11213K->3137K(11264K)] 24122K->16054K(27648K), 0.0152711 secs] [Times: user=0.00 sys=0.00, real=0.02 secs] 
2014-07-09T15:43:19.896+0200: 8.717: [GC [PSYoungGen: 9260K->1056K(11264K)] 22177K->13981K(27648K), 0.0014478 secs] [Times: user=0.00 sys=0.00, real=0.00 secs] 
2014-07-09T15:43:19.901+0200: 8.721: [GC [PSYoungGen: 7177K->5090K(11264K)] 20102K->20080K(27648K), 0.0051830 secs] [Times: user=0.00 sys=0.00, real=0.00 secs] 
2014-07-09T15:43:19.906+0200: 8.727: [Full GC [PSYoungGen: 5090K->0K(11264K)] [ParOldGen: 14989K->7679K(16384K)] 20080K->7679K(27648K) [PSPermGen: 2474K->2474K(21504K)], 0.0101768 secs] [Times: user=0.03 sys=0.00, real=0.01 secs] 
2014-07-09T15:43:19.929+0200: 8.750: [GC [PSYoungGen: 6122K->5090K(11264K)] 13802K->12802K(27648K), 0.0038642 secs] [Times: user=0.00 sys=0.00, real=0.00 secs] 
2014-07-09T15:43:19.979+0200: 8.799: [GC [PSYoungGen: 11213K->3041K(11264K)] 18925K->10761K(27648K), 0.0017935 secs] [Times: user=0.00 sys=0.00, real=0.00 secs] 
2014-07-09T15:43:19.983+0200: 8.803: [GC [PSYoungGen: 9164K->960K(11264K)] 16884K->8688K(27648K), 0.0011156 secs] [Times: user=0.00 sys=0.00, real=0.00 secs] 
2014-07-09T15:43:19.988+0200: 8.808: [GC [PSYoungGen: 7081K->5090K(11264K)] 14809K->14755K(27648K), 0.0055236 secs] [Times: user=0.00 sys=0.00, real=0.01 secs] 
2014-07-09T15:43:20.030+0200: 8.850: [GC [PSYoungGen: 11213K->4994K(11264K)] 20878K->14659K(27648K), 0.0035764 secs] [Times: user=0.03 sys=0.00, real=0.00 secs] 
2014-07-09T15:43:20.078+0200: 8.899: [GC [PSYoungGen: 11120K->1888K(11264K)] 20785K->11561K(27648K), 0.0010409 secs] [Times: user=0.00 sys=0.00, real=0.00 secs] 
2014-07-09T15:43:20.082+0200: 8.903: [GC [PSYoungGen: 8009K->5090K(11264K)] 17682K->17628K(27648K), 0.0057256 secs] [Times: user=0.00 sys=0.00, real=0.01 secs] 
2014-07-09T15:43:20.090+0200: 8.911: [GC [PSYoungGen: 11213K->5090K(11264K)] 23751K->18460K(27648K), 0.0047075 secs] [Times: user=0.00 sys=0.00, real=0.01 secs] 
2014-07-09T15:43:20.129+0200: 8.949: [GC [PSYoungGen: 11213K->3841K(11264K)] 24583K->17220K(27648K), 0.0027457 secs] [Times: user=0.00 sys=0.00, real=0.00 secs] 
2014-07-09T15:43:20.179+0200: 9.000: [GC [PSYoungGen: 9964K->1760K(11264K)] 23343K->15147K(27648K), 0.0022676 secs] [Times: user=0.00 sys=0.00, real=0.00 secs] 
2014-07-09T15:43:20.186+0200: 9.006: [GC [PSYoungGen: 7881K->5090K(11264K)] 21268K->21214K(27648K), 0.0099730 secs] [Times: user=0.03 sys=0.00, real=0.01 secs] 
2014-07-09T15:43:20.196+0200: 9.017: [Full GC [PSYoungGen: 5090K->0K(11264K)] [ParOldGen: 16123K->8352K(16384K)] 21214K->8352K(27648K) [PSPermGen: 2474K->2474K(21504K)], 0.0146511 secs] [Times: user=0.02 sys=0.00, real=0.01 secs] 
2014-07-09T15:43:20.214+0200: 9.034: [GC [PSYoungGen: 6122K->5090K(11264K)] 14475K->14147K(27648K), 0.0049901 secs] [Times: user=0.00 sys=0.00, real=0.01 secs] 
2014-07-09T15:43:20.229+0200: 9.049: [GC [PSYoungGen: 11213K->3713K(11264K)] 20270K->12778K(27648K), 0.0020124 secs] [Times: user=0.00 sys=0.00, real=0.00 secs] 
2014-07-09T15:43:20.278+0200: 9.098: [GC [PSYoungGen: 9836K->1632K(11264K)] 18901K->10705K(27648K), 0.0010610 secs] [Times: user=0.00 sys=0.00, real=0.00 secs] 
2014-07-09T15:43:20.282+0200: 9.102: [GC [PSYoungGen: 7753K->5090K(11264K)] 16826K->16772K(27648K), 0.0056838 secs] [Times: user=0.03 sys=0.00, real=0.01 secs] 
2014-07-09T15:43:20.290+0200: 9.110: [GC [PSYoungGen: 11213K->5090K(11264K)] 22895K->17348K(27648K), 0.0043874 secs] [Times: user=0.00 sys=0.00, real=0.00 secs] 
2014-07-09T15:43:20.328+0200: 9.148: [GC [PSYoungGen: 11234K->1408K(11264K)] 23492K->13675K(27648K), 0.0007959 secs] [Times: user=0.00 sys=0.00, real=0.00 secs] 
2014-07-09T15:43:20.332+0200: 9.152: [GC [PSYoungGen: 7529K->5090K(11264K)] 19796K->19742K(27648K), 0.0053351 secs] [Times: user=0.00 sys=0.00, real=0.00 secs] 
2014-07-09T15:43:20.337+0200: 9.157: [Full GC [PSYoungGen: 5090K->0K(11264K)] [ParOldGen: 14651K->8002K(16384K)] 19742K->8002K(27648K) [PSPermGen: 2474K->2474K(21504K)], 0.0098131 secs] [Times: user=0.03 sys=0.00, real=0.01 secs] 
2014-07-09T15:43:20.381+0200: 9.201: [GC [PSYoungGen: 6122K->5090K(11264K)] 14125K->13445K(27648K), 0.0071507 secs] [Times: user=0.00 sys=0.00, real=0.01 secs] 
2014-07-09T15:43:20.392+0200: 9.213: [GC [PSYoungGen: 11213K->3361K(11264K)] 19568K->11724K(27648K), 0.0045531 secs] [Times: user=0.00 sys=0.00, real=0.01 secs] 
2014-07-09T15:43:20.428+0200: 9.248: [GC [PSYoungGen: 9484K->1280K(11264K)] 17847K->9651K(27648K), 0.0010313 secs] [Times: user=0.00 sys=0.00, real=0.00 secs] 
2014-07-09T15:43:20.432+0200: 9.252: [GC [PSYoungGen: 7401K->5090K(11264K)] 15772K->15718K(27648K), 0.0061314 secs] [Times: user=0.00 sys=0.00, real=0.01 secs] 
2014-07-09T15:43:20.481+0200: 9.301: [GC [PSYoungGen: 11213K->5090K(11264K)] 21841K->15942K(27648K), 0.0068071 secs] [Times: user=0.03 sys=0.00, real=0.01 secs] 
2014-07-09T15:43:20.493+0200: 9.313: [GC [PSYoungGen: 11213K->3233K(11264K)] 22065K->14093K(27648K), 0.0042400 secs] [Times: user=0.00 sys=0.00, real=0.00 secs] 
2014-07-09T15:43:20.528+0200: 9.348: [GC [PSYoungGen: 9356K->1152K(11264K)] 20216K->12020K(27648K), 0.0007670 secs] [Times: user=0.00 sys=0.00, real=0.00 secs] 
2014-07-09T15:43:20.532+0200: 9.352: [GC [PSYoungGen: 7273K->5090K(11264K)] 18141K->18087K(27648K), 0.0051632 secs] [Times: user=0.00 sys=0.00, real=0.00 secs] 
2014-07-09T15:43:20.579+0200: 9.400: [GC [PSYoungGen: 11216K->4130K(11264K)] 24214K->17127K(27648K), 0.0042312 secs] [Times: user=0.00 sys=0.00, real=0.00 secs] 
2014-07-09T15:43:20.587+0200: 9.407: [GC [PSYoungGen: 10250K->2048K(11264K)] 23248K->15054K(27648K), 0.0062843 secs] [Times: user=0.00 sys=0.00, real=0.01 secs] 
2014-07-09T15:43:20.596+0200: 9.417: [GC [PSYoungGen: 8169K->5090K(11264K)] 21175K->21153K(27648K), 0.0094571 secs] [Times: user=0.00 sys=0.00, real=0.01 secs] 
2014-07-09T15:43:20.606+0200: 9.426: [Full GC [PSYoungGen: 5090K->0K(11264K)] [ParOldGen: 16062K->8448K(16384K)] 21153K->8448K(27648K) [PSPermGen: 2474K->2474K(21504K)], 0.0110545 secs] [Times: user=0.02 sys=0.00, real=0.01 secs] 
2014-07-09T15:43:20.629+0200: 9.450: [GC [PSYoungGen: 6122K->5090K(11264K)] 14571K->14563K(27648K), 0.0047170 secs] [Times: user=0.00 sys=0.00, real=0.01 secs] 
2014-07-09T15:43:20.680+0200: 9.500: [GC [PSYoungGen: 11213K->4033K(11264K)] 20686K->13514K(27648K), 0.0048325 secs] [Times: user=0.00 sys=0.00, real=0.00 secs] 
2014-07-09T15:43:20.690+0200: 9.510: [GC [PSYoungGen: 10156K->1952K(11264K)] 19637K->11441K(27648K), 0.0027710 secs] [Times: user=0.00 sys=0.00, real=0.00 secs] 
2014-07-09T15:43:20.698+0200: 9.519: [GC [PSYoungGen: 8073K->5090K(11264K)] 17562K->17508K(27648K), 0.0098160 secs] [Times: user=0.03 sys=0.00, real=0.01 secs] 
2014-07-09T15:43:20.729+0200: 9.550: [GC [PSYoungGen: 11213K->5090K(11264K)] 23631K->18405K(27648K), 0.0045528 secs] [Times: user=0.00 sys=0.00, real=0.00 secs] 
2014-07-09T15:43:20.734+0200: 9.555: [Full GC [PSYoungGen: 5090K->0K(11264K)] [ParOldGen: 13314K->6239K(16384K)] 18405K->6239K(27648K) [PSPermGen: 2474K->2474K(21504K)], 0.0114706 secs] [Times: user=0.03 sys=0.00, real=0.01 secs] 
2014-07-09T15:43:20.779+0200: 9.600: [GC [PSYoungGen: 6122K->3905K(11264K)] 12362K->10145K(27648K), 0.0028164 secs] [Times: user=0.03 sys=0.00, real=0.00 secs] 
2014-07-09T15:43:20.785+0200: 9.605: [GC [PSYoungGen: 10028K->1824K(11264K)] 16268K->8072K(27648K), 0.0015112 secs] [Times: user=0.00 sys=0.00, real=0.00 secs] 
2014-07-09T15:43:20.789+0200: 9.609: [GC [PSYoungGen: 7945K->5090K(11264K)] 14193K->14139K(27648K), 0.0060651 secs] [Times: user=0.00 sys=0.00, real=0.01 secs] 
2014-07-09T15:43:20.829+0200: 9.649: [GC [PSYoungGen: 11224K->4322K(11264K)] 20273K->13370K(27648K), 0.0030958 secs] [Times: user=0.00 sys=0.00, real=0.00 secs] 
2014-07-09T15:43:20.878+0200: 9.699: [GC [PSYoungGen: 10445K->2241K(11264K)] 19493K->11297K(27648K), 0.0011505 secs] [Times: user=0.00 sys=0.00, real=0.00 secs] 
2014-07-09T15:43:20.882+0200: 9.702: [GC [PSYoungGen: 8364K->160K(11264K)] 17420K->9224K(27648K), 0.0007274 secs] [Times: user=0.00 sys=0.00, real=0.00 secs] 
2014-07-09T15:43:20.886+0200: 9.706: [GC [PSYoungGen: 6281K->5090K(11264K)] 15345K->15291K(27648K), 0.0049241 secs] [Times: user=0.00 sys=0.02, real=0.01 secs] 
2014-07-09T15:43:20.930+0200: 9.751: [GC [PSYoungGen: 11213K->4194K(11264K)] 21414K->14395K(27648K), 0.0048197 secs] [Times: user=0.00 sys=0.00, real=0.00 secs] 
2014-07-09T15:43:20.979+0200: 9.799: [GC [PSYoungGen: 10315K->2113K(11264K)] 20516K->12322K(27648K), 0.0014075 secs] [Times: user=0.00 sys=0.00, real=0.00 secs] 
2014-07-09T15:43:20.983+0200: 9.803: [GC [PSYoungGen: 8233K->5090K(11264K)] 18443K->18389K(27648K), 0.0068405 secs] [Times: user=0.03 sys=0.00, real=0.01 secs] 
2014-07-09T15:43:20.990+0200: 9.810: [Full GC [PSYoungGen: 5090K->0K(11264K)] [ParOldGen: 13298K->8481K(16384K)] 18389K->8481K(27648K) [PSPermGen: 2474K->2474K(21504K)], 0.0153645 secs] [Times: user=0.03 sys=0.00, real=0.02 secs] 
2014-07-09T15:43:21.008+0200: 9.828: [GC [PSYoungGen: 6122K->5090K(11264K)] 14603K->14628K(27648K), 0.0046734 secs] [Times: user=0.00 sys=0.00, real=0.00 secs] 
2014-07-09T15:43:21.029+0200: 9.849: [GC [PSYoungGen: 11213K->4065K(11264K)] 20751K->13611K(27648K), 0.0029022 secs] [Times: user=0.03 sys=0.00, real=0.00 secs] 
2014-07-09T15:43:21.078+0200: 9.899: [GC [PSYoungGen: 10200K->448K(11264K)] 19746K->10002K(27648K), 0.0016421 secs] [Times: user=0.00 sys=0.00, real=0.00 secs] 
2014-07-09T15:43:21.084+0200: 9.904: [GC [PSYoungGen: 6569K->5090K(11264K)] 16123K->16069K(27648K), 0.0085002 secs] [Times: user=0.00 sys=0.00, real=0.01 secs] 
2014-07-09T15:43:21.098+0200: 9.919: [GC [PSYoungGen: 11213K->4450K(11264K)] 22192K->15428K(27648K), 0.0073523 secs] [Times: user=0.00 sys=0.00, real=0.01 secs] 
2014-07-09T15:43:21.128+0200: 9.949: [GC [PSYoungGen: 10573K->2401K(11264K)] 21551K->13387K(27648K), 0.0014933 secs] [Times: user=0.00 sys=0.00, real=0.00 secs] 
2014-07-09T15:43:21.178+0200: 9.998: [GC [PSYoungGen: 8524K->320K(11264K)] 19510K->11314K(27648K), 0.0005587 secs] [Times: user=0.00 sys=0.00, real=0.00 secs] 
2014-07-09T15:43:21.180+0200: 10.001: [GC [PSYoungGen: 6441K->5090K(11264K)] 17435K->17381K(27648K), 0.0049612 secs] [Times: user=0.00 sys=0.00, real=0.00 secs] 
2014-07-09T15:43:21.187+0200: 10.008: [GC [PSYoungGen: 11213K->4354K(11264K)] 23504K->16645K(27648K), 0.0037352 secs] [Times: user=0.03 sys=0.00, real=0.00 secs] 
2014-07-09T15:43:21.229+0200: 10.050: [GC [PSYoungGen: 10477K->2273K(11264K)] 22768K->14572K(27648K), 0.0026591 secs] [Times: user=0.00 sys=0.00, real=0.00 secs] 
2014-07-09T15:43:21.278+0200: 10.098: [GC [PSYoungGen: 8396K->192K(11264K)] 20695K->12499K(27648K), 0.0008377 secs] [Times: user=0.00 sys=0.00, real=0.00 secs] 
2014-07-09T15:43:21.281+0200: 10.101: [GC [PSYoungGen: 6313K->5090K(11264K)] 18620K->18566K(27648K), 0.0054264 secs] [Times: user=0.00 sys=0.00, real=0.01 secs] 
2014-07-09T15:43:21.289+0200: 10.109: [GC [PSYoungGen: 11223K->3585K(11264K)] 24698K->17061K(27648K), 0.0031141 secs] [Times: user=0.00 sys=0.00, real=0.00 secs] 
2014-07-09T15:43:21.328+0200: 10.149: [GC [PSYoungGen: 9714K->480K(11264K)] 23190K->13964K(27648K), 0.0010713 secs] [Times: user=0.00 sys=0.00, real=0.00 secs] 
2014-07-09T15:43:21.332+0200: 10.152: [GC [PSYoungGen: 6601K->5090K(11264K)] 20085K->20031K(27648K), 0.0054844 secs] [Times: user=0.00 sys=0.00, real=0.00 secs] 
2014-07-09T15:43:21.338+0200: 10.158: [Full GC [PSYoungGen: 5090K->0K(11264K)] [ParOldGen: 14940K->6851K(16384K)] 20031K->6851K(27648K) [PSPermGen: 2474K->2474K(21504K)], 0.0101731 secs] [Times: user=0.00 sys=0.00, real=0.01 secs] 
2014-07-09T15:43:21.379+0200: 10.200: [GC [PSYoungGen: 6122K->4514K(11264K)] 12974K->11365K(27648K), 0.0032296 secs] [Times: user=0.00 sys=0.00, real=0.00 secs] 
2014-07-09T15:43:21.385+0200: 10.205: [GC [PSYoungGen: 10637K->2433K(11264K)] 17488K->9292K(27648K), 0.0019592 secs] [Times: user=0.00 sys=0.00, real=0.00 secs] 
2014-07-09T15:43:21.428+0200: 10.248: [GC [PSYoungGen: 8556K->352K(11264K)] 15415K->7219K(27648K), 0.0014951 secs] [Times: user=0.00 sys=0.00, real=0.00 secs] 
2014-07-09T15:43:21.433+0200: 10.254: [GC [PSYoungGen: 6473K->5090K(11264K)] 13340K->13286K(27648K), 0.0085743 secs] [Times: user=0.03 sys=0.00, real=0.01 secs] 
2014-07-09T15:43:21.479+0200: 10.300: [GC [PSYoungGen: 11213K->4386K(11264K)] 19409K->12582K(27648K), 0.0030573 secs] [Times: user=0.00 sys=0.00, real=0.00 secs] 
2014-07-09T15:43:21.485+0200: 10.306: [GC [PSYoungGen: 10509K->2305K(11264K)] 18705K->10509K(27648K), 0.0019057 secs] [Times: user=0.00 sys=0.00, real=0.00 secs] 
2014-07-09T15:43:21.528+0200: 10.348: [GC [PSYoungGen: 8444K->256K(11264K)] 16648K->8468K(27648K), 0.0008638 secs] [Times: user=0.00 sys=0.00, real=0.00 secs] 
2014-07-09T15:43:21.531+0200: 10.351: [GC [PSYoungGen: 6398K->5090K(11264K)] 14610K->13566K(27648K), 0.0048666 secs] [Times: user=0.00 sys=0.00, real=0.01 secs] 
2014-07-09T15:43:21.580+0200: 10.401: [GC [PSYoungGen: 11213K->3265K(11264K)] 19689K->11749K(27648K), 0.0034210 secs] [Times: user=0.00 sys=0.00, real=0.00 secs] 
2014-07-09T15:43:21.589+0200: 10.409: [GC [PSYoungGen: 9388K->1184K(11264K)] 17872K->9676K(27648K), 0.0022034 secs] [Times: user=0.00 sys=0.00, real=0.00 secs] 
2014-07-09T15:43:21.596+0200: 10.416: [GC [PSYoungGen: 7305K->5090K(11264K)] 15797K->15743K(27648K), 0.0093424 secs] [Times: user=0.00 sys=0.00, real=0.01 secs] 
2014-07-09T15:43:21.629+0200: 10.450: [GC [PSYoungGen: 11213K->5090K(11264K)] 21866K->15871K(27648K), 0.0047207 secs] [Times: user=0.00 sys=0.00, real=0.01 secs] 
2014-07-09T15:43:21.678+0200: 10.499: [GC [PSYoungGen: 11213K->3137K(11264K)] 21994K->13926K(27648K), 0.0016113 secs] [Times: user=0.00 sys=0.00, real=0.00 secs] 
2014-07-09T15:43:21.683+0200: 10.503: [GC [PSYoungGen: 9260K->1056K(11264K)] 20049K->11853K(27648K), 0.0011123 secs] [Times: user=0.00 sys=0.00, real=0.00 secs] 
2014-07-09T15:43:21.686+0200: 10.507: [GC [PSYoungGen: 7177K->5090K(11264K)] 17974K->17920K(27648K), 0.0053623 secs] [Times: user=0.03 sys=0.00, real=0.01 secs] 
2014-07-09T15:43:21.729+0200: 10.549: [GC [PSYoungGen: 11213K->5090K(11264K)] 24043K->17920K(27648K), 0.0037048 secs] [Times: user=0.00 sys=0.00, real=0.00 secs] 
2014-07-09T15:43:21.779+0200: 10.599: [GC [PSYoungGen: 11213K->3009K(11264K)] 24043K->15847K(27648K), 0.0017363 secs] [Times: user=0.03 sys=0.00, real=0.00 secs] 
2014-07-09T15:43:21.783+0200: 10.603: [GC [PSYoungGen: 9132K->928K(11264K)] 21970K->13774K(27648K), 0.0010870 secs] [Times: user=0.00 sys=0.00, real=0.00 secs] 
2014-07-09T15:43:21.786+0200: 10.607: [GC [PSYoungGen: 7049K->5090K(11264K)] 19895K->19841K(27648K), 0.0052028 secs] [Times: user=0.00 sys=0.00, real=0.01 secs] 
2014-07-09T15:43:21.792+0200: 10.612: [Full GC [PSYoungGen: 5090K->0K(11264K)] [ParOldGen: 14751K->7506K(16384K)] 19841K->7506K(27648K) [PSPermGen: 2474K->2474K(21504K)], 0.0094989 secs] [Times: user=0.02 sys=0.00, real=0.01 secs] 
2014-07-09T15:43:21.829+0200: 10.649: [GC [PSYoungGen: 6137K->2913K(11264K)] 13644K->10420K(27648K), 0.0015593 secs] [Times: user=0.00 sys=0.00, real=0.00 secs] 
2014-07-09T15:43:21.878+0200: 10.699: [GC [PSYoungGen: 9036K->832K(11264K)] 16543K->8347K(27648K), 0.0006508 secs] [Times: user=0.00 sys=0.00, real=0.00 secs] 
2014-07-09T15:43:21.881+0200: 10.701: [GC [PSYoungGen: 6953K->5090K(11264K)] 14468K->14414K(27648K), 0.0064478 secs] [Times: user=0.00 sys=0.00, real=0.01 secs] 
2014-07-09T15:43:21.889+0200: 10.710: [GC [PSYoungGen: 11213K->4866K(11264K)] 20537K->14189K(27648K), 0.0038774 secs] [Times: user=0.03 sys=0.00, real=0.00 secs] 
2014-07-09T15:43:21.929+0200: 10.749: [GC [PSYoungGen: 10989K->2785K(11264K)] 20312K->12116K(27648K), 0.0015472 secs] [Times: user=0.00 sys=0.00, real=0.00 secs] 
2014-07-09T15:43:21.978+0200: 10.799: [GC [PSYoungGen: 8908K->704K(11264K)] 18239K->10043K(27648K), 0.0016656 secs] [Times: user=0.00 sys=0.00, real=0.00 secs] 
2014-07-09T15:43:21.984+0200: 10.804: [GC [PSYoungGen: 6825K->5090K(11264K)] 16164K->16110K(27648K), 0.0088925 secs] [Times: user=0.00 sys=0.00, real=0.01 secs] 
2014-07-09T15:43:21.997+0200: 10.818: [GC [PSYoungGen: 11213K->4738K(11264K)] 22233K->15758K(27648K), 0.0043914 secs] [Times: user=0.03 sys=0.00, real=0.01 secs] 
2014-07-09T15:43:22.029+0200: 10.849: [GC [PSYoungGen: 10861K->2657K(11264K)] 21881K->13685K(27648K), 0.0016399 secs] [Times: user=0.03 sys=0.00, real=0.00 secs] 
2014-07-09T15:43:22.033+0200: 10.854: [GC [PSYoungGen: 8799K->704K(11264K)] 19827K->11740K(27648K), 0.0010262 secs] [Times: user=0.00 sys=0.00, real=0.00 secs] 
2014-07-09T15:43:22.080+0200: 10.900: [GC [PSYoungGen: 6843K->5090K(11264K)] 17880K->16711K(27648K), 0.0083437 secs] [Times: user=0.00 sys=0.00, real=0.01 secs] 
2014-07-09T15:43:22.090+0200: 10.911: [GC [PSYoungGen: 11213K->3617K(11264K)] 22834K->15246K(27648K), 0.0028608 secs] [Times: user=0.03 sys=0.00, real=0.00 secs] 
2014-07-09T15:43:22.128+0200: 10.949: [GC [PSYoungGen: 9740K->1536K(11264K)] 21369K->13173K(27648K), 0.0009455 secs] [Times: user=0.00 sys=0.00, real=0.00 secs] 
2014-07-09T15:43:22.131+0200: 10.952: [GC [PSYoungGen: 7657K->5090K(11264K)] 19294K->19240K(27648K), 0.0058008 secs] [Times: user=0.00 sys=0.00, real=0.01 secs] 
2014-07-09T15:43:22.137+0200: 10.958: [Full GC [PSYoungGen: 5090K->0K(11264K)] [ParOldGen: 14149K->8122K(16384K)] 19240K->8122K(27648K) [PSPermGen: 2474K->2474K(21504K)], 0.0098527 secs] [Times: user=0.03 sys=0.00, real=0.01 secs] 
2014-07-09T15:43:22.180+0200: 11.001: [GC [PSYoungGen: 6122K->5090K(11264K)] 14245K->13661K(27648K), 0.0053117 secs] [Times: user=0.00 sys=0.01, real=0.01 secs] 
2014-07-09T15:43:22.189+0200: 11.009: [GC [PSYoungGen: 11213K->3457K(11264K)] 19784K->12036K(27648K), 0.0121522 secs] [Times: user=0.00 sys=0.00, real=0.01 secs] 
2014-07-09T15:43:22.228+0200: 11.049: [GC [PSYoungGen: 9580K->1408K(11264K)] 18159K->9995K(27648K), 0.0008190 secs] [Times: user=0.00 sys=0.00, real=0.00 secs] 
2014-07-09T15:43:22.231+0200: 11.052: [GC [PSYoungGen: 7529K->5090K(11264K)] 16116K->16062K(27648K), 0.0057062 secs] [Times: user=0.03 sys=0.00, real=0.01 secs] 
2014-07-09T15:43:22.279+0200: 11.100: [GC [PSYoungGen: 11213K->5090K(11264K)] 22185K->16414K(27648K), 0.0041865 secs] [Times: user=0.03 sys=0.00, real=0.00 secs] 
2014-07-09T15:43:22.286+0200: 11.106: [GC [PSYoungGen: 11213K->3361K(11264K)] 22537K->14693K(27648K), 0.0024579 secs] [Times: user=0.00 sys=0.00, real=0.00 secs] 
2014-07-09T15:43:22.291+0200: 11.112: [GC [PSYoungGen: 9502K->256K(11264K)] 20834K->11596K(27648K), 0.0006684 secs] [Times: user=0.00 sys=0.00, real=0.00 secs] 
2014-07-09T15:43:22.329+0200: 11.150: [GC [PSYoungGen: 6375K->5090K(11264K)] 17715K->17078K(27648K), 0.0042826 secs] [Times: user=0.00 sys=0.00, real=0.01 secs] 
2014-07-09T15:43:22.379+0200: 11.199: [GC [PSYoungGen: 11213K->3649K(11264K)] 23201K->15646K(27648K), 0.0024839 secs] [Times: user=0.00 sys=0.00, real=0.00 secs] 
2014-07-09T15:43:22.384+0200: 11.205: [GC [PSYoungGen: 9772K->1568K(11264K)] 21769K->13573K(27648K), 0.0015123 secs] [Times: user=0.00 sys=0.00, real=0.00 secs] 
2014-07-09T15:43:22.388+0200: 11.209: [GC [PSYoungGen: 7689K->5090K(11264K)] 19694K->19640K(27648K), 0.0058627 secs] [Times: user=0.03 sys=0.00, real=0.01 secs] 
2014-07-09T15:43:22.394+0200: 11.215: [Full GC [PSYoungGen: 5090K->0K(11264K)] [ParOldGen: 14549K->8158K(16384K)] 19640K->8158K(27648K) [PSPermGen: 2474K->2474K(21504K)], 0.0112847 secs] [Times: user=0.03 sys=0.00, real=0.01 secs] 
2014-07-09T15:43:22.429+0200: 11.250: [GC [PSYoungGen: 6122K->5090K(11264K)] 14281K->13760K(27648K), 0.0044013 secs] [Times: user=0.00 sys=0.00, real=0.01 secs] 
2014-07-09T15:43:22.480+0200: 11.301: [GC [PSYoungGen: 11213K->3521K(11264K)] 19883K->12200K(27648K), 0.0040329 secs] [Times: user=0.03 sys=0.00, real=0.00 secs] 
2014-07-09T15:43:22.490+0200: 11.310: [GC [PSYoungGen: 9644K->1440K(11264K)] 18323K->10127K(27648K), 0.0023460 secs] [Times: user=0.00 sys=0.00, real=0.00 secs] 
2014-07-09T15:43:22.497+0200: 11.317: [GC [PSYoungGen: 7561K->5090K(11264K)] 16248K->16194K(27648K), 0.0095686 secs] [Times: user=0.03 sys=0.00, real=0.01 secs] 
2014-07-09T15:43:22.530+0200: 11.350: [GC [PSYoungGen: 11213K->5090K(11264K)] 22317K->16578K(27648K), 0.0040710 secs] [Times: user=0.00 sys=0.00, real=0.00 secs] 
2014-07-09T15:43:22.579+0200: 11.400: [GC [PSYoungGen: 11222K->1856K(11264K)] 22710K->13352K(27648K), 0.0023361 secs] [Times: user=0.00 sys=0.00, real=0.00 secs] 
2014-07-09T15:43:22.586+0200: 11.407: [GC [PSYoungGen: 7977K->5090K(11264K)] 19473K->19419K(27648K), 0.0108338 secs] [Times: user=0.03 sys=0.00, real=0.01 secs] 
2014-07-09T15:43:22.597+0200: 11.418: [Full GC [PSYoungGen: 5090K->0K(11264K)] [ParOldGen: 14329K->8233K(16384K)] 19419K->8233K(27648K) [PSPermGen: 2474K->2474K(21504K)], 0.0328508 secs] [Times: user=0.03 sys=0.00, real=0.03 secs] 
2014-07-09T15:43:22.634+0200: 11.454: [GC [PSYoungGen: 6122K->5090K(11264K)] 14356K->14124K(27648K), 0.0046429 secs] [Times: user=0.03 sys=0.00, real=0.00 secs] 
2014-07-09T15:43:22.641+0200: 11.462: [GC [PSYoungGen: 11213K->3809K(11264K)] 20247K->12851K(27648K), 0.0031610 secs] [Times: user=0.00 sys=0.00, real=0.00 secs] 
2014-07-09T15:43:22.678+0200: 11.499: [GC [PSYoungGen: 9932K->1728K(11264K)] 18974K->10778K(27648K), 0.0009250 secs] [Times: user=0.00 sys=0.00, real=0.00 secs] 
2014-07-09T15:43:22.681+0200: 11.502: [GC [PSYoungGen: 7849K->5090K(11264K)] 16899K->16845K(27648K), 0.0058726 secs] [Times: user=0.03 sys=0.00, real=0.01 secs] 
2014-07-09T15:43:22.689+0200: 11.510: [GC [PSYoungGen: 11213K->5090K(11264K)] 22968K->17518K(27648K), 0.0045000 secs] [Times: user=0.00 sys=0.00, real=0.01 secs] 
2014-07-09T15:43:22.733+0200: 11.553: [GC [PSYoungGen: 11213K->3649K(11264K)] 23641K->16085K(27648K), 0.0036461 secs] [Times: user=0.00 sys=0.00, real=0.00 secs] 
2014-07-09T15:43:22.778+0200: 11.599: [GC [PSYoungGen: 9772K->1600K(11264K)] 22208K->14044K(27648K), 0.0009650 secs] [Times: user=0.03 sys=0.00, real=0.00 secs] 
2014-07-09T15:43:22.781+0200: 11.602: [GC [PSYoungGen: 7721K->5090K(11264K)] 20165K->20111K(27648K), 0.0057758 secs] [Times: user=0.00 sys=0.00, real=0.01 secs] 
2014-07-09T15:43:22.787+0200: 11.608: [Full GC [PSYoungGen: 5090K->0K(11264K)] [ParOldGen: 15020K->8170K(16384K)] 20111K->8170K(27648K) [PSPermGen: 2474K->2474K(21504K)], 0.0098520 secs] [Times: user=0.03 sys=0.00, real=0.01 secs] 
2014-07-09T15:43:22.799+0200: 11.620: [GC [PSYoungGen: 6122K->5090K(11264K)] 14293K->13804K(27648K), 0.0044798 secs] [Times: user=0.00 sys=0.00, real=0.00 secs] 
2014-07-09T15:43:22.828+0200: 11.649: [GC [PSYoungGen: 11222K->2016K(11264K)] 19937K->10739K(27648K), 0.0010845 secs] [Times: user=0.00 sys=0.00, real=0.00 secs] 
2014-07-09T15:43:22.832+0200: 11.652: [GC [PSYoungGen: 8137K->5090K(11264K)] 16860K->16806K(27648K), 0.0060325 secs] [Times: user=0.00 sys=0.00, real=0.01 secs] 
2014-07-09T15:43:22.879+0200: 11.700: [GC [PSYoungGen: 11213K->5090K(11264K)] 22929K->17766K(27648K), 0.0045454 secs] [Times: user=0.00 sys=0.00, real=0.01 secs] 
2014-07-09T15:43:22.886+0200: 11.707: [GC [PSYoungGen: 11213K->3969K(11264K)] 23889K->16654K(27648K), 0.0036989 secs] [Times: user=0.01 sys=0.00, real=0.00 secs] 
2014-07-09T15:43:22.929+0200: 11.750: [GC [PSYoungGen: 10092K->1888K(11264K)] 22777K->14581K(27648K), 0.0026247 secs] [Times: user=0.00 sys=0.00, real=0.00 secs] 
2014-07-09T15:43:22.937+0200: 11.757: [GC [PSYoungGen: 8009K->5090K(11264K)] 20702K->20648K(27648K), 0.0098017 secs] [Times: user=0.00 sys=0.00, real=0.01 secs] 
2014-07-09T15:43:22.947+0200: 11.768: [Full GC [PSYoungGen: 5090K->0K(11264K)] [ParOldGen: 15557K->8464K(16384K)] 20648K->8464K(27648K) [PSPermGen: 2474K->2474K(21504K)], 0.0179881 secs] [Times: user=0.03 sys=0.00, real=0.02 secs] 
2014-07-09T15:43:22.980+0200: 11.800: [GC [PSYoungGen: 6122K->5090K(11264K)] 14587K->14387K(27648K), 0.0047427 secs] [Times: user=0.03 sys=0.00, real=0.00 secs] 
2014-07-09T15:43:22.987+0200: 11.807: [GC [PSYoungGen: 11213K->3841K(11264K)] 20510K->13146K(27648K), 0.0031185 secs] [Times: user=0.00 sys=0.00, real=0.00 secs] 
2014-07-09T15:43:23.028+0200: 11.849: [GC [PSYoungGen: 9964K->1760K(11264K)] 19269K->11073K(27648K), 0.0016428 secs] [Times: user=0.00 sys=0.00, real=0.00 secs] 
2014-07-09T15:43:23.032+0200: 11.853: [GC [PSYoungGen: 7881K->5090K(11264K)] 17194K->17140K(27648K), 0.0063606 secs] [Times: user=0.00 sys=0.00, real=0.01 secs] 
2014-07-09T15:43:23.080+0200: 11.901: [GC [PSYoungGen: 11218K->4770K(11264K)] 23269K->16820K(27648K), 0.0070682 secs] [Times: user=0.00 sys=0.00, real=0.01 secs] 
2014-07-09T15:43:23.092+0200: 11.912: [GC [PSYoungGen: 10893K->2689K(11264K)] 22943K->14747K(27648K), 0.0051038 secs] [Times: user=0.00 sys=0.00, real=0.00 secs] 
2014-07-09T15:43:23.128+0200: 11.949: [GC [PSYoungGen: 8812K->608K(11264K)] 20870K->12674K(27648K), 0.0010332 secs] [Times: user=0.00 sys=0.00, real=0.00 secs] 
2014-07-09T15:43:23.131+0200: 11.952: [GC [PSYoungGen: 6729K->5090K(11264K)] 18795K->18741K(27648K), 0.0058928 secs] [Times: user=0.03 sys=0.00, real=0.01 secs] 
2014-07-09T15:43:23.137+0200: 11.958: [Full GC [PSYoungGen: 5090K->0K(11264K)] [ParOldGen: 13651K->7190K(16384K)] 18741K->7190K(27648K) [PSPermGen: 2474K->2474K(21504K)], 0.0139336 secs] [Times: user=0.00 sys=0.00, real=0.01 secs] 
2014-07-09T15:43:23.179+0200: 12.000: [GC [PSYoungGen: 6122K->4642K(11264K)] 13313K->11833K(27648K), 0.0037487 secs] [Times: user=0.00 sys=0.00, real=0.00 secs] 
2014-07-09T15:43:23.186+0200: 12.007: [GC [PSYoungGen: 10765K->2561K(11264K)] 17956K->9760K(27648K), 0.0020700 secs] [Times: user=0.00 sys=0.00, real=0.00 secs] 
2014-07-09T15:43:23.229+0200: 12.049: [GC [PSYoungGen: 8684K->480K(11264K)] 15883K->7687K(27648K), 0.0021312 secs] [Times: user=0.01 sys=0.00, real=0.00 secs] 
2014-07-09T15:43:23.234+0200: 12.055: [GC [PSYoungGen: 6601K->5090K(11264K)] 13808K->13754K(27648K), 0.0089930 secs] [Times: user=0.00 sys=0.00, real=0.01 secs] 
2014-07-09T15:43:23.280+0200: 12.101: [GC [PSYoungGen: 11213K->4482K(11264K)] 19877K->13145K(27648K), 0.0075811 secs] [Times: user=0.00 sys=0.00, real=0.01 secs] 
2014-07-09T15:43:23.290+0200: 12.111: [GC [PSYoungGen: 10620K->768K(11264K)] 19283K->9439K(27648K), 0.0010321 secs] [Times: user=0.00 sys=0.00, real=0.00 secs] 
2014-07-09T15:43:23.295+0200: 12.115: [GC [PSYoungGen: 6889K->5090K(11264K)] 15560K->15506K(27648K), 0.0047863 secs] [Times: user=0.00 sys=0.00, real=0.00 secs] 
2014-07-09T15:43:23.329+0200: 12.149: [GC [PSYoungGen: 11219K->4290K(11264K)] 21635K->14706K(27648K), 0.0028443 secs] [Times: user=0.00 sys=0.00, real=0.00 secs] 
2014-07-09T15:43:23.379+0200: 12.200: [GC [PSYoungGen: 10413K->2209K(11264K)] 20829K->12633K(27648K), 0.0031731 secs] [Times: user=0.00 sys=0.00, real=0.00 secs] 
2014-07-09T15:43:23.387+0200: 12.208: [GC [PSYoungGen: 8332K->96K(11264K)] 18756K->10528K(27648K), 0.0017011 secs] [Times: user=0.00 sys=0.00, real=0.00 secs] 
2014-07-09T15:43:23.394+0200: 12.214: [GC [PSYoungGen: 6217K->5090K(11264K)] 16649K->16627K(27648K), 0.0084870 secs] [Times: user=0.02 sys=0.00, real=0.01 secs] 
2014-07-09T15:43:23.429+0200: 12.250: [GC [PSYoungGen: 11211K->4162K(11264K)] 22748K->15698K(27648K), 0.0028373 secs] [Times: user=0.00 sys=0.00, real=0.00 secs] 
2014-07-09T15:43:23.479+0200: 12.300: [GC [PSYoungGen: 10282K->2080K(11264K)] 21819K->13625K(27648K), 0.0025774 secs] [Times: user=0.03 sys=0.00, real=0.00 secs] 
2014-07-09T15:43:23.486+0200: 12.307: [GC [PSYoungGen: 8201K->5090K(11264K)] 19746K->19692K(27648K), 0.0103223 secs] [Times: user=0.03 sys=0.00, real=0.01 secs] 
2014-07-09T15:43:23.497+0200: 12.318: [Full GC [PSYoungGen: 5090K->0K(11264K)] [ParOldGen: 14602K->8461K(16384K)] 19692K->8461K(27648K) [PSPermGen: 2474K->2474K(21504K)], 0.0328159 secs] [Times: user=0.03 sys=0.00, real=0.03 secs] 
2014-07-09T15:43:23.533+0200: 12.353: [GC [PSYoungGen: 6122K->5090K(11264K)] 14584K->14576K(27648K), 0.0051661 secs] [Times: user=0.00 sys=0.00, real=0.01 secs] 
2014-07-09T15:43:23.540+0200: 12.361: [GC [PSYoungGen: 11218K->3009K(11264K)] 20705K->12503K(27648K), 0.0022404 secs] [Times: user=0.02 sys=0.00, real=0.00 secs] 
2014-07-09T15:43:23.578+0200: 12.398: [GC [PSYoungGen: 9132K->928K(11264K)] 18626K->10430K(27648K), 0.0008322 secs] [Times: user=0.00 sys=0.00, real=0.00 secs] 
2014-07-09T15:43:23.581+0200: 12.401: [GC [PSYoungGen: 7049K->5090K(11264K)] 16551K->16497K(27648K), 0.0066059 secs] [Times: user=0.00 sys=0.00, real=0.01 secs] 
2014-07-09T15:43:23.590+0200: 12.410: [GC [PSYoungGen: 11213K->4930K(11264K)] 22620K->16337K(27648K), 0.0047753 secs] [Times: user=0.00 sys=0.00, real=0.01 secs] 
2014-07-09T15:43:23.629+0200: 12.449: [GC [PSYoungGen: 11053K->2881K(11264K)] 22460K->14296K(27648K), 0.0015417 secs] [Times: user=0.00 sys=0.00, real=0.00 secs] 
2014-07-09T15:43:23.678+0200: 12.499: [GC [PSYoungGen: 9004K->800K(11264K)] 20419K->12223K(27648K), 0.0018610 secs] [Times: user=0.00 sys=0.00, real=0.00 secs] 
2014-07-09T15:43:23.685+0200: 12.506: [GC [PSYoungGen: 6921K->5090K(11264K)] 18344K->18282K(27648K), 0.0224536 secs] [Times: user=0.02 sys=0.00, real=0.02 secs] 
2014-07-09T15:43:23.711+0200: 12.531: [GC [PSYoungGen: 11213K->4802K(11264K)] 24405K->17994K(27648K), 0.0051471 secs] [Times: user=0.01 sys=0.00, real=0.01 secs] 
2014-07-09T15:43:23.729+0200: 12.549: [GC [PSYoungGen: 10925K->2753K(11264K)] 24117K->15953K(27648K), 0.0017770 secs] [Times: user=0.03 sys=0.00, real=0.00 secs] 
2014-07-09T15:43:23.778+0200: 12.599: [GC [PSYoungGen: 8876K->672K(11264K)] 22076K->13880K(27648K), 0.0007578 secs] [Times: user=0.00 sys=0.00, real=0.00 secs] 
2014-07-09T15:43:23.781+0200: 12.601: [GC [PSYoungGen: 6793K->5090K(11264K)] 20001K->19947K(27648K), 0.0052706 secs] [Times: user=0.00 sys=0.00, real=0.01 secs] 
2014-07-09T15:43:23.786+0200: 12.607: [Full GC [PSYoungGen: 5090K->0K(11264K)] [ParOldGen: 14856K->7245K(16384K)] 19947K->7245K(27648K) [PSPermGen: 2474K->2474K(21504K)], 0.0277415 secs] [Times: user=0.03 sys=0.00, real=0.03 secs] 
2014-07-09T15:43:23.817+0200: 12.638: [GC [PSYoungGen: 6122K->4706K(11264K)] 13368K->11951K(27648K), 0.0041964 secs] [Times: user=0.00 sys=0.00, real=0.00 secs] 
2014-07-09T15:43:23.828+0200: 12.649: [GC [PSYoungGen: 10838K->1088K(11264K)] 18083K->8341K(27648K), 0.0010053 secs] [Times: user=0.00 sys=0.00, real=0.00 secs] 
2014-07-09T15:43:23.831+0200: 12.652: [GC [PSYoungGen: 7209K->5090K(11264K)] 14462K->14408K(27648K), 0.0054550 secs] [Times: user=0.00 sys=0.00, real=0.01 secs] 
2014-07-09T15:43:23.880+0200: 12.700: [GC [PSYoungGen: 11213K->5090K(11264K)] 20531K->14408K(27648K), 0.0311654 secs] [Times: user=0.03 sys=0.00, real=0.03 secs] 
2014-07-09T15:43:23.913+0200: 12.734: [GC [PSYoungGen: 11213K->3009K(11264K)] 20531K->12335K(27648K), 0.0148414 secs] [Times: user=0.01 sys=0.00, real=0.01 secs] 
2014-07-09T15:43:23.930+0200: 12.751: [GC [PSYoungGen: 9132K->928K(11264K)] 18458K->10262K(27648K), 0.0011875 secs] [Times: user=0.00 sys=0.00, real=0.00 secs] 
2014-07-09T15:43:23.934+0200: 12.755: [GC [PSYoungGen: 7049K->5090K(11264K)] 16383K->16353K(27648K), 0.0175071 secs] [Times: user=0.01 sys=0.00, real=0.02 secs] 
2014-07-09T15:43:23.979+0200: 12.800: [GC [PSYoungGen: 11213K->4962K(11264K)] 22476K->16225K(27648K), 0.0042910 secs] [Times: user=0.02 sys=0.00, real=0.00 secs] 
2014-07-09T15:43:23.988+0200: 12.809: [GC [PSYoungGen: 11085K->2881K(11264K)] 22348K->14152K(27648K), 0.0175306 secs] [Times: user=0.02 sys=0.00, real=0.02 secs] 
2014-07-09T15:43:24.028+0200: 12.849: [GC [PSYoungGen: 9004K->800K(11264K)] 20275K->12079K(27648K), 0.0010266 secs] [Times: user=0.00 sys=0.00, real=0.00 secs] 
2014-07-09T15:43:24.031+0200: 12.852: [GC [PSYoungGen: 6921K->5090K(11264K)] 18200K->18170K(27648K), 0.0214945 secs] [Times: user=0.01 sys=0.00, real=0.02 secs] 
2014-07-09T15:43:24.079+0200: 12.899: [GC [PSYoungGen: 11222K->3297K(11264K)] 24302K->16377K(27648K), 0.0035009 secs] [Times: user=0.00 sys=0.00, real=0.00 secs] 
2014-07-09T15:43:24.085+0200: 12.906: [GC [PSYoungGen: 9420K->1216K(11264K)] 22500K->14304K(27648K), 0.0138691 secs] [Times: user=0.02 sys=0.00, real=0.01 secs] 
2014-07-09T15:43:24.102+0200: 12.923: [GC [PSYoungGen: 7337K->5090K(11264K)] 20425K->20395K(27648K), 0.0069102 secs] [Times: user=0.02 sys=0.00, real=0.01 secs] 
2014-07-09T15:43:24.110+0200: 12.930: [Full GC [PSYoungGen: 5090K->0K(11264K)] [ParOldGen: 15305K->7833K(16384K)] 20395K->7833K(27648K) [PSPermGen: 2474K->2474K(21504K)], 0.0134013 secs] [Times: user=0.02 sys=0.00, real=0.01 secs] 
2014-07-09T15:43:24.130+0200: 12.950: [GC [PSYoungGen: 6122K->5090K(11264K)] 13956K->13084K(27648K), 0.0173498 secs] [Times: user=0.02 sys=0.00, real=0.02 secs] 
2014-07-09T15:43:24.179+0200: 13.000: [GC [PSYoungGen: 11213K->3169K(11264K)] 19207K->11171K(27648K), 0.0033018 secs] [Times: user=0.00 sys=0.02, real=0.00 secs] 
2014-07-09T15:43:24.186+0200: 13.006: [GC [PSYoungGen: 9292K->1088K(11264K)] 17294K->9098K(27648K), 0.0135325 secs] [Times: user=0.01 sys=0.00, real=0.01 secs] 
2014-07-09T15:43:24.202+0200: 13.022: [GC [PSYoungGen: 7209K->5090K(11264K)] 15219K->15189K(27648K), 0.0069120 secs] [Times: user=0.00 sys=0.00, real=0.01 secs] 
2014-07-09T15:43:24.229+0200: 13.050: [GC [PSYoungGen: 11213K->5090K(11264K)] 21312K->15221K(27648K), 0.0185161 secs] [Times: user=0.01 sys=0.00, real=0.02 secs] 
2014-07-09T15:43:24.279+0200: 13.099: [GC [PSYoungGen: 11213K->3041K(11264K)] 21344K->13180K(27648K), 0.0032600 secs] [Times: user=0.00 sys=0.00, real=0.00 secs] 
2014-07-09T15:43:24.285+0200: 13.106: [GC [PSYoungGen: 9164K->960K(11264K)] 19303K->11107K(27648K), 0.0135967 secs] [Times: user=0.02 sys=0.00, real=0.01 secs] 
2014-07-09T15:43:24.301+0200: 13.122: [GC [PSYoungGen: 7081K->5090K(11264K)] 17228K->17198K(27648K), 0.0059991 secs] [Times: user=0.02 sys=0.00, real=0.01 secs] 
2014-07-09T15:43:24.348+0200: 13.168: [GC [PSYoungGen: 11228K->3329K(11264K)] 23336K->15437K(27648K), 0.0497082 secs] [Times: user=0.00 sys=0.00, real=0.05 secs] 
2014-07-09T15:43:24.400+0200: 13.221: [GC [PSYoungGen: 9452K->1248K(11264K)] 21560K->13364K(27648K), 0.0017198 secs] [Times: user=0.00 sys=0.02, real=0.00 secs] 
2014-07-09T15:43:24.405+0200: 13.226: [GC [PSYoungGen: 7369K->5090K(11264K)] 19485K->19455K(27648K), 0.0199048 secs] [Times: user=0.02 sys=0.00, real=0.02 secs] 
2014-07-09T15:43:24.425+0200: 13.246: [Full GC [PSYoungGen: 5090K->0K(11264K)] [ParOldGen: 14364K->7869K(16384K)] 19455K->7869K(27648K) [PSPermGen: 2474K->2474K(21504K)], 0.0138826 secs] [Times: user=0.02 sys=0.00, real=0.01 secs] 
2014-07-09T15:43:24.442+0200: 13.263: [GC [PSYoungGen: 6122K->5090K(11264K)] 13992K->13152K(27648K), 0.0046803 secs] [Times: user=0.00 sys=0.00, real=0.01 secs] 
2014-07-09T15:43:24.450+0200: 13.271: [GC [PSYoungGen: 11213K->3201K(11264K)] 19275K->11271K(27648K), 0.0272003 secs] [Times: user=0.02 sys=0.00, real=0.03 secs] 
2014-07-09T15:43:24.480+0200: 13.301: [GC [PSYoungGen: 9324K->1152K(11264K)] 17394K->9230K(27648K), 0.0010984 secs] [Times: user=0.00 sys=0.00, real=0.00 secs] 
2014-07-09T15:43:24.485+0200: 13.306: [GC [PSYoungGen: 7273K->5090K(11264K)] 15351K->15297K(27648K), 0.0050946 secs] [Times: user=0.00 sys=0.00, real=0.01 secs] 
2014-07-09T15:43:24.493+0200: 13.314: [GC [PSYoungGen: 11213K->5090K(11264K)] 21420K->15393K(27648K), 0.0040651 secs] [Times: user=0.03 sys=0.00, real=0.00 secs] 
2014-07-09T15:43:24.528+0200: 13.349: [GC [PSYoungGen: 11213K->3105K(11264K)] 21516K->13416K(27648K), 0.0016146 secs] [Times: user=0.00 sys=0.00, real=0.00 secs] 
2014-07-09T15:43:24.532+0200: 13.353: [GC [PSYoungGen: 9247K->1312K(11264K)] 19558K->11630K(27648K), 0.0010878 secs] [Times: user=0.00 sys=0.00, real=0.00 secs] 
2014-07-09T15:43:24.582+0200: 13.403: [GC [PSYoungGen: 7451K->5090K(11264K)] 17769K->16473K(27648K), 0.0079330 secs] [Times: user=0.03 sys=0.00, real=0.01 secs] 
2014-07-09T15:43:24.594+0200: 13.415: [GC [PSYoungGen: 11213K->4065K(11264K)] 22596K->15457K(27648K), 0.0055280 secs] [Times: user=0.00 sys=0.00, real=0.01 secs] 
2014-07-09T15:43:24.629+0200: 13.449: [GC [PSYoungGen: 10188K->1984K(11264K)] 21580K->13384K(27648K), 0.0014485 secs] [Times: user=0.00 sys=0.00, real=0.00 secs] 
2014-07-09T15:43:24.633+0200: 13.453: [GC [PSYoungGen: 8105K->5090K(11264K)] 19505K->19451K(27648K), 0.0065897 secs] [Times: user=0.03 sys=0.00, real=0.01 secs] 
2014-07-09T15:43:24.639+0200: 13.460: [Full GC [PSYoungGen: 5090K->0K(11264K)] [ParOldGen: 14360K->8575K(16384K)] 19451K->8575K(27648K) [PSPermGen: 2474K->2474K(21504K)], 0.0145261 secs] [Times: user=0.03 sys=0.00, real=0.02 secs] 
2014-07-09T15:43:24.679+0200: 13.500: [GC [PSYoungGen: 6122K->5090K(11264K)] 14698K->14594K(27648K), 0.0044890 secs] [Times: user=0.03 sys=0.00, real=0.01 secs] 
2014-07-09T15:43:24.686+0200: 13.507: [GC [PSYoungGen: 11213K->3937K(11264K)] 20717K->13449K(27648K), 0.0030368 secs] [Times: user=0.00 sys=0.00, real=0.00 secs] 
2014-07-09T15:43:24.729+0200: 13.550: [GC [PSYoungGen: 10060K->1856K(11264K)] 19572K->11376K(27648K), 0.0023211 secs] [Times: user=0.00 sys=0.00, real=0.00 secs] 
2014-07-09T15:43:24.736+0200: 13.557: [GC [PSYoungGen: 7977K->5090K(11264K)] 17497K->17443K(27648K), 0.0101860 secs] [Times: user=0.03 sys=0.00, real=0.01 secs] 
2014-07-09T15:43:24.780+0200: 13.600: [GC [PSYoungGen: 11213K->5090K(11264K)] 23566K->18212K(27648K), 0.0077981 secs] [Times: user=0.00 sys=0.00, real=0.01 secs] 
2014-07-09T15:43:24.790+0200: 13.611: [GC [PSYoungGen: 11224K->2273K(11264K)] 24346K->15402K(27648K), 0.0020997 secs] [Times: user=0.00 sys=0.01, real=0.00 secs] 
2014-07-09T15:43:24.795+0200: 13.616: [GC [PSYoungGen: 8416K->192K(11264K)] 21546K->13329K(27648K), 0.0010878 secs] [Times: user=0.00 sys=0.00, real=0.00 secs] 
2014-07-09T15:43:24.829+0200: 13.650: [GC [PSYoungGen: 6330K->5090K(11264K)] 19467K->18972K(27648K), 0.0045608 secs] [Times: user=0.00 sys=0.00, real=0.01 secs] 
2014-07-09T15:43:24.834+0200: 13.655: [Full GC [PSYoungGen: 5090K->0K(11264K)] [ParOldGen: 13882K->6099K(16384K)] 18972K->6099K(27648K) [PSPermGen: 2474K->2474K(21504K)], 0.0097453 secs] [Times: user=0.02 sys=0.00, real=0.01 secs] 
2014-07-09T15:43:24.879+0200: 13.700: [GC [PSYoungGen: 6122K->3745K(11264K)] 12222K->9845K(27648K), 0.0026353 secs] [Times: user=0.00 sys=0.00, real=0.00 secs] 
2014-07-09T15:43:24.885+0200: 13.706: [GC [PSYoungGen: 9868K->1664K(11264K)] 15968K->7772K(27648K), 0.0036289 secs] [Times: user=0.00 sys=0.00, real=0.00 secs] 
2014-07-09T15:43:24.891+0200: 13.712: [GC [PSYoungGen: 7785K->5090K(11264K)] 13893K->13839K(27648K), 0.0055962 secs] [Times: user=0.00 sys=0.00, real=0.01 secs] 
2014-07-09T15:43:24.929+0200: 13.750: [GC [PSYoungGen: 11213K->5090K(11264K)] 19962K->14447K(27648K), 0.0053784 secs] [Times: user=0.03 sys=0.00, real=0.01 secs] 
2014-07-09T15:43:24.980+0200: 13.801: [GC [PSYoungGen: 11213K->3617K(11264K)] 20570K->12982K(27648K), 0.0037425 secs] [Times: user=0.00 sys=0.00, real=0.00 secs] 
2014-07-09T15:43:24.990+0200: 13.810: [GC [PSYoungGen: 9740K->1536K(11264K)] 19105K->10909K(27648K), 0.0034236 secs] [Times: user=0.00 sys=0.00, real=0.00 secs] 
2014-07-09T15:43:24.998+0200: 13.819: [GC [PSYoungGen: 7657K->5090K(11264K)] 17030K->16976K(27648K), 0.0057989 secs] [Times: user=0.00 sys=0.00, real=0.01 secs] 
2014-07-09T15:43:25.030+0200: 13.850: [GC [PSYoungGen: 11218K->4546K(11264K)] 23105K->16432K(27648K), 0.0034844 secs] [Times: user=0.00 sys=0.00, real=0.00 secs] 
2014-07-09T15:43:25.078+0200: 13.899: [GC [PSYoungGen: 10669K->2433K(11264K)] 22555K->14327K(27648K), 0.0036318 secs] [Times: user=0.00 sys=0.00, real=0.00 secs] 
2014-07-09T15:43:25.084+0200: 13.905: [GC [PSYoungGen: 8556K->384K(11264K)] 20450K->12286K(27648K), 0.0009547 secs] [Times: user=0.00 sys=0.00, real=0.00 secs] 
2014-07-09T15:43:25.088+0200: 13.909: [GC [PSYoungGen: 6505K->5090K(11264K)] 18407K->18353K(27648K), 0.0051848 secs] [Times: user=0.00 sys=0.00, real=0.01 secs] 
2014-07-09T15:43:25.129+0200: 13.950: [GC [PSYoungGen: 11213K->4418K(11264K)] 24476K->17681K(27648K), 0.0033825 secs] [Times: user=0.00 sys=0.00, real=0.00 secs] 
2014-07-09T15:43:25.179+0200: 14.000: [GC [PSYoungGen: 10541K->2337K(11264K)] 23804K->15608K(27648K), 0.0031544 secs] [Times: user=0.03 sys=0.00, real=0.00 secs] 
2014-07-09T15:43:25.188+0200: 14.009: [GC [PSYoungGen: 8460K->256K(11264K)] 21731K->13535K(27648K), 0.0015681 secs] [Times: user=0.00 sys=0.00, real=0.00 secs] 
2014-07-09T15:43:25.193+0200: 14.014: [GC [PSYoungGen: 6377K->5090K(11264K)] 19656K->19602K(27648K), 0.0085922 secs] [Times: user=0.01 sys=0.00, real=0.01 secs] 
2014-07-09T15:43:25.203+0200: 14.023: [Full GC [PSYoungGen: 5090K->0K(11264K)] [ParOldGen: 14511K->6644K(16384K)] 19602K->6644K(27648K) [PSPermGen: 2474K->2474K(21504K)], 0.0143948 secs] [Times: user=0.02 sys=0.00, real=0.01 secs] 
2014-07-09T15:43:25.230+0200: 14.050: [GC [PSYoungGen: 6122K->4290K(11264K)] 12767K->10934K(27648K), 0.0032512 secs] [Times: user=0.00 sys=0.00, real=0.00 secs] 
2014-07-09T15:43:25.279+0200: 14.100: [GC [PSYoungGen: 10413K->2209K(11264K)] 17057K->8861K(27648K), 0.0027717 secs] [Times: user=0.00 sys=0.00, real=0.00 secs] 
2014-07-09T15:43:25.287+0200: 14.108: [GC [PSYoungGen: 8332K->96K(11264K)] 14984K->6764K(27648K), 0.0017202 secs] [Times: user=0.00 sys=0.00, real=0.00 secs] 
2014-07-09T15:43:25.294+0200: 14.115: [GC [PSYoungGen: 6217K->5090K(11264K)] 12885K->12863K(27648K), 0.0064973 secs] [Times: user=0.00 sys=0.00, real=0.01 secs] 
2014-07-09T15:43:25.329+0200: 14.149: [GC [PSYoungGen: 11227K->2497K(11264K)] 19000K->10270K(27648K), 0.0016703 secs] [Times: user=0.00 sys=0.00, real=0.00 secs] 
2014-07-09T15:43:25.378+0200: 14.199: [GC [PSYoungGen: 8620K->416K(11264K)] 16392K->8196K(27648K), 0.0018071 secs] [Times: user=0.00 sys=0.00, real=0.00 secs] 
2014-07-09T15:43:25.385+0200: 14.206: [GC [PSYoungGen: 6537K->5090K(11264K)] 14317K->14255K(27648K), 0.0314304 secs] [Times: user=0.03 sys=0.00, real=0.03 secs] 
2014-07-09T15:43:25.420+0200: 14.241: [GC [PSYoungGen: 11213K->4450K(11264K)] 20378K->13615K(27648K), 0.0036164 secs] [Times: user=0.00 sys=0.00, real=0.00 secs] 
2014-07-09T15:43:25.429+0200: 14.249: [GC [PSYoungGen: 10573K->2369K(11264K)] 19738K->11542K(27648K), 0.0016777 secs] [Times: user=0.00 sys=0.00, real=0.00 secs] 
2014-07-09T15:43:25.478+0200: 14.298: [GC [PSYoungGen: 8492K->288K(11264K)] 17665K->9469K(27648K), 0.0005063 secs] [Times: user=0.00 sys=0.00, real=0.00 secs] 
2014-07-09T15:43:25.480+0200: 14.301: [GC [PSYoungGen: 6409K->5090K(11264K)] 15590K->15536K(27648K), 0.0048285 secs] [Times: user=0.00 sys=0.00, real=0.00 secs] 
2014-07-09T15:43:25.488+0200: 14.308: [GC [PSYoungGen: 11213K->4322K(11264K)] 21659K->14768K(27648K), 0.0036619 secs] [Times: user=0.00 sys=0.00, real=0.00 secs] 
2014-07-09T15:43:25.528+0200: 14.349: [GC [PSYoungGen: 10445K->2241K(11264K)] 20891K->12695K(27648K), 0.0023849 secs] [Times: user=0.00 sys=0.00, real=0.00 secs] 
2014-07-09T15:43:25.533+0200: 14.354: [GC [PSYoungGen: 8380K->160K(11264K)] 18834K->10622K(27648K), 0.0006368 secs] [Times: user=0.00 sys=0.00, real=0.00 secs] 
2014-07-09T15:43:25.579+0200: 14.399: [GC [PSYoungGen: 6276K->4738K(11264K)] 16738K->15208K(27648K), 0.0034137 secs] [Times: user=0.00 sys=0.00, real=0.00 secs] 
2014-07-09T15:43:25.584+0200: 14.405: [GC [PSYoungGen: 10861K->2657K(11264K)] 21331K->13135K(27648K), 0.0020029 secs] [Times: user=0.00 sys=0.02, real=0.00 secs] 
2014-07-09T15:43:25.628+0200: 14.449: [GC [PSYoungGen: 8780K->576K(11264K)] 19258K->11062K(27648K), 0.0017715 secs] [Times: user=0.00 sys=0.00, real=0.00 secs] 
2014-07-09T15:43:25.635+0200: 14.455: [GC [PSYoungGen: 6697K->5090K(11264K)] 17183K->17129K(27648K), 0.0084826 secs] [Times: user=0.00 sys=0.00, real=0.01 secs] 
2014-07-09T15:43:25.679+0200: 14.500: [GC [PSYoungGen: 11213K->4610K(11264K)] 23252K->16649K(27648K), 0.0033847 secs] [Times: user=0.00 sys=0.01, real=0.00 secs] 
2014-07-09T15:43:25.685+0200: 14.506: [GC [PSYoungGen: 10733K->2529K(11264K)] 22772K->14576K(27648K), 0.0022782 secs] [Times: user=0.00 sys=0.00, real=0.00 secs] 
2014-07-09T15:43:25.728+0200: 14.549: [GC [PSYoungGen: 8652K->448K(11264K)] 20699K->12503K(27648K), 0.0018390 secs] [Times: user=0.00 sys=0.00, real=0.00 secs] 
2014-07-09T15:43:25.734+0200: 14.554: [GC [PSYoungGen: 6569K->5090K(11264K)] 18624K->18570K(27648K), 0.0086381 secs] [Times: user=0.00 sys=0.02, real=0.01 secs] 
2014-07-09T15:43:25.780+0200: 14.601: [GC [PSYoungGen: 11213K->4482K(11264K)] 24693K->17961K(27648K), 0.0057212 secs] [Times: user=0.00 sys=0.00, real=0.01 secs] 
2014-07-09T15:43:25.791+0200: 14.612: [GC [PSYoungGen: 10605K->2401K(11264K)] 24084K->15888K(27648K), 0.0031240 secs] [Times: user=0.00 sys=0.00, real=0.00 secs] 
2014-07-09T15:43:25.800+0200: 14.621: [GC [PSYoungGen: 8540K->384K(11264K)] 22028K->13879K(27648K), 0.0018474 secs] [Times: user=0.00 sys=0.00, real=0.00 secs] 
2014-07-09T15:43:25.829+0200: 14.650: [GC [PSYoungGen: 6499K->4898K(11264K)] 19995K->18401K(27648K), 0.0037784 secs] [Times: user=0.00 sys=0.00, real=0.00 secs] 
2014-07-09T15:43:25.881+0200: 14.702: [GC [PSYoungGen: 11021K->2785K(11264K)] 24524K->16296K(27648K), 0.0032578 secs] [Times: user=0.01 sys=0.00, real=0.00 secs] 
2014-07-09T15:43:25.889+0200: 14.709: [GC [PSYoungGen: 8908K->736K(11264K)] 22419K->14255K(27648K), 0.0009994 secs] [Times: user=0.00 sys=0.00, real=0.00 secs] 
2014-07-09T15:43:25.892+0200: 14.713: [GC [PSYoungGen: 6857K->5090K(11264K)] 20376K->20322K(27648K), 0.0057623 secs] [Times: user=0.00 sys=0.00, real=0.01 secs] 
2014-07-09T15:43:25.898+0200: 14.719: [Full GC [PSYoungGen: 5090K->0K(11264K)] [ParOldGen: 15232K->7321K(16384K)] 20322K->7321K(27648K) [PSPermGen: 2474K->2474K(21504K)], 0.0102655 secs] [Times: user=0.03 sys=0.00, real=0.01 secs] 
2014-07-09T15:43:25.929+0200: 14.750: [GC [PSYoungGen: 6122K->4770K(11264K)] 13444K->12091K(27648K), 0.0160135 secs] [Times: user=0.03 sys=0.00, real=0.02 secs] 
2014-07-09T15:43:25.978+0200: 14.799: [GC [PSYoungGen: 10893K->2689K(11264K)] 18214K->10018K(27648K), 0.0013184 secs] [Times: user=0.00 sys=0.00, real=0.00 secs] 
2014-07-09T15:43:25.983+0200: 14.804: [GC [PSYoungGen: 8812K->608K(11264K)] 16141K->7945K(27648K), 0.0007410 secs] [Times: user=0.00 sys=0.00, real=0.00 secs] 
2014-07-09T15:43:25.986+0200: 14.807: [GC [PSYoungGen: 6729K->5090K(11264K)] 14066K->14012K(27648K), 0.0054382 secs] [Times: user=0.00 sys=0.00, real=0.00 secs] 
2014-07-09T15:43:26.029+0200: 14.850: [GC [PSYoungGen: 11213K->4642K(11264K)] 20135K->13564K(27648K), 0.0033117 secs] [Times: user=0.00 sys=0.00, real=0.00 secs] 
2014-07-09T15:43:26.079+0200: 14.899: [GC [PSYoungGen: 10768K->1536K(11264K)] 19690K->10466K(27648K), 0.0018724 secs] [Times: user=0.00 sys=0.00, real=0.00 secs] 
2014-07-09T15:43:26.085+0200: 14.906: [GC [PSYoungGen: 7657K->5090K(11264K)] 16587K->16533K(27648K), 0.0105804 secs] [Times: user=0.03 sys=0.00, real=0.01 secs] 
2014-07-09T15:43:26.099+0200: 14.920: [GC [PSYoungGen: 11213K->5090K(11264K)] 22656K->17013K(27648K), 0.0077285 secs] [Times: user=0.03 sys=0.00, real=0.01 secs] 
2014-07-09T15:43:26.129+0200: 14.950: [GC [PSYoungGen: 11213K->3489K(11264K)] 23136K->15421K(27648K), 0.0024989 secs] [Times: user=0.00 sys=0.00, real=0.00 secs] 
2014-07-09T15:43:26.179+0200: 15.000: [GC [PSYoungGen: 9612K->1408K(11264K)] 21544K->13348K(27648K), 0.0024087 secs] [Times: user=0.00 sys=0.00, real=0.00 secs] 
2014-07-09T15:43:26.185+0200: 15.006: [GC [PSYoungGen: 7529K->5090K(11264K)] 19469K->19415K(27648K), 0.0096558 secs] [Times: user=0.02 sys=0.00, real=0.01 secs] 
2014-07-09T15:43:26.195+0200: 15.016: [Full GC [PSYoungGen: 5090K->0K(11264K)] [ParOldGen: 14324K->7997K(16384K)] 19415K->7997K(27648K) [PSPermGen: 2474K->2474K(21504K)], 0.0143912 secs] [Times: user=0.00 sys=0.00, real=0.02 secs] 
2014-07-09T15:43:26.213+0200: 15.033: [GC [PSYoungGen: 6122K->5090K(11264K)] 14120K->13439K(27648K), 0.0044897 secs] [Times: user=0.00 sys=0.00, real=0.00 secs] 
2014-07-09T15:43:26.228+0200: 15.049: [GC [PSYoungGen: 11213K->3361K(11264K)] 19562K->11719K(27648K), 0.0017165 secs] [Times: user=0.00 sys=0.00, real=0.00 secs] 
2014-07-09T15:43:26.278+0200: 15.099: [GC [PSYoungGen: 9484K->1280K(11264K)] 17842K->9646K(27648K), 0.0007912 secs] [Times: user=0.00 sys=0.00, real=0.00 secs] 
2014-07-09T15:43:26.281+0200: 15.102: [GC [PSYoungGen: 7401K->5090K(11264K)] 15767K->15713K(27648K), 0.0054572 secs] [Times: user=0.00 sys=0.00, real=0.01 secs] 
2014-07-09T15:43:26.290+0200: 15.110: [GC [PSYoungGen: 11227K->4162K(11264K)] 21850K->14784K(27648K), 0.0030929 secs] [Times: user=0.00 sys=0.00, real=0.00 secs] 
2014-07-09T15:43:26.328+0200: 15.149: [GC [PSYoungGen: 10288K->1056K(11264K)] 20911K->11687K(27648K), 0.0007190 secs] [Times: user=0.00 sys=0.00, real=0.00 secs] 
2014-07-09T15:43:26.331+0200: 15.152: [GC [PSYoungGen: 7177K->5090K(11264K)] 17808K->17754K(27648K), 0.0055075 secs] [Times: user=0.03 sys=0.00, real=0.00 secs] 
2014-07-09T15:43:26.381+0200: 15.202: [GC [PSYoungGen: 11213K->5090K(11264K)] 23877K->17754K(27648K), 0.0070524 secs] [Times: user=0.03 sys=0.00, real=0.01 secs] 
2014-07-09T15:43:26.392+0200: 15.213: [GC [PSYoungGen: 11213K->3009K(11264K)] 23877K->15681K(27648K), 0.0040560 secs] [Times: user=0.00 sys=0.00, real=0.00 secs] 
2014-07-09T15:43:26.428+0200: 15.249: [GC [PSYoungGen: 9132K->928K(11264K)] 21804K->13608K(27648K), 0.0011633 secs] [Times: user=0.03 sys=0.00, real=0.00 secs] 
2014-07-09T15:43:26.432+0200: 15.252: [GC [PSYoungGen: 7049K->5090K(11264K)] 19728K->19674K(27648K), 0.0057337 secs] [Times: user=0.00 sys=0.00, real=0.01 secs] 
2014-07-09T15:43:26.438+0200: 15.258: [Full GC [PSYoungGen: 5090K->0K(11264K)] [ParOldGen: 14584K->7520K(16384K)] 19674K->7520K(27648K) [PSPermGen: 2474K->2474K(21504K)], 0.0129536 secs] [Times: user=0.02 sys=0.00, real=0.01 secs] 
2014-07-09T15:43:26.482+0200: 15.302: [GC [PSYoungGen: 6122K->4930K(11264K)] 13643K->12450K(27648K), 0.0064515 secs] [Times: user=0.00 sys=0.00, real=0.01 secs] 
2014-07-09T15:43:26.492+0200: 15.313: [GC [PSYoungGen: 11053K->2849K(11264K)] 18573K->10377K(27648K), 0.0279504 secs] [Times: user=0.02 sys=0.00, real=0.03 secs] 
2014-07-09T15:43:26.528+0200: 15.349: [GC [PSYoungGen: 8991K->1024K(11264K)] 16519K->8560K(27648K), 0.0015835 secs] [Times: user=0.00 sys=0.00, real=0.00 secs] 
2014-07-09T15:43:26.532+0200: 15.353: [GC [PSYoungGen: 7163K->5090K(11264K)] 14699K->13467K(27648K), 0.0046140 secs] [Times: user=0.00 sys=0.00, real=0.00 secs] 
2014-07-09T15:43:26.579+0200: 15.399: [GC [PSYoungGen: 11213K->3841K(11264K)] 19590K->12226K(27648K), 0.0024949 secs] [Times: user=0.00 sys=0.00, real=0.00 secs] 
2014-07-09T15:43:26.584+0200: 15.404: [GC [PSYoungGen: 9964K->1760K(11264K)] 18349K->10153K(27648K), 0.0016920 secs] [Times: user=0.03 sys=0.00, real=0.00 secs] 
2014-07-09T15:43:26.588+0200: 15.409: [GC [PSYoungGen: 7881K->5090K(11264K)] 16274K->16220K(27648K), 0.0059082 secs] [Times: user=0.00 sys=0.00, real=0.01 secs] 
2014-07-09T15:43:26.629+0200: 15.450: [GC [PSYoungGen: 11213K->5090K(11264K)] 22343K->16924K(27648K), 0.0047273 secs] [Times: user=0.03 sys=0.00, real=0.01 secs] 
2014-07-09T15:43:26.681+0200: 15.501: [GC [PSYoungGen: 11213K->3713K(11264K)] 23047K->15556K(27648K), 0.0045528 secs] [Times: user=0.00 sys=0.00, real=0.00 secs] 
2014-07-09T15:43:26.690+0200: 15.511: [GC [PSYoungGen: 9836K->1632K(11264K)] 21679K->13483K(27648K), 0.0024802 secs] [Times: user=0.00 sys=0.00, real=0.00 secs] 
2014-07-09T15:43:26.698+0200: 15.519: [GC [PSYoungGen: 7753K->5090K(11264K)] 19604K->19550K(27648K), 0.0095763 secs] [Times: user=0.00 sys=0.00, real=0.01 secs] 
2014-07-09T15:43:26.708+0200: 15.529: [Full GC [PSYoungGen: 5090K->0K(11264K)] [ParOldGen: 14459K->8225K(16384K)] 19550K->8225K(27648K) [PSPermGen: 2474K->2474K(21504K)], 0.0115652 secs] [Times: user=0.03 sys=0.00, real=0.01 secs] 
2014-07-09T15:43:26.730+0200: 15.550: [GC [PSYoungGen: 6122K->5090K(11264K)] 14348K->13892K(27648K), 0.0046539 secs] [Times: user=0.00 sys=0.00, real=0.00 secs] 
2014-07-09T15:43:26.780+0200: 15.601: [GC [PSYoungGen: 11213K->3585K(11264K)] 20015K->12395K(27648K), 0.0037799 secs] [Times: user=0.00 sys=0.00, real=0.00 secs] 
2014-07-09T15:43:26.789+0200: 15.610: [GC [PSYoungGen: 9708K->1504K(11264K)] 18518K->10322K(27648K), 0.0024703 secs] [Times: user=0.00 sys=0.00, real=0.00 secs] 
2014-07-09T15:43:26.796+0200: 15.617: [GC [PSYoungGen: 7625K->5090K(11264K)] 16443K->16389K(27648K), 0.0067169 secs] [Times: user=0.03 sys=0.00, real=0.01 secs] 
2014-07-09T15:43:26.829+0200: 15.650: [GC [PSYoungGen: 11222K->4001K(11264K)] 22521K->15301K(27648K), 0.0023787 secs] [Times: user=0.00 sys=0.00, real=0.00 secs] 
2014-07-09T15:43:26.878+0200: 15.699: [GC [PSYoungGen: 10124K->1920K(11264K)] 21424K->13228K(27648K), 0.0009723 secs] [Times: user=0.00 sys=0.00, real=0.00 secs] 
2014-07-09T15:43:26.883+0200: 15.704: [GC [PSYoungGen: 8041K->5090K(11264K)] 19349K->19295K(27648K), 0.0065384 secs] [Times: user=0.00 sys=0.00, real=0.01 secs] 
2014-07-09T15:43:26.890+0200: 15.710: [Full GC [PSYoungGen: 5090K->0K(11264K)] [ParOldGen: 14204K->8515K(16384K)] 19295K->8515K(27648K) [PSPermGen: 2474K->2474K(21504K)], 0.0104756 secs] [Times: user=0.03 sys=0.00, real=0.01 secs] 
2014-07-09T15:43:26.902+0200: 15.723: [GC [PSYoungGen: 6122K->5090K(11264K)] 14637K->14469K(27648K), 0.0050891 secs] [Times: user=0.00 sys=0.00, real=0.01 secs] 
2014-07-09T15:43:26.929+0200: 15.750: [GC [PSYoungGen: 11213K->3873K(11264K)] 20592K->13261K(27648K), 0.0026929 secs] [Times: user=0.00 sys=0.00, real=0.00 secs] 
2014-07-09T15:43:26.980+0200: 15.801: [GC [PSYoungGen: 9996K->1760K(11264K)] 19384K->11156K(27648K), 0.0015846 secs] [Times: user=0.00 sys=0.00, real=0.00 secs] 
2014-07-09T15:43:26.984+0200: 15.805: [GC [PSYoungGen: 7881K->5090K(11264K)] 17277K->17247K(27648K), 0.0127685 secs] [Times: user=0.02 sys=0.00, real=0.01 secs] 
2014-07-09T15:43:27.000+0200: 15.821: [GC [PSYoungGen: 11213K->5090K(11264K)] 23370K->17983K(27648K), 0.0049227 secs] [Times: user=0.00 sys=0.00, real=0.01 secs] 
2014-07-09T15:43:27.029+0200: 15.850: [GC [PSYoungGen: 11213K->3713K(11264K)] 24106K->16614K(27648K), 0.0161337 secs] [Times: user=0.02 sys=0.00, real=0.02 secs] 
2014-07-09T15:43:27.078+0200: 15.898: [GC [PSYoungGen: 9848K->128K(11264K)] 22749K->13037K(27648K), 0.0005019 secs] [Times: user=0.00 sys=0.00, real=0.00 secs] 
2014-07-09T15:43:27.080+0200: 15.901: [GC [PSYoungGen: 6249K->5090K(11264K)] 19158K->19104K(27648K), 0.0050191 secs] [Times: user=0.03 sys=0.00, real=0.01 secs] 
2014-07-09T15:43:27.085+0200: 15.906: [Full GC [PSYoungGen: 5090K->0K(11264K)] [ParOldGen: 14013K->6524K(16384K)] 19104K->6524K(27648K) [PSPermGen: 2474K->2474K(21504K)], 0.0096870 secs] [Times: user=0.00 sys=0.00, real=0.01 secs] 
2014-07-09T15:43:27.097+0200: 15.918: [GC [PSYoungGen: 6120K->4162K(11264K)] 12645K->10686K(27648K), 0.0034587 secs] [Times: user=0.03 sys=0.00, real=0.00 secs] 
2014-07-09T15:43:27.129+0200: 15.950: [GC [PSYoungGen: 10282K->2080K(11264K)] 16807K->8613K(27648K), 0.0023845 secs] [Times: user=0.03 sys=0.00, real=0.00 secs] 
2014-07-09T15:43:27.136+0200: 15.957: [GC [PSYoungGen: 8201K->5090K(11264K)] 14734K->14680K(27648K), 0.0104752 secs] [Times: user=0.03 sys=0.00, real=0.01 secs] 
2014-07-09T15:43:27.182+0200: 16.003: [GC [PSYoungGen: 11213K->5090K(11264K)] 20803K->15704K(27648K), 0.0076295 secs] [Times: user=0.00 sys=0.00, real=0.01 secs] 
2014-07-09T15:43:27.194+0200: 16.014: [GC [PSYoungGen: 11213K->4033K(11264K)] 21827K->14656K(27648K), 0.0056248 secs] [Times: user=0.00 sys=0.00, real=0.00 secs] 
2014-07-09T15:43:27.229+0200: 16.050: [GC [PSYoungGen: 10156K->1952K(11264K)] 20779K->12583K(27648K), 0.0026844 secs] [Times: user=0.00 sys=0.00, real=0.00 secs] 
2014-07-09T15:43:27.236+0200: 16.057: [GC [PSYoungGen: 8073K->5090K(11264K)] 18704K->18650K(27648K), 0.0103440 secs] [Times: user=0.03 sys=0.00, real=0.01 secs] 
2014-07-09T15:43:27.247+0200: 16.068: [Full GC [PSYoungGen: 5090K->0K(11264K)] [ParOldGen: 13559K->8521K(16384K)] 18650K->8521K(27648K) [PSPermGen: 2474K->2474K(21504K)], 0.0144418 secs] [Times: user=0.01 sys=0.00, real=0.01 secs] 
2014-07-09T15:43:27.280+0200: 16.100: [GC [PSYoungGen: 6122K->5090K(11264K)] 14644K->14508K(27648K), 0.0051364 secs] [Times: user=0.00 sys=0.00, real=0.01 secs] 
2014-07-09T15:43:27.288+0200: 16.109: [GC [PSYoungGen: 11213K->3905K(11264K)] 20631K->13331K(27648K), 0.0030716 secs] [Times: user=0.00 sys=0.00, real=0.00 secs] 
2014-07-09T15:43:27.328+0200: 16.149: [GC [PSYoungGen: 10044K->160K(11264K)] 19470K->9593K(27648K), 0.0007358 secs] [Times: user=0.00 sys=0.00, real=0.00 secs] 
2014-07-09T15:43:27.331+0200: 16.151: [GC [PSYoungGen: 6281K->5090K(11264K)] 15714K->15660K(27648K), 0.0054965 secs] [Times: user=0.03 sys=0.00, real=0.00 secs] 
2014-07-09T15:43:27.380+0200: 16.201: [GC [PSYoungGen: 11213K->4194K(11264K)] 21783K->14764K(27648K), 0.0126321 secs] [Times: user=0.00 sys=0.00, real=0.01 secs] 
2014-07-09T15:43:27.399+0200: 16.219: [GC [PSYoungGen: 10315K->2113K(11264K)] 20885K->12691K(27648K), 0.0015875 secs] [Times: user=0.00 sys=0.00, real=0.00 secs] 
2014-07-09T15:43:27.403+0200: 16.224: [GC [PSYoungGen: 8233K->5090K(11264K)] 18812K->18758K(27648K), 0.0067404 secs] [Times: user=0.00 sys=0.00, real=0.01 secs] 
2014-07-09T15:43:27.410+0200: 16.231: [Full GC [PSYoungGen: 5090K->0K(11264K)] [ParOldGen: 13667K->8688K(16384K)] 18758K->8688K(27648K) [PSPermGen: 2474K->2474K(21504K)], 0.0138445 secs] [Times: user=0.03 sys=0.00, real=0.01 secs] 
2014-07-09T15:43:27.429+0200: 16.250: [GC [PSYoungGen: 6122K->5090K(11264K)] 14810K->14835K(27648K), 0.0047562 secs] [Times: user=0.00 sys=0.00, real=0.01 secs] 
2014-07-09T15:43:27.479+0200: 16.300: [GC [PSYoungGen: 11213K->4065K(11264K)] 20958K->13818K(27648K), 0.0028740 secs] [Times: user=0.00 sys=0.00, real=0.00 secs] 
2014-07-09T15:43:27.484+0200: 16.305: [GC [PSYoungGen: 10188K->1984K(11264K)] 19941K->11745K(27648K), 0.0017081 secs] [Times: user=0.00 sys=0.00, real=0.00 secs] 
2014-07-09T15:43:27.489+0200: 16.310: [GC [PSYoungGen: 8105K->5090K(11264K)] 17866K->17812K(27648K), 0.0056750 secs] [Times: user=0.03 sys=0.00, real=0.01 secs] 
2014-07-09T15:43:27.495+0200: 16.316: [Full GC [PSYoungGen: 5090K->0K(11264K)] [ParOldGen: 12722K->8563K(16384K)] 17812K->8563K(27648K) [PSPermGen: 2474K->2474K(21504K)], 0.0103022 secs] [Times: user=0.03 sys=0.00, real=0.01 secs] 
2014-07-09T15:43:27.529+0200: 16.350: [GC [PSYoungGen: 6122K->5090K(11264K)] 14686K->14582K(27648K), 0.0047001 secs] [Times: user=0.00 sys=0.00, real=0.00 secs] 
2014-07-09T15:43:27.578+0200: 16.399: [GC [PSYoungGen: 11218K->2913K(11264K)] 20710K->12413K(27648K), 0.0016124 secs] [Times: user=0.00 sys=0.00, real=0.00 secs] 
2014-07-09T15:43:27.583+0200: 16.404: [GC [PSYoungGen: 9036K->832K(11264K)] 18536K->10340K(27648K), 0.0011010 secs] [Times: user=0.00 sys=0.00, real=0.00 secs] 
2014-07-09T15:43:27.587+0200: 16.407: [GC [PSYoungGen: 6953K->5090K(11264K)] 16461K->16407K(27648K), 0.0050873 secs] [Times: user=0.00 sys=0.00, real=0.01 secs] 
2014-07-09T15:43:27.629+0200: 16.450: [GC [PSYoungGen: 11213K->4866K(11264K)] 22530K->16183K(27648K), 0.0036604 secs] [Times: user=0.03 sys=0.00, real=0.00 secs] 
2014-07-09T15:43:27.679+0200: 16.499: [GC [PSYoungGen: 10989K->2785K(11264K)] 22306K->14110K(27648K), 0.0013825 secs] [Times: user=0.00 sys=0.00, real=0.00 secs] 
2014-07-09T15:43:27.683+0200: 16.503: [GC [PSYoungGen: 8908K->704K(11264K)] 20233K->12037K(27648K), 0.0009257 secs] [Times: user=0.00 sys=0.00, real=0.00 secs] 
2014-07-09T15:43:27.686+0200: 16.507: [GC [PSYoungGen: 6825K->5090K(11264K)] 18158K->18104K(27648K), 0.0053043 secs] [Times: user=0.00 sys=0.00, real=0.00 secs] 
2014-07-09T15:43:27.731+0200: 16.551: [GC [PSYoungGen: 11213K->4738K(11264K)] 24227K->17751K(27648K), 0.0062396 secs] [Times: user=0.00 sys=0.00, real=0.01 secs] 
2014-07-09T15:43:27.779+0200: 16.600: [GC [PSYoungGen: 10861K->2657K(11264K)] 23874K->15678K(27648K), 0.0017481 secs] [Times: user=0.00 sys=0.00, real=0.00 secs] 
2014-07-09T15:43:27.783+0200: 16.604: [GC [PSYoungGen: 8799K->736K(11264K)] 21820K->13765K(27648K), 0.0010368 secs] [Times: user=0.00 sys=0.00, real=0.00 secs] 
2014-07-09T15:43:27.787+0200: 16.608: [GC [PSYoungGen: 6855K->4642K(11264K)] 19884K->17679K(27648K), 0.0041018 secs] [Times: user=0.00 sys=0.00, real=0.00 secs] 
2014-07-09T15:43:27.828+0200: 16.649: [GC [PSYoungGen: 10765K->2561K(11264K)] 23802K->15606K(27648K), 0.0015644 secs] [Times: user=0.00 sys=0.00, real=0.00 secs] 
2014-07-09T15:43:27.878+0200: 16.699: [GC [PSYoungGen: 8684K->448K(11264K)] 21729K->13501K(27648K), 0.0011024 secs] [Times: user=0.00 sys=0.00, real=0.00 secs] 
2014-07-09T15:43:27.882+0200: 16.703: [GC [PSYoungGen: 6569K->5090K(11264K)] 19622K->19600K(27648K), 0.0048442 secs] [Times: user=0.00 sys=0.00, real=0.01 secs] 
2014-07-09T15:43:27.887+0200: 16.708: [Full GC [PSYoungGen: 5090K->0K(11264K)] [ParOldGen: 14510K->7067K(16384K)] 19600K->7067K(27648K) [PSPermGen: 2474K->2474K(21504K)], 0.0131366 secs] [Times: user=0.02 sys=0.00, real=0.01 secs] 
2014-07-09T15:43:27.904+0200: 16.724: [GC [PSYoungGen: 6122K->4482K(11264K)] 13190K->11549K(27648K), 0.0044233 secs] [Times: user=0.00 sys=0.00, real=0.00 secs] 
2014-07-09T15:43:27.929+0200: 16.750: [GC [PSYoungGen: 10605K->2401K(11264K)] 17672K->9476K(27648K), 0.0020351 secs] [Times: user=0.00 sys=0.00, real=0.00 secs] 
2014-07-09T15:43:27.978+0200: 16.799: [GC [PSYoungGen: 8524K->352K(11264K)] 15599K->7435K(27648K), 0.0013719 secs] [Times: user=0.00 sys=0.00, real=0.00 secs] 
2014-07-09T15:43:27.983+0200: 16.804: [GC [PSYoungGen: 6473K->5090K(11264K)] 13556K->13502K(27648K), 0.0086993 secs] [Times: user=0.03 sys=0.00, real=0.01 secs] 
2014-07-09T15:43:27.996+0200: 16.817: [GC [PSYoungGen: 11213K->4386K(11264K)] 19625K->12798K(27648K), 0.0059320 secs] [Times: user=0.00 sys=0.00, real=0.01 secs] 
2014-07-09T15:43:28.029+0200: 16.850: [GC [PSYoungGen: 10509K->2305K(11264K)] 18921K->10725K(27648K), 0.0025239 secs] [Times: user=0.00 sys=0.00, real=0.00 secs] 
2014-07-09T15:43:28.037+0200: 16.858: [GC [PSYoungGen: 8444K->256K(11264K)] 16864K->8684K(27648K), 0.0017107 secs] [Times: user=0.00 sys=0.00, real=0.00 secs] 
2014-07-09T15:43:28.079+0200: 16.900: [GC [PSYoungGen: 6398K->5090K(11264K)] 14826K->13782K(27648K), 0.0044816 secs] [Times: user=0.03 sys=0.00, real=0.01 secs] 
2014-07-09T15:43:28.087+0200: 16.908: [GC [PSYoungGen: 11213K->3233K(11264K)] 19905K->11933K(27648K), 0.0030855 secs] [Times: user=0.00 sys=0.00, real=0.00 secs] 
2014-07-09T15:43:28.128+0200: 16.949: [GC [PSYoungGen: 9356K->1184K(11264K)] 18056K->9892K(27648K), 0.0007945 secs] [Times: user=0.02 sys=0.00, real=0.00 secs] 
2014-07-09T15:43:28.131+0200: 16.952: [GC [PSYoungGen: 7305K->5090K(11264K)] 16013K->15959K(27648K), 0.0054037 secs] [Times: user=0.00 sys=0.00, real=0.00 secs] 
2014-07-09T15:43:28.180+0200: 17.001: [GC [PSYoungGen: 11213K->5090K(11264K)] 22082K->16087K(27648K), 0.0066480 secs] [Times: user=0.00 sys=0.00, real=0.01 secs] 
2014-07-09T15:43:28.192+0200: 17.012: [GC [PSYoungGen: 11213K->3137K(11264K)] 22210K->14142K(27648K), 0.0041590 secs] [Times: user=0.00 sys=0.00, real=0.00 secs] 
2014-07-09T15:43:28.228+0200: 17.049: [GC [PSYoungGen: 9260K->1056K(11264K)] 20265K->12069K(27648K), 0.0007336 secs] [Times: user=0.00 sys=0.00, real=0.00 secs] 
2014-07-09T15:43:28.231+0200: 17.052: [GC [PSYoungGen: 7177K->5090K(11264K)] 18190K->18136K(27648K), 0.0053795 secs] [Times: user=0.00 sys=0.00, real=0.01 secs] 
2014-07-09T15:43:28.281+0200: 17.102: [GC [PSYoungGen: 11213K->5090K(11264K)] 24259K->18136K(27648K), 0.0083110 secs] [Times: user=0.03 sys=0.00, real=0.01 secs] 
2014-07-09T15:43:28.294+0200: 17.115: [GC [PSYoungGen: 11213K->3009K(11264K)] 24259K->16063K(27648K), 0.0038290 secs] [Times: user=0.00 sys=0.00, real=0.00 secs] 
2014-07-09T15:43:28.300+0200: 17.121: [GC [PSYoungGen: 9146K->512K(11264K)] 22200K->13574K(27648K), 0.0008634 secs] [Times: user=0.00 sys=0.02, real=0.00 secs] 
2014-07-09T15:43:28.329+0200: 17.150: [GC [PSYoungGen: 6635K->5090K(11264K)] 19698K->18448K(27648K), 0.0041715 secs] [Times: user=0.03 sys=0.00, real=0.00 secs] 
2014-07-09T15:43:28.379+0200: 17.200: [GC [PSYoungGen: 11213K->3297K(11264K)] 24571K->16663K(27648K), 0.0022496 secs] [Times: user=0.00 sys=0.00, real=0.00 secs] 
2014-07-09T15:43:28.384+0200: 17.204: [GC [PSYoungGen: 9420K->1216K(11264K)] 22786K->14590K(27648K), 0.0012132 secs] [Times: user=0.00 sys=0.00, real=0.00 secs] 
2014-07-09T15:43:28.387+0200: 17.208: [GC [PSYoungGen: 7337K->5090K(11264K)] 20711K->20657K(27648K), 0.0056757 secs] [Times: user=0.00 sys=0.00, real=0.01 secs] 
2014-07-09T15:43:28.393+0200: 17.214: [Full GC [PSYoungGen: 5090K->0K(11264K)] [ParOldGen: 15567K->7808K(16384K)] 20657K->7808K(27648K) [PSPermGen: 2474K->2474K(21504K)], 0.0110134 secs] [Times: user=0.03 sys=0.00, real=0.01 secs] 
2014-07-09T15:43:28.429+0200: 17.250: [GC [PSYoungGen: 6122K->5090K(11264K)] 13931K->13058K(27648K), 0.0040908 secs] [Times: user=0.00 sys=0.00, real=0.01 secs] 
2014-07-09T15:43:28.480+0200: 17.301: [GC [PSYoungGen: 11213K->3169K(11264K)] 19181K->11145K(27648K), 0.0034822 secs] [Times: user=0.00 sys=0.00, real=0.00 secs] 
2014-07-09T15:43:28.489+0200: 17.310: [GC [PSYoungGen: 9292K->1088K(11264K)] 17268K->9072K(27648K), 0.0029462 secs] [Times: user=0.00 sys=0.00, real=0.00 secs] 
2014-07-09T15:43:28.496+0200: 17.317: [GC [PSYoungGen: 7209K->5090K(11264K)] 15193K->15139K(27648K), 0.0092265 secs] [Times: user=0.03 sys=0.00, real=0.01 secs] 
2014-07-09T15:43:28.530+0200: 17.350: [GC [PSYoungGen: 11213K->5090K(11264K)] 21262K->15171K(27648K), 0.0037396 secs] [Times: user=0.00 sys=0.00, real=0.00 secs] 
2014-07-09T15:43:28.578+0200: 17.399: [GC [PSYoungGen: 11222K->1504K(11264K)] 21303K->11593K(27648K), 0.0012748 secs] [Times: user=0.00 sys=0.00, real=0.00 secs] 
2014-07-09T15:43:28.582+0200: 17.403: [GC [PSYoungGen: 7625K->5090K(11264K)] 17714K->17660K(27648K), 0.0059976 secs] [Times: user=0.00 sys=0.00, real=0.01 secs] 
2014-07-09T15:43:28.591+0200: 17.412: [GC [PSYoungGen: 11213K->5090K(11264K)] 23783K->18109K(27648K), 0.0045414 secs] [Times: user=0.00 sys=0.00, real=0.00 secs] 
2014-07-09T15:43:28.629+0200: 17.450: [GC [PSYoungGen: 11213K->3425K(11264K)] 24232K->16452K(27648K), 0.0196900 secs] [Times: user=0.02 sys=0.00, real=0.02 secs] 
2014-07-09T15:43:28.678+0200: 17.499: [GC [PSYoungGen: 9548K->1376K(11264K)] 22575K->14411K(27648K), 0.0008084 secs] [Times: user=0.00 sys=0.00, real=0.00 secs] 
2014-07-09T15:43:28.681+0200: 17.502: [GC [PSYoungGen: 7497K->5090K(11264K)] 20532K->20478K(27648K), 0.0055599 secs] [Times: user=0.00 sys=0.00, real=0.01 secs] 
2014-07-09T15:43:28.687+0200: 17.508: [Full GC [PSYoungGen: 5090K->0K(11264K)] [ParOldGen: 15387K->7969K(16384K)] 20478K->7969K(27648K) [PSPermGen: 2474K->2474K(21504K)], 0.0099993 secs] [Times: user=0.02 sys=0.00, real=0.01 secs] 
2014-07-09T15:43:28.699+0200: 17.520: [GC [PSYoungGen: 6122K->5090K(11264K)] 14092K->13379K(27648K), 0.0041986 secs] [Times: user=0.00 sys=0.00, real=0.01 secs] 
2014-07-09T15:43:28.729+0200: 17.550: [GC [PSYoungGen: 11213K->3329K(11264K)] 19502K->11627K(27648K), 0.0019592 secs] [Times: user=0.00 sys=0.00, real=0.00 secs] 
2014-07-09T15:43:28.779+0200: 17.600: [GC [PSYoungGen: 9452K->1248K(11264K)] 17750K->9554K(27648K), 0.0019438 secs] [Times: user=0.00 sys=0.00, real=0.00 secs] 
2014-07-09T15:43:28.785+0200: 17.606: [GC [PSYoungGen: 7369K->5090K(11264K)] 15675K->15621K(27648K), 0.0092602 secs] [Times: user=0.00 sys=0.00, real=0.01 secs] 
2014-07-09T15:43:28.798+0200: 17.619: [GC [PSYoungGen: 11219K->4770K(11264K)] 21749K->15300K(27648K), 0.0065817 secs] [Times: user=0.03 sys=0.00, real=0.01 secs] 
2014-07-09T15:43:28.828+0200: 17.649: [GC [PSYoungGen: 10896K->1664K(11264K)] 21427K->12203K(27648K), 0.0010716 secs] [Times: user=0.00 sys=0.00, real=0.00 secs] 
2014-07-09T15:43:28.833+0200: 17.654: [GC [PSYoungGen: 7785K->5090K(11264K)] 18324K->18270K(27648K), 0.0056416 secs] [Times: user=0.00 sys=0.00, real=0.01 secs] 
2014-07-09T15:43:28.838+0200: 17.659: [Full GC [PSYoungGen: 5090K->0K(11264K)] [ParOldGen: 13179K->8258K(16384K)] 18270K->8258K(27648K) [PSPermGen: 2474K->2474K(21504K)], 0.0174818 secs] [Times: user=0.03 sys=0.00, real=0.02 secs] 
2014-07-09T15:43:28.880+0200: 17.701: [GC [PSYoungGen: 6122K->5090K(11264K)] 14381K->13957K(27648K), 0.0044369 secs] [Times: user=0.00 sys=0.00, real=0.00 secs] 
2014-07-09T15:43:28.887+0200: 17.708: [GC [PSYoungGen: 11213K->3617K(11264K)] 20080K->12492K(27648K), 0.0036490 secs] [Times: user=0.00 sys=0.00, real=0.00 secs] 
2014-07-09T15:43:28.928+0200: 17.749: [GC [PSYoungGen: 9740K->1536K(11264K)] 18615K->10419K(27648K), 0.0020106 secs] [Times: user=0.00 sys=0.00, real=0.00 secs] 
2014-07-09T15:43:28.935+0200: 17.756: [GC [PSYoungGen: 7657K->5090K(11264K)] 16540K->16486K(27648K), 0.0095469 secs] [Times: user=0.03 sys=0.00, real=0.01 secs] 
2014-07-09T15:43:28.980+0200: 17.801: [GC [PSYoungGen: 11213K->5090K(11264K)] 22609K->16966K(27648K), 0.0045110 secs] [Times: user=0.00 sys=0.00, real=0.00 secs] 
2014-07-09T15:43:28.987+0200: 17.808: [GC [PSYoungGen: 11213K->3489K(11264K)] 23089K->15373K(27648K), 0.0047218 secs] [Times: user=0.00 sys=0.00, real=0.00 secs] 
2014-07-09T15:43:29.028+0200: 17.849: [GC [PSYoungGen: 9618K->384K(11264K)] 21502K->12276K(27648K), 0.0008271 secs] [Times: user=0.00 sys=0.00, real=0.00 secs] 
2014-07-09T15:43:29.031+0200: 17.852: [GC [PSYoungGen: 6505K->5090K(11264K)] 18397K->18343K(27648K), 0.0056526 secs] [Times: user=0.03 sys=0.00, real=0.01 secs] 
2014-07-09T15:43:29.079+0200: 17.900: [GC [PSYoungGen: 11213K->4418K(11264K)] 24466K->17671K(27648K), 0.0034474 secs] [Times: user=0.03 sys=0.00, real=0.00 secs] 
2014-07-09T15:43:29.086+0200: 17.906: [GC [PSYoungGen: 10541K->2337K(11264K)] 23794K->15598K(27648K), 0.0019534 secs] [Times: user=0.00 sys=0.00, real=0.00 secs] 
2014-07-09T15:43:29.128+0200: 17.949: [GC [PSYoungGen: 8460K->256K(11264K)] 21721K->13525K(27648K), 0.0009958 secs] [Times: user=0.00 sys=0.00, real=0.00 secs] 
2014-07-09T15:43:29.131+0200: 17.952: [GC [PSYoungGen: 6377K->5090K(11264K)] 19646K->19592K(27648K), 0.0053447 secs] [Times: user=0.00 sys=0.00, real=0.01 secs] 
2014-07-09T15:43:29.137+0200: 17.958: [Full GC [PSYoungGen: 5090K->0K(11264K)] [ParOldGen: 14501K->6656K(16384K)] 19592K->6656K(27648K) [PSPermGen: 2474K->2474K(21504K)], 0.0232778 secs] [Times: user=0.01 sys=0.00, real=0.02 secs] 
2014-07-09T15:43:29.179+0200: 18.000: [GC [PSYoungGen: 6122K->4258K(11264K)] 12779K->10915K(27648K), 0.0037550 secs] [Times: user=0.00 sys=0.00, real=0.00 secs] 
2014-07-09T15:43:29.185+0200: 18.006: [GC [PSYoungGen: 10381K->2209K(11264K)] 17038K->8874K(27648K), 0.0020388 secs] [Times: user=0.00 sys=0.00, real=0.00 secs] 
2014-07-09T15:43:29.228+0200: 18.049: [GC [PSYoungGen: 8332K->128K(11264K)] 14996K->6800K(27648K), 0.0012748 secs] [Times: user=0.00 sys=0.00, real=0.00 secs] 
2014-07-09T15:43:29.233+0200: 18.054: [GC [PSYoungGen: 6249K->5090K(11264K)] 12921K->12867K(27648K), 0.0083822 secs] [Times: user=0.03 sys=0.00, real=0.01 secs] 
2014-07-09T15:43:29.279+0200: 18.100: [GC [PSYoungGen: 11211K->4162K(11264K)] 18988K->11939K(27648K), 0.0029612 secs] [Times: user=0.00 sys=0.00, real=0.00 secs] 
2014-07-09T15:43:29.285+0200: 18.106: [GC [PSYoungGen: 10282K->2080K(11264K)] 18060K->9866K(27648K), 0.0018214 secs] [Times: user=0.00 sys=0.00, real=0.00 secs] 
2014-07-09T15:43:29.290+0200: 18.111: [GC [PSYoungGen: 8201K->5090K(11264K)] 15987K->15933K(27648K), 0.0064805 secs] [Times: user=0.00 sys=0.00, real=0.01 secs] 
2014-07-09T15:43:29.329+0200: 18.150: [GC [PSYoungGen: 11233K->3937K(11264K)] 22076K->14780K(27648K), 0.0029169 secs] [Times: user=0.03 sys=0.00, real=0.00 secs] 
2014-07-09T15:43:29.379+0200: 18.200: [GC [PSYoungGen: 10060K->1856K(11264K)] 20903K->12707K(27648K), 0.0026199 secs] [Times: user=0.00 sys=0.00, real=0.00 secs] 
2014-07-09T15:43:29.387+0200: 18.208: [GC [PSYoungGen: 7977K->5090K(11264K)] 18828K->18774K(27648K), 0.0100400 secs] [Times: user=0.03 sys=0.00, real=0.01 secs] 
2014-07-09T15:43:29.397+0200: 18.218: [Full GC [PSYoungGen: 5090K->0K(11264K)] [ParOldGen: 13684K->8429K(16384K)] 18774K->8429K(27648K) [PSPermGen: 2474K->2474K(21504K)], 0.0175273 secs] [Times: user=0.02 sys=0.00, real=0.02 secs] 
2014-07-09T15:43:29.417+0200: 18.238: [GC [PSYoungGen: 6122K->5090K(11264K)] 14552K->14320K(27648K), 0.0046602 secs] [Times: user=0.00 sys=0.00, real=0.00 secs] 
2014-07-09T15:43:29.429+0200: 18.250: [GC [PSYoungGen: 11213K->3809K(11264K)] 20443K->13047K(27648K), 0.0029022 secs] [Times: user=0.00 sys=0.00, real=0.00 secs] 
2014-07-09T15:43:29.479+0200: 18.300: [GC [PSYoungGen: 9932K->1728K(11264K)] 19170K->10974K(27648K), 0.0022555 secs] [Times: user=0.00 sys=0.00, real=0.00 secs] 
2014-07-09T15:43:29.486+0200: 18.307: [GC [PSYoungGen: 7849K->5090K(11264K)] 17095K->17041K(27648K), 0.0101152 secs] [Times: user=0.00 sys=0.00, real=0.01 secs] 
2014-07-09T15:43:29.499+0200: 18.320: [GC [PSYoungGen: 11213K->5090K(11264K)] 23164K->17714K(27648K), 0.0050279 secs] [Times: user=0.03 sys=0.00, real=0.00 secs] 
2014-07-09T15:43:29.529+0200: 18.350: [GC [PSYoungGen: 11213K->3681K(11264K)] 23837K->16313K(27648K), 0.0023519 secs] [Times: user=0.00 sys=0.00, real=0.00 secs] 
2014-07-09T15:43:29.578+0200: 18.399: [GC [PSYoungGen: 9810K->576K(11264K)] 22441K->13215K(27648K), 0.0009822 secs] [Times: user=0.00 sys=0.00, real=0.00 secs] 
2014-07-09T15:43:29.582+0200: 18.403: [GC [PSYoungGen: 6697K->5090K(11264K)] 19336K->19282K(27648K), 0.0053982 secs] [Times: user=0.00 sys=0.00, real=0.00 secs] 
2014-07-09T15:43:29.587+0200: 18.408: [Full GC [PSYoungGen: 5090K->0K(11264K)] [ParOldGen: 14192K->7155K(16384K)] 19282K->7155K(27648K) [PSPermGen: 2474K->2474K(21504K)], 0.0142522 secs] [Times: user=0.02 sys=0.00, real=0.02 secs] 
2014-07-09T15:43:29.605+0200: 18.426: [GC [PSYoungGen: 6122K->4610K(11264K)] 13278K->11766K(27648K), 0.0037513 secs] [Times: user=0.00 sys=0.00, real=0.00 secs] 
2014-07-09T15:43:29.628+0200: 18.449: [GC [PSYoungGen: 10733K->2529K(11264K)] 17889K->9693K(27648K), 0.0011340 secs] [Times: user=0.00 sys=0.00, real=0.00 secs] 
2014-07-09T15:43:29.678+0200: 18.499: [GC [PSYoungGen: 8652K->448K(11264K)] 15816K->7620K(27648K), 0.0015043 secs] [Times: user=0.00 sys=0.00, real=0.00 secs] 
2014-07-09T15:43:29.684+0200: 18.505: [GC [PSYoungGen: 6569K->5090K(11264K)] 13741K->13687K(27648K), 0.0087253 secs] [Times: user=0.02 sys=0.00, real=0.01 secs] 
2014-07-09T15:43:29.697+0200: 18.518: [GC [PSYoungGen: 11213K->4450K(11264K)] 19810K->13046K(27648K), 0.0076427 secs] [Times: user=0.00 sys=0.02, real=0.01 secs] 
2014-07-09T15:43:29.728+0200: 18.549: [GC [PSYoungGen: 10573K->2369K(11264K)] 19169K->10973K(27648K), 0.0025063 secs] [Times: user=0.00 sys=0.00, real=0.00 secs] 
2014-07-09T15:43:29.778+0200: 18.599: [GC [PSYoungGen: 8492K->320K(11264K)] 17096K->8932K(27648K), 0.0014588 secs] [Times: user=0.00 sys=0.00, real=0.00 secs] 
2014-07-09T15:43:29.784+0200: 18.605: [GC [PSYoungGen: 6441K->5090K(11264K)] 15053K->14999K(27648K), 0.0085138 secs] [Times: user=0.00 sys=0.00, real=0.01 secs] 
2014-07-09T15:43:29.796+0200: 18.617: [GC [PSYoungGen: 11222K->2817K(11264K)] 21131K->12726K(27648K), 0.0033084 secs] [Times: user=0.03 sys=0.00, real=0.00 secs] 
2014-07-09T15:43:29.828+0200: 18.649: [GC [PSYoungGen: 8940K->736K(11264K)] 18849K->10653K(27648K), 0.0010145 secs] [Times: user=0.00 sys=0.00, real=0.00 secs] 
2014-07-09T15:43:29.831+0200: 18.652: [GC [PSYoungGen: 6857K->5090K(11264K)] 16774K->16720K(27648K), 0.0055804 secs] [Times: user=0.00 sys=0.00, real=0.01 secs] 
2014-07-09T15:43:29.882+0200: 18.703: [GC [PSYoungGen: 11213K->4770K(11264K)] 22843K->16400K(27648K), 0.0043071 secs] [Times: user=0.00 sys=0.00, real=0.01 secs] 
2014-07-09T15:43:29.890+0200: 18.711: [GC [PSYoungGen: 10893K->2689K(11264K)] 22523K->14327K(27648K), 0.0031053 secs] [Times: user=0.02 sys=0.00, real=0.00 secs] 
2014-07-09T15:43:29.928+0200: 18.749: [GC [PSYoungGen: 8812K->576K(11264K)] 20450K->12222K(27648K), 0.0008403 secs] [Times: user=0.00 sys=0.00, real=0.00 secs] 
2014-07-09T15:43:29.931+0200: 18.752: [GC [PSYoungGen: 6697K->5090K(11264K)] 18343K->18321K(27648K), 0.0050869 secs] [Times: user=0.00 sys=0.00, real=0.01 secs] 
2014-07-09T15:43:29.980+0200: 18.801: [GC [PSYoungGen: 11213K->4642K(11264K)] 24444K->17873K(27648K), 0.0057927 secs] [Times: user=0.01 sys=0.00, real=0.01 secs] 
2014-07-09T15:43:29.991+0200: 18.812: [GC [PSYoungGen: 10765K->2561K(11264K)] 23995K->15799K(27648K), 0.0031845 secs] [Times: user=0.00 sys=0.00, real=0.00 secs] 
2014-07-09T15:43:30.028+0200: 18.849: [GC [PSYoungGen: 8684K->448K(11264K)] 21922K->13694K(27648K), 0.0095726 secs] [Times: user=0.02 sys=0.00, real=0.01 secs] 
2014-07-09T15:43:30.042+0200: 18.863: [GC [PSYoungGen: 6569K->5090K(11264K)] 19815K->19785K(27648K), 0.0087836 secs] [Times: user=0.02 sys=0.00, real=0.01 secs] 
2014-07-09T15:43:30.051+0200: 18.872: [Full GC [PSYoungGen: 5090K->0K(11264K)] [ParOldGen: 14695K->7068K(16384K)] 19785K->7068K(27648K) [PSPermGen: 2474K->2474K(21504K)], 0.0273242 secs] [Times: user=0.03 sys=0.00, real=0.03 secs] 
2014-07-09T15:43:30.084+0200: 18.905: [GC [PSYoungGen: 6132K->2945K(11264K)] 13200K->10013K(27648K), 0.0032773 secs] [Times: user=0.00 sys=0.00, real=0.00 secs] 
2014-07-09T15:43:30.092+0200: 18.913: [GC [PSYoungGen: 9068K->864K(11264K)] 16136K->7940K(27648K), 0.0045913 secs] [Times: user=0.02 sys=0.00, real=0.00 secs] 
2014-07-09T15:43:30.099+0200: 18.919: [GC [PSYoungGen: 6985K->5090K(11264K)] 14061K->14039K(27648K), 0.0052787 secs] [Times: user=0.00 sys=0.00, real=0.01 secs] 
2014-07-09T15:43:30.132+0200: 18.953: [GC [PSYoungGen: 11213K->4930K(11264K)] 20162K->13879K(27648K), 0.0128400 secs] [Times: user=0.02 sys=0.00, real=0.01 secs] 
2014-07-09T15:43:30.179+0200: 19.000: [GC [PSYoungGen: 11053K->2849K(11264K)] 20002K->11806K(27648K), 0.0016582 secs] [Times: user=0.00 sys=0.00, real=0.00 secs] 
2014-07-09T15:43:30.183+0200: 19.004: [GC [PSYoungGen: 8972K->768K(11264K)] 17929K->9733K(27648K), 0.0009980 secs] [Times: user=0.00 sys=0.00, real=0.00 secs] 
2014-07-09T15:43:30.186+0200: 19.007: [GC [PSYoungGen: 6889K->5090K(11264K)] 15854K->15800K(27648K), 0.0058370 secs] [Times: user=0.03 sys=0.00, real=0.01 secs] 
2014-07-09T15:43:30.229+0200: 19.050: [GC [PSYoungGen: 11213K->4802K(11264K)] 21923K->15512K(27648K), 0.0034393 secs] [Times: user=0.00 sys=0.00, real=0.00 secs] 
2014-07-09T15:43:30.279+0200: 19.100: [GC [PSYoungGen: 10925K->2721K(11264K)] 21635K->13439K(27648K), 0.0020025 secs] [Times: user=0.00 sys=0.00, real=0.00 secs] 
2014-07-09T15:43:30.284+0200: 19.105: [GC [PSYoungGen: 8844K->640K(11264K)] 19562K->11366K(27648K), 0.0007959 secs] [Times: user=0.00 sys=0.00, real=0.00 secs] 
2014-07-09T15:43:30.287+0200: 19.108: [GC [PSYoungGen: 6761K->5090K(11264K)] 17487K->17433K(27648K), 0.0052149 secs] [Times: user=0.00 sys=0.00, real=0.01 secs] 
2014-07-09T15:43:30.328+0200: 19.149: [GC [PSYoungGen: 11228K->3009K(11264K)] 23571K->15352K(27648K), 0.0017349 secs] [Times: user=0.03 sys=0.00, real=0.00 secs] 
2014-07-09T15:43:30.378+0200: 19.199: [GC [PSYoungGen: 9132K->928K(11264K)] 21475K->13279K(27648K), 0.0018221 secs] [Times: user=0.00 sys=0.00, real=0.00 secs] 
2014-07-09T15:43:30.385+0200: 19.206: [GC [PSYoungGen: 7049K->5090K(11264K)] 19400K->19346K(27648K), 0.0090817 secs] [Times: user=0.03 sys=0.00, real=0.01 secs] 
2014-07-09T15:43:30.394+0200: 19.215: [Full GC [PSYoungGen: 5090K->0K(11264K)] [ParOldGen: 14255K->7520K(16384K)] 19346K->7520K(27648K) [PSPermGen: 2474K->2474K(21504K)], 0.0148315 secs] [Times: user=0.03 sys=0.00, real=0.01 secs] 
2014-07-09T15:43:30.412+0200: 19.233: [GC [PSYoungGen: 6122K->4962K(11264K)] 13643K->12483K(27648K), 0.0041938 secs] [Times: user=0.00 sys=0.00, real=0.00 secs] 
2014-07-09T15:43:30.429+0200: 19.250: [GC [PSYoungGen: 11085K->2881K(11264K)] 18606K->10410K(27648K), 0.0014478 secs] [Times: user=0.00 sys=0.00, real=0.00 secs] 
2014-07-09T15:43:30.478+0200: 19.300: [GC [PSYoungGen: 9004K->800K(11264K)] 16533K->8337K(27648K), 0.0017217 secs] [Times: user=0.00 sys=0.00, real=0.00 secs] 
2014-07-09T15:43:30.484+0200: 19.305: [GC [PSYoungGen: 6921K->5090K(11264K)] 14458K->14404K(27648K), 0.0089596 secs] [Times: user=0.02 sys=0.00, real=0.01 secs] 
2014-07-09T15:43:30.498+0200: 19.319: [GC [PSYoungGen: 11213K->4834K(11264K)] 20527K->14147K(27648K), 0.0067298 secs] [Times: user=0.03 sys=0.00, real=0.01 secs] 
2014-07-09T15:43:30.529+0200: 19.350: [GC [PSYoungGen: 10957K->2753K(11264K)] 20270K->12074K(27648K), 0.0014038 secs] [Times: user=0.00 sys=0.00, real=0.00 secs] 
2014-07-09T15:43:30.533+0200: 19.354: [GC [PSYoungGen: 8895K->864K(11264K)] 18216K->10193K(27648K), 0.0011497 secs] [Times: user=0.00 sys=0.00, real=0.00 secs] 
2014-07-09T15:43:30.580+0200: 19.401: [GC [PSYoungGen: 7003K->5090K(11264K)] 16333K->15132K(27648K), 0.0043302 secs] [Times: user=0.00 sys=0.00, real=0.00 secs] 
2014-07-09T15:43:30.586+0200: 19.407: [GC [PSYoungGen: 11213K->3713K(11264K)] 21255K->13763K(27648K), 0.0030698 secs] [Times: user=0.00 sys=0.00, real=0.00 secs] 
2014-07-09T15:43:30.628+0200: 19.449: [GC [PSYoungGen: 9836K->1632K(11264K)] 19886K->11690K(27648K), 0.0010592 secs] [Times: user=0.00 sys=0.00, real=0.00 secs] 
2014-07-09T15:43:30.632+0200: 19.453: [GC [PSYoungGen: 7753K->5090K(11264K)] 17811K->17757K(27648K), 0.0059547 secs] [Times: user=0.00 sys=0.00, real=0.01 secs] 
2014-07-09T15:43:30.681+0200: 19.502: [GC [PSYoungGen: 11213K->5090K(11264K)] 23880K->18333K(27648K), 0.0088936 secs] [Times: user=0.03 sys=0.00, real=0.01 secs] 
2014-07-09T15:43:30.695+0200: 19.516: [GC [PSYoungGen: 11213K->3553K(11264K)] 24456K->16805K(27648K), 0.0051441 secs] [Times: user=0.00 sys=0.00, real=0.01 secs] 
2014-07-09T15:43:30.728+0200: 19.549: [GC [PSYoungGen: 9676K->1504K(11264K)] 22928K->14764K(27648K), 0.0010057 secs] [Times: user=0.00 sys=0.00, real=0.00 secs] 
2014-07-09T15:43:30.732+0200: 19.553: [GC [PSYoungGen: 7625K->5090K(11264K)] 20885K->20831K(27648K), 0.0060827 secs] [Times: user=0.02 sys=0.00, real=0.01 secs] 
2014-07-09T15:43:30.738+0200: 19.559: [Full GC [PSYoungGen: 5090K->0K(11264K)] [ParOldGen: 15740K->8097K(16384K)] 20831K->8097K(27648K) [PSPermGen: 2474K->2474K(21504K)], 0.0112796 secs] [Times: user=0.00 sys=0.00, real=0.01 secs] 
2014-07-09T15:43:30.780+0200: 19.601: [GC [PSYoungGen: 6122K->5090K(11264K)] 14220K->13604K(27648K), 0.0054921 secs] [Times: user=0.00 sys=0.01, real=0.01 secs] 
2014-07-09T15:43:30.789+0200: 19.610: [GC [PSYoungGen: 11222K->1888K(11264K)] 19736K->10410K(27648K), 0.0096346 secs] [Times: user=0.02 sys=0.00, real=0.01 secs] 
2014-07-09T15:43:30.802+0200: 19.623: [GC [PSYoungGen: 8009K->5090K(11264K)] 16531K->16509K(27648K), 0.0061281 secs] [Times: user=0.00 sys=0.00, real=0.01 secs] 
2014-07-09T15:43:30.829+0200: 19.650: [GC [PSYoungGen: 11219K->5090K(11264K)] 22638K->16861K(27648K), 0.0040303 secs] [Times: user=0.00 sys=0.00, real=0.00 secs] 
2014-07-09T15:43:30.878+0200: 19.699: [GC [PSYoungGen: 11213K->3361K(11264K)] 22984K->15140K(27648K), 0.0019790 secs] [Times: user=0.00 sys=0.00, real=0.00 secs] 
2014-07-09T15:43:30.883+0200: 19.704: [GC [PSYoungGen: 9484K->1280K(11264K)] 21263K->13067K(27648K), 0.0011574 secs] [Times: user=0.00 sys=0.00, real=0.00 secs] 
2014-07-09T15:43:30.887+0200: 19.708: [GC [PSYoungGen: 7401K->5090K(11264K)] 19188K->19134K(27648K), 0.0061201 secs] [Times: user=0.01 sys=0.00, real=0.01 secs] 
2014-07-09T15:43:30.893+0200: 19.714: [Full GC [PSYoungGen: 5090K->0K(11264K)] [ParOldGen: 14044K->7875K(16384K)] 19134K->7875K(27648K) [PSPermGen: 2474K->2474K(21504K)], 0.0098802 secs] [Times: user=0.00 sys=0.00, real=0.01 secs] 
2014-07-09T15:43:30.929+0200: 19.750: [GC [PSYoungGen: 6122K->5090K(11264K)] 13998K->13189K(27648K), 0.0039720 secs] [Times: user=0.00 sys=0.00, real=0.00 secs] 
2014-07-09T15:43:30.980+0200: 19.801: [GC [PSYoungGen: 11213K->3233K(11264K)] 19312K->11340K(27648K), 0.0032512 secs] [Times: user=0.00 sys=0.00, real=0.00 secs] 
2014-07-09T15:43:30.988+0200: 19.809: [GC [PSYoungGen: 9356K->1152K(11264K)] 17463K->9267K(27648K), 0.0058033 secs] [Times: user=0.00 sys=0.00, real=0.01 secs] 
2014-07-09T15:43:30.998+0200: 19.819: [GC [PSYoungGen: 7273K->5090K(11264K)] 15388K->15334K(27648K), 0.0100950 secs] [Times: user=0.00 sys=0.02, real=0.01 secs] 
2014-07-09T15:43:31.032+0200: 19.853: [GC [PSYoungGen: 11216K->4162K(11264K)] 21461K->14406K(27648K), 0.0055173 secs] [Times: user=0.00 sys=0.00, real=0.01 secs] 
2014-07-09T15:43:31.079+0200: 19.900: [GC [PSYoungGen: 10282K->2048K(11264K)] 20527K->12301K(27648K), 0.0035130 secs] [Times: user=0.00 sys=0.00, real=0.00 secs] 
2014-07-09T15:43:31.087+0200: 19.908: [GC [PSYoungGen: 8169K->5090K(11264K)] 18422K->18400K(27648K), 0.0076709 secs] [Times: user=0.01 sys=0.00, real=0.01 secs] 
2014-07-09T15:43:31.095+0200: 19.916: [Full GC [PSYoungGen: 5090K->0K(11264K)] [ParOldGen: 13309K->8487K(16384K)] 18400K->8487K(27648K) [PSPermGen: 2474K->2474K(21504K)], 0.0150973 secs] [Times: user=0.03 sys=0.00, real=0.02 secs] 
2014-07-09T15:43:31.113+0200: 19.934: [GC [PSYoungGen: 6122K->5090K(11264K)] 14610K->14602K(27648K), 0.0046910 secs] [Times: user=0.00 sys=0.00, real=0.01 secs] 
2014-07-09T15:43:31.129+0200: 19.950: [GC [PSYoungGen: 11213K->4033K(11264K)] 20725K->13553K(27648K), 0.0027761 secs] [Times: user=0.00 sys=0.00, real=0.00 secs] 
2014-07-09T15:43:31.179+0200: 20.000: [GC [PSYoungGen: 10156K->1952K(11264K)] 19676K->11480K(27648K), 0.0022119 secs] [Times: user=0.00 sys=0.00, real=0.00 secs] 
2014-07-09T15:43:31.186+0200: 20.007: [GC [PSYoungGen: 8073K->5090K(11264K)] 17601K->17547K(27648K), 0.0101603 secs] [Times: user=0.03 sys=0.00, real=0.01 secs] 
2014-07-09T15:43:31.200+0200: 20.021: [GC [PSYoungGen: 11213K->5090K(11264K)] 23670K->18443K(27648K), 0.0090076 secs] [Times: user=0.03 sys=0.00, real=0.01 secs] 
2014-07-09T15:43:31.209+0200: 20.030: [Full GC [PSYoungGen: 5090K->0K(11264K)] [ParOldGen: 13353K->6278K(16384K)] 18443K->6278K(27648K) [PSPermGen: 2474K->2474K(21504K)], 0.0110593 secs] [Times: user=0.03 sys=0.00, real=0.01 secs] 
2014-07-09T15:43:31.229+0200: 20.050: [GC [PSYoungGen: 6122K->3905K(11264K)] 12401K->10183K(27648K), 0.0029766 secs] [Times: user=0.00 sys=0.00, real=0.00 secs] 
2014-07-09T15:43:31.279+0200: 20.100: [GC [PSYoungGen: 10028K->1824K(11264K)] 16306K->8110K(27648K), 0.0026181 secs] [Times: user=0.00 sys=0.02, real=0.00 secs] 
2014-07-09T15:43:31.287+0200: 20.108: [GC [PSYoungGen: 7945K->5090K(11264K)] 14231K->14177K(27648K), 0.0100151 secs] [Times: user=0.03 sys=0.00, real=0.01 secs] 
2014-07-09T15:43:31.300+0200: 20.121: [GC [PSYoungGen: 11213K->5090K(11264K)] 20300K->14946K(27648K), 0.0046382 secs] [Times: user=0.00 sys=0.00, real=0.00 secs] 
2014-07-09T15:43:31.340+0200: 20.161: [GC [PSYoungGen: 11227K->2081K(11264K)] 21083K->11944K(27648K), 0.0015252 secs] [Times: user=0.00 sys=0.00, real=0.00 secs] 
2014-07-09T15:43:31.344+0200: 20.165: [GC [PSYoungGen: 8201K->5090K(11264K)] 18065K->18043K(27648K), 0.0073094 secs] [Times: user=0.00 sys=0.00, real=0.01 secs] 
2014-07-09T15:43:31.352+0200: 20.173: [Full GC [PSYoungGen: 5090K->0K(11264K)] [ParOldGen: 12953K->8682K(16384K)] 18043K->8682K(27648K) [PSPermGen: 2474K->2474K(21504K)], 0.0106626 secs] [Times: user=0.03 sys=0.00, real=0.01 secs] 
2014-07-09T15:43:31.379+0200: 20.200: [GC [PSYoungGen: 6122K->5090K(11264K)] 14805K->14829K(27648K), 0.0047031 secs] [Times: user=0.00 sys=0.00, real=0.01 secs] 
2014-07-09T15:43:31.386+0200: 20.207: [GC [PSYoungGen: 11213K->4065K(11264K)] 20952K->13813K(27648K), 0.0031629 secs] [Times: user=0.03 sys=0.00, real=0.00 secs] 
2014-07-09T15:43:31.429+0200: 20.250: [GC [PSYoungGen: 10188K->1984K(11264K)] 19936K->11740K(27648K), 0.0023365 secs] [Times: user=0.00 sys=0.00, real=0.00 secs] 
2014-07-09T15:43:31.437+0200: 20.258: [GC [PSYoungGen: 8105K->5090K(11264K)] 17861K->17807K(27648K), 0.0102241 secs] [Times: user=0.00 sys=0.00, real=0.01 secs] 
2014-07-09T15:43:31.448+0200: 20.269: [Full GC [PSYoungGen: 5090K->0K(11264K)] [ParOldGen: 12716K->8558K(16384K)] 17807K->8558K(27648K) [PSPermGen: 2474K->2474K(21504K)], 0.0139948 secs] [Times: user=0.02 sys=0.00, real=0.01 secs] 
2014-07-09T15:43:31.480+0200: 20.301: [GC [PSYoungGen: 6122K->5090K(11264K)] 14681K->14577K(27648K), 0.0048109 secs] [Times: user=0.03 sys=0.00, real=0.00 secs] 
2014-07-09T15:43:31.487+0200: 20.308: [GC [PSYoungGen: 11213K->3937K(11264K)] 20700K->13432K(27648K), 0.0037253 secs] [Times: user=0.00 sys=0.00, real=0.00 secs] 
2014-07-09T15:43:31.528+0200: 20.349: [GC [PSYoungGen: 10060K->1856K(11264K)] 19555K->11359K(27648K), 0.0009664 secs] [Times: user=0.00 sys=0.00, real=0.00 secs] 
2014-07-09T15:43:31.532+0200: 20.353: [GC [PSYoungGen: 7977K->5090K(11264K)] 17480K->17426K(27648K), 0.0059067 secs] [Times: user=0.00 sys=0.00, real=0.01 secs] 
2014-07-09T15:43:31.580+0200: 20.401: [GC [PSYoungGen: 11224K->4354K(11264K)] 23560K->16690K(27648K), 0.0056413 secs] [Times: user=0.00 sys=0.00, real=0.01 secs] 
2014-07-09T15:43:31.591+0200: 20.412: [GC [PSYoungGen: 10477K->2273K(11264K)] 22813K->14617K(27648K), 0.0037803 secs] [Times: user=0.03 sys=0.00, real=0.00 secs] 
2014-07-09T15:43:31.628+0200: 20.449: [GC [PSYoungGen: 8396K->192K(11264K)] 20740K->12544K(27648K), 0.0015259 secs] [Times: user=0.00 sys=0.00, real=0.00 secs] 
2014-07-09T15:43:31.634+0200: 20.455: [GC [PSYoungGen: 6313K->5090K(11264K)] 18664K->18610K(27648K), 0.0084331 secs] [Times: user=0.03 sys=0.00, real=0.01 secs] 
2014-07-09T15:43:31.642+0200: 20.464: [Full GC [PSYoungGen: 5090K->0K(11264K)] [ParOldGen: 13520K->6599K(16384K)] 18610K->6599K(27648K) [PSPermGen: 2474K->2474K(21504K)], 0.0204665 secs] [Times: user=0.02 sys=0.00, real=0.02 secs] 
2014-07-09T15:43:31.679+0200: 20.500: [GC [PSYoungGen: 6122K->4226K(11264K)] 12722K->10825K(27648K), 0.0032802 secs] [Times: user=0.00 sys=0.00, real=0.00 secs] 
2014-07-09T15:43:31.685+0200: 20.506: [GC [PSYoungGen: 10349K->2145K(11264K)] 16948K->8752K(27648K), 0.0017833 secs] [Times: user=0.03 sys=0.00, real=0.00 secs] 
2014-07-09T15:43:31.728+0200: 20.549: [GC [PSYoungGen: 8266K->64K(11264K)] 14873K->6679K(27648K), 0.0013657 secs] [Times: user=0.00 sys=0.00, real=0.00 secs] 
2014-07-09T15:43:31.733+0200: 20.554: [GC [PSYoungGen: 6184K->5090K(11264K)] 12800K->12746K(27648K), 0.0084672 secs] [Times: user=0.00 sys=0.00, real=0.01 secs] 
2014-07-09T15:43:31.780+0200: 20.601: [GC [PSYoungGen: 11211K->4097K(11264K)] 18867K->11754K(27648K), 0.0047984 secs] [Times: user=0.00 sys=0.00, real=0.01 secs] 
2014-07-09T15:43:31.790+0200: 20.611: [GC [PSYoungGen: 10220K->2016K(11264K)] 17877K->9681K(27648K), 0.0028505 secs] [Times: user=0.00 sys=0.00, real=0.00 secs] 
2014-07-09T15:43:31.798+0200: 20.619: [GC [PSYoungGen: 8137K->5090K(11264K)] 15802K->15748K(27648K), 0.0100466 secs] [Times: user=0.00 sys=0.00, real=0.01 secs] 
2014-07-09T15:43:31.829+0200: 20.650: [GC [PSYoungGen: 11224K->4514K(11264K)] 21882K->15172K(27648K), 0.0032127 secs] [Times: user=0.00 sys=0.00, real=0.00 secs] 
2014-07-09T15:43:31.901+0200: 20.722: [GC [PSYoungGen: 10637K->2401K(11264K)] 21295K->13067K(27648K), 0.0074579 secs] [Times: user=0.00 sys=0.00, real=0.01 secs] 
2014-07-09T15:43:31.911+0200: 20.732: [GC [PSYoungGen: 8524K->352K(11264K)] 19190K->11026K(27648K), 0.0009114 secs] [Times: user=0.00 sys=0.00, real=0.00 secs] 
2014-07-09T15:43:31.916+0200: 20.737: [GC [PSYoungGen: 6473K->5090K(11264K)] 17147K->17093K(27648K), 0.0063008 secs] [Times: user=0.02 sys=0.00, real=0.01 secs] 
2014-07-09T15:43:31.929+0200: 20.750: [GC [PSYoungGen: 11213K->4386K(11264K)] 23216K->16388K(27648K), 0.0030595 secs] [Times: user=0.00 sys=0.00, real=0.00 secs] 
2014-07-09T15:43:31.981+0200: 20.802: [GC [PSYoungGen: 10509K->2273K(11264K)] 22511K->14283K(27648K), 0.0025403 secs] [Times: user=0.02 sys=0.00, real=0.00 secs] 
2014-07-09T15:43:31.988+0200: 20.809: [GC [PSYoungGen: 8396K->192K(11264K)] 20406K->12210K(27648K), 0.0101786 secs] [Times: user=0.00 sys=0.01, real=0.01 secs] 
2014-07-09T15:43:32.004+0200: 20.826: [GC [PSYoungGen: 6313K->5090K(11264K)] 18331K->18301K(27648K), 0.0096991 secs] [Times: user=0.02 sys=0.00, real=0.01 secs] 
2014-07-09T15:43:32.030+0200: 20.851: [GC [PSYoungGen: 11213K->4258K(11264K)] 24424K->17469K(27648K), 0.0037957 secs] [Times: user=0.00 sys=0.00, real=0.00 secs] 
2014-07-09T15:43:32.082+0200: 20.903: [GC [PSYoungGen: 10384K->1152K(11264K)] 23595K->14371K(27648K), 0.0011079 secs] [Times: user=0.00 sys=0.00, real=0.00 secs] 
2014-07-09T15:43:32.086+0200: 20.907: [GC [PSYoungGen: 7273K->5090K(11264K)] 20492K->20438K(27648K), 0.0058359 secs] [Times: user=0.03 sys=0.00, real=0.01 secs] 
2014-07-09T15:43:32.092+0200: 20.913: [Full GC [PSYoungGen: 5090K->0K(11264K)] [ParOldGen: 15348K->7731K(16384K)] 20438K->7731K(27648K) [PSPermGen: 2474K->2474K(21504K)], 0.0099543 secs] [Times: user=0.00 sys=0.00, real=0.01 secs] 
2014-07-09T15:43:32.105+0200: 20.926: [GC [PSYoungGen: 6122K->5090K(11264K)] 13854K->12917K(27648K), 0.0040816 secs] [Times: user=0.02 sys=0.00, real=0.00 secs] 
2014-07-09T15:43:32.129+0200: 20.950: [GC [PSYoungGen: 11213K->3105K(11264K)] 19040K->10940K(27648K), 0.0020146 secs] [Times: user=0.00 sys=0.00, real=0.00 secs] 
2014-07-09T15:43:32.178+0200: 20.999: [GC [PSYoungGen: 9228K->1024K(11264K)] 17063K->8867K(27648K), 0.0017132 secs] [Times: user=0.00 sys=0.00, real=0.00 secs] 
2014-07-09T15:43:32.184+0200: 21.005: [GC [PSYoungGen: 7145K->5090K(11264K)] 14988K->14934K(27648K), 0.0093497 secs] [Times: user=0.02 sys=0.00, real=0.01 secs] 
2014-07-09T15:43:32.198+0200: 21.019: [GC [PSYoungGen: 11213K->5058K(11264K)] 21057K->14902K(27648K), 0.0072244 secs] [Times: user=0.03 sys=0.00, real=0.01 secs] 
2014-07-09T15:43:32.229+0200: 21.050: [GC [PSYoungGen: 11181K->2977K(11264K)] 21025K->12829K(27648K), 0.0029367 secs] [Times: user=0.02 sys=0.00, real=0.00 secs] 
2014-07-09T15:43:32.278+0200: 21.099: [GC [PSYoungGen: 9100K->864K(11264K)] 18952K->10724K(27648K), 0.0021726 secs] [Times: user=0.02 sys=0.00, real=0.00 secs] 
2014-07-09T15:43:32.285+0200: 21.106: [GC [PSYoungGen: 6985K->5090K(11264K)] 16845K->16823K(27648K), 0.0087737 secs] [Times: user=0.02 sys=0.00, real=0.01 secs] 
2014-07-09T15:43:32.298+0200: 21.119: [GC [PSYoungGen: 11213K->4930K(11264K)] 22946K->16663K(27648K), 0.0068244 secs] [Times: user=0.00 sys=0.00, real=0.01 secs] 
2014-07-09T15:43:32.328+0200: 21.149: [GC [PSYoungGen: 11074K->672K(11264K)] 22807K->12413K(27648K), 0.0007153 secs] [Times: user=0.00 sys=0.00, real=0.00 secs] 
2014-07-09T15:43:32.330+0200: 21.152: [GC [PSYoungGen: 6793K->5090K(11264K)] 18534K->18480K(27648K), 0.0053799 secs] [Times: user=0.00 sys=0.00, real=0.01 secs] 
2014-07-09T15:43:32.380+0200: 21.202: [GC [PSYoungGen: 11213K->4706K(11264K)] 24603K->18096K(27648K), 0.0059826 secs] [Times: user=0.00 sys=0.00, real=0.01 secs] 
2014-07-09T15:43:32.391+0200: 21.213: [GC [PSYoungGen: 10829K->2625K(11264K)] 24218K->16022K(27648K), 0.0034334 secs] [Times: user=0.00 sys=0.00, real=0.00 secs] 
2014-07-09T15:43:32.433+0200: 21.254: [GC [PSYoungGen: 8748K->544K(11264K)] 22145K->13949K(27648K), 0.0054169 secs] [Times: user=0.00 sys=0.00, real=0.00 secs] 
2014-07-09T15:43:32.441+0200: 21.262: [GC [PSYoungGen: 6665K->5090K(11264K)] 20070K->20016K(27648K), 0.0045539 secs] [Times: user=0.00 sys=0.00, real=0.01 secs] 
2014-07-09T15:43:32.446+0200: 21.267: [Full GC [PSYoungGen: 5090K->0K(11264K)] [ParOldGen: 14926K->7131K(16384K)] 20016K->7131K(27648K) [PSPermGen: 2474K->2474K(21504K)], 0.0097629 secs] [Times: user=0.02 sys=0.00, real=0.01 secs] 
2014-07-09T15:43:32.479+0200: 21.300: [GC [PSYoungGen: 6122K->4578K(11264K)] 13254K->11709K(27648K), 0.0033502 secs] [Times: user=0.03 sys=0.00, real=0.00 secs] 
2014-07-09T15:43:32.484+0200: 21.305: [GC [PSYoungGen: 10701K->2497K(11264K)] 17832K->9636K(27648K), 0.0019402 secs] [Times: user=0.00 sys=0.00, real=0.00 secs] 
2014-07-09T15:43:32.528+0200: 21.349: [GC [PSYoungGen: 8620K->384K(11264K)] 15759K->7531K(27648K), 0.0011563 secs] [Times: user=0.00 sys=0.00, real=0.00 secs] 
2014-07-09T15:43:32.531+0200: 21.352: [GC [PSYoungGen: 6505K->5090K(11264K)] 13652K->13630K(27648K), 0.0049784 secs] [Times: user=0.00 sys=0.00, real=0.01 secs] 
2014-07-09T15:43:32.579+0200: 21.400: [GC [PSYoungGen: 11216K->3393K(11264K)] 19756K->11933K(27648K), 0.0027952 secs] [Times: user=0.00 sys=0.00, real=0.00 secs] 
2014-07-09T15:43:32.585+0200: 21.406: [GC [PSYoungGen: 9516K->1344K(11264K)] 18056K->9892K(27648K), 0.0012205 secs] [Times: user=0.00 sys=0.00, real=0.00 secs] 
2014-07-09T15:43:32.588+0200: 21.410: [GC [PSYoungGen: 7465K->5090K(11264K)] 16013K->15959K(27648K), 0.0055833 secs] [Times: user=0.03 sys=0.00, real=0.01 secs] 
2014-07-09T15:43:32.629+0200: 21.450: [GC [PSYoungGen: 11213K->5090K(11264K)] 22082K->16247K(27648K), 0.0039827 secs] [Times: user=0.00 sys=0.00, real=0.00 secs] 
2014-07-09T15:43:32.679+0200: 21.500: [GC [PSYoungGen: 11213K->3297K(11264K)] 22370K->14462K(27648K), 0.0023629 secs] [Times: user=0.00 sys=0.00, real=0.00 secs] 
2014-07-09T15:43:32.684+0200: 21.505: [GC [PSYoungGen: 9420K->1216K(11264K)] 20585K->12389K(27648K), 0.0018713 secs] [Times: user=0.00 sys=0.00, real=0.00 secs] 
2014-07-09T15:43:32.690+0200: 21.511: [GC [PSYoungGen: 7337K->5090K(11264K)] 18510K->18456K(27648K), 0.0048545 secs] [Times: user=0.00 sys=0.00, real=0.00 secs] 
2014-07-09T15:43:32.731+0200: 21.552: [GC [PSYoungGen: 11213K->5090K(11264K)] 24579K->18584K(27648K), 0.0071617 secs] [Times: user=0.00 sys=0.00, real=0.01 secs] 
2014-07-09T15:43:32.780+0200: 21.601: [GC [PSYoungGen: 11213K->3137K(11264K)] 24707K->16639K(27648K), 0.0067807 secs] [Times: user=0.00 sys=0.00, real=0.01 secs] 
2014-07-09T15:43:32.791+0200: 21.613: [GC [PSYoungGen: 9260K->1056K(11264K)] 22762K->14566K(27648K), 0.0045553 secs] [Times: user=0.02 sys=0.00, real=0.01 secs] 
2014-07-09T15:43:32.798+0200: 21.619: [GC [PSYoungGen: 7177K->5090K(11264K)] 20687K->20665K(27648K), 0.0054543 secs] [Times: user=0.00 sys=0.00, real=0.00 secs] 
2014-07-09T15:43:32.804+0200: 21.625: [Full GC [PSYoungGen: 5090K->0K(11264K)] [ParOldGen: 15575K->7678K(16384K)] 20665K->7678K(27648K) [PSPermGen: 2474K->2474K(21504K)], 0.0265448 secs] [Times: user=0.03 sys=0.00, real=0.03 secs] 
2014-07-09T15:43:32.834+0200: 21.656: [GC [PSYoungGen: 6132K->3553K(11264K)] 13810K->11231K(27648K), 0.0053087 secs] [Times: user=0.02 sys=0.00, real=0.01 secs] 
2014-07-09T15:43:32.878+0200: 21.699: [GC [PSYoungGen: 9676K->1472K(11264K)] 17354K->9158K(27648K), 0.0020828 secs] [Times: user=0.00 sys=0.00, real=0.00 secs] 
2014-07-09T15:43:32.882+0200: 21.704: [GC [PSYoungGen: 7593K->5090K(11264K)] 15279K->15257K(27648K), 0.0143519 secs] [Times: user=0.03 sys=0.00, real=0.02 secs] 
2014-07-09T15:43:32.899+0200: 21.720: [GC [PSYoungGen: 11213K->5090K(11264K)] 21380K->15674K(27648K), 0.0050899 secs] [Times: user=0.02 sys=0.00, real=0.01 secs] 
2014-07-09T15:43:32.930+0200: 21.751: [GC [PSYoungGen: 11213K->3425K(11264K)] 21797K->14017K(27648K), 0.0032340 secs] [Times: user=0.00 sys=0.00, real=0.00 secs] 
2014-07-09T15:43:32.978+0200: 21.799: [GC [PSYoungGen: 9548K->1344K(11264K)] 20140K->11944K(27648K), 0.0013976 secs] [Times: user=0.00 sys=0.00, real=0.00 secs] 
2014-07-09T15:43:32.983+0200: 21.805: [GC [PSYoungGen: 7465K->5090K(11264K)] 18065K->18035K(27648K), 0.0164197 secs] [Times: user=0.01 sys=0.00, real=0.02 secs] 
2014-07-09T15:43:33.002+0200: 21.823: [GC [PSYoungGen: 11213K->5090K(11264K)] 24158K->18355K(27648K), 0.0041700 secs] [Times: user=0.00 sys=0.00, real=0.00 secs] 
2014-07-09T15:43:33.029+0200: 21.850: [GC [PSYoungGen: 11213K->3329K(11264K)] 24478K->16602K(27648K), 0.0019479 secs] [Times: user=0.00 sys=0.00, real=0.00 secs] 
2014-07-09T15:43:33.033+0200: 21.854: [GC [PSYoungGen: 9470K->224K(11264K)] 22743K->13504K(27648K), 0.0007673 secs] [Times: user=0.00 sys=0.00, real=0.00 secs] 
2014-07-09T15:43:33.081+0200: 21.902: [GC [PSYoungGen: 6338K->5090K(11264K)] 19619K->19115K(27648K), 0.0076071 secs] [Times: user=0.00 sys=0.00, real=0.01 secs] 
2014-07-09T15:43:33.089+0200: 21.910: [Full GC [PSYoungGen: 5090K->0K(11264K)] [ParOldGen: 14025K->6123K(16384K)] 19115K->6123K(27648K) [PSPermGen: 2474K->2474K(21504K)], 0.0177132 secs] [Times: user=0.06 sys=0.00, real=0.02 secs] 
2014-07-09T15:43:33.110+0200: 21.931: [GC [PSYoungGen: 6122K->3745K(11264K)] 12246K->9868K(27648K), 0.0030936 secs] [Times: user=0.00 sys=0.00, real=0.00 secs] 
2014-07-09T15:43:33.129+0200: 21.950: [GC [PSYoungGen: 9868K->1664K(11264K)] 15991K->7795K(27648K), 0.0012682 secs] [Times: user=0.00 sys=0.00, real=0.00 secs] 
2014-07-09T15:43:33.132+0200: 21.953: [GC [PSYoungGen: 7785K->5090K(11264K)] 13916K->13862K(27648K), 0.0065307 secs] [Times: user=0.03 sys=0.00, real=0.01 secs] 
2014-07-09T15:43:33.180+0200: 22.001: [GC [PSYoungGen: 11213K->5090K(11264K)] 19985K->14471K(27648K), 0.0045315 secs] [Times: user=0.03 sys=0.00, real=0.00 secs] 
2014-07-09T15:43:33.187+0200: 22.008: [GC [PSYoungGen: 11213K->3617K(11264K)] 20594K->13006K(27648K), 0.0029946 secs] [Times: user=0.00 sys=0.00, real=0.00 secs] 
2014-07-09T15:43:33.229+0200: 22.050: [GC [PSYoungGen: 9740K->1536K(11264K)] 19129K->10933K(27648K), 0.0012359 secs] [Times: user=0.02 sys=0.00, real=0.00 secs] 
2014-07-09T15:43:33.232+0200: 22.053: [GC [PSYoungGen: 7657K->5090K(11264K)] 17054K->17000K(27648K), 0.0062213 secs] [Times: user=0.00 sys=0.00, real=0.01 secs] 
2014-07-09T15:43:33.282+0200: 22.103: [GC [PSYoungGen: 11213K->5090K(11264K)] 23123K->17480K(27648K), 0.0071745 secs] [Times: user=0.00 sys=0.00, real=0.01 secs] 
2014-07-09T15:43:33.293+0200: 22.114: [GC [PSYoungGen: 11225K->2849K(11264K)] 23615K->15247K(27648K), 0.0074990 secs] [Times: user=0.00 sys=0.00, real=0.01 secs] 
2014-07-09T15:43:33.305+0200: 22.126: [GC [PSYoungGen: 8991K->960K(11264K)] 21389K->13366K(27648K), 0.0019581 secs] [Times: user=0.00 sys=0.00, real=0.00 secs] 
2014-07-09T15:43:33.329+0200: 22.151: [GC [PSYoungGen: 7099K->5090K(11264K)] 19505K->18305K(27648K), 0.0047856 secs] [Times: user=0.00 sys=0.00, real=0.01 secs] 
2014-07-09T15:43:33.380+0200: 22.201: [GC [PSYoungGen: 11213K->3809K(11264K)] 24428K->17032K(27648K), 0.0042147 secs] [Times: user=0.00 sys=0.00, real=0.00 secs] 
2014-07-09T15:43:33.390+0200: 22.211: [GC [PSYoungGen: 9932K->1728K(11264K)] 23155K->14959K(27648K), 0.0029172 secs] [Times: user=0.00 sys=0.00, real=0.00 secs] 
2014-07-09T15:43:33.397+0200: 22.218: [GC [PSYoungGen: 7849K->5090K(11264K)] 21080K->21026K(27648K), 0.0067177 secs] [Times: user=0.03 sys=0.00, real=0.01 secs] 
2014-07-09T15:43:33.404+0200: 22.225: [Full GC [PSYoungGen: 5090K->0K(11264K)] [ParOldGen: 15935K->8305K(16384K)] 21026K->8305K(27648K) [PSPermGen: 2474K->2474K(21504K)], 0.0136102 secs] [Times: user=0.03 sys=0.00, real=0.01 secs] 
2014-07-09T15:43:33.429+0200: 22.250: [GC [PSYoungGen: 6122K->5090K(11264K)] 14428K->14067K(27648K), 0.0043848 secs] [Times: user=0.03 sys=0.00, real=0.01 secs] 
2014-07-09T15:43:33.479+0200: 22.300: [GC [PSYoungGen: 11213K->3681K(11264K)] 20190K->12667K(27648K), 0.0029213 secs] [Times: user=0.03 sys=0.00, real=0.00 secs] 
2014-07-09T15:43:33.484+0200: 22.305: [GC [PSYoungGen: 9804K->1600K(11264K)] 18790K->10594K(27648K), 0.0013481 secs] [Times: user=0.00 sys=0.00, real=0.00 secs] 
2014-07-09T15:43:33.488+0200: 22.310: [GC [PSYoungGen: 7721K->5090K(11264K)] 16715K->16661K(27648K), 0.0055093 secs] [Times: user=0.00 sys=0.00, real=0.01 secs] 
2014-07-09T15:43:33.530+0200: 22.351: [GC [PSYoungGen: 11218K->4578K(11264K)] 22789K->16148K(27648K), 0.0133789 secs] [Times: user=0.02 sys=0.00, real=0.01 secs] 
2014-07-09T15:43:33.579+0200: 22.400: [GC [PSYoungGen: 10701K->2529K(11264K)] 22271K->14107K(27648K), 0.0027559 secs] [Times: user=0.00 sys=0.00, real=0.00 secs] 
2014-07-09T15:43:33.587+0200: 22.408: [GC [PSYoungGen: 8652K->448K(11264K)] 20230K->12034K(27648K), 0.0017895 secs] [Times: user=0.01 sys=0.00, real=0.00 secs] 
2014-07-09T15:43:33.595+0200: 22.416: [GC [PSYoungGen: 6569K->5090K(11264K)] 18155K->18101K(27648K), 0.0079459 secs] [Times: user=0.00 sys=0.00, real=0.01 secs] 
2014-07-09T15:43:33.629+0200: 22.451: [GC [PSYoungGen: 11213K->4482K(11264K)] 24224K->17493K(27648K), 0.0032208 secs] [Times: user=0.00 sys=0.00, real=0.00 secs] 
2014-07-09T15:43:33.679+0200: 22.501: [GC [PSYoungGen: 10605K->2401K(11264K)] 23616K->15420K(27648K), 0.0028296 secs] [Times: user=0.00 sys=0.00, real=0.00 secs] 
2014-07-09T15:43:33.687+0200: 22.508: [GC [PSYoungGen: 8524K->320K(11264K)] 21543K->13347K(27648K), 0.0016256 secs] [Times: user=0.00 sys=0.00, real=0.00 secs] 
2014-07-09T15:43:33.693+0200: 22.515: [GC [PSYoungGen: 6441K->5090K(11264K)] 19468K->19414K(27648K), 0.0101104 secs] [Times: user=0.02 sys=0.00, real=0.01 secs] 
2014-07-09T15:43:33.704+0200: 22.525: [Full GC [PSYoungGen: 5090K->0K(11264K)] [ParOldGen: 14324K->6732K(16384K)] 19414K->6732K(27648K) [PSPermGen: 2474K->2474K(21504K)], 0.0283200 secs] [Times: user=0.03 sys=0.00, real=0.03 secs] 
2014-07-09T15:43:33.735+0200: 22.556: [GC [PSYoungGen: 6122K->4322K(11264K)] 12855K->11054K(27648K), 0.0073226 secs] [Times: user=0.00 sys=0.00, real=0.01 secs] 
2014-07-09T15:43:33.778+0200: 22.600: [GC [PSYoungGen: 10445K->2273K(11264K)] 17177K->9013K(27648K), 0.0014940 secs] [Times: user=0.00 sys=0.00, real=0.00 secs] 
2014-07-09T15:43:33.782+0200: 22.604: [GC [PSYoungGen: 8396K->192K(11264K)] 15136K->6940K(27648K), 0.0008759 secs] [Times: user=0.00 sys=0.00, real=0.00 secs] 
2014-07-09T15:43:33.786+0200: 22.607: [GC [PSYoungGen: 6313K->5090K(11264K)] 13061K->13007K(27648K), 0.0048937 secs] [Times: user=0.00 sys=0.00, real=0.00 secs] 
2014-07-09T15:43:33.828+0200: 22.650: [GC [PSYoungGen: 11228K->2177K(11264K)] 19145K->10094K(27648K), 0.0012458 secs] [Times: user=0.00 sys=0.00, real=0.00 secs] 
2014-07-09T15:43:33.878+0200: 22.699: [GC [PSYoungGen: 8300K->96K(11264K)] 16217K->8021K(27648K), 0.0006775 secs] [Times: user=0.00 sys=0.00, real=0.00 secs] 
2014-07-09T15:43:33.881+0200: 22.702: [GC [PSYoungGen: 6217K->5090K(11264K)] 14142K->14088K(27648K), 0.0053777 secs] [Times: user=0.03 sys=0.00, real=0.00 secs] 
2014-07-09T15:43:33.889+0200: 22.710: [GC [PSYoungGen: 11211K->4129K(11264K)] 20209K->13127K(27648K), 0.0037300 secs] [Times: user=0.00 sys=0.00, real=0.00 secs] 
2014-07-09T15:43:33.928+0200: 22.749: [GC [PSYoungGen: 10250K->2048K(11264K)] 19248K->11054K(27648K), 0.0010606 secs] [Times: user=0.00 sys=0.00, real=0.00 secs] 
2014-07-09T15:43:33.932+0200: 22.753: [GC [PSYoungGen: 8169K->5090K(11264K)] 17175K->17121K(27648K), 0.0061483 secs] [Times: user=0.00 sys=0.00, real=0.01 secs] 
2014-07-09T15:43:33.979+0200: 22.800: [GC [PSYoungGen: 11213K->5090K(11264K)] 23244K->18114K(27648K), 0.0047394 secs] [Times: user=0.00 sys=0.00, real=0.00 secs] 
2014-07-09T15:43:33.986+0200: 22.807: [GC [PSYoungGen: 11213K->4001K(11264K)] 24237K->17033K(27648K), 0.0033198 secs] [Times: user=0.00 sys=0.00, real=0.00 secs] 
2014-07-09T15:43:34.029+0200: 22.850: [GC [PSYoungGen: 10124K->1920K(11264K)] 23156K->14960K(27648K), 0.0023944 secs] [Times: user=0.00 sys=0.00, real=0.00 secs] 
2014-07-09T15:43:34.036+0200: 22.857: [GC [PSYoungGen: 8041K->5090K(11264K)] 21081K->21027K(27648K), 0.0101640 secs] [Times: user=0.01 sys=0.00, real=0.01 secs] 
2014-07-09T15:43:34.047+0200: 22.868: [Full GC [PSYoungGen: 5090K->0K(11264K)] [ParOldGen: 15937K->8496K(16384K)] 21027K->8496K(27648K) [PSPermGen: 2474K->2474K(21504K)], 0.0394460 secs] [Times: user=0.03 sys=0.00, real=0.04 secs] 
2014-07-09T15:43:34.091+0200: 22.912: [GC [PSYoungGen: 6128K->4930K(11264K)] 14624K->13426K(27648K), 0.0070905 secs] [Times: user=0.00 sys=0.00, real=0.01 secs] 
2014-07-09T15:43:34.101+0200: 22.922: [GC [PSYoungGen: 11053K->2849K(11264K)] 19549K->11353K(27648K), 0.0021026 secs] [Times: user=0.00 sys=0.00, real=0.00 secs] 
2014-07-09T15:43:34.128+0200: 22.949: [GC [PSYoungGen: 8972K->768K(11264K)] 17476K->9280K(27648K), 0.0007098 secs] [Times: user=0.00 sys=0.00, real=0.00 secs] 
2014-07-09T15:43:34.131+0200: 22.952: [GC [PSYoungGen: 6889K->5090K(11264K)] 15401K->15347K(27648K), 0.0056691 secs] [Times: user=0.03 sys=0.00, real=0.00 secs] 
2014-07-09T15:43:34.179+0200: 23.000: [GC [PSYoungGen: 11213K->4802K(11264K)] 21470K->15059K(27648K), 0.0035009 secs] [Times: user=0.03 sys=0.00, real=0.00 secs] 
2014-07-09T15:43:34.185+0200: 23.006: [GC [PSYoungGen: 10925K->2721K(11264K)] 21182K->12986K(27648K), 0.0021136 secs] [Times: user=0.00 sys=0.00, real=0.00 secs] 
2014-07-09T15:43:34.228+0200: 23.050: [GC [PSYoungGen: 8844K->640K(11264K)] 19109K->10913K(27648K), 0.0009639 secs] [Times: user=0.00 sys=0.00, real=0.00 secs] 
2014-07-09T15:43:34.231+0200: 23.052: [GC [PSYoungGen: 6761K->5090K(11264K)] 17034K->16980K(27648K), 0.0053051 secs] [Times: user=0.00 sys=0.00, real=0.01 secs] 
2014-07-09T15:43:34.280+0200: 23.101: [GC [PSYoungGen: 11213K->4674K(11264K)] 23103K->16564K(27648K), 0.0057942 secs] [Times: user=0.00 sys=0.00, real=0.01 secs] 
2014-07-09T15:43:34.290+0200: 23.112: [GC [PSYoungGen: 10797K->2593K(11264K)] 22687K->14491K(27648K), 0.0049077 secs] [Times: user=0.00 sys=0.02, real=0.01 secs] 
2014-07-09T15:43:34.299+0200: 23.120: [GC [PSYoungGen: 8732K->640K(11264K)] 20630K->12545K(27648K), 0.0010507 secs] [Times: user=0.00 sys=0.00, real=0.00 secs] 
2014-07-09T15:43:34.329+0200: 23.150: [GC [PSYoungGen: 6761K->4962K(11264K)] 18667K->16876K(27648K), 0.0036993 secs] [Times: user=0.00 sys=0.00, real=0.00 secs] 
2014-07-09T15:43:34.379+0200: 23.200: [GC [PSYoungGen: 11085K->2881K(11264K)] 22999K->14803K(27648K), 0.0018174 secs] [Times: user=0.00 sys=0.00, real=0.00 secs] 
2014-07-09T15:43:34.383+0200: 23.205: [GC [PSYoungGen: 9004K->800K(11264K)] 20926K->12730K(27648K), 0.0011963 secs] [Times: user=0.01 sys=0.00, real=0.00 secs] 
2014-07-09T15:43:34.388+0200: 23.209: [GC [PSYoungGen: 6921K->5090K(11264K)] 18851K->18797K(27648K), 0.0055177 secs] [Times: user=0.00 sys=0.00, real=0.00 secs] 
2014-07-09T15:43:34.429+0200: 23.251: [GC [PSYoungGen: 11213K->4834K(11264K)] 24920K->18541K(27648K), 0.0035053 secs] [Times: user=0.03 sys=0.00, real=0.00 secs] 
2014-07-09T15:43:34.480+0200: 23.301: [GC [PSYoungGen: 10957K->2753K(11264K)] 24664K->16468K(27648K), 0.0028377 secs] [Times: user=0.00 sys=0.00, real=0.00 secs] 
2014-07-09T15:43:34.487+0200: 23.309: [GC [PSYoungGen: 8876K->672K(11264K)] 22590K->14394K(27648K), 0.0024975 secs] [Times: user=0.00 sys=0.00, real=0.00 secs] 
2014-07-09T15:43:34.494+0200: 23.316: [GC [PSYoungGen: 6793K->5090K(11264K)] 20515K->20461K(27648K), 0.0097647 secs] [Times: user=0.00 sys=0.00, real=0.01 secs] 
2014-07-09T15:43:34.505+0200: 23.326: [Full GC [PSYoungGen: 5090K->0K(11264K)] [ParOldGen: 15371K->7258K(16384K)] 20461K->7258K(27648K) [PSPermGen: 2474K->2474K(21504K)], 0.0168937 secs] [Times: user=0.02 sys=0.00, real=0.02 secs] 
2014-07-09T15:43:34.531+0200: 23.353: [GC [PSYoungGen: 6122K->4706K(11264K)] 13381K->11964K(27648K), 0.0037781 secs] [Times: user=0.00 sys=0.00, real=0.00 secs] 
2014-07-09T15:43:34.578+0200: 23.400: [GC [PSYoungGen: 10838K->1088K(11264K)] 18096K->8354K(27648K), 0.0017360 secs] [Times: user=0.00 sys=0.00, real=0.00 secs] 
2014-07-09T15:43:34.584+0200: 23.405: [GC [PSYoungGen: 7209K->5090K(11264K)] 14475K->14421K(27648K), 0.0094714 secs] [Times: user=0.03 sys=0.00, real=0.01 secs] 
2014-07-09T15:43:34.598+0200: 23.419: [GC [PSYoungGen: 11213K->5090K(11264K)] 20544K->14421K(27648K), 0.0312090 secs] [Times: user=0.02 sys=0.00, real=0.03 secs] 
2014-07-09T15:43:34.632+0200: 23.453: [GC [PSYoungGen: 11213K->3041K(11264K)] 20544K->12380K(27648K), 0.0023490 secs] [Times: user=0.03 sys=0.00, real=0.00 secs] 
2014-07-09T15:43:34.678+0200: 23.499: [GC [PSYoungGen: 9164K->960K(11264K)] 18503K->10307K(27648K), 0.0006453 secs] [Times: user=0.00 sys=0.00, real=0.00 secs] 
2014-07-09T15:43:34.681+0200: 23.502: [GC [PSYoungGen: 7081K->5090K(11264K)] 16428K->16374K(27648K), 0.0052937 secs] [Times: user=0.00 sys=0.00, real=0.01 secs] 
2014-07-09T15:43:34.688+0200: 23.509: [GC [PSYoungGen: 11213K->4994K(11264K)] 22497K->16278K(27648K), 0.0039189 secs] [Times: user=0.00 sys=0.00, real=0.00 secs] 
2014-07-09T15:43:34.729+0200: 23.550: [GC [PSYoungGen: 11117K->2913K(11264K)] 22401K->14205K(27648K), 0.0016564 secs] [Times: user=0.00 sys=0.00, real=0.00 secs] 
2014-07-09T15:43:34.778+0200: 23.599: [GC [PSYoungGen: 9036K->832K(11264K)] 20328K->12132K(27648K), 0.0017664 secs] [Times: user=0.00 sys=0.00, real=0.00 secs] 
2014-07-09T15:43:34.784+0200: 23.605: [GC [PSYoungGen: 6953K->5090K(11264K)] 18253K->18199K(27648K), 0.0148307 secs] [Times: user=0.03 sys=0.00, real=0.02 secs] 
2014-07-09T15:43:34.804+0200: 23.625: [GC [PSYoungGen: 11213K->4866K(11264K)] 24322K->17975K(27648K), 0.0055896 secs] [Times: user=0.03 sys=0.00, real=0.01 secs] 
2014-07-09T15:43:34.828+0200: 23.649: [GC [PSYoungGen: 10998K->1248K(11264K)] 24107K->14365K(27648K), 0.0008803 secs] [Times: user=0.00 sys=0.00, real=0.00 secs] 
2014-07-09T15:43:34.831+0200: 23.652: [GC [PSYoungGen: 7369K->5090K(11264K)] 20486K->20432K(27648K), 0.0056365 secs] [Times: user=0.02 sys=0.00, real=0.01 secs] 
2014-07-09T15:43:34.837+0200: 23.658: [Full GC [PSYoungGen: 5090K->0K(11264K)] [ParOldGen: 15342K->7840K(16384K)] 20432K->7840K(27648K) [PSPermGen: 2474K->2474K(21504K)], 0.0097196 secs] [Times: user=0.00 sys=0.00, real=0.01 secs] 
2014-07-09T15:43:34.879+0200: 23.700: [GC [PSYoungGen: 6122K->5090K(11264K)] 13963K->13122K(27648K), 0.0039519 secs] [Times: user=0.00 sys=0.00, real=0.00 secs] 
2014-07-09T15:43:34.885+0200: 23.707: [GC [PSYoungGen: 11213K->3201K(11264K)] 19245K->11241K(27648K), 0.0025114 secs] [Times: user=0.00 sys=0.00, real=0.00 secs] 
2014-07-09T15:43:34.928+0200: 23.750: [GC [PSYoungGen: 9324K->1120K(11264K)] 17364K->9168K(27648K), 0.0017246 secs] [Times: user=0.02 sys=0.00, real=0.00 secs] 
2014-07-09T15:43:34.935+0200: 23.756: [GC [PSYoungGen: 7241K->5090K(11264K)] 15289K->15235K(27648K), 0.0090894 secs] [Times: user=0.00 sys=0.00, real=0.01 secs] 
2014-07-09T15:43:34.979+0200: 23.800: [GC [PSYoungGen: 11213K->5090K(11264K)] 21358K->15299K(27648K), 0.0039720 secs] [Times: user=0.00 sys=0.00, real=0.00 secs] 
2014-07-09T15:43:34.985+0200: 23.807: [GC [PSYoungGen: 11213K->3073K(11264K)] 21422K->13290K(27648K), 0.0026632 secs] [Times: user=0.00 sys=0.00, real=0.00 secs] 
2014-07-09T15:43:35.029+0200: 23.850: [GC [PSYoungGen: 9196K->992K(11264K)] 19413K->11217K(27648K), 0.0018724 secs] [Times: user=0.00 sys=0.00, real=0.00 secs] 
2014-07-09T15:43:35.034+0200: 23.856: [GC [PSYoungGen: 7113K->5090K(11264K)] 17338K->17284K(27648K), 0.0095326 secs] [Times: user=0.03 sys=0.00, real=0.01 secs] 
2014-07-09T15:43:35.080+0200: 23.901: [GC [PSYoungGen: 11216K->4001K(11264K)] 23411K->16196K(27648K), 0.0042991 secs] [Times: user=0.00 sys=0.00, real=0.01 secs] 
2014-07-09T15:43:35.089+0200: 23.911: [GC [PSYoungGen: 10124K->1920K(11264K)] 22319K->14123K(27648K), 0.0029631 secs] [Times: user=0.00 sys=0.00, real=0.00 secs] 
2014-07-09T15:43:35.098+0200: 23.920: [GC [PSYoungGen: 8041K->5090K(11264K)] 20244K->20190K(27648K), 0.0107007 secs] [Times: user=0.01 sys=0.00, real=0.01 secs] 
2014-07-09T15:43:35.109+0200: 23.931: [Full GC [PSYoungGen: 5090K->0K(11264K)] [ParOldGen: 15099K->8512K(16384K)] 20190K->8512K(27648K) [PSPermGen: 2474K->2474K(21504K)], 0.0121019 secs] [Times: user=0.03 sys=0.00, real=0.01 secs] 
2014-07-09T15:43:35.130+0200: 23.951: [GC [PSYoungGen: 6122K->5090K(11264K)] 14635K->14467K(27648K), 0.0048017 secs] [Times: user=0.03 sys=0.00, real=0.00 secs] 
2014-07-09T15:43:35.179+0200: 24.000: [GC [PSYoungGen: 11213K->3873K(11264K)] 20590K->13259K(27648K), 0.0028303 secs] [Times: user=0.03 sys=0.00, real=0.00 secs] 
2014-07-09T15:43:35.184+0200: 24.005: [GC [PSYoungGen: 9996K->1792K(11264K)] 19382K->11186K(27648K), 0.0013858 secs] [Times: user=0.00 sys=0.00, real=0.00 secs] 
2014-07-09T15:43:35.188+0200: 24.009: [GC [PSYoungGen: 7913K->5090K(11264K)] 17307K->17253K(27648K), 0.0058561 secs] [Times: user=0.00 sys=0.00, real=0.01 secs] 
2014-07-09T15:43:35.231+0200: 24.052: [GC [PSYoungGen: 11213K->5090K(11264K)] 23376K->17989K(27648K), 0.0082630 secs] [Times: user=0.00 sys=0.00, real=0.01 secs] 
2014-07-09T15:43:35.279+0200: 24.100: [GC [PSYoungGen: 11213K->3745K(11264K)] 24112K->16652K(27648K), 0.0024744 secs] [Times: user=0.00 sys=0.00, real=0.00 secs] 
2014-07-09T15:43:35.284+0200: 24.106: [GC [PSYoungGen: 9889K->96K(11264K)] 22796K->13011K(27648K), 0.0008473 secs] [Times: user=0.00 sys=0.00, real=0.00 secs] 
2014-07-09T15:43:35.288+0200: 24.109: [GC [PSYoungGen: 6212K->5090K(11264K)] 19127K->19037K(27648K), 0.0052963 secs] [Times: user=0.03 sys=0.00, real=0.00 secs] 
2014-07-09T15:43:35.293+0200: 24.115: [Full GC [PSYoungGen: 5090K->0K(11264K)] [ParOldGen: 13947K->6406K(16384K)] 19037K->6406K(27648K) [PSPermGen: 2474K->2474K(21504K)], 0.0139479 secs] [Times: user=0.03 sys=0.00, real=0.01 secs] 
2014-07-09T15:43:35.328+0200: 24.150: [GC [PSYoungGen: 6128K->3521K(11264K)] 12535K->9928K(27648K), 0.0019622 secs] [Times: user=0.00 sys=0.00, real=0.00 secs] 
2014-07-09T15:43:35.379+0200: 24.200: [GC [PSYoungGen: 9644K->1440K(11264K)] 16051K->7855K(27648K), 0.0019534 secs] [Times: user=0.00 sys=0.00, real=0.00 secs] 
2014-07-09T15:43:35.386+0200: 24.207: [GC [PSYoungGen: 7561K->5090K(11264K)] 13976K->13922K(27648K), 0.0091341 secs] [Times: user=0.00 sys=0.00, real=0.01 secs] 
2014-07-09T15:43:35.399+0200: 24.221: [GC [PSYoungGen: 11213K->5090K(11264K)] 20045K->14306K(27648K), 0.0074462 secs] [Times: user=0.00 sys=0.00, real=0.01 secs] 
2014-07-09T15:43:35.429+0200: 24.250: [GC [PSYoungGen: 11213K->3393K(11264K)] 20429K->12617K(27648K), 0.0023189 secs] [Times: user=0.03 sys=0.00, real=0.00 secs] 
2014-07-09T15:43:35.479+0200: 24.300: [GC [PSYoungGen: 9516K->1312K(11264K)] 18740K->10544K(27648K), 0.0018317 secs] [Times: user=0.00 sys=0.00, real=0.00 secs] 
2014-07-09T15:43:35.484+0200: 24.306: [GC [PSYoungGen: 7433K->5090K(11264K)] 16665K->16611K(27648K), 0.0100206 secs] [Times: user=0.01 sys=0.00, real=0.01 secs] 
2014-07-09T15:43:35.498+0200: 24.319: [GC [PSYoungGen: 11213K->5090K(11264K)] 22734K->16867K(27648K), 0.0045597 secs] [Times: user=0.00 sys=0.00, real=0.01 secs] 
2014-07-09T15:43:35.529+0200: 24.350: [GC [PSYoungGen: 11218K->2241K(11264K)] 22996K->14026K(27648K), 0.0014603 secs] [Times: user=0.00 sys=0.00, real=0.00 secs] 
2014-07-09T15:43:35.578+0200: 24.399: [GC [PSYoungGen: 8364K->128K(11264K)] 20149K->11921K(27648K), 0.0088001 secs] [Times: user=0.02 sys=0.00, real=0.01 secs] 
2014-07-09T15:43:35.589+0200: 24.410: [GC [PSYoungGen: 6249K->5090K(11264K)] 18042K->18020K(27648K), 0.0047881 secs] [Times: user=0.00 sys=0.00, real=0.00 secs] 
2014-07-09T15:43:35.596+0200: 24.417: [GC [PSYoungGen: 11213K->4194K(11264K)] 24143K->17123K(27648K), 0.0032391 secs] [Times: user=0.00 sys=0.00, real=0.00 secs] 
2014-07-09T15:43:35.628+0200: 24.450: [GC [PSYoungGen: 10315K->2113K(11264K)] 23244K->15050K(27648K), 0.0011292 secs] [Times: user=0.00 sys=0.00, real=0.00 secs] 
2014-07-09T15:43:35.632+0200: 24.453: [GC [PSYoungGen: 8233K->5090K(11264K)] 21171K->21117K(27648K), 0.0059335 secs] [Times: user=0.00 sys=0.00, real=0.01 secs] 
2014-07-09T15:43:35.638+0200: 24.459: [Full GC [PSYoungGen: 5090K->0K(11264K)] [ParOldGen: 16027K->8688K(16384K)] 21117K->8688K(27648K) [PSPermGen: 2474K->2474K(21504K)], 0.0103029 secs] [Times: user=0.03 sys=0.00, real=0.01 secs] 
2014-07-09T15:43:35.681+0200: 24.502: [GC [PSYoungGen: 6122K->5090K(11264K)] 14810K->14803K(27648K), 0.0056006 secs] [Times: user=0.00 sys=0.00, real=0.01 secs] 
2014-07-09T15:43:35.690+0200: 24.511: [GC [PSYoungGen: 11213K->4033K(11264K)] 20926K->13755K(27648K), 0.0092947 secs] [Times: user=0.02 sys=0.00, real=0.01 secs] 
2014-07-09T15:43:35.728+0200: 24.549: [GC [PSYoungGen: 10156K->1984K(11264K)] 19878K->11714K(27648K), 0.0010485 secs] [Times: user=0.00 sys=0.00, real=0.00 secs] 
2014-07-09T15:43:35.732+0200: 24.553: [GC [PSYoungGen: 8105K->5090K(11264K)] 17835K->17781K(27648K), 0.0064453 secs] [Times: user=0.00 sys=0.00, real=0.01 secs] 
2014-07-09T15:43:35.781+0200: 24.603: [GC [PSYoungGen: 11213K->5090K(11264K)] 23904K->18709K(27648K), 0.0075393 secs] [Times: user=0.03 sys=0.00, real=0.01 secs] 
2014-07-09T15:43:35.789+0200: 24.611: [Full GC [PSYoungGen: 5090K->0K(11264K)] [ParOldGen: 13619K->6311K(16384K)] 18709K->6311K(27648K) [PSPermGen: 2474K->2474K(21504K)], 0.0177945 secs] [Times: user=0.03 sys=0.00, real=0.02 secs] 
2014-07-09T15:43:35.811+0200: 24.633: [GC [PSYoungGen: 6122K->3937K(11264K)] 12434K->10249K(27648K), 0.0029979 secs] [Times: user=0.00 sys=0.00, real=0.00 secs] 
2014-07-09T15:43:35.828+0200: 24.649: [GC [PSYoungGen: 10072K->320K(11264K)] 16383K->6639K(27648K), 0.0005349 secs] [Times: user=0.00 sys=0.00, real=0.00 secs] 
2014-07-09T15:43:35.830+0200: 24.651: [GC [PSYoungGen: 6441K->5090K(11264K)] 12760K->12706K(27648K), 0.0053238 secs] [Times: user=0.03 sys=0.00, real=0.01 secs] 
2014-07-09T15:43:35.879+0200: 24.700: [GC [PSYoungGen: 11213K->4354K(11264K)] 18829K->11969K(27648K), 0.0045557 secs] [Times: user=0.02 sys=0.00, real=0.01 secs] 
2014-07-09T15:43:35.886+0200: 24.707: [GC [PSYoungGen: 10477K->2273K(11264K)] 18092K->9896K(27648K), 0.0018280 secs] [Times: user=0.00 sys=0.00, real=0.00 secs] 
2014-07-09T15:43:35.928+0200: 24.749: [GC [PSYoungGen: 8396K->192K(11264K)] 16019K->7823K(27648K), 0.0013704 secs] [Times: user=0.02 sys=0.00, real=0.00 secs] 
2014-07-09T15:43:35.935+0200: 24.756: [GC [PSYoungGen: 6313K->5090K(11264K)] 13944K->13890K(27648K), 0.0089713 secs] [Times: user=0.02 sys=0.00, real=0.01 secs] 
2014-07-09T15:43:35.980+0200: 24.801: [GC [PSYoungGen: 11213K->4226K(11264K)] 20013K->13026K(27648K), 0.0060629 secs] [Times: user=0.00 sys=0.00, real=0.01 secs] 
2014-07-09T15:43:35.992+0200: 24.814: [GC [PSYoungGen: 10349K->2113K(11264K)] 19149K->10921K(27648K), 0.0042686 secs] [Times: user=0.00 sys=0.00, real=0.00 secs] 
2014-07-09T15:43:36.028+0200: 24.849: [GC [PSYoungGen: 8234K->64K(11264K)] 17042K->8880K(27648K), 0.0006530 secs] [Times: user=0.00 sys=0.00, real=0.00 secs] 
2014-07-09T15:43:36.031+0200: 24.852: [GC [PSYoungGen: 6184K->5090K(11264K)] 15001K->14947K(27648K), 0.0048123 secs] [Times: user=0.00 sys=0.00, real=0.00 secs] 
2014-07-09T15:43:36.079+0200: 24.901: [GC [PSYoungGen: 11222K->2561K(11264K)] 21079K->12418K(27648K), 0.0027409 secs] [Times: user=0.00 sys=0.00, real=0.00 secs] 
2014-07-09T15:43:36.087+0200: 24.909: [GC [PSYoungGen: 8684K->480K(11264K)] 18541K->10345K(27648K), 0.0018207 secs] [Times: user=0.00 sys=0.00, real=0.00 secs] 
2014-07-09T15:43:36.095+0200: 24.916: [GC [PSYoungGen: 6601K->5090K(11264K)] 16466K->16412K(27648K), 0.0063239 secs] [Times: user=0.03 sys=0.00, real=0.01 secs] 
2014-07-09T15:43:36.129+0200: 24.951: [GC [PSYoungGen: 11213K->4514K(11264K)] 22535K->15835K(27648K), 0.0031900 secs] [Times: user=0.03 sys=0.00, real=0.00 secs] 
2014-07-09T15:43:36.179+0200: 25.000: [GC [PSYoungGen: 10637K->2433K(11264K)] 21958K->13762K(27648K), 0.0016146 secs] [Times: user=0.00 sys=0.00, real=0.00 secs] 
2014-07-09T15:43:36.183+0200: 25.004: [GC [PSYoungGen: 8556K->352K(11264K)] 19885K->11689K(27648K), 0.0009961 secs] [Times: user=0.00 sys=0.00, real=0.00 secs] 
2014-07-09T15:43:36.187+0200: 25.008: [GC [PSYoungGen: 6473K->5090K(11264K)] 17810K->17756K(27648K), 0.0056339 secs] [Times: user=0.00 sys=0.00, real=0.00 secs] 
2014-07-09T15:43:36.229+0200: 25.050: [GC [PSYoungGen: 11213K->4354K(11264K)] 23879K->17020K(27648K), 0.0036483 secs] [Times: user=0.00 sys=0.00, real=0.00 secs] 
2014-07-09T15:43:36.279+0200: 25.100: [GC [PSYoungGen: 10477K->2305K(11264K)] 23143K->14979K(27648K), 0.0031805 secs] [Times: user=0.00 sys=0.00, real=0.00 secs] 
2014-07-09T15:43:36.287+0200: 25.109: [GC [PSYoungGen: 8428K->224K(11264K)] 21102K->12906K(27648K), 0.0019823 secs] [Times: user=0.00 sys=0.01, real=0.00 secs] 
2014-07-09T15:43:36.294+0200: 25.116: [GC [PSYoungGen: 6345K->5090K(11264K)] 19027K->18973K(27648K), 0.0078960 secs] [Times: user=0.00 sys=0.00, real=0.01 secs] 
2014-07-09T15:43:36.328+0200: 25.150: [GC [PSYoungGen: 11228K->2593K(11264K)] 25111K->16476K(27648K), 0.0013433 secs] [Times: user=0.00 sys=0.00, real=0.00 secs] 
2014-07-09T15:43:36.378+0200: 25.200: [GC [PSYoungGen: 8716K->512K(11264K)] 22599K->14403K(27648K), 0.0016949 secs] [Times: user=0.00 sys=0.00, real=0.00 secs] 
2014-07-09T15:43:36.384+0200: 25.205: [GC [PSYoungGen: 6633K->5090K(11264K)] 20524K->20470K(27648K), 0.0085281 secs] [Times: user=0.00 sys=0.00, real=0.01 secs] 
2014-07-09T15:43:36.393+0200: 25.214: [Full GC [PSYoungGen: 5090K->0K(11264K)] [ParOldGen: 15379K->7097K(16384K)] 20470K->7097K(27648K) [PSPermGen: 2474K->2474K(21504K)], 0.0156879 secs] [Times: user=0.03 sys=0.00, real=0.02 secs] 
2014-07-09T15:43:36.411+0200: 25.233: [GC [PSYoungGen: 6122K->4546K(11264K)] 13220K->11643K(27648K), 0.0039966 secs] [Times: user=0.03 sys=0.00, real=0.00 secs] 
2014-07-09T15:43:36.429+0200: 25.250: [GC [PSYoungGen: 10669K->2465K(11264K)] 17766K->9570K(27648K), 0.0015171 secs] [Times: user=0.00 sys=0.00, real=0.00 secs] 
2014-07-09T15:43:36.478+0200: 25.300: [GC [PSYoungGen: 8588K->384K(11264K)] 15693K->7497K(27648K), 0.0015805 secs] [Times: user=0.00 sys=0.00, real=0.00 secs] 
2014-07-09T15:43:36.483+0200: 25.305: [GC [PSYoungGen: 6505K->5090K(11264K)] 13618K->13564K(27648K), 0.0086527 secs] [Times: user=0.03 sys=0.00, real=0.01 secs] 
2014-07-09T15:43:36.496+0200: 25.318: [GC [PSYoungGen: 11213K->4418K(11264K)] 19687K->12891K(27648K), 0.0057714 secs] [Times: user=0.00 sys=0.00, real=0.01 secs] 
2014-07-09T15:43:36.528+0200: 25.350: [GC [PSYoungGen: 10541K->2337K(11264K)] 19014K->10818K(27648K), 0.0011827 secs] [Times: user=0.00 sys=0.00, real=0.00 secs] 
2014-07-09T15:43:36.532+0200: 25.353: [GC [PSYoungGen: 8476K->320K(11264K)] 16958K->8809K(27648K), 0.0007985 secs] [Times: user=0.00 sys=0.00, real=0.00 secs] 
2014-07-09T15:43:36.581+0200: 25.402: [GC [PSYoungGen: 6462K->5090K(11264K)] 14952K->13876K(27648K), 0.0072618 secs] [Times: user=0.03 sys=0.00, real=0.01 secs] 
2014-07-09T15:43:36.592+0200: 25.414: [GC [PSYoungGen: 11213K->3297K(11264K)] 19999K->12091K(27648K), 0.0043753 secs] [Times: user=0.00 sys=0.00, real=0.00 secs] 
2014-07-09T15:43:36.628+0200: 25.450: [GC [PSYoungGen: 9420K->1216K(11264K)] 18214K->10018K(27648K), 0.0011116 secs] [Times: user=0.00 sys=0.00, real=0.00 secs] 
2014-07-09T15:43:36.632+0200: 25.453: [GC [PSYoungGen: 7337K->5090K(11264K)] 16139K->16085K(27648K), 0.0058436 secs] [Times: user=0.00 sys=0.00, real=0.01 secs] 
2014-07-09T15:43:36.681+0200: 25.503: [GC [PSYoungGen: 11213K->5090K(11264K)] 22208K->16245K(27648K), 0.0068434 secs] [Times: user=0.00 sys=0.00, real=0.01 secs] 
2014-07-09T15:43:36.693+0200: 25.514: [GC [PSYoungGen: 11213K->3169K(11264K)] 22368K->14332K(27648K), 0.0041806 secs] [Times: user=0.00 sys=0.00, real=0.00 secs] 
2014-07-09T15:43:36.728+0200: 25.550: [GC [PSYoungGen: 9292K->1088K(11264K)] 20455K->12259K(27648K), 0.0017246 secs] [Times: user=0.00 sys=0.00, real=0.00 secs] 
2014-07-09T15:43:36.735+0200: 25.556: [GC [PSYoungGen: 7209K->5090K(11264K)] 18380K->18326K(27648K), 0.0093867 secs] [Times: user=0.03 sys=0.00, real=0.01 secs] 
2014-07-09T15:43:36.779+0200: 25.600: [GC [PSYoungGen: 11213K->5090K(11264K)] 24449K->18358K(27648K), 0.0039225 secs] [Times: user=0.00 sys=0.00, real=0.00 secs] 
2014-07-09T15:43:36.785+0200: 25.607: [GC [PSYoungGen: 11222K->1504K(11264K)] 24490K->14780K(27648K), 0.0013539 secs] [Times: user=0.02 sys=0.00, real=0.00 secs] 
2014-07-09T15:43:36.790+0200: 25.612: [GC [PSYoungGen: 7625K->5090K(11264K)] 20901K->20839K(27648K), 0.0067525 secs] [Times: user=0.00 sys=0.00, real=0.01 secs] 
2014-07-09T15:43:36.797+0200: 25.619: [Full GC [PSYoungGen: 5090K->0K(11264K)] [ParOldGen: 15749K->8095K(16384K)] 20839K->8095K(27648K) [PSPermGen: 2474K->2474K(21504K)], 0.0139442 secs] [Times: user=0.02 sys=0.00, real=0.01 secs] 
2014-07-09T15:43:36.829+0200: 25.650: [GC [PSYoungGen: 6128K->5026K(11264K)] 14224K->13122K(27648K), 0.0036384 secs] [Times: user=0.00 sys=0.00, real=0.00 secs] 
2014-07-09T15:43:36.878+0200: 25.700: [GC [PSYoungGen: 11149K->2945K(11264K)] 19244K->11048K(27648K), 0.0017913 secs] [Times: user=0.03 sys=0.00, real=0.00 secs] 
2014-07-09T15:43:36.883+0200: 25.704: [GC [PSYoungGen: 9068K->864K(11264K)] 17171K->8975K(27648K), 0.0009774 secs] [Times: user=0.00 sys=0.00, real=0.00 secs] 
2014-07-09T15:43:36.886+0200: 25.707: [GC [PSYoungGen: 6985K->5090K(11264K)] 15096K->15042K(27648K), 0.0051628 secs] [Times: user=0.00 sys=0.00, real=0.01 secs] 
2014-07-09T15:43:36.929+0200: 25.750: [GC [PSYoungGen: 11213K->4898K(11264K)] 21165K->14850K(27648K), 0.0035849 secs] [Times: user=0.00 sys=0.00, real=0.00 secs] 
2014-07-09T15:43:36.979+0200: 25.801: [GC [PSYoungGen: 11021K->2817K(11264K)] 20973K->12777K(27648K), 0.0029092 secs] [Times: user=0.00 sys=0.00, real=0.00 secs] 
2014-07-09T15:43:36.987+0200: 25.808: [GC [PSYoungGen: 8940K->736K(11264K)] 18900K->10704K(27648K), 0.0022448 secs] [Times: user=0.00 sys=0.00, real=0.00 secs] 
2014-07-09T15:43:36.995+0200: 25.816: [GC [PSYoungGen: 6857K->5090K(11264K)] 16825K->16771K(27648K), 0.0066319 secs] [Times: user=0.00 sys=0.00, real=0.01 secs] 
2014-07-09T15:43:37.030+0200: 25.851: [GC [PSYoungGen: 11216K->3713K(11264K)] 22898K->15395K(27648K), 0.0079334 secs] [Times: user=0.02 sys=0.00, real=0.01 secs] 
2014-07-09T15:43:37.078+0200: 25.899: [GC [PSYoungGen: 9836K->1664K(11264K)] 21518K->13354K(27648K), 0.0008627 secs] [Times: user=0.00 sys=0.00, real=0.00 secs] 
2014-07-09T15:43:37.081+0200: 25.903: [GC [PSYoungGen: 7785K->5090K(11264K)] 19475K->19421K(27648K), 0.0059481 secs] [Times: user=0.03 sys=0.00, real=0.01 secs] 
2014-07-09T15:43:37.087+0200: 25.909: [Full GC [PSYoungGen: 5090K->0K(11264K)] [ParOldGen: 14330K->8256K(16384K)] 19421K->8256K(27648K) [PSPermGen: 2474K->2474K(21504K)], 0.0099902 secs] [Times: user=0.00 sys=0.00, real=0.01 secs] 
2014-07-09T15:43:37.101+0200: 25.922: [GC [PSYoungGen: 6122K->5090K(11264K)] 14379K->13923K(27648K), 0.0057784 secs] [Times: user=0.00 sys=0.00, real=0.01 secs] 
2014-07-09T15:43:37.129+0200: 25.950: [GC [PSYoungGen: 11213K->3617K(11264K)] 20046K->12458K(27648K), 0.0021327 secs] [Times: user=0.03 sys=0.00, real=0.00 secs] 
2014-07-09T15:43:37.179+0200: 26.000: [GC [PSYoungGen: 9740K->1536K(11264K)] 18581K->10385K(27648K), 0.0020769 secs] [Times: user=0.00 sys=0.00, real=0.00 secs] 
2014-07-09T15:43:37.185+0200: 26.007: [GC [PSYoungGen: 7657K->5090K(11264K)] 16506K->16452K(27648K), 0.0099422 secs] [Times: user=0.03 sys=0.00, real=0.01 secs] 
2014-07-09T15:43:37.199+0200: 26.021: [GC [PSYoungGen: 11213K->5090K(11264K)] 22575K->16932K(27648K), 0.0074696 secs] [Times: user=0.00 sys=0.00, real=0.01 secs] 
2014-07-09T15:43:37.229+0200: 26.050: [GC [PSYoungGen: 11213K->3489K(11264K)] 23055K->15340K(27648K), 0.0022258 secs] [Times: user=0.00 sys=0.00, real=0.00 secs] 
2014-07-09T15:43:37.279+0200: 26.100: [GC [PSYoungGen: 9612K->1376K(11264K)] 21463K->13235K(27648K), 0.0333292 secs] [Times: user=0.03 sys=0.00, real=0.03 secs] 
2014-07-09T15:43:37.315+0200: 26.137: [GC [PSYoungGen: 7497K->5090K(11264K)] 19356K->19334K(27648K), 0.0058568 secs] [Times: user=0.03 sys=0.00, real=0.01 secs] 
2014-07-09T15:43:37.322+0200: 26.143: [Full GC [PSYoungGen: 5090K->0K(11264K)] [ParOldGen: 14243K->8000K(16384K)] 19334K->8000K(27648K) [PSPermGen: 2474K->2474K(21504K)], 0.0126350 secs] [Times: user=0.03 sys=0.00, real=0.01 secs] 
2014-07-09T15:43:37.338+0200: 26.159: [GC [PSYoungGen: 6122K->5090K(11264K)] 14123K->13443K(27648K), 0.0038177 secs] [Times: user=0.00 sys=0.00, real=0.00 secs] 
2014-07-09T15:43:37.345+0200: 26.166: [GC [PSYoungGen: 11227K->1696K(11264K)] 19580K->10057K(27648K), 0.0020065 secs] [Times: user=0.00 sys=0.00, real=0.00 secs] 
2014-07-09T15:43:37.350+0200: 26.171: [GC [PSYoungGen: 7817K->5090K(11264K)] 16178K->16124K(27648K), 0.0062392 secs] [Times: user=0.00 sys=0.00, real=0.01 secs] 
2014-07-09T15:43:37.379+0200: 26.200: [GC [PSYoungGen: 11213K->5090K(11264K)] 22247K->16764K(27648K), 0.0044501 secs] [Times: user=0.03 sys=0.00, real=0.01 secs] 
2014-07-09T15:43:37.386+0200: 26.207: [GC [PSYoungGen: 11213K->3649K(11264K)] 22887K->15332K(27648K), 0.0029286 secs] [Times: user=0.00 sys=0.00, real=0.00 secs] 
2014-07-09T15:43:37.429+0200: 26.250: [GC [PSYoungGen: 9772K->1568K(11264K)] 21455K->13259K(27648K), 0.0020282 secs] [Times: user=0.00 sys=0.00, real=0.00 secs] 
2014-07-09T15:43:37.435+0200: 26.256: [GC [PSYoungGen: 7689K->5090K(11264K)] 19380K->19326K(27648K), 0.0106182 secs] [Times: user=0.03 sys=0.00, real=0.01 secs] 
2014-07-09T15:43:37.446+0200: 26.267: [Full GC [PSYoungGen: 5090K->0K(11264K)] [ParOldGen: 14235K->8162K(16384K)] 19326K->8162K(27648K) [PSPermGen: 2474K->2474K(21504K)], 0.0140997 secs] [Times: user=0.03 sys=0.00, real=0.01 secs] 
2014-07-09T15:43:37.480+0200: 26.301: [GC [PSYoungGen: 6122K->5090K(11264K)] 14285K->13765K(27648K), 0.0042206 secs] [Times: user=0.00 sys=0.00, real=0.00 secs] 
2014-07-09T15:43:37.486+0200: 26.308: [GC [PSYoungGen: 11213K->3521K(11264K)] 19888K->12204K(27648K), 0.0033312 secs] [Times: user=0.03 sys=0.00, real=0.00 secs] 
2014-07-09T15:43:37.528+0200: 26.350: [GC [PSYoungGen: 9644K->1440K(11264K)] 18327K->10131K(27648K), 0.0012429 secs] [Times: user=0.00 sys=0.00, real=0.00 secs] 
2014-07-09T15:43:37.532+0200: 26.353: [GC [PSYoungGen: 7561K->5090K(11264K)] 16252K->16198K(27648K), 0.0068016 secs] [Times: user=0.03 sys=0.00, real=0.01 secs] 
2014-07-09T15:43:37.580+0200: 26.401: [GC [PSYoungGen: 11222K->3937K(11264K)] 22330K->15045K(27648K), 0.0046726 secs] [Times: user=0.03 sys=0.00, real=0.01 secs] 
2014-07-09T15:43:37.589+0200: 26.411: [GC [PSYoungGen: 10060K->1856K(11264K)] 21168K->12972K(27648K), 0.0030929 secs] [Times: user=0.00 sys=0.00, real=0.00 secs] 
2014-07-09T15:43:37.597+0200: 26.418: [GC [PSYoungGen: 7977K->5090K(11264K)] 19093K->19039K(27648K), 0.0066755 secs] [Times: user=0.03 sys=0.00, real=0.01 secs] 
2014-07-09T15:43:37.604+0200: 26.425: [Full GC [PSYoungGen: 5090K->0K(11264K)] [ParOldGen: 13949K->8451K(16384K)] 19039K->8451K(27648K) [PSPermGen: 2474K->2474K(21504K)], 0.0136832 secs] [Times: user=0.03 sys=0.00, real=0.01 secs] 
2014-07-09T15:43:37.630+0200: 26.451: [GC [PSYoungGen: 6122K->5090K(11264K)] 14574K->14342K(27648K), 0.0040721 secs] [Times: user=0.00 sys=0.00, real=0.00 secs] 
2014-07-09T15:43:37.679+0200: 26.500: [GC [PSYoungGen: 11213K->3809K(11264K)] 20465K->13069K(27648K), 0.0024744 secs] [Times: user=0.00 sys=0.00, real=0.00 secs] 
2014-07-09T15:43:37.684+0200: 26.505: [GC [PSYoungGen: 9932K->1728K(11264K)] 19192K->10996K(27648K), 0.0014163 secs] [Times: user=0.00 sys=0.00, real=0.00 secs] 
2014-07-09T15:43:37.688+0200: 26.509: [GC [PSYoungGen: 7849K->5090K(11264K)] 17117K->17063K(27648K), 0.0058414 secs] [Times: user=0.03 sys=0.00, real=0.01 secs] 
2014-07-09T15:43:37.729+0200: 26.550: [GC [PSYoungGen: 11213K->5090K(11264K)] 23186K->17736K(27648K), 0.0043207 secs] [Times: user=0.00 sys=0.00, real=0.00 secs] 
2014-07-09T15:43:37.780+0200: 26.601: [GC [PSYoungGen: 11213K->3681K(11264K)] 23859K->16335K(27648K), 0.0040259 secs] [Times: user=0.00 sys=0.00, real=0.00 secs] 
2014-07-09T15:43:37.789+0200: 26.610: [GC [PSYoungGen: 9804K->1600K(11264K)] 22458K->14262K(27648K), 0.0026100 secs] [Times: user=0.00 sys=0.00, real=0.00 secs] 
2014-07-09T15:43:37.796+0200: 26.618: [GC [PSYoungGen: 7721K->5090K(11264K)] 20383K->20329K(27648K), 0.0100096 secs] [Times: user=0.03 sys=0.00, real=0.01 secs] 
2014-07-09T15:43:37.807+0200: 26.628: [Full GC [PSYoungGen: 5090K->0K(11264K)] [ParOldGen: 15238K->8195K(16384K)] 20329K->8195K(27648K) [PSPermGen: 2474K->2474K(21504K)], 0.0136836 secs] [Times: user=0.03 sys=0.00, real=0.01 secs] 
2014-07-09T15:43:37.829+0200: 26.651: [GC [PSYoungGen: 6132K->4097K(11264K)] 14327K->12293K(27648K), 0.0031570 secs] [Times: user=0.03 sys=0.00, real=0.00 secs] 
2014-07-09T15:43:37.881+0200: 26.703: [GC [PSYoungGen: 10220K->1984K(11264K)] 18416K->10188K(27648K), 0.0184673 secs] [Times: user=0.02 sys=0.00, real=0.02 secs] 
2014-07-09T15:43:37.903+0200: 26.724: [GC [PSYoungGen: 8105K->5090K(11264K)] 16309K->16287K(27648K), 0.0058422 secs] [Times: user=0.00 sys=0.00, real=0.01 secs] 
2014-07-09T15:43:37.912+0200: 26.733: [GC [PSYoungGen: 11213K->5090K(11264K)] 22410K->17247K(27648K), 0.0066891 secs] [Times: user=0.00 sys=0.00, real=0.01 secs] 
2014-07-09T15:43:37.929+0200: 26.750: [GC [PSYoungGen: 11213K->3969K(11264K)] 23370K->16135K(27648K), 0.0026118 secs] [Times: user=0.00 sys=0.00, real=0.00 secs] 
2014-07-09T15:43:37.978+0200: 26.800: [GC [PSYoungGen: 10092K->1888K(11264K)] 22258K->14062K(27648K), 0.0009536 secs] [Times: user=0.00 sys=0.00, real=0.00 secs] 
2014-07-09T15:43:37.982+0200: 26.803: [GC [PSYoungGen: 8009K->5090K(11264K)] 20183K->20129K(27648K), 0.0060361 secs] [Times: user=0.02 sys=0.00, real=0.01 secs] 
2014-07-09T15:43:37.988+0200: 26.809: [Full GC [PSYoungGen: 5090K->0K(11264K)] [ParOldGen: 15038K->8484K(16384K)] 20129K->8484K(27648K) [PSPermGen: 2474K->2474K(21504K)], 0.0105082 secs] [Times: user=0.00 sys=0.00, real=0.01 secs] 
2014-07-09T15:43:38.001+0200: 26.822: [GC [PSYoungGen: 6122K->5090K(11264K)] 14607K->14407K(27648K), 0.0049117 secs] [Times: user=0.03 sys=0.00, real=0.01 secs] 
2014-07-09T15:43:38.029+0200: 26.850: [GC [PSYoungGen: 11213K->3841K(11264K)] 20530K->13167K(27648K), 0.0025107 secs] [Times: user=0.00 sys=0.00, real=0.00 secs] 
2014-07-09T15:43:38.078+0200: 26.900: [GC [PSYoungGen: 9970K->736K(11264K)] 19295K->10069K(27648K), 0.0016634 secs] [Times: user=0.00 sys=0.00, real=0.00 secs] 
2014-07-09T15:43:38.084+0200: 26.906: [GC [PSYoungGen: 6857K->5090K(11264K)] 16190K->16136K(27648K), 0.0086799 secs] [Times: user=0.00 sys=0.00, real=0.01 secs] 
2014-07-09T15:43:38.098+0200: 26.920: [GC [PSYoungGen: 11213K->4770K(11264K)] 22259K->15816K(27648K), 0.0062374 secs] [Times: user=0.00 sys=0.00, real=0.01 secs] 
2014-07-09T15:43:38.129+0200: 26.950: [GC [PSYoungGen: 10893K->2689K(11264K)] 21939K->13743K(27648K), 0.0017044 secs] [Times: user=0.00 sys=0.00, real=0.00 secs] 
2014-07-09T15:43:38.178+0200: 27.000: [GC [PSYoungGen: 8812K->608K(11264K)] 19866K->11670K(27648K), 0.0016033 secs] [Times: user=0.00 sys=0.00, real=0.00 secs] 
2014-07-09T15:43:38.183+0200: 27.005: [GC [PSYoungGen: 6729K->5090K(11264K)] 17791K->17737K(27648K), 0.0088962 secs] [Times: user=0.03 sys=0.00, real=0.01 secs] 
2014-07-09T15:43:38.197+0200: 27.018: [GC [PSYoungGen: 11213K->4642K(11264K)] 23860K->17289K(27648K), 0.0039170 secs] [Times: user=0.00 sys=0.00, real=0.00 secs] 
2014-07-09T15:43:38.229+0200: 27.050: [GC [PSYoungGen: 10765K->2561K(11264K)] 23412K->15216K(27648K), 0.0016264 secs] [Times: user=0.00 sys=0.00, real=0.00 secs] 
2014-07-09T15:43:38.278+0200: 27.100: [GC [PSYoungGen: 8684K->480K(11264K)] 21339K->13143K(27648K), 0.0020949 secs] [Times: user=0.00 sys=0.00, real=0.00 secs] 
2014-07-09T15:43:38.286+0200: 27.107: [GC [PSYoungGen: 6601K->5090K(11264K)] 19264K->19210K(27648K), 0.0080999 secs] [Times: user=0.00 sys=0.00, real=0.01 secs] 
2014-07-09T15:43:38.294+0200: 27.116: [Full GC [PSYoungGen: 5090K->0K(11264K)] [ParOldGen: 14119K->7076K(16384K)] 19210K->7076K(27648K) [PSPermGen: 2474K->2474K(21504K)], 0.0241353 secs] [Times: user=0.06 sys=0.00, real=0.03 secs] 
2014-07-09T15:43:38.322+0200: 27.144: [GC [PSYoungGen: 6137K->3361K(11264K)] 13214K->10438K(27648K), 0.0028835 secs] [Times: user=0.00 sys=0.00, real=0.00 secs] 
2014-07-09T15:43:38.329+0200: 27.151: [GC [PSYoungGen: 9490K->256K(11264K)] 16566K->7340K(27648K), 0.0008370 secs] [Times: user=0.00 sys=0.00, real=0.00 secs] 
2014-07-09T15:43:38.333+0200: 27.155: [GC [PSYoungGen: 6377K->5090K(11264K)] 13461K->13407K(27648K), 0.0046484 secs] [Times: user=0.00 sys=0.00, real=0.01 secs] 
2014-07-09T15:43:38.380+0200: 27.202: [GC [PSYoungGen: 11213K->4290K(11264K)] 19530K->12607K(27648K), 0.0051485 secs] [Times: user=0.00 sys=0.00, real=0.00 secs] 
2014-07-09T15:43:38.390+0200: 27.211: [GC [PSYoungGen: 10413K->2209K(11264K)] 18730K->10534K(27648K), 0.0035764 secs] [Times: user=0.02 sys=0.00, real=0.00 secs] 
2014-07-09T15:43:38.430+0200: 27.251: [GC [PSYoungGen: 8332K->96K(11264K)] 16657K->8429K(27648K), 0.0018353 secs] [Times: user=0.00 sys=0.00, real=0.00 secs] 
2014-07-09T15:43:38.437+0200: 27.259: [GC [PSYoungGen: 6217K->5090K(11264K)] 14550K->14520K(27648K), 0.0169293 secs] [Times: user=0.02 sys=0.00, real=0.02 secs] 
2014-07-09T15:43:38.479+0200: 27.300: [GC [PSYoungGen: 11211K->4162K(11264K)] 20641K->13591K(27648K), 0.0028311 secs] [Times: user=0.00 sys=0.00, real=0.00 secs] 
2014-07-09T15:43:38.484+0200: 27.305: [GC [PSYoungGen: 10282K->2080K(11264K)] 19712K->11518K(27648K), 0.0015948 secs] [Times: user=0.00 sys=0.00, real=0.00 secs] 
2014-07-09T15:43:38.488+0200: 27.310: [GC [PSYoungGen: 8201K->5090K(11264K)] 17639K->17585K(27648K), 0.0059753 secs] [Times: user=0.00 sys=0.00, real=0.01 secs] 
2014-07-09T15:43:38.531+0200: 27.352: [GC [PSYoungGen: 11218K->5090K(11264K)] 23714K->17585K(27648K), 0.0078348 secs] [Times: user=0.03 sys=0.00, real=0.01 secs] 
2014-07-09T15:43:38.579+0200: 27.401: [GC [PSYoungGen: 11213K->3009K(11264K)] 23708K->15512K(27648K), 0.0032036 secs] [Times: user=0.03 sys=0.00, real=0.00 secs] 
2014-07-09T15:43:38.587+0200: 27.409: [GC [PSYoungGen: 9132K->928K(11264K)] 21635K->13439K(27648K), 0.0011860 secs] [Times: user=0.00 sys=0.00, real=0.00 secs] 
2014-07-09T15:43:38.592+0200: 27.413: [GC [PSYoungGen: 7049K->5090K(11264K)] 19560K->19498K(27648K), 0.0068269 secs] [Times: user=0.00 sys=0.00, real=0.01 secs] 
2014-07-09T15:43:38.599+0200: 27.420: [Full GC [PSYoungGen: 5090K->0K(11264K)] [ParOldGen: 14408K->7527K(16384K)] 19498K->7527K(27648K) [PSPermGen: 2474K->2474K(21504K)], 0.0151801 secs] [Times: user=0.03 sys=0.00, real=0.02 secs] 
2014-07-09T15:43:38.629+0200: 27.451: [GC [PSYoungGen: 6122K->4962K(11264K)] 13650K->12490K(27648K), 0.0036765 secs] [Times: user=0.00 sys=0.00, real=0.00 secs] 
2014-07-09T15:43:38.680+0200: 27.501: [GC [PSYoungGen: 11085K->2881K(11264K)] 18613K->10417K(27648K), 0.0029059 secs] [Times: user=0.00 sys=0.00, real=0.00 secs] 
2014-07-09T15:43:38.687+0200: 27.509: [GC [PSYoungGen: 9004K->800K(11264K)] 16540K->8344K(27648K), 0.0021635 secs] [Times: user=0.00 sys=0.02, real=0.00 secs] 
2014-07-09T15:43:38.694+0200: 27.516: [GC [PSYoungGen: 6921K->5090K(11264K)] 14465K->14411K(27648K), 0.0088423 secs] [Times: user=0.00 sys=0.00, real=0.01 secs] 
2014-07-09T15:43:38.729+0200: 27.551: [GC [PSYoungGen: 11213K->4834K(11264K)] 20534K->14154K(27648K), 0.0036813 secs] [Times: user=0.00 sys=0.00, real=0.00 secs] 
2014-07-09T15:43:38.780+0200: 27.601: [GC [PSYoungGen: 10957K->2753K(11264K)] 20277K->12081K(27648K), 0.0028128 secs] [Times: user=0.00 sys=0.02, real=0.00 secs] 
2014-07-09T15:43:38.787+0200: 27.609: [GC [PSYoungGen: 8876K->672K(11264K)] 18204K->10008K(27648K), 0.0018287 secs] [Times: user=0.00 sys=0.00, real=0.00 secs] 
2014-07-09T15:43:38.794+0200: 27.615: [GC [PSYoungGen: 6793K->5090K(11264K)] 16129K->16075K(27648K), 0.0066004 secs] [Times: user=0.03 sys=0.00, real=0.01 secs] 
2014-07-09T15:43:38.829+0200: 27.650: [GC [PSYoungGen: 11222K->3169K(11264K)] 22208K->14154K(27648K), 0.0018760 secs] [Times: user=0.03 sys=0.00, real=0.00 secs] 
2014-07-09T15:43:38.878+0200: 27.700: [GC [PSYoungGen: 9292K->1088K(11264K)] 20277K->12081K(27648K), 0.0010332 secs] [Times: user=0.00 sys=0.00, real=0.00 secs] 
2014-07-09T15:43:38.882+0200: 27.704: [GC [PSYoungGen: 7209K->5090K(11264K)] 18202K->18148K(27648K), 0.0057421 secs] [Times: user=0.00 sys=0.00, real=0.01 secs] 
2014-07-09T15:43:38.891+0200: 27.712: [GC [PSYoungGen: 11213K->5090K(11264K)] 24271K->18180K(27648K), 0.0038939 secs] [Times: user=0.03 sys=0.00, real=0.00 secs] 
2014-07-09T15:43:38.928+0200: 27.750: [GC [PSYoungGen: 11213K->3041K(11264K)] 24303K->16139K(27648K), 0.0015622 secs] [Times: user=0.00 sys=0.00, real=0.00 secs] 
2014-07-09T15:43:39.009+0200: 27.831: [GC [PSYoungGen: 9164K->928K(11264K)] 22262K->14034K(27648K), 0.0024905 secs] [Times: user=0.00 sys=0.00, real=0.00 secs] 
2014-07-09T15:43:39.014+0200: 27.835: [GC [PSYoungGen: 7049K->5090K(11264K)] 20155K->20133K(27648K), 0.0053568 secs] [Times: user=0.03 sys=0.00, real=0.01 secs] 
2014-07-09T15:43:39.019+0200: 27.841: [Full GC [PSYoungGen: 5090K->0K(11264K)] [ParOldGen: 15043K->7560K(16384K)] 20133K->7560K(27648K) [PSPermGen: 2474K->2474K(21504K)], 0.0224243 secs] [Times: user=0.02 sys=0.00, real=0.02 secs] 
2014-07-09T15:43:39.050+0200: 27.871: [GC [PSYoungGen: 6122K->4994K(11264K)] 13683K->12555K(27648K), 0.0035438 secs] [Times: user=0.00 sys=0.00, real=0.00 secs] 
2014-07-09T15:43:39.056+0200: 27.877: [GC [PSYoungGen: 11117K->2913K(11264K)] 18678K->10482K(27648K), 0.0024337 secs] [Times: user=0.00 sys=0.00, real=0.00 secs] 
2014-07-09T15:43:39.062+0200: 27.883: [GC [PSYoungGen: 9055K->1088K(11264K)] 16624K->8664K(27648K), 0.0010753 secs] [Times: user=0.00 sys=0.00, real=0.00 secs] 
2014-07-09T15:43:39.081+0200: 27.903: [GC [PSYoungGen: 7201K->5090K(11264K)] 14777K->12963K(27648K), 0.0074960 secs] [Times: user=0.00 sys=0.00, real=0.01 secs] 
2014-07-09T15:43:39.093+0200: 27.915: [GC [PSYoungGen: 11213K->3297K(11264K)] 19086K->11178K(27648K), 0.0046829 secs] [Times: user=0.02 sys=0.00, real=0.01 secs] 
2014-07-09T15:43:39.128+0200: 27.950: [GC [PSYoungGen: 9420K->1216K(11264K)] 17301K->9105K(27648K), 0.0011380 secs] [Times: user=0.00 sys=0.00, real=0.00 secs] 
2014-07-09T15:43:39.136+0200: 27.957: [GC [PSYoungGen: 7337K->5090K(11264K)] 15226K->15204K(27648K), 0.0117009 secs] [Times: user=0.01 sys=0.00, real=0.01 secs] 
2014-07-09T15:43:39.179+0200: 28.000: [GC [PSYoungGen: 11213K->5090K(11264K)] 21327K->15396K(27648K), 0.0040179 secs] [Times: user=0.00 sys=0.00, real=0.00 secs] 
2014-07-09T15:43:39.185+0200: 28.007: [GC [PSYoungGen: 11213K->3201K(11264K)] 21519K->13515K(27648K), 0.0024172 secs] [Times: user=0.00 sys=0.00, real=0.00 secs] 
2014-07-09T15:43:39.228+0200: 28.050: [GC [PSYoungGen: 9324K->1120K(11264K)] 19638K->11442K(27648K), 0.0018548 secs] [Times: user=0.00 sys=0.00, real=0.00 secs] 
2014-07-09T15:43:39.235+0200: 28.056: [GC [PSYoungGen: 7241K->5090K(11264K)] 17563K->17509K(27648K), 0.0097269 secs] [Times: user=0.03 sys=0.00, real=0.01 secs] 
2014-07-09T15:43:39.282+0200: 28.103: [GC [PSYoungGen: 11213K->5090K(11264K)] 23632K->17573K(27648K), 0.0067312 secs] [Times: user=0.03 sys=0.00, real=0.01 secs] 
2014-07-09T15:43:39.294+0200: 28.115: [GC [PSYoungGen: 11213K->3073K(11264K)] 23696K->15564K(27648K), 0.0046550 secs] [Times: user=0.02 sys=0.00, real=0.01 secs] 
2014-07-09T15:43:39.303+0200: 28.125: [GC [PSYoungGen: 9212K->1120K(11264K)] 21703K->13619K(27648K), 0.0020520 secs] [Times: user=0.00 sys=0.00, real=0.00 secs] 
2014-07-09T15:43:39.329+0200: 28.151: [GC [PSYoungGen: 7241K->5090K(11264K)] 19740K->17949K(27648K), 0.0043053 secs] [Times: user=0.00 sys=0.00, real=0.01 secs] 
2014-07-09T15:43:39.380+0200: 28.201: [GC [PSYoungGen: 11213K->3361K(11264K)] 24072K->16229K(27648K), 0.0034353 secs] [Times: user=0.00 sys=0.00, real=0.00 secs] 
2014-07-09T15:43:39.388+0200: 28.209: [GC [PSYoungGen: 9484K->1280K(11264K)] 22352K->14156K(27648K), 0.0024348 secs] [Times: user=0.00 sys=0.00, real=0.00 secs] 
2014-07-09T15:43:39.395+0200: 28.217: [GC [PSYoungGen: 7401K->5090K(11264K)] 20276K->20222K(27648K), 0.0091491 secs] [Times: user=0.00 sys=0.00, real=0.01 secs] 
2014-07-09T15:43:39.405+0200: 28.226: [Full GC [PSYoungGen: 5090K->0K(11264K)] [ParOldGen: 15132K->7884K(16384K)] 20222K->7884K(27648K) [PSPermGen: 2474K->2474K(21504K)], 0.0236312 secs] [Times: user=0.06 sys=0.00, real=0.02 secs] 
2014-07-09T15:43:39.431+0200: 28.252: [GC [PSYoungGen: 6122K->5090K(11264K)] 14007K->13199K(27648K), 0.0043320 secs] [Times: user=0.00 sys=0.00, real=0.00 secs] 
2014-07-09T15:43:39.479+0200: 28.300: [GC [PSYoungGen: 11213K->3233K(11264K)] 19322K->11350K(27648K), 0.0018962 secs] [Times: user=0.00 sys=0.00, real=0.00 secs] 
2014-07-09T15:43:39.483+0200: 28.305: [GC [PSYoungGen: 9356K->1152K(11264K)] 17473K->9277K(27648K), 0.0011644 secs] [Times: user=0.00 sys=0.00, real=0.00 secs] 
2014-07-09T15:43:39.487+0200: 28.309: [GC [PSYoungGen: 7273K->5090K(11264K)] 15398K->15344K(27648K), 0.0053714 secs] [Times: user=0.00 sys=0.00, real=0.01 secs] 
2014-07-09T15:43:39.530+0200: 28.351: [GC [PSYoungGen: 11213K->5090K(11264K)] 21467K->15408K(27648K), 0.0111531 secs] [Times: user=0.02 sys=0.00, real=0.01 secs] 
2014-07-09T15:43:39.578+0200: 28.400: [GC [PSYoungGen: 11216K->2080K(11264K)] 21534K->12406K(27648K), 0.0010288 secs] [Times: user=0.03 sys=0.00, real=0.00 secs] 
2014-07-09T15:43:39.582+0200: 28.403: [GC [PSYoungGen: 8201K->5090K(11264K)] 18527K->18473K(27648K), 0.0060042 secs] [Times: user=0.00 sys=0.00, real=0.01 secs] 
2014-07-09T15:43:39.588+0200: 28.409: [Full GC [PSYoungGen: 5090K->0K(11264K)] [ParOldGen: 13383K->8685K(16384K)] 18473K->8685K(27648K) [PSPermGen: 2474K->2474K(21504K)], 0.0102219 secs] [Times: user=0.03 sys=0.00, real=0.01 secs] 
2014-07-09T15:43:39.601+0200: 28.422: [GC [PSYoungGen: 6122K->5090K(11264K)] 14808K->14800K(27648K), 0.0046466 secs] [Times: user=0.00 sys=0.00, real=0.00 secs] 
2014-07-09T15:43:39.629+0200: 28.450: [GC [PSYoungGen: 11213K->4033K(11264K)] 20923K->13752K(27648K), 0.0028179 secs] [Times: user=0.00 sys=0.00, real=0.00 secs] 
2014-07-09T15:43:39.679+0200: 28.501: [GC [PSYoungGen: 10156K->1952K(11264K)] 19875K->11679K(27648K), 0.0023728 secs] [Times: user=0.00 sys=0.00, real=0.00 secs] 
2014-07-09T15:43:39.686+0200: 28.507: [GC [PSYoungGen: 8073K->5090K(11264K)] 17799K->17745K(27648K), 0.0102736 secs] [Times: user=0.03 sys=0.00, real=0.01 secs] 
2014-07-09T15:43:39.699+0200: 28.520: [GC [PSYoungGen: 11213K->5090K(11264K)] 23868K->18642K(27648K), 0.0049542 secs] [Times: user=0.02 sys=0.00, real=0.01 secs] 
2014-07-09T15:43:39.704+0200: 28.525: [Full GC [PSYoungGen: 5090K->0K(11264K)] [ParOldGen: 13551K->6289K(16384K)] 18642K->6289K(27648K) [PSPermGen: 2474K->2474K(21504K)], 0.0136546 secs] [Times: user=0.00 sys=0.00, real=0.01 secs] 
2014-07-09T15:43:39.729+0200: 28.550: [GC [PSYoungGen: 6122K->3905K(11264K)] 12412K->10195K(27648K), 0.0023618 secs] [Times: user=0.00 sys=0.00, real=0.00 secs] 
2014-07-09T15:43:39.778+0200: 28.600: [GC [PSYoungGen: 10028K->1792K(11264K)] 16318K->8090K(27648K), 0.0012836 secs] [Times: user=0.00 sys=0.00, real=0.00 secs] 
2014-07-09T15:43:39.782+0200: 28.603: [GC [PSYoungGen: 7913K->5090K(11264K)] 14211K->14189K(27648K), 0.0057212 secs] [Times: user=0.00 sys=0.00, real=0.01 secs] 
2014-07-09T15:43:39.790+0200: 28.611: [GC [PSYoungGen: 11228K->3809K(11264K)] 20327K->12908K(27648K), 0.0029323 secs] [Times: user=0.00 sys=0.00, real=0.00 secs] 
2014-07-09T15:43:39.828+0200: 28.650: [GC [PSYoungGen: 9932K->1728K(11264K)] 19031K->10835K(27648K), 0.0010603 secs] [Times: user=0.03 sys=0.00, real=0.00 secs] 
2014-07-09T15:43:39.831+0200: 28.653: [GC [PSYoungGen: 7849K->5090K(11264K)] 16956K->16902K(27648K), 0.0058253 secs] [Times: user=0.00 sys=0.00, real=0.01 secs] 
2014-07-09T15:43:39.880+0200: 28.701: [GC [PSYoungGen: 11213K->5090K(11264K)] 23025K->17574K(27648K), 0.0044222 secs] [Times: user=0.00 sys=0.00, real=0.00 secs] 
2014-07-09T15:43:39.887+0200: 28.708: [GC [PSYoungGen: 11213K->3681K(11264K)] 23697K->16174K(27648K), 0.0032391 secs] [Times: user=0.00 sys=0.00, real=0.00 secs] 
2014-07-09T15:43:39.928+0200: 28.750: [GC [PSYoungGen: 9804K->1600K(11264K)] 22297K->14101K(27648K), 0.0008759 secs] [Times: user=0.00 sys=0.00, real=0.00 secs] 
2014-07-09T15:43:39.932+0200: 28.753: [GC [PSYoungGen: 7721K->5090K(11264K)] 20222K->20168K(27648K), 0.0056827 secs] [Times: user=0.00 sys=0.00, real=0.01 secs] 
2014-07-09T15:43:39.937+0200: 28.759: [Full GC [PSYoungGen: 5090K->0K(11264K)] [ParOldGen: 15077K->8173K(16384K)] 20168K->8173K(27648K) [PSPermGen: 2474K->2474K(21504K)], 0.0100041 secs] [Times: user=0.02 sys=0.00, real=0.01 secs] 
2014-07-09T15:43:39.979+0200: 28.801: [GC [PSYoungGen: 6122K->5090K(11264K)] 14296K->13808K(27648K), 0.0042001 secs] [Times: user=0.00 sys=0.00, real=0.00 secs] 
2014-07-09T15:43:39.986+0200: 28.808: [GC [PSYoungGen: 11213K->3553K(11264K)] 19931K->12279K(27648K), 0.0027574 secs] [Times: user=0.00 sys=0.00, real=0.00 secs] 
2014-07-09T15:43:40.029+0200: 28.850: [GC [PSYoungGen: 9676K->1472K(11264K)] 18402K->10206K(27648K), 0.0020428 secs] [Times: user=0.02 sys=0.00, real=0.00 secs] 
2014-07-09T15:43:40.035+0200: 28.857: [GC [PSYoungGen: 7593K->5090K(11264K)] 16327K->16273K(27648K), 0.0095081 secs] [Times: user=0.00 sys=0.00, real=0.01 secs] 
2014-07-09T15:43:40.084+0200: 28.905: [GC [PSYoungGen: 11218K->4450K(11264K)] 22402K->15633K(27648K), 0.0041707 secs] [Times: user=0.00 sys=0.00, real=0.00 secs] 
2014-07-09T15:43:40.093+0200: 28.914: [GC [PSYoungGen: 10573K->2369K(11264K)] 21756K->13560K(27648K), 0.0076339 secs] [Times: user=0.01 sys=0.00, real=0.01 secs] 
2014-07-09T15:43:40.128+0200: 28.949: [GC [PSYoungGen: 8492K->320K(11264K)] 19683K->11519K(27648K), 0.0005408 secs] [Times: user=0.00 sys=0.00, real=0.00 secs] 
2014-07-09T15:43:40.130+0200: 28.952: [GC [PSYoungGen: 6441K->5090K(11264K)] 17640K->17586K(27648K), 0.0050154 secs] [Times: user=0.00 sys=0.00, real=0.00 secs] 
2014-07-09T15:43:40.180+0200: 29.002: [GC [PSYoungGen: 11213K->4354K(11264K)] 23709K->16850K(27648K), 0.0054796 secs] [Times: user=0.00 sys=0.00, real=0.01 secs] 
2014-07-09T15:43:40.191+0200: 29.012: [GC [PSYoungGen: 10477K->2273K(11264K)] 22973K->14777K(27648K), 0.0031614 secs] [Times: user=0.00 sys=0.00, real=0.00 secs] 
2014-07-09T15:43:40.228+0200: 29.050: [GC [PSYoungGen: 8396K->192K(11264K)] 20900K->12704K(27648K), 0.0014966 secs] [Times: user=0.00 sys=0.00, real=0.00 secs] 
2014-07-09T15:43:40.233+0200: 29.055: [GC [PSYoungGen: 6313K->5090K(11264K)] 18825K->18771K(27648K), 0.0085790 secs] [Times: user=0.03 sys=0.00, real=0.01 secs] 
2014-07-09T15:43:40.242+0200: 29.064: [Full GC [PSYoungGen: 5090K->0K(11264K)] [ParOldGen: 13680K->6610K(16384K)] 18771K->6610K(27648K) [PSPermGen: 2474K->2474K(21504K)], 0.0252634 secs] [Times: user=0.05 sys=0.00, real=0.02 secs] 
2014-07-09T15:43:40.280+0200: 29.101: [GC [PSYoungGen: 6122K->4226K(11264K)] 12733K->10836K(27648K), 0.0034323 secs] [Times: user=0.03 sys=0.00, real=0.00 secs] 
2014-07-09T15:43:40.287+0200: 29.108: [GC [PSYoungGen: 10349K->2113K(11264K)] 16959K->8731K(27648K), 0.0044050 secs] [Times: user=0.00 sys=0.00, real=0.00 secs] 
2014-07-09T15:43:40.295+0200: 29.116: [GC [PSYoungGen: 8256K->32K(11264K)] 14874K->6658K(27648K), 0.0068126 secs] [Times: user=0.02 sys=0.00, real=0.01 secs] 
2014-07-09T15:43:40.329+0200: 29.151: [GC [PSYoungGen: 6150K->4514K(11264K)] 12776K->11148K(27648K), 0.0034606 secs] [Times: user=0.00 sys=0.00, real=0.00 secs] 
2014-07-09T15:43:40.380+0200: 29.202: [GC [PSYoungGen: 10637K->2401K(11264K)] 17271K->9043K(27648K), 0.0033455 secs] [Times: user=0.00 sys=0.00, real=0.00 secs] 
2014-07-09T15:43:40.388+0200: 29.210: [GC [PSYoungGen: 8524K->320K(11264K)] 15166K->6970K(27648K), 0.0015585 secs] [Times: user=0.01 sys=0.00, real=0.00 secs] 
2014-07-09T15:43:40.392+0200: 29.213: [GC [PSYoungGen: 6441K->5090K(11264K)] 13091K->13069K(27648K), 0.0055192 secs] [Times: user=0.00 sys=0.00, real=0.01 secs] 
2014-07-09T15:43:40.429+0200: 29.251: [GC [PSYoungGen: 11213K->4386K(11264K)] 19192K->12365K(27648K), 0.0033007 secs] [Times: user=0.00 sys=0.00, real=0.00 secs] 
2014-07-09T15:43:40.478+0200: 29.300: [GC [PSYoungGen: 10509K->2305K(11264K)] 18488K->10292K(27648K), 0.0013976 secs] [Times: user=0.00 sys=0.00, real=0.00 secs] 
2014-07-09T15:43:40.482+0200: 29.304: [GC [PSYoungGen: 8428K->224K(11264K)] 16415K->8219K(27648K), 0.0007039 secs] [Times: user=0.00 sys=0.00, real=0.00 secs] 
2014-07-09T15:43:40.486+0200: 29.307: [GC [PSYoungGen: 6345K->5090K(11264K)] 14340K->14286K(27648K), 0.0047555 secs] [Times: user=0.00 sys=0.00, real=0.00 secs] 
2014-07-09T15:43:40.529+0200: 29.350: [GC [PSYoungGen: 11213K->4258K(11264K)] 20409K->13453K(27648K), 0.0030855 secs] [Times: user=0.03 sys=0.00, real=0.00 secs] 
2014-07-09T15:43:40.579+0200: 29.401: [GC [PSYoungGen: 10390K->640K(11264K)] 19586K->9844K(27648K), 0.0015457 secs] [Times: user=0.00 sys=0.00, real=0.00 secs] 
2014-07-09T15:43:40.586+0200: 29.407: [GC [PSYoungGen: 6761K->5090K(11264K)] 15965K->15911K(27648K), 0.0083723 secs] [Times: user=0.02 sys=0.00, real=0.01 secs] 
2014-07-09T15:43:40.598+0200: 29.419: [GC [PSYoungGen: 11213K->4674K(11264K)] 22034K->15494K(27648K), 0.0036714 secs] [Times: user=0.00 sys=0.00, real=0.00 secs] 
2014-07-09T15:43:40.629+0200: 29.450: [GC [PSYoungGen: 10797K->2561K(11264K)] 21617K->13389K(27648K), 0.0035995 secs] [Times: user=0.00 sys=0.00, real=0.00 secs] 
2014-07-09T15:43:40.678+0200: 29.499: [GC [PSYoungGen: 8684K->512K(11264K)] 19512K->11348K(27648K), 0.0005826 secs] [Times: user=0.00 sys=0.00, real=0.00 secs] 
2014-07-09T15:43:40.680+0200: 29.502: [GC [PSYoungGen: 6633K->5090K(11264K)] 17469K->17415K(27648K), 0.0049322 secs] [Times: user=0.00 sys=0.00, real=0.00 secs] 
2014-07-09T15:43:40.687+0200: 29.509: [GC [PSYoungGen: 11213K->4546K(11264K)] 23538K->16871K(27648K), 0.0036996 secs] [Times: user=0.00 sys=0.00, real=0.00 secs] 
2014-07-09T15:43:40.729+0200: 29.550: [GC [PSYoungGen: 10669K->2465K(11264K)] 22994K->14798K(27648K), 0.0013657 secs] [Times: user=0.00 sys=0.00, real=0.00 secs] 
2014-07-09T15:43:40.778+0200: 29.600: [GC [PSYoungGen: 8588K->384K(11264K)] 20921K->12725K(27648K), 0.0015486 secs] [Times: user=0.02 sys=0.00, real=0.00 secs] 
2014-07-09T15:43:40.784+0200: 29.606: [GC [PSYoungGen: 6505K->5090K(11264K)] 18846K->18792K(27648K), 0.0084353 secs] [Times: user=0.00 sys=0.00, real=0.01 secs] 
2014-07-09T15:43:40.800+0200: 29.621: [GC [PSYoungGen: 11217K->3905K(11264K)] 24919K->17607K(27648K), 0.0049894 secs] [Times: user=0.00 sys=0.00, real=0.01 secs] 
2014-07-09T15:43:40.828+0200: 29.650: [GC [PSYoungGen: 10034K->800K(11264K)] 23736K->14510K(27648K), 0.0008168 secs] [Times: user=0.00 sys=0.00, real=0.00 secs] 
2014-07-09T15:43:40.831+0200: 29.653: [GC [PSYoungGen: 6921K->5090K(11264K)] 20631K->20577K(27648K), 0.0053560 secs] [Times: user=0.00 sys=0.00, real=0.00 secs] 
2014-07-09T15:43:40.837+0200: 29.658: [Full GC [PSYoungGen: 5090K->0K(11264K)] [ParOldGen: 15486K->7385K(16384K)] 20577K->7385K(27648K) [PSPermGen: 2474K->2474K(21504K)], 0.0106684 secs] [Times: user=0.01 sys=0.00, real=0.01 secs] 
2014-07-09T15:43:40.882+0200: 29.703: [GC [PSYoungGen: 6122K->4834K(11264K)] 13508K->12219K(27648K), 0.0035038 secs] [Times: user=0.00 sys=0.00, real=0.00 secs] 
2014-07-09T15:43:40.889+0200: 29.710: [GC [PSYoungGen: 10957K->2753K(11264K)] 18342K->10146K(27648K), 0.0024139 secs] [Times: user=0.00 sys=0.00, real=0.00 secs] 
2014-07-09T15:43:40.928+0200: 29.750: [GC [PSYoungGen: 8876K->640K(11264K)] 16269K->8041K(27648K), 0.0022075 secs] [Times: user=0.00 sys=0.00, real=0.00 secs] 
2014-07-09T15:43:40.935+0200: 29.756: [GC [PSYoungGen: 6761K->5090K(11264K)] 14162K->14140K(27648K), 0.0088023 secs] [Times: user=0.03 sys=0.00, real=0.01 secs] 
2014-07-09T15:43:40.980+0200: 29.802: [GC [PSYoungGen: 11213K->4706K(11264K)] 20263K->13756K(27648K), 0.0058792 secs] [Times: user=0.03 sys=0.00, real=0.01 secs] 
2014-07-09T15:43:40.991+0200: 29.813: [GC [PSYoungGen: 10829K->2625K(11264K)] 19879K->11683K(27648K), 0.0036648 secs] [Times: user=0.00 sys=0.00, real=0.00 secs] 
2014-07-09T15:43:41.028+0200: 29.850: [GC [PSYoungGen: 8764K->672K(11264K)] 17823K->9738K(27648K), 0.0009221 secs] [Times: user=0.00 sys=0.00, real=0.00 secs] 
2014-07-09T15:43:41.031+0200: 29.853: [GC [PSYoungGen: 6813K->5090K(11264K)] 15879K->14740K(27648K), 0.0049733 secs] [Times: user=0.00 sys=0.00, real=0.01 secs] 
2014-07-09T15:43:41.079+0200: 29.900: [GC [PSYoungGen: 11213K->3585K(11264K)] 20863K->13244K(27648K), 0.0029429 secs] [Times: user=0.00 sys=0.00, real=0.00 secs] 
2014-07-09T15:43:41.084+0200: 29.906: [GC [PSYoungGen: 9708K->1504K(11264K)] 19367K->11171K(27648K), 0.0015468 secs] [Times: user=0.00 sys=0.00, real=0.00 secs] 
2014-07-09T15:43:41.089+0200: 29.910: [GC [PSYoungGen: 7625K->5090K(11264K)] 17292K->17238K(27648K), 0.0062620 secs] [Times: user=0.03 sys=0.00, real=0.01 secs] 
2014-07-09T15:43:41.133+0200: 29.955: [GC [PSYoungGen: 11213K->5090K(11264K)] 23361K->17654K(27648K), 0.0649635 secs] [Times: user=0.03 sys=0.00, real=0.07 secs] 
2014-07-09T15:43:41.202+0200: 30.023: [GC [PSYoungGen: 11213K->3457K(11264K)] 23777K->16029K(27648K), 0.0043423 secs] [Times: user=0.00 sys=0.00, real=0.00 secs] 
2014-07-09T15:43:41.209+0200: 30.031: [GC [PSYoungGen: 9580K->1376K(11264K)] 22152K->13956K(27648K), 0.0012861 secs] [Times: user=0.00 sys=0.00, real=0.00 secs] 
2014-07-09T15:43:41.213+0200: 30.035: [GC [PSYoungGen: 7497K->5090K(11264K)] 20077K->20023K(27648K), 0.0055991 secs] [Times: user=0.03 sys=0.00, real=0.01 secs] 
2014-07-09T15:43:41.219+0200: 30.041: [Full GC [PSYoungGen: 5090K->0K(11264K)] [ParOldGen: 14932K->7965K(16384K)] 20023K->7965K(27648K) [PSPermGen: 2474K->2474K(21504K)], 0.0106677 secs] [Times: user=0.00 sys=0.00, real=0.01 secs] 
2014-07-09T15:43:41.233+0200: 30.054: [GC [PSYoungGen: 6122K->5090K(11264K)] 14088K->13375K(27648K), 0.0043049 secs] [Times: user=0.00 sys=0.00, real=0.00 secs] 
2014-07-09T15:43:41.279+0200: 30.100: [GC [PSYoungGen: 11213K->3329K(11264K)] 19498K->11623K(27648K), 0.0024234 secs] [Times: user=0.00 sys=0.00, real=0.00 secs] 
2014-07-09T15:43:41.284+0200: 30.106: [GC [PSYoungGen: 9452K->1248K(11264K)] 17746K->9550K(27648K), 0.0011321 secs] [Times: user=0.00 sys=0.00, real=0.00 secs] 
2014-07-09T15:43:41.288+0200: 30.109: [GC [PSYoungGen: 7369K->5090K(11264K)] 15671K->15617K(27648K), 0.0055973 secs] [Times: user=0.00 sys=0.00, real=0.00 secs] 
2014-07-09T15:43:41.328+0200: 30.150: [GC [PSYoungGen: 11233K->3105K(11264K)] 21759K->13632K(27648K), 0.0016139 secs] [Times: user=0.00 sys=0.00, real=0.00 secs] 
2014-07-09T15:43:41.378+0200: 30.200: [GC [PSYoungGen: 9228K->1024K(11264K)] 19755K->11559K(27648K), 0.0017437 secs] [Times: user=0.00 sys=0.00, real=0.00 secs] 
2014-07-09T15:43:41.384+0200: 30.206: [GC [PSYoungGen: 7145K->5090K(11264K)] 17680K->17626K(27648K), 0.0090678 secs] [Times: user=0.03 sys=0.00, real=0.01 secs] 
2014-07-09T15:43:41.398+0200: 30.219: [GC [PSYoungGen: 11213K->5058K(11264K)] 23749K->17593K(27648K), 0.0069718 secs] [Times: user=0.03 sys=0.00, real=0.01 secs] 
2014-07-09T15:43:41.429+0200: 30.250: [GC [PSYoungGen: 11181K->2977K(11264K)] 23716K->15520K(27648K), 0.0060952 secs] [Times: user=0.01 sys=0.00, real=0.01 secs] 
2014-07-09T15:43:41.478+0200: 30.300: [GC [PSYoungGen: 9100K->896K(11264K)] 21643K->13447K(27648K), 0.0017855 secs] [Times: user=0.00 sys=0.00, real=0.00 secs] 
2014-07-09T15:43:41.484+0200: 30.306: [GC [PSYoungGen: 7017K->5090K(11264K)] 19568K->19514K(27648K), 0.0090590 secs] [Times: user=0.00 sys=0.00, real=0.01 secs] 
2014-07-09T15:43:41.494+0200: 30.316: [Full GC [PSYoungGen: 5090K->0K(11264K)] [ParOldGen: 14424K->7488K(16384K)] 19514K->7488K(27648K) [PSPermGen: 2474K->2474K(21504K)], 0.0159772 secs] [Times: user=0.03 sys=0.00, real=0.02 secs] 
2014-07-09T15:43:41.515+0200: 30.336: [GC [PSYoungGen: 6122K->4898K(11264K)] 13611K->12386K(27648K), 0.0109016 secs] [Times: user=0.00 sys=0.00, real=0.01 secs] 
2014-07-09T15:43:41.529+0200: 30.351: [GC [PSYoungGen: 11021K->2849K(11264K)] 18509K->10345K(27648K), 0.0018940 secs] [Times: user=0.00 sys=0.00, real=0.00 secs] 
2014-07-09T15:43:41.533+0200: 30.355: [GC [PSYoungGen: 8991K->992K(11264K)] 16487K->8496K(27648K), 0.0010200 secs] [Times: user=0.00 sys=0.00, real=0.00 secs] 
2014-07-09T15:43:41.580+0200: 30.402: [GC [PSYoungGen: 7131K->5090K(11264K)] 14635K->13371K(27648K), 0.0049117 secs] [Times: user=0.00 sys=0.00, real=0.01 secs] 
2014-07-09T15:43:41.588+0200: 30.409: [GC [PSYoungGen: 11213K->3809K(11264K)] 19494K->12098K(27648K), 0.0025561 secs] [Times: user=0.00 sys=0.00, real=0.00 secs] 
2014-07-09T15:43:41.628+0200: 30.450: [GC [PSYoungGen: 9932K->1728K(11264K)] 18221K->10025K(27648K), 0.0009562 secs] [Times: user=0.00 sys=0.00, real=0.00 secs] 
2014-07-09T15:43:41.632+0200: 30.453: [GC [PSYoungGen: 7849K->5090K(11264K)] 16146K->16092K(27648K), 0.0058348 secs] [Times: user=0.00 sys=0.00, real=0.01 secs] 
2014-07-09T15:43:41.681+0200: 30.502: [GC [PSYoungGen: 11213K->5090K(11264K)] 22215K->16764K(27648K), 0.0074139 secs] [Times: user=0.03 sys=0.00, real=0.01 secs] 
2014-07-09T15:43:41.693+0200: 30.515: [GC [PSYoungGen: 11213K->3681K(11264K)] 22887K->15364K(27648K), 0.0051812 secs] [Times: user=0.00 sys=0.00, real=0.01 secs] 
2014-07-09T15:43:41.728+0200: 30.550: [GC [PSYoungGen: 9804K->1568K(11264K)] 21487K->13259K(27648K), 0.0027688 secs] [Times: user=0.00 sys=0.00, real=0.00 secs] 
2014-07-09T15:43:41.734+0200: 30.555: [GC [PSYoungGen: 7689K->5090K(11264K)] 19380K->19358K(27648K), 0.0054620 secs] [Times: user=0.00 sys=0.00, real=0.01 secs] 
2014-07-09T15:43:41.739+0200: 30.561: [Full GC [PSYoungGen: 5090K->0K(11264K)] [ParOldGen: 14267K->8193K(16384K)] 19358K->8193K(27648K) [PSPermGen: 2474K->2474K(21504K)], 0.0110109 secs] [Times: user=0.02 sys=0.00, real=0.01 secs] 
2014-07-09T15:43:41.779+0200: 30.601: [GC [PSYoungGen: 6122K->5090K(11264K)] 14316K->13828K(27648K), 0.0043328 secs] [Times: user=0.00 sys=0.00, real=0.00 secs] 
2014-07-09T15:43:41.786+0200: 30.608: [GC [PSYoungGen: 11222K->2016K(11264K)] 19960K->10762K(27648K), 0.0015035 secs] [Times: user=0.00 sys=0.00, real=0.00 secs] 
2014-07-09T15:43:41.790+0200: 30.612: [GC [PSYoungGen: 8137K->5090K(11264K)] 16883K->16829K(27648K), 0.0060416 secs] [Times: user=0.03 sys=0.00, real=0.01 secs] 
2014-07-09T15:43:41.831+0200: 30.653: [GC [PSYoungGen: 11213K->5090K(11264K)] 22952K->17789K(27648K), 0.0077791 secs] [Times: user=0.00 sys=0.00, real=0.01 secs] 
2014-07-09T15:43:41.879+0200: 30.701: [GC [PSYoungGen: 11213K->3969K(11264K)] 23912K->16677K(27648K), 0.0032798 secs] [Times: user=0.00 sys=0.00, real=0.00 secs] 
2014-07-09T15:43:41.886+0200: 30.707: [GC [PSYoungGen: 10092K->1888K(11264K)] 22800K->14604K(27648K), 0.0016535 secs] [Times: user=0.00 sys=0.00, real=0.00 secs] 
2014-07-09T15:43:41.891+0200: 30.712: [GC [PSYoungGen: 8009K->5090K(11264K)] 20725K->20671K(27648K), 0.0057956 secs] [Times: user=0.00 sys=0.00, real=0.01 secs] 
2014-07-09T15:43:41.897+0200: 30.718: [Full GC [PSYoungGen: 5090K->0K(11264K)] [ParOldGen: 15580K->8482K(16384K)] 20671K->8482K(27648K) [PSPermGen: 2474K->2474K(21504K)], 0.0112151 secs] [Times: user=0.03 sys=0.00, real=0.01 secs] 
2014-07-09T15:43:41.933+0200: 30.755: [GC [PSYoungGen: 6122K->5090K(11264K)] 14605K->14405K(27648K), 0.0049186 secs] [Times: user=0.01 sys=0.00, real=0.00 secs] 
2014-07-09T15:43:41.981+0200: 30.803: [GC [PSYoungGen: 11213K->3809K(11264K)] 20528K->13132K(27648K), 0.0081754 secs] [Times: user=0.00 sys=0.00, real=0.01 secs] 
2014-07-09T15:43:41.995+0200: 30.816: [GC [PSYoungGen: 9932K->1760K(11264K)] 19255K->11091K(27648K), 0.0020153 secs] [Times: user=0.02 sys=0.00, real=0.00 secs] 
2014-07-09T15:43:42.001+0200: 30.823: [GC [PSYoungGen: 7881K->5090K(11264K)] 17212K->17158K(27648K), 0.0059881 secs] [Times: user=0.00 sys=0.00, real=0.01 secs] 
2014-07-09T15:43:42.034+0200: 30.855: [GC [PSYoungGen: 11213K->5090K(11264K)] 23281K->17863K(27648K), 0.0050165 secs] [Times: user=0.00 sys=0.00, real=0.01 secs] 
2014-07-09T15:43:42.087+0200: 30.908: [GC [PSYoungGen: 11224K->2145K(11264K)] 23997K->14925K(27648K), 0.0040321 secs] [Times: user=0.01 sys=0.00, real=0.00 secs] 
2014-07-09T15:43:42.096+0200: 30.917: [GC [PSYoungGen: 8268K->64K(11264K)] 21048K->12852K(27648K), 0.0011640 secs] [Times: user=0.00 sys=0.00, real=0.00 secs] 
2014-07-09T15:43:42.101+0200: 30.923: [GC [PSYoungGen: 6185K->5090K(11264K)] 18973K->18951K(27648K), 0.0060735 secs] [Times: user=0.02 sys=0.00, real=0.01 secs] 
2014-07-09T15:43:42.108+0200: 30.929: [Full GC [PSYoungGen: 5090K->0K(11264K)] [ParOldGen: 13861K->6519K(16384K)] 18951K->6519K(27648K) [PSPermGen: 2474K->2474K(21504K)], 0.0099660 secs] [Times: user=0.00 sys=0.00, real=0.01 secs] 
2014-07-09T15:43:42.129+0200: 30.951: [GC [PSYoungGen: 6120K->4129K(11264K)] 12640K->10649K(27648K), 0.0028828 secs] [Times: user=0.00 sys=0.00, real=0.00 secs] 
2014-07-09T15:43:42.178+0200: 31.000: [GC [PSYoungGen: 10250K->2048K(11264K)] 16770K->8576K(27648K), 0.0011134 secs] [Times: user=0.00 sys=0.00, real=0.00 secs] 
2014-07-09T15:43:42.182+0200: 31.003: [GC [PSYoungGen: 8169K->5090K(11264K)] 14697K->14643K(27648K), 0.0061652 secs] [Times: user=0.03 sys=0.00, real=0.01 secs] 
2014-07-09T15:43:42.190+0200: 31.012: [GC [PSYoungGen: 11213K->5090K(11264K)] 20766K->15636K(27648K), 0.0047372 secs] [Times: user=0.00 sys=0.00, real=0.00 secs] 
2014-07-09T15:43:42.229+0200: 31.051: [GC [PSYoungGen: 11213K->4001K(11264K)] 21759K->14555K(27648K), 0.0028791 secs] [Times: user=0.03 sys=0.00, real=0.00 secs] 
2014-07-09T15:43:42.278+0200: 31.100: [GC [PSYoungGen: 10124K->1920K(11264K)] 20678K->12482K(27648K), 0.0010405 secs] [Times: user=0.00 sys=0.00, real=0.00 secs] 
2014-07-09T15:43:42.282+0200: 31.103: [GC [PSYoungGen: 8041K->5090K(11264K)] 18603K->18549K(27648K), 0.0059580 secs] [Times: user=0.00 sys=0.00, real=0.01 secs] 
2014-07-09T15:43:42.288+0200: 31.109: [Full GC [PSYoungGen: 5090K->0K(11264K)] [ParOldGen: 13459K->8489K(16384K)] 18549K->8489K(27648K) [PSPermGen: 2474K->2474K(21504K)], 0.0106039 secs] [Times: user=0.02 sys=0.00, real=0.01 secs] 
2014-07-09T15:43:42.301+0200: 31.122: [GC [PSYoungGen: 6122K->5090K(11264K)] 14612K->14444K(27648K), 0.0045047 secs] [Times: user=0.00 sys=0.00, real=0.00 secs] 
2014-07-09T15:43:42.328+0200: 31.150: [GC [PSYoungGen: 11230K->2209K(11264K)] 20584K->11570K(27648K), 0.0011274 secs] [Times: user=0.00 sys=0.00, real=0.00 secs] 
2014-07-09T15:43:42.378+0200: 31.200: [GC [PSYoungGen: 8332K->128K(11264K)] 17693K->9505K(27648K), 0.0013745 secs] [Times: user=0.00 sys=0.00, real=0.00 secs] 
2014-07-09T15:43:42.383+0200: 31.205: [GC [PSYoungGen: 6249K->5090K(11264K)] 15626K->15572K(27648K), 0.0083213 secs] [Times: user=0.03 sys=0.00, real=0.01 secs] 
2014-07-09T15:43:42.396+0200: 31.218: [GC [PSYoungGen: 11211K->4162K(11264K)] 21693K->14644K(27648K), 0.0055349 secs] [Times: user=0.00 sys=0.00, real=0.01 secs] 
2014-07-09T15:43:42.429+0200: 31.251: [GC [PSYoungGen: 10282K->2080K(11264K)] 20765K->12571K(27648K), 0.0024043 secs] [Times: user=0.00 sys=0.00, real=0.00 secs] 
2014-07-09T15:43:42.437+0200: 31.259: [GC [PSYoungGen: 8201K->5090K(11264K)] 18692K->18638K(27648K), 0.0100140 secs] [Times: user=0.00 sys=0.00, real=0.01 secs] 
2014-07-09T15:43:42.447+0200: 31.269: [Full GC [PSYoungGen: 5090K->0K(11264K)] [ParOldGen: 13547K->8656K(16384K)] 18638K->8656K(27648K) [PSPermGen: 2474K->2474K(21504K)], 0.0185626 secs] [Times: user=0.06 sys=0.00, real=0.02 secs] 
2014-07-09T15:43:42.480+0200: 31.302: [GC [PSYoungGen: 6122K->5090K(11264K)] 14779K->14771K(27648K), 0.0051093 secs] [Times: user=0.03 sys=0.00, real=0.00 secs] 
2014-07-09T15:43:42.488+0200: 31.310: [GC [PSYoungGen: 11213K->4033K(11264K)] 20894K->13722K(27648K), 0.0032410 secs] [Times: user=0.00 sys=0.00, real=0.00 secs] 
2014-07-09T15:43:42.529+0200: 31.350: [GC [PSYoungGen: 10156K->1952K(11264K)] 19845K->11649K(27648K), 0.0013814 secs] [Times: user=0.00 sys=0.00, real=0.00 secs] 
2014-07-09T15:43:42.532+0200: 31.354: [GC [PSYoungGen: 8073K->5090K(11264K)] 17770K->17716K(27648K), 0.0069347 secs] [Times: user=0.00 sys=0.00, real=0.01 secs] 
2014-07-09T15:43:42.579+0200: 31.401: [GC [PSYoungGen: 11218K->4962K(11264K)] 23845K->17588K(27648K), 0.0036762 secs] [Times: user=0.00 sys=0.00, real=0.00 secs] 
2014-07-09T15:43:42.586+0200: 31.407: [GC [PSYoungGen: 11085K->2881K(11264K)] 23711K->15515K(27648K), 0.0023845 secs] [Times: user=0.00 sys=0.00, real=0.00 secs] 
2014-07-09T15:43:42.628+0200: 31.450: [GC [PSYoungGen: 9004K->800K(11264K)] 21638K->13442K(27648K), 0.0009980 secs] [Times: user=0.00 sys=0.00, real=0.00 secs] 
2014-07-09T15:43:42.631+0200: 31.453: [GC [PSYoungGen: 6921K->5090K(11264K)] 19563K->19509K(27648K), 0.0062044 secs] [Times: user=0.03 sys=0.00, real=0.01 secs] 
2014-07-09T15:43:42.638+0200: 31.460: [Full GC [PSYoungGen: 5090K->0K(11264K)] [ParOldGen: 14419K->7382K(16384K)] 19509K->7382K(27648K) [PSPermGen: 2474K->2474K(21504K)], 0.0129404 secs] [Times: user=0.00 sys=0.00, real=0.01 secs] 
2014-07-09T15:43:42.680+0200: 31.501: [GC [PSYoungGen: 6122K->4834K(11264K)] 13505K->12216K(27648K), 0.0038210 secs] [Times: user=0.03 sys=0.00, real=0.00 secs] 
2014-07-09T15:43:42.686+0200: 31.508: [GC [PSYoungGen: 10957K->2753K(11264K)] 18339K->10143K(27648K), 0.0022723 secs] [Times: user=0.00 sys=0.00, real=0.00 secs] 
2014-07-09T15:43:42.728+0200: 31.550: [GC [PSYoungGen: 8876K->640K(11264K)] 16266K->8038K(27648K), 0.0012000 secs] [Times: user=0.00 sys=0.00, real=0.00 secs] 
2014-07-09T15:43:42.732+0200: 31.553: [GC [PSYoungGen: 6761K->5090K(11264K)] 14159K->14137K(27648K), 0.0054807 secs] [Times: user=0.00 sys=0.00, real=0.00 secs] 
2014-07-09T15:43:42.780+0200: 31.602: [GC [PSYoungGen: 11213K->4674K(11264K)] 20260K->13721K(27648K), 0.0061380 secs] [Times: user=0.00 sys=0.00, real=0.01 secs] 
2014-07-09T15:43:42.789+0200: 31.611: [GC [PSYoungGen: 10806K->1056K(11264K)] 19853K->10111K(27648K), 0.0135585 secs] [Times: user=0.02 sys=0.00, real=0.01 secs] 
2014-07-09T15:43:42.806+0200: 31.628: [GC [PSYoungGen: 7177K->5090K(11264K)] 16232K->16210K(27648K), 0.0087997 secs] [Times: user=0.00 sys=0.00, real=0.01 secs] 
2014-07-09T15:43:42.829+0200: 31.651: [GC [PSYoungGen: 11219K->4610K(11264K)] 22339K->15730K(27648K), 0.0031955 secs] [Times: user=0.00 sys=0.00, real=0.00 secs] 
2014-07-09T15:43:42.880+0200: 31.701: [GC [PSYoungGen: 10733K->2497K(11264K)] 21853K->13625K(27648K), 0.0087400 secs] [Times: user=0.01 sys=0.00, real=0.01 secs] 
2014-07-09T15:43:42.893+0200: 31.715: [GC [PSYoungGen: 8620K->416K(11264K)] 19748K->11552K(27648K), 0.0036226 secs] [Times: user=0.00 sys=0.00, real=0.00 secs] 
2014-07-09T15:43:42.899+0200: 31.721: [GC [PSYoungGen: 6537K->5090K(11264K)] 17673K->17651K(27648K), 0.0054411 secs] [Times: user=0.03 sys=0.00, real=0.01 secs] 
2014-07-09T15:43:42.929+0200: 31.751: [GC [PSYoungGen: 11213K->4482K(11264K)] 23774K->17043K(27648K), 0.0030595 secs] [Times: user=0.00 sys=0.00, real=0.00 secs] 
2014-07-09T15:43:42.980+0200: 31.801: [GC [PSYoungGen: 10605K->2369K(11264K)] 23166K->14938K(27648K), 0.0035148 secs] [Times: user=0.00 sys=0.00, real=0.00 secs] 
2014-07-09T15:43:42.989+0200: 31.811: [GC [PSYoungGen: 8492K->288K(11264K)] 21061K->12865K(27648K), 0.0014819 secs] [Times: user=0.00 sys=0.00, real=0.00 secs] 
2014-07-09T15:43:42.998+0200: 31.819: [GC [PSYoungGen: 6409K->5090K(11264K)] 18986K->18964K(27648K), 0.0060072 secs] [Times: user=0.00 sys=0.00, real=0.01 secs] 
2014-07-09T15:43:43.004+0200: 31.825: [Full GC [PSYoungGen: 5090K->0K(11264K)] [ParOldGen: 13873K->6746K(16384K)] 18964K->6746K(27648K) [PSPermGen: 2474K->2474K(21504K)], 0.0108195 secs] [Times: user=0.03 sys=0.00, real=0.01 secs] 
2014-07-09T15:43:43.030+0200: 31.851: [GC [PSYoungGen: 6126K->3329K(11264K)] 12872K->10075K(27648K), 0.0019988 secs] [Times: user=0.00 sys=0.00, real=0.00 secs] 
2014-07-09T15:43:43.078+0200: 31.900: [GC [PSYoungGen: 9452K->1216K(11264K)] 16198K->7970K(27648K), 0.0019853 secs] [Times: user=0.00 sys=0.00, real=0.00 secs] 
2014-07-09T15:43:43.082+0200: 31.904: [GC [PSYoungGen: 7337K->5090K(11264K)] 14091K->14069K(27648K), 0.0055639 secs] [Times: user=0.00 sys=0.00, real=0.01 secs] 
2014-07-09T15:43:43.090+0200: 31.912: [GC [PSYoungGen: 11213K->5090K(11264K)] 20192K->14261K(27648K), 0.0040252 secs] [Times: user=0.00 sys=0.00, real=0.00 secs] 
2014-07-09T15:43:43.129+0200: 31.950: [GC [PSYoungGen: 11213K->3201K(11264K)] 20384K->12380K(27648K), 0.0016689 secs] [Times: user=0.00 sys=0.00, real=0.00 secs] 
2014-07-09T15:43:43.179+0200: 32.000: [GC [PSYoungGen: 9324K->1120K(11264K)] 18503K->10307K(27648K), 0.0017066 secs] [Times: user=0.00 sys=0.00, real=0.00 secs] 
2014-07-09T15:43:43.185+0200: 32.007: [GC [PSYoungGen: 7241K->5090K(11264K)] 16428K->16374K(27648K), 0.0087048 secs] [Times: user=0.00 sys=0.00, real=0.01 secs] 
2014-07-09T15:43:43.199+0200: 32.020: [GC [PSYoungGen: 11213K->5090K(11264K)] 22497K->16438K(27648K), 0.0070847 secs] [Times: user=0.00 sys=0.00, real=0.01 secs] 
2014-07-09T15:43:43.229+0200: 32.051: [GC [PSYoungGen: 11213K->3073K(11264K)] 22561K->14429K(27648K), 0.0023790 secs] [Times: user=0.00 sys=0.00, real=0.00 secs] 
2014-07-09T15:43:43.279+0200: 32.101: [GC [PSYoungGen: 9196K->992K(11264K)] 20552K->12356K(27648K), 0.0017954 secs] [Times: user=0.00 sys=0.00, real=0.00 secs] 
2014-07-09T15:43:43.285+0200: 32.107: [GC [PSYoungGen: 7113K->5090K(11264K)] 18477K->18423K(27648K), 0.0098065 secs] [Times: user=0.03 sys=0.00, real=0.01 secs] 
2014-07-09T15:43:43.298+0200: 32.120: [GC [PSYoungGen: 11213K->5026K(11264K)] 24546K->18359K(27648K), 0.0042430 secs] [Times: user=0.00 sys=0.00, real=0.00 secs] 
2014-07-09T15:43:43.328+0200: 32.150: [GC [PSYoungGen: 11163K->1248K(11264K)] 24496K->14590K(27648K), 0.0012414 secs] [Times: user=0.00 sys=0.00, real=0.00 secs] 
2014-07-09T15:43:43.333+0200: 32.155: [GC [PSYoungGen: 7369K->5090K(11264K)] 20710K->20680K(27648K), 0.0228983 secs] [Times: user=0.03 sys=0.00, real=0.02 secs] 
2014-07-09T15:43:43.356+0200: 32.178: [Full GC [PSYoungGen: 5090K->0K(11264K)] [ParOldGen: 15590K->7856K(16384K)] 20680K->7856K(27648K) [PSPermGen: 2474K->2474K(21504K)], 0.0101852 secs] [Times: user=0.00 sys=0.00, real=0.01 secs] 
2014-07-09T15:43:43.380+0200: 32.201: [GC [PSYoungGen: 6122K->5090K(11264K)] 13979K->13171K(27648K), 0.0037418 secs] [Times: user=0.00 sys=0.00, real=0.00 secs] 
2014-07-09T15:43:43.386+0200: 32.207: [GC [PSYoungGen: 11213K->3233K(11264K)] 19294K->11322K(27648K), 0.0023933 secs] [Times: user=0.00 sys=0.00, real=0.00 secs] 
2014-07-09T15:43:43.429+0200: 32.251: [GC [PSYoungGen: 9356K->1152K(11264K)] 17445K->9249K(27648K), 0.0017649 secs] [Times: user=0.00 sys=0.00, real=0.00 secs] 
2014-07-09T15:43:43.435+0200: 32.257: [GC [PSYoungGen: 7273K->5090K(11264K)] 15370K->15316K(27648K), 0.0089999 secs] [Times: user=0.00 sys=0.00, real=0.01 secs] 
2014-07-09T15:43:43.481+0200: 32.303: [GC [PSYoungGen: 11213K->5090K(11264K)] 21439K->15412K(27648K), 0.0063760 secs] [Times: user=0.00 sys=0.00, real=0.01 secs] 
2014-07-09T15:43:43.492+0200: 32.314: [GC [PSYoungGen: 11213K->3105K(11264K)] 21535K->13435K(27648K), 0.0062931 secs] [Times: user=0.03 sys=0.00, real=0.01 secs] 
2014-07-09T15:43:43.528+0200: 32.350: [GC [PSYoungGen: 9228K->1024K(11264K)] 19558K->11362K(27648K), 0.0009969 secs] [Times: user=0.00 sys=0.00, real=0.00 secs] 
2014-07-09T15:43:43.531+0200: 32.353: [GC [PSYoungGen: 7145K->5090K(11264K)] 17483K->17429K(27648K), 0.0060695 secs] [Times: user=0.00 sys=0.00, real=0.01 secs] 
2014-07-09T15:43:43.580+0200: 32.402: [GC [PSYoungGen: 11222K->3521K(11264K)] 23561K->15860K(27648K), 0.0038353 secs] [Times: user=0.00 sys=0.00, real=0.00 secs] 
2014-07-09T15:43:43.590+0200: 32.412: [GC [PSYoungGen: 9644K->1440K(11264K)] 21983K->13787K(27648K), 0.0025140 secs] [Times: user=0.00 sys=0.00, real=0.00 secs] 
2014-07-09T15:43:43.598+0200: 32.420: [GC [PSYoungGen: 7561K->5090K(11264K)] 19908K->19854K(27648K), 0.0056182 secs] [Times: user=0.00 sys=0.02, real=0.01 secs] 
2014-07-09T15:43:43.604+0200: 32.425: [Full GC [PSYoungGen: 5090K->0K(11264K)] [ParOldGen: 14763K->8024K(16384K)] 19854K->8024K(27648K) [PSPermGen: 2474K->2474K(21504K)], 0.0136696 secs] [Times: user=0.00 sys=0.00, real=0.01 secs] 
2014-07-09T15:43:43.629+0200: 32.451: [GC [PSYoungGen: 6122K->5090K(11264K)] 14147K->13498K(27648K), 0.0038851 secs] [Times: user=0.00 sys=0.00, real=0.00 secs] 
2014-07-09T15:43:43.679+0200: 32.501: [GC [PSYoungGen: 11213K->3393K(11264K)] 19621K->11809K(27648K), 0.0020322 secs] [Times: user=0.00 sys=0.00, real=0.00 secs] 
2014-07-09T15:43:43.684+0200: 32.505: [GC [PSYoungGen: 9516K->1312K(11264K)] 17932K->9736K(27648K), 0.0011083 secs] [Times: user=0.00 sys=0.00, real=0.00 secs] 
2014-07-09T15:43:43.688+0200: 32.510: [GC [PSYoungGen: 7433K->5090K(11264K)] 15857K->15803K(27648K), 0.0060339 secs] [Times: user=0.00 sys=0.00, real=0.01 secs] 
2014-07-09T15:43:43.729+0200: 32.551: [GC [PSYoungGen: 11213K->5090K(11264K)] 21926K->16059K(27648K), 0.0038686 secs] [Times: user=0.00 sys=0.00, real=0.00 secs] 
2014-07-09T15:43:43.780+0200: 32.601: [GC [PSYoungGen: 11213K->3265K(11264K)] 22182K->14243K(27648K), 0.0034016 secs] [Times: user=0.00 sys=0.00, real=0.00 secs] 
2014-07-09T15:43:43.788+0200: 32.610: [GC [PSYoungGen: 9388K->1184K(11264K)] 20366K->12170K(27648K), 0.0022218 secs] [Times: user=0.00 sys=0.00, real=0.00 secs] 
2014-07-09T15:43:43.795+0200: 32.617: [GC [PSYoungGen: 7305K->5090K(11264K)] 18290K->18236K(27648K), 0.0092643 secs] [Times: user=0.00 sys=0.00, real=0.01 secs] 
2014-07-09T15:43:43.829+0200: 32.651: [GC [PSYoungGen: 11222K->3681K(11264K)] 24369K->16828K(27648K), 0.0024018 secs] [Times: user=0.00 sys=0.00, real=0.00 secs] 
2014-07-09T15:43:43.899+0200: 32.721: [GC [PSYoungGen: 9804K->1568K(11264K)] 22951K->14723K(27648K), 0.0103264 secs] [Times: user=0.00 sys=0.00, real=0.01 secs] 
2014-07-09T15:43:43.913+0200: 32.735: [GC [PSYoungGen: 7689K->5090K(11264K)] 20844K->20822K(27648K), 0.0068442 secs] [Times: user=0.02 sys=0.00, real=0.01 secs] 
2014-07-09T15:43:43.920+0200: 32.742: [Full GC [PSYoungGen: 5090K->0K(11264K)] [ParOldGen: 15731K->8188K(16384K)] 20822K->8188K(27648K) [PSPermGen: 2474K->2474K(21504K)], 0.0107000 secs] [Times: user=0.02 sys=0.00, real=0.01 secs] 
2014-07-09T15:43:43.933+0200: 32.755: [GC [PSYoungGen: 6122K->5090K(11264K)] 14311K->13823K(27648K), 0.0044508 secs] [Times: user=0.00 sys=0.00, real=0.00 secs] 
2014-07-09T15:43:43.940+0200: 32.762: [GC [PSYoungGen: 11213K->3553K(11264K)] 19946K->12294K(27648K), 0.0026632 secs] [Times: user=0.00 sys=0.00, real=0.00 secs] 
2014-07-09T15:43:43.978+0200: 32.800: [GC [PSYoungGen: 9676K->1472K(11264K)] 18417K->10221K(27648K), 0.0009529 secs] [Times: user=0.00 sys=0.00, real=0.00 secs] 
2014-07-09T15:43:43.982+0200: 32.803: [GC [PSYoungGen: 7593K->5090K(11264K)] 16342K->16288K(27648K), 0.0056831 secs] [Times: user=0.00 sys=0.00, real=0.00 secs] 
2014-07-09T15:43:43.990+0200: 32.811: [GC [PSYoungGen: 11213K->5090K(11264K)] 22411K->16704K(27648K), 0.0043958 secs] [Times: user=0.01 sys=0.00, real=0.00 secs] 
2014-07-09T15:43:44.029+0200: 32.851: [GC [PSYoungGen: 11213K->3425K(11264K)] 22827K->15047K(27648K), 0.0024711 secs] [Times: user=0.00 sys=0.00, real=0.00 secs] 
2014-07-09T15:43:44.078+0200: 32.900: [GC [PSYoungGen: 9554K->320K(11264K)] 21176K->11950K(27648K), 0.0015307 secs] [Times: user=0.00 sys=0.00, real=0.00 secs] 
2014-07-09T15:43:44.084+0200: 32.905: [GC [PSYoungGen: 6441K->5090K(11264K)] 18071K->18017K(27648K), 0.0082777 secs] [Times: user=0.03 sys=0.00, real=0.01 secs] 
2014-07-09T15:43:44.097+0200: 32.918: [GC [PSYoungGen: 11213K->4354K(11264K)] 24140K->17280K(27648K), 0.0059698 secs] [Times: user=0.01 sys=0.00, real=0.01 secs] 
2014-07-09T15:43:44.128+0200: 32.950: [GC [PSYoungGen: 10477K->2273K(11264K)] 23403K->15207K(27648K), 0.0013045 secs] [Times: user=0.00 sys=0.00, real=0.00 secs] 
2014-07-09T15:43:44.178+0200: 33.000: [GC [PSYoungGen: 8396K->192K(11264K)] 21330K->13134K(27648K), 0.0016264 secs] [Times: user=0.00 sys=0.00, real=0.00 secs] 
2014-07-09T15:43:44.184+0200: 33.005: [GC [PSYoungGen: 6313K->5090K(11264K)] 19255K->19201K(27648K), 0.0080804 secs] [Times: user=0.00 sys=0.00, real=0.01 secs] 
2014-07-09T15:43:44.192+0200: 33.014: [Full GC [PSYoungGen: 5090K->0K(11264K)] [ParOldGen: 14111K->6620K(16384K)] 19201K->6620K(27648K) [PSPermGen: 2474K->2474K(21504K)], 0.0277195 secs] [Times: user=0.06 sys=0.00, real=0.03 secs] 
2014-07-09T15:43:44.224+0200: 33.046: [GC [PSYoungGen: 6122K->4226K(11264K)] 12743K->10846K(27648K), 0.0045520 secs] [Times: user=0.02 sys=0.00, real=0.01 secs] 
2014-07-09T15:43:44.231+0200: 33.053: [GC [PSYoungGen: 10349K->2145K(11264K)] 16969K->8773K(27648K), 0.0016282 secs] [Times: user=0.00 sys=0.00, real=0.00 secs] 
2014-07-09T15:43:44.278+0200: 33.099: [GC [PSYoungGen: 8266K->64K(11264K)] 14894K->6700K(27648K), 0.0006915 secs] [Times: user=0.00 sys=0.00, real=0.00 secs] 
2014-07-09T15:43:44.281+0200: 33.102: [GC [PSYoungGen: 6184K->5090K(11264K)] 12821K->12767K(27648K), 0.0048123 secs] [Times: user=0.00 sys=0.00, real=0.00 secs] 
2014-07-09T15:43:44.288+0200: 33.110: [GC [PSYoungGen: 11211K->4097K(11264K)] 18888K->11774K(27648K), 0.0033979 secs] [Times: user=0.03 sys=0.00, real=0.00 secs] 
2014-07-09T15:43:44.294+0200: 33.116: [GC [PSYoungGen: 10239K->512K(11264K)] 17916K->8196K(27648K), 0.0008806 secs] [Times: user=0.00 sys=0.00, real=0.00 secs] 
2014-07-09T15:43:44.329+0200: 33.151: [GC [PSYoungGen: 6637K->5090K(11264K)] 14322K->13647K(27648K), 0.0046917 secs] [Times: user=0.00 sys=0.00, real=0.01 secs] 
2014-07-09T15:43:44.380+0200: 33.202: [GC [PSYoungGen: 11213K->3873K(11264K)] 19770K->12439K(27648K), 0.0047038 secs] [Times: user=0.03 sys=0.00, real=0.00 secs] 
2014-07-09T15:43:44.389+0200: 33.211: [GC [PSYoungGen: 9996K->1792K(11264K)] 18562K->10366K(27648K), 0.0026511 secs] [Times: user=0.00 sys=0.00, real=0.00 secs] 
2014-07-09T15:43:44.397+0200: 33.219: [GC [PSYoungGen: 7913K->5090K(11264K)] 16487K->16433K(27648K), 0.0097577 secs] [Times: user=0.03 sys=0.00, real=0.01 secs] 
2014-07-09T15:43:44.430+0200: 33.252: [GC [PSYoungGen: 11213K->5090K(11264K)] 22556K->17169K(27648K), 0.0099260 secs] [Times: user=0.00 sys=0.00, real=0.01 secs] 
2014-07-09T15:43:44.479+0200: 33.300: [GC [PSYoungGen: 11213K->3745K(11264K)] 23292K->15832K(27648K), 0.0027163 secs] [Times: user=0.00 sys=0.00, real=0.00 secs] 
2014-07-09T15:43:44.484+0200: 33.306: [GC [PSYoungGen: 9868K->1664K(11264K)] 21955K->13759K(27648K), 0.0018610 secs] [Times: user=0.00 sys=0.00, real=0.00 secs] 
2014-07-09T15:43:44.488+0200: 33.310: [GC [PSYoungGen: 7785K->5090K(11264K)] 19880K->19826K(27648K), 0.0057095 secs] [Times: user=0.03 sys=0.00, real=0.01 secs] 
2014-07-09T15:43:44.494+0200: 33.316: [Full GC [PSYoungGen: 5090K->0K(11264K)] [ParOldGen: 14736K->8240K(16384K)] 19826K->8240K(27648K) [PSPermGen: 2474K->2474K(21504K)], 0.0099352 secs] [Times: user=0.00 sys=0.00, real=0.01 secs] 
2014-07-09T15:43:44.529+0200: 33.351: [GC [PSYoungGen: 6122K->5090K(11264K)] 14363K->13939K(27648K), 0.0046378 secs] [Times: user=0.00 sys=0.00, real=0.00 secs] 
2014-07-09T15:43:44.578+0200: 33.400: [GC [PSYoungGen: 11218K->2593K(11264K)] 20067K->11450K(27648K), 0.0013078 secs] [Times: user=0.00 sys=0.00, real=0.00 secs] 
2014-07-09T15:43:44.582+0200: 33.404: [GC [PSYoungGen: 8716K->512K(11264K)] 17573K->9377K(27648K), 0.0007772 secs] [Times: user=0.00 sys=0.00, real=0.00 secs] 
2014-07-09T15:43:44.585+0200: 33.407: [GC [PSYoungGen: 6633K->5090K(11264K)] 15498K->15444K(27648K), 0.0095983 secs] [Times: user=0.03 sys=0.00, real=0.01 secs] 
2014-07-09T15:43:44.629+0200: 33.451: [GC [PSYoungGen: 11213K->4546K(11264K)] 21567K->14899K(27648K), 0.0031724 secs] [Times: user=0.00 sys=0.00, real=0.00 secs] 
2014-07-09T15:43:44.680+0200: 33.501: [GC [PSYoungGen: 10669K->2465K(11264K)] 21022K->12826K(27648K), 0.0026555 secs] [Times: user=0.00 sys=0.00, real=0.00 secs] 
2014-07-09T15:43:44.687+0200: 33.509: [GC [PSYoungGen: 8588K->384K(11264K)] 18949K->10753K(27648K), 0.0019285 secs] [Times: user=0.00 sys=0.00, real=0.00 secs] 
2014-07-09T15:43:44.693+0200: 33.515: [GC [PSYoungGen: 6505K->5090K(11264K)] 16874K->16820K(27648K), 0.0107898 secs] [Times: user=0.01 sys=0.00, real=0.01 secs] 
2014-07-09T15:43:44.730+0200: 33.551: [GC [PSYoungGen: 11213K->4418K(11264K)] 22943K->16148K(27648K), 0.0030646 secs] [Times: user=0.00 sys=0.00, real=0.00 secs] 
2014-07-09T15:43:44.804+0200: 33.626: [GC [PSYoungGen: 10541K->2305K(11264K)] 22271K->14043K(27648K), 0.0169513 secs] [Times: user=0.02 sys=0.00, real=0.02 secs] 
2014-07-09T15:43:44.840+0200: 33.661: [GC [PSYoungGen: 8428K->224K(11264K)] 20166K->11970K(27648K), 0.0041011 secs] [Times: user=0.00 sys=0.00, real=0.00 secs] 
2014-07-09T15:43:44.847+0200: 33.669: [GC [PSYoungGen: 6345K->5090K(11264K)] 18091K->18069K(27648K), 0.0210901 secs] [Times: user=0.03 sys=0.00, real=0.02 secs] 
2014-07-09T15:43:44.871+0200: 33.693: [GC [PSYoungGen: 11222K->2721K(11264K)] 24201K->15700K(27648K), 0.0086117 secs] [Times: user=0.00 sys=0.00, real=0.01 secs] 
2014-07-09T15:43:44.883+0200: 33.705: [GC [PSYoungGen: 8844K->672K(11264K)] 21823K->13659K(27648K), 0.0007717 secs] [Times: user=0.00 sys=0.00, real=0.00 secs] 
2014-07-09T15:43:44.886+0200: 33.708: [GC [PSYoungGen: 6793K->5090K(11264K)] 19780K->19726K(27648K), 0.0080298 secs] [Times: user=0.00 sys=0.00, real=0.01 secs] 
2014-07-09T15:43:44.895+0200: 33.717: [Full GC [PSYoungGen: 5090K->0K(11264K)] [ParOldGen: 14635K->7258K(16384K)] 19726K->7258K(27648K) [PSPermGen: 2474K->2474K(21504K)], 0.0103627 secs] [Times: user=0.03 sys=0.00, real=0.01 secs] 
2014-07-09T15:43:44.908+0200: 33.730: [GC [PSYoungGen: 6122K->4706K(11264K)] 13381K->11964K(27648K), 0.0034976 secs] [Times: user=0.00 sys=0.00, real=0.00 secs] 
2014-07-09T15:43:44.929+0200: 33.750: [GC [PSYoungGen: 10829K->2625K(11264K)] 18087K->9891K(27648K), 0.0020472 secs] [Times: user=0.03 sys=0.00, real=0.00 secs] 
2014-07-09T15:43:44.978+0200: 33.800: [GC [PSYoungGen: 8748K->544K(11264K)] 16014K->7818K(27648K), 0.0005554 secs] [Times: user=0.00 sys=0.00, real=0.00 secs] 
2014-07-09T15:43:44.981+0200: 33.803: [GC [PSYoungGen: 6665K->5090K(11264K)] 13939K->13885K(27648K), 0.0046085 secs] [Times: user=0.00 sys=0.00, real=0.01 secs] 
2014-07-09T15:43:44.989+0200: 33.810: [GC [PSYoungGen: 11213K->4578K(11264K)] 20008K->13373K(27648K), 0.0035867 secs] [Times: user=0.03 sys=0.00, real=0.00 secs] 
2014-07-09T15:43:45.028+0200: 33.850: [GC [PSYoungGen: 10701K->2497K(11264K)] 19496K->11300K(27648K), 0.0019655 secs] [Times: user=0.00 sys=0.00, real=0.00 secs] 
2014-07-09T15:43:45.033+0200: 33.854: [GC [PSYoungGen: 8636K->512K(11264K)] 17439K->9323K(27648K), 0.0007549 secs] [Times: user=0.00 sys=0.00, real=0.00 secs] 
2014-07-09T15:43:45.081+0200: 33.903: [GC [PSYoungGen: 6627K->4994K(11264K)] 15438K->13813K(27648K), 0.0067584 secs] [Times: user=0.03 sys=0.00, real=0.01 secs] 
2014-07-09T15:43:45.094+0200: 33.916: [GC [PSYoungGen: 11117K->2913K(11264K)] 19936K->11740K(27648K), 0.0035343 secs] [Times: user=0.00 sys=0.00, real=0.00 secs] 
2014-07-09T15:43:45.128+0200: 33.950: [GC [PSYoungGen: 9036K->832K(11264K)] 17863K->9667K(27648K), 0.0009833 secs] [Times: user=0.00 sys=0.00, real=0.00 secs] 
2014-07-09T15:43:45.132+0200: 33.953: [GC [PSYoungGen: 6953K->5090K(11264K)] 15788K->15734K(27648K), 0.0059115 secs] [Times: user=0.00 sys=0.00, real=0.01 secs] 
2014-07-09T15:43:45.180+0200: 34.001: [GC [PSYoungGen: 11213K->4866K(11264K)] 21857K->15510K(27648K), 0.0034543 secs] [Times: user=0.00 sys=0.00, real=0.00 secs] 
2014-07-09T15:43:45.186+0200: 34.007: [GC [PSYoungGen: 10989K->2785K(11264K)] 21633K->13437K(27648K), 0.0023270 secs] [Times: user=0.00 sys=0.00, real=0.00 secs] 
2014-07-09T15:43:45.228+0200: 34.050: [GC [PSYoungGen: 8908K->704K(11264K)] 19560K->11364K(27648K), 0.0017136 secs] [Times: user=0.00 sys=0.00, real=0.00 secs] 
2014-07-09T15:43:45.234+0200: 34.056: [GC [PSYoungGen: 6825K->5090K(11264K)] 17485K->17431K(27648K), 0.0098824 secs] [Times: user=0.03 sys=0.00, real=0.01 secs] 
2014-07-09T15:43:45.280+0200: 34.102: [GC [PSYoungGen: 11213K->4738K(11264K)] 23554K->17079K(27648K), 0.0054191 secs] [Times: user=0.00 sys=0.00, real=0.01 secs] 
2014-07-09T15:43:45.291+0200: 34.112: [GC [PSYoungGen: 10870K->2016K(11264K)] 23211K->14365K(27648K), 0.0033121 secs] [Times: user=0.00 sys=0.00, real=0.00 secs] 
2014-07-09T15:43:45.299+0200: 34.121: [GC [PSYoungGen: 8137K->5090K(11264K)] 20486K->20432K(27648K), 0.0092676 secs] [Times: user=0.03 sys=0.00, real=0.01 secs] 
2014-07-09T15:43:45.309+0200: 34.131: [Full GC [PSYoungGen: 5090K->0K(11264K)] [ParOldGen: 15342K->8608K(16384K)] 20432K->8608K(27648K) [PSPermGen: 2474K->2474K(21504K)], 0.0173121 secs] [Times: user=0.02 sys=0.00, real=0.02 secs] 
2014-07-09T15:43:45.331+0200: 34.153: [GC [PSYoungGen: 6128K->5026K(11264K)] 14736K->13634K(27648K), 0.0040182 secs] [Times: user=0.02 sys=0.00, real=0.00 secs] 
2014-07-09T15:43:45.379+0200: 34.201: [GC [PSYoungGen: 11149K->2945K(11264K)] 19757K->11561K(27648K), 0.0035269 secs] [Times: user=0.03 sys=0.00, real=0.00 secs] 
2014-07-09T15:43:45.388+0200: 34.210: [GC [PSYoungGen: 9068K->864K(11264K)] 17684K->9488K(27648K), 0.0019970 secs] [Times: user=0.00 sys=0.00, real=0.00 secs] 
2014-07-09T15:43:45.394+0200: 34.216: [GC [PSYoungGen: 6985K->5090K(11264K)] 15609K->15555K(27648K), 0.0066279 secs] [Times: user=0.03 sys=0.00, real=0.01 secs] 
2014-07-09T15:43:45.430+0200: 34.251: [GC [PSYoungGen: 11213K->4898K(11264K)] 21678K->15363K(27648K), 0.0034562 secs] [Times: user=0.00 sys=0.00, real=0.00 secs] 
2014-07-09T15:43:45.479+0200: 34.301: [GC [PSYoungGen: 11021K->2785K(11264K)] 21486K->13258K(27648K), 0.0032010 secs] [Times: user=0.00 sys=0.00, real=0.00 secs] 
2014-07-09T15:43:45.486+0200: 34.308: [GC [PSYoungGen: 8908K->704K(11264K)] 19381K->11185K(27648K), 0.0192277 secs] [Times: user=0.01 sys=0.00, real=0.02 secs] 
2014-07-09T15:43:45.508+0200: 34.330: [GC [PSYoungGen: 6825K->5090K(11264K)] 17306K->17284K(27648K), 0.0057458 secs] [Times: user=0.00 sys=0.00, real=0.01 secs] 
2014-07-09T15:43:45.529+0200: 34.351: [GC [PSYoungGen: 11216K->3713K(11264K)] 23411K->15907K(27648K), 0.0056757 secs] [Times: user=0.00 sys=0.00, real=0.01 secs] 
2014-07-09T15:43:45.579+0200: 34.400: [GC [PSYoungGen: 9836K->1664K(11264K)] 22030K->13866K(27648K), 0.0021396 secs] [Times: user=0.00 sys=0.00, real=0.00 secs] 
2014-07-09T15:43:45.585+0200: 34.407: [GC [PSYoungGen: 7785K->5090K(11264K)] 19987K->19933K(27648K), 0.0098014 secs] [Times: user=0.00 sys=0.00, real=0.01 secs] 
2014-07-09T15:43:45.595+0200: 34.417: [Full GC [PSYoungGen: 5090K->0K(11264K)] [ParOldGen: 14843K->8257K(16384K)] 19933K->8257K(27648K) [PSPermGen: 2474K->2474K(21504K)], 0.0191555 secs] [Times: user=0.03 sys=0.00, real=0.02 secs] 
2014-07-09T15:43:45.618+0200: 34.440: [GC [PSYoungGen: 6122K->5090K(11264K)] 14380K->13956K(27648K), 0.0044739 secs] [Times: user=0.00 sys=0.00, real=0.00 secs] 
2014-07-09T15:43:45.629+0200: 34.451: [GC [PSYoungGen: 11213K->3617K(11264K)] 20079K->12491K(27648K), 0.0031405 secs] [Times: user=0.02 sys=0.00, real=0.00 secs] 
2014-07-09T15:43:45.679+0200: 34.501: [GC [PSYoungGen: 9740K->1536K(11264K)] 18614K->10418K(27648K), 0.0019519 secs] [Times: user=0.00 sys=0.00, real=0.00 secs] 
2014-07-09T15:43:45.685+0200: 34.507: [GC [PSYoungGen: 7657K->5090K(11264K)] 16539K->16485K(27648K), 0.0096375 secs] [Times: user=0.03 sys=0.00, real=0.01 secs] 
2014-07-09T15:43:45.698+0200: 34.520: [GC [PSYoungGen: 11213K->5090K(11264K)] 22608K->16965K(27648K), 0.0046378 secs] [Times: user=0.00 sys=0.00, real=0.01 secs] 
2014-07-09T15:43:45.729+0200: 34.551: [GC [PSYoungGen: 11213K->3489K(11264K)] 23088K->15372K(27648K), 0.0021455 secs] [Times: user=0.00 sys=0.00, real=0.00 secs] 
2014-07-09T15:43:45.778+0200: 34.600: [GC [PSYoungGen: 9612K->1408K(11264K)] 21495K->13299K(27648K), 0.0013279 secs] [Times: user=0.00 sys=0.00, real=0.00 secs] 
2014-07-09T15:43:45.782+0200: 34.604: [GC [PSYoungGen: 7529K->5090K(11264K)] 19420K->19366K(27648K), 0.0061219 secs] [Times: user=0.02 sys=0.00, real=0.01 secs] 
2014-07-09T15:43:45.788+0200: 34.610: [Full GC [PSYoungGen: 5090K->0K(11264K)] [ParOldGen: 14276K->8001K(16384K)] 19366K->8001K(27648K) [PSPermGen: 2474K->2474K(21504K)], 0.0130170 secs] [Times: user=0.00 sys=0.00, real=0.01 secs] 
2014-07-09T15:43:45.804+0200: 34.626: [GC [PSYoungGen: 6122K->5090K(11264K)] 14124K->13443K(27648K), 0.0045040 secs] [Times: user=0.00 sys=0.00, real=0.01 secs] 
2014-07-09T15:43:45.828+0200: 34.650: [GC [PSYoungGen: 11228K->1280K(11264K)] 19581K->9642K(27648K), 0.0009598 secs] [Times: user=0.00 sys=0.00, real=0.00 secs] 
2014-07-09T15:43:45.832+0200: 34.654: [GC [PSYoungGen: 7401K->5090K(11264K)] 15762K->15732K(27648K), 0.0089827 secs] [Times: user=0.02 sys=0.00, real=0.01 secs] 
2014-07-09T15:43:45.881+0200: 34.703: [GC [PSYoungGen: 11213K->5090K(11264K)] 21855K->15957K(27648K), 0.0066282 secs] [Times: user=0.00 sys=0.00, real=0.01 secs] 
2014-07-09T15:43:45.892+0200: 34.714: [GC [PSYoungGen: 11213K->3265K(11264K)] 22080K->14140K(27648K), 0.0025510 secs] [Times: user=0.00 sys=0.00, real=0.00 secs] 
2014-07-09T15:43:45.928+0200: 34.750: [GC [PSYoungGen: 9388K->1184K(11264K)] 20263K->12067K(27648K), 0.0007538 secs] [Times: user=0.00 sys=0.00, real=0.00 secs] 
2014-07-09T15:43:45.931+0200: 34.753: [GC [PSYoungGen: 7305K->5090K(11264K)] 18188K->18134K(27648K), 0.0056193 secs] [Times: user=0.00 sys=0.00, real=0.01 secs] 
2014-07-09T15:43:45.981+0200: 34.803: [GC [PSYoungGen: 11213K->5090K(11264K)] 24257K->18262K(27648K), 0.0069080 secs] [Times: user=0.00 sys=0.00, real=0.01 secs] 
2014-07-09T15:43:45.992+0200: 34.814: [GC [PSYoungGen: 11213K->3137K(11264K)] 24385K->16317K(27648K), 0.0087345 secs] [Times: user=0.00 sys=0.00, real=0.01 secs] 
2014-07-09T15:43:46.029+0200: 34.850: [GC [PSYoungGen: 9260K->1056K(11264K)] 22440K->14244K(27648K), 0.0019842 secs] [Times: user=0.00 sys=0.00, real=0.00 secs] 
2014-07-09T15:43:46.034+0200: 34.856: [GC [PSYoungGen: 7177K->5090K(11264K)] 20365K->20311K(27648K), 0.0106134 secs] [Times: user=0.02 sys=0.00, real=0.01 secs] 
2014-07-09T15:43:46.046+0200: 34.867: [Full GC [PSYoungGen: 5090K->0K(11264K)] [ParOldGen: 15220K->7650K(16384K)] 20311K->7650K(27648K) [PSPermGen: 2474K->2474K(21504K)], 0.0273503 secs] [Times: user=0.03 sys=0.00, real=0.03 secs] 
2014-07-09T15:43:46.079+0200: 34.901: [GC [PSYoungGen: 6126K->4033K(11264K)] 13777K->11684K(27648K), 0.0055976 secs] [Times: user=0.02 sys=0.00, real=0.01 secs] 
2014-07-09T15:43:46.088+0200: 34.910: [GC [PSYoungGen: 10156K->1984K(11264K)] 17807K->9643K(27648K), 0.0015017 secs] [Times: user=0.00 sys=0.00, real=0.00 secs] 
2014-07-09T15:43:46.094+0200: 34.916: [GC [PSYoungGen: 8105K->5090K(11264K)] 15764K->15710K(27648K), 0.0059192 secs] [Times: user=0.01 sys=0.00, real=0.01 secs] 
2014-07-09T15:43:46.130+0200: 34.952: [GC [PSYoungGen: 11213K->5090K(11264K)] 21833K->16639K(27648K), 0.0044336 secs] [Times: user=0.03 sys=0.00, real=0.00 secs] 
2014-07-09T15:43:46.179+0200: 35.001: [GC [PSYoungGen: 11213K->3937K(11264K)] 22762K->15494K(27648K), 0.0026030 secs] [Times: user=0.00 sys=0.00, real=0.00 secs] 
2014-07-09T15:43:46.184+0200: 35.006: [GC [PSYoungGen: 10060K->1856K(11264K)] 21617K->13421K(27648K), 0.0015857 secs] [Times: user=0.00 sys=0.00, real=0.00 secs] 
2014-07-09T15:43:46.188+0200: 35.010: [GC [PSYoungGen: 7977K->5090K(11264K)] 19542K->19488K(27648K), 0.0058568 secs] [Times: user=0.03 sys=0.00, real=0.01 secs] 
2014-07-09T15:43:46.194+0200: 35.016: [Full GC [PSYoungGen: 5090K->0K(11264K)] [ParOldGen: 14398K->8451K(16384K)] 19488K->8451K(27648K) [PSPermGen: 2474K->2474K(21504K)], 0.0103924 secs] [Times: user=0.00 sys=0.00, real=0.01 secs] 
2014-07-09T15:43:46.229+0200: 35.051: [GC [PSYoungGen: 6122K->5090K(11264K)] 14574K->14342K(27648K), 0.0044582 secs] [Times: user=0.00 sys=0.00, real=0.00 secs] 
2014-07-09T15:43:46.280+0200: 35.102: [GC [PSYoungGen: 11213K->3809K(11264K)] 20465K->13069K(27648K), 0.0041286 secs] [Times: user=0.00 sys=0.00, real=0.01 secs] 
2014-07-09T15:43:46.290+0200: 35.112: [GC [PSYoungGen: 9932K->1728K(11264K)] 19192K->10996K(27648K), 0.0026276 secs] [Times: user=0.00 sys=0.00, real=0.00 secs] 
2014-07-09T15:43:46.298+0200: 35.120: [GC [PSYoungGen: 7849K->5090K(11264K)] 17117K->17063K(27648K), 0.0061556 secs] [Times: user=0.03 sys=0.00, real=0.01 secs] 
2014-07-09T15:43:46.329+0200: 35.151: [GC [PSYoungGen: 11228K->4097K(11264K)] 23201K->16071K(27648K), 0.0027284 secs] [Times: user=0.00 sys=0.00, real=0.00 secs] 
2014-07-09T15:43:46.379+0200: 35.201: [GC [PSYoungGen: 10220K->2016K(11264K)] 22194K->13998K(27648K), 0.0030107 secs] [Times: user=0.00 sys=0.02, real=0.00 secs] 
2014-07-09T15:43:46.387+0200: 35.209: [GC [PSYoungGen: 8137K->5090K(11264K)] 20119K->20065K(27648K), 0.0103080 secs] [Times: user=0.03 sys=0.00, real=0.01 secs] 
2014-07-09T15:43:46.398+0200: 35.220: [Full GC [PSYoungGen: 5090K->0K(11264K)] [ParOldGen: 14974K->8613K(16384K)] 20065K->8613K(27648K) [PSPermGen: 2474K->2474K(21504K)], 0.0226219 secs] [Times: user=0.01 sys=0.00, real=0.02 secs] 
2014-07-09T15:43:46.423+0200: 35.245: [GC [PSYoungGen: 6122K->5090K(11264K)] 14736K->14664K(27648K), 0.0048772 secs] [Times: user=0.03 sys=0.00, real=0.00 secs] 
2014-07-09T15:43:46.430+0200: 35.252: [GC [PSYoungGen: 11213K->3969K(11264K)] 20787K->13551K(27648K), 0.0030863 secs] [Times: user=0.00 sys=0.00, real=0.00 secs] 
2014-07-09T15:43:46.479+0200: 35.301: [GC [PSYoungGen: 10092K->1888K(11264K)] 19674K->11478K(27648K), 0.0026782 secs] [Times: user=0.00 sys=0.00, real=0.00 secs] 
2014-07-09T15:43:46.486+0200: 35.308: [GC [PSYoungGen: 8009K->5090K(11264K)] 17599K->17545K(27648K), 0.0102871 secs] [Times: user=0.03 sys=0.00, real=0.01 secs] 
2014-07-09T15:43:46.497+0200: 35.319: [Full GC [PSYoungGen: 5090K->0K(11264K)] [ParOldGen: 12455K->8485K(16384K)] 17545K->8485K(27648K) [PSPermGen: 2474K->2474K(21504K)], 0.0199602 secs] [Times: user=0.01 sys=0.00, real=0.02 secs] 
2014-07-09T15:43:46.520+0200: 35.341: [GC [PSYoungGen: 6122K->5090K(11264K)] 14608K->14408K(27648K), 0.0048332 secs] [Times: user=0.03 sys=0.00, real=0.00 secs] 
2014-07-09T15:43:46.529+0200: 35.351: [GC [PSYoungGen: 11213K->3841K(11264K)] 20531K->13167K(27648K), 0.0032912 secs] [Times: user=0.00 sys=0.00, real=0.00 secs] 
2014-07-09T15:43:46.578+0200: 35.400: [GC [PSYoungGen: 9976K->224K(11264K)] 19301K->9557K(27648K), 0.0015926 secs] [Times: user=0.00 sys=0.00, real=0.00 secs] 
2014-07-09T15:43:46.583+0200: 35.405: [GC [PSYoungGen: 6345K->5090K(11264K)] 15678K->15624K(27648K), 0.0083107 secs] [Times: user=0.00 sys=0.00, real=0.01 secs] 
2014-07-09T15:43:46.596+0200: 35.418: [GC [PSYoungGen: 11213K->4258K(11264K)] 21747K->14792K(27648K), 0.0065443 secs] [Times: user=0.03 sys=0.00, real=0.01 secs] 
2014-07-09T15:43:46.635+0200: 35.457: [GC [PSYoungGen: 10381K->2145K(11264K)] 20915K->12687K(27648K), 0.0052823 secs] [Times: user=0.00 sys=0.00, real=0.01 secs] 
2014-07-09T15:43:46.678+0200: 35.500: [GC [PSYoungGen: 8268K->64K(11264K)] 18810K->10614K(27648K), 0.0004968 secs] [Times: user=0.00 sys=0.00, real=0.00 secs] 
2014-07-09T15:43:46.680+0200: 35.502: [GC [PSYoungGen: 6185K->5090K(11264K)] 16735K->16713K(27648K), 0.0046001 secs] [Times: user=0.00 sys=0.00, real=0.00 secs] 
2014-07-09T15:43:46.687+0200: 35.509: [GC [PSYoungGen: 11211K->4129K(11264K)] 22834K->15752K(27648K), 0.0031629 secs] [Times: user=0.00 sys=0.00, real=0.00 secs] 
2014-07-09T15:43:46.728+0200: 35.550: [GC [PSYoungGen: 10250K->2048K(11264K)] 21873K->13679K(27648K), 0.0010658 secs] [Times: user=0.00 sys=0.00, real=0.00 secs] 
2014-07-09T15:43:46.732+0200: 35.554: [GC [PSYoungGen: 8169K->5090K(11264K)] 19800K->19746K(27648K), 0.0061256 secs] [Times: user=0.00 sys=0.00, real=0.01 secs] 
2014-07-09T15:43:46.738+0200: 35.560: [Full GC [PSYoungGen: 5090K->0K(11264K)] [ParOldGen: 14656K->8646K(16384K)] 19746K->8646K(27648K) [PSPermGen: 2474K->2474K(21504K)], 0.0105760 secs] [Times: user=0.03 sys=0.00, real=0.01 secs] 
2014-07-09T15:43:46.782+0200: 35.604: [GC [PSYoungGen: 6122K->5090K(11264K)] 14769K->14729K(27648K), 0.0082535 secs] [Times: user=0.03 sys=0.00, real=0.01 secs] 
2014-07-09T15:43:46.794+0200: 35.616: [GC [PSYoungGen: 11213K->4001K(11264K)] 20852K->13649K(27648K), 0.0055973 secs] [Times: user=0.00 sys=0.00, real=0.01 secs] 
2014-07-09T15:43:46.828+0200: 35.650: [GC [PSYoungGen: 10136K->384K(11264K)] 19783K->10039K(27648K), 0.0007285 secs] [Times: user=0.00 sys=0.00, real=0.00 secs] 
2014-07-09T15:43:46.831+0200: 35.653: [GC [PSYoungGen: 6505K->5090K(11264K)] 16160K->16106K(27648K), 0.0049146 secs] [Times: user=0.03 sys=0.00, real=0.00 secs] 
2014-07-09T15:43:46.880+0200: 35.702: [GC [PSYoungGen: 11213K->4386K(11264K)] 22229K->15401K(27648K), 0.0047540 secs] [Times: user=0.00 sys=0.00, real=0.00 secs] 
2014-07-09T15:43:46.888+0200: 35.710: [GC [PSYoungGen: 10509K->2305K(11264K)] 21524K->13328K(27648K), 0.0030606 secs] [Times: user=0.00 sys=0.00, real=0.00 secs] 
2014-07-09T15:43:46.928+0200: 35.750: [GC [PSYoungGen: 8428K->256K(11264K)] 19451K->11287K(27648K), 0.0005884 secs] [Times: user=0.00 sys=0.00, real=0.00 secs] 
2014-07-09T15:43:46.930+0200: 35.752: [GC [PSYoungGen: 6377K->5090K(11264K)] 17408K->17354K(27648K), 0.0048640 secs] [Times: user=0.00 sys=0.00, real=0.00 secs] 
2014-07-09T15:43:46.979+0200: 35.801: [GC [PSYoungGen: 11213K->4290K(11264K)] 23477K->16554K(27648K), 0.0030434 secs] [Times: user=0.00 sys=0.00, real=0.00 secs] 
2014-07-09T15:43:46.984+0200: 35.806: [GC [PSYoungGen: 10413K->2209K(11264K)] 22677K->14481K(27648K), 0.0017132 secs] [Times: user=0.00 sys=0.00, real=0.00 secs] 
2014-07-09T15:43:47.028+0200: 35.850: [GC [PSYoungGen: 8332K->128K(11264K)] 20604K->12408K(27648K), 0.0016850 secs] [Times: user=0.00 sys=0.00, real=0.00 secs] 
2014-07-09T15:43:47.033+0200: 35.855: [GC [PSYoungGen: 6249K->5090K(11264K)] 18529K->18475K(27648K), 0.0090007 secs] [Times: user=0.03 sys=0.00, real=0.01 secs] 
2014-07-09T15:43:47.079+0200: 35.901: [GC [PSYoungGen: 11216K->3137K(11264K)] 24601K->16522K(27648K), 0.0020344 secs] [Times: user=0.00 sys=0.00, real=0.00 secs] 
2014-07-09T15:43:47.084+0200: 35.906: [GC [PSYoungGen: 9260K->1056K(11264K)] 22645K->14449K(27648K), 0.0012069 secs] [Times: user=0.00 sys=0.00, real=0.00 secs] 
2014-07-09T15:43:47.088+0200: 35.910: [GC [PSYoungGen: 7177K->5090K(11264K)] 20570K->20516K(27648K), 0.0059261 secs] [Times: user=0.00 sys=0.00, real=0.01 secs] 
2014-07-09T15:43:47.094+0200: 35.916: [Full GC [PSYoungGen: 5090K->0K(11264K)] [ParOldGen: 15425K->7655K(16384K)] 20516K->7655K(27648K) [PSPermGen: 2474K->2474K(21504K)], 0.0132290 secs] [Times: user=0.03 sys=0.00, real=0.01 secs] 
2014-07-09T15:43:47.130+0200: 35.951: [GC [PSYoungGen: 6122K->5090K(11264K)] 13778K->12746K(27648K), 0.0037300 secs] [Times: user=0.00 sys=0.00, real=0.00 secs] 
2014-07-09T15:43:47.179+0200: 36.001: [GC [PSYoungGen: 11213K->2977K(11264K)] 18869K->10641K(27648K), 0.0029466 secs] [Times: user=0.00 sys=0.00, real=0.00 secs] 
2014-07-09T15:43:47.185+0200: 36.007: [GC [PSYoungGen: 9100K->928K(11264K)] 16764K->8600K(27648K), 0.0008913 secs] [Times: user=0.00 sys=0.00, real=0.00 secs] 
2014-07-09T15:43:47.188+0200: 36.010: [GC [PSYoungGen: 7049K->5090K(11264K)] 14721K->14667K(27648K), 0.0053465 secs] [Times: user=0.03 sys=0.00, real=0.01 secs] 
2014-07-09T15:43:47.231+0200: 36.053: [GC [PSYoungGen: 11213K->4962K(11264K)] 20790K->14539K(27648K), 0.0060486 secs] [Times: user=0.00 sys=0.00, real=0.01 secs] 
2014-07-09T15:43:47.280+0200: 36.102: [GC [PSYoungGen: 11085K->2881K(11264K)] 20662K->12466K(27648K), 0.0030811 secs] [Times: user=0.00 sys=0.00, real=0.00 secs] 
2014-07-09T15:43:47.287+0200: 36.109: [GC [PSYoungGen: 9023K->1024K(11264K)] 18608K->10616K(27648K), 0.0011087 secs] [Times: user=0.00 sys=0.00, real=0.00 secs] 
2014-07-09T15:43:47.291+0200: 36.113: [GC [PSYoungGen: 7143K->5090K(11264K)] 16735K->14851K(27648K), 0.0045249 secs] [Times: user=0.00 sys=0.00, real=0.01 secs] 
2014-07-09T15:43:47.328+0200: 36.150: [GC [PSYoungGen: 11219K->2625K(11264K)] 20979K->12394K(27648K), 0.0073200 secs] [Times: user=0.02 sys=0.00, real=0.01 secs] 
2014-07-09T15:43:47.378+0200: 36.200: [GC [PSYoungGen: 8748K->576K(11264K)] 18517K->10353K(27648K), 0.0023398 secs] [Times: user=0.02 sys=0.02, real=0.00 secs] 
2014-07-09T15:43:47.384+0200: 36.206: [GC [PSYoungGen: 6697K->5090K(11264K)] 16474K->16420K(27648K), 0.0084852 secs] [Times: user=0.00 sys=0.00, real=0.01 secs] 
2014-07-09T15:43:47.398+0200: 36.220: [GC [PSYoungGen: 11213K->4610K(11264K)] 22543K->15939K(27648K), 0.0062851 secs] [Times: user=0.00 sys=0.00, real=0.01 secs] 
2014-07-09T15:43:47.429+0200: 36.251: [GC [PSYoungGen: 10733K->2529K(11264K)] 22062K->13866K(27648K), 0.0017114 secs] [Times: user=0.00 sys=0.00, real=0.00 secs] 
2014-07-09T15:43:47.478+0200: 36.300: [GC [PSYoungGen: 8652K->448K(11264K)] 19989K->11793K(27648K), 0.0017492 secs] [Times: user=0.00 sys=0.00, real=0.00 secs] 
2014-07-09T15:43:47.484+0200: 36.306: [GC [PSYoungGen: 6569K->5090K(11264K)] 17914K->17860K(27648K), 0.0089860 secs] [Times: user=0.03 sys=0.00, real=0.01 secs] 
2014-07-09T15:43:47.497+0200: 36.319: [GC [PSYoungGen: 11213K->4482K(11264K)] 23983K->17252K(27648K), 0.0058667 secs] [Times: user=0.02 sys=0.00, real=0.01 secs] 
2014-07-09T15:43:47.529+0200: 36.351: [GC [PSYoungGen: 10608K->1376K(11264K)] 23378K->14154K(27648K), 0.0014797 secs] [Times: user=0.00 sys=0.00, real=0.00 secs] 
2014-07-09T15:43:47.534+0200: 36.356: [GC [PSYoungGen: 7497K->5090K(11264K)] 20275K->20221K(27648K), 0.0058132 secs] [Times: user=0.03 sys=0.00, real=0.01 secs] 
2014-07-09T15:43:47.540+0200: 36.362: [Full GC [PSYoungGen: 5090K->0K(11264K)] [ParOldGen: 15131K->7978K(16384K)] 20221K->7978K(27648K) [PSPermGen: 2474K->2474K(21504K)], 0.0116943 secs] [Times: user=0.03 sys=0.00, real=0.01 secs] 
2014-07-09T15:43:47.579+0200: 36.401: [GC [PSYoungGen: 6122K->5090K(11264K)] 14101K->13389K(27648K), 0.0042628 secs] [Times: user=0.03 sys=0.00, real=0.00 secs] 
2014-07-09T15:43:47.585+0200: 36.407: [GC [PSYoungGen: 11213K->3329K(11264K)] 19512K->11636K(27648K), 0.0025022 secs] [Times: user=0.00 sys=0.00, real=0.00 secs] 
2014-07-09T15:43:47.628+0200: 36.450: [GC [PSYoungGen: 9452K->1248K(11264K)] 17759K->9563K(27648K), 0.0009965 secs] [Times: user=0.00 sys=0.00, real=0.00 secs] 
2014-07-09T15:43:47.631+0200: 36.453: [GC [PSYoungGen: 7369K->5090K(11264K)] 15684K->15630K(27648K), 0.0053923 secs] [Times: user=0.00 sys=0.00, real=0.01 secs] 
2014-07-09T15:43:47.681+0200: 36.503: [GC [PSYoungGen: 11213K->5090K(11264K)] 21753K->15822K(27648K), 0.0066348 secs] [Times: user=0.00 sys=0.00, real=0.01 secs] 
2014-07-09T15:43:47.694+0200: 36.516: [GC [PSYoungGen: 11213K->3169K(11264K)] 21945K->13909K(27648K), 0.0308087 secs] [Times: user=0.02 sys=0.00, real=0.03 secs] 
2014-07-09T15:43:47.728+0200: 36.550: [GC [PSYoungGen: 9292K->1088K(11264K)] 20032K->11836K(27648K), 0.0021165 secs] [Times: user=0.00 sys=0.00, real=0.00 secs] 
2014-07-09T15:43:47.733+0200: 36.555: [GC [PSYoungGen: 7209K->5090K(11264K)] 17957K->17935K(27648K), 0.0060255 secs] [Times: user=0.03 sys=0.00, real=0.01 secs] 
2014-07-09T15:43:47.779+0200: 36.601: [GC [PSYoungGen: 11213K->5090K(11264K)] 24058K->17999K(27648K), 0.0038470 secs] [Times: user=0.00 sys=0.00, real=0.00 secs] 
2014-07-09T15:43:47.785+0200: 36.607: [GC [PSYoungGen: 11213K->3073K(11264K)] 24122K->15990K(27648K), 0.0021404 secs] [Times: user=0.00 sys=0.00, real=0.00 secs] 
2014-07-09T15:43:47.790+0200: 36.612: [GC [PSYoungGen: 9210K->576K(11264K)] 22127K->13501K(27648K), 0.0008407 secs] [Times: user=0.00 sys=0.00, real=0.00 secs] 
2014-07-09T15:43:47.831+0200: 36.653: [GC [PSYoungGen: 6693K->5090K(11264K)] 19619K->18503K(27648K), 0.0073604 secs] [Times: user=0.00 sys=0.00, real=0.01 secs] 
2014-07-09T15:43:47.880+0200: 36.701: [GC [PSYoungGen: 11213K->3457K(11264K)] 24626K->16879K(27648K), 0.0228312 secs] [Times: user=0.00 sys=0.00, real=0.02 secs] 
2014-07-09T15:43:47.905+0200: 36.727: [GC [PSYoungGen: 9580K->1376K(11264K)] 23002K->14806K(27648K), 0.0018925 secs] [Times: user=0.00 sys=0.00, real=0.00 secs] 
2014-07-09T15:43:47.911+0200: 36.733: [GC [PSYoungGen: 7497K->5090K(11264K)] 20927K->20905K(27648K), 0.0054125 secs] [Times: user=0.00 sys=0.00, real=0.01 secs] 
2014-07-09T15:43:47.917+0200: 36.739: [Full GC [PSYoungGen: 5090K->0K(11264K)] [ParOldGen: 15814K->8011K(16384K)] 20905K->8011K(27648K) [PSPermGen: 2474K->2474K(21504K)], 0.0099700 secs] [Times: user=0.03 sys=0.00, real=0.01 secs] 
2014-07-09T15:43:47.930+0200: 36.752: [GC [PSYoungGen: 6122K->5090K(11264K)] 14134K->13454K(27648K), 0.0046367 secs] [Times: user=0.00 sys=0.00, real=0.00 secs] 
2014-07-09T15:43:47.980+0200: 36.802: [GC [PSYoungGen: 11213K->3361K(11264K)] 19577K->11733K(27648K), 0.0038309 secs] [Times: user=0.00 sys=0.00, real=0.00 secs] 
2014-07-09T15:43:47.989+0200: 36.811: [GC [PSYoungGen: 9484K->1280K(11264K)] 17856K->9660K(27648K), 0.0022368 secs] [Times: user=0.00 sys=0.00, real=0.00 secs] 
2014-07-09T15:43:47.996+0200: 36.818: [GC [PSYoungGen: 7401K->5090K(11264K)] 15781K->15727K(27648K), 0.0099055 secs] [Times: user=0.03 sys=0.00, real=0.01 secs] 
2014-07-09T15:43:48.030+0200: 36.852: [GC [PSYoungGen: 11213K->5090K(11264K)] 21850K->15951K(27648K), 0.0052123 secs] [Times: user=0.03 sys=0.00, real=0.01 secs] 
2014-07-09T15:43:48.079+0200: 36.901: [GC [PSYoungGen: 11222K->1696K(11264K)] 22083K->12566K(27648K), 0.0029363 secs] [Times: user=0.03 sys=0.00, real=0.00 secs] 
2014-07-09T15:43:48.086+0200: 36.908: [GC [PSYoungGen: 7817K->5090K(11264K)] 18687K->18633K(27648K), 0.0097709 secs] [Times: user=0.02 sys=0.00, real=0.01 secs] 
2014-07-09T15:43:48.096+0200: 36.918: [Full GC [PSYoungGen: 5090K->0K(11264K)] [ParOldGen: 13542K->8301K(16384K)] 18633K->8301K(27648K) [PSPermGen: 2474K->2474K(21504K)], 0.0143970 secs] [Times: user=0.00 sys=0.00, real=0.02 secs] 
2014-07-09T15:43:48.114+0200: 36.936: [GC [PSYoungGen: 6122K->5090K(11264K)] 14424K->14031K(27648K), 0.0054433 secs] [Times: user=0.00 sys=0.00, real=0.00 secs] 
2014-07-09T15:43:48.129+0200: 36.951: [GC [PSYoungGen: 11213K->3649K(11264K)] 20154K->12599K(27648K), 0.0022437 secs] [Times: user=0.00 sys=0.00, real=0.00 secs] 
2014-07-09T15:43:48.178+0200: 37.000: [GC [PSYoungGen: 9772K->1568K(11264K)] 18722K->10526K(27648K), 0.0008344 secs] [Times: user=0.00 sys=0.00, real=0.00 secs] 
2014-07-09T15:43:48.181+0200: 37.003: [GC [PSYoungGen: 7689K->5090K(11264K)] 16647K->16593K(27648K), 0.0055863 secs] [Times: user=0.00 sys=0.00, real=0.01 secs] 
2014-07-09T15:43:48.189+0200: 37.011: [GC [PSYoungGen: 11213K->5090K(11264K)] 22716K->17105K(27648K), 0.0044662 secs] [Times: user=0.03 sys=0.00, real=0.01 secs] 
2014-07-09T15:43:48.229+0200: 37.051: [GC [PSYoungGen: 11213K->3521K(11264K)] 23228K->15544K(27648K), 0.0022511 secs] [Times: user=0.00 sys=0.00, real=0.00 secs] 
2014-07-09T15:43:48.278+0200: 37.100: [GC [PSYoungGen: 9644K->1440K(11264K)] 21667K->13471K(27648K), 0.0008366 secs] [Times: user=0.00 sys=0.00, real=0.00 secs] 
2014-07-09T15:43:48.281+0200: 37.103: [GC [PSYoungGen: 7561K->5090K(11264K)] 19592K->19538K(27648K), 0.0056977 secs] [Times: user=0.03 sys=0.00, real=0.01 secs] 
2014-07-09T15:43:48.287+0200: 37.109: [Full GC [PSYoungGen: 5090K->0K(11264K)] [ParOldGen: 14448K->8045K(16384K)] 19538K->8045K(27648K) [PSPermGen: 2474K->2474K(21504K)], 0.0101757 secs] [Times: user=0.00 sys=0.00, real=0.01 secs] 
2014-07-09T15:43:48.300+0200: 37.122: [GC [PSYoungGen: 6122K->5090K(11264K)] 14168K->13519K(27648K), 0.0040732 secs] [Times: user=0.00 sys=0.00, real=0.00 secs] 
2014-07-09T15:43:48.328+0200: 37.150: [GC [PSYoungGen: 11228K->1728K(11264K)] 19657K->10166K(27648K), 0.0008645 secs] [Times: user=0.00 sys=0.00, real=0.00 secs] 
2014-07-09T15:43:48.331+0200: 37.153: [GC [PSYoungGen: 7849K->5090K(11264K)] 16287K->16233K(27648K), 0.0056970 secs] [Times: user=0.00 sys=0.00, real=0.01 secs] 
2014-07-09T15:43:48.381+0200: 37.203: [GC [PSYoungGen: 11213K->5090K(11264K)] 22356K->16905K(27648K), 0.0072288 secs] [Times: user=0.00 sys=0.00, real=0.01 secs] 
2014-07-09T15:43:48.393+0200: 37.215: [GC [PSYoungGen: 11213K->3681K(11264K)] 23028K->15504K(27648K), 0.0052255 secs] [Times: user=0.00 sys=0.00, real=0.01 secs] 
2014-07-09T15:43:48.429+0200: 37.251: [GC [PSYoungGen: 9804K->1600K(11264K)] 21627K->13431K(27648K), 0.0023028 secs] [Times: user=0.00 sys=0.00, real=0.00 secs] 
2014-07-09T15:43:48.436+0200: 37.258: [GC [PSYoungGen: 7721K->5090K(11264K)] 19552K->19498K(27648K), 0.0098938 secs] [Times: user=0.03 sys=0.00, real=0.01 secs] 
2014-07-09T15:43:48.446+0200: 37.268: [Full GC [PSYoungGen: 5090K->0K(11264K)] [ParOldGen: 14408K->8206K(16384K)] 19498K->8206K(27648K) [PSPermGen: 2474K->2474K(21504K)], 0.0176090 secs] [Times: user=0.02 sys=0.00, real=0.02 secs] 
2014-07-09T15:43:48.480+0200: 37.302: [GC [PSYoungGen: 6122K->5090K(11264K)] 14329K->13841K(27648K), 0.0043683 secs] [Times: user=0.00 sys=0.00, real=0.00 secs] 
2014-07-09T15:43:48.486+0200: 37.308: [GC [PSYoungGen: 11213K->3553K(11264K)] 19964K->12312K(27648K), 0.0030562 secs] [Times: user=0.00 sys=0.00, real=0.00 secs] 
2014-07-09T15:43:48.528+0200: 37.350: [GC [PSYoungGen: 9676K->1472K(11264K)] 18435K->10239K(27648K), 0.0013353 secs] [Times: user=0.00 sys=0.00, real=0.00 secs] 
2014-07-09T15:43:48.532+0200: 37.354: [GC [PSYoungGen: 7593K->5090K(11264K)] 16360K->16306K(27648K), 0.0058744 secs] [Times: user=0.03 sys=0.00, real=0.01 secs] 
2014-07-09T15:43:48.581+0200: 37.403: [GC [PSYoungGen: 11218K->4482K(11264K)] 22435K->15698K(27648K), 0.0052354 secs] [Times: user=0.00 sys=0.00, real=0.01 secs] 
2014-07-09T15:43:48.591+0200: 37.413: [GC [PSYoungGen: 10605K->2401K(11264K)] 21821K->13625K(27648K), 0.0033275 secs] [Times: user=0.00 sys=0.02, real=0.00 secs] 
2014-07-09T15:43:48.628+0200: 37.450: [GC [PSYoungGen: 8524K->320K(11264K)] 19748K->11552K(27648K), 0.0007666 secs] [Times: user=0.00 sys=0.00, real=0.00 secs] 
2014-07-09T15:43:48.631+0200: 37.453: [GC [PSYoungGen: 6441K->5090K(11264K)] 17673K->17619K(27648K), 0.0050994 secs] [Times: user=0.00 sys=0.00, real=0.00 secs] 
2014-07-09T15:43:48.681+0200: 37.503: [GC [PSYoungGen: 11213K->4354K(11264K)] 23742K->16882K(27648K), 0.0051944 secs] [Times: user=0.00 sys=0.00, real=0.01 secs] 
2014-07-09T15:43:48.692+0200: 37.514: [GC [PSYoungGen: 10477K->2273K(11264K)] 23005K->14809K(27648K), 0.0030071 secs] [Times: user=0.00 sys=0.00, real=0.00 secs] 
2014-07-09T15:43:48.728+0200: 37.550: [GC [PSYoungGen: 8396K->192K(11264K)] 20932K->12736K(27648K), 0.0013371 secs] [Times: user=0.00 sys=0.00, real=0.00 secs] 
2014-07-09T15:43:48.733+0200: 37.555: [GC [PSYoungGen: 6313K->5090K(11264K)] 18857K->18803K(27648K), 0.0083195 secs] [Times: user=0.03 sys=0.00, real=0.01 secs] 
2014-07-09T15:43:48.742+0200: 37.564: [Full GC [PSYoungGen: 5090K->0K(11264K)] [ParOldGen: 13713K->6631K(16384K)] 18803K->6631K(27648K) [PSPermGen: 2474K->2474K(21504K)], 0.0206935 secs] [Times: user=0.01 sys=0.00, real=0.02 secs] 
2014-07-09T15:43:48.781+0200: 37.603: [GC [PSYoungGen: 6122K->4194K(11264K)] 12754K->10825K(27648K), 0.0201098 secs] [Times: user=0.03 sys=0.00, real=0.02 secs] 
2014-07-09T15:43:48.804+0200: 37.626: [GC [PSYoungGen: 10326K->608K(11264K)] 16957K->7247K(27648K), 0.0009609 secs] [Times: user=0.00 sys=0.00, real=0.00 secs] 
2014-07-09T15:43:48.808+0200: 37.630: [GC [PSYoungGen: 6729K->5090K(11264K)] 13368K->13314K(27648K), 0.0051988 secs] [Times: user=0.01 sys=0.00, real=0.01 secs] 
2014-07-09T15:43:48.829+0200: 37.651: [GC [PSYoungGen: 11217K->4129K(11264K)] 19441K->12354K(27648K), 0.0030731 secs] [Times: user=0.00 sys=0.00, real=0.00 secs] 
2014-07-09T15:43:48.888+0200: 37.710: [GC [PSYoungGen: 10250K->2016K(11264K)] 18475K->10249K(27648K), 0.0133415 secs] [Times: user=0.01 sys=0.00, real=0.01 secs] 
2014-07-09T15:43:48.903+0200: 37.725: [GC [PSYoungGen: 8137K->5090K(11264K)] 16370K->16348K(27648K), 0.0064192 secs] [Times: user=0.03 sys=0.00, real=0.01 secs] 
2014-07-09T15:43:48.912+0200: 37.734: [GC [PSYoungGen: 11213K->5090K(11264K)] 22471K->17340K(27648K), 0.0047064 secs] [Times: user=0.00 sys=0.00, real=0.01 secs] 
2014-07-09T15:43:48.929+0200: 37.751: [GC [PSYoungGen: 11213K->4001K(11264K)] 23463K->16260K(27648K), 0.0031365 secs] [Times: user=0.00 sys=0.00, real=0.00 secs] 
2014-07-09T15:43:48.978+0200: 37.800: [GC [PSYoungGen: 10124K->1920K(11264K)] 22383K->14187K(27648K), 0.0009657 secs] [Times: user=0.00 sys=0.00, real=0.00 secs] 
2014-07-09T15:43:48.981+0200: 37.804: [GC [PSYoungGen: 8041K->5090K(11264K)] 20308K->20254K(27648K), 0.0063423 secs] [Times: user=0.03 sys=0.00, real=0.01 secs] 
2014-07-09T15:43:48.988+0200: 37.810: [Full GC [PSYoungGen: 5090K->0K(11264K)] [ParOldGen: 15163K->8493K(16384K)] 20254K->8493K(27648K) [PSPermGen: 2474K->2474K(21504K)], 0.0111634 secs] [Times: user=0.00 sys=0.00, real=0.01 secs] 
2014-07-09T15:43:49.001+0200: 37.823: [GC [PSYoungGen: 6122K->5090K(11264K)] 14616K->14447K(27648K), 0.0047856 secs] [Times: user=0.00 sys=0.00, real=0.01 secs] 
2014-07-09T15:43:49.029+0200: 37.851: [GC [PSYoungGen: 11218K->2849K(11264K)] 20576K->12214K(27648K), 0.0020377 secs] [Times: user=0.00 sys=0.00, real=0.00 secs] 
2014-07-09T15:43:49.078+0200: 37.900: [GC [PSYoungGen: 8972K->768K(11264K)] 18337K->10141K(27648K), 0.0005917 secs] [Times: user=0.00 sys=0.00, real=0.00 secs] 
2014-07-09T15:43:49.080+0200: 37.902: [GC [PSYoungGen: 6889K->5090K(11264K)] 16262K->16208K(27648K), 0.0098175 secs] [Times: user=0.00 sys=0.00, real=0.01 secs] 
2014-07-09T15:43:49.092+0200: 37.914: [GC [PSYoungGen: 11213K->4802K(11264K)] 22331K->15920K(27648K), 0.0038943 secs] [Times: user=0.03 sys=0.00, real=0.00 secs] 
2014-07-09T15:43:49.129+0200: 37.951: [GC [PSYoungGen: 10925K->2721K(11264K)] 22043K->13847K(27648K), 0.0014526 secs] [Times: user=0.00 sys=0.00, real=0.00 secs] 
2014-07-09T15:43:49.178+0200: 38.000: [GC [PSYoungGen: 8844K->640K(11264K)] 19970K->11774K(27648K), 0.0015673 secs] [Times: user=0.00 sys=0.00, real=0.00 secs] 
2014-07-09T15:43:49.184+0200: 38.006: [GC [PSYoungGen: 6761K->5090K(11264K)] 17895K->17841K(27648K), 0.0088811 secs] [Times: user=0.03 sys=0.00, real=0.01 secs] 
2014-07-09T15:43:49.198+0200: 38.020: [GC [PSYoungGen: 11213K->4674K(11264K)] 23964K->17425K(27648K), 0.0059786 secs] [Times: user=0.02 sys=0.00, real=0.01 secs] 
2014-07-09T15:43:49.229+0200: 38.051: [GC [PSYoungGen: 10797K->2593K(11264K)] 23548K->15352K(27648K), 0.0018302 secs] [Times: user=0.00 sys=0.00, real=0.00 secs] 
2014-07-09T15:43:49.278+0200: 38.100: [GC [PSYoungGen: 8716K->512K(11264K)] 21475K->13279K(27648K), 0.0016835 secs] [Times: user=0.00 sys=0.00, real=0.00 secs] 
2014-07-09T15:43:49.285+0200: 38.107: [GC [PSYoungGen: 6633K->5090K(11264K)] 19400K->19346K(27648K), 0.0087224 secs] [Times: user=0.00 sys=0.00, real=0.01 secs] 
2014-07-09T15:43:49.294+0200: 38.116: [Full GC [PSYoungGen: 5090K->0K(11264K)] [ParOldGen: 14255K->7094K(16384K)] 19346K->7094K(27648K) [PSPermGen: 2474K->2474K(21504K)], 0.0171867 secs] [Times: user=0.03 sys=0.00, real=0.02 secs] 
2014-07-09T15:43:49.315+0200: 38.137: [GC [PSYoungGen: 6122K->4514K(11264K)] 13217K->11608K(27648K), 0.0199844 secs] [Times: user=0.02 sys=0.00, real=0.02 secs] 
2014-07-09T15:43:49.338+0200: 38.160: [GC [PSYoungGen: 10651K->800K(11264K)] 17745K->7902K(27648K), 0.0013199 secs] [Times: user=0.00 sys=0.00, real=0.00 secs] 
2014-07-09T15:43:49.342+0200: 38.164: [GC [PSYoungGen: 6921K->5090K(11264K)] 14023K->13969K(27648K), 0.0062924 secs] [Times: user=0.03 sys=0.00, real=0.01 secs] 
2014-07-09T15:43:49.379+0200: 38.201: [GC [PSYoungGen: 11213K->4834K(11264K)] 20092K->13713K(27648K), 0.0036017 secs] [Times: user=0.00 sys=0.00, real=0.00 secs] 
2014-07-09T15:43:49.385+0200: 38.207: [GC [PSYoungGen: 10957K->2753K(11264K)] 19836K->11640K(27648K), 0.0020626 secs] [Times: user=0.00 sys=0.00, real=0.00 secs] 
2014-07-09T15:43:49.428+0200: 38.250: [GC [PSYoungGen: 8876K->672K(11264K)] 17763K->9567K(27648K), 0.0015516 secs] [Times: user=0.00 sys=0.00, real=0.00 secs] 
2014-07-09T15:43:49.434+0200: 38.256: [GC [PSYoungGen: 6793K->5090K(11264K)] 15688K->15634K(27648K), 0.0097706 secs] [Times: user=0.03 sys=0.00, real=0.01 secs] 
2014-07-09T15:43:49.480+0200: 38.303: [GC [PSYoungGen: 11213K->4706K(11264K)] 21757K->15250K(27648K), 0.0067745 secs] [Times: user=0.02 sys=0.00, real=0.01 secs] 
2014-07-09T15:43:49.492+0200: 38.314: [GC [PSYoungGen: 10829K->2625K(11264K)] 21373K->13177K(27648K), 0.0035904 secs] [Times: user=0.00 sys=0.00, real=0.00 secs] 
2014-07-09T15:43:49.528+0200: 38.350: [GC [PSYoungGen: 8748K->512K(11264K)] 19300K->11072K(27648K), 0.0014199 secs] [Times: user=0.00 sys=0.00, real=0.00 secs] 
2014-07-09T15:43:49.535+0200: 38.357: [GC [PSYoungGen: 6633K->5090K(11264K)] 17193K->17163K(27648K), 0.0175680 secs] [Times: user=0.02 sys=0.00, real=0.02 secs] 
2014-07-09T15:43:49.578+0200: 38.400: [GC [PSYoungGen: 11222K->3041K(11264K)] 23295K->15114K(27648K), 0.0054206 secs] [Times: user=0.00 sys=0.00, real=0.01 secs] 
2014-07-09T15:43:49.586+0200: 38.408: [GC [PSYoungGen: 9164K->960K(11264K)] 21237K->13041K(27648K), 0.0010192 secs] [Times: user=0.00 sys=0.00, real=0.00 secs] 
2014-07-09T15:43:49.590+0200: 38.412: [GC [PSYoungGen: 7081K->5090K(11264K)] 19162K->19108K(27648K), 0.0059599 secs] [Times: user=0.02 sys=0.00, real=0.01 secs] 
2014-07-09T15:43:49.596+0200: 38.418: [Full GC [PSYoungGen: 5090K->0K(11264K)] [ParOldGen: 14017K->7548K(16384K)] 19108K->7548K(27648K) [PSPermGen: 2474K->2474K(21504K)], 0.0118519 secs] [Times: user=0.00 sys=0.00, real=0.01 secs] 
2014-07-09T15:43:49.629+0200: 38.451: [GC [PSYoungGen: 6122K->4962K(11264K)] 13671K->12511K(27648K), 0.0043027 secs] [Times: user=0.00 sys=0.00, real=0.01 secs] 
2014-07-09T15:43:49.678+0200: 38.500: [GC [PSYoungGen: 11085K->2913K(11264K)] 18634K->10470K(27648K), 0.0023981 secs] [Times: user=0.00 sys=0.00, real=0.00 secs] 
2014-07-09T15:43:49.684+0200: 38.506: [GC [PSYoungGen: 9036K->800K(11264K)] 16593K->8365K(27648K), 0.0047511 secs] [Times: user=0.02 sys=0.00, real=0.00 secs] 
2014-07-09T15:43:49.690+0200: 38.512: [GC [PSYoungGen: 6921K->5090K(11264K)] 14485K->14463K(27648K), 0.0051819 secs] [Times: user=0.00 sys=0.00, real=0.01 secs] 
2014-07-09T15:43:49.729+0200: 38.551: [GC [PSYoungGen: 11213K->4834K(11264K)] 20586K->14207K(27648K), 0.0041909 secs] [Times: user=0.00 sys=0.00, real=0.00 secs] 
2014-07-09T15:43:49.778+0200: 38.600: [GC [PSYoungGen: 10957K->2785K(11264K)] 20330K->12166K(27648K), 0.0028201 secs] [Times: user=0.01 sys=0.00, real=0.00 secs] 
2014-07-09T15:43:49.784+0200: 38.606: [GC [PSYoungGen: 8908K->704K(11264K)] 18289K->10093K(27648K), 0.0008935 secs] [Times: user=0.00 sys=0.00, real=0.00 secs] 
2014-07-09T15:43:49.787+0200: 38.609: [GC [PSYoungGen: 6825K->5090K(11264K)] 16214K->16160K(27648K), 0.0050712 secs] [Times: user=0.00 sys=0.00, real=0.01 secs] 
2014-07-09T15:43:49.829+0200: 38.651: [GC [PSYoungGen: 11222K->3201K(11264K)] 22293K->14271K(27648K), 0.0039200 secs] [Times: user=0.00 sys=0.00, real=0.00 secs] 
2014-07-09T15:43:49.887+0200: 38.709: [GC [PSYoungGen: 9324K->1088K(11264K)] 20394K->12166K(27648K), 0.0062425 secs] [Times: user=0.00 sys=0.00, real=0.01 secs] 
2014-07-09T15:43:49.896+0200: 38.718: [GC [PSYoungGen: 7209K->5090K(11264K)] 18287K->18257K(27648K), 0.0081530 secs] [Times: user=0.00 sys=0.00, real=0.01 secs] 
2014-07-09T15:43:49.907+0200: 38.729: [GC [PSYoungGen: 11213K->5090K(11264K)] 24380K->18321K(27648K), 0.0041619 secs] [Times: user=0.00 sys=0.00, real=0.00 secs] 
2014-07-09T15:43:49.928+0200: 38.750: [GC [PSYoungGen: 11213K->3073K(11264K)] 24444K->16312K(27648K), 0.0015662 secs] [Times: user=0.00 sys=0.00, real=0.00 secs] 
2014-07-09T15:43:49.978+0200: 38.800: [GC [PSYoungGen: 9196K->960K(11264K)] 22435K->14207K(27648K), 0.0039636 secs] [Times: user=0.00 sys=0.00, real=0.00 secs] 
2014-07-09T15:43:49.987+0200: 38.809: [GC [PSYoungGen: 7081K->5090K(11264K)] 20328K->20306K(27648K), 0.0111832 secs] [Times: user=0.00 sys=0.00, real=0.01 secs] 
2014-07-09T15:43:49.998+0200: 38.820: [Full GC [PSYoungGen: 5090K->0K(11264K)] [ParOldGen: 15216K->7583K(16384K)] 20306K->7583K(27648K) [PSPermGen: 2474K->2474K(21504K)], 0.0233779 secs] [Times: user=0.03 sys=0.00, real=0.02 secs] 
2014-07-09T15:43:50.024+0200: 38.846: [GC [PSYoungGen: 6122K->5026K(11264K)] 13706K->12610K(27648K), 0.0043804 secs] [Times: user=0.00 sys=0.00, real=0.01 secs] 
2014-07-09T15:43:50.031+0200: 38.853: [GC [PSYoungGen: 11149K->2945K(11264K)] 18733K->10537K(27648K), 0.0021019 secs] [Times: user=0.00 sys=0.00, real=0.00 secs] 
2014-07-09T15:43:50.036+0200: 38.859: [GC [PSYoungGen: 9087K->1120K(11264K)] 16679K->8719K(27648K), 0.0011314 secs] [Times: user=0.00 sys=0.00, real=0.00 secs] 
2014-07-09T15:43:50.082+0200: 38.904: [GC [PSYoungGen: 7259K->5090K(11264K)] 14859K->13594K(27648K), 0.0078491 secs] [Times: user=0.00 sys=0.00, real=0.01 secs] 
2014-07-09T15:43:50.095+0200: 38.917: [GC [PSYoungGen: 11213K->3905K(11264K)] 19717K->12418K(27648K), 0.0070036 secs] [Times: user=0.00 sys=0.00, real=0.01 secs] 
2014-07-09T15:43:50.128+0200: 38.950: [GC [PSYoungGen: 10028K->1824K(11264K)] 18541K->10345K(27648K), 0.0010196 secs] [Times: user=0.00 sys=0.00, real=0.00 secs] 
2014-07-09T15:43:50.133+0200: 38.955: [GC [PSYoungGen: 7945K->5090K(11264K)] 16466K->16412K(27648K), 0.0056134 secs] [Times: user=0.00 sys=0.00, real=0.01 secs] 
2014-07-09T15:43:50.179+0200: 39.001: [GC [PSYoungGen: 11213K->5090K(11264K)] 22535K->17180K(27648K), 0.0046576 secs] [Times: user=0.00 sys=0.00, real=0.01 secs] 
2014-07-09T15:43:50.186+0200: 39.008: [GC [PSYoungGen: 11213K->3777K(11264K)] 23303K->15875K(27648K), 0.0031152 secs] [Times: user=0.03 sys=0.00, real=0.00 secs] 
2014-07-09T15:43:50.228+0200: 39.050: [GC [PSYoungGen: 9900K->1696K(11264K)] 21998K->13802K(27648K), 0.0010372 secs] [Times: user=0.00 sys=0.00, real=0.00 secs] 
2014-07-09T15:43:50.232+0200: 39.054: [GC [PSYoungGen: 7817K->5090K(11264K)] 19923K->19869K(27648K), 0.0060145 secs] [Times: user=0.03 sys=0.00, real=0.01 secs] 
2014-07-09T15:43:50.238+0200: 39.060: [Full GC [PSYoungGen: 5090K->0K(11264K)] [ParOldGen: 14779K->8288K(16384K)] 19869K->8288K(27648K) [PSPermGen: 2474K->2474K(21504K)], 0.0113020 secs] [Times: user=0.03 sys=0.00, real=0.01 secs] 
2014-07-09T15:43:50.280+0200: 39.102: [GC [PSYoungGen: 6122K->5090K(11264K)] 14411K->14019K(27648K), 0.0054602 secs] [Times: user=0.00 sys=0.00, real=0.01 secs] 
2014-07-09T15:43:50.288+0200: 39.110: [GC [PSYoungGen: 11229K->2497K(11264K)] 20158K->11434K(27648K), 0.0015244 secs] [Times: user=0.00 sys=0.00, real=0.00 secs] 
2014-07-09T15:43:50.293+0200: 39.115: [GC [PSYoungGen: 8636K->512K(11264K)] 17573K->9457K(27648K), 0.0007464 secs] [Times: user=0.00 sys=0.00, real=0.00 secs] 
2014-07-09T15:43:50.329+0200: 39.151: [GC [PSYoungGen: 6653K->5090K(11264K)] 15599K->14491K(27648K), 0.0043038 secs] [Times: user=0.00 sys=0.00, real=0.01 secs] 
2014-07-09T15:43:50.380+0200: 39.202: [GC [PSYoungGen: 11213K->3457K(11264K)] 20614K->12866K(27648K), 0.0039112 secs] [Times: user=0.00 sys=0.00, real=0.00 secs] 
2014-07-09T15:43:50.388+0200: 39.211: [GC [PSYoungGen: 9580K->1376K(11264K)] 18989K->10793K(27648K), 0.0027589 secs] [Times: user=0.00 sys=0.02, real=0.00 secs] 
2014-07-09T15:43:50.405+0200: 39.227: [GC [PSYoungGen: 7497K->5090K(11264K)] 16914K->16852K(27648K), 0.0233068 secs] [Times: user=0.02 sys=0.00, real=0.02 secs] 
2014-07-09T15:43:50.431+0200: 39.253: [GC [PSYoungGen: 11213K->5090K(11264K)] 22975K->17173K(27648K), 0.0040736 secs] [Times: user=0.00 sys=0.00, real=0.00 secs] 
2014-07-09T15:43:50.478+0200: 39.301: [GC [PSYoungGen: 11213K->3329K(11264K)] 23296K->15420K(27648K), 0.0018317 secs] [Times: user=0.00 sys=0.00, real=0.00 secs] 
2014-07-09T15:43:50.483+0200: 39.305: [GC [PSYoungGen: 9452K->1248K(11264K)] 21543K->13347K(27648K), 0.0011263 secs] [Times: user=0.00 sys=0.00, real=0.00 secs] 
2014-07-09T15:43:50.487+0200: 39.309: [GC [PSYoungGen: 7369K->5090K(11264K)] 19468K->19414K(27648K), 0.0055954 secs] [Times: user=0.00 sys=0.00, real=0.01 secs] 
2014-07-09T15:43:50.492+0200: 39.315: [Full GC [PSYoungGen: 5090K->0K(11264K)] [ParOldGen: 14323K->7842K(16384K)] 19414K->7842K(27648K) [PSPermGen: 2474K->2474K(21504K)], 0.0099323 secs] [Times: user=0.02 sys=0.00, real=0.01 secs] 
2014-07-09T15:43:50.529+0200: 39.351: [GC [PSYoungGen: 6128K->4258K(11264K)] 13971K->12100K(27648K), 0.0033264 secs] [Times: user=0.03 sys=0.00, real=0.00 secs] 
2014-07-09T15:43:50.579+0200: 39.401: [GC [PSYoungGen: 10381K->2177K(11264K)] 18223K->10027K(27648K), 0.0052882 secs] [Times: user=0.00 sys=0.00, real=0.01 secs] 
2014-07-09T15:43:50.589+0200: 39.411: [GC [PSYoungGen: 8300K->64K(11264K)] 16150K->7922K(27648K), 0.0013580 secs] [Times: user=0.00 sys=0.00, real=0.00 secs] 
2014-07-09T15:43:50.598+0200: 39.420: [GC [PSYoungGen: 6185K->5090K(11264K)] 14043K->14013K(27648K), 0.0128499 secs] [Times: user=0.01 sys=0.00, real=0.01 secs] 
2014-07-09T15:43:50.629+0200: 39.451: [GC [PSYoungGen: 11211K->4129K(11264K)] 20134K->13053K(27648K), 0.0028952 secs] [Times: user=0.00 sys=0.00, real=0.00 secs] 
2014-07-09T15:43:50.679+0200: 39.501: [GC [PSYoungGen: 10250K->2048K(11264K)] 19174K->10980K(27648K), 0.0025184 secs] [Times: user=0.00 sys=0.00, real=0.00 secs] 
2014-07-09T15:43:50.686+0200: 39.508: [GC [PSYoungGen: 8169K->5090K(11264K)] 17101K->17047K(27648K), 0.0103682 secs] [Times: user=0.00 sys=0.00, real=0.01 secs] 
2014-07-09T15:43:50.701+0200: 39.523: [GC [PSYoungGen: 11213K->5090K(11264K)] 23170K->18039K(27648K), 0.0067950 secs] [Times: user=0.00 sys=0.00, real=0.01 secs] 
2014-07-09T15:43:50.729+0200: 39.551: [GC [PSYoungGen: 11213K->4001K(11264K)] 24162K->16959K(27648K), 0.0034716 secs] [Times: user=0.03 sys=0.00, real=0.00 secs] 
2014-07-09T15:43:50.779+0200: 39.601: [GC [PSYoungGen: 10124K->1920K(11264K)] 23082K->14886K(27648K), 0.0033909 secs] [Times: user=0.00 sys=0.00, real=0.00 secs] 
2014-07-09T15:43:50.787+0200: 39.609: [GC [PSYoungGen: 8041K->5090K(11264K)] 21007K->20953K(27648K), 0.0101783 secs] [Times: user=0.03 sys=0.00, real=0.01 secs] 
2014-07-09T15:43:50.797+0200: 39.619: [Full GC [PSYoungGen: 5090K->0K(11264K)] [ParOldGen: 15862K->8515K(16384K)] 20953K->8515K(27648K) [PSPermGen: 2474K->2474K(21504K)], 0.0141052 secs] [Times: user=0.03 sys=0.00, real=0.01 secs] 
2014-07-09T15:43:50.816+0200: 39.638: [GC [PSYoungGen: 6122K->5090K(11264K)] 14638K->14470K(27648K), 0.0047397 secs] [Times: user=0.00 sys=0.00, real=0.01 secs] 
2014-07-09T15:43:50.828+0200: 39.651: [GC [PSYoungGen: 11224K->2337K(11264K)] 20604K->11725K(27648K), 0.0011486 secs] [Times: user=0.00 sys=0.00, real=0.00 secs] 
2014-07-09T15:43:50.878+0200: 39.700: [GC [PSYoungGen: 8460K->224K(11264K)] 17848K->9620K(27648K), 0.0008304 secs] [Times: user=0.00 sys=0.00, real=0.00 secs] 
2014-07-09T15:43:50.882+0200: 39.704: [GC [PSYoungGen: 6345K->5090K(11264K)] 15741K->15719K(27648K), 0.0105431 secs] [Times: user=0.01 sys=0.00, real=0.01 secs] 
2014-07-09T15:43:50.898+0200: 39.720: [GC [PSYoungGen: 11213K->4290K(11264K)] 21842K->14918K(27648K), 0.0062693 secs] [Times: user=0.02 sys=0.00, real=0.01 secs] 
2014-07-09T15:43:50.928+0200: 39.750: [GC [PSYoungGen: 10413K->2209K(11264K)] 21041K->12845K(27648K), 0.0010768 secs] [Times: user=0.00 sys=0.00, real=0.00 secs] 
2014-07-09T15:43:50.978+0200: 39.800: [GC [PSYoungGen: 8332K->96K(11264K)] 18968K->10740K(27648K), 0.0041014 secs] [Times: user=0.00 sys=0.02, real=0.00 secs] 
2014-07-09T15:43:50.985+0200: 39.807: [GC [PSYoungGen: 6217K->5090K(11264K)] 16861K->16831K(27648K), 0.0176813 secs] [Times: user=0.01 sys=0.00, real=0.02 secs] 
2014-07-09T15:43:51.011+0200: 39.834: [GC [PSYoungGen: 11211K->4130K(11264K)] 22952K->15871K(27648K), 0.0089394 secs] [Times: user=0.02 sys=0.00, real=0.01 secs] 
2014-07-09T15:43:51.028+0200: 39.850: [GC [PSYoungGen: 10250K->2080K(11264K)] 21992K->13830K(27648K), 0.0011930 secs] [Times: user=0.03 sys=0.00, real=0.00 secs] 
2014-07-09T15:43:51.033+0200: 39.855: [GC [PSYoungGen: 8201K->5090K(11264K)] 19951K->19897K(27648K), 0.0057249 secs] [Times: user=0.00 sys=0.00, real=0.01 secs] 
2014-07-09T15:43:51.039+0200: 39.861: [Full GC [PSYoungGen: 5090K->0K(11264K)] [ParOldGen: 14806K->8676K(16384K)] 19897K->8676K(27648K) [PSPermGen: 2474K->2474K(21504K)], 0.0110725 secs] [Times: user=0.02 sys=0.00, real=0.01 secs] 
2014-07-09T15:43:51.079+0200: 39.901: [GC [PSYoungGen: 6134K->4578K(11264K)] 14811K->13255K(27648K), 0.0035218 secs] [Times: user=0.00 sys=0.00, real=0.00 secs] 
2014-07-09T15:43:51.085+0200: 39.907: [GC [PSYoungGen: 10701K->2497K(11264K)] 19378K->11182K(27648K), 0.0018243 secs] [Times: user=0.00 sys=0.00, real=0.00 secs] 
2014-07-09T15:43:51.128+0200: 39.950: [GC [PSYoungGen: 8620K->416K(11264K)] 17305K->9109K(27648K), 0.0014687 secs] [Times: user=0.00 sys=0.00, real=0.00 secs] 
2014-07-09T15:43:51.134+0200: 39.956: [GC [PSYoungGen: 6537K->5090K(11264K)] 15230K->15176K(27648K), 0.0089541 secs] [Times: user=0.03 sys=0.00, real=0.01 secs] 
2014-07-09T15:43:51.179+0200: 40.002: [GC [PSYoungGen: 11213K->4450K(11264K)] 21299K->14535K(27648K), 0.0032839 secs] [Times: user=0.00 sys=0.00, real=0.00 secs] 
2014-07-09T15:43:51.185+0200: 40.007: [GC [PSYoungGen: 10573K->2369K(11264K)] 20658K->12462K(27648K), 0.0022767 secs] [Times: user=0.00 sys=0.00, real=0.00 secs] 
2014-07-09T15:43:51.228+0200: 40.050: [GC [PSYoungGen: 8492K->288K(11264K)] 18585K->10389K(27648K), 0.0009081 secs] [Times: user=0.00 sys=0.00, real=0.00 secs] 
2014-07-09T15:43:51.231+0200: 40.053: [GC [PSYoungGen: 6409K->5090K(11264K)] 16510K->16456K(27648K), 0.0054055 secs] [Times: user=0.01 sys=0.00, real=0.01 secs] 
2014-07-09T15:43:51.280+0200: 40.103: [GC [PSYoungGen: 11213K->4322K(11264K)] 22579K->15688K(27648K), 0.0050151 secs] [Times: user=0.00 sys=0.00, real=0.01 secs] 
2014-07-09T15:43:51.291+0200: 40.113: [GC [PSYoungGen: 10445K->2241K(11264K)] 21811K->13615K(27648K), 0.0039233 secs] [Times: user=0.02 sys=0.00, real=0.00 secs] 
2014-07-09T15:43:51.300+0200: 40.123: [GC [PSYoungGen: 8384K->160K(11264K)] 19758K->11542K(27648K), 0.0015802 secs] [Times: user=0.00 sys=0.00, real=0.00 secs] 
2014-07-09T15:43:51.329+0200: 40.151: [GC [PSYoungGen: 6275K->4610K(11264K)] 17657K->16000K(27648K), 0.0035427 secs] [Times: user=0.00 sys=0.00, real=0.00 secs] 
2014-07-09T15:43:51.379+0200: 40.201: [GC [PSYoungGen: 10733K->2529K(11264K)] 22123K->13927K(27648K), 0.0029590 secs] [Times: user=0.00 sys=0.00, real=0.00 secs] 
2014-07-09T15:43:51.387+0200: 40.210: [GC [PSYoungGen: 8652K->448K(11264K)] 20050K->11854K(27648K), 0.0020029 secs] [Times: user=0.01 sys=0.00, real=0.00 secs] 
2014-07-09T15:43:51.394+0200: 40.216: [GC [PSYoungGen: 6569K->5090K(11264K)] 17975K->17921K(27648K), 0.0065747 secs] [Times: user=0.00 sys=0.00, real=0.01 secs] 
2014-07-09T15:43:51.429+0200: 40.252: [GC [PSYoungGen: 11213K->4482K(11264K)] 24044K->17313K(27648K), 0.0032542 secs] [Times: user=0.00 sys=0.00, real=0.00 secs] 
2014-07-09T15:43:51.479+0200: 40.301: [GC [PSYoungGen: 10605K->2401K(11264K)] 23436K->15240K(27648K), 0.0016238 secs] [Times: user=0.00 sys=0.03, real=0.00 secs] 
2014-07-09T15:43:51.483+0200: 40.305: [GC [PSYoungGen: 8524K->320K(11264K)] 21363K->13167K(27648K), 0.0009195 secs] [Times: user=0.00 sys=0.00, real=0.00 secs] 
2014-07-09T15:43:51.487+0200: 40.309: [GC [PSYoungGen: 6441K->5090K(11264K)] 19288K->19234K(27648K), 0.0055639 secs] [Times: user=0.00 sys=0.00, real=0.01 secs] 
2014-07-09T15:43:51.531+0200: 40.353: [GC [PSYoungGen: 11213K->4322K(11264K)] 25356K->18465K(27648K), 0.0216683 secs] [Times: user=0.02 sys=0.00, real=0.02 secs] 
2014-07-09T15:43:51.578+0200: 40.400: [GC [PSYoungGen: 10448K->1248K(11264K)] 24592K->15400K(27648K), 0.0008135 secs] [Times: user=0.00 sys=0.00, real=0.00 secs] 
2014-07-09T15:43:51.581+0200: 40.403: [GC [PSYoungGen: 7369K->5090K(11264K)] 21521K->21467K(27648K), 0.0053630 secs] [Times: user=0.00 sys=0.00, real=0.01 secs] 
2014-07-09T15:43:51.587+0200: 40.409: [Full GC [PSYoungGen: 5090K->0K(11264K)] [ParOldGen: 16376K->7847K(16384K)] 21467K->7847K(27648K) [PSPermGen: 2474K->2474K(21504K)], 0.0102087 secs] [Times: user=0.01 sys=0.00, real=0.01 secs] 
2014-07-09T15:43:51.600+0200: 40.422: [GC [PSYoungGen: 6122K->5090K(11264K)] 13970K->13130K(27648K), 0.0036593 secs] [Times: user=0.00 sys=0.00, real=0.00 secs] 
2014-07-09T15:43:51.628+0200: 40.451: [GC [PSYoungGen: 11213K->3201K(11264K)] 19253K->11249K(27648K), 0.0017759 secs] [Times: user=0.00 sys=0.00, real=0.00 secs] 
2014-07-09T15:43:51.679+0200: 40.501: [GC [PSYoungGen: 9324K->1120K(11264K)] 17372K->9176K(27648K), 0.0018346 secs] [Times: user=0.00 sys=0.00, real=0.00 secs] 
2014-07-09T15:43:51.685+0200: 40.507: [GC [PSYoungGen: 7241K->5090K(11264K)] 15297K->15243K(27648K), 0.0091711 secs] [Times: user=0.00 sys=0.00, real=0.01 secs] 
2014-07-09T15:43:51.698+0200: 40.520: [GC [PSYoungGen: 11213K->5090K(11264K)] 21366K->15307K(27648K), 0.0071276 secs] [Times: user=0.03 sys=0.00, real=0.01 secs] 
2014-07-09T15:43:51.729+0200: 40.551: [GC [PSYoungGen: 11213K->3073K(11264K)] 21430K->13298K(27648K), 0.0018295 secs] [Times: user=0.02 sys=0.00, real=0.00 secs] 
2014-07-09T15:43:51.778+0200: 40.600: [GC [PSYoungGen: 9196K->992K(11264K)] 19421K->11225K(27648K), 0.0012187 secs] [Times: user=0.00 sys=0.00, real=0.00 secs] 
2014-07-09T15:43:51.782+0200: 40.604: [GC [PSYoungGen: 7113K->5090K(11264K)] 17346K->17292K(27648K), 0.0057714 secs] [Times: user=0.00 sys=0.00, real=0.01 secs] 
2014-07-09T15:43:51.790+0200: 40.612: [GC [PSYoungGen: 11228K->2977K(11264K)] 23430K->15179K(27648K), 0.0024964 secs] [Times: user=0.01 sys=0.00, real=0.00 secs] 
2014-07-09T15:43:51.828+0200: 40.650: [GC [PSYoungGen: 9100K->896K(11264K)] 21302K->13106K(27648K), 0.0011079 secs] [Times: user=0.00 sys=0.00, real=0.00 secs] 
2014-07-09T15:43:51.831+0200: 40.654: [GC [PSYoungGen: 7017K->5090K(11264K)] 19227K->19173K(27648K), 0.0058649 secs] [Times: user=0.00 sys=0.00, real=0.01 secs] 
2014-07-09T15:43:51.838+0200: 40.660: [Full GC [PSYoungGen: 5090K->0K(11264K)] [ParOldGen: 14082K->7497K(16384K)] 19173K->7497K(27648K) [PSPermGen: 2474K->2474K(21504K)], 0.0458872 secs] [Times: user=0.03 sys=0.00, real=0.05 secs] 
2014-07-09T15:43:51.889+0200: 40.711: [GC [PSYoungGen: 6122K->4898K(11264K)] 13620K->12395K(27648K), 0.0085083 secs] [Times: user=0.00 sys=0.00, real=0.01 secs] 
2014-07-09T15:43:51.901+0200: 40.723: [GC [PSYoungGen: 11021K->2849K(11264K)] 18518K->10354K(27648K), 0.0018914 secs] [Times: user=0.03 sys=0.00, real=0.00 secs] 
2014-07-09T15:43:51.928+0200: 40.750: [GC [PSYoungGen: 8972K->768K(11264K)] 16477K->8281K(27648K), 0.0006057 secs] [Times: user=0.00 sys=0.00, real=0.00 secs] 
2014-07-09T15:43:51.930+0200: 40.753: [GC [PSYoungGen: 6889K->5090K(11264K)] 14402K->14348K(27648K), 0.0051914 secs] [Times: user=0.03 sys=0.00, real=0.01 secs] 
2014-07-09T15:43:51.981+0200: 40.803: [GC [PSYoungGen: 11213K->4802K(11264K)] 20471K->14060K(27648K), 0.0061809 secs] [Times: user=0.00 sys=0.00, real=0.01 secs] 
2014-07-09T15:43:51.992+0200: 40.814: [GC [PSYoungGen: 10925K->2721K(11264K)] 20183K->11987K(27648K), 0.0034859 secs] [Times: user=0.00 sys=0.00, real=0.00 secs] 
2014-07-09T15:43:52.028+0200: 40.851: [GC [PSYoungGen: 8844K->640K(11264K)] 18110K->9914K(27648K), 0.0009683 secs] [Times: user=0.00 sys=0.00, real=0.00 secs] 
2014-07-09T15:43:52.031+0200: 40.854: [GC [PSYoungGen: 6761K->5090K(11264K)] 16035K->15981K(27648K), 0.0057392 secs] [Times: user=0.00 sys=0.00, real=0.01 secs] 
2014-07-09T15:43:52.079+0200: 40.901: [GC [PSYoungGen: 11216K->3649K(11264K)] 22108K->14540K(27648K), 0.0111714 secs] [Times: user=0.00 sys=0.00, real=0.01 secs] 
2014-07-09T15:43:52.093+0200: 40.916: [GC [PSYoungGen: 9772K->1536K(11264K)] 20663K->12435K(27648K), 0.0020058 secs] [Times: user=0.00 sys=0.00, real=0.00 secs] 
2014-07-09T15:43:52.098+0200: 40.920: [GC [PSYoungGen: 7657K->5090K(11264K)] 18556K->18534K(27648K), 0.0067056 secs] [Times: user=0.00 sys=0.03, real=0.01 secs] 
2014-07-09T15:43:52.105+0200: 40.927: [Full GC [PSYoungGen: 5090K->0K(11264K)] [ParOldGen: 13444K->8170K(16384K)] 18534K->8170K(27648K) [PSPermGen: 2474K->2474K(21504K)], 0.0297469 secs] [Times: user=0.02 sys=0.00, real=0.03 secs] 
2014-07-09T15:43:52.138+0200: 40.960: [GC [PSYoungGen: 6122K->5090K(11264K)] 14293K->13773K(27648K), 0.0040417 secs] [Times: user=0.00 sys=0.00, real=0.00 secs] 
2014-07-09T15:43:52.179+0200: 41.002: [GC [PSYoungGen: 11213K->3521K(11264K)] 19895K->12212K(27648K), 0.0039885 secs] [Times: user=0.02 sys=0.00, real=0.01 secs] 
2014-07-09T15:43:52.189+0200: 41.011: [GC [PSYoungGen: 9644K->1440K(11264K)] 18335K->10139K(27648K), 0.0028674 secs] [Times: user=0.00 sys=0.00, real=0.00 secs] 
2014-07-09T15:43:52.196+0200: 41.018: [GC [PSYoungGen: 7561K->5090K(11264K)] 16260K->16206K(27648K), 0.0097522 secs] [Times: user=0.02 sys=0.00, real=0.01 secs] 
2014-07-09T15:43:52.229+0200: 41.051: [GC [PSYoungGen: 11213K->5090K(11264K)] 22329K->16590K(27648K), 0.0044952 secs] [Times: user=0.03 sys=0.00, real=0.00 secs] 
2014-07-09T15:43:52.280+0200: 41.102: [GC [PSYoungGen: 11213K->3393K(11264K)] 22713K->14901K(27648K), 0.0041696 secs] [Times: user=0.00 sys=0.00, real=0.00 secs] 
2014-07-09T15:43:52.289+0200: 41.111: [GC [PSYoungGen: 9516K->1312K(11264K)] 21024K->12828K(27648K), 0.0023805 secs] [Times: user=0.00 sys=0.00, real=0.00 secs] 
2014-07-09T15:43:52.296+0200: 41.118: [GC [PSYoungGen: 7433K->5090K(11264K)] 18949K->18895K(27648K), 0.0059602 secs] [Times: user=0.00 sys=0.00, real=0.01 secs] 
2014-07-09T15:43:52.302+0200: 41.124: [Full GC [PSYoungGen: 5090K->0K(11264K)] [ParOldGen: 13805K->7914K(16384K)] 18895K->7914K(27648K) [PSPermGen: 2474K->2474K(21504K)], 0.0131798 secs] [Times: user=0.01 sys=0.00, real=0.01 secs] 
2014-07-09T15:43:52.329+0200: 41.151: [GC [PSYoungGen: 6138K->3681K(11264K)] 14052K->11595K(27648K), 0.0021715 secs] [Times: user=0.00 sys=0.00, real=0.00 secs] 
2014-07-09T15:43:52.378+0200: 41.200: [GC [PSYoungGen: 9804K->1600K(11264K)] 17718K->9522K(27648K), 0.0008964 secs] [Times: user=0.00 sys=0.00, real=0.00 secs] 
2014-07-09T15:43:52.381+0200: 41.203: [GC [PSYoungGen: 7721K->5090K(11264K)] 15643K->15589K(27648K), 0.0057183 secs] [Times: user=0.03 sys=0.00, real=0.01 secs] 
2014-07-09T15:43:52.389+0200: 41.211: [GC [PSYoungGen: 11213K->5090K(11264K)] 21712K->16134K(27648K), 0.0042829 secs] [Times: user=0.00 sys=0.00, real=0.01 secs] 
2014-07-09T15:43:52.429+0200: 41.251: [GC [PSYoungGen: 11213K->3553K(11264K)] 22257K->14605K(27648K), 0.0022412 secs] [Times: user=0.00 sys=0.00, real=0.00 secs] 
2014-07-09T15:43:52.479+0200: 41.301: [GC [PSYoungGen: 9676K->1472K(11264K)] 20728K->12532K(27648K), 0.0020153 secs] [Times: user=0.03 sys=0.00, real=0.00 secs] 
2014-07-09T15:43:52.485+0200: 41.308: [GC [PSYoungGen: 7593K->5090K(11264K)] 18653K->18599K(27648K), 0.0096280 secs] [Times: user=0.02 sys=0.00, real=0.01 secs] 
2014-07-09T15:43:52.495+0200: 41.318: [Full GC [PSYoungGen: 5090K->0K(11264K)] [ParOldGen: 13508K->8075K(16384K)] 18599K->8075K(27648K) [PSPermGen: 2474K->2474K(21504K)], 0.0222996 secs] [Times: user=0.02 sys=0.00, real=0.02 secs] 
2014-07-09T15:43:52.520+0200: 41.343: [GC [PSYoungGen: 6122K->5090K(11264K)] 14198K->13582K(27648K), 0.0044222 secs] [Times: user=0.00 sys=0.00, real=0.01 secs] 
2014-07-09T15:43:52.529+0200: 41.351: [GC [PSYoungGen: 11213K->3425K(11264K)] 19705K->11925K(27648K), 0.0022947 secs] [Times: user=0.00 sys=0.00, real=0.00 secs] 
2014-07-09T15:43:52.534+0200: 41.356: [GC [PSYoungGen: 9567K->320K(11264K)] 18067K->8828K(27648K), 0.0007952 secs] [Times: user=0.00 sys=0.00, real=0.00 secs] 
2014-07-09T15:43:52.581+0200: 41.403: [GC [PSYoungGen: 6463K->5090K(11264K)] 14971K->14471K(27648K), 0.0078392 secs] [Times: user=0.02 sys=0.00, real=0.01 secs] 
2014-07-09T15:43:52.593+0200: 41.416: [GC [PSYoungGen: 11213K->3873K(11264K)] 20594K->13262K(27648K), 0.0044560 secs] [Times: user=0.00 sys=0.00, real=0.01 secs] 
2014-07-09T15:43:52.629+0200: 41.451: [GC [PSYoungGen: 9996K->1792K(11264K)] 19385K->11189K(27648K), 0.0013488 secs] [Times: user=0.00 sys=0.00, real=0.00 secs] 
2014-07-09T15:43:52.632+0200: 41.455: [GC [PSYoungGen: 7913K->5090K(11264K)] 17310K->17256K(27648K), 0.0064027 secs] [Times: user=0.03 sys=0.00, real=0.01 secs] 
2014-07-09T15:43:52.679+0200: 41.502: [GC [PSYoungGen: 11213K->5090K(11264K)] 23379K->17992K(27648K), 0.0046275 secs] [Times: user=0.03 sys=0.00, real=0.01 secs] 
2014-07-09T15:43:52.686+0200: 41.508: [GC [PSYoungGen: 11213K->3745K(11264K)] 24115K->16656K(27648K), 0.0028560 secs] [Times: user=0.00 sys=0.00, real=0.00 secs] 
2014-07-09T15:43:52.729+0200: 41.551: [GC [PSYoungGen: 9868K->1664K(11264K)] 22779K->14583K(27648K), 0.0023798 secs] [Times: user=0.00 sys=0.00, real=0.00 secs] 
2014-07-09T15:43:52.736+0200: 41.559: [GC [PSYoungGen: 7785K->5090K(11264K)] 20704K->20650K(27648K), 0.0107256 secs] [Times: user=0.03 sys=0.00, real=0.01 secs] 
2014-07-09T15:43:52.747+0200: 41.570: [Full GC [PSYoungGen: 5090K->0K(11264K)] [ParOldGen: 15559K->8269K(16384K)] 20650K->8269K(27648K) [PSPermGen: 2474K->2474K(21504K)], 0.0150067 secs] [Times: user=0.03 sys=0.00, real=0.02 secs] 
2014-07-09T15:43:52.780+0200: 41.602: [GC [PSYoungGen: 6122K->5090K(11264K)] 14392K->13967K(27648K), 0.0043672 secs] [Times: user=0.00 sys=0.00, real=0.00 secs] 
2014-07-09T15:43:52.787+0200: 41.609: [GC [PSYoungGen: 11219K->3105K(11264K)] 20096K->11990K(27648K), 0.0025169 secs] [Times: user=0.00 sys=0.00, real=0.00 secs] 
2014-07-09T15:43:52.792+0200: 41.615: [GC [PSYoungGen: 9247K->1312K(11264K)] 18133K->10205K(27648K), 0.0010749 secs] [Times: user=0.00 sys=0.00, real=0.00 secs] 
2014-07-09T15:43:52.830+0200: 41.652: [GC [PSYoungGen: 7451K->5090K(11264K)] 16344K->15048K(27648K), 0.0045740 secs] [Times: user=0.00 sys=0.00, real=0.01 secs] 
2014-07-09T15:43:52.886+0200: 41.708: [GC [PSYoungGen: 11213K->4033K(11264K)] 21171K->13999K(27648K), 0.0038591 secs] [Times: user=0.00 sys=0.00, real=0.00 secs] 
2014-07-09T15:43:52.894+0200: 41.716: [GC [PSYoungGen: 10156K->1984K(11264K)] 20122K->11958K(27648K), 0.0024824 secs] [Times: user=0.00 sys=0.00, real=0.00 secs] 
2014-07-09T15:43:52.902+0200: 41.724: [GC [PSYoungGen: 8105K->5090K(11264K)] 18079K->18025K(27648K), 0.0051526 secs] [Times: user=0.00 sys=0.00, real=0.01 secs] 
2014-07-09T15:43:52.929+0200: 41.751: [GC [PSYoungGen: 11213K->5090K(11264K)] 24148K->18954K(27648K), 0.0050422 secs] [Times: user=0.00 sys=0.00, real=0.01 secs] 
2014-07-09T15:43:52.934+0200: 41.757: [Full GC [PSYoungGen: 5090K->0K(11264K)] [ParOldGen: 13863K->6354K(16384K)] 18954K->6354K(27648K) [PSPermGen: 2474K->2474K(21504K)], 0.0230450 secs] [Times: user=0.01 sys=0.00, real=0.02 secs] 
2014-07-09T15:43:52.979+0200: 41.802: [GC [PSYoungGen: 6122K->3937K(11264K)] 12477K->10292K(27648K), 0.0027581 secs] [Times: user=0.00 sys=0.00, real=0.00 secs] 
2014-07-09T15:43:52.985+0200: 41.807: [GC [PSYoungGen: 10060K->1856K(11264K)] 16415K->8219K(27648K), 0.0015369 secs] [Times: user=0.00 sys=0.00, real=0.00 secs] 
2014-07-09T15:43:52.989+0200: 41.811: [GC [PSYoungGen: 7977K->5090K(11264K)] 14340K->14286K(27648K), 0.0060585 secs] [Times: user=0.03 sys=0.00, real=0.01 secs] 
2014-07-09T15:43:53.029+0200: 41.851: [GC [PSYoungGen: 11218K->4866K(11264K)] 20414K->14061K(27648K), 0.0039863 secs] [Times: user=0.00 sys=0.00, real=0.00 secs] 
2014-07-09T15:43:53.078+0200: 41.901: [GC [PSYoungGen: 10989K->2785K(11264K)] 20184K->11988K(27648K), 0.0016993 secs] [Times: user=0.00 sys=0.00, real=0.00 secs] 
2014-07-09T15:43:53.083+0200: 41.905: [GC [PSYoungGen: 8908K->704K(11264K)] 18111K->9915K(27648K), 0.0014412 secs] [Times: user=0.00 sys=0.00, real=0.00 secs] 
2014-07-09T15:43:53.086+0200: 41.909: [GC [PSYoungGen: 6825K->5090K(11264K)] 16036K->15982K(27648K), 0.0056508 secs] [Times: user=0.03 sys=0.00, real=0.01 secs] 
2014-07-09T15:43:53.129+0200: 41.951: [GC [PSYoungGen: 11213K->4738K(11264K)] 22105K->15630K(27648K), 0.0040208 secs] [Times: user=0.00 sys=0.00, real=0.00 secs] 
2014-07-09T15:43:53.200+0200: 42.022: [GC [PSYoungGen: 10861K->2625K(11264K)] 21753K->13525K(27648K), 0.0217684 secs] [Times: user=0.02 sys=0.00, real=0.02 secs] 
2014-07-09T15:43:53.224+0200: 42.046: [GC [PSYoungGen: 8748K->544K(11264K)] 19648K->11452K(27648K), 0.0139098 secs] [Times: user=0.00 sys=0.00, real=0.01 secs] 
2014-07-09T15:43:53.241+0200: 42.063: [GC [PSYoungGen: 6665K->5090K(11264K)] 17573K->17551K(27648K), 0.0052233 secs] [Times: user=0.02 sys=0.00, real=0.01 secs] 
2014-07-09T15:43:53.249+0200: 42.071: [GC [PSYoungGen: 11213K->4578K(11264K)] 23674K->17039K(27648K), 0.0045018 secs] [Times: user=0.00 sys=0.00, real=0.00 secs] 
2014-07-09T15:43:53.278+0200: 42.101: [GC [PSYoungGen: 10701K->2529K(11264K)] 23162K->14998K(27648K), 0.0015351 secs] [Times: user=0.00 sys=0.00, real=0.00 secs] 
2014-07-09T15:43:53.283+0200: 42.106: [GC [PSYoungGen: 8652K->416K(11264K)] 21121K->12893K(27648K), 0.0010361 secs] [Times: user=0.00 sys=0.00, real=0.00 secs] 
2014-07-09T15:43:53.287+0200: 42.109: [GC [PSYoungGen: 6537K->5090K(11264K)] 19014K->18992K(27648K), 0.0055379 secs] [Times: user=0.03 sys=0.00, real=0.01 secs] 
2014-07-09T15:43:53.293+0200: 42.115: [Full GC [PSYoungGen: 5090K->0K(11264K)] [ParOldGen: 13901K->7024K(16384K)] 18992K->7024K(27648K) [PSPermGen: 2474K->2474K(21504K)], 0.0092492 secs] [Times: user=0.00 sys=0.00, real=0.01 secs] 
2014-07-09T15:43:53.328+0200: 42.150: [GC [PSYoungGen: 6143K->2305K(11264K)] 13168K->9329K(27648K), 0.0010940 secs] [Times: user=0.00 sys=0.00, real=0.00 secs] 
2014-07-09T15:43:53.378+0200: 42.200: [GC [PSYoungGen: 8428K->224K(11264K)] 15452K->7256K(27648K), 0.0013371 secs] [Times: user=0.00 sys=0.00, real=0.00 secs] 
2014-07-09T15:43:53.383+0200: 42.206: [GC [PSYoungGen: 6345K->5090K(11264K)] 13377K->13323K(27648K), 0.0087558 secs] [Times: user=0.03 sys=0.00, real=0.01 secs] 
2014-07-09T15:43:53.397+0200: 42.220: [GC [PSYoungGen: 11213K->4258K(11264K)] 19446K->12491K(27648K), 0.0069006 secs] [Times: user=0.00 sys=0.00, real=0.01 secs] 
2014-07-09T15:43:53.428+0200: 42.251: [GC [PSYoungGen: 10381K->2177K(11264K)] 18614K->10418K(27648K), 0.0013235 secs] [Times: user=0.00 sys=0.00, real=0.00 secs] 
2014-07-09T15:43:53.478+0200: 42.300: [GC [PSYoungGen: 8300K->64K(11264K)] 16541K->8313K(27648K), 0.0007193 secs] [Times: user=0.00 sys=0.00, real=0.00 secs] 
2014-07-09T15:43:53.480+0200: 42.303: [GC [PSYoungGen: 6185K->5090K(11264K)] 14434K->14412K(27648K), 0.0052178 secs] [Times: user=0.00 sys=0.00, real=0.01 secs] 
2014-07-09T15:43:53.489+0200: 42.311: [GC [PSYoungGen: 11211K->4129K(11264K)] 20533K->13451K(27648K), 0.0033961 secs] [Times: user=0.00 sys=0.00, real=0.00 secs] 
2014-07-09T15:43:53.528+0200: 42.350: [GC [PSYoungGen: 10250K->2048K(11264K)] 19572K->11378K(27648K), 0.0010203 secs] [Times: user=0.00 sys=0.00, real=0.00 secs] 
2014-07-09T15:43:53.532+0200: 42.354: [GC [PSYoungGen: 8169K->5090K(11264K)] 17499K->17445K(27648K), 0.0059588 secs] [Times: user=0.00 sys=0.00, real=0.01 secs] 
2014-07-09T15:43:53.580+0200: 42.402: [GC [PSYoungGen: 11218K->5058K(11264K)] 23574K->17413K(27648K), 0.0037550 secs] [Times: user=0.00 sys=0.00, real=0.00 secs] 
2014-07-09T15:43:53.586+0200: 42.408: [GC [PSYoungGen: 11181K->2977K(11264K)] 23536K->15340K(27648K), 0.0072409 secs] [Times: user=0.03 sys=0.00, real=0.01 secs] 
2014-07-09T15:43:53.628+0200: 42.450: [GC [PSYoungGen: 9100K->896K(11264K)] 21463K->13267K(27648K), 0.0007512 secs] [Times: user=0.00 sys=0.00, real=0.00 secs] 
2014-07-09T15:43:53.631+0200: 42.453: [GC [PSYoungGen: 7017K->5090K(11264K)] 19388K->19334K(27648K), 0.0055551 secs] [Times: user=0.03 sys=0.00, real=0.01 secs] 
2014-07-09T15:43:53.637+0200: 42.459: [Full GC [PSYoungGen: 5090K->0K(11264K)] [ParOldGen: 14243K->7482K(16384K)] 19334K->7482K(27648K) [PSPermGen: 2474K->2474K(21504K)], 0.0094751 secs] [Times: user=0.00 sys=0.00, real=0.01 secs] 
2014-07-09T15:43:53.681+0200: 42.503: [GC [PSYoungGen: 6122K->4930K(11264K)] 13605K->12412K(27648K), 0.0066095 secs] [Times: user=0.00 sys=0.00, real=0.01 secs] 
2014-07-09T15:43:53.692+0200: 42.514: [GC [PSYoungGen: 11053K->2849K(11264K)] 18535K->10339K(27648K), 0.0038529 secs] [Times: user=0.02 sys=0.00, real=0.00 secs] 
2014-07-09T15:43:53.728+0200: 42.550: [GC [PSYoungGen: 8972K->768K(11264K)] 16462K->8266K(27648K), 0.0007248 secs] [Times: user=0.00 sys=0.00, real=0.00 secs] 
2014-07-09T15:43:53.731+0200: 42.553: [GC [PSYoungGen: 6889K->5090K(11264K)] 14387K->14333K(27648K), 0.0052402 secs] [Times: user=0.00 sys=0.00, real=0.01 secs] 
2014-07-09T15:43:53.785+0200: 42.607: [GC [PSYoungGen: 11213K->4770K(11264K)] 20456K->14013K(27648K), 0.0102303 secs] [Times: user=0.01 sys=0.00, real=0.01 secs] 
2014-07-09T15:43:53.799+0200: 42.621: [GC [PSYoungGen: 10902K->1152K(11264K)] 20145K->10403K(27648K), 0.0016025 secs] [Times: user=0.00 sys=0.00, real=0.00 secs] 
2014-07-09T15:43:53.804+0200: 42.626: [GC [PSYoungGen: 7273K->5090K(11264K)] 16524K->16502K(27648K), 0.0058194 secs] [Times: user=0.02 sys=0.00, real=0.01 secs] 
2014-07-09T15:43:53.829+0200: 42.651: [GC [PSYoungGen: 11213K->5090K(11264K)] 22625K->16630K(27648K), 0.0038349 secs] [Times: user=0.00 sys=0.00, real=0.00 secs] 
2014-07-09T15:43:53.879+0200: 42.701: [GC [PSYoungGen: 11213K->3105K(11264K)] 22753K->14653K(27648K), 0.0143160 secs] [Times: user=0.02 sys=0.00, real=0.01 secs] 
2014-07-09T15:43:53.896+0200: 42.718: [GC [PSYoungGen: 9228K->1056K(11264K)] 20776K->12612K(27648K), 0.0030852 secs] [Times: user=0.01 sys=0.00, real=0.00 secs] 
2014-07-09T15:43:53.902+0200: 42.725: [GC [PSYoungGen: 7177K->5090K(11264K)] 18733K->18679K(27648K), 0.0055877 secs] [Times: user=0.00 sys=0.00, real=0.01 secs] 
2014-07-09T15:43:53.908+0200: 42.730: [Full GC [PSYoungGen: 5090K->0K(11264K)] [ParOldGen: 13589K->7645K(16384K)] 18679K->7645K(27648K) [PSPermGen: 2474K->2474K(21504K)], 0.0105735 secs] [Times: user=0.03 sys=0.00, real=0.01 secs] 
2014-07-09T15:43:53.929+0200: 42.752: [GC [PSYoungGen: 6122K->5090K(11264K)] 13768K->12736K(27648K), 0.0041572 secs] [Times: user=0.03 sys=0.00, real=0.00 secs] 
2014-07-09T15:43:53.980+0200: 42.802: [GC [PSYoungGen: 11213K->3009K(11264K)] 18859K->10663K(27648K), 0.0030434 secs] [Times: user=0.00 sys=0.00, real=0.00 secs] 
2014-07-09T15:43:53.988+0200: 42.810: [GC [PSYoungGen: 9132K->928K(11264K)] 16786K->8590K(27648K), 0.0020835 secs] [Times: user=0.00 sys=0.00, real=0.00 secs] 
2014-07-09T15:43:53.995+0200: 42.817: [GC [PSYoungGen: 7049K->5090K(11264K)] 14711K->14657K(27648K), 0.0089284 secs] [Times: user=0.00 sys=0.00, real=0.01 secs] 
2014-07-09T15:43:54.029+0200: 42.852: [GC [PSYoungGen: 11213K->4962K(11264K)] 20780K->14529K(27648K), 0.0038129 secs] [Times: user=0.00 sys=0.00, real=0.00 secs] 
2014-07-09T15:43:54.079+0200: 42.901: [GC [PSYoungGen: 11094K->1344K(11264K)] 20661K->10919K(27648K), 0.0020109 secs] [Times: user=0.00 sys=0.00, real=0.00 secs] 
2014-07-09T15:43:54.085+0200: 42.908: [GC [PSYoungGen: 7465K->5090K(11264K)] 17040K->16986K(27648K), 0.0093376 secs] [Times: user=0.02 sys=0.00, real=0.01 secs] 
2014-07-09T15:43:54.098+0200: 42.920: [GC [PSYoungGen: 11213K->5090K(11264K)] 23109K->17274K(27648K), 0.0047342 secs] [Times: user=0.03 sys=0.00, real=0.00 secs] 
2014-07-09T15:43:54.129+0200: 42.951: [GC [PSYoungGen: 11213K->3297K(11264K)] 23397K->15489K(27648K), 0.0021066 secs] [Times: user=0.00 sys=0.00, real=0.00 secs] 
2014-07-09T15:43:54.179+0200: 43.001: [GC [PSYoungGen: 9420K->1216K(11264K)] 21612K->13416K(27648K), 0.0011567 secs] [Times: user=0.01 sys=0.00, real=0.00 secs] 
2014-07-09T15:43:54.182+0200: 43.005: [GC [PSYoungGen: 7337K->5090K(11264K)] 19537K->19483K(27648K), 0.0057208 secs] [Times: user=0.00 sys=0.00, real=0.01 secs] 
2014-07-09T15:43:54.188+0200: 43.011: [Full GC [PSYoungGen: 5090K->0K(11264K)] [ParOldGen: 14392K->7807K(16384K)] 19483K->7807K(27648K) [PSPermGen: 2474K->2474K(21504K)], 0.0130145 secs] [Times: user=0.02 sys=0.00, real=0.01 secs] 
2014-07-09T15:43:54.204+0200: 43.027: [GC [PSYoungGen: 6122K->5090K(11264K)] 13930K->13058K(27648K), 0.0045055 secs] [Times: user=0.00 sys=0.00, real=0.01 secs] 
2014-07-09T15:43:54.228+0200: 43.051: [GC [PSYoungGen: 11213K->3169K(11264K)] 19181K->11145K(27648K), 0.0015813 secs] [Times: user=0.00 sys=0.00, real=0.00 secs] 
2014-07-09T15:43:54.278+0200: 43.100: [GC [PSYoungGen: 9292K->1088K(11264K)] 17268K->9072K(27648K), 0.0007593 secs] [Times: user=0.00 sys=0.00, real=0.00 secs] 
2014-07-09T15:43:54.281+0200: 43.104: [GC [PSYoungGen: 7209K->5090K(11264K)] 15193K->15139K(27648K), 0.0052299 secs] [Times: user=0.00 sys=0.00, real=0.01 secs] 
2014-07-09T15:43:54.289+0200: 43.112: [GC [PSYoungGen: 11213K->5090K(11264K)] 21262K->15171K(27648K), 0.0038052 secs] [Times: user=0.00 sys=0.00, real=0.00 secs] 
2014-07-09T15:43:54.328+0200: 43.150: [GC [PSYoungGen: 11228K->1376K(11264K)] 21309K->11465K(27648K), 0.0008018 secs] [Times: user=0.00 sys=0.00, real=0.00 secs] 
2014-07-09T15:43:54.331+0200: 43.154: [GC [PSYoungGen: 7497K->5090K(11264K)] 17586K->17532K(27648K), 0.0058176 secs] [Times: user=0.03 sys=0.00, real=0.01 secs] 
2014-07-09T15:43:54.382+0200: 43.204: [GC [PSYoungGen: 11213K->5090K(11264K)] 23655K->17820K(27648K), 0.0161576 secs] [Times: user=0.03 sys=0.00, real=0.02 secs] 
2014-07-09T15:43:54.401+0200: 43.223: [GC [PSYoungGen: 11213K->3329K(11264K)] 23943K->16067K(27648K), 0.0024208 secs] [Times: user=0.00 sys=0.00, real=0.00 secs] 
2014-07-09T15:43:54.428+0200: 43.250: [GC [PSYoungGen: 9452K->1248K(11264K)] 22190K->13994K(27648K), 0.0007857 secs] [Times: user=0.00 sys=0.00, real=0.00 secs] 
2014-07-09T15:43:54.431+0200: 43.254: [GC [PSYoungGen: 7369K->5090K(11264K)] 20115K->20061K(27648K), 0.0056952 secs] [Times: user=0.00 sys=0.00, real=0.01 secs] 
2014-07-09T15:43:54.437+0200: 43.259: [Full GC [PSYoungGen: 5090K->0K(11264K)] [ParOldGen: 14971K->7841K(16384K)] 20061K->7841K(27648K) [PSPermGen: 2474K->2474K(21504K)], 0.0100177 secs] [Times: user=0.03 sys=0.00, real=0.01 secs] 
2014-07-09T15:43:54.479+0200: 43.302: [GC [PSYoungGen: 6122K->5090K(11264K)] 13964K->13124K(27648K), 0.0041557 secs] [Times: user=0.00 sys=0.00, real=0.00 secs] 
2014-07-09T15:43:54.486+0200: 43.308: [GC [PSYoungGen: 11213K->3201K(11264K)] 19247K->11243K(27648K), 0.0026705 secs] [Times: user=0.00 sys=0.00, real=0.00 secs] 
2014-07-09T15:43:54.528+0200: 43.350: [GC [PSYoungGen: 9324K->1120K(11264K)] 17366K->9170K(27648K), 0.0007901 secs] [Times: user=0.00 sys=0.00, real=0.00 secs] 
2014-07-09T15:43:54.531+0200: 43.353: [GC [PSYoungGen: 7241K->5090K(11264K)] 15291K->15237K(27648K), 0.0061509 secs] [Times: user=0.00 sys=0.00, real=0.01 secs] 
2014-07-09T15:43:54.580+0200: 43.402: [GC [PSYoungGen: 11216K->4129K(11264K)] 21363K->14276K(27648K), 0.0049718 secs] [Times: user=0.01 sys=0.00, real=0.01 secs] 
2014-07-09T15:43:54.589+0200: 43.412: [GC [PSYoungGen: 10250K->2048K(11264K)] 20397K->12203K(27648K), 0.0029931 secs] [Times: user=0.00 sys=0.00, real=0.00 secs] 
2014-07-09T15:43:54.597+0200: 43.420: [GC [PSYoungGen: 8169K->5090K(11264K)] 18324K->18270K(27648K), 0.0099770 secs] [Times: user=0.03 sys=0.00, real=0.01 secs] 
2014-07-09T15:43:54.607+0200: 43.430: [Full GC [PSYoungGen: 5090K->0K(11264K)] [ParOldGen: 13180K->8642K(16384K)] 18270K->8642K(27648K) [PSPermGen: 2474K->2474K(21504K)], 0.0116891 secs] [Times: user=0.02 sys=0.00, real=0.01 secs] 
2014-07-09T15:43:54.630+0200: 43.452: [GC [PSYoungGen: 6122K->5090K(11264K)] 14765K->14725K(27648K), 0.0048112 secs] [Times: user=0.03 sys=0.00, real=0.00 secs] 
2014-07-09T15:43:54.681+0200: 43.503: [GC [PSYoungGen: 11213K->4001K(11264K)] 20848K->13645K(27648K), 0.0046100 secs] [Times: user=0.00 sys=0.00, real=0.00 secs] 
2014-07-09T15:43:54.690+0200: 43.512: [GC [PSYoungGen: 10124K->1920K(11264K)] 19768K->11572K(27648K), 0.0028707 secs] [Times: user=0.00 sys=0.00, real=0.00 secs] 
2014-07-09T15:43:54.697+0200: 43.520: [GC [PSYoungGen: 8041K->5090K(11264K)] 17692K->17638K(27648K), 0.0063331 secs] [Times: user=0.00 sys=0.00, real=0.01 secs] 
2014-07-09T15:43:54.730+0200: 43.552: [GC [PSYoungGen: 11213K->5090K(11264K)] 23761K->18503K(27648K), 0.0049920 secs] [Times: user=0.00 sys=0.00, real=0.00 secs] 
2014-07-09T15:43:54.735+0200: 43.557: [Full GC [PSYoungGen: 5090K->0K(11264K)] [ParOldGen: 13412K->6294K(16384K)] 18503K->6294K(27648K) [PSPermGen: 2474K->2474K(21504K)], 0.0136938 secs] [Times: user=0.02 sys=0.00, real=0.01 secs] 
2014-07-09T15:43:54.779+0200: 43.601: [GC [PSYoungGen: 6122K->3841K(11264K)] 12417K->10136K(27648K), 0.0056779 secs] [Times: user=0.00 sys=0.00, real=0.00 secs] 
2014-07-09T15:43:54.787+0200: 43.609: [GC [PSYoungGen: 9976K->224K(11264K)] 16270K->6526K(27648K), 0.0014148 secs] [Times: user=0.02 sys=0.00, real=0.00 secs] 
2014-07-09T15:43:54.791+0200: 43.613: [GC [PSYoungGen: 6345K->5090K(11264K)] 12647K->12625K(27648K), 0.0047694 secs] [Times: user=0.00 sys=0.00, real=0.00 secs] 
2014-07-09T15:43:54.829+0200: 43.651: [GC [PSYoungGen: 11217K->3777K(11264K)] 18752K->11312K(27648K), 0.0023347 secs] [Times: user=0.00 sys=0.00, real=0.00 secs] 
2014-07-09T15:43:54.878+0200: 43.701: [GC [PSYoungGen: 9900K->1664K(11264K)] 17435K->9207K(27648K), 0.0049700 secs] [Times: user=0.01 sys=0.00, real=0.00 secs] 
2014-07-09T15:43:54.887+0200: 43.709: [GC [PSYoungGen: 7785K->5090K(11264K)] 15328K->15306K(27648K), 0.0053868 secs] [Times: user=0.00 sys=0.00, real=0.00 secs] 
2014-07-09T15:43:54.895+0200: 43.717: [GC [PSYoungGen: 11213K->5090K(11264K)] 21429K->15947K(27648K), 0.0049634 secs] [Times: user=0.02 sys=0.00, real=0.01 secs] 
2014-07-09T15:43:54.929+0200: 43.751: [GC [PSYoungGen: 11213K->3617K(11264K)] 22070K->14482K(27648K), 0.0127787 secs] [Times: user=0.00 sys=0.00, real=0.01 secs] 
2014-07-09T15:43:54.978+0200: 43.800: [GC [PSYoungGen: 9740K->1568K(11264K)] 20605K->12441K(27648K), 0.0009565 secs] [Times: user=0.00 sys=0.00, real=0.00 secs] 
2014-07-09T15:43:54.982+0200: 43.804: [GC [PSYoungGen: 7689K->5090K(11264K)] 18562K->18508K(27648K), 0.0055973 secs] [Times: user=0.00 sys=0.00, real=0.00 secs] 
2014-07-09T15:43:54.987+0200: 43.810: [Full GC [PSYoungGen: 5090K->0K(11264K)] [ParOldGen: 13417K->8141K(16384K)] 18508K->8141K(27648K) [PSPermGen: 2474K->2474K(21504K)], 0.0102054 secs] [Times: user=0.02 sys=0.00, real=0.01 secs] 
2014-07-09T15:43:55.000+0200: 43.823: [GC [PSYoungGen: 6122K->5090K(11264K)] 14264K->13744K(27648K), 0.0046774 secs] [Times: user=0.00 sys=0.00, real=0.01 secs] 
2014-07-09T15:43:55.029+0200: 43.851: [GC [PSYoungGen: 11218K->2497K(11264K)] 19873K->11159K(27648K), 0.0013063 secs] [Times: user=0.00 sys=0.00, real=0.00 secs] 
2014-07-09T15:43:55.078+0200: 43.900: [GC [PSYoungGen: 8620K->384K(11264K)] 17282K->9054K(27648K), 0.0017521 secs] [Times: user=0.00 sys=0.00, real=0.00 secs] 
2014-07-09T15:43:55.085+0200: 43.907: [GC [PSYoungGen: 6505K->5090K(11264K)] 15175K->15153K(27648K), 0.0064163 secs] [Times: user=0.00 sys=0.00, real=0.01 secs] 
2014-07-09T15:43:55.095+0200: 43.917: [GC [PSYoungGen: 11213K->4450K(11264K)] 21276K->14512K(27648K), 0.0036615 secs] [Times: user=0.00 sys=0.00, real=0.00 secs] 
2014-07-09T15:43:55.129+0200: 43.951: [GC [PSYoungGen: 10573K->2369K(11264K)] 20635K->12439K(27648K), 0.0015556 secs] [Times: user=0.00 sys=0.00, real=0.00 secs] 
2014-07-09T15:43:55.179+0200: 44.001: [GC [PSYoungGen: 8492K->288K(11264K)] 18562K->10366K(27648K), 0.0020139 secs] [Times: user=0.00 sys=0.00, real=0.00 secs] 
2014-07-09T15:43:55.185+0200: 44.008: [GC [PSYoungGen: 6409K->5090K(11264K)] 16487K->16433K(27648K), 0.0091642 secs] [Times: user=0.00 sys=0.02, real=0.01 secs] 
2014-07-09T15:43:55.200+0200: 44.023: [GC [PSYoungGen: 11213K->4322K(11264K)] 22556K->15665K(27648K), 0.0057685 secs] [Times: user=0.00 sys=0.00, real=0.01 secs] 
2014-07-09T15:43:55.228+0200: 44.051: [GC [PSYoungGen: 10445K->2241K(11264K)] 21788K->13592K(27648K), 0.0013129 secs] [Times: user=0.00 sys=0.00, real=0.00 secs] 
2014-07-09T15:43:55.278+0200: 44.100: [GC [PSYoungGen: 8364K->160K(11264K)] 19715K->11519K(27648K), 0.0004858 secs] [Times: user=0.00 sys=0.00, real=0.00 secs] 
2014-07-09T15:43:55.280+0200: 44.103: [GC [PSYoungGen: 6281K->5090K(11264K)] 17640K->17586K(27648K), 0.0048028 secs] [Times: user=0.00 sys=0.00, real=0.01 secs] 
2014-07-09T15:43:55.288+0200: 44.110: [GC [PSYoungGen: 11213K->4194K(11264K)] 23709K->16690K(27648K), 0.0037066 secs] [Times: user=0.00 sys=0.00, real=0.00 secs] 
2014-07-09T15:43:55.332+0200: 44.154: [GC [PSYoungGen: 10331K->448K(11264K)] 22827K->12952K(27648K), 0.0005719 secs] [Times: user=0.00 sys=0.00, real=0.00 secs] 
2014-07-09T15:43:55.335+0200: 44.157: [GC [PSYoungGen: 6569K->5090K(11264K)] 19073K->19019K(27648K), 0.0050173 secs] [Times: user=0.00 sys=0.00, real=0.00 secs] 
2014-07-09T15:43:55.340+0200: 44.163: [Full GC [PSYoungGen: 5090K->0K(11264K)] [ParOldGen: 13928K->7033K(16384K)] 19019K->7033K(27648K) [PSPermGen: 2474K->2474K(21504K)], 0.0102509 secs] [Times: user=0.03 sys=0.00, real=0.01 secs] 
2014-07-09T15:43:55.379+0200: 44.202: [GC [PSYoungGen: 6122K->4482K(11264K)] 13156K->11515K(27648K), 0.0033865 secs] [Times: user=0.03 sys=0.00, real=0.00 secs] 
2014-07-09T15:43:55.386+0200: 44.208: [GC [PSYoungGen: 10605K->2401K(11264K)] 17638K->9442K(27648K), 0.0051016 secs] [Times: user=0.00 sys=0.00, real=0.01 secs] 
2014-07-09T15:43:55.428+0200: 44.250: [GC [PSYoungGen: 8524K->288K(11264K)] 15565K->7337K(27648K), 0.0050954 secs] [Times: user=0.00 sys=0.00, real=0.01 secs] 
2014-07-09T15:43:55.436+0200: 44.259: [GC [PSYoungGen: 6409K->5090K(11264K)] 13458K->13436K(27648K), 0.0045660 secs] [Times: user=0.00 sys=0.00, real=0.00 secs] 
2014-07-09T15:43:55.481+0200: 44.304: [GC [PSYoungGen: 11213K->4354K(11264K)] 19559K->12699K(27648K), 0.0034052 secs] [Times: user=0.00 sys=0.00, real=0.00 secs] 
2014-07-09T15:43:55.487+0200: 44.310: [GC [PSYoungGen: 10477K->2273K(11264K)] 18822K->10626K(27648K), 0.0015838 secs] [Times: user=0.00 sys=0.00, real=0.00 secs] 
2014-07-09T15:43:55.532+0200: 44.355: [GC [PSYoungGen: 8396K->192K(11264K)] 16749K->8553K(27648K), 0.0005818 secs] [Times: user=0.00 sys=0.00, real=0.00 secs] 
2014-07-09T15:43:55.535+0200: 44.358: [GC [PSYoungGen: 6313K->5090K(11264K)] 14674K->14620K(27648K), 0.0048692 secs] [Times: user=0.03 sys=0.00, real=0.00 secs] 
2014-07-09T15:43:55.578+0200: 44.401: [GC [PSYoungGen: 11222K->2689K(11264K)] 20753K->12219K(27648K), 0.0019006 secs] [Times: user=0.00 sys=0.00, real=0.00 secs] 
2014-07-09T15:43:55.583+0200: 44.405: [GC [PSYoungGen: 8812K->608K(11264K)] 18342K->10146K(27648K), 0.0024623 secs] [Times: user=0.02 sys=0.02, real=0.00 secs] 
2014-07-09T15:43:55.588+0200: 44.411: [GC [PSYoungGen: 6729K->5090K(11264K)] 16267K->16213K(27648K), 0.0047284 secs] [Times: user=0.00 sys=0.00, real=0.00 secs] 
2014-07-09T15:43:55.666+0200: 44.488: [GC [PSYoungGen: 11213K->4642K(11264K)] 22336K->15765K(27648K), 0.0034030 secs] [Times: user=0.00 sys=0.00, real=0.00 secs] 
2014-07-09T15:43:55.678+0200: 44.501: [GC [PSYoungGen: 10765K->2561K(11264K)] 21888K->13692K(27648K), 0.0014936 secs] [Times: user=0.00 sys=0.00, real=0.00 secs] 
2014-07-09T15:43:55.682+0200: 44.505: [GC [PSYoungGen: 8684K->480K(11264K)] 19815K->11619K(27648K), 0.0048090 secs] [Times: user=0.00 sys=0.00, real=0.01 secs] 
2014-07-09T15:43:55.690+0200: 44.512: [GC [PSYoungGen: 6601K->5090K(11264K)] 17740K->17686K(27648K), 0.0048120 secs] [Times: user=0.03 sys=0.00, real=0.00 secs] 
2014-07-09T15:43:55.729+0200: 44.551: [GC [PSYoungGen: 11213K->4514K(11264K)] 23809K->17110K(27648K), 0.0035130 secs] [Times: user=0.00 sys=0.00, real=0.00 secs] 
2014-07-09T15:43:55.780+0200: 44.602: [GC [PSYoungGen: 10637K->2433K(11264K)] 23232K->15036K(27648K), 0.0027640 secs] [Times: user=0.00 sys=0.00, real=0.00 secs] 
2014-07-09T15:43:55.789+0200: 44.612: [GC [PSYoungGen: 8556K->352K(11264K)] 21159K->12963K(27648K), 0.0018331 secs] [Times: user=0.00 sys=0.00, real=0.00 secs] 
2014-07-09T15:43:55.797+0200: 44.620: [GC [PSYoungGen: 6473K->5090K(11264K)] 19084K->19030K(27648K), 0.0087547 secs] [Times: user=0.03 sys=0.00, real=0.01 secs] 
2014-07-09T15:43:55.829+0200: 44.651: [GC [PSYoungGen: 11222K->2849K(11264K)] 25163K->16789K(27648K), 0.0016821 secs] [Times: user=0.00 sys=0.00, real=0.00 secs] 
2014-07-09T15:43:55.878+0200: 44.700: [GC [PSYoungGen: 8972K->768K(11264K)] 22912K->14716K(27648K), 0.0008572 secs] [Times: user=0.00 sys=0.00, real=0.00 secs] 
2014-07-09T15:43:55.882+0200: 44.704: [GC [PSYoungGen: 6889K->5090K(11264K)] 20837K->20783K(27648K), 0.0053384 secs] [Times: user=0.00 sys=0.00, real=0.01 secs] 
2014-07-09T15:43:55.887+0200: 44.710: [Full GC [PSYoungGen: 5090K->0K(11264K)] [ParOldGen: 15693K->7359K(16384K)] 20783K->7359K(27648K) [PSPermGen: 2474K->2474K(21504K)], 0.0201090 secs] [Times: user=0.02 sys=0.00, real=0.02 secs] 
2014-07-09T15:43:55.912+0200: 44.735: [GC [PSYoungGen: 6122K->4770K(11264K)] 13482K->12130K(27648K), 0.0042609 secs] [Times: user=0.00 sys=0.00, real=0.01 secs] 
2014-07-09T15:43:55.929+0200: 44.751: [GC [PSYoungGen: 10893K->2721K(11264K)] 18253K->10089K(27648K), 0.0017536 secs] [Times: user=0.00 sys=0.00, real=0.00 secs] 
2014-07-09T15:43:55.978+0200: 44.800: [GC [PSYoungGen: 8844K->640K(11264K)] 16212K->8016K(27648K), 0.0006607 secs] [Times: user=0.00 sys=0.00, real=0.00 secs] 
2014-07-09T15:43:55.981+0200: 44.803: [GC [PSYoungGen: 6761K->5090K(11264K)] 14137K->14083K(27648K), 0.0050851 secs] [Times: user=0.00 sys=0.00, real=0.01 secs] 
2014-07-09T15:43:55.988+0200: 44.811: [GC [PSYoungGen: 11213K->4674K(11264K)] 20206K->13666K(27648K), 0.0036296 secs] [Times: user=0.03 sys=0.00, real=0.00 secs] 
2014-07-09T15:43:56.029+0200: 44.851: [GC [PSYoungGen: 10797K->2561K(11264K)] 19789K->11561K(27648K), 0.0024458 secs] [Times: user=0.00 sys=0.00, real=0.00 secs] 
2014-07-09T15:43:56.034+0200: 44.857: [GC [PSYoungGen: 8700K->640K(11264K)] 17701K->9648K(27648K), 0.0068772 secs] [Times: user=0.02 sys=0.00, real=0.01 secs] 
2014-07-09T15:43:56.081+0200: 44.903: [GC [PSYoungGen: 6781K->5090K(11264K)] 15790K->14651K(27648K), 0.0081340 secs] [Times: user=0.01 sys=0.00, real=0.01 secs] 
2014-07-09T15:43:56.093+0200: 44.916: [GC [PSYoungGen: 11213K->3553K(11264K)] 20774K->13122K(27648K), 0.0047977 secs] [Times: user=0.00 sys=0.00, real=0.01 secs] 
2014-07-09T15:43:56.128+0200: 44.951: [GC [PSYoungGen: 9676K->1472K(11264K)] 19245K->11049K(27648K), 0.0012634 secs] [Times: user=0.02 sys=0.00, real=0.00 secs] 
2014-07-09T15:43:56.132+0200: 44.955: [GC [PSYoungGen: 7593K->5090K(11264K)] 17170K->17116K(27648K), 0.0060966 secs] [Times: user=0.00 sys=0.00, real=0.01 secs] 
2014-07-09T15:43:56.179+0200: 45.002: [GC [PSYoungGen: 11213K->5090K(11264K)] 23239K->17532K(27648K), 0.0045139 secs] [Times: user=0.00 sys=0.00, real=0.01 secs] 
2014-07-09T15:43:56.187+0200: 45.009: [GC [PSYoungGen: 11213K->3425K(11264K)] 23655K->15875K(27648K), 0.0029304 secs] [Times: user=0.00 sys=0.00, real=0.00 secs] 
2014-07-09T15:43:56.228+0200: 45.051: [GC [PSYoungGen: 9548K->1344K(11264K)] 21998K->13802K(27648K), 0.0018573 secs] [Times: user=0.00 sys=0.00, real=0.00 secs] 
2014-07-09T15:43:56.235+0200: 45.058: [GC [PSYoungGen: 7465K->5090K(11264K)] 19923K->19869K(27648K), 0.0096456 secs] [Times: user=0.03 sys=0.00, real=0.01 secs] 
2014-07-09T15:43:56.245+0200: 45.068: [Full GC [PSYoungGen: 5090K->0K(11264K)] [ParOldGen: 14779K->7936K(16384K)] 19869K->7936K(27648K) [PSPermGen: 2474K->2474K(21504K)], 0.0184501 secs] [Times: user=0.02 sys=0.00, real=0.02 secs] 
2014-07-09T15:43:56.279+0200: 45.102: [GC [PSYoungGen: 6122K->5090K(11264K)] 14059K->13315K(27648K), 0.0042492 secs] [Times: user=0.00 sys=0.00, real=0.00 secs] 
2014-07-09T15:43:56.287+0200: 45.109: [GC [PSYoungGen: 11213K->3297K(11264K)] 19438K->11530K(27648K), 0.0027031 secs] [Times: user=0.00 sys=0.00, real=0.00 secs] 
2014-07-09T15:43:56.292+0200: 45.115: [GC [PSYoungGen: 9438K->192K(11264K)] 17671K->8432K(27648K), 0.0007124 secs] [Times: user=0.00 sys=0.00, real=0.00 secs] 
2014-07-09T15:43:56.329+0200: 45.151: [GC [PSYoungGen: 6317K->5090K(11264K)] 14558K->13403K(27648K), 0.0037953 secs] [Times: user=0.01 sys=0.00, real=0.00 secs] 
2014-07-09T15:43:56.379+0200: 45.202: [GC [PSYoungGen: 11213K->3073K(11264K)] 19526K->11394K(27648K), 0.0035753 secs] [Times: user=0.00 sys=0.00, real=0.00 secs] 
2014-07-09T15:43:56.388+0200: 45.211: [GC [PSYoungGen: 9196K->960K(11264K)] 17517K->9289K(27648K), 0.0039361 secs] [Times: user=0.00 sys=0.00, real=0.00 secs] 
2014-07-09T15:43:56.397+0200: 45.219: [GC [PSYoungGen: 7081K->5090K(11264K)] 15410K->15388K(27648K), 0.0092760 secs] [Times: user=0.00 sys=0.00, real=0.01 secs] 
2014-07-09T15:43:56.429+0200: 45.252: [GC [PSYoungGen: 11213K->5026K(11264K)] 21511K->15324K(27648K), 0.0038716 secs] [Times: user=0.00 sys=0.00, real=0.00 secs] 
2014-07-09T15:43:56.478+0200: 45.301: [GC [PSYoungGen: 11149K->2945K(11264K)] 21447K->13251K(27648K), 0.0015567 secs] [Times: user=0.00 sys=0.00, real=0.00 secs] 
2014-07-09T15:43:56.483+0200: 45.305: [GC [PSYoungGen: 9068K->864K(11264K)] 19374K->11178K(27648K), 0.0010889 secs] [Times: user=0.00 sys=0.00, real=0.00 secs] 
2014-07-09T15:43:56.487+0200: 45.310: [GC [PSYoungGen: 6985K->5090K(11264K)] 17299K->17245K(27648K), 0.0051647 secs] [Times: user=0.03 sys=0.00, real=0.01 secs] 
2014-07-09T15:43:56.529+0200: 45.351: [GC [PSYoungGen: 11213K->4898K(11264K)] 23368K->17053K(27648K), 0.0036641 secs] [Times: user=0.00 sys=0.00, real=0.00 secs] 
2014-07-09T15:43:56.578+0200: 45.401: [GC [PSYoungGen: 11024K->1792K(11264K)] 23179K->13955K(27648K), 0.0009598 secs] [Times: user=0.00 sys=0.00, real=0.00 secs] 
2014-07-09T15:43:56.581+0200: 45.404: [GC [PSYoungGen: 7913K->5090K(11264K)] 20076K->20022K(27648K), 0.0060864 secs] [Times: user=0.00 sys=0.02, real=0.01 secs] 
2014-07-09T15:43:56.588+0200: 45.410: [Full GC [PSYoungGen: 5090K->0K(11264K)] [ParOldGen: 14931K->8387K(16384K)] 20022K->8387K(27648K) [PSPermGen: 2474K->2474K(21504K)], 0.0156501 secs] [Times: user=0.03 sys=0.00, real=0.01 secs] 
2014-07-09T15:43:56.605+0200: 45.428: [GC [PSYoungGen: 6122K->5090K(11264K)] 14510K->14214K(27648K), 0.0045209 secs] [Times: user=0.00 sys=0.00, real=0.00 secs] 
2014-07-09T15:43:56.629+0200: 45.451: [GC [PSYoungGen: 11213K->3745K(11264K)] 20337K->12877K(27648K), 0.0023629 secs] [Times: user=0.00 sys=0.00, real=0.00 secs] 
2014-07-09T15:43:56.679+0200: 45.501: [GC [PSYoungGen: 9868K->1664K(11264K)] 19000K->10804K(27648K), 0.0020700 secs] [Times: user=0.00 sys=0.00, real=0.00 secs] 
2014-07-09T15:43:56.685+0200: 45.508: [GC [PSYoungGen: 7785K->5090K(11264K)] 16925K->16871K(27648K), 0.0104019 secs] [Times: user=0.02 sys=0.00, real=0.01 secs] 
2014-07-09T15:43:56.700+0200: 45.523: [GC [PSYoungGen: 11213K->5090K(11264K)] 22994K->17480K(27648K), 0.0071928 secs] [Times: user=0.00 sys=0.00, real=0.01 secs] 
2014-07-09T15:43:56.729+0200: 45.551: [GC [PSYoungGen: 11213K->3617K(11264K)] 23603K->16015K(27648K), 0.0024568 secs] [Times: user=0.00 sys=0.00, real=0.00 secs] 
2014-07-09T15:43:56.779+0200: 45.601: [GC [PSYoungGen: 9740K->1536K(11264K)] 22138K->13942K(27648K), 0.0021957 secs] [Times: user=0.00 sys=0.00, real=0.00 secs] 
2014-07-09T15:43:56.785+0200: 45.608: [GC [PSYoungGen: 7657K->5090K(11264K)] 20063K->20009K(27648K), 0.0096771 secs] [Times: user=0.00 sys=0.00, real=0.01 secs] 
2014-07-09T15:43:56.795+0200: 45.618: [Full GC [PSYoungGen: 5090K->0K(11264K)] [ParOldGen: 14918K->8131K(16384K)] 20009K->8131K(27648K) [PSPermGen: 2474K->2474K(21504K)], 0.0146984 secs] [Times: user=0.01 sys=0.00, real=0.01 secs] 
2014-07-09T15:43:56.813+0200: 45.636: [GC [PSYoungGen: 6122K->5090K(11264K)] 14254K->13702K(27648K), 0.0046880 secs] [Times: user=0.03 sys=0.00, real=0.01 secs] 
2014-07-09T15:43:56.828+0200: 45.651: [GC [PSYoungGen: 11222K->1952K(11264K)] 19834K->10572K(27648K), 0.0009778 secs] [Times: user=0.00 sys=0.00, real=0.00 secs] 
2014-07-09T15:43:56.831+0200: 45.654: [GC [PSYoungGen: 8073K->5090K(11264K)] 16693K->16639K(27648K), 0.0060706 secs] [Times: user=0.02 sys=0.00, real=0.01 secs] 
2014-07-09T15:43:56.881+0200: 45.703: [GC [PSYoungGen: 11213K->5090K(11264K)] 22762K->17512K(27648K), 0.0064988 secs] [Times: user=0.00 sys=0.00, real=0.01 secs] 
2014-07-09T15:43:56.890+0200: 45.713: [GC [PSYoungGen: 11213K->3905K(11264K)] 23635K->16335K(27648K), 0.0039090 secs] [Times: user=0.02 sys=0.00, real=0.00 secs] 
2014-07-09T15:43:56.928+0200: 45.751: [GC [PSYoungGen: 10028K->1792K(11264K)] 22458K->14230K(27648K), 0.0011197 secs] [Times: user=0.00 sys=0.00, real=0.00 secs] 
2014-07-09T15:43:56.932+0200: 45.754: [GC [PSYoungGen: 7913K->5090K(11264K)] 20351K->20321K(27648K), 0.0182481 secs] [Times: user=0.02 sys=0.00, real=0.02 secs] 
2014-07-09T15:43:56.950+0200: 45.772: [Full GC [PSYoungGen: 5090K->0K(11264K)] [ParOldGen: 15230K->8420K(16384K)] 20321K->8420K(27648K) [PSPermGen: 2474K->2474K(21504K)], 0.0123051 secs] [Times: user=0.02 sys=0.00, real=0.01 secs] 
2014-07-09T15:43:56.979+0200: 45.802: [GC [PSYoungGen: 6122K->5090K(11264K)] 14543K->14279K(27648K), 0.0045663 secs] [Times: user=0.00 sys=0.00, real=0.00 secs] 
2014-07-09T15:43:56.986+0200: 45.809: [GC [PSYoungGen: 11213K->3777K(11264K)] 20402K->12974K(27648K), 0.0029132 secs] [Times: user=0.03 sys=0.00, real=0.00 secs] 
2014-07-09T15:43:57.028+0200: 45.851: [GC [PSYoungGen: 9900K->1696K(11264K)] 19097K->10901K(27648K), 0.0010020 secs] [Times: user=0.00 sys=0.00, real=0.00 secs] 
2014-07-09T15:43:57.032+0200: 45.854: [GC [PSYoungGen: 7817K->5090K(11264K)] 17022K->16968K(27648K), 0.0058323 secs] [Times: user=0.03 sys=0.00, real=0.01 secs] 
2014-07-09T15:43:57.080+0200: 45.902: [GC [PSYoungGen: 11224K->4162K(11264K)] 23103K->16040K(27648K), 0.0159306 secs] [Times: user=0.01 sys=0.00, real=0.02 secs] 
2014-07-09T15:43:57.099+0200: 45.921: [GC [PSYoungGen: 10283K->2081K(11264K)] 22161K->13967K(27648K), 0.0018089 secs] [Times: user=0.00 sys=0.00, real=0.00 secs] 
2014-07-09T15:43:57.103+0200: 45.926: [GC [PSYoungGen: 8201K->5090K(11264K)] 20088K->20066K(27648K), 0.0058579 secs] [Times: user=0.00 sys=0.00, real=0.01 secs] 
2014-07-09T15:43:57.109+0200: 45.932: [Full GC [PSYoungGen: 5090K->0K(11264K)] [ParOldGen: 14975K->8710K(16384K)] 20066K->8710K(27648K) [PSPermGen: 2474K->2474K(21504K)], 0.0136286 secs] [Times: user=0.02 sys=0.00, real=0.01 secs] 
2014-07-09T15:43:57.130+0200: 45.952: [GC [PSYoungGen: 6122K->5090K(11264K)] 14832K->14857K(27648K), 0.0046140 secs] [Times: user=0.00 sys=0.00, real=0.00 secs] 
2014-07-09T15:43:57.179+0200: 46.001: [GC [PSYoungGen: 11213K->4065K(11264K)] 20980K->13840K(27648K), 0.0029224 secs] [Times: user=0.00 sys=0.00, real=0.00 secs] 
2014-07-09T15:43:57.184+0200: 46.006: [GC [PSYoungGen: 10188K->1984K(11264K)] 19963K->11767K(27648K), 0.0018845 secs] [Times: user=0.00 sys=0.00, real=0.00 secs] 
2014-07-09T15:43:57.188+0200: 46.011: [GC [PSYoungGen: 8105K->5090K(11264K)] 17888K->17834K(27648K), 0.0061490 secs] [Times: user=0.03 sys=0.00, real=0.01 secs] 
2014-07-09T15:43:57.194+0200: 46.017: [Full GC [PSYoungGen: 5090K->0K(11264K)] [ParOldGen: 12744K->8582K(16384K)] 17834K->8582K(27648K) [PSPermGen: 2474K->2474K(21504K)], 0.0103843 secs] [Times: user=0.00 sys=0.00, real=0.01 secs] 
2014-07-09T15:43:57.230+0200: 46.052: [GC [PSYoungGen: 6122K->5090K(11264K)] 14704K->14600K(27648K), 0.0045920 secs] [Times: user=0.00 sys=0.00, real=0.00 secs] 
2014-07-09T15:43:57.282+0200: 46.104: [GC [PSYoungGen: 11213K->3937K(11264K)] 20723K->13456K(27648K), 0.0054756 secs] [Times: user=0.03 sys=0.00, real=0.00 secs] 
2014-07-09T15:43:57.292+0200: 46.115: [GC [PSYoungGen: 10072K->1216K(11264K)] 19590K->10743K(27648K), 0.0026430 secs] [Times: user=0.00 sys=0.00, real=0.00 secs] 
2014-07-09T15:43:57.302+0200: 46.124: [GC [PSYoungGen: 7337K->5090K(11264K)] 16864K->16810K(27648K), 0.0073046 secs] [Times: user=0.00 sys=0.00, real=0.01 secs] 
2014-07-09T15:43:57.329+0200: 46.151: [GC [PSYoungGen: 11218K->4226K(11264K)] 22938K->15945K(27648K), 0.0032597 secs] [Times: user=0.03 sys=0.00, real=0.00 secs] 
2014-07-09T15:43:57.379+0200: 46.202: [GC [PSYoungGen: 10349K->2113K(11264K)] 22068K->13840K(27648K), 0.0035654 secs] [Times: user=0.00 sys=0.00, real=0.00 secs] 
2014-07-09T15:43:57.388+0200: 46.211: [GC [PSYoungGen: 8234K->32K(11264K)] 19961K->11767K(27648K), 0.0078902 secs] [Times: user=0.01 sys=0.00, real=0.01 secs] 
2014-07-09T15:43:57.398+0200: 46.221: [GC [PSYoungGen: 6152K->5090K(11264K)] 17888K->17866K(27648K), 0.0048354 secs] [Times: user=0.00 sys=0.00, real=0.01 secs] 
2014-07-09T15:43:57.429+0200: 46.251: [GC [PSYoungGen: 11211K->4097K(11264K)] 23987K->16873K(27648K), 0.0027193 secs] [Times: user=0.00 sys=0.00, real=0.00 secs] 
2014-07-09T15:43:57.478+0200: 46.301: [GC [PSYoungGen: 10220K->2016K(11264K)] 22996K->14800K(27648K), 0.0010518 secs] [Times: user=0.00 sys=0.00, real=0.00 secs] 
2014-07-09T15:43:57.482+0200: 46.304: [GC [PSYoungGen: 8137K->5090K(11264K)] 20921K->20867K(27648K), 0.0061839 secs] [Times: user=0.03 sys=0.00, real=0.01 secs] 
2014-07-09T15:43:57.488+0200: 46.311: [Full GC [PSYoungGen: 5090K->0K(11264K)] [ParOldGen: 15777K->8615K(16384K)] 20867K->8615K(27648K) [PSPermGen: 2474K->2474K(21504K)], 0.0105797 secs] [Times: user=0.00 sys=0.00, real=0.01 secs] 
2014-07-09T15:43:57.501+0200: 46.324: [GC [PSYoungGen: 6122K->5090K(11264K)] 14738K->14666K(27648K), 0.0048072 secs] [Times: user=0.03 sys=0.00, real=0.01 secs] 
2014-07-09T15:43:57.529+0200: 46.351: [GC [PSYoungGen: 11218K->2945K(11264K)] 20795K->12529K(27648K), 0.0019065 secs] [Times: user=0.00 sys=0.00, real=0.00 secs] 
2014-07-09T15:43:57.578+0200: 46.400: [GC [PSYoungGen: 9068K->864K(11264K)] 18652K->10456K(27648K), 0.0006695 secs] [Times: user=0.00 sys=0.00, real=0.00 secs] 
2014-07-09T15:43:57.580+0200: 46.403: [GC [PSYoungGen: 6985K->5090K(11264K)] 16577K->16523K(27648K), 0.0059052 secs] [Times: user=0.00 sys=0.02, real=0.01 secs] 
2014-07-09T15:43:57.588+0200: 46.411: [GC [PSYoungGen: 11213K->4898K(11264K)] 22646K->16331K(27648K), 0.0038833 secs] [Times: user=0.00 sys=0.00, real=0.00 secs] 
2014-07-09T15:43:57.629+0200: 46.451: [GC [PSYoungGen: 11021K->2817K(11264K)] 22454K->14258K(27648K), 0.0016524 secs] [Times: user=0.00 sys=0.00, real=0.00 secs] 
2014-07-09T15:43:57.678+0200: 46.500: [GC [PSYoungGen: 8940K->736K(11264K)] 20381K->12185K(27648K), 0.0006966 secs] [Times: user=0.00 sys=0.00, real=0.00 secs] 
2014-07-09T15:43:57.681+0200: 46.504: [GC [PSYoungGen: 6857K->5090K(11264K)] 18306K->18252K(27648K), 0.0052310 secs] [Times: user=0.00 sys=0.00, real=0.01 secs] 
2014-07-09T15:43:57.691+0200: 46.513: [GC [PSYoungGen: 11213K->4770K(11264K)] 24375K->17932K(27648K), 0.0041212 secs] [Times: user=0.00 sys=0.00, real=0.00 secs] 
2014-07-09T15:43:57.728+0200: 46.551: [GC [PSYoungGen: 10893K->2657K(11264K)] 24055K->15827K(27648K), 0.0035269 secs] [Times: user=0.00 sys=0.00, real=0.00 secs] 
2014-07-09T15:43:57.778+0200: 46.600: [GC [PSYoungGen: 8780K->608K(11264K)] 21950K->13786K(27648K), 0.0006955 secs] [Times: user=0.00 sys=0.00, real=0.00 secs] 
2014-07-09T15:43:57.781+0200: 46.603: [GC [PSYoungGen: 6729K->5090K(11264K)] 19907K->19853K(27648K), 0.0050877 secs] [Times: user=0.03 sys=0.00, real=0.01 secs] 
2014-07-09T15:43:57.786+0200: 46.608: [Full GC [PSYoungGen: 5090K->0K(11264K)] [ParOldGen: 14762K->7207K(16384K)] 19853K->7207K(27648K) [PSPermGen: 2474K->2474K(21504K)], 0.0094047 secs] [Times: user=0.00 sys=0.00, real=0.01 secs] 
2014-07-09T15:43:57.798+0200: 46.621: [GC [PSYoungGen: 6122K->4642K(11264K)] 13330K->11849K(27648K), 0.0038903 secs] [Times: user=0.03 sys=0.00, real=0.00 secs] 
2014-07-09T15:43:57.828+0200: 46.650: [GC [PSYoungGen: 10780K->512K(11264K)] 17987K->7727K(27648K), 0.0005859 secs] [Times: user=0.00 sys=0.00, real=0.00 secs] 
2014-07-09T15:43:57.830+0200: 46.653: [GC [PSYoungGen: 6633K->5090K(11264K)] 13848K->13794K(27648K), 0.0051672 secs] [Times: user=0.00 sys=0.00, real=0.01 secs] 
2014-07-09T15:43:57.880+0200: 46.702: [GC [PSYoungGen: 11213K->4514K(11264K)] 19917K->13218K(27648K), 0.0045242 secs] [Times: user=0.00 sys=0.00, real=0.00 secs] 
2014-07-09T15:43:57.887+0200: 46.709: [GC [PSYoungGen: 10637K->2465K(11264K)] 19341K->11177K(27648K), 0.0019252 secs] [Times: user=0.00 sys=0.00, real=0.00 secs] 
2014-07-09T15:43:57.929+0200: 46.751: [GC [PSYoungGen: 8588K->352K(11264K)] 17300K->9072K(27648K), 0.0022328 secs] [Times: user=0.00 sys=0.00, real=0.00 secs] 
2014-07-09T15:43:57.934+0200: 46.756: [GC [PSYoungGen: 6473K->5090K(11264K)] 15193K->15171K(27648K), 0.0047031 secs] [Times: user=0.00 sys=0.00, real=0.00 secs] 
2014-07-09T15:43:57.980+0200: 46.803: [GC [PSYoungGen: 11213K->4418K(11264K)] 21294K->14499K(27648K), 0.0056952 secs] [Times: user=0.02 sys=0.00, real=0.01 secs] 
2014-07-09T15:43:57.991+0200: 46.814: [GC [PSYoungGen: 10541K->2337K(11264K)] 20622K->12426K(27648K), 0.0030962 secs] [Times: user=0.00 sys=0.00, real=0.00 secs] 
2014-07-09T15:43:58.028+0200: 46.851: [GC [PSYoungGen: 8460K->256K(11264K)] 18549K->10353K(27648K), 0.0014885 secs] [Times: user=0.00 sys=0.00, real=0.00 secs] 
2014-07-09T15:43:58.033+0200: 46.856: [GC [PSYoungGen: 6377K->5090K(11264K)] 16474K->16420K(27648K), 0.0085420 secs] [Times: user=0.00 sys=0.00, real=0.01 secs] 
2014-07-09T15:43:58.080+0200: 46.902: [GC [PSYoungGen: 11216K->3265K(11264K)] 22546K->14595K(27648K), 0.0147259 secs] [Times: user=0.00 sys=0.02, real=0.02 secs] 
2014-07-09T15:43:58.097+0200: 46.920: [GC [PSYoungGen: 9388K->1184K(11264K)] 20718K->12522K(27648K), 0.0012205 secs] [Times: user=0.00 sys=0.00, real=0.00 secs] 
2014-07-09T15:43:58.101+0200: 46.924: [GC [PSYoungGen: 7305K->5090K(11264K)] 18643K->18589K(27648K), 0.0061553 secs] [Times: user=0.00 sys=0.00, real=0.01 secs] 
2014-07-09T15:43:58.129+0200: 46.952: [GC [PSYoungGen: 11213K->5090K(11264K)] 24712K->18717K(27648K), 0.0038195 secs] [Times: user=0.00 sys=0.00, real=0.00 secs] 
2014-07-09T15:43:58.180+0200: 47.003: [GC [PSYoungGen: 11213K->3137K(11264K)] 24840K->16772K(27648K), 0.0033209 secs] [Times: user=0.00 sys=0.00, real=0.00 secs] 
2014-07-09T15:43:58.189+0200: 47.011: [GC [PSYoungGen: 9260K->1056K(11264K)] 22895K->14699K(27648K), 0.0028751 secs] [Times: user=0.00 sys=0.00, real=0.00 secs] 
2014-07-09T15:43:58.197+0200: 47.020: [GC [PSYoungGen: 7177K->5090K(11264K)] 20820K->20758K(27648K), 0.0297689 secs] [Times: user=0.02 sys=0.00, real=0.03 secs] 
2014-07-09T15:43:58.227+0200: 47.050: [Full GC [PSYoungGen: 5090K->0K(11264K)] [ParOldGen: 15667K->7658K(16384K)] 20758K->7658K(27648K) [PSPermGen: 2474K->2474K(21504K)], 0.0247531 secs] [Times: user=0.03 sys=0.00, real=0.03 secs] 
2014-07-09T15:43:58.254+0200: 47.077: [GC [PSYoungGen: 6122K->5058K(11264K)] 13781K->12716K(27648K), 0.0104635 secs] [Times: user=0.00 sys=0.00, real=0.01 secs] 
2014-07-09T15:43:58.278+0200: 47.101: [GC [PSYoungGen: 11181K->3009K(11264K)] 18839K->10675K(27648K), 0.0015252 secs] [Times: user=0.00 sys=0.00, real=0.00 secs] 
2014-07-09T15:43:58.282+0200: 47.105: [GC [PSYoungGen: 9132K->928K(11264K)] 16798K->8602K(27648K), 0.0010057 secs] [Times: user=0.02 sys=0.00, real=0.00 secs] 
2014-07-09T15:43:58.286+0200: 47.109: [GC [PSYoungGen: 7049K->5090K(11264K)] 14723K->14669K(27648K), 0.0051166 secs] [Times: user=0.00 sys=0.00, real=0.01 secs] 
2014-07-09T15:43:58.328+0200: 47.151: [GC [PSYoungGen: 11228K->3297K(11264K)] 20807K->12876K(27648K), 0.0018390 secs] [Times: user=0.03 sys=0.00, real=0.00 secs] 
2014-07-09T15:43:58.379+0200: 47.201: [GC [PSYoungGen: 9420K->1216K(11264K)] 18999K->10803K(27648K), 0.0018757 secs] [Times: user=0.00 sys=0.00, real=0.00 secs] 
2014-07-09T15:43:58.384+0200: 47.207: [GC [PSYoungGen: 7337K->5090K(11264K)] 16924K->16870K(27648K), 0.0095491 secs] [Times: user=0.03 sys=0.00, real=0.01 secs] 
2014-07-09T15:43:58.398+0200: 47.221: [GC [PSYoungGen: 11213K->5090K(11264K)] 22993K->17030K(27648K), 0.0070960 secs] [Times: user=0.00 sys=0.00, real=0.01 secs] 
2014-07-09T15:43:58.429+0200: 47.252: [GC [PSYoungGen: 11213K->3169K(11264K)] 23153K->15117K(27648K), 0.0022518 secs] [Times: user=0.00 sys=0.00, real=0.00 secs] 
2014-07-09T15:43:58.479+0200: 47.301: [GC [PSYoungGen: 9292K->1088K(11264K)] 21240K->13044K(27648K), 0.0019702 secs] [Times: user=0.00 sys=0.00, real=0.00 secs] 
2014-07-09T15:43:58.484+0200: 47.307: [GC [PSYoungGen: 7209K->5090K(11264K)] 19165K->19111K(27648K), 0.0097577 secs] [Times: user=0.01 sys=0.00, real=0.01 secs] 
2014-07-09T15:43:58.495+0200: 47.317: [Full GC [PSYoungGen: 5090K->0K(11264K)] [ParOldGen: 14021K->7691K(16384K)] 19111K->7691K(27648K) [PSPermGen: 2474K->2474K(21504K)], 0.0272256 secs] [Times: user=0.05 sys=0.00, real=0.03 secs] 
2014-07-09T15:43:58.524+0200: 47.347: [GC [PSYoungGen: 6122K->5090K(11264K)] 13814K->12814K(27648K), 0.0041737 secs] [Times: user=0.00 sys=0.00, real=0.01 secs] 
2014-07-09T15:43:58.531+0200: 47.353: [GC [PSYoungGen: 11213K->3041K(11264K)] 18937K->10773K(27648K), 0.0023743 secs] [Times: user=0.03 sys=0.00, real=0.00 secs] 
2014-07-09T15:43:58.537+0200: 47.359: [GC [PSYoungGen: 9178K->544K(11264K)] 16910K->8283K(27648K), 0.0007274 secs] [Times: user=0.00 sys=0.00, real=0.00 secs] 
2014-07-09T15:43:58.581+0200: 47.403: [GC [PSYoungGen: 6661K->5090K(11264K)] 14401K->13286K(27648K), 0.0072962 secs] [Times: user=0.00 sys=0.00, real=0.01 secs] 
2014-07-09T15:43:58.592+0200: 47.415: [GC [PSYoungGen: 11213K->3457K(11264K)] 19409K->11661K(27648K), 0.0043042 secs] [Times: user=0.03 sys=0.00, real=0.00 secs] 
2014-07-09T15:43:58.629+0200: 47.452: [GC [PSYoungGen: 9580K->1344K(11264K)] 17784K->9556K(27648K), 0.0120880 secs] [Times: user=0.02 sys=0.00, real=0.01 secs] 
2014-07-09T15:43:58.647+0200: 47.469: [GC [PSYoungGen: 7465K->5090K(11264K)] 15677K->15655K(27648K), 0.0097577 secs] [Times: user=0.01 sys=0.00, real=0.01 secs] 
2014-07-09T15:43:58.679+0200: 47.502: [GC [PSYoungGen: 11213K->5090K(11264K)] 21778K->15975K(27648K), 0.0042485 secs] [Times: user=0.00 sys=0.00, real=0.01 secs] 
2014-07-09T15:43:58.687+0200: 47.509: [GC [PSYoungGen: 11213K->3329K(11264K)] 22098K->14222K(27648K), 0.0025561 secs] [Times: user=0.03 sys=0.00, real=0.00 secs] 
2014-07-09T15:43:58.728+0200: 47.551: [GC [PSYoungGen: 9452K->1248K(11264K)] 20345K->12149K(27648K), 0.0008986 secs] [Times: user=0.00 sys=0.00, real=0.00 secs] 
2014-07-09T15:43:58.731+0200: 47.554: [GC [PSYoungGen: 7369K->5090K(11264K)] 18270K->18216K(27648K), 0.0060908 secs] [Times: user=0.03 sys=0.00, real=0.01 secs] 
2014-07-09T15:43:58.783+0200: 47.605: [GC [PSYoungGen: 11213K->5090K(11264K)] 24339K->18376K(27648K), 0.0225156 secs] [Times: user=0.02 sys=0.00, real=0.02 secs] 
2014-07-09T15:43:58.809+0200: 47.632: [GC [PSYoungGen: 11213K->3201K(11264K)] 24499K->16495K(27648K), 0.0025048 secs] [Times: user=0.00 sys=0.00, real=0.00 secs] 
2014-07-09T15:43:58.815+0200: 47.638: [GC [PSYoungGen: 9342K->96K(11264K)] 22636K->13398K(27648K), 0.0019662 secs] [Times: user=0.00 sys=0.00, real=0.00 secs] 
2014-07-09T15:43:58.830+0200: 47.653: [GC [PSYoungGen: 6210K->5090K(11264K)] 19513K->19009K(27648K), 0.0043694 secs] [Times: user=0.00 sys=0.00, real=0.01 secs] 
2014-07-09T15:43:58.891+0200: 47.713: [GC [PSYoungGen: 11213K->3617K(11264K)] 25132K->17544K(27648K), 0.0046704 secs] [Times: user=0.00 sys=0.00, real=0.00 secs] 
2014-07-09T15:43:58.902+0200: 47.724: [GC [PSYoungGen: 9740K->1504K(11264K)] 23667K->15439K(27648K), 0.0019244 secs] [Times: user=0.00 sys=0.00, real=0.00 secs] 
2014-07-09T15:43:58.906+0200: 47.729: [GC-- [PSYoungGen: 7625K->7625K(11264K)] 21560K->24001K(27648K), 0.0060988 secs] [Times: user=0.00 sys=0.00, real=0.01 secs] 
2014-07-09T15:43:58.913+0200: 47.735: [Full GC [PSYoungGen: 7625K->0K(11264K)] [ParOldGen: 16375K->8142K(16384K)] 24001K->8142K(27648K) [PSPermGen: 2474K->2474K(21504K)], 0.0129342 secs] [Times: user=0.02 sys=0.00, real=0.01 secs] 
2014-07-09T15:43:58.930+0200: 47.752: [GC [PSYoungGen: 6122K->5090K(11264K)] 14265K->13712K(27648K), 0.0041960 secs] [Times: user=0.00 sys=0.00, real=0.00 secs] 
2014-07-09T15:43:58.979+0200: 47.801: [GC [PSYoungGen: 11213K->3489K(11264K)] 19835K->12120K(27648K), 0.0021737 secs] [Times: user=0.00 sys=0.00, real=0.00 secs] 
2014-07-09T15:43:58.983+0200: 47.806: [GC [PSYoungGen: 9612K->1408K(11264K)] 18243K->10047K(27648K), 0.0011926 secs] [Times: user=0.03 sys=0.00, real=0.00 secs] 
2014-07-09T15:43:58.987+0200: 47.810: [GC [PSYoungGen: 7529K->5090K(11264K)] 16168K->16114K(27648K), 0.0052871 secs] [Times: user=0.00 sys=0.00, real=0.01 secs] 
2014-07-09T15:43:59.029+0200: 47.852: [GC [PSYoungGen: 11213K->5090K(11264K)] 22237K->16466K(27648K), 0.0040233 secs] [Times: user=0.03 sys=0.00, real=0.00 secs] 
2014-07-09T15:43:59.080+0200: 47.902: [GC [PSYoungGen: 11218K->2337K(11264K)] 22594K->13720K(27648K), 0.0025565 secs] [Times: user=0.00 sys=0.00, real=0.00 secs] 
2014-07-09T15:43:59.087+0200: 47.909: [GC [PSYoungGen: 8460K->256K(11264K)] 19843K->11647K(27648K), 0.0015835 secs] [Times: user=0.00 sys=0.00, real=0.00 secs] 
2014-07-09T15:43:59.093+0200: 47.915: [GC [PSYoungGen: 6377K->5090K(11264K)] 17768K->17714K(27648K), 0.0083968 secs] [Times: user=0.03 sys=0.00, real=0.01 secs] 
2014-07-09T15:43:59.129+0200: 47.952: [GC [PSYoungGen: 11213K->4290K(11264K)] 23837K->16914K(27648K), 0.0029367 secs] [Times: user=0.00 sys=0.00, real=0.00 secs] 
2014-07-09T15:43:59.179+0200: 48.002: [GC [PSYoungGen: 10413K->2209K(11264K)] 23037K->14841K(27648K), 0.0025579 secs] [Times: user=0.00 sys=0.00, real=0.00 secs] 
2014-07-09T15:43:59.187+0200: 48.009: [GC [PSYoungGen: 8332K->128K(11264K)] 20964K->12776K(27648K), 0.0015068 secs] [Times: user=0.00 sys=0.00, real=0.00 secs] 
2014-07-09T15:43:59.193+0200: 48.015: [GC [PSYoungGen: 6249K->5090K(11264K)] 18897K->18843K(27648K), 0.0080243 secs] [Times: user=0.00 sys=0.00, real=0.01 secs] 
2014-07-09T15:43:59.230+0200: 48.053: [GC [PSYoungGen: 11211K->4162K(11264K)] 24964K->17914K(27648K), 0.0046015 secs] [Times: user=0.03 sys=0.00, real=0.00 secs] 
2014-07-09T15:43:59.279+0200: 48.102: [GC [PSYoungGen: 10282K->2080K(11264K)] 24035K->15841K(27648K), 0.0037528 secs] [Times: user=0.03 sys=0.00, real=0.00 secs] 
2014-07-09T15:43:59.288+0200: 48.110: [GC-- [PSYoungGen: 8201K->8201K(11264K)] 21962K->24572K(27648K), 0.0094479 secs] [Times: user=0.03 sys=0.00, real=0.01 secs] 
2014-07-09T15:43:59.298+0200: 48.120: [Full GC [PSYoungGen: 8201K->0K(11264K)] [ParOldGen: 16370K->8687K(16384K)] 24572K->8687K(27648K) [PSPermGen: 2474K->2474K(21504K)], 0.0246013 secs] [Times: user=0.02 sys=0.00, real=0.02 secs] 
2014-07-09T15:43:59.325+0200: 48.148: [GC [PSYoungGen: 6140K->4450K(11264K)] 14827K->13137K(27648K), 0.0035574 secs] [Times: user=0.03 sys=0.00, real=0.00 secs] 
2014-07-09T15:43:59.332+0200: 48.154: [GC [PSYoungGen: 10576K->1824K(11264K)] 19263K->10519K(27648K), 0.0337897 secs] [Times: user=0.03 sys=0.00, real=0.03 secs] 
2014-07-09T15:43:59.369+0200: 48.191: [GC [PSYoungGen: 7945K->5090K(11264K)] 16640K->16618K(27648K), 0.0057483 secs] [Times: user=0.03 sys=0.00, real=0.01 secs] 
2014-07-09T15:43:59.380+0200: 48.202: [GC [PSYoungGen: 11213K->5090K(11264K)] 22741K->17419K(27648K), 0.0041216 secs] [Times: user=0.00 sys=0.00, real=0.00 secs] 
2014-07-09T15:43:59.387+0200: 48.209: [GC [PSYoungGen: 11213K->3809K(11264K)] 23542K->16146K(27648K), 0.0136517 secs] [Times: user=0.01 sys=0.00, real=0.01 secs] 
2014-07-09T15:43:59.428+0200: 48.251: [GC [PSYoungGen: 9932K->1728K(11264K)] 22269K->14073K(27648K), 0.0010889 secs] [Times: user=0.00 sys=0.00, real=0.00 secs] 
2014-07-09T15:43:59.432+0200: 48.254: [GC [PSYoungGen: 7849K->5090K(11264K)] 20194K->20140K(27648K), 0.0061157 secs] [Times: user=0.03 sys=0.00, real=0.01 secs] 
2014-07-09T15:43:59.438+0200: 48.261: [Full GC [PSYoungGen: 5090K->0K(11264K)] [ParOldGen: 15050K->8337K(16384K)] 20140K->8337K(27648K) [PSPermGen: 2474K->2474K(21504K)], 0.0099084 secs] [Times: user=0.00 sys=0.00, real=0.01 secs] 
2014-07-09T15:43:59.480+0200: 48.302: [GC [PSYoungGen: 6122K->5090K(11264K)] 14460K->14099K(27648K), 0.0045979 secs] [Times: user=0.03 sys=0.00, real=0.00 secs] 
2014-07-09T15:43:59.487+0200: 48.310: [GC [PSYoungGen: 11213K->3681K(11264K)] 20222K->12699K(27648K), 0.0025700 secs] [Times: user=0.00 sys=0.00, real=0.00 secs] 
2014-07-09T15:43:59.528+0200: 48.351: [GC [PSYoungGen: 9810K->576K(11264K)] 18827K->9601K(27648K), 0.0006266 secs] [Times: user=0.00 sys=0.00, real=0.00 secs] 
2014-07-09T15:43:59.531+0200: 48.354: [GC [PSYoungGen: 6697K->5090K(11264K)] 15722K->15668K(27648K), 0.0048956 secs] [Times: user=0.00 sys=0.00, real=0.01 secs] 
2014-07-09T15:43:59.579+0200: 48.402: [GC [PSYoungGen: 11213K->4610K(11264K)] 21791K->15188K(27648K), 0.0035669 secs] [Times: user=0.00 sys=0.00, real=0.00 secs] 
2014-07-09T15:43:59.585+0200: 48.407: [GC [PSYoungGen: 10733K->2529K(11264K)] 21311K->13115K(27648K), 0.0020472 secs] [Times: user=0.00 sys=0.00, real=0.00 secs] 
2014-07-09T15:43:59.628+0200: 48.451: [GC [PSYoungGen: 8652K->448K(11264K)] 19238K->11042K(27648K), 0.0005987 secs] [Times: user=0.00 sys=0.00, real=0.00 secs] 
2014-07-09T15:43:59.630+0200: 48.453: [GC [PSYoungGen: 6569K->5090K(11264K)] 17163K->17109K(27648K), 0.0049674 secs] [Times: user=0.00 sys=0.00, real=0.00 secs] 
2014-07-09T15:43:59.679+0200: 48.502: [GC [PSYoungGen: 11213K->4482K(11264K)] 23232K->16501K(27648K), 0.0031046 secs] [Times: user=0.00 sys=0.00, real=0.00 secs] 
2014-07-09T15:43:59.684+0200: 48.507: [GC [PSYoungGen: 10605K->2401K(11264K)] 22624K->14428K(27648K), 0.0021517 secs] [Times: user=0.03 sys=0.00, real=0.00 secs] 
2014-07-09T15:43:59.728+0200: 48.550: [GC [PSYoungGen: 8524K->288K(11264K)] 20551K->12323K(27648K), 0.0021686 secs] [Times: user=0.00 sys=0.00, real=0.00 secs] 
2014-07-09T15:43:59.732+0200: 48.554: [GC [PSYoungGen: 6409K->5090K(11264K)] 18444K->18422K(27648K), 0.0051566 secs] [Times: user=0.03 sys=0.00, real=0.00 secs] 
2014-07-09T15:43:59.781+0200: 48.603: [GC [PSYoungGen: 11213K->4354K(11264K)] 24544K->17685K(27648K), 0.0050968 secs] [Times: user=0.00 sys=0.00, real=0.01 secs] 
2014-07-09T15:43:59.791+0200: 48.613: [GC [PSYoungGen: 10477K->2273K(11264K)] 23808K->15612K(27648K), 0.0031050 secs] [Times: user=0.00 sys=0.00, real=0.00 secs] 
2014-07-09T15:43:59.798+0200: 48.620: [GC [PSYoungGen: 8416K->192K(11264K)] 21756K->13539K(27648K), 0.0008440 secs] [Times: user=0.00 sys=0.00, real=0.00 secs] 
2014-07-09T15:43:59.829+0200: 48.652: [GC [PSYoungGen: 6335K->4802K(11264K)] 19683K->18157K(27648K), 0.0037784 secs] [Times: user=0.00 sys=0.00, real=0.00 secs] 
2014-07-09T15:43:59.879+0200: 48.701: [GC [PSYoungGen: 10925K->2689K(11264K)] 24280K->16052K(27648K), 0.0162631 secs] [Times: user=0.02 sys=0.00, real=0.02 secs] 
2014-07-09T15:43:59.898+0200: 48.721: [GC [PSYoungGen: 8812K->608K(11264K)] 22175K->13979K(27648K), 0.0013873 secs] [Times: user=0.00 sys=0.00, real=0.00 secs] 
2014-07-09T15:43:59.907+0200: 48.730: [GC [PSYoungGen: 6729K->5090K(11264K)] 20100K->20070K(27648K), 0.0240954 secs] [Times: user=0.02 sys=0.00, real=0.02 secs] 
2014-07-09T15:43:59.931+0200: 48.754: [Full GC [PSYoungGen: 5090K->0K(11264K)] [ParOldGen: 14980K->7250K(16384K)] 20070K->7250K(27648K) [PSPermGen: 2474K->2474K(21504K)], 0.0097409 secs] [Times: user=0.02 sys=0.00, real=0.01 secs] 
2014-07-09T15:43:59.944+0200: 48.766: [GC [PSYoungGen: 6122K->4674K(11264K)] 13373K->11924K(27648K), 0.0035346 secs] [Times: user=0.00 sys=0.00, real=0.00 secs] 
2014-07-09T15:43:59.979+0200: 48.802: [GC [PSYoungGen: 10797K->2593K(11264K)] 18047K->9851K(27648K), 0.0027647 secs] [Times: user=0.00 sys=0.00, real=0.00 secs] 
2014-07-09T15:43:59.988+0200: 48.811: [GC [PSYoungGen: 8716K->512K(11264K)] 15974K->7778K(27648K), 0.0016703 secs] [Times: user=0.00 sys=0.00, real=0.00 secs] 
2014-07-09T15:43:59.994+0200: 48.817: [GC [PSYoungGen: 6633K->5090K(11264K)] 13899K->13845K(27648K), 0.0088852 secs] [Times: user=0.03 sys=0.00, real=0.01 secs] 
2014-07-09T15:44:00.029+0200: 48.852: [GC [PSYoungGen: 11213K->4546K(11264K)] 19968K->13301K(27648K), 0.0031138 secs] [Times: user=0.00 sys=0.02, real=0.00 secs] 
2014-07-09T15:44:00.078+0200: 48.901: [GC [PSYoungGen: 10678K->928K(11264K)] 19433K->9691K(27648K), 0.0011252 secs] [Times: user=0.00 sys=0.00, real=0.00 secs] 
2014-07-09T15:44:00.082+0200: 48.904: [GC [PSYoungGen: 7049K->5090K(11264K)] 15812K->15758K(27648K), 0.0058194 secs] [Times: user=0.00 sys=0.00, real=0.00 secs] 
2014-07-09T15:44:00.090+0200: 48.913: [GC [PSYoungGen: 11213K->4962K(11264K)] 21881K->15630K(27648K), 0.0042936 secs] [Times: user=0.03 sys=0.00, real=0.00 secs] 
2014-07-09T15:44:00.130+0200: 48.952: [GC [PSYoungGen: 11085K->2881K(11264K)] 21753K->13557K(27648K), 0.0037986 secs] [Times: user=0.00 sys=0.00, real=0.00 secs] 
2014-07-09T15:44:00.178+0200: 49.001: [GC [PSYoungGen: 9004K->800K(11264K)] 19680K->11484K(27648K), 0.0017400 secs] [Times: user=0.00 sys=0.00, real=0.00 secs] 
2014-07-09T15:44:00.185+0200: 49.008: [GC [PSYoungGen: 6921K->5090K(11264K)] 17605K->17551K(27648K), 0.0092060 secs] [Times: user=0.01 sys=0.00, real=0.01 secs] 
2014-07-09T15:44:00.198+0200: 49.021: [GC [PSYoungGen: 11213K->4834K(11264K)] 23674K->17295K(27648K), 0.0070418 secs] [Times: user=0.03 sys=0.00, real=0.01 secs] 
2014-07-09T15:44:00.229+0200: 49.052: [GC [PSYoungGen: 10957K->2753K(11264K)] 23418K->15222K(27648K), 0.0016824 secs] [Times: user=0.00 sys=0.00, real=0.00 secs] 
2014-07-09T15:44:00.278+0200: 49.101: [GC [PSYoungGen: 8876K->672K(11264K)] 21345K->13149K(27648K), 0.0008597 secs] [Times: user=0.00 sys=0.01, real=0.00 secs] 
2014-07-09T15:44:00.281+0200: 49.104: [GC [PSYoungGen: 6793K->5090K(11264K)] 19270K->19216K(27648K), 0.0055943 secs] [Times: user=0.00 sys=0.00, real=0.01 secs] 
2014-07-09T15:44:00.287+0200: 49.110: [Full GC [PSYoungGen: 5090K->0K(11264K)] [ParOldGen: 14125K->7283K(16384K)] 19216K->7283K(27648K) [PSPermGen: 2474K->2474K(21504K)], 0.0129668 secs] [Times: user=0.02 sys=0.00, real=0.01 secs] 
2014-07-09T15:44:00.303+0200: 49.126: [GC [PSYoungGen: 6122K->4706K(11264K)] 13406K->11989K(27648K), 0.0044545 secs] [Times: user=0.00 sys=0.00, real=0.01 secs] 
2014-07-09T15:44:00.328+0200: 49.151: [GC [PSYoungGen: 10844K->960K(11264K)] 18127K->8251K(27648K), 0.0007006 secs] [Times: user=0.00 sys=0.00, real=0.00 secs] 
2014-07-09T15:44:00.331+0200: 49.154: [GC [PSYoungGen: 7081K->5090K(11264K)] 14372K->14318K(27648K), 0.0053465 secs] [Times: user=0.00 sys=0.00, real=0.00 secs] 
2014-07-09T15:44:00.379+0200: 49.202: [GC [PSYoungGen: 11213K->4994K(11264K)] 20441K->14222K(27648K), 0.0036527 secs] [Times: user=0.00 sys=0.00, real=0.00 secs] 
2014-07-09T15:44:00.385+0200: 49.208: [GC [PSYoungGen: 11117K->2913K(11264K)] 20345K->12149K(27648K), 0.0023552 secs] [Times: user=0.00 sys=0.00, real=0.00 secs] 
2014-07-09T15:44:00.428+0200: 49.251: [GC [PSYoungGen: 9036K->832K(11264K)] 18272K->10076K(27648K), 0.0015926 secs] [Times: user=0.00 sys=0.00, real=0.00 secs] 
2014-07-09T15:44:00.435+0200: 49.257: [GC [PSYoungGen: 6953K->5090K(11264K)] 16197K->16135K(27648K), 0.0154991 secs] [Times: user=0.00 sys=0.00, real=0.02 secs] 
2014-07-09T15:44:00.479+0200: 49.302: [GC [PSYoungGen: 11213K->4866K(11264K)] 22258K->15911K(27648K), 0.0039189 secs] [Times: user=0.03 sys=0.00, real=0.00 secs] 
2014-07-09T15:44:00.487+0200: 49.310: [GC [PSYoungGen: 10989K->2785K(11264K)] 22034K->13838K(27648K), 0.0017481 secs] [Times: user=0.00 sys=0.00, real=0.00 secs] 
2014-07-09T15:44:00.528+0200: 49.351: [GC [PSYoungGen: 8908K->704K(11264K)] 19961K->11765K(27648K), 0.0006222 secs] [Times: user=0.00 sys=0.00, real=0.00 secs] 
2014-07-09T15:44:00.531+0200: 49.354: [GC [PSYoungGen: 6825K->5090K(11264K)] 17886K->17832K(27648K), 0.0047966 secs] [Times: user=0.00 sys=0.00, real=0.01 secs] 
2014-07-09T15:44:00.580+0200: 49.403: [GC [PSYoungGen: 11216K->3713K(11264K)] 23959K->16455K(27648K), 0.0042397 secs] [Times: user=0.00 sys=0.00, real=0.00 secs] 
2014-07-09T15:44:00.590+0200: 49.413: [GC [PSYoungGen: 9836K->1632K(11264K)] 22578K->14382K(27648K), 0.0029198 secs] [Times: user=0.03 sys=0.00, real=0.00 secs] 
2014-07-09T15:44:00.598+0200: 49.421: [GC [PSYoungGen: 7753K->5090K(11264K)] 20503K->20449K(27648K), 0.0091396 secs] [Times: user=0.03 sys=0.00, real=0.01 secs] 
2014-07-09T15:44:00.608+0200: 49.430: [Full GC [PSYoungGen: 5090K->0K(11264K)] [ParOldGen: 15359K->8246K(16384K)] 20449K->8246K(27648K) [PSPermGen: 2474K->2474K(21504K)], 0.0123736 secs] [Times: user=0.00 sys=0.00, real=0.01 secs] 
2014-07-09T15:44:00.630+0200: 49.452: [GC [PSYoungGen: 6122K->5090K(11264K)] 14369K->13912K(27648K), 0.0044332 secs] [Times: user=0.00 sys=0.00, real=0.01 secs] 
2014-07-09T15:44:00.680+0200: 49.503: [GC [PSYoungGen: 11213K->3585K(11264K)] 20035K->12416K(27648K), 0.0037048 secs] [Times: user=0.00 sys=0.00, real=0.00 secs] 
2014-07-09T15:44:00.689+0200: 49.511: [GC [PSYoungGen: 9708K->1504K(11264K)] 18539K->10343K(27648K), 0.0025312 secs] [Times: user=0.00 sys=0.00, real=0.00 secs] 
2014-07-09T15:44:00.696+0200: 49.519: [GC [PSYoungGen: 7625K->5090K(11264K)] 16464K->16410K(27648K), 0.0064574 secs] [Times: user=0.03 sys=0.00, real=0.01 secs] 
2014-07-09T15:44:00.729+0200: 49.552: [GC [PSYoungGen: 11213K->5090K(11264K)] 22533K->16858K(27648K), 0.0048739 secs] [Times: user=0.03 sys=0.00, real=0.00 secs] 
2014-07-09T15:44:00.779+0200: 49.602: [GC [PSYoungGen: 11213K->3457K(11264K)] 22981K->15233K(27648K), 0.0021994 secs] [Times: user=0.00 sys=0.00, real=0.00 secs] 
2014-07-09T15:44:00.784+0200: 49.606: [GC [PSYoungGen: 9601K->384K(11264K)] 21377K->12167K(27648K), 0.0007714 secs] [Times: user=0.00 sys=0.00, real=0.00 secs] 
2014-07-09T15:44:00.787+0200: 49.610: [GC [PSYoungGen: 6527K->5090K(11264K)] 18311K->17778K(27648K), 0.0044725 secs] [Times: user=0.00 sys=0.00, real=0.00 secs] 
2014-07-09T15:44:00.829+0200: 49.651: [GC [PSYoungGen: 11219K->3393K(11264K)] 23907K->16089K(27648K), 0.0019314 secs] [Times: user=0.00 sys=0.00, real=0.00 secs] 
2014-07-09T15:44:00.878+0200: 49.701: [GC [PSYoungGen: 9516K->1280K(11264K)] 22212K->13984K(27648K), 0.0012700 secs] [Times: user=0.00 sys=0.00, real=0.00 secs] 
2014-07-09T15:44:00.882+0200: 49.705: [GC [PSYoungGen: 7401K->5090K(11264K)] 20105K->20075K(27648K), 0.0162906 secs] [Times: user=0.01 sys=0.00, real=0.02 secs] 
2014-07-09T15:44:00.899+0200: 49.722: [Full GC [PSYoungGen: 5090K->0K(11264K)] [ParOldGen: 14985K->7927K(16384K)] 20075K->7927K(27648K) [PSPermGen: 2474K->2474K(21504K)], 0.0120847 secs] [Times: user=0.02 sys=0.00, real=0.01 secs] 
2014-07-09T15:44:00.913+0200: 49.736: [GC [PSYoungGen: 6122K->5090K(11264K)] 14050K->13274K(27648K), 0.0041597 secs] [Times: user=0.00 sys=0.00, real=0.00 secs] 
2014-07-09T15:44:00.928+0200: 49.751: [GC [PSYoungGen: 11213K->3265K(11264K)] 19397K->11457K(27648K), 0.0018474 secs] [Times: user=0.00 sys=0.00, real=0.00 secs] 
2014-07-09T15:44:00.978+0200: 49.801: [GC [PSYoungGen: 9388K->1184K(11264K)] 17580K->9384K(27648K), 0.0007274 secs] [Times: user=0.00 sys=0.00, real=0.00 secs] 
2014-07-09T15:44:00.981+0200: 49.803: [GC [PSYoungGen: 7305K->5090K(11264K)] 15505K->15451K(27648K), 0.0057689 secs] [Times: user=0.00 sys=0.00, real=0.01 secs] 
2014-07-09T15:44:00.989+0200: 49.811: [GC [PSYoungGen: 11213K->5090K(11264K)] 21574K->15579K(27648K), 0.0040146 secs] [Times: user=0.00 sys=0.00, real=0.00 secs] 
2014-07-09T15:44:01.029+0200: 49.852: [GC [PSYoungGen: 11216K->2081K(11264K)] 21705K->12577K(27648K), 0.0138599 secs] [Times: user=0.00 sys=0.00, real=0.01 secs] 
2014-07-09T15:44:01.046+0200: 49.868: [GC [PSYoungGen: 8201K->5090K(11264K)] 18698K->18676K(27648K), 0.0061582 secs] [Times: user=0.00 sys=0.00, real=0.01 secs] 
2014-07-09T15:44:01.052+0200: 49.875: [Full GC [PSYoungGen: 5090K->0K(11264K)] [ParOldGen: 13586K->8728K(16384K)] 18676K->8728K(27648K) [PSPermGen: 2474K->2474K(21504K)], 0.0120195 secs] [Times: user=0.02 sys=0.00, real=0.01 secs] 
2014-07-09T15:44:01.079+0200: 49.902: [GC [PSYoungGen: 6122K->5090K(11264K)] 14850K->14875K(27648K), 0.0053714 secs] [Times: user=0.00 sys=0.00, real=0.01 secs] 
2014-07-09T15:44:01.087+0200: 49.910: [GC [PSYoungGen: 11213K->4065K(11264K)] 20998K->13859K(27648K), 0.0030536 secs] [Times: user=0.03 sys=0.00, real=0.00 secs] 
2014-07-09T15:44:01.128+0200: 49.951: [GC [PSYoungGen: 10188K->1984K(11264K)] 19982K->11786K(27648K), 0.0010390 secs] [Times: user=0.00 sys=0.00, real=0.00 secs] 
2014-07-09T15:44:01.132+0200: 49.955: [GC [PSYoungGen: 8105K->5090K(11264K)] 17907K->17853K(27648K), 0.0060226 secs] [Times: user=0.03 sys=0.00, real=0.01 secs] 
2014-07-09T15:44:01.138+0200: 49.961: [Full GC [PSYoungGen: 5090K->0K(11264K)] [ParOldGen: 12762K->8600K(16384K)] 17853K->8600K(27648K) [PSPermGen: 2474K->2474K(21504K)], 0.0106985 secs] [Times: user=0.00 sys=0.00, real=0.01 secs] 
2014-07-09T15:44:01.180+0200: 50.002: [GC [PSYoungGen: 6122K->5090K(11264K)] 14723K->14619K(27648K), 0.0044402 secs] [Times: user=0.03 sys=0.00, real=0.00 secs] 
2014-07-09T15:44:01.189+0200: 50.011: [GC [PSYoungGen: 11213K->3937K(11264K)] 20742K->13474K(27648K), 0.0025466 secs] [Times: user=0.00 sys=0.00, real=0.00 secs] 
2014-07-09T15:44:01.228+0200: 50.051: [GC [PSYoungGen: 10060K->1856K(11264K)] 19597K->11401K(27648K), 0.0010357 secs] [Times: user=0.00 sys=0.00, real=0.00 secs] 
2014-07-09T15:44:01.232+0200: 50.055: [GC [PSYoungGen: 7977K->5090K(11264K)] 17522K->17468K(27648K), 0.0061032 secs] [Times: user=0.00 sys=0.00, real=0.01 secs] 
2014-07-09T15:44:01.282+0200: 50.105: [GC [PSYoungGen: 11213K->5090K(11264K)] 23591K->18269K(27648K), 0.0080647 secs] [Times: user=0.00 sys=0.00, real=0.01 secs] 
2014-07-09T15:44:01.291+0200: 50.113: [Full GC [PSYoungGen: 5090K->0K(11264K)] [ParOldGen: 13178K->6246K(16384K)] 18269K->6246K(27648K) [PSPermGen: 2474K->2474K(21504K)], 0.0130856 secs] [Times: user=0.03 sys=0.00, real=0.01 secs] 
2014-07-09T15:44:01.308+0200: 50.131: [GC [PSYoungGen: 6122K->3809K(11264K)] 12369K->10055K(27648K), 0.0027900 secs] [Times: user=0.03 sys=0.00, real=0.00 secs] 
2014-07-09T15:44:01.328+0200: 50.150: [GC [PSYoungGen: 9946K->32K(11264K)] 16193K->6286K(27648K), 0.0004462 secs] [Times: user=0.00 sys=0.00, real=0.00 secs] 
2014-07-09T15:44:01.330+0200: 50.153: [GC [PSYoungGen: 6152K->5090K(11264K)] 12407K->12385K(27648K), 0.0046613 secs] [Times: user=0.00 sys=0.00, real=0.01 secs] 
2014-07-09T15:44:01.379+0200: 50.201: [GC [PSYoungGen: 11211K->4097K(11264K)] 18506K->11392K(27648K), 0.0027321 secs] [Times: user=0.00 sys=0.00, real=0.00 secs] 
2014-07-09T15:44:01.384+0200: 50.207: [GC [PSYoungGen: 10220K->2016K(11264K)] 17515K->9319K(27648K), 0.0015200 secs] [Times: user=0.00 sys=0.00, real=0.00 secs] 
2014-07-09T15:44:01.388+0200: 50.211: [GC [PSYoungGen: 8137K->5090K(11264K)] 15440K->15386K(27648K), 0.0058638 secs] [Times: user=0.00 sys=0.00, real=0.01 secs] 
2014-07-09T15:44:01.429+0200: 50.252: [GC [PSYoungGen: 11213K->5090K(11264K)] 21509K->16346K(27648K), 0.0047265 secs] [Times: user=0.03 sys=0.00, real=0.01 secs] 
2014-07-09T15:44:01.480+0200: 50.303: [GC [PSYoungGen: 11213K->3969K(11264K)] 22469K->15234K(27648K), 0.0048087 secs] [Times: user=0.00 sys=0.00, real=0.00 secs] 
2014-07-09T15:44:01.490+0200: 50.313: [GC [PSYoungGen: 10092K->1888K(11264K)] 21357K->13161K(27648K), 0.0027134 secs] [Times: user=0.00 sys=0.00, real=0.00 secs] 
2014-07-09T15:44:01.498+0200: 50.321: [GC [PSYoungGen: 8009K->5090K(11264K)] 19282K->19228K(27648K), 0.0123087 secs] [Times: user=0.00 sys=0.00, real=0.01 secs] 
2014-07-09T15:44:01.511+0200: 50.333: [Full GC [PSYoungGen: 5090K->0K(11264K)] [ParOldGen: 14137K->8462K(16384K)] 19228K->8462K(27648K) [PSPermGen: 2474K->2474K(21504K)], 0.0180266 secs] [Times: user=0.05 sys=0.00, real=0.02 secs] 
2014-07-09T15:44:01.532+0200: 50.354: [GC [PSYoungGen: 6122K->5090K(11264K)] 14585K->14384K(27648K), 0.0049619 secs] [Times: user=0.00 sys=0.00, real=0.00 secs] 
2014-07-09T15:44:01.578+0200: 50.401: [GC [PSYoungGen: 11224K->2273K(11264K)] 20519K->11575K(27648K), 0.0017231 secs] [Times: user=0.00 sys=0.00, real=0.00 secs] 
2014-07-09T15:44:01.583+0200: 50.406: [GC [PSYoungGen: 8396K->224K(11264K)] 17698K->9534K(27648K), 0.0008135 secs] [Times: user=0.00 sys=0.00, real=0.00 secs] 
2014-07-09T15:44:01.586+0200: 50.409: [GC [PSYoungGen: 6345K->5090K(11264K)] 15655K->15601K(27648K), 0.0047694 secs] [Times: user=0.03 sys=0.00, real=0.01 secs] 
2014-07-09T15:44:01.629+0200: 50.451: [GC [PSYoungGen: 11213K->4258K(11264K)] 21724K->14769K(27648K), 0.0028505 secs] [Times: user=0.00 sys=0.00, real=0.00 secs] 
2014-07-09T15:44:01.679+0200: 50.502: [GC [PSYoungGen: 10381K->2177K(11264K)] 20892K->12696K(27648K), 0.0025917 secs] [Times: user=0.00 sys=0.00, real=0.00 secs] 
2014-07-09T15:44:01.687+0200: 50.510: [GC [PSYoungGen: 8300K->96K(11264K)] 18819K->10623K(27648K), 0.0014592 secs] [Times: user=0.00 sys=0.00, real=0.00 secs] 
2014-07-09T15:44:01.693+0200: 50.516: [GC [PSYoungGen: 6217K->5090K(11264K)] 16744K->16690K(27648K), 0.0083895 secs] [Times: user=0.03 sys=0.00, real=0.01 secs] 
2014-07-09T15:44:01.731+0200: 50.554: [GC [PSYoungGen: 11211K->4129K(11264K)] 22811K->15729K(27648K), 0.0048802 secs] [Times: user=0.00 sys=0.00, real=0.01 secs] 
2014-07-09T15:44:01.779+0200: 50.602: [GC [PSYoungGen: 10250K->2048K(11264K)] 21850K->13656K(27648K), 0.0022500 secs] [Times: user=0.00 sys=0.00, real=0.00 secs] 
2014-07-09T15:44:01.786+0200: 50.608: [GC [PSYoungGen: 8169K->5090K(11264K)] 19777K->19723K(27648K), 0.0105951 secs] [Times: user=0.03 sys=0.00, real=0.01 secs] 
2014-07-09T15:44:01.797+0200: 50.620: [Full GC [PSYoungGen: 5090K->0K(11264K)] [ParOldGen: 14633K->8631K(16384K)] 19723K->8631K(27648K) [PSPermGen: 2475K->2475K(21504K)], 0.0181685 secs] [Times: user=0.02 sys=0.00, real=0.02 secs] 
2014-07-09T15:44:01.818+0200: 50.640: [GC [PSYoungGen: 6122K->5090K(11264K)] 14754K->14714K(27648K), 0.0052849 secs] [Times: user=0.00 sys=0.00, real=0.00 secs] 
2014-07-09T15:44:01.829+0200: 50.651: [GC [PSYoungGen: 11224K->2465K(11264K)] 20848K->12097K(27648K), 0.0016084 secs] [Times: user=0.00 sys=0.00, real=0.00 secs] 
2014-07-09T15:44:01.878+0200: 50.701: [GC [PSYoungGen: 8588K->352K(11264K)] 18220K->9992K(27648K), 0.0007281 secs] [Times: user=0.00 sys=0.00, real=0.00 secs] 
2014-07-09T15:44:01.881+0200: 50.704: [GC [PSYoungGen: 6473K->5090K(11264K)] 16113K->16083K(27648K), 0.0063324 secs] [Times: user=0.02 sys=0.00, real=0.01 secs] 
2014-07-09T15:44:01.890+0200: 50.713: [GC [PSYoungGen: 11213K->4418K(11264K)] 22206K->15410K(27648K), 0.0048321 secs] [Times: user=0.00 sys=0.00, real=0.00 secs] 
2014-07-09T15:44:01.928+0200: 50.751: [GC [PSYoungGen: 10541K->2337K(11264K)] 21533K->13337K(27648K), 0.0011274 secs] [Times: user=0.00 sys=0.00, real=0.00 secs] 
2014-07-09T15:44:01.978+0200: 50.801: [GC [PSYoungGen: 8460K->256K(11264K)] 19460K->11264K(27648K), 0.0013594 secs] [Times: user=0.00 sys=0.00, real=0.00 secs] 
2014-07-09T15:44:01.983+0200: 50.806: [GC [PSYoungGen: 6377K->5090K(11264K)] 17385K->17331K(27648K), 0.0086700 secs] [Times: user=0.00 sys=0.00, real=0.01 secs] 
2014-07-09T15:44:01.996+0200: 50.819: [GC [PSYoungGen: 11213K->4290K(11264K)] 23454K->16531K(27648K), 0.0061571 secs] [Times: user=0.00 sys=0.00, real=0.01 secs] 
2014-07-09T15:44:02.029+0200: 50.852: [GC [PSYoungGen: 10413K->2209K(11264K)] 22654K->14458K(27648K), 0.0015013 secs] [Times: user=0.00 sys=0.00, real=0.00 secs] 
2014-07-09T15:44:02.033+0200: 50.856: [GC [PSYoungGen: 8348K->128K(11264K)] 20597K->12385K(27648K), 0.0008465 secs] [Times: user=0.00 sys=0.00, real=0.00 secs] 
2014-07-09T15:44:02.081+0200: 50.904: [GC [PSYoungGen: 6270K->5090K(11264K)] 18527K->17515K(27648K), 0.0064665 secs] [Times: user=0.00 sys=0.00, real=0.01 secs] 
2014-07-09T15:44:02.093+0200: 50.915: [GC [PSYoungGen: 11213K->3169K(11264K)] 23638K->15603K(27648K), 0.0042367 secs] [Times: user=0.00 sys=0.00, real=0.00 secs] 
2014-07-09T15:44:02.128+0200: 50.951: [GC [PSYoungGen: 9292K->1056K(11264K)] 21726K->13498K(27648K), 0.0104866 secs] [Times: user=0.02 sys=0.00, real=0.01 secs] 
2014-07-09T15:44:02.141+0200: 50.963: [GC [PSYoungGen: 7177K->5090K(11264K)] 19619K->19597K(27648K), 0.0053175 secs] [Times: user=0.00 sys=0.00, real=0.01 secs] 
2014-07-09T15:44:02.146+0200: 50.969: [Full GC [PSYoungGen: 5090K->0K(11264K)] [ParOldGen: 14506K->7677K(16384K)] 19597K->7677K(27648K) [PSPermGen: 2475K->2475K(21504K)], 0.0106263 secs] [Times: user=0.02 sys=0.00, real=0.01 secs] 
2014-07-09T15:44:02.179+0200: 51.002: [GC [PSYoungGen: 6122K->5090K(11264K)] 13800K->12799K(27648K), 0.0038437 secs] [Times: user=0.03 sys=0.00, real=0.00 secs] 
2014-07-09T15:44:02.185+0200: 51.008: [GC [PSYoungGen: 11213K->3041K(11264K)] 18922K->10758K(27648K), 0.0023669 secs] [Times: user=0.00 sys=0.00, real=0.00 secs] 
2014-07-09T15:44:02.228+0200: 51.051: [GC [PSYoungGen: 9164K->960K(11264K)] 16881K->8685K(27648K), 0.0017000 secs] [Times: user=0.02 sys=0.00, real=0.00 secs] 
2014-07-09T15:44:02.234+0200: 51.057: [GC [PSYoungGen: 7081K->5090K(11264K)] 14806K->14752K(27648K), 0.0089955 secs] [Times: user=0.00 sys=0.00, real=0.01 secs] 
2014-07-09T15:44:02.281+0200: 51.104: [GC [PSYoungGen: 11213K->4994K(11264K)] 20875K->14656K(27648K), 0.0066414 secs] [Times: user=0.00 sys=0.00, real=0.01 secs] 
2014-07-09T15:44:02.294+0200: 51.117: [GC [PSYoungGen: 11131K->1760K(11264K)] 20793K->11430K(27648K), 0.0027046 secs] [Times: user=0.00 sys=0.00, real=0.00 secs] 
2014-07-09T15:44:02.302+0200: 51.125: [GC [PSYoungGen: 7881K->5090K(11264K)] 17551K->17497K(27648K), 0.0103238 secs] [Times: user=0.02 sys=0.00, real=0.01 secs] 
2014-07-09T15:44:02.329+0200: 51.152: [GC [PSYoungGen: 11218K->4770K(11264K)] 23626K->17177K(27648K), 0.0035295 secs] [Times: user=0.00 sys=0.00, real=0.00 secs] 
2014-07-09T15:44:02.379+0200: 51.201: [GC [PSYoungGen: 10893K->2689K(11264K)] 23300K->15104K(27648K), 0.0013968 secs] [Times: user=0.00 sys=0.00, real=0.00 secs] 
2014-07-09T15:44:02.383+0200: 51.205: [GC [PSYoungGen: 8812K->608K(11264K)] 21227K->13031K(27648K), 0.0009532 secs] [Times: user=0.00 sys=0.00, real=0.00 secs] 
2014-07-09T15:44:02.386+0200: 51.209: [GC [PSYoungGen: 6729K->5090K(11264K)] 19152K->19098K(27648K), 0.0052911 secs] [Times: user=0.00 sys=0.00, real=0.01 secs] 
2014-07-09T15:44:02.392+0200: 51.214: [Full GC [PSYoungGen: 5090K->0K(11264K)] [ParOldGen: 14008K->7200K(16384K)] 19098K->7200K(27648K) [PSPermGen: 2475K->2475K(21504K)], 0.0107403 secs] [Times: user=0.03 sys=0.00, real=0.01 secs] 
2014-07-09T15:44:02.429+0200: 51.252: [GC [PSYoungGen: 6122K->4642K(11264K)] 13323K->11842K(27648K), 0.0034697 secs] [Times: user=0.03 sys=0.00, real=0.00 secs] 
2014-07-09T15:44:02.479+0200: 51.302: [GC [PSYoungGen: 10765K->2561K(11264K)] 17965K->9769K(27648K), 0.0031911 secs] [Times: user=0.00 sys=0.00, real=0.00 secs] 
2014-07-09T15:44:02.488+0200: 51.311: [GC [PSYoungGen: 8684K->480K(11264K)] 15892K->7696K(27648K), 0.0022214 secs] [Times: user=0.00 sys=0.00, real=0.00 secs] 
2014-07-09T15:44:02.495+0200: 51.318: [GC [PSYoungGen: 6601K->5090K(11264K)] 13817K->13763K(27648K), 0.0057634 secs] [Times: user=0.00 sys=0.00, real=0.01 secs] 
2014-07-09T15:44:02.529+0200: 51.352: [GC [PSYoungGen: 11216K->3489K(11264K)] 19889K->12162K(27648K), 0.0027061 secs] [Times: user=0.00 sys=0.00, real=0.00 secs] 
2014-07-09T15:44:02.578+0200: 51.401: [GC [PSYoungGen: 9612K->1376K(11264K)] 18285K->10057K(27648K), 0.0103374 secs] [Times: user=0.02 sys=0.00, real=0.01 secs] 
2014-07-09T15:44:02.591+0200: 51.414: [GC [PSYoungGen: 7497K->5090K(11264K)] 16178K->16156K(27648K), 0.0062436 secs] [Times: user=0.00 sys=0.00, real=0.01 secs] 
2014-07-09T15:44:02.600+0200: 51.423: [GC [PSYoungGen: 11213K->5090K(11264K)] 22279K->16508K(27648K), 0.0050829 secs] [Times: user=0.01 sys=0.00, real=0.01 secs] 
2014-07-09T15:44:02.629+0200: 51.452: [GC [PSYoungGen: 11213K->3361K(11264K)] 22631K->14787K(27648K), 0.0020707 secs] [Times: user=0.00 sys=0.00, real=0.00 secs] 
2014-07-09T15:44:02.678+0200: 51.501: [GC [PSYoungGen: 9484K->1280K(11264K)] 20910K->12714K(27648K), 0.0008231 secs] [Times: user=0.00 sys=0.00, real=0.00 secs] 
2014-07-09T15:44:02.682+0200: 51.504: [GC [PSYoungGen: 7401K->5090K(11264K)] 18835K->18781K(27648K), 0.0050422 secs] [Times: user=0.00 sys=0.00, real=0.01 secs] 
2014-07-09T15:44:02.687+0200: 51.510: [Full GC [PSYoungGen: 5090K->0K(11264K)] [ParOldGen: 13691K->7873K(16384K)] 18781K->7873K(27648K) [PSPermGen: 2475K->2475K(21504K)], 0.0103630 secs] [Times: user=0.01 sys=0.00, real=0.01 secs] 
2014-07-09T15:44:02.701+0200: 51.524: [GC [PSYoungGen: 6122K->5090K(11264K)] 13996K->13187K(27648K), 0.0036809 secs] [Times: user=0.00 sys=0.00, real=0.00 secs] 
2014-07-09T15:44:02.728+0200: 51.551: [GC [PSYoungGen: 11213K->3233K(11264K)] 19310K->11338K(27648K), 0.0018951 secs] [Times: user=0.00 sys=0.00, real=0.00 secs] 
2014-07-09T15:44:02.779+0200: 51.602: [GC [PSYoungGen: 9356K->1152K(11264K)] 17461K->9265K(27648K), 0.0018460 secs] [Times: user=0.00 sys=0.00, real=0.00 secs] 
2014-07-09T15:44:02.784+0200: 51.607: [GC [PSYoungGen: 7273K->5090K(11264K)] 15386K->15332K(27648K), 0.0095110 secs] [Times: user=0.03 sys=0.00, real=0.01 secs] 
2014-07-09T15:44:02.798+0200: 51.621: [GC [PSYoungGen: 11213K->5090K(11264K)] 21455K->15428K(27648K), 0.0069278 secs] [Times: user=0.00 sys=0.00, real=0.01 secs] 
2014-07-09T15:44:02.829+0200: 51.652: [GC [PSYoungGen: 11222K->1568K(11264K)] 21561K->11915K(27648K), 0.0021675 secs] [Times: user=0.00 sys=0.00, real=0.00 secs] 
2014-07-09T15:44:02.835+0200: 51.658: [GC [PSYoungGen: 7689K->5090K(11264K)] 18036K->17982K(27648K), 0.0098945 secs] [Times: user=0.03 sys=0.00, real=0.01 secs] 
2014-07-09T15:44:02.913+0200: 51.736: [GC [PSYoungGen: 11213K->5090K(11264K)] 24105K->18462K(27648K), 0.0223634 secs] [Times: user=0.02 sys=0.00, real=0.02 secs] 
2014-07-09T15:44:02.935+0200: 51.758: [Full GC [PSYoungGen: 5090K->0K(11264K)] [ParOldGen: 13371K->5962K(16384K)] 18462K->5962K(27648K) [PSPermGen: 2475K->2475K(21504K)], 0.0138815 secs] [Times: user=0.02 sys=0.00, real=0.01 secs] 
2014-07-09T15:44:02.952+0200: 51.775: [GC [PSYoungGen: 6122K->3489K(11264K)] 12085K->9452K(27648K), 0.0035882 secs] [Times: user=0.00 sys=0.00, real=0.00 secs] 
2014-07-09T15:44:02.960+0200: 51.783: [GC [PSYoungGen: 9612K->1440K(11264K)] 15575K->7411K(27648K), 0.0011090 secs] [Times: user=0.00 sys=0.00, real=0.00 secs] 
2014-07-09T15:44:02.964+0200: 51.787: [GC [PSYoungGen: 7561K->5090K(11264K)] 13532K->13478K(27648K), 0.0055309 secs] [Times: user=0.00 sys=0.00, real=0.01 secs] 
2014-07-09T15:44:02.979+0200: 51.802: [GC [PSYoungGen: 11213K->5090K(11264K)] 19601K->13862K(27648K), 0.0040321 secs] [Times: user=0.00 sys=0.00, real=0.00 secs] 
2014-07-09T15:44:02.986+0200: 51.808: [GC [PSYoungGen: 11213K->3393K(11264K)] 19985K->12173K(27648K), 0.0028164 secs] [Times: user=0.00 sys=0.00, real=0.00 secs] 
2014-07-09T15:44:03.028+0200: 51.851: [GC [PSYoungGen: 9516K->1312K(11264K)] 18296K->10100K(27648K), 0.0008168 secs] [Times: user=0.00 sys=0.00, real=0.00 secs] 
2014-07-09T15:44:03.031+0200: 51.854: [GC [PSYoungGen: 7433K->5090K(11264K)] 16221K->16167K(27648K), 0.0055701 secs] [Times: user=0.00 sys=0.00, real=0.01 secs] 
2014-07-09T15:44:03.080+0200: 51.903: [GC [PSYoungGen: 11222K->3809K(11264K)] 22299K->14886K(27648K), 0.0041223 secs] [Times: user=0.00 sys=0.00, real=0.01 secs] 
2014-07-09T15:44:03.090+0200: 51.912: [GC [PSYoungGen: 9932K->1728K(11264K)] 21009K->12813K(27648K), 0.0027482 secs] [Times: user=0.00 sys=0.00, real=0.00 secs] 
2014-07-09T15:44:03.096+0200: 51.919: [GC [PSYoungGen: 7849K->5090K(11264K)] 18934K->18880K(27648K), 0.0062345 secs] [Times: user=0.01 sys=0.00, real=0.01 secs] 
2014-07-09T15:44:03.103+0200: 51.926: [Full GC [PSYoungGen: 5090K->0K(11264K)] [ParOldGen: 13790K->8301K(16384K)] 18880K->8301K(27648K) [PSPermGen: 2475K->2475K(21504K)], 0.0138438 secs] [Times: user=0.00 sys=0.00, real=0.01 secs] 
2014-07-09T15:44:03.129+0200: 51.952: [GC [PSYoungGen: 6122K->5090K(11264K)] 14424K->14064K(27648K), 0.0042609 secs] [Times: user=0.00 sys=0.01, real=0.01 secs] 
2014-07-09T15:44:03.179+0200: 52.002: [GC [PSYoungGen: 11213K->3681K(11264K)] 20187K->12663K(27648K), 0.0027504 secs] [Times: user=0.03 sys=0.00, real=0.00 secs] 
2014-07-09T15:44:03.184+0200: 52.007: [GC [PSYoungGen: 9804K->1600K(11264K)] 18786K->10590K(27648K), 0.0013517 secs] [Times: user=0.00 sys=0.00, real=0.00 secs] 
2014-07-09T15:44:03.188+0200: 52.011: [GC [PSYoungGen: 7721K->5090K(11264K)] 16711K->16657K(27648K), 0.0056717 secs] [Times: user=0.00 sys=0.00, real=0.01 secs] 
2014-07-09T15:44:03.230+0200: 52.053: [GC [PSYoungGen: 11213K->5090K(11264K)] 22780K->17169K(27648K), 0.0123373 secs] [Times: user=0.01 sys=0.00, real=0.01 secs] 
2014-07-09T15:44:03.280+0200: 52.103: [GC [PSYoungGen: 11213K->3553K(11264K)] 23292K->15640K(27648K), 0.0037715 secs] [Times: user=0.00 sys=0.00, real=0.00 secs] 
2014-07-09T15:44:03.289+0200: 52.111: [GC [PSYoungGen: 9676K->1472K(11264K)] 21763K->13567K(27648K), 0.0025554 secs] [Times: user=0.03 sys=0.00, real=0.00 secs] 
2014-07-09T15:44:03.296+0200: 52.119: [GC [PSYoungGen: 7593K->5090K(11264K)] 19688K->19634K(27648K), 0.0117196 secs] [Times: user=0.03 sys=0.00, real=0.01 secs] 
2014-07-09T15:44:03.308+0200: 52.131: [Full GC [PSYoungGen: 5090K->0K(11264K)] [ParOldGen: 14544K->8051K(16384K)] 19634K->8051K(27648K) [PSPermGen: 2475K->2475K(21504K)], 0.0156828 secs] [Times: user=0.03 sys=0.00, real=0.02 secs] 
2014-07-09T15:44:03.329+0200: 52.152: [GC [PSYoungGen: 6137K->3841K(11264K)] 14188K->11893K(27648K), 0.0027064 secs] [Times: user=0.00 sys=0.00, real=0.00 secs] 
2014-07-09T15:44:03.379+0200: 52.202: [GC [PSYoungGen: 9964K->1760K(11264K)] 18016K->9820K(27648K), 0.0021338 secs] [Times: user=0.00 sys=0.00, real=0.00 secs] 
2014-07-09T15:44:03.386+0200: 52.209: [GC [PSYoungGen: 7881K->5090K(11264K)] 15941K->15887K(27648K), 0.0094490 secs] [Times: user=0.00 sys=0.00, real=0.01 secs] 
2014-07-09T15:44:03.398+0200: 52.221: [GC [PSYoungGen: 11213K->5090K(11264K)] 22010K->16591K(27648K), 0.0045033 secs] [Times: user=0.03 sys=0.00, real=0.01 secs] 
2014-07-09T15:44:03.429+0200: 52.252: [GC [PSYoungGen: 11213K->3713K(11264K)] 22714K->15223K(27648K), 0.0030742 secs] [Times: user=0.03 sys=0.00, real=0.00 secs] 
2014-07-09T15:44:03.478+0200: 52.301: [GC [PSYoungGen: 9836K->1632K(11264K)] 21346K->13150K(27648K), 0.0011618 secs] [Times: user=0.00 sys=0.00, real=0.00 secs] 
2014-07-09T15:44:03.482+0200: 52.305: [GC [PSYoungGen: 7753K->5090K(11264K)] 19271K->19217K(27648K), 0.0060328 secs] [Times: user=0.00 sys=0.00, real=0.01 secs] 
2014-07-09T15:44:03.488+0200: 52.311: [Full GC [PSYoungGen: 5090K->0K(11264K)] [ParOldGen: 14126K->8216K(16384K)] 19217K->8216K(27648K) [PSPermGen: 2475K->2475K(21504K)], 0.0113218 secs] [Times: user=0.01 sys=0.00, real=0.01 secs] 
2014-07-09T15:44:03.502+0200: 52.325: [GC [PSYoungGen: 6122K->5090K(11264K)] 14339K->13883K(27648K), 0.0081769 secs] [Times: user=0.02 sys=0.00, real=0.01 secs] 
2014-07-09T15:44:03.529+0200: 52.352: [GC [PSYoungGen: 11213K->3585K(11264K)] 20006K->12386K(27648K), 0.0024300 secs] [Times: user=0.00 sys=0.00, real=0.00 secs] 
2014-07-09T15:44:03.578+0200: 52.401: [GC [PSYoungGen: 9714K->448K(11264K)] 18515K->9257K(27648K), 0.0028949 secs] [Times: user=0.00 sys=0.00, real=0.00 secs] 
2014-07-09T15:44:03.585+0200: 52.408: [GC [PSYoungGen: 6569K->5090K(11264K)] 15378K->15356K(27648K), 0.0085380 secs] [Times: user=0.03 sys=0.00, real=0.01 secs] 
2014-07-09T15:44:03.598+0200: 52.420: [GC [PSYoungGen: 11213K->4514K(11264K)] 21479K->14779K(27648K), 0.0068255 secs] [Times: user=0.03 sys=0.00, real=0.01 secs] 
2014-07-09T15:44:03.629+0200: 52.452: [GC [PSYoungGen: 10637K->2433K(11264K)] 20902K->12706K(27648K), 0.0014166 secs] [Times: user=0.00 sys=0.00, real=0.00 secs] 
2014-07-09T15:44:03.678+0200: 52.501: [GC [PSYoungGen: 8556K->352K(11264K)] 18829K->10633K(27648K), 0.0015472 secs] [Times: user=0.02 sys=0.00, real=0.00 secs] 
2014-07-09T15:44:03.684+0200: 52.507: [GC [PSYoungGen: 6473K->5090K(11264K)] 16754K->16700K(27648K), 0.0084251 secs] [Times: user=0.00 sys=0.00, real=0.01 secs] 
2014-07-09T15:44:03.700+0200: 52.523: [GC [PSYoungGen: 11213K->4386K(11264K)] 22823K->15996K(27648K), 0.0055401 secs] [Times: user=0.00 sys=0.00, real=0.01 secs] 
2014-07-09T15:44:03.729+0200: 52.552: [GC [PSYoungGen: 10509K->2305K(11264K)] 22119K->13923K(27648K), 0.0024025 secs] [Times: user=0.00 sys=0.00, real=0.00 secs] 
2014-07-09T15:44:03.778+0200: 52.601: [GC [PSYoungGen: 8428K->192K(11264K)] 20046K->11818K(27648K), 0.0022298 secs] [Times: user=0.00 sys=0.00, real=0.00 secs] 
2014-07-09T15:44:03.785+0200: 52.608: [GC [PSYoungGen: 6313K->5090K(11264K)] 17939K->17909K(27648K), 0.0061586 secs] [Times: user=0.02 sys=0.00, real=0.01 secs] 
2014-07-09T15:44:03.795+0200: 52.618: [GC [PSYoungGen: 11228K->2209K(11264K)] 24047K->15027K(27648K), 0.0016923 secs] [Times: user=0.00 sys=0.00, real=0.00 secs] 
2014-07-09T15:44:03.828+0200: 52.651: [GC [PSYoungGen: 8332K->128K(11264K)] 21150K->12954K(27648K), 0.0004935 secs] [Times: user=0.00 sys=0.00, real=0.00 secs] 
2014-07-09T15:44:03.830+0200: 52.653: [GC [PSYoungGen: 6249K->5090K(11264K)] 19075K->19021K(27648K), 0.0047082 secs] [Times: user=0.00 sys=0.00, real=0.01 secs] 
2014-07-09T15:44:03.835+0200: 52.658: [Full GC [PSYoungGen: 5090K->0K(11264K)] [ParOldGen: 13931K->6718K(16384K)] 19021K->6718K(27648K) [PSPermGen: 2475K->2475K(21504K)], 0.0093669 secs] [Times: user=0.03 sys=0.00, real=0.01 secs] 
2014-07-09T15:44:03.879+0200: 52.702: [GC [PSYoungGen: 6120K->4130K(11264K)] 12839K->10848K(27648K), 0.0040798 secs] [Times: user=0.02 sys=0.00, real=0.01 secs] 
2014-07-09T15:44:03.888+0200: 52.711: [GC [PSYoungGen: 10250K->2048K(11264K)] 16969K->8775K(27648K), 0.0057014 secs] [Times: user=0.00 sys=0.00, real=0.01 secs] 
2014-07-09T15:44:03.897+0200: 52.720: [GC [PSYoungGen: 8169K->5090K(11264K)] 14896K->14874K(27648K), 0.0057454 secs] [Times: user=0.03 sys=0.00, real=0.01 secs] 
2014-07-09T15:44:03.929+0200: 52.752: [GC [PSYoungGen: 11213K->5090K(11264K)] 20997K->15898K(27648K), 0.0055265 secs] [Times: user=0.00 sys=0.00, real=0.01 secs] 
2014-07-09T15:44:03.979+0200: 52.802: [GC [PSYoungGen: 11213K->4033K(11264K)] 22021K->14850K(27648K), 0.0025799 secs] [Times: user=0.00 sys=0.00, real=0.00 secs] 
2014-07-09T15:44:03.984+0200: 52.807: [GC [PSYoungGen: 10156K->1952K(11264K)] 20973K->12777K(27648K), 0.0015076 secs] [Times: user=0.00 sys=0.00, real=0.00 secs] 
2014-07-09T15:44:03.988+0200: 52.811: [GC [PSYoungGen: 8073K->5090K(11264K)] 18898K->18844K(27648K), 0.0059214 secs] [Times: user=0.03 sys=0.00, real=0.01 secs] 
2014-07-09T15:44:03.994+0200: 52.817: [Full GC [PSYoungGen: 5090K->0K(11264K)] [ParOldGen: 13753K->8543K(16384K)] 18844K->8543K(27648K) [PSPermGen: 2475K->2475K(21504K)], 0.0101966 secs] [Times: user=0.00 sys=0.00, real=0.01 secs] 
2014-07-09T15:44:04.029+0200: 52.852: [GC [PSYoungGen: 6122K->5090K(11264K)] 14666K->14530K(27648K), 0.0045260 secs] [Times: user=0.00 sys=0.00, real=0.00 secs] 
2014-07-09T15:44:04.078+0200: 52.901: [GC [PSYoungGen: 11218K->2881K(11264K)] 20658K->12329K(27648K), 0.0015681 secs] [Times: user=0.00 sys=0.00, real=0.00 secs] 
2014-07-09T15:44:04.083+0200: 52.906: [GC [PSYoungGen: 9004K->800K(11264K)] 18452K->10256K(27648K), 0.0009613 secs] [Times: user=0.00 sys=0.00, real=0.00 secs] 
2014-07-09T15:44:04.087+0200: 52.910: [GC [PSYoungGen: 6921K->5090K(11264K)] 16377K->16323K(27648K), 0.0066220 secs] [Times: user=0.00 sys=0.00, real=0.01 secs] 
2014-07-09T15:44:04.129+0200: 52.952: [GC [PSYoungGen: 11213K->4834K(11264K)] 22446K->16066K(27648K), 0.0038437 secs] [Times: user=0.03 sys=0.00, real=0.00 secs] 
2014-07-09T15:44:04.180+0200: 53.003: [GC [PSYoungGen: 10957K->2753K(11264K)] 22189K->13993K(27648K), 0.0029414 secs] [Times: user=0.00 sys=0.00, real=0.00 secs] 
2014-07-09T15:44:04.189+0200: 53.012: [GC [PSYoungGen: 8876K->672K(11264K)] 20116K->11920K(27648K), 0.0019552 secs] [Times: user=0.00 sys=0.00, real=0.00 secs] 
2014-07-09T15:44:04.198+0200: 53.021: [GC [PSYoungGen: 6793K->5090K(11264K)] 18041K->17987K(27648K), 0.0085772 secs] [Times: user=0.00 sys=0.00, real=0.01 secs] 
2014-07-09T15:44:04.229+0200: 53.052: [GC [PSYoungGen: 11213K->4706K(11264K)] 24110K->17603K(27648K), 0.0033312 secs] [Times: user=0.00 sys=0.00, real=0.00 secs] 
2014-07-09T15:44:04.280+0200: 53.102: [GC [PSYoungGen: 10829K->2625K(11264K)] 23726K->15530K(27648K), 0.0027306 secs] [Times: user=0.00 sys=0.00, real=0.00 secs] 
2014-07-09T15:44:04.288+0200: 53.111: [GC [PSYoungGen: 8748K->544K(11264K)] 21653K->13457K(27648K), 0.0022056 secs] [Times: user=0.00 sys=0.00, real=0.00 secs] 
2014-07-09T15:44:04.295+0200: 53.118: [GC [PSYoungGen: 6665K->5090K(11264K)] 19578K->19524K(27648K), 0.0061054 secs] [Times: user=0.00 sys=0.00, real=0.01 secs] 
2014-07-09T15:44:04.302+0200: 53.124: [Full GC [PSYoungGen: 5090K->0K(11264K)] [ParOldGen: 14434K->7135K(16384K)] 19524K->7135K(27648K) [PSPermGen: 2475K->2475K(21504K)], 0.0375692 secs] [Times: user=0.05 sys=0.00, real=0.04 secs] 
2014-07-09T15:44:04.342+0200: 53.165: [GC [PSYoungGen: 6138K->2881K(11264K)] 13273K->10016K(27648K), 0.0028890 secs] [Times: user=0.00 sys=0.00, real=0.00 secs] 
2014-07-09T15:44:04.378+0200: 53.201: [GC [PSYoungGen: 9004K->800K(11264K)] 16139K->7943K(27648K), 0.0041858 secs] [Times: user=0.02 sys=0.00, real=0.00 secs] 
2014-07-09T15:44:04.384+0200: 53.207: [GC [PSYoungGen: 6921K->5090K(11264K)] 14064K->14042K(27648K), 0.0050363 secs] [Times: user=0.00 sys=0.00, real=0.00 secs] 
2014-07-09T15:44:04.392+0200: 53.215: [GC [PSYoungGen: 11213K->4866K(11264K)] 20165K->13818K(27648K), 0.0038400 secs] [Times: user=0.00 sys=0.00, real=0.00 secs] 
2014-07-09T15:44:04.428+0200: 53.251: [GC [PSYoungGen: 10989K->2785K(11264K)] 19941K->11745K(27648K), 0.0013136 secs] [Times: user=0.03 sys=0.00, real=0.00 secs] 
2014-07-09T15:44:04.478+0200: 53.301: [GC [PSYoungGen: 8908K->704K(11264K)] 17868K->9672K(27648K), 0.0015226 secs] [Times: user=0.00 sys=0.00, real=0.00 secs] 
2014-07-09T15:44:04.483+0200: 53.306: [GC [PSYoungGen: 6825K->5090K(11264K)] 15793K->15739K(27648K), 0.0092133 secs] [Times: user=0.03 sys=0.00, real=0.01 secs] 
2014-07-09T15:44:04.497+0200: 53.320: [GC [PSYoungGen: 11213K->4738K(11264K)] 21862K->15387K(27648K), 0.0066154 secs] [Times: user=0.00 sys=0.00, real=0.01 secs] 
2014-07-09T15:44:04.529+0200: 53.352: [GC [PSYoungGen: 10861K->2657K(11264K)] 21510K->13314K(27648K), 0.0016223 secs] [Times: user=0.00 sys=0.00, real=0.00 secs] 
2014-07-09T15:44:04.533+0200: 53.356: [GC [PSYoungGen: 8799K->736K(11264K)] 19455K->11400K(27648K), 0.0010273 secs] [Times: user=0.00 sys=0.00, real=0.00 secs] 
2014-07-09T15:44:04.581+0200: 53.404: [GC [PSYoungGen: 6849K->5090K(11264K)] 17514K->15827K(27648K), 0.0065952 secs] [Times: user=0.03 sys=0.00, real=0.01 secs] 
2014-07-09T15:44:04.592+0200: 53.415: [GC [PSYoungGen: 11213K->3073K(11264K)] 21950K->13818K(27648K), 0.0039797 secs] [Times: user=0.00 sys=0.00, real=0.00 secs] 
2014-07-09T15:44:04.629+0200: 53.452: [GC [PSYoungGen: 9196K->992K(11264K)] 19941K->11745K(27648K), 0.0017697 secs] [Times: user=0.02 sys=0.00, real=0.00 secs] 
2014-07-09T15:44:04.635+0200: 53.458: [GC [PSYoungGen: 7113K->5090K(11264K)] 17866K->17812K(27648K), 0.0088965 secs] [Times: user=0.00 sys=0.00, real=0.01 secs] 
2014-07-09T15:44:04.681+0200: 53.504: [GC [PSYoungGen: 11213K->5026K(11264K)] 23935K->17748K(27648K), 0.0059529 secs] [Times: user=0.00 sys=0.00, real=0.01 secs] 
2014-07-09T15:44:04.691+0200: 53.514: [GC [PSYoungGen: 11149K->2945K(11264K)] 23871K->15675K(27648K), 0.0040358 secs] [Times: user=0.03 sys=0.00, real=0.01 secs] 
2014-07-09T15:44:04.728+0200: 53.551: [GC [PSYoungGen: 9068K->864K(11264K)] 21798K->13602K(27648K), 0.0016483 secs] [Times: user=0.00 sys=0.00, real=0.00 secs] 
2014-07-09T15:44:04.734+0200: 53.557: [GC [PSYoungGen: 6985K->5090K(11264K)] 19723K->19669K(27648K), 0.0093688 secs] [Times: user=0.03 sys=0.00, real=0.01 secs] 
2014-07-09T15:44:04.744+0200: 53.567: [Full GC [PSYoungGen: 5090K->0K(11264K)] [ParOldGen: 14578K->7458K(16384K)] 19669K->7458K(27648K) [PSPermGen: 2475K->2475K(21504K)], 0.0144407 secs] [Times: user=0.03 sys=0.00, real=0.01 secs] 
2014-07-09T15:44:04.779+0200: 53.602: [GC [PSYoungGen: 6122K->4898K(11264K)] 13581K->12356K(27648K), 0.0034613 secs] [Times: user=0.00 sys=0.00, real=0.00 secs] 
2014-07-09T15:44:04.786+0200: 53.609: [GC [PSYoungGen: 11027K->2305K(11264K)] 18485K->9771K(27648K), 0.0023020 secs] [Times: user=0.03 sys=0.00, real=0.00 secs] 
2014-07-09T15:44:04.791+0200: 53.614: [GC [PSYoungGen: 8444K->256K(11264K)] 15910K->7730K(27648K), 0.0008337 secs] [Times: user=0.00 sys=0.00, real=0.00 secs] 
2014-07-09T15:44:04.830+0200: 53.653: [GC [PSYoungGen: 6398K->5090K(11264K)] 13872K->12828K(27648K), 0.0038811 secs] [Times: user=0.02 sys=0.00, real=0.00 secs] 
2014-07-09T15:44:04.879+0200: 53.702: [GC [PSYoungGen: 11213K->3233K(11264K)] 18951K->10979K(27648K), 0.0328449 secs] [Times: user=0.03 sys=0.00, real=0.03 secs] 
2014-07-09T15:44:04.916+0200: 53.739: [GC [PSYoungGen: 9356K->1152K(11264K)] 17102K->8906K(27648K), 0.0031687 secs] [Times: user=0.00 sys=0.00, real=0.00 secs] 
2014-07-09T15:44:04.924+0200: 53.747: [GC [PSYoungGen: 7273K->5090K(11264K)] 15027K->14997K(27648K), 0.0078711 secs] [Times: user=0.02 sys=0.00, real=0.01 secs] 
2014-07-09T15:44:04.934+0200: 53.757: [GC [PSYoungGen: 11213K->5090K(11264K)] 21120K->15125K(27648K), 0.0042389 secs] [Times: user=0.00 sys=0.00, real=0.00 secs] 
2014-07-09T15:44:04.978+0200: 53.801: [GC [PSYoungGen: 11213K->3137K(11264K)] 21248K->13180K(27648K), 0.0016755 secs] [Times: user=0.00 sys=0.00, real=0.00 secs] 
2014-07-09T15:44:04.983+0200: 53.806: [GC [PSYoungGen: 9260K->1056K(11264K)] 19303K->11107K(27648K), 0.0010746 secs] [Times: user=0.00 sys=0.00, real=0.00 secs] 
2014-07-09T15:44:04.986+0200: 53.809: [GC [PSYoungGen: 7177K->5090K(11264K)] 17228K->17174K(27648K), 0.0054180 secs] [Times: user=0.03 sys=0.00, real=0.01 secs] 
2014-07-09T15:44:05.029+0200: 53.852: [GC [PSYoungGen: 11216K->4065K(11264K)] 23301K->16150K(27648K), 0.0028842 secs] [Times: user=0.00 sys=0.00, real=0.00 secs] 
2014-07-09T15:44:05.079+0200: 53.902: [GC [PSYoungGen: 10188K->1984K(11264K)] 22273K->14077K(27648K), 0.0024252 secs] [Times: user=0.00 sys=0.00, real=0.00 secs] 
2014-07-09T15:44:05.086+0200: 53.909: [GC [PSYoungGen: 8105K->5090K(11264K)] 20198K->20144K(27648K), 0.0100991 secs] [Times: user=0.00 sys=0.00, real=0.01 secs] 
2014-07-09T15:44:05.096+0200: 53.919: [Full GC [PSYoungGen: 5090K->0K(11264K)] [ParOldGen: 15053K->8580K(16384K)] 20144K->8580K(27648K) [PSPermGen: 2475K->2475K(21504K)], 0.0169036 secs] [Times: user=0.03 sys=0.00, real=0.02 secs] 
2014-07-09T15:44:05.116+0200: 53.939: [GC [PSYoungGen: 6122K->5090K(11264K)] 14703K->14599K(27648K), 0.0048882 secs] [Times: user=0.00 sys=0.00, real=0.01 secs] 
2014-07-09T15:44:05.129+0200: 53.952: [GC [PSYoungGen: 11213K->3937K(11264K)] 20722K->13454K(27648K), 0.0029667 secs] [Times: user=0.03 sys=0.00, real=0.00 secs] 
2014-07-09T15:44:05.180+0200: 54.003: [GC [PSYoungGen: 10060K->1824K(11264K)] 19577K->11349K(27648K), 0.0033257 secs] [Times: user=0.00 sys=0.00, real=0.00 secs] 
2014-07-09T15:44:05.188+0200: 54.011: [GC [PSYoungGen: 7945K->5090K(11264K)] 17470K->17440K(27648K), 0.0107942 secs] [Times: user=0.02 sys=0.00, real=0.01 secs] 
2014-07-09T15:44:05.202+0200: 54.025: [GC [PSYoungGen: 11213K->5090K(11264K)] 23563K->18240K(27648K), 0.0054110 secs] [Times: user=0.00 sys=0.00, real=0.01 secs] 
2014-07-09T15:44:05.229+0200: 54.052: [GC [PSYoungGen: 11213K->3809K(11264K)] 24363K->16968K(27648K), 0.0023424 secs] [Times: user=0.00 sys=0.00, real=0.00 secs] 
2014-07-09T15:44:05.278+0200: 54.101: [GC [PSYoungGen: 9932K->1728K(11264K)] 23091K->14895K(27648K), 0.0010222 secs] [Times: user=0.00 sys=0.00, real=0.00 secs] 
2014-07-09T15:44:05.282+0200: 54.105: [GC [PSYoungGen: 7849K->5090K(11264K)] 21016K->20962K(27648K), 0.0061901 secs] [Times: user=0.03 sys=0.00, real=0.01 secs] 
2014-07-09T15:44:05.288+0200: 54.111: [Full GC [PSYoungGen: 5090K->0K(11264K)] [ParOldGen: 15871K->8324K(16384K)] 20962K->8324K(27648K) [PSPermGen: 2475K->2475K(21504K)], 0.0118541 secs] [Times: user=0.00 sys=0.00, real=0.01 secs] 
2014-07-09T15:44:05.303+0200: 54.126: [GC [PSYoungGen: 6122K->5090K(11264K)] 14447K->14086K(27648K), 0.0046459 secs] [Times: user=0.00 sys=0.00, real=0.00 secs] 
2014-07-09T15:44:05.328+0200: 54.151: [GC [PSYoungGen: 11233K->1504K(11264K)] 20229K->10509K(27648K), 0.0008491 secs] [Times: user=0.00 sys=0.00, real=0.00 secs] 
2014-07-09T15:44:05.331+0200: 54.154: [GC [PSYoungGen: 7625K->5090K(11264K)] 16630K->16576K(27648K), 0.0058169 secs] [Times: user=0.03 sys=0.00, real=0.01 secs] 
2014-07-09T15:44:05.381+0200: 54.204: [GC [PSYoungGen: 11213K->5090K(11264K)] 22699K->17024K(27648K), 0.0069351 secs] [Times: user=0.00 sys=0.00, real=0.01 secs] 
2014-07-09T15:44:05.394+0200: 54.217: [GC [PSYoungGen: 11213K->3425K(11264K)] 23147K->15367K(27648K), 0.0066744 secs] [Times: user=0.01 sys=0.00, real=0.01 secs] 
2014-07-09T15:44:05.428+0200: 54.251: [GC [PSYoungGen: 9548K->1376K(11264K)] 21490K->13326K(27648K), 0.0010218 secs] [Times: user=0.00 sys=0.00, real=0.00 secs] 
2014-07-09T15:44:05.431+0200: 54.254: [GC [PSYoungGen: 7497K->5090K(11264K)] 19447K->19385K(27648K), 0.0235220 secs] [Times: user=0.02 sys=0.00, real=0.02 secs] 
2014-07-09T15:44:05.455+0200: 54.278: [Full GC [PSYoungGen: 5090K->0K(11264K)] [ParOldGen: 14295K->7974K(16384K)] 19385K->7974K(27648K) [PSPermGen: 2475K->2475K(21504K)], 0.0140759 secs] [Times: user=0.01 sys=0.00, real=0.01 secs] 
2014-07-09T15:44:05.479+0200: 54.302: [GC [PSYoungGen: 6122K->5090K(11264K)] 14097K->13384K(27648K), 0.0040252 secs] [Times: user=0.00 sys=0.00, real=0.00 secs] 
2014-07-09T15:44:05.485+0200: 54.308: [GC [PSYoungGen: 11213K->3329K(11264K)] 19507K->11632K(27648K), 0.0026727 secs] [Times: user=0.00 sys=0.00, real=0.00 secs] 
2014-07-09T15:44:05.529+0200: 54.352: [GC [PSYoungGen: 9452K->1248K(11264K)] 17755K->9559K(27648K), 0.0018317 secs] [Times: user=0.00 sys=0.00, real=0.00 secs] 
2014-07-09T15:44:05.534+0200: 54.357: [GC [PSYoungGen: 7369K->5090K(11264K)] 15679K->15625K(27648K), 0.0094908 secs] [Times: user=0.03 sys=0.00, real=0.01 secs] 
2014-07-09T15:44:05.580+0200: 54.403: [GC [PSYoungGen: 11218K->4258K(11264K)] 21754K->14793K(27648K), 0.0054954 secs] [Times: user=0.03 sys=0.00, real=0.01 secs] 
2014-07-09T15:44:05.589+0200: 54.412: [GC [PSYoungGen: 10381K->2145K(11264K)] 20916K->12688K(27648K), 0.0108140 secs] [Times: user=0.02 sys=0.00, real=0.01 secs] 
2014-07-09T15:44:05.628+0200: 54.451: [GC [PSYoungGen: 8268K->64K(11264K)] 18811K->10615K(27648K), 0.0008040 secs] [Times: user=0.00 sys=0.00, real=0.00 secs] 
2014-07-09T15:44:05.631+0200: 54.454: [GC [PSYoungGen: 6185K->5090K(11264K)] 16736K->16714K(27648K), 0.0051485 secs] [Times: user=0.00 sys=0.00, real=0.00 secs] 
2014-07-09T15:44:05.680+0200: 54.503: [GC [PSYoungGen: 11211K->4129K(11264K)] 22835K->15754K(27648K), 0.0048109 secs] [Times: user=0.00 sys=0.00, real=0.00 secs] 
2014-07-09T15:44:05.690+0200: 54.513: [GC [PSYoungGen: 10250K->2048K(11264K)] 21874K->13680K(27648K), 0.0034624 secs] [Times: user=0.01 sys=0.00, real=0.00 secs] 
2014-07-09T15:44:05.698+0200: 54.521: [GC [PSYoungGen: 8169K->5090K(11264K)] 19801K->19747K(27648K), 0.0091587 secs] [Times: user=0.00 sys=0.00, real=0.01 secs] 
2014-07-09T15:44:05.707+0200: 54.530: [Full GC [PSYoungGen: 5090K->0K(11264K)] [ParOldGen: 14657K->8647K(16384K)] 19747K->8647K(27648K) [PSPermGen: 2475K->2475K(21504K)], 0.0116961 secs] [Times: user=0.02 sys=0.00, real=0.01 secs] 
2014-07-09T15:44:05.730+0200: 54.553: [GC [PSYoungGen: 6122K->5090K(11264K)] 14770K->14730K(27648K), 0.0045997 secs] [Times: user=0.00 sys=0.00, real=0.00 secs] 
2014-07-09T15:44:05.780+0200: 54.603: [GC [PSYoungGen: 11213K->4001K(11264K)] 20853K->13649K(27648K), 0.0050363 secs] [Times: user=0.00 sys=0.00, real=0.01 secs] 
2014-07-09T15:44:05.790+0200: 54.613: [GC [PSYoungGen: 10136K->384K(11264K)] 19783K->10039K(27648K), 0.0017121 secs] [Times: user=0.00 sys=0.00, real=0.00 secs] 
2014-07-09T15:44:05.796+0200: 54.619: [GC [PSYoungGen: 6505K->5090K(11264K)] 16160K->16106K(27648K), 0.0052977 secs] [Times: user=0.03 sys=0.00, real=0.01 secs] 
2014-07-09T15:44:05.829+0200: 54.652: [GC [PSYoungGen: 11213K->4418K(11264K)] 22229K->15434K(27648K), 0.0029994 secs] [Times: user=0.00 sys=0.00, real=0.00 secs] 
2014-07-09T15:44:05.878+0200: 54.702: [GC [PSYoungGen: 10541K->2305K(11264K)] 21557K->13329K(27648K), 0.0164347 secs] [Times: user=0.02 sys=0.00, real=0.02 secs] 
2014-07-09T15:44:05.898+0200: 54.721: [GC [PSYoungGen: 8428K->224K(11264K)] 19452K->11256K(27648K), 0.0018335 secs] [Times: user=0.00 sys=0.00, real=0.00 secs] 
2014-07-09T15:44:05.903+0200: 54.726: [GC [PSYoungGen: 6345K->5090K(11264K)] 17377K->17355K(27648K), 0.0164718 secs] [Times: user=0.00 sys=0.00, real=0.02 secs] 
2014-07-09T15:44:05.929+0200: 54.752: [GC [PSYoungGen: 11213K->4290K(11264K)] 23478K->16554K(27648K), 0.0030940 secs] [Times: user=0.00 sys=0.00, real=0.00 secs] 
2014-07-09T15:44:05.978+0200: 54.801: [GC [PSYoungGen: 10413K->2177K(11264K)] 22677K->14449K(27648K), 0.0020887 secs] [Times: user=0.00 sys=0.00, real=0.00 secs] 
2014-07-09T15:44:05.983+0200: 54.806: [GC [PSYoungGen: 8300K->96K(11264K)] 20572K->12376K(27648K), 0.0193512 secs] [Times: user=0.02 sys=0.00, real=0.02 secs] 
2014-07-09T15:44:06.006+0200: 54.829: [GC [PSYoungGen: 6217K->5090K(11264K)] 18497K->18475K(27648K), 0.0042958 secs] [Times: user=0.00 sys=0.00, real=0.00 secs] 
2014-07-09T15:44:06.029+0200: 54.852: [GC [PSYoungGen: 11211K->4162K(11264K)] 24596K->17547K(27648K), 0.0028388 secs] [Times: user=0.00 sys=0.00, real=0.00 secs] 
2014-07-09T15:44:06.078+0200: 54.901: [GC [PSYoungGen: 10294K->544K(11264K)] 23679K->13937K(27648K), 0.0015666 secs] [Times: user=0.00 sys=0.00, real=0.00 secs] 
2014-07-09T15:44:06.084+0200: 54.907: [GC [PSYoungGen: 6665K->5090K(11264K)] 20058K->20004K(27648K), 0.0087481 secs] [Times: user=0.00 sys=0.00, real=0.01 secs] 
2014-07-09T15:44:06.093+0200: 54.916: [Full GC [PSYoungGen: 5090K->0K(11264K)] [ParOldGen: 14914K->7144K(16384K)] 20004K->7144K(27648K) [PSPermGen: 2475K->2475K(21504K)], 0.0240558 secs] [Times: user=0.06 sys=0.00, real=0.02 secs] 
2014-07-09T15:44:06.123+0200: 54.946: [GC [PSYoungGen: 6122K->4578K(11264K)] 13267K->11722K(27648K), 0.0045869 secs] [Times: user=0.00 sys=0.00, real=0.01 secs] 
2014-07-09T15:44:06.130+0200: 54.953: [GC [PSYoungGen: 10701K->2497K(11264K)] 17845K->9649K(27648K), 0.0018617 secs] [Times: user=0.00 sys=0.00, real=0.00 secs] 
2014-07-09T15:44:06.178+0200: 55.001: [GC [PSYoungGen: 8620K->416K(11264K)] 15772K->7576K(27648K), 0.0007453 secs] [Times: user=0.00 sys=0.00, real=0.00 secs] 
2014-07-09T15:44:06.181+0200: 55.004: [GC [PSYoungGen: 6537K->5090K(11264K)] 13697K->13643K(27648K), 0.0050858 secs] [Times: user=0.00 sys=0.00, real=0.01 secs] 
2014-07-09T15:44:06.188+0200: 55.011: [GC [PSYoungGen: 11213K->4450K(11264K)] 19766K->13003K(27648K), 0.0036754 secs] [Times: user=0.03 sys=0.00, real=0.00 secs] 
2014-07-09T15:44:06.229+0200: 55.052: [GC [PSYoungGen: 10573K->2369K(11264K)] 19126K->10930K(27648K), 0.0013668 secs] [Times: user=0.00 sys=0.00, real=0.00 secs] 
2014-07-09T15:44:06.278+0200: 55.101: [GC [PSYoungGen: 8492K->256K(11264K)] 17053K->8825K(27648K), 0.0029752 secs] [Times: user=0.00 sys=0.00, real=0.00 secs] 
2014-07-09T15:44:06.284+0200: 55.107: [GC [PSYoungGen: 6377K->5090K(11264K)] 14946K->14924K(27648K), 0.0055782 secs] [Times: user=0.02 sys=0.00, real=0.01 secs] 
2014-07-09T15:44:06.294+0200: 55.117: [GC [PSYoungGen: 11213K->4290K(11264K)] 21047K->14124K(27648K), 0.0046045 secs] [Times: user=0.00 sys=0.00, real=0.01 secs] 
2014-07-09T15:44:06.328+0200: 55.151: [GC [PSYoungGen: 10428K->576K(11264K)] 20262K->10418K(27648K), 0.0005848 secs] [Times: user=0.00 sys=0.00, real=0.00 secs] 
2014-07-09T15:44:06.330+0200: 55.153: [GC [PSYoungGen: 6697K->5090K(11264K)] 16539K->16485K(27648K), 0.0050371 secs] [Times: user=0.03 sys=0.00, real=0.01 secs] 
2014-07-09T15:44:06.380+0200: 55.203: [GC [PSYoungGen: 11213K->4610K(11264K)] 22608K->16004K(27648K), 0.0055804 secs] [Times: user=0.00 sys=0.00, real=0.01 secs] 
2014-07-09T15:44:06.391+0200: 55.214: [GC [PSYoungGen: 10733K->2529K(11264K)] 22127K->13931K(27648K), 0.0034173 secs] [Times: user=0.02 sys=0.00, real=0.00 secs] 
2014-07-09T15:44:06.428+0200: 55.251: [GC [PSYoungGen: 8652K->448K(11264K)] 20054K->11858K(27648K), 0.0014489 secs] [Times: user=0.00 sys=0.00, real=0.00 secs] 
2014-07-09T15:44:06.433+0200: 55.257: [GC [PSYoungGen: 6569K->5090K(11264K)] 17979K->17925K(27648K), 0.0083880 secs] [Times: user=0.03 sys=0.00, real=0.01 secs] 
2014-07-09T15:44:06.479+0200: 55.302: [GC [PSYoungGen: 11213K->4482K(11264K)] 24048K->17317K(27648K), 0.0030661 secs] [Times: user=0.00 sys=0.00, real=0.00 secs] 
2014-07-09T15:44:06.486+0200: 55.309: [GC [PSYoungGen: 10605K->2401K(11264K)] 23440K->15244K(27648K), 0.0019695 secs] [Times: user=0.02 sys=0.00, real=0.00 secs] 
2014-07-09T15:44:06.528+0200: 55.351: [GC [PSYoungGen: 8524K->320K(11264K)] 21367K->13171K(27648K), 0.0009386 secs] [Times: user=0.00 sys=0.00, real=0.00 secs] 
2014-07-09T15:44:06.531+0200: 55.354: [GC [PSYoungGen: 6441K->5090K(11264K)] 19292K->19238K(27648K), 0.0055467 secs] [Times: user=0.03 sys=0.00, real=0.01 secs] 
2014-07-09T15:44:06.537+0200: 55.360: [Full GC [PSYoungGen: 5090K->0K(11264K)] [ParOldGen: 14148K->6922K(16384K)] 19238K->6922K(27648K) [PSPermGen: 2475K->2475K(21504K)], 0.0291552 secs] [Times: user=0.03 sys=0.00, real=0.03 secs] 
2014-07-09T15:44:06.579+0200: 55.402: [GC [PSYoungGen: 6126K->3329K(11264K)] 13048K->10251K(27648K), 0.0021554 secs] [Times: user=0.03 sys=0.00, real=0.00 secs] 
2014-07-09T15:44:06.583+0200: 55.406: [GC [PSYoungGen: 9452K->1248K(11264K)] 16374K->8178K(27648K), 0.0011365 secs] [Times: user=0.00 sys=0.00, real=0.00 secs] 
2014-07-09T15:44:06.587+0200: 55.410: [GC [PSYoungGen: 7369K->5090K(11264K)] 14299K->14245K(27648K), 0.0056548 secs] [Times: user=0.00 sys=0.00, real=0.01 secs] 
2014-07-09T15:44:06.629+0200: 55.452: [GC [PSYoungGen: 11213K->5090K(11264K)] 20368K->14437K(27648K), 0.0039280 secs] [Times: user=0.00 sys=0.00, real=0.00 secs] 
2014-07-09T15:44:06.680+0200: 55.503: [GC [PSYoungGen: 11213K->3201K(11264K)] 20560K->12556K(27648K), 0.0032109 secs] [Times: user=0.00 sys=0.00, real=0.00 secs] 
2014-07-09T15:44:06.688+0200: 55.511: [GC [PSYoungGen: 9324K->1120K(11264K)] 18679K->10483K(27648K), 0.0028985 secs] [Times: user=0.03 sys=0.00, real=0.00 secs] 
2014-07-09T15:44:06.695+0200: 55.518: [GC [PSYoungGen: 7241K->5090K(11264K)] 16604K->16550K(27648K), 0.0058744 secs] [Times: user=0.00 sys=0.00, real=0.01 secs] 
2014-07-09T15:44:06.730+0200: 55.553: [GC [PSYoungGen: 11213K->5090K(11264K)] 22673K->16614K(27648K), 0.0038111 secs] [Times: user=0.00 sys=0.00, real=0.00 secs] 
2014-07-09T15:44:06.779+0200: 55.602: [GC [PSYoungGen: 11213K->3073K(11264K)] 22737K->14605K(27648K), 0.0018658 secs] [Times: user=0.00 sys=0.00, real=0.00 secs] 
2014-07-09T15:44:06.784+0200: 55.607: [GC [PSYoungGen: 9215K->1280K(11264K)] 20748K->12820K(27648K), 0.0013268 secs] [Times: user=0.00 sys=0.00, real=0.00 secs] 
2014-07-09T15:44:06.788+0200: 55.611: [GC [PSYoungGen: 7392K->5090K(11264K)] 18933K->17119K(27648K), 0.0047603 secs] [Times: user=0.00 sys=0.00, real=0.00 secs] 
2014-07-09T15:44:06.829+0200: 55.652: [GC [PSYoungGen: 11219K->2977K(11264K)] 23247K->15014K(27648K), 0.0018412 secs] [Times: user=0.02 sys=0.00, real=0.00 secs] 
2014-07-09T15:44:06.878+0200: 55.701: [GC [PSYoungGen: 9100K->896K(11264K)] 21137K->12941K(27648K), 0.0007772 secs] [Times: user=0.00 sys=0.00, real=0.00 secs] 
2014-07-09T15:44:06.882+0200: 55.705: [GC [PSYoungGen: 7017K->5090K(11264K)] 19062K->19008K(27648K), 0.0051709 secs] [Times: user=0.00 sys=0.00, real=0.01 secs] 
2014-07-09T15:44:06.890+0200: 55.713: [GC [PSYoungGen: 11213K->4930K(11264K)] 25131K->18847K(27648K), 0.0038961 secs] [Times: user=0.03 sys=0.00, real=0.00 secs] 
2014-07-09T15:44:06.928+0200: 55.751: [GC [PSYoungGen: 11053K->2849K(11264K)] 24970K->16774K(27648K), 0.0016128 secs] [Times: user=0.00 sys=0.00, real=0.00 secs] 
2014-07-09T15:44:06.978+0200: 55.801: [GC [PSYoungGen: 8972K->768K(11264K)] 22897K->14701K(27648K), 0.0006599 secs] [Times: user=0.00 sys=0.00, real=0.00 secs] 
2014-07-09T15:44:06.980+0200: 55.803: [GC [PSYoungGen: 6889K->5090K(11264K)] 20822K->20768K(27648K), 0.0052185 secs] [Times: user=0.00 sys=0.00, real=0.01 secs] 
2014-07-09T15:44:06.986+0200: 55.809: [Full GC [PSYoungGen: 5090K->0K(11264K)] [ParOldGen: 15678K->7372K(16384K)] 20768K->7372K(27648K) [PSPermGen: 2475K->2475K(21504K)], 0.0098820 secs] [Times: user=0.03 sys=0.00, real=0.01 secs] 
2014-07-09T15:44:06.998+0200: 55.821: [GC [PSYoungGen: 6122K->4802K(11264K)] 13495K->12175K(27648K), 0.0037176 secs] [Times: user=0.02 sys=0.00, real=0.00 secs] 
2014-07-09T15:44:07.029+0200: 55.852: [GC [PSYoungGen: 10928K->1696K(11264K)] 18301K->9077K(27648K), 0.0009965 secs] [Times: user=0.00 sys=0.00, real=0.00 secs] 
2014-07-09T15:44:07.032+0200: 55.855: [GC [PSYoungGen: 7817K->5090K(11264K)] 15198K->15144K(27648K), 0.0060904 secs] [Times: user=0.03 sys=0.00, real=0.01 secs] 
2014-07-09T15:44:07.087+0200: 55.910: [GC [PSYoungGen: 11213K->5090K(11264K)] 21267K->15752K(27648K), 0.0049711 secs] [Times: user=0.00 sys=0.00, real=0.01 secs] 
2014-07-09T15:44:07.095+0200: 55.918: [GC [PSYoungGen: 11213K->3649K(11264K)] 21875K->14320K(27648K), 0.0075364 secs] [Times: user=0.01 sys=0.00, real=0.01 secs] 
2014-07-09T15:44:07.128+0200: 55.951: [GC [PSYoungGen: 9772K->1568K(11264K)] 20443K->12247K(27648K), 0.0008546 secs] [Times: user=0.00 sys=0.00, real=0.00 secs] 
2014-07-09T15:44:07.131+0200: 55.954: [GC [PSYoungGen: 7689K->5090K(11264K)] 18368K->18314K(27648K), 0.0057744 secs] [Times: user=0.00 sys=0.00, real=0.01 secs] 
2014-07-09T15:44:07.181+0200: 56.004: [GC [PSYoungGen: 11213K->5090K(11264K)] 24437K->18826K(27648K), 0.0072555 secs] [Times: user=0.00 sys=0.00, real=0.01 secs] 
2014-07-09T15:44:07.188+0200: 56.011: [Full GC [PSYoungGen: 5090K->0K(11264K)] [ParOldGen: 13735K->5972K(16384K)] 18826K->5972K(27648K) [PSPermGen: 2475K->2475K(21504K)], 0.0221768 secs] [Times: user=0.05 sys=0.00, real=0.02 secs] 
2014-07-09T15:44:07.213+0200: 56.036: [GC [PSYoungGen: 6122K->3521K(11264K)] 12095K->9494K(27648K), 0.0030723 secs] [Times: user=0.00 sys=0.00, real=0.00 secs] 
2014-07-09T15:44:07.228+0200: 56.052: [GC [PSYoungGen: 9644K->1440K(11264K)] 15617K->7421K(27648K), 0.0012311 secs] [Times: user=0.00 sys=0.00, real=0.00 secs] 
2014-07-09T15:44:07.232+0200: 56.055: [GC [PSYoungGen: 7561K->5090K(11264K)] 13542K->13488K(27648K), 0.0061905 secs] [Times: user=0.03 sys=0.00, real=0.01 secs] 
2014-07-09T15:44:07.281+0200: 56.104: [GC [PSYoungGen: 11213K->5090K(11264K)] 19611K->13872K(27648K), 0.0073882 secs] [Times: user=0.03 sys=0.00, real=0.01 secs] 
2014-07-09T15:44:07.294+0200: 56.117: [GC [PSYoungGen: 11213K->3393K(11264K)] 19995K->12183K(27648K), 0.0036344 secs] [Times: user=0.00 sys=0.00, real=0.00 secs] 
2014-07-09T15:44:07.300+0200: 56.124: [GC [PSYoungGen: 9530K->832K(11264K)] 18320K->9629K(27648K), 0.0009881 secs] [Times: user=0.00 sys=0.00, real=0.00 secs] 
2014-07-09T15:44:07.330+0200: 56.153: [GC [PSYoungGen: 6955K->5090K(11264K)] 15753K->14568K(27648K), 0.0044175 secs] [Times: user=0.00 sys=0.00, real=0.00 secs] 
2014-07-09T15:44:07.379+0200: 56.202: [GC [PSYoungGen: 11213K->3681K(11264K)] 20691K->13168K(27648K), 0.0036839 secs] [Times: user=0.00 sys=0.00, real=0.00 secs] 
2014-07-09T15:44:07.385+0200: 56.208: [GC [PSYoungGen: 9804K->1600K(11264K)] 19291K->11095K(27648K), 0.0015288 secs] [Times: user=0.00 sys=0.00, real=0.00 secs] 
2014-07-09T15:44:07.390+0200: 56.213: [GC [PSYoungGen: 7721K->5090K(11264K)] 17216K->17162K(27648K), 0.0060218 secs] [Times: user=0.03 sys=0.00, real=0.01 secs] 
2014-07-09T15:44:07.429+0200: 56.252: [GC [PSYoungGen: 11213K->5090K(11264K)] 23285K->17706K(27648K), 0.0046503 secs] [Times: user=0.00 sys=0.00, real=0.01 secs] 
2014-07-09T15:44:07.479+0200: 56.302: [GC [PSYoungGen: 11213K->3553K(11264K)] 23829K->16177K(27648K), 0.0022639 secs] [Times: user=0.00 sys=0.00, real=0.00 secs] 
2014-07-09T15:44:07.484+0200: 56.307: [GC [PSYoungGen: 9676K->1472K(11264K)] 22300K->14104K(27648K), 0.0014823 secs] [Times: user=0.00 sys=0.00, real=0.00 secs] 
2014-07-09T15:44:07.489+0200: 56.312: [GC [PSYoungGen: 7593K->5090K(11264K)] 20225K->20171K(27648K), 0.0058748 secs] [Times: user=0.00 sys=0.00, real=0.01 secs] 
2014-07-09T15:44:07.495+0200: 56.318: [Full GC [PSYoungGen: 5090K->0K(11264K)] [ParOldGen: 15080K->8049K(16384K)] 20171K->8049K(27648K) [PSPermGen: 2475K->2475K(21504K)], 0.0137763 secs] [Times: user=0.02 sys=0.00, real=0.01 secs] 
2014-07-09T15:44:07.529+0200: 56.352: [GC [PSYoungGen: 6122K->5090K(11264K)] 14172K->13555K(27648K), 0.0040747 secs] [Times: user=0.03 sys=0.00, real=0.00 secs] 
2014-07-09T15:44:07.579+0200: 56.402: [GC [PSYoungGen: 11222K->1888K(11264K)] 19687K->10362K(27648K), 0.0026100 secs] [Times: user=0.03 sys=0.00, real=0.00 secs] 
2014-07-09T15:44:07.586+0200: 56.409: [GC [PSYoungGen: 8009K->5090K(11264K)] 16483K->16429K(27648K), 0.0110288 secs] [Times: user=0.03 sys=0.00, real=0.01 secs] 
2014-07-09T15:44:07.601+0200: 56.424: [GC [PSYoungGen: 11213K->5090K(11264K)] 22552K->17261K(27648K), 0.0078172 secs] [Times: user=0.00 sys=0.00, real=0.01 secs] 
2014-07-09T15:44:07.630+0200: 56.453: [GC [PSYoungGen: 11213K->3809K(11264K)] 23384K->15988K(27648K), 0.0266489 secs] [Times: user=0.02 sys=0.00, real=0.03 secs] 
2014-07-09T15:44:07.678+0200: 56.501: [GC [PSYoungGen: 9932K->1760K(11264K)] 22111K->13947K(27648K), 0.0010716 secs] [Times: user=0.00 sys=0.00, real=0.00 secs] 
2014-07-09T15:44:07.681+0200: 56.505: [GC [PSYoungGen: 7881K->5090K(11264K)] 20068K->20014K(27648K), 0.0058939 secs] [Times: user=0.00 sys=0.00, real=0.01 secs] 
2014-07-09T15:44:07.688+0200: 56.511: [Full GC [PSYoungGen: 5090K->0K(11264K)] [ParOldGen: 14924K->8343K(16384K)] 20014K->8343K(27648K) [PSPermGen: 2475K->2475K(21504K)], 0.0103476 secs] [Times: user=0.03 sys=0.00, real=0.01 secs] 
2014-07-09T15:44:07.700+0200: 56.523: [GC [PSYoungGen: 6122K->5090K(11264K)] 14466K->14138K(27648K), 0.0044732 secs] [Times: user=0.03 sys=0.00, real=0.00 secs] 
2014-07-09T15:44:07.729+0200: 56.552: [GC [PSYoungGen: 11213K->3713K(11264K)] 20261K->12769K(27648K), 0.0024249 secs] [Times: user=0.00 sys=0.00, real=0.00 secs] 
2014-07-09T15:44:07.779+0200: 56.602: [GC [PSYoungGen: 9836K->1632K(11264K)] 18892K->10696K(27648K), 0.0020344 secs] [Times: user=0.00 sys=0.00, real=0.00 secs] 
2014-07-09T15:44:07.785+0200: 56.609: [GC [PSYoungGen: 7753K->5090K(11264K)] 16817K->16763K(27648K), 0.0097240 secs] [Times: user=0.00 sys=0.00, real=0.01 secs] 
2014-07-09T15:44:07.800+0200: 56.623: [GC [PSYoungGen: 11213K->5090K(11264K)] 22886K->17339K(27648K), 0.0069600 secs] [Times: user=0.00 sys=0.00, real=0.01 secs] 
2014-07-09T15:44:07.829+0200: 56.652: [GC [PSYoungGen: 11222K->2048K(11264K)] 23472K->14306K(27648K), 0.0021668 secs] [Times: user=0.00 sys=0.00, real=0.00 secs] 
2014-07-09T15:44:07.833+0200: 56.656: [GC [PSYoungGen: 8169K->5090K(11264K)] 20427K->20373K(27648K), 0.0062664 secs] [Times: user=0.00 sys=0.00, real=0.01 secs] 
2014-07-09T15:44:07.840+0200: 56.663: [Full GC [PSYoungGen: 5090K->0K(11264K)] [ParOldGen: 15282K->8634K(16384K)] 20373K->8634K(27648K) [PSPermGen: 2475K->2475K(21504K)], 0.0273954 secs] [Times: user=0.03 sys=0.00, real=0.03 secs] 
2014-07-09T15:44:07.881+0200: 56.704: [GC [PSYoungGen: 6122K->5090K(11264K)] 14757K->14685K(27648K), 0.0177340 secs] [Times: user=0.02 sys=0.00, real=0.02 secs] 
2014-07-09T15:44:07.901+0200: 56.724: [GC [PSYoungGen: 11213K->4001K(11264K)] 20808K->13605K(27648K), 0.0031156 secs] [Times: user=0.00 sys=0.00, real=0.00 secs] 
2014-07-09T15:44:07.928+0200: 56.751: [GC [PSYoungGen: 10124K->1920K(11264K)] 19728K->11532K(27648K), 0.0010068 secs] [Times: user=0.00 sys=0.00, real=0.00 secs] 
2014-07-09T15:44:07.931+0200: 56.754: [GC [PSYoungGen: 8041K->5090K(11264K)] 17653K->17599K(27648K), 0.0059129 secs] [Times: user=0.00 sys=0.00, real=0.01 secs] 
2014-07-09T15:44:07.979+0200: 56.802: [GC [PSYoungGen: 11213K->5090K(11264K)] 23722K->18463K(27648K), 0.0045656 secs] [Times: user=0.00 sys=0.00, real=0.00 secs] 
2014-07-09T15:44:07.984+0200: 56.807: [Full GC [PSYoungGen: 5090K->0K(11264K)] [ParOldGen: 13373K->6327K(16384K)] 18463K->6327K(27648K) [PSPermGen: 2475K->2475K(21504K)], 0.0100375 secs] [Times: user=0.03 sys=0.00, real=0.01 secs] 
2014-07-09T15:44:07.996+0200: 56.820: [GC [PSYoungGen: 6122K->3873K(11264K)] 12450K->10200K(27648K), 0.0030305 secs] [Times: user=0.00 sys=0.00, real=0.00 secs] 
2014-07-09T15:44:08.028+0200: 56.851: [GC [PSYoungGen: 9996K->1792K(11264K)] 16323K->8127K(27648K), 0.0009888 secs] [Times: user=0.00 sys=0.00, real=0.00 secs] 
2014-07-09T15:44:08.032+0200: 56.855: [GC [PSYoungGen: 7913K->5090K(11264K)] 14248K->14194K(27648K), 0.0055709 secs] [Times: user=0.00 sys=0.00, real=0.01 secs] 
2014-07-09T15:44:08.081+0200: 56.904: [GC [PSYoungGen: 11218K->4802K(11264K)] 20323K->13906K(27648K), 0.0058579 secs] [Times: user=0.00 sys=0.00, real=0.01 secs] 
2014-07-09T15:44:08.091+0200: 56.914: [GC [PSYoungGen: 10925K->2721K(11264K)] 20029K->11833K(27648K), 0.0041088 secs] [Times: user=0.03 sys=0.00, real=0.00 secs] 
2014-07-09T15:44:08.128+0200: 56.951: [GC [PSYoungGen: 8844K->640K(11264K)] 17956K->9760K(27648K), 0.0008524 secs] [Times: user=0.00 sys=0.00, real=0.00 secs] 
2014-07-09T15:44:08.131+0200: 56.954: [GC [PSYoungGen: 6761K->5090K(11264K)] 15881K->15827K(27648K), 0.0054290 secs] [Times: user=0.00 sys=0.00, real=0.00 secs] 
2014-07-09T15:44:08.182+0200: 57.005: [GC [PSYoungGen: 11213K->4642K(11264K)] 21950K->15379K(27648K), 0.0209358 secs] [Times: user=0.02 sys=0.00, real=0.02 secs] 
2014-07-09T15:44:08.206+0200: 57.029: [GC [PSYoungGen: 10765K->2593K(11264K)] 21502K->13338K(27648K), 0.0018702 secs] [Times: user=0.00 sys=0.00, real=0.00 secs] 
2014-07-09T15:44:08.228+0200: 57.051: [GC [PSYoungGen: 8716K->512K(11264K)] 19461K->11265K(27648K), 0.0005789 secs] [Times: user=0.00 sys=0.00, real=0.00 secs] 
2014-07-09T15:44:08.231+0200: 57.054: [GC [PSYoungGen: 6633K->5090K(11264K)] 17386K->17332K(27648K), 0.0049971 secs] [Times: user=0.03 sys=0.00, real=0.01 secs] 
2014-07-09T15:44:08.279+0200: 57.102: [GC [PSYoungGen: 11213K->4546K(11264K)] 23455K->16788K(27648K), 0.0033121 secs] [Times: user=0.03 sys=0.00, real=0.00 secs] 
2014-07-09T15:44:08.284+0200: 57.108: [GC [PSYoungGen: 10669K->2465K(11264K)] 22911K->14715K(27648K), 0.0019442 secs] [Times: user=0.00 sys=0.00, real=0.00 secs] 
2014-07-09T15:44:08.289+0200: 57.112: [GC [PSYoungGen: 8604K->480K(11264K)] 20854K->12737K(27648K), 0.0009785 secs] [Times: user=0.00 sys=0.00, real=0.00 secs] 
2014-07-09T15:44:08.329+0200: 57.152: [GC [PSYoungGen: 6607K->4322K(11264K)] 18865K->16587K(27648K), 0.0028450 secs] [Times: user=0.00 sys=0.00, real=0.00 secs] 
2014-07-09T15:44:08.379+0200: 57.202: [GC [PSYoungGen: 10445K->2241K(11264K)] 22710K->14514K(27648K), 0.0025184 secs] [Times: user=0.00 sys=0.00, real=0.00 secs] 
2014-07-09T15:44:08.386+0200: 57.210: [GC [PSYoungGen: 8364K->160K(11264K)] 20637K->12441K(27648K), 0.0015347 secs] [Times: user=0.00 sys=0.00, real=0.00 secs] 
2014-07-09T15:44:08.393+0200: 57.216: [GC [PSYoungGen: 6281K->5090K(11264K)] 18562K->18508K(27648K), 0.0083723 secs] [Times: user=0.00 sys=0.00, real=0.01 secs] 
2014-07-09T15:44:08.429+0200: 57.252: [GC [PSYoungGen: 11213K->4194K(11264K)] 24631K->17612K(27648K), 0.0027867 secs] [Times: user=0.00 sys=0.00, real=0.00 secs] 
2014-07-09T15:44:08.478+0200: 57.301: [GC [PSYoungGen: 10315K->2113K(11264K)] 23733K->15539K(27648K), 0.0013422 secs] [Times: user=0.00 sys=0.00, real=0.00 secs] 
2014-07-09T15:44:08.482+0200: 57.306: [GC-- [PSYoungGen: 8233K->8233K(11264K)] 21660K->24589K(27648K), 0.0065054 secs] [Times: user=0.03 sys=0.00, real=0.01 secs] 
2014-07-09T15:44:08.489+0200: 57.313: [Full GC [PSYoungGen: 8233K->0K(11264K)] [ParOldGen: 16355K->8695K(16384K)] 24589K->8695K(27648K) [PSPermGen: 2475K->2475K(21504K)], 0.0131729 secs] [Times: user=0.03 sys=0.00, real=0.01 secs] 
2014-07-09T15:44:08.505+0200: 57.328: [GC [PSYoungGen: 6122K->5090K(11264K)] 14817K->14842K(27648K), 0.0058887 secs] [Times: user=0.00 sys=0.00, real=0.01 secs] 
2014-07-09T15:44:08.529+0200: 57.352: [GC [PSYoungGen: 11213K->4065K(11264K)] 20965K->13826K(27648K), 0.0027149 secs] [Times: user=0.03 sys=0.00, real=0.00 secs] 
2014-07-09T15:44:08.578+0200: 57.401: [GC [PSYoungGen: 10194K->960K(11264K)] 19954K->10728K(27648K), 0.0006706 secs] [Times: user=0.00 sys=0.00, real=0.00 secs] 
2014-07-09T15:44:08.581+0200: 57.404: [GC [PSYoungGen: 7081K->5090K(11264K)] 16849K->16795K(27648K), 0.0097959 secs] [Times: user=0.00 sys=0.00, real=0.01 secs] 
2014-07-09T15:44:08.593+0200: 57.416: [GC [PSYoungGen: 11213K->4994K(11264K)] 22918K->16699K(27648K), 0.0039280 secs] [Times: user=0.02 sys=0.00, real=0.00 secs] 
2014-07-09T15:44:08.629+0200: 57.452: [GC [PSYoungGen: 11117K->2913K(11264K)] 22822K->14626K(27648K), 0.0014826 secs] [Times: user=0.00 sys=0.00, real=0.00 secs] 
2014-07-09T15:44:08.678+0200: 57.501: [GC [PSYoungGen: 9036K->832K(11264K)] 20749K->12553K(27648K), 0.0010874 secs] [Times: user=0.00 sys=0.00, real=0.00 secs] 
2014-07-09T15:44:08.681+0200: 57.505: [GC [PSYoungGen: 6953K->5090K(11264K)] 18674K->18620K(27648K), 0.0057065 secs] [Times: user=0.03 sys=0.00, real=0.01 secs] 
2014-07-09T15:44:08.690+0200: 57.513: [GC [PSYoungGen: 11213K->4866K(11264K)] 24743K->18396K(27648K), 0.0063089 secs] [Times: user=0.00 sys=0.00, real=0.01 secs] 
2014-07-09T15:44:08.729+0200: 57.552: [GC [PSYoungGen: 10989K->2785K(11264K)] 24519K->16323K(27648K), 0.0017895 secs] [Times: user=0.00 sys=0.00, real=0.00 secs] 
2014-07-09T15:44:08.778+0200: 57.601: [GC [PSYoungGen: 8908K->672K(11264K)] 22446K->14218K(27648K), 0.0076650 secs] [Times: user=0.01 sys=0.00, real=0.01 secs] 
2014-07-09T15:44:08.788+0200: 57.611: [GC [PSYoungGen: 6793K->5090K(11264K)] 20339K->20317K(27648K), 0.0056182 secs] [Times: user=0.00 sys=0.00, real=0.01 secs] 
2014-07-09T15:44:08.794+0200: 57.617: [Full GC [PSYoungGen: 5090K->0K(11264K)] [ParOldGen: 15226K->7290K(16384K)] 20317K->7290K(27648K) [PSPermGen: 2476K->2476K(21504K)], 0.0103498 secs] [Times: user=0.03 sys=0.00, real=0.01 secs] 
2014-07-09T15:44:08.808+0200: 57.631: [GC [PSYoungGen: 6122K->4738K(11264K)] 13413K->12029K(27648K), 0.0033766 secs] [Times: user=0.00 sys=0.00, real=0.00 secs] 
2014-07-09T15:44:08.828+0200: 57.651: [GC [PSYoungGen: 10870K->1120K(11264K)] 18161K->8419K(27648K), 0.0008931 secs] [Times: user=0.00 sys=0.00, real=0.00 secs] 
2014-07-09T15:44:08.831+0200: 57.654: [GC [PSYoungGen: 7241K->5090K(11264K)] 14540K->14486K(27648K), 0.0053942 secs] [Times: user=0.00 sys=0.00, real=0.01 secs] 
2014-07-09T15:44:08.880+0200: 57.703: [GC [PSYoungGen: 11213K->5090K(11264K)] 20609K->14550K(27648K), 0.0039167 secs] [Times: user=0.00 sys=0.00, real=0.00 secs] 
2014-07-09T15:44:08.887+0200: 57.710: [GC [PSYoungGen: 11213K->3073K(11264K)] 20673K->12541K(27648K), 0.0023655 secs] [Times: user=0.00 sys=0.00, real=0.00 secs] 
2014-07-09T15:44:08.965+0200: 57.788: [GC [PSYoungGen: 9196K->992K(11264K)] 18664K->10468K(27648K), 0.0009144 secs] [Times: user=0.00 sys=0.00, real=0.00 secs] 
2014-07-09T15:44:08.969+0200: 57.792: [GC [PSYoungGen: 7113K->5090K(11264K)] 16589K->16535K(27648K), 0.0051991 secs] [Times: user=0.00 sys=0.00, real=0.00 secs] 
2014-07-09T15:44:08.979+0200: 57.802: [GC [PSYoungGen: 11213K->5026K(11264K)] 22658K->16471K(27648K), 0.0146911 secs] [Times: user=0.02 sys=0.00, real=0.01 secs] 
2014-07-09T15:44:08.996+0200: 57.820: [GC [PSYoungGen: 11149K->2945K(11264K)] 22594K->14398K(27648K), 0.0017990 secs] [Times: user=0.00 sys=0.00, real=0.00 secs] 
2014-07-09T15:44:09.028+0200: 57.851: [GC [PSYoungGen: 9068K->864K(11264K)] 20521K->12325K(27648K), 0.0006456 secs] [Times: user=0.00 sys=0.00, real=0.00 secs] 
2014-07-09T15:44:09.031+0200: 57.854: [GC [PSYoungGen: 6985K->5090K(11264K)] 18446K->18392K(27648K), 0.0050778 secs] [Times: user=0.00 sys=0.00, real=0.01 secs] 
2014-07-09T15:44:09.080+0200: 57.903: [GC [PSYoungGen: 11222K->3361K(11264K)] 24524K->16663K(27648K), 0.0035863 secs] [Times: user=0.00 sys=0.00, real=0.00 secs] 
2014-07-09T15:44:09.088+0200: 57.911: [GC [PSYoungGen: 9484K->1280K(11264K)] 22786K->14590K(27648K), 0.0027053 secs] [Times: user=0.00 sys=0.00, real=0.00 secs] 
2014-07-09T15:44:09.096+0200: 57.919: [GC [PSYoungGen: 7401K->5090K(11264K)] 20711K->20657K(27648K), 0.0058084 secs] [Times: user=0.00 sys=0.00, real=0.01 secs] 
2014-07-09T15:44:09.102+0200: 57.925: [Full GC [PSYoungGen: 5090K->0K(11264K)] [ParOldGen: 15566K->7871K(16384K)] 20657K->7871K(27648K) [PSPermGen: 2476K->2476K(21504K)], 0.0131652 secs] [Times: user=0.02 sys=0.00, real=0.01 secs] 
2014-07-09T15:44:09.129+0200: 57.952: [GC [PSYoungGen: 6122K->5090K(11264K)] 13994K->13186K(27648K), 0.0038881 secs] [Times: user=0.00 sys=0.00, real=0.00 secs] 
2014-07-09T15:44:09.179+0200: 58.002: [GC [PSYoungGen: 11213K->3233K(11264K)] 19309K->11337K(27648K), 0.0017745 secs] [Times: user=0.00 sys=0.00, real=0.00 secs] 
2014-07-09T15:44:09.183+0200: 58.006: [GC [PSYoungGen: 9356K->1152K(11264K)] 17460K->9264K(27648K), 0.0010845 secs] [Times: user=0.00 sys=0.00, real=0.00 secs] 
2014-07-09T15:44:09.186+0200: 58.010: [GC [PSYoungGen: 7273K->5090K(11264K)] 15385K->15331K(27648K), 0.0053502 secs] [Times: user=0.00 sys=0.00, real=0.01 secs] 
2014-07-09T15:44:09.229+0200: 58.052: [GC [PSYoungGen: 11213K->5090K(11264K)] 21454K->15427K(27648K), 0.0037729 secs] [Times: user=0.02 sys=0.00, real=0.00 secs] 
2014-07-09T15:44:09.279+0200: 58.103: [GC [PSYoungGen: 11213K->3105K(11264K)] 21550K->13450K(27648K), 0.0030569 secs] [Times: user=0.00 sys=0.00, real=0.00 secs] 
2014-07-09T15:44:09.289+0200: 58.112: [GC [PSYoungGen: 9240K->352K(11264K)] 19584K->10704K(27648K), 0.0046932 secs] [Times: user=0.00 sys=0.00, real=0.00 secs] 
2014-07-09T15:44:09.303+0200: 58.126: [GC [PSYoungGen: 6473K->5090K(11264K)] 16825K->16795K(27648K), 0.0181417 secs] [Times: user=0.00 sys=0.00, real=0.02 secs] 
2014-07-09T15:44:09.329+0200: 58.152: [GC [PSYoungGen: 11216K->3393K(11264K)] 22922K->15098K(27648K), 0.0036270 secs] [Times: user=0.00 sys=0.00, real=0.00 secs] 
2014-07-09T15:44:09.378+0200: 58.201: [GC [PSYoungGen: 9516K->1312K(11264K)] 21221K->13025K(27648K), 0.0007941 secs] [Times: user=0.00 sys=0.00, real=0.00 secs] 
2014-07-09T15:44:09.381+0200: 58.204: [GC [PSYoungGen: 7433K->5090K(11264K)] 19146K->19092K(27648K), 0.0054950 secs] [Times: user=0.00 sys=0.00, real=0.00 secs] 
2014-07-09T15:44:09.386+0200: 58.210: [Full GC [PSYoungGen: 5090K->0K(11264K)] [ParOldGen: 14002K->7905K(16384K)] 19092K->7905K(27648K) [PSPermGen: 2476K->2476K(21504K)], 0.0102058 secs] [Times: user=0.03 sys=0.00, real=0.01 secs] 
2014-07-09T15:44:09.399+0200: 58.222: [GC [PSYoungGen: 6122K->5090K(11264K)] 14028K->13251K(27648K), 0.0041946 secs] [Times: user=0.00 sys=0.00, real=0.00 secs] 
2014-07-09T15:44:09.429+0200: 58.252: [GC [PSYoungGen: 11213K->3265K(11264K)] 19374K->11434K(27648K), 0.0028886 secs] [Times: user=0.00 sys=0.00, real=0.00 secs] 
2014-07-09T15:44:09.478+0200: 58.301: [GC [PSYoungGen: 9388K->1184K(11264K)] 17557K->9361K(27648K), 0.0007545 secs] [Times: user=0.00 sys=0.00, real=0.00 secs] 
2014-07-09T15:44:09.481+0200: 58.304: [GC [PSYoungGen: 7305K->5090K(11264K)] 15482K->15428K(27648K), 0.0055833 secs] [Times: user=0.03 sys=0.00, real=0.01 secs] 
2014-07-09T15:44:09.488+0200: 58.312: [GC [PSYoungGen: 11213K->5090K(11264K)] 21551K->15556K(27648K), 0.0041117 secs] [Times: user=0.00 sys=0.00, real=0.01 secs] 
2014-07-09T15:44:09.528+0200: 58.352: [GC [PSYoungGen: 11216K->2113K(11264K)] 21683K->12587K(27648K), 0.0012297 secs] [Times: user=0.02 sys=0.00, real=0.00 secs] 
2014-07-09T15:44:09.533+0200: 58.356: [GC [PSYoungGen: 8233K->5090K(11264K)] 18708K->18654K(27648K), 0.0057315 secs] [Times: user=0.00 sys=0.00, real=0.01 secs] 
2014-07-09T15:44:09.539+0200: 58.362: [Full GC [PSYoungGen: 5090K->0K(11264K)] [ParOldGen: 13563K->8706K(16384K)] 18654K->8706K(27648K) [PSPermGen: 2476K->2476K(21504K)], 0.0106732 secs] [Times: user=0.03 sys=0.00, real=0.01 secs] 
2014-07-09T15:44:09.579+0200: 58.402: [GC [PSYoungGen: 6122K->5090K(11264K)] 14828K->14853K(27648K), 0.0046539 secs] [Times: user=0.00 sys=0.00, real=0.01 secs] 
2014-07-09T15:44:09.586+0200: 58.409: [GC [PSYoungGen: 11213K->4065K(11264K)] 20976K->13836K(27648K), 0.0031262 secs] [Times: user=0.00 sys=0.00, real=0.00 secs] 
2014-07-09T15:44:09.628+0200: 58.452: [GC [PSYoungGen: 10188K->1984K(11264K)] 19959K->11763K(27648K), 0.0011065 secs] [Times: user=0.00 sys=0.00, real=0.00 secs] 
2014-07-09T15:44:09.632+0200: 58.455: [GC [PSYoungGen: 8105K->5090K(11264K)] 17884K->17830K(27648K), 0.0059569 secs] [Times: user=0.00 sys=0.00, real=0.01 secs] 
2014-07-09T15:44:09.638+0200: 58.461: [Full GC [PSYoungGen: 5090K->0K(11264K)] [ParOldGen: 12740K->8578K(16384K)] 17830K->8578K(27648K) [PSPermGen: 2476K->2476K(21504K)], 0.0105104 secs] [Times: user=0.03 sys=0.00, real=0.01 secs] 
2014-07-09T15:44:09.680+0200: 58.503: [GC [PSYoungGen: 6122K->5090K(11264K)] 14701K->14596K(27648K), 0.0045194 secs] [Times: user=0.00 sys=0.00, real=0.00 secs] 
2014-07-09T15:44:09.687+0200: 58.510: [GC [PSYoungGen: 11213K->3937K(11264K)] 20719K->13452K(27648K), 0.0029103 secs] [Times: user=0.00 sys=0.00, real=0.00 secs] 
2014-07-09T15:44:09.729+0200: 58.552: [GC [PSYoungGen: 10060K->1856K(11264K)] 19575K->11379K(27648K), 0.0021550 secs] [Times: user=0.00 sys=0.00, real=0.00 secs] 
2014-07-09T15:44:09.736+0200: 58.560: [GC [PSYoungGen: 7977K->5090K(11264K)] 17500K->17446K(27648K), 0.0098322 secs] [Times: user=0.00 sys=0.00, real=0.01 secs] 
2014-07-09T15:44:09.780+0200: 58.603: [GC [PSYoungGen: 11213K->5090K(11264K)] 23569K->18246K(27648K), 0.0045341 secs] [Times: user=0.00 sys=0.00, real=0.01 secs] 
2014-07-09T15:44:09.785+0200: 58.608: [Full GC [PSYoungGen: 5090K->0K(11264K)] [ParOldGen: 13156K->6266K(16384K)] 18246K->6266K(27648K) [PSPermGen: 2476K->2476K(21504K)], 0.0134948 secs] [Times: user=0.03 sys=0.00, real=0.01 secs] 
2014-07-09T15:44:09.801+0200: 58.624: [GC [PSYoungGen: 6122K->3809K(11264K)] 12389K->10076K(27648K), 0.0031816 secs] [Times: user=0.00 sys=0.00, real=0.00 secs] 
2014-07-09T15:44:09.808+0200: 58.632: [GC [PSYoungGen: 9947K->864K(11264K)] 16214K->7138K(27648K), 0.0015516 secs] [Times: user=0.01 sys=0.00, real=0.00 secs] 
2014-07-09T15:44:09.829+0200: 58.652: [GC [PSYoungGen: 6987K->5090K(11264K)] 13262K->12077K(27648K), 0.0043057 secs] [Times: user=0.00 sys=0.00, real=0.01 secs] 
2014-07-09T15:44:09.902+0200: 58.725: [GC [PSYoungGen: 11213K->3713K(11264K)] 18200K->10709K(27648K), 0.0031416 secs] [Times: user=0.03 sys=0.00, real=0.00 secs] 
2014-07-09T15:44:09.911+0200: 58.734: [GC [PSYoungGen: 9836K->1632K(11264K)] 16832K->8636K(27648K), 0.0012586 secs] [Times: user=0.00 sys=0.00, real=0.00 secs] 
2014-07-09T15:44:09.915+0200: 58.739: [GC [PSYoungGen: 7753K->5090K(11264K)] 14757K->14703K(27648K), 0.0055221 secs] [Times: user=0.03 sys=0.00, real=0.01 secs] 
2014-07-09T15:44:09.930+0200: 58.753: [GC [PSYoungGen: 11213K->5090K(11264K)] 20826K->15279K(27648K), 0.0041300 secs] [Times: user=0.00 sys=0.00, real=0.01 secs] 
2014-07-09T15:44:09.980+0200: 58.803: [GC [PSYoungGen: 11213K->3553K(11264K)] 21402K->13750K(27648K), 0.0060893 secs] [Times: user=0.01 sys=0.00, real=0.01 secs] 
2014-07-09T15:44:09.991+0200: 58.814: [GC [PSYoungGen: 9676K->1504K(11264K)] 19873K->11709K(27648K), 0.0023820 secs] [Times: user=0.00 sys=0.00, real=0.00 secs] 
2014-07-09T15:44:09.997+0200: 58.820: [GC [PSYoungGen: 7625K->5090K(11264K)] 17830K->17776K(27648K), 0.0060732 secs] [Times: user=0.03 sys=0.00, real=0.01 secs] 
2014-07-09T15:44:10.029+0200: 58.853: [GC [PSYoungGen: 11213K->5090K(11264K)] 23899K->18224K(27648K), 0.0043537 secs] [Times: user=0.00 sys=0.00, real=0.00 secs] 
2014-07-09T15:44:10.078+0200: 58.901: [GC [PSYoungGen: 11218K->2433K(11264K)] 24353K->15575K(27648K), 0.0013180 secs] [Times: user=0.00 sys=0.00, real=0.00 secs] 
2014-07-09T15:44:10.082+0200: 58.905: [GC [PSYoungGen: 8556K->352K(11264K)] 21698K->13502K(27648K), 0.0008616 secs] [Times: user=0.00 sys=0.00, real=0.00 secs] 
2014-07-09T15:44:10.085+0200: 58.909: [GC [PSYoungGen: 6473K->5090K(11264K)] 19623K->19569K(27648K), 0.0051936 secs] [Times: user=0.02 sys=0.00, real=0.01 secs] 
2014-07-09T15:44:10.091+0200: 58.914: [Full GC [PSYoungGen: 5090K->0K(11264K)] [ParOldGen: 14478K->6929K(16384K)] 19569K->6929K(27648K) [PSPermGen: 2476K->2476K(21504K)], 0.0137609 secs] [Times: user=0.00 sys=0.00, real=0.01 secs] 
2014-07-09T15:44:10.129+0200: 58.952: [GC [PSYoungGen: 6122K->4386K(11264K)] 13052K->11315K(27648K), 0.0031966 secs] [Times: user=0.00 sys=0.00, real=0.00 secs] 
2014-07-09T15:44:10.179+0200: 59.003: [GC [PSYoungGen: 10509K->2305K(11264K)] 17438K->9242K(27648K), 0.0023548 secs] [Times: user=0.00 sys=0.00, real=0.00 secs] 
2014-07-09T15:44:10.187+0200: 59.010: [GC [PSYoungGen: 8428K->224K(11264K)] 15365K->7169K(27648K), 0.0016106 secs] [Times: user=0.00 sys=0.00, real=0.00 secs] 
2014-07-09T15:44:10.193+0200: 59.016: [GC [PSYoungGen: 6345K->5090K(11264K)] 13290K->13236K(27648K), 0.0086758 secs] [Times: user=0.03 sys=0.00, real=0.01 secs] 
2014-07-09T15:44:10.229+0200: 59.053: [GC [PSYoungGen: 11213K->4258K(11264K)] 19359K->12403K(27648K), 0.0030602 secs] [Times: user=0.03 sys=0.00, real=0.00 secs] 
2014-07-09T15:44:10.280+0200: 59.103: [GC [PSYoungGen: 10381K->2177K(11264K)] 18526K->10330K(27648K), 0.0024447 secs] [Times: user=0.00 sys=0.00, real=0.00 secs] 
2014-07-09T15:44:10.287+0200: 59.111: [GC [PSYoungGen: 8300K->64K(11264K)] 16453K->8225K(27648K), 0.0041220 secs] [Times: user=0.00 sys=0.00, real=0.01 secs] 
2014-07-09T15:44:10.296+0200: 59.119: [GC [PSYoungGen: 6185K->5090K(11264K)] 14346K->14324K(27648K), 0.0049568 secs] [Times: user=0.00 sys=0.00, real=0.01 secs] 
2014-07-09T15:44:10.330+0200: 59.153: [GC [PSYoungGen: 11228K->2465K(11264K)] 20462K->11699K(27648K), 0.0011736 secs] [Times: user=0.00 sys=0.00, real=0.00 secs] 
2014-07-09T15:44:10.378+0200: 59.202: [GC [PSYoungGen: 8588K->384K(11264K)] 17822K->9626K(27648K), 0.0016190 secs] [Times: user=0.00 sys=0.00, real=0.00 secs] 
2014-07-09T15:44:10.384+0200: 59.207: [GC [PSYoungGen: 6505K->5090K(11264K)] 15747K->15693K(27648K), 0.0061681 secs] [Times: user=0.03 sys=0.00, real=0.01 secs] 
2014-07-09T15:44:10.392+0200: 59.216: [GC [PSYoungGen: 11213K->4418K(11264K)] 21816K->15020K(27648K), 0.0037561 secs] [Times: user=0.00 sys=0.00, real=0.00 secs] 
2014-07-09T15:44:10.428+0200: 59.252: [GC [PSYoungGen: 10541K->2305K(11264K)] 21143K->12915K(27648K), 0.0055976 secs] [Times: user=0.01 sys=0.00, real=0.01 secs] 
2014-07-09T15:44:10.478+0200: 59.301: [GC [PSYoungGen: 8428K->256K(11264K)] 19038K->10874K(27648K), 0.0005195 secs] [Times: user=0.00 sys=0.00, real=0.00 secs] 
2014-07-09T15:44:10.480+0200: 59.303: [GC [PSYoungGen: 6377K->5090K(11264K)] 16995K->16941K(27648K), 0.0049509 secs] [Times: user=0.03 sys=0.00, real=0.00 secs] 
2014-07-09T15:44:10.487+0200: 59.311: [GC [PSYoungGen: 11213K->4290K(11264K)] 23064K->16141K(27648K), 0.0032740 secs] [Times: user=0.00 sys=0.00, real=0.00 secs] 
2014-07-09T15:44:10.528+0200: 59.352: [GC [PSYoungGen: 10413K->2209K(11264K)] 22264K->14068K(27648K), 0.0013312 secs] [Times: user=0.00 sys=0.00, real=0.00 secs] 
2014-07-09T15:44:10.532+0200: 59.355: [GC [PSYoungGen: 8352K->128K(11264K)] 20211K->11995K(27648K), 0.0006706 secs] [Times: user=0.00 sys=0.00, real=0.00 secs] 
2014-07-09T15:44:10.580+0200: 59.404: [GC [PSYoungGen: 6271K->4738K(11264K)] 18139K->16613K(27648K), 0.0057318 secs] [Times: user=0.00 sys=0.00, real=0.01 secs] 
2014-07-09T15:44:10.591+0200: 59.414: [GC [PSYoungGen: 10861K->2657K(11264K)] 22736K->14540K(27648K), 0.0038026 secs] [Times: user=0.00 sys=0.00, real=0.00 secs] 
2014-07-09T15:44:10.628+0200: 59.452: [GC [PSYoungGen: 8780K->576K(11264K)] 20663K->12467K(27648K), 0.0016187 secs] [Times: user=0.00 sys=0.00, real=0.00 secs] 
2014-07-09T15:44:10.634+0200: 59.457: [GC [PSYoungGen: 6697K->5090K(11264K)] 18588K->18534K(27648K), 0.0089083 secs] [Times: user=0.03 sys=0.00, real=0.01 secs] 
2014-07-09T15:44:10.680+0200: 59.503: [GC [PSYoungGen: 11213K->4610K(11264K)] 24657K->18054K(27648K), 0.0032435 secs] [Times: user=0.00 sys=0.00, real=0.00 secs] 
2014-07-09T15:44:10.685+0200: 59.509: [GC [PSYoungGen: 10733K->2529K(11264K)] 24177K->15981K(27648K), 0.0021096 secs] [Times: user=0.00 sys=0.00, real=0.00 secs] 
2014-07-09T15:44:10.728+0200: 59.551: [GC [PSYoungGen: 8652K->448K(11264K)] 22104K->13908K(27648K), 0.0008377 secs] [Times: user=0.00 sys=0.00, real=0.00 secs] 
2014-07-09T15:44:10.731+0200: 59.555: [GC [PSYoungGen: 6569K->5090K(11264K)] 20029K->19975K(27648K), 0.0052677 secs] [Times: user=0.00 sys=0.00, real=0.01 secs] 
2014-07-09T15:44:10.737+0200: 59.560: [Full GC [PSYoungGen: 5090K->0K(11264K)] [ParOldGen: 14884K->7038K(16384K)] 19975K->7038K(27648K) [PSPermGen: 2476K->2476K(21504K)], 0.0135325 secs] [Times: user=0.02 sys=0.00, real=0.01 secs] 
2014-07-09T15:44:10.779+0200: 59.602: [GC [PSYoungGen: 6122K->4482K(11264K)] 13161K->11520K(27648K), 0.0035489 secs] [Times: user=0.00 sys=0.00, real=0.00 secs] 
2014-07-09T15:44:10.785+0200: 59.609: [GC [PSYoungGen: 10605K->2401K(11264K)] 17643K->9447K(27648K), 0.0020238 secs] [Times: user=0.00 sys=0.00, real=0.00 secs] 
2014-07-09T15:44:10.791+0200: 59.614: [GC [PSYoungGen: 8540K->384K(11264K)] 15587K->7438K(27648K), 0.0011556 secs] [Times: user=0.00 sys=0.00, real=0.00 secs] 
2014-07-09T15:44:10.829+0200: 59.652: [GC [PSYoungGen: 6499K->4898K(11264K)] 13554K->11960K(27648K), 0.0034628 secs] [Times: user=0.00 sys=0.00, real=0.00 secs] 
2014-07-09T15:44:10.879+0200: 59.702: [GC [PSYoungGen: 11021K->2785K(11264K)] 18083K->9855K(27648K), 0.0025184 secs] [Times: user=0.00 sys=0.00, real=0.00 secs] 
2014-07-09T15:44:10.884+0200: 59.708: [GC [PSYoungGen: 8908K->704K(11264K)] 15978K->7782K(27648K), 0.0112884 secs] [Times: user=0.01 sys=0.00, real=0.01 secs] 
2014-07-09T15:44:10.899+0200: 59.722: [GC [PSYoungGen: 6825K->5090K(11264K)] 13903K->13881K(27648K), 0.0058293 secs] [Times: user=0.02 sys=0.00, real=0.01 secs] 
2014-07-09T15:44:10.929+0200: 59.752: [GC [PSYoungGen: 11213K->4770K(11264K)] 20004K->13561K(27648K), 0.0033678 secs] [Times: user=0.00 sys=0.00, real=0.00 secs] 
2014-07-09T15:44:10.979+0200: 59.802: [GC [PSYoungGen: 10893K->2657K(11264K)] 19684K->11456K(27648K), 0.0071499 secs] [Times: user=0.02 sys=0.00, real=0.01 secs] 
2014-07-09T15:44:10.989+0200: 59.812: [GC [PSYoungGen: 8780K->608K(11264K)] 17579K->9415K(27648K), 0.0009499 secs] [Times: user=0.00 sys=0.00, real=0.00 secs] 
2014-07-09T15:44:10.993+0200: 59.816: [GC [PSYoungGen: 6729K->5090K(11264K)] 15536K->15482K(27648K), 0.0053964 secs] [Times: user=0.02 sys=0.00, real=0.00 secs] 
2014-07-09T15:44:11.029+0200: 59.852: [GC [PSYoungGen: 11213K->4642K(11264K)] 21605K->15034K(27648K), 0.0033183 secs] [Times: user=0.00 sys=0.00, real=0.00 secs] 
2014-07-09T15:44:11.079+0200: 59.902: [GC [PSYoungGen: 10768K->1536K(11264K)] 21160K->11936K(27648K), 0.0021855 secs] [Times: user=0.00 sys=0.00, real=0.00 secs] 
2014-07-09T15:44:11.085+0200: 59.909: [GC [PSYoungGen: 7657K->5090K(11264K)] 18057K->18003K(27648K), 0.0097592 secs] [Times: user=0.03 sys=0.00, real=0.01 secs] 
2014-07-09T15:44:11.101+0200: 59.925: [GC [PSYoungGen: 11213K->5090K(11264K)] 24126K->18484K(27648K), 0.0064416 secs] [Times: user=0.03 sys=0.00, real=0.01 secs] 
2014-07-09T15:44:11.129+0200: 59.952: [GC [PSYoungGen: 11213K->3489K(11264K)] 24606K->16891K(27648K), 0.0020931 secs] [Times: user=0.00 sys=0.00, real=0.00 secs] 
2014-07-09T15:44:11.179+0200: 60.002: [GC [PSYoungGen: 9612K->1408K(11264K)] 23014K->14818K(27648K), 0.0021140 secs] [Times: user=0.00 sys=0.00, real=0.00 secs] 
2014-07-09T15:44:11.186+0200: 60.009: [GC [PSYoungGen: 7529K->5090K(11264K)] 20939K->20885K(27648K), 0.0093035 secs] [Times: user=0.00 sys=0.00, real=0.01 secs] 
2014-07-09T15:44:11.197+0200: 60.019: [Full GC [PSYoungGen: 5090K->0K(11264K)] [ParOldGen: 15794K->8000K(16384K)] 20885K->8000K(27648K) [PSPermGen: 2476K->2476K(21504K)], 0.0250116 secs] [Times: user=0.06 sys=0.00, real=0.02 secs] 
2014-07-09T15:44:11.227+0200: 60.049: [GC [PSYoungGen: 6122K->5090K(11264K)] 14123K->13443K(27648K), 0.0051276 secs] [Times: user=0.03 sys=0.00, real=0.01 secs] 
2014-07-09T15:44:11.235+0200: 60.058: [GC [PSYoungGen: 11213K->3361K(11264K)] 19566K->11722K(27648K), 0.0022232 secs] [Times: user=0.00 sys=0.00, real=0.00 secs] 
2014-07-09T15:44:11.278+0200: 60.101: [GC [PSYoungGen: 9484K->1280K(11264K)] 17845K->9649K(27648K), 0.0013151 secs] [Times: user=0.00 sys=0.00, real=0.00 secs] 
2014-07-09T15:44:11.282+0200: 60.104: [GC [PSYoungGen: 7401K->5090K(11264K)] 15770K->15716K(27648K), 0.0060196 secs] [Times: user=0.00 sys=0.00, real=0.01 secs] 
2014-07-09T15:44:11.291+0200: 60.113: [GC [PSYoungGen: 11229K->3649K(11264K)] 21855K->14275K(27648K), 0.0039761 secs] [Times: user=0.03 sys=0.00, real=0.00 secs] 
2014-07-09T15:44:11.328+0200: 60.150: [GC [PSYoungGen: 9778K->1056K(11264K)] 20404K->11690K(27648K), 0.0009844 secs] [Times: user=0.00 sys=0.00, real=0.00 secs] 
2014-07-09T15:44:11.331+0200: 60.154: [GC [PSYoungGen: 7177K->5090K(11264K)] 17811K->17757K(27648K), 0.0058414 secs] [Times: user=0.00 sys=0.00, real=0.01 secs] 
2014-07-09T15:44:11.381+0200: 60.203: [GC [PSYoungGen: 11213K->5090K(11264K)] 23880K->17757K(27648K), 0.0061054 secs] [Times: user=0.02 sys=0.00, real=0.01 secs] 
2014-07-09T15:44:11.391+0200: 60.214: [GC [PSYoungGen: 11213K->3009K(11264K)] 23880K->15684K(27648K), 0.0041942 secs] [Times: user=0.00 sys=0.00, real=0.00 secs] 
2014-07-09T15:44:11.429+0200: 60.251: [GC [PSYoungGen: 9132K->928K(11264K)] 21807K->13611K(27648K), 0.0018423 secs] [Times: user=0.00 sys=0.00, real=0.00 secs] 
2014-07-09T15:44:11.434+0200: 60.257: [GC [PSYoungGen: 7049K->5090K(11264K)] 19732K->19678K(27648K), 0.0090685 secs] [Times: user=0.00 sys=0.00, real=0.01 secs] 
2014-07-09T15:44:11.444+0200: 60.266: [Full GC [PSYoungGen: 5090K->0K(11264K)] [ParOldGen: 14587K->7523K(16384K)] 19678K->7523K(27648K) [PSPermGen: 2476K->2476K(21504K)], 0.0237126 secs] [Times: user=0.06 sys=0.00, real=0.02 secs] 
2014-07-09T15:44:11.479+0200: 60.302: [GC [PSYoungGen: 6122K->4962K(11264K)] 13646K->12486K(27648K), 0.0041058 secs] [Times: user=0.00 sys=0.00, real=0.00 secs] 
2014-07-09T15:44:11.486+0200: 60.308: [GC [PSYoungGen: 11085K->2881K(11264K)] 18609K->10413K(27648K), 0.0023779 secs] [Times: user=0.00 sys=0.00, real=0.00 secs] 
2014-07-09T15:44:11.528+0200: 60.350: [GC [PSYoungGen: 9023K->1024K(11264K)] 16555K->8563K(27648K), 0.0006742 secs] [Times: user=0.00 sys=0.00, real=0.00 secs] 
2014-07-09T15:44:11.531+0200: 60.353: [GC [PSYoungGen: 7163K->5090K(11264K)] 14703K->13470K(27648K), 0.0041517 secs] [Times: user=0.00 sys=0.00, real=0.00 secs] 
2014-07-09T15:44:11.579+0200: 60.401: [GC [PSYoungGen: 11213K->3841K(11264K)] 19593K->12229K(27648K), 0.0077552 secs] [Times: user=0.00 sys=0.00, real=0.01 secs] 
2014-07-09T15:44:11.588+0200: 60.411: [GC [PSYoungGen: 9964K->1760K(11264K)] 18352K->10156K(27648K), 0.0013598 secs] [Times: user=0.02 sys=0.00, real=0.00 secs] 
2014-07-09T15:44:11.592+0200: 60.415: [GC [PSYoungGen: 7881K->5090K(11264K)] 16277K->16223K(27648K), 0.0058546 secs] [Times: user=0.00 sys=0.00, real=0.01 secs] 
2014-07-09T15:44:11.629+0200: 60.451: [GC [PSYoungGen: 11213K->5090K(11264K)] 22346K->16928K(27648K), 0.0044046 secs] [Times: user=0.00 sys=0.00, real=0.01 secs] 
2014-07-09T15:44:11.680+0200: 60.502: [GC [PSYoungGen: 11213K->3713K(11264K)] 23051K->15559K(27648K), 0.0045330 secs] [Times: user=0.03 sys=0.00, real=0.00 secs] 
2014-07-09T15:44:11.690+0200: 60.512: [GC [PSYoungGen: 9836K->1600K(11264K)] 21682K->13454K(27648K), 0.0075448 secs] [Times: user=0.00 sys=0.00, real=0.01 secs] 
2014-07-09T15:44:11.702+0200: 60.525: [GC [PSYoungGen: 7721K->5090K(11264K)] 19575K->19553K(27648K), 0.0080214 secs] [Times: user=0.00 sys=0.00, real=0.01 secs] 
2014-07-09T15:44:11.710+0200: 60.533: [Full GC [PSYoungGen: 5090K->0K(11264K)] [ParOldGen: 14463K->8228K(16384K)] 19553K->8228K(27648K) [PSPermGen: 2476K->2476K(21504K)], 0.0169355 secs] [Times: user=0.02 sys=0.00, real=0.02 secs] 
2014-07-09T15:44:11.730+0200: 60.552: [GC [PSYoungGen: 6122K->5090K(11264K)] 14351K->13895K(27648K), 0.0048952 secs] [Times: user=0.00 sys=0.00, real=0.00 secs] 
2014-07-09T15:44:11.779+0200: 60.601: [GC [PSYoungGen: 11213K->3585K(11264K)] 20018K->12398K(27648K), 0.0021693 secs] [Times: user=0.00 sys=0.00, real=0.00 secs] 
2014-07-09T15:44:11.783+0200: 60.606: [GC [PSYoungGen: 9708K->1504K(11264K)] 18521K->10325K(27648K), 0.0013023 secs] [Times: user=0.00 sys=0.00, real=0.00 secs] 
2014-07-09T15:44:11.787+0200: 60.609: [GC [PSYoungGen: 7625K->5090K(11264K)] 16446K->16392K(27648K), 0.0057828 secs] [Times: user=0.03 sys=0.00, real=0.01 secs] 
2014-07-09T15:44:11.830+0200: 60.652: [GC [PSYoungGen: 11222K->4001K(11264K)] 22524K->15304K(27648K), 0.0048156 secs] [Times: user=0.00 sys=0.00, real=0.01 secs] 
2014-07-09T15:44:11.879+0200: 60.701: [GC [PSYoungGen: 10124K->1888K(11264K)] 21426K->13198K(27648K), 0.0030811 secs] [Times: user=0.00 sys=0.00, real=0.00 secs] 
2014-07-09T15:44:11.887+0200: 60.709: [GC [PSYoungGen: 8009K->5090K(11264K)] 19319K->19289K(27648K), 0.0074792 secs] [Times: user=0.00 sys=0.00, real=0.01 secs] 
2014-07-09T15:44:11.895+0200: 60.717: [Full GC [PSYoungGen: 5090K->0K(11264K)] [ParOldGen: 14199K->8517K(16384K)] 19289K->8517K(27648K) [PSPermGen: 2476K->2476K(21504K)], 0.0317014 secs] [Times: user=0.02 sys=0.00, real=0.03 secs] 
2014-07-09T15:44:11.929+0200: 60.752: [GC [PSYoungGen: 6122K->5090K(11264K)] 14640K->14472K(27648K), 0.0047232 secs] [Times: user=0.03 sys=0.00, real=0.01 secs] 
2014-07-09T15:44:11.937+0200: 60.759: [GC [PSYoungGen: 11213K->3873K(11264K)] 20595K->13264K(27648K), 0.0029319 secs] [Times: user=0.00 sys=0.00, real=0.00 secs] 
2014-07-09T15:44:11.978+0200: 60.800: [GC [PSYoungGen: 9996K->1792K(11264K)] 19387K->11191K(27648K), 0.0009518 secs] [Times: user=0.00 sys=0.00, real=0.00 secs] 
2014-07-09T15:44:11.982+0200: 60.804: [GC [PSYoungGen: 7913K->5090K(11264K)] 17312K->17258K(27648K), 0.0058231 secs] [Times: user=0.00 sys=0.00, real=0.01 secs] 
2014-07-09T15:44:11.990+0200: 60.812: [GC [PSYoungGen: 11213K->5090K(11264K)] 23381K->17994K(27648K), 0.0049260 secs] [Times: user=0.00 sys=0.02, real=0.00 secs] 
2014-07-09T15:44:12.029+0200: 60.851: [GC [PSYoungGen: 11213K->3745K(11264K)] 24117K->16657K(27648K), 0.0025323 secs] [Times: user=0.00 sys=0.00, real=0.00 secs] 
2014-07-09T15:44:12.079+0200: 60.902: [GC [PSYoungGen: 9880K->96K(11264K)] 22792K->13016K(27648K), 0.0060735 secs] [Times: user=0.00 sys=0.00, real=0.01 secs] 
2014-07-09T15:44:12.090+0200: 60.913: [GC [PSYoungGen: 6217K->5090K(11264K)] 19137K->19115K(27648K), 0.0080064 secs] [Times: user=0.00 sys=0.00, real=0.01 secs] 
2014-07-09T15:44:12.099+0200: 60.921: [Full GC [PSYoungGen: 5090K->0K(11264K)] [ParOldGen: 14024K->6726K(16384K)] 19115K->6726K(27648K) [PSPermGen: 2476K->2476K(21504K)], 0.0110846 secs] [Times: user=0.02 sys=0.00, real=0.01 secs] 
2014-07-09T15:44:12.113+0200: 60.935: [GC [PSYoungGen: 6120K->4162K(11264K)] 12847K->10888K(27648K), 0.0032468 secs] [Times: user=0.00 sys=0.00, real=0.00 secs] 
2014-07-09T15:44:12.128+0200: 60.951: [GC [PSYoungGen: 10282K->2080K(11264K)] 17009K->8815K(27648K), 0.0011351 secs] [Times: user=0.00 sys=0.00, real=0.00 secs] 
2014-07-09T15:44:12.132+0200: 60.954: [GC [PSYoungGen: 8201K->5090K(11264K)] 14936K->14882K(27648K), 0.0059954 secs] [Times: user=0.03 sys=0.00, real=0.01 secs] 
2014-07-09T15:44:12.179+0200: 61.002: [GC [PSYoungGen: 11213K->5090K(11264K)] 21005K->15906K(27648K), 0.0048299 secs] [Times: user=0.03 sys=0.00, real=0.01 secs] 
2014-07-09T15:44:12.186+0200: 61.009: [GC [PSYoungGen: 11213K->4033K(11264K)] 22029K->14858K(27648K), 0.0031335 secs] [Times: user=0.00 sys=0.00, real=0.00 secs] 
2014-07-09T15:44:12.229+0200: 61.051: [GC [PSYoungGen: 10156K->1952K(11264K)] 20981K->12785K(27648K), 0.0027321 secs] [Times: user=0.00 sys=0.00, real=0.00 secs] 
2014-07-09T15:44:12.236+0200: 61.058: [GC [PSYoungGen: 8073K->5090K(11264K)] 18906K->18852K(27648K), 0.0101596 secs] [Times: user=0.03 sys=0.00, real=0.01 secs] 
2014-07-09T15:44:12.247+0200: 61.069: [Full GC [PSYoungGen: 5090K->0K(11264K)] [ParOldGen: 13761K->8551K(16384K)] 18852K->8551K(27648K) [PSPermGen: 2476K->2476K(21504K)], 0.0145345 secs] [Times: user=0.03 sys=0.00, real=0.01 secs] 
2014-07-09T15:44:12.279+0200: 61.101: [GC [PSYoungGen: 6122K->5090K(11264K)] 14673K->14537K(27648K), 0.0045436 secs] [Times: user=0.00 sys=0.00, real=0.00 secs] 
2014-07-09T15:44:12.286+0200: 61.109: [GC [PSYoungGen: 11213K->3905K(11264K)] 20660K->13361K(27648K), 0.0028062 secs] [Times: user=0.00 sys=0.00, real=0.00 secs] 
2014-07-09T15:44:12.328+0200: 61.150: [GC [PSYoungGen: 10045K->160K(11264K)] 19501K->9623K(27648K), 0.0005338 secs] [Times: user=0.00 sys=0.00, real=0.00 secs] 
2014-07-09T15:44:12.330+0200: 61.152: [GC [PSYoungGen: 6281K->5090K(11264K)] 15744K->15690K(27648K), 0.0047328 secs] [Times: user=0.00 sys=0.00, real=0.01 secs] 
2014-07-09T15:44:12.380+0200: 61.203: [GC [PSYoungGen: 11213K->4194K(11264K)] 21813K->14794K(27648K), 0.0049670 secs] [Times: user=0.01 sys=0.00, real=0.00 secs] 
2014-07-09T15:44:12.390+0200: 61.212: [GC [PSYoungGen: 10315K->2113K(11264K)] 20914K->12720K(27648K), 0.0032014 secs] [Times: user=0.00 sys=0.00, real=0.00 secs] 
2014-07-09T15:44:12.397+0200: 61.220: [GC [PSYoungGen: 8233K->5090K(11264K)] 18841K->18787K(27648K), 0.0066422 secs] [Times: user=0.03 sys=0.00, real=0.01 secs] 
2014-07-09T15:44:12.404+0200: 61.227: [Full GC [PSYoungGen: 5090K->0K(11264K)] [ParOldGen: 13697K->8713K(16384K)] 18787K->8713K(27648K) [PSPermGen: 2476K->2476K(21504K)], 0.0142093 secs] [Times: user=0.03 sys=0.00, real=0.01 secs] 
2014-07-09T15:44:12.429+0200: 61.251: [GC [PSYoungGen: 6122K->5090K(11264K)] 14835K->14860K(27648K), 0.0049491 secs] [Times: user=0.03 sys=0.00, real=0.01 secs] 
2014-07-09T15:44:12.479+0200: 61.301: [GC [PSYoungGen: 11213K->4065K(11264K)] 20983K->13843K(27648K), 0.0034279 secs] [Times: user=0.00 sys=0.00, real=0.00 secs] 
2014-07-09T15:44:12.485+0200: 61.307: [GC [PSYoungGen: 10188K->1984K(11264K)] 19966K->11770K(27648K), 0.0016315 secs] [Times: user=0.00 sys=0.00, real=0.00 secs] 
2014-07-09T15:44:12.489+0200: 61.311: [GC [PSYoungGen: 8105K->5090K(11264K)] 17891K->17837K(27648K), 0.0062543 secs] [Times: user=0.03 sys=0.00, real=0.01 secs] 
2014-07-09T15:44:12.495+0200: 61.318: [Full GC [PSYoungGen: 5090K->0K(11264K)] [ParOldGen: 12747K->8585K(16384K)] 17837K->8585K(27648K) [PSPermGen: 2476K->2476K(21504K)], 0.0106475 secs] [Times: user=0.00 sys=0.00, real=0.01 secs] 
2014-07-09T15:44:12.530+0200: 61.352: [GC [PSYoungGen: 6122K->5090K(11264K)] 14708K->14604K(27648K), 0.0044549 secs] [Times: user=0.00 sys=0.00, real=0.00 secs] 
2014-07-09T15:44:12.579+0200: 61.402: [GC [PSYoungGen: 11218K->2913K(11264K)] 20732K->12435K(27648K), 0.0030599 secs] [Times: user=0.00 sys=0.00, real=0.00 secs] 
2014-07-09T15:44:12.587+0200: 61.410: [GC [PSYoungGen: 9036K->832K(11264K)] 18558K->10362K(27648K), 0.0022232 secs] [Times: user=0.03 sys=0.00, real=0.00 secs] 
2014-07-09T15:44:12.594+0200: 61.417: [GC [PSYoungGen: 6953K->5090K(11264K)] 16483K->16429K(27648K), 0.0087829 secs] [Times: user=0.00 sys=0.00, real=0.01 secs] 
2014-07-09T15:44:12.630+0200: 61.452: [GC [PSYoungGen: 11213K->4834K(11264K)] 22552K->16172K(27648K), 0.0143519 secs] [Times: user=0.01 sys=0.00, real=0.01 secs] 
2014-07-09T15:44:12.679+0200: 61.501: [GC [PSYoungGen: 10957K->2785K(11264K)] 22295K->14131K(27648K), 0.0015956 secs] [Times: user=0.00 sys=0.00, real=0.00 secs] 
2014-07-09T15:44:12.683+0200: 61.506: [GC [PSYoungGen: 8908K->704K(11264K)] 20254K->12058K(27648K), 0.0008564 secs] [Times: user=0.00 sys=0.00, real=0.00 secs] 
2014-07-09T15:44:12.686+0200: 61.509: [GC [PSYoungGen: 6825K->5090K(11264K)] 18179K->18125K(27648K), 0.0051727 secs] [Times: user=0.00 sys=0.00, real=0.01 secs] 
2014-07-09T15:44:12.730+0200: 61.553: [GC [PSYoungGen: 11213K->4738K(11264K)] 24248K->17773K(27648K), 0.0061043 secs] [Times: user=0.00 sys=0.00, real=0.01 secs] 
2014-07-09T15:44:12.779+0200: 61.601: [GC [PSYoungGen: 10861K->2657K(11264K)] 23896K->15700K(27648K), 0.0017290 secs] [Times: user=0.00 sys=0.00, real=0.00 secs] 
2014-07-09T15:44:12.783+0200: 61.606: [GC [PSYoungGen: 8799K->736K(11264K)] 21842K->13787K(27648K), 0.0010768 secs] [Times: user=0.00 sys=0.00, real=0.00 secs] 
2014-07-09T15:44:12.787+0200: 61.609: [GC [PSYoungGen: 6849K->5090K(11264K)] 19900K->18213K(27648K), 0.0048050 secs] [Times: user=0.03 sys=0.00, real=0.01 secs] 
2014-07-09T15:44:12.828+0200: 61.651: [GC [PSYoungGen: 11219K->2529K(11264K)] 24342K->15660K(27648K), 0.0038980 secs] [Times: user=0.00 sys=0.00, real=0.00 secs] 
2014-07-09T15:44:12.878+0200: 61.700: [GC [PSYoungGen: 8652K->448K(11264K)] 21783K->13587K(27648K), 0.0008055 secs] [Times: user=0.00 sys=0.00, real=0.00 secs] 
2014-07-09T15:44:12.881+0200: 61.704: [GC [PSYoungGen: 6569K->5090K(11264K)] 19708K->19678K(27648K), 0.0183782 secs] [Times: user=0.03 sys=0.00, real=0.02 secs] 
2014-07-09T15:44:12.900+0200: 61.722: [Full GC [PSYoungGen: 5090K->0K(11264K)] [ParOldGen: 14588K->7082K(16384K)] 19678K->7082K(27648K) [PSPermGen: 2476K->2476K(21504K)], 0.0222329 secs] [Times: user=0.02 sys=0.00, real=0.02 secs] 
2014-07-09T15:44:12.927+0200: 61.749: [GC [PSYoungGen: 6122K->4482K(11264K)] 13205K->11564K(27648K), 0.0040516 secs] [Times: user=0.00 sys=0.00, real=0.00 secs] 
2014-07-09T15:44:12.934+0200: 61.756: [GC [PSYoungGen: 10605K->2433K(11264K)] 17687K->9523K(27648K), 0.0018075 secs] [Times: user=0.00 sys=0.00, real=0.00 secs] 
2014-07-09T15:44:12.979+0200: 61.801: [GC [PSYoungGen: 8556K->352K(11264K)] 15646K->7450K(27648K), 0.0013770 secs] [Times: user=0.00 sys=0.00, real=0.00 secs] 
2014-07-09T15:44:12.984+0200: 61.806: [GC [PSYoungGen: 6473K->5090K(11264K)] 13571K->13517K(27648K), 0.0087063 secs] [Times: user=0.00 sys=0.00, real=0.01 secs] 
2014-07-09T15:44:12.998+0200: 61.821: [GC [PSYoungGen: 11213K->4354K(11264K)] 19640K->12781K(27648K), 0.0073681 secs] [Times: user=0.00 sys=0.00, real=0.01 secs] 
2014-07-09T15:44:13.028+0200: 61.851: [GC [PSYoungGen: 10480K->1280K(11264K)] 18907K->9715K(27648K), 0.0008942 secs] [Times: user=0.00 sys=0.00, real=0.00 secs] 
2014-07-09T15:44:13.032+0200: 61.854: [GC [PSYoungGen: 7401K->5090K(11264K)] 15836K->15782K(27648K), 0.0055808 secs] [Times: user=0.00 sys=0.00, real=0.00 secs] 
2014-07-09T15:44:13.079+0200: 61.902: [GC [PSYoungGen: 11213K->5090K(11264K)] 21905K->15975K(27648K), 0.0046411 secs] [Times: user=0.00 sys=0.00, real=0.01 secs] 
2014-07-09T15:44:13.087+0200: 61.910: [GC [PSYoungGen: 11213K->3233K(11264K)] 22098K->14126K(27648K), 0.0021253 secs] [Times: user=0.00 sys=0.00, real=0.00 secs] 
2014-07-09T15:44:13.128+0200: 61.950: [GC [PSYoungGen: 9356K->1152K(11264K)] 20249K->12053K(27648K), 0.0008836 secs] [Times: user=0.00 sys=0.00, real=0.00 secs] 
2014-07-09T15:44:13.131+0200: 61.953: [GC [PSYoungGen: 7273K->5090K(11264K)] 18174K->18120K(27648K), 0.0057113 secs] [Times: user=0.03 sys=0.00, real=0.01 secs] 
2014-07-09T15:44:13.179+0200: 62.002: [GC [PSYoungGen: 11213K->5090K(11264K)] 24243K->18216K(27648K), 0.0036879 secs] [Times: user=0.03 sys=0.00, real=0.00 secs] 
2014-07-09T15:44:13.186+0200: 62.008: [GC [PSYoungGen: 11213K->3105K(11264K)] 24339K->16239K(27648K), 0.0019779 secs] [Times: user=0.00 sys=0.00, real=0.00 secs] 
2014-07-09T15:44:13.228+0200: 62.050: [GC [PSYoungGen: 9228K->1024K(11264K)] 22362K->14166K(27648K), 0.0007479 secs] [Times: user=0.00 sys=0.00, real=0.00 secs] 
2014-07-09T15:44:13.231+0200: 62.053: [GC [PSYoungGen: 7145K->5090K(11264K)] 20287K->20233K(27648K), 0.0053494 secs] [Times: user=0.00 sys=0.00, real=0.01 secs] 
2014-07-09T15:44:13.236+0200: 62.059: [Full GC [PSYoungGen: 5090K->0K(11264K)] [ParOldGen: 15142K->7627K(16384K)] 20233K->7627K(27648K) [PSPermGen: 2476K->2476K(21504K)], 0.0096291 secs] [Times: user=0.03 sys=0.00, real=0.01 secs] 
2014-07-09T15:44:13.279+0200: 62.102: [GC [PSYoungGen: 6122K->5058K(11264K)] 13750K->12686K(27648K), 0.0037377 secs] [Times: user=0.00 sys=0.00, real=0.00 secs] 
2014-07-09T15:44:13.285+0200: 62.108: [GC [PSYoungGen: 11181K->2977K(11264K)] 18808K->10612K(27648K), 0.0022064 secs] [Times: user=0.00 sys=0.00, real=0.00 secs] 
2014-07-09T15:44:13.290+0200: 62.112: [GC [PSYoungGen: 9119K->288K(11264K)] 16754K->7931K(27648K), 0.0007765 secs] [Times: user=0.00 sys=0.00, real=0.00 secs] 
2014-07-09T15:44:13.329+0200: 62.151: [GC [PSYoungGen: 6406K->5090K(11264K)] 14049K->12998K(27648K), 0.0039940 secs] [Times: user=0.00 sys=0.00, real=0.00 secs] 
2014-07-09T15:44:13.378+0200: 62.201: [GC [PSYoungGen: 11213K->3265K(11264K)] 19121K->11181K(27648K), 0.0018540 secs] [Times: user=0.00 sys=0.00, real=0.00 secs] 
2014-07-09T15:44:13.383+0200: 62.205: [GC [PSYoungGen: 9388K->1184K(11264K)] 17304K->9108K(27648K), 0.0012399 secs] [Times: user=0.03 sys=0.00, real=0.00 secs] 
2014-07-09T15:44:13.387+0200: 62.209: [GC [PSYoungGen: 7305K->5090K(11264K)] 15229K->15175K(27648K), 0.0054730 secs] [Times: user=0.00 sys=0.00, real=0.01 secs] 
2014-07-09T15:44:13.429+0200: 62.252: [GC [PSYoungGen: 11213K->5090K(11264K)] 21298K->15303K(27648K), 0.0039860 secs] [Times: user=0.03 sys=0.00, real=0.00 secs] 
2014-07-09T15:44:13.479+0200: 62.302: [GC [PSYoungGen: 11213K->3137K(11264K)] 21426K->13358K(27648K), 0.0033231 secs] [Times: user=0.00 sys=0.00, real=0.00 secs] 
2014-07-09T15:44:13.488+0200: 62.311: [GC [PSYoungGen: 9260K->1056K(11264K)] 19481K->11285K(27648K), 0.0021770 secs] [Times: user=0.00 sys=0.00, real=0.00 secs] 
2014-07-09T15:44:13.495+0200: 62.318: [GC [PSYoungGen: 7177K->5090K(11264K)] 17406K->17352K(27648K), 0.0093097 secs] [Times: user=0.00 sys=0.00, real=0.01 secs] 
2014-07-09T15:44:13.529+0200: 62.352: [GC [PSYoungGen: 11213K->5090K(11264K)] 23475K->17352K(27648K), 0.0039291 secs] [Times: user=0.00 sys=0.00, real=0.00 secs] 
2014-07-09T15:44:13.578+0200: 62.401: [GC [PSYoungGen: 11222K->1472K(11264K)] 23484K->13742K(27648K), 0.0009554 secs] [Times: user=0.00 sys=0.00, real=0.00 secs] 
2014-07-09T15:44:13.581+0200: 62.404: [GC [PSYoungGen: 7593K->5090K(11264K)] 19863K->19809K(27648K), 0.0065120 secs] [Times: user=0.03 sys=0.00, real=0.01 secs] 
2014-07-09T15:44:13.588+0200: 62.410: [Full GC [PSYoungGen: 5090K->0K(11264K)] [ParOldGen: 14718K->8078K(16384K)] 19809K->8078K(27648K) [PSPermGen: 2476K->2476K(21504K)], 0.0113320 secs] [Times: user=0.00 sys=0.00, real=0.01 secs] 
2014-07-09T15:44:13.602+0200: 62.424: [GC [PSYoungGen: 6122K->5090K(11264K)] 14201K->13585K(27648K), 0.0045564 secs] [Times: user=0.00 sys=0.00, real=0.00 secs] 
2014-07-09T15:44:13.629+0200: 62.451: [GC [PSYoungGen: 11213K->3425K(11264K)] 19708K->11928K(27648K), 0.0019842 secs] [Times: user=0.00 sys=0.00, real=0.00 secs] 
2014-07-09T15:44:13.678+0200: 62.501: [GC [PSYoungGen: 9548K->1344K(11264K)] 18051K->9855K(27648K), 0.0008909 secs] [Times: user=0.00 sys=0.00, real=0.00 secs] 
2014-07-09T15:44:13.681+0200: 62.504: [GC [PSYoungGen: 7465K->5090K(11264K)] 15976K->15922K(27648K), 0.0056827 secs] [Times: user=0.00 sys=0.00, real=0.01 secs] 
2014-07-09T15:44:13.689+0200: 62.512: [GC [PSYoungGen: 11213K->5090K(11264K)] 22045K->16210K(27648K), 0.0044695 secs] [Times: user=0.00 sys=0.00, real=0.01 secs] 
2014-07-09T15:44:13.729+0200: 62.551: [GC [PSYoungGen: 11213K->3297K(11264K)] 22333K->14425K(27648K), 0.0018056 secs] [Times: user=0.00 sys=0.00, real=0.00 secs] 
2014-07-09T15:44:13.780+0200: 62.602: [GC [PSYoungGen: 9420K->1216K(11264K)] 20548K->12352K(27648K), 0.0020021 secs] [Times: user=0.00 sys=0.00, real=0.00 secs] 
2014-07-09T15:44:13.786+0200: 62.608: [GC [PSYoungGen: 7337K->5090K(11264K)] 18473K->18419K(27648K), 0.0094762 secs] [Times: user=0.03 sys=0.00, real=0.01 secs] 
2014-07-09T15:44:13.800+0200: 62.622: [GC [PSYoungGen: 11213K->5090K(11264K)] 24542K->18579K(27648K), 0.0071496 secs] [Times: user=0.03 sys=0.00, real=0.01 secs] 
2014-07-09T15:44:13.807+0200: 62.630: [Full GC [PSYoungGen: 5090K->0K(11264K)] [ParOldGen: 13489K->5635K(16384K)] 18579K->5635K(27648K) [PSPermGen: 2476K->2476K(21504K)], 0.0140722 secs] [Times: user=0.03 sys=0.00, real=0.01 secs] 
2014-07-09T15:44:13.828+0200: 62.651: [GC [PSYoungGen: 6132K->1632K(11264K)] 11767K->7268K(27648K), 0.0011376 secs] [Times: user=0.00 sys=0.00, real=0.00 secs] 
2014-07-09T15:44:13.832+0200: 62.654: [GC [PSYoungGen: 7753K->5090K(11264K)] 13389K->13335K(27648K), 0.0060127 secs] [Times: user=0.03 sys=0.00, real=0.01 secs] 
2014-07-09T15:44:13.880+0200: 62.702: [GC [PSYoungGen: 11213K->5090K(11264K)] 19458K->13879K(27648K), 0.0051878 secs] [Times: user=0.01 sys=0.00, real=0.00 secs] 
2014-07-09T15:44:13.888+0200: 62.711: [GC [PSYoungGen: 11213K->3585K(11264K)] 20002K->12382K(27648K), 0.0029645 secs] [Times: user=0.00 sys=0.00, real=0.00 secs] 
2014-07-09T15:44:13.928+0200: 62.750: [GC [PSYoungGen: 9708K->1504K(11264K)] 18505K->10309K(27648K), 0.0008179 secs] [Times: user=0.00 sys=0.00, real=0.00 secs] 
2014-07-09T15:44:13.931+0200: 62.754: [GC [PSYoungGen: 7625K->5090K(11264K)] 16430K->16376K(27648K), 0.0055401 secs] [Times: user=0.00 sys=0.00, real=0.01 secs] 
2014-07-09T15:44:13.979+0200: 62.802: [GC [PSYoungGen: 11213K->5090K(11264K)] 22499K->16824K(27648K), 0.0042151 secs] [Times: user=0.00 sys=0.00, real=0.00 secs] 
2014-07-09T15:44:13.985+0200: 62.808: [GC [PSYoungGen: 11213K->3457K(11264K)] 22947K->15199K(27648K), 0.0028336 secs] [Times: user=0.00 sys=0.00, real=0.00 secs] 
2014-07-09T15:44:14.029+0200: 62.851: [GC [PSYoungGen: 9580K->1376K(11264K)] 21322K->13126K(27648K), 0.0022782 secs] [Times: user=0.00 sys=0.00, real=0.00 secs] 
2014-07-09T15:44:14.036+0200: 62.858: [GC [PSYoungGen: 7497K->5090K(11264K)] 19247K->19193K(27648K), 0.0099869 secs] [Times: user=0.03 sys=0.00, real=0.01 secs] 
2014-07-09T15:44:14.046+0200: 62.868: [Full GC [PSYoungGen: 5090K->0K(11264K)] [ParOldGen: 14103K->7949K(16384K)] 19193K->7949K(27648K) [PSPermGen: 2476K->2476K(21504K)], 0.0132378 secs] [Times: user=0.02 sys=0.00, real=0.01 secs] 
2014-07-09T15:44:14.079+0200: 62.902: [GC [PSYoungGen: 6128K->4386K(11264K)] 14077K->12335K(27648K), 0.0033326 secs] [Times: user=0.00 sys=0.00, real=0.00 secs] 
2014-07-09T15:44:14.085+0200: 62.908: [GC [PSYoungGen: 10509K->2305K(11264K)] 18458K->10262K(27648K), 0.0024036 secs] [Times: user=0.03 sys=0.00, real=0.00 secs] 
2014-07-09T15:44:14.128+0200: 62.950: [GC [PSYoungGen: 8428K->224K(11264K)] 16385K->8189K(27648K), 0.0007164 secs] [Times: user=0.00 sys=0.00, real=0.00 secs] 
2014-07-09T15:44:14.131+0200: 62.953: [GC [PSYoungGen: 6345K->5090K(11264K)] 14310K->14256K(27648K), 0.0051845 secs] [Times: user=0.03 sys=0.00, real=0.00 secs] 
2014-07-09T15:44:14.180+0200: 63.003: [GC [PSYoungGen: 11213K->4258K(11264K)] 20379K->13423K(27648K), 0.0048963 secs] [Times: user=0.00 sys=0.00, real=0.00 secs] 
2014-07-09T15:44:14.190+0200: 63.012: [GC [PSYoungGen: 10381K->2177K(11264K)] 19546K->11350K(27648K), 0.0032542 secs] [Times: user=0.00 sys=0.00, real=0.00 secs] 
2014-07-09T15:44:14.228+0200: 63.051: [GC [PSYoungGen: 8300K->64K(11264K)] 17473K->9245K(27648K), 0.0254449 secs] [Times: user=0.02 sys=0.00, real=0.03 secs] 
2014-07-09T15:44:14.258+0200: 63.080: [GC [PSYoungGen: 6185K->5090K(11264K)] 15366K->15344K(27648K), 0.0045293 secs] [Times: user=0.00 sys=0.00, real=0.00 secs] 
2014-07-09T15:44:14.279+0200: 63.101: [GC [PSYoungGen: 11211K->4129K(11264K)] 21465K->14384K(27648K), 0.0028901 secs] [Times: user=0.00 sys=0.00, real=0.00 secs] 
2014-07-09T15:44:14.285+0200: 63.107: [GC [PSYoungGen: 10267K->896K(11264K)] 20521K->11158K(27648K), 0.0009767 secs] [Times: user=0.00 sys=0.00, real=0.00 secs] 
2014-07-09T15:44:14.289+0200: 63.111: [GC [PSYoungGen: 7017K->5090K(11264K)] 17279K->17225K(27648K), 0.0049788 secs] [Times: user=0.00 sys=0.00, real=0.00 secs] 
2014-07-09T15:44:14.329+0200: 63.151: [GC [PSYoungGen: 11216K->3905K(11264K)] 23352K->16041K(27648K), 0.0024150 secs] [Times: user=0.00 sys=0.00, real=0.00 secs] 
2014-07-09T15:44:14.379+0200: 63.201: [GC [PSYoungGen: 10028K->1824K(11264K)] 22164K->13968K(27648K), 0.0021712 secs] [Times: user=0.00 sys=0.00, real=0.00 secs] 
2014-07-09T15:44:14.386+0200: 63.208: [GC [PSYoungGen: 7945K->5090K(11264K)] 20089K->20035K(27648K), 0.0098765 secs] [Times: user=0.00 sys=0.00, real=0.01 secs] 
2014-07-09T15:44:14.396+0200: 63.218: [Full GC [PSYoungGen: 5090K->0K(11264K)] [ParOldGen: 14944K->8409K(16384K)] 20035K->8409K(27648K) [PSPermGen: 2476K->2476K(21504K)], 0.0181535 secs] [Times: user=0.06 sys=0.00, real=0.02 secs] 
2014-07-09T15:44:14.417+0200: 63.239: [GC [PSYoungGen: 6122K->5090K(11264K)] 14532K->14268K(27648K), 0.0050319 secs] [Times: user=0.00 sys=0.00, real=0.00 secs] 
2014-07-09T15:44:14.429+0200: 63.252: [GC [PSYoungGen: 11213K->3777K(11264K)] 20391K->12963K(27648K), 0.0025231 secs] [Times: user=0.00 sys=0.00, real=0.00 secs] 
2014-07-09T15:44:14.479+0200: 63.302: [GC [PSYoungGen: 9900K->1696K(11264K)] 19086K->10890K(27648K), 0.0021686 secs] [Times: user=0.00 sys=0.00, real=0.00 secs] 
2014-07-09T15:44:14.485+0200: 63.308: [GC [PSYoungGen: 7817K->5090K(11264K)] 17011K->16957K(27648K), 0.0104532 secs] [Times: user=0.03 sys=0.00, real=0.01 secs] 
2014-07-09T15:44:14.498+0200: 63.321: [GC [PSYoungGen: 11213K->5090K(11264K)] 23080K->17598K(27648K), 0.0048435 secs] [Times: user=0.00 sys=0.00, real=0.01 secs] 
2014-07-09T15:44:14.528+0200: 63.351: [GC [PSYoungGen: 11218K->2625K(11264K)] 23726K->15141K(27648K), 0.0014093 secs] [Times: user=0.00 sys=0.00, real=0.00 secs] 
2014-07-09T15:44:14.578+0200: 63.400: [GC [PSYoungGen: 8748K->544K(11264K)] 21264K->13068K(27648K), 0.0005884 secs] [Times: user=0.00 sys=0.00, real=0.00 secs] 
2014-07-09T15:44:14.580+0200: 63.403: [GC [PSYoungGen: 6665K->5090K(11264K)] 19189K->19135K(27648K), 0.0099609 secs] [Times: user=0.03 sys=0.00, real=0.01 secs] 
2014-07-09T15:44:14.591+0200: 63.413: [Full GC [PSYoungGen: 5090K->0K(11264K)] [ParOldGen: 14044K->7131K(16384K)] 19135K->7131K(27648K) [PSPermGen: 2476K->2476K(21504K)], 0.0093035 secs] [Times: user=0.02 sys=0.00, real=0.01 secs] 
2014-07-09T15:44:14.602+0200: 63.425: [GC [PSYoungGen: 6122K->4578K(11264K)] 13254K->11710K(27648K), 0.0035156 secs] [Times: user=0.00 sys=0.00, real=0.00 secs] 
2014-07-09T15:44:14.629+0200: 63.451: [GC [PSYoungGen: 10701K->2497K(11264K)] 17833K->9637K(27648K), 0.0013426 secs] [Times: user=0.00 sys=0.00, real=0.00 secs] 
2014-07-09T15:44:14.678+0200: 63.501: [GC [PSYoungGen: 8620K->416K(11264K)] 15760K->7564K(27648K), 0.0008476 secs] [Times: user=0.00 sys=0.00, real=0.00 secs] 
2014-07-09T15:44:14.681+0200: 63.504: [GC [PSYoungGen: 6537K->5090K(11264K)] 13685K->13631K(27648K), 0.0052607 secs] [Times: user=0.00 sys=0.00, real=0.01 secs] 
2014-07-09T15:44:14.689+0200: 63.511: [GC [PSYoungGen: 11213K->4450K(11264K)] 19754K->12990K(27648K), 0.0038969 secs] [Times: user=0.00 sys=0.00, real=0.00 secs] 
2014-07-09T15:44:14.728+0200: 63.551: [GC [PSYoungGen: 10573K->2369K(11264K)] 19113K->10917K(27648K), 0.0016179 secs] [Times: user=0.00 sys=0.00, real=0.00 secs] 
2014-07-09T15:44:14.778+0200: 63.601: [GC [PSYoungGen: 8492K->288K(11264K)] 17040K->8844K(27648K), 0.0017481 secs] [Times: user=0.00 sys=0.00, real=0.00 secs] 
2014-07-09T15:44:14.784+0200: 63.606: [GC [PSYoungGen: 6409K->5090K(11264K)] 14965K->14911K(27648K), 0.0090296 secs] [Times: user=0.01 sys=0.00, real=0.01 secs] 
2014-07-09T15:44:14.797+0200: 63.619: [GC [PSYoungGen: 11213K->4322K(11264K)] 21034K->14143K(27648K), 0.0036575 secs] [Times: user=0.00 sys=0.00, real=0.00 secs] 
2014-07-09T15:44:14.828+0200: 63.650: [GC [PSYoungGen: 10454K->672K(11264K)] 20275K->10501K(27648K), 0.0009342 secs] [Times: user=0.00 sys=0.00, real=0.00 secs] 
2014-07-09T15:44:14.832+0200: 63.654: [GC [PSYoungGen: 6793K->5090K(11264K)] 16622K->16600K(27648K), 0.0057711 secs] [Times: user=0.02 sys=0.00, real=0.01 secs] 
2014-07-09T15:44:14.880+0200: 63.702: [GC [PSYoungGen: 11213K->4706K(11264K)] 22723K->16216K(27648K), 0.0046382 secs] [Times: user=0.02 sys=0.00, real=0.00 secs] 
2014-07-09T15:44:14.887+0200: 63.710: [GC [PSYoungGen: 10829K->2625K(11264K)] 22339K->14143K(27648K), 0.0026566 secs] [Times: user=0.00 sys=0.00, real=0.00 secs] 
2014-07-09T15:44:14.929+0200: 63.751: [GC [PSYoungGen: 8748K->544K(11264K)] 20266K->12070K(27648K), 0.0007626 secs] [Times: user=0.00 sys=0.00, real=0.00 secs] 
2014-07-09T15:44:14.932+0200: 63.755: [GC [PSYoungGen: 6665K->5090K(11264K)] 18191K->18161K(27648K), 0.0177916 secs] [Times: user=0.01 sys=0.00, real=0.02 secs] 
2014-07-09T15:44:14.979+0200: 63.802: [GC [PSYoungGen: 11213K->4610K(11264K)] 24284K->17680K(27648K), 0.0032780 secs] [Times: user=0.00 sys=0.00, real=0.00 secs] 
2014-07-09T15:44:14.985+0200: 63.807: [GC [PSYoungGen: 10733K->2529K(11264K)] 23803K->15607K(27648K), 0.0021026 secs] [Times: user=0.00 sys=0.00, real=0.00 secs] 
2014-07-09T15:44:15.028+0200: 63.850: [GC [PSYoungGen: 8652K->448K(11264K)] 21730K->13534K(27648K), 0.0005756 secs] [Times: user=0.00 sys=0.00, real=0.00 secs] 
2014-07-09T15:44:15.030+0200: 63.853: [GC [PSYoungGen: 6569K->5090K(11264K)] 19655K->19601K(27648K), 0.0049634 secs] [Times: user=0.00 sys=0.00, real=0.01 secs] 
2014-07-09T15:44:15.035+0200: 63.858: [Full GC [PSYoungGen: 5090K->0K(11264K)] [ParOldGen: 14511K->7039K(16384K)] 19601K->7039K(27648K) [PSPermGen: 2476K->2476K(21504K)], 0.0097764 secs] [Times: user=0.03 sys=0.00, real=0.01 secs] 
2014-07-09T15:44:15.078+0200: 63.901: [GC [PSYoungGen: 6132K->2945K(11264K)] 13171K->9984K(27648K), 0.0014207 secs] [Times: user=0.00 sys=0.00, real=0.00 secs] 
2014-07-09T15:44:15.082+0200: 63.905: [GC [PSYoungGen: 9068K->864K(11264K)] 16107K->7911K(27648K), 0.0011677 secs] [Times: user=0.02 sys=0.00, real=0.00 secs] 
2014-07-09T15:44:15.086+0200: 63.908: [GC [PSYoungGen: 6985K->5090K(11264K)] 14032K->13978K(27648K), 0.0053267 secs] [Times: user=0.00 sys=0.00, real=0.01 secs] 
2014-07-09T15:44:15.130+0200: 63.953: [GC [PSYoungGen: 11213K->4898K(11264K)] 20101K->13786K(27648K), 0.0067067 secs] [Times: user=0.02 sys=0.00, real=0.01 secs] 
2014-07-09T15:44:15.178+0200: 64.001: [GC [PSYoungGen: 11021K->2817K(11264K)] 19909K->11713K(27648K), 0.0016747 secs] [Times: user=0.00 sys=0.00, real=0.00 secs] 
2014-07-09T15:44:15.183+0200: 64.006: [GC [PSYoungGen: 8940K->736K(11264K)] 17836K->9640K(27648K), 0.0010500 secs] [Times: user=0.00 sys=0.00, real=0.00 secs] 
2014-07-09T15:44:15.187+0200: 64.009: [GC [PSYoungGen: 6857K->5090K(11264K)] 15761K->15707K(27648K), 0.0055837 secs] [Times: user=0.00 sys=0.00, real=0.00 secs] 
2014-07-09T15:44:15.229+0200: 64.052: [GC [PSYoungGen: 11213K->4770K(11264K)] 21830K->15387K(27648K), 0.0035075 secs] [Times: user=0.00 sys=0.00, real=0.00 secs] 
2014-07-09T15:44:15.279+0200: 64.102: [GC [PSYoungGen: 10893K->2689K(11264K)] 21510K->13314K(27648K), 0.0027006 secs] [Times: user=0.00 sys=0.00, real=0.00 secs] 
2014-07-09T15:44:15.287+0200: 64.109: [GC [PSYoungGen: 8812K->608K(11264K)] 19437K->11241K(27648K), 0.0020956 secs] [Times: user=0.00 sys=0.00, real=0.00 secs] 
2014-07-09T15:44:15.295+0200: 64.117: [GC [PSYoungGen: 6729K->5090K(11264K)] 17362K->17308K(27648K), 0.0086208 secs] [Times: user=0.03 sys=0.00, real=0.01 secs] 
2014-07-09T15:44:15.329+0200: 64.152: [GC [PSYoungGen: 11227K->2977K(11264K)] 23445K->15194K(27648K), 0.0018353 secs] [Times: user=0.00 sys=0.00, real=0.00 secs] 
2014-07-09T15:44:15.378+0200: 64.201: [GC [PSYoungGen: 9100K->896K(11264K)] 21317K->13121K(27648K), 0.0007032 secs] [Times: user=0.00 sys=0.00, real=0.00 secs] 
2014-07-09T15:44:15.381+0200: 64.203: [GC [PSYoungGen: 7017K->5090K(11264K)] 19242K->19188K(27648K), 0.0052043 secs] [Times: user=0.00 sys=0.00, real=0.00 secs] 
2014-07-09T15:44:15.386+0200: 64.209: [Full GC [PSYoungGen: 5090K->0K(11264K)] [ParOldGen: 14098K->7490K(16384K)] 19188K->7490K(27648K) [PSPermGen: 2476K->2476K(21504K)], 0.0095183 secs] [Times: user=0.02 sys=0.00, real=0.01 secs] 
2014-07-09T15:44:15.398+0200: 64.221: [GC [PSYoungGen: 6122K->4930K(11264K)] 13613K->12420K(27648K), 0.0038092 secs] [Times: user=0.00 sys=0.00, real=0.00 secs] 
2014-07-09T15:44:15.429+0200: 64.251: [GC [PSYoungGen: 11053K->2849K(11264K)] 18543K->10347K(27648K), 0.0015809 secs] [Times: user=0.00 sys=0.00, real=0.00 secs] 
2014-07-09T15:44:15.478+0200: 64.301: [GC [PSYoungGen: 8972K->768K(11264K)] 16470K->8274K(27648K), 0.0016264 secs] [Times: user=0.00 sys=0.00, real=0.00 secs] 
2014-07-09T15:44:15.484+0200: 64.306: [GC [PSYoungGen: 6889K->5090K(11264K)] 14395K->14341K(27648K), 0.0091792 secs] [Times: user=0.03 sys=0.00, real=0.01 secs] 
2014-07-09T15:44:15.497+0200: 64.320: [GC [PSYoungGen: 11213K->4802K(11264K)] 20464K->14053K(27648K), 0.0063474 secs] [Times: user=0.00 sys=0.00, real=0.01 secs] 
2014-07-09T15:44:15.529+0200: 64.351: [GC [PSYoungGen: 10925K->2721K(11264K)] 20176K->11980K(27648K), 0.0014254 secs] [Times: user=0.00 sys=0.00, real=0.00 secs] 
2014-07-09T15:44:15.533+0200: 64.355: [GC [PSYoungGen: 8863K->800K(11264K)] 18122K->10066K(27648K), 0.0010317 secs] [Times: user=0.00 sys=0.00, real=0.00 secs] 
2014-07-09T15:44:15.579+0200: 64.402: [GC [PSYoungGen: 6939K->5090K(11264K)] 16206K->15037K(27648K), 0.0046763 secs] [Times: user=0.03 sys=0.00, real=0.01 secs] 
2014-07-09T15:44:15.586+0200: 64.409: [GC [PSYoungGen: 11213K->3681K(11264K)] 21160K->13637K(27648K), 0.0028919 secs] [Times: user=0.00 sys=0.00, real=0.00 secs] 
2014-07-09T15:44:15.628+0200: 64.451: [GC [PSYoungGen: 9804K->1600K(11264K)] 19760K->11564K(27648K), 0.0010376 secs] [Times: user=0.00 sys=0.00, real=0.00 secs] 
2014-07-09T15:44:15.632+0200: 64.454: [GC [PSYoungGen: 7721K->5090K(11264K)] 17685K->17631K(27648K), 0.0058268 secs] [Times: user=0.00 sys=0.00, real=0.01 secs] 
2014-07-09T15:44:15.682+0200: 64.504: [GC [PSYoungGen: 11213K->5090K(11264K)] 23753K->18175K(27648K), 0.0075444 secs] [Times: user=0.00 sys=0.00, real=0.01 secs] 
2014-07-09T15:44:15.694+0200: 64.517: [GC [PSYoungGen: 11213K->3553K(11264K)] 24298K->16646K(27648K), 0.0032710 secs] [Times: user=0.00 sys=0.00, real=0.00 secs] 
2014-07-09T15:44:15.728+0200: 64.551: [GC [PSYoungGen: 9676K->1472K(11264K)] 22769K->14573K(27648K), 0.0010779 secs] [Times: user=0.00 sys=0.00, real=0.00 secs] 
2014-07-09T15:44:15.732+0200: 64.554: [GC [PSYoungGen: 7593K->5090K(11264K)] 20694K->20640K(27648K), 0.0063437 secs] [Times: user=0.00 sys=0.00, real=0.01 secs] 
2014-07-09T15:44:15.738+0200: 64.561: [Full GC [PSYoungGen: 5090K->0K(11264K)] [ParOldGen: 15549K->8066K(16384K)] 20640K->8066K(27648K) [PSPermGen: 2476K->2476K(21504K)], 0.0133943 secs] [Times: user=0.03 sys=0.00, real=0.01 secs] 
2014-07-09T15:44:15.779+0200: 64.602: [GC [PSYoungGen: 6122K->5090K(11264K)] 14189K->13573K(27648K), 0.0042217 secs] [Times: user=0.00 sys=0.00, real=0.00 secs] 
2014-07-09T15:44:15.786+0200: 64.608: [GC [PSYoungGen: 11228K->1376K(11264K)] 19711K->9867K(27648K), 0.0014702 secs] [Times: user=0.00 sys=0.00, real=0.00 secs] 
2014-07-09T15:44:15.790+0200: 64.612: [GC [PSYoungGen: 7497K->5090K(11264K)] 15988K->15934K(27648K), 0.0056446 secs] [Times: user=0.00 sys=0.00, real=0.01 secs] 
2014-07-09T15:44:15.829+0200: 64.652: [GC [PSYoungGen: 11213K->5090K(11264K)] 22057K->16254K(27648K), 0.0041183 secs] [Times: user=0.03 sys=0.00, real=0.00 secs] 
2014-07-09T15:44:15.893+0200: 64.716: [GC [PSYoungGen: 11213K->3329K(11264K)] 22377K->14502K(27648K), 0.0216074 secs] [Times: user=0.03 sys=0.00, real=0.02 secs] 
2014-07-09T15:44:15.924+0200: 64.747: [GC [PSYoungGen: 9452K->1216K(11264K)] 20625K->12397K(27648K), 0.0304930 secs] [Times: user=0.03 sys=0.00, real=0.03 secs] 
2014-07-09T15:44:15.957+0200: 64.780: [GC [PSYoungGen: 7337K->5090K(11264K)] 18518K->18496K(27648K), 0.0054455 secs] [Times: user=0.00 sys=0.00, real=0.01 secs] 
2014-07-09T15:44:15.963+0200: 64.785: [Full GC [PSYoungGen: 5090K->0K(11264K)] [ParOldGen: 13405K->7844K(16384K)] 18496K->7844K(27648K) [PSPermGen: 2476K->2476K(21504K)], 0.0104441 secs] [Times: user=0.02 sys=0.00, real=0.01 secs] 
2014-07-09T15:44:15.976+0200: 64.798: [GC [PSYoungGen: 6122K->5090K(11264K)] 13967K->13127K(27648K), 0.0038723 secs] [Times: user=0.00 sys=0.00, real=0.00 secs] 
2014-07-09T15:44:15.982+0200: 64.805: [GC [PSYoungGen: 11213K->3201K(11264K)] 19250K->11246K(27648K), 0.0024333 secs] [Times: user=0.00 sys=0.00, real=0.00 secs] 
2014-07-09T15:44:15.988+0200: 64.810: [GC [PSYoungGen: 9324K->1120K(11264K)] 17369K->9173K(27648K), 0.0010984 secs] [Times: user=0.02 sys=0.00, real=0.00 secs] 
2014-07-09T15:44:15.991+0200: 64.814: [GC [PSYoungGen: 7241K->5090K(11264K)] 15294K->15240K(27648K), 0.0056959 secs] [Times: user=0.00 sys=0.00, real=0.01 secs] 
2014-07-09T15:44:16.032+0200: 64.855: [GC [PSYoungGen: 11213K->5090K(11264K)] 21363K->15272K(27648K), 0.0088100 secs] [Times: user=0.02 sys=0.00, real=0.01 secs] 
2014-07-09T15:44:16.078+0200: 64.901: [GC [PSYoungGen: 11216K->2048K(11264K)] 21398K->12238K(27648K), 0.0010669 secs] [Times: user=0.00 sys=0.00, real=0.00 secs] 
2014-07-09T15:44:16.082+0200: 64.904: [GC [PSYoungGen: 8169K->5090K(11264K)] 18359K->18305K(27648K), 0.0064368 secs] [Times: user=0.00 sys=0.00, real=0.01 secs] 
2014-07-09T15:44:16.088+0200: 64.911: [Full GC [PSYoungGen: 5090K->0K(11264K)] [ParOldGen: 13215K->8645K(16384K)] 18305K->8645K(27648K) [PSPermGen: 2476K->2476K(21504K)], 0.0173909 secs] [Times: user=0.03 sys=0.00, real=0.02 secs] 
2014-07-09T15:44:16.109+0200: 64.931: [GC [PSYoungGen: 6122K->5090K(11264K)] 14768K->14728K(27648K), 0.0046202 secs] [Times: user=0.03 sys=0.00, real=0.00 secs] 
2014-07-09T15:44:16.129+0200: 64.951: [GC [PSYoungGen: 11213K->4001K(11264K)] 20851K->13647K(27648K), 0.0026324 secs] [Times: user=0.00 sys=0.00, real=0.00 secs] 
2014-07-09T15:44:16.179+0200: 65.001: [GC [PSYoungGen: 10124K->1920K(11264K)] 19770K->11574K(27648K), 0.0022841 secs] [Times: user=0.00 sys=0.00, real=0.00 secs] 
2014-07-09T15:44:16.186+0200: 65.008: [GC [PSYoungGen: 8041K->5090K(11264K)] 17695K->17641K(27648K), 0.0102329 secs] [Times: user=0.03 sys=0.00, real=0.01 secs] 
2014-07-09T15:44:16.200+0200: 65.023: [GC [PSYoungGen: 11213K->5090K(11264K)] 23764K->18506K(27648K), 0.0070920 secs] [Times: user=0.03 sys=0.00, real=0.01 secs] 
2014-07-09T15:44:16.208+0200: 65.030: [Full GC [PSYoungGen: 5090K->0K(11264K)] [ParOldGen: 13415K->6342K(16384K)] 18506K->6342K(27648K) [PSPermGen: 2476K->2476K(21504K)], 0.0112660 secs] [Times: user=0.00 sys=0.00, real=0.01 secs] 
2014-07-09T15:44:16.229+0200: 65.052: [GC [PSYoungGen: 6122K->3873K(11264K)] 12465K->10216K(27648K), 0.0028762 secs] [Times: user=0.00 sys=0.00, real=0.00 secs] 
2014-07-09T15:44:16.280+0200: 65.103: [GC [PSYoungGen: 9996K->1792K(11264K)] 16339K->8143K(27648K), 0.0025400 secs] [Times: user=0.00 sys=0.00, real=0.00 secs] 
2014-07-09T15:44:16.288+0200: 65.111: [GC [PSYoungGen: 7913K->5090K(11264K)] 14264K->14210K(27648K), 0.0088159 secs] [Times: user=0.00 sys=0.00, real=0.01 secs] 
2014-07-09T15:44:16.299+0200: 65.122: [GC [PSYoungGen: 11213K->5090K(11264K)] 20333K->14946K(27648K), 0.0045865 secs] [Times: user=0.03 sys=0.00, real=0.00 secs] 
2014-07-09T15:44:16.328+0200: 65.151: [GC [PSYoungGen: 11228K->2080K(11264K)] 21084K->11945K(27648K), 0.0010145 secs] [Times: user=0.00 sys=0.00, real=0.00 secs] 
2014-07-09T15:44:16.331+0200: 65.154: [GC [PSYoungGen: 8201K->5090K(11264K)] 18066K->18012K(27648K), 0.0060805 secs] [Times: user=0.03 sys=0.00, real=0.01 secs] 
2014-07-09T15:44:16.338+0200: 65.160: [Full GC [PSYoungGen: 5090K->0K(11264K)] [ParOldGen: 12921K->8650K(16384K)] 18012K->8650K(27648K) [PSPermGen: 2476K->2476K(21504K)], 0.0103396 secs] [Times: user=0.03 sys=0.00, real=0.01 secs] 
2014-07-09T15:44:16.380+0200: 65.202: [GC [PSYoungGen: 6122K->5090K(11264K)] 14773K->14765K(27648K), 0.0045700 secs] [Times: user=0.00 sys=0.00, real=0.00 secs] 
2014-07-09T15:44:16.386+0200: 65.209: [GC [PSYoungGen: 11213K->4033K(11264K)] 20888K->13717K(27648K), 0.0030690 secs] [Times: user=0.00 sys=0.00, real=0.00 secs] 
2014-07-09T15:44:16.428+0200: 65.251: [GC [PSYoungGen: 10156K->1952K(11264K)] 19840K->11644K(27648K), 0.0011010 secs] [Times: user=0.00 sys=0.00, real=0.00 secs] 
2014-07-09T15:44:16.432+0200: 65.255: [GC [PSYoungGen: 8073K->5090K(11264K)] 17765K->17711K(27648K), 0.0058880 secs] [Times: user=0.00 sys=0.00, real=0.01 secs] 
2014-07-09T15:44:16.438+0200: 65.261: [Full GC [PSYoungGen: 5090K->0K(11264K)] [ParOldGen: 12620K->8526K(16384K)] 17711K->8526K(27648K) [PSPermGen: 2476K->2476K(21504K)], 0.0102897 secs] [Times: user=0.02 sys=0.00, real=0.01 secs] 
2014-07-09T15:44:16.479+0200: 65.302: [GC [PSYoungGen: 6122K->5090K(11264K)] 14649K->14512K(27648K), 0.0046785 secs] [Times: user=0.00 sys=0.00, real=0.00 secs] 
2014-07-09T15:44:16.487+0200: 65.309: [GC [PSYoungGen: 11213K->3905K(11264K)] 20635K->13336K(27648K), 0.0033898 secs] [Times: user=0.03 sys=0.00, real=0.00 secs] 
2014-07-09T15:44:16.528+0200: 65.351: [GC [PSYoungGen: 10028K->1824K(11264K)] 19459K->11263K(27648K), 0.0009371 secs] [Times: user=0.00 sys=0.00, real=0.00 secs] 
2014-07-09T15:44:16.532+0200: 65.354: [GC [PSYoungGen: 7945K->5090K(11264K)] 17384K->17330K(27648K), 0.0061461 secs] [Times: user=0.03 sys=0.00, real=0.01 secs] 
2014-07-09T15:44:16.580+0200: 65.403: [GC [PSYoungGen: 11224K->4322K(11264K)] 23464K->16561K(27648K), 0.0056141 secs] [Times: user=0.03 sys=0.00, real=0.01 secs] 
2014-07-09T15:44:16.591+0200: 65.413: [GC [PSYoungGen: 10445K->2241K(11264K)] 22684K->14488K(27648K), 0.0033506 secs] [Times: user=0.00 sys=0.00, real=0.00 secs] 
2014-07-09T15:44:16.628+0200: 65.451: [GC [PSYoungGen: 8364K->160K(11264K)] 20611K->12415K(27648K), 0.0014012 secs] [Times: user=0.00 sys=0.00, real=0.00 secs] 
2014-07-09T15:44:16.633+0200: 65.456: [GC [PSYoungGen: 6281K->5090K(11264K)] 18536K->18482K(27648K), 0.0081530 secs] [Times: user=0.00 sys=0.00, real=0.01 secs] 
2014-07-09T15:44:16.642+0200: 65.464: [Full GC [PSYoungGen: 5090K->0K(11264K)] [ParOldGen: 13392K->6740K(16384K)] 18482K->6740K(27648K) [PSPermGen: 2476K->2476K(21504K)], 0.0200530 secs] [Times: user=0.06 sys=0.00, real=0.02 secs] 
2014-07-09T15:44:16.679+0200: 65.502: [GC [PSYoungGen: 6122K->4194K(11264K)] 12863K->10934K(27648K), 0.0028289 secs] [Times: user=0.00 sys=0.00, real=0.00 secs] 
2014-07-09T15:44:16.685+0200: 65.507: [GC [PSYoungGen: 10315K->2113K(11264K)] 17055K->8861K(27648K), 0.0017811 secs] [Times: user=0.00 sys=0.00, real=0.00 secs] 
2014-07-09T15:44:16.690+0200: 65.512: [GC [PSYoungGen: 8233K->5090K(11264K)] 14982K->14928K(27648K), 0.0066744 secs] [Times: user=0.03 sys=0.00, real=0.01 secs] 
2014-07-09T15:44:16.730+0200: 65.552: [GC [PSYoungGen: 11212K->5090K(11264K)] 21050K->15985K(27648K), 0.0052076 secs] [Times: user=0.00 sys=0.00, real=0.00 secs] 
2014-07-09T15:44:16.780+0200: 65.603: [GC [PSYoungGen: 11213K->4065K(11264K)] 22108K->14968K(27648K), 0.0047298 secs] [Times: user=0.03 sys=0.00, real=0.01 secs] 
2014-07-09T15:44:16.789+0200: 65.612: [GC [PSYoungGen: 10194K->1472K(11264K)] 21097K->12383K(27648K), 0.0026434 secs] [Times: user=0.00 sys=0.00, real=0.00 secs] 
2014-07-09T15:44:16.797+0200: 65.620: [GC [PSYoungGen: 7593K->5090K(11264K)] 18504K->18450K(27648K), 0.0093295 secs] [Times: user=0.03 sys=0.00, real=0.01 secs] 
2014-07-09T15:44:16.807+0200: 65.629: [Full GC [PSYoungGen: 5090K->0K(11264K)] [ParOldGen: 13359K->8057K(16384K)] 18450K->8057K(27648K) [PSPermGen: 2476K->2476K(21504K)], 0.0140513 secs] [Times: user=0.02 sys=0.00, real=0.01 secs] 
2014-07-09T15:44:16.829+0200: 65.652: [GC [PSYoungGen: 6128K->4482K(11264K)] 14185K->12539K(27648K), 0.0032083 secs] [Times: user=0.03 sys=0.00, real=0.00 secs] 
2014-07-09T15:44:16.879+0200: 65.701: [GC [PSYoungGen: 10605K->2369K(11264K)] 18662K->10434K(27648K), 0.0143780 secs] [Times: user=0.00 sys=0.00, real=0.01 secs] 
2014-07-09T15:44:16.896+0200: 65.719: [GC [PSYoungGen: 8492K->288K(11264K)] 16557K->8361K(27648K), 0.0086241 secs] [Times: user=0.00 sys=0.00, real=0.01 secs] 
2014-07-09T15:44:16.908+0200: 65.731: [GC [PSYoungGen: 6409K->5090K(11264K)] 14482K->14452K(27648K), 0.0057846 secs] [Times: user=0.01 sys=0.00, real=0.01 secs] 
2014-07-09T15:44:16.929+0200: 65.752: [GC [PSYoungGen: 11213K->4354K(11264K)] 20575K->13715K(27648K), 0.0028413 secs] [Times: user=0.00 sys=0.00, real=0.00 secs] 
2014-07-09T15:44:16.979+0200: 65.802: [GC [PSYoungGen: 10477K->2241K(11264K)] 19838K->11610K(27648K), 0.0155501 secs] [Times: user=0.02 sys=0.00, real=0.02 secs] 
2014-07-09T15:44:16.998+0200: 65.820: [GC [PSYoungGen: 8364K->160K(11264K)] 17733K->9537K(27648K), 0.0099609 secs] [Times: user=0.01 sys=0.00, real=0.01 secs] 
2014-07-09T15:44:17.010+0200: 65.833: [GC [PSYoungGen: 6281K->5090K(11264K)] 15658K->15636K(27648K), 0.0047548 secs] [Times: user=0.00 sys=0.00, real=0.01 secs] 
2014-07-09T15:44:17.029+0200: 65.852: [GC [PSYoungGen: 11216K->3201K(11264K)] 21763K->13747K(27648K), 0.0018962 secs] [Times: user=0.00 sys=0.00, real=0.00 secs] 
2014-07-09T15:44:17.078+0200: 65.901: [GC [PSYoungGen: 9324K->1120K(11264K)] 19870K->11674K(27648K), 0.0017811 secs] [Times: user=0.00 sys=0.00, real=0.00 secs] 
2014-07-09T15:44:17.086+0200: 65.908: [GC [PSYoungGen: 7241K->5090K(11264K)] 17795K->17733K(27648K), 0.0252642 secs] [Times: user=0.02 sys=0.00, real=0.03 secs] 
2014-07-09T15:44:17.113+0200: 65.936: [GC [PSYoungGen: 11213K->5090K(11264K)] 23856K->17797K(27648K), 0.0040211 secs] [Times: user=0.00 sys=0.00, real=0.00 secs] 
2014-07-09T15:44:17.129+0200: 65.952: [GC [PSYoungGen: 11213K->3073K(11264K)] 23920K->15788K(27648K), 0.0020806 secs] [Times: user=0.00 sys=0.00, real=0.00 secs] 
2014-07-09T15:44:17.179+0200: 66.001: [GC [PSYoungGen: 9196K->960K(11264K)] 21911K->13683K(27648K), 0.0026822 secs] [Times: user=0.00 sys=0.00, real=0.00 secs] 
2014-07-09T15:44:17.189+0200: 66.012: [GC [PSYoungGen: 7081K->5090K(11264K)] 19804K->19774K(27648K), 0.0442143 secs] [Times: user=0.03 sys=0.00, real=0.04 secs] 
2014-07-09T15:44:17.233+0200: 66.056: [Full GC [PSYoungGen: 5090K->0K(11264K)] [ParOldGen: 14684K->7582K(16384K)] 19774K->7582K(27648K) [PSPermGen: 2476K->2476K(21504K)], 0.0150602 secs] [Times: user=0.02 sys=0.00, real=0.01 secs] 
2014-07-09T15:44:17.251+0200: 66.074: [GC [PSYoungGen: 6122K->5026K(11264K)] 13705K->12608K(27648K), 0.0038800 secs] [Times: user=0.03 sys=0.00, real=0.00 secs] 
2014-07-09T15:44:17.257+0200: 66.080: [GC [PSYoungGen: 11149K->2945K(11264K)] 18731K->10535K(27648K), 0.0021378 secs] [Times: user=0.00 sys=0.00, real=0.00 secs] 
2014-07-09T15:44:17.278+0200: 66.101: [GC [PSYoungGen: 9068K->864K(11264K)] 16658K->8462K(27648K), 0.0008128 secs] [Times: user=0.00 sys=0.00, real=0.00 secs] 
2014-07-09T15:44:17.281+0200: 66.104: [GC [PSYoungGen: 6985K->5090K(11264K)] 14583K->14529K(27648K), 0.0052460 secs] [Times: user=0.03 sys=0.00, real=0.01 secs] 
2014-07-09T15:44:17.288+0200: 66.111: [GC [PSYoungGen: 11213K->4898K(11264K)] 20652K->14337K(27648K), 0.0038763 secs] [Times: user=0.00 sys=0.00, real=0.00 secs] 
2014-07-09T15:44:17.328+0200: 66.150: [GC [PSYoungGen: 11041K->640K(11264K)] 20480K->10087K(27648K), 0.0005840 secs] [Times: user=0.00 sys=0.00, real=0.00 secs] 
2014-07-09T15:44:17.330+0200: 66.153: [GC [PSYoungGen: 6761K->5090K(11264K)] 16208K->16154K(27648K), 0.0177304 secs] [Times: user=0.02 sys=0.00, real=0.02 secs] 
2014-07-09T15:44:17.379+0200: 66.201: [GC [PSYoungGen: 11213K->4674K(11264K)] 22277K->15738K(27648K), 0.0032149 secs] [Times: user=0.00 sys=0.00, real=0.00 secs] 
2014-07-09T15:44:17.384+0200: 66.207: [GC [PSYoungGen: 10797K->2593K(11264K)] 21861K->13665K(27648K), 0.0018804 secs] [Times: user=0.00 sys=0.00, real=0.00 secs] 
2014-07-09T15:44:17.428+0200: 66.250: [GC [PSYoungGen: 8716K->512K(11264K)] 19788K->11592K(27648K), 0.0006588 secs] [Times: user=0.00 sys=0.00, real=0.00 secs] 
2014-07-09T15:44:17.431+0200: 66.253: [GC [PSYoungGen: 6633K->5090K(11264K)] 17713K->17659K(27648K), 0.0049307 secs] [Times: user=0.00 sys=0.00, real=0.01 secs] 
2014-07-09T15:44:17.481+0200: 66.303: [GC [PSYoungGen: 11213K->4514K(11264K)] 23782K->17082K(27648K), 0.0373548 secs] [Times: user=0.03 sys=0.00, real=0.04 secs] 
2014-07-09T15:44:17.521+0200: 66.343: [GC [PSYoungGen: 10637K->2433K(11264K)] 23205K->15009K(27648K), 0.0093691 secs] [Times: user=0.00 sys=0.00, real=0.01 secs] 
2014-07-09T15:44:17.533+0200: 66.356: [GC [PSYoungGen: 8556K->352K(11264K)] 21132K->12936K(27648K), 0.0138548 secs] [Times: user=0.00 sys=0.00, real=0.01 secs] 
2014-07-09T15:44:17.550+0200: 66.373: [GC [PSYoungGen: 6473K->5090K(11264K)] 19057K->19027K(27648K), 0.0107487 secs] [Times: user=0.00 sys=0.00, real=0.01 secs] 
2014-07-09T15:44:17.561+0200: 66.384: [Full GC [PSYoungGen: 5090K->0K(11264K)] [ParOldGen: 13937K->6976K(16384K)] 19027K->6976K(27648K) [PSPermGen: 2476K->2476K(21504K)], 0.0139032 secs] [Times: user=0.03 sys=0.00, real=0.01 secs] 
2014-07-09T15:44:17.579+0200: 66.402: [GC [PSYoungGen: 6126K->3393K(11264K)] 13102K->10369K(27648K), 0.0088181 secs] [Times: user=0.03 sys=0.00, real=0.01 secs] 
2014-07-09T15:44:17.590+0200: 66.413: [GC [PSYoungGen: 9516K->1312K(11264K)] 16492K->8296K(27648K), 0.0011413 secs] [Times: user=0.00 sys=0.00, real=0.00 secs] 
2014-07-09T15:44:17.593+0200: 66.416: [GC [PSYoungGen: 7433K->5090K(11264K)] 14417K->14363K(27648K), 0.0059419 secs] [Times: user=0.02 sys=0.00, real=0.01 secs] 
2014-07-09T15:44:17.630+0200: 66.452: [GC [PSYoungGen: 11213K->5090K(11264K)] 20486K->14619K(27648K), 0.0044637 secs] [Times: user=0.00 sys=0.00, real=0.00 secs] 
2014-07-09T15:44:17.678+0200: 66.501: [GC [PSYoungGen: 11213K->3265K(11264K)] 20742K->12802K(27648K), 0.0017510 secs] [Times: user=0.00 sys=0.00, real=0.00 secs] 
2014-07-09T15:44:17.683+0200: 66.506: [GC [PSYoungGen: 9388K->1184K(11264K)] 18925K->10729K(27648K), 0.0010837 secs] [Times: user=0.00 sys=0.00, real=0.00 secs] 
2014-07-09T15:44:17.687+0200: 66.509: [GC [PSYoungGen: 7305K->5090K(11264K)] 16850K->16796K(27648K), 0.0057014 secs] [Times: user=0.03 sys=0.00, real=0.00 secs] 
2014-07-09T15:44:17.729+0200: 66.552: [GC [PSYoungGen: 11213K->5090K(11264K)] 22919K->16924K(27648K), 0.0041300 secs] [Times: user=0.00 sys=0.00, real=0.00 secs] 
2014-07-09T15:44:17.779+0200: 66.602: [GC [PSYoungGen: 11213K->3105K(11264K)] 23047K->14948K(27648K), 0.0146533 secs] [Times: user=0.02 sys=0.00, real=0.01 secs] 
2014-07-09T15:44:17.796+0200: 66.619: [GC [PSYoungGen: 9247K->1344K(11264K)] 21090K->13194K(27648K), 0.0009554 secs] [Times: user=0.00 sys=0.00, real=0.00 secs] 
2014-07-09T15:44:17.800+0200: 66.622: [GC [PSYoungGen: 7456K->5090K(11264K)] 19307K->17493K(27648K), 0.0045957 secs] [Times: user=0.00 sys=0.00, real=0.00 secs] 
2014-07-09T15:44:17.829+0200: 66.651: [GC [PSYoungGen: 11213K->3553K(11264K)] 23616K->15964K(27648K), 0.0151820 secs] [Times: user=0.00 sys=0.00, real=0.02 secs] 
2014-07-09T15:44:17.891+0200: 66.714: [GC [PSYoungGen: 9676K->1440K(11264K)] 22087K->13859K(27648K), 0.0029117 secs] [Times: user=0.00 sys=0.00, real=0.00 secs] 
2014-07-09T15:44:17.957+0200: 66.780: [GC [PSYoungGen: 7561K->5090K(11264K)] 19980K->19958K(27648K), 0.0056193 secs] [Times: user=0.00 sys=0.00, real=0.01 secs] 
2014-07-09T15:44:17.963+0200: 66.785: [Full GC [PSYoungGen: 5090K->0K(11264K)] [ParOldGen: 14867K->8066K(16384K)] 19958K->8066K(27648K) [PSPermGen: 2476K->2476K(21504K)], 0.0260931 secs] [Times: user=0.02 sys=0.00, real=0.03 secs] 
2014-07-09T15:44:17.991+0200: 66.814: [GC [PSYoungGen: 6122K->5090K(11264K)] 14189K->13541K(27648K), 0.0051005 secs] [Times: user=0.00 sys=0.00, real=0.01 secs] 
2014-07-09T15:44:17.999+0200: 66.822: [GC [PSYoungGen: 11213K->3393K(11264K)] 19664K->11860K(27648K), 0.0077593 secs] [Times: user=0.01 sys=0.00, real=0.01 secs] 
2014-07-09T15:44:18.009+0200: 66.832: [GC [PSYoungGen: 9516K->1312K(11264K)] 17983K->9787K(27648K), 0.0017576 secs] [Times: user=0.00 sys=0.00, real=0.00 secs] 
2014-07-09T15:44:18.014+0200: 66.837: [GC [PSYoungGen: 7433K->5090K(11264K)] 15908K->15886K(27648K), 0.0176402 secs] [Times: user=0.03 sys=0.00, real=0.02 secs] 
2014-07-09T15:44:18.035+0200: 66.857: [GC [PSYoungGen: 11213K->5090K(11264K)] 22009K->16174K(27648K), 0.0401935 secs] [Times: user=0.02 sys=0.00, real=0.04 secs] 
2014-07-09T15:44:18.113+0200: 66.936: [GC [PSYoungGen: 11213K->3297K(11264K)] 22297K->14389K(27648K), 0.0033326 secs] [Times: user=0.00 sys=0.00, real=0.00 secs] 
2014-07-09T15:44:18.120+0200: 66.943: [GC [PSYoungGen: 9437K->896K(11264K)] 20529K->11995K(27648K), 0.0010665 secs] [Times: user=0.00 sys=0.00, real=0.00 secs] 
2014-07-09T15:44:18.125+0200: 66.947: [GC [PSYoungGen: 7011K->5090K(11264K)] 18111K->16870K(27648K), 0.0078187 secs] [Times: user=0.00 sys=0.00, real=0.01 secs] 
2014-07-09T15:44:18.135+0200: 66.958: [GC [PSYoungGen: 11213K->3681K(11264K)] 22993K->15469K(27648K), 0.0033040 secs] [Times: user=0.00 sys=0.00, real=0.00 secs] 
2014-07-09T15:44:18.141+0200: 66.964: [GC [PSYoungGen: 9804K->1600K(11264K)] 21592K->13396K(27648K), 0.0019574 secs] [Times: user=0.00 sys=0.00, real=0.00 secs] 
2014-07-09T15:44:18.146+0200: 66.969: [GC [PSYoungGen: 7721K->5090K(11264K)] 19517K->19495K(27648K), 0.0054855 secs] [Times: user=0.00 sys=0.00, real=0.01 secs] 
2014-07-09T15:44:18.152+0200: 66.974: [Full GC [PSYoungGen: 5090K->0K(11264K)] [ParOldGen: 14405K->8227K(16384K)] 19495K->8227K(27648K) [PSPermGen: 2476K->2476K(21504K)], 0.0195217 secs] [Times: user=0.02 sys=0.00, real=0.02 secs] 
2014-07-09T15:44:18.181+0200: 67.003: [GC [PSYoungGen: 6122K->5090K(11264K)] 14350K->13894K(27648K), 0.0047416 secs] [Times: user=0.00 sys=0.00, real=0.01 secs] 
2014-07-09T15:44:18.189+0200: 67.011: [GC [PSYoungGen: 11213K->3585K(11264K)] 20017K->12397K(27648K), 0.0025917 secs] [Times: user=0.00 sys=0.00, real=0.00 secs] 
2014-07-09T15:44:18.228+0200: 67.051: [GC [PSYoungGen: 9708K->1504K(11264K)] 18520K->10324K(27648K), 0.0011714 secs] [Times: user=0.00 sys=0.00, real=0.00 secs] 
2014-07-09T15:44:18.232+0200: 67.055: [GC [PSYoungGen: 7625K->5090K(11264K)] 16445K->16391K(27648K), 0.0376055 secs] [Times: user=0.03 sys=0.00, real=0.04 secs] 
2014-07-09T15:44:18.280+0200: 67.103: [GC [PSYoungGen: 11213K->5090K(11264K)] 22514K->16807K(27648K), 0.0440886 secs] [Times: user=0.03 sys=0.00, real=0.05 secs] 
2014-07-09T15:44:18.328+0200: 67.150: [GC [PSYoungGen: 11213K->3457K(11264K)] 22930K->15182K(27648K), 0.0032417 secs] [Times: user=0.00 sys=0.00, real=0.00 secs] 
2014-07-09T15:44:18.335+0200: 67.158: [GC [PSYoungGen: 9601K->352K(11264K)] 21326K->12085K(27648K), 0.0010782 secs] [Times: user=0.00 sys=0.00, real=0.00 secs] 
2014-07-09T15:44:18.339+0200: 67.162: [GC [PSYoungGen: 6469K->5090K(11264K)] 18202K->17568K(27648K), 0.0048307 secs] [Times: user=0.02 sys=0.00, real=0.01 secs] 
2014-07-09T15:44:18.379+0200: 67.202: [GC [PSYoungGen: 11213K->3745K(11264K)] 23691K->16231K(27648K), 0.0023666 secs] [Times: user=0.00 sys=0.00, real=0.00 secs] 
2014-07-09T15:44:18.384+0200: 67.206: [GC [PSYoungGen: 9868K->1664K(11264K)] 22354K->14158K(27648K), 0.0014489 secs] [Times: user=0.00 sys=0.00, real=0.00 secs] 
2014-07-09T15:44:18.388+0200: 67.210: [GC [PSYoungGen: 7785K->5090K(11264K)] 20279K->20225K(27648K), 0.0064053 secs] [Times: user=0.03 sys=0.00, real=0.01 secs] 
2014-07-09T15:44:18.394+0200: 67.217: [Full GC [PSYoungGen: 5090K->0K(11264K)] [ParOldGen: 15134K->8261K(16384K)] 20225K->8261K(27648K) [PSPermGen: 2476K->2476K(21504K)], 0.0102740 secs] [Times: user=0.00 sys=0.00, real=0.01 secs] 
2014-07-09T15:44:18.429+0200: 67.252: [GC [PSYoungGen: 6122K->5090K(11264K)] 14384K->13960K(27648K), 0.0042921 secs] [Times: user=0.00 sys=0.00, real=0.01 secs] 
2014-07-09T15:44:18.479+0200: 67.302: [GC [PSYoungGen: 11213K->3617K(11264K)] 20083K->12495K(27648K), 0.0024205 secs] [Times: user=0.00 sys=0.00, real=0.00 secs] 
2014-07-09T15:44:18.484+0200: 67.307: [GC [PSYoungGen: 9740K->1536K(11264K)] 18618K->10422K(27648K), 0.0015776 secs] [Times: user=0.00 sys=0.00, real=0.00 secs] 
2014-07-09T15:44:18.489+0200: 67.311: [GC [PSYoungGen: 7657K->5090K(11264K)] 16543K->16489K(27648K), 0.0055632 secs] [Times: user=0.00 sys=0.00, real=0.00 secs] 
2014-07-09T15:44:18.529+0200: 67.352: [GC [PSYoungGen: 11213K->5090K(11264K)] 22612K->16969K(27648K), 0.0116638 secs] [Times: user=0.02 sys=0.00, real=0.01 secs] 
2014-07-09T15:44:18.580+0200: 67.403: [GC [PSYoungGen: 11218K->2465K(11264K)] 23097K->14352K(27648K), 0.0028428 secs] [Times: user=0.00 sys=0.00, real=0.00 secs] 
2014-07-09T15:44:18.589+0200: 67.412: [GC [PSYoungGen: 8588K->384K(11264K)] 20475K->12279K(27648K), 0.0016161 secs] [Times: user=0.00 sys=0.00, real=0.00 secs] 
2014-07-09T15:44:18.596+0200: 67.419: [GC [PSYoungGen: 6505K->5090K(11264K)] 18400K->18346K(27648K), 0.0086183 secs] [Times: user=0.00 sys=0.00, real=0.01 secs] 
2014-07-09T15:44:18.629+0200: 67.452: [GC [PSYoungGen: 11213K->4418K(11264K)] 24469K->17673K(27648K), 0.0032190 secs] [Times: user=0.00 sys=0.00, real=0.00 secs] 
2014-07-09T15:44:18.681+0200: 67.504: [GC [PSYoungGen: 10541K->2305K(11264K)] 23796K->15568K(27648K), 0.0060013 secs] [Times: user=0.01 sys=0.00, real=0.01 secs] 
2014-07-09T15:44:18.693+0200: 67.516: [GC [PSYoungGen: 8428K->224K(11264K)] 21691K->13495K(27648K), 0.0128249 secs] [Times: user=0.02 sys=0.00, real=0.01 secs] 
2014-07-09T15:44:18.709+0200: 67.532: [GC [PSYoungGen: 6345K->5090K(11264K)] 19616K->19594K(27648K), 0.0048101 secs] [Times: user=0.00 sys=0.00, real=0.00 secs] 
2014-07-09T15:44:18.714+0200: 67.537: [Full GC [PSYoungGen: 5090K->0K(11264K)] [ParOldGen: 14504K->6853K(16384K)] 19594K->6853K(27648K) [PSPermGen: 2476K->2476K(21504K)], 0.0120129 secs] [Times: user=0.01 sys=0.00, real=0.01 secs] 
2014-07-09T15:44:18.729+0200: 67.552: [GC [PSYoungGen: 6122K->4290K(11264K)] 12976K->11143K(27648K), 0.0035101 secs] [Times: user=0.00 sys=0.00, real=0.00 secs] 
2014-07-09T15:44:18.778+0200: 67.601: [GC [PSYoungGen: 10413K->2209K(11264K)] 17266K->9070K(27648K), 0.0013213 secs] [Times: user=0.00 sys=0.00, real=0.00 secs] 
2014-07-09T15:44:18.783+0200: 67.606: [GC [PSYoungGen: 8348K->128K(11264K)] 15209K->6997K(27648K), 0.0007813 secs] [Times: user=0.00 sys=0.00, real=0.00 secs] 
2014-07-09T15:44:18.786+0200: 67.609: [GC [PSYoungGen: 6244K->4706K(11264K)] 13113K->11583K(27648K), 0.0037696 secs] [Times: user=0.00 sys=0.00, real=0.00 secs] 
2014-07-09T15:44:18.828+0200: 67.651: [GC [PSYoungGen: 10833K->2113K(11264K)] 17710K->8998K(27648K), 0.0010551 secs] [Times: user=0.00 sys=0.00, real=0.00 secs] 
2014-07-09T15:44:18.832+0200: 67.655: [GC [PSYoungGen: 8233K->5090K(11264K)] 15119K->15065K(27648K), 0.0060504 secs] [Times: user=0.00 sys=0.00, real=0.01 secs] 
2014-07-09T15:44:18.881+0200: 67.703: [GC [PSYoungGen: 11212K->5090K(11264K)] 21187K->16089K(27648K), 0.0107682 secs] [Times: user=0.02 sys=0.00, real=0.01 secs] 
2014-07-09T15:44:18.894+0200: 67.717: [GC [PSYoungGen: 11213K->4033K(11264K)] 22212K->15041K(27648K), 0.0042085 secs] [Times: user=0.00 sys=0.00, real=0.00 secs] 
2014-07-09T15:44:18.928+0200: 67.751: [GC [PSYoungGen: 10156K->1952K(11264K)] 21164K->12968K(27648K), 0.0018929 secs] [Times: user=0.00 sys=0.00, real=0.00 secs] 
2014-07-09T15:44:18.932+0200: 67.755: [GC [PSYoungGen: 8073K->5090K(11264K)] 19089K->19067K(27648K), 0.0060024 secs] [Times: user=0.03 sys=0.00, real=0.01 secs] 
2014-07-09T15:44:18.939+0200: 67.762: [Full GC [PSYoungGen: 5090K->0K(11264K)] [ParOldGen: 13976K->8583K(16384K)] 19067K->8583K(27648K) [PSPermGen: 2476K->2476K(21504K)], 0.0103297 secs] [Times: user=0.00 sys=0.00, real=0.01 secs] 
2014-07-09T15:44:18.980+0200: 67.803: [GC [PSYoungGen: 6122K->5090K(11264K)] 14706K->14602K(27648K), 0.0049557 secs] [Times: user=0.03 sys=0.00, real=0.00 secs] 
2014-07-09T15:44:18.988+0200: 67.810: [GC [PSYoungGen: 11213K->3937K(11264K)] 20725K->13458K(27648K), 0.0029851 secs] [Times: user=0.00 sys=0.00, real=0.00 secs] 
2014-07-09T15:44:19.030+0200: 67.853: [GC [PSYoungGen: 10066K->800K(11264K)] 19586K->10328K(27648K), 0.0065421 secs] [Times: user=0.00 sys=0.00, real=0.01 secs] 
2014-07-09T15:44:19.041+0200: 67.864: [GC [PSYoungGen: 6921K->5090K(11264K)] 16449K->16427K(27648K), 0.0098069 secs] [Times: user=0.03 sys=0.00, real=0.01 secs] 
2014-07-09T15:44:19.080+0200: 67.903: [GC [PSYoungGen: 11213K->4866K(11264K)] 22550K->16203K(27648K), 0.0033271 secs] [Times: user=0.00 sys=0.00, real=0.00 secs] 
2014-07-09T15:44:19.086+0200: 67.908: [GC [PSYoungGen: 10989K->2785K(11264K)] 22326K->14130K(27648K), 0.0020689 secs] [Times: user=0.00 sys=0.00, real=0.00 secs] 
2014-07-09T15:44:19.128+0200: 67.951: [GC [PSYoungGen: 8908K->704K(11264K)] 20253K->12057K(27648K), 0.0007245 secs] [Times: user=0.00 sys=0.00, real=0.00 secs] 
2014-07-09T15:44:19.131+0200: 67.953: [GC [PSYoungGen: 6825K->5090K(11264K)] 18178K->18124K(27648K), 0.0053135 secs] [Times: user=0.00 sys=0.00, real=0.00 secs] 
2014-07-09T15:44:19.179+0200: 68.002: [GC [PSYoungGen: 11213K->4738K(11264K)] 24247K->17772K(27648K), 0.0033341 secs] [Times: user=0.00 sys=0.00, real=0.00 secs] 
2014-07-09T15:44:19.185+0200: 68.007: [GC [PSYoungGen: 10861K->2657K(11264K)] 23895K->15699K(27648K), 0.0020450 secs] [Times: user=0.03 sys=0.00, real=0.00 secs] 
2014-07-09T15:44:19.234+0200: 68.056: [GC [PSYoungGen: 8780K->544K(11264K)] 21822K->13594K(27648K), 0.0301579 secs] [Times: user=0.01 sys=0.00, real=0.03 secs] 
2014-07-09T15:44:19.267+0200: 68.089: [GC [PSYoungGen: 6665K->5090K(11264K)] 19715K->19693K(27648K), 0.0046701 secs] [Times: user=0.00 sys=0.00, real=0.00 secs] 
2014-07-09T15:44:19.272+0200: 68.094: [Full GC [PSYoungGen: 5090K->0K(11264K)] [ParOldGen: 14602K->7175K(16384K)] 19693K->7175K(27648K) [PSPermGen: 2476K->2476K(21504K)], 0.0101339 secs] [Times: user=0.02 sys=0.00, real=0.01 secs] 
2014-07-09T15:44:19.284+0200: 68.107: [GC [PSYoungGen: 6122K->4610K(11264K)] 13298K->11785K(27648K), 0.0038690 secs] [Times: user=0.00 sys=0.00, real=0.00 secs] 
2014-07-09T15:44:19.291+0200: 68.114: [GC [PSYoungGen: 10733K->2529K(11264K)] 17908K->9712K(27648K), 0.0020509 secs] [Times: user=0.00 sys=0.00, real=0.00 secs] 
2014-07-09T15:44:19.296+0200: 68.119: [GC [PSYoungGen: 8671K->512K(11264K)] 15855K->7703K(27648K), 0.0007860 secs] [Times: user=0.00 sys=0.00, real=0.00 secs] 
2014-07-09T15:44:19.329+0200: 68.152: [GC [PSYoungGen: 6629K->4898K(11264K)] 13821K->12097K(27648K), 0.0037964 secs] [Times: user=0.00 sys=0.00, real=0.00 secs] 
2014-07-09T15:44:19.379+0200: 68.201: [GC [PSYoungGen: 11021K->2785K(11264K)] 18220K->9992K(27648K), 0.0024674 secs] [Times: user=0.00 sys=0.00, real=0.00 secs] 
2014-07-09T15:44:19.384+0200: 68.207: [GC [PSYoungGen: 8908K->704K(11264K)] 16115K->7919K(27648K), 0.0010947 secs] [Times: user=0.00 sys=0.00, real=0.00 secs] 
2014-07-09T15:44:19.388+0200: 68.211: [GC [PSYoungGen: 6825K->5090K(11264K)] 14040K->14018K(27648K), 0.0048904 secs] [Times: user=0.03 sys=0.00, real=0.00 secs] 
2014-07-09T15:44:19.429+0200: 68.252: [GC [PSYoungGen: 11213K->4770K(11264K)] 20141K->13698K(27648K), 0.0033458 secs] [Times: user=0.00 sys=0.00, real=0.00 secs] 
2014-07-09T15:44:19.479+0200: 68.302: [GC [PSYoungGen: 10893K->2689K(11264K)] 19821K->11625K(27648K), 0.0034609 secs] [Times: user=0.01 sys=0.00, real=0.00 secs] 
2014-07-09T15:44:19.489+0200: 68.312: [GC [PSYoungGen: 8812K->608K(11264K)] 17748K->9552K(27648K), 0.0018280 secs] [Times: user=0.00 sys=0.00, real=0.00 secs] 
2014-07-09T15:44:19.495+0200: 68.318: [GC [PSYoungGen: 6729K->5090K(11264K)] 15673K->15619K(27648K), 0.0103377 secs] [Times: user=0.03 sys=0.00, real=0.01 secs] 
2014-07-09T15:44:19.529+0200: 68.352: [GC [PSYoungGen: 11213K->4642K(11264K)] 21742K->15171K(27648K), 0.0038122 secs] [Times: user=0.03 sys=0.00, real=0.00 secs] 
2014-07-09T15:44:19.578+0200: 68.401: [GC [PSYoungGen: 10774K->1024K(11264K)] 21303K->11561K(27648K), 0.0011420 secs] [Times: user=0.00 sys=0.00, real=0.00 secs] 
2014-07-09T15:44:19.581+0200: 68.404: [GC [PSYoungGen: 7145K->5090K(11264K)] 17682K->17628K(27648K), 0.0055907 secs] [Times: user=0.00 sys=0.00, real=0.01 secs] 
2014-07-09T15:44:19.589+0200: 68.412: [GC [PSYoungGen: 11213K->5058K(11264K)] 23751K->17596K(27648K), 0.0039548 secs] [Times: user=0.03 sys=0.00, real=0.00 secs] 
2014-07-09T15:44:19.629+0200: 68.452: [GC [PSYoungGen: 11181K->2977K(11264K)] 23719K->15523K(27648K), 0.0016443 secs] [Times: user=0.00 sys=0.00, real=0.00 secs] 
2014-07-09T15:44:19.679+0200: 68.502: [GC [PSYoungGen: 9100K->896K(11264K)] 21646K->13450K(27648K), 0.0018540 secs] [Times: user=0.00 sys=0.00, real=0.00 secs] 
2014-07-09T15:44:19.684+0200: 68.507: [GC [PSYoungGen: 7017K->5090K(11264K)] 19571K->19517K(27648K), 0.0089636 secs] [Times: user=0.03 sys=0.00, real=0.01 secs] 
2014-07-09T15:44:19.694+0200: 68.517: [Full GC [PSYoungGen: 5090K->0K(11264K)] [ParOldGen: 14427K->7498K(16384K)] 19517K->7498K(27648K) [PSPermGen: 2476K->2476K(21504K)], 0.0231069 secs] [Times: user=0.03 sys=0.00, real=0.02 secs] 
2014-07-09T15:44:19.719+0200: 68.542: [GC [PSYoungGen: 6122K->4930K(11264K)] 13621K->12428K(27648K), 0.0038488 secs] [Times: user=0.00 sys=0.00, real=0.00 secs] 
2014-07-09T15:44:19.729+0200: 68.552: [GC [PSYoungGen: 11053K->2849K(11264K)] 18551K->10355K(27648K), 0.0019449 secs] [Times: user=0.00 sys=0.00, real=0.00 secs] 
2014-07-09T15:44:19.778+0200: 68.601: [GC [PSYoungGen: 8972K->736K(11264K)] 16478K->8250K(27648K), 0.0306899 secs] [Times: user=0.03 sys=0.00, real=0.03 secs] 
2014-07-09T15:44:19.813+0200: 68.636: [GC [PSYoungGen: 6857K->5090K(11264K)] 14371K->14349K(27648K), 0.0047859 secs] [Times: user=0.00 sys=0.00, real=0.01 secs] 
2014-07-09T15:44:19.821+0200: 68.644: [GC [PSYoungGen: 11213K->4802K(11264K)] 20472K->14061K(27648K), 0.0036736 secs] [Times: user=0.00 sys=0.00, real=0.00 secs] 
2014-07-09T15:44:19.829+0200: 68.652: [GC [PSYoungGen: 10934K->1184K(11264K)] 20193K->10451K(27648K), 0.0011541 secs] [Times: user=0.00 sys=0.00, real=0.00 secs] 
2014-07-09T15:44:19.833+0200: 68.656: [GC [PSYoungGen: 7305K->5090K(11264K)] 16572K->16518K(27648K), 0.0067397 secs] [Times: user=0.00 sys=0.00, real=0.01 secs] 
2014-07-09T15:44:19.880+0200: 68.703: [GC [PSYoungGen: 11213K->5090K(11264K)] 22641K->16614K(27648K), 0.0047984 secs] [Times: user=0.00 sys=0.00, real=0.00 secs] 
2014-07-09T15:44:19.888+0200: 68.711: [GC [PSYoungGen: 11213K->3105K(11264K)] 22737K->14637K(27648K), 0.0033565 secs] [Times: user=0.00 sys=0.00, real=0.00 secs] 
2014-07-09T15:44:19.928+0200: 68.751: [GC [PSYoungGen: 9228K->1056K(11264K)] 20760K->12596K(27648K), 0.0008161 secs] [Times: user=0.00 sys=0.00, real=0.00 secs] 
2014-07-09T15:44:19.931+0200: 68.754: [GC [PSYoungGen: 7177K->5090K(11264K)] 18717K->18663K(27648K), 0.0055789 secs] [Times: user=0.03 sys=0.00, real=0.01 secs] 
2014-07-09T15:44:19.937+0200: 68.760: [Full GC [PSYoungGen: 5090K->0K(11264K)] [ParOldGen: 13573K->7659K(16384K)] 18663K->7659K(27648K) [PSPermGen: 2476K->2476K(21504K)], 0.0105467 secs] [Times: user=0.00 sys=0.00, real=0.01 secs] 
2014-07-09T15:44:19.979+0200: 68.802: [GC [PSYoungGen: 6122K->5090K(11264K)] 13782K->12750K(27648K), 0.0042804 secs] [Times: user=0.03 sys=0.00, real=0.00 secs] 
2014-07-09T15:44:19.986+0200: 68.809: [GC [PSYoungGen: 11213K->3009K(11264K)] 18873K->10677K(27648K), 0.0023083 secs] [Times: user=0.00 sys=0.00, real=0.00 secs] 
2014-07-09T15:44:20.028+0200: 68.851: [GC [PSYoungGen: 9132K->928K(11264K)] 16800K->8604K(27648K), 0.0010207 secs] [Times: user=0.02 sys=0.00, real=0.00 secs] 
2014-07-09T15:44:20.032+0200: 68.854: [GC [PSYoungGen: 7049K->5090K(11264K)] 14725K->14671K(27648K), 0.0050833 secs] [Times: user=0.00 sys=0.00, real=0.00 secs] 
2014-07-09T15:44:20.080+0200: 68.903: [GC [PSYoungGen: 11216K->3937K(11264K)] 20797K->13518K(27648K), 0.0048395 secs] [Times: user=0.00 sys=0.00, real=0.01 secs] 
2014-07-09T15:44:20.089+0200: 68.912: [GC [PSYoungGen: 10060K->1856K(11264K)] 19641K->11445K(27648K), 0.0028703 secs] [Times: user=0.03 sys=0.00, real=0.00 secs] 
2014-07-09T15:44:20.097+0200: 68.920: [GC [PSYoungGen: 7977K->5090K(11264K)] 17566K->17512K(27648K), 0.0092382 secs] [Times: user=0.00 sys=0.02, real=0.01 secs] 
2014-07-09T15:44:20.130+0200: 68.953: [GC [PSYoungGen: 11213K->5090K(11264K)] 23635K->18312K(27648K), 0.0044692 secs] [Times: user=0.00 sys=0.00, real=0.00 secs] 
2014-07-09T15:44:20.180+0200: 69.003: [GC [PSYoungGen: 11213K->3809K(11264K)] 24435K->17040K(27648K), 0.0041641 secs] [Times: user=0.00 sys=0.02, real=0.00 secs] 
2014-07-09T15:44:20.190+0200: 69.012: [GC [PSYoungGen: 9932K->1728K(11264K)] 23163K->14967K(27648K), 0.0026034 secs] [Times: user=0.00 sys=0.00, real=0.00 secs] 
2014-07-09T15:44:20.197+0200: 69.020: [GC [PSYoungGen: 7849K->5090K(11264K)] 21088K->21034K(27648K), 0.0103836 secs] [Times: user=0.03 sys=0.00, real=0.01 secs] 
2014-07-09T15:44:20.208+0200: 69.031: [Full GC [PSYoungGen: 5090K->0K(11264K)] [ParOldGen: 15943K->8332K(16384K)] 21034K->8332K(27648K) [PSPermGen: 2476K->2476K(21504K)], 0.0218689 secs] [Times: user=0.01 sys=0.00, real=0.02 secs] 
2014-07-09T15:44:20.233+0200: 69.055: [GC [PSYoungGen: 6122K->5090K(11264K)] 14455K->14095K(27648K), 0.0045839 secs] [Times: user=0.00 sys=0.00, real=0.00 secs] 
2014-07-09T15:44:20.279+0200: 69.102: [GC [PSYoungGen: 11213K->3681K(11264K)] 20218K->12694K(27648K), 0.0023603 secs] [Times: user=0.00 sys=0.00, real=0.00 secs] 
2014-07-09T15:44:20.284+0200: 69.107: [GC [PSYoungGen: 9804K->1600K(11264K)] 18817K->10621K(27648K), 0.0013998 secs] [Times: user=0.00 sys=0.00, real=0.00 secs] 
2014-07-09T15:44:20.288+0200: 69.111: [GC [PSYoungGen: 7721K->5090K(11264K)] 16742K->16688K(27648K), 0.0058491 secs] [Times: user=0.01 sys=0.00, real=0.01 secs] 
2014-07-09T15:44:20.329+0200: 69.152: [GC [PSYoungGen: 11234K->3457K(11264K)] 22832K->15055K(27648K), 0.0020986 secs] [Times: user=0.00 sys=0.00, real=0.00 secs] 
2014-07-09T15:44:20.378+0200: 69.201: [GC [PSYoungGen: 9580K->1376K(11264K)] 21178K->12982K(27648K), 0.0009752 secs] [Times: user=0.00 sys=0.00, real=0.00 secs] 
2014-07-09T15:44:20.381+0200: 69.204: [GC [PSYoungGen: 7497K->5090K(11264K)] 19103K->19049K(27648K), 0.0056160 secs] [Times: user=0.00 sys=0.00, real=0.01 secs] 
2014-07-09T15:44:20.387+0200: 69.210: [Full GC [PSYoungGen: 5090K->0K(11264K)] [ParOldGen: 13959K->7982K(16384K)] 19049K->7982K(27648K) [PSPermGen: 2476K->2476K(21504K)], 0.0098930 secs] [Times: user=0.03 sys=0.00, real=0.01 secs] 
2014-07-09T15:44:20.399+0200: 69.222: [GC [PSYoungGen: 6122K->5090K(11264K)] 14105K->13393K(27648K), 0.0042166 secs] [Times: user=0.03 sys=0.00, real=0.01 secs] 
2014-07-09T15:44:20.430+0200: 69.253: [GC [PSYoungGen: 11213K->3329K(11264K)] 19516K->11640K(27648K), 0.0019787 secs] [Times: user=0.00 sys=0.00, real=0.00 secs] 
2014-07-09T15:44:20.478+0200: 69.301: [GC [PSYoungGen: 9452K->1248K(11264K)] 17763K->9567K(27648K), 0.0022078 secs] [Times: user=0.02 sys=0.00, real=0.00 secs] 
2014-07-09T15:44:20.487+0200: 69.309: [GC [PSYoungGen: 7369K->5090K(11264K)] 15688K->15634K(27648K), 0.0097966 secs] [Times: user=0.00 sys=0.00, real=0.01 secs] 
2014-07-09T15:44:20.499+0200: 69.322: [GC [PSYoungGen: 11213K->5090K(11264K)] 21757K->15826K(27648K), 0.0045275 secs] [Times: user=0.00 sys=0.00, real=0.00 secs] 
2014-07-09T15:44:20.529+0200: 69.352: [GC [PSYoungGen: 11213K->3201K(11264K)] 21949K->13945K(27648K), 0.0027138 secs] [Times: user=0.00 sys=0.00, real=0.00 secs] 
2014-07-09T15:44:20.578+0200: 69.401: [GC [PSYoungGen: 9330K->96K(11264K)] 20074K->10848K(27648K), 0.0006060 secs] [Times: user=0.00 sys=0.00, real=0.00 secs] 
2014-07-09T15:44:20.580+0200: 69.403: [GC [PSYoungGen: 6217K->5090K(11264K)] 16969K->16915K(27648K), 0.0050928 secs] [Times: user=0.00 sys=0.00, real=0.01 secs] 
2014-07-09T15:44:20.588+0200: 69.411: [GC [PSYoungGen: 11211K->4129K(11264K)] 23036K->15954K(27648K), 0.0092122 secs] [Times: user=0.03 sys=0.00, real=0.01 secs] 
2014-07-09T15:44:20.628+0200: 69.451: [GC [PSYoungGen: 10250K->2048K(11264K)] 22075K->13881K(27648K), 0.0014665 secs] [Times: user=0.00 sys=0.00, real=0.00 secs] 
2014-07-09T15:44:20.632+0200: 69.455: [GC [PSYoungGen: 8169K->5090K(11264K)] 20002K->19948K(27648K), 0.0063298 secs] [Times: user=0.02 sys=0.00, real=0.01 secs] 
2014-07-09T15:44:20.639+0200: 69.462: [Full GC [PSYoungGen: 5090K->0K(11264K)] [ParOldGen: 14858K->8655K(16384K)] 19948K->8655K(27648K) [PSPermGen: 2476K->2476K(21504K)], 0.0117031 secs] [Times: user=0.00 sys=0.00, real=0.01 secs] 
2014-07-09T15:44:20.680+0200: 69.502: [GC [PSYoungGen: 6122K->5090K(11264K)] 14778K->14738K(27648K), 0.0045883 secs] [Times: user=0.03 sys=0.00, real=0.00 secs] 
2014-07-09T15:44:20.687+0200: 69.509: [GC [PSYoungGen: 11213K->4001K(11264K)] 20861K->13658K(27648K), 0.0029656 secs] [Times: user=0.00 sys=0.00, real=0.00 secs] 
2014-07-09T15:44:20.728+0200: 69.551: [GC [PSYoungGen: 10124K->1920K(11264K)] 19780K->11584K(27648K), 0.0012051 secs] [Times: user=0.00 sys=0.00, real=0.00 secs] 
2014-07-09T15:44:20.732+0200: 69.555: [GC [PSYoungGen: 8041K->5090K(11264K)] 17705K->17651K(27648K), 0.0059408 secs] [Times: user=0.00 sys=0.00, real=0.01 secs] 
2014-07-09T15:44:20.780+0200: 69.603: [GC [PSYoungGen: 11213K->5090K(11264K)] 23774K->18516K(27648K), 0.0044501 secs] [Times: user=0.00 sys=0.00, real=0.00 secs] 
2014-07-09T15:44:20.784+0200: 69.607: [Full GC [PSYoungGen: 5090K->0K(11264K)] [ParOldGen: 13425K->6348K(16384K)] 18516K->6348K(27648K) [PSPermGen: 2476K->2476K(21504K)], 0.0099403 secs] [Times: user=0.03 sys=0.00, real=0.01 secs] 
2014-07-09T15:44:20.797+0200: 69.620: [GC [PSYoungGen: 6122K->3873K(11264K)] 12471K->10222K(27648K), 0.0028978 secs] [Times: user=0.00 sys=0.00, real=0.00 secs] 
2014-07-09T15:44:20.828+0200: 69.651: [GC [PSYoungGen: 10008K->256K(11264K)] 16356K->6612K(27648K), 0.0005734 secs] [Times: user=0.00 sys=0.00, real=0.00 secs] 
2014-07-09T15:44:20.830+0200: 69.653: [GC [PSYoungGen: 6377K->5090K(11264K)] 12733K->12679K(27648K), 0.0047955 secs] [Times: user=0.00 sys=0.00, real=0.01 secs] 
2014-07-09T15:44:20.904+0200: 69.727: [GC [PSYoungGen: 11213K->4290K(11264K)] 18802K->11879K(27648K), 0.0046187 secs] [Times: user=0.00 sys=0.00, real=0.00 secs] 
2014-07-09T15:44:20.912+0200: 69.735: [GC [PSYoungGen: 10413K->2209K(11264K)] 18002K->9806K(27648K), 0.0015505 secs] [Times: user=0.00 sys=0.00, real=0.00 secs] 
2014-07-09T15:44:20.928+0200: 69.751: [GC [PSYoungGen: 8332K->96K(11264K)] 15929K->7709K(27648K), 0.0004623 secs] [Times: user=0.00 sys=0.00, real=0.00 secs] 
2014-07-09T15:44:20.931+0200: 69.754: [GC [PSYoungGen: 6217K->5090K(11264K)] 13830K->13808K(27648K), 0.0044670 secs] [Times: user=0.03 sys=0.00, real=0.00 secs] 
2014-07-09T15:44:20.981+0200: 69.804: [GC [PSYoungGen: 11211K->4162K(11264K)] 19929K->12879K(27648K), 0.0045429 secs] [Times: user=0.00 sys=0.00, real=0.01 secs] 
2014-07-09T15:44:20.991+0200: 69.814: [GC [PSYoungGen: 10282K->2080K(11264K)] 19000K->10806K(27648K), 0.0032314 secs] [Times: user=0.00 sys=0.00, real=0.00 secs] 
2014-07-09T15:44:21.000+0200: 69.823: [GC [PSYoungGen: 8201K->5090K(11264K)] 16927K->16873K(27648K), 0.0090406 secs] [Times: user=0.00 sys=0.00, real=0.01 secs] 
2014-07-09T15:44:21.030+0200: 69.853: [GC [PSYoungGen: 11213K->5090K(11264K)] 22996K->17898K(27648K), 0.0050668 secs] [Times: user=0.00 sys=0.00, real=0.01 secs] 
2014-07-09T15:44:21.079+0200: 69.902: [GC [PSYoungGen: 11224K->2497K(11264K)] 24032K->15312K(27648K), 0.0027152 secs] [Times: user=0.00 sys=0.00, real=0.00 secs] 
2014-07-09T15:44:21.086+0200: 69.909: [GC [PSYoungGen: 8620K->416K(11264K)] 21435K->13239K(27648K), 0.0019871 secs] [Times: user=0.00 sys=0.00, real=0.00 secs] 
2014-07-09T15:44:21.093+0200: 69.916: [GC [PSYoungGen: 6537K->5090K(11264K)] 19360K->19306K(27648K), 0.0062873 secs] [Times: user=0.00 sys=0.00, real=0.01 secs] 
2014-07-09T15:44:21.100+0200: 69.923: [Full GC [PSYoungGen: 5090K->0K(11264K)] [ParOldGen: 14216K->6993K(16384K)] 19306K->6993K(27648K) [PSPermGen: 2476K->2476K(21504K)], 0.0124990 secs] [Times: user=0.02 sys=0.00, real=0.01 secs] 
2014-07-09T15:44:21.130+0200: 69.952: [GC [PSYoungGen: 6122K->4450K(11264K)] 13116K->11443K(27648K), 0.0030159 secs] [Times: user=0.00 sys=0.00, real=0.00 secs] 
2014-07-09T15:44:21.179+0200: 70.002: [GC [PSYoungGen: 10573K->2369K(11264K)] 17566K->9370K(27648K), 0.0016480 secs] [Times: user=0.00 sys=0.00, real=0.00 secs] 
2014-07-09T15:44:21.183+0200: 70.006: [GC [PSYoungGen: 8492K->288K(11264K)] 15493K->7297K(27648K), 0.0008678 secs] [Times: user=0.00 sys=0.00, real=0.00 secs] 
2014-07-09T15:44:21.187+0200: 70.009: [GC [PSYoungGen: 6409K->5090K(11264K)] 13418K->13364K(27648K), 0.0052614 secs] [Times: user=0.00 sys=0.00, real=0.00 secs] 
2014-07-09T15:44:21.230+0200: 70.053: [GC [PSYoungGen: 11213K->4322K(11264K)] 19487K->12595K(27648K), 0.0033521 secs] [Times: user=0.00 sys=0.00, real=0.00 secs] 
2014-07-09T15:44:21.278+0200: 70.101: [GC [PSYoungGen: 10445K->2241K(11264K)] 18718K->10522K(27648K), 0.0016795 secs] [Times: user=0.00 sys=0.00, real=0.00 secs] 
2014-07-09T15:44:21.284+0200: 70.107: [GC [PSYoungGen: 8384K->160K(11264K)] 16666K->8449K(27648K), 0.0007890 secs] [Times: user=0.00 sys=0.00, real=0.00 secs] 
2014-07-09T15:44:21.287+0200: 70.110: [GC [PSYoungGen: 6272K->5090K(11264K)] 14561K->13932K(27648K), 0.0050224 secs] [Times: user=0.03 sys=0.00, real=0.01 secs] 
2014-07-09T15:44:21.329+0200: 70.152: [GC [PSYoungGen: 11218K->2529K(11264K)] 20060K->11379K(27648K), 0.0022584 secs] [Times: user=0.00 sys=0.00, real=0.00 secs] 
2014-07-09T15:44:21.379+0200: 70.202: [GC [PSYoungGen: 8652K->448K(11264K)] 17502K->9306K(27648K), 0.0018485 secs] [Times: user=0.00 sys=0.00, real=0.00 secs] 
2014-07-09T15:44:21.384+0200: 70.207: [GC [PSYoungGen: 6569K->5090K(11264K)] 15427K->15373K(27648K), 0.0087011 secs] [Times: user=0.03 sys=0.00, real=0.01 secs] 
2014-07-09T15:44:21.397+0200: 70.220: [GC [PSYoungGen: 11213K->4482K(11264K)] 21496K->14764K(27648K), 0.0063074 secs] [Times: user=0.03 sys=0.00, real=0.01 secs] 
2014-07-09T15:44:21.431+0200: 70.254: [GC [PSYoungGen: 10605K->2369K(11264K)] 20887K->12659K(27648K), 0.0053271 secs] [Times: user=0.01 sys=0.00, real=0.01 secs] 
2014-07-09T15:44:21.478+0200: 70.301: [GC [PSYoungGen: 8492K->320K(11264K)] 18782K->10618K(27648K), 0.0006141 secs] [Times: user=0.00 sys=0.00, real=0.00 secs] 
2014-07-09T15:44:21.481+0200: 70.304: [GC [PSYoungGen: 6441K->5090K(11264K)] 16739K->16685K(27648K), 0.0045165 secs] [Times: user=0.00 sys=0.00, real=0.01 secs] 
2014-07-09T15:44:21.489+0200: 70.312: [GC [PSYoungGen: 11213K->4354K(11264K)] 22808K->15949K(27648K), 0.0031478 secs] [Times: user=0.00 sys=0.00, real=0.00 secs] 
2014-07-09T15:44:21.528+0200: 70.351: [GC [PSYoungGen: 10480K->1248K(11264K)] 22075K->12851K(27648K), 0.0007695 secs] [Times: user=0.00 sys=0.00, real=0.00 secs] 
2014-07-09T15:44:21.531+0200: 70.354: [GC [PSYoungGen: 7369K->5090K(11264K)] 18972K->18918K(27648K), 0.0053362 secs] [Times: user=0.00 sys=0.00, real=0.01 secs] 
2014-07-09T15:44:21.537+0200: 70.360: [Full GC [PSYoungGen: 5090K->0K(11264K)] [ParOldGen: 13828K->7836K(16384K)] 18918K->7836K(27648K) [PSPermGen: 2476K->2476K(21504K)], 0.0099242 secs] [Times: user=0.02 sys=0.00, real=0.01 secs] 
2014-07-09T15:44:21.579+0200: 70.402: [GC [PSYoungGen: 6122K->5090K(11264K)] 13959K->13118K(27648K), 0.0040083 secs] [Times: user=0.00 sys=0.00, real=0.00 secs] 
2014-07-09T15:44:21.585+0200: 70.408: [GC [PSYoungGen: 11213K->3201K(11264K)] 19241K->11237K(27648K), 0.0023820 secs] [Times: user=0.00 sys=0.00, real=0.00 secs] 
2014-07-09T15:44:21.628+0200: 70.451: [GC [PSYoungGen: 9324K->1120K(11264K)] 17360K->9164K(27648K), 0.0007464 secs] [Times: user=0.00 sys=0.00, real=0.00 secs] 
2014-07-09T15:44:21.631+0200: 70.454: [GC [PSYoungGen: 7241K->5090K(11264K)] 15285K->15231K(27648K), 0.0056915 secs] [Times: user=0.03 sys=0.00, real=0.01 secs] 
2014-07-09T15:44:21.679+0200: 70.502: [GC [PSYoungGen: 11213K->5090K(11264K)] 21354K->15295K(27648K), 0.0039493 secs] [Times: user=0.03 sys=0.00, real=0.00 secs] 
2014-07-09T15:44:21.685+0200: 70.508: [GC [PSYoungGen: 11213K->3073K(11264K)] 21418K->13286K(27648K), 0.0024175 secs] [Times: user=0.00 sys=0.00, real=0.00 secs] 
2014-07-09T15:44:21.728+0200: 70.551: [GC [PSYoungGen: 9196K->992K(11264K)] 19409K->11213K(27648K), 0.0019142 secs] [Times: user=0.01 sys=0.00, real=0.00 secs] 
2014-07-09T15:44:21.734+0200: 70.557: [GC [PSYoungGen: 7113K->5090K(11264K)] 17334K->17280K(27648K), 0.0095356 secs] [Times: user=0.00 sys=0.00, real=0.01 secs] 
2014-07-09T15:44:21.780+0200: 70.603: [GC [PSYoungGen: 11213K->5026K(11264K)] 23403K->17216K(27648K), 0.0036076 secs] [Times: user=0.00 sys=0.00, real=0.00 secs] 
2014-07-09T15:44:21.786+0200: 70.609: [GC [PSYoungGen: 11149K->2945K(11264K)] 23339K->15143K(27648K), 0.0025022 secs] [Times: user=0.00 sys=0.00, real=0.00 secs] 
2014-07-09T15:44:21.791+0200: 70.614: [GC [PSYoungGen: 9089K->384K(11264K)] 21287K->12590K(27648K), 0.0013147 secs] [Times: user=0.03 sys=0.00, real=0.00 secs] 
2014-07-09T15:44:21.830+0200: 70.653: [GC [PSYoungGen: 6501K->4930K(11264K)] 18707K->17144K(27648K), 0.0035724 secs] [Times: user=0.00 sys=0.00, real=0.00 secs] 
2014-07-09T15:44:21.879+0200: 70.702: [GC [PSYoungGen: 11053K->2849K(11264K)] 23267K->15071K(27648K), 0.0021899 secs] [Times: user=0.00 sys=0.00, real=0.00 secs] 
2014-07-09T15:44:21.884+0200: 70.707: [GC [PSYoungGen: 8972K->768K(11264K)] 21194K->12998K(27648K), 0.0011369 secs] [Times: user=0.03 sys=0.00, real=0.00 secs] 
2014-07-09T15:44:21.889+0200: 70.712: [GC [PSYoungGen: 6889K->5090K(11264K)] 19119K->19065K(27648K), 0.0054572 secs] [Times: user=0.00 sys=0.00, real=0.01 secs] 
2014-07-09T15:44:21.930+0200: 70.753: [GC [PSYoungGen: 11213K->4802K(11264K)] 25188K->18777K(27648K), 0.0037891 secs] [Times: user=0.03 sys=0.00, real=0.00 secs] 
2014-07-09T15:44:21.978+0200: 70.801: [GC [PSYoungGen: 10925K->2721K(11264K)] 24900K->16704K(27648K), 0.0015032 secs] [Times: user=0.03 sys=0.00, real=0.00 secs] 
2014-07-09T15:44:21.982+0200: 70.805: [GC [PSYoungGen: 8844K->640K(11264K)] 22827K->14631K(27648K), 0.0009008 secs] [Times: user=0.00 sys=0.00, real=0.00 secs] 
2014-07-09T15:44:21.985+0200: 70.808: [GC [PSYoungGen: 6761K->5090K(11264K)] 20752K->20698K(27648K), 0.0053271 secs] [Times: user=0.00 sys=0.00, real=0.01 secs] 
2014-07-09T15:44:21.991+0200: 70.814: [Full GC [PSYoungGen: 5090K->0K(11264K)] [ParOldGen: 15607K->7231K(16384K)] 20698K->7231K(27648K) [PSPermGen: 2476K->2476K(21504K)], 0.0133895 secs] [Times: user=0.01 sys=0.00, real=0.01 secs] 
2014-07-09T15:44:22.029+0200: 70.852: [GC [PSYoungGen: 6122K->4642K(11264K)] 13354K->11873K(27648K), 0.0044912 secs] [Times: user=0.00 sys=0.00, real=0.00 secs] 
2014-07-09T15:44:22.081+0200: 70.904: [GC [PSYoungGen: 10768K->1536K(11264K)] 18000K->8776K(27648K), 0.0012990 secs] [Times: user=0.00 sys=0.00, real=0.00 secs] 
2014-07-09T15:44:22.085+0200: 70.908: [GC [PSYoungGen: 7657K->5090K(11264K)] 14897K->14875K(27648K), 0.0057106 secs] [Times: user=0.02 sys=0.00, real=0.01 secs] 
2014-07-09T15:44:22.093+0200: 70.916: [GC [PSYoungGen: 11213K->5090K(11264K)] 20998K->15387K(27648K), 0.0043709 secs] [Times: user=0.00 sys=0.00, real=0.00 secs] 
2014-07-09T15:44:22.129+0200: 70.952: [GC [PSYoungGen: 11213K->3521K(11264K)] 21510K->13826K(27648K), 0.0022426 secs] [Times: user=0.00 sys=0.00, real=0.00 secs] 
2014-07-09T15:44:22.179+0200: 71.002: [GC [PSYoungGen: 9644K->1440K(11264K)] 19949K->11753K(27648K), 0.0020938 secs] [Times: user=0.02 sys=0.00, real=0.00 secs] 
2014-07-09T15:44:22.186+0200: 71.009: [GC [PSYoungGen: 7561K->5090K(11264K)] 17874K->17820K(27648K), 0.0090274 secs] [Times: user=0.00 sys=0.00, real=0.01 secs] 
2014-07-09T15:44:22.200+0200: 71.023: [GC [PSYoungGen: 11213K->5090K(11264K)] 23943K->18205K(27648K), 0.0064324 secs] [Times: user=0.00 sys=0.00, real=0.01 secs] 
2014-07-09T15:44:22.230+0200: 71.052: [GC [PSYoungGen: 11213K->3393K(11264K)] 24328K->16516K(27648K), 0.0022650 secs] [Times: user=0.00 sys=0.00, real=0.00 secs] 
2014-07-09T15:44:22.279+0200: 71.102: [GC [PSYoungGen: 9516K->1312K(11264K)] 22639K->14443K(27648K), 0.0021385 secs] [Times: user=0.00 sys=0.00, real=0.00 secs] 
2014-07-09T15:44:22.285+0200: 71.108: [GC [PSYoungGen: 7433K->5090K(11264K)] 20564K->20510K(27648K), 0.0095825 secs] [Times: user=0.03 sys=0.00, real=0.01 secs] 
2014-07-09T15:44:22.295+0200: 71.118: [Full GC [PSYoungGen: 5090K->0K(11264K)] [ParOldGen: 15419K->7904K(16384K)] 20510K->7904K(27648K) [PSPermGen: 2476K->2476K(21504K)], 0.0148208 secs] [Times: user=0.03 sys=0.00, real=0.02 secs] 
2014-07-09T15:44:22.314+0200: 71.137: [GC [PSYoungGen: 6122K->5090K(11264K)] 14027K->13251K(27648K), 0.0042235 secs] [Times: user=0.00 sys=0.00, real=0.01 secs] 
2014-07-09T15:44:22.328+0200: 71.151: [GC [PSYoungGen: 11228K->1568K(11264K)] 19389K->9737K(27648K), 0.0019669 secs] [Times: user=0.00 sys=0.00, real=0.00 secs] 
2014-07-09T15:44:22.332+0200: 71.155: [GC [PSYoungGen: 7689K->5090K(11264K)] 15858K->15828K(27648K), 0.0184299 secs] [Times: user=0.02 sys=0.00, real=0.02 secs] 
2014-07-09T15:44:22.379+0200: 71.202: [GC [PSYoungGen: 11213K->5090K(11264K)] 21951K->16372K(27648K), 0.0042228 secs] [Times: user=0.00 sys=0.00, real=0.00 secs] 
2014-07-09T15:44:22.386+0200: 71.209: [GC [PSYoungGen: 11213K->3553K(11264K)] 22495K->14843K(27648K), 0.0030742 secs] [Times: user=0.00 sys=0.00, real=0.00 secs] 
2014-07-09T15:44:22.428+0200: 71.251: [GC [PSYoungGen: 9676K->1472K(11264K)] 20966K->12770K(27648K), 0.0008979 secs] [Times: user=0.00 sys=0.00, real=0.00 secs] 
2014-07-09T15:44:22.431+0200: 71.254: [GC [PSYoungGen: 7593K->5090K(11264K)] 18891K->18837K(27648K), 0.0058693 secs] [Times: user=0.00 sys=0.00, real=0.01 secs] 
2014-07-09T15:44:22.437+0200: 71.260: [Full GC [PSYoungGen: 5090K->0K(11264K)] [ParOldGen: 13747K->8066K(16384K)] 18837K->8066K(27648K) [PSPermGen: 2476K->2476K(21504K)], 0.0104976 secs] [Times: user=0.02 sys=0.00, real=0.01 secs] 
2014-07-09T15:44:22.481+0200: 71.304: [GC [PSYoungGen: 6122K->5090K(11264K)] 14189K->13573K(27648K), 0.0070825 secs] [Times: user=0.00 sys=0.00, real=0.01 secs] 
2014-07-09T15:44:22.495+0200: 71.318: [GC [PSYoungGen: 11213K->3425K(11264K)] 19696K->11916K(27648K), 0.0049044 secs] [Times: user=0.00 sys=0.00, real=0.01 secs] 
2014-07-09T15:44:22.528+0200: 71.351: [GC [PSYoungGen: 9548K->1312K(11264K)] 18039K->9811K(27648K), 0.0187382 secs] [Times: user=0.02 sys=0.00, real=0.02 secs] 
2014-07-09T15:44:22.550+0200: 71.373: [GC [PSYoungGen: 7433K->5090K(11264K)] 15932K->15902K(27648K), 0.0082098 secs] [Times: user=0.02 sys=0.00, real=0.01 secs] 
2014-07-09T15:44:22.579+0200: 71.402: [GC [PSYoungGen: 11222K->3841K(11264K)] 22034K->14653K(27648K), 0.0025345 secs] [Times: user=0.00 sys=0.00, real=0.00 secs] 
2014-07-09T15:44:22.584+0200: 71.407: [GC [PSYoungGen: 9964K->1760K(11264K)] 20776K->12580K(27648K), 0.0013811 secs] [Times: user=0.00 sys=0.00, real=0.00 secs] 
2014-07-09T15:44:22.588+0200: 71.411: [GC [PSYoungGen: 7881K->5090K(11264K)] 18701K->18647K(27648K), 0.0056266 secs] [Times: user=0.00 sys=0.00, real=0.01 secs] 
2014-07-09T15:44:22.594+0200: 71.417: [Full GC [PSYoungGen: 5090K->0K(11264K)] [ParOldGen: 13557K->8355K(16384K)] 18647K->8355K(27648K) [PSPermGen: 2476K->2476K(21504K)], 0.0107146 secs] [Times: user=0.01 sys=0.00, real=0.01 secs] 
2014-07-09T15:44:22.629+0200: 71.452: [GC [PSYoungGen: 6122K->5090K(11264K)] 14478K->14150K(27648K), 0.0044673 secs] [Times: user=0.02 sys=0.00, real=0.01 secs] 
2014-07-09T15:44:22.679+0200: 71.502: [GC [PSYoungGen: 11213K->3713K(11264K)] 20273K->12781K(27648K), 0.0031530 secs] [Times: user=0.01 sys=0.00, real=0.00 secs] 
2014-07-09T15:44:22.684+0200: 71.507: [GC [PSYoungGen: 9836K->1632K(11264K)] 18904K->10708K(27648K), 0.0012612 secs] [Times: user=0.00 sys=0.00, real=0.00 secs] 
2014-07-09T15:44:22.688+0200: 71.511: [GC [PSYoungGen: 7753K->5090K(11264K)] 16829K->16775K(27648K), 0.0058788 secs] [Times: user=0.00 sys=0.00, real=0.01 secs] 
2014-07-09T15:44:22.730+0200: 71.553: [GC [PSYoungGen: 11213K->5090K(11264K)] 22898K->17351K(27648K), 0.0044849 secs] [Times: user=0.00 sys=0.00, real=0.00 secs] 
2014-07-09T15:44:22.781+0200: 71.604: [GC [PSYoungGen: 11213K->3585K(11264K)] 23474K->15855K(27648K), 0.0038961 secs] [Times: user=0.00 sys=0.00, real=0.00 secs] 
2014-07-09T15:44:22.790+0200: 71.613: [GC [PSYoungGen: 9708K->1504K(11264K)] 21978K->13782K(27648K), 0.0027574 secs] [Times: user=0.00 sys=0.00, real=0.00 secs] 
2014-07-09T15:44:22.798+0200: 71.621: [GC [PSYoungGen: 7625K->5090K(11264K)] 19903K->19849K(27648K), 0.0089083 secs] [Times: user=0.03 sys=0.00, real=0.01 secs] 
2014-07-09T15:44:22.807+0200: 71.630: [Full GC [PSYoungGen: 5090K->0K(11264K)] [ParOldGen: 14758K->8099K(16384K)] 19849K->8099K(27648K) [PSPermGen: 2476K->2476K(21504K)], 0.0121232 secs] [Times: user=0.00 sys=0.00, real=0.01 secs] 
2014-07-09T15:44:22.829+0200: 71.652: [GC [PSYoungGen: 6132K->4001K(11264K)] 14231K->12101K(27648K), 0.0031801 secs] [Times: user=0.00 sys=0.00, real=0.00 secs] 
2014-07-09T15:44:22.878+0200: 71.701: [GC [PSYoungGen: 10124K->1888K(11264K)] 18224K->9996K(27648K), 0.0017026 secs] [Times: user=0.00 sys=0.00, real=0.00 secs] 
2014-07-09T15:44:22.883+0200: 71.706: [GC [PSYoungGen: 8009K->5090K(11264K)] 16117K->16087K(27648K), 0.0104866 secs] [Times: user=0.00 sys=0.00, real=0.01 secs] 
2014-07-09T15:44:22.897+0200: 71.720: [GC [PSYoungGen: 11213K->5090K(11264K)] 22210K->16919K(27648K), 0.0056647 secs] [Times: user=0.02 sys=0.00, real=0.01 secs] 
2014-07-09T15:44:22.929+0200: 71.752: [GC [PSYoungGen: 11213K->3873K(11264K)] 23042K->15711K(27648K), 0.0042169 secs] [Times: user=0.02 sys=0.00, real=0.00 secs] 
2014-07-09T15:44:22.979+0200: 71.802: [GC [PSYoungGen: 9996K->1792K(11264K)] 21834K->13638K(27648K), 0.0009694 secs] [Times: user=0.00 sys=0.00, real=0.00 secs] 
2014-07-09T15:44:22.983+0200: 71.806: [GC [PSYoungGen: 7913K->5090K(11264K)] 19759K->19705K(27648K), 0.0058961 secs] [Times: user=0.00 sys=0.00, real=0.01 secs] 
2014-07-09T15:44:22.989+0200: 71.812: [Full GC [PSYoungGen: 5090K->0K(11264K)] [ParOldGen: 14614K->8388K(16384K)] 19705K->8388K(27648K) [PSPermGen: 2476K->2476K(21504K)], 0.0108719 secs] [Times: user=0.02 sys=0.00, real=0.01 secs] 
2014-07-09T15:44:23.002+0200: 71.825: [GC [PSYoungGen: 6122K->5090K(11264K)] 14511K->14215K(27648K), 0.0044431 secs] [Times: user=0.00 sys=0.00, real=0.00 secs] 
2014-07-09T15:44:23.029+0200: 71.852: [GC [PSYoungGen: 11213K->3745K(11264K)] 20338K->12878K(27648K), 0.0026914 secs] [Times: user=0.00 sys=0.00, real=0.00 secs] 
2014-07-09T15:44:23.078+0200: 71.901: [GC [PSYoungGen: 9874K->608K(11264K)] 19007K->9749K(27648K), 0.0009536 secs] [Times: user=0.00 sys=0.00, real=0.00 secs] 
2014-07-09T15:44:23.082+0200: 71.905: [GC [PSYoungGen: 6729K->5090K(11264K)] 15870K->15840K(27648K), 0.0150617 secs] [Times: user=0.00 sys=0.00, real=0.01 secs] 
2014-07-09T15:44:23.100+0200: 71.923: [GC [PSYoungGen: 11213K->4674K(11264K)] 21963K->15424K(27648K), 0.0036622 secs] [Times: user=0.03 sys=0.00, real=0.00 secs] 
2014-07-09T15:44:23.129+0200: 71.952: [GC [PSYoungGen: 10797K->2593K(11264K)] 21547K->13351K(27648K), 0.0016084 secs] [Times: user=0.00 sys=0.00, real=0.00 secs] 
2014-07-09T15:44:23.179+0200: 72.002: [GC [PSYoungGen: 8716K->512K(11264K)] 19474K->11278K(27648K), 0.0018375 secs] [Times: user=0.03 sys=0.00, real=0.00 secs] 
2014-07-09T15:44:23.184+0200: 72.007: [GC [PSYoungGen: 6633K->5090K(11264K)] 17399K->17345K(27648K), 0.0090777 secs] [Times: user=0.00 sys=0.00, real=0.01 secs] 
2014-07-09T15:44:23.198+0200: 72.021: [GC [PSYoungGen: 11213K->4546K(11264K)] 23468K->16800K(27648K), 0.0036303 secs] [Times: user=0.00 sys=0.00, real=0.00 secs] 
2014-07-09T15:44:23.228+0200: 72.051: [GC [PSYoungGen: 10669K->2465K(11264K)] 22923K->14727K(27648K), 0.0011827 secs] [Times: user=0.00 sys=0.00, real=0.00 secs] 
2014-07-09T15:44:23.278+0200: 72.101: [GC [PSYoungGen: 8588K->384K(11264K)] 20850K->12654K(27648K), 0.0006009 secs] [Times: user=0.00 sys=0.00, real=0.00 secs] 
2014-07-09T15:44:23.281+0200: 72.104: [GC [PSYoungGen: 6505K->5090K(11264K)] 18775K->18721K(27648K), 0.0050371 secs] [Times: user=0.00 sys=0.00, real=0.01 secs] 
2014-07-09T15:44:23.286+0200: 72.109: [Full GC [PSYoungGen: 5090K->0K(11264K)] [ParOldGen: 13631K->6980K(16384K)] 18721K->6980K(27648K) [PSPermGen: 2476K->2476K(21504K)], 0.0095268 secs] [Times: user=0.02 sys=0.00, real=0.01 secs] 
2014-07-09T15:44:23.299+0200: 72.122: [GC [PSYoungGen: 6138K->2753K(11264K)] 13118K->9733K(27648K), 0.0021946 secs] [Times: user=0.00 sys=0.00, real=0.00 secs] 
2014-07-09T15:44:23.328+0200: 72.151: [GC [PSYoungGen: 8882K->160K(11264K)] 15862K->7148K(27648K), 0.0004935 secs] [Times: user=0.00 sys=0.00, real=0.00 secs] 
2014-07-09T15:44:23.331+0200: 72.154: [GC [PSYoungGen: 6281K->5090K(11264K)] 13269K->13215K(27648K), 0.0045531 secs] [Times: user=0.00 sys=0.00, real=0.00 secs] 
2014-07-09T15:44:23.381+0200: 72.204: [GC [PSYoungGen: 11213K->4194K(11264K)] 19338K->12319K(27648K), 0.0050110 secs] [Times: user=0.03 sys=0.00, real=0.00 secs] 
2014-07-09T15:44:23.391+0200: 72.214: [GC [PSYoungGen: 10315K->2113K(11264K)] 18440K->10246K(27648K), 0.0028908 secs] [Times: user=0.00 sys=0.00, real=0.00 secs] 
2014-07-09T15:44:23.400+0200: 72.223: [GC [PSYoungGen: 8233K->5090K(11264K)] 16367K->16313K(27648K), 0.0085787 secs] [Times: user=0.00 sys=0.00, real=0.01 secs] 
2014-07-09T15:44:23.430+0200: 72.253: [GC [PSYoungGen: 11212K->5090K(11264K)] 22435K->17369K(27648K), 0.0051258 secs] [Times: user=0.00 sys=0.00, real=0.00 secs] 
2014-07-09T15:44:23.480+0200: 72.303: [GC [PSYoungGen: 11213K->4065K(11264K)] 23492K->16353K(27648K), 0.0048941 secs] [Times: user=0.00 sys=0.00, real=0.00 secs] 
2014-07-09T15:44:23.490+0200: 72.313: [GC [PSYoungGen: 10188K->1984K(11264K)] 22476K->14280K(27648K), 0.0037704 secs] [Times: user=0.03 sys=0.00, real=0.00 secs] 
2014-07-09T15:44:23.498+0200: 72.321: [GC [PSYoungGen: 8105K->5090K(11264K)] 20401K->20347K(27648K), 0.0066154 secs] [Times: user=0.00 sys=0.00, real=0.01 secs] 
2014-07-09T15:44:23.504+0200: 72.327: [Full GC [PSYoungGen: 5090K->0K(11264K)] [ParOldGen: 15256K->8583K(16384K)] 20347K->8583K(27648K) [PSPermGen: 2476K->2476K(21504K)], 0.0220368 secs] [Times: user=0.03 sys=0.00, real=0.02 secs] 
2014-07-09T15:44:23.530+0200: 72.353: [GC [PSYoungGen: 6128K->4994K(11264K)] 14712K->13578K(27648K), 0.0035431 secs] [Times: user=0.00 sys=0.00, real=0.00 secs] 
2014-07-09T15:44:23.578+0200: 72.401: [GC [PSYoungGen: 11117K->2913K(11264K)] 19701K->11505K(27648K), 0.0015208 secs] [Times: user=0.00 sys=0.00, real=0.00 secs] 
2014-07-09T15:44:23.582+0200: 72.406: [GC [PSYoungGen: 9036K->832K(11264K)] 17628K->9432K(27648K), 0.0009474 secs] [Times: user=0.00 sys=0.00, real=0.00 secs] 
2014-07-09T15:44:23.586+0200: 72.409: [GC [PSYoungGen: 6953K->5090K(11264K)] 15553K->15499K(27648K), 0.0055247 secs] [Times: user=0.00 sys=0.00, real=0.01 secs] 
2014-07-09T15:44:23.629+0200: 72.452: [GC [PSYoungGen: 11213K->4866K(11264K)] 21622K->15274K(27648K), 0.0035211 secs] [Times: user=0.03 sys=0.00, real=0.00 secs] 
2014-07-09T15:44:23.680+0200: 72.503: [GC [PSYoungGen: 10989K->2785K(11264K)] 21397K->13201K(27648K), 0.0031420 secs] [Times: user=0.00 sys=0.00, real=0.00 secs] 
2014-07-09T15:44:23.687+0200: 72.510: [GC [PSYoungGen: 8908K->704K(11264K)] 19324K->11128K(27648K), 0.0019435 secs] [Times: user=0.00 sys=0.00, real=0.00 secs] 
2014-07-09T15:44:23.694+0200: 72.517: [GC [PSYoungGen: 6825K->5090K(11264K)] 17249K->17195K(27648K), 0.0120121 secs] [Times: user=0.03 sys=0.00, real=0.01 secs] 
2014-07-09T15:44:23.729+0200: 72.552: [GC [PSYoungGen: 11213K->4738K(11264K)] 23318K->16843K(27648K), 0.0039390 secs] [Times: user=0.00 sys=0.00, real=0.00 secs] 
2014-07-09T15:44:23.779+0200: 72.602: [GC [PSYoungGen: 10861K->2657K(11264K)] 22966K->14770K(27648K), 0.0017143 secs] [Times: user=0.00 sys=0.00, real=0.00 secs] 
2014-07-09T15:44:23.783+0200: 72.606: [GC [PSYoungGen: 8780K->576K(11264K)] 20893K->12697K(27648K), 0.0010551 secs] [Times: user=0.00 sys=0.00, real=0.00 secs] 
2014-07-09T15:44:23.787+0200: 72.610: [GC [PSYoungGen: 6697K->5090K(11264K)] 18818K->18764K(27648K), 0.0056361 secs] [Times: user=0.03 sys=0.00, real=0.01 secs] 
2014-07-09T15:44:23.793+0200: 72.616: [Full GC [PSYoungGen: 5090K->0K(11264K)] [ParOldGen: 13674K->7175K(16384K)] 18764K->7175K(27648K) [PSPermGen: 2476K->2476K(21504K)], 0.0135567 secs] [Times: user=0.03 sys=0.00, real=0.01 secs] 
2014-07-09T15:44:23.829+0200: 72.652: [GC [PSYoungGen: 6132K->3073K(11264K)] 13307K->10249K(27648K), 0.0019831 secs] [Times: user=0.00 sys=0.00, real=0.00 secs] 
2014-07-09T15:44:23.878+0200: 72.701: [GC [PSYoungGen: 9196K->960K(11264K)] 16372K->8144K(27648K), 0.0069443 secs] [Times: user=0.02 sys=0.00, real=0.01 secs] 
2014-07-09T15:44:23.888+0200: 72.711: [GC [PSYoungGen: 7081K->5090K(11264K)] 14265K->14243K(27648K), 0.0052801 secs] [Times: user=0.00 sys=0.00, real=0.00 secs] 
2014-07-09T15:44:23.896+0200: 72.719: [GC [PSYoungGen: 11213K->5026K(11264K)] 20365K->14178K(27648K), 0.0041553 secs] [Times: user=0.03 sys=0.00, real=0.00 secs] 
2014-07-09T15:44:23.929+0200: 72.752: [GC [PSYoungGen: 11149K->2945K(11264K)] 20301K->12105K(27648K), 0.0018166 secs] [Times: user=0.00 sys=0.00, real=0.00 secs] 
2014-07-09T15:44:23.978+0200: 72.801: [GC [PSYoungGen: 9068K->864K(11264K)] 18228K->10032K(27648K), 0.0016527 secs] [Times: user=0.00 sys=0.00, real=0.00 secs] 
2014-07-09T15:44:23.985+0200: 72.808: [GC [PSYoungGen: 6985K->5090K(11264K)] 16153K->16099K(27648K), 0.0089820 secs] [Times: user=0.03 sys=0.00, real=0.01 secs] 
2014-07-09T15:44:24.002+0200: 72.825: [GC [PSYoungGen: 11213K->4898K(11264K)] 22222K->15907K(27648K), 0.0057824 secs] [Times: user=0.03 sys=0.00, real=0.00 secs] 
2014-07-09T15:44:24.029+0200: 72.852: [GC [PSYoungGen: 11021K->2817K(11264K)] 22030K->13834K(27648K), 0.0020282 secs] [Times: user=0.00 sys=0.00, real=0.00 secs] 
2014-07-09T15:44:24.033+0200: 72.857: [GC [PSYoungGen: 8959K->928K(11264K)] 19976K->11953K(27648K), 0.0010537 secs] [Times: user=0.00 sys=0.00, real=0.00 secs] 
2014-07-09T15:44:24.081+0200: 72.904: [GC [PSYoungGen: 7041K->5090K(11264K)] 18066K->16347K(27648K), 0.0067716 secs] [Times: user=0.03 sys=0.00, real=0.01 secs] 
2014-07-09T15:44:24.092+0200: 72.915: [GC [PSYoungGen: 11213K->3233K(11264K)] 22470K->14499K(27648K), 0.0043709 secs] [Times: user=0.00 sys=0.00, real=0.00 secs] 
2014-07-09T15:44:24.129+0200: 72.952: [GC [PSYoungGen: 9356K->1120K(11264K)] 20622K->12394K(27648K), 0.0235436 secs] [Times: user=0.01 sys=0.00, real=0.02 secs] 
2014-07-09T15:44:24.157+0200: 72.980: [GC [PSYoungGen: 7241K->5090K(11264K)] 18515K->18493K(27648K), 0.0051529 secs] [Times: user=0.00 sys=0.00, real=0.00 secs] 
2014-07-09T15:44:24.179+0200: 73.002: [GC [PSYoungGen: 11213K->5090K(11264K)] 24616K->18589K(27648K), 0.0038661 secs] [Times: user=0.00 sys=0.00, real=0.00 secs] 
2014-07-09T15:44:24.186+0200: 73.009: [GC [PSYoungGen: 11213K->3105K(11264K)] 24712K->16612K(27648K), 0.0020307 secs] [Times: user=0.00 sys=0.00, real=0.00 secs] 
2014-07-09T15:44:24.228+0200: 73.051: [GC [PSYoungGen: 9228K->1024K(11264K)] 22735K->14539K(27648K), 0.0007443 secs] [Times: user=0.00 sys=0.00, real=0.00 secs] 
2014-07-09T15:44:24.231+0200: 73.054: [GC [PSYoungGen: 7145K->5090K(11264K)] 20660K->20606K(27648K), 0.0054539 secs] [Times: user=0.00 sys=0.00, real=0.01 secs] 
2014-07-09T15:44:24.236+0200: 73.059: [Full GC [PSYoungGen: 5090K->0K(11264K)] [ParOldGen: 15515K->7626K(16384K)] 20606K->7626K(27648K) [PSPermGen: 2476K->2476K(21504K)], 0.0101339 secs] [Times: user=0.02 sys=0.00, real=0.01 secs] 
2014-07-09T15:44:24.281+0200: 73.104: [GC [PSYoungGen: 6122K->5058K(11264K)] 13749K->12684K(27648K), 0.0062950 secs] [Times: user=0.02 sys=0.00, real=0.01 secs] 
2014-07-09T15:44:24.293+0200: 73.116: [GC [PSYoungGen: 11181K->2977K(11264K)] 18807K->10611K(27648K), 0.0056152 secs] [Times: user=0.00 sys=0.00, real=0.01 secs] 
2014-07-09T15:44:24.304+0200: 73.127: [GC [PSYoungGen: 9119K->1152K(11264K)] 16753K->8794K(27648K), 0.0035357 secs] [Times: user=0.00 sys=0.00, real=0.03 secs] 
2014-07-09T15:44:24.334+0200: 73.157: [GC [PSYoungGen: 7270K->5090K(11264K)] 14912K->12996K(27648K), 0.0040428 secs] [Times: user=0.00 sys=0.00, real=0.00 secs] 
2014-07-09T15:44:24.380+0200: 73.203: [GC [PSYoungGen: 11213K->3265K(11264K)] 19119K->11179K(27648K), 0.0037568 secs] [Times: user=0.01 sys=0.00, real=0.00 secs] 
2014-07-09T15:44:24.388+0200: 73.211: [GC [PSYoungGen: 9388K->1184K(11264K)] 17302K->9106K(27648K), 0.0024659 secs] [Times: user=0.00 sys=0.00, real=0.00 secs] 
2014-07-09T15:44:24.395+0200: 73.218: [GC [PSYoungGen: 7305K->5090K(11264K)] 15227K->15173K(27648K), 0.0063320 secs] [Times: user=0.03 sys=0.00, real=0.01 secs] 
2014-07-09T15:44:24.430+0200: 73.253: [GC [PSYoungGen: 11213K->5090K(11264K)] 21296K->15301K(27648K), 0.0040853 secs] [Times: user=0.00 sys=0.00, real=0.00 secs] 
2014-07-09T15:44:24.479+0200: 73.302: [GC [PSYoungGen: 11213K->3137K(11264K)] 21424K->13356K(27648K), 0.0020718 secs] [Times: user=0.00 sys=0.00, real=0.00 secs] 
2014-07-09T15:44:24.484+0200: 73.307: [GC [PSYoungGen: 9260K->1056K(11264K)] 19479K->11283K(27648K), 0.0012806 secs] [Times: user=0.00 sys=0.00, real=0.00 secs] 
2014-07-09T15:44:24.488+0200: 73.311: [GC [PSYoungGen: 7177K->5090K(11264K)] 17404K->17350K(27648K), 0.0058821 secs] [Times: user=0.03 sys=0.00, real=0.01 secs] 
2014-07-09T15:44:24.529+0200: 73.353: [GC [PSYoungGen: 11213K->5090K(11264K)] 23473K->17350K(27648K), 0.0037891 secs] [Times: user=0.00 sys=0.00, real=0.00 secs] 
2014-07-09T15:44:24.579+0200: 73.402: [GC [PSYoungGen: 11216K->1984K(11264K)] 23477K->14253K(27648K), 0.0026390 secs] [Times: user=0.00 sys=0.00, real=0.00 secs] 
2014-07-09T15:44:24.586+0200: 73.409: [GC [PSYoungGen: 8105K->5090K(11264K)] 20374K->20320K(27648K), 0.0100074 secs] [Times: user=0.00 sys=0.00, real=0.01 secs] 
2014-07-09T15:44:24.597+0200: 73.420: [Full GC [PSYoungGen: 5090K->0K(11264K)] [ParOldGen: 15229K->8588K(16384K)] 20320K->8588K(27648K) [PSPermGen: 2476K->2476K(21504K)], 0.0169022 secs] [Times: user=0.03 sys=0.00, real=0.02 secs] 
2014-07-09T15:44:24.617+0200: 73.440: [GC [PSYoungGen: 6122K->5090K(11264K)] 14711K->14607K(27648K), 0.0045685 secs] [Times: user=0.00 sys=0.00, real=0.00 secs] 
2014-07-09T15:44:24.629+0200: 73.452: [GC [PSYoungGen: 11213K->3937K(11264K)] 20730K->13463K(27648K), 0.0032138 secs] [Times: user=0.03 sys=0.00, real=0.00 secs] 
2014-07-09T15:44:24.679+0200: 73.502: [GC [PSYoungGen: 10060K->1856K(11264K)] 19586K->11390K(27648K), 0.0023640 secs] [Times: user=0.00 sys=0.00, real=0.00 secs] 
2014-07-09T15:44:24.686+0200: 73.509: [GC [PSYoungGen: 7977K->5090K(11264K)] 17511K->17457K(27648K), 0.0099433 secs] [Times: user=0.03 sys=0.00, real=0.01 secs] 
2014-07-09T15:44:24.699+0200: 73.522: [GC [PSYoungGen: 11213K->5090K(11264K)] 23580K->18225K(27648K), 0.0312640 secs] [Times: user=0.01 sys=0.00, real=0.03 secs] 
2014-07-09T15:44:24.733+0200: 73.556: [GC [PSYoungGen: 11213K->3809K(11264K)] 24348K->16952K(27648K), 0.0026584 secs] [Times: user=0.00 sys=0.00, real=0.00 secs] 
2014-07-09T15:44:24.778+0200: 73.601: [GC [PSYoungGen: 9932K->1728K(11264K)] 23075K->14879K(27648K), 0.0009250 secs] [Times: user=0.00 sys=0.00, real=0.00 secs] 
2014-07-09T15:44:24.781+0200: 73.604: [GC [PSYoungGen: 7849K->5090K(11264K)] 21000K->20946K(27648K), 0.0056732 secs] [Times: user=0.02 sys=0.00, real=0.01 secs] 
2014-07-09T15:44:24.787+0200: 73.610: [Full GC [PSYoungGen: 5090K->0K(11264K)] [ParOldGen: 15856K->8332K(16384K)] 20946K->8332K(27648K) [PSPermGen: 2476K->2476K(21504K)], 0.0101995 secs] [Times: user=0.00 sys=0.00, real=0.01 secs] 
2014-07-09T15:44:24.800+0200: 73.623: [GC [PSYoungGen: 6134K->4226K(11264K)] 14466K->12558K(27648K), 0.0034261 secs] [Times: user=0.03 sys=0.00, real=0.00 secs] 
2014-07-09T15:44:24.828+0200: 73.652: [GC [PSYoungGen: 10352K->1632K(11264K)] 18685K->9973K(27648K), 0.0010035 secs] [Times: user=0.00 sys=0.00, real=0.00 secs] 
2014-07-09T15:44:24.832+0200: 73.655: [GC [PSYoungGen: 7753K->5090K(11264K)] 16094K->16040K(27648K), 0.0058865 secs] [Times: user=0.03 sys=0.00, real=0.01 secs] 
2014-07-09T15:44:24.880+0200: 73.703: [GC [PSYoungGen: 11213K->5090K(11264K)] 22163K->16584K(27648K), 0.0125280 secs] [Times: user=0.00 sys=0.00, real=0.01 secs] 
2014-07-09T15:44:24.896+0200: 73.719: [GC [PSYoungGen: 11213K->3585K(11264K)] 22707K->15087K(27648K), 0.0029257 secs] [Times: user=0.00 sys=0.00, real=0.00 secs] 
2014-07-09T15:44:24.928+0200: 73.751: [GC [PSYoungGen: 9708K->1472K(11264K)] 21210K->12982K(27648K), 0.0011772 secs] [Times: user=0.00 sys=0.00, real=0.00 secs] 
2014-07-09T15:44:24.933+0200: 73.756: [GC [PSYoungGen: 7593K->5090K(11264K)] 19103K->19081K(27648K), 0.0059140 secs] [Times: user=0.00 sys=0.00, real=0.01 secs] 
2014-07-09T15:44:24.940+0200: 73.763: [Full GC [PSYoungGen: 5090K->0K(11264K)] [ParOldGen: 13991K->8110K(16384K)] 19081K->8110K(27648K) [PSPermGen: 2476K->2476K(21504K)], 0.0100364 secs] [Times: user=0.02 sys=0.00, real=0.01 secs] 
2014-07-09T15:44:24.979+0200: 73.802: [GC [PSYoungGen: 6122K->5090K(11264K)] 14233K->13648K(27648K), 0.0043068 secs] [Times: user=0.00 sys=0.00, real=0.00 secs] 
2014-07-09T15:44:24.986+0200: 73.809: [GC [PSYoungGen: 11213K->3457K(11264K)] 19771K->12024K(27648K), 0.0029213 secs] [Times: user=0.02 sys=0.00, real=0.00 secs] 
2014-07-09T15:44:25.029+0200: 73.852: [GC [PSYoungGen: 9586K->352K(11264K)] 18152K->8926K(27648K), 0.0014023 secs] [Times: user=0.00 sys=0.00, real=0.00 secs] 
2014-07-09T15:44:25.036+0200: 73.859: [GC [PSYoungGen: 6473K->5090K(11264K)] 15047K->14993K(27648K), 0.0081010 secs] [Times: user=0.00 sys=0.00, real=0.01 secs] 
2014-07-09T15:44:25.079+0200: 73.903: [GC [PSYoungGen: 11213K->4386K(11264K)] 21116K->14289K(27648K), 0.0032692 secs] [Times: user=0.02 sys=0.00, real=0.00 secs] 
2014-07-09T15:44:25.086+0200: 73.909: [GC [PSYoungGen: 10509K->2273K(11264K)] 20412K->12184K(27648K), 0.0140957 secs] [Times: user=0.01 sys=0.00, real=0.01 secs] 
2014-07-09T15:44:25.128+0200: 73.951: [GC [PSYoungGen: 8396K->224K(11264K)] 18307K->10143K(27648K), 0.0005074 secs] [Times: user=0.00 sys=0.00, real=0.00 secs] 
2014-07-09T15:44:25.130+0200: 73.954: [GC [PSYoungGen: 6345K->5090K(11264K)] 16264K->16210K(27648K), 0.0047977 secs] [Times: user=0.00 sys=0.00, real=0.00 secs] 
2014-07-09T15:44:25.180+0200: 74.003: [GC [PSYoungGen: 11213K->4258K(11264K)] 22333K->15377K(27648K), 0.0052449 secs] [Times: user=0.00 sys=0.00, real=0.00 secs] 
2014-07-09T15:44:25.190+0200: 74.013: [GC [PSYoungGen: 10381K->2177K(11264K)] 21500K->13304K(27648K), 0.0032927 secs] [Times: user=0.03 sys=0.00, real=0.00 secs] 
2014-07-09T15:44:25.228+0200: 74.051: [GC [PSYoungGen: 8300K->64K(11264K)] 19427K->11199K(27648K), 0.0007904 secs] [Times: user=0.00 sys=0.00, real=0.00 secs] 
2014-07-09T15:44:25.231+0200: 74.054: [GC [PSYoungGen: 6185K->5090K(11264K)] 17320K->17298K(27648K), 0.0054026 secs] [Times: user=0.00 sys=0.00, real=0.01 secs] 
2014-07-09T15:44:25.279+0200: 74.102: [GC [PSYoungGen: 11211K->4097K(11264K)] 23419K->16306K(27648K), 0.0036058 secs] [Times: user=0.00 sys=0.00, real=0.00 secs] 
2014-07-09T15:44:25.286+0200: 74.109: [GC [PSYoungGen: 10218K->2048K(11264K)] 22427K->14265K(27648K), 0.0013844 secs] [Times: user=0.00 sys=0.00, real=0.00 secs] 
2014-07-09T15:44:25.291+0200: 74.114: [GC [PSYoungGen: 8169K->5090K(11264K)] 20386K->20332K(27648K), 0.0054972 secs] [Times: user=0.00 sys=0.00, real=0.01 secs] 
2014-07-09T15:44:25.296+0200: 74.119: [Full GC [PSYoungGen: 5090K->0K(11264K)] [ParOldGen: 15241K->8655K(16384K)] 20332K->8655K(27648K) [PSPermGen: 2476K->2476K(21504K)], 0.0119571 secs] [Times: user=0.02 sys=0.00, real=0.01 secs] 
2014-07-09T15:44:25.329+0200: 74.152: [GC [PSYoungGen: 6139K->4418K(11264K)] 14794K->13073K(27648K), 0.0033099 secs] [Times: user=0.00 sys=0.00, real=0.00 secs] 
2014-07-09T15:44:25.379+0200: 74.202: [GC [PSYoungGen: 10541K->2337K(11264K)] 19196K->11000K(27648K), 0.0013298 secs] [Times: user=0.00 sys=0.00, real=0.00 secs] 
2014-07-09T15:44:25.383+0200: 74.206: [GC [PSYoungGen: 8460K->256K(11264K)] 17123K->8927K(27648K), 0.0006926 secs] [Times: user=0.00 sys=0.00, real=0.00 secs] 
2014-07-09T15:44:25.385+0200: 74.209: [GC [PSYoungGen: 6377K->5090K(11264K)] 15048K->14994K(27648K), 0.0048611 secs] [Times: user=0.00 sys=0.00, real=0.01 secs] 
2014-07-09T15:44:25.429+0200: 74.252: [GC [PSYoungGen: 11213K->4290K(11264K)] 21117K->14193K(27648K), 0.0030118 secs] [Times: user=0.00 sys=0.00, real=0.00 secs] 
2014-07-09T15:44:25.479+0200: 74.302: [GC [PSYoungGen: 10413K->2209K(11264K)] 20316K->12120K(27648K), 0.0023446 secs] [Times: user=0.00 sys=0.00, real=0.00 secs] 
2014-07-09T15:44:25.486+0200: 74.309: [GC [PSYoungGen: 8332K->128K(11264K)] 18243K->10047K(27648K), 0.0016854 secs] [Times: user=0.00 sys=0.00, real=0.00 secs] 
2014-07-09T15:44:25.493+0200: 74.316: [GC [PSYoungGen: 6249K->5090K(11264K)] 16168K->16114K(27648K), 0.0088951 secs] [Times: user=0.00 sys=0.00, real=0.01 secs] 
2014-07-09T15:44:25.529+0200: 74.352: [GC [PSYoungGen: 11211K->4162K(11264K)] 22235K->15186K(27648K), 0.0029158 secs] [Times: user=0.00 sys=0.00, real=0.00 secs] 
2014-07-09T15:44:25.579+0200: 74.402: [GC [PSYoungGen: 10294K->544K(11264K)] 21318K->11576K(27648K), 0.0018801 secs] [Times: user=0.00 sys=0.00, real=0.00 secs] 
2014-07-09T15:44:25.585+0200: 74.408: [GC [PSYoungGen: 6665K->5090K(11264K)] 17697K->17643K(27648K), 0.0087297 secs] [Times: user=0.00 sys=0.00, real=0.01 secs] 
2014-07-09T15:44:25.599+0200: 74.422: [GC [PSYoungGen: 11213K->4578K(11264K)] 23766K->17131K(27648K), 0.0127941 secs] [Times: user=0.00 sys=0.00, real=0.01 secs] 
2014-07-09T15:44:25.629+0200: 74.452: [GC [PSYoungGen: 10701K->2497K(11264K)] 23254K->15058K(27648K), 0.0018185 secs] [Times: user=0.00 sys=0.00, real=0.00 secs] 
2014-07-09T15:44:25.678+0200: 74.501: [GC [PSYoungGen: 8620K->416K(11264K)] 21181K->12985K(27648K), 0.0009243 secs] [Times: user=0.00 sys=0.00, real=0.00 secs] 
2014-07-09T15:44:25.681+0200: 74.504: [GC [PSYoungGen: 6537K->5090K(11264K)] 19106K->19052K(27648K), 0.0054147 secs] [Times: user=0.00 sys=0.00, real=0.01 secs] 
2014-07-09T15:44:25.687+0200: 74.510: [Full GC [PSYoungGen: 5090K->0K(11264K)] [ParOldGen: 13961K->7025K(16384K)] 19052K->7025K(27648K) [PSPermGen: 2476K->2476K(21504K)], 0.0132488 secs] [Times: user=0.02 sys=0.00, real=0.01 secs] 
2014-07-09T15:44:25.703+0200: 74.526: [GC [PSYoungGen: 6122K->4450K(11264K)] 13148K->11475K(27648K), 0.0040622 secs] [Times: user=0.02 sys=0.00, real=0.00 secs] 
2014-07-09T15:44:25.728+0200: 74.551: [GC [PSYoungGen: 10573K->2369K(11264K)] 17598K->9402K(27648K), 0.0011164 secs] [Times: user=0.00 sys=0.00, real=0.00 secs] 
2014-07-09T15:44:25.778+0200: 74.601: [GC [PSYoungGen: 8492K->288K(11264K)] 15525K->7329K(27648K), 0.0005206 secs] [Times: user=0.00 sys=0.00, real=0.00 secs] 
2014-07-09T15:44:25.780+0200: 74.603: [GC [PSYoungGen: 6409K->5090K(11264K)] 13450K->13396K(27648K), 0.0049799 secs] [Times: user=0.03 sys=0.00, real=0.01 secs] 
2014-07-09T15:44:25.788+0200: 74.611: [GC [PSYoungGen: 11213K->4322K(11264K)] 19519K->12627K(27648K), 0.0036498 secs] [Times: user=0.00 sys=0.00, real=0.00 secs] 
2014-07-09T15:44:25.828+0200: 74.651: [GC [PSYoungGen: 10454K->672K(11264K)] 18759K->8985K(27648K), 0.0009221 secs] [Times: user=0.00 sys=0.00, real=0.00 secs] 
2014-07-09T15:44:25.832+0200: 74.655: [GC [PSYoungGen: 6793K->5090K(11264K)] 15106K->15084K(27648K), 0.0052721 secs] [Times: user=0.00 sys=0.00, real=0.00 secs] 
2014-07-09T15:44:25.880+0200: 74.703: [GC [PSYoungGen: 11213K->4738K(11264K)] 21207K->14732K(27648K), 0.0035841 secs] [Times: user=0.00 sys=0.00, real=0.00 secs] 
2014-07-09T15:44:25.887+0200: 74.710: [GC [PSYoungGen: 10861K->2657K(11264K)] 20855K->12659K(27648K), 0.0020296 secs] [Times: user=0.00 sys=0.00, real=0.00 secs] 
2014-07-09T15:44:25.928+0200: 74.751: [GC [PSYoungGen: 8780K->544K(11264K)] 18782K->10554K(27648K), 0.0022423 secs] [Times: user=0.00 sys=0.00, real=0.00 secs] 
2014-07-09T15:44:25.933+0200: 74.756: [GC [PSYoungGen: 6665K->5090K(11264K)] 16675K->16653K(27648K), 0.0056677 secs] [Times: user=0.00 sys=0.00, real=0.00 secs] 
2014-07-09T15:44:25.979+0200: 74.802: [GC [PSYoungGen: 11213K->4610K(11264K)] 22776K->16173K(27648K), 0.0033513 secs] [Times: user=0.00 sys=0.00, real=0.00 secs] 
2014-07-09T15:44:25.984+0200: 74.808: [GC [PSYoungGen: 10733K->2529K(11264K)] 22296K->14100K(27648K), 0.0020520 secs] [Times: user=0.00 sys=0.00, real=0.00 secs] 
2014-07-09T15:44:26.028+0200: 74.851: [GC [PSYoungGen: 8652K->448K(11264K)] 20223K->12027K(27648K), 0.0015813 secs] [Times: user=0.00 sys=0.00, real=0.00 secs] 
2014-07-09T15:44:26.034+0200: 74.857: [GC [PSYoungGen: 6569K->5090K(11264K)] 18148K->18094K(27648K), 0.0089537 secs] [Times: user=0.00 sys=0.00, real=0.01 secs] 
2014-07-09T15:44:26.080+0200: 74.903: [GC [PSYoungGen: 11216K->3457K(11264K)] 24220K->16461K(27648K), 0.0049718 secs] [Times: user=0.03 sys=0.00, real=0.01 secs] 
2014-07-09T15:44:26.089+0200: 74.912: [GC [PSYoungGen: 9580K->1376K(11264K)] 22584K->14388K(27648K), 0.0026144 secs] [Times: user=0.00 sys=0.00, real=0.00 secs] 
2014-07-09T15:44:26.096+0200: 74.919: [GC [PSYoungGen: 7497K->5090K(11264K)] 20509K->20455K(27648K), 0.0096115 secs] [Times: user=0.03 sys=0.00, real=0.01 secs] 
2014-07-09T15:44:26.106+0200: 74.929: [Full GC [PSYoungGen: 5090K->0K(11264K)] [ParOldGen: 15365K->7987K(16384K)] 20455K->7987K(27648K) [PSPermGen: 2476K->2476K(21504K)], 0.0135193 secs] [Times: user=0.01 sys=0.00, real=0.01 secs] 
2014-07-09T15:44:26.130+0200: 74.953: [GC [PSYoungGen: 6122K->5090K(11264K)] 14110K->13397K(27648K), 0.0041473 secs] [Times: user=0.00 sys=0.00, real=0.00 secs] 
2014-07-09T15:44:26.180+0200: 75.003: [GC [PSYoungGen: 11213K->3329K(11264K)] 19520K->11644K(27648K), 0.0034694 secs] [Times: user=0.00 sys=0.00, real=0.00 secs] 
2014-07-09T15:44:26.188+0200: 75.011: [GC [PSYoungGen: 9452K->1248K(11264K)] 17767K->9571K(27648K), 0.0025634 secs] [Times: user=0.03 sys=0.00, real=0.00 secs] 
2014-07-09T15:44:26.195+0200: 75.019: [GC [PSYoungGen: 7369K->5090K(11264K)] 15692K->15638K(27648K), 0.0092342 secs] [Times: user=0.00 sys=0.00, real=0.01 secs] 
2014-07-09T15:44:26.231+0200: 75.054: [GC [PSYoungGen: 11213K->5090K(11264K)] 21761K->15830K(27648K), 0.0066777 secs] [Times: user=0.02 sys=0.00, real=0.01 secs] 
2014-07-09T15:44:26.280+0200: 75.103: [GC [PSYoungGen: 11213K->3201K(11264K)] 21953K->13950K(27648K), 0.0040127 secs] [Times: user=0.01 sys=0.00, real=0.00 secs] 
2014-07-09T15:44:26.290+0200: 75.113: [GC [PSYoungGen: 9342K->512K(11264K)] 20091K->11268K(27648K), 0.0037007 secs] [Times: user=0.00 sys=0.00, real=0.00 secs] 
2014-07-09T15:44:26.298+0200: 75.121: [GC [PSYoungGen: 6631K->5090K(11264K)] 17387K->16847K(27648K), 0.0099484 secs] [Times: user=0.03 sys=0.00, real=0.01 secs] 
2014-07-09T15:44:26.328+0200: 75.152: [GC [PSYoungGen: 11218K->2945K(11264K)] 22975K->14710K(27648K), 0.0238516 secs] [Times: user=0.00 sys=0.00, real=0.02 secs] 
2014-07-09T15:44:26.378+0200: 75.201: [GC [PSYoungGen: 9068K->864K(11264K)] 20833K->12637K(27648K), 0.0009719 secs] [Times: user=0.00 sys=0.00, real=0.00 secs] 
2014-07-09T15:44:26.382+0200: 75.205: [GC [PSYoungGen: 6985K->5090K(11264K)] 18758K->18736K(27648K), 0.0046675 secs] [Times: user=0.00 sys=0.00, real=0.01 secs] 
2014-07-09T15:44:26.389+0200: 75.212: [GC [PSYoungGen: 11213K->4930K(11264K)] 24859K->18576K(27648K), 0.0038499 secs] [Times: user=0.01 sys=0.00, real=0.00 secs] 
2014-07-09T15:44:26.429+0200: 75.252: [GC [PSYoungGen: 11053K->2849K(11264K)] 24699K->16503K(27648K), 0.0016828 secs] [Times: user=0.00 sys=0.00, real=0.00 secs] 
2014-07-09T15:44:26.478+0200: 75.302: [GC [PSYoungGen: 8972K->768K(11264K)] 22626K->14430K(27648K), 0.0017752 secs] [Times: user=0.00 sys=0.00, real=0.00 secs] 
2014-07-09T15:44:26.484+0200: 75.307: [GC [PSYoungGen: 6889K->5090K(11264K)] 20551K->20497K(27648K), 0.0090762 secs] [Times: user=0.03 sys=0.00, real=0.01 secs] 
2014-07-09T15:44:26.494+0200: 75.317: [Full GC [PSYoungGen: 5090K->0K(11264K)] [ParOldGen: 15406K->7381K(16384K)] 20497K->7381K(27648K) [PSPermGen: 2476K->2476K(21504K)], 0.0322334 secs] [Times: user=0.03 sys=0.00, real=0.03 secs] 
2014-07-09T15:44:26.530+0200: 75.353: [GC [PSYoungGen: 6122K->4802K(11264K)] 13504K->12183K(27648K), 0.0043471 secs] [Times: user=0.01 sys=0.00, real=0.00 secs] 
2014-07-09T15:44:26.536+0200: 75.359: [GC [PSYoungGen: 10928K->1696K(11264K)] 18309K->9085K(27648K), 0.0013987 secs] [Times: user=0.00 sys=0.00, real=0.00 secs] 
2014-07-09T15:44:26.540+0200: 75.363: [GC [PSYoungGen: 7817K->5090K(11264K)] 15206K->15152K(27648K), 0.0060424 secs] [Times: user=0.00 sys=0.00, real=0.01 secs] 
2014-07-09T15:44:26.579+0200: 75.402: [GC [PSYoungGen: 11213K->5090K(11264K)] 21275K->15793K(27648K), 0.0044512 secs] [Times: user=0.03 sys=0.00, real=0.01 secs] 
2014-07-09T15:44:26.586+0200: 75.409: [GC [PSYoungGen: 11213K->3649K(11264K)] 21916K->14360K(27648K), 0.0031185 secs] [Times: user=0.00 sys=0.00, real=0.00 secs] 
2014-07-09T15:44:26.629+0200: 75.452: [GC [PSYoungGen: 9772K->1568K(11264K)] 20483K->12287K(27648K), 0.0008410 secs] [Times: user=0.00 sys=0.00, real=0.00 secs] 
2014-07-09T15:44:26.632+0200: 75.455: [GC [PSYoungGen: 7689K->5090K(11264K)] 18408K->18354K(27648K), 0.0056215 secs] [Times: user=0.00 sys=0.00, real=0.01 secs] 
2014-07-09T15:44:26.638+0200: 75.461: [Full GC [PSYoungGen: 5090K->0K(11264K)] [ParOldGen: 13264K->8182K(16384K)] 18354K->8182K(27648K) [PSPermGen: 2476K->2476K(21504K)], 0.0220272 secs] [Times: user=0.03 sys=0.00, real=0.02 secs] 
2014-07-09T15:44:26.679+0200: 75.503: [GC [PSYoungGen: 6122K->5090K(11264K)] 14305K->13784K(27648K), 0.0042991 secs] [Times: user=0.00 sys=0.00, real=0.01 secs] 
2014-07-09T15:44:26.686+0200: 75.509: [GC [PSYoungGen: 11213K->3521K(11264K)] 19907K->12224K(27648K), 0.0026397 secs] [Times: user=0.00 sys=0.00, real=0.00 secs] 
2014-07-09T15:44:26.728+0200: 75.551: [GC [PSYoungGen: 9644K->1440K(11264K)] 18347K->10151K(27648K), 0.0008656 secs] [Times: user=0.00 sys=0.00, real=0.00 secs] 
2014-07-09T15:44:26.731+0200: 75.555: [GC [PSYoungGen: 7561K->5090K(11264K)] 16272K->16218K(27648K), 0.0055701 secs] [Times: user=0.03 sys=0.00, real=0.01 secs] 
2014-07-09T15:44:26.781+0200: 75.604: [GC [PSYoungGen: 11213K->5090K(11264K)] 22341K->16602K(27648K), 0.0070018 secs] [Times: user=0.03 sys=0.00, real=0.01 secs] 
2014-07-09T15:44:26.793+0200: 75.616: [GC [PSYoungGen: 11213K->3393K(11264K)] 22725K->14913K(27648K), 0.0039042 secs] [Times: user=0.00 sys=0.00, real=0.00 secs] 
2014-07-09T15:44:26.800+0200: 75.623: [GC [PSYoungGen: 9533K->1024K(11264K)] 21053K->12551K(27648K), 0.0011329 secs] [Times: user=0.00 sys=0.00, real=0.00 secs] 
2014-07-09T15:44:26.830+0200: 75.653: [GC [PSYoungGen: 7139K->5090K(11264K)] 18667K->17426K(27648K), 0.0044545 secs] [Times: user=0.00 sys=0.00, real=0.01 secs] 
2014-07-09T15:44:26.879+0200: 75.702: [GC [PSYoungGen: 11213K->3777K(11264K)] 23549K->16121K(27648K), 0.0158181 secs] [Times: user=0.02 sys=0.00, real=0.02 secs] 
2014-07-09T15:44:26.899+0200: 75.722: [GC [PSYoungGen: 9900K->1728K(11264K)] 22244K->14080K(27648K), 0.0223513 secs] [Times: user=0.00 sys=0.00, real=0.02 secs] 
2014-07-09T15:44:26.925+0200: 75.748: [GC [PSYoungGen: 7849K->5090K(11264K)] 20201K->20147K(27648K), 0.0060409 secs] [Times: user=0.00 sys=0.00, real=0.01 secs] 
2014-07-09T15:44:26.931+0200: 75.754: [Full GC [PSYoungGen: 5090K->0K(11264K)] [ParOldGen: 15057K->8343K(16384K)] 20147K->8343K(27648K) [PSPermGen: 2476K->2476K(21504K)], 0.0129170 secs] [Times: user=0.03 sys=0.00, real=0.01 secs] 
2014-07-09T15:44:26.947+0200: 75.771: [GC [PSYoungGen: 6122K->5090K(11264K)] 14466K->14074K(27648K), 0.0053703 secs] [Times: user=0.00 sys=0.00, real=0.01 secs] 
2014-07-09T15:44:26.979+0200: 75.802: [GC [PSYoungGen: 11213K->3681K(11264K)] 20197K->12673K(27648K), 0.0021550 secs] [Times: user=0.00 sys=0.00, real=0.00 secs] 
2014-07-09T15:44:26.984+0200: 75.807: [GC [PSYoungGen: 9804K->1600K(11264K)] 18796K->10600K(27648K), 0.0010999 secs] [Times: user=0.00 sys=0.00, real=0.00 secs] 
2014-07-09T15:44:26.988+0200: 75.812: [GC [PSYoungGen: 7721K->5090K(11264K)] 16721K->16667K(27648K), 0.0057043 secs] [Times: user=0.00 sys=0.00, real=0.01 secs] 
2014-07-09T15:44:27.029+0200: 75.853: [GC [PSYoungGen: 11213K->5090K(11264K)] 22790K->17211K(27648K), 0.0042987 secs] [Times: user=0.03 sys=0.00, real=0.00 secs] 
2014-07-09T15:44:27.079+0200: 75.902: [GC [PSYoungGen: 11222K->2016K(11264K)] 23343K->14146K(27648K), 0.0030023 secs] [Times: user=0.03 sys=0.00, real=0.00 secs] 
2014-07-09T15:44:27.087+0200: 75.910: [GC [PSYoungGen: 8137K->5090K(11264K)] 20267K->20213K(27648K), 0.0106189 secs] [Times: user=0.03 sys=0.00, real=0.01 secs] 
2014-07-09T15:44:27.097+0200: 75.921: [Full GC [PSYoungGen: 5090K->0K(11264K)] [ParOldGen: 15122K->8632K(16384K)] 20213K->8632K(27648K) [PSPermGen: 2476K->2476K(21504K)], 0.0142419 secs] [Times: user=0.02 sys=0.00, real=0.02 secs] 
2014-07-09T15:44:27.129+0200: 75.952: [GC [PSYoungGen: 6122K->5090K(11264K)] 14755K->14683K(27648K), 0.0045330 secs] [Times: user=0.00 sys=0.00, real=0.01 secs] 
2014-07-09T15:44:27.136+0200: 75.959: [GC [PSYoungGen: 11213K->3969K(11264K)] 20806K->13570K(27648K), 0.0033799 secs] [Times: user=0.00 sys=0.00, real=0.00 secs] 
2014-07-09T15:44:27.178+0200: 76.002: [GC [PSYoungGen: 10092K->1888K(11264K)] 19693K->11497K(27648K), 0.0011281 secs] [Times: user=0.00 sys=0.00, real=0.00 secs] 
2014-07-09T15:44:27.182+0200: 76.005: [GC [PSYoungGen: 8009K->5090K(11264K)] 17618K->17564K(27648K), 0.0060633 secs] [Times: user=0.00 sys=0.00, real=0.01 secs] 
2014-07-09T15:44:27.190+0200: 76.014: [GC [PSYoungGen: 11213K->5090K(11264K)] 23687K->18397K(27648K), 0.0047064 secs] [Times: user=0.00 sys=0.00, real=0.00 secs] 
2014-07-09T15:44:27.195+0200: 76.019: [Full GC [PSYoungGen: 5090K->0K(11264K)] [ParOldGen: 13306K->6325K(16384K)] 18397K->6325K(27648K) [PSPermGen: 2476K->2476K(21504K)], 0.0103748 secs] [Times: user=0.03 sys=0.00, real=0.01 secs] 
2014-07-09T15:44:27.229+0200: 76.052: [GC [PSYoungGen: 6122K->3841K(11264K)] 12448K->10166K(27648K), 0.0028098 secs] [Times: user=0.00 sys=0.00, real=0.00 secs] 
2014-07-09T15:44:27.279+0200: 76.102: [GC [PSYoungGen: 9964K->1760K(11264K)] 16289K->8093K(27648K), 0.0021807 secs] [Times: user=0.00 sys=0.00, real=0.00 secs] 
2014-07-09T15:44:27.286+0200: 76.110: [GC [PSYoungGen: 7881K->5090K(11264K)] 14214K->14160K(27648K), 0.0101255 secs] [Times: user=0.00 sys=0.00, real=0.01 secs] 
2014-07-09T15:44:27.304+0200: 76.127: [GC [PSYoungGen: 11213K->5090K(11264K)] 20283K->14865K(27648K), 0.0058528 secs] [Times: user=0.00 sys=0.00, real=0.01 secs] 
2014-07-09T15:44:27.328+0200: 76.152: [GC [PSYoungGen: 11227K->2048K(11264K)] 21002K->11831K(27648K), 0.0012535 secs] [Times: user=0.03 sys=0.00, real=0.00 secs] 
2014-07-09T15:44:27.332+0200: 76.156: [GC [PSYoungGen: 8169K->5090K(11264K)] 17952K->17898K(27648K), 0.0064522 secs] [Times: user=0.00 sys=0.00, real=0.01 secs] 
2014-07-09T15:44:27.339+0200: 76.162: [Full GC [PSYoungGen: 5090K->0K(11264K)] [ParOldGen: 12808K->8618K(16384K)] 17898K->8618K(27648K) [PSPermGen: 2476K->2476K(21504K)], 0.0111619 secs] [Times: user=0.03 sys=0.00, real=0.01 secs] 
2014-07-09T15:44:27.379+0200: 76.202: [GC [PSYoungGen: 6122K->5090K(11264K)] 14741K->14701K(27648K), 0.0046950 secs] [Times: user=0.00 sys=0.00, real=0.01 secs] 
2014-07-09T15:44:27.387+0200: 76.210: [GC [PSYoungGen: 11213K->4001K(11264K)] 20824K->13621K(27648K), 0.0030610 secs] [Times: user=0.00 sys=0.00, real=0.00 secs] 
2014-07-09T15:44:27.428+0200: 76.252: [GC [PSYoungGen: 10124K->1888K(11264K)] 19744K->11516K(27648K), 0.0136946 secs] [Times: user=0.02 sys=0.00, real=0.01 secs] 
2014-07-09T15:44:27.445+0200: 76.268: [GC [PSYoungGen: 8009K->5090K(11264K)] 17637K->17615K(27648K), 0.0059496 secs] [Times: user=0.00 sys=0.00, real=0.01 secs] 
2014-07-09T15:44:27.451+0200: 76.275: [Full GC [PSYoungGen: 5090K->0K(11264K)] [ParOldGen: 12524K->8494K(16384K)] 17615K->8494K(27648K) [PSPermGen: 2476K->2476K(21504K)], 0.0126237 secs] [Times: user=0.03 sys=0.00, real=0.01 secs] 
2014-07-09T15:44:27.479+0200: 76.303: [GC [PSYoungGen: 6122K->5090K(11264K)] 14617K->14448K(27648K), 0.0045953 secs] [Times: user=0.00 sys=0.00, real=0.00 secs] 
2014-07-09T15:44:27.487+0200: 76.310: [GC [PSYoungGen: 11213K->3873K(11264K)] 20571K->13240K(27648K), 0.0028124 secs] [Times: user=0.00 sys=0.00, real=0.00 secs] 
2014-07-09T15:44:27.528+0200: 76.351: [GC [PSYoungGen: 9996K->1792K(11264K)] 19363K->11167K(27648K), 0.0009833 secs] [Times: user=0.00 sys=0.00, real=0.00 secs] 
2014-07-09T15:44:27.531+0200: 76.355: [GC [PSYoungGen: 7913K->5090K(11264K)] 17288K->17234K(27648K), 0.0059580 secs] [Times: user=0.03 sys=0.00, real=0.01 secs] 
2014-07-09T15:44:27.580+0200: 76.404: [GC [PSYoungGen: 11218K->4802K(11264K)] 23362K->16946K(27648K), 0.0061644 secs] [Times: user=0.00 sys=0.00, real=0.01 secs] 
2014-07-09T15:44:27.591+0200: 76.414: [GC [PSYoungGen: 10925K->2721K(11264K)] 23069K->14873K(27648K), 0.0040420 secs] [Times: user=0.03 sys=0.00, real=0.00 secs] 
2014-07-09T15:44:27.628+0200: 76.452: [GC [PSYoungGen: 8844K->640K(11264K)] 20996K->12800K(27648K), 0.0015824 secs] [Times: user=0.00 sys=0.00, real=0.00 secs] 
2014-07-09T15:44:27.634+0200: 76.458: [GC [PSYoungGen: 6761K->5090K(11264K)] 18921K->18867K(27648K), 0.0059254 secs] [Times: user=0.00 sys=0.00, real=0.01 secs] 
2014-07-09T15:44:27.640+0200: 76.464: [Full GC [PSYoungGen: 5090K->0K(11264K)] [ParOldGen: 13776K->7220K(16384K)] 18867K->7220K(27648K) [PSPermGen: 2476K->2476K(21504K)], 0.0132847 secs] [Times: user=0.00 sys=0.00, real=0.01 secs] 
2014-07-09T15:44:27.679+0200: 76.503: [GC [PSYoungGen: 6122K->4674K(11264K)] 13343K->11894K(27648K), 0.0034063 secs] [Times: user=0.00 sys=0.00, real=0.00 secs] 
2014-07-09T15:44:27.685+0200: 76.509: [GC [PSYoungGen: 10797K->2593K(11264K)] 18017K->9821K(27648K), 0.0022756 secs] [Times: user=0.02 sys=0.00, real=0.00 secs] 
2014-07-09T15:44:27.728+0200: 76.552: [GC [PSYoungGen: 8716K->512K(11264K)] 15944K->7748K(27648K), 0.0020098 secs] [Times: user=0.00 sys=0.00, real=0.00 secs] 
2014-07-09T15:44:27.735+0200: 76.558: [GC [PSYoungGen: 6633K->5090K(11264K)] 13869K->13815K(27648K), 0.0081376 secs] [Times: user=0.00 sys=0.00, real=0.01 secs] 
2014-07-09T15:44:27.779+0200: 76.602: [GC [PSYoungGen: 11213K->4546K(11264K)] 19938K->13271K(27648K), 0.0033792 secs] [Times: user=0.03 sys=0.00, real=0.00 secs] 
2014-07-09T15:44:27.785+0200: 76.608: [GC [PSYoungGen: 10684K->416K(11264K)] 19409K->9149K(27648K), 0.0008506 secs] [Times: user=0.00 sys=0.00, real=0.00 secs] 
2014-07-09T15:44:27.788+0200: 76.612: [GC [PSYoungGen: 6537K->5090K(11264K)] 15270K->15216K(27648K), 0.0051265 secs] [Times: user=0.00 sys=0.00, real=0.01 secs] 
2014-07-09T15:44:27.829+0200: 76.652: [GC [PSYoungGen: 11213K->4418K(11264K)] 21339K->14543K(27648K), 0.0180372 secs] [Times: user=0.02 sys=0.00, real=0.02 secs] 
2014-07-09T15:44:27.882+0200: 76.705: [GC [PSYoungGen: 10541K->2369K(11264K)] 20666K->12502K(27648K), 0.0016414 secs] [Times: user=0.00 sys=0.00, real=0.00 secs] 
2014-07-09T15:44:27.886+0200: 76.710: [GC [PSYoungGen: 8492K->288K(11264K)] 18625K->10429K(27648K), 0.0007483 secs] [Times: user=0.00 sys=0.00, real=0.00 secs] 
2014-07-09T15:44:27.890+0200: 76.713: [GC [PSYoungGen: 6409K->5090K(11264K)] 16550K->16496K(27648K), 0.0051537 secs] [Times: user=0.03 sys=0.00, real=0.00 secs] 
2014-07-09T15:44:27.930+0200: 76.753: [GC [PSYoungGen: 11213K->4322K(11264K)] 22619K->15728K(27648K), 0.0043999 secs] [Times: user=0.00 sys=0.00, real=0.00 secs] 
2014-07-09T15:44:27.978+0200: 76.802: [GC [PSYoungGen: 10445K->2241K(11264K)] 21851K->13655K(27648K), 0.0012388 secs] [Times: user=0.00 sys=0.00, real=0.00 secs] 
2014-07-09T15:44:27.983+0200: 76.806: [GC [PSYoungGen: 8364K->160K(11264K)] 19778K->11582K(27648K), 0.0006016 secs] [Times: user=0.02 sys=0.00, real=0.00 secs] 
2014-07-09T15:44:27.986+0200: 76.809: [GC [PSYoungGen: 6281K->5090K(11264K)] 17703K->17649K(27648K), 0.0049824 secs] [Times: user=0.00 sys=0.00, real=0.00 secs] 
2014-07-09T15:44:28.030+0200: 76.854: [GC [PSYoungGen: 11213K->4194K(11264K)] 23772K->16752K(27648K), 0.0066271 secs] [Times: user=0.02 sys=0.02, real=0.01 secs] 
2014-07-09T15:44:28.078+0200: 76.902: [GC [PSYoungGen: 10320K->1088K(11264K)] 22879K->13655K(27648K), 0.0018306 secs] [Times: user=0.00 sys=0.00, real=0.00 secs] 
2014-07-09T15:44:28.085+0200: 76.909: [GC [PSYoungGen: 7209K->5090K(11264K)] 19776K->19714K(27648K), 0.0108103 secs] [Times: user=0.02 sys=0.00, real=0.01 secs] 
2014-07-09T15:44:28.097+0200: 76.920: [Full GC [PSYoungGen: 5090K->0K(11264K)] [ParOldGen: 14623K->7677K(16384K)] 19714K->7677K(27648K) [PSPermGen: 2476K->2476K(21504K)], 0.0392381 secs] [Times: user=0.02 sys=0.00, real=0.04 secs] 
2014-07-09T15:44:28.138+0200: 76.962: [GC [PSYoungGen: 6122K->5090K(11264K)] 13800K->12799K(27648K), 0.0065263 secs] [Times: user=0.00 sys=0.00, real=0.01 secs] 
2014-07-09T15:44:28.148+0200: 76.971: [GC [PSYoungGen: 11213K->3009K(11264K)] 18922K->10726K(27648K), 0.0037542 secs] [Times: user=0.00 sys=0.00, real=0.00 secs] 
2014-07-09T15:44:28.178+0200: 77.001: [GC [PSYoungGen: 9132K->960K(11264K)] 16849K->8685K(27648K), 0.0006555 secs] [Times: user=0.00 sys=0.00, real=0.00 secs] 
2014-07-09T15:44:28.180+0200: 77.004: [GC [PSYoungGen: 7081K->5090K(11264K)] 14806K->14752K(27648K), 0.0053245 secs] [Times: user=0.00 sys=0.00, real=0.01 secs] 
2014-07-09T15:44:28.188+0200: 77.011: [GC [PSYoungGen: 11213K->4994K(11264K)] 20875K->14656K(27648K), 0.0037854 secs] [Times: user=0.00 sys=0.00, real=0.00 secs] 
2014-07-09T15:44:28.229+0200: 77.052: [GC [PSYoungGen: 11117K->2913K(11264K)] 20779K->12583K(27648K), 0.0017756 secs] [Times: user=0.00 sys=0.00, real=0.00 secs] 
2014-07-09T15:44:28.278+0200: 77.102: [GC [PSYoungGen: 9036K->832K(11264K)] 18706K->10510K(27648K), 0.0018471 secs] [Times: user=0.00 sys=0.00, real=0.00 secs] 
2014-07-09T15:44:28.285+0200: 77.108: [GC [PSYoungGen: 6953K->5090K(11264K)] 16631K->16577K(27648K), 0.0088184 secs] [Times: user=0.00 sys=0.00, real=0.01 secs] 
2014-07-09T15:44:28.298+0200: 77.121: [GC [PSYoungGen: 11213K->4866K(11264K)] 22700K->16353K(27648K), 0.0036523 secs] [Times: user=0.00 sys=0.00, real=0.00 secs] 
2014-07-09T15:44:28.328+0200: 77.151: [GC [PSYoungGen: 11004K->1120K(11264K)] 22491K->12615K(27648K), 0.0008322 secs] [Times: user=0.00 sys=0.00, real=0.00 secs] 
2014-07-09T15:44:28.331+0200: 77.154: [GC [PSYoungGen: 7241K->5090K(11264K)] 18736K->18682K(27648K), 0.0059822 secs] [Times: user=0.00 sys=0.00, real=0.01 secs] 
2014-07-09T15:44:28.337+0200: 77.160: [Full GC [PSYoungGen: 5090K->0K(11264K)] [ParOldGen: 13592K->7711K(16384K)] 18682K->7711K(27648K) [PSPermGen: 2476K->2476K(21504K)], 0.0113214 secs] [Times: user=0.01 sys=0.00, real=0.01 secs] 
2014-07-09T15:44:28.379+0200: 77.202: [GC [PSYoungGen: 6122K->5090K(11264K)] 13834K->12866K(27648K), 0.0038639 secs] [Times: user=0.00 sys=0.00, real=0.00 secs] 
2014-07-09T15:44:28.385+0200: 77.208: [GC [PSYoungGen: 11213K->3073K(11264K)] 18989K->10857K(27648K), 0.0022525 secs] [Times: user=0.00 sys=0.00, real=0.00 secs] 
2014-07-09T15:44:28.429+0200: 77.252: [GC [PSYoungGen: 9196K->992K(11264K)] 16980K->8784K(27648K), 0.0017983 secs] [Times: user=0.00 sys=0.00, real=0.00 secs] 
2014-07-09T15:44:28.434+0200: 77.258: [GC [PSYoungGen: 7113K->5090K(11264K)] 14905K->14851K(27648K), 0.0091264 secs] [Times: user=0.03 sys=0.00, real=0.01 secs] 
2014-07-09T15:44:28.481+0200: 77.304: [GC [PSYoungGen: 11213K->5026K(11264K)] 20974K->14787K(27648K), 0.0063683 secs] [Times: user=0.03 sys=0.00, real=0.01 secs] 
2014-07-09T15:44:28.492+0200: 77.316: [GC [PSYoungGen: 11149K->2913K(11264K)] 20910K->12682K(27648K), 0.0297594 secs] [Times: user=0.03 sys=0.00, real=0.03 secs] 
2014-07-09T15:44:28.532+0200: 77.355: [GC [PSYoungGen: 9036K->864K(11264K)] 18805K->10641K(27648K), 0.0009019 secs] [Times: user=0.00 sys=0.00, real=0.00 secs] 
2014-07-09T15:44:28.535+0200: 77.358: [GC [PSYoungGen: 6985K->5090K(11264K)] 16762K->16708K(27648K), 0.0053348 secs] [Times: user=0.00 sys=0.00, real=0.00 secs] 
2014-07-09T15:44:28.579+0200: 77.402: [GC [PSYoungGen: 11222K->3361K(11264K)] 22840K->14979K(27648K), 0.0018995 secs] [Times: user=0.00 sys=0.00, real=0.00 secs] 
2014-07-09T15:44:28.583+0200: 77.407: [GC [PSYoungGen: 9484K->1280K(11264K)] 21102K->12906K(27648K), 0.0011721 secs] [Times: user=0.00 sys=0.00, real=0.00 secs] 
2014-07-09T15:44:28.587+0200: 77.410: [GC [PSYoungGen: 7401K->5090K(11264K)] 19027K->18973K(27648K), 0.0059698 secs] [Times: user=0.01 sys=0.00, real=0.01 secs] 
2014-07-09T15:44:28.593+0200: 77.416: [Full GC [PSYoungGen: 5090K->0K(11264K)] [ParOldGen: 13882K->7873K(16384K)] 18973K->7873K(27648K) [PSPermGen: 2476K->2476K(21504K)], 0.0100818 secs] [Times: user=0.00 sys=0.00, real=0.01 secs] 
2014-07-09T15:44:28.629+0200: 77.452: [GC [PSYoungGen: 6122K->5090K(11264K)] 13996K->13187K(27648K), 0.0040439 secs] [Times: user=0.00 sys=0.00, real=0.00 secs] 
2014-07-09T15:44:28.679+0200: 77.502: [GC [PSYoungGen: 11213K->3233K(11264K)] 19310K->11338K(27648K), 0.0017866 secs] [Times: user=0.00 sys=0.00, real=0.00 secs] 
2014-07-09T15:44:28.683+0200: 77.506: [GC [PSYoungGen: 9356K->1152K(11264K)] 17461K->9265K(27648K), 0.0010922 secs] [Times: user=0.00 sys=0.00, real=0.00 secs] 
2014-07-09T15:44:28.687+0200: 77.510: [GC [PSYoungGen: 7273K->5090K(11264K)] 15386K->15332K(27648K), 0.0052691 secs] [Times: user=0.00 sys=0.00, real=0.00 secs] 
2014-07-09T15:44:28.730+0200: 77.554: [GC [PSYoungGen: 11213K->5090K(11264K)] 21455K->15428K(27648K), 0.0040948 secs] [Times: user=0.02 sys=0.00, real=0.00 secs] 
2014-07-09T15:44:28.779+0200: 77.602: [GC [PSYoungGen: 11213K->3105K(11264K)] 21551K->13451K(27648K), 0.0020403 secs] [Times: user=0.03 sys=0.00, real=0.00 secs] 
2014-07-09T15:44:28.783+0200: 77.607: [GC [PSYoungGen: 9234K->512K(11264K)] 19580K->10866K(27648K), 0.0008084 secs] [Times: user=0.00 sys=0.00, real=0.00 secs] 
2014-07-09T15:44:28.786+0200: 77.610: [GC [PSYoungGen: 6633K->5090K(11264K)] 16987K->16933K(27648K), 0.0049942 secs] [Times: user=0.00 sys=0.00, real=0.00 secs] 
2014-07-09T15:44:28.829+0200: 77.652: [GC [PSYoungGen: 11216K->3521K(11264K)] 23060K->15364K(27648K), 0.0021312 secs] [Times: user=0.00 sys=0.00, real=0.00 secs] 
2014-07-09T15:44:28.878+0200: 77.702: [GC [PSYoungGen: 9644K->1440K(11264K)] 21487K->13291K(27648K), 0.0010126 secs] [Times: user=0.00 sys=0.00, real=0.00 secs] 
2014-07-09T15:44:28.882+0200: 77.706: [GC [PSYoungGen: 7561K->5090K(11264K)] 19412K->19358K(27648K), 0.0056680 secs] [Times: user=0.00 sys=0.00, real=0.01 secs] 
2014-07-09T15:44:28.888+0200: 77.711: [Full GC [PSYoungGen: 5090K->0K(11264K)] [ParOldGen: 14268K->8034K(16384K)] 19358K->8034K(27648K) [PSPermGen: 2476K->2476K(21504K)], 0.0118981 secs] [Times: user=0.03 sys=0.00, real=0.01 secs] 
2014-07-09T15:44:28.903+0200: 77.726: [GC [PSYoungGen: 6122K->5090K(11264K)] 14157K->13509K(27648K), 0.0140810 secs] [Times: user=0.03 sys=0.00, real=0.01 secs] 
2014-07-09T15:44:28.929+0200: 77.752: [GC [PSYoungGen: 11213K->3361K(11264K)] 19631K->11788K(27648K), 0.0077219 secs] [Times: user=0.02 sys=0.00, real=0.01 secs] 
2014-07-09T15:44:28.978+0200: 77.801: [GC [PSYoungGen: 9484K->1312K(11264K)] 17911K->9747K(27648K), 0.0007728 secs] [Times: user=0.00 sys=0.00, real=0.00 secs] 
2014-07-09T15:44:28.981+0200: 77.804: [GC [PSYoungGen: 7433K->5090K(11264K)] 15868K->15814K(27648K), 0.0061135 secs] [Times: user=0.03 sys=0.00, real=0.01 secs] 
2014-07-09T15:44:28.989+0200: 77.812: [GC [PSYoungGen: 11213K->5090K(11264K)] 21937K->16070K(27648K), 0.0041784 secs] [Times: user=0.00 sys=0.00, real=0.00 secs] 
2014-07-09T15:44:29.029+0200: 77.852: [GC [PSYoungGen: 11218K->2241K(11264K)] 22198K->13228K(27648K), 0.0015941 secs] [Times: user=0.03 sys=0.00, real=0.00 secs] 
2014-07-09T15:44:29.078+0200: 77.901: [GC [PSYoungGen: 8364K->160K(11264K)] 19351K->11155K(27648K), 0.0005778 secs] [Times: user=0.00 sys=0.00, real=0.00 secs] 
2014-07-09T15:44:29.080+0200: 77.904: [GC [PSYoungGen: 6281K->5090K(11264K)] 17276K->17222K(27648K), 0.0047973 secs] [Times: user=0.00 sys=0.00, real=0.01 secs] 
2014-07-09T15:44:29.087+0200: 77.911: [GC [PSYoungGen: 11213K->4194K(11264K)] 23345K->16326K(27648K), 0.0032124 secs] [Times: user=0.00 sys=0.00, real=0.00 secs] 
2014-07-09T15:44:29.129+0200: 77.952: [GC [PSYoungGen: 10315K->2113K(11264K)] 22447K->14253K(27648K), 0.0012007 secs] [Times: user=0.00 sys=0.00, real=0.00 secs] 
2014-07-09T15:44:29.132+0200: 77.955: [GC [PSYoungGen: 8233K->5090K(11264K)] 20374K->20320K(27648K), 0.0060860 secs] [Times: user=0.00 sys=0.00, real=0.01 secs] 
2014-07-09T15:44:29.138+0200: 77.962: [Full GC [PSYoungGen: 5090K->0K(11264K)] [ParOldGen: 15229K->8707K(16384K)] 20320K->8707K(27648K) [PSPermGen: 2476K->2476K(21504K)], 0.0105350 secs] [Times: user=0.03 sys=0.00, real=0.01 secs] 
2014-07-09T15:44:29.179+0200: 78.003: [GC [PSYoungGen: 6122K->5090K(11264K)] 14829K->14854K(27648K), 0.0047592 secs] [Times: user=0.00 sys=0.00, real=0.01 secs] 
2014-07-09T15:44:29.187+0200: 78.010: [GC [PSYoungGen: 11213K->4065K(11264K)] 20977K->13837K(27648K), 0.0030525 secs] [Times: user=0.00 sys=0.00, real=0.00 secs] 
2014-07-09T15:44:29.228+0200: 78.052: [GC [PSYoungGen: 10188K->1984K(11264K)] 19960K->11764K(27648K), 0.0010024 secs] [Times: user=0.00 sys=0.00, real=0.00 secs] 
2014-07-09T15:44:29.232+0200: 78.055: [GC [PSYoungGen: 8105K->5090K(11264K)] 17885K->17831K(27648K), 0.0064082 secs] [Times: user=0.00 sys=0.00, real=0.01 secs] 
2014-07-09T15:44:29.279+0200: 78.103: [GC [PSYoungGen: 11213K->5090K(11264K)] 23954K->18760K(27648K), 0.0047474 secs] [Times: user=0.00 sys=0.00, real=0.00 secs] 
2014-07-09T15:44:29.284+0200: 78.108: [Full GC [PSYoungGen: 5090K->0K(11264K)] [ParOldGen: 13669K->6498K(16384K)] 18760K->6498K(27648K) [PSPermGen: 2476K->2476K(21504K)], 0.0091220 secs] [Times: user=0.00 sys=0.00, real=0.01 secs] 
2014-07-09T15:44:29.296+0200: 78.119: [GC [PSYoungGen: 6122K->3937K(11264K)] 12621K->10436K(27648K), 0.0029865 secs] [Times: user=0.00 sys=0.00, real=0.00 secs] 
2014-07-09T15:44:29.301+0200: 78.125: [GC [PSYoungGen: 10081K->160K(11264K)] 16579K->6666K(27648K), 0.0006746 secs] [Times: user=0.00 sys=0.00, real=0.00 secs] 
2014-07-09T15:44:29.329+0200: 78.152: [GC [PSYoungGen: 6282K->5090K(11264K)] 12788K->12308K(27648K), 0.0045755 secs] [Times: user=0.00 sys=0.00, real=0.01 secs] 
2014-07-09T15:44:29.380+0200: 78.203: [GC [PSYoungGen: 11213K->3713K(11264K)] 18431K->10940K(27648K), 0.0044959 secs] [Times: user=0.00 sys=0.00, real=0.00 secs] 
2014-07-09T15:44:29.389+0200: 78.213: [GC [PSYoungGen: 9836K->1632K(11264K)] 17063K->8867K(27648K), 0.0024949 secs] [Times: user=0.00 sys=0.00, real=0.00 secs] 
2014-07-09T15:44:29.397+0200: 78.220: [GC [PSYoungGen: 7753K->5090K(11264K)] 14988K->14934K(27648K), 0.0095568 secs] [Times: user=0.03 sys=0.00, real=0.01 secs] 
2014-07-09T15:44:29.429+0200: 78.253: [GC [PSYoungGen: 11213K->5090K(11264K)] 21057K->15510K(27648K), 0.0044831 secs] [Times: user=0.00 sys=0.00, real=0.01 secs] 
2014-07-09T15:44:29.480+0200: 78.303: [GC [PSYoungGen: 11213K->3585K(11264K)] 21633K->14013K(27648K), 0.0044519 secs] [Times: user=0.03 sys=0.00, real=0.00 secs] 
2014-07-09T15:44:29.490+0200: 78.313: [GC [PSYoungGen: 9708K->1504K(11264K)] 20136K->11940K(27648K), 0.0022731 secs] [Times: user=0.00 sys=0.00, real=0.00 secs] 
2014-07-09T15:44:29.497+0200: 78.320: [GC [PSYoungGen: 7625K->5090K(11264K)] 18061K->18007K(27648K), 0.0062334 secs] [Times: user=0.03 sys=0.00, real=0.01 secs] 
2014-07-09T15:44:29.530+0200: 78.353: [GC [PSYoungGen: 11213K->5090K(11264K)] 24130K->18455K(27648K), 0.0043650 secs] [Times: user=0.00 sys=0.00, real=0.00 secs] 
2014-07-09T15:44:29.534+0200: 78.358: [Full GC [PSYoungGen: 5090K->0K(11264K)] [ParOldGen: 13365K->5944K(16384K)] 18455K->5944K(27648K) [PSPermGen: 2476K->2476K(21504K)], 0.0142089 secs] [Times: user=0.01 sys=0.00, real=0.02 secs] 
2014-07-09T15:44:29.579+0200: 78.402: [GC [PSYoungGen: 6128K->2401K(11264K)] 12072K->8345K(27648K), 0.0126141 secs] [Times: user=0.02 sys=0.00, real=0.01 secs] 
2014-07-09T15:44:29.594+0200: 78.417: [GC [PSYoungGen: 8524K->320K(11264K)] 14468K->6272K(27648K), 0.0034859 secs] [Times: user=0.00 sys=0.00, real=0.00 secs] 
2014-07-09T15:44:29.599+0200: 78.423: [GC [PSYoungGen: 6441K->5090K(11264K)] 12393K->12371K(27648K), 0.0048673 secs] [Times: user=0.00 sys=0.00, real=0.01 secs] 
2014-07-09T15:44:29.629+0200: 78.452: [GC [PSYoungGen: 11213K->4386K(11264K)] 18494K->11667K(27648K), 0.0029891 secs] [Times: user=0.00 sys=0.00, real=0.00 secs] 
2014-07-09T15:44:29.679+0200: 78.502: [GC [PSYoungGen: 10509K->2305K(11264K)] 17790K->9594K(27648K), 0.0023669 secs] [Times: user=0.00 sys=0.00, real=0.00 secs] 
2014-07-09T15:44:29.687+0200: 78.511: [GC [PSYoungGen: 8428K->224K(11264K)] 15717K->7521K(27648K), 0.0015164 secs] [Times: user=0.00 sys=0.00, real=0.00 secs] 
2014-07-09T15:44:29.693+0200: 78.517: [GC [PSYoungGen: 6345K->5090K(11264K)] 13642K->13588K(27648K), 0.0083748 secs] [Times: user=0.02 sys=0.00, real=0.01 secs] 
2014-07-09T15:44:29.729+0200: 78.553: [GC [PSYoungGen: 11213K->4258K(11264K)] 19710K->12755K(27648K), 0.0031134 secs] [Times: user=0.03 sys=0.00, real=0.00 secs] 
2014-07-09T15:44:29.779+0200: 78.602: [GC [PSYoungGen: 10381K->2177K(11264K)] 18878K->10682K(27648K), 0.0023739 secs] [Times: user=0.00 sys=0.00, real=0.00 secs] 
2014-07-09T15:44:29.786+0200: 78.610: [GC [PSYoungGen: 8316K->96K(11264K)] 16821K->8609K(27648K), 0.0014104 secs] [Times: user=0.00 sys=0.00, real=0.00 secs] 
2014-07-09T15:44:29.792+0200: 78.616: [GC [PSYoungGen: 6212K->4674K(11264K)] 14725K->13195K(27648K), 0.0052757 secs] [Times: user=0.03 sys=0.00, real=0.01 secs] 
2014-07-09T15:44:29.828+0200: 78.652: [GC [PSYoungGen: 10797K->2593K(11264K)] 19318K->11122K(27648K), 0.0014423 secs] [Times: user=0.00 sys=0.00, real=0.00 secs] 
2014-07-09T15:44:29.878+0200: 78.701: [GC [PSYoungGen: 8716K->512K(11264K)] 17245K->9049K(27648K), 0.0007351 secs] [Times: user=0.00 sys=0.00, real=0.00 secs] 
2014-07-09T15:44:29.881+0200: 78.705: [GC [PSYoungGen: 6633K->5090K(11264K)] 15170K->15116K(27648K), 0.0051427 secs] [Times: user=0.00 sys=0.02, real=0.01 secs] 
2014-07-09T15:44:29.889+0200: 78.712: [GC [PSYoungGen: 11213K->4546K(11264K)] 21239K->14572K(27648K), 0.0035713 secs] [Times: user=0.00 sys=0.00, real=0.00 secs] 
2014-07-09T15:44:29.929+0200: 78.752: [GC [PSYoungGen: 10669K->2433K(11264K)] 20695K->12467K(27648K), 0.0078187 secs] [Times: user=0.02 sys=0.00, real=0.01 secs] 
2014-07-09T15:44:29.978+0200: 78.801: [GC [PSYoungGen: 8556K->384K(11264K)] 18590K->10426K(27648K), 0.0013712 secs] [Times: user=0.00 sys=0.00, real=0.00 secs] 
2014-07-09T15:44:29.983+0200: 78.807: [GC [PSYoungGen: 6505K->5090K(11264K)] 16547K->16493K(27648K), 0.0085119 secs] [Times: user=0.00 sys=0.00, real=0.01 secs] 
2014-07-09T15:44:29.996+0200: 78.819: [GC [PSYoungGen: 11213K->4418K(11264K)] 22616K->15821K(27648K), 0.0067312 secs] [Times: user=0.03 sys=0.00, real=0.01 secs] 
2014-07-09T15:44:30.029+0200: 78.852: [GC [PSYoungGen: 10541K->2337K(11264K)] 21944K->13748K(27648K), 0.0017206 secs] [Times: user=0.00 sys=0.00, real=0.00 secs] 
2014-07-09T15:44:30.034+0200: 78.857: [GC [PSYoungGen: 8480K->288K(11264K)] 19891K->11706K(27648K), 0.0008693 secs] [Times: user=0.00 sys=0.00, real=0.00 secs] 
2014-07-09T15:44:30.080+0200: 78.904: [GC [PSYoungGen: 6431K->4866K(11264K)] 17850K->16293K(27648K), 0.0061080 secs] [Times: user=0.00 sys=0.00, real=0.01 secs] 
2014-07-09T15:44:30.092+0200: 78.915: [GC [PSYoungGen: 10989K->2753K(11264K)] 22416K->14188K(27648K), 0.0054844 secs] [Times: user=0.00 sys=0.00, real=0.00 secs] 
2014-07-09T15:44:30.128+0200: 78.951: [GC [PSYoungGen: 8876K->704K(11264K)] 20311K->12147K(27648K), 0.0007974 secs] [Times: user=0.00 sys=0.00, real=0.00 secs] 
2014-07-09T15:44:30.132+0200: 78.955: [GC [PSYoungGen: 6825K->5090K(11264K)] 18268K->18214K(27648K), 0.0050191 secs] [Times: user=0.02 sys=0.00, real=0.01 secs] 
2014-07-09T15:44:30.179+0200: 79.002: [GC [PSYoungGen: 11213K->4738K(11264K)] 24337K->17861K(27648K), 0.0033686 secs] [Times: user=0.00 sys=0.00, real=0.00 secs] 
2014-07-09T15:44:30.185+0200: 79.008: [GC [PSYoungGen: 10861K->2657K(11264K)] 23984K->15788K(27648K), 0.0017767 secs] [Times: user=0.00 sys=0.00, real=0.00 secs] 
2014-07-09T15:44:30.228+0200: 79.052: [GC [PSYoungGen: 8780K->576K(11264K)] 21911K->13715K(27648K), 0.0017275 secs] [Times: user=0.00 sys=0.00, real=0.00 secs] 
2014-07-09T15:44:30.234+0200: 79.058: [GC [PSYoungGen: 6697K->5090K(11264K)] 19836K->19782K(27648K), 0.0085838 secs] [Times: user=0.00 sys=0.00, real=0.01 secs] 
2014-07-09T15:44:30.243+0200: 79.067: [Full GC [PSYoungGen: 5090K->0K(11264K)] [ParOldGen: 14692K->7161K(16384K)] 19782K->7161K(27648K) [PSPermGen: 2476K->2476K(21504K)], 0.0132964 secs] [Times: user=0.03 sys=0.00, real=0.01 secs] 
2014-07-09T15:44:30.279+0200: 79.102: [GC [PSYoungGen: 6122K->4610K(11264K)] 13284K->11771K(27648K), 0.0034694 secs] [Times: user=0.00 sys=0.00, real=0.00 secs] 
2014-07-09T15:44:30.285+0200: 79.109: [GC [PSYoungGen: 10733K->2529K(11264K)] 17894K->9698K(27648K), 0.0020546 secs] [Times: user=0.00 sys=0.00, real=0.00 secs] 
2014-07-09T15:44:30.290+0200: 79.113: [GC [PSYoungGen: 8668K->544K(11264K)] 15837K->7721K(27648K), 0.0009415 secs] [Times: user=0.00 sys=0.00, real=0.00 secs] 
2014-07-09T15:44:30.329+0200: 79.152: [GC [PSYoungGen: 6665K->4898K(11264K)] 13842K->12083K(27648K), 0.0034049 secs] [Times: user=0.00 sys=0.00, real=0.00 secs] 
2014-07-09T15:44:30.380+0200: 79.203: [GC [PSYoungGen: 11021K->2817K(11264K)] 18206K->10010K(27648K), 0.0028227 secs] [Times: user=0.00 sys=0.00, real=0.00 secs] 
2014-07-09T15:44:30.388+0200: 79.211: [GC [PSYoungGen: 8940K->736K(11264K)] 16133K->7937K(27648K), 0.0019391 secs] [Times: user=0.00 sys=0.00, real=0.00 secs] 
2014-07-09T15:44:30.394+0200: 79.218: [GC [PSYoungGen: 6857K->5090K(11264K)] 14058K->14004K(27648K), 0.0058891 secs] [Times: user=0.00 sys=0.00, real=0.01 secs] 
2014-07-09T15:44:30.429+0200: 79.253: [GC [PSYoungGen: 11213K->4770K(11264K)] 20127K->13684K(27648K), 0.0033095 secs] [Times: user=0.02 sys=0.00, real=0.00 secs] 
2014-07-09T15:44:30.479+0200: 79.302: [GC [PSYoungGen: 10893K->2689K(11264K)] 19807K->11611K(27648K), 0.0017290 secs] [Times: user=0.03 sys=0.00, real=0.00 secs] 
2014-07-09T15:44:30.483+0200: 79.307: [GC [PSYoungGen: 8812K->608K(11264K)] 17734K->9538K(27648K), 0.0010735 secs] [Times: user=0.00 sys=0.00, real=0.00 secs] 
2014-07-09T15:44:30.487+0200: 79.311: [GC [PSYoungGen: 6729K->5090K(11264K)] 15659K->15605K(27648K), 0.0054000 secs] [Times: user=0.00 sys=0.00, real=0.01 secs] 
2014-07-09T15:44:30.530+0200: 79.353: [GC [PSYoungGen: 11213K->4642K(11264K)] 21728K->15157K(27648K), 0.0033062 secs] [Times: user=0.00 sys=0.00, real=0.00 secs] 
2014-07-09T15:44:30.579+0200: 79.402: [GC [PSYoungGen: 10768K->1536K(11264K)] 21283K->12059K(27648K), 0.0021327 secs] [Times: user=0.00 sys=0.00, real=0.00 secs] 
2014-07-09T15:44:30.585+0200: 79.409: [GC [PSYoungGen: 7657K->5090K(11264K)] 18180K->18126K(27648K), 0.0097907 secs] [Times: user=0.03 sys=0.00, real=0.01 secs] 
2014-07-09T15:44:30.600+0200: 79.423: [GC [PSYoungGen: 11213K->5090K(11264K)] 24249K->18606K(27648K), 0.0066411 secs] [Times: user=0.03 sys=0.00, real=0.01 secs] 
2014-07-09T15:44:30.629+0200: 79.453: [GC [PSYoungGen: 11213K->3489K(11264K)] 24729K->17013K(27648K), 0.0021638 secs] [Times: user=0.00 sys=0.00, real=0.00 secs] 
2014-07-09T15:44:30.679+0200: 79.503: [GC [PSYoungGen: 9612K->1376K(11264K)] 23136K->14908K(27648K), 0.0016703 secs] [Times: user=0.00 sys=0.00, real=0.00 secs] 
2014-07-09T15:44:30.684+0200: 79.508: [GC [PSYoungGen: 7497K->5090K(11264K)] 21029K->20999K(27648K), 0.0096848 secs] [Times: user=0.00 sys=0.00, real=0.01 secs] 
2014-07-09T15:44:30.694+0200: 79.518: [Full GC [PSYoungGen: 5090K->0K(11264K)] [ParOldGen: 15909K->7998K(16384K)] 20999K->7998K(27648K) [PSPermGen: 2476K->2476K(21504K)], 0.0103784 secs] [Times: user=0.02 sys=0.00, real=0.01 secs] 
2014-07-09T15:44:30.708+0200: 79.531: [GC [PSYoungGen: 6122K->5090K(11264K)] 14121K->13441K(27648K), 0.0043511 secs] [Times: user=0.00 sys=0.00, real=0.00 secs] 
2014-07-09T15:44:30.729+0200: 79.552: [GC [PSYoungGen: 11213K->3361K(11264K)] 19564K->11720K(27648K), 0.0025455 secs] [Times: user=0.03 sys=0.00, real=0.00 secs] 
2014-07-09T15:44:30.778+0200: 79.602: [GC [PSYoungGen: 9484K->1280K(11264K)] 17843K->9647K(27648K), 0.0008744 secs] [Times: user=0.00 sys=0.00, real=0.00 secs] 
2014-07-09T15:44:30.782+0200: 79.605: [GC [PSYoungGen: 7401K->5090K(11264K)] 15768K->15714K(27648K), 0.0052259 secs] [Times: user=0.00 sys=0.00, real=0.00 secs] 
2014-07-09T15:44:30.790+0200: 79.614: [GC [PSYoungGen: 11222K->3777K(11264K)] 21846K->14402K(27648K), 0.0028875 secs] [Times: user=0.03 sys=0.00, real=0.00 secs] 
2014-07-09T15:44:30.829+0200: 79.652: [GC [PSYoungGen: 9906K->1184K(11264K)] 20530K->11816K(27648K), 0.0007692 secs] [Times: user=0.00 sys=0.00, real=0.00 secs] 
2014-07-09T15:44:30.832+0200: 79.655: [GC [PSYoungGen: 7305K->5090K(11264K)] 17937K->17883K(27648K), 0.0055210 secs] [Times: user=0.00 sys=0.00, real=0.00 secs] 
2014-07-09T15:44:30.880+0200: 79.703: [GC [PSYoungGen: 11213K->5090K(11264K)] 24006K->18011K(27648K), 0.0043328 secs] [Times: user=0.00 sys=0.00, real=0.00 secs] 
2014-07-09T15:44:30.887+0200: 79.711: [GC [PSYoungGen: 11213K->3137K(11264K)] 24134K->16066K(27648K), 0.0023409 secs] [Times: user=0.00 sys=0.00, real=0.00 secs] 
2014-07-09T15:44:30.928+0200: 79.751: [GC [PSYoungGen: 9260K->1056K(11264K)] 22189K->13993K(27648K), 0.0007486 secs] [Times: user=0.00 sys=0.00, real=0.00 secs] 
2014-07-09T15:44:30.931+0200: 79.755: [GC [PSYoungGen: 7177K->5090K(11264K)] 20114K->20060K(27648K), 0.0057234 secs] [Times: user=0.03 sys=0.00, real=0.01 secs] 
2014-07-09T15:44:30.937+0200: 79.761: [Full GC [PSYoungGen: 5090K->0K(11264K)] [ParOldGen: 14970K->7648K(16384K)] 20060K->7648K(27648K) [PSPermGen: 2476K->2476K(21504K)], 0.0102208 secs] [Times: user=0.00 sys=0.00, real=0.01 secs] 
2014-07-09T15:44:30.979+0200: 79.803: [GC [PSYoungGen: 6122K->5058K(11264K)] 13771K->12706K(27648K), 0.0177777 secs] [Times: user=0.02 sys=0.00, real=0.02 secs] 
2014-07-09T15:44:30.999+0200: 79.823: [GC [PSYoungGen: 11181K->3009K(11264K)] 18829K->10665K(27648K), 0.0031684 secs] [Times: user=0.00 sys=0.00, real=0.00 secs] 
2014-07-09T15:44:31.028+0200: 79.851: [GC [PSYoungGen: 9151K->1216K(11264K)] 16808K->8880K(27648K), 0.0007201 secs] [Times: user=0.00 sys=0.00, real=0.00 secs] 
2014-07-09T15:44:31.031+0200: 79.854: [GC [PSYoungGen: 7355K->5090K(11264K)] 15019K->13723K(27648K), 0.0058055 secs] [Times: user=0.00 sys=0.00, real=0.01 secs] 
2014-07-09T15:44:31.079+0200: 79.902: [GC [PSYoungGen: 11213K->3969K(11264K)] 19846K->12610K(27648K), 0.0033814 secs] [Times: user=0.00 sys=0.00, real=0.00 secs] 
2014-07-09T15:44:31.085+0200: 79.908: [GC [PSYoungGen: 10092K->1888K(11264K)] 18733K->10537K(27648K), 0.0014034 secs] [Times: user=0.00 sys=0.00, real=0.00 secs] 
2014-07-09T15:44:31.088+0200: 79.912: [GC [PSYoungGen: 8009K->5090K(11264K)] 16658K->16604K(27648K), 0.0063063 secs] [Times: user=0.00 sys=0.02, real=0.01 secs] 
2014-07-09T15:44:31.129+0200: 79.953: [GC [PSYoungGen: 11213K->5090K(11264K)] 22727K->17437K(27648K), 0.0046074 secs] [Times: user=0.00 sys=0.00, real=0.01 secs] 
2014-07-09T15:44:31.179+0200: 80.002: [GC [PSYoungGen: 11213K->3841K(11264K)] 23560K->16196K(27648K), 0.0024359 secs] [Times: user=0.00 sys=0.00, real=0.00 secs] 
2014-07-09T15:44:31.184+0200: 80.007: [GC [PSYoungGen: 9964K->1760K(11264K)] 22319K->14123K(27648K), 0.0014474 secs] [Times: user=0.00 sys=0.00, real=0.00 secs] 
2014-07-09T15:44:31.188+0200: 80.011: [GC [PSYoungGen: 7881K->5090K(11264K)] 20244K->20190K(27648K), 0.0055569 secs] [Times: user=0.00 sys=0.00, real=0.01 secs] 
2014-07-09T15:44:31.194+0200: 80.017: [Full GC [PSYoungGen: 5090K->0K(11264K)] [ParOldGen: 15100K->8353K(16384K)] 20190K->8353K(27648K) [PSPermGen: 2476K->2476K(21504K)], 0.0262310 secs] [Times: user=0.03 sys=0.00, real=0.03 secs] 
2014-07-09T15:44:31.230+0200: 80.053: [GC [PSYoungGen: 6122K->5090K(11264K)] 14476K->14148K(27648K), 0.0044948 secs] [Times: user=0.00 sys=0.00, real=0.00 secs] 
2014-07-09T15:44:31.279+0200: 80.102: [GC [PSYoungGen: 11213K->3713K(11264K)] 20271K->12779K(27648K), 0.0022423 secs] [Times: user=0.00 sys=0.00, real=0.00 secs] 
2014-07-09T15:44:31.283+0200: 80.107: [GC [PSYoungGen: 9836K->1632K(11264K)] 18902K->10706K(27648K), 0.0014907 secs] [Times: user=0.00 sys=0.00, real=0.00 secs] 
2014-07-09T15:44:31.287+0200: 80.111: [GC [PSYoungGen: 7753K->5090K(11264K)] 16827K->16773K(27648K), 0.0058653 secs] [Times: user=0.03 sys=0.00, real=0.01 secs] 
2014-07-09T15:44:31.329+0200: 80.152: [GC [PSYoungGen: 11227K->4001K(11264K)] 22910K->15684K(27648K), 0.0026547 secs] [Times: user=0.00 sys=0.00, real=0.00 secs] 
2014-07-09T15:44:31.379+0200: 80.203: [GC [PSYoungGen: 10124K->1888K(11264K)] 21807K->13579K(27648K), 0.0352089 secs] [Times: user=0.00 sys=0.00, real=0.04 secs] 
2014-07-09T15:44:31.418+0200: 80.242: [GC [PSYoungGen: 8009K->5090K(11264K)] 19700K->19678K(27648K), 0.0056534 secs] [Times: user=0.00 sys=0.00, real=0.01 secs] 
2014-07-09T15:44:31.424+0200: 80.248: [Full GC [PSYoungGen: 5090K->0K(11264K)] [ParOldGen: 14588K->8515K(16384K)] 19678K->8515K(27648K) [PSPermGen: 2476K->2476K(21504K)], 0.0119322 secs] [Times: user=0.03 sys=0.00, real=0.01 secs] 
2014-07-09T15:44:31.439+0200: 80.262: [GC [PSYoungGen: 6122K->5090K(11264K)] 14638K->14470K(27648K), 0.0047042 secs] [Times: user=0.00 sys=0.00, real=0.01 secs] 
2014-07-09T15:44:31.446+0200: 80.269: [GC [PSYoungGen: 11213K->3873K(11264K)] 20593K->13261K(27648K), 0.0031610 secs] [Times: user=0.03 sys=0.00, real=0.00 secs] 
2014-07-09T15:44:31.478+0200: 80.302: [GC [PSYoungGen: 9996K->1760K(11264K)] 19384K->11156K(27648K), 0.0015457 secs] [Times: user=0.02 sys=0.00, real=0.00 secs] 
2014-07-09T15:44:31.482+0200: 80.305: [GC [PSYoungGen: 7881K->5090K(11264K)] 17277K->17255K(27648K), 0.0061875 secs] [Times: user=0.00 sys=0.00, real=0.01 secs] 
2014-07-09T15:44:31.490+0200: 80.314: [GC [PSYoungGen: 11213K->5090K(11264K)] 23378K->17991K(27648K), 0.0051438 secs] [Times: user=0.03 sys=0.00, real=0.01 secs] 
2014-07-09T15:44:31.529+0200: 80.352: [GC [PSYoungGen: 11213K->3745K(11264K)] 24114K->16655K(27648K), 0.0022910 secs] [Times: user=0.00 sys=0.00, real=0.00 secs] 
2014-07-09T15:44:31.578+0200: 80.401: [GC [PSYoungGen: 9880K->128K(11264K)] 22789K->13045K(27648K), 0.0013561 secs] [Times: user=0.00 sys=0.00, real=0.00 secs] 
2014-07-09T15:44:31.583+0200: 80.406: [GC [PSYoungGen: 6249K->5090K(11264K)] 19166K->19112K(27648K), 0.0086029 secs] [Times: user=0.03 sys=0.00, real=0.01 secs] 
2014-07-09T15:44:31.592+0200: 80.415: [Full GC [PSYoungGen: 5090K->0K(11264K)] [ParOldGen: 14021K->6723K(16384K)] 19112K->6723K(27648K) [PSPermGen: 2476K->2476K(21504K)], 0.0237632 secs] [Times: user=0.02 sys=0.00, real=0.02 secs] 
2014-07-09T15:44:31.622+0200: 80.445: [GC [PSYoungGen: 6120K->4162K(11264K)] 12844K->10885K(27648K), 0.0046968 secs] [Times: user=0.00 sys=0.00, real=0.01 secs] 
2014-07-09T15:44:31.630+0200: 80.453: [GC [PSYoungGen: 10282K->2080K(11264K)] 17006K->8812K(27648K), 0.0016425 secs] [Times: user=0.00 sys=0.00, real=0.00 secs] 
2014-07-09T15:44:31.635+0200: 80.458: [GC [PSYoungGen: 8201K->5090K(11264K)] 14933K->14879K(27648K), 0.0057102 secs] [Times: user=0.00 sys=0.00, real=0.01 secs] 
2014-07-09T15:44:31.679+0200: 80.503: [GC [PSYoungGen: 11213K->5090K(11264K)] 21002K->15903K(27648K), 0.0050378 secs] [Times: user=0.03 sys=0.00, real=0.01 secs] 
2014-07-09T15:44:31.686+0200: 80.510: [GC [PSYoungGen: 11213K->4033K(11264K)] 22026K->14855K(27648K), 0.0031907 secs] [Times: user=0.00 sys=0.00, real=0.00 secs] 
2014-07-09T15:44:31.728+0200: 80.552: [GC [PSYoungGen: 10156K->1952K(11264K)] 20978K->12782K(27648K), 0.0010387 secs] [Times: user=0.00 sys=0.00, real=0.00 secs] 
2014-07-09T15:44:31.732+0200: 80.555: [GC [PSYoungGen: 8073K->5090K(11264K)] 18903K->18849K(27648K), 0.0061666 secs] [Times: user=0.00 sys=0.00, real=0.01 secs] 
2014-07-09T15:44:31.738+0200: 80.562: [Full GC [PSYoungGen: 5090K->0K(11264K)] [ParOldGen: 13758K->8548K(16384K)] 18849K->8548K(27648K) [PSPermGen: 2476K->2476K(21504K)], 0.0108320 secs] [Times: user=0.02 sys=0.00, real=0.01 secs] 
2014-07-09T15:44:31.779+0200: 80.603: [GC [PSYoungGen: 6122K->5090K(11264K)] 14671K->14535K(27648K), 0.0046096 secs] [Times: user=0.00 sys=0.00, real=0.00 secs] 
2014-07-09T15:44:31.787+0200: 80.610: [GC [PSYoungGen: 11213K->3905K(11264K)] 20658K->13358K(27648K), 0.0027882 secs] [Times: user=0.00 sys=0.00, real=0.00 secs] 
2014-07-09T15:44:31.828+0200: 80.651: [GC [PSYoungGen: 10040K->288K(11264K)] 19492K->9748K(27648K), 0.0005301 secs] [Times: user=0.00 sys=0.00, real=0.00 secs] 
2014-07-09T15:44:31.830+0200: 80.654: [GC [PSYoungGen: 6409K->5090K(11264K)] 15869K->15815K(27648K), 0.0051467 secs] [Times: user=0.00 sys=0.00, real=0.01 secs] 
2014-07-09T15:44:31.879+0200: 80.703: [GC [PSYoungGen: 11213K->4290K(11264K)] 21938K->15015K(27648K), 0.0126310 secs] [Times: user=0.01 sys=0.00, real=0.01 secs] 
2014-07-09T15:44:31.895+0200: 80.718: [GC [PSYoungGen: 10413K->2241K(11264K)] 21138K->12974K(27648K), 0.0046950 secs] [Times: user=0.02 sys=0.00, real=0.01 secs] 
2014-07-09T15:44:31.930+0200: 80.754: [GC [PSYoungGen: 8364K->128K(11264K)] 19097K->10869K(27648K), 0.0009870 secs] [Times: user=0.00 sys=0.02, real=0.00 secs] 
2014-07-09T15:44:31.934+0200: 80.757: [GC [PSYoungGen: 6249K->5090K(11264K)] 16990K->16968K(27648K), 0.0052336 secs] [Times: user=0.00 sys=0.00, real=0.00 secs] 
2014-07-09T15:44:31.979+0200: 80.802: [GC [PSYoungGen: 11213K->4194K(11264K)] 23091K->16071K(27648K), 0.0028846 secs] [Times: user=0.00 sys=0.00, real=0.00 secs] 
2014-07-09T15:44:31.984+0200: 80.807: [GC [PSYoungGen: 10315K->2113K(11264K)] 22192K->13998K(27648K), 0.0017151 secs] [Times: user=0.00 sys=0.00, real=0.00 secs] 
2014-07-09T15:44:31.988+0200: 80.812: [GC [PSYoungGen: 8233K->5090K(11264K)] 20119K->20065K(27648K), 0.0059778 secs] [Times: user=0.03 sys=0.00, real=0.01 secs] 
2014-07-09T15:44:31.995+0200: 80.818: [Full GC [PSYoungGen: 5090K->0K(11264K)] [ParOldGen: 14975K->8709K(16384K)] 20065K->8709K(27648K) [PSPermGen: 2476K->2476K(21504K)], 0.0104635 secs] [Times: user=0.00 sys=0.00, real=0.01 secs] 
2014-07-09T15:44:32.029+0200: 80.853: [GC [PSYoungGen: 6122K->5090K(11264K)] 14831K->14856K(27648K), 0.0051438 secs] [Times: user=0.00 sys=0.00, real=0.01 secs] 
2014-07-09T15:44:32.080+0200: 80.903: [GC [PSYoungGen: 11218K->3041K(11264K)] 20984K->12815K(27648K), 0.0031152 secs] [Times: user=0.00 sys=0.00, real=0.00 secs] 
2014-07-09T15:44:32.088+0200: 80.911: [GC [PSYoungGen: 9164K->960K(11264K)] 18938K->10742K(27648K), 0.0020337 secs] [Times: user=0.00 sys=0.00, real=0.00 secs] 
2014-07-09T15:44:32.095+0200: 80.918: [GC [PSYoungGen: 7081K->5090K(11264K)] 16863K->16809K(27648K), 0.0094303 secs] [Times: user=0.03 sys=0.00, real=0.01 secs] 
2014-07-09T15:44:32.130+0200: 80.953: [GC [PSYoungGen: 11213K->4994K(11264K)] 22932K->16713K(27648K), 0.0036300 secs] [Times: user=0.00 sys=0.00, real=0.00 secs] 
2014-07-09T15:44:32.180+0200: 81.004: [GC [PSYoungGen: 11117K->2881K(11264K)] 22836K->14608K(27648K), 0.0054367 secs] [Times: user=0.02 sys=0.00, real=0.01 secs] 
2014-07-09T15:44:32.191+0200: 81.014: [GC [PSYoungGen: 9004K->832K(11264K)] 20731K->12567K(27648K), 0.0021151 secs] [Times: user=0.00 sys=0.00, real=0.00 secs] 
2014-07-09T15:44:32.197+0200: 81.021: [GC [PSYoungGen: 6953K->5090K(11264K)] 18688K->18626K(27648K), 0.0062953 secs] [Times: user=0.00 sys=0.00, real=0.01 secs] 
2014-07-09T15:44:32.203+0200: 81.027: [Full GC [PSYoungGen: 5090K->0K(11264K)] [ParOldGen: 13535K->7429K(16384K)] 18626K->7429K(27648K) [PSPermGen: 2476K->2476K(21504K)], 0.0110296 secs] [Times: user=0.03 sys=0.00, real=0.01 secs] 
2014-07-09T15:44:32.229+0200: 81.053: [GC [PSYoungGen: 6122K->4866K(11264K)] 13552K->12295K(27648K), 0.0035134 secs] [Times: user=0.00 sys=0.00, real=0.00 secs] 
2014-07-09T15:44:32.279+0200: 81.102: [GC [PSYoungGen: 10989K->2753K(11264K)] 18418K->10190K(27648K), 0.0036828 secs] [Times: user=0.00 sys=0.00, real=0.00 secs] 
2014-07-09T15:44:32.286+0200: 81.109: [GC [PSYoungGen: 8876K->672K(11264K)] 16313K->8117K(27648K), 0.0136975 secs] [Times: user=0.01 sys=0.00, real=0.01 secs] 
2014-07-09T15:44:32.302+0200: 81.125: [GC [PSYoungGen: 6793K->5090K(11264K)] 14238K->14208K(27648K), 0.0062997 secs] [Times: user=0.02 sys=0.00, real=0.01 secs] 
2014-07-09T15:44:32.328+0200: 81.152: [GC [PSYoungGen: 11234K->2561K(11264K)] 20352K->11679K(27648K), 0.0014115 secs] [Times: user=0.00 sys=0.00, real=0.00 secs] 
2014-07-09T15:44:32.378+0200: 81.202: [GC [PSYoungGen: 8684K->480K(11264K)] 17802K->9606K(27648K), 0.0015340 secs] [Times: user=0.00 sys=0.00, real=0.00 secs] 
2014-07-09T15:44:32.383+0200: 81.207: [GC [PSYoungGen: 6601K->5090K(11264K)] 15727K->15673K(27648K), 0.0091880 secs] [Times: user=0.00 sys=0.00, real=0.01 secs] 
2014-07-09T15:44:32.398+0200: 81.221: [GC [PSYoungGen: 11213K->4514K(11264K)] 21796K->15097K(27648K), 0.0065608 secs] [Times: user=0.03 sys=0.00, real=0.01 secs] 
2014-07-09T15:44:32.429+0200: 81.252: [GC [PSYoungGen: 10637K->2433K(11264K)] 21220K->13024K(27648K), 0.0017378 secs] [Times: user=0.03 sys=0.00, real=0.00 secs] 
2014-07-09T15:44:32.478+0200: 81.301: [GC [PSYoungGen: 8556K->320K(11264K)] 19147K->10919K(27648K), 0.0066627 secs] [Times: user=0.00 sys=0.00, real=0.01 secs] 
2014-07-09T15:44:32.487+0200: 81.311: [GC [PSYoungGen: 6441K->5090K(11264K)] 17040K->17018K(27648K), 0.0065670 secs] [Times: user=0.03 sys=0.00, real=0.01 secs] 
2014-07-09T15:44:32.496+0200: 81.320: [GC [PSYoungGen: 11213K->4386K(11264K)] 23141K->16313K(27648K), 0.0044607 secs] [Times: user=0.00 sys=0.00, real=0.00 secs] 
2014-07-09T15:44:32.528+0200: 81.352: [GC [PSYoungGen: 10509K->2305K(11264K)] 22436K->14240K(27648K), 0.0011266 secs] [Times: user=0.00 sys=0.00, real=0.00 secs] 
2014-07-09T15:44:32.532+0200: 81.355: [GC [PSYoungGen: 8444K->256K(11264K)] 20379K->12199K(27648K), 0.0006849 secs] [Times: user=0.00 sys=0.00, real=0.00 secs] 
2014-07-09T15:44:32.581+0200: 81.405: [GC [PSYoungGen: 6398K->5090K(11264K)] 18341K->17298K(27648K), 0.0080834 secs] [Times: user=0.03 sys=0.00, real=0.01 secs] 
2014-07-09T15:44:32.591+0200: 81.415: [GC [PSYoungGen: 11213K->3265K(11264K)] 23421K->15481K(27648K), 0.0026764 secs] [Times: user=0.00 sys=0.00, real=0.00 secs] 
2014-07-09T15:44:32.628+0200: 81.452: [GC [PSYoungGen: 9388K->1184K(11264K)] 21604K->13408K(27648K), 0.0011813 secs] [Times: user=0.00 sys=0.00, real=0.00 secs] 
2014-07-09T15:44:32.632+0200: 81.455: [GC [PSYoungGen: 7305K->5090K(11264K)] 19529K->19475K(27648K), 0.0062319 secs] [Times: user=0.03 sys=0.00, real=0.01 secs] 
2014-07-09T15:44:32.638+0200: 81.462: [Full GC [PSYoungGen: 5090K->0K(11264K)] [ParOldGen: 14384K->7784K(16384K)] 19475K->7784K(27648K) [PSPermGen: 2476K->2476K(21504K)], 0.0142034 secs] [Times: user=0.03 sys=0.00, real=0.02 secs] 
2014-07-09T15:44:32.679+0200: 81.503: [GC [PSYoungGen: 6122K->5090K(11264K)] 13907K->13002K(27648K), 0.0042155 secs] [Times: user=0.00 sys=0.01, real=0.01 secs] 
2014-07-09T15:44:32.687+0200: 81.510: [GC [PSYoungGen: 11213K->3137K(11264K)] 19125K->11057K(27648K), 0.0023328 secs] [Times: user=0.00 sys=0.00, real=0.00 secs] 
2014-07-09T15:44:32.729+0200: 81.552: [GC [PSYoungGen: 9260K->1056K(11264K)] 17180K->8984K(27648K), 0.0011222 secs] [Times: user=0.00 sys=0.00, real=0.00 secs] 
2014-07-09T15:44:32.732+0200: 81.556: [GC [PSYoungGen: 7177K->5090K(11264K)] 15105K->15051K(27648K), 0.0061619 secs] [Times: user=0.00 sys=0.00, real=0.01 secs] 
2014-07-09T15:44:32.780+0200: 81.603: [GC [PSYoungGen: 11213K->5090K(11264K)] 21174K->15051K(27648K), 0.0037905 secs] [Times: user=0.00 sys=0.00, real=0.00 secs] 
2014-07-09T15:44:32.786+0200: 81.610: [GC [PSYoungGen: 11213K->3009K(11264K)] 21174K->12978K(27648K), 0.0024905 secs] [Times: user=0.02 sys=0.00, real=0.00 secs] 
2014-07-09T15:44:32.792+0200: 81.615: [GC [PSYoungGen: 9151K->1216K(11264K)] 19121K->11193K(27648K), 0.0011607 secs] [Times: user=0.00 sys=0.00, real=0.00 secs] 
2014-07-09T15:44:32.832+0200: 81.656: [GC [PSYoungGen: 7328K->5090K(11264K)] 17306K->15460K(27648K), 0.0058543 secs] [Times: user=0.02 sys=0.00, real=0.01 secs] 
2014-07-09T15:44:32.879+0200: 81.703: [GC [PSYoungGen: 11213K->3393K(11264K)] 21583K->13771K(27648K), 0.0046385 secs] [Times: user=0.02 sys=0.00, real=0.01 secs] 
2014-07-09T15:44:32.887+0200: 81.710: [GC [PSYoungGen: 9516K->1344K(11264K)] 19894K->11730K(27648K), 0.0012520 secs] [Times: user=0.00 sys=0.00, real=0.00 secs] 
2014-07-09T15:44:32.894+0200: 81.718: [GC [PSYoungGen: 7465K->5090K(11264K)] 17851K->17789K(27648K), 0.0114911 secs] [Times: user=0.00 sys=0.00, real=0.01 secs] 
2014-07-09T15:44:32.930+0200: 81.754: [GC [PSYoungGen: 11213K->5090K(11264K)] 23912K->18045K(27648K), 0.0224382 secs] [Times: user=0.01 sys=0.00, real=0.02 secs] 
2014-07-09T15:44:32.979+0200: 81.803: [GC [PSYoungGen: 11213K->3297K(11264K)] 24168K->16260K(27648K), 0.0019911 secs] [Times: user=0.00 sys=0.00, real=0.00 secs] 
2014-07-09T15:44:32.984+0200: 81.807: [GC [PSYoungGen: 9420K->1216K(11264K)] 22383K->14187K(27648K), 0.0013224 secs] [Times: user=0.00 sys=0.00, real=0.00 secs] 
2014-07-09T15:44:32.988+0200: 81.811: [GC [PSYoungGen: 7337K->5090K(11264K)] 20308K->20254K(27648K), 0.0179966 secs] [Times: user=0.03 sys=0.00, real=0.02 secs] 
2014-07-09T15:44:33.006+0200: 81.830: [Full GC [PSYoungGen: 5090K->0K(11264K)] [ParOldGen: 15163K->7817K(16384K)] 20254K->7817K(27648K) [PSPermGen: 2476K->2476K(21504K)], 0.0215517 secs] [Times: user=0.03 sys=0.00, real=0.02 secs] 
2014-07-09T15:44:33.030+0200: 81.854: [GC [PSYoungGen: 6122K->5090K(11264K)] 13940K->13068K(27648K), 0.0045099 secs] [Times: user=0.00 sys=0.00, real=0.01 secs] 
2014-07-09T15:44:33.079+0200: 81.902: [GC [PSYoungGen: 11222K->1632K(11264K)] 19200K->9618K(27648K), 0.0019776 secs] [Times: user=0.00 sys=0.00, real=0.00 secs] 
2014-07-09T15:44:33.085+0200: 81.909: [GC [PSYoungGen: 7753K->5090K(11264K)] 15739K->15685K(27648K), 0.0099590 secs] [Times: user=0.00 sys=0.00, real=0.01 secs] 
2014-07-09T15:44:33.099+0200: 81.923: [GC [PSYoungGen: 11213K->5090K(11264K)] 21808K->16261K(27648K), 0.0076940 secs] [Times: user=0.03 sys=0.00, real=0.01 secs] 
2014-07-09T15:44:33.130+0200: 81.953: [GC [PSYoungGen: 11213K->3585K(11264K)] 22384K->14764K(27648K), 0.0044413 secs] [Times: user=0.03 sys=0.00, real=0.00 secs] 
2014-07-09T15:44:33.179+0200: 82.003: [GC [PSYoungGen: 9708K->1472K(11264K)] 20887K->12659K(27648K), 0.0033491 secs] [Times: user=0.00 sys=0.00, real=0.00 secs] 
2014-07-09T15:44:33.187+0200: 82.010: [GC [PSYoungGen: 7593K->5090K(11264K)] 18780K->18758K(27648K), 0.0095077 secs] [Times: user=0.03 sys=0.00, real=0.01 secs] 
2014-07-09T15:44:33.197+0200: 82.020: [Full GC [PSYoungGen: 5090K->0K(11264K)] [ParOldGen: 13668K->8106K(16384K)] 18758K->8106K(27648K) [PSPermGen: 2476K->2476K(21504K)], 0.0217827 secs] [Times: user=0.02 sys=0.00, real=0.02 secs] 
2014-07-09T15:44:33.221+0200: 82.044: [GC [PSYoungGen: 6122K->5090K(11264K)] 14229K->13645K(27648K), 0.0044607 secs] [Times: user=0.00 sys=0.00, real=0.00 secs] 
2014-07-09T15:44:33.229+0200: 82.053: [GC [PSYoungGen: 11213K->3457K(11264K)] 19768K->12020K(27648K), 0.0026393 secs] [Times: user=0.00 sys=0.00, real=0.00 secs] 
2014-07-09T15:44:33.278+0200: 82.102: [GC [PSYoungGen: 9580K->1376K(11264K)] 18143K->9947K(27648K), 0.0009356 secs] [Times: user=0.00 sys=0.00, real=0.00 secs] 
2014-07-09T15:44:33.281+0200: 82.105: [GC [PSYoungGen: 7497K->5090K(11264K)] 16068K->16014K(27648K), 0.0057780 secs] [Times: user=0.00 sys=0.00, real=0.01 secs] 
2014-07-09T15:44:33.290+0200: 82.113: [GC [PSYoungGen: 11225K->4770K(11264K)] 22149K->15694K(27648K), 0.0037784 secs] [Times: user=0.00 sys=0.00, real=0.00 secs] 
2014-07-09T15:44:33.328+0200: 82.152: [GC [PSYoungGen: 10896K->1664K(11264K)] 21820K->12596K(27648K), 0.0009540 secs] [Times: user=0.00 sys=0.00, real=0.00 secs] 
2014-07-09T15:44:33.331+0200: 82.155: [GC [PSYoungGen: 7785K->5090K(11264K)] 18717K->18663K(27648K), 0.0060691 secs] [Times: user=0.02 sys=0.00, real=0.01 secs] 
2014-07-09T15:44:33.338+0200: 82.161: [Full GC [PSYoungGen: 5090K->0K(11264K)] [ParOldGen: 13573K->8268K(16384K)] 18663K->8268K(27648K) [PSPermGen: 2476K->2476K(21504K)], 0.0099227 secs] [Times: user=0.00 sys=0.00, real=0.01 secs] 
2014-07-09T15:44:33.380+0200: 82.203: [GC [PSYoungGen: 6122K->5090K(11264K)] 14391K->13935K(27648K), 0.0047665 secs] [Times: user=0.02 sys=0.00, real=0.00 secs] 
2014-07-09T15:44:33.387+0200: 82.211: [GC [PSYoungGen: 11213K->3617K(11264K)] 20058K->12470K(27648K), 0.0031805 secs] [Times: user=0.00 sys=0.00, real=0.00 secs] 
2014-07-09T15:44:33.429+0200: 82.253: [GC [PSYoungGen: 9740K->1536K(11264K)] 18593K->10397K(27648K), 0.0019952 secs] [Times: user=0.00 sys=0.00, real=0.00 secs] 
2014-07-09T15:44:33.436+0200: 82.259: [GC [PSYoungGen: 7657K->5090K(11264K)] 16518K->16464K(27648K), 0.0096610 secs] [Times: user=0.03 sys=0.00, real=0.01 secs] 
2014-07-09T15:44:33.480+0200: 82.303: [GC [PSYoungGen: 11213K->5090K(11264K)] 22587K->16944K(27648K), 0.0041865 secs] [Times: user=0.00 sys=0.00, real=0.00 secs] 
2014-07-09T15:44:33.487+0200: 82.311: [GC [PSYoungGen: 11213K->3489K(11264K)] 23067K->15352K(27648K), 0.0027068 secs] [Times: user=0.00 sys=0.00, real=0.00 secs] 
2014-07-09T15:44:33.529+0200: 82.352: [GC [PSYoungGen: 9618K->384K(11264K)] 21480K->12254K(27648K), 0.0008656 secs] [Times: user=0.00 sys=0.00, real=0.00 secs] 
2014-07-09T15:44:33.532+0200: 82.355: [GC [PSYoungGen: 6505K->5090K(11264K)] 18375K->18321K(27648K), 0.0054136 secs] [Times: user=0.00 sys=0.00, real=0.00 secs] 
2014-07-09T15:44:33.580+0200: 82.404: [GC [PSYoungGen: 11213K->4386K(11264K)] 24444K->17617K(27648K), 0.0086890 secs] [Times: user=0.01 sys=0.00, real=0.01 secs] 
2014-07-09T15:44:33.596+0200: 82.419: [GC [PSYoungGen: 10509K->2305K(11264K)] 23740K->15544K(27648K), 0.0040373 secs] [Times: user=0.02 sys=0.00, real=0.00 secs] 
2014-07-09T15:44:33.628+0200: 82.452: [GC [PSYoungGen: 8428K->256K(11264K)] 21667K->13503K(27648K), 0.0006548 secs] [Times: user=0.00 sys=0.00, real=0.00 secs] 
2014-07-09T15:44:33.631+0200: 82.454: [GC [PSYoungGen: 6377K->5090K(11264K)] 19624K->19570K(27648K), 0.0058590 secs] [Times: user=0.00 sys=0.00, real=0.01 secs] 
2014-07-09T15:44:33.637+0200: 82.460: [Full GC [PSYoungGen: 5090K->0K(11264K)] [ParOldGen: 14479K->6860K(16384K)] 19570K->6860K(27648K) [PSPermGen: 2476K->2476K(21504K)], 0.0107891 secs] [Times: user=0.03 sys=0.00, real=0.01 secs] 
2014-07-09T15:44:33.679+0200: 82.503: [GC [PSYoungGen: 6122K->4290K(11264K)] 12983K->11150K(27648K), 0.0035482 secs] [Times: user=0.00 sys=0.00, real=0.00 secs] 
2014-07-09T15:44:33.686+0200: 82.509: [GC [PSYoungGen: 10413K->2209K(11264K)] 17273K->9077K(27648K), 0.0016850 secs] [Times: user=0.00 sys=0.00, real=0.00 secs] 
2014-07-09T15:44:33.728+0200: 82.552: [GC [PSYoungGen: 8332K->128K(11264K)] 15200K->7004K(27648K), 0.0015296 secs] [Times: user=0.00 sys=0.00, real=0.00 secs] 
2014-07-09T15:44:33.733+0200: 82.557: [GC [PSYoungGen: 6249K->5090K(11264K)] 13125K->13071K(27648K), 0.0097156 secs] [Times: user=0.03 sys=0.00, real=0.01 secs] 
2014-07-09T15:44:33.780+0200: 82.604: [GC [PSYoungGen: 11211K->4162K(11264K)] 19192K->12143K(27648K), 0.0048974 secs] [Times: user=0.00 sys=0.00, real=0.01 secs] 
2014-07-09T15:44:33.790+0200: 82.614: [GC [PSYoungGen: 10282K->2080K(11264K)] 18263K->10069K(27648K), 0.0027145 secs] [Times: user=0.00 sys=0.00, real=0.00 secs] 
2014-07-09T15:44:33.798+0200: 82.621: [GC [PSYoungGen: 8201K->5090K(11264K)] 16190K->16136K(27648K), 0.0104804 secs] [Times: user=0.03 sys=0.00, real=0.01 secs] 
2014-07-09T15:44:33.830+0200: 82.653: [GC [PSYoungGen: 11228K->4065K(11264K)] 22274K->15112K(27648K), 0.0027398 secs] [Times: user=0.00 sys=0.00, real=0.00 secs] 
2014-07-09T15:44:33.878+0200: 82.702: [GC [PSYoungGen: 10188K->1984K(11264K)] 21235K->13039K(27648K), 0.0014951 secs] [Times: user=0.00 sys=0.00, real=0.00 secs] 
2014-07-09T15:44:33.883+0200: 82.707: [GC [PSYoungGen: 8105K->5090K(11264K)] 19160K->19106K(27648K), 0.0064581 secs] [Times: user=0.00 sys=0.00, real=0.01 secs] 
2014-07-09T15:44:33.890+0200: 82.714: [Full GC [PSYoungGen: 5090K->0K(11264K)] [ParOldGen: 14015K->8591K(16384K)] 19106K->8591K(27648K) [PSPermGen: 2476K->2476K(21504K)], 0.0188050 secs] [Times: user=0.01 sys=0.00, real=0.02 secs] 
2014-07-09T15:44:33.912+0200: 82.735: [GC [PSYoungGen: 6122K->5090K(11264K)] 14713K->14609K(27648K), 0.0044314 secs] [Times: user=0.00 sys=0.00, real=0.00 secs] 
2014-07-09T15:44:33.942+0200: 82.766: [GC [PSYoungGen: 11213K->3937K(11264K)] 20732K->13465K(27648K), 0.0028219 secs] [Times: user=0.03 sys=0.00, real=0.00 secs] 
2014-07-09T15:44:33.978+0200: 82.802: [GC [PSYoungGen: 10060K->1856K(11264K)] 19588K->11392K(27648K), 0.0017763 secs] [Times: user=0.00 sys=0.00, real=0.00 secs] 
2014-07-09T15:44:33.983+0200: 82.807: [GC [PSYoungGen: 7977K->5090K(11264K)] 17513K->17451K(27648K), 0.0098963 secs] [Times: user=0.01 sys=0.00, real=0.01 secs] 
2014-07-09T15:44:34.015+0200: 82.838: [GC [PSYoungGen: 11213K->5090K(11264K)] 23574K->18219K(27648K), 0.0059239 secs] [Times: user=0.02 sys=0.00, real=0.01 secs] 
2014-07-09T15:44:34.021+0200: 82.844: [Full GC [PSYoungGen: 5090K->0K(11264K)] [ParOldGen: 13129K->6302K(16384K)] 18219K->6302K(27648K) [PSPermGen: 2476K->2476K(21504K)], 0.0152370 secs] [Times: user=0.00 sys=0.00, real=0.02 secs] 
2014-07-09T15:44:34.039+0200: 82.863: [GC [PSYoungGen: 6122K->3809K(11264K)] 12425K->10111K(27648K), 0.0029205 secs] [Times: user=0.00 sys=0.00, real=0.00 secs] 
2014-07-09T15:44:34.078+0200: 82.901: [GC [PSYoungGen: 9938K->704K(11264K)] 16240K->7014K(27648K), 0.0005679 secs] [Times: user=0.00 sys=0.00, real=0.00 secs] 
2014-07-09T15:44:34.080+0200: 82.904: [GC [PSYoungGen: 6825K->5090K(11264K)] 13135K->13081K(27648K), 0.0103495 secs] [Times: user=0.03 sys=0.00, real=0.01 secs] 
2014-07-09T15:44:34.093+0200: 82.916: [GC [PSYoungGen: 11213K->4738K(11264K)] 19204K->12729K(27648K), 0.0037465 secs] [Times: user=0.00 sys=0.00, real=0.00 secs] 
2014-07-09T15:44:34.128+0200: 82.952: [GC [PSYoungGen: 10861K->2657K(11264K)] 18852K->10656K(27648K), 0.0014716 secs] [Times: user=0.01 sys=0.00, real=0.00 secs] 
2014-07-09T15:44:34.178+0200: 83.002: [GC [PSYoungGen: 8780K->576K(11264K)] 16779K->8583K(27648K), 0.0017737 secs] [Times: user=0.00 sys=0.00, real=0.00 secs] 
2014-07-09T15:44:34.184+0200: 83.008: [GC [PSYoungGen: 6697K->5090K(11264K)] 14704K->14642K(27648K), 0.0206436 secs] [Times: user=0.02 sys=0.00, real=0.02 secs] 
2014-07-09T15:44:34.207+0200: 83.030: [GC [PSYoungGen: 11213K->4610K(11264K)] 20765K->14161K(27648K), 0.0039104 secs] [Times: user=0.03 sys=0.00, real=0.00 secs] 
2014-07-09T15:44:34.229+0200: 83.052: [GC [PSYoungGen: 10733K->2529K(11264K)] 20284K->12088K(27648K), 0.0015461 secs] [Times: user=0.00 sys=0.00, real=0.00 secs] 
2014-07-09T15:44:34.278+0200: 83.102: [GC [PSYoungGen: 8652K->416K(11264K)] 18211K->9983K(27648K), 0.0018504 secs] [Times: user=0.00 sys=0.00, real=0.00 secs] 
2014-07-09T15:44:34.284+0200: 83.108: [GC [PSYoungGen: 6537K->5090K(11264K)] 16104K->16082K(27648K), 0.0094949 secs] [Times: user=0.00 sys=0.00, real=0.01 secs] 
2014-07-09T15:44:34.298+0200: 83.122: [GC [PSYoungGen: 11213K->4482K(11264K)] 22205K->15474K(27648K), 0.0034855 secs] [Times: user=0.00 sys=0.02, real=0.00 secs] 
2014-07-09T15:44:34.328+0200: 83.152: [GC [PSYoungGen: 10620K->736K(11264K)] 21612K->11736K(27648K), 0.0006647 secs] [Times: user=0.00 sys=0.00, real=0.00 secs] 
2014-07-09T15:44:34.331+0200: 83.154: [GC [PSYoungGen: 6857K->5090K(11264K)] 17857K->17803K(27648K), 0.0053128 secs] [Times: user=0.03 sys=0.00, real=0.00 secs] 
2014-07-09T15:44:34.379+0200: 83.203: [GC [PSYoungGen: 11213K->4770K(11264K)] 23926K->17483K(27648K), 0.0035346 secs] [Times: user=0.03 sys=0.00, real=0.00 secs] 
2014-07-09T15:44:34.385+0200: 83.209: [GC [PSYoungGen: 10893K->2689K(11264K)] 23606K->15410K(27648K), 0.0019548 secs] [Times: user=0.00 sys=0.00, real=0.00 secs] 
2014-07-09T15:44:34.428+0200: 83.252: [GC [PSYoungGen: 8812K->608K(11264K)] 21533K->13337K(27648K), 0.0006500 secs] [Times: user=0.00 sys=0.00, real=0.00 secs] 
2014-07-09T15:44:34.431+0200: 83.254: [GC [PSYoungGen: 6729K->5090K(11264K)] 19458K->19404K(27648K), 0.0050778 secs] [Times: user=0.00 sys=0.00, real=0.01 secs] 
2014-07-09T15:44:34.436+0200: 83.260: [Full GC [PSYoungGen: 5090K->0K(11264K)] [ParOldGen: 14313K->7188K(16384K)] 19404K->7188K(27648K) [PSPermGen: 2476K->2476K(21504K)], 0.0097104 secs] [Times: user=0.03 sys=0.00, real=0.01 secs] 
2014-07-09T15:44:34.479+0200: 83.303: [GC [PSYoungGen: 6122K->4642K(11264K)] 13311K->11830K(27648K), 0.0033414 secs] [Times: user=0.00 sys=0.00, real=0.00 secs] 
2014-07-09T15:44:34.485+0200: 83.309: [GC [PSYoungGen: 10765K->2561K(11264K)] 17953K->9757K(27648K), 0.0017162 secs] [Times: user=0.00 sys=0.00, real=0.00 secs] 
2014-07-09T15:44:34.528+0200: 83.351: [GC [PSYoungGen: 8684K->480K(11264K)] 15880K->7684K(27648K), 0.0005609 secs] [Times: user=0.00 sys=0.00, real=0.00 secs] 
2014-07-09T15:44:34.530+0200: 83.354: [GC [PSYoungGen: 6601K->5090K(11264K)] 13805K->13751K(27648K), 0.0049817 secs] [Times: user=0.00 sys=0.00, real=0.01 secs] 
2014-07-09T15:44:34.580+0200: 83.403: [GC [PSYoungGen: 11222K->2977K(11264K)] 19883K->11638K(27648K), 0.0030434 secs] [Times: user=0.02 sys=0.00, real=0.00 secs] 
2014-07-09T15:44:34.588+0200: 83.412: [GC [PSYoungGen: 9100K->896K(11264K)] 17761K->9565K(27648K), 0.0024095 secs] [Times: user=0.00 sys=0.00, real=0.00 secs] 
2014-07-09T15:44:34.595+0200: 83.419: [GC [PSYoungGen: 7017K->5090K(11264K)] 15686K->15632K(27648K), 0.0057909 secs] [Times: user=0.03 sys=0.00, real=0.01 secs] 
2014-07-09T15:44:34.629+0200: 83.453: [GC [PSYoungGen: 11213K->4930K(11264K)] 21755K->15472K(27648K), 0.0038895 secs] [Times: user=0.01 sys=0.00, real=0.00 secs] 
2014-07-09T15:44:34.679+0200: 83.502: [GC [PSYoungGen: 11053K->2849K(11264K)] 21595K->13399K(27648K), 0.0019988 secs] [Times: user=0.00 sys=0.00, real=0.00 secs] 
2014-07-09T15:44:34.683+0200: 83.507: [GC [PSYoungGen: 8972K->768K(11264K)] 19522K->11326K(27648K), 0.0011633 secs] [Times: user=0.00 sys=0.00, real=0.00 secs] 
2014-07-09T15:44:34.688+0200: 83.511: [GC [PSYoungGen: 6889K->5090K(11264K)] 17447K->17393K(27648K), 0.0056105 secs] [Times: user=0.03 sys=0.00, real=0.01 secs] 
2014-07-09T15:44:34.729+0200: 83.553: [GC [PSYoungGen: 11213K->4802K(11264K)] 23516K->17105K(27648K), 0.0035174 secs] [Times: user=0.00 sys=0.00, real=0.00 secs] 
2014-07-09T15:44:34.780+0200: 83.604: [GC [PSYoungGen: 10925K->2689K(11264K)] 23228K->15000K(27648K), 0.0042734 secs] [Times: user=0.00 sys=0.00, real=0.00 secs] 
2014-07-09T15:44:34.789+0200: 83.613: [GC [PSYoungGen: 8812K->640K(11264K)] 21123K->12959K(27648K), 0.0018570 secs] [Times: user=0.00 sys=0.00, real=0.00 secs] 
2014-07-09T15:44:34.795+0200: 83.619: [GC [PSYoungGen: 6761K->5090K(11264K)] 19080K->19026K(27648K), 0.0092166 secs] [Times: user=0.03 sys=0.00, real=0.01 secs] 
2014-07-09T15:44:34.805+0200: 83.629: [Full GC [PSYoungGen: 5090K->0K(11264K)] [ParOldGen: 13935K->7226K(16384K)] 19026K->7226K(27648K) [PSPermGen: 2476K->2476K(21504K)], 0.0134101 secs] [Times: user=0.03 sys=0.00, real=0.01 secs] 
2014-07-09T15:44:34.829+0200: 83.653: [GC [PSYoungGen: 6132K->3137K(11264K)] 13359K->10364K(27648K), 0.0018746 secs] [Times: user=0.00 sys=0.00, real=0.00 secs] 
2014-07-09T15:44:34.878+0200: 83.702: [GC [PSYoungGen: 9260K->1056K(11264K)] 16487K->8291K(27648K), 0.0011035 secs] [Times: user=0.03 sys=0.00, real=0.00 secs] 
2014-07-09T15:44:34.882+0200: 83.706: [GC [PSYoungGen: 7177K->5090K(11264K)] 14412K->14358K(27648K), 0.0053733 secs] [Times: user=0.00 sys=0.00, real=0.01 secs] 
2014-07-09T15:44:34.890+0200: 83.714: [GC [PSYoungGen: 11213K->5090K(11264K)] 20481K->14358K(27648K), 0.0039046 secs] [Times: user=0.00 sys=0.00, real=0.00 secs] 
2014-07-09T15:44:34.928+0200: 83.752: [GC [PSYoungGen: 11213K->3009K(11264K)] 20481K->12285K(27648K), 0.0016209 secs] [Times: user=0.00 sys=0.00, real=0.00 secs] 
2014-07-09T15:44:34.978+0200: 83.802: [GC [PSYoungGen: 9132K->928K(11264K)] 18408K->10212K(27648K), 0.0006977 secs] [Times: user=0.00 sys=0.00, real=0.00 secs] 
2014-07-09T15:44:34.981+0200: 83.805: [GC [PSYoungGen: 7049K->5090K(11264K)] 16333K->16279K(27648K), 0.0053758 secs] [Times: user=0.00 sys=0.00, real=0.01 secs] 
2014-07-09T15:44:34.990+0200: 83.813: [GC [PSYoungGen: 11213K->4930K(11264K)] 22402K->16119K(27648K), 0.0050136 secs] [Times: user=0.00 sys=0.00, real=0.00 secs] 
2014-07-09T15:44:35.028+0200: 83.852: [GC [PSYoungGen: 11053K->2881K(11264K)] 22242K->14078K(27648K), 0.0015567 secs] [Times: user=0.00 sys=0.00, real=0.00 secs] 
2014-07-09T15:44:35.032+0200: 83.856: [GC [PSYoungGen: 9023K->1024K(11264K)] 20220K->12228K(27648K), 0.0010288 secs] [Times: user=0.00 sys=0.00, real=0.00 secs] 
2014-07-09T15:44:35.081+0200: 83.905: [GC [PSYoungGen: 7163K->5090K(11264K)] 18368K->17135K(27648K), 0.0076133 secs] [Times: user=0.03 sys=0.00, real=0.01 secs] 
2014-07-09T15:44:35.093+0200: 83.917: [GC [PSYoungGen: 11213K->3841K(11264K)] 23258K->15894K(27648K), 0.0058737 secs] [Times: user=0.00 sys=0.01, real=0.01 secs] 
2014-07-09T15:44:35.129+0200: 83.952: [GC [PSYoungGen: 9964K->1760K(11264K)] 22017K->13821K(27648K), 0.0013327 secs] [Times: user=0.00 sys=0.00, real=0.00 secs] 
2014-07-09T15:44:35.132+0200: 83.956: [GC [PSYoungGen: 7881K->5090K(11264K)] 19942K->19888K(27648K), 0.0064057 secs] [Times: user=0.00 sys=0.00, real=0.01 secs] 
2014-07-09T15:44:35.139+0200: 83.963: [Full GC [PSYoungGen: 5090K->0K(11264K)] [ParOldGen: 14798K->8351K(16384K)] 19888K->8351K(27648K) [PSPermGen: 2476K->2476K(21504K)], 0.0137804 secs] [Times: user=0.02 sys=0.00, real=0.01 secs] 
2014-07-09T15:44:35.179+0200: 84.003: [GC [PSYoungGen: 6122K->5090K(11264K)] 14474K->14145K(27648K), 0.0045073 secs] [Times: user=0.00 sys=0.00, real=0.01 secs] 
2014-07-09T15:44:35.186+0200: 84.010: [GC [PSYoungGen: 11213K->3713K(11264K)] 20268K->12777K(27648K), 0.0028806 secs] [Times: user=0.00 sys=0.00, real=0.00 secs] 
2014-07-09T15:44:35.229+0200: 84.053: [GC [PSYoungGen: 9836K->1632K(11264K)] 18900K->10704K(27648K), 0.0022412 secs] [Times: user=0.00 sys=0.00, real=0.00 secs] 
2014-07-09T15:44:35.236+0200: 84.060: [GC [PSYoungGen: 7753K->5090K(11264K)] 16825K->16771K(27648K), 0.0097310 secs] [Times: user=0.03 sys=0.00, real=0.01 secs] 
2014-07-09T15:44:35.280+0200: 84.103: [GC [PSYoungGen: 11213K->5090K(11264K)] 22894K->17347K(27648K), 0.0049315 secs] [Times: user=0.01 sys=0.00, real=0.01 secs] 
2014-07-09T15:44:35.288+0200: 84.111: [GC [PSYoungGen: 11228K->1920K(11264K)] 23485K->14185K(27648K), 0.0019695 secs] [Times: user=0.00 sys=0.00, real=0.00 secs] 
2014-07-09T15:44:35.293+0200: 84.116: [GC [PSYoungGen: 8041K->5090K(11264K)] 20306K->20252K(27648K), 0.0065468 secs] [Times: user=0.00 sys=0.00, real=0.01 secs] 
2014-07-09T15:44:35.300+0200: 84.123: [Full GC [PSYoungGen: 5090K->0K(11264K)] [ParOldGen: 15162K->8512K(16384K)] 20252K->8512K(27648K) [PSPermGen: 2476K->2476K(21504K)], 0.0144960 secs] [Times: user=0.00 sys=0.00, real=0.01 secs] 
2014-07-09T15:44:35.329+0200: 84.153: [GC [PSYoungGen: 6128K->5090K(11264K)] 14641K->13955K(27648K), 0.0042301 secs] [Times: user=0.03 sys=0.00, real=0.00 secs] 
2014-07-09T15:44:35.379+0200: 84.202: [GC [PSYoungGen: 11213K->3361K(11264K)] 20078K->12234K(27648K), 0.0019164 secs] [Times: user=0.00 sys=0.00, real=0.00 secs] 
2014-07-09T15:44:35.383+0200: 84.207: [GC [PSYoungGen: 9484K->1280K(11264K)] 18357K->10161K(27648K), 0.0011783 secs] [Times: user=0.00 sys=0.00, real=0.00 secs] 
2014-07-09T15:44:35.387+0200: 84.211: [GC [PSYoungGen: 7401K->5090K(11264K)] 16282K->16228K(27648K), 0.0052479 secs] [Times: user=0.00 sys=0.00, real=0.01 secs] 
2014-07-09T15:44:35.430+0200: 84.253: [GC [PSYoungGen: 11213K->5090K(11264K)] 22351K->16452K(27648K), 0.0041304 secs] [Times: user=0.00 sys=0.00, real=0.00 secs] 
2014-07-09T15:44:35.480+0200: 84.303: [GC [PSYoungGen: 11213K->3233K(11264K)] 22575K->14603K(27648K), 0.0040695 secs] [Times: user=0.00 sys=0.00, real=0.00 secs] 
2014-07-09T15:44:35.490+0200: 84.313: [GC [PSYoungGen: 9356K->1152K(11264K)] 20726K->12530K(27648K), 0.0027299 secs] [Times: user=0.00 sys=0.00, real=0.00 secs] 
2014-07-09T15:44:35.496+0200: 84.320: [GC [PSYoungGen: 7273K->5090K(11264K)] 18651K->18597K(27648K), 0.0059151 secs] [Times: user=0.00 sys=0.00, real=0.01 secs] 
2014-07-09T15:44:35.502+0200: 84.326: [Full GC [PSYoungGen: 5090K->0K(11264K)] [ParOldGen: 13507K->7745K(16384K)] 18597K->7745K(27648K) [PSPermGen: 2476K->2476K(21504K)], 0.0154804 secs] [Times: user=0.03 sys=0.00, real=0.02 secs] 
2014-07-09T15:44:35.530+0200: 84.354: [GC [PSYoungGen: 6126K->4130K(11264K)] 13871K->11875K(27648K), 0.0167482 secs] [Times: user=0.01 sys=0.00, real=0.02 secs] 
2014-07-09T15:44:35.578+0200: 84.402: [GC [PSYoungGen: 10250K->2080K(11264K)] 17996K->9834K(27648K), 0.0011285 secs] [Times: user=0.00 sys=0.00, real=0.00 secs] 
2014-07-09T15:44:35.582+0200: 84.406: [GC [PSYoungGen: 8201K->5090K(11264K)] 15955K->15901K(27648K), 0.0059049 secs] [Times: user=0.00 sys=0.00, real=0.01 secs] 
2014-07-09T15:44:35.591+0200: 84.414: [GC [PSYoungGen: 11213K->5090K(11264K)] 22024K->16893K(27648K), 0.0061985 secs] [Times: user=0.02 sys=0.00, real=0.01 secs] 
2014-07-09T15:44:35.629+0200: 84.453: [GC [PSYoungGen: 11213K->4033K(11264K)] 23016K->15845K(27648K), 0.0027592 secs] [Times: user=0.00 sys=0.00, real=0.00 secs] 
2014-07-09T15:44:35.679+0200: 84.503: [GC [PSYoungGen: 10156K->1952K(11264K)] 21967K->13771K(27648K), 0.0023699 secs] [Times: user=0.00 sys=0.00, real=0.00 secs] 
2014-07-09T15:44:35.686+0200: 84.510: [GC [PSYoungGen: 8073K->5090K(11264K)] 19892K->19838K(27648K), 0.0100228 secs] [Times: user=0.03 sys=0.00, real=0.01 secs] 
2014-07-09T15:44:35.697+0200: 84.520: [Full GC [PSYoungGen: 5090K->0K(11264K)] [ParOldGen: 14748K->8546K(16384K)] 19838K->8546K(27648K) [PSPermGen: 2476K->2476K(21504K)], 0.0177788 secs] [Times: user=0.01 sys=0.00, real=0.02 secs] 
2014-07-09T15:44:35.717+0200: 84.541: [GC [PSYoungGen: 6122K->5090K(11264K)] 14669K->14532K(27648K), 0.0051973 secs] [Times: user=0.03 sys=0.00, real=0.00 secs] 
2014-07-09T15:44:35.729+0200: 84.553: [GC [PSYoungGen: 11213K->3905K(11264K)] 20655K->13356K(27648K), 0.0026668 secs] [Times: user=0.00 sys=0.00, real=0.00 secs] 
2014-07-09T15:44:35.778+0200: 84.602: [GC [PSYoungGen: 10028K->1824K(11264K)] 19479K->11283K(27648K), 0.0009180 secs] [Times: user=0.00 sys=0.00, real=0.00 secs] 
2014-07-09T15:44:35.782+0200: 84.605: [GC [PSYoungGen: 7945K->5090K(11264K)] 17404K->17350K(27648K), 0.0060365 secs] [Times: user=0.03 sys=0.00, real=0.01 secs] 
2014-07-09T15:44:35.790+0200: 84.614: [GC [PSYoungGen: 11213K->5090K(11264K)] 23473K->18118K(27648K), 0.0044618 secs] [Times: user=0.00 sys=0.00, real=0.00 secs] 
2014-07-09T15:44:35.794+0200: 84.618: [Full GC [PSYoungGen: 5090K->0K(11264K)] [ParOldGen: 13028K->6272K(16384K)] 18118K->6272K(27648K) [PSPermGen: 2476K->2476K(21504K)], 0.0102219 secs] [Times: user=0.01 sys=0.00, real=0.01 secs] 
2014-07-09T15:44:35.828+0200: 84.652: [GC [PSYoungGen: 6134K->2241K(11264K)] 12406K->8513K(27648K), 0.0010911 secs] [Times: user=0.00 sys=0.00, real=0.00 secs] 
2014-07-09T15:44:35.880+0200: 84.703: [GC [PSYoungGen: 8364K->128K(11264K)] 14636K->6408K(27648K), 0.0010178 secs] [Times: user=0.00 sys=0.00, real=0.00 secs] 
2014-07-09T15:44:35.883+0200: 84.707: [GC [PSYoungGen: 6249K->5090K(11264K)] 12529K->12499K(27648K), 0.0057641 secs] [Times: user=0.00 sys=0.00, real=0.01 secs] 
2014-07-09T15:44:35.891+0200: 84.715: [GC [PSYoungGen: 11213K->4194K(11264K)] 18622K->11602K(27648K), 0.0037660 secs] [Times: user=0.02 sys=0.00, real=0.00 secs] 
2014-07-09T15:44:35.930+0200: 84.753: [GC [PSYoungGen: 10315K->2113K(11264K)] 17723K->9529K(27648K), 0.0011523 secs] [Times: user=0.00 sys=0.00, real=0.00 secs] 
2014-07-09T15:44:35.933+0200: 84.757: [GC [PSYoungGen: 8233K->5090K(11264K)] 15650K->15596K(27648K), 0.0061952 secs] [Times: user=0.00 sys=0.00, real=0.01 secs] 
2014-07-09T15:44:35.981+0200: 84.805: [GC [PSYoungGen: 11212K->5090K(11264K)] 21718K->16653K(27648K), 0.0091048 secs] [Times: user=0.02 sys=0.00, real=0.01 secs] 
2014-07-09T15:44:35.994+0200: 84.818: [GC [PSYoungGen: 11213K->4065K(11264K)] 22776K->15636K(27648K), 0.0056644 secs] [Times: user=0.00 sys=0.00, real=0.01 secs] 
2014-07-09T15:44:36.028+0200: 84.852: [GC [PSYoungGen: 10188K->1984K(11264K)] 21759K->13563K(27648K), 0.0014841 secs] [Times: user=0.00 sys=0.00, real=0.00 secs] 
2014-07-09T15:44:36.033+0200: 84.856: [GC [PSYoungGen: 8105K->5090K(11264K)] 19684K->19630K(27648K), 0.0070289 secs] [Times: user=0.03 sys=0.00, real=0.01 secs] 
2014-07-09T15:44:36.040+0200: 84.864: [Full GC [PSYoungGen: 5090K->0K(11264K)] [ParOldGen: 14540K->8557K(16384K)] 19630K->8557K(27648K) [PSPermGen: 2476K->2476K(21504K)], 0.0140198 secs] [Times: user=0.03 sys=0.00, real=0.01 secs] 
2014-07-09T15:44:36.079+0200: 84.903: [GC [PSYoungGen: 6134K->4450K(11264K)] 14691K->13007K(27648K), 0.0045898 secs] [Times: user=0.01 sys=0.00, real=0.01 secs] 
2014-07-09T15:44:36.087+0200: 84.911: [GC [PSYoungGen: 10573K->2401K(11264K)] 19130K->10966K(27648K), 0.0021143 secs] [Times: user=0.00 sys=0.00, real=0.00 secs] 
2014-07-09T15:44:36.128+0200: 84.952: [GC [PSYoungGen: 8524K->320K(11264K)] 17089K->8893K(27648K), 0.0013928 secs] [Times: user=0.00 sys=0.00, real=0.00 secs] 
2014-07-09T15:44:36.134+0200: 84.957: [GC [PSYoungGen: 6441K->5090K(11264K)] 15014K->14960K(27648K), 0.0089108 secs] [Times: user=0.00 sys=0.02, real=0.01 secs] 
2014-07-09T15:44:36.179+0200: 85.003: [GC [PSYoungGen: 11213K->4354K(11264K)] 21083K->14224K(27648K), 0.0029902 secs] [Times: user=0.00 sys=0.00, real=0.00 secs] 
2014-07-09T15:44:36.185+0200: 85.009: [GC [PSYoungGen: 10477K->2273K(11264K)] 20347K->12151K(27648K), 0.0020997 secs] [Times: user=0.00 sys=0.00, real=0.00 secs] 
2014-07-09T15:44:36.228+0200: 85.052: [GC [PSYoungGen: 8396K->192K(11264K)] 18274K->10078K(27648K), 0.0008484 secs] [Times: user=0.00 sys=0.00, real=0.00 secs] 
2014-07-09T15:44:36.232+0200: 85.056: [GC [PSYoungGen: 6313K->5090K(11264K)] 16199K->16145K(27648K), 0.0097258 secs] [Times: user=0.02 sys=0.00, real=0.01 secs] 
2014-07-09T15:44:36.279+0200: 85.103: [GC [PSYoungGen: 11213K->4226K(11264K)] 22268K->15280K(27648K), 0.0042459 secs] [Times: user=0.00 sys=0.01, real=0.00 secs] 
2014-07-09T15:44:36.289+0200: 85.112: [GC [PSYoungGen: 10349K->2113K(11264K)] 21403K->13175K(27648K), 0.0021818 secs] [Times: user=0.00 sys=0.00, real=0.00 secs] 
2014-07-09T15:44:36.293+0200: 85.117: [GC [PSYoungGen: 8252K->64K(11264K)] 19314K->11134K(27648K), 0.0029862 secs] [Times: user=0.00 sys=0.00, real=0.00 secs] 
2014-07-09T15:44:36.329+0200: 85.153: [GC [PSYoungGen: 6186K->4482K(11264K)] 17256K->15560K(27648K), 0.0096371 secs] [Times: user=0.01 sys=0.00, real=0.01 secs] 
2014-07-09T15:44:36.378+0200: 85.202: [GC [PSYoungGen: 10605K->2433K(11264K)] 21683K->13519K(27648K), 0.0011915 secs] [Times: user=0.00 sys=0.00, real=0.00 secs] 
2014-07-09T15:44:36.382+0200: 85.206: [GC [PSYoungGen: 8556K->352K(11264K)] 19642K->11446K(27648K), 0.0007351 secs] [Times: user=0.00 sys=0.00, real=0.00 secs] 
2014-07-09T15:44:36.385+0200: 85.209: [GC [PSYoungGen: 6473K->5090K(11264K)] 17567K->17513K(27648K), 0.0050239 secs] [Times: user=0.00 sys=0.00, real=0.01 secs] 
2014-07-09T15:44:36.430+0200: 85.254: [GC [PSYoungGen: 11213K->4386K(11264K)] 23636K->16809K(27648K), 0.0055390 secs] [Times: user=0.00 sys=0.00, real=0.01 secs] 
2014-07-09T15:44:36.479+0200: 85.303: [GC [PSYoungGen: 10509K->2305K(11264K)] 22932K->14736K(27648K), 0.0014878 secs] [Times: user=0.00 sys=0.00, real=0.00 secs] 
2014-07-09T15:44:36.483+0200: 85.307: [GC [PSYoungGen: 8428K->224K(11264K)] 20859K->12663K(27648K), 0.0008843 secs] [Times: user=0.00 sys=0.00, real=0.00 secs] 
2014-07-09T15:44:36.487+0200: 85.311: [GC [PSYoungGen: 6345K->5090K(11264K)] 18784K->18730K(27648K), 0.0053395 secs] [Times: user=0.00 sys=0.00, real=0.01 secs] 
2014-07-09T15:44:36.529+0200: 85.353: [GC [PSYoungGen: 11213K->4258K(11264K)] 24853K->17898K(27648K), 0.0029301 secs] [Times: user=0.00 sys=0.00, real=0.00 secs] 
2014-07-09T15:44:36.579+0200: 85.403: [GC [PSYoungGen: 10384K->1152K(11264K)] 24024K->14800K(27648K), 0.0020586 secs] [Times: user=0.03 sys=0.00, real=0.00 secs] 
2014-07-09T15:44:36.585+0200: 85.409: [GC [PSYoungGen: 7273K->5090K(11264K)] 20921K->20867K(27648K), 0.0093629 secs] [Times: user=0.00 sys=0.00, real=0.01 secs] 
2014-07-09T15:44:36.595+0200: 85.418: [Full GC [PSYoungGen: 5090K->0K(11264K)] [ParOldGen: 15776K->7740K(16384K)] 20867K->7740K(27648K) [PSPermGen: 2476K->2476K(21504K)], 0.0438855 secs] [Times: user=0.03 sys=0.00, real=0.04 secs] 
2014-07-09T15:44:36.642+0200: 85.466: [GC [PSYoungGen: 6122K->5090K(11264K)] 13863K->12926K(27648K), 0.0039159 secs] [Times: user=0.00 sys=0.00, real=0.00 secs] 
2014-07-09T15:44:36.649+0200: 85.473: [GC [PSYoungGen: 11213K->3105K(11264K)] 19049K->10949K(27648K), 0.0018749 secs] [Times: user=0.00 sys=0.00, real=0.00 secs] 
2014-07-09T15:44:36.678+0200: 85.502: [GC [PSYoungGen: 9228K->992K(11264K)] 17072K->8844K(27648K), 0.0073442 secs] [Times: user=0.00 sys=0.00, real=0.01 secs] 
2014-07-09T15:44:36.688+0200: 85.511: [GC [PSYoungGen: 7113K->5090K(11264K)] 14965K->14943K(27648K), 0.0051295 secs] [Times: user=0.03 sys=0.00, real=0.01 secs] 
2014-07-09T15:44:36.695+0200: 85.519: [GC [PSYoungGen: 11213K->5058K(11264K)] 21066K->14911K(27648K), 0.0039365 secs] [Times: user=0.00 sys=0.00, real=0.00 secs] 
2014-07-09T15:44:36.728+0200: 85.552: [GC [PSYoungGen: 11181K->2977K(11264K)] 21034K->12838K(27648K), 0.0015882 secs] [Times: user=0.00 sys=0.00, real=0.00 secs] 
2014-07-09T15:44:36.778+0200: 85.602: [GC [PSYoungGen: 9100K->896K(11264K)] 18961K->10765K(27648K), 0.0007787 secs] [Times: user=0.00 sys=0.00, real=0.00 secs] 
2014-07-09T15:44:36.781+0200: 85.605: [GC [PSYoungGen: 7017K->5090K(11264K)] 16886K->16832K(27648K), 0.0056618 secs] [Times: user=0.03 sys=0.00, real=0.01 secs] 
2014-07-09T15:44:36.789+0200: 85.613: [GC [PSYoungGen: 11222K->3393K(11264K)] 22964K->15135K(27648K), 0.0025044 secs] [Times: user=0.00 sys=0.00, real=0.00 secs] 
2014-07-09T15:44:36.828+0200: 85.652: [GC [PSYoungGen: 9522K->800K(11264K)] 21264K->12550K(27648K), 0.0007197 secs] [Times: user=0.00 sys=0.00, real=0.00 secs] 
2014-07-09T15:44:36.831+0200: 85.655: [GC [PSYoungGen: 6921K->5090K(11264K)] 18671K->18617K(27648K), 0.0052145 secs] [Times: user=0.00 sys=0.00, real=0.00 secs] 
2014-07-09T15:44:36.880+0200: 85.703: [GC [PSYoungGen: 11213K->4834K(11264K)] 24740K->18361K(27648K), 0.0037381 secs] [Times: user=0.00 sys=0.00, real=0.00 secs] 
2014-07-09T15:44:36.886+0200: 85.710: [GC [PSYoungGen: 10957K->2753K(11264K)] 24484K->16288K(27648K), 0.0025920 secs] [Times: user=0.00 sys=0.00, real=0.00 secs] 
2014-07-09T15:44:36.928+0200: 85.752: [GC [PSYoungGen: 8876K->640K(11264K)] 22411K->14183K(27648K), 0.0011505 secs] [Times: user=0.00 sys=0.00, real=0.00 secs] 
2014-07-09T15:44:36.933+0200: 85.757: [GC [PSYoungGen: 6761K->5090K(11264K)] 20304K->20282K(27648K), 0.0058392 secs] [Times: user=0.02 sys=0.00, real=0.01 secs] 
2014-07-09T15:44:36.939+0200: 85.763: [Full GC [PSYoungGen: 5090K->0K(11264K)] [ParOldGen: 15191K->7263K(16384K)] 20282K->7263K(27648K) [PSPermGen: 2476K->2476K(21504K)], 0.0107418 secs] [Times: user=0.00 sys=0.00, real=0.01 secs] 
2014-07-09T15:44:36.979+0200: 85.803: [GC [PSYoungGen: 6122K->4706K(11264K)] 13386K->11970K(27648K), 0.0033488 secs] [Times: user=0.00 sys=0.00, real=0.00 secs] 
2014-07-09T15:44:36.984+0200: 85.808: [GC [PSYoungGen: 10829K->2625K(11264K)] 18092K->9896K(27648K), 0.0025620 secs] [Times: user=0.00 sys=0.02, real=0.00 secs] 
2014-07-09T15:44:37.028+0200: 85.852: [GC [PSYoungGen: 8764K->672K(11264K)] 16036K->7951K(27648K), 0.0015347 secs] [Times: user=0.00 sys=0.00, real=0.00 secs] 
2014-07-09T15:44:37.034+0200: 85.858: [GC [PSYoungGen: 6813K->5090K(11264K)] 14093K->12954K(27648K), 0.0075848 secs] [Times: user=0.00 sys=0.00, real=0.01 secs] 
2014-07-09T15:44:37.080+0200: 85.903: [GC [PSYoungGen: 11213K->3585K(11264K)] 19077K->11457K(27648K), 0.0023970 secs] [Times: user=0.00 sys=0.00, real=0.00 secs] 
2014-07-09T15:44:37.085+0200: 85.909: [GC [PSYoungGen: 9708K->1504K(11264K)] 17580K->9384K(27648K), 0.0014606 secs] [Times: user=0.00 sys=0.00, real=0.00 secs] 
2014-07-09T15:44:37.089+0200: 85.913: [GC [PSYoungGen: 7625K->5090K(11264K)] 15505K->15451K(27648K), 0.0134328 secs] [Times: user=0.03 sys=0.00, real=0.01 secs] 
2014-07-09T15:44:37.130+0200: 85.954: [GC [PSYoungGen: 11213K->5090K(11264K)] 21574K->15867K(27648K), 0.0153429 secs] [Times: user=0.02 sys=0.00, real=0.01 secs] 
2014-07-09T15:44:37.179+0200: 86.002: [GC [PSYoungGen: 11213K->3457K(11264K)] 21990K->14243K(27648K), 0.0022269 secs] [Times: user=0.00 sys=0.00, real=0.00 secs] 
2014-07-09T15:44:37.184+0200: 86.008: [GC [PSYoungGen: 9580K->1376K(11264K)] 20366K->12170K(27648K), 0.0012238 secs] [Times: user=0.00 sys=0.00, real=0.00 secs] 
2014-07-09T15:44:37.188+0200: 86.012: [GC [PSYoungGen: 7497K->5090K(11264K)] 18291K->18237K(27648K), 0.0051955 secs] [Times: user=0.00 sys=0.00, real=0.01 secs] 
2014-07-09T15:44:37.229+0200: 86.052: [GC [PSYoungGen: 11213K->5090K(11264K)] 24360K->18557K(27648K), 0.0040501 secs] [Times: user=0.00 sys=0.00, real=0.00 secs] 
2014-07-09T15:44:37.280+0200: 86.103: [GC [PSYoungGen: 11213K->3329K(11264K)] 24680K->16804K(27648K), 0.0042694 secs] [Times: user=0.02 sys=0.00, real=0.00 secs] 
2014-07-09T15:44:37.290+0200: 86.113: [GC [PSYoungGen: 9452K->1248K(11264K)] 22927K->14731K(27648K), 0.0023999 secs] [Times: user=0.00 sys=0.00, real=0.00 secs] 
2014-07-09T15:44:37.297+0200: 86.120: [GC [PSYoungGen: 7369K->5090K(11264K)] 20852K->20798K(27648K), 0.0060699 secs] [Times: user=0.03 sys=0.00, real=0.01 secs] 
2014-07-09T15:44:37.303+0200: 86.126: [Full GC [PSYoungGen: 5090K->0K(11264K)] [ParOldGen: 15707K->7840K(16384K)] 20798K->7840K(27648K) [PSPermGen: 2476K->2476K(21504K)], 0.0149088 secs] [Times: user=0.03 sys=0.00, real=0.02 secs] 
2014-07-09T15:44:37.329+0200: 86.152: [GC [PSYoungGen: 6137K->3617K(11264K)] 13977K->11458K(27648K), 0.0021649 secs] [Times: user=0.00 sys=0.00, real=0.00 secs] 
2014-07-09T15:44:37.379+0200: 86.202: [GC [PSYoungGen: 9740K->1536K(11264K)] 17581K->9385K(27648K), 0.0021187 secs] [Times: user=0.00 sys=0.00, real=0.00 secs] 
2014-07-09T15:44:37.385+0200: 86.208: [GC [PSYoungGen: 7657K->5090K(11264K)] 15506K->15452K(27648K), 0.0063720 secs] [Times: user=0.02 sys=0.00, real=0.01 secs] 
2014-07-09T15:44:37.394+0200: 86.217: [GC [PSYoungGen: 11213K->5090K(11264K)] 21575K->15932K(27648K), 0.0047174 secs] [Times: user=0.00 sys=0.00, real=0.00 secs] 
2014-07-09T15:44:37.429+0200: 86.252: [GC [PSYoungGen: 11213K->3489K(11264K)] 22055K->14339K(27648K), 0.0022463 secs] [Times: user=0.00 sys=0.00, real=0.00 secs] 
2014-07-09T15:44:37.479+0200: 86.302: [GC [PSYoungGen: 9612K->1408K(11264K)] 20462K->12266K(27648K), 0.0020601 secs] [Times: user=0.00 sys=0.00, real=0.00 secs] 
2014-07-09T15:44:37.485+0200: 86.308: [GC [PSYoungGen: 7529K->5090K(11264K)] 18387K->18333K(27648K), 0.0103942 secs] [Times: user=0.00 sys=0.00, real=0.01 secs] 
2014-07-09T15:44:37.496+0200: 86.319: [Full GC [PSYoungGen: 5090K->0K(11264K)] [ParOldGen: 13243K->8002K(16384K)] 18333K->8002K(27648K) [PSPermGen: 2476K->2476K(21504K)], 0.0239568 secs] [Times: user=0.05 sys=0.00, real=0.02 secs] 
2014-07-09T15:44:37.523+0200: 86.345: [GC [PSYoungGen: 6122K->5090K(11264K)] 14125K->13444K(27648K), 0.0043533 secs] [Times: user=0.00 sys=0.00, real=0.00 secs] 
2014-07-09T15:44:37.529+0200: 86.352: [GC [PSYoungGen: 11213K->3361K(11264K)] 19567K->11724K(27648K), 0.0027585 secs] [Times: user=0.00 sys=0.02, real=0.00 secs] 
2014-07-09T15:44:37.535+0200: 86.358: [GC [PSYoungGen: 9502K->256K(11264K)] 17865K->8626K(27648K), 0.0007325 secs] [Times: user=0.00 sys=0.00, real=0.00 secs] 
2014-07-09T15:44:37.581+0200: 86.404: [GC [PSYoungGen: 6370K->5090K(11264K)] 14740K->14237K(27648K), 0.0076405 secs] [Times: user=0.00 sys=0.00, real=0.01 secs] 
2014-07-09T15:44:37.593+0200: 86.416: [GC [PSYoungGen: 11213K->3777K(11264K)] 20360K->12932K(27648K), 0.0052644 secs] [Times: user=0.03 sys=0.00, real=0.01 secs] 
2014-07-09T15:44:37.629+0200: 86.452: [GC [PSYoungGen: 9900K->1696K(11264K)] 19055K->10859K(27648K), 0.0021884 secs] [Times: user=0.00 sys=0.00, real=0.00 secs] 
2014-07-09T15:44:37.635+0200: 86.458: [GC [PSYoungGen: 7817K->5090K(11264K)] 16980K->16926K(27648K), 0.0097948 secs] [Times: user=0.03 sys=0.00, real=0.01 secs] 
2014-07-09T15:44:37.681+0200: 86.504: [GC [PSYoungGen: 11213K->5090K(11264K)] 23049K->17566K(27648K), 0.0079877 secs] [Times: user=0.02 sys=0.00, real=0.01 secs] 
2014-07-09T15:44:37.694+0200: 86.517: [GC [PSYoungGen: 11213K->3617K(11264K)] 23689K->16102K(27648K), 0.0059019 secs] [Times: user=0.00 sys=0.00, real=0.01 secs] 
2014-07-09T15:44:37.728+0200: 86.551: [GC [PSYoungGen: 9740K->1568K(11264K)] 22225K->14061K(27648K), 0.0010562 secs] [Times: user=0.00 sys=0.00, real=0.00 secs] 
2014-07-09T15:44:37.733+0200: 86.556: [GC [PSYoungGen: 7689K->5090K(11264K)] 20182K->20128K(27648K), 0.0056105 secs] [Times: user=0.03 sys=0.00, real=0.01 secs] 
2014-07-09T15:44:37.739+0200: 86.562: [Full GC [PSYoungGen: 5090K->0K(11264K)] [ParOldGen: 15037K->8163K(16384K)] 20128K->8163K(27648K) [PSPermGen: 2476K->2476K(21504K)], 0.0119084 secs] [Times: user=0.02 sys=0.00, real=0.01 secs] 
2014-07-09T15:44:37.779+0200: 86.602: [GC [PSYoungGen: 6122K->5090K(11264K)] 14286K->13766K(27648K), 0.0044255 secs] [Times: user=0.03 sys=0.00, real=0.00 secs] 
2014-07-09T15:44:37.786+0200: 86.608: [GC [PSYoungGen: 11213K->3521K(11264K)] 19889K->12205K(27648K), 0.0027636 secs] [Times: user=0.00 sys=0.00, real=0.00 secs] 
2014-07-09T15:44:37.791+0200: 86.614: [GC [PSYoungGen: 9665K->448K(11264K)] 18349K->9139K(27648K), 0.0007776 secs] [Times: user=0.00 sys=0.00, real=0.00 secs] 
2014-07-09T15:44:37.829+0200: 86.652: [GC [PSYoungGen: 6591K->5090K(11264K)] 15283K->14750K(27648K), 0.0049161 secs] [Times: user=0.00 sys=0.00, real=0.01 secs] 
2014-07-09T15:44:37.880+0200: 86.703: [GC [PSYoungGen: 11213K->3969K(11264K)] 20873K->13638K(27648K), 0.0030690 secs] [Times: user=0.00 sys=0.00, real=0.00 secs] 
2014-07-09T15:44:37.886+0200: 86.709: [GC [PSYoungGen: 10092K->1888K(11264K)] 19761K->11565K(27648K), 0.0016854 secs] [Times: user=0.00 sys=0.00, real=0.00 secs] 
2014-07-09T15:44:37.891+0200: 86.714: [GC [PSYoungGen: 8009K->5090K(11264K)] 17686K->17632K(27648K), 0.0057872 secs] [Times: user=0.00 sys=0.00, real=0.01 secs] 
2014-07-09T15:44:37.930+0200: 86.753: [GC [PSYoungGen: 11213K->5090K(11264K)] 23755K->18432K(27648K), 0.0088459 secs] [Times: user=0.02 sys=0.00, real=0.01 secs] 
2014-07-09T15:44:37.979+0200: 86.801: [GC [PSYoungGen: 11213K->3841K(11264K)] 24555K->17191K(27648K), 0.0023739 secs] [Times: user=0.00 sys=0.00, real=0.00 secs] 
2014-07-09T15:44:37.983+0200: 86.806: [GC [PSYoungGen: 9964K->1760K(11264K)] 23314K->15118K(27648K), 0.0014515 secs] [Times: user=0.03 sys=0.00, real=0.00 secs] 
2014-07-09T15:44:37.988+0200: 86.811: [GC [PSYoungGen: 7881K->5090K(11264K)] 21239K->21185K(27648K), 0.0054033 secs] [Times: user=0.00 sys=0.00, real=0.01 secs] 
2014-07-09T15:44:37.994+0200: 86.816: [Full GC [PSYoungGen: 5090K->0K(11264K)] [ParOldGen: 16095K->8356K(16384K)] 21185K->8356K(27648K) [PSPermGen: 2476K->2476K(21504K)], 0.0101904 secs] [Times: user=0.03 sys=0.00, real=0.01 secs] 
2014-07-09T15:44:38.029+0200: 86.852: [GC [PSYoungGen: 6122K->5090K(11264K)] 14479K->14151K(27648K), 0.0045568 secs] [Times: user=0.03 sys=0.00, real=0.00 secs] 
2014-07-09T15:44:38.079+0200: 86.902: [GC [PSYoungGen: 11218K->2689K(11264K)] 20280K->11758K(27648K), 0.0031042 secs] [Times: user=0.00 sys=0.00, real=0.00 secs] 
2014-07-09T15:44:38.087+0200: 86.910: [GC [PSYoungGen: 8812K->608K(11264K)] 17881K->9685K(27648K), 0.0020139 secs] [Times: user=0.00 sys=0.00, real=0.00 secs] 
2014-07-09T15:44:38.094+0200: 86.917: [GC [PSYoungGen: 6729K->5090K(11264K)] 15806K->15752K(27648K), 0.0087543 secs] [Times: user=0.00 sys=0.00, real=0.01 secs] 
2014-07-09T15:44:38.129+0200: 86.952: [GC [PSYoungGen: 11213K->4642K(11264K)] 21875K->15304K(27648K), 0.0034342 secs] [Times: user=0.00 sys=0.00, real=0.00 secs] 
2014-07-09T15:44:38.179+0200: 87.002: [GC [PSYoungGen: 10765K->2561K(11264K)] 21427K->13231K(27648K), 0.0027512 secs] [Times: user=0.00 sys=0.00, real=0.00 secs] 
2014-07-09T15:44:38.187+0200: 87.010: [GC [PSYoungGen: 8684K->480K(11264K)] 19354K->11158K(27648K), 0.0019889 secs] [Times: user=0.00 sys=0.00, real=0.00 secs] 
2014-07-09T15:44:38.194+0200: 87.017: [GC [PSYoungGen: 6601K->5090K(11264K)] 17279K->17225K(27648K), 0.0061322 secs] [Times: user=0.00 sys=0.00, real=0.01 secs] 
2014-07-09T15:44:38.229+0200: 87.052: [GC [PSYoungGen: 11213K->4514K(11264K)] 23348K->16648K(27648K), 0.0030822 secs] [Times: user=0.00 sys=0.00, real=0.00 secs] 
2014-07-09T15:44:38.279+0200: 87.101: [GC [PSYoungGen: 10637K->2433K(11264K)] 22771K->14575K(27648K), 0.0017708 secs] [Times: user=0.00 sys=0.00, real=0.00 secs] 
2014-07-09T15:44:38.284+0200: 87.107: [GC [PSYoungGen: 8575K->352K(11264K)] 20717K->12502K(27648K), 0.0018207 secs] [Times: user=0.00 sys=0.00, real=0.00 secs] 
2014-07-09T15:44:38.288+0200: 87.111: [GC [PSYoungGen: 6470K->5090K(11264K)] 18620K->17473K(27648K), 0.0038540 secs] [Times: user=0.00 sys=0.00, real=0.00 secs] 
2014-07-09T15:44:38.328+0200: 87.151: [GC [PSYoungGen: 11218K->2209K(11264K)] 23601K->14599K(27648K), 0.0214131 secs] [Times: user=0.00 sys=0.00, real=0.02 secs] 
2014-07-09T15:44:38.378+0200: 87.201: [GC [PSYoungGen: 8332K->128K(11264K)] 20722K->12526K(27648K), 0.0014889 secs] [Times: user=0.00 sys=0.00, real=0.00 secs] 
2014-07-09T15:44:38.383+0200: 87.206: [GC [PSYoungGen: 6249K->5090K(11264K)] 18647K->18593K(27648K), 0.0088591 secs] [Times: user=0.03 sys=0.00, real=0.01 secs] 
2014-07-09T15:44:38.397+0200: 87.220: [GC [PSYoungGen: 11211K->4162K(11264K)] 24714K->17665K(27648K), 0.0056090 secs] [Times: user=0.00 sys=0.00, real=0.01 secs] 
2014-07-09T15:44:38.428+0200: 87.251: [GC [PSYoungGen: 10282K->2080K(11264K)] 23786K->15592K(27648K), 0.0011750 secs] [Times: user=0.00 sys=0.00, real=0.00 secs] 
2014-07-09T15:44:38.432+0200: 87.255: [GC-- [PSYoungGen: 8201K->8201K(11264K)] 21713K->24578K(27648K), 0.0063610 secs] [Times: user=0.03 sys=0.00, real=0.01 secs] 
2014-07-09T15:44:38.439+0200: 87.261: [Full GC [PSYoungGen: 8201K->0K(11264K)] [ParOldGen: 16376K->8679K(16384K)] 24578K->8679K(27648K) [PSPermGen: 2476K->2476K(21504K)], 0.0119139 secs] [Times: user=0.00 sys=0.00, real=0.01 secs] 
2014-07-09T15:44:38.480+0200: 87.302: [GC [PSYoungGen: 6122K->5090K(11264K)] 14802K->14794K(27648K), 0.0051001 secs] [Times: user=0.03 sys=0.00, real=0.00 secs] 
2014-07-09T15:44:38.488+0200: 87.311: [GC [PSYoungGen: 11213K->4033K(11264K)] 20917K->13746K(27648K), 0.0032905 secs] [Times: user=0.00 sys=0.00, real=0.00 secs] 
2014-07-09T15:44:38.529+0200: 87.352: [GC [PSYoungGen: 10162K->896K(11264K)] 19874K->10616K(27648K), 0.0021477 secs] [Times: user=0.03 sys=0.00, real=0.00 secs] 
2014-07-09T15:44:38.536+0200: 87.358: [GC [PSYoungGen: 7017K->5090K(11264K)] 16737K->16715K(27648K), 0.0089196 secs] [Times: user=0.00 sys=0.00, real=0.01 secs] 
2014-07-09T15:44:38.579+0200: 87.402: [GC [PSYoungGen: 11213K->4930K(11264K)] 22838K->16555K(27648K), 0.0100026 secs] [Times: user=0.00 sys=0.00, real=0.01 secs] 
2014-07-09T15:44:38.594+0200: 87.416: [GC [PSYoungGen: 11053K->2849K(11264K)] 22678K->14482K(27648K), 0.0100752 secs] [Times: user=0.00 sys=0.00, real=0.01 secs] 
2014-07-09T15:44:38.628+0200: 87.451: [GC [PSYoungGen: 8972K->800K(11264K)] 20605K->12441K(27648K), 0.0006871 secs] [Times: user=0.00 sys=0.00, real=0.00 secs] 
2014-07-09T15:44:38.631+0200: 87.453: [GC [PSYoungGen: 6921K->5090K(11264K)] 18562K->18508K(27648K), 0.0052270 secs] [Times: user=0.00 sys=0.00, real=0.00 secs] 
2014-07-09T15:44:38.680+0200: 87.503: [GC [PSYoungGen: 11213K->4834K(11264K)] 24631K->18252K(27648K), 0.0059650 secs] [Times: user=0.02 sys=0.00, real=0.01 secs] 
2014-07-09T15:44:38.691+0200: 87.514: [GC [PSYoungGen: 10957K->2753K(11264K)] 24375K->16179K(27648K), 0.0047196 secs] [Times: user=0.00 sys=0.00, real=0.01 secs] 
2014-07-09T15:44:38.728+0200: 87.551: [GC [PSYoungGen: 8876K->672K(11264K)] 22302K->14106K(27648K), 0.0010749 secs] [Times: user=0.00 sys=0.00, real=0.00 secs] 
2014-07-09T15:44:38.731+0200: 87.554: [GC [PSYoungGen: 6793K->5090K(11264K)] 20227K->20173K(27648K), 0.0058466 secs] [Times: user=0.03 sys=0.00, real=0.01 secs] 
2014-07-09T15:44:38.737+0200: 87.560: [Full GC [PSYoungGen: 5090K->0K(11264K)] [ParOldGen: 15082K->7271K(16384K)] 20173K->7271K(27648K) [PSPermGen: 2476K->2476K(21504K)], 0.0131212 secs] [Times: user=0.03 sys=0.00, real=0.01 secs] 
2014-07-09T15:44:38.779+0200: 87.602: [GC [PSYoungGen: 6122K->4706K(11264K)] 13394K->11977K(27648K), 0.0035808 secs] [Times: user=0.00 sys=0.02, real=0.00 secs] 
2014-07-09T15:44:38.786+0200: 87.609: [GC [PSYoungGen: 10829K->2625K(11264K)] 18100K->9904K(27648K), 0.0022419 secs] [Times: user=0.00 sys=0.00, real=0.00 secs] 
2014-07-09T15:44:38.791+0200: 87.614: [GC [PSYoungGen: 8767K->608K(11264K)] 16047K->7895K(27648K), 0.0010090 secs] [Times: user=0.00 sys=0.00, real=0.00 secs] 
2014-07-09T15:44:38.831+0200: 87.654: [GC [PSYoungGen: 6720K->5090K(11264K)] 14008K->12418K(27648K), 0.0047016 secs] [Times: user=0.00 sys=0.00, real=0.00 secs] 
2014-07-09T15:44:38.879+0200: 87.702: [GC [PSYoungGen: 11213K->3041K(11264K)] 18541K->10377K(27648K), 0.0021836 secs] [Times: user=0.00 sys=0.00, real=0.00 secs] 
2014-07-09T15:44:38.884+0200: 87.707: [GC [PSYoungGen: 9164K->960K(11264K)] 16500K->8304K(27648K), 0.0010544 secs] [Times: user=0.00 sys=0.00, real=0.00 secs] 
2014-07-09T15:44:38.888+0200: 87.711: [GC [PSYoungGen: 7081K->5090K(11264K)] 14425K->14371K(27648K), 0.0055265 secs] [Times: user=0.03 sys=0.00, real=0.00 secs] 
2014-07-09T15:44:38.932+0200: 87.755: [GC [PSYoungGen: 11213K->4962K(11264K)] 20494K->14242K(27648K), 0.0051038 secs] [Times: user=0.02 sys=0.00, real=0.01 secs] 
2014-07-09T15:44:38.979+0200: 87.802: [GC [PSYoungGen: 11085K->2913K(11264K)] 20365K->12201K(27648K), 0.0029242 secs] [Times: user=0.00 sys=0.00, real=0.00 secs] 
2014-07-09T15:44:38.988+0200: 87.811: [GC [PSYoungGen: 9036K->832K(11264K)] 18324K->10128K(27648K), 0.0020648 secs] [Times: user=0.00 sys=0.00, real=0.00 secs] 
2014-07-09T15:44:38.994+0200: 87.817: [GC [PSYoungGen: 6953K->5090K(11264K)] 16249K->16195K(27648K), 0.0089482 secs] [Times: user=0.03 sys=0.00, real=0.01 secs] 
2014-07-09T15:44:39.029+0200: 87.852: [GC [PSYoungGen: 11213K->4866K(11264K)] 22318K->15971K(27648K), 0.0042928 secs] [Times: user=0.00 sys=0.01, real=0.00 secs] 
2014-07-09T15:44:39.078+0200: 87.901: [GC [PSYoungGen: 10998K->1248K(11264K)] 22104K->12362K(27648K), 0.0010247 secs] [Times: user=0.00 sys=0.00, real=0.00 secs] 
2014-07-09T15:44:39.082+0200: 87.905: [GC [PSYoungGen: 7369K->5090K(11264K)] 18483K->18429K(27648K), 0.0058884 secs] [Times: user=0.00 sys=0.00, real=0.01 secs] 
2014-07-09T15:44:39.090+0200: 87.913: [GC [PSYoungGen: 11213K->5090K(11264K)] 24551K->18621K(27648K), 0.0045792 secs] [Times: user=0.03 sys=0.00, real=0.01 secs] 
2014-07-09T15:44:39.130+0200: 87.953: [GC [PSYoungGen: 11213K->3201K(11264K)] 24744K->16740K(27648K), 0.0032091 secs] [Times: user=0.00 sys=0.00, real=0.00 secs] 
2014-07-09T15:44:39.179+0200: 88.002: [GC [PSYoungGen: 9324K->1120K(11264K)] 22863K->14667K(27648K), 0.0019592 secs] [Times: user=0.00 sys=0.00, real=0.00 secs] 
2014-07-09T15:44:39.185+0200: 88.008: [GC [PSYoungGen: 7241K->5090K(11264K)] 20788K->20734K(27648K), 0.0092291 secs] [Times: user=0.03 sys=0.00, real=0.01 secs] 
2014-07-09T15:44:39.195+0200: 88.018: [Full GC [PSYoungGen: 5090K->0K(11264K)] [ParOldGen: 15643K->7722K(16384K)] 20734K->7722K(27648K) [PSPermGen: 2476K->2476K(21504K)], 0.0230864 secs] [Times: user=0.05 sys=0.00, real=0.02 secs] 
2014-07-09T15:44:39.221+0200: 88.044: [GC [PSYoungGen: 6122K->5090K(11264K)] 13845K->12876K(27648K), 0.0038859 secs] [Times: user=0.00 sys=0.00, real=0.00 secs] 
2014-07-09T15:44:39.229+0200: 88.052: [GC [PSYoungGen: 11213K->3073K(11264K)] 18999K->10867K(27648K), 0.0020744 secs] [Times: user=0.00 sys=0.00, real=0.00 secs] 
2014-07-09T15:44:39.279+0200: 88.102: [GC [PSYoungGen: 9196K->992K(11264K)] 16990K->8794K(27648K), 0.0018097 secs] [Times: user=0.00 sys=0.00, real=0.00 secs] 
2014-07-09T15:44:39.286+0200: 88.109: [GC [PSYoungGen: 7113K->5090K(11264K)] 14915K->14861K(27648K), 0.0092078 secs] [Times: user=0.02 sys=0.00, real=0.01 secs] 
2014-07-09T15:44:39.299+0200: 88.122: [GC [PSYoungGen: 11213K->5026K(11264K)] 20984K->14797K(27648K), 0.0068266 secs] [Times: user=0.00 sys=0.00, real=0.01 secs] 
2014-07-09T15:44:39.329+0200: 88.152: [GC [PSYoungGen: 11163K->1280K(11264K)] 20934K->11059K(27648K), 0.0012597 secs] [Times: user=0.00 sys=0.00, real=0.00 secs] 
2014-07-09T15:44:39.333+0200: 88.156: [GC [PSYoungGen: 7401K->5090K(11264K)] 17180K->17126K(27648K), 0.0060248 secs] [Times: user=0.00 sys=0.00, real=0.01 secs] 
2014-07-09T15:44:39.379+0200: 88.202: [GC [PSYoungGen: 11213K->5090K(11264K)] 23249K->17350K(27648K), 0.0039288 secs] [Times: user=0.00 sys=0.00, real=0.00 secs] 
2014-07-09T15:44:39.385+0200: 88.208: [GC [PSYoungGen: 11213K->3233K(11264K)] 23473K->15501K(27648K), 0.0023171 secs] [Times: user=0.02 sys=0.00, real=0.00 secs] 
2014-07-09T15:44:39.429+0200: 88.252: [GC [PSYoungGen: 9356K->1152K(11264K)] 21624K->13428K(27648K), 0.0019812 secs] [Times: user=0.00 sys=0.00, real=0.00 secs] 
2014-07-09T15:44:39.435+0200: 88.258: [GC [PSYoungGen: 7273K->5090K(11264K)] 19549K->19495K(27648K), 0.0091704 secs] [Times: user=0.00 sys=0.00, real=0.01 secs] 
2014-07-09T15:44:39.445+0200: 88.268: [Full GC [PSYoungGen: 5090K->0K(11264K)] [ParOldGen: 14405K->7755K(16384K)] 19495K->7755K(27648K) [PSPermGen: 2476K->2476K(21504K)], 0.0186708 secs] [Times: user=0.03 sys=0.00, real=0.02 secs] 
2014-07-09T15:44:39.480+0200: 88.303: [GC [PSYoungGen: 6122K->5090K(11264K)] 13878K->12942K(27648K), 0.0040069 secs] [Times: user=0.03 sys=0.00, real=0.00 secs] 
2014-07-09T15:44:39.487+0200: 88.310: [GC [PSYoungGen: 11213K->3105K(11264K)] 19065K->10965K(27648K), 0.0031588 secs] [Times: user=0.00 sys=0.00, real=0.00 secs] 
2014-07-09T15:44:39.528+0200: 88.351: [GC [PSYoungGen: 9228K->1024K(11264K)] 17088K->8892K(27648K), 0.0010427 secs] [Times: user=0.03 sys=0.00, real=0.00 secs] 
2014-07-09T15:44:39.532+0200: 88.355: [GC [PSYoungGen: 7145K->5090K(11264K)] 15013K->14959K(27648K), 0.0056963 secs] [Times: user=0.00 sys=0.00, real=0.00 secs] 
2014-07-09T15:44:39.580+0200: 88.403: [GC [PSYoungGen: 11216K->4033K(11264K)] 21085K->13902K(27648K), 0.0051335 secs] [Times: user=0.00 sys=0.00, real=0.01 secs] 
2014-07-09T15:44:39.590+0200: 88.413: [GC [PSYoungGen: 10156K->1952K(11264K)] 20025K->11829K(27648K), 0.0029627 secs] [Times: user=0.03 sys=0.00, real=0.00 secs] 
2014-07-09T15:44:39.597+0200: 88.420: [GC [PSYoungGen: 8073K->5090K(11264K)] 17950K->17896K(27648K), 0.0094303 secs] [Times: user=0.02 sys=0.00, real=0.01 secs] 
2014-07-09T15:44:39.630+0200: 88.453: [GC [PSYoungGen: 11213K->5090K(11264K)] 24019K->18793K(27648K), 0.0047889 secs] [Times: user=0.00 sys=0.00, real=0.00 secs] 
2014-07-09T15:44:39.635+0200: 88.458: [Full GC [PSYoungGen: 5090K->0K(11264K)] [ParOldGen: 13702K->6475K(16384K)] 18793K->6475K(27648K) [PSPermGen: 2476K->2476K(21504K)], 0.0128722 secs] [Times: user=0.03 sys=0.00, real=0.01 secs] 
2014-07-09T15:44:39.679+0200: 88.502: [GC [PSYoungGen: 6122K->3905K(11264K)] 12598K->10381K(27648K), 0.0025543 secs] [Times: user=0.00 sys=0.00, real=0.00 secs] 
2014-07-09T15:44:39.685+0200: 88.508: [GC [PSYoungGen: 10028K->1824K(11264K)] 16504K->8308K(27648K), 0.0020392 secs] [Times: user=0.00 sys=0.00, real=0.00 secs] 
2014-07-09T15:44:39.690+0200: 88.513: [GC [PSYoungGen: 7945K->5090K(11264K)] 14429K->14375K(27648K), 0.0058924 secs] [Times: user=0.00 sys=0.00, real=0.01 secs] 
2014-07-09T15:44:39.732+0200: 88.555: [GC [PSYoungGen: 11213K->5090K(11264K)] 20498K->15143K(27648K), 0.0077028 secs] [Times: user=0.00 sys=0.00, real=0.01 secs] 
2014-07-09T15:44:39.780+0200: 88.603: [GC [PSYoungGen: 11213K->3777K(11264K)] 21266K->13839K(27648K), 0.0041216 secs] [Times: user=0.00 sys=0.00, real=0.01 secs] 
2014-07-09T15:44:39.791+0200: 88.614: [GC [PSYoungGen: 9920K->128K(11264K)] 19981K->10197K(27648K), 0.0087887 secs] [Times: user=0.01 sys=0.00, real=0.01 secs] 
2014-07-09T15:44:39.804+0200: 88.627: [GC [PSYoungGen: 6246K->5090K(11264K)] 16315K->15840K(27648K), 0.0085398 secs] [Times: user=0.03 sys=0.00, real=0.01 secs] 
2014-07-09T15:44:39.829+0200: 88.652: [GC [PSYoungGen: 11213K->3681K(11264K)] 21963K->14439K(27648K), 0.0024722 secs] [Times: user=0.00 sys=0.00, real=0.00 secs] 
2014-07-09T15:44:39.897+0200: 88.720: [GC [PSYoungGen: 9804K->1600K(11264K)] 20562K->12366K(27648K), 0.0009727 secs] [Times: user=0.00 sys=0.00, real=0.00 secs] 
2014-07-09T15:44:39.901+0200: 88.724: [GC [PSYoungGen: 7721K->5090K(11264K)] 18487K->18433K(27648K), 0.0058858 secs] [Times: user=0.03 sys=0.00, real=0.01 secs] 
2014-07-09T15:44:39.907+0200: 88.730: [Full GC [PSYoungGen: 5090K->0K(11264K)] [ParOldGen: 13343K->8206K(16384K)] 18433K->8206K(27648K) [PSPermGen: 2476K->2476K(21504K)], 0.0100851 secs] [Times: user=0.00 sys=0.00, real=0.01 secs] 
2014-07-09T15:44:39.921+0200: 88.744: [GC [PSYoungGen: 6122K->5090K(11264K)] 14329K->13840K(27648K), 0.0042078 secs] [Times: user=0.00 sys=0.00, real=0.00 secs] 
2014-07-09T15:44:39.929+0200: 88.752: [GC [PSYoungGen: 11213K->3553K(11264K)] 19963K->12312K(27648K), 0.0027658 secs] [Times: user=0.00 sys=0.00, real=0.00 secs] 
2014-07-09T15:44:39.978+0200: 88.801: [GC [PSYoungGen: 9676K->1472K(11264K)] 18435K->10239K(27648K), 0.0008502 secs] [Times: user=0.00 sys=0.00, real=0.00 secs] 
2014-07-09T15:44:39.982+0200: 88.805: [GC [PSYoungGen: 7593K->5090K(11264K)] 16360K->16306K(27648K), 0.0362402 secs] [Times: user=0.02 sys=0.00, real=0.04 secs] 
2014-07-09T15:44:40.020+0200: 88.843: [GC [PSYoungGen: 11213K->5090K(11264K)] 22429K->16690K(27648K), 0.0059118 secs] [Times: user=0.00 sys=0.00, real=0.01 secs] 
2014-07-09T15:44:40.029+0200: 88.852: [GC [PSYoungGen: 11213K->3425K(11264K)] 22813K->15033K(27648K), 0.0033660 secs] [Times: user=0.00 sys=0.00, real=0.00 secs] 
2014-07-09T15:44:40.078+0200: 88.901: [GC [PSYoungGen: 9554K->320K(11264K)] 21162K->11936K(27648K), 0.0005030 secs] [Times: user=0.00 sys=0.00, real=0.00 secs] 
2014-07-09T15:44:40.080+0200: 88.903: [GC [PSYoungGen: 6441K->5090K(11264K)] 18057K->18003K(27648K), 0.0049582 secs] [Times: user=0.00 sys=0.00, real=0.01 secs] 
2014-07-09T15:44:40.087+0200: 88.910: [GC [PSYoungGen: 11213K->4354K(11264K)] 24125K->17266K(27648K), 0.0084379 secs] [Times: user=0.03 sys=0.00, real=0.01 secs] 
2014-07-09T15:44:40.128+0200: 88.951: [GC [PSYoungGen: 10477K->2273K(11264K)] 23389K->15193K(27648K), 0.0013067 secs] [Times: user=0.00 sys=0.00, real=0.00 secs] 
2014-07-09T15:44:40.178+0200: 89.001: [GC [PSYoungGen: 8396K->192K(11264K)] 21316K->13120K(27648K), 0.0013473 secs] [Times: user=0.00 sys=0.00, real=0.00 secs] 
2014-07-09T15:44:40.183+0200: 89.006: [GC [PSYoungGen: 6313K->5090K(11264K)] 19241K->19187K(27648K), 0.0089728 secs] [Times: user=0.03 sys=0.00, real=0.01 secs] 
2014-07-09T15:44:40.192+0200: 89.015: [Full GC [PSYoungGen: 5090K->0K(11264K)] [ParOldGen: 14097K->6798K(16384K)] 19187K->6798K(27648K) [PSPermGen: 2476K->2476K(21504K)], 0.0185161 secs] [Times: user=0.02 sys=0.00, real=0.02 secs] 
2014-07-09T15:44:40.213+0200: 89.036: [GC [PSYoungGen: 6122K->4226K(11264K)] 12921K->11024K(27648K), 0.0037183 secs] [Times: user=0.03 sys=0.00, real=0.00 secs] 
2014-07-09T15:44:40.228+0200: 89.051: [GC [PSYoungGen: 10349K->2145K(11264K)] 17147K->8951K(27648K), 0.0013946 secs] [Times: user=0.00 sys=0.00, real=0.00 secs] 
2014-07-09T15:44:40.280+0200: 89.103: [GC [PSYoungGen: 8266K->32K(11264K)] 15072K->6846K(27648K), 0.0022262 secs] [Times: user=0.00 sys=0.00, real=0.00 secs] 
2014-07-09T15:44:40.286+0200: 89.109: [GC [PSYoungGen: 6152K->5090K(11264K)] 12967K->12945K(27648K), 0.0081952 secs] [Times: user=0.03 sys=0.00, real=0.01 secs] 
2014-07-09T15:44:40.297+0200: 89.120: [GC [PSYoungGen: 11211K->4097K(11264K)] 19066K->11952K(27648K), 0.0032556 secs] [Times: user=0.00 sys=0.00, real=0.00 secs] 
2014-07-09T15:44:40.328+0200: 89.151: [GC [PSYoungGen: 10238K->352K(11264K)] 18092K->8214K(27648K), 0.0157249 secs] [Times: user=0.00 sys=0.00, real=0.02 secs] 
2014-07-09T15:44:40.345+0200: 89.168: [GC [PSYoungGen: 6473K->5090K(11264K)] 14335K->14281K(27648K), 0.0052094 secs] [Times: user=0.00 sys=0.00, real=0.01 secs] 
2014-07-09T15:44:40.379+0200: 89.202: [GC [PSYoungGen: 11213K->4386K(11264K)] 20404K->13577K(27648K), 0.0033022 secs] [Times: user=0.00 sys=0.00, real=0.00 secs] 
2014-07-09T15:44:40.385+0200: 89.208: [GC [PSYoungGen: 10509K->2305K(11264K)] 19700K->11504K(27648K), 0.0018086 secs] [Times: user=0.03 sys=0.00, real=0.00 secs] 
2014-07-09T15:44:40.428+0200: 89.251: [GC [PSYoungGen: 8428K->192K(11264K)] 17627K->9399K(27648K), 0.0006137 secs] [Times: user=0.00 sys=0.00, real=0.00 secs] 
2014-07-09T15:44:40.431+0200: 89.254: [GC [PSYoungGen: 6313K->5090K(11264K)] 15520K->15498K(27648K), 0.0045894 secs] [Times: user=0.03 sys=0.00, real=0.00 secs] 
2014-07-09T15:44:40.481+0200: 89.304: [GC [PSYoungGen: 11213K->4258K(11264K)] 21621K->14665K(27648K), 0.0065967 secs] [Times: user=0.00 sys=0.00, real=0.01 secs] 
2014-07-09T15:44:40.492+0200: 89.315: [GC [PSYoungGen: 10381K->2177K(11264K)] 20788K->12592K(27648K), 0.0032230 secs] [Times: user=0.00 sys=0.02, real=0.00 secs] 
2014-07-09T15:44:40.528+0200: 89.351: [GC [PSYoungGen: 8300K->96K(11264K)] 18715K->10519K(27648K), 0.0007970 secs] [Times: user=0.00 sys=0.00, real=0.00 secs] 
2014-07-09T15:44:40.531+0200: 89.354: [GC [PSYoungGen: 6217K->5090K(11264K)] 16640K->16586K(27648K), 0.0052163 secs] [Times: user=0.00 sys=0.00, real=0.01 secs] 
2014-07-09T15:44:40.579+0200: 89.402: [GC [PSYoungGen: 11222K->2593K(11264K)] 22719K->14089K(27648K), 0.0027699 secs] [Times: user=0.00 sys=0.00, real=0.00 secs] 
2014-07-09T15:44:40.587+0200: 89.410: [GC [PSYoungGen: 8716K->512K(11264K)] 20212K->12016K(27648K), 0.0020619 secs] [Times: user=0.00 sys=0.00, real=0.00 secs] 
2014-07-09T15:44:40.594+0200: 89.417: [GC [PSYoungGen: 6633K->5090K(11264K)] 18137K->18083K(27648K), 0.0085515 secs] [Times: user=0.00 sys=0.00, real=0.01 secs] 
2014-07-09T15:44:40.630+0200: 89.453: [GC [PSYoungGen: 11213K->4546K(11264K)] 24206K->17539K(27648K), 0.0055764 secs] [Times: user=0.01 sys=0.00, real=0.01 secs] 
2014-07-09T15:44:40.679+0200: 89.502: [GC [PSYoungGen: 10669K->2465K(11264K)] 23662K->15466K(27648K), 0.0027464 secs] [Times: user=0.00 sys=0.00, real=0.00 secs] 
2014-07-09T15:44:40.687+0200: 89.510: [GC [PSYoungGen: 8588K->384K(11264K)] 21589K->13393K(27648K), 0.0020194 secs] [Times: user=0.00 sys=0.00, real=0.00 secs] 
2014-07-09T15:44:40.694+0200: 89.517: [GC [PSYoungGen: 6505K->5090K(11264K)] 19514K->19460K(27648K), 0.0090073 secs] [Times: user=0.03 sys=0.00, real=0.01 secs] 
2014-07-09T15:44:40.704+0200: 89.527: [Full GC [PSYoungGen: 5090K->0K(11264K)] [ParOldGen: 14369K->6993K(16384K)] 19460K->6993K(27648K) [PSPermGen: 2476K->2476K(21504K)], 0.0188002 secs] [Times: user=0.02 sys=0.00, real=0.02 secs] 
2014-07-09T15:44:40.729+0200: 89.552: [GC [PSYoungGen: 6122K->4418K(11264K)] 13116K->11411K(27648K), 0.0036912 secs] [Times: user=0.01 sys=0.00, real=0.00 secs] 
2014-07-09T15:44:40.779+0200: 89.602: [GC [PSYoungGen: 10541K->2337K(11264K)] 17534K->9338K(27648K), 0.0025228 secs] [Times: user=0.00 sys=0.00, real=0.00 secs] 
2014-07-09T15:44:40.788+0200: 89.611: [GC [PSYoungGen: 8480K->256K(11264K)] 15481K->7265K(27648K), 0.0028692 secs] [Times: user=0.00 sys=0.00, real=0.00 secs] 
2014-07-09T15:44:40.796+0200: 89.619: [GC [PSYoungGen: 6394K->5090K(11264K)] 13403K->12907K(27648K), 0.0075954 secs] [Times: user=0.00 sys=0.00, real=0.01 secs] 
2014-07-09T15:44:40.829+0200: 89.652: [GC [PSYoungGen: 11218K->2785K(11264K)] 19036K->10610K(27648K), 0.0014507 secs] [Times: user=0.00 sys=0.00, real=0.00 secs] 
2014-07-09T15:44:40.891+0200: 89.714: [GC [PSYoungGen: 8908K->704K(11264K)] 16733K->8537K(27648K), 0.0007831 secs] [Times: user=0.00 sys=0.00, real=0.00 secs] 
2014-07-09T15:44:40.894+0200: 89.717: [GC [PSYoungGen: 6825K->5090K(11264K)] 14658K->14604K(27648K), 0.0050627 secs] [Times: user=0.00 sys=0.00, real=0.00 secs] 
2014-07-09T15:44:40.902+0200: 89.725: [GC [PSYoungGen: 11213K->4738K(11264K)] 20727K->14252K(27648K), 0.0071089 secs] [Times: user=0.00 sys=0.00, real=0.01 secs] 
2014-07-09T15:44:40.929+0200: 89.752: [GC [PSYoungGen: 10861K->2657K(11264K)] 20375K->12179K(27648K), 0.0023809 secs] [Times: user=0.00 sys=0.00, real=0.00 secs] 
2014-07-09T15:44:40.978+0200: 89.801: [GC [PSYoungGen: 8780K->544K(11264K)] 18302K->10074K(27648K), 0.0012007 secs] [Times: user=0.00 sys=0.00, real=0.00 secs] 
2014-07-09T15:44:40.983+0200: 89.806: [GC [PSYoungGen: 6665K->5090K(11264K)] 16195K->16173K(27648K), 0.0085893 secs] [Times: user=0.00 sys=0.00, real=0.01 secs] 
2014-07-09T15:44:40.994+0200: 89.817: [GC [PSYoungGen: 11213K->4610K(11264K)] 22296K->15693K(27648K), 0.0037242 secs] [Times: user=0.03 sys=0.00, real=0.00 secs] 
2014-07-09T15:44:41.028+0200: 89.851: [GC [PSYoungGen: 10736K->1504K(11264K)] 21819K->12595K(27648K), 0.0009111 secs] [Times: user=0.00 sys=0.00, real=0.00 secs] 
2014-07-09T15:44:41.032+0200: 89.855: [GC [PSYoungGen: 7625K->5090K(11264K)] 18716K->18662K(27648K), 0.0056721 secs] [Times: user=0.00 sys=0.00, real=0.00 secs] 
2014-07-09T15:44:41.081+0200: 89.904: [GC [PSYoungGen: 11213K->5090K(11264K)] 24785K->19110K(27648K), 0.0070916 secs] [Times: user=0.00 sys=0.00, real=0.01 secs] 
2014-07-09T15:44:41.088+0200: 89.911: [Full GC [PSYoungGen: 5090K->0K(11264K)] [ParOldGen: 14020K->5958K(16384K)] 19110K->5958K(27648K) [PSPermGen: 2476K->2476K(21504K)], 0.0239231 secs] [Times: user=0.05 sys=0.00, real=0.02 secs] 
2014-07-09T15:44:41.115+0200: 89.938: [GC [PSYoungGen: 6122K->3457K(11264K)] 12081K->9416K(27648K), 0.0028260 secs] [Times: user=0.00 sys=0.00, real=0.00 secs] 
2014-07-09T15:44:41.128+0200: 89.951: [GC [PSYoungGen: 9580K->1376K(11264K)] 15539K->7343K(27648K), 0.0010962 secs] [Times: user=0.00 sys=0.00, real=0.00 secs] 
2014-07-09T15:44:41.132+0200: 89.955: [GC [PSYoungGen: 7497K->5090K(11264K)] 13464K->13410K(27648K), 0.0059613 secs] [Times: user=0.03 sys=0.00, real=0.01 secs] 
2014-07-09T15:44:41.181+0200: 90.004: [GC [PSYoungGen: 11213K->5090K(11264K)] 19533K->13730K(27648K), 0.0068079 secs] [Times: user=0.03 sys=0.00, real=0.01 secs] 
2014-07-09T15:44:41.192+0200: 90.015: [GC [PSYoungGen: 11213K->3329K(11264K)] 19853K->11977K(27648K), 0.0039845 secs] [Times: user=0.00 sys=0.00, real=0.00 secs] 
2014-07-09T15:44:41.228+0200: 90.051: [GC [PSYoungGen: 9452K->1248K(11264K)] 18100K->9904K(27648K), 0.0012047 secs] [Times: user=0.03 sys=0.00, real=0.00 secs] 
2014-07-09T15:44:41.232+0200: 90.055: [GC [PSYoungGen: 7369K->5090K(11264K)] 16025K->15971K(27648K), 0.0067287 secs] [Times: user=0.00 sys=0.00, real=0.01 secs] 
2014-07-09T15:44:41.279+0200: 90.102: [GC [PSYoungGen: 11213K->5090K(11264K)] 22094K->16163K(27648K), 0.0042199 secs] [Times: user=0.00 sys=0.00, real=0.00 secs] 
2014-07-09T15:44:41.286+0200: 90.109: [GC [PSYoungGen: 11213K->3201K(11264K)] 22286K->14282K(27648K), 0.0026661 secs] [Times: user=0.00 sys=0.00, real=0.00 secs] 
2014-07-09T15:44:41.292+0200: 90.115: [GC [PSYoungGen: 9344K->576K(11264K)] 20426K->11665K(27648K), 0.0013642 secs] [Times: user=0.00 sys=0.00, real=0.00 secs] 
2014-07-09T15:44:41.330+0200: 90.153: [GC [PSYoungGen: 6699K->5058K(11264K)] 17789K->16155K(27648K), 0.0038573 secs] [Times: user=0.00 sys=0.00, real=0.00 secs] 
2014-07-09T15:44:41.380+0200: 90.203: [GC [PSYoungGen: 11181K->2977K(11264K)] 22278K->14082K(27648K), 0.0033260 secs] [Times: user=0.00 sys=0.00, real=0.00 secs] 
2014-07-09T15:44:41.389+0200: 90.212: [GC [PSYoungGen: 9100K->896K(11264K)] 20205K->12009K(27648K), 0.0021206 secs] [Times: user=0.00 sys=0.00, real=0.00 secs] 
2014-07-09T15:44:41.396+0200: 90.219: [GC [PSYoungGen: 7017K->5090K(11264K)] 18130K->18076K(27648K), 0.0093787 secs] [Times: user=0.03 sys=0.00, real=0.01 secs] 
2014-07-09T15:44:41.429+0200: 90.252: [GC [PSYoungGen: 11213K->4930K(11264K)] 24199K->17916K(27648K), 0.0042411 secs] [Times: user=0.03 sys=0.00, real=0.01 secs] 
2014-07-09T15:44:41.479+0200: 90.302: [GC [PSYoungGen: 11053K->2817K(11264K)] 24039K->15811K(27648K), 0.0152788 secs] [Times: user=0.02 sys=0.00, real=0.02 secs] 
2014-07-09T15:44:41.498+0200: 90.321: [GC [PSYoungGen: 8940K->736K(11264K)] 21934K->13738K(27648K), 0.0013965 secs] [Times: user=0.00 sys=0.00, real=0.00 secs] 
2014-07-09T15:44:41.505+0200: 90.328: [GC [PSYoungGen: 6857K->5090K(11264K)] 19859K->19829K(27648K), 0.0242013 secs] [Times: user=0.03 sys=0.00, real=0.02 secs] 
2014-07-09T15:44:41.529+0200: 90.353: [Full GC [PSYoungGen: 5090K->0K(11264K)] [ParOldGen: 14739K->7349K(16384K)] 19829K->7349K(27648K) [PSPermGen: 2476K->2476K(21504K)], 0.0162063 secs] [Times: user=0.02 sys=0.00, real=0.02 secs] 
2014-07-09T15:44:41.549+0200: 90.372: [GC [PSYoungGen: 6122K->4802K(11264K)] 13472K->12151K(27648K), 0.0034859 secs] [Times: user=0.00 sys=0.00, real=0.00 secs] 
2014-07-09T15:44:41.578+0200: 90.401: [GC [PSYoungGen: 10928K->1664K(11264K)] 18278K->9022K(27648K), 0.0018537 secs] [Times: user=0.00 sys=0.00, real=0.00 secs] 
2014-07-09T15:44:41.582+0200: 90.405: [GC [PSYoungGen: 7785K->5090K(11264K)] 15143K->15121K(27648K), 0.0059833 secs] [Times: user=0.03 sys=0.00, real=0.01 secs] 
2014-07-09T15:44:41.591+0200: 90.414: [GC [PSYoungGen: 11213K->5090K(11264K)] 21244K->15761K(27648K), 0.0046576 secs] [Times: user=0.00 sys=0.00, real=0.00 secs] 
2014-07-09T15:44:41.629+0200: 90.452: [GC [PSYoungGen: 11213K->3649K(11264K)] 21884K->14328K(27648K), 0.0021605 secs] [Times: user=0.00 sys=0.00, real=0.00 secs] 
2014-07-09T15:44:41.679+0200: 90.502: [GC [PSYoungGen: 9772K->1568K(11264K)] 20451K->12255K(27648K), 0.0019845 secs] [Times: user=0.00 sys=0.00, real=0.00 secs] 
2014-07-09T15:44:41.686+0200: 90.509: [GC [PSYoungGen: 7689K->5090K(11264K)] 18376K->18322K(27648K), 0.0102322 secs] [Times: user=0.00 sys=0.00, real=0.01 secs] 
2014-07-09T15:44:41.701+0200: 90.524: [GC [PSYoungGen: 11213K->5090K(11264K)] 24445K->18835K(27648K), 0.0070036 secs] [Times: user=0.00 sys=0.00, real=0.01 secs] 
2014-07-09T15:44:41.708+0200: 90.531: [Full GC [PSYoungGen: 5090K->0K(11264K)] [ParOldGen: 13744K->6024K(16384K)] 18835K->6024K(27648K) [PSPermGen: 2476K->2476K(21504K)], 0.0107927 secs] [Times: user=0.02 sys=0.00, real=0.01 secs] 
2014-07-09T15:44:41.729+0200: 90.552: [GC [PSYoungGen: 6122K->3521K(11264K)] 12147K->9546K(27648K), 0.0026397 secs] [Times: user=0.00 sys=0.00, real=0.00 secs] 
2014-07-09T15:44:41.779+0200: 90.602: [GC [PSYoungGen: 9644K->1440K(11264K)] 15669K->7473K(27648K), 0.0019944 secs] [Times: user=0.00 sys=0.00, real=0.00 secs] 
2014-07-09T15:44:41.785+0200: 90.608: [GC [PSYoungGen: 7561K->5090K(11264K)] 13594K->13540K(27648K), 0.0102772 secs] [Times: user=0.02 sys=0.00, real=0.01 secs] 
2014-07-09T15:44:41.798+0200: 90.621: [GC [PSYoungGen: 11222K->3937K(11264K)] 19672K->12387K(27648K), 0.0032905 secs] [Times: user=0.00 sys=0.00, real=0.00 secs] 
2014-07-09T15:44:41.829+0200: 90.652: [GC [PSYoungGen: 10060K->1856K(11264K)] 18510K->10314K(27648K), 0.0013664 secs] [Times: user=0.00 sys=0.00, real=0.00 secs] 
2014-07-09T15:44:41.832+0200: 90.655: [GC [PSYoungGen: 7977K->5090K(11264K)] 16435K->16381K(27648K), 0.0064607 secs] [Times: user=0.03 sys=0.00, real=0.01 secs] 
2014-07-09T15:44:41.880+0200: 90.703: [GC [PSYoungGen: 11213K->5090K(11264K)] 22504K->17149K(27648K), 0.0058620 secs] [Times: user=0.01 sys=0.00, real=0.01 secs] 
2014-07-09T15:44:41.889+0200: 90.712: [GC [PSYoungGen: 11213K->3777K(11264K)] 23272K->15845K(27648K), 0.0081988 secs] [Times: user=0.00 sys=0.00, real=0.01 secs] 
2014-07-09T15:44:41.928+0200: 90.751: [GC [PSYoungGen: 9900K->1728K(11264K)] 21968K->13804K(27648K), 0.0013741 secs] [Times: user=0.00 sys=0.00, real=0.00 secs] 
2014-07-09T15:44:41.933+0200: 90.756: [GC [PSYoungGen: 7849K->5090K(11264K)] 19925K->19871K(27648K), 0.0058928 secs] [Times: user=0.00 sys=0.00, real=0.01 secs] 
2014-07-09T15:44:41.939+0200: 90.762: [Full GC [PSYoungGen: 5090K->0K(11264K)] [ParOldGen: 14780K->8301K(16384K)] 19871K->8301K(27648K) [PSPermGen: 2476K->2476K(21504K)], 0.0108598 secs] [Times: user=0.03 sys=0.00, real=0.01 secs] 
2014-07-09T15:44:41.979+0200: 90.802: [GC [PSYoungGen: 6122K->5090K(11264K)] 14424K->14064K(27648K), 0.0043449 secs] [Times: user=0.00 sys=0.00, real=0.00 secs] 
2014-07-09T15:44:41.986+0200: 90.809: [GC [PSYoungGen: 11213K->3681K(11264K)] 20187K->12663K(27648K), 0.0028923 secs] [Times: user=0.00 sys=0.00, real=0.00 secs] 
2014-07-09T15:44:42.028+0200: 90.851: [GC [PSYoungGen: 9804K->1600K(11264K)] 18786K->10590K(27648K), 0.0009763 secs] [Times: user=0.00 sys=0.00, real=0.00 secs] 
2014-07-09T15:44:42.031+0200: 90.855: [GC [PSYoungGen: 7721K->5090K(11264K)] 16711K->16657K(27648K), 0.0057670 secs] [Times: user=0.00 sys=0.00, real=0.01 secs] 
2014-07-09T15:44:42.079+0200: 90.902: [GC [PSYoungGen: 11222K->4065K(11264K)] 22789K->15632K(27648K), 0.0041201 secs] [Times: user=0.00 sys=0.00, real=0.00 secs] 
2014-07-09T15:44:42.087+0200: 90.910: [GC [PSYoungGen: 10188K->1984K(11264K)] 21755K->13559K(27648K), 0.0029528 secs] [Times: user=0.00 sys=0.00, real=0.00 secs] 
2014-07-09T15:44:42.092+0200: 90.915: [GC [PSYoungGen: 8105K->5090K(11264K)] 19680K->19658K(27648K), 0.0060376 secs] [Times: user=0.00 sys=0.00, real=0.01 secs] 
2014-07-09T15:44:42.098+0200: 90.921: [Full GC [PSYoungGen: 5090K->0K(11264K)] [ParOldGen: 14568K->8596K(16384K)] 19658K->8596K(27648K) [PSPermGen: 2476K->2476K(21504K)], 0.0106006 secs] [Times: user=0.00 sys=0.00, real=0.01 secs] 
2014-07-09T15:44:42.129+0200: 90.952: [GC [PSYoungGen: 6122K->5090K(11264K)] 14718K->14646K(27648K), 0.0046506 secs] [Times: user=0.02 sys=0.00, real=0.01 secs] 
2014-07-09T15:44:42.179+0200: 91.002: [GC [PSYoungGen: 11213K->3969K(11264K)] 20769K->13534K(27648K), 0.0027614 secs] [Times: user=0.03 sys=0.00, real=0.00 secs] 
2014-07-09T15:44:42.184+0200: 91.007: [GC [PSYoungGen: 10092K->1888K(11264K)] 19657K->11461K(27648K), 0.0016300 secs] [Times: user=0.00 sys=0.00, real=0.00 secs] 
2014-07-09T15:44:42.188+0200: 91.011: [GC [PSYoungGen: 8009K->5090K(11264K)] 17582K->17528K(27648K), 0.0059459 secs] [Times: user=0.00 sys=0.00, real=0.01 secs] 
2014-07-09T15:44:42.229+0200: 91.053: [GC [PSYoungGen: 11213K->5090K(11264K)] 23651K->18360K(27648K), 0.0044732 secs] [Times: user=0.00 sys=0.00, real=0.00 secs] 
2014-07-09T15:44:42.234+0200: 91.057: [Full GC [PSYoungGen: 5090K->0K(11264K)] [ParOldGen: 13270K->6391K(16384K)] 18360K->6391K(27648K) [PSPermGen: 2476K->2476K(21504K)], 0.0093552 secs] [Times: user=0.03 sys=0.00, real=0.01 secs] 
2014-07-09T15:44:42.280+0200: 91.103: [GC [PSYoungGen: 6122K->3841K(11264K)] 12514K->10232K(27648K), 0.0056948 secs] [Times: user=0.00 sys=0.00, real=0.01 secs] 
2014-07-09T15:44:42.292+0200: 91.115: [GC [PSYoungGen: 9964K->1760K(11264K)] 16355K->8159K(27648K), 0.0029037 secs] [Times: user=0.00 sys=0.00, real=0.00 secs] 
2014-07-09T15:44:42.299+0200: 91.122: [GC [PSYoungGen: 7881K->5090K(11264K)] 14280K->14226K(27648K), 0.0094710 secs] [Times: user=0.03 sys=0.00, real=0.05 secs] 
2014-07-09T15:44:42.350+0200: 91.173: [GC [PSYoungGen: 11228K->4129K(11264K)] 20365K->13266K(27648K), 0.0034628 secs] [Times: user=0.03 sys=0.00, real=0.00 secs] 
2014-07-09T15:44:42.379+0200: 91.202: [GC [PSYoungGen: 10250K->2048K(11264K)] 19387K->11193K(27648K), 0.0011307 secs] [Times: user=0.00 sys=0.00, real=0.00 secs] 
2014-07-09T15:44:42.382+0200: 91.205: [GC [PSYoungGen: 8169K->5090K(11264K)] 17314K->17260K(27648K), 0.0065076 secs] [Times: user=0.03 sys=0.00, real=0.01 secs] 
2014-07-09T15:44:42.391+0200: 91.214: [GC [PSYoungGen: 11213K->5090K(11264K)] 23383K->18252K(27648K), 0.0049223 secs] [Times: user=0.00 sys=0.00, real=0.00 secs] 
2014-07-09T15:44:42.396+0200: 91.219: [Full GC [PSYoungGen: 5090K->0K(11264K)] [ParOldGen: 13162K->6553K(16384K)] 18252K->6553K(27648K) [PSPermGen: 2476K->2476K(21504K)], 0.0107392 secs] [Times: user=0.03 sys=0.00, real=0.01 secs] 
2014-07-09T15:44:42.429+0200: 91.252: [GC [PSYoungGen: 6122K->4001K(11264K)] 12676K->10555K(27648K), 0.0030899 secs] [Times: user=0.03 sys=0.00, real=0.00 secs] 
2014-07-09T15:44:42.478+0200: 91.302: [GC [PSYoungGen: 10124K->1920K(11264K)] 16678K->8482K(27648K), 0.0011332 secs] [Times: user=0.00 sys=0.00, real=0.00 secs] 
2014-07-09T15:44:42.482+0200: 91.305: [GC [PSYoungGen: 8041K->5090K(11264K)] 14603K->14549K(27648K), 0.0065417 secs] [Times: user=0.00 sys=0.00, real=0.01 secs] 
2014-07-09T15:44:42.491+0200: 91.314: [GC [PSYoungGen: 11213K->5090K(11264K)] 20672K->15414K(27648K), 0.0047995 secs] [Times: user=0.03 sys=0.00, real=0.01 secs] 
2014-07-09T15:44:42.529+0200: 91.352: [GC [PSYoungGen: 11213K->3873K(11264K)] 21537K->14205K(27648K), 0.0028336 secs] [Times: user=0.00 sys=0.00, real=0.00 secs] 
2014-07-09T15:44:42.580+0200: 91.403: [GC [PSYoungGen: 10002K->768K(11264K)] 20334K->11108K(27648K), 0.0015325 secs] [Times: user=0.00 sys=0.00, real=0.00 secs] 
2014-07-09T15:44:42.585+0200: 91.408: [GC [PSYoungGen: 6889K->5090K(11264K)] 17229K->17175K(27648K), 0.0099744 secs] [Times: user=0.03 sys=0.00, real=0.01 secs] 
2014-07-09T15:44:42.601+0200: 91.424: [GC [PSYoungGen: 11213K->4770K(11264K)] 23298K->16854K(27648K), 0.0224225 secs] [Times: user=0.03 sys=0.00, real=0.02 secs] 
2014-07-09T15:44:42.629+0200: 91.452: [GC [PSYoungGen: 10893K->2689K(11264K)] 22977K->14781K(27648K), 0.0026635 secs] [Times: user=0.00 sys=0.00, real=0.00 secs] 
2014-07-09T15:44:42.678+0200: 91.501: [GC [PSYoungGen: 8812K->640K(11264K)] 20904K->12740K(27648K), 0.0006024 secs] [Times: user=0.00 sys=0.00, real=0.00 secs] 
2014-07-09T15:44:42.681+0200: 91.504: [GC [PSYoungGen: 6761K->5090K(11264K)] 18861K->18807K(27648K), 0.0050246 secs] [Times: user=0.00 sys=0.00, real=0.01 secs] 
2014-07-09T15:44:42.686+0200: 91.509: [Full GC [PSYoungGen: 5090K->0K(11264K)] [ParOldGen: 13717K->7230K(16384K)] 18807K->7230K(27648K) [PSPermGen: 2476K->2476K(21504K)], 0.0097893 secs] [Times: user=0.03 sys=0.00, real=0.01 secs] 
2014-07-09T15:44:42.698+0200: 91.521: [GC [PSYoungGen: 6122K->4674K(11264K)] 13353K->11904K(27648K), 0.0034078 secs] [Times: user=0.00 sys=0.00, real=0.00 secs] 
2014-07-09T15:44:42.729+0200: 91.552: [GC [PSYoungGen: 10797K->2593K(11264K)] 18027K->9831K(27648K), 0.0014654 secs] [Times: user=0.00 sys=0.00, real=0.00 secs] 
2014-07-09T15:44:42.778+0200: 91.601: [GC [PSYoungGen: 8716K->512K(11264K)] 15954K->7758K(27648K), 0.0006577 secs] [Times: user=0.00 sys=0.00, real=0.00 secs] 
2014-07-09T15:44:42.781+0200: 91.604: [GC [PSYoungGen: 6633K->5090K(11264K)] 13879K->13825K(27648K), 0.0049872 secs] [Times: user=0.00 sys=0.00, real=0.01 secs] 
2014-07-09T15:44:42.788+0200: 91.611: [GC [PSYoungGen: 11222K->3009K(11264K)] 19957K->11744K(27648K), 0.0024054 secs] [Times: user=0.03 sys=0.00, real=0.00 secs] 
2014-07-09T15:44:42.828+0200: 91.651: [GC [PSYoungGen: 9138K->416K(11264K)] 17872K->9158K(27648K), 0.0006343 secs] [Times: user=0.00 sys=0.00, real=0.00 secs] 
2014-07-09T15:44:42.831+0200: 91.654: [GC [PSYoungGen: 6537K->5090K(11264K)] 15279K->15225K(27648K), 0.0050895 secs] [Times: user=0.02 sys=0.00, real=0.00 secs] 
2014-07-09T15:44:42.881+0200: 91.704: [GC [PSYoungGen: 11213K->4418K(11264K)] 21348K->14553K(27648K), 0.0060589 secs] [Times: user=0.00 sys=0.00, real=0.01 secs] 
2014-07-09T15:44:42.891+0200: 91.714: [GC [PSYoungGen: 10541K->2337K(11264K)] 20676K->12480K(27648K), 0.0053197 secs] [Times: user=0.00 sys=0.00, real=0.00 secs] 
2014-07-09T15:44:42.928+0200: 91.751: [GC [PSYoungGen: 8460K->288K(11264K)] 18603K->10439K(27648K), 0.0006324 secs] [Times: user=0.00 sys=0.00, real=0.00 secs] 
2014-07-09T15:44:42.931+0200: 91.755: [GC [PSYoungGen: 6409K->5090K(11264K)] 16560K->16506K(27648K), 0.0043738 secs] [Times: user=0.00 sys=0.00, real=0.01 secs] 
2014-07-09T15:44:42.979+0200: 91.802: [GC [PSYoungGen: 11213K->4322K(11264K)] 22629K->15738K(27648K), 0.0066664 secs] [Times: user=0.00 sys=0.00, real=0.01 secs] 
2014-07-09T15:44:42.988+0200: 91.812: [GC [PSYoungGen: 10445K->2241K(11264K)] 21861K->13665K(27648K), 0.0019662 secs] [Times: user=0.00 sys=0.00, real=0.00 secs] 
2014-07-09T15:44:43.028+0200: 91.851: [GC [PSYoungGen: 8380K->160K(11264K)] 19804K->11592K(27648K), 0.0013891 secs] [Times: user=0.00 sys=0.00, real=0.00 secs] 
2014-07-09T15:44:43.033+0200: 91.856: [GC [PSYoungGen: 6302K->5090K(11264K)] 17734K->16722K(27648K), 0.0070473 secs] [Times: user=0.03 sys=0.00, real=0.01 secs] 
2014-07-09T15:44:43.079+0200: 91.903: [GC [PSYoungGen: 11213K->3201K(11264K)] 22845K->14841K(27648K), 0.0032971 secs] [Times: user=0.00 sys=0.00, real=0.00 secs] 
2014-07-09T15:44:43.087+0200: 91.910: [GC [PSYoungGen: 9324K->1120K(11264K)] 20964K->12768K(27648K), 0.0012216 secs] [Times: user=0.00 sys=0.00, real=0.00 secs] 
2014-07-09T15:44:43.092+0200: 91.915: [GC [PSYoungGen: 7241K->5090K(11264K)] 18889K->18835K(27648K), 0.0054356 secs] [Times: user=0.00 sys=0.00, real=0.00 secs] 
2014-07-09T15:44:43.130+0200: 91.953: [GC [PSYoungGen: 11213K->5090K(11264K)] 24958K->18899K(27648K), 0.0042059 secs] [Times: user=0.03 sys=0.00, real=0.00 secs] 
2014-07-09T15:44:43.179+0200: 92.002: [GC [PSYoungGen: 11213K->3073K(11264K)] 25022K->16890K(27648K), 0.0018243 secs] [Times: user=0.00 sys=0.00, real=0.00 secs] 
2014-07-09T15:44:43.183+0200: 92.006: [GC [PSYoungGen: 9196K->992K(11264K)] 23013K->14817K(27648K), 0.0010709 secs] [Times: user=0.00 sys=0.00, real=0.00 secs] 
2014-07-09T15:44:43.186+0200: 92.009: [GC [PSYoungGen: 7113K->5090K(11264K)] 20938K->20884K(27648K), 0.0054338 secs] [Times: user=0.00 sys=0.00, real=0.01 secs] 
2014-07-09T15:44:43.192+0200: 92.015: [Full GC [PSYoungGen: 5090K->0K(11264K)] [ParOldGen: 15794K->7584K(16384K)] 20884K->7584K(27648K) [PSPermGen: 2476K->2476K(21504K)], 0.0095488 secs] [Times: user=0.02 sys=0.00, real=0.01 secs] 
2014-07-09T15:44:43.229+0200: 92.053: [GC [PSYoungGen: 6122K->5026K(11264K)] 13707K->12610K(27648K), 0.0036380 secs] [Times: user=0.00 sys=0.00, real=0.00 secs] 
2014-07-09T15:44:43.279+0200: 92.102: [GC [PSYoungGen: 11149K->2945K(11264K)] 18733K->10537K(27648K), 0.0014489 secs] [Times: user=0.00 sys=0.00, real=0.00 secs] 
2014-07-09T15:44:43.283+0200: 92.106: [GC [PSYoungGen: 9068K->864K(11264K)] 16660K->8464K(27648K), 0.0009771 secs] [Times: user=0.00 sys=0.00, real=0.00 secs] 
2014-07-09T15:44:43.286+0200: 92.109: [GC [PSYoungGen: 6985K->5090K(11264K)] 14585K->14531K(27648K), 0.0054521 secs] [Times: user=0.03 sys=0.00, real=0.00 secs] 
2014-07-09T15:44:43.329+0200: 92.152: [GC [PSYoungGen: 11227K->3233K(11264K)] 20668K->12674K(27648K), 0.0016883 secs] [Times: user=0.00 sys=0.00, real=0.00 secs] 
2014-07-09T15:44:43.378+0200: 92.201: [GC [PSYoungGen: 9356K->1152K(11264K)] 18797K->10601K(27648K), 0.0007750 secs] [Times: user=0.00 sys=0.00, real=0.00 secs] 
2014-07-09T15:44:43.381+0200: 92.204: [GC [PSYoungGen: 7273K->5090K(11264K)] 16722K->16668K(27648K), 0.0059074 secs] [Times: user=0.03 sys=0.00, real=0.01 secs] 
2014-07-09T15:44:43.389+0200: 92.212: [GC [PSYoungGen: 11213K->5090K(11264K)] 22791K->16764K(27648K), 0.0041751 secs] [Times: user=0.00 sys=0.00, real=0.00 secs] 
2014-07-09T15:44:43.429+0200: 92.252: [GC [PSYoungGen: 11213K->3105K(11264K)] 22887K->14787K(27648K), 0.0018570 secs] [Times: user=0.00 sys=0.00, real=0.00 secs] 
2014-07-09T15:44:43.479+0200: 92.302: [GC [PSYoungGen: 9228K->1024K(11264K)] 20910K->12714K(27648K), 0.0018166 secs] [Times: user=0.00 sys=0.00, real=0.00 secs] 
2014-07-09T15:44:43.484+0200: 92.307: [GC [PSYoungGen: 7145K->5090K(11264K)] 18835K->18781K(27648K), 0.0098201 secs] [Times: user=0.03 sys=0.00, real=0.01 secs] 
2014-07-09T15:44:43.495+0200: 92.318: [Full GC [PSYoungGen: 5090K->0K(11264K)] [ParOldGen: 13691K->7618K(16384K)] 18781K->7618K(27648K) [PSPermGen: 2476K->2476K(21504K)], 0.0202605 secs] [Times: user=0.02 sys=0.00, real=0.02 secs] 
2014-07-09T15:44:43.519+0200: 92.342: [GC [PSYoungGen: 6122K->5026K(11264K)] 13741K->12644K(27648K), 0.0075928 secs] [Times: user=0.02 sys=0.00, real=0.01 secs] 
2014-07-09T15:44:43.529+0200: 92.352: [GC [PSYoungGen: 11149K->2977K(11264K)] 18767K->10603K(27648K), 0.0022086 secs] [Times: user=0.00 sys=0.00, real=0.00 secs] 
2014-07-09T15:44:43.534+0200: 92.357: [GC [PSYoungGen: 9119K->1152K(11264K)] 16745K->8786K(27648K), 0.0010764 secs] [Times: user=0.00 sys=0.00, real=0.00 secs] 
2014-07-09T15:44:43.581+0200: 92.404: [GC [PSYoungGen: 7264K->5090K(11264K)] 14899K->13116K(27648K), 0.0069208 secs] [Times: user=0.03 sys=0.00, real=0.01 secs] 
2014-07-09T15:44:43.592+0200: 92.416: [GC [PSYoungGen: 11213K->3393K(11264K)] 19239K->11427K(27648K), 0.0038991 secs] [Times: user=0.00 sys=0.00, real=0.00 secs] 
2014-07-09T15:44:43.628+0200: 92.452: [GC [PSYoungGen: 9516K->1312K(11264K)] 17550K->9354K(27648K), 0.0011714 secs] [Times: user=0.00 sys=0.00, real=0.00 secs] 
2014-07-09T15:44:43.632+0200: 92.455: [GC [PSYoungGen: 7433K->5090K(11264K)] 15475K->15421K(27648K), 0.0059599 secs] [Times: user=0.00 sys=0.00, real=0.01 secs] 
2014-07-09T15:44:43.680+0200: 92.503: [GC [PSYoungGen: 11213K->5090K(11264K)] 21544K->15646K(27648K), 0.0065663 secs] [Times: user=0.00 sys=0.00, real=0.01 secs] 
2014-07-09T15:44:43.691+0200: 92.514: [GC [PSYoungGen: 11213K->3233K(11264K)] 21769K->13797K(27648K), 0.0219565 secs] [Times: user=0.03 sys=0.00, real=0.02 secs] 
2014-07-09T15:44:43.728+0200: 92.551: [GC [PSYoungGen: 9356K->1184K(11264K)] 19920K->11756K(27648K), 0.0007809 secs] [Times: user=0.00 sys=0.00, real=0.00 secs] 
2014-07-09T15:44:43.731+0200: 92.554: [GC [PSYoungGen: 7305K->5090K(11264K)] 17877K->17823K(27648K), 0.0055430 secs] [Times: user=0.00 sys=0.00, real=0.01 secs] 
2014-07-09T15:44:43.781+0200: 92.605: [GC [PSYoungGen: 11213K->5090K(11264K)] 23946K->17919K(27648K), 0.0085966 secs] [Times: user=0.02 sys=0.00, real=0.01 secs] 
2014-07-09T15:44:43.795+0200: 92.618: [GC [PSYoungGen: 11213K->3137K(11264K)] 24042K->15974K(27648K), 0.0041227 secs] [Times: user=0.00 sys=0.00, real=0.00 secs] 
2014-07-09T15:44:43.805+0200: 92.628: [GC [PSYoungGen: 9274K->672K(11264K)] 22111K->13516K(27648K), 0.0016322 secs] [Times: user=0.00 sys=0.00, real=0.00 secs] 
2014-07-09T15:44:43.829+0200: 92.653: [GC [PSYoungGen: 6789K->5090K(11264K)] 19634K->18487K(27648K), 0.0045524 secs] [Times: user=0.02 sys=0.00, real=0.01 secs] 
2014-07-09T15:44:43.879+0200: 92.702: [GC [PSYoungGen: 11213K->3553K(11264K)] 24610K->16958K(27648K), 0.0026888 secs] [Times: user=0.03 sys=0.00, real=0.00 secs] 
2014-07-09T15:44:43.885+0200: 92.708: [GC [PSYoungGen: 9676K->1472K(11264K)] 23081K->14885K(27648K), 0.0013437 secs] [Times: user=0.00 sys=0.00, real=0.00 secs] 
2014-07-09T15:44:43.889+0200: 92.713: [GC [PSYoungGen: 7593K->5090K(11264K)] 21006K->20952K(27648K), 0.0057777 secs] [Times: user=0.00 sys=0.00, real=0.01 secs] 
2014-07-09T15:44:43.895+0200: 92.718: [Full GC [PSYoungGen: 5090K->0K(11264K)] [ParOldGen: 15862K->8068K(16384K)] 20952K->8068K(27648K) [PSPermGen: 2476K->2476K(21504K)], 0.0108525 secs] [Times: user=0.03 sys=0.00, real=0.01 secs] 
2014-07-09T15:44:43.931+0200: 92.754: [GC [PSYoungGen: 6122K->5090K(11264K)] 14191K->13543K(27648K), 0.0050209 secs] [Times: user=0.00 sys=0.00, real=0.01 secs] 
2014-07-09T15:44:43.979+0200: 92.802: [GC [PSYoungGen: 11213K->3425K(11264K)] 19666K->11886K(27648K), 0.0019200 secs] [Times: user=0.00 sys=0.00, real=0.00 secs] 
2014-07-09T15:44:43.983+0200: 92.806: [GC [PSYoungGen: 9548K->1344K(11264K)] 18009K->9813K(27648K), 0.0013473 secs] [Times: user=0.00 sys=0.00, real=0.00 secs] 
2014-07-09T15:44:43.987+0200: 92.810: [GC [PSYoungGen: 7465K->5090K(11264K)] 15934K->15880K(27648K), 0.0059731 secs] [Times: user=0.03 sys=0.00, real=0.01 secs] 
2014-07-09T15:44:44.029+0200: 92.852: [GC [PSYoungGen: 11213K->5090K(11264K)] 22003K->16168K(27648K), 0.0039889 secs] [Times: user=0.00 sys=0.00, real=0.00 secs] 
2014-07-09T15:44:44.079+0200: 92.902: [GC [PSYoungGen: 11218K->2273K(11264K)] 22297K->13359K(27648K), 0.0025777 secs] [Times: user=0.00 sys=0.00, real=0.00 secs] 
2014-07-09T15:44:44.087+0200: 92.910: [GC [PSYoungGen: 8396K->160K(11264K)] 19482K->11262K(27648K), 0.0016003 secs] [Times: user=0.00 sys=0.00, real=0.00 secs] 
2014-07-09T15:44:44.093+0200: 92.916: [GC [PSYoungGen: 6281K->5090K(11264K)] 17383K->17361K(27648K), 0.0083686 secs] [Times: user=0.03 sys=0.00, real=0.01 secs] 
2014-07-09T15:44:44.129+0200: 92.953: [GC [PSYoungGen: 11213K->4226K(11264K)] 23484K->16496K(27648K), 0.0032791 secs] [Times: user=0.03 sys=0.00, real=0.00 secs] 
2014-07-09T15:44:44.179+0200: 93.002: [GC [PSYoungGen: 10349K->2145K(11264K)] 22619K->14423K(27648K), 0.0023259 secs] [Times: user=0.00 sys=0.00, real=0.00 secs] 
2014-07-09T15:44:44.186+0200: 93.009: [GC [PSYoungGen: 8266K->64K(11264K)] 20544K->12350K(27648K), 0.0017613 secs] [Times: user=0.00 sys=0.00, real=0.00 secs] 
2014-07-09T15:44:44.192+0200: 93.016: [GC [PSYoungGen: 6184K->5090K(11264K)] 18471K->18417K(27648K), 0.0080196 secs] [Times: user=0.00 sys=0.02, real=0.01 secs] 
2014-07-09T15:44:44.231+0200: 93.054: [GC [PSYoungGen: 11211K->4065K(11264K)] 24538K->17393K(27648K), 0.0206935 secs] [Times: user=0.02 sys=0.00, real=0.02 secs] 
2014-07-09T15:44:44.278+0200: 93.101: [GC [PSYoungGen: 10188K->2016K(11264K)] 23516K->15352K(27648K), 0.0011534 secs] [Times: user=0.00 sys=0.00, real=0.00 secs] 
2014-07-09T15:44:44.282+0200: 93.106: [GC [PSYoungGen: 8137K->5090K(11264K)] 21473K->21419K(27648K), 0.0059206 secs] [Times: user=0.03 sys=0.00, real=0.01 secs] 
2014-07-09T15:44:44.289+0200: 93.112: [Full GC [PSYoungGen: 5090K->0K(11264K)] [ParOldGen: 16328K->8613K(16384K)] 21419K->8613K(27648K) [PSPermGen: 2476K->2476K(21504K)], 0.0109683 secs] [Times: user=0.00 sys=0.00, real=0.01 secs] 
2014-07-09T15:44:44.303+0200: 93.126: [GC [PSYoungGen: 6122K->5090K(11264K)] 14736K->14664K(27648K), 0.0046151 secs] [Times: user=0.00 sys=0.00, real=0.01 secs] 
2014-07-09T15:44:44.328+0200: 93.151: [GC [PSYoungGen: 11234K->1792K(11264K)] 20808K->11374K(27648K), 0.0009133 secs] [Times: user=0.00 sys=0.00, real=0.00 secs] 
2014-07-09T15:44:44.331+0200: 93.154: [GC [PSYoungGen: 7913K->5090K(11264K)] 17495K->17441K(27648K), 0.0061160 secs] [Times: user=0.03 sys=0.00, real=0.01 secs] 
2014-07-09T15:44:44.382+0200: 93.205: [GC [PSYoungGen: 11213K->5090K(11264K)] 23564K->18178K(27648K), 0.0079844 secs] [Times: user=0.00 sys=0.00, real=0.01 secs] 
2014-07-09T15:44:44.394+0200: 93.218: [GC [PSYoungGen: 11213K->3745K(11264K)] 24301K->16841K(27648K), 0.0058924 secs] [Times: user=0.01 sys=0.00, real=0.01 secs] 
2014-07-09T15:44:44.428+0200: 93.252: [GC [PSYoungGen: 9868K->1664K(11264K)] 22964K->14768K(27648K), 0.0010610 secs] [Times: user=0.00 sys=0.00, real=0.00 secs] 
2014-07-09T15:44:44.432+0200: 93.255: [GC [PSYoungGen: 7785K->5090K(11264K)] 20889K->20835K(27648K), 0.0063239 secs] [Times: user=0.00 sys=0.00, real=0.01 secs] 
2014-07-09T15:44:44.438+0200: 93.261: [Full GC [PSYoungGen: 5090K->0K(11264K)] [ParOldGen: 15744K->8263K(16384K)] 20835K->8263K(27648K) [PSPermGen: 2476K->2476K(21504K)], 0.0116330 secs] [Times: user=0.02 sys=0.00, real=0.01 secs] 
2014-07-09T15:44:44.479+0200: 93.303: [GC [PSYoungGen: 6122K->5090K(11264K)] 14386K->13962K(27648K), 0.0046708 secs] [Times: user=0.00 sys=0.00, real=0.00 secs] 
2014-07-09T15:44:44.487+0200: 93.310: [GC [PSYoungGen: 11213K->3617K(11264K)] 20085K->12497K(27648K), 0.0030100 secs] [Times: user=0.02 sys=0.00, real=0.00 secs] 
2014-07-09T15:44:44.528+0200: 93.351: [GC [PSYoungGen: 9740K->1536K(11264K)] 18620K->10424K(27648K), 0.0008546 secs] [Times: user=0.00 sys=0.00, real=0.00 secs] 
2014-07-09T15:44:44.532+0200: 93.355: [GC [PSYoungGen: 7657K->5090K(11264K)] 16545K->16491K(27648K), 0.0083055 secs] [Times: user=0.03 sys=0.00, real=0.01 secs] 
2014-07-09T15:44:44.579+0200: 93.402: [GC [PSYoungGen: 11218K->4546K(11264K)] 22620K->15947K(27648K), 0.0031750 secs] [Times: user=0.00 sys=0.02, real=0.00 secs] 
2014-07-09T15:44:44.586+0200: 93.409: [GC [PSYoungGen: 10669K->2433K(11264K)] 22070K->13842K(27648K), 0.0068434 secs] [Times: user=0.00 sys=0.00, real=0.01 secs] 
2014-07-09T15:44:44.628+0200: 93.451: [GC [PSYoungGen: 8556K->384K(11264K)] 19965K->11801K(27648K), 0.0006112 secs] [Times: user=0.00 sys=0.00, real=0.00 secs] 
2014-07-09T15:44:44.630+0200: 93.454: [GC [PSYoungGen: 6505K->5090K(11264K)] 17922K->17868K(27648K), 0.0062572 secs] [Times: user=0.00 sys=0.00, real=0.01 secs] 
2014-07-09T15:44:44.680+0200: 93.504: [GC [PSYoungGen: 11213K->4418K(11264K)] 23991K->17195K(27648K), 0.0058081 secs] [Times: user=0.00 sys=0.00, real=0.01 secs] 
2014-07-09T15:44:44.692+0200: 93.515: [GC [PSYoungGen: 10541K->2305K(11264K)] 23318K->15090K(27648K), 0.0147321 secs] [Times: user=0.02 sys=0.00, real=0.02 secs] 
2014-07-09T15:44:44.728+0200: 93.551: [GC [PSYoungGen: 8428K->256K(11264K)] 21213K->13049K(27648K), 0.0007747 secs] [Times: user=0.00 sys=0.00, real=0.00 secs] 
2014-07-09T15:44:44.731+0200: 93.554: [GC [PSYoungGen: 6377K->5090K(11264K)] 19170K->19116K(27648K), 0.0050686 secs] [Times: user=0.00 sys=0.00, real=0.01 secs] 
2014-07-09T15:44:44.736+0200: 93.559: [Full GC [PSYoungGen: 5090K->0K(11264K)] [ParOldGen: 14026K->6855K(16384K)] 19116K->6855K(27648K) [PSPermGen: 2476K->2476K(21504K)], 0.0107179 secs] [Times: user=0.03 sys=0.00, real=0.01 secs] 
2014-07-09T15:44:44.779+0200: 93.602: [GC [PSYoungGen: 6122K->4258K(11264K)] 12978K->11113K(27648K), 0.0035284 secs] [Times: user=0.00 sys=0.00, real=0.00 secs] 
2014-07-09T15:44:44.786+0200: 93.609: [GC [PSYoungGen: 10381K->2177K(11264K)] 17236K->9040K(27648K), 0.0035335 secs] [Times: user=0.00 sys=0.00, real=0.00 secs] 
2014-07-09T15:44:44.792+0200: 93.615: [GC [PSYoungGen: 8316K->128K(11264K)] 15179K->6999K(27648K), 0.0006753 secs] [Times: user=0.00 sys=0.00, real=0.00 secs] 
2014-07-09T15:44:44.829+0200: 93.652: [GC [PSYoungGen: 6244K->4706K(11264K)] 13115K->11585K(27648K), 0.0034987 secs] [Times: user=0.00 sys=0.00, real=0.00 secs] 
2014-07-09T15:44:44.882+0200: 93.705: [GC [PSYoungGen: 10829K->2625K(11264K)] 17708K->9512K(27648K), 0.0019409 secs] [Times: user=0.00 sys=0.00, real=0.00 secs] 
2014-07-09T15:44:44.887+0200: 93.710: [GC [PSYoungGen: 8748K->544K(11264K)] 15635K->7439K(27648K), 0.0008894 secs] [Times: user=0.00 sys=0.00, real=0.00 secs] 
2014-07-09T15:44:44.891+0200: 93.714: [GC [PSYoungGen: 6665K->5090K(11264K)] 13560K->13506K(27648K), 0.0059577 secs] [Times: user=0.03 sys=0.00, real=0.01 secs] 
2014-07-09T15:44:44.936+0200: 93.759: [GC [PSYoungGen: 11213K->4546K(11264K)] 19629K->12962K(27648K), 0.0135534 secs] [Times: user=0.00 sys=0.00, real=0.01 secs] 
2014-07-09T15:44:44.978+0200: 93.802: [GC [PSYoungGen: 10669K->2497K(11264K)] 19085K->10921K(27648K), 0.0012157 secs] [Times: user=0.00 sys=0.00, real=0.00 secs] 
2014-07-09T15:44:44.982+0200: 93.806: [GC [PSYoungGen: 8620K->416K(11264K)] 17044K->8848K(27648K), 0.0007717 secs] [Times: user=0.00 sys=0.00, real=0.00 secs] 
2014-07-09T15:44:44.986+0200: 93.809: [GC [PSYoungGen: 6537K->5090K(11264K)] 14969K->14915K(27648K), 0.0048802 secs] [Times: user=0.03 sys=0.00, real=0.00 secs] 
2014-07-09T15:44:45.029+0200: 93.852: [GC [PSYoungGen: 11213K->4450K(11264K)] 21038K->14274K(27648K), 0.0030676 secs] [Times: user=0.00 sys=0.00, real=0.00 secs] 
2014-07-09T15:44:45.078+0200: 93.901: [GC [PSYoungGen: 10582K->832K(11264K)] 20407K->10665K(27648K), 0.0016377 secs] [Times: user=0.00 sys=0.00, real=0.00 secs] 
2014-07-09T15:44:45.085+0200: 93.908: [GC [PSYoungGen: 6953K->5090K(11264K)] 16786K->16732K(27648K), 0.0097570 secs] [Times: user=0.00 sys=0.00, real=0.01 secs] 
2014-07-09T15:44:45.097+0200: 93.921: [GC [PSYoungGen: 11213K->4866K(11264K)] 22855K->16508K(27648K), 0.0042840 secs] [Times: user=0.00 sys=0.02, real=0.01 secs] 
2014-07-09T15:44:45.129+0200: 93.952: [GC [PSYoungGen: 10989K->2785K(11264K)] 22631K->14435K(27648K), 0.0022580 secs] [Times: user=0.00 sys=0.00, real=0.00 secs] 
2014-07-09T15:44:45.178+0200: 94.001: [GC [PSYoungGen: 8908K->704K(11264K)] 20558K->12362K(27648K), 0.0007838 secs] [Times: user=0.00 sys=0.00, real=0.00 secs] 
2014-07-09T15:44:45.181+0200: 94.004: [GC [PSYoungGen: 6825K->5090K(11264K)] 18482K->18428K(27648K), 0.0055815 secs] [Times: user=0.00 sys=0.00, real=0.01 secs] 
2014-07-09T15:44:45.189+0200: 94.012: [GC [PSYoungGen: 11213K->4738K(11264K)] 24551K->18076K(27648K), 0.0042052 secs] [Times: user=0.03 sys=0.00, real=0.00 secs] 
2014-07-09T15:44:45.229+0200: 94.052: [GC [PSYoungGen: 10861K->2657K(11264K)] 24199K->16003K(27648K), 0.0015281 secs] [Times: user=0.00 sys=0.00, real=0.00 secs] 
2014-07-09T15:44:45.278+0200: 94.101: [GC [PSYoungGen: 8780K->544K(11264K)] 22126K->13898K(27648K), 0.0021011 secs] [Times: user=0.00 sys=0.00, real=0.00 secs] 
2014-07-09T15:44:45.285+0200: 94.108: [GC [PSYoungGen: 6665K->5090K(11264K)] 20019K->19997K(27648K), 0.0093669 secs] [Times: user=0.00 sys=0.00, real=0.01 secs] 
2014-07-09T15:44:45.294+0200: 94.118: [Full GC [PSYoungGen: 5090K->0K(11264K)] [ParOldGen: 14907K->7177K(16384K)] 19997K->7177K(27648K) [PSPermGen: 2476K->2476K(21504K)], 0.0179900 secs] [Times: user=0.03 sys=0.00, real=0.02 secs] 
2014-07-09T15:44:45.317+0200: 94.140: [GC [PSYoungGen: 6132K->3969K(11264K)] 13310K->11147K(27648K), 0.0029455 secs] [Times: user=0.00 sys=0.00, real=0.00 secs] 
2014-07-09T15:44:45.328+0200: 94.152: [GC [PSYoungGen: 10098K->832K(11264K)] 17276K->8018K(27648K), 0.0145767 secs] [Times: user=0.01 sys=0.00, real=0.01 secs] 
2014-07-09T15:44:45.346+0200: 94.169: [GC [PSYoungGen: 6953K->5090K(11264K)] 14139K->14109K(27648K), 0.0063269 secs] [Times: user=0.02 sys=0.00, real=0.01 secs] 
2014-07-09T15:44:45.379+0200: 94.202: [GC [PSYoungGen: 11213K->4898K(11264K)] 20232K->13917K(27648K), 0.0034752 secs] [Times: user=0.00 sys=0.00, real=0.00 secs] 
2014-07-09T15:44:45.385+0200: 94.208: [GC [PSYoungGen: 11021K->2817K(11264K)] 20040K->11844K(27648K), 0.0020238 secs] [Times: user=0.00 sys=0.00, real=0.00 secs] 
2014-07-09T15:44:45.428+0200: 94.252: [GC [PSYoungGen: 8940K->704K(11264K)] 17967K->9739K(27648K), 0.0021899 secs] [Times: user=0.00 sys=0.00, real=0.00 secs] 
2014-07-09T15:44:45.435+0200: 94.258: [GC [PSYoungGen: 6825K->5090K(11264K)] 15860K->15838K(27648K), 0.0090439 secs] [Times: user=0.03 sys=0.00, real=0.01 secs] 
2014-07-09T15:44:45.480+0200: 94.303: [GC [PSYoungGen: 11213K->4770K(11264K)] 21961K->15517K(27648K), 0.0033568 secs] [Times: user=0.00 sys=0.00, real=0.00 secs] 
2014-07-09T15:44:45.486+0200: 94.310: [GC [PSYoungGen: 10893K->2689K(11264K)] 21640K->13444K(27648K), 0.0023006 secs] [Times: user=0.03 sys=0.00, real=0.00 secs] 
2014-07-09T15:44:45.528+0200: 94.351: [GC [PSYoungGen: 8831K->768K(11264K)] 19586K->11531K(27648K), 0.0009800 secs] [Times: user=0.00 sys=0.00, real=0.00 secs] 
2014-07-09T15:44:45.531+0200: 94.354: [GC [PSYoungGen: 6907K->5090K(11264K)] 17671K->16502K(27648K), 0.0049700 secs] [Times: user=0.03 sys=0.00, real=0.01 secs] 
2014-07-09T15:44:45.579+0200: 94.402: [GC [PSYoungGen: 11213K->3649K(11264K)] 22625K->15069K(27648K), 0.0027284 secs] [Times: user=0.03 sys=0.00, real=0.00 secs] 
2014-07-09T15:44:45.585+0200: 94.408: [GC [PSYoungGen: 9772K->1536K(11264K)] 21192K->12964K(27648K), 0.0020216 secs] [Times: user=0.00 sys=0.00, real=0.00 secs] 
2014-07-09T15:44:45.591+0200: 94.414: [GC [PSYoungGen: 7657K->5090K(11264K)] 19085K->19063K(27648K), 0.0066169 secs] [Times: user=0.03 sys=0.00, real=0.01 secs] 
2014-07-09T15:44:45.598+0200: 94.421: [Full GC [PSYoungGen: 5090K->0K(11264K)] [ParOldGen: 13973K->8172K(16384K)] 19063K->8172K(27648K) [PSPermGen: 2476K->2476K(21504K)], 0.0135519 secs] [Times: user=0.00 sys=0.00, real=0.01 secs] 
2014-07-09T15:44:45.629+0200: 94.453: [GC [PSYoungGen: 6122K->5090K(11264K)] 14295K->13775K(27648K), 0.0041011 secs] [Times: user=0.00 sys=0.00, real=0.01 secs] 
2014-07-09T15:44:45.679+0200: 94.502: [GC [PSYoungGen: 11213K->3521K(11264K)] 19898K->12214K(27648K), 0.0019963 secs] [Times: user=0.00 sys=0.00, real=0.00 secs] 
2014-07-09T15:44:45.683+0200: 94.506: [GC [PSYoungGen: 9644K->1440K(11264K)] 18337K->10141K(27648K), 0.0012370 secs] [Times: user=0.00 sys=0.00, real=0.00 secs] 
2014-07-09T15:44:45.687+0200: 94.510: [GC [PSYoungGen: 7561K->5090K(11264K)] 16262K->16208K(27648K), 0.0058158 secs] [Times: user=0.03 sys=0.00, real=0.01 secs] 
2014-07-09T15:44:45.731+0200: 94.554: [GC [PSYoungGen: 11213K->5090K(11264K)] 22331K->16592K(27648K), 0.0073266 secs] [Times: user=0.03 sys=0.00, real=0.01 secs] 
2014-07-09T15:44:45.779+0200: 94.603: [GC [PSYoungGen: 11213K->3393K(11264K)] 22715K->14903K(27648K), 0.0020538 secs] [Times: user=0.00 sys=0.00, real=0.00 secs] 
2014-07-09T15:44:45.785+0200: 94.608: [GC [PSYoungGen: 9516K->1312K(11264K)] 21026K->12830K(27648K), 0.0016172 secs] [Times: user=0.00 sys=0.00, real=0.00 secs] 
2014-07-09T15:44:45.789+0200: 94.612: [GC [PSYoungGen: 7433K->5090K(11264K)] 18951K->18897K(27648K), 0.0062975 secs] [Times: user=0.00 sys=0.00, real=0.01 secs] 
2014-07-09T15:44:45.795+0200: 94.619: [Full GC [PSYoungGen: 5090K->0K(11264K)] [ParOldGen: 13807K->7916K(16384K)] 18897K->7916K(27648K) [PSPermGen: 2476K->2476K(21504K)], 0.0143413 secs] [Times: user=0.02 sys=0.00, real=0.01 secs] 
2014-07-09T15:44:45.833+0200: 94.656: [GC [PSYoungGen: 6137K->3297K(11264K)] 14054K->11214K(27648K), 0.0036377 secs] [Times: user=0.00 sys=0.00, real=0.00 secs] 
2014-07-09T15:44:45.905+0200: 94.729: [GC [PSYoungGen: 9420K->1216K(11264K)] 17336K->9140K(27648K), 0.0119758 secs] [Times: user=0.00 sys=0.00, real=0.01 secs] 
2014-07-09T15:44:45.920+0200: 94.743: [GC [PSYoungGen: 7337K->5090K(11264K)] 15261K->15207K(27648K), 0.0061285 secs] [Times: user=0.03 sys=0.00, real=0.01 secs] 
2014-07-09T15:44:45.929+0200: 94.752: [GC [PSYoungGen: 11213K->5090K(11264K)] 21330K->15368K(27648K), 0.0040769 secs] [Times: user=0.00 sys=0.00, real=0.00 secs] 
2014-07-09T15:44:45.936+0200: 94.760: [GC [PSYoungGen: 11213K->3169K(11264K)] 21491K->13455K(27648K), 0.0026558 secs] [Times: user=0.00 sys=0.00, real=0.00 secs] 
2014-07-09T15:44:45.978+0200: 94.801: [GC [PSYoungGen: 9292K->1088K(11264K)] 19578K->11382K(27648K), 0.0007226 secs] [Times: user=0.00 sys=0.00, real=0.00 secs] 
2014-07-09T15:44:45.981+0200: 94.804: [GC [PSYoungGen: 7209K->5090K(11264K)] 17503K->17449K(27648K), 0.0061945 secs] [Times: user=0.02 sys=0.00, real=0.01 secs] 
2014-07-09T15:44:45.989+0200: 94.813: [GC [PSYoungGen: 11213K->5090K(11264K)] 23572K->17481K(27648K), 0.0038415 secs] [Times: user=0.00 sys=0.00, real=0.00 secs] 
2014-07-09T15:44:46.029+0200: 94.852: [GC [PSYoungGen: 11213K->3041K(11264K)] 23604K->15440K(27648K), 0.0016374 secs] [Times: user=0.00 sys=0.00, real=0.00 secs] 
2014-07-09T15:44:46.033+0200: 94.856: [GC [PSYoungGen: 9183K->1248K(11264K)] 21582K->13654K(27648K), 0.0011343 secs] [Times: user=0.02 sys=0.00, real=0.00 secs] 
2014-07-09T15:44:46.079+0200: 94.902: [GC [PSYoungGen: 7387K->5090K(11264K)] 19793K->18497K(27648K), 0.0066414 secs] [Times: user=0.03 sys=0.00, real=0.01 secs] 
2014-07-09T15:44:46.088+0200: 94.911: [GC [PSYoungGen: 11213K->4001K(11264K)] 24620K->17416K(27648K), 0.0034683 secs] [Times: user=0.00 sys=0.00, real=0.00 secs] 
2014-07-09T15:44:46.128+0200: 94.951: [GC [PSYoungGen: 10124K->1920K(11264K)] 23539K->15343K(27648K), 0.0009917 secs] [Times: user=0.00 sys=0.00, real=0.00 secs] 
2014-07-09T15:44:46.132+0200: 94.955: [GC [PSYoungGen: 8041K->5090K(11264K)] 21464K->21410K(27648K), 0.0058312 secs] [Times: user=0.00 sys=0.00, real=0.01 secs] 
2014-07-09T15:44:46.138+0200: 94.961: [Full GC [PSYoungGen: 5090K->0K(11264K)] [ParOldGen: 16320K->8526K(16384K)] 21410K->8526K(27648K) [PSPermGen: 2476K->2476K(21504K)], 0.0114750 secs] [Times: user=0.02 sys=0.00, real=0.01 secs] 
2014-07-09T15:44:46.180+0200: 95.003: [GC [PSYoungGen: 6122K->5090K(11264K)] 14649K->14481K(27648K), 0.0043669 secs] [Times: user=0.00 sys=0.00, real=0.00 secs] 
2014-07-09T15:44:46.187+0200: 95.010: [GC [PSYoungGen: 11213K->3873K(11264K)] 20604K->13273K(27648K), 0.0028795 secs] [Times: user=0.02 sys=0.00, real=0.00 secs] 
2014-07-09T15:44:46.228+0200: 95.052: [GC [PSYoungGen: 9996K->1792K(11264K)] 19396K->11200K(27648K), 0.0010933 secs] [Times: user=0.00 sys=0.00, real=0.00 secs] 
2014-07-09T15:44:46.232+0200: 95.055: [GC [PSYoungGen: 7913K->5090K(11264K)] 17321K->17267K(27648K), 0.0062488 secs] [Times: user=0.03 sys=0.00, real=0.01 secs] 
2014-07-09T15:44:46.279+0200: 95.102: [GC [PSYoungGen: 11213K->5090K(11264K)] 23390K->18003K(27648K), 0.0048277 secs] [Times: user=0.03 sys=0.00, real=0.00 secs] 
2014-07-09T15:44:46.286+0200: 95.109: [GC [PSYoungGen: 11213K->3745K(11264K)] 24126K->16666K(27648K), 0.0030379 secs] [Times: user=0.00 sys=0.00, real=0.00 secs] 
2014-07-09T15:44:46.292+0200: 95.115: [GC [PSYoungGen: 9889K->96K(11264K)] 22810K->13025K(27648K), 0.0011193 secs] [Times: user=0.00 sys=0.00, real=0.00 secs] 
2014-07-09T15:44:46.329+0200: 95.153: [GC [PSYoungGen: 6212K->5090K(11264K)] 19141K->19052K(27648K), 0.0058136 secs] [Times: user=0.03 sys=0.00, real=0.01 secs] 
2014-07-09T15:44:46.335+0200: 95.159: [Full GC [PSYoungGen: 5090K->0K(11264K)] [ParOldGen: 13961K->6607K(16384K)] 19052K->6607K(27648K) [PSPermGen: 2476K->2476K(21504K)], 0.0093889 secs] [Times: user=0.00 sys=0.00, real=0.01 secs] 
2014-07-09T15:44:46.379+0200: 95.202: [GC [PSYoungGen: 6122K->4033K(11264K)] 12730K->10641K(27648K), 0.0026305 secs] [Times: user=0.00 sys=0.00, real=0.00 secs] 
2014-07-09T15:44:46.384+0200: 95.207: [GC [PSYoungGen: 10156K->1952K(11264K)] 16764K->8568K(27648K), 0.0015208 secs] [Times: user=0.00 sys=0.00, real=0.00 secs] 
2014-07-09T15:44:46.388+0200: 95.212: [GC [PSYoungGen: 8073K->5090K(11264K)] 14689K->14635K(27648K), 0.0063382 secs] [Times: user=0.02 sys=0.00, real=0.01 secs] 
2014-07-09T15:44:46.430+0200: 95.254: [GC [PSYoungGen: 11213K->5090K(11264K)] 20758K->15500K(27648K), 0.0105585 secs] [Times: user=0.02 sys=0.00, real=0.01 secs] 
2014-07-09T15:44:46.480+0200: 95.303: [GC [PSYoungGen: 11213K->3905K(11264K)] 21623K->14323K(27648K), 0.0058807 secs] [Times: user=0.02 sys=0.00, real=0.01 secs] 
2014-07-09T15:44:46.491+0200: 95.315: [GC [PSYoungGen: 10028K->1824K(11264K)] 20446K->12250K(27648K), 0.0028802 secs] [Times: user=0.00 sys=0.00, real=0.00 secs] 
2014-07-09T15:44:46.500+0200: 95.323: [GC [PSYoungGen: 7945K->5090K(11264K)] 18371K->18317K(27648K), 0.0099982 secs] [Times: user=0.03 sys=0.00, real=0.01 secs] 
2014-07-09T15:44:46.510+0200: 95.333: [Full GC [PSYoungGen: 5090K->0K(11264K)] [ParOldGen: 13226K->8432K(16384K)] 18317K->8432K(27648K) [PSPermGen: 2476K->2476K(21504K)], 0.0270977 secs] [Times: user=0.05 sys=0.00, real=0.03 secs] 
2014-07-09T15:44:46.540+0200: 95.363: [GC [PSYoungGen: 6122K->5090K(11264K)] 14555K->14291K(27648K), 0.0049480 secs] [Times: user=0.00 sys=0.00, real=0.01 secs] 
2014-07-09T15:44:46.578+0200: 95.402: [GC [PSYoungGen: 11224K->2241K(11264K)] 20425K->11450K(27648K), 0.0011321 secs] [Times: user=0.00 sys=0.01, real=0.00 secs] 
2014-07-09T15:44:46.582+0200: 95.406: [GC [PSYoungGen: 8364K->128K(11264K)] 17573K->9345K(27648K), 0.0025788 secs] [Times: user=0.00 sys=0.00, real=0.00 secs] 
2014-07-09T15:44:46.587+0200: 95.411: [GC [PSYoungGen: 6249K->5090K(11264K)] 15466K->15444K(27648K), 0.0060317 secs] [Times: user=0.00 sys=0.00, real=0.01 secs] 
2014-07-09T15:44:46.630+0200: 95.453: [GC [PSYoungGen: 11213K->4162K(11264K)] 21567K->14515K(27648K), 0.0083616 secs] [Times: user=0.00 sys=0.00, real=0.01 secs] 
2014-07-09T15:44:46.678+0200: 95.502: [GC [PSYoungGen: 10283K->2081K(11264K)] 20636K->12442K(27648K), 0.0046264 secs] [Times: user=0.00 sys=0.00, real=0.01 secs] 
2014-07-09T15:44:46.686+0200: 95.509: [GC [PSYoungGen: 8201K->5090K(11264K)] 18563K->18541K(27648K), 0.0074733 secs] [Times: user=0.03 sys=0.00, real=0.01 secs] 
2014-07-09T15:44:46.694+0200: 95.517: [Full GC [PSYoungGen: 5090K->0K(11264K)] [ParOldGen: 13451K->8721K(16384K)] 18541K->8721K(27648K) [PSPermGen: 2476K->2476K(21504K)], 0.0107245 secs] [Times: user=0.03 sys=0.00, real=0.01 secs] 
2014-07-09T15:44:46.708+0200: 95.531: [GC [PSYoungGen: 6122K->5090K(11264K)] 14843K->14868K(27648K), 0.0049153 secs] [Times: user=0.00 sys=0.00, real=0.01 secs] 
2014-07-09T15:44:46.729+0200: 95.552: [GC [PSYoungGen: 11213K->4065K(11264K)] 20991K->13852K(27648K), 0.0029257 secs] [Times: user=0.00 sys=0.00, real=0.00 secs] 
2014-07-09T15:44:46.778+0200: 95.601: [GC [PSYoungGen: 10188K->1984K(11264K)] 19975K->11779K(27648K), 0.0009917 secs] [Times: user=0.00 sys=0.00, real=0.00 secs] 
2014-07-09T15:44:46.781+0200: 95.605: [GC [PSYoungGen: 8105K->5090K(11264K)] 17900K->17846K(27648K), 0.0062854 secs] [Times: user=0.00 sys=0.02, real=0.01 secs] 
2014-07-09T15:44:46.788+0200: 95.611: [Full GC [PSYoungGen: 5090K->0K(11264K)] [ParOldGen: 12755K->8593K(16384K)] 17846K->8593K(27648K) [PSPermGen: 2476K->2476K(21504K)], 0.0104327 secs] [Times: user=0.03 sys=0.00, real=0.01 secs] 
2014-07-09T15:44:46.801+0200: 95.625: [GC [PSYoungGen: 6122K->5090K(11264K)] 14716K->14612K(27648K), 0.0048380 secs] [Times: user=0.00 sys=0.00, real=0.00 secs] 
2014-07-09T15:44:46.828+0200: 95.652: [GC [PSYoungGen: 11224K->2401K(11264K)] 20746K->11931K(27648K), 0.0012696 secs] [Times: user=0.03 sys=0.00, real=0.00 secs] 
2014-07-09T15:44:46.878+0200: 95.701: [GC [PSYoungGen: 8524K->320K(11264K)] 18054K->9858K(27648K), 0.0007164 secs] [Times: user=0.00 sys=0.00, real=0.00 secs] 
2014-07-09T15:44:46.881+0200: 95.705: [GC [PSYoungGen: 6441K->5090K(11264K)] 15979K->15925K(27648K), 0.0050019 secs] [Times: user=0.00 sys=0.00, real=0.00 secs] 
2014-07-09T15:44:46.889+0200: 95.712: [GC [PSYoungGen: 11213K->4322K(11264K)] 22048K->15156K(27648K), 0.0137532 secs] [Times: user=0.00 sys=0.00, real=0.01 secs] 
2014-07-09T15:44:46.929+0200: 95.753: [GC [PSYoungGen: 10445K->2273K(11264K)] 21279K->13115K(27648K), 0.0027339 secs] [Times: user=0.00 sys=0.00, real=0.00 secs] 
2014-07-09T15:44:46.979+0200: 95.802: [GC [PSYoungGen: 8396K->192K(11264K)] 19238K->11042K(27648K), 0.0004975 secs] [Times: user=0.00 sys=0.00, real=0.00 secs] 
2014-07-09T15:44:46.981+0200: 95.804: [GC [PSYoungGen: 6313K->5090K(11264K)] 17163K->17109K(27648K), 0.0086813 secs] [Times: user=0.03 sys=0.00, real=0.01 secs] 
2014-07-09T15:44:46.994+0200: 95.817: [GC [PSYoungGen: 11213K->4226K(11264K)] 23232K->16245K(27648K), 0.0028197 secs] [Times: user=0.00 sys=0.00, real=0.00 secs] 
2014-07-09T15:44:47.028+0200: 95.852: [GC [PSYoungGen: 10349K->2145K(11264K)] 22368K->14172K(27648K), 0.0010819 secs] [Times: user=0.00 sys=0.00, real=0.00 secs] 
2014-07-09T15:44:47.032+0200: 95.856: [GC [PSYoungGen: 8284K->32K(11264K)] 20311K->12067K(27648K), 0.0006592 secs] [Times: user=0.00 sys=0.00, real=0.00 secs] 
2014-07-09T15:44:47.079+0200: 95.903: [GC [PSYoungGen: 6174K->5090K(11264K)] 18209K->17229K(27648K), 0.0042155 secs] [Times: user=0.00 sys=0.00, real=0.01 secs] 
2014-07-09T15:44:47.086+0200: 95.909: [GC [PSYoungGen: 11213K->3105K(11264K)] 23352K->15252K(27648K), 0.0025803 secs] [Times: user=0.00 sys=0.00, real=0.00 secs] 
2014-07-09T15:44:47.128+0200: 95.951: [GC [PSYoungGen: 9228K->1024K(11264K)] 21375K->13179K(27648K), 0.0010229 secs] [Times: user=0.00 sys=0.00, real=0.00 secs] 
2014-07-09T15:44:47.131+0200: 95.955: [GC [PSYoungGen: 7145K->5090K(11264K)] 19300K->19246K(27648K), 0.0058121 secs] [Times: user=0.00 sys=0.00, real=0.01 secs] 
2014-07-09T15:44:47.137+0200: 95.961: [Full GC [PSYoungGen: 5090K->0K(11264K)] [ParOldGen: 14156K->7635K(16384K)] 19246K->7635K(27648K) [PSPermGen: 2476K->2476K(21504K)], 0.0261045 secs] [Times: user=0.05 sys=0.00, real=0.03 secs] 
2014-07-09T15:44:47.179+0200: 96.002: [GC [PSYoungGen: 6122K->5058K(11264K)] 13758K->12693K(27648K), 0.0036747 secs] [Times: user=0.00 sys=0.00, real=0.00 secs] 
2014-07-09T15:44:47.185+0200: 96.008: [GC [PSYoungGen: 11181K->2977K(11264K)] 18816K->10620K(27648K), 0.0021385 secs] [Times: user=0.00 sys=0.00, real=0.00 secs] 
2014-07-09T15:44:47.229+0200: 96.052: [GC [PSYoungGen: 9100K->896K(11264K)] 16743K->8547K(27648K), 0.0016978 secs] [Times: user=0.00 sys=0.00, real=0.00 secs] 
2014-07-09T15:44:47.234+0200: 96.057: [GC [PSYoungGen: 7017K->5090K(11264K)] 14668K->14614K(27648K), 0.0091862 secs] [Times: user=0.03 sys=0.00, real=0.01 secs] 
2014-07-09T15:44:47.280+0200: 96.103: [GC [PSYoungGen: 11213K->4930K(11264K)] 20737K->14454K(27648K), 0.0040010 secs] [Times: user=0.03 sys=0.00, real=0.00 secs] 
2014-07-09T15:44:47.286+0200: 96.109: [GC [PSYoungGen: 11068K->1184K(11264K)] 20592K->10716K(27648K), 0.0012861 secs] [Times: user=0.00 sys=0.00, real=0.00 secs] 
2014-07-09T15:44:47.291+0200: 96.114: [GC [PSYoungGen: 7305K->5090K(11264K)] 16837K->16783K(27648K), 0.0056651 secs] [Times: user=0.00 sys=0.00, real=0.01 secs] 
2014-07-09T15:44:47.330+0200: 96.153: [GC [PSYoungGen: 11219K->4706K(11264K)] 22912K->16399K(27648K), 0.0033708 secs] [Times: user=0.00 sys=0.00, real=0.00 secs] 
2014-07-09T15:44:47.380+0200: 96.203: [GC [PSYoungGen: 10829K->2625K(11264K)] 22522K->14326K(27648K), 0.0027783 secs] [Times: user=0.00 sys=0.00, real=0.00 secs] 
2014-07-09T15:44:47.387+0200: 96.211: [GC [PSYoungGen: 8748K->544K(11264K)] 20449K->12253K(27648K), 0.0017587 secs] [Times: user=0.00 sys=0.00, real=0.00 secs] 
2014-07-09T15:44:47.394+0200: 96.217: [GC [PSYoungGen: 6665K->5090K(11264K)] 18374K->18320K(27648K), 0.0084416 secs] [Times: user=0.00 sys=0.00, real=0.01 secs] 
2014-07-09T15:44:47.429+0200: 96.253: [GC [PSYoungGen: 11213K->4578K(11264K)] 24443K->17807K(27648K), 0.0031489 secs] [Times: user=0.00 sys=0.00, real=0.00 secs] 
2014-07-09T15:44:47.480+0200: 96.303: [GC [PSYoungGen: 10701K->2465K(11264K)] 23930K->15702K(27648K), 0.0253822 secs] [Times: user=0.03 sys=0.00, real=0.03 secs] 
2014-07-09T15:44:47.508+0200: 96.332: [GC [PSYoungGen: 8588K->416K(11264K)] 21825K->13661K(27648K), 0.0033524 secs] [Times: user=0.00 sys=0.00, real=0.00 secs] 
2014-07-09T15:44:47.516+0200: 96.339: [GC [PSYoungGen: 6537K->5090K(11264K)] 19782K->19720K(27648K), 0.0079151 secs] [Times: user=0.00 sys=0.00, real=0.01 secs] 
2014-07-09T15:44:47.524+0200: 96.347: [Full GC [PSYoungGen: 5090K->0K(11264K)] [ParOldGen: 14630K->7028K(16384K)] 19720K->7028K(27648K) [PSPermGen: 2476K->2476K(21504K)], 0.0146416 secs] [Times: user=0.02 sys=0.00, real=0.02 secs] 
2014-07-09T15:44:47.542+0200: 96.365: [GC [PSYoungGen: 6126K->3425K(11264K)] 13155K->10454K(27648K), 0.0027647 secs] [Times: user=0.00 sys=0.00, real=0.00 secs] 
2014-07-09T15:44:47.578+0200: 96.401: [GC [PSYoungGen: 9548K->1312K(11264K)] 16577K->8349K(27648K), 0.0061094 secs] [Times: user=0.00 sys=0.00, real=0.01 secs] 
2014-07-09T15:44:47.586+0200: 96.409: [GC [PSYoungGen: 7433K->5090K(11264K)] 14470K->14448K(27648K), 0.0055210 secs] [Times: user=0.00 sys=0.00, real=0.01 secs] 
2014-07-09T15:44:47.594+0200: 96.417: [GC [PSYoungGen: 11213K->5090K(11264K)] 20571K->14736K(27648K), 0.0041847 secs] [Times: user=0.00 sys=0.00, real=0.00 secs] 
2014-07-09T15:44:47.629+0200: 96.452: [GC [PSYoungGen: 11213K->3297K(11264K)] 20859K->12951K(27648K), 0.0018207 secs] [Times: user=0.00 sys=0.00, real=0.00 secs] 
2014-07-09T15:44:47.678+0200: 96.502: [GC [PSYoungGen: 9420K->1216K(11264K)] 19074K->10878K(27648K), 0.0017866 secs] [Times: user=0.00 sys=0.00, real=0.00 secs] 
2014-07-09T15:44:47.684+0200: 96.507: [GC [PSYoungGen: 7337K->5090K(11264K)] 16999K->16945K(27648K), 0.0104477 secs] [Times: user=0.03 sys=0.00, real=0.01 secs] 
2014-07-09T15:44:47.699+0200: 96.522: [GC [PSYoungGen: 11213K->5090K(11264K)] 23068K->17105K(27648K), 0.0067265 secs] [Times: user=0.03 sys=0.00, real=0.01 secs] 
2014-07-09T15:44:47.730+0200: 96.553: [GC [PSYoungGen: 11213K->3169K(11264K)] 23228K->15192K(27648K), 0.0020542 secs] [Times: user=0.00 sys=0.00, real=0.00 secs] 
2014-07-09T15:44:47.778+0200: 96.602: [GC [PSYoungGen: 9292K->1088K(11264K)] 21315K->13119K(27648K), 0.0020909 secs] [Times: user=0.00 sys=0.01, real=0.00 secs] 
2014-07-09T15:44:47.786+0200: 96.610: [GC [PSYoungGen: 7209K->5090K(11264K)] 19240K->19186K(27648K), 0.0087616 secs] [Times: user=0.00 sys=0.00, real=0.01 secs] 
2014-07-09T15:44:47.795+0200: 96.619: [Full GC [PSYoungGen: 5090K->0K(11264K)] [ParOldGen: 14096K->7701K(16384K)] 19186K->7701K(27648K) [PSPermGen: 2476K->2476K(21504K)], 0.0121085 secs] [Times: user=0.02 sys=0.00, real=0.01 secs] 
2014-07-09T15:44:47.811+0200: 96.634: [GC [PSYoungGen: 6122K->5090K(11264K)] 13824K->12824K(27648K), 0.0038345 secs] [Times: user=0.03 sys=0.00, real=0.00 secs] 
2014-07-09T15:44:47.828+0200: 96.652: [GC [PSYoungGen: 11222K->1504K(11264K)] 18956K->9246K(27648K), 0.0009118 secs] [Times: user=0.00 sys=0.00, real=0.00 secs] 
2014-07-09T15:44:47.832+0200: 96.655: [GC [PSYoungGen: 7625K->5090K(11264K)] 15367K->15313K(27648K), 0.0056361 secs] [Times: user=0.00 sys=0.00, real=0.00 secs] 
2014-07-09T15:44:47.880+0200: 96.704: [GC [PSYoungGen: 11213K->5090K(11264K)] 21436K->15761K(27648K), 0.0042015 secs] [Times: user=0.00 sys=0.00, real=0.00 secs] 
2014-07-09T15:44:47.887+0200: 96.710: [GC [PSYoungGen: 11213K->3457K(11264K)] 21884K->14136K(27648K), 0.0027845 secs] [Times: user=0.02 sys=0.00, real=0.00 secs] 
2014-07-09T15:44:47.928+0200: 96.752: [GC [PSYoungGen: 9580K->1344K(11264K)] 20259K->12031K(27648K), 0.0030236 secs] [Times: user=0.00 sys=0.00, real=0.00 secs] 
2014-07-09T15:44:47.933+0200: 96.757: [GC [PSYoungGen: 7465K->5090K(11264K)] 18152K->18130K(27648K), 0.0057623 secs] [Times: user=0.03 sys=0.00, real=0.01 secs] 
2014-07-09T15:44:47.981+0200: 96.804: [GC [PSYoungGen: 11213K->5090K(11264K)] 24253K->18451K(27648K), 0.0087448 secs] [Times: user=0.03 sys=0.00, real=0.01 secs] 
2014-07-09T15:44:47.996+0200: 96.819: [GC [PSYoungGen: 11213K->3329K(11264K)] 24574K->16698K(27648K), 0.0054132 secs] [Times: user=0.03 sys=0.00, real=0.00 secs] 
2014-07-09T15:44:48.028+0200: 96.852: [GC [PSYoungGen: 9452K->1248K(11264K)] 22821K->14625K(27648K), 0.0009734 secs] [Times: user=0.00 sys=0.00, real=0.00 secs] 
2014-07-09T15:44:48.032+0200: 96.855: [GC [PSYoungGen: 7369K->5090K(11264K)] 20746K->20692K(27648K), 0.0058231 secs] [Times: user=0.00 sys=0.00, real=0.01 secs] 
2014-07-09T15:44:48.038+0200: 96.861: [Full GC [PSYoungGen: 5090K->0K(11264K)] [ParOldGen: 15601K->7863K(16384K)] 20692K->7863K(27648K) [PSPermGen: 2476K->2476K(21504K)], 0.0121287 secs] [Times: user=0.03 sys=0.00, real=0.01 secs] 
2014-07-09T15:44:48.079+0200: 96.902: [GC [PSYoungGen: 6132K->3713K(11264K)] 13995K->11576K(27648K), 0.0065934 secs] [Times: user=0.00 sys=0.00, real=0.01 secs] 
2014-07-09T15:44:48.088+0200: 96.911: [GC [PSYoungGen: 9836K->1664K(11264K)] 17699K->9535K(27648K), 0.0013800 secs] [Times: user=0.00 sys=0.00, real=0.00 secs] 
2014-07-09T15:44:48.091+0200: 96.915: [GC [PSYoungGen: 7785K->5090K(11264K)] 15656K->15602K(27648K), 0.0059060 secs] [Times: user=0.03 sys=0.00, real=0.01 secs] 
2014-07-09T15:44:48.131+0200: 96.954: [GC [PSYoungGen: 11213K->5090K(11264K)] 21725K->16211K(27648K), 0.0074161 secs] [Times: user=0.00 sys=0.00, real=0.01 secs] 
2014-07-09T15:44:48.179+0200: 97.002: [GC [PSYoungGen: 11213K->3585K(11264K)] 22334K->14714K(27648K), 0.0033891 secs] [Times: user=0.00 sys=0.00, real=0.00 secs] 
2014-07-09T15:44:48.185+0200: 97.009: [GC [PSYoungGen: 9708K->1536K(11264K)] 20837K->12673K(27648K), 0.0020718 secs] [Times: user=0.00 sys=0.02, real=0.00 secs] 
2014-07-09T15:44:48.190+0200: 97.013: [GC [PSYoungGen: 7657K->5090K(11264K)] 18794K->18740K(27648K), 0.0066202 secs] [Times: user=0.00 sys=0.00, real=0.01 secs] 
2014-07-09T15:44:48.197+0200: 97.020: [Full GC [PSYoungGen: 5090K->0K(11264K)] [ParOldGen: 13649K->8152K(16384K)] 18740K->8152K(27648K) [PSPermGen: 2476K->2476K(21504K)], 0.0146280 secs] [Times: user=0.02 sys=0.00, real=0.01 secs] 
2014-07-09T15:44:48.229+0200: 97.053: [GC [PSYoungGen: 6122K->5090K(11264K)] 14275K->13723K(27648K), 0.0041715 secs] [Times: user=0.03 sys=0.00, real=0.00 secs] 
2014-07-09T15:44:48.280+0200: 97.103: [GC [PSYoungGen: 11213K->3489K(11264K)] 19846K->12130K(27648K), 0.0048901 secs] [Times: user=0.00 sys=0.00, real=0.01 secs] 
2014-07-09T15:44:48.290+0200: 97.113: [GC [PSYoungGen: 9612K->1408K(11264K)] 18253K->10057K(27648K), 0.0034312 secs] [Times: user=0.00 sys=0.00, real=0.00 secs] 
2014-07-09T15:44:48.299+0200: 97.122: [GC [PSYoungGen: 7529K->5090K(11264K)] 16178K->16124K(27648K), 0.0083781 secs] [Times: user=0.00 sys=0.00, real=0.01 secs] 
2014-07-09T15:44:48.329+0200: 97.152: [GC [PSYoungGen: 11228K->3777K(11264K)] 22262K->14811K(27648K), 0.0028527 secs] [Times: user=0.00 sys=0.00, real=0.00 secs] 
2014-07-09T15:44:48.380+0200: 97.203: [GC [PSYoungGen: 9900K->1664K(11264K)] 20934K->12706K(27648K), 0.0076779 secs] [Times: user=0.00 sys=0.00, real=0.01 secs] 
2014-07-09T15:44:48.393+0200: 97.217: [GC [PSYoungGen: 7785K->5090K(11264K)] 18827K->18805K(27648K), 0.0066271 secs] [Times: user=0.00 sys=0.00, real=0.01 secs] 
2014-07-09T15:44:48.400+0200: 97.223: [Full GC [PSYoungGen: 5090K->0K(11264K)] [ParOldGen: 13715K->8314K(16384K)] 18805K->8314K(27648K) [PSPermGen: 2476K->2476K(21504K)], 0.0124510 secs] [Times: user=0.02 sys=0.00, real=0.01 secs] 
2014-07-09T15:44:48.416+0200: 97.239: [GC [PSYoungGen: 6122K->5090K(11264K)] 14437K->14044K(27648K), 0.0047716 secs] [Times: user=0.03 sys=0.00, real=0.00 secs] 
2014-07-09T15:44:48.429+0200: 97.252: [GC [PSYoungGen: 11213K->3649K(11264K)] 20167K->12612K(27648K), 0.0024267 secs] [Times: user=0.00 sys=0.00, real=0.00 secs] 
2014-07-09T15:44:48.478+0200: 97.302: [GC [PSYoungGen: 9772K->1568K(11264K)] 18735K->10539K(27648K), 0.0009037 secs] [Times: user=0.00 sys=0.00, real=0.00 secs] 
2014-07-09T15:44:48.481+0200: 97.305: [GC [PSYoungGen: 7689K->5090K(11264K)] 16660K->16606K(27648K), 0.0064860 secs] [Times: user=0.02 sys=0.00, real=0.01 secs] 
2014-07-09T15:44:48.490+0200: 97.314: [GC [PSYoungGen: 11213K->5090K(11264K)] 22729K->17118K(27648K), 0.0042422 secs] [Times: user=0.00 sys=0.00, real=0.00 secs] 
2014-07-09T15:44:48.529+0200: 97.352: [GC [PSYoungGen: 11213K->3521K(11264K)] 23241K->15557K(27648K), 0.0027321 secs] [Times: user=0.02 sys=0.00, real=0.00 secs] 
2014-07-09T15:44:48.578+0200: 97.401: [GC [PSYoungGen: 9650K->416K(11264K)] 21686K->12460K(27648K), 0.0014478 secs] [Times: user=0.00 sys=0.00, real=0.00 secs] 
2014-07-09T15:44:48.583+0200: 97.407: [GC [PSYoungGen: 6537K->5090K(11264K)] 18581K->18527K(27648K), 0.0089878 secs] [Times: user=0.02 sys=0.00, real=0.01 secs] 
2014-07-09T15:44:48.593+0200: 97.416: [Full GC [PSYoungGen: 5090K->0K(11264K)] [ParOldGen: 13436K->7034K(16384K)] 18527K->7034K(27648K) [PSPermGen: 2476K->2476K(21504K)], 0.0369097 secs] [Times: user=0.03 sys=0.00, real=0.04 secs] 
2014-07-09T15:44:48.632+0200: 97.455: [GC [PSYoungGen: 6122K->4450K(11264K)] 13157K->11484K(27648K), 0.0035687 secs] [Times: user=0.00 sys=0.00, real=0.00 secs] 
2014-07-09T15:44:48.638+0200: 97.461: [GC [PSYoungGen: 10573K->2369K(11264K)] 17607K->9411K(27648K), 0.0017360 secs] [Times: user=0.03 sys=0.00, real=0.00 secs] 
2014-07-09T15:44:48.678+0200: 97.501: [GC [PSYoungGen: 8492K->288K(11264K)] 15534K->7338K(27648K), 0.0005485 secs] [Times: user=0.00 sys=0.00, real=0.00 secs] 
2014-07-09T15:44:48.680+0200: 97.504: [GC [PSYoungGen: 6409K->5090K(11264K)] 13459K->13405K(27648K), 0.0048336 secs] [Times: user=0.00 sys=0.00, real=0.00 secs] 
2014-07-09T15:44:48.687+0200: 97.511: [GC [PSYoungGen: 11213K->4322K(11264K)] 19528K->12636K(27648K), 0.0044706 secs] [Times: user=0.00 sys=0.00, real=0.00 secs] 
2014-07-09T15:44:48.729+0200: 97.552: [GC [PSYoungGen: 10445K->2241K(11264K)] 18759K->10563K(27648K), 0.0029675 secs] [Times: user=0.02 sys=0.00, real=0.00 secs] 
2014-07-09T15:44:48.778+0200: 97.601: [GC [PSYoungGen: 8364K->128K(11264K)] 16686K->8458K(27648K), 0.0010969 secs] [Times: user=0.02 sys=0.00, real=0.00 secs] 
2014-07-09T15:44:48.781+0200: 97.605: [GC [PSYoungGen: 6249K->5090K(11264K)] 14579K->14557K(27648K), 0.0051240 secs] [Times: user=0.00 sys=0.00, real=0.01 secs] 
2014-07-09T15:44:48.789+0200: 97.612: [GC [PSYoungGen: 11222K->2657K(11264K)] 20689K->12124K(27648K), 0.0023959 secs] [Times: user=0.00 sys=0.00, real=0.00 secs] 
2014-07-09T15:44:48.828+0200: 97.651: [GC [PSYoungGen: 8784K->32K(11264K)] 18251K->9507K(27648K), 0.0007344 secs] [Times: user=0.00 sys=0.00, real=0.00 secs] 
2014-07-09T15:44:48.830+0200: 97.654: [GC [PSYoungGen: 6152K->5090K(11264K)] 15628K->15606K(27648K), 0.0053982 secs] [Times: user=0.00 sys=0.00, real=0.01 secs] 
2014-07-09T15:44:48.938+0200: 97.761: [GC [PSYoungGen: 11211K->4097K(11264K)] 21727K->14613K(27648K), 0.0030294 secs] [Times: user=0.00 sys=0.00, real=0.00 secs] 
2014-07-09T15:44:48.944+0200: 97.767: [GC [PSYoungGen: 10220K->2016K(11264K)] 20736K->12540K(27648K), 0.0016176 secs] [Times: user=0.00 sys=0.00, real=0.00 secs] 
2014-07-09T15:44:48.952+0200: 97.775: [GC [PSYoungGen: 8137K->5090K(11264K)] 18661K->18599K(27648K), 0.0162104 secs] [Times: user=0.02 sys=0.00, real=0.02 secs] 
2014-07-09T15:44:48.968+0200: 97.792: [Full GC [PSYoungGen: 5090K->0K(11264K)] [ParOldGen: 13509K->8636K(16384K)] 18599K->8636K(27648K) [PSPermGen: 2476K->2476K(21504K)], 0.0399670 secs] [Times: user=0.02 sys=0.00, real=0.04 secs] 
2014-07-09T15:44:49.011+0200: 97.835: [GC [PSYoungGen: 6122K->5090K(11264K)] 14759K->14687K(27648K), 0.0046961 secs] [Times: user=0.03 sys=0.00, real=0.01 secs] 
2014-07-09T15:44:49.019+0200: 97.842: [GC [PSYoungGen: 11213K->3969K(11264K)] 20810K->13574K(27648K), 0.0031922 secs] [Times: user=0.00 sys=0.00, real=0.00 secs] 
2014-07-09T15:44:49.025+0200: 97.848: [GC [PSYoungGen: 10092K->1888K(11264K)] 19697K->11501K(27648K), 0.0130431 secs] [Times: user=0.00 sys=0.00, real=0.01 secs] 
2014-07-09T15:44:49.040+0200: 97.864: [GC [PSYoungGen: 8009K->5090K(11264K)] 17622K->17568K(27648K), 0.0064277 secs] [Times: user=0.01 sys=0.00, real=0.01 secs] 
2014-07-09T15:44:49.050+0200: 97.873: [GC [PSYoungGen: 11218K->4898K(11264K)] 23697K->17376K(27648K), 0.0047441 secs] [Times: user=0.00 sys=0.00, real=0.01 secs] 
2014-07-09T15:44:49.078+0200: 97.902: [GC [PSYoungGen: 11021K->2817K(11264K)] 23499K->15303K(27648K), 0.0015849 secs] [Times: user=0.00 sys=0.00, real=0.00 secs] 
2014-07-09T15:44:49.084+0200: 97.907: [GC [PSYoungGen: 8940K->704K(11264K)] 21426K->13198K(27648K), 0.0009628 secs] [Times: user=0.00 sys=0.00, real=0.00 secs] 
2014-07-09T15:44:49.088+0200: 97.911: [GC [PSYoungGen: 6825K->5090K(11264K)] 19319K->19297K(27648K), 0.0053109 secs] [Times: user=0.03 sys=0.00, real=0.00 secs] 
2014-07-09T15:44:49.093+0200: 97.917: [Full GC [PSYoungGen: 5090K->0K(11264K)] [ParOldGen: 14207K->7356K(16384K)] 19297K->7356K(27648K) [PSPermGen: 2476K->2476K(21504K)], 0.0095051 secs] [Times: user=0.00 sys=0.00, real=0.01 secs] 
2014-07-09T15:44:49.130+0200: 97.953: [GC [PSYoungGen: 6122K->4738K(11264K)] 13479K->12094K(27648K), 0.0333534 secs] [Times: user=0.00 sys=0.00, real=0.03 secs] 
2014-07-09T15:44:49.178+0200: 98.002: [GC [PSYoungGen: 10861K->2689K(11264K)] 18217K->10053K(27648K), 0.0012971 secs] [Times: user=0.00 sys=0.00, real=0.00 secs] 
2014-07-09T15:44:49.182+0200: 98.006: [GC [PSYoungGen: 8812K->608K(11264K)] 16176K->7980K(27648K), 0.0008557 secs] [Times: user=0.00 sys=0.00, real=0.00 secs] 
2014-07-09T15:44:49.186+0200: 98.010: [GC [PSYoungGen: 6729K->5090K(11264K)] 14101K->14047K(27648K), 0.0046422 secs] [Times: user=0.00 sys=0.00, real=0.00 secs] 
2014-07-09T15:44:49.229+0200: 98.053: [GC [PSYoungGen: 11213K->4642K(11264K)] 20170K->13599K(27648K), 0.0035266 secs] [Times: user=0.03 sys=0.00, real=0.00 secs] 
2014-07-09T15:44:49.280+0200: 98.103: [GC [PSYoungGen: 10765K->2561K(11264K)] 19722K->11526K(27648K), 0.0027845 secs] [Times: user=0.00 sys=0.00, real=0.00 secs] 
2014-07-09T15:44:49.290+0200: 98.114: [GC [PSYoungGen: 8684K->480K(11264K)] 17649K->9453K(27648K), 0.0018834 secs] [Times: user=0.00 sys=0.00, real=0.00 secs] 
2014-07-09T15:44:49.296+0200: 98.119: [GC [PSYoungGen: 6601K->5090K(11264K)] 15574K->15520K(27648K), 0.0052072 secs] [Times: user=0.00 sys=0.00, real=0.01 secs] 
2014-07-09T15:44:49.328+0200: 98.152: [GC [PSYoungGen: 11227K->2849K(11264K)] 21657K->13279K(27648K), 0.0014570 secs] [Times: user=0.00 sys=0.00, real=0.00 secs] 
2014-07-09T15:44:49.379+0200: 98.202: [GC [PSYoungGen: 8972K->768K(11264K)] 19402K->11206K(27648K), 0.0015369 secs] [Times: user=0.00 sys=0.00, real=0.00 secs] 
2014-07-09T15:44:49.384+0200: 98.207: [GC [PSYoungGen: 6889K->5090K(11264K)] 17327K->17273K(27648K), 0.0061560 secs] [Times: user=0.03 sys=0.00, real=0.01 secs] 
2014-07-09T15:44:49.393+0200: 98.216: [GC [PSYoungGen: 11213K->4802K(11264K)] 23396K->16985K(27648K), 0.0042202 secs] [Times: user=0.00 sys=0.00, real=0.00 secs] 
2014-07-09T15:44:49.429+0200: 98.252: [GC [PSYoungGen: 10925K->2721K(11264K)] 23108K->14912K(27648K), 0.0017268 secs] [Times: user=0.00 sys=0.00, real=0.00 secs] 
2014-07-09T15:44:49.478+0200: 98.302: [GC [PSYoungGen: 8844K->640K(11264K)] 21035K->12839K(27648K), 0.0015582 secs] [Times: user=0.00 sys=0.00, real=0.00 secs] 
2014-07-09T15:44:49.484+0200: 98.308: [GC [PSYoungGen: 6761K->5090K(11264K)] 18960K->18906K(27648K), 0.0087330 secs] [Times: user=0.00 sys=0.00, real=0.01 secs] 
2014-07-09T15:44:49.493+0200: 98.317: [Full GC [PSYoungGen: 5090K->0K(11264K)] [ParOldGen: 13815K->7262K(16384K)] 18906K->7262K(27648K) [PSPermGen: 2476K->2476K(21504K)], 0.0261393 secs] [Times: user=0.05 sys=0.00, real=0.03 secs] 
2014-07-09T15:44:49.522+0200: 98.345: [GC [PSYoungGen: 6122K->4674K(11264K)] 13385K->11936K(27648K), 0.0037271 secs] [Times: user=0.00 sys=0.00, real=0.00 secs] 
2014-07-09T15:44:49.529+0200: 98.353: [GC [PSYoungGen: 10797K->2593K(11264K)] 18059K->9863K(27648K), 0.0018808 secs] [Times: user=0.00 sys=0.00, real=0.00 secs] 
2014-07-09T15:44:49.534+0200: 98.357: [GC [PSYoungGen: 8732K->640K(11264K)] 16003K->7918K(27648K), 0.0008711 secs] [Times: user=0.00 sys=0.00, real=0.00 secs] 
2014-07-09T15:44:49.580+0200: 98.404: [GC [PSYoungGen: 6755K->5090K(11264K)] 14033K->12376K(27648K), 0.0063291 secs] [Times: user=0.00 sys=0.00, real=0.01 secs] 
2014-07-09T15:44:49.591+0200: 98.415: [GC [PSYoungGen: 11213K->3009K(11264K)] 18499K->10303K(27648K), 0.0044105 secs] [Times: user=0.00 sys=0.00, real=0.00 secs] 
2014-07-09T15:44:49.629+0200: 98.452: [GC [PSYoungGen: 9132K->928K(11264K)] 16426K->8230K(27648K), 0.0018155 secs] [Times: user=0.00 sys=0.00, real=0.00 secs] 
2014-07-09T15:44:49.634+0200: 98.458: [GC [PSYoungGen: 7049K->5090K(11264K)] 14351K->14297K(27648K), 0.0091770 secs] [Times: user=0.03 sys=0.00, real=0.01 secs] 
2014-07-09T15:44:49.686+0200: 98.509: [GC [PSYoungGen: 11213K->4930K(11264K)] 20420K->14137K(27648K), 0.0377778 secs] [Times: user=0.02 sys=0.00, real=0.04 secs] 
2014-07-09T15:44:49.726+0200: 98.550: [GC [PSYoungGen: 11053K->2881K(11264K)] 20260K->12096K(27648K), 0.0021833 secs] [Times: user=0.00 sys=0.00, real=0.00 secs] 
2014-07-09T15:44:49.731+0200: 98.554: [GC [PSYoungGen: 9004K->800K(11264K)] 18219K->10023K(27648K), 0.0010174 secs] [Times: user=0.00 sys=0.00, real=0.00 secs] 
2014-07-09T15:44:49.734+0200: 98.558: [GC [PSYoungGen: 6921K->5090K(11264K)] 16144K->16090K(27648K), 0.0056218 secs] [Times: user=0.00 sys=0.00, real=0.01 secs] 
2014-07-09T15:44:49.780+0200: 98.604: [GC [PSYoungGen: 11213K->4834K(11264K)] 22213K->15834K(27648K), 0.0060233 secs] [Times: user=0.00 sys=0.00, real=0.01 secs] 
2014-07-09T15:44:49.791+0200: 98.614: [GC [PSYoungGen: 10957K->2753K(11264K)] 21957K->13761K(27648K), 0.0044123 secs] [Times: user=0.03 sys=0.00, real=0.00 secs] 
2014-07-09T15:44:49.800+0200: 98.624: [GC [PSYoungGen: 8895K->864K(11264K)] 19903K->11879K(27648K), 0.0018291 secs] [Times: user=0.00 sys=0.00, real=0.00 secs] 
2014-07-09T15:44:49.830+0200: 98.653: [GC [PSYoungGen: 6977K->5090K(11264K)] 17993K->16274K(27648K), 0.0038499 secs] [Times: user=0.00 sys=0.00, real=0.00 secs] 
2014-07-09T15:44:49.879+0200: 98.702: [GC [PSYoungGen: 11213K->3169K(11264K)] 22397K->14361K(27648K), 0.0023237 secs] [Times: user=0.00 sys=0.00, real=0.00 secs] 
2014-07-09T15:44:49.884+0200: 98.708: [GC [PSYoungGen: 9292K->1088K(11264K)] 20484K->12288K(27648K), 0.0013177 secs] [Times: user=0.00 sys=0.00, real=0.00 secs] 
2014-07-09T15:44:49.889+0200: 98.713: [GC [PSYoungGen: 7209K->5090K(11264K)] 18409K->18355K(27648K), 0.0057535 secs] [Times: user=0.00 sys=0.00, real=0.01 secs] 
2014-07-09T15:44:49.930+0200: 98.754: [GC [PSYoungGen: 11213K->5090K(11264K)] 24478K->18387K(27648K), 0.0042767 secs] [Times: user=0.03 sys=0.00, real=0.00 secs] 
2014-07-09T15:44:49.978+0200: 98.802: [GC [PSYoungGen: 11213K->3041K(11264K)] 24510K->16346K(27648K), 0.0019761 secs] [Times: user=0.02 sys=0.00, real=0.00 secs] 
2014-07-09T15:44:49.983+0200: 98.806: [GC [PSYoungGen: 9164K->960K(11264K)] 22469K->14273K(27648K), 0.0010159 secs] [Times: user=0.00 sys=0.00, real=0.00 secs] 
2014-07-09T15:44:49.987+0200: 98.810: [GC [PSYoungGen: 7081K->5090K(11264K)] 20394K->20340K(27648K), 0.0051925 secs] [Times: user=0.00 sys=0.00, real=0.01 secs] 
2014-07-09T15:44:49.992+0200: 98.815: [Full GC [PSYoungGen: 5090K->0K(11264K)] [ParOldGen: 15249K->7584K(16384K)] 20340K->7584K(27648K) [PSPermGen: 2476K->2476K(21504K)], 0.0107117 secs] [Times: user=0.01 sys=0.00, real=0.01 secs] 
2014-07-09T15:44:50.029+0200: 98.853: [GC [PSYoungGen: 6122K->4994K(11264K)] 13707K->12578K(27648K), 0.0037224 secs] [Times: user=0.00 sys=0.00, real=0.00 secs] 
2014-07-09T15:44:50.079+0200: 98.903: [GC [PSYoungGen: 11120K->1888K(11264K)] 18705K->9481K(27648K), 0.0027240 secs] [Times: user=0.00 sys=0.00, real=0.00 secs] 
2014-07-09T15:44:50.086+0200: 98.910: [GC [PSYoungGen: 8009K->5090K(11264K)] 15602K->15548K(27648K), 0.0100789 secs] [Times: user=0.03 sys=0.00, real=0.01 secs] 
2014-07-09T15:44:50.101+0200: 98.924: [GC [PSYoungGen: 11213K->5090K(11264K)] 21671K->16380K(27648K), 0.0061124 secs] [Times: user=0.03 sys=0.00, real=0.01 secs] 
2014-07-09T15:44:50.129+0200: 98.952: [GC [PSYoungGen: 11213K->3841K(11264K)] 22503K->15140K(27648K), 0.0026195 secs] [Times: user=0.00 sys=0.00, real=0.00 secs] 
2014-07-09T15:44:50.179+0200: 99.002: [GC [PSYoungGen: 9964K->1760K(11264K)] 21263K->13067K(27648K), 0.0020538 secs] [Times: user=0.00 sys=0.00, real=0.00 secs] 
2014-07-09T15:44:50.186+0200: 99.009: [GC [PSYoungGen: 7881K->5090K(11264K)] 19188K->19134K(27648K), 0.0093284 secs] [Times: user=0.00 sys=0.00, real=0.01 secs] 
2014-07-09T15:44:50.195+0200: 99.019: [Full GC [PSYoungGen: 5090K->0K(11264K)] [ParOldGen: 14043K->8385K(16384K)] 19134K->8385K(27648K) [PSPermGen: 2476K->2476K(21504K)], 0.0136861 secs] [Times: user=0.03 sys=0.00, real=0.01 secs] 
2014-07-09T15:44:50.212+0200: 99.035: [GC [PSYoungGen: 6122K->5090K(11264K)] 14508K->14180K(27648K), 0.0050433 secs] [Times: user=0.03 sys=0.00, real=0.01 secs] 
2014-07-09T15:44:50.231+0200: 99.054: [GC [PSYoungGen: 11213K->3681K(11264K)] 20303K->12779K(27648K), 0.0037169 secs] [Times: user=0.00 sys=0.00, real=0.00 secs] 
2014-07-09T15:44:50.278+0200: 99.102: [GC [PSYoungGen: 9804K->1632K(11264K)] 18902K->10738K(27648K), 0.0008913 secs] [Times: user=0.00 sys=0.00, real=0.00 secs] 
2014-07-09T15:44:50.281+0200: 99.105: [GC [PSYoungGen: 7753K->5090K(11264K)] 16859K->16805K(27648K), 0.0056651 secs] [Times: user=0.00 sys=0.00, real=0.01 secs] 
2014-07-09T15:44:50.290+0200: 99.113: [GC [PSYoungGen: 11229K->4514K(11264K)] 22944K->16229K(27648K), 0.0035434 secs] [Times: user=0.03 sys=0.00, real=0.00 secs] 
2014-07-09T15:44:50.328+0200: 99.152: [GC [PSYoungGen: 10640K->1408K(11264K)] 22355K->13131K(27648K), 0.0008000 secs] [Times: user=0.00 sys=0.00, real=0.00 secs] 
2014-07-09T15:44:50.331+0200: 99.154: [GC [PSYoungGen: 7529K->5090K(11264K)] 19252K->19198K(27648K), 0.0055984 secs] [Times: user=0.00 sys=0.00, real=0.00 secs] 
2014-07-09T15:44:50.337+0200: 99.160: [Full GC [PSYoungGen: 5090K->0K(11264K)] [ParOldGen: 14108K->8035K(16384K)] 19198K->8035K(27648K) [PSPermGen: 2476K->2476K(21504K)], 0.0101940 secs] [Times: user=0.03 sys=0.00, real=0.01 secs] 
2014-07-09T15:44:50.381+0200: 99.204: [GC [PSYoungGen: 6122K->5090K(11264K)] 14158K->13478K(27648K), 0.0073578 secs] [Times: user=0.03 sys=0.00, real=0.01 secs] 
2014-07-09T15:44:50.393+0200: 99.216: [GC [PSYoungGen: 11213K->3361K(11264K)] 19601K->11757K(27648K), 0.0046015 secs] [Times: user=0.00 sys=0.00, real=0.00 secs] 
2014-07-09T15:44:50.428+0200: 99.252: [GC [PSYoungGen: 9484K->1280K(11264K)] 17880K->9684K(27648K), 0.0012399 secs] [Times: user=0.00 sys=0.00, real=0.00 secs] 
2014-07-09T15:44:50.432+0200: 99.255: [GC [PSYoungGen: 7401K->5090K(11264K)] 15805K->15751K(27648K), 0.0060783 secs] [Times: user=0.03 sys=0.00, real=0.01 secs] 
2014-07-09T15:44:50.480+0200: 99.303: [GC [PSYoungGen: 11213K->5090K(11264K)] 21874K->15975K(27648K), 0.0043529 secs] [Times: user=0.00 sys=0.00, real=0.00 secs] 
2014-07-09T15:44:50.487+0200: 99.311: [GC [PSYoungGen: 11213K->3233K(11264K)] 22098K->14126K(27648K), 0.0026925 secs] [Times: user=0.00 sys=0.00, real=0.00 secs] 
2014-07-09T15:44:50.528+0200: 99.352: [GC [PSYoungGen: 9362K->96K(11264K)] 20254K->10996K(27648K), 0.0007494 secs] [Times: user=0.00 sys=0.00, real=0.00 secs] 
2014-07-09T15:44:50.531+0200: 99.355: [GC [PSYoungGen: 6217K->5090K(11264K)] 17117K->17095K(27648K), 0.0051225 secs] [Times: user=0.00 sys=0.00, real=0.01 secs] 
2014-07-09T15:44:50.579+0200: 99.403: [GC [PSYoungGen: 11211K->4162K(11264K)] 23216K->16167K(27648K), 0.0030096 secs] [Times: user=0.00 sys=0.00, real=0.00 secs] 
2014-07-09T15:44:50.585+0200: 99.408: [GC [PSYoungGen: 10282K->2080K(11264K)] 22288K->14094K(27648K), 0.0018650 secs] [Times: user=0.00 sys=0.00, real=0.00 secs] 
2014-07-09T15:44:50.590+0200: 99.414: [GC [PSYoungGen: 8201K->5090K(11264K)] 20215K->20153K(27648K), 0.0071371 secs] [Times: user=0.00 sys=0.00, real=0.01 secs] 
2014-07-09T15:44:50.598+0200: 99.421: [Full GC [PSYoungGen: 5090K->0K(11264K)] [ParOldGen: 15062K->8708K(16384K)] 20153K->8708K(27648K) [PSPermGen: 2476K->2476K(21504K)], 0.0141693 secs] [Times: user=0.02 sys=0.00, real=0.01 secs] 
2014-07-09T15:44:50.629+0200: 99.453: [GC [PSYoungGen: 6122K->5090K(11264K)] 14831K->14823K(27648K), 0.0047284 secs] [Times: user=0.00 sys=0.00, real=0.01 secs] 
2014-07-09T15:44:50.680+0200: 99.503: [GC [PSYoungGen: 11213K->4033K(11264K)] 20946K->13774K(27648K), 0.0055071 secs] [Times: user=0.03 sys=0.00, real=0.00 secs] 
2014-07-09T15:44:50.690+0200: 99.513: [GC [PSYoungGen: 10156K->1952K(11264K)] 19897K->11701K(27648K), 0.0030503 secs] [Times: user=0.00 sys=0.00, real=0.00 secs] 
2014-07-09T15:44:50.698+0200: 99.522: [GC [PSYoungGen: 8073K->5090K(11264K)] 17822K->17768K(27648K), 0.0087796 secs] [Times: user=0.00 sys=0.00, real=0.01 secs] 
2014-07-09T15:44:50.730+0200: 99.553: [GC [PSYoungGen: 11213K->5090K(11264K)] 23891K->18665K(27648K), 0.0044142 secs] [Times: user=0.00 sys=0.00, real=0.00 secs] 
2014-07-09T15:44:50.734+0200: 99.558: [Full GC [PSYoungGen: 5090K->0K(11264K)] [ParOldGen: 13574K->6499K(16384K)] 18665K->6499K(27648K) [PSPermGen: 2476K->2476K(21504K)], 0.0091898 secs] [Times: user=0.00 sys=0.00, real=0.01 secs] 
2014-07-09T15:44:50.779+0200: 99.603: [GC [PSYoungGen: 6122K->3873K(11264K)] 12622K->10373K(27648K), 0.0069087 secs] [Times: user=0.00 sys=0.00, real=0.01 secs] 
2014-07-09T15:44:50.789+0200: 99.613: [GC [PSYoungGen: 9996K->1792K(11264K)] 16496K->8300K(27648K), 0.0022536 secs] [Times: user=0.01 sys=0.00, real=0.00 secs] 
2014-07-09T15:44:50.794+0200: 99.618: [GC [PSYoungGen: 7913K->5090K(11264K)] 14421K->14399K(27648K), 0.0054767 secs] [Times: user=0.00 sys=0.00, real=0.01 secs] 
2014-07-09T15:44:50.829+0200: 99.652: [GC [PSYoungGen: 11224K->4322K(11264K)] 20533K->13630K(27648K), 0.0029510 secs] [Times: user=0.00 sys=0.00, real=0.00 secs] 
2014-07-09T15:44:50.879+0200: 99.702: [GC [PSYoungGen: 10445K->2241K(11264K)] 19753K->11557K(27648K), 0.0014658 secs] [Times: user=0.00 sys=0.00, real=0.00 secs] 
2014-07-09T15:44:50.883+0200: 99.707: [GC [PSYoungGen: 8364K->160K(11264K)] 17680K->9484K(27648K), 0.0007593 secs] [Times: user=0.00 sys=0.00, real=0.00 secs] 
2014-07-09T15:44:50.887+0200: 99.710: [GC [PSYoungGen: 6281K->5090K(11264K)] 15605K->15551K(27648K), 0.0046943 secs] [Times: user=0.00 sys=0.00, real=0.00 secs] 
2014-07-09T15:44:50.929+0200: 99.753: [GC [PSYoungGen: 11213K->4194K(11264K)] 21674K->14655K(27648K), 0.0035343 secs] [Times: user=0.01 sys=0.00, real=0.00 secs] 
2014-07-09T15:44:50.979+0200: 99.803: [GC [PSYoungGen: 10315K->2113K(11264K)] 20776K->12582K(27648K), 0.0027710 secs] [Times: user=0.00 sys=0.00, real=0.00 secs] 
2014-07-09T15:44:50.987+0200: 99.811: [GC [PSYoungGen: 8233K->5090K(11264K)] 18703K->18649K(27648K), 0.0106046 secs] [Times: user=0.02 sys=0.00, real=0.01 secs] 
2014-07-09T15:44:50.998+0200: 99.822: [Full GC [PSYoungGen: 5090K->0K(11264K)] [ParOldGen: 13558K->8741K(16384K)] 18649K->8741K(27648K) [PSPermGen: 2476K->2476K(21504K)], 0.0146808 secs] [Times: user=0.03 sys=0.00, real=0.02 secs] 
2014-07-09T15:44:51.015+0200: 99.839: [GC [PSYoungGen: 6122K->5090K(11264K)] 14863K->14888K(27648K), 0.0046642 secs] [Times: user=0.00 sys=0.00, real=0.00 secs] 
2014-07-09T15:44:51.030+0200: 99.853: [GC [PSYoungGen: 11213K->4065K(11264K)] 21011K->13872K(27648K), 0.0028769 secs] [Times: user=0.00 sys=0.00, real=0.00 secs] 
2014-07-09T15:44:51.078+0200: 99.901: [GC [PSYoungGen: 10200K->448K(11264K)] 20006K->10262K(27648K), 0.0005488 secs] [Times: user=0.00 sys=0.00, real=0.00 secs] 
2014-07-09T15:44:51.080+0200: 99.904: [GC [PSYoungGen: 6569K->5090K(11264K)] 16383K->16329K(27648K), 0.0048959 secs] [Times: user=0.00 sys=0.00, real=0.01 secs] 
2014-07-09T15:44:51.087+0200: 99.911: [GC [PSYoungGen: 11213K->4482K(11264K)] 22452K->15720K(27648K), 0.0036373 secs] [Times: user=0.03 sys=0.00, real=0.00 secs] 
2014-07-09T15:44:51.129+0200: 99.953: [GC [PSYoungGen: 10605K->2401K(11264K)] 21843K->13647K(27648K), 0.0025759 secs] [Times: user=0.00 sys=0.00, real=0.00 secs] 
2014-07-09T15:44:51.178+0200: 100.002: [GC [PSYoungGen: 8524K->320K(11264K)] 19770K->11574K(27648K), 0.0008612 secs] [Times: user=0.00 sys=0.00, real=0.00 secs] 
2014-07-09T15:44:51.181+0200: 100.005: [GC [PSYoungGen: 6441K->5090K(11264K)] 17695K->17641K(27648K), 0.0052567 secs] [Times: user=0.00 sys=0.00, real=0.01 secs] 
2014-07-09T15:44:51.189+0200: 100.012: [GC [PSYoungGen: 11213K->4354K(11264K)] 23764K->16905K(27648K), 0.0037729 secs] [Times: user=0.00 sys=0.00, real=0.00 secs] 
2014-07-09T15:44:51.229+0200: 100.052: [GC [PSYoungGen: 10477K->2273K(11264K)] 23028K->14832K(27648K), 0.0015303 secs] [Times: user=0.00 sys=0.00, real=0.00 secs] 
2014-07-09T15:44:51.278+0200: 100.102: [GC [PSYoungGen: 8396K->192K(11264K)] 20955K->12759K(27648K), 0.0014504 secs] [Times: user=0.00 sys=0.00, real=0.00 secs] 
2014-07-09T15:44:51.284+0200: 100.107: [GC [PSYoungGen: 6313K->5090K(11264K)] 18880K->18826K(27648K), 0.0083444 secs] [Times: user=0.03 sys=0.00, real=0.01 secs] 
2014-07-09T15:44:51.293+0200: 100.116: [Full GC [PSYoungGen: 5090K->0K(11264K)] [ParOldGen: 13735K->6821K(16384K)] 18826K->6821K(27648K) [PSPermGen: 2476K->2476K(21504K)], 0.0441117 secs] [Times: user=0.03 sys=0.00, real=0.04 secs] 
2014-07-09T15:44:51.339+0200: 100.163: [GC [PSYoungGen: 6122K->4226K(11264K)] 12944K->11047K(27648K), 0.0033510 secs] [Times: user=0.00 sys=0.00, real=0.00 secs] 
2014-07-09T15:44:51.346+0200: 100.170: [GC [PSYoungGen: 10363K->480K(11264K)] 17184K->7309K(27648K), 0.0009448 secs] [Times: user=0.00 sys=0.00, real=0.00 secs] 
2014-07-09T15:44:51.350+0200: 100.173: [GC [PSYoungGen: 6601K->5090K(11264K)] 13430K->13376K(27648K), 0.0047665 secs] [Times: user=0.03 sys=0.00, real=0.01 secs] 
2014-07-09T15:44:51.379+0200: 100.202: [GC [PSYoungGen: 11213K->4514K(11264K)] 19499K->12800K(27648K), 0.0031050 secs] [Times: user=0.00 sys=0.00, real=0.00 secs] 
2014-07-09T15:44:51.384+0200: 100.208: [GC [PSYoungGen: 10637K->2433K(11264K)] 18923K->10727K(27648K), 0.0017506 secs] [Times: user=0.00 sys=0.00, real=0.00 secs] 
2014-07-09T15:44:51.430+0200: 100.253: [GC [PSYoungGen: 8556K->352K(11264K)] 16850K->8654K(27648K), 0.0024245 secs] [Times: user=0.02 sys=0.00, real=0.00 secs] 
2014-07-09T15:44:51.436+0200: 100.260: [GC [PSYoungGen: 6473K->5090K(11264K)] 14775K->14721K(27648K), 0.0081589 secs] [Times: user=0.00 sys=0.00, real=0.01 secs] 
2014-07-09T15:44:51.480+0200: 100.303: [GC [PSYoungGen: 11213K->4386K(11264K)] 20844K->14017K(27648K), 0.0034008 secs] [Times: user=0.00 sys=0.00, real=0.00 secs] 
2014-07-09T15:44:51.486+0200: 100.310: [GC [PSYoungGen: 10509K->2305K(11264K)] 20140K->11944K(27648K), 0.0018896 secs] [Times: user=0.00 sys=0.00, real=0.00 secs] 
2014-07-09T15:44:51.528+0200: 100.352: [GC [PSYoungGen: 8428K->224K(11264K)] 18067K->9871K(27648K), 0.0008370 secs] [Times: user=0.00 sys=0.00, real=0.00 secs] 
2014-07-09T15:44:51.531+0200: 100.354: [GC [PSYoungGen: 6345K->5090K(11264K)] 15992K->15938K(27648K), 0.0052248 secs] [Times: user=0.00 sys=0.00, real=0.01 secs] 
2014-07-09T15:44:51.580+0200: 100.403: [GC [PSYoungGen: 11216K->3233K(11264K)] 22064K->14081K(27648K), 0.0032857 secs] [Times: user=0.00 sys=0.00, real=0.00 secs] 
2014-07-09T15:44:51.589+0200: 100.412: [GC [PSYoungGen: 9356K->1152K(11264K)] 20204K->12008K(27648K), 0.0023680 secs] [Times: user=0.00 sys=0.00, real=0.00 secs] 
2014-07-09T15:44:51.596+0200: 100.419: [GC [PSYoungGen: 7273K->5090K(11264K)] 18129K->18075K(27648K), 0.0090267 secs] [Times: user=0.03 sys=0.00, real=0.01 secs] 
2014-07-09T15:44:51.630+0200: 100.453: [GC [PSYoungGen: 11213K->5090K(11264K)] 24198K->18171K(27648K), 0.0038367 secs] [Times: user=0.00 sys=0.02, real=0.00 secs] 
2014-07-09T15:44:51.680+0200: 100.503: [GC [PSYoungGen: 11213K->3105K(11264K)] 24294K->16194K(27648K), 0.0031248 secs] [Times: user=0.03 sys=0.00, real=0.00 secs] 
2014-07-09T15:44:51.688+0200: 100.511: [GC [PSYoungGen: 9228K->1024K(11264K)] 22317K->14121K(27648K), 0.0022456 secs] [Times: user=0.00 sys=0.00, real=0.00 secs] 
2014-07-09T15:44:51.695+0200: 100.519: [GC [PSYoungGen: 7145K->5090K(11264K)] 20242K->20188K(27648K), 0.0092540 secs] [Times: user=0.03 sys=0.00, real=0.01 secs] 
2014-07-09T15:44:51.705+0200: 100.528: [Full GC [PSYoungGen: 5090K->0K(11264K)] [ParOldGen: 15097K->7656K(16384K)] 20188K->7656K(27648K) [PSPermGen: 2476K->2476K(21504K)], 0.0251875 secs] [Times: user=0.06 sys=0.00, real=0.03 secs] 
2014-07-09T15:44:51.732+0200: 100.556: [GC [PSYoungGen: 6122K->5058K(11264K)] 13779K->12714K(27648K), 0.0042613 secs] [Times: user=0.00 sys=0.00, real=0.00 secs] 
2014-07-09T15:44:51.779+0200: 100.602: [GC [PSYoungGen: 11181K->2977K(11264K)] 18837K->10641K(27648K), 0.0016777 secs] [Times: user=0.00 sys=0.00, real=0.00 secs] 
2014-07-09T15:44:51.783+0200: 100.607: [GC [PSYoungGen: 9119K->1152K(11264K)] 16784K->8824K(27648K), 0.0010823 secs] [Times: user=0.00 sys=0.00, real=0.00 secs] 
2014-07-09T15:44:51.787+0200: 100.610: [GC [PSYoungGen: 7270K->4962K(11264K)] 14943K->12642K(27648K), 0.0041993 secs] [Times: user=0.03 sys=0.00, real=0.00 secs] 
2014-07-09T15:44:51.829+0200: 100.652: [GC [PSYoungGen: 11085K->2881K(11264K)] 18765K->10569K(27648K), 0.0015329 secs] [Times: user=0.00 sys=0.00, real=0.00 secs] 
2014-07-09T15:44:51.892+0200: 100.716: [GC [PSYoungGen: 9004K->800K(11264K)] 16692K->8496K(27648K), 0.0009595 secs] [Times: user=0.00 sys=0.00, real=0.00 secs] 
2014-07-09T15:44:51.896+0200: 100.719: [GC [PSYoungGen: 6921K->5090K(11264K)] 14617K->14563K(27648K), 0.0059456 secs] [Times: user=0.03 sys=0.00, real=0.01 secs] 
2014-07-09T15:44:51.904+0200: 100.728: [GC [PSYoungGen: 11213K->4834K(11264K)] 20686K->14307K(27648K), 0.0038672 secs] [Times: user=0.00 sys=0.00, real=0.00 secs] 
2014-07-09T15:44:51.929+0200: 100.753: [GC [PSYoungGen: 10957K->2753K(11264K)] 20430K->12234K(27648K), 0.0018892 secs] [Times: user=0.03 sys=0.00, real=0.00 secs] 
2014-07-09T15:44:51.978+0200: 100.802: [GC [PSYoungGen: 8876K->640K(11264K)] 18357K->10129K(27648K), 0.0033887 secs] [Times: user=0.00 sys=0.00, real=0.00 secs] 
2014-07-09T15:44:51.984+0200: 100.808: [GC [PSYoungGen: 6761K->5090K(11264K)] 16250K->16228K(27648K), 0.0048358 secs] [Times: user=0.00 sys=0.00, real=0.01 secs] 
2014-07-09T15:44:51.994+0200: 100.817: [GC [PSYoungGen: 11213K->4706K(11264K)] 22351K->15844K(27648K), 0.0045715 secs] [Times: user=0.00 sys=0.00, real=0.00 secs] 
2014-07-09T15:44:52.029+0200: 100.852: [GC [PSYoungGen: 10829K->2625K(11264K)] 21967K->13771K(27648K), 0.0013869 secs] [Times: user=0.00 sys=0.00, real=0.00 secs] 
2014-07-09T15:44:52.032+0200: 100.856: [GC [PSYoungGen: 8764K->704K(11264K)] 19911K->11858K(27648K), 0.0008517 secs] [Times: user=0.00 sys=0.00, real=0.00 secs] 
2014-07-09T15:44:52.080+0200: 100.903: [GC [PSYoungGen: 6845K->5090K(11264K)] 17999K->16828K(27648K), 0.0040233 secs] [Times: user=0.00 sys=0.00, real=0.00 secs] 
2014-07-09T15:44:52.086+0200: 100.910: [GC [PSYoungGen: 11213K->3585K(11264K)] 22951K->15332K(27648K), 0.0026335 secs] [Times: user=0.00 sys=0.00, real=0.00 secs] 
2014-07-09T15:44:52.128+0200: 100.952: [GC [PSYoungGen: 9708K->1504K(11264K)] 21455K->13259K(27648K), 0.0008619 secs] [Times: user=0.00 sys=0.00, real=0.00 secs] 
2014-07-09T15:44:52.131+0200: 100.955: [GC [PSYoungGen: 7625K->5090K(11264K)] 19380K->19326K(27648K), 0.0058902 secs] [Times: user=0.03 sys=0.00, real=0.01 secs] 
2014-07-09T15:44:52.137+0200: 100.961: [Full GC [PSYoungGen: 5090K->0K(11264K)] [ParOldGen: 14235K->8138K(16384K)] 19326K->8138K(27648K) [PSPermGen: 2476K->2476K(21504K)], 0.0127124 secs] [Times: user=0.03 sys=0.00, real=0.01 secs] 
2014-07-09T15:44:52.179+0200: 101.003: [GC [PSYoungGen: 6122K->5090K(11264K)] 14261K->13677K(27648K), 0.0042422 secs] [Times: user=0.03 sys=0.00, real=0.01 secs] 
2014-07-09T15:44:52.186+0200: 101.010: [GC [PSYoungGen: 11213K->3457K(11264K)] 19800K->12052K(27648K), 0.0027842 secs] [Times: user=0.00 sys=0.00, real=0.00 secs] 
2014-07-09T15:44:52.228+0200: 101.052: [GC [PSYoungGen: 9580K->1376K(11264K)] 18175K->9979K(27648K), 0.0009294 secs] [Times: user=0.00 sys=0.00, real=0.00 secs] 
2014-07-09T15:44:52.231+0200: 101.055: [GC [PSYoungGen: 7497K->5090K(11264K)] 16100K->16046K(27648K), 0.0056849 secs] [Times: user=0.00 sys=0.00, real=0.01 secs] 
2014-07-09T15:44:52.281+0200: 101.105: [GC [PSYoungGen: 11213K->5090K(11264K)] 22169K->16366K(27648K), 0.0067492 secs] [Times: user=0.00 sys=0.00, real=0.01 secs] 
2014-07-09T15:44:52.293+0200: 101.116: [GC [PSYoungGen: 11213K->3329K(11264K)] 22489K->14614K(27648K), 0.0037315 secs] [Times: user=0.00 sys=0.00, real=0.00 secs] 
2014-07-09T15:44:52.299+0200: 101.123: [GC [PSYoungGen: 9469K->928K(11264K)] 20753K->12220K(27648K), 0.0013261 secs] [Times: user=0.00 sys=0.00, real=0.00 secs] 
2014-07-09T15:44:52.329+0200: 101.153: [GC [PSYoungGen: 7049K->5090K(11264K)] 18341K->16999K(27648K), 0.0043115 secs] [Times: user=0.00 sys=0.00, real=0.00 secs] 
2014-07-09T15:44:52.379+0200: 101.202: [GC [PSYoungGen: 11213K->3617K(11264K)] 23122K->15534K(27648K), 0.0022368 secs] [Times: user=0.00 sys=0.00, real=0.00 secs] 
2014-07-09T15:44:52.384+0200: 101.207: [GC [PSYoungGen: 9740K->1536K(11264K)] 21657K->13461K(27648K), 0.0014203 secs] [Times: user=0.00 sys=0.00, real=0.00 secs] 
2014-07-09T15:44:52.387+0200: 101.211: [GC [PSYoungGen: 7657K->5090K(11264K)] 19582K->19528K(27648K), 0.0056427 secs] [Times: user=0.00 sys=0.00, real=0.01 secs] 
2014-07-09T15:44:52.393+0200: 101.217: [Full GC [PSYoungGen: 5090K->0K(11264K)] [ParOldGen: 14437K->8172K(16384K)] 19528K->8172K(27648K) [PSPermGen: 2476K->2476K(21504K)], 0.0101398 secs] [Times: user=0.02 sys=0.00, real=0.01 secs] 
2014-07-09T15:44:52.430+0200: 101.254: [GC [PSYoungGen: 6122K->5090K(11264K)] 14295K->13711K(27648K), 0.0051716 secs] [Times: user=0.00 sys=0.00, real=0.01 secs] 
2014-07-09T15:44:52.479+0200: 101.302: [GC [PSYoungGen: 11213K->3489K(11264K)] 19834K->12118K(27648K), 0.0023002 secs] [Times: user=0.00 sys=0.00, real=0.00 secs] 
2014-07-09T15:44:52.483+0200: 101.307: [GC [PSYoungGen: 9612K->1408K(11264K)] 18241K->10045K(27648K), 0.0012414 secs] [Times: user=0.00 sys=0.00, real=0.00 secs] 
2014-07-09T15:44:52.487+0200: 101.311: [GC [PSYoungGen: 7529K->5090K(11264K)] 16166K->16112K(27648K), 0.0054899 secs] [Times: user=0.03 sys=0.00, real=0.01 secs] 
2014-07-09T15:44:52.529+0200: 101.353: [GC [PSYoungGen: 11213K->5090K(11264K)] 22235K->16464K(27648K), 0.0040105 secs] [Times: user=0.00 sys=0.00, real=0.00 secs] 
2014-07-09T15:44:52.579+0200: 101.403: [GC [PSYoungGen: 11222K->1824K(11264K)] 22596K->13207K(27648K), 0.0021935 secs] [Times: user=0.00 sys=0.00, real=0.00 secs] 
2014-07-09T15:44:52.586+0200: 101.409: [GC [PSYoungGen: 7945K->5090K(11264K)] 19327K->19273K(27648K), 0.0097401 secs] [Times: user=0.00 sys=0.00, real=0.01 secs] 
2014-07-09T15:44:52.596+0200: 101.419: [Full GC [PSYoungGen: 5090K->0K(11264K)] [ParOldGen: 14183K->8461K(16384K)] 19273K->8461K(27648K) [PSPermGen: 2476K->2476K(21504K)], 0.0133452 secs] [Times: user=0.02 sys=0.00, real=0.01 secs] 
2014-07-09T15:44:52.612+0200: 101.436: [GC [PSYoungGen: 6122K->5090K(11264K)] 14584K->14320K(27648K), 0.0048923 secs] [Times: user=0.02 sys=0.00, real=0.01 secs] 
2014-07-09T15:44:52.628+0200: 101.452: [GC [PSYoungGen: 11213K->3777K(11264K)] 20443K->13016K(27648K), 0.0023746 secs] [Times: user=0.00 sys=0.00, real=0.00 secs] 
2014-07-09T15:44:52.679+0200: 101.503: [GC [PSYoungGen: 9900K->1696K(11264K)] 19139K->10943K(27648K), 0.0025594 secs] [Times: user=0.00 sys=0.00, real=0.00 secs] 
2014-07-09T15:44:52.685+0200: 101.509: [GC [PSYoungGen: 7817K->5090K(11264K)] 17064K->17010K(27648K), 0.0063074 secs] [Times: user=0.00 sys=0.00, real=0.01 secs] 
2014-07-09T15:44:52.694+0200: 101.518: [GC [PSYoungGen: 11213K->5090K(11264K)] 23133K->17650K(27648K), 0.0048593 secs] [Times: user=0.01 sys=0.00, real=0.00 secs] 
2014-07-09T15:44:52.729+0200: 101.553: [GC [PSYoungGen: 11213K->3649K(11264K)] 23773K->16217K(27648K), 0.0025513 secs] [Times: user=0.00 sys=0.00, real=0.00 secs] 
2014-07-09T15:44:52.779+0200: 101.603: [GC [PSYoungGen: 9772K->1568K(11264K)] 22340K->14144K(27648K), 0.0021532 secs] [Times: user=0.00 sys=0.00, real=0.00 secs] 
2014-07-09T15:44:52.785+0200: 101.609: [GC [PSYoungGen: 7689K->5090K(11264K)] 20265K->20211K(27648K), 0.0102512 secs] [Times: user=0.03 sys=0.00, real=0.01 secs] 
2014-07-09T15:44:52.796+0200: 101.620: [Full GC [PSYoungGen: 5090K->0K(11264K)] [ParOldGen: 15121K->8205K(16384K)] 20211K->8205K(27648K) [PSPermGen: 2476K->2476K(21504K)], 0.0175720 secs] [Times: user=0.02 sys=0.00, real=0.02 secs] 
2014-07-09T15:44:52.816+0200: 101.640: [GC [PSYoungGen: 6128K->5090K(11264K)] 14334K->13296K(27648K), 0.0046748 secs] [Times: user=0.03 sys=0.00, real=0.01 secs] 
2014-07-09T15:44:52.828+0200: 101.652: [GC [PSYoungGen: 11216K->1984K(11264K)] 19422K->10198K(27648K), 0.0013411 secs] [Times: user=0.00 sys=0.00, real=0.00 secs] 
2014-07-09T15:44:52.832+0200: 101.656: [GC [PSYoungGen: 8105K->5090K(11264K)] 16319K->16265K(27648K), 0.0062693 secs] [Times: user=0.03 sys=0.00, real=0.01 secs] 
2014-07-09T15:44:52.880+0200: 101.704: [GC [PSYoungGen: 11213K->5090K(11264K)] 22388K->17194K(27648K), 0.0046737 secs] [Times: user=0.03 sys=0.00, real=0.00 secs] 
2014-07-09T15:44:52.888+0200: 101.711: [GC [PSYoungGen: 11213K->3937K(11264K)] 23317K->16049K(27648K), 0.0032201 secs] [Times: user=0.00 sys=0.00, real=0.00 secs] 
2014-07-09T15:44:52.929+0200: 101.752: [GC [PSYoungGen: 10060K->1856K(11264K)] 22172K->13976K(27648K), 0.0012055 secs] [Times: user=0.00 sys=0.00, real=0.00 secs] 
2014-07-09T15:44:52.933+0200: 101.757: [GC [PSYoungGen: 7977K->5090K(11264K)] 20097K->20043K(27648K), 0.0210945 secs] [Times: user=0.00 sys=0.00, real=0.02 secs] 
2014-07-09T15:44:52.954+0200: 101.778: [Full GC [PSYoungGen: 5090K->0K(11264K)] [ParOldGen: 14953K->8495K(16384K)] 20043K->8495K(27648K) [PSPermGen: 2476K->2476K(21504K)], 0.0281807 secs] [Times: user=0.03 sys=0.00, real=0.03 secs] 
2014-07-09T15:44:52.985+0200: 101.809: [GC [PSYoungGen: 6122K->5090K(11264K)] 14617K->14385K(27648K), 0.0045935 secs] [Times: user=0.00 sys=0.00, real=0.01 secs] 
2014-07-09T15:44:52.992+0200: 101.816: [GC [PSYoungGen: 11213K->3809K(11264K)] 20508K->13113K(27648K), 0.0029748 secs] [Times: user=0.00 sys=0.00, real=0.00 secs] 
2014-07-09T15:44:53.028+0200: 101.852: [GC [PSYoungGen: 9938K->704K(11264K)] 19241K->10015K(27648K), 0.0007087 secs] [Times: user=0.00 sys=0.00, real=0.00 secs] 
2014-07-09T15:44:53.031+0200: 101.855: [GC [PSYoungGen: 6825K->5090K(11264K)] 16136K->16082K(27648K), 0.0051988 secs] [Times: user=0.00 sys=0.00, real=0.01 secs] 
2014-07-09T15:44:53.079+0200: 101.903: [GC [PSYoungGen: 11213K->4738K(11264K)] 22205K->15730K(27648K), 0.0033462 secs] [Times: user=0.00 sys=0.00, real=0.00 secs] 
2014-07-09T15:44:53.084+0200: 101.908: [GC [PSYoungGen: 10861K->2657K(11264K)] 21853K->13657K(27648K), 0.0023442 secs] [Times: user=0.00 sys=0.02, real=0.00 secs] 
2014-07-09T15:44:53.128+0200: 101.952: [GC [PSYoungGen: 8780K->576K(11264K)] 19780K->11584K(27648K), 0.0007208 secs] [Times: user=0.00 sys=0.00, real=0.00 secs] 
2014-07-09T15:44:53.131+0200: 101.955: [GC [PSYoungGen: 6697K->5090K(11264K)] 17705K->17651K(27648K), 0.0050774 secs] [Times: user=0.00 sys=0.00, real=0.00 secs] 
2014-07-09T15:44:53.181+0200: 102.005: [GC [PSYoungGen: 11213K->4610K(11264K)] 23774K->17171K(27648K), 0.0055390 secs] [Times: user=0.00 sys=0.00, real=0.01 secs] 
2014-07-09T15:44:53.191+0200: 102.015: [GC [PSYoungGen: 10733K->2529K(11264K)] 23294K->15098K(27648K), 0.0038829 secs] [Times: user=0.03 sys=0.00, real=0.00 secs] 
2014-07-09T15:44:53.228+0200: 102.052: [GC [PSYoungGen: 8652K->416K(11264K)] 21221K->12993K(27648K), 0.0113863 secs] [Times: user=0.00 sys=0.00, real=0.01 secs] 
2014-07-09T15:44:53.245+0200: 102.069: [GC [PSYoungGen: 6537K->5090K(11264K)] 19114K->19092K(27648K), 0.0092426 secs] [Times: user=0.00 sys=0.00, real=0.01 secs] 
2014-07-09T15:44:53.255+0200: 102.078: [Full GC [PSYoungGen: 5090K->0K(11264K)] [ParOldGen: 14001K->7086K(16384K)] 19092K->7086K(27648K) [PSPermGen: 2476K->2476K(21504K)], 0.0118064 secs] [Times: user=0.02 sys=0.00, real=0.01 secs] 
2014-07-09T15:44:53.280+0200: 102.104: [GC [PSYoungGen: 6122K->4482K(11264K)] 13209K->11569K(27648K), 0.0032116 secs] [Times: user=0.00 sys=0.00, real=0.00 secs] 
2014-07-09T15:44:53.286+0200: 102.109: [GC [PSYoungGen: 10605K->2401K(11264K)] 17692K->9496K(27648K), 0.0021840 secs] [Times: user=0.03 sys=0.00, real=0.00 secs] 
2014-07-09T15:44:53.291+0200: 102.114: [GC [PSYoungGen: 8543K->320K(11264K)] 15637K->7422K(27648K), 0.0009353 secs] [Times: user=0.00 sys=0.00, real=0.00 secs] 
2014-07-09T15:44:53.329+0200: 102.153: [GC [PSYoungGen: 6443K->4258K(11264K)] 13546K->11368K(27648K), 0.0029275 secs] [Times: user=0.00 sys=0.00, real=0.00 secs] 
2014-07-09T15:44:53.379+0200: 102.203: [GC [PSYoungGen: 10381K->2177K(11264K)] 17491K->9295K(27648K), 0.0026485 secs] [Times: user=0.03 sys=0.00, real=0.00 secs] 
2014-07-09T15:44:53.386+0200: 102.210: [GC [PSYoungGen: 8300K->96K(11264K)] 15418K->7222K(27648K), 0.0014031 secs] [Times: user=0.00 sys=0.00, real=0.00 secs] 
2014-07-09T15:44:53.392+0200: 102.216: [GC [PSYoungGen: 6217K->5090K(11264K)] 13343K->13289K(27648K), 0.0086252 secs] [Times: user=0.03 sys=0.00, real=0.01 secs] 
2014-07-09T15:44:53.429+0200: 102.253: [GC [PSYoungGen: 11211K->4129K(11264K)] 19410K->12329K(27648K), 0.0035192 secs] [Times: user=0.00 sys=0.00, real=0.00 secs] 
2014-07-09T15:44:53.479+0200: 102.303: [GC [PSYoungGen: 10250K->2048K(11264K)] 18450K->10256K(27648K), 0.0018166 secs] [Times: user=0.00 sys=0.00, real=0.00 secs] 
2014-07-09T15:44:53.484+0200: 102.308: [GC [PSYoungGen: 8169K->5090K(11264K)] 16377K->16315K(27648K), 0.0330553 secs] [Times: user=0.03 sys=0.00, real=0.03 secs] 
2014-07-09T15:44:53.520+0200: 102.344: [GC [PSYoungGen: 11213K->5090K(11264K)] 22438K->17275K(27648K), 0.0095279 secs] [Times: user=0.02 sys=0.00, real=0.01 secs] 
2014-07-09T15:44:53.533+0200: 102.357: [GC [PSYoungGen: 11213K->4001K(11264K)] 23398K->16195K(27648K), 0.0028362 secs] [Times: user=0.00 sys=0.00, real=0.00 secs] 
2014-07-09T15:44:53.578+0200: 102.402: [GC [PSYoungGen: 10130K->896K(11264K)] 22323K->13097K(27648K), 0.0006379 secs] [Times: user=0.00 sys=0.00, real=0.00 secs] 
2014-07-09T15:44:53.580+0200: 102.404: [GC [PSYoungGen: 7017K->5090K(11264K)] 19218K->19164K(27648K), 0.0054415 secs] [Times: user=0.03 sys=0.00, real=0.01 secs] 
2014-07-09T15:44:53.586+0200: 102.410: [Full GC [PSYoungGen: 5090K->0K(11264K)] [ParOldGen: 14074K->7537K(16384K)] 19164K->7537K(27648K) [PSPermGen: 2476K->2476K(21504K)], 0.0148080 secs] [Times: user=0.03 sys=0.00, real=0.02 secs] 
2014-07-09T15:44:53.604+0200: 102.428: [GC [PSYoungGen: 6122K->4930K(11264K)] 13660K->12468K(27648K), 0.0036439 secs] [Times: user=0.00 sys=0.00, real=0.00 secs] 
2014-07-09T15:44:53.629+0200: 102.453: [GC [PSYoungGen: 11053K->2849K(11264K)] 18591K->10395K(27648K), 0.0020912 secs] [Times: user=0.03 sys=0.00, real=0.00 secs] 
2014-07-09T15:44:53.678+0200: 102.502: [GC [PSYoungGen: 8972K->768K(11264K)] 16518K->8322K(27648K), 0.0015457 secs] [Times: user=0.00 sys=0.00, real=0.00 secs] 
2014-07-09T15:44:53.684+0200: 102.507: [GC [PSYoungGen: 6889K->5090K(11264K)] 14443K->14389K(27648K), 0.0087569 secs] [Times: user=0.00 sys=0.02, real=0.01 secs] 
2014-07-09T15:44:53.698+0200: 102.521: [GC [PSYoungGen: 11213K->4802K(11264K)] 20512K->14101K(27648K), 0.0079877 secs] [Times: user=0.00 sys=0.00, real=0.01 secs] 
2014-07-09T15:44:53.729+0200: 102.553: [GC [PSYoungGen: 10925K->2721K(11264K)] 20224K->12028K(27648K), 0.0015868 secs] [Times: user=0.00 sys=0.00, real=0.00 secs] 
2014-07-09T15:44:53.779+0200: 102.602: [GC [PSYoungGen: 8844K->640K(11264K)] 18151K->9955K(27648K), 0.0015329 secs] [Times: user=0.00 sys=0.00, real=0.00 secs] 
2014-07-09T15:44:53.784+0200: 102.608: [GC [PSYoungGen: 6761K->5090K(11264K)] 16076K->16022K(27648K), 0.0087554 secs] [Times: user=0.03 sys=0.00, real=0.01 secs] 
2014-07-09T15:44:53.797+0200: 102.621: [GC [PSYoungGen: 11222K->3137K(11264K)] 22154K->14069K(27648K), 0.0040431 secs] [Times: user=0.00 sys=0.00, real=0.00 secs] 
2014-07-09T15:44:53.829+0200: 102.652: [GC [PSYoungGen: 9260K->1056K(11264K)] 20192K->11996K(27648K), 0.0017385 secs] [Times: user=0.00 sys=0.00, real=0.00 secs] 
2014-07-09T15:44:53.834+0200: 102.658: [GC [PSYoungGen: 7177K->5090K(11264K)] 18117K->18063K(27648K), 0.0095026 secs] [Times: user=0.00 sys=0.00, real=0.01 secs] 
2014-07-09T15:44:53.882+0200: 102.706: [GC [PSYoungGen: 11213K->5090K(11264K)] 24185K->18062K(27648K), 0.0047793 secs] [Times: user=0.00 sys=0.00, real=0.01 secs] 
2014-07-09T15:44:53.890+0200: 102.714: [GC [PSYoungGen: 11213K->3009K(11264K)] 24185K->15989K(27648K), 0.0024447 secs] [Times: user=0.00 sys=0.00, real=0.00 secs] 
2014-07-09T15:44:53.928+0200: 102.752: [GC [PSYoungGen: 9132K->928K(11264K)] 22112K->13916K(27648K), 0.0010727 secs] [Times: user=0.00 sys=0.00, real=0.00 secs] 
2014-07-09T15:44:53.932+0200: 102.756: [GC [PSYoungGen: 7049K->5090K(11264K)] 20037K->19983K(27648K), 0.0052622 secs] [Times: user=0.00 sys=0.00, real=0.01 secs] 
2014-07-09T15:44:53.938+0200: 102.761: [Full GC [PSYoungGen: 5090K->0K(11264K)] [ParOldGen: 14893K->7571K(16384K)] 19983K->7571K(27648K) [PSPermGen: 2476K->2476K(21504K)], 0.0101057 secs] [Times: user=0.01 sys=0.00, real=0.01 secs] 
2014-07-09T15:44:53.981+0200: 102.804: [GC [PSYoungGen: 6122K->4930K(11264K)] 13694K->12501K(27648K), 0.0049381 secs] [Times: user=0.00 sys=0.00, real=0.01 secs] 
2014-07-09T15:44:53.991+0200: 102.814: [GC [PSYoungGen: 11053K->2881K(11264K)] 18624K->10460K(27648K), 0.0021550 secs] [Times: user=0.00 sys=0.00, real=0.00 secs] 
2014-07-09T15:44:54.028+0200: 102.852: [GC [PSYoungGen: 9004K->800K(11264K)] 16583K->8387K(27648K), 0.0006845 secs] [Times: user=0.00 sys=0.00, real=0.00 secs] 
2014-07-09T15:44:54.031+0200: 102.854: [GC [PSYoungGen: 6921K->5090K(11264K)] 14508K->14454K(27648K), 0.0053311 secs] [Times: user=0.03 sys=0.00, real=0.01 secs] 
2014-07-09T15:44:54.079+0200: 102.902: [GC [PSYoungGen: 11222K->3297K(11264K)] 20586K->12661K(27648K), 0.0017866 secs] [Times: user=0.00 sys=0.00, real=0.00 secs] 
2014-07-09T15:44:54.083+0200: 102.907: [GC [PSYoungGen: 9420K->1216K(11264K)] 18784K->10588K(27648K), 0.0011215 secs] [Times: user=0.00 sys=0.00, real=0.00 secs] 
2014-07-09T15:44:54.087+0200: 102.910: [GC [PSYoungGen: 7337K->5090K(11264K)] 16709K->16655K(27648K), 0.0057773 secs] [Times: user=0.00 sys=0.00, real=0.01 secs] 
2014-07-09T15:44:54.131+0200: 102.955: [GC [PSYoungGen: 11213K->5090K(11264K)] 22778K->16815K(27648K), 0.0065028 secs] [Times: user=0.00 sys=0.00, real=0.01 secs] 
2014-07-09T15:44:54.179+0200: 103.003: [GC [PSYoungGen: 11213K->3169K(11264K)] 22938K->14902K(27648K), 0.0018555 secs] [Times: user=0.00 sys=0.00, real=0.00 secs] 
2014-07-09T15:44:54.183+0200: 103.007: [GC [PSYoungGen: 9292K->1088K(11264K)] 21025K->12829K(27648K), 0.0013386 secs] [Times: user=0.00 sys=0.00, real=0.00 secs] 
2014-07-09T15:44:54.188+0200: 103.011: [GC [PSYoungGen: 7209K->5090K(11264K)] 18950K->18896K(27648K), 0.0059965 secs] [Times: user=0.03 sys=0.00, real=0.01 secs] 
2014-07-09T15:44:54.195+0200: 103.018: [Full GC [PSYoungGen: 5090K->0K(11264K)] [ParOldGen: 13806K->7732K(16384K)] 18896K->7732K(27648K) [PSPermGen: 2476K->2476K(21504K)], 0.0131652 secs] [Times: user=0.00 sys=0.00, real=0.01 secs] 
2014-07-09T15:44:54.229+0200: 103.052: [GC [PSYoungGen: 6122K->5090K(11264K)] 13855K->12854K(27648K), 0.0037832 secs] [Times: user=0.00 sys=0.00, real=0.00 secs] 
2014-07-09T15:44:54.280+0200: 103.103: [GC [PSYoungGen: 11213K->3041K(11264K)] 18977K->10813K(27648K), 0.0037374 secs] [Times: user=0.00 sys=0.00, real=0.00 secs] 
2014-07-09T15:44:54.289+0200: 103.112: [GC [PSYoungGen: 9164K->960K(11264K)] 16936K->8740K(27648K), 0.0019717 secs] [Times: user=0.00 sys=0.00, real=0.00 secs] 
2014-07-09T15:44:54.296+0200: 103.119: [GC [PSYoungGen: 7081K->5090K(11264K)] 14861K->14807K(27648K), 0.0092811 secs] [Times: user=0.03 sys=0.00, real=0.01 secs] 
2014-07-09T15:44:54.329+0200: 103.151: [GC [PSYoungGen: 11228K->3329K(11264K)] 20945K->13046K(27648K), 0.0026353 secs] [Times: user=0.00 sys=0.00, real=0.00 secs] 
2014-07-09T15:44:54.379+0200: 103.202: [GC [PSYoungGen: 9452K->1248K(11264K)] 19169K->10973K(27648K), 0.0020806 secs] [Times: user=0.03 sys=0.00, real=0.00 secs] 
2014-07-09T15:44:54.385+0200: 103.208: [GC [PSYoungGen: 7369K->5090K(11264K)] 17094K->17040K(27648K), 0.0093119 secs] [Times: user=0.00 sys=0.00, real=0.01 secs] 
2014-07-09T15:44:54.399+0200: 103.222: [GC [PSYoungGen: 11213K->5090K(11264K)] 23163K->17232K(27648K), 0.0070289 secs] [Times: user=0.00 sys=0.00, real=0.01 secs] 
2014-07-09T15:44:54.429+0200: 103.251: [GC [PSYoungGen: 11213K->3201K(11264K)] 23355K->15351K(27648K), 0.0020458 secs] [Times: user=0.00 sys=0.00, real=0.00 secs] 
2014-07-09T15:44:54.478+0200: 103.301: [GC [PSYoungGen: 9324K->1120K(11264K)] 21474K->13278K(27648K), 0.0027882 secs] [Times: user=0.00 sys=0.00, real=0.00 secs] 
2014-07-09T15:44:54.485+0200: 103.308: [GC [PSYoungGen: 7241K->5090K(11264K)] 19399K->19345K(27648K), 0.0094237 secs] [Times: user=0.03 sys=0.00, real=0.01 secs] 
2014-07-09T15:44:54.495+0200: 103.318: [Full GC [PSYoungGen: 5090K->0K(11264K)] [ParOldGen: 14255K->7765K(16384K)] 19345K->7765K(27648K) [PSPermGen: 2476K->2476K(21504K)], 0.0243531 secs] [Times: user=0.01 sys=0.00, real=0.02 secs] 
2014-07-09T15:44:54.522+0200: 103.345: [GC [PSYoungGen: 6122K->5090K(11264K)] 13888K->12920K(27648K), 0.0041535 secs] [Times: user=0.00 sys=0.00, real=0.00 secs] 
2014-07-09T15:44:54.529+0200: 103.352: [GC [PSYoungGen: 11213K->3073K(11264K)] 19043K->10911K(27648K), 0.0024593 secs] [Times: user=0.00 sys=0.00, real=0.00 secs] 
2014-07-09T15:44:54.534+0200: 103.357: [GC [PSYoungGen: 9215K->1280K(11264K)] 17053K->9125K(27648K), 0.0011083 secs] [Times: user=0.00 sys=0.00, real=0.00 secs] 
2014-07-09T15:44:54.583+0200: 103.406: [GC [PSYoungGen: 7419K->5090K(11264K)] 15265K->13936K(27648K), 0.0238706 secs] [Times: user=0.01 sys=0.00, real=0.02 secs] 
2014-07-09T15:44:54.610+0200: 103.433: [GC [PSYoungGen: 11213K->4033K(11264K)] 20059K->12888K(27648K), 0.0031977 secs] [Times: user=0.00 sys=0.00, real=0.00 secs] 
2014-07-09T15:44:54.628+0200: 103.451: [GC [PSYoungGen: 10156K->1920K(11264K)] 19011K->10783K(27648K), 0.0018441 secs] [Times: user=0.01 sys=0.00, real=0.00 secs] 
2014-07-09T15:44:54.633+0200: 103.455: [GC [PSYoungGen: 8041K->5090K(11264K)] 16904K->16882K(27648K), 0.0058807 secs] [Times: user=0.00 sys=0.00, real=0.01 secs] 
2014-07-09T15:44:54.682+0200: 103.504: [GC [PSYoungGen: 11213K->5090K(11264K)] 23005K->17778K(27648K), 0.0075914 secs] [Times: user=0.00 sys=0.00, real=0.01 secs] 
2014-07-09T15:44:54.694+0200: 103.516: [GC [PSYoungGen: 11213K->3905K(11264K)] 23901K->16602K(27648K), 0.0055470 secs] [Times: user=0.00 sys=0.00, real=0.00 secs] 
2014-07-09T15:44:54.729+0200: 103.552: [GC [PSYoungGen: 10028K->1824K(11264K)] 22725K->14529K(27648K), 0.0023464 secs] [Times: user=0.00 sys=0.00, real=0.00 secs] 
2014-07-09T15:44:54.736+0200: 103.559: [GC [PSYoungGen: 7945K->5090K(11264K)] 20650K->20596K(27648K), 0.0105621 secs] [Times: user=0.03 sys=0.00, real=0.01 secs] 
2014-07-09T15:44:54.747+0200: 103.570: [Full GC [PSYoungGen: 5090K->0K(11264K)] [ParOldGen: 15505K->8470K(16384K)] 20596K->8470K(27648K) [PSPermGen: 2476K->2476K(21504K)], 0.0165894 secs] [Times: user=0.02 sys=0.00, real=0.02 secs] 
2014-07-09T15:44:54.780+0200: 103.603: [GC [PSYoungGen: 6122K->5090K(11264K)] 14593K->14329K(27648K), 0.0045436 secs] [Times: user=0.00 sys=0.00, real=0.01 secs] 
2014-07-09T15:44:54.787+0200: 103.610: [GC [PSYoungGen: 11224K->2241K(11264K)] 20463K->11488K(27648K), 0.0017704 secs] [Times: user=0.00 sys=0.00, real=0.00 secs] 
2014-07-09T15:44:54.791+0200: 103.614: [GC [PSYoungGen: 8384K->160K(11264K)] 17631K->9415K(27648K), 0.0008715 secs] [Times: user=0.00 sys=0.00, real=0.00 secs] 
2014-07-09T15:44:54.830+0200: 103.652: [GC [PSYoungGen: 6298K->5090K(11264K)] 15553K->15058K(27648K), 0.0045231 secs] [Times: user=0.03 sys=0.00, real=0.00 secs] 
2014-07-09T15:44:54.879+0200: 103.702: [GC [PSYoungGen: 11213K->3713K(11264K)] 21181K->13689K(27648K), 0.0029389 secs] [Times: user=0.00 sys=0.00, real=0.00 secs] 
2014-07-09T15:44:54.885+0200: 103.708: [GC [PSYoungGen: 9836K->1632K(11264K)] 19812K->11616K(27648K), 0.0014753 secs] [Times: user=0.00 sys=0.00, real=0.00 secs] 
2014-07-09T15:44:54.890+0200: 103.712: [GC [PSYoungGen: 7753K->5090K(11264K)] 17737K->17683K(27648K), 0.0069707 secs] [Times: user=0.03 sys=0.00, real=0.01 secs] 
2014-07-09T15:44:54.930+0200: 103.753: [GC [PSYoungGen: 11213K->5090K(11264K)] 23806K->18259K(27648K), 0.0043390 secs] [Times: user=0.00 sys=0.00, real=0.00 secs] 
2014-07-09T15:44:54.979+0200: 103.801: [GC [PSYoungGen: 11213K->3585K(11264K)] 24382K->16762K(27648K), 0.0032787 secs] [Times: user=0.00 sys=0.00, real=0.00 secs] 
2014-07-09T15:44:54.984+0200: 103.807: [GC [PSYoungGen: 9708K->1504K(11264K)] 22885K->14689K(27648K), 0.0015985 secs] [Times: user=0.00 sys=0.00, real=0.00 secs] 
2014-07-09T15:44:54.988+0200: 103.811: [GC [PSYoungGen: 7625K->5090K(11264K)] 20810K->20756K(27648K), 0.0056882 secs] [Times: user=0.03 sys=0.00, real=0.01 secs] 
2014-07-09T15:44:54.994+0200: 103.817: [Full GC [PSYoungGen: 5090K->0K(11264K)] [ParOldGen: 15666K->8152K(16384K)] 20756K->8152K(27648K) [PSPermGen: 2476K->2476K(21504K)], 0.0106138 secs] [Times: user=0.03 sys=0.00, real=0.01 secs] 
2014-07-09T15:44:55.029+0200: 103.852: [GC [PSYoungGen: 6128K->4514K(11264K)] 14280K->12666K(27648K), 0.0035075 secs] [Times: user=0.00 sys=0.00, real=0.00 secs] 
2014-07-09T15:44:55.078+0200: 103.901: [GC [PSYoungGen: 10637K->2433K(11264K)] 18789K->10593K(27648K), 0.0014914 secs] [Times: user=0.00 sys=0.00, real=0.00 secs] 
2014-07-09T15:44:55.088+0200: 103.911: [GC [PSYoungGen: 8556K->352K(11264K)] 16716K->8520K(27648K), 0.0005745 secs] [Times: user=0.00 sys=0.00, real=0.00 secs] 
2014-07-09T15:44:55.091+0200: 103.914: [GC [PSYoungGen: 6473K->5090K(11264K)] 14641K->14587K(27648K), 0.0050437 secs] [Times: user=0.00 sys=0.00, real=0.00 secs] 
2014-07-09T15:44:55.132+0200: 103.955: [GC [PSYoungGen: 11213K->4354K(11264K)] 20710K->13851K(27648K), 0.0171405 secs] [Times: user=0.02 sys=0.00, real=0.02 secs] 
2014-07-09T15:44:55.178+0200: 104.001: [GC [PSYoungGen: 10477K->2305K(11264K)] 19974K->11810K(27648K), 0.0011439 secs] [Times: user=0.00 sys=0.00, real=0.00 secs] 
2014-07-09T15:44:55.182+0200: 104.005: [GC [PSYoungGen: 8428K->224K(11264K)] 17933K->9737K(27648K), 0.0006933 secs] [Times: user=0.00 sys=0.00, real=0.00 secs] 
2014-07-09T15:44:55.185+0200: 104.008: [GC [PSYoungGen: 6345K->5090K(11264K)] 15858K->15804K(27648K), 0.0049271 secs] [Times: user=0.00 sys=0.00, real=0.01 secs] 
2014-07-09T15:44:55.229+0200: 104.052: [GC [PSYoungGen: 11213K->4258K(11264K)] 21927K->14971K(27648K), 0.0029979 secs] [Times: user=0.00 sys=0.00, real=0.00 secs] 
2014-07-09T15:44:55.279+0200: 104.102: [GC [PSYoungGen: 10381K->2177K(11264K)] 21094K->12898K(27648K), 0.0026929 secs] [Times: user=0.00 sys=0.00, real=0.00 secs] 
2014-07-09T15:44:55.287+0200: 104.110: [GC [PSYoungGen: 8300K->64K(11264K)] 19021K->10793K(27648K), 0.0014463 secs] [Times: user=0.00 sys=0.00, real=0.00 secs] 
2014-07-09T15:44:55.294+0200: 104.117: [GC [PSYoungGen: 6185K->5090K(11264K)] 16914K->16892K(27648K), 0.0059324 secs] [Times: user=0.00 sys=0.00, real=0.01 secs] 
2014-07-09T15:44:55.328+0200: 104.151: [GC [PSYoungGen: 11227K->2433K(11264K)] 23029K->14235K(27648K), 0.0030738 secs] [Times: user=0.00 sys=0.01, real=0.00 secs] 
2014-07-09T15:44:55.378+0200: 104.201: [GC [PSYoungGen: 8556K->384K(11264K)] 20358K->12194K(27648K), 0.0005620 secs] [Times: user=0.00 sys=0.00, real=0.00 secs] 
2014-07-09T15:44:55.380+0200: 104.203: [GC [PSYoungGen: 6505K->5090K(11264K)] 18315K->18261K(27648K), 0.0048662 secs] [Times: user=0.00 sys=0.00, real=0.00 secs] 
2014-07-09T15:44:55.387+0200: 104.210: [GC [PSYoungGen: 11213K->4418K(11264K)] 24384K->17588K(27648K), 0.0034217 secs] [Times: user=0.00 sys=0.00, real=0.00 secs] 
2014-07-09T15:44:55.428+0200: 104.251: [GC [PSYoungGen: 10541K->2337K(11264K)] 23711K->15515K(27648K), 0.0011285 secs] [Times: user=0.00 sys=0.00, real=0.00 secs] 
2014-07-09T15:44:55.478+0200: 104.301: [GC [PSYoungGen: 8460K->256K(11264K)] 21638K->13442K(27648K), 0.0025110 secs] [Times: user=0.00 sys=0.00, real=0.00 secs] 
2014-07-09T15:44:55.484+0200: 104.307: [GC [PSYoungGen: 6377K->5090K(11264K)] 19563K->19509K(27648K), 0.0089699 secs] [Times: user=0.03 sys=0.00, real=0.01 secs] 
2014-07-09T15:44:55.494+0200: 104.317: [Full GC [PSYoungGen: 5090K->0K(11264K)] [ParOldGen: 14419K->6906K(16384K)] 19509K->6906K(27648K) [PSPermGen: 2476K->2476K(21504K)], 0.0180647 secs] [Times: user=0.01 sys=0.00, real=0.02 secs] 
2014-07-09T15:44:55.516+0200: 104.339: [GC [PSYoungGen: 6122K->4258K(11264K)] 13029K->11164K(27648K), 0.0076995 secs] [Times: user=0.02 sys=0.00, real=0.01 secs] 
2014-07-09T15:44:55.528+0200: 104.351: [GC [PSYoungGen: 10381K->2209K(11264K)] 17287K->9123K(27648K), 0.0018544 secs] [Times: user=0.00 sys=0.00, real=0.00 secs] 
2014-07-09T15:44:55.533+0200: 104.356: [GC [PSYoungGen: 8348K->128K(11264K)] 15262K->7050K(27648K), 0.0007025 secs] [Times: user=0.00 sys=0.00, real=0.00 secs] 
2014-07-09T15:44:55.581+0200: 104.404: [GC [PSYoungGen: 6244K->4706K(11264K)] 13166K->11636K(27648K), 0.0055368 secs] [Times: user=0.00 sys=0.00, real=0.00 secs] 
2014-07-09T15:44:55.591+0200: 104.414: [GC [PSYoungGen: 10829K->2625K(11264K)] 17759K->9563K(27648K), 0.0034448 secs] [Times: user=0.00 sys=0.00, real=0.00 secs] 
2014-07-09T15:44:55.628+0200: 104.451: [GC [PSYoungGen: 8748K->512K(11264K)] 15686K->7458K(27648K), 0.0021895 secs] [Times: user=0.00 sys=0.00, real=0.00 secs] 
2014-07-09T15:44:55.632+0200: 104.455: [GC [PSYoungGen: 6633K->5090K(11264K)] 13579K->13549K(27648K), 0.0056130 secs] [Times: user=0.00 sys=0.00, real=0.01 secs] 
2014-07-09T15:44:55.690+0200: 104.513: [GC [PSYoungGen: 11213K->4578K(11264K)] 19672K->13036K(27648K), 0.0034620 secs] [Times: user=0.03 sys=0.00, real=0.00 secs] 
2014-07-09T15:44:55.696+0200: 104.519: [GC [PSYoungGen: 10701K->2497K(11264K)] 19159K->10963K(27648K), 0.0022163 secs] [Times: user=0.00 sys=0.00, real=0.00 secs] 
2014-07-09T15:44:55.728+0200: 104.551: [GC [PSYoungGen: 8620K->416K(11264K)] 17086K->8890K(27648K), 0.0005477 secs] [Times: user=0.00 sys=0.00, real=0.00 secs] 
2014-07-09T15:44:55.730+0200: 104.553: [GC [PSYoungGen: 6537K->5090K(11264K)] 15011K->14957K(27648K), 0.0048710 secs] [Times: user=0.00 sys=0.00, real=0.00 secs] 
2014-07-09T15:44:55.780+0200: 104.603: [GC [PSYoungGen: 11213K->4450K(11264K)] 21080K->14317K(27648K), 0.0060827 secs] [Times: user=0.03 sys=0.00, real=0.01 secs] 
2014-07-09T15:44:55.794+0200: 104.617: [GC [PSYoungGen: 10573K->2369K(11264K)] 20440K->12244K(27648K), 0.0044420 secs] [Times: user=0.00 sys=0.00, real=0.00 secs] 
2014-07-09T15:44:55.803+0200: 104.626: [GC [PSYoungGen: 8512K->320K(11264K)] 18388K->10203K(27648K), 0.0016931 secs] [Times: user=0.00 sys=0.00, real=0.00 secs] 
2014-07-09T15:44:55.830+0200: 104.652: [GC [PSYoungGen: 6463K->4898K(11264K)] 16346K->14789K(27648K), 0.0040252 secs] [Times: user=0.03 sys=0.00, real=0.00 secs] 
2014-07-09T15:44:55.879+0200: 104.702: [GC [PSYoungGen: 11021K->2817K(11264K)] 20912K->12716K(27648K), 0.0021055 secs] [Times: user=0.00 sys=0.00, real=0.00 secs] 
2014-07-09T15:44:55.884+0200: 104.707: [GC [PSYoungGen: 8940K->736K(11264K)] 18839K->10643K(27648K), 0.0011325 secs] [Times: user=0.00 sys=0.00, real=0.00 secs] 
2014-07-09T15:44:55.888+0200: 104.711: [GC [PSYoungGen: 6857K->5090K(11264K)] 16764K->16710K(27648K), 0.0057861 secs] [Times: user=0.03 sys=0.00, real=0.01 secs] 
2014-07-09T15:44:55.930+0200: 104.753: [GC [PSYoungGen: 11213K->4770K(11264K)] 22833K->16390K(27648K), 0.0038140 secs] [Times: user=0.00 sys=0.00, real=0.00 secs] 
2014-07-09T15:44:55.978+0200: 104.801: [GC [PSYoungGen: 10893K->2689K(11264K)] 22513K->14317K(27648K), 0.0016964 secs] [Times: user=0.00 sys=0.00, real=0.00 secs] 
2014-07-09T15:44:55.984+0200: 104.807: [GC [PSYoungGen: 8812K->576K(11264K)] 20440K->12212K(27648K), 0.0022463 secs] [Times: user=0.00 sys=0.00, real=0.00 secs] 
2014-07-09T15:44:55.990+0200: 104.812: [GC [PSYoungGen: 6697K->5090K(11264K)] 18333K->18311K(27648K), 0.0056787 secs] [Times: user=0.00 sys=0.00, real=0.00 secs] 
2014-07-09T15:44:56.029+0200: 104.852: [GC [PSYoungGen: 11213K->4642K(11264K)] 24434K->17863K(27648K), 0.0039467 secs] [Times: user=0.00 sys=0.00, real=0.00 secs] 
2014-07-09T15:44:56.079+0200: 104.901: [GC [PSYoungGen: 10768K->1536K(11264K)] 23989K->14765K(27648K), 0.0020289 secs] [Times: user=0.02 sys=0.00, real=0.00 secs] 
2014-07-09T15:44:56.085+0200: 104.908: [GC [PSYoungGen: 7657K->5090K(11264K)] 20886K->20832K(27648K), 0.0094509 secs] [Times: user=0.00 sys=0.00, real=0.01 secs] 
2014-07-09T15:44:56.095+0200: 104.918: [Full GC [PSYoungGen: 5090K->0K(11264K)] [ParOldGen: 15742K->8189K(16384K)] 20832K->8189K(27648K) [PSPermGen: 2476K->2476K(21504K)], 0.0192823 secs] [Times: user=0.06 sys=0.00, real=0.02 secs] 
2014-07-09T15:44:56.117+0200: 104.940: [GC [PSYoungGen: 6122K->5090K(11264K)] 14312K->13760K(27648K), 0.0043643 secs] [Times: user=0.00 sys=0.00, real=0.00 secs] 
2014-07-09T15:44:56.129+0200: 104.952: [GC [PSYoungGen: 11213K->3489K(11264K)] 19883K->12167K(27648K), 0.0034411 secs] [Times: user=0.00 sys=0.00, real=0.00 secs] 
2014-07-09T15:44:56.179+0200: 105.002: [GC [PSYoungGen: 9612K->1408K(11264K)] 18290K->10094K(27648K), 0.0022698 secs] [Times: user=0.00 sys=0.00, real=0.00 secs] 
2014-07-09T15:44:56.185+0200: 105.008: [GC [PSYoungGen: 7529K->5090K(11264K)] 16215K->16161K(27648K), 0.0096690 secs] [Times: user=0.03 sys=0.00, real=0.01 secs] 
2014-07-09T15:44:56.202+0200: 105.024: [GC [PSYoungGen: 11213K->5090K(11264K)] 22284K->16481K(27648K), 0.0134368 secs] [Times: user=0.02 sys=0.00, real=0.01 secs] 
2014-07-09T15:44:56.229+0200: 105.052: [GC [PSYoungGen: 11213K->3361K(11264K)] 22604K->14760K(27648K), 0.0025620 secs] [Times: user=0.00 sys=0.00, real=0.00 secs] 
2014-07-09T15:44:56.278+0200: 105.101: [GC [PSYoungGen: 9484K->1280K(11264K)] 20883K->12687K(27648K), 0.0007912 secs] [Times: user=0.00 sys=0.00, real=0.00 secs] 
2014-07-09T15:44:56.281+0200: 105.104: [GC [PSYoungGen: 7401K->5090K(11264K)] 18808K->18754K(27648K), 0.0054349 secs] [Times: user=0.03 sys=0.00, real=0.01 secs] 
2014-07-09T15:44:56.287+0200: 105.110: [Full GC [PSYoungGen: 5090K->0K(11264K)] [ParOldGen: 13664K->7933K(16384K)] 18754K->7933K(27648K) [PSPermGen: 2476K->2476K(21504K)], 0.0107055 secs] [Times: user=0.00 sys=0.00, real=0.01 secs] 
2014-07-09T15:44:56.300+0200: 105.123: [GC [PSYoungGen: 6122K->5090K(11264K)] 14056K->13247K(27648K), 0.0037696 secs] [Times: user=0.00 sys=0.00, real=0.00 secs] 
2014-07-09T15:44:56.328+0200: 105.151: [GC [PSYoungGen: 11234K->1056K(11264K)] 19391K->9221K(27648K), 0.0210197 secs] [Times: user=0.00 sys=0.00, real=0.02 secs] 
2014-07-09T15:44:56.353+0200: 105.176: [GC [PSYoungGen: 7177K->5090K(11264K)] 15342K->15288K(27648K), 0.0099920 secs] [Times: user=0.03 sys=0.00, real=0.01 secs] 
2014-07-09T15:44:56.379+0200: 105.202: [GC [PSYoungGen: 11213K->5090K(11264K)] 21411K->15288K(27648K), 0.0042144 secs] [Times: user=0.00 sys=0.00, real=0.01 secs] 
2014-07-09T15:44:56.386+0200: 105.209: [GC [PSYoungGen: 11213K->3009K(11264K)] 21411K->13215K(27648K), 0.0024168 secs] [Times: user=0.00 sys=0.00, real=0.00 secs] 
2014-07-09T15:44:56.428+0200: 105.251: [GC [PSYoungGen: 9132K->928K(11264K)] 19338K->11142K(27648K), 0.0009529 secs] [Times: user=0.00 sys=0.00, real=0.00 secs] 
2014-07-09T15:44:56.431+0200: 105.254: [GC [PSYoungGen: 7049K->5090K(11264K)] 17263K->17209K(27648K), 0.0058484 secs] [Times: user=0.00 sys=0.00, real=0.01 secs] 
2014-07-09T15:44:56.481+0200: 105.304: [GC [PSYoungGen: 11213K->4962K(11264K)] 23332K->17081K(27648K), 0.0070627 secs] [Times: user=0.03 sys=0.00, real=0.01 secs] 
2014-07-09T15:44:56.493+0200: 105.316: [GC [PSYoungGen: 11085K->2881K(11264K)] 23204K->15008K(27648K), 0.0032608 secs] [Times: user=0.00 sys=0.00, real=0.00 secs] 
2014-07-09T15:44:56.528+0200: 105.351: [GC [PSYoungGen: 9004K->800K(11264K)] 21131K->12935K(27648K), 0.0006354 secs] [Times: user=0.00 sys=0.00, real=0.00 secs] 
2014-07-09T15:44:56.531+0200: 105.354: [GC [PSYoungGen: 6921K->5090K(11264K)] 19056K->19002K(27648K), 0.0053531 secs] [Times: user=0.03 sys=0.00, real=0.01 secs] 
2014-07-09T15:44:56.536+0200: 105.359: [Full GC [PSYoungGen: 5090K->0K(11264K)] [ParOldGen: 13912K->7455K(16384K)] 19002K->7455K(27648K) [PSPermGen: 2476K->2476K(21504K)], 0.0102098 secs] [Times: user=0.00 sys=0.00, real=0.01 secs] 
2014-07-09T15:44:56.579+0200: 105.401: [GC [PSYoungGen: 6126K->3809K(11264K)] 13581K->11265K(27648K), 0.0026716 secs] [Times: user=0.03 sys=0.00, real=0.00 secs] 
2014-07-09T15:44:56.584+0200: 105.406: [GC [PSYoungGen: 9932K->1728K(11264K)] 17388K->9192K(27648K), 0.0013602 secs] [Times: user=0.00 sys=0.00, real=0.00 secs] 
2014-07-09T15:44:56.587+0200: 105.410: [GC [PSYoungGen: 7849K->5090K(11264K)] 15313K->15259K(27648K), 0.0060262 secs] [Times: user=0.00 sys=0.00, real=0.01 secs] 
2014-07-09T15:44:56.629+0200: 105.452: [GC [PSYoungGen: 11213K->5090K(11264K)] 21382K->15931K(27648K), 0.0045451 secs] [Times: user=0.00 sys=0.00, real=0.01 secs] 
2014-07-09T15:44:56.680+0200: 105.503: [GC [PSYoungGen: 11213K->3681K(11264K)] 22054K->14530K(27648K), 0.0045190 secs] [Times: user=0.00 sys=0.00, real=0.00 secs] 
2014-07-09T15:44:56.689+0200: 105.512: [GC [PSYoungGen: 9804K->1600K(11264K)] 20653K->12457K(27648K), 0.0026448 secs] [Times: user=0.00 sys=0.00, real=0.00 secs] 
2014-07-09T15:44:56.696+0200: 105.519: [GC [PSYoungGen: 7721K->5090K(11264K)] 18578K->18524K(27648K), 0.0113427 secs] [Times: user=0.03 sys=0.00, real=0.01 secs] 
2014-07-09T15:44:56.708+0200: 105.531: [Full GC [PSYoungGen: 5090K->0K(11264K)] [ParOldGen: 13434K->8256K(16384K)] 18524K->8256K(27648K) [PSPermGen: 2476K->2476K(21504K)], 0.0140179 secs] [Times: user=0.03 sys=0.00, real=0.01 secs] 
2014-07-09T15:44:56.730+0200: 105.553: [GC [PSYoungGen: 6122K->5090K(11264K)] 14379K->13891K(27648K), 0.0044153 secs] [Times: user=0.00 sys=0.00, real=0.00 secs] 
2014-07-09T15:44:56.780+0200: 105.603: [GC [PSYoungGen: 11213K->3521K(11264K)] 20014K->12330K(27648K), 0.0063525 secs] [Times: user=0.01 sys=0.00, real=0.01 secs] 
2014-07-09T15:44:56.792+0200: 105.615: [GC [PSYoungGen: 9644K->1440K(11264K)] 18453K->10257K(27648K), 0.0035174 secs] [Times: user=0.00 sys=0.00, real=0.00 secs] 
2014-07-09T15:44:56.799+0200: 105.622: [GC [PSYoungGen: 7561K->5090K(11264K)] 16378K->16356K(27648K), 0.0053696 secs] [Times: user=0.00 sys=0.00, real=0.01 secs] 
2014-07-09T15:44:56.829+0200: 105.652: [GC [PSYoungGen: 11222K->3969K(11264K)] 22488K->15235K(27648K), 0.0027292 secs] [Times: user=0.00 sys=0.00, real=0.00 secs] 
2014-07-09T15:44:56.878+0200: 105.701: [GC [PSYoungGen: 10092K->1888K(11264K)] 21358K->13162K(27648K), 0.0015879 secs] [Times: user=0.00 sys=0.00, real=0.00 secs] 
2014-07-09T15:44:56.886+0200: 105.709: [GC [PSYoungGen: 8009K->5090K(11264K)] 19283K->19229K(27648K), 0.0052592 secs] [Times: user=0.00 sys=0.01, real=0.01 secs] 
2014-07-09T15:44:56.892+0200: 105.715: [Full GC [PSYoungGen: 5090K->0K(11264K)] [ParOldGen: 14139K->8545K(16384K)] 19229K->8545K(27648K) [PSPermGen: 2476K->2476K(21504K)], 0.0109746 secs] [Times: user=0.00 sys=0.00, real=0.01 secs] 
2014-07-09T15:44:56.906+0200: 105.729: [GC [PSYoungGen: 6122K->5090K(11264K)] 14668K->14467K(27648K), 0.0050704 secs] [Times: user=0.03 sys=0.00, real=0.01 secs] 
2014-07-09T15:44:56.929+0200: 105.752: [GC [PSYoungGen: 11213K->3841K(11264K)] 20590K->13227K(27648K), 0.0031889 secs] [Times: user=0.00 sys=0.00, real=0.00 secs] 
2014-07-09T15:44:56.978+0200: 105.801: [GC [PSYoungGen: 9964K->1760K(11264K)] 19350K->11154K(27648K), 0.0009239 secs] [Times: user=0.00 sys=0.00, real=0.00 secs] 
2014-07-09T15:44:56.981+0200: 105.804: [GC [PSYoungGen: 7881K->5090K(11264K)] 17275K->17221K(27648K), 0.0059668 secs] [Times: user=0.03 sys=0.00, real=0.01 secs] 
2014-07-09T15:44:56.990+0200: 105.813: [GC [PSYoungGen: 11213K->5090K(11264K)] 23344K->17925K(27648K), 0.0043632 secs] [Times: user=0.00 sys=0.00, real=0.00 secs] 
2014-07-09T15:44:57.029+0200: 105.852: [GC [PSYoungGen: 11213K->3713K(11264K)] 24048K->16556K(27648K), 0.0025898 secs] [Times: user=0.02 sys=0.00, real=0.00 secs] 
2014-07-09T15:44:57.078+0200: 105.901: [GC [PSYoungGen: 9848K->64K(11264K)] 22691K->12915K(27648K), 0.0008388 secs] [Times: user=0.01 sys=0.00, real=0.00 secs] 
2014-07-09T15:44:57.081+0200: 105.904: [GC [PSYoungGen: 6185K->5090K(11264K)] 19036K->19014K(27648K), 0.0050290 secs] [Times: user=0.00 sys=0.00, real=0.00 secs] 
2014-07-09T15:44:57.086+0200: 105.909: [Full GC [PSYoungGen: 5090K->0K(11264K)] [ParOldGen: 13923K->6752K(16384K)] 19014K->6752K(27648K) [PSPermGen: 2476K->2476K(21504K)], 0.0128587 secs] [Times: user=0.02 sys=0.00, real=0.01 secs] 
2014-07-09T15:44:57.102+0200: 105.925: [GC [PSYoungGen: 6120K->4129K(11264K)] 12873K->10882K(27648K), 0.0035145 secs] [Times: user=0.00 sys=0.00, real=0.00 secs] 
2014-07-09T15:44:57.128+0200: 105.951: [GC [PSYoungGen: 10250K->2048K(11264K)] 17003K->8809K(27648K), 0.0012513 secs] [Times: user=0.00 sys=0.00, real=0.00 secs] 
2014-07-09T15:44:57.133+0200: 105.956: [GC [PSYoungGen: 8169K->5090K(11264K)] 14930K->14876K(27648K), 0.0063573 secs] [Times: user=0.00 sys=0.00, real=0.01 secs] 
2014-07-09T15:44:57.179+0200: 106.002: [GC [PSYoungGen: 11213K->5090K(11264K)] 20999K->15869K(27648K), 0.0046594 secs] [Times: user=0.00 sys=0.00, real=0.01 secs] 
2014-07-09T15:44:57.186+0200: 106.009: [GC [PSYoungGen: 11213K->4001K(11264K)] 21992K->14788K(27648K), 0.0032850 secs] [Times: user=0.03 sys=0.00, real=0.00 secs] 
2014-07-09T15:44:57.228+0200: 106.051: [GC [PSYoungGen: 10124K->1920K(11264K)] 20911K->12715K(27648K), 0.0011347 secs] [Times: user=0.00 sys=0.00, real=0.00 secs] 
2014-07-09T15:44:57.232+0200: 106.055: [GC [PSYoungGen: 8041K->5090K(11264K)] 18836K->18782K(27648K), 0.0061593 secs] [Times: user=0.03 sys=0.00, real=0.01 secs] 
2014-07-09T15:44:57.238+0200: 106.061: [Full GC [PSYoungGen: 5090K->0K(11264K)] [ParOldGen: 13692K->8577K(16384K)] 18782K->8577K(27648K) [PSPermGen: 2476K->2476K(21504K)], 0.0103366 secs] [Times: user=0.00 sys=0.00, real=0.01 secs] 
2014-07-09T15:44:57.282+0200: 106.105: [GC [PSYoungGen: 6122K->5090K(11264K)] 14700K->14532K(27648K), 0.0077178 secs] [Times: user=0.00 sys=0.00, real=0.01 secs] 
2014-07-09T15:44:57.295+0200: 106.118: [GC [PSYoungGen: 11225K->3233K(11264K)] 20667K->12683K(27648K), 0.0052512 secs] [Times: user=0.03 sys=0.00, real=0.00 secs] 
2014-07-09T15:44:57.328+0200: 106.151: [GC [PSYoungGen: 9362K->96K(11264K)] 18812K->9554K(27648K), 0.0151633 secs] [Times: user=0.02 sys=0.00, real=0.01 secs] 
2014-07-09T15:44:57.345+0200: 106.168: [GC [PSYoungGen: 6217K->5090K(11264K)] 15675K->15645K(27648K), 0.0053542 secs] [Times: user=0.00 sys=0.00, real=0.01 secs] 
2014-07-09T15:44:57.379+0200: 106.202: [GC [PSYoungGen: 11211K->4162K(11264K)] 21766K->14716K(27648K), 0.0029154 secs] [Times: user=0.00 sys=0.00, real=0.00 secs] 
2014-07-09T15:44:57.384+0200: 106.207: [GC [PSYoungGen: 10282K->2080K(11264K)] 20837K->12643K(27648K), 0.0015556 secs] [Times: user=0.00 sys=0.00, real=0.00 secs] 
2014-07-09T15:44:57.388+0200: 106.211: [GC [PSYoungGen: 8201K->5090K(11264K)] 18764K->18710K(27648K), 0.0061241 secs] [Times: user=0.03 sys=0.00, real=0.01 secs] 
2014-07-09T15:44:57.394+0200: 106.217: [Full GC [PSYoungGen: 5090K->0K(11264K)] [ParOldGen: 13620K->8738K(16384K)] 18710K->8738K(27648K) [PSPermGen: 2476K->2476K(21504K)], 0.0105555 secs] [Times: user=0.00 sys=0.00, real=0.01 secs] 
2014-07-09T15:44:57.429+0200: 106.252: [GC [PSYoungGen: 6122K->5090K(11264K)] 14861K->14853K(27648K), 0.0047390 secs] [Times: user=0.00 sys=0.00, real=0.01 secs] 
2014-07-09T15:44:57.479+0200: 106.302: [GC [PSYoungGen: 11213K->4033K(11264K)] 20976K->13805K(27648K), 0.0028329 secs] [Times: user=0.00 sys=0.00, real=0.00 secs] 
2014-07-09T15:44:57.484+0200: 106.307: [GC [PSYoungGen: 10156K->1952K(11264K)] 19928K->11732K(27648K), 0.0015263 secs] [Times: user=0.02 sys=0.00, real=0.00 secs] 
2014-07-09T15:44:57.488+0200: 106.311: [GC [PSYoungGen: 8073K->5090K(11264K)] 17853K->17799K(27648K), 0.0061215 secs] [Times: user=0.00 sys=0.00, real=0.01 secs] 
2014-07-09T15:44:57.495+0200: 106.318: [Full GC [PSYoungGen: 5090K->0K(11264K)] [ParOldGen: 12708K->8610K(16384K)] 17799K->8610K(27648K) [PSPermGen: 2476K->2476K(21504K)], 0.0106578 secs] [Times: user=0.02 sys=0.00, real=0.01 secs] 
2014-07-09T15:44:57.529+0200: 106.352: [GC [PSYoungGen: 6128K->4962K(11264K)] 14739K->13573K(27648K), 0.0038939 secs] [Times: user=0.03 sys=0.00, real=0.00 secs] 
2014-07-09T15:44:57.580+0200: 106.403: [GC [PSYoungGen: 11085K->2881K(11264K)] 19696K->11500K(27648K), 0.0031083 secs] [Times: user=0.00 sys=0.00, real=0.00 secs] 
2014-07-09T15:44:57.588+0200: 106.411: [GC [PSYoungGen: 9004K->800K(11264K)] 17623K->9427K(27648K), 0.0019197 secs] [Times: user=0.00 sys=0.00, real=0.00 secs] 
2014-07-09T15:44:57.594+0200: 106.417: [GC [PSYoungGen: 6921K->5090K(11264K)] 15548K->15494K(27648K), 0.0093955 secs] [Times: user=0.00 sys=0.00, real=0.01 secs] 
2014-07-09T15:44:57.629+0200: 106.452: [GC [PSYoungGen: 11213K->4834K(11264K)] 21617K->15237K(27648K), 0.0037634 secs] [Times: user=0.00 sys=0.00, real=0.00 secs] 
2014-07-09T15:44:57.680+0200: 106.503: [GC [PSYoungGen: 10957K->2753K(11264K)] 21360K->13164K(27648K), 0.0030943 secs] [Times: user=0.00 sys=0.00, real=0.00 secs] 
2014-07-09T15:44:57.687+0200: 106.510: [GC [PSYoungGen: 8876K->672K(11264K)] 19287K->11091K(27648K), 0.0020029 secs] [Times: user=0.00 sys=0.00, real=0.00 secs] 
2014-07-09T15:44:57.694+0200: 106.517: [GC [PSYoungGen: 6793K->5090K(11264K)] 17212K->17158K(27648K), 0.0063100 secs] [Times: user=0.00 sys=0.00, real=0.01 secs] 
2014-07-09T15:44:57.729+0200: 106.552: [GC [PSYoungGen: 11213K->4706K(11264K)] 23281K->16774K(27648K), 0.0034466 secs] [Times: user=0.00 sys=0.00, real=0.00 secs] 
2014-07-09T15:44:57.779+0200: 106.602: [GC [PSYoungGen: 10829K->2625K(11264K)] 22897K->14701K(27648K), 0.0016421 secs] [Times: user=0.02 sys=0.00, real=0.00 secs] 
2014-07-09T15:44:57.784+0200: 106.607: [GC [PSYoungGen: 8748K->544K(11264K)] 20824K->12628K(27648K), 0.0010302 secs] [Times: user=0.00 sys=0.00, real=0.00 secs] 
2014-07-09T15:44:57.787+0200: 106.610: [GC [PSYoungGen: 6665K->5090K(11264K)] 18749K->18695K(27648K), 0.0055371 secs] [Times: user=0.00 sys=0.00, real=0.01 secs] 
2014-07-09T15:44:57.793+0200: 106.616: [Full GC [PSYoungGen: 5090K->0K(11264K)] [ParOldGen: 13605K->7202K(16384K)] 18695K->7202K(27648K) [PSPermGen: 2476K->2476K(21504K)], 0.0128007 secs] [Times: user=0.03 sys=0.00, real=0.01 secs] 
2014-07-09T15:44:57.828+0200: 106.651: [GC [PSYoungGen: 6137K->2529K(11264K)] 13340K->9731K(27648K), 0.0011670 secs] [Times: user=0.00 sys=0.00, real=0.00 secs] 
2014-07-09T15:44:57.900+0200: 106.723: [GC [PSYoungGen: 8652K->448K(11264K)] 15854K->7658K(27648K), 0.0007937 secs] [Times: user=0.00 sys=0.00, real=0.00 secs] 
2014-07-09T15:44:57.903+0200: 106.726: [GC [PSYoungGen: 6569K->5090K(11264K)] 13779K->13725K(27648K), 0.0051914 secs] [Times: user=0.03 sys=0.00, real=0.01 secs] 
2014-07-09T15:44:57.911+0200: 106.734: [GC [PSYoungGen: 11213K->4482K(11264K)] 19848K->13116K(27648K), 0.0037799 secs] [Times: user=0.00 sys=0.00, real=0.00 secs] 
2014-07-09T15:44:57.928+0200: 106.751: [GC [PSYoungGen: 10605K->2401K(11264K)] 19239K->11043K(27648K), 0.0013587 secs] [Times: user=0.00 sys=0.00, real=0.00 secs] 
2014-07-09T15:44:57.978+0200: 106.801: [GC [PSYoungGen: 8524K->320K(11264K)] 17166K->8970K(27648K), 0.0005283 secs] [Times: user=0.00 sys=0.00, real=0.00 secs] 
2014-07-09T15:44:57.980+0200: 106.803: [GC [PSYoungGen: 6441K->5090K(11264K)] 15091K->15037K(27648K), 0.0050026 secs] [Times: user=0.03 sys=0.00, real=0.00 secs] 
2014-07-09T15:44:57.988+0200: 106.811: [GC [PSYoungGen: 11213K->4354K(11264K)] 21160K->14301K(27648K), 0.0032927 secs] [Times: user=0.00 sys=0.00, real=0.00 secs] 
2014-07-09T15:44:58.029+0200: 106.852: [GC [PSYoungGen: 10477K->2273K(11264K)] 20424K->12228K(27648K), 0.0034884 secs] [Times: user=0.03 sys=0.00, real=0.00 secs] 
2014-07-09T15:44:58.037+0200: 106.860: [GC [PSYoungGen: 8412K->224K(11264K)] 18367K->10187K(27648K), 0.0015010 secs] [Times: user=0.00 sys=0.00, real=0.00 secs] 
2014-07-09T15:44:58.082+0200: 106.905: [GC [PSYoungGen: 6366K->5090K(11264K)] 16329K->15253K(27648K), 0.0126295 secs] [Times: user=0.01 sys=0.00, real=0.01 secs] 
2014-07-09T15:44:58.097+0200: 106.920: [GC [PSYoungGen: 11213K->3233K(11264K)] 21376K->13405K(27648K), 0.0028058 secs] [Times: user=0.00 sys=0.00, real=0.00 secs] 
2014-07-09T15:44:58.128+0200: 106.951: [GC [PSYoungGen: 9356K->1152K(11264K)] 19527K->11331K(27648K), 0.0011310 secs] [Times: user=0.00 sys=0.00, real=0.00 secs] 
2014-07-09T15:44:58.132+0200: 106.955: [GC [PSYoungGen: 7273K->5090K(11264K)] 17452K->17398K(27648K), 0.0055800 secs] [Times: user=0.00 sys=0.00, real=0.01 secs] 
2014-07-09T15:44:58.180+0200: 107.003: [GC [PSYoungGen: 11213K->5090K(11264K)] 23521K->17494K(27648K), 0.0039211 secs] [Times: user=0.00 sys=0.00, real=0.00 secs] 
2014-07-09T15:44:58.186+0200: 107.009: [GC [PSYoungGen: 11213K->3105K(11264K)] 23617K->15518K(27648K), 0.0028908 secs] [Times: user=0.00 sys=0.00, real=0.00 secs] 
2014-07-09T15:44:58.228+0200: 107.051: [GC [PSYoungGen: 9228K->1024K(11264K)] 21641K->13445K(27648K), 0.0011417 secs] [Times: user=0.00 sys=0.00, real=0.00 secs] 
2014-07-09T15:44:58.232+0200: 107.055: [GC [PSYoungGen: 7145K->5090K(11264K)] 19565K->19511K(27648K), 0.0059855 secs] [Times: user=0.03 sys=0.00, real=0.01 secs] 
2014-07-09T15:44:58.238+0200: 107.061: [Full GC [PSYoungGen: 5090K->0K(11264K)] [ParOldGen: 14421K->7683K(16384K)] 19511K->7683K(27648K) [PSPermGen: 2476K->2476K(21504K)], 0.0133921 secs] [Times: user=0.03 sys=0.00, real=0.01 secs] 
2014-07-09T15:44:58.279+0200: 107.102: [GC [PSYoungGen: 6122K->5058K(11264K)] 13806K->12741K(27648K), 0.0040281 secs] [Times: user=0.02 sys=0.00, real=0.00 secs] 
2014-07-09T15:44:58.285+0200: 107.108: [GC [PSYoungGen: 11181K->2977K(11264K)] 18864K->10668K(27648K), 0.0021895 secs] [Times: user=0.00 sys=0.00, real=0.00 secs] 
2014-07-09T15:44:58.290+0200: 107.113: [GC [PSYoungGen: 9119K->1152K(11264K)] 16811K->8851K(27648K), 0.0009917 secs] [Times: user=0.00 sys=0.00, real=0.00 secs] 
2014-07-09T15:44:58.329+0200: 107.152: [GC [PSYoungGen: 7270K->5090K(11264K)] 14970K->13053K(27648K), 0.0040919 secs] [Times: user=0.00 sys=0.00, real=0.00 secs] 
2014-07-09T15:44:58.378+0200: 107.201: [GC [PSYoungGen: 11213K->3265K(11264K)] 19176K->11237K(27648K), 0.0018177 secs] [Times: user=0.00 sys=0.00, real=0.00 secs] 
2014-07-09T15:44:58.383+0200: 107.206: [GC [PSYoungGen: 9388K->1184K(11264K)] 17360K->9164K(27648K), 0.0011270 secs] [Times: user=0.00 sys=0.00, real=0.00 secs] 
2014-07-09T15:44:58.386+0200: 107.209: [GC [PSYoungGen: 7305K->5090K(11264K)] 15285K->15231K(27648K), 0.0054990 secs] [Times: user=0.03 sys=0.00, real=0.01 secs] 
2014-07-09T15:44:58.431+0200: 107.254: [GC [PSYoungGen: 11213K->5090K(11264K)] 21354K->15327K(27648K), 0.0169084 secs] [Times: user=0.02 sys=0.00, real=0.02 secs] 
2014-07-09T15:44:58.478+0200: 107.301: [GC [PSYoungGen: 11213K->3137K(11264K)] 21450K->13382K(27648K), 0.0016282 secs] [Times: user=0.00 sys=0.00, real=0.00 secs] 
2014-07-09T15:44:58.483+0200: 107.306: [GC [PSYoungGen: 9260K->1056K(11264K)] 19505K->11309K(27648K), 0.0010335 secs] [Times: user=0.00 sys=0.00, real=0.00 secs] 
2014-07-09T15:44:58.487+0200: 107.310: [GC [PSYoungGen: 7177K->5090K(11264K)] 17430K->17376K(27648K), 0.0051133 secs] [Times: user=0.00 sys=0.00, real=0.01 secs] 
2014-07-09T15:44:58.529+0200: 107.352: [GC [PSYoungGen: 11213K->5090K(11264K)] 23499K->17376K(27648K), 0.0040593 secs] [Times: user=0.03 sys=0.00, real=0.00 secs] 
2014-07-09T15:44:58.578+0200: 107.402: [GC [PSYoungGen: 11222K->1472K(11264K)] 23508K->13766K(27648K), 0.0020568 secs] [Times: user=0.00 sys=0.00, real=0.00 secs] 
2014-07-09T15:44:58.588+0200: 107.411: [GC [PSYoungGen: 7593K->5090K(11264K)] 19887K->19833K(27648K), 0.0085193 secs] [Times: user=0.03 sys=0.00, real=0.01 secs] 
2014-07-09T15:44:58.597+0200: 107.420: [Full GC [PSYoungGen: 5090K->0K(11264K)] [ParOldGen: 14742K->8133K(16384K)] 19833K->8133K(27648K) [PSPermGen: 2476K->2476K(21504K)], 0.0144593 secs] [Times: user=0.03 sys=0.00, real=0.02 secs] 
2014-07-09T15:44:58.614+0200: 107.437: [GC [PSYoungGen: 6122K->5090K(11264K)] 14256K->13639K(27648K), 0.0051331 secs] [Times: user=0.00 sys=0.00, real=0.00 secs] 
2014-07-09T15:44:58.628+0200: 107.451: [GC [PSYoungGen: 11213K->3425K(11264K)] 19762K->11983K(27648K), 0.0019072 secs] [Times: user=0.00 sys=0.00, real=0.00 secs] 
2014-07-09T15:44:58.679+0200: 107.502: [GC [PSYoungGen: 9548K->1344K(11264K)] 18106K->9910K(27648K), 0.0020472 secs] [Times: user=0.00 sys=0.00, real=0.00 secs] 
2014-07-09T15:44:58.685+0200: 107.508: [GC [PSYoungGen: 7465K->5090K(11264K)] 16031K->15977K(27648K), 0.0068060 secs] [Times: user=0.03 sys=0.00, real=0.01 secs] 
2014-07-09T15:44:58.695+0200: 107.518: [GC [PSYoungGen: 11213K->5090K(11264K)] 22100K->16233K(27648K), 0.0057359 secs] [Times: user=0.02 sys=0.00, real=0.01 secs] 
2014-07-09T15:44:58.728+0200: 107.552: [GC [PSYoungGen: 11213K->3297K(11264K)] 22356K->14448K(27648K), 0.0019288 secs] [Times: user=0.00 sys=0.00, real=0.00 secs] 
2014-07-09T15:44:58.778+0200: 107.601: [GC [PSYoungGen: 9420K->1184K(11264K)] 20571K->12343K(27648K), 0.0222897 secs] [Times: user=0.03 sys=0.00, real=0.02 secs] 
2014-07-09T15:44:58.803+0200: 107.626: [GC [PSYoungGen: 7305K->5090K(11264K)] 18464K->18442K(27648K), 0.0059228 secs] [Times: user=0.00 sys=0.00, real=0.01 secs] 
2014-07-09T15:44:58.812+0200: 107.635: [GC [PSYoungGen: 11213K->5090K(11264K)] 24565K->18602K(27648K), 0.0044186 secs] [Times: user=0.00 sys=0.00, real=0.00 secs] 
2014-07-09T15:44:58.828+0200: 107.651: [GC [PSYoungGen: 11222K->1632K(11264K)] 24734K->15152K(27648K), 0.0009686 secs] [Times: user=0.00 sys=0.00, real=0.00 secs] 
2014-07-09T15:44:58.831+0200: 107.654: [GC [PSYoungGen: 7753K->5090K(11264K)] 21273K->21219K(27648K), 0.0057069 secs] [Times: user=0.00 sys=0.00, real=0.01 secs] 
2014-07-09T15:44:58.837+0200: 107.660: [Full GC [PSYoungGen: 5090K->0K(11264K)] [ParOldGen: 16129K->8293K(16384K)] 21219K->8293K(27648K) [PSPermGen: 2476K->2476K(21504K)], 0.0101357 secs] [Times: user=0.02 sys=0.00, real=0.01 secs] 
2014-07-09T15:44:58.880+0200: 107.703: [GC [PSYoungGen: 6122K->5090K(11264K)] 14416K->13928K(27648K), 0.0052757 secs] [Times: user=0.00 sys=0.00, real=0.01 secs] 
2014-07-09T15:44:58.888+0200: 107.711: [GC [PSYoungGen: 11213K->3553K(11264K)] 20051K->12399K(27648K), 0.0075774 secs] [Times: user=0.00 sys=0.00, real=0.01 secs] 
2014-07-09T15:44:58.928+0200: 107.751: [GC [PSYoungGen: 9676K->1504K(11264K)] 18522K->10358K(27648K), 0.0010892 secs] [Times: user=0.00 sys=0.00, real=0.00 secs] 
2014-07-09T15:44:58.932+0200: 107.755: [GC [PSYoungGen: 7625K->5090K(11264K)] 16479K->16425K(27648K), 0.0056622 secs] [Times: user=0.03 sys=0.00, real=0.01 secs] 
2014-07-09T15:44:58.980+0200: 107.803: [GC [PSYoungGen: 11213K->5090K(11264K)] 22548K->16842K(27648K), 0.0107095 secs] [Times: user=0.02 sys=0.00, real=0.01 secs] 
2014-07-09T15:44:58.994+0200: 107.817: [GC [PSYoungGen: 11213K->3457K(11264K)] 22965K->15217K(27648K), 0.0032897 secs] [Times: user=0.00 sys=0.00, real=0.00 secs] 
2014-07-09T15:44:59.028+0200: 107.851: [GC [PSYoungGen: 9580K->1376K(11264K)] 21340K->13144K(27648K), 0.0009305 secs] [Times: user=0.03 sys=0.00, real=0.00 secs] 
2014-07-09T15:44:59.032+0200: 107.855: [GC [PSYoungGen: 7497K->5090K(11264K)] 19265K->19211K(27648K), 0.0053527 secs] [Times: user=0.00 sys=0.00, real=0.00 secs] 
2014-07-09T15:44:59.037+0200: 107.860: [Full GC [PSYoungGen: 5090K->0K(11264K)] [ParOldGen: 14120K->8037K(16384K)] 19211K->8037K(27648K) [PSPermGen: 2476K->2476K(21504K)], 0.0106365 secs] [Times: user=0.03 sys=0.00, real=0.01 secs] 
2014-07-09T15:44:59.079+0200: 107.902: [GC [PSYoungGen: 6128K->4386K(11264K)] 14166K->12423K(27648K), 0.0045183 secs] [Times: user=0.00 sys=0.00, real=0.01 secs] 
2014-07-09T15:44:59.086+0200: 107.909: [GC [PSYoungGen: 10509K->2305K(11264K)] 18546K->10350K(27648K), 0.0018379 secs] [Times: user=0.00 sys=0.00, real=0.00 secs] 
2014-07-09T15:44:59.128+0200: 107.951: [GC [PSYoungGen: 8428K->224K(11264K)] 16473K->8277K(27648K), 0.0005118 secs] [Times: user=0.00 sys=0.00, real=0.00 secs] 
2014-07-09T15:44:59.130+0200: 107.953: [GC [PSYoungGen: 6345K->5090K(11264K)] 14398K->14344K(27648K), 0.0048915 secs] [Times: user=0.00 sys=0.00, real=0.00 secs] 
2014-07-09T15:44:59.179+0200: 108.002: [GC [PSYoungGen: 11213K->4258K(11264K)] 20467K->13512K(27648K), 0.0030610 secs] [Times: user=0.00 sys=0.00, real=0.00 secs] 
2014-07-09T15:44:59.184+0200: 108.007: [GC [PSYoungGen: 10381K->2177K(11264K)] 19635K->11439K(27648K), 0.0026602 secs] [Times: user=0.03 sys=0.00, real=0.00 secs] 
2014-07-09T15:44:59.228+0200: 108.051: [GC [PSYoungGen: 8300K->96K(11264K)] 17562K->9366K(27648K), 0.0013569 secs] [Times: user=0.00 sys=0.00, real=0.00 secs] 
2014-07-09T15:44:59.234+0200: 108.057: [GC [PSYoungGen: 6217K->5090K(11264K)] 15487K->15433K(27648K), 0.0078117 secs] [Times: user=0.00 sys=0.00, real=0.01 secs] 
2014-07-09T15:44:59.280+0200: 108.103: [GC [PSYoungGen: 11211K->4129K(11264K)] 21554K->14472K(27648K), 0.0032208 secs] [Times: user=0.00 sys=0.00, real=0.00 secs] 
2014-07-09T15:44:59.286+0200: 108.109: [GC [PSYoungGen: 10268K->384K(11264K)] 20611K->10735K(27648K), 0.0009947 secs] [Times: user=0.00 sys=0.00, real=0.00 secs] 
2014-07-09T15:44:59.290+0200: 108.113: [GC [PSYoungGen: 6505K->5090K(11264K)] 16856K->16802K(27648K), 0.0053850 secs] [Times: user=0.03 sys=0.00, real=0.01 secs] 
2014-07-09T15:44:59.329+0200: 108.152: [GC [PSYoungGen: 11217K->3905K(11264K)] 22928K->15617K(27648K), 0.0034210 secs] [Times: user=0.00 sys=0.00, real=0.00 secs] 
2014-07-09T15:44:59.379+0200: 108.202: [GC [PSYoungGen: 10028K->1824K(11264K)] 21740K->13544K(27648K), 0.0027732 secs] [Times: user=0.00 sys=0.00, real=0.00 secs] 
2014-07-09T15:44:59.387+0200: 108.210: [GC [PSYoungGen: 7945K->5090K(11264K)] 19665K->19603K(27648K), 0.0110992 secs] [Times: user=0.00 sys=0.02, real=0.01 secs] 
2014-07-09T15:44:59.399+0200: 108.222: [Full GC [PSYoungGen: 5090K->0K(11264K)] [ParOldGen: 14512K->8487K(16384K)] 19603K->8487K(27648K) [PSPermGen: 2476K->2476K(21504K)], 0.0258944 secs] [Times: user=0.03 sys=0.00, real=0.03 secs] 
2014-07-09T15:44:59.427+0200: 108.250: [GC [PSYoungGen: 6122K->5090K(11264K)] 14610K->14346K(27648K), 0.0047108 secs] [Times: user=0.00 sys=0.00, real=0.00 secs] 
2014-07-09T15:44:59.435+0200: 108.258: [GC [PSYoungGen: 11213K->3777K(11264K)] 20469K->13041K(27648K), 0.0029400 secs] [Times: user=0.00 sys=0.00, real=0.00 secs] 
2014-07-09T15:44:59.479+0200: 108.302: [GC [PSYoungGen: 9900K->1696K(11264K)] 19164K->10968K(27648K), 0.0021257 secs] [Times: user=0.02 sys=0.00, real=0.00 secs] 
2014-07-09T15:44:59.485+0200: 108.308: [GC [PSYoungGen: 7817K->5090K(11264K)] 17089K->17035K(27648K), 0.0099180 secs] [Times: user=0.00 sys=0.00, real=0.01 secs] 
2014-07-09T15:44:59.499+0200: 108.322: [GC [PSYoungGen: 11213K->5090K(11264K)] 23158K->17644K(27648K), 0.0317736 secs] [Times: user=0.02 sys=0.00, real=0.03 secs] 
2014-07-09T15:44:59.540+0200: 108.363: [GC [PSYoungGen: 11218K->2593K(11264K)] 23772K->15154K(27648K), 0.0163020 secs] [Times: user=0.02 sys=0.00, real=0.02 secs] 
2014-07-09T15:44:59.578+0200: 108.401: [GC [PSYoungGen: 8716K->512K(11264K)] 21277K->13081K(27648K), 0.0174730 secs] [Times: user=0.01 sys=0.00, real=0.02 secs] 
2014-07-09T15:44:59.598+0200: 108.421: [GC [PSYoungGen: 6633K->5090K(11264K)] 19202K->19172K(27648K), 0.0055654 secs] [Times: user=0.00 sys=0.00, real=0.01 secs] 
2014-07-09T15:44:59.604+0200: 108.427: [Full GC [PSYoungGen: 5090K->0K(11264K)] [ParOldGen: 14082K->7207K(16384K)] 19172K->7207K(27648K) [PSPermGen: 2476K->2476K(21504K)], 0.0123289 secs] [Times: user=0.02 sys=0.00, real=0.01 secs] 
2014-07-09T15:44:59.619+0200: 108.442: [GC [PSYoungGen: 6122K->4578K(11264K)] 13330K->11785K(27648K), 0.0038419 secs] [Times: user=0.03 sys=0.00, real=0.00 secs] 
2014-07-09T15:44:59.629+0200: 108.452: [GC [PSYoungGen: 10701K->2497K(11264K)] 17908K->9712K(27648K), 0.0017118 secs] [Times: user=0.00 sys=0.00, real=0.00 secs] 
2014-07-09T15:44:59.678+0200: 108.501: [GC [PSYoungGen: 8620K->416K(11264K)] 15835K->7639K(27648K), 0.0013818 secs] [Times: user=0.00 sys=0.00, real=0.00 secs] 
2014-07-09T15:44:59.684+0200: 108.507: [GC [PSYoungGen: 6537K->5090K(11264K)] 13760K->13706K(27648K), 0.0143985 secs] [Times: user=0.00 sys=0.00, real=0.01 secs] 
2014-07-09T15:44:59.704+0200: 108.527: [GC [PSYoungGen: 11213K->4418K(11264K)] 19829K->13033K(27648K), 0.0223631 secs] [Times: user=0.02 sys=0.00, real=0.02 secs] 
2014-07-09T15:44:59.729+0200: 108.552: [GC [PSYoungGen: 10541K->2337K(11264K)] 19156K->10960K(27648K), 0.0019717 secs] [Times: user=0.02 sys=0.00, real=0.00 secs] 
2014-07-09T15:44:59.778+0200: 108.601: [GC [PSYoungGen: 8460K->288K(11264K)] 17083K->8919K(27648K), 0.0005147 secs] [Times: user=0.00 sys=0.00, real=0.00 secs] 
2014-07-09T15:44:59.781+0200: 108.604: [GC [PSYoungGen: 6409K->5090K(11264K)] 15040K->14978K(27648K), 0.0057175 secs] [Times: user=0.00 sys=0.00, real=0.01 secs] 
2014-07-09T15:44:59.789+0200: 108.612: [GC [PSYoungGen: 11213K->4322K(11264K)] 21101K->14210K(27648K), 0.0035046 secs] [Times: user=0.02 sys=0.00, real=0.00 secs] 
2014-07-09T15:44:59.828+0200: 108.651: [GC [PSYoungGen: 10454K->704K(11264K)] 20342K->10600K(27648K), 0.0015831 secs] [Times: user=0.00 sys=0.00, real=0.00 secs] 
2014-07-09T15:44:59.834+0200: 108.658: [GC [PSYoungGen: 6825K->5090K(11264K)] 16721K->16667K(27648K), 0.0088327 secs] [Times: user=0.03 sys=0.00, real=0.01 secs] 
2014-07-09T15:44:59.881+0200: 108.704: [GC [PSYoungGen: 11213K->4738K(11264K)] 22790K->16315K(27648K), 0.0056831 secs] [Times: user=0.00 sys=0.02, real=0.01 secs] 
2014-07-09T15:44:59.889+0200: 108.713: [GC [PSYoungGen: 10861K->2657K(11264K)] 22438K->14242K(27648K), 0.0021873 secs] [Times: user=0.00 sys=0.00, real=0.00 secs] 
2014-07-09T15:44:59.928+0200: 108.751: [GC [PSYoungGen: 8780K->576K(11264K)] 20365K->12169K(27648K), 0.0007996 secs] [Times: user=0.00 sys=0.00, real=0.00 secs] 
2014-07-09T15:44:59.932+0200: 108.755: [GC [PSYoungGen: 6697K->5090K(11264K)] 18290K->18236K(27648K), 0.0052321 secs] [Times: user=0.03 sys=0.00, real=0.01 secs] 
2014-07-09T15:44:59.979+0200: 108.802: [GC [PSYoungGen: 11213K->4610K(11264K)] 24359K->17756K(27648K), 0.0047738 secs] [Times: user=0.03 sys=0.00, real=0.00 secs] 
2014-07-09T15:44:59.986+0200: 108.809: [GC [PSYoungGen: 10733K->2529K(11264K)] 23879K->15683K(27648K), 0.0021096 secs] [Times: user=0.00 sys=0.00, real=0.00 secs] 
2014-07-09T15:45:00.028+0200: 108.851: [GC [PSYoungGen: 8652K->448K(11264K)] 21806K->13610K(27648K), 0.0006742 secs] [Times: user=0.00 sys=0.00, real=0.00 secs] 
2014-07-09T15:45:00.030+0200: 108.854: [GC [PSYoungGen: 6569K->5090K(11264K)] 19731K->19677K(27648K), 0.0049883 secs] [Times: user=0.00 sys=0.00, real=0.01 secs] 
2014-07-09T15:45:00.036+0200: 108.859: [Full GC [PSYoungGen: 5090K->0K(11264K)] [ParOldGen: 14586K->7111K(16384K)] 19677K->7111K(27648K) [PSPermGen: 2476K->2476K(21504K)], 0.0093999 secs] [Times: user=0.03 sys=0.00, real=0.01 secs] 
2014-07-09T15:45:00.078+0200: 108.902: [GC [PSYoungGen: 6132K->2945K(11264K)] 13243K->10057K(27648K), 0.0018049 secs] [Times: user=0.00 sys=0.00, real=0.00 secs] 
2014-07-09T15:45:00.084+0200: 108.907: [GC [PSYoungGen: 9068K->864K(11264K)] 16180K->7984K(27648K), 0.0009525 secs] [Times: user=0.00 sys=0.00, real=0.00 secs] 
2014-07-09T15:45:00.087+0200: 108.910: [GC [PSYoungGen: 6985K->5090K(11264K)] 14105K->14051K(27648K), 0.0053788 secs] [Times: user=0.03 sys=0.00, real=0.01 secs] 
2014-07-09T15:45:00.130+0200: 108.953: [GC [PSYoungGen: 11213K->4898K(11264K)] 20173K->13858K(27648K), 0.0036043 secs] [Times: user=0.00 sys=0.00, real=0.00 secs] 
2014-07-09T15:45:00.178+0200: 109.002: [GC [PSYoungGen: 11021K->2817K(11264K)] 19981K->11785K(27648K), 0.0014823 secs] [Times: user=0.00 sys=0.00, real=0.00 secs] 
2014-07-09T15:45:00.183+0200: 109.006: [GC [PSYoungGen: 8940K->704K(11264K)] 17908K->9680K(27648K), 0.0015461 secs] [Times: user=0.00 sys=0.00, real=0.00 secs] 
2014-07-09T15:45:00.187+0200: 109.010: [GC [PSYoungGen: 6825K->5090K(11264K)] 15801K->15779K(27648K), 0.0050169 secs] [Times: user=0.00 sys=0.00, real=0.00 secs] 
2014-07-09T15:45:00.229+0200: 109.052: [GC [PSYoungGen: 11213K->4770K(11264K)] 21902K->15459K(27648K), 0.0038067 secs] [Times: user=0.03 sys=0.00, real=0.00 secs] 
2014-07-09T15:45:00.280+0200: 109.103: [GC [PSYoungGen: 10893K->2689K(11264K)] 21582K->13386K(27648K), 0.0034162 secs] [Times: user=0.00 sys=0.00, real=0.00 secs] 
2014-07-09T15:45:00.289+0200: 109.112: [GC [PSYoungGen: 8812K->608K(11264K)] 19509K->11313K(27648K), 0.0017899 secs] [Times: user=0.00 sys=0.00, real=0.00 secs] 
2014-07-09T15:45:00.296+0200: 109.119: [GC [PSYoungGen: 6729K->5090K(11264K)] 17434K->17380K(27648K), 0.0084632 secs] [Times: user=0.00 sys=0.00, real=0.01 secs] 
2014-07-09T15:45:00.328+0200: 109.152: [GC [PSYoungGen: 11228K->2977K(11264K)] 23518K->15267K(27648K), 0.0016513 secs] [Times: user=0.00 sys=0.00, real=0.00 secs] 
2014-07-09T15:45:00.378+0200: 109.201: [GC [PSYoungGen: 9100K->896K(11264K)] 21390K->13194K(27648K), 0.0008011 secs] [Times: user=0.00 sys=0.00, real=0.00 secs] 
2014-07-09T15:45:00.381+0200: 109.204: [GC [PSYoungGen: 7017K->5090K(11264K)] 19315K->19261K(27648K), 0.0056024 secs] [Times: user=0.03 sys=0.00, real=0.00 secs] 
2014-07-09T15:45:00.387+0200: 109.210: [Full GC [PSYoungGen: 5090K->0K(11264K)] [ParOldGen: 14171K->7561K(16384K)] 19261K->7561K(27648K) [PSPermGen: 2476K->2476K(21504K)], 0.0108452 secs] [Times: user=0.00 sys=0.00, real=0.01 secs] 
2014-07-09T15:45:00.400+0200: 109.223: [GC [PSYoungGen: 6122K->4930K(11264K)] 13684K->12491K(27648K), 0.0037759 secs] [Times: user=0.03 sys=0.00, real=0.00 secs] 
2014-07-09T15:45:00.429+0200: 109.252: [GC [PSYoungGen: 11053K->2849K(11264K)] 18614K->10418K(27648K), 0.0016538 secs] [Times: user=0.00 sys=0.00, real=0.00 secs] 
2014-07-09T15:45:00.478+0200: 109.301: [GC [PSYoungGen: 8972K->768K(11264K)] 16541K->8345K(27648K), 0.0017627 secs] [Times: user=0.02 sys=0.00, real=0.00 secs] 
2014-07-09T15:45:00.485+0200: 109.308: [GC [PSYoungGen: 6889K->5090K(11264K)] 14466K->14412K(27648K), 0.0088694 secs] [Times: user=0.00 sys=0.00, real=0.01 secs] 
2014-07-09T15:45:00.498+0200: 109.322: [GC [PSYoungGen: 11213K->4802K(11264K)] 20535K->14124K(27648K), 0.0066363 secs] [Times: user=0.00 sys=0.00, real=0.01 secs] 
2014-07-09T15:45:00.528+0200: 109.352: [GC [PSYoungGen: 10925K->2721K(11264K)] 20247K->12051K(27648K), 0.0014016 secs] [Times: user=0.00 sys=0.00, real=0.00 secs] 
2014-07-09T15:45:00.533+0200: 109.356: [GC [PSYoungGen: 8863K->800K(11264K)] 18193K->10138K(27648K), 0.0009730 secs] [Times: user=0.00 sys=0.00, real=0.00 secs] 
2014-07-09T15:45:00.581+0200: 109.404: [GC [PSYoungGen: 6939K->5090K(11264K)] 16278K->15109K(27648K), 0.0074960 secs] [Times: user=0.00 sys=0.00, real=0.01 secs] 
2014-07-09T15:45:00.593+0200: 109.416: [GC [PSYoungGen: 11213K->3681K(11264K)] 21232K->13708K(27648K), 0.0050136 secs] [Times: user=0.00 sys=0.00, real=0.01 secs] 
2014-07-09T15:45:00.629+0200: 109.452: [GC [PSYoungGen: 9804K->1600K(11264K)] 19831K->11635K(27648K), 0.0012810 secs] [Times: user=0.00 sys=0.00, real=0.00 secs] 
2014-07-09T15:45:00.633+0200: 109.456: [GC [PSYoungGen: 7721K->5090K(11264K)] 17756K->17694K(27648K), 0.0301575 secs] [Times: user=0.03 sys=0.00, real=0.03 secs] 
2014-07-09T15:45:00.679+0200: 109.502: [GC [PSYoungGen: 11213K->5090K(11264K)] 23817K->18238K(27648K), 0.0043405 secs] [Times: user=0.03 sys=0.00, real=0.00 secs] 
2014-07-09T15:45:00.686+0200: 109.509: [GC [PSYoungGen: 11213K->3553K(11264K)] 24361K->16709K(27648K), 0.0026848 secs] [Times: user=0.00 sys=0.00, real=0.00 secs] 
2014-07-09T15:45:00.728+0200: 109.552: [GC [PSYoungGen: 9676K->1472K(11264K)] 22832K->14636K(27648K), 0.0019329 secs] [Times: user=0.02 sys=0.00, real=0.00 secs] 
2014-07-09T15:45:00.735+0200: 109.558: [GC [PSYoungGen: 7593K->5090K(11264K)] 20757K->20703K(27648K), 0.0096496 secs] [Times: user=0.02 sys=0.00, real=0.01 secs] 
2014-07-09T15:45:00.745+0200: 109.568: [Full GC [PSYoungGen: 5090K->0K(11264K)] [ParOldGen: 15613K->8137K(16384K)] 20703K->8137K(27648K) [PSPermGen: 2476K->2476K(21504K)], 0.0177029 secs] [Times: user=0.03 sys=0.00, real=0.02 secs] 
2014-07-09T15:45:00.780+0200: 109.603: [GC [PSYoungGen: 6122K->5090K(11264K)] 14260K->13644K(27648K), 0.0043757 secs] [Times: user=0.00 sys=0.00, real=0.00 secs] 
2014-07-09T15:45:00.787+0200: 109.610: [GC [PSYoungGen: 11222K->1888K(11264K)] 19776K->10450K(27648K), 0.0014958 secs] [Times: user=0.00 sys=0.00, real=0.00 secs] 
2014-07-09T15:45:00.791+0200: 109.614: [GC [PSYoungGen: 8009K->5090K(11264K)] 16571K->16517K(27648K), 0.0061710 secs] [Times: user=0.03 sys=0.00, real=0.01 secs] 
2014-07-09T15:45:00.829+0200: 109.652: [GC [PSYoungGen: 11219K->5090K(11264K)] 22646K->16838K(27648K), 0.0043658 secs] [Times: user=0.00 sys=0.00, real=0.01 secs] 
2014-07-09T15:45:00.882+0200: 109.705: [GC [PSYoungGen: 11213K->3297K(11264K)] 22961K->15053K(27648K), 0.0186961 secs] [Times: user=0.03 sys=0.00, real=0.02 secs] 
2014-07-09T15:45:00.904+0200: 109.727: [GC [PSYoungGen: 9420K->1216K(11264K)] 21176K->12980K(27648K), 0.0162888 secs] [Times: user=0.00 sys=0.00, real=0.02 secs] 
2014-07-09T15:45:00.922+0200: 109.746: [GC [PSYoungGen: 7337K->5090K(11264K)] 19101K->19071K(27648K), 0.0067100 secs] [Times: user=0.00 sys=0.00, real=0.01 secs] 
2014-07-09T15:45:00.929+0200: 109.752: [Full GC [PSYoungGen: 5090K->0K(11264K)] [ParOldGen: 13980K->7914K(16384K)] 19071K->7914K(27648K) [PSPermGen: 2476K->2476K(21504K)], 0.0136564 secs] [Times: user=0.02 sys=0.00, real=0.01 secs] 
2014-07-09T15:45:00.946+0200: 109.769: [GC [PSYoungGen: 6122K->5090K(11264K)] 14037K->13197K(27648K), 0.0042741 secs] [Times: user=0.03 sys=0.00, real=0.00 secs] 
2014-07-09T15:45:00.978+0200: 109.802: [GC [PSYoungGen: 11213K->3201K(11264K)] 19320K->11316K(27648K), 0.0023028 secs] [Times: user=0.00 sys=0.02, real=0.00 secs] 
2014-07-09T15:45:00.984+0200: 109.807: [GC [PSYoungGen: 9324K->1120K(11264K)] 17439K->9243K(27648K), 0.0011809 secs] [Times: user=0.00 sys=0.00, real=0.00 secs] 
2014-07-09T15:45:00.987+0200: 109.811: [GC [PSYoungGen: 7241K->5090K(11264K)] 15364K->15310K(27648K), 0.0053183 secs] [Times: user=0.00 sys=0.00, real=0.01 secs] 
2014-07-09T15:45:01.031+0200: 109.854: [GC [PSYoungGen: 11216K->4129K(11264K)] 21436K->14349K(27648K), 0.0054646 secs] [Times: user=0.00 sys=0.00, real=0.01 secs] 
2014-07-09T15:45:01.078+0200: 109.901: [GC [PSYoungGen: 10250K->2016K(11264K)] 20470K->12244K(27648K), 0.0105727 secs] [Times: user=0.02 sys=0.00, real=0.01 secs] 
2014-07-09T15:45:01.091+0200: 109.914: [GC [PSYoungGen: 8137K->5090K(11264K)] 18365K->18343K(27648K), 0.0065714 secs] [Times: user=0.00 sys=0.00, real=0.01 secs] 
2014-07-09T15:45:01.098+0200: 109.921: [Full GC [PSYoungGen: 5090K->0K(11264K)] [ParOldGen: 13253K->8715K(16384K)] 18343K->8715K(27648K) [PSPermGen: 2476K->2476K(21504K)], 0.0136902 secs] [Times: user=0.02 sys=0.00, real=0.01 secs] 
2014-07-09T15:45:01.114+0200: 109.937: [GC [PSYoungGen: 6122K->5090K(11264K)] 14838K->14798K(27648K), 0.0065479 secs] [Times: user=0.03 sys=0.00, real=0.01 secs] 
2014-07-09T15:45:01.129+0200: 109.952: [GC [PSYoungGen: 11213K->4001K(11264K)] 20921K->13717K(27648K), 0.0029381 secs] [Times: user=0.00 sys=0.00, real=0.00 secs] 
2014-07-09T15:45:01.183+0200: 110.006: [GC [PSYoungGen: 10124K->1888K(11264K)] 19840K->11612K(27648K), 0.0131087 secs] [Times: user=0.00 sys=0.00, real=0.01 secs] 
2014-07-09T15:45:01.199+0200: 110.022: [GC [PSYoungGen: 8009K->5090K(11264K)] 17733K->17711K(27648K), 0.0060556 secs] [Times: user=0.00 sys=0.00, real=0.01 secs] 
2014-07-09T15:45:01.207+0200: 110.031: [GC [PSYoungGen: 11213K->5090K(11264K)] 23834K->18575K(27648K), 0.0044813 secs] [Times: user=0.00 sys=0.00, real=0.00 secs] 
2014-07-09T15:45:01.212+0200: 110.035: [Full GC [PSYoungGen: 5090K->0K(11264K)] [ParOldGen: 13485K->6506K(16384K)] 18575K->6506K(27648K) [PSPermGen: 2476K->2476K(21504K)], 0.0095752 secs] [Times: user=0.03 sys=0.00, real=0.01 secs] 
2014-07-09T15:45:01.229+0200: 110.052: [GC [PSYoungGen: 6122K->3873K(11264K)] 12629K->10380K(27648K), 0.0025946 secs] [Times: user=0.00 sys=0.00, real=0.00 secs] 
2014-07-09T15:45:01.279+0200: 110.102: [GC [PSYoungGen: 9996K->1760K(11264K)] 16502K->8274K(27648K), 0.0027625 secs] [Times: user=0.00 sys=0.00, real=0.00 secs] 
2014-07-09T15:45:01.286+0200: 110.110: [GC [PSYoungGen: 7881K->5090K(11264K)] 14395K->14373K(27648K), 0.0095612 secs] [Times: user=0.03 sys=0.00, real=0.01 secs] 
2014-07-09T15:45:01.298+0200: 110.121: [GC [PSYoungGen: 11213K->5090K(11264K)] 20496K->15110K(27648K), 0.0046583 secs] [Times: user=0.00 sys=0.00, real=0.00 secs] 
2014-07-09T15:45:01.328+0200: 110.151: [GC [PSYoungGen: 11227K->2080K(11264K)] 21247K->12108K(27648K), 0.0011655 secs] [Times: user=0.00 sys=0.00, real=0.00 secs] 
2014-07-09T15:45:01.332+0200: 110.155: [GC [PSYoungGen: 8201K->5090K(11264K)] 18229K->18175K(27648K), 0.0062748 secs] [Times: user=0.03 sys=0.00, real=0.01 secs] 
2014-07-09T15:45:01.338+0200: 110.161: [Full GC [PSYoungGen: 5090K->0K(11264K)] [ParOldGen: 13085K->8748K(16384K)] 18175K->8748K(27648K) [PSPermGen: 2476K->2476K(21504K)], 0.0130739 secs] [Times: user=0.00 sys=0.00, real=0.01 secs] 
2014-07-09T15:45:01.379+0200: 110.202: [GC [PSYoungGen: 6122K->5090K(11264K)] 14871K->14863K(27648K), 0.0048670 secs] [Times: user=0.03 sys=0.00, real=0.01 secs] 
2014-07-09T15:45:01.386+0200: 110.210: [GC [PSYoungGen: 11213K->4033K(11264K)] 20986K->13814K(27648K), 0.0030610 secs] [Times: user=0.00 sys=0.00, real=0.00 secs] 
2014-07-09T15:45:01.429+0200: 110.252: [GC [PSYoungGen: 10156K->1952K(11264K)] 19937K->11741K(27648K), 0.0024238 secs] [Times: user=0.03 sys=0.00, real=0.00 secs] 
2014-07-09T15:45:01.436+0200: 110.260: [GC [PSYoungGen: 8073K->5090K(11264K)] 17862K->17808K(27648K), 0.0096734 secs] [Times: user=0.00 sys=0.00, real=0.01 secs] 
2014-07-09T15:45:01.446+0200: 110.269: [Full GC [PSYoungGen: 5090K->0K(11264K)] [ParOldGen: 12718K->8620K(16384K)] 17808K->8620K(27648K) [PSPermGen: 2476K->2476K(21504K)], 0.0141536 secs] [Times: user=0.03 sys=0.00, real=0.01 secs] 
2014-07-09T15:45:01.481+0200: 110.304: [GC [PSYoungGen: 6122K->5090K(11264K)] 14743K->14607K(27648K), 0.0045902 secs] [Times: user=0.00 sys=0.00, real=0.00 secs] 
2014-07-09T15:45:01.488+0200: 110.311: [GC [PSYoungGen: 11213K->3905K(11264K)] 20730K->13430K(27648K), 0.0032204 secs] [Times: user=0.00 sys=0.00, real=0.00 secs] 
2014-07-09T15:45:01.529+0200: 110.352: [GC [PSYoungGen: 10028K->1824K(11264K)] 19553K->11357K(27648K), 0.0014053 secs] [Times: user=0.00 sys=0.00, real=0.00 secs] 
2014-07-09T15:45:01.532+0200: 110.356: [GC [PSYoungGen: 7945K->5090K(11264K)] 17478K->17424K(27648K), 0.0062143 secs] [Times: user=0.00 sys=0.00, real=0.01 secs] 
2014-07-09T15:45:01.579+0200: 110.402: [GC [PSYoungGen: 11224K->4322K(11264K)] 23558K->16656K(27648K), 0.0029389 secs] [Times: user=0.00 sys=0.00, real=0.00 secs] 
2014-07-09T15:45:01.584+0200: 110.408: [GC [PSYoungGen: 10445K->2241K(11264K)] 22779K->14583K(27648K), 0.0016909 secs] [Times: user=0.00 sys=0.00, real=0.00 secs] 
2014-07-09T15:45:01.628+0200: 110.451: [GC [PSYoungGen: 8364K->160K(11264K)] 20706K->12510K(27648K), 0.0014522 secs] [Times: user=0.00 sys=0.00, real=0.00 secs] 
2014-07-09T15:45:01.634+0200: 110.457: [GC [PSYoungGen: 6281K->5090K(11264K)] 18631K->18577K(27648K), 0.0084694 secs] [Times: user=0.00 sys=0.00, real=0.01 secs] 
2014-07-09T15:45:01.643+0200: 110.466: [Full GC [PSYoungGen: 5090K->0K(11264K)] [ParOldGen: 13486K->6827K(16384K)] 18577K->6827K(27648K) [PSPermGen: 2476K->2476K(21504K)], 0.0183203 secs] [Times: user=0.03 sys=0.00, real=0.02 secs] 
2014-07-09T15:45:01.679+0200: 110.502: [GC [PSYoungGen: 6122K->4194K(11264K)] 12950K->11022K(27648K), 0.0031317 secs] [Times: user=0.03 sys=0.00, real=0.00 secs] 
2014-07-09T15:45:01.685+0200: 110.508: [GC [PSYoungGen: 10315K->2113K(11264K)] 17142K->8948K(27648K), 0.0017158 secs] [Times: user=0.00 sys=0.00, real=0.00 secs] 
2014-07-09T15:45:01.689+0200: 110.513: [GC [PSYoungGen: 8233K->5090K(11264K)] 15069K->15015K(27648K), 0.0063349 secs] [Times: user=0.02 sys=0.00, real=0.01 secs] 
2014-07-09T15:45:01.730+0200: 110.554: [GC [PSYoungGen: 11212K->5090K(11264K)] 21138K->16040K(27648K), 0.0060207 secs] [Times: user=0.00 sys=0.00, real=0.01 secs] 
2014-07-09T15:45:01.780+0200: 110.603: [GC [PSYoungGen: 11213K->4065K(11264K)] 22163K->15023K(27648K), 0.0058645 secs] [Times: user=0.00 sys=0.00, real=0.01 secs] 
2014-07-09T15:45:01.790+0200: 110.614: [GC [PSYoungGen: 10188K->1984K(11264K)] 21146K->12950K(27648K), 0.0031160 secs] [Times: user=0.00 sys=0.00, real=0.00 secs] 
2014-07-09T15:45:01.798+0200: 110.622: [GC [PSYoungGen: 8105K->5090K(11264K)] 19071K->19017K(27648K), 0.0091319 secs] [Times: user=0.03 sys=0.00, real=0.01 secs] 
2014-07-09T15:45:01.808+0200: 110.631: [Full GC [PSYoungGen: 5090K->0K(11264K)] [ParOldGen: 13927K->8652K(16384K)] 19017K->8652K(27648K) [PSPermGen: 2476K->2476K(21504K)], 0.0121863 secs] [Times: user=0.00 sys=0.00, real=0.01 secs] 
2014-07-09T15:45:01.829+0200: 110.652: [GC [PSYoungGen: 6134K->4482K(11264K)] 14787K->13135K(27648K), 0.0034870 secs] [Times: user=0.00 sys=0.00, real=0.00 secs] 
2014-07-09T15:45:01.879+0200: 110.702: [GC [PSYoungGen: 10605K->2401K(11264K)] 19258K->11062K(27648K), 0.0016810 secs] [Times: user=0.00 sys=0.00, real=0.00 secs] 
2014-07-09T15:45:01.884+0200: 110.707: [GC [PSYoungGen: 8524K->320K(11264K)] 17185K->8989K(27648K), 0.0008128 secs] [Times: user=0.00 sys=0.00, real=0.00 secs] 
2014-07-09T15:45:01.887+0200: 110.711: [GC [PSYoungGen: 6441K->5090K(11264K)] 15109K->15055K(27648K), 0.0048923 secs] [Times: user=0.00 sys=0.00, real=0.00 secs] 
2014-07-09T15:45:01.930+0200: 110.753: [GC [PSYoungGen: 11213K->4354K(11264K)] 21178K->14319K(27648K), 0.0033638 secs] [Times: user=0.00 sys=0.00, real=0.00 secs] 
2014-07-09T15:45:01.978+0200: 110.801: [GC [PSYoungGen: 10477K->2273K(11264K)] 20442K->12246K(27648K), 0.0011519 secs] [Times: user=0.00 sys=0.00, real=0.00 secs] 
2014-07-09T15:45:01.982+0200: 110.805: [GC [PSYoungGen: 8396K->192K(11264K)] 18369K->10173K(27648K), 0.0006691 secs] [Times: user=0.00 sys=0.00, real=0.00 secs] 
2014-07-09T15:45:01.985+0200: 110.808: [GC [PSYoungGen: 6313K->5090K(11264K)] 16294K->16240K(27648K), 0.0048846 secs] [Times: user=0.00 sys=0.00, real=0.01 secs] 
2014-07-09T15:45:02.029+0200: 110.852: [GC [PSYoungGen: 11213K->4226K(11264K)] 22363K->15376K(27648K), 0.0028663 secs] [Times: user=0.00 sys=0.00, real=0.00 secs] 
2014-07-09T15:45:02.079+0200: 110.902: [GC [PSYoungGen: 10352K->1120K(11264K)] 21502K->12278K(27648K), 0.0019585 secs] [Times: user=0.00 sys=0.00, real=0.00 secs] 
2014-07-09T15:45:02.085+0200: 110.908: [GC [PSYoungGen: 7241K->5090K(11264K)] 18399K->18345K(27648K), 0.0090373 secs] [Times: user=0.03 sys=0.00, real=0.01 secs] 
2014-07-09T15:45:02.094+0200: 110.917: [Full GC [PSYoungGen: 5090K->0K(11264K)] [ParOldGen: 13255K->7789K(16384K)] 18345K->7789K(27648K) [PSPermGen: 2476K->2476K(21504K)], 0.0181179 secs] [Times: user=0.02 sys=0.00, real=0.02 secs] 
2014-07-09T15:45:02.115+0200: 110.938: [GC [PSYoungGen: 6122K->5090K(11264K)] 13912K->12943K(27648K), 0.0043408 secs] [Times: user=0.03 sys=0.00, real=0.00 secs] 
2014-07-09T15:45:02.129+0200: 110.952: [GC [PSYoungGen: 11213K->3073K(11264K)] 19066K->10934K(27648K), 0.0022273 secs] [Times: user=0.00 sys=0.00, real=0.00 secs] 
2014-07-09T15:45:02.178+0200: 111.002: [GC [PSYoungGen: 9196K->992K(11264K)] 17057K->8861K(27648K), 0.0017488 secs] [Times: user=0.02 sys=0.00, real=0.00 secs] 
2014-07-09T15:45:02.186+0200: 111.009: [GC [PSYoungGen: 7113K->5090K(11264K)] 14982K->14928K(27648K), 0.0083554 secs] [Times: user=0.00 sys=0.00, real=0.01 secs] 
2014-07-09T15:45:02.198+0200: 111.022: [GC [PSYoungGen: 11213K->5026K(11264K)] 21051K->14864K(27648K), 0.0044380 secs] [Times: user=0.00 sys=0.00, real=0.01 secs] 
2014-07-09T15:45:02.228+0200: 111.051: [GC [PSYoungGen: 11149K->2945K(11264K)] 20987K->12791K(27648K), 0.0014126 secs] [Times: user=0.00 sys=0.00, real=0.00 secs] 
2014-07-09T15:45:02.278+0200: 111.102: [GC [PSYoungGen: 9068K->864K(11264K)] 18914K->10718K(27648K), 0.0007417 secs] [Times: user=0.00 sys=0.00, real=0.00 secs] 
2014-07-09T15:45:02.282+0200: 111.105: [GC [PSYoungGen: 6985K->5090K(11264K)] 16839K->16785K(27648K), 0.0050213 secs] [Times: user=0.00 sys=0.00, real=0.00 secs] 
2014-07-09T15:45:02.290+0200: 111.113: [GC [PSYoungGen: 11227K->3745K(11264K)] 22922K->15440K(27648K), 0.0028857 secs] [Times: user=0.00 sys=0.00, real=0.00 secs] 
2014-07-09T15:45:02.328+0200: 111.151: [GC [PSYoungGen: 9874K->640K(11264K)] 21569K->12343K(27648K), 0.0006310 secs] [Times: user=0.00 sys=0.00, real=0.00 secs] 
2014-07-09T15:45:02.330+0200: 111.154: [GC [PSYoungGen: 6761K->5090K(11264K)] 18464K->18410K(27648K), 0.0054015 secs] [Times: user=0.02 sys=0.00, real=0.01 secs] 
2014-07-09T15:45:02.380+0200: 111.203: [GC [PSYoungGen: 11213K->4674K(11264K)] 24533K->17993K(27648K), 0.0068856 secs] [Times: user=0.03 sys=0.00, real=0.01 secs] 
2014-07-09T15:45:02.391+0200: 111.215: [GC [PSYoungGen: 10797K->2593K(11264K)] 24116K->15920K(27648K), 0.0034969 secs] [Times: user=0.00 sys=0.00, real=0.00 secs] 
2014-07-09T15:45:02.428+0200: 111.251: [GC [PSYoungGen: 8716K->512K(11264K)] 22043K->13847K(27648K), 0.0009103 secs] [Times: user=0.02 sys=0.00, real=0.00 secs] 
2014-07-09T15:45:02.431+0200: 111.254: [GC [PSYoungGen: 6633K->5090K(11264K)] 19968K->19914K(27648K), 0.0058389 secs] [Times: user=0.00 sys=0.00, real=0.01 secs] 
2014-07-09T15:45:02.437+0200: 111.260: [Full GC [PSYoungGen: 5090K->0K(11264K)] [ParOldGen: 14824K->7182K(16384K)] 19914K->7182K(27648K) [PSPermGen: 2476K->2476K(21504K)], 0.0132235 secs] [Times: user=0.01 sys=0.00, real=0.01 secs] 
2014-07-09T15:45:02.479+0200: 111.303: [GC [PSYoungGen: 6122K->4546K(11264K)] 13305K->11728K(27648K), 0.0037744 secs] [Times: user=0.00 sys=0.00, real=0.00 secs] 
2014-07-09T15:45:02.486+0200: 111.309: [GC [PSYoungGen: 10669K->2465K(11264K)] 17851K->9655K(27648K), 0.0019556 secs] [Times: user=0.00 sys=0.00, real=0.00 secs] 
2014-07-09T15:45:02.528+0200: 111.351: [GC [PSYoungGen: 8604K->448K(11264K)] 15795K->7646K(27648K), 0.0008601 secs] [Times: user=0.00 sys=0.00, real=0.00 secs] 
2014-07-09T15:45:02.531+0200: 111.355: [GC [PSYoungGen: 6590K->5090K(11264K)] 13788K->12713K(27648K), 0.0045865 secs] [Times: user=0.00 sys=0.00, real=0.01 secs] 
2014-07-09T15:45:02.579+0200: 111.403: [GC [PSYoungGen: 11213K->3393K(11264K)] 18836K->11024K(27648K), 0.0097196 secs] [Times: user=0.02 sys=0.00, real=0.01 secs] 
2014-07-09T15:45:02.591+0200: 111.415: [GC [PSYoungGen: 9516K->1344K(11264K)] 17147K->8983K(27648K), 0.0013646 secs] [Times: user=0.00 sys=0.00, real=0.00 secs] 
2014-07-09T15:45:02.596+0200: 111.419: [GC [PSYoungGen: 7465K->5090K(11264K)] 15104K->15050K(27648K), 0.0062246 secs] [Times: user=0.03 sys=0.00, real=0.01 secs] 
2014-07-09T15:45:02.629+0200: 111.452: [GC [PSYoungGen: 11213K->5090K(11264K)] 21173K->15338K(27648K), 0.0049150 secs] [Times: user=0.03 sys=0.00, real=0.01 secs] 
2014-07-09T15:45:02.680+0200: 111.503: [GC [PSYoungGen: 11213K->3297K(11264K)] 21461K->13553K(27648K), 0.0044750 secs] [Times: user=0.00 sys=0.00, real=0.00 secs] 
2014-07-09T15:45:02.689+0200: 111.512: [GC [PSYoungGen: 9420K->1216K(11264K)] 19676K->11480K(27648K), 0.0030943 secs] [Times: user=0.00 sys=0.00, real=0.00 secs] 
2014-07-09T15:45:02.697+0200: 111.520: [GC [PSYoungGen: 7337K->5090K(11264K)] 17601K->17547K(27648K), 0.0095634 secs] [Times: user=0.00 sys=0.00, real=0.01 secs] 
2014-07-09T15:45:02.730+0200: 111.553: [GC [PSYoungGen: 11213K->5090K(11264K)] 23670K->17707K(27648K), 0.0042558 secs] [Times: user=0.00 sys=0.00, real=0.00 secs] 
2014-07-09T15:45:02.780+0200: 111.603: [GC [PSYoungGen: 11213K->3137K(11264K)] 23830K->15762K(27648K), 0.0132319 secs] [Times: user=0.00 sys=0.00, real=0.01 secs] 
2014-07-09T15:45:02.798+0200: 111.621: [GC [PSYoungGen: 9260K->1056K(11264K)] 21885K->13689K(27648K), 0.0209464 secs] [Times: user=0.03 sys=0.00, real=0.02 secs] 
2014-07-09T15:45:02.822+0200: 111.645: [GC [PSYoungGen: 7177K->5090K(11264K)] 19810K->19780K(27648K), 0.0063401 secs] [Times: user=0.00 sys=0.00, real=0.01 secs] 
2014-07-09T15:45:02.829+0200: 111.652: [Full GC [PSYoungGen: 5090K->0K(11264K)] [ParOldGen: 14690K->7758K(16384K)] 19780K->7758K(27648K) [PSPermGen: 2476K->2476K(21504K)], 0.0110835 secs] [Times: user=0.01 sys=0.00, real=0.01 secs] 
2014-07-09T15:45:02.842+0200: 111.665: [GC [PSYoungGen: 6132K->3585K(11264K)] 13890K->11344K(27648K), 0.0027116 secs] [Times: user=0.00 sys=0.00, real=0.00 secs] 
2014-07-09T15:45:02.880+0200: 111.703: [GC [PSYoungGen: 9708K->1472K(11264K)] 17467K->9239K(27648K), 0.0137466 secs] [Times: user=0.02 sys=0.00, real=0.01 secs] 
2014-07-09T15:45:02.897+0200: 111.720: [GC [PSYoungGen: 7593K->5090K(11264K)] 15360K->15338K(27648K), 0.0057469 secs] [Times: user=0.00 sys=0.00, real=0.01 secs] 
2014-07-09T15:45:02.905+0200: 111.729: [GC [PSYoungGen: 11213K->5090K(11264K)] 21461K->15786K(27648K), 0.0044230 secs] [Times: user=0.00 sys=0.00, real=0.01 secs] 
2014-07-09T15:45:02.929+0200: 111.753: [GC [PSYoungGen: 11213K->3457K(11264K)] 21909K->14161K(27648K), 0.0026525 secs] [Times: user=0.00 sys=0.00, real=0.00 secs] 
2014-07-09T15:45:02.979+0200: 111.802: [GC [PSYoungGen: 9580K->1376K(11264K)] 20284K->12088K(27648K), 0.0008282 secs] [Times: user=0.00 sys=0.00, real=0.00 secs] 
2014-07-09T15:45:02.982+0200: 111.805: [GC [PSYoungGen: 7497K->5090K(11264K)] 18209K->18155K(27648K), 0.0063309 secs] [Times: user=0.00 sys=0.00, real=0.01 secs] 
2014-07-09T15:45:02.991+0200: 111.814: [GC [PSYoungGen: 11213K->5090K(11264K)] 24278K->18475K(27648K), 0.0047555 secs] [Times: user=0.00 sys=0.00, real=0.00 secs] 
2014-07-09T15:45:03.029+0200: 111.852: [GC [PSYoungGen: 11213K->3329K(11264K)] 24598K->16723K(27648K), 0.0019383 secs] [Times: user=0.00 sys=0.00, real=0.00 secs] 
2014-07-09T15:45:03.034+0200: 111.857: [GC [PSYoungGen: 9470K->224K(11264K)] 22864K->13625K(27648K), 0.0007197 secs] [Times: user=0.00 sys=0.00, real=0.00 secs] 
2014-07-09T15:45:03.079+0200: 111.902: [GC [PSYoungGen: 6338K->5090K(11264K)] 19739K->19236K(27648K), 0.0061941 secs] [Times: user=0.02 sys=0.00, real=0.01 secs] 
2014-07-09T15:45:03.085+0200: 111.909: [Full GC [PSYoungGen: 5090K->0K(11264K)] [ParOldGen: 14145K->6383K(16384K)] 19236K->6383K(27648K) [PSPermGen: 2476K->2476K(21504K)], 0.0089666 secs] [Times: user=0.00 sys=0.00, real=0.01 secs] 
2014-07-09T15:45:03.097+0200: 111.920: [GC [PSYoungGen: 6122K->3745K(11264K)] 12506K->10128K(27648K), 0.0035541 secs] [Times: user=0.03 sys=0.00, real=0.00 secs] 
2014-07-09T15:45:03.128+0200: 111.952: [GC [PSYoungGen: 9868K->1664K(11264K)] 16251K->8055K(27648K), 0.0009815 secs] [Times: user=0.00 sys=0.00, real=0.00 secs] 
2014-07-09T15:45:03.132+0200: 111.955: [GC [PSYoungGen: 7785K->5090K(11264K)] 14176K->14122K(27648K), 0.0056446 secs] [Times: user=0.00 sys=0.00, real=0.01 secs] 
2014-07-09T15:45:03.179+0200: 112.003: [GC [PSYoungGen: 11213K->5090K(11264K)] 20245K->14731K(27648K), 0.0043570 secs] [Times: user=0.00 sys=0.00, real=0.01 secs] 
2014-07-09T15:45:03.186+0200: 112.009: [GC [PSYoungGen: 11213K->3617K(11264K)] 20854K->13266K(27648K), 0.0027193 secs] [Times: user=0.00 sys=0.00, real=0.00 secs] 
2014-07-09T15:45:03.228+0200: 112.051: [GC [PSYoungGen: 9740K->1536K(11264K)] 19389K->11193K(27648K), 0.0008755 secs] [Times: user=0.00 sys=0.00, real=0.00 secs] 
2014-07-09T15:45:03.231+0200: 112.054: [GC [PSYoungGen: 7657K->5090K(11264K)] 17314K->17260K(27648K), 0.0058466 secs] [Times: user=0.00 sys=0.00, real=0.01 secs] 
2014-07-09T15:45:03.282+0200: 112.105: [GC [PSYoungGen: 11213K->5090K(11264K)] 23383K->17740K(27648K), 0.0076291 secs] [Times: user=0.03 sys=0.00, real=0.01 secs] 
2014-07-09T15:45:03.294+0200: 112.117: [GC [PSYoungGen: 11213K->3489K(11264K)] 23863K->16147K(27648K), 0.0049872 secs] [Times: user=0.00 sys=0.00, real=0.01 secs] 
2014-07-09T15:45:03.305+0200: 112.128: [GC [PSYoungGen: 9631K->256K(11264K)] 22289K->12922K(27648K), 0.0029403 secs] [Times: user=0.00 sys=0.00, real=0.00 secs] 
2014-07-09T15:45:03.329+0200: 112.152: [GC [PSYoungGen: 6374K->5090K(11264K)] 19040K->18533K(27648K), 0.0046734 secs] [Times: user=0.02 sys=0.00, real=0.01 secs] 
2014-07-09T15:45:03.379+0200: 112.202: [GC [PSYoungGen: 11213K->3777K(11264K)] 24655K->17228K(27648K), 0.0025044 secs] [Times: user=0.03 sys=0.00, real=0.00 secs] 
2014-07-09T15:45:03.384+0200: 112.207: [GC [PSYoungGen: 9900K->1696K(11264K)] 23351K->15155K(27648K), 0.0016971 secs] [Times: user=0.00 sys=0.00, real=0.00 secs] 
2014-07-09T15:45:03.388+0200: 112.211: [GC [PSYoungGen: 7817K->5090K(11264K)] 21276K->21222K(27648K), 0.0058037 secs] [Times: user=0.00 sys=0.00, real=0.01 secs] 
2014-07-09T15:45:03.394+0200: 112.217: [Full GC [PSYoungGen: 5090K->0K(11264K)] [ParOldGen: 16131K->8369K(16384K)] 21222K->8369K(27648K) [PSPermGen: 2476K->2476K(21504K)], 0.0101984 secs] [Times: user=0.02 sys=0.00, real=0.01 secs] 
2014-07-09T15:45:03.429+0200: 112.253: [GC [PSYoungGen: 6122K->5090K(11264K)] 14492K->14100K(27648K), 0.0044860 secs] [Times: user=0.00 sys=0.00, real=0.01 secs] 
2014-07-09T15:45:03.479+0200: 112.302: [GC [PSYoungGen: 11213K->3649K(11264K)] 20222K->12667K(27648K), 0.0025052 secs] [Times: user=0.00 sys=0.00, real=0.00 secs] 
2014-07-09T15:45:03.484+0200: 112.307: [GC [PSYoungGen: 9772K->1568K(11264K)] 18790K->10594K(27648K), 0.0013712 secs] [Times: user=0.00 sys=0.00, real=0.00 secs] 
2014-07-09T15:45:03.488+0200: 112.311: [GC [PSYoungGen: 7689K->5090K(11264K)] 16715K->16661K(27648K), 0.0058579 secs] [Times: user=0.03 sys=0.00, real=0.01 secs] 
2014-07-09T15:45:03.529+0200: 112.352: [GC [PSYoungGen: 11213K->5090K(11264K)] 22784K->17173K(27648K), 0.0043287 secs] [Times: user=0.00 sys=0.00, real=0.00 secs] 
2014-07-09T15:45:03.579+0200: 112.403: [GC [PSYoungGen: 11218K->2497K(11264K)] 23301K->14588K(27648K), 0.0027875 secs] [Times: user=0.00 sys=0.00, real=0.00 secs] 
2014-07-09T15:45:03.588+0200: 112.411: [GC [PSYoungGen: 8620K->416K(11264K)] 20711K->12515K(27648K), 0.0016483 secs] [Times: user=0.00 sys=0.00, real=0.00 secs] 
2014-07-09T15:45:03.594+0200: 112.417: [GC [PSYoungGen: 6537K->5090K(11264K)] 18636K->18582K(27648K), 0.0097445 secs] [Times: user=0.03 sys=0.00, real=0.01 secs] 
2014-07-09T15:45:03.629+0200: 112.452: [GC [PSYoungGen: 11213K->4450K(11264K)] 24705K->17941K(27648K), 0.0033326 secs] [Times: user=0.03 sys=0.00, real=0.00 secs] 
2014-07-09T15:45:03.679+0200: 112.503: [GC [PSYoungGen: 10573K->2369K(11264K)] 24064K->15868K(27648K), 0.0026855 secs] [Times: user=0.00 sys=0.00, real=0.00 secs] 
2014-07-09T15:45:03.687+0200: 112.510: [GC [PSYoungGen: 8492K->288K(11264K)] 21991K->13795K(27648K), 0.0018518 secs] [Times: user=0.00 sys=0.00, real=0.00 secs] 
2014-07-09T15:45:03.694+0200: 112.517: [GC [PSYoungGen: 6409K->5090K(11264K)] 19916K->19862K(27648K), 0.0059309 secs] [Times: user=0.00 sys=0.00, real=0.01 secs] 
2014-07-09T15:45:03.700+0200: 112.523: [Full GC [PSYoungGen: 5090K->0K(11264K)] [ParOldGen: 14772K->6960K(16384K)] 19862K->6960K(27648K) [PSPermGen: 2476K->2476K(21504K)], 0.0132836 secs] [Times: user=0.01 sys=0.00, real=0.01 secs] 
2014-07-09T15:45:03.729+0200: 112.552: [GC [PSYoungGen: 6122K->4322K(11264K)] 13083K->11282K(27648K), 0.0028487 secs] [Times: user=0.00 sys=0.00, real=0.00 secs] 
2014-07-09T15:45:03.778+0200: 112.602: [GC [PSYoungGen: 10445K->2241K(11264K)] 17405K->9209K(27648K), 0.0011483 secs] [Times: user=0.00 sys=0.00, real=0.00 secs] 
2014-07-09T15:45:03.782+0200: 112.605: [GC [PSYoungGen: 8380K->160K(11264K)] 15348K->7136K(27648K), 0.0006431 secs] [Times: user=0.00 sys=0.00, real=0.00 secs] 
2014-07-09T15:45:03.785+0200: 112.609: [GC [PSYoungGen: 6281K->4226K(11264K)] 13258K->11210K(27648K), 0.0034965 secs] [Times: user=0.03 sys=0.00, real=0.00 secs] 
2014-07-09T15:45:03.828+0200: 112.652: [GC [PSYoungGen: 10349K->2145K(11264K)] 17333K->9137K(27648K), 0.0010548 secs] [Times: user=0.00 sys=0.00, real=0.00 secs] 
2014-07-09T15:45:03.902+0200: 112.725: [GC [PSYoungGen: 8266K->32K(11264K)] 15258K->7032K(27648K), 0.0008905 secs] [Times: user=0.00 sys=0.00, real=0.00 secs] 
2014-07-09T15:45:03.905+0200: 112.729: [GC [PSYoungGen: 6152K->5090K(11264K)] 13153K->13131K(27648K), 0.0046704 secs] [Times: user=0.00 sys=0.00, real=0.01 secs] 
2014-07-09T15:45:03.913+0200: 112.737: [GC [PSYoungGen: 11211K->4097K(11264K)] 19252K->12139K(27648K), 0.0030371 secs] [Times: user=0.00 sys=0.00, real=0.00 secs] 
2014-07-09T15:45:03.929+0200: 112.752: [GC [PSYoungGen: 10220K->2016K(11264K)] 18262K->10066K(27648K), 0.0014372 secs] [Times: user=0.00 sys=0.00, real=0.00 secs] 
2014-07-09T15:45:03.933+0200: 112.757: [GC [PSYoungGen: 8137K->5090K(11264K)] 16186K->16132K(27648K), 0.0060853 secs] [Times: user=0.00 sys=0.00, real=0.01 secs] 
2014-07-09T15:45:03.980+0200: 112.803: [GC [PSYoungGen: 11213K->5090K(11264K)] 22255K->17093K(27648K), 0.0058653 secs] [Times: user=0.00 sys=0.00, real=0.01 secs] 
2014-07-09T15:45:03.989+0200: 112.812: [GC [PSYoungGen: 11213K->3969K(11264K)] 23216K->15980K(27648K), 0.0027398 secs] [Times: user=0.00 sys=0.00, real=0.00 secs] 
2014-07-09T15:45:04.028+0200: 112.852: [GC [PSYoungGen: 10092K->1888K(11264K)] 22103K->13907K(27648K), 0.0012509 secs] [Times: user=0.00 sys=0.00, real=0.00 secs] 
2014-07-09T15:45:04.032+0200: 112.856: [GC [PSYoungGen: 8009K->5090K(11264K)] 20028K->19974K(27648K), 0.0077208 secs] [Times: user=0.02 sys=0.00, real=0.01 secs] 
2014-07-09T15:45:04.040+0200: 112.864: [Full GC [PSYoungGen: 5090K->0K(11264K)] [ParOldGen: 14884K->8562K(16384K)] 19974K->8562K(27648K) [PSPermGen: 2476K->2476K(21504K)], 0.0148615 secs] [Times: user=0.03 sys=0.00, real=0.02 secs] 
2014-07-09T15:45:04.079+0200: 112.902: [GC [PSYoungGen: 6128K->4898K(11264K)] 14690K->13460K(27648K), 0.0035079 secs] [Times: user=0.00 sys=0.02, real=0.00 secs] 
2014-07-09T15:45:04.086+0200: 112.909: [GC [PSYoungGen: 11021K->2785K(11264K)] 19583K->11355K(27648K), 0.0043108 secs] [Times: user=0.00 sys=0.00, real=0.00 secs] 
2014-07-09T15:45:04.128+0200: 112.951: [GC [PSYoungGen: 8908K->736K(11264K)] 17478K->9314K(27648K), 0.0007541 secs] [Times: user=0.00 sys=0.00, real=0.00 secs] 
2014-07-09T15:45:04.131+0200: 112.954: [GC [PSYoungGen: 6857K->5090K(11264K)] 15435K->15381K(27648K), 0.0053348 secs] [Times: user=0.00 sys=0.00, real=0.01 secs] 
2014-07-09T15:45:04.179+0200: 113.002: [GC [PSYoungGen: 11213K->4770K(11264K)] 21504K->15061K(27648K), 0.0034089 secs] [Times: user=0.00 sys=0.00, real=0.00 secs] 
2014-07-09T15:45:04.185+0200: 113.009: [GC [PSYoungGen: 10893K->2689K(11264K)] 21184K->12988K(27648K), 0.0017965 secs] [Times: user=0.00 sys=0.00, real=0.00 secs] 
2014-07-09T15:45:04.228+0200: 113.051: [GC [PSYoungGen: 8812K->608K(11264K)] 19111K->10915K(27648K), 0.0006203 secs] [Times: user=0.00 sys=0.00, real=0.00 secs] 
2014-07-09T15:45:04.230+0200: 113.054: [GC [PSYoungGen: 6729K->5090K(11264K)] 17036K->16982K(27648K), 0.0051152 secs] [Times: user=0.00 sys=0.00, real=0.01 secs] 
2014-07-09T15:45:04.281+0200: 113.104: [GC [PSYoungGen: 11213K->4642K(11264K)] 23105K->16534K(27648K), 0.0058180 secs] [Times: user=0.02 sys=0.00, real=0.01 secs] 
2014-07-09T15:45:04.291+0200: 113.114: [GC [PSYoungGen: 10765K->2561K(11264K)] 22657K->14461K(27648K), 0.0035588 secs] [Times: user=0.00 sys=0.00, real=0.00 secs] 
2014-07-09T15:45:04.301+0200: 113.125: [GC [PSYoungGen: 8703K->512K(11264K)] 20603K->12420K(27648K), 0.0020978 secs] [Times: user=0.00 sys=0.00, real=0.00 secs] 
2014-07-09T15:45:04.329+0200: 113.152: [GC [PSYoungGen: 6630K->4930K(11264K)] 18538K->16846K(27648K), 0.0036391 secs] [Times: user=0.01 sys=0.00, real=0.00 secs] 
2014-07-09T15:45:04.378+0200: 113.202: [GC [PSYoungGen: 11053K->2849K(11264K)] 22969K->14773K(27648K), 0.0015622 secs] [Times: user=0.03 sys=0.00, real=0.00 secs] 
2014-07-09T15:45:04.383+0200: 113.206: [GC [PSYoungGen: 8972K->768K(11264K)] 20896K->12700K(27648K), 0.0010354 secs] [Times: user=0.00 sys=0.00, real=0.00 secs] 
2014-07-09T15:45:04.386+0200: 113.210: [GC [PSYoungGen: 6889K->5090K(11264K)] 18821K->18767K(27648K), 0.0053483 secs] [Times: user=0.00 sys=0.00, real=0.01 secs] 
2014-07-09T15:45:04.430+0200: 113.253: [GC [PSYoungGen: 11213K->4770K(11264K)] 24890K->18447K(27648K), 0.0082014 secs] [Times: user=0.00 sys=0.00, real=0.01 secs] 
2014-07-09T15:45:04.479+0200: 113.303: [GC [PSYoungGen: 10893K->2721K(11264K)] 24570K->16406K(27648K), 0.0029150 secs] [Times: user=0.00 sys=0.00, real=0.00 secs] 
2014-07-09T15:45:04.488+0200: 113.311: [GC [PSYoungGen: 8844K->640K(11264K)] 22529K->14333K(27648K), 0.0019768 secs] [Times: user=0.03 sys=0.00, real=0.00 secs] 
2014-07-09T15:45:04.494+0200: 113.317: [GC [PSYoungGen: 6761K->5090K(11264K)] 20454K->20400K(27648K), 0.0091671 secs] [Times: user=0.00 sys=0.00, real=0.01 secs] 
2014-07-09T15:45:04.504+0200: 113.327: [Full GC [PSYoungGen: 5090K->0K(11264K)] [ParOldGen: 15309K->7314K(16384K)] 20400K->7314K(27648K) [PSPermGen: 2476K->2476K(21504K)], 0.0179819 secs] [Times: user=0.02 sys=0.00, real=0.02 secs] 
2014-07-09T15:45:04.529+0200: 113.353: [GC [PSYoungGen: 6122K->4642K(11264K)] 13437K->11957K(27648K), 0.0049227 secs] [Times: user=0.00 sys=0.00, real=0.00 secs] 
2014-07-09T15:45:04.578+0200: 113.402: [GC [PSYoungGen: 10774K->1056K(11264K)] 18089K->8379K(27648K), 0.0017107 secs] [Times: user=0.00 sys=0.00, real=0.00 secs] 
2014-07-09T15:45:04.585+0200: 113.408: [GC [PSYoungGen: 7177K->5090K(11264K)] 14500K->14446K(27648K), 0.0088613 secs] [Times: user=0.00 sys=0.00, real=0.01 secs] 
2014-07-09T15:45:04.598+0200: 113.421: [GC [PSYoungGen: 11213K->5090K(11264K)] 20569K->14446K(27648K), 0.0072262 secs] [Times: user=0.00 sys=0.00, real=0.01 secs] 
2014-07-09T15:45:04.629+0200: 113.453: [GC [PSYoungGen: 11213K->3009K(11264K)] 20569K->12373K(27648K), 0.0030415 secs] [Times: user=0.00 sys=0.00, real=0.00 secs] 
2014-07-09T15:45:04.678+0200: 113.502: [GC [PSYoungGen: 9132K->928K(11264K)] 18496K->10300K(27648K), 0.0017646 secs] [Times: user=0.00 sys=0.00, real=0.00 secs] 
2014-07-09T15:45:04.684+0200: 113.507: [GC [PSYoungGen: 7049K->5090K(11264K)] 16421K->16367K(27648K), 0.0092903 secs] [Times: user=0.03 sys=0.00, real=0.01 secs] 
2014-07-09T15:45:04.697+0200: 113.521: [GC [PSYoungGen: 11213K->4962K(11264K)] 22490K->16239K(27648K), 0.0069274 secs] [Times: user=0.00 sys=0.00, real=0.01 secs] 
2014-07-09T15:45:04.729+0200: 113.552: [GC [PSYoungGen: 11085K->2881K(11264K)] 22362K->14166K(27648K), 0.0017037 secs] [Times: user=0.00 sys=0.00, real=0.00 secs] 
2014-07-09T15:45:04.779+0200: 113.602: [GC [PSYoungGen: 9004K->800K(11264K)] 20289K->12093K(27648K), 0.0016945 secs] [Times: user=0.00 sys=0.00, real=0.00 secs] 
2014-07-09T15:45:04.784+0200: 113.608: [GC [PSYoungGen: 6921K->5090K(11264K)] 18214K->18160K(27648K), 0.0091502 secs] [Times: user=0.02 sys=0.00, real=0.01 secs] 
2014-07-09T15:45:04.798+0200: 113.621: [GC [PSYoungGen: 11219K->4322K(11264K)] 24288K->17391K(27648K), 0.0066543 secs] [Times: user=0.02 sys=0.00, real=0.01 secs] 
2014-07-09T15:45:04.828+0200: 113.652: [GC [PSYoungGen: 10448K->1216K(11264K)] 23518K->14294K(27648K), 0.0012586 secs] [Times: user=0.00 sys=0.00, real=0.00 secs] 
2014-07-09T15:45:04.832+0200: 113.655: [GC [PSYoungGen: 7337K->5090K(11264K)] 20415K->20361K(27648K), 0.0060952 secs] [Times: user=0.00 sys=0.00, real=0.01 secs] 
2014-07-09T15:45:04.838+0200: 113.661: [Full GC [PSYoungGen: 5090K->0K(11264K)] [ParOldGen: 15270K->7892K(16384K)] 20361K->7892K(27648K) [PSPermGen: 2476K->2476K(21504K)], 0.0135747 secs] [Times: user=0.03 sys=0.00, real=0.01 secs] 
2014-07-09T15:45:04.880+0200: 113.703: [GC [PSYoungGen: 6122K->5090K(11264K)] 14015K->13110K(27648K), 0.0171731 secs] [Times: user=0.02 sys=0.00, real=0.02 secs] 
2014-07-09T15:45:04.900+0200: 113.723: [GC [PSYoungGen: 11213K->3169K(11264K)] 19233K->11197K(27648K), 0.0025268 secs] [Times: user=0.00 sys=0.00, real=0.00 secs] 
2014-07-09T15:45:04.928+0200: 113.751: [GC [PSYoungGen: 9292K->1088K(11264K)] 17320K->9124K(27648K), 0.0009408 secs] [Times: user=0.00 sys=0.00, real=0.00 secs] 
2014-07-09T15:45:04.932+0200: 113.755: [GC [PSYoungGen: 7209K->5090K(11264K)] 15245K->15191K(27648K), 0.0054873 secs] [Times: user=0.00 sys=0.00, real=0.01 secs] 
2014-07-09T15:45:04.979+0200: 113.802: [GC [PSYoungGen: 11213K->5090K(11264K)] 21314K->15223K(27648K), 0.0037308 secs] [Times: user=0.00 sys=0.00, real=0.00 secs] 
2014-07-09T15:45:04.986+0200: 113.809: [GC [PSYoungGen: 11213K->3041K(11264K)] 21346K->13182K(27648K), 0.0024113 secs] [Times: user=0.03 sys=0.00, real=0.00 secs] 
2014-07-09T15:45:05.029+0200: 113.852: [GC [PSYoungGen: 9183K->1248K(11264K)] 19325K->11397K(27648K), 0.0018577 secs] [Times: user=0.00 sys=0.00, real=0.00 secs] 
2014-07-09T15:45:05.035+0200: 113.858: [GC [PSYoungGen: 7387K->5090K(11264K)] 17536K->16240K(27648K), 0.0080284 secs] [Times: user=0.00 sys=0.00, real=0.01 secs] 
2014-07-09T15:45:05.080+0200: 113.904: [GC [PSYoungGen: 11213K->4001K(11264K)] 22363K->15159K(27648K), 0.0052391 secs] [Times: user=0.03 sys=0.00, real=0.01 secs] 
2014-07-09T15:45:05.090+0200: 113.913: [GC [PSYoungGen: 10124K->1920K(11264K)] 21282K->13086K(27648K), 0.0027838 secs] [Times: user=0.00 sys=0.00, real=0.00 secs] 
2014-07-09T15:45:05.097+0200: 113.921: [GC [PSYoungGen: 8041K->5090K(11264K)] 19207K->19153K(27648K), 0.0099689 secs] [Times: user=0.00 sys=0.00, real=0.01 secs] 
2014-07-09T15:45:05.108+0200: 113.931: [Full GC [PSYoungGen: 5090K->0K(11264K)] [ParOldGen: 14063K->8596K(16384K)] 19153K->8596K(27648K) [PSPermGen: 2476K->2476K(21504K)], 0.0138438 secs] [Times: user=0.02 sys=0.00, real=0.01 secs] 
2014-07-09T15:45:05.130+0200: 113.953: [GC [PSYoungGen: 6122K->5090K(11264K)] 14719K->14551K(27648K), 0.0047980 secs] [Times: user=0.00 sys=0.00, real=0.00 secs] 
2014-07-09T15:45:05.180+0200: 114.003: [GC [PSYoungGen: 11213K->3873K(11264K)] 20674K->13343K(27648K), 0.0045410 secs] [Times: user=0.00 sys=0.00, real=0.00 secs] 
2014-07-09T15:45:05.189+0200: 114.013: [GC [PSYoungGen: 9996K->1792K(11264K)] 19465K->11269K(27648K), 0.0031775 secs] [Times: user=0.03 sys=0.00, real=0.00 secs] 
2014-07-09T15:45:05.196+0200: 114.019: [GC [PSYoungGen: 7913K->5090K(11264K)] 17390K->17336K(27648K), 0.0063540 secs] [Times: user=0.00 sys=0.00, real=0.01 secs] 
2014-07-09T15:45:05.230+0200: 114.054: [GC [PSYoungGen: 11213K->5090K(11264K)] 23459K->18073K(27648K), 0.0046371 secs] [Times: user=0.00 sys=0.00, real=0.00 secs] 
2014-07-09T15:45:05.279+0200: 114.102: [GC [PSYoungGen: 11213K->3745K(11264K)] 24196K->16736K(27648K), 0.0023328 secs] [Times: user=0.00 sys=0.00, real=0.00 secs] 
2014-07-09T15:45:05.283+0200: 114.107: [GC [PSYoungGen: 9868K->1664K(11264K)] 22859K->14663K(27648K), 0.0024865 secs] [Times: user=0.00 sys=0.02, real=0.00 secs] 
2014-07-09T15:45:05.288+0200: 114.112: [GC [PSYoungGen: 7785K->5090K(11264K)] 20784K->20730K(27648K), 0.0057634 secs] [Times: user=0.00 sys=0.00, real=0.01 secs] 
2014-07-09T15:45:05.294+0200: 114.118: [Full GC [PSYoungGen: 5090K->0K(11264K)] [ParOldGen: 15640K->8340K(16384K)] 20730K->8340K(27648K) [PSPermGen: 2476K->2476K(21504K)], 0.0119351 secs] [Times: user=0.02 sys=0.00, real=0.01 secs] 
2014-07-09T15:45:05.329+0200: 114.152: [GC [PSYoungGen: 6142K->3521K(11264K)] 14483K->11862K(27648K), 0.0020703 secs] [Times: user=0.01 sys=0.00, real=0.00 secs] 
2014-07-09T15:45:05.380+0200: 114.203: [GC [PSYoungGen: 9644K->1440K(11264K)] 17985K->9789K(27648K), 0.0019361 secs] [Times: user=0.00 sys=0.00, real=0.00 secs] 
2014-07-09T15:45:05.386+0200: 114.209: [GC [PSYoungGen: 7561K->5090K(11264K)] 15910K->15856K(27648K), 0.0093490 secs] [Times: user=0.03 sys=0.00, real=0.01 secs] 
2014-07-09T15:45:05.400+0200: 114.223: [GC [PSYoungGen: 11213K->5090K(11264K)] 21979K->16240K(27648K), 0.0065135 secs] [Times: user=0.00 sys=0.00, real=0.01 secs] 
2014-07-09T15:45:05.429+0200: 114.253: [GC [PSYoungGen: 11213K->3393K(11264K)] 22363K->14551K(27648K), 0.0020865 secs] [Times: user=0.00 sys=0.00, real=0.00 secs] 
2014-07-09T15:45:05.479+0200: 114.302: [GC [PSYoungGen: 9516K->1280K(11264K)] 20674K->12446K(27648K), 0.0319980 secs] [Times: user=0.03 sys=0.00, real=0.03 secs] 
2014-07-09T15:45:05.514+0200: 114.337: [GC [PSYoungGen: 7401K->5090K(11264K)] 18567K->18545K(27648K), 0.0060086 secs] [Times: user=0.02 sys=0.00, real=0.01 secs] 
2014-07-09T15:45:05.520+0200: 114.343: [Full GC [PSYoungGen: 5090K->0K(11264K)] [ParOldGen: 13455K->7990K(16384K)] 18545K->7990K(27648K) [PSPermGen: 2476K->2476K(21504K)], 0.0125705 secs] [Times: user=0.00 sys=0.00, real=0.01 secs] 
2014-07-09T15:45:05.535+0200: 114.359: [GC [PSYoungGen: 6122K->5090K(11264K)] 14113K->13336K(27648K), 0.0039431 secs] [Times: user=0.00 sys=0.00, real=0.00 secs] 
2014-07-09T15:45:05.541+0200: 114.365: [GC [PSYoungGen: 11213K->3265K(11264K)] 19459K->11519K(27648K), 0.0024157 secs] [Times: user=0.00 sys=0.00, real=0.00 secs] 
2014-07-09T15:45:05.578+0200: 114.401: [GC [PSYoungGen: 9394K->160K(11264K)] 17648K->8422K(27648K), 0.0004542 secs] [Times: user=0.00 sys=0.00, real=0.00 secs] 
2014-07-09T15:45:05.580+0200: 114.403: [GC [PSYoungGen: 6281K->5090K(11264K)] 14543K->14489K(27648K), 0.0049157 secs] [Times: user=0.00 sys=0.00, real=0.01 secs] 
2014-07-09T15:45:05.587+0200: 114.411: [GC [PSYoungGen: 11213K->4194K(11264K)] 20612K->13592K(27648K), 0.0038939 secs] [Times: user=0.00 sys=0.00, real=0.00 secs] 
2014-07-09T15:45:05.628+0200: 114.452: [GC [PSYoungGen: 10315K->2113K(11264K)] 19713K->11519K(27648K), 0.0009950 secs] [Times: user=0.00 sys=0.00, real=0.00 secs] 
2014-07-09T15:45:05.631+0200: 114.455: [GC [PSYoungGen: 8233K->5090K(11264K)] 17640K->17586K(27648K), 0.0062198 secs] [Times: user=0.00 sys=0.00, real=0.01 secs] 
2014-07-09T15:45:05.681+0200: 114.505: [GC [PSYoungGen: 11212K->5090K(11264K)] 23708K->18643K(27648K), 0.0080599 secs] [Times: user=0.00 sys=0.00, real=0.01 secs] 
2014-07-09T15:45:05.690+0200: 114.513: [Full GC [PSYoungGen: 5090K->0K(11264K)] [ParOldGen: 13552K->6709K(16384K)] 18643K->6709K(27648K) [PSPermGen: 2476K->2476K(21504K)], 0.0198491 secs] [Times: user=0.02 sys=0.00, real=0.02 secs] 
2014-07-09T15:45:05.712+0200: 114.536: [GC [PSYoungGen: 6122K->4065K(11264K)] 12832K->10775K(27648K), 0.0033682 secs] [Times: user=0.00 sys=0.00, real=0.00 secs] 
2014-07-09T15:45:05.729+0200: 114.552: [GC [PSYoungGen: 10188K->1984K(11264K)] 16898K->8702K(27648K), 0.0013921 secs] [Times: user=0.00 sys=0.00, real=0.00 secs] 
2014-07-09T15:45:05.732+0200: 114.556: [GC [PSYoungGen: 8105K->5090K(11264K)] 14823K->14769K(27648K), 0.0067855 secs] [Times: user=0.03 sys=0.00, real=0.01 secs] 
2014-07-09T15:45:05.780+0200: 114.603: [GC [PSYoungGen: 11213K->5090K(11264K)] 20892K->15697K(27648K), 0.0050957 secs] [Times: user=0.03 sys=0.00, real=0.01 secs] 
2014-07-09T15:45:05.788+0200: 114.611: [GC [PSYoungGen: 11224K->2401K(11264K)] 21832K->13016K(27648K), 0.0023292 secs] [Times: user=0.00 sys=0.00, real=0.00 secs] 
2014-07-09T15:45:05.828+0200: 114.652: [GC [PSYoungGen: 8524K->320K(11264K)] 19139K->10943K(27648K), 0.0015750 secs] [Times: user=0.02 sys=0.00, real=0.00 secs] 
2014-07-09T15:45:05.834+0200: 114.657: [GC [PSYoungGen: 6441K->5090K(11264K)] 17064K->17010K(27648K), 0.0083525 secs] [Times: user=0.00 sys=0.00, real=0.01 secs] 
2014-07-09T15:45:05.889+0200: 114.712: [GC [PSYoungGen: 11213K->4354K(11264K)] 23133K->16274K(27648K), 0.0035621 secs] [Times: user=0.03 sys=0.00, real=0.00 secs] 
2014-07-09T15:45:05.896+0200: 114.719: [GC [PSYoungGen: 10477K->2273K(11264K)] 22397K->14201K(27648K), 0.0019842 secs] [Times: user=0.00 sys=0.00, real=0.00 secs] 
2014-07-09T15:45:05.928+0200: 114.751: [GC [PSYoungGen: 8396K->192K(11264K)] 20324K->12128K(27648K), 0.0006453 secs] [Times: user=0.00 sys=0.00, real=0.00 secs] 
2014-07-09T15:45:05.931+0200: 114.755: [GC [PSYoungGen: 6313K->5090K(11264K)] 18249K->18195K(27648K), 0.0048457 secs] [Times: user=0.00 sys=0.00, real=0.01 secs] 
2014-07-09T15:45:05.979+0200: 114.803: [GC [PSYoungGen: 11213K->4226K(11264K)] 24318K->17330K(27648K), 0.0032740 secs] [Times: user=0.00 sys=0.00, real=0.00 secs] 
2014-07-09T15:45:05.986+0200: 114.809: [GC [PSYoungGen: 10349K->2145K(11264K)] 23453K->15257K(27648K), 0.0146973 secs] [Times: user=0.00 sys=0.00, real=0.01 secs] 
2014-07-09T15:45:06.028+0200: 114.851: [GC [PSYoungGen: 8266K->32K(11264K)] 21378K->13152K(27648K), 0.0005565 secs] [Times: user=0.00 sys=0.00, real=0.00 secs] 
2014-07-09T15:45:06.031+0200: 114.855: [GC [PSYoungGen: 6152K->5090K(11264K)] 19273K->19251K(27648K), 0.0053681 secs] [Times: user=0.03 sys=0.00, real=0.01 secs] 
2014-07-09T15:45:06.037+0200: 114.860: [Full GC [PSYoungGen: 5090K->0K(11264K)] [ParOldGen: 14161K->6742K(16384K)] 19251K->6742K(27648K) [PSPermGen: 2476K->2476K(21504K)], 0.0360257 secs] [Times: user=0.03 sys=0.00, real=0.04 secs] 
2014-07-09T15:45:06.079+0200: 114.902: [GC [PSYoungGen: 6132K->2561K(11264K)] 12874K->9303K(27648K), 0.0019292 secs] [Times: user=0.03 sys=0.00, real=0.00 secs] 
2014-07-09T15:45:06.084+0200: 114.908: [GC [PSYoungGen: 8684K->480K(11264K)] 15426K->7230K(27648K), 0.0007629 secs] [Times: user=0.00 sys=0.00, real=0.00 secs] 
2014-07-09T15:45:06.088+0200: 114.912: [GC [PSYoungGen: 6601K->5090K(11264K)] 13351K->13297K(27648K), 0.0047005 secs] [Times: user=0.00 sys=0.00, real=0.00 secs] 
2014-07-09T15:45:06.130+0200: 114.953: [GC [PSYoungGen: 11213K->4514K(11264K)] 19420K->12720K(27648K), 0.0058781 secs] [Times: user=0.00 sys=0.00, real=0.01 secs] 
2014-07-09T15:45:06.179+0200: 115.003: [GC [PSYoungGen: 10637K->2433K(11264K)] 18843K->10647K(27648K), 0.0026650 secs] [Times: user=0.00 sys=0.00, real=0.00 secs] 
2014-07-09T15:45:06.187+0200: 115.011: [GC [PSYoungGen: 8556K->352K(11264K)] 16770K->8574K(27648K), 0.0016099 secs] [Times: user=0.02 sys=0.00, real=0.00 secs] 
2014-07-09T15:45:06.194+0200: 115.017: [GC [PSYoungGen: 6473K->5090K(11264K)] 14695K->14641K(27648K), 0.0085090 secs] [Times: user=0.00 sys=0.00, real=0.01 secs] 
2014-07-09T15:45:06.230+0200: 115.054: [GC [PSYoungGen: 11213K->4386K(11264K)] 20764K->13937K(27648K), 0.0051643 secs] [Times: user=0.00 sys=0.01, real=0.01 secs] 
2014-07-09T15:45:06.278+0200: 115.102: [GC [PSYoungGen: 10509K->2305K(11264K)] 20060K->11864K(27648K), 0.0014962 secs] [Times: user=0.00 sys=0.00, real=0.00 secs] 
2014-07-09T15:45:06.283+0200: 115.106: [GC [PSYoungGen: 8428K->224K(11264K)] 17987K->9791K(27648K), 0.0008876 secs] [Times: user=0.00 sys=0.00, real=0.00 secs] 
2014-07-09T15:45:06.286+0200: 115.110: [GC [PSYoungGen: 6345K->5090K(11264K)] 15912K->15858K(27648K), 0.0052185 secs] [Times: user=0.00 sys=0.00, real=0.01 secs] 
2014-07-09T15:45:06.329+0200: 115.152: [GC [PSYoungGen: 11228K->2593K(11264K)] 21996K->13361K(27648K), 0.0016560 secs] [Times: user=0.00 sys=0.00, real=0.00 secs] 
2014-07-09T15:45:06.378+0200: 115.201: [GC [PSYoungGen: 8716K->512K(11264K)] 19484K->11288K(27648K), 0.0005694 secs] [Times: user=0.00 sys=0.00, real=0.00 secs] 
2014-07-09T15:45:06.380+0200: 115.204: [GC [PSYoungGen: 6633K->5090K(11264K)] 17409K->17355K(27648K), 0.0050891 secs] [Times: user=0.00 sys=0.00, real=0.00 secs] 
2014-07-09T15:45:06.388+0200: 115.211: [GC [PSYoungGen: 11213K->4546K(11264K)] 23478K->16810K(27648K), 0.0035482 secs] [Times: user=0.00 sys=0.00, real=0.00 secs] 
2014-07-09T15:45:06.429+0200: 115.253: [GC [PSYoungGen: 10669K->2465K(11264K)] 22933K->14737K(27648K), 0.0026287 secs] [Times: user=0.00 sys=0.00, real=0.00 secs] 
2014-07-09T15:45:06.478+0200: 115.301: [GC [PSYoungGen: 8588K->384K(11264K)] 20860K->12664K(27648K), 0.0009301 secs] [Times: user=0.00 sys=0.00, real=0.00 secs] 
2014-07-09T15:45:06.481+0200: 115.304: [GC [PSYoungGen: 6505K->5090K(11264K)] 18785K->18731K(27648K), 0.0056226 secs] [Times: user=0.03 sys=0.00, real=0.01 secs] 
2014-07-09T15:45:06.489+0200: 115.313: [GC [PSYoungGen: 11213K->4418K(11264K)] 24854K->18059K(27648K), 0.0037267 secs] [Times: user=0.00 sys=0.00, real=0.00 secs] 
2014-07-09T15:45:06.529+0200: 115.352: [GC [PSYoungGen: 10541K->2337K(11264K)] 24182K->15986K(27648K), 0.0015420 secs] [Times: user=0.00 sys=0.00, real=0.00 secs] 
2014-07-09T15:45:06.533+0200: 115.356: [GC [PSYoungGen: 8476K->288K(11264K)] 22125K->13945K(27648K), 0.0009243 secs] [Times: user=0.00 sys=0.00, real=0.00 secs] 
2014-07-09T15:45:06.581+0200: 115.404: [GC [PSYoungGen: 6430K->5090K(11264K)] 20087K->19043K(27648K), 0.0067646 secs] [Times: user=0.00 sys=0.00, real=0.01 secs] 
2014-07-09T15:45:06.592+0200: 115.416: [GC [PSYoungGen: 11213K->3297K(11264K)] 25166K->17259K(27648K), 0.0050961 secs] [Times: user=0.03 sys=0.00, real=0.00 secs] 
2014-07-09T15:45:06.628+0200: 115.451: [GC [PSYoungGen: 9420K->1184K(11264K)] 23382K->15154K(27648K), 0.0012374 secs] [Times: user=0.00 sys=0.00, real=0.00 secs] 
2014-07-09T15:45:06.632+0200: 115.456: [GC [PSYoungGen: 7305K->5090K(11264K)] 21275K->21253K(27648K), 0.0052633 secs] [Times: user=0.00 sys=0.00, real=0.01 secs] 
2014-07-09T15:45:06.638+0200: 115.461: [Full GC [PSYoungGen: 5090K->0K(11264K)] [ParOldGen: 16162K->7896K(16384K)] 21253K->7896K(27648K) [PSPermGen: 2476K->2476K(21504K)], 0.0106934 secs] [Times: user=0.01 sys=0.00, real=0.01 secs] 
2014-07-09T15:45:06.679+0200: 115.502: [GC [PSYoungGen: 6122K->5090K(11264K)] 14019K->13146K(27648K), 0.0038521 secs] [Times: user=0.00 sys=0.00, real=0.00 secs] 
2014-07-09T15:45:06.685+0200: 115.509: [GC [PSYoungGen: 11213K->3169K(11264K)] 19269K->11233K(27648K), 0.0022885 secs] [Times: user=0.02 sys=0.00, real=0.00 secs] 
2014-07-09T15:45:06.728+0200: 115.552: [GC [PSYoungGen: 9292K->1088K(11264K)] 17356K->9160K(27648K), 0.0017250 secs] [Times: user=0.00 sys=0.00, real=0.00 secs] 
2014-07-09T15:45:06.734+0200: 115.558: [GC [PSYoungGen: 7209K->5090K(11264K)] 15281K->15227K(27648K), 0.0095282 secs] [Times: user=0.01 sys=0.00, real=0.01 secs] 
2014-07-09T15:45:06.780+0200: 115.603: [GC [PSYoungGen: 11213K->5090K(11264K)] 21350K->15259K(27648K), 0.0039720 secs] [Times: user=0.03 sys=0.00, real=0.00 secs] 
2014-07-09T15:45:06.786+0200: 115.610: [GC [PSYoungGen: 11222K->1504K(11264K)] 21392K->11682K(27648K), 0.0014507 secs] [Times: user=0.00 sys=0.00, real=0.00 secs] 
2014-07-09T15:45:06.790+0200: 115.614: [GC [PSYoungGen: 7625K->5090K(11264K)] 17803K->17749K(27648K), 0.0061608 secs] [Times: user=0.01 sys=0.00, real=0.01 secs] 
2014-07-09T15:45:06.830+0200: 115.653: [GC [PSYoungGen: 11219K->5026K(11264K)] 23877K->17685K(27648K), 0.0036017 secs] [Times: user=0.00 sys=0.00, real=0.00 secs] 
2014-07-09T15:45:06.879+0200: 115.702: [GC [PSYoungGen: 11149K->2945K(11264K)] 23808K->15612K(27648K), 0.0019127 secs] [Times: user=0.00 sys=0.00, real=0.00 secs] 
2014-07-09T15:45:06.884+0200: 115.707: [GC [PSYoungGen: 9068K->864K(11264K)] 21735K->13539K(27648K), 0.0011571 secs] [Times: user=0.00 sys=0.00, real=0.00 secs] 
2014-07-09T15:45:06.888+0200: 115.711: [GC [PSYoungGen: 6985K->5090K(11264K)] 19659K->19605K(27648K), 0.0052504 secs] [Times: user=0.03 sys=0.00, real=0.00 secs] 
2014-07-09T15:45:06.893+0200: 115.716: [Full GC [PSYoungGen: 5090K->0K(11264K)] [ParOldGen: 14515K->7545K(16384K)] 19605K->7545K(27648K) [PSPermGen: 2476K->2476K(21504K)], 0.0104617 secs] [Times: user=0.00 sys=0.00, real=0.01 secs] 
2014-07-09T15:45:06.930+0200: 115.754: [GC [PSYoungGen: 6122K->4898K(11264K)] 13668K->12443K(27648K), 0.0037396 secs] [Times: user=0.00 sys=0.00, real=0.00 secs] 
2014-07-09T15:45:06.978+0200: 115.802: [GC [PSYoungGen: 11021K->2817K(11264K)] 18566K->10370K(27648K), 0.0013261 secs] [Times: user=0.00 sys=0.00, real=0.00 secs] 
2014-07-09T15:45:06.982+0200: 115.806: [GC [PSYoungGen: 8940K->736K(11264K)] 16493K->8297K(27648K), 0.0008828 secs] [Times: user=0.00 sys=0.00, real=0.00 secs] 
2014-07-09T15:45:06.986+0200: 115.810: [GC [PSYoungGen: 6857K->5090K(11264K)] 14418K->14364K(27648K), 0.0051482 secs] [Times: user=0.00 sys=0.00, real=0.01 secs] 
2014-07-09T15:45:07.030+0200: 115.854: [GC [PSYoungGen: 11216K->3745K(11264K)] 20491K->13019K(27648K), 0.0050257 secs] [Times: user=0.03 sys=0.00, real=0.01 secs] 
2014-07-09T15:45:07.079+0200: 115.902: [GC [PSYoungGen: 9868K->1664K(11264K)] 19142K->10946K(27648K), 0.0015695 secs] [Times: user=0.00 sys=0.00, real=0.00 secs] 
2014-07-09T15:45:07.083+0200: 115.906: [GC [PSYoungGen: 7785K->5090K(11264K)] 17067K->17013K(27648K), 0.0064086 secs] [Times: user=0.00 sys=0.00, real=0.01 secs] 
2014-07-09T15:45:07.091+0200: 115.915: [GC [PSYoungGen: 11213K->5090K(11264K)] 23136K->17622K(27648K), 0.0115267 secs] [Times: user=0.03 sys=0.00, real=0.01 secs] 
2014-07-09T15:45:07.128+0200: 115.952: [GC [PSYoungGen: 11213K->3617K(11264K)] 23745K->16157K(27648K), 0.0021074 secs] [Times: user=0.00 sys=0.00, real=0.00 secs] 
2014-07-09T15:45:07.192+0200: 116.015: [GC [PSYoungGen: 9740K->1504K(11264K)] 22280K->14052K(27648K), 0.0073006 secs] [Times: user=0.00 sys=0.00, real=0.01 secs] 
2014-07-09T15:45:07.201+0200: 116.025: [GC [PSYoungGen: 7625K->5090K(11264K)] 20173K->20151K(27648K), 0.0066158 secs] [Times: user=0.03 sys=0.00, real=0.01 secs] 
2014-07-09T15:45:07.208+0200: 116.031: [Full GC [PSYoungGen: 5090K->0K(11264K)] [ParOldGen: 15060K->8217K(16384K)] 20151K->8217K(27648K) [PSPermGen: 2476K->2476K(21504K)], 0.0100870 secs] [Times: user=0.01 sys=0.00, real=0.01 secs] 
2014-07-09T15:45:07.220+0200: 116.044: [GC [PSYoungGen: 6122K->5090K(11264K)] 14340K->13788K(27648K), 0.0044134 secs] [Times: user=0.00 sys=0.00, real=0.00 secs] 
2014-07-09T15:45:07.229+0200: 116.053: [GC [PSYoungGen: 11213K->3489K(11264K)] 19911K->12195K(27648K), 0.0024245 secs] [Times: user=0.00 sys=0.00, real=0.00 secs] 
2014-07-09T15:45:07.279+0200: 116.103: [GC [PSYoungGen: 9612K->1408K(11264K)] 18318K->10122K(27648K), 0.0019391 secs] [Times: user=0.02 sys=0.00, real=0.00 secs] 
2014-07-09T15:45:07.288+0200: 116.111: [GC [PSYoungGen: 7529K->5090K(11264K)] 16243K->16189K(27648K), 0.0095370 secs] [Times: user=0.03 sys=0.00, real=0.01 secs] 
2014-07-09T15:45:07.300+0200: 116.123: [GC [PSYoungGen: 11213K->5090K(11264K)] 22312K->16541K(27648K), 0.0042958 secs] [Times: user=0.00 sys=0.00, real=0.00 secs] 
2014-07-09T15:45:07.328+0200: 116.152: [GC [PSYoungGen: 11227K->1696K(11264K)] 22678K->13155K(27648K), 0.0008630 secs] [Times: user=0.00 sys=0.00, real=0.00 secs] 
2014-07-09T15:45:07.331+0200: 116.155: [GC [PSYoungGen: 7817K->5090K(11264K)] 19276K->19222K(27648K), 0.0059463 secs] [Times: user=0.00 sys=0.00, real=0.01 secs] 
2014-07-09T15:45:07.337+0200: 116.161: [Full GC [PSYoungGen: 5090K->0K(11264K)] [ParOldGen: 14132K->8378K(16384K)] 19222K->8378K(27648K) [PSPermGen: 2476K->2476K(21504K)], 0.0103135 secs] [Times: user=0.02 sys=0.00, real=0.01 secs] 
2014-07-09T15:45:07.379+0200: 116.203: [GC [PSYoungGen: 6122K->5090K(11264K)] 14501K->14109K(27648K), 0.0045069 secs] [Times: user=0.00 sys=0.00, real=0.01 secs] 
2014-07-09T15:45:07.387+0200: 116.210: [GC [PSYoungGen: 11213K->3649K(11264K)] 20232K->12676K(27648K), 0.0026122 secs] [Times: user=0.00 sys=0.00, real=0.00 secs] 
2014-07-09T15:45:07.428+0200: 116.252: [GC [PSYoungGen: 9772K->1568K(11264K)] 18799K->10603K(27648K), 0.0011281 secs] [Times: user=0.00 sys=0.00, real=0.00 secs] 
2014-07-09T15:45:07.432+0200: 116.256: [GC [PSYoungGen: 7689K->5090K(11264K)] 16724K->16670K(27648K), 0.0055844 secs] [Times: user=0.03 sys=0.00, real=0.01 secs] 
2014-07-09T15:45:07.481+0200: 116.304: [GC [PSYoungGen: 11213K->5090K(11264K)] 22793K->17183K(27648K), 0.0074462 secs] [Times: user=0.03 sys=0.00, real=0.01 secs] 
2014-07-09T15:45:07.493+0200: 116.316: [GC [PSYoungGen: 11213K->3521K(11264K)] 23306K->15622K(27648K), 0.0046030 secs] [Times: user=0.00 sys=0.00, real=0.00 secs] 
2014-07-09T15:45:07.529+0200: 116.352: [GC [PSYoungGen: 9644K->1440K(11264K)] 21745K->13549K(27648K), 0.0012044 secs] [Times: user=0.02 sys=0.00, real=0.00 secs] 
2014-07-09T15:45:07.532+0200: 116.356: [GC [PSYoungGen: 7561K->5090K(11264K)] 19670K->19616K(27648K), 0.0062238 secs] [Times: user=0.00 sys=0.00, real=0.01 secs] 
2014-07-09T15:45:07.539+0200: 116.362: [Full GC [PSYoungGen: 5090K->0K(11264K)] [ParOldGen: 14525K->8122K(16384K)] 19616K->8122K(27648K) [PSPermGen: 2476K->2476K(21504K)], 0.0134233 secs] [Times: user=0.02 sys=0.00, real=0.01 secs] 
2014-07-09T15:45:07.579+0200: 116.402: [GC [PSYoungGen: 6132K->3937K(11264K)] 14254K->12060K(27648K), 0.0026027 secs] [Times: user=0.00 sys=0.00, real=0.00 secs] 
2014-07-09T15:45:07.584+0200: 116.407: [GC [PSYoungGen: 10060K->1856K(11264K)] 18183K->9987K(27648K), 0.0014126 secs] [Times: user=0.00 sys=0.00, real=0.00 secs] 
2014-07-09T15:45:07.588+0200: 116.411: [GC [PSYoungGen: 7977K->5090K(11264K)] 16108K->16054K(27648K), 0.0060442 secs] [Times: user=0.03 sys=0.00, real=0.01 secs] 
2014-07-09T15:45:07.631+0200: 116.454: [GC [PSYoungGen: 11213K->5090K(11264K)] 22177K->16854K(27648K), 0.0078022 secs] [Times: user=0.00 sys=0.00, real=0.01 secs] 
2014-07-09T15:45:07.679+0200: 116.503: [GC [PSYoungGen: 11213K->3809K(11264K)] 22977K->15582K(27648K), 0.0024542 secs] [Times: user=0.00 sys=0.00, real=0.00 secs] 
2014-07-09T15:45:07.685+0200: 116.508: [GC [PSYoungGen: 9932K->1728K(11264K)] 21705K->13509K(27648K), 0.0019409 secs] [Times: user=0.03 sys=0.00, real=0.00 secs] 
2014-07-09T15:45:07.689+0200: 116.513: [GC [PSYoungGen: 7849K->5090K(11264K)] 19630K->19576K(27648K), 0.0063082 secs] [Times: user=0.00 sys=0.00, real=0.01 secs] 
2014-07-09T15:45:07.696+0200: 116.519: [Full GC [PSYoungGen: 5090K->0K(11264K)] [ParOldGen: 14485K->8411K(16384K)] 19576K->8411K(27648K) [PSPermGen: 2476K->2476K(21504K)], 0.0311855 secs] [Times: user=0.03 sys=0.00, real=0.03 secs] 
2014-07-09T15:45:07.730+0200: 116.554: [GC [PSYoungGen: 6122K->5090K(11264K)] 14534K->14174K(27648K), 0.0042474 secs] [Times: user=0.03 sys=0.00, real=0.00 secs] 
2014-07-09T15:45:07.780+0200: 116.603: [GC [PSYoungGen: 11213K->3681K(11264K)] 20297K->12773K(27648K), 0.0041652 secs] [Times: user=0.00 sys=0.00, real=0.00 secs] 
2014-07-09T15:45:07.789+0200: 116.612: [GC [PSYoungGen: 9804K->1600K(11264K)] 18896K->10700K(27648K), 0.0025121 secs] [Times: user=0.00 sys=0.00, real=0.00 secs] 
2014-07-09T15:45:07.797+0200: 116.620: [GC [PSYoungGen: 7721K->5090K(11264K)] 16821K->16767K(27648K), 0.0090476 secs] [Times: user=0.00 sys=0.00, real=0.01 secs] 
2014-07-09T15:45:07.829+0200: 116.653: [GC [PSYoungGen: 11222K->4097K(11264K)] 22899K->15774K(27648K), 0.0029774 secs] [Times: user=0.00 sys=0.00, real=0.00 secs] 
2014-07-09T15:45:07.878+0200: 116.702: [GC [PSYoungGen: 10220K->2016K(11264K)] 21897K->13701K(27648K), 0.0014412 secs] [Times: user=0.00 sys=0.00, real=0.00 secs] 
2014-07-09T15:45:07.883+0200: 116.707: [GC [PSYoungGen: 8137K->5090K(11264K)] 19822K->19768K(27648K), 0.0066858 secs] [Times: user=0.03 sys=0.00, real=0.01 secs] 
2014-07-09T15:45:07.890+0200: 116.713: [Full GC [PSYoungGen: 5090K->0K(11264K)] [ParOldGen: 14678K->8700K(16384K)] 19768K->8700K(27648K) [PSPermGen: 2476K->2476K(21504K)], 0.0128062 secs] [Times: user=0.00 sys=0.00, real=0.01 secs] 
2014-07-09T15:45:07.906+0200: 116.730: [GC [PSYoungGen: 6122K->5090K(11264K)] 14823K->14751K(27648K), 0.0043925 secs] [Times: user=0.00 sys=0.00, real=0.01 secs] 
2014-07-09T15:45:07.934+0200: 116.758: [GC [PSYoungGen: 11213K->3937K(11264K)] 20873K->13606K(27648K), 0.0051225 secs] [Times: user=0.00 sys=0.00, real=0.00 secs] 
2014-07-09T15:45:07.978+0200: 116.802: [GC [PSYoungGen: 10060K->1888K(11264K)] 19729K->11565K(27648K), 0.0014925 secs] [Times: user=0.00 sys=0.00, real=0.00 secs] 
2014-07-09T15:45:07.983+0200: 116.807: [GC [PSYoungGen: 8009K->5090K(11264K)] 17686K->17632K(27648K), 0.0061861 secs] [Times: user=0.00 sys=0.00, real=0.01 secs] 
2014-07-09T15:45:07.990+0200: 116.813: [Full GC [PSYoungGen: 5090K->0K(11264K)] [ParOldGen: 12541K->8572K(16384K)] 17632K->8572K(27648K) [PSPermGen: 2476K->2476K(21504K)], 0.0112748 secs] [Times: user=0.03 sys=0.00, real=0.01 secs] 
2014-07-09T15:45:08.006+0200: 116.830: [GC [PSYoungGen: 6122K->5090K(11264K)] 14695K->14494K(27648K), 0.0042650 secs] [Times: user=0.00 sys=0.00, real=0.00 secs] 
2014-07-09T15:45:08.029+0200: 116.852: [GC [PSYoungGen: 11213K->3841K(11264K)] 20617K->13254K(27648K), 0.0024124 secs] [Times: user=0.03 sys=0.00, real=0.00 secs] 
2014-07-09T15:45:08.078+0200: 116.902: [GC [PSYoungGen: 9970K->736K(11264K)] 19382K->10156K(27648K), 0.0015618 secs] [Times: user=0.00 sys=0.00, real=0.00 secs] 
2014-07-09T15:45:08.084+0200: 116.907: [GC [PSYoungGen: 6857K->5090K(11264K)] 16277K->16223K(27648K), 0.0095205 secs] [Times: user=0.02 sys=0.00, real=0.01 secs] 
2014-07-09T15:45:08.097+0200: 116.921: [GC [PSYoungGen: 11213K->4770K(11264K)] 22346K->15903K(27648K), 0.0065061 secs] [Times: user=0.00 sys=0.00, real=0.01 secs] 
2014-07-09T15:45:08.129+0200: 116.953: [GC [PSYoungGen: 10893K->2689K(11264K)] 22026K->13830K(27648K), 0.0016304 secs] [Times: user=0.00 sys=0.00, real=0.00 secs] 
2014-07-09T15:45:08.178+0200: 117.002: [GC [PSYoungGen: 8812K->608K(11264K)] 19953K->11757K(27648K), 0.0015593 secs] [Times: user=0.00 sys=0.00, real=0.00 secs] 
2014-07-09T15:45:08.184+0200: 117.007: [GC [PSYoungGen: 6729K->5090K(11264K)] 17878K->17824K(27648K), 0.0091664 secs] [Times: user=0.02 sys=0.00, real=0.01 secs] 
2014-07-09T15:45:08.198+0200: 117.021: [GC [PSYoungGen: 11213K->4642K(11264K)] 23947K->17376K(27648K), 0.0062770 secs] [Times: user=0.03 sys=0.00, real=0.01 secs] 
2014-07-09T15:45:08.230+0200: 117.052: [GC [PSYoungGen: 10765K->2561K(11264K)] 23499K->15303K(27648K), 0.0026921 secs] [Times: user=0.00 sys=0.00, real=0.00 secs] 
2014-07-09T15:45:08.278+0200: 117.100: [GC [PSYoungGen: 8684K->480K(11264K)] 21426K->13230K(27648K), 0.0006577 secs] [Times: user=0.00 sys=0.00, real=0.00 secs] 
2014-07-09T15:45:08.281+0200: 117.103: [GC [PSYoungGen: 6601K->5090K(11264K)] 19351K->19297K(27648K), 0.0051262 secs] [Times: user=0.00 sys=0.00, real=0.01 secs] 
2014-07-09T15:45:08.286+0200: 117.109: [Full GC [PSYoungGen: 5090K->0K(11264K)] [ParOldGen: 14206K->7163K(16384K)] 19297K->7163K(27648K) [PSPermGen: 2476K->2476K(21504K)], 0.0117892 secs] [Times: user=0.00 sys=0.00, real=0.01 secs] 
2014-07-09T15:45:08.301+0200: 117.123: [GC [PSYoungGen: 6122K->4514K(11264K)] 13286K->11677K(27648K), 0.0033502 secs] [Times: user=0.00 sys=0.00, real=0.00 secs] 
2014-07-09T15:45:08.328+0200: 117.150: [GC [PSYoungGen: 10658K->256K(11264K)] 17821K->7427K(27648K), 0.0004858 secs] [Times: user=0.00 sys=0.00, real=0.00 secs] 
2014-07-09T15:45:08.330+0200: 117.152: [GC [PSYoungGen: 6377K->5090K(11264K)] 13548K->13494K(27648K), 0.0048211 secs] [Times: user=0.00 sys=0.00, real=0.01 secs] 
2014-07-09T15:45:08.379+0200: 117.201: [GC [PSYoungGen: 11213K->4290K(11264K)] 19617K->12693K(27648K), 0.0028575 secs] [Times: user=0.00 sys=0.00, real=0.00 secs] 
2014-07-09T15:45:08.384+0200: 117.207: [GC [PSYoungGen: 10413K->2209K(11264K)] 18816K->10620K(27648K), 0.0016472 secs] [Times: user=0.00 sys=0.00, real=0.00 secs] 
2014-07-09T15:45:08.428+0200: 117.250: [GC [PSYoungGen: 8332K->96K(11264K)] 16743K->8523K(27648K), 0.0004832 secs] [Times: user=0.00 sys=0.00, real=0.00 secs] 
2014-07-09T15:45:08.430+0200: 117.253: [GC [PSYoungGen: 6217K->5090K(11264K)] 14644K->14622K(27648K), 0.0047152 secs] [Times: user=0.00 sys=0.00, real=0.00 secs] 
2014-07-09T15:45:08.480+0200: 117.303: [GC [PSYoungGen: 11211K->4162K(11264K)] 20743K->13694K(27648K), 0.0047859 secs] [Times: user=0.03 sys=0.00, real=0.00 secs] 
2014-07-09T15:45:08.491+0200: 117.313: [GC [PSYoungGen: 10282K->2080K(11264K)] 19815K->11621K(27648K), 0.0027867 secs] [Times: user=0.00 sys=0.00, real=0.00 secs] 
2014-07-09T15:45:08.497+0200: 117.320: [GC [PSYoungGen: 8201K->5090K(11264K)] 17742K->17688K(27648K), 0.0069468 secs] [Times: user=0.03 sys=0.00, real=0.01 secs] 
2014-07-09T15:45:08.530+0200: 117.353: [GC [PSYoungGen: 11213K->5090K(11264K)] 23811K->18712K(27648K), 0.0043218 secs] [Times: user=0.00 sys=0.00, real=0.01 secs] 
2014-07-09T15:45:08.535+0200: 117.357: [Full GC [PSYoungGen: 5090K->0K(11264K)] [ParOldGen: 13622K->6684K(16384K)] 18712K->6684K(27648K) [PSPermGen: 2476K->2476K(21504K)], 0.0099806 secs] [Times: user=0.02 sys=0.00, real=0.01 secs] 
2014-07-09T15:45:08.578+0200: 117.401: [GC [PSYoungGen: 6128K->3009K(11264K)] 12813K->9694K(27648K), 0.0015754 secs] [Times: user=0.00 sys=0.00, real=0.00 secs] 
2014-07-09T15:45:08.582+0200: 117.405: [GC [PSYoungGen: 9132K->928K(11264K)] 15817K->7621K(27648K), 0.0010057 secs] [Times: user=0.00 sys=0.00, real=0.00 secs] 
2014-07-09T15:45:08.586+0200: 117.409: [GC [PSYoungGen: 7049K->5090K(11264K)] 13742K->13688K(27648K), 0.0080533 secs] [Times: user=0.02 sys=0.00, real=0.01 secs] 
2014-07-09T15:45:08.629+0200: 117.452: [GC [PSYoungGen: 11213K->4962K(11264K)] 19811K->13560K(27648K), 0.0035614 secs] [Times: user=0.00 sys=0.00, real=0.00 secs] 
2014-07-09T15:45:08.680+0200: 117.502: [GC [PSYoungGen: 11085K->2881K(11264K)] 19683K->11487K(27648K), 0.0028923 secs] [Times: user=0.00 sys=0.00, real=0.00 secs] 
2014-07-09T15:45:08.688+0200: 117.511: [GC [PSYoungGen: 9004K->800K(11264K)] 17610K->9414K(27648K), 0.0018254 secs] [Times: user=0.00 sys=0.00, real=0.00 secs] 
2014-07-09T15:45:08.696+0200: 117.518: [GC [PSYoungGen: 6921K->5090K(11264K)] 15535K->15481K(27648K), 0.0103029 secs] [Times: user=0.03 sys=0.00, real=0.01 secs] 
2014-07-09T15:45:08.729+0200: 117.552: [GC [PSYoungGen: 11213K->4834K(11264K)] 21604K->15224K(27648K), 0.0038378 secs] [Times: user=0.02 sys=0.00, real=0.00 secs] 
2014-07-09T15:45:08.780+0200: 117.602: [GC [PSYoungGen: 10957K->2753K(11264K)] 21347K->13151K(27648K), 0.0029777 secs] [Times: user=0.00 sys=0.00, real=0.00 secs] 
2014-07-09T15:45:08.787+0200: 117.610: [GC [PSYoungGen: 8876K->672K(11264K)] 19274K->11078K(27648K), 0.0018511 secs] [Times: user=0.00 sys=0.00, real=0.00 secs] 
2014-07-09T15:45:08.794+0200: 117.616: [GC [PSYoungGen: 6793K->5090K(11264K)] 17199K->17145K(27648K), 0.0062968 secs] [Times: user=0.03 sys=0.00, real=0.01 secs] 
2014-07-09T15:45:08.829+0200: 117.651: [GC [PSYoungGen: 11222K->3137K(11264K)] 23278K->15192K(27648K), 0.0063855 secs] [Times: user=0.00 sys=0.00, real=0.01 secs] 
2014-07-09T15:45:08.878+0200: 117.701: [GC [PSYoungGen: 9260K->1088K(11264K)] 21315K->13151K(27648K), 0.0008432 secs] [Times: user=0.00 sys=0.00, real=0.00 secs] 
2014-07-09T15:45:08.882+0200: 117.705: [GC [PSYoungGen: 7209K->5090K(11264K)] 19272K->19218K(27648K), 0.0053945 secs] [Times: user=0.00 sys=0.00, real=0.01 secs] 
2014-07-09T15:45:08.887+0200: 117.710: [Full GC [PSYoungGen: 5090K->0K(11264K)] [ParOldGen: 14128K->7773K(16384K)] 19218K->7773K(27648K) [PSPermGen: 2476K->2476K(21504K)], 0.0158250 secs] [Times: user=0.03 sys=0.00, real=0.02 secs] 
2014-07-09T15:45:08.906+0200: 117.729: [GC [PSYoungGen: 6122K->5090K(11264K)] 13896K->12896K(27648K), 0.0262277 secs] [Times: user=0.00 sys=0.00, real=0.03 secs] 
2014-07-09T15:45:08.936+0200: 117.758: [GC [PSYoungGen: 11213K->3041K(11264K)] 19019K->10855K(27648K), 0.0092280 secs] [Times: user=0.00 sys=0.00, real=0.01 secs] 
2014-07-09T15:45:08.995+0200: 117.818: [GC [PSYoungGen: 9164K->928K(11264K)] 16978K->8750K(27648K), 0.0372547 secs] [Times: user=0.03 sys=0.00, real=0.04 secs] 
2014-07-09T15:45:09.036+0200: 117.858: [GC [PSYoungGen: 7049K->5090K(11264K)] 14871K->14849K(27648K), 0.0050004 secs] [Times: user=0.00 sys=0.00, real=0.00 secs] 
2014-07-09T15:45:09.045+0200: 117.867: [GC [PSYoungGen: 11213K->4994K(11264K)] 20972K->14753K(27648K), 0.0035053 secs] [Times: user=0.00 sys=0.00, real=0.00 secs] 
2014-07-09T15:45:09.051+0200: 117.874: [GC [PSYoungGen: 11117K->2881K(11264K)] 20876K->12648K(27648K), 0.0026437 secs] [Times: user=0.00 sys=0.00, real=0.00 secs] 
2014-07-09T15:45:09.058+0200: 117.881: [GC [PSYoungGen: 9023K->1056K(11264K)] 18790K->10830K(27648K), 0.0016025 secs] [Times: user=0.00 sys=0.00, real=0.00 secs] 
2014-07-09T15:45:09.079+0200: 117.902: [GC [PSYoungGen: 7169K->5090K(11264K)] 16943K->15193K(27648K), 0.0040882 secs] [Times: user=0.00 sys=0.00, real=0.00 secs] 
2014-07-09T15:45:09.086+0200: 117.908: [GC [PSYoungGen: 11213K->3329K(11264K)] 21316K->13440K(27648K), 0.0025579 secs] [Times: user=0.00 sys=0.00, real=0.00 secs] 
2014-07-09T15:45:09.128+0200: 117.951: [GC [PSYoungGen: 9452K->1248K(11264K)] 19563K->11367K(27648K), 0.0018357 secs] [Times: user=0.00 sys=0.00, real=0.00 secs] 
2014-07-09T15:45:09.134+0200: 117.957: [GC [PSYoungGen: 7369K->5090K(11264K)] 17488K->17434K(27648K), 0.0101053 secs] [Times: user=0.03 sys=0.00, real=0.01 secs] 
2014-07-09T15:45:09.181+0200: 118.004: [GC [PSYoungGen: 11213K->5090K(11264K)] 23557K->17626K(27648K), 0.0066704 secs] [Times: user=0.03 sys=0.00, real=0.01 secs] 
2014-07-09T15:45:09.192+0200: 118.015: [GC [PSYoungGen: 11213K->3201K(11264K)] 23749K->15745K(27648K), 0.0041381 secs] [Times: user=0.00 sys=0.00, real=0.00 secs] 
2014-07-09T15:45:09.229+0200: 118.052: [GC [PSYoungGen: 9324K->1120K(11264K)] 21868K->13672K(27648K), 0.0018885 secs] [Times: user=0.00 sys=0.00, real=0.00 secs] 
2014-07-09T15:45:09.235+0200: 118.058: [GC [PSYoungGen: 7241K->5090K(11264K)] 19793K->19739K(27648K), 0.0092324 secs] [Times: user=0.00 sys=0.00, real=0.01 secs] 
2014-07-09T15:45:09.245+0200: 118.067: [Full GC [PSYoungGen: 5090K->0K(11264K)] [ParOldGen: 14649K->7806K(16384K)] 19739K->7806K(27648K) [PSPermGen: 2476K->2476K(21504K)], 0.0259553 secs] [Times: user=0.06 sys=0.00, real=0.03 secs] 
2014-07-09T15:45:09.280+0200: 118.102: [GC [PSYoungGen: 6122K->5090K(11264K)] 13929K->12960K(27648K), 0.0037366 secs] [Times: user=0.00 sys=0.00, real=0.00 secs] 
2014-07-09T15:45:09.286+0200: 118.109: [GC [PSYoungGen: 11225K->2433K(11264K)] 19095K->10311K(27648K), 0.0021646 secs] [Times: user=0.00 sys=0.00, real=0.00 secs] 
2014-07-09T15:45:09.291+0200: 118.113: [GC [PSYoungGen: 8572K->416K(11264K)] 16451K->8302K(27648K), 0.0008113 secs] [Times: user=0.00 sys=0.00, real=0.00 secs] 
2014-07-09T15:45:09.329+0200: 118.152: [GC [PSYoungGen: 6558K->5090K(11264K)] 14444K->13369K(27648K), 0.0042477 secs] [Times: user=0.00 sys=0.00, real=0.01 secs] 
2014-07-09T15:45:09.378+0200: 118.201: [GC [PSYoungGen: 11213K->3393K(11264K)] 19492K->11680K(27648K), 0.0018599 secs] [Times: user=0.00 sys=0.00, real=0.00 secs] 
2014-07-09T15:45:09.383+0200: 118.206: [GC [PSYoungGen: 9516K->1312K(11264K)] 17803K->9607K(27648K), 0.0011376 secs] [Times: user=0.00 sys=0.00, real=0.00 secs] 
2014-07-09T15:45:09.386+0200: 118.209: [GC [PSYoungGen: 7433K->5090K(11264K)] 15728K->15674K(27648K), 0.0056981 secs] [Times: user=0.03 sys=0.00, real=0.01 secs] 
2014-07-09T15:45:09.431+0200: 118.253: [GC [PSYoungGen: 11213K->5090K(11264K)] 21797K->15930K(27648K), 0.0075477 secs] [Times: user=0.02 sys=0.00, real=0.01 secs] 
2014-07-09T15:45:09.479+0200: 118.302: [GC [PSYoungGen: 11213K->3265K(11264K)] 22053K->14113K(27648K), 0.0020439 secs] [Times: user=0.03 sys=0.00, real=0.00 secs] 
2014-07-09T15:45:09.484+0200: 118.307: [GC [PSYoungGen: 9388K->1184K(11264K)] 20236K->12040K(27648K), 0.0013188 secs] [Times: user=0.00 sys=0.00, real=0.00 secs] 
2014-07-09T15:45:09.489+0200: 118.311: [GC [PSYoungGen: 7305K->5090K(11264K)] 18161K->18107K(27648K), 0.0058697 secs] [Times: user=0.00 sys=0.00, real=0.01 secs] 
2014-07-09T15:45:09.530+0200: 118.352: [GC [PSYoungGen: 11218K->4194K(11264K)] 24235K->17210K(27648K), 0.0030701 secs] [Times: user=0.00 sys=0.00, real=0.00 secs] 
2014-07-09T15:45:09.579+0200: 118.402: [GC [PSYoungGen: 10315K->2113K(11264K)] 23331K->15137K(27648K), 0.0025055 secs] [Times: user=0.00 sys=0.00, real=0.00 secs] 
2014-07-09T15:45:09.586+0200: 118.409: [GC [PSYoungGen: 8233K->5090K(11264K)] 21258K->21204K(27648K), 0.0106633 secs] [Times: user=0.03 sys=0.00, real=0.01 secs] 
2014-07-09T15:45:09.597+0200: 118.420: [Full GC [PSYoungGen: 5090K->0K(11264K)] [ParOldGen: 16114K->8800K(16384K)] 21204K->8800K(27648K) [PSPermGen: 2476K->2476K(21504K)], 0.0181436 secs] [Times: user=0.02 sys=0.00, real=0.02 secs] 
2014-07-09T15:45:09.619+0200: 118.441: [GC [PSYoungGen: 6122K->5090K(11264K)] 14922K->14947K(27648K), 0.0056288 secs] [Times: user=0.03 sys=0.00, real=0.01 secs] 
2014-07-09T15:45:09.629+0200: 118.452: [GC [PSYoungGen: 11213K->4065K(11264K)] 21070K->13930K(27648K), 0.0028428 secs] [Times: user=0.00 sys=0.00, real=0.00 secs] 
2014-07-09T15:45:09.679+0200: 118.502: [GC [PSYoungGen: 10188K->1984K(11264K)] 20053K->11857K(27648K), 0.0025224 secs] [Times: user=0.00 sys=0.00, real=0.00 secs] 
2014-07-09T15:45:09.687+0200: 118.510: [GC [PSYoungGen: 8105K->5090K(11264K)] 17978K->17924K(27648K), 0.0094058 secs] [Times: user=0.00 sys=0.00, real=0.01 secs] 
2014-07-09T15:45:09.699+0200: 118.521: [GC [PSYoungGen: 11213K->5090K(11264K)] 24047K->18852K(27648K), 0.0051702 secs] [Times: user=0.03 sys=0.00, real=0.01 secs] 
2014-07-09T15:45:09.704+0200: 118.527: [Full GC [PSYoungGen: 5090K->0K(11264K)] [ParOldGen: 13762K->6590K(16384K)] 18852K->6590K(27648K) [PSPermGen: 2476K->2476K(21504K)], 0.0128847 secs] [Times: user=0.03 sys=0.00, real=0.01 secs] 
2014-07-09T15:45:09.729+0200: 118.551: [GC [PSYoungGen: 6122K->3937K(11264K)] 12713K->10528K(27648K), 0.0028388 secs] [Times: user=0.03 sys=0.00, real=0.00 secs] 
2014-07-09T15:45:09.778+0200: 118.601: [GC [PSYoungGen: 10060K->1856K(11264K)] 16651K->8455K(27648K), 0.0010815 secs] [Times: user=0.00 sys=0.00, real=0.00 secs] 
2014-07-09T15:45:09.782+0200: 118.605: [GC [PSYoungGen: 7977K->5090K(11264K)] 14576K->14522K(27648K), 0.0059580 secs] [Times: user=0.00 sys=0.00, real=0.01 secs] 
2014-07-09T15:45:09.790+0200: 118.613: [GC [PSYoungGen: 11213K->5090K(11264K)] 20645K->15323K(27648K), 0.0045700 secs] [Times: user=0.03 sys=0.00, real=0.01 secs] 
2014-07-09T15:45:09.828+0200: 118.651: [GC [PSYoungGen: 11228K->1760K(11264K)] 21461K->12001K(27648K), 0.0010181 secs] [Times: user=0.00 sys=0.00, real=0.00 secs] 
2014-07-09T15:45:09.832+0200: 118.654: [GC [PSYoungGen: 7881K->5090K(11264K)] 18122K->18068K(27648K), 0.0059962 secs] [Times: user=0.00 sys=0.00, real=0.01 secs] 
2014-07-09T15:45:09.838+0200: 118.660: [Full GC [PSYoungGen: 5090K->0K(11264K)] [ParOldGen: 12978K->8449K(16384K)] 18068K->8449K(27648K) [PSPermGen: 2476K->2476K(21504K)], 0.0103913 secs] [Times: user=0.03 sys=0.00, real=0.01 secs] 
2014-07-09T15:45:09.895+0200: 118.717: [GC [PSYoungGen: 6122K->5090K(11264K)] 14572K->14243K(27648K), 0.0044211 secs] [Times: user=0.00 sys=0.00, real=0.00 secs] 
2014-07-09T15:45:09.902+0200: 118.725: [GC [PSYoungGen: 11213K->3713K(11264K)] 20366K->12875K(27648K), 0.0031808 secs] [Times: user=0.00 sys=0.00, real=0.00 secs] 
2014-07-09T15:45:09.928+0200: 118.751: [GC [PSYoungGen: 9836K->1632K(11264K)] 18998K->10802K(27648K), 0.0013048 secs] [Times: user=0.00 sys=0.00, real=0.00 secs] 
2014-07-09T15:45:09.933+0200: 118.755: [GC [PSYoungGen: 7753K->5090K(11264K)] 16923K->16869K(27648K), 0.0059811 secs] [Times: user=0.03 sys=0.00, real=0.01 secs] 
2014-07-09T15:45:09.979+0200: 118.802: [GC [PSYoungGen: 11213K->5090K(11264K)] 22992K->17445K(27648K), 0.0045744 secs] [Times: user=0.02 sys=0.00, real=0.00 secs] 
2014-07-09T15:45:09.986+0200: 118.808: [GC [PSYoungGen: 11213K->3585K(11264K)] 23568K->15948K(27648K), 0.0039449 secs] [Times: user=0.00 sys=0.00, real=0.00 secs] 
2014-07-09T15:45:10.029+0200: 118.851: [GC [PSYoungGen: 9708K->1504K(11264K)] 22071K->13875K(27648K), 0.0021426 secs] [Times: user=0.00 sys=0.00, real=0.00 secs] 
2014-07-09T15:45:10.035+0200: 118.858: [GC [PSYoungGen: 7625K->5090K(11264K)] 19996K->19942K(27648K), 0.0101915 secs] [Times: user=0.03 sys=0.00, real=0.01 secs] 
2014-07-09T15:45:10.046+0200: 118.869: [Full GC [PSYoungGen: 5090K->0K(11264K)] [ParOldGen: 14852K->8192K(16384K)] 19942K->8192K(27648K) [PSPermGen: 2476K->2476K(21504K)], 0.0190077 secs] [Times: user=0.02 sys=0.00, real=0.02 secs] 
2014-07-09T15:45:10.079+0200: 118.902: [GC [PSYoungGen: 6128K->4514K(11264K)] 14321K->12707K(27648K), 0.0032054 secs] [Times: user=0.00 sys=0.00, real=0.00 secs] 
2014-07-09T15:45:10.085+0200: 118.908: [GC [PSYoungGen: 10637K->2433K(11264K)] 18830K->10634K(27648K), 0.0018262 secs] [Times: user=0.00 sys=0.00, real=0.00 secs] 
2014-07-09T15:45:10.128+0200: 118.950: [GC [PSYoungGen: 8556K->352K(11264K)] 16757K->8561K(27648K), 0.0005558 secs] [Times: user=0.00 sys=0.00, real=0.00 secs] 
2014-07-09T15:45:10.130+0200: 118.953: [GC [PSYoungGen: 6473K->5090K(11264K)] 14682K->14628K(27648K), 0.0048996 secs] [Times: user=0.00 sys=0.00, real=0.00 secs] 
2014-07-09T15:45:10.180+0200: 119.003: [GC [PSYoungGen: 11213K->4386K(11264K)] 20751K->13923K(27648K), 0.0050719 secs] [Times: user=0.03 sys=0.00, real=0.01 secs] 
2014-07-09T15:45:10.190+0200: 119.013: [GC [PSYoungGen: 10509K->2305K(11264K)] 20046K->11850K(27648K), 0.0034862 secs] [Times: user=0.00 sys=0.00, real=0.00 secs] 
2014-07-09T15:45:10.228+0200: 119.050: [GC [PSYoungGen: 8428K->224K(11264K)] 17973K->9777K(27648K), 0.0006108 secs] [Times: user=0.00 sys=0.00, real=0.00 secs] 
2014-07-09T15:45:10.231+0200: 119.053: [GC [PSYoungGen: 6345K->5090K(11264K)] 15898K->15844K(27648K), 0.0047914 secs] [Times: user=0.00 sys=0.00, real=0.00 secs] 
2014-07-09T15:45:10.280+0200: 119.103: [GC [PSYoungGen: 11213K->4258K(11264K)] 21967K->15012K(27648K), 0.0053835 secs] [Times: user=0.00 sys=0.00, real=0.01 secs] 
2014-07-09T15:45:10.291+0200: 119.114: [GC [PSYoungGen: 10381K->2177K(11264K)] 21135K->12939K(27648K), 0.0036193 secs] [Times: user=0.03 sys=0.00, real=0.00 secs] 
2014-07-09T15:45:10.298+0200: 119.120: [GC [PSYoungGen: 8316K->64K(11264K)] 19078K->10842K(27648K), 0.0007912 secs] [Times: user=0.00 sys=0.00, real=0.00 secs] 
2014-07-09T15:45:10.330+0200: 119.152: [GC [PSYoungGen: 6186K->4546K(11264K)] 16964K->15332K(27648K), 0.0032182 secs] [Times: user=0.00 sys=0.00, real=0.00 secs] 
2014-07-09T15:45:10.379+0200: 119.202: [GC [PSYoungGen: 10669K->2465K(11264K)] 21455K->13259K(27648K), 0.0016319 secs] [Times: user=0.00 sys=0.00, real=0.00 secs] 
2014-07-09T15:45:10.384+0200: 119.206: [GC [PSYoungGen: 8588K->384K(11264K)] 19382K->11186K(27648K), 0.0008872 secs] [Times: user=0.00 sys=0.00, real=0.00 secs] 
2014-07-09T15:45:10.388+0200: 119.211: [GC [PSYoungGen: 6505K->5090K(11264K)] 17307K->17253K(27648K), 0.0055060 secs] [Times: user=0.00 sys=0.00, real=0.01 secs] 
2014-07-09T15:45:10.429+0200: 119.252: [GC [PSYoungGen: 11213K->4418K(11264K)] 23376K->16580K(27648K), 0.0030408 secs] [Times: user=0.00 sys=0.00, real=0.00 secs] 
2014-07-09T15:45:10.479+0200: 119.302: [GC [PSYoungGen: 10541K->2337K(11264K)] 22703K->14507K(27648K), 0.0031240 secs] [Times: user=0.03 sys=0.00, real=0.00 secs] 
2014-07-09T15:45:10.488+0200: 119.310: [GC [PSYoungGen: 8460K->256K(11264K)] 20630K->12434K(27648K), 0.0015387 secs] [Times: user=0.00 sys=0.00, real=0.00 secs] 
2014-07-09T15:45:10.493+0200: 119.316: [GC [PSYoungGen: 6377K->5090K(11264K)] 18555K->18501K(27648K), 0.0228584 secs] [Times: user=0.03 sys=0.00, real=0.02 secs] 
2014-07-09T15:45:10.529+0200: 119.352: [GC [PSYoungGen: 11213K->4290K(11264K)] 24624K->17701K(27648K), 0.0033334 secs] [Times: user=0.00 sys=0.00, real=0.00 secs] 
2014-07-09T15:45:10.578+0200: 119.401: [GC [PSYoungGen: 10422K->672K(11264K)] 23833K->14091K(27648K), 0.0016348 secs] [Times: user=0.00 sys=0.00, real=0.00 secs] 
2014-07-09T15:45:10.583+0200: 119.406: [GC [PSYoungGen: 6793K->5090K(11264K)] 20212K->20158K(27648K), 0.0093702 secs] [Times: user=0.03 sys=0.00, real=0.01 secs] 
2014-07-09T15:45:10.593+0200: 119.416: [Full GC [PSYoungGen: 5090K->0K(11264K)] [ParOldGen: 15068K->7362K(16384K)] 20158K->7362K(27648K) [PSPermGen: 2476K->2476K(21504K)], 0.0140539 secs] [Times: user=0.03 sys=0.00, real=0.01 secs] 
2014-07-09T15:45:10.610+0200: 119.433: [GC [PSYoungGen: 6122K->4706K(11264K)] 13485K->12068K(27648K), 0.0040233 secs] [Times: user=0.00 sys=0.00, real=0.00 secs] 
2014-07-09T15:45:10.629+0200: 119.452: [GC [PSYoungGen: 10829K->2625K(11264K)] 18191K->9995K(27648K), 0.0015901 secs] [Times: user=0.00 sys=0.00, real=0.00 secs] 
2014-07-09T15:45:10.678+0200: 119.501: [GC [PSYoungGen: 8748K->544K(11264K)] 16118K->7922K(27648K), 0.0018423 secs] [Times: user=0.00 sys=0.00, real=0.00 secs] 
2014-07-09T15:45:10.685+0200: 119.507: [GC [PSYoungGen: 6665K->5090K(11264K)] 14043K->13989K(27648K), 0.0084434 secs] [Times: user=0.00 sys=0.00, real=0.01 secs] 
2014-07-09T15:45:10.697+0200: 119.520: [GC [PSYoungGen: 11213K->4546K(11264K)] 20112K->13445K(27648K), 0.0176871 secs] [Times: user=0.02 sys=0.02, real=0.02 secs] 
2014-07-09T15:45:10.728+0200: 119.551: [GC [PSYoungGen: 10669K->2497K(11264K)] 19568K->11404K(27648K), 0.0014229 secs] [Times: user=0.00 sys=0.02, real=0.00 secs] 
2014-07-09T15:45:10.778+0200: 119.601: [GC [PSYoungGen: 8620K->416K(11264K)] 17527K->9331K(27648K), 0.0014592 secs] [Times: user=0.00 sys=0.00, real=0.00 secs] 
2014-07-09T15:45:10.785+0200: 119.607: [GC [PSYoungGen: 6537K->5090K(11264K)] 15452K->15398K(27648K), 0.0085189 secs] [Times: user=0.02 sys=0.00, real=0.01 secs] 
2014-07-09T15:45:10.799+0200: 119.622: [GC [PSYoungGen: 11213K->4450K(11264K)] 21521K->14757K(27648K), 0.0072090 secs] [Times: user=0.00 sys=0.00, real=0.01 secs] 
2014-07-09T15:45:10.828+0200: 119.651: [GC [PSYoungGen: 10582K->832K(11264K)] 20889K->11147K(27648K), 0.0007864 secs] [Times: user=0.00 sys=0.00, real=0.00 secs] 
2014-07-09T15:45:10.831+0200: 119.654: [GC [PSYoungGen: 6953K->5090K(11264K)] 17268K->17214K(27648K), 0.0053381 secs] [Times: user=0.00 sys=0.00, real=0.00 secs] 
2014-07-09T15:45:10.880+0200: 119.702: [GC [PSYoungGen: 11213K->4866K(11264K)] 23337K->16990K(27648K), 0.0038870 secs] [Times: user=0.00 sys=0.00, real=0.00 secs] 
2014-07-09T15:45:10.886+0200: 119.709: [GC [PSYoungGen: 10989K->2785K(11264K)] 23113K->14917K(27648K), 0.0024469 secs] [Times: user=0.00 sys=0.00, real=0.00 secs] 
2014-07-09T15:45:10.946+0200: 119.768: [GC [PSYoungGen: 8908K->672K(11264K)] 21040K->12812K(27648K), 0.0272923 secs] [Times: user=0.00 sys=0.00, real=0.03 secs] 
2014-07-09T15:45:10.977+0200: 119.799: [GC [PSYoungGen: 6793K->5090K(11264K)] 18933K->18911K(27648K), 0.0049300 secs] [Times: user=0.03 sys=0.00, real=0.01 secs] 
2014-07-09T15:45:10.985+0200: 119.808: [GC [PSYoungGen: 11213K->4706K(11264K)] 25034K->18527K(27648K), 0.0051335 secs] [Times: user=0.00 sys=0.00, real=0.01 secs] 
2014-07-09T15:45:10.993+0200: 119.816: [GC [PSYoungGen: 10829K->2657K(11264K)] 24650K->16486K(27648K), 0.0039812 secs] [Times: user=0.00 sys=0.00, real=0.00 secs] 
2014-07-09T15:45:11.028+0200: 119.850: [GC [PSYoungGen: 8780K->576K(11264K)] 22609K->14413K(27648K), 0.0006005 secs] [Times: user=0.00 sys=0.00, real=0.00 secs] 
2014-07-09T15:45:11.030+0200: 119.853: [GC [PSYoungGen: 6697K->5090K(11264K)] 20534K->20480K(27648K), 0.0050125 secs] [Times: user=0.00 sys=0.00, real=0.01 secs] 
2014-07-09T15:45:11.035+0200: 119.858: [Full GC [PSYoungGen: 5090K->0K(11264K)] [ParOldGen: 15390K->7266K(16384K)] 20480K->7266K(27648K) [PSPermGen: 2476K->2476K(21504K)], 0.0095590 secs] [Times: user=0.01 sys=0.00, real=0.01 secs] 
2014-07-09T15:45:11.080+0200: 119.903: [GC [PSYoungGen: 6126K->3553K(11264K)] 13393K->10820K(27648K), 0.0425627 secs] [Times: user=0.00 sys=0.00, real=0.04 secs] 
2014-07-09T15:45:11.126+0200: 119.948: [GC [PSYoungGen: 9676K->1472K(11264K)] 16943K->8747K(27648K), 0.0032520 secs] [Times: user=0.00 sys=0.00, real=0.00 secs] 
2014-07-09T15:45:11.132+0200: 119.954: [GC [PSYoungGen: 7593K->5090K(11264K)] 14868K->14846K(27648K), 0.0055782 secs] [Times: user=0.03 sys=0.00, real=0.01 secs] 
2014-07-09T15:45:11.140+0200: 119.963: [GC [PSYoungGen: 11213K->5090K(11264K)] 20969K->15294K(27648K), 0.0040211 secs] [Times: user=0.00 sys=0.00, real=0.00 secs] 
2014-07-09T15:45:11.179+0200: 120.001: [GC [PSYoungGen: 11213K->3457K(11264K)] 21417K->13669K(27648K), 0.0022899 secs] [Times: user=0.00 sys=0.00, real=0.00 secs] 
2014-07-09T15:45:11.184+0200: 120.007: [GC [PSYoungGen: 9580K->1376K(11264K)] 19792K->11596K(27648K), 0.0011237 secs] [Times: user=0.00 sys=0.00, real=0.00 secs] 
2014-07-09T15:45:11.188+0200: 120.011: [GC [PSYoungGen: 7497K->5090K(11264K)] 17717K->17663K(27648K), 0.0053029 secs] [Times: user=0.00 sys=0.00, real=0.01 secs] 
2014-07-09T15:45:11.229+0200: 120.052: [GC [PSYoungGen: 11213K->5090K(11264K)] 23786K->17983K(27648K), 0.0039882 secs] [Times: user=0.00 sys=0.00, real=0.00 secs] 
2014-07-09T15:45:11.279+0200: 120.101: [GC [PSYoungGen: 11213K->3329K(11264K)] 24106K->16231K(27648K), 0.0019794 secs] [Times: user=0.00 sys=0.00, real=0.00 secs] 
2014-07-09T15:45:11.283+0200: 120.106: [GC [PSYoungGen: 9470K->224K(11264K)] 22372K->13133K(27648K), 0.0009998 secs] [Times: user=0.00 sys=0.00, real=0.00 secs] 
2014-07-09T15:45:11.287+0200: 120.110: [GC [PSYoungGen: 6345K->5090K(11264K)] 19254K->18616K(27648K), 0.0045491 secs] [Times: user=0.03 sys=0.00, real=0.00 secs] 
Heap
 PSYoungGen      total 11264K, used 8236K [0x00000000ff000000, 0x0000000100000000, 0x0000000100000000)
  eden space 6144K, 51% used [0x00000000ff000000,0x00000000ff312840,0x00000000ff600000)
  from space 5120K, 99% used [0x00000000ff600000,0x00000000ffaf89d0,0x00000000ffb00000)
  to   space 5120K, 0% used [0x00000000ffb00000,0x00000000ffb00000,0x0000000100000000)
 ParOldGen       total 16384K, used 13525K [0x00000000fe000000, 0x00000000ff000000, 0x00000000ff000000)
  object space 16384K, 82% used [0x00000000fe000000,0x00000000fed356d0,0x00000000ff000000)
 PSPermGen       total 21504K, used 2483K [0x00000000f8e00000, 0x00000000fa300000, 0x00000000fe000000)
  object space 21504K, 11% used [0x00000000f8e00000,0x00000000f906cd98,0x00000000fa300000)
