Java HotSpot(TM) 64-Bit Server VM (25.5-b02) for windows-amd64 JRE (1.8.0_05-b13), built on Mar 18 2014 01:08:39 by "java_re" with MS VC++ 10.0 (VS2010)
Memory: 4k page, physical 8376184k(4357728k free), swap 16750504k(10095408k free)
CommandLine flags: -XX:InitialHeapSize=134217728 -XX:MaxHeapSize=134217728 -XX:MaxNewSize=44740608 -XX:MaxTenuringThreshold=6 -XX:NewSize=44740608 -XX:OldPLABSize=16 -XX:OldSize=89477120 -XX:+PrintGC -XX:+PrintGCDateStamps -XX:+PrintGCDetails -XX:+PrintGCTimeStamps -XX:+UseCompressedClassPointers -XX:+UseCompressedOops -XX:+UseConcMarkSweepGC -XX:-UseLargePagesIndividualAllocation -XX:+UseParNewGC 
2014-07-09T16:36:22.271+0200: 0.259: [GC (Allocation Failure) 0.260: [ParNew: 34923K->4328K(39296K), 0.0082593 secs] 34923K->7757K(126720K), 0.0086597 secs] [Times: user=0.00 sys=0.00, real=0.01 secs] 
2014-07-09T16:36:22.418+0200: 0.406: [GC (Allocation Failure) 0.406: [ParNew: 39257K->4322K(39296K), 0.0080130 secs] 42687K->11563K(126720K), 0.0081765 secs] [Times: user=0.02 sys=0.00, real=0.01 secs] 
2014-07-09T16:36:22.567+0200: 0.555: [GC (Allocation Failure) 0.555: [ParNew: 39257K->1708K(39296K), 0.0028245 secs] 46498K->8954K(126720K), 0.0030357 secs] [Times: user=0.00 sys=0.00, real=0.00 secs] 
2014-07-09T16:36:22.717+0200: 0.706: [GC (Allocation Failure) 0.706: [ParNew: 36632K->2280K(39296K), 0.0017305 secs] 43878K->9526K(126720K), 0.0019523 secs] [Times: user=0.00 sys=0.00, real=0.00 secs] 
2014-07-09T16:36:22.829+0200: 0.817: [GC (Allocation Failure) 0.817: [ParNew: 37197K->4339K(39296K), 0.0059155 secs] 44443K->11628K(126720K), 0.0062183 secs] [Times: user=0.03 sys=0.00, real=0.01 secs] 
2014-07-09T16:36:22.967+0200: 0.956: [GC (Allocation Failure) 0.956: [ParNew: 39270K->4337K(39296K), 0.0038778 secs] 46558K->12174K(126720K), 0.0040215 secs] [Times: user=0.03 sys=0.00, real=0.00 secs] 
2014-07-09T16:36:23.127+0200: 1.115: [GC (Allocation Failure) 1.115: [ParNew: 39279K->4330K(39296K), 0.0052083 secs] 47116K->14829K(126720K), 0.0053194 secs] [Times: user=0.00 sys=0.00, real=0.00 secs] 
2014-07-09T16:36:23.228+0200: 1.216: [GC (Allocation Failure) 1.216: [ParNew: 39272K->4327K(39296K), 0.0053069 secs] 49771K->18000K(126720K), 0.0055016 secs] [Times: user=0.00 sys=0.00, real=0.01 secs] 
2014-07-09T16:36:23.416+0200: 1.404: [GC (Allocation Failure) 1.404: [ParNew: 39244K->347K(39296K), 0.0006104 secs] 52918K->14027K(126720K), 0.0006937 secs] [Times: user=0.00 sys=0.00, real=0.00 secs] 
2014-07-09T16:36:23.524+0200: 1.512: [GC (Allocation Failure) 1.512: [ParNew: 35265K->2386K(39296K), 0.0044530 secs] 48945K->16065K(126720K), 0.0048167 secs] [Times: user=0.00 sys=0.00, real=0.01 secs] 
2014-07-09T16:36:23.667+0200: 1.656: [GC (Allocation Failure) 1.656: [ParNew: 37309K->2409K(39296K), 0.0031878 secs] 50989K->16098K(126720K), 0.0034499 secs] [Times: user=0.00 sys=0.00, real=0.00 secs] 
2014-07-09T16:36:23.817+0200: 1.806: [GC (Allocation Failure) 1.806: [ParNew: 37345K->4328K(39296K), 0.0034837 secs] 51035K->18215K(126720K), 0.0036974 secs] [Times: user=0.00 sys=0.00, real=0.00 secs] 
2014-07-09T16:36:23.924+0200: 1.913: [GC (Allocation Failure) 1.913: [ParNew: 39268K->4328K(39296K), 0.0071199 secs] 53156K->19500K(126720K), 0.0074531 secs] [Times: user=0.00 sys=0.00, real=0.01 secs] 
2014-07-09T16:36:24.071+0200: 2.059: [GC (Allocation Failure) 2.059: [ParNew: 39269K->4327K(39296K), 0.0124928 secs] 54442K->22897K(126720K), 0.0127820 secs] [Times: user=0.03 sys=0.00, real=0.01 secs] 
2014-07-09T16:36:24.221+0200: 2.209: [GC (Allocation Failure) 2.209: [ParNew: 39251K->4328K(39296K), 0.0129247 secs] 57821K->26712K(126720K), 0.0132282 secs] [Times: user=0.03 sys=0.00, real=0.01 secs] 
2014-07-09T16:36:24.368+0200: 2.356: [GC (Allocation Failure) 2.356: [ParNew: 39266K->2056K(39296K), 0.0015255 secs] 61651K->24446K(126720K), 0.0017107 secs] [Times: user=0.00 sys=0.00, real=0.00 secs] 
2014-07-09T16:36:24.516+0200: 2.504: [GC (Allocation Failure) 2.504: [ParNew: 36968K->2605K(39296K), 0.0019197 secs] 59358K->24995K(126720K), 0.0021488 secs] [Times: user=0.00 sys=0.00, real=0.00 secs] 
2014-07-09T16:36:24.624+0200: 2.611: [GC (Allocation Failure) 2.611: [ParNew: 37540K->4328K(39296K), 0.0041946 secs] 59930K->27113K(126720K), 0.0044611 secs] [Times: user=0.03 sys=0.00, real=0.00 secs] 
2014-07-09T16:36:24.769+0200: 2.757: [GC (Allocation Failure) 2.757: [ParNew: 39270K->4329K(39296K), 0.0081032 secs] 62055K->28079K(126720K), 0.0084764 secs] [Times: user=0.00 sys=0.00, real=0.01 secs] 
2014-07-09T16:36:24.920+0200: 2.908: [GC (Allocation Failure) 2.908: [ParNew: 39243K->4328K(39296K), 0.0097926 secs] 62993K->30100K(126720K), 0.0100716 secs] [Times: user=0.00 sys=0.00, real=0.01 secs] 
2014-07-09T16:36:25.066+0200: 3.053: [GC (Allocation Failure) 3.053: [ParNew: 39272K->231K(39296K), 0.0015413 secs] 65044K->26008K(126720K), 0.0017195 secs] [Times: user=0.00 sys=0.00, real=0.00 secs] 
2014-07-09T16:36:25.172+0200: 3.159: [GC (Allocation Failure) 3.159: [ParNew: 35165K->4333K(39296K), 0.0112671 secs] 60941K->33952K(126720K), 0.0115021 secs] [Times: user=0.00 sys=0.00, real=0.01 secs] 
2014-07-09T16:36:25.324+0200: 3.312: [GC (Allocation Failure) 3.312: [ParNew: 39253K->2024K(39296K), 0.0030584 secs] 68872K->31653K(126720K), 0.0033961 secs] [Times: user=0.03 sys=0.00, real=0.00 secs] 
2014-07-09T16:36:25.468+0200: 3.455: [GC (Allocation Failure) 3.456: [ParNew: 36947K->3052K(39296K), 0.0035834 secs] 66576K->32681K(126720K), 0.0038448 secs] [Times: user=0.00 sys=0.00, real=0.00 secs] 
2014-07-09T16:36:25.619+0200: 3.606: [GC (Allocation Failure) 3.606: [ParNew: 37965K->4328K(39296K), 0.0074729 secs] 67594K->34735K(126720K), 0.0077882 secs] [Times: user=0.03 sys=0.00, real=0.01 secs] 
2014-07-09T16:36:25.728+0200: 3.715: [GC (Allocation Failure) 3.715: [ParNew: 39260K->4328K(39296K), 0.0083697 secs] 69668K->36021K(126720K), 0.0087195 secs] [Times: user=0.03 sys=0.00, real=0.01 secs] 
2014-07-09T16:36:25.870+0200: 3.858: [GC (Allocation Failure) 3.858: [ParNew: 39269K->4328K(39296K), 0.0093669 secs] 70962K->39387K(126720K), 0.0096511 secs] [Times: user=0.01 sys=0.00, real=0.01 secs] 
2014-07-09T16:36:26.019+0200: 4.006: [GC (Allocation Failure) 4.006: [ParNew: 39258K->7K(39296K), 0.0010548 secs] 74317K->35071K(126720K), 0.0011813 secs] [Times: user=0.00 sys=0.00, real=0.00 secs] 
2014-07-09T16:36:26.166+0200: 4.153: [GC (Allocation Failure) 4.153: [ParNew: 34923K->269K(39296K), 0.0009294 secs] 69987K->35332K(126720K), 0.0010584 secs] [Times: user=0.00 sys=0.00, real=0.00 secs] 
2014-07-09T16:36:26.317+0200: 4.304: [GC (Allocation Failure) 4.304: [ParNew: 35184K->2322K(39296K), 0.0017455 secs] 70248K->37386K(126720K), 0.0018834 secs] [Times: user=0.00 sys=0.00, real=0.00 secs] 
2014-07-09T16:36:26.442+0200: 4.429: [GC (Allocation Failure) 4.429: [ParNew: 37234K->3334K(39296K), 0.0602021 secs] 72298K->38414K(126720K), 0.0603378 secs] [Times: user=0.03 sys=0.00, real=0.06 secs] 
2014-07-09T16:36:26.610+0200: 4.597: [GC (Allocation Failure) 4.598: [ParNew: 38270K->4327K(39296K), 0.0060083 secs] 73350K->40532K(126720K), 0.0061626 secs] [Times: user=0.00 sys=0.00, real=0.01 secs] 
2014-07-09T16:36:26.719+0200: 4.707: [GC (Allocation Failure) 4.707: [ParNew: 39243K->4329K(39296K), 0.0084482 secs] 75448K->41691K(126720K), 0.0087308 secs] [Times: user=0.00 sys=0.00, real=0.01 secs] 
2014-07-09T16:36:26.823+0200: 4.811: [GC (Allocation Failure) 4.811: [ParNew: 39262K->4327K(39296K), 0.0066374 secs] 76624K->44960K(126720K), 0.0068621 secs] [Times: user=0.00 sys=0.02, real=0.01 secs] 
2014-07-09T16:36:27.017+0200: 5.004: [GC (Allocation Failure) 5.004: [ParNew: 39265K->488K(39296K), 0.0016018 secs] 79899K->41126K(126720K), 0.0017899 secs] [Times: user=0.00 sys=0.00, real=0.00 secs] 
2014-07-09T16:36:27.125+0200: 5.113: [GC (Allocation Failure) 5.113: [ParNew: 35421K->2604K(39296K), 0.0040347 secs] 76059K->43242K(126720K), 0.0043581 secs] [Times: user=0.00 sys=0.00, real=0.01 secs] 
2014-07-09T16:36:27.268+0200: 5.255: [GC (Allocation Failure) 5.255: [ParNew: 37522K->3016K(39296K), 0.0034294 secs] 78160K->43664K(126720K), 0.0036571 secs] [Times: user=0.00 sys=0.00, real=0.00 secs] 
2014-07-09T16:36:27.417+0200: 5.404: [GC (Allocation Failure) 5.404: [ParNew: 37958K->3592K(39296K), 0.0024725 secs] 78606K->44245K(126720K), 0.0026415 secs] [Times: user=0.00 sys=0.00, real=0.00 secs] 
2014-07-09T16:36:27.527+0200: 5.515: [GC (Allocation Failure) 5.515: [ParNew: 38525K->4329K(39296K), 0.0084823 secs] 79178K->46364K(126720K), 0.0088254 secs] [Times: user=0.00 sys=0.00, real=0.01 secs] 
2014-07-09T16:36:27.668+0200: 5.655: [GC (Allocation Failure) 5.655: [ParNew: 39241K->4328K(39296K), 0.0047826 secs] 81276K->48289K(126720K), 0.0049271 secs] [Times: user=0.00 sys=0.00, real=0.01 secs] 
2014-07-09T16:36:27.673+0200: 5.660: [GC (CMS Initial Mark) [1 CMS-initial-mark: 43960K(87424K)] 48355K(126720K), 0.0001899 secs] [Times: user=0.00 sys=0.00, real=0.00 secs] 
2014-07-09T16:36:27.673+0200: 5.660: [CMS-concurrent-mark-start]
2014-07-09T16:36:27.675+0200: 5.662: [CMS-concurrent-mark: 0.002/0.002 secs] [Times: user=0.00 sys=0.00, real=0.00 secs] 
2014-07-09T16:36:27.675+0200: 5.662: [CMS-concurrent-preclean-start]
2014-07-09T16:36:27.675+0200: 5.662: [CMS-concurrent-preclean: 0.000/0.000 secs] [Times: user=0.00 sys=0.00, real=0.00 secs] 
2014-07-09T16:36:27.675+0200: 5.662: [GC (CMS Final Remark) [YG occupancy: 6283 K (39296 K)]5.662: [Rescan (parallel) , 0.0002262 secs]5.663: [weak refs processing, 0.0000301 secs]5.663: [class unloading, 0.0004766 secs]5.663: [scrub symbol table, 0.0006456 secs]5.664: [scrub string table, 0.0003410 secs][1 CMS-remark: 43960K(87424K)] 50244K(126720K), 0.0018808 secs] [Times: user=0.00 sys=0.00, real=0.00 secs] 
2014-07-09T16:36:27.680+0200: 5.668: [CMS-concurrent-sweep-start]
2014-07-09T16:36:27.681+0200: 5.668: [CMS-concurrent-sweep: 0.001/0.001 secs] [Times: user=0.00 sys=0.00, real=0.00 secs] 
2014-07-09T16:36:27.681+0200: 5.668: [CMS-concurrent-reset-start]
2014-07-09T16:36:27.682+0200: 5.669: [CMS-concurrent-reset: 0.001/0.001 secs] [Times: user=0.02 sys=0.00, real=0.00 secs] 
2014-07-09T16:36:27.819+0200: 5.806: [GC (Allocation Failure) 5.806: [ParNew: 39261K->167K(39296K), 0.0010324 secs] 41513K->2423K(126720K), 0.0011666 secs] [Times: user=0.00 sys=0.00, real=0.00 secs] 
2014-07-09T16:36:27.967+0200: 5.954: [GC (Allocation Failure) 5.954: [ParNew: 35103K->1259K(39296K), 0.0020542 secs] 37360K->3516K(126720K), 0.0022492 secs] [Times: user=0.00 sys=0.00, real=0.00 secs] 
2014-07-09T16:36:28.118+0200: 6.105: [GC (Allocation Failure) 6.105: [ParNew: 36192K->3376K(39296K), 0.0042290 secs] 38449K->5633K(126720K), 0.0045051 secs] [Times: user=0.02 sys=0.00, real=0.00 secs] 
2014-07-09T16:36:28.226+0200: 6.214: [GC (Allocation Failure) 6.214: [ParNew: 38297K->3273K(39296K), 0.0047247 secs] 40554K->5543K(126720K), 0.0051419 secs] [Times: user=0.03 sys=0.00, real=0.01 secs] 
2014-07-09T16:36:28.368+0200: 6.355: [GC (Allocation Failure) 6.355: [ParNew: 38206K->4328K(39296K), 0.0042595 secs] 40476K->7661K(126720K), 0.0044299 secs] [Times: user=0.00 sys=0.00, real=0.00 secs] 
2014-07-09T16:36:28.520+0200: 6.507: [GC (Allocation Failure) 6.507: [ParNew: 39266K->4328K(39296K), 0.0086997 secs] 42599K->9810K(126720K), 0.0089992 secs] [Times: user=0.03 sys=0.00, real=0.01 secs] 
2014-07-09T16:36:28.624+0200: 6.612: [GC (Allocation Failure) 6.612: [ParNew: 39270K->4328K(39296K), 0.0052721 secs] 44752K->12537K(126720K), 0.0055166 secs] [Times: user=0.00 sys=0.00, real=0.01 secs] 
2014-07-09T16:36:28.816+0200: 6.804: [GC (Allocation Failure) 6.804: [ParNew: 39261K->966K(39296K), 0.0008385 secs] 47470K->9180K(126720K), 0.0009177 secs] [Times: user=0.00 sys=0.00, real=0.00 secs] 
2014-07-09T16:36:28.924+0200: 6.911: [GC (Allocation Failure) 6.911: [ParNew: 35908K->1547K(39296K), 0.0029605 secs] 44122K->9762K(126720K), 0.0032028 secs] [Times: user=0.00 sys=0.00, real=0.00 secs] 
2014-07-09T16:36:29.068+0200: 7.055: [GC (Allocation Failure) 7.055: [ParNew: 36480K->3665K(39296K), 0.0044248 secs] 44695K->11880K(126720K), 0.0047097 secs] [Times: user=0.03 sys=0.00, real=0.00 secs] 
2014-07-09T16:36:29.234+0200: 7.221: [GC (Allocation Failure) 7.221: [ParNew: 38584K->4072K(39296K), 0.0039339 secs] 46798K->12300K(126720K), 0.0041007 secs] [Times: user=0.00 sys=0.00, real=0.00 secs] 
2014-07-09T16:36:29.324+0200: 7.311: [GC (Allocation Failure) 7.311: [ParNew: 39005K->4328K(39296K), 0.0043859 secs] 47233K->14419K(126720K), 0.0045561 secs] [Times: user=0.00 sys=0.00, real=0.00 secs] 
2014-07-09T16:36:29.470+0200: 7.457: [GC (Allocation Failure) 7.457: [ParNew: 39264K->4327K(39296K), 0.0096335 secs] 49355K->17367K(126720K), 0.0098604 secs] [Times: user=0.03 sys=0.00, real=0.01 secs] 
2014-07-09T16:36:29.621+0200: 7.609: [GC (Allocation Failure) 7.609: [ParNew: 39270K->171K(39296K), 0.0007479 secs] 52310K->13216K(126720K), 0.0008663 secs] [Times: user=0.00 sys=0.00, real=0.00 secs] 
2014-07-09T16:36:29.766+0200: 7.754: [GC (Allocation Failure) 7.754: [ParNew: 35109K->1260K(39296K), 0.0010581 secs] 48154K->14306K(126720K), 0.0011776 secs] [Times: user=0.00 sys=0.00, real=0.00 secs] 
2014-07-09T16:36:29.917+0200: 7.904: [GC (Allocation Failure) 7.904: [ParNew: 36199K->2353K(39296K), 0.0022349 secs] 49244K->15398K(126720K), 0.0023743 secs] [Times: user=0.00 sys=0.00, real=0.00 secs] 
2014-07-09T16:36:30.026+0200: 8.014: [GC (Allocation Failure) 8.014: [ParNew: 37286K->4328K(39296K), 0.0059973 secs] 50331K->17516K(126720K), 0.0063272 secs] [Times: user=0.00 sys=0.00, real=0.01 secs] 
2014-07-09T16:36:30.169+0200: 8.157: [GC (Allocation Failure) 8.157: [ParNew: 39243K->4329K(39296K), 0.0065820 secs] 52431K->18066K(126720K), 0.0068577 secs] [Times: user=0.00 sys=0.00, real=0.01 secs] 
2014-07-09T16:36:30.319+0200: 8.306: [GC (Allocation Failure) 8.306: [ParNew: 39262K->4328K(39296K), 0.0054301 secs] 52999K->20728K(126720K), 0.0057102 secs] [Times: user=0.00 sys=0.00, real=0.00 secs] 
2014-07-09T16:36:30.424+0200: 8.412: [GC (Allocation Failure) 8.412: [ParNew: 39270K->4329K(39296K), 0.0050932 secs] 55670K->23967K(126720K), 0.0052435 secs] [Times: user=0.03 sys=0.00, real=0.01 secs] 
2014-07-09T16:36:30.616+0200: 8.604: [GC (Allocation Failure) 8.604: [ParNew: 39262K->1479K(39296K), 0.0009151 secs] 58900K->21123K(126720K), 0.0010031 secs] [Times: user=0.00 sys=0.00, real=0.00 secs] 
2014-07-09T16:36:30.720+0200: 8.708: [GC (Allocation Failure) 8.708: [ParNew: 36422K->2061K(39296K), 0.0016428 secs] 56065K->21704K(126720K), 0.0017657 secs] [Times: user=0.00 sys=0.00, real=0.00 secs] 
2014-07-09T16:36:30.867+0200: 8.855: [GC (Allocation Failure) 8.855: [ParNew: 36994K->4177K(39296K), 0.0032982 secs] 56637K->23821K(126720K), 0.0034694 secs] [Times: user=0.00 sys=0.00, real=0.00 secs] 
2014-07-09T16:36:31.018+0200: 9.005: [GC (Allocation Failure) 9.005: [ParNew: 39114K->4327K(39296K), 0.0048571 secs] 58757K->24912K(126720K), 0.0050374 secs] [Times: user=0.03 sys=0.00, real=0.01 secs] 
2014-07-09T16:36:31.122+0200: 9.110: [GC (Allocation Failure) 9.110: [ParNew: 39260K->4327K(39296K), 0.0060343 secs] 59845K->27959K(126720K), 0.0062521 secs] [Times: user=0.02 sys=0.00, real=0.01 secs] 
2014-07-09T16:36:31.268+0200: 9.256: [GC (Allocation Failure) 9.256: [ParNew: 39251K->4330K(39296K), 0.0064123 secs] 62882K->30911K(126720K), 0.0065784 secs] [Times: user=0.03 sys=0.00, real=0.01 secs] 
2014-07-09T16:36:31.419+0200: 9.406: [GC (Allocation Failure) 9.406: [ParNew: 39268K->167K(39296K), 0.0011380 secs] 65850K->26755K(126720K), 0.0012685 secs] [Times: user=0.00 sys=0.00, real=0.00 secs] 
2014-07-09T16:36:31.566+0200: 9.554: [GC (Allocation Failure) 9.554: [ParNew: 35100K->2284K(39296K), 0.0014731 secs] 61688K->28872K(126720K), 0.0015761 secs] [Times: user=0.00 sys=0.00, real=0.00 secs] 
2014-07-09T16:36:31.717+0200: 9.705: [GC (Allocation Failure) 9.705: [ParNew: 37226K->2856K(39296K), 0.0020806 secs] 63814K->29454K(126720K), 0.0024113 secs] [Times: user=0.00 sys=0.00, real=0.00 secs] 
2014-07-09T16:36:31.826+0200: 9.814: [GC (Allocation Failure) 9.814: [ParNew: 37789K->4327K(39296K), 0.0069520 secs] 64387K->31571K(126720K), 0.0072508 secs] [Times: user=0.03 sys=0.00, real=0.01 secs] 
2014-07-09T16:36:31.970+0200: 9.958: [GC (Allocation Failure) 9.958: [ParNew: 39269K->4328K(39296K), 0.0081134 secs] 66513K->32793K(126720K), 0.0083565 secs] [Times: user=0.03 sys=0.00, real=0.01 secs] 
2014-07-09T16:36:32.118+0200: 10.106: [GC (Allocation Failure) 10.106: [ParNew: 39261K->4327K(39296K), 0.0058132 secs] 67726K->36126K(126720K), 0.0060006 secs] [Times: user=0.00 sys=0.00, real=0.01 secs] 
2014-07-09T16:36:32.224+0200: 10.211: [GC (Allocation Failure) 10.211: [ParNew: 39245K->4330K(39296K), 0.0060501 secs] 71045K->39880K(126720K), 0.0062000 secs] [Times: user=0.00 sys=0.00, real=0.01 secs] 
2014-07-09T16:36:32.416+0200: 10.404: [GC (Allocation Failure) 10.404: [ParNew: 39268K->967K(39296K), 0.0008825 secs] 74818K->36523K(126720K), 0.0009701 secs] [Times: user=0.00 sys=0.00, real=0.00 secs] 
2014-07-09T16:36:32.525+0200: 10.513: [GC (Allocation Failure) 10.513: [ParNew: 35900K->3083K(39296K), 0.0046389 secs] 71456K->38639K(126720K), 0.0050649 secs] [Times: user=0.00 sys=0.00, real=0.00 secs] 
2014-07-09T16:36:32.666+0200: 10.654: [GC (Allocation Failure) 10.654: [ParNew: 37999K->3112K(39296K), 0.0017543 secs] 73555K->38678K(126720K), 0.0018881 secs] [Times: user=0.00 sys=0.00, real=0.00 secs] 
2014-07-09T16:36:32.817+0200: 10.805: [GC (Allocation Failure) 10.805: [ParNew: 38045K->4328K(39296K), 0.0044571 secs] 73611K->40796K(126720K), 0.0046133 secs] [Times: user=0.00 sys=0.00, real=0.01 secs] 
2014-07-09T16:36:32.922+0200: 10.910: [GC (Allocation Failure) 10.910: [ParNew: 39266K->4328K(39296K), 0.0054110 secs] 75735K->42785K(126720K), 0.0056174 secs] [Times: user=0.03 sys=0.00, real=0.01 secs] 
2014-07-09T16:36:33.116+0200: 11.104: [GC (Allocation Failure) 11.104: [ParNew: 39261K->230K(39296K), 0.0016011 secs] 77718K->38692K(126720K), 0.0018295 secs] [Times: user=0.00 sys=0.00, real=0.00 secs] 
2014-07-09T16:36:33.219+0200: 11.207: [GC (Allocation Failure) 11.207: [ParNew: 35148K->652K(39296K), 0.0014940 secs] 73610K->39114K(126720K), 0.0016381 secs] [Times: user=0.03 sys=0.00, real=0.00 secs] 
2014-07-09T16:36:33.367+0200: 11.354: [GC (Allocation Failure) 11.354: [ParNew: 35585K->2769K(39296K), 0.0018086 secs] 74047K->41231K(126720K), 0.0019717 secs] [Times: user=0.00 sys=0.00, real=0.00 secs] 
2014-07-09T16:36:33.518+0200: 11.505: [GC (Allocation Failure) 11.506: [ParNew: 37711K->3336K(39296K), 0.0041557 secs] 76174K->41812K(126720K), 0.0044105 secs] [Times: user=0.00 sys=0.00, real=0.00 secs] 
2014-07-09T16:36:33.627+0200: 11.614: [GC (Allocation Failure) 11.615: [ParNew: 38269K->4328K(39296K), 0.0073226 secs] 76745K->43930K(126720K), 0.0075939 secs] [Times: user=0.00 sys=0.00, real=0.01 secs] 
2014-07-09T16:36:33.769+0200: 11.757: [GC (Allocation Failure) 11.757: [ParNew: 39270K->4329K(39296K), 0.0081376 secs] 78873K->45632K(126720K), 0.0084375 secs] [Times: user=0.00 sys=0.00, real=0.01 secs] 
2014-07-09T16:36:33.920+0200: 11.908: [GC (Allocation Failure) 11.908: [ParNew: 39267K->4327K(39296K), 0.0100221 secs] 80571K->48421K(126720K), 0.0103025 secs] [Times: user=0.03 sys=0.00, real=0.01 secs] 
2014-07-09T16:36:34.066+0200: 12.054: [GC (Allocation Failure) 12.054: [ParNew: 39260K->1030K(39296K), 0.0020923 secs] 83354K->45129K(126720K), 0.0022580 secs] [Times: user=0.00 sys=0.00, real=0.00 secs] 
2014-07-09T16:36:34.217+0200: 12.204: [GC (Allocation Failure) 12.205: [ParNew: 35954K->941K(39296K), 0.0019603 secs] 80053K->45040K(126720K), 0.0021616 secs] [Times: user=0.03 sys=0.00, real=0.00 secs] 
2014-07-09T16:36:34.320+0200: 12.308: [GC (Allocation Failure) 12.308: [ParNew: 35874K->3058K(39296K), 0.0023926 secs] 79973K->47157K(126720K), 0.0025374 secs] [Times: user=0.00 sys=0.00, real=0.00 secs] 
2014-07-09T16:36:34.468+0200: 12.455: [GC (Allocation Failure) 12.455: [ParNew: 37997K->4137K(39296K), 0.0056013 secs] 82096K->48251K(126720K), 0.0058884 secs] [Times: user=0.03 sys=0.00, real=0.01 secs] 
2014-07-09T16:36:34.619+0200: 12.606: [GC (Allocation Failure) 12.606: [ParNew: 39070K->4327K(39296K), 0.0115007 secs] 83185K->50367K(126720K), 0.0117764 secs] [Times: user=0.03 sys=0.00, real=0.01 secs] 
2014-07-09T16:36:34.722+0200: 12.709: [GC (Allocation Failure) 12.709: [ParNew: 39269K->4329K(39296K), 0.0056134 secs] 85310K->52871K(126720K), 0.0057879 secs] [Times: user=0.00 sys=0.00, real=0.01 secs] 
2014-07-09T16:36:34.869+0200: 12.856: [GC (Allocation Failure) 12.856: [ParNew: 39265K->743K(39296K), 0.0012051 secs] 87807K->49290K(126720K), 0.0013400 secs] [Times: user=0.00 sys=0.00, real=0.00 secs] 
2014-07-09T16:36:35.032+0200: 13.019: [GC (Allocation Failure) 13.019: [ParNew: 35682K->1324K(39296K), 0.0012110 secs] 84230K->49872K(126720K), 0.0013331 secs] [Times: user=0.00 sys=0.00, real=0.00 secs] 
2014-07-09T16:36:35.167+0200: 13.154: [GC (Allocation Failure) 13.154: [ParNew: 36240K->1746K(39296K), 0.0025458 secs] 84788K->50294K(126720K), 0.0027732 secs] [Times: user=0.00 sys=0.00, real=0.00 secs] 
2014-07-09T16:36:35.319+0200: 13.306: [GC (Allocation Failure) 13.306: [ParNew: 36679K->3862K(39296K), 0.0051251 secs] 85227K->52410K(126720K), 0.0053641 secs] [Times: user=0.00 sys=0.00, real=0.00 secs] 
2014-07-09T16:36:35.426+0200: 13.413: [GC (Allocation Failure) 13.414: [ParNew: 38801K->4327K(39296K), 0.0073633 secs] 87348K->53501K(126720K), 0.0076834 secs] [Times: user=0.00 sys=0.00, real=0.01 secs] 
2014-07-09T16:36:35.570+0200: 13.557: [GC (Allocation Failure) 13.557: [ParNew: 39260K->4328K(39296K), 0.0118402 secs] 88434K->56228K(126720K), 0.0121151 secs] [Times: user=0.01 sys=0.00, real=0.01 secs] 
2014-07-09T16:36:35.718+0200: 13.705: [GC (Allocation Failure) 13.705: [ParNew: 39244K->4329K(39296K), 0.0063720 secs] 91144K->58987K(126720K), 0.0065369 secs] [Times: user=0.00 sys=0.00, real=0.01 secs] 
2014-07-09T16:36:35.886+0200: 13.873: [GC (Allocation Failure) 13.873: [ParNew: 39265K->1000K(39296K), 0.0008671 secs] 93923K->55664K(126720K), 0.0009543 secs] [Times: user=0.00 sys=0.00, real=0.00 secs] 
2014-07-09T16:36:36.017+0200: 14.004: [GC (Allocation Failure) 14.004: [ParNew: 35935K->2092K(39296K), 0.0027420 secs] 90599K->56755K(126720K), 0.0029715 secs] [Times: user=0.00 sys=0.00, real=0.00 secs] 
2014-07-09T16:36:36.126+0200: 14.113: [GC (Allocation Failure) 14.113: [ParNew: 37025K->4209K(39296K), 0.0059027 secs] 91688K->58873K(126720K), 0.0062213 secs] [Times: user=0.00 sys=0.00, real=0.01 secs] 
2014-07-09T16:36:36.267+0200: 14.254: [GC (Allocation Failure) 14.254: [ParNew: 39124K->4329K(39296K), 0.0037216 secs] 93788K->59295K(126720K), 0.0039251 secs] [Times: user=0.00 sys=0.00, real=0.00 secs] 
2014-07-09T16:36:36.418+0200: 14.405: [GC (Allocation Failure) 14.405: [ParNew: 39271K->4328K(39296K), 0.0042243 secs] 94237K->60165K(126720K), 0.0044112 secs] [Times: user=0.03 sys=0.00, real=0.00 secs] 
2014-07-09T16:36:36.534+0200: 14.521: [GC (Allocation Failure) 14.521: [ParNew: 39261K->4328K(39296K), 0.0075111 secs] 95098K->63147K(126720K), 0.0077087 secs] [Times: user=0.00 sys=0.00, real=0.01 secs] 
2014-07-09T16:36:36.683+0200: 14.670: [GC (Allocation Failure) 14.670: [ParNew: 39270K->4329K(39296K), 0.0107198 secs] 98090K->66706K(126720K), 0.0109500 secs] [Times: user=0.02 sys=0.00, real=0.01 secs] 
2014-07-09T16:36:36.820+0200: 14.807: [GC (Allocation Failure) 14.807: [ParNew: 39262K->1799K(39296K), 0.0019552 secs] 101639K->64182K(126720K), 0.0021059 secs] [Times: user=0.00 sys=0.00, real=0.00 secs] 
2014-07-09T16:36:36.971+0200: 14.958: [GC (Allocation Failure) 14.958: [ParNew: 36738K->2892K(39296K), 0.0031390 secs] 99121K->65275K(126720K), 0.0033422 secs] [Times: user=0.00 sys=0.00, real=0.00 secs] 
2014-07-09T16:36:37.119+0200: 15.106: [GC (Allocation Failure) 15.106: [ParNew: 37825K->4328K(39296K), 0.0077989 secs] 100208K->67393K(126720K), 0.0080401 secs] [Times: user=0.03 sys=0.00, real=0.01 secs] 
2014-07-09T16:36:37.225+0200: 15.212: [GC (Allocation Failure) 15.213: [ParNew: 39249K->4329K(39296K), 0.0074007 secs] 102314K->67975K(126720K), 0.0077131 secs] [Times: user=0.03 sys=0.00, real=0.01 secs] 
2014-07-09T16:36:37.372+0200: 15.359: [GC (Allocation Failure) 15.359: [ParNew: 39266K->4328K(39296K), 0.0094413 secs] 102912K->69645K(126720K), 0.0097222 secs] [Times: user=0.00 sys=0.00, real=0.01 secs] 
2014-07-09T16:36:37.520+0200: 15.507: [GC (Allocation Failure) 15.507: [ParNew: 39261K->4328K(39296K), 0.0060640 secs] 104578K->73428K(126720K), 0.0062352 secs] [Times: user=0.03 sys=0.00, real=0.01 secs] 
2014-07-09T16:36:37.666+0200: 15.653: [GC (Allocation Failure) 15.654: [ParNew: 39240K->456K(39296K), 0.0016168 secs] 108340K->69560K(126720K), 0.0018177 secs] [Times: user=0.00 sys=0.00, real=0.00 secs] 
2014-07-09T16:36:37.818+0200: 15.805: [GC (Allocation Failure) 15.805: [ParNew: 35389K->2573K(39296K), 0.0031427 secs] 104493K->71677K(126720K), 0.0033799 secs] [Times: user=0.00 sys=0.00, real=0.00 secs] 
2014-07-09T16:36:37.925+0200: 15.912: [GC (Allocation Failure) 15.912: [ParNew: 37515K->3144K(39296K), 0.0044593 secs] 106620K->72259K(126720K), 0.0047559 secs] [Times: user=0.00 sys=0.00, real=0.01 secs] 
2014-07-09T16:36:38.068+0200: 16.055: [GC (Allocation Failure) 16.055: [ParNew: 38077K->4327K(39296K), 0.0045187 secs] 107192K->74376K(126720K), 0.0047089 secs] [Times: user=0.03 sys=0.00, real=0.00 secs] 
2014-07-09T16:36:38.220+0200: 16.207: [GC (Allocation Failure) 16.207: [ParNew: 39242K->4329K(39296K), 0.0081318 secs] 109291K->75727K(126720K), 0.0084236 secs] [Times: user=0.03 sys=0.00, real=0.01 secs] 
2014-07-09T16:36:38.323+0200: 16.311: [GC (Allocation Failure) 16.311: [ParNew: 39262K->4328K(39296K), 0.0069956 secs] 110660K->79189K(126720K), 0.0071749 secs] [Times: user=0.00 sys=0.00, real=0.01 secs] 
2014-07-09T16:36:38.516+0200: 16.503: [GC (Allocation Failure) 16.503: [ParNew: 39266K->679K(39296K), 0.0011237 secs] 114128K->75545K(126720K), 0.0012682 secs] [Times: user=0.00 sys=0.00, real=0.00 secs] 
2014-07-09T16:36:38.627+0200: 16.614: [GC (Allocation Failure) 16.614: [ParNew: 35595K->716K(39296K), 0.0025231 secs] 110461K->75582K(126720K), 0.0026749 secs] [Times: user=0.00 sys=0.00, real=0.00 secs] 
2014-07-09T16:36:38.768+0200: 16.755: [GC (Allocation Failure) 16.755: [ParNew: 35649K->2834K(39296K), 0.0035717 secs] 110515K->77699K(126720K), 0.0038243 secs] [Times: user=0.00 sys=0.00, real=0.00 secs] 
2014-07-09T16:36:38.918+0200: 16.905: [GC (Allocation Failure) 16.905: [ParNew: 37770K->3911K(39296K), 0.0050660 secs] 112636K->78792K(126720K), 0.0054554 secs] [Times: user=0.00 sys=0.00, real=0.01 secs] 
2014-07-09T16:36:39.028+0200: 17.015: [GC (Allocation Failure) 17.015: [ParNew: 38844K->4327K(39296K), 0.0085886 secs] 113725K->80909K(126720K), 0.0088760 secs] [Times: user=0.00 sys=0.00, real=0.01 secs] 
2014-07-09T16:36:39.169+0200: 17.156: [GC (Allocation Failure) 17.156: [ParNew: 39245K->4329K(39296K), 0.0052611 secs] 115827K->83029K(126720K), 0.0054466 secs] [Times: user=0.00 sys=0.00, real=0.01 secs] 
2014-07-09T16:36:39.319+0200: 17.306: [GC (Allocation Failure) 17.306: [ParNew: 39262K->359K(39296K), 0.0015244 secs] 117962K->79065K(126720K), 0.0017741 secs] [Times: user=0.02 sys=0.00, real=0.00 secs] 
2014-07-09T16:36:39.467+0200: 17.454: [GC (Allocation Failure) 17.454: [ParNew: 35301K->940K(39296K), 0.0020186 secs] 114007K->79645K(126720K), 0.0024414 secs] [Times: user=0.00 sys=0.00, real=0.00 secs] 
2014-07-09T16:36:39.618+0200: 17.605: [GC (Allocation Failure) 17.605: [ParNew: 35873K->3057K(39296K), 0.0037795 secs] 114579K->81763K(126720K), 0.0040237 secs] [Times: user=0.00 sys=0.00, real=0.00 secs] 
2014-07-09T16:36:39.748+0200: 17.735: [GC (Allocation Failure) 17.735: [ParNew: 37999K->3623K(39296K), 0.0068519 secs] 116705K->82343K(126720K), 0.0086098 secs] [Times: user=0.00 sys=0.00, real=0.01 secs] 
2014-07-09T16:36:39.868+0200: 17.856: [GC (Allocation Failure) 17.856: [ParNew: 38562K->4327K(39296K), 0.0036861 secs] 117282K->83436K(126720K), 0.0038712 secs] [Times: user=0.00 sys=0.00, real=0.00 secs] 
2014-07-09T16:36:40.020+0200: 18.008: [GC (Allocation Failure) 18.008: [ParNew: 39260K->4328K(39296K), 0.0125918 secs] 118369K->85939K(126720K), 0.0129038 secs] [Times: user=0.03 sys=0.00, real=0.01 secs] 
2014-07-09T16:36:40.036+0200: 18.023: [GC (CMS Initial Mark) [1 CMS-initial-mark: 81611K(87424K)] 89017K(126720K), 0.0004268 secs] [Times: user=0.00 sys=0.00, real=0.00 secs] 
2014-07-09T16:36:40.037+0200: 18.024: [CMS-concurrent-mark-start]
2014-07-09T16:36:40.040+0200: 18.027: [CMS-concurrent-mark: 0.003/0.003 secs] [Times: user=0.03 sys=0.00, real=0.00 secs] 
2014-07-09T16:36:40.040+0200: 18.028: [CMS-concurrent-preclean-start]
2014-07-09T16:36:40.041+0200: 18.028: [CMS-concurrent-preclean: 0.001/0.001 secs] [Times: user=0.00 sys=0.00, real=0.00 secs] 
2014-07-09T16:36:40.041+0200: 18.028: [CMS-concurrent-abortable-preclean-start]
2014-07-09T16:36:40.124+0200: 18.111: [GC (Allocation Failure) 18.111: [ParNew: 39271K->103K(39296K), 0.0009606 secs] 120883K->81719K(126720K), 0.0010687 secs] [Times: user=0.00 sys=0.00, real=0.00 secs] 
2014-07-09T16:36:40.316+0200: 18.303: [GC (Allocation Failure) 18.304: [ParNew: 35045K->684K(39296K), 0.0034225 secs] 116661K->82300K(126720K), 0.0036509 secs] [Times: user=0.01 sys=0.00, real=0.00 secs] 
2014-07-09T16:36:40.320+0200: 18.308: [CMS-concurrent-abortable-preclean: 0.002/0.279 secs] [Times: user=0.01 sys=0.00, real=0.28 secs] 
2014-07-09T16:36:40.336+0200: 18.323: [GC (CMS Final Remark) [YG occupancy: 16420 K (39296 K)]18.323: [Rescan (parallel) , 0.0003333 secs]18.323: [weak refs processing, 0.0000348 secs]18.324: [class unloading, 0.0006328 secs]18.324: [scrub symbol table, 0.0007303 secs]18.325: [scrub string table, 0.0002013 secs][1 CMS-remark: 81615K(87424K)] 98035K(126720K), 0.0021624 secs] [Times: user=0.00 sys=0.00, real=0.00 secs] 
2014-07-09T16:36:40.339+0200: 18.326: [CMS-concurrent-sweep-start]
2014-07-09T16:36:40.340+0200: 18.327: [CMS-concurrent-sweep: 0.001/0.001 secs] [Times: user=0.00 sys=0.00, real=0.00 secs] 
2014-07-09T16:36:40.340+0200: 18.327: [CMS-concurrent-reset-start]
2014-07-09T16:36:40.340+0200: 18.327: [CMS-concurrent-reset: 0.000/0.000 secs] [Times: user=0.00 sys=0.00, real=0.00 secs] 
2014-07-09T16:36:40.419+0200: 18.407: [GC (Allocation Failure) 18.407: [ParNew: 35621K->1778K(39296K), 0.0016696 secs] 36007K->2165K(126720K), 0.0017976 secs] [Times: user=0.00 sys=0.00, real=0.00 secs] 
2014-07-09T16:36:40.573+0200: 18.560: [GC (Allocation Failure) 18.560: [ParNew: 36711K->3895K(39296K), 0.0079129 secs] 37098K->4282K(126720K), 0.0081791 secs] [Times: user=0.00 sys=0.00, real=0.01 secs] 
2014-07-09T16:36:40.717+0200: 18.705: [GC (Allocation Failure) 18.705: [ParNew: 38807K->4329K(39296K), 0.0034650 secs] 39194K->4829K(126720K), 0.0037055 secs] [Times: user=0.00 sys=0.00, real=0.00 secs] 
2014-07-09T16:36:40.834+0200: 18.821: [GC (Allocation Failure) 18.821: [ParNew: 39262K->4327K(39296K), 0.0083833 secs] 39762K->7041K(126720K), 0.0087957 secs] [Times: user=0.00 sys=0.00, real=0.01 secs] 
2014-07-09T16:36:40.971+0200: 18.958: [GC (Allocation Failure) 18.959: [ParNew: 39269K->4328K(39296K), 0.0113907 secs] 41984K->9832K(126720K), 0.0116646 secs] [Times: user=0.02 sys=0.00, real=0.01 secs] 
2014-07-09T16:36:41.122+0200: 19.109: [GC (Allocation Failure) 19.110: [ParNew: 39261K->1030K(39296K), 0.0284963 secs] 44765K->6540K(126720K), 0.0287171 secs] [Times: user=0.03 sys=0.00, real=0.03 secs] 
2014-07-09T16:36:41.266+0200: 19.254: [GC (Allocation Failure) 19.254: [ParNew: 35948K->1452K(39296K), 0.0016868 secs] 41458K->6962K(126720K), 0.0018269 secs] [Times: user=0.00 sys=0.00, real=0.00 secs] 
2014-07-09T16:36:41.430+0200: 19.417: [GC (Allocation Failure) 19.417: [ParNew: 36391K->2545K(39296K), 0.0016102 secs] 41901K->8056K(126720K), 0.0017488 secs] [Times: user=0.00 sys=0.00, real=0.00 secs] 
2014-07-09T16:36:41.526+0200: 19.513: [GC (Allocation Failure) 19.514: [ParNew: 37478K->4329K(39296K), 0.0068636 secs] 42989K->10174K(126720K), 0.0070942 secs] [Times: user=0.00 sys=0.00, real=0.01 secs] 
2014-07-09T16:36:41.668+0200: 19.656: [GC (Allocation Failure) 19.656: [ParNew: 39245K->4329K(39296K), 0.0065351 secs] 45090K->10530K(126720K), 0.0068405 secs] [Times: user=0.03 sys=0.00, real=0.01 secs] 
2014-07-09T16:36:41.820+0200: 19.807: [GC (Allocation Failure) 19.808: [ParNew: 39262K->4328K(39296K), 0.0092874 secs] 45464K->13001K(126720K), 0.0096027 secs] [Times: user=0.00 sys=0.00, real=0.01 secs] 
2014-07-09T16:36:41.923+0200: 19.911: [GC (Allocation Failure) 19.911: [ParNew: 39264K->4328K(39296K), 0.0062678 secs] 47937K->16559K(126720K), 0.0066000 secs] [Times: user=0.03 sys=0.00, real=0.01 secs] 
2014-07-09T16:36:42.117+0200: 20.104: [GC (Allocation Failure) 20.104: [ParNew: 39261K->1799K(39296K), 0.0026137 secs] 51492K->14035K(126720K), 0.0028175 secs] [Times: user=0.00 sys=0.00, real=0.00 secs] 
2014-07-09T16:36:42.220+0200: 20.207: [GC (Allocation Failure) 20.207: [ParNew: 36717K->2222K(39296K), 0.0020164 secs] 48952K->14458K(126720K), 0.0021638 secs] [Times: user=0.03 sys=0.00, real=0.00 secs] 
2014-07-09T16:36:42.368+0200: 20.355: [GC (Allocation Failure) 20.355: [ParNew: 37155K->4328K(39296K), 0.0034353 secs] 49391K->16575K(126720K), 0.0036098 secs] [Times: user=0.00 sys=0.00, real=0.00 secs] 
2014-07-09T16:36:42.518+0200: 20.505: [GC (Allocation Failure) 20.505: [ParNew: 39270K->4328K(39296K), 0.0036721 secs] 51517K->17155K(126720K), 0.0038228 secs] [Times: user=0.00 sys=0.00, real=0.00 secs] 
2014-07-09T16:36:42.629+0200: 20.617: [GC (Allocation Failure) 20.617: [ParNew: 39261K->4328K(39296K), 0.0085710 secs] 52089K->19850K(126720K), 0.0088280 secs] [Times: user=0.00 sys=0.00, real=0.01 secs] 
2014-07-09T16:36:42.772+0200: 20.759: [GC (Allocation Failure) 20.759: [ParNew: 39270K->4328K(39296K), 0.0099169 secs] 54792K->23120K(126720K), 0.0102105 secs] [Times: user=0.00 sys=0.00, real=0.01 secs] 
2014-07-09T16:36:42.920+0200: 20.907: [GC (Allocation Failure) 20.907: [ParNew: 39266K->487K(39296K), 0.0011439 secs] 58059K->19285K(126720K), 0.0012671 secs] [Times: user=0.00 sys=0.00, real=0.00 secs] 
2014-07-09T16:36:43.066+0200: 21.054: [GC (Allocation Failure) 21.054: [ParNew: 35420K->2604K(39296K), 0.0015824 secs] 54218K->21402K(126720K), 0.0017074 secs] [Times: user=0.00 sys=0.00, real=0.00 secs] 
2014-07-09T16:36:43.217+0200: 21.204: [GC (Allocation Failure) 21.204: [ParNew: 37526K->2504K(39296K), 0.0018540 secs] 56324K->21312K(126720K), 0.0019889 secs] [Times: user=0.00 sys=0.00, real=0.00 secs] 
2014-07-09T16:36:43.325+0200: 21.313: [GC (Allocation Failure) 21.313: [ParNew: 37437K->4328K(39296K), 0.0064090 secs] 56245K->23430K(126720K), 0.0067034 secs] [Times: user=0.02 sys=0.00, real=0.01 secs] 
2014-07-09T16:36:43.469+0200: 21.456: [GC (Allocation Failure) 21.456: [ParNew: 39264K->4328K(39296K), 0.0048299 secs] 58367K->24811K(126720K), 0.0050165 secs] [Times: user=0.00 sys=0.00, real=0.00 secs] 
2014-07-09T16:36:43.618+0200: 21.606: [GC (Allocation Failure) 21.606: [ParNew: 39261K->4328K(39296K), 0.0064808 secs] 59744K->28306K(126720K), 0.0067052 secs] [Times: user=0.03 sys=0.00, real=0.01 secs] 
2014-07-09T16:36:43.766+0200: 21.753: [GC (Allocation Failure) 21.753: [ParNew: 39240K->167K(39296K), 0.0005925 secs] 63218K->24149K(126720K), 0.0006592 secs] [Times: user=0.00 sys=0.00, real=0.00 secs] 
2014-07-09T16:36:43.916+0200: 21.904: [GC (Allocation Failure) 21.904: [ParNew: 35109K->749K(39296K), 0.0017330 secs] 59091K->24731K(126720K), 0.0018955 secs] [Times: user=0.00 sys=0.00, real=0.00 secs] 
2014-07-09T16:36:44.020+0200: 22.007: [GC (Allocation Failure) 22.008: [ParNew: 35682K->2865K(39296K), 0.0031603 secs] 59664K->26848K(126720K), 0.0033869 secs] [Times: user=0.00 sys=0.00, real=0.00 secs] 
2014-07-09T16:36:44.166+0200: 22.154: [GC (Allocation Failure) 22.154: [ParNew: 37783K->3272K(39296K), 0.0021114 secs] 61766K->27271K(126720K), 0.0022430 secs] [Times: user=0.00 sys=0.00, real=0.00 secs] 
2014-07-09T16:36:44.330+0200: 22.317: [GC (Allocation Failure) 22.317: [ParNew: 38205K->4327K(39296K), 0.0075870 secs] 62204K->29388K(126720K), 0.0078117 secs] [Times: user=0.00 sys=0.00, real=0.01 secs] 
2014-07-09T16:36:44.428+0200: 22.415: [GC (Allocation Failure) 22.415: [ParNew: 39265K->4328K(39296K), 0.0087745 secs] 64326K->31538K(126720K), 0.0091070 secs] [Times: user=0.00 sys=0.02, real=0.01 secs] 
2014-07-09T16:36:44.616+0200: 22.602: [GC (Allocation Failure) 22.603: [ParNew: 39261K->390K(39296K), 0.0009543 secs] 66471K->27605K(126720K), 0.0010914 secs] [Times: user=0.00 sys=0.00, real=0.00 secs] 
2014-07-09T16:36:44.721+0200: 22.708: [GC (Allocation Failure) 22.708: [ParNew: 35306K->428K(39296K), 0.0022276 secs] 62521K->27643K(126720K), 0.0024909 secs] [Times: user=0.00 sys=0.00, real=0.00 secs] 
2014-07-09T16:36:44.867+0200: 22.854: [GC (Allocation Failure) 22.854: [ParNew: 35361K->2544K(39296K), 0.0034991 secs] 62576K->29760K(126720K), 0.0037421 secs] [Times: user=0.00 sys=0.00, real=0.00 secs] 
2014-07-09T16:36:45.019+0200: 23.005: [GC (Allocation Failure) 23.005: [ParNew: 37481K->3622K(39296K), 0.0047071 secs] 64696K->30852K(126720K), 0.0053828 secs] [Times: user=0.00 sys=0.00, real=0.00 secs] 
2014-07-09T16:36:45.130+0200: 23.116: [GC (Allocation Failure) 23.116: [ParNew: 38555K->4328K(39296K), 0.0061160 secs] 65785K->32971K(126720K), 0.0063096 secs] [Times: user=0.00 sys=0.00, real=0.01 secs] 
2014-07-09T16:36:45.270+0200: 23.256: [GC (Allocation Failure) 23.256: [ParNew: 39246K->4330K(39296K), 0.0107242 secs] 67889K->34802K(126720K), 0.0111638 secs] [Times: user=0.01 sys=0.00, real=0.01 secs] 
2014-07-09T16:36:45.418+0200: 23.404: [GC (Allocation Failure) 23.404: [ParNew: 39272K->4328K(39296K), 0.0072607 secs] 69745K->37207K(126720K), 0.0074183 secs] [Times: user=0.03 sys=0.00, real=0.01 secs] 
2014-07-09T16:36:45.567+0200: 23.553: [GC (Allocation Failure) 23.553: [ParNew: 39261K->647K(39296K), 0.0017968 secs] 72140K->33532K(126720K), 0.0020318 secs] [Times: user=0.00 sys=0.00, real=0.00 secs] 
2014-07-09T16:36:45.717+0200: 23.703: [GC (Allocation Failure) 23.703: [ParNew: 35589K->1227K(39296K), 0.0011446 secs] 68474K->34112K(126720K), 0.0012968 secs] [Times: user=0.00 sys=0.00, real=0.00 secs] 
2014-07-09T16:36:45.821+0200: 23.807: [GC (Allocation Failure) 23.807: [ParNew: 36160K->3345K(39296K), 0.0028520 secs] 69045K->36231K(126720K), 0.0030195 secs] [Times: user=0.00 sys=0.00, real=0.00 secs] 
2014-07-09T16:36:45.968+0200: 23.955: [GC (Allocation Failure) 23.955: [ParNew: 38284K->4328K(39296K), 0.0059353 secs] 71169K->37324K(126720K), 0.0061472 secs] [Times: user=0.00 sys=0.00, real=0.01 secs] 
2014-07-09T16:36:46.119+0200: 24.106: [GC (Allocation Failure) 24.106: [ParNew: 39261K->4328K(39296K), 0.0101486 secs] 72257K->39538K(126720K), 0.0104257 secs] [Times: user=0.03 sys=0.00, real=0.01 secs] 
2014-07-09T16:36:46.228+0200: 24.215: [GC (Allocation Failure) 24.215: [ParNew: 39252K->4329K(39296K), 0.0081061 secs] 74462K->41657K(126720K), 0.0084251 secs] [Times: user=0.03 sys=0.00, real=0.01 secs] 
2014-07-09T16:36:46.372+0200: 24.359: [GC (Allocation Failure) 24.359: [ParNew: 39266K->4327K(39296K), 0.0131938 secs] 76593K->44862K(126720K), 0.0134783 secs] [Times: user=0.00 sys=0.00, real=0.01 secs] 
2014-07-09T16:36:46.522+0200: 24.509: [GC (Allocation Failure) 24.509: [ParNew: 39260K->1447K(39296K), 0.0028153 secs] 79795K->41988K(126720K), 0.0030503 secs] [Times: user=0.00 sys=0.00, real=0.00 secs] 
2014-07-09T16:36:46.667+0200: 24.653: [GC (Allocation Failure) 24.653: [ParNew: 36390K->2029K(39296K), 0.0015420 secs] 76930K->42569K(126720K), 0.0016689 secs] [Times: user=0.03 sys=0.00, real=0.00 secs] 
2014-07-09T16:36:46.817+0200: 24.804: [GC (Allocation Failure) 24.804: [ParNew: 36962K->4146K(39296K), 0.0030525 secs] 77502K->44686K(126720K), 0.0032105 secs] [Times: user=0.00 sys=0.00, real=0.00 secs] 
2014-07-09T16:36:46.928+0200: 24.915: [GC (Allocation Failure) 24.915: [ParNew: 39088K->4329K(39296K), 0.0060013 secs] 79628K->45269K(126720K), 0.0062400 secs] [Times: user=0.03 sys=0.00, real=0.01 secs] 
2014-07-09T16:36:47.069+0200: 25.056: [GC (Allocation Failure) 25.056: [ParNew: 39262K->4327K(39296K), 0.0092111 secs] 80202K->47769K(126720K), 0.0095880 secs] [Times: user=0.03 sys=0.00, real=0.01 secs] 
2014-07-09T16:36:47.219+0200: 25.206: [GC (Allocation Failure) 25.206: [ParNew: 39245K->4329K(39296K), 0.0051438 secs] 82688K->50689K(126720K), 0.0053021 secs] [Times: user=0.00 sys=0.00, real=0.01 secs] 
2014-07-09T16:36:47.366+0200: 25.353: [GC (Allocation Failure) 25.353: [ParNew: 39262K->1159K(39296K), 0.0009437 secs] 85622K->47526K(126720K), 0.0010317 secs] [Times: user=0.00 sys=0.00, real=0.00 secs] 
2014-07-09T16:36:47.520+0200: 25.507: [GC (Allocation Failure) 25.507: [ParNew: 36098K->2253K(39296K), 0.0077721 secs] 82464K->48620K(126720K), 0.0080709 secs] [Times: user=0.02 sys=0.00, real=0.01 secs] 
2014-07-09T16:36:47.621+0200: 25.608: [GC (Allocation Failure) 25.608: [ParNew: 37195K->2824K(39296K), 0.0020879 secs] 83562K->49201K(126720K), 0.0023284 secs] [Times: user=0.00 sys=0.00, real=0.00 secs] 
2014-07-09T16:36:47.767+0200: 25.754: [GC (Allocation Failure) 25.754: [ParNew: 37763K->4328K(39296K), 0.0037685 secs] 84140K->50806K(126720K), 0.0039313 secs] [Times: user=0.00 sys=0.00, real=0.00 secs] 
2014-07-09T16:36:47.918+0200: 25.905: [GC (Allocation Failure) 25.905: [ParNew: 39264K->4328K(39296K), 0.0047544 secs] 85743K->51996K(126720K), 0.0049527 secs] [Times: user=0.00 sys=0.00, real=0.01 secs] 
2014-07-09T16:36:48.030+0200: 26.016: [GC (Allocation Failure) 26.017: [ParNew: 39261K->4328K(39296K), 0.0108895 secs] 86929K->55298K(126720K), 0.0111755 secs] [Times: user=0.02 sys=0.00, real=0.01 secs] 
2014-07-09T16:36:48.170+0200: 26.156: [GC (Allocation Failure) 26.156: [ParNew: 39243K->4329K(39296K), 0.0057934 secs] 90213K->59017K(126720K), 0.0059375 secs] [Times: user=0.00 sys=0.00, real=0.01 secs] 
2014-07-09T16:36:48.325+0200: 26.311: [GC (Allocation Failure) 26.312: [ParNew: 39262K->1960K(39296K), 0.0038499 secs] 93950K->56654K(126720K), 0.0043694 secs] [Times: user=0.00 sys=0.00, real=0.00 secs] 
2014-07-09T16:36:48.467+0200: 26.453: [GC (Allocation Failure) 26.453: [ParNew: 36872K->2509K(39296K), 0.0018291 secs] 91566K->57203K(126720K), 0.0019838 secs] [Times: user=0.00 sys=0.00, real=0.00 secs] 
2014-07-09T16:36:48.617+0200: 26.604: [GC (Allocation Failure) 26.604: [ParNew: 37442K->4327K(39296K), 0.0048090 secs] 92136K->59320K(126720K), 0.0049535 secs] [Times: user=0.02 sys=0.00, real=0.00 secs] 
2014-07-09T16:36:48.721+0200: 26.708: [GC (Allocation Failure) 26.708: [ParNew: 39269K->4327K(39296K), 0.0044153 secs] 94262K->60189K(126720K), 0.0045887 secs] [Times: user=0.00 sys=0.00, real=0.01 secs] 
2014-07-09T16:36:48.869+0200: 26.856: [GC (Allocation Failure) 26.856: [ParNew: 39260K->4328K(39296K), 0.0056215 secs] 95122K->63173K(126720K), 0.0058176 secs] [Times: user=0.00 sys=0.00, real=0.01 secs] 
2014-07-09T16:36:49.018+0200: 27.005: [GC (Allocation Failure) 27.005: [ParNew: 39266K->199K(39296K), 0.0009338 secs] 98111K->59048K(126720K), 0.0010467 secs] [Times: user=0.00 sys=0.00, real=0.00 secs] 
2014-07-09T16:36:49.166+0200: 27.153: [GC (Allocation Failure) 27.153: [ParNew: 35120K->110K(39296K), 0.0011222 secs] 93969K->58959K(126720K), 0.0012553 secs] [Times: user=0.00 sys=0.00, real=0.00 secs] 
2014-07-09T16:36:49.317+0200: 27.304: [GC (Allocation Failure) 27.304: [ParNew: 35043K->2226K(39296K), 0.0028586 secs] 93892K->61075K(126720K), 0.0032138 secs] [Times: user=0.03 sys=0.00, real=0.00 secs] 
2014-07-09T16:36:49.420+0200: 27.407: [GC (Allocation Failure) 27.407: [ParNew: 37162K->3303K(39296K), 0.0028659 secs] 96012K->62168K(126720K), 0.0030228 secs] [Times: user=0.00 sys=0.00, real=0.00 secs] 
2014-07-09T16:36:49.572+0200: 27.559: [GC (Allocation Failure) 27.559: [ParNew: 38236K->4327K(39296K), 0.0084357 secs] 97101K->64285K(126720K), 0.0086047 secs] [Times: user=0.00 sys=0.00, real=0.01 secs] 
2014-07-09T16:36:49.719+0200: 27.706: [GC (Allocation Failure) 27.706: [ParNew: 39269K->4328K(39296K), 0.0096302 secs] 99227K->65955K(126720K), 0.0099905 secs] [Times: user=0.03 sys=0.00, real=0.01 secs] 
2014-07-09T16:36:49.830+0200: 27.816: [GC (Allocation Failure) 27.817: [ParNew: 39261K->4328K(39296K), 0.0103957 secs] 100889K->69738K(126720K), 0.0106780 secs] [Times: user=0.03 sys=0.00, real=0.01 secs] 
2014-07-09T16:36:50.016+0200: 28.003: [GC (Allocation Failure) 28.003: [ParNew: 39240K->456K(39296K), 0.0010031 secs] 104650K->65871K(126720K), 0.0011439 secs] [Times: user=0.00 sys=0.00, real=0.00 secs] 
2014-07-09T16:36:50.121+0200: 28.108: [GC (Allocation Failure) 28.108: [ParNew: 35389K->2573K(39296K), 0.0018313 secs] 100804K->67988K(126720K), 0.0019724 secs] [Times: user=0.00 sys=0.00, real=0.00 secs] 
2014-07-09T16:36:50.268+0200: 28.254: [GC (Allocation Failure) 28.254: [ParNew: 37488K->2984K(39296K), 0.0036769 secs] 102903K->68410K(126720K), 0.0040157 secs] [Times: user=0.00 sys=0.02, real=0.00 secs] 
2014-07-09T16:36:50.418+0200: 28.405: [GC (Allocation Failure) 28.405: [ParNew: 37921K->4072K(39296K), 0.0053997 secs] 103346K->69503K(126720K), 0.0057043 secs] [Times: user=0.00 sys=0.00, real=0.01 secs] 
2014-07-09T16:36:50.529+0200: 28.515: [GC (Allocation Failure) 28.515: [ParNew: 39005K->4329K(39296K), 0.0066759 secs] 104436K->71622K(126720K), 0.0068838 secs] [Times: user=0.00 sys=0.00, real=0.01 secs] 
2014-07-09T16:36:50.668+0200: 28.654: [GC (Allocation Failure) 28.655: [ParNew: 39245K->4330K(39296K), 0.0049117 secs] 106538K->73516K(126720K), 0.0051581 secs] [Times: user=0.00 sys=0.00, real=0.01 secs] 
2014-07-09T16:36:50.822+0200: 28.808: [GC (Allocation Failure) 28.809: [ParNew: 39263K->135K(39296K), 0.0019589 secs] 108449K->69327K(126720K), 0.0022199 secs] [Times: user=0.00 sys=0.00, real=0.00 secs] 
2014-07-09T16:36:50.966+0200: 28.953: [GC (Allocation Failure) 28.953: [ParNew: 35071K->1227K(39296K), 0.0011959 secs] 104264K->70420K(126720K), 0.0013085 secs] [Times: user=0.00 sys=0.00, real=0.00 secs] 
2014-07-09T16:36:51.117+0200: 29.104: [GC (Allocation Failure) 29.104: [ParNew: 36160K->3344K(39296K), 0.0023372 secs] 105353K->72537K(126720K), 0.0024890 secs] [Times: user=0.00 sys=0.00, real=0.00 secs] 
2014-07-09T16:36:51.220+0200: 29.207: [GC (Allocation Failure) 29.207: [ParNew: 38262K->3752K(39296K), 0.0031849 secs] 107455K->72958K(126720K), 0.0033605 secs] [Times: user=0.01 sys=0.00, real=0.00 secs] 
2014-07-09T16:36:51.368+0200: 29.354: [GC (Allocation Failure) 29.354: [ParNew: 38685K->4328K(39296K), 0.0047174 secs] 107891K->75076K(126720K), 0.0048593 secs] [Times: user=0.00 sys=0.00, real=0.00 secs] 
2014-07-09T16:36:51.518+0200: 29.505: [GC (Allocation Failure) 29.505: [ParNew: 39240K->4329K(39296K), 0.0053817 secs] 109989K->77163K(126720K), 0.0055727 secs] [Times: user=0.03 sys=0.00, real=0.01 secs] 
2014-07-09T16:36:51.631+0200: 29.618: [GC (Allocation Failure) 29.618: [ParNew: 39265K->4328K(39296K), 0.0116085 secs] 112099K->80849K(126720K), 0.0119249 secs] [Times: user=0.00 sys=0.00, real=0.01 secs] 
2014-07-09T16:36:51.644+0200: 29.631: [GC (CMS Initial Mark) [1 CMS-initial-mark: 76521K(87424K)] 80881K(126720K), 0.0001598 secs] [Times: user=0.00 sys=0.00, real=0.00 secs] 
2014-07-09T16:36:51.644+0200: 29.631: [CMS-concurrent-mark-start]
2014-07-09T16:36:51.645+0200: 29.632: [CMS-concurrent-mark: 0.001/0.001 secs] [Times: user=0.00 sys=0.00, real=0.00 secs] 
2014-07-09T16:36:51.645+0200: 29.632: [CMS-concurrent-preclean-start]
2014-07-09T16:36:51.645+0200: 29.632: [CMS-concurrent-preclean: 0.000/0.000 secs] [Times: user=0.00 sys=0.00, real=0.00 secs] 
2014-07-09T16:36:51.646+0200: 29.632: [GC (CMS Final Remark) [YG occupancy: 5552 K (39296 K)]29.632: [Rescan (parallel) , 0.0001910 secs]29.633: [weak refs processing, 0.0000268 secs]29.633: [class unloading, 0.0004227 secs]29.633: [scrub symbol table, 0.0005650 secs]29.634: [scrub string table, 0.0001576 secs][1 CMS-remark: 76521K(87424K)] 82073K(126720K), 0.0014801 secs] [Times: user=0.00 sys=0.00, real=0.00 secs] 
2014-07-09T16:36:51.647+0200: 29.634: [CMS-concurrent-sweep-start]
2014-07-09T16:36:51.648+0200: 29.635: [CMS-concurrent-sweep: 0.001/0.001 secs] [Times: user=0.00 sys=0.00, real=0.00 secs] 
2014-07-09T16:36:51.648+0200: 29.635: [CMS-concurrent-reset-start]
2014-07-09T16:36:51.648+0200: 29.635: [CMS-concurrent-reset: 0.000/0.000 secs] [Times: user=0.00 sys=0.00, real=0.00 secs] 
2014-07-09T16:36:51.816+0200: 29.803: [GC (Allocation Failure) 29.803: [ParNew: 39266K->903K(39296K), 0.0021129 secs] 43361K->5003K(126720K), 0.0022943 secs] [Times: user=0.00 sys=0.00, real=0.00 secs] 
2014-07-09T16:36:51.923+0200: 29.910: [GC (Allocation Failure) 29.910: [ParNew: 35840K->1997K(39296K), 0.0033176 secs] 39939K->6096K(126720K), 0.0036916 secs] [Times: user=0.03 sys=0.00, real=0.00 secs] 
2014-07-09T16:36:52.068+0200: 30.055: [GC (Allocation Failure) 30.055: [ParNew: 36930K->4114K(39296K), 0.0052926 secs] 41029K->8213K(126720K), 0.0055745 secs] [Times: user=0.00 sys=0.00, real=0.01 secs] 
2014-07-09T16:36:52.217+0200: 30.204: [GC (Allocation Failure) 30.204: [ParNew: 39033K->4009K(39296K), 0.0029326 secs] 43132K->8123K(126720K), 0.0030800 secs] [Times: user=0.00 sys=0.00, real=0.00 secs] 
2014-07-09T16:36:52.321+0200: 30.308: [GC (Allocation Failure) 30.308: [ParNew: 38942K->4328K(39296K), 0.0048193 secs] 43056K->10241K(126720K), 0.0049810 secs] [Times: user=0.00 sys=0.00, real=0.00 secs] 
2014-07-09T16:36:52.470+0200: 30.457: [GC (Allocation Failure) 30.457: [ParNew: 39264K->4327K(39296K), 0.0098886 secs] 45177K->13125K(126720K), 0.0101636 secs] [Times: user=0.00 sys=0.02, real=0.01 secs] 
2014-07-09T16:36:52.619+0200: 30.606: [GC (Allocation Failure) 30.606: [ParNew: 39270K->106K(39296K), 0.0008737 secs] 48068K->8910K(126720K), 0.0009785 secs] [Times: user=0.00 sys=0.00, real=0.00 secs] 
2014-07-09T16:36:52.767+0200: 30.754: [GC (Allocation Failure) 30.754: [ParNew: 35039K->1708K(39296K), 0.0022668 secs] 43842K->10511K(126720K), 0.0027017 secs] [Times: user=0.00 sys=0.00, real=0.00 secs] 
2014-07-09T16:36:52.917+0200: 30.904: [GC (Allocation Failure) 30.904: [ParNew: 36620K->2258K(39296K), 0.0027988 secs] 45424K->11062K(126720K), 0.0030998 secs] [Times: user=0.00 sys=0.00, real=0.00 secs] 
2014-07-09T16:36:53.025+0200: 31.012: [GC (Allocation Failure) 31.012: [ParNew: 37191K->4329K(39296K), 0.0061531 secs] 45995K->13179K(126720K), 0.0064255 secs] [Times: user=0.00 sys=0.00, real=0.01 secs] 
2014-07-09T16:36:53.167+0200: 31.154: [GC (Allocation Failure) 31.154: [ParNew: 39245K->4329K(39296K), 0.0037462 secs] 48095K->13632K(126720K), 0.0038972 secs] [Times: user=0.00 sys=0.00, real=0.00 secs] 
2014-07-09T16:36:53.318+0200: 31.305: [GC (Allocation Failure) 31.305: [ParNew: 39262K->4327K(39296K), 0.0054745 secs] 48565K->16197K(126720K), 0.0056365 secs] [Times: user=0.00 sys=0.00, real=0.00 secs] 
2014-07-09T16:36:53.429+0200: 31.416: [GC (Allocation Failure) 31.416: [ParNew: 39263K->4328K(39296K), 0.0101959 secs] 51134K->19852K(126720K), 0.0104884 secs] [Times: user=0.03 sys=0.00, real=0.01 secs] 
2014-07-09T16:36:53.616+0200: 31.603: [GC (Allocation Failure) 31.603: [ParNew: 39261K->1895K(39296K), 0.0010867 secs] 54785K->17425K(126720K), 0.0011824 secs] [Times: user=0.00 sys=0.00, real=0.00 secs] 
2014-07-09T16:36:53.724+0200: 31.711: [GC (Allocation Failure) 31.712: [ParNew: 36811K->1933K(39296K), 0.0030357 secs] 52341K->17462K(126720K), 0.0033469 secs] [Times: user=0.00 sys=0.00, real=0.00 secs] 
2014-07-09T16:36:53.867+0200: 31.854: [GC (Allocation Failure) 31.854: [ParNew: 36871K->3026K(39296K), 0.0020069 secs] 52400K->18555K(126720K), 0.0021631 secs] [Times: user=0.00 sys=0.00, real=0.00 secs] 
2014-07-09T16:36:54.017+0200: 32.004: [GC (Allocation Failure) 32.004: [ParNew: 37959K->4327K(39296K), 0.0041678 secs] 53488K->20671K(126720K), 0.0043101 secs] [Times: user=0.00 sys=0.00, real=0.01 secs] 
2014-07-09T16:36:54.122+0200: 32.109: [GC (Allocation Failure) 32.109: [ParNew: 39260K->4328K(39296K), 0.0058917 secs] 55604K->23590K(126720K), 0.0060519 secs] [Times: user=0.03 sys=0.00, real=0.01 secs] 
2014-07-09T16:36:54.271+0200: 32.258: [GC (Allocation Failure) 32.258: [ParNew: 39243K->4329K(39296K), 0.0100125 secs] 58505K->26925K(126720K), 0.0103091 secs] [Times: user=0.03 sys=0.00, real=0.01 secs] 
2014-07-09T16:36:54.449+0200: 32.435: [GC (Allocation Failure) 32.435: [ParNew: 39273K->40K(39296K), 0.0007300 secs] 61869K->22642K(126720K), 0.0008275 secs] [Times: user=0.00 sys=0.00, real=0.00 secs] 
2014-07-09T16:36:54.566+0200: 32.552: [GC (Allocation Failure) 32.552: [ParNew: 34973K->2157K(39296K), 0.0012366 secs] 57575K->24759K(126720K), 0.0013397 secs] [Times: user=0.00 sys=0.00, real=0.00 secs] 
2014-07-09T16:36:54.718+0200: 32.704: [GC (Allocation Failure) 32.704: [ParNew: 37099K->2738K(39296K), 0.0021294 secs] 59701K->25340K(126720K), 0.0022892 secs] [Times: user=0.00 sys=0.00, real=0.00 secs] 
2014-07-09T16:36:54.825+0200: 32.811: [GC (Allocation Failure) 32.811: [ParNew: 37671K->4327K(39296K), 0.0076185 secs] 60273K->27456K(126720K), 0.0079825 secs] [Times: user=0.02 sys=0.00, real=0.01 secs] 
2014-07-09T16:36:54.970+0200: 32.956: [GC (Allocation Failure) 32.956: [ParNew: 39263K->4327K(39296K), 0.0059588 secs] 62393K->29061K(126720K), 0.0061523 secs] [Times: user=0.00 sys=0.00, real=0.01 secs] 
2014-07-09T16:36:55.120+0200: 33.106: [GC (Allocation Failure) 33.107: [ParNew: 39260K->4328K(39296K), 0.0085867 secs] 63994K->32781K(126720K), 0.0088654 secs] [Times: user=0.03 sys=0.00, real=0.01 secs] 
2014-07-09T16:36:55.229+0200: 33.215: [GC (Allocation Failure) 33.215: [ParNew: 39252K->4329K(39296K), 0.0114941 secs] 67705K->36405K(126720K), 0.0117632 secs] [Times: user=0.03 sys=0.00, real=0.01 secs] 
2014-07-09T16:36:55.417+0200: 33.403: [GC (Allocation Failure) 33.403: [ParNew: 39268K->839K(39296K), 0.0018936 secs] 71343K->32921K(126720K), 0.0020916 secs] [Times: user=0.00 sys=0.00, real=0.00 secs] 
2014-07-09T16:36:55.522+0200: 33.508: [GC (Allocation Failure) 33.508: [ParNew: 35772K->2956K(39296K), 0.0022947 secs] 67854K->35038K(126720K), 0.0024366 secs] [Times: user=0.00 sys=0.00, real=0.00 secs] 
2014-07-09T16:36:55.668+0200: 33.654: [GC (Allocation Failure) 33.654: [ParNew: 37898K->3528K(39296K), 0.0224723 secs] 69980K->35620K(126720K), 0.0227359 secs] [Times: user=0.05 sys=0.00, real=0.02 secs] 
2014-07-09T16:36:55.817+0200: 33.803: [GC (Allocation Failure) 33.803: [ParNew: 38461K->4328K(39296K), 0.0044886 secs] 70553K->37738K(126720K), 0.0046144 secs] [Times: user=0.00 sys=0.00, real=0.01 secs] 
2014-07-09T16:36:55.928+0200: 33.914: [GC (Allocation Failure) 33.914: [ParNew: 39240K->4329K(39296K), 0.0071463 secs] 72650K->39600K(126720K), 0.0073820 secs] [Times: user=0.03 sys=0.00, real=0.01 secs] 
2014-07-09T16:36:56.116+0200: 34.102: [GC (Allocation Failure) 34.102: [ParNew: 39262K->103K(39296K), 0.0013609 secs] 74533K->35379K(126720K), 0.0015475 secs] [Times: user=0.00 sys=0.00, real=0.00 secs] 
2014-07-09T16:36:56.219+0200: 34.205: [GC (Allocation Failure) 34.205: [ParNew: 35021K->524K(39296K), 0.0010064 secs] 70298K->35801K(126720K), 0.0011142 secs] [Times: user=0.00 sys=0.00, real=0.00 secs] 
2014-07-09T16:36:56.369+0200: 34.355: [GC (Allocation Failure) 34.355: [ParNew: 35460K->1618K(39296K), 0.0026357 secs] 70737K->36895K(126720K), 0.0028311 secs] [Times: user=0.02 sys=0.00, real=0.00 secs] 
2014-07-09T16:36:56.543+0200: 34.529: [GC (Allocation Failure) 34.529: [ParNew: 36551K->3734K(39296K), 0.0029605 secs] 71828K->39011K(126720K), 0.0031116 secs] [Times: user=0.00 sys=0.00, real=0.00 secs] 
2014-07-09T16:36:56.621+0200: 34.607: [GC (Allocation Failure) 34.607: [ParNew: 38667K->4328K(39296K), 0.0051108 secs] 73944K->41125K(126720K), 0.0052783 secs] [Times: user=0.00 sys=0.00, real=0.01 secs] 
2014-07-09T16:36:56.769+0200: 34.755: [GC (Allocation Failure) 34.755: [ParNew: 39244K->4329K(39296K), 0.0048109 secs] 76041K->42667K(126720K), 0.0049810 secs] [Times: user=0.00 sys=0.00, real=0.00 secs] 
2014-07-09T16:36:56.922+0200: 34.908: [GC (Allocation Failure) 34.908: [ParNew: 39267K->4328K(39296K), 0.0090711 secs] 77606K->45298K(126720K), 0.0093589 secs] [Times: user=0.00 sys=0.00, real=0.01 secs] 
2014-07-09T16:36:57.067+0200: 35.053: [GC (Allocation Failure) 35.053: [ParNew: 39261K->871K(39296K), 0.0019435 secs] 80231K->41846K(126720K), 0.0021356 secs] [Times: user=0.00 sys=0.00, real=0.00 secs] 
2014-07-09T16:36:57.216+0200: 35.202: [GC (Allocation Failure) 35.202: [ParNew: 35789K->1292K(39296K), 0.0009162 secs] 76764K->42267K(126720K), 0.0009932 secs] [Times: user=0.00 sys=0.00, real=0.00 secs] 
2014-07-09T16:36:57.325+0200: 35.311: [GC (Allocation Failure) 35.311: [ParNew: 36225K->3409K(39296K), 0.0045649 secs] 77200K->44384K(126720K), 0.0048978 secs] [Times: user=0.00 sys=0.00, real=0.00 secs] 
2014-07-09T16:36:57.471+0200: 35.457: [GC (Allocation Failure) 35.457: [ParNew: 38352K->3976K(39296K), 0.0032534 secs] 79326K->44967K(126720K), 0.0034408 secs] [Times: user=0.00 sys=0.00, real=0.00 secs] 
2014-07-09T16:36:57.618+0200: 35.604: [GC (Allocation Failure) 35.604: [ParNew: 38910K->4328K(39296K), 0.0048519 secs] 79900K->47084K(126720K), 0.0050118 secs] [Times: user=0.03 sys=0.00, real=0.00 secs] 
2014-07-09T16:36:57.722+0200: 35.708: [GC (Allocation Failure) 35.708: [ParNew: 39240K->4328K(39296K), 0.0051826 secs] 81997K->49394K(126720K), 0.0053366 secs] [Times: user=0.00 sys=0.00, real=0.01 secs] 
2014-07-09T16:36:57.869+0200: 35.855: [GC (Allocation Failure) 35.855: [ParNew: 39272K->559K(39296K), 0.0012832 secs] 84338K->45631K(126720K), 0.0014500 secs] [Times: user=0.00 sys=0.00, real=0.00 secs] 
2014-07-09T16:36:58.023+0200: 36.009: [GC (Allocation Failure) 36.010: [ParNew: 35485K->1643K(39296K), 0.0050825 secs] 80556K->46715K(126720K), 0.0053542 secs] [Times: user=0.02 sys=0.00, real=0.01 secs] 
2014-07-09T16:36:58.167+0200: 36.154: [GC (Allocation Failure) 36.154: [ParNew: 36567K->1554K(39296K), 0.0024630 secs] 81639K->46625K(126720K), 0.0026826 secs] [Times: user=0.00 sys=0.00, real=0.00 secs] 
2014-07-09T16:36:58.317+0200: 36.303: [GC (Allocation Failure) 36.303: [ParNew: 36487K->3670K(39296K), 0.0023526 secs] 81559K->48741K(126720K), 0.0024839 secs] [Times: user=0.00 sys=0.00, real=0.00 secs] 
2014-07-09T16:36:58.421+0200: 36.407: [GC (Allocation Failure) 36.407: [ParNew: 38608K->4327K(39296K), 0.0045341 secs] 83680K->49831K(126720K), 0.0046899 secs] [Times: user=0.00 sys=0.00, real=0.01 secs] 
2014-07-09T16:36:58.569+0200: 36.555: [GC (Allocation Failure) 36.555: [ParNew: 39260K->4327K(39296K), 0.0071496 secs] 84764K->52365K(126720K), 0.0073248 secs] [Times: user=0.00 sys=0.00, real=0.01 secs] 
2014-07-09T16:36:58.726+0200: 36.712: [GC (Allocation Failure) 36.712: [ParNew: 39269K->4327K(39296K), 0.0065996 secs] 87308K->55476K(126720K), 0.0068086 secs] [Times: user=0.02 sys=0.00, real=0.01 secs] 
2014-07-09T16:36:58.866+0200: 36.852: [GC (Allocation Failure) 36.852: [ParNew: 39260K->1351K(39296K), 0.0009466 secs] 90409K->52505K(126720K), 0.0010251 secs] [Times: user=0.00 sys=0.00, real=0.00 secs] 
2014-07-09T16:36:59.017+0200: 37.003: [GC (Allocation Failure) 37.004: [ParNew: 36293K->1933K(39296K), 0.0026518 secs] 87447K->53086K(126720K), 0.0028637 secs] [Times: user=0.00 sys=0.00, real=0.00 secs] 
2014-07-09T16:36:59.128+0200: 37.114: [GC (Allocation Failure) 37.114: [ParNew: 36866K->4050K(39296K), 0.0051988 secs] 88019K->55203K(126720K), 0.0054924 secs] [Times: user=0.03 sys=0.00, real=0.00 secs] 
2014-07-09T16:36:59.267+0200: 37.253: [GC (Allocation Failure) 37.253: [ParNew: 38970K->4329K(39296K), 0.0034254 secs] 90124K->55626K(126720K), 0.0035665 secs] [Times: user=0.00 sys=0.00, real=0.00 secs] 
2014-07-09T16:36:59.417+0200: 37.403: [GC (Allocation Failure) 37.403: [ParNew: 39265K->4327K(39296K), 0.0043955 secs] 90563K->56847K(126720K), 0.0045231 secs] [Times: user=0.00 sys=0.00, real=0.00 secs] 
2014-07-09T16:36:59.530+0200: 37.517: [GC (Allocation Failure) 37.517: [ParNew: 39260K->4327K(39296K), 0.0084650 secs] 91780K->60181K(126720K), 0.0086436 secs] [Times: user=0.02 sys=0.00, real=0.01 secs] 
2014-07-09T16:36:59.670+0200: 37.657: [GC (Allocation Failure) 37.657: [ParNew: 39243K->4329K(39296K), 0.0107344 secs] 95097K->63549K(126720K), 0.0110197 secs] [Times: user=0.03 sys=0.00, real=0.01 secs] 
2014-07-09T16:36:59.824+0200: 37.811: [GC (Allocation Failure) 37.811: [ParNew: 39262K->1606K(39296K), 0.0033447 secs] 98482K->60833K(126720K), 0.0036707 secs] [Times: user=0.00 sys=0.00, real=0.00 secs] 
2014-07-09T16:36:59.967+0200: 37.954: [GC (Allocation Failure) 37.954: [ParNew: 36545K->2700K(39296K), 0.0031779 secs] 95771K->61926K(126720K), 0.0034151 secs] [Times: user=0.00 sys=0.00, real=0.00 secs] 
2014-07-09T16:37:00.120+0200: 38.106: [GC (Allocation Failure) 38.106: [ParNew: 37633K->4327K(39296K), 0.0061534 secs] 96859K->64043K(126720K), 0.0064288 secs] [Times: user=0.00 sys=0.00, real=0.01 secs] 
2014-07-09T16:37:00.221+0200: 38.208: [GC (Allocation Failure) 38.208: [ParNew: 39242K->4330K(39296K), 0.0050840 secs] 98959K->64947K(126720K), 0.0052897 secs] [Times: user=0.03 sys=0.00, real=0.01 secs] 
2014-07-09T16:37:00.368+0200: 38.354: [GC (Allocation Failure) 38.354: [ParNew: 39263K->4328K(39296K), 0.0073556 secs] 99880K->67961K(126720K), 0.0075631 secs] [Times: user=0.00 sys=0.00, real=0.01 secs] 
2014-07-09T16:37:00.522+0200: 38.508: [GC (Allocation Failure) 38.508: [ParNew: 39270K->4327K(39296K), 0.0113573 secs] 102903K->71550K(126720K), 0.0116792 secs] [Times: user=0.00 sys=0.00, real=0.01 secs] 
2014-07-09T16:37:00.666+0200: 38.652: [GC (Allocation Failure) 38.652: [ParNew: 39239K->263K(39296K), 0.0007497 secs] 106462K->67492K(126720K), 0.0008370 secs] [Times: user=0.00 sys=0.00, real=0.00 secs] 
2014-07-09T16:37:00.817+0200: 38.803: [GC (Allocation Failure) 38.803: [ParNew: 35196K->2380K(39296K), 0.0028197 secs] 102425K->69609K(126720K), 0.0030397 secs] [Times: user=0.03 sys=0.00, real=0.00 secs] 
2014-07-09T16:37:00.920+0200: 38.907: [GC (Allocation Failure) 38.907: [ParNew: 37317K->3463K(39296K), 0.0030430 secs] 104545K->70702K(126720K), 0.0032633 secs] [Times: user=0.00 sys=0.00, real=0.00 secs] 
2014-07-09T16:37:01.067+0200: 39.054: [GC (Allocation Failure) 39.054: [ParNew: 38396K->4328K(39296K), 0.0044457 secs] 105635K->72820K(126720K), 0.0045953 secs] [Times: user=0.00 sys=0.00, real=0.01 secs] 
2014-07-09T16:37:01.219+0200: 39.205: [GC (Allocation Failure) 39.205: [ParNew: 39249K->4329K(39296K), 0.0077197 secs] 107741K->73979K(126720K), 0.0079983 secs] [Times: user=0.03 sys=0.00, real=0.01 secs] 
2014-07-09T16:37:01.330+0200: 39.316: [GC (Allocation Failure) 39.316: [ParNew: 39262K->4328K(39296K), 0.0093306 secs] 108912K->77249K(126720K), 0.0096225 secs] [Times: user=0.03 sys=0.00, real=0.01 secs] 
2014-07-09T16:37:01.516+0200: 39.502: [GC (Allocation Failure) 39.502: [ParNew: 39266K->487K(39296K), 0.0007410 secs] 112188K->73413K(126720K), 0.0008315 secs] [Times: user=0.00 sys=0.00, real=0.00 secs] 
2014-07-09T16:37:01.623+0200: 39.610: [GC (Allocation Failure) 39.610: [ParNew: 35420K->2604K(39296K), 0.0042107 secs] 108346K->75530K(126720K), 0.0045117 secs] [Times: user=0.00 sys=0.00, real=0.01 secs] 
2014-07-09T16:37:01.767+0200: 39.754: [GC (Allocation Failure) 39.754: [ParNew: 37546K->3176K(39296K), 0.0039071 secs] 110472K->76112K(126720K), 0.0041788 secs] [Times: user=0.03 sys=0.00, real=0.00 secs] 
2014-07-09T16:37:01.918+0200: 39.905: [GC (Allocation Failure) 39.905: [ParNew: 38118K->3752K(39296K), 0.0046411 secs] 111054K->76693K(126720K), 0.0049040 secs] [Times: user=0.00 sys=0.00, real=0.01 secs] 
2014-07-09T16:37:02.021+0200: 40.008: [GC (Allocation Failure) 40.008: [ParNew: 38685K->4328K(39296K), 0.0050668 secs] 111626K->78811K(126720K), 0.0052724 secs] [Times: user=0.00 sys=0.00, real=0.00 secs] 
2014-07-09T16:37:02.168+0200: 40.155: [GC (Allocation Failure) 40.155: [ParNew: 39245K->4329K(39296K), 0.0051379 secs] 113729K->80770K(126720K), 0.0053102 secs] [Times: user=0.00 sys=0.00, real=0.01 secs] 
2014-07-09T16:37:02.318+0200: 40.305: [GC (Allocation Failure) 40.305: [ParNew: 39262K->198K(39296K), 0.0015765 secs] 115703K->76645K(126720K), 0.0016993 secs] [Times: user=0.00 sys=0.00, real=0.00 secs] 
2014-07-09T16:37:02.467+0200: 40.453: [GC (Allocation Failure) 40.454: [ParNew: 35134K->1291K(39296K), 0.0023369 secs] 111581K->77738K(126720K), 0.0026225 secs] [Times: user=0.00 sys=0.00, real=0.00 secs] 
2014-07-09T16:37:02.617+0200: 40.603: [GC (Allocation Failure) 40.603: [ParNew: 36224K->3408K(39296K), 0.0022415 secs] 112671K->79855K(126720K), 0.0023684 secs] [Times: user=0.00 sys=0.00, real=0.00 secs] 
2014-07-09T16:37:02.726+0200: 40.713: [GC (Allocation Failure) 40.713: [ParNew: 38324K->3432K(39296K), 0.0075738 secs] 114771K->79893K(126720K), 0.0078553 secs] [Times: user=0.00 sys=0.00, real=0.01 secs] 
2014-07-09T16:37:02.869+0200: 40.856: [GC (Allocation Failure) 40.856: [ParNew: 38365K->4328K(39296K), 0.0075430 secs] 114826K->82011K(126720K), 0.0078425 secs] [Times: user=0.02 sys=0.00, real=0.01 secs] 
2014-07-09T16:37:03.018+0200: 41.005: [GC (Allocation Failure) 41.005: [ParNew: 39266K->4328K(39296K), 0.0054781 secs] 116949K->84320K(126720K), 0.0056449 secs] [Times: user=0.00 sys=0.00, real=0.01 secs] 
2014-07-09T16:37:03.128+0200: 41.114: [GC (Allocation Failure) 41.115: [ParNew: 39266K->38K(39296K), 0.0009760 secs] 119259K->80035K(126720K), 0.0011057 secs] [Times: user=0.00 sys=0.00, real=0.00 secs] 
2014-07-09T16:37:03.316+0200: 41.303: [GC (Allocation Failure) 41.303: [ParNew: 34950K->972K(39296K), 0.0019274 secs] 114948K->80969K(126720K), 0.0021063 secs] [Times: user=0.00 sys=0.00, real=0.00 secs] 
2014-07-09T16:37:03.419+0200: 41.405: [GC (Allocation Failure) 41.406: [ParNew: 35914K->1554K(39296K), 0.0018236 secs] 115912K->81552K(126720K), 0.0019625 secs] [Times: user=0.00 sys=0.00, real=0.00 secs] 
2014-07-09T16:37:03.567+0200: 41.554: [GC (Allocation Failure) 41.554: [ParNew: 36487K->3672K(39296K), 0.0027647 secs] 116485K->83669K(126720K), 0.0029128 secs] [Times: user=0.00 sys=0.00, real=0.00 secs] 
2014-07-09T16:37:03.717+0200: 41.703: [GC (Allocation Failure) 41.703: [ParNew: 38584K->4199K(39296K), 0.0032267 secs] 118581K->84214K(126720K), 0.0033741 secs] [Times: user=0.03 sys=0.00, real=0.00 secs] 
2014-07-09T16:37:03.822+0200: 41.808: [GC (Allocation Failure) 41.809: [ParNew: 39132K->4327K(39296K), 0.0053388 secs] 119147K->86332K(126720K), 0.0055437 secs] [Times: user=0.00 sys=0.01, real=0.01 secs] 
2014-07-09T16:37:03.828+0200: 41.814: [GC (CMS Initial Mark) [1 CMS-initial-mark: 82005K(87424K)] 86398K(126720K), 0.0002211 secs] [Times: user=0.00 sys=0.00, real=0.00 secs] 
2014-07-09T16:37:03.828+0200: 41.815: [CMS-concurrent-mark-start]
2014-07-09T16:37:03.831+0200: 41.817: [CMS-concurrent-mark: 0.002/0.002 secs] [Times: user=0.00 sys=0.00, real=0.00 secs] 
2014-07-09T16:37:03.831+0200: 41.817: [CMS-concurrent-preclean-start]
2014-07-09T16:37:03.831+0200: 41.818: [CMS-concurrent-preclean: 0.000/0.000 secs] [Times: user=0.00 sys=0.00, real=0.00 secs] 
2014-07-09T16:37:03.831+0200: 41.818: [GC (CMS Final Remark) [YG occupancy: 6218 K (39296 K)]41.818: [Rescan (parallel) , 0.0002900 secs]41.818: [weak refs processing, 0.0000396 secs]41.818: [class unloading, 0.0005345 secs]41.819: [scrub symbol table, 0.0007292 secs]41.820: [scrub string table, 0.0002339 secs][1 CMS-remark: 82005K(87424K)] 88223K(126720K), 0.0020828 secs] [Times: user=0.00 sys=0.00, real=0.00 secs] 
2014-07-09T16:37:03.834+0200: 41.820: [CMS-concurrent-sweep-start]
2014-07-09T16:37:03.835+0200: 41.821: [CMS-concurrent-sweep: 0.001/0.001 secs] [Times: user=0.00 sys=0.00, real=0.00 secs] 
2014-07-09T16:37:03.835+0200: 41.821: [CMS-concurrent-reset-start]
2014-07-09T16:37:03.835+0200: 41.822: [CMS-concurrent-reset: 0.000/0.000 secs] [Times: user=0.00 sys=0.00, real=0.00 secs] 
2014-07-09T16:37:03.972+0200: 41.959: [GC (Allocation Failure) 41.959: [ParNew: 39264K->4328K(39296K), 0.0096412 secs] 41692K->9834K(126720K), 0.0099216 secs] [Times: user=0.00 sys=0.00, real=0.01 secs] 
2014-07-09T16:37:04.119+0200: 42.106: [GC (Allocation Failure) 42.106: [ParNew: 39261K->1319K(39296K), 0.0015937 secs] 44767K->6830K(126720K), 0.0020252 secs] [Times: user=0.00 sys=0.00, real=0.00 secs] 
2014-07-09T16:37:04.266+0200: 42.253: [GC (Allocation Failure) 42.253: [ParNew: 36240K->1229K(39296K), 0.0008000 secs] 41751K->6740K(126720K), 0.0008843 secs] [Times: user=0.00 sys=0.00, real=0.00 secs] 
2014-07-09T16:37:04.418+0200: 42.403: [GC (Allocation Failure) 42.404: [ParNew: 36167K->2322K(39296K), 0.0016135 secs] 41678K->7833K(126720K), 0.0017495 secs] [Times: user=0.00 sys=0.00, real=0.00 secs] 
2014-07-09T16:37:04.526+0200: 42.511: [GC (Allocation Failure) 42.511: [ParNew: 37255K->4329K(39296K), 0.0068284 secs] 42766K->9952K(126720K), 0.0070891 secs] [Times: user=0.01 sys=0.00, real=0.01 secs] 
2014-07-09T16:37:04.668+0200: 42.654: [GC (Allocation Failure) 42.654: [ParNew: 39271K->4328K(39296K), 0.0073006 secs] 44894K->10628K(126720K), 0.0075650 secs] [Times: user=0.03 sys=0.00, real=0.01 secs] 
2014-07-09T16:37:04.818+0200: 42.803: [GC (Allocation Failure) 42.803: [ParNew: 39261K->4328K(39296K), 0.0055272 secs] 45561K->13418K(126720K), 0.0056739 secs] [Times: user=0.00 sys=0.00, real=0.00 secs] 
2014-07-09T16:37:04.930+0200: 42.915: [GC (Allocation Failure) 42.915: [ParNew: 39270K->4328K(39296K), 0.0099924 secs] 48360K->16784K(126720K), 0.0102758 secs] [Times: user=0.03 sys=0.00, real=0.01 secs] 
2014-07-09T16:37:05.117+0200: 43.102: [GC (Allocation Failure) 43.103: [ParNew: 39261K->1607K(39296K), 0.0022269 secs] 51717K->14069K(126720K), 0.0024234 secs] [Times: user=0.00 sys=0.00, real=0.00 secs] 
2014-07-09T16:37:05.220+0200: 43.206: [GC (Allocation Failure) 43.206: [ParNew: 36525K->2029K(39296K), 0.0016806 secs] 48987K->14490K(126720K), 0.0018214 secs] [Times: user=0.00 sys=0.00, real=0.00 secs] 
2014-07-09T16:37:05.367+0200: 43.353: [GC (Allocation Failure) 43.353: [ParNew: 36962K->4147K(39296K), 0.0028927 secs] 49423K->16608K(126720K), 0.0030368 secs] [Times: user=0.00 sys=0.00, real=0.00 secs] 
2014-07-09T16:37:05.517+0200: 43.503: [GC (Allocation Failure) 43.503: [ParNew: 39083K->4327K(39296K), 0.0038323 secs] 51545K->17699K(126720K), 0.0039790 secs] [Times: user=0.00 sys=0.00, real=0.00 secs] 
2014-07-09T16:37:05.622+0200: 43.607: [GC (Allocation Failure) 43.607: [ParNew: 39269K->4328K(39296K), 0.0048831 secs] 52641K->19178K(126720K), 0.0050426 secs] [Times: user=0.03 sys=0.00, real=0.01 secs] 
2014-07-09T16:37:05.768+0200: 43.754: [GC (Allocation Failure) 43.754: [ParNew: 39267K->4328K(39296K), 0.0060457 secs] 54117K->22257K(126720K), 0.0062411 secs] [Times: user=0.00 sys=0.00, real=0.01 secs] 
2014-07-09T16:37:05.918+0200: 43.904: [GC (Allocation Failure) 43.904: [ParNew: 39266K->294K(39296K), 0.0009191 secs] 57195K->18228K(126720K), 0.0010280 secs] [Times: user=0.00 sys=0.00, real=0.00 secs] 
2014-07-09T16:37:06.067+0200: 44.052: [GC (Allocation Failure) 44.053: [ParNew: 35227K->2412K(39296K), 0.0016832 secs] 53161K->20346K(126720K), 0.0018203 secs] [Times: user=0.00 sys=0.00, real=0.00 secs] 
2014-07-09T16:37:06.218+0200: 44.203: [GC (Allocation Failure) 44.204: [ParNew: 37327K->2824K(39296K), 0.0032160 secs] 55261K->20768K(126720K), 0.0034492 secs] [Times: user=0.00 sys=0.00, real=0.00 secs] 
2014-07-09T16:37:06.325+0200: 44.311: [GC (Allocation Failure) 44.311: [ParNew: 37757K->4328K(39296K), 0.0073259 secs] 55701K->22886K(126720K), 0.0076702 secs] [Times: user=0.00 sys=0.00, real=0.01 secs] 
2014-07-09T16:37:06.469+0200: 44.455: [GC (Allocation Failure) 44.455: [ParNew: 39270K->4329K(39296K), 0.0076243 secs] 57828K->24076K(126720K), 0.0079059 secs] [Times: user=0.00 sys=0.00, real=0.01 secs] 
2014-07-09T16:37:06.620+0200: 44.606: [GC (Allocation Failure) 44.606: [ParNew: 39262K->4328K(39296K), 0.0101097 secs] 59009K->27378K(126720K), 0.0104089 secs] [Times: user=0.03 sys=0.00, real=0.01 secs] 
2014-07-09T16:37:06.766+0200: 44.752: [GC (Allocation Failure) 44.752: [ParNew: 39270K->6K(39296K), 0.0031244 secs] 62320K->23061K(126720K), 0.0033290 secs] [Times: user=0.00 sys=0.00, real=0.00 secs] 
2014-07-09T16:37:06.917+0200: 44.902: [GC (Allocation Failure) 44.902: [ParNew: 34943K->1101K(39296K), 0.0022100 secs] 57997K->24156K(126720K), 0.0024274 secs] [Times: user=0.03 sys=0.00, real=0.00 secs] 
2014-07-09T16:37:07.023+0200: 45.009: [GC (Allocation Failure) 45.009: [ParNew: 36034K->3218K(39296K), 0.0025884 secs] 59089K->26273K(126720K), 0.0027442 secs] [Times: user=0.00 sys=0.00, real=0.00 secs] 
2014-07-09T16:37:07.168+0200: 45.154: [GC (Allocation Failure) 45.154: [ParNew: 38140K->3113K(39296K), 0.0039024 secs] 61195K->26183K(126720K), 0.0043002 secs] [Times: user=0.00 sys=0.00, real=0.00 secs] 
2014-07-09T16:37:07.319+0200: 45.304: [GC (Allocation Failure) 45.305: [ParNew: 38046K->4328K(39296K), 0.0069828 secs] 61116K->28301K(126720K), 0.0072665 secs] [Times: user=0.03 sys=0.00, real=0.01 secs] 
2014-07-09T16:37:07.421+0200: 45.407: [GC (Allocation Failure) 45.407: [ParNew: 39266K->4328K(39296K), 0.0050015 secs] 63239K->30290K(126720K), 0.0051643 secs] [Times: user=0.00 sys=0.00, real=0.01 secs] 
2014-07-09T16:37:07.616+0200: 45.602: [GC (Allocation Failure) 45.602: [ParNew: 39261K->231K(39296K), 0.0014782 secs] 65223K->26198K(126720K), 0.0016516 secs] [Times: user=0.00 sys=0.00, real=0.00 secs] 
2014-07-09T16:37:07.722+0200: 45.708: [GC (Allocation Failure) 45.708: [ParNew: 35173K->813K(39296K), 0.0022313 secs] 61140K->26780K(126720K), 0.0024725 secs] [Times: user=0.00 sys=0.00, real=0.00 secs] 
2014-07-09T16:37:07.868+0200: 45.853: [GC (Allocation Failure) 45.854: [ParNew: 35746K->2929K(39296K), 0.0035401 secs] 61713K->28896K(126720K), 0.0037865 secs] [Times: user=0.03 sys=0.00, real=0.00 secs] 
2014-07-09T16:37:08.019+0200: 46.004: [GC (Allocation Failure) 46.004: [ParNew: 37871K->3496K(39296K), 0.0045322 secs] 63838K->29477K(126720K), 0.0048347 secs] [Times: user=0.00 sys=0.00, real=0.00 secs] 
2014-07-09T16:37:08.126+0200: 46.112: [GC (Allocation Failure) 46.112: [ParNew: 38408K->4328K(39296K), 0.0070429 secs] 64390K->30923K(126720K), 0.0073516 secs] [Times: user=0.00 sys=0.00, real=0.01 secs] 
2014-07-09T16:37:08.269+0200: 46.255: [GC (Allocation Failure) 46.255: [ParNew: 39265K->4328K(39296K), 0.0080995 secs] 65860K->32625K(126720K), 0.0083946 secs] [Times: user=0.03 sys=0.00, real=0.01 secs] 
2014-07-09T16:37:08.418+0200: 46.404: [GC (Allocation Failure) 46.404: [ParNew: 39266K->4328K(39296K), 0.0056629 secs] 67563K->35415K(126720K), 0.0058224 secs] [Times: user=0.00 sys=0.00, real=0.01 secs] 
2014-07-09T16:37:08.566+0200: 46.552: [GC (Allocation Failure) 46.552: [ParNew: 39261K->1031K(39296K), 0.0010540 secs] 70348K->32123K(126720K), 0.0011567 secs] [Times: user=0.00 sys=0.00, real=0.00 secs] 
2014-07-09T16:37:08.717+0200: 46.703: [GC (Allocation Failure) 46.703: [ParNew: 35947K->1068K(39296K), 0.0019556 secs] 67039K->32160K(126720K), 0.0021473 secs] [Times: user=0.00 sys=0.00, real=0.00 secs] 
2014-07-09T16:37:08.825+0200: 46.811: [GC (Allocation Failure) 46.811: [ParNew: 36001K->3185K(39296K), 0.0043240 secs] 67093K->34278K(126720K), 0.0046613 secs] [Times: user=0.00 sys=0.00, real=0.00 secs] 
2014-07-09T16:37:08.968+0200: 46.954: [GC (Allocation Failure) 46.954: [ParNew: 38124K->4264K(39296K), 0.0055302 secs] 69216K->35371K(126720K), 0.0057887 secs] [Times: user=0.00 sys=0.00, real=0.01 secs] 
2014-07-09T16:37:09.121+0200: 47.107: [GC (Allocation Failure) 47.107: [ParNew: 39197K->4327K(39296K), 0.0077923 secs] 70304K->37488K(126720K), 0.0081028 secs] [Times: user=0.00 sys=0.00, real=0.01 secs] 
2014-07-09T16:37:09.222+0200: 47.207: [GC (Allocation Failure) 47.207: [ParNew: 39245K->4329K(39296K), 0.0053777 secs] 72406K->39960K(126720K), 0.0055448 secs] [Times: user=0.03 sys=0.00, real=0.01 secs] 
2014-07-09T16:37:09.369+0200: 47.355: [GC (Allocation Failure) 47.355: [ParNew: 39268K->198K(39296K), 0.0010654 secs] 74899K->35836K(126720K), 0.0012121 secs] [Times: user=0.00 sys=0.00, real=0.00 secs] 
2014-07-09T16:37:09.519+0200: 47.505: [GC (Allocation Failure) 47.505: [ParNew: 35135K->1292K(39296K), 0.0016245 secs] 70772K->36929K(126720K), 0.0017642 secs] [Times: user=0.00 sys=0.00, real=0.00 secs] 
2014-07-09T16:37:09.666+0200: 47.652: [GC (Allocation Failure) 47.652: [ParNew: 36234K->1873K(39296K), 0.0016648 secs] 71871K->37510K(126720K), 0.0017792 secs] [Times: user=0.00 sys=0.00, real=0.00 secs] 
2014-07-09T16:37:09.817+0200: 47.803: [GC (Allocation Failure) 47.803: [ParNew: 36806K->3990K(39296K), 0.0030606 secs] 72443K->39627K(126720K), 0.0032329 secs] [Times: user=0.03 sys=0.00, real=0.00 secs] 
2014-07-09T16:37:09.926+0200: 47.912: [GC (Allocation Failure) 47.912: [ParNew: 38928K->4328K(39296K), 0.0074502 secs] 74565K->40718K(126720K), 0.0077791 secs] [Times: user=0.03 sys=0.00, real=0.01 secs] 
2014-07-09T16:37:10.068+0200: 48.054: [GC (Allocation Failure) 48.054: [ParNew: 39261K->4327K(39296K), 0.0058942 secs] 75651K->43572K(126720K), 0.0060666 secs] [Times: user=0.03 sys=0.00, real=0.01 secs] 
2014-07-09T16:37:10.219+0200: 48.205: [GC (Allocation Failure) 48.205: [ParNew: 39251K->4329K(39296K), 0.0054305 secs] 78496K->46332K(126720K), 0.0056556 secs] [Times: user=0.03 sys=0.00, real=0.01 secs] 
2014-07-09T16:37:10.367+0200: 48.353: [GC (Allocation Failure) 48.353: [ParNew: 39266K->1000K(39296K), 0.0019193 secs] 81268K->43009K(126720K), 0.0021099 secs] [Times: user=0.00 sys=0.00, real=0.00 secs] 
2014-07-09T16:37:10.518+0200: 48.504: [GC (Allocation Failure) 48.504: [ParNew: 35935K->2092K(39296K), 0.0026621 secs] 77944K->44101K(126720K), 0.0029290 secs] [Times: user=0.00 sys=0.02, real=0.00 secs] 
2014-07-09T16:37:10.620+0200: 48.606: [GC (Allocation Failure) 48.606: [ParNew: 37025K->4209K(39296K), 0.0033876 secs] 79034K->46218K(126720K), 0.0035434 secs] [Times: user=0.00 sys=0.00, real=0.00 secs] 
2014-07-09T16:37:10.772+0200: 48.758: [GC (Allocation Failure) 48.758: [ParNew: 39151K->4330K(39296K), 0.0059881 secs] 81160K->46802K(126720K), 0.0062697 secs] [Times: user=0.00 sys=0.00, real=0.01 secs] 
2014-07-09T16:37:10.919+0200: 48.905: [GC (Allocation Failure) 48.905: [ParNew: 39272K->4328K(39296K), 0.0072328 secs] 81744K->47831K(126720K), 0.0075074 secs] [Times: user=0.02 sys=0.00, real=0.01 secs] 
2014-07-09T16:37:11.028+0200: 49.014: [GC (Allocation Failure) 49.014: [ParNew: 39261K->4329K(39296K), 0.0101031 secs] 82764K->50974K(126720K), 0.0105123 secs] [Times: user=0.03 sys=0.00, real=0.01 secs] 
2014-07-09T16:37:11.169+0200: 49.155: [GC (Allocation Failure) 49.155: [ParNew: 39245K->4330K(39296K), 0.0066095 secs] 85891K->54534K(126720K), 0.0067870 secs] [Times: user=0.00 sys=0.00, real=0.01 secs] 
2014-07-09T16:37:11.328+0200: 49.313: [GC (Allocation Failure) 49.314: [ParNew: 39263K->1799K(39296K), 0.0017701 secs] 89467K->52010K(126720K), 0.0019735 secs] [Times: user=0.00 sys=0.00, real=0.00 secs] 
2014-07-09T16:37:11.467+0200: 49.453: [GC (Allocation Failure) 49.453: [ParNew: 36738K->2892K(39296K), 0.0023024 secs] 86948K->53102K(126720K), 0.0024483 secs] [Times: user=0.00 sys=0.00, real=0.00 secs] 
2014-07-09T16:37:11.617+0200: 49.603: [GC (Allocation Failure) 49.603: [ParNew: 37825K->4327K(39296K), 0.0037957 secs] 88035K->55219K(126720K), 0.0039302 secs] [Times: user=0.00 sys=0.00, real=0.00 secs] 
2014-07-09T16:37:11.726+0200: 49.712: [GC (Allocation Failure) 49.713: [ParNew: 39243K->4329K(39296K), 0.0064966 secs] 90135K->55930K(126720K), 0.0068207 secs] [Times: user=0.00 sys=0.00, real=0.01 secs] 
2014-07-09T16:37:11.869+0200: 49.855: [GC (Allocation Failure) 49.855: [ParNew: 39265K->4328K(39296K), 0.0045682 secs] 90867K->57728K(126720K), 0.0047394 secs] [Times: user=0.00 sys=0.00, real=0.00 secs] 
2014-07-09T16:37:12.022+0200: 50.008: [GC (Allocation Failure) 50.008: [ParNew: 39261K->39K(39296K), 0.0015827 secs] 92661K->53444K(126720K), 0.0017803 secs] [Times: user=0.00 sys=0.00, real=0.00 secs] 
2014-07-09T16:37:12.166+0200: 50.152: [GC (Allocation Failure) 50.152: [ParNew: 34954K->460K(39296K), 0.0018372 secs] 88359K->53865K(126720K), 0.0020678 secs] [Times: user=0.00 sys=0.00, real=0.00 secs] 
2014-07-09T16:37:12.318+0200: 50.304: [GC (Allocation Failure) 50.304: [ParNew: 35393K->2578K(39296K), 0.0033733 secs] 88798K->55983K(126720K), 0.0036710 secs] [Times: user=0.00 sys=0.00, real=0.00 secs] 
2014-07-09T16:37:12.423+0200: 50.409: [GC (Allocation Failure) 50.409: [ParNew: 37520K->3144K(39296K), 0.0026789 secs] 90925K->56564K(126720K), 0.0028707 secs] [Times: user=0.03 sys=0.00, real=0.00 secs] 
2014-07-09T16:37:12.569+0200: 50.555: [GC (Allocation Failure) 50.555: [ParNew: 38077K->4328K(39296K), 0.0043603 secs] 91497K->58681K(126720K), 0.0045341 secs] [Times: user=0.00 sys=0.00, real=0.00 secs] 
2014-07-09T16:37:12.717+0200: 50.703: [GC (Allocation Failure) 50.703: [ParNew: 39270K->4328K(39296K), 0.0048046 secs] 93623K->60190K(126720K), 0.0049524 secs] [Times: user=0.03 sys=0.00, real=0.00 secs] 
2014-07-09T16:37:12.823+0200: 50.809: [GC (Allocation Failure) 50.809: [ParNew: 39261K->4328K(39296K), 0.0064673 secs] 95123K->63813K(126720K), 0.0066539 secs] [Times: user=0.03 sys=0.00, real=0.01 secs] 
2014-07-09T16:37:13.016+0200: 51.002: [GC (Allocation Failure) 51.002: [ParNew: 39266K->839K(39296K), 0.0017154 secs] 98752K->60329K(126720K), 0.0018449 secs] [Times: user=0.00 sys=0.01, real=0.00 secs] 
2014-07-09T16:37:13.124+0200: 51.110: [GC (Allocation Failure) 51.111: [ParNew: 35754K->1772K(39296K), 0.0034312 secs] 95244K->61262K(126720K), 0.0038573 secs] [Times: user=0.03 sys=0.00, real=0.00 secs] 
2014-07-09T16:37:13.268+0200: 51.254: [GC (Allocation Failure) 51.254: [ParNew: 36711K->2866K(39296K), 0.0034159 secs] 96201K->62356K(126720K), 0.0036861 secs] [Times: user=0.00 sys=0.00, real=0.00 secs] 
2014-07-09T16:37:13.417+0200: 51.403: [GC (Allocation Failure) 51.403: [ParNew: 37802K->3943K(39296K), 0.0029517 secs] 97292K->63449K(126720K), 0.0031108 secs] [Times: user=0.00 sys=0.00, real=0.00 secs] 
2014-07-09T16:37:13.523+0200: 51.509: [GC (Allocation Failure) 51.509: [ParNew: 38876K->4328K(39296K), 0.0046961 secs] 98382K->65567K(126720K), 0.0048424 secs] [Times: user=0.00 sys=0.00, real=0.01 secs] 
2014-07-09T16:37:13.670+0200: 51.656: [GC (Allocation Failure) 51.657: [ParNew: 39240K->4329K(39296K), 0.0087950 secs] 100479K->67845K(126720K), 0.0091444 secs] [Times: user=0.00 sys=0.00, real=0.01 secs] 
2014-07-09T16:37:13.821+0200: 51.808: [GC (Allocation Failure) 51.808: [ParNew: 39262K->518K(39296K), 0.0022393 secs] 102778K->64040K(126720K), 0.0025198 secs] [Times: user=0.00 sys=0.00, real=0.00 secs] 
2014-07-09T16:37:13.967+0200: 51.953: [GC (Allocation Failure) 51.953: [ParNew: 35460K->1102K(39296K), 0.0025821 secs] 98982K->64624K(126720K), 0.0029400 secs] [Times: user=0.03 sys=0.00, real=0.00 secs] 
2014-07-09T16:37:14.118+0200: 52.104: [GC (Allocation Failure) 52.104: [ParNew: 36035K->3218K(39296K), 0.0037689 secs] 99557K->66740K(126720K), 0.0041982 secs] [Times: user=0.00 sys=0.00, real=0.00 secs] 
2014-07-09T16:37:14.225+0200: 52.211: [GC (Allocation Failure) 52.211: [ParNew: 38133K->3625K(39296K), 0.0049648 secs] 101656K->67161K(126720K), 0.0052963 secs] [Times: user=0.00 sys=0.00, real=0.01 secs] 
2014-07-09T16:37:14.368+0200: 52.354: [GC (Allocation Failure) 52.354: [ParNew: 38558K->4327K(39296K), 0.0046264 secs] 102094K->69277K(126720K), 0.0047856 secs] [Times: user=0.00 sys=0.00, real=0.00 secs] 
2014-07-09T16:37:14.520+0200: 52.505: [GC (Allocation Failure) 52.505: [ParNew: 39265K->4328K(39296K), 0.0085545 secs] 104216K->71780K(126720K), 0.0088192 secs] [Times: user=0.00 sys=0.00, real=0.01 secs] 
2014-07-09T16:37:14.624+0200: 52.609: [GC (Allocation Failure) 52.609: [ParNew: 39244K->4329K(39296K), 0.0049854 secs] 106696K->74315K(126720K), 0.0051460 secs] [Times: user=0.03 sys=0.00, real=0.00 secs] 
2014-07-09T16:37:14.816+0200: 52.801: [GC (Allocation Failure) 52.801: [ParNew: 39262K->775K(39296K), 0.0007824 secs] 109248K->70767K(126720K), 0.0008623 secs] [Times: user=0.00 sys=0.00, real=0.00 secs] 
2014-07-09T16:37:14.923+0200: 52.908: [GC (Allocation Failure) 52.908: [ParNew: 35711K->1868K(39296K), 0.0031101 secs] 105704K->71860K(126720K), 0.0034312 secs] [Times: user=0.00 sys=0.00, real=0.00 secs] 
2014-07-09T16:37:15.067+0200: 53.052: [GC (Allocation Failure) 53.052: [ParNew: 36801K->3985K(39296K), 0.0029594 secs] 106793K->73977K(126720K), 0.0031167 secs] [Times: user=0.00 sys=0.00, real=0.00 secs] 
2014-07-09T16:37:15.217+0200: 53.203: [GC (Allocation Failure) 53.203: [ParNew: 38903K->4329K(39296K), 0.0034991 secs] 108895K->74398K(126720K), 0.0036674 secs] [Times: user=0.02 sys=0.00, real=0.00 secs] 
2014-07-09T16:37:15.328+0200: 53.314: [GC (Allocation Failure) 53.314: [ParNew: 39262K->4328K(39296K), 0.0077560 secs] 109332K->76581K(126720K), 0.0081252 secs] [Times: user=0.00 sys=0.00, real=0.01 secs] 
2014-07-09T16:37:15.470+0200: 53.456: [GC (Allocation Failure) 53.456: [ParNew: 39270K->4328K(39296K), 0.0090179 secs] 111523K->79339K(126720K), 0.0093134 secs] [Times: user=0.00 sys=0.00, real=0.01 secs] 
2014-07-09T16:37:15.622+0200: 53.607: [GC (Allocation Failure) 53.607: [ParNew: 39267K->486K(39296K), 0.0027977 secs] 114277K->75502K(126720K), 0.0030375 secs] [Times: user=0.03 sys=0.00, real=0.00 secs] 
2014-07-09T16:37:15.767+0200: 53.753: [GC (Allocation Failure) 53.753: [ParNew: 35422K->1580K(39296K), 0.0026434 secs] 110438K->76596K(126720K), 0.0028773 secs] [Times: user=0.00 sys=0.00, real=0.00 secs] 
2014-07-09T16:37:15.918+0200: 53.903: [GC (Allocation Failure) 53.903: [ParNew: 36519K->2673K(39296K), 0.0033158 secs] 111535K->77689K(126720K), 0.0035757 secs] [Times: user=0.03 sys=0.00, real=0.00 secs] 
2014-07-09T16:37:16.025+0200: 54.010: [GC (Allocation Failure) 54.010: [ParNew: 37606K->4328K(39296K), 0.0071697 secs] 112622K->79806K(126720K), 0.0075290 secs] [Times: user=0.03 sys=0.00, real=0.01 secs] 
2014-07-09T16:37:16.169+0200: 54.154: [GC (Allocation Failure) 54.154: [ParNew: 39249K->4329K(39296K), 0.0065879 secs] 114727K->80164K(126720K), 0.0068607 secs] [Times: user=0.00 sys=0.00, real=0.01 secs] 
2014-07-09T16:37:16.319+0200: 54.305: [GC (Allocation Failure) 54.305: [ParNew: 39262K->4328K(39296K), 0.0090084 secs] 115097K->82635K(126720K), 0.0092951 secs] [Times: user=0.03 sys=0.00, real=0.01 secs] 
2014-07-09T16:37:16.423+0200: 54.408: [GC (Allocation Failure) 54.408: [ParNew: 39264K->4328K(39296K), 0.0063588 secs] 117571K->86193K(126720K), 0.0065498 secs] [Times: user=0.00 sys=0.00, real=0.01 secs] 
2014-07-09T16:37:16.430+0200: 54.415: [GC (CMS Initial Mark) [1 CMS-initial-mark: 81864K(87424K)] 86259K(126720K), 0.0002508 secs] [Times: user=0.00 sys=0.00, real=0.00 secs] 
2014-07-09T16:37:16.430+0200: 54.415: [CMS-concurrent-mark-start]
2014-07-09T16:37:16.432+0200: 54.417: [CMS-concurrent-mark: 0.002/0.002 secs] [Times: user=0.00 sys=0.00, real=0.00 secs] 
2014-07-09T16:37:16.432+0200: 54.417: [CMS-concurrent-preclean-start]
2014-07-09T16:37:16.432+0200: 54.417: [CMS-concurrent-preclean: 0.000/0.000 secs] [Times: user=0.00 sys=0.00, real=0.00 secs] 
2014-07-09T16:37:16.432+0200: 54.418: [GC (CMS Final Remark) [YG occupancy: 4650 K (39296 K)]54.418: [Rescan (parallel) , 0.0003135 secs]54.418: [weak refs processing, 0.0000359 secs]54.418: [class unloading, 0.0005114 secs]54.418: [scrub symbol table, 0.0007171 secs]54.419: [scrub string table, 0.0002328 secs][1 CMS-remark: 81864K(87424K)] 86515K(126720K), 0.0019944 secs] [Times: user=0.02 sys=0.00, real=0.00 secs] 
2014-07-09T16:37:16.434+0200: 54.420: [CMS-concurrent-sweep-start]
2014-07-09T16:37:16.436+0200: 54.421: [CMS-concurrent-sweep: 0.001/0.001 secs] [Times: user=0.00 sys=0.00, real=0.00 secs] 
2014-07-09T16:37:16.436+0200: 54.421: [CMS-concurrent-reset-start]
2014-07-09T16:37:16.436+0200: 54.421: [CMS-concurrent-reset: 0.000/0.000 secs] [Times: user=0.00 sys=0.00, real=0.00 secs] 
2014-07-09T16:37:16.617+0200: 54.602: [GC (Allocation Failure) 54.602: [ParNew: 39261K->1799K(39296K), 0.0023600 secs] 43291K->5834K(126720K), 0.0025675 secs] [Times: user=0.00 sys=0.00, real=0.00 secs] 
2014-07-09T16:37:16.723+0200: 54.708: [GC (Allocation Failure) 54.709: [ParNew: 36712K->2349K(39296K), 0.0034312 secs] 40746K->6384K(126720K), 0.0037022 secs] [Times: user=0.00 sys=0.00, real=0.00 secs] 
2014-07-09T16:37:16.868+0200: 54.853: [GC (Allocation Failure) 54.853: [ParNew: 37282K->4328K(39296K), 0.0061083 secs] 41317K->8501K(126720K), 0.0063936 secs] [Times: user=0.02 sys=0.00, real=0.01 secs] 
2014-07-09T16:37:17.019+0200: 55.004: [GC (Allocation Failure) 55.004: [ParNew: 39270K->4328K(39296K), 0.0070099 secs] 43444K->9210K(126720K), 0.0072750 secs] [Times: user=0.00 sys=0.00, real=0.01 secs] 
2014-07-09T16:37:17.130+0200: 55.115: [GC (Allocation Failure) 55.115: [ParNew: 39261K->4328K(39296K), 0.0085493 secs] 44143K->12033K(126720K), 0.0088522 secs] [Times: user=0.03 sys=0.00, real=0.01 secs] 
2014-07-09T16:37:17.299+0200: 55.284: [GC (Allocation Failure) 55.284: [ParNew: 39246K->4329K(39296K), 0.0052061 secs] 46951K->15272K(126720K), 0.0053626 secs] [Times: user=0.00 sys=0.00, real=0.00 secs] 
2014-07-09T16:37:17.421+0200: 55.406: [GC (Allocation Failure) 55.407: [ParNew: 39267K->455K(39296K), 0.0019768 secs] 50210K->11404K(126720K), 0.0021998 secs] [Times: user=0.00 sys=0.00, real=0.00 secs] 
2014-07-09T16:37:17.567+0200: 55.553: [GC (Allocation Failure) 55.553: [ParNew: 35388K->2572K(39296K), 0.0016535 secs] 46337K->13521K(126720K), 0.0017745 secs] [Times: user=0.00 sys=0.00, real=0.00 secs] 
2014-07-09T16:37:17.718+0200: 55.703: [GC (Allocation Failure) 55.703: [ParNew: 37488K->2600K(39296K), 0.0028520 secs] 48437K->13559K(126720K), 0.0030973 secs] [Times: user=0.00 sys=0.00, real=0.00 secs] 
2014-07-09T16:37:17.827+0200: 55.813: [GC (Allocation Failure) 55.813: [ParNew: 37533K->4327K(39296K), 0.0060688 secs] 48492K->15676K(126720K), 0.0063866 secs] [Times: user=0.00 sys=0.00, real=0.01 secs] 
2014-07-09T16:37:17.969+0200: 55.955: [GC (Allocation Failure) 55.955: [ParNew: 39263K->4328K(39296K), 0.0076753 secs] 50612K->17154K(126720K), 0.0079484 secs] [Times: user=0.00 sys=0.00, real=0.01 secs] 
2014-07-09T16:37:18.122+0200: 56.107: [GC (Allocation Failure) 56.107: [ParNew: 39261K->4328K(39296K), 0.0101255 secs] 52087K->20745K(126720K), 0.0103660 secs] [Times: user=0.00 sys=0.00, real=0.01 secs] 
2014-07-09T16:37:18.266+0200: 56.251: [GC (Allocation Failure) 56.252: [ParNew: 39245K->136K(39296K), 0.0014826 secs] 55662K->16557K(126720K), 0.0017081 secs] [Times: user=0.00 sys=0.00, real=0.00 secs] 
2014-07-09T16:37:18.416+0200: 56.401: [GC (Allocation Failure) 56.401: [ParNew: 35078K->716K(39296K), 0.0006992 secs] 51499K->17138K(126720K), 0.0007849 secs] [Times: user=0.00 sys=0.00, real=0.00 secs] 
2014-07-09T16:37:18.523+0200: 56.509: [GC (Allocation Failure) 56.509: [ParNew: 35650K->2835K(39296K), 0.0041370 secs] 52071K->19256K(126720K), 0.0044453 secs] [Times: user=0.03 sys=0.00, real=0.01 secs] 
2014-07-09T16:37:18.666+0200: 56.652: [GC (Allocation Failure) 56.652: [ParNew: 37777K->3399K(39296K), 0.0020971 secs] 54198K->19837K(126720K), 0.0022734 secs] [Times: user=0.00 sys=0.00, real=0.00 secs] 
2014-07-09T16:37:18.819+0200: 56.804: [GC (Allocation Failure) 56.804: [ParNew: 38332K->4327K(39296K), 0.0075712 secs] 54770K->21955K(126720K), 0.0079528 secs] [Times: user=0.03 sys=0.00, real=0.01 secs] 
2014-07-09T16:37:18.928+0200: 56.913: [GC (Allocation Failure) 56.913: [ParNew: 39266K->4328K(39296K), 0.0083085 secs] 56893K->24233K(126720K), 0.0086040 secs] [Times: user=0.03 sys=0.00, real=0.01 secs] 
2014-07-09T16:37:19.116+0200: 57.102: [GC (Allocation Failure) 57.102: [ParNew: 39261K->519K(39296K), 0.0017173 secs] 59166K->20429K(126720K), 0.0020014 secs] [Times: user=0.03 sys=0.00, real=0.00 secs] 
2014-07-09T16:37:19.221+0200: 57.206: [GC (Allocation Failure) 57.207: [ParNew: 35443K->428K(39296K), 0.0022203 secs] 55353K->20338K(126720K), 0.0024465 secs] [Times: user=0.00 sys=0.00, real=0.00 secs] 
2014-07-09T16:37:19.368+0200: 57.353: [GC (Allocation Failure) 57.353: [ParNew: 35361K->2545K(39296K), 0.0029172 secs] 55271K->22455K(126720K), 0.0031368 secs] [Times: user=0.00 sys=0.00, real=0.00 secs] 
2014-07-09T16:37:19.517+0200: 57.502: [GC (Allocation Failure) 57.502: [ParNew: 37481K->3623K(39296K), 0.0023801 secs] 57392K->23549K(126720K), 0.0025345 secs] [Times: user=0.00 sys=0.00, real=0.00 secs] 
2014-07-09T16:37:19.622+0200: 57.607: [GC (Allocation Failure) 57.607: [ParNew: 38556K->4328K(39296K), 0.0041557 secs] 58482K->25666K(126720K), 0.0043148 secs] [Times: user=0.00 sys=0.00, real=0.00 secs] 
2014-07-09T16:37:19.769+0200: 57.755: [GC (Allocation Failure) 57.755: [ParNew: 39240K->4329K(39296K), 0.0086978 secs] 60579K->27625K(126720K), 0.0090003 secs] [Times: user=0.03 sys=0.00, real=0.01 secs] 
2014-07-09T16:37:19.920+0200: 57.905: [GC (Allocation Failure) 57.905: [ParNew: 39271K->4328K(39296K), 0.0093391 secs] 62567K->30159K(126720K), 0.0096272 secs] [Times: user=0.01 sys=0.01, real=0.01 secs] 
2014-07-09T16:37:20.066+0200: 58.051: [GC (Allocation Failure) 58.051: [ParNew: 39261K->775K(39296K), 0.0009910 secs] 65092K->26611K(126720K), 0.0011101 secs] [Times: user=0.00 sys=0.00, real=0.00 secs] 
2014-07-09T16:37:20.230+0200: 58.215: [GC (Allocation Failure) 58.215: [ParNew: 35693K->1196K(39296K), 0.0011252 secs] 61529K->27032K(126720K), 0.0012443 secs] [Times: user=0.00 sys=0.00, real=0.00 secs] 
2014-07-09T16:37:20.320+0200: 58.305: [GC (Allocation Failure) 58.305: [ParNew: 36129K->3313K(39296K), 0.0037704 secs] 61965K->29149K(126720K), 0.0039185 secs] [Times: user=0.00 sys=0.00, real=0.00 secs] 
2014-07-09T16:37:20.467+0200: 58.452: [GC (Allocation Failure) 58.452: [ParNew: 38251K->4328K(39296K), 0.0034653 secs] 64087K->30242K(126720K), 0.0036175 secs] [Times: user=0.00 sys=0.00, real=0.00 secs] 
2014-07-09T16:37:20.622+0200: 58.607: [GC (Allocation Failure) 58.607: [ParNew: 39261K->4327K(39296K), 0.0057795 secs] 65175K->32423K(126720K), 0.0059445 secs] [Times: user=0.00 sys=0.00, real=0.01 secs] 
2014-07-09T16:37:20.730+0200: 58.716: [GC (Allocation Failure) 58.716: [ParNew: 39243K->4330K(39296K), 0.0081710 secs] 67339K->34640K(126720K), 0.0084430 secs] [Times: user=0.00 sys=0.00, real=0.01 secs] 
2014-07-09T16:37:20.872+0200: 58.857: [GC (Allocation Failure) 58.857: [ParNew: 39271K->463K(39296K), 0.0021371 secs] 69581K->30779K(126720K), 0.0023310 secs] [Times: user=0.00 sys=0.00, real=0.00 secs] 
2014-07-09T16:37:21.023+0200: 59.008: [GC (Allocation Failure) 59.008: [ParNew: 35391K->1547K(39296K), 0.0028795 secs] 65707K->31863K(126720K), 0.0031028 secs] [Times: user=0.00 sys=0.00, real=0.00 secs] 
2014-07-09T16:37:21.166+0200: 59.152: [GC (Allocation Failure) 59.152: [ParNew: 36464K->1969K(39296K), 0.0012487 secs] 66779K->32285K(126720K), 0.0013550 secs] [Times: user=0.00 sys=0.00, real=0.00 secs] 
2014-07-09T16:37:21.318+0200: 59.304: [GC (Allocation Failure) 59.304: [ParNew: 36902K->4086K(39296K), 0.0051617 secs] 67218K->34402K(126720K), 0.0054448 secs] [Times: user=0.00 sys=0.00, real=0.01 secs] 
2014-07-09T16:37:21.421+0200: 59.407: [GC (Allocation Failure) 59.407: [ParNew: 39028K->4327K(39296K), 0.0042430 secs] 69344K->34980K(126720K), 0.0044453 secs] [Times: user=0.02 sys=0.00, real=0.01 secs] 
2014-07-09T16:37:21.571+0200: 59.557: [GC (Allocation Failure) 59.557: [ParNew: 39260K->4327K(39296K), 0.0065835 secs] 69913K->37418K(126720K), 0.0067584 secs] [Times: user=0.00 sys=0.00, real=0.01 secs] 
2014-07-09T16:37:21.722+0200: 59.707: [GC (Allocation Failure) 59.707: [ParNew: 39269K->4329K(39296K), 0.0055053 secs] 72360K->40433K(126720K), 0.0056743 secs] [Times: user=0.02 sys=0.00, real=0.01 secs] 
2014-07-09T16:37:21.867+0200: 59.852: [GC (Allocation Failure) 59.853: [ParNew: 39262K->1255K(39296K), 0.0022478 secs] 75366K->37365K(126720K), 0.0024531 secs] [Times: user=0.00 sys=0.00, real=0.00 secs] 
2014-07-09T16:37:22.017+0200: 60.003: [GC (Allocation Failure) 60.003: [ParNew: 36194K->2348K(39296K), 0.0030041 secs] 72304K->38458K(126720K), 0.0032399 secs] [Times: user=0.03 sys=0.00, real=0.00 secs] 
2014-07-09T16:37:22.127+0200: 60.112: [GC (Allocation Failure) 60.112: [ParNew: 37264K->2760K(39296K), 0.0037568 secs] 73374K->38880K(126720K), 0.0040244 secs] [Times: user=0.03 sys=0.00, real=0.00 secs] 
2014-07-09T16:37:22.269+0200: 60.255: [GC (Allocation Failure) 60.255: [ParNew: 37699K->4328K(39296K), 0.0054811 secs] 73819K->40486K(126720K), 0.0057329 secs] [Times: user=0.00 sys=0.00, real=0.01 secs] 
2014-07-09T16:37:22.417+0200: 60.403: [GC (Allocation Failure) 60.403: [ParNew: 39264K->4328K(39296K), 0.0043192 secs] 75422K->41611K(126720K), 0.0044831 secs] [Times: user=0.00 sys=0.00, real=0.00 secs] 
2014-07-09T16:37:22.528+0200: 60.513: [GC (Allocation Failure) 60.514: [ParNew: 39261K->4328K(39296K), 0.0105614 secs] 76544K->44850K(126720K), 0.0108661 secs] [Times: user=0.03 sys=0.00, real=0.01 secs] 
2014-07-09T16:37:22.671+0200: 60.657: [GC (Allocation Failure) 60.657: [ParNew: 39270K->4328K(39296K), 0.0106695 secs] 79792K->48664K(126720K), 0.0109537 secs] [Times: user=0.03 sys=0.00, real=0.01 secs] 
2014-07-09T16:37:22.822+0200: 60.808: [GC (Allocation Failure) 60.808: [ParNew: 39261K->2056K(39296K), 0.0036116 secs] 83597K->46397K(126720K), 0.0039016 secs] [Times: user=0.00 sys=0.00, real=0.00 secs] 
2014-07-09T16:37:22.968+0200: 60.953: [GC (Allocation Failure) 60.953: [ParNew: 36998K->2636K(39296K), 0.0032967 secs] 81340K->46978K(126720K), 0.0035332 secs] [Times: user=0.03 sys=0.00, real=0.00 secs] 
2014-07-09T16:37:23.119+0200: 61.104: [GC (Allocation Failure) 61.104: [ParNew: 37569K->4328K(39296K), 0.0064269 secs] 81911K->49096K(126720K), 0.0067290 secs] [Times: user=0.00 sys=0.00, real=0.01 secs] 
2014-07-09T16:37:23.221+0200: 61.207: [GC (Allocation Failure) 61.207: [ParNew: 39246K->4329K(39296K), 0.0043621 secs] 84014K->49934K(126720K), 0.0045792 secs] [Times: user=0.00 sys=0.00, real=0.00 secs] 
2014-07-09T16:37:23.370+0200: 61.355: [GC (Allocation Failure) 61.356: [ParNew: 39262K->4328K(39296K), 0.0100052 secs] 84867K->52884K(126720K), 0.0103817 secs] [Times: user=0.01 sys=0.00, real=0.01 secs] 
2014-07-09T16:37:23.521+0200: 61.507: [GC (Allocation Failure) 61.507: [ParNew: 39266K->167K(39296K), 0.0017521 secs] 87823K->48728K(126720K), 0.0022071 secs] [Times: user=0.00 sys=0.00, real=0.00 secs] 
2014-07-09T16:37:23.666+0200: 61.651: [GC (Allocation Failure) 61.651: [ParNew: 35083K->204K(39296K), 0.0006203 secs] 83644K->48765K(126720K), 0.0006889 secs] [Times: user=0.00 sys=0.00, real=0.00 secs] 
2014-07-09T16:37:23.817+0200: 61.803: [GC (Allocation Failure) 61.803: [ParNew: 35137K->2321K(39296K), 0.0028846 secs] 83698K->50882K(126720K), 0.0031295 secs] [Times: user=0.00 sys=0.00, real=0.00 secs] 
2014-07-09T16:37:23.920+0200: 61.906: [GC (Allocation Failure) 61.906: [ParNew: 37258K->3399K(39296K), 0.0034298 secs] 85819K->51975K(126720K), 0.0036303 secs] [Times: user=0.03 sys=0.00, real=0.00 secs] 
2014-07-09T16:37:24.068+0200: 62.053: [GC (Allocation Failure) 62.053: [ParNew: 38332K->4328K(39296K), 0.0043581 secs] 86908K->54093K(126720K), 0.0045168 secs] [Times: user=0.00 sys=0.00, real=0.00 secs] 
2014-07-09T16:37:24.219+0200: 62.205: [GC (Allocation Failure) 62.205: [ParNew: 39243K->4329K(39296K), 0.0078902 secs] 89008K->55699K(126720K), 0.0081659 secs] [Times: user=0.00 sys=0.00, real=0.01 secs] 
2014-07-09T16:37:24.330+0200: 62.315: [GC (Allocation Failure) 62.316: [ParNew: 39262K->4328K(39296K), 0.0097805 secs] 90632K->59418K(126720K), 0.0102036 secs] [Times: user=0.00 sys=0.00, real=0.01 secs] 
2014-07-09T16:37:24.516+0200: 62.501: [GC (Allocation Failure) 62.501: [ParNew: 39240K->391K(39296K), 0.0009206 secs] 94330K->55486K(126720K), 0.0010383 secs] [Times: user=0.00 sys=0.00, real=0.00 secs] 
2014-07-09T16:37:24.620+0200: 62.604: [GC (Allocation Failure) 62.604: [ParNew: 35324K->2508K(39296K), 0.0020362 secs] 90419K->57603K(126720K), 0.0021752 secs] [Times: user=0.00 sys=0.00, real=0.00 secs] 
2014-07-09T16:37:24.769+0200: 62.753: [GC (Allocation Failure) 62.753: [ParNew: 37451K->3080K(39296K), 0.0035288 secs] 92545K->58186K(126720K), 0.0037711 secs] [Times: user=0.00 sys=0.00, real=0.00 secs] 
2014-07-09T16:37:24.918+0200: 62.903: [GC (Allocation Failure) 62.903: [ParNew: 38019K->4168K(39296K), 0.0054598 secs] 93124K->59278K(126720K), 0.0057351 secs] [Times: user=0.03 sys=0.00, real=0.01 secs] 
2014-07-09T16:37:25.026+0200: 63.011: [GC (Allocation Failure) 63.011: [ParNew: 39101K->4328K(39296K), 0.0085097 secs] 94212K->61396K(126720K), 0.0088122 secs] [Times: user=0.03 sys=0.00, real=0.01 secs] 
2014-07-09T16:37:25.168+0200: 63.153: [GC (Allocation Failure) 63.153: [ParNew: 39249K->4329K(39296K), 0.0047045 secs] 96317K->63259K(126720K), 0.0048772 secs] [Times: user=0.03 sys=0.00, real=0.01 secs] 
2014-07-09T16:37:25.321+0200: 63.306: [GC (Allocation Failure) 63.306: [ParNew: 39262K->103K(39296K), 0.0017583 secs] 98192K->59039K(126720K), 0.0019801 secs] [Times: user=0.00 sys=0.00, real=0.00 secs] 
2014-07-09T16:37:25.467+0200: 63.452: [GC (Allocation Failure) 63.452: [ParNew: 35039K->1195K(39296K), 0.0021319 secs] 93976K->60132K(126720K), 0.0023501 secs] [Times: user=0.00 sys=0.00, real=0.00 secs] 
2014-07-09T16:37:25.616+0200: 63.601: [GC (Allocation Failure) 63.601: [ParNew: 36128K->3312K(39296K), 0.0020421 secs] 95065K->62249K(126720K), 0.0021946 secs] [Times: user=0.00 sys=0.00, real=0.00 secs] 
2014-07-09T16:37:25.720+0200: 63.705: [GC (Allocation Failure) 63.705: [ParNew: 38255K->3880K(39296K), 0.0032094 secs] 97191K->62830K(126720K), 0.0034056 secs] [Times: user=0.00 sys=0.00, real=0.00 secs] 
2014-07-09T16:37:25.868+0200: 63.853: [GC (Allocation Failure) 63.853: [ParNew: 38813K->4328K(39296K), 0.0049773 secs] 97763K->64948K(126720K), 0.0051449 secs] [Times: user=0.03 sys=0.00, real=0.00 secs] 
2014-07-09T16:37:26.020+0200: 64.005: [GC (Allocation Failure) 64.005: [ParNew: 39240K->4328K(39296K), 0.0073857 secs] 99860K->67162K(126720K), 0.0076265 secs] [Times: user=0.00 sys=0.00, real=0.01 secs] 
2014-07-09T16:37:26.130+0200: 64.115: [GC (Allocation Failure) 64.115: [ParNew: 39267K->327K(39296K), 0.0018691 secs] 102100K->63166K(126720K), 0.0020868 secs] [Times: user=0.00 sys=0.00, real=0.00 secs] 
2014-07-09T16:37:26.316+0200: 64.301: [GC (Allocation Failure) 64.301: [ParNew: 35268K->908K(39296K), 0.0019149 secs] 98107K->63747K(126720K), 0.0021367 secs] [Times: user=0.00 sys=0.00, real=0.00 secs] 
2014-07-09T16:37:26.423+0200: 64.407: [GC (Allocation Failure) 64.408: [ParNew: 35845K->2001K(39296K), 0.0035519 secs] 98683K->64839K(126720K), 0.0038921 secs] [Times: user=0.00 sys=0.00, real=0.00 secs] 
2014-07-09T16:37:26.567+0200: 64.552: [GC (Allocation Failure) 64.552: [ParNew: 36934K->4119K(39296K), 0.0030445 secs] 99773K->66958K(126720K), 0.0031772 secs] [Times: user=0.00 sys=0.00, real=0.00 secs] 
2014-07-09T16:37:26.719+0200: 64.704: [GC (Allocation Failure) 64.704: [ParNew: 39035K->4136K(39296K), 0.0053252 secs] 101874K->66992K(126720K), 0.0055837 secs] [Times: user=0.00 sys=0.00, real=0.01 secs] 
2014-07-09T16:37:26.822+0200: 64.807: [GC (Allocation Failure) 64.807: [ParNew: 39069K->4327K(39296K), 0.0056233 secs] 101925K->69110K(126720K), 0.0058132 secs] [Times: user=0.03 sys=0.00, real=0.01 secs] 
2014-07-09T16:37:26.971+0200: 64.956: [GC (Allocation Failure) 64.956: [ParNew: 39264K->4328K(39296K), 0.0090252 secs] 104047K->72124K(126720K), 0.0092815 secs] [Times: user=0.00 sys=0.00, real=0.01 secs] 
2014-07-09T16:37:27.123+0200: 65.108: [GC (Allocation Failure) 65.108: [ParNew: 39261K->1255K(39296K), 0.0024652 secs] 107057K->69057K(126720K), 0.0026833 secs] [Times: user=0.00 sys=0.00, real=0.00 secs] 
2014-07-09T16:37:27.267+0200: 65.252: [GC (Allocation Failure) 65.252: [ParNew: 36173K->1676K(39296K), 0.0025367 secs] 103975K->69478K(126720K), 0.0027779 secs] [Times: user=0.00 sys=0.00, real=0.00 secs] 
2014-07-09T16:37:27.416+0200: 65.401: [GC (Allocation Failure) 65.401: [ParNew: 36589K->2226K(39296K), 0.0012399 secs] 104390K->70028K(126720K), 0.0013407 secs] [Times: user=0.03 sys=0.00, real=0.00 secs] 
2014-07-09T16:37:27.525+0200: 65.510: [GC (Allocation Failure) 65.510: [ParNew: 37159K->4327K(39296K), 0.0065303 secs] 104961K->72144K(126720K), 0.0068108 secs] [Times: user=0.03 sys=0.00, real=0.01 secs] 
2014-07-09T16:37:27.667+0200: 65.652: [GC (Allocation Failure) 65.652: [ParNew: 39269K->4329K(39296K), 0.0038276 secs] 107086K->72726K(126720K), 0.0039775 secs] [Times: user=0.00 sys=0.00, real=0.00 secs] 
2014-07-09T16:37:27.818+0200: 65.803: [GC (Allocation Failure) 65.803: [ParNew: 39262K->4328K(39296K), 0.0057278 secs] 107659K->75420K(126720K), 0.0058858 secs] [Times: user=0.03 sys=0.00, real=0.01 secs] 
2014-07-09T16:37:27.926+0200: 65.911: [GC (Allocation Failure) 65.911: [ParNew: 39264K->4328K(39296K), 0.0062059 secs] 110357K->79202K(126720K), 0.0064273 secs] [Times: user=0.01 sys=0.00, real=0.01 secs] 
2014-07-09T16:37:28.117+0200: 66.102: [GC (Allocation Failure) 66.102: [ParNew: 39261K->2024K(39296K), 0.0028762 secs] 114135K->76903K(126720K), 0.0030991 secs] [Times: user=0.03 sys=0.00, real=0.00 secs] 
2014-07-09T16:37:28.219+0200: 66.204: [GC (Allocation Failure) 66.204: [ParNew: 36942K->1933K(39296K), 0.0018405 secs] 111822K->76812K(126720K), 0.0019724 secs] [Times: user=0.00 sys=0.00, real=0.00 secs] 
2014-07-09T16:37:28.368+0200: 66.353: [GC (Allocation Failure) 66.353: [ParNew: 36866K->4050K(39296K), 0.0051005 secs] 111745K->78929K(126720K), 0.0053784 secs] [Times: user=0.03 sys=0.00, real=0.00 secs] 
2014-07-09T16:37:28.519+0200: 66.504: [GC (Allocation Failure) 66.504: [ParNew: 38988K->4328K(39296K), 0.0068775 secs] 113868K->80023K(126720K), 0.0073743 secs] [Times: user=0.03 sys=0.00, real=0.01 secs] 
2014-07-09T16:37:28.623+0200: 66.608: [GC (Allocation Failure) 66.608: [ParNew: 39270K->4329K(39296K), 0.0044186 secs] 114965K->81405K(126720K), 0.0045806 secs] [Times: user=0.00 sys=0.00, real=0.00 secs] 
2014-07-09T16:37:28.768+0200: 66.753: [GC (Allocation Failure) 66.753: [ParNew: 39262K->4328K(39296K), 0.0065336 secs] 116338K->84899K(126720K), 0.0067309 secs] [Times: user=0.03 sys=0.00, real=0.01 secs] 
2014-07-09T16:37:28.775+0200: 66.760: [GC (CMS Initial Mark) [1 CMS-initial-mark: 80571K(87424K)] 84931K(126720K), 0.0002629 secs] [Times: user=0.00 sys=0.00, real=0.00 secs] 
2014-07-09T16:37:28.776+0200: 66.761: [CMS-concurrent-mark-start]
2014-07-09T16:37:28.777+0200: 66.762: [CMS-concurrent-mark: 0.002/0.002 secs] [Times: user=0.00 sys=0.00, real=0.00 secs] 
2014-07-09T16:37:28.778+0200: 66.762: [CMS-concurrent-preclean-start]
2014-07-09T16:37:28.778+0200: 66.763: [CMS-concurrent-preclean: 0.000/0.000 secs] [Times: user=0.00 sys=0.00, real=0.00 secs] 
2014-07-09T16:37:28.778+0200: 66.763: [GC (CMS Final Remark) [YG occupancy: 4714 K (39296 K)]66.763: [Rescan (parallel) , 0.0002970 secs]66.763: [weak refs processing, 0.0000396 secs]66.763: [class unloading, 0.0005118 secs]66.764: [scrub symbol table, 0.0007146 secs]66.765: [scrub string table, 0.0002321 secs][1 CMS-remark: 80571K(87424K)] 85285K(126720K), 0.0019845 secs] [Times: user=0.00 sys=0.00, real=0.00 secs] 
2014-07-09T16:37:28.780+0200: 66.765: [CMS-concurrent-sweep-start]
2014-07-09T16:37:28.781+0200: 66.766: [CMS-concurrent-sweep: 0.001/0.001 secs] [Times: user=0.00 sys=0.00, real=0.00 secs] 
2014-07-09T16:37:28.781+0200: 66.766: [CMS-concurrent-reset-start]
2014-07-09T16:37:28.782+0200: 66.767: [CMS-concurrent-reset: 0.000/0.000 secs] [Times: user=0.00 sys=0.00, real=0.00 secs] 
2014-07-09T16:37:28.921+0200: 66.906: [GC (Allocation Failure) 66.906: [ParNew: 39240K->167K(39296K), 0.0016509 secs] 43229K->4161K(126720K), 0.0018658 secs] [Times: user=0.00 sys=0.00, real=0.00 secs] 
2014-07-09T16:37:29.066+0200: 67.051: [GC (Allocation Failure) 67.051: [ParNew: 35100K->2286K(39296K), 0.0011838 secs] 39094K->6279K(126720K), 0.0013155 secs] [Times: user=0.00 sys=0.00, real=0.00 secs] 
2014-07-09T16:37:29.217+0200: 67.202: [GC (Allocation Failure) 67.202: [ParNew: 37202K->2696K(39296K), 0.0018276 secs] 41196K->6700K(126720K), 0.0019750 secs] [Times: user=0.00 sys=0.00, real=0.00 secs] 
2014-07-09T16:37:29.321+0200: 67.306: [GC (Allocation Failure) 67.306: [ParNew: 37629K->4328K(39296K), 0.0041058 secs] 41633K->8818K(126720K), 0.0042749 secs] [Times: user=0.00 sys=0.00, real=0.00 secs] 
2014-07-09T16:37:29.469+0200: 67.454: [GC (Allocation Failure) 67.454: [ParNew: 39264K->4328K(39296K), 0.0083217 secs] 43755K->10391K(126720K), 0.0085944 secs] [Times: user=0.03 sys=0.00, real=0.01 secs] 
2014-07-09T16:37:29.620+0200: 67.605: [GC (Allocation Failure) 67.605: [ParNew: 39261K->4327K(39296K), 0.0166334 secs] 45324K->14077K(126720K), 0.0168204 secs] [Times: user=0.01 sys=0.00, real=0.02 secs] 
2014-07-09T16:37:29.729+0200: 67.714: [GC (Allocation Failure) 67.714: [ParNew: 39243K->4330K(39296K), 0.0098223 secs] 48993K->17798K(126720K), 0.0100998 secs] [Times: user=0.00 sys=0.00, real=0.01 secs] 
2014-07-09T16:37:29.916+0200: 67.901: [GC (Allocation Failure) 67.901: [ParNew: 39268K->935K(39296K), 0.0011435 secs] 52737K->14410K(126720K), 0.0012616 secs] [Times: user=0.00 sys=0.00, real=0.00 secs] 
2014-07-09T16:37:30.024+0200: 68.009: [GC (Allocation Failure) 68.009: [ParNew: 35868K->3052K(39296K), 0.0042994 secs] 49343K->16527K(126720K), 0.0046396 secs] [Times: user=0.00 sys=0.00, real=0.01 secs] 
2014-07-09T16:37:30.168+0200: 68.153: [GC (Allocation Failure) 68.153: [ParNew: 37967K->3464K(39296K), 0.0040530 secs] 51442K->16949K(126720K), 0.0043874 secs] [Times: user=0.00 sys=0.00, real=0.00 secs] 
2014-07-09T16:37:30.319+0200: 68.304: [GC (Allocation Failure) 68.304: [ParNew: 38397K->4328K(39296K), 0.0073626 secs] 51882K->19067K(126720K), 0.0076412 secs] [Times: user=0.00 sys=0.00, real=0.01 secs] 
2014-07-09T16:37:30.422+0200: 68.407: [GC (Allocation Failure) 68.407: [ParNew: 39270K->4328K(39296K), 0.0052160 secs] 54009K->20897K(126720K), 0.0054070 secs] [Times: user=0.00 sys=0.00, real=0.01 secs] 
2014-07-09T16:37:30.616+0200: 68.601: [GC (Allocation Failure) 68.601: [ParNew: 39261K->70K(39296K), 0.0009371 secs] 55830K->16644K(126720K), 0.0010317 secs] [Times: user=0.00 sys=0.00, real=0.00 secs] 
2014-07-09T16:37:30.720+0200: 68.705: [GC (Allocation Failure) 68.705: [ParNew: 35012K->652K(39296K), 0.0011846 secs] 51586K->17226K(126720K), 0.0013250 secs] [Times: user=0.00 sys=0.00, real=0.00 secs] 
2014-07-09T16:37:30.868+0200: 68.853: [GC (Allocation Failure) 68.853: [ParNew: 35585K->2769K(39296K), 0.0031412 secs] 52159K->19343K(126720K), 0.0033715 secs] [Times: user=0.00 sys=0.00, real=0.00 secs] 
2014-07-09T16:37:31.018+0200: 69.003: [GC (Allocation Failure) 69.003: [ParNew: 37706K->3847K(39296K), 0.0053087 secs] 54279K->20435K(126720K), 0.0055804 secs] [Times: user=0.03 sys=0.00, real=0.01 secs] 
2014-07-09T16:37:31.126+0200: 69.111: [GC (Allocation Failure) 69.112: [ParNew: 38780K->4328K(39296K), 0.0082212 secs] 55368K->22553K(126720K), 0.0085761 secs] [Times: user=0.03 sys=0.00, real=0.01 secs] 
2014-07-09T16:37:31.268+0200: 69.253: [GC (Allocation Failure) 69.253: [ParNew: 39252K->4329K(39296K), 0.0046231 secs] 57477K->24095K(126720K), 0.0047885 secs] [Times: user=0.03 sys=0.00, real=0.01 secs] 
2014-07-09T16:37:31.418+0200: 69.403: [GC (Allocation Failure) 69.403: [ParNew: 39267K->4328K(39296K), 0.0053872 secs] 59034K->26726K(126720K), 0.0055327 secs] [Times: user=0.00 sys=0.00, real=0.01 secs] 
2014-07-09T16:37:31.566+0200: 69.551: [GC (Allocation Failure) 69.551: [ParNew: 39261K->871K(39296K), 0.0016843 secs] 61659K->23274K(126720K), 0.0018133 secs] [Times: user=0.03 sys=0.00, real=0.00 secs] 
2014-07-09T16:37:31.716+0200: 69.702: [GC (Allocation Failure) 69.702: [ParNew: 35813K->1452K(39296K), 0.0015446 secs] 58217K->23856K(126720K), 0.0016978 secs] [Times: user=0.00 sys=0.00, real=0.00 secs] 
2014-07-09T16:37:31.824+0200: 69.809: [GC (Allocation Failure) 69.810: [ParNew: 36385K->3569K(39296K), 0.0051786 secs] 58789K->25973K(126720K), 0.0054803 secs] [Times: user=0.00 sys=0.00, real=0.01 secs] 
2014-07-09T16:37:31.968+0200: 69.954: [GC (Allocation Failure) 69.954: [ParNew: 38513K->4137K(39296K), 0.0052321 secs] 60917K->26555K(126720K), 0.0055045 secs] [Times: user=0.03 sys=0.00, real=0.00 secs] 
2014-07-09T16:37:32.119+0200: 70.104: [GC (Allocation Failure) 70.104: [ParNew: 39070K->4328K(39296K), 0.0082362 secs] 61488K->28672K(126720K), 0.0085262 secs] [Times: user=0.00 sys=0.02, real=0.01 secs] 
2014-07-09T16:37:32.223+0200: 70.208: [GC (Allocation Failure) 70.208: [ParNew: 39246K->4329K(39296K), 0.0052618 secs] 63590K->31015K(126720K), 0.0054481 secs] [Times: user=0.00 sys=0.00, real=0.00 secs] 
2014-07-09T16:37:32.369+0200: 70.354: [GC (Allocation Failure) 70.354: [ParNew: 39268K->4331K(39296K), 0.0068328 secs] 65954K->34448K(126720K), 0.0069791 secs] [Times: user=0.00 sys=0.00, real=0.01 secs] 
2014-07-09T16:37:32.522+0200: 70.508: [GC (Allocation Failure) 70.508: [ParNew: 39264K->1670K(39296K), 0.0029642 secs] 69381K->31794K(126720K), 0.0032347 secs] [Times: user=0.00 sys=0.00, real=0.00 secs] 
2014-07-09T16:37:32.667+0200: 70.652: [GC (Allocation Failure) 70.652: [ParNew: 36586K->1708K(39296K), 0.0034657 secs] 66710K->31832K(126720K), 0.0036842 secs] [Times: user=0.00 sys=0.00, real=0.00 secs] 
2014-07-09T16:37:32.823+0200: 70.808: [GC (Allocation Failure) 70.808: [ParNew: 36641K->3826K(39296K), 0.0047229 secs] 66765K->33949K(126720K), 0.0049846 secs] [Times: user=0.00 sys=0.00, real=0.01 secs] 
2014-07-09T16:37:32.921+0200: 70.906: [GC (Allocation Failure) 70.906: [ParNew: 38764K->4327K(39296K), 0.0048292 secs] 68888K->35041K(126720K), 0.0050132 secs] [Times: user=0.03 sys=0.00, real=0.01 secs] 
2014-07-09T16:37:33.070+0200: 71.055: [GC (Allocation Failure) 71.056: [ParNew: 39260K->4327K(39296K), 0.0095425 secs] 69974K->37735K(126720K), 0.0098344 secs] [Times: user=0.03 sys=0.00, real=0.01 secs] 
2014-07-09T16:37:33.221+0200: 71.206: [GC (Allocation Failure) 71.206: [ParNew: 39245K->4329K(39296K), 0.0097086 secs] 72653K->40847K(126720K), 0.0100118 secs] [Times: user=0.00 sys=0.00, real=0.01 secs] 
2014-07-09T16:37:33.366+0200: 71.352: [GC (Allocation Failure) 71.352: [ParNew: 39262K->1351K(39296K), 0.0013631 secs] 75780K->37875K(126720K), 0.0015050 secs] [Times: user=0.00 sys=0.00, real=0.00 secs] 
2014-07-09T16:37:33.516+0200: 71.501: [GC (Allocation Failure) 71.501: [ParNew: 36293K->1932K(39296K), 0.0012909 secs] 72818K->38456K(126720K), 0.0014086 secs] [Times: user=0.03 sys=0.00, real=0.00 secs] 
2014-07-09T16:37:33.624+0200: 71.609: [GC (Allocation Failure) 71.610: [ParNew: 36865K->4051K(39296K), 0.0060163 secs] 73389K->40575K(126720K), 0.0063481 secs] [Times: user=0.03 sys=0.00, real=0.01 secs] 
2014-07-09T16:37:33.768+0200: 71.753: [GC (Allocation Failure) 71.754: [ParNew: 38963K->4329K(39296K), 0.0060691 secs] 75487K->41124K(126720K), 0.0063181 secs] [Times: user=0.00 sys=0.00, real=0.01 secs] 
2014-07-09T16:37:33.919+0200: 71.904: [GC (Allocation Failure) 71.904: [ParNew: 39265K->4328K(39296K), 0.0078084 secs] 76061K->42473K(126720K), 0.0080845 secs] [Times: user=0.03 sys=0.00, real=0.01 secs] 
2014-07-09T16:37:34.023+0200: 72.008: [GC (Allocation Failure) 72.008: [ParNew: 39261K->4327K(39296K), 0.0066246 secs] 77406K->45935K(126720K), 0.0068196 secs] [Times: user=0.00 sys=0.00, real=0.01 secs] 
2014-07-09T16:37:34.171+0200: 72.156: [GC (Allocation Failure) 72.156: [ParNew: 39251K->4329K(39296K), 0.0103553 secs] 80859K->49303K(126720K), 0.0106549 secs] [Times: user=0.03 sys=0.00, real=0.01 secs] 
2014-07-09T16:37:34.322+0200: 72.308: [GC (Allocation Failure) 72.308: [ParNew: 39262K->1607K(39296K), 0.0029502 secs] 84236K->46588K(126720K), 0.0032171 secs] [Times: user=0.00 sys=0.00, real=0.00 secs] 
2014-07-09T16:37:34.468+0200: 72.452: [GC (Allocation Failure) 72.452: [ParNew: 36546K->2700K(39296K), 0.0034378 secs] 81526K->47680K(126720K), 0.0037238 secs] [Times: user=0.03 sys=0.00, real=0.00 secs] 
2014-07-09T16:37:34.617+0200: 72.602: [GC (Allocation Failure) 72.602: [ParNew: 37633K->4327K(39296K), 0.0038529 secs] 82613K->49798K(126720K), 0.0040058 secs] [Times: user=0.00 sys=0.00, real=0.00 secs] 
2014-07-09T16:37:34.721+0200: 72.705: [GC (Allocation Failure) 72.705: [ParNew: 39269K->4329K(39296K), 0.0042653 secs] 84740K->50860K(126720K), 0.0044105 secs] [Times: user=0.00 sys=0.00, real=0.00 secs] 
2014-07-09T16:37:34.868+0200: 72.853: [GC (Allocation Failure) 72.853: [ParNew: 39262K->4327K(39296K), 0.0059291 secs] 85793K->54033K(126720K), 0.0061406 secs] [Times: user=0.00 sys=0.02, real=0.01 secs] 
2014-07-09T16:37:35.032+0200: 73.017: [GC (Allocation Failure) 73.017: [ParNew: 39240K->4330K(39296K), 0.0060193 secs] 88947K->57754K(126720K), 0.0062059 secs] [Times: user=0.00 sys=0.00, real=0.01 secs] 
2014-07-09T16:37:35.166+0200: 73.150: [GC (Allocation Failure) 73.150: [ParNew: 39248K->265K(39296K), 0.0008619 secs] 92673K->53696K(126720K), 0.0009771 secs] [Times: user=0.00 sys=0.00, real=0.00 secs] 
2014-07-09T16:37:35.318+0200: 73.303: [GC (Allocation Failure) 73.303: [ParNew: 35198K->2381K(39296K), 0.0030874 secs] 88629K->55812K(126720K), 0.0033777 secs] [Times: user=0.00 sys=0.00, real=0.00 secs] 
2014-07-09T16:37:35.420+0200: 73.405: [GC (Allocation Failure) 73.405: [ParNew: 37317K->3462K(39296K), 0.0032641 secs] 90749K->56905K(126720K), 0.0034492 secs] [Times: user=0.03 sys=0.00, real=0.00 secs] 
2014-07-09T16:37:35.568+0200: 73.552: [GC (Allocation Failure) 73.552: [ParNew: 38395K->4327K(39296K), 0.0046972 secs] 91838K->59023K(126720K), 0.0048695 secs] [Times: user=0.00 sys=0.00, real=0.00 secs] 
2014-07-09T16:37:35.718+0200: 73.703: [GC (Allocation Failure) 73.703: [ParNew: 39243K->4328K(39296K), 0.0039981 secs] 93939K->60309K(126720K), 0.0041656 secs] [Times: user=0.00 sys=0.00, real=0.00 secs] 
2014-07-09T16:37:35.829+0200: 73.813: [GC (Allocation Failure) 73.813: [ParNew: 39261K->4328K(39296K), 0.0095169 secs] 95242K->63708K(126720K), 0.0098468 secs] [Times: user=0.00 sys=0.00, real=0.01 secs] 
2014-07-09T16:37:36.017+0200: 74.001: [GC (Allocation Failure) 74.001: [ParNew: 39266K->615K(39296K), 0.0016480 secs] 98647K->60000K(126720K), 0.0018812 secs] [Times: user=0.00 sys=0.00, real=0.00 secs] 
2014-07-09T16:37:36.124+0200: 74.108: [GC (Allocation Failure) 74.108: [ParNew: 35548K->2732K(39296K), 0.0037869 secs] 94933K->62117K(126720K), 0.0041308 secs] [Times: user=0.00 sys=0.00, real=0.00 secs] 
2014-07-09T16:37:36.267+0200: 74.251: [GC (Allocation Failure) 74.251: [ParNew: 37647K->3144K(39296K), 0.0023592 secs] 97032K->62539K(126720K), 0.0025286 secs] [Times: user=0.00 sys=0.00, real=0.00 secs] 
2014-07-09T16:37:36.417+0200: 74.401: [GC (Allocation Failure) 74.401: [ParNew: 38086K->3719K(39296K), 0.0024450 secs] 97481K->63120K(126720K), 0.0025843 secs] [Times: user=0.03 sys=0.00, real=0.00 secs] 
2014-07-09T16:37:36.526+0200: 74.510: [GC (Allocation Failure) 74.510: [ParNew: 38652K->4328K(39296K), 0.0083099 secs] 98053K->65239K(126720K), 0.0086168 secs] [Times: user=0.03 sys=0.00, real=0.01 secs] 
2014-07-09T16:37:36.667+0200: 74.652: [GC (Allocation Failure) 74.652: [ParNew: 39240K->4329K(39296K), 0.0051078 secs] 100151K->67293K(126720K), 0.0052809 secs] [Times: user=0.03 sys=0.00, real=0.01 secs] 
2014-07-09T16:37:36.823+0200: 74.807: [GC (Allocation Failure) 74.807: [ParNew: 39262K->295K(39296K), 0.0010163 secs] 102226K->63265K(126720K), 0.0011728 secs] [Times: user=0.00 sys=0.00, real=0.00 secs] 
2014-07-09T16:37:36.966+0200: 74.951: [GC (Allocation Failure) 74.951: [ParNew: 35231K->1387K(39296K), 0.0017165 secs] 98201K->64357K(126720K), 0.0018419 secs] [Times: user=0.00 sys=0.00, real=0.00 secs] 
2014-07-09T16:37:37.118+0200: 75.102: [GC (Allocation Failure) 75.103: [ParNew: 36320K->3504K(39296K), 0.0046283 secs] 99290K->66474K(126720K), 0.0048857 secs] [Times: user=0.03 sys=0.00, real=0.00 secs] 
2014-07-09T16:37:37.225+0200: 75.210: [GC (Allocation Failure) 75.210: [ParNew: 38425K->3401K(39296K), 0.0046418 secs] 101395K->66385K(126720K), 0.0050374 secs] [Times: user=0.03 sys=0.00, real=0.01 secs] 
2014-07-09T16:37:37.368+0200: 75.353: [GC (Allocation Failure) 75.353: [ParNew: 38340K->4328K(39296K), 0.0034965 secs] 101323K->67478K(126720K), 0.0037073 secs] [Times: user=0.03 sys=0.00, real=0.00 secs] 
2014-07-09T16:37:37.519+0200: 75.504: [GC (Allocation Failure) 75.504: [ParNew: 39261K->4328K(39296K), 0.0090483 secs] 102411K->69756K(126720K), 0.0093457 secs] [Times: user=0.03 sys=0.00, real=0.01 secs] 
2014-07-09T16:37:37.623+0200: 75.607: [GC (Allocation Failure) 75.607: [ParNew: 39264K->6K(39296K), 0.0008575 secs] 104692K->65438K(126720K), 0.0009628 secs] [Times: user=0.00 sys=0.00, real=0.00 secs] 
2014-07-09T16:37:37.817+0200: 75.801: [GC (Allocation Failure) 75.801: [ParNew: 34943K->1100K(39296K), 0.0019493 secs] 100375K->66532K(126720K), 0.0021415 secs] [Times: user=0.00 sys=0.00, real=0.00 secs] 
2014-07-09T16:37:37.923+0200: 75.908: [GC (Allocation Failure) 75.908: [ParNew: 36042K->1681K(39296K), 0.0029154 secs] 101475K->67114K(126720K), 0.0031775 secs] [Times: user=0.00 sys=0.00, real=0.00 secs] 
2014-07-09T16:37:38.068+0200: 76.052: [GC (Allocation Failure) 76.053: [ParNew: 36615K->3798K(39296K), 0.0045348 secs] 102047K->69230K(126720K), 0.0047973 secs] [Times: user=0.03 sys=0.00, real=0.00 secs] 
2014-07-09T16:37:38.217+0200: 76.202: [GC (Allocation Failure) 76.202: [ParNew: 38715K->4201K(39296K), 0.0031438 secs] 104147K->69650K(126720K), 0.0033033 secs] [Times: user=0.00 sys=0.00, real=0.00 secs] 
2014-07-09T16:37:38.328+0200: 76.312: [GC (Allocation Failure) 76.312: [ParNew: 39134K->4328K(39296K), 0.0082861 secs] 104583K->71768K(126720K), 0.0085787 secs] [Times: user=0.00 sys=0.00, real=0.01 secs] 
2014-07-09T16:37:38.469+0200: 76.453: [GC (Allocation Failure) 76.454: [ParNew: 39264K->4328K(39296K), 0.0058612 secs] 106705K->74846K(126720K), 0.0060438 secs] [Times: user=0.00 sys=0.00, real=0.01 secs] 
2014-07-09T16:37:38.620+0200: 76.604: [GC (Allocation Failure) 76.604: [ParNew: 39269K->295K(39296K), 0.0011475 secs] 109787K->70818K(126720K), 0.0012245 secs] [Times: user=0.00 sys=0.00, real=0.00 secs] 
2014-07-09T16:37:38.767+0200: 76.751: [GC (Allocation Failure) 76.751: [ParNew: 35235K->1388K(39296K), 0.0021180 secs] 105758K->71911K(126720K), 0.0023211 secs] [Times: user=0.00 sys=0.00, real=0.00 secs] 
2014-07-09T16:37:38.917+0200: 76.902: [GC (Allocation Failure) 76.902: [ParNew: 36327K->2483K(39296K), 0.0028615 secs] 106850K->73006K(126720K), 0.0031075 secs] [Times: user=0.00 sys=0.00, real=0.00 secs] 
2014-07-09T16:37:39.025+0200: 77.010: [GC (Allocation Failure) 77.010: [ParNew: 37416K->4328K(39296K), 0.0061886 secs] 107939K->75122K(126720K), 0.0064911 secs] [Times: user=0.00 sys=0.00, real=0.01 secs] 
2014-07-09T16:37:39.169+0200: 77.154: [GC (Allocation Failure) 77.154: [ParNew: 39244K->4329K(39296K), 0.0070418 secs] 110038K->75799K(126720K), 0.0073461 secs] [Times: user=0.00 sys=0.00, real=0.01 secs] 
2014-07-09T16:37:39.320+0200: 77.305: [GC (Allocation Failure) 77.305: [ParNew: 39262K->4328K(39296K), 0.0096144 secs] 110732K->78590K(126720K), 0.0099143 secs] [Times: user=0.03 sys=0.00, real=0.01 secs] 
2014-07-09T16:37:39.422+0200: 77.408: [GC (Allocation Failure) 77.408: [ParNew: 39270K->4328K(39296K), 0.0064046 secs] 113532K->81956K(126720K), 0.0066477 secs] [Times: user=0.00 sys=0.00, real=0.01 secs] 
2014-07-09T16:37:39.616+0200: 77.602: [GC (Allocation Failure) 77.602: [ParNew: 39261K->1607K(39296K), 0.0012410 secs] 116889K->79241K(126720K), 0.0013550 secs] [Times: user=0.03 sys=0.00, real=0.00 secs] 
2014-07-09T16:37:39.726+0200: 77.712: [GC (Allocation Failure) 77.712: [ParNew: 36520K->2157K(39296K), 0.0034411 secs] 114153K->79790K(126720K), 0.0036971 secs] [Times: user=0.00 sys=0.00, real=0.00 secs] 
2014-07-09T16:37:39.869+0200: 77.854: [GC (Allocation Failure) 77.854: [ParNew: 37093K->3249K(39296K), 0.0039214 secs] 114727K->80883K(126720K), 0.0041843 secs] [Times: user=0.00 sys=0.00, real=0.00 secs] 
2014-07-09T16:37:40.019+0200: 78.004: [GC (Allocation Failure) 78.004: [ParNew: 38182K->4328K(39296K), 0.0072398 secs] 115816K->83000K(126720K), 0.0075235 secs] [Times: user=0.03 sys=0.00, real=0.01 secs] 
2014-07-09T16:37:40.123+0200: 78.109: [GC (Allocation Failure) 78.109: [ParNew: 39261K->4328K(39296K), 0.0047845 secs] 117933K->86142K(126720K), 0.0051056 secs] [Times: user=0.00 sys=0.00, real=0.01 secs] 
2014-07-09T16:37:40.129+0200: 78.114: [GC (CMS Initial Mark) [1 CMS-initial-mark: 81814K(87424K)] 86208K(126720K), 0.0001690 secs] [Times: user=0.00 sys=0.00, real=0.00 secs] 
2014-07-09T16:37:40.129+0200: 78.115: [CMS-concurrent-mark-start]
2014-07-09T16:37:40.130+0200: 78.116: [CMS-concurrent-mark: 0.001/0.001 secs] [Times: user=0.00 sys=0.00, real=0.00 secs] 
2014-07-09T16:37:40.131+0200: 78.116: [CMS-concurrent-preclean-start]
2014-07-09T16:37:40.131+0200: 78.116: [CMS-concurrent-preclean: 0.000/0.000 secs] [Times: user=0.00 sys=0.00, real=0.00 secs] 
2014-07-09T16:37:40.131+0200: 78.116: [CMS-concurrent-abortable-preclean-start]
2014-07-09T16:37:40.268+0200: 78.254: [GC (Allocation Failure) 78.254: [ParNew: 39249K->4330K(39296K), 0.0058722 secs] 121063K->89190K(126720K), 0.0060332 secs] [Times: user=0.03 sys=0.00, real=0.01 secs] 
2014-07-09T16:37:40.274+0200: 78.260: [CMS-concurrent-abortable-preclean: 0.001/0.143 secs] [Times: user=0.03 sys=0.00, real=0.14 secs] 
2014-07-09T16:37:40.274+0200: 78.260: [GC (CMS Final Remark) [YG occupancy: 4588 K (39296 K)]78.260: [Rescan (parallel) , 0.0003065 secs]78.260: [weak refs processing, 0.0000275 secs]78.260: [class unloading, 0.0005048 secs]78.261: [scrub symbol table, 0.0006200 secs]78.261: [scrub string table, 0.0002167 secs][1 CMS-remark: 84860K(87424K)] 89448K(126720K), 0.0018053 secs] [Times: user=0.00 sys=0.00, real=0.00 secs] 
2014-07-09T16:37:40.276+0200: 78.262: [CMS-concurrent-sweep-start]
2014-07-09T16:37:40.277+0200: 78.263: [CMS-concurrent-sweep: 0.001/0.001 secs] [Times: user=0.00 sys=0.00, real=0.00 secs] 
2014-07-09T16:37:40.277+0200: 78.263: [CMS-concurrent-reset-start]
2014-07-09T16:37:40.278+0200: 78.263: [CMS-concurrent-reset: 0.000/0.000 secs] [Times: user=0.00 sys=0.00, real=0.00 secs] 
2014-07-09T16:37:40.419+0200: 78.404: [GC (Allocation Failure) 78.404: [ParNew: 39268K->262K(39296K), 0.0011794 secs] 45968K->6968K(126720K), 0.0013067 secs] [Times: user=0.00 sys=0.00, real=0.00 secs] 
2014-07-09T16:37:40.567+0200: 78.552: [GC (Allocation Failure) 78.552: [ParNew: 35195K->2380K(39296K), 0.0015886 secs] 41901K->9086K(126720K), 0.0017345 secs] [Times: user=0.03 sys=0.00, real=0.00 secs] 
2014-07-09T16:37:40.716+0200: 78.702: [GC (Allocation Failure) 78.702: [ParNew: 37322K->2952K(39296K), 0.0015530 secs] 44028K->9668K(126720K), 0.0016733 secs] [Times: user=0.00 sys=0.00, real=0.00 secs] 
2014-07-09T16:37:40.826+0200: 78.813: [GC (Allocation Failure) 78.813: [ParNew: 37885K->4328K(39296K), 0.0069468 secs] 44601K->11786K(126720K), 0.0072519 secs] [Times: user=0.00 sys=0.00, real=0.01 secs] 
2014-07-09T16:37:40.969+0200: 78.956: [GC (Allocation Failure) 78.956: [ParNew: 39270K->4328K(39296K), 0.0076581 secs] 46728K->13102K(126720K), 0.0079297 secs] [Times: user=0.03 sys=0.00, real=0.01 secs] 
2014-07-09T16:37:41.121+0200: 79.107: [GC (Allocation Failure) 79.107: [ParNew: 39261K->4328K(39296K), 0.0103843 secs] 48035K->16534K(126720K), 0.0106882 secs] [Times: user=0.03 sys=0.00, real=0.01 secs] 
2014-07-09T16:37:41.225+0200: 79.211: [GC (Allocation Failure) 79.211: [ParNew: 39246K->4330K(39296K), 0.0056633 secs] 51452K->20382K(126720K), 0.0058477 secs] [Times: user=0.00 sys=0.00, real=0.01 secs] 
2014-07-09T16:37:41.416+0200: 79.403: [GC (Allocation Failure) 79.403: [ParNew: 39268K->1063K(39296K), 0.0008088 secs] 55320K->17121K(126720K), 0.0008843 secs] [Times: user=0.00 sys=0.00, real=0.00 secs] 
2014-07-09T16:37:41.525+0200: 79.512: [GC (Allocation Failure) 79.512: [ParNew: 35996K->3180K(39296K), 0.0041924 secs] 52054K->19238K(126720K), 0.0046833 secs] [Times: user=0.00 sys=0.00, real=0.00 secs] 
2014-07-09T16:37:41.666+0200: 79.653: [GC (Allocation Failure) 79.653: [ParNew: 38096K->3208K(39296K), 0.0018856 secs] 54154K->19276K(126720K), 0.0020175 secs] [Times: user=0.00 sys=0.00, real=0.00 secs] 
2014-07-09T16:37:41.817+0200: 79.804: [GC (Allocation Failure) 79.804: [ParNew: 38141K->4328K(39296K), 0.0044087 secs] 54209K->21394K(126720K), 0.0045579 secs] [Times: user=0.00 sys=0.00, real=0.01 secs] 
2014-07-09T16:37:41.927+0200: 79.914: [GC (Allocation Failure) 79.914: [ParNew: 39266K->4328K(39296K), 0.0081556 secs] 56333K->23480K(126720K), 0.0086344 secs] [Times: user=0.00 sys=0.00, real=0.01 secs] 
2014-07-09T16:37:42.116+0200: 80.103: [GC (Allocation Failure) 80.103: [ParNew: 39261K->327K(39296K), 0.0014867 secs] 58413K->19484K(126720K), 0.0016733 secs] [Times: user=0.00 sys=0.00, real=0.00 secs] 
2014-07-09T16:37:42.221+0200: 80.208: [GC (Allocation Failure) 80.208: [ParNew: 35242K->748K(39296K), 0.0022371 secs] 54399K->19905K(126720K), 0.0025041 secs] [Times: user=0.00 sys=0.02, real=0.00 secs] 
2014-07-09T16:37:42.366+0200: 80.353: [GC (Allocation Failure) 80.353: [ParNew: 35681K->2865K(39296K), 0.0017202 secs] 54838K->22022K(126720K), 0.0018617 secs] [Times: user=0.00 sys=0.00, real=0.00 secs] 
2014-07-09T16:37:42.518+0200: 80.505: [GC (Allocation Failure) 80.505: [ParNew: 37807K->3431K(39296K), 0.0039918 secs] 56964K->22603K(126720K), 0.0042419 secs] [Times: user=0.00 sys=0.00, real=0.00 secs] 
2014-07-09T16:37:42.623+0200: 80.609: [GC (Allocation Failure) 80.609: [ParNew: 38364K->4327K(39296K), 0.0042969 secs] 57536K->24720K(126720K), 0.0044574 secs] [Times: user=0.00 sys=0.00, real=0.00 secs] 
2014-07-09T16:37:42.769+0200: 80.756: [GC (Allocation Failure) 80.756: [ParNew: 39269K->4329K(39296K), 0.0081017 secs] 59662K->26519K(126720K), 0.0083825 secs] [Times: user=0.00 sys=0.00, real=0.01 secs] 
2014-07-09T16:37:42.919+0200: 80.906: [GC (Allocation Failure) 80.906: [ParNew: 39265K->4328K(39296K), 0.0057388 secs] 61456K->29405K(126720K), 0.0060486 secs] [Times: user=0.03 sys=0.00, real=0.01 secs] 
2014-07-09T16:37:43.066+0200: 81.053: [GC (Allocation Failure) 81.053: [ParNew: 39261K->1127K(39296K), 0.0019508 secs] 64338K->26209K(126720K), 0.0021741 secs] [Times: user=0.00 sys=0.00, real=0.00 secs] 
2014-07-09T16:37:43.217+0200: 81.204: [GC (Allocation Failure) 81.204: [ParNew: 36051K->1037K(39296K), 0.0019556 secs] 61133K->26119K(126720K), 0.0021448 secs] [Times: user=0.00 sys=0.00, real=0.00 secs] 
2014-07-09T16:37:43.320+0200: 81.307: [GC (Allocation Failure) 81.307: [ParNew: 35970K->3154K(39296K), 0.0026357 secs] 61052K->28237K(126720K), 0.0029414 secs] [Times: user=0.00 sys=0.00, real=0.00 secs] 
2014-07-09T16:37:43.467+0200: 81.454: [GC (Allocation Failure) 81.454: [ParNew: 38093K->4232K(39296K), 0.0033466 secs] 63175K->29330K(126720K), 0.0034958 secs] [Times: user=0.03 sys=0.00, real=0.00 secs] 
2014-07-09T16:37:43.619+0200: 81.606: [GC (Allocation Failure) 81.606: [ParNew: 39165K->4327K(39296K), 0.0054169 secs] 64263K->31447K(126720K), 0.0055910 secs] [Times: user=0.00 sys=0.00, real=0.01 secs] 
2014-07-09T16:37:43.728+0200: 81.715: [GC (Allocation Failure) 81.715: [ParNew: 39269K->4329K(39296K), 0.0099268 secs] 66389K->34046K(126720K), 0.0103011 secs] [Times: user=0.02 sys=0.00, real=0.01 secs] 
2014-07-09T16:37:43.872+0200: 81.858: [GC (Allocation Failure) 81.859: [ParNew: 39265K->840K(39296K), 0.0021961 secs] 68983K->30563K(126720K), 0.0024190 secs] [Times: user=0.00 sys=0.00, real=0.00 secs] 
2014-07-09T16:37:44.025+0200: 82.012: [GC (Allocation Failure) 82.012: [ParNew: 35779K->1419K(39296K), 0.0017877 secs] 65502K->31143K(126720K), 0.0019963 secs] [Times: user=0.00 sys=0.00, real=0.00 secs] 
2014-07-09T16:37:44.167+0200: 82.153: [GC (Allocation Failure) 82.153: [ParNew: 36337K->1842K(39296K), 0.0013690 secs] 66061K->31565K(126720K), 0.0014922 secs] [Times: user=0.00 sys=0.00, real=0.00 secs] 
2014-07-09T16:37:44.317+0200: 82.304: [GC (Allocation Failure) 82.304: [ParNew: 36775K->3958K(39296K), 0.0031284 secs] 66498K->33681K(126720K), 0.0032949 secs] [Times: user=0.00 sys=0.00, real=0.00 secs] 
2014-07-09T16:37:44.426+0200: 82.412: [GC (Allocation Failure) 82.412: [ParNew: 38896K->4328K(39296K), 0.0069241 secs] 68619K->34772K(126720K), 0.0073087 secs] [Times: user=0.00 sys=0.00, real=0.01 secs] 
2014-07-09T16:37:44.591+0200: 82.577: [GC (Allocation Failure) 82.577: [ParNew: 39261K->4328K(39296K), 0.0051093 secs] 69705K->37594K(126720K), 0.0053348 secs] [Times: user=0.03 sys=0.00, real=0.01 secs] 
2014-07-09T16:37:44.718+0200: 82.704: [GC (Allocation Failure) 82.704: [ParNew: 39244K->4329K(39296K), 0.0055148 secs] 72510K->40449K(126720K), 0.0056757 secs] [Times: user=0.03 sys=0.00, real=0.01 secs] 
2014-07-09T16:37:44.867+0200: 82.853: [GC (Allocation Failure) 82.853: [ParNew: 39262K->1094K(39296K), 0.0021349 secs] 75382K->37220K(126720K), 0.0023662 secs] [Times: user=0.00 sys=0.00, real=0.00 secs] 
2014-07-09T16:37:45.017+0200: 83.003: [GC (Allocation Failure) 83.003: [ParNew: 36033K->2188K(39296K), 0.0026170 secs] 72159K->38314K(126720K), 0.0028534 secs] [Times: user=0.00 sys=0.00, real=0.00 secs] 
2014-07-09T16:37:45.125+0200: 83.110: [GC (Allocation Failure) 83.111: [ParNew: 37121K->4296K(39296K), 0.0061666 secs] 73247K->40432K(126720K), 0.0064753 secs] [Times: user=0.00 sys=0.00, real=0.01 secs] 
2014-07-09T16:37:45.269+0200: 83.255: [GC (Allocation Failure) 83.255: [ParNew: 39214K->4329K(39296K), 0.0062176 secs] 75350K->40854K(126720K), 0.0064794 secs] [Times: user=0.00 sys=0.00, real=0.01 secs] 
2014-07-09T16:37:45.418+0200: 83.404: [GC (Allocation Failure) 83.404: [ParNew: 39271K->4328K(39296K), 0.0042356 secs] 75796K->41819K(126720K), 0.0043955 secs] [Times: user=0.03 sys=0.00, real=0.00 secs] 
2014-07-09T16:37:45.527+0200: 83.513: [GC (Allocation Failure) 83.513: [ParNew: 39261K->4328K(39296K), 0.0101185 secs] 76752K->44898K(126720K), 0.0104760 secs] [Times: user=0.03 sys=0.00, real=0.01 secs] 
2014-07-09T16:37:45.669+0200: 83.655: [GC (Allocation Failure) 83.655: [ParNew: 39270K->4329K(39296K), 0.0053905 secs] 79840K->48553K(126720K), 0.0055749 secs] [Times: user=0.01 sys=0.00, real=0.01 secs] 
2014-07-09T16:37:45.820+0200: 83.806: [GC (Allocation Failure) 83.806: [ParNew: 39262K->1895K(39296K), 0.0017979 secs] 83486K->46125K(126720K), 0.0019438 secs] [Times: user=0.00 sys=0.00, real=0.00 secs] 
2014-07-09T16:37:45.968+0200: 83.954: [GC (Allocation Failure) 83.954: [ParNew: 36834K->2988K(39296K), 0.0036061 secs] 81064K->47218K(126720K), 0.0038719 secs] [Times: user=0.00 sys=0.00, real=0.00 secs] 
2014-07-09T16:37:46.119+0200: 84.105: [GC (Allocation Failure) 84.105: [ParNew: 37921K->4328K(39296K), 0.0068013 secs] 82151K->49336K(126720K), 0.0070880 secs] [Times: user=0.03 sys=0.00, real=0.01 secs] 
2014-07-09T16:37:46.228+0200: 84.214: [GC (Allocation Failure) 84.214: [ParNew: 39252K->4330K(39296K), 0.0068339 secs] 84260K->50015K(126720K), 0.0071400 secs] [Times: user=0.03 sys=0.00, real=0.01 secs] 
2014-07-09T16:37:46.368+0200: 84.354: [GC (Allocation Failure) 84.354: [ParNew: 39266K->4328K(39296K), 0.0046631 secs] 84951K->51780K(126720K), 0.0048439 secs] [Times: user=0.03 sys=0.00, real=0.00 secs] 
2014-07-09T16:37:46.521+0200: 84.507: [GC (Allocation Failure) 84.507: [ParNew: 39261K->7K(39296K), 0.0015967 secs] 86713K->47464K(126720K), 0.0018086 secs] [Times: user=0.00 sys=0.00, real=0.00 secs] 
2014-07-09T16:37:46.666+0200: 84.652: [GC (Allocation Failure) 84.652: [ParNew: 34949K->588K(39296K), 0.0007164 secs] 82406K->48045K(126720K), 0.0007783 secs] [Times: user=0.00 sys=0.00, real=0.00 secs] 
2014-07-09T16:37:46.817+0200: 84.803: [GC (Allocation Failure) 84.803: [ParNew: 35521K->2705K(39296K), 0.0019156 secs] 82978K->50162K(126720K), 0.0020575 secs] [Times: user=0.00 sys=0.00, real=0.00 secs] 
2014-07-09T16:37:46.925+0200: 84.911: [GC (Allocation Failure) 84.911: [ParNew: 37647K->3271K(39296K), 0.0044787 secs] 85105K->50743K(126720K), 0.0047779 secs] [Times: user=0.00 sys=0.00, real=0.01 secs] 
2014-07-09T16:37:47.069+0200: 85.055: [GC (Allocation Failure) 85.055: [ParNew: 38204K->4328K(39296K), 0.0072951 secs] 85676K->52862K(126720K), 0.0075664 secs] [Times: user=0.03 sys=0.00, real=0.01 secs] 
2014-07-09T16:37:47.217+0200: 85.203: [GC (Allocation Failure) 85.203: [ParNew: 39246K->4328K(39296K), 0.0046323 secs] 87780K->54339K(126720K), 0.0047749 secs] [Times: user=0.00 sys=0.00, real=0.00 secs] 
2014-07-09T16:37:47.326+0200: 85.312: [GC (Allocation Failure) 85.312: [ParNew: 39261K->4328K(39296K), 0.0056123 secs] 89272K->57931K(126720K), 0.0058139 secs] [Times: user=0.00 sys=0.00, real=0.01 secs] 
2014-07-09T16:37:47.518+0200: 85.504: [GC (Allocation Failure) 85.504: [ParNew: 39266K->807K(39296K), 0.0020146 secs] 92869K->54414K(126720K), 0.0022163 secs] [Times: user=0.00 sys=0.00, real=0.00 secs] 
2014-07-09T16:37:47.622+0200: 85.608: [GC (Allocation Failure) 85.608: [ParNew: 35749K->1388K(39296K), 0.0014991 secs] 89356K->54995K(126720K), 0.0016128 secs] [Times: user=0.00 sys=0.00, real=0.00 secs] 
2014-07-09T16:37:47.767+0200: 85.753: [GC (Allocation Failure) 85.754: [ParNew: 36327K->2993K(39296K), 0.0036831 secs] 89934K->56600K(126720K), 0.0039599 secs] [Times: user=0.00 sys=0.00, real=0.00 secs] 
2014-07-09T16:37:47.917+0200: 85.903: [GC (Allocation Failure) 85.903: [ParNew: 37930K->4072K(39296K), 0.0031882 secs] 91537K->57694K(126720K), 0.0033385 secs] [Times: user=0.00 sys=0.00, real=0.00 secs] 
2014-07-09T16:37:48.026+0200: 86.012: [GC (Allocation Failure) 86.013: [ParNew: 39005K->4328K(39296K), 0.0082784 secs] 92627K->59812K(126720K), 0.0088448 secs] [Times: user=0.00 sys=0.00, real=0.01 secs] 
2014-07-09T16:37:48.171+0200: 86.157: [GC (Allocation Failure) 86.157: [ParNew: 39243K->4329K(39296K), 0.0088071 secs] 94727K->62090K(126720K), 0.0090916 secs] [Times: user=0.00 sys=0.00, real=0.01 secs] 
2014-07-09T16:37:48.321+0200: 86.307: [GC (Allocation Failure) 86.307: [ParNew: 39262K->519K(39296K), 0.0020480 secs] 97023K->58286K(126720K), 0.0022789 secs] [Times: user=0.03 sys=0.00, real=0.00 secs] 
2014-07-09T16:37:48.466+0200: 86.452: [GC (Allocation Failure) 86.452: [ParNew: 35461K->1099K(39296K), 0.0008575 secs] 93229K->58867K(126720K), 0.0009265 secs] [Times: user=0.00 sys=0.00, real=0.00 secs] 
2014-07-09T16:37:48.616+0200: 86.602: [GC (Allocation Failure) 86.603: [ParNew: 36032K->3218K(39296K), 0.0018262 secs] 93800K->60986K(126720K), 0.0019728 secs] [Times: user=0.00 sys=0.00, real=0.00 secs] 
2014-07-09T16:37:48.721+0200: 86.707: [GC (Allocation Failure) 86.707: [ParNew: 38161K->3784K(39296K), 0.0027688 secs] 95928K->61566K(126720K), 0.0029180 secs] [Times: user=0.00 sys=0.00, real=0.00 secs] 
2014-07-09T16:37:48.869+0200: 86.855: [GC (Allocation Failure) 86.856: [ParNew: 38717K->4328K(39296K), 0.0082212 secs] 96499K->63683K(126720K), 0.0084658 secs] [Times: user=0.00 sys=0.00, real=0.01 secs] 
2014-07-09T16:37:49.020+0200: 87.006: [GC (Allocation Failure) 87.006: [ParNew: 39266K->4328K(39296K), 0.0090003 secs] 98622K->66345K(126720K), 0.0092943 secs] [Times: user=0.03 sys=0.00, real=0.01 secs] 
2014-07-09T16:37:49.130+0200: 87.116: [GC (Allocation Failure) 87.117: [ParNew: 39243K->4329K(39296K), 0.0096610 secs] 101260K->69936K(126720K), 0.0100162 secs] [Times: user=0.03 sys=0.00, real=0.01 secs] 
2014-07-09T16:37:49.317+0200: 87.303: [GC (Allocation Failure) 87.303: [ParNew: 39267K->807K(39296K), 0.0019046 secs] 104875K->66421K(126720K), 0.0020953 secs] [Times: user=0.00 sys=0.00, real=0.00 secs] 
2014-07-09T16:37:49.419+0200: 87.405: [GC (Allocation Failure) 87.406: [ParNew: 35743K->1901K(39296K), 0.0017957 secs] 101357K->67514K(126720K), 0.0019343 secs] [Times: user=0.00 sys=0.00, real=0.00 secs] 
2014-07-09T16:37:49.568+0200: 87.554: [GC (Allocation Failure) 87.554: [ParNew: 36834K->4017K(39296K), 0.0052486 secs] 102447K->69630K(126720K), 0.0053967 secs] [Times: user=0.00 sys=0.00, real=0.01 secs] 
2014-07-09T16:37:49.719+0200: 87.705: [GC (Allocation Failure) 87.705: [ParNew: 38929K->4328K(39296K), 0.0059126 secs] 104543K->70180K(126720K), 0.0061776 secs] [Times: user=0.00 sys=0.00, real=0.01 secs] 
2014-07-09T16:37:49.828+0200: 87.814: [GC (Allocation Failure) 87.814: [ParNew: 39261K->4328K(39296K), 0.0089006 secs] 105113K->72522K(126720K), 0.0091917 secs] [Times: user=0.03 sys=0.00, real=0.01 secs] 
2014-07-09T16:37:49.971+0200: 87.957: [GC (Allocation Failure) 87.957: [ParNew: 39270K->4328K(39296K), 0.0089237 secs] 107464K->75440K(126720K), 0.0091792 secs] [Times: user=0.03 sys=0.00, real=0.01 secs] 
2014-07-09T16:37:50.122+0200: 88.108: [GC (Allocation Failure) 88.108: [ParNew: 39261K->1159K(39296K), 0.0028435 secs] 110373K->72277K(126720K), 0.0030863 secs] [Times: user=0.00 sys=0.00, real=0.00 secs] 
2014-07-09T16:37:50.266+0200: 88.252: [GC (Allocation Failure) 88.252: [ParNew: 36074K->1580K(39296K), 0.0010463 secs] 107192K->72698K(126720K), 0.0011373 secs] [Times: user=0.00 sys=0.00, real=0.00 secs] 
2014-07-09T16:37:50.417+0200: 88.403: [GC (Allocation Failure) 88.403: [ParNew: 36519K->2675K(39296K), 0.0017686 secs] 107636K->73793K(126720K), 0.0019054 secs] [Times: user=0.00 sys=0.00, real=0.00 secs] 
2014-07-09T16:37:50.526+0200: 88.512: [GC (Allocation Failure) 88.513: [ParNew: 37608K->4329K(39296K), 0.0063599 secs] 108726K->75909K(126720K), 0.0066656 secs] [Times: user=0.00 sys=0.00, real=0.01 secs] 
2014-07-09T16:37:50.669+0200: 88.655: [GC (Allocation Failure) 88.655: [ParNew: 39245K->4328K(39296K), 0.0064907 secs] 110825K->76393K(126720K), 0.0067496 secs] [Times: user=0.00 sys=0.00, real=0.01 secs] 
2014-07-09T16:37:50.820+0200: 88.807: [GC (Allocation Failure) 88.807: [ParNew: 39261K->4327K(39296K), 0.0088302 secs] 111326K->78991K(126720K), 0.0091807 secs] [Times: user=0.00 sys=0.00, real=0.01 secs] 
2014-07-09T16:37:50.927+0200: 88.914: [GC (Allocation Failure) 88.914: [ParNew: 39263K->4328K(39296K), 0.0061120 secs] 113928K->82678K(126720K), 0.0063346 secs] [Times: user=0.00 sys=0.00, real=0.01 secs] 
2014-07-09T16:37:50.934+0200: 88.920: [GC (CMS Initial Mark) [1 CMS-initial-mark: 78350K(87424K)] 82872K(126720K), 0.0002970 secs] [Times: user=0.00 sys=0.00, real=0.00 secs] 
2014-07-09T16:37:50.935+0200: 88.921: [CMS-concurrent-mark-start]
2014-07-09T16:37:50.937+0200: 88.923: [CMS-concurrent-mark: 0.002/0.002 secs] [Times: user=0.00 sys=0.00, real=0.00 secs] 
2014-07-09T16:37:50.937+0200: 88.923: [CMS-concurrent-preclean-start]
2014-07-09T16:37:50.937+0200: 88.923: [CMS-concurrent-preclean: 0.000/0.000 secs] [Times: user=0.00 sys=0.00, real=0.00 secs] 
2014-07-09T16:37:50.937+0200: 88.923: [GC (CMS Final Remark) [YG occupancy: 4522 K (39296 K)]88.924: [Rescan (parallel) , 0.0108422 secs]88.934: [weak refs processing, 0.0000440 secs]88.935: [class unloading, 0.0006115 secs]88.935: [scrub symbol table, 0.0007970 secs]88.936: [scrub string table, 0.0002478 secs][1 CMS-remark: 78350K(87424K)] 82872K(126720K), 0.0128048 secs] [Times: user=0.02 sys=0.00, real=0.01 secs] 
2014-07-09T16:37:50.950+0200: 88.937: [CMS-concurrent-sweep-start]
2014-07-09T16:37:50.952+0200: 88.938: [CMS-concurrent-sweep: 0.001/0.001 secs] [Times: user=0.00 sys=0.00, real=0.00 secs] 
2014-07-09T16:37:50.952+0200: 88.938: [CMS-concurrent-reset-start]
2014-07-09T16:37:50.952+0200: 88.938: [CMS-concurrent-reset: 0.000/0.000 secs] [Times: user=0.00 sys=0.00, real=0.00 secs] 
2014-07-09T16:37:51.143+0200: 89.129: [GC (Allocation Failure) 89.129: [ParNew: 39261K->1927K(39296K), 0.0014933 secs] 39790K->2462K(126720K), 0.0016315 secs] [Times: user=0.00 sys=0.00, real=0.00 secs] 
2014-07-09T16:37:51.219+0200: 89.206: [GC (Allocation Failure) 89.206: [ParNew: 36848K->2349K(39296K), 0.0020007 secs] 37382K->2883K(126720K), 0.0021338 secs] [Times: user=0.00 sys=0.00, real=0.00 secs] 
2014-07-09T16:37:51.368+0200: 89.355: [GC (Allocation Failure) 89.355: [ParNew: 37282K->4328K(39296K), 0.0058352 secs] 37816K->5001K(126720K), 0.0061168 secs] [Times: user=0.00 sys=0.00, real=0.01 secs] 
2014-07-09T16:37:51.519+0200: 89.505: [GC (Allocation Failure) 89.505: [ParNew: 39270K->4327K(39296K), 0.0067118 secs] 39943K->5709K(126720K), 0.0070363 secs] [Times: user=0.03 sys=0.00, real=0.01 secs] 
2014-07-09T16:37:51.623+0200: 89.609: [GC (Allocation Failure) 89.609: [ParNew: 39266K->4328K(39296K), 0.0047870 secs] 40648K->8020K(126720K), 0.0049392 secs] [Times: user=0.00 sys=0.00, real=0.01 secs] 
2014-07-09T16:37:51.770+0200: 89.757: [GC (Allocation Failure) 89.757: [ParNew: 39264K->4328K(39296K), 0.0101691 secs] 42957K->11419K(126720K), 0.0105262 secs] [Times: user=0.00 sys=0.00, real=0.01 secs] 
2014-07-09T16:37:51.921+0200: 89.908: [GC (Allocation Failure) 89.908: [ParNew: 39266K->614K(39296K), 0.0019827 secs] 46357K->7710K(126720K), 0.0022525 secs] [Times: user=0.00 sys=0.00, real=0.00 secs] 
2014-07-09T16:37:52.068+0200: 90.054: [GC (Allocation Failure) 90.054: [ParNew: 35547K->2732K(39296K), 0.0033117 secs] 42643K->9828K(126720K), 0.0035196 secs] [Times: user=0.00 sys=0.00, real=0.00 secs] 
2014-07-09T16:37:52.241+0200: 90.227: [GC (Allocation Failure) 90.227: [ParNew: 37653K->2633K(39296K), 0.0034192 secs] 44749K->9739K(126720K), 0.0036798 secs] [Times: user=0.00 sys=0.00, real=0.00 secs] 
2014-07-09T16:37:52.321+0200: 90.307: [GC (Allocation Failure) 90.307: [ParNew: 37566K->4327K(39296K), 0.0037355 secs] 44672K->11856K(126720K), 0.0038829 secs] [Times: user=0.00 sys=0.00, real=0.00 secs] 
2014-07-09T16:37:52.469+0200: 90.456: [GC (Allocation Failure) 90.456: [ParNew: 39263K->4328K(39296K), 0.0081699 secs] 46792K->13366K(126720K), 0.0084386 secs] [Times: user=0.03 sys=0.00, real=0.01 secs] 
2014-07-09T16:37:52.621+0200: 90.607: [GC (Allocation Failure) 90.607: [ParNew: 39261K->4327K(39296K), 0.0061850 secs] 48299K->16987K(126720K), 0.0063536 secs] [Times: user=0.00 sys=0.00, real=0.01 secs] 
2014-07-09T16:37:52.766+0200: 90.753: [GC (Allocation Failure) 90.753: [ParNew: 39239K->295K(39296K), 0.0014548 secs] 51900K->12960K(126720K), 0.0016582 secs] [Times: user=0.03 sys=0.00, real=0.00 secs] 
2014-07-09T16:37:52.917+0200: 90.903: [GC (Allocation Failure) 90.903: [ParNew: 35237K->876K(39296K), 0.0018496 secs] 47902K->13541K(126720K), 0.0020450 secs] [Times: user=0.00 sys=0.00, real=0.00 secs] 
2014-07-09T16:37:53.026+0200: 91.012: [GC (Allocation Failure) 91.012: [ParNew: 35809K->2993K(39296K), 0.0051639 secs] 48474K->15658K(126720K), 0.0054319 secs] [Times: user=0.00 sys=0.00, real=0.00 secs] 
2014-07-09T16:37:53.167+0200: 91.153: [GC (Allocation Failure) 91.153: [ParNew: 37909K->3401K(39296K), 0.0021561 secs] 50574K->16082K(126720K), 0.0022775 secs] [Times: user=0.00 sys=0.00, real=0.00 secs] 
2014-07-09T16:37:53.319+0200: 91.306: [GC (Allocation Failure) 91.306: [ParNew: 38334K->4328K(39296K), 0.0042111 secs] 51015K->18199K(126720K), 0.0044816 secs] [Times: user=0.00 sys=0.00, real=0.00 secs] 
2014-07-09T16:37:53.428+0200: 91.414: [GC (Allocation Failure) 91.414: [ParNew: 39266K->4328K(39296K), 0.0083279 secs] 53138K->20477K(126720K), 0.0086025 secs] [Times: user=0.00 sys=0.00, real=0.01 secs] 
2014-07-09T16:37:53.616+0200: 91.603: [GC (Allocation Failure) 91.603: [ParNew: 39261K->518K(39296K), 0.0012396 secs] 55410K->16672K(126720K), 0.0014078 secs] [Times: user=0.00 sys=0.00, real=0.00 secs] 
2014-07-09T16:37:53.722+0200: 91.708: [GC (Allocation Failure) 91.709: [ParNew: 35434K->556K(39296K), 0.0019915 secs] 51588K->16710K(126720K), 0.0022159 secs] [Times: user=0.00 sys=0.00, real=0.00 secs] 
2014-07-09T16:37:53.869+0200: 91.855: [GC (Allocation Failure) 91.855: [ParNew: 35492K->1649K(39296K), 0.0031299 secs] 51646K->17803K(126720K), 0.0034631 secs] [Times: user=0.00 sys=0.00, real=0.00 secs] 
2014-07-09T16:37:54.018+0200: 92.004: [GC (Allocation Failure) 92.005: [ParNew: 36583K->3765K(39296K), 0.0047027 secs] 52736K->19919K(126720K), 0.0049630 secs] [Times: user=0.00 sys=0.00, real=0.01 secs] 
2014-07-09T16:37:54.128+0200: 92.114: [GC (Allocation Failure) 92.115: [ParNew: 38698K->4327K(39296K), 0.0075862 secs] 54852K->22033K(126720K), 0.0078238 secs] [Times: user=0.00 sys=0.00, real=0.01 secs] 
2014-07-09T16:37:54.269+0200: 92.256: [GC (Allocation Failure) 92.256: [ParNew: 39244K->4330K(39296K), 0.0086084 secs] 56951K->23994K(126720K), 0.0088965 secs] [Times: user=0.00 sys=0.00, real=0.01 secs] 
2014-07-09T16:37:54.419+0200: 92.404: [GC (Allocation Failure) 92.404: [ParNew: 39272K->4328K(39296K), 0.0054448 secs] 58936K->26527K(126720K), 0.0055958 secs] [Times: user=0.02 sys=0.00, real=0.01 secs] 
2014-07-09T16:37:54.566+0200: 92.551: [GC (Allocation Failure) 92.551: [ParNew: 39261K->775K(39296K), 0.0010343 secs] 61460K->22980K(126720K), 0.0011384 secs] [Times: user=0.00 sys=0.00, real=0.00 secs] 
2014-07-09T16:37:54.716+0200: 92.701: [GC (Allocation Failure) 92.701: [ParNew: 35717K->1356K(39296K), 0.0008656 secs] 57922K->23561K(126720K), 0.0009507 secs] [Times: user=0.00 sys=0.00, real=0.00 secs] 
2014-07-09T16:37:54.824+0200: 92.809: [GC (Allocation Failure) 92.810: [ParNew: 36289K->3472K(39296K), 0.0051830 secs] 58494K->25677K(126720K), 0.0055316 secs] [Times: user=0.03 sys=0.00, real=0.01 secs] 
2014-07-09T16:37:54.970+0200: 92.955: [GC (Allocation Failure) 92.955: [ParNew: 38411K->4328K(39296K), 0.0061593 secs] 60616K->26771K(126720K), 0.0064581 secs] [Times: user=0.00 sys=0.00, real=0.01 secs] 
2014-07-09T16:37:55.120+0200: 93.105: [GC (Allocation Failure) 93.105: [ParNew: 39261K->4328K(39296K), 0.0089537 secs] 61704K->29113K(126720K), 0.0092382 secs] [Times: user=0.03 sys=0.00, real=0.01 secs] 
2014-07-09T16:37:55.227+0200: 93.213: [GC (Allocation Failure) 93.213: [ParNew: 39252K->4330K(39296K), 0.0082498 secs] 64037K->31361K(126720K), 0.0085779 secs] [Times: user=0.03 sys=0.00, real=0.01 secs] 
2014-07-09T16:37:55.369+0200: 93.355: [GC (Allocation Failure) 93.355: [ParNew: 39271K->494K(39296K), 0.0010881 secs] 66303K->27532K(126720K), 0.0012124 secs] [Times: user=0.00 sys=0.00, real=0.00 secs] 
2014-07-09T16:37:55.521+0200: 93.506: [GC (Allocation Failure) 93.506: [ParNew: 35422K->1579K(39296K), 0.0015860 secs] 62459K->28617K(126720K), 0.0017539 secs] [Times: user=0.00 sys=0.00, real=0.00 secs] 
2014-07-09T16:37:55.666+0200: 93.652: [GC (Allocation Failure) 93.652: [ParNew: 36492K->2129K(39296K), 0.0026375 secs] 63529K->29166K(126720K), 0.0027853 secs] [Times: user=0.00 sys=0.00, real=0.00 secs] 
2014-07-09T16:37:55.817+0200: 93.802: [GC (Allocation Failure) 93.803: [ParNew: 37062K->4245K(39296K), 0.0030331 secs] 64099K->31282K(126720K), 0.0031808 secs] [Times: user=0.00 sys=0.00, real=0.00 secs] 
2014-07-09T16:37:55.926+0200: 93.912: [GC (Allocation Failure) 93.912: [ParNew: 39187K->4327K(39296K), 0.0063474 secs] 66225K->31862K(126720K), 0.0066678 secs] [Times: user=0.00 sys=0.00, real=0.01 secs] 
2014-07-09T16:37:56.074+0200: 94.060: [GC (Allocation Failure) 94.060: [ParNew: 39260K->4328K(39296K), 0.0087308 secs] 66795K->34461K(126720K), 0.0090509 secs] [Times: user=0.03 sys=0.00, real=0.01 secs] 
2014-07-09T16:37:56.222+0200: 94.207: [GC (Allocation Failure) 94.208: [ParNew: 39246K->4328K(39296K), 0.0089325 secs] 69379K->37475K(126720K), 0.0092346 secs] [Times: user=0.00 sys=0.00, real=0.01 secs] 
2014-07-09T16:37:56.366+0200: 94.352: [GC (Allocation Failure) 94.352: [ParNew: 39266K->231K(39296K), 0.0008058 secs] 72413K->33384K(126720K), 0.0009081 secs] [Times: user=0.00 sys=0.00, real=0.00 secs] 
2014-07-09T16:37:56.517+0200: 94.503: [GC (Allocation Failure) 94.503: [ParNew: 35164K->2348K(39296K), 0.0031291 secs] 68317K->35501K(126720K), 0.0033741 secs] [Times: user=0.00 sys=0.00, real=0.00 secs] 
2014-07-09T16:37:56.628+0200: 94.613: [GC (Allocation Failure) 94.614: [ParNew: 37281K->4328K(39296K), 0.0033832 secs] 70434K->37619K(126720K), 0.0035629 secs] [Times: user=0.00 sys=0.00, real=0.00 secs] 
2014-07-09T16:37:56.767+0200: 94.753: [GC (Allocation Failure) 94.753: [ParNew: 39244K->4329K(39296K), 0.0034159 secs] 72535K->37784K(126720K), 0.0035889 secs] [Times: user=0.00 sys=0.00, real=0.00 secs] 
2014-07-09T16:37:56.919+0200: 94.905: [GC (Allocation Failure) 94.905: [ParNew: 39265K->4328K(39296K), 0.0075349 secs] 72721K->39038K(126720K), 0.0078187 secs] [Times: user=0.00 sys=0.00, real=0.01 secs] 
2014-07-09T16:37:57.028+0200: 95.013: [GC (Allocation Failure) 95.013: [ParNew: 39261K->4327K(39296K), 0.0101464 secs] 73971K->42403K(126720K), 0.0104606 secs] [Times: user=0.00 sys=0.00, real=0.01 secs] 
2014-07-09T16:37:57.189+0200: 95.174: [GC (Allocation Failure) 95.175: [ParNew: 39243K->4329K(39296K), 0.0090010 secs] 77320K->46188K(126720K), 0.0092434 secs] [Times: user=0.00 sys=0.00, real=0.01 secs] 
2014-07-09T16:37:57.320+0200: 95.306: [GC (Allocation Failure) 95.306: [ParNew: 39262K->2024K(39296K), 0.0020021 secs] 81121K->43888K(126720K), 0.0021598 secs] [Times: user=0.00 sys=0.00, real=0.00 secs] 
2014-07-09T16:37:57.466+0200: 95.452: [GC (Allocation Failure) 95.452: [ParNew: 36966K->2604K(39296K), 0.0031940 secs] 78831K->44469K(126720K), 0.0034463 secs] [Times: user=0.00 sys=0.00, real=0.00 secs] 
2014-07-09T16:37:57.617+0200: 95.603: [GC (Allocation Failure) 95.603: [ParNew: 37537K->4327K(39296K), 0.0048743 secs] 79402K->46586K(126720K), 0.0050224 secs] [Times: user=0.02 sys=0.00, real=0.00 secs] 
2014-07-09T16:37:57.725+0200: 95.711: [GC (Allocation Failure) 95.711: [ParNew: 39269K->4329K(39296K), 0.0038250 secs] 81529K->47553K(126720K), 0.0040087 secs] [Times: user=0.00 sys=0.00, real=0.00 secs] 
2014-07-09T16:37:57.870+0200: 95.856: [GC (Allocation Failure) 95.856: [ParNew: 39262K->4328K(39296K), 0.0098897 secs] 82486K->50631K(126720K), 0.0101691 secs] [Times: user=0.00 sys=0.00, real=0.01 secs] 
2014-07-09T16:37:58.021+0200: 96.007: [GC (Allocation Failure) 96.007: [ParNew: 39266K->295K(39296K), 0.0018841 secs] 85570K->46602K(126720K), 0.0020960 secs] [Times: user=0.00 sys=0.00, real=0.00 secs] 
2014-07-09T16:37:58.166+0200: 96.152: [GC (Allocation Failure) 96.152: [ParNew: 35217K->205K(39296K), 0.0016997 secs] 81524K->46513K(126720K), 0.0019296 secs] [Times: user=0.00 sys=0.00, real=0.00 secs] 
2014-07-09T16:37:58.316+0200: 96.302: [GC (Allocation Failure) 96.302: [ParNew: 35138K->2322K(39296K), 0.0013726 secs] 81446K->48630K(126720K), 0.0014863 secs] [Times: user=0.00 sys=0.00, real=0.00 secs] 
2014-07-09T16:37:58.421+0200: 96.407: [GC (Allocation Failure) 96.407: [ParNew: 37258K->3398K(39296K), 0.0024047 secs] 83566K->49722K(126720K), 0.0025741 secs] [Times: user=0.00 sys=0.00, real=0.00 secs] 
2014-07-09T16:37:58.568+0200: 96.553: [GC (Allocation Failure) 96.553: [ParNew: 38331K->4328K(39296K), 0.0045029 secs] 84655K->51840K(126720K), 0.0046660 secs] [Times: user=0.03 sys=0.00, real=0.00 secs] 
2014-07-09T16:37:58.717+0200: 96.703: [GC (Allocation Failure) 96.703: [ParNew: 39270K->4329K(39296K), 0.0052526 secs] 86783K->53607K(126720K), 0.0054224 secs] [Times: user=0.00 sys=0.00, real=0.01 secs] 
2014-07-09T16:37:58.866+0200: 96.851: [GC (Allocation Failure) 96.851: [ParNew: 39262K->7K(39296K), 0.0005587 secs] 88540K->49290K(126720K), 0.0006346 secs] [Times: user=0.00 sys=0.00, real=0.00 secs] 
2014-07-09T16:37:59.016+0200: 97.002: [GC (Allocation Failure) 97.002: [ParNew: 34949K->587K(39296K), 0.0017011 secs] 84232K->49870K(126720K), 0.0019545 secs] [Times: user=0.00 sys=0.00, real=0.00 secs] 
2014-07-09T16:37:59.123+0200: 97.109: [GC (Allocation Failure) 97.109: [ParNew: 35520K->2706K(39296K), 0.0043375 secs] 84803K->51989K(126720K), 0.0046994 secs] [Times: user=0.00 sys=0.00, real=0.01 secs] 
2014-07-09T16:37:59.267+0200: 97.253: [GC (Allocation Failure) 97.253: [ParNew: 37624K->3113K(39296K), 0.0035676 secs] 86908K->52411K(126720K), 0.0040754 secs] [Times: user=0.00 sys=0.00, real=0.01 secs] 
2014-07-09T16:37:59.418+0200: 97.404: [GC (Allocation Failure) 97.404: [ParNew: 38052K->4200K(39296K), 0.0030899 secs] 87350K->53505K(126720K), 0.0032439 secs] [Times: user=0.00 sys=0.00, real=0.00 secs] 
2014-07-09T16:37:59.528+0200: 97.513: [GC (Allocation Failure) 97.513: [ParNew: 39133K->4329K(39296K), 0.0079877 secs] 88438K->55624K(126720K), 0.0082502 secs] [Times: user=0.00 sys=0.00, real=0.01 secs] 
2014-07-09T16:37:59.667+0200: 97.653: [GC (Allocation Failure) 97.653: [ParNew: 39245K->4328K(39296K), 0.0049890 secs] 90540K->57644K(126720K), 0.0051342 secs] [Times: user=0.00 sys=0.00, real=0.01 secs] 
2014-07-09T16:37:59.821+0200: 97.807: [GC (Allocation Failure) 97.807: [ParNew: 39261K->263K(39296K), 0.0019556 secs] 92577K->53585K(126720K), 0.0021712 secs] [Times: user=0.00 sys=0.00, real=0.00 secs] 
2014-07-09T16:37:59.966+0200: 97.952: [GC (Allocation Failure) 97.952: [ParNew: 35199K->1355K(39296K), 0.0011358 secs] 88522K->54678K(126720K), 0.0012443 secs] [Times: user=0.00 sys=0.00, real=0.00 secs] 
2014-07-09T16:38:00.118+0200: 98.104: [GC (Allocation Failure) 98.104: [ParNew: 36288K->3472K(39296K), 0.0041363 secs] 89611K->56795K(126720K), 0.0044087 secs] [Times: user=0.00 sys=0.00, real=0.00 secs] 
2014-07-09T16:38:00.224+0200: 98.210: [GC (Allocation Failure) 98.210: [ParNew: 38387K->3880K(39296K), 0.0057300 secs] 91710K->57216K(126720K), 0.0060446 secs] [Times: user=0.03 sys=0.00, real=0.01 secs] 
2014-07-09T16:38:00.370+0200: 98.355: [GC (Allocation Failure) 98.355: [ParNew: 38813K->4327K(39296K), 0.0086326 secs] 92149K->59333K(126720K), 0.0088547 secs] [Times: user=0.00 sys=0.00, real=0.01 secs] 
2014-07-09T16:38:00.519+0200: 98.504: [GC (Allocation Failure) 98.505: [ParNew: 39239K->4328K(39296K), 0.0051350 secs] 94246K->61548K(126720K), 0.0053348 secs] [Times: user=0.03 sys=0.00, real=0.00 secs] 
2014-07-09T16:38:00.622+0200: 98.608: [GC (Allocation Failure) 98.608: [ParNew: 39269K->462K(39296K), 0.0011743 secs] 96489K->57687K(126720K), 0.0013063 secs] [Times: user=0.00 sys=0.00, real=0.00 secs] 
2014-07-09T16:38:00.816+0200: 98.802: [GC (Allocation Failure) 98.802: [ParNew: 35396K->1036K(39296K), 0.0012264 secs] 92621K->58262K(126720K), 0.0013455 secs] [Times: user=0.03 sys=0.00, real=0.00 secs] 
2014-07-09T16:38:00.923+0200: 98.909: [GC (Allocation Failure) 98.909: [ParNew: 35975K->2129K(39296K), 0.0038081 secs] 93200K->59354K(126720K), 0.0040835 secs] [Times: user=0.03 sys=0.00, real=0.00 secs] 
2014-07-09T16:38:01.069+0200: 99.055: [GC (Allocation Failure) 99.055: [ParNew: 37062K->4246K(39296K), 0.0054521 secs] 94287K->61471K(126720K), 0.0057751 secs] [Times: user=0.00 sys=0.00, real=0.01 secs] 
2014-07-09T16:38:01.222+0200: 99.208: [GC (Allocation Failure) 99.208: [ParNew: 39167K->4138K(39296K), 0.0030775 secs] 96392K->61380K(126720K), 0.0032967 secs] [Times: user=0.03 sys=0.00, real=0.00 secs] 
2014-07-09T16:38:01.326+0200: 99.312: [GC (Allocation Failure) 99.312: [ParNew: 39071K->4327K(39296K), 0.0085130 secs] 96313K->63496K(126720K), 0.0088668 secs] [Times: user=0.03 sys=0.00, real=0.01 secs] 
2014-07-09T16:38:01.468+0200: 99.454: [GC (Allocation Failure) 99.454: [ParNew: 39263K->4327K(39296K), 0.0057791 secs] 98433K->66510K(126720K), 0.0059335 secs] [Times: user=0.03 sys=0.00, real=0.01 secs] 
2014-07-09T16:38:01.620+0200: 99.606: [GC (Allocation Failure) 99.606: [ParNew: 39260K->1254K(39296K), 0.0011743 secs] 101443K->63442K(126720K), 0.0013407 secs] [Times: user=0.00 sys=0.00, real=0.00 secs] 
2014-07-09T16:38:01.767+0200: 99.753: [GC (Allocation Failure) 99.753: [ParNew: 36196K->1836K(39296K), 0.0176530 secs] 98385K->64024K(126720K), 0.0178759 secs] [Times: user=0.03 sys=0.00, real=0.02 secs] 
2014-07-09T16:38:01.917+0200: 99.903: [GC (Allocation Failure) 99.903: [ParNew: 36748K->2386K(39296K), 0.0029554 secs] 98936K->64574K(126720K), 0.0031797 secs] [Times: user=0.00 sys=0.00, real=0.00 secs] 
2014-07-09T16:38:02.021+0200: 100.007: [GC (Allocation Failure) 100.007: [ParNew: 37319K->4327K(39296K), 0.0040091 secs] 99507K->66690K(126720K), 0.0041825 secs] [Times: user=0.00 sys=0.00, real=0.00 secs] 
2014-07-09T16:38:02.167+0200: 100.153: [GC (Allocation Failure) 100.153: [ParNew: 39242K->4329K(39296K), 0.0036153 secs] 101605K->67273K(126720K), 0.0037843 secs] [Times: user=0.00 sys=0.00, real=0.00 secs] 
2014-07-09T16:38:02.321+0200: 100.306: [GC (Allocation Failure) 100.307: [ParNew: 39262K->4327K(39296K), 0.0178767 secs] 102206K->69966K(126720K), 0.0181014 secs] [Times: user=0.02 sys=0.00, real=0.02 secs] 
2014-07-09T16:38:02.423+0200: 100.408: [GC (Allocation Failure) 100.408: [ParNew: 39263K->4328K(39296K), 0.0062268 secs] 104902K->73749K(126720K), 0.0063808 secs] [Times: user=0.03 sys=0.00, real=0.01 secs] 
2014-07-09T16:38:02.616+0200: 100.602: [GC (Allocation Failure) 100.602: [ParNew: 39261K->2024K(39296K), 0.0013954 secs] 108682K->71450K(126720K), 0.0014999 secs] [Times: user=0.00 sys=0.00, real=0.00 secs] 
2014-07-09T16:38:02.719+0200: 100.705: [GC (Allocation Failure) 100.705: [ParNew: 36938K->2060K(39296K), 0.0019526 secs] 106364K->71486K(126720K), 0.0020817 secs] [Times: user=0.03 sys=0.00, real=0.00 secs] 
2014-07-09T16:38:02.868+0200: 100.854: [GC (Allocation Failure) 100.854: [ParNew: 36993K->4180K(39296K), 0.0052977 secs] 106419K->73606K(126720K), 0.0057568 secs] [Times: user=0.00 sys=0.00, real=0.01 secs] 
2014-07-09T16:38:03.017+0200: 101.003: [GC (Allocation Failure) 101.003: [ParNew: 39116K->4327K(39296K), 0.0044002 secs] 108542K->74696K(126720K), 0.0045557 secs] [Times: user=0.03 sys=0.00, real=0.01 secs] 
2014-07-09T16:38:03.130+0200: 101.116: [GC (Allocation Failure) 101.116: [ParNew: 39260K->4328K(39296K), 0.0085655 secs] 109629K->77743K(126720K), 0.0088606 secs] [Times: user=0.00 sys=0.00, real=0.01 secs] 
2014-07-09T16:38:03.269+0200: 101.255: [GC (Allocation Failure) 101.255: [ParNew: 39246K->4330K(39296K), 0.0056933 secs] 112661K->81207K(126720K), 0.0058202 secs] [Times: user=0.00 sys=0.00, real=0.01 secs] 
2014-07-09T16:38:03.419+0200: 101.405: [GC (Allocation Failure) 101.405: [ParNew: 39242K->134K(39296K), 0.0008825 secs] 116119K->77018K(126720K), 0.0009613 secs] [Times: user=0.00 sys=0.00, real=0.00 secs] 
2014-07-09T16:38:03.568+0200: 101.554: [GC (Allocation Failure) 101.554: [ParNew: 35067K->2252K(39296K), 0.0016231 secs] 111951K->79135K(126720K), 0.0017528 secs] [Times: user=0.00 sys=0.00, real=0.00 secs] 
2014-07-09T16:38:03.716+0200: 101.702: [GC (Allocation Failure) 101.702: [ParNew: 37194K->2824K(39296K), 0.0017954 secs] 114077K->79718K(126720K), 0.0019043 secs] [Times: user=0.00 sys=0.00, real=0.00 secs] 
2014-07-09T16:38:03.821+0200: 101.807: [GC (Allocation Failure) 101.807: [ParNew: 37757K->4328K(39296K), 0.0040054 secs] 114651K->81836K(126720K), 0.0041517 secs] [Times: user=0.00 sys=0.00, real=0.00 secs] 
2014-07-09T16:38:03.969+0200: 101.955: [GC (Allocation Failure) 101.955: [ParNew: 39264K->4328K(39296K), 0.0082351 secs] 116772K->83537K(126720K), 0.0085878 secs] [Times: user=0.00 sys=0.00, real=0.01 secs] 
2014-07-09T16:38:04.118+0200: 102.104: [GC (Allocation Failure) 102.104: [ParNew: 39261K->4327K(39296K), 0.0061824 secs] 118470K->87350K(126720K), 0.0063346 secs] [Times: user=0.02 sys=0.00, real=0.01 secs] 
2014-07-09T16:38:04.125+0200: 102.111: [GC (CMS Initial Mark) [1 CMS-initial-mark: 83023K(87424K)] 87416K(126720K), 0.0002244 secs] [Times: user=0.00 sys=0.00, real=0.00 secs] 
2014-07-09T16:38:04.125+0200: 102.111: [CMS-concurrent-mark-start]
2014-07-09T16:38:04.127+0200: 102.113: [CMS-concurrent-mark: 0.002/0.002 secs] [Times: user=0.00 sys=0.00, real=0.00 secs] 
2014-07-09T16:38:04.127+0200: 102.113: [CMS-concurrent-preclean-start]
2014-07-09T16:38:04.127+0200: 102.113: [CMS-concurrent-preclean: 0.000/0.000 secs] [Times: user=0.00 sys=0.00, real=0.00 secs] 
2014-07-09T16:38:04.127+0200: 102.113: [CMS-concurrent-abortable-preclean-start]
2014-07-09T16:38:04.127+0200: 102.113: [CMS-concurrent-abortable-preclean: 0.000/0.000 secs] [Times: user=0.00 sys=0.00, real=0.00 secs] 
2014-07-09T16:38:04.127+0200: 102.113: [GC (CMS Final Remark) [YG occupancy: 8975 K (39296 K)]102.113: [Rescan (parallel) , 0.0002863 secs]102.114: [weak refs processing, 0.0000301 secs]102.114: [class unloading, 0.0006049 secs]102.114: [scrub symbol table, 0.0006475 secs]102.115: [scrub string table, 0.0001859 secs][1 CMS-remark: 83023K(87424K)] 91999K(126720K), 0.0019252 secs] [Times: user=0.00 sys=0.00, real=0.00 secs] 
2014-07-09T16:38:04.130+0200: 102.115: [CMS-concurrent-sweep-start]
2014-07-09T16:38:04.131+0200: 102.117: [CMS-concurrent-sweep: 0.001/0.001 secs] [Times: user=0.00 sys=0.00, real=0.00 secs] 
2014-07-09T16:38:04.131+0200: 102.117: [CMS-concurrent-reset-start]
2014-07-09T16:38:04.131+0200: 102.117: [CMS-concurrent-reset: 0.000/0.000 secs] [Times: user=0.00 sys=0.00, real=0.00 secs] 
2014-07-09T16:38:04.229+0200: 102.215: [GC (Allocation Failure) 102.215: [ParNew: 39248K->4330K(39296K), 0.0060757 secs] 43596K->12397K(126720K), 0.0062568 secs] [Times: user=0.02 sys=0.00, real=0.01 secs] 
2014-07-09T16:38:04.417+0200: 102.402: [GC (Allocation Failure) 102.442: [ParNew: 39268K->935K(39296K), 0.0014698 secs] 47335K->9009K(126720K), 0.0412109 secs] [Times: user=0.00 sys=0.00, real=0.04 secs] 
2014-07-09T16:38:04.521+0200: 102.506: [GC (Allocation Failure) 102.507: [ParNew: 35868K->3052K(39296K), 0.0043016 secs] 43942K->11126K(126720K), 0.0048351 secs] [Times: user=0.00 sys=0.00, real=0.01 secs] 
2014-07-09T16:38:04.667+0200: 102.652: [GC (Allocation Failure) 102.652: [ParNew: 37994K->3623K(39296K), 0.0023442 secs] 46068K->11707K(126720K), 0.0024681 secs] [Times: user=0.00 sys=0.00, real=0.00 secs] 
2014-07-09T16:38:04.818+0200: 102.803: [GC (Allocation Failure) 102.803: [ParNew: 38556K->4328K(39296K), 0.0073083 secs] 46640K->13825K(126720K), 0.0076892 secs] [Times: user=0.00 sys=0.00, real=0.01 secs] 
2014-07-09T16:38:04.927+0200: 102.912: [GC (Allocation Failure) 102.912: [ParNew: 39240K->4328K(39296K), 0.0079022 secs] 48738K->15783K(126720K), 0.0082333 secs] [Times: user=0.00 sys=0.00, real=0.01 secs] 
2014-07-09T16:38:05.116+0200: 103.101: [GC (Allocation Failure) 103.101: [ParNew: 39261K->199K(39296K), 0.0015145 secs] 50716K->11659K(126720K), 0.0017323 secs] [Times: user=0.00 sys=0.00, real=0.00 secs] 
2014-07-09T16:38:05.219+0200: 103.204: [GC (Allocation Failure) 103.205: [ParNew: 35117K->620K(39296K), 0.0009521 secs] 46577K->12080K(126720K), 0.0011310 secs] [Times: user=0.00 sys=0.00, real=0.00 secs] 
2014-07-09T16:38:05.369+0200: 103.354: [GC (Allocation Failure) 103.354: [ParNew: 35553K->2737K(39296K), 0.0017836 secs] 47013K->14198K(126720K), 0.0020208 secs] [Times: user=0.00 sys=0.00, real=0.00 secs] 
2014-07-09T16:38:05.518+0200: 103.503: [GC (Allocation Failure) 103.503: [ParNew: 37674K->3815K(39296K), 0.0047372 secs] 49134K->15290K(126720K), 0.0049912 secs] [Times: user=0.00 sys=0.00, real=0.01 secs] 
2014-07-09T16:38:05.622+0200: 103.607: [GC (Allocation Failure) 103.607: [ParNew: 38728K->4327K(39296K), 0.0032105 secs] 50203K->15839K(126720K), 0.0033554 secs] [Times: user=0.03 sys=0.00, real=0.00 secs] 
2014-07-09T16:38:05.767+0200: 103.752: [GC (Allocation Failure) 103.753: [ParNew: 39264K->4328K(39296K), 0.0046231 secs] 50776K->17478K(126720K), 0.0047632 secs] [Times: user=0.00 sys=0.00, real=0.01 secs] 
2014-07-09T16:38:05.921+0200: 103.906: [GC (Allocation Failure) 103.907: [ParNew: 39266K->4328K(39296K), 0.0076984 secs] 52416K->20204K(126720K), 0.0080738 secs] [Times: user=0.00 sys=0.00, real=0.01 secs] 
2014-07-09T16:38:06.067+0200: 104.052: [GC (Allocation Failure) 104.052: [ParNew: 39261K->967K(39296K), 0.0019655 secs] 55137K->16848K(126720K), 0.0021631 secs] [Times: user=0.00 sys=0.00, real=0.00 secs] 
2014-07-09T16:38:06.217+0200: 104.202: [GC (Allocation Failure) 104.202: [ParNew: 35882K->1388K(39296K), 0.0024509 secs] 51763K->17269K(126720K), 0.0026525 secs] [Times: user=0.00 sys=0.00, real=0.00 secs] 
2014-07-09T16:38:06.323+0200: 104.309: [GC (Allocation Failure) 104.309: [ParNew: 36321K->3506K(39296K), 0.0055261 secs] 52202K->19388K(126720K), 0.0058942 secs] [Times: user=0.03 sys=0.00, real=0.01 secs] 
2014-07-09T16:38:06.467+0200: 104.453: [GC (Allocation Failure) 104.453: [ParNew: 38449K->4071K(39296K), 0.0033829 secs] 54330K->19968K(126720K), 0.0036160 secs] [Times: user=0.00 sys=0.00, real=0.00 secs] 
2014-07-09T16:38:06.617+0200: 104.602: [GC (Allocation Failure) 104.602: [ParNew: 39004K->4327K(39296K), 0.0048032 secs] 54901K->22086K(126720K), 0.0049458 secs] [Times: user=0.03 sys=0.00, real=0.00 secs] 
2014-07-09T16:38:06.722+0200: 104.707: [GC (Allocation Failure) 104.707: [ParNew: 39269K->4328K(39296K), 0.0051973 secs] 57028K->24524K(126720K), 0.0053370 secs] [Times: user=0.00 sys=0.00, real=0.01 secs] 
2014-07-09T16:38:06.869+0200: 104.854: [GC (Allocation Failure) 104.854: [ParNew: 39264K->679K(39296K), 0.0012418 secs] 59460K->20881K(126720K), 0.0013730 secs] [Times: user=0.00 sys=0.00, real=0.00 secs] 
2014-07-09T16:38:07.030+0200: 105.016: [GC (Allocation Failure) 105.016: [ParNew: 35613K->1771K(39296K), 0.0027926 secs] 55815K->21973K(126720K), 0.0030712 secs] [Times: user=0.00 sys=0.00, real=0.00 secs] 
2014-07-09T16:38:07.167+0200: 105.152: [GC (Allocation Failure) 105.152: [ParNew: 36693K->1681K(39296K), 0.0026287 secs] 56895K->21883K(126720K), 0.0028413 secs] [Times: user=0.03 sys=0.00, real=0.00 secs] 
2014-07-09T16:38:07.318+0200: 105.303: [GC (Allocation Failure) 105.303: [ParNew: 36614K->3800K(39296K), 0.0044890 secs] 56816K->24001K(126720K), 0.0047474 secs] [Times: user=0.00 sys=0.00, real=0.00 secs] 
2014-07-09T16:38:07.421+0200: 105.406: [GC (Allocation Failure) 105.406: [ParNew: 38738K->4327K(39296K), 0.0042903 secs] 58940K->25090K(126720K), 0.0044864 secs] [Times: user=0.00 sys=0.00, real=0.01 secs] 
2014-07-09T16:38:07.574+0200: 105.559: [GC (Allocation Failure) 105.559: [ParNew: 39260K->4328K(39296K), 0.0072823 secs] 60023K->27753K(126720K), 0.0074264 secs] [Times: user=0.00 sys=0.00, real=0.01 secs] 
2014-07-09T16:38:07.721+0200: 105.706: [GC (Allocation Failure) 105.706: [ParNew: 39270K->4329K(39296K), 0.0122754 secs] 62695K->30992K(126720K), 0.0125507 secs] [Times: user=0.02 sys=0.00, real=0.01 secs] 
2014-07-09T16:38:07.867+0200: 105.852: [GC (Allocation Failure) 105.852: [ParNew: 39262K->1479K(39296K), 0.0023090 secs] 65925K->28148K(126720K), 0.0025436 secs] [Times: user=0.01 sys=0.00, real=0.00 secs] 
2014-07-09T16:38:08.017+0200: 106.002: [GC (Allocation Failure) 106.003: [ParNew: 36422K->2060K(39296K), 0.0026280 secs] 63090K->28728K(126720K), 0.0028395 secs] [Times: user=0.00 sys=0.00, real=0.00 secs] 
2014-07-09T16:38:08.126+0200: 106.111: [GC (Allocation Failure) 106.111: [ParNew: 37002K->3539K(39296K), 0.0045517 secs] 63671K->30207K(126720K), 0.0048765 secs] [Times: user=0.00 sys=0.00, real=0.01 secs] 
2014-07-09T16:38:08.268+0200: 106.253: [GC (Allocation Failure) 106.253: [ParNew: 38477K->4327K(39296K), 0.0061644 secs] 65146K->31299K(126720K), 0.0064764 secs] [Times: user=0.00 sys=0.00, real=0.01 secs] 
2014-07-09T16:38:08.418+0200: 106.403: [GC (Allocation Failure) 106.403: [ParNew: 39263K->4328K(39296K), 0.0046030 secs] 66236K->32682K(126720K), 0.0047702 secs] [Times: user=0.00 sys=0.00, real=0.01 secs] 
2014-07-09T16:38:08.528+0200: 106.513: [GC (Allocation Failure) 106.513: [ParNew: 39261K->4328K(39296K), 0.0093911 secs] 67615K->36176K(126720K), 0.0096316 secs] [Times: user=0.00 sys=0.00, real=0.01 secs] 
2014-07-09T16:38:08.673+0200: 106.658: [GC (Allocation Failure) 106.658: [ParNew: 39244K->4328K(39296K), 0.0095590 secs] 71092K->39702K(126720K), 0.0099931 secs] [Times: user=0.03 sys=0.00, real=0.01 secs] 
2014-07-09T16:38:08.823+0200: 106.808: [GC (Allocation Failure) 106.808: [ParNew: 39261K->1767K(39296K), 0.0030412 secs] 74635K->37148K(126720K), 0.0034338 secs] [Times: user=0.00 sys=0.00, real=0.00 secs] 
2014-07-09T16:38:08.967+0200: 106.953: [GC (Allocation Failure) 106.953: [ParNew: 36706K->2860K(39296K), 0.0032611 secs] 72087K->38241K(126720K), 0.0035170 secs] [Times: user=0.00 sys=0.00, real=0.00 secs] 
2014-07-09T16:38:09.119+0200: 107.104: [GC (Allocation Failure) 107.104: [ParNew: 37793K->4328K(39296K), 0.0063474 secs] 73174K->40359K(126720K), 0.0066257 secs] [Times: user=0.00 sys=0.00, real=0.01 secs] 
2014-07-09T16:38:09.229+0200: 107.214: [GC (Allocation Failure) 107.214: [ParNew: 39246K->4329K(39296K), 0.0042048 secs] 75277K->41421K(126720K), 0.0044167 secs] [Times: user=0.00 sys=0.00, real=0.00 secs] 
2014-07-09T16:38:09.368+0200: 107.353: [GC (Allocation Failure) 107.353: [ParNew: 39262K->4328K(39296K), 0.0060728 secs] 76354K->44595K(126720K), 0.0062484 secs] [Times: user=0.00 sys=0.00, real=0.01 secs] 
2014-07-09T16:38:09.520+0200: 107.506: [GC (Allocation Failure) 107.506: [ParNew: 39270K->4328K(39296K), 0.0108719 secs] 79537K->48345K(126720K), 0.0112099 secs] [Times: user=0.03 sys=0.00, real=0.01 secs] 
2014-07-09T16:38:09.666+0200: 107.651: [GC (Allocation Failure) 107.651: [ParNew: 39240K->424K(39296K), 0.0006541 secs] 83258K->44447K(126720K), 0.0007336 secs] [Times: user=0.00 sys=0.00, real=0.00 secs] 
2014-07-09T16:38:09.816+0200: 107.802: [GC (Allocation Failure) 107.802: [ParNew: 35357K->2541K(39296K), 0.0014119 secs] 79380K->46564K(126720K), 0.0015175 secs] [Times: user=0.00 sys=0.00, real=0.00 secs] 
2014-07-09T16:38:09.924+0200: 107.909: [GC (Allocation Failure) 107.909: [ParNew: 37477K->3623K(39296K), 0.0050704 secs] 81500K->47657K(126720K), 0.0054103 secs] [Times: user=0.03 sys=0.00, real=0.00 secs] 
2014-07-09T16:38:10.069+0200: 108.054: [GC (Allocation Failure) 108.054: [ParNew: 38556K->4328K(39296K), 0.0076082 secs] 82590K->49775K(126720K), 0.0079550 secs] [Times: user=0.03 sys=0.00, real=0.01 secs] 
2014-07-09T16:38:10.219+0200: 108.204: [GC (Allocation Failure) 108.204: [ParNew: 39252K->4329K(39296K), 0.0074590 secs] 84699K->51093K(126720K), 0.0077277 secs] [Times: user=0.03 sys=0.00, real=0.01 secs] 
2014-07-09T16:38:10.334+0200: 108.319: [GC (Allocation Failure) 108.319: [ParNew: 39262K->4328K(39296K), 0.0067510 secs] 86026K->54524K(126720K), 0.0070003 secs] [Times: user=0.03 sys=0.00, real=0.01 secs] 
2014-07-09T16:38:10.516+0200: 108.501: [GC (Allocation Failure) 108.502: [ParNew: 39266K->647K(39296K), 0.0017158 secs] 89463K->50848K(126720K), 0.0018955 secs] [Times: user=0.00 sys=0.00, real=0.00 secs] 
2014-07-09T16:38:10.621+0200: 108.606: [GC (Allocation Failure) 108.606: [ParNew: 35580K->2764K(39296K), 0.0021261 secs] 85781K->52965K(126720K), 0.0023105 secs] [Times: user=0.00 sys=0.00, real=0.00 secs] 
2014-07-09T16:38:10.767+0200: 108.752: [GC (Allocation Failure) 108.753: [ParNew: 37706K->3336K(39296K), 0.0022236 secs] 87907K->53547K(126720K), 0.0023981 secs] [Times: user=0.00 sys=0.00, real=0.00 secs] 
2014-07-09T16:38:10.917+0200: 108.902: [GC (Allocation Failure) 108.902: [ParNew: 38278K->3911K(39296K), 0.0027545 secs] 88490K->54128K(126720K), 0.0028787 secs] [Times: user=0.00 sys=0.00, real=0.00 secs] 
2014-07-09T16:38:11.026+0200: 109.011: [GC (Allocation Failure) 109.011: [ParNew: 38844K->4329K(39296K), 0.0054077 secs] 89061K->56247K(126720K), 0.0056365 secs] [Times: user=0.00 sys=0.00, real=0.00 secs] 
2014-07-09T16:38:11.170+0200: 109.155: [GC (Allocation Failure) 109.155: [ParNew: 39247K->4329K(39296K), 0.0081556 secs] 91166K->58365K(126720K), 0.0084592 secs] [Times: user=0.03 sys=0.00, real=0.01 secs] 
2014-07-09T16:38:11.323+0200: 109.308: [GC (Allocation Failure) 109.309: [ParNew: 39262K->359K(39296K), 0.0017635 secs] 93298K->54401K(126720K), 0.0019713 secs] [Times: user=0.00 sys=0.00, real=0.00 secs] 
2014-07-09T16:38:11.466+0200: 109.452: [GC (Allocation Failure) 109.452: [ParNew: 35295K->1451K(39296K), 0.0013316 secs] 89337K->55493K(126720K), 0.0014595 secs] [Times: user=0.00 sys=0.00, real=0.00 secs] 
2014-07-09T16:38:11.618+0200: 109.603: [GC (Allocation Failure) 109.603: [ParNew: 36384K->3568K(39296K), 0.0024348 secs] 90426K->57610K(126720K), 0.0025572 secs] [Times: user=0.00 sys=0.00, real=0.00 secs] 
2014-07-09T16:38:11.725+0200: 109.710: [GC (Allocation Failure) 109.710: [ParNew: 38484K->3592K(39296K), 0.0050642 secs] 92526K->57648K(126720K), 0.0053799 secs] [Times: user=0.00 sys=0.00, real=0.01 secs] 
2014-07-09T16:38:11.871+0200: 109.857: [GC (Allocation Failure) 109.857: [ParNew: 38531K->4328K(39296K), 0.0062264 secs] 92586K->58741K(126720K), 0.0065171 secs] [Times: user=0.00 sys=0.00, real=0.01 secs] 
2014-07-09T16:38:12.018+0200: 110.004: [GC (Allocation Failure) 110.004: [ParNew: 39261K->4328K(39296K), 0.0048816 secs] 93674K->61211K(126720K), 0.0050418 secs] [Times: user=0.03 sys=0.00, real=0.01 secs] 
2014-07-09T16:38:12.130+0200: 110.116: [GC (Allocation Failure) 110.116: [ParNew: 39271K->71K(39296K), 0.0018001 secs] 96155K->56959K(126720K), 0.0020326 secs] [Times: user=0.00 sys=0.00, real=0.00 secs] 
2014-07-09T16:38:12.317+0200: 110.302: [GC (Allocation Failure) 110.302: [ParNew: 35008K->1164K(39296K), 0.0022115 secs] 91896K->58052K(126720K), 0.0024124 secs] [Times: user=0.00 sys=0.00, real=0.00 secs] 
2014-07-09T16:38:12.420+0200: 110.405: [GC (Allocation Failure) 110.405: [ParNew: 36106K->1747K(39296K), 0.0017301 secs] 92994K->58635K(126720K), 0.0018676 secs] [Times: user=0.00 sys=0.00, real=0.00 secs] 
2014-07-09T16:38:12.577+0200: 110.562: [GC (Allocation Failure) 110.562: [ParNew: 36680K->3863K(39296K), 0.0045007 secs] 93568K->60751K(126720K), 0.0046965 secs] [Times: user=0.02 sys=0.00, real=0.01 secs] 
2014-07-09T16:38:12.717+0200: 110.702: [GC (Allocation Failure) 110.702: [ParNew: 38775K->4329K(39296K), 0.0037245 secs] 95663K->61298K(126720K), 0.0038723 secs] [Times: user=0.03 sys=0.00, real=0.00 secs] 
2014-07-09T16:38:12.827+0200: 110.812: [GC (Allocation Failure) 110.812: [ParNew: 39262K->4328K(39296K), 0.0095161 secs] 96231K->63480K(126720K), 0.0098655 secs] [Times: user=0.03 sys=0.00, real=0.01 secs] 
2014-07-09T16:38:12.975+0200: 110.961: [GC (Allocation Failure) 110.961: [ParNew: 39264K->4328K(39296K), 0.0055562 secs] 98416K->66750K(126720K), 0.0058139 secs] [Times: user=0.00 sys=0.00, real=0.01 secs] 
2014-07-09T16:38:13.121+0200: 111.107: [GC (Allocation Failure) 111.107: [ParNew: 39245K->327K(39296K), 0.0010933 secs] 101667K->62754K(126720K), 0.0012289 secs] [Times: user=0.00 sys=0.00, real=0.00 secs] 
2014-07-09T16:38:13.267+0200: 111.252: [GC (Allocation Failure) 111.252: [ParNew: 35264K->1420K(39296K), 0.0022599 secs] 97691K->63847K(126720K), 0.0024626 secs] [Times: user=0.00 sys=0.00, real=0.00 secs] 
2014-07-09T16:38:13.417+0200: 111.402: [GC (Allocation Failure) 111.402: [ParNew: 36359K->2515K(39296K), 0.0017770 secs] 98786K->64942K(126720K), 0.0019138 secs] [Times: user=0.00 sys=0.00, real=0.00 secs] 
2014-07-09T16:38:13.527+0200: 111.512: [GC (Allocation Failure) 111.512: [ParNew: 37448K->4328K(39296K), 0.0066697 secs] 99875K->67058K(126720K), 0.0069109 secs] [Times: user=0.03 sys=0.00, real=0.01 secs] 
2014-07-09T16:38:13.667+0200: 111.653: [GC (Allocation Failure) 111.653: [ParNew: 39270K->4329K(39296K), 0.0039962 secs] 102001K->67928K(126720K), 0.0041260 secs] [Times: user=0.00 sys=0.00, real=0.00 secs] 
2014-07-09T16:38:13.818+0200: 111.804: [GC (Allocation Failure) 111.804: [ParNew: 39262K->4328K(39296K), 0.0060369 secs] 102861K->70910K(126720K), 0.0062121 secs] [Times: user=0.00 sys=0.00, real=0.01 secs] 
2014-07-09T16:38:13.923+0200: 111.908: [GC (Allocation Failure) 111.908: [ParNew: 39270K->4328K(39296K), 0.0064948 secs] 105852K->74468K(126720K), 0.0066829 secs] [Times: user=0.00 sys=0.00, real=0.01 secs] 
2014-07-09T16:38:14.116+0200: 112.102: [GC (Allocation Failure) 112.102: [ParNew: 39261K->1799K(39296K), 0.0026258 secs] 109401K->71945K(126720K), 0.0028494 secs] [Times: user=0.00 sys=0.00, real=0.00 secs] 
2014-07-09T16:38:14.220+0200: 112.205: [GC (Allocation Failure) 112.205: [ParNew: 36717K->2221K(39296K), 0.0017899 secs] 106862K->72366K(126720K), 0.0019427 secs] [Times: user=0.00 sys=0.00, real=0.00 secs] 
2014-07-09T16:38:14.369+0200: 112.354: [GC (Allocation Failure) 112.354: [ParNew: 37154K->4328K(39296K), 0.0056636 secs] 107299K->74485K(126720K), 0.0059342 secs] [Times: user=0.02 sys=0.00, real=0.01 secs] 
2014-07-09T16:38:14.519+0200: 112.504: [GC (Allocation Failure) 112.504: [ParNew: 39264K->4328K(39296K), 0.0071004 secs] 109421K->75578K(126720K), 0.0074117 secs] [Times: user=0.00 sys=0.00, real=0.01 secs] 
2014-07-09T16:38:14.623+0200: 112.608: [GC (Allocation Failure) 112.608: [ParNew: 39244K->4329K(39296K), 0.0044556 secs] 110494K->76704K(126720K), 0.0046620 secs] [Times: user=0.03 sys=0.00, real=0.01 secs] 
2014-07-09T16:38:14.768+0200: 112.753: [GC (Allocation Failure) 112.753: [ParNew: 39262K->4328K(39296K), 0.0058037 secs] 111637K->79942K(126720K), 0.0059481 secs] [Times: user=0.00 sys=0.00, real=0.01 secs] 
2014-07-09T16:38:14.921+0200: 112.906: [GC (Allocation Failure) 112.906: [ParNew: 39266K->454K(39296K), 0.0024494 secs] 114881K->76073K(126720K), 0.0026771 secs] [Times: user=0.02 sys=0.00, real=0.00 secs] 
2014-07-09T16:38:15.068+0200: 113.052: [GC (Allocation Failure) 113.052: [ParNew: 35387K->2572K(39296K), 0.0031614 secs] 111006K->78191K(126720K), 0.0034049 secs] [Times: user=0.00 sys=0.00, real=0.00 secs] 
2014-07-09T16:38:15.217+0200: 113.202: [GC (Allocation Failure) 113.202: [ParNew: 37490K->2984K(39296K), 0.0021239 secs] 113109K->78613K(126720K), 0.0022819 secs] [Times: user=0.03 sys=0.00, real=0.00 secs] 
2014-07-09T16:38:15.321+0200: 113.305: [GC (Allocation Failure) 113.306: [ParNew: 37917K->4328K(39296K), 0.0041638 secs] 113546K->80731K(126720K), 0.0043148 secs] [Times: user=0.00 sys=0.00, real=0.00 secs] 
2014-07-09T16:38:15.468+0200: 113.453: [GC (Allocation Failure) 113.454: [ParNew: 39270K->4328K(39296K), 0.0075906 secs] 115674K->82080K(126720K), 0.0083924 secs] [Times: user=0.00 sys=0.00, real=0.01 secs] 
2014-07-09T16:38:15.620+0200: 113.605: [GC (Allocation Failure) 113.605: [ParNew: 39261K->4328K(39296K), 0.0059360 secs] 117013K->85543K(126720K), 0.0061406 secs] [Times: user=0.03 sys=0.00, real=0.01 secs] 
2014-07-09T16:38:15.627+0200: 113.611: [GC (CMS Initial Mark) [1 CMS-initial-mark: 81215K(87424K)] 85609K(126720K), 0.0001840 secs] [Times: user=0.00 sys=0.00, real=0.00 secs] 
2014-07-09T16:38:15.627+0200: 113.612: [CMS-concurrent-mark-start]
2014-07-09T16:38:15.629+0200: 113.613: [CMS-concurrent-mark: 0.002/0.002 secs] [Times: user=0.00 sys=0.00, real=0.00 secs] 
2014-07-09T16:38:15.629+0200: 113.614: [CMS-concurrent-preclean-start]
2014-07-09T16:38:15.629+0200: 113.614: [CMS-concurrent-preclean: 0.000/0.000 secs] [Times: user=0.00 sys=0.00, real=0.00 secs] 
2014-07-09T16:38:15.629+0200: 113.614: [CMS-concurrent-abortable-preclean-start]
2014-07-09T16:38:15.766+0200: 113.750: [GC (Allocation Failure) 113.750: [ParNew: 39240K->136K(39296K), 0.0006838 secs] 120456K->81356K(126720K), 0.0007681 secs] [Times: user=0.00 sys=0.00, real=0.00 secs] 
2014-07-09T16:38:15.918+0200: 113.902: [GC (Allocation Failure) 113.902: [ParNew: 35072K->1228K(39296K), 0.0023757 secs] 116292K->82448K(126720K), 0.0025891 secs] [Times: user=0.03 sys=0.00, real=0.00 secs] 
2014-07-09T16:38:15.920+0200: 113.905: [CMS-concurrent-abortable-preclean: 0.002/0.291 secs] [Times: user=0.06 sys=0.00, real=0.29 secs] 
2014-07-09T16:38:15.921+0200: 113.905: [GC (CMS Final Remark) [YG occupancy: 1294 K (39296 K)]113.905: [Rescan (parallel) , 0.0005518 secs]113.906: [weak refs processing, 0.0000675 secs]113.906: [class unloading, 0.0009547 secs]113.907: [scrub symbol table, 0.0012517 secs]113.908: [scrub string table, 0.0004487 secs][1 CMS-remark: 81220K(87424K)] 82514K(126720K), 0.0036743 secs] [Times: user=0.00 sys=0.00, real=0.00 secs] 
2014-07-09T16:38:15.925+0200: 113.909: [CMS-concurrent-sweep-start]
2014-07-09T16:38:15.927+0200: 113.912: [CMS-concurrent-sweep: 0.003/0.003 secs] [Times: user=0.00 sys=0.00, real=0.00 secs] 
2014-07-09T16:38:15.927+0200: 113.912: [CMS-concurrent-reset-start]
2014-07-09T16:38:15.928+0200: 113.913: [CMS-concurrent-reset: 0.001/0.001 secs] [Times: user=0.00 sys=0.00, real=0.00 secs] 
2014-07-09T16:38:16.024+0200: 114.008: [GC (Allocation Failure) 114.009: [ParNew: 36161K->3345K(39296K), 0.0045487 secs] 40147K->7331K(126720K), 0.0048721 secs] [Times: user=0.01 sys=0.00, real=0.01 secs] 
2014-07-09T16:38:16.168+0200: 114.153: [GC (Allocation Failure) 114.153: [ParNew: 38266K->3240K(39296K), 0.0038606 secs] 42252K->7241K(126720K), 0.0041297 secs] [Times: user=0.03 sys=0.00, real=0.00 secs] 
2014-07-09T16:38:16.323+0200: 114.307: [GC (Allocation Failure) 114.308: [ParNew: 38173K->4328K(39296K), 0.0069619 secs] 42174K->9360K(126720K), 0.0073596 secs] [Times: user=0.03 sys=0.00, real=0.01 secs] 
2014-07-09T16:38:16.421+0200: 114.406: [GC (Allocation Failure) 114.406: [ParNew: 39266K->4327K(39296K), 0.0049487 secs] 44299K->11476K(126720K), 0.0051159 secs] [Times: user=0.00 sys=0.00, real=0.01 secs] 
2014-07-09T16:38:16.616+0200: 114.600: [GC (Allocation Failure) 114.601: [ParNew: 39260K->359K(39296K), 0.0005679 secs] 46409K->7513K(126720K), 0.0006438 secs] [Times: user=0.00 sys=0.00, real=0.00 secs] 
2014-07-09T16:38:16.722+0200: 114.707: [GC (Allocation Failure) 114.707: [ParNew: 35301K->939K(39296K), 0.0022569 secs] 42456K->8094K(126720K), 0.0025154 secs] [Times: user=0.00 sys=0.00, real=0.00 secs] 
2014-07-09T16:38:16.868+0200: 114.853: [GC (Allocation Failure) 114.853: [ParNew: 35872K->3057K(39296K), 0.0038228 secs] 43027K->10212K(126720K), 0.0040747 secs] [Times: user=0.03 sys=0.00, real=0.00 secs] 
2014-07-09T16:38:17.018+0200: 115.002: [GC (Allocation Failure) 115.003: [ParNew: 37999K->3623K(39296K), 0.0043669 secs] 45154K->10792K(126720K), 0.0046345 secs] [Times: user=0.00 sys=0.00, real=0.00 secs] 
2014-07-09T16:38:17.126+0200: 115.111: [GC (Allocation Failure) 115.111: [ParNew: 38556K->4328K(39296K), 0.0078297 secs] 45725K->12910K(126720K), 0.0081219 secs] [Times: user=0.00 sys=0.00, real=0.01 secs] 
2014-07-09T16:38:17.268+0200: 115.253: [GC (Allocation Failure) 115.253: [ParNew: 39246K->4330K(39296K), 0.0048802 secs] 47828K->14741K(126720K), 0.0050316 secs] [Times: user=0.00 sys=0.00, real=0.01 secs] 
2014-07-09T16:38:17.419+0200: 115.403: [GC (Allocation Failure) 115.403: [ParNew: 39266K->4328K(39296K), 0.0050598 secs] 49678K->17659K(126720K), 0.0052218 secs] [Times: user=0.00 sys=0.00, real=0.01 secs] 
2014-07-09T16:38:17.566+0200: 115.551: [GC (Allocation Failure) 115.551: [ParNew: 39261K->1158K(39296K), 0.0015945 secs] 52592K->14494K(126720K), 0.0017789 secs] [Times: user=0.00 sys=0.00, real=0.00 secs] 
2014-07-09T16:38:17.716+0200: 115.701: [GC (Allocation Failure) 115.701: [ParNew: 36074K->1196K(39296K), 0.0009001 secs] 49410K->14532K(126720K), 0.0009837 secs] [Times: user=0.00 sys=0.00, real=0.00 secs] 
2014-07-09T16:38:17.824+0200: 115.809: [GC (Allocation Failure) 115.809: [ParNew: 36129K->3314K(39296K), 0.0045942 secs] 49465K->16650K(126720K), 0.0049241 secs] [Times: user=0.00 sys=0.00, real=0.01 secs] 
2014-07-09T16:38:17.968+0200: 115.952: [GC (Allocation Failure) 115.952: [ParNew: 38253K->4328K(39296K), 0.0033979 secs] 51589K->17742K(126720K), 0.0035618 secs] [Times: user=0.00 sys=0.00, real=0.00 secs] 
2014-07-09T16:38:18.120+0200: 116.105: [GC (Allocation Failure) 116.105: [ParNew: 39261K->4327K(39296K), 0.0081556 secs] 52675K->19923K(126720K), 0.0084636 secs] [Times: user=0.00 sys=0.00, real=0.01 secs] 
2014-07-09T16:38:18.227+0200: 116.211: [GC (Allocation Failure) 116.212: [ParNew: 39242K->4329K(39296K), 0.0097097 secs] 54838K->22523K(126720K), 0.0101775 secs] [Times: user=0.03 sys=0.00, real=0.01 secs] 
2014-07-09T16:38:18.372+0200: 116.357: [GC (Allocation Failure) 116.357: [ParNew: 39265K->839K(39296K), 0.0020905 secs] 57459K->19039K(126720K), 0.0023028 secs] [Times: user=0.00 sys=0.00, real=0.00 secs] 
2014-07-09T16:38:18.521+0200: 116.506: [GC (Allocation Failure) 116.506: [ParNew: 35778K->1420K(39296K), 0.0014529 secs] 53978K->19620K(126720K), 0.0016117 secs] [Times: user=0.00 sys=0.00, real=0.00 secs] 
2014-07-09T16:38:18.666+0200: 116.651: [GC (Allocation Failure) 116.651: [ParNew: 36362K->2001K(39296K), 0.0011167 secs] 54562K->20201K(126720K), 0.0012150 secs] [Times: user=0.00 sys=0.00, real=0.00 secs] 
2014-07-09T16:38:18.818+0200: 116.803: [GC (Allocation Failure) 116.803: [ParNew: 36934K->4117K(39296K), 0.0059426 secs] 55134K->22317K(126720K), 0.0064489 secs] [Times: user=0.03 sys=0.00, real=0.01 secs] 
2014-07-09T16:38:18.926+0200: 116.911: [GC (Allocation Failure) 116.911: [ParNew: 39053K->4328K(39296K), 0.0076768 secs] 57253K->23408K(126720K), 0.0079752 secs] [Times: user=0.03 sys=0.00, real=0.01 secs] 
2014-07-09T16:38:19.070+0200: 117.055: [GC (Allocation Failure) 117.055: [ParNew: 39261K->4328K(39296K), 0.0054367 secs] 58341K->26391K(126720K), 0.0056321 secs] [Times: user=0.01 sys=0.00, real=0.01 secs] 
2014-07-09T16:38:19.219+0200: 117.204: [GC (Allocation Failure) 117.204: [ParNew: 39252K->4330K(39296K), 0.0058253 secs] 61315K->29278K(126720K), 0.0059969 secs] [Times: user=0.00 sys=0.00, real=0.01 secs] 
2014-07-09T16:38:19.366+0200: 117.351: [GC (Allocation Failure) 117.351: [ParNew: 39263K->1127K(39296K), 0.0024560 secs] 64211K->26082K(126720K), 0.0026903 secs] [Times: user=0.03 sys=0.00, real=0.00 secs] 
2014-07-09T16:38:19.516+0200: 117.501: [GC (Allocation Failure) 117.501: [ParNew: 36066K->2220K(39296K), 0.0015615 secs] 61021K->27175K(126720K), 0.0017140 secs] [Times: user=0.00 sys=0.00, real=0.00 secs] 
2014-07-09T16:38:19.625+0200: 117.609: [GC (Allocation Failure) 117.609: [ParNew: 37153K->4327K(39296K), 0.0033792 secs] 62108K->29292K(126720K), 0.0035192 secs] [Times: user=0.00 sys=0.00, real=0.00 secs] 
2014-07-09T16:38:19.769+0200: 117.754: [GC (Allocation Failure) 117.754: [ParNew: 39269K->4329K(39296K), 0.0065505 secs] 64234K->29875K(126720K), 0.0068236 secs] [Times: user=0.03 sys=0.00, real=0.01 secs] 
2014-07-09T16:38:19.919+0200: 117.904: [GC (Allocation Failure) 117.904: [ParNew: 39271K->4328K(39296K), 0.0073204 secs] 64817K->31032K(126720K), 0.0076236 secs] [Times: user=0.00 sys=0.00, real=0.01 secs] 
2014-07-09T16:38:20.028+0200: 118.013: [GC (Allocation Failure) 118.013: [ParNew: 39261K->4329K(39296K), 0.0097269 secs] 65965K->34304K(126720K), 0.0100015 secs] [Times: user=0.03 sys=0.00, real=0.01 secs] 
2014-07-09T16:38:20.169+0200: 118.154: [GC (Allocation Failure) 118.154: [ParNew: 39247K->4329K(39296K), 0.0056776 secs] 69222K->37990K(126720K), 0.0059888 secs] [Times: user=0.00 sys=0.00, real=0.01 secs] 
2014-07-09T16:38:20.324+0200: 118.309: [GC (Allocation Failure) 118.309: [ParNew: 39262K->1927K(39296K), 0.0029312 secs] 72923K->35595K(126720K), 0.0031651 secs] [Times: user=0.00 sys=0.00, real=0.00 secs] 
2014-07-09T16:38:20.468+0200: 118.453: [GC (Allocation Failure) 118.453: [ParNew: 36866K->3020K(39296K), 0.0035764 secs] 70533K->36687K(126720K), 0.0040325 secs] [Times: user=0.00 sys=0.00, real=0.00 secs] 
2014-07-09T16:38:20.623+0200: 118.608: [GC (Allocation Failure) 118.608: [ParNew: 37953K->4328K(39296K), 0.0037597 secs] 71620K->38805K(126720K), 0.0039240 secs] [Times: user=0.00 sys=0.00, real=0.00 secs] 
2014-07-09T16:38:20.725+0200: 118.710: [GC (Allocation Failure) 118.710: [ParNew: 39244K->4329K(39296K), 0.0040417 secs] 73721K->39643K(126720K), 0.0042067 secs] [Times: user=0.00 sys=0.00, real=0.00 secs] 
2014-07-09T16:38:20.870+0200: 118.855: [GC (Allocation Failure) 118.855: [ParNew: 39262K->4328K(39296K), 0.0094663 secs] 74576K->42593K(126720K), 0.0097592 secs] [Times: user=0.00 sys=0.00, real=0.01 secs] 
2014-07-09T16:38:21.021+0200: 119.006: [GC (Allocation Failure) 119.006: [ParNew: 39266K->167K(39296K), 0.0017825 secs] 77532K->38437K(126720K), 0.0020439 secs] [Times: user=0.00 sys=0.00, real=0.00 secs] 
2014-07-09T16:38:21.166+0200: 119.151: [GC (Allocation Failure) 119.151: [ParNew: 35083K->588K(39296K), 0.0009969 secs] 73353K->38858K(126720K), 0.0011395 secs] [Times: user=0.00 sys=0.00, real=0.00 secs] 
2014-07-09T16:38:21.317+0200: 119.301: [GC (Allocation Failure) 119.302: [ParNew: 35521K->2706K(39296K), 0.0019545 secs] 73792K->40976K(126720K), 0.0021286 secs] [Times: user=0.03 sys=0.00, real=0.00 secs] 
2014-07-09T16:38:21.420+0200: 119.405: [GC (Allocation Failure) 119.405: [ParNew: 37648K->3271K(39296K), 0.0028736 secs] 75918K->41556K(126720K), 0.0030995 secs] [Times: user=0.00 sys=0.00, real=0.00 secs] 
2014-07-09T16:38:21.568+0200: 119.553: [GC (Allocation Failure) 119.553: [ParNew: 38204K->4328K(39296K), 0.0046089 secs] 76489K->43675K(126720K), 0.0047863 secs] [Times: user=0.00 sys=0.00, real=0.00 secs] 
2014-07-09T16:38:21.718+0200: 119.703: [GC (Allocation Failure) 119.703: [ParNew: 39270K->4329K(39296K), 0.0045212 secs] 78617K->45313K(126720K), 0.0046690 secs] [Times: user=0.00 sys=0.00, real=0.00 secs] 
2014-07-09T16:38:21.826+0200: 119.811: [GC (Allocation Failure) 119.811: [ParNew: 39262K->4328K(39296K), 0.0057806 secs] 80246K->49063K(126720K), 0.0059701 secs] [Times: user=0.03 sys=0.00, real=0.01 secs] 
2014-07-09T16:38:22.017+0200: 120.002: [GC (Allocation Failure) 120.002: [ParNew: 39266K->967K(39296K), 0.0020047 secs] 84002K->45707K(126720K), 0.0022097 secs] [Times: user=0.00 sys=0.00, real=0.00 secs] 
2014-07-09T16:38:22.124+0200: 120.109: [GC (Allocation Failure) 120.109: [ParNew: 35883K->1389K(39296K), 0.0028597 secs] 80623K->46128K(126720K), 0.0030899 secs] [Times: user=0.00 sys=0.00, real=0.00 secs] 
Heap
 par new generation   total 39296K, used 9091K [0x00000000f8000000, 0x00000000faaa0000, 0x00000000faaa0000)
  eden space 34944K,  22% used [0x00000000f8000000, 0x00000000f8785790, 0x00000000fa220000)
  from space 4352K,  31% used [0x00000000fa220000, 0x00000000fa37b540, 0x00000000fa660000)
  to   space 4352K,   0% used [0x00000000fa660000, 0x00000000fa660000, 0x00000000faaa0000)
 concurrent mark-sweep generation total 87424K, used 44739K [0x00000000faaa0000, 0x0000000100000000, 0x0000000100000000)
 Metaspace       used 2463K, capacity 4490K, committed 4864K, reserved 1056768K
  class space    used 269K, capacity 386K, committed 512K, reserved 1048576K
