2014-07-09T15:51:32.580+0200: 0.192: [GC [PSYoungGen: 11249K->2433K(13824K)] 11249K->2433K(30208K), 0.0104389 secs] [Times: user=0.01 sys=0.00, real=0.01 secs] 
2014-07-09T15:51:32.597+0200: 0.209: [GC [PSYoungGen: 13685K->2529K(13824K)] 13685K->5034K(30208K), 0.0116807 secs] [Times: user=0.02 sys=0.00, real=0.01 secs] 
2014-07-09T15:51:32.630+0200: 0.241: [GC [PSYoungGen: 13761K->2545K(13824K)] 16266K->10461K(30208K), 0.0071778 secs] [Times: user=0.00 sys=0.00, real=0.01 secs] 
2014-07-09T15:51:32.681+0200: 0.293: [GC [PSYoungGen: 13799K->2545K(13824K)] 21715K->10717K(30208K), 0.0027563 secs] [Times: user=0.00 sys=0.00, real=0.00 secs] 
2014-07-09T15:51:32.730+0200: 0.341: [GC [PSYoungGen: 13803K->2545K(13824K)] 21975K->14014K(30208K), 0.0110677 secs] [Times: user=0.02 sys=0.02, real=0.01 secs] 
2014-07-09T15:51:32.741+0200: 0.353: [Full GC [PSYoungGen: 2545K->0K(13824K)] [ParOldGen: 11469K->5925K(16384K)] 14014K->5925K(30208K) [PSPermGen: 2474K->2473K(21504K)], 0.0217031 secs] [Times: user=0.02 sys=0.00, real=0.02 secs] 
2014-07-09T15:51:32.781+0200: 0.392: [GC [PSYoungGen: 11258K->2529K(13824K)] 17184K->13641K(30208K), 0.0071004 secs] [Times: user=0.02 sys=0.00, real=0.01 secs] 
2014-07-09T15:51:32.788+0200: 0.400: [Full GC [PSYoungGen: 2529K->0K(13824K)] [ParOldGen: 11112K->7944K(16384K)] 13641K->7944K(30208K) [PSPermGen: 2474K->2474K(21504K)], 0.0152296 secs] [Times: user=0.02 sys=0.00, real=0.01 secs] 
2014-07-09T15:51:32.827+0200: 0.439: [GC [PSYoungGen: 11261K->2529K(13824K)] 19206K->10537K(30208K), 0.0013836 secs] [Times: user=0.00 sys=0.00, real=0.00 secs] 
2014-07-09T15:51:32.881+0200: 0.492: [GC [PSYoungGen: 13782K->2529K(13824K)] 21791K->13643K(30208K), 0.0080335 secs] [Times: user=0.00 sys=0.00, real=0.01 secs] 
2014-07-09T15:51:32.889+0200: 0.501: [Full GC [PSYoungGen: 2529K->0K(13824K)] [ParOldGen: 11113K->5834K(16384K)] 13643K->5834K(30208K) [PSPermGen: 2474K->2474K(21504K)], 0.0165590 secs] [Times: user=0.01 sys=0.00, real=0.02 secs] 
2014-07-09T15:51:32.928+0200: 0.540: [GC [PSYoungGen: 11258K->448K(13824K)] 17093K->6282K(30208K), 0.0019603 secs] [Times: user=0.00 sys=0.00, real=0.00 secs] 
2014-07-09T15:51:32.978+0200: 0.590: [GC [PSYoungGen: 11699K->2529K(13824K)] 17534K->9324K(30208K), 0.0033345 secs] [Times: user=0.00 sys=0.00, real=0.00 secs] 
2014-07-09T15:51:32.989+0200: 0.601: [GC [PSYoungGen: 13789K->2529K(13824K)] 20584K->11797K(30208K), 0.0171676 secs] [Times: user=0.01 sys=0.00, real=0.02 secs] 
2014-07-09T15:51:33.032+0200: 0.644: [GC [PSYoungGen: 13780K->2529K(13824K)] 23048K->17344K(30208K), 0.0068889 secs] [Times: user=0.02 sys=0.00, real=0.01 secs] 
2014-07-09T15:51:33.039+0200: 0.651: [Full GC [PSYoungGen: 2529K->0K(13824K)] [ParOldGen: 14814K->8274K(16384K)] 17344K->8274K(30208K) [PSPermGen: 2474K->2474K(21504K)], 0.0109852 secs] [Times: user=0.01 sys=0.00, real=0.01 secs] 
2014-07-09T15:51:33.081+0200: 0.693: [GC [PSYoungGen: 11251K->2529K(13824K)] 19525K->11187K(30208K), 0.0025532 secs] [Times: user=0.00 sys=0.00, real=0.00 secs] 
2014-07-09T15:51:33.129+0200: 0.740: [GC [PSYoungGen: 13778K->2529K(13824K)] 22437K->14621K(30208K), 0.0046539 secs] [Times: user=0.00 sys=0.00, real=0.00 secs] 
2014-07-09T15:51:33.133+0200: 0.745: [Full GC [PSYoungGen: 2529K->0K(13824K)] [ParOldGen: 12091K->6162K(16384K)] 14621K->6162K(30208K) [PSPermGen: 2474K->2474K(21504K)], 0.0094410 secs] [Times: user=0.00 sys=0.00, real=0.01 secs] 
2014-07-09T15:51:33.180+0200: 0.791: [GC [PSYoungGen: 11251K->800K(13824K)] 17413K->6962K(30208K), 0.0009723 secs] [Times: user=0.00 sys=0.00, real=0.00 secs] 
2014-07-09T15:51:33.229+0200: 0.841: [GC [PSYoungGen: 12049K->2529K(13824K)] 18211K->10011K(30208K), 0.0042903 secs] [Times: user=0.00 sys=0.00, real=0.00 secs] 
2014-07-09T15:51:33.279+0200: 0.891: [GC [PSYoungGen: 13789K->2529K(13824K)] 21272K->12837K(30208K), 0.0040864 secs] [Times: user=0.00 sys=0.00, real=0.00 secs] 
2014-07-09T15:51:33.283+0200: 0.895: [Full GC [PSYoungGen: 2529K->0K(13824K)] [ParOldGen: 10308K->5556K(16384K)] 12837K->5556K(30208K) [PSPermGen: 2474K->2474K(21504K)], 0.0137122 secs] [Times: user=0.03 sys=0.00, real=0.01 secs] 
2014-07-09T15:51:33.327+0200: 0.939: [GC [PSYoungGen: 11251K->160K(13824K)] 16807K->5716K(30208K), 0.0071576 secs] [Times: user=0.01 sys=0.00, real=0.01 secs] 
2014-07-09T15:51:33.379+0200: 0.991: [GC [PSYoungGen: 11409K->2529K(13824K)] 16965K->8797K(30208K), 0.0032021 secs] [Times: user=0.00 sys=0.00, real=0.00 secs] 
2014-07-09T15:51:33.393+0200: 1.004: [GC [PSYoungGen: 13778K->2529K(13824K)] 20047K->12519K(30208K), 0.0539743 secs] [Times: user=0.01 sys=0.00, real=0.05 secs] 
2014-07-09T15:51:33.526+0200: 1.138: [GC [PSYoungGen: 13778K->1120K(13824K)] 23768K->11118K(30208K), 0.0146075 secs] [Times: user=0.00 sys=0.00, real=0.01 secs] 
2014-07-09T15:51:33.546+0200: 1.158: [GC [PSYoungGen: 12370K->2529K(13824K)] 22368K->14168K(30208K), 0.0037440 secs] [Times: user=0.03 sys=0.00, real=0.00 secs] 
2014-07-09T15:51:33.550+0200: 1.162: [Full GC [PSYoungGen: 2529K->0K(13824K)] [ParOldGen: 11639K->4373K(16384K)] 14168K->4373K(30208K) [PSPermGen: 2474K->2474K(21504K)], 0.0172373 secs] [Times: user=0.00 sys=0.00, real=0.02 secs] 
2014-07-09T15:51:33.576+0200: 1.188: [GC [PSYoungGen: 11232K->2529K(13824K)] 15606K->9848K(30208K), 0.0093607 secs] [Times: user=0.00 sys=0.00, real=0.01 secs] 
2014-07-09T15:51:33.590+0200: 1.202: [GC [PSYoungGen: 13780K->352K(13824K)] 21099K->7679K(30208K), 0.0006764 secs] [Times: user=0.00 sys=0.00, real=0.00 secs] 
2014-07-09T15:51:33.628+0200: 1.239: [GC [PSYoungGen: 11601K->2529K(13824K)] 18928K->10728K(30208K), 0.0018658 secs] [Times: user=0.00 sys=0.00, real=0.00 secs] 
2014-07-09T15:51:33.680+0200: 1.292: [GC [PSYoungGen: 13778K->2529K(13824K)] 21978K->14642K(30208K), 0.0085266 secs] [Times: user=0.00 sys=0.00, real=0.01 secs] 
2014-07-09T15:51:33.689+0200: 1.301: [Full GC [PSYoungGen: 2529K->0K(13824K)] [ParOldGen: 12113K->6649K(16384K)] 14642K->6649K(30208K) [PSPermGen: 2474K->2474K(21504K)], 0.0213310 secs] [Times: user=0.05 sys=0.00, real=0.02 secs] 
2014-07-09T15:51:33.727+0200: 1.339: [GC [PSYoungGen: 11249K->1280K(13824K)] 17898K->7930K(30208K), 0.0011050 secs] [Times: user=0.00 sys=0.00, real=0.00 secs] 
2014-07-09T15:51:33.779+0200: 1.391: [GC [PSYoungGen: 12535K->2529K(13824K)] 19185K->9955K(30208K), 0.0032252 secs] [Times: user=0.00 sys=0.00, real=0.00 secs] 
2014-07-09T15:51:33.793+0200: 1.405: [GC [PSYoungGen: 13778K->2529K(13824K)] 21204K->13772K(30208K), 0.0057190 secs] [Times: user=0.03 sys=0.00, real=0.01 secs] 
2014-07-09T15:51:33.799+0200: 1.411: [Full GC [PSYoungGen: 2529K->0K(13824K)] [ParOldGen: 11243K->6553K(16384K)] 13772K->6553K(30208K) [PSPermGen: 2474K->2474K(21504K)], 0.0142749 secs] [Times: user=0.02 sys=0.00, real=0.01 secs] 
2014-07-09T15:51:33.877+0200: 1.489: [GC [PSYoungGen: 11249K->1184K(13824K)] 17803K->7738K(30208K), 0.0007545 secs] [Times: user=0.00 sys=0.00, real=0.00 secs] 
2014-07-09T15:51:33.882+0200: 1.494: [GC [PSYoungGen: 12434K->2529K(13824K)] 18988K->10788K(30208K), 0.0033807 secs] [Times: user=0.00 sys=0.00, real=0.00 secs] 
2014-07-09T15:51:33.931+0200: 1.543: [GC [PSYoungGen: 13778K->2529K(13824K)] 22037K->15534K(30208K), 0.0095902 secs] [Times: user=0.03 sys=0.00, real=0.01 secs] 
2014-07-09T15:51:33.941+0200: 1.553: [Full GC [PSYoungGen: 2529K->0K(13824K)] [ParOldGen: 13005K->7482K(16384K)] 15534K->7482K(30208K) [PSPermGen: 2474K->2474K(21504K)], 0.0169278 secs] [Times: user=0.03 sys=0.00, real=0.02 secs] 
2014-07-09T15:51:33.981+0200: 1.592: [GC [PSYoungGen: 11260K->576K(13824K)] 18743K->8058K(30208K), 0.0010540 secs] [Times: user=0.00 sys=0.00, real=0.00 secs] 
2014-07-09T15:51:34.028+0200: 1.640: [GC [PSYoungGen: 11831K->2529K(13824K)] 19313K->10595K(30208K), 0.0017990 secs] [Times: user=0.00 sys=0.00, real=0.00 secs] 
2014-07-09T15:51:34.080+0200: 1.692: [GC [PSYoungGen: 13778K->2529K(13824K)] 21845K->14221K(30208K), 0.0175944 secs] [Times: user=0.02 sys=0.00, real=0.02 secs] 
2014-07-09T15:51:34.098+0200: 1.710: [Full GC [PSYoungGen: 2529K->0K(13824K)] [ParOldGen: 11692K->6363K(16384K)] 14221K->6363K(30208K) [PSPermGen: 2474K->2474K(21504K)], 0.0108921 secs] [Times: user=0.00 sys=0.00, real=0.01 secs] 
2014-07-09T15:51:34.127+0200: 1.739: [GC [PSYoungGen: 11251K->992K(13824K)] 17615K->7355K(30208K), 0.0008828 secs] [Times: user=0.00 sys=0.00, real=0.00 secs] 
2014-07-09T15:51:34.179+0200: 1.791: [GC [PSYoungGen: 12241K->2529K(13824K)] 18605K->10405K(30208K), 0.0044021 secs] [Times: user=0.00 sys=0.00, real=0.00 secs] 
2014-07-09T15:51:34.189+0200: 1.801: [GC [PSYoungGen: 13778K->2529K(13824K)] 21654K->14959K(30208K), 0.0059672 secs] [Times: user=0.00 sys=0.00, real=0.01 secs] 
2014-07-09T15:51:34.195+0200: 1.807: [Full GC [PSYoungGen: 2529K->0K(13824K)] [ParOldGen: 12430K->7291K(16384K)] 14959K->7291K(30208K) [PSPermGen: 2474K->2474K(21504K)], 0.0153535 secs] [Times: user=0.02 sys=0.00, real=0.02 secs] 
2014-07-09T15:51:34.278+0200: 1.890: [GC [PSYoungGen: 11254K->896K(13824K)] 18546K->8188K(30208K), 0.0016960 secs] [Times: user=0.00 sys=0.00, real=0.00 secs] 
2014-07-09T15:51:34.289+0200: 1.900: [GC [PSYoungGen: 12145K->2529K(13824K)] 19437K->11237K(30208K), 0.0058081 secs] [Times: user=0.00 sys=0.00, real=0.00 secs] 
2014-07-09T15:51:34.329+0200: 1.941: [GC [PSYoungGen: 13778K->2529K(13824K)] 22487K->15696K(30208K), 0.0057964 secs] [Times: user=0.00 sys=0.00, real=0.01 secs] 
2014-07-09T15:51:34.335+0200: 1.947: [Full GC [PSYoungGen: 2529K->0K(13824K)] [ParOldGen: 13166K->7196K(16384K)] 15696K->7196K(30208K) [PSPermGen: 2474K->2474K(21504K)], 0.0102010 secs] [Times: user=0.03 sys=0.00, real=0.01 secs] 
2014-07-09T15:51:34.382+0200: 1.994: [GC [PSYoungGen: 11249K->1792K(13824K)] 18445K->8989K(30208K), 0.0143732 secs] [Times: user=0.02 sys=0.00, real=0.01 secs] 
2014-07-09T15:51:34.428+0200: 2.040: [GC [PSYoungGen: 13042K->2529K(13824K)] 20238K->12070K(30208K), 0.0034276 secs] [Times: user=0.00 sys=0.00, real=0.00 secs] 
2014-07-09T15:51:34.479+0200: 2.091: [GC [PSYoungGen: 13778K->2529K(13824K)] 23320K->17457K(30208K), 0.0062392 secs] [Times: user=0.03 sys=0.00, real=0.01 secs] 
2014-07-09T15:51:34.485+0200: 2.097: [Full GC [PSYoungGen: 2529K->0K(13824K)] [ParOldGen: 14928K->8124K(16384K)] 17457K->8124K(30208K) [PSPermGen: 2474K->2474K(21504K)], 0.0107293 secs] [Times: user=0.00 sys=0.00, real=0.01 secs] 
2014-07-09T15:51:34.527+0200: 2.139: [GC [PSYoungGen: 11233K->1056K(13824K)] 19358K->9181K(30208K), 0.0007292 secs] [Times: user=0.00 sys=0.00, real=0.00 secs] 
2014-07-09T15:51:34.580+0200: 2.191: [GC [PSYoungGen: 12305K->2529K(13824K)] 20430K->12230K(30208K), 0.0046954 secs] [Times: user=0.00 sys=0.00, real=0.00 secs] 
2014-07-09T15:51:34.593+0200: 2.205: [GC [PSYoungGen: 13778K->2529K(13824K)] 23480K->16849K(30208K), 0.0094806 secs] [Times: user=0.03 sys=0.00, real=0.01 secs] 
2014-07-09T15:51:34.603+0200: 2.215: [Full GC [PSYoungGen: 2529K->0K(13824K)] [ParOldGen: 14319K->7358K(16384K)] 16849K->7358K(30208K) [PSPermGen: 2474K->2474K(21504K)], 0.0155086 secs] [Times: user=0.02 sys=0.00, real=0.02 secs] 
2014-07-09T15:51:34.678+0200: 2.290: [GC [PSYoungGen: 11249K->1984K(13824K)] 18607K->9343K(30208K), 0.0022262 secs] [Times: user=0.00 sys=0.00, real=0.00 secs] 
2014-07-09T15:51:34.690+0200: 2.302: [GC [PSYoungGen: 13234K->2529K(13824K)] 20592K->12392K(30208K), 0.0066040 secs] [Times: user=0.00 sys=0.00, real=0.01 secs] 
2014-07-09T15:51:34.731+0200: 2.343: [GC [PSYoungGen: 13778K->2529K(13824K)] 23642K->17939K(30208K), 0.0108092 secs] [Times: user=0.03 sys=0.00, real=0.01 secs] 
2014-07-09T15:51:34.743+0200: 2.354: [Full GC [PSYoungGen: 2529K->0K(13824K)] [ParOldGen: 15410K->8286K(16384K)] 17939K->8286K(30208K) [PSPermGen: 2474K->2474K(21504K)], 0.0194539 secs] [Times: user=0.02 sys=0.00, real=0.02 secs] 
2014-07-09T15:51:34.781+0200: 2.393: [GC [PSYoungGen: 11260K->1376K(13824K)] 19547K->9663K(30208K), 0.0013418 secs] [Times: user=0.03 sys=0.00, real=0.00 secs] 
2014-07-09T15:51:34.829+0200: 2.441: [GC [PSYoungGen: 12626K->2529K(13824K)] 20912K->12712K(30208K), 0.0057168 secs] [Times: user=0.00 sys=0.00, real=0.01 secs] 
2014-07-09T15:51:34.835+0200: 2.447: [Full GC [PSYoungGen: 2529K->0K(13824K)] [ParOldGen: 10183K->4637K(16384K)] 12712K->4637K(30208K) [PSPermGen: 2474K->2474K(21504K)], 0.0172992 secs] [Times: user=0.02 sys=0.00, real=0.02 secs] 
2014-07-09T15:51:34.879+0200: 2.491: [GC [PSYoungGen: 11249K->2529K(13824K)] 15887K->12097K(30208K), 0.0061564 secs] [Times: user=0.00 sys=0.00, real=0.01 secs] 
2014-07-09T15:51:34.886+0200: 2.498: [Full GC [PSYoungGen: 2529K->0K(13824K)] [ParOldGen: 9568K->7679K(16384K)] 12097K->7679K(30208K) [PSPermGen: 2474K->2474K(21504K)], 0.0137569 secs] [Times: user=0.01 sys=0.00, real=0.01 secs] 
2014-07-09T15:51:34.927+0200: 2.539: [GC [PSYoungGen: 11251K->2305K(13824K)] 18930K->9984K(30208K), 0.0013169 secs] [Times: user=0.00 sys=0.00, real=0.00 secs] 
2014-07-09T15:51:34.980+0200: 2.592: [GC [PSYoungGen: 13554K->2529K(13824K)] 21234K->13034K(30208K), 0.0083778 secs] [Times: user=0.02 sys=0.00, real=0.01 secs] 
2014-07-09T15:51:34.988+0200: 2.600: [Full GC [PSYoungGen: 2529K->0K(13824K)] [ParOldGen: 10504K->5566K(16384K)] 13034K->5566K(30208K) [PSPermGen: 2474K->2474K(21504K)], 0.0185916 secs] [Times: user=0.01 sys=0.00, real=0.02 secs] 
2014-07-09T15:51:35.012+0200: 2.624: [GC [PSYoungGen: 11259K->192K(13824K)] 16826K->5758K(30208K), 0.0008128 secs] [Times: user=0.00 sys=0.00, real=0.00 secs] 
2014-07-09T15:51:35.077+0200: 2.689: [GC [PSYoungGen: 11442K->1696K(13824K)] 17008K->7271K(30208K), 0.0093240 secs] [Times: user=0.00 sys=0.00, real=0.01 secs] 
2014-07-09T15:51:35.091+0200: 2.703: [GC [PSYoungGen: 12946K->2529K(13824K)] 18520K->10320K(30208K), 0.0044956 secs] [Times: user=0.02 sys=0.00, real=0.00 secs] 
2014-07-09T15:51:35.130+0200: 2.742: [GC [PSYoungGen: 13778K->2529K(13824K)] 21570K->15555K(30208K), 0.0078608 secs] [Times: user=0.00 sys=0.00, real=0.01 secs] 
2014-07-09T15:51:35.138+0200: 2.750: [Full GC [PSYoungGen: 2529K->0K(13824K)] [ParOldGen: 13026K->8000K(16384K)] 15555K->8000K(30208K) [PSPermGen: 2474K->2474K(21504K)], 0.0257752 secs] [Times: user=0.03 sys=0.00, real=0.03 secs] 
2014-07-09T15:51:35.181+0200: 2.793: [GC [PSYoungGen: 11251K->2529K(13824K)] 19252K->10593K(30208K), 0.0031163 secs] [Times: user=0.00 sys=0.00, real=0.00 secs] 
2014-07-09T15:51:35.229+0200: 2.841: [GC [PSYoungGen: 13778K->2529K(13824K)] 21843K->13707K(30208K), 0.0061333 secs] [Times: user=0.01 sys=0.00, real=0.01 secs] 
2014-07-09T15:51:35.235+0200: 2.847: [Full GC [PSYoungGen: 2529K->0K(13824K)] [ParOldGen: 11178K->5887K(16384K)] 13707K->5887K(30208K) [PSPermGen: 2474K->2474K(21504K)], 0.0271200 secs] [Times: user=0.02 sys=0.00, real=0.03 secs] 
2014-07-09T15:51:35.280+0200: 2.892: [GC [PSYoungGen: 11254K->2529K(13824K)] 17142K->13539K(30208K), 0.0160318 secs] [Times: user=0.03 sys=0.00, real=0.02 secs] 
2014-07-09T15:51:35.296+0200: 2.908: [Full GC [PSYoungGen: 2529K->0K(13824K)] [ParOldGen: 11010K->7905K(16384K)] 13539K->7905K(30208K) [PSPermGen: 2474K->2474K(21504K)], 0.0125049 secs] [Times: user=0.00 sys=0.00, real=0.01 secs] 
2014-07-09T15:51:35.327+0200: 2.939: [GC [PSYoungGen: 11251K->2497K(13824K)] 19156K->10402K(30208K), 0.0055866 secs] [Times: user=0.00 sys=0.00, real=0.01 secs] 
2014-07-09T15:51:35.378+0200: 2.990: [GC [PSYoungGen: 13746K->2529K(13824K)] 21651K->13451K(30208K), 0.0147644 secs] [Times: user=0.01 sys=0.00, real=0.01 secs] 
2014-07-09T15:51:35.393+0200: 3.005: [Full GC [PSYoungGen: 2529K->0K(13824K)] [ParOldGen: 10922K->5792K(16384K)] 13451K->5792K(30208K) [PSPermGen: 2474K->2474K(21504K)], 0.0092617 secs] [Times: user=0.00 sys=0.00, real=0.01 secs] 
2014-07-09T15:51:35.427+0200: 3.039: [GC [PSYoungGen: 11251K->384K(13824K)] 17043K->6176K(30208K), 0.0350754 secs] [Times: user=0.00 sys=0.00, real=0.03 secs] 
2014-07-09T15:51:35.477+0200: 3.089: [GC [PSYoungGen: 11633K->2529K(13824K)] 17425K->9257K(30208K), 0.0018680 secs] [Times: user=0.00 sys=0.00, real=0.00 secs] 
2014-07-09T15:51:35.485+0200: 3.097: [GC [PSYoungGen: 13763K->2529K(13824K)] 20491K->12051K(30208K), 0.0043771 secs] [Times: user=0.00 sys=0.00, real=0.00 secs] 
2014-07-09T15:51:35.529+0200: 3.141: [GC [PSYoungGen: 13784K->2529K(13824K)] 23306K->16861K(30208K), 0.0061736 secs] [Times: user=0.03 sys=0.00, real=0.01 secs] 
2014-07-09T15:51:35.535+0200: 3.147: [Full GC [PSYoungGen: 2529K->0K(13824K)] [ParOldGen: 14332K->7555K(16384K)] 16861K->7555K(30208K) [PSPermGen: 2474K->2474K(21504K)], 0.0103179 secs] [Times: user=0.00 sys=0.02, real=0.01 secs] 
2014-07-09T15:51:35.580+0200: 3.192: [GC [PSYoungGen: 11251K->2177K(13824K)] 18806K->9732K(30208K), 0.0016593 secs] [Times: user=0.00 sys=0.00, real=0.00 secs] 
2014-07-09T15:51:35.628+0200: 3.240: [GC [PSYoungGen: 13426K->2529K(13824K)] 20981K->12781K(30208K), 0.0042173 secs] [Times: user=0.00 sys=0.00, real=0.00 secs] 
2014-07-09T15:51:35.632+0200: 3.244: [Full GC [PSYoungGen: 2529K->0K(13824K)] [ParOldGen: 10252K->5442K(16384K)] 12781K->5442K(30208K) [PSPermGen: 2474K->2474K(21504K)], 0.0093354 secs] [Times: user=0.03 sys=0.00, real=0.01 secs] 
2014-07-09T15:51:35.680+0200: 3.292: [GC [PSYoungGen: 11249K->64K(13824K)] 16691K->5506K(30208K), 0.0007545 secs] [Times: user=0.00 sys=0.00, real=0.00 secs] 
2014-07-09T15:51:35.729+0200: 3.341: [GC [PSYoungGen: 11316K->2080K(13824K)] 16759K->7531K(30208K), 0.0021671 secs] [Times: user=0.00 sys=0.00, real=0.00 secs] 
2014-07-09T15:51:35.779+0200: 3.391: [GC [PSYoungGen: 13330K->2529K(13824K)] 18780K->10580K(30208K), 0.0072838 secs] [Times: user=0.01 sys=0.00, real=0.01 secs] 
2014-07-09T15:51:35.799+0200: 3.411: [GC [PSYoungGen: 13778K->2529K(13824K)] 21830K->16223K(30208K), 0.0087854 secs] [Times: user=0.00 sys=0.00, real=0.01 secs] 
2014-07-09T15:51:35.807+0200: 3.419: [Full GC [PSYoungGen: 2529K->0K(13824K)] [ParOldGen: 13694K->8388K(16384K)] 16223K->8388K(30208K) [PSPermGen: 2474K->2474K(21504K)], 0.0130332 secs] [Times: user=0.01 sys=0.00, real=0.01 secs] 
2014-07-09T15:51:35.879+0200: 3.491: [GC [PSYoungGen: 11251K->2529K(13824K)] 19639K->11397K(30208K), 0.0030837 secs] [Times: user=0.00 sys=0.00, real=0.00 secs] 
2014-07-09T15:51:35.893+0200: 3.505: [GC [PSYoungGen: 13778K->2529K(13824K)] 22647K->14927K(30208K), 0.0081952 secs] [Times: user=0.00 sys=0.00, real=0.01 secs] 
2014-07-09T15:51:35.901+0200: 3.513: [Full GC [PSYoungGen: 2529K->0K(13824K)] [ParOldGen: 12398K->6275K(16384K)] 14927K->6275K(30208K) [PSPermGen: 2474K->2474K(21504K)], 0.0258566 secs] [Times: user=0.05 sys=0.00, real=0.03 secs] 
2014-07-09T15:51:35.977+0200: 3.589: [GC [PSYoungGen: 11251K->864K(13824K)] 17526K->7139K(30208K), 0.0179434 secs] [Times: user=0.01 sys=0.00, real=0.02 secs] 
2014-07-09T15:51:36.001+0200: 3.613: [GC [PSYoungGen: 12113K->2529K(13824K)] 18389K->10189K(30208K), 0.0040813 secs] [Times: user=0.00 sys=0.00, real=0.01 secs] 
2014-07-09T15:51:36.031+0200: 3.643: [GC [PSYoungGen: 13789K->2529K(13824K)] 21449K->13110K(30208K), 0.0035288 secs] [Times: user=0.00 sys=0.00, real=0.00 secs] 
2014-07-09T15:51:36.034+0200: 3.646: [Full GC [PSYoungGen: 2529K->0K(13824K)] [ParOldGen: 10581K->5668K(16384K)] 13110K->5668K(30208K) [PSPermGen: 2474K->2474K(21504K)], 0.0094358 secs] [Times: user=0.00 sys=0.00, real=0.01 secs] 
2014-07-09T15:51:36.081+0200: 3.693: [GC [PSYoungGen: 11251K->288K(13824K)] 16919K->5956K(30208K), 0.0006277 secs] [Times: user=0.00 sys=0.00, real=0.00 secs] 
2014-07-09T15:51:36.128+0200: 3.740: [GC [PSYoungGen: 11537K->2529K(13824K)] 17205K->9005K(30208K), 0.0019193 secs] [Times: user=0.00 sys=0.00, real=0.00 secs] 
2014-07-09T15:51:36.180+0200: 3.792: [GC [PSYoungGen: 13778K->2529K(13824K)] 20255K->12855K(30208K), 0.0096705 secs] [Times: user=0.03 sys=0.00, real=0.01 secs] 
2014-07-09T15:51:36.190+0200: 3.802: [Full GC [PSYoungGen: 2529K->0K(13824K)] [ParOldGen: 10326K->6596K(16384K)] 12855K->6596K(30208K) [PSPermGen: 2474K->2474K(21504K)], 0.0204907 secs] [Times: user=0.02 sys=0.00, real=0.02 secs] 
2014-07-09T15:51:36.227+0200: 3.839: [GC [PSYoungGen: 11249K->1216K(13824K)] 17845K->7813K(30208K), 0.0006922 secs] [Times: user=0.00 sys=0.00, real=0.00 secs] 
2014-07-09T15:51:36.278+0200: 3.890: [GC [PSYoungGen: 12477K->2529K(13824K)] 19073K->9325K(30208K), 0.0014155 secs] [Times: user=0.00 sys=0.02, real=0.00 secs] 
2014-07-09T15:51:36.284+0200: 3.896: [GC [PSYoungGen: 13778K->2529K(13824K)] 20575K->12567K(30208K), 0.0050103 secs] [Times: user=0.00 sys=0.00, real=0.01 secs] 
2014-07-09T15:51:36.377+0200: 3.989: [GC [PSYoungGen: 13780K->608K(13824K)] 23818K->10654K(30208K), 0.0006167 secs] [Times: user=0.00 sys=0.00, real=0.00 secs] 
2014-07-09T15:51:36.382+0200: 3.994: [GC [PSYoungGen: 11857K->2529K(13824K)] 21903K->13703K(30208K), 0.0030335 secs] [Times: user=0.00 sys=0.00, real=0.00 secs] 
2014-07-09T15:51:36.385+0200: 3.997: [Full GC [PSYoungGen: 2529K->0K(13824K)] [ParOldGen: 11174K->4107K(16384K)] 13703K->4107K(30208K) [PSPermGen: 2474K->2474K(21504K)], 0.0073285 secs] [Times: user=0.02 sys=0.00, real=0.01 secs] 
2014-07-09T15:51:36.429+0200: 4.041: [GC [PSYoungGen: 11249K->2529K(13824K)] 15356K->10798K(30208K), 0.0052633 secs] [Times: user=0.00 sys=0.01, real=0.01 secs] 
2014-07-09T15:51:36.485+0200: 4.097: [GC [PSYoungGen: 13778K->1536K(13824K)] 22047K->9813K(30208K), 0.0023647 secs] [Times: user=0.00 sys=0.00, real=0.00 secs] 
2014-07-09T15:51:36.528+0200: 4.140: [GC [PSYoungGen: 12770K->2529K(13824K)] 21047K->11134K(30208K), 0.0112543 secs] [Times: user=0.01 sys=0.00, real=0.01 secs] 
2014-07-09T15:51:36.578+0200: 4.190: [GC [PSYoungGen: 13778K->2529K(13824K)] 22384K->14536K(30208K), 0.0047438 secs] [Times: user=0.00 sys=0.00, real=0.00 secs] 
2014-07-09T15:51:36.583+0200: 4.195: [Full GC [PSYoungGen: 2529K->0K(13824K)] [ParOldGen: 12007K->6151K(16384K)] 14536K->6151K(30208K) [PSPermGen: 2474K->2474K(21504K)], 0.0099784 secs] [Times: user=0.03 sys=0.00, real=0.01 secs] 
2014-07-09T15:51:36.627+0200: 4.239: [GC [PSYoungGen: 11251K->768K(13824K)] 17402K->6919K(30208K), 0.0006376 secs] [Times: user=0.00 sys=0.00, real=0.00 secs] 
2014-07-09T15:51:36.679+0200: 4.292: [GC [PSYoungGen: 12017K->2529K(13824K)] 18168K->9968K(30208K), 0.0043214 secs] [Times: user=0.00 sys=0.00, real=0.01 secs] 
2014-07-09T15:51:36.694+0200: 4.306: [GC [PSYoungGen: 13778K->2529K(13824K)] 21218K->14298K(30208K), 0.0100426 secs] [Times: user=0.03 sys=0.00, real=0.01 secs] 
2014-07-09T15:51:36.705+0200: 4.317: [Full GC [PSYoungGen: 2529K->0K(13824K)] [ParOldGen: 11769K->7079K(16384K)] 14298K->7079K(30208K) [PSPermGen: 2474K->2474K(21504K)], 0.0116440 secs] [Times: user=0.03 sys=0.00, real=0.01 secs] 
2014-07-09T15:51:36.777+0200: 4.389: [GC [PSYoungGen: 11254K->672K(13824K)] 18334K->7751K(30208K), 0.0016161 secs] [Times: user=0.03 sys=0.00, real=0.00 secs] 
2014-07-09T15:51:36.788+0200: 4.400: [GC [PSYoungGen: 11921K->2529K(13824K)] 19001K->10801K(30208K), 0.0064475 secs] [Times: user=0.03 sys=0.00, real=0.01 secs] 
2014-07-09T15:51:36.829+0200: 4.441: [GC [PSYoungGen: 13778K->2529K(13824K)] 22050K->15035K(30208K), 0.0057032 secs] [Times: user=0.00 sys=0.00, real=0.01 secs] 
2014-07-09T15:51:36.835+0200: 4.447: [Full GC [PSYoungGen: 2529K->0K(13824K)] [ParOldGen: 12506K->6983K(16384K)] 15035K->6983K(30208K) [PSPermGen: 2474K->2474K(21504K)], 0.0145517 secs] [Times: user=0.01 sys=0.00, real=0.01 secs] 
2014-07-09T15:51:36.880+0200: 4.492: [GC [PSYoungGen: 11249K->1600K(13824K)] 18233K->8584K(30208K), 0.0013774 secs] [Times: user=0.00 sys=0.00, real=0.00 secs] 
2014-07-09T15:51:36.929+0200: 4.541: [GC [PSYoungGen: 12850K->2529K(13824K)] 19834K->11634K(30208K), 0.0068192 secs] [Times: user=0.02 sys=0.00, real=0.01 secs] 
2014-07-09T15:51:36.981+0200: 4.593: [GC [PSYoungGen: 13778K->2529K(13824K)] 22883K->16796K(30208K), 0.0111762 secs] [Times: user=0.00 sys=0.00, real=0.01 secs] 
2014-07-09T15:51:36.993+0200: 4.605: [Full GC [PSYoungGen: 2529K->0K(13824K)] [ParOldGen: 14267K->7912K(16384K)] 16796K->7912K(30208K) [PSPermGen: 2474K->2474K(21504K)], 0.0212518 secs] [Times: user=0.05 sys=0.00, real=0.02 secs] 
2014-07-09T15:51:37.027+0200: 4.639: [GC [PSYoungGen: 11234K->448K(13824K)] 19146K->8360K(30208K), 0.0008480 secs] [Times: user=0.00 sys=0.00, real=0.00 secs] 
2014-07-09T15:51:37.078+0200: 4.690: [GC [PSYoungGen: 11697K->2529K(13824K)] 19610K->11410K(30208K), 0.0053901 secs] [Times: user=0.00 sys=0.00, real=0.01 secs] 
2014-07-09T15:51:37.089+0200: 4.701: [GC [PSYoungGen: 13778K->2529K(13824K)] 22659K->15420K(30208K), 0.0105738 secs] [Times: user=0.03 sys=0.00, real=0.01 secs] 
2014-07-09T15:51:37.100+0200: 4.712: [Full GC [PSYoungGen: 2529K->0K(13824K)] [ParOldGen: 12890K->6761K(16384K)] 15420K->6761K(30208K) [PSPermGen: 2474K->2474K(21504K)], 0.0107007 secs] [Times: user=0.01 sys=0.00, real=0.01 secs] 
2014-07-09T15:51:37.177+0200: 4.789: [GC [PSYoungGen: 11249K->1376K(13824K)] 18011K->8138K(30208K), 0.0008018 secs] [Times: user=0.00 sys=0.00, real=0.00 secs] 
2014-07-09T15:51:37.183+0200: 4.795: [GC [PSYoungGen: 12626K->2529K(13824K)] 19387K->11187K(30208K), 0.0033759 secs] [Times: user=0.03 sys=0.00, real=0.00 secs] 
2014-07-09T15:51:37.232+0200: 4.844: [GC [PSYoungGen: 13778K->2529K(13824K)] 22437K->16126K(30208K), 0.0096983 secs] [Times: user=0.00 sys=0.00, real=0.01 secs] 
2014-07-09T15:51:37.242+0200: 4.854: [Full GC [PSYoungGen: 2529K->0K(13824K)] [ParOldGen: 13596K->7689K(16384K)] 16126K->7689K(30208K) [PSPermGen: 2474K->2474K(21504K)], 0.0173425 secs] [Times: user=0.00 sys=0.00, real=0.02 secs] 
2014-07-09T15:51:37.282+0200: 4.894: [GC [PSYoungGen: 11254K->1248K(13824K)] 18944K->8938K(30208K), 0.0053058 secs] [Times: user=0.00 sys=0.00, real=0.00 secs] 
2014-07-09T15:51:37.328+0200: 4.940: [GC [PSYoungGen: 12498K->2529K(13824K)] 20188K->12020K(30208K), 0.0030305 secs] [Times: user=0.00 sys=0.00, real=0.00 secs] 
2014-07-09T15:51:37.381+0200: 4.993: [GC [PSYoungGen: 13778K->2529K(13824K)] 23269K->16862K(30208K), 0.0110516 secs] [Times: user=0.03 sys=0.00, real=0.01 secs] 
2014-07-09T15:51:37.392+0200: 5.004: [Full GC [PSYoungGen: 2529K->0K(13824K)] [ParOldGen: 14333K->7594K(16384K)] 16862K->7594K(30208K) [PSPermGen: 2474K->2474K(21504K)], 0.0159365 secs] [Times: user=0.02 sys=0.00, real=0.02 secs] 
2014-07-09T15:51:37.427+0200: 5.039: [GC [PSYoungGen: 11251K->2209K(13824K)] 18845K->9803K(30208K), 0.0011145 secs] [Times: user=0.00 sys=0.00, real=0.00 secs] 
2014-07-09T15:51:37.478+0200: 5.090: [GC [PSYoungGen: 13458K->2529K(13824K)] 21053K->12853K(30208K), 0.0038994 secs] [Times: user=0.03 sys=0.00, real=0.00 secs] 
2014-07-09T15:51:37.482+0200: 5.094: [Full GC [PSYoungGen: 2529K->0K(13824K)] [ParOldGen: 10323K->5481K(16384K)] 12853K->5481K(30208K) [PSPermGen: 2474K->2474K(21504K)], 0.0095506 secs] [Times: user=0.00 sys=0.00, real=0.01 secs] 
2014-07-09T15:51:37.497+0200: 5.109: [GC [PSYoungGen: 11263K->96K(13824K)] 16745K->5577K(30208K), 0.0006233 secs] [Times: user=0.00 sys=0.00, real=0.00 secs] 
2014-07-09T15:51:37.578+0200: 5.190: [GC [PSYoungGen: 11350K->1472K(13824K)] 16831K->6962K(30208K), 0.0019911 secs] [Times: user=0.00 sys=0.00, real=0.00 secs] 
2014-07-09T15:51:37.592+0200: 5.205: [GC [PSYoungGen: 12722K->2529K(13824K)] 18211K->9979K(30208K), 0.0286580 secs] [Times: user=0.01 sys=0.00, real=0.03 secs] 
2014-07-09T15:51:37.632+0200: 5.244: [GC [PSYoungGen: 13778K->2529K(13824K)] 21229K->15014K(30208K), 0.0061850 secs] [Times: user=0.02 sys=0.00, real=0.01 secs] 
2014-07-09T15:51:37.638+0200: 5.250: [Full GC [PSYoungGen: 2529K->0K(13824K)] [ParOldGen: 12484K->7788K(16384K)] 15014K->7788K(30208K) [PSPermGen: 2474K->2474K(21504K)], 0.0118211 secs] [Times: user=0.00 sys=0.00, real=0.01 secs] 
2014-07-09T15:51:37.680+0200: 5.293: [GC [PSYoungGen: 11251K->2401K(13824K)] 19039K->10189K(30208K), 0.0018771 secs] [Times: user=0.00 sys=0.00, real=0.00 secs] 
2014-07-09T15:51:37.730+0200: 5.343: [GC [PSYoungGen: 13650K->2529K(13824K)] 21438K->13238K(30208K), 0.0096357 secs] [Times: user=0.00 sys=0.00, real=0.01 secs] 
2014-07-09T15:51:37.740+0200: 5.353: [Full GC [PSYoungGen: 2529K->0K(13824K)] [ParOldGen: 10709K->5675K(16384K)] 13238K->5675K(30208K) [PSPermGen: 2474K->2474K(21504K)], 0.0195679 secs] [Times: user=0.03 sys=0.00, real=0.02 secs] 
2014-07-09T15:51:37.779+0200: 5.391: [GC [PSYoungGen: 11260K->2529K(13824K)] 16935K->12622K(30208K), 0.0055511 secs] [Times: user=0.00 sys=0.00, real=0.01 secs] 
2014-07-09T15:51:37.785+0200: 5.397: [Full GC [PSYoungGen: 2529K->0K(13824K)] [ParOldGen: 10093K->7181K(16384K)] 12622K->7181K(30208K) [PSPermGen: 2474K->2474K(21504K)], 0.0113104 secs] [Times: user=0.02 sys=0.00, real=0.01 secs] 
2014-07-09T15:51:37.827+0200: 5.440: [GC [PSYoungGen: 11249K->1792K(13824K)] 18430K->8973K(30208K), 0.0010991 secs] [Times: user=0.00 sys=0.00, real=0.00 secs] 
2014-07-09T15:51:37.880+0200: 5.492: [GC [PSYoungGen: 13042K->2529K(13824K)] 20223K->12023K(30208K), 0.0061692 secs] [Times: user=0.02 sys=0.00, real=0.01 secs] 
2014-07-09T15:51:37.895+0200: 5.507: [GC [PSYoungGen: 13778K->2529K(13824K)] 23272K->17377K(30208K), 0.0097871 secs] [Times: user=0.03 sys=0.00, real=0.01 secs] 
2014-07-09T15:51:37.905+0200: 5.517: [Full GC [PSYoungGen: 2529K->0K(13824K)] [ParOldGen: 14848K->8109K(16384K)] 17377K->8109K(30208K) [PSPermGen: 2474K->2474K(21504K)], 0.0148260 secs] [Times: user=0.03 sys=0.00, real=0.02 secs] 
2014-07-09T15:51:37.978+0200: 5.590: [GC [PSYoungGen: 11251K->2529K(13824K)] 19360K->10830K(30208K), 0.0040157 secs] [Times: user=0.03 sys=0.00, real=0.00 secs] 
2014-07-09T15:51:37.993+0200: 5.605: [GC [PSYoungGen: 13784K->2529K(13824K)] 22086K->13560K(30208K), 0.0049186 secs] [Times: user=0.03 sys=0.00, real=0.00 secs] 
2014-07-09T15:51:37.998+0200: 5.610: [Full GC [PSYoungGen: 2529K->0K(13824K)] [ParOldGen: 11030K->5484K(16384K)] 13560K->5484K(30208K) [PSPermGen: 2474K->2474K(21504K)], 0.0126801 secs] [Times: user=0.01 sys=0.00, real=0.01 secs] 
2014-07-09T15:51:38.029+0200: 5.641: [GC [PSYoungGen: 11254K->2529K(13824K)] 16739K->12752K(30208K), 0.0054110 secs] [Times: user=0.00 sys=0.00, real=0.00 secs] 
2014-07-09T15:51:38.034+0200: 5.646: [Full GC [PSYoungGen: 2529K->0K(13824K)] [ParOldGen: 10223K->7502K(16384K)] 12752K->7502K(30208K) [PSPermGen: 2474K->2474K(21504K)], 0.0102809 secs] [Times: user=0.03 sys=0.00, real=0.01 secs] 
2014-07-09T15:51:38.081+0200: 5.693: [GC [PSYoungGen: 11249K->2113K(13824K)] 18751K->9615K(30208K), 0.0016883 secs] [Times: user=0.00 sys=0.00, real=0.00 secs] 
2014-07-09T15:51:38.130+0200: 5.742: [GC [PSYoungGen: 13362K->2529K(13824K)] 20864K->12664K(30208K), 0.0068889 secs] [Times: user=0.03 sys=0.00, real=0.01 secs] 
2014-07-09T15:51:38.138+0200: 5.750: [Full GC [PSYoungGen: 2529K->0K(13824K)] [ParOldGen: 10135K->5389K(16384K)] 12664K->5389K(30208K) [PSPermGen: 2474K->2474K(21504K)], 0.0555218 secs] [Times: user=0.03 sys=0.00, real=0.06 secs] 
2014-07-09T15:51:38.198+0200: 5.810: [GC [PSYoungGen: 11249K->2529K(13824K)] 16638K->13585K(30208K), 0.0064992 secs] [Times: user=0.00 sys=0.00, real=0.01 secs] 
2014-07-09T15:51:38.204+0200: 5.817: [Full GC [PSYoungGen: 2529K->0K(13824K)] [ParOldGen: 11056K->8430K(16384K)] 13585K->8430K(30208K) [PSPermGen: 2474K->2474K(21504K)], 0.0108708 secs] [Times: user=0.03 sys=0.00, real=0.01 secs] 
2014-07-09T15:51:38.228+0200: 5.840: [GC [PSYoungGen: 11254K->2016K(13824K)] 19685K->10447K(30208K), 0.0015237 secs] [Times: user=0.03 sys=0.00, real=0.00 secs] 
2014-07-09T15:51:38.280+0200: 5.892: [GC [PSYoungGen: 13266K->2529K(13824K)] 21697K->13465K(30208K), 0.0088159 secs] [Times: user=0.00 sys=0.00, real=0.01 secs] 
2014-07-09T15:51:38.289+0200: 5.902: [Full GC [PSYoungGen: 2529K->0K(13824K)] [ParOldGen: 10935K->5293K(16384K)] 13465K->5293K(30208K) [PSPermGen: 2474K->2474K(21504K)], 0.0268990 secs] [Times: user=0.03 sys=0.00, real=0.03 secs] 
2014-07-09T15:51:38.324+0200: 5.937: [GC [PSYoungGen: 11249K->2529K(13824K)] 16543K->13393K(30208K), 0.0055866 secs] [Times: user=0.00 sys=0.00, real=0.01 secs] 
2014-07-09T15:51:38.330+0200: 5.942: [Full GC [PSYoungGen: 2529K->0K(13824K)] [ParOldGen: 10864K->8335K(16384K)] 13393K->8335K(30208K) [PSPermGen: 2474K->2474K(21504K)], 0.0118149 secs] [Times: user=0.03 sys=0.00, real=0.01 secs] 
2014-07-09T15:51:38.378+0200: 5.990: [GC [PSYoungGen: 11251K->2529K(13824K)] 19586K->11256K(30208K), 0.0024531 secs] [Times: user=0.00 sys=0.00, real=0.00 secs] 
2014-07-09T15:51:38.386+0200: 5.998: [GC [PSYoungGen: 13778K->2529K(13824K)] 22506K->14722K(30208K), 0.0046888 secs] [Times: user=0.00 sys=0.00, real=0.01 secs] 
2014-07-09T15:51:38.391+0200: 6.003: [Full GC [PSYoungGen: 2529K->0K(13824K)] [ParOldGen: 12193K->6222K(16384K)] 14722K->6222K(30208K) [PSPermGen: 2474K->2474K(21504K)], 0.0094109 secs] [Times: user=0.00 sys=0.00, real=0.01 secs] 
2014-07-09T15:51:38.477+0200: 6.090: [GC [PSYoungGen: 11251K->832K(13824K)] 17473K->7054K(30208K), 0.0016293 secs] [Times: user=0.02 sys=0.00, real=0.00 secs] 
2014-07-09T15:51:38.488+0200: 6.100: [GC [PSYoungGen: 12081K->2529K(13824K)] 18304K->10104K(30208K), 0.0052043 secs] [Times: user=0.00 sys=0.00, real=0.01 secs] 
2014-07-09T15:51:38.528+0200: 6.140: [GC [PSYoungGen: 13768K->2529K(13824K)] 21343K->12289K(30208K), 0.0033627 secs] [Times: user=0.00 sys=0.00, real=0.00 secs] 
2014-07-09T15:51:38.579+0200: 6.191: [GC [PSYoungGen: 13778K->2529K(13824K)] 23538K->17515K(30208K), 0.0064445 secs] [Times: user=0.00 sys=0.00, real=0.01 secs] 
2014-07-09T15:51:38.586+0200: 6.198: [Full GC [PSYoungGen: 2529K->0K(13824K)] [ParOldGen: 14986K->7985K(16384K)] 17515K->7985K(30208K) [PSPermGen: 2474K->2474K(21504K)], 0.0146009 secs] [Times: user=0.03 sys=0.00, real=0.02 secs] 
2014-07-09T15:51:38.627+0200: 6.239: [GC [PSYoungGen: 11251K->2529K(13824K)] 19236K->10578K(30208K), 0.0012260 secs] [Times: user=0.00 sys=0.00, real=0.00 secs] 
2014-07-09T15:51:38.680+0200: 6.292: [GC [PSYoungGen: 13778K->2529K(13824K)] 21828K->13692K(30208K), 0.0072926 secs] [Times: user=0.03 sys=0.00, real=0.01 secs] 
2014-07-09T15:51:38.688+0200: 6.300: [Full GC [PSYoungGen: 2529K->0K(13824K)] [ParOldGen: 11162K->5872K(16384K)] 13692K->5872K(30208K) [PSPermGen: 2474K->2474K(21504K)], 0.0466128 secs] [Times: user=0.03 sys=0.00, real=0.05 secs] 
2014-07-09T15:51:38.741+0200: 6.353: [GC [PSYoungGen: 11251K->448K(13824K)] 17123K->6320K(30208K), 0.0064702 secs] [Times: user=0.02 sys=0.00, real=0.01 secs] 
2014-07-09T15:51:38.777+0200: 6.389: [GC [PSYoungGen: 11703K->2497K(13824K)] 17575K->8377K(30208K), 0.0011329 secs] [Times: user=0.00 sys=0.00, real=0.00 secs] 
2014-07-09T15:51:38.784+0200: 6.396: [GC [PSYoungGen: 13746K->2529K(13824K)] 19627K->11427K(30208K), 0.0042210 secs] [Times: user=0.00 sys=0.00, real=0.00 secs] 
2014-07-09T15:51:38.877+0200: 6.489: [GC [PSYoungGen: 13780K->384K(13824K)] 22678K->9290K(30208K), 0.0014273 secs] [Times: user=0.00 sys=0.00, real=0.00 secs] 
2014-07-09T15:51:38.888+0200: 6.500: [GC [PSYoungGen: 11633K->2529K(13824K)] 20539K->12339K(30208K), 0.0043936 secs] [Times: user=0.00 sys=0.00, real=0.00 secs] 
2014-07-09T15:51:38.930+0200: 6.542: [GC [PSYoungGen: 13778K->2529K(13824K)] 23588K->16285K(30208K), 0.0084819 secs] [Times: user=0.02 sys=0.00, real=0.01 secs] 
2014-07-09T15:51:38.939+0200: 6.551: [Full GC [PSYoungGen: 2529K->0K(13824K)] [ParOldGen: 13756K->6705K(16384K)] 16285K->6705K(30208K) [PSPermGen: 2474K->2474K(21504K)], 0.0207180 secs] [Times: user=0.01 sys=0.00, real=0.02 secs] 
2014-07-09T15:51:38.981+0200: 6.593: [GC [PSYoungGen: 11263K->288K(13824K)] 17969K->6993K(30208K), 0.0008003 secs] [Times: user=0.00 sys=0.00, real=0.00 secs] 
2014-07-09T15:51:39.028+0200: 6.640: [GC [PSYoungGen: 11534K->2529K(13824K)] 18239K->9530K(30208K), 0.0027746 secs] [Times: user=0.00 sys=0.00, real=0.00 secs] 
2014-07-09T15:51:39.080+0200: 6.692: [GC [PSYoungGen: 13778K->2529K(13824K)] 20780K->12868K(30208K), 0.0073149 secs] [Times: user=0.00 sys=0.02, real=0.01 secs] 
2014-07-09T15:51:39.088+0200: 6.700: [Full GC [PSYoungGen: 2529K->0K(13824K)] [ParOldGen: 10339K->6098K(16384K)] 12868K->6098K(30208K) [PSPermGen: 2474K->2474K(21504K)], 0.0318752 secs] [Times: user=0.05 sys=0.00, real=0.03 secs] 
2014-07-09T15:51:39.127+0200: 6.739: [GC [PSYoungGen: 11251K->704K(13824K)] 17349K->6802K(30208K), 0.0008128 secs] [Times: user=0.00 sys=0.00, real=0.00 secs] 
2014-07-09T15:51:39.186+0200: 6.798: [GC [PSYoungGen: 11953K->2529K(13824K)] 18052K->9852K(30208K), 0.0196962 secs] [Times: user=0.02 sys=0.00, real=0.02 secs] 
2014-07-09T15:51:39.223+0200: 6.835: [GC [PSYoungGen: 13780K->2529K(13824K)] 21103K->14086K(30208K), 0.0097266 secs] [Times: user=0.00 sys=0.00, real=0.01 secs] 
2014-07-09T15:51:39.233+0200: 6.845: [Full GC [PSYoungGen: 2529K->0K(13824K)] [ParOldGen: 11556K->7026K(16384K)] 14086K->7026K(30208K) [PSPermGen: 2474K->2474K(21504K)], 0.0383325 secs] [Times: user=0.02 sys=0.00, real=0.04 secs] 
2014-07-09T15:51:39.278+0200: 6.890: [GC [PSYoungGen: 11260K->64K(13824K)] 18287K->7090K(30208K), 0.0006038 secs] [Times: user=0.00 sys=0.00, real=0.00 secs] 
2014-07-09T15:51:39.284+0200: 6.896: [GC [PSYoungGen: 11313K->2529K(13824K)] 18340K->10172K(30208K), 0.0025312 secs] [Times: user=0.00 sys=0.00, real=0.00 secs] 
2014-07-09T15:51:39.331+0200: 6.943: [GC [PSYoungGen: 13778K->2529K(13824K)] 21421K->13830K(30208K), 0.0063599 secs] [Times: user=0.00 sys=0.00, real=0.01 secs] 
2014-07-09T15:51:39.337+0200: 6.949: [Full GC [PSYoungGen: 2529K->0K(13824K)] [ParOldGen: 11300K->6419K(16384K)] 13830K->6419K(30208K) [PSPermGen: 2474K->2474K(21504K)], 0.0133503 secs] [Times: user=0.00 sys=0.00, real=0.01 secs] 
2014-07-09T15:51:39.380+0200: 6.992: [GC [PSYoungGen: 11249K->1024K(13824K)] 17669K->7444K(30208K), 0.0010709 secs] [Times: user=0.00 sys=0.00, real=0.00 secs] 
2014-07-09T15:51:39.429+0200: 7.041: [GC [PSYoungGen: 12273K->2529K(13824K)] 18693K->10493K(30208K), 0.0044307 secs] [Times: user=0.03 sys=0.00, real=0.01 secs] 
2014-07-09T15:51:39.480+0200: 7.093: [GC [PSYoungGen: 13780K->2529K(13824K)] 21744K->15079K(30208K), 0.0061919 secs] [Times: user=0.00 sys=0.00, real=0.01 secs] 
2014-07-09T15:51:39.487+0200: 7.099: [Full GC [PSYoungGen: 2529K->0K(13824K)] [ParOldGen: 12550K->7347K(16384K)] 15079K->7347K(30208K) [PSPermGen: 2474K->2474K(21504K)], 0.0131318 secs] [Times: user=0.02 sys=0.00, real=0.01 secs] 
2014-07-09T15:51:39.527+0200: 7.139: [GC [PSYoungGen: 11234K->256K(13824K)] 18582K->7604K(30208K), 0.0004817 secs] [Times: user=0.00 sys=0.00, real=0.00 secs] 
2014-07-09T15:51:39.578+0200: 7.190: [GC [PSYoungGen: 11505K->2529K(13824K)] 18853K->10653K(30208K), 0.0017154 secs] [Times: user=0.00 sys=0.00, real=0.00 secs] 
2014-07-09T15:51:39.585+0200: 7.197: [GC [PSYoungGen: 13780K->2529K(13824K)] 21905K->14471K(30208K), 0.0051548 secs] [Times: user=0.02 sys=0.00, real=0.00 secs] 
2014-07-09T15:51:39.590+0200: 7.202: [Full GC [PSYoungGen: 2529K->0K(13824K)] [ParOldGen: 11942K->6581K(16384K)] 14471K->6581K(30208K) [PSPermGen: 2474K->2474K(21504K)], 0.0099854 secs] [Times: user=0.00 sys=0.00, real=0.01 secs] 
2014-07-09T15:51:39.679+0200: 7.291: [GC [PSYoungGen: 11249K->1184K(13824K)] 17830K->7765K(30208K), 0.0019486 secs] [Times: user=0.02 sys=0.00, real=0.00 secs] 
2014-07-09T15:51:39.695+0200: 7.307: [GC [PSYoungGen: 12436K->2529K(13824K)] 19017K->10783K(30208K), 0.0111425 secs] [Times: user=0.00 sys=0.00, real=0.01 secs] 
2014-07-09T15:51:39.729+0200: 7.341: [GC [PSYoungGen: 13778K->2529K(13824K)] 22032K->15529K(30208K), 0.0059580 secs] [Times: user=0.00 sys=0.00, real=0.01 secs] 
2014-07-09T15:51:39.735+0200: 7.347: [Full GC [PSYoungGen: 2529K->0K(13824K)] [ParOldGen: 13000K->7509K(16384K)] 15529K->7509K(30208K) [PSPermGen: 2474K->2474K(21504K)], 0.0119769 secs] [Times: user=0.02 sys=0.00, real=0.01 secs] 
2014-07-09T15:51:39.780+0200: 7.392: [GC [PSYoungGen: 11254K->1088K(13824K)] 18764K->8598K(30208K), 0.0018870 secs] [Times: user=0.00 sys=0.00, real=0.00 secs] 
2014-07-09T15:51:39.828+0200: 7.440: [GC [PSYoungGen: 12337K->2529K(13824K)] 19847K->11647K(30208K), 0.0032193 secs] [Times: user=0.00 sys=0.00, real=0.00 secs] 
2014-07-09T15:51:39.879+0200: 7.492: [GC [PSYoungGen: 13778K->2529K(13824K)] 22897K->16298K(30208K), 0.0055067 secs] [Times: user=0.03 sys=0.00, real=0.01 secs] 
2014-07-09T15:51:39.885+0200: 7.497: [Full GC [PSYoungGen: 2529K->0K(13824K)] [ParOldGen: 13768K->7414K(16384K)] 16298K->7414K(30208K) [PSPermGen: 2474K->2474K(21504K)], 0.0126922 secs] [Times: user=0.01 sys=0.00, real=0.01 secs] 
2014-07-09T15:51:39.928+0200: 7.540: [GC [PSYoungGen: 11249K->2016K(13824K)] 18663K->9431K(30208K), 0.0011684 secs] [Times: user=0.02 sys=0.00, real=0.00 secs] 
2014-07-09T15:51:39.980+0200: 7.592: [GC [PSYoungGen: 13268K->2529K(13824K)] 20682K->12480K(30208K), 0.0072651 secs] [Times: user=0.00 sys=0.00, real=0.01 secs] 
2014-07-09T15:51:39.998+0200: 7.610: [GC [PSYoungGen: 13789K->2529K(13824K)] 23741K->16522K(30208K), 0.0079983 secs] [Times: user=0.00 sys=0.00, real=0.01 secs] 
2014-07-09T15:51:40.006+0200: 7.618: [Full GC [PSYoungGen: 2529K->0K(13824K)] [ParOldGen: 13993K->6807K(16384K)] 16522K->6807K(30208K) [PSPermGen: 2474K->2474K(21504K)], 0.0116554 secs] [Times: user=0.03 sys=0.00, real=0.01 secs] 
2014-07-09T15:51:40.078+0200: 7.690: [GC [PSYoungGen: 11255K->864K(13824K)] 18062K->7671K(30208K), 0.0280758 secs] [Times: user=0.03 sys=0.00, real=0.03 secs] 
2014-07-09T15:51:40.112+0200: 7.724: [GC [PSYoungGen: 12113K->2529K(13824K)] 18921K->10753K(30208K), 0.0028399 secs] [Times: user=0.00 sys=0.00, real=0.00 secs] 
2014-07-09T15:51:40.129+0200: 7.742: [GC [PSYoungGen: 13778K->2529K(13824K)] 22002K->15211K(30208K), 0.0056757 secs] [Times: user=0.03 sys=0.00, real=0.01 secs] 
2014-07-09T15:51:40.135+0200: 7.747: [Full GC [PSYoungGen: 2529K->0K(13824K)] [ParOldGen: 12682K->7223K(16384K)] 15211K->7223K(30208K) [PSPermGen: 2474K->2474K(21504K)], 0.0157286 secs] [Times: user=0.01 sys=0.00, real=0.02 secs] 
2014-07-09T15:51:40.182+0200: 7.794: [GC [PSYoungGen: 11249K->1824K(13824K)] 18473K->9048K(30208K), 0.0012084 secs] [Times: user=0.00 sys=0.00, real=0.00 secs] 
2014-07-09T15:51:40.228+0200: 7.841: [GC [PSYoungGen: 13079K->2529K(13824K)] 20303K->11041K(30208K), 0.0173913 secs] [Times: user=0.01 sys=0.00, real=0.02 secs] 
2014-07-09T15:51:40.281+0200: 7.893: [GC [PSYoungGen: 13780K->2529K(13824K)] 22293K->15371K(30208K), 0.0107172 secs] [Times: user=0.00 sys=0.00, real=0.01 secs] 
2014-07-09T15:51:40.292+0200: 7.904: [Full GC [PSYoungGen: 2529K->0K(13824K)] [ParOldGen: 12842K->7128K(16384K)] 15371K->7128K(30208K) [PSPermGen: 2474K->2474K(21504K)], 0.0168761 secs] [Times: user=0.00 sys=0.00, real=0.02 secs] 
2014-07-09T15:51:40.327+0200: 7.940: [GC [PSYoungGen: 11249K->1728K(13824K)] 18377K->8857K(30208K), 0.0234215 secs] [Times: user=0.00 sys=0.00, real=0.02 secs] 
2014-07-09T15:51:40.379+0200: 7.991: [GC [PSYoungGen: 12980K->2529K(13824K)] 20108K->11906K(30208K), 0.0037836 secs] [Times: user=0.02 sys=0.00, real=0.00 secs] 
2014-07-09T15:51:40.388+0200: 8.001: [GC [PSYoungGen: 13778K->2529K(13824K)] 23156K->17197K(30208K), 0.0055038 secs] [Times: user=0.00 sys=0.00, real=0.01 secs] 
2014-07-09T15:51:40.394+0200: 8.006: [Full GC [PSYoungGen: 2529K->0K(13824K)] [ParOldGen: 14668K->8056K(16384K)] 17197K->8056K(30208K) [PSPermGen: 2474K->2474K(21504K)], 0.0158657 secs] [Times: user=0.02 sys=0.00, real=0.02 secs] 
2014-07-09T15:51:40.477+0200: 8.090: [GC [PSYoungGen: 11251K->2529K(13824K)] 19308K->10714K(30208K), 0.0012102 secs] [Times: user=0.00 sys=0.00, real=0.00 secs] 
2014-07-09T15:51:40.484+0200: 8.096: [GC [PSYoungGen: 13778K->2529K(13824K)] 21963K->13891K(30208K), 0.0044670 secs] [Times: user=0.00 sys=0.00, real=0.00 secs] 
2014-07-09T15:51:40.488+0200: 8.101: [Full GC [PSYoungGen: 2529K->0K(13824K)] [ParOldGen: 11362K->5943K(16384K)] 13891K->5943K(30208K) [PSPermGen: 2474K->2474K(21504K)], 0.0095447 secs] [Times: user=0.02 sys=0.00, real=0.01 secs] 
2014-07-09T15:51:40.530+0200: 8.142: [GC [PSYoungGen: 11233K->2529K(13824K)] 17177K->12987K(30208K), 0.0053370 secs] [Times: user=0.00 sys=0.00, real=0.01 secs] 
2014-07-09T15:51:40.535+0200: 8.147: [Full GC [PSYoungGen: 2529K->0K(13824K)] [ParOldGen: 10458K->7290K(16384K)] 12987K->7290K(30208K) [PSPermGen: 2474K->2474K(21504K)], 0.0114167 secs] [Times: user=0.01 sys=0.00, real=0.01 secs] 
2014-07-09T15:51:40.580+0200: 8.192: [GC [PSYoungGen: 11249K->1888K(13824K)] 18539K->9179K(30208K), 0.0014771 secs] [Times: user=0.00 sys=0.00, real=0.00 secs] 
2014-07-09T15:51:40.628+0200: 8.240: [GC [PSYoungGen: 13138K->2529K(13824K)] 20428K->12228K(30208K), 0.0038928 secs] [Times: user=0.03 sys=0.00, real=0.00 secs] 
2014-07-09T15:51:40.679+0200: 8.292: [GC [PSYoungGen: 13778K->2529K(13824K)] 23478K->17679K(30208K), 0.0059250 secs] [Times: user=0.00 sys=0.00, real=0.01 secs] 
2014-07-09T15:51:40.685+0200: 8.298: [Full GC [PSYoungGen: 2529K->0K(13824K)] [ParOldGen: 15150K->8218K(16384K)] 17679K->8218K(30208K) [PSPermGen: 2474K->2474K(21504K)], 0.0111300 secs] [Times: user=0.03 sys=0.00, real=0.01 secs] 
2014-07-09T15:51:40.728+0200: 8.340: [GC [PSYoungGen: 11251K->2529K(13824K)] 19470K->11035K(30208K), 0.0015556 secs] [Times: user=0.00 sys=0.00, real=0.00 secs] 
2014-07-09T15:51:40.778+0200: 8.390: [GC [PSYoungGen: 13789K->2529K(13824K)] 22296K->12804K(30208K), 0.0036978 secs] [Times: user=0.00 sys=0.00, real=0.00 secs] 
2014-07-09T15:51:40.782+0200: 8.394: [Full GC [PSYoungGen: 2529K->0K(13824K)] [ParOldGen: 10275K->4775K(16384K)] 12804K->4775K(30208K) [PSPermGen: 2474K->2474K(21504K)], 0.0115333 secs] [Times: user=0.02 sys=0.00, real=0.01 secs] 
2014-07-09T15:51:40.800+0200: 8.412: [GC [PSYoungGen: 11249K->2529K(13824K)] 16024K->12106K(30208K), 0.0154672 secs] [Times: user=0.00 sys=0.00, real=0.02 secs] 
2014-07-09T15:51:40.815+0200: 8.428: [Full GC [PSYoungGen: 2529K->0K(13824K)] [ParOldGen: 9577K->7611K(16384K)] 12106K->7611K(30208K) [PSPermGen: 2474K->2474K(21504K)], 0.0233071 secs] [Times: user=0.03 sys=0.00, real=0.02 secs] 
2014-07-09T15:51:40.878+0200: 8.491: [GC [PSYoungGen: 11251K->2209K(13824K)] 18862K->9820K(30208K), 0.0037256 secs] [Times: user=0.03 sys=0.00, real=0.00 secs] 
2014-07-09T15:51:40.893+0200: 8.505: [GC [PSYoungGen: 13458K->2529K(13824K)] 21069K->12869K(30208K), 0.0074264 secs] [Times: user=0.03 sys=0.00, real=0.01 secs] 
2014-07-09T15:51:40.901+0200: 8.514: [Full GC [PSYoungGen: 2529K->0K(13824K)] [ParOldGen: 10340K->5498K(16384K)] 12869K->5498K(30208K) [PSPermGen: 2474K->2474K(21504K)], 0.0496231 secs] [Times: user=0.00 sys=0.00, real=0.05 secs] 
2014-07-09T15:51:40.977+0200: 8.589: [GC [PSYoungGen: 11251K->96K(13824K)] 16749K->5594K(30208K), 0.0005866 secs] [Times: user=0.00 sys=0.00, real=0.00 secs] 
2014-07-09T15:51:40.983+0200: 8.595: [GC [PSYoungGen: 11345K->2529K(13824K)] 16843K->8611K(30208K), 0.0150885 secs] [Times: user=0.00 sys=0.00, real=0.01 secs] 
2014-07-09T15:51:41.028+0200: 8.640: [GC [PSYoungGen: 13789K->2529K(13824K)] 19872K->10732K(30208K), 0.0036336 secs] [Times: user=0.00 sys=0.00, real=0.00 secs] 
2014-07-09T15:51:41.079+0200: 8.691: [GC [PSYoungGen: 13778K->2529K(13824K)] 21982K->15895K(30208K), 0.0058818 secs] [Times: user=0.03 sys=0.00, real=0.01 secs] 
2014-07-09T15:51:41.085+0200: 8.697: [Full GC [PSYoungGen: 2529K->0K(13824K)] [ParOldGen: 13366K->7932K(16384K)] 15895K->7932K(30208K) [PSPermGen: 2474K->2474K(21504K)], 0.0114637 secs] [Times: user=0.00 sys=0.00, real=0.01 secs] 
2014-07-09T15:51:41.127+0200: 8.740: [GC [PSYoungGen: 11251K->2497K(13824K)] 19184K->10429K(30208K), 0.0019974 secs] [Times: user=0.00 sys=0.00, real=0.00 secs] 
2014-07-09T15:51:41.178+0200: 8.791: [GC [PSYoungGen: 13746K->2529K(13824K)] 21679K->13479K(30208K), 0.0071917 secs] [Times: user=0.00 sys=0.00, real=0.01 secs] 
2014-07-09T15:51:41.186+0200: 8.798: [Full GC [PSYoungGen: 2529K->0K(13824K)] [ParOldGen: 10950K->5819K(16384K)] 13479K->5819K(30208K) [PSPermGen: 2474K->2474K(21504K)], 0.0092320 secs] [Times: user=0.03 sys=0.00, real=0.01 secs] 
2014-07-09T15:51:41.228+0200: 8.839: [GC [PSYoungGen: 11251K->416K(13824K)] 17071K->6235K(30208K), 0.0005444 secs] [Times: user=0.00 sys=0.00, real=0.00 secs] 
2014-07-09T15:51:41.280+0200: 8.892: [GC [PSYoungGen: 11671K->2401K(13824K)] 17490K->8228K(30208K), 0.0122391 secs] [Times: user=0.00 sys=0.00, real=0.01 secs] 
2014-07-09T15:51:41.300+0200: 8.911: [GC [PSYoungGen: 13650K->2529K(13824K)] 19478K->11278K(30208K), 0.0060255 secs] [Times: user=0.01 sys=0.00, real=0.01 secs] 
2014-07-09T15:51:41.377+0200: 8.988: [GC [PSYoungGen: 13780K->320K(13824K)] 22529K->9077K(30208K), 0.0004957 secs] [Times: user=0.00 sys=0.00, real=0.00 secs] 
2014-07-09T15:51:41.382+0200: 8.993: [GC [PSYoungGen: 11569K->2529K(13824K)] 20326K->12126K(30208K), 0.0071378 secs] [Times: user=0.00 sys=0.00, real=0.01 secs] 
2014-07-09T15:51:41.429+0200: 9.040: [GC [PSYoungGen: 13778K->2529K(13824K)] 23376K->16008K(30208K), 0.0046939 secs] [Times: user=0.00 sys=0.00, real=0.00 secs] 
2014-07-09T15:51:41.433+0200: 9.045: [Full GC [PSYoungGen: 2529K->0K(13824K)] [ParOldGen: 13479K->6652K(16384K)] 16008K->6652K(30208K) [PSPermGen: 2474K->2474K(21504K)], 0.0098960 secs] [Times: user=0.03 sys=0.00, real=0.01 secs] 
2014-07-09T15:51:41.502+0200: 9.113: [GC [PSYoungGen: 11249K->1248K(13824K)] 17902K->7901K(30208K), 0.0011409 secs] [Times: user=0.00 sys=0.00, real=0.00 secs] 
2014-07-09T15:51:41.527+0200: 9.139: [GC [PSYoungGen: 12486K->2080K(13824K)] 19139K->8741K(30208K), 0.0010614 secs] [Times: user=0.00 sys=0.00, real=0.00 secs] 
2014-07-09T15:51:41.578+0200: 9.190: [GC [PSYoungGen: 13330K->2529K(13824K)] 19991K->11791K(30208K), 0.0034228 secs] [Times: user=0.00 sys=0.00, real=0.00 secs] 
2014-07-09T15:51:41.587+0200: 9.198: [GC [PSYoungGen: 13778K->2529K(13824K)] 23040K->17433K(30208K), 0.0059276 secs] [Times: user=0.00 sys=0.00, real=0.01 secs] 
2014-07-09T15:51:41.593+0200: 9.204: [Full GC [PSYoungGen: 2529K->0K(13824K)] [ParOldGen: 14904K->8415K(16384K)] 17433K->8415K(30208K) [PSPermGen: 2474K->2474K(21504K)], 0.0132781 secs] [Times: user=0.02 sys=0.00, real=0.01 secs] 
2014-07-09T15:51:41.679+0200: 9.290: [GC [PSYoungGen: 11251K->2529K(13824K)] 19667K->11393K(30208K), 0.0027119 secs] [Times: user=0.00 sys=0.00, real=0.00 secs] 
2014-07-09T15:51:41.688+0200: 9.300: [GC [PSYoungGen: 13778K->2529K(13824K)] 22642K->14890K(30208K), 0.0187822 secs] [Times: user=0.01 sys=0.00, real=0.02 secs] 
2014-07-09T15:51:41.707+0200: 9.318: [Full GC [PSYoungGen: 2529K->0K(13824K)] [ParOldGen: 12361K->6302K(16384K)] 14890K->6302K(30208K) [PSPermGen: 2474K->2474K(21504K)], 0.0122501 secs] [Times: user=0.02 sys=0.00, real=0.01 secs] 
2014-07-09T15:51:41.730+0200: 9.341: [GC [PSYoungGen: 11262K->1152K(13824K)] 17565K->7454K(30208K), 0.0010068 secs] [Times: user=0.00 sys=0.00, real=0.00 secs] 
2014-07-09T15:51:41.781+0200: 9.392: [GC [PSYoungGen: 12395K->2529K(13824K)] 18698K->9224K(30208K), 0.0032498 secs] [Times: user=0.00 sys=0.00, real=0.00 secs] 
2014-07-09T15:51:41.829+0200: 9.441: [GC [PSYoungGen: 13778K->2529K(13824K)] 20473K->12625K(30208K), 0.0176560 secs] [Times: user=0.02 sys=0.00, real=0.02 secs] 
2014-07-09T15:51:41.847+0200: 9.458: [Full GC [PSYoungGen: 2529K->0K(13824K)] [ParOldGen: 10096K->6207K(16384K)] 12625K->6207K(30208K) [PSPermGen: 2474K->2474K(21504K)], 0.0144139 secs] [Times: user=0.02 sys=0.00, real=0.02 secs] 
2014-07-09T15:51:41.880+0200: 9.492: [GC [PSYoungGen: 11251K->800K(13824K)] 17458K->7007K(30208K), 0.0009268 secs] [Times: user=0.00 sys=0.00, real=0.00 secs] 
2014-07-09T15:51:41.929+0200: 9.541: [GC [PSYoungGen: 12049K->2529K(13824K)] 18257K->10057K(30208K), 0.0042232 secs] [Times: user=0.00 sys=0.00, real=0.01 secs] 
2014-07-09T15:51:41.980+0200: 9.591: [GC [PSYoungGen: 13780K->2529K(13824K)] 21308K->14387K(30208K), 0.0064852 secs] [Times: user=0.00 sys=0.00, real=0.01 secs] 
2014-07-09T15:51:41.986+0200: 9.598: [Full GC [PSYoungGen: 2529K->0K(13824K)] [ParOldGen: 11857K->7135K(16384K)] 14387K->7135K(30208K) [PSPermGen: 2474K->2474K(21504K)], 0.0364913 secs] [Times: user=0.03 sys=0.00, real=0.04 secs] 
2014-07-09T15:51:42.032+0200: 9.643: [GC [PSYoungGen: 11260K->160K(13824K)] 18396K->7295K(30208K), 0.0009276 secs] [Times: user=0.00 sys=0.00, real=0.00 secs] 
2014-07-09T15:51:42.077+0200: 9.689: [GC [PSYoungGen: 11409K->2529K(13824K)] 18545K->10377K(30208K), 0.0016289 secs] [Times: user=0.00 sys=0.00, real=0.00 secs] 
2014-07-09T15:51:42.084+0200: 9.696: [GC [PSYoungGen: 13780K->2529K(13824K)] 21628K->14131K(30208K), 0.0049106 secs] [Times: user=0.00 sys=0.00, real=0.00 secs] 
2014-07-09T15:51:42.089+0200: 9.701: [Full GC [PSYoungGen: 2529K->0K(13824K)] [ParOldGen: 11601K->6528K(16384K)] 14131K->6528K(30208K) [PSPermGen: 2474K->2474K(21504K)], 0.0098036 secs] [Times: user=0.03 sys=0.00, real=0.01 secs] 
2014-07-09T15:51:42.177+0200: 9.788: [GC [PSYoungGen: 11249K->1120K(13824K)] 17777K->7648K(30208K), 0.0006783 secs] [Times: user=0.00 sys=0.00, real=0.00 secs] 
2014-07-09T15:51:42.182+0200: 9.794: [GC [PSYoungGen: 12370K->2529K(13824K)] 18898K->10698K(30208K), 0.0034576 secs] [Times: user=0.00 sys=0.00, real=0.00 secs] 
2014-07-09T15:51:42.232+0200: 9.843: [GC [PSYoungGen: 13778K->2529K(13824K)] 21947K->15380K(30208K), 0.0328929 secs] [Times: user=0.03 sys=0.00, real=0.03 secs] 
2014-07-09T15:51:42.265+0200: 9.876: [Full GC [PSYoungGen: 2529K->0K(13824K)] [ParOldGen: 12851K->7456K(16384K)] 15380K->7456K(30208K) [PSPermGen: 2474K->2474K(21504K)], 0.0186572 secs] [Times: user=0.02 sys=0.00, real=0.02 secs] 
2014-07-09T15:51:42.290+0200: 9.901: [GC [PSYoungGen: 11260K->512K(13824K)] 18717K->7969K(30208K), 0.0009309 secs] [Times: user=0.00 sys=0.00, real=0.00 secs] 
2014-07-09T15:51:42.327+0200: 9.939: [GC [PSYoungGen: 11761K->2529K(13824K)] 19218K->11018K(30208K), 0.0019992 secs] [Times: user=0.00 sys=0.00, real=0.00 secs] 
2014-07-09T15:51:42.381+0200: 9.993: [GC [PSYoungGen: 13780K->2529K(13824K)] 22270K->15060K(30208K), 0.0341860 secs] [Times: user=0.03 sys=0.00, real=0.03 secs] 
2014-07-09T15:51:42.416+0200: 10.027: [Full GC [PSYoungGen: 2529K->0K(13824K)] [ParOldGen: 12531K->6849K(16384K)] 15060K->6849K(30208K) [PSPermGen: 2474K->2474K(21504K)], 0.0157297 secs] [Times: user=0.01 sys=0.00, real=0.02 secs] 
2014-07-09T15:51:42.437+0200: 10.048: [GC [PSYoungGen: 11249K->1440K(13824K)] 18099K->8290K(30208K), 0.0012341 secs] [Times: user=0.00 sys=0.00, real=0.00 secs] 
2014-07-09T15:51:42.478+0200: 10.090: [GC [PSYoungGen: 12692K->2529K(13824K)] 19541K->11339K(30208K), 0.0030731 secs] [Times: user=0.00 sys=0.00, real=0.00 secs] 
2014-07-09T15:51:42.487+0200: 10.099: [GC [PSYoungGen: 13790K->2529K(13824K)] 22601K->15702K(30208K), 0.0050132 secs] [Times: user=0.03 sys=0.00, real=0.01 secs] 
2014-07-09T15:51:42.493+0200: 10.104: [Full GC [PSYoungGen: 2529K->0K(13824K)] [ParOldGen: 13172K->7139K(16384K)] 15702K->7139K(30208K) [PSPermGen: 2474K->2474K(21504K)], 0.0102824 secs] [Times: user=0.00 sys=0.00, real=0.01 secs] 
2014-07-09T15:51:42.577+0200: 10.188: [GC [PSYoungGen: 11254K->672K(13824K)] 18394K->7811K(30208K), 0.0061864 secs] [Times: user=0.02 sys=0.00, real=0.01 secs] 
2014-07-09T15:51:42.588+0200: 10.199: [GC [PSYoungGen: 11921K->2529K(13824K)] 19060K->10892K(30208K), 0.0025195 secs] [Times: user=0.00 sys=0.00, real=0.00 secs] 
2014-07-09T15:51:42.628+0200: 10.240: [GC [PSYoungGen: 13778K->2529K(13824K)] 22142K->15158K(30208K), 0.0054767 secs] [Times: user=0.03 sys=0.00, real=0.01 secs] 
2014-07-09T15:51:42.634+0200: 10.245: [Full GC [PSYoungGen: 2529K->0K(13824K)] [ParOldGen: 12629K->7043K(16384K)] 15158K->7043K(30208K) [PSPermGen: 2474K->2474K(21504K)], 0.0101797 secs] [Times: user=0.00 sys=0.00, real=0.01 secs] 
2014-07-09T15:51:42.686+0200: 10.298: [GC [PSYoungGen: 11249K->1600K(13824K)] 18293K->8644K(30208K), 0.0639138 secs] [Times: user=0.05 sys=0.00, real=0.06 secs] 
2014-07-09T15:51:42.770+0200: 10.381: [GC [PSYoungGen: 12855K->2529K(13824K)] 19899K->10701K(30208K), 0.0053234 secs] [Times: user=0.00 sys=0.00, real=0.01 secs] 
2014-07-09T15:51:42.781+0200: 10.393: [GC [PSYoungGen: 13780K->2529K(13824K)] 21952K->14871K(30208K), 0.0047914 secs] [Times: user=0.03 sys=0.00, real=0.01 secs] 
2014-07-09T15:51:42.786+0200: 10.398: [Full GC [PSYoungGen: 2529K->0K(13824K)] [ParOldGen: 12342K->6948K(16384K)] 14871K->6948K(30208K) [PSPermGen: 2474K->2474K(21504K)], 0.0120781 secs] [Times: user=0.00 sys=0.00, real=0.01 secs] 
2014-07-09T15:51:42.828+0200: 10.439: [GC [PSYoungGen: 11249K->1536K(13824K)] 18197K->8484K(30208K), 0.0009323 secs] [Times: user=0.00 sys=0.00, real=0.00 secs] 
2014-07-09T15:51:42.878+0200: 10.489: [GC [PSYoungGen: 12788K->2529K(13824K)] 19736K->11534K(30208K), 0.0033598 secs] [Times: user=0.03 sys=0.00, real=0.00 secs] 
2014-07-09T15:51:42.886+0200: 10.497: [GC [PSYoungGen: 13778K->2529K(13824K)] 22783K->16632K(30208K), 0.0059885 secs] [Times: user=0.00 sys=0.00, real=0.01 secs] 
2014-07-09T15:51:42.892+0200: 10.503: [Full GC [PSYoungGen: 2529K->0K(13824K)] [ParOldGen: 14103K->7876K(16384K)] 16632K->7876K(30208K) [PSPermGen: 2474K->2474K(21504K)], 0.0105618 secs] [Times: user=0.03 sys=0.00, real=0.01 secs] 
2014-07-09T15:51:42.977+0200: 10.589: [GC [PSYoungGen: 11251K->2465K(13824K)] 19128K->10341K(30208K), 0.0011402 secs] [Times: user=0.00 sys=0.00, real=0.00 secs] 
2014-07-09T15:51:42.983+0200: 10.595: [GC [PSYoungGen: 13714K->2529K(13824K)] 21591K->13391K(30208K), 0.0041718 secs] [Times: user=0.02 sys=0.00, real=0.00 secs] 
2014-07-09T15:51:42.988+0200: 10.599: [Full GC [PSYoungGen: 2529K->0K(13824K)] [ParOldGen: 10861K->5763K(16384K)] 13391K->5763K(30208K) [PSPermGen: 2474K->2474K(21504K)], 0.0096408 secs] [Times: user=0.00 sys=0.00, real=0.01 secs] 
2014-07-09T15:51:43.029+0200: 10.640: [GC [PSYoungGen: 11234K->2529K(13824K)] 16997K->12230K(30208K), 0.0049421 secs] [Times: user=0.00 sys=0.00, real=0.00 secs] 
2014-07-09T15:51:43.087+0200: 10.698: [GC [PSYoungGen: 13778K->1280K(13824K)] 23480K->10990K(30208K), 0.0097156 secs] [Times: user=0.00 sys=0.00, real=0.01 secs] 
2014-07-09T15:51:43.129+0200: 10.741: [GC [PSYoungGen: 12530K->2529K(13824K)] 22239K->14039K(30208K), 0.0147215 secs] [Times: user=0.02 sys=0.00, real=0.02 secs] 
2014-07-09T15:51:43.144+0200: 10.756: [Full GC [PSYoungGen: 2529K->0K(13824K)] [ParOldGen: 11510K->4809K(16384K)] 14039K->4809K(30208K) [PSPermGen: 2474K->2474K(21504K)], 0.0119788 secs] [Times: user=0.00 sys=0.00, real=0.01 secs] 
2014-07-09T15:51:43.179+0200: 10.790: [GC [PSYoungGen: 11249K->2529K(13824K)] 16058K->12204K(30208K), 0.0055621 secs] [Times: user=0.00 sys=0.00, real=0.01 secs] 
2014-07-09T15:51:43.185+0200: 10.796: [Full GC [PSYoungGen: 2529K->0K(13824K)] [ParOldGen: 9675K->7654K(16384K)] 12204K->7654K(30208K) [PSPermGen: 2474K->2474K(21504K)], 0.0141877 secs] [Times: user=0.01 sys=0.00, real=0.01 secs] 
2014-07-09T15:51:43.228+0200: 10.839: [GC [PSYoungGen: 11251K->2241K(13824K)] 18905K->9895K(30208K), 0.0012491 secs] [Times: user=0.00 sys=0.00, real=0.00 secs] 
2014-07-09T15:51:43.280+0200: 10.891: [GC [PSYoungGen: 13496K->2529K(13824K)] 21150K->11920K(30208K), 0.0066037 secs] [Times: user=0.03 sys=0.00, real=0.01 secs] 
2014-07-09T15:51:43.297+0200: 10.909: [GC [PSYoungGen: 13778K->2529K(13824K)] 23169K->16698K(30208K), 0.0093570 secs] [Times: user=0.02 sys=0.00, real=0.01 secs] 
2014-07-09T15:51:43.307+0200: 10.918: [Full GC [PSYoungGen: 2529K->0K(13824K)] [ParOldGen: 14169K->7558K(16384K)] 16698K->7558K(30208K) [PSPermGen: 2474K->2474K(21504K)], 0.0140616 secs] [Times: user=0.02 sys=0.00, real=0.01 secs] 
2014-07-09T15:51:43.378+0200: 10.990: [GC [PSYoungGen: 11251K->2145K(13824K)] 18810K->9703K(30208K), 0.0023009 secs] [Times: user=0.00 sys=0.00, real=0.00 secs] 
2014-07-09T15:51:43.392+0200: 11.003: [GC [PSYoungGen: 13394K->2529K(13824K)] 20953K->12753K(30208K), 0.0058554 secs] [Times: user=0.03 sys=0.00, real=0.01 secs] 
2014-07-09T15:51:43.398+0200: 11.009: [Full GC [PSYoungGen: 2529K->0K(13824K)] [ParOldGen: 10223K->5445K(16384K)] 12753K->5445K(30208K) [PSPermGen: 2474K->2474K(21504K)], 0.0138255 secs] [Times: user=0.03 sys=0.00, real=0.01 secs] 
2014-07-09T15:51:43.430+0200: 11.042: [GC [PSYoungGen: 11249K->2529K(13824K)] 16695K->13673K(30208K), 0.0064812 secs] [Times: user=0.00 sys=0.00, real=0.01 secs] 
2014-07-09T15:51:43.437+0200: 11.048: [Full GC [PSYoungGen: 2529K->0K(13824K)] [ParOldGen: 11144K->8487K(16384K)] 13673K->8487K(30208K) [PSPermGen: 2474K->2474K(21504K)], 0.0160608 secs] [Times: user=0.03 sys=0.00, real=0.02 secs] 
2014-07-09T15:51:43.481+0200: 11.093: [GC [PSYoungGen: 11252K->2529K(13824K)] 19739K->11560K(30208K), 0.0022368 secs] [Times: user=0.00 sys=0.00, real=0.00 secs] 
2014-07-09T15:51:43.529+0200: 11.141: [GC [PSYoungGen: 13763K->2529K(13824K)] 22795K->13457K(30208K), 0.0058950 secs] [Times: user=0.00 sys=0.02, real=0.01 secs] 
2014-07-09T15:51:43.536+0200: 11.147: [Full GC [PSYoungGen: 2529K->0K(13824K)] [ParOldGen: 10928K->4872K(16384K)] 13457K->4872K(30208K) [PSPermGen: 2474K->2474K(21504K)], 0.0172886 secs] [Times: user=0.01 sys=0.00, real=0.02 secs] 
2014-07-09T15:51:43.579+0200: 11.191: [GC [PSYoungGen: 11249K->2529K(13824K)] 16121K->12331K(30208K), 0.0054477 secs] [Times: user=0.03 sys=0.00, real=0.01 secs] 
2014-07-09T15:51:43.585+0200: 11.196: [Full GC [PSYoungGen: 2529K->0K(13824K)] [ParOldGen: 9802K->7720K(16384K)] 12331K->7720K(30208K) [PSPermGen: 2474K->2474K(21504K)], 0.0101108 secs] [Times: user=0.00 sys=0.00, real=0.01 secs] 
2014-07-09T15:51:43.628+0200: 11.239: [GC [PSYoungGen: 11251K->2305K(13824K)] 18971K->10025K(30208K), 0.0012891 secs] [Times: user=0.00 sys=0.00, real=0.00 secs] 
2014-07-09T15:51:43.679+0200: 11.290: [GC [PSYoungGen: 13554K->2529K(13824K)] 21274K->13074K(30208K), 0.0037825 secs] [Times: user=0.00 sys=0.00, real=0.00 secs] 
2014-07-09T15:51:43.683+0200: 11.294: [Full GC [PSYoungGen: 2529K->0K(13824K)] [ParOldGen: 10545K->5607K(16384K)] 13074K->5607K(30208K) [PSPermGen: 2474K->2474K(21504K)], 0.0093141 secs] [Times: user=0.03 sys=0.00, real=0.01 secs] 
2014-07-09T15:51:43.729+0200: 11.340: [GC [PSYoungGen: 11251K->192K(13824K)] 16858K->5799K(30208K), 0.0016810 secs] [Times: user=0.00 sys=0.00, real=0.00 secs] 
2014-07-09T15:51:43.777+0200: 11.389: [GC [PSYoungGen: 11450K->1696K(13824K)] 17058K->7312K(30208K), 0.0012876 secs] [Times: user=0.00 sys=0.00, real=0.00 secs] 
2014-07-09T15:51:43.784+0200: 11.395: [GC [PSYoungGen: 12948K->2529K(13824K)] 18563K->10361K(30208K), 0.0042367 secs] [Times: user=0.00 sys=0.00, real=0.00 secs] 
2014-07-09T15:51:43.831+0200: 11.442: [GC [PSYoungGen: 13778K->2529K(13824K)] 21611K->15588K(30208K), 0.0123916 secs] [Times: user=0.00 sys=0.00, real=0.01 secs] 
2014-07-09T15:51:43.843+0200: 11.455: [Full GC [PSYoungGen: 2529K->0K(13824K)] [ParOldGen: 13058K->8041K(16384K)] 15588K->8041K(30208K) [PSPermGen: 2474K->2474K(21504K)], 0.0138625 secs] [Times: user=0.02 sys=0.00, real=0.01 secs] 
2014-07-09T15:51:43.881+0200: 11.492: [GC [PSYoungGen: 11251K->2529K(13824K)] 19293K->10666K(30208K), 0.0018955 secs] [Times: user=0.00 sys=0.00, real=0.00 secs] 
2014-07-09T15:51:43.928+0200: 11.540: [GC [PSYoungGen: 13778K->2529K(13824K)] 21916K->13812K(30208K), 0.0042037 secs] [Times: user=0.00 sys=0.00, real=0.01 secs] 
2014-07-09T15:51:43.933+0200: 11.544: [Full GC [PSYoungGen: 2529K->0K(13824K)] [ParOldGen: 11283K->5928K(16384K)] 13812K->5928K(30208K) [PSPermGen: 2474K->2474K(21504K)], 0.0096038 secs] [Times: user=0.01 sys=0.00, real=0.01 secs] 
2014-07-09T15:51:43.980+0200: 11.591: [GC [PSYoungGen: 11251K->512K(13824K)] 17180K->6440K(30208K), 0.0008300 secs] [Times: user=0.00 sys=0.00, real=0.00 secs] 
2014-07-09T15:51:44.028+0200: 11.640: [GC [PSYoungGen: 11770K->2016K(13824K)] 17699K->7953K(30208K), 0.0023702 secs] [Times: user=0.00 sys=0.00, real=0.00 secs] 
2014-07-09T15:51:44.079+0200: 11.690: [GC [PSYoungGen: 13268K->2529K(13824K)] 19205K->11003K(30208K), 0.0039291 secs] [Times: user=0.03 sys=0.00, real=0.00 secs] 
2014-07-09T15:51:44.088+0200: 11.699: [GC [PSYoungGen: 13778K->2529K(13824K)] 22252K->16581K(30208K), 0.0065267 secs] [Times: user=0.00 sys=0.00, real=0.01 secs] 
2014-07-09T15:51:44.094+0200: 11.706: [Full GC [PSYoungGen: 2529K->0K(13824K)] [ParOldGen: 14052K->8362K(16384K)] 16581K->8362K(30208K) [PSPermGen: 2474K->2474K(21504K)], 0.0150606 secs] [Times: user=0.03 sys=0.00, real=0.01 secs] 
2014-07-09T15:51:44.178+0200: 11.789: [GC [PSYoungGen: 11251K->2529K(13824K)] 19614K->11276K(30208K), 0.0231374 secs] [Times: user=0.00 sys=0.00, real=0.02 secs] 
2014-07-09T15:51:44.207+0200: 11.818: [GC [PSYoungGen: 13778K->2529K(13824K)] 22525K->14741K(30208K), 0.0043188 secs] [Times: user=0.00 sys=0.00, real=0.00 secs] 
2014-07-09T15:51:44.211+0200: 11.823: [Full GC [PSYoungGen: 2529K->0K(13824K)] [ParOldGen: 12212K->6249K(16384K)] 14741K->6249K(30208K) [PSPermGen: 2474K->2474K(21504K)], 0.0110266 secs] [Times: user=0.03 sys=0.00, real=0.01 secs] 
2014-07-09T15:51:44.231+0200: 11.843: [GC [PSYoungGen: 11262K->1056K(13824K)] 17512K->7305K(30208K), 0.0008212 secs] [Times: user=0.00 sys=0.00, real=0.00 secs] 
2014-07-09T15:51:44.281+0200: 11.892: [GC [PSYoungGen: 12299K->2529K(13824K)] 18549K->9107K(30208K), 0.0024274 secs] [Times: user=0.03 sys=0.00, real=0.00 secs] 
2014-07-09T15:51:44.328+0200: 11.940: [GC [PSYoungGen: 13778K->2529K(13824K)] 20356K->12476K(30208K), 0.0166822 secs] [Times: user=0.02 sys=0.00, real=0.02 secs] 
2014-07-09T15:51:44.345+0200: 11.957: [Full GC [PSYoungGen: 2529K->0K(13824K)] [ParOldGen: 9947K->6154K(16384K)] 12476K->6154K(30208K) [PSPermGen: 2474K->2474K(21504K)], 0.0097926 secs] [Times: user=0.00 sys=0.00, real=0.01 secs] 
2014-07-09T15:51:44.381+0200: 11.992: [GC [PSYoungGen: 11251K->736K(13824K)] 17405K->6890K(30208K), 0.0008854 secs] [Times: user=0.00 sys=0.00, real=0.00 secs] 
2014-07-09T15:51:44.429+0200: 12.041: [GC [PSYoungGen: 11985K->2529K(13824K)] 18140K->9940K(30208K), 0.0039929 secs] [Times: user=0.00 sys=0.00, real=0.00 secs] 
2014-07-09T15:51:44.480+0200: 12.092: [GC [PSYoungGen: 13780K->2529K(13824K)] 21191K->14206K(30208K), 0.0064200 secs] [Times: user=0.01 sys=0.00, real=0.01 secs] 
2014-07-09T15:51:44.487+0200: 12.098: [Full GC [PSYoungGen: 2529K->0K(13824K)] [ParOldGen: 11677K->7082K(16384K)] 14206K->7082K(30208K) [PSPermGen: 2474K->2474K(21504K)], 0.0169872 secs] [Times: user=0.03 sys=0.00, real=0.02 secs] 
2014-07-09T15:51:44.509+0200: 12.120: [GC [PSYoungGen: 11232K->2529K(13824K)] 18315K->15246K(30208K), 0.0062598 secs] [Times: user=0.00 sys=0.00, real=0.01 secs] 
2014-07-09T15:51:44.515+0200: 12.126: [Full GC [PSYoungGen: 2529K->0K(13824K)] [ParOldGen: 12717K->8429K(16384K)] 15246K->8429K(30208K) [PSPermGen: 2474K->2474K(21504K)], 0.0125008 secs] [Times: user=0.03 sys=0.00, real=0.01 secs] 
2014-07-09T15:51:44.578+0200: 12.189: [GC [PSYoungGen: 11257K->2497K(13824K)] 19686K->10926K(30208K), 0.0028238 secs] [Times: user=0.02 sys=0.00, real=0.00 secs] 
2014-07-09T15:51:44.591+0200: 12.203: [GC [PSYoungGen: 13746K->2529K(13824K)] 22175K->13975K(30208K), 0.0124579 secs] [Times: user=0.00 sys=0.00, real=0.01 secs] 
2014-07-09T15:51:44.604+0200: 12.215: [Full GC [PSYoungGen: 2529K->0K(13824K)] [ParOldGen: 11446K->5804K(16384K)] 13975K->5804K(30208K) [PSPermGen: 2474K->2474K(21504K)], 0.0112440 secs] [Times: user=0.02 sys=0.00, real=0.01 secs] 
2014-07-09T15:51:44.677+0200: 12.289: [GC [PSYoungGen: 11251K->384K(13824K)] 17055K->6188K(30208K), 0.0015512 secs] [Times: user=0.00 sys=0.00, real=0.00 secs] 
2014-07-09T15:51:44.687+0200: 12.299: [GC [PSYoungGen: 11633K->2529K(13824K)] 17438K->9238K(30208K), 0.0054668 secs] [Times: user=0.03 sys=0.00, real=0.01 secs] 
2014-07-09T15:51:44.731+0200: 12.343: [GC [PSYoungGen: 13784K->2529K(13824K)] 20493K->12159K(30208K), 0.0081970 secs] [Times: user=0.03 sys=0.00, real=0.01 secs] 
2014-07-09T15:51:44.781+0200: 12.392: [GC [PSYoungGen: 13780K->256K(13824K)] 23410K->9894K(30208K), 0.0041344 secs] [Times: user=0.00 sys=0.00, real=0.00 secs] 
2014-07-09T15:51:44.827+0200: 12.439: [GC [PSYoungGen: 11505K->2529K(13824K)] 21143K->12975K(30208K), 0.0019435 secs] [Times: user=0.03 sys=0.00, real=0.00 secs] 
2014-07-09T15:51:44.830+0200: 12.441: [Full GC [PSYoungGen: 2529K->0K(13824K)] [ParOldGen: 10446K->3786K(16384K)] 12975K->3786K(30208K) [PSPermGen: 2474K->2474K(21504K)], 0.0071030 secs] [Times: user=0.00 sys=0.00, real=0.01 secs] 
2014-07-09T15:51:44.880+0200: 12.492: [GC [PSYoungGen: 11251K->2529K(13824K)] 15038K->10157K(30208K), 0.0083847 secs] [Times: user=0.00 sys=0.00, real=0.01 secs] 
2014-07-09T15:51:44.945+0200: 12.556: [GC [PSYoungGen: 13778K->1184K(13824K)] 21407K->8821K(30208K), 0.0414569 secs] [Times: user=0.00 sys=0.00, real=0.04 secs] 
2014-07-09T15:51:44.992+0200: 12.604: [GC [PSYoungGen: 12436K->2529K(13824K)] 20072K->11870K(30208K), 0.0044640 secs] [Times: user=0.00 sys=0.00, real=0.00 secs] 
2014-07-09T15:51:45.003+0200: 12.614: [GC [PSYoungGen: 13778K->2529K(13824K)] 23120K->16616K(30208K), 0.0065076 secs] [Times: user=0.00 sys=0.00, real=0.01 secs] 
2014-07-09T15:51:45.009+0200: 12.621: [Full GC [PSYoungGen: 2529K->0K(13824K)] [ParOldGen: 14087K->7565K(16384K)] 16616K->7565K(30208K) [PSPermGen: 2474K->2474K(21504K)], 0.0111289 secs] [Times: user=0.02 sys=0.00, real=0.01 secs] 
2014-07-09T15:51:45.077+0200: 12.689: [GC [PSYoungGen: 11260K->576K(13824K)] 18826K->8142K(30208K), 0.0029924 secs] [Times: user=0.03 sys=0.00, real=0.00 secs] 
2014-07-09T15:51:45.090+0200: 12.701: [GC [PSYoungGen: 11825K->2529K(13824K)] 19391K->11223K(30208K), 0.0045498 secs] [Times: user=0.01 sys=0.00, real=0.00 secs] 
2014-07-09T15:51:45.129+0200: 12.740: [GC [PSYoungGen: 13778K->2529K(13824K)] 22473K->15393K(30208K), 0.0054048 secs] [Times: user=0.00 sys=0.00, real=0.01 secs] 
2014-07-09T15:51:45.134+0200: 12.746: [Full GC [PSYoungGen: 2529K->0K(13824K)] [ParOldGen: 12864K->6958K(16384K)] 15393K->6958K(30208K) [PSPermGen: 2474K->2474K(21504K)], 0.0121965 secs] [Times: user=0.02 sys=0.00, real=0.01 secs] 
2014-07-09T15:51:45.181+0200: 12.793: [GC [PSYoungGen: 11249K->1536K(13824K)] 18208K->8495K(30208K), 0.0014760 secs] [Times: user=0.00 sys=0.00, real=0.00 secs] 
2014-07-09T15:51:45.229+0200: 12.841: [GC [PSYoungGen: 12786K->2529K(13824K)] 19745K->11545K(30208K), 0.0161755 secs] [Times: user=0.03 sys=0.00, real=0.02 secs] 
2014-07-09T15:51:45.279+0200: 12.891: [GC [PSYoungGen: 13787K->2529K(13824K)] 22803K->15106K(30208K), 0.0049505 secs] [Times: user=0.03 sys=0.00, real=0.00 secs] 
2014-07-09T15:51:45.284+0200: 12.896: [Full GC [PSYoungGen: 2529K->0K(13824K)] [ParOldGen: 12577K->6351K(16384K)] 15106K->6351K(30208K) [PSPermGen: 2474K->2474K(21504K)], 0.0121712 secs] [Times: user=0.03 sys=0.00, real=0.01 secs] 
2014-07-09T15:51:45.337+0200: 12.949: [GC [PSYoungGen: 11251K->928K(13824K)] 17603K->7280K(30208K), 0.0006860 secs] [Times: user=0.00 sys=0.00, real=0.00 secs] 
2014-07-09T15:51:45.378+0200: 12.989: [GC [PSYoungGen: 12177K->2529K(13824K)] 18529K->10329K(30208K), 0.0059063 secs] [Times: user=0.00 sys=0.00, real=0.01 secs] 
2014-07-09T15:51:45.389+0200: 13.000: [GC [PSYoungGen: 13780K->2529K(13824K)] 21581K->14819K(30208K), 0.0053718 secs] [Times: user=0.03 sys=0.00, real=0.01 secs] 
2014-07-09T15:51:45.394+0200: 13.006: [Full GC [PSYoungGen: 2529K->0K(13824K)] [ParOldGen: 12290K->7280K(16384K)] 14819K->7280K(30208K) [PSPermGen: 2474K->2474K(21504K)], 0.0112767 secs] [Times: user=0.00 sys=0.02, real=0.01 secs] 
2014-07-09T15:51:45.477+0200: 13.089: [GC [PSYoungGen: 11249K->1856K(13824K)] 18529K->9137K(30208K), 0.0013070 secs] [Times: user=0.00 sys=0.00, real=0.00 secs] 
2014-07-09T15:51:45.485+0200: 13.096: [GC [PSYoungGen: 13108K->2529K(13824K)] 20388K->12186K(30208K), 0.0048068 secs] [Times: user=0.00 sys=0.00, real=0.01 secs] 
2014-07-09T15:51:45.529+0200: 13.140: [GC [PSYoungGen: 13763K->2529K(13824K)] 23421K->15908K(30208K), 0.0045704 secs] [Times: user=0.03 sys=0.00, real=0.00 secs] 
2014-07-09T15:51:45.534+0200: 13.145: [Full GC [PSYoungGen: 2529K->0K(13824K)] [ParOldGen: 13379K->6513K(16384K)] 15908K->6513K(30208K) [PSPermGen: 2474K->2474K(21504K)], 0.0104103 secs] [Times: user=0.00 sys=0.00, real=0.01 secs] 
2014-07-09T15:51:45.581+0200: 13.193: [GC [PSYoungGen: 11249K->1088K(13824K)] 17762K->7601K(30208K), 0.0014372 secs] [Times: user=0.00 sys=0.00, real=0.00 secs] 
2014-07-09T15:51:45.628+0200: 13.239: [GC [PSYoungGen: 12337K->2529K(13824K)] 18851K->10651K(30208K), 0.0027838 secs] [Times: user=0.00 sys=0.00, real=0.00 secs] 
2014-07-09T15:51:45.679+0200: 13.291: [GC [PSYoungGen: 13778K->2529K(13824K)] 21900K->15269K(30208K), 0.0057117 secs] [Times: user=0.00 sys=0.00, real=0.01 secs] 
2014-07-09T15:51:45.685+0200: 13.297: [Full GC [PSYoungGen: 2529K->0K(13824K)] [ParOldGen: 12740K->7441K(16384K)] 15269K->7441K(30208K) [PSPermGen: 2474K->2474K(21504K)], 0.0134698 secs] [Times: user=0.02 sys=0.00, real=0.01 secs] 
2014-07-09T15:51:45.727+0200: 13.339: [GC [PSYoungGen: 11249K->2016K(13824K)] 18691K->9458K(30208K), 0.0010174 secs] [Times: user=0.00 sys=0.00, real=0.00 secs] 
2014-07-09T15:51:45.782+0200: 13.394: [GC [PSYoungGen: 13271K->2529K(13824K)] 20713K->11483K(30208K), 0.0027317 secs] [Times: user=0.00 sys=0.00, real=0.00 secs] 
2014-07-09T15:51:45.791+0200: 13.403: [GC [PSYoungGen: 13780K->2529K(13824K)] 22735K->16038K(30208K), 0.0050939 secs] [Times: user=0.03 sys=0.00, real=0.01 secs] 
2014-07-09T15:51:45.796+0200: 13.408: [Full GC [PSYoungGen: 2529K->0K(13824K)] [ParOldGen: 13508K->7346K(16384K)] 16038K->7346K(30208K) [PSPermGen: 2474K->2474K(21504K)], 0.0107227 secs] [Times: user=0.00 sys=0.00, real=0.01 secs] 
2014-07-09T15:51:45.877+0200: 13.489: [GC [PSYoungGen: 11249K->1920K(13824K)] 18595K->9267K(30208K), 0.2276998 secs] [Times: user=0.00 sys=0.00, real=0.23 secs] 
2014-07-09T15:51:46.111+0200: 13.723: [GC [PSYoungGen: 13172K->2529K(13824K)] 20518K->12284K(30208K), 0.0056933 secs] [Times: user=0.00 sys=0.00, real=0.01 secs] 
2014-07-09T15:51:46.122+0200: 13.734: [GC [PSYoungGen: 13778K->2529K(13824K)] 23534K->17767K(30208K), 0.0059445 secs] [Times: user=0.00 sys=0.00, real=0.01 secs] 
2014-07-09T15:51:46.128+0200: 13.740: [Full GC [PSYoungGen: 2529K->0K(13824K)] [ParOldGen: 15238K->8274K(16384K)] 17767K->8274K(30208K) [PSPermGen: 2474K->2474K(21504K)], 0.0134475 secs] [Times: user=0.03 sys=0.00, real=0.01 secs] 
2014-07-09T15:51:46.148+0200: 13.759: [GC [PSYoungGen: 11260K->1312K(13824K)] 19535K->9587K(30208K), 0.0012817 secs] [Times: user=0.00 sys=0.00, real=0.00 secs] 
2014-07-09T15:51:46.155+0200: 13.767: [GC [PSYoungGen: 12567K->2529K(13824K)] 20842K->12124K(30208K), 0.0041278 secs] [Times: user=0.00 sys=0.00, real=0.00 secs] 
2014-07-09T15:51:46.165+0200: 13.776: [GC [PSYoungGen: 13780K->2529K(13824K)] 23376K->16486K(30208K), 0.0067914 secs] [Times: user=0.03 sys=0.00, real=0.01 secs] 
2014-07-09T15:51:46.172+0200: 13.783: [Full GC [PSYoungGen: 2529K->0K(13824K)] [ParOldGen: 13957K->7155K(16384K)] 16486K->7155K(30208K) [PSPermGen: 2474K->2474K(21504K)], 0.0149994 secs] [Times: user=0.02 sys=0.00, real=0.02 secs] 
2014-07-09T15:51:46.193+0200: 13.804: [GC [PSYoungGen: 11249K->1728K(13824K)] 18405K->8884K(30208K), 0.0022797 secs] [Times: user=0.00 sys=0.00, real=0.00 secs] 
2014-07-09T15:51:46.201+0200: 13.812: [GC [PSYoungGen: 12980K->2529K(13824K)] 20136K->11934K(30208K), 0.0034558 secs] [Times: user=0.00 sys=0.00, real=0.00 secs] 
2014-07-09T15:51:46.210+0200: 13.822: [GC [PSYoungGen: 13778K->2529K(13824K)] 23183K->17224K(30208K), 0.0053689 secs] [Times: user=0.00 sys=0.00, real=0.00 secs] 
2014-07-09T15:51:46.215+0200: 13.827: [Full GC [PSYoungGen: 2529K->0K(13824K)] [ParOldGen: 14695K->8084K(16384K)] 17224K->8084K(30208K) [PSPermGen: 2474K->2474K(21504K)], 0.0112103 secs] [Times: user=0.03 sys=0.00, real=0.01 secs] 
2014-07-09T15:51:46.277+0200: 13.889: [GC [PSYoungGen: 11254K->1632K(13824K)] 19339K->9717K(30208K), 0.0008718 secs] [Times: user=0.00 sys=0.00, real=0.00 secs] 
2014-07-09T15:51:46.285+0200: 13.896: [GC [PSYoungGen: 12884K->2529K(13824K)] 20968K->12766K(30208K), 0.0033711 secs] [Times: user=0.00 sys=0.00, real=0.00 secs] 
2014-07-09T15:51:46.288+0200: 13.900: [Full GC [PSYoungGen: 2529K->0K(13824K)] [ParOldGen: 10237K->5127K(16384K)] 12766K->5127K(30208K) [PSPermGen: 2474K->2474K(21504K)], 0.0088151 secs] [Times: user=0.03 sys=0.00, real=0.01 secs] 
2014-07-09T15:51:46.330+0200: 13.941: [GC [PSYoungGen: 11249K->2529K(13824K)] 16376K->12842K(30208K), 0.0054330 secs] [Times: user=0.00 sys=0.00, real=0.01 secs] 
2014-07-09T15:51:46.335+0200: 13.947: [Full GC [PSYoungGen: 2529K->0K(13824K)] [ParOldGen: 10313K->7988K(16384K)] 12842K->7988K(30208K) [PSPermGen: 2474K->2474K(21504K)], 0.0106123 secs] [Times: user=0.03 sys=0.00, real=0.01 secs] 
2014-07-09T15:51:46.381+0200: 13.993: [GC [PSYoungGen: 11251K->2529K(13824K)] 19240K->10550K(30208K), 0.0016934 secs] [Times: user=0.00 sys=0.00, real=0.00 secs] 
2014-07-09T15:51:46.430+0200: 14.042: [GC [PSYoungGen: 13778K->2529K(13824K)] 21799K->13631K(30208K), 0.0037370 secs] [Times: user=0.00 sys=0.00, real=0.00 secs] 
2014-07-09T15:51:46.434+0200: 14.046: [Full GC [PSYoungGen: 2529K->0K(13824K)] [ParOldGen: 11102K->5875K(16384K)] 13631K->5875K(30208K) [PSPermGen: 2474K->2474K(21504K)], 0.0104444 secs] [Times: user=0.02 sys=0.00, real=0.01 secs] 
2014-07-09T15:51:46.481+0200: 14.092: [GC [PSYoungGen: 11251K->448K(13824K)] 17127K->6324K(30208K), 0.0007219 secs] [Times: user=0.00 sys=0.00, real=0.00 secs] 
2014-07-09T15:51:46.527+0200: 14.139: [GC [PSYoungGen: 11711K->1824K(13824K)] 17587K->7708K(30208K), 0.0009389 secs] [Times: user=0.00 sys=0.00, real=0.00 secs] 
2014-07-09T15:51:46.578+0200: 14.190: [GC [PSYoungGen: 13076K->2529K(13824K)] 18960K->10758K(30208K), 0.0034749 secs] [Times: user=0.00 sys=0.00, real=0.00 secs] 
2014-07-09T15:51:46.587+0200: 14.199: [GC [PSYoungGen: 13778K->2529K(13824K)] 22007K->16144K(30208K), 0.0056545 secs] [Times: user=0.02 sys=0.00, real=0.01 secs] 
2014-07-09T15:51:46.593+0200: 14.205: [Full GC [PSYoungGen: 2529K->0K(13824K)] [ParOldGen: 13615K->8182K(16384K)] 16144K->8182K(30208K) [PSPermGen: 2474K->2474K(21504K)], 0.0115542 secs] [Times: user=0.00 sys=0.00, real=0.01 secs] 
2014-07-09T15:51:46.678+0200: 14.289: [GC [PSYoungGen: 11251K->2529K(13824K)] 19434K->10936K(30208K), 0.0178085 secs] [Times: user=0.00 sys=0.00, real=0.02 secs] 
2014-07-09T15:51:46.701+0200: 14.313: [GC [PSYoungGen: 13778K->2529K(13824K)] 22185K->14209K(30208K), 0.0043852 secs] [Times: user=0.00 sys=0.00, real=0.00 secs] 
2014-07-09T15:51:46.706+0200: 14.317: [Full GC [PSYoungGen: 2529K->0K(13824K)] [ParOldGen: 11680K->6069K(16384K)] 14209K->6069K(30208K) [PSPermGen: 2474K->2474K(21504K)], 0.0135179 secs] [Times: user=0.03 sys=0.00, real=0.01 secs] 
2014-07-09T15:51:46.730+0200: 14.342: [GC [PSYoungGen: 11262K->800K(13824K)] 17332K->6869K(30208K), 0.0009008 secs] [Times: user=0.00 sys=0.00, real=0.00 secs] 
2014-07-09T15:51:46.781+0200: 14.393: [GC [PSYoungGen: 12049K->2145K(13824K)] 18119K->8222K(30208K), 0.0018922 secs] [Times: user=0.00 sys=0.00, real=0.00 secs] 
2014-07-09T15:51:46.828+0200: 14.440: [GC [PSYoungGen: 13394K->2529K(13824K)] 19472K->11272K(30208K), 0.0077607 secs] [Times: user=0.00 sys=0.00, real=0.01 secs] 
2014-07-09T15:51:46.880+0200: 14.492: [GC [PSYoungGen: 13778K->2529K(13824K)] 22521K->16978K(30208K), 0.0056262 secs] [Times: user=0.00 sys=0.00, real=0.01 secs] 
2014-07-09T15:51:46.886+0200: 14.498: [Full GC [PSYoungGen: 2529K->0K(13824K)] [ParOldGen: 14449K->8503K(16384K)] 16978K->8503K(30208K) [PSPermGen: 2474K->2474K(21504K)], 0.0158364 secs] [Times: user=0.03 sys=0.00, real=0.02 secs] 
2014-07-09T15:51:46.928+0200: 14.539: [GC [PSYoungGen: 11252K->2529K(13824K)] 19756K->11545K(30208K), 0.0166239 secs] [Times: user=0.01 sys=0.00, real=0.02 secs] 
2014-07-09T15:51:46.979+0200: 14.590: [GC [PSYoungGen: 13778K->2529K(13824K)] 22794K->15139K(30208K), 0.0047122 secs] [Times: user=0.03 sys=0.00, real=0.00 secs] 
2014-07-09T15:51:46.984+0200: 14.595: [Full GC [PSYoungGen: 2529K->0K(13824K)] [ParOldGen: 12609K->6390K(16384K)] 15139K->6390K(30208K) [PSPermGen: 2474K->2474K(21504K)], 0.0104774 secs] [Times: user=0.00 sys=0.00, real=0.01 secs] 
2014-07-09T15:51:47.000+0200: 14.612: [GC [PSYoungGen: 11262K->1216K(13824K)] 17653K->7606K(30208K), 0.0010434 secs] [Times: user=0.00 sys=0.00, real=0.00 secs] 
2014-07-09T15:51:47.077+0200: 14.689: [GC [PSYoungGen: 12465K->2465K(13824K)] 18856K->8864K(30208K), 0.0028652 secs] [Times: user=0.00 sys=0.00, real=0.00 secs] 
2014-07-09T15:51:47.086+0200: 14.698: [GC [PSYoungGen: 13714K->2529K(13824K)] 20113K->11913K(30208K), 0.0043544 secs] [Times: user=0.03 sys=0.00, real=0.00 secs] 
2014-07-09T15:51:47.177+0200: 14.788: [GC [PSYoungGen: 13780K->352K(13824K)] 23165K->9744K(30208K), 0.0005294 secs] [Times: user=0.00 sys=0.00, real=0.00 secs] 
2014-07-09T15:51:47.183+0200: 14.795: [GC [PSYoungGen: 11601K->2529K(13824K)] 20994K->12794K(30208K), 0.0027578 secs] [Times: user=0.03 sys=0.00, real=0.00 secs] 
2014-07-09T15:51:47.186+0200: 14.797: [Full GC [PSYoungGen: 2529K->0K(13824K)] [ParOldGen: 10264K->3851K(16384K)] 12794K->3851K(30208K) [PSPermGen: 2474K->2474K(21504K)], 0.0078440 secs] [Times: user=0.00 sys=0.00, real=0.01 secs] 
2014-07-09T15:51:47.229+0200: 14.841: [GC [PSYoungGen: 11251K->2529K(13824K)] 15102K->10286K(30208K), 0.0047368 secs] [Times: user=0.02 sys=0.00, real=0.00 secs] 
2014-07-09T15:51:47.281+0200: 14.893: [GC [PSYoungGen: 13784K->256K(13824K)] 21541K->8021K(30208K), 0.0010900 secs] [Times: user=0.00 sys=0.00, real=0.00 secs] 
2014-07-09T15:51:47.327+0200: 14.939: [GC [PSYoungGen: 11505K->2529K(13824K)] 19270K->11070K(30208K), 0.0019017 secs] [Times: user=0.00 sys=0.00, real=0.00 secs] 
2014-07-09T15:51:47.378+0200: 14.990: [GC [PSYoungGen: 13780K->2529K(13824K)] 22322K->14888K(30208K), 0.0051790 secs] [Times: user=0.00 sys=0.00, real=0.01 secs] 
2014-07-09T15:51:47.384+0200: 14.995: [Full GC [PSYoungGen: 2529K->0K(13824K)] [ParOldGen: 12359K->6616K(16384K)] 14888K->6616K(30208K) [PSPermGen: 2474K->2474K(21504K)], 0.0102369 secs] [Times: user=0.01 sys=0.00, real=0.01 secs] 
2014-07-09T15:51:47.427+0200: 15.039: [GC [PSYoungGen: 11249K->1152K(13824K)] 17866K->7769K(30208K), 0.0009294 secs] [Times: user=0.00 sys=0.00, real=0.00 secs] 
2014-07-09T15:51:47.479+0200: 15.091: [GC [PSYoungGen: 12404K->2529K(13824K)] 19020K->10850K(30208K), 0.0050833 secs] [Times: user=0.03 sys=0.00, real=0.00 secs] 
2014-07-09T15:51:47.494+0200: 15.106: [GC [PSYoungGen: 13793K->2529K(13824K)] 22114K->14444K(30208K), 0.0081226 secs] [Times: user=0.03 sys=0.00, real=0.01 secs] 
2014-07-09T15:51:47.503+0200: 15.114: [Full GC [PSYoungGen: 2529K->0K(13824K)] [ParOldGen: 11915K->6394K(16384K)] 14444K->6394K(30208K) [PSPermGen: 2474K->2474K(21504K)], 0.0163849 secs] [Times: user=0.02 sys=0.00, real=0.02 secs] 
2014-07-09T15:51:47.530+0200: 15.142: [GC [PSYoungGen: 11254K->2529K(13824K)] 17649K->14526K(30208K), 0.0061802 secs] [Times: user=0.00 sys=0.00, real=0.01 secs] 
2014-07-09T15:51:47.536+0200: 15.148: [Full GC [PSYoungGen: 2529K->0K(13824K)] [ParOldGen: 11997K->8411K(16384K)] 14526K->8411K(30208K) [PSPermGen: 2474K->2474K(21504K)], 0.0110567 secs] [Times: user=0.03 sys=0.00, real=0.01 secs] 
2014-07-09T15:51:47.581+0200: 15.193: [GC [PSYoungGen: 11251K->2529K(13824K)] 19663K->11389K(30208K), 0.0021983 secs] [Times: user=0.00 sys=0.00, real=0.00 secs] 
2014-07-09T15:51:47.630+0200: 15.242: [GC [PSYoungGen: 13778K->2529K(13824K)] 22638K->14886K(30208K), 0.0078524 secs] [Times: user=0.03 sys=0.00, real=0.01 secs] 
2014-07-09T15:51:47.638+0200: 15.250: [Full GC [PSYoungGen: 2529K->0K(13824K)] [ParOldGen: 12357K->6298K(16384K)] 14886K->6298K(30208K) [PSPermGen: 2474K->2474K(21504K)], 0.0223792 secs] [Times: user=0.01 sys=0.00, real=0.02 secs] 
2014-07-09T15:51:47.680+0200: 15.292: [GC [PSYoungGen: 11251K->864K(13824K)] 17550K->7163K(30208K), 0.0010903 secs] [Times: user=0.00 sys=0.00, real=0.00 secs] 
2014-07-09T15:51:47.729+0200: 15.341: [GC [PSYoungGen: 12119K->2529K(13824K)] 18418K->9188K(30208K), 0.0046774 secs] [Times: user=0.03 sys=0.00, real=0.00 secs] 
2014-07-09T15:51:47.781+0200: 15.393: [GC [PSYoungGen: 13778K->2529K(13824K)] 20437K->12557K(30208K), 0.0214399 secs] [Times: user=0.02 sys=0.00, real=0.02 secs] 
2014-07-09T15:51:47.803+0200: 15.415: [Full GC [PSYoungGen: 2529K->0K(13824K)] [ParOldGen: 10028K->6202K(16384K)] 12557K->6202K(30208K) [PSPermGen: 2474K->2474K(21504K)], 0.0201549 secs] [Times: user=0.02 sys=0.00, real=0.02 secs] 
2014-07-09T15:51:47.830+0200: 15.442: [GC [PSYoungGen: 11251K->768K(13824K)] 17454K->6971K(30208K), 0.0010387 secs] [Times: user=0.00 sys=0.00, real=0.00 secs] 
2014-07-09T15:51:47.879+0200: 15.490: [GC [PSYoungGen: 12017K->2529K(13824K)] 18220K->10020K(30208K), 0.0045029 secs] [Times: user=0.00 sys=0.00, real=0.00 secs] 
2014-07-09T15:51:47.893+0200: 15.504: [GC [PSYoungGen: 13780K->2529K(13824K)] 21272K->14350K(30208K), 0.0088335 secs] [Times: user=0.02 sys=0.00, real=0.01 secs] 
2014-07-09T15:51:47.902+0200: 15.513: [Full GC [PSYoungGen: 2529K->0K(13824K)] [ParOldGen: 11821K->7131K(16384K)] 14350K->7131K(30208K) [PSPermGen: 2474K->2474K(21504K)], 0.0275647 secs] [Times: user=0.02 sys=0.00, real=0.03 secs] 
2014-07-09T15:51:47.977+0200: 15.589: [GC [PSYoungGen: 11249K->1696K(13824K)] 18380K->8828K(30208K), 0.0010181 secs] [Times: user=0.00 sys=0.00, real=0.00 secs] 
2014-07-09T15:51:47.983+0200: 15.595: [GC [PSYoungGen: 12948K->2529K(13824K)] 20079K->11877K(30208K), 0.0036813 secs] [Times: user=0.00 sys=0.00, real=0.00 secs] 
2014-07-09T15:51:48.029+0200: 15.641: [GC [PSYoungGen: 13789K->2529K(13824K)] 23138K->15599K(30208K), 0.0074594 secs] [Times: user=0.00 sys=0.00, real=0.01 secs] 
2014-07-09T15:51:48.036+0200: 15.648: [Full GC [PSYoungGen: 2529K->0K(13824K)] [ParOldGen: 13070K->6523K(16384K)] 15599K->6523K(30208K) [PSPermGen: 2474K->2474K(21504K)], 0.0270368 secs] [Times: user=0.03 sys=0.00, real=0.03 secs] 
2014-07-09T15:51:48.082+0200: 15.693: [GC [PSYoungGen: 11249K->1056K(13824K)] 17773K->7580K(30208K), 0.0024813 secs] [Times: user=0.00 sys=0.00, real=0.00 secs] 
2014-07-09T15:51:48.128+0200: 15.740: [GC [PSYoungGen: 12305K->2529K(13824K)] 18829K->10661K(30208K), 0.0027831 secs] [Times: user=0.00 sys=0.00, real=0.00 secs] 
2014-07-09T15:51:48.181+0200: 15.793: [GC [PSYoungGen: 13778K->2529K(13824K)] 21911K->15311K(30208K), 0.0100265 secs] [Times: user=0.02 sys=0.00, real=0.01 secs] 
2014-07-09T15:51:48.191+0200: 15.803: [Full GC [PSYoungGen: 2529K->0K(13824K)] [ParOldGen: 12782K->7452K(16384K)] 15311K->7452K(30208K) [PSPermGen: 2474K->2474K(21504K)], 0.0344690 secs] [Times: user=0.03 sys=0.00, real=0.04 secs] 
2014-07-09T15:51:48.232+0200: 15.843: [GC [PSYoungGen: 11249K->2016K(13824K)] 18701K->9469K(30208K), 0.0017151 secs] [Times: user=0.00 sys=0.00, real=0.00 secs] 
2014-07-09T15:51:48.278+0200: 15.889: [GC [PSYoungGen: 13277K->2529K(13824K)] 20729K->10981K(30208K), 0.0024194 secs] [Times: user=0.00 sys=0.00, real=0.00 secs] 
2014-07-09T15:51:48.285+0200: 15.897: [GC [PSYoungGen: 13780K->2529K(13824K)] 22233K->15023K(30208K), 0.0055148 secs] [Times: user=0.02 sys=0.00, real=0.01 secs] 
2014-07-09T15:51:48.291+0200: 15.903: [Full GC [PSYoungGen: 2529K->0K(13824K)] [ParOldGen: 12494K->6844K(16384K)] 15023K->6844K(30208K) [PSPermGen: 2474K->2474K(21504K)], 0.0105335 secs] [Times: user=0.00 sys=0.00, real=0.01 secs] 
2014-07-09T15:51:48.377+0200: 15.989: [GC [PSYoungGen: 11249K->1408K(13824K)] 18093K->8253K(30208K), 0.0007560 secs] [Times: user=0.00 sys=0.00, real=0.00 secs] 
2014-07-09T15:51:48.384+0200: 15.996: [GC [PSYoungGen: 12660K->2529K(13824K)] 19504K->11302K(30208K), 0.0031350 secs] [Times: user=0.03 sys=0.00, real=0.00 secs] 
2014-07-09T15:51:48.429+0200: 16.041: [GC [PSYoungGen: 13778K->2529K(13824K)] 22552K->16272K(30208K), 0.0059280 secs] [Times: user=0.03 sys=0.00, real=0.01 secs] 
2014-07-09T15:51:48.435+0200: 16.047: [Full GC [PSYoungGen: 2529K->0K(13824K)] [ParOldGen: 13743K->7772K(16384K)] 16272K->7772K(30208K) [PSPermGen: 2474K->2474K(21504K)], 0.0109658 secs] [Times: user=0.00 sys=0.00, real=0.01 secs] 
2014-07-09T15:51:48.481+0200: 16.092: [GC [PSYoungGen: 11251K->2337K(13824K)] 19024K->10109K(30208K), 0.0020472 secs] [Times: user=0.00 sys=0.00, real=0.00 secs] 
2014-07-09T15:51:48.528+0200: 16.139: [GC [PSYoungGen: 13600K->2529K(13824K)] 21373K->11494K(30208K), 0.0022672 secs] [Times: user=0.00 sys=0.00, real=0.00 secs] 
2014-07-09T15:51:48.578+0200: 16.190: [GC [PSYoungGen: 13780K->2529K(13824K)] 22746K->15728K(30208K), 0.0054715 secs] [Times: user=0.00 sys=0.00, real=0.01 secs] 
2014-07-09T15:51:48.584+0200: 16.196: [Full GC [PSYoungGen: 2529K->0K(13824K)] [ParOldGen: 13199K->7037K(16384K)] 15728K->7037K(30208K) [PSPermGen: 2474K->2474K(21504K)], 0.0100389 secs] [Times: user=0.02 sys=0.00, real=0.01 secs] 
2014-07-09T15:51:48.627+0200: 16.239: [GC [PSYoungGen: 11249K->1600K(13824K)] 18287K->8638K(30208K), 0.0008546 secs] [Times: user=0.00 sys=0.00, real=0.00 secs] 
2014-07-09T15:51:48.678+0200: 16.290: [GC [PSYoungGen: 12852K->2529K(13824K)] 19889K->11687K(30208K), 0.0033961 secs] [Times: user=0.03 sys=0.00, real=0.00 secs] 
2014-07-09T15:51:48.686+0200: 16.298: [GC [PSYoungGen: 13778K->2529K(13824K)] 22937K->16850K(30208K), 0.0057784 secs] [Times: user=0.00 sys=0.00, real=0.01 secs] 
2014-07-09T15:51:48.692+0200: 16.304: [Full GC [PSYoungGen: 2529K->0K(13824K)] [ParOldGen: 14321K->7966K(16384K)] 16850K->7966K(30208K) [PSPermGen: 2474K->2474K(21504K)], 0.0105812 secs] [Times: user=0.01 sys=0.00, real=0.01 secs] 
2014-07-09T15:51:48.778+0200: 16.389: [GC [PSYoungGen: 11254K->1504K(13824K)] 19221K->9470K(30208K), 0.0019061 secs] [Times: user=0.00 sys=0.00, real=0.00 secs] 
2014-07-09T15:51:48.788+0200: 16.400: [GC [PSYoungGen: 12756K->2529K(13824K)] 20722K->12520K(30208K), 0.0065674 secs] [Times: user=0.02 sys=0.00, real=0.01 secs] 
2014-07-09T15:51:48.829+0200: 16.441: [GC [PSYoungGen: 13778K->2529K(13824K)] 23769K->17586K(30208K), 0.0061399 secs] [Times: user=0.00 sys=0.00, real=0.01 secs] 
2014-07-09T15:51:48.836+0200: 16.447: [Full GC [PSYoungGen: 2529K->0K(13824K)] [ParOldGen: 15057K->7870K(16384K)] 17586K->7870K(30208K) [PSPermGen: 2474K->2474K(21504K)], 0.0150756 secs] [Times: user=0.03 sys=0.00, real=0.02 secs] 
2014-07-09T15:51:48.893+0200: 16.504: [GC [PSYoungGen: 11251K->2433K(13824K)] 19121K->10303K(30208K), 0.0017719 secs] [Times: user=0.00 sys=0.00, real=0.00 secs] 
2014-07-09T15:51:48.928+0200: 16.540: [GC [PSYoungGen: 13682K->2529K(13824K)] 21552K->13352K(30208K), 0.0162811 secs] [Times: user=0.03 sys=0.00, real=0.02 secs] 
2014-07-09T15:51:48.944+0200: 16.556: [Full GC [PSYoungGen: 2529K->0K(13824K)] [ParOldGen: 10823K->5757K(16384K)] 13352K->5757K(30208K) [PSPermGen: 2474K->2474K(21504K)], 0.0092309 secs] [Times: user=0.03 sys=0.00, real=0.01 secs] 
2014-07-09T15:51:48.983+0200: 16.594: [GC [PSYoungGen: 11259K->352K(13824K)] 17016K->6109K(30208K), 0.0009323 secs] [Times: user=0.00 sys=0.00, real=0.00 secs] 
2014-07-09T15:51:49.027+0200: 16.639: [GC [PSYoungGen: 11608K->1312K(13824K)] 17365K->7077K(30208K), 0.0007054 secs] [Times: user=0.00 sys=0.00, real=0.00 secs] 
2014-07-09T15:51:49.078+0200: 16.689: [GC [PSYoungGen: 12564K->2529K(13824K)] 18329K->10127K(30208K), 0.0028916 secs] [Times: user=0.00 sys=0.00, real=0.00 secs] 
2014-07-09T15:51:49.085+0200: 16.697: [GC [PSYoungGen: 13778K->2529K(13824K)] 21376K->15001K(30208K), 0.0116385 secs] [Times: user=0.03 sys=0.00, real=0.01 secs] 
2014-07-09T15:51:49.097+0200: 16.709: [Full GC [PSYoungGen: 2529K->0K(13824K)] [ParOldGen: 12472K->7679K(16384K)] 15001K->7679K(30208K) [PSPermGen: 2474K->2474K(21504K)], 0.0103245 secs] [Times: user=0.02 sys=0.00, real=0.01 secs] 
2014-07-09T15:51:49.177+0200: 16.789: [GC [PSYoungGen: 11251K->2241K(13824K)] 18930K->9920K(30208K), 0.0010185 secs] [Times: user=0.00 sys=0.00, real=0.00 secs] 
2014-07-09T15:51:49.183+0200: 16.795: [GC [PSYoungGen: 13490K->2529K(13824K)] 21169K->12969K(30208K), 0.0039944 secs] [Times: user=0.00 sys=0.00, real=0.00 secs] 
2014-07-09T15:51:49.187+0200: 16.799: [Full GC [PSYoungGen: 2529K->0K(13824K)] [ParOldGen: 10440K->5566K(16384K)] 12969K->5566K(30208K) [PSPermGen: 2474K->2474K(21504K)], 0.0158071 secs] [Times: user=0.03 sys=0.00, real=0.02 secs] 
2014-07-09T15:51:49.230+0200: 16.841: [GC [PSYoungGen: 11259K->128K(13824K)] 16825K->5694K(30208K), 0.0006082 secs] [Times: user=0.00 sys=0.00, real=0.00 secs] 
2014-07-09T15:51:49.287+0200: 16.899: [GC [PSYoungGen: 11374K->2113K(13824K)] 16940K->7687K(30208K), 0.0219942 secs] [Times: user=0.02 sys=0.00, real=0.02 secs] 
2014-07-09T15:51:49.328+0200: 16.940: [GC [PSYoungGen: 13362K->2529K(13824K)] 18936K->10768K(30208K), 0.0039724 secs] [Times: user=0.00 sys=0.00, real=0.00 secs] 
2014-07-09T15:51:49.381+0200: 16.993: [GC [PSYoungGen: 13778K->2529K(13824K)] 22018K->16475K(30208K), 0.0107253 secs] [Times: user=0.03 sys=0.00, real=0.01 secs] 
2014-07-09T15:51:49.393+0200: 17.004: [Full GC [PSYoungGen: 2529K->0K(13824K)] [ParOldGen: 13946K->8511K(16384K)] 16475K->8511K(30208K) [PSPermGen: 2474K->2474K(21504K)], 0.0444288 secs] [Times: user=0.05 sys=0.00, real=0.04 secs] 
2014-07-09T15:51:49.450+0200: 17.062: [GC [PSYoungGen: 11252K->2529K(13824K)] 19764K->11553K(30208K), 0.0155644 secs] [Times: user=0.01 sys=0.00, real=0.02 secs] 
2014-07-09T15:51:49.483+0200: 17.095: [GC [PSYoungGen: 13778K->2529K(13824K)] 22802K->15146K(30208K), 0.0045212 secs] [Times: user=0.00 sys=0.00, real=0.00 secs] 
2014-07-09T15:51:49.488+0200: 17.100: [Full GC [PSYoungGen: 2529K->0K(13824K)] [ParOldGen: 12617K->6398K(16384K)] 15146K->6398K(30208K) [PSPermGen: 2474K->2474K(21504K)], 0.0101420 secs] [Times: user=0.02 sys=0.00, real=0.01 secs] 
2014-07-09T15:51:49.504+0200: 17.116: [GC [PSYoungGen: 11257K->512K(13824K)] 17656K->6910K(30208K), 0.0008572 secs] [Times: user=0.00 sys=0.00, real=0.00 secs] 
2014-07-09T15:51:49.577+0200: 17.189: [GC [PSYoungGen: 11772K->2305K(13824K)] 18170K->8711K(30208K), 0.0102102 secs] [Times: user=0.02 sys=0.00, real=0.01 secs] 
2014-07-09T15:51:49.592+0200: 17.203: [GC [PSYoungGen: 13554K->2529K(13824K)] 19961K->11793K(30208K), 0.0041377 secs] [Times: user=0.00 sys=0.00, real=0.00 secs] 
2014-07-09T15:51:49.677+0200: 17.289: [GC [PSYoungGen: 13780K->224K(13824K)] 23044K->9495K(30208K), 0.0012876 secs] [Times: user=0.00 sys=0.00, real=0.00 secs] 
2014-07-09T15:51:49.687+0200: 17.299: [GC [PSYoungGen: 11473K->2529K(13824K)] 20745K->12545K(30208K), 0.0045693 secs] [Times: user=0.00 sys=0.00, real=0.00 secs] 
2014-07-09T15:51:49.729+0200: 17.341: [GC [PSYoungGen: 13780K->2529K(13824K)] 23796K->16331K(30208K), 0.0042261 secs] [Times: user=0.00 sys=0.00, real=0.00 secs] 
2014-07-09T15:51:49.734+0200: 17.346: [Full GC [PSYoungGen: 2529K->0K(13824K)] [ParOldGen: 13802K->6591K(16384K)] 16331K->6591K(30208K) [PSPermGen: 2474K->2474K(21504K)], 0.0135875 secs] [Times: user=0.01 sys=0.00, real=0.01 secs] 
2014-07-09T15:51:49.780+0200: 17.391: [GC [PSYoungGen: 11258K->2529K(13824K)] 17850K->14403K(30208K), 0.0057480 secs] [Times: user=0.00 sys=0.00, real=0.01 secs] 
2014-07-09T15:51:49.786+0200: 17.397: [Full GC [PSYoungGen: 2529K->0K(13824K)] [ParOldGen: 11874K->8097K(16384K)] 14403K->8097K(30208K) [PSPermGen: 2474K->2474K(21504K)], 0.0103876 secs] [Times: user=0.02 sys=0.00, real=0.01 secs] 
2014-07-09T15:51:49.827+0200: 17.439: [GC [PSYoungGen: 11251K->2529K(13824K)] 19348K->10754K(30208K), 0.0013455 secs] [Times: user=0.00 sys=0.00, real=0.00 secs] 
2014-07-09T15:51:49.878+0200: 17.490: [GC [PSYoungGen: 13778K->2529K(13824K)] 22003K->13931K(30208K), 0.0042521 secs] [Times: user=0.00 sys=0.00, real=0.00 secs] 
2014-07-09T15:51:49.882+0200: 17.494: [Full GC [PSYoungGen: 2529K->0K(13824K)] [ParOldGen: 11402K->5984K(16384K)] 13931K->5984K(30208K) [PSPermGen: 2474K->2474K(21504K)], 0.0094828 secs] [Times: user=0.03 sys=0.00, real=0.01 secs] 
2014-07-09T15:51:49.927+0200: 17.539: [GC [PSYoungGen: 11251K->544K(13824K)] 17235K->6528K(30208K), 0.0006082 secs] [Times: user=0.00 sys=0.00, real=0.00 secs] 
2014-07-09T15:51:49.979+0200: 17.591: [GC [PSYoungGen: 11793K->2529K(13824K)] 17777K->9545K(30208K), 0.0171548 secs] [Times: user=0.02 sys=0.00, real=0.02 secs] 
2014-07-09T15:51:50.002+0200: 17.614: [GC [PSYoungGen: 13784K->2529K(13824K)] 20800K->13107K(30208K), 0.0655450 secs] [Times: user=0.02 sys=0.00, real=0.07 secs] 
2014-07-09T15:51:50.068+0200: 17.680: [Full GC [PSYoungGen: 2529K->0K(13824K)] [ParOldGen: 10578K->6400K(16384K)] 13107K->6400K(30208K) [PSPermGen: 2474K->2474K(21504K)], 0.0200574 secs] [Times: user=0.05 sys=0.00, real=0.02 secs] 
2014-07-09T15:51:50.095+0200: 17.707: [GC [PSYoungGen: 11254K->2529K(13824K)] 17655K->14532K(30208K), 0.0054433 secs] [Times: user=0.00 sys=0.00, real=0.00 secs] 
2014-07-09T15:51:50.100+0200: 17.712: [Full GC [PSYoungGen: 2529K->0K(13824K)] [ParOldGen: 12003K->8417K(16384K)] 14532K->8417K(30208K) [PSPermGen: 2474K->2474K(21504K)], 0.0169462 secs] [Times: user=0.00 sys=0.00, real=0.02 secs] 
2014-07-09T15:51:50.123+0200: 17.735: [GC [PSYoungGen: 11251K->2529K(13824K)] 19669K->11371K(30208K), 0.0037077 secs] [Times: user=0.00 sys=0.00, real=0.00 secs] 
2014-07-09T15:51:50.132+0200: 17.744: [GC [PSYoungGen: 13778K->2529K(13824K)] 22620K->14868K(30208K), 0.0046671 secs] [Times: user=0.00 sys=0.00, real=0.01 secs] 
2014-07-09T15:51:50.137+0200: 17.749: [Full GC [PSYoungGen: 2529K->0K(13824K)] [ParOldGen: 12339K->6304K(16384K)] 14868K->6304K(30208K) [PSPermGen: 2474K->2474K(21504K)], 0.0095304 secs] [Times: user=0.00 sys=0.00, real=0.01 secs] 
2014-07-09T15:51:50.183+0200: 17.795: [GC [PSYoungGen: 11251K->864K(13824K)] 17556K->7169K(30208K), 0.0308065 secs] [Times: user=0.03 sys=0.00, real=0.03 secs] 
2014-07-09T15:51:50.228+0200: 17.840: [GC [PSYoungGen: 12119K->2529K(13824K)] 18424K->9194K(30208K), 0.0018907 secs] [Times: user=0.00 sys=0.00, real=0.00 secs] 
2014-07-09T15:51:50.281+0200: 17.893: [GC [PSYoungGen: 13778K->2529K(13824K)] 20443K->12595K(30208K), 0.0079070 secs] [Times: user=0.03 sys=0.00, real=0.01 secs] 
2014-07-09T15:51:50.290+0200: 17.902: [Full GC [PSYoungGen: 2529K->0K(13824K)] [ParOldGen: 10066K->6208K(16384K)] 12595K->6208K(30208K) [PSPermGen: 2474K->2474K(21504K)], 0.0161018 secs] [Times: user=0.03 sys=0.00, real=0.02 secs] 
2014-07-09T15:51:50.327+0200: 17.939: [GC [PSYoungGen: 11251K->736K(13824K)] 17460K->6945K(30208K), 0.0164006 secs] [Times: user=0.02 sys=0.00, real=0.02 secs] 
2014-07-09T15:51:50.378+0200: 17.989: [GC [PSYoungGen: 11985K->2529K(13824K)] 18194K->10026K(30208K), 0.0024887 secs] [Times: user=0.00 sys=0.00, real=0.00 secs] 
2014-07-09T15:51:50.385+0200: 17.997: [GC [PSYoungGen: 13780K->2529K(13824K)] 21278K->14356K(30208K), 0.0053293 secs] [Times: user=0.00 sys=0.00, real=0.01 secs] 
2014-07-09T15:51:50.391+0200: 18.002: [Full GC [PSYoungGen: 2529K->0K(13824K)] [ParOldGen: 11827K->7137K(16384K)] 14356K->7137K(30208K) [PSPermGen: 2474K->2474K(21504K)], 0.0125793 secs] [Times: user=0.01 sys=0.00, real=0.01 secs] 
2014-07-09T15:51:50.478+0200: 18.090: [GC [PSYoungGen: 11249K->1696K(13824K)] 18386K->8833K(30208K), 0.0020443 secs] [Times: user=0.00 sys=0.00, real=0.00 secs] 
2014-07-09T15:51:50.490+0200: 18.102: [GC [PSYoungGen: 12948K->2529K(13824K)] 20085K->11883K(30208K), 0.0069934 secs] [Times: user=0.03 sys=0.00, real=0.01 secs] 
2014-07-09T15:51:50.529+0200: 18.141: [GC [PSYoungGen: 13766K->2529K(13824K)] 23120K->14932K(30208K), 0.0042734 secs] [Times: user=0.00 sys=0.00, real=0.00 secs] 
2014-07-09T15:51:50.533+0200: 18.145: [Full GC [PSYoungGen: 2529K->0K(13824K)] [ParOldGen: 12403K->6026K(16384K)] 14932K->6026K(30208K) [PSPermGen: 2474K->2474K(21504K)], 0.0118387 secs] [Times: user=0.02 sys=0.00, real=0.01 secs] 
2014-07-09T15:51:50.592+0200: 18.204: [GC [PSYoungGen: 11251K->384K(13824K)] 17277K->6410K(30208K), 0.0093863 secs] [Times: user=0.02 sys=0.00, real=0.01 secs] 
2014-07-09T15:51:50.628+0200: 18.239: [GC [PSYoungGen: 11633K->2529K(13824K)] 17659K->9491K(30208K), 0.0023050 secs] [Times: user=0.00 sys=0.00, real=0.00 secs] 
2014-07-09T15:51:50.679+0200: 18.291: [GC [PSYoungGen: 13780K->2529K(13824K)] 20743K->13469K(30208K), 0.0045953 secs] [Times: user=0.00 sys=0.00, real=0.01 secs] 
2014-07-09T15:51:50.684+0200: 18.296: [Full GC [PSYoungGen: 2529K->0K(13824K)] [ParOldGen: 10940K->6786K(16384K)] 13469K->6786K(30208K) [PSPermGen: 2474K->2474K(21504K)], 0.0106552 secs] [Times: user=0.02 sys=0.00, real=0.01 secs] 
2014-07-09T15:51:50.727+0200: 18.339: [GC [PSYoungGen: 11249K->1344K(13824K)] 18036K->8131K(30208K), 0.0007835 secs] [Times: user=0.00 sys=0.00, real=0.00 secs] 
2014-07-09T15:51:50.780+0200: 18.392: [GC [PSYoungGen: 12599K->2529K(13824K)] 19386K->10124K(30208K), 0.0061531 secs] [Times: user=0.00 sys=0.00, real=0.01 secs] 
2014-07-09T15:51:50.795+0200: 18.407: [GC [PSYoungGen: 13780K->2529K(13824K)] 21375K->14006K(30208K), 0.0091722 secs] [Times: user=0.03 sys=0.00, real=0.01 secs] 
2014-07-09T15:51:50.805+0200: 18.417: [Full GC [PSYoungGen: 2529K->0K(13824K)] [ParOldGen: 11477K->6690K(16384K)] 14006K->6690K(30208K) [PSPermGen: 2474K->2474K(21504K)], 0.0122094 secs] [Times: user=0.00 sys=0.00, real=0.01 secs] 
2014-07-09T15:51:50.878+0200: 18.490: [GC [PSYoungGen: 11249K->1248K(13824K)] 17940K->7939K(30208K), 0.0020758 secs] [Times: user=0.00 sys=0.00, real=0.00 secs] 
2014-07-09T15:51:50.890+0200: 18.502: [GC [PSYoungGen: 12500K->2529K(13824K)] 19190K->10988K(30208K), 0.0056273 secs] [Times: user=0.00 sys=0.00, real=0.01 secs] 
2014-07-09T15:51:50.929+0200: 18.541: [GC [PSYoungGen: 13778K->2529K(13824K)] 22238K->15799K(30208K), 0.0060167 secs] [Times: user=0.00 sys=0.00, real=0.01 secs] 
2014-07-09T15:51:50.935+0200: 18.547: [Full GC [PSYoungGen: 2529K->0K(13824K)] [ParOldGen: 13269K->7619K(16384K)] 15799K->7619K(30208K) [PSPermGen: 2474K->2474K(21504K)], 0.0142782 secs] [Times: user=0.02 sys=0.00, real=0.02 secs] 
2014-07-09T15:51:50.980+0200: 18.592: [GC [PSYoungGen: 11260K->640K(13824K)] 18879K->8259K(30208K), 0.0009268 secs] [Times: user=0.00 sys=0.00, real=0.00 secs] 
2014-07-09T15:51:51.028+0200: 18.640: [GC [PSYoungGen: 11889K->2529K(13824K)] 19508K->11308K(30208K), 0.0022247 secs] [Times: user=0.00 sys=0.00, real=0.00 secs] 
2014-07-09T15:51:51.080+0200: 18.692: [GC [PSYoungGen: 13780K->2529K(13824K)] 22560K->15510K(30208K), 0.0061311 secs] [Times: user=0.00 sys=0.00, real=0.01 secs] 
2014-07-09T15:51:51.086+0200: 18.698: [Full GC [PSYoungGen: 2529K->0K(13824K)] [ParOldGen: 12981K->7011K(16384K)] 15510K->7011K(30208K) [PSPermGen: 2474K->2474K(21504K)], 0.0105856 secs] [Times: user=0.00 sys=0.00, real=0.01 secs] 
2014-07-09T15:51:51.127+0200: 18.739: [GC [PSYoungGen: 11249K->1568K(13824K)] 18260K->8580K(30208K), 0.0008407 secs] [Times: user=0.00 sys=0.00, real=0.00 secs] 
2014-07-09T15:51:51.178+0200: 18.790: [GC [PSYoungGen: 12820K->2529K(13824K)] 19831K->11597K(30208K), 0.0038609 secs] [Times: user=0.00 sys=0.00, real=0.00 secs] 
2014-07-09T15:51:51.187+0200: 18.799: [GC [PSYoungGen: 13778K->2529K(13824K)] 22847K->16728K(30208K), 0.0070733 secs] [Times: user=0.02 sys=0.00, real=0.01 secs] 
2014-07-09T15:51:51.194+0200: 18.806: [Full GC [PSYoungGen: 2529K->0K(13824K)] [ParOldGen: 14198K->7939K(16384K)] 16728K->7939K(30208K) [PSPermGen: 2474K->2474K(21504K)], 0.0105335 secs] [Times: user=0.00 sys=0.00, real=0.01 secs] 
2014-07-09T15:51:51.277+0200: 18.889: [GC [PSYoungGen: 11260K->960K(13824K)] 19200K->8900K(30208K), 0.0024861 secs] [Times: user=0.00 sys=0.00, real=0.00 secs] 
2014-07-09T15:51:51.289+0200: 18.901: [GC [PSYoungGen: 12209K->2529K(13824K)] 20149K->11949K(30208K), 0.0056647 secs] [Times: user=0.00 sys=0.00, real=0.01 secs] 
2014-07-09T15:51:51.332+0200: 18.943: [GC [PSYoungGen: 13780K->2529K(13824K)] 23201K->16472K(30208K), 0.0092001 secs] [Times: user=0.03 sys=0.00, real=0.01 secs] 
2014-07-09T15:51:51.341+0200: 18.953: [Full GC [PSYoungGen: 2529K->0K(13824K)] [ParOldGen: 13942K->7332K(16384K)] 16472K->7332K(30208K) [PSPermGen: 2474K->2474K(21504K)], 0.0155438 secs] [Times: user=0.01 sys=0.00, real=0.02 secs] 
2014-07-09T15:51:51.381+0200: 18.993: [GC [PSYoungGen: 11249K->1888K(13824K)] 18581K->9221K(30208K), 0.0014691 secs] [Times: user=0.00 sys=0.00, real=0.00 secs] 
2014-07-09T15:51:51.429+0200: 19.041: [GC [PSYoungGen: 13140K->2529K(13824K)] 20472K->12270K(30208K), 0.0036699 secs] [Times: user=0.00 sys=0.00, real=0.00 secs] 
2014-07-09T15:51:51.480+0200: 19.092: [GC [PSYoungGen: 13778K->2529K(13824K)] 23520K->17721K(30208K), 0.0058832 secs] [Times: user=0.00 sys=0.00, real=0.01 secs] 
2014-07-09T15:51:51.486+0200: 19.098: [Full GC [PSYoungGen: 2529K->0K(13824K)] [ParOldGen: 15192K->8260K(16384K)] 17721K->8260K(30208K) [PSPermGen: 2474K->2474K(21504K)], 0.0149550 secs] [Times: user=0.01 sys=0.00, real=0.01 secs] 
2014-07-09T15:51:51.527+0200: 19.139: [GC [PSYoungGen: 11234K->1120K(13824K)] 19495K->9381K(30208K), 0.0007384 secs] [Times: user=0.00 sys=0.00, real=0.00 secs] 
2014-07-09T15:51:51.579+0200: 19.191: [GC [PSYoungGen: 12370K->2529K(13824K)] 20630K->12430K(30208K), 0.0050121 secs] [Times: user=0.03 sys=0.00, real=0.01 secs] 
2014-07-09T15:51:51.590+0200: 19.202: [GC [PSYoungGen: 13778K->2529K(13824K)] 23680K->17113K(30208K), 0.0059005 secs] [Times: user=0.00 sys=0.00, real=0.01 secs] 
2014-07-09T15:51:51.596+0200: 19.208: [Full GC [PSYoungGen: 2529K->0K(13824K)] [ParOldGen: 14583K->7493K(16384K)] 17113K->7493K(30208K) [PSPermGen: 2474K->2474K(21504K)], 0.0141924 secs] [Times: user=0.03 sys=0.00, real=0.01 secs] 
2014-07-09T15:51:51.678+0200: 19.290: [GC [PSYoungGen: 11249K->2048K(13824K)] 18742K->9542K(30208K), 0.0021858 secs] [Times: user=0.00 sys=0.00, real=0.00 secs] 
2014-07-09T15:51:51.691+0200: 19.303: [GC [PSYoungGen: 13300K->2529K(13824K)] 20793K->12559K(30208K), 0.0287929 secs] [Times: user=0.02 sys=0.00, real=0.03 secs] 
2014-07-09T15:51:51.720+0200: 19.332: [Full GC [PSYoungGen: 2529K->0K(13824K)] [ParOldGen: 10030K->5542K(16384K)] 12559K->5542K(30208K) [PSPermGen: 2474K->2474K(21504K)], 0.0153055 secs] [Times: user=0.02 sys=0.00, real=0.01 secs] 
2014-07-09T15:51:51.741+0200: 19.353: [GC [PSYoungGen: 11249K->2529K(13824K)] 16792K->13642K(30208K), 0.0070249 secs] [Times: user=0.00 sys=0.00, real=0.01 secs] 
2014-07-09T15:51:51.748+0200: 19.360: [Full GC [PSYoungGen: 2529K->0K(13824K)] [ParOldGen: 11113K->8421K(16384K)] 13642K->8421K(30208K) [PSPermGen: 2474K->2474K(21504K)], 0.0118985 secs] [Times: user=0.02 sys=0.00, real=0.01 secs] 
2014-07-09T15:51:51.781+0200: 19.393: [GC [PSYoungGen: 11254K->1952K(13824K)] 19676K->10374K(30208K), 0.0018159 secs] [Times: user=0.00 sys=0.00, real=0.00 secs] 
2014-07-09T15:51:51.829+0200: 19.441: [GC [PSYoungGen: 13204K->2529K(13824K)] 21626K->13424K(30208K), 0.0070117 secs] [Times: user=0.03 sys=0.00, real=0.01 secs] 
2014-07-09T15:51:51.837+0200: 19.449: [Full GC [PSYoungGen: 2529K->0K(13824K)] [ParOldGen: 10895K->5447K(16384K)] 13424K->5447K(30208K) [PSPermGen: 2474K->2474K(21504K)], 0.0213339 secs] [Times: user=0.01 sys=0.00, real=0.02 secs] 
2014-07-09T15:51:51.879+0200: 19.491: [GC [PSYoungGen: 11249K->2529K(13824K)] 16696K->13483K(30208K), 0.0060622 secs] [Times: user=0.00 sys=0.00, real=0.01 secs] 
2014-07-09T15:51:51.885+0200: 19.497: [Full GC [PSYoungGen: 2529K->0K(13824K)] [ParOldGen: 10953K->8325K(16384K)] 13483K->8325K(30208K) [PSPermGen: 2474K->2474K(21504K)], 0.0117309 secs] [Times: user=0.03 sys=0.00, real=0.01 secs] 
2014-07-09T15:51:51.928+0200: 19.539: [GC [PSYoungGen: 11251K->2529K(13824K)] 19577K->11207K(30208K), 0.0014918 secs] [Times: user=0.00 sys=0.00, real=0.00 secs] 
2014-07-09T15:51:51.980+0200: 19.592: [GC [PSYoungGen: 13778K->2529K(13824K)] 22456K->14608K(30208K), 0.0074993 secs] [Times: user=0.02 sys=0.00, real=0.01 secs] 
2014-07-09T15:51:51.988+0200: 19.600: [Full GC [PSYoungGen: 2529K->0K(13824K)] [ParOldGen: 12079K->6212K(16384K)] 14608K->6212K(30208K) [PSPermGen: 2474K->2474K(21504K)], 0.0211866 secs] [Times: user=0.01 sys=0.00, real=0.02 secs] 
2014-07-09T15:51:52.014+0200: 19.626: [GC [PSYoungGen: 11260K->2529K(13824K)] 17473K->13640K(30208K), 0.0060743 secs] [Times: user=0.03 sys=0.00, real=0.01 secs] 
2014-07-09T15:51:52.021+0200: 19.632: [Full GC [PSYoungGen: 2529K->0K(13824K)] [ParOldGen: 11111K->7718K(16384K)] 13640K->7718K(30208K) [PSPermGen: 2474K->2474K(21504K)], 0.0116103 secs] [Times: user=0.00 sys=0.00, real=0.01 secs] 
2014-07-09T15:51:52.078+0200: 19.689: [GC [PSYoungGen: 11255K->1728K(13824K)] 18973K->9447K(30208K), 0.0119161 secs] [Times: user=0.00 sys=0.00, real=0.01 secs] 
2014-07-09T15:51:52.096+0200: 19.707: [GC [PSYoungGen: 12980K->2529K(13824K)] 20698K->12528K(30208K), 0.0083176 secs] [Times: user=0.03 sys=0.00, real=0.01 secs] 
2014-07-09T15:51:52.104+0200: 19.716: [Full GC [PSYoungGen: 2529K->0K(13824K)] [ParOldGen: 9999K->5256K(16384K)] 12528K->5256K(30208K) [PSPermGen: 2474K->2474K(21504K)], 0.0079015 secs] [Times: user=0.00 sys=0.00, real=0.01 secs] 
2014-07-09T15:51:52.130+0200: 19.742: [GC [PSYoungGen: 11249K->2529K(13824K)] 16505K->13100K(30208K), 0.0053909 secs] [Times: user=0.00 sys=0.00, real=0.01 secs] 
2014-07-09T15:51:52.136+0200: 19.748: [Full GC [PSYoungGen: 2529K->0K(13824K)] [ParOldGen: 10570K->8134K(16384K)] 13100K->8134K(30208K) [PSPermGen: 2474K->2474K(21504K)], 0.0109562 secs] [Times: user=0.03 sys=0.00, real=0.01 secs] 
2014-07-09T15:51:52.181+0200: 19.792: [GC [PSYoungGen: 11251K->2529K(13824K)] 19386K->10824K(30208K), 0.0019581 secs] [Times: user=0.00 sys=0.00, real=0.00 secs] 
2014-07-09T15:51:52.230+0200: 19.842: [GC [PSYoungGen: 13784K->2529K(13824K)] 22079K->13009K(30208K), 0.0061571 secs] [Times: user=0.00 sys=0.00, real=0.01 secs] 
2014-07-09T15:51:52.237+0200: 19.849: [Full GC [PSYoungGen: 2529K->0K(13824K)] [ParOldGen: 10480K->5159K(16384K)] 13009K->5159K(30208K) [PSPermGen: 2474K->2474K(21504K)], 0.0156509 secs] [Times: user=0.03 sys=0.00, real=0.02 secs] 
2014-07-09T15:51:52.280+0200: 19.892: [GC [PSYoungGen: 11249K->2529K(13824K)] 16408K->12906K(30208K), 0.0059874 secs] [Times: user=0.03 sys=0.00, real=0.01 secs] 
2014-07-09T15:51:52.286+0200: 19.898: [Full GC [PSYoungGen: 2529K->0K(13824K)] [ParOldGen: 10377K->8038K(16384K)] 12906K->8038K(30208K) [PSPermGen: 2474K->2474K(21504K)], 0.0346003 secs] [Times: user=0.01 sys=0.00, real=0.04 secs] 
2014-07-09T15:51:52.328+0200: 19.940: [GC [PSYoungGen: 11251K->2529K(13824K)] 19290K->10632K(30208K), 0.0017525 secs] [Times: user=0.00 sys=0.00, real=0.00 secs] 
2014-07-09T15:51:52.380+0200: 19.992: [GC [PSYoungGen: 13778K->2529K(13824K)] 21881K->13745K(30208K), 0.0070990 secs] [Times: user=0.00 sys=0.00, real=0.01 secs] 
2014-07-09T15:51:52.387+0200: 19.999: [Full GC [PSYoungGen: 2529K->0K(13824K)] [ParOldGen: 11216K->5925K(16384K)] 13745K->5925K(30208K) [PSPermGen: 2474K->2474K(21504K)], 0.0289832 secs] [Times: user=0.05 sys=0.00, real=0.03 secs] 
2014-07-09T15:51:52.428+0200: 20.040: [GC [PSYoungGen: 11251K->480K(13824K)] 17177K->6406K(30208K), 0.0008370 secs] [Times: user=0.00 sys=0.00, real=0.00 secs] 
2014-07-09T15:51:52.479+0200: 20.091: [GC [PSYoungGen: 11729K->2529K(13824K)] 17655K->9455K(30208K), 0.0041220 secs] [Times: user=0.00 sys=0.00, real=0.00 secs] 
2014-07-09T15:51:52.495+0200: 20.107: [GC [PSYoungGen: 13780K->2529K(13824K)] 20707K->13465K(30208K), 0.0087814 secs] [Times: user=0.02 sys=0.00, real=0.01 secs] 
2014-07-09T15:51:52.504+0200: 20.116: [Full GC [PSYoungGen: 2529K->0K(13824K)] [ParOldGen: 10936K->6854K(16384K)] 13465K->6854K(30208K) [PSPermGen: 2474K->2474K(21504K)], 0.0211066 secs] [Times: user=0.02 sys=0.00, real=0.02 secs] 
2014-07-09T15:51:52.532+0200: 20.144: [GC [PSYoungGen: 11263K->2529K(13824K)] 18117K->14794K(30208K), 0.0058946 secs] [Times: user=0.03 sys=0.00, real=0.01 secs] 
2014-07-09T15:51:52.538+0200: 20.150: [Full GC [PSYoungGen: 2529K->0K(13824K)] [ParOldGen: 12265K->8232K(16384K)] 14794K->8232K(30208K) [PSPermGen: 2474K->2474K(21504K)], 0.0125943 secs] [Times: user=0.03 sys=0.00, real=0.01 secs] 
2014-07-09T15:51:52.582+0200: 20.194: [GC [PSYoungGen: 11251K->2529K(13824K)] 19483K->10985K(30208K), 0.0030914 secs] [Times: user=0.00 sys=0.00, real=0.00 secs] 
2014-07-09T15:51:52.629+0200: 20.241: [GC [PSYoungGen: 13778K->2529K(13824K)] 22234K->14291K(30208K), 0.0044648 secs] [Times: user=0.00 sys=0.00, real=0.00 secs] 
2014-07-09T15:51:52.633+0200: 20.245: [Full GC [PSYoungGen: 2529K->0K(13824K)] [ParOldGen: 11761K->6119K(16384K)] 14291K->6119K(30208K) [PSPermGen: 2474K->2474K(21504K)], 0.0095700 secs] [Times: user=0.00 sys=0.00, real=0.01 secs] 
2014-07-09T15:51:52.680+0200: 20.292: [GC [PSYoungGen: 11251K->672K(13824K)] 17370K->6791K(30208K), 0.0009323 secs] [Times: user=0.00 sys=0.00, real=0.00 secs] 
2014-07-09T15:51:52.728+0200: 20.340: [GC [PSYoungGen: 11921K->2529K(13824K)] 18040K->9840K(30208K), 0.0026397 secs] [Times: user=0.00 sys=0.00, real=0.00 secs] 
2014-07-09T15:51:52.779+0200: 20.391: [GC [PSYoungGen: 13789K->2529K(13824K)] 21101K->12538K(30208K), 0.0039112 secs] [Times: user=0.00 sys=0.00, real=0.00 secs] 
2014-07-09T15:51:52.783+0200: 20.395: [Full GC [PSYoungGen: 2529K->0K(13824K)] [ParOldGen: 10009K->5511K(16384K)] 12538K->5511K(30208K) [PSPermGen: 2474K->2474K(21504K)], 0.0135465 secs] [Times: user=0.03 sys=0.00, real=0.01 secs] 
2014-07-09T15:51:52.827+0200: 20.439: [GC [PSYoungGen: 11249K->32K(13824K)] 16760K->5543K(30208K), 0.0203257 secs] [Times: user=0.03 sys=0.00, real=0.02 secs] 
2014-07-09T15:51:52.877+0200: 20.489: [GC [PSYoungGen: 11281K->2529K(13824K)] 16792K->8624K(30208K), 0.0016762 secs] [Times: user=0.01 sys=0.00, real=0.00 secs] 
2014-07-09T15:51:52.884+0200: 20.496: [GC [PSYoungGen: 13778K->2529K(13824K)] 19874K->12250K(30208K), 0.0047306 secs] [Times: user=0.00 sys=0.00, real=0.00 secs] 
2014-07-09T15:51:52.978+0200: 20.590: [GC [PSYoungGen: 13780K->992K(13824K)] 23502K->10721K(30208K), 0.0017961 secs] [Times: user=0.00 sys=0.00, real=0.00 secs] 
2014-07-09T15:51:52.988+0200: 20.600: [GC [PSYoungGen: 12241K->2529K(13824K)] 21971K->13771K(30208K), 0.0059258 secs] [Times: user=0.00 sys=0.00, real=0.01 secs] 
2014-07-09T15:51:52.994+0200: 20.606: [Full GC [PSYoungGen: 2529K->0K(13824K)] [ParOldGen: 11242K->4491K(16384K)] 13771K->4491K(30208K) [PSPermGen: 2474K->2474K(21504K)], 0.0109196 secs] [Times: user=0.02 sys=0.00, real=0.01 secs] 
2014-07-09T15:51:53.029+0200: 20.641: [GC [PSYoungGen: 11260K->2529K(13824K)] 15752K->10030K(30208K), 0.0040490 secs] [Times: user=0.00 sys=0.00, real=0.00 secs] 
2014-07-09T15:51:53.080+0200: 20.691: [GC [PSYoungGen: 13780K->384K(13824K)] 21281K->7893K(30208K), 0.0007904 secs] [Times: user=0.00 sys=0.01, real=0.00 secs] 
2014-07-09T15:51:53.129+0200: 20.741: [GC [PSYoungGen: 11633K->2529K(13824K)] 19142K->10942K(30208K), 0.0036952 secs] [Times: user=0.00 sys=0.00, real=0.00 secs] 
2014-07-09T15:51:53.181+0200: 20.793: [GC [PSYoungGen: 13780K->2529K(13824K)] 22194K->14888K(30208K), 0.0078744 secs] [Times: user=0.00 sys=0.00, real=0.01 secs] 
2014-07-09T15:51:53.189+0200: 20.801: [Full GC [PSYoungGen: 2529K->0K(13824K)] [ParOldGen: 12359K->6760K(16384K)] 14888K->6760K(30208K) [PSPermGen: 2474K->2474K(21504K)], 0.0210300 secs] [Times: user=0.05 sys=0.00, real=0.02 secs] 
2014-07-09T15:51:53.227+0200: 20.839: [GC [PSYoungGen: 11249K->1312K(13824K)] 18010K->8073K(30208K), 0.0009928 secs] [Times: user=0.00 sys=0.00, real=0.00 secs] 
2014-07-09T15:51:53.279+0200: 20.891: [GC [PSYoungGen: 12567K->2529K(13824K)] 19328K->10098K(30208K), 0.0036465 secs] [Times: user=0.02 sys=0.00, real=0.00 secs] 
2014-07-09T15:51:53.293+0200: 20.905: [GC [PSYoungGen: 13780K->2529K(13824K)] 21349K->13948K(30208K), 0.0055676 secs] [Times: user=0.01 sys=0.00, real=0.01 secs] 
2014-07-09T15:51:53.299+0200: 20.911: [Full GC [PSYoungGen: 2529K->0K(13824K)] [ParOldGen: 11418K->6664K(16384K)] 13948K->6664K(30208K) [PSPermGen: 2474K->2474K(21504K)], 0.0139783 secs] [Times: user=0.00 sys=0.00, real=0.01 secs] 
2014-07-09T15:51:53.377+0200: 20.989: [GC [PSYoungGen: 11249K->1184K(13824K)] 17914K->7849K(30208K), 0.0020527 secs] [Times: user=0.00 sys=0.00, real=0.00 secs] 
2014-07-09T15:51:53.384+0200: 20.996: [GC [PSYoungGen: 12436K->2529K(13824K)] 19100K->10930K(30208K), 0.0029466 secs] [Times: user=0.00 sys=0.00, real=0.00 secs] 
2014-07-09T15:51:53.429+0200: 21.041: [GC [PSYoungGen: 13778K->2529K(13824K)] 22180K->15708K(30208K), 0.0054602 secs] [Times: user=0.00 sys=0.00, real=0.01 secs] 
2014-07-09T15:51:53.434+0200: 21.046: [Full GC [PSYoungGen: 2529K->0K(13824K)] [ParOldGen: 13179K->7593K(16384K)] 15708K->7593K(30208K) [PSPermGen: 2474K->2474K(21504K)], 0.0103748 secs] [Times: user=0.02 sys=0.00, real=0.01 secs] 
2014-07-09T15:51:53.483+0200: 21.095: [GC [PSYoungGen: 11251K->2145K(13824K)] 18844K->9738K(30208K), 0.0037432 secs] [Times: user=0.03 sys=0.00, real=0.00 secs] 
2014-07-09T15:51:53.528+0200: 21.140: [GC [PSYoungGen: 13383K->2529K(13824K)] 20976K->10578K(30208K), 0.0017455 secs] [Times: user=0.00 sys=0.00, real=0.00 secs] 
2014-07-09T15:51:53.581+0200: 21.193: [GC [PSYoungGen: 13778K->2529K(13824K)] 21827K->14044K(30208K), 0.0084071 secs] [Times: user=0.00 sys=0.00, real=0.01 secs] 
2014-07-09T15:51:53.590+0200: 21.202: [Full GC [PSYoungGen: 2529K->0K(13824K)] [ParOldGen: 11514K->6314K(16384K)] 14044K->6314K(30208K) [PSPermGen: 2474K->2474K(21504K)], 0.0211737 secs] [Times: user=0.06 sys=0.00, real=0.02 secs] 
2014-07-09T15:51:53.627+0200: 21.239: [GC [PSYoungGen: 11251K->864K(13824K)] 17565K->7178K(30208K), 0.0008289 secs] [Times: user=0.00 sys=0.00, real=0.00 secs] 
2014-07-09T15:51:53.679+0200: 21.291: [GC [PSYoungGen: 12113K->2529K(13824K)] 18427K->10195K(30208K), 0.0079239 secs] [Times: user=0.00 sys=0.00, real=0.01 secs] 
2014-07-09T15:51:53.693+0200: 21.305: [GC [PSYoungGen: 13780K->2529K(13824K)] 21447K->14622K(30208K), 0.0054627 secs] [Times: user=0.00 sys=0.00, real=0.00 secs] 
2014-07-09T15:51:53.699+0200: 21.311: [Full GC [PSYoungGen: 2529K->0K(13824K)] [ParOldGen: 12092K->7242K(16384K)] 14622K->7242K(30208K) [PSPermGen: 2474K->2474K(21504K)], 0.0155486 secs] [Times: user=0.01 sys=0.00, real=0.02 secs] 
2014-07-09T15:51:53.777+0200: 21.389: [GC [PSYoungGen: 11254K->768K(13824K)] 18497K->8010K(30208K), 0.0015637 secs] [Times: user=0.00 sys=0.00, real=0.00 secs] 
2014-07-09T15:51:53.787+0200: 21.399: [GC [PSYoungGen: 12017K->2529K(13824K)] 19260K->11060K(30208K), 0.0053736 secs] [Times: user=0.00 sys=0.00, real=0.01 secs] 
2014-07-09T15:51:53.829+0200: 21.441: [GC [PSYoungGen: 13780K->2529K(13824K)] 22311K->15390K(30208K), 0.0054858 secs] [Times: user=0.00 sys=0.00, real=0.01 secs] 
2014-07-09T15:51:53.835+0200: 21.447: [Full GC [PSYoungGen: 2529K->0K(13824K)] [ParOldGen: 12861K->7146K(16384K)] 15390K->7146K(30208K) [PSPermGen: 2474K->2474K(21504K)], 0.0138826 secs] [Times: user=0.03 sys=0.00, real=0.01 secs] 
2014-07-09T15:51:53.880+0200: 21.492: [GC [PSYoungGen: 11249K->1696K(13824K)] 18396K->8843K(30208K), 0.0016172 secs] [Times: user=0.00 sys=0.00, real=0.00 secs] 
2014-07-09T15:51:53.929+0200: 21.541: [GC [PSYoungGen: 12948K->2529K(13824K)] 20094K->11860K(30208K), 0.0046657 secs] [Times: user=0.00 sys=0.00, real=0.00 secs] 
2014-07-09T15:51:53.979+0200: 21.591: [GC [PSYoungGen: 13778K->2529K(13824K)] 23110K->17119K(30208K), 0.0096738 secs] [Times: user=0.03 sys=0.00, real=0.01 secs] 
2014-07-09T15:51:53.989+0200: 21.601: [Full GC [PSYoungGen: 2529K->0K(13824K)] [ParOldGen: 14590K->8074K(16384K)] 17119K->8074K(30208K) [PSPermGen: 2474K->2474K(21504K)], 0.0147449 secs] [Times: user=0.03 sys=0.00, real=0.01 secs] 
2014-07-09T15:51:54.027+0200: 21.639: [GC [PSYoungGen: 11260K->1088K(13824K)] 19335K->9163K(30208K), 0.0006918 secs] [Times: user=0.00 sys=0.00, real=0.00 secs] 
2014-07-09T15:51:54.078+0200: 21.690: [GC [PSYoungGen: 12337K->2529K(13824K)] 20412K->12212K(30208K), 0.0026041 secs] [Times: user=0.03 sys=0.00, real=0.00 secs] 
2014-07-09T15:51:54.085+0200: 21.697: [GC [PSYoungGen: 13778K->2529K(13824K)] 23462K->16863K(30208K), 0.0056585 secs] [Times: user=0.00 sys=0.00, real=0.01 secs] 
2014-07-09T15:51:54.091+0200: 21.703: [Full GC [PSYoungGen: 2529K->0K(13824K)] [ParOldGen: 14334K->7467K(16384K)] 16863K->7467K(30208K) [PSPermGen: 2474K->2474K(21504K)], 0.0126874 secs] [Times: user=0.02 sys=0.00, real=0.01 secs] 
2014-07-09T15:51:54.178+0200: 21.790: [GC [PSYoungGen: 11249K->2016K(13824K)] 18716K->9484K(30208K), 0.0029587 secs] [Times: user=0.00 sys=0.00, real=0.00 secs] 
2014-07-09T15:51:54.191+0200: 21.803: [GC [PSYoungGen: 13268K->2529K(13824K)] 20735K->12533K(30208K), 0.0067243 secs] [Times: user=0.00 sys=0.00, real=0.01 secs] 
2014-07-09T15:51:54.231+0200: 21.843: [GC [PSYoungGen: 13778K->2529K(13824K)] 23783K->18112K(30208K), 0.0105984 secs] [Times: user=0.03 sys=0.00, real=0.01 secs] 
2014-07-09T15:51:54.242+0200: 21.854: [Full GC [PSYoungGen: 2529K->0K(13824K)] [ParOldGen: 15583K->8395K(16384K)] 18112K->8395K(30208K) [PSPermGen: 2474K->2474K(21504K)], 0.0199272 secs] [Times: user=0.01 sys=0.00, real=0.02 secs] 
2014-07-09T15:51:54.281+0200: 21.893: [GC [PSYoungGen: 11260K->1408K(13824K)] 19656K->9804K(30208K), 0.0021987 secs] [Times: user=0.03 sys=0.00, real=0.00 secs] 
2014-07-09T15:51:54.328+0200: 21.940: [GC [PSYoungGen: 12660K->2529K(13824K)] 21055K->12853K(30208K), 0.0034118 secs] [Times: user=0.00 sys=0.00, real=0.00 secs] 
2014-07-09T15:51:54.332+0200: 21.944: [Full GC [PSYoungGen: 2529K->0K(13824K)] [ParOldGen: 10324K->4903K(16384K)] 12853K->4903K(30208K) [PSPermGen: 2474K->2474K(21504K)], 0.0092672 secs] [Times: user=0.00 sys=0.00, real=0.01 secs] 
2014-07-09T15:51:54.381+0200: 21.993: [GC [PSYoungGen: 11249K->2529K(13824K)] 16153K->12395K(30208K), 0.0095249 secs] [Times: user=0.00 sys=0.02, real=0.01 secs] 
2014-07-09T15:51:54.391+0200: 22.003: [Full GC [PSYoungGen: 2529K->0K(13824K)] [ParOldGen: 9865K->7788K(16384K)] 12395K->7788K(30208K) [PSPermGen: 2474K->2474K(21504K)], 0.0200577 secs] [Times: user=0.02 sys=0.00, real=0.02 secs] 
2014-07-09T15:51:54.428+0200: 22.040: [GC [PSYoungGen: 11251K->2337K(13824K)] 19039K->10125K(30208K), 0.0014456 secs] [Times: user=0.00 sys=0.00, real=0.00 secs] 
2014-07-09T15:51:54.478+0200: 22.090: [GC [PSYoungGen: 13586K->2529K(13824K)] 21374K->13174K(30208K), 0.0038100 secs] [Times: user=0.00 sys=0.00, real=0.00 secs] 
2014-07-09T15:51:54.482+0200: 22.094: [Full GC [PSYoungGen: 2529K->0K(13824K)] [ParOldGen: 10645K->5830K(16384K)] 13174K->5830K(30208K) [PSPermGen: 2474K->2474K(21504K)], 0.0089897 secs] [Times: user=0.03 sys=0.00, real=0.01 secs] 
2014-07-09T15:51:54.497+0200: 22.109: [GC [PSYoungGen: 11261K->2529K(13824K)] 17091K->13610K(30208K), 0.0058730 secs] [Times: user=0.03 sys=0.00, real=0.01 secs] 
2014-07-09T15:51:54.503+0200: 22.115: [Full GC [PSYoungGen: 2529K->0K(13824K)] [ParOldGen: 11081K->8077K(16384K)] 13610K->8077K(30208K) [PSPermGen: 2474K->2474K(21504K)], 0.0107854 secs] [Times: user=0.00 sys=0.00, real=0.01 secs] 
2014-07-09T15:51:54.577+0200: 22.189: [GC [PSYoungGen: 11254K->1600K(13824K)] 19332K->9678K(30208K), 0.0008583 secs] [Times: user=0.03 sys=0.00, real=0.00 secs] 
2014-07-09T15:51:54.583+0200: 22.195: [GC [PSYoungGen: 12852K->2529K(13824K)] 20929K->12727K(30208K), 0.0036648 secs] [Times: user=0.00 sys=0.00, real=0.00 secs] 
2014-07-09T15:51:54.586+0200: 22.199: [Full GC [PSYoungGen: 2529K->0K(13824K)] [ParOldGen: 10198K->5096K(16384K)] 12727K->5096K(30208K) [PSPermGen: 2474K->2474K(21504K)], 0.0080170 secs] [Times: user=0.03 sys=0.00, real=0.01 secs] 
2014-07-09T15:51:54.629+0200: 22.241: [GC [PSYoungGen: 11249K->2529K(13824K)] 16345K->12779K(30208K), 0.0057630 secs] [Times: user=0.00 sys=0.00, real=0.01 secs] 
2014-07-09T15:51:54.635+0200: 22.247: [Full GC [PSYoungGen: 2529K->0K(13824K)] [ParOldGen: 10250K->7981K(16384K)] 12779K->7981K(30208K) [PSPermGen: 2474K->2474K(21504K)], 0.0103678 secs] [Times: user=0.02 sys=0.00, real=0.01 secs] 
2014-07-09T15:51:54.684+0200: 22.296: [GC [PSYoungGen: 11251K->2529K(13824K)] 19232K->10510K(30208K), 0.0035621 secs] [Times: user=0.02 sys=0.00, real=0.00 secs] 
2014-07-09T15:51:54.730+0200: 22.342: [GC [PSYoungGen: 13784K->2529K(13824K)] 21765K->12535K(30208K), 0.0051104 secs] [Times: user=0.03 sys=0.00, real=0.00 secs] 
2014-07-09T15:51:54.735+0200: 22.347: [Full GC [PSYoungGen: 2529K->0K(13824K)] [ParOldGen: 10006K->4999K(16384K)] 12535K->4999K(30208K) [PSPermGen: 2474K->2474K(21504K)], 0.0115597 secs] [Times: user=0.00 sys=0.00, real=0.01 secs] 
2014-07-09T15:51:54.779+0200: 22.391: [GC [PSYoungGen: 11249K->2529K(13824K)] 16248K->12586K(30208K), 0.0055404 secs] [Times: user=0.03 sys=0.00, real=0.01 secs] 
2014-07-09T15:51:54.785+0200: 22.397: [Full GC [PSYoungGen: 2529K->0K(13824K)] [ParOldGen: 10057K->7885K(16384K)] 12586K->7885K(30208K) [PSPermGen: 2474K->2474K(21504K)], 0.0106761 secs] [Times: user=0.00 sys=0.00, real=0.01 secs] 
2014-07-09T15:51:54.828+0200: 22.441: [GC [PSYoungGen: 11251K->2433K(13824K)] 19136K->10318K(30208K), 0.0026470 secs] [Times: user=0.00 sys=0.00, real=0.00 secs] 
2014-07-09T15:51:54.880+0200: 22.492: [GC [PSYoungGen: 13682K->2529K(13824K)] 21567K->13367K(30208K), 0.0073435 secs] [Times: user=0.00 sys=0.00, real=0.01 secs] 
2014-07-09T15:51:54.887+0200: 22.500: [Full GC [PSYoungGen: 2529K->0K(13824K)] [ParOldGen: 10838K->5926K(16384K)] 13367K->5926K(30208K) [PSPermGen: 2474K->2474K(21504K)], 0.0228903 secs] [Times: user=0.06 sys=0.00, real=0.02 secs] 
2014-07-09T15:51:54.927+0200: 22.539: [GC [PSYoungGen: 11251K->320K(13824K)] 17178K->6247K(30208K), 0.0007406 secs] [Times: user=0.00 sys=0.00, real=0.00 secs] 
2014-07-09T15:51:54.979+0200: 22.591: [GC [PSYoungGen: 11569K->2529K(13824K)] 17496K->9296K(30208K), 0.0034375 secs] [Times: user=0.00 sys=0.00, real=0.00 secs] 
2014-07-09T15:51:54.992+0200: 22.604: [GC [PSYoungGen: 13780K->2529K(13824K)] 20547K->13178K(30208K), 0.0093841 secs] [Times: user=0.03 sys=0.00, real=0.01 secs] 
2014-07-09T15:51:55.002+0200: 22.614: [Full GC [PSYoungGen: 2529K->0K(13824K)] [ParOldGen: 10649K->6700K(16384K)] 13178K->6700K(30208K) [PSPermGen: 2474K->2474K(21504K)], 0.0125782 secs] [Times: user=0.01 sys=0.00, real=0.01 secs] 
2014-07-09T15:51:55.030+0200: 22.642: [GC [PSYoungGen: 11232K->2529K(13824K)] 17933K->14064K(30208K), 0.0302275 secs] [Times: user=0.01 sys=0.00, real=0.03 secs] 
2014-07-09T15:51:55.060+0200: 22.673: [Full GC [PSYoungGen: 2529K->0K(13824K)] [ParOldGen: 11534K->7662K(16384K)] 14064K->7662K(30208K) [PSPermGen: 2474K->2474K(21504K)], 0.0339132 secs] [Times: user=0.03 sys=0.00, real=0.03 secs] 
2014-07-09T15:51:55.099+0200: 22.711: [GC [PSYoungGen: 11251K->2209K(13824K)] 18913K->9871K(30208K), 0.0018782 secs] [Times: user=0.00 sys=0.00, real=0.00 secs] 
2014-07-09T15:51:55.128+0200: 22.740: [GC [PSYoungGen: 13458K->2529K(13824K)] 21120K->12920K(30208K), 0.0038822 secs] [Times: user=0.00 sys=0.00, real=0.00 secs] 
2014-07-09T15:51:55.132+0200: 22.745: [Full GC [PSYoungGen: 2529K->0K(13824K)] [ParOldGen: 10391K->5704K(16384K)] 12920K->5704K(30208K) [PSPermGen: 2474K->2474K(21504K)], 0.0085017 secs] [Times: user=0.03 sys=0.00, real=0.01 secs] 
2014-07-09T15:51:55.180+0200: 22.792: [GC [PSYoungGen: 11251K->96K(13824K)] 16955K->5800K(30208K), 0.0006031 secs] [Times: user=0.00 sys=0.00, real=0.00 secs] 
2014-07-09T15:51:55.229+0200: 22.841: [GC [PSYoungGen: 11345K->2529K(13824K)] 17049K->8849K(30208K), 0.0031442 secs] [Times: user=0.00 sys=0.00, real=0.00 secs] 
2014-07-09T15:51:55.279+0200: 22.892: [GC [PSYoungGen: 13784K->2529K(13824K)] 20104K->11483K(30208K), 0.0065047 secs] [Times: user=0.00 sys=0.02, real=0.01 secs] 
2014-07-09T15:51:55.298+0200: 22.910: [GC [PSYoungGen: 13778K->2529K(13824K)] 22732K->17126K(30208K), 0.0088969 secs] [Times: user=0.00 sys=0.00, real=0.01 secs] 
2014-07-09T15:51:55.307+0200: 22.919: [Full GC [PSYoungGen: 2529K->0K(13824K)] [ParOldGen: 14596K->8494K(16384K)] 17126K->8494K(30208K) [PSPermGen: 2474K->2474K(21504K)], 0.0143717 secs] [Times: user=0.02 sys=0.00, real=0.02 secs] 
2014-07-09T15:51:55.379+0200: 22.991: [GC [PSYoungGen: 11251K->2529K(13824K)] 19746K->11536K(30208K), 0.0029231 secs] [Times: user=0.00 sys=0.00, real=0.00 secs] 
2014-07-09T15:51:55.392+0200: 23.004: [GC [PSYoungGen: 13778K->2529K(13824K)] 22785K->15097K(30208K), 0.0061758 secs] [Times: user=0.00 sys=0.00, real=0.01 secs] 
2014-07-09T15:51:55.398+0200: 23.010: [Full GC [PSYoungGen: 2529K->0K(13824K)] [ParOldGen: 12568K->6536K(16384K)] 15097K->6536K(30208K) [PSPermGen: 2474K->2474K(21504K)], 0.0123168 secs] [Times: user=0.02 sys=0.00, real=0.01 secs] 
2014-07-09T15:51:55.478+0200: 23.090: [GC [PSYoungGen: 11251K->928K(13824K)] 17788K->7465K(30208K), 0.0017506 secs] [Times: user=0.00 sys=0.00, real=0.00 secs] 
2014-07-09T15:51:55.488+0200: 23.100: [GC [PSYoungGen: 12177K->2529K(13824K)] 18714K->10514K(30208K), 0.0055470 secs] [Times: user=0.00 sys=0.00, real=0.01 secs] 
2014-07-09T15:51:55.531+0200: 23.143: [GC [PSYoungGen: 13763K->2529K(13824K)] 21749K->13308K(30208K), 0.0073468 secs] [Times: user=0.00 sys=0.00, real=0.01 secs] 
2014-07-09T15:51:55.539+0200: 23.151: [Full GC [PSYoungGen: 2529K->0K(13824K)] [ParOldGen: 10778K->5774K(16384K)] 13308K->5774K(30208K) [PSPermGen: 2474K->2474K(21504K)], 0.0150174 secs] [Times: user=0.03 sys=0.00, real=0.01 secs] 
2014-07-09T15:51:55.580+0200: 23.192: [GC [PSYoungGen: 11251K->160K(13824K)] 17025K->5934K(30208K), 0.0007215 secs] [Times: user=0.00 sys=0.00, real=0.00 secs] 
2014-07-09T15:51:55.647+0200: 23.259: [GC [PSYoungGen: 11409K->2529K(13824K)] 17183K->8951K(30208K), 0.0148923 secs] [Times: user=0.01 sys=0.00, real=0.01 secs] 
2014-07-09T15:51:55.679+0200: 23.291: [GC [PSYoungGen: 13780K->2529K(13824K)] 20203K->12673K(30208K), 0.0044794 secs] [Times: user=0.00 sys=0.00, real=0.00 secs] 
2014-07-09T15:51:55.727+0200: 23.340: [GC [PSYoungGen: 13778K->1088K(13824K)] 23923K->11241K(30208K), 0.0017367 secs] [Times: user=0.00 sys=0.00, real=0.00 secs] 
2014-07-09T15:51:55.778+0200: 23.390: [GC [PSYoungGen: 12349K->2529K(13824K)] 22501K->12753K(30208K), 0.0015105 secs] [Times: user=0.03 sys=0.00, real=0.00 secs] 
2014-07-09T15:51:55.785+0200: 23.397: [GC [PSYoungGen: 13778K->2529K(13824K)] 24003K->15867K(30208K), 0.0045539 secs] [Times: user=0.00 sys=0.00, real=0.00 secs] 
2014-07-09T15:51:55.789+0200: 23.402: [Full GC [PSYoungGen: 2529K->0K(13824K)] [ParOldGen: 13338K->6103K(16384K)] 15867K->6103K(30208K) [PSPermGen: 2474K->2474K(21504K)], 0.0100107 secs] [Times: user=0.01 sys=0.00, real=0.01 secs] 
2014-07-09T15:51:55.877+0200: 23.489: [GC [PSYoungGen: 11251K->448K(13824K)] 17354K->6551K(30208K), 0.0010815 secs] [Times: user=0.00 sys=0.00, real=0.00 secs] 
2014-07-09T15:51:55.882+0200: 23.494: [GC [PSYoungGen: 11697K->2529K(13824K)] 17800K->9632K(30208K), 0.0026408 secs] [Times: user=0.00 sys=0.00, real=0.00 secs] 
2014-07-09T15:51:55.929+0200: 23.541: [GC [PSYoungGen: 13780K->2529K(13824K)] 20884K->13674K(30208K), 0.0048695 secs] [Times: user=0.00 sys=0.00, real=0.01 secs] 
2014-07-09T15:51:55.934+0200: 23.546: [Full GC [PSYoungGen: 2529K->0K(13824K)] [ParOldGen: 11145K->6863K(16384K)] 13674K->6863K(30208K) [PSPermGen: 2474K->2474K(21504K)], 0.0099730 secs] [Times: user=0.03 sys=0.00, real=0.01 secs] 
2014-07-09T15:51:55.980+0200: 23.592: [GC [PSYoungGen: 11249K->1408K(13824K)] 18113K->8272K(30208K), 0.0013122 secs] [Times: user=0.00 sys=0.00, real=0.00 secs] 
2014-07-09T15:51:56.029+0200: 23.641: [GC [PSYoungGen: 12669K->2529K(13824K)] 19532K->9784K(30208K), 0.0027702 secs] [Times: user=0.00 sys=0.00, real=0.00 secs] 
2014-07-09T15:51:56.079+0200: 23.692: [GC [PSYoungGen: 13778K->2529K(13824K)] 21034K->13186K(30208K), 0.0188629 secs] [Times: user=0.01 sys=0.00, real=0.02 secs] 
2014-07-09T15:51:56.098+0200: 23.711: [Full GC [PSYoungGen: 2529K->0K(13824K)] [ParOldGen: 10657K->6255K(16384K)] 13186K->6255K(30208K) [PSPermGen: 2474K->2474K(21504K)], 0.0123480 secs] [Times: user=0.02 sys=0.00, real=0.01 secs] 
2014-07-09T15:51:56.127+0200: 23.740: [GC [PSYoungGen: 11251K->768K(13824K)] 17507K->7024K(30208K), 0.0144172 secs] [Times: user=0.02 sys=0.00, real=0.01 secs] 
2014-07-09T15:51:56.178+0200: 23.790: [GC [PSYoungGen: 12017K->2529K(13824K)] 18273K->10105K(30208K), 0.0023369 secs] [Times: user=0.00 sys=0.00, real=0.00 secs] 
2014-07-09T15:51:56.185+0200: 23.797: [GC [PSYoungGen: 13780K->2529K(13824K)] 21357K->14467K(30208K), 0.0053681 secs] [Times: user=0.00 sys=0.00, real=0.01 secs] 
2014-07-09T15:51:56.190+0200: 23.802: [Full GC [PSYoungGen: 2529K->0K(13824K)] [ParOldGen: 11938K->7184K(16384K)] 14467K->7184K(30208K) [PSPermGen: 2474K->2474K(21504K)], 0.0101038 secs] [Times: user=0.03 sys=0.00, real=0.01 secs] 
2014-07-09T15:51:56.277+0200: 23.889: [GC [PSYoungGen: 11254K->704K(13824K)] 18439K->7888K(30208K), 0.0016744 secs] [Times: user=0.03 sys=0.00, real=0.00 secs] 
2014-07-09T15:51:56.287+0200: 23.899: [GC [PSYoungGen: 11953K->2529K(13824K)] 19138K->10938K(30208K), 0.0052413 secs] [Times: user=0.00 sys=0.00, real=0.01 secs] 
2014-07-09T15:51:56.330+0200: 23.942: [GC [PSYoungGen: 13780K->2529K(13824K)] 22189K->15204K(30208K), 0.0051581 secs] [Times: user=0.00 sys=0.00, real=0.01 secs] 
2014-07-09T15:51:56.336+0200: 23.948: [Full GC [PSYoungGen: 2529K->0K(13824K)] [ParOldGen: 12674K->7088K(16384K)] 15204K->7088K(30208K) [PSPermGen: 2474K->2474K(21504K)], 0.0140102 secs] [Times: user=0.02 sys=0.00, real=0.01 secs] 
2014-07-09T15:51:56.380+0200: 23.992: [GC [PSYoungGen: 11249K->1632K(13824K)] 18337K->8721K(30208K), 0.0013375 secs] [Times: user=0.00 sys=0.00, real=0.00 secs] 
2014-07-09T15:51:56.430+0200: 24.042: [GC [PSYoungGen: 12884K->2529K(13824K)] 19972K->11770K(30208K), 0.0058356 secs] [Times: user=0.03 sys=0.00, real=0.01 secs] 
2014-07-09T15:51:56.479+0200: 24.091: [GC [PSYoungGen: 13778K->2529K(13824K)] 23020K->16965K(30208K), 0.0063434 secs] [Times: user=0.03 sys=0.00, real=0.01 secs] 
2014-07-09T15:51:56.486+0200: 24.098: [Full GC [PSYoungGen: 2529K->0K(13824K)] [ParOldGen: 14435K->8016K(16384K)] 16965K->8016K(30208K) [PSPermGen: 2474K->2474K(21504K)], 0.0147321 secs] [Times: user=0.03 sys=0.00, real=0.01 secs] 
2014-07-09T15:51:56.528+0200: 24.140: [GC [PSYoungGen: 11240K->352K(13824K)] 19257K->8368K(30208K), 0.0005800 secs] [Times: user=0.00 sys=0.00, real=0.00 secs] 
2014-07-09T15:51:56.579+0200: 24.191: [GC [PSYoungGen: 11601K->2529K(13824K)] 19618K->11386K(30208K), 0.0057879 secs] [Times: user=0.00 sys=0.00, real=0.01 secs] 
2014-07-09T15:51:56.594+0200: 24.206: [GC [PSYoungGen: 13780K->2529K(13824K)] 22637K->15268K(30208K), 0.0064361 secs] [Times: user=0.00 sys=0.00, real=0.01 secs] 
2014-07-09T15:51:56.600+0200: 24.212: [Full GC [PSYoungGen: 2529K->0K(13824K)] [ParOldGen: 12739K->6727K(16384K)] 15268K->6727K(30208K) [PSPermGen: 2474K->2474K(21504K)], 0.0157022 secs] [Times: user=0.02 sys=0.00, real=0.02 secs] 
2014-07-09T15:51:56.679+0200: 24.291: [GC [PSYoungGen: 11249K->1248K(13824K)] 17976K->7975K(30208K), 0.0042085 secs] [Times: user=0.00 sys=0.00, real=0.00 secs] 
2014-07-09T15:51:56.691+0200: 24.303: [GC [PSYoungGen: 12500K->2529K(13824K)] 19227K->11025K(30208K), 0.0136311 secs] [Times: user=0.02 sys=0.00, real=0.01 secs] 
2014-07-09T15:51:56.729+0200: 24.341: [GC [PSYoungGen: 13784K->2529K(13824K)] 22280K->14843K(30208K), 0.0049132 secs] [Times: user=0.03 sys=0.00, real=0.00 secs] 
2014-07-09T15:51:56.734+0200: 24.346: [Full GC [PSYoungGen: 2529K->0K(13824K)] [ParOldGen: 12314K->6631K(16384K)] 14843K->6631K(30208K) [PSPermGen: 2474K->2474K(21504K)], 0.0098875 secs] [Times: user=0.00 sys=0.00, real=0.01 secs] 
2014-07-09T15:51:56.783+0200: 24.395: [GC [PSYoungGen: 11249K->1184K(13824K)] 17880K->7815K(30208K), 0.0021686 secs] [Times: user=0.00 sys=0.00, real=0.00 secs] 
2014-07-09T15:51:56.828+0200: 24.440: [GC [PSYoungGen: 12436K->2529K(13824K)] 19067K->10865K(30208K), 0.0036886 secs] [Times: user=0.00 sys=0.00, real=0.00 secs] 
2014-07-09T15:51:56.881+0200: 24.493: [GC [PSYoungGen: 13778K->2529K(13824K)] 22114K->15611K(30208K), 0.0096118 secs] [Times: user=0.03 sys=0.00, real=0.01 secs] 
2014-07-09T15:51:56.891+0200: 24.503: [Full GC [PSYoungGen: 2529K->0K(13824K)] [ParOldGen: 13082K->7559K(16384K)] 15611K->7559K(30208K) [PSPermGen: 2474K->2474K(21504K)], 0.0184948 secs] [Times: user=0.02 sys=0.00, real=0.02 secs] 
2014-07-09T15:51:56.927+0200: 24.539: [GC [PSYoungGen: 11249K->2113K(13824K)] 18809K->9672K(30208K), 0.0012480 secs] [Times: user=0.00 sys=0.00, real=0.00 secs] 
2014-07-09T15:51:56.979+0200: 24.591: [GC [PSYoungGen: 13362K->2529K(13824K)] 20922K->12722K(30208K), 0.0038844 secs] [Times: user=0.02 sys=0.00, real=0.00 secs] 
2014-07-09T15:51:56.987+0200: 24.599: [GC [PSYoungGen: 13778K->2529K(13824K)] 23971K->18397K(30208K), 0.0062693 secs] [Times: user=0.00 sys=0.00, real=0.01 secs] 
2014-07-09T15:51:56.993+0200: 24.606: [Full GC [PSYoungGen: 2529K->0K(13824K)] [ParOldGen: 15867K->8488K(16384K)] 18397K->8488K(30208K) [PSPermGen: 2474K->2474K(21504K)], 0.0112286 secs] [Times: user=0.03 sys=0.00, real=0.01 secs] 
2014-07-09T15:51:57.077+0200: 24.689: [GC [PSYoungGen: 11260K->1504K(13824K)] 19749K->9992K(30208K), 0.0020351 secs] [Times: user=0.00 sys=0.00, real=0.00 secs] 
2014-07-09T15:51:57.084+0200: 24.696: [GC [PSYoungGen: 12756K->2529K(13824K)] 21244K->13042K(30208K), 0.0034807 secs] [Times: user=0.00 sys=0.00, real=0.00 secs] 
2014-07-09T15:51:57.088+0200: 24.700: [Full GC [PSYoungGen: 2529K->0K(13824K)] [ParOldGen: 10513K->4999K(16384K)] 13042K->4999K(30208K) [PSPermGen: 2474K->2474K(21504K)], 0.0083587 secs] [Times: user=0.03 sys=0.00, real=0.01 secs] 
2014-07-09T15:51:57.129+0200: 24.742: [GC [PSYoungGen: 11249K->2529K(13824K)] 16249K->12587K(30208K), 0.0056233 secs] [Times: user=0.00 sys=0.00, real=0.01 secs] 
2014-07-09T15:51:57.135+0200: 24.747: [Full GC [PSYoungGen: 2529K->0K(13824K)] [ParOldGen: 10058K->7880K(16384K)] 12587K->7880K(30208K) [PSPermGen: 2474K->2474K(21504K)], 0.0105797 secs] [Times: user=0.03 sys=0.00, real=0.01 secs] 
2014-07-09T15:51:57.181+0200: 24.793: [GC [PSYoungGen: 11251K->2433K(13824K)] 19132K->10313K(30208K), 0.0018680 secs] [Times: user=0.02 sys=0.00, real=0.00 secs] 
2014-07-09T15:51:57.229+0200: 24.841: [GC [PSYoungGen: 13682K->2529K(13824K)] 21563K->13331K(30208K), 0.0170576 secs] [Times: user=0.03 sys=0.00, real=0.02 secs] 
2014-07-09T15:51:57.246+0200: 24.859: [Full GC [PSYoungGen: 2529K->0K(13824K)] [ParOldGen: 10801K->5926K(16384K)] 13331K->5926K(30208K) [PSPermGen: 2474K->2474K(21504K)], 0.0115498 secs] [Times: user=0.00 sys=0.00, real=0.01 secs] 
2014-07-09T15:51:57.279+0200: 24.891: [GC [PSYoungGen: 11260K->2529K(13824K)] 17187K->12906K(30208K), 0.0051199 secs] [Times: user=0.00 sys=0.00, real=0.00 secs] 
2014-07-09T15:51:57.284+0200: 24.896: [Full GC [PSYoungGen: 2529K->0K(13824K)] [ParOldGen: 10377K->7272K(16384K)] 12906K->7272K(30208K) [PSPermGen: 2474K->2474K(21504K)], 0.0100675 secs] [Times: user=0.03 sys=0.00, real=0.01 secs] 
2014-07-09T15:51:57.327+0200: 24.939: [GC [PSYoungGen: 11249K->1824K(13824K)] 18522K->9097K(30208K), 0.0009397 secs] [Times: user=0.00 sys=0.00, real=0.00 secs] 
2014-07-09T15:51:57.380+0200: 24.992: [GC [PSYoungGen: 13076K->2529K(13824K)] 20349K->12147K(30208K), 0.0057934 secs] [Times: user=0.00 sys=0.00, real=0.00 secs] 
2014-07-09T15:51:57.395+0200: 25.007: [GC [PSYoungGen: 13778K->2529K(13824K)] 23396K->17533K(30208K), 0.0099048 secs] [Times: user=0.03 sys=0.00, real=0.01 secs] 
2014-07-09T15:51:57.405+0200: 25.017: [Full GC [PSYoungGen: 2529K->0K(13824K)] [ParOldGen: 15004K->8201K(16384K)] 17533K->8201K(30208K) [PSPermGen: 2474K->2474K(21504K)], 0.0147647 secs] [Times: user=0.03 sys=0.00, real=0.02 secs] 
2014-07-09T15:51:57.479+0200: 25.091: [GC [PSYoungGen: 11251K->2529K(13824K)] 19452K->10954K(30208K), 0.0033293 secs] [Times: user=0.00 sys=0.00, real=0.00 secs] 
2014-07-09T15:51:57.492+0200: 25.104: [GC [PSYoungGen: 13778K->2529K(13824K)] 22204K->14228K(30208K), 0.0073024 secs] [Times: user=0.02 sys=0.00, real=0.01 secs] 
2014-07-09T15:51:57.500+0200: 25.112: [Full GC [PSYoungGen: 2529K->0K(13824K)] [ParOldGen: 11698K->6088K(16384K)] 14228K->6088K(30208K) [PSPermGen: 2474K->2474K(21504K)], 0.0251124 secs] [Times: user=0.02 sys=0.00, real=0.03 secs] 
2014-07-09T15:51:57.531+0200: 25.143: [GC [PSYoungGen: 11234K->2529K(13824K)] 17322K->13227K(30208K), 0.0051375 secs] [Times: user=0.00 sys=0.00, real=0.01 secs] 
2014-07-09T15:51:57.536+0200: 25.148: [Full GC [PSYoungGen: 2529K->0K(13824K)] [ParOldGen: 10698K->7434K(16384K)] 13227K->7434K(30208K) [PSPermGen: 2474K->2474K(21504K)], 0.0121239 secs] [Times: user=0.02 sys=0.00, real=0.01 secs] 
2014-07-09T15:51:57.580+0200: 25.192: [GC [PSYoungGen: 11249K->1984K(13824K)] 18683K->9418K(30208K), 0.0015171 secs] [Times: user=0.00 sys=0.00, real=0.00 secs] 
2014-07-09T15:51:57.630+0200: 25.243: [GC [PSYoungGen: 13236K->2529K(13824K)] 20670K->12468K(30208K), 0.0067411 secs] [Times: user=0.03 sys=0.00, real=0.01 secs] 
2014-07-09T15:51:57.637+0200: 25.250: [Full GC [PSYoungGen: 2529K->0K(13824K)] [ParOldGen: 9939K->5480K(16384K)] 12468K->5480K(30208K) [PSPermGen: 2474K->2474K(21504K)], 0.0217182 secs] [Times: user=0.01 sys=0.00, real=0.02 secs] 
2014-07-09T15:51:57.682+0200: 25.294: [GC [PSYoungGen: 11249K->2529K(13824K)] 16729K->13548K(30208K), 0.0102076 secs] [Times: user=0.00 sys=0.00, real=0.01 secs] 
2014-07-09T15:51:57.692+0200: 25.304: [Full GC [PSYoungGen: 2529K->0K(13824K)] [ParOldGen: 11019K->8362K(16384K)] 13548K->8362K(30208K) [PSPermGen: 2474K->2474K(21504K)], 0.0199136 secs] [Times: user=0.03 sys=0.00, real=0.02 secs] 
2014-07-09T15:51:57.728+0200: 25.340: [GC [PSYoungGen: 11251K->2529K(13824K)] 19613K->11275K(30208K), 0.0023677 secs] [Times: user=0.03 sys=0.00, real=0.00 secs] 
2014-07-09T15:51:57.783+0200: 25.396: [GC [PSYoungGen: 13784K->2529K(13824K)] 22530K->13653K(30208K), 0.0080251 secs] [Times: user=0.00 sys=0.00, real=0.01 secs] 
2014-07-09T15:51:57.792+0200: 25.404: [Full GC [PSYoungGen: 2529K->0K(13824K)] [ParOldGen: 11123K->5383K(16384K)] 13653K->5383K(30208K) [PSPermGen: 2474K->2474K(21504K)], 0.0323049 secs] [Times: user=0.01 sys=0.00, real=0.03 secs] 
2014-07-09T15:51:57.831+0200: 25.443: [GC [PSYoungGen: 11249K->2529K(13824K)] 16632K->13355K(30208K), 0.0059859 secs] [Times: user=0.00 sys=0.00, real=0.01 secs] 
2014-07-09T15:51:57.837+0200: 25.449: [Full GC [PSYoungGen: 2529K->0K(13824K)] [ParOldGen: 10825K->8266K(16384K)] 13355K->8266K(30208K) [PSPermGen: 2474K->2474K(21504K)], 0.0114248 secs] [Times: user=0.02 sys=0.00, real=0.01 secs] 
2014-07-09T15:51:57.877+0200: 25.490: [GC [PSYoungGen: 11251K->2529K(13824K)] 19517K->11083K(30208K), 0.0015666 secs] [Times: user=0.00 sys=0.00, real=0.00 secs] 
2014-07-09T15:51:57.884+0200: 25.496: [GC [PSYoungGen: 13778K->2529K(13824K)] 22333K->14421K(30208K), 0.0046638 secs] [Times: user=0.03 sys=0.00, real=0.00 secs] 
2014-07-09T15:51:57.889+0200: 25.501: [Full GC [PSYoungGen: 2529K->0K(13824K)] [ParOldGen: 11892K->6311K(16384K)] 14421K->6311K(30208K) [PSPermGen: 2474K->2474K(21504K)], 0.0087110 secs] [Times: user=0.00 sys=0.00, real=0.01 secs] 
2014-07-09T15:51:57.977+0200: 25.590: [GC [PSYoungGen: 11251K->704K(13824K)] 17562K->7015K(30208K), 0.0018137 secs] [Times: user=0.02 sys=0.00, real=0.00 secs] 
2014-07-09T15:51:57.987+0200: 25.599: [GC [PSYoungGen: 11965K->2209K(13824K)] 18276K->8528K(30208K), 0.0034188 secs] [Times: user=0.00 sys=0.00, real=0.00 secs] 
2014-07-09T15:51:58.029+0200: 25.641: [GC [PSYoungGen: 13464K->2529K(13824K)] 19783K->11033K(30208K), 0.0153033 secs] [Times: user=0.00 sys=0.00, real=0.01 secs] 
2014-07-09T15:51:58.083+0200: 25.695: [GC [PSYoungGen: 13778K->2529K(13824K)] 22282K->16259K(30208K), 0.0095315 secs] [Times: user=0.02 sys=0.00, real=0.01 secs] 
2014-07-09T15:51:58.092+0200: 25.704: [Full GC [PSYoungGen: 2529K->0K(13824K)] [ParOldGen: 13730K->8075K(16384K)] 16259K->8075K(30208K) [PSPermGen: 2474K->2474K(21504K)], 0.0214824 secs] [Times: user=0.02 sys=0.00, real=0.02 secs] 
2014-07-09T15:51:58.127+0200: 25.740: [GC [PSYoungGen: 11251K->2529K(13824K)] 19327K->10668K(30208K), 0.0026727 secs] [Times: user=0.00 sys=0.00, real=0.00 secs] 
2014-07-09T15:51:58.178+0200: 25.791: [GC [PSYoungGen: 13778K->2529K(13824K)] 21918K->13814K(30208K), 0.0047053 secs] [Times: user=0.03 sys=0.00, real=0.01 secs] 
2014-07-09T15:51:58.183+0200: 25.795: [Full GC [PSYoungGen: 2529K->0K(13824K)] [ParOldGen: 11285K->5962K(16384K)] 13814K->5962K(30208K) [PSPermGen: 2474K->2474K(21504K)], 0.0092965 secs] [Times: user=0.00 sys=0.00, real=0.01 secs] 
2014-07-09T15:51:58.228+0200: 25.839: [GC [PSYoungGen: 11260K->608K(13824K)] 17222K->6570K(30208K), 0.0010038 secs] [Times: user=0.02 sys=0.00, real=0.00 secs] 
2014-07-09T15:51:58.279+0200: 25.891: [GC [PSYoungGen: 11854K->2529K(13824K)] 17816K->8499K(30208K), 0.0028113 secs] [Times: user=0.00 sys=0.00, real=0.00 secs] 
2014-07-09T15:51:58.293+0200: 25.905: [GC [PSYoungGen: 13778K->2529K(13824K)] 19749K->11549K(30208K), 0.0074165 secs] [Times: user=0.00 sys=0.00, real=0.01 secs] 
2014-07-09T15:51:58.377+0200: 25.988: [GC [PSYoungGen: 13780K->416K(13824K)] 22800K->9444K(30208K), 0.0005554 secs] [Times: user=0.00 sys=0.00, real=0.00 secs] 
2014-07-09T15:51:58.383+0200: 25.994: [GC [PSYoungGen: 11665K->2529K(13824K)] 20693K->12493K(30208K), 0.0028234 secs] [Times: user=0.03 sys=0.00, real=0.00 secs] 
2014-07-09T15:51:58.431+0200: 26.042: [GC [PSYoungGen: 13780K->2529K(13824K)] 23745K->16471K(30208K), 0.0089035 secs] [Times: user=0.03 sys=0.00, real=0.01 secs] 
2014-07-09T15:51:58.440+0200: 26.051: [Full GC [PSYoungGen: 2529K->0K(13824K)] [ParOldGen: 13942K->6794K(16384K)] 16471K->6794K(30208K) [PSPermGen: 2474K->2474K(21504K)], 0.0211998 secs] [Times: user=0.02 sys=0.00, real=0.02 secs] 
2014-07-09T15:51:58.480+0200: 26.092: [GC [PSYoungGen: 11249K->1344K(13824K)] 18044K->8139K(30208K), 0.0014441 secs] [Times: user=0.00 sys=0.00, real=0.00 secs] 
2014-07-09T15:51:58.528+0200: 26.140: [GC [PSYoungGen: 12578K->2529K(13824K)] 19373K->9492K(30208K), 0.0028883 secs] [Times: user=0.00 sys=0.00, real=0.00 secs] 
2014-07-09T15:51:58.581+0200: 26.192: [GC [PSYoungGen: 13778K->2529K(13824K)] 20741K->12669K(30208K), 0.0099623 secs] [Times: user=0.02 sys=0.00, real=0.01 secs] 
2014-07-09T15:51:58.591+0200: 26.202: [Full GC [PSYoungGen: 2529K->0K(13824K)] [ParOldGen: 10140K->6027K(16384K)] 12669K->6027K(30208K) [PSPermGen: 2474K->2474K(21504K)], 0.0200031 secs] [Times: user=0.01 sys=0.00, real=0.02 secs] 
2014-07-09T15:51:58.627+0200: 26.238: [GC [PSYoungGen: 11251K->576K(13824K)] 17279K->6603K(30208K), 0.0008245 secs] [Times: user=0.00 sys=0.00, real=0.00 secs] 
2014-07-09T15:51:58.679+0200: 26.290: [GC [PSYoungGen: 11825K->2529K(13824K)] 17853K->9653K(30208K), 0.0045909 secs] [Times: user=0.03 sys=0.00, real=0.01 secs] 
2014-07-09T15:51:58.693+0200: 26.304: [GC [PSYoungGen: 13780K->2529K(13824K)] 20904K->13791K(30208K), 0.0065630 secs] [Times: user=0.03 sys=0.00, real=0.01 secs] 
2014-07-09T15:51:58.699+0200: 26.311: [Full GC [PSYoungGen: 2529K->0K(13824K)] [ParOldGen: 11262K->6956K(16384K)] 13791K->6956K(30208K) [PSPermGen: 2474K->2474K(21504K)], 0.0140234 secs] [Times: user=0.02 sys=0.00, real=0.02 secs] 
2014-07-09T15:51:58.731+0200: 26.342: [GC [PSYoungGen: 11262K->512K(13824K)] 18218K->7468K(30208K), 0.0007113 secs] [Times: user=0.00 sys=0.00, real=0.00 secs] 
2014-07-09T15:51:58.785+0200: 26.396: [GC [PSYoungGen: 11759K->2529K(13824K)] 18715K->9973K(30208K), 0.0028062 secs] [Times: user=0.00 sys=0.00, real=0.00 secs] 
2014-07-09T15:51:58.828+0200: 26.440: [GC [PSYoungGen: 13778K->2529K(13824K)] 21223K->13503K(30208K), 0.0050026 secs] [Times: user=0.00 sys=0.00, real=0.01 secs] 
2014-07-09T15:51:58.834+0200: 26.445: [Full GC [PSYoungGen: 2529K->0K(13824K)] [ParOldGen: 10974K->6348K(16384K)] 13503K->6348K(30208K) [PSPermGen: 2474K->2474K(21504K)], 0.0140817 secs] [Times: user=0.03 sys=0.00, real=0.01 secs] 
2014-07-09T15:51:58.880+0200: 26.491: [GC [PSYoungGen: 11251K->896K(13824K)] 17599K->7244K(30208K), 0.0012418 secs] [Times: user=0.00 sys=0.00, real=0.00 secs] 
2014-07-09T15:51:58.928+0200: 26.539: [GC [PSYoungGen: 12145K->2529K(13824K)] 18494K->10294K(30208K), 0.0026500 secs] [Times: user=0.00 sys=0.00, real=0.00 secs] 
2014-07-09T15:51:58.981+0200: 26.593: [GC [PSYoungGen: 13780K->2529K(13824K)] 21545K->14752K(30208K), 0.0092533 secs] [Times: user=0.00 sys=0.00, real=0.01 secs] 
2014-07-09T15:51:58.991+0200: 26.602: [Full GC [PSYoungGen: 2529K->0K(13824K)] [ParOldGen: 12223K->7276K(16384K)] 14752K->7276K(30208K) [PSPermGen: 2474K->2474K(21504K)], 0.0166939 secs] [Times: user=0.03 sys=0.00, real=0.02 secs] 
2014-07-09T15:51:59.027+0200: 26.638: [GC [PSYoungGen: 11260K->288K(13824K)] 18537K->7564K(30208K), 0.0008319 secs] [Times: user=0.00 sys=0.00, real=0.00 secs] 
2014-07-09T15:51:59.078+0200: 26.689: [GC [PSYoungGen: 11537K->2529K(13824K)] 18814K->10614K(30208K), 0.0040343 secs] [Times: user=0.00 sys=0.00, real=0.00 secs] 
2014-07-09T15:51:59.087+0200: 26.698: [GC [PSYoungGen: 13780K->2529K(13824K)] 21865K->14464K(30208K), 0.0049989 secs] [Times: user=0.00 sys=0.00, real=0.01 secs] 
2014-07-09T15:51:59.092+0200: 26.704: [Full GC [PSYoungGen: 2529K->0K(13824K)] [ParOldGen: 11935K->6669K(16384K)] 14464K->6669K(30208K) [PSPermGen: 2474K->2474K(21504K)], 0.0098219 secs] [Times: user=0.00 sys=0.00, real=0.01 secs] 
2014-07-09T15:51:59.178+0200: 26.789: [GC [PSYoungGen: 11249K->1216K(13824K)] 17918K->7885K(30208K), 0.0024388 secs] [Times: user=0.00 sys=0.00, real=0.00 secs] 
2014-07-09T15:51:59.189+0200: 26.800: [GC [PSYoungGen: 12468K->2529K(13824K)] 19137K->10935K(30208K), 0.0057799 secs] [Times: user=0.00 sys=0.00, real=0.01 secs] 
2014-07-09T15:51:59.230+0200: 26.841: [GC [PSYoungGen: 13778K->2529K(13824K)] 22184K->15713K(30208K), 0.0057403 secs] [Times: user=0.00 sys=0.00, real=0.01 secs] 
2014-07-09T15:51:59.236+0200: 26.847: [Full GC [PSYoungGen: 2529K->0K(13824K)] [ParOldGen: 13184K->7597K(16384K)] 15713K->7597K(30208K) [PSPermGen: 2474K->2474K(21504K)], 0.0144047 secs] [Times: user=0.01 sys=0.00, real=0.01 secs] 
2014-07-09T15:51:59.282+0200: 26.893: [GC [PSYoungGen: 11254K->1120K(13824K)] 18852K->8718K(30208K), 0.0012011 secs] [Times: user=0.00 sys=0.00, real=0.00 secs] 
2014-07-09T15:51:59.328+0200: 26.939: [GC [PSYoungGen: 12370K->2529K(13824K)] 19967K->11767K(30208K), 0.0033396 secs] [Times: user=0.00 sys=0.00, real=0.00 secs] 
2014-07-09T15:51:59.379+0200: 26.991: [GC [PSYoungGen: 13778K->2529K(13824K)] 23017K->16449K(30208K), 0.0059258 secs] [Times: user=0.03 sys=0.00, real=0.01 secs] 
2014-07-09T15:51:59.385+0200: 26.997: [Full GC [PSYoungGen: 2529K->0K(13824K)] [ParOldGen: 13920K->7501K(16384K)] 16449K->7501K(30208K) [PSPermGen: 2474K->2474K(21504K)], 0.0142581 secs] [Times: user=0.03 sys=0.00, real=0.02 secs] 
2014-07-09T15:51:59.428+0200: 27.039: [GC [PSYoungGen: 11249K->2016K(13824K)] 18751K->9518K(30208K), 0.0213116 secs] [Times: user=0.02 sys=0.00, real=0.02 secs] 
2014-07-09T15:51:59.478+0200: 27.090: [GC [PSYoungGen: 13268K->2529K(13824K)] 20770K->12600K(30208K), 0.0036171 secs] [Times: user=0.00 sys=0.00, real=0.00 secs] 
2014-07-09T15:51:59.488+0200: 27.099: [GC [PSYoungGen: 13763K->2529K(13824K)] 23833K->17026K(30208K), 0.0048362 secs] [Times: user=0.02 sys=0.00, real=0.01 secs] 
2014-07-09T15:51:59.493+0200: 27.104: [Full GC [PSYoungGen: 2529K->0K(13824K)] [ParOldGen: 14496K->7247K(16384K)] 17026K->7247K(30208K) [PSPermGen: 2474K->2474K(21504K)], 0.0104624 secs] [Times: user=0.00 sys=0.00, real=0.01 secs] 
2014-07-09T15:51:59.577+0200: 27.189: [GC [PSYoungGen: 11254K->736K(13824K)] 18502K->7983K(30208K), 0.0025568 secs] [Times: user=0.00 sys=0.00, real=0.00 secs] 
2014-07-09T15:51:59.589+0200: 27.201: [GC [PSYoungGen: 11985K->2529K(13824K)] 19232K->11064K(30208K), 0.0138951 secs] [Times: user=0.02 sys=0.00, real=0.01 secs] 
2014-07-09T15:51:59.629+0200: 27.240: [GC [PSYoungGen: 13780K->2529K(13824K)] 22316K->15395K(30208K), 0.0054484 secs] [Times: user=0.03 sys=0.00, real=0.01 secs] 
2014-07-09T15:51:59.635+0200: 27.246: [Full GC [PSYoungGen: 2529K->0K(13824K)] [ParOldGen: 12865K->7151K(16384K)] 15395K->7151K(30208K) [PSPermGen: 2474K->2474K(21504K)], 0.0142394 secs] [Times: user=0.02 sys=0.00, real=0.01 secs] 
2014-07-09T15:51:59.681+0200: 27.292: [GC [PSYoungGen: 11249K->1696K(13824K)] 18400K->8847K(30208K), 0.0012352 secs] [Times: user=0.00 sys=0.00, real=0.00 secs] 
2014-07-09T15:51:59.730+0200: 27.341: [GC [PSYoungGen: 12951K->2529K(13824K)] 20102K->10872K(30208K), 0.0043123 secs] [Times: user=0.00 sys=0.00, real=0.00 secs] 
2014-07-09T15:51:59.781+0200: 27.392: [GC [PSYoungGen: 13780K->2529K(13824K)] 22124K->15106K(30208K), 0.0086575 secs] [Times: user=0.02 sys=0.00, real=0.01 secs] 
2014-07-09T15:51:59.790+0200: 27.401: [Full GC [PSYoungGen: 2529K->0K(13824K)] [ParOldGen: 12577K->7055K(16384K)] 15106K->7055K(30208K) [PSPermGen: 2474K->2474K(21504K)], 0.0211708 secs] [Times: user=0.02 sys=0.00, real=0.02 secs] 
2014-07-09T15:51:59.827+0200: 27.439: [GC [PSYoungGen: 11249K->1600K(13824K)] 18304K->8655K(30208K), 0.0009771 secs] [Times: user=0.00 sys=0.00, real=0.00 secs] 
2014-07-09T15:51:59.878+0200: 27.489: [GC [PSYoungGen: 12852K->2529K(13824K)] 19907K->11705K(30208K), 0.0035926 secs] [Times: user=0.00 sys=0.00, real=0.00 secs] 
2014-07-09T15:51:59.887+0200: 27.498: [GC [PSYoungGen: 13778K->2529K(13824K)] 22954K->16867K(30208K), 0.0054913 secs] [Times: user=0.00 sys=0.00, real=0.01 secs] 
2014-07-09T15:51:59.893+0200: 27.504: [Full GC [PSYoungGen: 2529K->0K(13824K)] [ParOldGen: 14338K->7983K(16384K)] 16867K->7983K(30208K) [PSPermGen: 2474K->2474K(21504K)], 0.0127003 secs] [Times: user=0.02 sys=0.00, real=0.01 secs] 
2014-07-09T15:51:59.978+0200: 27.589: [GC [PSYoungGen: 11251K->2529K(13824K)] 19235K->10512K(30208K), 0.0012352 secs] [Times: user=0.00 sys=0.00, real=0.00 secs] 
2014-07-09T15:51:59.984+0200: 27.595: [GC [PSYoungGen: 13778K->2529K(13824K)] 21762K->13562K(30208K), 0.0043999 secs] [Times: user=0.00 sys=0.00, real=0.00 secs] 
2014-07-09T15:51:59.988+0200: 27.600: [Full GC [PSYoungGen: 2529K->0K(13824K)] [ParOldGen: 11033K->6022K(16384K)] 13562K->6022K(30208K) [PSPermGen: 2474K->2474K(21504K)], 0.0089185 secs] [Times: user=0.02 sys=0.00, real=0.01 secs] 
2014-07-09T15:52:00.029+0200: 27.640: [GC [PSYoungGen: 11260K->2529K(13824K)] 17283K->13098K(30208K), 0.0053674 secs] [Times: user=0.00 sys=0.00, real=0.00 secs] 
2014-07-09T15:52:00.034+0200: 27.646: [Full GC [PSYoungGen: 2529K->0K(13824K)] [ParOldGen: 10569K->7375K(16384K)] 13098K->7375K(30208K) [PSPermGen: 2474K->2474K(21504K)], 0.0747311 secs] [Times: user=0.05 sys=0.00, real=0.08 secs] 
2014-07-09T15:52:00.114+0200: 27.725: [GC [PSYoungGen: 11249K->1920K(13824K)] 18625K->9296K(30208K), 0.0014240 secs] [Times: user=0.00 sys=0.00, real=0.00 secs] 
2014-07-09T15:52:00.129+0200: 27.740: [GC [PSYoungGen: 13172K->2529K(13824K)] 20548K->12346K(30208K), 0.0038378 secs] [Times: user=0.03 sys=0.00, real=0.00 secs] 
2014-07-09T15:52:00.184+0200: 27.795: [GC [PSYoungGen: 13778K->2529K(13824K)] 23595K->17828K(30208K), 0.0094307 secs] [Times: user=0.00 sys=0.00, real=0.01 secs] 
2014-07-09T15:52:00.194+0200: 27.805: [Full GC [PSYoungGen: 2529K->0K(13824K)] [ParOldGen: 15299K->8304K(16384K)] 17828K->8304K(30208K) [PSPermGen: 2474K->2474K(21504K)], 0.0157763 secs] [Times: user=0.03 sys=0.00, real=0.02 secs] 
2014-07-09T15:52:00.227+0200: 27.839: [GC [PSYoungGen: 11251K->2529K(13824K)] 19555K->11121K(30208K), 0.0029928 secs] [Times: user=0.00 sys=0.00, real=0.00 secs] 
2014-07-09T15:52:00.278+0200: 27.889: [GC [PSYoungGen: 13789K->2529K(13824K)] 22382K->12954K(30208K), 0.0031614 secs] [Times: user=0.00 sys=0.00, real=0.00 secs] 
2014-07-09T15:52:00.281+0200: 27.893: [Full GC [PSYoungGen: 2529K->0K(13824K)] [ParOldGen: 10425K->4807K(16384K)] 12954K->4807K(30208K) [PSPermGen: 2474K->2474K(21504K)], 0.0081142 secs] [Times: user=0.03 sys=0.00, real=0.01 secs] 
2014-07-09T15:52:00.294+0200: 27.906: [GC [PSYoungGen: 11249K->2529K(13824K)] 16056K->12203K(30208K), 0.0056449 secs] [Times: user=0.00 sys=0.00, real=0.01 secs] 
2014-07-09T15:52:00.300+0200: 27.912: [Full GC [PSYoungGen: 2529K->0K(13824K)] [ParOldGen: 9673K->7696K(16384K)] 12203K->7696K(30208K) [PSPermGen: 2474K->2474K(21504K)], 0.0101621 secs] [Times: user=0.02 sys=0.00, real=0.01 secs] 
2014-07-09T15:52:00.378+0200: 27.990: [GC [PSYoungGen: 11251K->2241K(13824K)] 18948K->9937K(30208K), 0.0025616 secs] [Times: user=0.00 sys=0.00, real=0.00 secs] 
2014-07-09T15:52:00.390+0200: 28.001: [GC [PSYoungGen: 13490K->2529K(13824K)] 21187K->12987K(30208K), 0.0073750 secs] [Times: user=0.02 sys=0.00, real=0.01 secs] 
2014-07-09T15:52:00.397+0200: 28.009: [Full GC [PSYoungGen: 2529K->0K(13824K)] [ParOldGen: 10457K->5734K(16384K)] 12987K->5734K(30208K) [PSPermGen: 2474K->2474K(21504K)], 0.0142185 secs] [Times: user=0.00 sys=0.00, real=0.01 secs] 
2014-07-09T15:52:00.477+0200: 28.089: [GC [PSYoungGen: 11251K->128K(13824K)] 16986K->5862K(30208K), 0.0012161 secs] [Times: user=0.00 sys=0.00, real=0.00 secs] 
2014-07-09T15:52:00.486+0200: 28.098: [GC [PSYoungGen: 11377K->2529K(13824K)] 17112K->8912K(30208K), 0.0044552 secs] [Times: user=0.02 sys=0.00, real=0.00 secs] 
2014-07-09T15:52:00.535+0200: 28.146: [GC [PSYoungGen: 13762K->2529K(13824K)] 20145K->10873K(30208K), 0.0186224 secs] [Times: user=0.03 sys=0.00, real=0.02 secs] 
2014-07-09T15:52:00.579+0200: 28.190: [GC [PSYoungGen: 13778K->2529K(13824K)] 22122K->15907K(30208K), 0.0055646 secs] [Times: user=0.00 sys=0.00, real=0.01 secs] 
2014-07-09T15:52:00.585+0200: 28.196: [Full GC [PSYoungGen: 2529K->0K(13824K)] [ParOldGen: 13378K->7858K(16384K)] 15907K->7858K(30208K) [PSPermGen: 2474K->2474K(21504K)], 0.0110527 secs] [Times: user=0.00 sys=0.00, real=0.01 secs] 
2014-07-09T15:52:00.627+0200: 28.239: [GC [PSYoungGen: 11251K->2401K(13824K)] 19109K->10259K(30208K), 0.0011131 secs] [Times: user=0.00 sys=0.00, real=0.00 secs] 
2014-07-09T15:52:00.680+0200: 28.291: [GC [PSYoungGen: 13650K->2529K(13824K)] 21508K->13308K(30208K), 0.0069432 secs] [Times: user=0.00 sys=0.00, real=0.01 secs] 
2014-07-09T15:52:00.687+0200: 28.298: [Full GC [PSYoungGen: 2529K->0K(13824K)] [ParOldGen: 10779K->5894K(16384K)] 13308K->5894K(30208K) [PSPermGen: 2474K->2474K(21504K)], 0.0208328 secs] [Times: user=0.02 sys=0.00, real=0.02 secs] 
2014-07-09T15:52:00.727+0200: 28.338: [GC [PSYoungGen: 11251K->288K(13824K)] 17146K->6182K(30208K), 0.0007113 secs] [Times: user=0.00 sys=0.00, real=0.00 secs] 
2014-07-09T15:52:00.778+0200: 28.390: [GC [PSYoungGen: 11543K->2305K(13824K)] 17437K->8207K(30208K), 0.0024447 secs] [Times: user=0.00 sys=0.00, real=0.00 secs] 
2014-07-09T15:52:00.790+0200: 28.401: [GC [PSYoungGen: 13554K->2529K(13824K)] 19457K->11257K(30208K), 0.0071752 secs] [Times: user=0.00 sys=0.00, real=0.01 secs] 
2014-07-09T15:52:00.877+0200: 28.488: [GC [PSYoungGen: 13780K->160K(13824K)] 22508K->8896K(30208K), 0.0019622 secs] [Times: user=0.00 sys=0.00, real=0.00 secs] 
2014-07-09T15:52:00.887+0200: 28.499: [GC [PSYoungGen: 11409K->2529K(13824K)] 20145K->11945K(30208K), 0.0057817 secs] [Times: user=0.00 sys=0.00, real=0.01 secs] 
2014-07-09T15:52:00.929+0200: 28.541: [GC [PSYoungGen: 13780K->2529K(13824K)] 23197K->15699K(30208K), 0.0048545 secs] [Times: user=0.00 sys=0.00, real=0.01 secs] 
2014-07-09T15:52:00.934+0200: 28.546: [Full GC [PSYoungGen: 2529K->0K(13824K)] [ParOldGen: 13170K->6577K(16384K)] 15699K->6577K(30208K) [PSPermGen: 2474K->2474K(21504K)], 0.0138376 secs] [Times: user=0.02 sys=0.00, real=0.01 secs] 
2014-07-09T15:52:00.984+0200: 28.595: [GC [PSYoungGen: 11263K->96K(13824K)] 17840K->6673K(30208K), 0.0013880 secs] [Times: user=0.00 sys=0.00, real=0.00 secs] 
2014-07-09T15:52:01.028+0200: 28.639: [GC [PSYoungGen: 11346K->2113K(13824K)] 17924K->8698K(30208K), 0.0024256 secs] [Times: user=0.00 sys=0.00, real=0.00 secs] 
2014-07-09T15:52:01.083+0200: 28.695: [GC [PSYoungGen: 13362K->2529K(13824K)] 19948K->11716K(30208K), 0.0265206 secs] [Times: user=0.03 sys=0.00, real=0.03 secs] 
2014-07-09T15:52:01.115+0200: 28.727: [GC [PSYoungGen: 13778K->2529K(13824K)] 22965K->17390K(30208K), 0.0058546 secs] [Times: user=0.00 sys=0.00, real=0.01 secs] 
2014-07-09T15:52:01.121+0200: 28.733: [Full GC [PSYoungGen: 2529K->0K(13824K)] [ParOldGen: 14861K->8499K(16384K)] 17390K->8499K(30208K) [PSPermGen: 2474K->2474K(21504K)], 0.0131402 secs] [Times: user=0.03 sys=0.00, real=0.01 secs] 
2014-07-09T15:52:01.177+0200: 28.789: [GC [PSYoungGen: 11251K->2529K(13824K)] 19751K->11541K(30208K), 0.0015791 secs] [Times: user=0.00 sys=0.00, real=0.00 secs] 
2014-07-09T15:52:01.184+0200: 28.796: [GC [PSYoungGen: 13778K->2529K(13824K)] 22790K->15102K(30208K), 0.0046976 secs] [Times: user=0.00 sys=0.00, real=0.00 secs] 
2014-07-09T15:52:01.189+0200: 28.800: [Full GC [PSYoungGen: 2529K->0K(13824K)] [ParOldGen: 12573K->6535K(16384K)] 15102K->6535K(30208K) [PSPermGen: 2474K->2474K(21504K)], 0.0108140 secs] [Times: user=0.02 sys=0.00, real=0.01 secs] 
2014-07-09T15:52:01.230+0200: 28.841: [GC [PSYoungGen: 11262K->1184K(13824K)] 17797K->7719K(30208K), 0.0011897 secs] [Times: user=0.00 sys=0.00, real=0.00 secs] 
2014-07-09T15:52:01.285+0200: 28.896: [GC [PSYoungGen: 12427K->2529K(13824K)] 18962K->9488K(30208K), 0.0047467 secs] [Times: user=0.03 sys=0.00, real=0.00 secs] 
2014-07-09T15:52:01.328+0200: 28.940: [GC [PSYoungGen: 13778K->2529K(13824K)] 20738K->12954K(30208K), 0.0049945 secs] [Times: user=0.03 sys=0.00, real=0.00 secs] 
2014-07-09T15:52:01.334+0200: 28.945: [Full GC [PSYoungGen: 2529K->0K(13824K)] [ParOldGen: 10425K->6290K(16384K)] 12954K->6290K(30208K) [PSPermGen: 2474K->2474K(21504K)], 0.0100914 secs] [Times: user=0.00 sys=0.00, real=0.01 secs] 
2014-07-09T15:52:01.381+0200: 28.993: [GC [PSYoungGen: 11251K->832K(13824K)] 17542K->7122K(30208K), 0.0009441 secs] [Times: user=0.00 sys=0.00, real=0.00 secs] 
2014-07-09T15:52:01.429+0200: 29.041: [GC [PSYoungGen: 12081K->2529K(13824K)] 18372K->10172K(30208K), 0.0048050 secs] [Times: user=0.00 sys=0.00, real=0.01 secs] 
2014-07-09T15:52:01.479+0200: 29.091: [GC [PSYoungGen: 13780K->2529K(13824K)] 21423K->14566K(30208K), 0.0054451 secs] [Times: user=0.00 sys=0.00, real=0.01 secs] 
2014-07-09T15:52:01.485+0200: 29.096: [Full GC [PSYoungGen: 2529K->0K(13824K)] [ParOldGen: 12037K->7218K(16384K)] 14566K->7218K(30208K) [PSPermGen: 2474K->2474K(21504K)], 0.0141737 secs] [Times: user=0.02 sys=0.00, real=0.01 secs] 
2014-07-09T15:52:01.527+0200: 29.138: [GC [PSYoungGen: 11234K->64K(13824K)] 18453K->7282K(30208K), 0.0004700 secs] [Times: user=0.00 sys=0.00, real=0.00 secs] 
2014-07-09T15:52:01.579+0200: 29.190: [GC [PSYoungGen: 11313K->2529K(13824K)] 18532K->10332K(30208K), 0.0032109 secs] [Times: user=0.00 sys=0.00, real=0.00 secs] 
2014-07-09T15:52:01.591+0200: 29.203: [GC [PSYoungGen: 13778K->2529K(13824K)] 21581K->13958K(30208K), 0.0090483 secs] [Times: user=0.03 sys=0.00, real=0.01 secs] 
2014-07-09T15:52:01.601+0200: 29.212: [Full GC [PSYoungGen: 2529K->0K(13824K)] [ParOldGen: 11429K->6451K(16384K)] 13958K->6451K(30208K) [PSPermGen: 2474K->2474K(21504K)], 0.0146856 secs] [Times: user=0.03 sys=0.00, real=0.01 secs] 
2014-07-09T15:52:01.677+0200: 29.289: [GC [PSYoungGen: 11251K->960K(13824K)] 17703K->7412K(30208K), 0.0019270 secs] [Times: user=0.00 sys=0.00, real=0.00 secs] 
2014-07-09T15:52:01.683+0200: 29.295: [GC [PSYoungGen: 12209K->2529K(13824K)] 18661K->10493K(30208K), 0.0031174 secs] [Times: user=0.00 sys=0.00, real=0.00 secs] 
2014-07-09T15:52:01.731+0200: 29.343: [GC [PSYoungGen: 13780K->2529K(13824K)] 21745K->15047K(30208K), 0.0088412 secs] [Times: user=0.03 sys=0.00, real=0.01 secs] 
2014-07-09T15:52:01.740+0200: 29.352: [Full GC [PSYoungGen: 2529K->0K(13824K)] [ParOldGen: 12518K->7380K(16384K)] 15047K->7380K(30208K) [PSPermGen: 2474K->2474K(21504K)], 0.0210975 secs] [Times: user=0.02 sys=0.00, real=0.02 secs] 
2014-07-09T15:52:01.780+0200: 29.392: [GC [PSYoungGen: 11260K->384K(13824K)] 18640K->7764K(30208K), 0.0009939 secs] [Times: user=0.00 sys=0.00, real=0.00 secs] 
2014-07-09T15:52:01.829+0200: 29.440: [GC [PSYoungGen: 11633K->2529K(13824K)] 19013K->10813K(30208K), 0.0036703 secs] [Times: user=0.00 sys=0.00, real=0.00 secs] 
2014-07-09T15:52:01.881+0200: 29.492: [GC [PSYoungGen: 13780K->2529K(13824K)] 22065K->14759K(30208K), 0.0078403 secs] [Times: user=0.00 sys=0.00, real=0.01 secs] 
2014-07-09T15:52:01.889+0200: 29.501: [Full GC [PSYoungGen: 2529K->0K(13824K)] [ParOldGen: 12230K->6772K(16384K)] 14759K->6772K(30208K) [PSPermGen: 2474K->2474K(21504K)], 0.0228455 secs] [Times: user=0.05 sys=0.00, real=0.02 secs] 
2014-07-09T15:52:01.927+0200: 29.539: [GC [PSYoungGen: 11249K->1312K(13824K)] 18021K->8085K(30208K), 0.0009851 secs] [Times: user=0.00 sys=0.00, real=0.00 secs] 
2014-07-09T15:52:01.979+0200: 29.591: [GC [PSYoungGen: 12564K->2529K(13824K)] 19336K->11134K(30208K), 0.0051108 secs] [Times: user=0.00 sys=0.00, real=0.00 secs] 
2014-07-09T15:52:01.994+0200: 29.606: [GC [PSYoungGen: 13784K->2529K(13824K)] 22389K->15496K(30208K), 0.0086304 secs] [Times: user=0.00 sys=0.00, real=0.01 secs] 
2014-07-09T15:52:02.003+0200: 29.615: [Full GC [PSYoungGen: 2529K->0K(13824K)] [ParOldGen: 12967K->7189K(16384K)] 15496K->7189K(30208K) [PSPermGen: 2474K->2474K(21504K)], 0.0248253 secs] [Times: user=0.05 sys=0.00, real=0.03 secs] 
2014-07-09T15:52:02.077+0200: 29.688: [GC [PSYoungGen: 11254K->704K(13824K)] 18444K->7893K(30208K), 0.0006970 secs] [Times: user=0.00 sys=0.00, real=0.00 secs] 
2014-07-09T15:52:02.084+0200: 29.695: [GC [PSYoungGen: 11953K->2529K(13824K)] 19143K->10943K(30208K), 0.0025220 secs] [Times: user=0.00 sys=0.00, real=0.00 secs] 
2014-07-09T15:52:02.128+0200: 29.740: [GC [PSYoungGen: 13780K->2529K(13824K)] 22194K->15209K(30208K), 0.0053890 secs] [Times: user=0.00 sys=0.02, real=0.01 secs] 
2014-07-09T15:52:02.134+0200: 29.745: [Full GC [PSYoungGen: 2529K->0K(13824K)] [ParOldGen: 12679K->7093K(16384K)] 15209K->7093K(30208K) [PSPermGen: 2474K->2474K(21504K)], 0.0099495 secs] [Times: user=0.00 sys=0.00, real=0.01 secs] 
2014-07-09T15:52:02.187+0200: 29.798: [GC [PSYoungGen: 11249K->1600K(13824K)] 18342K->8693K(30208K), 0.0263662 secs] [Times: user=0.03 sys=0.00, real=0.03 secs] 
2014-07-09T15:52:02.228+0200: 29.840: [GC [PSYoungGen: 12855K->2529K(13824K)] 19948K->10750K(30208K), 0.0029458 secs] [Times: user=0.00 sys=0.00, real=0.00 secs] 
2014-07-09T15:52:02.278+0200: 29.890: [GC [PSYoungGen: 13780K->2529K(13824K)] 22002K->14921K(30208K), 0.0050785 secs] [Times: user=0.00 sys=0.00, real=0.01 secs] 
2014-07-09T15:52:02.284+0200: 29.895: [Full GC [PSYoungGen: 2529K->0K(13824K)] [ParOldGen: 12391K->6997K(16384K)] 14921K->6997K(30208K) [PSPermGen: 2474K->2474K(21504K)], 0.0108213 secs] [Times: user=0.03 sys=0.00, real=0.01 secs] 
2014-07-09T15:52:02.327+0200: 29.939: [GC [PSYoungGen: 11249K->1536K(13824K)] 18246K->8533K(30208K), 0.0007846 secs] [Times: user=0.00 sys=0.00, real=0.00 secs] 
2014-07-09T15:52:02.378+0200: 29.990: [GC [PSYoungGen: 12788K->2529K(13824K)] 19785K->11583K(30208K), 0.0034899 secs] [Times: user=0.03 sys=0.00, real=0.00 secs] 
2014-07-09T15:52:02.386+0200: 29.998: [GC [PSYoungGen: 13778K->2529K(13824K)] 22832K->16681K(30208K), 0.0056860 secs] [Times: user=0.00 sys=0.00, real=0.01 secs] 
2014-07-09T15:52:02.392+0200: 30.004: [Full GC [PSYoungGen: 2529K->0K(13824K)] [ParOldGen: 14152K->7925K(16384K)] 16681K->7925K(30208K) [PSPermGen: 2474K->2474K(21504K)], 0.0122570 secs] [Times: user=0.03 sys=0.00, real=0.01 secs] 
2014-07-09T15:52:02.478+0200: 30.089: [GC [PSYoungGen: 11251K->2465K(13824K)] 19177K->10390K(30208K), 0.0015296 secs] [Times: user=0.00 sys=0.00, real=0.00 secs] 
2014-07-09T15:52:02.484+0200: 30.096: [GC [PSYoungGen: 13714K->2529K(13824K)] 21640K->13440K(30208K), 0.0046968 secs] [Times: user=0.03 sys=0.00, real=0.01 secs] 
2014-07-09T15:52:02.489+0200: 30.101: [Full GC [PSYoungGen: 2529K->0K(13824K)] [ParOldGen: 10911K->5958K(16384K)] 13440K->5958K(30208K) [PSPermGen: 2474K->2474K(21504K)], 0.0119436 secs] [Times: user=0.00 sys=0.00, real=0.01 secs] 
2014-07-09T15:52:02.529+0200: 30.140: [GC [PSYoungGen: 11239K->2529K(13824K)] 17198K->12297K(30208K), 0.0047973 secs] [Times: user=0.00 sys=0.00, real=0.00 secs] 
2014-07-09T15:52:02.586+0200: 30.197: [GC [PSYoungGen: 13778K->1184K(13824K)] 23547K->10961K(30208K), 0.0019805 secs] [Times: user=0.00 sys=0.00, real=0.00 secs] 
2014-07-09T15:52:02.628+0200: 30.240: [GC [PSYoungGen: 12436K->2529K(13824K)] 22212K->14010K(30208K), 0.0031724 secs] [Times: user=0.00 sys=0.00, real=0.00 secs] 
2014-07-09T15:52:02.631+0200: 30.243: [Full GC [PSYoungGen: 2529K->0K(13824K)] [ParOldGen: 11481K->4684K(16384K)] 14010K->4684K(30208K) [PSPermGen: 2474K->2474K(21504K)], 0.0088496 secs] [Times: user=0.00 sys=0.00, real=0.01 secs] 
2014-07-09T15:52:02.680+0200: 30.291: [GC [PSYoungGen: 11249K->2529K(13824K)] 15934K->11952K(30208K), 0.0055738 secs] [Times: user=0.00 sys=0.00, real=0.00 secs] 
2014-07-09T15:52:02.728+0200: 30.340: [GC [PSYoungGen: 13778K->2113K(13824K)] 23201K->11544K(30208K), 0.0024476 secs] [Times: user=0.00 sys=0.00, real=0.00 secs] 
2014-07-09T15:52:02.778+0200: 30.390: [GC [PSYoungGen: 13365K->2529K(13824K)] 22797K->13569K(30208K), 0.0033825 secs] [Times: user=0.00 sys=0.00, real=0.00 secs] 
2014-07-09T15:52:02.782+0200: 30.393: [Full GC [PSYoungGen: 2529K->0K(13824K)] [ParOldGen: 11039K->4593K(16384K)] 13569K->4593K(30208K) [PSPermGen: 2474K->2474K(21504K)], 0.0118695 secs] [Times: user=0.03 sys=0.00, real=0.01 secs] 
2014-07-09T15:52:02.801+0200: 30.413: [GC [PSYoungGen: 11249K->2529K(13824K)] 15843K->11765K(30208K), 0.0050294 secs] [Times: user=0.00 sys=0.00, real=0.01 secs] 
2014-07-09T15:52:02.878+0200: 30.490: [GC [PSYoungGen: 13778K->2016K(13824K)] 23014K->11260K(30208K), 0.0021554 secs] [Times: user=0.00 sys=0.00, real=0.00 secs] 
2014-07-09T15:52:02.890+0200: 30.501: [GC [PSYoungGen: 13268K->2529K(13824K)] 22512K->14310K(30208K), 0.0065476 secs] [Times: user=0.01 sys=0.00, real=0.01 secs] 
2014-07-09T15:52:02.896+0200: 30.508: [Full GC [PSYoungGen: 2529K->0K(13824K)] [ParOldGen: 11781K->5526K(16384K)] 14310K->5526K(30208K) [PSPermGen: 2474K->2474K(21504K)], 0.0113548 secs] [Times: user=0.00 sys=0.00, real=0.01 secs] 
2014-07-09T15:52:02.929+0200: 30.541: [GC [PSYoungGen: 11249K->2529K(13824K)] 16775K->13626K(30208K), 0.0056006 secs] [Times: user=0.00 sys=0.00, real=0.01 secs] 
2014-07-09T15:52:02.935+0200: 30.547: [Full GC [PSYoungGen: 2529K->0K(13824K)] [ParOldGen: 11096K->8407K(16384K)] 13626K->8407K(30208K) [PSPermGen: 2474K->2474K(21504K)], 0.0105991 secs] [Times: user=0.01 sys=0.00, real=0.01 secs] 
2014-07-09T15:52:02.981+0200: 30.592: [GC [PSYoungGen: 11260K->1408K(13824K)] 19668K->9816K(30208K), 0.0013719 secs] [Times: user=0.00 sys=0.00, real=0.00 secs] 
2014-07-09T15:52:03.029+0200: 30.641: [GC [PSYoungGen: 12660K->2529K(13824K)] 21067K->12865K(30208K), 0.0056141 secs] [Times: user=0.03 sys=0.00, real=0.01 secs] 
2014-07-09T15:52:03.035+0200: 30.647: [Full GC [PSYoungGen: 2529K->0K(13824K)] [ParOldGen: 10336K->4903K(16384K)] 12865K->4903K(30208K) [PSPermGen: 2474K->2474K(21504K)], 0.0479125 secs] [Times: user=0.05 sys=0.00, real=0.05 secs] 
2014-07-09T15:52:03.088+0200: 30.700: [GC [PSYoungGen: 11249K->2529K(13824K)] 16153K->12395K(30208K), 0.0056468 secs] [Times: user=0.00 sys=0.00, real=0.01 secs] 
2014-07-09T15:52:03.094+0200: 30.705: [Full GC [PSYoungGen: 2529K->0K(13824K)] [ParOldGen: 9865K->7799K(16384K)] 12395K->7799K(30208K) [PSPermGen: 2474K->2474K(21504K)], 0.0100037 secs] [Times: user=0.03 sys=0.00, real=0.01 secs] 
2014-07-09T15:52:03.128+0200: 30.739: [GC [PSYoungGen: 11251K->2337K(13824K)] 19051K->10136K(30208K), 0.0013550 secs] [Times: user=0.00 sys=0.00, real=0.00 secs] 
2014-07-09T15:52:03.181+0200: 30.792: [GC [PSYoungGen: 13586K->2529K(13824K)] 21386K->13186K(30208K), 0.0067994 secs] [Times: user=0.00 sys=0.00, real=0.01 secs] 
2014-07-09T15:52:03.188+0200: 30.799: [Full GC [PSYoungGen: 2529K->0K(13824K)] [ParOldGen: 10657K->5830K(16384K)] 13186K->5830K(30208K) [PSPermGen: 2474K->2474K(21504K)], 0.0153939 secs] [Times: user=0.03 sys=0.00, real=0.02 secs] 
2014-07-09T15:52:03.227+0200: 30.839: [GC [PSYoungGen: 11251K->224K(13824K)] 17082K->6054K(30208K), 0.0008110 secs] [Times: user=0.00 sys=0.00, real=0.00 secs] 
2014-07-09T15:52:03.278+0200: 30.890: [GC [PSYoungGen: 11482K->1728K(13824K)] 17313K->7567K(30208K), 0.0021774 secs] [Times: user=0.00 sys=0.00, real=0.00 secs] 
2014-07-09T15:52:03.290+0200: 30.902: [GC [PSYoungGen: 12980K->2529K(13824K)] 18819K->10617K(30208K), 0.0070055 secs] [Times: user=0.00 sys=0.00, real=0.01 secs] 
2014-07-09T15:52:03.330+0200: 30.942: [GC [PSYoungGen: 13778K->2529K(13824K)] 21866K->15875K(30208K), 0.0072676 secs] [Times: user=0.00 sys=0.00, real=0.01 secs] 
2014-07-09T15:52:03.338+0200: 30.949: [Full GC [PSYoungGen: 2529K->0K(13824K)] [ParOldGen: 13346K->8120K(16384K)] 15875K->8120K(30208K) [PSPermGen: 2474K->2474K(21504K)], 0.0161862 secs] [Times: user=0.02 sys=0.00, real=0.02 secs] 
2014-07-09T15:52:03.380+0200: 30.992: [GC [PSYoungGen: 11251K->2529K(13824K)] 19372K->10777K(30208K), 0.0023317 secs] [Times: user=0.00 sys=0.00, real=0.00 secs] 
2014-07-09T15:52:03.429+0200: 31.040: [GC [PSYoungGen: 13778K->2529K(13824K)] 22027K->13955K(30208K), 0.0043691 secs] [Times: user=0.00 sys=0.00, real=0.00 secs] 
2014-07-09T15:52:03.433+0200: 31.045: [Full GC [PSYoungGen: 2529K->0K(13824K)] [ParOldGen: 11426K->6152K(16384K)] 13955K->6152K(30208K) [PSPermGen: 2474K->2474K(21504K)], 0.0087323 secs] [Times: user=0.03 sys=0.00, real=0.01 secs] 
2014-07-09T15:52:03.480+0200: 31.092: [GC [PSYoungGen: 11251K->544K(13824K)] 17403K->6696K(30208K), 0.0009239 secs] [Times: user=0.00 sys=0.00, real=0.00 secs] 
2014-07-09T15:52:03.528+0200: 31.139: [GC [PSYoungGen: 11776K->1888K(13824K)] 17928K->8048K(30208K), 0.0023306 secs] [Times: user=0.00 sys=0.00, real=0.00 secs] 
2014-07-09T15:52:03.591+0200: 31.202: [GC [PSYoungGen: 13140K->2529K(13824K)] 19300K->11098K(30208K), 0.0035266 secs] [Times: user=0.00 sys=0.00, real=0.00 secs] 
2014-07-09T15:52:03.600+0200: 31.212: [GC [PSYoungGen: 13778K->2529K(13824K)] 22347K->16517K(30208K), 0.0064504 secs] [Times: user=0.00 sys=0.00, real=0.01 secs] 
2014-07-09T15:52:03.607+0200: 31.218: [Full GC [PSYoungGen: 2529K->0K(13824K)] [ParOldGen: 13987K->8281K(16384K)] 16517K->8281K(30208K) [PSPermGen: 2474K->2474K(21504K)], 0.0161128 secs] [Times: user=0.03 sys=0.00, real=0.02 secs] 
2014-07-09T15:52:03.678+0200: 31.290: [GC [PSYoungGen: 11251K->2529K(13824K)] 19533K->11099K(30208K), 0.0027141 secs] [Times: user=0.00 sys=0.00, real=0.00 secs] 
2014-07-09T15:52:03.691+0200: 31.303: [GC [PSYoungGen: 13778K->2529K(13824K)] 22348K->14436K(30208K), 0.0078231 secs] [Times: user=0.00 sys=0.00, real=0.01 secs] 
2014-07-09T15:52:03.699+0200: 31.311: [Full GC [PSYoungGen: 2529K->0K(13824K)] [ParOldGen: 11907K->6312K(16384K)] 14436K->6312K(30208K) [PSPermGen: 2474K->2474K(21504K)], 0.0138830 secs] [Times: user=0.03 sys=0.00, real=0.01 secs] 
2014-07-09T15:52:03.731+0200: 31.342: [GC [PSYoungGen: 11262K->864K(13824K)] 17574K->7176K(30208K), 0.0011523 secs] [Times: user=0.00 sys=0.00, real=0.00 secs] 
2014-07-09T15:52:03.785+0200: 31.396: [GC [PSYoungGen: 12108K->2529K(13824K)] 18420K->9041K(30208K), 0.0034151 secs] [Times: user=0.00 sys=0.00, real=0.00 secs] 
2014-07-09T15:52:03.829+0200: 31.440: [GC [PSYoungGen: 13778K->2529K(13824K)] 20290K->12283K(30208K), 0.0050165 secs] [Times: user=0.00 sys=0.00, real=0.01 secs] 
2014-07-09T15:52:03.881+0200: 31.493: [GC [PSYoungGen: 13780K->576K(13824K)] 23534K->10338K(30208K), 0.0190917 secs] [Times: user=0.01 sys=0.00, real=0.02 secs] 
2014-07-09T15:52:03.928+0200: 31.539: [GC [PSYoungGen: 11825K->2529K(13824K)] 21587K->13419K(30208K), 0.0026654 secs] [Times: user=0.00 sys=0.00, real=0.00 secs] 
2014-07-09T15:52:03.931+0200: 31.542: [Full GC [PSYoungGen: 2529K->0K(13824K)] [ParOldGen: 10890K->4111K(16384K)] 13419K->4111K(30208K) [PSPermGen: 2474K->2474K(21504K)], 0.0111861 secs] [Times: user=0.02 sys=0.00, real=0.01 secs] 
2014-07-09T15:52:03.980+0200: 31.592: [GC [PSYoungGen: 11251K->2529K(13824K)] 15362K->10802K(30208K), 0.0086791 secs] [Times: user=0.03 sys=0.00, real=0.01 secs] 
2014-07-09T15:52:03.999+0200: 31.610: [GC [PSYoungGen: 13787K->2529K(13824K)] 22061K->16477K(30208K), 0.0087693 secs] [Times: user=0.03 sys=0.00, real=0.01 secs] 
2014-07-09T15:52:04.008+0200: 31.619: [Full GC [PSYoungGen: 2529K->0K(13824K)] [ParOldGen: 13947K->8506K(16384K)] 16477K->8506K(30208K) [PSPermGen: 2474K->2474K(21504K)], 0.0125668 secs] [Times: user=0.03 sys=0.00, real=0.01 secs] 
2014-07-09T15:52:04.078+0200: 31.689: [GC [PSYoungGen: 11257K->2497K(13824K)] 19763K->11003K(30208K), 0.0066895 secs] [Times: user=0.01 sys=0.00, real=0.01 secs] 
2014-07-09T15:52:04.093+0200: 31.705: [GC [PSYoungGen: 13746K->2529K(13824K)] 22253K->14085K(30208K), 0.0046752 secs] [Times: user=0.02 sys=0.00, real=0.01 secs] 
2014-07-09T15:52:04.098+0200: 31.710: [Full GC [PSYoungGen: 2529K->0K(13824K)] [ParOldGen: 11556K->6024K(16384K)] 14085K->6024K(30208K) [PSPermGen: 2474K->2474K(21504K)], 0.0094648 secs] [Times: user=0.00 sys=0.00, real=0.01 secs] 
2014-07-09T15:52:04.177+0200: 31.788: [GC [PSYoungGen: 11251K->416K(13824K)] 17276K->6440K(30208K), 0.0005133 secs] [Times: user=0.00 sys=0.00, real=0.00 secs] 
2014-07-09T15:52:04.182+0200: 31.793: [GC [PSYoungGen: 11665K->2529K(13824K)] 17690K->9490K(30208K), 0.0028487 secs] [Times: user=0.00 sys=0.00, real=0.00 secs] 
2014-07-09T15:52:04.230+0200: 31.842: [GC [PSYoungGen: 13784K->2529K(13824K)] 20745K->12443K(30208K), 0.0071679 secs] [Times: user=0.03 sys=0.00, real=0.01 secs] 
2014-07-09T15:52:04.238+0200: 31.849: [Full GC [PSYoungGen: 2529K->0K(13824K)] [ParOldGen: 9914K->5785K(16384K)] 12443K->5785K(30208K) [PSPermGen: 2474K->2474K(21504K)], 0.0176574 secs] [Times: user=0.02 sys=0.00, real=0.02 secs] 
2014-07-09T15:52:04.280+0200: 31.891: [GC [PSYoungGen: 11251K->320K(13824K)] 17037K->6105K(30208K), 0.0008704 secs] [Times: user=0.00 sys=0.00, real=0.00 secs] 
2014-07-09T15:52:04.328+0200: 31.939: [GC [PSYoungGen: 11569K->2529K(13824K)] 17355K->9155K(30208K), 0.0020692 secs] [Times: user=0.00 sys=0.00, real=0.00 secs] 
2014-07-09T15:52:04.380+0200: 31.992: [GC [PSYoungGen: 13780K->2529K(13824K)] 20406K->13037K(30208K), 0.0090949 secs] [Times: user=0.00 sys=0.00, real=0.01 secs] 
2014-07-09T15:52:04.390+0200: 32.001: [Full GC [PSYoungGen: 2529K->0K(13824K)] [ParOldGen: 10508K->6714K(16384K)] 13037K->6714K(30208K) [PSPermGen: 2474K->2474K(21504K)], 0.0393947 secs] [Times: user=0.06 sys=0.00, real=0.04 secs] 
2014-07-09T15:52:04.435+0200: 32.047: [GC [PSYoungGen: 11249K->1216K(13824K)] 17963K->7930K(30208K), 0.0012487 secs] [Times: user=0.00 sys=0.00, real=0.00 secs] 
2014-07-09T15:52:04.478+0200: 32.089: [GC [PSYoungGen: 12468K->2529K(13824K)] 19182K->11012K(30208K), 0.0028391 secs] [Times: user=0.00 sys=0.00, real=0.00 secs] 
2014-07-09T15:52:04.486+0200: 32.097: [GC [PSYoungGen: 13778K->2529K(13824K)] 22261K->15822K(30208K), 0.0054389 secs] [Times: user=0.00 sys=0.00, real=0.00 secs] 
2014-07-09T15:52:04.491+0200: 32.103: [Full GC [PSYoungGen: 2529K->0K(13824K)] [ParOldGen: 13293K->7642K(16384K)] 15822K->7642K(30208K) [PSPermGen: 2474K->2474K(21504K)], 0.0104994 secs] [Times: user=0.03 sys=0.00, real=0.01 secs] 
2014-07-09T15:52:04.577+0200: 32.188: [GC [PSYoungGen: 11233K->480K(13824K)] 18876K->8122K(30208K), 0.0005829 secs] [Times: user=0.00 sys=0.00, real=0.00 secs] 
2014-07-09T15:52:04.583+0200: 32.195: [GC [PSYoungGen: 11729K->2529K(13824K)] 19372K->11140K(30208K), 0.0045421 secs] [Times: user=0.00 sys=0.00, real=0.01 secs] 
2014-07-09T15:52:04.629+0200: 32.241: [GC [PSYoungGen: 13780K->2529K(13824K)] 22391K->15150K(30208K), 0.0062224 secs] [Times: user=0.00 sys=0.00, real=0.01 secs] 
2014-07-09T15:52:04.636+0200: 32.247: [Full GC [PSYoungGen: 2529K->0K(13824K)] [ParOldGen: 12621K->6875K(16384K)] 15150K->6875K(30208K) [PSPermGen: 2474K->2474K(21504K)], 0.0103828 secs] [Times: user=0.02 sys=0.00, real=0.01 secs] 
2014-07-09T15:52:04.680+0200: 32.292: [GC [PSYoungGen: 11249K->1408K(13824K)] 18124K->8284K(30208K), 0.0012634 secs] [Times: user=0.00 sys=0.00, real=0.00 secs] 
2014-07-09T15:52:04.730+0200: 32.341: [GC [PSYoungGen: 12660K->2529K(13824K)] 19535K->11333K(30208K), 0.0054378 secs] [Times: user=0.03 sys=0.00, real=0.00 secs] 
2014-07-09T15:52:04.779+0200: 32.391: [GC [PSYoungGen: 13787K->2529K(13824K)] 22592K->14767K(30208K), 0.0048043 secs] [Times: user=0.03 sys=0.00, real=0.00 secs] 
2014-07-09T15:52:04.784+0200: 32.396: [Full GC [PSYoungGen: 2529K->0K(13824K)] [ParOldGen: 12238K->6410K(16384K)] 14767K->6410K(30208K) [PSPermGen: 2474K->2474K(21504K)], 0.0121294 secs] [Times: user=0.03 sys=0.00, real=0.01 secs] 
2014-07-09T15:52:04.827+0200: 32.439: [GC [PSYoungGen: 11251K->800K(13824K)] 17661K->7210K(30208K), 0.0009375 secs] [Times: user=0.01 sys=0.00, real=0.00 secs] 
2014-07-09T15:52:04.879+0200: 32.491: [GC [PSYoungGen: 12049K->2529K(13824K)] 18460K->10260K(30208K), 0.0042459 secs] [Times: user=0.00 sys=0.00, real=0.01 secs] 
2014-07-09T15:52:04.893+0200: 32.505: [GC [PSYoungGen: 13780K->2529K(13824K)] 21511K->14622K(30208K), 0.0086949 secs] [Times: user=0.00 sys=0.00, real=0.01 secs] 
2014-07-09T15:52:04.902+0200: 32.514: [Full GC [PSYoungGen: 2529K->0K(13824K)] [ParOldGen: 12093K->7196K(16384K)] 14622K->7196K(30208K) [PSPermGen: 2474K->2474K(21504K)], 0.0157099 secs] [Times: user=0.03 sys=0.00, real=0.02 secs] 
2014-07-09T15:52:04.977+0200: 32.589: [GC [PSYoungGen: 11249K->1696K(13824K)] 18445K->8892K(30208K), 0.0068790 secs] [Times: user=0.02 sys=0.00, real=0.01 secs] 
2014-07-09T15:52:04.990+0200: 32.601: [GC [PSYoungGen: 12948K->2529K(13824K)] 20144K->11974K(30208K), 0.0039379 secs] [Times: user=0.00 sys=0.00, real=0.00 secs] 
2014-07-09T15:52:05.030+0200: 32.642: [GC [PSYoungGen: 13789K->2529K(13824K)] 23235K->15728K(30208K), 0.0375018 secs] [Times: user=0.03 sys=0.00, real=0.04 secs] 
2014-07-09T15:52:05.068+0200: 32.680: [Full GC [PSYoungGen: 2529K->0K(13824K)] [ParOldGen: 13199K->6729K(16384K)] 15728K->6729K(30208K) [PSPermGen: 2474K->2474K(21504K)], 0.0172248 secs] [Times: user=0.01 sys=0.00, real=0.02 secs] 
2014-07-09T15:52:05.090+0200: 32.702: [GC [PSYoungGen: 11249K->1120K(13824K)] 17978K->7849K(30208K), 0.0010262 secs] [Times: user=0.00 sys=0.00, real=0.00 secs] 
2014-07-09T15:52:05.128+0200: 32.740: [GC [PSYoungGen: 12370K->2529K(13824K)] 19099K->10899K(30208K), 0.0028139 secs] [Times: user=0.00 sys=0.00, real=0.00 secs] 
2014-07-09T15:52:05.181+0200: 32.792: [GC [PSYoungGen: 13778K->2529K(13824K)] 22148K->15581K(30208K), 0.0100576 secs] [Times: user=0.03 sys=0.00, real=0.01 secs] 
2014-07-09T15:52:05.191+0200: 32.803: [Full GC [PSYoungGen: 2529K->0K(13824K)] [ParOldGen: 13052K->7516K(16384K)] 15581K->7516K(30208K) [PSPermGen: 2474K->2474K(21504K)], 0.0200610 secs] [Times: user=0.00 sys=0.00, real=0.02 secs] 
2014-07-09T15:52:05.228+0200: 32.839: [GC [PSYoungGen: 11249K->2048K(13824K)] 18766K->9565K(30208K), 0.0013807 secs] [Times: user=0.00 sys=0.00, real=0.00 secs] 
2014-07-09T15:52:05.279+0200: 32.891: [GC [PSYoungGen: 13303K->2529K(13824K)] 20820K->11590K(30208K), 0.0050462 secs] [Times: user=0.03 sys=0.00, real=0.00 secs] 
2014-07-09T15:52:05.293+0200: 32.905: [GC [PSYoungGen: 13780K->2529K(13824K)] 22842K->16177K(30208K), 0.0066748 secs] [Times: user=0.03 sys=0.00, real=0.01 secs] 
2014-07-09T15:52:05.300+0200: 32.911: [Full GC [PSYoungGen: 2529K->0K(13824K)] [ParOldGen: 13647K->7420K(16384K)] 16177K->7420K(30208K) [PSPermGen: 2474K->2474K(21504K)], 0.0146038 secs] [Times: user=0.03 sys=0.00, real=0.01 secs] 
2014-07-09T15:52:05.377+0200: 32.989: [GC [PSYoungGen: 11249K->1952K(13824K)] 18670K->9373K(30208K), 0.0010240 secs] [Times: user=0.00 sys=0.00, real=0.00 secs] 
2014-07-09T15:52:05.383+0200: 32.995: [GC [PSYoungGen: 13204K->2529K(13824K)] 20625K->12423K(30208K), 0.0038067 secs] [Times: user=0.00 sys=0.00, real=0.00 secs] 
2014-07-09T15:52:05.432+0200: 33.043: [GC [PSYoungGen: 13778K->2529K(13824K)] 23672K->17937K(30208K), 0.0104554 secs] [Times: user=0.03 sys=0.00, real=0.01 secs] 
2014-07-09T15:52:05.442+0200: 33.054: [Full GC [PSYoungGen: 2529K->0K(13824K)] [ParOldGen: 15408K->8349K(16384K)] 17937K->8349K(30208K) [PSPermGen: 2474K->2474K(21504K)], 0.0157517 secs] [Times: user=0.01 sys=0.00, real=0.02 secs] 
2014-07-09T15:52:05.481+0200: 33.093: [GC [PSYoungGen: 11251K->2529K(13824K)] 19600K->11230K(30208K), 0.0025546 secs] [Times: user=0.03 sys=0.00, real=0.00 secs] 
2014-07-09T15:52:05.528+0200: 33.140: [GC [PSYoungGen: 13767K->2529K(13824K)] 22469K->12423K(30208K), 0.0022599 secs] [Times: user=0.03 sys=0.00, real=0.00 secs] 
2014-07-09T15:52:05.582+0200: 33.194: [GC [PSYoungGen: 13780K->2529K(13824K)] 23674K->16625K(30208K), 0.0103861 secs] [Times: user=0.01 sys=0.00, real=0.01 secs] 
2014-07-09T15:52:05.593+0200: 33.204: [Full GC [PSYoungGen: 2529K->0K(13824K)] [ParOldGen: 14096K->7210K(16384K)] 16625K->7210K(30208K) [PSPermGen: 2474K->2474K(21504K)], 0.0233973 secs] [Times: user=0.02 sys=0.00, real=0.02 secs] 
2014-07-09T15:52:05.627+0200: 33.239: [GC [PSYoungGen: 11249K->1600K(13824K)] 18460K->8811K(30208K), 0.0010911 secs] [Times: user=0.00 sys=0.00, real=0.00 secs] 
2014-07-09T15:52:05.680+0200: 33.292: [GC [PSYoungGen: 12852K->2529K(13824K)] 20063K->11829K(30208K), 0.0064108 secs] [Times: user=0.03 sys=0.00, real=0.01 secs] 
2014-07-09T15:52:05.693+0200: 33.304: [GC [PSYoungGen: 13778K->2529K(13824K)] 23078K->16959K(30208K), 0.0062810 secs] [Times: user=0.00 sys=0.00, real=0.01 secs] 
2014-07-09T15:52:05.699+0200: 33.311: [Full GC [PSYoungGen: 2529K->0K(13824K)] [ParOldGen: 14430K->7998K(16384K)] 16959K->7998K(30208K) [PSPermGen: 2474K->2474K(21504K)], 0.0171526 secs] [Times: user=0.02 sys=0.00, real=0.02 secs] 
2014-07-09T15:52:05.778+0200: 33.390: [GC [PSYoungGen: 11254K->1504K(13824K)] 19253K->9503K(30208K), 0.0020190 secs] [Times: user=0.03 sys=0.00, real=0.00 secs] 
2014-07-09T15:52:05.789+0200: 33.401: [GC [PSYoungGen: 12756K->2529K(13824K)] 20754K->12552K(30208K), 0.0063386 secs] [Times: user=0.00 sys=0.00, real=0.01 secs] 
2014-07-09T15:52:05.830+0200: 33.441: [GC [PSYoungGen: 13778K->2529K(13824K)] 23802K->17619K(30208K), 0.0060431 secs] [Times: user=0.00 sys=0.00, real=0.01 secs] 
2014-07-09T15:52:05.836+0200: 33.448: [Full GC [PSYoungGen: 2529K->0K(13824K)] [ParOldGen: 15090K->7902K(16384K)] 17619K->7902K(30208K) [PSPermGen: 2474K->2474K(21504K)], 0.0147193 secs] [Times: user=0.02 sys=0.00, real=0.02 secs] 
2014-07-09T15:52:05.881+0200: 33.493: [GC [PSYoungGen: 11251K->2433K(13824K)] 19154K->10335K(30208K), 0.0022720 secs] [Times: user=0.00 sys=0.00, real=0.00 secs] 
2014-07-09T15:52:05.930+0200: 33.542: [GC [PSYoungGen: 13682K->2529K(13824K)] 21585K->13385K(30208K), 0.0069432 secs] [Times: user=0.03 sys=0.00, real=0.01 secs] 
2014-07-09T15:52:05.937+0200: 33.549: [Full GC [PSYoungGen: 2529K->0K(13824K)] [ParOldGen: 10856K->5926K(16384K)] 13385K->5926K(30208K) [PSPermGen: 2474K->2474K(21504K)], 0.0198278 secs] [Times: user=0.01 sys=0.00, real=0.02 secs] 
2014-07-09T15:52:05.980+0200: 33.592: [GC [PSYoungGen: 11251K->320K(13824K)] 17178K->6247K(30208K), 0.0007160 secs] [Times: user=0.00 sys=0.00, real=0.00 secs] 
2014-07-09T15:52:06.027+0200: 33.639: [GC [PSYoungGen: 11578K->1792K(13824K)] 17505K->7727K(30208K), 0.0228789 secs] [Times: user=0.02 sys=0.00, real=0.02 secs] 
2014-07-09T15:52:06.079+0200: 33.691: [GC [PSYoungGen: 13044K->2529K(13824K)] 18979K->10809K(30208K), 0.0032340 secs] [Times: user=0.00 sys=0.00, real=0.00 secs] 
2014-07-09T15:52:06.087+0200: 33.699: [GC [PSYoungGen: 13778K->2529K(13824K)] 22058K->16195K(30208K), 0.0061776 secs] [Times: user=0.03 sys=0.00, real=0.01 secs] 
2014-07-09T15:52:06.094+0200: 33.705: [Full GC [PSYoungGen: 2529K->0K(13824K)] [ParOldGen: 13666K->8223K(16384K)] 16195K->8223K(30208K) [PSPermGen: 2474K->2474K(21504K)], 0.0106985 secs] [Times: user=0.00 sys=0.00, real=0.01 secs] 
2014-07-09T15:52:06.178+0200: 33.790: [GC [PSYoungGen: 11251K->2529K(13824K)] 19474K->10976K(30208K), 0.0027482 secs] [Times: user=0.00 sys=0.00, real=0.00 secs] 
2014-07-09T15:52:06.193+0200: 33.804: [GC [PSYoungGen: 13778K->2529K(13824K)] 22226K->14250K(30208K), 0.0052248 secs] [Times: user=0.00 sys=0.00, real=0.00 secs] 
2014-07-09T15:52:06.198+0200: 33.810: [Full GC [PSYoungGen: 2529K->0K(13824K)] [ParOldGen: 11721K->6247K(16384K)] 14250K->6247K(30208K) [PSPermGen: 2474K->2474K(21504K)], 0.0102886 secs] [Times: user=0.03 sys=0.00, real=0.01 secs] 
2014-07-09T15:52:06.230+0200: 33.842: [GC [PSYoungGen: 11262K->800K(13824K)] 17509K->7047K(30208K), 0.0007717 secs] [Times: user=0.00 sys=0.00, real=0.00 secs] 
2014-07-09T15:52:06.281+0200: 33.892: [GC [PSYoungGen: 12049K->2145K(13824K)] 18296K->8400K(30208K), 0.0019325 secs] [Times: user=0.00 sys=0.00, real=0.00 secs] 
2014-07-09T15:52:06.333+0200: 33.945: [GC [PSYoungGen: 13394K->2529K(13824K)] 19649K->11449K(30208K), 0.0065175 secs] [Times: user=0.00 sys=0.00, real=0.01 secs] 
2014-07-09T15:52:06.382+0200: 33.994: [GC [PSYoungGen: 13778K->2529K(13824K)] 22699K->17124K(30208K), 0.0118189 secs] [Times: user=0.02 sys=0.00, real=0.01 secs] 
2014-07-09T15:52:06.395+0200: 34.006: [Full GC [PSYoungGen: 2529K->0K(13824K)] [ParOldGen: 14595K->8544K(16384K)] 17124K->8544K(30208K) [PSPermGen: 2474K->2474K(21504K)], 0.0186979 secs] [Times: user=0.02 sys=0.00, real=0.02 secs] 
2014-07-09T15:52:06.428+0200: 34.040: [GC [PSYoungGen: 11252K->2529K(13824K)] 19796K->11617K(30208K), 0.0022833 secs] [Times: user=0.00 sys=0.00, real=0.00 secs] 
2014-07-09T15:52:06.479+0200: 34.090: [GC [PSYoungGen: 13778K->2529K(13824K)] 22867K->15211K(30208K), 0.0048622 secs] [Times: user=0.03 sys=0.00, real=0.00 secs] 
2014-07-09T15:52:06.484+0200: 34.095: [Full GC [PSYoungGen: 2529K->0K(13824K)] [ParOldGen: 12682K->6568K(16384K)] 15211K->6568K(30208K) [PSPermGen: 2474K->2474K(21504K)], 0.0099708 secs] [Times: user=0.00 sys=0.00, real=0.01 secs] 
2014-07-09T15:52:06.499+0200: 34.111: [GC [PSYoungGen: 11263K->352K(13824K)] 17831K->6920K(30208K), 0.0009987 secs] [Times: user=0.00 sys=0.00, real=0.00 secs] 
2014-07-09T15:52:06.578+0200: 34.190: [GC [PSYoungGen: 11606K->2337K(13824K)] 18174K->8913K(30208K), 0.0017539 secs] [Times: user=0.00 sys=0.00, real=0.00 secs] 
2014-07-09T15:52:06.586+0200: 34.198: [GC [PSYoungGen: 13586K->2529K(13824K)] 20162K->11962K(30208K), 0.0047808 secs] [Times: user=0.03 sys=0.00, real=0.01 secs] 
2014-07-09T15:52:06.677+0200: 34.289: [GC [PSYoungGen: 13780K->224K(13824K)] 23214K->9665K(30208K), 0.0014834 secs] [Times: user=0.00 sys=0.00, real=0.00 secs] 
2014-07-09T15:52:06.687+0200: 34.299: [GC [PSYoungGen: 11473K->2529K(13824K)] 20915K->12715K(30208K), 0.0040992 secs] [Times: user=0.00 sys=0.00, real=0.00 secs] 
2014-07-09T15:52:06.730+0200: 34.342: [GC [PSYoungGen: 13784K->2529K(13824K)] 23970K->15476K(30208K), 0.0069171 secs] [Times: user=0.00 sys=0.02, real=0.01 secs] 
2014-07-09T15:52:06.738+0200: 34.350: [Full GC [PSYoungGen: 2529K->0K(13824K)] [ParOldGen: 12947K->5746K(16384K)] 15476K->5746K(30208K) [PSPermGen: 2474K->2474K(21504K)], 0.0222468 secs] [Times: user=0.01 sys=0.00, real=0.02 secs] 
2014-07-09T15:52:06.780+0200: 34.392: [GC [PSYoungGen: 11251K->96K(13824K)] 16998K->5842K(30208K), 0.0019006 secs] [Times: user=0.00 sys=0.00, real=0.00 secs] 
2014-07-09T15:52:06.829+0200: 34.441: [GC [PSYoungGen: 11345K->2529K(13824K)] 17092K->8924K(30208K), 0.0030690 secs] [Times: user=0.00 sys=0.00, real=0.00 secs] 
2014-07-09T15:52:06.879+0200: 34.491: [GC [PSYoungGen: 13778K->2529K(13824K)] 20173K->12613K(30208K), 0.0048336 secs] [Times: user=0.00 sys=0.00, real=0.01 secs] 
2014-07-09T15:52:06.927+0200: 34.539: [GC [PSYoungGen: 13778K->1056K(13824K)] 23863K->11149K(30208K), 0.0011010 secs] [Times: user=0.00 sys=0.00, real=0.00 secs] 
2014-07-09T15:52:06.978+0200: 34.590: [GC [PSYoungGen: 12305K->2529K(13824K)] 22398K->14198K(30208K), 0.0034532 secs] [Times: user=0.03 sys=0.00, real=0.00 secs] 
2014-07-09T15:52:06.982+0200: 34.593: [Full GC [PSYoungGen: 2529K->0K(13824K)] [ParOldGen: 11669K->4566K(16384K)] 14198K->4566K(30208K) [PSPermGen: 2474K->2474K(21504K)], 0.0107663 secs] [Times: user=0.00 sys=0.00, real=0.01 secs] 
2014-07-09T15:52:06.999+0200: 34.610: [GC [PSYoungGen: 11251K->2529K(13824K)] 15817K->11705K(30208K), 0.0055995 secs] [Times: user=0.00 sys=0.00, real=0.00 secs] 
2014-07-09T15:52:07.030+0200: 34.642: [GC [PSYoungGen: 13761K->2529K(13824K)] 22938K->17284K(30208K), 0.0182961 secs] [Times: user=0.02 sys=0.00, real=0.02 secs] 
2014-07-09T15:52:07.049+0200: 34.660: [Full GC [PSYoungGen: 2529K->0K(13824K)] [ParOldGen: 14755K->8418K(16384K)] 17284K->8418K(30208K) [PSPermGen: 2474K->2474K(21504K)], 0.0239685 secs] [Times: user=0.00 sys=0.00, real=0.02 secs] 
2014-07-09T15:52:07.087+0200: 34.699: [GC [PSYoungGen: 11251K->2529K(13824K)] 19669K->11331K(30208K), 0.0100573 secs] [Times: user=0.01 sys=0.00, real=0.01 secs] 
2014-07-09T15:52:07.128+0200: 34.740: [GC [PSYoungGen: 13778K->2529K(13824K)] 22581K->14797K(30208K), 0.0045652 secs] [Times: user=0.00 sys=0.00, real=0.00 secs] 
2014-07-09T15:52:07.133+0200: 34.745: [Full GC [PSYoungGen: 2529K->0K(13824K)] [ParOldGen: 12268K->6440K(16384K)] 14797K->6440K(30208K) [PSPermGen: 2474K->2474K(21504K)], 0.0091323 secs] [Times: user=0.02 sys=0.00, real=0.01 secs] 
2014-07-09T15:52:07.180+0200: 34.792: [GC [PSYoungGen: 11251K->832K(13824K)] 17692K->7273K(30208K), 0.0009613 secs] [Times: user=0.00 sys=0.00, real=0.00 secs] 
2014-07-09T15:52:07.229+0200: 34.841: [GC [PSYoungGen: 12081K->2529K(13824K)] 18522K->10322K(30208K), 0.0054037 secs] [Times: user=0.03 sys=0.00, real=0.00 secs] 
2014-07-09T15:52:07.281+0200: 34.892: [GC [PSYoungGen: 13784K->2529K(13824K)] 21577K->13692K(30208K), 0.0074975 secs] [Times: user=0.00 sys=0.00, real=0.01 secs] 
2014-07-09T15:52:07.288+0200: 34.900: [Full GC [PSYoungGen: 2529K->0K(13824K)] [ParOldGen: 11163K->6349K(16384K)] 13692K->6349K(30208K) [PSPermGen: 2474K->2474K(21504K)], 0.0201915 secs] [Times: user=0.06 sys=0.00, real=0.02 secs] 
2014-07-09T15:52:07.327+0200: 34.939: [GC [PSYoungGen: 11251K->736K(13824K)] 17601K->7085K(30208K), 0.0007413 secs] [Times: user=0.00 sys=0.00, real=0.00 secs] 
2014-07-09T15:52:07.379+0200: 34.991: [GC [PSYoungGen: 11985K->2529K(13824K)] 18335K->10135K(30208K), 0.0042114 secs] [Times: user=0.00 sys=0.00, real=0.00 secs] 
2014-07-09T15:52:07.392+0200: 35.004: [GC [PSYoungGen: 13780K->2529K(13824K)] 21386K->14433K(30208K), 0.0063687 secs] [Times: user=0.00 sys=0.00, real=0.01 secs] 
2014-07-09T15:52:07.399+0200: 35.011: [Full GC [PSYoungGen: 2529K->0K(13824K)] [ParOldGen: 11904K->7137K(16384K)] 14433K->7137K(30208K) [PSPermGen: 2474K->2474K(21504K)], 0.0140326 secs] [Times: user=0.03 sys=0.00, real=0.01 secs] 
2014-07-09T15:52:07.478+0200: 35.090: [GC [PSYoungGen: 11249K->1664K(13824K)] 18387K->8802K(30208K), 0.0021972 secs] [Times: user=0.03 sys=0.00, real=0.00 secs] 
2014-07-09T15:52:07.491+0200: 35.103: [GC [PSYoungGen: 12916K->2529K(13824K)] 20054K->11852K(30208K), 0.0061949 secs] [Times: user=0.03 sys=0.00, real=0.01 secs] 
2014-07-09T15:52:07.530+0200: 35.142: [GC [PSYoungGen: 13761K->2529K(13824K)] 23084K->15381K(30208K), 0.0078539 secs] [Times: user=0.00 sys=0.00, real=0.01 secs] 
2014-07-09T15:52:07.539+0200: 35.150: [Full GC [PSYoungGen: 2529K->0K(13824K)] [ParOldGen: 12852K->6505K(16384K)] 15381K->6505K(30208K) [PSPermGen: 2474K->2474K(21504K)], 0.0152810 secs] [Times: user=0.03 sys=0.00, real=0.01 secs] 
2014-07-09T15:52:07.580+0200: 35.192: [GC [PSYoungGen: 11251K->896K(13824K)] 17757K->7402K(30208K), 0.0011024 secs] [Times: user=0.00 sys=0.00, real=0.00 secs] 
2014-07-09T15:52:07.630+0200: 35.242: [GC [PSYoungGen: 12145K->2529K(13824K)] 18651K->10419K(30208K), 0.0043702 secs] [Times: user=0.00 sys=0.00, real=0.00 secs] 
2014-07-09T15:52:07.679+0200: 35.290: [GC [PSYoungGen: 13780K->2529K(13824K)] 21671K->14877K(30208K), 0.0055467 secs] [Times: user=0.03 sys=0.00, real=0.01 secs] 
2014-07-09T15:52:07.684+0200: 35.296: [Full GC [PSYoungGen: 2529K->0K(13824K)] [ParOldGen: 12348K->7298K(16384K)] 14877K->7298K(30208K) [PSPermGen: 2474K->2474K(21504K)], 0.0100492 secs] [Times: user=0.00 sys=0.00, real=0.01 secs] 
2014-07-09T15:52:07.728+0200: 35.340: [GC [PSYoungGen: 11249K->1824K(13824K)] 18548K->9123K(30208K), 0.0025891 secs] [Times: user=0.03 sys=0.00, real=0.00 secs] 
2014-07-09T15:52:07.778+0200: 35.390: [GC [PSYoungGen: 13085K->2529K(13824K)] 20384K->10636K(30208K), 0.0019475 secs] [Times: user=0.00 sys=0.00, real=0.00 secs] 
2014-07-09T15:52:07.786+0200: 35.398: [GC [PSYoungGen: 13780K->2529K(13824K)] 21888K->14486K(30208K), 0.0053725 secs] [Times: user=0.03 sys=0.00, real=0.00 secs] 
2014-07-09T15:52:07.791+0200: 35.403: [Full GC [PSYoungGen: 2529K->0K(13824K)] [ParOldGen: 11957K->6825K(16384K)] 14486K->6825K(30208K) [PSPermGen: 2474K->2474K(21504K)], 0.0123245 secs] [Times: user=0.00 sys=0.00, real=0.01 secs] 
2014-07-09T15:52:07.877+0200: 35.489: [GC [PSYoungGen: 11249K->1184K(13824K)] 18075K->8010K(30208K), 0.0016216 secs] [Times: user=0.00 sys=0.00, real=0.00 secs] 
2014-07-09T15:52:07.884+0200: 35.496: [GC [PSYoungGen: 12436K->2529K(13824K)] 19261K->11091K(30208K), 0.0035031 secs] [Times: user=0.00 sys=0.01, real=0.00 secs] 
2014-07-09T15:52:07.929+0200: 35.541: [GC [PSYoungGen: 13778K->2529K(13824K)] 22341K->15869K(30208K), 0.0060878 secs] [Times: user=0.03 sys=0.00, real=0.01 secs] 
2014-07-09T15:52:07.935+0200: 35.547: [Full GC [PSYoungGen: 2529K->0K(13824K)] [ParOldGen: 13340K->7619K(16384K)] 15869K->7619K(30208K) [PSPermGen: 2474K->2474K(21504K)], 0.0145374 secs] [Times: user=0.03 sys=0.00, real=0.02 secs] 
2014-07-09T15:52:07.981+0200: 35.593: [GC [PSYoungGen: 11251K->2145K(13824K)] 18871K->9764K(30208K), 0.0018793 secs] [Times: user=0.00 sys=0.00, real=0.00 secs] 
2014-07-09T15:52:08.028+0200: 35.640: [GC [PSYoungGen: 13403K->2529K(13824K)] 21023K->11277K(30208K), 0.0023369 secs] [Times: user=0.00 sys=0.00, real=0.00 secs] 
2014-07-09T15:52:08.080+0200: 35.692: [GC [PSYoungGen: 13780K->2529K(13824K)] 22528K->15415K(30208K), 0.1439442 secs] [Times: user=0.08 sys=0.00, real=0.14 secs] 
2014-07-09T15:52:08.224+0200: 35.836: [Full GC [PSYoungGen: 2529K->0K(13824K)] [ParOldGen: 12886K->7145K(16384K)] 15415K->7145K(30208K) [PSPermGen: 2474K->2474K(21504K)], 0.0124139 secs] [Times: user=0.03 sys=0.00, real=0.01 secs] 
2014-07-09T15:52:08.243+0200: 35.855: [GC [PSYoungGen: 11249K->1504K(13824K)] 18395K->8650K(30208K), 0.0133213 secs] [Times: user=0.02 sys=0.00, real=0.01 secs] 
2014-07-09T15:52:08.261+0200: 35.873: [GC [PSYoungGen: 12756K->2529K(13824K)] 19901K->11731K(30208K), 0.0035185 secs] [Times: user=0.00 sys=0.00, real=0.00 secs] 
2014-07-09T15:52:08.270+0200: 35.882: [GC [PSYoungGen: 13778K->2529K(13824K)] 22981K->16830K(30208K), 0.0057590 secs] [Times: user=0.03 sys=0.00, real=0.01 secs] 
2014-07-09T15:52:08.276+0200: 35.888: [Full GC [PSYoungGen: 2529K->0K(13824K)] [ParOldGen: 14301K->7940K(16384K)] 16830K->7940K(30208K) [PSPermGen: 2474K->2474K(21504K)], 0.0141734 secs] [Times: user=0.00 sys=0.00, real=0.01 secs] 
2014-07-09T15:52:08.296+0200: 35.908: [GC [PSYoungGen: 11254K->1440K(13824K)] 19195K->9381K(30208K), 0.0012055 secs] [Times: user=0.00 sys=0.00, real=0.00 secs] 
2014-07-09T15:52:08.302+0200: 35.914: [GC [PSYoungGen: 12692K->2529K(13824K)] 20632K->12430K(30208K), 0.0037176 secs] [Times: user=0.02 sys=0.00, real=0.00 secs] 
2014-07-09T15:52:08.329+0200: 35.941: [GC [PSYoungGen: 13778K->2529K(13824K)] 23680K->17432K(30208K), 0.0067034 secs] [Times: user=0.00 sys=0.00, real=0.01 secs] 
2014-07-09T15:52:08.336+0200: 35.948: [Full GC [PSYoungGen: 2529K->0K(13824K)] [ParOldGen: 14903K->7977K(16384K)] 17432K->7977K(30208K) [PSPermGen: 2474K->2474K(21504K)], 0.0102901 secs] [Times: user=0.02 sys=0.00, real=0.01 secs] 
2014-07-09T15:52:08.381+0200: 35.993: [GC [PSYoungGen: 11251K->2369K(13824K)] 19229K->10346K(30208K), 0.0018097 secs] [Times: user=0.00 sys=0.00, real=0.00 secs] 
2014-07-09T15:52:08.431+0200: 36.043: [GC [PSYoungGen: 13618K->2529K(13824K)] 21596K->13396K(30208K), 0.0072152 secs] [Times: user=0.00 sys=0.00, real=0.01 secs] 
2014-07-09T15:52:08.438+0200: 36.050: [Full GC [PSYoungGen: 2529K->0K(13824K)] [ParOldGen: 10866K->5867K(16384K)] 13396K->5867K(30208K) [PSPermGen: 2474K->2474K(21504K)], 0.0147640 secs] [Times: user=0.02 sys=0.00, real=0.02 secs] 
2014-07-09T15:52:08.480+0200: 36.092: [GC [PSYoungGen: 11259K->288K(13824K)] 17127K->6155K(30208K), 0.0007981 secs] [Times: user=0.00 sys=0.00, real=0.00 secs] 
2014-07-09T15:52:08.527+0200: 36.139: [GC [PSYoungGen: 11520K->1088K(13824K)] 17387K->6964K(30208K), 0.0009048 secs] [Times: user=0.00 sys=0.00, real=0.00 secs] 
2014-07-09T15:52:08.579+0200: 36.191: [GC [PSYoungGen: 12337K->2529K(13824K)] 18213K->9981K(30208K), 0.0068467 secs] [Times: user=0.00 sys=0.00, real=0.01 secs] 
2014-07-09T15:52:08.595+0200: 36.207: [GC [PSYoungGen: 13778K->2529K(13824K)] 21231K->14631K(30208K), 0.0054330 secs] [Times: user=0.00 sys=0.00, real=0.01 secs] 
2014-07-09T15:52:08.601+0200: 36.213: [Full GC [PSYoungGen: 2529K->0K(13824K)] [ParOldGen: 12102K->7493K(16384K)] 14631K->7493K(30208K) [PSPermGen: 2474K->2474K(21504K)], 0.0175383 secs] [Times: user=0.06 sys=0.00, real=0.02 secs] 
2014-07-09T15:52:08.678+0200: 36.290: [GC [PSYoungGen: 11249K->2016K(13824K)] 18743K->9510K(30208K), 0.0025392 secs] [Times: user=0.02 sys=0.00, real=0.00 secs] 
2014-07-09T15:52:08.690+0200: 36.302: [GC [PSYoungGen: 13268K->2529K(13824K)] 20762K->12528K(30208K), 0.0078557 secs] [Times: user=0.02 sys=0.00, real=0.01 secs] 
2014-07-09T15:52:08.731+0200: 36.342: [GC [PSYoungGen: 13784K->2529K(13824K)] 23783K->17082K(30208K), 0.0051445 secs] [Times: user=0.00 sys=0.00, real=0.01 secs] 
2014-07-09T15:52:08.736+0200: 36.348: [Full GC [PSYoungGen: 2529K->0K(13824K)] [ParOldGen: 14553K->7529K(16384K)] 17082K->7529K(30208K) [PSPermGen: 2474K->2474K(21504K)], 0.0111469 secs] [Times: user=0.03 sys=0.00, real=0.01 secs] 
2014-07-09T15:52:08.784+0200: 36.396: [GC [PSYoungGen: 11249K->1920K(13824K)] 18778K->9450K(30208K), 0.0028366 secs] [Times: user=0.00 sys=0.00, real=0.00 secs] 
2014-07-09T15:52:08.830+0200: 36.442: [GC [PSYoungGen: 13172K->2529K(13824K)] 20701K->12499K(30208K), 0.0063852 secs] [Times: user=0.00 sys=0.00, real=0.01 secs] 
2014-07-09T15:52:08.882+0200: 36.494: [GC [PSYoungGen: 13778K->2529K(13824K)] 23749K->17982K(30208K), 0.0101137 secs] [Times: user=0.03 sys=0.00, real=0.01 secs] 
2014-07-09T15:52:08.892+0200: 36.504: [Full GC [PSYoungGen: 2529K->0K(13824K)] [ParOldGen: 15453K->8326K(16384K)] 17982K->8326K(30208K) [PSPermGen: 2474K->2474K(21504K)], 0.0158654 secs] [Times: user=0.02 sys=0.00, real=0.02 secs] 
2014-07-09T15:52:08.951+0200: 36.563: [GC [PSYoungGen: 11251K->2529K(13824K)] 19577K->11143K(30208K), 0.0235711 secs] [Times: user=0.00 sys=0.00, real=0.02 secs] 
2014-07-09T15:52:08.980+0200: 36.592: [GC [PSYoungGen: 13778K->2529K(13824K)] 22393K->14513K(30208K), 0.0061795 secs] [Times: user=0.00 sys=0.00, real=0.01 secs] 
2014-07-09T15:52:08.986+0200: 36.598: [Full GC [PSYoungGen: 2529K->0K(13824K)] [ParOldGen: 11984K->6343K(16384K)] 14513K->6343K(30208K) [PSPermGen: 2474K->2474K(21504K)], 0.0210542 secs] [Times: user=0.02 sys=0.00, real=0.02 secs] 
2014-07-09T15:52:09.012+0200: 36.624: [GC [PSYoungGen: 11257K->256K(13824K)] 17600K->6599K(30208K), 0.0006720 secs] [Times: user=0.00 sys=0.00, real=0.00 secs] 
2014-07-09T15:52:09.077+0200: 36.689: [GC [PSYoungGen: 11510K->2241K(13824K)] 17853K->8592K(30208K), 0.0010266 secs] [Times: user=0.00 sys=0.00, real=0.00 secs] 
2014-07-09T15:52:09.083+0200: 36.695: [GC [PSYoungGen: 13490K->2529K(13824K)] 19841K->11641K(30208K), 0.0047020 secs] [Times: user=0.01 sys=0.00, real=0.01 secs] 
2014-07-09T15:52:09.177+0200: 36.789: [GC [PSYoungGen: 13780K->128K(13824K)] 22893K->9248K(30208K), 0.0013023 secs] [Times: user=0.00 sys=0.00, real=0.00 secs] 
2014-07-09T15:52:09.188+0200: 36.800: [GC [PSYoungGen: 11377K->2529K(13824K)] 20497K->12297K(30208K), 0.0040519 secs] [Times: user=0.00 sys=0.00, real=0.00 secs] 
2014-07-09T15:52:09.231+0200: 36.843: [GC [PSYoungGen: 13778K->2529K(13824K)] 23547K->15987K(30208K), 0.0077780 secs] [Times: user=0.00 sys=0.00, real=0.01 secs] 
2014-07-09T15:52:09.239+0200: 36.851: [Full GC [PSYoungGen: 2529K->0K(13824K)] [ParOldGen: 13458K->6672K(16384K)] 15987K->6672K(30208K) [PSPermGen: 2474K->2474K(21504K)], 0.0400150 secs] [Times: user=0.06 sys=0.00, real=0.04 secs] 
2014-07-09T15:52:09.286+0200: 36.898: [GC [PSYoungGen: 11258K->2529K(13824K)] 17931K->14356K(30208K), 0.0060941 secs] [Times: user=0.02 sys=0.00, real=0.01 secs] 
2014-07-09T15:52:09.292+0200: 36.904: [Full GC [PSYoungGen: 2529K->0K(13824K)] [ParOldGen: 11827K->8039K(16384K)] 14356K->8039K(30208K) [PSPermGen: 2474K->2474K(21504K)], 0.0133309 secs] [Times: user=0.02 sys=0.00, real=0.01 secs] 
2014-07-09T15:52:09.327+0200: 36.939: [GC [PSYoungGen: 11251K->2529K(13824K)] 19290K->10600K(30208K), 0.0011758 secs] [Times: user=0.00 sys=0.00, real=0.00 secs] 
2014-07-09T15:52:09.380+0200: 36.992: [GC [PSYoungGen: 13778K->2529K(13824K)] 21849K->13681K(30208K), 0.0075793 secs] [Times: user=0.03 sys=0.00, real=0.01 secs] 
2014-07-09T15:52:09.388+0200: 37.000: [Full GC [PSYoungGen: 2529K->0K(13824K)] [ParOldGen: 11152K->6056K(16384K)] 13681K->6056K(30208K) [PSPermGen: 2474K->2474K(21504K)], 0.0199202 secs] [Times: user=0.02 sys=0.00, real=0.02 secs] 
2014-07-09T15:52:09.427+0200: 37.039: [GC [PSYoungGen: 11251K->448K(13824K)] 17307K->6504K(30208K), 0.0007923 secs] [Times: user=0.00 sys=0.00, real=0.00 secs] 
2014-07-09T15:52:09.479+0200: 37.091: [GC [PSYoungGen: 11697K->2529K(13824K)] 17753K->9553K(30208K), 0.0035621 secs] [Times: user=0.00 sys=0.00, real=0.00 secs] 
2014-07-09T15:52:09.493+0200: 37.105: [GC [PSYoungGen: 13780K->2529K(13824K)] 20805K->13563K(30208K), 0.0062411 secs] [Times: user=0.00 sys=0.00, real=0.01 secs] 
2014-07-09T15:52:09.499+0200: 37.111: [Full GC [PSYoungGen: 2529K->0K(13824K)] [ParOldGen: 11034K->6854K(16384K)] 13563K->6854K(30208K) [PSPermGen: 2474K->2474K(21504K)], 0.0138551 secs] [Times: user=0.02 sys=0.00, real=0.01 secs] 
2014-07-09T15:52:09.529+0200: 37.141: [GC [PSYoungGen: 11232K->2529K(13824K)] 18087K->14730K(30208K), 0.0059060 secs] [Times: user=0.00 sys=0.00, real=0.01 secs] 
2014-07-09T15:52:09.535+0200: 37.147: [Full GC [PSYoungGen: 2529K->0K(13824K)] [ParOldGen: 12201K->8200K(16384K)] 14730K->8200K(30208K) [PSPermGen: 2474K->2474K(21504K)], 0.0105049 secs] [Times: user=0.02 sys=0.00, real=0.01 secs] 
2014-07-09T15:52:09.581+0200: 37.193: [GC [PSYoungGen: 11251K->2529K(13824K)] 19451K->10921K(30208K), 0.0020670 secs] [Times: user=0.00 sys=0.00, real=0.00 secs] 
2014-07-09T15:52:09.630+0200: 37.242: [GC [PSYoungGen: 13778K->2529K(13824K)] 22171K->14163K(30208K), 0.0074396 secs] [Times: user=0.03 sys=0.00, real=0.01 secs] 
2014-07-09T15:52:09.638+0200: 37.250: [Full GC [PSYoungGen: 2529K->0K(13824K)] [ParOldGen: 11634K->6216K(16384K)] 14163K->6216K(30208K) [PSPermGen: 2474K->2474K(21504K)], 0.0149220 secs] [Times: user=0.02 sys=0.00, real=0.02 secs] 
2014-07-09T15:52:09.680+0200: 37.292: [GC [PSYoungGen: 11251K->608K(13824K)] 17468K->6824K(30208K), 0.0012256 secs] [Times: user=0.00 sys=0.00, real=0.00 secs] 
2014-07-09T15:52:09.728+0200: 37.340: [GC [PSYoungGen: 11857K->2529K(13824K)] 18074K->9874K(30208K), 0.0029330 secs] [Times: user=0.00 sys=0.00, real=0.00 secs] 
2014-07-09T15:52:09.781+0200: 37.393: [GC [PSYoungGen: 13784K->2529K(13824K)] 21129K->13020K(30208K), 0.0040479 secs] [Times: user=0.00 sys=0.00, real=0.00 secs] 
2014-07-09T15:52:09.785+0200: 37.397: [Full GC [PSYoungGen: 2529K->0K(13824K)] [ParOldGen: 10490K->6125K(16384K)] 13020K->6125K(30208K) [PSPermGen: 2474K->2474K(21504K)], 0.0088401 secs] [Times: user=0.03 sys=0.00, real=0.01 secs] 
2014-07-09T15:52:09.827+0200: 37.439: [GC [PSYoungGen: 11251K->512K(13824K)] 17376K->6637K(30208K), 0.0005510 secs] [Times: user=0.00 sys=0.00, real=0.00 secs] 
2014-07-09T15:52:09.879+0200: 37.491: [GC [PSYoungGen: 11761K->2529K(13824K)] 17887K->9687K(30208K), 0.0047379 secs] [Times: user=0.03 sys=0.00, real=0.01 secs] 
2014-07-09T15:52:09.889+0200: 37.501: [GC [PSYoungGen: 13780K->2529K(13824K)] 20938K->13761K(30208K), 0.0055027 secs] [Times: user=0.00 sys=0.00, real=0.01 secs] 
2014-07-09T15:52:09.895+0200: 37.507: [Full GC [PSYoungGen: 2529K->0K(13824K)] [ParOldGen: 11231K->6919K(16384K)] 13761K->6919K(30208K) [PSPermGen: 2474K->2474K(21504K)], 0.0138383 secs] [Times: user=0.03 sys=0.00, real=0.01 secs] 
2014-07-09T15:52:09.978+0200: 37.590: [GC [PSYoungGen: 11249K->1440K(13824K)] 18169K->8360K(30208K), 0.0019292 secs] [Times: user=0.00 sys=0.00, real=0.00 secs] 
2014-07-09T15:52:09.989+0200: 37.601: [GC [PSYoungGen: 12701K->2529K(13824K)] 19621K->9873K(30208K), 0.0044670 secs] [Times: user=0.03 sys=0.00, real=0.00 secs] 
2014-07-09T15:52:10.029+0200: 37.641: [GC [PSYoungGen: 13784K->2529K(13824K)] 21128K->12826K(30208K), 0.0044439 secs] [Times: user=0.00 sys=0.00, real=0.00 secs] 
2014-07-09T15:52:10.033+0200: 37.645: [Full GC [PSYoungGen: 2529K->0K(13824K)] [ParOldGen: 10297K->5929K(16384K)] 12826K->5929K(30208K) [PSPermGen: 2474K->2474K(21504K)], 0.1113383 secs] [Times: user=0.08 sys=0.00, real=0.11 secs] 
2014-07-09T15:52:10.150+0200: 37.762: [GC [PSYoungGen: 11251K->320K(13824K)] 17181K->6249K(30208K), 0.0007032 secs] [Times: user=0.00 sys=0.00, real=0.00 secs] 
2014-07-09T15:52:10.156+0200: 37.767: [GC [PSYoungGen: 11569K->2529K(13824K)] 17499K->9299K(30208K), 0.0028413 secs] [Times: user=0.00 sys=0.00, real=0.00 secs] 
2014-07-09T15:52:10.179+0200: 37.791: [GC [PSYoungGen: 13780K->2529K(13824K)] 20550K->13181K(30208K), 0.0047276 secs] [Times: user=0.00 sys=0.00, real=0.00 secs] 
2014-07-09T15:52:10.184+0200: 37.796: [Full GC [PSYoungGen: 2529K->0K(13824K)] [ParOldGen: 10651K->6728K(16384K)] 13181K->6728K(30208K) [PSPermGen: 2474K->2474K(21504K)], 0.0097838 secs] [Times: user=0.00 sys=0.00, real=0.01 secs] 
2014-07-09T15:52:10.227+0200: 37.839: [GC [PSYoungGen: 11254K->224K(13824K)] 17983K->6952K(30208K), 0.0005485 secs] [Times: user=0.00 sys=0.00, real=0.00 secs] 
2014-07-09T15:52:10.278+0200: 37.890: [GC [PSYoungGen: 11473K->2529K(13824K)] 18202K->10002K(30208K), 0.0036263 secs] [Times: user=0.00 sys=0.00, real=0.00 secs] 
2014-07-09T15:52:10.293+0200: 37.905: [GC [PSYoungGen: 13780K->2529K(13824K)] 21253K->13788K(30208K), 0.0077721 secs] [Times: user=0.00 sys=0.00, real=0.01 secs] 
2014-07-09T15:52:10.301+0200: 37.913: [Full GC [PSYoungGen: 2529K->0K(13824K)] [ParOldGen: 11259K->6760K(16384K)] 13788K->6760K(30208K) [PSPermGen: 2474K->2474K(21504K)], 0.0127853 secs] [Times: user=0.03 sys=0.00, real=0.01 secs] 
2014-07-09T15:52:10.377+0200: 37.989: [GC [PSYoungGen: 11249K->1152K(13824K)] 18010K->7913K(30208K), 0.0006926 secs] [Times: user=0.00 sys=0.00, real=0.00 secs] 
2014-07-09T15:52:10.382+0200: 37.994: [GC [PSYoungGen: 12404K->2529K(13824K)] 19164K->10962K(30208K), 0.0036861 secs] [Times: user=0.00 sys=0.00, real=0.00 secs] 
2014-07-09T15:52:10.431+0200: 38.043: [GC [PSYoungGen: 13778K->2529K(13824K)] 22212K->15677K(30208K), 0.0094285 secs] [Times: user=0.00 sys=0.00, real=0.01 secs] 
2014-07-09T15:52:10.441+0200: 38.053: [Full GC [PSYoungGen: 2529K->0K(13824K)] [ParOldGen: 13148K->7561K(16384K)] 15677K->7561K(30208K) [PSPermGen: 2474K->2474K(21504K)], 0.0203793 secs] [Times: user=0.06 sys=0.00, real=0.02 secs] 
2014-07-09T15:52:10.481+0200: 38.093: [GC [PSYoungGen: 11249K->2080K(13824K)] 18810K->9642K(30208K), 0.0018126 secs] [Times: user=0.00 sys=0.00, real=0.00 secs] 
2014-07-09T15:52:10.529+0200: 38.141: [GC [PSYoungGen: 13344K->2529K(13824K)] 20905K->11026K(30208K), 0.0037403 secs] [Times: user=0.00 sys=0.00, real=0.00 secs] 
2014-07-09T15:52:10.580+0200: 38.192: [GC [PSYoungGen: 13780K->2529K(13824K)] 22278K->15004K(30208K), 0.0088914 secs] [Times: user=0.03 sys=0.00, real=0.01 secs] 
2014-07-09T15:52:10.590+0200: 38.202: [Full GC [PSYoungGen: 2529K->0K(13824K)] [ParOldGen: 12475K->6954K(16384K)] 15004K->6954K(30208K) [PSPermGen: 2474K->2474K(21504K)], 0.0198825 secs] [Times: user=0.02 sys=0.00, real=0.02 secs] 
2014-07-09T15:52:10.627+0200: 38.239: [GC [PSYoungGen: 11249K->1344K(13824K)] 18203K->8298K(30208K), 0.0011780 secs] [Times: user=0.00 sys=0.00, real=0.00 secs] 
2014-07-09T15:52:10.678+0200: 38.290: [GC [PSYoungGen: 12596K->2529K(13824K)] 19550K->11348K(30208K), 0.0030188 secs] [Times: user=0.00 sys=0.00, real=0.00 secs] 
2014-07-09T15:52:10.687+0200: 38.299: [GC [PSYoungGen: 13778K->2529K(13824K)] 22597K->16254K(30208K), 0.0060116 secs] [Times: user=0.02 sys=0.00, real=0.01 secs] 
2014-07-09T15:52:10.693+0200: 38.305: [Full GC [PSYoungGen: 2529K->0K(13824K)] [ParOldGen: 13725K->7754K(16384K)] 16254K->7754K(30208K) [PSPermGen: 2474K->2474K(21504K)], 0.0143149 secs] [Times: user=0.00 sys=0.00, real=0.01 secs] 
2014-07-09T15:52:10.778+0200: 38.390: [GC [PSYoungGen: 11260K->736K(13824K)] 19015K->8490K(30208K), 0.0016231 secs] [Times: user=0.00 sys=0.00, real=0.00 secs] 
2014-07-09T15:52:10.788+0200: 38.400: [GC [PSYoungGen: 11985K->2529K(13824K)] 19740K->11540K(30208K), 0.0054653 secs] [Times: user=0.00 sys=0.00, real=0.00 secs] 
2014-07-09T15:52:10.831+0200: 38.443: [GC [PSYoungGen: 13780K->2529K(13824K)] 22791K->15838K(30208K), 0.0085790 secs] [Times: user=0.03 sys=0.00, real=0.01 secs] 
2014-07-09T15:52:10.840+0200: 38.452: [Full GC [PSYoungGen: 2529K->0K(13824K)] [ParOldGen: 13309K->7273K(16384K)] 15838K->7273K(30208K) [PSPermGen: 2474K->2474K(21504K)], 0.0147915 secs] [Times: user=0.01 sys=0.00, real=0.02 secs] 
2014-07-09T15:52:10.882+0200: 38.494: [GC [PSYoungGen: 11249K->1632K(13824K)] 18523K->8906K(30208K), 0.0017279 secs] [Times: user=0.00 sys=0.00, real=0.00 secs] 
2014-07-09T15:52:10.928+0200: 38.540: [GC [PSYoungGen: 12884K->2529K(13824K)] 20158K->11988K(30208K), 0.0032186 secs] [Times: user=0.00 sys=0.00, real=0.00 secs] 
2014-07-09T15:52:10.982+0200: 38.594: [GC [PSYoungGen: 13778K->2529K(13824K)] 23237K->17182K(30208K), 0.0106208 secs] [Times: user=0.03 sys=0.00, real=0.01 secs] 
2014-07-09T15:52:10.993+0200: 38.605: [Full GC [PSYoungGen: 2529K->0K(13824K)] [ParOldGen: 14653K->8075K(16384K)] 17182K->8075K(30208K) [PSPermGen: 2474K->2474K(21504K)], 0.0154635 secs] [Times: user=0.03 sys=0.00, real=0.02 secs] 
2014-07-09T15:52:11.027+0200: 38.639: [GC [PSYoungGen: 11260K->1056K(13824K)] 19335K->9131K(30208K), 0.0006680 secs] [Times: user=0.00 sys=0.00, real=0.00 secs] 
2014-07-09T15:52:11.078+0200: 38.690: [GC [PSYoungGen: 12305K->2529K(13824K)] 20381K->12149K(30208K), 0.0033345 secs] [Times: user=0.00 sys=0.00, real=0.00 secs] 
2014-07-09T15:52:11.088+0200: 38.700: [GC [PSYoungGen: 13780K->2529K(13824K)] 23400K->16735K(30208K), 0.0145796 secs] [Times: user=0.02 sys=0.00, real=0.01 secs] 
2014-07-09T15:52:11.103+0200: 38.715: [Full GC [PSYoungGen: 2529K->0K(13824K)] [ParOldGen: 14206K->7594K(16384K)] 16735K->7594K(30208K) [PSPermGen: 2474K->2474K(21504K)], 0.0093995 secs] [Times: user=0.00 sys=0.00, real=0.01 secs] 
2014-07-09T15:52:11.177+0200: 38.789: [GC [PSYoungGen: 11249K->1984K(13824K)] 18844K->9579K(30208K), 0.0012165 secs] [Times: user=0.00 sys=0.00, real=0.00 secs] 
2014-07-09T15:52:11.184+0200: 38.796: [GC [PSYoungGen: 13236K->2529K(13824K)] 20831K->12629K(30208K), 0.0043511 secs] [Times: user=0.00 sys=0.00, real=0.00 secs] 
2014-07-09T15:52:11.231+0200: 38.842: [GC [PSYoungGen: 13778K->2529K(13824K)] 23878K->18176K(30208K), 0.0064823 secs] [Times: user=0.00 sys=0.00, real=0.01 secs] 
2014-07-09T15:52:11.237+0200: 38.848: [Full GC [PSYoungGen: 2529K->0K(13824K)] [ParOldGen: 15646K->8395K(16384K)] 18176K->8395K(30208K) [PSPermGen: 2474K->2474K(21504K)], 0.0150071 secs] [Times: user=0.03 sys=0.00, real=0.02 secs] 
2014-07-09T15:52:11.281+0200: 38.892: [GC [PSYoungGen: 11254K->1856K(13824K)] 19650K->10252K(30208K), 0.0024502 secs] [Times: user=0.00 sys=0.00, real=0.00 secs] 
2014-07-09T15:52:11.329+0200: 38.940: [GC [PSYoungGen: 13108K->2529K(13824K)] 21504K->13334K(30208K), 0.0042129 secs] [Times: user=0.02 sys=0.00, real=0.00 secs] 
2014-07-09T15:52:11.333+0200: 38.944: [Full GC [PSYoungGen: 2529K->0K(13824K)] [ParOldGen: 10805K->5383K(16384K)] 13334K->5383K(30208K) [PSPermGen: 2474K->2474K(21504K)], 0.0120360 secs] [Times: user=0.00 sys=0.00, real=0.01 secs] 
2014-07-09T15:52:11.379+0200: 38.990: [GC [PSYoungGen: 11249K->2529K(13824K)] 16632K->13355K(30208K), 0.0061105 secs] [Times: user=0.03 sys=0.00, real=0.01 secs] 
2014-07-09T15:52:11.386+0200: 38.997: [Full GC [PSYoungGen: 2529K->0K(13824K)] [ParOldGen: 10825K->8299K(16384K)] 13355K->8299K(30208K) [PSPermGen: 2474K->2474K(21504K)], 0.0106523 secs] [Times: user=0.03 sys=0.00, real=0.01 secs] 
2014-07-09T15:52:11.427+0200: 39.038: [GC [PSYoungGen: 11251K->2529K(13824K)] 19551K->11085K(30208K), 0.0021946 secs] [Times: user=0.00 sys=0.00, real=0.00 secs] 
2014-07-09T15:52:11.480+0200: 39.091: [GC [PSYoungGen: 13778K->2529K(13824K)] 22334K->14422K(30208K), 0.0076852 secs] [Times: user=0.00 sys=0.00, real=0.01 secs] 
2014-07-09T15:52:11.488+0200: 39.099: [Full GC [PSYoungGen: 2529K->0K(13824K)] [ParOldGen: 11893K->6311K(16384K)] 14422K->6311K(30208K) [PSPermGen: 2474K->2474K(21504K)], 0.0204383 secs] [Times: user=0.06 sys=0.00, real=0.02 secs] 
2014-07-09T15:52:11.513+0200: 39.124: [GC [PSYoungGen: 11233K->2529K(13824K)] 17544K->14026K(30208K), 0.0065813 secs] [Times: user=0.00 sys=0.00, real=0.01 secs] 
2014-07-09T15:52:11.520+0200: 39.131: [Full GC [PSYoungGen: 2529K->0K(13824K)] [ParOldGen: 11497K->8045K(16384K)] 14026K->8045K(30208K) [PSPermGen: 2474K->2474K(21504K)], 0.0125214 secs] [Times: user=0.03 sys=0.00, real=0.01 secs] 
2014-07-09T15:52:11.577+0200: 39.188: [GC [PSYoungGen: 11254K->1536K(13824K)] 19300K->9582K(30208K), 0.0008106 secs] [Times: user=0.00 sys=0.00, real=0.00 secs] 
2014-07-09T15:52:11.583+0200: 39.194: [GC [PSYoungGen: 12788K->2529K(13824K)] 20833K->12631K(30208K), 0.0038364 secs] [Times: user=0.00 sys=0.00, real=0.00 secs] 
2014-07-09T15:52:11.587+0200: 39.198: [Full GC [PSYoungGen: 2529K->0K(13824K)] [ParOldGen: 10102K->5032K(16384K)] 12631K->5032K(30208K) [PSPermGen: 2474K->2474K(21504K)], 0.0083129 secs] [Times: user=0.00 sys=0.00, real=0.01 secs] 
2014-07-09T15:52:11.631+0200: 39.242: [GC [PSYoungGen: 11249K->2529K(13824K)] 16282K->12652K(30208K), 0.0097970 secs] [Times: user=0.00 sys=0.00, real=0.01 secs] 
2014-07-09T15:52:11.641+0200: 39.252: [Full GC [PSYoungGen: 2529K->0K(13824K)] [ParOldGen: 10123K->7949K(16384K)] 12652K->7949K(30208K) [PSPermGen: 2474K->2474K(21504K)], 0.0204665 secs] [Times: user=0.06 sys=0.00, real=0.02 secs] 
2014-07-09T15:52:11.681+0200: 39.292: [GC [PSYoungGen: 11251K->2465K(13824K)] 19200K->10414K(30208K), 0.0019226 secs] [Times: user=0.00 sys=0.00, real=0.00 secs] 
2014-07-09T15:52:11.730+0200: 39.341: [GC [PSYoungGen: 13720K->2529K(13824K)] 21669K->12439K(30208K), 0.0056563 secs] [Times: user=0.00 sys=0.00, real=0.01 secs] 
2014-07-09T15:52:11.736+0200: 39.347: [Full GC [PSYoungGen: 2529K->0K(13824K)] [ParOldGen: 9910K->4934K(16384K)] 12439K->4934K(30208K) [PSPermGen: 2474K->2474K(21504K)], 0.0161946 secs] [Times: user=0.03 sys=0.00, real=0.02 secs] 
2014-07-09T15:52:11.779+0200: 39.390: [GC [PSYoungGen: 11249K->2529K(13824K)] 16184K->12458K(30208K), 0.0060317 secs] [Times: user=0.00 sys=0.00, real=0.01 secs] 
2014-07-09T15:52:11.786+0200: 39.397: [Full GC [PSYoungGen: 2529K->0K(13824K)] [ParOldGen: 9929K->7853K(16384K)] 12458K->7853K(30208K) [PSPermGen: 2474K->2474K(21504K)], 0.0151061 secs] [Times: user=0.02 sys=0.00, real=0.02 secs] 
2014-07-09T15:52:11.828+0200: 39.439: [GC [PSYoungGen: 11251K->2369K(13824K)] 19104K->10222K(30208K), 0.0014221 secs] [Times: user=0.00 sys=0.00, real=0.00 secs] 
2014-07-09T15:52:11.880+0200: 39.491: [GC [PSYoungGen: 13618K->2529K(13824K)] 21471K->13271K(30208K), 0.0068200 secs] [Times: user=0.00 sys=0.00, real=0.01 secs] 
2014-07-09T15:52:11.887+0200: 39.498: [Full GC [PSYoungGen: 2529K->0K(13824K)] [ParOldGen: 10742K->5862K(16384K)] 13271K->5862K(30208K) [PSPermGen: 2474K->2474K(21504K)], 0.0157484 secs] [Times: user=0.02 sys=0.00, real=0.02 secs] 
2014-07-09T15:52:11.927+0200: 39.538: [GC [PSYoungGen: 11251K->256K(13824K)] 17114K->6118K(30208K), 0.0006966 secs] [Times: user=0.00 sys=0.00, real=0.00 secs] 
2014-07-09T15:52:11.978+0200: 39.589: [GC [PSYoungGen: 11505K->2529K(13824K)] 17368K->9168K(30208K), 0.0017173 secs] [Times: user=0.00 sys=0.00, real=0.00 secs] 
2014-07-09T15:52:11.985+0200: 39.596: [GC [PSYoungGen: 13780K->2529K(13824K)] 20419K->12986K(30208K), 0.0050646 secs] [Times: user=0.03 sys=0.00, real=0.01 secs] 
2014-07-09T15:52:11.990+0200: 39.601: [Full GC [PSYoungGen: 2529K->0K(13824K)] [ParOldGen: 10457K->6668K(16384K)] 12986K->6668K(30208K) [PSPermGen: 2474K->2474K(21504K)], 0.0096320 secs] [Times: user=0.00 sys=0.00, real=0.01 secs] 
2014-07-09T15:52:12.030+0200: 39.641: [GC [PSYoungGen: 11258K->2529K(13824K)] 17927K->14512K(30208K), 0.0059991 secs] [Times: user=0.03 sys=0.00, real=0.01 secs] 
2014-07-09T15:52:12.036+0200: 39.647: [Full GC [PSYoungGen: 2529K->0K(13824K)] [ParOldGen: 11983K->8174K(16384K)] 14512K->8174K(30208K) [PSPermGen: 2474K->2474K(21504K)], 0.0371780 secs] [Times: user=0.03 sys=0.00, real=0.04 secs] 
2014-07-09T15:52:12.081+0200: 39.692: [GC [PSYoungGen: 11251K->2529K(13824K)] 19425K->10863K(30208K), 0.0021583 secs] [Times: user=0.03 sys=0.00, real=0.00 secs] 
2014-07-09T15:52:12.129+0200: 39.740: [GC [PSYoungGen: 13778K->2529K(13824K)] 22112K->14072K(30208K), 0.0049747 secs] [Times: user=0.00 sys=0.00, real=0.01 secs] 
2014-07-09T15:52:12.134+0200: 39.745: [Full GC [PSYoungGen: 2529K->0K(13824K)] [ParOldGen: 11543K->6184K(16384K)] 14072K->6184K(30208K) [PSPermGen: 2474K->2474K(21504K)], 0.0087184 secs] [Times: user=0.00 sys=0.00, real=0.01 secs] 
2014-07-09T15:52:12.179+0200: 39.791: [GC [PSYoungGen: 11251K->576K(13824K)] 17435K->6760K(30208K), 0.0008858 secs] [Times: user=0.00 sys=0.00, real=0.00 secs] 
2014-07-09T15:52:12.229+0200: 39.840: [GC [PSYoungGen: 11825K->2529K(13824K)] 18009K->9809K(30208K), 0.0039387 secs] [Times: user=0.00 sys=0.00, real=0.00 secs] 
2014-07-09T15:52:12.279+0200: 39.890: [GC [PSYoungGen: 13789K->2529K(13824K)] 21070K->12411K(30208K), 0.0036780 secs] [Times: user=0.00 sys=0.00, real=0.00 secs] 
2014-07-09T15:52:12.289+0200: 39.900: [GC [PSYoungGen: 13778K->2529K(13824K)] 23660K->18053K(30208K), 0.0061021 secs] [Times: user=0.00 sys=0.00, real=0.01 secs] 
2014-07-09T15:52:12.295+0200: 39.906: [Full GC [PSYoungGen: 2529K->0K(13824K)] [ParOldGen: 15524K->8494K(16384K)] 18053K->8494K(30208K) [PSPermGen: 2474K->2474K(21504K)], 0.0156545 secs] [Times: user=0.02 sys=0.00, real=0.02 secs] 
2014-07-09T15:52:12.378+0200: 39.989: [GC [PSYoungGen: 11251K->2529K(13824K)] 19746K->11504K(30208K), 0.0034265 secs] [Times: user=0.00 sys=0.01, real=0.00 secs] 
2014-07-09T15:52:12.391+0200: 40.002: [GC [PSYoungGen: 13778K->2529K(13824K)] 22753K->15033K(30208K), 0.0082960 secs] [Times: user=0.03 sys=0.00, real=0.01 secs] 
2014-07-09T15:52:12.400+0200: 40.011: [Full GC [PSYoungGen: 2529K->0K(13824K)] [ParOldGen: 12504K->6503K(16384K)] 15033K->6503K(30208K) [PSPermGen: 2474K->2474K(21504K)], 0.0135816 secs] [Times: user=0.01 sys=0.00, real=0.01 secs] 
2014-07-09T15:52:12.478+0200: 40.089: [GC [PSYoungGen: 11251K->864K(13824K)] 17754K->7367K(30208K), 0.0022940 secs] [Times: user=0.00 sys=0.00, real=0.00 secs] 
2014-07-09T15:52:12.491+0200: 40.103: [GC [PSYoungGen: 12113K->2529K(13824K)] 18617K->10417K(30208K), 0.0095462 secs] [Times: user=0.00 sys=0.00, real=0.01 secs] 
2014-07-09T15:52:12.528+0200: 40.139: [GC [PSYoungGen: 13762K->2529K(13824K)] 21650K->13178K(30208K), 0.0039354 secs] [Times: user=0.00 sys=0.00, real=0.00 secs] 
2014-07-09T15:52:12.532+0200: 40.143: [Full GC [PSYoungGen: 2529K->0K(13824K)] [ParOldGen: 10649K->5740K(16384K)] 13178K->5740K(30208K) [PSPermGen: 2474K->2474K(21504K)], 0.0096456 secs] [Times: user=0.03 sys=0.00, real=0.01 secs] 
2014-07-09T15:52:12.579+0200: 40.190: [GC [PSYoungGen: 11251K->128K(13824K)] 16992K->5868K(30208K), 0.0006511 secs] [Times: user=0.00 sys=0.00, real=0.00 secs] 
2014-07-09T15:52:12.628+0200: 40.239: [GC [PSYoungGen: 11377K->2529K(13824K)] 17118K->8918K(30208K), 0.0020696 secs] [Times: user=0.00 sys=0.00, real=0.00 secs] 
2014-07-09T15:52:12.681+0200: 40.292: [GC [PSYoungGen: 13778K->2529K(13824K)] 20167K->12608K(30208K), 0.0079778 secs] [Times: user=0.00 sys=0.00, real=0.01 secs] 
2014-07-09T15:52:12.728+0200: 40.339: [GC [PSYoungGen: 13778K->1056K(13824K)] 23857K->11143K(30208K), 0.0018342 secs] [Times: user=0.00 sys=0.00, real=0.00 secs] 
2014-07-09T15:52:12.779+0200: 40.390: [GC [PSYoungGen: 12311K->2529K(13824K)] 22398K->13168K(30208K), 0.0029488 secs] [Times: user=0.00 sys=0.00, real=0.00 secs] 
2014-07-09T15:52:12.782+0200: 40.393: [Full GC [PSYoungGen: 2529K->0K(13824K)] [ParOldGen: 10639K->3539K(16384K)] 13168K->3539K(30208K) [PSPermGen: 2474K->2474K(21504K)], 0.0204049 secs] [Times: user=0.06 sys=0.00, real=0.02 secs] 
2014-07-09T15:52:12.811+0200: 40.423: [GC [PSYoungGen: 11249K->2529K(13824K)] 14789K->9654K(30208K), 0.0082978 secs] [Times: user=0.03 sys=0.00, real=0.01 secs] 
2014-07-09T15:52:12.877+0200: 40.489: [GC [PSYoungGen: 13780K->960K(13824K)] 20906K->8093K(30208K), 0.0018511 secs] [Times: user=0.01 sys=0.00, real=0.00 secs] 
2014-07-09T15:52:12.888+0200: 40.499: [GC [PSYoungGen: 12209K->2529K(13824K)] 19343K->11143K(30208K), 0.0056706 secs] [Times: user=0.03 sys=0.00, real=0.01 secs] 
2014-07-09T15:52:12.931+0200: 40.542: [GC [PSYoungGen: 13780K->2529K(13824K)] 22394K->15665K(30208K), 0.0089754 secs] [Times: user=0.02 sys=0.00, real=0.01 secs] 
2014-07-09T15:52:12.940+0200: 40.551: [Full GC [PSYoungGen: 2529K->0K(13824K)] [ParOldGen: 13136K->7375K(16384K)] 15665K->7375K(30208K) [PSPermGen: 2474K->2474K(21504K)], 0.0171181 secs] [Times: user=0.03 sys=0.00, real=0.02 secs] 
2014-07-09T15:52:12.980+0200: 40.592: [GC [PSYoungGen: 11263K->352K(13824K)] 18639K->7727K(30208K), 0.0009584 secs] [Times: user=0.00 sys=0.00, real=0.00 secs] 
2014-07-09T15:52:13.028+0200: 40.639: [GC [PSYoungGen: 11604K->2529K(13824K)] 18979K->10264K(30208K), 0.0016538 secs] [Times: user=0.00 sys=0.00, real=0.00 secs] 
2014-07-09T15:52:13.099+0200: 40.710: [GC [PSYoungGen: 13778K->2529K(13824K)] 21514K->13634K(30208K), 0.0081483 secs] [Times: user=0.00 sys=0.00, real=0.01 secs] 
2014-07-09T15:52:13.107+0200: 40.719: [Full GC [PSYoungGen: 2529K->0K(13824K)] [ParOldGen: 11105K->6377K(16384K)] 13634K->6377K(30208K) [PSPermGen: 2474K->2474K(21504K)], 0.0092782 secs] [Times: user=0.01 sys=0.00, real=0.01 secs] 
2014-07-09T15:52:13.127+0200: 40.738: [GC [PSYoungGen: 11251K->768K(13824K)] 17629K->7146K(30208K), 0.0006918 secs] [Times: user=0.00 sys=0.00, real=0.00 secs] 
2014-07-09T15:52:13.180+0200: 40.791: [GC [PSYoungGen: 12017K->2529K(13824K)] 18395K->10163K(30208K), 0.0057091 secs] [Times: user=0.00 sys=0.00, real=0.01 secs] 
2014-07-09T15:52:13.192+0200: 40.803: [GC [PSYoungGen: 13780K->2529K(13824K)] 21415K->14493K(30208K), 0.0053934 secs] [Times: user=0.00 sys=0.00, real=0.01 secs] 
2014-07-09T15:52:13.198+0200: 40.809: [Full GC [PSYoungGen: 2529K->0K(13824K)] [ParOldGen: 11964K->7184K(16384K)] 14493K->7184K(30208K) [PSPermGen: 2474K->2474K(21504K)], 0.0148604 secs] [Times: user=0.02 sys=0.00, real=0.01 secs] 
2014-07-09T15:52:13.277+0200: 40.888: [GC [PSYoungGen: 11254K->672K(13824K)] 18439K->7856K(30208K), 0.0016216 secs] [Times: user=0.00 sys=0.00, real=0.00 secs] 
2014-07-09T15:52:13.288+0200: 40.899: [GC [PSYoungGen: 11921K->2529K(13824K)] 19106K->10906K(30208K), 0.0048494 secs] [Times: user=0.00 sys=0.00, real=0.00 secs] 
2014-07-09T15:52:13.329+0200: 40.940: [GC [PSYoungGen: 13780K->2529K(13824K)] 22157K->15140K(30208K), 0.0057120 secs] [Times: user=0.03 sys=0.00, real=0.01 secs] 
2014-07-09T15:52:13.335+0200: 40.946: [Full GC [PSYoungGen: 2529K->0K(13824K)] [ParOldGen: 12611K->7209K(16384K)] 15140K->7209K(30208K) [PSPermGen: 2474K->2474K(21504K)], 0.0173418 secs] [Times: user=0.02 sys=0.00, real=0.02 secs] 
2014-07-09T15:52:13.380+0200: 40.991: [GC [PSYoungGen: 11249K->1600K(13824K)] 18458K->8809K(30208K), 0.0013418 secs] [Times: user=0.00 sys=0.00, real=0.00 secs] 
2014-07-09T15:52:13.429+0200: 41.041: [GC [PSYoungGen: 12852K->2529K(13824K)] 20061K->11859K(30208K), 0.0056959 secs] [Times: user=0.00 sys=0.00, real=0.01 secs] 
2014-07-09T15:52:13.479+0200: 41.090: [GC [PSYoungGen: 13778K->2529K(13824K)] 23108K->17021K(30208K), 0.0061369 secs] [Times: user=0.00 sys=0.01, real=0.01 secs] 
2014-07-09T15:52:13.486+0200: 41.097: [Full GC [PSYoungGen: 2529K->0K(13824K)] [ParOldGen: 14492K->8016K(16384K)] 17021K->8016K(30208K) [PSPermGen: 2474K->2474K(21504K)], 0.0148751 secs] [Times: user=0.00 sys=0.00, real=0.01 secs] 
2014-07-09T15:52:13.527+0200: 41.138: [GC [PSYoungGen: 11234K->832K(13824K)] 19251K->8849K(30208K), 0.0009928 secs] [Times: user=0.00 sys=0.00, real=0.00 secs] 
2014-07-09T15:52:13.579+0200: 41.190: [GC [PSYoungGen: 12081K->2529K(13824K)] 20098K->11898K(30208K), 0.0045513 secs] [Times: user=0.03 sys=0.00, real=0.01 secs] 
2014-07-09T15:52:13.593+0200: 41.204: [GC [PSYoungGen: 13780K->2529K(13824K)] 23150K->16292K(30208K), 0.0092148 secs] [Times: user=0.03 sys=0.00, real=0.01 secs] 
2014-07-09T15:52:13.603+0200: 41.214: [Full GC [PSYoungGen: 2529K->0K(13824K)] [ParOldGen: 13763K->7370K(16384K)] 16292K->7370K(30208K) [PSPermGen: 2474K->2474K(21504K)], 0.0164179 secs] [Times: user=0.02 sys=0.00, real=0.02 secs] 
2014-07-09T15:52:13.677+0200: 41.288: [GC [PSYoungGen: 11249K->1760K(13824K)] 18619K->9131K(30208K), 0.0008436 secs] [Times: user=0.00 sys=0.00, real=0.00 secs] 
2014-07-09T15:52:13.683+0200: 41.294: [GC [PSYoungGen: 13012K->2529K(13824K)] 20382K->12180K(30208K), 0.0037825 secs] [Times: user=0.00 sys=0.00, real=0.00 secs] 
2014-07-09T15:52:13.732+0200: 41.343: [GC [PSYoungGen: 13778K->2529K(13824K)] 23430K->17503K(30208K), 0.0113654 secs] [Times: user=0.02 sys=0.00, real=0.01 secs] 
2014-07-09T15:52:13.743+0200: 41.355: [Full GC [PSYoungGen: 2529K->0K(13824K)] [ParOldGen: 14974K->8303K(16384K)] 17503K->8303K(30208K) [PSPermGen: 2474K->2474K(21504K)], 0.0184860 secs] [Times: user=0.02 sys=0.00, real=0.02 secs] 
2014-07-09T15:52:13.781+0200: 41.392: [GC [PSYoungGen: 11260K->1152K(13824K)] 19563K->9455K(30208K), 0.0012733 secs] [Times: user=0.00 sys=0.00, real=0.00 secs] 
2014-07-09T15:52:13.829+0200: 41.440: [GC [PSYoungGen: 12404K->2529K(13824K)] 20707K->12505K(30208K), 0.0048519 secs] [Times: user=0.00 sys=0.00, real=0.01 secs] 
2014-07-09T15:52:13.881+0200: 41.492: [GC [PSYoungGen: 13778K->2529K(13824K)] 23754K->17219K(30208K), 0.0092137 secs] [Times: user=0.00 sys=0.00, real=0.01 secs] 
2014-07-09T15:52:13.891+0200: 41.502: [Full GC [PSYoungGen: 2529K->0K(13824K)] [ParOldGen: 14690K->7700K(16384K)] 17219K->7700K(30208K) [PSPermGen: 2474K->2474K(21504K)], 0.0205673 secs] [Times: user=0.06 sys=0.00, real=0.02 secs] 
2014-07-09T15:52:13.928+0200: 41.539: [GC [PSYoungGen: 11249K->2080K(13824K)] 18949K->9781K(30208K), 0.0013906 secs] [Times: user=0.00 sys=0.00, real=0.00 secs] 
2014-07-09T15:52:13.980+0200: 41.591: [GC [PSYoungGen: 13330K->2529K(13824K)] 21030K->12830K(30208K), 0.0079737 secs] [Times: user=0.03 sys=0.00, real=0.01 secs] 
2014-07-09T15:52:13.988+0200: 41.599: [Full GC [PSYoungGen: 2529K->0K(13824K)] [ParOldGen: 10301K->5590K(16384K)] 12830K->5590K(30208K) [PSPermGen: 2474K->2474K(21504K)], 0.0152626 secs] [Times: user=0.03 sys=0.00, real=0.02 secs] 
2014-07-09T15:52:14.008+0200: 41.620: [GC [PSYoungGen: 11255K->2529K(13824K)] 16845K->13241K(30208K), 0.0062125 secs] [Times: user=0.00 sys=0.00, real=0.01 secs] 
2014-07-09T15:52:14.015+0200: 41.626: [Full GC [PSYoungGen: 2529K->0K(13824K)] [ParOldGen: 10712K->7987K(16384K)] 13241K->7987K(30208K) [PSPermGen: 2474K->2474K(21504K)], 0.0141378 secs] [Times: user=0.03 sys=0.00, real=0.01 secs] 
2014-07-09T15:52:14.077+0200: 41.688: [GC [PSYoungGen: 11254K->1472K(13824K)] 19242K->9459K(30208K), 0.0007820 secs] [Times: user=0.00 sys=0.00, real=0.00 secs] 
2014-07-09T15:52:14.084+0200: 41.695: [GC [PSYoungGen: 12724K->2529K(13824K)] 20711K->12477K(30208K), 0.0050462 secs] [Times: user=0.00 sys=0.00, real=0.00 secs] 
2014-07-09T15:52:14.129+0200: 41.740: [GC [PSYoungGen: 13778K->2529K(13824K)] 23726K->17511K(30208K), 0.0054110 secs] [Times: user=0.00 sys=0.00, real=0.01 secs] 
2014-07-09T15:52:14.135+0200: 41.746: [Full GC [PSYoungGen: 2529K->0K(13824K)] [ParOldGen: 14982K->8010K(16384K)] 17511K->8010K(30208K) [PSPermGen: 2474K->2474K(21504K)], 0.0105398 secs] [Times: user=0.03 sys=0.00, real=0.01 secs] 
2014-07-09T15:52:14.180+0200: 41.792: [GC [PSYoungGen: 11251K->2401K(13824K)] 19261K->10411K(30208K), 0.0018423 secs] [Times: user=0.00 sys=0.00, real=0.00 secs] 
2014-07-09T15:52:14.228+0200: 41.840: [GC [PSYoungGen: 13656K->2529K(13824K)] 21666K->12436K(30208K), 0.0032813 secs] [Times: user=0.00 sys=0.00, real=0.00 secs] 
2014-07-09T15:52:14.281+0200: 41.893: [GC [PSYoungGen: 13778K->2529K(13824K)] 23685K->17374K(30208K), 0.0099828 secs] [Times: user=0.02 sys=0.00, real=0.01 secs] 
2014-07-09T15:52:14.292+0200: 41.903: [Full GC [PSYoungGen: 2529K->0K(13824K)] [ParOldGen: 14845K->7918K(16384K)] 17374K->7918K(30208K) [PSPermGen: 2474K->2474K(21504K)], 0.0135263 secs] [Times: user=0.03 sys=0.00, real=0.01 secs] 
2014-07-09T15:52:14.327+0200: 41.938: [GC [PSYoungGen: 11251K->2305K(13824K)] 19170K->10223K(30208K), 0.0011167 secs] [Times: user=0.00 sys=0.00, real=0.00 secs] 
2014-07-09T15:52:14.378+0200: 41.989: [GC [PSYoungGen: 13554K->2529K(13824K)] 21473K->13273K(30208K), 0.0039189 secs] [Times: user=0.00 sys=0.00, real=0.00 secs] 
2014-07-09T15:52:14.382+0200: 41.994: [Full GC [PSYoungGen: 2529K->0K(13824K)] [ParOldGen: 10744K->5809K(16384K)] 13273K->5809K(30208K) [PSPermGen: 2474K->2474K(21504K)], 0.0086300 secs] [Times: user=0.03 sys=0.00, real=0.01 secs] 
2014-07-09T15:52:14.427+0200: 42.038: [GC [PSYoungGen: 11251K->160K(13824K)] 17060K->5969K(30208K), 0.0006713 secs] [Times: user=0.00 sys=0.00, real=0.00 secs] 
2014-07-09T15:52:14.479+0200: 42.090: [GC [PSYoungGen: 11409K->2529K(13824K)] 17218K->9050K(30208K), 0.0031577 secs] [Times: user=0.00 sys=0.00, real=0.00 secs] 
2014-07-09T15:52:14.492+0200: 42.104: [GC [PSYoungGen: 13780K->2529K(13824K)] 20302K->12804K(30208K), 0.0078638 secs] [Times: user=0.01 sys=0.00, real=0.01 secs] 
2014-07-09T15:52:14.501+0200: 42.112: [Full GC [PSYoungGen: 2529K->0K(13824K)] [ParOldGen: 10275K->6610K(16384K)] 12804K->6610K(30208K) [PSPermGen: 2474K->2474K(21504K)], 0.0144615 secs] [Times: user=0.00 sys=0.00, real=0.01 secs] 
2014-07-09T15:52:14.529+0200: 42.141: [GC [PSYoungGen: 11238K->2529K(13824K)] 17848K->13717K(30208K), 0.0057850 secs] [Times: user=0.03 sys=0.00, real=0.01 secs] 
2014-07-09T15:52:14.535+0200: 42.147: [Full GC [PSYoungGen: 2529K->0K(13824K)] [ParOldGen: 11188K->7444K(16384K)] 13717K->7444K(30208K) [PSPermGen: 2474K->2474K(21504K)], 0.0103759 secs] [Times: user=0.00 sys=0.00, real=0.01 secs] 
2014-07-09T15:52:14.580+0200: 42.192: [GC [PSYoungGen: 11249K->1952K(13824K)] 18694K->9397K(30208K), 0.0065784 secs] [Times: user=0.00 sys=0.00, real=0.01 secs] 
2014-07-09T15:52:14.630+0200: 42.241: [GC [PSYoungGen: 13204K->2529K(13824K)] 20649K->12447K(30208K), 0.0062018 secs] [Times: user=0.00 sys=0.00, real=0.01 secs] 
2014-07-09T15:52:14.680+0200: 42.292: [GC [PSYoungGen: 13778K->2529K(13824K)] 23696K->17929K(30208K), 0.0113738 secs] [Times: user=0.02 sys=0.00, real=0.01 secs] 
2014-07-09T15:52:14.692+0200: 42.303: [Full GC [PSYoungGen: 2529K->0K(13824K)] [ParOldGen: 15400K->8491K(16384K)] 17929K->8491K(30208K) [PSPermGen: 2474K->2474K(21504K)], 0.0191511 secs] [Times: user=0.02 sys=0.00, real=0.02 secs] 
2014-07-09T15:52:14.727+0200: 42.339: [GC [PSYoungGen: 11251K->2529K(13824K)] 19743K->11373K(30208K), 0.0013309 secs] [Times: user=0.00 sys=0.00, real=0.00 secs] 
2014-07-09T15:52:14.780+0200: 42.391: [GC [PSYoungGen: 13784K->2529K(13824K)] 22628K->13750K(30208K), 0.0060856 secs] [Times: user=0.03 sys=0.00, real=0.01 secs] 
2014-07-09T15:52:14.786+0200: 42.397: [Full GC [PSYoungGen: 2529K->0K(13824K)] [ParOldGen: 11221K->5358K(16384K)] 13750K->5358K(30208K) [PSPermGen: 2474K->2474K(21504K)], 0.0208295 secs] [Times: user=0.02 sys=0.00, real=0.02 secs] 
2014-07-09T15:52:14.812+0200: 42.424: [GC [PSYoungGen: 11249K->2529K(13824K)] 16607K->13298K(30208K), 0.0062458 secs] [Times: user=0.00 sys=0.00, real=0.01 secs] 
2014-07-09T15:52:14.819+0200: 42.430: [Full GC [PSYoungGen: 2529K->0K(13824K)] [ParOldGen: 10768K->8277K(16384K)] 13298K->8277K(30208K) [PSPermGen: 2474K->2474K(21504K)], 0.0147497 secs] [Times: user=0.02 sys=0.00, real=0.02 secs] 
2014-07-09T15:52:14.878+0200: 42.490: [GC [PSYoungGen: 11251K->2529K(13824K)] 19528K->11062K(30208K), 0.0028439 secs] [Times: user=0.00 sys=0.00, real=0.00 secs] 
2014-07-09T15:52:14.891+0200: 42.502: [GC [PSYoungGen: 13778K->2529K(13824K)] 22311K->14368K(30208K), 0.0065586 secs] [Times: user=0.00 sys=0.00, real=0.01 secs] 
2014-07-09T15:52:14.898+0200: 42.509: [Full GC [PSYoungGen: 2529K->0K(13824K)] [ParOldGen: 11838K->6279K(16384K)] 14368K->6279K(30208K) [PSPermGen: 2474K->2474K(21504K)], 0.0134097 secs] [Times: user=0.02 sys=0.00, real=0.01 secs] 
2014-07-09T15:52:14.977+0200: 42.589: [GC [PSYoungGen: 11251K->672K(13824K)] 17530K->6951K(30208K), 0.0015824 secs] [Times: user=0.00 sys=0.00, real=0.00 secs] 
2014-07-09T15:52:14.987+0200: 42.598: [GC [PSYoungGen: 11933K->2177K(13824K)] 18212K->8464K(30208K), 0.0019886 secs] [Times: user=0.00 sys=0.00, real=0.00 secs] 
2014-07-09T15:52:15.029+0200: 42.640: [GC [PSYoungGen: 13426K->2529K(13824K)] 19713K->11513K(30208K), 0.0040853 secs] [Times: user=0.03 sys=0.00, real=0.00 secs] 
2014-07-09T15:52:15.081+0200: 42.692: [GC [PSYoungGen: 13778K->32K(13824K)] 22763K->9024K(30208K), 0.0232426 secs] [Times: user=0.01 sys=0.00, real=0.02 secs] 
2014-07-09T15:52:15.127+0200: 42.739: [GC [PSYoungGen: 11281K->2529K(13824K)] 20273K->12105K(30208K), 0.0016513 secs] [Times: user=0.00 sys=0.00, real=0.00 secs] 
2014-07-09T15:52:15.178+0200: 42.789: [GC [PSYoungGen: 13778K->2529K(13824K)] 23355K->15731K(30208K), 0.0046158 secs] [Times: user=0.00 sys=0.00, real=0.01 secs] 
2014-07-09T15:52:15.183+0200: 42.794: [Full GC [PSYoungGen: 2529K->0K(13824K)] [ParOldGen: 13202K->6608K(16384K)] 15731K->6608K(30208K) [PSPermGen: 2474K->2474K(21504K)], 0.0089662 secs] [Times: user=0.02 sys=0.00, real=0.01 secs] 
2014-07-09T15:52:15.227+0200: 42.838: [GC [PSYoungGen: 11251K->960K(13824K)] 17860K->7569K(30208K), 0.0011116 secs] [Times: user=0.00 sys=0.00, real=0.00 secs] 
2014-07-09T15:52:15.277+0200: 42.889: [GC [PSYoungGen: 12221K->2497K(13824K)] 18830K->9114K(30208K), 0.0011820 secs] [Times: user=0.00 sys=0.00, real=0.00 secs] 
2014-07-09T15:52:15.284+0200: 42.895: [GC [PSYoungGen: 13746K->2529K(13824K)] 20363K->12163K(30208K), 0.0045557 secs] [Times: user=0.00 sys=0.00, real=0.00 secs] 
2014-07-09T15:52:15.377+0200: 42.989: [GC [PSYoungGen: 13780K->384K(13824K)] 23415K->10026K(30208K), 0.0015120 secs] [Times: user=0.00 sys=0.00, real=0.00 secs] 
2014-07-09T15:52:15.387+0200: 42.998: [GC [PSYoungGen: 11633K->2529K(13824K)] 21275K->13075K(30208K), 0.0050778 secs] [Times: user=0.03 sys=0.00, real=0.00 secs] 
2014-07-09T15:52:15.429+0200: 43.040: [GC [PSYoungGen: 13780K->2529K(13824K)] 24327K->17021K(30208K), 0.0049953 secs] [Times: user=0.00 sys=0.00, real=0.01 secs] 
2014-07-09T15:52:15.434+0200: 43.045: [Full GC [PSYoungGen: 2529K->0K(13824K)] [ParOldGen: 14492K->6935K(16384K)] 17021K->6935K(30208K) [PSPermGen: 2474K->2474K(21504K)], 0.0125547 secs] [Times: user=0.03 sys=0.00, real=0.01 secs] 
2014-07-09T15:52:15.480+0200: 43.091: [GC [PSYoungGen: 11249K->1312K(13824K)] 18184K->8248K(30208K), 0.0013946 secs] [Times: user=0.00 sys=0.00, real=0.00 secs] 
2014-07-09T15:52:15.527+0200: 43.139: [GC [PSYoungGen: 12547K->2529K(13824K)] 19482K->9600K(30208K), 0.0016835 secs] [Times: user=0.00 sys=0.00, real=0.00 secs] 
2014-07-09T15:52:15.579+0200: 43.190: [GC [PSYoungGen: 13778K->2529K(13824K)] 20850K->12778K(30208K), 0.0042650 secs] [Times: user=0.00 sys=0.00, real=0.00 secs] 
2014-07-09T15:52:15.627+0200: 43.239: [GC [PSYoungGen: 13780K->544K(13824K)] 24029K->10801K(30208K), 0.0014900 secs] [Times: user=0.00 sys=0.00, real=0.00 secs] 
2014-07-09T15:52:15.679+0200: 43.290: [GC [PSYoungGen: 11793K->2529K(13824K)] 22050K->13850K(30208K), 0.0036157 secs] [Times: user=0.00 sys=0.00, real=0.00 secs] 
2014-07-09T15:52:15.683+0200: 43.294: [Full GC [PSYoungGen: 2529K->0K(13824K)] [ParOldGen: 11321K->3925K(16384K)] 13850K->3925K(30208K) [PSPermGen: 2474K->2474K(21504K)], 0.0245496 secs] [Times: user=0.05 sys=0.00, real=0.02 secs] 
2014-07-09T15:52:15.713+0200: 43.324: [GC [PSYoungGen: 11251K->2529K(13824K)] 15176K->10552K(30208K), 0.0055188 secs] [Times: user=0.03 sys=0.00, real=0.00 secs] 
2014-07-09T15:52:15.777+0200: 43.388: [GC [PSYoungGen: 13784K->416K(13824K)] 21807K->8447K(30208K), 0.0010137 secs] [Times: user=0.00 sys=0.00, real=0.00 secs] 
2014-07-09T15:52:15.784+0200: 43.395: [GC [PSYoungGen: 11665K->2529K(13824K)] 19696K->11496K(30208K), 0.0043207 secs] [Times: user=0.00 sys=0.00, real=0.00 secs] 
2014-07-09T15:52:15.830+0200: 43.442: [GC [PSYoungGen: 13780K->2529K(13824K)] 22748K->15506K(30208K), 0.0084086 secs] [Times: user=0.00 sys=0.00, real=0.01 secs] 
2014-07-09T15:52:15.839+0200: 43.450: [Full GC [PSYoungGen: 2529K->0K(13824K)] [ParOldGen: 12977K->6986K(16384K)] 15506K->6986K(30208K) [PSPermGen: 2474K->2474K(21504K)], 0.0205094 secs] [Times: user=0.06 sys=0.00, real=0.02 secs] 
2014-07-09T15:52:15.880+0200: 43.492: [GC [PSYoungGen: 11249K->1376K(13824K)] 18235K->8362K(30208K), 0.0013422 secs] [Times: user=0.00 sys=0.00, real=0.00 secs] 
2014-07-09T15:52:15.929+0200: 43.540: [GC [PSYoungGen: 12628K->2529K(13824K)] 19614K->11412K(30208K), 0.0050675 secs] [Times: user=0.00 sys=0.00, real=0.01 secs] 
2014-07-09T15:52:15.981+0200: 43.592: [GC [PSYoungGen: 13778K->2529K(13824K)] 22661K->16350K(30208K), 0.0097915 secs] [Times: user=0.03 sys=0.00, real=0.01 secs] 
2014-07-09T15:52:15.991+0200: 43.603: [Full GC [PSYoungGen: 2529K->0K(13824K)] [ParOldGen: 13821K->7918K(16384K)] 16350K->7918K(30208K) [PSPermGen: 2474K->2474K(21504K)], 0.0196845 secs] [Times: user=0.03 sys=0.00, real=0.02 secs] 
2014-07-09T15:52:16.027+0200: 43.638: [GC [PSYoungGen: 11234K->224K(13824K)] 19153K->8142K(30208K), 0.0006086 secs] [Times: user=0.00 sys=0.00, real=0.00 secs] 
2014-07-09T15:52:16.081+0200: 43.692: [GC [PSYoungGen: 11473K->2529K(13824K)] 19392K->11160K(30208K), 0.0166932 secs] [Times: user=0.02 sys=0.00, real=0.02 secs] 
2014-07-09T15:52:16.103+0200: 43.715: [GC [PSYoungGen: 13780K->2529K(13824K)] 22411K->14946K(30208K), 0.0048461 secs] [Times: user=0.03 sys=0.00, real=0.01 secs] 
2014-07-09T15:52:16.108+0200: 43.720: [Full GC [PSYoungGen: 2529K->0K(13824K)] [ParOldGen: 12416K->6772K(16384K)] 14946K->6772K(30208K) [PSPermGen: 2474K->2474K(21504K)], 0.0090879 secs] [Times: user=0.00 sys=0.00, real=0.01 secs] 
2014-07-09T15:52:16.177+0200: 43.788: [GC [PSYoungGen: 11249K->1152K(13824K)] 18021K->7924K(30208K), 0.0007307 secs] [Times: user=0.00 sys=0.00, real=0.00 secs] 
2014-07-09T15:52:16.182+0200: 43.794: [GC [PSYoungGen: 12404K->2529K(13824K)] 19176K->10974K(30208K), 0.0032256 secs] [Times: user=0.03 sys=0.00, real=0.00 secs] 
2014-07-09T15:52:16.231+0200: 43.842: [GC [PSYoungGen: 13782K->2529K(13824K)] 22227K->14663K(30208K), 0.0085365 secs] [Times: user=0.03 sys=0.00, real=0.01 secs] 
2014-07-09T15:52:16.240+0200: 43.851: [Full GC [PSYoungGen: 2529K->0K(13824K)] [ParOldGen: 12134K->6679K(16384K)] 14663K->6679K(30208K) [PSPermGen: 2474K->2474K(21504K)], 0.0152835 secs] [Times: user=0.02 sys=0.00, real=0.02 secs] 
2014-07-09T15:52:16.280+0200: 43.892: [GC [PSYoungGen: 11249K->1056K(13824K)] 17929K->7736K(30208K), 0.0012806 secs] [Times: user=0.00 sys=0.00, real=0.00 secs] 
2014-07-09T15:52:16.331+0200: 43.943: [GC [PSYoungGen: 12305K->2529K(13824K)] 18985K->10785K(30208K), 0.0035126 secs] [Times: user=0.00 sys=0.00, real=0.00 secs] 
2014-07-09T15:52:16.379+0200: 43.990: [GC [PSYoungGen: 13780K->2529K(13824K)] 22037K->15404K(30208K), 0.0053219 secs] [Times: user=0.00 sys=0.00, real=0.01 secs] 
2014-07-09T15:52:16.384+0200: 43.995: [Full GC [PSYoungGen: 2529K->0K(13824K)] [ParOldGen: 12874K->7480K(16384K)] 15404K->7480K(30208K) [PSPermGen: 2474K->2474K(21504K)], 0.0104287 secs] [Times: user=0.02 sys=0.00, real=0.01 secs] 
2014-07-09T15:52:16.428+0200: 44.040: [GC [PSYoungGen: 11249K->1984K(13824K)] 18729K->9465K(30208K), 0.0022089 secs] [Times: user=0.00 sys=0.00, real=0.00 secs] 
2014-07-09T15:52:16.479+0200: 44.090: [GC [PSYoungGen: 13236K->2529K(13824K)] 20716K->12514K(30208K), 0.0036956 secs] [Times: user=0.03 sys=0.00, real=0.00 secs] 
2014-07-09T15:52:16.487+0200: 44.099: [GC [PSYoungGen: 13778K->2529K(13824K)] 23764K->18061K(30208K), 0.0067859 secs] [Times: user=0.00 sys=0.00, real=0.01 secs] 
2014-07-09T15:52:16.494+0200: 44.106: [Full GC [PSYoungGen: 2529K->0K(13824K)] [ParOldGen: 15532K->8521K(16384K)] 18061K->8521K(30208K) [PSPermGen: 2474K->2474K(21504K)], 0.0134871 secs] [Times: user=0.03 sys=0.00, real=0.01 secs] 
2014-07-09T15:52:16.577+0200: 44.188: [GC [PSYoungGen: 11233K->1216K(13824K)] 19754K->9737K(30208K), 0.0010529 secs] [Times: user=0.00 sys=0.00, real=0.00 secs] 
2014-07-09T15:52:16.584+0200: 44.195: [GC [PSYoungGen: 12468K->2529K(13824K)] 20989K->12787K(30208K), 0.0035112 secs] [Times: user=0.00 sys=0.00, real=0.00 secs] 
2014-07-09T15:52:16.588+0200: 44.199: [Full GC [PSYoungGen: 2529K->0K(13824K)] [ParOldGen: 10258K->4716K(16384K)] 12787K->4716K(30208K) [PSPermGen: 2474K->2474K(21504K)], 0.0122123 secs] [Times: user=0.03 sys=0.00, real=0.01 secs] 
2014-07-09T15:52:16.629+0200: 44.240: [GC [PSYoungGen: 11249K->2529K(13824K)] 15965K->12015K(30208K), 0.0054517 secs] [Times: user=0.00 sys=0.00, real=0.01 secs] 
2014-07-09T15:52:16.685+0200: 44.297: [GC [PSYoungGen: 13780K->2113K(13824K)] 23267K->11607K(30208K), 0.0048692 secs] [Times: user=0.00 sys=0.00, real=0.01 secs] 
2014-07-09T15:52:16.729+0200: 44.340: [GC [PSYoungGen: 13362K->2529K(13824K)] 22857K->14689K(30208K), 0.0039486 secs] [Times: user=0.03 sys=0.00, real=0.00 secs] 
2014-07-09T15:52:16.733+0200: 44.344: [Full GC [PSYoungGen: 2529K->0K(13824K)] [ParOldGen: 12159K->5648K(16384K)] 14689K->5648K(30208K) [PSPermGen: 2474K->2474K(21504K)], 0.0116888 secs] [Times: user=0.00 sys=0.00, real=0.01 secs] 
2014-07-09T15:52:16.778+0200: 44.390: [GC [PSYoungGen: 11260K->2529K(13824K)] 16909K->12340K(30208K), 0.0050580 secs] [Times: user=0.00 sys=0.00, real=0.01 secs] 
2014-07-09T15:52:16.784+0200: 44.395: [Full GC [PSYoungGen: 2529K->0K(13824K)] [ParOldGen: 9810K->7033K(16384K)] 12340K->7033K(30208K) [PSPermGen: 2474K->2474K(21504K)], 0.0100690 secs] [Times: user=0.03 sys=0.00, real=0.01 secs] 
2014-07-09T15:52:16.827+0200: 44.439: [GC [PSYoungGen: 11249K->1536K(13824K)] 18283K->8570K(30208K), 0.0008909 secs] [Times: user=0.00 sys=0.00, real=0.00 secs] 
2014-07-09T15:52:16.878+0200: 44.489: [GC [PSYoungGen: 12788K->2529K(13824K)] 19821K->11619K(30208K), 0.0032465 secs] [Times: user=0.00 sys=0.00, real=0.00 secs] 
2014-07-09T15:52:16.886+0200: 44.497: [GC [PSYoungGen: 13778K->2529K(13824K)] 22869K->16718K(30208K), 0.0092492 secs] [Times: user=0.03 sys=0.00, real=0.01 secs] 
2014-07-09T15:52:16.895+0200: 44.507: [Full GC [PSYoungGen: 2529K->0K(13824K)] [ParOldGen: 14189K->8074K(16384K)] 16718K->8074K(30208K) [PSPermGen: 2474K->2474K(21504K)], 0.0099106 secs] [Times: user=0.03 sys=0.00, real=0.01 secs] 
2014-07-09T15:52:16.978+0200: 44.590: [GC [PSYoungGen: 11251K->2465K(13824K)] 19325K->10539K(30208K), 0.0026969 secs] [Times: user=0.03 sys=0.00, real=0.00 secs] 
2014-07-09T15:52:16.991+0200: 44.603: [GC [PSYoungGen: 13714K->2529K(13824K)] 21788K->13588K(30208K), 0.0062513 secs] [Times: user=0.03 sys=0.00, real=0.01 secs] 
2014-07-09T15:52:16.998+0200: 44.609: [Full GC [PSYoungGen: 2529K->0K(13824K)] [ParOldGen: 11059K->5964K(16384K)] 13588K->5964K(30208K) [PSPermGen: 2474K->2474K(21504K)], 0.0117841 secs] [Times: user=0.00 sys=0.00, real=0.01 secs] 
2014-07-09T15:52:17.029+0200: 44.640: [GC [PSYoungGen: 11260K->2529K(13824K)] 17225K->12975K(30208K), 0.0055877 secs] [Times: user=0.00 sys=0.00, real=0.01 secs] 
2014-07-09T15:52:17.035+0200: 44.646: [Full GC [PSYoungGen: 2529K->0K(13824K)] [ParOldGen: 10446K->7354K(16384K)] 12975K->7354K(30208K) [PSPermGen: 2474K->2474K(21504K)], 0.0462755 secs] [Times: user=0.05 sys=0.00, real=0.05 secs] 
2014-07-09T15:52:17.087+0200: 44.698: [GC [PSYoungGen: 11249K->1856K(13824K)] 18603K->9211K(30208K), 0.0014694 secs] [Times: user=0.00 sys=0.00, real=0.00 secs] 
2014-07-09T15:52:17.128+0200: 44.739: [GC [PSYoungGen: 13108K->2529K(13824K)] 20462K->12260K(30208K), 0.0035046 secs] [Times: user=0.00 sys=0.00, real=0.00 secs] 
2014-07-09T15:52:17.179+0200: 44.791: [GC [PSYoungGen: 13778K->2529K(13824K)] 23510K->17679K(30208K), 0.0058337 secs] [Times: user=0.03 sys=0.00, real=0.01 secs] 
2014-07-09T15:52:17.185+0200: 44.797: [Full GC [PSYoungGen: 2529K->0K(13824K)] [ParOldGen: 15150K->8394K(16384K)] 17679K->8394K(30208K) [PSPermGen: 2474K->2474K(21504K)], 0.0102028 secs] [Times: user=0.00 sys=0.00, real=0.01 secs] 
2014-07-09T15:52:17.228+0200: 44.839: [GC [PSYoungGen: 11251K->2529K(13824K)] 19645K->11179K(30208K), 0.0014995 secs] [Times: user=0.00 sys=0.00, real=0.00 secs] 
2014-07-09T15:52:17.280+0200: 44.891: [GC [PSYoungGen: 13784K->2529K(13824K)] 22434K->13460K(30208K), 0.0057212 secs] [Times: user=0.00 sys=0.00, real=0.01 secs] 
2014-07-09T15:52:17.286+0200: 44.897: [Full GC [PSYoungGen: 2529K->0K(13824K)] [ParOldGen: 10931K->5260K(16384K)] 13460K->5260K(30208K) [PSPermGen: 2474K->2474K(21504K)], 0.0162389 secs] [Times: user=0.03 sys=0.00, real=0.02 secs] 
2014-07-09T15:52:17.308+0200: 44.919: [GC [PSYoungGen: 11249K->2529K(13824K)] 16509K->13104K(30208K), 0.0061040 secs] [Times: user=0.00 sys=0.00, real=0.01 secs] 
2014-07-09T15:52:17.314+0200: 44.926: [Full GC [PSYoungGen: 2529K->0K(13824K)] [ParOldGen: 10575K->8186K(16384K)] 13104K->8186K(30208K) [PSPermGen: 2474K->2474K(21504K)], 0.0160938 secs] [Times: user=0.02 sys=0.00, real=0.02 secs] 
2014-07-09T15:52:17.378+0200: 44.989: [GC [PSYoungGen: 11251K->2529K(13824K)] 19438K->10843K(30208K), 0.0142815 secs] [Times: user=0.02 sys=0.00, real=0.01 secs] 
2014-07-09T15:52:17.397+0200: 45.009: [GC [PSYoungGen: 13778K->2529K(13824K)] 22093K->14021K(30208K), 0.0045403 secs] [Times: user=0.01 sys=0.00, real=0.00 secs] 
2014-07-09T15:52:17.402+0200: 45.013: [Full GC [PSYoungGen: 2529K->0K(13824K)] [ParOldGen: 11492K->6183K(16384K)] 14021K->6183K(30208K) [PSPermGen: 2474K->2474K(21504K)], 0.0109342 secs] [Times: user=0.00 sys=0.00, real=0.01 secs] 
2014-07-09T15:52:17.477+0200: 45.089: [GC [PSYoungGen: 11251K->576K(13824K)] 17434K->6759K(30208K), 0.0016297 secs] [Times: user=0.00 sys=0.00, real=0.00 secs] 
2014-07-09T15:52:17.488+0200: 45.099: [GC [PSYoungGen: 11825K->2529K(13824K)] 18008K->9808K(30208K), 0.0051643 secs] [Times: user=0.00 sys=0.00, real=0.01 secs] 
2014-07-09T15:52:17.528+0200: 45.140: [GC [PSYoungGen: 13769K->2529K(13824K)] 21049K->11737K(30208K), 0.0032043 secs] [Times: user=0.00 sys=0.00, real=0.00 secs] 
2014-07-09T15:52:17.582+0200: 45.194: [GC [PSYoungGen: 13778K->2529K(13824K)] 22987K->16708K(30208K), 0.0099392 secs] [Times: user=0.02 sys=0.00, real=0.01 secs] 
2014-07-09T15:52:17.592+0200: 45.204: [Full GC [PSYoungGen: 2529K->0K(13824K)] [ParOldGen: 14178K->7951K(16384K)] 16708K->7951K(30208K) [PSPermGen: 2474K->2474K(21504K)], 0.0185960 secs] [Times: user=0.03 sys=0.00, real=0.02 secs] 
2014-07-09T15:52:17.627+0200: 45.239: [GC [PSYoungGen: 11251K->2337K(13824K)] 19202K->10288K(30208K), 0.0011688 secs] [Times: user=0.00 sys=0.00, real=0.00 secs] 
2014-07-09T15:52:17.678+0200: 45.290: [GC [PSYoungGen: 13586K->2529K(13824K)] 21538K->13338K(30208K), 0.0040292 secs] [Times: user=0.03 sys=0.00, real=0.00 secs] 
2014-07-09T15:52:17.683+0200: 45.294: [Full GC [PSYoungGen: 2529K->0K(13824K)] [ParOldGen: 10808K->5841K(16384K)] 13338K->5841K(30208K) [PSPermGen: 2474K->2474K(21504K)], 0.0085669 secs] [Times: user=0.00 sys=0.00, real=0.01 secs] 
2014-07-09T15:52:17.727+0200: 45.338: [GC [PSYoungGen: 11251K->224K(13824K)] 17093K->6065K(30208K), 0.0004905 secs] [Times: user=0.00 sys=0.00, real=0.00 secs] 
2014-07-09T15:52:17.778+0200: 45.390: [GC [PSYoungGen: 11479K->2241K(13824K)] 17320K->8090K(30208K), 0.0024120 secs] [Times: user=0.00 sys=0.00, real=0.00 secs] 
2014-07-09T15:52:17.790+0200: 45.402: [GC [PSYoungGen: 13490K->2529K(13824K)] 19340K->11140K(30208K), 0.0074066 secs] [Times: user=0.03 sys=0.00, real=0.01 secs] 
2014-07-09T15:52:17.877+0200: 45.489: [GC [PSYoungGen: 13780K->128K(13824K)] 22391K->8746K(30208K), 0.0014372 secs] [Times: user=0.00 sys=0.00, real=0.00 secs] 
2014-07-09T15:52:17.887+0200: 45.499: [GC [PSYoungGen: 11377K->2529K(13824K)] 19996K->11796K(30208K), 0.0042422 secs] [Times: user=0.00 sys=0.00, real=0.00 secs] 
2014-07-09T15:52:17.930+0200: 45.541: [GC [PSYoungGen: 13778K->2529K(13824K)] 23045K->15454K(30208K), 0.0209868 secs] [Times: user=0.03 sys=0.00, real=0.02 secs] 
2014-07-09T15:52:17.951+0200: 45.562: [Full GC [PSYoungGen: 2529K->0K(13824K)] [ParOldGen: 12925K->6680K(16384K)] 15454K->6680K(30208K) [PSPermGen: 2474K->2474K(21504K)], 0.0103333 secs] [Times: user=0.00 sys=0.00, real=0.01 secs] 
2014-07-09T15:52:17.980+0200: 45.591: [GC [PSYoungGen: 11249K->1056K(13824K)] 17930K->7737K(30208K), 0.0010288 secs] [Times: user=0.00 sys=0.00, real=0.00 secs] 
2014-07-09T15:52:18.028+0200: 45.640: [GC [PSYoungGen: 12317K->2529K(13824K)] 18998K->9250K(30208K), 0.0025598 secs] [Times: user=0.00 sys=0.00, real=0.00 secs] 
2014-07-09T15:52:18.080+0200: 45.691: [GC [PSYoungGen: 13778K->2529K(13824K)] 20499K->12331K(30208K), 0.0042048 secs] [Times: user=0.00 sys=0.00, real=0.00 secs] 
2014-07-09T15:52:18.127+0200: 45.738: [GC [PSYoungGen: 13780K->448K(13824K)] 23583K->10258K(30208K), 0.0005188 secs] [Times: user=0.00 sys=0.00, real=0.00 secs] 
2014-07-09T15:52:18.179+0200: 45.790: [GC [PSYoungGen: 11697K->2529K(13824K)] 21508K->13308K(30208K), 0.0039640 secs] [Times: user=0.03 sys=0.00, real=0.00 secs] 
2014-07-09T15:52:18.193+0200: 45.804: [GC [PSYoungGen: 13780K->2529K(13824K)] 24559K->17318K(30208K), 0.0063192 secs] [Times: user=0.03 sys=0.00, real=0.01 secs] 
2014-07-09T15:52:18.199+0200: 45.810: [Full GC [PSYoungGen: 2529K->0K(13824K)] [ParOldGen: 14788K->7004K(16384K)] 17318K->7004K(30208K) [PSPermGen: 2474K->2474K(21504K)], 0.0110615 secs] [Times: user=0.00 sys=0.00, real=0.01 secs] 
2014-07-09T15:52:18.231+0200: 45.842: [GC [PSYoungGen: 11261K->352K(13824K)] 18266K->7356K(30208K), 0.0008817 secs] [Times: user=0.00 sys=0.00, real=0.00 secs] 
2014-07-09T15:52:18.281+0200: 45.893: [GC [PSYoungGen: 11600K->2529K(13824K)] 18604K->9893K(30208K), 0.0023413 secs] [Times: user=0.00 sys=0.00, real=0.00 secs] 
2014-07-09T15:52:18.330+0200: 45.941: [GC [PSYoungGen: 13778K->2529K(13824K)] 21143K->13295K(30208K), 0.0077571 secs] [Times: user=0.01 sys=0.00, real=0.01 secs] 
2014-07-09T15:52:18.338+0200: 45.949: [Full GC [PSYoungGen: 2529K->0K(13824K)] [ParOldGen: 10766K->6398K(16384K)] 13295K->6398K(30208K) [PSPermGen: 2474K->2474K(21504K)], 0.0147116 secs] [Times: user=0.02 sys=0.00, real=0.01 secs] 
2014-07-09T15:52:18.380+0200: 45.991: [GC [PSYoungGen: 11251K->768K(13824K)] 17649K->7166K(30208K), 0.0010467 secs] [Times: user=0.00 sys=0.00, real=0.00 secs] 
2014-07-09T15:52:18.428+0200: 46.040: [GC [PSYoungGen: 12017K->2529K(13824K)] 18416K->10216K(30208K), 0.0025022 secs] [Times: user=0.02 sys=0.00, real=0.00 secs] 
2014-07-09T15:52:18.479+0200: 46.090: [GC [PSYoungGen: 13780K->2529K(13824K)] 21467K->14546K(30208K), 0.0052611 secs] [Times: user=0.00 sys=0.00, real=0.00 secs] 
2014-07-09T15:52:18.484+0200: 46.096: [Full GC [PSYoungGen: 2529K->0K(13824K)] [ParOldGen: 12016K->7197K(16384K)] 14546K->7197K(30208K) [PSPermGen: 2474K->2474K(21504K)], 0.0117811 secs] [Times: user=0.03 sys=0.00, real=0.01 secs] 
2014-07-09T15:52:18.501+0200: 46.113: [GC [PSYoungGen: 11258K->1344K(13824K)] 18455K->8541K(30208K), 0.0010955 secs] [Times: user=0.00 sys=0.00, real=0.00 secs] 
2014-07-09T15:52:18.579+0200: 46.190: [GC [PSYoungGen: 12603K->2529K(13824K)] 19800K->10278K(30208K), 0.0029337 secs] [Times: user=0.00 sys=0.00, real=0.00 secs] 
2014-07-09T15:52:18.592+0200: 46.204: [GC [PSYoungGen: 13778K->2529K(13824K)] 21527K->13872K(30208K), 0.0075998 secs] [Times: user=0.00 sys=0.00, real=0.01 secs] 
2014-07-09T15:52:18.600+0200: 46.212: [Full GC [PSYoungGen: 2529K->0K(13824K)] [ParOldGen: 11343K->6569K(16384K)] 13872K->6569K(30208K) [PSPermGen: 2474K->2474K(21504K)], 0.0201138 secs] [Times: user=0.06 sys=0.00, real=0.02 secs] 
2014-07-09T15:52:18.678+0200: 46.289: [GC [PSYoungGen: 11251K->960K(13824K)] 17821K->7530K(30208K), 0.0016113 secs] [Times: user=0.00 sys=0.00, real=0.00 secs] 
2014-07-09T15:52:18.688+0200: 46.300: [GC [PSYoungGen: 12209K->2529K(13824K)] 18779K->10579K(30208K), 0.0057656 secs] [Times: user=0.00 sys=0.00, real=0.01 secs] 
2014-07-09T15:52:18.729+0200: 46.341: [GC [PSYoungGen: 13784K->2529K(13824K)] 21834K->14077K(30208K), 0.0050169 secs] [Times: user=0.00 sys=0.00, real=0.00 secs] 
2014-07-09T15:52:18.735+0200: 46.346: [Full GC [PSYoungGen: 2529K->0K(13824K)] [ParOldGen: 11548K->6478K(16384K)] 14077K->6478K(30208K) [PSPermGen: 2474K->2474K(21504K)], 0.0120283 secs] [Times: user=0.02 sys=0.00, real=0.01 secs] 
2014-07-09T15:52:18.780+0200: 46.391: [GC [PSYoungGen: 11251K->864K(13824K)] 17730K->7343K(30208K), 0.0011758 secs] [Times: user=0.00 sys=0.00, real=0.00 secs] 
2014-07-09T15:52:18.828+0200: 46.440: [GC [PSYoungGen: 12113K->2529K(13824K)] 18592K->10392K(30208K), 0.0024956 secs] [Times: user=0.00 sys=0.00, real=0.00 secs] 
2014-07-09T15:52:18.879+0200: 46.491: [GC [PSYoungGen: 13780K->2529K(13824K)] 21644K->14818K(30208K), 0.0056563 secs] [Times: user=0.03 sys=0.00, real=0.01 secs] 
2014-07-09T15:52:18.885+0200: 46.496: [Full GC [PSYoungGen: 2529K->0K(13824K)] [ParOldGen: 12289K->7411K(16384K)] 14818K->7411K(30208K) [PSPermGen: 2474K->2474K(21504K)], 0.0126713 secs] [Times: user=0.00 sys=0.00, real=0.01 secs] 
2014-07-09T15:52:18.928+0200: 46.539: [GC [PSYoungGen: 11249K->1792K(13824K)] 18660K->9204K(30208K), 0.0013136 secs] [Times: user=0.00 sys=0.00, real=0.00 secs] 
2014-07-09T15:52:18.980+0200: 46.591: [GC [PSYoungGen: 13044K->2529K(13824K)] 20455K->12221K(30208K), 0.0115986 secs] [Times: user=0.00 sys=0.00, real=0.01 secs] 
2014-07-09T15:52:19.003+0200: 46.615: [GC [PSYoungGen: 13778K->2529K(13824K)] 23471K->17544K(30208K), 0.0088778 secs] [Times: user=0.01 sys=0.00, real=0.01 secs] 
2014-07-09T15:52:19.012+0200: 46.624: [Full GC [PSYoungGen: 2529K->0K(13824K)] [ParOldGen: 15015K->8343K(16384K)] 17544K->8343K(30208K) [PSPermGen: 2474K->2474K(21504K)], 0.0117192 secs] [Times: user=0.02 sys=0.00, real=0.01 secs] 
2014-07-09T15:52:19.077+0200: 46.688: [GC [PSYoungGen: 11234K->640K(13824K)] 19577K->8983K(30208K), 0.0005386 secs] [Times: user=0.00 sys=0.00, real=0.00 secs] 
2014-07-09T15:52:19.082+0200: 46.693: [GC [PSYoungGen: 11889K->2529K(13824K)] 20232K->12032K(30208K), 0.0027878 secs] [Times: user=0.00 sys=0.00, real=0.00 secs] 
2014-07-09T15:52:19.130+0200: 46.742: [GC [PSYoungGen: 13780K->2529K(13824K)] 23284K->16234K(30208K), 0.0092335 secs] [Times: user=0.03 sys=0.00, real=0.01 secs] 
2014-07-09T15:52:19.140+0200: 46.751: [Full GC [PSYoungGen: 2529K->0K(13824K)] [ParOldGen: 13705K->7194K(16384K)] 16234K->7194K(30208K) [PSPermGen: 2474K->2474K(21504K)], 0.0200673 secs] [Times: user=0.02 sys=0.00, real=0.02 secs] 
2014-07-09T15:52:19.181+0200: 46.792: [GC [PSYoungGen: 11249K->1568K(13824K)] 18443K->8763K(30208K), 0.0013191 secs] [Times: user=0.00 sys=0.00, real=0.00 secs] 
2014-07-09T15:52:19.228+0200: 46.839: [GC [PSYoungGen: 12820K->2529K(13824K)] 20014K->11812K(30208K), 0.0035185 secs] [Times: user=0.00 sys=0.00, real=0.00 secs] 
2014-07-09T15:52:19.281+0200: 46.892: [GC [PSYoungGen: 13784K->2529K(13824K)] 23067K->15918K(30208K), 0.0086483 secs] [Times: user=0.02 sys=0.00, real=0.01 secs] 
2014-07-09T15:52:19.290+0200: 46.901: [Full GC [PSYoungGen: 2529K->0K(13824K)] [ParOldGen: 13389K->7099K(16384K)] 15918K->7099K(30208K) [PSPermGen: 2474K->2474K(21504K)], 0.0204570 secs] [Times: user=0.02 sys=0.00, real=0.02 secs] 
2014-07-09T15:52:19.327+0200: 46.939: [GC [PSYoungGen: 11249K->1472K(13824K)] 18349K->8572K(30208K), 0.0008469 secs] [Times: user=0.00 sys=0.00, real=0.00 secs] 
2014-07-09T15:52:19.379+0200: 46.991: [GC [PSYoungGen: 12724K->2529K(13824K)] 19824K->11622K(30208K), 0.0058983 secs] [Times: user=0.03 sys=0.00, real=0.01 secs] 
2014-07-09T15:52:19.394+0200: 47.006: [GC [PSYoungGen: 13778K->2529K(13824K)] 22871K->16656K(30208K), 0.0094663 secs] [Times: user=0.03 sys=0.00, real=0.01 secs] 
2014-07-09T15:52:19.404+0200: 47.015: [Full GC [PSYoungGen: 2529K->0K(13824K)] [ParOldGen: 14127K->7903K(16384K)] 16656K->7903K(30208K) [PSPermGen: 2474K->2474K(21504K)], 0.0252726 secs] [Times: user=0.03 sys=0.00, real=0.02 secs] 
2014-07-09T15:52:19.478+0200: 47.089: [GC [PSYoungGen: 11251K->2401K(13824K)] 19155K->10304K(30208K), 0.0013074 secs] [Times: user=0.00 sys=0.00, real=0.00 secs] 
2014-07-09T15:52:19.484+0200: 47.096: [GC [PSYoungGen: 13650K->2529K(13824K)] 21554K->13354K(30208K), 0.0046334 secs] [Times: user=0.00 sys=0.00, real=0.01 secs] 
2014-07-09T15:52:19.489+0200: 47.101: [Full GC [PSYoungGen: 2529K->0K(13824K)] [ParOldGen: 10825K->5894K(16384K)] 13354K->5894K(30208K) [PSPermGen: 2474K->2474K(21504K)], 0.0097519 secs] [Times: user=0.03 sys=0.00, real=0.01 secs] 
2014-07-09T15:52:19.529+0200: 47.141: [GC [PSYoungGen: 11234K->2529K(13824K)] 17129K->12682K(30208K), 0.0052189 secs] [Times: user=0.00 sys=0.00, real=0.01 secs] 
2014-07-09T15:52:19.535+0200: 47.146: [Full GC [PSYoungGen: 2529K->0K(13824K)] [ParOldGen: 10152K->7136K(16384K)] 12682K->7136K(30208K) [PSPermGen: 2474K->2474K(21504K)], 0.0113782 secs] [Times: user=0.01 sys=0.00, real=0.01 secs] 
2014-07-09T15:52:19.580+0200: 47.192: [GC [PSYoungGen: 11249K->1632K(13824K)] 18385K->8769K(30208K), 0.0013070 secs] [Times: user=0.00 sys=0.00, real=0.00 secs] 
2014-07-09T15:52:19.628+0200: 47.240: [GC [PSYoungGen: 12884K->2529K(13824K)] 20020K->11818K(30208K), 0.0034181 secs] [Times: user=0.02 sys=0.00, real=0.00 secs] 
2014-07-09T15:52:19.681+0200: 47.293: [GC [PSYoungGen: 13778K->2529K(13824K)] 23068K->17013K(30208K), 0.0099766 secs] [Times: user=0.00 sys=0.00, real=0.01 secs] 
2014-07-09T15:52:19.691+0200: 47.303: [Full GC [PSYoungGen: 2529K->0K(13824K)] [ParOldGen: 14483K->8170K(16384K)] 17013K->8170K(30208K) [PSPermGen: 2474K->2474K(21504K)], 0.0159163 secs] [Times: user=0.03 sys=0.00, real=0.02 secs] 
2014-07-09T15:52:19.727+0200: 47.339: [GC [PSYoungGen: 11251K->2529K(13824K)] 19422K->10731K(30208K), 0.0012762 secs] [Times: user=0.00 sys=0.00, real=0.00 secs] 
2014-07-09T15:52:19.778+0200: 47.389: [GC [PSYoungGen: 13787K->2529K(13824K)] 21990K->12276K(30208K), 0.0026324 secs] [Times: user=0.00 sys=0.00, real=0.00 secs] 
2014-07-09T15:52:19.785+0200: 47.397: [GC [PSYoungGen: 13780K->2529K(13824K)] 23528K->16862K(30208K), 0.0058898 secs] [Times: user=0.03 sys=0.00, real=0.01 secs] 
2014-07-09T15:52:19.791+0200: 47.403: [Full GC [PSYoungGen: 2529K->0K(13824K)] [ParOldGen: 14333K->7567K(16384K)] 16862K->7567K(30208K) [PSPermGen: 2474K->2474K(21504K)], 0.0106468 secs] [Times: user=0.00 sys=0.00, real=0.01 secs] 
2014-07-09T15:52:19.878+0200: 47.490: [GC [PSYoungGen: 11249K->1952K(13824K)] 18817K->9520K(30208K), 0.0021305 secs] [Times: user=0.00 sys=0.00, real=0.00 secs] 
2014-07-09T15:52:19.891+0200: 47.503: [GC [PSYoungGen: 13204K->2529K(13824K)] 20772K->12538K(30208K), 0.0131131 secs] [Times: user=0.02 sys=0.00, real=0.01 secs] 
2014-07-09T15:52:19.929+0200: 47.541: [GC [PSYoungGen: 13778K->2529K(13824K)] 23787K->18052K(30208K), 0.0060398 secs] [Times: user=0.00 sys=0.00, real=0.01 secs] 
2014-07-09T15:52:19.936+0200: 47.547: [Full GC [PSYoungGen: 2529K->0K(13824K)] [ParOldGen: 15523K->8500K(16384K)] 18052K->8500K(30208K) [PSPermGen: 2474K->2474K(21504K)], 0.0115524 secs] [Times: user=0.03 sys=0.00, real=0.01 secs] 
2014-07-09T15:52:19.982+0200: 47.593: [GC [PSYoungGen: 11251K->2529K(13824K)] 19752K->11381K(30208K), 0.0022441 secs] [Times: user=0.00 sys=0.00, real=0.00 secs] 
2014-07-09T15:52:20.028+0200: 47.640: [GC [PSYoungGen: 13789K->2529K(13824K)] 22642K->13246K(30208K), 0.0031163 secs] [Times: user=0.00 sys=0.00, real=0.00 secs] 
2014-07-09T15:52:20.031+0200: 47.643: [Full GC [PSYoungGen: 2529K->0K(13824K)] [ParOldGen: 10717K->4855K(16384K)] 13246K->4855K(30208K) [PSPermGen: 2474K->2474K(21504K)], 0.0382915 secs] [Times: user=0.05 sys=0.00, real=0.04 secs] 
2014-07-09T15:52:20.085+0200: 47.697: [GC [PSYoungGen: 11249K->2529K(13824K)] 16104K->12250K(30208K), 0.0205945 secs] [Times: user=0.02 sys=0.00, real=0.02 secs] 
2014-07-09T15:52:20.106+0200: 47.718: [Full GC [PSYoungGen: 2529K->0K(13824K)] [ParOldGen: 9721K->7777K(16384K)] 12250K->7777K(30208K) [PSPermGen: 2474K->2474K(21504K)], 0.0145906 secs] [Times: user=0.01 sys=0.00, real=0.02 secs] 
2014-07-09T15:52:20.128+0200: 47.739: [GC [PSYoungGen: 11251K->2273K(13824K)] 19029K->10050K(30208K), 0.0017158 secs] [Times: user=0.00 sys=0.00, real=0.00 secs] 
2014-07-09T15:52:20.178+0200: 47.790: [GC [PSYoungGen: 13522K->2529K(13824K)] 21300K->13100K(30208K), 0.0039779 secs] [Times: user=0.00 sys=0.00, real=0.00 secs] 
2014-07-09T15:52:20.182+0200: 47.794: [Full GC [PSYoungGen: 2529K->0K(13824K)] [ParOldGen: 10571K->5766K(16384K)] 13100K->5766K(30208K) [PSPermGen: 2474K->2474K(21504K)], 0.0097236 secs] [Times: user=0.00 sys=0.00, real=0.01 secs] 
2014-07-09T15:52:20.227+0200: 47.838: [GC [PSYoungGen: 11251K->160K(13824K)] 17018K->5926K(30208K), 0.0004700 secs] [Times: user=0.00 sys=0.00, real=0.00 secs] 
2014-07-09T15:52:20.278+0200: 47.890: [GC [PSYoungGen: 11415K->2177K(13824K)] 17181K->7951K(30208K), 0.0022910 secs] [Times: user=0.00 sys=0.00, real=0.00 secs] 
2014-07-09T15:52:20.290+0200: 47.902: [GC [PSYoungGen: 13426K->2529K(13824K)] 19201K->11001K(30208K), 0.0069164 secs] [Times: user=0.00 sys=0.00, real=0.01 secs] 
2014-07-09T15:52:20.377+0200: 47.988: [GC [PSYoungGen: 13778K->64K(13824K)] 22250K->8544K(30208K), 0.0005815 secs] [Times: user=0.00 sys=0.00, real=0.00 secs] 
2014-07-09T15:52:20.383+0200: 47.994: [GC [PSYoungGen: 11313K->2529K(13824K)] 19793K->11593K(30208K), 0.0020777 secs] [Times: user=0.00 sys=0.00, real=0.00 secs] 
2014-07-09T15:52:20.430+0200: 48.042: [GC [PSYoungGen: 13778K->2529K(13824K)] 22843K->15219K(30208K), 0.0076390 secs] [Times: user=0.00 sys=0.00, real=0.01 secs] 
2014-07-09T15:52:20.438+0200: 48.050: [Full GC [PSYoungGen: 2529K->0K(13824K)] [ParOldGen: 12690K->6608K(16384K)] 15219K->6608K(30208K) [PSPermGen: 2474K->2474K(21504K)], 0.0157293 secs] [Times: user=0.03 sys=0.00, real=0.02 secs] 
2014-07-09T15:52:20.480+0200: 48.092: [GC [PSYoungGen: 11262K->1280K(13824K)] 17871K->7888K(30208K), 0.0014023 secs] [Times: user=0.00 sys=0.00, real=0.00 secs] 
2014-07-09T15:52:20.527+0200: 48.139: [GC [PSYoungGen: 12540K->1824K(13824K)] 19149K->8441K(30208K), 0.0139109 secs] [Times: user=0.02 sys=0.00, real=0.01 secs] 
2014-07-09T15:52:20.578+0200: 48.190: [GC [PSYoungGen: 13076K->2529K(13824K)] 19692K->11522K(30208K), 0.0036278 secs] [Times: user=0.00 sys=0.00, real=0.00 secs] 
2014-07-09T15:52:20.587+0200: 48.199: [GC [PSYoungGen: 13778K->2529K(13824K)] 22772K->16941K(30208K), 0.0057205 secs] [Times: user=0.00 sys=0.00, real=0.01 secs] 
2014-07-09T15:52:20.593+0200: 48.205: [Full GC [PSYoungGen: 2529K->0K(13824K)] [ParOldGen: 14412K->8407K(16384K)] 16941K->8407K(30208K) [PSPermGen: 2474K->2474K(21504K)], 0.0102322 secs] [Times: user=0.03 sys=0.00, real=0.01 secs] 
2014-07-09T15:52:20.678+0200: 48.289: [GC [PSYoungGen: 11251K->2529K(13824K)] 19659K->11160K(30208K), 0.0019347 secs] [Times: user=0.00 sys=0.00, real=0.00 secs] 
2014-07-09T15:52:20.685+0200: 48.297: [GC [PSYoungGen: 13778K->2529K(13824K)] 22410K->14434K(30208K), 0.0106673 secs] [Times: user=0.02 sys=0.00, real=0.01 secs] 
2014-07-09T15:52:20.696+0200: 48.308: [Full GC [PSYoungGen: 2529K->0K(13824K)] [ParOldGen: 11905K->6295K(16384K)] 14434K->6295K(30208K) [PSPermGen: 2474K->2474K(21504K)], 0.0087770 secs] [Times: user=0.00 sys=0.00, real=0.01 secs] 
2014-07-09T15:52:20.730+0200: 48.342: [GC [PSYoungGen: 11254K->2529K(13824K)] 17550K->14139K(30208K), 0.0056783 secs] [Times: user=0.00 sys=0.00, real=0.01 secs] 
2014-07-09T15:52:20.736+0200: 48.347: [Full GC [PSYoungGen: 2529K->0K(13824K)] [ParOldGen: 11610K->8195K(16384K)] 14139K->8195K(30208K) [PSPermGen: 2474K->2474K(21504K)], 0.0111857 secs] [Times: user=0.02 sys=0.00, real=0.01 secs] 
2014-07-09T15:52:20.781+0200: 48.393: [GC [PSYoungGen: 11251K->2529K(13824K)] 19447K->10884K(30208K), 0.0019303 secs] [Times: user=0.00 sys=0.00, real=0.00 secs] 
2014-07-09T15:52:20.829+0200: 48.440: [GC [PSYoungGen: 13778K->2529K(13824K)] 22134K->14094K(30208K), 0.0042862 secs] [Times: user=0.02 sys=0.00, real=0.00 secs] 
2014-07-09T15:52:20.833+0200: 48.445: [Full GC [PSYoungGen: 2529K->0K(13824K)] [ParOldGen: 11565K->6183K(16384K)] 14094K->6183K(30208K) [PSPermGen: 2474K->2474K(21504K)], 0.0090905 secs] [Times: user=0.00 sys=0.00, real=0.01 secs] 
2014-07-09T15:52:20.881+0200: 48.492: [GC [PSYoungGen: 11251K->544K(13824K)] 17435K->6727K(30208K), 0.0010390 secs] [Times: user=0.00 sys=0.00, real=0.00 secs] 
2014-07-09T15:52:20.928+0200: 48.539: [GC [PSYoungGen: 11793K->2529K(13824K)] 17977K->9809K(30208K), 0.0029326 secs] [Times: user=0.00 sys=0.00, real=0.00 secs] 
2014-07-09T15:52:20.985+0200: 48.597: [GC [PSYoungGen: 13780K->2529K(13824K)] 21060K->13915K(30208K), 0.0092804 secs] [Times: user=0.02 sys=0.00, real=0.01 secs] 
2014-07-09T15:52:20.995+0200: 48.606: [Full GC [PSYoungGen: 2529K->0K(13824K)] [ParOldGen: 11386K->7116K(16384K)] 13915K->7116K(30208K) [PSPermGen: 2474K->2474K(21504K)], 0.0090194 secs] [Times: user=0.00 sys=0.00, real=0.01 secs] 
2014-07-09T15:52:21.009+0200: 48.621: [GC [PSYoungGen: 11258K->1280K(13824K)] 18374K->8396K(30208K), 0.0009089 secs] [Times: user=0.00 sys=0.00, real=0.00 secs] 
2014-07-09T15:52:21.078+0200: 48.690: [GC [PSYoungGen: 12531K->2529K(13824K)] 19647K->10133K(30208K), 0.0030995 secs] [Times: user=0.00 sys=0.00, real=0.00 secs] 
2014-07-09T15:52:21.086+0200: 48.697: [GC [PSYoungGen: 13778K->2529K(13824K)] 21383K->13663K(30208K), 0.0060354 secs] [Times: user=0.00 sys=0.00, real=0.01 secs] 
2014-07-09T15:52:21.092+0200: 48.704: [Full GC [PSYoungGen: 2529K->0K(13824K)] [ParOldGen: 11134K->6513K(16384K)] 13663K->6513K(30208K) [PSPermGen: 2474K->2474K(21504K)], 0.0110501 secs] [Times: user=0.00 sys=0.00, real=0.01 secs] 
2014-07-09T15:52:21.177+0200: 48.789: [GC [PSYoungGen: 11251K->864K(13824K)] 17764K->7377K(30208K), 0.0007545 secs] [Times: user=0.00 sys=0.00, real=0.00 secs] 
2014-07-09T15:52:21.183+0200: 48.795: [GC [PSYoungGen: 12113K->2529K(13824K)] 18627K->10459K(30208K), 0.0027475 secs] [Times: user=0.00 sys=0.00, real=0.00 secs] 
2014-07-09T15:52:21.231+0200: 48.843: [GC [PSYoungGen: 13780K->2529K(13824K)] 21710K->14917K(30208K), 0.0085746 secs] [Times: user=0.03 sys=0.00, real=0.01 secs] 
2014-07-09T15:52:21.240+0200: 48.852: [Full GC [PSYoungGen: 2529K->0K(13824K)] [ParOldGen: 12388K->7446K(16384K)] 14917K->7446K(30208K) [PSPermGen: 2474K->2474K(21504K)], 0.0214304 secs] [Times: user=0.02 sys=0.00, real=0.02 secs] 
2014-07-09T15:52:21.280+0200: 48.891: [GC [PSYoungGen: 11260K->256K(13824K)] 18706K->7702K(30208K), 0.0143424 secs] [Times: user=0.02 sys=0.00, real=0.01 secs] 
2014-07-09T15:52:21.328+0200: 48.939: [GC [PSYoungGen: 11505K->2529K(13824K)] 18951K->10751K(30208K), 0.0026397 secs] [Times: user=0.00 sys=0.00, real=0.00 secs] 
2014-07-09T15:52:21.379+0200: 48.990: [GC [PSYoungGen: 13780K->2529K(13824K)] 22003K->14601K(30208K), 0.0047665 secs] [Times: user=0.00 sys=0.00, real=0.01 secs] 
2014-07-09T15:52:21.384+0200: 48.995: [Full GC [PSYoungGen: 2529K->0K(13824K)] [ParOldGen: 12072K->6839K(16384K)] 14601K->6839K(30208K) [PSPermGen: 2474K->2474K(21504K)], 0.0116330 secs] [Times: user=0.00 sys=0.00, real=0.01 secs] 
2014-07-09T15:52:21.427+0200: 49.039: [GC [PSYoungGen: 11249K->1184K(13824K)] 18089K->8024K(30208K), 0.0128766 secs] [Times: user=0.00 sys=0.00, real=0.01 secs] 
2014-07-09T15:52:21.478+0200: 49.090: [GC [PSYoungGen: 12436K->2529K(13824K)] 19276K->11106K(30208K), 0.0030459 secs] [Times: user=0.00 sys=0.00, real=0.00 secs] 
2014-07-09T15:52:21.486+0200: 49.098: [GC [PSYoungGen: 13778K->2529K(13824K)] 22355K->15884K(30208K), 0.0055078 secs] [Times: user=0.03 sys=0.00, real=0.01 secs] 
2014-07-09T15:52:21.492+0200: 49.104: [Full GC [PSYoungGen: 2529K->0K(13824K)] [ParOldGen: 13355K->7769K(16384K)] 15884K->7769K(30208K) [PSPermGen: 2475K->2475K(21504K)], 0.0099557 secs] [Times: user=0.00 sys=0.00, real=0.01 secs] 
2014-07-09T15:52:21.577+0200: 49.188: [GC [PSYoungGen: 11234K->448K(13824K)] 19004K->8217K(30208K), 0.0005598 secs] [Times: user=0.00 sys=0.00, real=0.00 secs] 
2014-07-09T15:52:21.582+0200: 49.194: [GC [PSYoungGen: 11697K->2529K(13824K)] 19467K->11267K(30208K), 0.0026085 secs] [Times: user=0.00 sys=0.00, real=0.00 secs] 
2014-07-09T15:52:21.629+0200: 49.240: [GC [PSYoungGen: 13780K->2529K(13824K)] 22518K->15245K(30208K), 0.0056875 secs] [Times: user=0.00 sys=0.02, real=0.01 secs] 
2014-07-09T15:52:21.634+0200: 49.246: [Full GC [PSYoungGen: 2529K->0K(13824K)] [ParOldGen: 12715K->7004K(16384K)] 15245K->7004K(30208K) [PSPermGen: 2475K->2475K(21504K)], 0.0111308 secs] [Times: user=0.03 sys=0.00, real=0.01 secs] 
2014-07-09T15:52:21.681+0200: 49.293: [GC [PSYoungGen: 11249K->1344K(13824K)] 18254K->8349K(30208K), 0.0017778 secs] [Times: user=0.00 sys=0.00, real=0.00 secs] 
2014-07-09T15:52:21.728+0200: 49.340: [GC [PSYoungGen: 12596K->2529K(13824K)] 19601K->11399K(30208K), 0.0146023 secs] [Times: user=0.01 sys=0.00, real=0.02 secs] 
2014-07-09T15:52:21.779+0200: 49.390: [GC [PSYoungGen: 13784K->2529K(13824K)] 22654K->15312K(30208K), 0.0049293 secs] [Times: user=0.00 sys=0.00, real=0.00 secs] 
2014-07-09T15:52:21.784+0200: 49.395: [Full GC [PSYoungGen: 2529K->0K(13824K)] [ParOldGen: 12783K->6910K(16384K)] 15312K->6910K(30208K) [PSPermGen: 2475K->2475K(21504K)], 0.0111095 secs] [Times: user=0.00 sys=0.00, real=0.01 secs] 
2014-07-09T15:52:21.827+0200: 49.439: [GC [PSYoungGen: 11249K->1280K(13824K)] 18159K->8191K(30208K), 0.0007809 secs] [Times: user=0.00 sys=0.00, real=0.00 secs] 
2014-07-09T15:52:21.880+0200: 49.491: [GC [PSYoungGen: 12532K->2529K(13824K)] 19442K->11240K(30208K), 0.0052790 secs] [Times: user=0.00 sys=0.00, real=0.00 secs] 
2014-07-09T15:52:21.894+0200: 49.506: [GC [PSYoungGen: 13778K->2529K(13824K)] 22490K->16082K(30208K), 0.0089926 secs] [Times: user=0.00 sys=0.00, real=0.01 secs] 
2014-07-09T15:52:21.904+0200: 49.515: [Full GC [PSYoungGen: 2529K->0K(13824K)] [ParOldGen: 13553K->7838K(16384K)] 16082K->7838K(30208K) [PSPermGen: 2475K->2475K(21504K)], 0.0199166 secs] [Times: user=0.03 sys=0.00, real=0.02 secs] 
2014-07-09T15:52:21.978+0200: 49.590: [GC [PSYoungGen: 11251K->2209K(13824K)] 19090K->10047K(30208K), 0.0022793 secs] [Times: user=0.00 sys=0.00, real=0.00 secs] 
2014-07-09T15:52:21.990+0200: 49.602: [GC [PSYoungGen: 13467K->2529K(13824K)] 21306K->11560K(30208K), 0.0053179 secs] [Times: user=0.00 sys=0.00, real=0.01 secs] 
2014-07-09T15:52:22.028+0200: 49.640: [GC [PSYoungGen: 13786K->2529K(13824K)] 22817K->15282K(30208K), 0.0051353 secs] [Times: user=0.00 sys=0.00, real=0.01 secs] 
2014-07-09T15:52:22.034+0200: 49.645: [Full GC [PSYoungGen: 2529K->0K(13824K)] [ParOldGen: 12753K->6720K(16384K)] 15282K->6720K(30208K) [PSPermGen: 2475K->2475K(21504K)], 0.0549447 secs] [Times: user=0.08 sys=0.00, real=0.06 secs] 
2014-07-09T15:52:22.095+0200: 49.707: [GC [PSYoungGen: 11249K->1056K(13824K)] 17969K->7776K(30208K), 0.0030104 secs] [Times: user=0.02 sys=0.00, real=0.00 secs] 
2014-07-09T15:52:22.128+0200: 49.739: [GC [PSYoungGen: 12305K->2529K(13824K)] 19026K->10858K(30208K), 0.0026496 secs] [Times: user=0.00 sys=0.00, real=0.00 secs] 
2014-07-09T15:52:22.179+0200: 49.790: [GC [PSYoungGen: 13778K->2529K(13824K)] 22107K->15508K(30208K), 0.0053637 secs] [Times: user=0.00 sys=0.00, real=0.01 secs] 
2014-07-09T15:52:22.184+0200: 49.796: [Full GC [PSYoungGen: 2529K->0K(13824K)] [ParOldGen: 12979K->7648K(16384K)] 15508K->7648K(30208K) [PSPermGen: 2475K->2475K(21504K)], 0.0100202 secs] [Times: user=0.03 sys=0.00, real=0.01 secs] 
2014-07-09T15:52:22.227+0200: 49.839: [GC [PSYoungGen: 11254K->960K(13824K)] 18903K->8608K(30208K), 0.0010636 secs] [Times: user=0.00 sys=0.00, real=0.00 secs] 
2014-07-09T15:52:22.278+0200: 49.889: [GC [PSYoungGen: 12209K->2529K(13824K)] 19858K->11690K(30208K), 0.0025920 secs] [Times: user=0.00 sys=0.00, real=0.00 secs] 
2014-07-09T15:52:22.285+0200: 49.897: [GC [PSYoungGen: 13780K->2529K(13824K)] 22941K->16244K(30208K), 0.0052501 secs] [Times: user=0.00 sys=0.00, real=0.01 secs] 
2014-07-09T15:52:22.291+0200: 49.903: [Full GC [PSYoungGen: 2529K->0K(13824K)] [ParOldGen: 13715K->7553K(16384K)] 16244K->7553K(30208K) [PSPermGen: 2475K->2475K(21504K)], 0.0094230 secs] [Times: user=0.03 sys=0.00, real=0.01 secs] 
2014-07-09T15:52:22.378+0200: 49.990: [GC [PSYoungGen: 11249K->1920K(13824K)] 18802K->9473K(30208K), 0.0021429 secs] [Times: user=0.00 sys=0.00, real=0.00 secs] 
2014-07-09T15:52:22.389+0200: 50.001: [GC [PSYoungGen: 13172K->2529K(13824K)] 20725K->12523K(30208K), 0.0073776 secs] [Times: user=0.03 sys=0.00, real=0.01 secs] 
2014-07-09T15:52:22.431+0200: 50.043: [GC [PSYoungGen: 13778K->2529K(13824K)] 23772K->18006K(30208K), 0.0105918 secs] [Times: user=0.03 sys=0.00, real=0.01 secs] 
2014-07-09T15:52:22.442+0200: 50.054: [Full GC [PSYoungGen: 2529K->0K(13824K)] [ParOldGen: 15476K->8481K(16384K)] 18006K->8481K(30208K) [PSPermGen: 2475K->2475K(21504K)], 0.0196636 secs] [Times: user=0.02 sys=0.00, real=0.02 secs] 
2014-07-09T15:52:22.481+0200: 50.093: [GC [PSYoungGen: 11251K->2529K(13824K)] 19732K->11330K(30208K), 0.0022188 secs] [Times: user=0.00 sys=0.00, real=0.00 secs] 
2014-07-09T15:52:22.529+0200: 50.141: [GC [PSYoungGen: 13762K->2529K(13824K)] 22564K->13003K(30208K), 0.0046283 secs] [Times: user=0.02 sys=0.00, real=0.00 secs] 
2014-07-09T15:52:22.534+0200: 50.146: [Full GC [PSYoungGen: 2529K->0K(13824K)] [ParOldGen: 10474K->4673K(16384K)] 13003K->4673K(30208K) [PSPermGen: 2475K->2475K(21504K)], 0.0161524 secs] [Times: user=0.03 sys=0.00, real=0.02 secs] 
2014-07-09T15:52:22.579+0200: 50.191: [GC [PSYoungGen: 11249K->2529K(13824K)] 15922K->11908K(30208K), 0.0058180 secs] [Times: user=0.03 sys=0.00, real=0.01 secs] 
2014-07-09T15:52:22.628+0200: 50.240: [GC [PSYoungGen: 13778K->2080K(13824K)] 23158K->11468K(30208K), 0.0013818 secs] [Times: user=0.00 sys=0.00, real=0.00 secs] 
2014-07-09T15:52:22.678+0200: 50.290: [GC [PSYoungGen: 13330K->2529K(13824K)] 22718K->14518K(30208K), 0.0040435 secs] [Times: user=0.00 sys=0.00, real=0.00 secs] 
2014-07-09T15:52:22.682+0200: 50.294: [Full GC [PSYoungGen: 2529K->0K(13824K)] [ParOldGen: 11988K->5601K(16384K)] 14518K->5601K(30208K) [PSPermGen: 2475K->2475K(21504K)], 0.0116055 secs] [Times: user=0.02 sys=0.00, real=0.01 secs] 
2014-07-09T15:52:22.699+0200: 50.311: [GC [PSYoungGen: 11249K->2529K(13824K)] 16851K->13765K(30208K), 0.0066719 secs] [Times: user=0.03 sys=0.00, real=0.01 secs] 
2014-07-09T15:52:22.706+0200: 50.318: [Full GC [PSYoungGen: 2529K->0K(13824K)] [ParOldGen: 11236K->8520K(16384K)] 13765K->8520K(30208K) [PSPermGen: 2475K->2475K(21504K)], 0.0145176 secs] [Times: user=0.02 sys=0.00, real=0.01 secs] 
2014-07-09T15:52:22.777+0200: 50.389: [GC [PSYoungGen: 11260K->1440K(13824K)] 19781K->9961K(30208K), 0.0011787 secs] [Times: user=0.00 sys=0.00, real=0.00 secs] 
2014-07-09T15:52:22.783+0200: 50.395: [GC [PSYoungGen: 12692K->2529K(13824K)] 21212K->13042K(30208K), 0.0038133 secs] [Times: user=0.00 sys=0.00, real=0.00 secs] 
2014-07-09T15:52:22.787+0200: 50.399: [Full GC [PSYoungGen: 2529K->0K(13824K)] [ParOldGen: 10513K->4967K(16384K)] 13042K->4967K(30208K) [PSPermGen: 2475K->2475K(21504K)], 0.0081926 secs] [Times: user=0.00 sys=0.00, real=0.01 secs] 
2014-07-09T15:52:22.829+0200: 50.440: [GC [PSYoungGen: 11249K->2529K(13824K)] 16217K->12523K(30208K), 0.0058517 secs] [Times: user=0.03 sys=0.00, real=0.01 secs] 
2014-07-09T15:52:22.835+0200: 50.446: [Full GC [PSYoungGen: 2529K->0K(13824K)] [ParOldGen: 9994K->7912K(16384K)] 12523K->7912K(30208K) [PSPermGen: 2475K->2475K(21504K)], 0.0103135 secs] [Times: user=0.00 sys=0.00, real=0.01 secs] 
2014-07-09T15:52:22.884+0200: 50.495: [GC [PSYoungGen: 11251K->2401K(13824K)] 19164K->10313K(30208K), 0.0034727 secs] [Times: user=0.00 sys=0.00, real=0.00 secs] 
2014-07-09T15:52:22.930+0200: 50.541: [GC [PSYoungGen: 13650K->2529K(13824K)] 21563K->13363K(30208K), 0.0065384 secs] [Times: user=0.00 sys=0.00, real=0.01 secs] 
2014-07-09T15:52:22.937+0200: 50.548: [Full GC [PSYoungGen: 2529K->0K(13824K)] [ParOldGen: 10834K->5894K(16384K)] 13363K->5894K(30208K) [PSPermGen: 2475K->2475K(21504K)], 0.0227037 secs] [Times: user=0.06 sys=0.00, real=0.02 secs] 
2014-07-09T15:52:22.980+0200: 50.591: [GC [PSYoungGen: 11251K->288K(13824K)] 17146K->6182K(30208K), 0.0007937 secs] [Times: user=0.00 sys=0.00, real=0.00 secs] 
2014-07-09T15:52:23.028+0200: 50.640: [GC [PSYoungGen: 11546K->1792K(13824K)] 17441K->7695K(30208K), 0.0020960 secs] [Times: user=0.00 sys=0.00, real=0.00 secs] 
2014-07-09T15:52:23.079+0200: 50.690: [GC [PSYoungGen: 13044K->2529K(13824K)] 18947K->10745K(30208K), 0.0044215 secs] [Times: user=0.03 sys=0.00, real=0.00 secs] 
2014-07-09T15:52:23.089+0200: 50.700: [GC [PSYoungGen: 13778K->2529K(13824K)] 21994K->16099K(30208K), 0.0057461 secs] [Times: user=0.01 sys=0.00, real=0.01 secs] 
2014-07-09T15:52:23.095+0200: 50.706: [Full GC [PSYoungGen: 2529K->0K(13824K)] [ParOldGen: 13570K->8334K(16384K)] 16099K->8334K(30208K) [PSPermGen: 2475K->2475K(21504K)], 0.0102329 secs] [Times: user=0.00 sys=0.00, real=0.01 secs] 
2014-07-09T15:52:23.177+0200: 50.789: [GC [PSYoungGen: 11251K->2529K(13824K)] 19585K->11055K(30208K), 0.0014188 secs] [Times: user=0.00 sys=0.00, real=0.00 secs] 
2014-07-09T15:52:23.184+0200: 50.795: [GC [PSYoungGen: 13778K->2529K(13824K)] 22305K->14297K(30208K), 0.0045124 secs] [Times: user=0.00 sys=0.00, real=0.00 secs] 
2014-07-09T15:52:23.188+0200: 50.800: [Full GC [PSYoungGen: 2529K->0K(13824K)] [ParOldGen: 11768K->6224K(16384K)] 14297K->6224K(30208K) [PSPermGen: 2475K->2475K(21504K)], 0.0090465 secs] [Times: user=0.02 sys=0.00, real=0.01 secs] 
2014-07-09T15:52:23.231+0200: 50.841: [GC [PSYoungGen: 11262K->768K(13824K)] 17486K->6992K(30208K), 0.0010603 secs] [Times: user=0.00 sys=0.00, real=0.00 secs] 
2014-07-09T15:52:23.281+0200: 50.891: [GC [PSYoungGen: 12012K->2529K(13824K)] 18236K->8857K(30208K), 0.0023545 secs] [Times: user=0.02 sys=0.00, real=0.00 secs] 
2014-07-09T15:52:23.329+0200: 50.940: [GC [PSYoungGen: 13778K->2529K(13824K)] 20107K->11971K(30208K), 0.0051790 secs] [Times: user=0.01 sys=0.00, real=0.01 secs] 
2014-07-09T15:52:23.380+0200: 50.990: [GC [PSYoungGen: 13780K->512K(13824K)] 23222K->9962K(30208K), 0.0008099 secs] [Times: user=0.00 sys=0.00, real=0.00 secs] 
2014-07-09T15:52:23.429+0200: 51.039: [GC [PSYoungGen: 11761K->2529K(13824K)] 21211K->13011K(30208K), 0.0037183 secs] [Times: user=0.00 sys=0.00, real=0.00 secs] 
2014-07-09T15:52:23.433+0200: 51.043: [Full GC [PSYoungGen: 2529K->0K(13824K)] [ParOldGen: 10482K->4021K(16384K)] 13011K->4021K(30208K) [PSPermGen: 2475K->2475K(21504K)], 0.0184013 secs] [Times: user=0.03 sys=0.00, real=0.02 secs] 
2014-07-09T15:52:23.479+0200: 51.090: [GC [PSYoungGen: 11251K->2529K(13824K)] 15272K->10616K(30208K), 0.0050532 secs] [Times: user=0.00 sys=0.00, real=0.00 secs] 
2014-07-09T15:52:23.489+0200: 51.100: [GC [PSYoungGen: 13787K->288K(13824K)] 21874K->8383K(30208K), 0.0010434 secs] [Times: user=0.00 sys=0.00, real=0.00 secs] 
2014-07-09T15:52:23.578+0200: 51.189: [GC [PSYoungGen: 11550K->2305K(13824K)] 19646K->10408K(30208K), 0.0023732 secs] [Times: user=0.02 sys=0.00, real=0.00 secs] 
2014-07-09T15:52:23.591+0200: 51.201: [GC [PSYoungGen: 13554K->2529K(13824K)] 21658K->13426K(30208K), 0.0084628 secs] [Times: user=0.01 sys=0.00, real=0.01 secs] 
2014-07-09T15:52:23.599+0200: 51.210: [Full GC [PSYoungGen: 2529K->0K(13824K)] [ParOldGen: 10896K->5817K(16384K)] 13426K->5817K(30208K) [PSPermGen: 2475K->2475K(21504K)], 0.0104642 secs] [Times: user=0.00 sys=0.00, real=0.01 secs] 
2014-07-09T15:52:23.677+0200: 51.288: [GC [PSYoungGen: 11251K->192K(13824K)] 17069K->6009K(30208K), 0.0012696 secs] [Times: user=0.00 sys=0.00, real=0.00 secs] 
2014-07-09T15:52:23.686+0200: 51.297: [GC [PSYoungGen: 11441K->2529K(13824K)] 17259K->9059K(30208K), 0.0061366 secs] [Times: user=0.03 sys=0.00, real=0.01 secs] 
2014-07-09T15:52:23.730+0200: 51.341: [GC [PSYoungGen: 13784K->2529K(13824K)] 20314K->11788K(30208K), 0.0093735 secs] [Times: user=0.03 sys=0.00, real=0.01 secs] 
2014-07-09T15:52:23.782+0200: 51.392: [GC [PSYoungGen: 13780K->64K(13824K)] 23040K->9331K(30208K), 0.0016806 secs] [Times: user=0.02 sys=0.00, real=0.00 secs] 
2014-07-09T15:52:23.828+0200: 51.439: [GC [PSYoungGen: 11313K->2529K(13824K)] 20580K->12412K(30208K), 0.0033018 secs] [Times: user=0.02 sys=0.00, real=0.00 secs] 
2014-07-09T15:52:23.879+0200: 51.490: [GC [PSYoungGen: 13778K->2529K(13824K)] 23662K->16070K(30208K), 0.0046741 secs] [Times: user=0.00 sys=0.00, real=0.01 secs] 
2014-07-09T15:52:23.884+0200: 51.495: [Full GC [PSYoungGen: 2529K->0K(13824K)] [ParOldGen: 13541K->6653K(16384K)] 16070K->6653K(30208K) [PSPermGen: 2475K->2475K(21504K)], 0.0110648 secs] [Times: user=0.02 sys=0.00, real=0.01 secs] 
2014-07-09T15:52:23.927+0200: 51.538: [GC [PSYoungGen: 11249K->1024K(13824K)] 17903K->7678K(30208K), 0.0016846 secs] [Times: user=0.00 sys=0.00, real=0.00 secs] 
2014-07-09T15:52:23.978+0200: 51.589: [GC [PSYoungGen: 12273K->2529K(13824K)] 18927K->10727K(30208K), 0.0026008 secs] [Times: user=0.00 sys=0.00, real=0.00 secs] 
2014-07-09T15:52:23.987+0200: 51.598: [GC [PSYoungGen: 13780K->2529K(13824K)] 21979K->15313K(30208K), 0.0070304 secs] [Times: user=0.00 sys=0.00, real=0.01 secs] 
2014-07-09T15:52:23.994+0200: 51.605: [Full GC [PSYoungGen: 2529K->0K(13824K)] [ParOldGen: 12784K->7582K(16384K)] 15313K->7582K(30208K) [PSPermGen: 2475K->2475K(21504K)], 0.0130343 secs] [Times: user=0.01 sys=0.00, real=0.01 secs] 
2014-07-09T15:52:24.077+0200: 51.688: [GC [PSYoungGen: 11260K->416K(13824K)] 18842K->7998K(30208K), 0.0006310 secs] [Times: user=0.00 sys=0.00, real=0.00 secs] 
2014-07-09T15:52:24.082+0200: 51.693: [GC [PSYoungGen: 11665K->2529K(13824K)] 19247K->11047K(30208K), 0.0026870 secs] [Times: user=0.00 sys=0.00, real=0.00 secs] 
2014-07-09T15:52:24.128+0200: 51.739: [GC [PSYoungGen: 13780K->2529K(13824K)] 22299K->15025K(30208K), 0.0048835 secs] [Times: user=0.00 sys=0.00, real=0.00 secs] 
2014-07-09T15:52:24.133+0200: 51.744: [Full GC [PSYoungGen: 2529K->0K(13824K)] [ParOldGen: 12496K->6975K(16384K)] 15025K->6975K(30208K) [PSPermGen: 2475K->2475K(21504K)], 0.0095700 secs] [Times: user=0.03 sys=0.00, real=0.01 secs] 
2014-07-09T15:52:24.180+0200: 51.791: [GC [PSYoungGen: 11249K->1344K(13824K)] 18224K->8319K(30208K), 0.0013158 secs] [Times: user=0.00 sys=0.00, real=0.00 secs] 
2014-07-09T15:52:24.229+0200: 51.840: [GC [PSYoungGen: 12596K->2529K(13824K)] 19571K->11369K(30208K), 0.0052878 secs] [Times: user=0.02 sys=0.00, real=0.01 secs] 
2014-07-09T15:52:24.279+0200: 51.890: [GC [PSYoungGen: 13787K->2529K(13824K)] 22627K->14738K(30208K), 0.0043676 secs] [Times: user=0.03 sys=0.00, real=0.00 secs] 
2014-07-09T15:52:24.284+0200: 51.894: [Full GC [PSYoungGen: 2529K->0K(13824K)] [ParOldGen: 12209K->6367K(16384K)] 14738K->6367K(30208K) [PSPermGen: 2475K->2475K(21504K)], 0.0104796 secs] [Times: user=0.00 sys=0.00, real=0.01 secs] 
2014-07-09T15:52:24.327+0200: 51.938: [GC [PSYoungGen: 11251K->736K(13824K)] 17619K->7104K(30208K), 0.0005877 secs] [Times: user=0.00 sys=0.00, real=0.00 secs] 
2014-07-09T15:52:24.379+0200: 51.990: [GC [PSYoungGen: 11985K->2529K(13824K)] 18353K->10153K(30208K), 0.0041304 secs] [Times: user=0.00 sys=0.00, real=0.00 secs] 
2014-07-09T15:52:24.394+0200: 52.004: [GC [PSYoungGen: 13780K->2529K(13824K)] 21405K->14419K(30208K), 0.0134552 secs] [Times: user=0.01 sys=0.00, real=0.01 secs] 
2014-07-09T15:52:24.407+0200: 52.018: [Full GC [PSYoungGen: 2529K->0K(13824K)] [ParOldGen: 11890K->7296K(16384K)] 14419K->7296K(30208K) [PSPermGen: 2475K->2475K(21504K)], 0.0155831 secs] [Times: user=0.02 sys=0.00, real=0.02 secs] 
2014-07-09T15:52:24.477+0200: 52.088: [GC [PSYoungGen: 11249K->1664K(13824K)] 18545K->8961K(30208K), 0.0008414 secs] [Times: user=0.00 sys=0.00, real=0.00 secs] 
2014-07-09T15:52:24.483+0200: 52.093: [GC [PSYoungGen: 12916K->2529K(13824K)] 20212K->12010K(30208K), 0.0038628 secs] [Times: user=0.03 sys=0.00, real=0.00 secs] 
2014-07-09T15:52:24.530+0200: 52.141: [GC [PSYoungGen: 13792K->2529K(13824K)] 23274K->15572K(30208K), 0.0078073 secs] [Times: user=0.03 sys=0.00, real=0.01 secs] 
2014-07-09T15:52:24.538+0200: 52.149: [Full GC [PSYoungGen: 2529K->0K(13824K)] [ParOldGen: 13043K->6561K(16384K)] 15572K->6561K(30208K) [PSPermGen: 2475K->2475K(21504K)], 0.0204570 secs] [Times: user=0.02 sys=0.00, real=0.02 secs] 
2014-07-09T15:52:24.580+0200: 52.191: [GC [PSYoungGen: 11251K->928K(13824K)] 17813K->7490K(30208K), 0.0010229 secs] [Times: user=0.00 sys=0.00, real=0.00 secs] 
2014-07-09T15:52:24.629+0200: 52.240: [GC [PSYoungGen: 12177K->2529K(13824K)] 18739K->10539K(30208K), 0.0045748 secs] [Times: user=0.00 sys=0.00, real=0.00 secs] 
2014-07-09T15:52:24.681+0200: 52.292: [GC [PSYoungGen: 13780K->2529K(13824K)] 21791K->15029K(30208K), 0.0091026 secs] [Times: user=0.03 sys=0.00, real=0.01 secs] 
2014-07-09T15:52:24.690+0200: 52.301: [Full GC [PSYoungGen: 2529K->0K(13824K)] [ParOldGen: 12500K->7490K(16384K)] 15029K->7490K(30208K) [PSPermGen: 2475K->2475K(21504K)], 0.0204251 secs] [Times: user=0.01 sys=0.00, real=0.02 secs] 
2014-07-09T15:52:24.728+0200: 52.338: [GC [PSYoungGen: 11249K->1856K(13824K)] 18739K->9346K(30208K), 0.0013331 secs] [Times: user=0.00 sys=0.00, real=0.00 secs] 
2014-07-09T15:52:24.779+0200: 52.390: [GC [PSYoungGen: 13111K->2529K(13824K)] 20601K->11371K(30208K), 0.0050341 secs] [Times: user=0.03 sys=0.00, real=0.00 secs] 
2014-07-09T15:52:24.794+0200: 52.404: [GC [PSYoungGen: 13780K->2529K(13824K)] 22623K->15766K(30208K), 0.0061758 secs] [Times: user=0.03 sys=0.00, real=0.01 secs] 
2014-07-09T15:52:24.800+0200: 52.411: [Full GC [PSYoungGen: 2529K->0K(13824K)] [ParOldGen: 13236K->7394K(16384K)] 15766K->7394K(30208K) [PSPermGen: 2475K->2475K(21504K)], 0.0131135 secs] [Times: user=0.03 sys=0.00, real=0.01 secs] 
2014-07-09T15:52:24.878+0200: 52.489: [GC [PSYoungGen: 11249K->1760K(13824K)] 18644K->9155K(30208K), 0.0020615 secs] [Times: user=0.00 sys=0.00, real=0.00 secs] 
2014-07-09T15:52:24.889+0200: 52.500: [GC [PSYoungGen: 13012K->2529K(13824K)] 20406K->12204K(30208K), 0.0066851 secs] [Times: user=0.03 sys=0.00, real=0.01 secs] 
2014-07-09T15:52:24.931+0200: 52.542: [GC [PSYoungGen: 13778K->2529K(13824K)] 23454K->17527K(30208K), 0.0100595 secs] [Times: user=0.03 sys=0.00, real=0.01 secs] 
2014-07-09T15:52:24.942+0200: 52.552: [Full GC [PSYoungGen: 2529K->0K(13824K)] [ParOldGen: 14998K->8323K(16384K)] 17527K->8323K(30208K) [PSPermGen: 2475K->2475K(21504K)], 0.0372147 secs] [Times: user=0.03 sys=0.00, real=0.04 secs] 
2014-07-09T15:52:24.983+0200: 52.594: [GC [PSYoungGen: 11234K->608K(13824K)] 19557K->8931K(30208K), 0.0008788 secs] [Times: user=0.03 sys=0.00, real=0.00 secs] 
2014-07-09T15:52:25.028+0200: 52.639: [GC [PSYoungGen: 11857K->2529K(13824K)] 20180K->11980K(30208K), 0.0023222 secs] [Times: user=0.00 sys=0.00, real=0.00 secs] 
2014-07-09T15:52:25.080+0200: 52.691: [GC [PSYoungGen: 13780K->2529K(13824K)] 23232K->16118K(30208K), 0.0115560 secs] [Times: user=0.00 sys=0.00, real=0.01 secs] 
2014-07-09T15:52:25.092+0200: 52.702: [Full GC [PSYoungGen: 2529K->0K(13824K)] [ParOldGen: 13589K->7172K(16384K)] 16118K->7172K(30208K) [PSPermGen: 2475K->2475K(21504K)], 0.0116851 secs] [Times: user=0.03 sys=0.00, real=0.01 secs] 
2014-07-09T15:52:25.128+0200: 52.739: [GC [PSYoungGen: 11249K->1536K(13824K)] 18421K->8708K(30208K), 0.0008062 secs] [Times: user=0.00 sys=0.00, real=0.00 secs] 
2014-07-09T15:52:25.178+0200: 52.789: [GC [PSYoungGen: 12788K->2529K(13824K)] 19960K->11758K(30208K), 0.0032985 secs] [Times: user=0.00 sys=0.00, real=0.00 secs] 
2014-07-09T15:52:25.186+0200: 52.797: [GC [PSYoungGen: 13778K->2529K(13824K)] 23007K->16824K(30208K), 0.0062066 secs] [Times: user=0.01 sys=0.00, real=0.01 secs] 
2014-07-09T15:52:25.192+0200: 52.803: [Full GC [PSYoungGen: 2529K->0K(13824K)] [ParOldGen: 14295K->8100K(16384K)] 16824K->8100K(30208K) [PSPermGen: 2475K->2475K(21504K)], 0.0098927 secs] [Times: user=0.03 sys=0.00, real=0.01 secs] 
2014-07-09T15:52:25.278+0200: 52.889: [GC [PSYoungGen: 11254K->1440K(13824K)] 19355K->9541K(30208K), 0.0021220 secs] [Times: user=0.02 sys=0.00, real=0.00 secs] 
2014-07-09T15:52:25.289+0200: 52.900: [GC [PSYoungGen: 12692K->2529K(13824K)] 20792K->12590K(30208K), 0.0066048 secs] [Times: user=0.02 sys=0.00, real=0.01 secs] 
2014-07-09T15:52:25.329+0200: 52.940: [GC [PSYoungGen: 13778K->2529K(13824K)] 23840K->17593K(30208K), 0.0058154 secs] [Times: user=0.00 sys=0.00, real=0.01 secs] 
2014-07-09T15:52:25.335+0200: 52.946: [Full GC [PSYoungGen: 2529K->0K(13824K)] [ParOldGen: 15064K->8005K(16384K)] 17593K->8005K(30208K) [PSPermGen: 2475K->2475K(21504K)], 0.0101926 secs] [Times: user=0.03 sys=0.00, real=0.01 secs] 
2014-07-09T15:52:25.380+0200: 52.991: [GC [PSYoungGen: 11251K->2369K(13824K)] 19256K->10374K(30208K), 0.0019435 secs] [Times: user=0.00 sys=0.00, real=0.00 secs] 
2014-07-09T15:52:25.430+0200: 53.041: [GC [PSYoungGen: 13618K->2529K(13824K)] 21623K->13423K(30208K), 0.0069578 secs] [Times: user=0.03 sys=0.00, real=0.01 secs] 
2014-07-09T15:52:25.437+0200: 53.048: [Full GC [PSYoungGen: 2529K->0K(13824K)] [ParOldGen: 10894K->5892K(16384K)] 13423K->5892K(30208K) [PSPermGen: 2475K->2475K(21504K)], 0.0203265 secs] [Times: user=0.02 sys=0.00, real=0.02 secs] 
2014-07-09T15:52:25.481+0200: 53.092: [GC [PSYoungGen: 11251K->224K(13824K)] 17143K->6116K(30208K), 0.0008363 secs] [Times: user=0.00 sys=0.00, real=0.00 secs] 
2014-07-09T15:52:25.527+0200: 53.138: [GC [PSYoungGen: 11456K->1600K(13824K)] 17348K->7500K(30208K), 0.0008348 secs] [Times: user=0.00 sys=0.00, real=0.00 secs] 
2014-07-09T15:52:25.580+0200: 53.191: [GC [PSYoungGen: 12852K->2529K(13824K)] 18752K->10550K(30208K), 0.0058807 secs] [Times: user=0.00 sys=0.00, real=0.01 secs] 
2014-07-09T15:52:25.595+0200: 53.206: [GC [PSYoungGen: 13778K->2529K(13824K)] 21799K->15712K(30208K), 0.0094923 secs] [Times: user=0.00 sys=0.00, real=0.01 secs] 
2014-07-09T15:52:25.605+0200: 53.216: [Full GC [PSYoungGen: 2529K->0K(13824K)] [ParOldGen: 13183K->8047K(16384K)] 15712K->8047K(30208K) [PSPermGen: 2475K->2475K(21504K)], 0.0150097 secs] [Times: user=0.03 sys=0.00, real=0.01 secs] 
2014-07-09T15:52:25.678+0200: 53.289: [GC [PSYoungGen: 11251K->2529K(13824K)] 19298K->10576K(30208K), 0.0025114 secs] [Times: user=0.00 sys=0.00, real=0.00 secs] 
2014-07-09T15:52:25.691+0200: 53.302: [GC [PSYoungGen: 13778K->2529K(13824K)] 21826K->13594K(30208K), 0.0096445 secs] [Times: user=0.02 sys=0.00, real=0.01 secs] 
2014-07-09T15:52:25.701+0200: 53.312: [Full GC [PSYoungGen: 2529K->0K(13824K)] [ParOldGen: 11064K->6022K(16384K)] 13594K->6022K(30208K) [PSPermGen: 2475K->2475K(21504K)], 0.0240085 secs] [Times: user=0.01 sys=0.00, real=0.02 secs] 
2014-07-09T15:52:25.731+0200: 53.341: [GC [PSYoungGen: 11260K->512K(13824K)] 17282K->6534K(30208K), 0.0008154 secs] [Times: user=0.00 sys=0.00, real=0.00 secs] 
2014-07-09T15:52:25.781+0200: 53.391: [GC [PSYoungGen: 11762K->1920K(13824K)] 17785K->7951K(30208K), 0.0014522 secs] [Times: user=0.00 sys=0.00, real=0.00 secs] 
2014-07-09T15:52:25.829+0200: 53.440: [GC [PSYoungGen: 13172K->2529K(13824K)] 19203K->11001K(30208K), 0.0034360 secs] [Times: user=0.00 sys=0.00, real=0.00 secs] 
2014-07-09T15:52:25.882+0200: 53.493: [GC [PSYoungGen: 13778K->2529K(13824K)] 22250K->16484K(30208K), 0.0101845 secs] [Times: user=0.03 sys=0.00, real=0.01 secs] 
2014-07-09T15:52:25.892+0200: 53.503: [Full GC [PSYoungGen: 2529K->0K(13824K)] [ParOldGen: 13954K->8462K(16384K)] 16484K->8462K(30208K) [PSPermGen: 2475K->2475K(21504K)], 0.0200181 secs] [Times: user=0.02 sys=0.00, real=0.02 secs] 
2014-07-09T15:52:25.928+0200: 53.539: [GC [PSYoungGen: 11251K->2529K(13824K)] 19714K->11311K(30208K), 0.0016062 secs] [Times: user=0.00 sys=0.00, real=0.00 secs] 
2014-07-09T15:52:25.980+0200: 53.591: [GC [PSYoungGen: 13778K->2529K(13824K)] 22561K->14681K(30208K), 0.0078491 secs] [Times: user=0.03 sys=0.00, real=0.01 secs] 
2014-07-09T15:52:25.988+0200: 53.599: [Full GC [PSYoungGen: 2529K->0K(13824K)] [ParOldGen: 12152K->6352K(16384K)] 14681K->6352K(30208K) [PSPermGen: 2475K->2475K(21504K)], 0.0157488 secs] [Times: user=0.02 sys=0.00, real=0.02 secs] 
2014-07-09T15:52:26.009+0200: 53.620: [GC [PSYoungGen: 11257K->224K(13824K)] 17610K->6576K(30208K), 0.0015688 secs] [Times: user=0.00 sys=0.00, real=0.00 secs] 
2014-07-09T15:52:26.079+0200: 53.690: [GC [PSYoungGen: 11478K->2209K(13824K)] 17831K->8569K(30208K), 0.0018038 secs] [Times: user=0.00 sys=0.00, real=0.00 secs] 
2014-07-09T15:52:26.086+0200: 53.697: [GC [PSYoungGen: 13458K->2529K(13824K)] 19819K->11619K(30208K), 0.0043449 secs] [Times: user=0.02 sys=0.00, real=0.01 secs] 
2014-07-09T15:52:26.177+0200: 53.788: [GC [PSYoungGen: 13780K->128K(13824K)] 22870K->9226K(30208K), 0.0014221 secs] [Times: user=0.00 sys=0.00, real=0.00 secs] 
2014-07-09T15:52:26.187+0200: 53.798: [GC [PSYoungGen: 11377K->2529K(13824K)] 20475K->12275K(30208K), 0.0040365 secs] [Times: user=0.00 sys=0.00, real=0.00 secs] 
2014-07-09T15:52:26.229+0200: 53.840: [GC [PSYoungGen: 13784K->2529K(13824K)] 23530K->14940K(30208K), 0.0042173 secs] [Times: user=0.03 sys=0.00, real=0.00 secs] 
2014-07-09T15:52:26.234+0200: 53.844: [Full GC [PSYoungGen: 2529K->0K(13824K)] [ParOldGen: 12411K->5656K(16384K)] 14940K->5656K(30208K) [PSPermGen: 2475K->2475K(21504K)], 0.0115051 secs] [Times: user=0.00 sys=0.00, real=0.01 secs] 
2014-07-09T15:52:26.280+0200: 53.891: [GC [PSYoungGen: 11249K->2529K(13824K)] 16905K->13884K(30208K), 0.0065490 secs] [Times: user=0.00 sys=0.00, real=0.01 secs] 
2014-07-09T15:52:26.286+0200: 53.897: [Full GC [PSYoungGen: 2529K->0K(13824K)] [ParOldGen: 11355K->8592K(16384K)] 13884K->8592K(30208K) [PSPermGen: 2475K->2475K(21504K)], 0.0146573 secs] [Times: user=0.02 sys=0.00, real=0.02 secs] 
2014-07-09T15:52:26.328+0200: 53.939: [GC [PSYoungGen: 11252K->2529K(13824K)] 19845K->11666K(30208K), 0.0024124 secs] [Times: user=0.00 sys=0.00, real=0.00 secs] 
2014-07-09T15:52:26.379+0200: 53.990: [GC [PSYoungGen: 13778K->2529K(13824K)] 22915K->15260K(30208K), 0.0042092 secs] [Times: user=0.00 sys=0.00, real=0.00 secs] 
2014-07-09T15:52:26.383+0200: 53.994: [Full GC [PSYoungGen: 2529K->0K(13824K)] [ParOldGen: 12730K->6567K(16384K)] 15260K->6567K(30208K) [PSPermGen: 2475K->2475K(21504K)], 0.0089105 secs] [Times: user=0.02 sys=0.00, real=0.01 secs] 
2014-07-09T15:52:26.427+0200: 54.038: [GC [PSYoungGen: 11251K->960K(13824K)] 17818K->7527K(30208K), 0.0007505 secs] [Times: user=0.00 sys=0.00, real=0.00 secs] 
2014-07-09T15:52:26.480+0200: 54.091: [GC [PSYoungGen: 12209K->2529K(13824K)] 18777K->10577K(30208K), 0.0050143 secs] [Times: user=0.03 sys=0.00, real=0.00 secs] 
2014-07-09T15:52:26.495+0200: 54.106: [GC [PSYoungGen: 13780K->2529K(13824K)] 21828K->15099K(30208K), 0.0088005 secs] [Times: user=0.03 sys=0.00, real=0.01 secs] 
2014-07-09T15:52:26.504+0200: 54.115: [Full GC [PSYoungGen: 2529K->0K(13824K)] [ParOldGen: 12570K->7499K(16384K)] 15099K->7499K(30208K) [PSPermGen: 2475K->2475K(21504K)], 0.0119538 secs] [Times: user=0.03 sys=0.00, real=0.01 secs] 
2014-07-09T15:52:26.530+0200: 54.141: [GC [PSYoungGen: 11237K->2529K(13824K)] 18737K->15375K(30208K), 0.0059529 secs] [Times: user=0.00 sys=0.00, real=0.01 secs] 
2014-07-09T15:52:26.536+0200: 54.147: [Full GC [PSYoungGen: 2529K->0K(13824K)] [ParOldGen: 12846K->8335K(16384K)] 15375K->8335K(30208K) [PSPermGen: 2475K->2475K(21504K)], 0.0101214 secs] [Times: user=0.02 sys=0.00, real=0.01 secs] 
2014-07-09T15:52:26.582+0200: 54.192: [GC [PSYoungGen: 11251K->2529K(13824K)] 19587K->11056K(30208K), 0.0016876 secs] [Times: user=0.00 sys=0.00, real=0.00 secs] 
2014-07-09T15:52:26.629+0200: 54.240: [GC [PSYoungGen: 13778K->2529K(13824K)] 22306K->14298K(30208K), 0.0041803 secs] [Times: user=0.00 sys=0.00, real=0.00 secs] 
2014-07-09T15:52:26.633+0200: 54.244: [Full GC [PSYoungGen: 2529K->0K(13824K)] [ParOldGen: 11769K->6225K(16384K)] 14298K->6225K(30208K) [PSPermGen: 2475K->2475K(21504K)], 0.0091781 secs] [Times: user=0.02 sys=0.00, real=0.01 secs] 
2014-07-09T15:52:26.680+0200: 54.291: [GC [PSYoungGen: 11251K->608K(13824K)] 17477K->6834K(30208K), 0.0008561 secs] [Times: user=0.00 sys=0.00, real=0.00 secs] 
2014-07-09T15:52:26.729+0200: 54.340: [GC [PSYoungGen: 11857K->2529K(13824K)] 18083K->9883K(30208K), 0.0049285 secs] [Times: user=0.03 sys=0.00, real=0.00 secs] 
2014-07-09T15:52:26.781+0200: 54.392: [GC [PSYoungGen: 13784K->2529K(13824K)] 21138K->13029K(30208K), 0.0296450 secs] [Times: user=0.03 sys=0.00, real=0.03 secs] 
2014-07-09T15:52:26.811+0200: 54.422: [Full GC [PSYoungGen: 2529K->0K(13824K)] [ParOldGen: 10499K->6134K(16384K)] 13029K->6134K(30208K) [PSPermGen: 2475K->2475K(21504K)], 0.0307463 secs] [Times: user=0.02 sys=0.00, real=0.03 secs] 
2014-07-09T15:52:26.846+0200: 54.457: [GC [PSYoungGen: 11251K->480K(13824K)] 17385K->6614K(30208K), 0.0008935 secs] [Times: user=0.00 sys=0.00, real=0.00 secs] 
2014-07-09T15:52:26.878+0200: 54.489: [GC [PSYoungGen: 11729K->2529K(13824K)] 17864K->9696K(30208K), 0.0023933 secs] [Times: user=0.00 sys=0.00, real=0.00 secs] 
2014-07-09T15:52:26.885+0200: 54.496: [GC [PSYoungGen: 13780K->2529K(13824K)] 20947K->13770K(30208K), 0.0049142 secs] [Times: user=0.03 sys=0.00, real=0.01 secs] 
2014-07-09T15:52:26.891+0200: 54.501: [Full GC [PSYoungGen: 2529K->0K(13824K)] [ParOldGen: 11240K->7064K(16384K)] 13770K->7064K(30208K) [PSPermGen: 2475K->2475K(21504K)], 0.0093922 secs] [Times: user=0.00 sys=0.00, real=0.01 secs] 
2014-07-09T15:52:26.978+0200: 54.589: [GC [PSYoungGen: 11249K->1440K(13824K)] 18313K->8504K(30208K), 0.0019889 secs] [Times: user=0.02 sys=0.00, real=0.00 secs] 
2014-07-09T15:52:26.989+0200: 54.600: [GC [PSYoungGen: 12701K->2529K(13824K)] 19765K->10017K(30208K), 0.0041491 secs] [Times: user=0.00 sys=0.00, real=0.00 secs] 
2014-07-09T15:52:27.031+0200: 54.642: [GC [PSYoungGen: 13778K->2529K(13824K)] 21266K->13483K(30208K), 0.0511523 secs] [Times: user=0.05 sys=0.00, real=0.05 secs] 
2014-07-09T15:52:27.082+0200: 54.693: [Full GC [PSYoungGen: 2529K->0K(13824K)] [ParOldGen: 10953K->6458K(16384K)] 13483K->6458K(30208K) [PSPermGen: 2475K->2475K(21504K)], 0.0394024 secs] [Times: user=0.03 sys=0.00, real=0.04 secs] 
2014-07-09T15:52:27.127+0200: 54.738: [GC [PSYoungGen: 11251K->832K(13824K)] 17710K->7291K(30208K), 0.0012454 secs] [Times: user=0.00 sys=0.00, real=0.00 secs] 
2014-07-09T15:52:27.133+0200: 54.744: [GC [PSYoungGen: 12081K->2529K(13824K)] 18540K->10340K(30208K), 0.0030863 secs] [Times: user=0.03 sys=0.00, real=0.00 secs] 
2014-07-09T15:52:27.179+0200: 54.790: [GC [PSYoungGen: 13780K->2529K(13824K)] 21592K->14734K(30208K), 0.0053062 secs] [Times: user=0.03 sys=0.00, real=0.01 secs] 
2014-07-09T15:52:27.184+0200: 54.795: [Full GC [PSYoungGen: 2529K->0K(13824K)] [ParOldGen: 12205K->7388K(16384K)] 14734K->7388K(30208K) [PSPermGen: 2475K->2475K(21504K)], 0.0093468 secs] [Times: user=0.00 sys=0.00, real=0.01 secs] 
2014-07-09T15:52:27.228+0200: 54.839: [GC [PSYoungGen: 11249K->1760K(13824K)] 18637K->9149K(30208K), 0.0022694 secs] [Times: user=0.01 sys=0.00, real=0.00 secs] 
2014-07-09T15:52:27.278+0200: 54.889: [GC [PSYoungGen: 13021K->2529K(13824K)] 20410K->10662K(30208K), 0.0021712 secs] [Times: user=0.00 sys=0.00, real=0.00 secs] 
2014-07-09T15:52:27.286+0200: 54.897: [GC [PSYoungGen: 13780K->2529K(13824K)] 21913K->14447K(30208K), 0.0054026 secs] [Times: user=0.02 sys=0.00, real=0.01 secs] 
2014-07-09T15:52:27.292+0200: 54.903: [Full GC [PSYoungGen: 2529K->0K(13824K)] [ParOldGen: 11918K->6782K(16384K)] 14447K->6782K(30208K) [PSPermGen: 2475K->2475K(21504K)], 0.0128110 secs] [Times: user=0.00 sys=0.00, real=0.01 secs] 
2014-07-09T15:52:27.378+0200: 54.989: [GC [PSYoungGen: 11249K->1152K(13824K)] 18031K->7934K(30208K), 0.0018720 secs] [Times: user=0.00 sys=0.00, real=0.00 secs] 
2014-07-09T15:52:27.388+0200: 54.999: [GC [PSYoungGen: 12404K->2529K(13824K)] 19186K->10984K(30208K), 0.0055896 secs] [Times: user=0.00 sys=0.00, real=0.01 secs] 
2014-07-09T15:52:27.429+0200: 55.040: [GC [PSYoungGen: 13778K->2529K(13824K)] 22233K->15698K(30208K), 0.0060699 secs] [Times: user=0.03 sys=0.00, real=0.01 secs] 
2014-07-09T15:52:27.436+0200: 55.047: [Full GC [PSYoungGen: 2529K->0K(13824K)] [ParOldGen: 13169K->7710K(16384K)] 15698K->7710K(30208K) [PSPermGen: 2475K->2475K(21504K)], 0.0133382 secs] [Times: user=0.03 sys=0.00, real=0.01 secs] 
2014-07-09T15:52:27.482+0200: 55.093: [GC [PSYoungGen: 11249K->2080K(13824K)] 18960K->9791K(30208K), 0.0016718 secs] [Times: user=0.00 sys=0.00, real=0.00 secs] 
2014-07-09T15:52:27.530+0200: 55.141: [GC [PSYoungGen: 13313K->2529K(13824K)] 21024K->11112K(30208K), 0.0051291 secs] [Times: user=0.00 sys=0.00, real=0.01 secs] 
2014-07-09T15:52:27.579+0200: 55.190: [GC [PSYoungGen: 13780K->2529K(13824K)] 22363K->15058K(30208K), 0.0050836 secs] [Times: user=0.00 sys=0.00, real=0.01 secs] 
2014-07-09T15:52:27.585+0200: 55.196: [Full GC [PSYoungGen: 2529K->0K(13824K)] [ParOldGen: 12529K->6944K(16384K)] 15058K->6944K(30208K) [PSPermGen: 2475K->2475K(21504K)], 0.0128480 secs] [Times: user=0.01 sys=0.00, real=0.01 secs] 
2014-07-09T15:52:27.628+0200: 55.239: [GC [PSYoungGen: 11249K->1312K(13824K)] 18193K->8256K(30208K), 0.0012084 secs] [Times: user=0.00 sys=0.00, real=0.00 secs] 
2014-07-09T15:52:27.679+0200: 55.290: [GC [PSYoungGen: 12564K->2529K(13824K)] 19508K->11306K(30208K), 0.0033957 secs] [Times: user=0.03 sys=0.00, real=0.00 secs] 
2014-07-09T15:52:27.688+0200: 55.299: [GC [PSYoungGen: 13778K->2529K(13824K)] 22555K->16180K(30208K), 0.0054008 secs] [Times: user=0.00 sys=0.00, real=0.01 secs] 
2014-07-09T15:52:27.694+0200: 55.305: [Full GC [PSYoungGen: 2529K->0K(13824K)] [ParOldGen: 13651K->7872K(16384K)] 16180K->7872K(30208K) [PSPermGen: 2475K->2475K(21504K)], 0.0103850 secs] [Times: user=0.02 sys=0.00, real=0.01 secs] 
2014-07-09T15:52:27.777+0200: 55.388: [GC [PSYoungGen: 11254K->1216K(13824K)] 19127K->9089K(30208K), 0.0017774 secs] [Times: user=0.00 sys=0.00, real=0.00 secs] 
2014-07-09T15:52:27.788+0200: 55.399: [GC [PSYoungGen: 12468K->2529K(13824K)] 20340K->12138K(30208K), 0.0059507 secs] [Times: user=0.03 sys=0.00, real=0.01 secs] 
2014-07-09T15:52:27.831+0200: 55.442: [GC [PSYoungGen: 13778K->2529K(13824K)] 23388K->16916K(30208K), 0.0092870 secs] [Times: user=0.03 sys=0.00, real=0.01 secs] 
2014-07-09T15:52:27.841+0200: 55.452: [Full GC [PSYoungGen: 2529K->0K(13824K)] [ParOldGen: 14387K->7777K(16384K)] 16916K->7777K(30208K) [PSPermGen: 2475K->2475K(21504K)], 0.0200621 secs] [Times: user=0.02 sys=0.00, real=0.02 secs] 
2014-07-09T15:52:27.881+0200: 55.492: [GC [PSYoungGen: 11251K->2145K(13824K)] 19028K->9922K(30208K), 0.0016729 secs] [Times: user=0.00 sys=0.00, real=0.00 secs] 
2014-07-09T15:52:27.930+0200: 55.541: [GC [PSYoungGen: 13394K->2529K(13824K)] 21171K->12971K(30208K), 0.0063841 secs] [Times: user=0.03 sys=0.00, real=0.01 secs] 
2014-07-09T15:52:27.937+0200: 55.548: [Full GC [PSYoungGen: 2529K->0K(13824K)] [ParOldGen: 10442K->5664K(16384K)] 12971K->5664K(30208K) [PSPermGen: 2475K->2475K(21504K)], 0.0158159 secs] [Times: user=0.02 sys=0.00, real=0.01 secs] 
2014-07-09T15:52:27.979+0200: 55.590: [GC [PSYoungGen: 11249K->2529K(13824K)] 16913K->13892K(30208K), 0.0065362 secs] [Times: user=0.00 sys=0.00, real=0.01 secs] 
2014-07-09T15:52:27.986+0200: 55.597: [Full GC [PSYoungGen: 2529K->0K(13824K)] [ParOldGen: 11362K->8596K(16384K)] 13892K->8596K(30208K) [PSPermGen: 2475K->2475K(21504K)], 0.0148887 secs] [Times: user=0.01 sys=0.00, real=0.01 secs] 
2014-07-09T15:52:28.027+0200: 55.638: [GC [PSYoungGen: 11235K->992K(13824K)] 19831K->9589K(30208K), 0.0009067 secs] [Times: user=0.00 sys=0.00, real=0.00 secs] 
2014-07-09T15:52:28.078+0200: 55.689: [GC [PSYoungGen: 12241K->2529K(13824K)] 20838K->12606K(30208K), 0.0332331 secs] [Times: user=0.03 sys=0.00, real=0.03 secs] 
2014-07-09T15:52:28.112+0200: 55.723: [Full GC [PSYoungGen: 2529K->0K(13824K)] [ParOldGen: 10077K->4487K(16384K)] 12606K->4487K(30208K) [PSPermGen: 2475K->2475K(21504K)], 0.0142540 secs] [Times: user=0.00 sys=0.00, real=0.01 secs] 
2014-07-09T15:52:28.132+0200: 55.743: [GC [PSYoungGen: 11251K->2529K(13824K)] 15739K->11563K(30208K), 0.0051907 secs] [Times: user=0.03 sys=0.00, real=0.01 secs] 
2014-07-09T15:52:28.177+0200: 55.788: [GC [PSYoungGen: 13778K->1888K(13824K)] 22812K->10931K(30208K), 0.0134739 secs] [Times: user=0.01 sys=0.00, real=0.01 secs] 
2014-07-09T15:52:28.197+0200: 55.808: [GC [PSYoungGen: 13140K->2529K(13824K)] 22182K->13980K(30208K), 0.0047159 secs] [Times: user=0.00 sys=0.00, real=0.00 secs] 
2014-07-09T15:52:28.202+0200: 55.813: [Full GC [PSYoungGen: 2529K->0K(13824K)] [ParOldGen: 11451K->5420K(16384K)] 13980K->5420K(30208K) [PSPermGen: 2475K->2475K(21504K)], 0.0120330 secs] [Times: user=0.01 sys=0.00, real=0.01 secs] 
2014-07-09T15:52:28.231+0200: 55.842: [GC [PSYoungGen: 11254K->2529K(13824K)] 16675K->12367K(30208K), 0.0058026 secs] [Times: user=0.00 sys=0.00, real=0.01 secs] 
2014-07-09T15:52:28.236+0200: 55.847: [Full GC [PSYoungGen: 2529K->0K(13824K)] [ParOldGen: 9838K->7349K(16384K)] 12367K->7349K(30208K) [PSPermGen: 2475K->2475K(21504K)], 0.0576926 secs] [Times: user=0.05 sys=0.00, real=0.06 secs] 
2014-07-09T15:52:28.300+0200: 55.911: [GC [PSYoungGen: 11249K->1792K(13824K)] 18598K->9142K(30208K), 0.0021609 secs] [Times: user=0.00 sys=0.00, real=0.00 secs] 
2014-07-09T15:52:28.328+0200: 55.939: [GC [PSYoungGen: 13044K->2529K(13824K)] 20393K->12223K(30208K), 0.0035764 secs] [Times: user=0.00 sys=0.00, real=0.00 secs] 
2014-07-09T15:52:28.379+0200: 55.990: [GC [PSYoungGen: 13778K->2529K(13824K)] 23473K->17610K(30208K), 0.0058697 secs] [Times: user=0.03 sys=0.00, real=0.01 secs] 
2014-07-09T15:52:28.385+0200: 55.996: [Full GC [PSYoungGen: 2529K->0K(13824K)] [ParOldGen: 15081K->8361K(16384K)] 17610K->8361K(30208K) [PSPermGen: 2475K->2475K(21504K)], 0.0100818 secs] [Times: user=0.00 sys=0.00, real=0.01 secs] 
2014-07-09T15:52:28.427+0200: 56.038: [GC [PSYoungGen: 11251K->2529K(13824K)] 19613K->11115K(30208K), 0.0014815 secs] [Times: user=0.00 sys=0.00, real=0.00 secs] 
2014-07-09T15:52:28.481+0200: 56.092: [GC [PSYoungGen: 13778K->2529K(13824K)] 22364K->14356K(30208K), 0.0067510 secs] [Times: user=0.00 sys=0.00, real=0.01 secs] 
2014-07-09T15:52:28.488+0200: 56.099: [Full GC [PSYoungGen: 2529K->0K(13824K)] [ParOldGen: 11827K->6251K(16384K)] 14356K->6251K(30208K) [PSPermGen: 2475K->2475K(21504K)], 0.0102006 secs] [Times: user=0.01 sys=0.00, real=0.01 secs] 
2014-07-09T15:52:28.503+0200: 56.114: [GC [PSYoungGen: 11263K->96K(13824K)] 17515K->6347K(30208K), 0.0007069 secs] [Times: user=0.00 sys=0.00, real=0.00 secs] 
2014-07-09T15:52:28.578+0200: 56.189: [GC [PSYoungGen: 11346K->2016K(13824K)] 17598K->8276K(30208K), 0.0022273 secs] [Times: user=0.00 sys=0.00, real=0.00 secs] 
2014-07-09T15:52:28.590+0200: 56.202: [GC [PSYoungGen: 13268K->2529K(13824K)] 19528K->11326K(30208K), 0.0066920 secs] [Times: user=0.00 sys=0.00, real=0.01 secs] 
2014-07-09T15:52:28.633+0200: 56.244: [GC [PSYoungGen: 13778K->2529K(13824K)] 22575K->16905K(30208K), 0.0073967 secs] [Times: user=0.02 sys=0.00, real=0.01 secs] 
2014-07-09T15:52:28.641+0200: 56.252: [Full GC [PSYoungGen: 2529K->0K(13824K)] [ParOldGen: 14375K->8563K(16384K)] 16905K->8563K(30208K) [PSPermGen: 2475K->2475K(21504K)], 0.0171526 secs] [Times: user=0.02 sys=0.00, real=0.02 secs] 
2014-07-09T15:52:28.681+0200: 56.292: [GC [PSYoungGen: 11251K->2529K(13824K)] 19815K->11509K(30208K), 0.0020472 secs] [Times: user=0.00 sys=0.00, real=0.00 secs] 
2014-07-09T15:52:28.730+0200: 56.341: [GC [PSYoungGen: 13778K->2529K(13824K)] 22758K->14943K(30208K), 0.0052251 secs] [Times: user=0.00 sys=0.00, real=0.00 secs] 
2014-07-09T15:52:28.735+0200: 56.346: [Full GC [PSYoungGen: 2529K->0K(13824K)] [ParOldGen: 12413K->6454K(16384K)] 14943K->6454K(30208K) [PSPermGen: 2475K->2475K(21504K)], 0.0134368 secs] [Times: user=0.02 sys=0.00, real=0.01 secs] 
2014-07-09T15:52:28.779+0200: 56.390: [GC [PSYoungGen: 11260K->2529K(13824K)] 17714K->13921K(30208K), 0.0078278 secs] [Times: user=0.00 sys=0.00, real=0.01 secs] 
2014-07-09T15:52:28.787+0200: 56.398: [Full GC [PSYoungGen: 2529K->0K(13824K)] [ParOldGen: 11392K->7863K(16384K)] 13921K->7863K(30208K) [PSPermGen: 2475K->2475K(21504K)], 0.0130676 secs] [Times: user=0.02 sys=0.00, real=0.01 secs] 
2014-07-09T15:52:28.827+0200: 56.438: [GC [PSYoungGen: 11251K->2337K(13824K)] 19114K->10200K(30208K), 0.0013030 secs] [Times: user=0.00 sys=0.00, real=0.00 secs] 
2014-07-09T15:52:28.880+0200: 56.491: [GC [PSYoungGen: 13586K->2529K(13824K)] 21449K->13249K(30208K), 0.0071485 secs] [Times: user=0.03 sys=0.00, real=0.01 secs] 
2014-07-09T15:52:28.888+0200: 56.499: [Full GC [PSYoungGen: 2529K->0K(13824K)] [ParOldGen: 10720K->5831K(16384K)] 13249K->5831K(30208K) [PSPermGen: 2475K->2475K(21504K)], 0.0200647 secs] [Times: user=0.01 sys=0.00, real=0.02 secs] 
2014-07-09T15:52:28.927+0200: 56.538: [GC [PSYoungGen: 11251K->224K(13824K)] 17083K->6056K(30208K), 0.0006181 secs] [Times: user=0.00 sys=0.00, real=0.00 secs] 
2014-07-09T15:52:28.979+0200: 56.590: [GC [PSYoungGen: 11473K->2529K(13824K)] 17305K->9105K(30208K), 0.0035181 secs] [Times: user=0.00 sys=0.00, real=0.00 secs] 
2014-07-09T15:52:28.993+0200: 56.604: [GC [PSYoungGen: 13780K->2529K(13824K)] 20357K->12891K(30208K), 0.0081992 secs] [Times: user=0.00 sys=0.00, real=0.01 secs] 
2014-07-09T15:52:29.001+0200: 56.612: [Full GC [PSYoungGen: 2529K->0K(13824K)] [ParOldGen: 10362K->6764K(16384K)] 12891K->6764K(30208K) [PSPermGen: 2475K->2475K(21504K)], 0.0220958 secs] [Times: user=0.03 sys=0.02, real=0.02 secs] 
2014-07-09T15:52:29.030+0200: 56.641: [GC [PSYoungGen: 11258K->2529K(13824K)] 18023K->14576K(30208K), 0.0058865 secs] [Times: user=0.00 sys=0.00, real=0.01 secs] 
2014-07-09T15:52:29.036+0200: 56.647: [Full GC [PSYoungGen: 2529K->0K(13824K)] [ParOldGen: 12047K->8271K(16384K)] 14576K->8271K(30208K) [PSPermGen: 2475K->2475K(21504K)], 0.0366439 secs] [Times: user=0.05 sys=0.00, real=0.04 secs] 
2014-07-09T15:52:29.083+0200: 56.694: [GC [PSYoungGen: 11251K->2529K(13824K)] 19523K->10896K(30208K), 0.0034397 secs] [Times: user=0.02 sys=0.00, real=0.00 secs] 
2014-07-09T15:52:29.130+0200: 56.741: [GC [PSYoungGen: 13778K->2529K(13824K)] 22146K->14074K(30208K), 0.0074498 secs] [Times: user=0.03 sys=0.00, real=0.01 secs] 
2014-07-09T15:52:29.138+0200: 56.749: [Full GC [PSYoungGen: 2529K->0K(13824K)] [ParOldGen: 11545K->6161K(16384K)] 14074K->6161K(30208K) [PSPermGen: 2475K->2475K(21504K)], 0.0157312 secs] [Times: user=0.01 sys=0.00, real=0.02 secs] 
2014-07-09T15:52:29.180+0200: 56.791: [GC [PSYoungGen: 11251K->544K(13824K)] 17413K->6705K(30208K), 0.0010057 secs] [Times: user=0.00 sys=0.00, real=0.00 secs] 
2014-07-09T15:52:29.228+0200: 56.840: [GC [PSYoungGen: 11793K->2529K(13824K)] 17955K->9755K(30208K), 0.0022569 secs] [Times: user=0.00 sys=0.00, real=0.00 secs] 
2014-07-09T15:52:29.279+0200: 56.890: [GC [PSYoungGen: 13784K->2529K(13824K)] 21010K->12836K(30208K), 0.0047962 secs] [Times: user=0.00 sys=0.00, real=0.00 secs] 
2014-07-09T15:52:29.284+0200: 56.895: [Full GC [PSYoungGen: 2529K->0K(13824K)] [ParOldGen: 10307K->6070K(16384K)] 12836K->6070K(30208K) [PSPermGen: 2475K->2475K(21504K)], 0.0128117 secs] [Times: user=0.02 sys=0.00, real=0.01 secs] 
2014-07-09T15:52:29.327+0200: 56.938: [GC [PSYoungGen: 11251K->448K(13824K)] 17321K->6518K(30208K), 0.0004957 secs] [Times: user=0.00 sys=0.00, real=0.00 secs] 
2014-07-09T15:52:29.378+0200: 56.989: [GC [PSYoungGen: 11697K->2529K(13824K)] 17768K->9568K(30208K), 0.0020916 secs] [Times: user=0.00 sys=0.00, real=0.00 secs] 
2014-07-09T15:52:29.385+0200: 56.996: [GC [PSYoungGen: 13780K->2529K(13824K)] 20819K->13578K(30208K), 0.0049208 secs] [Times: user=0.00 sys=0.00, real=0.01 secs] 
2014-07-09T15:52:29.390+0200: 57.001: [Full GC [PSYoungGen: 2529K->0K(13824K)] [ParOldGen: 11048K->6999K(16384K)] 13578K->6999K(30208K) [PSPermGen: 2475K->2475K(21504K)], 0.0092536 secs] [Times: user=0.03 sys=0.00, real=0.01 secs] 
2014-07-09T15:52:29.478+0200: 57.089: [GC [PSYoungGen: 11249K->1376K(13824K)] 18249K->8376K(30208K), 0.0023438 secs] [Times: user=0.00 sys=0.00, real=0.00 secs] 
2014-07-09T15:52:29.489+0200: 57.100: [GC [PSYoungGen: 12628K->2529K(13824K)] 19628K->11426K(30208K), 0.0067917 secs] [Times: user=0.03 sys=0.00, real=0.01 secs] 
2014-07-09T15:52:29.529+0200: 57.140: [GC [PSYoungGen: 13767K->2529K(13824K)] 22664K->14155K(30208K), 0.0038206 secs] [Times: user=0.00 sys=0.00, real=0.00 secs] 
2014-07-09T15:52:29.533+0200: 57.144: [Full GC [PSYoungGen: 2529K->0K(13824K)] [ParOldGen: 11626K->5723K(16384K)] 14155K->5723K(30208K) [PSPermGen: 2475K->2475K(21504K)], 0.0116389 secs] [Times: user=0.01 sys=0.00, real=0.01 secs] 
2014-07-09T15:52:29.579+0200: 57.191: [GC [PSYoungGen: 11251K->64K(13824K)] 16975K->5787K(30208K), 0.0008689 secs] [Times: user=0.00 sys=0.00, real=0.00 secs] 
2014-07-09T15:52:29.628+0200: 57.239: [GC [PSYoungGen: 11313K->2529K(13824K)] 17037K->8869K(30208K), 0.0021451 secs] [Times: user=0.00 sys=0.00, real=0.00 secs] 
2014-07-09T15:52:29.688+0200: 57.299: [GC [PSYoungGen: 13778K->2529K(13824K)] 20118K->12495K(30208K), 0.0082120 secs] [Times: user=0.03 sys=0.00, real=0.01 secs] 
2014-07-09T15:52:29.727+0200: 57.338: [GC [PSYoungGen: 13778K->992K(13824K)] 23744K->10966K(30208K), 0.0040285 secs] [Times: user=0.00 sys=0.00, real=0.00 secs] 
2014-07-09T15:52:29.779+0200: 57.390: [GC [PSYoungGen: 12247K->2529K(13824K)] 22221K->13023K(30208K), 0.0032245 secs] [Times: user=0.00 sys=0.00, real=0.00 secs] 
2014-07-09T15:52:29.792+0200: 57.403: [GC [PSYoungGen: 13778K->2529K(13824K)] 24272K->16584K(30208K), 0.0077919 secs] [Times: user=0.00 sys=0.00, real=0.01 secs] 
2014-07-09T15:52:29.800+0200: 57.411: [Full GC [PSYoungGen: 2529K->0K(13824K)] [ParOldGen: 14055K->6558K(16384K)] 16584K->6558K(30208K) [PSPermGen: 2475K->2475K(21504K)], 0.0327364 secs] [Times: user=0.05 sys=0.00, real=0.03 secs] 
2014-07-09T15:52:29.877+0200: 57.488: [GC [PSYoungGen: 11251K->928K(13824K)] 17810K->7487K(30208K), 0.0015802 secs] [Times: user=0.00 sys=0.00, real=0.00 secs] 
2014-07-09T15:52:29.887+0200: 57.498: [GC [PSYoungGen: 12177K->2529K(13824K)] 18736K->10536K(30208K), 0.0053058 secs] [Times: user=0.00 sys=0.00, real=0.01 secs] 
2014-07-09T15:52:29.931+0200: 57.543: [GC [PSYoungGen: 13780K->2529K(13824K)] 21788K->15026K(30208K), 0.0084650 secs] [Times: user=0.00 sys=0.00, real=0.01 secs] 
2014-07-09T15:52:29.940+0200: 57.551: [Full GC [PSYoungGen: 2529K->0K(13824K)] [ParOldGen: 12497K->7487K(16384K)] 15026K->7487K(30208K) [PSPermGen: 2475K->2475K(21504K)], 0.0201142 secs] [Times: user=0.06 sys=0.00, real=0.02 secs] 
2014-07-09T15:52:29.981+0200: 57.592: [GC [PSYoungGen: 11249K->1856K(13824K)] 18736K->9344K(30208K), 0.0015439 secs] [Times: user=0.00 sys=0.00, real=0.00 secs] 
2014-07-09T15:52:30.029+0200: 57.640: [GC [PSYoungGen: 13117K->2529K(13824K)] 20604K->10856K(30208K), 0.0034459 secs] [Times: user=0.00 sys=0.00, real=0.00 secs] 
2014-07-09T15:52:30.079+0200: 57.691: [GC [PSYoungGen: 13780K->2529K(13824K)] 22108K->14706K(30208K), 0.0103198 secs] [Times: user=0.01 sys=0.00, real=0.01 secs] 
2014-07-09T15:52:30.090+0200: 57.701: [Full GC [PSYoungGen: 2529K->0K(13824K)] [ParOldGen: 12177K->6880K(16384K)] 14706K->6880K(30208K) [PSPermGen: 2475K->2475K(21504K)], 0.0400106 secs] [Times: user=0.03 sys=0.00, real=0.04 secs] 
2014-07-09T15:52:30.135+0200: 57.746: [GC [PSYoungGen: 11249K->1248K(13824K)] 18129K->8128K(30208K), 0.0012363 secs] [Times: user=0.00 sys=0.00, real=0.00 secs] 
2014-07-09T15:52:30.180+0200: 57.791: [GC [PSYoungGen: 12500K->2529K(13824K)] 19380K->11178K(30208K), 0.0050572 secs] [Times: user=0.00 sys=0.00, real=0.00 secs] 
2014-07-09T15:52:30.194+0200: 57.806: [GC [PSYoungGen: 13778K->2529K(13824K)] 22427K->15988K(30208K), 0.0098747 secs] [Times: user=0.00 sys=0.00, real=0.01 secs] 
2014-07-09T15:52:30.205+0200: 57.816: [Full GC [PSYoungGen: 2529K->0K(13824K)] [ParOldGen: 13459K->7808K(16384K)] 15988K->7808K(30208K) [PSPermGen: 2475K->2475K(21504K)], 0.0228433 secs] [Times: user=0.05 sys=0.00, real=0.02 secs] 
2014-07-09T15:52:30.277+0200: 57.888: [GC [PSYoungGen: 11260K->640K(13824K)] 19069K->8448K(30208K), 0.0007670 secs] [Times: user=0.00 sys=0.00, real=0.00 secs] 
2014-07-09T15:52:30.283+0200: 57.894: [GC [PSYoungGen: 11889K->2529K(13824K)] 19698K->11498K(30208K), 0.0028578 secs] [Times: user=0.00 sys=0.00, real=0.00 secs] 
2014-07-09T15:52:30.331+0200: 57.943: [GC [PSYoungGen: 13780K->2529K(13824K)] 22749K->15700K(30208K), 0.0082472 secs] [Times: user=0.03 sys=0.00, real=0.01 secs] 
2014-07-09T15:52:30.340+0200: 57.951: [Full GC [PSYoungGen: 2529K->0K(13824K)] [ParOldGen: 13171K->7201K(16384K)] 15700K->7201K(30208K) [PSPermGen: 2476K->2476K(21504K)], 0.0286712 secs] [Times: user=0.01 sys=0.00, real=0.03 secs] 
2014-07-09T15:52:30.381+0200: 57.992: [GC [PSYoungGen: 11249K->1568K(13824K)] 18450K->8770K(30208K), 0.0016645 secs] [Times: user=0.00 sys=0.00, real=0.00 secs] 
2014-07-09T15:52:30.428+0200: 58.039: [GC [PSYoungGen: 12820K->2529K(13824K)] 20021K->11819K(30208K), 0.0033326 secs] [Times: user=0.00 sys=0.00, real=0.00 secs] 
2014-07-09T15:52:30.481+0200: 58.092: [GC [PSYoungGen: 13778K->2529K(13824K)] 23069K->16950K(30208K), 0.0096525 secs] [Times: user=0.03 sys=0.00, real=0.01 secs] 
2014-07-09T15:52:30.491+0200: 58.102: [Full GC [PSYoungGen: 2529K->0K(13824K)] [ParOldGen: 14420K->8129K(16384K)] 16950K->8129K(30208K) [PSPermGen: 2476K->2476K(21504K)], 0.0153037 secs] [Times: user=0.03 sys=0.00, real=0.02 secs] 
2014-07-09T15:52:30.527+0200: 58.138: [GC [PSYoungGen: 11236K->800K(13824K)] 19366K->8930K(30208K), 0.0006079 secs] [Times: user=0.00 sys=0.00, real=0.00 secs] 
2014-07-09T15:52:30.579+0200: 58.190: [GC [PSYoungGen: 12049K->2529K(13824K)] 20179K->11979K(30208K), 0.0041924 secs] [Times: user=0.00 sys=0.01, real=0.01 secs] 
2014-07-09T15:52:30.590+0200: 58.201: [GC [PSYoungGen: 13780K->2529K(13824K)] 23231K->16341K(30208K), 0.0056765 secs] [Times: user=0.00 sys=0.00, real=0.01 secs] 
2014-07-09T15:52:30.596+0200: 58.207: [Full GC [PSYoungGen: 2529K->0K(13824K)] [ParOldGen: 13812K->7363K(16384K)] 16341K->7363K(30208K) [PSPermGen: 2476K->2476K(21504K)], 0.0130130 secs] [Times: user=0.03 sys=0.00, real=0.01 secs] 
2014-07-09T15:52:30.678+0200: 58.289: [GC [PSYoungGen: 11249K->1728K(13824K)] 18612K->9091K(30208K), 0.0023988 secs] [Times: user=0.00 sys=0.00, real=0.00 secs] 
2014-07-09T15:52:30.689+0200: 58.300: [GC [PSYoungGen: 12980K->2529K(13824K)] 20343K->12141K(30208K), 0.0069718 secs] [Times: user=0.03 sys=0.00, real=0.01 secs] 
2014-07-09T15:52:30.729+0200: 58.341: [GC [PSYoungGen: 13784K->2529K(13824K)] 23396K->16407K(30208K), 0.0055250 secs] [Times: user=0.00 sys=0.00, real=0.01 secs] 
2014-07-09T15:52:30.735+0200: 58.346: [Full GC [PSYoungGen: 2529K->0K(13824K)] [ParOldGen: 13878K->7267K(16384K)] 16407K->7267K(30208K) [PSPermGen: 2476K->2476K(21504K)], 0.0130134 secs] [Times: user=0.01 sys=0.00, real=0.01 secs] 
2014-07-09T15:52:30.781+0200: 58.392: [GC [PSYoungGen: 11249K->1632K(13824K)] 18517K->8900K(30208K), 0.0016615 secs] [Times: user=0.00 sys=0.00, real=0.00 secs] 
2014-07-09T15:52:30.829+0200: 58.440: [GC [PSYoungGen: 12884K->2529K(13824K)] 20151K->11949K(30208K), 0.0034272 secs] [Times: user=0.00 sys=0.00, real=0.00 secs] 
2014-07-09T15:52:30.882+0200: 58.493: [GC [PSYoungGen: 13778K->2529K(13824K)] 23199K->17112K(30208K), 0.0261422 secs] [Times: user=0.00 sys=0.00, real=0.03 secs] 
2014-07-09T15:52:30.908+0200: 58.519: [Full GC [PSYoungGen: 2529K->0K(13824K)] [ParOldGen: 14583K->8196K(16384K)] 17112K->8196K(30208K) [PSPermGen: 2476K->2476K(21504K)], 0.0217277 secs] [Times: user=0.03 sys=0.00, real=0.02 secs] 
2014-07-09T15:52:30.934+0200: 58.546: [GC [PSYoungGen: 11251K->2529K(13824K)] 19447K->10757K(30208K), 0.0019933 secs] [Times: user=0.00 sys=0.00, real=0.00 secs] 
2014-07-09T15:52:30.979+0200: 58.590: [GC [PSYoungGen: 13778K->2529K(13824K)] 22006K->13838K(30208K), 0.0037594 secs] [Times: user=0.00 sys=0.00, real=0.00 secs] 
2014-07-09T15:52:30.983+0200: 58.594: [Full GC [PSYoungGen: 2529K->0K(13824K)] [ParOldGen: 11309K->6083K(16384K)] 13838K->6083K(30208K) [PSPermGen: 2476K->2476K(21504K)], 0.0089504 secs] [Times: user=0.02 sys=0.00, real=0.01 secs] 
2014-07-09T15:52:30.998+0200: 58.609: [GC [PSYoungGen: 11262K->480K(13824K)] 17345K->6563K(30208K), 0.0009774 secs] [Times: user=0.00 sys=0.00, real=0.00 secs] 
2014-07-09T15:52:31.079+0200: 58.690: [GC [PSYoungGen: 11733K->1408K(13824K)] 17816K->7499K(30208K), 0.0062631 secs] [Times: user=0.02 sys=0.00, real=0.01 secs] 
2014-07-09T15:52:31.090+0200: 58.701: [GC [PSYoungGen: 12660K->2529K(13824K)] 18751K->10581K(30208K), 0.0105211 secs] [Times: user=0.02 sys=0.00, real=0.01 secs] 
2014-07-09T15:52:31.129+0200: 58.741: [GC [PSYoungGen: 13778K->2529K(13824K)] 21830K->15583K(30208K), 0.0057876 secs] [Times: user=0.00 sys=0.02, real=0.01 secs] 
2014-07-09T15:52:31.135+0200: 58.747: [Full GC [PSYoungGen: 2529K->0K(13824K)] [ParOldGen: 13054K->8005K(16384K)] 15583K->8005K(30208K) [PSPermGen: 2476K->2476K(21504K)], 0.0102622 secs] [Times: user=0.03 sys=0.00, real=0.01 secs] 
2014-07-09T15:52:31.181+0200: 58.793: [GC [PSYoungGen: 11251K->2337K(13824K)] 19257K->10342K(30208K), 0.0022591 secs] [Times: user=0.00 sys=0.00, real=0.00 secs] 
2014-07-09T15:52:31.228+0200: 58.839: [GC [PSYoungGen: 13586K->2529K(13824K)] 21592K->13424K(30208K), 0.0040934 secs] [Times: user=0.00 sys=0.00, real=0.00 secs] 
2014-07-09T15:52:31.232+0200: 58.843: [Full GC [PSYoungGen: 2529K->0K(13824K)] [ParOldGen: 10895K->5892K(16384K)] 13424K->5892K(30208K) [PSPermGen: 2476K->2476K(21504K)], 0.0088386 secs] [Times: user=0.03 sys=0.00, real=0.01 secs] 
2014-07-09T15:52:31.282+0200: 58.893: [GC [PSYoungGen: 11254K->2529K(13824K)] 17147K->13320K(30208K), 0.0097097 secs] [Times: user=0.03 sys=0.00, real=0.01 secs] 
2014-07-09T15:52:31.292+0200: 58.904: [Full GC [PSYoungGen: 2529K->0K(13824K)] [ParOldGen: 10791K->7804K(16384K)] 13320K->7804K(30208K) [PSPermGen: 2476K->2476K(21504K)], 0.0225772 secs] [Times: user=0.02 sys=0.00, real=0.02 secs] 
2014-07-09T15:52:31.328+0200: 58.939: [GC [PSYoungGen: 11251K->2241K(13824K)] 19056K->10045K(30208K), 0.0078055 secs] [Times: user=0.02 sys=0.00, real=0.01 secs] 
2014-07-09T15:52:31.378+0200: 58.989: [GC [PSYoungGen: 13490K->2529K(13824K)] 21295K->13127K(30208K), 0.0043823 secs] [Times: user=0.03 sys=0.00, real=0.00 secs] 
2014-07-09T15:52:31.382+0200: 58.994: [Full GC [PSYoungGen: 2529K->0K(13824K)] [ParOldGen: 10598K->5767K(16384K)] 13127K->5767K(30208K) [PSPermGen: 2476K->2476K(21504K)], 0.0084049 secs] [Times: user=0.00 sys=0.00, real=0.01 secs] 
2014-07-09T15:52:31.427+0200: 59.038: [GC [PSYoungGen: 11251K->128K(13824K)] 17018K->5895K(30208K), 0.0020619 secs] [Times: user=0.00 sys=0.00, real=0.00 secs] 
2014-07-09T15:52:31.487+0200: 59.098: [GC [PSYoungGen: 11377K->2529K(13824K)] 17144K->8976K(30208K), 0.0016689 secs] [Times: user=0.00 sys=0.01, real=0.00 secs] 
2014-07-09T15:52:31.494+0200: 59.105: [GC [PSYoungGen: 13780K->2529K(13824K)] 20228K->12698K(30208K), 0.0048153 secs] [Times: user=0.00 sys=0.00, real=0.01 secs] 
2014-07-09T15:52:31.499+0200: 59.110: [Full GC [PSYoungGen: 2529K->0K(13824K)] [ParOldGen: 10169K->6700K(16384K)] 12698K->6700K(30208K) [PSPermGen: 2476K->2476K(21504K)], 0.0089328 secs] [Times: user=0.02 sys=0.00, real=0.01 secs] 
2014-07-09T15:52:31.529+0200: 59.141: [GC [PSYoungGen: 11232K->2529K(13824K)] 17932K->14287K(30208K), 0.0139083 secs] [Times: user=0.03 sys=0.00, real=0.01 secs] 
2014-07-09T15:52:31.543+0200: 59.155: [Full GC [PSYoungGen: 2529K->0K(13824K)] [ParOldGen: 11758K->8047K(16384K)] 14287K->8047K(30208K) [PSPermGen: 2476K->2476K(21504K)], 0.0097750 secs] [Times: user=0.03 sys=0.00, real=0.01 secs] 
2014-07-09T15:52:31.581+0200: 59.192: [GC [PSYoungGen: 11251K->2433K(13824K)] 19298K->10480K(30208K), 0.0017943 secs] [Times: user=0.03 sys=0.00, real=0.00 secs] 
2014-07-09T15:52:31.628+0200: 59.239: [GC [PSYoungGen: 13682K->2529K(13824K)] 21730K->13530K(30208K), 0.0043698 secs] [Times: user=0.03 sys=0.00, real=0.00 secs] 
2014-07-09T15:52:31.633+0200: 59.244: [Full GC [PSYoungGen: 2529K->0K(13824K)] [ParOldGen: 11000K->5937K(16384K)] 13530K->5937K(30208K) [PSPermGen: 2476K->2476K(21504K)], 0.0084973 secs] [Times: user=0.00 sys=0.00, real=0.01 secs] 
2014-07-09T15:52:31.680+0200: 59.291: [GC [PSYoungGen: 11251K->320K(13824K)] 17189K->6257K(30208K), 0.0007065 secs] [Times: user=0.00 sys=0.00, real=0.00 secs] 
2014-07-09T15:52:31.728+0200: 59.339: [GC [PSYoungGen: 11569K->2529K(13824K)] 17507K->9275K(30208K), 0.0029917 secs] [Times: user=0.00 sys=0.00, real=0.00 secs] 
2014-07-09T15:52:31.778+0200: 59.389: [GC [PSYoungGen: 13789K->2529K(13824K)] 20535K->11620K(30208K), 0.0036395 secs] [Times: user=0.00 sys=0.00, real=0.00 secs] 
2014-07-09T15:52:31.787+0200: 59.398: [GC [PSYoungGen: 13778K->2529K(13824K)] 22869K->17007K(30208K), 0.0057054 secs] [Times: user=0.00 sys=0.00, real=0.01 secs] 
2014-07-09T15:52:31.792+0200: 59.404: [Full GC [PSYoungGen: 2529K->0K(13824K)] [ParOldGen: 14477K->8376K(16384K)] 17007K->8376K(30208K) [PSPermGen: 2476K->2476K(21504K)], 0.0105662 secs] [Times: user=0.03 sys=0.00, real=0.01 secs] 
2014-07-09T15:52:31.877+0200: 59.489: [GC [PSYoungGen: 11251K->2529K(13824K)] 19627K->11097K(30208K), 0.0146357 secs] [Times: user=0.02 sys=0.00, real=0.01 secs] 
2014-07-09T15:52:31.898+0200: 59.509: [GC [PSYoungGen: 13778K->2529K(13824K)] 22346K->14339K(30208K), 0.0145239 secs] [Times: user=0.00 sys=0.00, real=0.02 secs] 
2014-07-09T15:52:31.913+0200: 59.524: [Full GC [PSYoungGen: 2529K->0K(13824K)] [ParOldGen: 11809K->6264K(16384K)] 14339K->6264K(30208K) [PSPermGen: 2476K->2476K(21504K)], 0.0096441 secs] [Times: user=0.00 sys=0.00, real=0.01 secs] 
2014-07-09T15:52:31.977+0200: 59.588: [GC [PSYoungGen: 11251K->608K(13824K)] 17515K->6872K(30208K), 0.0168578 secs] [Times: user=0.00 sys=0.00, real=0.02 secs] 
2014-07-09T15:52:32.003+0200: 59.614: [GC [PSYoungGen: 11857K->2529K(13824K)] 18121K->9921K(30208K), 0.0178756 secs] [Times: user=0.02 sys=0.00, real=0.02 secs] 
2014-07-09T15:52:32.029+0200: 59.640: [GC [PSYoungGen: 13789K->2529K(13824K)] 21182K->12555K(30208K), 0.0049172 secs] [Times: user=0.00 sys=0.00, real=0.00 secs] 
2014-07-09T15:52:32.083+0200: 59.694: [GC [PSYoungGen: 13778K->2529K(13824K)] 23804K->18230K(30208K), 0.0157246 secs] [Times: user=0.02 sys=0.00, real=0.02 secs] 
2014-07-09T15:52:32.099+0200: 59.710: [Full GC [PSYoungGen: 2529K->0K(13824K)] [ParOldGen: 15700K->8700K(16384K)] 18230K->8700K(30208K) [PSPermGen: 2476K->2476K(21504K)], 0.0368129 secs] [Times: user=0.03 sys=0.00, real=0.04 secs] 
2014-07-09T15:52:32.141+0200: 59.752: [GC [PSYoungGen: 11252K->2529K(13824K)] 19953K->11774K(30208K), 0.0285480 secs] [Times: user=0.00 sys=0.00, real=0.03 secs] 
2014-07-09T15:52:32.181+0200: 59.792: [GC [PSYoungGen: 13778K->2529K(13824K)] 23023K->15367K(30208K), 0.0050294 secs] [Times: user=0.00 sys=0.00, real=0.01 secs] 
2014-07-09T15:52:32.186+0200: 59.797: [Full GC [PSYoungGen: 2529K->0K(13824K)] [ParOldGen: 12838K->6588K(16384K)] 15367K->6588K(30208K) [PSPermGen: 2476K->2476K(21504K)], 0.0121269 secs] [Times: user=0.01 sys=0.00, real=0.01 secs] 
2014-07-09T15:52:32.227+0200: 59.838: [GC [PSYoungGen: 11251K->960K(13824K)] 17840K->7549K(30208K), 0.0007124 secs] [Times: user=0.00 sys=0.00, real=0.00 secs] 
2014-07-09T15:52:32.279+0200: 59.890: [GC [PSYoungGen: 12215K->2529K(13824K)] 18804K->9574K(30208K), 0.0033631 secs] [Times: user=0.00 sys=0.00, real=0.00 secs] 
2014-07-09T15:52:32.292+0200: 59.903: [GC [PSYoungGen: 13778K->2529K(13824K)] 20823K->13071K(30208K), 0.0067217 secs] [Times: user=0.00 sys=0.00, real=0.01 secs] 
2014-07-09T15:52:32.299+0200: 59.910: [Full GC [PSYoungGen: 2529K->0K(13824K)] [ParOldGen: 10542K->6494K(16384K)] 13071K->6494K(30208K) [PSPermGen: 2476K->2476K(21504K)], 0.0128194 secs] [Times: user=0.02 sys=0.00, real=0.01 secs] 
2014-07-09T15:52:32.377+0200: 59.988: [GC [PSYoungGen: 11251K->864K(13824K)] 17745K->7358K(30208K), 0.0005976 secs] [Times: user=0.00 sys=0.00, real=0.00 secs] 
2014-07-09T15:52:32.382+0200: 59.994: [GC [PSYoungGen: 12113K->2529K(13824K)] 18608K->10408K(30208K), 0.0028648 secs] [Times: user=0.00 sys=0.00, real=0.00 secs] 
2014-07-09T15:52:32.431+0200: 60.042: [GC [PSYoungGen: 13780K->2529K(13824K)] 21659K->14834K(30208K), 0.0086208 secs] [Times: user=0.00 sys=0.00, real=0.01 secs] 
2014-07-09T15:52:32.439+0200: 60.051: [Full GC [PSYoungGen: 2529K->0K(13824K)] [ParOldGen: 12305K->7422K(16384K)] 14834K->7422K(30208K) [PSPermGen: 2476K->2476K(21504K)], 0.0163317 secs] [Times: user=0.05 sys=0.00, real=0.02 secs] 
2014-07-09T15:52:32.481+0200: 60.092: [GC [PSYoungGen: 11235K->96K(13824K)] 18658K->7518K(30208K), 0.0008278 secs] [Times: user=0.00 sys=0.00, real=0.00 secs] 
2014-07-09T15:52:32.528+0200: 60.139: [GC [PSYoungGen: 11351K->2529K(13824K)] 18773K->10055K(30208K), 0.0017488 secs] [Times: user=0.00 sys=0.00, real=0.00 secs] 
2014-07-09T15:52:32.579+0200: 60.190: [GC [PSYoungGen: 13778K->2529K(13824K)] 21305K->13201K(30208K), 0.0043702 secs] [Times: user=0.02 sys=0.00, real=0.00 secs] 
2014-07-09T15:52:32.584+0200: 60.195: [Full GC [PSYoungGen: 2529K->0K(13824K)] [ParOldGen: 10672K->6145K(16384K)] 13201K->6145K(30208K) [PSPermGen: 2476K->2476K(21504K)], 0.0086993 secs] [Times: user=0.00 sys=0.00, real=0.01 secs] 
2014-07-09T15:52:32.627+0200: 60.238: [GC [PSYoungGen: 11251K->512K(13824K)] 17396K->6657K(30208K), 0.0005213 secs] [Times: user=0.00 sys=0.00, real=0.00 secs] 
2014-07-09T15:52:32.679+0200: 60.290: [GC [PSYoungGen: 11761K->2529K(13824K)] 17907K->9707K(30208K), 0.0044519 secs] [Times: user=0.00 sys=0.00, real=0.00 secs] 
2014-07-09T15:52:32.690+0200: 60.302: [GC [PSYoungGen: 13780K->2529K(13824K)] 20958K->13781K(30208K), 0.0053025 secs] [Times: user=0.00 sys=0.00, real=0.01 secs] 
2014-07-09T15:52:32.696+0200: 60.307: [Full GC [PSYoungGen: 2529K->0K(13824K)] [ParOldGen: 11251K->7073K(16384K)] 13781K->7073K(30208K) [PSPermGen: 2476K->2476K(21504K)], 0.0131373 secs] [Times: user=0.03 sys=0.00, real=0.01 secs] 
2014-07-09T15:52:32.777+0200: 60.388: [GC [PSYoungGen: 11254K->416K(13824K)] 18328K->7489K(30208K), 0.0014053 secs] [Times: user=0.00 sys=0.00, real=0.00 secs] 
2014-07-09T15:52:32.787+0200: 60.398: [GC [PSYoungGen: 11665K->2529K(13824K)] 18739K->10539K(30208K), 0.0049916 secs] [Times: user=0.00 sys=0.00, real=0.01 secs] 
2014-07-09T15:52:32.831+0200: 60.442: [GC [PSYoungGen: 13780K->2529K(13824K)] 21790K->14517K(30208K), 0.0079968 secs] [Times: user=0.00 sys=0.00, real=0.01 secs] 
2014-07-09T15:52:32.839+0200: 60.450: [Full GC [PSYoungGen: 2529K->0K(13824K)] [ParOldGen: 11988K->6978K(16384K)] 14517K->6978K(30208K) [PSPermGen: 2476K->2476K(21504K)], 0.0239975 secs] [Times: user=0.05 sys=0.00, real=0.02 secs] 
2014-07-09T15:52:32.881+0200: 60.492: [GC [PSYoungGen: 11249K->1344K(13824K)] 18227K->8322K(30208K), 0.0012418 secs] [Times: user=0.00 sys=0.00, real=0.00 secs] 
2014-07-09T15:52:32.946+0200: 60.558: [GC [PSYoungGen: 12596K->2529K(13824K)] 19574K->11340K(30208K), 0.0214007 secs] [Times: user=0.00 sys=0.00, real=0.02 secs] 
2014-07-09T15:52:32.979+0200: 60.591: [GC [PSYoungGen: 13778K->2529K(13824K)] 22589K->16246K(30208K), 0.0055467 secs] [Times: user=0.00 sys=0.00, real=0.01 secs] 
2014-07-09T15:52:32.985+0200: 60.596: [Full GC [PSYoungGen: 2529K->0K(13824K)] [ParOldGen: 13717K->7906K(16384K)] 16246K->7906K(30208K) [PSPermGen: 2476K->2476K(21504K)], 0.0230102 secs] [Times: user=0.05 sys=0.00, real=0.02 secs] 
2014-07-09T15:52:33.027+0200: 60.638: [GC [PSYoungGen: 11260K->736K(13824K)] 19167K->8643K(30208K), 0.0008168 secs] [Times: user=0.00 sys=0.00, real=0.00 secs] 
2014-07-09T15:52:33.088+0200: 60.699: [GC [PSYoungGen: 11985K->2529K(13824K)] 19892K->11660K(30208K), 0.0162228 secs] [Times: user=0.02 sys=0.00, real=0.02 secs] 
2014-07-09T15:52:33.109+0200: 60.720: [GC [PSYoungGen: 13780K->2529K(13824K)] 22912K->15958K(30208K), 0.0050514 secs] [Times: user=0.03 sys=0.00, real=0.01 secs] 
2014-07-09T15:52:33.114+0200: 60.725: [Full GC [PSYoungGen: 2529K->0K(13824K)] [ParOldGen: 13429K->7299K(16384K)] 15958K->7299K(30208K) [PSPermGen: 2476K->2476K(21504K)], 0.0096342 secs] [Times: user=0.00 sys=0.00, real=0.01 secs] 
2014-07-09T15:52:33.178+0200: 60.789: [GC [PSYoungGen: 11249K->1664K(13824K)] 18549K->8964K(30208K), 0.0024927 secs] [Times: user=0.00 sys=0.00, real=0.00 secs] 
2014-07-09T15:52:33.190+0200: 60.802: [GC [PSYoungGen: 12916K->2529K(13824K)] 20215K->12013K(30208K), 0.0056167 secs] [Times: user=0.00 sys=0.00, real=0.01 secs] 
2014-07-09T15:52:33.233+0200: 60.843: [GC [PSYoungGen: 13778K->2529K(13824K)] 23263K->17240K(30208K), 0.0104888 secs] [Times: user=0.03 sys=0.00, real=0.01 secs] 
2014-07-09T15:52:33.244+0200: 60.854: [Full GC [PSYoungGen: 2529K->0K(13824K)] [ParOldGen: 14711K->8228K(16384K)] 17240K->8228K(30208K) [PSPermGen: 2476K->2476K(21504K)], 0.0196049 secs] [Times: user=0.02 sys=0.00, real=0.02 secs] 
2014-07-09T15:52:33.280+0200: 60.890: [GC [PSYoungGen: 11260K->1056K(13824K)] 19488K->9284K(30208K), 0.0015692 secs] [Times: user=0.00 sys=0.00, real=0.00 secs] 
2014-07-09T15:52:33.329+0200: 60.939: [GC [PSYoungGen: 12305K->2529K(13824K)] 20534K->12334K(30208K), 0.0033994 secs] [Times: user=0.03 sys=0.00, real=0.00 secs] 
2014-07-09T15:52:33.381+0200: 60.991: [GC [PSYoungGen: 13780K->2529K(13824K)] 23585K->16920K(30208K), 0.0206487 secs] [Times: user=0.02 sys=0.00, real=0.02 secs] 
2014-07-09T15:52:33.402+0200: 61.012: [Full GC [PSYoungGen: 2529K->0K(13824K)] [ParOldGen: 14391K->7620K(16384K)] 16920K->7620K(30208K) [PSPermGen: 2476K->2476K(21504K)], 0.0137448 secs] [Times: user=0.02 sys=0.00, real=0.01 secs] 
2014-07-09T15:52:33.427+0200: 61.038: [GC [PSYoungGen: 11249K->1984K(13824K)] 18870K->9605K(30208K), 0.0012352 secs] [Times: user=0.00 sys=0.00, real=0.00 secs] 
2014-07-09T15:52:33.479+0200: 61.089: [GC [PSYoungGen: 13236K->2529K(13824K)] 20857K->12655K(30208K), 0.0066425 secs] [Times: user=0.02 sys=0.00, real=0.01 secs] 
2014-07-09T15:52:33.486+0200: 61.097: [Full GC [PSYoungGen: 2529K->0K(13824K)] [ParOldGen: 10126K->5507K(16384K)] 12655K->5507K(30208K) [PSPermGen: 2476K->2476K(21504K)], 0.0169249 secs] [Times: user=0.03 sys=0.00, real=0.02 secs] 
2014-07-09T15:52:33.508+0200: 61.119: [GC [PSYoungGen: 11249K->2529K(13824K)] 16757K->13575K(30208K), 0.0066543 secs] [Times: user=0.00 sys=0.00, real=0.01 secs] 
2014-07-09T15:52:33.515+0200: 61.126: [Full GC [PSYoungGen: 2529K->0K(13824K)] [ParOldGen: 11046K->8450K(16384K)] 13575K->8450K(30208K) [PSPermGen: 2476K->2476K(21504K)], 0.0159896 secs] [Times: user=0.02 sys=0.00, real=0.02 secs] 
2014-07-09T15:52:33.577+0200: 61.187: [GC [PSYoungGen: 11236K->1216K(13824K)] 19686K->9666K(30208K), 0.0007791 secs] [Times: user=0.00 sys=0.00, real=0.00 secs] 
2014-07-09T15:52:33.583+0200: 61.193: [GC [PSYoungGen: 12468K->2529K(13824K)] 20918K->12716K(30208K), 0.0031493 secs] [Times: user=0.00 sys=0.00, real=0.00 secs] 
2014-07-09T15:52:33.586+0200: 61.196: [Full GC [PSYoungGen: 2529K->0K(13824K)] [ParOldGen: 10186K->4712K(16384K)] 12716K->4712K(30208K) [PSPermGen: 2476K->2476K(21504K)], 0.0080724 secs] [Times: user=0.00 sys=0.00, real=0.01 secs] 
2014-07-09T15:52:33.629+0200: 61.240: [GC [PSYoungGen: 11249K->2529K(13824K)] 15961K->12012K(30208K), 0.0055474 secs] [Times: user=0.00 sys=0.00, real=0.01 secs] 
2014-07-09T15:52:33.635+0200: 61.245: [Full GC [PSYoungGen: 2529K->0K(13824K)] [ParOldGen: 9482K->7682K(16384K)] 12012K->7682K(30208K) [PSPermGen: 2476K->2476K(21504K)], 0.0270709 secs] [Times: user=0.03 sys=0.00, real=0.03 secs] 
2014-07-09T15:52:33.681+0200: 61.291: [GC [PSYoungGen: 11251K->2145K(13824K)] 18934K->9827K(30208K), 0.0017910 secs] [Times: user=0.00 sys=0.00, real=0.00 secs] 
2014-07-09T15:52:33.728+0200: 61.339: [GC [PSYoungGen: 13394K->2529K(13824K)] 21077K->12877K(30208K), 0.0038521 secs] [Times: user=0.00 sys=0.00, real=0.00 secs] 
2014-07-09T15:52:33.732+0200: 61.343: [Full GC [PSYoungGen: 2529K->0K(13824K)] [ParOldGen: 10347K->5638K(16384K)] 12877K->5638K(30208K) [PSPermGen: 2476K->2476K(21504K)], 0.0096785 secs] [Times: user=0.02 sys=0.00, real=0.01 secs] 
2014-07-09T15:52:33.779+0200: 61.390: [GC [PSYoungGen: 11254K->2529K(13824K)] 16893K->12842K(30208K), 0.0055250 secs] [Times: user=0.03 sys=0.00, real=0.01 secs] 
2014-07-09T15:52:33.785+0200: 61.395: [Full GC [PSYoungGen: 2529K->0K(13824K)] [ParOldGen: 10313K->7657K(16384K)] 12842K->7657K(30208K) [PSPermGen: 2476K->2476K(21504K)], 0.0094201 secs] [Times: user=0.00 sys=0.00, real=0.01 secs] 
2014-07-09T15:52:33.827+0200: 61.437: [GC [PSYoungGen: 11249K->2048K(13824K)] 18906K->9706K(30208K), 0.0009804 secs] [Times: user=0.00 sys=0.00, real=0.00 secs] 
2014-07-09T15:52:33.879+0200: 61.490: [GC [PSYoungGen: 13300K->2529K(13824K)] 20957K->12755K(30208K), 0.0066147 secs] [Times: user=0.00 sys=0.00, real=0.01 secs] 
2014-07-09T15:52:33.886+0200: 61.497: [Full GC [PSYoungGen: 2529K->0K(13824K)] [ParOldGen: 10226K->5547K(16384K)] 12755K->5547K(30208K) [PSPermGen: 2476K->2476K(21504K)], 0.0120308 secs] [Times: user=0.01 sys=0.00, real=0.01 secs] 
2014-07-09T15:52:33.903+0200: 61.514: [GC [PSYoungGen: 11249K->2529K(13824K)] 16797K->13679K(30208K), 0.0160039 secs] [Times: user=0.03 sys=0.00, real=0.02 secs] 
2014-07-09T15:52:33.920+0200: 61.530: [Full GC [PSYoungGen: 2529K->0K(13824K)] [ParOldGen: 11150K->8514K(16384K)] 13679K->8514K(30208K) [PSPermGen: 2476K->2476K(21504K)], 0.0104991 secs] [Times: user=0.02 sys=0.00, real=0.01 secs] 
2014-07-09T15:52:33.978+0200: 61.589: [GC [PSYoungGen: 11251K->2529K(13824K)] 19766K->11492K(30208K), 0.0031680 secs] [Times: user=0.00 sys=0.00, real=0.00 secs] 
2014-07-09T15:52:33.991+0200: 61.602: [GC [PSYoungGen: 13789K->2529K(13824K)] 22753K->13453K(30208K), 0.0062763 secs] [Times: user=0.00 sys=0.00, real=0.01 secs] 
2014-07-09T15:52:33.998+0200: 61.608: [Full GC [PSYoungGen: 2529K->0K(13824K)] [ParOldGen: 10924K->4935K(16384K)] 13453K->4935K(30208K) [PSPermGen: 2476K->2476K(21504K)], 0.0143659 secs] [Times: user=0.03 sys=0.00, real=0.02 secs] 
2014-07-09T15:52:34.030+0200: 61.640: [GC [PSYoungGen: 11255K->2529K(13824K)] 16190K->11946K(30208K), 0.0055995 secs] [Times: user=0.03 sys=0.00, real=0.01 secs] 
2014-07-09T15:52:34.035+0200: 61.646: [Full GC [PSYoungGen: 2529K->0K(13824K)] [ParOldGen: 9417K->7466K(16384K)] 11946K->7466K(30208K) [PSPermGen: 2476K->2476K(21504K)], 0.0560486 secs] [Times: user=0.03 sys=0.00, real=0.06 secs] 
2014-07-09T15:52:34.098+0200: 61.708: [GC [PSYoungGen: 11249K->1856K(13824K)] 18715K->9323K(30208K), 0.0044193 secs] [Times: user=0.00 sys=0.00, real=0.00 secs] 
2014-07-09T15:52:34.128+0200: 61.739: [GC [PSYoungGen: 13108K->2529K(13824K)] 20574K->12340K(30208K), 0.0168758 secs] [Times: user=0.02 sys=0.00, real=0.02 secs] 
2014-07-09T15:52:34.180+0200: 61.791: [GC [PSYoungGen: 13778K->2529K(13824K)] 23590K->17727K(30208K), 0.0155545 secs] [Times: user=0.02 sys=0.00, real=0.02 secs] 
2014-07-09T15:52:34.196+0200: 61.806: [Full GC [PSYoungGen: 2529K->0K(13824K)] [ParOldGen: 15198K->8399K(16384K)] 17727K->8399K(30208K) [PSPermGen: 2476K->2476K(21504K)], 0.0125118 secs] [Times: user=0.02 sys=0.00, real=0.01 secs] 
2014-07-09T15:52:34.227+0200: 61.838: [GC [PSYoungGen: 11254K->1760K(13824K)] 19654K->10159K(30208K), 0.0010108 secs] [Times: user=0.00 sys=0.00, real=0.00 secs] 
2014-07-09T15:52:34.279+0200: 61.890: [GC [PSYoungGen: 13012K->2529K(13824K)] 21411K->13209K(30208K), 0.0064192 secs] [Times: user=0.01 sys=0.00, real=0.01 secs] 
2014-07-09T15:52:34.286+0200: 61.896: [Full GC [PSYoungGen: 2529K->0K(13824K)] [ParOldGen: 10680K->5265K(16384K)] 13209K->5265K(30208K) [PSPermGen: 2476K->2476K(21504K)], 0.0213347 secs] [Times: user=0.02 sys=0.00, real=0.02 secs] 
2014-07-09T15:52:34.313+0200: 61.923: [GC [PSYoungGen: 11249K->2529K(13824K)] 16514K->13109K(30208K), 0.0066638 secs] [Times: user=0.00 sys=0.00, real=0.01 secs] 
2014-07-09T15:52:34.320+0200: 61.930: [Full GC [PSYoungGen: 2529K->0K(13824K)] [ParOldGen: 10579K->8227K(16384K)] 13109K->8227K(30208K) [PSPermGen: 2476K->2476K(21504K)], 0.0146221 secs] [Times: user=0.01 sys=0.00, real=0.01 secs] 
2014-07-09T15:52:34.378+0200: 61.989: [GC [PSYoungGen: 11251K->2529K(13824K)] 19478K->10916K(30208K), 0.0027647 secs] [Times: user=0.00 sys=0.00, real=0.00 secs] 
2014-07-09T15:52:34.391+0200: 62.001: [GC [PSYoungGen: 13778K->2529K(13824K)] 22166K->14126K(30208K), 0.0077087 secs] [Times: user=0.00 sys=0.00, real=0.01 secs] 
2014-07-09T15:52:34.399+0200: 62.009: [Full GC [PSYoungGen: 2529K->0K(13824K)] [ParOldGen: 11597K->6183K(16384K)] 14126K->6183K(30208K) [PSPermGen: 2476K->2476K(21504K)], 0.0236257 secs] [Times: user=0.03 sys=0.00, real=0.02 secs] 
2014-07-09T15:52:34.477+0200: 62.087: [GC [PSYoungGen: 11251K->576K(13824K)] 17434K->6759K(30208K), 0.0006937 secs] [Times: user=0.00 sys=0.00, real=0.00 secs] 
2014-07-09T15:52:34.482+0200: 62.093: [GC [PSYoungGen: 11825K->2529K(13824K)] 18008K->9808K(30208K), 0.0029557 secs] [Times: user=0.02 sys=0.00, real=0.00 secs] 
2014-07-09T15:52:34.529+0200: 62.140: [GC [PSYoungGen: 13762K->2529K(13824K)] 21042K->12249K(30208K), 0.0065553 secs] [Times: user=0.03 sys=0.00, real=0.01 secs] 
2014-07-09T15:52:34.582+0200: 62.193: [GC [PSYoungGen: 13778K->2529K(13824K)] 23499K->17732K(30208K), 0.0095880 secs] [Times: user=0.00 sys=0.00, real=0.01 secs] 
2014-07-09T15:52:34.592+0200: 62.203: [Full GC [PSYoungGen: 2529K->0K(13824K)] [ParOldGen: 15203K->8463K(16384K)] 17732K->8463K(30208K) [PSPermGen: 2476K->2476K(21504K)], 0.0201838 secs] [Times: user=0.06 sys=0.00, real=0.02 secs] 
2014-07-09T15:52:34.628+0200: 62.239: [GC [PSYoungGen: 11251K->2529K(13824K)] 19714K->11312K(30208K), 0.0020582 secs] [Times: user=0.00 sys=0.00, real=0.00 secs] 
2014-07-09T15:52:34.680+0200: 62.290: [GC [PSYoungGen: 13778K->2529K(13824K)] 22561K->14682K(30208K), 0.0082736 secs] [Times: user=0.03 sys=0.00, real=0.01 secs] 
2014-07-09T15:52:34.688+0200: 62.299: [Full GC [PSYoungGen: 2529K->0K(13824K)] [ParOldGen: 12152K->6353K(16384K)] 14682K->6353K(30208K) [PSPermGen: 2476K->2476K(21504K)], 0.0160776 secs] [Times: user=0.03 sys=0.00, real=0.02 secs] 
2014-07-09T15:52:34.727+0200: 62.337: [GC [PSYoungGen: 11251K->704K(13824K)] 17604K->7057K(30208K), 0.0009650 secs] [Times: user=0.00 sys=0.00, real=0.00 secs] 
2014-07-09T15:52:34.777+0200: 62.388: [GC [PSYoungGen: 11965K->2241K(13824K)] 18318K->8602K(30208K), 0.0010269 secs] [Times: user=0.00 sys=0.00, real=0.00 secs] 
2014-07-09T15:52:34.784+0200: 62.394: [GC [PSYoungGen: 13490K->2529K(13824K)] 19851K->11651K(30208K), 0.0040259 secs] [Times: user=0.00 sys=0.00, real=0.00 secs] 
2014-07-09T15:52:34.877+0200: 62.487: [GC [PSYoungGen: 13780K->128K(13824K)] 22903K->9258K(30208K), 0.0012898 secs] [Times: user=0.00 sys=0.00, real=0.00 secs] 
2014-07-09T15:52:34.886+0200: 62.497: [GC [PSYoungGen: 11377K->2529K(13824K)] 20508K->12308K(30208K), 0.0046118 secs] [Times: user=0.03 sys=0.00, real=0.01 secs] 
2014-07-09T15:52:34.930+0200: 62.541: [GC [PSYoungGen: 13778K->2529K(13824K)] 23557K->15997K(30208K), 0.0203895 secs] [Times: user=0.03 sys=0.00, real=0.02 secs] 
2014-07-09T15:52:34.951+0200: 62.561: [Full GC [PSYoungGen: 2529K->0K(13824K)] [ParOldGen: 13468K->6680K(16384K)] 15997K->6680K(30208K) [PSPermGen: 2476K->2476K(21504K)], 0.0204852 secs] [Times: user=0.06 sys=0.00, real=0.02 secs] 
2014-07-09T15:52:34.981+0200: 62.591: [GC [PSYoungGen: 11249K->1056K(13824K)] 17930K->7737K(30208K), 0.0012876 secs] [Times: user=0.00 sys=0.00, real=0.00 secs] 
2014-07-09T15:52:35.029+0200: 62.639: [GC [PSYoungGen: 12317K->2529K(13824K)] 18998K->9250K(30208K), 0.0027695 secs] [Times: user=0.00 sys=0.00, real=0.00 secs] 
2014-07-09T15:52:35.079+0200: 62.690: [GC [PSYoungGen: 13778K->2529K(13824K)] 20499K->12299K(30208K), 0.0055338 secs] [Times: user=0.00 sys=0.00, real=0.01 secs] 
2014-07-09T15:52:35.127+0200: 62.737: [GC [PSYoungGen: 13780K->448K(13824K)] 23551K->10226K(30208K), 0.0005327 secs] [Times: user=0.00 sys=0.00, real=0.00 secs] 
2014-07-09T15:52:35.179+0200: 62.790: [GC [PSYoungGen: 11697K->2529K(13824K)] 21476K->13244K(30208K), 0.0061490 secs] [Times: user=0.00 sys=0.00, real=0.01 secs] 
2014-07-09T15:52:35.195+0200: 62.806: [GC [PSYoungGen: 13780K->2529K(13824K)] 24495K->17222K(30208K), 0.0127204 secs] [Times: user=0.00 sys=0.00, real=0.01 secs] 
2014-07-09T15:52:35.208+0200: 62.819: [Full GC [PSYoungGen: 2529K->0K(13824K)] [ParOldGen: 14692K->7004K(16384K)] 17222K->7004K(30208K) [PSPermGen: 2476K->2476K(21504K)], 0.0121060 secs] [Times: user=0.03 sys=0.00, real=0.01 secs] 
2014-07-09T15:52:35.277+0200: 62.887: [GC [PSYoungGen: 11254K->352K(13824K)] 18259K->7356K(30208K), 0.0005144 secs] [Times: user=0.00 sys=0.00, real=0.00 secs] 
2014-07-09T15:52:35.282+0200: 62.892: [GC [PSYoungGen: 11601K->2529K(13824K)] 18605K->10405K(30208K), 0.0024113 secs] [Times: user=0.00 sys=0.00, real=0.00 secs] 
2014-07-09T15:52:35.330+0200: 62.941: [GC [PSYoungGen: 13780K->2529K(13824K)] 21657K->14319K(30208K), 0.0084148 secs] [Times: user=0.00 sys=0.00, real=0.01 secs] 
2014-07-09T15:52:35.339+0200: 62.949: [Full GC [PSYoungGen: 2529K->0K(13824K)] [ParOldGen: 11790K->6909K(16384K)] 14319K->6909K(30208K) [PSPermGen: 2476K->2476K(21504K)], 0.0210714 secs] [Times: user=0.06 sys=0.00, real=0.02 secs] 
2014-07-09T15:52:35.380+0200: 62.991: [GC [PSYoungGen: 11249K->1280K(13824K)] 18159K->8190K(30208K), 0.0014460 secs] [Times: user=0.00 sys=0.00, real=0.00 secs] 
2014-07-09T15:52:35.429+0200: 63.040: [GC [PSYoungGen: 12532K->2529K(13824K)] 19441K->11239K(30208K), 0.0055892 secs] [Times: user=0.00 sys=0.00, real=0.01 secs] 
2014-07-09T15:52:35.479+0200: 63.090: [GC [PSYoungGen: 13778K->2529K(13824K)] 22489K->16082K(30208K), 0.0060699 secs] [Times: user=0.03 sys=0.00, real=0.01 secs] 
2014-07-09T15:52:35.485+0200: 63.096: [Full GC [PSYoungGen: 2529K->0K(13824K)] [ParOldGen: 13553K->7838K(16384K)] 16082K->7838K(30208K) [PSPermGen: 2476K->2476K(21504K)], 0.0129071 secs] [Times: user=0.00 sys=0.00, real=0.01 secs] 
2014-07-09T15:52:35.504+0200: 63.114: [GC [PSYoungGen: 11261K->1344K(13824K)] 19099K->9182K(30208K), 0.0012223 secs] [Times: user=0.00 sys=0.00, real=0.00 secs] 
2014-07-09T15:52:35.579+0200: 63.189: [GC [PSYoungGen: 12603K->2529K(13824K)] 20441K->10887K(30208K), 0.0053355 secs] [Times: user=0.00 sys=0.00, real=0.01 secs] 
2014-07-09T15:52:35.594+0200: 63.205: [GC [PSYoungGen: 13778K->2529K(13824K)] 22137K->14449K(30208K), 0.0112572 secs] [Times: user=0.00 sys=0.00, real=0.01 secs] 
2014-07-09T15:52:35.606+0200: 63.216: [Full GC [PSYoungGen: 2529K->0K(13824K)] [ParOldGen: 11920K->6591K(16384K)] 14449K->6591K(30208K) [PSPermGen: 2476K->2476K(21504K)], 0.0109430 secs] [Times: user=0.03 sys=0.00, real=0.01 secs] 
2014-07-09T15:52:35.677+0200: 63.288: [GC [PSYoungGen: 11251K->960K(13824K)] 17843K->7552K(30208K), 0.0017440 secs] [Times: user=0.00 sys=0.00, real=0.00 secs] 
2014-07-09T15:52:35.688+0200: 63.299: [GC [PSYoungGen: 12209K->2529K(13824K)] 18801K->10601K(30208K), 0.0053901 secs] [Times: user=0.00 sys=0.00, real=0.01 secs] 
2014-07-09T15:52:35.731+0200: 63.341: [GC [PSYoungGen: 13784K->2529K(13824K)] 21856K->14099K(30208K), 0.0080218 secs] [Times: user=0.03 sys=0.00, real=0.01 secs] 
2014-07-09T15:52:35.739+0200: 63.350: [Full GC [PSYoungGen: 2529K->0K(13824K)] [ParOldGen: 11570K->6496K(16384K)] 14099K->6496K(30208K) [PSPermGen: 2476K->2476K(21504K)], 0.0158313 secs] [Times: user=0.02 sys=0.00, real=0.02 secs] 
2014-07-09T15:52:35.784+0200: 63.394: [GC [PSYoungGen: 11251K->832K(13824K)] 17747K->7328K(30208K), 0.0223521 secs] [Times: user=0.02 sys=0.00, real=0.02 secs] 
2014-07-09T15:52:35.828+0200: 63.438: [GC [PSYoungGen: 12081K->2529K(13824K)] 18578K->10410K(30208K), 0.0025374 secs] [Times: user=0.00 sys=0.00, real=0.00 secs] 
2014-07-09T15:52:35.881+0200: 63.491: [GC [PSYoungGen: 13780K->2529K(13824K)] 21661K->14836K(30208K), 0.0089061 secs] [Times: user=0.03 sys=0.00, real=0.01 secs] 
2014-07-09T15:52:35.890+0200: 63.500: [Full GC [PSYoungGen: 2529K->0K(13824K)] [ParOldGen: 12307K->7424K(16384K)] 14836K->7424K(30208K) [PSPermGen: 2476K->2476K(21504K)], 0.0162016 secs] [Times: user=0.03 sys=0.00, real=0.02 secs] 
2014-07-09T15:52:35.928+0200: 63.538: [GC [PSYoungGen: 11249K->1792K(13824K)] 18674K->9217K(30208K), 0.0013052 secs] [Times: user=0.00 sys=0.00, real=0.00 secs] 
2014-07-09T15:52:35.978+0200: 63.589: [GC [PSYoungGen: 13044K->2529K(13824K)] 20469K->12267K(30208K), 0.0035295 secs] [Times: user=0.02 sys=0.00, real=0.00 secs] 
2014-07-09T15:52:35.987+0200: 63.598: [GC [PSYoungGen: 13778K->2529K(13824K)] 23516K->17621K(30208K), 0.0064779 secs] [Times: user=0.00 sys=0.00, real=0.01 secs] 
2014-07-09T15:52:35.994+0200: 63.605: [Full GC [PSYoungGen: 2529K->0K(13824K)] [ParOldGen: 15092K->8353K(16384K)] 17621K->8353K(30208K) [PSPermGen: 2476K->2476K(21504K)], 0.0137521 secs] [Times: user=0.03 sys=0.00, real=0.01 secs] 
2014-07-09T15:52:36.077+0200: 63.688: [GC [PSYoungGen: 11260K->1152K(13824K)] 19614K->9505K(30208K), 0.0016898 secs] [Times: user=0.00 sys=0.00, real=0.00 secs] 
2014-07-09T15:52:36.085+0200: 63.695: [GC [PSYoungGen: 12404K->2529K(13824K)] 20757K->12587K(30208K), 0.0030071 secs] [Times: user=0.00 sys=0.00, real=0.00 secs] 
2014-07-09T15:52:36.129+0200: 63.739: [GC [PSYoungGen: 13778K->2529K(13824K)] 23836K->17333K(30208K), 0.0055382 secs] [Times: user=0.00 sys=0.00, real=0.01 secs] 
2014-07-09T15:52:36.134+0200: 63.745: [Full GC [PSYoungGen: 2529K->0K(13824K)] [ParOldGen: 14804K->7746K(16384K)] 17333K->7746K(30208K) [PSPermGen: 2476K->2476K(21504K)], 0.0097317 secs] [Times: user=0.01 sys=0.00, real=0.01 secs] 
2014-07-09T15:52:36.180+0200: 63.791: [GC [PSYoungGen: 11249K->2113K(13824K)] 18995K->9859K(30208K), 0.0023039 secs] [Times: user=0.00 sys=0.00, real=0.00 secs] 
2014-07-09T15:52:36.230+0200: 63.840: [GC [PSYoungGen: 13362K->2529K(13824K)] 21108K->12908K(30208K), 0.0069523 secs] [Times: user=0.03 sys=0.00, real=0.01 secs] 
2014-07-09T15:52:36.237+0200: 63.848: [Full GC [PSYoungGen: 2529K->0K(13824K)] [ParOldGen: 10379K->5633K(16384K)] 12908K->5633K(30208K) [PSPermGen: 2476K->2476K(21504K)], 0.0209926 secs] [Times: user=0.02 sys=0.00, real=0.02 secs] 
2014-07-09T15:52:36.279+0200: 63.889: [GC [PSYoungGen: 11260K->2529K(13824K)] 16893K->12268K(30208K), 0.0057780 secs] [Times: user=0.00 sys=0.00, real=0.01 secs] 
2014-07-09T15:52:36.327+0200: 63.938: [GC [PSYoungGen: 13778K->1504K(13824K)] 23517K->11251K(30208K), 0.0204394 secs] [Times: user=0.00 sys=0.00, real=0.02 secs] 
2014-07-09T15:52:36.380+0200: 63.990: [GC [PSYoungGen: 12756K->2529K(13824K)] 22503K->14301K(30208K), 0.0059577 secs] [Times: user=0.00 sys=0.00, real=0.01 secs] 
2014-07-09T15:52:36.386+0200: 63.996: [Full GC [PSYoungGen: 2529K->0K(13824K)] [ParOldGen: 11772K->5026K(16384K)] 14301K->5026K(30208K) [PSPermGen: 2476K->2476K(21504K)], 0.0213424 secs] [Times: user=0.06 sys=0.00, real=0.02 secs] 
2014-07-09T15:52:36.412+0200: 64.023: [GC [PSYoungGen: 11249K->2529K(13824K)] 16275K->12613K(30208K), 0.0059877 secs] [Times: user=0.00 sys=0.00, real=0.01 secs] 
2014-07-09T15:52:36.418+0200: 64.029: [Full GC [PSYoungGen: 2529K->0K(13824K)] [ParOldGen: 10084K->7974K(16384K)] 12613K->7974K(30208K) [PSPermGen: 2476K->2476K(21504K)], 0.0122864 secs] [Times: user=0.03 sys=0.00, real=0.01 secs] 
2014-07-09T15:52:36.478+0200: 64.088: [GC [PSYoungGen: 11251K->2433K(13824K)] 19225K->10407K(30208K), 0.0012330 secs] [Times: user=0.00 sys=0.00, real=0.00 secs] 
2014-07-09T15:52:36.484+0200: 64.095: [GC [PSYoungGen: 13682K->2529K(13824K)] 21656K->13456K(30208K), 0.0042089 secs] [Times: user=0.00 sys=0.00, real=0.00 secs] 
2014-07-09T15:52:36.488+0200: 64.099: [Full GC [PSYoungGen: 2529K->0K(13824K)] [ParOldGen: 10927K->5926K(16384K)] 13456K->5926K(30208K) [PSPermGen: 2476K->2476K(21504K)], 0.0085952 secs] [Times: user=0.03 sys=0.00, real=0.01 secs] 
2014-07-09T15:52:36.531+0200: 64.142: [GC [PSYoungGen: 11233K->2529K(13824K)] 17160K->12746K(30208K), 0.0088426 secs] [Times: user=0.00 sys=0.00, real=0.01 secs] 
2014-07-09T15:52:36.540+0200: 64.151: [Full GC [PSYoungGen: 2529K->0K(13824K)] [ParOldGen: 10216K->7274K(16384K)] 12746K->7274K(30208K) [PSPermGen: 2476K->2476K(21504K)], 0.0208507 secs] [Times: user=0.06 sys=0.00, real=0.02 secs] 
2014-07-09T15:52:36.581+0200: 64.191: [GC [PSYoungGen: 11249K->1664K(13824K)] 18523K->8939K(30208K), 0.0014471 secs] [Times: user=0.00 sys=0.00, real=0.00 secs] 
2014-07-09T15:52:36.629+0200: 64.240: [GC [PSYoungGen: 12916K->2529K(13824K)] 20190K->11988K(30208K), 0.0058858 secs] [Times: user=0.00 sys=0.00, real=0.01 secs] 
2014-07-09T15:52:36.681+0200: 64.292: [GC [PSYoungGen: 13778K->2529K(13824K)] 23238K->17215K(30208K), 0.0098633 secs] [Times: user=0.03 sys=0.00, real=0.01 secs] 
2014-07-09T15:52:36.691+0200: 64.302: [Full GC [PSYoungGen: 2529K->0K(13824K)] [ParOldGen: 14685K->8207K(16384K)] 17215K->8207K(30208K) [PSPermGen: 2476K->2476K(21504K)], 0.0206271 secs] [Times: user=0.02 sys=0.00, real=0.02 secs] 
2014-07-09T15:52:36.728+0200: 64.338: [GC [PSYoungGen: 11251K->2529K(13824K)] 19458K->10800K(30208K), 0.0016670 secs] [Times: user=0.00 sys=0.00, real=0.00 secs] 
2014-07-09T15:52:36.782+0200: 64.392: [GC [PSYoungGen: 13784K->2529K(13824K)] 22055K->12857K(30208K), 0.0068915 secs] [Times: user=0.00 sys=0.00, real=0.01 secs] 
2014-07-09T15:52:36.789+0200: 64.399: [Full GC [PSYoungGen: 2529K->0K(13824K)] [ParOldGen: 10328K->5073K(16384K)] 12857K->5073K(30208K) [PSPermGen: 2476K->2476K(21504K)], 0.0140110 secs] [Times: user=0.03 sys=0.00, real=0.01 secs] 
2014-07-09T15:52:36.808+0200: 64.418: [GC [PSYoungGen: 11249K->2529K(13824K)] 16322K->12724K(30208K), 0.0060805 secs] [Times: user=0.03 sys=0.00, real=0.01 secs] 
2014-07-09T15:52:36.814+0200: 64.424: [Full GC [PSYoungGen: 2529K->0K(13824K)] [ParOldGen: 10195K->8038K(16384K)] 12724K->8038K(30208K) [PSPermGen: 2476K->2476K(21504K)], 0.0135179 secs] [Times: user=0.03 sys=0.00, real=0.01 secs] 
2014-07-09T15:52:36.877+0200: 64.488: [GC [PSYoungGen: 11251K->2497K(13824K)] 19290K->10535K(30208K), 0.0011530 secs] [Times: user=0.00 sys=0.00, real=0.00 secs] 
2014-07-09T15:52:36.884+0200: 64.494: [GC [PSYoungGen: 13746K->2529K(13824K)] 21785K->13585K(30208K), 0.0043793 secs] [Times: user=0.03 sys=0.00, real=0.00 secs] 
2014-07-09T15:52:36.888+0200: 64.499: [Full GC [PSYoungGen: 2529K->0K(13824K)] [ParOldGen: 11056K->5990K(16384K)] 13585K->5990K(30208K) [PSPermGen: 2476K->2476K(21504K)], 0.0084709 secs] [Times: user=0.00 sys=0.00, real=0.01 secs] 
2014-07-09T15:52:36.977+0200: 64.588: [GC [PSYoungGen: 11251K->384K(13824K)] 17242K->6375K(30208K), 0.0014764 secs] [Times: user=0.00 sys=0.00, real=0.00 secs] 
2014-07-09T15:52:36.987+0200: 64.598: [GC [PSYoungGen: 11616K->1344K(13824K)] 17607K->7343K(30208K), 0.0022764 secs] [Times: user=0.00 sys=0.00, real=0.00 secs] 
2014-07-09T15:52:37.030+0200: 64.640: [GC [PSYoungGen: 12596K->2529K(13824K)] 18595K->10393K(30208K), 0.0053311 secs] [Times: user=0.00 sys=0.00, real=0.01 secs] 
2014-07-09T15:52:37.082+0200: 64.692: [GC [PSYoungGen: 13778K->2529K(13824K)] 21642K->15299K(30208K), 0.0060655 secs] [Times: user=0.00 sys=0.00, real=0.01 secs] 
2014-07-09T15:52:37.088+0200: 64.698: [Full GC [PSYoungGen: 2529K->0K(13824K)] [ParOldGen: 12770K->7886K(16384K)] 15299K->7886K(30208K) [PSPermGen: 2476K->2476K(21504K)], 0.0195939 secs] [Times: user=0.05 sys=0.00, real=0.02 secs] 
2014-07-09T15:52:37.132+0200: 64.742: [GC [PSYoungGen: 11251K->2241K(13824K)] 19138K->10127K(30208K), 0.0038994 secs] [Times: user=0.00 sys=0.00, real=0.00 secs] 
2014-07-09T15:52:37.178+0200: 64.789: [GC [PSYoungGen: 13490K->2529K(13824K)] 21377K->13177K(30208K), 0.0049428 secs] [Times: user=0.01 sys=0.00, real=0.01 secs] 
2014-07-09T15:52:37.184+0200: 64.794: [Full GC [PSYoungGen: 2529K->0K(13824K)] [ParOldGen: 10648K->5777K(16384K)] 13177K->5777K(30208K) [PSPermGen: 2476K->2476K(21504K)], 0.0110065 secs] [Times: user=0.00 sys=0.00, real=0.01 secs] 
2014-07-09T15:52:37.227+0200: 64.837: [GC [PSYoungGen: 11251K->160K(13824K)] 17028K->5937K(30208K), 0.0005345 secs] [Times: user=0.00 sys=0.00, real=0.00 secs] 
2014-07-09T15:52:37.278+0200: 64.889: [GC [PSYoungGen: 11415K->2177K(13824K)] 17192K->7962K(30208K), 0.0022503 secs] [Times: user=0.00 sys=0.00, real=0.00 secs] 
2014-07-09T15:52:37.291+0200: 64.901: [GC [PSYoungGen: 13426K->2529K(13824K)] 19211K->11011K(30208K), 0.0103121 secs] [Times: user=0.02 sys=0.00, real=0.01 secs] 
2014-07-09T15:52:37.378+0200: 64.988: [GC [PSYoungGen: 13778K->32K(13824K)] 22261K->8522K(30208K), 0.0161854 secs] [Times: user=0.02 sys=0.00, real=0.02 secs] 
2014-07-09T15:52:37.399+0200: 65.010: [GC [PSYoungGen: 11281K->2529K(13824K)] 19771K->11603K(30208K), 0.0029499 secs] [Times: user=0.00 sys=0.02, real=0.00 secs] 
2014-07-09T15:52:37.428+0200: 65.039: [GC [PSYoungGen: 13778K->2529K(13824K)] 22853K->15229K(30208K), 0.0049190 secs] [Times: user=0.03 sys=0.00, real=0.01 secs] 
2014-07-09T15:52:37.433+0200: 65.044: [Full GC [PSYoungGen: 2529K->0K(13824K)] [ParOldGen: 12700K->6615K(16384K)] 15229K->6615K(30208K) [PSPermGen: 2476K->2476K(21504K)], 0.0088694 secs] [Times: user=0.00 sys=0.00, real=0.01 secs] 
2014-07-09T15:52:37.480+0200: 65.090: [GC [PSYoungGen: 11251K->992K(13824K)] 17866K->7607K(30208K), 0.0011805 secs] [Times: user=0.00 sys=0.00, real=0.00 secs] 
2014-07-09T15:52:37.528+0200: 65.139: [GC [PSYoungGen: 12227K->2337K(13824K)] 18842K->8960K(30208K), 0.0024909 secs] [Times: user=0.00 sys=0.00, real=0.00 secs] 
2014-07-09T15:52:37.580+0200: 65.190: [GC [PSYoungGen: 13586K->2529K(13824K)] 20209K->12009K(30208K), 0.0071199 secs] [Times: user=0.00 sys=0.00, real=0.01 secs] 
2014-07-09T15:52:37.627+0200: 65.238: [GC [PSYoungGen: 13780K->224K(13824K)] 23261K->9712K(30208K), 0.0013382 secs] [Times: user=0.00 sys=0.00, real=0.00 secs] 
2014-07-09T15:52:37.678+0200: 65.288: [GC [PSYoungGen: 11473K->2529K(13824K)] 20962K->12762K(30208K), 0.0019171 secs] [Times: user=0.00 sys=0.00, real=0.00 secs] 
2014-07-09T15:52:37.685+0200: 65.296: [GC [PSYoungGen: 13780K->2529K(13824K)] 24013K->16548K(30208K), 0.0048204 secs] [Times: user=0.00 sys=0.00, real=0.01 secs] 
2014-07-09T15:52:37.690+0200: 65.301: [Full GC [PSYoungGen: 2529K->0K(13824K)] [ParOldGen: 14018K->6779K(16384K)] 16548K->6779K(30208K) [PSPermGen: 2476K->2476K(21504K)], 0.0105903 secs] [Times: user=0.03 sys=0.00, real=0.01 secs] 
2014-07-09T15:52:37.730+0200: 65.341: [GC [PSYoungGen: 11263K->96K(13824K)] 18042K->6875K(30208K), 0.0006049 secs] [Times: user=0.00 sys=0.00, real=0.00 secs] 
2014-07-09T15:52:37.786+0200: 65.397: [GC [PSYoungGen: 11342K->2529K(13824K)] 18122K->9412K(30208K), 0.0028710 secs] [Times: user=0.00 sys=0.00, real=0.00 secs] 
2014-07-09T15:52:37.828+0200: 65.439: [GC [PSYoungGen: 13778K->2529K(13824K)] 20661K->12589K(30208K), 0.0043661 secs] [Times: user=0.00 sys=0.00, real=0.00 secs] 
2014-07-09T15:52:37.882+0200: 65.492: [GC [PSYoungGen: 13780K->544K(13824K)] 23841K->10613K(30208K), 0.0020883 secs] [Times: user=0.00 sys=0.00, real=0.00 secs] 
2014-07-09T15:52:37.931+0200: 65.541: [GC [PSYoungGen: 11793K->2529K(13824K)] 21862K->13630K(30208K), 0.0144117 secs] [Times: user=0.01 sys=0.00, real=0.01 secs] 
2014-07-09T15:52:37.978+0200: 65.589: [GC [PSYoungGen: 13780K->2529K(13824K)] 24881K->17704K(30208K), 0.0058414 secs] [Times: user=0.03 sys=0.00, real=0.01 secs] 
2014-07-09T15:52:37.984+0200: 65.595: [Full GC [PSYoungGen: 2529K->0K(13824K)] [ParOldGen: 15175K->7102K(16384K)] 17704K->7102K(30208K) [PSPermGen: 2476K->2476K(21504K)], 0.0093655 secs] [Times: user=0.00 sys=0.00, real=0.01 secs] 
2014-07-09T15:52:37.999+0200: 65.609: [GC [PSYoungGen: 11258K->1216K(13824K)] 18361K->8318K(30208K), 0.0010068 secs] [Times: user=0.00 sys=0.00, real=0.00 secs] 
2014-07-09T15:52:38.078+0200: 65.688: [GC [PSYoungGen: 12467K->2529K(13824K)] 19570K->10055K(30208K), 0.0026925 secs] [Times: user=0.00 sys=0.00, real=0.00 secs] 
2014-07-09T15:52:38.087+0200: 65.697: [GC [PSYoungGen: 13778K->2529K(13824K)] 21305K->13553K(30208K), 0.0234981 secs] [Times: user=0.05 sys=0.00, real=0.02 secs] 
2014-07-09T15:52:38.110+0200: 65.721: [Full GC [PSYoungGen: 2529K->0K(13824K)] [ParOldGen: 11024K->6495K(16384K)] 13553K->6495K(30208K) [PSPermGen: 2476K->2476K(21504K)], 0.0146944 secs] [Times: user=0.03 sys=0.00, real=0.02 secs] 
2014-07-09T15:52:38.177+0200: 65.787: [GC [PSYoungGen: 11251K->864K(13824K)] 17746K->7359K(30208K), 0.0013690 secs] [Times: user=0.00 sys=0.00, real=0.00 secs] 
2014-07-09T15:52:38.183+0200: 65.793: [GC [PSYoungGen: 12113K->2529K(13824K)] 18609K->10409K(30208K), 0.0031695 secs] [Times: user=0.00 sys=0.00, real=0.00 secs] 
2014-07-09T15:52:38.230+0200: 65.840: [GC [PSYoungGen: 13784K->2529K(13824K)] 21664K->13810K(30208K), 0.0044046 secs] [Times: user=0.00 sys=0.00, real=0.00 secs] 
2014-07-09T15:52:38.234+0200: 65.845: [Full GC [PSYoungGen: 2529K->0K(13824K)] [ParOldGen: 11281K->6399K(16384K)] 13810K->6399K(30208K) [PSPermGen: 2476K->2476K(21504K)], 0.0089156 secs] [Times: user=0.00 sys=0.00, real=0.01 secs] 
2014-07-09T15:52:38.280+0200: 65.890: [GC [PSYoungGen: 11251K->768K(13824K)] 17651K->7168K(30208K), 0.0009807 secs] [Times: user=0.00 sys=0.00, real=0.00 secs] 
2014-07-09T15:52:38.328+0200: 65.938: [GC [PSYoungGen: 12017K->2529K(13824K)] 18417K->10217K(30208K), 0.0023999 secs] [Times: user=0.00 sys=0.00, real=0.00 secs] 
2014-07-09T15:52:38.379+0200: 65.989: [GC [PSYoungGen: 13780K->2529K(13824K)] 21469K->14547K(30208K), 0.0052076 secs] [Times: user=0.03 sys=0.00, real=0.01 secs] 
2014-07-09T15:52:38.384+0200: 65.995: [Full GC [PSYoungGen: 2529K->0K(13824K)] [ParOldGen: 12018K->7328K(16384K)] 14547K->7328K(30208K) [PSPermGen: 2476K->2476K(21504K)], 0.0094439 secs] [Times: user=0.00 sys=0.00, real=0.01 secs] 
2014-07-09T15:52:38.427+0200: 66.038: [GC [PSYoungGen: 11249K->1696K(13824K)] 18577K->9025K(30208K), 0.0009811 secs] [Times: user=0.00 sys=0.00, real=0.00 secs] 
2014-07-09T15:52:38.480+0200: 66.091: [GC [PSYoungGen: 12948K->2529K(13824K)] 20276K->12074K(30208K), 0.0112367 secs] [Times: user=0.00 sys=0.00, real=0.01 secs] 
2014-07-09T15:52:38.498+0200: 66.108: [GC [PSYoungGen: 13778K->2529K(13824K)] 23324K->17333K(30208K), 0.0054664 secs] [Times: user=0.00 sys=0.00, real=0.01 secs] 
2014-07-09T15:52:38.503+0200: 66.114: [Full GC [PSYoungGen: 2529K->0K(13824K)] [ParOldGen: 14803K->8256K(16384K)] 17333K->8256K(30208K) [PSPermGen: 2476K->2476K(21504K)], 0.0128990 secs] [Times: user=0.02 sys=0.00, real=0.01 secs] 
2014-07-09T15:52:38.577+0200: 66.188: [GC [PSYoungGen: 11239K->384K(13824K)] 19496K->8640K(30208K), 0.0018020 secs] [Times: user=0.00 sys=0.00, real=0.00 secs] 
2014-07-09T15:52:38.588+0200: 66.199: [GC [PSYoungGen: 11633K->2529K(13824K)] 19890K->11722K(30208K), 0.0042679 secs] [Times: user=0.00 sys=0.00, real=0.00 secs] 
2014-07-09T15:52:38.629+0200: 66.240: [GC [PSYoungGen: 13780K->2529K(13824K)] 22973K->15700K(30208K), 0.0059470 secs] [Times: user=0.02 sys=0.00, real=0.01 secs] 
2014-07-09T15:52:38.635+0200: 66.246: [Full GC [PSYoungGen: 2529K->0K(13824K)] [ParOldGen: 13171K->6978K(16384K)] 15700K->6978K(30208K) [PSPermGen: 2476K->2476K(21504K)], 0.0124748 secs] [Times: user=0.00 sys=0.00, real=0.01 secs] 
2014-07-09T15:52:38.680+0200: 66.290: [GC [PSYoungGen: 11249K->1344K(13824K)] 18227K->8323K(30208K), 0.0016791 secs] [Times: user=0.03 sys=0.00, real=0.00 secs] 
2014-07-09T15:52:38.730+0200: 66.340: [GC [PSYoungGen: 12596K->2529K(13824K)] 19574K->11372K(30208K), 0.0050855 secs] [Times: user=0.00 sys=0.00, real=0.00 secs] 
2014-07-09T15:52:38.780+0200: 66.391: [GC [PSYoungGen: 13784K->2529K(13824K)] 22627K->15254K(30208K), 0.0084166 secs] [Times: user=0.00 sys=0.00, real=0.01 secs] 
2014-07-09T15:52:38.789+0200: 66.399: [Full GC [PSYoungGen: 2529K->0K(13824K)] [ParOldGen: 12725K->6882K(16384K)] 15254K->6882K(30208K) [PSPermGen: 2476K->2476K(21504K)], 0.0215899 secs] [Times: user=0.05 sys=0.00, real=0.02 secs] 
2014-07-09T15:52:38.827+0200: 66.438: [GC [PSYoungGen: 11249K->1248K(13824K)] 18132K->8131K(30208K), 0.0008561 secs] [Times: user=0.00 sys=0.00, real=0.00 secs] 
2014-07-09T15:52:38.879+0200: 66.490: [GC [PSYoungGen: 12500K->2529K(13824K)] 19382K->11180K(30208K), 0.0051885 secs] [Times: user=0.00 sys=0.00, real=0.01 secs] 
2014-07-09T15:52:38.893+0200: 66.504: [GC [PSYoungGen: 13778K->2529K(13824K)] 22430K->15991K(30208K), 0.0100213 secs] [Times: user=0.03 sys=0.00, real=0.01 secs] 
2014-07-09T15:52:38.904+0200: 66.514: [Full GC [PSYoungGen: 2529K->0K(13824K)] [ParOldGen: 13462K->7811K(16384K)] 15991K->7811K(30208K) [PSPermGen: 2476K->2476K(21504K)], 0.0233236 secs] [Times: user=0.01 sys=0.00, real=0.02 secs] 
2014-07-09T15:52:38.978+0200: 66.589: [GC [PSYoungGen: 11251K->2177K(13824K)] 19062K->9988K(30208K), 0.0024073 secs] [Times: user=0.00 sys=0.00, real=0.00 secs] 
2014-07-09T15:52:38.990+0200: 66.601: [GC [PSYoungGen: 13435K->2529K(13824K)] 21247K->11501K(30208K), 0.0054968 secs] [Times: user=0.03 sys=0.00, real=0.01 secs] 
2014-07-09T15:52:39.031+0200: 66.642: [GC [PSYoungGen: 13780K->2529K(13824K)] 22752K->15671K(30208K), 0.0530034 secs] [Times: user=0.00 sys=0.00, real=0.05 secs] 
2014-07-09T15:52:39.084+0200: 66.695: [Full GC [PSYoungGen: 2529K->0K(13824K)] [ParOldGen: 13141K->7204K(16384K)] 15671K->7204K(30208K) [PSPermGen: 2476K->2476K(21504K)], 0.0317208 secs] [Times: user=0.02 sys=0.00, real=0.03 secs] 
2014-07-09T15:52:39.121+0200: 66.732: [GC [PSYoungGen: 11249K->1568K(13824K)] 18453K->8772K(30208K), 0.0014280 secs] [Times: user=0.00 sys=0.00, real=0.00 secs] 
2014-07-09T15:52:39.129+0200: 66.739: [GC [PSYoungGen: 12820K->2529K(13824K)] 20024K->11822K(30208K), 0.0035555 secs] [Times: user=0.00 sys=0.00, real=0.00 secs] 
2014-07-09T15:52:39.182+0200: 66.792: [GC [PSYoungGen: 13778K->2529K(13824K)] 23071K->16952K(30208K), 0.0094190 secs] [Times: user=0.00 sys=0.00, real=0.01 secs] 
2014-07-09T15:52:39.191+0200: 66.802: [Full GC [PSYoungGen: 2529K->0K(13824K)] [ParOldGen: 14423K->8132K(16384K)] 16952K->8132K(30208K) [PSPermGen: 2476K->2476K(21504K)], 0.0156952 secs] [Times: user=0.03 sys=0.00, real=0.02 secs] 
2014-07-09T15:52:39.228+0200: 66.839: [GC [PSYoungGen: 11251K->2497K(13824K)] 19384K->10629K(30208K), 0.0015662 secs] [Times: user=0.00 sys=0.00, real=0.00 secs] 
2014-07-09T15:52:39.278+0200: 66.889: [GC [PSYoungGen: 13755K->2529K(13824K)] 21888K->12142K(30208K), 0.0026254 secs] [Times: user=0.00 sys=0.00, real=0.00 secs] 
2014-07-09T15:52:39.287+0200: 66.898: [GC [PSYoungGen: 13780K->2529K(13824K)] 23394K->16664K(30208K), 0.0057513 secs] [Times: user=0.03 sys=0.00, real=0.01 secs] 
2014-07-09T15:52:39.293+0200: 66.904: [Full GC [PSYoungGen: 2529K->0K(13824K)] [ParOldGen: 14135K->7525K(16384K)] 16664K->7525K(30208K) [PSPermGen: 2476K->2476K(21504K)], 0.0131010 secs] [Times: user=0.01 sys=0.00, real=0.01 secs] 
2014-07-09T15:52:39.378+0200: 66.988: [GC [PSYoungGen: 11249K->1888K(13824K)] 18774K->9414K(30208K), 0.0021176 secs] [Times: user=0.00 sys=0.00, real=0.00 secs] 
2014-07-09T15:52:39.390+0200: 67.001: [GC [PSYoungGen: 13140K->2529K(13824K)] 20665K->12463K(30208K), 0.0062990 secs] [Times: user=0.00 sys=0.00, real=0.01 secs] 
2014-07-09T15:52:39.429+0200: 67.040: [GC [PSYoungGen: 13778K->2529K(13824K)] 23713K->17914K(30208K), 0.0064885 secs] [Times: user=0.00 sys=0.01, real=0.01 secs] 
2014-07-09T15:52:39.436+0200: 67.047: [Full GC [PSYoungGen: 2529K->0K(13824K)] [ParOldGen: 15385K->8453K(16384K)] 17914K->8453K(30208K) [PSPermGen: 2476K->2476K(21504K)], 0.0134772 secs] [Times: user=0.03 sys=0.00, real=0.01 secs] 
2014-07-09T15:52:39.481+0200: 67.092: [GC [PSYoungGen: 11251K->2529K(13824K)] 19705K->11271K(30208K), 0.0023798 secs] [Times: user=0.00 sys=0.00, real=0.00 secs] 
2014-07-09T15:52:39.528+0200: 67.139: [GC [PSYoungGen: 13763K->2529K(13824K)] 22505K->12912K(30208K), 0.0027886 secs] [Times: user=0.00 sys=0.00, real=0.00 secs] 
2014-07-09T15:52:39.531+0200: 67.142: [Full GC [PSYoungGen: 2529K->0K(13824K)] [ParOldGen: 10382K->4645K(16384K)] 12912K->4645K(30208K) [PSPermGen: 2476K->2476K(21504K)], 0.0120583 secs] [Times: user=0.01 sys=0.00, real=0.01 secs] 
2014-07-09T15:52:39.579+0200: 67.189: [GC [PSYoungGen: 11249K->2529K(13824K)] 15895K->11849K(30208K), 0.0064170 secs] [Times: user=0.00 sys=0.00, real=0.01 secs] 
2014-07-09T15:52:39.627+0200: 67.238: [GC [PSYoungGen: 13778K->2048K(13824K)] 23098K->11377K(30208K), 0.0011116 secs] [Times: user=0.00 sys=0.00, real=0.00 secs] 
2014-07-09T15:52:39.679+0200: 67.290: [GC [PSYoungGen: 13300K->2529K(13824K)] 22628K->14426K(30208K), 0.0068423 secs] [Times: user=0.00 sys=0.00, real=0.01 secs] 
2014-07-09T15:52:39.686+0200: 67.297: [Full GC [PSYoungGen: 2529K->0K(13824K)] [ParOldGen: 11897K->5574K(16384K)] 14426K->5574K(30208K) [PSPermGen: 2476K->2476K(21504K)], 0.0205600 secs] [Times: user=0.02 sys=0.00, real=0.02 secs] 
2014-07-09T15:52:39.712+0200: 67.323: [GC [PSYoungGen: 11249K->2529K(13824K)] 16823K->13706K(30208K), 0.0061373 secs] [Times: user=0.00 sys=0.00, real=0.01 secs] 
2014-07-09T15:52:39.719+0200: 67.329: [Full GC [PSYoungGen: 2529K->0K(13824K)] [ParOldGen: 11176K->8522K(16384K)] 13706K->8522K(30208K) [PSPermGen: 2476K->2476K(21504K)], 0.0122820 secs] [Times: user=0.01 sys=0.00, real=0.01 secs] 
2014-07-09T15:52:39.778+0200: 67.389: [GC [PSYoungGen: 11254K->1952K(13824K)] 19777K->10475K(30208K), 0.0021906 secs] [Times: user=0.00 sys=0.00, real=0.00 secs] 
2014-07-09T15:52:39.790+0200: 67.400: [GC [PSYoungGen: 13204K->2529K(13824K)] 21727K->13525K(30208K), 0.0064317 secs] [Times: user=0.00 sys=0.00, real=0.01 secs] 
2014-07-09T15:52:39.797+0200: 67.407: [Full GC [PSYoungGen: 2529K->0K(13824K)] [ParOldGen: 10996K->5447K(16384K)] 13525K->5447K(30208K) [PSPermGen: 2476K->2476K(21504K)], 0.0232617 secs] [Times: user=0.02 sys=0.00, real=0.02 secs] 
2014-07-09T15:52:39.830+0200: 67.440: [GC [PSYoungGen: 11249K->2529K(13824K)] 16696K->13483K(30208K), 0.0062719 secs] [Times: user=0.03 sys=0.00, real=0.01 secs] 
2014-07-09T15:52:39.836+0200: 67.447: [Full GC [PSYoungGen: 2529K->0K(13824K)] [ParOldGen: 10953K->8489K(16384K)] 13483K->8489K(30208K) [PSPermGen: 2476K->2476K(21504K)], 0.0108924 secs] [Times: user=0.00 sys=0.00, real=0.01 secs] 
2014-07-09T15:52:39.881+0200: 67.491: [GC [PSYoungGen: 11251K->2529K(13824K)] 19741K->11371K(30208K), 0.0022753 secs] [Times: user=0.03 sys=0.00, real=0.00 secs] 
2014-07-09T15:52:39.930+0200: 67.541: [GC [PSYoungGen: 13778K->2529K(13824K)] 22620K->14772K(30208K), 0.0072515 secs] [Times: user=0.00 sys=0.00, real=0.01 secs] 
2014-07-09T15:52:39.938+0200: 67.549: [Full GC [PSYoungGen: 2529K->0K(13824K)] [ParOldGen: 12243K->6379K(16384K)] 14772K->6379K(30208K) [PSPermGen: 2476K->2476K(21504K)], 0.0158445 secs] [Times: user=0.03 sys=0.00, real=0.02 secs] 
2014-07-09T15:52:39.980+0200: 67.591: [GC [PSYoungGen: 11262K->960K(13824K)] 17642K->7339K(30208K), 0.0011101 secs] [Times: user=0.00 sys=0.00, real=0.00 secs] 
2014-07-09T15:52:40.028+0200: 67.638: [GC [PSYoungGen: 12213K->1760K(13824K)] 18593K->8148K(30208K), 0.0013693 secs] [Times: user=0.00 sys=0.00, real=0.00 secs] 
2014-07-09T15:52:40.086+0200: 67.697: [GC [PSYoungGen: 13012K->2529K(13824K)] 19400K->11166K(30208K), 0.0414661 secs] [Times: user=0.03 sys=0.00, real=0.04 secs] 
2014-07-09T15:52:40.137+0200: 67.748: [GC [PSYoungGen: 13778K->2529K(13824K)] 22415K->16456K(30208K), 0.0451027 secs] [Times: user=0.00 sys=0.00, real=0.04 secs] 
2014-07-09T15:52:40.183+0200: 67.793: [Full GC [PSYoungGen: 2529K->0K(13824K)] [ParOldGen: 13927K->8307K(16384K)] 16456K->8307K(30208K) [PSPermGen: 2476K->2476K(21504K)], 0.0104606 secs] [Times: user=0.00 sys=0.00, real=0.01 secs] 
2014-07-09T15:52:40.198+0200: 67.809: [GC [PSYoungGen: 11251K->2529K(13824K)] 19559K->10997K(30208K), 0.0022049 secs] [Times: user=0.00 sys=0.00, real=0.00 secs] 
2014-07-09T15:52:40.205+0200: 67.816: [GC [PSYoungGen: 13778K->2529K(13824K)] 22246K->14206K(30208K), 0.0044629 secs] [Times: user=0.02 sys=0.00, real=0.01 secs] 
2014-07-09T15:52:40.210+0200: 67.821: [Full GC [PSYoungGen: 2529K->0K(13824K)] [ParOldGen: 11677K->6197K(16384K)] 14206K->6197K(30208K) [PSPermGen: 2476K->2476K(21504K)], 0.0090326 secs] [Times: user=0.00 sys=0.00, real=0.01 secs] 
2014-07-09T15:52:40.230+0200: 67.841: [GC [PSYoungGen: 11254K->2529K(13824K)] 17452K->13945K(30208K), 0.0058202 secs] [Times: user=0.00 sys=0.00, real=0.01 secs] 
2014-07-09T15:52:40.236+0200: 67.847: [Full GC [PSYoungGen: 2529K->0K(13824K)] [ParOldGen: 11416K->8216K(16384K)] 13945K->8216K(30208K) [PSPermGen: 2476K->2476K(21504K)], 0.0097002 secs] [Times: user=0.01 sys=0.00, real=0.01 secs] 
2014-07-09T15:52:40.288+0200: 67.899: [GC [PSYoungGen: 11251K->2529K(13824K)] 19468K->10809K(30208K), 0.0035053 secs] [Times: user=0.00 sys=0.00, real=0.00 secs] 
2014-07-09T15:52:40.328+0200: 67.939: [GC [PSYoungGen: 13778K->2529K(13824K)] 22059K->13923K(30208K), 0.0045359 secs] [Times: user=0.00 sys=0.00, real=0.00 secs] 
2014-07-09T15:52:40.333+0200: 67.943: [Full GC [PSYoungGen: 2529K->0K(13824K)] [ParOldGen: 11394K->6104K(16384K)] 13923K->6104K(30208K) [PSPermGen: 2476K->2476K(21504K)], 0.0106270 secs] [Times: user=0.03 sys=0.00, real=0.01 secs] 
2014-07-09T15:52:40.380+0200: 67.991: [GC [PSYoungGen: 11251K->480K(13824K)] 17356K->6584K(30208K), 0.0009162 secs] [Times: user=0.00 sys=0.00, real=0.00 secs] 
2014-07-09T15:52:40.429+0200: 68.039: [GC [PSYoungGen: 11729K->2529K(13824K)] 17834K->9634K(30208K), 0.0036432 secs] [Times: user=0.00 sys=0.00, real=0.00 secs] 
2014-07-09T15:52:40.479+0200: 68.090: [GC [PSYoungGen: 13780K->2529K(13824K)] 20885K->13676K(30208K), 0.0051482 secs] [Times: user=0.00 sys=0.00, real=0.00 secs] 
2014-07-09T15:52:40.484+0200: 68.095: [Full GC [PSYoungGen: 2529K->0K(13824K)] [ParOldGen: 11147K->7034K(16384K)] 13676K->7034K(30208K) [PSPermGen: 2476K->2476K(21504K)], 0.0125151 secs] [Times: user=0.02 sys=0.00, real=0.01 secs] 
2014-07-09T15:52:40.503+0200: 68.113: [GC [PSYoungGen: 11263K->960K(13824K)] 18297K->7994K(30208K), 0.0010709 secs] [Times: user=0.00 sys=0.00, real=0.00 secs] 
2014-07-09T15:52:40.579+0200: 68.189: [GC [PSYoungGen: 12211K->2529K(13824K)] 19246K->9827K(30208K), 0.0027512 secs] [Times: user=0.00 sys=0.00, real=0.00 secs] 
2014-07-09T15:52:40.591+0200: 68.202: [GC [PSYoungGen: 13778K->2529K(13824K)] 21076K->13133K(30208K), 0.0075345 secs] [Times: user=0.00 sys=0.00, real=0.01 secs] 
2014-07-09T15:52:40.599+0200: 68.210: [Full GC [PSYoungGen: 2529K->0K(13824K)] [ParOldGen: 10603K->6300K(16384K)] 13133K->6300K(30208K) [PSPermGen: 2476K->2476K(21504K)], 0.0143233 secs] [Times: user=0.03 sys=0.00, real=0.01 secs] 
2014-07-09T15:52:40.677+0200: 68.288: [GC [PSYoungGen: 11251K->672K(13824K)] 17552K->6972K(30208K), 0.0006750 secs] [Times: user=0.02 sys=0.00, real=0.00 secs] 
2014-07-09T15:52:40.683+0200: 68.294: [GC [PSYoungGen: 11921K->2529K(13824K)] 18222K->9990K(30208K), 0.0034477 secs] [Times: user=0.00 sys=0.00, real=0.00 secs] 
2014-07-09T15:52:40.728+0200: 68.339: [GC [PSYoungGen: 13780K->2529K(13824K)] 21241K->14224K(30208K), 0.0053058 secs] [Times: user=0.00 sys=0.00, real=0.01 secs] 
2014-07-09T15:52:40.734+0200: 68.345: [Full GC [PSYoungGen: 2529K->0K(13824K)] [ParOldGen: 11695K->7230K(16384K)] 14224K->7230K(30208K) [PSPermGen: 2476K->2476K(21504K)], 0.0108356 secs] [Times: user=0.02 sys=0.00, real=0.01 secs] 
2014-07-09T15:52:40.780+0200: 68.390: [GC [PSYoungGen: 11258K->32K(13824K)] 18488K->7262K(30208K), 0.0006966 secs] [Times: user=0.00 sys=0.00, real=0.00 secs] 
2014-07-09T15:52:40.827+0200: 68.438: [GC [PSYoungGen: 11281K->2529K(13824K)] 18511K->10343K(30208K), 0.0016579 secs] [Times: user=0.00 sys=0.00, real=0.00 secs] 
2014-07-09T15:52:40.880+0200: 68.491: [GC [PSYoungGen: 13778K->2529K(13824K)] 21593K->13969K(30208K), 0.0078601 secs] [Times: user=0.00 sys=0.00, real=0.01 secs] 
2014-07-09T15:52:40.888+0200: 68.499: [Full GC [PSYoungGen: 2529K->0K(13824K)] [ParOldGen: 11440K->6622K(16384K)] 13969K->6622K(30208K) [PSPermGen: 2476K->2476K(21504K)], 0.0203199 secs] [Times: user=0.02 sys=0.00, real=0.02 secs] 
2014-07-09T15:52:40.927+0200: 68.538: [GC [PSYoungGen: 11251K->992K(13824K)] 17874K->7615K(30208K), 0.0008355 secs] [Times: user=0.00 sys=0.00, real=0.00 secs] 
2014-07-09T15:52:40.979+0200: 68.590: [GC [PSYoungGen: 12241K->2529K(13824K)] 18864K->10664K(30208K), 0.0045751 secs] [Times: user=0.00 sys=0.00, real=0.00 secs] 
2014-07-09T15:52:40.994+0200: 68.605: [GC [PSYoungGen: 13780K->2529K(13824K)] 21916K->15219K(30208K), 0.0087268 secs] [Times: user=0.00 sys=0.00, real=0.01 secs] 
2014-07-09T15:52:41.003+0200: 68.614: [Full GC [PSYoungGen: 2529K->0K(13824K)] [ParOldGen: 12689K->7551K(16384K)] 15219K->7551K(30208K) [PSPermGen: 2476K->2476K(21504K)], 0.0279750 secs] [Times: user=0.05 sys=0.00, real=0.03 secs] 
2014-07-09T15:52:41.077+0200: 68.688: [GC [PSYoungGen: 11260K->352K(13824K)] 18812K->7903K(30208K), 0.0017550 secs] [Times: user=0.00 sys=0.00, real=0.00 secs] 
2014-07-09T15:52:41.086+0200: 68.697: [GC [PSYoungGen: 11601K->2529K(13824K)] 19152K->10952K(30208K), 0.0962741 secs] [Times: user=0.06 sys=0.00, real=0.10 secs] 
2014-07-09T15:52:41.188+0200: 68.799: [GC [PSYoungGen: 13780K->2529K(13824K)] 22204K->14898K(30208K), 0.0051170 secs] [Times: user=0.03 sys=0.00, real=0.01 secs] 
2014-07-09T15:52:41.194+0200: 68.804: [Full GC [PSYoungGen: 2529K->0K(13824K)] [ParOldGen: 12369K->6944K(16384K)] 14898K->6944K(30208K) [PSPermGen: 2476K->2476K(21504K)], 0.0098234 secs] [Times: user=0.00 sys=0.00, real=0.01 secs] 
2014-07-09T15:52:41.209+0200: 68.819: [GC [PSYoungGen: 11249K->1312K(13824K)] 18193K->8256K(30208K), 0.0011266 secs] [Times: user=0.00 sys=0.00, real=0.00 secs] 
2014-07-09T15:52:41.228+0200: 68.839: [GC [PSYoungGen: 12564K->2529K(13824K)] 19508K->11306K(30208K), 0.0207129 secs] [Times: user=0.00 sys=0.00, real=0.02 secs] 
2014-07-09T15:52:41.279+0200: 68.889: [GC [PSYoungGen: 13784K->2529K(13824K)] 22561K->15156K(30208K), 0.0047863 secs] [Times: user=0.00 sys=0.00, real=0.00 secs] 
2014-07-09T15:52:41.284+0200: 68.894: [Full GC [PSYoungGen: 2529K->0K(13824K)] [ParOldGen: 12626K->6848K(16384K)] 15156K->6848K(30208K) [PSPermGen: 2476K->2476K(21504K)], 0.0103436 secs] [Times: user=0.02 sys=0.00, real=0.01 secs] 
2014-07-09T15:52:41.327+0200: 68.938: [GC [PSYoungGen: 11249K->1216K(13824K)] 18098K->8065K(30208K), 0.0007193 secs] [Times: user=0.00 sys=0.00, real=0.00 secs] 
2014-07-09T15:52:41.378+0200: 68.988: [GC [PSYoungGen: 12468K->2529K(13824K)] 19316K->11114K(30208K), 0.0030540 secs] [Times: user=0.03 sys=0.00, real=0.00 secs] 
2014-07-09T15:52:41.386+0200: 68.996: [GC [PSYoungGen: 13778K->2529K(13824K)] 22364K->15893K(30208K), 0.0053780 secs] [Times: user=0.00 sys=0.00, real=0.01 secs] 
2014-07-09T15:52:41.391+0200: 69.002: [Full GC [PSYoungGen: 2529K->0K(13824K)] [ParOldGen: 13363K->7777K(16384K)] 15893K->7777K(30208K) [PSPermGen: 2476K->2476K(21504K)], 0.0096162 secs] [Times: user=0.02 sys=0.00, real=0.01 secs] 
2014-07-09T15:52:41.478+0200: 69.089: [GC [PSYoungGen: 11251K->2145K(13824K)] 19028K->9922K(30208K), 0.0023548 secs] [Times: user=0.00 sys=0.00, real=0.00 secs] 
2014-07-09T15:52:41.490+0200: 69.101: [GC [PSYoungGen: 13394K->2529K(13824K)] 21171K->12971K(30208K), 0.0073945 secs] [Times: user=0.00 sys=0.00, real=0.01 secs] 
2014-07-09T15:52:41.498+0200: 69.108: [Full GC [PSYoungGen: 2529K->0K(13824K)] [ParOldGen: 10442K->5664K(16384K)] 12971K->5664K(30208K) [PSPermGen: 2476K->2476K(21504K)], 0.0153913 secs] [Times: user=0.03 sys=0.00, real=0.02 secs] 
2014-07-09T15:52:41.529+0200: 69.139: [GC [PSYoungGen: 11238K->2529K(13824K)] 16902K->11682K(30208K), 0.0047192 secs] [Times: user=0.00 sys=0.00, real=0.00 secs] 
2014-07-09T15:52:41.584+0200: 69.195: [GC [PSYoungGen: 13780K->864K(13824K)] 22934K->10026K(30208K), 0.0032369 secs] [Times: user=0.00 sys=0.00, real=0.00 secs] 
2014-07-09T15:52:41.628+0200: 69.239: [GC [PSYoungGen: 12113K->2529K(13824K)] 21275K->13075K(30208K), 0.0027842 secs] [Times: user=0.02 sys=0.00, real=0.00 secs] 
2014-07-09T15:52:41.680+0200: 69.290: [GC [PSYoungGen: 13780K->2529K(13824K)] 24327K->17501K(30208K), 0.0053920 secs] [Times: user=0.00 sys=0.00, real=0.00 secs] 
2014-07-09T15:52:41.685+0200: 69.296: [Full GC [PSYoungGen: 2529K->0K(13824K)] [ParOldGen: 14972K->7427K(16384K)] 17501K->7427K(30208K) [PSPermGen: 2476K->2476K(21504K)], 0.0129041 secs] [Times: user=0.01 sys=0.00, real=0.01 secs] 
2014-07-09T15:52:41.727+0200: 69.338: [GC [PSYoungGen: 11249K->1760K(13824K)] 18676K->9188K(30208K), 0.0016887 secs] [Times: user=0.00 sys=0.00, real=0.00 secs] 
2014-07-09T15:52:41.778+0200: 69.389: [GC [PSYoungGen: 13015K->2529K(13824K)] 20443K->11245K(30208K), 0.0025466 secs] [Times: user=0.00 sys=0.00, real=0.00 secs] 
2014-07-09T15:52:41.787+0200: 69.398: [GC [PSYoungGen: 13780K->2529K(13824K)] 22496K->15575K(30208K), 0.0051599 secs] [Times: user=0.00 sys=0.00, real=0.01 secs] 
2014-07-09T15:52:41.792+0200: 69.403: [Full GC [PSYoungGen: 2529K->0K(13824K)] [ParOldGen: 13045K->7331K(16384K)] 15575K->7331K(30208K) [PSPermGen: 2476K->2476K(21504K)], 0.0098384 secs] [Times: user=0.03 sys=0.00, real=0.01 secs] 
2014-07-09T15:52:41.878+0200: 69.489: [GC [PSYoungGen: 11249K->1696K(13824K)] 18581K->9028K(30208K), 0.0020051 secs] [Times: user=0.03 sys=0.00, real=0.00 secs] 
2014-07-09T15:52:41.889+0200: 69.499: [GC [PSYoungGen: 12948K->2529K(13824K)] 20279K->12077K(30208K), 0.0065025 secs] [Times: user=0.02 sys=0.02, real=0.01 secs] 
2014-07-09T15:52:41.931+0200: 69.542: [GC [PSYoungGen: 13778K->2529K(13824K)] 23327K->17336K(30208K), 0.0102065 secs] [Times: user=0.01 sys=0.00, real=0.01 secs] 
2014-07-09T15:52:41.942+0200: 69.553: [Full GC [PSYoungGen: 2529K->0K(13824K)] [ParOldGen: 14807K->8260K(16384K)] 17336K->8260K(30208K) [PSPermGen: 2476K->2476K(21504K)], 0.0202418 secs] [Times: user=0.02 sys=0.00, real=0.02 secs] 
2014-07-09T15:52:41.981+0200: 69.592: [GC [PSYoungGen: 11251K->2529K(13824K)] 19511K->10853K(30208K), 0.0044732 secs] [Times: user=0.00 sys=0.00, real=0.01 secs] 
2014-07-09T15:52:42.029+0200: 69.640: [GC [PSYoungGen: 13787K->2529K(13824K)] 22112K->12462K(30208K), 0.0046752 secs] [Times: user=0.00 sys=0.00, real=0.00 secs] 
2014-07-09T15:52:42.080+0200: 69.690: [GC [PSYoungGen: 13778K->2529K(13824K)] 23711K->17112K(30208K), 0.0277220 secs] [Times: user=0.02 sys=0.00, real=0.03 secs] 
2014-07-09T15:52:42.108+0200: 69.719: [Full GC [PSYoungGen: 2529K->0K(13824K)] [ParOldGen: 14583K->7652K(16384K)] 17112K->7652K(30208K) [PSPermGen: 2476K->2476K(21504K)], 0.0249056 secs] [Times: user=0.03 sys=0.00, real=0.02 secs] 
2014-07-09T15:52:42.139+0200: 69.750: [GC [PSYoungGen: 11249K->2016K(13824K)] 18902K->9669K(30208K), 0.0016406 secs] [Times: user=0.00 sys=0.00, real=0.00 secs] 
2014-07-09T15:52:42.178+0200: 69.789: [GC [PSYoungGen: 13268K->2529K(13824K)] 20921K->12719K(30208K), 0.0037139 secs] [Times: user=0.00 sys=0.00, real=0.00 secs] 
2014-07-09T15:52:42.182+0200: 69.793: [Full GC [PSYoungGen: 2529K->0K(13824K)] [ParOldGen: 10190K->5539K(16384K)] 12719K->5539K(30208K) [PSPermGen: 2476K->2476K(21504K)], 0.0086986 secs] [Times: user=0.02 sys=0.00, real=0.01 secs] 
2014-07-09T15:52:42.196+0200: 69.806: [GC [PSYoungGen: 11249K->2529K(13824K)] 16789K->13639K(30208K), 0.0059283 secs] [Times: user=0.00 sys=0.00, real=0.01 secs] 
2014-07-09T15:52:42.202+0200: 69.812: [Full GC [PSYoungGen: 2529K->0K(13824K)] [ParOldGen: 11110K->8493K(16384K)] 13639K->8493K(30208K) [PSPermGen: 2476K->2476K(21504K)], 0.0106732 secs] [Times: user=0.01 sys=0.00, real=0.01 secs] 
2014-07-09T15:52:42.277+0200: 69.888: [GC [PSYoungGen: 11260K->1408K(13824K)] 19754K->9902K(30208K), 0.0009283 secs] [Times: user=0.00 sys=0.00, real=0.00 secs] 
2014-07-09T15:52:42.287+0200: 69.898: [GC [PSYoungGen: 12660K->2529K(13824K)] 21153K->12919K(30208K), 0.0048123 secs] [Times: user=0.00 sys=0.00, real=0.01 secs] 
2014-07-09T15:52:42.292+0200: 69.903: [Full GC [PSYoungGen: 2529K->0K(13824K)] [ParOldGen: 10390K->4903K(16384K)] 12919K->4903K(30208K) [PSPermGen: 2476K->2476K(21504K)], 0.0119736 secs] [Times: user=0.02 sys=0.00, real=0.01 secs] 
2014-07-09T15:52:42.329+0200: 69.940: [GC [PSYoungGen: 11249K->2529K(13824K)] 16153K->12395K(30208K), 0.0056768 secs] [Times: user=0.03 sys=0.00, real=0.01 secs] 
2014-07-09T15:52:42.335+0200: 69.946: [Full GC [PSYoungGen: 2529K->0K(13824K)] [ParOldGen: 9865K->7946K(16384K)] 12395K->7946K(30208K) [PSPermGen: 2476K->2476K(21504K)], 0.0098102 secs] [Times: user=0.00 sys=0.00, real=0.01 secs] 
2014-07-09T15:52:42.384+0200: 69.994: [GC [PSYoungGen: 11251K->2337K(13824K)] 19197K->10283K(30208K), 0.0035504 secs] [Times: user=0.00 sys=0.00, real=0.00 secs] 
2014-07-09T15:52:42.429+0200: 70.040: [GC [PSYoungGen: 13586K->2529K(13824K)] 21532K->13332K(30208K), 0.0040179 secs] [Times: user=0.00 sys=0.00, real=0.00 secs] 
2014-07-09T15:52:42.433+0200: 70.044: [Full GC [PSYoungGen: 2529K->0K(13824K)] [ParOldGen: 10803K->5836K(16384K)] 13332K->5836K(30208K) [PSPermGen: 2476K->2476K(21504K)], 0.0117874 secs] [Times: user=0.02 sys=0.00, real=0.01 secs] 
2014-07-09T15:52:42.479+0200: 70.090: [GC [PSYoungGen: 11260K->192K(13824K)] 17096K->6028K(30208K), 0.0008594 secs] [Times: user=0.00 sys=0.00, real=0.00 secs] 
2014-07-09T15:52:42.528+0200: 70.139: [GC [PSYoungGen: 11450K->1600K(13824K)] 17286K->7444K(30208K), 0.0020293 secs] [Times: user=0.00 sys=0.00, real=0.00 secs] 
2014-07-09T15:52:42.578+0200: 70.189: [GC [PSYoungGen: 12852K->2529K(13824K)] 18696K->10494K(30208K), 0.0036373 secs] [Times: user=0.03 sys=0.00, real=0.00 secs] 
2014-07-09T15:52:42.587+0200: 70.198: [GC [PSYoungGen: 13778K->2529K(13824K)] 21743K->15656K(30208K), 0.0061421 secs] [Times: user=0.00 sys=0.00, real=0.01 secs] 
2014-07-09T15:52:42.594+0200: 70.204: [Full GC [PSYoungGen: 2529K->0K(13824K)] [ParOldGen: 13127K->8148K(16384K)] 15656K->8148K(30208K) [PSPermGen: 2476K->2476K(21504K)], 0.0137173 secs] [Times: user=0.03 sys=0.00, real=0.01 secs] 
2014-07-09T15:52:42.678+0200: 70.289: [GC [PSYoungGen: 11251K->2529K(13824K)] 19399K->10677K(30208K), 0.0025961 secs] [Times: user=0.00 sys=0.00, real=0.00 secs] 
2014-07-09T15:52:42.691+0200: 70.302: [GC [PSYoungGen: 13778K->2529K(13824K)] 21927K->13727K(30208K), 0.0076991 secs] [Times: user=0.00 sys=0.00, real=0.01 secs] 
2014-07-09T15:52:42.699+0200: 70.310: [Full GC [PSYoungGen: 2529K->0K(13824K)] [ParOldGen: 11197K->6038K(16384K)] 13727K->6038K(30208K) [PSPermGen: 2476K->2476K(21504K)], 0.0144953 secs] [Times: user=0.03 sys=0.00, real=0.02 secs] 
2014-07-09T15:52:42.730+0200: 70.340: [GC [PSYoungGen: 11254K->2529K(13824K)] 17293K->13626K(30208K), 0.0057843 secs] [Times: user=0.00 sys=0.00, real=0.01 secs] 
2014-07-09T15:52:42.736+0200: 70.346: [Full GC [PSYoungGen: 2529K->0K(13824K)] [ParOldGen: 11096K->8057K(16384K)] 13626K->8057K(30208K) [PSPermGen: 2476K->2476K(21504K)], 0.0095939 secs] [Times: user=0.03 sys=0.00, real=0.01 secs] 
2014-07-09T15:52:42.781+0200: 70.392: [GC [PSYoungGen: 11251K->2433K(13824K)] 19308K->10490K(30208K), 0.0018918 secs] [Times: user=0.01 sys=0.00, real=0.00 secs] 
2014-07-09T15:52:42.832+0200: 70.443: [GC [PSYoungGen: 13682K->2529K(13824K)] 21739K->13507K(30208K), 0.0190425 secs] [Times: user=0.02 sys=0.00, real=0.02 secs] 
2014-07-09T15:52:42.852+0200: 70.462: [Full GC [PSYoungGen: 2529K->0K(13824K)] [ParOldGen: 10978K->5945K(16384K)] 13507K->5945K(30208K) [PSPermGen: 2476K->2476K(21504K)], 0.0101460 secs] [Times: user=0.03 sys=0.00, real=0.01 secs] 
2014-07-09T15:52:42.880+0200: 70.491: [GC [PSYoungGen: 11251K->320K(13824K)] 17196K->6265K(30208K), 0.0007468 secs] [Times: user=0.00 sys=0.00, real=0.00 secs] 
2014-07-09T15:52:42.928+0200: 70.539: [GC [PSYoungGen: 11569K->2529K(13824K)] 17514K->9314K(30208K), 0.0035152 secs] [Times: user=0.00 sys=0.00, real=0.00 secs] 
2014-07-09T15:52:42.981+0200: 70.592: [GC [PSYoungGen: 13780K->2529K(13824K)] 20566K->13196K(30208K), 0.0080126 secs] [Times: user=0.02 sys=0.00, real=0.01 secs] 
2014-07-09T15:52:42.990+0200: 70.600: [Full GC [PSYoungGen: 2529K->0K(13824K)] [ParOldGen: 10667K->6874K(16384K)] 13196K->6874K(30208K) [PSPermGen: 2476K->2476K(21504K)], 0.0202348 secs] [Times: user=0.02 sys=0.00, real=0.02 secs] 
2014-07-09T15:52:43.015+0200: 70.625: [GC [PSYoungGen: 11261K->256K(13824K)] 18135K->7130K(30208K), 0.0007692 secs] [Times: user=0.00 sys=0.00, real=0.00 secs] 
2014-07-09T15:52:43.077+0200: 70.688: [GC [PSYoungGen: 11510K->2241K(13824K)] 18385K->9123K(30208K), 0.0012249 secs] [Times: user=0.00 sys=0.00, real=0.00 secs] 
2014-07-09T15:52:43.086+0200: 70.697: [GC [PSYoungGen: 13490K->2529K(13824K)] 20373K->12141K(30208K), 0.0050059 secs] [Times: user=0.00 sys=0.00, real=0.01 secs] 
2014-07-09T15:52:43.177+0200: 70.788: [GC [PSYoungGen: 13780K->128K(13824K)] 23392K->9755K(30208K), 0.0012825 secs] [Times: user=0.00 sys=0.00, real=0.00 secs] 
2014-07-09T15:52:43.186+0200: 70.797: [GC [PSYoungGen: 11377K->2529K(13824K)] 21005K->12805K(30208K), 0.0043940 secs] [Times: user=0.03 sys=0.00, real=0.00 secs] 
2014-07-09T15:52:43.232+0200: 70.842: [GC [PSYoungGen: 13778K->2529K(13824K)] 24054K->16463K(30208K), 0.0153755 secs] [Times: user=0.02 sys=0.00, real=0.02 secs] 
2014-07-09T15:52:43.248+0200: 70.858: [Full GC [PSYoungGen: 2529K->0K(13824K)] [ParOldGen: 13934K->6686K(16384K)] 16463K->6686K(30208K) [PSPermGen: 2476K->2476K(21504K)], 0.0102908 secs] [Times: user=0.02 sys=0.00, real=0.01 secs] 
2014-07-09T15:52:43.280+0200: 70.890: [GC [PSYoungGen: 11252K->2529K(13824K)] 17939K->14914K(30208K), 0.0062785 secs] [Times: user=0.02 sys=0.00, real=0.01 secs] 
2014-07-09T15:52:43.286+0200: 70.896: [Full GC [PSYoungGen: 2529K->0K(13824K)] [ParOldGen: 12385K->8703K(16384K)] 14914K->8703K(30208K) [PSPermGen: 2476K->2476K(21504K)], 0.0113570 secs] [Times: user=0.00 sys=0.00, real=0.01 secs] 
2014-07-09T15:52:43.328+0200: 70.938: [GC [PSYoungGen: 11252K->2529K(13824K)] 19956K->11777K(30208K), 0.0015692 secs] [Times: user=0.00 sys=0.00, real=0.00 secs] 
2014-07-09T15:52:43.379+0200: 70.989: [GC [PSYoungGen: 13778K->2529K(13824K)] 23026K->15339K(30208K), 0.0050536 secs] [Times: user=0.00 sys=0.00, real=0.01 secs] 
2014-07-09T15:52:43.384+0200: 70.994: [Full GC [PSYoungGen: 2529K->0K(13824K)] [ParOldGen: 12809K->6590K(16384K)] 15339K->6590K(30208K) [PSPermGen: 2476K->2476K(21504K)], 0.0120558 secs] [Times: user=0.02 sys=0.00, real=0.01 secs] 
2014-07-09T15:52:43.427+0200: 71.037: [GC [PSYoungGen: 11251K->960K(13824K)] 17842K->7551K(30208K), 0.0006577 secs] [Times: user=0.00 sys=0.00, real=0.00 secs] 
2014-07-09T15:52:43.478+0200: 71.087: [GC [PSYoungGen: 12209K->2529K(13824K)] 18800K->10600K(30208K), 0.0025381 secs] [Times: user=0.00 sys=0.00, real=0.00 secs] 
2014-07-09T15:52:43.485+0200: 71.095: [GC [PSYoungGen: 13780K->2529K(13824K)] 21852K->15122K(30208K), 0.0054624 secs] [Times: user=0.03 sys=0.00, real=0.01 secs] 
2014-07-09T15:52:43.491+0200: 71.101: [Full GC [PSYoungGen: 2529K->0K(13824K)] [ParOldGen: 12593K->7519K(16384K)] 15122K->7519K(30208K) [PSPermGen: 2476K->2476K(21504K)], 0.0095605 secs] [Times: user=0.00 sys=0.00, real=0.01 secs] 
2014-07-09T15:52:43.577+0200: 71.187: [GC [PSYoungGen: 11234K->192K(13824K)] 18753K->7711K(30208K), 0.0004942 secs] [Times: user=0.00 sys=0.00, real=0.00 secs] 
2014-07-09T15:52:43.582+0200: 71.192: [GC [PSYoungGen: 11441K->2529K(13824K)] 18960K->10760K(30208K), 0.0029528 secs] [Times: user=0.00 sys=0.00, real=0.00 secs] 
2014-07-09T15:52:43.629+0200: 71.239: [GC [PSYoungGen: 13780K->2529K(13824K)] 22012K->14514K(30208K), 0.0047192 secs] [Times: user=0.00 sys=0.00, real=0.01 secs] 
2014-07-09T15:52:43.634+0200: 71.244: [Full GC [PSYoungGen: 2529K->0K(13824K)] [ParOldGen: 11985K->6752K(16384K)] 14514K->6752K(30208K) [PSPermGen: 2476K->2476K(21504K)], 0.0093237 secs] [Times: user=0.03 sys=0.00, real=0.01 secs] 
2014-07-09T15:52:43.681+0200: 71.290: [GC [PSYoungGen: 11249K->1120K(13824K)] 18002K->7873K(30208K), 0.0010449 secs] [Times: user=0.00 sys=0.00, real=0.00 secs] 
2014-07-09T15:52:43.729+0200: 71.339: [GC [PSYoungGen: 12370K->2529K(13824K)] 19122K->10922K(30208K), 0.0048838 secs] [Times: user=0.00 sys=0.00, real=0.00 secs] 
2014-07-09T15:52:43.780+0200: 71.390: [GC [PSYoungGen: 13787K->2529K(13824K)] 22181K->14068K(30208K), 0.0072262 secs] [Times: user=0.03 sys=0.00, real=0.01 secs] 
2014-07-09T15:52:43.788+0200: 71.398: [Full GC [PSYoungGen: 2529K->0K(13824K)] [ParOldGen: 11538K->6145K(16384K)] 14068K->6145K(30208K) [PSPermGen: 2476K->2476K(21504K)], 0.0223612 secs] [Times: user=0.02 sys=0.00, real=0.02 secs] 
2014-07-09T15:52:43.828+0200: 71.438: [GC [PSYoungGen: 11251K->480K(13824K)] 17396K->6625K(30208K), 0.0016945 secs] [Times: user=0.02 sys=0.00, real=0.00 secs] 
2014-07-09T15:52:43.879+0200: 71.489: [GC [PSYoungGen: 11729K->2529K(13824K)] 17875K->9707K(30208K), 0.0040611 secs] [Times: user=0.00 sys=0.00, real=0.00 secs] 
2014-07-09T15:52:43.892+0200: 71.502: [GC [PSYoungGen: 13780K->2529K(13824K)] 20958K->13781K(30208K), 0.0088305 secs] [Times: user=0.00 sys=0.00, real=0.01 secs] 
2014-07-09T15:52:43.901+0200: 71.511: [Full GC [PSYoungGen: 2529K->0K(13824K)] [ParOldGen: 11251K->7073K(16384K)] 13781K->7073K(30208K) [PSPermGen: 2476K->2476K(21504K)], 0.0386834 secs] [Times: user=0.05 sys=0.00, real=0.04 secs] 
2014-07-09T15:52:43.977+0200: 71.587: [GC [PSYoungGen: 11249K->1440K(13824K)] 18323K->8514K(30208K), 0.0007890 secs] [Times: user=0.00 sys=0.00, real=0.00 secs] 
2014-07-09T15:52:43.982+0200: 71.592: [GC [PSYoungGen: 12692K->2529K(13824K)] 19766K->11564K(30208K), 0.0036901 secs] [Times: user=0.03 sys=0.00, real=0.00 secs] 
2014-07-09T15:52:44.030+0200: 71.640: [GC [PSYoungGen: 13787K->2529K(13824K)] 22822K->15029K(30208K), 0.0081296 secs] [Times: user=0.03 sys=0.00, real=0.01 secs] 
2014-07-09T15:52:44.039+0200: 71.649: [Full GC [PSYoungGen: 2529K->0K(13824K)] [ParOldGen: 12500K->6466K(16384K)] 15029K->6466K(30208K) [PSPermGen: 2476K->2476K(21504K)], 0.0474384 secs] [Times: user=0.05 sys=0.00, real=0.05 secs] 
2014-07-09T15:52:44.092+0200: 71.702: [GC [PSYoungGen: 11251K->800K(13824K)] 17718K->7267K(30208K), 0.0017543 secs] [Times: user=0.00 sys=0.00, real=0.00 secs] 
2014-07-09T15:52:44.128+0200: 71.738: [GC [PSYoungGen: 12049K->2529K(13824K)] 18516K->10316K(30208K), 0.0041916 secs] [Times: user=0.00 sys=0.00, real=0.00 secs] 
2014-07-09T15:52:44.181+0200: 71.790: [GC [PSYoungGen: 13780K->2529K(13824K)] 21568K->14710K(30208K), 0.0093918 secs] [Times: user=0.03 sys=0.00, real=0.01 secs] 
2014-07-09T15:52:44.190+0200: 71.800: [Full GC [PSYoungGen: 2529K->0K(13824K)] [ParOldGen: 12181K->7395K(16384K)] 14710K->7395K(30208K) [PSPermGen: 2476K->2476K(21504K)], 0.0212669 secs] [Times: user=0.00 sys=0.00, real=0.02 secs] 
2014-07-09T15:52:44.227+0200: 71.837: [GC [PSYoungGen: 11249K->1760K(13824K)] 18644K->9156K(30208K), 0.0010145 secs] [Times: user=0.00 sys=0.00, real=0.00 secs] 
2014-07-09T15:52:44.279+0200: 71.889: [GC [PSYoungGen: 13015K->2529K(13824K)] 20410K->11180K(30208K), 0.0045495 secs] [Times: user=0.03 sys=0.00, real=0.00 secs] 
2014-07-09T15:52:44.294+0200: 71.904: [GC [PSYoungGen: 13780K->2529K(13824K)] 22432K->15479K(30208K), 0.0063910 secs] [Times: user=0.03 sys=0.00, real=0.01 secs] 
2014-07-09T15:52:44.300+0200: 71.910: [Full GC [PSYoungGen: 2529K->0K(13824K)] [ParOldGen: 12949K->7299K(16384K)] 15479K->7299K(30208K) [PSPermGen: 2476K->2476K(21504K)], 0.0131410 secs] [Times: user=0.03 sys=0.00, real=0.01 secs] 
2014-07-09T15:52:44.377+0200: 71.987: [GC [PSYoungGen: 11249K->1664K(13824K)] 18549K->8964K(30208K), 0.0008645 secs] [Times: user=0.00 sys=0.00, real=0.00 secs] 
2014-07-09T15:52:44.383+0200: 71.993: [GC [PSYoungGen: 12916K->2529K(13824K)] 20215K->12013K(30208K), 0.0037249 secs] [Times: user=0.00 sys=0.00, real=0.00 secs] 
2014-07-09T15:52:44.432+0200: 72.042: [GC [PSYoungGen: 13778K->2529K(13824K)] 23263K->17208K(30208K), 0.0152168 secs] [Times: user=0.02 sys=0.00, real=0.02 secs] 
2014-07-09T15:52:44.448+0200: 72.058: [Full GC [PSYoungGen: 2529K->0K(13824K)] [ParOldGen: 14679K->8228K(16384K)] 17208K->8228K(30208K) [PSPermGen: 2476K->2476K(21504K)], 0.0185117 secs] [Times: user=0.00 sys=0.00, real=0.02 secs] 
2014-07-09T15:52:44.481+0200: 72.091: [GC [PSYoungGen: 11234K->896K(13824K)] 19462K->9124K(30208K), 0.0008392 secs] [Times: user=0.00 sys=0.00, real=0.00 secs] 
2014-07-09T15:52:44.528+0200: 72.138: [GC [PSYoungGen: 12151K->2529K(13824K)] 20379K->11661K(30208K), 0.0018133 secs] [Times: user=0.00 sys=0.00, real=0.00 secs] 
2014-07-09T15:52:44.582+0200: 72.192: [GC [PSYoungGen: 13780K->2529K(13824K)] 22913K->15575K(30208K), 0.0098025 secs] [Times: user=0.00 sys=0.00, real=0.01 secs] 
2014-07-09T15:52:44.592+0200: 72.202: [Full GC [PSYoungGen: 2529K->0K(13824K)] [ParOldGen: 13046K->6949K(16384K)] 15575K->6949K(30208K) [PSPermGen: 2476K->2476K(21504K)], 0.0139567 secs] [Times: user=0.03 sys=0.00, real=0.01 secs] 
2014-07-09T15:52:44.627+0200: 72.237: [GC [PSYoungGen: 11249K->1312K(13824K)] 18199K->8262K(30208K), 0.0007838 secs] [Times: user=0.00 sys=0.00, real=0.00 secs] 
2014-07-09T15:52:44.679+0200: 72.289: [GC [PSYoungGen: 12564K->2529K(13824K)] 19513K->11311K(30208K), 0.0052765 secs] [Times: user=0.00 sys=0.00, real=0.01 secs] 
2014-07-09T15:52:44.691+0200: 72.301: [GC [PSYoungGen: 13778K->2529K(13824K)] 22561K->16186K(30208K), 0.0061542 secs] [Times: user=0.00 sys=0.00, real=0.01 secs] 
2014-07-09T15:52:44.697+0200: 72.307: [Full GC [PSYoungGen: 2529K->0K(13824K)] [ParOldGen: 13657K->7878K(16384K)] 16186K->7878K(30208K) [PSPermGen: 2476K->2476K(21504K)], 0.0133642 secs] [Times: user=0.02 sys=0.00, real=0.01 secs] 
2014-07-09T15:52:44.778+0200: 72.388: [GC [PSYoungGen: 11254K->1216K(13824K)] 19133K->9094K(30208K), 0.0019886 secs] [Times: user=0.00 sys=0.00, real=0.00 secs] 
2014-07-09T15:52:44.788+0200: 72.398: [GC [PSYoungGen: 12468K->2529K(13824K)] 20346K->12144K(30208K), 0.0222886 secs] [Times: user=0.02 sys=0.00, real=0.02 secs] 
2014-07-09T15:52:44.830+0200: 72.440: [GC [PSYoungGen: 13778K->2529K(13824K)] 23393K->16922K(30208K), 0.0054558 secs] [Times: user=0.00 sys=0.00, real=0.01 secs] 
2014-07-09T15:52:44.835+0200: 72.445: [Full GC [PSYoungGen: 2529K->0K(13824K)] [ParOldGen: 14393K->7782K(16384K)] 16922K->7782K(30208K) [PSPermGen: 2476K->2476K(21504K)], 0.0110780 secs] [Times: user=0.03 sys=0.00, real=0.01 secs] 
2014-07-09T15:52:44.881+0200: 72.491: [GC [PSYoungGen: 11251K->2145K(13824K)] 19034K->9927K(30208K), 0.0017708 secs] [Times: user=0.00 sys=0.00, real=0.00 secs] 
2014-07-09T15:52:44.929+0200: 72.539: [GC [PSYoungGen: 13394K->2529K(13824K)] 21177K->12977K(30208K), 0.0065476 secs] [Times: user=0.00 sys=0.00, real=0.01 secs] 
2014-07-09T15:52:44.936+0200: 72.546: [Full GC [PSYoungGen: 2529K->0K(13824K)] [ParOldGen: 10448K->5669K(16384K)] 12977K->5669K(30208K) [PSPermGen: 2476K->2476K(21504K)], 0.0211022 secs] [Times: user=0.02 sys=0.02, real=0.02 secs] 
2014-07-09T15:52:44.980+0200: 72.590: [GC [PSYoungGen: 11249K->2529K(13824K)] 16919K->13897K(30208K), 0.0063951 secs] [Times: user=0.03 sys=0.00, real=0.01 secs] 
2014-07-09T15:52:44.987+0200: 72.596: [Full GC [PSYoungGen: 2529K->0K(13824K)] [ParOldGen: 11368K->8625K(16384K)] 13897K->8625K(30208K) [PSPermGen: 2476K->2476K(21504K)], 0.0166166 secs] [Times: user=0.02 sys=0.00, real=0.02 secs] 
2014-07-09T15:52:45.027+0200: 72.637: [GC [PSYoungGen: 11261K->1536K(13824K)] 19887K->10162K(30208K), 0.0009807 secs] [Times: user=0.00 sys=0.00, real=0.00 secs] 
2014-07-09T15:52:45.085+0200: 72.695: [GC [PSYoungGen: 12788K->2529K(13824K)] 21413K->13179K(30208K), 0.0061421 secs] [Times: user=0.00 sys=0.00, real=0.01 secs] 
2014-07-09T15:52:45.091+0200: 72.701: [Full GC [PSYoungGen: 2529K->0K(13824K)] [ParOldGen: 10650K->5031K(16384K)] 13179K->5031K(30208K) [PSPermGen: 2476K->2476K(21504K)], 0.0117485 secs] [Times: user=0.02 sys=0.00, real=0.01 secs] 
2014-07-09T15:52:45.108+0200: 72.718: [GC [PSYoungGen: 11249K->2529K(13824K)] 16281K->12651K(30208K), 0.0057835 secs] [Times: user=0.03 sys=0.00, real=0.01 secs] 
2014-07-09T15:52:45.114+0200: 72.724: [Full GC [PSYoungGen: 2529K->0K(13824K)] [ParOldGen: 10122K->8074K(16384K)] 12651K->8074K(30208K) [PSPermGen: 2476K->2476K(21504K)], 0.0100998 secs] [Times: user=0.02 sys=0.00, real=0.01 secs] 
2014-07-09T15:52:45.178+0200: 72.788: [GC [PSYoungGen: 11251K->2465K(13824K)] 19325K->10539K(30208K), 0.0026019 secs] [Times: user=0.00 sys=0.00, real=0.00 secs] 
2014-07-09T15:52:45.191+0200: 72.801: [GC [PSYoungGen: 13714K->2529K(13824K)] 21788K->13588K(30208K), 0.0069050 secs] [Times: user=0.00 sys=0.00, real=0.01 secs] 
2014-07-09T15:52:45.198+0200: 72.808: [Full GC [PSYoungGen: 2529K->0K(13824K)] [ParOldGen: 11059K->5964K(16384K)] 13588K->5964K(30208K) [PSPermGen: 2476K->2476K(21504K)], 0.0249580 secs] [Times: user=0.06 sys=0.00, real=0.03 secs] 
2014-07-09T15:52:45.230+0200: 72.840: [GC [PSYoungGen: 11259K->416K(13824K)] 17224K->6380K(30208K), 0.0008744 secs] [Times: user=0.00 sys=0.00, real=0.00 secs] 
2014-07-09T15:52:45.281+0200: 72.891: [GC [PSYoungGen: 11666K->1856K(13824K)] 17630K->7829K(30208K), 0.0015578 secs] [Times: user=0.00 sys=0.00, real=0.00 secs] 
2014-07-09T15:52:45.331+0200: 72.941: [GC [PSYoungGen: 13108K->2529K(13824K)] 19080K->10878K(30208K), 0.0059694 secs] [Times: user=0.00 sys=0.00, real=0.01 secs] 
2014-07-09T15:52:45.382+0200: 72.992: [GC [PSYoungGen: 13778K->2529K(13824K)] 22128K->16297K(30208K), 0.0101185 secs] [Times: user=0.03 sys=0.00, real=0.01 secs] 
2014-07-09T15:52:45.392+0200: 73.002: [Full GC [PSYoungGen: 2529K->0K(13824K)] [ParOldGen: 13768K->8403K(16384K)] 16297K->8403K(30208K) [PSPermGen: 2476K->2476K(21504K)], 0.0200409 secs] [Times: user=0.01 sys=0.00, real=0.02 secs] 
2014-07-09T15:52:45.429+0200: 73.039: [GC [PSYoungGen: 11251K->2529K(13824K)] 19655K->11189K(30208K), 0.0017774 secs] [Times: user=0.00 sys=0.00, real=0.00 secs] 
2014-07-09T15:52:45.480+0200: 73.090: [GC [PSYoungGen: 13778K->2529K(13824K)] 22438K->14494K(30208K), 0.0073915 secs] [Times: user=0.03 sys=0.00, real=0.01 secs] 
2014-07-09T15:52:45.488+0200: 73.098: [Full GC [PSYoungGen: 2529K->0K(13824K)] [ParOldGen: 11965K->6294K(16384K)] 14494K->6294K(30208K) [PSPermGen: 2476K->2476K(21504K)], 0.0165348 secs] [Times: user=0.02 sys=0.00, real=0.02 secs] 
2014-07-09T15:52:45.509+0200: 73.119: [GC [PSYoungGen: 11262K->832K(13824K)] 17556K->7126K(30208K), 0.0011604 secs] [Times: user=0.00 sys=0.00, real=0.00 secs] 
2014-07-09T15:52:45.577+0200: 73.187: [GC [PSYoungGen: 12087K->2048K(13824K)] 18381K->8350K(30208K), 0.0010592 secs] [Times: user=0.00 sys=0.00, real=0.00 secs] 
2014-07-09T15:52:45.584+0200: 73.194: [GC [PSYoungGen: 13300K->2529K(13824K)] 19602K->11400K(30208K), 0.0039471 secs] [Times: user=0.00 sys=0.00, real=0.00 secs] 
2014-07-09T15:52:45.629+0200: 73.239: [GC [PSYoungGen: 13778K->2529K(13824K)] 22649K->17011K(30208K), 0.0060226 secs] [Times: user=0.00 sys=0.00, real=0.01 secs] 
2014-07-09T15:52:45.635+0200: 73.245: [Full GC [PSYoungGen: 2529K->0K(13824K)] [ParOldGen: 14482K->8602K(16384K)] 17011K->8602K(30208K) [PSPermGen: 2476K->2476K(21504K)], 0.0103854 secs] [Times: user=0.02 sys=0.00, real=0.01 secs] 
2014-07-09T15:52:45.684+0200: 73.294: [GC [PSYoungGen: 11251K->2529K(13824K)] 19854K->11580K(30208K), 0.0045682 secs] [Times: user=0.03 sys=0.00, real=0.00 secs] 
2014-07-09T15:52:45.730+0200: 73.340: [GC [PSYoungGen: 13778K->2529K(13824K)] 22829K->15078K(30208K), 0.0082795 secs] [Times: user=0.03 sys=0.00, real=0.01 secs] 
2014-07-09T15:52:45.739+0200: 73.349: [Full GC [PSYoungGen: 2529K->0K(13824K)] [ParOldGen: 12548K->6490K(16384K)] 15078K->6490K(30208K) [PSPermGen: 2476K->2476K(21504K)], 0.0229266 secs] [Times: user=0.02 sys=0.00, real=0.02 secs] 
2014-07-09T15:52:45.780+0200: 73.390: [GC [PSYoungGen: 11254K->2529K(13824K)] 17745K->14526K(30208K), 0.0061494 secs] [Times: user=0.00 sys=0.00, real=0.01 secs] 
2014-07-09T15:52:45.786+0200: 73.396: [Full GC [PSYoungGen: 2529K->0K(13824K)] [ParOldGen: 11997K->8508K(16384K)] 14526K->8508K(30208K) [PSPermGen: 2476K->2476K(21504K)], 0.0117284 secs] [Times: user=0.03 sys=0.00, real=0.01 secs] 
2014-07-09T15:52:45.828+0200: 73.438: [GC [PSYoungGen: 11251K->2529K(13824K)] 19760K->11357K(30208K), 0.0022987 secs] [Times: user=0.00 sys=0.00, real=0.00 secs] 
2014-07-09T15:52:45.830+0200: 73.440: [Full GC [PSYoungGen: 2529K->0K(13824K)] [ParOldGen: 8828K->3355K(16384K)] 11357K->3355K(30208K) [PSPermGen: 2476K->2476K(21504K)], 0.0078847 secs] [Times: user=0.00 sys=0.00, real=0.01 secs] 
2014-07-09T15:52:45.879+0200: 73.489: [GC [PSYoungGen: 11249K->2529K(13824K)] 14604K->9277K(30208K), 0.0043801 secs] [Times: user=0.00 sys=0.00, real=0.00 secs] 
2014-07-09T15:52:45.928+0200: 73.538: [GC [PSYoungGen: 13780K->768K(13824K)] 20529K->7525K(30208K), 0.0014863 secs] [Times: user=0.00 sys=0.00, real=0.00 secs] 
2014-07-09T15:52:45.979+0200: 73.589: [GC [PSYoungGen: 12017K->2529K(13824K)] 18774K->10574K(30208K), 0.0044054 secs] [Times: user=0.03 sys=0.00, real=0.00 secs] 
2014-07-09T15:52:45.993+0200: 73.604: [GC [PSYoungGen: 13789K->2529K(13824K)] 21835K->13367K(30208K), 0.0082117 secs] [Times: user=0.03 sys=0.00, real=0.01 secs] 
2014-07-09T15:52:46.002+0200: 73.612: [Full GC [PSYoungGen: 2529K->0K(13824K)] [ParOldGen: 10838K->5790K(16384K)] 13367K->5790K(30208K) [PSPermGen: 2476K->2476K(21504K)], 0.0128862 secs] [Times: user=0.03 sys=0.00, real=0.01 secs] 
2014-07-09T15:52:46.031+0200: 73.641: [GC [PSYoungGen: 11255K->2529K(13824K)] 17045K->13634K(30208K), 0.0054990 secs] [Times: user=0.00 sys=0.00, real=0.01 secs] 
2014-07-09T15:52:46.037+0200: 73.647: [Full GC [PSYoungGen: 2529K->0K(13824K)] [ParOldGen: 11105K->8320K(16384K)] 13634K->8320K(30208K) [PSPermGen: 2476K->2476K(21504K)], 0.0334465 secs] [Times: user=0.03 sys=0.00, real=0.03 secs] 
2014-07-09T15:52:46.088+0200: 73.698: [GC [PSYoungGen: 11251K->2529K(13824K)] 19571K->10977K(30208K), 0.0703536 secs] [Times: user=0.02 sys=0.00, real=0.07 secs] 
2014-07-09T15:52:46.166+0200: 73.776: [GC [PSYoungGen: 13778K->2529K(13824K)] 22227K->14187K(30208K), 0.0040036 secs] [Times: user=0.03 sys=0.00, real=0.00 secs] 
2014-07-09T15:52:46.170+0200: 73.780: [Full GC [PSYoungGen: 2529K->0K(13824K)] [ParOldGen: 11657K->6207K(16384K)] 14187K->6207K(30208K) [PSPermGen: 2476K->2476K(21504K)], 0.0096851 secs] [Times: user=0.00 sys=0.00, real=0.01 secs] 
2014-07-09T15:52:46.185+0200: 73.795: [GC [PSYoungGen: 11251K->576K(13824K)] 17458K->6783K(30208K), 0.0009580 secs] [Times: user=0.00 sys=0.00, real=0.00 secs] 
2014-07-09T15:52:46.230+0200: 73.840: [GC [PSYoungGen: 11831K->2529K(13824K)] 18038K->8808K(30208K), 0.0026456 secs] [Times: user=0.03 sys=0.00, real=0.00 secs] 
2014-07-09T15:52:46.280+0200: 73.890: [GC [PSYoungGen: 13778K->2529K(13824K)] 20057K->11921K(30208K), 0.0069399 secs] [Times: user=0.00 sys=0.00, real=0.01 secs] 
2014-07-09T15:52:46.327+0200: 73.937: [GC [PSYoungGen: 13780K->480K(13824K)] 23173K->9880K(30208K), 0.0007417 secs] [Times: user=0.00 sys=0.00, real=0.00 secs] 
2014-07-09T15:52:46.379+0200: 73.989: [GC [PSYoungGen: 11729K->2529K(13824K)] 21130K->12930K(30208K), 0.0036157 secs] [Times: user=0.00 sys=0.00, real=0.00 secs] 
2014-07-09T15:52:46.383+0200: 73.993: [Full GC [PSYoungGen: 2529K->0K(13824K)] [ParOldGen: 10401K->3998K(16384K)] 12930K->3998K(30208K) [PSPermGen: 2476K->2476K(21504K)], 0.0176318 secs] [Times: user=0.03 sys=0.00, real=0.02 secs] 
2014-07-09T15:52:46.406+0200: 74.016: [GC [PSYoungGen: 11251K->2529K(13824K)] 15250K->10561K(30208K), 0.0053956 secs] [Times: user=0.00 sys=0.00, real=0.01 secs] 
2014-07-09T15:52:46.478+0200: 74.088: [GC [PSYoungGen: 13778K->1408K(13824K)] 21811K->9449K(30208K), 0.0020172 secs] [Times: user=0.00 sys=0.00, real=0.00 secs] 
2014-07-09T15:52:46.489+0200: 74.099: [GC [PSYoungGen: 12660K->2529K(13824K)] 20700K->12498K(30208K), 0.0062055 secs] [Times: user=0.00 sys=0.00, real=0.01 secs] 
2014-07-09T15:52:46.531+0200: 74.141: [GC [PSYoungGen: 13792K->2529K(13824K)] 23762K->15804K(30208K), 0.0071668 secs] [Times: user=0.00 sys=0.00, real=0.01 secs] 
2014-07-09T15:52:46.538+0200: 74.148: [Full GC [PSYoungGen: 2529K->0K(13824K)] [ParOldGen: 13275K->6305K(16384K)] 15804K->6305K(30208K) [PSPermGen: 2476K->2476K(21504K)], 0.0165271 secs] [Times: user=0.02 sys=0.00, real=0.02 secs] 
2014-07-09T15:52:46.580+0200: 74.190: [GC [PSYoungGen: 11251K->672K(13824K)] 17557K->6977K(30208K), 0.0010786 secs] [Times: user=0.00 sys=0.00, real=0.00 secs] 
2014-07-09T15:52:46.636+0200: 74.246: [GC [PSYoungGen: 11921K->2529K(13824K)] 18227K->9995K(30208K), 0.0155431 secs] [Times: user=0.01 sys=0.00, real=0.02 secs] 
2014-07-09T15:52:46.679+0200: 74.289: [GC [PSYoungGen: 13780K->2529K(13824K)] 21246K->14229K(30208K), 0.0051064 secs] [Times: user=0.02 sys=0.00, real=0.01 secs] 
2014-07-09T15:52:46.684+0200: 74.294: [Full GC [PSYoungGen: 2529K->0K(13824K)] [ParOldGen: 11700K->7233K(16384K)] 14229K->7233K(30208K) [PSPermGen: 2476K->2476K(21504K)], 0.0093042 secs] [Times: user=0.00 sys=0.00, real=0.01 secs] 
2014-07-09T15:52:46.728+0200: 74.338: [GC [PSYoungGen: 11249K->1600K(13824K)] 18483K->8834K(30208K), 0.0020920 secs] [Times: user=0.00 sys=0.00, real=0.00 secs] 
2014-07-09T15:52:46.779+0200: 74.389: [GC [PSYoungGen: 12861K->2529K(13824K)] 20095K->10347K(30208K), 0.0040263 secs] [Times: user=0.00 sys=0.00, real=0.00 secs] 
2014-07-09T15:52:46.790+0200: 74.401: [GC [PSYoungGen: 13778K->2529K(13824K)] 21596K->13973K(30208K), 0.0046140 secs] [Times: user=0.03 sys=0.00, real=0.01 secs] 
2014-07-09T15:52:46.795+0200: 74.405: [Full GC [PSYoungGen: 2529K->0K(13824K)] [ParOldGen: 11444K->6626K(16384K)] 13973K->6626K(30208K) [PSPermGen: 2476K->2476K(21504K)], 0.0104558 secs] [Times: user=0.00 sys=0.00, real=0.01 secs] 
2014-07-09T15:52:46.878+0200: 74.488: [GC [PSYoungGen: 11251K->992K(13824K)] 17878K->7619K(30208K), 0.0018724 secs] [Times: user=0.00 sys=0.00, real=0.00 secs] 
2014-07-09T15:52:46.888+0200: 74.499: [GC [PSYoungGen: 12241K->2529K(13824K)] 18868K->10668K(30208K), 0.0054022 secs] [Times: user=0.00 sys=0.00, real=0.01 secs] 
2014-07-09T15:52:46.929+0200: 74.539: [GC [PSYoungGen: 13780K->2529K(13824K)] 21920K->15222K(30208K), 0.0056512 secs] [Times: user=0.03 sys=0.00, real=0.01 secs] 
2014-07-09T15:52:46.935+0200: 74.545: [Full GC [PSYoungGen: 2529K->0K(13824K)] [ParOldGen: 12693K->7555K(16384K)] 15222K->7555K(30208K) [PSPermGen: 2476K->2476K(21504K)], 0.0128403 secs] [Times: user=0.00 sys=0.00, real=0.01 secs] 
2014-07-09T15:52:46.981+0200: 74.592: [GC [PSYoungGen: 11249K->1888K(13824K)] 18804K->9444K(30208K), 0.0203789 secs] [Times: user=0.02 sys=0.00, real=0.02 secs] 
2014-07-09T15:52:47.028+0200: 74.638: [GC [PSYoungGen: 13149K->2529K(13824K)] 20704K->10988K(30208K), 0.0018848 secs] [Times: user=0.00 sys=0.00, real=0.00 secs] 
2014-07-09T15:52:47.081+0200: 74.691: [GC [PSYoungGen: 13780K->2529K(13824K)] 22240K->14902K(30208K), 0.0049978 secs] [Times: user=0.00 sys=0.00, real=0.00 secs] 
2014-07-09T15:52:47.086+0200: 74.696: [Full GC [PSYoungGen: 2529K->0K(13824K)] [ParOldGen: 12373K->6948K(16384K)] 14902K->6948K(30208K) [PSPermGen: 2476K->2476K(21504K)], 0.0154870 secs] [Times: user=0.03 sys=0.00, real=0.02 secs] 
2014-07-09T15:52:47.127+0200: 74.737: [GC [PSYoungGen: 11249K->1312K(13824K)] 18197K->8260K(30208K), 0.0007340 secs] [Times: user=0.00 sys=0.00, real=0.00 secs] 
2014-07-09T15:52:47.179+0200: 74.789: [GC [PSYoungGen: 12564K->2529K(13824K)] 19512K->11278K(30208K), 0.0182356 secs] [Times: user=0.02 sys=0.00, real=0.02 secs] 
2014-07-09T15:52:47.204+0200: 74.814: [GC [PSYoungGen: 13778K->2529K(13824K)] 22527K->16120K(30208K), 0.0095763 secs] [Times: user=0.00 sys=0.00, real=0.01 secs] 
2014-07-09T15:52:47.213+0200: 74.824: [Full GC [PSYoungGen: 2529K->0K(13824K)] [ParOldGen: 13591K->7876K(16384K)] 16120K->7876K(30208K) [PSPermGen: 2476K->2476K(21504K)], 0.0105530 secs] [Times: user=0.03 sys=0.00, real=0.01 secs] 
2014-07-09T15:52:47.278+0200: 74.888: [GC [PSYoungGen: 11254K->1216K(13824K)] 19131K->9093K(30208K), 0.0017935 secs] [Times: user=0.00 sys=0.00, real=0.00 secs] 
2014-07-09T15:52:47.290+0200: 74.900: [GC [PSYoungGen: 12468K->2529K(13824K)] 20344K->12142K(30208K), 0.0055690 secs] [Times: user=0.03 sys=0.00, real=0.01 secs] 
2014-07-09T15:52:47.330+0200: 74.940: [GC [PSYoungGen: 13778K->2529K(13824K)] 23392K->16920K(30208K), 0.0058821 secs] [Times: user=0.00 sys=0.00, real=0.01 secs] 
2014-07-09T15:52:47.336+0200: 74.946: [Full GC [PSYoungGen: 2529K->0K(13824K)] [ParOldGen: 14391K->7781K(16384K)] 16920K->7781K(30208K) [PSPermGen: 2476K->2476K(21504K)], 0.0152172 secs] [Times: user=0.02 sys=0.00, real=0.02 secs] 
2014-07-09T15:52:47.380+0200: 74.990: [GC [PSYoungGen: 11251K->2145K(13824K)] 19032K->9926K(30208K), 0.0016209 secs] [Times: user=0.00 sys=0.00, real=0.00 secs] 
2014-07-09T15:52:47.430+0200: 75.040: [GC [PSYoungGen: 13394K->2529K(13824K)] 21175K->12975K(30208K), 0.0070997 secs] [Times: user=0.03 sys=0.00, real=0.01 secs] 
2014-07-09T15:52:47.437+0200: 75.047: [Full GC [PSYoungGen: 2529K->0K(13824K)] [ParOldGen: 10446K->5668K(16384K)] 12975K->5668K(30208K) [PSPermGen: 2476K->2476K(21504K)], 0.0161018 secs] [Times: user=0.02 sys=0.00, real=0.02 secs] 
2014-07-09T15:52:47.480+0200: 75.090: [GC [PSYoungGen: 11249K->2529K(13824K)] 16917K->13896K(30208K), 0.0065725 secs] [Times: user=0.00 sys=0.00, real=0.01 secs] 
2014-07-09T15:52:47.486+0200: 75.096: [Full GC [PSYoungGen: 2529K->0K(13824K)] [ParOldGen: 11366K->8628K(16384K)] 13896K->8628K(30208K) [PSPermGen: 2476K->2476K(21504K)], 0.0145906 secs] [Times: user=0.02 sys=0.00, real=0.01 secs] 
2014-07-09T15:52:47.527+0200: 75.137: [GC [PSYoungGen: 11239K->864K(13824K)] 19868K->9492K(30208K), 0.0007857 secs] [Times: user=0.00 sys=0.00, real=0.00 secs] 
2014-07-09T15:52:47.579+0200: 75.190: [GC [PSYoungGen: 12113K->2529K(13824K)] 20742K->12510K(30208K), 0.0063338 secs] [Times: user=0.00 sys=0.00, real=0.01 secs] 
2014-07-09T15:52:47.586+0200: 75.196: [Full GC [PSYoungGen: 2529K->0K(13824K)] [ParOldGen: 9981K->4360K(16384K)] 12510K->4360K(30208K) [PSPermGen: 2476K->2476K(21504K)], 0.0186161 secs] [Times: user=0.03 sys=0.00, real=0.02 secs] 
2014-07-09T15:52:47.611+0200: 75.221: [GC [PSYoungGen: 11251K->2529K(13824K)] 15611K->11283K(30208K), 0.0065351 secs] [Times: user=0.00 sys=0.00, real=0.01 secs] 
2014-07-09T15:52:47.677+0200: 75.287: [GC [PSYoungGen: 13778K->1792K(13824K)] 22533K->10555K(30208K), 0.0010156 secs] [Times: user=0.00 sys=0.00, real=0.00 secs] 
2014-07-09T15:52:47.683+0200: 75.294: [GC [PSYoungGen: 13044K->2529K(13824K)] 21806K->13604K(30208K), 0.0036839 secs] [Times: user=0.00 sys=0.00, real=0.00 secs] 
2014-07-09T15:52:47.687+0200: 75.297: [Full GC [PSYoungGen: 2529K->0K(13824K)] [ParOldGen: 11075K->5293K(16384K)] 13604K->5293K(30208K) [PSPermGen: 2476K->2476K(21504K)], 0.0083169 secs] [Times: user=0.00 sys=0.00, real=0.01 secs] 
2014-07-09T15:52:47.737+0200: 75.347: [GC [PSYoungGen: 11254K->2529K(13824K)] 16548K->12144K(30208K), 0.0048475 secs] [Times: user=0.00 sys=0.00, real=0.01 secs] 
2014-07-09T15:52:47.742+0200: 75.352: [Full GC [PSYoungGen: 2529K->0K(13824K)] [ParOldGen: 9615K->7311K(16384K)] 12144K->7311K(30208K) [PSPermGen: 2476K->2476K(21504K)], 0.0105280 secs] [Times: user=0.00 sys=0.00, real=0.01 secs] 
2014-07-09T15:52:47.781+0200: 75.391: [GC [PSYoungGen: 11249K->1696K(13824K)] 18561K->9008K(30208K), 0.0013899 secs] [Times: user=0.00 sys=0.00, real=0.00 secs] 
2014-07-09T15:52:47.828+0200: 75.438: [GC [PSYoungGen: 12948K->2529K(13824K)] 20259K->12057K(30208K), 0.0034877 secs] [Times: user=0.00 sys=0.00, real=0.00 secs] 
2014-07-09T15:52:47.881+0200: 75.491: [GC [PSYoungGen: 13778K->2529K(13824K)] 23307K->17316K(30208K), 0.0101365 secs] [Times: user=0.03 sys=0.00, real=0.01 secs] 
2014-07-09T15:52:47.892+0200: 75.502: [Full GC [PSYoungGen: 2529K->0K(13824K)] [ParOldGen: 14787K->8244K(16384K)] 17316K->8244K(30208K) [PSPermGen: 2476K->2476K(21504K)], 0.0155343 secs] [Times: user=0.02 sys=0.00, real=0.02 secs] 
2014-07-09T15:52:47.928+0200: 75.538: [GC [PSYoungGen: 11251K->2529K(13824K)] 19495K->10869K(30208K), 0.0016421 secs] [Times: user=0.00 sys=0.00, real=0.00 secs] 
2014-07-09T15:52:47.981+0200: 75.591: [GC [PSYoungGen: 13778K->2529K(13824K)] 22119K->14015K(30208K), 0.0100415 secs] [Times: user=0.00 sys=0.00, real=0.01 secs] 
2014-07-09T15:52:47.991+0200: 75.601: [Full GC [PSYoungGen: 2529K->0K(13824K)] [ParOldGen: 11485K->6134K(16384K)] 14015K->6134K(30208K) [PSPermGen: 2476K->2476K(21504K)], 0.0230135 secs] [Times: user=0.06 sys=0.00, real=0.02 secs] 
2014-07-09T15:52:48.020+0200: 75.630: [GC [PSYoungGen: 11263K->544K(13824K)] 17397K->6678K(30208K), 0.0009030 secs] [Times: user=0.00 sys=0.00, real=0.00 secs] 
2014-07-09T15:52:48.077+0200: 75.687: [GC [PSYoungGen: 11791K->2016K(13824K)] 17925K->8159K(30208K), 0.0010321 secs] [Times: user=0.00 sys=0.00, real=0.00 secs] 
2014-07-09T15:52:48.084+0200: 75.694: [GC [PSYoungGen: 13268K->2529K(13824K)] 19410K->11184K(30208K), 0.0337167 secs] [Times: user=0.02 sys=0.00, real=0.03 secs] 
2014-07-09T15:52:48.130+0200: 75.740: [GC [PSYoungGen: 13778K->2529K(13824K)] 22434K->16731K(30208K), 0.0062715 secs] [Times: user=0.01 sys=0.00, real=0.01 secs] 
2014-07-09T15:52:48.137+0200: 75.747: [Full GC [PSYoungGen: 2529K->0K(13824K)] [ParOldGen: 14202K->8570K(16384K)] 16731K->8570K(30208K) [PSPermGen: 2476K->2476K(21504K)], 0.0111531 secs] [Times: user=0.00 sys=0.00, real=0.01 secs] 
2014-07-09T15:52:48.181+0200: 75.791: [GC [PSYoungGen: 11251K->2529K(13824K)] 19822K->11516K(30208K), 0.0027633 secs] [Times: user=0.03 sys=0.00, real=0.00 secs] 
2014-07-09T15:52:48.231+0200: 75.841: [GC [PSYoungGen: 13778K->2529K(13824K)] 22765K->14982K(30208K), 0.0129063 secs] [Times: user=0.02 sys=0.00, real=0.01 secs] 
2014-07-09T15:52:48.244+0200: 75.854: [Full GC [PSYoungGen: 2529K->0K(13824K)] [ParOldGen: 12452K->6458K(16384K)] 14982K->6458K(30208K) [PSPermGen: 2476K->2476K(21504K)], 0.0296541 secs] [Times: user=0.02 sys=0.00, real=0.03 secs] 
2014-07-09T15:52:48.284+0200: 75.895: [GC [PSYoungGen: 11260K->2529K(13824K)] 17719K->13950K(30208K), 0.0057879 secs] [Times: user=0.00 sys=0.00, real=0.01 secs] 
2014-07-09T15:52:48.290+0200: 75.901: [Full GC [PSYoungGen: 2529K->0K(13824K)] [ParOldGen: 11421K->7964K(16384K)] 13950K->7964K(30208K) [PSPermGen: 2476K->2476K(21504K)], 0.0121430 secs] [Times: user=0.02 sys=0.00, real=0.01 secs] 
2014-07-09T15:52:48.328+0200: 75.938: [GC [PSYoungGen: 11251K->2337K(13824K)] 19216K->10301K(30208K), 0.0014009 secs] [Times: user=0.00 sys=0.00, real=0.00 secs] 
2014-07-09T15:52:48.380+0200: 75.990: [GC [PSYoungGen: 13586K->2529K(13824K)] 21551K->13351K(30208K), 0.0066194 secs] [Times: user=0.03 sys=0.00, real=0.01 secs] 
2014-07-09T15:52:48.387+0200: 75.997: [Full GC [PSYoungGen: 2529K->0K(13824K)] [ParOldGen: 10822K->5852K(16384K)] 13351K->5852K(30208K) [PSPermGen: 2476K->2476K(21504K)], 0.0211624 secs] [Times: user=0.02 sys=0.00, real=0.02 secs] 
2014-07-09T15:52:48.427+0200: 76.037: [GC [PSYoungGen: 11251K->224K(13824K)] 17104K->6076K(30208K), 0.0007061 secs] [Times: user=0.00 sys=0.00, real=0.00 secs] 
2014-07-09T15:52:48.479+0200: 76.089: [GC [PSYoungGen: 11473K->2529K(13824K)] 17326K->9126K(30208K), 0.0034104 secs] [Times: user=0.00 sys=0.00, real=0.00 secs] 
2014-07-09T15:52:48.492+0200: 76.102: [GC [PSYoungGen: 13780K->2529K(13824K)] 20377K->12912K(30208K), 0.0068405 secs] [Times: user=0.03 sys=0.00, real=0.01 secs] 
2014-07-09T15:52:48.499+0200: 76.110: [Full GC [PSYoungGen: 2529K->0K(13824K)] [ParOldGen: 10383K->6782K(16384K)] 12912K->6782K(30208K) [PSPermGen: 2476K->2476K(21504K)], 0.0121239 secs] [Times: user=0.03 sys=0.00, real=0.01 secs] 
2014-07-09T15:52:48.529+0200: 76.140: [GC [PSYoungGen: 11263K->2529K(13824K)] 18045K->14466K(30208K), 0.0061087 secs] [Times: user=0.00 sys=0.00, real=0.01 secs] 
2014-07-09T15:52:48.536+0200: 76.146: [Full GC [PSYoungGen: 2529K->0K(13824K)] [ParOldGen: 11936K->8160K(16384K)] 14466K->8160K(30208K) [PSPermGen: 2476K->2476K(21504K)], 0.0133041 secs] [Times: user=0.01 sys=0.00, real=0.01 secs] 
2014-07-09T15:52:48.581+0200: 76.191: [GC [PSYoungGen: 11251K->2529K(13824K)] 19412K->10689K(30208K), 0.0018720 secs] [Times: user=0.00 sys=0.00, real=0.00 secs] 
2014-07-09T15:52:48.630+0200: 76.240: [GC [PSYoungGen: 13778K->2529K(13824K)] 21939K->13739K(30208K), 0.0073222 secs] [Times: user=0.03 sys=0.00, real=0.01 secs] 
2014-07-09T15:52:48.638+0200: 76.248: [Full GC [PSYoungGen: 2529K->0K(13824K)] [ParOldGen: 11210K->6047K(16384K)] 13739K->6047K(30208K) [PSPermGen: 2476K->2476K(21504K)], 0.0185502 secs] [Times: user=0.02 sys=0.00, real=0.02 secs] 
2014-07-09T15:52:48.679+0200: 76.290: [GC [PSYoungGen: 11251K->416K(13824K)] 17299K->6463K(30208K), 0.0007893 secs] [Times: user=0.00 sys=0.00, real=0.00 secs] 
2014-07-09T15:52:48.728+0200: 76.338: [GC [PSYoungGen: 11665K->2529K(13824K)] 17713K->9513K(30208K), 0.0022346 secs] [Times: user=0.00 sys=0.00, real=0.00 secs] 
2014-07-09T15:52:48.780+0200: 76.390: [GC [PSYoungGen: 13784K->2529K(13824K)] 20768K->12466K(30208K), 0.0068717 secs] [Times: user=0.00 sys=0.00, real=0.01 secs] 
2014-07-09T15:52:48.827+0200: 76.437: [GC [PSYoungGen: 13780K->288K(13824K)] 23718K->10233K(30208K), 0.0219348 secs] [Times: user=0.01 sys=0.00, real=0.02 secs] 
2014-07-09T15:52:48.890+0200: 76.500: [GC [PSYoungGen: 11537K->2529K(13824K)] 21483K->13283K(30208K), 0.0271644 secs] [Times: user=0.00 sys=0.00, real=0.03 secs] 
2014-07-09T15:52:48.917+0200: 76.527: [Full GC [PSYoungGen: 2529K->0K(13824K)] [ParOldGen: 10753K->3839K(16384K)] 13283K->3839K(30208K) [PSPermGen: 2476K->2476K(21504K)], 0.0074223 secs] [Times: user=0.00 sys=0.00, real=0.01 secs] 
2014-07-09T15:52:48.930+0200: 76.540: [GC [PSYoungGen: 11251K->2529K(13824K)] 15090K->10242K(30208K), 0.0154555 secs] [Times: user=0.02 sys=0.00, real=0.02 secs] 
2014-07-09T15:52:48.978+0200: 76.588: [GC [PSYoungGen: 13778K->1248K(13824K)] 21491K->8969K(30208K), 0.0019156 secs] [Times: user=0.00 sys=0.00, real=0.00 secs] 
2014-07-09T15:52:48.989+0200: 76.599: [GC [PSYoungGen: 12483K->2209K(13824K)] 20204K->9938K(30208K), 0.0036567 secs] [Times: user=0.00 sys=0.00, real=0.00 secs] 
2014-07-09T15:52:49.031+0200: 76.641: [GC [PSYoungGen: 13458K->2529K(13824K)] 21187K->12987K(30208K), 0.0066880 secs] [Times: user=0.00 sys=0.00, real=0.01 secs] 
2014-07-09T15:52:49.038+0200: 76.648: [Full GC [PSYoungGen: 2529K->0K(13824K)] [ParOldGen: 10458K->5729K(16384K)] 12987K->5729K(30208K) [PSPermGen: 2476K->2476K(21504K)], 0.0585662 secs] [Times: user=0.08 sys=0.00, real=0.06 secs] 
2014-07-09T15:52:49.102+0200: 76.712: [GC [PSYoungGen: 11251K->64K(13824K)] 16981K->5793K(30208K), 0.0021418 secs] [Times: user=0.00 sys=0.00, real=0.00 secs] 
2014-07-09T15:52:49.128+0200: 76.738: [GC [PSYoungGen: 11313K->2529K(13824K)] 17043K->8875K(30208K), 0.0016150 secs] [Times: user=0.00 sys=0.00, real=0.00 secs] 
2014-07-09T15:52:49.178+0200: 76.788: [GC [PSYoungGen: 13778K->2529K(13824K)] 20124K->12533K(30208K), 0.0048307 secs] [Times: user=0.03 sys=0.00, real=0.01 secs] 
2014-07-09T15:52:49.228+0200: 76.838: [GC [PSYoungGen: 13778K->992K(13824K)] 23782K->11004K(30208K), 0.0023504 secs] [Times: user=0.00 sys=0.00, real=0.00 secs] 
2014-07-09T15:52:49.278+0200: 76.888: [GC [PSYoungGen: 12247K->2529K(13824K)] 22259K->13061K(30208K), 0.0018727 secs] [Times: user=0.00 sys=0.00, real=0.00 secs] 
2014-07-09T15:52:49.285+0200: 76.895: [GC [PSYoungGen: 13778K->2529K(13824K)] 24310K->16623K(30208K), 0.0055199 secs] [Times: user=0.03 sys=0.00, real=0.01 secs] 
2014-07-09T15:52:49.291+0200: 76.901: [Full GC [PSYoungGen: 2529K->0K(13824K)] [ParOldGen: 14093K->6562K(16384K)] 16623K->6562K(30208K) [PSPermGen: 2476K->2476K(21504K)], 0.0125789 secs] [Times: user=0.00 sys=0.00, real=0.01 secs] 
2014-07-09T15:52:49.378+0200: 76.988: [GC [PSYoungGen: 11251K->896K(13824K)] 17814K->7459K(30208K), 0.0115384 secs] [Times: user=0.02 sys=0.00, real=0.01 secs] 
2014-07-09T15:52:49.399+0200: 77.009: [GC [PSYoungGen: 12145K->2529K(13824K)] 18708K->10540K(30208K), 0.0028791 secs] [Times: user=0.00 sys=0.00, real=0.00 secs] 
2014-07-09T15:52:49.429+0200: 77.039: [GC [PSYoungGen: 13780K->2529K(13824K)] 21792K->15030K(30208K), 0.0053102 secs] [Times: user=0.03 sys=0.00, real=0.01 secs] 
2014-07-09T15:52:49.434+0200: 77.045: [Full GC [PSYoungGen: 2529K->0K(13824K)] [ParOldGen: 12501K->7491K(16384K)] 15030K->7491K(30208K) [PSPermGen: 2476K->2476K(21504K)], 0.0095095 secs] [Times: user=0.00 sys=0.00, real=0.01 secs] 
2014-07-09T15:52:49.481+0200: 77.091: [GC [PSYoungGen: 11249K->1856K(13824K)] 18740K->9348K(30208K), 0.0014529 secs] [Times: user=0.00 sys=0.00, real=0.00 secs] 
2014-07-09T15:52:49.529+0200: 77.139: [GC [PSYoungGen: 13091K->2529K(13824K)] 20582K->10700K(30208K), 0.0034873 secs] [Times: user=0.00 sys=0.00, real=0.00 secs] 
2014-07-09T15:52:49.580+0200: 77.190: [GC [PSYoungGen: 13780K->2529K(13824K)] 21952K->14422K(30208K), 0.0084658 secs] [Times: user=0.03 sys=0.00, real=0.01 secs] 
2014-07-09T15:52:49.589+0200: 77.199: [Full GC [PSYoungGen: 2529K->0K(13824K)] [ParOldGen: 11893K->6724K(16384K)] 14422K->6724K(30208K) [PSPermGen: 2476K->2476K(21504K)], 0.0207334 secs] [Times: user=0.01 sys=0.00, real=0.02 secs] 
2014-07-09T15:52:49.627+0200: 77.238: [GC [PSYoungGen: 11249K->1088K(13824K)] 17974K->7813K(30208K), 0.0009521 secs] [Times: user=0.00 sys=0.00, real=0.00 secs] 
2014-07-09T15:52:49.679+0200: 77.289: [GC [PSYoungGen: 12337K->2529K(13824K)] 19062K->10862K(30208K), 0.0052010 secs] [Times: user=0.00 sys=0.00, real=0.01 secs] 
2014-07-09T15:52:49.694+0200: 77.304: [GC [PSYoungGen: 13778K->2529K(13824K)] 22112K->15512K(30208K), 0.0065058 secs] [Times: user=0.03 sys=0.00, real=0.01 secs] 
2014-07-09T15:52:49.701+0200: 77.311: [Full GC [PSYoungGen: 2529K->0K(13824K)] [ParOldGen: 12983K->7652K(16384K)] 15512K->7652K(30208K) [PSPermGen: 2476K->2476K(21504K)], 0.0112081 secs] [Times: user=0.03 sys=0.00, real=0.01 secs] 
2014-07-09T15:52:49.777+0200: 77.388: [GC [PSYoungGen: 11260K->480K(13824K)] 18913K->8133K(30208K), 0.0017250 secs] [Times: user=0.00 sys=0.00, real=0.00 secs] 
2014-07-09T15:52:49.787+0200: 77.397: [GC [PSYoungGen: 11729K->2529K(13824K)] 19382K->11182K(30208K), 0.0037869 secs] [Times: user=0.03 sys=0.00, real=0.00 secs] 
2014-07-09T15:52:49.829+0200: 77.439: [GC [PSYoungGen: 13780K->2529K(13824K)] 22434K->15224K(30208K), 0.0052765 secs] [Times: user=0.00 sys=0.00, real=0.01 secs] 
2014-07-09T15:52:49.834+0200: 77.444: [Full GC [PSYoungGen: 2529K->0K(13824K)] [ParOldGen: 12695K->7045K(16384K)] 15224K->7045K(30208K) [PSPermGen: 2476K->2476K(21504K)], 0.0138310 secs] [Times: user=0.03 sys=0.00, real=0.01 secs] 
2014-07-09T15:52:49.880+0200: 77.490: [GC [PSYoungGen: 11249K->1408K(13824K)] 18295K->8454K(30208K), 0.0012847 secs] [Times: user=0.00 sys=0.00, real=0.00 secs] 
2014-07-09T15:52:49.928+0200: 77.538: [GC [PSYoungGen: 12660K->2529K(13824K)] 19705K->11503K(30208K), 0.0031940 secs] [Times: user=0.03 sys=0.00, real=0.00 secs] 
2014-07-09T15:52:49.981+0200: 77.591: [GC [PSYoungGen: 13778K->2529K(13824K)] 22753K->16474K(30208K), 0.0096104 secs] [Times: user=0.02 sys=0.00, real=0.01 secs] 
2014-07-09T15:52:49.991+0200: 77.601: [Full GC [PSYoungGen: 2529K->0K(13824K)] [ParOldGen: 13945K->7974K(16384K)] 16474K->7974K(30208K) [PSPermGen: 2476K->2476K(21504K)], 0.0160747 secs] [Times: user=0.03 sys=0.00, real=0.02 secs] 
2014-07-09T15:52:50.027+0200: 77.638: [GC [PSYoungGen: 11260K->800K(13824K)] 19235K->8774K(30208K), 0.0010126 secs] [Times: user=0.00 sys=0.00, real=0.00 secs] 
2014-07-09T15:52:50.078+0200: 77.688: [GC [PSYoungGen: 12049K->2529K(13824K)] 20024K->11792K(30208K), 0.0035607 secs] [Times: user=0.00 sys=0.00, real=0.00 secs] 
2014-07-09T15:52:50.088+0200: 77.698: [GC [PSYoungGen: 13780K->2529K(13824K)] 23043K->16122K(30208K), 0.0163995 secs] [Times: user=0.00 sys=0.00, real=0.02 secs] 
2014-07-09T15:52:50.104+0200: 77.715: [Full GC [PSYoungGen: 2529K->0K(13824K)] [ParOldGen: 13593K->7367K(16384K)] 16122K->7367K(30208K) [PSPermGen: 2476K->2476K(21504K)], 0.0245111 secs] [Times: user=0.02 sys=0.00, real=0.02 secs] 
2014-07-09T15:52:50.177+0200: 77.787: [GC [PSYoungGen: 11249K->1728K(13824K)] 18616K->9095K(30208K), 0.0008264 secs] [Times: user=0.03 sys=0.00, real=0.00 secs] 
2014-07-09T15:52:50.183+0200: 77.793: [GC [PSYoungGen: 12980K->2529K(13824K)] 20347K->12145K(30208K), 0.0036912 secs] [Times: user=0.00 sys=0.00, real=0.00 secs] 
2014-07-09T15:52:50.229+0200: 77.840: [GC [PSYoungGen: 13784K->2529K(13824K)] 23400K->16411K(30208K), 0.0051467 secs] [Times: user=0.00 sys=0.00, real=0.01 secs] 
2014-07-09T15:52:50.235+0200: 77.845: [Full GC [PSYoungGen: 2529K->0K(13824K)] [ParOldGen: 13882K->7271K(16384K)] 16411K->7271K(30208K) [PSPermGen: 2476K->2476K(21504K)], 0.0101137 secs] [Times: user=0.03 sys=0.00, real=0.01 secs] 
2014-07-09T15:52:50.281+0200: 77.891: [GC [PSYoungGen: 11249K->1632K(13824K)] 18521K->8904K(30208K), 0.0014749 secs] [Times: user=0.00 sys=0.00, real=0.00 secs] 
2014-07-09T15:52:50.329+0200: 77.940: [GC [PSYoungGen: 12884K->2529K(13824K)] 20155K->11953K(30208K), 0.0064383 secs] [Times: user=0.03 sys=0.00, real=0.01 secs] 
2014-07-09T15:52:50.382+0200: 77.992: [GC [PSYoungGen: 13778K->2529K(13824K)] 23203K->17148K(30208K), 0.0096203 secs] [Times: user=0.00 sys=0.00, real=0.01 secs] 
2014-07-09T15:52:50.392+0200: 78.002: [Full GC [PSYoungGen: 2529K->0K(13824K)] [ParOldGen: 14619K->8200K(16384K)] 17148K->8200K(30208K) [PSPermGen: 2476K->2476K(21504K)], 0.0246068 secs] [Times: user=0.06 sys=0.00, real=0.02 secs] 
2014-07-09T15:52:50.428+0200: 78.038: [GC [PSYoungGen: 11251K->2529K(13824K)] 19451K->10729K(30208K), 0.0200541 secs] [Times: user=0.02 sys=0.00, real=0.02 secs] 
2014-07-09T15:52:50.479+0200: 78.089: [GC [PSYoungGen: 13778K->2529K(13824K)] 21978K->13778K(30208K), 0.0051955 secs] [Times: user=0.00 sys=0.00, real=0.00 secs] 
2014-07-09T15:52:50.484+0200: 78.095: [Full GC [PSYoungGen: 2529K->0K(13824K)] [ParOldGen: 11249K->6087K(16384K)] 13778K->6087K(30208K) [PSPermGen: 2476K->2476K(21504K)], 0.0102120 secs] [Times: user=0.00 sys=0.00, real=0.01 secs] 
2014-07-09T15:52:50.501+0200: 78.111: [GC [PSYoungGen: 11262K->480K(13824K)] 17349K->6567K(30208K), 0.0008718 secs] [Times: user=0.00 sys=0.00, real=0.00 secs] 
2014-07-09T15:52:50.578+0200: 78.188: [GC [PSYoungGen: 11738K->1280K(13824K)] 17825K->7375K(30208K), 0.0067785 secs] [Times: user=0.02 sys=0.00, real=0.01 secs] 
2014-07-09T15:52:50.595+0200: 78.205: [GC [PSYoungGen: 12532K->2529K(13824K)] 18627K->10425K(30208K), 0.0048651 secs] [Times: user=0.02 sys=0.00, real=0.00 secs] 
2014-07-09T15:52:50.629+0200: 78.239: [GC [PSYoungGen: 13778K->2529K(13824K)] 21674K->15299K(30208K), 0.0061996 secs] [Times: user=0.03 sys=0.00, real=0.01 secs] 
2014-07-09T15:52:50.635+0200: 78.246: [Full GC [PSYoungGen: 2529K->0K(13824K)] [ParOldGen: 12770K->7882K(16384K)] 15299K->7882K(30208K) [PSPermGen: 2476K->2476K(21504K)], 0.0134126 secs] [Times: user=0.03 sys=0.00, real=0.01 secs] 
2014-07-09T15:52:50.681+0200: 78.291: [GC [PSYoungGen: 11251K->2241K(13824K)] 19133K->10123K(30208K), 0.0017037 secs] [Times: user=0.00 sys=0.00, real=0.00 secs] 
2014-07-09T15:52:50.728+0200: 78.339: [GC [PSYoungGen: 13490K->2529K(13824K)] 21372K->13172K(30208K), 0.0039570 secs] [Times: user=0.00 sys=0.00, real=0.00 secs] 
2014-07-09T15:52:50.732+0200: 78.343: [Full GC [PSYoungGen: 2529K->0K(13824K)] [ParOldGen: 10643K->5769K(16384K)] 13172K->5769K(30208K) [PSPermGen: 2476K->2476K(21504K)], 0.0087953 secs] [Times: user=0.03 sys=0.00, real=0.01 secs] 
2014-07-09T15:52:50.782+0200: 78.392: [GC [PSYoungGen: 11254K->2529K(13824K)] 17024K->13068K(30208K), 0.0096555 secs] [Times: user=0.03 sys=0.00, real=0.01 secs] 
2014-07-09T15:52:50.792+0200: 78.402: [Full GC [PSYoungGen: 2529K->0K(13824K)] [ParOldGen: 10539K->7786K(16384K)] 13068K->7786K(30208K) [PSPermGen: 2476K->2476K(21504K)], 0.0196706 secs] [Times: user=0.02 sys=0.00, real=0.02 secs] 
2014-07-09T15:52:50.828+0200: 78.438: [GC [PSYoungGen: 11251K->2145K(13824K)] 19038K->9931K(30208K), 0.0013375 secs] [Times: user=0.00 sys=0.00, real=0.00 secs] 
2014-07-09T15:52:50.880+0200: 78.490: [GC [PSYoungGen: 13394K->2529K(13824K)] 21181K->12981K(30208K), 0.0066678 secs] [Times: user=0.00 sys=0.00, real=0.01 secs] 
2014-07-09T15:52:50.887+0200: 78.497: [Full GC [PSYoungGen: 2529K->0K(13824K)] [ParOldGen: 10451K->5673K(16384K)] 12981K->5673K(30208K) [PSPermGen: 2476K->2476K(21504K)], 0.0167761 secs] [Times: user=0.01 sys=0.00, real=0.02 secs] 
2014-07-09T15:52:50.909+0200: 78.519: [GC [PSYoungGen: 11249K->2529K(13824K)] 16923K->13901K(30208K), 0.0069083 secs] [Times: user=0.03 sys=0.00, real=0.01 secs] 
2014-07-09T15:52:50.916+0200: 78.526: [Full GC [PSYoungGen: 2529K->0K(13824K)] [ParOldGen: 11372K->8633K(16384K)] 13901K->8633K(30208K) [PSPermGen: 2476K->2476K(21504K)], 0.0146089 secs] [Times: user=0.03 sys=0.00, real=0.02 secs] 
2014-07-09T15:52:50.978+0200: 78.588: [GC [PSYoungGen: 11252K->2529K(13824K)] 19886K->11707K(30208K), 0.0018056 secs] [Times: user=0.00 sys=0.00, real=0.00 secs] 
2014-07-09T15:52:50.985+0200: 78.595: [GC [PSYoungGen: 13789K->2529K(13824K)] 22967K->13764K(30208K), 0.0035889 secs] [Times: user=0.00 sys=0.00, real=0.00 secs] 
2014-07-09T15:52:50.988+0200: 78.599: [Full GC [PSYoungGen: 2529K->0K(13824K)] [ParOldGen: 11234K->5031K(16384K)] 13764K->5031K(30208K) [PSPermGen: 2476K->2476K(21504K)], 0.0082465 secs] [Times: user=0.03 sys=0.00, real=0.01 secs] 
2014-07-09T15:52:51.031+0200: 78.641: [GC [PSYoungGen: 11249K->2529K(13824K)] 16281K->12619K(30208K), 0.0081618 secs] [Times: user=0.02 sys=0.00, real=0.01 secs] 
2014-07-09T15:52:51.039+0200: 78.649: [Full GC [PSYoungGen: 2529K->0K(13824K)] [ParOldGen: 10090K->8074K(16384K)] 12619K->8074K(30208K) [PSPermGen: 2476K->2476K(21504K)], 0.0542159 secs] [Times: user=0.01 sys=0.00, real=0.05 secs] 
2014-07-09T15:52:51.100+0200: 78.710: [GC [PSYoungGen: 11251K->2465K(13824K)] 19325K->10539K(30208K), 0.0032226 secs] [Times: user=0.00 sys=0.00, real=0.00 secs] 
2014-07-09T15:52:51.128+0200: 78.738: [GC [PSYoungGen: 13714K->2529K(13824K)] 21788K->13588K(30208K), 0.0043529 secs] [Times: user=0.03 sys=0.00, real=0.00 secs] 
2014-07-09T15:52:51.132+0200: 78.743: [Full GC [PSYoungGen: 2529K->0K(13824K)] [ParOldGen: 11059K->5964K(16384K)] 13588K->5964K(30208K) [PSPermGen: 2476K->2476K(21504K)], 0.0086696 secs] [Times: user=0.00 sys=0.00, real=0.01 secs] 
2014-07-09T15:52:51.180+0200: 78.790: [GC [PSYoungGen: 11251K->352K(13824K)] 17215K->6316K(30208K), 0.0007464 secs] [Times: user=0.00 sys=0.00, real=0.00 secs] 
2014-07-09T15:52:51.229+0200: 78.839: [GC [PSYoungGen: 11601K->2529K(13824K)] 17565K->9365K(30208K), 0.0038305 secs] [Times: user=0.00 sys=0.00, real=0.00 secs] 
2014-07-09T15:52:51.280+0200: 78.890: [GC [PSYoungGen: 13789K->2529K(13824K)] 20626K->11743K(30208K), 0.0059166 secs] [Times: user=0.00 sys=0.02, real=0.01 secs] 
2014-07-09T15:52:51.295+0200: 78.906: [GC [PSYoungGen: 13778K->2529K(13824K)] 22992K->17129K(30208K), 0.0118655 secs] [Times: user=0.02 sys=0.00, real=0.01 secs] 
2014-07-09T15:52:51.308+0200: 78.918: [Full GC [PSYoungGen: 2529K->0K(13824K)] [ParOldGen: 14600K->8403K(16384K)] 17129K->8403K(30208K) [PSPermGen: 2476K->2476K(21504K)], 0.0188233 secs] [Times: user=0.01 sys=0.00, real=0.02 secs] 
2014-07-09T15:52:51.378+0200: 78.988: [GC [PSYoungGen: 11251K->2529K(13824K)] 19655K->11189K(30208K), 0.0027464 secs] [Times: user=0.03 sys=0.00, real=0.00 secs] 
2014-07-09T15:52:51.391+0200: 79.001: [GC [PSYoungGen: 13778K->2529K(13824K)] 22438K->14494K(30208K), 0.0074872 secs] [Times: user=0.03 sys=0.00, real=0.01 secs] 
2014-07-09T15:52:51.399+0200: 79.009: [Full GC [PSYoungGen: 2529K->0K(13824K)] [ParOldGen: 11965K->6294K(16384K)] 14494K->6294K(30208K) [PSPermGen: 2476K->2476K(21504K)], 0.0150848 secs] [Times: user=0.03 sys=0.00, real=0.02 secs] 
2014-07-09T15:52:51.477+0200: 79.088: [GC [PSYoungGen: 11251K->672K(13824K)] 17545K->6966K(30208K), 0.0015567 secs] [Times: user=0.00 sys=0.00, real=0.00 secs] 
2014-07-09T15:52:51.487+0200: 79.097: [GC [PSYoungGen: 11921K->2529K(13824K)] 18215K->10015K(30208K), 0.0060882 secs] [Times: user=0.03 sys=0.00, real=0.01 secs] 
2014-07-09T15:52:51.530+0200: 79.140: [GC [PSYoungGen: 13763K->2529K(13824K)] 21250K->12553K(30208K), 0.0062103 secs] [Times: user=0.02 sys=0.00, real=0.01 secs] 
2014-07-09T15:52:51.579+0200: 79.190: [GC [PSYoungGen: 13778K->2529K(13824K)] 23802K->18131K(30208K), 0.0065124 secs] [Times: user=0.03 sys=0.00, real=0.01 secs] 
2014-07-09T15:52:51.586+0200: 79.196: [Full GC [PSYoungGen: 2529K->0K(13824K)] [ParOldGen: 15602K->8570K(16384K)] 18131K->8570K(30208K) [PSPermGen: 2476K->2476K(21504K)], 0.0102604 secs] [Times: user=0.00 sys=0.00, real=0.01 secs] 
2014-07-09T15:52:51.628+0200: 79.238: [GC [PSYoungGen: 11251K->2529K(13824K)] 19822K->11484K(30208K), 0.0028516 secs] [Times: user=0.02 sys=0.00, real=0.00 secs] 
2014-07-09T15:52:51.680+0200: 79.290: [GC [PSYoungGen: 13778K->2529K(13824K)] 22733K->14950K(30208K), 0.0076291 secs] [Times: user=0.00 sys=0.00, real=0.01 secs] 
2014-07-09T15:52:51.688+0200: 79.298: [Full GC [PSYoungGen: 2529K->0K(13824K)] [ParOldGen: 12420K->6458K(16384K)] 14950K->6458K(30208K) [PSPermGen: 2476K->2476K(21504K)], 0.0228730 secs] [Times: user=0.06 sys=0.00, real=0.02 secs] 
2014-07-09T15:52:51.727+0200: 79.337: [GC [PSYoungGen: 11251K->832K(13824K)] 17710K->7291K(30208K), 0.0007835 secs] [Times: user=0.00 sys=0.00, real=0.00 secs] 
2014-07-09T15:52:51.779+0200: 79.389: [GC [PSYoungGen: 12087K->2529K(13824K)] 18546K->9316K(30208K), 0.0030551 secs] [Times: user=0.00 sys=0.00, real=0.00 secs] 
2014-07-09T15:52:51.793+0200: 79.403: [GC [PSYoungGen: 13778K->2529K(13824K)] 20565K->12685K(30208K), 0.0063540 secs] [Times: user=0.00 sys=0.00, real=0.01 secs] 
2014-07-09T15:52:51.799+0200: 79.410: [Full GC [PSYoungGen: 2529K->0K(13824K)] [ParOldGen: 10156K->6365K(16384K)] 12685K->6365K(30208K) [PSPermGen: 2476K->2476K(21504K)], 0.0126896 secs] [Times: user=0.03 sys=0.00, real=0.01 secs] 
2014-07-09T15:52:51.877+0200: 79.487: [GC [PSYoungGen: 11251K->736K(13824K)] 17617K->7101K(30208K), 0.0006049 secs] [Times: user=0.00 sys=0.00, real=0.00 secs] 
2014-07-09T15:52:51.882+0200: 79.492: [GC [PSYoungGen: 11985K->2529K(13824K)] 18351K->10151K(30208K), 0.0028197 secs] [Times: user=0.00 sys=0.00, real=0.00 secs] 
2014-07-09T15:52:51.930+0200: 79.541: [GC [PSYoungGen: 13780K->2529K(13824K)] 21402K->14449K(30208K), 0.0088302 secs] [Times: user=0.00 sys=0.00, real=0.01 secs] 
2014-07-09T15:52:51.940+0200: 79.550: [Full GC [PSYoungGen: 2529K->0K(13824K)] [ParOldGen: 11920K->7294K(16384K)] 14449K->7294K(30208K) [PSPermGen: 2476K->2476K(21504K)], 0.0163614 secs] [Times: user=0.03 sys=0.00, real=0.02 secs] 
2014-07-09T15:52:51.980+0200: 79.591: [GC [PSYoungGen: 11260K->128K(13824K)] 18554K->7422K(30208K), 0.0008568 secs] [Times: user=0.00 sys=0.00, real=0.00 secs] 
2014-07-09T15:52:52.028+0200: 79.638: [GC [PSYoungGen: 11383K->2529K(13824K)] 18677K->9959K(30208K), 0.0015560 secs] [Times: user=0.00 sys=0.00, real=0.00 secs] 
2014-07-09T15:52:52.080+0200: 79.690: [GC [PSYoungGen: 13778K->2529K(13824K)] 21208K->13136K(30208K), 0.0051375 secs] [Times: user=0.03 sys=0.00, real=0.01 secs] 
2014-07-09T15:52:52.085+0200: 79.695: [Full GC [PSYoungGen: 2529K->0K(13824K)] [ParOldGen: 10607K->6175K(16384K)] 13136K->6175K(30208K) [PSPermGen: 2476K->2476K(21504K)], 0.0177740 secs] [Times: user=0.03 sys=0.00, real=0.02 secs] 
2014-07-09T15:52:52.130+0200: 79.740: [GC [PSYoungGen: 11251K->544K(13824K)] 17426K->6719K(30208K), 0.0023864 secs] [Times: user=0.00 sys=0.00, real=0.00 secs] 
2014-07-09T15:52:52.177+0200: 79.788: [GC [PSYoungGen: 11793K->2529K(13824K)] 17968K->9768K(30208K), 0.0020381 secs] [Times: user=0.00 sys=0.00, real=0.00 secs] 
2014-07-09T15:52:52.185+0200: 79.795: [GC [PSYoungGen: 13780K->2529K(13824K)] 21020K->13874K(30208K), 0.0050063 secs] [Times: user=0.00 sys=0.00, real=0.01 secs] 
2014-07-09T15:52:52.190+0200: 79.800: [Full GC [PSYoungGen: 2529K->0K(13824K)] [ParOldGen: 11345K->7103K(16384K)] 13874K->7103K(30208K) [PSPermGen: 2476K->2476K(21504K)], 0.0095700 secs] [Times: user=0.03 sys=0.00, real=0.01 secs] 
2014-07-09T15:52:52.277+0200: 79.888: [GC [PSYoungGen: 11254K->448K(13824K)] 18358K->7551K(30208K), 0.0016612 secs] [Times: user=0.00 sys=0.00, real=0.00 secs] 
2014-07-09T15:52:52.287+0200: 79.898: [GC [PSYoungGen: 11697K->2529K(13824K)] 18801K->10601K(30208K), 0.0049854 secs] [Times: user=0.00 sys=0.00, real=0.01 secs] 
2014-07-09T15:52:52.330+0200: 79.940: [GC [PSYoungGen: 13780K->2529K(13824K)] 21852K->14611K(30208K), 0.0046668 secs] [Times: user=0.03 sys=0.00, real=0.00 secs] 
2014-07-09T15:52:52.334+0200: 79.945: [Full GC [PSYoungGen: 2529K->0K(13824K)] [ParOldGen: 12082K->7008K(16384K)] 14611K->7008K(30208K) [PSPermGen: 2476K->2476K(21504K)], 0.0097599 secs] [Times: user=0.00 sys=0.00, real=0.01 secs] 
2014-07-09T15:52:52.381+0200: 79.991: [GC [PSYoungGen: 11249K->1376K(13824K)] 18257K->8384K(30208K), 0.0011072 secs] [Times: user=0.00 sys=0.00, real=0.00 secs] 
2014-07-09T15:52:52.428+0200: 80.038: [GC [PSYoungGen: 12628K->2529K(13824K)] 19636K->11434K(30208K), 0.0029829 secs] [Times: user=0.00 sys=0.00, real=0.00 secs] 
2014-07-09T15:52:52.480+0200: 80.090: [GC [PSYoungGen: 13778K->2529K(13824K)] 22683K->16372K(30208K), 0.0051537 secs] [Times: user=0.00 sys=0.00, real=0.00 secs] 
2014-07-09T15:52:52.485+0200: 80.096: [Full GC [PSYoungGen: 2529K->0K(13824K)] [ParOldGen: 13843K->7936K(16384K)] 16372K->7936K(30208K) [PSPermGen: 2476K->2476K(21504K)], 0.0102087 secs] [Times: user=0.03 sys=0.00, real=0.01 secs] 
2014-07-09T15:52:52.527+0200: 80.137: [GC [PSYoungGen: 11233K->608K(13824K)] 19170K->8544K(30208K), 0.0006504 secs] [Times: user=0.00 sys=0.00, real=0.00 secs] 
2014-07-09T15:52:52.579+0200: 80.189: [GC [PSYoungGen: 11857K->2529K(13824K)] 19794K->11594K(30208K), 0.0051137 secs] [Times: user=0.03 sys=0.00, real=0.01 secs] 
2014-07-09T15:52:52.593+0200: 80.203: [GC [PSYoungGen: 13780K->2529K(13824K)] 22845K->15764K(30208K), 0.0084005 secs] [Times: user=0.03 sys=0.00, real=0.01 secs] 
2014-07-09T15:52:52.602+0200: 80.212: [Full GC [PSYoungGen: 2529K->0K(13824K)] [ParOldGen: 13235K->7169K(16384K)] 15764K->7169K(30208K) [PSPermGen: 2476K->2476K(21504K)], 0.0136168 secs] [Times: user=0.03 sys=0.00, real=0.01 secs] 
2014-07-09T15:52:52.677+0200: 80.288: [GC [PSYoungGen: 11249K->1504K(13824K)] 18419K->8674K(30208K), 0.0014163 secs] [Times: user=0.00 sys=0.00, real=0.00 secs] 
2014-07-09T15:52:52.685+0200: 80.295: [GC [PSYoungGen: 12756K->2529K(13824K)] 19926K->11724K(30208K), 0.0109082 secs] [Times: user=0.02 sys=0.00, real=0.01 secs] 
2014-07-09T15:52:52.730+0200: 80.340: [GC [PSYoungGen: 13778K->2529K(13824K)] 22973K->16822K(30208K), 0.0057949 secs] [Times: user=0.00 sys=0.00, real=0.01 secs] 
2014-07-09T15:52:52.736+0200: 80.346: [Full GC [PSYoungGen: 2529K->0K(13824K)] [ParOldGen: 14293K->8098K(16384K)] 16822K->8098K(30208K) [PSPermGen: 2476K->2476K(21504K)], 0.0133672 secs] [Times: user=0.02 sys=0.00, real=0.01 secs] 
2014-07-09T15:52:52.780+0200: 80.390: [GC [PSYoungGen: 11260K->928K(13824K)] 19359K->9026K(30208K), 0.0010427 secs] [Times: user=0.00 sys=0.00, real=0.00 secs] 
2014-07-09T15:52:52.830+0200: 80.440: [GC [PSYoungGen: 12177K->2529K(13824K)] 20276K->12076K(30208K), 0.0056086 secs] [Times: user=0.00 sys=0.00, real=0.01 secs] 
2014-07-09T15:52:52.884+0200: 80.494: [GC [PSYoungGen: 13780K->2529K(13824K)] 23327K->16566K(30208K), 0.0053670 secs] [Times: user=0.00 sys=0.00, real=0.00 secs] 
2014-07-09T15:52:52.889+0200: 80.500: [Full GC [PSYoungGen: 2529K->0K(13824K)] [ParOldGen: 14037K->7491K(16384K)] 16566K->7491K(30208K) [PSPermGen: 2476K->2476K(21504K)], 0.0131908 secs] [Times: user=0.03 sys=0.00, real=0.01 secs] 
2014-07-09T15:52:52.927+0200: 80.538: [GC [PSYoungGen: 11249K->1856K(13824K)] 18740K->9348K(30208K), 0.0010178 secs] [Times: user=0.00 sys=0.00, real=0.00 secs] 
2014-07-09T15:52:52.980+0200: 80.590: [GC [PSYoungGen: 13108K->2529K(13824K)] 20599K->12397K(30208K), 0.0058187 secs] [Times: user=0.00 sys=0.00, real=0.00 secs] 
2014-07-09T15:52:52.995+0200: 80.606: [GC [PSYoungGen: 13778K->2529K(13824K)] 23647K->17816K(30208K), 0.0066484 secs] [Times: user=0.02 sys=0.00, real=0.01 secs] 
2014-07-09T15:52:53.002+0200: 80.612: [Full GC [PSYoungGen: 2529K->0K(13824K)] [ParOldGen: 15287K->8419K(16384K)] 17816K->8419K(30208K) [PSPermGen: 2476K->2476K(21504K)], 0.0132125 secs] [Times: user=0.00 sys=0.00, real=0.01 secs] 
2014-07-09T15:52:53.085+0200: 80.695: [GC [PSYoungGen: 11260K->1216K(13824K)] 19680K->9636K(30208K), 0.0065773 secs] [Times: user=0.00 sys=0.00, real=0.01 secs] 
2014-07-09T15:52:53.097+0200: 80.708: [GC [PSYoungGen: 12468K->2529K(13824K)] 20887K->12685K(30208K), 0.0053744 secs] [Times: user=0.00 sys=0.00, real=0.01 secs] 
2014-07-09T15:52:53.103+0200: 80.713: [Full GC [PSYoungGen: 2529K->0K(13824K)] [ParOldGen: 10156K->4771K(16384K)] 12685K->4771K(30208K) [PSPermGen: 2476K->2476K(21504K)], 0.0079352 secs] [Times: user=0.02 sys=0.00, real=0.01 secs] 
2014-07-09T15:52:53.129+0200: 80.740: [GC [PSYoungGen: 11249K->2529K(13824K)] 16020K->12102K(30208K), 0.0054752 secs] [Times: user=0.00 sys=0.00, real=0.01 secs] 
2014-07-09T15:52:53.135+0200: 80.745: [Full GC [PSYoungGen: 2529K->0K(13824K)] [ParOldGen: 9573K->7739K(16384K)] 12102K->7739K(30208K) [PSPermGen: 2476K->2476K(21504K)], 0.0100580 secs] [Times: user=0.03 sys=0.00, real=0.01 secs] 
2014-07-09T15:52:53.184+0200: 80.794: [GC [PSYoungGen: 11251K->2177K(13824K)] 18991K->9917K(30208K), 0.0030529 secs] [Times: user=0.00 sys=0.00, real=0.00 secs] 
2014-07-09T15:52:53.230+0200: 80.839: [GC [PSYoungGen: 13426K->2529K(13824K)] 21166K->12934K(30208K), 0.0129969 secs] [Times: user=0.02 sys=0.00, real=0.01 secs] 
2014-07-09T15:52:53.243+0200: 80.852: [Full GC [PSYoungGen: 2529K->0K(13824K)] [ParOldGen: 10405K->5670K(16384K)] 12934K->5670K(30208K) [PSPermGen: 2476K->2476K(21504K)], 0.0102849 secs] [Times: user=0.03 sys=0.00, real=0.01 secs] 
2014-07-09T15:52:53.279+0200: 80.889: [GC [PSYoungGen: 11254K->2529K(13824K)] 16925K->12906K(30208K), 0.0054770 secs] [Times: user=0.03 sys=0.00, real=0.01 secs] 
2014-07-09T15:52:53.285+0200: 80.894: [Full GC [PSYoungGen: 2529K->0K(13824K)] [ParOldGen: 10377K->7689K(16384K)] 12906K->7689K(30208K) [PSPermGen: 2476K->2476K(21504K)], 0.0101247 secs] [Times: user=0.00 sys=0.00, real=0.01 secs] 
2014-07-09T15:52:53.327+0200: 80.937: [GC [PSYoungGen: 11249K->2080K(13824K)] 18938K->9770K(30208K), 0.0010584 secs] [Times: user=0.00 sys=0.00, real=0.00 secs] 
2014-07-09T15:52:53.378+0200: 80.988: [GC [PSYoungGen: 13330K->2529K(13824K)] 21019K->12819K(30208K), 0.0037418 secs] [Times: user=0.00 sys=0.00, real=0.00 secs] 
2014-07-09T15:52:53.382+0200: 80.991: [Full GC [PSYoungGen: 2529K->0K(13824K)] [ParOldGen: 10290K->5579K(16384K)] 12819K->5579K(30208K) [PSPermGen: 2476K->2476K(21504K)], 0.0083041 secs] [Times: user=0.00 sys=0.00, real=0.01 secs] 
2014-07-09T15:52:53.395+0200: 81.005: [GC [PSYoungGen: 11249K->2529K(13824K)] 16829K->13743K(30208K), 0.0058766 secs] [Times: user=0.00 sys=0.00, real=0.01 secs] 
2014-07-09T15:52:53.401+0200: 81.011: [Full GC [PSYoungGen: 2529K->0K(13824K)] [ParOldGen: 11214K->8622K(16384K)] 13743K->8622K(30208K) [PSPermGen: 2476K->2476K(21504K)], 0.0100019 secs] [Times: user=0.02 sys=0.00, real=0.01 secs] 
2014-07-09T15:52:53.479+0200: 81.088: [GC [PSYoungGen: 11251K->2529K(13824K)] 19873K->11631K(30208K), 0.0029741 secs] [Times: user=0.00 sys=0.00, real=0.00 secs] 
2014-07-09T15:52:53.491+0200: 81.100: [GC [PSYoungGen: 13778K->2529K(13824K)] 22881K->15161K(30208K), 0.0082549 secs] [Times: user=0.00 sys=0.00, real=0.01 secs] 
2014-07-09T15:52:53.500+0200: 81.109: [Full GC [PSYoungGen: 2529K->0K(13824K)] [ParOldGen: 12632K->6512K(16384K)] 15161K->6512K(30208K) [PSPermGen: 2476K->2476K(21504K)], 0.0153521 secs] [Times: user=0.03 sys=0.00, real=0.02 secs] 
2014-07-09T15:52:53.529+0200: 81.138: [GC [PSYoungGen: 11240K->2529K(13824K)] 17752K->13395K(30208K), 0.0053634 secs] [Times: user=0.03 sys=0.00, real=0.00 secs] 
2014-07-09T15:52:53.534+0200: 81.144: [Full GC [PSYoungGen: 2529K->0K(13824K)] [ParOldGen: 10866K->7347K(16384K)] 13395K->7347K(30208K) [PSPermGen: 2476K->2476K(21504K)], 0.0099297 secs] [Times: user=0.00 sys=0.00, real=0.01 secs] 
2014-07-09T15:52:53.580+0200: 81.190: [GC [PSYoungGen: 11249K->1728K(13824K)] 18597K->9076K(30208K), 0.0014269 secs] [Times: user=0.00 sys=0.00, real=0.00 secs] 
2014-07-09T15:52:53.628+0200: 81.238: [GC [PSYoungGen: 12980K->2529K(13824K)] 20328K->12094K(30208K), 0.0039596 secs] [Times: user=0.00 sys=0.00, real=0.00 secs] 
2014-07-09T15:52:53.679+0200: 81.289: [GC [PSYoungGen: 13778K->2529K(13824K)] 23343K->17384K(30208K), 0.0058576 secs] [Times: user=0.00 sys=0.00, real=0.01 secs] 
2014-07-09T15:52:53.685+0200: 81.295: [Full GC [PSYoungGen: 2529K->0K(13824K)] [ParOldGen: 14855K->8279K(16384K)] 17384K->8279K(30208K) [PSPermGen: 2476K->2476K(21504K)], 0.0204324 secs] [Times: user=0.03 sys=0.00, real=0.02 secs] 
2014-07-09T15:52:53.728+0200: 81.337: [GC [PSYoungGen: 11251K->2529K(13824K)] 19531K->10936K(30208K), 0.0016165 secs] [Times: user=0.00 sys=0.00, real=0.00 secs] 
2014-07-09T15:52:53.778+0200: 81.387: [GC [PSYoungGen: 13784K->2529K(13824K)] 22191K->13057K(30208K), 0.0040420 secs] [Times: user=0.00 sys=0.00, real=0.00 secs] 
2014-07-09T15:52:53.782+0200: 81.392: [Full GC [PSYoungGen: 2529K->0K(13824K)] [ParOldGen: 10528K->5143K(16384K)] 13057K->5143K(30208K) [PSPermGen: 2476K->2476K(21504K)], 0.0105691 secs] [Times: user=0.02 sys=0.00, real=0.01 secs] 
2014-07-09T15:52:53.797+0200: 81.407: [GC [PSYoungGen: 11249K->2529K(13824K)] 16393K->12859K(30208K), 0.0058502 secs] [Times: user=0.03 sys=0.00, real=0.01 secs] 
2014-07-09T15:52:53.803+0200: 81.413: [Full GC [PSYoungGen: 2529K->0K(13824K)] [ParOldGen: 10330K->8185K(16384K)] 12859K->8185K(30208K) [PSPermGen: 2476K->2476K(21504K)], 0.0094212 secs] [Times: user=0.00 sys=0.00, real=0.01 secs] 
2014-07-09T15:52:53.877+0200: 81.487: [GC [PSYoungGen: 11251K->2529K(13824K)] 19436K->10746K(30208K), 0.0013096 secs] [Times: user=0.00 sys=0.00, real=0.00 secs] 
2014-07-09T15:52:53.884+0200: 81.494: [GC [PSYoungGen: 13778K->2529K(13824K)] 21995K->13827K(30208K), 0.0041084 secs] [Times: user=0.00 sys=0.00, real=0.00 secs] 
2014-07-09T15:52:53.889+0200: 81.498: [Full GC [PSYoungGen: 2529K->0K(13824K)] [ParOldGen: 11298K->6073K(16384K)] 13827K->6073K(30208K) [PSPermGen: 2476K->2476K(21504K)], 0.0090472 secs] [Times: user=0.02 sys=0.00, real=0.01 secs] 
2014-07-09T15:52:53.977+0200: 81.586: [GC [PSYoungGen: 11251K->416K(13824K)] 17324K->6489K(30208K), 0.0040354 secs] [Times: user=0.00 sys=0.00, real=0.00 secs] 
2014-07-09T15:52:53.985+0200: 81.595: [GC [PSYoungGen: 11665K->2529K(13824K)] 17738K->9570K(30208K), 0.0026793 secs] [Times: user=0.03 sys=0.00, real=0.00 secs] 
2014-07-09T15:52:54.030+0200: 81.639: [GC [PSYoungGen: 13789K->2529K(13824K)] 20831K->12044K(30208K), 0.0064812 secs] [Times: user=0.03 sys=0.00, real=0.01 secs] 
2014-07-09T15:52:54.082+0200: 81.691: [GC [PSYoungGen: 13778K->2529K(13824K)] 23293K->17526K(30208K), 0.0570785 secs] [Times: user=0.03 sys=0.00, real=0.06 secs] 
2014-07-09T15:52:54.139+0200: 81.748: [Full GC [PSYoungGen: 2529K->0K(13824K)] [ParOldGen: 14997K->8509K(16384K)] 17526K->8509K(30208K) [PSPermGen: 2476K->2476K(21504K)], 0.0269880 secs] [Times: user=0.02 sys=0.00, real=0.03 secs] 
2014-07-09T15:52:54.171+0200: 81.780: [GC [PSYoungGen: 11251K->2529K(13824K)] 19761K->11391K(30208K), 0.0020131 secs] [Times: user=0.01 sys=0.00, real=0.00 secs] 
2014-07-09T15:52:54.179+0200: 81.788: [GC [PSYoungGen: 13778K->2529K(13824K)] 22640K->14792K(30208K), 0.0044816 secs] [Times: user=0.00 sys=0.00, real=0.00 secs] 
2014-07-09T15:52:54.183+0200: 81.793: [Full GC [PSYoungGen: 2529K->0K(13824K)] [ParOldGen: 12263K->6397K(16384K)] 14792K->6397K(30208K) [PSPermGen: 2476K->2476K(21504K)], 0.0091953 secs] [Times: user=0.02 sys=0.00, real=0.01 secs] 
2014-07-09T15:52:54.227+0200: 81.836: [GC [PSYoungGen: 11251K->768K(13824K)] 17649K->7165K(30208K), 0.0010211 secs] [Times: user=0.00 sys=0.00, real=0.00 secs] 
2014-07-09T15:52:54.278+0200: 81.888: [GC [PSYoungGen: 12029K->2273K(13824K)] 18426K->8678K(30208K), 0.0023306 secs] [Times: user=0.00 sys=0.00, real=0.00 secs] 
2014-07-09T15:52:54.291+0200: 81.901: [GC [PSYoungGen: 13522K->2529K(13824K)] 19928K->11696K(30208K), 0.0308702 secs] [Times: user=0.03 sys=0.00, real=0.03 secs] 
2014-07-09T15:52:54.377+0200: 81.986: [GC [PSYoungGen: 13780K->160K(13824K)] 22947K->9335K(30208K), 0.0004542 secs] [Times: user=0.00 sys=0.00, real=0.00 secs] 
2014-07-09T15:52:54.385+0200: 81.994: [GC [PSYoungGen: 11409K->2529K(13824K)] 20584K->12384K(30208K), 0.0041502 secs] [Times: user=0.00 sys=0.00, real=0.00 secs] 
2014-07-09T15:52:54.430+0200: 82.040: [GC [PSYoungGen: 13780K->2529K(13824K)] 23635K->16106K(30208K), 0.0082062 secs] [Times: user=0.00 sys=0.01, real=0.01 secs] 
2014-07-09T15:52:54.439+0200: 82.048: [Full GC [PSYoungGen: 2529K->0K(13824K)] [ParOldGen: 13577K->6718K(16384K)] 16106K->6718K(30208K) [PSPermGen: 2476K->2476K(21504K)], 0.0227990 secs] [Times: user=0.02 sys=0.00, real=0.02 secs] 
2014-07-09T15:52:54.480+0200: 82.090: [GC [PSYoungGen: 11261K->448K(13824K)] 17980K->7167K(30208K), 0.0009642 secs] [Times: user=0.00 sys=0.00, real=0.00 secs] 
2014-07-09T15:52:54.528+0200: 82.138: [GC [PSYoungGen: 11703K->2465K(13824K)] 18422K->9192K(30208K), 0.0026001 secs] [Times: user=0.00 sys=0.00, real=0.00 secs] 
2014-07-09T15:52:54.580+0200: 82.189: [GC [PSYoungGen: 13714K->2529K(13824K)] 20441K->12241K(30208K), 0.0069344 secs] [Times: user=0.00 sys=0.00, real=0.01 secs] 
2014-07-09T15:52:54.627+0200: 82.237: [GC [PSYoungGen: 13780K->352K(13824K)] 23493K->10072K(30208K), 0.0013932 secs] [Times: user=0.00 sys=0.00, real=0.00 secs] 
2014-07-09T15:52:54.679+0200: 82.288: [GC [PSYoungGen: 11601K->2529K(13824K)] 21321K->13121K(30208K), 0.0033015 secs] [Times: user=0.00 sys=0.00, real=0.00 secs] 
2014-07-09T15:52:54.692+0200: 82.301: [GC [PSYoungGen: 13780K->2529K(13824K)] 24373K->17035K(30208K), 0.0083334 secs] [Times: user=0.00 sys=0.00, real=0.01 secs] 
2014-07-09T15:52:54.700+0200: 82.310: [Full GC [PSYoungGen: 2529K->0K(13824K)] [ParOldGen: 14506K->6912K(16384K)] 17035K->6912K(30208K) [PSPermGen: 2476K->2476K(21504K)], 0.0158797 secs] [Times: user=0.03 sys=0.00, real=0.02 secs] 
2014-07-09T15:52:54.777+0200: 82.386: [GC [PSYoungGen: 11254K->256K(13824K)] 18167K->7168K(30208K), 0.0008465 secs] [Times: user=0.00 sys=0.00, real=0.00 secs] 
2014-07-09T15:52:54.782+0200: 82.392: [GC [PSYoungGen: 11505K->2529K(13824K)] 18418K->10218K(30208K), 0.0028542 secs] [Times: user=0.00 sys=0.00, real=0.00 secs] 
2014-07-09T15:52:54.829+0200: 82.439: [GC [PSYoungGen: 13780K->2529K(13824K)] 21469K->14036K(30208K), 0.0084987 secs] [Times: user=0.00 sys=0.00, real=0.01 secs] 
2014-07-09T15:52:54.838+0200: 82.448: [Full GC [PSYoungGen: 2529K->0K(13824K)] [ParOldGen: 11506K->6817K(16384K)] 14036K->6817K(30208K) [PSPermGen: 2476K->2476K(21504K)], 0.0495260 secs] [Times: user=0.05 sys=0.00, real=0.05 secs] 
2014-07-09T15:52:54.894+0200: 82.503: [GC [PSYoungGen: 11249K->1152K(13824K)] 18066K->7969K(30208K), 0.0015802 secs] [Times: user=0.00 sys=0.00, real=0.00 secs] 
2014-07-09T15:52:54.928+0200: 82.537: [GC [PSYoungGen: 12404K->2529K(13824K)] 19221K->11051K(30208K), 0.0028076 secs] [Times: user=0.00 sys=0.00, real=0.00 secs] 
2014-07-09T15:52:54.981+0200: 82.590: [GC [PSYoungGen: 13778K->2529K(13824K)] 22300K->15797K(30208K), 0.0093189 secs] [Times: user=0.03 sys=0.00, real=0.01 secs] 
2014-07-09T15:52:54.990+0200: 82.600: [Full GC [PSYoungGen: 2529K->0K(13824K)] [ParOldGen: 13268K->7745K(16384K)] 15797K->7745K(30208K) [PSPermGen: 2476K->2476K(21504K)], 0.0215470 secs] [Times: user=0.02 sys=0.00, real=0.02 secs] 
2014-07-09T15:52:55.017+0200: 82.627: [GC [PSYoungGen: 11256K->1376K(13824K)] 19002K->9121K(30208K), 0.0013715 secs] [Times: user=0.00 sys=0.00, real=0.00 secs] 
2014-07-09T15:52:55.078+0200: 82.687: [GC [PSYoungGen: 12636K->2529K(13824K)] 20382K->10859K(30208K), 0.0052083 secs] [Times: user=0.00 sys=0.00, real=0.00 secs] 
2014-07-09T15:52:55.089+0200: 82.698: [GC [PSYoungGen: 13778K->2529K(13824K)] 22108K->14484K(30208K), 0.0059863 secs] [Times: user=0.03 sys=0.00, real=0.01 secs] 
2014-07-09T15:52:55.095+0200: 82.704: [Full GC [PSYoungGen: 2529K->0K(13824K)] [ParOldGen: 11955K->6626K(16384K)] 14484K->6626K(30208K) [PSPermGen: 2476K->2476K(21504K)], 0.0115234 secs] [Times: user=0.00 sys=0.00, real=0.01 secs] 
2014-07-09T15:52:55.177+0200: 82.786: [GC [PSYoungGen: 11251K->960K(13824K)] 17878K->7587K(30208K), 0.0128964 secs] [Times: user=0.02 sys=0.00, real=0.01 secs] 
2014-07-09T15:52:55.196+0200: 82.805: [GC [PSYoungGen: 12209K->2529K(13824K)] 18836K->10636K(30208K), 0.0037891 secs] [Times: user=0.00 sys=0.00, real=0.00 secs] 
2014-07-09T15:52:55.230+0200: 82.839: [GC [PSYoungGen: 13780K->2529K(13824K)] 21888K->15158K(30208K), 0.0210535 secs] [Times: user=0.03 sys=0.00, real=0.02 secs] 
2014-07-09T15:52:55.251+0200: 82.861: [Full GC [PSYoungGen: 2529K->0K(13824K)] [ParOldGen: 12629K->7555K(16384K)] 15158K->7555K(30208K) [PSPermGen: 2476K->2476K(21504K)], 0.0133408 secs] [Times: user=0.02 sys=0.00, real=0.01 secs] 
2014-07-09T15:52:55.281+0200: 82.891: [GC [PSYoungGen: 11254K->864K(13824K)] 18810K->8419K(30208K), 0.0012069 secs] [Times: user=0.00 sys=0.00, real=0.00 secs] 
2014-07-09T15:52:55.328+0200: 82.937: [GC [PSYoungGen: 12113K->2529K(13824K)] 19669K->11501K(30208K), 0.0024289 secs] [Times: user=0.00 sys=0.00, real=0.00 secs] 
2014-07-09T15:52:55.381+0200: 82.990: [GC [PSYoungGen: 13780K->2529K(13824K)] 22752K->15959K(30208K), 0.0092280 secs] [Times: user=0.02 sys=0.00, real=0.01 secs] 
2014-07-09T15:52:55.390+0200: 83.000: [Full GC [PSYoungGen: 2529K->0K(13824K)] [ParOldGen: 13430K->7459K(16384K)] 15959K->7459K(30208K) [PSPermGen: 2476K->2476K(21504K)], 0.0517888 secs] [Times: user=0.05 sys=0.00, real=0.05 secs] 
2014-07-09T15:52:55.448+0200: 83.057: [GC [PSYoungGen: 11249K->1792K(13824K)] 18709K->9252K(30208K), 0.0021539 secs] [Times: user=0.00 sys=0.00, real=0.00 secs] 
2014-07-09T15:52:55.478+0200: 83.088: [GC [PSYoungGen: 13044K->2529K(13824K)] 20504K->12334K(30208K), 0.0035552 secs] [Times: user=0.00 sys=0.00, real=0.00 secs] 
2014-07-09T15:52:55.487+0200: 83.096: [GC [PSYoungGen: 13778K->2529K(13824K)] 23583K->17720K(30208K), 0.0062191 secs] [Times: user=0.00 sys=0.00, real=0.01 secs] 
2014-07-09T15:52:55.493+0200: 83.103: [Full GC [PSYoungGen: 2529K->0K(13824K)] [ParOldGen: 15191K->8388K(16384K)] 17720K->8388K(30208K) [PSPermGen: 2476K->2476K(21504K)], 0.0100763 secs] [Times: user=0.03 sys=0.00, real=0.01 secs] 
2014-07-09T15:52:55.577+0200: 83.187: [GC [PSYoungGen: 11236K->1056K(13824K)] 19624K->9444K(30208K), 0.0013921 secs] [Times: user=0.00 sys=0.00, real=0.00 secs] 
2014-07-09T15:52:55.587+0200: 83.197: [GC [PSYoungGen: 12305K->2529K(13824K)] 20694K->12494K(30208K), 0.0060277 secs] [Times: user=0.03 sys=0.00, real=0.01 secs] 
2014-07-09T15:52:55.631+0200: 83.241: [GC [PSYoungGen: 13780K->2529K(13824K)] 23745K->17080K(30208K), 0.0100111 secs] [Times: user=0.02 sys=0.00, real=0.01 secs] 
2014-07-09T15:52:55.641+0200: 83.251: [Full GC [PSYoungGen: 2529K->0K(13824K)] [ParOldGen: 14551K->7621K(16384K)] 17080K->7621K(30208K) [PSPermGen: 2476K->2476K(21504K)], 0.0173916 secs] [Times: user=0.01 sys=0.00, real=0.02 secs] 
2014-07-09T15:52:55.681+0200: 83.290: [GC [PSYoungGen: 11249K->1984K(13824K)] 18871K->9606K(30208K), 0.0014896 secs] [Times: user=0.00 sys=0.00, real=0.00 secs] 
2014-07-09T15:52:55.728+0200: 83.337: [GC [PSYoungGen: 13236K->2529K(13824K)] 20857K->12655K(30208K), 0.0035805 secs] [Times: user=0.00 sys=0.00, real=0.00 secs] 
2014-07-09T15:52:55.732+0200: 83.341: [Full GC [PSYoungGen: 2529K->0K(13824K)] [ParOldGen: 10126K->5508K(16384K)] 12655K->5508K(30208K) [PSPermGen: 2476K->2476K(21504K)], 0.0107216 secs] [Times: user=0.03 sys=0.00, real=0.01 secs] 
2014-07-09T15:52:55.779+0200: 83.388: [GC [PSYoungGen: 11260K->2529K(13824K)] 16769K->12039K(30208K), 0.0050539 secs] [Times: user=0.03 sys=0.00, real=0.00 secs] 
2014-07-09T15:52:55.827+0200: 83.437: [GC [PSYoungGen: 13778K->1376K(13824K)] 23289K->10895K(30208K), 0.0018507 secs] [Times: user=0.00 sys=0.00, real=0.00 secs] 
2014-07-09T15:52:55.879+0200: 83.488: [GC [PSYoungGen: 12628K->2529K(13824K)] 22146K->13944K(30208K), 0.0056405 secs] [Times: user=0.00 sys=0.00, real=0.01 secs] 
2014-07-09T15:52:55.885+0200: 83.495: [Full GC [PSYoungGen: 2529K->0K(13824K)] [ParOldGen: 11415K->4901K(16384K)] 13944K->4901K(30208K) [PSPermGen: 2476K->2476K(21504K)], 0.0234677 secs] [Times: user=0.05 sys=0.00, real=0.02 secs] 
2014-07-09T15:52:55.915+0200: 83.524: [GC [PSYoungGen: 11249K->2529K(13824K)] 16150K->12328K(30208K), 0.0063628 secs] [Times: user=0.02 sys=0.00, real=0.01 secs] 
2014-07-09T15:52:55.921+0200: 83.531: [Full GC [PSYoungGen: 2529K->0K(13824K)] [ParOldGen: 9799K->7942K(16384K)] 12328K->7942K(30208K) [PSPermGen: 2476K->2476K(21504K)], 0.0143688 secs] [Times: user=0.02 sys=0.00, real=0.02 secs] 
2014-07-09T15:52:55.977+0200: 83.587: [GC [PSYoungGen: 11251K->2305K(13824K)] 19194K->10247K(30208K), 0.0012421 secs] [Times: user=0.00 sys=0.00, real=0.00 secs] 
2014-07-09T15:52:55.984+0200: 83.593: [GC [PSYoungGen: 13554K->2529K(13824K)] 21497K->13297K(30208K), 0.0040743 secs] [Times: user=0.00 sys=0.00, real=0.00 secs] 
2014-07-09T15:52:55.988+0200: 83.597: [Full GC [PSYoungGen: 2529K->0K(13824K)] [ParOldGen: 10768K->5829K(16384K)] 13297K->5829K(30208K) [PSPermGen: 2476K->2476K(21504K)], 0.0084097 secs] [Times: user=0.00 sys=0.00, real=0.01 secs] 
2014-07-09T15:52:56.031+0200: 83.641: [GC [PSYoungGen: 11260K->2529K(13824K)] 17090K->12681K(30208K), 0.0083646 secs] [Times: user=0.00 sys=0.00, real=0.01 secs] 
2014-07-09T15:52:56.040+0200: 83.650: [Full GC [PSYoungGen: 2529K->0K(13824K)] [ParOldGen: 10151K->7335K(16384K)] 12681K->7335K(30208K) [PSPermGen: 2476K->2476K(21504K)], 0.0578675 secs] [Times: user=0.05 sys=0.00, real=0.06 secs] 
2014-07-09T15:52:56.104+0200: 83.714: [GC [PSYoungGen: 11249K->1696K(13824K)] 18585K->9032K(30208K), 0.0015904 secs] [Times: user=0.00 sys=0.00, real=0.00 secs] 
2014-07-09T15:52:56.129+0200: 83.739: [GC [PSYoungGen: 12948K->2529K(13824K)] 20283K->12049K(30208K), 0.0181340 secs] [Times: user=0.01 sys=0.00, real=0.02 secs] 
2014-07-09T15:52:56.181+0200: 83.790: [GC [PSYoungGen: 13778K->2529K(13824K)] 23299K->17308K(30208K), 0.0099044 secs] [Times: user=0.03 sys=0.00, real=0.01 secs] 
2014-07-09T15:52:56.191+0200: 83.801: [Full GC [PSYoungGen: 2529K->0K(13824K)] [ParOldGen: 14779K->8264K(16384K)] 17308K->8264K(30208K) [PSPermGen: 2476K->2476K(21504K)], 0.0219598 secs] [Times: user=0.01 sys=0.00, real=0.02 secs] 
2014-07-09T15:52:56.228+0200: 83.838: [GC [PSYoungGen: 11251K->2529K(13824K)] 19515K->10889K(30208K), 0.0020260 secs] [Times: user=0.00 sys=0.00, real=0.00 secs] 
2014-07-09T15:52:56.279+0200: 83.889: [GC [PSYoungGen: 13784K->2529K(13824K)] 22144K->13010K(30208K), 0.0058125 secs] [Times: user=0.00 sys=0.00, real=0.01 secs] 
2014-07-09T15:52:56.286+0200: 83.895: [Full GC [PSYoungGen: 2529K->0K(13824K)] [ParOldGen: 10481K->5127K(16384K)] 13010K->5127K(30208K) [PSPermGen: 2476K->2476K(21504K)], 0.0175027 secs] [Times: user=0.02 sys=0.00, real=0.02 secs] 
2014-07-09T15:52:56.309+0200: 83.918: [GC [PSYoungGen: 11249K->2529K(13824K)] 16376K->12810K(30208K), 0.0063951 secs] [Times: user=0.01 sys=0.00, real=0.01 secs] 
2014-07-09T15:52:56.315+0200: 83.925: [Full GC [PSYoungGen: 2529K->0K(13824K)] [ParOldGen: 10281K->8168K(16384K)] 12810K->8168K(30208K) [PSPermGen: 2476K->2476K(21504K)], 0.0180332 secs] [Times: user=0.02 sys=0.00, real=0.02 secs] 
2014-07-09T15:52:56.377+0200: 83.987: [GC [PSYoungGen: 11251K->2529K(13824K)] 19420K->10697K(30208K), 0.0012289 secs] [Times: user=0.00 sys=0.00, real=0.00 secs] 
2014-07-09T15:52:56.384+0200: 83.993: [GC [PSYoungGen: 13778K->2529K(13824K)] 21947K->13747K(30208K), 0.0046429 secs] [Times: user=0.03 sys=0.00, real=0.00 secs] 
2014-07-09T15:52:56.388+0200: 83.998: [Full GC [PSYoungGen: 2529K->0K(13824K)] [ParOldGen: 11218K->6055K(16384K)] 13747K->6055K(30208K) [PSPermGen: 2476K->2476K(21504K)], 0.0085666 secs] [Times: user=0.00 sys=0.00, real=0.01 secs] 
2014-07-09T15:52:56.478+0200: 84.087: [GC [PSYoungGen: 11251K->384K(13824K)] 17307K->6439K(30208K), 0.0213556 secs] [Times: user=0.03 sys=0.00, real=0.02 secs] 
2014-07-09T15:52:56.505+0200: 84.115: [GC [PSYoungGen: 11616K->1760K(13824K)] 17672K->7824K(30208K), 0.0023526 secs] [Times: user=0.00 sys=0.00, real=0.00 secs] 
2014-07-09T15:52:56.528+0200: 84.138: [GC [PSYoungGen: 13018K->2529K(13824K)] 19081K->10361K(30208K), 0.0030529 secs] [Times: user=0.00 sys=0.00, real=0.00 secs] 
2014-07-09T15:52:56.583+0200: 84.192: [GC [PSYoungGen: 13778K->2529K(13824K)] 21611K->15139K(30208K), 0.0096525 secs] [Times: user=0.03 sys=0.00, real=0.01 secs] 
2014-07-09T15:52:56.593+0200: 84.202: [Full GC [PSYoungGen: 2529K->0K(13824K)] [ParOldGen: 12610K->7818K(16384K)] 15139K->7818K(30208K) [PSPermGen: 2476K->2476K(21504K)], 0.0185879 secs] [Times: user=0.02 sys=0.00, real=0.02 secs] 
2014-07-09T15:52:56.627+0200: 84.237: [GC [PSYoungGen: 11251K->2177K(13824K)] 19070K->9995K(30208K), 0.0012509 secs] [Times: user=0.00 sys=0.00, real=0.00 secs] 
2014-07-09T15:52:56.680+0200: 84.289: [GC [PSYoungGen: 13426K->2529K(13824K)] 21245K->13045K(30208K), 0.0069263 secs] [Times: user=0.03 sys=0.00, real=0.01 secs] 
2014-07-09T15:52:56.687+0200: 84.297: [Full GC [PSYoungGen: 2529K->0K(13824K)] [ParOldGen: 10516K->5705K(16384K)] 13045K->5705K(30208K) [PSPermGen: 2476K->2476K(21504K)], 0.0116858 secs] [Times: user=0.00 sys=0.00, real=0.01 secs] 
2014-07-09T15:52:56.727+0200: 84.337: [GC [PSYoungGen: 11259K->32K(13824K)] 16965K->5737K(30208K), 0.0007659 secs] [Times: user=0.00 sys=0.00, real=0.00 secs] 
2014-07-09T15:52:56.778+0200: 84.388: [GC [PSYoungGen: 11276K->2080K(13824K)] 16982K->7794K(30208K), 0.0017668 secs] [Times: user=0.00 sys=0.00, real=0.00 secs] 
2014-07-09T15:52:56.785+0200: 84.395: [GC [PSYoungGen: 13330K->2529K(13824K)] 19044K->10844K(30208K), 0.0043537 secs] [Times: user=0.00 sys=0.00, real=0.00 secs] 
2014-07-09T15:52:56.829+0200: 84.439: [GC [PSYoungGen: 13778K->2529K(13824K)] 22093K->16486K(30208K), 0.0066796 secs] [Times: user=0.00 sys=0.00, real=0.01 secs] 
2014-07-09T15:52:56.836+0200: 84.446: [Full GC [PSYoungGen: 2529K->0K(13824K)] [ParOldGen: 13957K->8651K(16384K)] 16486K->8651K(30208K) [PSPermGen: 2476K->2476K(21504K)], 0.0142174 secs] [Times: user=0.03 sys=0.00, real=0.02 secs] 
2014-07-09T15:52:56.881+0200: 84.490: [GC [PSYoungGen: 11251K->2529K(13824K)] 19903K->11661K(30208K), 0.0022892 secs] [Times: user=0.00 sys=0.00, real=0.00 secs] 
2014-07-09T15:52:56.929+0200: 84.539: [GC [PSYoungGen: 13778K->2529K(13824K)] 22910K->15190K(30208K), 0.0077560 secs] [Times: user=0.03 sys=0.00, real=0.01 secs] 
2014-07-09T15:52:56.938+0200: 84.547: [Full GC [PSYoungGen: 2529K->0K(13824K)] [ParOldGen: 12661K->6538K(16384K)] 15190K->6538K(30208K) [PSPermGen: 2476K->2476K(21504K)], 0.0215576 secs] [Times: user=0.02 sys=0.00, real=0.02 secs] 
2014-07-09T15:52:56.980+0200: 84.590: [GC [PSYoungGen: 11251K->896K(13824K)] 17790K->7435K(30208K), 0.0014507 secs] [Times: user=0.03 sys=0.00, real=0.00 secs] 
2014-07-09T15:52:57.027+0200: 84.637: [GC [PSYoungGen: 12157K->2369K(13824K)] 18695K->8915K(30208K), 0.0034283 secs] [Times: user=0.01 sys=0.00, real=0.00 secs] 
2014-07-09T15:52:57.079+0200: 84.689: [GC [PSYoungGen: 13618K->2529K(13824K)] 20165K->11965K(30208K), 0.0120495 secs] [Times: user=0.02 sys=0.00, real=0.01 secs] 
2014-07-09T15:52:57.127+0200: 84.736: [GC [PSYoungGen: 13780K->256K(13824K)] 23216K->9700K(30208K), 0.0141202 secs] [Times: user=0.02 sys=0.00, real=0.01 secs] 
2014-07-09T15:52:57.178+0200: 84.788: [GC [PSYoungGen: 11505K->2529K(13824K)] 20949K->12749K(30208K), 0.0149759 secs] [Times: user=0.02 sys=0.00, real=0.02 secs] 
2014-07-09T15:52:57.198+0200: 84.808: [GC [PSYoungGen: 13780K->2529K(13824K)] 24001K->16567K(30208K), 0.0054008 secs] [Times: user=0.02 sys=0.00, real=0.01 secs] 
2014-07-09T15:52:57.204+0200: 84.814: [Full GC [PSYoungGen: 2529K->0K(13824K)] [ParOldGen: 14038K->6859K(16384K)] 16567K->6859K(30208K) [PSPermGen: 2476K->2476K(21504K)], 0.0134508 secs] [Times: user=0.02 sys=0.00, real=0.01 secs] 
2014-07-09T15:52:57.231+0200: 84.841: [GC [PSYoungGen: 11263K->160K(13824K)] 18123K->7019K(30208K), 0.0009800 secs] [Times: user=0.00 sys=0.00, real=0.00 secs] 
2014-07-09T15:52:57.281+0200: 84.890: [GC [PSYoungGen: 11406K->2529K(13824K)] 18266K->9589K(30208K), 0.0020139 secs] [Times: user=0.00 sys=0.00, real=0.00 secs] 
2014-07-09T15:52:57.331+0200: 84.940: [GC [PSYoungGen: 13778K->2529K(13824K)] 20838K->12830K(30208K), 0.0078517 secs] [Times: user=0.00 sys=0.00, real=0.01 secs] 
2014-07-09T15:52:57.339+0200: 84.948: [Full GC [PSYoungGen: 2529K->0K(13824K)] [ParOldGen: 10301K->6252K(16384K)] 12830K->6252K(30208K) [PSPermGen: 2476K->2476K(21504K)], 0.0165975 secs] [Times: user=0.05 sys=0.00, real=0.02 secs] 
2014-07-09T15:52:57.380+0200: 84.990: [GC [PSYoungGen: 11251K->608K(13824K)] 17504K->6861K(30208K), 0.0009481 secs] [Times: user=0.00 sys=0.00, real=0.00 secs] 
2014-07-09T15:52:57.428+0200: 85.038: [GC [PSYoungGen: 11857K->2529K(13824K)] 18110K->9910K(30208K), 0.0024150 secs] [Times: user=0.00 sys=0.00, real=0.00 secs] 
2014-07-09T15:52:57.481+0200: 85.091: [GC [PSYoungGen: 13780K->2529K(13824K)] 21161K->14080K(30208K), 0.0084548 secs] [Times: user=0.00 sys=0.00, real=0.01 secs] 
2014-07-09T15:52:57.490+0200: 85.099: [Full GC [PSYoungGen: 2529K->0K(13824K)] [ParOldGen: 11551K->7181K(16384K)] 14080K->7181K(30208K) [PSPermGen: 2476K->2476K(21504K)], 0.0159695 secs] [Times: user=0.03 sys=0.00, real=0.02 secs] 
2014-07-09T15:52:57.511+0200: 85.121: [GC [PSYoungGen: 11262K->544K(13824K)] 18443K->7725K(30208K), 0.0011717 secs] [Times: user=0.00 sys=0.00, real=0.00 secs] 
2014-07-09T15:52:57.580+0200: 85.190: [GC [PSYoungGen: 11797K->2529K(13824K)] 18978K->10070K(30208K), 0.0190268 secs] [Times: user=0.02 sys=0.00, real=0.02 secs] 
2014-07-09T15:52:57.605+0200: 85.215: [GC [PSYoungGen: 13778K->2529K(13824K)] 21320K->13504K(30208K), 0.0045520 secs] [Times: user=0.00 sys=0.00, real=0.00 secs] 
2014-07-09T15:52:57.610+0200: 85.220: [Full GC [PSYoungGen: 2529K->0K(13824K)] [ParOldGen: 10975K->6446K(16384K)] 13504K->6446K(30208K) [PSPermGen: 2476K->2476K(21504K)], 0.0118724 secs] [Times: user=0.03 sys=0.00, real=0.01 secs] 
2014-07-09T15:52:57.677+0200: 85.287: [GC [PSYoungGen: 11251K->800K(13824K)] 17698K->7246K(30208K), 0.0015351 secs] [Times: user=0.00 sys=0.00, real=0.00 secs] 
2014-07-09T15:52:57.687+0200: 85.297: [GC [PSYoungGen: 12049K->2529K(13824K)] 18496K->10296K(30208K), 0.0051254 secs] [Times: user=0.00 sys=0.00, real=0.01 secs] 
2014-07-09T15:52:57.729+0200: 85.339: [GC [PSYoungGen: 13780K->2529K(13824K)] 21547K->14658K(30208K), 0.0056310 secs] [Times: user=0.03 sys=0.00, real=0.01 secs] 
2014-07-09T15:52:57.735+0200: 85.345: [Full GC [PSYoungGen: 2529K->0K(13824K)] [ParOldGen: 12129K->7374K(16384K)] 14658K->7374K(30208K) [PSPermGen: 2476K->2476K(21504K)], 0.0127637 secs] [Times: user=0.03 sys=0.00, real=0.01 secs] 
2014-07-09T15:52:57.780+0200: 85.389: [GC [PSYoungGen: 11254K->704K(13824K)] 18629K->8079K(30208K), 0.0009811 secs] [Times: user=0.00 sys=0.00, real=0.00 secs] 
2014-07-09T15:52:57.829+0200: 85.439: [GC [PSYoungGen: 11953K->2529K(13824K)] 19328K->11128K(30208K), 0.0042356 secs] [Times: user=0.00 sys=0.00, real=0.00 secs] 
2014-07-09T15:52:57.879+0200: 85.488: [GC [PSYoungGen: 13780K->2529K(13824K)] 22380K->15394K(30208K), 0.0055261 secs] [Times: user=0.00 sys=0.00, real=0.01 secs] 
2014-07-09T15:52:57.884+0200: 85.494: [Full GC [PSYoungGen: 2529K->0K(13824K)] [ParOldGen: 12865K->7279K(16384K)] 15394K->7279K(30208K) [PSPermGen: 2476K->2476K(21504K)], 0.0131861 secs] [Times: user=0.03 sys=0.00, real=0.01 secs] 
2014-07-09T15:52:57.927+0200: 85.537: [GC [PSYoungGen: 11249K->1632K(13824K)] 18528K->8912K(30208K), 0.0010035 secs] [Times: user=0.00 sys=0.00, real=0.00 secs] 
2014-07-09T15:52:57.978+0200: 85.588: [GC [PSYoungGen: 12884K->2529K(13824K)] 20163K->11961K(30208K), 0.0033825 secs] [Times: user=0.03 sys=0.00, real=0.00 secs] 
2014-07-09T15:52:57.986+0200: 85.596: [GC [PSYoungGen: 13787K->2529K(13824K)] 23220K->15619K(30208K), 0.0047918 secs] [Times: user=0.00 sys=0.00, real=0.00 secs] 
2014-07-09T15:52:57.991+0200: 85.601: [Full GC [PSYoungGen: 2529K->0K(13824K)] [ParOldGen: 13090K->6672K(16384K)] 15619K->6672K(30208K) [PSPermGen: 2476K->2476K(21504K)], 0.0093754 secs] [Times: user=0.01 sys=0.00, real=0.01 secs] 
2014-07-09T15:52:58.078+0200: 85.688: [GC [PSYoungGen: 11255K->480K(13824K)] 17927K->7152K(30208K), 0.0105717 secs] [Times: user=0.02 sys=0.00, real=0.01 secs] 
2014-07-09T15:52:58.117+0200: 85.726: [GC [PSYoungGen: 11729K->2529K(13824K)] 18402K->10234K(30208K), 0.0067243 secs] [Times: user=0.00 sys=0.00, real=0.01 secs] 
2014-07-09T15:52:58.138+0200: 85.748: [GC [PSYoungGen: 13780K->2529K(13824K)] 21485K->14276K(30208K), 0.0337725 secs] [Times: user=0.02 sys=0.00, real=0.03 secs] 
2014-07-09T15:52:58.172+0200: 85.782: [Full GC [PSYoungGen: 2529K->0K(13824K)] [ParOldGen: 11746K->7089K(16384K)] 14276K->7089K(30208K) [PSPermGen: 2476K->2476K(21504K)], 0.0279717 secs] [Times: user=0.03 sys=0.00, real=0.03 secs] 
2014-07-09T15:52:58.206+0200: 85.816: [GC [PSYoungGen: 11249K->1440K(13824K)] 18338K->8529K(30208K), 0.0019028 secs] [Times: user=0.00 sys=0.00, real=0.00 secs] 
2014-07-09T15:52:58.228+0200: 85.838: [GC [PSYoungGen: 12695K->2529K(13824K)] 19784K->10554K(30208K), 0.0024036 secs] [Times: user=0.03 sys=0.00, real=0.00 secs] 
2014-07-09T15:52:58.279+0200: 85.889: [GC [PSYoungGen: 13780K->2529K(13824K)] 21806K->14532K(30208K), 0.0048930 secs] [Times: user=0.00 sys=0.00, real=0.00 secs] 
2014-07-09T15:52:58.284+0200: 85.894: [Full GC [PSYoungGen: 2529K->0K(13824K)] [ParOldGen: 12003K->6993K(16384K)] 14532K->6993K(30208K) [PSPermGen: 2476K->2476K(21504K)], 0.0096107 secs] [Times: user=0.03 sys=0.00, real=0.01 secs] 
2014-07-09T15:52:58.327+0200: 85.937: [GC [PSYoungGen: 11249K->1344K(13824K)] 18243K->8338K(30208K), 0.0008561 secs] [Times: user=0.00 sys=0.00, real=0.00 secs] 
2014-07-09T15:52:58.378+0200: 85.987: [GC [PSYoungGen: 12596K->2529K(13824K)] 19589K->11387K(30208K), 0.0029598 secs] [Times: user=0.00 sys=0.00, real=0.00 secs] 
2014-07-09T15:52:58.386+0200: 85.995: [GC [PSYoungGen: 13778K->2529K(13824K)] 22637K->16294K(30208K), 0.0056611 secs] [Times: user=0.00 sys=0.00, real=0.01 secs] 
2014-07-09T15:52:58.391+0200: 86.001: [Full GC [PSYoungGen: 2529K->0K(13824K)] [ParOldGen: 13764K->7922K(16384K)] 16294K->7922K(30208K) [PSPermGen: 2476K->2476K(21504K)], 0.0098443 secs] [Times: user=0.03 sys=0.00, real=0.01 secs] 
2014-07-09T15:52:58.477+0200: 86.087: [GC [PSYoungGen: 11251K->2273K(13824K)] 19173K->10195K(30208K), 0.0011369 secs] [Times: user=0.02 sys=0.00, real=0.00 secs] 
2014-07-09T15:52:58.484+0200: 86.093: [GC [PSYoungGen: 13522K->2529K(13824K)] 21444K->13244K(30208K), 0.0041583 secs] [Times: user=0.00 sys=0.00, real=0.00 secs] 
2014-07-09T15:52:58.488+0200: 86.098: [Full GC [PSYoungGen: 2529K->0K(13824K)] [ParOldGen: 10715K->5809K(16384K)] 13244K->5809K(30208K) [PSPermGen: 2476K->2476K(21504K)], 0.0090117 secs] [Times: user=0.03 sys=0.00, real=0.01 secs] 
2014-07-09T15:52:58.529+0200: 86.139: [GC [PSYoungGen: 11233K->2529K(13824K)] 17042K->12468K(30208K), 0.0050510 secs] [Times: user=0.00 sys=0.00, real=0.00 secs] 
2014-07-09T15:52:58.534+0200: 86.144: [Full GC [PSYoungGen: 2529K->0K(13824K)] [ParOldGen: 9939K->7155K(16384K)] 12468K->7155K(30208K) [PSPermGen: 2476K->2476K(21504K)], 0.0095040 secs] [Times: user=0.03 sys=0.00, real=0.01 secs] 
2014-07-09T15:52:58.580+0200: 86.190: [GC [PSYoungGen: 11249K->1504K(13824K)] 18404K->8660K(30208K), 0.0012498 secs] [Times: user=0.00 sys=0.00, real=0.00 secs] 
2014-07-09T15:52:58.628+0200: 86.238: [GC [PSYoungGen: 12756K->2529K(13824K)] 19911K->11709K(30208K), 0.0031867 secs] [Times: user=0.00 sys=0.00, real=0.00 secs] 
2014-07-09T15:52:58.679+0200: 86.289: [GC [PSYoungGen: 13778K->2529K(13824K)] 22959K->16776K(30208K), 0.0057183 secs] [Times: user=0.03 sys=0.00, real=0.01 secs] 
2014-07-09T15:52:58.685+0200: 86.295: [Full GC [PSYoungGen: 2529K->0K(13824K)] [ParOldGen: 14246K->8083K(16384K)] 16776K->8083K(30208K) [PSPermGen: 2476K->2476K(21504K)], 0.0104382 secs] [Times: user=0.00 sys=0.00, real=0.01 secs] 
2014-07-09T15:52:58.728+0200: 86.337: [GC [PSYoungGen: 11251K->2401K(13824K)] 19335K->10484K(30208K), 0.0022071 secs] [Times: user=0.00 sys=0.00, real=0.00 secs] 
2014-07-09T15:52:58.865+0200: 86.474: [GC [PSYoungGen: 13659K->2529K(13824K)] 21743K->11997K(30208K), 0.0619766 secs] [Times: user=0.00 sys=0.00, real=0.06 secs] 
2014-07-09T15:52:58.973+0200: 86.583: [GC [PSYoungGen: 13780K->2529K(13824K)] 23249K->16455K(30208K), 0.0998017 secs] [Times: user=0.00 sys=0.00, real=0.10 secs] 
2014-07-09T15:52:59.073+0200: 86.683: [Full GC [PSYoungGen: 2529K->0K(13824K)] [ParOldGen: 13926K->7476K(16384K)] 16455K->7476K(30208K) [PSPermGen: 2476K->2476K(21504K)], 0.0309894 secs] [Times: user=0.05 sys=0.00, real=0.03 secs] 
2014-07-09T15:52:59.109+0200: 86.719: [GC [PSYoungGen: 11249K->1792K(13824K)] 18726K->9269K(30208K), 0.0059082 secs] [Times: user=0.00 sys=0.00, real=0.01 secs] 
2014-07-09T15:52:59.124+0200: 86.734: [GC [PSYoungGen: 13044K->2529K(13824K)] 20520K->12350K(30208K), 0.0034543 secs] [Times: user=0.00 sys=0.00, real=0.00 secs] 
2014-07-09T15:52:59.133+0200: 86.743: [GC [PSYoungGen: 13778K->2529K(13824K)] 23600K->17737K(30208K), 0.0057322 secs] [Times: user=0.00 sys=0.00, real=0.01 secs] 
2014-07-09T15:52:59.139+0200: 86.749: [Full GC [PSYoungGen: 2529K->0K(13824K)] [ParOldGen: 15208K->8405K(16384K)] 17737K->8405K(30208K) [PSPermGen: 2476K->2476K(21504K)], 0.0204746 secs] [Times: user=0.03 sys=0.00, real=0.02 secs] 
2014-07-09T15:52:59.165+0200: 86.775: [GC [PSYoungGen: 11251K->2529K(13824K)] 19656K->11126K(30208K), 0.0158309 secs] [Times: user=0.02 sys=0.00, real=0.02 secs] 
2014-07-09T15:52:59.187+0200: 86.797: [GC [PSYoungGen: 13789K->2529K(13824K)] 22387K->12831K(30208K), 0.0049857 secs] [Times: user=0.00 sys=0.00, real=0.01 secs] 
2014-07-09T15:52:59.193+0200: 86.802: [Full GC [PSYoungGen: 2529K->0K(13824K)] [ParOldGen: 10302K->4756K(16384K)] 12831K->4756K(30208K) [PSPermGen: 2476K->2476K(21504K)], 0.0111319 secs] [Times: user=0.02 sys=0.00, real=0.01 secs] 
2014-07-09T15:52:59.216+0200: 86.826: [GC [PSYoungGen: 11249K->2529K(13824K)] 16005K->12031K(30208K), 0.0059789 secs] [Times: user=0.00 sys=0.00, real=0.01 secs] 
2014-07-09T15:52:59.222+0200: 86.832: [Full GC [PSYoungGen: 2529K->0K(13824K)] [ParOldGen: 9502K->7715K(16384K)] 12031K->7715K(30208K) [PSPermGen: 2476K->2476K(21504K)], 0.0166045 secs] [Times: user=0.02 sys=0.00, real=0.02 secs] 
2014-07-09T15:52:59.253+0200: 86.863: [GC [PSYoungGen: 11251K->2113K(13824K)] 18967K->9828K(30208K), 0.0194154 secs] [Times: user=0.02 sys=0.00, real=0.02 secs] 
2014-07-09T15:52:59.278+0200: 86.887: [GC [PSYoungGen: 13362K->2529K(13824K)] 21078K->12878K(30208K), 0.0047801 secs] [Times: user=0.00 sys=0.00, real=0.00 secs] 
2014-07-09T15:52:59.282+0200: 86.892: [Full GC [PSYoungGen: 2529K->0K(13824K)] [ParOldGen: 10349K->5638K(16384K)] 12878K->5638K(30208K) [PSPermGen: 2476K->2476K(21504K)], 0.0121987 secs] [Times: user=0.00 sys=0.02, real=0.01 secs] 
2014-07-09T15:52:59.327+0200: 86.937: [GC [PSYoungGen: 11249K->2529K(13824K)] 16888K->13866K(30208K), 0.0085501 secs] [Times: user=0.02 sys=0.00, real=0.01 secs] 
2014-07-09T15:52:59.336+0200: 86.945: [Full GC [PSYoungGen: 2529K->0K(13824K)] [ParOldGen: 11337K->8681K(16384K)] 13866K->8681K(30208K) [PSPermGen: 2476K->2476K(21504K)], 0.0128803 secs] [Times: user=0.00 sys=0.00, real=0.01 secs] 
2014-07-09T15:52:59.354+0200: 86.964: [GC [PSYoungGen: 11256K->2048K(13824K)] 19937K->10730K(30208K), 0.0020285 secs] [Times: user=0.00 sys=0.00, real=0.00 secs] 
2014-07-09T15:52:59.366+0200: 86.976: [GC [PSYoungGen: 13300K->2529K(13824K)] 21981K->13747K(30208K), 0.0232635 secs] [Times: user=0.02 sys=0.00, real=0.02 secs] 
2014-07-09T15:52:59.389+0200: 86.999: [Full GC [PSYoungGen: 2529K->0K(13824K)] [ParOldGen: 11218K->5547K(16384K)] 13747K->5547K(30208K) [PSPermGen: 2476K->2476K(21504K)], 0.0113075 secs] [Times: user=0.00 sys=0.00, real=0.01 secs] 
2014-07-09T15:52:59.407+0200: 87.017: [GC [PSYoungGen: 11249K->2529K(13824K)] 16797K->13647K(30208K), 0.0073021 secs] [Times: user=0.00 sys=0.00, real=0.01 secs] 
2014-07-09T15:52:59.415+0200: 87.024: [Full GC [PSYoungGen: 2529K->0K(13824K)] [ParOldGen: 11118K->8590K(16384K)] 13647K->8590K(30208K) [PSPermGen: 2476K->2476K(21504K)], 0.0110996 secs] [Times: user=0.00 sys=0.00, real=0.01 secs] 
2014-07-09T15:52:59.435+0200: 87.044: [GC [PSYoungGen: 11251K->2529K(13824K)] 19841K->11535K(30208K), 0.0074267 secs] [Times: user=0.00 sys=0.00, real=0.01 secs] 
2014-07-09T15:52:59.448+0200: 87.058: [GC [PSYoungGen: 13778K->2529K(13824K)] 22784K->15001K(30208K), 0.0057421 secs] [Times: user=0.00 sys=0.00, real=0.01 secs] 
2014-07-09T15:52:59.454+0200: 87.063: [Full GC [PSYoungGen: 2529K->0K(13824K)] [ParOldGen: 12471K->6480K(16384K)] 15001K->6480K(30208K) [PSPermGen: 2476K->2476K(21504K)], 0.0106061 secs] [Times: user=0.02 sys=0.00, real=0.01 secs] 
2014-07-09T15:52:59.482+0200: 87.091: [GC [PSYoungGen: 11262K->192K(13824K)] 17742K->6672K(30208K), 0.0020725 secs] [Times: user=0.00 sys=0.00, real=0.00 secs] 
2014-07-09T15:52:59.558+0200: 87.168: [GC [PSYoungGen: 11450K->1696K(13824K)] 17930K->8185K(30208K), 0.0025957 secs] [Times: user=0.00 sys=0.00, real=0.00 secs] 
2014-07-09T15:52:59.578+0200: 87.188: [GC [PSYoungGen: 12948K->2529K(13824K)] 19436K->11234K(30208K), 0.0094927 secs] [Times: user=0.00 sys=0.00, real=0.01 secs] 
2014-07-09T15:52:59.593+0200: 87.203: [GC [PSYoungGen: 13778K->2529K(13824K)] 22484K->16493K(30208K), 0.0099099 secs] [Times: user=0.02 sys=0.00, real=0.01 secs] 
2014-07-09T15:52:59.603+0200: 87.213: [Full GC [PSYoungGen: 2529K->0K(13824K)] [ParOldGen: 13963K->8279K(16384K)] 16493K->8279K(30208K) [PSPermGen: 2476K->2476K(21504K)], 0.0105654 secs] [Times: user=0.00 sys=0.00, real=0.01 secs] 
2014-07-09T15:52:59.679+0200: 87.288: [GC [PSYoungGen: 11251K->2529K(13824K)] 19531K->10936K(30208K), 0.0027706 secs] [Times: user=0.00 sys=0.00, real=0.00 secs] 
2014-07-09T15:52:59.691+0200: 87.301: [GC [PSYoungGen: 13778K->2529K(13824K)] 22186K->14114K(30208K), 0.0077325 secs] [Times: user=0.03 sys=0.00, real=0.01 secs] 
2014-07-09T15:52:59.699+0200: 87.309: [Full GC [PSYoungGen: 2529K->0K(13824K)] [ParOldGen: 11585K->6167K(16384K)] 14114K->6167K(30208K) [PSPermGen: 2476K->2476K(21504K)], 0.0212925 secs] [Times: user=0.02 sys=0.00, real=0.02 secs] 
2014-07-09T15:52:59.730+0200: 87.340: [GC [PSYoungGen: 11254K->2529K(13824K)] 17422K->13883K(30208K), 0.0058176 secs] [Times: user=0.00 sys=0.00, real=0.01 secs] 
2014-07-09T15:52:59.736+0200: 87.346: [Full GC [PSYoungGen: 2529K->0K(13824K)] [ParOldGen: 11354K->8186K(16384K)] 13883K->8186K(30208K) [PSPermGen: 2476K->2476K(21504K)], 0.0109925 secs] [Times: user=0.01 sys=0.00, real=0.01 secs] 
2014-07-09T15:52:59.781+0200: 87.390: [GC [PSYoungGen: 11251K->2529K(13824K)] 19437K->10747K(30208K), 0.0019072 secs] [Times: user=0.00 sys=0.00, real=0.00 secs] 
2014-07-09T15:52:59.828+0200: 87.438: [GC [PSYoungGen: 13778K->2529K(13824K)] 21996K->13828K(30208K), 0.0041583 secs] [Times: user=0.00 sys=0.00, real=0.00 secs] 
2014-07-09T15:52:59.832+0200: 87.442: [Full GC [PSYoungGen: 2529K->0K(13824K)] [ParOldGen: 11299K->6074K(16384K)] 13828K->6074K(30208K) [PSPermGen: 2476K->2476K(21504K)], 0.0087840 secs] [Times: user=0.03 sys=0.00, real=0.01 secs] 
2014-07-09T15:52:59.880+0200: 87.490: [GC [PSYoungGen: 11251K->448K(13824K)] 17325K->6522K(30208K), 0.0007846 secs] [Times: user=0.00 sys=0.00, real=0.00 secs] 
2014-07-09T15:52:59.929+0200: 87.539: [GC [PSYoungGen: 11697K->2529K(13824K)] 17771K->9571K(30208K), 0.0041773 secs] [Times: user=0.00 sys=0.00, real=0.00 secs] 
2014-07-09T15:52:59.981+0200: 87.590: [GC [PSYoungGen: 13780K->2529K(13824K)] 20823K->13549K(30208K), 0.0081791 secs] [Times: user=0.00 sys=0.00, real=0.01 secs] 
2014-07-09T15:52:59.989+0200: 87.599: [Full GC [PSYoungGen: 2529K->0K(13824K)] [ParOldGen: 11020K->7003K(16384K)] 13549K->7003K(30208K) [PSPermGen: 2476K->2476K(21504K)], 0.0137719 secs] [Times: user=0.03 sys=0.00, real=0.01 secs] 
2014-07-09T15:53:00.008+0200: 87.618: [GC [PSYoungGen: 11258K->1088K(13824K)] 18262K->8091K(30208K), 0.0014108 secs] [Times: user=0.00 sys=0.00, real=0.00 secs] 
2014-07-09T15:53:00.078+0200: 87.688: [GC [PSYoungGen: 12339K->2529K(13824K)] 19343K->9861K(30208K), 0.0082139 secs] [Times: user=0.02 sys=0.00, real=0.01 secs] 
2014-07-09T15:53:00.092+0200: 87.701: [GC [PSYoungGen: 13778K->2529K(13824K)] 21110K->13262K(30208K), 0.0046382 secs] [Times: user=0.00 sys=0.00, real=0.00 secs] 
2014-07-09T15:53:00.096+0200: 87.706: [Full GC [PSYoungGen: 2529K->0K(13824K)] [ParOldGen: 10733K->6397K(16384K)] 13262K->6397K(30208K) [PSPermGen: 2476K->2476K(21504K)], 0.0109383 secs] [Times: user=0.02 sys=0.00, real=0.01 secs] 
2014-07-09T15:53:00.177+0200: 87.787: [GC [PSYoungGen: 11251K->768K(13824K)] 17649K->7165K(30208K), 0.0016179 secs] [Times: user=0.01 sys=0.00, real=0.00 secs] 
2014-07-09T15:53:00.187+0200: 87.797: [GC [PSYoungGen: 12017K->2529K(13824K)] 18415K->10215K(30208K), 0.0051786 secs] [Times: user=0.00 sys=0.00, real=0.00 secs] 
2014-07-09T15:53:00.233+0200: 87.843: [GC [PSYoungGen: 13780K->2529K(13824K)] 21466K->14545K(30208K), 0.0081127 secs] [Times: user=0.01 sys=0.00, real=0.01 secs] 
2014-07-09T15:53:00.241+0200: 87.851: [Full GC [PSYoungGen: 2529K->0K(13824K)] [ParOldGen: 12016K->7326K(16384K)] 14545K->7326K(30208K) [PSPermGen: 2476K->2476K(21504K)], 0.0199349 secs] [Times: user=0.02 sys=0.00, real=0.02 secs] 
2014-07-09T15:53:00.280+0200: 87.890: [GC [PSYoungGen: 11260K->160K(13824K)] 18586K->7486K(30208K), 0.0006779 secs] [Times: user=0.00 sys=0.00, real=0.00 secs] 
2014-07-09T15:53:00.331+0200: 87.940: [GC [PSYoungGen: 11409K->2529K(13824K)] 18735K->10503K(30208K), 0.0052963 secs] [Times: user=0.02 sys=0.00, real=0.00 secs] 
2014-07-09T15:53:00.378+0200: 87.988: [GC [PSYoungGen: 13780K->2529K(13824K)] 21755K->14225K(30208K), 0.0049014 secs] [Times: user=0.03 sys=0.00, real=0.00 secs] 
2014-07-09T15:53:00.383+0200: 87.993: [Full GC [PSYoungGen: 2529K->0K(13824K)] [ParOldGen: 11696K->6718K(16384K)] 14225K->6718K(30208K) [PSPermGen: 2476K->2476K(21504K)], 0.0089878 secs] [Times: user=0.00 sys=0.00, real=0.01 secs] 
2014-07-09T15:53:00.427+0200: 88.037: [GC [PSYoungGen: 11249K->1088K(13824K)] 17968K->7807K(30208K), 0.0007838 secs] [Times: user=0.03 sys=0.00, real=0.00 secs] 
2014-07-09T15:53:00.479+0200: 88.089: [GC [PSYoungGen: 12337K->2529K(13824K)] 19056K->10856K(30208K), 0.0045971 secs] [Times: user=0.00 sys=0.00, real=0.00 secs] 
2014-07-09T15:53:00.494+0200: 88.104: [GC [PSYoungGen: 13778K->2529K(13824K)] 22106K->15507K(30208K), 0.0088558 secs] [Times: user=0.00 sys=0.00, real=0.01 secs] 
2014-07-09T15:53:00.503+0200: 88.113: [Full GC [PSYoungGen: 2529K->0K(13824K)] [ParOldGen: 12977K->7647K(16384K)] 15507K->7647K(30208K) [PSPermGen: 2476K->2476K(21504K)], 0.0242640 secs] [Times: user=0.05 sys=0.00, real=0.02 secs] 
2014-07-09T15:53:00.577+0200: 88.187: [GC [PSYoungGen: 11233K->320K(13824K)] 18880K->7967K(30208K), 0.0006225 secs] [Times: user=0.00 sys=0.00, real=0.00 secs] 
2014-07-09T15:53:00.582+0200: 88.192: [GC [PSYoungGen: 11569K->2529K(13824K)] 19216K->11016K(30208K), 0.0026459 secs] [Times: user=0.03 sys=0.00, real=0.00 secs] 
2014-07-09T15:53:00.631+0200: 88.241: [GC [PSYoungGen: 13780K->2529K(13824K)] 22268K->14898K(30208K), 0.0082216 secs] [Times: user=0.00 sys=0.00, real=0.01 secs] 
2014-07-09T15:53:00.640+0200: 88.250: [Full GC [PSYoungGen: 2529K->0K(13824K)] [ParOldGen: 12369K->6880K(16384K)] 14898K->6880K(30208K) [PSPermGen: 2476K->2476K(21504K)], 0.0145345 secs] [Times: user=0.02 sys=0.00, real=0.01 secs] 
2014-07-09T15:53:00.681+0200: 88.290: [GC [PSYoungGen: 11249K->1248K(13824K)] 18130K->8129K(30208K), 0.0012443 secs] [Times: user=0.00 sys=0.00, real=0.00 secs] 
2014-07-09T15:53:00.728+0200: 88.338: [GC [PSYoungGen: 12500K->2529K(13824K)] 19380K->11178K(30208K), 0.0030500 secs] [Times: user=0.00 sys=0.00, real=0.00 secs] 
2014-07-09T15:53:00.780+0200: 88.390: [GC [PSYoungGen: 13784K->2529K(13824K)] 22433K->14964K(30208K), 0.0083737 secs] [Times: user=0.03 sys=0.00, real=0.01 secs] 
2014-07-09T15:53:00.789+0200: 88.399: [Full GC [PSYoungGen: 2529K->0K(13824K)] [ParOldGen: 12435K->6785K(16384K)] 14964K->6785K(30208K) [PSPermGen: 2476K->2476K(21504K)], 0.0158089 secs] [Times: user=0.03 sys=0.00, real=0.02 secs] 
2014-07-09T15:53:00.827+0200: 88.437: [GC [PSYoungGen: 11249K->1152K(13824K)] 18034K->7937K(30208K), 0.0009287 secs] [Times: user=0.00 sys=0.00, real=0.00 secs] 
2014-07-09T15:53:00.879+0200: 88.489: [GC [PSYoungGen: 12404K->2529K(13824K)] 19189K->10987K(30208K), 0.0031471 secs] [Times: user=0.03 sys=0.00, real=0.00 secs] 
2014-07-09T15:53:00.887+0200: 88.497: [GC [PSYoungGen: 13778K->2529K(13824K)] 22236K->15669K(30208K), 0.0088390 secs] [Times: user=0.02 sys=0.00, real=0.01 secs] 
2014-07-09T15:53:00.896+0200: 88.506: [Full GC [PSYoungGen: 2529K->0K(13824K)] [ParOldGen: 13140K->7713K(16384K)] 15669K->7713K(30208K) [PSPermGen: 2476K->2476K(21504K)], 0.0106776 secs] [Times: user=0.00 sys=0.00, real=0.01 secs] 
2014-07-09T15:53:00.978+0200: 88.588: [GC [PSYoungGen: 11249K->2080K(13824K)] 18963K->9794K(30208K), 0.0024161 secs] [Times: user=0.00 sys=0.00, real=0.00 secs] 
2014-07-09T15:53:00.990+0200: 88.600: [GC [PSYoungGen: 13313K->2529K(13824K)] 21027K->10763K(30208K), 0.0041469 secs] [Times: user=0.00 sys=0.00, real=0.00 secs] 
2014-07-09T15:53:01.029+0200: 88.639: [GC [PSYoungGen: 13778K->2529K(13824K)] 22012K->14324K(30208K), 0.0048908 secs] [Times: user=0.00 sys=0.00, real=0.00 secs] 
2014-07-09T15:53:01.034+0200: 88.644: [Full GC [PSYoungGen: 2529K->0K(13824K)] [ParOldGen: 11795K->6562K(16384K)] 14324K->6562K(30208K) [PSPermGen: 2476K->2476K(21504K)], 0.0509320 secs] [Times: user=0.05 sys=0.00, real=0.05 secs] 
2014-07-09T15:53:01.090+0200: 88.700: [GC [PSYoungGen: 11251K->896K(13824K)] 17814K->7459K(30208K), 0.0179141 secs] [Times: user=0.02 sys=0.00, real=0.02 secs] 
2014-07-09T15:53:01.128+0200: 88.737: [GC [PSYoungGen: 12145K->2529K(13824K)] 18708K->10540K(30208K), 0.0040120 secs] [Times: user=0.01 sys=0.00, real=0.00 secs] 
2014-07-09T15:53:01.179+0200: 88.789: [GC [PSYoungGen: 13780K->2529K(13824K)] 21792K->15030K(30208K), 0.0049821 secs] [Times: user=0.00 sys=0.00, real=0.01 secs] 
2014-07-09T15:53:01.184+0200: 88.794: [Full GC [PSYoungGen: 2529K->0K(13824K)] [ParOldGen: 12501K->7491K(16384K)] 15030K->7491K(30208K) [PSPermGen: 2476K->2476K(21504K)], 0.0101049 secs] [Times: user=0.03 sys=0.00, real=0.01 secs] 
2014-07-09T15:53:01.227+0200: 88.837: [GC [PSYoungGen: 11249K->1856K(13824K)] 18740K->9348K(30208K), 0.0009591 secs] [Times: user=0.00 sys=0.00, real=0.00 secs] 
2014-07-09T15:53:01.279+0200: 88.889: [GC [PSYoungGen: 13111K->2529K(13824K)] 20603K->11373K(30208K), 0.0046063 secs] [Times: user=0.00 sys=0.00, real=0.00 secs] 
2014-07-09T15:53:01.295+0200: 88.905: [GC [PSYoungGen: 13780K->2529K(13824K)] 22624K->15767K(30208K), 0.0091539 secs] [Times: user=0.03 sys=0.00, real=0.01 secs] 
2014-07-09T15:53:01.304+0200: 88.914: [Full GC [PSYoungGen: 2529K->0K(13824K)] [ParOldGen: 13238K->7395K(16384K)] 15767K->7395K(30208K) [PSPermGen: 2476K->2476K(21504K)], 0.0380242 secs] [Times: user=0.02 sys=0.00, real=0.04 secs] 
2014-07-09T15:53:01.377+0200: 88.987: [GC [PSYoungGen: 11249K->1760K(13824K)] 18645K->9156K(30208K), 0.0008806 secs] [Times: user=0.00 sys=0.00, real=0.00 secs] 
2014-07-09T15:53:01.383+0200: 88.993: [GC [PSYoungGen: 13012K->2529K(13824K)] 20408K->12206K(30208K), 0.0037396 secs] [Times: user=0.00 sys=0.00, real=0.00 secs] 
2014-07-09T15:53:01.430+0200: 89.040: [GC [PSYoungGen: 13778K->2529K(13824K)] 23455K->17528K(30208K), 0.0052376 secs] [Times: user=0.00 sys=0.00, real=0.00 secs] 
2014-07-09T15:53:01.435+0200: 89.045: [Full GC [PSYoungGen: 2529K->0K(13824K)] [ParOldGen: 14999K->8324K(16384K)] 17528K->8324K(30208K) [PSPermGen: 2476K->2476K(21504K)], 0.0115527 secs] [Times: user=0.03 sys=0.00, real=0.01 secs] 
2014-07-09T15:53:01.481+0200: 89.090: [GC [PSYoungGen: 11251K->2529K(13824K)] 19575K->11013K(30208K), 0.0019827 secs] [Times: user=0.00 sys=0.00, real=0.00 secs] 
2014-07-09T15:53:01.529+0200: 89.139: [GC [PSYoungGen: 13761K->2529K(13824K)] 22246K->12526K(30208K), 0.0047614 secs] [Times: user=0.00 sys=0.00, real=0.00 secs] 
2014-07-09T15:53:01.582+0200: 89.192: [GC [PSYoungGen: 13780K->2529K(13824K)] 23777K->17080K(30208K), 0.0090667 secs] [Times: user=0.03 sys=0.00, real=0.01 secs] 
2014-07-09T15:53:01.591+0200: 89.201: [Full GC [PSYoungGen: 2529K->0K(13824K)] [ParOldGen: 14551K->7557K(16384K)] 17080K->7557K(30208K) [PSPermGen: 2476K->2476K(21504K)], 0.0202036 secs] [Times: user=0.03 sys=0.00, real=0.02 secs] 
2014-07-09T15:53:01.628+0200: 89.238: [GC [PSYoungGen: 11249K->1920K(13824K)] 18806K->9478K(30208K), 0.0023185 secs] [Times: user=0.03 sys=0.00, real=0.00 secs] 
2014-07-09T15:53:01.679+0200: 89.289: [GC [PSYoungGen: 13172K->2529K(13824K)] 20729K->12527K(30208K), 0.0061252 secs] [Times: user=0.00 sys=0.00, real=0.01 secs] 
2014-07-09T15:53:01.695+0200: 89.304: [GC [PSYoungGen: 13778K->2529K(13824K)] 23777K->18010K(30208K), 0.0073787 secs] [Times: user=0.00 sys=0.00, real=0.01 secs] 
2014-07-09T15:53:01.702+0200: 89.312: [Full GC [PSYoungGen: 2529K->0K(13824K)] [ParOldGen: 15481K->8485K(16384K)] 18010K->8485K(30208K) [PSPermGen: 2476K->2476K(21504K)], 0.0138980 secs] [Times: user=0.02 sys=0.00, real=0.01 secs] 
2014-07-09T15:53:01.778+0200: 89.388: [GC [PSYoungGen: 11260K->1312K(13824K)] 19746K->9798K(30208K), 0.0022067 secs] [Times: user=0.00 sys=0.00, real=0.00 secs] 
2014-07-09T15:53:01.789+0200: 89.398: [GC [PSYoungGen: 12564K->2529K(13824K)] 21050K->12848K(30208K), 0.0035526 secs] [Times: user=0.00 sys=0.00, real=0.00 secs] 
2014-07-09T15:53:01.792+0200: 89.402: [Full GC [PSYoungGen: 2529K->0K(13824K)] [ParOldGen: 10318K->4837K(16384K)] 12848K->4837K(30208K) [PSPermGen: 2476K->2476K(21504K)], 0.0113786 secs] [Times: user=0.02 sys=0.00, real=0.01 secs] 
2014-07-09T15:53:01.829+0200: 89.439: [GC [PSYoungGen: 11249K->2529K(13824K)] 16086K->12232K(30208K), 0.0057183 secs] [Times: user=0.03 sys=0.00, real=0.01 secs] 
2014-07-09T15:53:01.835+0200: 89.444: [Full GC [PSYoungGen: 2529K->0K(13824K)] [ParOldGen: 9703K->7878K(16384K)] 12232K->7878K(30208K) [PSPermGen: 2476K->2476K(21504K)], 0.0091843 secs] [Times: user=0.00 sys=0.00, real=0.01 secs] 
2014-07-09T15:53:01.884+0200: 89.494: [GC [PSYoungGen: 11251K->2241K(13824K)] 19130K->10119K(30208K), 0.0031841 secs] [Times: user=0.00 sys=0.00, real=0.00 secs] 
2014-07-09T15:53:01.928+0200: 89.538: [GC [PSYoungGen: 13490K->2529K(13824K)] 21369K->13169K(30208K), 0.0041480 secs] [Times: user=0.00 sys=0.00, real=0.00 secs] 
2014-07-09T15:53:01.933+0200: 89.542: [Full GC [PSYoungGen: 2529K->0K(13824K)] [ParOldGen: 10640K->5765K(16384K)] 13169K->5765K(30208K) [PSPermGen: 2476K->2476K(21504K)], 0.0091792 secs] [Times: user=0.03 sys=0.00, real=0.01 secs] 
2014-07-09T15:53:01.980+0200: 89.590: [GC [PSYoungGen: 11263K->128K(13824K)] 17029K->5893K(30208K), 0.0006178 secs] [Times: user=0.00 sys=0.00, real=0.00 secs] 
2014-07-09T15:53:02.028+0200: 89.638: [GC [PSYoungGen: 11374K->1632K(13824K)] 17140K->7406K(30208K), 0.0020010 secs] [Times: user=0.00 sys=0.00, real=0.00 secs] 
2014-07-09T15:53:02.084+0200: 89.694: [GC [PSYoungGen: 12884K->2529K(13824K)] 18658K->10424K(30208K), 0.0461109 secs] [Times: user=0.03 sys=0.00, real=0.05 secs] 
2014-07-09T15:53:02.136+0200: 89.745: [GC [PSYoungGen: 13778K->2529K(13824K)] 21673K->15618K(30208K), 0.0060009 secs] [Times: user=0.00 sys=0.00, real=0.01 secs] 
2014-07-09T15:53:02.142+0200: 89.752: [Full GC [PSYoungGen: 2529K->0K(13824K)] [ParOldGen: 13089K->8200K(16384K)] 15618K->8200K(30208K) [PSPermGen: 2476K->2476K(21504K)], 0.0132304 secs] [Times: user=0.03 sys=0.00, real=0.01 secs] 
2014-07-09T15:53:02.177+0200: 89.787: [GC [PSYoungGen: 11251K->2529K(13824K)] 19451K->10761K(30208K), 0.0011673 secs] [Times: user=0.00 sys=0.00, real=0.00 secs] 
2014-07-09T15:53:02.184+0200: 89.794: [GC [PSYoungGen: 13778K->2529K(13824K)] 22010K->13842K(30208K), 0.0042833 secs] [Times: user=0.00 sys=0.00, real=0.00 secs] 
2014-07-09T15:53:02.188+0200: 89.798: [Full GC [PSYoungGen: 2529K->0K(13824K)] [ParOldGen: 11313K->6087K(16384K)] 13842K->6087K(30208K) [PSPermGen: 2476K->2476K(21504K)], 0.0088280 secs] [Times: user=0.02 sys=0.00, real=0.01 secs] 
2014-07-09T15:53:02.230+0200: 89.840: [GC [PSYoungGen: 11254K->2529K(13824K)] 17342K->13706K(30208K), 0.0059140 secs] [Times: user=0.00 sys=0.00, real=0.01 secs] 
2014-07-09T15:53:02.236+0200: 89.846: [Full GC [PSYoungGen: 2529K->0K(13824K)] [ParOldGen: 11177K->8104K(16384K)] 13706K->8104K(30208K) [PSPermGen: 2476K->2476K(21504K)], 0.0097929 secs] [Times: user=0.03 sys=0.00, real=0.01 secs] 
2014-07-09T15:53:02.281+0200: 89.891: [GC [PSYoungGen: 11251K->2465K(13824K)] 19356K->10569K(30208K), 0.0018060 secs] [Times: user=0.00 sys=0.00, real=0.00 secs] 
2014-07-09T15:53:02.329+0200: 89.939: [GC [PSYoungGen: 13714K->2529K(13824K)] 21819K->13619K(30208K), 0.0045788 secs] [Times: user=0.03 sys=0.00, real=0.00 secs] 
2014-07-09T15:53:02.333+0200: 89.943: [Full GC [PSYoungGen: 2529K->0K(13824K)] [ParOldGen: 11090K->5991K(16384K)] 13619K->5991K(30208K) [PSPermGen: 2476K->2476K(21504K)], 0.0089222 secs] [Times: user=0.00 sys=0.00, real=0.01 secs] 
2014-07-09T15:53:02.380+0200: 89.990: [GC [PSYoungGen: 11251K->352K(13824K)] 17243K->6343K(30208K), 0.0007578 secs] [Times: user=0.00 sys=0.00, real=0.00 secs] 
2014-07-09T15:53:02.429+0200: 90.039: [GC [PSYoungGen: 11601K->2529K(13824K)] 17593K->9393K(30208K), 0.0042316 secs] [Times: user=0.00 sys=0.00, real=0.00 secs] 
2014-07-09T15:53:02.485+0200: 90.095: [GC [PSYoungGen: 13780K->2529K(13824K)] 20644K->13275K(30208K), 0.0214271 secs] [Times: user=0.03 sys=0.00, real=0.02 secs] 
2014-07-09T15:53:02.507+0200: 90.117: [Full GC [PSYoungGen: 2529K->0K(13824K)] [ParOldGen: 10745K->6920K(16384K)] 13275K->6920K(30208K) [PSPermGen: 2476K->2476K(21504K)], 0.0179746 secs] [Times: user=0.00 sys=0.00, real=0.02 secs] 
2014-07-09T15:53:02.532+0200: 90.142: [GC [PSYoungGen: 11263K->768K(13824K)] 18183K->7688K(30208K), 0.0009892 secs] [Times: user=0.00 sys=0.00, real=0.00 secs] 
2014-07-09T15:53:02.577+0200: 90.187: [GC [PSYoungGen: 12025K->2113K(13824K)] 18945K->9041K(30208K), 0.0116015 secs] [Times: user=0.00 sys=0.00, real=0.01 secs] 
2014-07-09T15:53:02.594+0200: 90.204: [GC [PSYoungGen: 13362K->2529K(13824K)] 20290K->12122K(30208K), 0.0097141 secs] [Times: user=0.03 sys=0.00, real=0.01 secs] 
2014-07-09T15:53:02.630+0200: 90.240: [GC [PSYoungGen: 13778K->2529K(13824K)] 23371K->17829K(30208K), 0.0058139 secs] [Times: user=0.00 sys=0.00, real=0.01 secs] 
2014-07-09T15:53:02.636+0200: 90.246: [Full GC [PSYoungGen: 2529K->0K(13824K)] [ParOldGen: 15300K->8716K(16384K)] 17829K->8716K(30208K) [PSPermGen: 2476K->2476K(21504K)], 0.0116943 secs] [Times: user=0.03 sys=0.00, real=0.01 secs] 
2014-07-09T15:53:02.681+0200: 90.291: [GC [PSYoungGen: 11252K->2529K(13824K)] 19968K->11789K(30208K), 0.0020769 secs] [Times: user=0.00 sys=0.00, real=0.00 secs] 
2014-07-09T15:53:02.729+0200: 90.339: [GC [PSYoungGen: 13778K->2529K(13824K)] 23039K->15351K(30208K), 0.0069307 secs] [Times: user=0.00 sys=0.00, real=0.01 secs] 
2014-07-09T15:53:02.736+0200: 90.346: [Full GC [PSYoungGen: 2529K->0K(13824K)] [ParOldGen: 12822K->6603K(16384K)] 15351K->6603K(30208K) [PSPermGen: 2476K->2476K(21504K)], 0.0116767 secs] [Times: user=0.02 sys=0.00, real=0.01 secs] 
2014-07-09T15:53:02.780+0200: 90.390: [GC [PSYoungGen: 11254K->2529K(13824K)] 17858K->14711K(30208K), 0.0061597 secs] [Times: user=0.00 sys=0.02, real=0.01 secs] 
2014-07-09T15:53:02.786+0200: 90.396: [Full GC [PSYoungGen: 2529K->0K(13824K)] [ParOldGen: 12181K->8620K(16384K)] 14711K->8620K(30208K) [PSPermGen: 2476K->2476K(21504K)], 0.0123073 secs] [Times: user=0.01 sys=0.00, real=0.01 secs] 
2014-07-09T15:53:02.827+0200: 90.437: [Full GC [PSYoungGen: 11251K->0K(13824K)] [ParOldGen: 8620K->3466K(16384K)] 19872K->3466K(30208K) [PSPermGen: 2476K->2476K(21504K)], 0.0096840 secs] [Times: user=0.02 sys=0.00, real=0.01 secs] 
2014-07-09T15:53:02.879+0200: 90.489: [GC [PSYoungGen: 11249K->2529K(13824K)] 14715K->9485K(30208K), 0.0049725 secs] [Times: user=0.00 sys=0.00, real=0.01 secs] 
2014-07-09T15:53:02.927+0200: 90.537: [GC [PSYoungGen: 13780K->864K(13824K)] 20736K->7828K(30208K), 0.0008253 secs] [Times: user=0.00 sys=0.00, real=0.00 secs] 
2014-07-09T15:53:02.978+0200: 90.588: [GC [PSYoungGen: 12113K->2529K(13824K)] 19077K->10877K(30208K), 0.0027567 secs] [Times: user=0.00 sys=0.00, real=0.00 secs] 
2014-07-09T15:53:02.986+0200: 90.596: [GC [PSYoungGen: 13789K->2529K(13824K)] 22138K->13735K(30208K), 0.0051566 secs] [Times: user=0.00 sys=0.00, real=0.00 secs] 
2014-07-09T15:53:02.991+0200: 90.601: [Full GC [PSYoungGen: 2529K->0K(13824K)] [ParOldGen: 11205K->5900K(16384K)] 13735K->5900K(30208K) [PSPermGen: 2476K->2476K(21504K)], 0.0142078 secs] [Times: user=0.01 sys=0.00, real=0.01 secs] 
2014-07-09T15:53:03.098+0200: 90.708: [GC [PSYoungGen: 11251K->224K(13824K)] 17151K->6124K(30208K), 0.0058400 secs] [Times: user=0.00 sys=0.00, real=0.00 secs] 
2014-07-09T15:53:03.109+0200: 90.719: [GC [PSYoungGen: 11473K->2529K(13824K)] 17374K->9206K(30208K), 0.0025539 secs] [Times: user=0.03 sys=0.00, real=0.00 secs] 
2014-07-09T15:53:03.133+0200: 90.743: [GC [PSYoungGen: 13780K->2529K(13824K)] 20457K->12991K(30208K), 0.0090377 secs] [Times: user=0.02 sys=0.00, real=0.01 secs] 
2014-07-09T15:53:03.142+0200: 90.752: [Full GC [PSYoungGen: 2529K->0K(13824K)] [ParOldGen: 10462K->6828K(16384K)] 12991K->6828K(30208K) [PSPermGen: 2476K->2476K(21504K)], 0.0110142 secs] [Times: user=0.00 sys=0.00, real=0.01 secs] 
2014-07-09T15:53:03.181+0200: 90.791: [GC [PSYoungGen: 11249K->1184K(13824K)] 18078K->8013K(30208K), 0.0010786 secs] [Times: user=0.00 sys=0.00, real=0.00 secs] 
2014-07-09T15:53:03.229+0200: 90.838: [GC [PSYoungGen: 12436K->2529K(13824K)] 19264K->11062K(30208K), 0.0040703 secs] [Times: user=0.00 sys=0.00, real=0.00 secs] 
2014-07-09T15:53:03.279+0200: 90.888: [GC [PSYoungGen: 13787K->2529K(13824K)] 22321K->14272K(30208K), 0.0044006 secs] [Times: user=0.00 sys=0.00, real=0.00 secs] 
2014-07-09T15:53:03.283+0200: 90.892: [Full GC [PSYoungGen: 2529K->0K(13824K)] [ParOldGen: 11743K->6221K(16384K)] 14272K->6221K(30208K) [PSPermGen: 2476K->2476K(21504K)], 0.0091077 secs] [Times: user=0.03 sys=0.00, real=0.01 secs] 
2014-07-09T15:53:03.327+0200: 90.936: [GC [PSYoungGen: 11251K->576K(13824K)] 17473K->6797K(30208K), 0.0005481 secs] [Times: user=0.00 sys=0.00, real=0.00 secs] 
2014-07-09T15:53:03.378+0200: 90.988: [GC [PSYoungGen: 11825K->2529K(13824K)] 18047K->9847K(30208K), 0.0042074 secs] [Times: user=0.00 sys=0.00, real=0.00 secs] 
2014-07-09T15:53:03.392+0200: 91.001: [GC [PSYoungGen: 13780K->2529K(13824K)] 21098K->13985K(30208K), 0.0089321 secs] [Times: user=0.00 sys=0.00, real=0.01 secs] 
2014-07-09T15:53:03.401+0200: 91.010: [Full GC [PSYoungGen: 2529K->0K(13824K)] [ParOldGen: 11456K->7150K(16384K)] 13985K->7150K(30208K) [PSPermGen: 2476K->2476K(21504K)], 0.0143563 secs] [Times: user=0.02 sys=0.00, real=0.01 secs] 
2014-07-09T15:53:03.478+0200: 91.087: [GC [PSYoungGen: 11249K->1504K(13824K)] 18399K->8654K(30208K), 0.0018819 secs] [Times: user=0.00 sys=0.00, real=0.00 secs] 
2014-07-09T15:53:03.489+0200: 91.098: [GC [PSYoungGen: 12756K->2529K(13824K)] 19906K->11704K(30208K), 0.0063397 secs] [Times: user=0.00 sys=0.00, real=0.01 secs] 
2014-07-09T15:53:03.530+0200: 91.139: [GC [PSYoungGen: 13761K->2529K(13824K)] 22936K->15074K(30208K), 0.0080452 secs] [Times: user=0.03 sys=0.00, real=0.01 secs] 
2014-07-09T15:53:03.539+0200: 91.148: [Full GC [PSYoungGen: 2529K->0K(13824K)] [ParOldGen: 12544K->6383K(16384K)] 15074K->6383K(30208K) [PSPermGen: 2476K->2476K(21504K)], 0.0213695 secs] [Times: user=0.01 sys=0.00, real=0.02 secs] 
2014-07-09T15:53:03.580+0200: 91.189: [GC [PSYoungGen: 11251K->736K(13824K)] 17634K->7119K(30208K), 0.0013151 secs] [Times: user=0.00 sys=0.00, real=0.00 secs] 
2014-07-09T15:53:03.628+0200: 91.237: [GC [PSYoungGen: 11985K->2529K(13824K)] 18369K->10169K(30208K), 0.0025532 secs] [Times: user=0.00 sys=0.00, real=0.00 secs] 
2014-07-09T15:53:03.680+0200: 91.289: [GC [PSYoungGen: 13780K->2529K(13824K)] 21420K->14467K(30208K), 0.0087785 secs] [Times: user=0.01 sys=0.00, real=0.01 secs] 
2014-07-09T15:53:03.689+0200: 91.298: [Full GC [PSYoungGen: 2529K->0K(13824K)] [ParOldGen: 11938K->7311K(16384K)] 14467K->7311K(30208K) [PSPermGen: 2476K->2476K(21504K)], 0.0219253 secs] [Times: user=0.02 sys=0.00, real=0.02 secs] 
2014-07-09T15:53:03.728+0200: 91.337: [GC [PSYoungGen: 11249K->1664K(13824K)] 18561K->8976K(30208K), 0.0012102 secs] [Times: user=0.00 sys=0.00, real=0.00 secs] 
2014-07-09T15:53:03.779+0200: 91.388: [GC [PSYoungGen: 12919K->2529K(13824K)] 20231K->11001K(30208K), 0.0041443 secs] [Times: user=0.02 sys=0.00, real=0.00 secs] 
2014-07-09T15:53:03.792+0200: 91.401: [GC [PSYoungGen: 13780K->2529K(13824K)] 22253K->15203K(30208K), 0.0079708 secs] [Times: user=0.03 sys=0.00, real=0.01 secs] 
2014-07-09T15:53:03.800+0200: 91.409: [Full GC [PSYoungGen: 2529K->0K(13824K)] [ParOldGen: 12674K->7216K(16384K)] 15203K->7216K(30208K) [PSPermGen: 2476K->2476K(21504K)], 0.0127402 secs] [Times: user=0.00 sys=0.00, real=0.01 secs] 
2014-07-09T15:53:03.878+0200: 91.487: [GC [PSYoungGen: 11249K->1568K(13824K)] 18465K->8785K(30208K), 0.0018500 secs] [Times: user=0.00 sys=0.00, real=0.00 secs] 
2014-07-09T15:53:03.888+0200: 91.497: [GC [PSYoungGen: 12820K->2529K(13824K)] 20036K->11834K(30208K), 0.0041355 secs] [Times: user=0.02 sys=0.00, real=0.00 secs] 
2014-07-09T15:53:03.929+0200: 91.538: [GC [PSYoungGen: 13778K->2529K(13824K)] 23084K->16965K(30208K), 0.0060284 secs] [Times: user=0.00 sys=0.00, real=0.01 secs] 
2014-07-09T15:53:03.936+0200: 91.545: [Full GC [PSYoungGen: 2529K->0K(13824K)] [ParOldGen: 14435K->8144K(16384K)] 16965K->8144K(30208K) [PSPermGen: 2476K->2476K(21504K)], 0.0156263 secs] [Times: user=0.03 sys=0.00, real=0.01 secs] 
2014-07-09T15:53:03.981+0200: 91.590: [GC [PSYoungGen: 11260K->960K(13824K)] 19405K->9105K(30208K), 0.0011959 secs] [Times: user=0.00 sys=0.00, real=0.00 secs] 
2014-07-09T15:53:04.028+0200: 91.637: [GC [PSYoungGen: 12215K->2529K(13824K)] 20360K->11642K(30208K), 0.0019900 secs] [Times: user=0.00 sys=0.00, real=0.00 secs] 
2014-07-09T15:53:04.080+0200: 91.689: [GC [PSYoungGen: 13780K->2529K(13824K)] 22894K->15652K(30208K), 0.0088192 secs] [Times: user=0.00 sys=0.00, real=0.01 secs] 
2014-07-09T15:53:04.089+0200: 91.698: [Full GC [PSYoungGen: 2529K->0K(13824K)] [ParOldGen: 13123K->7026K(16384K)] 15652K->7026K(30208K) [PSPermGen: 2476K->2476K(21504K)], 0.0126603 secs] [Times: user=0.01 sys=0.00, real=0.01 secs] 
2014-07-09T15:53:04.128+0200: 91.737: [GC [PSYoungGen: 11249K->1344K(13824K)] 18275K->8370K(30208K), 0.0026254 secs] [Times: user=0.00 sys=0.00, real=0.00 secs] 
2014-07-09T15:53:04.178+0200: 91.787: [GC [PSYoungGen: 12596K->2529K(13824K)] 19622K->11420K(30208K), 0.0038518 secs] [Times: user=0.00 sys=0.00, real=0.00 secs] 
2014-07-09T15:53:04.188+0200: 91.797: [GC [PSYoungGen: 13778K->2529K(13824K)] 22669K->16358K(30208K), 0.0053604 secs] [Times: user=0.02 sys=0.00, real=0.01 secs] 
2014-07-09T15:53:04.194+0200: 91.803: [Full GC [PSYoungGen: 2529K->0K(13824K)] [ParOldGen: 13829K->7954K(16384K)] 16358K->7954K(30208K) [PSPermGen: 2476K->2476K(21504K)], 0.0098270 secs] [Times: user=0.02 sys=0.00, real=0.01 secs] 
2014-07-09T15:53:04.277+0200: 91.886: [GC [PSYoungGen: 11254K->1280K(13824K)] 19209K->9235K(30208K), 0.0012953 secs] [Times: user=0.00 sys=0.00, real=0.00 secs] 
2014-07-09T15:53:04.287+0200: 91.896: [GC [PSYoungGen: 12532K->2529K(13824K)] 20486K->12284K(30208K), 0.0060284 secs] [Times: user=0.00 sys=0.00, real=0.01 secs] 
2014-07-09T15:53:04.330+0200: 91.939: [GC [PSYoungGen: 13778K->2529K(13824K)] 23534K->17126K(30208K), 0.0057641 secs] [Times: user=0.00 sys=0.00, real=0.01 secs] 
2014-07-09T15:53:04.336+0200: 91.945: [Full GC [PSYoungGen: 2529K->0K(13824K)] [ParOldGen: 14597K->7859K(16384K)] 17126K->7859K(30208K) [PSPermGen: 2476K->2476K(21504K)], 0.0475425 secs] [Times: user=0.03 sys=0.00, real=0.05 secs] 
2014-07-09T15:53:04.389+0200: 91.998: [GC [PSYoungGen: 11251K->2209K(13824K)] 19110K->10068K(30208K), 0.0016150 secs] [Times: user=0.02 sys=0.00, real=0.00 secs] 
2014-07-09T15:53:04.429+0200: 92.038: [GC [PSYoungGen: 13458K->2529K(13824K)] 21317K->13117K(30208K), 0.0068929 secs] [Times: user=0.00 sys=0.00, real=0.01 secs] 
2014-07-09T15:53:04.436+0200: 92.045: [Full GC [PSYoungGen: 2529K->0K(13824K)] [ParOldGen: 10588K->5746K(16384K)] 13117K->5746K(30208K) [PSPermGen: 2476K->2476K(21504K)], 0.0220155 secs] [Times: user=0.06 sys=0.00, real=0.02 secs] 
2014-07-09T15:53:04.480+0200: 92.089: [GC [PSYoungGen: 11251K->64K(13824K)] 16997K->5810K(30208K), 0.0006783 secs] [Times: user=0.00 sys=0.00, real=0.00 secs] 
2014-07-09T15:53:04.528+0200: 92.137: [GC [PSYoungGen: 11327K->1472K(13824K)] 17073K->7226K(30208K), 0.0018430 secs] [Times: user=0.00 sys=0.00, real=0.00 secs] 
2014-07-09T15:53:04.578+0200: 92.187: [GC [PSYoungGen: 12724K->2529K(13824K)] 18478K->10276K(30208K), 0.0034159 secs] [Times: user=0.03 sys=0.00, real=0.00 secs] 
2014-07-09T15:53:04.587+0200: 92.196: [GC [PSYoungGen: 13778K->2529K(13824K)] 21525K->15310K(30208K), 0.0063049 secs] [Times: user=0.02 sys=0.00, real=0.01 secs] 
2014-07-09T15:53:04.594+0200: 92.203: [Full GC [PSYoungGen: 2529K->0K(13824K)] [ParOldGen: 12781K->8052K(16384K)] 15310K->8052K(30208K) [PSPermGen: 2476K->2476K(21504K)], 0.0135516 secs] [Times: user=0.00 sys=0.00, real=0.01 secs] 
2014-07-09T15:53:04.685+0200: 92.294: [GC [PSYoungGen: 11251K->2369K(13824K)] 19304K->10421K(30208K), 0.0084885 secs] [Times: user=0.02 sys=0.00, real=0.01 secs] 
2014-07-09T15:53:04.699+0200: 92.308: [GC [PSYoungGen: 13618K->2529K(13824K)] 21671K->13503K(30208K), 0.0044105 secs] [Times: user=0.03 sys=0.00, real=0.01 secs] 
2014-07-09T15:53:04.704+0200: 92.313: [Full GC [PSYoungGen: 2529K->0K(13824K)] [ParOldGen: 10974K->5939K(16384K)] 13503K->5939K(30208K) [PSPermGen: 2476K->2476K(21504K)], 0.0087627 secs] [Times: user=0.00 sys=0.00, real=0.01 secs] 
2014-07-09T15:53:04.730+0200: 92.339: [GC [PSYoungGen: 11259K->320K(13824K)] 17199K->6259K(30208K), 0.0007175 secs] [Times: user=0.00 sys=0.00, real=0.00 secs] 
2014-07-09T15:53:04.784+0200: 92.393: [GC [PSYoungGen: 11570K->1792K(13824K)] 17510K->7740K(30208K), 0.0025623 secs] [Times: user=0.00 sys=0.00, real=0.00 secs] 
2014-07-09T15:53:04.830+0200: 92.439: [GC [PSYoungGen: 13044K->2529K(13824K)] 18992K->10790K(30208K), 0.0060028 secs] [Times: user=0.00 sys=0.00, real=0.01 secs] 
2014-07-09T15:53:04.881+0200: 92.490: [GC [PSYoungGen: 13778K->2529K(13824K)] 22039K->16144K(30208K), 0.0100323 secs] [Times: user=0.02 sys=0.00, real=0.01 secs] 
2014-07-09T15:53:04.892+0200: 92.501: [Full GC [PSYoungGen: 2529K->0K(13824K)] [ParOldGen: 13615K->8374K(16384K)] 16144K->8374K(30208K) [PSPermGen: 2476K->2476K(21504K)], 0.0218054 secs] [Times: user=0.02 sys=0.00, real=0.02 secs] 
2014-07-09T15:53:04.928+0200: 92.537: [GC [PSYoungGen: 11251K->2529K(13824K)] 19625K->11095K(30208K), 0.0016854 secs] [Times: user=0.00 sys=0.00, real=0.00 secs] 
2014-07-09T15:53:04.978+0200: 92.588: [GC [PSYoungGen: 13778K->2529K(13824K)] 22344K->14336K(30208K), 0.0046616 secs] [Times: user=0.00 sys=0.00, real=0.01 secs] 
2014-07-09T15:53:04.983+0200: 92.592: [Full GC [PSYoungGen: 2529K->0K(13824K)] [ParOldGen: 11807K->6261K(16384K)] 14336K->6261K(30208K) [PSPermGen: 2476K->2476K(21504K)], 0.0103619 secs] [Times: user=0.03 sys=0.00, real=0.01 secs] 
2014-07-09T15:53:04.999+0200: 92.608: [GC [PSYoungGen: 11257K->96K(13824K)] 17518K->6357K(30208K), 0.0006394 secs] [Times: user=0.00 sys=0.00, real=0.00 secs] 
2014-07-09T15:53:05.077+0200: 92.687: [GC [PSYoungGen: 11348K->2113K(13824K)] 17610K->8382K(30208K), 0.0013312 secs] [Times: user=0.02 sys=0.00, real=0.00 secs] 
2014-07-09T15:53:05.085+0200: 92.694: [GC [PSYoungGen: 13362K->2529K(13824K)] 19631K->11431K(30208K), 0.0042345 secs] [Times: user=0.00 sys=0.00, real=0.00 secs] 
2014-07-09T15:53:05.131+0200: 92.740: [GC [PSYoungGen: 13778K->2529K(13824K)] 22681K->17106K(30208K), 0.0065003 secs] [Times: user=0.00 sys=0.00, real=0.01 secs] 
2014-07-09T15:53:05.138+0200: 92.747: [Full GC [PSYoungGen: 2529K->0K(13824K)] [ParOldGen: 14577K->8695K(16384K)] 17106K->8695K(30208K) [PSPermGen: 2476K->2476K(21504K)], 0.0204126 secs] [Times: user=0.05 sys=0.00, real=0.02 secs] 
2014-07-09T15:53:05.184+0200: 92.793: [GC [PSYoungGen: 11251K->2529K(13824K)] 19946K->11704K(30208K), 0.0092544 secs] [Times: user=0.00 sys=0.00, real=0.01 secs] 
2014-07-09T15:53:05.228+0200: 92.837: [GC [PSYoungGen: 13778K->2529K(13824K)] 22954K->15266K(30208K), 0.0052618 secs] [Times: user=0.02 sys=0.00, real=0.01 secs] 
2014-07-09T15:53:05.234+0200: 92.843: [Full GC [PSYoungGen: 2529K->0K(13824K)] [ParOldGen: 12737K->6582K(16384K)] 15266K->6582K(30208K) [PSPermGen: 2476K->2476K(21504K)], 0.0096529 secs] [Times: user=0.00 sys=0.00, real=0.01 secs] 
2014-07-09T15:53:05.279+0200: 92.888: [GC [PSYoungGen: 11254K->2529K(13824K)] 17837K->14682K(30208K), 0.0062447 secs] [Times: user=0.03 sys=0.00, real=0.01 secs] 
2014-07-09T15:53:05.285+0200: 92.894: [Full GC [PSYoungGen: 2529K->0K(13824K)] [ParOldGen: 12153K->8599K(16384K)] 14682K->8599K(30208K) [PSPermGen: 2476K->2476K(21504K)], 0.0100829 secs] [Times: user=0.00 sys=0.00, real=0.01 secs] 
2014-07-09T15:53:05.328+0200: 92.937: [Full GC [PSYoungGen: 11251K->0K(13824K)] [ParOldGen: 8599K->3445K(16384K)] 19851K->3445K(30208K) [PSPermGen: 2476K->2476K(21504K)], 0.0082813 secs] [Times: user=0.00 sys=0.00, real=0.01 secs] 
2014-07-09T15:53:05.379+0200: 92.988: [GC [PSYoungGen: 11249K->2529K(13824K)] 14694K->9432K(30208K), 0.0046272 secs] [Times: user=0.00 sys=0.00, real=0.00 secs] 
2014-07-09T15:53:05.428+0200: 93.037: [GC [PSYoungGen: 13780K->832K(13824K)] 20683K->7743K(30208K), 0.0015501 secs] [Times: user=0.00 sys=0.00, real=0.00 secs] 
2014-07-09T15:53:05.479+0200: 93.088: [GC [PSYoungGen: 12081K->2529K(13824K)] 18992K->10792K(30208K), 0.0043540 secs] [Times: user=0.02 sys=0.00, real=0.00 secs] 
2014-07-09T15:53:05.493+0200: 93.102: [GC [PSYoungGen: 13780K->2529K(13824K)] 22044K->15187K(30208K), 0.0088577 secs] [Times: user=0.02 sys=0.00, real=0.01 secs] 
2014-07-09T15:53:05.502+0200: 93.111: [Full GC [PSYoungGen: 2529K->0K(13824K)] [ParOldGen: 12657K->7415K(16384K)] 15187K->7415K(30208K) [PSPermGen: 2476K->2476K(21504K)], 0.0138431 secs] [Times: user=0.03 sys=0.00, real=0.01 secs] 
2014-07-09T15:53:05.529+0200: 93.138: [GC [PSYoungGen: 11238K->2529K(13824K)] 18653K->15163K(30208K), 0.0061270 secs] [Times: user=0.03 sys=0.00, real=0.01 secs] 
2014-07-09T15:53:05.536+0200: 93.145: [Full GC [PSYoungGen: 2529K->0K(13824K)] [ParOldGen: 12633K->8249K(16384K)] 15163K->8249K(30208K) [PSPermGen: 2476K->2476K(21504K)], 0.0102937 secs] [Times: user=0.02 sys=0.00, real=0.01 secs] 
2014-07-09T15:53:05.582+0200: 93.191: [GC [PSYoungGen: 11251K->2529K(13824K)] 19501K->10819K(30208K), 0.0022500 secs] [Times: user=0.00 sys=0.00, real=0.00 secs] 
2014-07-09T15:53:05.628+0200: 93.237: [GC [PSYoungGen: 13778K->2529K(13824K)] 22068K->13932K(30208K), 0.0045102 secs] [Times: user=0.00 sys=0.00, real=0.00 secs] 
2014-07-09T15:53:05.633+0200: 93.242: [Full GC [PSYoungGen: 2529K->0K(13824K)] [ParOldGen: 11403K->6136K(16384K)] 13932K->6136K(30208K) [PSPermGen: 2476K->2476K(21504K)], 0.0088899 secs] [Times: user=0.03 sys=0.00, real=0.01 secs] 
2014-07-09T15:53:05.680+0200: 93.289: [GC [PSYoungGen: 11251K->480K(13824K)] 17388K->6617K(30208K), 0.0008465 secs] [Times: user=0.00 sys=0.00, real=0.00 secs] 
2014-07-09T15:53:05.729+0200: 93.338: [GC [PSYoungGen: 11729K->2529K(13824K)] 17866K->9666K(30208K), 0.0038224 secs] [Times: user=0.02 sys=0.00, real=0.00 secs] 
2014-07-09T15:53:05.786+0200: 93.396: [GC [PSYoungGen: 13784K->2529K(13824K)] 20921K->12652K(30208K), 0.0053109 secs] [Times: user=0.00 sys=0.00, real=0.01 secs] 
2014-07-09T15:53:05.792+0200: 93.401: [Full GC [PSYoungGen: 2529K->0K(13824K)] [ParOldGen: 10122K->6041K(16384K)] 12652K->6041K(30208K) [PSPermGen: 2476K->2476K(21504K)], 0.0114911 secs] [Times: user=0.01 sys=0.00, real=0.01 secs] 
2014-07-09T15:53:05.827+0200: 93.436: [GC [PSYoungGen: 11251K->384K(13824K)] 17292K->6425K(30208K), 0.0005925 secs] [Times: user=0.00 sys=0.00, real=0.00 secs] 
2014-07-09T15:53:05.879+0200: 93.488: [GC [PSYoungGen: 11633K->2529K(13824K)] 17675K->9475K(30208K), 0.0034939 secs] [Times: user=0.00 sys=0.00, real=0.00 secs] 
2014-07-09T15:53:05.892+0200: 93.501: [GC [PSYoungGen: 13780K->2529K(13824K)] 20726K->13421K(30208K), 0.0074168 secs] [Times: user=0.00 sys=0.00, real=0.01 secs] 
2014-07-09T15:53:05.900+0200: 93.509: [Full GC [PSYoungGen: 2529K->0K(13824K)] [ParOldGen: 10891K->6969K(16384K)] 13421K->6969K(30208K) [PSPermGen: 2476K->2476K(21504K)], 0.0124609 secs] [Times: user=0.02 sys=0.00, real=0.01 secs] 
2014-07-09T15:53:05.977+0200: 93.586: [GC [PSYoungGen: 11249K->1312K(13824K)] 18219K->8282K(30208K), 0.0011380 secs] [Times: user=0.00 sys=0.00, real=0.00 secs] 
2014-07-09T15:53:05.984+0200: 93.593: [GC [PSYoungGen: 12564K->2529K(13824K)] 19534K->11332K(30208K), 0.0033385 secs] [Times: user=0.00 sys=0.00, real=0.00 secs] 
2014-07-09T15:53:06.030+0200: 93.639: [GC [PSYoungGen: 13787K->2529K(13824K)] 22590K->14669K(30208K), 0.0072585 secs] [Times: user=0.00 sys=0.00, real=0.01 secs] 
2014-07-09T15:53:06.038+0200: 93.647: [Full GC [PSYoungGen: 2529K->0K(13824K)] [ParOldGen: 12140K->6362K(16384K)] 14669K->6362K(30208K) [PSPermGen: 2476K->2476K(21504K)], 0.0171837 secs] [Times: user=0.01 sys=0.00, real=0.02 secs] 
2014-07-09T15:53:06.081+0200: 93.690: [GC [PSYoungGen: 11251K->704K(13824K)] 17614K->7067K(30208K), 0.0010676 secs] [Times: user=0.00 sys=0.00, real=0.00 secs] 
2014-07-09T15:53:06.128+0200: 93.737: [GC [PSYoungGen: 11953K->2529K(13824K)] 18316K->10116K(30208K), 0.0031299 secs] [Times: user=0.00 sys=0.00, real=0.00 secs] 
2014-07-09T15:53:06.180+0200: 93.790: [GC [PSYoungGen: 13780K->2529K(13824K)] 21368K->14382K(30208K), 0.0094996 secs] [Times: user=0.02 sys=0.00, real=0.01 secs] 
2014-07-09T15:53:06.190+0200: 93.800: [Full GC [PSYoungGen: 2529K->0K(13824K)] [ParOldGen: 11853K->7291K(16384K)] 14382K->7291K(30208K) [PSPermGen: 2476K->2476K(21504K)], 0.0163882 secs] [Times: user=0.02 sys=0.00, real=0.02 secs] 
2014-07-09T15:53:06.228+0200: 93.837: [GC [PSYoungGen: 11249K->1632K(13824K)] 18540K->8923K(30208K), 0.0016740 secs] [Times: user=0.00 sys=0.00, real=0.00 secs] 
2014-07-09T15:53:06.278+0200: 93.887: [GC [PSYoungGen: 12893K->2529K(13824K)] 20184K->10436K(30208K), 0.0021349 secs] [Times: user=0.03 sys=0.00, real=0.00 secs] 
2014-07-09T15:53:06.285+0200: 93.895: [GC [PSYoungGen: 13778K->2529K(13824K)] 21686K->14094K(30208K), 0.0052607 secs] [Times: user=0.00 sys=0.00, real=0.01 secs] 
2014-07-09T15:53:06.291+0200: 93.900: [Full GC [PSYoungGen: 2529K->0K(13824K)] [ParOldGen: 11565K->6684K(16384K)] 14094K->6684K(30208K) [PSPermGen: 2476K->2476K(21504K)], 0.0399479 secs] [Times: user=0.06 sys=0.00, real=0.04 secs] 
2014-07-09T15:53:06.377+0200: 93.986: [GC [PSYoungGen: 11249K->1024K(13824K)] 17933K->7708K(30208K), 0.0008227 secs] [Times: user=0.00 sys=0.00, real=0.00 secs] 
2014-07-09T15:53:06.386+0200: 93.996: [GC [PSYoungGen: 12273K->2529K(13824K)] 18957K->10757K(30208K), 0.0055452 secs] [Times: user=0.03 sys=0.00, real=0.01 secs] 
2014-07-09T15:53:06.431+0200: 94.040: [GC [PSYoungGen: 13780K->2529K(13824K)] 22009K->15344K(30208K), 0.0090527 secs] [Times: user=0.03 sys=0.00, real=0.01 secs] 
2014-07-09T15:53:06.440+0200: 94.049: [Full GC [PSYoungGen: 2529K->0K(13824K)] [ParOldGen: 12815K->7612K(16384K)] 15344K->7612K(30208K) [PSPermGen: 2476K->2476K(21504K)], 0.0235062 secs] [Times: user=0.02 sys=0.00, real=0.02 secs] 
2014-07-09T15:53:06.480+0200: 94.090: [GC [PSYoungGen: 11261K->1312K(13824K)] 18873K->8925K(30208K), 0.0013906 secs] [Times: user=0.01 sys=0.00, real=0.00 secs] 
2014-07-09T15:53:06.528+0200: 94.137: [GC [PSYoungGen: 12567K->2529K(13824K)] 20180K->10950K(30208K), 0.0036523 secs] [Times: user=0.00 sys=0.00, real=0.00 secs] 
2014-07-09T15:53:06.579+0200: 94.188: [GC [PSYoungGen: 13780K->2529K(13824K)] 22201K->14799K(30208K), 0.0052996 secs] [Times: user=0.00 sys=0.00, real=0.01 secs] 
2014-07-09T15:53:06.584+0200: 94.193: [Full GC [PSYoungGen: 2529K->0K(13824K)] [ParOldGen: 12270K->6877K(16384K)] 14799K->6877K(30208K) [PSPermGen: 2476K->2476K(21504K)], 0.0126204 secs] [Times: user=0.02 sys=0.00, real=0.01 secs] 
2014-07-09T15:53:06.627+0200: 94.236: [GC [PSYoungGen: 11249K->1216K(13824K)] 18127K->8094K(30208K), 0.0009422 secs] [Times: user=0.00 sys=0.00, real=0.00 secs] 
2014-07-09T15:53:06.678+0200: 94.288: [GC [PSYoungGen: 12468K->2529K(13824K)] 19345K->11143K(30208K), 0.0028062 secs] [Times: user=0.00 sys=0.00, real=0.00 secs] 
2014-07-09T15:53:06.687+0200: 94.296: [GC [PSYoungGen: 13778K->2529K(13824K)] 22393K->15922K(30208K), 0.0058583 secs] [Times: user=0.00 sys=0.00, real=0.01 secs] 
2014-07-09T15:53:06.693+0200: 94.302: [Full GC [PSYoungGen: 2529K->0K(13824K)] [ParOldGen: 13392K->7806K(16384K)] 15922K->7806K(30208K) [PSPermGen: 2476K->2476K(21504K)], 0.0130819 secs] [Times: user=0.02 sys=0.00, real=0.01 secs] 
2014-07-09T15:53:06.778+0200: 94.387: [GC [PSYoungGen: 11254K->1120K(13824K)] 19061K->8926K(30208K), 0.0018724 secs] [Times: user=0.00 sys=0.00, real=0.00 secs] 
2014-07-09T15:53:06.789+0200: 94.399: [GC [PSYoungGen: 12370K->2529K(13824K)] 20176K->11976K(30208K), 0.0060182 secs] [Times: user=0.02 sys=0.00, real=0.01 secs] 
2014-07-09T15:53:06.830+0200: 94.439: [GC [PSYoungGen: 13778K->2529K(13824K)] 23225K->16658K(30208K), 0.0092859 secs] [Times: user=0.00 sys=0.02, real=0.01 secs] 
2014-07-09T15:53:06.840+0200: 94.449: [Full GC [PSYoungGen: 2529K->0K(13824K)] [ParOldGen: 14129K->7710K(16384K)] 16658K->7710K(30208K) [PSPermGen: 2476K->2476K(21504K)], 0.0419658 secs] [Times: user=0.03 sys=0.00, real=0.04 secs] 
2014-07-09T15:53:06.888+0200: 94.497: [GC [PSYoungGen: 11249K->2016K(13824K)] 18960K->9727K(30208K), 0.0019453 secs] [Times: user=0.00 sys=0.00, real=0.00 secs] 
2014-07-09T15:53:06.928+0200: 94.537: [GC [PSYoungGen: 13268K->2529K(13824K)] 20979K->12809K(30208K), 0.0035838 secs] [Times: user=0.00 sys=0.00, real=0.00 secs] 
2014-07-09T15:53:06.979+0200: 94.589: [GC [PSYoungGen: 13778K->2529K(13824K)] 24058K->18419K(30208K), 0.0060152 secs] [Times: user=0.03 sys=0.00, real=0.01 secs] 
2014-07-09T15:53:06.986+0200: 94.595: [Full GC [PSYoungGen: 2529K->0K(13824K)] [ParOldGen: 15890K->8639K(16384K)] 18419K->8639K(30208K) [PSPermGen: 2476K->2476K(21504K)], 0.0105013 secs] [Times: user=0.02 sys=0.00, real=0.01 secs] 
2014-07-09T15:53:07.027+0200: 94.636: [GC [PSYoungGen: 11234K->896K(13824K)] 19873K->9535K(30208K), 0.0012997 secs] [Times: user=0.03 sys=0.00, real=0.00 secs] 
2014-07-09T15:53:07.085+0200: 94.694: [GC [PSYoungGen: 12145K->2529K(13824K)] 20785K->12553K(30208K), 0.0049597 secs] [Times: user=0.02 sys=0.00, real=0.00 secs] 
2014-07-09T15:53:07.090+0200: 94.699: [Full GC [PSYoungGen: 2529K->0K(13824K)] [ParOldGen: 10023K->4446K(16384K)] 12553K->4446K(30208K) [PSPermGen: 2476K->2476K(21504K)], 0.0176629 secs] [Times: user=0.02 sys=0.00, real=0.02 secs] 
2014-07-09T15:53:07.113+0200: 94.722: [GC [PSYoungGen: 11251K->2529K(13824K)] 15698K->11394K(30208K), 0.0061208 secs] [Times: user=0.00 sys=0.00, real=0.01 secs] 
2014-07-09T15:53:07.177+0200: 94.786: [GC [PSYoungGen: 13778K->1824K(13824K)] 22643K->10697K(30208K), 0.0009081 secs] [Times: user=0.00 sys=0.00, real=0.00 secs] 
2014-07-09T15:53:07.183+0200: 94.792: [GC [PSYoungGen: 13076K->2529K(13824K)] 21949K->13747K(30208K), 0.0039053 secs] [Times: user=0.03 sys=0.00, real=0.00 secs] 
2014-07-09T15:53:07.187+0200: 94.796: [Full GC [PSYoungGen: 2529K->0K(13824K)] [ParOldGen: 11218K->5375K(16384K)] 13747K->5375K(30208K) [PSPermGen: 2476K->2476K(21504K)], 0.0081017 secs] [Times: user=0.00 sys=0.00, real=0.01 secs] 
2014-07-09T15:53:07.230+0200: 94.839: [GC [PSYoungGen: 11249K->2529K(13824K)] 16624K->13283K(30208K), 0.0057043 secs] [Times: user=0.00 sys=0.00, real=0.01 secs] 
2014-07-09T15:53:07.236+0200: 94.845: [Full GC [PSYoungGen: 2529K->0K(13824K)] [ParOldGen: 10753K->8332K(16384K)] 13283K->8332K(30208K) [PSPermGen: 2476K->2476K(21504K)], 0.0106391 secs] [Times: user=0.03 sys=0.00, real=0.01 secs] 
2014-07-09T15:53:07.284+0200: 94.893: [GC [PSYoungGen: 11254K->1728K(13824K)] 19587K->10060K(30208K), 0.0026393 secs] [Times: user=0.00 sys=0.00, real=0.00 secs] 
2014-07-09T15:53:07.328+0200: 94.938: [GC [PSYoungGen: 12980K->2529K(13824K)] 21312K->13110K(30208K), 0.0037018 secs] [Times: user=0.00 sys=0.00, real=0.00 secs] 
2014-07-09T15:53:07.332+0200: 94.942: [Full GC [PSYoungGen: 2529K->0K(13824K)] [ParOldGen: 10581K->5223K(16384K)] 13110K->5223K(30208K) [PSPermGen: 2476K->2476K(21504K)], 0.0124814 secs] [Times: user=0.02 sys=0.00, real=0.01 secs] 
2014-07-09T15:53:07.379+0200: 94.989: [GC [PSYoungGen: 11249K->2529K(13824K)] 16472K->13034K(30208K), 0.0064574 secs] [Times: user=0.02 sys=0.00, real=0.01 secs] 
2014-07-09T15:53:07.386+0200: 94.995: [Full GC [PSYoungGen: 2529K->0K(13824K)] [ParOldGen: 10505K->8265K(16384K)] 13034K->8265K(30208K) [PSPermGen: 2476K->2476K(21504K)], 0.0132608 secs] [Times: user=0.00 sys=0.00, real=0.01 secs] 
2014-07-09T15:53:07.427+0200: 95.037: [GC [PSYoungGen: 11251K->2529K(13824K)] 19517K->10890K(30208K), 0.0063870 secs] [Times: user=0.02 sys=0.00, real=0.01 secs] 
2014-07-09T15:53:07.478+0200: 95.087: [GC [PSYoungGen: 13778K->2529K(13824K)] 22140K->14068K(30208K), 0.0046543 secs] [Times: user=0.03 sys=0.00, real=0.01 secs] 
2014-07-09T15:53:07.483+0200: 95.092: [Full GC [PSYoungGen: 2529K->0K(13824K)] [ParOldGen: 11539K->6155K(16384K)] 14068K->6155K(30208K) [PSPermGen: 2476K->2476K(21504K)], 0.0087561 secs] [Times: user=0.00 sys=0.00, real=0.01 secs] 
2014-07-09T15:53:07.497+0200: 95.106: [GC [PSYoungGen: 11260K->672K(13824K)] 17416K->6827K(30208K), 0.0007857 secs] [Times: user=0.00 sys=0.00, real=0.00 secs] 
2014-07-09T15:53:07.577+0200: 95.187: [GC [PSYoungGen: 11929K->1920K(13824K)] 18085K->8084K(30208K), 0.0010445 secs] [Times: user=0.00 sys=0.00, real=0.00 secs] 
2014-07-09T15:53:07.584+0200: 95.193: [GC [PSYoungGen: 13172K->2529K(13824K)] 19336K->11134K(30208K), 0.0039563 secs] [Times: user=0.00 sys=0.00, real=0.00 secs] 
2014-07-09T15:53:07.630+0200: 95.239: [GC [PSYoungGen: 13778K->2529K(13824K)] 22383K->16616K(30208K), 0.0060552 secs] [Times: user=0.02 sys=0.00, real=0.01 secs] 
2014-07-09T15:53:07.636+0200: 95.245: [Full GC [PSYoungGen: 2529K->0K(13824K)] [ParOldGen: 14087K->8467K(16384K)] 16616K->8467K(30208K) [PSPermGen: 2476K->2476K(21504K)], 0.0104576 secs] [Times: user=0.00 sys=0.00, real=0.01 secs] 
2014-07-09T15:53:07.681+0200: 95.290: [GC [PSYoungGen: 11251K->2529K(13824K)] 19719K->11317K(30208K), 0.0023669 secs] [Times: user=0.02 sys=0.00, real=0.00 secs] 
2014-07-09T15:53:07.729+0200: 95.339: [GC [PSYoungGen: 13778K->2529K(13824K)] 22566K->14686K(30208K), 0.0085893 secs] [Times: user=0.03 sys=0.00, real=0.01 secs] 
2014-07-09T15:53:07.738+0200: 95.347: [Full GC [PSYoungGen: 2529K->0K(13824K)] [ParOldGen: 12157K->6358K(16384K)] 14686K->6358K(30208K) [PSPermGen: 2476K->2476K(21504K)], 0.0214388 secs] [Times: user=0.03 sys=0.00, real=0.02 secs] 
2014-07-09T15:53:07.780+0200: 95.389: [GC [PSYoungGen: 11260K->2529K(13824K)] 17618K->13753K(30208K), 0.0054506 secs] [Times: user=0.00 sys=0.00, real=0.01 secs] 
2014-07-09T15:53:07.786+0200: 95.395: [Full GC [PSYoungGen: 2529K->0K(13824K)] [ParOldGen: 11224K->7863K(16384K)] 13753K->7863K(30208K) [PSPermGen: 2476K->2476K(21504K)], 0.0115036 secs] [Times: user=0.01 sys=0.00, real=0.01 secs] 
2014-07-09T15:53:07.828+0200: 95.437: [GC [PSYoungGen: 11251K->2241K(13824K)] 19115K->10105K(30208K), 0.0012964 secs] [Times: user=0.00 sys=0.00, real=0.00 secs] 
2014-07-09T15:53:07.879+0200: 95.489: [GC [PSYoungGen: 13490K->2529K(13824K)] 21354K->13154K(30208K), 0.0069263 secs] [Times: user=0.02 sys=0.00, real=0.01 secs] 
2014-07-09T15:53:07.887+0200: 95.496: [Full GC [PSYoungGen: 2529K->0K(13824K)] [ParOldGen: 10625K->5751K(16384K)] 13154K->5751K(30208K) [PSPermGen: 2476K->2476K(21504K)], 0.0213002 secs] [Times: user=0.01 sys=0.00, real=0.02 secs] 
2014-07-09T15:53:07.927+0200: 95.536: [GC [PSYoungGen: 11251K->128K(13824K)] 17003K->5880K(30208K), 0.0007512 secs] [Times: user=0.00 sys=0.00, real=0.00 secs] 
2014-07-09T15:53:07.977+0200: 95.587: [GC [PSYoungGen: 11377K->2529K(13824K)] 17129K->8929K(30208K), 0.0021371 secs] [Times: user=0.03 sys=0.00, real=0.00 secs] 
2014-07-09T15:53:07.985+0200: 95.594: [GC [PSYoungGen: 13778K->2529K(13824K)] 20178K->12619K(30208K), 0.0045289 secs] [Times: user=0.00 sys=0.00, real=0.00 secs] 
2014-07-09T15:53:07.989+0200: 95.599: [Full GC [PSYoungGen: 2529K->0K(13824K)] [ParOldGen: 10090K->6681K(16384K)] 12619K->6681K(30208K) [PSPermGen: 2476K->2476K(21504K)], 0.0091843 secs] [Times: user=0.02 sys=0.00, real=0.01 secs] 
2014-07-09T15:53:08.031+0200: 95.641: [GC [PSYoungGen: 11258K->2529K(13824K)] 17940K->14397K(30208K), 0.0097295 secs] [Times: user=0.00 sys=0.00, real=0.01 secs] 
2014-07-09T15:53:08.041+0200: 95.651: [Full GC [PSYoungGen: 2529K->0K(13824K)] [ParOldGen: 11868K->8188K(16384K)] 14397K->8188K(30208K) [PSPermGen: 2476K->2476K(21504K)], 0.0256084 secs] [Times: user=0.02 sys=0.02, real=0.03 secs] 
2014-07-09T15:53:08.082+0200: 95.691: [GC [PSYoungGen: 11251K->2529K(13824K)] 19439K->10749K(30208K), 0.0028578 secs] [Times: user=0.00 sys=0.00, real=0.00 secs] 
2014-07-09T15:53:08.133+0200: 95.742: [GC [PSYoungGen: 13778K->2529K(13824K)] 21999K->13799K(30208K), 0.0122215 secs] [Times: user=0.01 sys=0.00, real=0.01 secs] 
2014-07-09T15:53:08.145+0200: 95.754: [Full GC [PSYoungGen: 2529K->0K(13824K)] [ParOldGen: 11269K->6076K(16384K)] 13799K->6076K(30208K) [PSPermGen: 2476K->2476K(21504K)], 0.0106552 secs] [Times: user=0.02 sys=0.00, real=0.01 secs] 
2014-07-09T15:53:08.181+0200: 95.790: [GC [PSYoungGen: 11251K->448K(13824K)] 17327K->6524K(30208K), 0.0006918 secs] [Times: user=0.00 sys=0.00, real=0.00 secs] 
2014-07-09T15:53:08.227+0200: 95.837: [GC [PSYoungGen: 11697K->2529K(13824K)] 17774K->9574K(30208K), 0.0020120 secs] [Times: user=0.03 sys=0.00, real=0.00 secs] 
2014-07-09T15:53:08.280+0200: 95.889: [GC [PSYoungGen: 13784K->2529K(13824K)] 20829K->12559K(30208K), 0.0069912 secs] [Times: user=0.00 sys=0.00, real=0.01 secs] 
2014-07-09T15:53:08.287+0200: 95.896: [Full GC [PSYoungGen: 2529K->0K(13824K)] [ParOldGen: 10030K->5981K(16384K)] 12559K->5981K(30208K) [PSPermGen: 2476K->2476K(21504K)], 0.0180270 secs] [Times: user=0.03 sys=0.00, real=0.02 secs] 
2014-07-09T15:53:08.328+0200: 95.937: [GC [PSYoungGen: 11251K->352K(13824K)] 17233K->6334K(30208K), 0.0006453 secs] [Times: user=0.00 sys=0.00, real=0.00 secs] 
2014-07-09T15:53:08.378+0200: 95.987: [GC [PSYoungGen: 11601K->2529K(13824K)] 17583K->9383K(30208K), 0.0018676 secs] [Times: user=0.00 sys=0.00, real=0.00 secs] 
2014-07-09T15:53:08.385+0200: 95.994: [GC [PSYoungGen: 13780K->2529K(13824K)] 20635K->13297K(30208K), 0.0047137 secs] [Times: user=0.00 sys=0.00, real=0.01 secs] 
2014-07-09T15:53:08.390+0200: 95.999: [Full GC [PSYoungGen: 2529K->0K(13824K)] [ParOldGen: 10768K->6910K(16384K)] 13297K->6910K(30208K) [PSPermGen: 2476K->2476K(21504K)], 0.0090575 secs] [Times: user=0.00 sys=0.00, real=0.01 secs] 
2014-07-09T15:53:08.478+0200: 96.088: [GC [PSYoungGen: 11249K->1248K(13824K)] 18159K->8159K(30208K), 0.0270471 secs] [Times: user=0.01 sys=0.00, real=0.03 secs] 
2014-07-09T15:53:08.513+0200: 96.122: [GC [PSYoungGen: 12483K->2529K(13824K)] 19393K->9543K(30208K), 0.0019570 secs] [Times: user=0.00 sys=0.00, real=0.00 secs] 
2014-07-09T15:53:08.528+0200: 96.138: [GC [PSYoungGen: 13784K->2529K(13824K)] 20798K->12176K(30208K), 0.0037561 secs] [Times: user=0.00 sys=0.00, real=0.00 secs] 
2014-07-09T15:53:08.581+0200: 96.190: [GC [PSYoungGen: 13778K->2529K(13824K)] 23426K->17819K(30208K), 0.0057612 secs] [Times: user=0.00 sys=0.00, real=0.00 secs] 
2014-07-09T15:53:08.587+0200: 96.196: [Full GC [PSYoungGen: 2529K->0K(13824K)] [ParOldGen: 15290K->8673K(16384K)] 17819K->8673K(30208K) [PSPermGen: 2476K->2476K(21504K)], 0.0105533 secs] [Times: user=0.03 sys=0.00, real=0.01 secs] 
2014-07-09T15:53:08.628+0200: 96.237: [GC [PSYoungGen: 11251K->2529K(13824K)] 19925K->11715K(30208K), 0.0015776 secs] [Times: user=0.00 sys=0.00, real=0.00 secs] 
2014-07-09T15:53:08.681+0200: 96.291: [GC [PSYoungGen: 13778K->2529K(13824K)] 22964K->15244K(30208K), 0.0078748 secs] [Times: user=0.00 sys=0.00, real=0.01 secs] 
2014-07-09T15:53:08.689+0200: 96.299: [Full GC [PSYoungGen: 2529K->0K(13824K)] [ParOldGen: 12715K->6560K(16384K)] 15244K->6560K(30208K) [PSPermGen: 2476K->2476K(21504K)], 0.0151336 secs] [Times: user=0.01 sys=0.00, real=0.02 secs] 
2014-07-09T15:53:08.727+0200: 96.336: [GC [PSYoungGen: 11262K->1184K(13824K)] 17823K->7744K(30208K), 0.0005958 secs] [Times: user=0.00 sys=0.00, real=0.00 secs] 
2014-07-09T15:53:08.779+0200: 96.388: [GC [PSYoungGen: 12427K->2529K(13824K)] 18988K->9513K(30208K), 0.0030514 secs] [Times: user=0.00 sys=0.00, real=0.00 secs] 
2014-07-09T15:53:08.791+0200: 96.401: [GC [PSYoungGen: 13778K->2529K(13824K)] 20763K->12979K(30208K), 0.0079521 secs] [Times: user=0.00 sys=0.00, real=0.01 secs] 
2014-07-09T15:53:08.800+0200: 96.409: [Full GC [PSYoungGen: 2529K->0K(13824K)] [ParOldGen: 10450K->6465K(16384K)] 12979K->6465K(30208K) [PSPermGen: 2476K->2476K(21504K)], 0.0148439 secs] [Times: user=0.03 sys=0.00, real=0.02 secs] 
2014-07-09T15:53:08.877+0200: 96.486: [GC [PSYoungGen: 11251K->832K(13824K)] 17716K->7297K(30208K), 0.0007267 secs] [Times: user=0.00 sys=0.00, real=0.00 secs] 
2014-07-09T15:53:08.882+0200: 96.492: [GC [PSYoungGen: 12081K->2529K(13824K)] 18546K->10346K(30208K), 0.0036296 secs] [Times: user=0.03 sys=0.00, real=0.00 secs] 
2014-07-09T15:53:08.934+0200: 96.544: [GC [PSYoungGen: 13780K->2529K(13824K)] 21598K->14709K(30208K), 0.0600584 secs] [Times: user=0.02 sys=0.00, real=0.06 secs] 
2014-07-09T15:53:08.994+0200: 96.604: [Full GC [PSYoungGen: 2529K->0K(13824K)] [ParOldGen: 12179K->7393K(16384K)] 14709K->7393K(30208K) [PSPermGen: 2476K->2476K(21504K)], 0.0191371 secs] [Times: user=0.01 sys=0.00, real=0.02 secs] 
2014-07-09T15:53:09.018+0200: 96.628: [GC [PSYoungGen: 11249K->1760K(13824K)] 18642K->9154K(30208K), 0.0014089 secs] [Times: user=0.00 sys=0.00, real=0.00 secs] 
2014-07-09T15:53:09.028+0200: 96.637: [GC [PSYoungGen: 13021K->2529K(13824K)] 20415K->10667K(30208K), 0.0022628 secs] [Times: user=0.00 sys=0.00, real=0.00 secs] 
2014-07-09T15:53:09.079+0200: 96.688: [GC [PSYoungGen: 13780K->2529K(13824K)] 21918K->14452K(30208K), 0.0048853 secs] [Times: user=0.00 sys=0.00, real=0.01 secs] 
2014-07-09T15:53:09.084+0200: 96.693: [Full GC [PSYoungGen: 2529K->0K(13824K)] [ParOldGen: 11923K->6786K(16384K)] 14452K->6786K(30208K) [PSPermGen: 2476K->2476K(21504K)], 0.0097115 secs] [Times: user=0.02 sys=0.00, real=0.01 secs] 
2014-07-09T15:53:09.127+0200: 96.736: [GC [PSYoungGen: 11249K->1152K(13824K)] 18035K->7938K(30208K), 0.0008469 secs] [Times: user=0.00 sys=0.00, real=0.00 secs] 
2014-07-09T15:53:09.178+0200: 96.787: [GC [PSYoungGen: 12404K->2529K(13824K)] 19190K->10988K(30208K), 0.0028391 secs] [Times: user=0.03 sys=0.00, real=0.00 secs] 
2014-07-09T15:53:09.186+0200: 96.796: [GC [PSYoungGen: 13778K->2529K(13824K)] 22237K->15702K(30208K), 0.0050118 secs] [Times: user=0.00 sys=0.00, real=0.00 secs] 
2014-07-09T15:53:09.191+0200: 96.801: [Full GC [PSYoungGen: 2529K->0K(13824K)] [ParOldGen: 13173K->7714K(16384K)] 15702K->7714K(30208K) [PSPermGen: 2476K->2476K(21504K)], 0.0099334 secs] [Times: user=0.02 sys=0.00, real=0.01 secs] 
2014-07-09T15:53:09.277+0200: 96.887: [GC [PSYoungGen: 11260K->512K(13824K)] 18975K->8227K(30208K), 0.0020304 secs] [Times: user=0.00 sys=0.00, real=0.00 secs] 
2014-07-09T15:53:09.289+0200: 96.898: [GC [PSYoungGen: 11761K->2529K(13824K)] 19476K->11308K(30208K), 0.0048813 secs] [Times: user=0.03 sys=0.00, real=0.00 secs] 
2014-07-09T15:53:09.334+0200: 96.944: [GC [PSYoungGen: 13780K->2529K(13824K)] 22559K->15414K(30208K), 0.0077882 secs] [Times: user=0.03 sys=0.00, real=0.01 secs] 
2014-07-09T15:53:09.342+0200: 96.952: [Full GC [PSYoungGen: 2529K->0K(13824K)] [ParOldGen: 12885K->7107K(16384K)] 15414K->7107K(30208K) [PSPermGen: 2476K->2476K(21504K)], 0.0177945 secs] [Times: user=0.03 sys=0.00, real=0.02 secs] 
2014-07-09T15:53:09.381+0200: 96.990: [GC [PSYoungGen: 11249K->1472K(13824K)] 18357K->8580K(30208K), 0.0013543 secs] [Times: user=0.00 sys=0.00, real=0.00 secs] 
2014-07-09T15:53:09.429+0200: 97.038: [GC [PSYoungGen: 12724K->2529K(13824K)] 19831K->11629K(30208K), 0.0035845 secs] [Times: user=0.03 sys=0.00, real=0.00 secs] 
2014-07-09T15:53:09.481+0200: 97.091: [GC [PSYoungGen: 13778K->2529K(13824K)] 22879K->16664K(30208K), 0.0095609 secs] [Times: user=0.00 sys=0.00, real=0.01 secs] 
2014-07-09T15:53:09.491+0200: 97.101: [Full GC [PSYoungGen: 2529K->0K(13824K)] [ParOldGen: 14135K->8036K(16384K)] 16664K->8036K(30208K) [PSPermGen: 2476K->2476K(21504K)], 0.0168076 secs] [Times: user=0.06 sys=0.00, real=0.02 secs] 
2014-07-09T15:53:09.527+0200: 97.137: [GC [PSYoungGen: 11234K->704K(13824K)] 19270K->8740K(30208K), 0.0009690 secs] [Times: user=0.00 sys=0.00, real=0.00 secs] 
2014-07-09T15:53:09.582+0200: 97.192: [GC [PSYoungGen: 11953K->2529K(13824K)] 19989K->11757K(30208K), 0.0065010 secs] [Times: user=0.02 sys=0.00, real=0.01 secs] 
2014-07-09T15:53:09.595+0200: 97.205: [GC [PSYoungGen: 13780K->2529K(13824K)] 23009K->15991K(30208K), 0.0097013 secs] [Times: user=0.02 sys=0.00, real=0.01 secs] 
2014-07-09T15:53:09.605+0200: 97.215: [Full GC [PSYoungGen: 2529K->0K(13824K)] [ParOldGen: 13462K->7269K(16384K)] 15991K->7269K(30208K) [PSPermGen: 2476K->2476K(21504K)], 0.0135780 secs] [Times: user=0.03 sys=0.00, real=0.01 secs] 
2014-07-09T15:53:09.677+0200: 97.287: [GC [PSYoungGen: 11249K->1632K(13824K)] 18518K->8902K(30208K), 0.0016198 secs] [Times: user=0.00 sys=0.00, real=0.00 secs] 
2014-07-09T15:53:09.688+0200: 97.298: [GC [PSYoungGen: 12884K->2529K(13824K)] 20153K->11951K(30208K), 0.0064295 secs] [Times: user=0.02 sys=0.00, real=0.01 secs] 
2014-07-09T15:53:09.732+0200: 97.341: [GC [PSYoungGen: 13778K->2529K(13824K)] 23201K->17146K(30208K), 0.0095037 secs] [Times: user=0.00 sys=0.00, real=0.01 secs] 
2014-07-09T15:53:09.742+0200: 97.351: [Full GC [PSYoungGen: 2529K->0K(13824K)] [ParOldGen: 14616K->8197K(16384K)] 17146K->8197K(30208K) [PSPermGen: 2476K->2476K(21504K)], 0.0256931 secs] [Times: user=0.01 sys=0.00, real=0.03 secs] 
2014-07-09T15:53:09.781+0200: 97.390: [GC [PSYoungGen: 11254K->1536K(13824K)] 19452K->9734K(30208K), 0.0015688 secs] [Times: user=0.00 sys=0.00, real=0.00 secs] 
2014-07-09T15:53:09.828+0200: 97.438: [GC [PSYoungGen: 12788K->2529K(13824K)] 20986K->12784K(30208K), 0.0060754 secs] [Times: user=0.02 sys=0.00, real=0.01 secs] 
2014-07-09T15:53:09.835+0200: 97.444: [Full GC [PSYoungGen: 2529K->0K(13824K)] [ParOldGen: 10254K->5060K(16384K)] 12784K->5060K(30208K) [PSPermGen: 2476K->2476K(21504K)], 0.0216808 secs] [Times: user=0.01 sys=0.00, real=0.02 secs] 
2014-07-09T15:53:09.879+0200: 97.489: [GC [PSYoungGen: 11249K->2529K(13824K)] 16310K->12680K(30208K), 0.0063192 secs] [Times: user=0.03 sys=0.00, real=0.01 secs] 
2014-07-09T15:53:09.886+0200: 97.495: [Full GC [PSYoungGen: 2529K->0K(13824K)] [ParOldGen: 10151K->8102K(16384K)] 12680K->8102K(30208K) [PSPermGen: 2476K->2476K(21504K)], 0.0131190 secs] [Times: user=0.03 sys=0.00, real=0.01 secs] 
2014-07-09T15:53:09.928+0200: 97.537: [GC [PSYoungGen: 11251K->2465K(13824K)] 19353K->10567K(30208K), 0.0016707 secs] [Times: user=0.03 sys=0.00, real=0.00 secs] 
2014-07-09T15:53:09.979+0200: 97.588: [GC [PSYoungGen: 13714K->2529K(13824K)] 21816K->13616K(30208K), 0.0072258 secs] [Times: user=0.00 sys=0.00, real=0.01 secs] 
2014-07-09T15:53:09.987+0200: 97.596: [Full GC [PSYoungGen: 2529K->0K(13824K)] [ParOldGen: 11087K->5989K(16384K)] 13616K->5989K(30208K) [PSPermGen: 2476K->2476K(21504K)], 0.0261202 secs] [Times: user=0.05 sys=0.00, real=0.03 secs] 
2014-07-09T15:53:10.018+0200: 97.628: [GC [PSYoungGen: 11260K->2529K(13824K)] 17250K->13000K(30208K), 0.0057223 secs] [Times: user=0.03 sys=0.00, real=0.01 secs] 
2014-07-09T15:53:10.024+0200: 97.634: [Full GC [PSYoungGen: 2529K->0K(13824K)] [ParOldGen: 10471K->7495K(16384K)] 13000K->7495K(30208K) [PSPermGen: 2476K->2476K(21504K)], 0.0130328 secs] [Times: user=0.00 sys=0.00, real=0.01 secs] 
2014-07-09T15:53:10.077+0200: 97.686: [GC [PSYoungGen: 11255K->1312K(13824K)] 18750K->8807K(30208K), 0.0010284 secs] [Times: user=0.00 sys=0.00, real=0.00 secs] 
2014-07-09T15:53:10.084+0200: 97.693: [GC [PSYoungGen: 12564K->2529K(13824K)] 20059K->11857K(30208K), 0.0118387 secs] [Times: user=0.02 sys=0.00, real=0.01 secs] 
2014-07-09T15:53:10.132+0200: 97.741: [GC [PSYoungGen: 13778K->2529K(13824K)] 23106K->16731K(30208K), 0.0264440 secs] [Times: user=0.00 sys=0.00, real=0.03 secs] 
2014-07-09T15:53:10.158+0200: 97.768: [Full GC [PSYoungGen: 2529K->0K(13824K)] [ParOldGen: 14202K->7911K(16384K)] 16731K->7911K(30208K) [PSPermGen: 2476K->2476K(21504K)], 0.0137881 secs] [Times: user=0.00 sys=0.00, real=0.01 secs] 
2014-07-09T15:53:10.181+0200: 97.790: [GC [PSYoungGen: 11251K->2273K(13824K)] 19163K->10185K(30208K), 0.0018782 secs] [Times: user=0.00 sys=0.00, real=0.00 secs] 
2014-07-09T15:53:10.230+0200: 97.840: [GC [PSYoungGen: 13528K->2529K(13824K)] 21439K->12209K(30208K), 0.0083547 secs] [Times: user=0.00 sys=0.00, real=0.01 secs] 
2014-07-09T15:53:10.282+0200: 97.892: [GC [PSYoungGen: 13778K->2529K(13824K)] 23459K->17020K(30208K), 0.0091022 secs] [Times: user=0.03 sys=0.00, real=0.01 secs] 
2014-07-09T15:53:10.292+0200: 97.901: [Full GC [PSYoungGen: 2529K->0K(13824K)] [ParOldGen: 14491K->7816K(16384K)] 17020K->7816K(30208K) [PSPermGen: 2476K->2476K(21504K)], 0.0215822 secs] [Times: user=0.02 sys=0.00, real=0.02 secs] 
2014-07-09T15:53:10.327+0200: 97.937: [GC [PSYoungGen: 11251K->2177K(13824K)] 19067K->9993K(30208K), 0.0012161 secs] [Times: user=0.00 sys=0.00, real=0.00 secs] 
2014-07-09T15:53:10.380+0200: 97.989: [GC [PSYoungGen: 13426K->2529K(13824K)] 21242K->13042K(30208K), 0.0102666 secs] [Times: user=0.03 sys=0.00, real=0.01 secs] 
2014-07-09T15:53:10.390+0200: 98.000: [Full GC [PSYoungGen: 2529K->0K(13824K)] [ParOldGen: 10513K->5703K(16384K)] 13042K->5703K(30208K) [PSPermGen: 2476K->2476K(21504K)], 0.0167214 secs] [Times: user=0.03 sys=0.00, real=0.02 secs] 
2014-07-09T15:53:10.427+0200: 98.036: [GC [PSYoungGen: 11249K->64K(13824K)] 16952K->5767K(30208K), 0.0007120 secs] [Times: user=0.02 sys=0.00, real=0.00 secs] 
2014-07-09T15:53:10.478+0200: 98.088: [GC [PSYoungGen: 11313K->2529K(13824K)] 17016K->8816K(30208K), 0.0041069 secs] [Times: user=0.00 sys=0.00, real=0.00 secs] 
2014-07-09T15:53:10.492+0200: 98.101: [GC [PSYoungGen: 13778K->2529K(13824K)] 20066K->12442K(30208K), 0.0081736 secs] [Times: user=0.00 sys=0.00, real=0.01 secs] 
2014-07-09T15:53:10.531+0200: 98.140: [GC [PSYoungGen: 13762K->2529K(13824K)] 23676K->17413K(30208K), 0.0095077 secs] [Times: user=0.03 sys=0.00, real=0.01 secs] 
2014-07-09T15:53:10.541+0200: 98.150: [Full GC [PSYoungGen: 2529K->0K(13824K)] [ParOldGen: 14883K->7978K(16384K)] 17413K->7978K(30208K) [PSPermGen: 2476K->2476K(21504K)], 0.0166969 secs] [Times: user=0.03 sys=0.00, real=0.02 secs] 
2014-07-09T15:53:10.581+0200: 98.190: [GC [PSYoungGen: 11251K->2337K(13824K)] 19229K->10315K(30208K), 0.0020652 secs] [Times: user=0.00 sys=0.00, real=0.00 secs] 
2014-07-09T15:53:10.629+0200: 98.238: [GC [PSYoungGen: 13586K->2529K(13824K)] 21564K->13364K(30208K), 0.0045491 secs] [Times: user=0.03 sys=0.00, real=0.00 secs] 
2014-07-09T15:53:10.633+0200: 98.243: [Full GC [PSYoungGen: 2529K->0K(13824K)] [ParOldGen: 10835K->5865K(16384K)] 13364K->5865K(30208K) [PSPermGen: 2476K->2476K(21504K)], 0.0124741 secs] [Times: user=0.00 sys=0.00, real=0.01 secs] 
2014-07-09T15:53:10.681+0200: 98.291: [GC [PSYoungGen: 11251K->192K(13824K)] 17116K->6057K(30208K), 0.0029799 secs] [Times: user=0.00 sys=0.00, real=0.00 secs] 
2014-07-09T15:53:10.728+0200: 98.337: [GC [PSYoungGen: 11441K->2529K(13824K)] 17306K->9138K(30208K), 0.0021514 secs] [Times: user=0.00 sys=0.00, real=0.00 secs] 
2014-07-09T15:53:10.778+0200: 98.388: [GC [PSYoungGen: 13789K->2529K(13824K)] 20399K->11387K(30208K), 0.0034598 secs] [Times: user=0.00 sys=0.00, real=0.00 secs] 
2014-07-09T15:53:10.787+0200: 98.396: [GC [PSYoungGen: 13778K->2529K(13824K)] 22637K->16678K(30208K), 0.0061868 secs] [Times: user=0.00 sys=0.00, real=0.01 secs] 
2014-07-09T15:53:10.793+0200: 98.402: [Full GC [PSYoungGen: 2529K->0K(13824K)] [ParOldGen: 14149K->8299K(16384K)] 16678K->8299K(30208K) [PSPermGen: 2476K->2476K(21504K)], 0.0117130 secs] [Times: user=0.03 sys=0.00, real=0.01 secs] 
2014-07-09T15:53:10.878+0200: 98.487: [GC [PSYoungGen: 11251K->2529K(13824K)] 19550K->10956K(30208K), 0.0032362 secs] [Times: user=0.01 sys=0.00, real=0.00 secs] 
2014-07-09T15:53:10.891+0200: 98.500: [GC [PSYoungGen: 13778K->2529K(13824K)] 22206K->14134K(30208K), 0.0081725 secs] [Times: user=0.03 sys=0.00, real=0.01 secs] 
2014-07-09T15:53:10.899+0200: 98.509: [Full GC [PSYoungGen: 2529K->0K(13824K)] [ParOldGen: 11605K->6186K(16384K)] 14134K->6186K(30208K) [PSPermGen: 2476K->2476K(21504K)], 0.0157070 secs] [Times: user=0.03 sys=0.00, real=0.02 secs] 
2014-07-09T15:53:10.977+0200: 98.587: [GC [PSYoungGen: 11251K->544K(13824K)] 17437K->6730K(30208K), 0.0013807 secs] [Times: user=0.00 sys=0.00, real=0.00 secs] 
2014-07-09T15:53:10.987+0200: 98.597: [GC [PSYoungGen: 11793K->2529K(13824K)] 17980K->9780K(30208K), 0.0060512 secs] [Times: user=0.03 sys=0.00, real=0.01 secs] 
2014-07-09T15:53:11.028+0200: 98.638: [GC [PSYoungGen: 13789K->2529K(13824K)] 21040K->12349K(30208K), 0.0043540 secs] [Times: user=0.00 sys=0.00, real=0.00 secs] 
2014-07-09T15:53:11.081+0200: 98.690: [GC [PSYoungGen: 13778K->2529K(13824K)] 23598K->17960K(30208K), 0.0063580 secs] [Times: user=0.03 sys=0.00, real=0.01 secs] 
2014-07-09T15:53:11.087+0200: 98.697: [Full GC [PSYoungGen: 2529K->0K(13824K)] [ParOldGen: 15430K->8620K(16384K)] 17960K->8620K(30208K) [PSPermGen: 2476K->2476K(21504K)], 0.0110560 secs] [Times: user=0.00 sys=0.00, real=0.01 secs] 
2014-07-09T15:53:11.128+0200: 98.738: [GC [PSYoungGen: 11251K->2529K(13824K)] 19872K->11566K(30208K), 0.0129243 secs] [Times: user=0.01 sys=0.00, real=0.01 secs] 
2014-07-09T15:53:11.179+0200: 98.789: [GC [PSYoungGen: 13778K->2529K(13824K)] 22815K->15063K(30208K), 0.0083961 secs] [Times: user=0.00 sys=0.00, real=0.01 secs] 
2014-07-09T15:53:11.188+0200: 98.797: [Full GC [PSYoungGen: 2529K->0K(13824K)] [ParOldGen: 12534K->6507K(16384K)] 15063K->6507K(30208K) [PSPermGen: 2476K->2476K(21504K)], 0.0226146 secs] [Times: user=0.05 sys=0.00, real=0.02 secs] 
2014-07-09T15:53:11.233+0200: 98.843: [GC [PSYoungGen: 11251K->832K(13824K)] 17759K->7340K(30208K), 0.0140003 secs] [Times: user=0.00 sys=0.00, real=0.01 secs] 
2014-07-09T15:53:11.277+0200: 98.887: [GC [PSYoungGen: 12087K->2529K(13824K)] 18595K->9397K(30208K), 0.0014423 secs] [Times: user=0.00 sys=0.00, real=0.00 secs] 
2014-07-09T15:53:11.284+0200: 98.893: [GC [PSYoungGen: 13778K->2529K(13824K)] 20646K->12798K(30208K), 0.0047771 secs] [Times: user=0.03 sys=0.00, real=0.01 secs] 
2014-07-09T15:53:11.289+0200: 98.898: [Full GC [PSYoungGen: 2529K->0K(13824K)] [ParOldGen: 10269K->6412K(16384K)] 12798K->6412K(30208K) [PSPermGen: 2476K->2476K(21504K)], 0.0089915 secs] [Times: user=0.00 sys=0.00, real=0.01 secs] 
2014-07-09T15:53:11.377+0200: 98.987: [GC [PSYoungGen: 11251K->768K(13824K)] 17663K->7180K(30208K), 0.0015142 secs] [Times: user=0.00 sys=0.00, real=0.00 secs] 
2014-07-09T15:53:11.388+0200: 98.997: [GC [PSYoungGen: 12017K->2529K(13824K)] 18430K->10230K(30208K), 0.0049066 secs] [Times: user=0.00 sys=0.00, real=0.00 secs] 
2014-07-09T15:53:11.431+0200: 99.041: [GC [PSYoungGen: 13780K->2529K(13824K)] 21481K->14560K(30208K), 0.0086513 secs] [Times: user=0.00 sys=0.00, real=0.01 secs] 
2014-07-09T15:53:11.440+0200: 99.050: [Full GC [PSYoungGen: 2529K->0K(13824K)] [ParOldGen: 12030K->7340K(16384K)] 14560K->7340K(30208K) [PSPermGen: 2476K->2476K(21504K)], 0.0165194 secs] [Times: user=0.03 sys=0.00, real=0.02 secs] 
2014-07-09T15:53:11.481+0200: 99.090: [GC [PSYoungGen: 11233K->512K(13824K)] 18574K->7852K(30208K), 0.0009422 secs] [Times: user=0.00 sys=0.00, real=0.00 secs] 
2014-07-09T15:53:11.527+0200: 99.137: [GC [PSYoungGen: 11767K->2529K(13824K)] 19107K->9877K(30208K), 0.0014588 secs] [Times: user=0.00 sys=0.00, real=0.00 secs] 
2014-07-09T15:53:11.580+0200: 99.189: [GC [PSYoungGen: 13778K->2529K(13824K)] 21127K->12927K(30208K), 0.0089229 secs] [Times: user=0.03 sys=0.00, real=0.01 secs] 
2014-07-09T15:53:11.589+0200: 99.199: [Full GC [PSYoungGen: 2529K->0K(13824K)] [ParOldGen: 10398K->6062K(16384K)] 12927K->6062K(30208K) [PSPermGen: 2476K->2476K(21504K)], 0.0165601 secs] [Times: user=0.02 sys=0.00, real=0.02 secs] 
2014-07-09T15:53:11.627+0200: 99.237: [GC [PSYoungGen: 11251K->416K(13824K)] 17313K->6478K(30208K), 0.0007516 secs] [Times: user=0.00 sys=0.00, real=0.00 secs] 
2014-07-09T15:53:11.679+0200: 99.289: [GC [PSYoungGen: 11665K->2529K(13824K)] 17727K->9527K(30208K), 0.0036039 secs] [Times: user=0.00 sys=0.00, real=0.00 secs] 
2014-07-09T15:53:11.690+0200: 99.300: [GC [PSYoungGen: 13780K->2529K(13824K)] 20779K->13505K(30208K), 0.0056622 secs] [Times: user=0.03 sys=0.00, real=0.01 secs] 
2014-07-09T15:53:11.696+0200: 99.306: [Full GC [PSYoungGen: 2529K->0K(13824K)] [ParOldGen: 10976K->6990K(16384K)] 13505K->6990K(30208K) [PSPermGen: 2476K->2476K(21504K)], 0.0126933 secs] [Times: user=0.03 sys=0.00, real=0.01 secs] 
2014-07-09T15:53:11.777+0200: 99.386: [GC [PSYoungGen: 11254K->288K(13824K)] 18245K->7278K(30208K), 0.0031046 secs] [Times: user=0.00 sys=0.00, real=0.00 secs] 
2014-07-09T15:53:11.785+0200: 99.395: [GC [PSYoungGen: 11537K->2529K(13824K)] 18528K->10360K(30208K), 0.0023827 secs] [Times: user=0.00 sys=0.00, real=0.00 secs] 
2014-07-09T15:53:11.828+0200: 99.438: [GC [PSYoungGen: 13780K->2529K(13824K)] 21611K->14242K(30208K), 0.0049164 secs] [Times: user=0.03 sys=0.00, real=0.00 secs] 
2014-07-09T15:53:11.833+0200: 99.443: [Full GC [PSYoungGen: 2529K->0K(13824K)] [ParOldGen: 11713K->6895K(16384K)] 14242K->6895K(30208K) [PSPermGen: 2476K->2476K(21504K)], 0.0093915 secs] [Times: user=0.00 sys=0.00, real=0.01 secs] 
2014-07-09T15:53:11.880+0200: 99.490: [GC [PSYoungGen: 11249K->1248K(13824K)] 18144K->8143K(30208K), 0.0012674 secs] [Times: user=0.00 sys=0.00, real=0.00 secs] 
2014-07-09T15:53:11.929+0200: 99.539: [GC [PSYoungGen: 12500K->2529K(13824K)] 19395K->11193K(30208K), 0.0055760 secs] [Times: user=0.00 sys=0.00, real=0.01 secs] 
2014-07-09T15:53:11.979+0200: 99.589: [GC [PSYoungGen: 13778K->2529K(13824K)] 22442K->16003K(30208K), 0.0058191 secs] [Times: user=0.00 sys=0.00, real=0.01 secs] 
2014-07-09T15:53:11.985+0200: 99.595: [Full GC [PSYoungGen: 2529K->0K(13824K)] [ParOldGen: 13474K->7823K(16384K)] 16003K->7823K(30208K) [PSPermGen: 2476K->2476K(21504K)], 0.0133463 secs] [Times: user=0.03 sys=0.00, real=0.01 secs] 
2014-07-09T15:53:12.027+0200: 99.637: [GC [PSYoungGen: 11260K->640K(13824K)] 19084K->8464K(30208K), 0.0009177 secs] [Times: user=0.00 sys=0.00, real=0.00 secs] 
2014-07-09T15:53:12.078+0200: 99.687: [GC [PSYoungGen: 11889K->2529K(13824K)] 19713K->11513K(30208K), 0.0026012 secs] [Times: user=0.00 sys=0.00, real=0.00 secs] 
2014-07-09T15:53:12.120+0200: 99.729: [GC [PSYoungGen: 13780K->2529K(13824K)] 22765K->15683K(30208K), 0.0057821 secs] [Times: user=0.00 sys=0.00, real=0.01 secs] 
2014-07-09T15:53:12.125+0200: 99.735: [Full GC [PSYoungGen: 2529K->0K(13824K)] [ParOldGen: 13154K->7216K(16384K)] 15683K->7216K(30208K) [PSPermGen: 2476K->2476K(21504K)], 0.0138126 secs] [Times: user=0.02 sys=0.00, real=0.01 secs] 
2014-07-09T15:53:12.177+0200: 99.787: [GC [PSYoungGen: 11249K->1568K(13824K)] 18466K->8785K(30208K), 0.0008040 secs] [Times: user=0.00 sys=0.00, real=0.00 secs] 
2014-07-09T15:53:12.184+0200: 99.794: [GC [PSYoungGen: 12820K->2529K(13824K)] 20036K->11834K(30208K), 0.0050121 secs] [Times: user=0.00 sys=0.00, real=0.00 secs] 
2014-07-09T15:53:12.230+0200: 99.839: [GC [PSYoungGen: 13778K->2529K(13824K)] 23084K->16965K(30208K), 0.0100166 secs] [Times: user=0.03 sys=0.00, real=0.01 secs] 
2014-07-09T15:53:12.240+0200: 99.850: [Full GC [PSYoungGen: 2529K->0K(13824K)] [ParOldGen: 14436K->8145K(16384K)] 16965K->8145K(30208K) [PSPermGen: 2476K->2476K(21504K)], 0.0215752 secs] [Times: user=0.02 sys=0.00, real=0.02 secs] 
2014-07-09T15:53:12.281+0200: 99.890: [GC [PSYoungGen: 11260K->960K(13824K)] 19405K->9105K(30208K), 0.0013125 secs] [Times: user=0.00 sys=0.00, real=0.00 secs] 
2014-07-09T15:53:12.328+0200: 99.938: [GC [PSYoungGen: 12209K->2529K(13824K)] 20354K->12154K(30208K), 0.0033469 secs] [Times: user=0.03 sys=0.00, real=0.00 secs] 
2014-07-09T15:53:12.380+0200: 99.990: [GC [PSYoungGen: 13780K->2529K(13824K)] 23406K->16677K(30208K), 0.0090168 secs] [Times: user=0.00 sys=0.00, real=0.01 secs] 
2014-07-09T15:53:12.390+0200: 99.999: [Full GC [PSYoungGen: 2529K->0K(13824K)] [ParOldGen: 14147K->7537K(16384K)] 16677K->7537K(30208K) [PSPermGen: 2476K->2476K(21504K)], 0.0214502 secs] [Times: user=0.06 sys=0.00, real=0.02 secs] 
2014-07-09T15:53:12.428+0200: 100.037: [GC [PSYoungGen: 11249K->1888K(13824K)] 18787K->9426K(30208K), 0.0012388 secs] [Times: user=0.00 sys=0.00, real=0.00 secs] 
2014-07-09T15:53:12.479+0200: 100.089: [GC [PSYoungGen: 13140K->2529K(13824K)] 20678K->12476K(30208K), 0.0063657 secs] [Times: user=0.00 sys=0.00, real=0.01 secs] 
2014-07-09T15:53:12.495+0200: 100.105: [GC [PSYoungGen: 13778K->2529K(13824K)] 23725K->17926K(30208K), 0.0073640 secs] [Times: user=0.02 sys=0.00, real=0.01 secs] 
2014-07-09T15:53:12.503+0200: 100.112: [Full GC [PSYoungGen: 2529K->0K(13824K)] [ParOldGen: 15397K->8466K(16384K)] 17926K->8466K(30208K) [PSPermGen: 2476K->2476K(21504K)], 0.0138053 secs] [Times: user=0.00 sys=0.00, real=0.01 secs] 
2014-07-09T15:53:12.577+0200: 100.187: [GC [PSYoungGen: 11233K->1120K(13824K)] 19699K->9586K(30208K), 0.0017140 secs] [Times: user=0.00 sys=0.00, real=0.00 secs] 
2014-07-09T15:53:12.588+0200: 100.197: [GC [PSYoungGen: 12370K->2529K(13824K)] 20836K->12636K(30208K), 0.0034393 secs] [Times: user=0.00 sys=0.00, real=0.00 secs] 
2014-07-09T15:53:12.592+0200: 100.201: [Full GC [PSYoungGen: 2529K->0K(13824K)] [ParOldGen: 10107K->4658K(16384K)] 12636K->4658K(30208K) [PSPermGen: 2476K->2476K(21504K)], 0.0115333 secs] [Times: user=0.01 sys=0.00, real=0.01 secs] 
2014-07-09T15:53:12.629+0200: 100.239: [GC [PSYoungGen: 11249K->2529K(13824K)] 15907K->11861K(30208K), 0.0060959 secs] [Times: user=0.00 sys=0.00, real=0.01 secs] 
2014-07-09T15:53:12.682+0200: 100.292: [GC [PSYoungGen: 13778K->2048K(13824K)] 23111K->11389K(30208K), 0.0034591 secs] [Times: user=0.00 sys=0.00, real=0.00 secs] 
2014-07-09T15:53:12.733+0200: 100.342: [GC [PSYoungGen: 13300K->2529K(13824K)] 22640K->14406K(30208K), 0.0102043 secs] [Times: user=0.00 sys=0.00, real=0.01 secs] 
2014-07-09T15:53:12.743+0200: 100.353: [Full GC [PSYoungGen: 2529K->0K(13824K)] [ParOldGen: 11877K->5586K(16384K)] 14406K->5586K(30208K) [PSPermGen: 2476K->2476K(21504K)], 0.0256752 secs] [Times: user=0.05 sys=0.00, real=0.03 secs] 
2014-07-09T15:53:12.780+0200: 100.389: [GC [PSYoungGen: 11254K->2529K(13824K)] 16841K->12694K(30208K), 0.0057425 secs] [Times: user=0.03 sys=0.00, real=0.01 secs] 
2014-07-09T15:53:12.786+0200: 100.395: [Full GC [PSYoungGen: 2529K->0K(13824K)] [ParOldGen: 10164K->7604K(16384K)] 12694K->7604K(30208K) [PSPermGen: 2476K->2476K(21504K)], 0.0093248 secs] [Times: user=0.00 sys=0.00, real=0.01 secs] 
2014-07-09T15:53:12.827+0200: 100.437: [GC [PSYoungGen: 11249K->1920K(13824K)] 18853K->9525K(30208K), 0.0017800 secs] [Times: user=0.00 sys=0.00, real=0.00 secs] 
2014-07-09T15:53:12.879+0200: 100.488: [GC [PSYoungGen: 13172K->2529K(13824K)] 20776K->12574K(30208K), 0.0161169 secs] [Times: user=0.01 sys=0.00, real=0.02 secs] 
2014-07-09T15:53:12.895+0200: 100.505: [Full GC [PSYoungGen: 2529K->0K(13824K)] [ParOldGen: 10045K->5491K(16384K)] 12574K->5491K(30208K) [PSPermGen: 2476K->2476K(21504K)], 0.0112231 secs] [Times: user=0.00 sys=0.00, real=0.01 secs] 
2014-07-09T15:53:12.911+0200: 100.521: [GC [PSYoungGen: 11249K->2529K(13824K)] 16740K->13527K(30208K), 0.0056941 secs] [Times: user=0.00 sys=0.00, real=0.01 secs] 
2014-07-09T15:53:12.917+0200: 100.527: [Full GC [PSYoungGen: 2529K->0K(13824K)] [ParOldGen: 10997K->8532K(16384K)] 13527K->8532K(30208K) [PSPermGen: 2476K->2476K(21504K)], 0.0100316 secs] [Times: user=0.03 sys=0.00, real=0.01 secs] 
2014-07-09T15:53:12.978+0200: 100.587: [GC [PSYoungGen: 11251K->2529K(13824K)] 19784K->11381K(30208K), 0.0044871 secs] [Times: user=0.00 sys=0.00, real=0.00 secs] 
2014-07-09T15:53:12.992+0200: 100.601: [GC [PSYoungGen: 13761K->2529K(13824K)] 22614K->12702K(30208K), 0.0054939 secs] [Times: user=0.00 sys=0.00, real=0.00 secs] 
2014-07-09T15:53:12.997+0200: 100.607: [Full GC [PSYoungGen: 2529K->0K(13824K)] [ParOldGen: 10173K->4340K(16384K)] 12702K->4340K(30208K) [PSPermGen: 2476K->2476K(21504K)], 0.0383549 secs] [Times: user=0.05 sys=0.00, real=0.04 secs] 
2014-07-09T15:53:13.041+0200: 100.651: [GC [PSYoungGen: 11251K->2529K(13824K)] 15591K->11223K(30208K), 0.0049802 secs] [Times: user=0.00 sys=0.00, real=0.01 secs] 
2014-07-09T15:53:13.082+0200: 100.691: [GC [PSYoungGen: 13778K->1728K(13824K)] 22473K->10431K(30208K), 0.0014342 secs] [Times: user=0.00 sys=0.00, real=0.00 secs] 
2014-07-09T15:53:13.128+0200: 100.738: [GC [PSYoungGen: 12980K->2529K(13824K)] 21682K->13480K(30208K), 0.0035801 secs] [Times: user=0.00 sys=0.00, real=0.00 secs] 
2014-07-09T15:53:13.132+0200: 100.742: [Full GC [PSYoungGen: 2529K->0K(13824K)] [ParOldGen: 10951K->5268K(16384K)] 13480K->5268K(30208K) [PSPermGen: 2476K->2476K(21504K)], 0.0095198 secs] [Times: user=0.00 sys=0.00, real=0.01 secs] 
2014-07-09T15:53:13.180+0200: 100.789: [GC [PSYoungGen: 11249K->2529K(13824K)] 16518K->13056K(30208K), 0.0063899 secs] [Times: user=0.00 sys=0.00, real=0.01 secs] 
2014-07-09T15:53:13.186+0200: 100.796: [Full GC [PSYoungGen: 2529K->0K(13824K)] [ParOldGen: 10527K->8310K(16384K)] 13056K->8310K(30208K) [PSPermGen: 2476K->2476K(21504K)], 0.0095968 secs] [Times: user=0.01 sys=0.00, real=0.01 secs] 
2014-07-09T15:53:13.229+0200: 100.837: [GC [PSYoungGen: 11251K->2529K(13824K)] 19561K->10967K(30208K), 0.0014907 secs] [Times: user=0.00 sys=0.00, real=0.00 secs] 
2014-07-09T15:53:13.280+0200: 100.889: [GC [PSYoungGen: 13784K->2529K(13824K)] 22222K->13120K(30208K), 0.0060904 secs] [Times: user=0.03 sys=0.00, real=0.01 secs] 
2014-07-09T15:53:13.287+0200: 100.895: [Full GC [PSYoungGen: 2529K->0K(13824K)] [ParOldGen: 10591K->5173K(16384K)] 13120K->5173K(30208K) [PSPermGen: 2476K->2476K(21504K)], 0.0449578 secs] [Times: user=0.03 sys=0.00, real=0.05 secs] 
2014-07-09T15:53:13.338+0200: 100.946: [GC [PSYoungGen: 11249K->2529K(13824K)] 16422K->12888K(30208K), 0.0053351 secs] [Times: user=0.00 sys=0.00, real=0.00 secs] 
2014-07-09T15:53:13.343+0200: 100.952: [Full GC [PSYoungGen: 2529K->0K(13824K)] [ParOldGen: 10359K->8214K(16384K)] 12888K->8214K(30208K) [PSPermGen: 2476K->2476K(21504K)], 0.0156073 secs] [Times: user=0.03 sys=0.00, real=0.02 secs] 
2014-07-09T15:53:13.377+0200: 100.986: [GC [PSYoungGen: 11251K->2529K(13824K)] 19466K->10775K(30208K), 0.0015116 secs] [Times: user=0.01 sys=0.00, real=0.00 secs] 
2014-07-09T15:53:13.385+0200: 100.994: [GC [PSYoungGen: 13778K->2529K(13824K)] 22025K->13857K(30208K), 0.0044307 secs] [Times: user=0.00 sys=0.00, real=0.01 secs] 
2014-07-09T15:53:13.390+0200: 100.998: [Full GC [PSYoungGen: 2529K->0K(13824K)] [ParOldGen: 11328K->6101K(16384K)] 13857K->6101K(30208K) [PSPermGen: 2476K->2476K(21504K)], 0.0089024 secs] [Times: user=0.02 sys=0.00, real=0.01 secs] 
2014-07-09T15:53:13.477+0200: 101.085: [GC [PSYoungGen: 11251K->448K(13824K)] 17353K->6549K(30208K), 0.0005041 secs] [Times: user=0.00 sys=0.00, real=0.00 secs] 
2014-07-09T15:53:13.481+0200: 101.090: [GC [PSYoungGen: 11697K->2529K(13824K)] 17799K->9599K(30208K), 0.0027112 secs] [Times: user=0.00 sys=0.00, real=0.00 secs] 
2014-07-09T15:53:13.529+0200: 101.138: [GC [PSYoungGen: 13763K->2529K(13824K)] 20833K->11912K(30208K), 0.0062147 secs] [Times: user=0.03 sys=0.00, real=0.01 secs] 
2014-07-09T15:53:13.582+0200: 101.191: [GC [PSYoungGen: 13778K->2529K(13824K)] 23161K->17267K(30208K), 0.0098428 secs] [Times: user=0.00 sys=0.00, real=0.01 secs] 
2014-07-09T15:53:13.592+0200: 101.201: [Full GC [PSYoungGen: 2529K->0K(13824K)] [ParOldGen: 14737K->8376K(16384K)] 17267K->8376K(30208K) [PSPermGen: 2476K->2476K(21504K)], 0.0215558 secs] [Times: user=0.06 sys=0.00, real=0.02 secs] 
2014-07-09T15:53:13.627+0200: 101.236: [GC [PSYoungGen: 11251K->2529K(13824K)] 19627K->11097K(30208K), 0.0022379 secs] [Times: user=0.00 sys=0.00, real=0.00 secs] 
2014-07-09T15:53:13.680+0200: 101.289: [GC [PSYoungGen: 13778K->2529K(13824K)] 22347K->14307K(30208K), 0.0092298 secs] [Times: user=0.00 sys=0.02, real=0.01 secs] 
2014-07-09T15:53:13.690+0200: 101.299: [Full GC [PSYoungGen: 2529K->0K(13824K)] [ParOldGen: 11778K->6263K(16384K)] 14307K->6263K(30208K) [PSPermGen: 2476K->2476K(21504K)], 0.0195038 secs] [Times: user=0.01 sys=0.00, real=0.02 secs] 
2014-07-09T15:53:13.727+0200: 101.335: [GC [PSYoungGen: 11251K->576K(13824K)] 17514K->6839K(30208K), 0.0130112 secs] [Times: user=0.02 sys=0.00, real=0.01 secs] 
2014-07-09T15:53:13.777+0200: 101.386: [GC [PSYoungGen: 11835K->2113K(13824K)] 18098K->8384K(30208K), 0.0009613 secs] [Times: user=0.00 sys=0.00, real=0.00 secs] 
2014-07-09T15:53:13.784+0200: 101.392: [GC [PSYoungGen: 13362K->2529K(13824K)] 19633K->11433K(30208K), 0.0037887 secs] [Times: user=0.00 sys=0.00, real=0.00 secs] 
2014-07-09T15:53:13.830+0200: 101.438: [GC [PSYoungGen: 13778K->2529K(13824K)] 22683K->17108K(30208K), 0.0058015 secs] [Times: user=0.00 sys=0.00, real=0.01 secs] 
2014-07-09T15:53:13.836+0200: 101.444: [Full GC [PSYoungGen: 2529K->0K(13824K)] [ParOldGen: 14579K->8697K(16384K)] 17108K->8697K(30208K) [PSPermGen: 2476K->2476K(21504K)], 0.0111315 secs] [Times: user=0.03 sys=0.00, real=0.01 secs] 
2014-07-09T15:53:13.882+0200: 101.490: [GC [PSYoungGen: 11251K->2529K(13824K)] 19949K->11739K(30208K), 0.0188988 secs] [Times: user=0.00 sys=0.00, real=0.02 secs] 
2014-07-09T15:53:13.929+0200: 101.538: [GC [PSYoungGen: 13778K->2529K(13824K)] 22988K->15300K(30208K), 0.0040989 secs] [Times: user=0.00 sys=0.00, real=0.00 secs] 
2014-07-09T15:53:13.933+0200: 101.542: [Full GC [PSYoungGen: 2529K->0K(13824K)] [ParOldGen: 12771K->6584K(16384K)] 15300K->6584K(30208K) [PSPermGen: 2476K->2476K(21504K)], 0.0096643 secs] [Times: user=0.02 sys=0.00, real=0.01 secs] 
2014-07-09T15:53:13.981+0200: 101.590: [GC [PSYoungGen: 11257K->416K(13824K)] 17841K->7000K(30208K), 0.0009089 secs] [Times: user=0.00 sys=0.00, real=0.00 secs] 
2014-07-09T15:53:14.028+0200: 101.636: [GC [PSYoungGen: 11671K->2433K(13824K)] 18255K->9025K(30208K), 0.0013030 secs] [Times: user=0.00 sys=0.00, real=0.00 secs] 
2014-07-09T15:53:14.083+0200: 101.691: [GC [PSYoungGen: 13682K->2529K(13824K)] 20275K->12075K(30208K), 0.0045678 secs] [Times: user=0.00 sys=0.00, real=0.00 secs] 
2014-07-09T15:53:14.142+0200: 101.750: [GC [PSYoungGen: 13780K->320K(13824K)] 23326K->9874K(30208K), 0.0031302 secs] [Times: user=0.00 sys=0.00, real=0.00 secs] 
2014-07-09T15:53:14.177+0200: 101.786: [GC [PSYoungGen: 11569K->2529K(13824K)] 21123K->12923K(30208K), 0.0018086 secs] [Times: user=0.00 sys=0.00, real=0.00 secs] 
2014-07-09T15:53:14.179+0200: 101.788: [Full GC [PSYoungGen: 2529K->0K(13824K)] [ParOldGen: 10394K->3864K(16384K)] 12923K->3864K(30208K) [PSPermGen: 2476K->2476K(21504K)], 0.0075063 secs] [Times: user=0.00 sys=0.00, real=0.01 secs] 
2014-07-09T15:53:14.192+0200: 101.800: [GC [PSYoungGen: 11251K->2529K(13824K)] 15115K->10267K(30208K), 0.0114585 secs] [Times: user=0.00 sys=0.00, real=0.01 secs] 
2014-07-09T15:53:14.277+0200: 101.886: [GC [PSYoungGen: 13784K->224K(13824K)] 21522K->7970K(30208K), 0.0012773 secs] [Times: user=0.00 sys=0.00, real=0.00 secs] 
2014-07-09T15:53:14.287+0200: 101.896: [GC [PSYoungGen: 11473K->2529K(13824K)] 19219K->11019K(30208K), 0.0040651 secs] [Times: user=0.00 sys=0.00, real=0.00 secs] 
2014-07-09T15:53:14.329+0200: 101.937: [GC [PSYoungGen: 13780K->2529K(13824K)] 22271K->14805K(30208K), 0.0053685 secs] [Times: user=0.00 sys=0.00, real=0.01 secs] 
2014-07-09T15:53:14.334+0200: 101.943: [Full GC [PSYoungGen: 2529K->0K(13824K)] [ParOldGen: 12276K->6810K(16384K)] 14805K->6810K(30208K) [PSPermGen: 2476K->2476K(21504K)], 0.0132997 secs] [Times: user=0.03 sys=0.00, real=0.01 secs] 
2014-07-09T15:53:14.380+0200: 101.988: [GC [PSYoungGen: 11249K->1152K(13824K)] 18059K->7963K(30208K), 0.0012267 secs] [Times: user=0.00 sys=0.00, real=0.00 secs] 
2014-07-09T15:53:14.429+0200: 102.038: [GC [PSYoungGen: 12404K->2529K(13824K)] 19214K->11012K(30208K), 0.0049307 secs] [Times: user=0.00 sys=0.00, real=0.01 secs] 
2014-07-09T15:53:14.481+0200: 102.089: [GC [PSYoungGen: 13778K->2529K(13824K)] 22262K->15694K(30208K), 0.0139402 secs] [Times: user=0.02 sys=0.00, real=0.01 secs] 
2014-07-09T15:53:14.495+0200: 102.104: [Full GC [PSYoungGen: 2529K->0K(13824K)] [ParOldGen: 13165K->7738K(16384K)] 15694K->7738K(30208K) [PSPermGen: 2476K->2476K(21504K)], 0.0305626 secs] [Times: user=0.03 sys=0.00, real=0.03 secs] 
2014-07-09T15:53:14.533+0200: 102.142: [GC [PSYoungGen: 11260K->416K(13824K)] 18999K->8154K(30208K), 0.0031739 secs] [Times: user=0.00 sys=0.00, real=0.00 secs] 
2014-07-09T15:53:14.578+0200: 102.187: [GC [PSYoungGen: 11676K->2529K(13824K)] 19415K->10692K(30208K), 0.0056035 secs] [Times: user=0.03 sys=0.00, real=0.01 secs] 
2014-07-09T15:53:14.588+0200: 102.197: [GC [PSYoungGen: 13778K->2529K(13824K)] 21941K->14158K(30208K), 0.0044934 secs] [Times: user=0.00 sys=0.00, real=0.00 secs] 
2014-07-09T15:53:14.593+0200: 102.202: [Full GC [PSYoungGen: 2529K->0K(13824K)] [ParOldGen: 11628K->6492K(16384K)] 14158K->6492K(30208K) [PSPermGen: 2476K->2476K(21504K)], 0.0092540 secs] [Times: user=0.03 sys=0.00, real=0.01 secs] 
2014-07-09T15:53:14.677+0200: 102.286: [GC [PSYoungGen: 11251K->832K(13824K)] 17744K->7324K(30208K), 0.0016667 secs] [Times: user=0.00 sys=0.00, real=0.00 secs] 
2014-07-09T15:53:14.688+0200: 102.297: [GC [PSYoungGen: 12081K->2529K(13824K)] 18574K->10374K(30208K), 0.0050965 secs] [Times: user=0.00 sys=0.00, real=0.01 secs] 
2014-07-09T15:53:14.730+0200: 102.339: [GC [PSYoungGen: 13780K->2529K(13824K)] 21625K->14768K(30208K), 0.0088940 secs] [Times: user=0.03 sys=0.00, real=0.01 secs] 
2014-07-09T15:53:14.740+0200: 102.348: [Full GC [PSYoungGen: 2529K->0K(13824K)] [ParOldGen: 12239K->7421K(16384K)] 14768K->7421K(30208K) [PSPermGen: 2476K->2476K(21504K)], 0.0168538 secs] [Times: user=0.02 sys=0.00, real=0.02 secs] 
2014-07-09T15:53:14.780+0200: 102.389: [GC [PSYoungGen: 11254K->736K(13824K)] 18676K->8157K(30208K), 0.0011189 secs] [Times: user=0.00 sys=0.01, real=0.00 secs] 
2014-07-09T15:53:14.828+0200: 102.436: [GC [PSYoungGen: 11985K->2529K(13824K)] 19406K->11206K(30208K), 0.0028322 secs] [Times: user=0.00 sys=0.00, real=0.00 secs] 
2014-07-09T15:53:14.880+0200: 102.489: [GC [PSYoungGen: 13780K->2529K(13824K)] 22458K->15504K(30208K), 0.0086395 secs] [Times: user=0.00 sys=0.00, real=0.01 secs] 
2014-07-09T15:53:14.889+0200: 102.498: [Full GC [PSYoungGen: 2529K->0K(13824K)] [ParOldGen: 12975K->7325K(16384K)] 15504K->7325K(30208K) [PSPermGen: 2476K->2476K(21504K)], 0.0173297 secs] [Times: user=0.06 sys=0.00, real=0.02 secs] 
2014-07-09T15:53:14.928+0200: 102.536: [GC [PSYoungGen: 11249K->1664K(13824K)] 18575K->8990K(30208K), 0.0012627 secs] [Times: user=0.00 sys=0.00, real=0.00 secs] 
2014-07-09T15:53:14.980+0200: 102.588: [GC [PSYoungGen: 12916K->2529K(13824K)] 20241K->12039K(30208K), 0.0058059 secs] [Times: user=0.03 sys=0.00, real=0.01 secs] 
2014-07-09T15:53:14.995+0200: 102.604: [GC [PSYoungGen: 13787K->2529K(13824K)] 23298K->15729K(30208K), 0.0076881 secs] [Times: user=0.03 sys=0.00, real=0.01 secs] 
2014-07-09T15:53:15.003+0200: 102.612: [Full GC [PSYoungGen: 2529K->0K(13824K)] [ParOldGen: 13200K->6718K(16384K)] 15729K->6718K(30208K) [PSPermGen: 2476K->2476K(21504K)], 0.0228081 secs] [Times: user=0.02 sys=0.00, real=0.02 secs] 
2014-07-09T15:53:15.090+0200: 102.699: [GC [PSYoungGen: 11249K->1056K(13824K)] 17967K->7774K(30208K), 0.0007270 secs] [Times: user=0.00 sys=0.00, real=0.00 secs] 
2014-07-09T15:53:15.097+0200: 102.705: [GC [PSYoungGen: 12305K->2529K(13824K)] 19024K->10824K(30208K), 0.0035420 secs] [Times: user=0.00 sys=0.00, real=0.00 secs] 
2014-07-09T15:53:15.130+0200: 102.739: [GC [PSYoungGen: 13780K->2529K(13824K)] 22075K->15410K(30208K), 0.0056108 secs] [Times: user=0.00 sys=0.00, real=0.01 secs] 
2014-07-09T15:53:15.136+0200: 102.744: [Full GC [PSYoungGen: 2529K->0K(13824K)] [ParOldGen: 12881K->7646K(16384K)] 15410K->7646K(30208K) [PSPermGen: 2476K->2476K(21504K)], 0.0136707 secs] [Times: user=0.01 sys=0.00, real=0.01 secs] 
2014-07-09T15:53:15.180+0200: 102.789: [GC [PSYoungGen: 11249K->1984K(13824K)] 18896K->9631K(30208K), 0.0016271 secs] [Times: user=0.00 sys=0.00, real=0.00 secs] 
2014-07-09T15:53:15.229+0200: 102.837: [GC [PSYoungGen: 13236K->2529K(13824K)] 20883K->12681K(30208K), 0.0065124 secs] [Times: user=0.03 sys=0.00, real=0.01 secs] 
2014-07-09T15:53:15.280+0200: 102.889: [GC [PSYoungGen: 13789K->2529K(13824K)] 23942K->16691K(30208K), 0.0085134 secs] [Times: user=0.01 sys=0.00, real=0.01 secs] 
2014-07-09T15:53:15.289+0200: 102.898: [Full GC [PSYoungGen: 2529K->0K(13824K)] [ParOldGen: 14162K->7039K(16384K)] 16691K->7039K(30208K) [PSPermGen: 2476K->2476K(21504K)], 0.0243212 secs] [Times: user=0.06 sys=0.00, real=0.02 secs] 
2014-07-09T15:53:15.327+0200: 102.936: [GC [PSYoungGen: 11249K->1376K(13824K)] 18289K->8416K(30208K), 0.0010771 secs] [Times: user=0.00 sys=0.00, real=0.00 secs] 
2014-07-09T15:53:15.378+0200: 102.987: [GC [PSYoungGen: 12628K->2529K(13824K)] 19667K->11465K(30208K), 0.0052306 secs] [Times: user=0.00 sys=0.00, real=0.01 secs] 
2014-07-09T15:53:15.393+0200: 103.002: [GC [PSYoungGen: 13778K->2529K(13824K)] 22715K->16404K(30208K), 0.0093874 secs] [Times: user=0.00 sys=0.00, real=0.01 secs] 
2014-07-09T15:53:15.403+0200: 103.011: [Full GC [PSYoungGen: 2529K->0K(13824K)] [ParOldGen: 13875K->7968K(16384K)] 16404K->7968K(30208K) [PSPermGen: 2476K->2476K(21504K)], 0.0159020 secs] [Times: user=0.02 sys=0.00, real=0.02 secs] 
2014-07-09T15:53:15.478+0200: 103.087: [GC [PSYoungGen: 11251K->2305K(13824K)] 19219K->10273K(30208K), 0.0024069 secs] [Times: user=0.00 sys=0.00, real=0.00 secs] 
2014-07-09T15:53:15.490+0200: 103.099: [GC [PSYoungGen: 13554K->2529K(13824K)] 21522K->13322K(30208K), 0.0071488 secs] [Times: user=0.00 sys=0.00, real=0.01 secs] 
2014-07-09T15:53:15.498+0200: 103.106: [Full GC [PSYoungGen: 2529K->0K(13824K)] [ParOldGen: 10793K->5855K(16384K)] 13322K->5855K(30208K) [PSPermGen: 2476K->2476K(21504K)], 0.0118438 secs] [Times: user=0.03 sys=0.00, real=0.01 secs] 
2014-07-09T15:53:15.529+0200: 103.137: [GC [PSYoungGen: 11234K->2529K(13824K)] 17089K->12546K(30208K), 0.0051478 secs] [Times: user=0.03 sys=0.00, real=0.00 secs] 
2014-07-09T15:53:15.534+0200: 103.143: [Full GC [PSYoungGen: 2529K->0K(13824K)] [ParOldGen: 10017K->7201K(16384K)] 12546K->7201K(30208K) [PSPermGen: 2476K->2476K(21504K)], 0.0092448 secs] [Times: user=0.00 sys=0.00, real=0.01 secs] 
2014-07-09T15:53:15.580+0200: 103.189: [GC [PSYoungGen: 11249K->1536K(13824K)] 18450K->8738K(30208K), 0.0013217 secs] [Times: user=0.00 sys=0.00, real=0.00 secs] 
2014-07-09T15:53:15.628+0200: 103.237: [GC [PSYoungGen: 12788K->2529K(13824K)] 19989K->11787K(30208K), 0.0031790 secs] [Times: user=0.00 sys=0.00, real=0.00 secs] 
2014-07-09T15:53:15.681+0200: 103.290: [GC [PSYoungGen: 13778K->2529K(13824K)] 23037K->16886K(30208K), 0.0098105 secs] [Times: user=0.03 sys=0.00, real=0.01 secs] 
2014-07-09T15:53:15.691+0200: 103.300: [Full GC [PSYoungGen: 2529K->0K(13824K)] [ParOldGen: 14356K->8129K(16384K)] 16886K->8129K(30208K) [PSPermGen: 2476K->2476K(21504K)], 0.0211154 secs] [Times: user=0.02 sys=0.00, real=0.02 secs] 
2014-07-09T15:53:15.727+0200: 103.336: [GC [PSYoungGen: 11251K->2465K(13824K)] 19381K->10595K(30208K), 0.0012773 secs] [Times: user=0.00 sys=0.00, real=0.00 secs] 
2014-07-09T15:53:15.779+0200: 103.388: [GC [PSYoungGen: 13720K->2529K(13824K)] 21850K->12620K(30208K), 0.0055320 secs] [Times: user=0.00 sys=0.02, real=0.01 secs] 
2014-07-09T15:53:15.795+0200: 103.403: [GC [PSYoungGen: 13778K->2529K(13824K)] 23869K->17622K(30208K), 0.0070377 secs] [Times: user=0.00 sys=0.00, real=0.01 secs] 
2014-07-09T15:53:15.802+0200: 103.410: [Full GC [PSYoungGen: 2529K->0K(13824K)] [ParOldGen: 15093K->8034K(16384K)] 17622K->8034K(30208K) [PSPermGen: 2476K->2476K(21504K)], 0.0133507 secs] [Times: user=0.03 sys=0.00, real=0.01 secs] 
2014-07-09T15:53:15.877+0200: 103.486: [GC [PSYoungGen: 11251K->2369K(13824K)] 19285K->10403K(30208K), 0.0010819 secs] [Times: user=0.00 sys=0.00, real=0.00 secs] 
2014-07-09T15:53:15.883+0200: 103.492: [GC [PSYoungGen: 13618K->2529K(13824K)] 21653K->13453K(30208K), 0.0044072 secs] [Times: user=0.00 sys=0.00, real=0.01 secs] 
2014-07-09T15:53:15.888+0200: 103.497: [Full GC [PSYoungGen: 2529K->0K(13824K)] [ParOldGen: 10923K->5921K(16384K)] 13453K->5921K(30208K) [PSPermGen: 2476K->2476K(21504K)], 0.0085644 secs] [Times: user=0.03 sys=0.00, real=0.01 secs] 
2014-07-09T15:53:15.977+0200: 103.586: [GC [PSYoungGen: 11251K->256K(13824K)] 17172K->6177K(30208K), 0.0012733 secs] [Times: user=0.00 sys=0.00, real=0.00 secs] 
2014-07-09T15:53:15.987+0200: 103.596: [GC [PSYoungGen: 11514K->1760K(13824K)] 17436K->7690K(30208K), 0.0026712 secs] [Times: user=0.00 sys=0.00, real=0.00 secs] 
2014-07-09T15:53:16.030+0200: 103.638: [GC [PSYoungGen: 13018K->2529K(13824K)] 18947K->10227K(30208K), 0.0049843 secs] [Times: user=0.00 sys=0.00, real=0.01 secs] 
2014-07-09T15:53:16.103+0200: 103.711: [GC [PSYoungGen: 13778K->2529K(13824K)] 21476K->15037K(30208K), 0.0614571 secs] [Times: user=0.03 sys=0.00, real=0.06 secs] 
2014-07-09T15:53:16.164+0200: 103.773: [Full GC [PSYoungGen: 2529K->0K(13824K)] [ParOldGen: 12508K->7844K(16384K)] 15037K->7844K(30208K) [PSPermGen: 2476K->2476K(21504K)], 0.0212144 secs] [Times: user=0.02 sys=0.00, real=0.02 secs] 
2014-07-09T15:53:16.192+0200: 103.800: [GC [PSYoungGen: 11251K->2177K(13824K)] 19095K->10021K(30208K), 0.0014933 secs] [Times: user=0.00 sys=0.00, real=0.00 secs] 
2014-07-09T15:53:16.199+0200: 103.808: [GC [PSYoungGen: 13426K->2529K(13824K)] 21270K->13070K(30208K), 0.0039823 secs] [Times: user=0.03 sys=0.00, real=0.00 secs] 
2014-07-09T15:53:16.204+0200: 103.812: [Full GC [PSYoungGen: 2529K->0K(13824K)] [ParOldGen: 10541K->5730K(16384K)] 13070K->5730K(30208K) [PSPermGen: 2476K->2476K(21504K)], 0.0106989 secs] [Times: user=0.00 sys=0.00, real=0.01 secs] 
2014-07-09T15:53:16.227+0200: 103.835: [GC [PSYoungGen: 11259K->32K(13824K)] 16990K->5762K(30208K), 0.0006383 secs] [Times: user=0.00 sys=0.00, real=0.00 secs] 
2014-07-09T15:53:16.277+0200: 103.886: [GC [PSYoungGen: 11276K->2080K(13824K)] 17007K->7819K(30208K), 0.0019318 secs] [Times: user=0.02 sys=0.00, real=0.00 secs] 
2014-07-09T15:53:16.290+0200: 103.898: [GC [PSYoungGen: 13330K->2529K(13824K)] 19069K->10869K(30208K), 0.0071411 secs] [Times: user=0.03 sys=0.00, real=0.01 secs] 
2014-07-09T15:53:16.330+0200: 103.939: [GC [PSYoungGen: 13778K->2529K(13824K)] 22118K->16512K(30208K), 0.0064742 secs] [Times: user=0.00 sys=0.00, real=0.01 secs] 
2014-07-09T15:53:16.337+0200: 103.946: [Full GC [PSYoungGen: 2529K->0K(13824K)] [ParOldGen: 13982K->8676K(16384K)] 16512K->8676K(30208K) [PSPermGen: 2476K->2476K(21504K)], 0.0116939 secs] [Times: user=0.02 sys=0.00, real=0.01 secs] 
2014-07-09T15:53:16.381+0200: 103.989: [GC [PSYoungGen: 11251K->2529K(13824K)] 19928K->11686K(30208K), 0.0022676 secs] [Times: user=0.00 sys=0.00, real=0.00 secs] 
2014-07-09T15:53:16.430+0200: 104.039: [GC [PSYoungGen: 13778K->2529K(13824K)] 22935K->15216K(30208K), 0.0085017 secs] [Times: user=0.03 sys=0.00, real=0.01 secs] 
2014-07-09T15:53:16.439+0200: 104.048: [Full GC [PSYoungGen: 2529K->0K(13824K)] [ParOldGen: 12686K->6563K(16384K)] 15216K->6563K(30208K) [PSPermGen: 2476K->2476K(21504K)], 0.0208694 secs] [Times: user=0.02 sys=0.00, real=0.02 secs] 
2014-07-09T15:53:16.480+0200: 104.089: [GC [PSYoungGen: 11251K->896K(13824K)] 17815K->7460K(30208K), 0.0011039 secs] [Times: user=0.00 sys=0.00, real=0.00 secs] 
2014-07-09T15:53:16.528+0200: 104.137: [GC [PSYoungGen: 12129K->2241K(13824K)] 18693K->8813K(30208K), 0.0027006 secs] [Times: user=0.02 sys=0.00, real=0.00 secs] 
2014-07-09T15:53:16.580+0200: 104.188: [GC [PSYoungGen: 13490K->2529K(13824K)] 20062K->11862K(30208K), 0.0068621 secs] [Times: user=0.00 sys=0.00, real=0.01 secs] 
2014-07-09T15:53:16.627+0200: 104.236: [GC [PSYoungGen: 13780K->128K(13824K)] 23113K->9469K(30208K), 0.0013019 secs] [Times: user=0.00 sys=0.00, real=0.00 secs] 
2014-07-09T15:53:16.679+0200: 104.288: [GC [PSYoungGen: 11377K->2529K(13824K)] 20718K->12486K(30208K), 0.0190121 secs] [Times: user=0.02 sys=0.00, real=0.02 secs] 
2014-07-09T15:53:16.704+0200: 104.313: [GC [PSYoungGen: 13778K->2529K(13824K)] 23736K->16144K(30208K), 0.0054242 secs] [Times: user=0.00 sys=0.00, real=0.01 secs] 
2014-07-09T15:53:16.710+0200: 104.319: [Full GC [PSYoungGen: 2529K->0K(13824K)] [ParOldGen: 13615K->6725K(16384K)] 16144K->6725K(30208K) [PSPermGen: 2476K->2476K(21504K)], 0.0150383 secs] [Times: user=0.02 sys=0.00, real=0.01 secs] 
2014-07-09T15:53:16.732+0200: 104.341: [GC [PSYoungGen: 11260K->1376K(13824K)] 17986K->8101K(30208K), 0.0011054 secs] [Times: user=0.00 sys=0.00, real=0.00 secs] 
2014-07-09T15:53:16.780+0200: 104.389: [GC [PSYoungGen: 12625K->2529K(13824K)] 19350K->9294K(30208K), 0.0019046 secs] [Times: user=0.00 sys=0.00, real=0.00 secs] 
2014-07-09T15:53:16.830+0200: 104.439: [GC [PSYoungGen: 13778K->2529K(13824K)] 20544K->12376K(30208K), 0.0072218 secs] [Times: user=0.00 sys=0.00, real=0.01 secs] 
2014-07-09T15:53:16.881+0200: 104.490: [GC [PSYoungGen: 13780K->448K(13824K)] 23627K->10303K(30208K), 0.0017261 secs] [Times: user=0.00 sys=0.00, real=0.00 secs] 
2014-07-09T15:53:16.928+0200: 104.537: [GC [PSYoungGen: 11697K->2529K(13824K)] 21552K->13352K(30208K), 0.0021048 secs] [Times: user=0.00 sys=0.00, real=0.00 secs] 
2014-07-09T15:53:16.981+0200: 104.589: [GC [PSYoungGen: 13780K->2529K(13824K)] 24604K->17362K(30208K), 0.0085959 secs] [Times: user=0.00 sys=0.00, real=0.01 secs] 
2014-07-09T15:53:16.990+0200: 104.598: [Full GC [PSYoungGen: 2529K->0K(13824K)] [ParOldGen: 14833K->7046K(16384K)] 17362K->7046K(30208K) [PSPermGen: 2476K->2476K(21504K)], 0.0154727 secs] [Times: user=0.01 sys=0.00, real=0.02 secs] 
2014-07-09T15:53:17.011+0200: 104.620: [GC [PSYoungGen: 11258K->1088K(13824K)] 18305K->8134K(30208K), 0.0012267 secs] [Times: user=0.02 sys=0.00, real=0.00 secs] 
2014-07-09T15:53:17.079+0200: 104.688: [GC [PSYoungGen: 12339K->2529K(13824K)] 19386K->9936K(30208K), 0.0029920 secs] [Times: user=0.00 sys=0.00, real=0.00 secs] 
2014-07-09T15:53:17.091+0200: 104.700: [GC [PSYoungGen: 13778K->2529K(13824K)] 21185K->13338K(30208K), 0.0043991 secs] [Times: user=0.00 sys=0.00, real=0.00 secs] 
2014-07-09T15:53:17.096+0200: 104.704: [Full GC [PSYoungGen: 2529K->0K(13824K)] [ParOldGen: 10808K->6439K(16384K)] 13338K->6439K(30208K) [PSPermGen: 2476K->2476K(21504K)], 0.0177168 secs] [Times: user=0.02 sys=0.00, real=0.02 secs] 
2014-07-09T15:53:17.195+0200: 104.803: [GC [PSYoungGen: 11251K->736K(13824K)] 17691K->7176K(30208K), 0.0008715 secs] [Times: user=0.00 sys=0.00, real=0.00 secs] 
2014-07-09T15:53:17.201+0200: 104.810: [GC [PSYoungGen: 11985K->2529K(13824K)] 18425K->10225K(30208K), 0.0171167 secs] [Times: user=0.02 sys=0.00, real=0.02 secs] 
2014-07-09T15:53:17.229+0200: 104.837: [GC [PSYoungGen: 13780K->2529K(13824K)] 21477K->14555K(30208K), 0.0052966 secs] [Times: user=0.03 sys=0.00, real=0.00 secs] 
2014-07-09T15:53:17.234+0200: 104.843: [Full GC [PSYoungGen: 2529K->0K(13824K)] [ParOldGen: 12026K->7368K(16384K)] 14555K->7368K(30208K) [PSPermGen: 2476K->2476K(21504K)], 0.0138540 secs] [Times: user=0.02 sys=0.00, real=0.01 secs] 
2014-07-09T15:53:17.280+0200: 104.889: [GC [PSYoungGen: 11254K->672K(13824K)] 18623K->8040K(30208K), 0.0009408 secs] [Times: user=0.00 sys=0.00, real=0.00 secs] 
2014-07-09T15:53:17.327+0200: 104.936: [GC [PSYoungGen: 11921K->2529K(13824K)] 19290K->11090K(30208K), 0.0028252 secs] [Times: user=0.00 sys=0.00, real=0.00 secs] 
2014-07-09T15:53:17.379+0200: 104.987: [GC [PSYoungGen: 13780K->2529K(13824K)] 22341K->15324K(30208K), 0.0051551 secs] [Times: user=0.00 sys=0.00, real=0.01 secs] 
2014-07-09T15:53:17.384+0200: 104.993: [Full GC [PSYoungGen: 2529K->0K(13824K)] [ParOldGen: 12794K->7272K(16384K)] 15324K->7272K(30208K) [PSPermGen: 2476K->2476K(21504K)], 0.0094208 secs] [Times: user=0.01 sys=0.00, real=0.01 secs] 
2014-07-09T15:53:17.427+0200: 105.036: [GC [PSYoungGen: 11249K->1600K(13824K)] 18522K->8873K(30208K), 0.0009587 secs] [Times: user=0.00 sys=0.00, real=0.00 secs] 
2014-07-09T15:53:17.479+0200: 105.088: [GC [PSYoungGen: 12852K->2529K(13824K)] 20125K->11923K(30208K), 0.0056746 secs] [Times: user=0.00 sys=0.01, real=0.01 secs] 
2014-07-09T15:53:17.495+0200: 105.104: [GC [PSYoungGen: 13778K->2529K(13824K)] 23172K->17085K(30208K), 0.0093636 secs] [Times: user=0.03 sys=0.00, real=0.01 secs] 
2014-07-09T15:53:17.505+0200: 105.113: [Full GC [PSYoungGen: 2529K->0K(13824K)] [ParOldGen: 14556K->8201K(16384K)] 17085K->8201K(30208K) [PSPermGen: 2476K->2476K(21504K)], 0.0130251 secs] [Times: user=0.02 sys=0.00, real=0.01 secs] 
2014-07-09T15:53:17.577+0200: 105.186: [GC [PSYoungGen: 11240K->288K(13824K)] 19441K->8489K(30208K), 0.0086813 secs] [Times: user=0.00 sys=0.00, real=0.01 secs] 
2014-07-09T15:53:17.594+0200: 105.203: [GC [PSYoungGen: 11537K->2529K(13824K)] 19738K->11570K(30208K), 0.0037737 secs] [Times: user=0.00 sys=0.00, real=0.00 secs] 
2014-07-09T15:53:17.628+0200: 105.237: [GC [PSYoungGen: 13780K->2529K(13824K)] 22822K->15452K(30208K), 0.0049828 secs] [Times: user=0.00 sys=0.00, real=0.00 secs] 
2014-07-09T15:53:17.634+0200: 105.242: [Full GC [PSYoungGen: 2529K->0K(13824K)] [ParOldGen: 12923K->6922K(16384K)] 15452K->6922K(30208K) [PSPermGen: 2476K->2476K(21504K)], 0.0115773 secs] [Times: user=0.02 sys=0.00, real=0.01 secs] 
2014-07-09T15:53:17.680+0200: 105.289: [GC [PSYoungGen: 11249K->1248K(13824K)] 18172K->8171K(30208K), 0.0012491 secs] [Times: user=0.00 sys=0.00, real=0.00 secs] 
2014-07-09T15:53:17.729+0200: 105.338: [GC [PSYoungGen: 12500K->2529K(13824K)] 19422K->11220K(30208K), 0.0054928 secs] [Times: user=0.03 sys=0.00, real=0.01 secs] 
2014-07-09T15:53:17.810+0200: 105.419: [GC [PSYoungGen: 13784K->2529K(13824K)] 22475K->14974K(30208K), 0.0053007 secs] [Times: user=0.00 sys=0.00, real=0.01 secs] 
2014-07-09T15:53:17.816+0200: 105.424: [Full GC [PSYoungGen: 2529K->0K(13824K)] [ParOldGen: 12445K->6827K(16384K)] 14974K->6827K(30208K) [PSPermGen: 2476K->2476K(21504K)], 0.0216958 secs] [Times: user=0.01 sys=0.00, real=0.02 secs] 
2014-07-09T15:53:17.844+0200: 105.453: [GC [PSYoungGen: 11249K->1152K(13824K)] 18076K->7979K(30208K), 0.0009342 secs] [Times: user=0.00 sys=0.00, real=0.00 secs] 
2014-07-09T15:53:17.878+0200: 105.486: [GC [PSYoungGen: 12404K->2529K(13824K)] 19231K->11029K(30208K), 0.0028454 secs] [Times: user=0.00 sys=0.00, real=0.00 secs] 
2014-07-09T15:53:17.885+0200: 105.494: [GC [PSYoungGen: 13778K->2529K(13824K)] 22278K->15743K(30208K), 0.0057164 secs] [Times: user=0.03 sys=0.00, real=0.01 secs] 
2014-07-09T15:53:17.891+0200: 105.500: [Full GC [PSYoungGen: 2529K->0K(13824K)] [ParOldGen: 13214K->7755K(16384K)] 15743K->7755K(30208K) [PSPermGen: 2476K->2476K(21504K)], 0.0095664 secs] [Times: user=0.02 sys=0.00, real=0.01 secs] 
2014-07-09T15:53:17.978+0200: 105.587: [GC [PSYoungGen: 11249K->2080K(13824K)] 19005K->9836K(30208K), 0.0031537 secs] [Times: user=0.01 sys=0.00, real=0.00 secs] 
2014-07-09T15:53:17.990+0200: 105.599: [GC [PSYoungGen: 13330K->2529K(13824K)] 21086K->12886K(30208K), 0.0071936 secs] [Times: user=0.03 sys=0.00, real=0.01 secs] 
2014-07-09T15:53:18.030+0200: 105.639: [GC [PSYoungGen: 13789K->2529K(13824K)] 24147K->16992K(30208K), 0.0088452 secs] [Times: user=0.00 sys=0.00, real=0.01 secs] 
2014-07-09T15:53:18.040+0200: 105.648: [Full GC [PSYoungGen: 2529K->0K(13824K)] [ParOldGen: 14463K->7148K(16384K)] 16992K->7148K(30208K) [PSPermGen: 2476K->2476K(21504K)], 0.0166477 secs] [Times: user=0.03 sys=0.00, real=0.02 secs] 
2014-07-09T15:53:18.081+0200: 105.690: [GC [PSYoungGen: 11249K->1472K(13824K)] 18398K->8621K(30208K), 0.0012700 secs] [Times: user=0.00 sys=0.00, real=0.00 secs] 
2014-07-09T15:53:18.129+0200: 105.737: [GC [PSYoungGen: 12724K->2529K(13824K)] 19872K->11638K(30208K), 0.0163937 secs] [Times: user=0.02 sys=0.00, real=0.02 secs] 
2014-07-09T15:53:18.179+0200: 105.788: [GC [PSYoungGen: 13778K->2529K(13824K)] 22888K->16673K(30208K), 0.0058095 secs] [Times: user=0.03 sys=0.00, real=0.01 secs] 
2014-07-09T15:53:18.185+0200: 105.794: [Full GC [PSYoungGen: 2529K->0K(13824K)] [ParOldGen: 14144K->8077K(16384K)] 16673K->8077K(30208K) [PSPermGen: 2476K->2476K(21504K)], 0.0099627 secs] [Times: user=0.00 sys=0.00, real=0.01 secs] 
2014-07-09T15:53:18.227+0200: 105.836: [GC [PSYoungGen: 11251K->2401K(13824K)] 19328K->10478K(30208K), 0.0030261 secs] [Times: user=0.03 sys=0.00, real=0.00 secs] 
2014-07-09T15:53:18.279+0200: 105.888: [GC [PSYoungGen: 13659K->2529K(13824K)] 21736K->11990K(30208K), 0.0047364 secs] [Times: user=0.00 sys=0.00, real=0.00 secs] 
2014-07-09T15:53:18.294+0200: 105.903: [GC [PSYoungGen: 13780K->2529K(13824K)] 23242K->16417K(30208K), 0.0083957 secs] [Times: user=0.00 sys=0.00, real=0.01 secs] 
2014-07-09T15:53:18.303+0200: 105.912: [Full GC [PSYoungGen: 2529K->0K(13824K)] [ParOldGen: 13887K->7469K(16384K)] 16417K->7469K(30208K) [PSPermGen: 2476K->2476K(21504K)], 0.0213083 secs] [Times: user=0.05 sys=0.00, real=0.02 secs] 
2014-07-09T15:53:18.378+0200: 105.987: [GC [PSYoungGen: 11249K->1792K(13824K)] 18719K->9262K(30208K), 0.0010570 secs] [Times: user=0.00 sys=0.00, real=0.00 secs] 
2014-07-09T15:53:18.386+0200: 105.994: [GC [PSYoungGen: 13044K->2529K(13824K)] 20514K->12312K(30208K), 0.0035152 secs] [Times: user=0.00 sys=0.00, real=0.00 secs] 
2014-07-09T15:53:18.429+0200: 106.038: [GC [PSYoungGen: 13778K->2529K(13824K)] 23561K->17666K(30208K), 0.0060068 secs] [Times: user=0.03 sys=0.00, real=0.01 secs] 
2014-07-09T15:53:18.435+0200: 106.044: [Full GC [PSYoungGen: 2529K->0K(13824K)] [ParOldGen: 15137K->8398K(16384K)] 17666K->8398K(30208K) [PSPermGen: 2476K->2476K(21504K)], 0.0102146 secs] [Times: user=0.00 sys=0.00, real=0.01 secs] 
2014-07-09T15:53:18.481+0200: 106.090: [GC [PSYoungGen: 11261K->2080K(13824K)] 19659K->10479K(30208K), 0.0015523 secs] [Times: user=0.00 sys=0.00, real=0.00 secs] 
2014-07-09T15:53:18.530+0200: 106.139: [GC [PSYoungGen: 13333K->2529K(13824K)] 21732K->12504K(30208K), 0.0050917 secs] [Times: user=0.00 sys=0.00, real=0.01 secs] 
2014-07-09T15:53:18.581+0200: 106.190: [GC [PSYoungGen: 13780K->2529K(13824K)] 23755K->17122K(30208K), 0.0102531 secs] [Times: user=0.03 sys=0.00, real=0.01 secs] 
2014-07-09T15:53:18.591+0200: 106.200: [Full GC [PSYoungGen: 2529K->0K(13824K)] [ParOldGen: 14593K->7663K(16384K)] 17122K->7663K(30208K) [PSPermGen: 2476K->2476K(21504K)], 0.0237834 secs] [Times: user=0.01 sys=0.00, real=0.02 secs] 
2014-07-09T15:53:18.628+0200: 106.237: [GC [PSYoungGen: 11249K->1984K(13824K)] 18913K->9648K(30208K), 0.0012828 secs] [Times: user=0.00 sys=0.00, real=0.00 secs] 
2014-07-09T15:53:18.679+0200: 106.288: [GC [PSYoungGen: 13236K->2529K(13824K)] 20900K->12698K(30208K), 0.0066741 secs] [Times: user=0.03 sys=0.00, real=0.01 secs] 
2014-07-09T15:53:18.686+0200: 106.295: [Full GC [PSYoungGen: 2529K->0K(13824K)] [ParOldGen: 10168K->5550K(16384K)] 12698K->5550K(30208K) [PSPermGen: 2476K->2476K(21504K)], 0.0220111 secs] [Times: user=0.02 sys=0.00, real=0.02 secs] 
2014-07-09T15:53:18.714+0200: 106.322: [GC [PSYoungGen: 11249K->2529K(13824K)] 16800K->13618K(30208K), 0.0058810 secs] [Times: user=0.00 sys=0.00, real=0.01 secs] 
2014-07-09T15:53:18.720+0200: 106.328: [Full GC [PSYoungGen: 2529K->0K(13824K)] [ParOldGen: 11089K->8498K(16384K)] 13618K->8498K(30208K) [PSPermGen: 2476K->2476K(21504K)], 0.0122251 secs] [Times: user=0.03 sys=0.00, real=0.01 secs] 
2014-07-09T15:53:18.778+0200: 106.387: [GC [PSYoungGen: 11254K->1888K(13824K)] 19753K->10387K(30208K), 0.0020817 secs] [Times: user=0.00 sys=0.00, real=0.00 secs] 
2014-07-09T15:53:18.789+0200: 106.398: [GC [PSYoungGen: 13140K->2529K(13824K)] 21639K->13437K(30208K), 0.0071059 secs] [Times: user=0.03 sys=0.00, real=0.01 secs] 
2014-07-09T15:53:18.797+0200: 106.406: [Full GC [PSYoungGen: 2529K->0K(13824K)] [ParOldGen: 10908K->5383K(16384K)] 13437K->5383K(30208K) [PSPermGen: 2476K->2476K(21504K)], 0.0123758 secs] [Times: user=0.00 sys=0.02, real=0.01 secs] 
2014-07-09T15:53:18.829+0200: 106.438: [GC [PSYoungGen: 11249K->2529K(13824K)] 16632K->13355K(30208K), 0.0065138 secs] [Times: user=0.00 sys=0.00, real=0.01 secs] 
2014-07-09T15:53:18.836+0200: 106.445: [Full GC [PSYoungGen: 2529K->0K(13824K)] [ParOldGen: 10825K->8425K(16384K)] 13355K->8425K(30208K) [PSPermGen: 2476K->2476K(21504K)], 0.0149301 secs] [Times: user=0.03 sys=0.00, real=0.02 secs] 
2014-07-09T15:53:18.881+0200: 106.490: [GC [PSYoungGen: 11251K->2529K(13824K)] 19677K->11243K(30208K), 0.0017492 secs] [Times: user=0.00 sys=0.00, real=0.00 secs] 
2014-07-09T15:53:18.928+0200: 106.537: [GC [PSYoungGen: 13778K->2529K(13824K)] 22492K->14580K(30208K), 0.0044618 secs] [Times: user=0.03 sys=0.00, real=0.01 secs] 
2014-07-09T15:53:18.933+0200: 106.542: [Full GC [PSYoungGen: 2529K->0K(13824K)] [ParOldGen: 12051K->6315K(16384K)] 14580K->6315K(30208K) [PSPermGen: 2476K->2476K(21504K)], 0.0088294 secs] [Times: user=0.00 sys=0.00, real=0.01 secs] 
2014-07-09T15:53:18.983+0200: 106.592: [GC [PSYoungGen: 11251K->704K(13824K)] 17567K->7020K(30208K), 0.0018911 secs] [Times: user=0.00 sys=0.00, real=0.00 secs] 
2014-07-09T15:53:19.028+0200: 106.637: [GC [PSYoungGen: 11936K->1632K(13824K)] 18252K->7956K(30208K), 0.0028216 secs] [Times: user=0.00 sys=0.00, real=0.00 secs] 
2014-07-09T15:53:19.078+0200: 106.687: [GC [PSYoungGen: 12884K->2529K(13824K)] 19208K->11038K(30208K), 0.0073365 secs] [Times: user=0.00 sys=0.00, real=0.01 secs] 
2014-07-09T15:53:19.092+0200: 106.701: [GC [PSYoungGen: 13778K->2529K(13824K)] 22287K->16232K(30208K), 0.0079301 secs] [Times: user=0.00 sys=0.00, real=0.01 secs] 
2014-07-09T15:53:19.100+0200: 106.709: [Full GC [PSYoungGen: 2529K->0K(13824K)] [ParOldGen: 13703K->8211K(16384K)] 16232K->8211K(30208K) [PSPermGen: 2476K->2476K(21504K)], 0.0105570 secs] [Times: user=0.03 sys=0.00, real=0.01 secs] 
2014-07-09T15:53:19.181+0200: 106.790: [GC [PSYoungGen: 11251K->2529K(13824K)] 19463K->10805K(30208K), 0.0014922 secs] [Times: user=0.00 sys=0.00, real=0.00 secs] 
2014-07-09T15:53:19.188+0200: 106.796: [GC [PSYoungGen: 13778K->2529K(13824K)] 22054K->13918K(30208K), 0.0047797 secs] [Times: user=0.00 sys=0.00, real=0.00 secs] 
2014-07-09T15:53:19.192+0200: 106.801: [Full GC [PSYoungGen: 2529K->0K(13824K)] [ParOldGen: 11389K->6101K(16384K)] 13918K->6101K(30208K) [PSPermGen: 2476K->2476K(21504K)], 0.0090718 secs] [Times: user=0.02 sys=0.00, real=0.01 secs] 
2014-07-09T15:53:19.230+0200: 106.838: [GC [PSYoungGen: 11260K->576K(13824K)] 17362K->6677K(30208K), 0.0008440 secs] [Times: user=0.00 sys=0.00, real=0.00 secs] 
2014-07-09T15:53:19.281+0200: 106.890: [GC [PSYoungGen: 11822K->2497K(13824K)] 17924K->8607K(30208K), 0.0017136 secs] [Times: user=0.00 sys=0.00, real=0.00 secs] 
2014-07-09T15:53:19.328+0200: 106.937: [GC [PSYoungGen: 13746K->2529K(13824K)] 19856K->11656K(30208K), 0.0042510 secs] [Times: user=0.00 sys=0.00, real=0.00 secs] 
2014-07-09T15:53:19.382+0200: 106.991: [GC [PSYoungGen: 13780K->384K(13824K)] 22908K->9519K(30208K), 0.0017341 secs] [Times: user=0.03 sys=0.00, real=0.00 secs] 
2014-07-09T15:53:19.428+0200: 107.037: [GC [PSYoungGen: 11633K->2529K(13824K)] 20769K->12537K(30208K), 0.0032494 secs] [Times: user=0.02 sys=0.00, real=0.00 secs] 
2014-07-09T15:53:19.479+0200: 107.088: [GC [PSYoungGen: 13780K->2529K(13824K)] 23788K->16482K(30208K), 0.0049245 secs] [Times: user=0.00 sys=0.00, real=0.00 secs] 
2014-07-09T15:53:19.484+0200: 107.093: [Full GC [PSYoungGen: 2529K->0K(13824K)] [ParOldGen: 13953K->6938K(16384K)] 16482K->6938K(30208K) [PSPermGen: 2476K->2476K(21504K)], 0.0095957 secs] [Times: user=0.03 sys=0.00, real=0.01 secs] 
2014-07-09T15:53:19.498+0200: 107.107: [GC [PSYoungGen: 11263K->320K(13824K)] 18201K->7258K(30208K), 0.0007373 secs] [Times: user=0.00 sys=0.00, real=0.00 secs] 
2014-07-09T15:53:19.578+0200: 107.187: [GC [PSYoungGen: 11572K->2529K(13824K)] 18510K->9635K(30208K), 0.0015299 secs] [Times: user=0.00 sys=0.00, real=0.00 secs] 
2014-07-09T15:53:19.585+0200: 107.194: [GC [PSYoungGen: 13778K->2529K(13824K)] 20884K->12844K(30208K), 0.0049604 secs] [Times: user=0.03 sys=0.00, real=0.00 secs] 
2014-07-09T15:53:19.590+0200: 107.199: [Full GC [PSYoungGen: 2529K->0K(13824K)] [ParOldGen: 10315K->6204K(16384K)] 12844K->6204K(30208K) [PSPermGen: 2476K->2476K(21504K)], 0.0124825 secs] [Times: user=0.03 sys=0.00, real=0.01 secs] 
2014-07-09T15:53:19.677+0200: 107.286: [GC [PSYoungGen: 11251K->576K(13824K)] 17455K->6780K(30208K), 0.0015468 secs] [Times: user=0.00 sys=0.00, real=0.00 secs] 
2014-07-09T15:53:19.687+0200: 107.296: [GC [PSYoungGen: 11825K->2529K(13824K)] 18030K->9830K(30208K), 0.0049612 secs] [Times: user=0.00 sys=0.00, real=0.00 secs] 
2014-07-09T15:53:19.731+0200: 107.339: [GC [PSYoungGen: 13780K->2529K(13824K)] 21081K->13968K(30208K), 0.0089585 secs] [Times: user=0.00 sys=0.00, real=0.01 secs] 
2014-07-09T15:53:19.740+0200: 107.349: [Full GC [PSYoungGen: 2529K->0K(13824K)] [ParOldGen: 11439K->7133K(16384K)] 13968K->7133K(30208K) [PSPermGen: 2476K->2476K(21504K)], 0.0216426 secs] [Times: user=0.06 sys=0.00, real=0.02 secs] 
2014-07-09T15:53:19.780+0200: 107.389: [GC [PSYoungGen: 11258K->2529K(13824K)] 18392K->15297K(30208K), 0.0061740 secs] [Times: user=0.00 sys=0.00, real=0.01 secs] 
2014-07-09T15:53:19.787+0200: 107.395: [Full GC [PSYoungGen: 2529K->0K(13824K)] [ParOldGen: 12768K->8639K(16384K)] 15297K->8639K(30208K) [PSPermGen: 2476K->2476K(21504K)], 0.0116297 secs] [Times: user=0.03 sys=0.00, real=0.01 secs] 
2014-07-09T15:53:19.829+0200: 107.438: [GC [PSYoungGen: 11251K->2529K(13824K)] 19891K->11649K(30208K), 0.0016780 secs] [Times: user=0.00 sys=0.00, real=0.00 secs] 
2014-07-09T15:53:19.879+0200: 107.488: [GC [PSYoungGen: 13778K->2529K(13824K)] 22898K->15147K(30208K), 0.0048871 secs] [Times: user=0.02 sys=0.00, real=0.01 secs] 
2014-07-09T15:53:19.884+0200: 107.493: [Full GC [PSYoungGen: 2529K->0K(13824K)] [ParOldGen: 12617K->6526K(16384K)] 15147K->6526K(30208K) [PSPermGen: 2476K->2476K(21504K)], 0.0119469 secs] [Times: user=0.00 sys=0.00, real=0.01 secs] 
2014-07-09T15:53:19.927+0200: 107.536: [GC [PSYoungGen: 11251K->896K(13824K)] 17778K->7423K(30208K), 0.0006658 secs] [Times: user=0.00 sys=0.00, real=0.00 secs] 
2014-07-09T15:53:19.978+0200: 107.587: [GC [PSYoungGen: 12145K->2529K(13824K)] 18672K->10472K(30208K), 0.0026052 secs] [Times: user=0.00 sys=0.00, real=0.00 secs] 
2014-07-09T15:53:19.985+0200: 107.594: [GC [PSYoungGen: 13780K->2529K(13824K)] 21724K->14930K(30208K), 0.0054869 secs] [Times: user=0.00 sys=0.00, real=0.01 secs] 
2014-07-09T15:53:19.991+0200: 107.600: [Full GC [PSYoungGen: 2529K->0K(13824K)] [ParOldGen: 12401K->7455K(16384K)] 14930K->7455K(30208K) [PSPermGen: 2476K->2476K(21504K)], 0.0230564 secs] [Times: user=0.05 sys=0.00, real=0.02 secs] 
2014-07-09T15:53:20.077+0200: 107.686: [GC [PSYoungGen: 11260K->288K(13824K)] 18716K->7743K(30208K), 0.0005085 secs] [Times: user=0.00 sys=0.00, real=0.00 secs] 
2014-07-09T15:53:20.083+0200: 107.692: [GC [PSYoungGen: 11537K->2529K(13824K)] 18992K->10792K(30208K), 0.0027706 secs] [Times: user=0.03 sys=0.00, real=0.00 secs] 
2014-07-09T15:53:20.129+0200: 107.738: [GC [PSYoungGen: 13780K->2529K(13824K)] 22044K->14610K(30208K), 0.0067657 secs] [Times: user=0.01 sys=0.00, real=0.01 secs] 
2014-07-09T15:53:20.136+0200: 107.745: [Full GC [PSYoungGen: 2529K->0K(13824K)] [ParOldGen: 12081K->6848K(16384K)] 14610K->6848K(30208K) [PSPermGen: 2476K->2476K(21504K)], 0.0278448 secs] [Times: user=0.03 sys=0.00, real=0.03 secs] 
2014-07-09T15:53:20.180+0200: 107.789: [GC [PSYoungGen: 11249K->1216K(13824K)] 18097K->8064K(30208K), 0.0011677 secs] [Times: user=0.00 sys=0.00, real=0.00 secs] 
2014-07-09T15:53:20.230+0200: 107.839: [GC [PSYoungGen: 12468K->2529K(13824K)] 19316K->11114K(30208K), 0.0050528 secs] [Times: user=0.00 sys=0.00, real=0.00 secs] 
2014-07-09T15:53:20.298+0200: 107.907: [GC [PSYoungGen: 13784K->2529K(13824K)] 22369K->14835K(30208K), 0.0124748 secs] [Times: user=0.00 sys=0.00, real=0.01 secs] 
2014-07-09T15:53:20.310+0200: 107.919: [Full GC [PSYoungGen: 2529K->0K(13824K)] [ParOldGen: 12306K->6752K(16384K)] 14835K->6752K(30208K) [PSPermGen: 2476K->2476K(21504K)], 0.0162012 secs] [Times: user=0.02 sys=0.00, real=0.07 secs] 
2014-07-09T15:53:20.384+0200: 107.993: [GC [PSYoungGen: 11249K->1120K(13824K)] 18002K->7873K(30208K), 0.0010555 secs] [Times: user=0.00 sys=0.00, real=0.00 secs] 
2014-07-09T15:53:20.391+0200: 108.000: [GC [PSYoungGen: 12370K->2529K(13824K)] 19122K->10922K(30208K), 0.0031563 secs] [Times: user=0.00 sys=0.00, real=0.00 secs] 
2014-07-09T15:53:20.399+0200: 108.008: [GC [PSYoungGen: 13778K->2529K(13824K)] 22172K->15604K(30208K), 0.0052768 secs] [Times: user=0.00 sys=0.00, real=0.01 secs] 
2014-07-09T15:53:20.404+0200: 108.013: [Full GC [PSYoungGen: 2529K->0K(13824K)] [ParOldGen: 13075K->7681K(16384K)] 15604K->7681K(30208K) [PSPermGen: 2476K->2476K(21504K)], 0.0098512 secs] [Times: user=0.03 sys=0.00, real=0.01 secs] 
2014-07-09T15:53:20.477+0200: 108.086: [GC [PSYoungGen: 11249K->2016K(13824K)] 18930K->9698K(30208K), 0.0134379 secs] [Times: user=0.00 sys=0.00, real=0.01 secs] 
2014-07-09T15:53:20.496+0200: 108.105: [GC [PSYoungGen: 13251K->2529K(13824K)] 20932K->11050K(30208K), 0.0085596 secs] [Times: user=0.00 sys=0.00, real=0.01 secs] 
2014-07-09T15:53:20.528+0200: 108.137: [GC [PSYoungGen: 13784K->2529K(13824K)] 22305K->14452K(30208K), 0.0044703 secs] [Times: user=0.00 sys=0.00, real=0.00 secs] 
2014-07-09T15:53:20.533+0200: 108.142: [Full GC [PSYoungGen: 2529K->0K(13824K)] [ParOldGen: 11923K->6402K(16384K)] 14452K->6402K(30208K) [PSPermGen: 2476K->2476K(21504K)], 0.0092635 secs] [Times: user=0.02 sys=0.00, real=0.01 secs] 
2014-07-09T15:53:20.580+0200: 108.189: [GC [PSYoungGen: 11251K->736K(13824K)] 17654K->7139K(30208K), 0.0067947 secs] [Times: user=0.02 sys=0.00, real=0.01 secs] 
2014-07-09T15:53:20.628+0200: 108.237: [GC [PSYoungGen: 11985K->2529K(13824K)] 18388K->10220K(30208K), 0.0023222 secs] [Times: user=0.00 sys=0.02, real=0.00 secs] 
2014-07-09T15:53:20.679+0200: 108.288: [GC [PSYoungGen: 13780K->2529K(13824K)] 21472K->14550K(30208K), 0.0052856 secs] [Times: user=0.00 sys=0.00, real=0.01 secs] 
2014-07-09T15:53:20.684+0200: 108.293: [Full GC [PSYoungGen: 2529K->0K(13824K)] [ParOldGen: 12021K->7331K(16384K)] 14550K->7331K(30208K) [PSPermGen: 2476K->2476K(21504K)], 0.0095788 secs] [Times: user=0.02 sys=0.00, real=0.01 secs] 
2014-07-09T15:53:20.727+0200: 108.336: [GC [PSYoungGen: 11254K->640K(13824K)] 18586K->7971K(30208K), 0.0007695 secs] [Times: user=0.00 sys=0.00, real=0.00 secs] 
2014-07-09T15:53:20.777+0200: 108.386: [GC [PSYoungGen: 11889K->2529K(13824K)] 19220K->11052K(30208K), 0.0022203 secs] [Times: user=0.00 sys=0.00, real=0.00 secs] 
2014-07-09T15:53:20.785+0200: 108.394: [GC [PSYoungGen: 13780K->2529K(13824K)] 22304K->15286K(30208K), 0.0053711 secs] [Times: user=0.03 sys=0.00, real=0.00 secs] 
2014-07-09T15:53:20.790+0200: 108.399: [Full GC [PSYoungGen: 2529K->0K(13824K)] [ParOldGen: 12757K->7235K(16384K)] 15286K->7235K(30208K) [PSPermGen: 2476K->2476K(21504K)], 0.0093724 secs] [Times: user=0.00 sys=0.00, real=0.01 secs] 
2014-07-09T15:53:20.878+0200: 108.487: [GC [PSYoungGen: 11249K->1568K(13824K)] 18485K->8804K(30208K), 0.0026375 secs] [Times: user=0.02 sys=0.00, real=0.00 secs] 
2014-07-09T15:53:20.893+0200: 108.502: [GC [PSYoungGen: 12820K->2529K(13824K)] 20055K->11853K(30208K), 0.0064324 secs] [Times: user=0.01 sys=0.00, real=0.01 secs] 
2014-07-09T15:53:20.930+0200: 108.539: [GC [PSYoungGen: 13778K->2529K(13824K)] 23103K->17016K(30208K), 0.0056215 secs] [Times: user=0.00 sys=0.00, real=0.01 secs] 
2014-07-09T15:53:20.936+0200: 108.545: [Full GC [PSYoungGen: 2529K->0K(13824K)] [ParOldGen: 14487K->8164K(16384K)] 17016K->8164K(30208K) [PSPermGen: 2476K->2476K(21504K)], 0.0102545 secs] [Times: user=0.03 sys=0.00, real=0.01 secs] 
2014-07-09T15:53:20.981+0200: 108.590: [GC [PSYoungGen: 11251K->2529K(13824K)] 19415K->10693K(30208K), 0.0023328 secs] [Times: user=0.00 sys=0.00, real=0.00 secs] 
2014-07-09T15:53:21.038+0200: 108.647: [GC [PSYoungGen: 13787K->2529K(13824K)] 21952K->12174K(30208K), 0.0036824 secs] [Times: user=0.00 sys=0.00, real=0.00 secs] 
2014-07-09T15:53:21.101+0200: 108.710: [GC [PSYoungGen: 13780K->2529K(13824K)] 23425K->16696K(30208K), 0.0116580 secs] [Times: user=0.00 sys=0.00, real=0.01 secs] 
2014-07-09T15:53:21.113+0200: 108.722: [Full GC [PSYoungGen: 2529K->0K(13824K)] [ParOldGen: 14167K->7556K(16384K)] 16696K->7556K(30208K) [PSPermGen: 2476K->2476K(21504K)], 0.0140601 secs] [Times: user=0.03 sys=0.00, real=0.01 secs] 
2014-07-09T15:53:21.133+0200: 108.742: [GC [PSYoungGen: 11249K->1920K(13824K)] 18806K->9477K(30208K), 0.0015739 secs] [Times: user=0.00 sys=0.00, real=0.00 secs] 
2014-07-09T15:53:21.178+0200: 108.787: [GC [PSYoungGen: 13172K->2529K(13824K)] 20729K->12495K(30208K), 0.0094058 secs] [Times: user=0.00 sys=0.00, real=0.01 secs] 
2014-07-09T15:53:21.193+0200: 108.802: [GC [PSYoungGen: 13778K->2529K(13824K)] 23744K->17977K(30208K), 0.0058851 secs] [Times: user=0.00 sys=0.00, real=0.01 secs] 
2014-07-09T15:53:21.199+0200: 108.808: [Full GC [PSYoungGen: 2529K->0K(13824K)] [ParOldGen: 15448K->8485K(16384K)] 17977K->8485K(30208K) [PSPermGen: 2476K->2476K(21504K)], 0.0108334 secs] [Times: user=0.01 sys=0.00, real=0.01 secs] 
2014-07-09T15:53:21.277+0200: 108.886: [GC [PSYoungGen: 11260K->1312K(13824K)] 19746K->9798K(30208K), 0.0008161 secs] [Times: user=0.00 sys=0.00, real=0.00 secs] 
2014-07-09T15:53:21.283+0200: 108.892: [GC [PSYoungGen: 12564K->2529K(13824K)] 21049K->12847K(30208K), 0.0033491 secs] [Times: user=0.03 sys=0.00, real=0.00 secs] 
2014-07-09T15:53:21.287+0200: 108.896: [Full GC [PSYoungGen: 2529K->0K(13824K)] [ParOldGen: 10318K->4836K(16384K)] 12847K->4836K(30208K) [PSPermGen: 2476K->2476K(21504K)], 0.0088250 secs] [Times: user=0.00 sys=0.00, real=0.01 secs] 
2014-07-09T15:53:21.329+0200: 108.938: [GC [PSYoungGen: 11249K->2529K(13824K)] 16086K->12232K(30208K), 0.0054495 secs] [Times: user=0.03 sys=0.00, real=0.01 secs] 
2014-07-09T15:53:21.335+0200: 108.944: [Full GC [PSYoungGen: 2529K->0K(13824K)] [ParOldGen: 9703K->7878K(16384K)] 12232K->7878K(30208K) [PSPermGen: 2476K->2476K(21504K)], 0.0106156 secs] [Times: user=0.00 sys=0.00, real=0.01 secs] 
2014-07-09T15:53:21.383+0200: 108.992: [GC [PSYoungGen: 11251K->2241K(13824K)] 19129K->10119K(30208K), 0.0030632 secs] [Times: user=0.00 sys=0.00, real=0.00 secs] 
2014-07-09T15:53:21.430+0200: 109.039: [GC [PSYoungGen: 13490K->2529K(13824K)] 21368K->13168K(30208K), 0.0112631 secs] [Times: user=0.00 sys=0.00, real=0.01 secs] 
2014-07-09T15:53:21.441+0200: 109.050: [Full GC [PSYoungGen: 2529K->0K(13824K)] [ParOldGen: 10639K->5765K(16384K)] 13168K->5765K(30208K) [PSPermGen: 2476K->2476K(21504K)], 0.0293355 secs] [Times: user=0.03 sys=0.00, real=0.03 secs] 
2014-07-09T15:53:21.480+0200: 109.089: [GC [PSYoungGen: 11251K->128K(13824K)] 17016K->5893K(30208K), 0.0007453 secs] [Times: user=0.00 sys=0.00, real=0.00 secs] 
2014-07-09T15:53:21.527+0200: 109.136: [GC [PSYoungGen: 11360K->1472K(13824K)] 17125K->7245K(30208K), 0.0015772 secs] [Times: user=0.00 sys=0.00, real=0.00 secs] 
2014-07-09T15:53:21.580+0200: 109.189: [GC [PSYoungGen: 12724K->2529K(13824K)] 18497K->10295K(30208K), 0.0064904 secs] [Times: user=0.03 sys=0.00, real=0.01 secs] 
2014-07-09T15:53:21.593+0200: 109.202: [GC [PSYoungGen: 13778K->2529K(13824K)] 21544K->15297K(30208K), 0.0254196 secs] [Times: user=0.03 sys=0.00, real=0.03 secs] 
2014-07-09T15:53:21.619+0200: 109.228: [Full GC [PSYoungGen: 2529K->0K(13824K)] [ParOldGen: 12768K->8039K(16384K)] 15297K->8039K(30208K) [PSPermGen: 2476K->2476K(21504K)], 0.0104125 secs] [Times: user=0.01 sys=0.00, real=0.01 secs] 
2014-07-09T15:53:21.677+0200: 109.286: [GC [PSYoungGen: 11251K->2401K(13824K)] 19291K->10441K(30208K), 0.0023805 secs] [Times: user=0.00 sys=0.00, real=0.00 secs] 
2014-07-09T15:53:21.689+0200: 109.298: [GC [PSYoungGen: 13650K->2529K(13824K)] 21690K->13490K(30208K), 0.0073681 secs] [Times: user=0.03 sys=0.00, real=0.01 secs] 
2014-07-09T15:53:21.697+0200: 109.306: [Full GC [PSYoungGen: 2529K->0K(13824K)] [ParOldGen: 10961K->5926K(16384K)] 13490K->5926K(30208K) [PSPermGen: 2476K->2476K(21504K)], 0.0171152 secs] [Times: user=0.02 sys=0.00, real=0.02 secs] 
2014-07-09T15:53:21.730+0200: 109.339: [GC [PSYoungGen: 11259K->320K(13824K)] 17186K->6246K(30208K), 0.0008916 secs] [Times: user=0.00 sys=0.00, real=0.00 secs] 
2014-07-09T15:53:21.784+0200: 109.393: [GC [PSYoungGen: 11566K->2305K(13824K)] 17493K->8240K(30208K), 0.0036505 secs] [Times: user=0.03 sys=0.00, real=0.00 secs] 
2014-07-09T15:53:21.829+0200: 109.439: [GC [PSYoungGen: 13554K->2529K(13824K)] 19489K->11289K(30208K), 0.0072973 secs] [Times: user=0.03 sys=0.00, real=0.01 secs] 
2014-07-09T15:53:21.882+0200: 109.491: [GC [PSYoungGen: 13780K->192K(13824K)] 22541K->8960K(30208K), 0.0015967 secs] [Times: user=0.00 sys=0.00, real=0.00 secs] 
2014-07-09T15:53:21.929+0200: 109.538: [GC [PSYoungGen: 11441K->2529K(13824K)] 20209K->12009K(30208K), 0.0032399 secs] [Times: user=0.00 sys=0.00, real=0.00 secs] 
2014-07-09T15:53:21.980+0200: 109.589: [GC [PSYoungGen: 13780K->2529K(13824K)] 23261K->15763K(30208K), 0.0081068 secs] [Times: user=0.02 sys=0.00, real=0.01 secs] 
2014-07-09T15:53:21.988+0200: 109.598: [Full GC [PSYoungGen: 2529K->0K(13824K)] [ParOldGen: 13234K->6759K(16384K)] 15763K->6759K(30208K) [PSPermGen: 2476K->2476K(21504K)], 0.0218329 secs] [Times: user=0.01 sys=0.00, real=0.02 secs] 
2014-07-09T15:53:22.015+0200: 109.624: [GC [PSYoungGen: 11258K->2529K(13824K)] 18018K->14539K(30208K), 0.0059591 secs] [Times: user=0.03 sys=0.00, real=0.01 secs] 
2014-07-09T15:53:22.021+0200: 109.630: [Full GC [PSYoungGen: 2529K->0K(13824K)] [ParOldGen: 12010K->8265K(16384K)] 14539K->8265K(30208K) [PSPermGen: 2476K->2476K(21504K)], 0.0117434 secs] [Times: user=0.00 sys=0.00, real=0.01 secs] 
2014-07-09T15:53:22.077+0200: 109.686: [GC [PSYoungGen: 11255K->2113K(13824K)] 19521K->10378K(30208K), 0.0011769 secs] [Times: user=0.00 sys=0.00, real=0.00 secs] 
2014-07-09T15:53:22.085+0200: 109.694: [GC [PSYoungGen: 13362K->2529K(13824K)] 21628K->13428K(30208K), 0.0038309 secs] [Times: user=0.00 sys=0.00, real=0.00 secs] 
2014-07-09T15:53:22.089+0200: 109.698: [Full GC [PSYoungGen: 2529K->0K(13824K)] [ParOldGen: 10899K->5641K(16384K)] 13428K->5641K(30208K) [PSPermGen: 2476K->2476K(21504K)], 0.0319936 secs] [Times: user=0.05 sys=0.00, real=0.03 secs] 
2014-07-09T15:53:22.131+0200: 109.740: [GC [PSYoungGen: 11249K->2529K(13824K)] 16890K->13837K(30208K), 0.0399453 secs] [Times: user=0.00 sys=0.00, real=0.04 secs] 
2014-07-09T15:53:22.171+0200: 109.780: [Full GC [PSYoungGen: 2529K->0K(13824K)] [ParOldGen: 11307K->8682K(16384K)] 13837K->8682K(30208K) [PSPermGen: 2476K->2476K(21504K)], 0.0144582 secs] [Times: user=0.02 sys=0.00, real=0.02 secs] 
2014-07-09T15:53:22.192+0200: 109.801: [GC [PSYoungGen: 11251K->2529K(13824K)] 19934K->11724K(30208K), 0.0030041 secs] [Times: user=0.00 sys=0.00, real=0.00 secs] 
2014-07-09T15:53:22.195+0200: 109.804: [Full GC [PSYoungGen: 2529K->0K(13824K)] [ParOldGen: 9194K->3528K(16384K)] 11724K->3528K(30208K) [PSPermGen: 2476K->2476K(21504K)], 0.0086542 secs] [Times: user=0.00 sys=0.00, real=0.01 secs] 
2014-07-09T15:53:22.228+0200: 109.837: [GC [PSYoungGen: 11254K->2529K(13824K)] 14783K->8586K(30208K), 0.0042543 secs] [Times: user=0.00 sys=0.00, real=0.00 secs] 
2014-07-09T15:53:22.281+0200: 109.890: [GC [PSYoungGen: 13778K->2529K(13824K)] 19835K->14165K(30208K), 0.0105504 secs] [Times: user=0.03 sys=0.00, real=0.01 secs] 
2014-07-09T15:53:22.292+0200: 109.901: [Full GC [PSYoungGen: 2529K->0K(13824K)] [ParOldGen: 11635K->8587K(16384K)] 14165K->8587K(30208K) [PSPermGen: 2476K->2476K(21504K)], 0.0210285 secs] [Times: user=0.02 sys=0.00, real=0.02 secs] 
2014-07-09T15:53:22.327+0200: 109.936: [GC [PSYoungGen: 11251K->2529K(13824K)] 19838K->11532K(30208K), 0.0016088 secs] [Times: user=0.00 sys=0.00, real=0.00 secs] 
2014-07-09T15:53:22.329+0200: 109.938: [Full GC [PSYoungGen: 2529K->0K(13824K)] [ParOldGen: 9003K->3432K(16384K)] 11532K->3432K(30208K) [PSPermGen: 2476K->2476K(21504K)], 0.0088815 secs] [Times: user=0.03 sys=0.00, real=0.01 secs] 
2014-07-09T15:53:22.381+0200: 109.990: [GC [PSYoungGen: 11249K->2529K(13824K)] 14682K->9419K(30208K), 0.0074652 secs] [Times: user=0.00 sys=0.00, real=0.01 secs] 
2014-07-09T15:53:22.428+0200: 110.037: [GC [PSYoungGen: 13780K->832K(13824K)] 20670K->7730K(30208K), 0.0016242 secs] [Times: user=0.00 sys=0.00, real=0.00 secs] 
2014-07-09T15:53:22.479+0200: 110.088: [GC [PSYoungGen: 12081K->2529K(13824K)] 18980K->10780K(30208K), 0.0040505 secs] [Times: user=0.00 sys=0.00, real=0.00 secs] 
2014-07-09T15:53:22.494+0200: 110.103: [GC [PSYoungGen: 13780K->2529K(13824K)] 22031K->15174K(30208K), 0.0083129 secs] [Times: user=0.00 sys=0.00, real=0.01 secs] 
2014-07-09T15:53:22.502+0200: 110.111: [Full GC [PSYoungGen: 2529K->0K(13824K)] [ParOldGen: 12645K->7402K(16384K)] 15174K->7402K(30208K) [PSPermGen: 2476K->2476K(21504K)], 0.0206143 secs] [Times: user=0.05 sys=0.00, real=0.02 secs] 
2014-07-09T15:53:22.577+0200: 110.186: [GC [PSYoungGen: 11264K->96K(13824K)] 18666K->7498K(30208K), 0.0005525 secs] [Times: user=0.00 sys=0.00, real=0.00 secs] 
2014-07-09T15:53:22.586+0200: 110.195: [GC [PSYoungGen: 11345K->2529K(13824K)] 18747K->10547K(30208K), 0.0046253 secs] [Times: user=0.00 sys=0.00, real=0.01 secs] 
2014-07-09T15:53:22.629+0200: 110.238: [GC [PSYoungGen: 13778K->2529K(13824K)] 21797K->14173K(30208K), 0.0060321 secs] [Times: user=0.00 sys=0.00, real=0.01 secs] 
2014-07-09T15:53:22.635+0200: 110.244: [Full GC [PSYoungGen: 2529K->0K(13824K)] [ParOldGen: 11644K->6667K(16384K)] 14173K->6667K(30208K) [PSPermGen: 2476K->2476K(21504K)], 0.0142753 secs] [Times: user=0.01 sys=0.00, real=0.01 secs] 
2014-07-09T15:53:22.682+0200: 110.291: [GC [PSYoungGen: 11249K->992K(13824K)] 17917K->7660K(30208K), 0.0200574 secs] [Times: user=0.02 sys=0.00, real=0.02 secs] 
2014-07-09T15:53:22.728+0200: 110.337: [GC [PSYoungGen: 12241K->2529K(13824K)] 18909K->10741K(30208K), 0.0026280 secs] [Times: user=0.00 sys=0.00, real=0.00 secs] 
2014-07-09T15:53:22.780+0200: 110.389: [GC [PSYoungGen: 13789K->2529K(13824K)] 22002K->13791K(30208K), 0.0071283 secs] [Times: user=0.03 sys=0.00, real=0.01 secs] 
2014-07-09T15:53:22.787+0200: 110.397: [Full GC [PSYoungGen: 2529K->0K(13824K)] [ParOldGen: 11262K->6060K(16384K)] 13791K->6060K(30208K) [PSPermGen: 2476K->2476K(21504K)], 0.0125503 secs] [Times: user=0.03 sys=0.00, real=0.01 secs] 
2014-07-09T15:53:22.827+0200: 110.436: [GC [PSYoungGen: 11251K->416K(13824K)] 17312K->6476K(30208K), 0.0007355 secs] [Times: user=0.00 sys=0.00, real=0.00 secs] 
2014-07-09T15:53:22.879+0200: 110.488: [GC [PSYoungGen: 11665K->2529K(13824K)] 17726K->9526K(30208K), 0.0025869 secs] [Times: user=0.00 sys=0.00, real=0.00 secs] 
2014-07-09T15:53:22.886+0200: 110.496: [GC [PSYoungGen: 13780K->2529K(13824K)] 20777K->13504K(30208K), 0.0056688 secs] [Times: user=0.00 sys=0.00, real=0.01 secs] 
2014-07-09T15:53:22.892+0200: 110.501: [Full GC [PSYoungGen: 2529K->0K(13824K)] [ParOldGen: 10975K->6989K(16384K)] 13504K->6989K(30208K) [PSPermGen: 2476K->2476K(21504K)], 0.0132652 secs] [Times: user=0.03 sys=0.00, real=0.01 secs] 
2014-07-09T15:53:22.977+0200: 110.587: [GC [PSYoungGen: 11249K->1344K(13824K)] 18238K->8333K(30208K), 0.0017829 secs] [Times: user=0.00 sys=0.00, real=0.00 secs] 
2014-07-09T15:53:22.988+0200: 110.597: [GC [PSYoungGen: 12596K->2529K(13824K)] 19585K->11383K(30208K), 0.0065681 secs] [Times: user=0.00 sys=0.00, real=0.01 secs] 
2014-07-09T15:53:23.030+0200: 110.639: [GC [PSYoungGen: 13787K->2529K(13824K)] 22641K->14752K(30208K), 0.0075602 secs] [Times: user=0.02 sys=0.00, real=0.01 secs] 
2014-07-09T15:53:23.038+0200: 110.647: [Full GC [PSYoungGen: 2529K->0K(13824K)] [ParOldGen: 12223K->6381K(16384K)] 14752K->6381K(30208K) [PSPermGen: 2476K->2476K(21504K)], 0.0389191 secs] [Times: user=0.03 sys=0.00, real=0.04 secs] 
2014-07-09T15:53:23.084+0200: 110.693: [GC [PSYoungGen: 11251K->736K(13824K)] 17633K->7118K(30208K), 0.0009745 secs] [Times: user=0.00 sys=0.00, real=0.00 secs] 
2014-07-09T15:53:23.129+0200: 110.738: [GC [PSYoungGen: 11985K->2529K(13824K)] 18367K->10167K(30208K), 0.0027713 secs] [Times: user=0.00 sys=0.00, real=0.00 secs] 
2014-07-09T15:53:23.182+0200: 110.791: [GC [PSYoungGen: 13780K->2529K(13824K)] 21419K->14433K(30208K), 0.0063360 secs] [Times: user=0.01 sys=0.00, real=0.01 secs] 
2014-07-09T15:53:23.189+0200: 110.798: [Full GC [PSYoungGen: 2529K->0K(13824K)] [ParOldGen: 11904K->7310K(16384K)] 14433K->7310K(30208K) [PSPermGen: 2476K->2476K(21504K)], 0.0898643 secs] [Times: user=0.05 sys=0.00, real=0.09 secs] 
2014-07-09T15:53:23.286+0200: 110.894: [GC [PSYoungGen: 11249K->1632K(13824K)] 18559K->8943K(30208K), 0.0025407 secs] [Times: user=0.00 sys=0.00, real=0.00 secs] 
2014-07-09T15:53:23.298+0200: 110.906: [GC [PSYoungGen: 12887K->2529K(13824K)] 20198K->10968K(30208K), 0.0416600 secs] [Times: user=0.03 sys=0.00, real=0.04 secs] 
2014-07-09T15:53:23.348+0200: 110.956: [GC [PSYoungGen: 13780K->2529K(13824K)] 22219K->15138K(30208K), 0.0201402 secs] [Times: user=0.02 sys=0.00, real=0.02 secs] 
2014-07-09T15:53:23.368+0200: 110.976: [Full GC [PSYoungGen: 2529K->0K(13824K)] [ParOldGen: 12608K->7214K(16384K)] 15138K->7214K(30208K) [PSPermGen: 2476K->2476K(21504K)], 0.0585160 secs] [Times: user=0.06 sys=0.00, real=0.06 secs] 
2014-07-09T15:53:23.432+0200: 111.041: [GC [PSYoungGen: 11249K->1536K(13824K)] 18464K->8751K(30208K), 0.0044442 secs] [Times: user=0.00 sys=0.00, real=0.01 secs] 
2014-07-09T15:53:23.444+0200: 111.052: [GC [PSYoungGen: 12788K->2529K(13824K)] 20003K->11801K(30208K), 0.0252950 secs] [Times: user=0.02 sys=0.00, real=0.03 secs] 
2014-07-09T15:53:23.475+0200: 111.083: [GC [PSYoungGen: 13778K->2529K(13824K)] 23050K->16899K(30208K), 0.0245687 secs] [Times: user=0.02 sys=0.00, real=0.02 secs] 
2014-07-09T15:53:23.499+0200: 111.108: [Full GC [PSYoungGen: 2529K->0K(13824K)] [ParOldGen: 14370K->8143K(16384K)] 16899K->8143K(30208K) [PSPermGen: 2476K->2476K(21504K)], 0.0101805 secs] [Times: user=0.03 sys=0.00, real=0.01 secs] 
2014-07-09T15:53:23.514+0200: 111.123: [GC [PSYoungGen: 11233K->1312K(13824K)] 19377K->9455K(30208K), 0.0012003 secs] [Times: user=0.00 sys=0.00, real=0.00 secs] 
2014-07-09T15:53:23.528+0200: 111.136: [GC [PSYoungGen: 12567K->2529K(13824K)] 20710K->11480K(30208K), 0.0018980 secs] [Times: user=0.00 sys=0.00, real=0.00 secs] 
2014-07-09T15:53:23.581+0200: 111.189: [GC [PSYoungGen: 13780K->2529K(13824K)] 22732K->15298K(30208K), 0.0107003 secs] [Times: user=0.00 sys=0.00, real=0.01 secs] 
2014-07-09T15:53:23.592+0200: 111.200: [Full GC [PSYoungGen: 2529K->0K(13824K)] [ParOldGen: 12769K->6864K(16384K)] 15298K->6864K(30208K) [PSPermGen: 2476K->2476K(21504K)], 0.0164721 secs] [Times: user=0.03 sys=0.00, real=0.02 secs] 
2014-07-09T15:53:23.627+0200: 111.235: [GC [PSYoungGen: 11249K->1216K(13824K)] 18114K->8081K(30208K), 0.0011633 secs] [Times: user=0.00 sys=0.00, real=0.00 secs] 
2014-07-09T15:53:23.678+0200: 111.286: [GC [PSYoungGen: 12468K->2529K(13824K)] 19333K->11131K(30208K), 0.0028820 secs] [Times: user=0.00 sys=0.00, real=0.00 secs] 
2014-07-09T15:53:23.686+0200: 111.294: [GC [PSYoungGen: 13778K->2529K(13824K)] 22380K->15909K(30208K), 0.0056464 secs] [Times: user=0.03 sys=0.00, real=0.00 secs] 
2014-07-09T15:53:23.691+0200: 111.300: [Full GC [PSYoungGen: 2529K->0K(13824K)] [ParOldGen: 13380K->7793K(16384K)] 15909K->7793K(30208K) [PSPermGen: 2476K->2476K(21504K)], 0.0099356 secs] [Times: user=0.00 sys=0.00, real=0.01 secs] 
2014-07-09T15:53:23.777+0200: 111.385: [GC [PSYoungGen: 11254K->1120K(13824K)] 19048K->8913K(30208K), 0.0007329 secs] [Times: user=0.00 sys=0.00, real=0.00 secs] 
2014-07-09T15:53:23.782+0200: 111.391: [GC [PSYoungGen: 12370K->2529K(13824K)] 20163K->11963K(30208K), 0.0034892 secs] [Times: user=0.00 sys=0.02, real=0.00 secs] 
2014-07-09T15:53:23.829+0200: 111.437: [GC [PSYoungGen: 13778K->2529K(13824K)] 23212K->16645K(30208K), 0.0055980 secs] [Times: user=0.03 sys=0.00, real=0.01 secs] 
2014-07-09T15:53:23.835+0200: 111.443: [Full GC [PSYoungGen: 2529K->0K(13824K)] [ParOldGen: 14116K->7697K(16384K)] 16645K->7697K(30208K) [PSPermGen: 2476K->2476K(21504K)], 0.0101973 secs] [Times: user=0.00 sys=0.00, real=0.01 secs] 
2014-07-09T15:53:23.880+0200: 111.488: [GC [PSYoungGen: 11249K->2048K(13824K)] 18947K->9746K(30208K), 0.0016374 secs] [Times: user=0.00 sys=0.00, real=0.00 secs] 
2014-07-09T15:53:23.928+0200: 111.536: [GC [PSYoungGen: 13300K->2529K(13824K)] 20998K->12796K(30208K), 0.0063247 secs] [Times: user=0.00 sys=0.00, real=0.01 secs] 
2014-07-09T15:53:23.981+0200: 111.590: [GC [PSYoungGen: 13778K->2529K(13824K)] 24045K->18407K(30208K), 0.0102505 secs] [Times: user=0.03 sys=0.00, real=0.01 secs] 
2014-07-09T15:53:23.992+0200: 111.600: [Full GC [PSYoungGen: 2529K->0K(13824K)] [ParOldGen: 15877K->8626K(16384K)] 18407K->8626K(30208K) [PSPermGen: 2476K->2476K(21504K)], 0.0259670 secs] [Times: user=0.05 sys=0.00, real=0.03 secs] 
2014-07-09T15:53:24.027+0200: 111.635: [GC [PSYoungGen: 11260K->1440K(13824K)] 19887K->10067K(30208K), 0.0011593 secs] [Times: user=0.00 sys=0.00, real=0.00 secs] 
2014-07-09T15:53:24.078+0200: 111.686: [GC [PSYoungGen: 12692K->2529K(13824K)] 21318K->13116K(30208K), 0.0061688 secs] [Times: user=0.03 sys=0.00, real=0.01 secs] 
2014-07-09T15:53:24.084+0200: 111.693: [Full GC [PSYoungGen: 2529K->0K(13824K)] [ParOldGen: 10587K->4977K(16384K)] 13116K->4977K(30208K) [PSPermGen: 2476K->2476K(21504K)], 0.0100378 secs] [Times: user=0.00 sys=0.00, real=0.01 secs] 
2014-07-09T15:53:24.100+0200: 111.708: [GC [PSYoungGen: 11249K->2529K(13824K)] 16227K->12501K(30208K), 0.0057821 secs] [Times: user=0.00 sys=0.00, real=0.01 secs] 
2014-07-09T15:53:24.106+0200: 111.714: [Full GC [PSYoungGen: 2529K->0K(13824K)] [ParOldGen: 9972K->8019K(16384K)] 12501K->8019K(30208K) [PSPermGen: 2476K->2476K(21504K)], 0.0104452 secs] [Times: user=0.02 sys=0.00, real=0.01 secs] 
2014-07-09T15:53:24.178+0200: 111.786: [GC [PSYoungGen: 11251K->2337K(13824K)] 19270K->10356K(30208K), 0.0022984 secs] [Times: user=0.00 sys=0.00, real=0.00 secs] 
2014-07-09T15:53:24.186+0200: 111.794: [GC [PSYoungGen: 13586K->2529K(13824K)] 21605K->13437K(30208K), 0.0057282 secs] [Times: user=0.01 sys=0.00, real=0.01 secs] 
2014-07-09T15:53:24.192+0200: 111.800: [Full GC [PSYoungGen: 2529K->0K(13824K)] [ParOldGen: 10908K->5906K(16384K)] 13437K->5906K(30208K) [PSPermGen: 2476K->2476K(21504K)], 0.0119296 secs] [Times: user=0.02 sys=0.00, real=0.01 secs] 
2014-07-09T15:53:24.229+0200: 111.837: [GC [PSYoungGen: 11259K->288K(13824K)] 17165K->6194K(30208K), 0.0009272 secs] [Times: user=0.00 sys=0.00, real=0.00 secs] 
2014-07-09T15:53:24.285+0200: 111.894: [GC [PSYoungGen: 11538K->1760K(13824K)] 17444K->7675K(30208K), 0.0095055 secs] [Times: user=0.00 sys=0.00, real=0.01 secs] 
2014-07-09T15:53:24.329+0200: 111.937: [GC [PSYoungGen: 13012K->2529K(13824K)] 18926K->10724K(30208K), 0.0040365 secs] [Times: user=0.00 sys=0.00, real=0.00 secs] 
2014-07-09T15:53:24.380+0200: 111.988: [GC [PSYoungGen: 13778K->2529K(13824K)] 21973K->16047K(30208K), 0.0098094 secs] [Times: user=0.00 sys=0.00, real=0.01 secs] 
2014-07-09T15:53:24.390+0200: 111.998: [Full GC [PSYoungGen: 2529K->0K(13824K)] [ParOldGen: 13517K->8340K(16384K)] 16047K->8340K(30208K) [PSPermGen: 2476K->2476K(21504K)], 0.0226963 secs] [Times: user=0.06 sys=0.00, real=0.02 secs] 
2014-07-09T15:53:24.428+0200: 112.036: [GC [PSYoungGen: 11251K->2529K(13824K)] 19591K->11029K(30208K), 0.0017290 secs] [Times: user=0.00 sys=0.00, real=0.00 secs] 
2014-07-09T15:53:24.480+0200: 112.088: [GC [PSYoungGen: 13778K->2529K(13824K)] 22279K->14239K(30208K), 0.0077211 secs] [Times: user=0.03 sys=0.00, real=0.01 secs] 
2014-07-09T15:53:24.488+0200: 112.097: [Full GC [PSYoungGen: 2529K->0K(13824K)] [ParOldGen: 11710K->6227K(16384K)] 14239K->6227K(30208K) [PSPermGen: 2476K->2476K(21504K)], 0.0174253 secs] [Times: user=0.01 sys=0.00, real=0.02 secs] 
2014-07-09T15:53:24.511+0200: 112.119: [GC [PSYoungGen: 11256K->512K(13824K)] 17484K->6739K(30208K), 0.0009499 secs] [Times: user=0.00 sys=0.00, real=0.00 secs] 
2014-07-09T15:53:24.578+0200: 112.186: [GC [PSYoungGen: 11770K->1952K(13824K)] 17997K->8188K(30208K), 0.0022624 secs] [Times: user=0.03 sys=0.00, real=0.00 secs] 
2014-07-09T15:53:24.589+0200: 112.198: [GC [PSYoungGen: 13204K->2529K(13824K)] 19439K->11237K(30208K), 0.0077978 secs] [Times: user=0.03 sys=0.00, real=0.01 secs] 
2014-07-09T15:53:24.632+0200: 112.241: [GC [PSYoungGen: 13778K->2529K(13824K)] 22487K->16752K(30208K), 0.0109412 secs] [Times: user=0.03 sys=0.00, real=0.01 secs] 
2014-07-09T15:53:24.644+0200: 112.252: [Full GC [PSYoungGen: 2529K->0K(13824K)] [ParOldGen: 14223K->8534K(16384K)] 16752K->8534K(30208K) [PSPermGen: 2476K->2476K(21504K)], 0.0167907 secs] [Times: user=0.03 sys=0.00, real=0.02 secs] 
2014-07-09T15:53:24.681+0200: 112.289: [GC [PSYoungGen: 11251K->2529K(13824K)] 19785K->11415K(30208K), 0.0024091 secs] [Times: user=0.00 sys=0.00, real=0.00 secs] 
2014-07-09T15:53:24.729+0200: 112.337: [GC [PSYoungGen: 13778K->2529K(13824K)] 22665K->14817K(30208K), 0.0044750 secs] [Times: user=0.00 sys=0.00, real=0.00 secs] 
2014-07-09T15:53:24.733+0200: 112.342: [Full GC [PSYoungGen: 2529K->0K(13824K)] [ParOldGen: 12288K->6421K(16384K)] 14817K->6421K(30208K) [PSPermGen: 2476K->2476K(21504K)], 0.0125364 secs] [Times: user=0.03 sys=0.00, real=0.01 secs] 
2014-07-09T15:53:24.779+0200: 112.388: [GC [PSYoungGen: 11254K->2529K(13824K)] 17676K->14361K(30208K), 0.0064211 secs] [Times: user=0.03 sys=0.00, real=0.01 secs] 
2014-07-09T15:53:24.786+0200: 112.394: [Full GC [PSYoungGen: 2529K->0K(13824K)] [ParOldGen: 11831K->8438K(16384K)] 14361K->8438K(30208K) [PSPermGen: 2476K->2476K(21504K)], 0.0133452 secs] [Times: user=0.03 sys=0.00, real=0.01 secs] 
2014-07-09T15:53:24.828+0200: 112.436: [GC [PSYoungGen: 11251K->2529K(13824K)] 19690K->11224K(30208K), 0.0014856 secs] [Times: user=0.00 sys=0.00, real=0.00 secs] 
2014-07-09T15:53:24.879+0200: 112.487: [GC [PSYoungGen: 13778K->2529K(13824K)] 22473K->14529K(30208K), 0.0043984 secs] [Times: user=0.00 sys=0.00, real=0.00 secs] 
2014-07-09T15:53:24.883+0200: 112.492: [Full GC [PSYoungGen: 2529K->0K(13824K)] [ParOldGen: 12000K->6325K(16384K)] 14529K->6325K(30208K) [PSPermGen: 2476K->2476K(21504K)], 0.0091264 secs] [Times: user=0.03 sys=0.00, real=0.01 secs] 
2014-07-09T15:53:24.927+0200: 112.535: [GC [PSYoungGen: 11251K->672K(13824K)] 17577K->6998K(30208K), 0.0006324 secs] [Times: user=0.00 sys=0.00, real=0.00 secs] 
2014-07-09T15:53:24.979+0200: 112.587: [GC [PSYoungGen: 11921K->2529K(13824K)] 18247K->10047K(30208K), 0.0023988 secs] [Times: user=0.00 sys=0.00, real=0.00 secs] 
2014-07-09T15:53:24.987+0200: 112.595: [GC [PSYoungGen: 13763K->2529K(13824K)] 21282K->12200K(30208K), 0.0039475 secs] [Times: user=0.00 sys=0.00, real=0.00 secs] 
2014-07-09T15:53:25.029+0200: 112.637: [GC [PSYoungGen: 13778K->2529K(13824K)] 23450K->17395K(30208K), 0.0064786 secs] [Times: user=0.03 sys=0.00, real=0.01 secs] 
2014-07-09T15:53:25.036+0200: 112.644: [Full GC [PSYoungGen: 2529K->0K(13824K)] [ParOldGen: 14865K->8216K(16384K)] 17395K->8216K(30208K) [PSPermGen: 2476K->2476K(21504K)], 0.0134475 secs] [Times: user=0.03 sys=0.00, real=0.01 secs] 
2014-07-09T15:53:25.108+0200: 112.716: [GC [PSYoungGen: 11251K->2529K(13824K)] 19467K->10745K(30208K), 0.1010332 secs] [Times: user=0.05 sys=0.00, real=0.10 secs] 
2014-07-09T15:53:25.214+0200: 112.823: [GC [PSYoungGen: 13778K->2529K(13824K)] 21995K->13795K(30208K), 0.0198414 secs] [Times: user=0.02 sys=0.00, real=0.02 secs] 
2014-07-09T15:53:25.234+0200: 112.843: [Full GC [PSYoungGen: 2529K->0K(13824K)] [ParOldGen: 11265K->6103K(16384K)] 13795K->6103K(30208K) [PSPermGen: 2476K->2476K(21504K)], 0.0132037 secs] [Times: user=0.00 sys=0.00, real=0.01 secs] 
2014-07-09T15:53:25.255+0200: 112.863: [GC [PSYoungGen: 11251K->416K(13824K)] 17354K->6519K(30208K), 0.0037040 secs] [Times: user=0.00 sys=0.00, real=0.00 secs] 
2014-07-09T15:53:25.264+0200: 112.872: [GC [PSYoungGen: 11665K->2529K(13824K)] 17769K->9569K(30208K), 0.0319555 secs] [Times: user=0.03 sys=0.00, real=0.03 secs] 
2014-07-09T15:53:25.303+0200: 112.911: [GC [PSYoungGen: 13784K->2529K(13824K)] 20824K->12522K(30208K), 0.0139710 secs] [Times: user=0.00 sys=0.00, real=0.01 secs] 
2014-07-09T15:53:25.327+0200: 112.936: [GC [PSYoungGen: 13780K->320K(13824K)] 23773K->10321K(30208K), 0.0277873 secs] [Times: user=0.02 sys=0.02, real=0.03 secs] 
2014-07-09T15:53:25.399+0200: 113.007: [GC [PSYoungGen: 11569K->2529K(13824K)] 21570K->13370K(30208K), 0.0032956 secs] [Times: user=0.00 sys=0.00, real=0.00 secs] 
2014-07-09T15:53:25.402+0200: 113.010: [Full GC [PSYoungGen: 2529K->0K(13824K)] [ParOldGen: 10841K->3894K(16384K)] 13370K->3894K(30208K) [PSPermGen: 2476K->2476K(21504K)], 0.0294184 secs] [Times: user=0.03 sys=0.00, real=0.03 secs] 
2014-07-09T15:53:25.442+0200: 113.050: [GC [PSYoungGen: 11251K->2529K(13824K)] 15146K->10297K(30208K), 0.0184849 secs] [Times: user=0.02 sys=0.00, real=0.02 secs] 
2014-07-09T15:53:25.477+0200: 113.085: [GC [PSYoungGen: 13778K->1248K(13824K)] 21547K->9025K(30208K), 0.0010310 secs] [Times: user=0.00 sys=0.00, real=0.00 secs] 
2014-07-09T15:53:25.484+0200: 113.092: [GC [PSYoungGen: 12500K->2529K(13824K)] 20276K->12074K(30208K), 0.0170609 secs] [Times: user=0.02 sys=0.00, real=0.02 secs] 
2014-07-09T15:53:25.529+0200: 113.137: [GC [PSYoungGen: 13761K->2529K(13824K)] 23307K->15188K(30208K), 0.0053960 secs] [Times: user=0.02 sys=0.00, real=0.00 secs] 
2014-07-09T15:53:25.534+0200: 113.142: [Full GC [PSYoungGen: 2529K->0K(13824K)] [ParOldGen: 12659K->6169K(16384K)] 15188K->6169K(30208K) [PSPermGen: 2476K->2476K(21504K)], 0.0142969 secs] [Times: user=0.02 sys=0.00, real=0.01 secs] 
2014-07-09T15:53:25.581+0200: 113.190: [GC [PSYoungGen: 11251K->480K(13824K)] 17421K->6649K(30208K), 0.0135182 secs] [Times: user=0.00 sys=0.00, real=0.01 secs] 
2014-07-09T15:53:25.629+0200: 113.237: [GC [PSYoungGen: 11729K->2529K(13824K)] 17899K->9699K(30208K), 0.0033898 secs] [Times: user=0.00 sys=0.00, real=0.00 secs] 
2014-07-09T15:53:25.680+0200: 113.288: [GC [PSYoungGen: 13780K->2529K(13824K)] 20950K->13773K(30208K), 0.0097313 secs] [Times: user=0.03 sys=0.00, real=0.01 secs] 
2014-07-09T15:53:25.690+0200: 113.299: [Full GC [PSYoungGen: 2529K->0K(13824K)] [ParOldGen: 11244K->7098K(16384K)] 13773K->7098K(30208K) [PSPermGen: 2476K->2476K(21504K)], 0.0166400 secs] [Times: user=0.01 sys=0.00, real=0.02 secs] 
2014-07-09T15:53:25.727+0200: 113.336: [GC [PSYoungGen: 11249K->1440K(13824K)] 18347K->8538K(30208K), 0.0011406 secs] [Times: user=0.00 sys=0.00, real=0.00 secs] 
2014-07-09T15:53:25.778+0200: 113.386: [GC [PSYoungGen: 12701K->2529K(13824K)] 19799K->10051K(30208K), 0.0029040 secs] [Times: user=0.03 sys=0.00, real=0.00 secs] 
2014-07-09T15:53:25.791+0200: 113.399: [GC [PSYoungGen: 13778K->2529K(13824K)] 21300K->13517K(30208K), 0.0085196 secs] [Times: user=0.03 sys=0.00, real=0.01 secs] 
2014-07-09T15:53:25.800+0200: 113.408: [Full GC [PSYoungGen: 2529K->0K(13824K)] [ParOldGen: 10987K->6490K(16384K)] 13517K->6490K(30208K) [PSPermGen: 2476K->2476K(21504K)], 0.0226505 secs] [Times: user=0.02 sys=0.00, real=0.02 secs] 
2014-07-09T15:53:25.877+0200: 113.485: [GC [PSYoungGen: 11251K->832K(13824K)] 17742K->7323K(30208K), 0.0007142 secs] [Times: user=0.00 sys=0.00, real=0.00 secs] 
2014-07-09T15:53:25.885+0200: 113.494: [GC [PSYoungGen: 12081K->2529K(13824K)] 18572K->10372K(30208K), 0.0054030 secs] [Times: user=0.03 sys=0.00, real=0.01 secs] 
2014-07-09T15:53:25.930+0200: 113.538: [GC [PSYoungGen: 13780K->2529K(13824K)] 21624K->14766K(30208K), 0.0052834 secs] [Times: user=0.00 sys=0.00, real=0.00 secs] 
2014-07-09T15:53:25.935+0200: 113.544: [Full GC [PSYoungGen: 2529K->0K(13824K)] [ParOldGen: 12237K->7419K(16384K)] 14766K->7419K(30208K) [PSPermGen: 2476K->2476K(21504K)], 0.0110211 secs] [Times: user=0.03 sys=0.00, real=0.01 secs] 
2014-07-09T15:53:25.980+0200: 113.589: [GC [PSYoungGen: 11255K->1248K(13824K)] 18674K->8667K(30208K), 0.0011318 secs] [Times: user=0.00 sys=0.00, real=0.00 secs] 
2014-07-09T15:53:26.028+0200: 113.636: [GC [PSYoungGen: 12503K->2529K(13824K)] 19922K->10692K(30208K), 0.0034551 secs] [Times: user=0.03 sys=0.00, real=0.00 secs] 
2014-07-09T15:53:26.090+0200: 113.698: [GC [PSYoungGen: 13780K->2529K(13824K)] 21944K->14478K(30208K), 0.0056416 secs] [Times: user=0.03 sys=0.00, real=0.01 secs] 
2014-07-09T15:53:26.096+0200: 113.704: [Full GC [PSYoungGen: 2529K->0K(13824K)] [ParOldGen: 11949K->6812K(16384K)] 14478K->6812K(30208K) [PSPermGen: 2476K->2476K(21504K)], 0.0124645 secs] [Times: user=0.03 sys=0.00, real=0.01 secs] 
2014-07-09T15:53:26.141+0200: 113.749: [GC [PSYoungGen: 11249K->1120K(13824K)] 18061K->7932K(30208K), 0.0088265 secs] [Times: user=0.00 sys=0.00, real=0.01 secs] 
2014-07-09T15:53:26.178+0200: 113.787: [GC [PSYoungGen: 12372K->2529K(13824K)] 19184K->10982K(30208K), 0.0109386 secs] [Times: user=0.02 sys=0.00, real=0.01 secs] 
2014-07-09T15:53:26.196+0200: 113.804: [GC [PSYoungGen: 13778K->2529K(13824K)] 22231K->15696K(30208K), 0.0056064 secs] [Times: user=0.03 sys=0.00, real=0.00 secs] 
2014-07-09T15:53:26.201+0200: 113.810: [Full GC [PSYoungGen: 2529K->0K(13824K)] [ParOldGen: 13167K->7740K(16384K)] 15696K->7740K(30208K) [PSPermGen: 2476K->2476K(21504K)], 0.0135003 secs] [Times: user=0.00 sys=0.00, real=0.01 secs] 
2014-07-09T15:53:26.278+0200: 113.886: [GC [PSYoungGen: 11254K->1056K(13824K)] 18995K->8797K(30208K), 0.0016491 secs] [Times: user=0.01 sys=0.00, real=0.00 secs] 
2014-07-09T15:53:26.288+0200: 113.897: [GC [PSYoungGen: 12305K->2529K(13824K)] 20046K->11846K(30208K), 0.0062161 secs] [Times: user=0.00 sys=0.02, real=0.01 secs] 
2014-07-09T15:53:26.336+0200: 113.944: [GC [PSYoungGen: 13780K->2529K(13824K)] 23098K->16464K(30208K), 0.0056548 secs] [Times: user=0.03 sys=0.00, real=0.01 secs] 
2014-07-09T15:53:26.342+0200: 113.950: [Full GC [PSYoungGen: 2529K->0K(13824K)] [ParOldGen: 13935K->7645K(16384K)] 16464K->7645K(30208K) [PSPermGen: 2476K->2476K(21504K)], 0.0130148 secs] [Times: user=0.00 sys=0.00, real=0.01 secs] 
2014-07-09T15:53:26.380+0200: 113.989: [GC [PSYoungGen: 11249K->1984K(13824K)] 18894K->9630K(30208K), 0.0015545 secs] [Times: user=0.00 sys=0.00, real=0.00 secs] 
2014-07-09T15:53:26.429+0200: 114.038: [GC [PSYoungGen: 13236K->2529K(13824K)] 20881K->12679K(30208K), 0.0064603 secs] [Times: user=0.03 sys=0.00, real=0.01 secs] 
2014-07-09T15:53:26.480+0200: 114.088: [GC [PSYoungGen: 13778K->2529K(13824K)] 23929K->18226K(30208K), 0.0057150 secs] [Times: user=0.03 sys=0.00, real=0.01 secs] 
2014-07-09T15:53:26.486+0200: 114.094: [Full GC [PSYoungGen: 2529K->0K(13824K)] [ParOldGen: 15697K->8573K(16384K)] 18226K->8573K(30208K) [PSPermGen: 2476K->2476K(21504K)], 0.0105830 secs] [Times: user=0.00 sys=0.00, real=0.01 secs] 
2014-07-09T15:53:26.527+0200: 114.135: [GC [PSYoungGen: 11239K->704K(13824K)] 19812K->9277K(30208K), 0.0005998 secs] [Times: user=0.00 sys=0.00, real=0.00 secs] 
2014-07-09T15:53:26.580+0200: 114.188: [GC [PSYoungGen: 11953K->2529K(13824K)] 20527K->12295K(30208K), 0.0067877 secs] [Times: user=0.00 sys=0.00, real=0.01 secs] 
2014-07-09T15:53:26.596+0200: 114.204: [GC [PSYoungGen: 13780K->2529K(13824K)] 23546K->16561K(30208K), 0.0140014 secs] [Times: user=0.01 sys=0.00, real=0.01 secs] 
2014-07-09T15:53:26.610+0200: 114.219: [Full GC [PSYoungGen: 2529K->0K(13824K)] [ParOldGen: 14032K->7295K(16384K)] 16561K->7295K(30208K) [PSPermGen: 2476K->2476K(21504K)], 0.0128667 secs] [Times: user=0.03 sys=0.00, real=0.01 secs] 
2014-07-09T15:53:26.678+0200: 114.286: [GC [PSYoungGen: 11249K->1632K(13824K)] 18544K->8928K(30208K), 0.0018878 secs] [Times: user=0.00 sys=0.00, real=0.00 secs] 
2014-07-09T15:53:26.689+0200: 114.297: [GC [PSYoungGen: 12884K->2529K(13824K)] 20179K->11977K(30208K), 0.0063973 secs] [Times: user=0.00 sys=0.00, real=0.01 secs] 
2014-07-09T15:53:26.732+0200: 114.340: [GC [PSYoungGen: 13778K->2529K(13824K)] 23226K->17172K(30208K), 0.0094828 secs] [Times: user=0.00 sys=0.00, real=0.01 secs] 
2014-07-09T15:53:26.741+0200: 114.350: [Full GC [PSYoungGen: 2529K->0K(13824K)] [ParOldGen: 14642K->8223K(16384K)] 17172K->8223K(30208K) [PSPermGen: 2476K->2476K(21504K)], 0.0169454 secs] [Times: user=0.03 sys=0.00, real=0.02 secs] 
2014-07-09T15:53:26.780+0200: 114.389: [GC [PSYoungGen: 11254K->1536K(13824K)] 19478K->9760K(30208K), 0.0015567 secs] [Times: user=0.00 sys=0.00, real=0.00 secs] 
2014-07-09T15:53:26.828+0200: 114.436: [GC [PSYoungGen: 12788K->2529K(13824K)] 21011K->12809K(30208K), 0.0034499 secs] [Times: user=0.00 sys=0.00, real=0.00 secs] 
2014-07-09T15:53:26.832+0200: 114.440: [Full GC [PSYoungGen: 2529K->0K(13824K)] [ParOldGen: 10280K->5086K(16384K)] 12809K->5086K(30208K) [PSPermGen: 2476K->2476K(21504K)], 0.0117111 secs] [Times: user=0.03 sys=0.00, real=0.01 secs] 
2014-07-09T15:53:26.879+0200: 114.487: [GC [PSYoungGen: 11249K->2529K(13824K)] 16336K->12706K(30208K), 0.0062147 secs] [Times: user=0.00 sys=0.00, real=0.01 secs] 
2014-07-09T15:53:26.886+0200: 114.494: [Full GC [PSYoungGen: 2529K->0K(13824K)] [ParOldGen: 10177K->8055K(16384K)] 12706K->8055K(30208K) [PSPermGen: 2476K->2476K(21504K)], 0.0145323 secs] [Times: user=0.03 sys=0.00, real=0.01 secs] 
2014-07-09T15:53:26.928+0200: 114.536: [GC [PSYoungGen: 11251K->2465K(13824K)] 19306K->10520K(30208K), 0.0013323 secs] [Times: user=0.00 sys=0.00, real=0.00 secs] 
2014-07-09T15:53:26.980+0200: 114.588: [GC [PSYoungGen: 13714K->2529K(13824K)] 21769K->13569K(30208K), 0.0068273 secs] [Times: user=0.03 sys=0.00, real=0.01 secs] 
2014-07-09T15:53:26.987+0200: 114.596: [Full GC [PSYoungGen: 2529K->0K(13824K)] [ParOldGen: 11040K->5958K(16384K)] 13569K->5958K(30208K) [PSPermGen: 2476K->2476K(21504K)], 0.0130053 secs] [Times: user=0.03 sys=0.00, real=0.01 secs] 
2014-07-09T15:53:27.005+0200: 114.614: [GC [PSYoungGen: 11260K->2529K(13824K)] 17219K->12970K(30208K), 0.0060160 secs] [Times: user=0.00 sys=0.02, real=0.01 secs] 
2014-07-09T15:53:27.012+0200: 114.620: [Full GC [PSYoungGen: 2529K->0K(13824K)] [ParOldGen: 10441K->7465K(16384K)] 12970K->7465K(30208K) [PSPermGen: 2476K->2476K(21504K)], 0.0274350 secs] [Times: user=0.01 sys=0.00, real=0.03 secs] 
2014-07-09T15:53:27.077+0200: 114.686: [GC [PSYoungGen: 11249K->1856K(13824K)] 18715K->9322K(30208K), 0.0009800 secs] [Times: user=0.00 sys=0.00, real=0.00 secs] 
2014-07-09T15:53:27.084+0200: 114.693: [GC [PSYoungGen: 13108K->2529K(13824K)] 20574K->12372K(30208K), 0.0038408 secs] [Times: user=0.00 sys=0.00, real=0.00 secs] 
2014-07-09T15:53:27.131+0200: 114.739: [GC [PSYoungGen: 13778K->2529K(13824K)] 23621K->17790K(30208K), 0.0055075 secs] [Times: user=0.00 sys=0.00, real=0.00 secs] 
2014-07-09T15:53:27.137+0200: 114.745: [Full GC [PSYoungGen: 2529K->0K(13824K)] [ParOldGen: 15261K->8398K(16384K)] 17790K->8398K(30208K) [PSPermGen: 2476K->2476K(21504K)], 0.0113045 secs] [Times: user=0.00 sys=0.00, real=0.01 secs] 
2014-07-09T15:53:27.181+0200: 114.789: [GC [PSYoungGen: 11251K->2529K(13824K)] 19650K->11183K(30208K), 0.0021693 secs] [Times: user=0.00 sys=0.00, real=0.00 secs] 
2014-07-09T15:53:27.229+0200: 114.837: [GC [PSYoungGen: 13778K->2529K(13824K)] 22433K->14489K(30208K), 0.0078755 secs] [Times: user=0.03 sys=0.00, real=0.01 secs] 
2014-07-09T15:53:27.237+0200: 114.845: [Full GC [PSYoungGen: 2529K->0K(13824K)] [ParOldGen: 11960K->6288K(16384K)] 14489K->6288K(30208K) [PSPermGen: 2476K->2476K(21504K)], 0.0228851 secs] [Times: user=0.02 sys=0.00, real=0.02 secs] 
2014-07-09T15:53:27.280+0200: 114.889: [GC [PSYoungGen: 11260K->2529K(13824K)] 17549K->13620K(30208K), 0.0054569 secs] [Times: user=0.00 sys=0.00, real=0.01 secs] 
2014-07-09T15:53:27.286+0200: 114.894: [Full GC [PSYoungGen: 2529K->0K(13824K)] [ParOldGen: 11091K->7795K(16384K)] 13620K->7795K(30208K) [PSPermGen: 2476K->2476K(21504K)], 0.0114252 secs] [Times: user=0.03 sys=0.00, real=0.01 secs] 
2014-07-09T15:53:27.327+0200: 114.936: [GC [PSYoungGen: 11251K->2177K(13824K)] 19047K->9972K(30208K), 0.0011651 secs] [Times: user=0.00 sys=0.00, real=0.00 secs] 
2014-07-09T15:53:27.378+0200: 114.987: [GC [PSYoungGen: 13426K->2529K(13824K)] 21222K->13022K(30208K), 0.0066301 secs] [Times: user=0.00 sys=0.00, real=0.01 secs] 
2014-07-09T15:53:27.385+0200: 114.994: [Full GC [PSYoungGen: 2529K->0K(13824K)] [ParOldGen: 10492K->5685K(16384K)] 13022K->5685K(30208K) [PSPermGen: 2476K->2476K(21504K)], 0.0222765 secs] [Times: user=0.05 sys=0.00, real=0.02 secs] 
2014-07-09T15:53:27.427+0200: 115.035: [GC [PSYoungGen: 11249K->64K(13824K)] 16935K->5749K(30208K), 0.0006130 secs] [Times: user=0.00 sys=0.00, real=0.00 secs] 
2014-07-09T15:53:27.478+0200: 115.087: [GC [PSYoungGen: 11313K->2529K(13824K)] 16999K->8799K(30208K), 0.0031720 secs] [Times: user=0.03 sys=0.00, real=0.00 secs] 
2014-07-09T15:53:27.491+0200: 115.099: [GC [PSYoungGen: 13778K->2529K(13824K)] 20048K->12424K(30208K), 0.0081908 secs] [Times: user=0.03 sys=0.00, real=0.01 secs] 
2014-07-09T15:53:27.499+0200: 115.108: [Full GC [PSYoungGen: 2529K->0K(13824K)] [ParOldGen: 9895K->6615K(16384K)] 12424K->6615K(30208K) [PSPermGen: 2476K->2476K(21504K)], 0.0121921 secs] [Times: user=0.03 sys=0.00, real=0.01 secs] 
2014-07-09T15:53:27.529+0200: 115.138: [GC [PSYoungGen: 11234K->2529K(13824K)] 17849K->14106K(30208K), 0.0061703 secs] [Times: user=0.00 sys=0.00, real=0.01 secs] 
2014-07-09T15:53:27.536+0200: 115.144: [Full GC [PSYoungGen: 2529K->0K(13824K)] [ParOldGen: 11577K->7962K(16384K)] 14106K->7962K(30208K) [PSPermGen: 2476K->2476K(21504K)], 0.0361082 secs] [Times: user=0.03 sys=0.00, real=0.04 secs] 
2014-07-09T15:53:27.581+0200: 115.189: [GC [PSYoungGen: 11251K->2337K(13824K)] 19214K->10299K(30208K), 0.0015200 secs] [Times: user=0.00 sys=0.00, real=0.00 secs] 
2014-07-09T15:53:27.628+0200: 115.237: [GC [PSYoungGen: 13586K->2529K(13824K)] 21549K->13349K(30208K), 0.0040266 secs] [Times: user=0.00 sys=0.00, real=0.00 secs] 
2014-07-09T15:53:27.632+0200: 115.241: [Full GC [PSYoungGen: 2529K->0K(13824K)] [ParOldGen: 10820K->5850K(16384K)] 13349K->5850K(30208K) [PSPermGen: 2476K->2476K(21504K)], 0.0084111 secs] [Times: user=0.01 sys=0.00, real=0.01 secs] 
2014-07-09T15:53:27.681+0200: 115.289: [GC [PSYoungGen: 11251K->224K(13824K)] 17102K->6074K(30208K), 0.0013517 secs] [Times: user=0.00 sys=0.00, real=0.00 secs] 
2014-07-09T15:53:27.729+0200: 115.337: [GC [PSYoungGen: 11473K->2529K(13824K)] 17324K->9124K(30208K), 0.0032270 secs] [Times: user=0.03 sys=0.00, real=0.00 secs] 
2014-07-09T15:53:27.780+0200: 115.389: [GC [PSYoungGen: 13784K->2529K(13824K)] 20379K->11885K(30208K), 0.0064181 secs] [Times: user=0.00 sys=0.00, real=0.01 secs] 
2014-07-09T15:53:27.827+0200: 115.435: [GC [PSYoungGen: 13780K->128K(13824K)] 23137K->9492K(30208K), 0.0007336 secs] [Times: user=0.00 sys=0.00, real=0.00 secs] 
2014-07-09T15:53:27.879+0200: 115.487: [GC [PSYoungGen: 11377K->2529K(13824K)] 20741K->12541K(30208K), 0.0031632 secs] [Times: user=0.00 sys=0.00, real=0.00 secs] 
2014-07-09T15:53:27.890+0200: 115.499: [GC [PSYoungGen: 13778K->2529K(13824K)] 23791K->16231K(30208K), 0.0053483 secs] [Times: user=0.00 sys=0.00, real=0.01 secs] 
2014-07-09T15:53:27.896+0200: 115.504: [Full GC [PSYoungGen: 2529K->0K(13824K)] [ParOldGen: 13702K->6685K(16384K)] 16231K->6685K(30208K) [PSPermGen: 2476K->2476K(21504K)], 0.0123586 secs] [Times: user=0.02 sys=0.00, real=0.01 secs] 
2014-07-09T15:53:27.978+0200: 115.586: [GC [PSYoungGen: 11249K->1056K(13824K)] 17935K->7742K(30208K), 0.0022071 secs] [Times: user=0.03 sys=0.00, real=0.00 secs] 
2014-07-09T15:53:27.988+0200: 115.597: [GC [PSYoungGen: 12317K->2529K(13824K)] 19002K->9254K(30208K), 0.0034140 secs] [Times: user=0.00 sys=0.00, real=0.00 secs] 
2014-07-09T15:53:28.030+0200: 115.639: [GC [PSYoungGen: 13784K->2529K(13824K)] 20510K->11824K(30208K), 0.0061065 secs] [Times: user=0.00 sys=0.00, real=0.01 secs] 
2014-07-09T15:53:28.112+0200: 115.720: [GC [PSYoungGen: 13778K->2529K(13824K)] 23073K->17402K(30208K), 0.0306077 secs] [Times: user=0.01 sys=0.00, real=0.03 secs] 
2014-07-09T15:53:28.143+0200: 115.751: [Full GC [PSYoungGen: 2529K->0K(13824K)] [ParOldGen: 14873K->8608K(16384K)] 17402K->8608K(30208K) [PSPermGen: 2476K->2476K(21504K)], 0.0145598 secs] [Times: user=0.02 sys=0.00, real=0.01 secs] 
2014-07-09T15:53:28.163+0200: 115.771: [GC [PSYoungGen: 11251K->2529K(13824K)] 19859K->11553K(30208K), 0.0024157 secs] [Times: user=0.00 sys=0.00, real=0.00 secs] 
2014-07-09T15:53:28.180+0200: 115.788: [GC [PSYoungGen: 13778K->2529K(13824K)] 22803K->15051K(30208K), 0.0050136 secs] [Times: user=0.02 sys=0.00, real=0.00 secs] 
2014-07-09T15:53:28.185+0200: 115.793: [Full GC [PSYoungGen: 2529K->0K(13824K)] [ParOldGen: 12522K->6495K(16384K)] 15051K->6495K(30208K) [PSPermGen: 2476K->2476K(21504K)], 0.0095693 secs] [Times: user=0.00 sys=0.00, real=0.01 secs] 
2014-07-09T15:53:28.228+0200: 115.837: [GC [PSYoungGen: 11262K->1088K(13824K)] 17758K->7583K(30208K), 0.0030030 secs] [Times: user=0.00 sys=0.01, real=0.00 secs] 
2014-07-09T15:53:28.277+0200: 115.886: [GC [PSYoungGen: 12331K->2529K(13824K)] 18827K->9384K(30208K), 0.0017114 secs] [Times: user=0.00 sys=0.00, real=0.00 secs] 
2014-07-09T15:53:28.289+0200: 115.897: [GC [PSYoungGen: 13778K->2529K(13824K)] 20634K->12786K(30208K), 0.0080023 secs] [Times: user=0.03 sys=0.00, real=0.01 secs] 
2014-07-09T15:53:28.297+0200: 115.906: [Full GC [PSYoungGen: 2529K->0K(13824K)] [ParOldGen: 10257K->6399K(16384K)] 12786K->6399K(30208K) [PSPermGen: 2476K->2476K(21504K)], 0.0172376 secs] [Times: user=0.02 sys=0.00, real=0.02 secs] 
2014-07-09T15:53:28.377+0200: 115.985: [GC [PSYoungGen: 11251K->768K(13824K)] 17651K->7168K(30208K), 0.0006838 secs] [Times: user=0.00 sys=0.00, real=0.00 secs] 
2014-07-09T15:53:28.384+0200: 115.993: [GC [PSYoungGen: 12017K->2529K(13824K)] 18417K->10185K(30208K), 0.0036985 secs] [Times: user=0.01 sys=0.00, real=0.00 secs] 
2014-07-09T15:53:28.429+0200: 116.037: [GC [PSYoungGen: 13780K->2529K(13824K)] 21437K->14515K(30208K), 0.0087891 secs] [Times: user=0.03 sys=0.00, real=0.01 secs] 
2014-07-09T15:53:28.438+0200: 116.046: [Full GC [PSYoungGen: 2529K->0K(13824K)] [ParOldGen: 11986K->7328K(16384K)] 14515K->7328K(30208K) [PSPermGen: 2476K->2476K(21504K)], 0.0222872 secs] [Times: user=0.02 sys=0.00, real=0.02 secs] 
2014-07-09T15:53:28.481+0200: 116.089: [GC [PSYoungGen: 11249K->1696K(13824K)] 18577K->9025K(30208K), 0.0013378 secs] [Times: user=0.00 sys=0.00, real=0.00 secs] 
2014-07-09T15:53:28.529+0200: 116.137: [GC [PSYoungGen: 12930K->2529K(13824K)] 20258K->10377K(30208K), 0.0034496 secs] [Times: user=0.00 sys=0.00, real=0.00 secs] 
2014-07-09T15:53:28.578+0200: 116.187: [GC [PSYoungGen: 13778K->2529K(13824K)] 21627K->13939K(30208K), 0.0079154 secs] [Times: user=0.00 sys=0.00, real=0.01 secs] 
2014-07-09T15:53:28.587+0200: 116.195: [Full GC [PSYoungGen: 2529K->0K(13824K)] [ParOldGen: 11410K->6561K(16384K)] 13939K->6561K(30208K) [PSPermGen: 2476K->2476K(21504K)], 0.0233123 secs] [Times: user=0.05 sys=0.00, real=0.02 secs] 
2014-07-09T15:53:28.627+0200: 116.236: [GC [PSYoungGen: 11251K->928K(13824K)] 17813K->7490K(30208K), 0.0009800 secs] [Times: user=0.00 sys=0.00, real=0.00 secs] 
2014-07-09T15:53:28.678+0200: 116.286: [GC [PSYoungGen: 12177K->2529K(13824K)] 18739K->10539K(30208K), 0.0026254 secs] [Times: user=0.00 sys=0.02, real=0.00 secs] 
2014-07-09T15:53:28.686+0200: 116.294: [GC [PSYoungGen: 13780K->2529K(13824K)] 21791K->15029K(30208K), 0.0054495 secs] [Times: user=0.00 sys=0.00, real=0.00 secs] 
2014-07-09T15:53:28.691+0200: 116.300: [Full GC [PSYoungGen: 2529K->0K(13824K)] [ParOldGen: 12500K->7490K(16384K)] 15029K->7490K(30208K) [PSPermGen: 2476K->2476K(21504K)], 0.0126446 secs] [Times: user=0.02 sys=0.00, real=0.01 secs] 
2014-07-09T15:53:28.777+0200: 116.385: [GC [PSYoungGen: 11260K->288K(13824K)] 18750K->7778K(30208K), 0.0027728 secs] [Times: user=0.00 sys=0.00, real=0.00 secs] 
2014-07-09T15:53:28.788+0200: 116.397: [GC [PSYoungGen: 11537K->2529K(13824K)] 19027K->10859K(30208K), 0.0029876 secs] [Times: user=0.03 sys=0.00, real=0.00 secs] 
2014-07-09T15:53:28.829+0200: 116.437: [GC [PSYoungGen: 13780K->2529K(13824K)] 22111K->14741K(30208K), 0.0051797 secs] [Times: user=0.00 sys=0.00, real=0.01 secs] 
2014-07-09T15:53:28.834+0200: 116.443: [Full GC [PSYoungGen: 2529K->0K(13824K)] [ParOldGen: 12212K->6882K(16384K)] 14741K->6882K(30208K) [PSPermGen: 2476K->2476K(21504K)], 0.0126889 secs] [Times: user=0.03 sys=0.00, real=0.01 secs] 
2014-07-09T15:53:28.881+0200: 116.490: [GC [PSYoungGen: 11249K->1248K(13824K)] 18132K->8131K(30208K), 0.0022844 secs] [Times: user=0.02 sys=0.00, real=0.00 secs] 
2014-07-09T15:53:28.928+0200: 116.537: [GC [PSYoungGen: 12500K->2529K(13824K)] 19382K->11180K(30208K), 0.0029557 secs] [Times: user=0.03 sys=0.00, real=0.00 secs] 
2014-07-09T15:53:28.982+0200: 116.591: [GC [PSYoungGen: 13778K->2529K(13824K)] 22430K->15991K(30208K), 0.0088995 secs] [Times: user=0.00 sys=0.00, real=0.01 secs] 
2014-07-09T15:53:28.992+0200: 116.600: [Full GC [PSYoungGen: 2529K->0K(13824K)] [ParOldGen: 13462K->7811K(16384K)] 15991K->7811K(30208K) [PSPermGen: 2476K->2476K(21504K)], 0.0153799 secs] [Times: user=0.03 sys=0.00, real=0.01 secs] 
2014-07-09T15:53:29.027+0200: 116.635: [GC [PSYoungGen: 11260K->640K(13824K)] 19072K->8451K(30208K), 0.0009272 secs] [Times: user=0.00 sys=0.00, real=0.00 secs] 
2014-07-09T15:53:29.079+0200: 116.688: [GC [PSYoungGen: 11889K->2529K(13824K)] 19701K->11501K(30208K), 0.0043995 secs] [Times: user=0.00 sys=0.00, real=0.01 secs] 
2014-07-09T15:53:29.092+0200: 116.701: [GC [PSYoungGen: 13780K->2529K(13824K)] 22752K->15703K(30208K), 0.0054015 secs] [Times: user=0.00 sys=0.00, real=0.01 secs] 
2014-07-09T15:53:29.098+0200: 116.706: [Full GC [PSYoungGen: 2529K->0K(13824K)] [ParOldGen: 13173K->7204K(16384K)] 15703K->7204K(30208K) [PSPermGen: 2476K->2476K(21504K)], 0.0132110 secs] [Times: user=0.01 sys=0.00, real=0.01 secs] 
2014-07-09T15:53:29.181+0200: 116.790: [GC [PSYoungGen: 11249K->1536K(13824K)] 18453K->8740K(30208K), 0.0230146 secs] [Times: user=0.02 sys=0.00, real=0.02 secs] 
2014-07-09T15:53:29.214+0200: 116.823: [GC [PSYoungGen: 12788K->2529K(13824K)] 19992K->11822K(30208K), 0.0031856 secs] [Times: user=0.00 sys=0.00, real=0.00 secs] 
2014-07-09T15:53:29.230+0200: 116.839: [GC [PSYoungGen: 13778K->2529K(13824K)] 23071K->16952K(30208K), 0.0054679 secs] [Times: user=0.00 sys=0.00, real=0.01 secs] 
2014-07-09T15:53:29.236+0200: 116.845: [Full GC [PSYoungGen: 2529K->0K(13824K)] [ParOldGen: 14423K->8132K(16384K)] 16952K->8132K(30208K) [PSPermGen: 2476K->2476K(21504K)], 0.0103344 secs] [Times: user=0.03 sys=0.00, real=0.01 secs] 
2014-07-09T15:53:29.281+0200: 116.889: [GC [PSYoungGen: 11254K->1472K(13824K)] 19387K->9605K(30208K), 0.0010456 secs] [Times: user=0.00 sys=0.00, real=0.00 secs] 
2014-07-09T15:53:29.330+0200: 116.938: [GC [PSYoungGen: 12724K->2529K(13824K)] 20856K->12654K(30208K), 0.0038243 secs] [Times: user=0.00 sys=0.00, real=0.00 secs] 
2014-07-09T15:53:29.379+0200: 116.987: [GC [PSYoungGen: 13778K->2529K(13824K)] 23904K->17689K(30208K), 0.0057304 secs] [Times: user=0.03 sys=0.00, real=0.01 secs] 
2014-07-09T15:53:29.385+0200: 116.993: [Full GC [PSYoungGen: 2529K->0K(13824K)] [ParOldGen: 15160K->8037K(16384K)] 17689K->8037K(30208K) [PSPermGen: 2476K->2476K(21504K)], 0.0101610 secs] [Times: user=0.00 sys=0.00, real=0.01 secs] 
2014-07-09T15:53:29.428+0200: 117.036: [GC [PSYoungGen: 11251K->2401K(13824K)] 19288K->10438K(30208K), 0.0014819 secs] [Times: user=0.00 sys=0.00, real=0.00 secs] 
2014-07-09T15:53:29.480+0200: 117.089: [GC [PSYoungGen: 13650K->2529K(13824K)] 21687K->13455K(30208K), 0.0054030 secs] [Times: user=0.00 sys=0.00, real=0.01 secs] 
2014-07-09T15:53:29.486+0200: 117.094: [Full GC [PSYoungGen: 2529K->0K(13824K)] [ParOldGen: 10926K->5924K(16384K)] 13455K->5924K(30208K) [PSPermGen: 2476K->2476K(21504K)], 0.0153763 secs] [Times: user=0.02 sys=0.00, real=0.01 secs] 
2014-07-09T15:53:29.507+0200: 117.116: [GC [PSYoungGen: 11259K->320K(13824K)] 17183K->6244K(30208K), 0.0010097 secs] [Times: user=0.00 sys=0.01, real=0.00 secs] 
2014-07-09T15:53:29.578+0200: 117.186: [GC [PSYoungGen: 11552K->1088K(13824K)] 17476K->7020K(30208K), 0.0096796 secs] [Times: user=0.02 sys=0.00, real=0.01 secs] 
2014-07-09T15:53:29.597+0200: 117.205: [GC [PSYoungGen: 12338K->2529K(13824K)] 18270K->10070K(30208K), 0.0045304 secs] [Times: user=0.00 sys=0.00, real=0.00 secs] 
2014-07-09T15:53:29.629+0200: 117.238: [GC [PSYoungGen: 13778K->2529K(13824K)] 21319K->14752K(30208K), 0.0182338 secs] [Times: user=0.03 sys=0.00, real=0.02 secs] 
2014-07-09T15:53:29.647+0200: 117.256: [Full GC [PSYoungGen: 2529K->0K(13824K)] [ParOldGen: 12223K->7687K(16384K)] 14752K->7687K(30208K) [PSPermGen: 2476K->2476K(21504K)], 0.0109889 secs] [Times: user=0.00 sys=0.02, real=0.01 secs] 
2014-07-09T15:53:29.681+0200: 117.289: [GC [PSYoungGen: 11249K->2048K(13824K)] 18936K->9736K(30208K), 0.0014364 secs] [Times: user=0.00 sys=0.00, real=0.00 secs] 
2014-07-09T15:53:29.729+0200: 117.337: [GC [PSYoungGen: 13300K->2529K(13824K)] 20987K->12753K(30208K), 0.0044178 secs] [Times: user=0.00 sys=0.00, real=0.00 secs] 
2014-07-09T15:53:29.779+0200: 117.388: [GC [PSYoungGen: 13784K->2529K(13824K)] 24008K->17339K(30208K), 0.0090883 secs] [Times: user=0.00 sys=0.02, real=0.01 secs] 
2014-07-09T15:53:29.789+0200: 117.397: [Full GC [PSYoungGen: 2529K->0K(13824K)] [ParOldGen: 14810K->7591K(16384K)] 17339K->7591K(30208K) [PSPermGen: 2476K->2476K(21504K)], 0.0245372 secs] [Times: user=0.01 sys=0.00, real=0.02 secs] 
2014-07-09T15:53:29.827+0200: 117.436: [GC [PSYoungGen: 11249K->1952K(13824K)] 18841K->9544K(30208K), 0.0017136 secs] [Times: user=0.00 sys=0.00, real=0.00 secs] 
2014-07-09T15:53:29.880+0200: 117.488: [GC [PSYoungGen: 13204K->2529K(13824K)] 20796K->12594K(30208K), 0.0064574 secs] [Times: user=0.03 sys=0.00, real=0.01 secs] 
2014-07-09T15:53:29.895+0200: 117.504: [GC [PSYoungGen: 13778K->2529K(13824K)] 23843K->18108K(30208K), 0.0077574 secs] [Times: user=0.03 sys=0.00, real=0.01 secs] 
2014-07-09T15:53:29.903+0200: 117.512: [Full GC [PSYoungGen: 2529K->0K(13824K)] [ParOldGen: 15579K->8520K(16384K)] 18108K->8520K(30208K) [PSPermGen: 2476K->2476K(21504K)], 0.0142555 secs] [Times: user=0.03 sys=0.00, real=0.01 secs] 
2014-07-09T15:53:29.978+0200: 117.587: [GC [PSYoungGen: 11251K->2529K(13824K)] 19771K->11401K(30208K), 0.0030995 secs] [Times: user=0.00 sys=0.00, real=0.00 secs] 
2014-07-09T15:53:29.990+0200: 117.598: [GC [PSYoungGen: 13778K->2529K(13824K)] 22651K->14803K(30208K), 0.0054825 secs] [Times: user=0.03 sys=0.00, real=0.00 secs] 
2014-07-09T15:53:29.996+0200: 117.604: [Full GC [PSYoungGen: 2529K->0K(13824K)] [ParOldGen: 12274K->6407K(16384K)] 14803K->6407K(30208K) [PSPermGen: 2476K->2476K(21504K)], 0.0121837 secs] [Times: user=0.03 sys=0.00, real=0.01 secs] 
2014-07-09T15:53:30.029+0200: 117.637: [GC [PSYoungGen: 11260K->2529K(13824K)] 17667K->13834K(30208K), 0.0054349 secs] [Times: user=0.00 sys=0.00, real=0.00 secs] 
2014-07-09T15:53:30.034+0200: 117.643: [Full GC [PSYoungGen: 2529K->0K(13824K)] [ParOldGen: 11305K->7913K(16384K)] 13834K->7913K(30208K) [PSPermGen: 2476K->2476K(21504K)], 0.0096591 secs] [Times: user=0.02 sys=0.00, real=0.01 secs] 
2014-07-09T15:53:30.081+0200: 117.690: [GC [PSYoungGen: 11251K->2273K(13824K)] 19164K->10186K(30208K), 0.0017591 secs] [Times: user=0.00 sys=0.00, real=0.00 secs] 
2014-07-09T15:53:30.141+0200: 117.749: [GC [PSYoungGen: 13522K->2529K(13824K)] 21435K->13235K(30208K), 0.0041308 secs] [Times: user=0.00 sys=0.00, real=0.00 secs] 
2014-07-09T15:53:30.145+0200: 117.754: [Full GC [PSYoungGen: 2529K->0K(13824K)] [ParOldGen: 10706K->5800K(16384K)] 13235K->5800K(30208K) [PSPermGen: 2476K->2476K(21504K)], 0.0090007 secs] [Times: user=0.02 sys=0.00, real=0.01 secs] 
2014-07-09T15:53:30.180+0200: 117.789: [GC [PSYoungGen: 11251K->128K(13824K)] 17051K->5928K(30208K), 0.0013781 secs] [Times: user=0.00 sys=0.00, real=0.00 secs] 
2014-07-09T15:53:30.228+0200: 117.836: [GC [PSYoungGen: 11377K->2529K(13824K)] 17177K->9009K(30208K), 0.0027288 secs] [Times: user=0.00 sys=0.00, real=0.00 secs] 
2014-07-09T15:53:30.280+0200: 117.889: [GC [PSYoungGen: 13789K->2529K(13824K)] 20270K->11194K(30208K), 0.0033576 secs] [Times: user=0.00 sys=0.00, real=0.00 secs] 
2014-07-09T15:53:30.290+0200: 117.898: [GC [PSYoungGen: 13778K->2529K(13824K)] 22444K->16421K(30208K), 0.0064482 secs] [Times: user=0.00 sys=0.00, real=0.01 secs] 
2014-07-09T15:53:30.296+0200: 117.905: [Full GC [PSYoungGen: 2529K->0K(13824K)] [ParOldGen: 13891K->8234K(16384K)] 16421K->8234K(30208K) [PSPermGen: 2476K->2476K(21504K)], 0.0103201 secs] [Times: user=0.03 sys=0.00, real=0.01 secs] 
2014-07-09T15:53:30.377+0200: 117.986: [GC [PSYoungGen: 11251K->2529K(13824K)] 19485K->10827K(30208K), 0.0013466 secs] [Times: user=0.00 sys=0.00, real=0.00 secs] 
2014-07-09T15:53:30.384+0200: 117.992: [GC [PSYoungGen: 13778K->2529K(13824K)] 22077K->13941K(30208K), 0.0043423 secs] [Times: user=0.00 sys=0.00, real=0.00 secs] 
2014-07-09T15:53:30.388+0200: 117.997: [Full GC [PSYoungGen: 2529K->0K(13824K)] [ParOldGen: 11411K->6121K(16384K)] 13941K->6121K(30208K) [PSPermGen: 2476K->2476K(21504K)], 0.0088753 secs] [Times: user=0.03 sys=0.00, real=0.01 secs] 
2014-07-09T15:53:30.477+0200: 118.086: [GC [PSYoungGen: 11251K->480K(13824K)] 17372K->6601K(30208K), 0.0008542 secs] [Times: user=0.00 sys=0.00, real=0.00 secs] 
2014-07-09T15:53:30.483+0200: 118.091: [GC [PSYoungGen: 11741K->2529K(13824K)] 17862K->9010K(30208K), 0.0024348 secs] [Times: user=0.00 sys=0.00, real=0.00 secs] 
2014-07-09T15:53:30.528+0200: 118.137: [GC [PSYoungGen: 13784K->2529K(13824K)] 20265K->11387K(30208K), 0.0038257 secs] [Times: user=0.00 sys=0.00, real=0.00 secs] 
2014-07-09T15:53:30.579+0200: 118.188: [GC [PSYoungGen: 13778K->2529K(13824K)] 22637K->16806K(30208K), 0.0065923 secs] [Times: user=0.03 sys=0.00, real=0.01 secs] 
2014-07-09T15:53:30.586+0200: 118.195: [Full GC [PSYoungGen: 2529K->0K(13824K)] [ParOldGen: 14277K->8428K(16384K)] 16806K->8428K(30208K) [PSPermGen: 2476K->2476K(21504K)], 0.0134123 secs] [Times: user=0.02 sys=0.00, real=0.01 secs] 
2014-07-09T15:53:30.627+0200: 118.236: [GC [PSYoungGen: 11251K->2529K(13824K)] 19679K->11213K(30208K), 0.0015164 secs] [Times: user=0.00 sys=0.00, real=0.00 secs] 
2014-07-09T15:53:30.678+0200: 118.287: [GC [PSYoungGen: 13778K->2529K(13824K)] 22462K->14519K(30208K), 0.0075199 secs] [Times: user=0.00 sys=0.00, real=0.01 secs] 
2014-07-09T15:53:30.686+0200: 118.295: [Full GC [PSYoungGen: 2529K->0K(13824K)] [ParOldGen: 11989K->6315K(16384K)] 14519K->6315K(30208K) [PSPermGen: 2476K->2476K(21504K)], 0.0224393 secs] [Times: user=0.03 sys=0.00, real=0.02 secs] 
2014-07-09T15:53:30.727+0200: 118.336: [GC [PSYoungGen: 11262K->832K(13824K)] 17577K->7147K(30208K), 0.0008568 secs] [Times: user=0.00 sys=0.00, real=0.00 secs] 
2014-07-09T15:53:30.778+0200: 118.387: [GC [PSYoungGen: 12076K->2529K(13824K)] 18391K->9012K(30208K), 0.0027622 secs] [Times: user=0.00 sys=0.00, real=0.00 secs] 
2014-07-09T15:53:30.790+0200: 118.399: [GC [PSYoungGen: 13778K->2529K(13824K)] 20261K->12221K(30208K), 0.0078674 secs] [Times: user=0.00 sys=0.00, real=0.01 secs] 
2014-07-09T15:53:30.877+0200: 118.485: [GC [PSYoungGen: 13780K->576K(13824K)] 23473K->10276K(30208K), 0.0005848 secs] [Times: user=0.00 sys=0.00, real=0.00 secs] 
2014-07-09T15:53:30.883+0200: 118.491: [GC [PSYoungGen: 11825K->2529K(13824K)] 21526K->13294K(30208K), 0.0034543 secs] [Times: user=0.00 sys=0.00, real=0.00 secs] 
2014-07-09T15:53:30.886+0200: 118.495: [Full GC [PSYoungGen: 2529K->0K(13824K)] [ParOldGen: 10765K->4106K(16384K)] 13294K->4106K(30208K) [PSPermGen: 2476K->2476K(21504K)], 0.0118563 secs] [Times: user=0.02 sys=0.00, real=0.01 secs] 
2014-07-09T15:53:30.929+0200: 118.538: [GC [PSYoungGen: 11251K->2529K(13824K)] 15358K->10765K(30208K), 0.0050440 secs] [Times: user=0.00 sys=0.00, real=0.01 secs] 
2014-07-09T15:53:30.981+0200: 118.590: [GC [PSYoungGen: 13778K->1504K(13824K)] 22015K->9749K(30208K), 0.0024909 secs] [Times: user=0.00 sys=0.00, real=0.00 secs] 
2014-07-09T15:53:31.028+0200: 118.636: [GC [PSYoungGen: 12739K->2465K(13824K)] 20983K->10717K(30208K), 0.0016106 secs] [Times: user=0.00 sys=0.00, real=0.00 secs] 
2014-07-09T15:53:31.081+0200: 118.689: [GC [PSYoungGen: 13714K->2529K(13824K)] 21967K->13735K(30208K), 0.0109408 secs] [Times: user=0.02 sys=0.00, real=0.01 secs] 
2014-07-09T15:53:31.092+0200: 118.701: [Full GC [PSYoungGen: 2529K->0K(13824K)] [ParOldGen: 11206K->5997K(16384K)] 13735K->5997K(30208K) [PSPermGen: 2476K->2476K(21504K)], 0.0150621 secs] [Times: user=0.03 sys=0.00, real=0.02 secs] 
2014-07-09T15:53:31.127+0200: 118.735: [GC [PSYoungGen: 11251K->352K(13824K)] 17248K->6349K(30208K), 0.0005708 secs] [Times: user=0.00 sys=0.00, real=0.00 secs] 
2014-07-09T15:53:31.179+0200: 118.788: [GC [PSYoungGen: 11601K->2529K(13824K)] 17598K->9366K(30208K), 0.0029862 secs] [Times: user=0.00 sys=0.00, real=0.00 secs] 
2014-07-09T15:53:31.188+0200: 118.797: [GC [PSYoungGen: 13780K->2529K(13824K)] 20618K->13248K(30208K), 0.0056842 secs] [Times: user=0.02 sys=0.00, real=0.01 secs] 
2014-07-09T15:53:31.194+0200: 118.803: [Full GC [PSYoungGen: 2529K->0K(13824K)] [ParOldGen: 10719K->6925K(16384K)] 13248K->6925K(30208K) [PSPermGen: 2476K->2476K(21504K)], 0.0125144 secs] [Times: user=0.00 sys=0.00, real=0.01 secs] 
2014-07-09T15:53:31.277+0200: 118.886: [GC [PSYoungGen: 11254K->256K(13824K)] 18180K->7181K(30208K), 0.0013206 secs] [Times: user=0.00 sys=0.00, real=0.00 secs] 
2014-07-09T15:53:31.287+0200: 118.896: [GC [PSYoungGen: 11505K->2529K(13824K)] 18431K->10231K(30208K), 0.0042180 secs] [Times: user=0.00 sys=0.00, real=0.00 secs] 
2014-07-09T15:53:31.329+0200: 118.937: [GC [PSYoungGen: 13780K->2529K(13824K)] 21482K->14049K(30208K), 0.0054360 secs] [Times: user=0.03 sys=0.00, real=0.01 secs] 
2014-07-09T15:53:31.334+0200: 118.943: [Full GC [PSYoungGen: 2529K->0K(13824K)] [ParOldGen: 11519K->6830K(16384K)] 14049K->6830K(30208K) [PSPermGen: 2476K->2476K(21504K)], 0.0132528 secs] [Times: user=0.00 sys=0.00, real=0.01 secs] 
2014-07-09T15:53:31.380+0200: 118.989: [GC [PSYoungGen: 11249K->1184K(13824K)] 18079K->8014K(30208K), 0.0010929 secs] [Times: user=0.00 sys=0.00, real=0.00 secs] 
2014-07-09T15:53:31.428+0200: 119.037: [GC [PSYoungGen: 12436K->2529K(13824K)] 19266K->11064K(30208K), 0.0058370 secs] [Times: user=0.00 sys=0.00, real=0.01 secs] 
2014-07-09T15:53:31.479+0200: 119.088: [GC [PSYoungGen: 13778K->2529K(13824K)] 22313K->15810K(30208K), 0.0058788 secs] [Times: user=0.00 sys=0.00, real=0.01 secs] 
2014-07-09T15:53:31.485+0200: 119.094: [Full GC [PSYoungGen: 2529K->0K(13824K)] [ParOldGen: 13281K->7758K(16384K)] 15810K->7758K(30208K) [PSPermGen: 2476K->2476K(21504K)], 0.0129793 secs] [Times: user=0.03 sys=0.00, real=0.01 secs] 
2014-07-09T15:53:31.527+0200: 119.136: [GC [PSYoungGen: 11234K->416K(13824K)] 18993K->8174K(30208K), 0.0008557 secs] [Times: user=0.00 sys=0.00, real=0.00 secs] 
2014-07-09T15:53:31.578+0200: 119.186: [GC [PSYoungGen: 11665K->2529K(13824K)] 19424K->11224K(30208K), 0.0023823 secs] [Times: user=0.00 sys=0.00, real=0.00 secs] 
2014-07-09T15:53:31.586+0200: 119.195: [GC [PSYoungGen: 13780K->2529K(13824K)] 22475K->15202K(30208K), 0.0052094 secs] [Times: user=0.00 sys=0.00, real=0.01 secs] 
2014-07-09T15:53:31.592+0200: 119.200: [Full GC [PSYoungGen: 2529K->0K(13824K)] [ParOldGen: 12672K->6991K(16384K)] 15202K->6991K(30208K) [PSPermGen: 2476K->2476K(21504K)], 0.0133525 secs] [Times: user=0.02 sys=0.00, real=0.01 secs] 
2014-07-09T15:53:31.678+0200: 119.287: [GC [PSYoungGen: 11249K->1344K(13824K)] 18241K->8336K(30208K), 0.0021239 secs] [Times: user=0.00 sys=0.00, real=0.00 secs] 
2014-07-09T15:53:31.688+0200: 119.297: [GC [PSYoungGen: 12596K->2529K(13824K)] 19588K->11386K(30208K), 0.0062011 secs] [Times: user=0.03 sys=0.00, real=0.01 secs] 
2014-07-09T15:53:31.730+0200: 119.339: [GC [PSYoungGen: 13778K->2529K(13824K)] 22635K->16292K(30208K), 0.0091059 secs] [Times: user=0.01 sys=0.00, real=0.01 secs] 
2014-07-09T15:53:31.740+0200: 119.348: [Full GC [PSYoungGen: 2529K->0K(13824K)] [ParOldGen: 13763K->7920K(16384K)] 16292K->7920K(30208K) [PSPermGen: 2476K->2476K(21504K)], 0.0225629 secs] [Times: user=0.02 sys=0.00, real=0.02 secs] 
2014-07-09T15:53:31.780+0200: 119.389: [GC [PSYoungGen: 11260K->736K(13824K)] 19181K->8656K(30208K), 0.0010185 secs] [Times: user=0.00 sys=0.00, real=0.00 secs] 
2014-07-09T15:53:31.829+0200: 119.437: [GC [PSYoungGen: 11985K->2529K(13824K)] 19906K->11706K(30208K), 0.0046723 secs] [Times: user=0.03 sys=0.00, real=0.00 secs] 
2014-07-09T15:53:31.881+0200: 119.489: [GC [PSYoungGen: 13780K->2529K(13824K)] 22957K->16004K(30208K), 0.0085794 secs] [Times: user=0.00 sys=0.00, real=0.01 secs] 
2014-07-09T15:53:31.890+0200: 119.498: [Full GC [PSYoungGen: 2529K->0K(13824K)] [ParOldGen: 13475K->7313K(16384K)] 16004K->7313K(30208K) [PSPermGen: 2476K->2476K(21504K)], 0.0282481 secs] [Times: user=0.03 sys=0.00, real=0.03 secs] 
2014-07-09T15:53:31.927+0200: 119.536: [GC [PSYoungGen: 11249K->1664K(13824K)] 18562K->8977K(30208K), 0.0010892 secs] [Times: user=0.00 sys=0.00, real=0.00 secs] 
2014-07-09T15:53:31.980+0200: 119.589: [GC [PSYoungGen: 12916K->2529K(13824K)] 20229K->11995K(30208K), 0.0117804 secs] [Times: user=0.02 sys=0.00, real=0.01 secs] 
2014-07-09T15:53:32.001+0200: 119.609: [GC [PSYoungGen: 13778K->2529K(13824K)] 23244K->17189K(30208K), 0.0059192 secs] [Times: user=0.03 sys=0.00, real=0.01 secs] 
2014-07-09T15:53:32.007+0200: 119.615: [Full GC [PSYoungGen: 2529K->0K(13824K)] [ParOldGen: 14660K->8241K(16384K)] 17189K->8241K(30208K) [PSPermGen: 2476K->2476K(21504K)], 0.0131248 secs] [Times: user=0.01 sys=0.00, real=0.01 secs] 
2014-07-09T15:53:32.078+0200: 119.686: [GC [PSYoungGen: 11260K->1056K(13824K)] 19502K->9298K(30208K), 0.0020549 secs] [Times: user=0.00 sys=0.00, real=0.00 secs] 
2014-07-09T15:53:32.090+0200: 119.698: [GC [PSYoungGen: 12305K->2529K(13824K)] 20547K->12347K(30208K), 0.0032817 secs] [Times: user=0.00 sys=0.00, real=0.00 secs] 
2014-07-09T15:53:32.136+0200: 119.744: [GC [PSYoungGen: 13780K->2529K(13824K)] 23599K->16933K(30208K), 0.0151695 secs] [Times: user=0.02 sys=0.00, real=0.02 secs] 
2014-07-09T15:53:32.151+0200: 119.760: [Full GC [PSYoungGen: 2529K->0K(13824K)] [ParOldGen: 14404K->7634K(16384K)] 16933K->7634K(30208K) [PSPermGen: 2476K->2476K(21504K)], 0.0108074 secs] [Times: user=0.03 sys=0.00, real=0.01 secs] 
2014-07-09T15:53:32.182+0200: 119.791: [GC [PSYoungGen: 11249K->1984K(13824K)] 18883K->9619K(30208K), 0.0014768 secs] [Times: user=0.00 sys=0.00, real=0.00 secs] 
2014-07-09T15:53:32.228+0200: 119.836: [GC [PSYoungGen: 13236K->2529K(13824K)] 20870K->12668K(30208K), 0.0042111 secs] [Times: user=0.00 sys=0.00, real=0.00 secs] 
2014-07-09T15:53:32.232+0200: 119.841: [Full GC [PSYoungGen: 2529K->0K(13824K)] [ParOldGen: 10139K->5521K(16384K)] 12668K->5521K(30208K) [PSPermGen: 2476K->2476K(21504K)], 0.0085603 secs] [Times: user=0.03 sys=0.00, real=0.01 secs] 
2014-07-09T15:53:32.281+0200: 119.890: [GC [PSYoungGen: 11254K->2529K(13824K)] 16776K->12564K(30208K), 0.0088800 secs] [Times: user=0.03 sys=0.00, real=0.01 secs] 
2014-07-09T15:53:32.290+0200: 119.899: [Full GC [PSYoungGen: 2529K->0K(13824K)] [ParOldGen: 10035K->7538K(16384K)] 12564K->7538K(30208K) [PSPermGen: 2476K->2476K(21504K)], 0.0168259 secs] [Times: user=0.02 sys=0.00, real=0.02 secs] 
2014-07-09T15:53:32.327+0200: 119.936: [GC [PSYoungGen: 11249K->1888K(13824K)] 18788K->9427K(30208K), 0.0010328 secs] [Times: user=0.00 sys=0.00, real=0.00 secs] 
2014-07-09T15:53:32.378+0200: 119.987: [GC [PSYoungGen: 13140K->2529K(13824K)] 20679K->12477K(30208K), 0.0036248 secs] [Times: user=0.00 sys=0.00, real=0.00 secs] 
2014-07-09T15:53:32.387+0200: 119.995: [GC [PSYoungGen: 13778K->2529K(13824K)] 23726K->17928K(30208K), 0.0056820 secs] [Times: user=0.00 sys=0.00, real=0.00 secs] 
2014-07-09T15:53:32.393+0200: 120.001: [Full GC [PSYoungGen: 2529K->0K(13824K)] [ParOldGen: 15398K->8467K(16384K)] 17928K->8467K(30208K) [PSPermGen: 2476K->2476K(21504K)], 0.0104499 secs] [Times: user=0.03 sys=0.00, real=0.01 secs] 
2014-07-09T15:53:32.477+0200: 120.086: [GC [PSYoungGen: 11251K->2529K(13824K)] 19718K->11284K(30208K), 0.0013774 secs] [Times: user=0.00 sys=0.00, real=0.00 secs] 
2014-07-09T15:53:32.484+0200: 120.093: [GC [PSYoungGen: 13764K->2529K(13824K)] 22520K->12925K(30208K), 0.0034067 secs] [Times: user=0.01 sys=0.00, real=0.00 secs] 
2014-07-09T15:53:32.488+0200: 120.097: [Full GC [PSYoungGen: 2529K->0K(13824K)] [ParOldGen: 10396K->4660K(16384K)] 12925K->4660K(30208K) [PSPermGen: 2476K->2476K(21504K)], 0.0086960 secs] [Times: user=0.00 sys=0.00, real=0.01 secs] 
Heap
 PSYoungGen      total 13824K, used 4735K [0x00000000ff000000, 0x0000000100000000, 0x0000000100000000)
  eden space 11264K, 42% used [0x00000000ff000000,0x00000000ff49fc28,0x00000000ffb00000)
  from space 2560K, 0% used [0x00000000ffb00000,0x00000000ffb00000,0x00000000ffd80000)
  to   space 2560K, 0% used [0x00000000ffd80000,0x00000000ffd80000,0x0000000100000000)
 ParOldGen       total 16384K, used 4660K [0x00000000fe000000, 0x00000000ff000000, 0x00000000ff000000)
  object space 16384K, 28% used [0x00000000fe000000,0x00000000fe48d120,0x00000000ff000000)
 PSPermGen       total 21504K, used 2483K [0x00000000f8e00000, 0x00000000fa300000, 0x00000000fe000000)
  object space 21504K, 11% used [0x00000000f8e00000,0x00000000f906cd98,0x00000000fa300000)
