Java HotSpot(TM) 64-Bit Server VM (25.5-b02) for windows-amd64 JRE (1.8.0_05-b13), built on Mar 18 2014 01:08:39 by "java_re" with MS VC++ 10.0 (VS2010)
Memory: 4k page, physical 8376184k(4537748k free), swap 16750504k(10081308k free)
CommandLine flags: -XX:InitialHeapSize=33554432 -XX:MaxHeapSize=33554432 -XX:MaxNewSize=11186176 -XX:MaxTenuringThreshold=6 -XX:NewSize=11186176 -XX:OldPLABSize=16 -XX:OldSize=22368256 -XX:+PrintGC -XX:+PrintGCDateStamps -XX:+PrintGCDetails -XX:+PrintGCTimeStamps -XX:+UseCompressedClassPointers -XX:+UseCompressedOops -XX:+UseConcMarkSweepGC -XX:-UseLargePagesIndividualAllocation -XX:+UseParNewGC 
2014-07-10T09:57:34.895+0200: 1.043: [GC (Allocation Failure) 1.044: [ParNew: 8679K->1061K(9792K), 0.0243711 secs] 8679K->7917K(31680K), 0.0247219 secs] [Times: user=0.00 sys=0.00, real=0.03 secs] 
2014-07-10T09:57:34.944+0200: 1.092: [GC (Allocation Failure) 1.093: [ParNew: 9744K->1086K(9792K), 0.0084533 secs] 16600K->15079K(31680K), 0.0086018 secs] [Times: user=0.00 sys=0.00, real=0.01 secs] 
2014-07-10T09:57:34.970+0200: 1.118: [GC (CMS Initial Mark) [1 CMS-initial-mark: 13992K(21888K)] 23589K(31680K), 0.0020630 secs] [Times: user=0.00 sys=0.00, real=0.00 secs] 
2014-07-10T09:57:34.972+0200: 1.120: [CMS-concurrent-mark-start]
2014-07-10T09:57:34.974+0200: 1.123: [CMS-concurrent-mark: 0.003/0.003 secs] [Times: user=0.00 sys=0.00, real=0.00 secs] 
2014-07-10T09:57:34.975+0200: 1.123: [CMS-concurrent-preclean-start]
2014-07-10T09:57:34.975+0200: 1.123: [CMS-concurrent-preclean: 0.000/0.000 secs] [Times: user=0.00 sys=0.00, real=0.00 secs] 
2014-07-10T09:57:34.975+0200: 1.123: [CMS-concurrent-abortable-preclean-start]
2014-07-10T09:57:35.001+0200: 1.150: [GC (Allocation Failure) 1.150: [ParNew: 9788K->296K(9792K), 0.0004579 secs] 23781K->14291K(31680K), 0.0005217 secs] [Times: user=0.00 sys=0.00, real=0.00 secs] 
2014-07-10T09:57:35.070+0200: 1.219: [GC (Allocation Failure) 1.219: [ParNew: 8985K->8985K(9792K), 0.0000429 secs]1.219: [CMS2014-07-10T09:57:35.070+0200: 1.219: [CMS-concurrent-abortable-preclean: 0.000/0.095 secs] [Times: user=0.00 sys=0.00, real=0.10 secs] 
 (concurrent mode failure): 13994K->962K(21888K), 0.0032776 secs] 22979K->962K(31680K), [Metaspace: 2447K->2447K(1056768K)], 0.0034214 secs] [Times: user=0.00 sys=0.00, real=0.00 secs] 
2014-07-10T09:57:35.078+0200: 1.227: [GC (Allocation Failure) 1.227: [ParNew: 8701K->1079K(9792K), 0.0009565 secs] 9663K->2171K(31680K), 0.0010496 secs] [Times: user=0.03 sys=0.00, real=0.00 secs] 
2014-07-10T09:57:35.107+0200: 1.256: [GC (Allocation Failure) 1.256: [ParNew: 9772K->1086K(9792K), 0.0010969 secs] 10864K->2758K(31680K), 0.0011725 secs] [Times: user=0.00 sys=0.00, real=0.00 secs] 
2014-07-10T09:57:35.150+0200: 1.299: [GC (Allocation Failure) 1.299: [ParNew: 9784K->1065K(9792K), 0.0007157 secs] 11455K->2769K(31680K), 0.0007794 secs] [Times: user=0.00 sys=0.00, real=0.00 secs] 
2014-07-10T09:57:35.155+0200: 1.304: [GC (Allocation Failure) 1.304: [ParNew: 9756K->1059K(9792K), 0.0011439 secs] 11461K->3278K(31680K), 0.0012561 secs] [Times: user=0.00 sys=0.00, real=0.00 secs] 
2014-07-10T09:57:35.191+0200: 1.340: [GC (Allocation Failure) 1.340: [ParNew: 9745K->1059K(9792K), 0.0011589 secs] 11964K->4271K(31680K), 0.0012612 secs] [Times: user=0.00 sys=0.00, real=0.00 secs] 
2014-07-10T09:57:35.242+0200: 1.390: [GC (Allocation Failure) 1.390: [ParNew: 9745K->1059K(9792K), 0.0016784 secs] 12957K->5745K(31680K), 0.0018258 secs] [Times: user=0.00 sys=0.00, real=0.00 secs] 
2014-07-10T09:57:35.256+0200: 1.405: [GC (Allocation Failure) 1.405: [ParNew: 9746K->1059K(9792K), 0.0020835 secs] 14432K->7699K(31680K), 0.0022404 secs] [Times: user=0.00 sys=0.00, real=0.00 secs] 
2014-07-10T09:57:35.292+0200: 1.441: [GC (Allocation Failure) 1.441: [ParNew: 9745K->1059K(9792K), 0.0024806 secs] 16385K->10133K(31680K), 0.0026313 secs] [Times: user=0.00 sys=0.00, real=0.00 secs] 
2014-07-10T09:57:35.342+0200: 1.490: [GC (Allocation Failure) 1.490: [ParNew: 9745K->1059K(9792K), 0.0026309 secs] 18819K->13048K(31680K), 0.0027647 secs] [Times: user=0.03 sys=0.00, real=0.00 secs] 
2014-07-10T09:57:35.345+0200: 1.493: [GC (CMS Initial Mark) [1 CMS-initial-mark: 11988K(21888K)] 13080K(31680K), 0.0001778 secs] [Times: user=0.00 sys=0.00, real=0.00 secs] 
2014-07-10T09:57:35.345+0200: 1.494: [CMS-concurrent-mark-start]
2014-07-10T09:57:35.346+0200: 1.494: [CMS-concurrent-mark: 0.001/0.001 secs] [Times: user=0.00 sys=0.00, real=0.00 secs] 
2014-07-10T09:57:35.346+0200: 1.494: [CMS-concurrent-preclean-start]
2014-07-10T09:57:35.346+0200: 1.494: [CMS-concurrent-preclean: 0.000/0.000 secs] [Times: user=0.00 sys=0.00, real=0.00 secs] 
2014-07-10T09:57:35.346+0200: 1.494: [GC (CMS Final Remark) [YG occupancy: 3078 K (9792 K)]1.495: [Rescan (parallel) , 0.0000836 secs]1.495: [weak refs processing, 0.0000282 secs]1.495: [class unloading, 0.0004861 secs]1.495: [scrub symbol table, 0.0005822 secs]1.496: [scrub string table, 0.0001690 secs][1 CMS-remark: 11988K(21888K)] 15067K(31680K), 0.0014617 secs] [Times: user=0.00 sys=0.00, real=0.00 secs] 
2014-07-10T09:57:35.347+0200: 1.496: [CMS-concurrent-sweep-start]
2014-07-10T09:57:35.348+0200: 1.496: [CMS-concurrent-sweep: 0.000/0.000 secs] [Times: user=0.00 sys=0.00, real=0.00 secs] 
2014-07-10T09:57:35.348+0200: 1.496: [CMS-concurrent-reset-start]
2014-07-10T09:57:35.348+0200: 1.496: [CMS-concurrent-reset: 0.000/0.000 secs] [Times: user=0.00 sys=0.00, real=0.00 secs] 
2014-07-10T09:57:35.350+0200: 1.499: [GC (Allocation Failure) 1.499: [ParNew: 9757K->1059K(9792K), 0.0019677 secs] 12973K->6133K(31680K), 0.0020901 secs] [Times: user=0.00 sys=0.00, real=0.00 secs] 
2014-07-10T09:57:35.392+0200: 1.540: [GC (Allocation Failure) 1.540: [ParNew: 9745K->1059K(9792K), 0.0020355 secs] 14820K->8473K(31680K), 0.0021899 secs] [Times: user=0.00 sys=0.00, real=0.00 secs] 
2014-07-10T09:57:35.442+0200: 1.590: [GC (Allocation Failure) 1.590: [ParNew: 9745K->1059K(9792K), 0.0024916 secs] 17159K->11291K(31680K), 0.0026177 secs] [Times: user=0.00 sys=0.00, real=0.00 secs] 
2014-07-10T09:57:35.448+0200: 1.597: [GC (Allocation Failure) 1.597: [ParNew: 9745K->1059K(9792K), 0.0034881 secs] 19977K->14590K(31680K), 0.0036252 secs] [Times: user=0.00 sys=0.00, real=0.00 secs] 
2014-07-10T09:57:35.492+0200: 1.641: [GC (Allocation Failure) 1.641: [ParNew: 9745K->1059K(9792K), 0.0039416 secs] 23276K->18369K(31680K), 0.0040706 secs] [Times: user=0.00 sys=0.00, real=0.00 secs] 
2014-07-10T09:57:35.496+0200: 1.645: [GC (CMS Initial Mark) [1 CMS-initial-mark: 17309K(21888K)] 18435K(31680K), 0.0002137 secs] [Times: user=0.00 sys=0.00, real=0.00 secs] 
2014-07-10T09:57:35.497+0200: 1.645: [CMS-concurrent-mark-start]
2014-07-10T09:57:35.497+0200: 1.646: [CMS-concurrent-mark: 0.001/0.001 secs] [Times: user=0.00 sys=0.00, real=0.00 secs] 
2014-07-10T09:57:35.497+0200: 1.646: [CMS-concurrent-preclean-start]
2014-07-10T09:57:35.497+0200: 1.646: [CMS-concurrent-preclean: 0.000/0.000 secs] [Times: user=0.00 sys=0.00, real=0.00 secs] 
2014-07-10T09:57:35.497+0200: 1.646: [CMS-concurrent-abortable-preclean-start]
2014-07-10T09:57:35.544+0200: 1.693: [GC (Allocation Failure) 1.693: [ParNew: 9745K->1059K(9792K), 0.0086238 secs] 27055K->22628K(31680K), 0.0088991 secs] [Times: user=0.02 sys=0.02, real=0.01 secs] 
2014-07-10T09:57:35.560+0200: 1.709: [GC (Allocation Failure) 1.709: [ParNew: 9745K->9745K(9792K), 0.0001005 secs]1.709: [CMS2014-07-10T09:57:35.561+0200: 1.710: [CMS-concurrent-abortable-preclean: 0.000/0.064 secs] [Times: user=0.02 sys=0.02, real=0.06 secs] 
 (concurrent mode failure): 21568K->6099K(21888K), 0.0082271 secs] 31314K->6099K(31680K), [Metaspace: 2447K->2447K(1056768K)], 0.0086025 secs] [Times: user=0.02 sys=0.00, real=0.01 secs] 
2014-07-10T09:57:35.593+0200: 1.742: [GC (Allocation Failure) 1.742: [ParNew: 8686K->1059K(9792K), 0.0048310 secs] 14785K->12381K(31680K), 0.0050063 secs] [Times: user=0.00 sys=0.00, real=0.01 secs] 
2014-07-10T09:57:35.598+0200: 1.747: [GC (CMS Initial Mark) [1 CMS-initial-mark: 11321K(21888K)] 12413K(31680K), 0.0002511 secs] [Times: user=0.00 sys=0.00, real=0.00 secs] 
2014-07-10T09:57:35.599+0200: 1.748: [CMS-concurrent-mark-start]
2014-07-10T09:57:35.600+0200: 1.749: [CMS-concurrent-mark: 0.001/0.001 secs] [Times: user=0.00 sys=0.00, real=0.00 secs] 
2014-07-10T09:57:35.600+0200: 1.749: [CMS-concurrent-preclean-start]
2014-07-10T09:57:35.601+0200: 1.749: [CMS-concurrent-preclean: 0.000/0.000 secs] [Times: user=0.00 sys=0.00, real=0.00 secs] 
2014-07-10T09:57:35.601+0200: 1.749: [CMS-concurrent-abortable-preclean-start]
2014-07-10T09:57:35.643+0200: 1.791: [GC (Allocation Failure) 1.791: [ParNew: 9755K->1061K(9792K), 0.0039306 secs] 21076K->16546K(31680K), 0.0041022 secs] [Times: user=0.00 sys=0.00, real=0.00 secs] 
2014-07-10T09:57:35.651+0200: 1.800: [GC (Allocation Failure) 1.800: [ParNew: 9747K->1059K(9792K), 0.0047874 secs] 25232K->21188K(31680K), 0.0049527 secs] [Times: user=0.03 sys=0.00, real=0.00 secs] 
2014-07-10T09:57:35.657+0200: 1.806: [CMS-concurrent-abortable-preclean: 0.002/0.057 secs] [Times: user=0.03 sys=0.00, real=0.06 secs] 
2014-07-10T09:57:35.658+0200: 1.806: [GC (CMS Final Remark) [YG occupancy: 3560 K (9792 K)]1.806: [Rescan (parallel) , 0.0001602 secs]1.807: [weak refs processing, 0.0000374 secs]1.807: [class unloading, 0.0004667 secs]1.807: [scrub symbol table, 0.0007340 secs]1.808: [scrub string table, 0.0002376 secs][1 CMS-remark: 20129K(21888K)] 23689K(31680K), 0.0017972 secs] [Times: user=0.00 sys=0.00, real=0.00 secs] 
2014-07-10T09:57:35.660+0200: 1.808: [CMS-concurrent-sweep-start]
2014-07-10T09:57:35.660+0200: 1.809: [CMS-concurrent-sweep: 0.000/0.000 secs] [Times: user=0.00 sys=0.00, real=0.00 secs] 
2014-07-10T09:57:35.660+0200: 1.809: [CMS-concurrent-reset-start]
2014-07-10T09:57:35.660+0200: 1.809: [CMS-concurrent-reset: 0.000/0.000 secs] [Times: user=0.00 sys=0.00, real=0.00 secs] 
2014-07-10T09:57:35.693+0200: 1.842: [GC (Allocation Failure) 1.842: [ParNew: 9745K->1059K(9792K), 0.0048743 secs] 24080K->20517K(31680K), 0.0050415 secs] [Times: user=0.00 sys=0.00, real=0.00 secs] 
2014-07-10T09:57:35.698+0200: 1.847: [GC (CMS Initial Mark) [1 CMS-initial-mark: 19457K(21888K)] 20839K(31680K), 0.0004330 secs] [Times: user=0.00 sys=0.00, real=0.00 secs] 
2014-07-10T09:57:35.699+0200: 1.848: [CMS-concurrent-mark-start]
2014-07-10T09:57:35.700+0200: 1.848: [CMS-concurrent-mark: 0.001/0.001 secs] [Times: user=0.00 sys=0.00, real=0.00 secs] 
2014-07-10T09:57:35.700+0200: 1.849: [CMS-concurrent-preclean-start]
2014-07-10T09:57:35.700+0200: 1.849: [CMS-concurrent-preclean: 0.000/0.000 secs] [Times: user=0.00 sys=0.00, real=0.00 secs] 
2014-07-10T09:57:35.700+0200: 1.849: [GC (CMS Final Remark) [YG occupancy: 3078 K (9792 K)]1.849: [Rescan (parallel) , 0.0001456 secs]1.849: [weak refs processing, 0.0000359 secs]1.849: [class unloading, 0.0004828 secs]1.850: [scrub symbol table, 0.0007270 secs]1.850: [scrub string table, 0.0002434 secs][1 CMS-remark: 19457K(21888K)] 22536K(31680K), 0.0017994 secs] [Times: user=0.00 sys=0.00, real=0.00 secs] 
2014-07-10T09:57:35.702+0200: 1.851: [CMS-concurrent-sweep-start]
2014-07-10T09:57:35.702+0200: 1.851: [CMS-concurrent-sweep: 0.000/0.000 secs] [Times: user=0.00 sys=0.00, real=0.00 secs] 
2014-07-10T09:57:35.702+0200: 1.851: [CMS-concurrent-reset-start]
2014-07-10T09:57:35.703+0200: 1.851: [CMS-concurrent-reset: 0.000/0.000 secs] [Times: user=0.02 sys=0.00, real=0.00 secs] 
2014-07-10T09:57:35.743+0200: 1.892: [GC (Allocation Failure) 1.892: [ParNew: 9745K->1059K(9792K), 0.0086040 secs] 15178K->12096K(31680K), 0.0088815 secs] [Times: user=0.03 sys=0.00, real=0.01 secs] 
2014-07-10T09:57:35.753+0200: 1.902: [GC (CMS Initial Mark) [1 CMS-initial-mark: 11036K(21888K)] 12128K(31680K), 0.0003894 secs] [Times: user=0.00 sys=0.00, real=0.00 secs] 
2014-07-10T09:57:35.754+0200: 1.902: [CMS-concurrent-mark-start]
2014-07-10T09:57:35.755+0200: 1.904: [CMS-concurrent-mark: 0.002/0.002 secs] [Times: user=0.00 sys=0.00, real=0.00 secs] 
2014-07-10T09:57:35.756+0200: 1.904: [CMS-concurrent-preclean-start]
2014-07-10T09:57:35.756+0200: 1.905: [CMS-concurrent-preclean: 0.000/0.000 secs] [Times: user=0.00 sys=0.00, real=0.00 secs] 
2014-07-10T09:57:35.756+0200: 1.905: [CMS-concurrent-abortable-preclean-start]
2014-07-10T09:57:35.760+0200: 1.908: [GC (Allocation Failure) 1.909: [ParNew: 9745K->1059K(9792K), 0.0095495 secs] 20782K->18180K(31680K), 0.0098263 secs] [Times: user=0.03 sys=0.00, real=0.01 secs] 
2014-07-10T09:57:35.793+0200: 1.942: [GC (Allocation Failure) 1.942: [ParNew: 9745K->9745K(9792K), 0.0000510 secs]1.942: [CMS2014-07-10T09:57:35.793+0200: 1.942: [CMS-concurrent-abortable-preclean: 0.002/0.037 secs] [Times: user=0.03 sys=0.00, real=0.04 secs] 
 (concurrent mode failure): 17120K->7928K(21888K), 0.0077699 secs] 26866K->7928K(31680K), [Metaspace: 2447K->2447K(1056768K)], 0.0079946 secs] [Times: user=0.02 sys=0.00, real=0.01 secs] 
2014-07-10T09:57:35.847+0200: 1.995: [GC (Allocation Failure) 1.995: [ParNew: 8686K->1059K(9792K), 0.0098234 secs] 16614K->16035K(31680K), 0.0100848 secs] [Times: user=0.00 sys=0.00, real=0.01 secs] 
2014-07-10T09:57:35.857+0200: 2.006: [GC (CMS Initial Mark) [1 CMS-initial-mark: 14975K(21888K)] 16101K(31680K), 0.0004641 secs] [Times: user=0.00 sys=0.00, real=0.00 secs] 
2014-07-10T09:57:35.858+0200: 2.006: [CMS-concurrent-mark-start]
2014-07-10T09:57:35.860+0200: 2.009: [CMS-concurrent-mark: 0.002/0.002 secs] [Times: user=0.03 sys=0.00, real=0.00 secs] 
2014-07-10T09:57:35.860+0200: 2.009: [CMS-concurrent-preclean-start]
2014-07-10T09:57:35.861+0200: 2.009: [CMS-concurrent-preclean: 0.000/0.000 secs] [Times: user=0.00 sys=0.00, real=0.00 secs] 
2014-07-10T09:57:35.861+0200: 2.010: [CMS-concurrent-abortable-preclean-start]
2014-07-10T09:57:35.864+0200: 2.013: [GC (Allocation Failure) 2.013: [ParNew: 9756K->9756K(9792K), 0.0000565 secs]2.013: [CMS2014-07-10T09:57:35.864+0200: 2.013: [CMS-concurrent-abortable-preclean: 0.000/0.003 secs] [Times: user=0.00 sys=0.00, real=0.00 secs] 
 (concurrent mode failure): 14975K->701K(21888K), 0.0038276 secs] 24732K->701K(31680K), [Metaspace: 2447K->2447K(1056768K)], 0.0040303 secs] [Times: user=0.00 sys=0.00, real=0.00 secs] 
2014-07-10T09:57:35.893+0200: 2.042: [GC (Allocation Failure) 2.042: [ParNew: 8692K->1059K(9792K), 0.0061589 secs] 9394K->8104K(31680K), 0.0063331 secs] [Times: user=0.00 sys=0.00, real=0.01 secs] 
2014-07-10T09:57:35.900+0200: 2.049: [GC (CMS Initial Mark) [1 CMS-initial-mark: 7045K(21888K)] 8136K(31680K), 0.0002244 secs] [Times: user=0.00 sys=0.00, real=0.00 secs] 
2014-07-10T09:57:35.900+0200: 2.049: [CMS-concurrent-mark-start]
2014-07-10T09:57:35.901+0200: 2.050: [CMS-concurrent-mark: 0.001/0.001 secs] [Times: user=0.00 sys=0.00, real=0.00 secs] 
2014-07-10T09:57:35.901+0200: 2.050: [CMS-concurrent-preclean-start]
2014-07-10T09:57:35.901+0200: 2.050: [CMS-concurrent-preclean: 0.000/0.000 secs] [Times: user=0.00 sys=0.00, real=0.00 secs] 
2014-07-10T09:57:35.902+0200: 2.050: [GC (CMS Final Remark) [YG occupancy: 1861 K (9792 K)]2.050: [Rescan (parallel) , 0.0001452 secs]2.050: [weak refs processing, 0.0000370 secs]2.051: [class unloading, 0.0004117 secs]2.051: [scrub symbol table, 0.0008011 secs]2.052: [scrub string table, 0.0002764 secs][1 CMS-remark: 7045K(21888K)] 8906K(31680K), 0.0018496 secs] [Times: user=0.00 sys=0.00, real=0.00 secs] 
2014-07-10T09:57:35.904+0200: 2.052: [CMS-concurrent-sweep-start]
2014-07-10T09:57:35.904+0200: 2.053: [CMS-concurrent-sweep: 0.000/0.000 secs] [Times: user=0.00 sys=0.00, real=0.00 secs] 
2014-07-10T09:57:35.904+0200: 2.053: [CMS-concurrent-reset-start]
2014-07-10T09:57:35.904+0200: 2.053: [CMS-concurrent-reset: 0.000/0.000 secs] [Times: user=0.00 sys=0.00, real=0.00 secs] 
2014-07-10T09:57:35.943+0200: 2.092: [GC (Allocation Failure) 2.092: [ParNew: 9745K->1059K(9792K), 0.0061586 secs] 16396K->14532K(31680K), 0.0063243 secs] [Times: user=0.00 sys=0.00, real=0.01 secs] 
2014-07-10T09:57:35.950+0200: 2.098: [GC (CMS Initial Mark) [1 CMS-initial-mark: 13472K(21888K)] 14790K(31680K), 0.0001840 secs] [Times: user=0.00 sys=0.00, real=0.00 secs] 
2014-07-10T09:57:35.950+0200: 2.099: [CMS-concurrent-mark-start]
2014-07-10T09:57:35.951+0200: 2.099: [CMS-concurrent-mark: 0.001/0.001 secs] [Times: user=0.00 sys=0.00, real=0.00 secs] 
2014-07-10T09:57:35.951+0200: 2.099: [CMS-concurrent-preclean-start]
2014-07-10T09:57:35.951+0200: 2.100: [CMS-concurrent-preclean: 0.000/0.000 secs] [Times: user=0.00 sys=0.00, real=0.00 secs] 
2014-07-10T09:57:35.951+0200: 2.100: [CMS-concurrent-abortable-preclean-start]
2014-07-10T09:57:35.991+0200: 2.139: [GC (Allocation Failure) 2.139: [ParNew: 9747K->9747K(9792K), 0.0000400 secs]2.140: [CMS2014-07-10T09:57:35.991+0200: 2.140: [CMS-concurrent-abortable-preclean: 0.000/0.040 secs] [Times: user=0.00 sys=0.00, real=0.04 secs] 
 (concurrent mode failure): 13472K->471K(21888K), 0.0023270 secs] 23220K->471K(31680K), [Metaspace: 2448K->2448K(1056768K)], 0.0024692 secs] [Times: user=0.00 sys=0.00, real=0.00 secs] 
2014-07-10T09:57:36.041+0200: 2.190: [GC (Allocation Failure) 2.190: [ParNew: 8686K->643K(9792K), 0.0006544 secs] 9157K->1114K(31680K), 0.0007413 secs] [Times: user=0.00 sys=0.00, real=0.00 secs] 
2014-07-10T09:57:36.048+0200: 2.197: [GC (Allocation Failure) 2.197: [ParNew: 9329K->1059K(9792K), 0.0025334 secs] 9800K->1600K(31680K), 0.0027534 secs] [Times: user=0.00 sys=0.00, real=0.00 secs] 
2014-07-10T09:57:36.092+0200: 2.241: [GC (Allocation Failure) 2.241: [ParNew: 9745K->1059K(9792K), 0.0022489 secs] 10286K->2145K(31680K), 0.0024758 secs] [Times: user=0.03 sys=0.00, real=0.00 secs] 
2014-07-10T09:57:36.141+0200: 2.290: [GC (Allocation Failure) 2.290: [ParNew: 9751K->1061K(9792K), 0.0034334 secs] 10837K->2148K(31680K), 0.0036322 secs] [Times: user=0.00 sys=0.00, real=0.00 secs] 
2014-07-10T09:57:36.154+0200: 2.303: [GC (Allocation Failure) 2.303: [ParNew: 9747K->1059K(9792K), 0.0023013 secs] 10834K->2628K(31680K), 0.0025554 secs] [Times: user=0.03 sys=0.00, real=0.00 secs] 
2014-07-10T09:57:36.191+0200: 2.340: [GC (Allocation Failure) 2.340: [ParNew: 9745K->1059K(9792K), 0.0010082 secs] 11314K->3589K(31680K), 0.0010933 secs] [Times: user=0.00 sys=0.00, real=0.00 secs] 
2014-07-10T09:57:36.242+0200: 2.391: [GC (Allocation Failure) 2.391: [ParNew: 9745K->1059K(9792K), 0.0026830 secs] 12276K->5031K(31680K), 0.0029469 secs] [Times: user=0.00 sys=0.00, real=0.00 secs] 
2014-07-10T09:57:36.254+0200: 2.403: [GC (Allocation Failure) 2.403: [ParNew: 9745K->1059K(9792K), 0.0019959 secs] 13717K->6953K(31680K), 0.0021554 secs] [Times: user=0.00 sys=0.00, real=0.00 secs] 
2014-07-10T09:57:36.292+0200: 2.441: [GC (Allocation Failure) 2.441: [ParNew: 9745K->1059K(9792K), 0.0022551 secs] 15639K->9355K(31680K), 0.0024293 secs] [Times: user=0.00 sys=0.02, real=0.00 secs] 
2014-07-10T09:57:36.342+0200: 2.491: [GC (Allocation Failure) 2.491: [ParNew: 9745K->1059K(9792K), 0.0044354 secs] 18041K->12238K(31680K), 0.0047141 secs] [Times: user=0.00 sys=0.00, real=0.00 secs] 
2014-07-10T09:57:36.355+0200: 2.503: [GC (Allocation Failure) 2.503: [ParNew: 9757K->1061K(9792K), 0.0035863 secs] 20935K->14066K(31680K), 0.0038411 secs] [Times: user=0.03 sys=0.00, real=0.00 secs] 
2014-07-10T09:57:36.393+0200: 2.541: [GC (Allocation Failure) 2.541: [ParNew: 9753K->1059K(9792K), 0.0029337 secs] 22758K->15859K(31680K), 0.0031867 secs] [Times: user=0.00 sys=0.00, real=0.00 secs] 
2014-07-10T09:57:36.442+0200: 2.591: [GC (Allocation Failure) 2.591: [ParNew: 9745K->1059K(9792K), 0.0022434 secs] 24545K->18133K(31680K), 0.0024164 secs] [Times: user=0.00 sys=0.00, real=0.00 secs] 
2014-07-10T09:57:36.445+0200: 2.593: [GC (CMS Initial Mark) [1 CMS-initial-mark: 17074K(21888K)] 18165K(31680K), 0.0002101 secs] [Times: user=0.00 sys=0.00, real=0.00 secs] 
2014-07-10T09:57:36.445+0200: 2.594: [CMS-concurrent-mark-start]
2014-07-10T09:57:36.446+0200: 2.595: [CMS-concurrent-mark: 0.001/0.001 secs] [Times: user=0.00 sys=0.00, real=0.00 secs] 
2014-07-10T09:57:36.446+0200: 2.595: [CMS-concurrent-preclean-start]
2014-07-10T09:57:36.446+0200: 2.595: [CMS-concurrent-preclean: 0.000/0.000 secs] [Times: user=0.00 sys=0.00, real=0.00 secs] 
2014-07-10T09:57:36.446+0200: 2.595: [CMS-concurrent-abortable-preclean-start]
2014-07-10T09:57:36.468+0200: 2.617: [GC (Allocation Failure) 2.617: [ParNew: 9745K->1059K(9792K), 0.0024150 secs] 26820K->20888K(31680K), 0.0025572 secs] [Times: user=0.00 sys=0.00, real=0.00 secs] 
2014-07-10T09:57:36.492+0200: 2.641: [GC (Allocation Failure) 2.641: [ParNew: 9745K->9745K(9792K), 0.0000425 secs]2.641: [CMS2014-07-10T09:57:36.492+0200: 2.641: [CMS-concurrent-abortable-preclean: 0.001/0.046 secs] [Times: user=0.00 sys=0.00, real=0.05 secs] 
 (concurrent mode failure): 19828K->4603K(21888K), 0.0056677 secs] 29574K->4603K(31680K), [Metaspace: 2448K->2448K(1056768K)], 0.0058550 secs] [Times: user=0.02 sys=0.00, real=0.01 secs] 
2014-07-10T09:57:36.542+0200: 2.691: [GC (Allocation Failure) 2.691: [ParNew: 8686K->1059K(9792K), 0.0034049 secs] 13289K->9381K(31680K), 0.0035838 secs] [Times: user=0.03 sys=0.00, real=0.00 secs] 
2014-07-10T09:57:36.551+0200: 2.700: [GC (Allocation Failure) 2.700: [ParNew: 9745K->1059K(9792K), 0.0035695 secs] 18067K->13576K(31680K), 0.0037216 secs] [Times: user=0.00 sys=0.00, real=0.00 secs] 
2014-07-10T09:57:36.555+0200: 2.704: [GC (CMS Initial Mark) [1 CMS-initial-mark: 12516K(21888K)] 13674K(31680K), 0.0001921 secs] [Times: user=0.00 sys=0.00, real=0.00 secs] 
2014-07-10T09:57:36.556+0200: 2.704: [CMS-concurrent-mark-start]
2014-07-10T09:57:36.556+0200: 2.705: [CMS-concurrent-mark: 0.001/0.001 secs] [Times: user=0.00 sys=0.00, real=0.00 secs] 
2014-07-10T09:57:36.556+0200: 2.705: [CMS-concurrent-preclean-start]
2014-07-10T09:57:36.556+0200: 2.705: [CMS-concurrent-preclean: 0.000/0.000 secs] [Times: user=0.00 sys=0.00, real=0.00 secs] 
2014-07-10T09:57:36.556+0200: 2.705: [CMS-concurrent-abortable-preclean-start]
2014-07-10T09:57:36.593+0200: 2.742: [GC (Allocation Failure) 2.742: [ParNew: 9751K->1059K(9792K), 0.0032886 secs] 22267K->17226K(31680K), 0.0034580 secs] [Times: user=0.00 sys=0.00, real=0.00 secs] 
2014-07-10T09:57:36.642+0200: 2.791: [GC (Allocation Failure) 2.791: [ParNew: 9745K->1059K(9792K), 0.0099279 secs] 25913K->21358K(31680K), 0.0102344 secs] [Times: user=0.00 sys=0.00, real=0.01 secs] 
2014-07-10T09:57:36.662+0200: 2.811: [GC (Allocation Failure) 2.811: [ParNew: 9745K->9745K(9792K), 0.0001030 secs]2.811: [CMS2014-07-10T09:57:36.662+0200: 2.811: [CMS-concurrent-abortable-preclean: 0.002/0.106 secs] [Times: user=0.02 sys=0.01, real=0.11 secs] 
 (concurrent mode failure): 20299K->5980K(21888K), 0.0121063 secs] 30044K->5980K(31680K), [Metaspace: 2448K->2448K(1056768K)], 0.0124862 secs] [Times: user=0.01 sys=0.00, real=0.01 secs] 
2014-07-10T09:57:36.693+0200: 2.841: [GC (Allocation Failure) 2.842: [ParNew: 8686K->1059K(9792K), 0.0046297 secs] 14667K->12134K(31680K), 0.0048131 secs] [Times: user=0.00 sys=0.00, real=0.00 secs] 
2014-07-10T09:57:36.698+0200: 2.847: [GC (CMS Initial Mark) [1 CMS-initial-mark: 11075K(21888K)] 12166K(31680K), 0.0001884 secs] [Times: user=0.00 sys=0.00, real=0.00 secs] 
2014-07-10T09:57:36.699+0200: 2.847: [CMS-concurrent-mark-start]
2014-07-10T09:57:36.699+0200: 2.848: [CMS-concurrent-mark: 0.001/0.001 secs] [Times: user=0.00 sys=0.00, real=0.00 secs] 
2014-07-10T09:57:36.700+0200: 2.848: [CMS-concurrent-preclean-start]
2014-07-10T09:57:36.700+0200: 2.848: [CMS-concurrent-preclean: 0.000/0.000 secs] [Times: user=0.00 sys=0.00, real=0.00 secs] 
2014-07-10T09:57:36.700+0200: 2.849: [GC (CMS Final Remark) [YG occupancy: 3110 K (9792 K)]2.849: [Rescan (parallel) , 0.0001265 secs]2.849: [weak refs processing, 0.0000323 secs]2.849: [class unloading, 0.0005510 secs]2.850: [scrub symbol table, 0.0006757 secs]2.851: [scrub string table, 0.0001939 secs][1 CMS-remark: 11075K(21888K)] 14185K(31680K), 0.0017341 secs] [Times: user=0.00 sys=0.00, real=0.00 secs] 
2014-07-10T09:57:36.703+0200: 2.851: [CMS-concurrent-sweep-start]
2014-07-10T09:57:36.703+0200: 2.852: [CMS-concurrent-sweep: 0.000/0.000 secs] [Times: user=0.00 sys=0.00, real=0.00 secs] 
2014-07-10T09:57:36.703+0200: 2.852: [CMS-concurrent-reset-start]
2014-07-10T09:57:36.703+0200: 2.852: [CMS-concurrent-reset: 0.000/0.000 secs] [Times: user=0.00 sys=0.00, real=0.00 secs] 
2014-07-10T09:57:36.743+0200: 2.892: [GC (Allocation Failure) 2.892: [ParNew: 9745K->1059K(9792K), 0.0046319 secs] 15153K->12038K(31680K), 0.0047922 secs] [Times: user=0.03 sys=0.00, real=0.00 secs] 
2014-07-10T09:57:36.748+0200: 2.897: [GC (CMS Initial Mark) [1 CMS-initial-mark: 10979K(21888K)] 12070K(31680K), 0.0001785 secs] [Times: user=0.00 sys=0.00, real=0.00 secs] 
2014-07-10T09:57:36.748+0200: 2.897: [CMS-concurrent-mark-start]
2014-07-10T09:57:36.749+0200: 2.898: [CMS-concurrent-mark: 0.001/0.001 secs] [Times: user=0.00 sys=0.00, real=0.00 secs] 
2014-07-10T09:57:36.749+0200: 2.898: [CMS-concurrent-preclean-start]
2014-07-10T09:57:36.750+0200: 2.898: [CMS-concurrent-preclean: 0.000/0.000 secs] [Times: user=0.00 sys=0.00, real=0.00 secs] 
2014-07-10T09:57:36.753+0200: 2.902: [GC (Allocation Failure) 2.902: [ParNew: 9745K->1059K(9792K), 0.0049784 secs] 20725K->18090K(31680K), 0.0051537 secs] [Times: user=0.00 sys=0.00, real=0.01 secs] 
2014-07-10T09:57:36.759+0200: 2.908: [GC (CMS Final Remark) [YG occupancy: 2150 K (9792 K)]2.908: [Rescan (parallel) , 0.0001496 secs]2.908: [weak refs processing, 0.0001434 secs]2.909: [class unloading, 0.0004396 secs]2.909: [scrub symbol table, 0.0007424 secs]2.910: [scrub string table, 0.0001730 secs][1 CMS-remark: 17031K(21888K)] 19181K(31680K), 0.0017877 secs] [Times: user=0.00 sys=0.00, real=0.00 secs] 
2014-07-10T09:57:36.761+0200: 2.910: [CMS-concurrent-sweep-start]
2014-07-10T09:57:36.762+0200: 2.910: [CMS-concurrent-sweep: 0.000/0.000 secs] [Times: user=0.00 sys=0.00, real=0.00 secs] 
2014-07-10T09:57:36.762+0200: 2.910: [CMS-concurrent-reset-start]
2014-07-10T09:57:36.762+0200: 2.910: [CMS-concurrent-reset: 0.000/0.000 secs] [Times: user=0.00 sys=0.00, real=0.00 secs] 
2014-07-10T09:57:36.793+0200: 2.942: [GC (Allocation Failure) 2.942: [ParNew: 9745K->1059K(9792K), 0.0055382 secs] 21685K->19531K(31680K), 0.0056977 secs] [Times: user=0.03 sys=0.00, real=0.01 secs] 
2014-07-10T09:57:36.800+0200: 2.949: [GC (CMS Initial Mark) [1 CMS-initial-mark: 18472K(21888K)] 19563K(31680K), 0.0001884 secs] [Times: user=0.00 sys=0.00, real=0.00 secs] 
2014-07-10T09:57:36.800+0200: 2.949: [CMS-concurrent-mark-start]
2014-07-10T09:57:36.801+0200: 2.950: [CMS-concurrent-mark: 0.001/0.001 secs] [Times: user=0.00 sys=0.00, real=0.00 secs] 
2014-07-10T09:57:36.801+0200: 2.950: [CMS-concurrent-preclean-start]
2014-07-10T09:57:36.801+0200: 2.950: [CMS-concurrent-preclean: 0.000/0.000 secs] [Times: user=0.00 sys=0.00, real=0.00 secs] 
2014-07-10T09:57:36.801+0200: 2.950: [GC (CMS Final Remark) [YG occupancy: 1669 K (9792 K)]2.950: [Rescan (parallel) , 0.0000814 secs]2.950: [weak refs processing, 0.0000418 secs]2.950: [class unloading, 0.0003406 secs]2.951: [scrub symbol table, 0.0005719 secs]2.951: [scrub string table, 0.0001719 secs][1 CMS-remark: 18472K(21888K)] 20141K(31680K), 0.0013294 secs] [Times: user=0.00 sys=0.00, real=0.00 secs] 
2014-07-10T09:57:36.803+0200: 2.951: [CMS-concurrent-sweep-start]
2014-07-10T09:57:36.803+0200: 2.952: [CMS-concurrent-sweep: 0.000/0.000 secs] [Times: user=0.00 sys=0.00, real=0.00 secs] 
2014-07-10T09:57:36.803+0200: 2.952: [CMS-concurrent-reset-start]
2014-07-10T09:57:36.803+0200: 2.952: [CMS-concurrent-reset: 0.000/0.000 secs] [Times: user=0.00 sys=0.00, real=0.00 secs] 
2014-07-10T09:57:36.844+0200: 2.992: [GC (Allocation Failure) 2.993: [ParNew: 9745K->1059K(9792K), 0.0058836 secs] 16592K->14919K(31680K), 0.0061292 secs] [Times: user=0.00 sys=0.00, real=0.01 secs] 
2014-07-10T09:57:36.850+0200: 2.999: [GC (CMS Initial Mark) [1 CMS-initial-mark: 13859K(21888K)] 14951K(31680K), 0.0001774 secs] [Times: user=0.00 sys=0.00, real=0.00 secs] 
2014-07-10T09:57:36.850+0200: 2.999: [CMS-concurrent-mark-start]
2014-07-10T09:57:36.851+0200: 3.000: [CMS-concurrent-mark: 0.001/0.001 secs] [Times: user=0.00 sys=0.00, real=0.00 secs] 
2014-07-10T09:57:36.851+0200: 3.000: [CMS-concurrent-preclean-start]
2014-07-10T09:57:36.851+0200: 3.000: [CMS-concurrent-preclean: 0.000/0.000 secs] [Times: user=0.00 sys=0.00, real=0.00 secs] 
2014-07-10T09:57:36.851+0200: 3.000: [CMS-concurrent-abortable-preclean-start]
2014-07-10T09:57:36.855+0200: 3.003: [GC (Allocation Failure) 3.003: [ParNew: 9761K->9761K(9792K), 0.0000517 secs]3.003: [CMS2014-07-10T09:57:36.855+0200: 3.003: [CMS-concurrent-abortable-preclean: 0.000/0.003 secs] [Times: user=0.00 sys=0.00, real=0.00 secs] 
 (concurrent mode failure): 13859K->547K(21888K), 0.0028597 secs] 23621K->547K(31680K), [Metaspace: 2448K->2448K(1056768K)], 0.0030533 secs] [Times: user=0.02 sys=0.00, real=0.00 secs] 
2014-07-10T09:57:36.895+0200: 3.044: [GC (Allocation Failure) 3.044: [ParNew: 8686K->1059K(9792K), 0.0055430 secs] 9233K->7917K(31680K), 0.0056933 secs] [Times: user=0.00 sys=0.00, real=0.01 secs] 
2014-07-10T09:57:36.944+0200: 3.092: [GC (Allocation Failure) 3.092: [ParNew: 9745K->1059K(9792K), 0.0063129 secs] 16603K->14706K(31680K), 0.0064618 secs] [Times: user=0.00 sys=0.00, real=0.01 secs] 
2014-07-10T09:57:36.950+0200: 3.099: [GC (CMS Initial Mark) [1 CMS-initial-mark: 13647K(21888K)] 14738K(31680K), 0.0001877 secs] [Times: user=0.00 sys=0.00, real=0.00 secs] 
2014-07-10T09:57:36.950+0200: 3.099: [CMS-concurrent-mark-start]
2014-07-10T09:57:36.951+0200: 3.100: [CMS-concurrent-mark: 0.001/0.001 secs] [Times: user=0.03 sys=0.00, real=0.00 secs] 
2014-07-10T09:57:36.951+0200: 3.100: [CMS-concurrent-preclean-start]
2014-07-10T09:57:36.952+0200: 3.100: [CMS-concurrent-preclean: 0.000/0.000 secs] [Times: user=0.00 sys=0.00, real=0.00 secs] 
2014-07-10T09:57:36.952+0200: 3.100: [CMS-concurrent-abortable-preclean-start]
2014-07-10T09:57:36.996+0200: 3.145: [GC (Allocation Failure) 3.145: [ParNew: 9747K->9747K(9792K), 0.0000422 secs]3.145: [CMS2014-07-10T09:57:36.996+0200: 3.145: [CMS-concurrent-abortable-preclean: 0.000/0.044 secs] [Times: user=0.00 sys=0.00, real=0.04 secs] 
 (concurrent mode failure): 13647K->443K(21888K), 0.0024219 secs] 23394K->443K(31680K), [Metaspace: 2448K->2448K(1056768K)], 0.0025928 secs] [Times: user=0.02 sys=0.00, real=0.00 secs] 
2014-07-10T09:57:37.041+0200: 3.190: [GC (Allocation Failure) 3.190: [ParNew: 8686K->611K(9792K), 0.0005386 secs] 9130K->1055K(31680K), 0.0006167 secs] [Times: user=0.00 sys=0.00, real=0.00 secs] 
2014-07-10T09:57:37.046+0200: 3.195: [GC (Allocation Failure) 3.195: [ParNew: 9297K->1059K(9792K), 0.0008704 secs] 9741K->1540K(31680K), 0.0009745 secs] [Times: user=0.00 sys=0.00, real=0.00 secs] 
2014-07-10T09:57:37.091+0200: 3.240: [GC (Allocation Failure) 3.240: [ParNew: 9745K->1059K(9792K), 0.0008040 secs] 10226K->2053K(31680K), 0.0008891 secs] [Times: user=0.00 sys=0.00, real=0.00 secs] 
2014-07-10T09:57:37.141+0200: 3.290: [GC (Allocation Failure) 3.290: [ParNew: 9757K->517K(9792K), 0.0004740 secs] 10751K->1512K(31680K), 0.0005360 secs] [Times: user=0.00 sys=0.00, real=0.00 secs] 
2014-07-10T09:57:37.145+0200: 3.294: [GC (Allocation Failure) 3.294: [ParNew: 9203K->997K(9792K), 0.0009342 secs] 10198K->1992K(31680K), 0.0010588 secs] [Times: user=0.00 sys=0.00, real=0.00 secs] 
2014-07-10T09:57:37.191+0200: 3.340: [GC (Allocation Failure) 3.340: [ParNew: 9683K->1059K(9792K), 0.0007651 secs] 10679K->2474K(31680K), 0.0008495 secs] [Times: user=0.00 sys=0.00, real=0.00 secs] 
2014-07-10T09:57:37.241+0200: 3.390: [GC (Allocation Failure) 3.390: [ParNew: 9745K->1059K(9792K), 0.0009250 secs] 11160K->3371K(31680K), 0.0010156 secs] [Times: user=0.00 sys=0.00, real=0.00 secs] 
2014-07-10T09:57:37.246+0200: 3.395: [GC (Allocation Failure) 3.395: [ParNew: 9745K->1059K(9792K), 0.0018364 secs] 12057K->4749K(31680K), 0.0019761 secs] [Times: user=0.03 sys=0.00, real=0.00 secs] 
2014-07-10T09:57:37.292+0200: 3.440: [GC (Allocation Failure) 3.441: [ParNew: 9745K->1059K(9792K), 0.0017165 secs] 13435K->6607K(31680K), 0.0018859 secs] [Times: user=0.00 sys=0.02, real=0.00 secs] 
2014-07-10T09:57:37.343+0200: 3.491: [GC (Allocation Failure) 3.491: [ParNew: 9745K->1059K(9792K), 0.0036754 secs] 15293K->8945K(31680K), 0.0039654 secs] [Times: user=0.00 sys=0.00, real=0.00 secs] 
2014-07-10T09:57:37.354+0200: 3.503: [GC (Allocation Failure) 3.503: [ParNew: 9745K->1059K(9792K), 0.0051229 secs] 17631K->11763K(31680K), 0.0054059 secs] [Times: user=0.03 sys=0.00, real=0.00 secs] 
2014-07-10T09:57:37.392+0200: 3.540: [GC (Allocation Failure) 3.540: [ParNew: 9757K->1059K(9792K), 0.0014441 secs] 20461K->13525K(31680K), 0.0015739 secs] [Times: user=0.00 sys=0.00, real=0.00 secs] 
2014-07-10T09:57:37.443+0200: 3.592: [GC (Allocation Failure) 3.592: [ParNew: 9745K->1059K(9792K), 0.0033957 secs] 22212K->15769K(31680K), 0.0036897 secs] [Times: user=0.00 sys=0.00, real=0.00 secs] 
2014-07-10T09:57:37.454+0200: 3.603: [GC (Allocation Failure) 3.603: [ParNew: 9745K->1059K(9792K), 0.0029235 secs] 24455K->18491K(31680K), 0.0030833 secs] [Times: user=0.00 sys=0.00, real=0.00 secs] 
2014-07-10T09:57:37.457+0200: 3.606: [GC (CMS Initial Mark) [1 CMS-initial-mark: 17431K(21888K)] 18557K(31680K), 0.0002445 secs] [Times: user=0.00 sys=0.00, real=0.00 secs] 
2014-07-10T09:57:37.458+0200: 3.606: [CMS-concurrent-mark-start]
2014-07-10T09:57:37.459+0200: 3.607: [CMS-concurrent-mark: 0.001/0.001 secs] [Times: user=0.00 sys=0.00, real=0.00 secs] 
2014-07-10T09:57:37.459+0200: 3.607: [CMS-concurrent-preclean-start]
2014-07-10T09:57:37.459+0200: 3.608: [CMS-concurrent-preclean: 0.000/0.000 secs] [Times: user=0.00 sys=0.00, real=0.00 secs] 
2014-07-10T09:57:37.459+0200: 3.608: [CMS-concurrent-abortable-preclean-start]
2014-07-10T09:57:37.492+0200: 3.641: [GC (Allocation Failure) 3.641: [ParNew: 9745K->1059K(9792K), 0.0031376 secs] 27177K->21694K(31680K), 0.0033092 secs] [Times: user=0.00 sys=0.00, real=0.00 secs] 
2014-07-10T09:57:37.497+0200: 3.646: [CMS-concurrent-abortable-preclean: 0.001/0.038 secs] [Times: user=0.02 sys=0.02, real=0.04 secs] 
2014-07-10T09:57:37.498+0200: 3.646: [GC (CMS Final Remark) [YG occupancy: 4681 K (9792 K)]3.646: [Rescan (parallel) , 0.0001800 secs]3.647: [weak refs processing, 0.0000378 secs]3.647: [class unloading, 0.0005730 secs]3.647: [scrub symbol table, 0.0007604 secs]3.648: [scrub string table, 0.0002497 secs][1 CMS-remark: 20634K(21888K)] 25315K(31680K), 0.0019856 secs] [Times: user=0.00 sys=0.00, real=0.00 secs] 
2014-07-10T09:57:37.500+0200: 3.648: [CMS-concurrent-sweep-start]
2014-07-10T09:57:37.500+0200: 3.649: [CMS-concurrent-sweep: 0.000/0.000 secs] [Times: user=0.00 sys=0.00, real=0.00 secs] 
2014-07-10T09:57:37.500+0200: 3.649: [CMS-concurrent-reset-start]
2014-07-10T09:57:37.500+0200: 3.649: [CMS-concurrent-reset: 0.000/0.000 secs] [Times: user=0.00 sys=0.00, real=0.00 secs] 
2014-07-10T09:57:37.542+0200: 3.691: [GC (Allocation Failure) 3.691: [ParNew: 9745K->1059K(9792K), 0.0034826 secs] 15990K->10987K(31680K), 0.0036787 secs] [Times: user=0.00 sys=0.01, real=0.00 secs] 
2014-07-10T09:57:37.550+0200: 3.699: [GC (Allocation Failure) 3.699: [ParNew: 9745K->1059K(9792K), 0.0044153 secs] 19673K->15150K(31680K), 0.0045784 secs] [Times: user=0.00 sys=0.00, real=0.01 secs] 
2014-07-10T09:57:37.555+0200: 3.704: [GC (CMS Initial Mark) [1 CMS-initial-mark: 14090K(21888K)] 15216K(31680K), 0.0002555 secs] [Times: user=0.00 sys=0.00, real=0.00 secs] 
2014-07-10T09:57:37.555+0200: 3.704: [CMS-concurrent-mark-start]
2014-07-10T09:57:37.556+0200: 3.705: [CMS-concurrent-mark: 0.001/0.001 secs] [Times: user=0.00 sys=0.00, real=0.00 secs] 
2014-07-10T09:57:37.556+0200: 3.705: [CMS-concurrent-preclean-start]
2014-07-10T09:57:37.557+0200: 3.705: [CMS-concurrent-preclean: 0.000/0.000 secs] [Times: user=0.00 sys=0.00, real=0.00 secs] 
2014-07-10T09:57:37.557+0200: 3.705: [CMS-concurrent-abortable-preclean-start]
2014-07-10T09:57:37.593+0200: 3.741: [GC (Allocation Failure) 3.742: [ParNew: 9745K->1059K(9792K), 0.0044857 secs] 23836K->19793K(31680K), 0.0046789 secs] [Times: user=0.00 sys=0.00, real=0.00 secs] 
2014-07-10T09:57:37.599+0200: 3.748: [CMS-concurrent-abortable-preclean: 0.001/0.042 secs] [Times: user=0.00 sys=0.00, real=0.04 secs] 
2014-07-10T09:57:37.600+0200: 3.749: [GC (CMS Final Remark) [YG occupancy: 4590 K (9792 K)]3.749: [Rescan (parallel) , 0.0001657 secs]3.749: [weak refs processing, 0.0000400 secs]3.749: [class unloading, 0.0006174 secs]3.750: [scrub symbol table, 0.0011849 secs]3.751: [scrub string table, 0.0002409 secs][1 CMS-remark: 18734K(21888K)] 23324K(31680K), 0.0024472 secs] [Times: user=0.00 sys=0.00, real=0.00 secs] 
2014-07-10T09:57:37.603+0200: 3.752: [CMS-concurrent-sweep-start]
2014-07-10T09:57:37.603+0200: 3.752: [CMS-concurrent-sweep: 0.000/0.000 secs] [Times: user=0.00 sys=0.00, real=0.00 secs] 
2014-07-10T09:57:37.603+0200: 3.752: [CMS-concurrent-reset-start]
2014-07-10T09:57:37.604+0200: 3.752: [CMS-concurrent-reset: 0.000/0.000 secs] [Times: user=0.00 sys=0.00, real=0.00 secs] 
2014-07-10T09:57:37.643+0200: 3.791: [GC (Allocation Failure) 3.791: [ParNew: 9757K->1061K(9792K), 0.0038551 secs] 18883K->14286K(31680K), 0.0040248 secs] [Times: user=0.00 sys=0.00, real=0.00 secs] 
2014-07-10T09:57:37.647+0200: 3.796: [GC (CMS Initial Mark) [1 CMS-initial-mark: 13225K(21888K)] 14609K(31680K), 0.0002383 secs] [Times: user=0.00 sys=0.00, real=0.00 secs] 
2014-07-10T09:57:37.648+0200: 3.796: [CMS-concurrent-mark-start]
2014-07-10T09:57:37.649+0200: 3.797: [CMS-concurrent-mark: 0.001/0.001 secs] [Times: user=0.00 sys=0.00, real=0.00 secs] 
2014-07-10T09:57:37.649+0200: 3.797: [CMS-concurrent-preclean-start]
2014-07-10T09:57:37.649+0200: 3.798: [CMS-concurrent-preclean: 0.000/0.000 secs] [Times: user=0.00 sys=0.00, real=0.00 secs] 
2014-07-10T09:57:37.649+0200: 3.798: [CMS-concurrent-abortable-preclean-start]
2014-07-10T09:57:37.652+0200: 3.801: [GC (Allocation Failure) 3.801: [ParNew: 9757K->1059K(9792K), 0.0043383 secs] 22983K->18864K(31680K), 0.0045102 secs] [Times: user=0.03 sys=0.00, real=0.01 secs] 
2014-07-10T09:57:37.692+0200: 3.841: [GC (Allocation Failure) 3.841: [ParNew: 9755K->9755K(9792K), 0.0000444 secs]3.841: [CMS2014-07-10T09:57:37.716+0200: 3.865: [CMS-concurrent-abortable-preclean: 0.001/0.067 secs] [Times: user=0.03 sys=0.00, real=0.07 secs] 
 (concurrent mode failure): 17805K->6433K(21888K), 0.0355579 secs] 27560K->6433K(31680K), [Metaspace: 2449K->2449K(1056768K)], 0.0360422 secs] [Times: user=0.00 sys=0.00, real=0.04 secs] 
2014-07-10T09:57:37.744+0200: 3.893: [GC (Allocation Failure) 3.893: [ParNew: 8696K->1059K(9792K), 0.0083789 secs] 15129K->13035K(31680K), 0.0086051 secs] [Times: user=0.03 sys=0.00, real=0.01 secs] 
2014-07-10T09:57:37.753+0200: 3.902: [GC (CMS Initial Mark) [1 CMS-initial-mark: 11976K(21888K)] 13067K(31680K), 0.0002889 secs] [Times: user=0.00 sys=0.00, real=0.00 secs] 
2014-07-10T09:57:37.754+0200: 3.903: [CMS-concurrent-mark-start]
2014-07-10T09:57:37.755+0200: 3.904: [CMS-concurrent-mark: 0.001/0.001 secs] [Times: user=0.00 sys=0.00, real=0.00 secs] 
2014-07-10T09:57:37.755+0200: 3.904: [CMS-concurrent-preclean-start]
2014-07-10T09:57:37.755+0200: 3.904: [CMS-concurrent-preclean: 0.000/0.000 secs] [Times: user=0.00 sys=0.00, real=0.00 secs] 
2014-07-10T09:57:37.755+0200: 3.904: [CMS-concurrent-abortable-preclean-start]
2014-07-10T09:57:37.757+0200: 3.906: [GC (Allocation Failure) 3.906: [ParNew: 9755K->1059K(9792K), 0.0059118 secs] 21731K->19055K(31680K), 0.0060768 secs] [Times: user=0.01 sys=0.00, real=0.01 secs] 
2014-07-10T09:57:37.793+0200: 3.942: [GC (Allocation Failure) 3.942: [ParNew: 9755K->9755K(9792K), 0.0000576 secs]3.942: [CMS2014-07-10T09:57:37.794+0200: 3.942: [CMS-concurrent-abortable-preclean: 0.001/0.039 secs] [Times: user=0.03 sys=0.00, real=0.04 secs] 
 (concurrent mode failure): 17996K->7874K(21888K), 0.0085028 secs] 27751K->7874K(31680K), [Metaspace: 2449K->2449K(1056768K)], 0.0087473 secs] [Times: user=0.00 sys=0.00, real=0.01 secs] 
2014-07-10T09:57:37.844+0200: 3.993: [GC (Allocation Failure) 3.993: [ParNew: 8696K->1059K(9792K), 0.0102358 secs] 16570K->15917K(31680K), 0.0105471 secs] [Times: user=0.03 sys=0.00, real=0.01 secs] 
2014-07-10T09:57:37.856+0200: 4.005: [GC (CMS Initial Mark) [1 CMS-initial-mark: 14857K(21888K)] 16167K(31680K), 0.0003659 secs] [Times: user=0.00 sys=0.00, real=0.00 secs] 
2014-07-10T09:57:37.857+0200: 4.005: [CMS-concurrent-mark-start]
2014-07-10T09:57:37.858+0200: 4.007: [CMS-concurrent-mark: 0.002/0.002 secs] [Times: user=0.00 sys=0.00, real=0.00 secs] 
2014-07-10T09:57:37.859+0200: 4.007: [CMS-concurrent-preclean-start]
2014-07-10T09:57:37.859+0200: 4.008: [CMS-concurrent-preclean: 0.000/0.000 secs] [Times: user=0.00 sys=0.00, real=0.00 secs] 
2014-07-10T09:57:37.859+0200: 4.008: [CMS-concurrent-abortable-preclean-start]
2014-07-10T09:57:37.863+0200: 4.012: [GC (Allocation Failure) 4.012: [ParNew: 9751K->9751K(9792K), 0.0000953 secs]4.012: [CMS2014-07-10T09:57:37.863+0200: 4.012: [CMS-concurrent-abortable-preclean: 0.000/0.004 secs] [Times: user=0.00 sys=0.00, real=0.00 secs] 
 (concurrent mode failure): 14857K->7555K(21888K), 0.0121969 secs] 24609K->7555K(31680K), [Metaspace: 2449K->2449K(1056768K)], 0.0125291 secs] [Times: user=0.02 sys=0.00, real=0.01 secs] 
2014-07-10T09:57:37.893+0200: 4.042: [GC (Allocation Failure) 4.042: [ParNew: 8703K->1059K(9792K), 0.0052611 secs] 16259K->14254K(31680K), 0.0054371 secs] [Times: user=0.00 sys=0.00, real=0.01 secs] 
2014-07-10T09:57:37.899+0200: 4.048: [GC (CMS Initial Mark) [1 CMS-initial-mark: 13194K(21888K)] 14448K(31680K), 0.0002141 secs] [Times: user=0.00 sys=0.00, real=0.00 secs] 
2014-07-10T09:57:37.899+0200: 4.048: [CMS-concurrent-mark-start]
2014-07-10T09:57:37.900+0200: 4.049: [CMS-concurrent-mark: 0.001/0.001 secs] [Times: user=0.00 sys=0.00, real=0.00 secs] 
2014-07-10T09:57:37.900+0200: 4.049: [CMS-concurrent-preclean-start]
2014-07-10T09:57:37.900+0200: 4.049: [CMS-concurrent-preclean: 0.000/0.000 secs] [Times: user=0.00 sys=0.00, real=0.00 secs] 
2014-07-10T09:57:37.900+0200: 4.049: [GC (CMS Final Remark) [YG occupancy: 2566 K (9792 K)]4.049: [Rescan (parallel) , 0.0001217 secs]4.049: [weak refs processing, 0.0000297 secs]4.049: [class unloading, 0.0004491 secs]4.050: [scrub symbol table, 0.0006115 secs]4.050: [scrub string table, 0.0001969 secs][1 CMS-remark: 13194K(21888K)] 15760K(31680K), 0.0015395 secs] [Times: user=0.02 sys=0.00, real=0.00 secs] 
2014-07-10T09:57:37.902+0200: 4.051: [CMS-concurrent-sweep-start]
2014-07-10T09:57:37.902+0200: 4.051: [CMS-concurrent-sweep: 0.000/0.000 secs] [Times: user=0.00 sys=0.00, real=0.00 secs] 
2014-07-10T09:57:37.902+0200: 4.051: [CMS-concurrent-reset-start]
2014-07-10T09:57:37.902+0200: 4.051: [CMS-concurrent-reset: 0.000/0.000 secs] [Times: user=0.00 sys=0.00, real=0.00 secs] 
2014-07-10T09:57:37.945+0200: 4.094: [GC (Allocation Failure) 4.094: [ParNew: 9755K->1059K(9792K), 0.0094578 secs] 15713K->13134K(31680K), 0.0099158 secs] [Times: user=0.03 sys=0.00, real=0.01 secs] 
2014-07-10T09:57:37.956+0200: 4.104: [GC (CMS Initial Mark) [1 CMS-initial-mark: 12074K(21888K)] 13166K(31680K), 0.0004176 secs] [Times: user=0.00 sys=0.00, real=0.00 secs] 
2014-07-10T09:57:37.956+0200: 4.105: [CMS-concurrent-mark-start]
2014-07-10T09:57:37.958+0200: 4.107: [CMS-concurrent-mark: 0.002/0.002 secs] [Times: user=0.00 sys=0.00, real=0.00 secs] 
2014-07-10T09:57:37.958+0200: 4.107: [CMS-concurrent-preclean-start]
2014-07-10T09:57:37.959+0200: 4.107: [CMS-concurrent-preclean: 0.000/0.000 secs] [Times: user=0.00 sys=0.00, real=0.00 secs] 
2014-07-10T09:57:37.959+0200: 4.108: [CMS-concurrent-abortable-preclean-start]
2014-07-10T09:57:37.963+0200: 4.111: [GC (Allocation Failure) 4.112: [ParNew: 9755K->1059K(9792K), 0.0059331 secs] 21830K->19730K(31680K), 0.0061043 secs] [Times: user=0.03 sys=0.00, real=0.01 secs] 
2014-07-10T09:57:37.993+0200: 4.142: [GC (Allocation Failure) 4.142: [ParNew: 9755K->9755K(9792K), 0.0000444 secs]4.142: [CMS2014-07-10T09:57:37.994+0200: 4.142: [CMS-concurrent-abortable-preclean: 0.001/0.035 secs] [Times: user=0.03 sys=0.00, real=0.03 secs] 
 (concurrent mode failure): 18670K->8452K(21888K), 0.0077285 secs] 28426K->8452K(31680K), [Metaspace: 2449K->2449K(1056768K)], 0.0079415 secs] [Times: user=0.01 sys=0.00, real=0.01 secs] 
2014-07-10T09:57:38.044+0200: 4.193: [GC (Allocation Failure) 4.193: [ParNew: 8696K->419K(9792K), 0.0008091 secs] 17148K->8871K(31680K), 0.0009232 secs] [Times: user=0.00 sys=0.00, real=0.00 secs] 
2014-07-10T09:57:38.092+0200: 4.240: [GC (Allocation Failure) 4.241: [ParNew: 9120K->902K(9792K), 0.0013158 secs] 17573K->9354K(31680K), 0.0015050 secs] [Times: user=0.00 sys=0.00, real=0.00 secs] 
2014-07-10T09:57:38.141+0200: 4.290: [GC (Allocation Failure) 4.290: [ParNew: 9598K->357K(9792K), 0.0007545 secs] 18051K->8816K(31680K), 0.0009008 secs] [Times: user=0.00 sys=0.00, real=0.00 secs] 
2014-07-10T09:57:38.147+0200: 4.295: [GC (Allocation Failure) 4.295: [ParNew: 9053K->836K(9792K), 0.0009444 secs] 17512K->9295K(31680K), 0.0010522 secs] [Times: user=0.00 sys=0.00, real=0.00 secs] 
2014-07-10T09:57:38.191+0200: 4.340: [GC (Allocation Failure) 4.340: [ParNew: 9532K->1059K(9792K), 0.0011307 secs] 17992K->9778K(31680K), 0.0012685 secs] [Times: user=0.00 sys=0.00, real=0.00 secs] 
2014-07-10T09:57:38.242+0200: 4.391: [GC (Allocation Failure) 4.391: [ParNew: 9755K->1059K(9792K), 0.0021877 secs] 18474K->10515K(31680K), 0.0024535 secs] [Times: user=0.00 sys=0.02, real=0.00 secs] 
2014-07-10T09:57:38.252+0200: 4.401: [GC (Allocation Failure) 4.401: [ParNew: 9755K->1059K(9792K), 0.0030093 secs] 19211K->11733K(31680K), 0.0032534 secs] [Times: user=0.00 sys=0.00, real=0.00 secs] 
2014-07-10T09:57:38.292+0200: 4.441: [GC (Allocation Failure) 4.441: [ParNew: 9755K->1059K(9792K), 0.0025748 secs] 20429K->13431K(31680K), 0.0027633 secs] [Times: user=0.00 sys=0.00, real=0.00 secs] 
2014-07-10T09:57:38.344+0200: 4.492: [GC (Allocation Failure) 4.492: [ParNew: 9755K->1059K(9792K), 0.0033763 secs] 22127K->15609K(31680K), 0.0036443 secs] [Times: user=0.00 sys=0.00, real=0.00 secs] 
2014-07-10T09:57:38.355+0200: 4.503: [GC (Allocation Failure) 4.503: [ParNew: 9755K->1059K(9792K), 0.0050294 secs] 24305K->18267K(31680K), 0.0053421 secs] [Times: user=0.03 sys=0.00, real=0.00 secs] 
2014-07-10T09:57:38.361+0200: 4.509: [GC (CMS Initial Mark) [1 CMS-initial-mark: 17208K(21888K)] 18299K(31680K), 0.0003597 secs] [Times: user=0.00 sys=0.00, real=0.00 secs] 
2014-07-10T09:57:38.361+0200: 4.509: [CMS-concurrent-mark-start]
2014-07-10T09:57:38.363+0200: 4.511: [CMS-concurrent-mark: 0.002/0.002 secs] [Times: user=0.00 sys=0.00, real=0.00 secs] 
2014-07-10T09:57:38.364+0200: 4.511: [CMS-concurrent-preclean-start]
2014-07-10T09:57:38.364+0200: 4.512: [CMS-concurrent-preclean: 0.000/0.000 secs] [Times: user=0.00 sys=0.00, real=0.00 secs] 
2014-07-10T09:57:38.364+0200: 4.512: [CMS-concurrent-abortable-preclean-start]
2014-07-10T09:57:38.392+0200: 4.540: [GC (Allocation Failure) 4.540: [ParNew: 9743K->1061K(9792K), 0.0016077 secs] 26951K->19839K(31680K), 0.0017459 secs] [Times: user=0.00 sys=0.00, real=0.00 secs] 
2014-07-10T09:57:38.442+0200: 4.590: [GC (Allocation Failure) 4.590: [ParNew: 9757K->1059K(9792K), 0.0021415 secs] 28535K->21888K(31680K), 0.0023314 secs] [Times: user=0.00 sys=0.00, real=0.00 secs] 
2014-07-10T09:57:38.445+0200: 4.593: [CMS-concurrent-abortable-preclean: 0.001/0.081 secs] [Times: user=0.00 sys=0.00, real=0.08 secs] 
2014-07-10T09:57:38.445+0200: 4.593: [GC (CMS Final Remark) [YG occupancy: 1317 K (9792 K)]4.593: [Rescan (parallel) , 0.0003644 secs]4.593: [weak refs processing, 0.0001118 secs]4.593: [class unloading, 0.0011409 secs]4.595: [scrub symbol table, 0.0012869 secs]4.596: [scrub string table, 0.0004663 secs][1 CMS-remark: 20829K(21888K)] 22146K(31680K), 0.0037315 secs] [Times: user=0.02 sys=0.00, real=0.00 secs] 
2014-07-10T09:57:38.449+0200: 4.597: [CMS-concurrent-sweep-start]
2014-07-10T09:57:38.450+0200: 4.598: [CMS-concurrent-sweep: 0.001/0.001 secs] [Times: user=0.00 sys=0.00, real=0.00 secs] 
2014-07-10T09:57:38.450+0200: 4.598: [CMS-concurrent-reset-start]
2014-07-10T09:57:38.450+0200: 4.598: [CMS-concurrent-reset: 0.000/0.000 secs] [Times: user=0.00 sys=0.00, real=0.00 secs] 
2014-07-10T09:57:38.455+0200: 4.603: [GC (Allocation Failure) 4.603: [ParNew: 9755K->1059K(9792K), 0.0047364 secs] 16358K->10192K(31680K), 0.0049986 secs] [Times: user=0.00 sys=0.00, real=0.01 secs] 
2014-07-10T09:57:38.498+0200: 4.645: [GC (Allocation Failure) 4.646: [ParNew: 9755K->1059K(9792K), 0.0053711 secs] 18888K->13202K(31680K), 0.0056464 secs] [Times: user=0.00 sys=0.00, real=0.01 secs] 
2014-07-10T09:57:38.504+0200: 4.652: [GC (CMS Initial Mark) [1 CMS-initial-mark: 12143K(21888K)] 13234K(31680K), 0.0004015 secs] [Times: user=0.00 sys=0.00, real=0.00 secs] 
2014-07-10T09:57:38.504+0200: 4.652: [CMS-concurrent-mark-start]
2014-07-10T09:57:38.506+0200: 4.654: [CMS-concurrent-mark: 0.002/0.002 secs] [Times: user=0.00 sys=0.00, real=0.00 secs] 
2014-07-10T09:57:38.506+0200: 4.654: [CMS-concurrent-preclean-start]
2014-07-10T09:57:38.507+0200: 4.655: [CMS-concurrent-preclean: 0.000/0.000 secs] [Times: user=0.00 sys=0.00, real=0.00 secs] 
2014-07-10T09:57:38.507+0200: 4.655: [CMS-concurrent-abortable-preclean-start]
2014-07-10T09:57:38.547+0200: 4.694: [GC (Allocation Failure) 4.695: [ParNew: 9755K->1059K(9792K), 0.0066323 secs] 21899K->16693K(31680K), 0.0069032 secs] [Times: user=0.00 sys=0.00, real=0.01 secs] 
2014-07-10T09:57:38.561+0200: 4.709: [GC (Allocation Failure) 4.709: [ParNew: 9755K->1059K(9792K), 0.0048890 secs] 25389K->20664K(31680K), 0.0051170 secs] [Times: user=0.00 sys=0.00, real=0.00 secs] 
2014-07-10T09:57:38.567+0200: 4.715: [CMS-concurrent-abortable-preclean: 0.002/0.060 secs] [Times: user=0.03 sys=0.00, real=0.06 secs] 
2014-07-10T09:57:38.567+0200: 4.715: [GC (CMS Final Remark) [YG occupancy: 4235 K (9792 K)]4.715: [Rescan (parallel) , 0.0004132 secs]4.716: [weak refs processing, 0.0000345 secs]4.716: [class unloading, 0.0007171 secs]4.717: [scrub symbol table, 0.0006720 secs]4.717: [scrub string table, 0.0002625 secs][1 CMS-remark: 19605K(21888K)] 23840K(31680K), 0.0022804 secs] [Times: user=0.00 sys=0.00, real=0.00 secs] 
2014-07-10T09:57:38.570+0200: 4.718: [CMS-concurrent-sweep-start]
2014-07-10T09:57:38.570+0200: 4.718: [CMS-concurrent-sweep: 0.000/0.000 secs] [Times: user=0.00 sys=0.00, real=0.00 secs] 
2014-07-10T09:57:38.570+0200: 4.718: [CMS-concurrent-reset-start]
2014-07-10T09:57:38.570+0200: 4.718: [CMS-concurrent-reset: 0.000/0.000 secs] [Times: user=0.00 sys=0.00, real=0.00 secs] 
2014-07-10T09:57:38.593+0200: 4.740: [GC (Allocation Failure) 4.741: [ParNew: 9755K->1059K(9792K), 0.0044574 secs] 20552K->16307K(31680K), 0.0046341 secs] [Times: user=0.00 sys=0.00, real=0.00 secs] 
2014-07-10T09:57:38.598+0200: 4.745: [GC (CMS Initial Mark) [1 CMS-initial-mark: 15247K(21888K)] 16339K(31680K), 0.0001697 secs] [Times: user=0.00 sys=0.00, real=0.00 secs] 
2014-07-10T09:57:38.598+0200: 4.746: [CMS-concurrent-mark-start]
2014-07-10T09:57:38.598+0200: 4.746: [CMS-concurrent-mark: 0.001/0.001 secs] [Times: user=0.00 sys=0.00, real=0.00 secs] 
2014-07-10T09:57:38.598+0200: 4.746: [CMS-concurrent-preclean-start]
2014-07-10T09:57:38.599+0200: 4.746: [CMS-concurrent-preclean: 0.000/0.000 secs] [Times: user=0.00 sys=0.00, real=0.00 secs] 
2014-07-10T09:57:38.599+0200: 4.746: [CMS-concurrent-abortable-preclean-start]
2014-07-10T09:57:38.642+0200: 4.790: [GC (Allocation Failure) 4.790: [ParNew: 9743K->1061K(9792K), 0.0030947 secs] 24990K->19672K(31680K), 0.0032292 secs] [Times: user=0.00 sys=0.00, real=0.00 secs] 
2014-07-10T09:57:38.649+0200: 4.797: [GC (Allocation Failure) 4.797: [ParNew: 9757K->9757K(9792K), 0.0000429 secs]4.797: [CMS2014-07-10T09:57:38.649+0200: 4.797: [CMS-concurrent-abortable-preclean: 0.001/0.051 secs] [Times: user=0.00 sys=0.00, real=0.05 secs] 
 (concurrent mode failure): 18610K->5221K(21888K), 0.0055199 secs] 28368K->5221K(31680K), [Metaspace: 2449K->2449K(1056768K)], 0.0057153 secs] [Times: user=0.01 sys=0.00, real=0.01 secs] 
2014-07-10T09:57:38.694+0200: 4.842: [GC (Allocation Failure) 4.842: [ParNew: 8696K->1059K(9792K), 0.0082271 secs] 13918K->10607K(31680K), 0.0084947 secs] [Times: user=0.03 sys=0.00, real=0.01 secs] 
2014-07-10T09:57:38.703+0200: 4.851: [GC (CMS Initial Mark) [1 CMS-initial-mark: 9548K(21888K)] 10639K(31680K), 0.0003707 secs] [Times: user=0.00 sys=0.00, real=0.00 secs] 
2014-07-10T09:57:38.704+0200: 4.851: [CMS-concurrent-mark-start]
2014-07-10T09:57:38.705+0200: 4.853: [CMS-concurrent-mark: 0.002/0.002 secs] [Times: user=0.00 sys=0.00, real=0.00 secs] 
2014-07-10T09:57:38.705+0200: 4.853: [CMS-concurrent-preclean-start]
2014-07-10T09:57:38.706+0200: 4.854: [CMS-concurrent-preclean: 0.000/0.000 secs] [Times: user=0.00 sys=0.00, real=0.00 secs] 
2014-07-10T09:57:38.707+0200: 4.855: [GC (CMS Final Remark) [YG occupancy: 1091 K (9792 K)]4.855: [Rescan (parallel) , 0.0002658 secs]4.855: [weak refs processing, 0.0000623 secs]4.855: [class unloading, 0.0008326 secs]4.856: [scrub symbol table, 0.0013067 secs]4.858: [scrub string table, 0.0004572 secs][1 CMS-remark: 9548K(21888K)] 10639K(31680K), 0.0032820 secs] [Times: user=0.00 sys=0.00, real=0.00 secs] 
2014-07-10T09:57:38.713+0200: 4.860: [CMS-concurrent-sweep-start]
2014-07-10T09:57:38.713+0200: 4.861: [CMS-concurrent-sweep: 0.001/0.001 secs] [Times: user=0.00 sys=0.00, real=0.00 secs] 
2014-07-10T09:57:38.713+0200: 4.861: [CMS-concurrent-reset-start]
2014-07-10T09:57:38.714+0200: 4.862: [CMS-concurrent-reset: 0.000/0.000 secs] [Times: user=0.02 sys=0.00, real=0.00 secs] 
2014-07-10T09:57:38.743+0200: 4.891: [GC (Allocation Failure) 4.891: [ParNew: 9755K->1059K(9792K), 0.0046096 secs] 14404K->10511K(31680K), 0.0047837 secs] [Times: user=0.03 sys=0.00, real=0.00 secs] 
2014-07-10T09:57:38.748+0200: 4.896: [GC (CMS Initial Mark) [1 CMS-initial-mark: 9451K(21888K)] 10577K(31680K), 0.0002654 secs] [Times: user=0.00 sys=0.00, real=0.00 secs] 
2014-07-10T09:57:38.748+0200: 4.896: [CMS-concurrent-mark-start]
2014-07-10T09:57:38.749+0200: 4.897: [CMS-concurrent-mark: 0.001/0.001 secs] [Times: user=0.00 sys=0.00, real=0.00 secs] 
2014-07-10T09:57:38.749+0200: 4.897: [CMS-concurrent-preclean-start]
2014-07-10T09:57:38.749+0200: 4.897: [CMS-concurrent-preclean: 0.000/0.000 secs] [Times: user=0.00 sys=0.00, real=0.00 secs] 
2014-07-10T09:57:38.749+0200: 4.897: [CMS-concurrent-abortable-preclean-start]
2014-07-10T09:57:38.752+0200: 4.900: [GC (Allocation Failure) 4.900: [ParNew: 9755K->1059K(9792K), 0.0050382 secs] 19207K->15795K(31680K), 0.0052387 secs] [Times: user=0.00 sys=0.00, real=0.01 secs] 
2014-07-10T09:57:38.793+0200: 4.941: [GC (Allocation Failure) 4.941: [ParNew: 9755K->1059K(9792K), 0.0055382 secs] 24491K->21559K(31680K), 0.0056922 secs] [Times: user=0.00 sys=0.00, real=0.01 secs] 
2014-07-10T09:57:38.801+0200: 4.948: [CMS-concurrent-abortable-preclean: 0.002/0.051 secs] [Times: user=0.02 sys=0.00, real=0.05 secs] 
2014-07-10T09:57:38.801+0200: 4.949: [GC (CMS Final Remark) [YG occupancy: 2438 K (9792 K)]4.949: [Rescan (parallel) , 0.0001430 secs]4.949: [weak refs processing, 0.0000458 secs]4.949: [class unloading, 0.0006669 secs]4.950: [scrub symbol table, 0.0007853 secs]4.950: [scrub string table, 0.0002489 secs][1 CMS-remark: 20499K(21888K)] 22937K(31680K), 0.0020784 secs] [Times: user=0.00 sys=0.00, real=0.00 secs] 
2014-07-10T09:57:38.803+0200: 4.951: [CMS-concurrent-sweep-start]
2014-07-10T09:57:38.803+0200: 4.951: [CMS-concurrent-sweep: 0.000/0.000 secs] [Times: user=0.00 sys=0.00, real=0.00 secs] 
2014-07-10T09:57:38.804+0200: 4.951: [CMS-concurrent-reset-start]
2014-07-10T09:57:38.804+0200: 4.952: [CMS-concurrent-reset: 0.000/0.000 secs] [Times: user=0.00 sys=0.00, real=0.00 secs] 
2014-07-10T09:57:38.845+0200: 4.993: [GC (Allocation Failure) 4.993: [ParNew: 9755K->9755K(9792K), 0.0000983 secs]4.993: [CMS: 16176K->7623K(21888K), 0.0145976 secs] 25932K->7623K(31680K), [Metaspace: 2449K->2449K(1056768K)], 0.0150174 secs] [Times: user=0.01 sys=0.00, real=0.01 secs] 
2014-07-10T09:57:38.865+0200: 5.013: [GC (Allocation Failure) 5.013: [ParNew: 8696K->1059K(9792K), 0.0063665 secs] 16319K->15409K(31680K), 0.0065461 secs] [Times: user=0.03 sys=0.00, real=0.01 secs] 
2014-07-10T09:57:38.872+0200: 5.020: [GC (CMS Initial Mark) [1 CMS-initial-mark: 14350K(21888K)] 15475K(31680K), 0.0002511 secs] [Times: user=0.00 sys=0.00, real=0.00 secs] 
2014-07-10T09:57:38.873+0200: 5.020: [CMS-concurrent-mark-start]
2014-07-10T09:57:38.874+0200: 5.021: [CMS-concurrent-mark: 0.001/0.001 secs] [Times: user=0.00 sys=0.00, real=0.00 secs] 
2014-07-10T09:57:38.874+0200: 5.021: [CMS-concurrent-preclean-start]
2014-07-10T09:57:38.874+0200: 5.022: [CMS-concurrent-preclean: 0.000/0.000 secs] [Times: user=0.00 sys=0.00, real=0.00 secs] 
2014-07-10T09:57:38.874+0200: 5.022: [CMS-concurrent-abortable-preclean-start]
2014-07-10T09:57:38.893+0200: 5.041: [GC (Allocation Failure) 5.041: [ParNew: 9755K->9755K(9792K), 0.0000634 secs]5.041: [CMS2014-07-10T09:57:38.893+0200: 5.041: [CMS-concurrent-abortable-preclean: 0.000/0.019 secs] [Times: user=0.00 sys=0.00, real=0.02 secs] 
 (concurrent mode failure): 14350K->6792K(21888K), 0.0077464 secs] 24105K->6792K(31680K), [Metaspace: 2449K->2449K(1056768K)], 0.0079990 secs] [Times: user=0.01 sys=0.00, real=0.01 secs] 
2014-07-10T09:57:38.943+0200: 5.091: [GC (Allocation Failure) 5.091: [ParNew: 8696K->1059K(9792K), 0.0055841 secs] 15488K->13746K(31680K), 0.0057439 secs] [Times: user=0.03 sys=0.00, real=0.01 secs] 
2014-07-10T09:57:38.949+0200: 5.097: [GC (CMS Initial Mark) [1 CMS-initial-mark: 12687K(21888K)] 13778K(31680K), 0.0002244 secs] [Times: user=0.00 sys=0.00, real=0.00 secs] 
2014-07-10T09:57:38.949+0200: 5.097: [CMS-concurrent-mark-start]
2014-07-10T09:57:38.950+0200: 5.098: [CMS-concurrent-mark: 0.001/0.001 secs] [Times: user=0.00 sys=0.00, real=0.00 secs] 
2014-07-10T09:57:38.951+0200: 5.098: [CMS-concurrent-preclean-start]
2014-07-10T09:57:38.951+0200: 5.099: [CMS-concurrent-preclean: 0.000/0.000 secs] [Times: user=0.00 sys=0.00, real=0.00 secs] 
2014-07-10T09:57:38.951+0200: 5.099: [CMS-concurrent-abortable-preclean-start]
2014-07-10T09:57:38.953+0200: 5.101: [GC (Allocation Failure) 5.101: [ParNew: 9755K->1059K(9792K), 0.0059133 secs] 22443K->20118K(31680K), 0.0060644 secs] [Times: user=0.00 sys=0.00, real=0.01 secs] 
2014-07-10T09:57:38.994+0200: 5.142: [GC (Allocation Failure) 5.142: [ParNew: 9755K->9755K(9792K), 0.0000598 secs]5.142: [CMS2014-07-10T09:57:38.994+0200: 5.142: [CMS-concurrent-abortable-preclean: 0.001/0.043 secs] [Times: user=0.00 sys=0.00, real=0.04 secs] 
 (concurrent mode failure): 19059K->8232K(21888K), 0.0089145 secs] 28815K->8232K(31680K), [Metaspace: 2449K->2449K(1056768K)], 0.0091796 secs] [Times: user=0.02 sys=0.00, real=0.01 secs] 
2014-07-10T09:57:39.043+0200: 5.191: [GC (Allocation Failure) 5.191: [ParNew: 8696K->195K(9792K), 0.0011626 secs] 16929K->8428K(31680K), 0.0013349 secs] [Times: user=0.00 sys=0.00, real=0.00 secs] 
2014-07-10T09:57:39.091+0200: 5.239: [GC (Allocation Failure) 5.239: [ParNew: 8891K->677K(9792K), 0.0008660 secs] 17124K->8910K(31680K), 0.0010035 secs] [Times: user=0.00 sys=0.00, real=0.00 secs] 
2014-07-10T09:57:39.141+0200: 5.289: [GC (Allocation Failure) 5.289: [ParNew: 9381K->133K(9792K), 0.0005668 secs] 17614K->8373K(31680K), 0.0006500 secs] [Times: user=0.00 sys=0.00, real=0.00 secs] 
2014-07-10T09:57:39.146+0200: 5.294: [GC (Allocation Failure) 5.294: [ParNew: 8829K->611K(9792K), 0.0008891 secs] 17069K->8851K(31680K), 0.0009921 secs] [Times: user=0.00 sys=0.00, real=0.00 secs] 
2014-07-10T09:57:39.191+0200: 5.339: [GC (Allocation Failure) 5.339: [ParNew: 9307K->1059K(9792K), 0.0006944 secs] 17547K->9334K(31680K), 0.0007659 secs] [Times: user=0.00 sys=0.00, real=0.00 secs] 
2014-07-10T09:57:39.242+0200: 5.390: [GC (Allocation Failure) 5.390: [ParNew: 9755K->1059K(9792K), 0.0007959 secs] 18030K->9847K(31680K), 0.0008898 secs] [Times: user=0.00 sys=0.00, real=0.00 secs] 
2014-07-10T09:57:39.247+0200: 5.395: [GC (Allocation Failure) 5.395: [ParNew: 9755K->1059K(9792K), 0.0014936 secs] 18543K->10841K(31680K), 0.0016091 secs] [Times: user=0.00 sys=0.00, real=0.00 secs] 
2014-07-10T09:57:39.292+0200: 5.440: [GC (Allocation Failure) 5.440: [ParNew: 9753K->1059K(9792K), 0.0025011 secs] 19535K->12315K(31680K), 0.0027292 secs] [Times: user=0.00 sys=0.00, real=0.00 secs] 
2014-07-10T09:57:39.342+0200: 5.490: [GC (Allocation Failure) 5.490: [ParNew: 9755K->1059K(9792K), 0.0017580 secs] 21011K->14269K(31680K), 0.0019035 secs] [Times: user=0.00 sys=0.00, real=0.00 secs] 
2014-07-10T09:57:39.348+0200: 5.496: [GC (Allocation Failure) 5.496: [ParNew: 9754K->1061K(9792K), 0.0013389 secs] 22964K->14624K(31680K), 0.0014713 secs] [Times: user=0.00 sys=0.00, real=0.00 secs] 
2014-07-10T09:57:39.391+0200: 5.539: [GC (Allocation Failure) 5.539: [ParNew: 9757K->1059K(9792K), 0.0012014 secs] 23320K->15457K(31680K), 0.0013265 secs] [Times: user=0.00 sys=0.00, real=0.00 secs] 
2014-07-10T09:57:39.442+0200: 5.590: [GC (Allocation Failure) 5.590: [ParNew: 9755K->1059K(9792K), 0.0025535 secs] 24153K->16771K(31680K), 0.0028054 secs] [Times: user=0.00 sys=0.00, real=0.00 secs] 
2014-07-10T09:57:39.453+0200: 5.601: [GC (Allocation Failure) 5.601: [ParNew: 9755K->1059K(9792K), 0.0034349 secs] 25467K->18564K(31680K), 0.0037293 secs] [Times: user=0.00 sys=0.00, real=0.00 secs] 
2014-07-10T09:57:39.458+0200: 5.606: [GC (CMS Initial Mark) [1 CMS-initial-mark: 17505K(21888K)] 19015K(31680K), 0.0004172 secs] [Times: user=0.00 sys=0.00, real=0.00 secs] 
2014-07-10T09:57:39.459+0200: 5.607: [CMS-concurrent-mark-start]
2014-07-10T09:57:39.460+0200: 5.608: [CMS-concurrent-mark: 0.002/0.002 secs] [Times: user=0.00 sys=0.00, real=0.00 secs] 
2014-07-10T09:57:39.461+0200: 5.608: [CMS-concurrent-preclean-start]
2014-07-10T09:57:39.461+0200: 5.609: [CMS-concurrent-preclean: 0.000/0.000 secs] [Times: user=0.00 sys=0.00, real=0.00 secs] 
2014-07-10T09:57:39.461+0200: 5.609: [GC (CMS Final Remark) [YG occupancy: 1509 K (9792 K)]5.609: [Rescan (parallel) , 0.0002508 secs]5.609: [weak refs processing, 0.0000627 secs]5.609: [class unloading, 0.0008920 secs]5.610: [scrub symbol table, 0.0012700 secs]5.612: [scrub string table, 0.0002592 secs][1 CMS-remark: 17505K(21888K)] 19015K(31680K), 0.0030404 secs] [Times: user=0.00 sys=0.01, real=0.00 secs] 
2014-07-10T09:57:39.464+0200: 5.612: [CMS-concurrent-sweep-start]
2014-07-10T09:57:39.465+0200: 5.612: [CMS-concurrent-sweep: 0.000/0.000 secs] [Times: user=0.00 sys=0.00, real=0.00 secs] 
2014-07-10T09:57:39.465+0200: 5.613: [CMS-concurrent-reset-start]
2014-07-10T09:57:39.465+0200: 5.613: [CMS-concurrent-reset: 0.000/0.000 secs] [Times: user=0.00 sys=0.00, real=0.00 secs] 
2014-07-10T09:57:39.492+0200: 5.640: [GC (Allocation Failure) 5.640: [ParNew: 9755K->1059K(9792K), 0.0020802 secs] 11879K->5456K(31680K), 0.0022265 secs] [Times: user=0.03 sys=0.00, real=0.00 secs] 
2014-07-10T09:57:39.543+0200: 5.691: [GC (Allocation Failure) 5.691: [ParNew: 9755K->1059K(9792K), 0.0045282 secs] 14153K->8211K(31680K), 0.0047881 secs] [Times: user=0.00 sys=0.00, real=0.01 secs] 
2014-07-10T09:57:39.555+0200: 5.703: [GC (Allocation Failure) 5.703: [ParNew: 9755K->1059K(9792K), 0.0056688 secs] 16907K->11445K(31680K), 0.0059606 secs] [Times: user=0.03 sys=0.00, real=0.01 secs] 
2014-07-10T09:57:39.594+0200: 5.742: [GC (Allocation Failure) 5.742: [ParNew: 9755K->1059K(9792K), 0.0066176 secs] 20142K->15160K(31680K), 0.0068801 secs] [Times: user=0.00 sys=0.00, real=0.01 secs] 
2014-07-10T09:57:39.601+0200: 5.749: [GC (CMS Initial Mark) [1 CMS-initial-mark: 14101K(21888K)] 15192K(31680K), 0.0005525 secs] [Times: user=0.00 sys=0.00, real=0.00 secs] 
2014-07-10T09:57:39.602+0200: 5.750: [CMS-concurrent-mark-start]
2014-07-10T09:57:39.604+0200: 5.752: [CMS-concurrent-mark: 0.002/0.002 secs] [Times: user=0.03 sys=0.00, real=0.00 secs] 
2014-07-10T09:57:39.604+0200: 5.752: [CMS-concurrent-preclean-start]
2014-07-10T09:57:39.604+0200: 5.752: [CMS-concurrent-preclean: 0.000/0.000 secs] [Times: user=0.00 sys=0.00, real=0.00 secs] 
2014-07-10T09:57:39.604+0200: 5.752: [CMS-concurrent-abortable-preclean-start]
2014-07-10T09:57:39.642+0200: 5.790: [GC (Allocation Failure) 5.790: [ParNew: 9763K->1061K(9792K), 0.0029763 secs] 23864K->18333K(31680K), 0.0031372 secs] [Times: user=0.00 sys=0.00, real=0.00 secs] 
2014-07-10T09:57:39.649+0200: 5.797: [GC (Allocation Failure) 5.797: [ParNew: 9757K->1059K(9792K), 0.0035596 secs] 27029K->21982K(31680K), 0.0037605 secs] [Times: user=0.00 sys=0.02, real=0.00 secs] 
2014-07-10T09:57:39.653+0200: 5.801: [CMS-concurrent-abortable-preclean: 0.001/0.049 secs] [Times: user=0.00 sys=0.02, real=0.05 secs] 
2014-07-10T09:57:39.657+0200: 5.805: [GC (CMS Final Remark) [YG occupancy: 4555 K (9792 K)]5.805: [Rescan (parallel) , 0.0001741 secs]5.805: [weak refs processing, 0.0000334 secs]5.805: [class unloading, 0.0004583 secs]5.806: [scrub symbol table, 0.0006079 secs]5.807: [scrub string table, 0.0002343 secs][1 CMS-remark: 20923K(21888K)] 25478K(31680K), 0.0016689 secs] [Times: user=0.00 sys=0.00, real=0.00 secs] 
2014-07-10T09:57:39.659+0200: 5.807: [CMS-concurrent-sweep-start]
2014-07-10T09:57:39.659+0200: 5.807: [CMS-concurrent-sweep: 0.000/0.000 secs] [Times: user=0.00 sys=0.00, real=0.00 secs] 
2014-07-10T09:57:39.659+0200: 5.807: [CMS-concurrent-reset-start]
2014-07-10T09:57:39.659+0200: 5.807: [CMS-concurrent-reset: 0.000/0.000 secs] [Times: user=0.00 sys=0.00, real=0.00 secs] 
2014-07-10T09:57:39.692+0200: 5.840: [GC (Allocation Failure) 5.840: [ParNew: 9755K->1059K(9792K), 0.0038833 secs] 20621K->16056K(31680K), 0.0040336 secs] [Times: user=0.00 sys=0.00, real=0.00 secs] 
2014-07-10T09:57:39.696+0200: 5.844: [GC (CMS Initial Mark) [1 CMS-initial-mark: 14997K(21888K)] 16088K(31680K), 0.0001862 secs] [Times: user=0.00 sys=0.00, real=0.00 secs] 
2014-07-10T09:57:39.696+0200: 5.844: [CMS-concurrent-mark-start]
2014-07-10T09:57:39.697+0200: 5.845: [CMS-concurrent-mark: 0.001/0.001 secs] [Times: user=0.03 sys=0.00, real=0.00 secs] 
2014-07-10T09:57:39.697+0200: 5.845: [CMS-concurrent-preclean-start]
2014-07-10T09:57:39.697+0200: 5.845: [CMS-concurrent-preclean: 0.000/0.000 secs] [Times: user=0.00 sys=0.00, real=0.00 secs] 
2014-07-10T09:57:39.697+0200: 5.845: [CMS-concurrent-abortable-preclean-start]
2014-07-10T09:57:39.744+0200: 5.892: [GC (Allocation Failure) 5.892: [ParNew: 9755K->1059K(9792K), 0.0071411 secs] 24753K->20668K(31680K), 0.0074190 secs] [Times: user=0.00 sys=0.00, real=0.01 secs] 
2014-07-10T09:57:39.761+0200: 5.909: [GC (Allocation Failure) 5.910: [ParNew: 9755K->9755K(9792K), 0.0001104 secs]5.910: [CMS2014-07-10T09:57:39.762+0200: 5.910: [CMS-concurrent-abortable-preclean: 0.002/0.065 secs] [Times: user=0.03 sys=0.00, real=0.07 secs] 
 (concurrent mode failure): 19608K->6474K(21888K), 0.0083701 secs] 29364K->6474K(31680K), [Metaspace: 2450K->2450K(1056768K)], 0.0087712 secs] [Times: user=0.00 sys=0.00, real=0.01 secs] 
2014-07-10T09:57:39.794+0200: 5.942: [GC (Allocation Failure) 5.942: [ParNew: 8694K->1059K(9792K), 0.0046470 secs] 15169K->13109K(31680K), 0.0048259 secs] [Times: user=0.00 sys=0.00, real=0.01 secs] 
2014-07-10T09:57:39.800+0200: 5.947: [GC (CMS Initial Mark) [1 CMS-initial-mark: 12049K(21888K)] 13141K(31680K), 0.0002240 secs] [Times: user=0.00 sys=0.00, real=0.00 secs] 
2014-07-10T09:57:39.800+0200: 5.948: [CMS-concurrent-mark-start]
2014-07-10T09:57:39.801+0200: 5.949: [CMS-concurrent-mark: 0.001/0.001 secs] [Times: user=0.00 sys=0.00, real=0.00 secs] 
2014-07-10T09:57:39.801+0200: 5.949: [CMS-concurrent-preclean-start]
2014-07-10T09:57:39.801+0200: 5.949: [CMS-concurrent-preclean: 0.000/0.000 secs] [Times: user=0.00 sys=0.00, real=0.00 secs] 
2014-07-10T09:57:39.827+0200: 5.975: [GC (CMS Final Remark) [YG occupancy: 2630 K (9792 K)]5.975: [Rescan (parallel) , 0.0002790 secs]5.976: [weak refs processing, 0.0000290 secs]5.976: [class unloading, 0.0003619 secs]5.976: [scrub symbol table, 0.0005661 secs]5.977: [scrub string table, 0.0001646 secs][1 CMS-remark: 12049K(21888K)] 14680K(31680K), 0.0015560 secs] [Times: user=0.00 sys=0.00, real=0.00 secs] 
2014-07-10T09:57:39.829+0200: 5.977: [CMS-concurrent-sweep-start]
2014-07-10T09:57:39.829+0200: 5.977: [CMS-concurrent-sweep: 0.000/0.000 secs] [Times: user=0.00 sys=0.00, real=0.00 secs] 
2014-07-10T09:57:39.829+0200: 5.977: [CMS-concurrent-reset-start]
2014-07-10T09:57:39.829+0200: 5.977: [CMS-concurrent-reset: 0.000/0.000 secs] [Times: user=0.00 sys=0.00, real=0.00 secs] 
2014-07-10T09:57:39.843+0200: 5.991: [GC (Allocation Failure) 5.991: [ParNew: 9745K->1059K(9792K), 0.0054965 secs] 15647K->13013K(31680K), 0.0057872 secs] [Times: user=0.00 sys=0.00, real=0.01 secs] 
2014-07-10T09:57:39.849+0200: 5.997: [GC (CMS Initial Mark) [1 CMS-initial-mark: 11953K(21888K)] 13045K(31680K), 0.0001837 secs] [Times: user=0.00 sys=0.00, real=0.00 secs] 
2014-07-10T09:57:39.849+0200: 5.997: [CMS-concurrent-mark-start]
2014-07-10T09:57:39.850+0200: 5.998: [CMS-concurrent-mark: 0.001/0.001 secs] [Times: user=0.00 sys=0.00, real=0.00 secs] 
2014-07-10T09:57:39.850+0200: 5.998: [CMS-concurrent-preclean-start]
2014-07-10T09:57:39.850+0200: 5.998: [CMS-concurrent-preclean: 0.000/0.000 secs] [Times: user=0.00 sys=0.00, real=0.00 secs] 
2014-07-10T09:57:39.850+0200: 5.998: [CMS-concurrent-abortable-preclean-start]
2014-07-10T09:57:39.853+0200: 6.001: [GC (Allocation Failure) 6.001: [ParNew: 9745K->1059K(9792K), 0.0052446 secs] 21699K->19545K(31680K), 0.0053813 secs] [Times: user=0.00 sys=0.00, real=0.01 secs] 
2014-07-10T09:57:39.892+0200: 6.040: [GC (Allocation Failure) 6.041: [ParNew: 9762K->9762K(9792K), 0.0000447 secs]6.041: [CMS2014-07-10T09:57:39.893+0200: 6.041: [CMS-concurrent-abortable-preclean: 0.001/0.043 secs] [Times: user=0.02 sys=0.00, real=0.04 secs] 
 (concurrent mode failure): 18485K->6732K(21888K), 0.0067360 secs] 28248K->6732K(31680K), [Metaspace: 2450K->2450K(1056768K)], 0.0069718 secs] [Times: user=0.00 sys=0.00, real=0.01 secs] 
2014-07-10T09:57:39.943+0200: 6.091: [GC (Allocation Failure) 6.091: [ParNew: 8686K->1059K(9792K), 0.0085075 secs] 15418K->13623K(31680K), 0.0092357 secs] [Times: user=0.03 sys=0.00, real=0.01 secs] 
2014-07-10T09:57:39.953+0200: 6.100: [GC (CMS Initial Mark) [1 CMS-initial-mark: 12563K(21888K)] 13689K(31680K), 0.0004231 secs] [Times: user=0.00 sys=0.00, real=0.00 secs] 
2014-07-10T09:57:39.953+0200: 6.101: [CMS-concurrent-mark-start]
2014-07-10T09:57:39.955+0200: 6.103: [CMS-concurrent-mark: 0.002/0.002 secs] [Times: user=0.00 sys=0.00, real=0.00 secs] 
2014-07-10T09:57:39.955+0200: 6.103: [CMS-concurrent-preclean-start]
2014-07-10T09:57:39.955+0200: 6.103: [CMS-concurrent-preclean: 0.000/0.000 secs] [Times: user=0.00 sys=0.00, real=0.00 secs] 
2014-07-10T09:57:39.955+0200: 6.103: [CMS-concurrent-abortable-preclean-start]
2014-07-10T09:57:39.959+0200: 6.107: [GC (Allocation Failure) 6.107: [ParNew: 9745K->1059K(9792K), 0.0109093 secs] 22309K->19931K(31680K), 0.0111656 secs] [Times: user=0.03 sys=0.00, real=0.01 secs] 
2014-07-10T09:57:39.993+0200: 6.141: [GC (Allocation Failure) 6.141: [ParNew: 9745K->9745K(9792K), 0.0000517 secs]6.141: [CMS2014-07-10T09:57:39.994+0200: 6.141: [CMS-concurrent-abortable-preclean: 0.002/0.038 secs] [Times: user=0.05 sys=0.00, real=0.04 secs] 
 (concurrent mode failure): 18871K->8173K(21888K), 0.0085963 secs] 28617K->8173K(31680K), [Metaspace: 2453K->2453K(1056768K)], 0.0088188 secs] [Times: user=0.00 sys=0.00, real=0.01 secs] 
2014-07-10T09:57:40.046+0200: 6.194: [GC (Allocation Failure) 6.194: [ParNew: 8688K->131K(9792K), 0.0012440 secs] 16861K->8304K(31680K), 0.0014463 secs] [Times: user=0.00 sys=0.00, real=0.00 secs] 
2014-07-10T09:57:40.091+0200: 6.239: [GC (Allocation Failure) 6.239: [ParNew: 8817K->613K(9792K), 0.0012920 secs] 16990K->8786K(31680K), 0.0014852 secs] [Times: user=0.00 sys=0.00, real=0.00 secs] 
2014-07-10T09:57:40.100+0200: 6.248: [GC (Allocation Failure) 6.248: [ParNew: 9317K->80K(9792K), 0.0011409 secs] 17490K->8261K(31680K), 0.0013415 secs] [Times: user=0.00 sys=0.00, real=0.00 secs] 
2014-07-10T09:57:40.146+0200: 6.294: [GC (Allocation Failure) 6.294: [ParNew: 8760K->37K(9792K), 0.0011556 secs] 16941K->8218K(31680K), 0.0013880 secs] [Times: user=0.00 sys=0.00, real=0.00 secs] 
2014-07-10T09:57:40.191+0200: 6.339: [GC (Allocation Failure) 6.339: [ParNew: 8723K->517K(9792K), 0.0005503 secs] 16904K->8698K(31680K), 0.0006189 secs] [Times: user=0.00 sys=0.00, real=0.00 secs] 
2014-07-10T09:57:40.241+0200: 6.389: [GC (Allocation Failure) 6.389: [ParNew: 9204K->999K(9792K), 0.0006115 secs] 17384K->9179K(31680K), 0.0006889 secs] [Times: user=0.00 sys=0.00, real=0.00 secs] 
2014-07-10T09:57:40.245+0200: 6.393: [GC (Allocation Failure) 6.393: [ParNew: 9685K->1059K(9792K), 0.0012029 secs] 17865K->9661K(31680K), 0.0013122 secs] [Times: user=0.00 sys=0.00, real=0.00 secs] 
2014-07-10T09:57:40.291+0200: 6.439: [GC (Allocation Failure) 6.439: [ParNew: 9745K->1059K(9792K), 0.0011743 secs] 18347K->10559K(31680K), 0.0012627 secs] [Times: user=0.00 sys=0.00, real=0.00 secs] 
2014-07-10T09:57:40.343+0200: 6.491: [GC (Allocation Failure) 6.491: [ParNew: 9745K->1059K(9792K), 0.0027248 secs] 19245K->11936K(31680K), 0.0029572 secs] [Times: user=0.00 sys=0.00, real=0.00 secs] 
2014-07-10T09:57:40.354+0200: 6.502: [GC (Allocation Failure) 6.502: [ParNew: 9751K->1061K(9792K), 0.0031350 secs] 20628K->13284K(31680K), 0.0033770 secs] [Times: user=0.00 sys=0.00, real=0.00 secs] 
2014-07-10T09:57:40.391+0200: 6.539: [GC (Allocation Failure) 6.539: [ParNew: 9751K->1059K(9792K), 0.0015453 secs] 21974K->14084K(31680K), 0.0016758 secs] [Times: user=0.00 sys=0.00, real=0.00 secs] 
2014-07-10T09:57:40.442+0200: 6.590: [GC (Allocation Failure) 6.591: [ParNew: 9745K->1059K(9792K), 0.0025733 secs] 22770K->15366K(31680K), 0.0028252 secs] [Times: user=0.00 sys=0.00, real=0.00 secs] 
2014-07-10T09:57:40.453+0200: 6.601: [GC (Allocation Failure) 6.602: [ParNew: 9745K->1059K(9792K), 0.0020344 secs] 24053K->17128K(31680K), 0.0023482 secs] [Times: user=0.00 sys=0.00, real=0.00 secs] 
2014-07-10T09:57:40.456+0200: 6.604: [GC (CMS Initial Mark) [1 CMS-initial-mark: 16069K(21888K)] 17226K(31680K), 0.0002456 secs] [Times: user=0.00 sys=0.00, real=0.00 secs] 
2014-07-10T09:57:40.456+0200: 6.604: [CMS-concurrent-mark-start]
2014-07-10T09:57:40.457+0200: 6.605: [CMS-concurrent-mark: 0.001/0.001 secs] [Times: user=0.00 sys=0.00, real=0.00 secs] 
2014-07-10T09:57:40.457+0200: 6.605: [CMS-concurrent-preclean-start]
2014-07-10T09:57:40.458+0200: 6.606: [CMS-concurrent-preclean: 0.000/0.000 secs] [Times: user=0.00 sys=0.00, real=0.00 secs] 
2014-07-10T09:57:40.458+0200: 6.606: [CMS-concurrent-abortable-preclean-start]
2014-07-10T09:57:40.492+0200: 6.640: [GC (Allocation Failure) 6.640: [ParNew: 9745K->1059K(9792K), 0.0019801 secs] 25814K->19370K(31680K), 0.0021429 secs] [Times: user=0.03 sys=0.00, real=0.00 secs] 
2014-07-10T09:57:40.542+0200: 6.690: [GC (Allocation Failure) 6.690: [ParNew: 9745K->1059K(9792K), 0.0026199 secs] 28057K->22093K(31680K), 0.0027768 secs] [Times: user=0.00 sys=0.00, real=0.00 secs] 
2014-07-10T09:57:40.545+0200: 6.693: [CMS-concurrent-abortable-preclean: 0.001/0.087 secs] [Times: user=0.03 sys=0.00, real=0.09 secs] 
2014-07-10T09:57:40.545+0200: 6.693: [GC (CMS Final Remark) [YG occupancy: 1253 K (9792 K)]6.693: [Rescan (parallel) , 0.0002137 secs]6.693: [weak refs processing, 0.0000363 secs]6.693: [class unloading, 0.0006537 secs]6.694: [scrub symbol table, 0.0007534 secs]6.695: [scrub string table, 0.0002383 secs][1 CMS-remark: 21033K(21888K)] 22287K(31680K), 0.0020700 secs] [Times: user=0.00 sys=0.00, real=0.00 secs] 
2014-07-10T09:57:40.547+0200: 6.695: [CMS-concurrent-sweep-start]
2014-07-10T09:57:40.547+0200: 6.695: [CMS-concurrent-sweep: 0.000/0.000 secs] [Times: user=0.00 sys=0.00, real=0.00 secs] 
2014-07-10T09:57:40.548+0200: 6.695: [CMS-concurrent-reset-start]
2014-07-10T09:57:40.548+0200: 6.696: [CMS-concurrent-reset: 0.000/0.000 secs] [Times: user=0.00 sys=0.00, real=0.00 secs] 
2014-07-10T09:57:40.551+0200: 6.699: [GC (Allocation Failure) 6.699: [ParNew: 9745K->1059K(9792K), 0.0036307 secs] 16805K->11322K(31680K), 0.0037935 secs] [Times: user=0.00 sys=0.00, real=0.00 secs] 
2014-07-10T09:57:40.555+0200: 6.703: [GC (CMS Initial Mark) [1 CMS-initial-mark: 10262K(21888K)] 11388K(31680K), 0.0002585 secs] [Times: user=0.00 sys=0.00, real=0.00 secs] 
2014-07-10T09:57:40.555+0200: 6.703: [CMS-concurrent-mark-start]
2014-07-10T09:57:40.556+0200: 6.704: [CMS-concurrent-mark: 0.001/0.001 secs] [Times: user=0.00 sys=0.00, real=0.00 secs] 
2014-07-10T09:57:40.556+0200: 6.704: [CMS-concurrent-preclean-start]
2014-07-10T09:57:40.556+0200: 6.704: [CMS-concurrent-preclean: 0.000/0.000 secs] [Times: user=0.00 sys=0.00, real=0.00 secs] 
2014-07-10T09:57:40.557+0200: 6.705: [CMS-concurrent-abortable-preclean-start]
2014-07-10T09:57:40.592+0200: 6.740: [GC (Allocation Failure) 6.740: [ParNew: 9749K->1059K(9792K), 0.0028139 secs] 20012K->13980K(31680K), 0.0029876 secs] [Times: user=0.00 sys=0.00, real=0.00 secs] 
2014-07-10T09:57:40.643+0200: 6.791: [GC (Allocation Failure) 6.791: [ParNew: 9745K->1059K(9792K), 0.0028960 secs] 22666K->17119K(31680K), 0.0030661 secs] [Times: user=0.00 sys=0.00, real=0.00 secs] 
2014-07-10T09:57:40.651+0200: 6.799: [GC (Allocation Failure) 6.799: [ParNew: 9745K->1059K(9792K), 0.0040329 secs] 25806K->20738K(31680K), 0.0041946 secs] [Times: user=0.00 sys=0.00, real=0.00 secs] 
2014-07-10T09:57:40.656+0200: 6.804: [CMS-concurrent-abortable-preclean: 0.002/0.100 secs] [Times: user=0.00 sys=0.01, real=0.10 secs] 
2014-07-10T09:57:40.656+0200: 6.804: [GC (CMS Final Remark) [YG occupancy: 4040 K (9792 K)]6.804: [Rescan (parallel) , 0.0001840 secs]6.805: [weak refs processing, 0.0000378 secs]6.805: [class unloading, 0.0005994 secs]6.805: [scrub symbol table, 0.0007545 secs]6.806: [scrub string table, 0.0002412 secs][1 CMS-remark: 19679K(21888K)] 23720K(31680K), 0.0019933 secs] [Times: user=0.00 sys=0.00, real=0.00 secs] 
2014-07-10T09:57:40.659+0200: 6.807: [CMS-concurrent-sweep-start]
2014-07-10T09:57:40.659+0200: 6.807: [CMS-concurrent-sweep: 0.000/0.000 secs] [Times: user=0.00 sys=0.00, real=0.00 secs] 
2014-07-10T09:57:40.659+0200: 6.807: [CMS-concurrent-reset-start]
2014-07-10T09:57:40.659+0200: 6.807: [CMS-concurrent-reset: 0.000/0.000 secs] [Times: user=0.00 sys=0.00, real=0.00 secs] 
2014-07-10T09:57:40.693+0200: 6.841: [GC (Allocation Failure) 6.841: [ParNew: 9745K->1059K(9792K), 0.0035456 secs] 22698K->18111K(31680K), 0.0037377 secs] [Times: user=0.03 sys=0.00, real=0.00 secs] 
2014-07-10T09:57:40.697+0200: 6.845: [GC (CMS Initial Mark) [1 CMS-initial-mark: 17051K(21888K)] 18143K(31680K), 0.0001833 secs] [Times: user=0.00 sys=0.00, real=0.00 secs] 
2014-07-10T09:57:40.697+0200: 6.845: [CMS-concurrent-mark-start]
2014-07-10T09:57:40.698+0200: 6.846: [CMS-concurrent-mark: 0.001/0.001 secs] [Times: user=0.00 sys=0.00, real=0.00 secs] 
2014-07-10T09:57:40.698+0200: 6.846: [CMS-concurrent-preclean-start]
2014-07-10T09:57:40.698+0200: 6.846: [CMS-concurrent-preclean: 0.000/0.000 secs] [Times: user=0.00 sys=0.00, real=0.00 secs] 
2014-07-10T09:57:40.698+0200: 6.846: [CMS-concurrent-abortable-preclean-start]
2014-07-10T09:57:40.742+0200: 6.890: [GC (Allocation Failure) 6.890: [ParNew: 9745K->1059K(9792K), 0.0044468 secs] 26797K->22690K(31680K), 0.0045993 secs] [Times: user=0.00 sys=0.00, real=0.00 secs] 
2014-07-10T09:57:40.747+0200: 6.895: [CMS-concurrent-abortable-preclean: 0.000/0.049 secs] [Times: user=0.01 sys=0.00, real=0.05 secs] 
2014-07-10T09:57:40.747+0200: 6.895: [GC (CMS Final Remark) [YG occupancy: 2150 K (9792 K)]6.895: [Rescan (parallel) , 0.0001624 secs]6.896: [weak refs processing, 0.0000282 secs]6.896: [class unloading, 0.0006354 secs]6.896: [scrub symbol table, 0.0006643 secs]6.897: [scrub string table, 0.0001917 secs][1 CMS-remark: 21631K(21888K)] 23781K(31680K), 0.0018232 secs] [Times: user=0.00 sys=0.00, real=0.00 secs] 
2014-07-10T09:57:40.749+0200: 6.897: [CMS-concurrent-sweep-start]
2014-07-10T09:57:40.750+0200: 6.898: [CMS-concurrent-sweep: 0.000/0.000 secs] [Times: user=0.00 sys=0.00, real=0.00 secs] 
2014-07-10T09:57:40.750+0200: 6.898: [CMS-concurrent-reset-start]
2014-07-10T09:57:40.750+0200: 6.898: [CMS-concurrent-reset: 0.000/0.000 secs] [Times: user=0.00 sys=0.00, real=0.00 secs] 
2014-07-10T09:57:40.753+0200: 6.901: [GC (Allocation Failure) 6.901: [ParNew: 9745K->1059K(9792K), 0.0043676 secs] 18758K->15131K(31680K), 0.0045022 secs] [Times: user=0.00 sys=0.02, real=0.00 secs] 
2014-07-10T09:57:40.758+0200: 6.906: [GC (CMS Initial Mark) [1 CMS-initial-mark: 14072K(21888K)] 16062K(31680K), 0.0002137 secs] [Times: user=0.00 sys=0.00, real=0.00 secs] 
2014-07-10T09:57:40.758+0200: 6.906: [CMS-concurrent-mark-start]
2014-07-10T09:57:40.759+0200: 6.907: [CMS-concurrent-mark: 0.001/0.001 secs] [Times: user=0.00 sys=0.00, real=0.00 secs] 
2014-07-10T09:57:40.759+0200: 6.907: [CMS-concurrent-preclean-start]
2014-07-10T09:57:40.759+0200: 6.907: [CMS-concurrent-preclean: 0.000/0.000 secs] [Times: user=0.00 sys=0.00, real=0.00 secs] 
2014-07-10T09:57:40.759+0200: 6.907: [CMS-concurrent-abortable-preclean-start]
2014-07-10T09:57:40.792+0200: 6.940: [GC (Allocation Failure) 6.940: [ParNew: 9745K->1059K(9792K), 0.0051034 secs] 23817K->20671K(31680K), 0.0052570 secs] [Times: user=0.00 sys=0.00, real=0.01 secs] 
2014-07-10T09:57:40.799+0200: 6.947: [CMS-concurrent-abortable-preclean: 0.001/0.040 secs] [Times: user=0.00 sys=0.00, real=0.04 secs] 
2014-07-10T09:57:40.799+0200: 6.947: [GC (CMS Final Remark) [YG occupancy: 2662 K (9792 K)]6.947: [Rescan (parallel) , 0.0001096 secs]6.947: [weak refs processing, 0.0000260 secs]6.947: [class unloading, 0.0004363 secs]6.948: [scrub symbol table, 0.0005532 secs]6.948: [scrub string table, 0.0001697 secs][1 CMS-remark: 19611K(21888K)] 22274K(31680K), 0.0014020 secs] [Times: user=0.00 sys=0.00, real=0.00 secs] 
2014-07-10T09:57:40.801+0200: 6.949: [CMS-concurrent-sweep-start]
2014-07-10T09:57:40.801+0200: 6.949: [CMS-concurrent-sweep: 0.000/0.000 secs] [Times: user=0.00 sys=0.00, real=0.00 secs] 
2014-07-10T09:57:40.801+0200: 6.949: [CMS-concurrent-reset-start]
2014-07-10T09:57:40.801+0200: 6.949: [CMS-concurrent-reset: 0.000/0.000 secs] [Times: user=0.00 sys=0.00, real=0.00 secs] 
2014-07-10T09:57:40.843+0200: 6.991: [GC (Allocation Failure) 6.991: [ParNew: 9745K->1059K(9792K), 0.0053810 secs] 20679K->18013K(31680K), 0.0055701 secs] [Times: user=0.00 sys=0.00, real=0.01 secs] 
2014-07-10T09:57:40.849+0200: 6.997: [GC (CMS Initial Mark) [1 CMS-initial-mark: 16953K(21888K)] 18045K(31680K), 0.0001782 secs] [Times: user=0.00 sys=0.00, real=0.00 secs] 
2014-07-10T09:57:40.849+0200: 6.997: [CMS-concurrent-mark-start]
2014-07-10T09:57:40.850+0200: 6.998: [CMS-concurrent-mark: 0.001/0.001 secs] [Times: user=0.00 sys=0.00, real=0.00 secs] 
2014-07-10T09:57:40.850+0200: 6.998: [CMS-concurrent-preclean-start]
2014-07-10T09:57:40.850+0200: 6.998: [CMS-concurrent-preclean: 0.000/0.000 secs] [Times: user=0.00 sys=0.00, real=0.00 secs] 
2014-07-10T09:57:40.850+0200: 6.998: [CMS-concurrent-abortable-preclean-start]
2014-07-10T09:57:40.853+0200: 7.001: [GC (Allocation Failure) 7.001: [ParNew: 9745K->9745K(9792K), 0.0000440 secs]7.001: [CMS2014-07-10T09:57:40.853+0200: 7.001: [CMS-concurrent-abortable-preclean: 0.000/0.003 secs] [Times: user=0.02 sys=0.00, real=0.00 secs] 
 (concurrent mode failure): 16953K->7888K(21888K), 0.0071639 secs] 26699K->7888K(31680K), [Metaspace: 2454K->2454K(1056768K)], 0.0073644 secs] [Times: user=0.00 sys=0.00, real=0.01 secs] 
2014-07-10T09:57:40.893+0200: 7.041: [GC (Allocation Failure) 7.041: [ParNew: 8674K->1060K(9792K), 0.0042939 secs] 16562K->13722K(31680K), 0.0044824 secs] [Times: user=0.00 sys=0.00, real=0.00 secs] 
2014-07-10T09:57:40.897+0200: 7.045: [GC (CMS Initial Mark) [1 CMS-initial-mark: 12662K(21888K)] 13754K(31680K), 0.0001862 secs] [Times: user=0.00 sys=0.00, real=0.00 secs] 
2014-07-10T09:57:40.898+0200: 7.046: [CMS-concurrent-mark-start]
2014-07-10T09:57:40.898+0200: 7.046: [CMS-concurrent-mark: 0.001/0.001 secs] [Times: user=0.00 sys=0.00, real=0.00 secs] 
2014-07-10T09:57:40.898+0200: 7.046: [CMS-concurrent-preclean-start]
2014-07-10T09:57:40.898+0200: 7.046: [CMS-concurrent-preclean: 0.000/0.000 secs] [Times: user=0.00 sys=0.00, real=0.00 secs] 
2014-07-10T09:57:40.899+0200: 7.047: [GC (CMS Final Remark) [YG occupancy: 3433 K (9792 K)]7.047: [Rescan (parallel) , 0.0001910 secs]7.047: [weak refs processing, 0.0000271 secs]7.047: [class unloading, 0.0004814 secs]7.047: [scrub symbol table, 0.0007010 secs]7.048: [scrub string table, 0.0002042 secs][1 CMS-remark: 12662K(21888K)] 16095K(31680K), 0.0017400 secs] [Times: user=0.00 sys=0.00, real=0.00 secs] 
2014-07-10T09:57:40.901+0200: 7.049: [CMS-concurrent-sweep-start]
2014-07-10T09:57:40.901+0200: 7.049: [CMS-concurrent-sweep: 0.000/0.000 secs] [Times: user=0.00 sys=0.00, real=0.00 secs] 
2014-07-10T09:57:40.901+0200: 7.049: [CMS-concurrent-reset-start]
2014-07-10T09:57:40.901+0200: 7.049: [CMS-concurrent-reset: 0.000/0.000 secs] [Times: user=0.00 sys=0.00, real=0.00 secs] 
2014-07-10T09:57:40.945+0200: 7.093: [GC (Allocation Failure) 7.093: [ParNew: 9746K->1059K(9792K), 0.0087554 secs] 14852K->11419K(31680K), 0.0090194 secs] [Times: user=0.00 sys=0.00, real=0.01 secs] 
2014-07-10T09:57:40.955+0200: 7.103: [GC (CMS Initial Mark) [1 CMS-initial-mark: 10359K(21888K)] 11485K(31680K), 0.0003696 secs] [Times: user=0.00 sys=0.00, real=0.00 secs] 
2014-07-10T09:57:40.955+0200: 7.103: [CMS-concurrent-mark-start]
2014-07-10T09:57:40.957+0200: 7.105: [CMS-concurrent-mark: 0.002/0.002 secs] [Times: user=0.00 sys=0.00, real=0.00 secs] 
2014-07-10T09:57:40.957+0200: 7.105: [CMS-concurrent-preclean-start]
2014-07-10T09:57:40.958+0200: 7.106: [CMS-concurrent-preclean: 0.000/0.000 secs] [Times: user=0.00 sys=0.00, real=0.00 secs] 
2014-07-10T09:57:40.958+0200: 7.106: [CMS-concurrent-abortable-preclean-start]
2014-07-10T09:57:40.962+0200: 7.110: [GC (Allocation Failure) 7.110: [ParNew: 9745K->1059K(9792K), 0.0058902 secs] 20105K->17151K(31680K), 0.0060794 secs] [Times: user=0.00 sys=0.00, real=0.01 secs] 
2014-07-10T09:57:40.993+0200: 7.142: [GC (Allocation Failure) 7.142: [ParNew: 9745K->9745K(9792K), 0.0000572 secs]7.142: [CMS2014-07-10T09:57:40.994+0200: 7.142: [CMS-concurrent-abortable-preclean: 0.001/0.036 secs] [Times: user=0.03 sys=0.00, real=0.04 secs] 
 (concurrent mode failure): 16091K->7602K(21888K), 0.0081589 secs] 25837K->7602K(31680K), [Metaspace: 2454K->2454K(1056768K)], 0.0084243 secs] [Times: user=0.00 sys=0.00, real=0.01 secs] 
2014-07-10T09:57:41.043+0200: 7.191: [GC (Allocation Failure) 7.191: [ParNew: 8686K->1059K(9792K), 0.0067554 secs] 16288K->15357K(31680K), 0.0069248 secs] [Times: user=0.00 sys=0.00, real=0.01 secs] 
2014-07-10T09:57:41.050+0200: 7.198: [GC (CMS Initial Mark) [1 CMS-initial-mark: 14297K(21888K)] 15423K(31680K), 0.0002636 secs] [Times: user=0.00 sys=0.00, real=0.00 secs] 
2014-07-10T09:57:41.051+0200: 7.199: [CMS-concurrent-mark-start]
2014-07-10T09:57:41.052+0200: 7.200: [CMS-concurrent-mark: 0.001/0.001 secs] [Times: user=0.00 sys=0.00, real=0.00 secs] 
2014-07-10T09:57:41.052+0200: 7.200: [CMS-concurrent-preclean-start]
2014-07-10T09:57:41.052+0200: 7.200: [CMS-concurrent-preclean: 0.000/0.000 secs] [Times: user=0.00 sys=0.00, real=0.00 secs] 
2014-07-10T09:57:41.052+0200: 7.200: [CMS-concurrent-abortable-preclean-start]
2014-07-10T09:57:41.091+0200: 7.239: [GC (Allocation Failure) 7.239: [ParNew: 9747K->9747K(9792K), 0.0001159 secs]7.239: [CMS2014-07-10T09:57:41.092+0200: 7.240: [CMS-concurrent-abortable-preclean: 0.000/0.040 secs] [Times: user=0.02 sys=0.00, real=0.04 secs] 
 (concurrent mode failure): 14297K->366K(21888K), 0.0068574 secs] 24045K->366K(31680K), [Metaspace: 2454K->2454K(1056768K)], 0.0072687 secs] [Times: user=0.00 sys=0.00, real=0.01 secs] 
2014-07-10T09:57:41.105+0200: 7.253: [GC (Allocation Failure) 7.253: [ParNew: 8697K->523K(9792K), 0.0013968 secs] 9063K->890K(31680K), 0.0015945 secs] [Times: user=0.00 sys=0.00, real=0.00 secs] 
2014-07-10T09:57:41.146+0200: 7.294: [GC (Allocation Failure) 7.294: [ParNew: 9202K->1061K(9792K), 0.0073530 secs] 9569K->8540K(31680K), 0.0075133 secs] [Times: user=0.03 sys=0.00, real=0.01 secs] 
2014-07-10T09:57:41.154+0200: 7.302: [GC (CMS Initial Mark) [1 CMS-initial-mark: 7478K(21888K)] 8572K(31680K), 0.0002299 secs] [Times: user=0.00 sys=0.00, real=0.00 secs] 
2014-07-10T09:57:41.154+0200: 7.302: [CMS-concurrent-mark-start]
2014-07-10T09:57:41.155+0200: 7.303: [CMS-concurrent-mark: 0.001/0.001 secs] [Times: user=0.00 sys=0.00, real=0.00 secs] 
2014-07-10T09:57:41.155+0200: 7.303: [CMS-concurrent-preclean-start]
2014-07-10T09:57:41.156+0200: 7.304: [CMS-concurrent-preclean: 0.000/0.000 secs] [Times: user=0.00 sys=0.00, real=0.00 secs] 
2014-07-10T09:57:41.156+0200: 7.304: [CMS-concurrent-abortable-preclean-start]
2014-07-10T09:57:41.191+0200: 7.339: [GC (Allocation Failure) 7.339: [ParNew: 9750K->453K(9792K), 0.0005063 secs] 17228K->7933K(31680K), 0.0005815 secs] [Times: user=0.00 sys=0.00, real=0.00 secs] 
2014-07-10T09:57:41.246+0200: 7.394: [GC (Allocation Failure) 7.394: [ParNew: 9139K->932K(9792K), 0.0216199 secs] 16619K->8412K(31680K), 0.0217354 secs] [Times: user=0.02 sys=0.00, real=0.02 secs] 
2014-07-10T09:57:41.274+0200: 7.422: [GC (Allocation Failure) 7.422: [ParNew: 9618K->1059K(9792K), 0.0012718 secs] 17098K->8895K(31680K), 0.0013616 secs] [Times: user=0.00 sys=0.00, real=0.00 secs] 
2014-07-10T09:57:41.291+0200: 7.439: [GC (Allocation Failure) 7.439: [ParNew: 9745K->1059K(9792K), 0.0013433 secs] 17581K->9728K(31680K), 0.0014471 secs] [Times: user=0.00 sys=0.00, real=0.00 secs] 
2014-07-10T09:57:41.341+0200: 7.489: [GC (Allocation Failure) 7.489: [ParNew: 9745K->1059K(9792K), 0.0011061 secs] 18414K->11042K(31680K), 0.0012099 secs] [Times: user=0.00 sys=0.00, real=0.00 secs] 
2014-07-10T09:57:41.347+0200: 7.495: [GC (Allocation Failure) 7.495: [ParNew: 9755K->1061K(9792K), 0.0011156 secs] 19737K->11301K(31680K), 0.0012234 secs] [Times: user=0.00 sys=0.00, real=0.00 secs] 
2014-07-10T09:57:41.391+0200: 7.539: [GC (Allocation Failure) 7.539: [ParNew: 9747K->1059K(9792K), 0.0009283 secs] 19987K->12038K(31680K), 0.0010192 secs] [Times: user=0.00 sys=0.00, real=0.00 secs] 
2014-07-10T09:57:41.441+0200: 7.589: [GC (Allocation Failure) 7.589: [ParNew: 9745K->1059K(9792K), 0.0010702 secs] 20724K->13255K(31680K), 0.0011699 secs] [Times: user=0.00 sys=0.00, real=0.00 secs] 
2014-07-10T09:57:41.449+0200: 7.597: [GC (Allocation Failure) 7.597: [ParNew: 9745K->1059K(9792K), 0.0018485 secs] 21942K->14953K(31680K), 0.0019834 secs] [Times: user=0.00 sys=0.00, real=0.00 secs] 
2014-07-10T09:57:41.492+0200: 7.640: [GC (Allocation Failure) 7.640: [ParNew: 9745K->1059K(9792K), 0.0017723 secs] 23639K->17131K(31680K), 0.0019182 secs] [Times: user=0.00 sys=0.00, real=0.00 secs] 
2014-07-10T09:57:41.542+0200: 7.690: [GC (Allocation Failure) 7.690: [ParNew: 9745K->1059K(9792K), 0.0024403 secs] 25818K->19790K(31680K), 0.0025931 secs] [Times: user=0.00 sys=0.00, real=0.00 secs] 
2014-07-10T09:57:41.549+0200: 7.697: [GC (Allocation Failure) 7.697: [ParNew: 9745K->9745K(9792K), 0.0000455 secs]7.697: [CMS2014-07-10T09:57:41.549+0200: 7.697: [CMS-concurrent-abortable-preclean: 0.003/0.393 secs] [Times: user=0.06 sys=0.00, real=0.39 secs] 
 (concurrent mode failure): 18730K->4530K(21888K), 0.0061219 secs] 28476K->4530K(31680K), [Metaspace: 2454K->2454K(1056768K)], 0.0063162 secs] [Times: user=0.00 sys=0.00, real=0.01 secs] 
2014-07-10T09:57:41.592+0200: 7.740: [GC (Allocation Failure) 7.740: [ParNew: 8686K->1059K(9792K), 0.0036725 secs] 13216K->9212K(31680K), 0.0038129 secs] [Times: user=0.00 sys=0.00, real=0.00 secs] 
2014-07-10T09:57:41.642+0200: 7.790: [GC (Allocation Failure) 7.790: [ParNew: 9755K->1061K(9792K), 0.0023145 secs] 17907K->11776K(31680K), 0.0024509 secs] [Times: user=0.00 sys=0.00, real=0.00 secs] 
2014-07-10T09:57:41.649+0200: 7.797: [GC (Allocation Failure) 7.797: [ParNew: 9747K->1059K(9792K), 0.0029814 secs] 20462K->14818K(31680K), 0.0031383 secs] [Times: user=0.00 sys=0.00, real=0.00 secs] 
2014-07-10T09:57:41.652+0200: 7.800: [GC (CMS Initial Mark) [1 CMS-initial-mark: 13758K(21888K)] 14850K(31680K), 0.0002988 secs] [Times: user=0.00 sys=0.00, real=0.00 secs] 
2014-07-10T09:57:41.653+0200: 7.801: [CMS-concurrent-mark-start]
2014-07-10T09:57:41.653+0200: 7.801: [CMS-concurrent-mark: 0.001/0.001 secs] [Times: user=0.00 sys=0.00, real=0.00 secs] 
2014-07-10T09:57:41.653+0200: 7.801: [CMS-concurrent-preclean-start]
2014-07-10T09:57:41.653+0200: 7.801: [CMS-concurrent-preclean: 0.000/0.000 secs] [Times: user=0.00 sys=0.00, real=0.00 secs] 
2014-07-10T09:57:41.653+0200: 7.801: [CMS-concurrent-abortable-preclean-start]
2014-07-10T09:57:41.692+0200: 7.840: [GC (Allocation Failure) 7.840: [ParNew: 9745K->1059K(9792K), 0.0032373 secs] 23504K->18340K(31680K), 0.0033825 secs] [Times: user=0.03 sys=0.00, real=0.00 secs] 
2014-07-10T09:57:41.742+0200: 7.890: [GC (Allocation Failure) 7.890: [ParNew: 9745K->1059K(9792K), 0.0054895 secs] 27027K->22343K(31680K), 0.0056893 secs] [Times: user=0.00 sys=0.00, real=0.01 secs] 
2014-07-10T09:57:41.748+0200: 7.896: [CMS-concurrent-abortable-preclean: 0.001/0.094 secs] [Times: user=0.03 sys=0.00, real=0.09 secs] 
2014-07-10T09:57:41.748+0200: 7.896: [GC (CMS Final Remark) [YG occupancy: 1285 K (9792 K)]7.896: [Rescan (parallel) , 0.0006046 secs]7.897: [weak refs processing, 0.0000616 secs]7.897: [class unloading, 0.0010141 secs]7.898: [scrub symbol table, 0.0012583 secs]7.899: [scrub string table, 0.0004935 secs][1 CMS-remark: 21284K(21888K)] 22569K(31680K), 0.0037960 secs] [Times: user=0.00 sys=0.00, real=0.00 secs] 
2014-07-10T09:57:41.752+0200: 7.900: [CMS-concurrent-sweep-start]
2014-07-10T09:57:41.753+0200: 7.901: [CMS-concurrent-sweep: 0.001/0.001 secs] [Times: user=0.00 sys=0.00, real=0.00 secs] 
2014-07-10T09:57:41.753+0200: 7.901: [CMS-concurrent-reset-start]
2014-07-10T09:57:41.754+0200: 7.902: [CMS-concurrent-reset: 0.000/0.000 secs] [Times: user=0.00 sys=0.00, real=0.00 secs] 
2014-07-10T09:57:41.759+0200: 7.907: [GC (Allocation Failure) 7.907: [ParNew: 9745K->1059K(9792K), 0.0073739 secs] 20653K->16450K(31680K), 0.0076401 secs] [Times: user=0.00 sys=0.00, real=0.01 secs] 
2014-07-10T09:57:41.767+0200: 7.915: [GC (CMS Initial Mark) [1 CMS-initial-mark: 15391K(21888K)] 16516K(31680K), 0.0003831 secs] [Times: user=0.00 sys=0.00, real=0.00 secs] 
2014-07-10T09:57:41.767+0200: 7.915: [CMS-concurrent-mark-start]
2014-07-10T09:57:41.769+0200: 7.918: [CMS-concurrent-mark: 0.002/0.002 secs] [Times: user=0.00 sys=0.00, real=0.00 secs] 
2014-07-10T09:57:41.770+0200: 7.918: [CMS-concurrent-preclean-start]
2014-07-10T09:57:41.770+0200: 7.918: [CMS-concurrent-preclean: 0.000/0.000 secs] [Times: user=0.00 sys=0.00, real=0.00 secs] 
2014-07-10T09:57:41.770+0200: 7.918: [CMS-concurrent-abortable-preclean-start]
2014-07-10T09:57:41.794+0200: 7.942: [GC (Allocation Failure) 7.942: [ParNew: 9745K->1059K(9792K), 0.0046396 secs] 25137K->21414K(31680K), 0.0048813 secs] [Times: user=0.00 sys=0.00, real=0.01 secs] 
2014-07-10T09:57:41.801+0200: 7.949: [CMS-concurrent-abortable-preclean: 0.001/0.031 secs] [Times: user=0.00 sys=0.00, real=0.03 secs] 
2014-07-10T09:57:41.801+0200: 7.949: [GC (CMS Final Remark) [YG occupancy: 3240 K (9792 K)]7.949: [Rescan (parallel) , 0.0001478 secs]7.949: [weak refs processing, 0.0000418 secs]7.949: [class unloading, 0.0007483 secs]7.950: [scrub symbol table, 0.0010610 secs]7.951: [scrub string table, 0.0002841 secs][1 CMS-remark: 20354K(21888K)] 23595K(31680K), 0.0025334 secs] [Times: user=0.00 sys=0.00, real=0.00 secs] 
2014-07-10T09:57:41.803+0200: 7.951: [CMS-concurrent-sweep-start]
2014-07-10T09:57:41.804+0200: 7.952: [CMS-concurrent-sweep: 0.000/0.000 secs] [Times: user=0.00 sys=0.00, real=0.00 secs] 
2014-07-10T09:57:41.804+0200: 7.952: [CMS-concurrent-reset-start]
2014-07-10T09:57:41.804+0200: 7.952: [CMS-concurrent-reset: 0.000/0.000 secs] [Times: user=0.00 sys=0.00, real=0.00 secs] 
2014-07-10T09:57:41.842+0200: 7.990: [GC (Allocation Failure) 7.990: [ParNew: 9745K->1059K(9792K), 0.0049960 secs] 19532K->16289K(31680K), 0.0051555 secs] [Times: user=0.00 sys=0.00, real=0.00 secs] 
2014-07-10T09:57:41.848+0200: 7.996: [GC (CMS Initial Mark) [1 CMS-initial-mark: 15230K(21888K)] 16321K(31680K), 0.0001782 secs] [Times: user=0.00 sys=0.00, real=0.00 secs] 
2014-07-10T09:57:41.848+0200: 7.996: [CMS-concurrent-mark-start]
2014-07-10T09:57:41.849+0200: 7.997: [CMS-concurrent-mark: 0.001/0.001 secs] [Times: user=0.00 sys=0.00, real=0.00 secs] 
2014-07-10T09:57:41.849+0200: 7.997: [CMS-concurrent-preclean-start]
2014-07-10T09:57:41.849+0200: 7.997: [CMS-concurrent-preclean: 0.000/0.000 secs] [Times: user=0.00 sys=0.00, real=0.00 secs] 
2014-07-10T09:57:41.849+0200: 7.997: [CMS-concurrent-abortable-preclean-start]
2014-07-10T09:57:41.851+0200: 7.999: [GC (Allocation Failure) 7.999: [ParNew: 9745K->1059K(9792K), 0.0064361 secs] 24975K->22213K(31680K), 0.0065831 secs] [Times: user=0.00 sys=0.00, real=0.01 secs] 
2014-07-10T09:57:41.858+0200: 8.006: [CMS-concurrent-abortable-preclean: 0.000/0.009 secs] [Times: user=0.02 sys=0.00, real=0.01 secs] 
2014-07-10T09:57:41.858+0200: 8.006: [GC (CMS Final Remark) [YG occupancy: 1381 K (9792 K)]8.006: [Rescan (parallel) , 0.0001540 secs]8.007: [weak refs processing, 0.0000418 secs]8.007: [class unloading, 0.0004359 secs]8.007: [scrub symbol table, 0.0005760 secs]8.008: [scrub string table, 0.0001694 secs][1 CMS-remark: 21154K(21888K)] 22535K(31680K), 0.0014969 secs] [Times: user=0.00 sys=0.00, real=0.00 secs] 
2014-07-10T09:57:41.860+0200: 8.008: [CMS-concurrent-sweep-start]
2014-07-10T09:57:41.860+0200: 8.008: [CMS-concurrent-sweep: 0.000/0.000 secs] [Times: user=0.00 sys=0.00, real=0.00 secs] 
2014-07-10T09:57:41.860+0200: 8.008: [CMS-concurrent-reset-start]
2014-07-10T09:57:41.860+0200: 8.008: [CMS-concurrent-reset: 0.000/0.000 secs] [Times: user=0.00 sys=0.00, real=0.00 secs] 
2014-07-10T09:57:41.892+0200: 8.040: [GC (Allocation Failure) 8.040: [ParNew: 9760K->1059K(9792K), 0.0044541 secs] 21468K->17506K(31680K), 0.0046096 secs] [Times: user=0.03 sys=0.00, real=0.01 secs] 
2014-07-10T09:57:41.897+0200: 8.045: [GC (CMS Initial Mark) [1 CMS-initial-mark: 16446K(21888K)] 17538K(31680K), 0.0001851 secs] [Times: user=0.00 sys=0.00, real=0.00 secs] 
2014-07-10T09:57:41.897+0200: 8.045: [CMS-concurrent-mark-start]
2014-07-10T09:57:41.898+0200: 8.046: [CMS-concurrent-mark: 0.001/0.001 secs] [Times: user=0.00 sys=0.00, real=0.00 secs] 
2014-07-10T09:57:41.898+0200: 8.046: [CMS-concurrent-preclean-start]
2014-07-10T09:57:41.898+0200: 8.046: [CMS-concurrent-preclean: 0.000/0.000 secs] [Times: user=0.00 sys=0.00, real=0.00 secs] 
2014-07-10T09:57:41.898+0200: 8.046: [CMS-concurrent-abortable-preclean-start]
2014-07-10T09:57:41.943+0200: 8.091: [GC (Allocation Failure) 8.091: [ParNew: 9745K->9745K(9792K), 0.0000829 secs]8.091: [CMS2014-07-10T09:57:41.943+0200: 8.091: [CMS-concurrent-abortable-preclean: 0.000/0.045 secs] [Times: user=0.00 sys=0.00, real=0.05 secs] 
 (concurrent mode failure): 16446K->6614K(21888K), 0.0080188 secs] 26192K->6614K(31680K), [Metaspace: 2457K->2457K(1056768K)], 0.0083033 secs] [Times: user=0.00 sys=0.00, real=0.01 secs] 
2014-07-10T09:57:41.957+0200: 8.105: [GC (Allocation Failure) 8.105: [ParNew: 8686K->1059K(9792K), 0.0056292 secs] 15300K->13376K(31680K), 0.0057740 secs] [Times: user=0.02 sys=0.00, real=0.00 secs] 
2014-07-10T09:57:41.963+0200: 8.111: [GC (CMS Initial Mark) [1 CMS-initial-mark: 12317K(21888K)] 13408K(31680K), 0.0001914 secs] [Times: user=0.00 sys=0.00, real=0.00 secs] 
2014-07-10T09:57:41.963+0200: 8.111: [CMS-concurrent-mark-start]
2014-07-10T09:57:41.963+0200: 8.111: [CMS-concurrent-mark: 0.001/0.001 secs] [Times: user=0.00 sys=0.00, real=0.00 secs] 
2014-07-10T09:57:41.963+0200: 8.111: [CMS-concurrent-preclean-start]
2014-07-10T09:57:41.964+0200: 8.112: [CMS-concurrent-preclean: 0.000/0.000 secs] [Times: user=0.00 sys=0.00, real=0.00 secs] 
2014-07-10T09:57:41.964+0200: 8.112: [GC (CMS Final Remark) [YG occupancy: 2502 K (9792 K)]8.112: [Rescan (parallel) , 0.0000906 secs]8.112: [weak refs processing, 0.0000253 secs]8.112: [class unloading, 0.0004029 secs]8.112: [scrub symbol table, 0.0005503 secs]8.113: [scrub string table, 0.0001653 secs][1 CMS-remark: 12317K(21888K)] 14819K(31680K), 0.0013433 secs] [Times: user=0.00 sys=0.00, real=0.00 secs] 
2014-07-10T09:57:41.965+0200: 8.113: [CMS-concurrent-sweep-start]
2014-07-10T09:57:41.965+0200: 8.113: [CMS-concurrent-sweep: 0.000/0.000 secs] [Times: user=0.00 sys=0.00, real=0.00 secs] 
2014-07-10T09:57:41.965+0200: 8.113: [CMS-concurrent-reset-start]
2014-07-10T09:57:41.965+0200: 8.113: [CMS-concurrent-reset: 0.000/0.000 secs] [Times: user=0.00 sys=0.00, real=0.00 secs] 
2014-07-10T09:57:41.994+0200: 8.142: [GC (Allocation Failure) 8.142: [ParNew: 9745K->1059K(9792K), 0.0051709 secs] 15787K->13280K(31680K), 0.0053674 secs] [Times: user=0.00 sys=0.00, real=0.01 secs] 
2014-07-10T09:57:41.999+0200: 8.147: [GC (CMS Initial Mark) [1 CMS-initial-mark: 12221K(21888K)] 13346K(31680K), 0.0002093 secs] [Times: user=0.00 sys=0.00, real=0.00 secs] 
2014-07-10T09:57:42.000+0200: 8.148: [CMS-concurrent-mark-start]
2014-07-10T09:57:42.000+0200: 8.148: [CMS-concurrent-mark: 0.001/0.001 secs] [Times: user=0.00 sys=0.00, real=0.00 secs] 
2014-07-10T09:57:42.000+0200: 8.148: [CMS-concurrent-preclean-start]
2014-07-10T09:57:42.000+0200: 8.148: [CMS-concurrent-preclean: 0.000/0.000 secs] [Times: user=0.00 sys=0.00, real=0.00 secs] 
2014-07-10T09:57:42.000+0200: 8.149: [GC (CMS Final Remark) [YG occupancy: 2022 K (9792 K)]8.149: [Rescan (parallel) , 0.0000788 secs]8.149: [weak refs processing, 0.0000260 secs]8.149: [class unloading, 0.0003916 secs]8.149: [scrub symbol table, 0.0005503 secs]8.150: [scrub string table, 0.0001635 secs][1 CMS-remark: 12221K(21888K)] 14243K(31680K), 0.0013279 secs] [Times: user=0.00 sys=0.00, real=0.00 secs] 
2014-07-10T09:57:42.002+0200: 8.150: [CMS-concurrent-sweep-start]
2014-07-10T09:57:42.002+0200: 8.150: [CMS-concurrent-sweep: 0.000/0.000 secs] [Times: user=0.00 sys=0.00, real=0.00 secs] 
2014-07-10T09:57:42.002+0200: 8.150: [CMS-concurrent-reset-start]
2014-07-10T09:57:42.002+0200: 8.150: [CMS-concurrent-reset: 0.000/0.000 secs] [Times: user=0.00 sys=0.00, real=0.00 secs] 
2014-07-10T09:57:42.045+0200: 8.193: [GC (Allocation Failure) 8.193: [ParNew: 9745K->1059K(9792K), 0.0050987 secs] 16267K->14241K(31680K), 0.0052512 secs] [Times: user=0.00 sys=0.00, real=0.00 secs] 
2014-07-10T09:57:42.051+0200: 8.199: [GC (CMS Initial Mark) [1 CMS-initial-mark: 13181K(21888K)] 14307K(31680K), 0.0001848 secs] [Times: user=0.00 sys=0.00, real=0.00 secs] 
2014-07-10T09:57:42.051+0200: 8.199: [CMS-concurrent-mark-start]
2014-07-10T09:57:42.051+0200: 8.199: [CMS-concurrent-mark: 0.001/0.001 secs] [Times: user=0.00 sys=0.00, real=0.00 secs] 
2014-07-10T09:57:42.051+0200: 8.199: [CMS-concurrent-preclean-start]
2014-07-10T09:57:42.052+0200: 8.200: [CMS-concurrent-preclean: 0.000/0.000 secs] [Times: user=0.00 sys=0.00, real=0.00 secs] 
2014-07-10T09:57:42.052+0200: 8.200: [CMS-concurrent-abortable-preclean-start]
2014-07-10T09:57:42.091+0200: 8.239: [GC (Allocation Failure) 8.239: [ParNew: 9745K->3K(9792K), 0.0005364 secs] 22927K->13185K(31680K), 0.0006163 secs] [Times: user=0.00 sys=0.00, real=0.00 secs] 
2014-07-10T09:57:42.095+0200: 8.243: [GC (Allocation Failure) 8.243: [ParNew: 8705K->8705K(9792K), 0.0000440 secs]8.243: [CMS2014-07-10T09:57:42.095+0200: 8.243: [CMS-concurrent-abortable-preclean: 0.000/0.043 secs] [Times: user=0.00 sys=0.00, real=0.04 secs] 
 (concurrent mode failure): 13182K->835K(21888K), 0.0033275 secs] 21888K->835K(31680K), [Metaspace: 2457K->2457K(1056768K)], 0.0035086 secs] [Times: user=0.00 sys=0.00, real=0.00 secs] 
2014-07-10T09:57:42.147+0200: 8.295: [GC (Allocation Failure) 8.296: [ParNew: 8673K->1059K(9792K), 0.0165821 secs] 9508K->8975K(31680K), 0.0168519 secs] [Times: user=0.02 sys=0.00, real=0.02 secs] 
2014-07-10T09:57:42.165+0200: 8.313: [GC (CMS Initial Mark) [1 CMS-initial-mark: 7915K(21888K)] 9617K(31680K), 0.0008652 secs] [Times: user=0.00 sys=0.00, real=0.00 secs] 
2014-07-10T09:57:42.166+0200: 8.314: [CMS-concurrent-mark-start]
2014-07-10T09:57:42.167+0200: 8.315: [CMS-concurrent-mark: 0.001/0.001 secs] [Times: user=0.00 sys=0.00, real=0.00 secs] 
2014-07-10T09:57:42.167+0200: 8.315: [CMS-concurrent-preclean-start]
2014-07-10T09:57:42.167+0200: 8.315: [CMS-concurrent-preclean: 0.000/0.000 secs] [Times: user=0.00 sys=0.00, real=0.00 secs] 
2014-07-10T09:57:42.167+0200: 8.315: [CMS-concurrent-abortable-preclean-start]
2014-07-10T09:57:42.191+0200: 8.339: [GC (Allocation Failure) 8.339: [ParNew: 9747K->421K(9792K), 0.0005334 secs] 17663K->8337K(31680K), 0.0006207 secs] [Times: user=0.00 sys=0.00, real=0.00 secs] 
2014-07-10T09:57:42.241+0200: 8.389: [GC (Allocation Failure) 8.389: [ParNew: 9107K->900K(9792K), 0.0014317 secs] 17024K->8817K(31680K), 0.0015274 secs] [Times: user=0.00 sys=0.00, real=0.00 secs] 
2014-07-10T09:57:42.247+0200: 8.395: [GC (Allocation Failure) 8.395: [ParNew: 9586K->1059K(9792K), 0.0019673 secs] 17503K->9299K(31680K), 0.0021008 secs] [Times: user=0.00 sys=0.00, real=0.00 secs] 
2014-07-10T09:57:42.291+0200: 8.439: [GC (Allocation Failure) 8.439: [ParNew: 9745K->1059K(9792K), 0.0009268 secs] 17985K->10100K(31680K), 0.0010049 secs] [Times: user=0.00 sys=0.00, real=0.00 secs] 
2014-07-10T09:57:42.342+0200: 8.490: [GC (Allocation Failure) 8.490: [ParNew: 9745K->1059K(9792K), 0.0016322 secs] 18787K->11382K(31680K), 0.0017704 secs] [Times: user=0.00 sys=0.00, real=0.00 secs] 
2014-07-10T09:57:42.348+0200: 8.496: [GC (Allocation Failure) 8.496: [ParNew: 9755K->1061K(9792K), 0.0009617 secs] 20078K->11609K(31680K), 0.0010584 secs] [Times: user=0.03 sys=0.00, real=0.00 secs] 
2014-07-10T09:57:42.391+0200: 8.539: [GC (Allocation Failure) 8.539: [ParNew: 9753K->1059K(9792K), 0.0007497 secs] 20301K->11802K(31680K), 0.0008297 secs] [Times: user=0.00 sys=0.00, real=0.00 secs] 
2014-07-10T09:57:42.442+0200: 8.590: [GC (Allocation Failure) 8.590: [ParNew: 9745K->1059K(9792K), 0.0023277 secs] 20488K->12475K(31680K), 0.0025326 secs] [Times: user=0.00 sys=0.00, real=0.00 secs] 
2014-07-10T09:57:42.452+0200: 8.600: [GC (Allocation Failure) 8.600: [ParNew: 9745K->1059K(9792K), 0.0032003 secs] 21162K->13629K(31680K), 0.0034507 secs] [Times: user=0.00 sys=0.00, real=0.00 secs] 
2014-07-10T09:57:42.491+0200: 8.640: [GC (Allocation Failure) 8.640: [ParNew: 9745K->1059K(9792K), 0.0018856 secs] 22315K->15263K(31680K), 0.0020714 secs] [Times: user=0.00 sys=0.00, real=0.00 secs] 
2014-07-10T09:57:42.542+0200: 8.690: [GC (Allocation Failure) 8.690: [ParNew: 9745K->1059K(9792K), 0.0020542 secs] 23949K->17377K(31680K), 0.0022005 secs] [Times: user=0.00 sys=0.00, real=0.00 secs] 
2014-07-10T09:57:42.548+0200: 8.697: [GC (Allocation Failure) 8.697: [ParNew: 9745K->1059K(9792K), 0.0030291 secs] 26063K->19971K(31680K), 0.0032263 secs] [Times: user=0.01 sys=0.00, real=0.00 secs] 
2014-07-10T09:57:42.592+0200: 8.740: [GC (Allocation Failure) 8.741: [ParNew: 9751K->9751K(9792K), 0.0000634 secs]8.741: [CMS2014-07-10T09:57:42.593+0200: 8.741: [CMS-concurrent-abortable-preclean: 0.004/0.425 secs] [Times: user=0.09 sys=0.00, real=0.43 secs] 
 (concurrent mode failure): 18912K->3447K(21888K), 0.0053982 secs] 28663K->3447K(31680K), [Metaspace: 2457K->2457K(1056768K)], 0.0056372 secs] [Times: user=0.00 sys=0.00, real=0.01 secs] 
2014-07-10T09:57:42.641+0200: 8.790: [GC (Allocation Failure) 8.790: [ParNew: 8686K->1059K(9792K), 0.0020916 secs] 12134K->7040K(31680K), 0.0022925 secs] [Times: user=0.00 sys=0.00, real=0.00 secs] 
2014-07-10T09:57:42.652+0200: 8.800: [GC (Allocation Failure) 8.800: [ParNew: 9745K->1059K(9792K), 0.0054404 secs] 15726K->10051K(31680K), 0.0056996 secs] [Times: user=0.00 sys=0.00, real=0.01 secs] 
2014-07-10T09:57:42.693+0200: 8.842: [GC (Allocation Failure) 8.842: [ParNew: 9745K->1059K(9792K), 0.0055764 secs] 18737K->13541K(31680K), 0.0061571 secs] [Times: user=0.00 sys=0.00, real=0.01 secs] 
2014-07-10T09:57:42.743+0200: 8.891: [GC (Allocation Failure) 8.891: [ParNew: 9745K->1059K(9792K), 0.0065028 secs] 22228K->17512K(31680K), 0.0067554 secs] [Times: user=0.00 sys=0.00, real=0.01 secs] 
2014-07-10T09:57:42.750+0200: 8.899: [GC (CMS Initial Mark) [1 CMS-initial-mark: 16453K(21888K)] 17578K(31680K), 0.0003817 secs] [Times: user=0.00 sys=0.00, real=0.00 secs] 
2014-07-10T09:57:42.751+0200: 8.899: [CMS-concurrent-mark-start]
2014-07-10T09:57:42.753+0200: 8.901: [CMS-concurrent-mark: 0.002/0.002 secs] [Times: user=0.00 sys=0.00, real=0.00 secs] 
2014-07-10T09:57:42.753+0200: 8.901: [CMS-concurrent-preclean-start]
2014-07-10T09:57:42.754+0200: 8.902: [CMS-concurrent-preclean: 0.001/0.001 secs] [Times: user=0.03 sys=0.00, real=0.00 secs] 
2014-07-10T09:57:42.754+0200: 8.902: [CMS-concurrent-abortable-preclean-start]
2014-07-10T09:57:42.758+0200: 8.906: [GC (Allocation Failure) 8.906: [ParNew: 9745K->1059K(9792K), 0.0065494 secs] 26199K->21964K(31680K), 0.0067591 secs] [Times: user=0.00 sys=0.00, real=0.01 secs] 
2014-07-10T09:57:42.765+0200: 8.913: [CMS-concurrent-abortable-preclean: 0.000/0.011 secs] [Times: user=0.00 sys=0.00, real=0.01 secs] 
2014-07-10T09:57:42.765+0200: 8.913: [GC (CMS Final Remark) [YG occupancy: 1221 K (9792 K)]8.913: [Rescan (parallel) , 0.0001987 secs]8.913: [weak refs processing, 0.0000378 secs]8.913: [class unloading, 0.0005998 secs]8.914: [scrub symbol table, 0.0008660 secs]8.915: [scrub string table, 0.0002350 secs][1 CMS-remark: 20904K(21888K)] 22126K(31680K), 0.0021198 secs] [Times: user=0.00 sys=0.00, real=0.00 secs] 
2014-07-10T09:57:42.767+0200: 8.915: [CMS-concurrent-sweep-start]
2014-07-10T09:57:42.768+0200: 8.916: [CMS-concurrent-sweep: 0.000/0.000 secs] [Times: user=0.00 sys=0.00, real=0.00 secs] 
2014-07-10T09:57:42.768+0200: 8.916: [CMS-concurrent-reset-start]
2014-07-10T09:57:42.768+0200: 8.916: [CMS-concurrent-reset: 0.000/0.000 secs] [Times: user=0.00 sys=0.00, real=0.00 secs] 
2014-07-10T09:57:42.793+0200: 8.942: [GC (Allocation Failure) 8.942: [ParNew: 9745K->1059K(9792K), 0.0045161 secs] 18512K->14757K(31680K), 0.0046730 secs] [Times: user=0.00 sys=0.00, real=0.01 secs] 
2014-07-10T09:57:42.798+0200: 8.946: [GC (CMS Initial Mark) [1 CMS-initial-mark: 13697K(21888K)] 14823K(31680K), 0.0002962 secs] [Times: user=0.00 sys=0.00, real=0.00 secs] 
2014-07-10T09:57:42.799+0200: 8.947: [CMS-concurrent-mark-start]
2014-07-10T09:57:42.800+0200: 8.948: [CMS-concurrent-mark: 0.001/0.001 secs] [Times: user=0.00 sys=0.00, real=0.00 secs] 
2014-07-10T09:57:42.800+0200: 8.948: [CMS-concurrent-preclean-start]
2014-07-10T09:57:42.800+0200: 8.948: [CMS-concurrent-preclean: 0.000/0.000 secs] [Times: user=0.00 sys=0.00, real=0.00 secs] 
2014-07-10T09:57:42.800+0200: 8.948: [CMS-concurrent-abortable-preclean-start]
2014-07-10T09:57:42.843+0200: 8.991: [GC (Allocation Failure) 8.991: [ParNew: 9745K->1059K(9792K), 0.0053949 secs] 23443K->20169K(31680K), 0.0055676 secs] [Times: user=0.03 sys=0.00, real=0.01 secs] 
2014-07-10T09:57:42.850+0200: 8.998: [CMS-concurrent-abortable-preclean: 0.001/0.050 secs] [Times: user=0.03 sys=0.00, real=0.05 secs] 
2014-07-10T09:57:42.851+0200: 8.999: [GC (CMS Final Remark) [YG occupancy: 5995 K (9792 K)]8.999: [Rescan (parallel) , 0.0003626 secs]8.999: [weak refs processing, 0.0000414 secs]8.999: [class unloading, 0.0009613 secs]9.000: [scrub symbol table, 0.0020597 secs]9.002: [scrub string table, 0.0002643 secs][1 CMS-remark: 19109K(21888K)] 25105K(31680K), 0.0039555 secs] [Times: user=0.00 sys=0.00, real=0.00 secs] 
2014-07-10T09:57:42.856+0200: 9.004: [CMS-concurrent-sweep-start]
2014-07-10T09:57:42.856+0200: 9.004: [GC (Allocation Failure) 9.005: [ParNew: 9745K->9745K(9792K), 0.0000594 secs]9.005: [CMS2014-07-10T09:57:42.857+0200: 9.005: [CMS-concurrent-sweep: 0.001/0.001 secs] [Times: user=0.00 sys=0.00, real=0.00 secs] 
 (concurrent mode failure): 19109K->7289K(21888K), 0.0111905 secs] 28855K->7289K(31680K), [Metaspace: 2457K->2457K(1056768K)], 0.0114523 secs] [Times: user=0.01 sys=0.00, real=0.01 secs] 
2014-07-10T09:57:42.892+0200: 9.040: [GC (Allocation Failure) 9.040: [ParNew: 8700K->1059K(9792K), 0.0044145 secs] 15990K->13059K(31680K), 0.0045590 secs] [Times: user=0.03 sys=0.00, real=0.01 secs] 
2014-07-10T09:57:42.897+0200: 9.045: [GC (CMS Initial Mark) [1 CMS-initial-mark: 12000K(21888K)] 13091K(31680K), 0.0001840 secs] [Times: user=0.00 sys=0.00, real=0.00 secs] 
2014-07-10T09:57:42.897+0200: 9.045: [CMS-concurrent-mark-start]
2014-07-10T09:57:42.898+0200: 9.046: [CMS-concurrent-mark: 0.001/0.001 secs] [Times: user=0.00 sys=0.00, real=0.00 secs] 
2014-07-10T09:57:42.898+0200: 9.046: [CMS-concurrent-preclean-start]
2014-07-10T09:57:42.898+0200: 9.046: [CMS-concurrent-preclean: 0.000/0.000 secs] [Times: user=0.00 sys=0.00, real=0.00 secs] 
2014-07-10T09:57:42.898+0200: 9.046: [CMS-concurrent-abortable-preclean-start]
2014-07-10T09:57:42.954+0200: 9.102: [GC (Allocation Failure) 9.103: [ParNew: 9745K->1059K(9792K), 0.0042840 secs] 21745K->18248K(31680K), 0.0044347 secs] [Times: user=0.03 sys=0.00, real=0.01 secs] 
2014-07-10T09:57:42.963+0200: 9.111: [GC (Allocation Failure) 9.111: [ParNew: 9745K->9745K(9792K), 0.0000425 secs]9.111: [CMS2014-07-10T09:57:42.963+0200: 9.111: [CMS-concurrent-abortable-preclean: 0.001/0.065 secs] [Times: user=0.03 sys=0.00, real=0.07 secs] 
 (concurrent mode failure): 17189K->7067K(21888K), 0.0086861 secs] 26935K->7067K(31680K), [Metaspace: 2457K->2457K(1056768K)], 0.0088635 secs] [Times: user=0.00 sys=0.00, real=0.01 secs] 
2014-07-10T09:57:42.995+0200: 9.143: [GC (Allocation Failure) 9.143: [ParNew: 8686K->1059K(9792K), 0.0064574 secs] 15753K->14277K(31680K), 0.0066282 secs] [Times: user=0.00 sys=0.00, real=0.01 secs] 
2014-07-10T09:57:43.002+0200: 9.150: [GC (CMS Initial Mark) [1 CMS-initial-mark: 13218K(21888K)] 14920K(31680K), 0.0003850 secs] [Times: user=0.00 sys=0.00, real=0.00 secs] 
2014-07-10T09:57:43.003+0200: 9.151: [CMS-concurrent-mark-start]
2014-07-10T09:57:43.004+0200: 9.152: [CMS-concurrent-mark: 0.001/0.001 secs] [Times: user=0.01 sys=0.00, real=0.00 secs] 
2014-07-10T09:57:43.004+0200: 9.152: [CMS-concurrent-preclean-start]
2014-07-10T09:57:43.004+0200: 9.152: [CMS-concurrent-preclean: 0.000/0.000 secs] [Times: user=0.00 sys=0.00, real=0.00 secs] 
2014-07-10T09:57:43.004+0200: 9.152: [GC (CMS Final Remark) [YG occupancy: 2054 K (9792 K)]9.152: [Rescan (parallel) , 0.0000814 secs]9.152: [weak refs processing, 0.0000260 secs]9.152: [class unloading, 0.0005419 secs]9.153: [scrub symbol table, 0.0008953 secs]9.154: [scrub string table, 0.0001587 secs][1 CMS-remark: 13218K(21888K)] 15272K(31680K), 0.0018196 secs] [Times: user=0.00 sys=0.00, real=0.00 secs] 
2014-07-10T09:57:43.006+0200: 9.154: [CMS-concurrent-sweep-start]
2014-07-10T09:57:43.006+0200: 9.154: [CMS-concurrent-sweep: 0.000/0.000 secs] [Times: user=0.00 sys=0.00, real=0.00 secs] 
2014-07-10T09:57:43.006+0200: 9.154: [CMS-concurrent-reset-start]
2014-07-10T09:57:43.006+0200: 9.154: [CMS-concurrent-reset: 0.000/0.000 secs] [Times: user=0.00 sys=0.00, real=0.00 secs] 
2014-07-10T09:57:43.043+0200: 9.191: [GC (Allocation Failure) 9.191: [ParNew: 9745K->1059K(9792K), 0.0058913 secs] 16238K->14180K(31680K), 0.0060365 secs] [Times: user=0.00 sys=0.00, real=0.01 secs] 
2014-07-10T09:57:43.049+0200: 9.197: [GC (CMS Initial Mark) [1 CMS-initial-mark: 13121K(21888K)] 14246K(31680K), 0.0001793 secs] [Times: user=0.00 sys=0.00, real=0.00 secs] 
2014-07-10T09:57:43.049+0200: 9.197: [CMS-concurrent-mark-start]
2014-07-10T09:57:43.050+0200: 9.198: [CMS-concurrent-mark: 0.001/0.001 secs] [Times: user=0.00 sys=0.00, real=0.00 secs] 
2014-07-10T09:57:43.050+0200: 9.198: [CMS-concurrent-preclean-start]
2014-07-10T09:57:43.050+0200: 9.198: [CMS-concurrent-preclean: 0.000/0.000 secs] [Times: user=0.00 sys=0.00, real=0.00 secs] 
2014-07-10T09:57:43.050+0200: 9.198: [GC (CMS Final Remark) [YG occupancy: 2984 K (9792 K)]9.198: [Rescan (parallel) , 0.0000862 secs]9.198: [weak refs processing, 0.0000257 secs]9.198: [class unloading, 0.0004216 secs]9.199: [scrub symbol table, 0.0005818 secs]9.199: [scrub string table, 0.0005870 secs][1 CMS-remark: 13121K(21888K)] 16105K(31680K), 0.0018346 secs] [Times: user=0.02 sys=0.00, real=0.00 secs] 
2014-07-10T09:57:43.052+0200: 9.200: [CMS-concurrent-sweep-start]
2014-07-10T09:57:43.052+0200: 9.201: [CMS-concurrent-sweep: 0.000/0.000 secs] [Times: user=0.00 sys=0.00, real=0.00 secs] 
2014-07-10T09:57:43.052+0200: 9.201: [CMS-concurrent-reset-start]
2014-07-10T09:57:43.053+0200: 9.201: [CMS-concurrent-reset: 0.000/0.000 secs] [Times: user=0.00 sys=0.00, real=0.00 secs] 
2014-07-10T09:57:43.056+0200: 9.204: [GC (Allocation Failure) 9.204: [ParNew: 9745K->1059K(9792K), 0.0055896 secs] 16718K->15141K(31680K), 0.0057315 secs] [Times: user=0.00 sys=0.00, real=0.01 secs] 
2014-07-10T09:57:43.062+0200: 9.210: [GC (CMS Initial Mark) [1 CMS-initial-mark: 14081K(21888K)] 15173K(31680K), 0.0001928 secs] [Times: user=0.00 sys=0.00, real=0.00 secs] 
2014-07-10T09:57:43.062+0200: 9.210: [CMS-concurrent-mark-start]
2014-07-10T09:57:43.063+0200: 9.211: [CMS-concurrent-mark: 0.001/0.001 secs] [Times: user=0.00 sys=0.00, real=0.00 secs] 
2014-07-10T09:57:43.063+0200: 9.211: [CMS-concurrent-preclean-start]
2014-07-10T09:57:43.063+0200: 9.211: [CMS-concurrent-preclean: 0.000/0.000 secs] [Times: user=0.00 sys=0.00, real=0.00 secs] 
2014-07-10T09:57:43.063+0200: 9.211: [GC (CMS Final Remark) [YG occupancy: 1093 K (9792 K)]9.211: [Rescan (parallel) , 0.0000770 secs]9.211: [weak refs processing, 0.0000260 secs]9.211: [class unloading, 0.0004103 secs]9.212: [scrub symbol table, 0.0005459 secs]9.212: [scrub string table, 0.0001650 secs][1 CMS-remark: 14081K(21888K)] 15175K(31680K), 0.0013375 secs] [Times: user=0.00 sys=0.00, real=0.00 secs] 
2014-07-10T09:57:43.065+0200: 9.213: [CMS-concurrent-sweep-start]
2014-07-10T09:57:43.065+0200: 9.213: [CMS-concurrent-sweep: 0.000/0.000 secs] [Times: user=0.00 sys=0.00, real=0.00 secs] 
2014-07-10T09:57:43.065+0200: 9.213: [CMS-concurrent-reset-start]
2014-07-10T09:57:43.065+0200: 9.213: [CMS-concurrent-reset: 0.000/0.000 secs] [Times: user=0.00 sys=0.00, real=0.00 secs] 
2014-07-10T09:57:43.093+0200: 9.242: [GC (Allocation Failure) 9.242: [ParNew: 9756K->461K(9792K), 0.0007761 secs] 17209K->7915K(31680K), 0.0009158 secs] [Times: user=0.00 sys=0.00, real=0.00 secs] 
2014-07-10T09:57:43.146+0200: 9.294: [GC (Allocation Failure) 9.294: [ParNew: 9148K->1061K(9792K), 0.0097904 secs] 16602K->15047K(31680K), 0.0100481 secs] [Times: user=0.00 sys=0.00, real=0.01 secs] 
2014-07-10T09:57:43.156+0200: 9.305: [GC (CMS Initial Mark) [1 CMS-initial-mark: 13985K(21888K)] 15113K(31680K), 0.0002214 secs] [Times: user=0.00 sys=0.00, real=0.00 secs] 
2014-07-10T09:57:43.157+0200: 9.305: [CMS-concurrent-mark-start]
2014-07-10T09:57:43.158+0200: 9.306: [CMS-concurrent-mark: 0.001/0.001 secs] [Times: user=0.00 sys=0.00, real=0.00 secs] 
2014-07-10T09:57:43.158+0200: 9.306: [CMS-concurrent-preclean-start]
2014-07-10T09:57:43.158+0200: 9.306: [CMS-concurrent-preclean: 0.000/0.000 secs] [Times: user=0.00 sys=0.00, real=0.00 secs] 
2014-07-10T09:57:43.158+0200: 9.306: [CMS-concurrent-abortable-preclean-start]
2014-07-10T09:57:43.161+0200: 9.309: [GC (Allocation Failure) 9.309: [ParNew: 9747K->9747K(9792K), 0.0000634 secs]9.309: [CMS2014-07-10T09:57:43.161+0200: 9.309: [CMS-concurrent-abortable-preclean: 0.000/0.003 secs] [Times: user=0.02 sys=0.00, real=0.00 secs] 
 (concurrent mode failure): 13985K->8413K(21888K), 0.0091114 secs] 23733K->8413K(31680K), [Metaspace: 2457K->2457K(1056768K)], 0.0093739 secs] [Times: user=0.00 sys=0.00, real=0.01 secs] 
2014-07-10T09:57:43.241+0200: 9.389: [GC (Allocation Failure) 9.389: [ParNew: 8688K->357K(9792K), 0.0004608 secs] 17101K->8770K(31680K), 0.0005356 secs] [Times: user=0.00 sys=0.00, real=0.00 secs] 
2014-07-10T09:57:43.246+0200: 9.394: [GC (Allocation Failure) 9.394: [ParNew: 9043K->838K(9792K), 0.0017539 secs] 17456K->9251K(31680K), 0.0019680 secs] [Times: user=0.00 sys=0.00, real=0.00 secs] 
2014-07-10T09:57:43.292+0200: 9.440: [GC (Allocation Failure) 9.440: [ParNew: 9524K->1059K(9792K), 0.0018918 secs] 17937K->9735K(31680K), 0.0020931 secs] [Times: user=0.00 sys=0.00, real=0.00 secs] 
2014-07-10T09:57:43.342+0200: 9.490: [GC (Allocation Failure) 9.490: [ParNew: 9745K->1059K(9792K), 0.0020894 secs] 18422K->10473K(31680K), 0.0022753 secs] [Times: user=0.00 sys=0.00, real=0.00 secs] 
2014-07-10T09:57:43.354+0200: 9.502: [GC (Allocation Failure) 9.503: [ParNew: 9745K->1059K(9792K), 0.0026921 secs] 19159K->11691K(31680K), 0.0028919 secs] [Times: user=0.00 sys=0.00, real=0.00 secs] 
2014-07-10T09:57:43.391+0200: 9.539: [GC (Allocation Failure) 9.539: [ParNew: 9755K->1059K(9792K), 0.0007725 secs] 20386K->11852K(31680K), 0.0008682 secs] [Times: user=0.00 sys=0.00, real=0.00 secs] 
2014-07-10T09:57:43.441+0200: 9.589: [GC (Allocation Failure) 9.589: [ParNew: 9745K->1059K(9792K), 0.0009532 secs] 20538K->12494K(31680K), 0.0010398 secs] [Times: user=0.00 sys=0.00, real=0.00 secs] 
2014-07-10T09:57:43.446+0200: 9.595: [GC (Allocation Failure) 9.595: [ParNew: 9745K->1059K(9792K), 0.0016535 secs] 21180K->13616K(31680K), 0.0017866 secs] [Times: user=0.00 sys=0.00, real=0.00 secs] 
2014-07-10T09:57:43.492+0200: 9.641: [GC (Allocation Failure) 9.641: [ParNew: 9745K->1059K(9792K), 0.0028604 secs] 22302K->15218K(31680K), 0.0032003 secs] [Times: user=0.00 sys=0.00, real=0.00 secs] 
2014-07-10T09:57:43.545+0200: 9.693: [GC (Allocation Failure) 9.693: [ParNew: 9745K->1059K(9792K), 0.0026617 secs] 23904K->17300K(31680K), 0.0028285 secs] [Times: user=0.00 sys=0.00, real=0.00 secs] 
2014-07-10T09:57:43.553+0200: 9.701: [GC (Allocation Failure) 9.701: [ParNew: 9745K->1059K(9792K), 0.0042972 secs] 25986K->19862K(31680K), 0.0044688 secs] [Times: user=0.00 sys=0.00, real=0.00 secs] 
2014-07-10T09:57:43.577+0200: 9.725: [GC (CMS Initial Mark) [1 CMS-initial-mark: 18802K(21888K)] 19928K(31680K), 0.0002761 secs] [Times: user=0.00 sys=0.00, real=0.00 secs] 
2014-07-10T09:57:43.577+0200: 9.725: [CMS-concurrent-mark-start]
2014-07-10T09:57:43.578+0200: 9.726: [CMS-concurrent-mark: 0.001/0.001 secs] [Times: user=0.00 sys=0.00, real=0.00 secs] 
2014-07-10T09:57:43.578+0200: 9.726: [CMS-concurrent-preclean-start]
2014-07-10T09:57:43.578+0200: 9.726: [CMS-concurrent-preclean: 0.000/0.000 secs] [Times: user=0.00 sys=0.00, real=0.00 secs] 
2014-07-10T09:57:43.578+0200: 9.726: [CMS-concurrent-abortable-preclean-start]
2014-07-10T09:57:43.578+0200: 9.726: [CMS-concurrent-abortable-preclean: 0.000/0.000 secs] [Times: user=0.00 sys=0.00, real=0.00 secs] 
2014-07-10T09:57:43.578+0200: 9.726: [GC (CMS Final Remark) [YG occupancy: 3944 K (9792 K)]9.726: [Rescan (parallel) , 0.0001045 secs]9.726: [weak refs processing, 0.0000264 secs]9.726: [class unloading, 0.0004209 secs]9.727: [scrub symbol table, 0.0005510 secs]9.727: [scrub string table, 0.0001694 secs][1 CMS-remark: 18802K(21888K)] 22747K(31680K), 0.0013811 secs] [Times: user=0.00 sys=0.00, real=0.00 secs] 
2014-07-10T09:57:43.579+0200: 9.728: [CMS-concurrent-sweep-start]
2014-07-10T09:57:43.580+0200: 9.728: [CMS-concurrent-sweep: 0.000/0.000 secs] [Times: user=0.00 sys=0.00, real=0.00 secs] 
2014-07-10T09:57:43.580+0200: 9.728: [CMS-concurrent-reset-start]
2014-07-10T09:57:43.580+0200: 9.728: [CMS-concurrent-reset: 0.000/0.000 secs] [Times: user=0.00 sys=0.00, real=0.00 secs] 
2014-07-10T09:57:43.592+0200: 9.740: [GC (Allocation Failure) 9.740: [ParNew: 9745K->1059K(9792K), 0.0032377 secs] 12656K->7012K(31680K), 0.0033946 secs] [Times: user=0.00 sys=0.00, real=0.00 secs] 
2014-07-10T09:57:43.642+0200: 9.790: [GC (Allocation Failure) 9.790: [ParNew: 9749K->1061K(9792K), 0.0021569 secs] 15702K->9512K(31680K), 0.0022907 secs] [Times: user=0.03 sys=0.00, real=0.00 secs] 
2014-07-10T09:57:43.649+0200: 9.797: [GC (Allocation Failure) 9.797: [ParNew: 9747K->1059K(9792K), 0.0028593 secs] 18199K->12489K(31680K), 0.0030305 secs] [Times: user=0.00 sys=0.00, real=0.00 secs] 
2014-07-10T09:57:43.692+0200: 9.840: [GC (Allocation Failure) 9.840: [ParNew: 9745K->1059K(9792K), 0.0036461 secs] 21176K->15948K(31680K), 0.0038301 secs] [Times: user=0.00 sys=0.00, real=0.00 secs] 
2014-07-10T09:57:43.696+0200: 9.844: [GC (CMS Initial Mark) [1 CMS-initial-mark: 14889K(21888K)] 16014K(31680K), 0.0001741 secs] [Times: user=0.00 sys=0.00, real=0.00 secs] 
2014-07-10T09:57:43.696+0200: 9.844: [CMS-concurrent-mark-start]
2014-07-10T09:57:43.697+0200: 9.845: [CMS-concurrent-mark: 0.001/0.001 secs] [Times: user=0.00 sys=0.00, real=0.00 secs] 
2014-07-10T09:57:43.697+0200: 9.845: [CMS-concurrent-preclean-start]
2014-07-10T09:57:43.697+0200: 9.845: [CMS-concurrent-preclean: 0.000/0.000 secs] [Times: user=0.00 sys=0.00, real=0.00 secs] 
2014-07-10T09:57:43.697+0200: 9.845: [CMS-concurrent-abortable-preclean-start]
2014-07-10T09:57:43.742+0200: 9.890: [GC (Allocation Failure) 9.890: [ParNew: 9745K->1059K(9792K), 0.0038360 secs] 24634K->19887K(31680K), 0.0039871 secs] [Times: user=0.00 sys=0.00, real=0.00 secs] 
2014-07-10T09:57:43.747+0200: 9.895: [CMS-concurrent-abortable-preclean: 0.001/0.050 secs] [Times: user=0.00 sys=0.00, real=0.05 secs] 
2014-07-10T09:57:43.747+0200: 9.896: [GC (CMS Final Remark) [YG occupancy: 3944 K (9792 K)]9.896: [Rescan (parallel) , 0.0001591 secs]9.896: [weak refs processing, 0.0000282 secs]9.896: [class unloading, 0.0005048 secs]9.896: [scrub symbol table, 0.0005727 secs]9.897: [scrub string table, 0.0001807 secs][1 CMS-remark: 18828K(21888K)] 22773K(31680K), 0.0015684 secs] [Times: user=0.00 sys=0.00, real=0.00 secs] 
2014-07-10T09:57:43.749+0200: 9.897: [CMS-concurrent-sweep-start]
2014-07-10T09:57:43.749+0200: 9.898: [CMS-concurrent-sweep: 0.000/0.000 secs] [Times: user=0.00 sys=0.00, real=0.00 secs] 
2014-07-10T09:57:43.749+0200: 9.898: [CMS-concurrent-reset-start]
2014-07-10T09:57:43.750+0200: 9.898: [CMS-concurrent-reset: 0.000/0.000 secs] [Times: user=0.00 sys=0.00, real=0.00 secs] 
2014-07-10T09:57:43.752+0200: 9.900: [GC (Allocation Failure) 9.900: [ParNew: 9745K->1059K(9792K), 0.0043870 secs] 17492K->13225K(31680K), 0.0045293 secs] [Times: user=0.03 sys=0.00, real=0.00 secs] 
2014-07-10T09:57:43.758+0200: 9.906: [GC (CMS Initial Mark) [1 CMS-initial-mark: 12165K(21888K)] 15950K(31680K), 0.0002541 secs] [Times: user=0.00 sys=0.00, real=0.00 secs] 
2014-07-10T09:57:43.758+0200: 9.906: [CMS-concurrent-mark-start]
2014-07-10T09:57:43.759+0200: 9.907: [CMS-concurrent-mark: 0.001/0.001 secs] [Times: user=0.00 sys=0.00, real=0.00 secs] 
2014-07-10T09:57:43.759+0200: 9.907: [CMS-concurrent-preclean-start]
2014-07-10T09:57:43.759+0200: 9.907: [CMS-concurrent-preclean: 0.000/0.000 secs] [Times: user=0.00 sys=0.00, real=0.00 secs] 
2014-07-10T09:57:43.759+0200: 9.907: [CMS-concurrent-abortable-preclean-start]
2014-07-10T09:57:43.793+0200: 9.941: [GC (Allocation Failure) 9.941: [ParNew: 9745K->1059K(9792K), 0.0045319 secs] 21911K->18124K(31680K), 0.0046635 secs] [Times: user=0.00 sys=0.00, real=0.00 secs] 
2014-07-10T09:57:43.843+0200: 9.991: [GC (Allocation Failure) 9.991: [ParNew: 9745K->9745K(9792K), 0.0000440 secs]9.991: [CMS2014-07-10T09:57:43.843+0200: 9.991: [CMS-concurrent-abortable-preclean: 0.001/0.084 secs] [Times: user=0.00 sys=0.00, real=0.08 secs] 
 (concurrent mode failure): 17065K->6781K(21888K), 0.0068845 secs] 26810K->6781K(31680K), [Metaspace: 2457K->2457K(1056768K)], 0.0071034 secs] [Times: user=0.02 sys=0.00, real=0.01 secs] 
2014-07-10T09:57:43.855+0200: 10.003: [GC (Allocation Failure) 10.003: [ParNew: 8686K->1059K(9792K), 0.0049612 secs] 15468K->13704K(31680K), 0.0051412 secs] [Times: user=0.00 sys=0.00, real=0.00 secs] 
2014-07-10T09:57:43.860+0200: 10.008: [GC (CMS Initial Mark) [1 CMS-initial-mark: 12644K(21888K)] 13866K(31680K), 0.0001917 secs] [Times: user=0.00 sys=0.00, real=0.00 secs] 
2014-07-10T09:57:43.860+0200: 10.008: [CMS-concurrent-mark-start]
2014-07-10T09:57:43.861+0200: 10.009: [CMS-concurrent-mark: 0.001/0.001 secs] [Times: user=0.00 sys=0.00, real=0.00 secs] 
2014-07-10T09:57:43.861+0200: 10.009: [CMS-concurrent-preclean-start]
2014-07-10T09:57:43.861+0200: 10.009: [CMS-concurrent-preclean: 0.000/0.000 secs] [Times: user=0.00 sys=0.00, real=0.00 secs] 
2014-07-10T09:57:43.861+0200: 10.009: [CMS-concurrent-abortable-preclean-start]
2014-07-10T09:57:43.892+0200: 10.041: [GC (Allocation Failure) 10.041: [ParNew: 9734K->1060K(9792K), 0.0040244 secs] 22379K->17835K(31680K), 0.0043973 secs] [Times: user=0.02 sys=0.00, real=0.01 secs] 
2014-07-10T09:57:43.942+0200: 10.090: [GC (Allocation Failure) 10.090: [ParNew: 9746K->9746K(9792K), 0.0000436 secs]10.090: [CMS2014-07-10T09:57:43.942+0200: 10.090: [CMS-concurrent-abortable-preclean: 0.001/0.081 secs] [Times: user=0.03 sys=0.00, real=0.08 secs] 
 (concurrent mode failure): 16775K->6015K(21888K), 0.0063866 secs] 26522K->6015K(31680K), [Metaspace: 2457K->2457K(1056768K)], 0.0065773 secs] [Times: user=0.00 sys=0.00, real=0.01 secs] 
2014-07-10T09:57:43.953+0200: 10.101: [GC (Allocation Failure) 10.101: [ParNew: 8686K->1059K(9792K), 0.0045663 secs] 14701K->12169K(31680K), 0.0047027 secs] [Times: user=0.03 sys=0.00, real=0.00 secs] 
2014-07-10T09:57:43.958+0200: 10.106: [GC (CMS Initial Mark) [1 CMS-initial-mark: 11110K(21888K)] 12235K(31680K), 0.0002141 secs] [Times: user=0.00 sys=0.00, real=0.00 secs] 
2014-07-10T09:57:43.958+0200: 10.106: [CMS-concurrent-mark-start]
2014-07-10T09:57:43.959+0200: 10.107: [CMS-concurrent-mark: 0.001/0.001 secs] [Times: user=0.00 sys=0.00, real=0.00 secs] 
2014-07-10T09:57:43.959+0200: 10.107: [CMS-concurrent-preclean-start]
2014-07-10T09:57:43.959+0200: 10.107: [CMS-concurrent-preclean: 0.000/0.000 secs] [Times: user=0.00 sys=0.00, real=0.00 secs] 
2014-07-10T09:57:43.959+0200: 10.107: [GC (CMS Final Remark) [YG occupancy: 2950 K (9792 K)]10.107: [Rescan (parallel) , 0.0001609 secs]10.107: [weak refs processing, 0.0001203 secs]10.107: [class unloading, 0.0004975 secs]10.108: [scrub symbol table, 0.0005631 secs]10.108: [scrub string table, 0.0001653 secs][1 CMS-remark: 11110K(21888K)] 14060K(31680K), 0.0016297 secs] [Times: user=0.00 sys=0.00, real=0.00 secs] 
2014-07-10T09:57:43.961+0200: 10.109: [CMS-concurrent-sweep-start]
2014-07-10T09:57:43.961+0200: 10.109: [CMS-concurrent-sweep: 0.000/0.000 secs] [Times: user=0.00 sys=0.00, real=0.00 secs] 
2014-07-10T09:57:43.961+0200: 10.109: [CMS-concurrent-reset-start]
2014-07-10T09:57:43.961+0200: 10.109: [CMS-concurrent-reset: 0.000/0.000 secs] [Times: user=0.00 sys=0.00, real=0.00 secs] 
2014-07-10T09:57:43.993+0200: 10.141: [GC (Allocation Failure) 10.141: [ParNew: 9745K->1059K(9792K), 0.0079070 secs] 15188K->12073K(31680K), 0.0081145 secs] [Times: user=0.00 sys=0.00, real=0.01 secs] 
2014-07-10T09:57:44.001+0200: 10.149: [GC (CMS Initial Mark) [1 CMS-initial-mark: 11014K(21888K)] 12139K(31680K), 0.0005316 secs] [Times: user=0.03 sys=0.00, real=0.00 secs] 
2014-07-10T09:57:44.002+0200: 10.150: [CMS-concurrent-mark-start]
2014-07-10T09:57:44.004+0200: 10.152: [CMS-concurrent-mark: 0.002/0.002 secs] [Times: user=0.00 sys=0.00, real=0.00 secs] 
2014-07-10T09:57:44.004+0200: 10.152: [CMS-concurrent-preclean-start]
2014-07-10T09:57:44.004+0200: 10.152: [CMS-concurrent-preclean: 0.000/0.000 secs] [Times: user=0.00 sys=0.00, real=0.00 secs] 
2014-07-10T09:57:44.004+0200: 10.153: [GC (CMS Final Remark) [YG occupancy: 2630 K (9792 K)]10.153: [Rescan (parallel) , 0.0002618 secs]10.153: [weak refs processing, 0.0000598 secs]10.153: [class unloading, 0.0009782 secs]10.154: [scrub symbol table, 0.0012649 secs]10.155: [scrub string table, 0.0004733 secs][1 CMS-remark: 11014K(21888K)] 13644K(31680K), 0.0033953 secs] [Times: user=0.00 sys=0.00, real=0.00 secs] 
2014-07-10T09:57:44.008+0200: 10.156: [CMS-concurrent-sweep-start]
2014-07-10T09:57:44.009+0200: 10.157: [CMS-concurrent-sweep: 0.001/0.001 secs] [Times: user=0.00 sys=0.00, real=0.00 secs] 
2014-07-10T09:57:44.009+0200: 10.157: [CMS-concurrent-reset-start]
2014-07-10T09:57:44.009+0200: 10.157: [CMS-concurrent-reset: 0.000/0.000 secs] [Times: user=0.00 sys=0.00, real=0.00 secs] 
2014-07-10T09:57:44.045+0200: 10.193: [GC (Allocation Failure) 10.193: [ParNew: 9745K->1059K(9792K), 0.0093339 secs] 15668K->13034K(31680K), 0.0095623 secs] [Times: user=0.03 sys=0.00, real=0.01 secs] 
2014-07-10T09:57:44.055+0200: 10.204: [GC (CMS Initial Mark) [1 CMS-initial-mark: 11974K(21888K)] 13100K(31680K), 0.0002467 secs] [Times: user=0.00 sys=0.00, real=0.00 secs] 
2014-07-10T09:57:44.056+0200: 10.204: [CMS-concurrent-mark-start]
2014-07-10T09:57:44.057+0200: 10.205: [CMS-concurrent-mark: 0.001/0.001 secs] [Times: user=0.00 sys=0.00, real=0.00 secs] 
2014-07-10T09:57:44.057+0200: 10.205: [CMS-concurrent-preclean-start]
2014-07-10T09:57:44.057+0200: 10.205: [CMS-concurrent-preclean: 0.000/0.000 secs] [Times: user=0.00 sys=0.00, real=0.00 secs] 
2014-07-10T09:57:44.057+0200: 10.205: [CMS-concurrent-abortable-preclean-start]
2014-07-10T09:57:44.059+0200: 10.207: [GC (Allocation Failure) 10.208: [ParNew: 9745K->1059K(9792K), 0.0062026 secs] 21720K->19566K(31680K), 0.0063544 secs] [Times: user=0.03 sys=0.00, real=0.01 secs] 
2014-07-10T09:57:44.093+0200: 10.241: [GC (Allocation Failure) 10.241: [ParNew: 9745K->9745K(9792K), 0.0000572 secs]10.241: [CMS2014-07-10T09:57:44.093+0200: 10.241: [CMS-concurrent-abortable-preclean: 0.001/0.036 secs] [Times: user=0.03 sys=0.00, real=0.04 secs] 
 (concurrent mode failure): 18507K->8416K(21888K), 0.0079785 secs] 28252K->8416K(31680K), [Metaspace: 2457K->2457K(1056768K)], 0.0081988 secs] [Times: user=0.01 sys=0.00, real=0.01 secs] 
2014-07-10T09:57:44.143+0200: 10.291: [GC (Allocation Failure) 10.291: [ParNew: 8691K->1061K(9792K), 0.0056050 secs] 17108K->15949K(31680K), 0.0057568 secs] [Times: user=0.00 sys=0.00, real=0.01 secs] 
2014-07-10T09:57:44.149+0200: 10.297: [GC (CMS Initial Mark) [1 CMS-initial-mark: 14888K(21888K)] 16015K(31680K), 0.0001851 secs] [Times: user=0.00 sys=0.00, real=0.00 secs] 
2014-07-10T09:57:44.149+0200: 10.298: [CMS-concurrent-mark-start]
2014-07-10T09:57:44.150+0200: 10.298: [CMS-concurrent-mark: 0.001/0.001 secs] [Times: user=0.00 sys=0.00, real=0.00 secs] 
2014-07-10T09:57:44.150+0200: 10.298: [CMS-concurrent-preclean-start]
2014-07-10T09:57:44.151+0200: 10.299: [CMS-concurrent-preclean: 0.000/0.000 secs] [Times: user=0.00 sys=0.00, real=0.00 secs] 
2014-07-10T09:57:44.151+0200: 10.299: [CMS-concurrent-abortable-preclean-start]
2014-07-10T09:57:44.153+0200: 10.302: [GC (Allocation Failure) 10.302: [ParNew: 9747K->9747K(9792K), 0.0000488 secs]10.302: [CMS2014-07-10T09:57:44.154+0200: 10.302: [CMS-concurrent-abortable-preclean: 0.000/0.003 secs] [Times: user=0.00 sys=0.00, real=0.00 secs] 
 (concurrent mode failure): 14888K->8353K(21888K), 0.0085853 secs] 24635K->8353K(31680K), [Metaspace: 2457K->2457K(1056768K)], 0.0090791 secs] [Times: user=0.01 sys=0.00, real=0.01 secs] 
2014-07-10T09:57:44.241+0200: 10.389: [GC (Allocation Failure) 10.389: [ParNew: 8688K->293K(9792K), 0.0010456 secs] 17041K->8646K(31680K), 0.0012238 secs] [Times: user=0.00 sys=0.00, real=0.00 secs] 
2014-07-10T09:57:44.249+0200: 10.397: [GC (Allocation Failure) 10.398: [ParNew: 8979K->774K(9792K), 0.0018742 secs] 17332K->9127K(31680K), 0.0020751 secs] [Times: user=0.00 sys=0.00, real=0.00 secs] 
2014-07-10T09:57:44.291+0200: 10.439: [GC (Allocation Failure) 10.439: [ParNew: 9460K->1059K(9792K), 0.0009917 secs] 17814K->9612K(31680K), 0.0011182 secs] [Times: user=0.00 sys=0.00, real=0.00 secs] 
2014-07-10T09:57:44.342+0200: 10.490: [GC (Allocation Failure) 10.490: [ParNew: 9745K->1059K(9792K), 0.0020146 secs] 18298K->10285K(31680K), 0.0021998 secs] [Times: user=0.00 sys=0.00, real=0.00 secs] 
2014-07-10T09:57:44.354+0200: 10.503: [GC (Allocation Failure) 10.503: [ParNew: 9745K->1059K(9792K), 0.0014592 secs] 18971K->11439K(31680K), 0.0016011 secs] [Times: user=0.00 sys=0.00, real=0.00 secs] 
2014-07-10T09:57:44.391+0200: 10.540: [GC (Allocation Failure) 10.540: [ParNew: 9755K->1059K(9792K), 0.0012201 secs] 20134K->11536K(31680K), 0.0013345 secs] [Times: user=0.00 sys=0.02, real=0.00 secs] 
2014-07-10T09:57:44.441+0200: 10.589: [GC (Allocation Failure) 10.589: [ParNew: 9745K->1059K(9792K), 0.0011156 secs] 20222K->12114K(31680K), 0.0012388 secs] [Times: user=0.00 sys=0.00, real=0.00 secs] 
2014-07-10T09:57:44.447+0200: 10.595: [GC (Allocation Failure) 10.595: [ParNew: 9745K->1059K(9792K), 0.0014881 secs] 20801K->13172K(31680K), 0.0016447 secs] [Times: user=0.00 sys=0.00, real=0.00 secs] 
2014-07-10T09:57:44.491+0200: 10.639: [GC (Allocation Failure) 10.639: [ParNew: 9745K->1059K(9792K), 0.0016634 secs] 21858K->14710K(31680K), 0.0017847 secs] [Times: user=0.00 sys=0.00, real=0.00 secs] 
2014-07-10T09:57:44.542+0200: 10.691: [GC (Allocation Failure) 10.691: [ParNew: 9745K->1059K(9792K), 0.0031610 secs] 23396K->16728K(31680K), 0.0034082 secs] [Times: user=0.00 sys=0.00, real=0.00 secs] 
2014-07-10T09:57:44.553+0200: 10.702: [GC (Allocation Failure) 10.702: [ParNew: 9745K->1059K(9792K), 0.0046796 secs] 25414K->19226K(31680K), 0.0049575 secs] [Times: user=0.00 sys=0.00, real=0.01 secs] 
2014-07-10T09:57:44.559+0200: 10.707: [GC (CMS Initial Mark) [1 CMS-initial-mark: 18167K(21888K)] 19292K(31680K), 0.0004205 secs] [Times: user=0.00 sys=0.00, real=0.00 secs] 
2014-07-10T09:57:44.559+0200: 10.708: [CMS-concurrent-mark-start]
2014-07-10T09:57:44.561+0200: 10.710: [CMS-concurrent-mark: 0.002/0.002 secs] [Times: user=0.00 sys=0.00, real=0.00 secs] 
2014-07-10T09:57:44.561+0200: 10.710: [CMS-concurrent-preclean-start]
2014-07-10T09:57:44.562+0200: 10.710: [CMS-concurrent-preclean: 0.000/0.000 secs] [Times: user=0.00 sys=0.00, real=0.00 secs] 
2014-07-10T09:57:44.562+0200: 10.710: [CMS-concurrent-abortable-preclean-start]
2014-07-10T09:57:44.594+0200: 10.742: [GC (Allocation Failure) 10.742: [ParNew: 9745K->1059K(9792K), 0.0034393 secs] 27912K->22205K(31680K), 0.0036190 secs] [Times: user=0.02 sys=0.00, real=0.00 secs] 
2014-07-10T09:57:44.598+0200: 10.746: [CMS-concurrent-abortable-preclean: 0.000/0.036 secs] [Times: user=0.02 sys=0.01, real=0.04 secs] 
2014-07-10T09:57:44.599+0200: 10.747: [GC (CMS Final Remark) [YG occupancy: 2438 K (9792 K)]10.748: [Rescan (parallel) , 0.0004990 secs]10.750: [weak refs processing, 0.0000473 secs]10.750: [class unloading, 0.0005903 secs]10.751: [scrub symbol table, 0.0007714 secs]10.752: [scrub string table, 0.0004392 secs][1 CMS-remark: 21145K(21888K)] 23583K(31680K), 0.0049663 secs] [Times: user=0.00 sys=0.00, real=0.01 secs] 
2014-07-10T09:57:44.605+0200: 10.753: [CMS-concurrent-sweep-start]
2014-07-10T09:57:44.606+0200: 10.754: [CMS-concurrent-sweep: 0.001/0.001 secs] [Times: user=0.00 sys=0.00, real=0.00 secs] 
2014-07-10T09:57:44.606+0200: 10.754: [CMS-concurrent-reset-start]
2014-07-10T09:57:44.606+0200: 10.754: [CMS-concurrent-reset: 0.000/0.000 secs] [Times: user=0.00 sys=0.00, real=0.00 secs] 
2014-07-10T09:57:44.642+0200: 10.790: [GC (Allocation Failure) 10.791: [ParNew: 9757K->1061K(9792K), 0.0022375 secs] 15586K->8812K(31680K), 0.0032538 secs] [Times: user=0.00 sys=0.00, real=0.00 secs] 
2014-07-10T09:57:44.661+0200: 10.809: [GC (Allocation Failure) 10.809: [ParNew: 9747K->1059K(9792K), 0.0034294 secs] 17499K->11214K(31680K), 0.0035882 secs] [Times: user=0.00 sys=0.00, real=0.00 secs] 
2014-07-10T09:57:44.692+0200: 10.840: [GC (Allocation Failure) 10.840: [ParNew: 9745K->1059K(9792K), 0.0025572 secs] 19900K->14096K(31680K), 0.0026841 secs] [Times: user=0.00 sys=0.00, real=0.00 secs] 
2014-07-10T09:57:44.695+0200: 10.843: [GC (CMS Initial Mark) [1 CMS-initial-mark: 13037K(21888K)] 14162K(31680K), 0.0001837 secs] [Times: user=0.00 sys=0.00, real=0.00 secs] 
2014-07-10T09:57:44.695+0200: 10.843: [CMS-concurrent-mark-start]
2014-07-10T09:57:44.696+0200: 10.844: [CMS-concurrent-mark: 0.001/0.001 secs] [Times: user=0.00 sys=0.00, real=0.00 secs] 
2014-07-10T09:57:44.696+0200: 10.844: [CMS-concurrent-preclean-start]
2014-07-10T09:57:44.696+0200: 10.844: [CMS-concurrent-preclean: 0.000/0.000 secs] [Times: user=0.00 sys=0.00, real=0.00 secs] 
2014-07-10T09:57:44.696+0200: 10.844: [GC (CMS Final Remark) [YG occupancy: 2982 K (9792 K)]10.844: [Rescan (parallel) , 0.0000862 secs]10.844: [weak refs processing, 0.0000279 secs]10.844: [class unloading, 0.0005587 secs]10.845: [scrub symbol table, 0.0006068 secs]10.845: [scrub string table, 0.0001716 secs][1 CMS-remark: 13037K(21888K)] 16019K(31680K), 0.0015732 secs] [Times: user=0.00 sys=0.00, real=0.00 secs] 
2014-07-10T09:57:44.697+0200: 10.846: [CMS-concurrent-sweep-start]
2014-07-10T09:57:44.698+0200: 10.846: [CMS-concurrent-sweep: 0.000/0.000 secs] [Times: user=0.00 sys=0.00, real=0.00 secs] 
2014-07-10T09:57:44.698+0200: 10.846: [CMS-concurrent-reset-start]
2014-07-10T09:57:44.698+0200: 10.846: [CMS-concurrent-reset: 0.000/0.000 secs] [Times: user=0.00 sys=0.00, real=0.00 secs] 
2014-07-10T09:57:44.742+0200: 10.890: [GC (Allocation Failure) 10.890: [ParNew: 9745K->1059K(9792K), 0.0045249 secs] 12982K->7658K(31680K), 0.0047137 secs] [Times: user=0.00 sys=0.00, real=0.00 secs] 
2014-07-10T09:57:44.755+0200: 10.903: [GC (Allocation Failure) 10.903: [ParNew: 9745K->1059K(9792K), 0.0065597 secs] 16344K->11501K(31680K), 0.0069032 secs] [Times: user=0.00 sys=0.00, real=0.01 secs] 
2014-07-10T09:57:44.792+0200: 10.941: [GC (Allocation Failure) 10.941: [ParNew: 9745K->1059K(9792K), 0.0041608 secs] 20187K->15824K(31680K), 0.0043386 secs] [Times: user=0.00 sys=0.00, real=0.00 secs] 
2014-07-10T09:57:44.797+0200: 10.945: [GC (CMS Initial Mark) [1 CMS-initial-mark: 14765K(21888K)] 15890K(31680K), 0.0002570 secs] [Times: user=0.00 sys=0.00, real=0.00 secs] 
2014-07-10T09:57:44.797+0200: 10.946: [CMS-concurrent-mark-start]
2014-07-10T09:57:44.799+0200: 10.947: [CMS-concurrent-mark: 0.001/0.001 secs] [Times: user=0.03 sys=0.00, real=0.00 secs] 
2014-07-10T09:57:44.799+0200: 10.947: [CMS-concurrent-preclean-start]
2014-07-10T09:57:44.799+0200: 10.947: [CMS-concurrent-preclean: 0.000/0.000 secs] [Times: user=0.00 sys=0.00, real=0.00 secs] 
2014-07-10T09:57:44.799+0200: 10.947: [CMS-concurrent-abortable-preclean-start]
2014-07-10T09:57:44.843+0200: 10.991: [GC (Allocation Failure) 10.991: [ParNew: 9745K->1059K(9792K), 0.0251952 secs] 24510K->20628K(31680K), 0.0252986 secs] [Times: user=0.03 sys=0.00, real=0.03 secs] 
2014-07-10T09:57:44.873+0200: 11.022: [GC (Allocation Failure) 11.022: [ParNew: 9757K->9757K(9792K), 0.0000440 secs]11.022: [CMS2014-07-10T09:57:44.874+0200: 11.022: [CMS-concurrent-abortable-preclean: 0.001/0.075 secs] [Times: user=0.03 sys=0.00, real=0.08 secs] 
 (concurrent mode failure): 19568K->6051K(21888K), 0.0066224 secs] 29325K->6051K(31680K), [Metaspace: 2457K->2457K(1056768K)], 0.0067892 secs] [Times: user=0.02 sys=0.00, real=0.01 secs] 
2014-07-10T09:57:44.892+0200: 11.041: [GC (Allocation Failure) 11.041: [ParNew: 8691K->1059K(9792K), 0.0043760 secs] 14743K->11211K(31680K), 0.0044787 secs] [Times: user=0.00 sys=0.00, real=0.01 secs] 
2014-07-10T09:57:44.942+0200: 11.090: [GC (Allocation Failure) 11.090: [ParNew: 9745K->1059K(9792K), 0.0044442 secs] 19897K->15793K(31680K), 0.0046012 secs] [Times: user=0.00 sys=0.00, real=0.01 secs] 
2014-07-10T09:57:44.947+0200: 11.095: [GC (CMS Initial Mark) [1 CMS-initial-mark: 14733K(21888K)] 15825K(31680K), 0.0001785 secs] [Times: user=0.00 sys=0.00, real=0.00 secs] 
2014-07-10T09:57:44.947+0200: 11.095: [CMS-concurrent-mark-start]
2014-07-10T09:57:44.948+0200: 11.096: [CMS-concurrent-mark: 0.001/0.001 secs] [Times: user=0.00 sys=0.00, real=0.00 secs] 
2014-07-10T09:57:44.948+0200: 11.096: [CMS-concurrent-preclean-start]
2014-07-10T09:57:44.948+0200: 11.096: [CMS-concurrent-preclean: 0.000/0.000 secs] [Times: user=0.00 sys=0.00, real=0.00 secs] 
2014-07-10T09:57:44.948+0200: 11.096: [CMS-concurrent-abortable-preclean-start]
2014-07-10T09:57:44.952+0200: 11.100: [GC (Allocation Failure) 11.100: [ParNew: 9745K->1059K(9792K), 0.0044600 secs] 24479K->20852K(31680K), 0.0046122 secs] [Times: user=0.03 sys=0.00, real=0.00 secs] 
2014-07-10T09:57:44.958+0200: 11.106: [CMS-concurrent-abortable-preclean: 0.001/0.009 secs] [Times: user=0.03 sys=0.00, real=0.01 secs] 
2014-07-10T09:57:44.958+0200: 11.106: [GC (CMS Final Remark) [YG occupancy: 3142 K (9792 K)]11.106: [Rescan (parallel) , 0.0000953 secs]11.106: [weak refs processing, 0.0000260 secs]11.106: [class unloading, 0.0004469 secs]11.106: [scrub symbol table, 0.0007937 secs]11.107: [scrub string table, 0.0001741 secs][1 CMS-remark: 19793K(21888K)] 22935K(31680K), 0.0016560 secs] [Times: user=0.00 sys=0.00, real=0.00 secs] 
2014-07-10T09:57:44.959+0200: 11.108: [CMS-concurrent-sweep-start]
2014-07-10T09:57:44.960+0200: 11.108: [CMS-concurrent-sweep: 0.000/0.000 secs] [Times: user=0.00 sys=0.00, real=0.00 secs] 
2014-07-10T09:57:44.960+0200: 11.108: [CMS-concurrent-reset-start]
2014-07-10T09:57:44.960+0200: 11.108: [CMS-concurrent-reset: 0.000/0.000 secs] [Times: user=0.00 sys=0.00, real=0.00 secs] 
2014-07-10T09:57:44.992+0200: 11.141: [GC (Allocation Failure) 11.141: [ParNew: 9745K->1059K(9792K), 0.0050015 secs] 19740K->16593K(31680K), 0.0052010 secs] [Times: user=0.00 sys=0.00, real=0.01 secs] 
2014-07-10T09:57:44.998+0200: 11.146: [GC (CMS Initial Mark) [1 CMS-initial-mark: 15534K(21888K)] 16659K(31680K), 0.0001811 secs] [Times: user=0.00 sys=0.00, real=0.00 secs] 
2014-07-10T09:57:44.998+0200: 11.146: [CMS-concurrent-mark-start]
2014-07-10T09:57:44.999+0200: 11.147: [CMS-concurrent-mark: 0.001/0.001 secs] [Times: user=0.00 sys=0.00, real=0.00 secs] 
2014-07-10T09:57:44.999+0200: 11.147: [CMS-concurrent-preclean-start]
2014-07-10T09:57:44.999+0200: 11.147: [CMS-concurrent-preclean: 0.000/0.000 secs] [Times: user=0.00 sys=0.00, real=0.00 secs] 
2014-07-10T09:57:44.999+0200: 11.147: [GC (CMS Final Remark) [YG occupancy: 2662 K (9792 K)]11.147: [Rescan (parallel) , 0.0001118 secs]11.147: [weak refs processing, 0.0000271 secs]11.147: [class unloading, 0.0004517 secs]11.148: [scrub symbol table, 0.0005525 secs]11.148: [scrub string table, 0.0001668 secs][1 CMS-remark: 15534K(21888K)] 18196K(31680K), 0.0014302 secs] [Times: user=0.00 sys=0.00, real=0.00 secs] 
2014-07-10T09:57:45.001+0200: 11.149: [CMS-concurrent-sweep-start]
2014-07-10T09:57:45.001+0200: 11.149: [CMS-concurrent-sweep: 0.000/0.000 secs] [Times: user=0.00 sys=0.00, real=0.00 secs] 
2014-07-10T09:57:45.001+0200: 11.149: [CMS-concurrent-reset-start]
2014-07-10T09:57:45.001+0200: 11.149: [CMS-concurrent-reset: 0.000/0.000 secs] [Times: user=0.00 sys=0.00, real=0.00 secs] 
2014-07-10T09:57:45.043+0200: 11.191: [GC (Allocation Failure) 11.191: [ParNew: 9745K->1059K(9792K), 0.0091257 secs] 15641K->12974K(31680K), 0.0093299 secs] [Times: user=0.03 sys=0.00, real=0.01 secs] 
2014-07-10T09:57:45.053+0200: 11.201: [GC (CMS Initial Mark) [1 CMS-initial-mark: 11915K(21888K)] 13040K(31680K), 0.0004301 secs] [Times: user=0.00 sys=0.00, real=0.00 secs] 
2014-07-10T09:57:45.053+0200: 11.201: [CMS-concurrent-mark-start]
2014-07-10T09:57:45.055+0200: 11.204: [CMS-concurrent-mark: 0.002/0.002 secs] [Times: user=0.00 sys=0.00, real=0.00 secs] 
2014-07-10T09:57:45.056+0200: 11.204: [CMS-concurrent-preclean-start]
2014-07-10T09:57:45.056+0200: 11.204: [CMS-concurrent-preclean: 0.000/0.000 secs] [Times: user=0.00 sys=0.00, real=0.00 secs] 
2014-07-10T09:57:45.056+0200: 11.204: [CMS-concurrent-abortable-preclean-start]
2014-07-10T09:57:45.060+0200: 11.208: [GC (Allocation Failure) 11.208: [ParNew: 9745K->1059K(9792K), 0.0097783 secs] 21661K->19475K(31680K), 0.0100430 secs] [Times: user=0.01 sys=0.00, real=0.01 secs] 
2014-07-10T09:57:45.093+0200: 11.242: [GC (Allocation Failure) 11.242: [ParNew: 9751K->9751K(9792K), 0.0000620 secs]11.242: [CMS2014-07-10T09:57:45.094+0200: 11.242: [CMS-concurrent-abortable-preclean: 0.002/0.038 secs] [Times: user=0.01 sys=0.02, real=0.04 secs] 
 (concurrent mode failure): 18415K->7365K(21888K), 0.0077197 secs] 28166K->7365K(31680K), [Metaspace: 2457K->2457K(1056768K)], 0.0079833 secs] [Times: user=0.00 sys=0.02, real=0.01 secs] 
2014-07-10T09:57:45.144+0200: 11.292: [GC (Allocation Failure) 11.292: [ParNew: 8686K->1059K(9792K), 0.0052068 secs] 16051K->14864K(31680K), 0.0053967 secs] [Times: user=0.00 sys=0.00, real=0.01 secs] 
2014-07-10T09:57:45.150+0200: 11.298: [GC (CMS Initial Mark) [1 CMS-initial-mark: 13804K(21888K)] 14930K(31680K), 0.0002082 secs] [Times: user=0.00 sys=0.00, real=0.00 secs] 
2014-07-10T09:57:45.150+0200: 11.298: [CMS-concurrent-mark-start]
2014-07-10T09:57:45.151+0200: 11.299: [CMS-concurrent-mark: 0.001/0.001 secs] [Times: user=0.00 sys=0.00, real=0.00 secs] 
2014-07-10T09:57:45.151+0200: 11.299: [CMS-concurrent-preclean-start]
2014-07-10T09:57:45.151+0200: 11.299: [CMS-concurrent-preclean: 0.000/0.000 secs] [Times: user=0.00 sys=0.00, real=0.00 secs] 
2014-07-10T09:57:45.151+0200: 11.299: [CMS-concurrent-abortable-preclean-start]
2014-07-10T09:57:45.155+0200: 11.303: [GC (Allocation Failure) 11.303: [ParNew: 9745K->9745K(9792K), 0.0000554 secs]11.303: [CMS2014-07-10T09:57:45.155+0200: 11.303: [CMS-concurrent-abortable-preclean: 0.000/0.004 secs] [Times: user=0.00 sys=0.00, real=0.00 secs] 
 (concurrent mode failure): 13804K->8325K(21888K), 0.0084445 secs] 23550K->8325K(31680K), [Metaspace: 2457K->2457K(1056768K)], 0.0086887 secs] [Times: user=0.02 sys=0.00, real=0.01 secs] 
2014-07-10T09:57:45.241+0200: 11.389: [GC (Allocation Failure) 11.389: [ParNew: 8688K->261K(9792K), 0.0005785 secs] 17014K->8587K(31680K), 0.0006863 secs] [Times: user=0.00 sys=0.00, real=0.00 secs] 
2014-07-10T09:57:45.245+0200: 11.393: [GC (Allocation Failure) 11.393: [ParNew: 8947K->742K(9792K), 0.0010474 secs] 17273K->9068K(31680K), 0.0011743 secs] [Times: user=0.00 sys=0.00, real=0.00 secs] 
2014-07-10T09:57:45.291+0200: 11.440: [GC (Allocation Failure) 11.440: [ParNew: 9428K->1059K(9792K), 0.0010705 secs] 17754K->9552K(31680K), 0.0012135 secs] [Times: user=0.00 sys=0.00, real=0.00 secs] 
2014-07-10T09:57:45.342+0200: 11.490: [GC (Allocation Failure) 11.490: [ParNew: 9745K->1059K(9792K), 0.0013818 secs] 18239K->10194K(31680K), 0.0015116 secs] [Times: user=0.00 sys=0.00, real=0.00 secs] 
2014-07-10T09:57:45.347+0200: 11.496: [GC (Allocation Failure) 11.496: [ParNew: 9745K->1059K(9792K), 0.0016319 secs] 18880K->11315K(31680K), 0.0017759 secs] [Times: user=0.00 sys=0.00, real=0.00 secs] 
2014-07-10T09:57:45.391+0200: 11.540: [GC (Allocation Failure) 11.540: [ParNew: 9760K->611K(9792K), 0.0007600 secs] 20017K->10868K(31680K), 0.0008726 secs] [Times: user=0.00 sys=0.00, real=0.00 secs] 
2014-07-10T09:57:45.441+0200: 11.590: [GC (Allocation Failure) 11.590: [ParNew: 9297K->1059K(9792K), 0.0015475 secs] 19554K->11351K(31680K), 0.0017327 secs] [Times: user=0.00 sys=0.00, real=0.00 secs] 
2014-07-10T09:57:45.451+0200: 11.599: [GC (Allocation Failure) 11.600: [ParNew: 9745K->1059K(9792K), 0.0022786 secs] 20037K->11864K(31680K), 0.0027145 secs] [Times: user=0.03 sys=0.00, real=0.00 secs] 
2014-07-10T09:57:45.509+0200: 11.658: [GC (Allocation Failure) 11.658: [ParNew: 9745K->1059K(9792K), 0.0020098 secs] 20551K->12858K(31680K), 0.0021290 secs] [Times: user=0.00 sys=0.00, real=0.00 secs] 
2014-07-10T09:57:45.541+0200: 11.690: [GC (Allocation Failure) 11.690: [ParNew: 9745K->1059K(9792K), 0.0013946 secs] 21544K->14332K(31680K), 0.0015200 secs] [Times: user=0.00 sys=0.00, real=0.00 secs] 
2014-07-10T09:57:45.547+0200: 11.695: [GC (Allocation Failure) 11.695: [ParNew: 9745K->1059K(9792K), 0.0022353 secs] 23018K->16286K(31680K), 0.0023999 secs] [Times: user=0.00 sys=0.00, real=0.00 secs] 
2014-07-10T09:57:45.593+0200: 11.741: [GC (Allocation Failure) 11.741: [ParNew: 9745K->1059K(9792K), 0.0040215 secs] 24972K->18720K(31680K), 0.0042844 secs] [Times: user=0.03 sys=0.00, real=0.00 secs] 
2014-07-10T09:57:45.598+0200: 11.746: [GC (CMS Initial Mark) [1 CMS-initial-mark: 17661K(21888K)] 18786K(31680K), 0.0007091 secs] [Times: user=0.00 sys=0.00, real=0.00 secs] 
2014-07-10T09:57:45.599+0200: 11.747: [CMS-concurrent-mark-start]
2014-07-10T09:57:45.601+0200: 11.749: [CMS-concurrent-mark: 0.002/0.002 secs] [Times: user=0.00 sys=0.00, real=0.00 secs] 
2014-07-10T09:57:45.601+0200: 11.749: [CMS-concurrent-preclean-start]
2014-07-10T09:57:45.602+0200: 11.750: [CMS-concurrent-preclean: 0.001/0.001 secs] [Times: user=0.00 sys=0.00, real=0.00 secs] 
2014-07-10T09:57:45.602+0200: 11.750: [CMS-concurrent-abortable-preclean-start]
2014-07-10T09:57:45.642+0200: 11.790: [GC (Allocation Failure) 11.790: [ParNew: 9751K->1061K(9792K), 0.0016887 secs] 27412K->20612K(31680K), 0.0021268 secs] [Times: user=0.00 sys=0.00, real=0.00 secs] 
2014-07-10T09:57:45.649+0200: 11.797: [GC (Allocation Failure) 11.797: [ParNew: 9747K->9747K(9792K), 0.0000587 secs]11.797: [CMS2014-07-10T09:57:45.649+0200: 11.797: [CMS-concurrent-abortable-preclean: 0.001/0.047 secs] [Times: user=0.00 sys=0.00, real=0.05 secs] 
 (concurrent mode failure): 19551K->3781K(21888K), 0.0063192 secs] 29298K->3781K(31680K), [Metaspace: 2457K->2457K(1056768K)], 0.0065725 secs] [Times: user=0.00 sys=0.00, real=0.01 secs] 
2014-07-10T09:57:45.692+0200: 11.841: [GC (Allocation Failure) 11.841: [ParNew: 8686K->1059K(9792K), 0.0032149 secs] 12468K->7694K(31680K), 0.0033825 secs] [Times: user=0.00 sys=0.00, real=0.00 secs] 
2014-07-10T09:57:45.742+0200: 11.891: [GC (Allocation Failure) 11.891: [ParNew: 9745K->1059K(9792K), 0.0031259 secs] 16381K->11025K(31680K), 0.0032919 secs] [Times: user=0.00 sys=0.00, real=0.00 secs] 
2014-07-10T09:57:45.750+0200: 11.898: [GC (Allocation Failure) 11.898: [ParNew: 9745K->1059K(9792K), 0.0041355 secs] 19711K->14836K(31680K), 0.0043416 secs] [Times: user=0.00 sys=0.00, real=0.00 secs] 
2014-07-10T09:57:45.755+0200: 11.903: [GC (CMS Initial Mark) [1 CMS-initial-mark: 13777K(21888K)] 15126K(31680K), 0.0002563 secs] [Times: user=0.00 sys=0.00, real=0.00 secs] 
2014-07-10T09:57:45.755+0200: 11.903: [CMS-concurrent-mark-start]
2014-07-10T09:57:45.756+0200: 11.904: [CMS-concurrent-mark: 0.001/0.001 secs] [Times: user=0.00 sys=0.00, real=0.00 secs] 
2014-07-10T09:57:45.756+0200: 11.904: [CMS-concurrent-preclean-start]
2014-07-10T09:57:45.756+0200: 11.904: [CMS-concurrent-preclean: 0.000/0.000 secs] [Times: user=0.00 sys=0.00, real=0.00 secs] 
2014-07-10T09:57:45.756+0200: 11.904: [CMS-concurrent-abortable-preclean-start]
2014-07-10T09:57:45.793+0200: 11.941: [GC (Allocation Failure) 11.941: [ParNew: 9745K->1059K(9792K), 0.0042323 secs] 23522K->19127K(31680K), 0.0043903 secs] [Times: user=0.03 sys=0.00, real=0.00 secs] 
2014-07-10T09:57:45.843+0200: 11.991: [GC (Allocation Failure) 11.991: [ParNew: 9745K->9745K(9792K), 0.0000565 secs]11.991: [CMS2014-07-10T09:57:45.843+0200: 11.991: [CMS-concurrent-abortable-preclean: 0.001/0.087 secs] [Times: user=0.05 sys=0.00, real=0.09 secs] 
 (concurrent mode failure): 18068K->6183K(21888K), 0.0072753 secs] 27813K->6183K(31680K), [Metaspace: 2457K->2457K(1056768K)], 0.0075151 secs] [Times: user=0.00 sys=0.00, real=0.01 secs] 
2014-07-10T09:57:45.854+0200: 12.003: [GC (Allocation Failure) 12.003: [ParNew: 8686K->1059K(9792K), 0.0050422 secs] 14869K->12497K(31680K), 0.0052721 secs] [Times: user=0.03 sys=0.00, real=0.00 secs] 
2014-07-10T09:57:45.860+0200: 12.009: [GC (CMS Initial Mark) [1 CMS-initial-mark: 11437K(21888K)] 12947K(31680K), 0.0002830 secs] [Times: user=0.00 sys=0.00, real=0.00 secs] 
2014-07-10T09:57:45.861+0200: 12.009: [CMS-concurrent-mark-start]
2014-07-10T09:57:45.862+0200: 12.010: [CMS-concurrent-mark: 0.001/0.001 secs] [Times: user=0.00 sys=0.00, real=0.00 secs] 
2014-07-10T09:57:45.862+0200: 12.010: [CMS-concurrent-preclean-start]
2014-07-10T09:57:45.862+0200: 12.010: [CMS-concurrent-preclean: 0.000/0.000 secs] [Times: user=0.00 sys=0.00, real=0.00 secs] 
2014-07-10T09:57:45.862+0200: 12.010: [CMS-concurrent-abortable-preclean-start]
2014-07-10T09:57:45.893+0200: 12.041: [GC (Allocation Failure) 12.041: [ParNew: 9760K->1059K(9792K), 0.0039225 secs] 21198K->16564K(31680K), 0.0040871 secs] [Times: user=0.00 sys=0.00, real=0.00 secs] 
2014-07-10T09:57:45.943+0200: 12.091: [GC (Allocation Failure) 12.091: [ParNew: 9745K->1059K(9792K), 0.0064207 secs] 25250K->21113K(31680K), 0.0066616 secs] [Times: user=0.00 sys=0.00, real=0.01 secs] 
2014-07-10T09:57:45.952+0200: 12.100: [CMS-concurrent-abortable-preclean: 0.002/0.090 secs] [Times: user=0.03 sys=0.00, real=0.09 secs] 
2014-07-10T09:57:45.952+0200: 12.101: [GC (CMS Final Remark) [YG occupancy: 3656 K (9792 K)]12.101: [Rescan (parallel) , 0.0002819 secs]12.101: [weak refs processing, 0.0000645 secs]12.101: [class unloading, 0.0012396 secs]12.102: [scrub symbol table, 0.0013459 secs]12.104: [scrub string table, 0.0004466 secs][1 CMS-remark: 20053K(21888K)] 23710K(31680K), 0.0037575 secs] [Times: user=0.00 sys=0.00, real=0.00 secs] 
2014-07-10T09:57:45.956+0200: 12.105: [CMS-concurrent-sweep-start]
2014-07-10T09:57:45.957+0200: 12.106: [CMS-concurrent-sweep: 0.001/0.001 secs] [Times: user=0.00 sys=0.00, real=0.00 secs] 
2014-07-10T09:57:45.957+0200: 12.106: [CMS-concurrent-reset-start]
2014-07-10T09:57:45.958+0200: 12.106: [CMS-concurrent-reset: 0.000/0.000 secs] [Times: user=0.00 sys=0.00, real=0.00 secs] 
2014-07-10T09:57:45.960+0200: 12.109: [GC (Allocation Failure) 12.109: [ParNew: 9745K->1059K(9792K), 0.0089790 secs] 23970K->20311K(31680K), 0.0091972 secs] [Times: user=0.03 sys=0.00, real=0.01 secs] 
2014-07-10T09:57:45.970+0200: 12.119: [GC (CMS Initial Mark) [1 CMS-initial-mark: 19252K(21888K)] 20826K(31680K), 0.0006126 secs] [Times: user=0.00 sys=0.00, real=0.00 secs] 
2014-07-10T09:57:45.971+0200: 12.119: [CMS-concurrent-mark-start]
2014-07-10T09:57:45.973+0200: 12.121: [CMS-concurrent-mark: 0.002/0.002 secs] [Times: user=0.00 sys=0.00, real=0.00 secs] 
2014-07-10T09:57:45.973+0200: 12.122: [CMS-concurrent-preclean-start]
2014-07-10T09:57:45.974+0200: 12.122: [CMS-concurrent-preclean: 0.000/0.000 secs] [Times: user=0.00 sys=0.00, real=0.00 secs] 
2014-07-10T09:57:45.974+0200: 12.122: [CMS-concurrent-abortable-preclean-start]
2014-07-10T09:57:45.974+0200: 12.122: [CMS-concurrent-abortable-preclean: 0.000/0.000 secs] [Times: user=0.00 sys=0.00, real=0.00 secs] 
2014-07-10T09:57:45.974+0200: 12.122: [GC (CMS Final Remark) [YG occupancy: 3176 K (9792 K)]12.122: [Rescan (parallel) , 0.0001195 secs]12.122: [weak refs processing, 0.0000301 secs]12.122: [class unloading, 0.0006519 secs]12.123: [scrub symbol table, 0.0006332 secs]12.124: [scrub string table, 0.0002090 secs][1 CMS-remark: 19252K(21888K)] 22428K(31680K), 0.0017957 secs] [Times: user=0.00 sys=0.00, real=0.00 secs] 
2014-07-10T09:57:45.976+0200: 12.124: [CMS-concurrent-sweep-start]
2014-07-10T09:57:45.976+0200: 12.124: [CMS-concurrent-sweep: 0.000/0.000 secs] [Times: user=0.00 sys=0.00, real=0.00 secs] 
2014-07-10T09:57:45.976+0200: 12.124: [CMS-concurrent-reset-start]
2014-07-10T09:57:45.976+0200: 12.124: [CMS-concurrent-reset: 0.000/0.000 secs] [Times: user=0.00 sys=0.00, real=0.00 secs] 
2014-07-10T09:57:45.993+0200: 12.141: [GC (Allocation Failure) 12.141: [ParNew: 9745K->1059K(9792K), 0.0050943 secs] 15132K->11953K(31680K), 0.0052402 secs] [Times: user=0.00 sys=0.00, real=0.00 secs] 
2014-07-10T09:57:45.998+0200: 12.146: [GC (CMS Initial Mark) [1 CMS-initial-mark: 10894K(21888K)] 12019K(31680K), 0.0002841 secs] [Times: user=0.00 sys=0.00, real=0.00 secs] 
2014-07-10T09:57:45.999+0200: 12.147: [CMS-concurrent-mark-start]
2014-07-10T09:57:45.999+0200: 12.148: [CMS-concurrent-mark: 0.001/0.001 secs] [Times: user=0.00 sys=0.00, real=0.00 secs] 
2014-07-10T09:57:45.999+0200: 12.148: [CMS-concurrent-preclean-start]
2014-07-10T09:57:46.000+0200: 12.148: [CMS-concurrent-preclean: 0.000/0.000 secs] [Times: user=0.00 sys=0.00, real=0.00 secs] 
2014-07-10T09:57:46.000+0200: 12.148: [GC (CMS Final Remark) [YG occupancy: 2694 K (9792 K)]12.148: [Rescan (parallel) , 0.0001225 secs]12.148: [weak refs processing, 0.0000334 secs]12.148: [class unloading, 0.0004623 secs]12.149: [scrub symbol table, 0.0006225 secs]12.149: [scrub string table, 0.0001873 secs][1 CMS-remark: 10894K(21888K)] 13588K(31680K), 0.0015780 secs] [Times: user=0.00 sys=0.00, real=0.00 secs] 
2014-07-10T09:57:46.001+0200: 12.150: [CMS-concurrent-sweep-start]
2014-07-10T09:57:46.002+0200: 12.150: [CMS-concurrent-sweep: 0.000/0.000 secs] [Times: user=0.00 sys=0.00, real=0.00 secs] 
2014-07-10T09:57:46.002+0200: 12.150: [CMS-concurrent-reset-start]
2014-07-10T09:57:46.002+0200: 12.150: [CMS-concurrent-reset: 0.000/0.000 secs] [Times: user=0.00 sys=0.00, real=0.00 secs] 
2014-07-10T09:57:46.043+0200: 12.191: [GC (Allocation Failure) 12.191: [ParNew: 9745K->1059K(9792K), 0.0057835 secs] 15613K->12915K(31680K), 0.0059437 secs] [Times: user=0.03 sys=0.00, real=0.01 secs] 
2014-07-10T09:57:46.049+0200: 12.197: [GC (CMS Initial Mark) [1 CMS-initial-mark: 11855K(21888K)] 12947K(31680K), 0.0002596 secs] [Times: user=0.00 sys=0.00, real=0.00 secs] 
2014-07-10T09:57:46.049+0200: 12.198: [CMS-concurrent-mark-start]
2014-07-10T09:57:46.050+0200: 12.199: [CMS-concurrent-mark: 0.001/0.001 secs] [Times: user=0.00 sys=0.00, real=0.00 secs] 
2014-07-10T09:57:46.050+0200: 12.199: [CMS-concurrent-preclean-start]
2014-07-10T09:57:46.050+0200: 12.199: [CMS-concurrent-preclean: 0.000/0.000 secs] [Times: user=0.00 sys=0.00, real=0.00 secs] 
2014-07-10T09:57:46.050+0200: 12.199: [CMS-concurrent-abortable-preclean-start]
2014-07-10T09:57:46.053+0200: 12.201: [GC (Allocation Failure) 12.201: [ParNew: 9745K->1059K(9792K), 0.0059514 secs] 21601K->19383K(31680K), 0.0061043 secs] [Times: user=0.00 sys=0.00, real=0.01 secs] 
2014-07-10T09:57:46.093+0200: 12.242: [GC (Allocation Failure) 12.242: [ParNew: 9745K->9745K(9792K), 0.0000865 secs]12.242: [CMS2014-07-10T09:57:46.094+0200: 12.242: [CMS-concurrent-abortable-preclean: 0.001/0.043 secs] [Times: user=0.02 sys=0.00, real=0.04 secs] 
 (concurrent mode failure): 18323K->8361K(21888K), 0.0076929 secs] 28069K->8361K(31680K), [Metaspace: 2457K->2457K(1056768K)], 0.0079360 secs] [Times: user=0.00 sys=0.00, real=0.01 secs] 
2014-07-10T09:57:46.144+0200: 12.292: [GC (Allocation Failure) 12.292: [ParNew: 8697K->1061K(9792K), 0.0047782 secs] 17059K->15318K(31680K), 0.0049623 secs] [Times: user=0.00 sys=0.00, real=0.00 secs] 
2014-07-10T09:57:46.149+0200: 12.297: [GC (CMS Initial Mark) [1 CMS-initial-mark: 14256K(21888K)] 15384K(31680K), 0.0001870 secs] [Times: user=0.00 sys=0.00, real=0.00 secs] 
2014-07-10T09:57:46.149+0200: 12.297: [CMS-concurrent-mark-start]
2014-07-10T09:57:46.150+0200: 12.298: [CMS-concurrent-mark: 0.001/0.001 secs] [Times: user=0.00 sys=0.00, real=0.00 secs] 
2014-07-10T09:57:46.150+0200: 12.298: [CMS-concurrent-preclean-start]
2014-07-10T09:57:46.150+0200: 12.298: [CMS-concurrent-preclean: 0.000/0.000 secs] [Times: user=0.00 sys=0.00, real=0.00 secs] 
2014-07-10T09:57:46.150+0200: 12.298: [CMS-concurrent-abortable-preclean-start]
2014-07-10T09:57:46.154+0200: 12.302: [GC (Allocation Failure) 12.302: [ParNew: 9747K->1059K(9792K), 0.0058194 secs] 24004K->21689K(31680K), 0.0059584 secs] [Times: user=0.01 sys=0.00, real=0.01 secs] 
2014-07-10T09:57:46.161+0200: 12.309: [CMS-concurrent-abortable-preclean: 0.001/0.011 secs] [Times: user=0.01 sys=0.00, real=0.01 secs] 
2014-07-10T09:57:46.161+0200: 12.309: [GC (CMS Final Remark) [YG occupancy: 1829 K (9792 K)]12.309: [Rescan (parallel) , 0.0000950 secs]12.309: [weak refs processing, 0.0000279 secs]12.309: [class unloading, 0.0004700 secs]12.310: [scrub symbol table, 0.0005829 secs]12.310: [scrub string table, 0.0001624 secs][1 CMS-remark: 20630K(21888K)] 22460K(31680K), 0.0014599 secs] [Times: user=0.00 sys=0.00, real=0.00 secs] 
2014-07-10T09:57:46.163+0200: 12.311: [CMS-concurrent-sweep-start]
2014-07-10T09:57:46.163+0200: 12.311: [CMS-concurrent-sweep: 0.000/0.000 secs] [Times: user=0.00 sys=0.00, real=0.00 secs] 
2014-07-10T09:57:46.163+0200: 12.311: [CMS-concurrent-reset-start]
2014-07-10T09:57:46.163+0200: 12.311: [CMS-concurrent-reset: 0.000/0.000 secs] [Times: user=0.00 sys=0.00, real=0.00 secs] 
2014-07-10T09:57:46.193+0200: 12.341: [GC (Allocation Failure) 12.341: [ParNew: 9745K->1059K(9792K), 0.0061531 secs] 22370K->20537K(31680K), 0.0063104 secs] [Times: user=0.00 sys=0.00, real=0.01 secs] 
2014-07-10T09:57:46.199+0200: 12.348: [GC (CMS Initial Mark) [1 CMS-initial-mark: 19477K(21888K)] 20569K(31680K), 0.0001980 secs] [Times: user=0.00 sys=0.00, real=0.00 secs] 
2014-07-10T09:57:46.200+0200: 12.348: [CMS-concurrent-mark-start]
2014-07-10T09:57:46.200+0200: 12.349: [CMS-concurrent-mark: 0.001/0.001 secs] [Times: user=0.00 sys=0.00, real=0.00 secs] 
2014-07-10T09:57:46.200+0200: 12.349: [CMS-concurrent-preclean-start]
2014-07-10T09:57:46.200+0200: 12.349: [CMS-concurrent-preclean: 0.000/0.000 secs] [Times: user=0.00 sys=0.00, real=0.00 secs] 
2014-07-10T09:57:46.201+0200: 12.349: [GC (CMS Final Remark) [YG occupancy: 1349 K (9792 K)]12.349: [Rescan (parallel) , 0.0000942 secs]12.349: [weak refs processing, 0.0000260 secs]12.349: [class unloading, 0.0003960 secs]12.349: [scrub symbol table, 0.0005521 secs]12.350: [scrub string table, 0.0001708 secs][1 CMS-remark: 19477K(21888K)] 20827K(31680K), 0.0013598 secs] [Times: user=0.02 sys=0.00, real=0.00 secs] 
2014-07-10T09:57:46.202+0200: 12.350: [CMS-concurrent-sweep-start]
2014-07-10T09:57:46.202+0200: 12.350: [CMS-concurrent-sweep: 0.000/0.000 secs] [Times: user=0.00 sys=0.00, real=0.00 secs] 
2014-07-10T09:57:46.202+0200: 12.351: [CMS-concurrent-reset-start]
2014-07-10T09:57:46.202+0200: 12.351: [CMS-concurrent-reset: 0.000/0.000 secs] [Times: user=0.00 sys=0.00, real=0.00 secs] 
2014-07-10T09:57:46.243+0200: 12.392: [GC (Allocation Failure) 12.392: [ParNew: 9747K->195K(9792K), 0.0012770 secs] 16960K->7408K(31680K), 0.0014977 secs] [Times: user=0.00 sys=0.00, real=0.00 secs] 
2014-07-10T09:57:46.292+0200: 12.440: [GC (Allocation Failure) 12.441: [ParNew: 8881K->677K(9792K), 0.0008260 secs] 16094K->7890K(31680K), 0.0009606 secs] [Times: user=0.00 sys=0.00, real=0.00 secs] 
2014-07-10T09:57:46.341+0200: 12.490: [GC (Allocation Failure) 12.490: [ParNew: 9363K->1059K(9792K), 0.0019351 secs] 16577K->8372K(31680K), 0.0021407 secs] [Times: user=0.02 sys=0.00, real=0.00 secs] 
2014-07-10T09:57:46.352+0200: 12.500: [GC (Allocation Failure) 12.500: [ParNew: 9745K->1059K(9792K), 0.0023845 secs] 17058K->8949K(31680K), 0.0026214 secs] [Times: user=0.00 sys=0.00, real=0.00 secs] 
2014-07-10T09:57:46.391+0200: 12.539: [GC (Allocation Failure) 12.539: [ParNew: 9757K->579K(9792K), 0.0005543 secs] 17647K->8470K(31680K), 0.0006288 secs] [Times: user=0.00 sys=0.00, real=0.00 secs] 
2014-07-10T09:57:46.441+0200: 12.590: [GC (Allocation Failure) 12.590: [ParNew: 9265K->1059K(9792K), 0.0015420 secs] 17156K->8952K(31680K), 0.0017400 secs] [Times: user=0.00 sys=0.00, real=0.00 secs] 
2014-07-10T09:57:46.450+0200: 12.599: [GC (Allocation Failure) 12.599: [ParNew: 9745K->1059K(9792K), 0.0025147 secs] 17639K->9434K(31680K), 0.0027886 secs] [Times: user=0.00 sys=0.02, real=0.00 secs] 
2014-07-10T09:57:46.492+0200: 12.641: [GC (Allocation Failure) 12.641: [ParNew: 9745K->1059K(9792K), 0.0023468 secs] 18120K->10395K(31680K), 0.0025667 secs] [Times: user=0.00 sys=0.00, real=0.00 secs] 
2014-07-10T09:57:46.543+0200: 12.691: [GC (Allocation Failure) 12.691: [ParNew: 9745K->1059K(9792K), 0.0020696 secs] 19081K->11837K(31680K), 0.0022903 secs] [Times: user=0.03 sys=0.00, real=0.00 secs] 
2014-07-10T09:57:46.550+0200: 12.698: [GC (Allocation Failure) 12.698: [ParNew: 9745K->1059K(9792K), 0.0021011 secs] 20523K->13759K(31680K), 0.0022734 secs] [Times: user=0.00 sys=0.00, real=0.00 secs] 
2014-07-10T09:57:46.591+0200: 12.740: [GC (Allocation Failure) 12.740: [ParNew: 9745K->1059K(9792K), 0.0019237 secs] 22445K->16161K(31680K), 0.0020755 secs] [Times: user=0.00 sys=0.00, real=0.00 secs] 
2014-07-10T09:57:46.643+0200: 12.791: [GC (Allocation Failure) 12.791: [ParNew: 9751K->1061K(9792K), 0.0031735 secs] 24853K->18021K(31680K), 0.0034236 secs] [Times: user=0.00 sys=0.00, real=0.00 secs] 
2014-07-10T09:57:46.647+0200: 12.795: [GC (CMS Initial Mark) [1 CMS-initial-mark: 16960K(21888K)] 18119K(31680K), 0.0003809 secs] [Times: user=0.00 sys=0.00, real=0.00 secs] 
2014-07-10T09:57:46.647+0200: 12.796: [CMS-concurrent-mark-start]
2014-07-10T09:57:46.649+0200: 12.798: [CMS-concurrent-mark: 0.002/0.002 secs] [Times: user=0.00 sys=0.00, real=0.00 secs] 
2014-07-10T09:57:46.650+0200: 12.798: [CMS-concurrent-preclean-start]
2014-07-10T09:57:46.650+0200: 12.798: [CMS-concurrent-preclean: 0.000/0.000 secs] [Times: user=0.00 sys=0.00, real=0.00 secs] 
2014-07-10T09:57:46.650+0200: 12.798: [CMS-concurrent-abortable-preclean-start]
2014-07-10T09:57:46.654+0200: 12.803: [GC (Allocation Failure) 12.803: [ParNew: 9747K->1059K(9792K), 0.0043276 secs] 26707K->20358K(31680K), 0.0046118 secs] [Times: user=0.00 sys=0.00, real=0.00 secs] 
2014-07-10T09:57:46.692+0200: 12.840: [GC (Allocation Failure) 12.840: [ParNew: 9745K->9745K(9792K), 0.0000572 secs]12.841: [CMS2014-07-10T09:57:46.692+0200: 12.841: [CMS-concurrent-abortable-preclean: 0.001/0.042 secs] [Times: user=0.02 sys=0.00, real=0.04 secs] 
 (concurrent mode failure): 19298K->4234K(21888K), 0.0058664 secs] 29044K->4234K(31680K), [Metaspace: 2457K->2457K(1056768K)], 0.0061021 secs] [Times: user=0.00 sys=0.00, real=0.01 secs] 
2014-07-10T09:57:46.742+0200: 12.891: [GC (Allocation Failure) 12.891: [ParNew: 8686K->1059K(9792K), 0.0030346 secs] 12920K->8595K(31680K), 0.0032006 secs] [Times: user=0.00 sys=0.00, real=0.00 secs] 
2014-07-10T09:57:46.749+0200: 12.898: [GC (Allocation Failure) 12.898: [ParNew: 9745K->1059K(9792K), 0.0042034 secs] 17282K->12374K(31680K), 0.0044116 secs] [Times: user=0.00 sys=0.00, real=0.00 secs] 
2014-07-10T09:57:46.794+0200: 12.942: [GC (Allocation Failure) 12.942: [ParNew: 9745K->1059K(9792K), 0.0068676 secs] 21061K->16633K(31680K), 0.0071217 secs] [Times: user=0.03 sys=0.00, real=0.01 secs] 
2014-07-10T09:57:46.801+0200: 12.950: [GC (CMS Initial Mark) [1 CMS-initial-mark: 15574K(21888K)] 16700K(31680K), 0.0004436 secs] [Times: user=0.00 sys=0.00, real=0.00 secs] 
2014-07-10T09:57:46.802+0200: 12.950: [CMS-concurrent-mark-start]
2014-07-10T09:57:46.804+0200: 12.952: [CMS-concurrent-mark: 0.002/0.002 secs] [Times: user=0.00 sys=0.00, real=0.00 secs] 
2014-07-10T09:57:46.804+0200: 12.952: [CMS-concurrent-preclean-start]
2014-07-10T09:57:46.804+0200: 12.953: [CMS-concurrent-preclean: 0.000/0.000 secs] [Times: user=0.00 sys=0.00, real=0.00 secs] 
2014-07-10T09:57:46.804+0200: 12.953: [CMS-concurrent-abortable-preclean-start]
2014-07-10T09:57:46.844+0200: 12.992: [GC (Allocation Failure) 12.992: [ParNew: 9745K->1059K(9792K), 0.0074916 secs] 25320K->21373K(31680K), 0.0077640 secs] [Times: user=0.00 sys=0.00, real=0.01 secs] 
2014-07-10T09:57:46.854+0200: 13.003: [CMS-concurrent-abortable-preclean: 0.002/0.050 secs] [Times: user=0.00 sys=0.00, real=0.05 secs] 
2014-07-10T09:57:46.855+0200: 13.003: [GC (CMS Final Remark) [YG occupancy: 4462 K (9792 K)]13.003: [Rescan (parallel) , 0.0003135 secs]13.004: [weak refs processing, 0.0000631 secs]13.004: [class unloading, 0.0011776 secs]13.005: [scrub symbol table, 0.0012883 secs]13.007: [scrub string table, 0.0004817 secs][1 CMS-remark: 20313K(21888K)] 24776K(31680K), 0.0037451 secs] [Times: user=0.02 sys=0.00, real=0.00 secs] 
2014-07-10T09:57:46.859+0200: 13.007: [CMS-concurrent-sweep-start]
2014-07-10T09:57:46.860+0200: 13.008: [CMS-concurrent-sweep: 0.001/0.001 secs] [Times: user=0.00 sys=0.00, real=0.00 secs] 
2014-07-10T09:57:46.860+0200: 13.008: [CMS-concurrent-reset-start]
2014-07-10T09:57:46.860+0200: 13.009: [CMS-concurrent-reset: 0.000/0.000 secs] [Times: user=0.00 sys=0.00, real=0.00 secs] 
2014-07-10T09:57:46.863+0200: 13.011: [GC (Allocation Failure) 13.011: [ParNew: 9762K->1061K(9792K), 0.0060262 secs] 19124K->13977K(31680K), 0.0062312 secs] [Times: user=0.00 sys=0.00, real=0.01 secs] 
2014-07-10T09:57:46.870+0200: 13.018: [GC (CMS Initial Mark) [1 CMS-initial-mark: 12916K(21888K)] 14043K(31680K), 0.0004073 secs] [Times: user=0.00 sys=0.00, real=0.00 secs] 
2014-07-10T09:57:46.870+0200: 13.018: [CMS-concurrent-mark-start]
2014-07-10T09:57:46.872+0200: 13.021: [CMS-concurrent-mark: 0.002/0.002 secs] [Times: user=0.00 sys=0.00, real=0.00 secs] 
2014-07-10T09:57:46.872+0200: 13.021: [CMS-concurrent-preclean-start]
2014-07-10T09:57:46.873+0200: 13.021: [CMS-concurrent-preclean: 0.000/0.000 secs] [Times: user=0.03 sys=0.00, real=0.00 secs] 
2014-07-10T09:57:46.873+0200: 13.021: [CMS-concurrent-abortable-preclean-start]
2014-07-10T09:57:46.892+0200: 13.040: [GC (Allocation Failure) 13.041: [ParNew: 9753K->1059K(9792K), 0.0034331 secs] 22669K->17500K(31680K), 0.0035926 secs] [Times: user=0.00 sys=0.00, real=0.00 secs] 
2014-07-10T09:57:46.944+0200: 13.092: [GC (Allocation Failure) 13.092: [ParNew: 9745K->1059K(9792K), 0.0067019 secs] 26186K->21503K(31680K), 0.0069850 secs] [Times: user=0.02 sys=0.00, real=0.01 secs] 
2014-07-10T09:57:46.953+0200: 13.101: [CMS-concurrent-abortable-preclean: 0.002/0.080 secs] [Times: user=0.02 sys=0.00, real=0.08 secs] 
2014-07-10T09:57:46.954+0200: 13.102: [GC (CMS Final Remark) [YG occupancy: 4779 K (9792 K)]13.102: [Rescan (parallel) , 0.0003021 secs]13.103: [weak refs processing, 0.0000649 secs]13.103: [class unloading, 0.0013800 secs]13.104: [scrub symbol table, 0.0012711 secs]13.106: [scrub string table, 0.0004583 secs][1 CMS-remark: 20444K(21888K)] 25223K(31680K), 0.0038496 secs] [Times: user=0.00 sys=0.00, real=0.00 secs] 
2014-07-10T09:57:46.958+0200: 13.106: [CMS-concurrent-sweep-start]
2014-07-10T09:57:46.959+0200: 13.108: [CMS-concurrent-sweep: 0.001/0.001 secs] [Times: user=0.00 sys=0.00, real=0.00 secs] 
2014-07-10T09:57:46.959+0200: 13.108: [CMS-concurrent-reset-start]
2014-07-10T09:57:46.960+0200: 13.108: [CMS-concurrent-reset: 0.000/0.000 secs] [Times: user=0.00 sys=0.00, real=0.00 secs] 
2014-07-10T09:57:46.962+0200: 13.111: [GC (Allocation Failure) 13.111: [ParNew: 9745K->1059K(9792K), 0.0050965 secs] 21191K->16988K(31680K), 0.0052915 secs] [Times: user=0.02 sys=0.00, real=0.01 secs] 
2014-07-10T09:57:46.969+0200: 13.117: [GC (CMS Initial Mark) [1 CMS-initial-mark: 15928K(21888K)] 19649K(31680K), 0.0002614 secs] [Times: user=0.00 sys=0.00, real=0.00 secs] 
2014-07-10T09:57:46.969+0200: 13.118: [CMS-concurrent-mark-start]
2014-07-10T09:57:46.970+0200: 13.118: [CMS-concurrent-mark: 0.001/0.001 secs] [Times: user=0.00 sys=0.00, real=0.00 secs] 
2014-07-10T09:57:46.970+0200: 13.118: [CMS-concurrent-preclean-start]
2014-07-10T09:57:46.971+0200: 13.119: [CMS-concurrent-preclean: 0.001/0.001 secs] [Times: user=0.00 sys=0.00, real=0.00 secs] 
2014-07-10T09:57:46.971+0200: 13.119: [CMS-concurrent-abortable-preclean-start]
2014-07-10T09:57:46.992+0200: 13.141: [GC (Allocation Failure) 13.141: [ParNew: 9745K->1059K(9792K), 0.0048189 secs] 25674K->21951K(31680K), 0.0049802 secs] [Times: user=0.03 sys=0.00, real=0.00 secs] 
2014-07-10T09:57:46.997+0200: 13.146: [CMS-concurrent-abortable-preclean: 0.000/0.026 secs] [Times: user=0.03 sys=0.00, real=0.03 secs] 
2014-07-10T09:57:46.998+0200: 13.146: [GC (CMS Final Remark) [YG occupancy: 1637 K (9792 K)]13.146: [Rescan (parallel) , 0.0001690 secs]13.146: [weak refs processing, 0.0000271 secs]13.146: [class unloading, 0.0004418 secs]13.147: [scrub symbol table, 0.0005690 secs]13.147: [scrub string table, 0.0001642 secs][1 CMS-remark: 20892K(21888K)] 22530K(31680K), 0.0014837 secs] [Times: user=0.00 sys=0.00, real=0.00 secs] 
2014-07-10T09:57:46.999+0200: 13.148: [CMS-concurrent-sweep-start]
2014-07-10T09:57:47.000+0200: 13.148: [CMS-concurrent-sweep: 0.000/0.000 secs] [Times: user=0.00 sys=0.00, real=0.00 secs] 
2014-07-10T09:57:47.000+0200: 13.148: [CMS-concurrent-reset-start]
2014-07-10T09:57:47.000+0200: 13.148: [CMS-concurrent-reset: 0.000/0.000 secs] [Times: user=0.00 sys=0.00, real=0.00 secs] 
2014-07-10T09:57:47.043+0200: 13.191: [GC (Allocation Failure) 13.191: [ParNew: 9745K->1059K(9792K), 0.0049817 secs] 15074K->11831K(31680K), 0.0051232 secs] [Times: user=0.03 sys=0.00, real=0.01 secs] 
2014-07-10T09:57:47.048+0200: 13.196: [GC (CMS Initial Mark) [1 CMS-initial-mark: 10772K(21888K)] 11897K(31680K), 0.0002218 secs] [Times: user=0.00 sys=0.00, real=0.00 secs] 
2014-07-10T09:57:47.048+0200: 13.197: [CMS-concurrent-mark-start]
2014-07-10T09:57:47.049+0200: 13.197: [CMS-concurrent-mark: 0.001/0.001 secs] [Times: user=0.00 sys=0.00, real=0.00 secs] 
2014-07-10T09:57:47.049+0200: 13.197: [CMS-concurrent-preclean-start]
2014-07-10T09:57:47.049+0200: 13.198: [CMS-concurrent-preclean: 0.000/0.000 secs] [Times: user=0.00 sys=0.00, real=0.00 secs] 
2014-07-10T09:57:47.049+0200: 13.198: [CMS-concurrent-abortable-preclean-start]
2014-07-10T09:57:47.052+0200: 13.200: [GC (Allocation Failure) 13.200: [ParNew: 9745K->1059K(9792K), 0.0052688 secs] 20518K->17755K(31680K), 0.0054103 secs] [Times: user=0.00 sys=0.00, real=0.00 secs] 
2014-07-10T09:57:47.095+0200: 13.243: [GC (Allocation Failure) 13.243: [ParNew: 9751K->9751K(9792K), 0.0000480 secs]13.243: [CMS2014-07-10T09:57:47.097+0200: 13.245: [CMS-concurrent-abortable-preclean: 0.001/0.047 secs] [Times: user=0.00 sys=0.00, real=0.05 secs] 
 (concurrent mode failure): 16696K->6799K(21888K), 0.0295995 secs] 26447K->6799K(31680K), [Metaspace: 2457K->2457K(1056768K)], 0.0298191 secs] [Times: user=0.00 sys=0.00, real=0.03 secs] 
2014-07-10T09:57:47.149+0200: 13.297: [GC (Allocation Failure) 13.297: [ParNew: 8686K->1059K(9792K), 0.0050088 secs] 15485K->13721K(31680K), 0.0054000 secs] [Times: user=0.01 sys=0.00, real=0.01 secs] 
2014-07-10T09:57:47.161+0200: 13.309: [GC (CMS Initial Mark) [1 CMS-initial-mark: 12662K(21888K)] 14491K(31680K), 0.0005261 secs] [Times: user=0.00 sys=0.00, real=0.00 secs] 
2014-07-10T09:57:47.162+0200: 13.310: [CMS-concurrent-mark-start]
2014-07-10T09:57:47.163+0200: 13.311: [CMS-concurrent-mark: 0.001/0.001 secs] [Times: user=0.00 sys=0.00, real=0.00 secs] 
2014-07-10T09:57:47.163+0200: 13.311: [CMS-concurrent-preclean-start]
2014-07-10T09:57:47.163+0200: 13.311: [CMS-concurrent-preclean: 0.000/0.000 secs] [Times: user=0.00 sys=0.00, real=0.00 secs] 
2014-07-10T09:57:47.163+0200: 13.311: [GC (CMS Final Remark) [YG occupancy: 2952 K (9792 K)]13.311: [Rescan (parallel) , 0.0001998 secs]13.312: [weak refs processing, 0.0000271 secs]13.312: [class unloading, 0.0004044 secs]13.312: [scrub symbol table, 0.0007875 secs]13.313: [scrub string table, 0.0001734 secs][1 CMS-remark: 12662K(21888K)] 15614K(31680K), 0.0017224 secs] [Times: user=0.00 sys=0.00, real=0.00 secs] 
2014-07-10T09:57:47.165+0200: 13.313: [CMS-concurrent-sweep-start]
2014-07-10T09:57:47.165+0200: 13.313: [CMS-concurrent-sweep: 0.000/0.000 secs] [Times: user=0.00 sys=0.00, real=0.00 secs] 
2014-07-10T09:57:47.165+0200: 13.313: [CMS-concurrent-reset-start]
2014-07-10T09:57:47.165+0200: 13.314: [CMS-concurrent-reset: 0.000/0.000 secs] [Times: user=0.00 sys=0.00, real=0.00 secs] 
2014-07-10T09:57:47.174+0200: 13.323: [GC (Allocation Failure) 13.323: [ParNew: 9745K->1059K(9792K), 0.0114402 secs] 15971K->13625K(31680K), 0.0115461 secs] [Times: user=0.02 sys=0.00, real=0.01 secs] 
2014-07-10T09:57:47.188+0200: 13.336: [GC (CMS Initial Mark) [1 CMS-initial-mark: 12565K(21888K)] 14427K(31680K), 0.0003714 secs] [Times: user=0.00 sys=0.00, real=0.00 secs] 
2014-07-10T09:57:47.189+0200: 13.337: [CMS-concurrent-mark-start]
2014-07-10T09:57:47.190+0200: 13.338: [CMS-concurrent-mark: 0.001/0.001 secs] [Times: user=0.00 sys=0.00, real=0.00 secs] 
2014-07-10T09:57:47.190+0200: 13.338: [CMS-concurrent-preclean-start]
2014-07-10T09:57:47.190+0200: 13.338: [CMS-concurrent-preclean: 0.000/0.000 secs] [Times: user=0.00 sys=0.00, real=0.00 secs] 
2014-07-10T09:57:47.191+0200: 13.339: [GC (CMS Final Remark) [YG occupancy: 1861 K (9792 K)]13.339: [Rescan (parallel) , 0.0002090 secs]13.339: [weak refs processing, 0.0000271 secs]13.339: [class unloading, 0.0004737 secs]13.340: [scrub symbol table, 0.0005756 secs]13.340: [scrub string table, 0.0001734 secs][1 CMS-remark: 12565K(21888K)] 14427K(31680K), 0.0015901 secs] [Times: user=0.00 sys=0.00, real=0.00 secs] 
2014-07-10T09:57:47.193+0200: 13.341: [CMS-concurrent-sweep-start]
2014-07-10T09:57:47.193+0200: 13.341: [CMS-concurrent-sweep: 0.000/0.000 secs] [Times: user=0.00 sys=0.00, real=0.00 secs] 
2014-07-10T09:57:47.193+0200: 13.342: [CMS-concurrent-reset-start]
2014-07-10T09:57:47.193+0200: 13.342: [CMS-concurrent-reset: 0.000/0.000 secs] [Times: user=0.00 sys=0.00, real=0.00 secs] 
2014-07-10T09:57:47.197+0200: 13.345: [GC (Allocation Failure) 13.346: [ParNew: 9745K->1059K(9792K), 0.0067037 secs] 10111K->8245K(31680K), 0.0068651 secs] [Times: user=0.03 sys=0.00, real=0.01 secs] 
2014-07-10T09:57:47.204+0200: 13.353: [GC (CMS Initial Mark) [1 CMS-initial-mark: 7186K(21888K)] 8311K(31680K), 0.0001793 secs] [Times: user=0.00 sys=0.00, real=0.00 secs] 
2014-07-10T09:57:47.205+0200: 13.353: [CMS-concurrent-mark-start]
2014-07-10T09:57:47.205+0200: 13.354: [CMS-concurrent-mark: 0.001/0.001 secs] [Times: user=0.00 sys=0.00, real=0.00 secs] 
2014-07-10T09:57:47.205+0200: 13.354: [CMS-concurrent-preclean-start]
2014-07-10T09:57:47.206+0200: 13.354: [CMS-concurrent-preclean: 0.000/0.000 secs] [Times: user=0.00 sys=0.00, real=0.00 secs] 
2014-07-10T09:57:47.208+0200: 13.356: [GC (CMS Final Remark) [YG occupancy: 1381 K (9792 K)]13.356: [Rescan (parallel) , 0.0019303 secs]13.358: [weak refs processing, 0.0000304 secs]13.358: [class unloading, 0.0004722 secs]13.359: [scrub symbol table, 0.0006640 secs]13.359: [scrub string table, 0.0001862 secs][1 CMS-remark: 7186K(21888K)] 8568K(31680K), 0.0034745 secs] [Times: user=0.00 sys=0.00, real=0.00 secs] 
2014-07-10T09:57:47.211+0200: 13.360: [CMS-concurrent-sweep-start]
2014-07-10T09:57:47.212+0200: 13.360: [CMS-concurrent-sweep: 0.000/0.000 secs] [Times: user=0.00 sys=0.00, real=0.00 secs] 
2014-07-10T09:57:47.212+0200: 13.360: [CMS-concurrent-reset-start]
2014-07-10T09:57:47.212+0200: 13.360: [CMS-concurrent-reset: 0.000/0.000 secs] [Times: user=0.00 sys=0.00, real=0.00 secs] 
2014-07-10T09:57:47.244+0200: 13.392: [GC (Allocation Failure) 13.392: [ParNew: 9747K->163K(9792K), 0.0006200 secs] 16933K->7349K(31680K), 0.0007391 secs] [Times: user=0.00 sys=0.00, real=0.00 secs] 
2014-07-10T09:57:47.291+0200: 13.439: [GC (Allocation Failure) 13.439: [ParNew: 8849K->645K(9792K), 0.0005631 secs] 16035K->7831K(31680K), 0.0006376 secs] [Times: user=0.00 sys=0.00, real=0.00 secs] 
2014-07-10T09:57:47.342+0200: 13.490: [GC (Allocation Failure) 13.491: [ParNew: 9331K->1059K(9792K), 0.0006893 secs] 16517K->8313K(31680K), 0.0007747 secs] [Times: user=0.00 sys=0.00, real=0.00 secs] 
2014-07-10T09:57:47.346+0200: 13.495: [GC (Allocation Failure) 13.495: [ParNew: 9745K->1059K(9792K), 0.0013386 secs] 16999K->8858K(31680K), 0.0014562 secs] [Times: user=0.00 sys=0.00, real=0.00 secs] 
2014-07-10T09:57:47.391+0200: 13.539: [GC (Allocation Failure) 13.539: [ParNew: 9757K->547K(9792K), 0.0020348 secs] 17555K->8347K(31680K), 0.0021224 secs] [Times: user=0.00 sys=0.00, real=0.00 secs] 
2014-07-10T09:57:47.451+0200: 13.599: [GC (Allocation Failure) 13.599: [ParNew: 9233K->1027K(9792K), 0.0061908 secs] 17033K->8829K(31680K), 0.0063122 secs] [Times: user=0.00 sys=0.00, real=0.01 secs] 
2014-07-10T09:57:47.462+0200: 13.610: [GC (Allocation Failure) 13.610: [ParNew: 9713K->1059K(9792K), 0.0119718 secs] 17516K->9311K(31680K), 0.0121074 secs] [Times: user=0.02 sys=0.00, real=0.01 secs] 
2014-07-10T09:57:47.491+0200: 13.640: [GC (Allocation Failure) 13.640: [ParNew: 9745K->1059K(9792K), 0.0009642 secs] 17997K->10240K(31680K), 0.0010544 secs] [Times: user=0.00 sys=0.00, real=0.00 secs] 
2014-07-10T09:57:47.541+0200: 13.690: [GC (Allocation Failure) 13.690: [ParNew: 9745K->1059K(9792K), 0.0011589 secs] 18927K->11650K(31680K), 0.0012843 secs] [Times: user=0.00 sys=0.01, real=0.00 secs] 
2014-07-10T09:57:47.577+0200: 13.725: [GC (Allocation Failure) 13.725: [ParNew: 9745K->1059K(9792K), 0.0017239 secs] 20336K->13540K(31680K), 0.0018405 secs] [Times: user=0.00 sys=0.00, real=0.00 secs] 
2014-07-10T09:57:47.592+0200: 13.741: [GC (Allocation Failure) 13.741: [ParNew: 9745K->1059K(9792K), 0.0023284 secs] 22226K->15910K(31680K), 0.0024612 secs] [Times: user=0.00 sys=0.00, real=0.00 secs] 
2014-07-10T09:57:47.641+0200: 13.790: [GC (Allocation Failure) 13.790: [ParNew: 9757K->1061K(9792K), 0.0012880 secs] 24608K->17226K(31680K), 0.0013932 secs] [Times: user=0.00 sys=0.00, real=0.00 secs] 
2014-07-10T09:57:47.647+0200: 13.795: [GC (Allocation Failure) 13.796: [ParNew: 9747K->1059K(9792K), 0.0019347 secs] 25912K->19019K(31680K), 0.0020678 secs] [Times: user=0.00 sys=0.00, real=0.00 secs] 
2014-07-10T09:57:47.649+0200: 13.798: [GC (CMS Initial Mark) [1 CMS-initial-mark: 17959K(21888K)] 19085K(31680K), 0.0002214 secs] [Times: user=0.00 sys=0.00, real=0.00 secs] 
2014-07-10T09:57:47.650+0200: 13.798: [CMS-concurrent-mark-start]
2014-07-10T09:57:47.650+0200: 13.799: [CMS-concurrent-mark: 0.001/0.001 secs] [Times: user=0.00 sys=0.00, real=0.00 secs] 
2014-07-10T09:57:47.650+0200: 13.799: [CMS-concurrent-preclean-start]
2014-07-10T09:57:47.651+0200: 13.799: [CMS-concurrent-preclean: 0.000/0.000 secs] [Times: user=0.00 sys=0.00, real=0.00 secs] 
2014-07-10T09:57:47.651+0200: 13.799: [GC (CMS Final Remark) [YG occupancy: 2982 K (9792 K)]13.799: [Rescan (parallel) , 0.0001016 secs]13.799: [weak refs processing, 0.0000260 secs]13.799: [class unloading, 0.0005074 secs]13.800: [scrub symbol table, 0.0006126 secs]13.800: [scrub string table, 0.0001763 secs][1 CMS-remark: 17959K(21888K)] 20942K(31680K), 0.0015409 secs] [Times: user=0.00 sys=0.00, real=0.00 secs] 
2014-07-10T09:57:47.652+0200: 13.801: [CMS-concurrent-sweep-start]
2014-07-10T09:57:47.653+0200: 13.801: [CMS-concurrent-sweep: 0.001/0.001 secs] [Times: user=0.03 sys=0.00, real=0.00 secs] 
2014-07-10T09:57:47.653+0200: 13.801: [CMS-concurrent-reset-start]
2014-07-10T09:57:47.653+0200: 13.802: [CMS-concurrent-reset: 0.000/0.000 secs] [Times: user=0.00 sys=0.00, real=0.00 secs] 
2014-07-10T09:57:47.692+0200: 13.841: [GC (Allocation Failure) 13.841: [ParNew: 9745K->1059K(9792K), 0.0033770 secs] 11908K->5496K(31680K), 0.0036839 secs] [Times: user=0.00 sys=0.00, real=0.00 secs] 
2014-07-10T09:57:47.743+0200: 13.891: [GC (Allocation Failure) 13.891: [ParNew: 9745K->1059K(9792K), 0.0042173 secs] 14182K->8250K(31680K), 0.0044912 secs] [Times: user=0.03 sys=0.00, real=0.00 secs] 
2014-07-10T09:57:47.755+0200: 13.903: [GC (Allocation Failure) 13.903: [ParNew: 9745K->1059K(9792K), 0.0057949 secs] 16936K->11485K(31680K), 0.0060743 secs] [Times: user=0.00 sys=0.00, real=0.01 secs] 
2014-07-10T09:57:47.792+0200: 13.941: [GC (Allocation Failure) 13.941: [ParNew: 9745K->1059K(9792K), 0.0034719 secs] 20171K->15199K(31680K), 0.0037051 secs] [Times: user=0.00 sys=0.02, real=0.00 secs] 
2014-07-10T09:57:47.796+0200: 13.945: [GC (CMS Initial Mark) [1 CMS-initial-mark: 14140K(21888K)] 15266K(31680K), 0.0002735 secs] [Times: user=0.00 sys=0.00, real=0.00 secs] 
2014-07-10T09:57:47.797+0200: 13.945: [CMS-concurrent-mark-start]
2014-07-10T09:57:47.798+0200: 13.946: [CMS-concurrent-mark: 0.001/0.001 secs] [Times: user=0.00 sys=0.00, real=0.00 secs] 
2014-07-10T09:57:47.798+0200: 13.946: [CMS-concurrent-preclean-start]
2014-07-10T09:57:47.798+0200: 13.946: [CMS-concurrent-preclean: 0.000/0.000 secs] [Times: user=0.00 sys=0.00, real=0.00 secs] 
2014-07-10T09:57:47.798+0200: 13.946: [CMS-concurrent-abortable-preclean-start]
2014-07-10T09:57:47.844+0200: 13.992: [GC (Allocation Failure) 13.992: [ParNew: 9745K->1059K(9792K), 0.0066704 secs] 23886K->19395K(31680K), 0.0070542 secs] [Times: user=0.00 sys=0.00, real=0.01 secs] 
2014-07-10T09:57:47.858+0200: 14.006: [GC (Allocation Failure) 14.007: [ParNew: 9745K->9745K(9792K), 0.0000964 secs]14.007: [CMS2014-07-10T09:57:47.858+0200: 14.007: [CMS-concurrent-abortable-preclean: 0.002/0.060 secs] [Times: user=0.02 sys=0.00, real=0.06 secs] 
 (concurrent mode failure): 18335K->6097K(21888K), 0.0095917 secs] 28081K->6097K(31680K), [Metaspace: 2457K->2457K(1056768K)], 0.0099436 secs] [Times: user=0.00 sys=0.00, real=0.01 secs] 
2014-07-10T09:57:47.893+0200: 14.041: [GC (Allocation Failure) 14.041: [ParNew: 8703K->1059K(9792K), 0.0032083 secs] 14800K->10650K(31680K), 0.0033752 secs] [Times: user=0.00 sys=0.00, real=0.00 secs] 
2014-07-10T09:57:47.943+0200: 14.091: [GC (Allocation Failure) 14.091: [ParNew: 9745K->1059K(9792K), 0.0036949 secs] 19336K->14623K(31680K), 0.0038598 secs] [Times: user=0.00 sys=0.00, real=0.00 secs] 
2014-07-10T09:57:47.947+0200: 14.095: [GC (CMS Initial Mark) [1 CMS-initial-mark: 13563K(21888K)] 14689K(31680K), 0.0002328 secs] [Times: user=0.00 sys=0.00, real=0.00 secs] 
2014-07-10T09:57:47.947+0200: 14.095: [CMS-concurrent-mark-start]
2014-07-10T09:57:47.948+0200: 14.096: [CMS-concurrent-mark: 0.001/0.001 secs] [Times: user=0.00 sys=0.00, real=0.00 secs] 
2014-07-10T09:57:47.948+0200: 14.097: [CMS-concurrent-preclean-start]
2014-07-10T09:57:47.948+0200: 14.097: [CMS-concurrent-preclean: 0.000/0.000 secs] [Times: user=0.00 sys=0.00, real=0.00 secs] 
2014-07-10T09:57:47.948+0200: 14.097: [CMS-concurrent-abortable-preclean-start]
2014-07-10T09:57:47.951+0200: 14.099: [GC (Allocation Failure) 14.099: [ParNew: 9745K->1059K(9792K), 0.0048545 secs] 23309K->19074K(31680K), 0.0050338 secs] [Times: user=0.00 sys=0.00, real=0.01 secs] 
2014-07-10T09:57:47.994+0200: 14.142: [GC (Allocation Failure) 14.143: [ParNew: 9745K->9745K(9792K), 0.0000964 secs]14.143: [CMS2014-07-10T09:57:47.995+0200: 14.143: [CMS-concurrent-abortable-preclean: 0.001/0.046 secs] [Times: user=0.03 sys=0.00, real=0.05 secs] 
 (concurrent mode failure): 18015K->6355K(21888K), 0.0134651 secs] 27760K->6355K(31680K), [Metaspace: 2457K->2457K(1056768K)], 0.0138702 secs] [Times: user=0.02 sys=0.00, real=0.01 secs] 
2014-07-10T09:57:48.044+0200: 14.192: [GC (Allocation Failure) 14.192: [ParNew: 8686K->1059K(9792K), 0.0148692 secs] 15041K->12827K(31680K), 0.0150896 secs] [Times: user=0.02 sys=0.00, real=0.02 secs] 
2014-07-10T09:57:48.059+0200: 14.210: [GC (CMS Initial Mark) [1 CMS-initial-mark: 11767K(21888K)] 13341K(31680K), 0.0008113 secs] [Times: user=0.00 sys=0.00, real=0.00 secs] 
2014-07-10T09:57:48.063+0200: 14.211: [CMS-concurrent-mark-start]
2014-07-10T09:57:48.064+0200: 14.212: [CMS-concurrent-mark: 0.001/0.001 secs] [Times: user=0.00 sys=0.00, real=0.00 secs] 
2014-07-10T09:57:48.064+0200: 14.212: [CMS-concurrent-preclean-start]
2014-07-10T09:57:48.064+0200: 14.213: [CMS-concurrent-preclean: 0.000/0.000 secs] [Times: user=0.00 sys=0.00, real=0.00 secs] 
2014-07-10T09:57:48.065+0200: 14.213: [GC (CMS Final Remark) [YG occupancy: 1573 K (9792 K)]14.213: [Rescan (parallel) , 0.0002731 secs]14.213: [weak refs processing, 0.0000378 secs]14.213: [class unloading, 0.0005547 secs]14.214: [scrub symbol table, 0.0007388 secs]14.215: [scrub string table, 0.0002757 secs][1 CMS-remark: 11767K(21888K)] 13341K(31680K), 0.0020799 secs] [Times: user=0.00 sys=0.00, real=0.00 secs] 
2014-07-10T09:57:48.067+0200: 14.216: [CMS-concurrent-sweep-start]
2014-07-10T09:57:48.068+0200: 14.216: [CMS-concurrent-sweep: 0.000/0.000 secs] [Times: user=0.00 sys=0.00, real=0.00 secs] 
2014-07-10T09:57:48.068+0200: 14.216: [CMS-concurrent-reset-start]
2014-07-10T09:57:48.068+0200: 14.216: [CMS-concurrent-reset: 0.000/0.000 secs] [Times: user=0.00 sys=0.00, real=0.00 secs] 
2014-07-10T09:57:48.075+0200: 14.224: [GC (Allocation Failure) 14.224: [ParNew: 9745K->1059K(9792K), 0.0046910 secs] 15525K->12733K(31680K), 0.0048556 secs] [Times: user=0.00 sys=0.00, real=0.01 secs] 
2014-07-10T09:57:48.081+0200: 14.229: [GC (CMS Initial Mark) [1 CMS-initial-mark: 11673K(21888K)] 12765K(31680K), 0.0003974 secs] [Times: user=0.00 sys=0.00, real=0.00 secs] 
2014-07-10T09:57:48.081+0200: 14.230: [CMS-concurrent-mark-start]
2014-07-10T09:57:48.082+0200: 14.230: [CMS-concurrent-mark: 0.001/0.001 secs] [Times: user=0.00 sys=0.00, real=0.00 secs] 
2014-07-10T09:57:48.082+0200: 14.230: [CMS-concurrent-preclean-start]
2014-07-10T09:57:48.082+0200: 14.230: [CMS-concurrent-preclean: 0.000/0.000 secs] [Times: user=0.00 sys=0.00, real=0.00 secs] 
2014-07-10T09:57:48.082+0200: 14.231: [GC (CMS Final Remark) [YG occupancy: 1091 K (9792 K)]14.231: [Rescan (parallel) , 0.0014665 secs]14.232: [weak refs processing, 0.0000293 secs]14.232: [class unloading, 0.0005580 secs]14.233: [scrub symbol table, 0.0009859 secs]14.234: [scrub string table, 0.0001782 secs][1 CMS-remark: 11673K(21888K)] 12765K(31680K), 0.0033843 secs] [Times: user=0.00 sys=0.00, real=0.00 secs] 
2014-07-10T09:57:48.086+0200: 14.234: [CMS-concurrent-sweep-start]
2014-07-10T09:57:48.086+0200: 14.234: [CMS-concurrent-sweep: 0.000/0.000 secs] [Times: user=0.00 sys=0.00, real=0.00 secs] 
2014-07-10T09:57:48.086+0200: 14.234: [CMS-concurrent-reset-start]
2014-07-10T09:57:48.086+0200: 14.234: [CMS-concurrent-reset: 0.000/0.000 secs] [Times: user=0.00 sys=0.00, real=0.00 secs] 
2014-07-10T09:57:48.096+0200: 14.244: [GC (Allocation Failure) 14.244: [ParNew: 9745K->1059K(9792K), 0.0054385 secs] 16007K->13693K(31680K), 0.0055767 secs] [Times: user=0.00 sys=0.00, real=0.01 secs] 
2014-07-10T09:57:48.101+0200: 14.250: [GC (CMS Initial Mark) [1 CMS-initial-mark: 12634K(21888K)] 13725K(31680K), 0.0001851 secs] [Times: user=0.00 sys=0.00, real=0.00 secs] 
2014-07-10T09:57:48.102+0200: 14.250: [CMS-concurrent-mark-start]
2014-07-10T09:57:48.102+0200: 14.251: [CMS-concurrent-mark: 0.001/0.001 secs] [Times: user=0.00 sys=0.00, real=0.00 secs] 
2014-07-10T09:57:48.102+0200: 14.251: [CMS-concurrent-preclean-start]
2014-07-10T09:57:48.102+0200: 14.251: [CMS-concurrent-preclean: 0.000/0.000 secs] [Times: user=0.00 sys=0.00, real=0.00 secs] 
2014-07-10T09:57:48.102+0200: 14.251: [GC (CMS Final Remark) [YG occupancy: 2859 K (9792 K)]14.251: [Rescan (parallel) , 0.0001316 secs]14.251: [weak refs processing, 0.0000282 secs]14.251: [class unloading, 0.0006104 secs]14.252: [scrub symbol table, 0.0005716 secs]14.252: [scrub string table, 0.0001679 secs][1 CMS-remark: 12634K(21888K)] 15494K(31680K), 0.0016337 secs] [Times: user=0.00 sys=0.00, real=0.00 secs] 
2014-07-10T09:57:48.104+0200: 14.253: [CMS-concurrent-sweep-start]
2014-07-10T09:57:48.104+0200: 14.253: [CMS-concurrent-sweep: 0.000/0.000 secs] [Times: user=0.00 sys=0.00, real=0.00 secs] 
2014-07-10T09:57:48.104+0200: 14.253: [CMS-concurrent-reset-start]
2014-07-10T09:57:48.105+0200: 14.253: [CMS-concurrent-reset: 0.000/0.000 secs] [Times: user=0.02 sys=0.00, real=0.00 secs] 
2014-07-10T09:57:48.143+0200: 14.291: [GC (Allocation Failure) 14.291: [ParNew: 9751K->1061K(9792K), 0.0050103 secs] 16493K->13631K(31680K), 0.0051889 secs] [Times: user=0.00 sys=0.00, real=0.01 secs] 
2014-07-10T09:57:48.148+0200: 14.297: [GC (CMS Initial Mark) [1 CMS-initial-mark: 12570K(21888K)] 13663K(31680K), 0.0001870 secs] [Times: user=0.00 sys=0.00, real=0.00 secs] 
2014-07-10T09:57:48.148+0200: 14.297: [CMS-concurrent-mark-start]
2014-07-10T09:57:48.149+0200: 14.298: [CMS-concurrent-mark: 0.001/0.001 secs] [Times: user=0.00 sys=0.00, real=0.00 secs] 
2014-07-10T09:57:48.149+0200: 14.298: [CMS-concurrent-preclean-start]
2014-07-10T09:57:48.149+0200: 14.298: [CMS-concurrent-preclean: 0.000/0.000 secs] [Times: user=0.00 sys=0.00, real=0.00 secs] 
2014-07-10T09:57:48.149+0200: 14.298: [CMS-concurrent-abortable-preclean-start]
2014-07-10T09:57:48.153+0200: 14.301: [GC (Allocation Failure) 14.301: [ParNew: 9747K->1059K(9792K), 0.0058081 secs] 22317K->19938K(31680K), 0.0059830 secs] [Times: user=0.00 sys=0.00, real=0.01 secs] 
2014-07-10T09:57:48.193+0200: 14.342: [GC (Allocation Failure) 14.342: [ParNew: 9745K->9745K(9792K), 0.0000455 secs]14.342: [CMS2014-07-10T09:57:48.193+0200: 14.342: [CMS-concurrent-abortable-preclean: 0.001/0.044 secs] [Times: user=0.01 sys=0.00, real=0.05 secs] 
 (concurrent mode failure): 18878K->8212K(21888K), 0.0074909 secs] 28624K->8212K(31680K), [Metaspace: 2457K->2457K(1056768K)], 0.0076951 secs] [Times: user=0.02 sys=0.00, real=0.01 secs] 
2014-07-10T09:57:48.244+0200: 14.393: [GC (Allocation Failure) 14.393: [ParNew: 8688K->131K(9792K), 0.0005510 secs] 16900K->8343K(31680K), 0.0006643 secs] [Times: user=0.03 sys=0.00, real=0.00 secs] 
2014-07-10T09:57:48.291+0200: 14.439: [GC (Allocation Failure) 14.439: [ParNew: 8817K->613K(9792K), 0.0005144 secs] 17029K->8825K(31680K), 0.0005899 secs] [Times: user=0.00 sys=0.00, real=0.00 secs] 
2014-07-10T09:57:48.342+0200: 14.490: [GC (Allocation Failure) 14.490: [ParNew: 9299K->1059K(9792K), 0.0015934 secs] 17512K->9311K(31680K), 0.0017895 secs] [Times: user=0.00 sys=0.00, real=0.00 secs] 
2014-07-10T09:57:48.349+0200: 14.497: [GC (Allocation Failure) 14.497: [ParNew: 9757K->37K(9792K), 0.0005760 secs] 18008K->8289K(31680K), 0.0006885 secs] [Times: user=0.00 sys=0.00, real=0.00 secs] 
2014-07-10T09:57:48.391+0200: 14.538: [GC (Allocation Failure) 14.538: [ParNew: 8727K->5K(9792K), 0.0004015 secs] 16979K->8258K(31680K), 0.0004755 secs] [Times: user=0.00 sys=0.00, real=0.00 secs] 
2014-07-10T09:57:48.441+0200: 14.589: [GC (Allocation Failure) 14.589: [ParNew: 8691K->486K(9792K), 0.0011490 secs] 16944K->8739K(31680K), 0.0013477 secs] [Times: user=0.00 sys=0.00, real=0.00 secs] 
2014-07-10T09:57:48.450+0200: 14.597: [GC (Allocation Failure) 14.597: [ParNew: 9172K->967K(9792K), 0.0017114 secs] 17425K->9220K(31680K), 0.0018881 secs] [Times: user=0.00 sys=0.00, real=0.00 secs] 
2014-07-10T09:57:48.491+0200: 14.639: [GC (Allocation Failure) 14.639: [ParNew: 9653K->1059K(9792K), 0.0010266 secs] 17906K->9702K(31680K), 0.0011538 secs] [Times: user=0.00 sys=0.00, real=0.00 secs] 
2014-07-10T09:57:48.542+0200: 14.689: [GC (Allocation Failure) 14.689: [ParNew: 9745K->1059K(9792K), 0.0025337 secs] 18388K->10568K(31680K), 0.0027640 secs] [Times: user=0.03 sys=0.00, real=0.00 secs] 
2014-07-10T09:57:48.555+0200: 14.703: [GC (Allocation Failure) 14.703: [ParNew: 9745K->1059K(9792K), 0.0016593 secs] 19254K->11913K(31680K), 0.0018130 secs] [Times: user=0.00 sys=0.00, real=0.00 secs] 
2014-07-10T09:57:48.592+0200: 14.740: [GC (Allocation Failure) 14.740: [ParNew: 9749K->1059K(9792K), 0.0010944 secs] 20603K->12715K(31680K), 0.0011981 secs] [Times: user=0.00 sys=0.00, real=0.00 secs] 
2014-07-10T09:57:48.641+0200: 14.789: [GC (Allocation Failure) 14.789: [ParNew: 9745K->1059K(9792K), 0.0016773 secs] 21401K->13997K(31680K), 0.0017880 secs] [Times: user=0.00 sys=0.00, real=0.00 secs] 
2014-07-10T09:57:48.648+0200: 14.796: [GC (Allocation Failure) 14.796: [ParNew: 9745K->1059K(9792K), 0.0019175 secs] 22683K->15759K(31680K), 0.0020579 secs] [Times: user=0.00 sys=0.00, real=0.00 secs] 
2014-07-10T09:57:48.692+0200: 14.839: [GC (Allocation Failure) 14.839: [ParNew: 9745K->1059K(9792K), 0.0018291 secs] 24445K->18001K(31680K), 0.0019603 secs] [Times: user=0.00 sys=0.00, real=0.00 secs] 
2014-07-10T09:57:48.694+0200: 14.841: [GC (CMS Initial Mark) [1 CMS-initial-mark: 16942K(21888K)] 18067K(31680K), 0.0002269 secs] [Times: user=0.00 sys=0.00, real=0.00 secs] 
2014-07-10T09:57:48.694+0200: 14.842: [CMS-concurrent-mark-start]
2014-07-10T09:57:48.695+0200: 14.843: [CMS-concurrent-mark: 0.001/0.001 secs] [Times: user=0.00 sys=0.00, real=0.00 secs] 
2014-07-10T09:57:48.695+0200: 14.843: [CMS-concurrent-preclean-start]
2014-07-10T09:57:48.695+0200: 14.843: [CMS-concurrent-preclean: 0.000/0.000 secs] [Times: user=0.00 sys=0.00, real=0.00 secs] 
2014-07-10T09:57:48.695+0200: 14.843: [GC (CMS Final Remark) [YG occupancy: 2950 K (9792 K)]14.843: [Rescan (parallel) , 0.0001895 secs]14.843: [weak refs processing, 0.0000367 secs]14.843: [class unloading, 0.0006948 secs]14.844: [scrub symbol table, 0.0006625 secs]14.845: [scrub string table, 0.0001903 secs][1 CMS-remark: 16942K(21888K)] 19892K(31680K), 0.0019493 secs] [Times: user=0.00 sys=0.00, real=0.00 secs] 
2014-07-10T09:57:48.697+0200: 14.845: [CMS-concurrent-sweep-start]
2014-07-10T09:57:48.698+0200: 14.845: [CMS-concurrent-sweep: 0.000/0.000 secs] [Times: user=0.00 sys=0.00, real=0.00 secs] 
2014-07-10T09:57:48.698+0200: 14.845: [CMS-concurrent-reset-start]
2014-07-10T09:57:48.698+0200: 14.845: [CMS-concurrent-reset: 0.000/0.000 secs] [Times: user=0.00 sys=0.00, real=0.00 secs] 
2014-07-10T09:57:48.743+0200: 14.890: [GC (Allocation Failure) 14.891: [ParNew: 9745K->1059K(9792K), 0.0046943 secs] 12360K->6397K(31680K), 0.0049597 secs] [Times: user=0.03 sys=0.00, real=0.00 secs] 
2014-07-10T09:57:48.758+0200: 14.906: [GC (Allocation Failure) 14.906: [ParNew: 9745K->1059K(9792K), 0.0055031 secs] 15083K->9599K(31680K), 0.0058187 secs] [Times: user=0.03 sys=0.00, real=0.00 secs] 
2014-07-10T09:57:48.792+0200: 14.940: [GC (Allocation Failure) 14.940: [ParNew: 9745K->1059K(9792K), 0.0036190 secs] 18285K->13282K(31680K), 0.0037594 secs] [Times: user=0.00 sys=0.00, real=0.00 secs] 
2014-07-10T09:57:48.842+0200: 14.990: [GC (Allocation Failure) 14.990: [ParNew: 9745K->1059K(9792K), 0.0041689 secs] 21968K->17445K(31680K), 0.0043423 secs] [Times: user=0.00 sys=0.00, real=0.00 secs] 
2014-07-10T09:57:48.847+0200: 14.995: [GC (CMS Initial Mark) [1 CMS-initial-mark: 16386K(21888K)] 17607K(31680K), 0.0003164 secs] [Times: user=0.00 sys=0.00, real=0.00 secs] 
2014-07-10T09:57:48.847+0200: 14.995: [CMS-concurrent-mark-start]
2014-07-10T09:57:48.848+0200: 14.996: [CMS-concurrent-mark: 0.001/0.001 secs] [Times: user=0.00 sys=0.00, real=0.00 secs] 
2014-07-10T09:57:48.848+0200: 14.996: [CMS-concurrent-preclean-start]
2014-07-10T09:57:48.848+0200: 14.996: [CMS-concurrent-preclean: 0.000/0.000 secs] [Times: user=0.00 sys=0.00, real=0.00 secs] 
2014-07-10T09:57:48.848+0200: 14.996: [CMS-concurrent-abortable-preclean-start]
2014-07-10T09:57:48.851+0200: 14.998: [GC (Allocation Failure) 14.999: [ParNew: 9745K->1059K(9792K), 0.0047243 secs] 26131K->22088K(31680K), 0.0048758 secs] [Times: user=0.03 sys=0.00, real=0.00 secs] 
2014-07-10T09:57:48.856+0200: 15.004: [CMS-concurrent-abortable-preclean: 0.000/0.008 secs] [Times: user=0.03 sys=0.00, real=0.01 secs] 
2014-07-10T09:57:48.856+0200: 15.004: [GC (CMS Final Remark) [YG occupancy: 1253 K (9792 K)]15.004: [Rescan (parallel) , 0.0003146 secs]15.004: [weak refs processing, 0.0000304 secs]15.004: [class unloading, 0.0004799 secs]15.005: [scrub symbol table, 0.0006863 secs]15.005: [scrub string table, 0.0001877 secs][1 CMS-remark: 21029K(21888K)] 22283K(31680K), 0.0018529 secs] [Times: user=0.00 sys=0.00, real=0.00 secs] 
2014-07-10T09:57:48.858+0200: 15.006: [CMS-concurrent-sweep-start]
2014-07-10T09:57:48.859+0200: 15.006: [CMS-concurrent-sweep: 0.000/0.000 secs] [Times: user=0.00 sys=0.00, real=0.00 secs] 
2014-07-10T09:57:48.859+0200: 15.006: [CMS-concurrent-reset-start]
2014-07-10T09:57:48.859+0200: 15.006: [CMS-concurrent-reset: 0.000/0.000 secs] [Times: user=0.00 sys=0.00, real=0.00 secs] 
2014-07-10T09:57:48.892+0200: 15.040: [GC (Allocation Failure) 15.040: [ParNew: 9761K->1059K(9792K), 0.0033766 secs] 18941K->13697K(31680K), 0.0035434 secs] [Times: user=0.00 sys=0.00, real=0.00 secs] 
2014-07-10T09:57:48.896+0200: 15.043: [GC (CMS Initial Mark) [1 CMS-initial-mark: 12638K(21888K)] 13763K(31680K), 0.0002280 secs] [Times: user=0.00 sys=0.00, real=0.00 secs] 
2014-07-10T09:57:48.896+0200: 15.044: [CMS-concurrent-mark-start]
2014-07-10T09:57:48.897+0200: 15.045: [CMS-concurrent-mark: 0.001/0.001 secs] [Times: user=0.00 sys=0.00, real=0.00 secs] 
2014-07-10T09:57:48.897+0200: 15.045: [CMS-concurrent-preclean-start]
2014-07-10T09:57:48.897+0200: 15.045: [CMS-concurrent-preclean: 0.000/0.000 secs] [Times: user=0.00 sys=0.00, real=0.00 secs] 
2014-07-10T09:57:48.897+0200: 15.045: [CMS-concurrent-abortable-preclean-start]
2014-07-10T09:57:48.942+0200: 15.090: [GC (Allocation Failure) 15.090: [ParNew: 9745K->1059K(9792K), 0.0068445 secs] 22383K->17638K(31680K), 0.0071422 secs] [Times: user=0.03 sys=0.00, real=0.01 secs] 
2014-07-10T09:57:48.960+0200: 15.108: [GC (Allocation Failure) 15.108: [ParNew: 9745K->1059K(9792K), 0.0073882 secs] 26324K->22057K(31680K), 0.0076969 secs] [Times: user=0.03 sys=0.00, real=0.01 secs] 
2014-07-10T09:57:48.968+0200: 15.116: [CMS-concurrent-abortable-preclean: 0.001/0.071 secs] [Times: user=0.06 sys=0.00, real=0.07 secs] 
2014-07-10T09:57:48.976+0200: 15.123: [GC (CMS Final Remark) [YG occupancy: 3784 K (9792 K)]15.123: [Rescan (parallel) , 0.0002002 secs]15.124: [weak refs processing, 0.0000337 secs]15.124: [class unloading, 0.0006438 secs]15.124: [scrub symbol table, 0.0007604 secs]15.125: [scrub string table, 0.0001888 secs][1 CMS-remark: 20998K(21888K)] 24782K(31680K), 0.0020142 secs] [Times: user=0.00 sys=0.00, real=0.00 secs] 
2014-07-10T09:57:48.980+0200: 15.128: [CMS-concurrent-sweep-start]
2014-07-10T09:57:48.981+0200: 15.128: [CMS-concurrent-sweep: 0.000/0.000 secs] [Times: user=0.00 sys=0.00, real=0.00 secs] 
2014-07-10T09:57:48.981+0200: 15.128: [CMS-concurrent-reset-start]
2014-07-10T09:57:48.981+0200: 15.128: [CMS-concurrent-reset: 0.000/0.000 secs] [Times: user=0.00 sys=0.00, real=0.00 secs] 
2014-07-10T09:57:48.992+0200: 15.140: [GC (Allocation Failure) 15.140: [ParNew: 9745K->1059K(9792K), 0.0046880 secs] 21937K->18150K(31680K), 0.0048670 secs] [Times: user=0.03 sys=0.00, real=0.00 secs] 
2014-07-10T09:57:48.998+0200: 15.145: [GC (CMS Initial Mark) [1 CMS-initial-mark: 17091K(21888K)] 18182K(31680K), 0.0001936 secs] [Times: user=0.00 sys=0.00, real=0.00 secs] 
2014-07-10T09:57:48.998+0200: 15.145: [CMS-concurrent-mark-start]
2014-07-10T09:57:48.999+0200: 15.146: [CMS-concurrent-mark: 0.001/0.001 secs] [Times: user=0.00 sys=0.00, real=0.00 secs] 
2014-07-10T09:57:48.999+0200: 15.146: [CMS-concurrent-preclean-start]
2014-07-10T09:57:48.999+0200: 15.146: [CMS-concurrent-preclean: 0.000/0.000 secs] [Times: user=0.00 sys=0.00, real=0.00 secs] 
2014-07-10T09:57:48.999+0200: 15.146: [CMS-concurrent-abortable-preclean-start]
2014-07-10T09:57:49.044+0200: 15.192: [GC (Allocation Failure) 15.192: [ParNew: 9745K->9745K(9792K), 0.0000972 secs]15.192: [CMS2014-07-10T09:57:49.045+0200: 15.192: [CMS-concurrent-abortable-preclean: 0.000/0.046 secs] [Times: user=0.02 sys=0.00, real=0.05 secs] 
 (concurrent mode failure): 17091K->6807K(21888K), 0.0143057 secs] 26836K->6807K(31680K), [Metaspace: 2457K->2457K(1056768K)], 0.0147233 secs] [Times: user=0.01 sys=0.00, real=0.02 secs] 
2014-07-10T09:57:49.066+0200: 15.213: [GC (Allocation Failure) 15.213: [ParNew: 8686K->1059K(9792K), 0.0054022 secs] 15494K->13730K(31680K), 0.0055635 secs] [Times: user=0.00 sys=0.00, real=0.01 secs] 
2014-07-10T09:57:49.071+0200: 15.219: [GC (CMS Initial Mark) [1 CMS-initial-mark: 12670K(21888K)] 13796K(31680K), 0.0003575 secs] [Times: user=0.00 sys=0.00, real=0.00 secs] 
2014-07-10T09:57:49.072+0200: 15.219: [CMS-concurrent-mark-start]
2014-07-10T09:57:49.073+0200: 15.220: [CMS-concurrent-mark: 0.001/0.001 secs] [Times: user=0.02 sys=0.00, real=0.00 secs] 
2014-07-10T09:57:49.073+0200: 15.220: [CMS-concurrent-preclean-start]
2014-07-10T09:57:49.073+0200: 15.220: [CMS-concurrent-preclean: 0.000/0.000 secs] [Times: user=0.00 sys=0.00, real=0.00 secs] 
2014-07-10T09:57:49.073+0200: 15.221: [GC (CMS Final Remark) [YG occupancy: 2342 K (9792 K)]15.221: [Rescan (parallel) , 0.0002933 secs]15.221: [weak refs processing, 0.0000359 secs]15.221: [class unloading, 0.0005397 secs]15.222: [scrub symbol table, 0.0007281 secs]15.222: [scrub string table, 0.0002409 secs][1 CMS-remark: 12670K(21888K)] 15012K(31680K), 0.0020212 secs] [Times: user=0.00 sys=0.00, real=0.00 secs] 
2014-07-10T09:57:49.075+0200: 15.223: [CMS-concurrent-sweep-start]
2014-07-10T09:57:49.076+0200: 15.223: [CMS-concurrent-sweep: 0.000/0.000 secs] [Times: user=0.00 sys=0.00, real=0.00 secs] 
2014-07-10T09:57:49.076+0200: 15.223: [CMS-concurrent-reset-start]
2014-07-10T09:57:49.076+0200: 15.223: [CMS-concurrent-reset: 0.000/0.000 secs] [Times: user=0.00 sys=0.00, real=0.00 secs] 
2014-07-10T09:57:49.093+0200: 15.241: [GC (Allocation Failure) 15.241: [ParNew: 9745K->1059K(9792K), 0.0058477 secs] 15979K->13633K(31680K), 0.0060163 secs] [Times: user=0.00 sys=0.00, real=0.01 secs] 
2014-07-10T09:57:49.100+0200: 15.247: [GC (CMS Initial Mark) [1 CMS-initial-mark: 12573K(21888K)] 13665K(31680K), 0.0002280 secs] [Times: user=0.00 sys=0.00, real=0.00 secs] 
2014-07-10T09:57:49.100+0200: 15.247: [CMS-concurrent-mark-start]
2014-07-10T09:57:49.101+0200: 15.249: [CMS-concurrent-mark: 0.001/0.001 secs] [Times: user=0.00 sys=0.00, real=0.00 secs] 
2014-07-10T09:57:49.101+0200: 15.249: [CMS-concurrent-preclean-start]
2014-07-10T09:57:49.101+0200: 15.249: [CMS-concurrent-preclean: 0.000/0.000 secs] [Times: user=0.00 sys=0.00, real=0.00 secs] 
2014-07-10T09:57:49.101+0200: 15.249: [CMS-concurrent-abortable-preclean-start]
2014-07-10T09:57:49.143+0200: 15.290: [GC (Allocation Failure) 15.290: [ParNew: 9757K->1061K(9792K), 0.0051823 secs] 22330K->18918K(31680K), 0.0053945 secs] [Times: user=0.00 sys=0.00, real=0.01 secs] 
2014-07-10T09:57:49.150+0200: 15.297: [CMS-concurrent-abortable-preclean: 0.001/0.048 secs] [Times: user=0.00 sys=0.00, real=0.05 secs] 
2014-07-10T09:57:49.150+0200: 15.298: [GC (CMS Final Remark) [YG occupancy: 5389 K (9792 K)]15.298: [Rescan (parallel) , 0.0001661 secs]15.298: [weak refs processing, 0.0000418 secs]15.298: [class unloading, 0.0008201 secs]15.299: [scrub symbol table, 0.0009932 secs]15.300: [scrub string table, 0.0002592 secs][1 CMS-remark: 17857K(21888K)] 23246K(31680K), 0.0024938 secs] [Times: user=0.00 sys=0.01, real=0.00 secs] 
2014-07-10T09:57:49.153+0200: 15.300: [CMS-concurrent-sweep-start]
2014-07-10T09:57:49.153+0200: 15.301: [CMS-concurrent-sweep: 0.000/0.000 secs] [Times: user=0.00 sys=0.00, real=0.00 secs] 
2014-07-10T09:57:49.153+0200: 15.301: [CMS-concurrent-reset-start]
2014-07-10T09:57:49.154+0200: 15.301: [CMS-concurrent-reset: 0.000/0.000 secs] [Times: user=0.00 sys=0.00, real=0.00 secs] 
2014-07-10T09:57:49.155+0200: 15.302: [GC (Allocation Failure) 15.302: [ParNew: 9747K->1059K(9792K), 0.0048024 secs] 21745K->18821K(31680K), 0.0049183 secs] [Times: user=0.00 sys=0.00, real=0.01 secs] 
2014-07-10T09:57:49.160+0200: 15.308: [GC (CMS Initial Mark) [1 CMS-initial-mark: 17762K(21888K)] 18887K(31680K), 0.0001694 secs] [Times: user=0.00 sys=0.00, real=0.00 secs] 
2014-07-10T09:57:49.160+0200: 15.308: [CMS-concurrent-mark-start]
2014-07-10T09:57:49.161+0200: 15.308: [CMS-concurrent-mark: 0.001/0.001 secs] [Times: user=0.00 sys=0.00, real=0.00 secs] 
2014-07-10T09:57:49.161+0200: 15.308: [CMS-concurrent-preclean-start]
2014-07-10T09:57:49.161+0200: 15.309: [CMS-concurrent-preclean: 0.000/0.000 secs] [Times: user=0.00 sys=0.00, real=0.00 secs] 
2014-07-10T09:57:49.161+0200: 15.309: [GC (CMS Final Remark) [YG occupancy: 2438 K (9792 K)]15.309: [Rescan (parallel) , 0.0000829 secs]15.309: [weak refs processing, 0.0000275 secs]15.309: [class unloading, 0.0005034 secs]15.309: [scrub symbol table, 0.0006269 secs]15.310: [scrub string table, 0.0001712 secs][1 CMS-remark: 17762K(21888K)] 20200K(31680K), 0.0015369 secs] [Times: user=0.00 sys=0.00, real=0.00 secs] 
2014-07-10T09:57:49.163+0200: 15.310: [CMS-concurrent-sweep-start]
2014-07-10T09:57:49.163+0200: 15.311: [CMS-concurrent-sweep: 0.000/0.000 secs] [Times: user=0.00 sys=0.00, real=0.00 secs] 
2014-07-10T09:57:49.163+0200: 15.311: [CMS-concurrent-reset-start]
2014-07-10T09:57:49.163+0200: 15.311: [CMS-concurrent-reset: 0.000/0.000 secs] [Times: user=0.00 sys=0.00, real=0.00 secs] 
2014-07-10T09:57:49.193+0200: 15.341: [GC (Allocation Failure) 15.341: [ParNew: 9745K->1059K(9792K), 0.0054609 secs] 15862K->13420K(31680K), 0.0055782 secs] [Times: user=0.03 sys=0.00, real=0.01 secs] 
2014-07-10T09:57:49.200+0200: 15.347: [GC (CMS Initial Mark) [1 CMS-initial-mark: 12361K(21888K)] 13486K(31680K), 0.0001829 secs] [Times: user=0.00 sys=0.00, real=0.00 secs] 
2014-07-10T09:57:49.200+0200: 15.347: [CMS-concurrent-mark-start]
2014-07-10T09:57:49.201+0200: 15.348: [CMS-concurrent-mark: 0.001/0.001 secs] [Times: user=0.00 sys=0.00, real=0.00 secs] 
2014-07-10T09:57:49.201+0200: 15.348: [CMS-concurrent-preclean-start]
2014-07-10T09:57:49.201+0200: 15.348: [CMS-concurrent-preclean: 0.000/0.000 secs] [Times: user=0.00 sys=0.00, real=0.00 secs] 
2014-07-10T09:57:49.208+0200: 15.356: [GC (CMS Final Remark) [YG occupancy: 1957 K (9792 K)]15.356: [Rescan (parallel) , 0.0001184 secs]15.356: [weak refs processing, 0.0000290 secs]15.356: [class unloading, 0.0004117 secs]15.356: [scrub symbol table, 0.0005518 secs]15.357: [scrub string table, 0.0001606 secs][1 CMS-remark: 12361K(21888K)] 14319K(31680K), 0.0014009 secs] [Times: user=0.00 sys=0.00, real=0.00 secs] 
2014-07-10T09:57:49.210+0200: 15.358: [CMS-concurrent-sweep-start]
2014-07-10T09:57:49.210+0200: 15.358: [CMS-concurrent-sweep: 0.000/0.000 secs] [Times: user=0.00 sys=0.00, real=0.00 secs] 
2014-07-10T09:57:49.211+0200: 15.358: [CMS-concurrent-reset-start]
2014-07-10T09:57:49.211+0200: 15.358: [CMS-concurrent-reset: 0.000/0.000 secs] [Times: user=0.00 sys=0.00, real=0.00 secs] 
2014-07-10T09:57:49.243+0200: 15.391: [GC (Allocation Failure) 15.391: [ParNew: 9745K->1059K(9792K), 0.0089629 secs] 16343K->14381K(31680K), 0.0091700 secs] [Times: user=0.03 sys=0.00, real=0.01 secs] 
2014-07-10T09:57:49.253+0200: 15.400: [GC (CMS Initial Mark) [1 CMS-initial-mark: 13321K(21888K)] 14447K(31680K), 0.0004040 secs] [Times: user=0.00 sys=0.00, real=0.00 secs] 
2014-07-10T09:57:49.253+0200: 15.401: [CMS-concurrent-mark-start]
2014-07-10T09:57:49.256+0200: 15.403: [CMS-concurrent-mark: 0.002/0.002 secs] [Times: user=0.00 sys=0.00, real=0.00 secs] 
2014-07-10T09:57:49.256+0200: 15.403: [CMS-concurrent-preclean-start]
2014-07-10T09:57:49.256+0200: 15.404: [CMS-concurrent-preclean: 0.000/0.000 secs] [Times: user=0.00 sys=0.00, real=0.00 secs] 
2014-07-10T09:57:49.256+0200: 15.404: [CMS-concurrent-abortable-preclean-start]
2014-07-10T09:57:49.313+0200: 15.460: [GC (Allocation Failure) 15.460: [ParNew: 9747K->69K(9792K), 0.0003762 secs] 23069K->13391K(31680K), 0.0004605 secs] [Times: user=0.00 sys=0.00, real=0.00 secs] 
2014-07-10T09:57:49.341+0200: 15.488: [GC (Allocation Failure) 15.488: [ParNew: 8755K->549K(9792K), 0.0004865 secs] 22077K->13871K(31680K), 0.0005661 secs] [Times: user=0.00 sys=0.00, real=0.00 secs] 
2014-07-10T09:57:49.345+0200: 15.493: [GC (Allocation Failure) 15.493: [ParNew: 9235K->1027K(9792K), 0.0009573 secs] 22558K->14353K(31680K), 0.0010724 secs] [Times: user=0.00 sys=0.00, real=0.00 secs] 
2014-07-10T09:57:49.351+0200: 15.498: [GC (Allocation Failure) 15.498: [ParNew: 9730K->492K(9792K), 0.0007120 secs] 23056K->13819K(31680K), 0.0008553 secs] [Times: user=0.00 sys=0.00, real=0.00 secs] 
2014-07-10T09:57:49.441+0200: 15.588: [GC (Allocation Failure) 15.588: [ParNew: 9172K->453K(9792K), 0.0004531 secs] 22499K->13780K(31680K), 0.0005309 secs] [Times: user=0.00 sys=0.00, real=0.00 secs] 
2014-07-10T09:57:49.445+0200: 15.592: [GC (Allocation Failure) 15.593: [ParNew: 9139K->933K(9792K), 0.0009012 secs] 22466K->14260K(31680K), 0.0010134 secs] [Times: user=0.00 sys=0.00, real=0.00 secs] 
2014-07-10T09:57:49.491+0200: 15.639: [GC (Allocation Failure) 15.639: [ParNew: 9619K->1059K(9792K), 0.0008198 secs] 22946K->14742K(31680K), 0.0009155 secs] [Times: user=0.00 sys=0.00, real=0.00 secs] 
2014-07-10T09:57:49.541+0200: 15.689: [GC (Allocation Failure) 15.689: [ParNew: 9745K->1059K(9792K), 0.0009448 secs] 23429K->15576K(31680K), 0.0010372 secs] [Times: user=0.00 sys=0.00, real=0.00 secs] 
2014-07-10T09:57:49.547+0200: 15.695: [GC (Allocation Failure) 15.695: [ParNew: 9745K->1059K(9792K), 0.0031497 secs] 24262K->16890K(31680K), 0.0034027 secs] [Times: user=0.00 sys=0.00, real=0.00 secs] 
2014-07-10T09:57:49.593+0200: 15.740: [GC (Allocation Failure) 15.740: [ParNew: 9745K->1059K(9792K), 0.0028223 secs] 25576K->18684K(31680K), 0.0030870 secs] [Times: user=0.00 sys=0.00, real=0.00 secs] 
2014-07-10T09:57:49.641+0200: 15.789: [GC (Allocation Failure) 15.789: [ParNew: 9751K->1059K(9792K), 0.0019831 secs] 27375K->19933K(31680K), 0.0021158 secs] [Times: user=0.00 sys=0.00, real=0.00 secs] 
2014-07-10T09:57:49.648+0200: 15.795: [GC (Allocation Failure) 15.795: [ParNew: 9745K->1059K(9792K), 0.0019435 secs] 28620K->21664K(31680K), 0.0020883 secs] [Times: user=0.00 sys=0.03, real=0.00 secs] 
2014-07-10T09:57:49.692+0200: 15.839: [GC (Allocation Failure) 15.839: [ParNew: 9745K->9745K(9792K), 0.0000473 secs]15.839: [CMS2014-07-10T09:57:49.692+0200: 15.839: [CMS-concurrent-abortable-preclean: 0.004/0.436 secs] [Times: user=0.05 sys=0.03, real=0.44 secs] 
 (concurrent mode failure): 20604K->3618K(21888K), 0.0047247 secs] 30350K->3618K(31680K), [Metaspace: 2457K->2457K(1056768K)], 0.0049381 secs] [Times: user=0.02 sys=0.00, real=0.01 secs] 
2014-07-10T09:57:49.743+0200: 15.891: [GC (Allocation Failure) 15.891: [ParNew: 8686K->1059K(9792K), 0.0039819 secs] 12304K->7371K(31680K), 0.0042503 secs] [Times: user=0.03 sys=0.00, real=0.00 secs] 
2014-07-10T09:57:49.754+0200: 15.902: [GC (Allocation Failure) 15.902: [ParNew: 9745K->1059K(9792K), 0.0038510 secs] 16057K->10541K(31680K), 0.0040655 secs] [Times: user=0.00 sys=0.00, real=0.00 secs] 
2014-07-10T09:57:49.793+0200: 15.940: [GC (Allocation Failure) 15.940: [ParNew: 9745K->1059K(9792K), 0.0033884 secs] 19228K->14192K(31680K), 0.0035387 secs] [Times: user=0.00 sys=0.00, real=0.00 secs] 
2014-07-10T09:57:49.797+0200: 15.944: [GC (CMS Initial Mark) [1 CMS-initial-mark: 13133K(21888K)] 14290K(31680K), 0.0002599 secs] [Times: user=0.00 sys=0.00, real=0.00 secs] 
2014-07-10T09:57:49.797+0200: 15.944: [CMS-concurrent-mark-start]
2014-07-10T09:57:49.798+0200: 15.945: [CMS-concurrent-mark: 0.001/0.001 secs] [Times: user=0.00 sys=0.00, real=0.00 secs] 
2014-07-10T09:57:49.798+0200: 15.945: [CMS-concurrent-preclean-start]
2014-07-10T09:57:49.798+0200: 15.946: [CMS-concurrent-preclean: 0.000/0.000 secs] [Times: user=0.00 sys=0.00, real=0.00 secs] 
2014-07-10T09:57:49.798+0200: 15.946: [CMS-concurrent-abortable-preclean-start]
2014-07-10T09:57:49.843+0200: 15.990: [GC (Allocation Failure) 15.990: [ParNew: 9745K->1059K(9792K), 0.0038936 secs] 22879K->18323K(31680K), 0.0042136 secs] [Times: user=0.00 sys=0.00, real=0.00 secs] 
2014-07-10T09:57:49.851+0200: 15.999: [GC (Allocation Failure) 15.999: [ParNew: 9762K->9762K(9792K), 0.0000590 secs]15.999: [CMS2014-07-10T09:57:49.851+0200: 15.999: [CMS-concurrent-abortable-preclean: 0.001/0.053 secs] [Times: user=0.00 sys=0.00, real=0.05 secs] 
 (concurrent mode failure): 17264K->4868K(21888K), 0.0072882 secs] 27026K->4868K(31680K), [Metaspace: 2457K->2457K(1056768K)], 0.0075793 secs] [Times: user=0.02 sys=0.00, real=0.01 secs] 
2014-07-10T09:57:49.892+0200: 16.040: [GC (Allocation Failure) 16.040: [ParNew: 8689K->1059K(9792K), 0.0027743 secs] 13558K->8845K(31680K), 0.0029407 secs] [Times: user=0.00 sys=0.00, real=0.00 secs] 
2014-07-10T09:57:49.942+0200: 16.089: [GC (Allocation Failure) 16.089: [ParNew: 9745K->1059K(9792K), 0.0031731 secs] 17532K->12241K(31680K), 0.0033033 secs] [Times: user=0.00 sys=0.00, real=0.00 secs] 
2014-07-10T09:57:49.949+0200: 16.097: [GC (Allocation Failure) 16.097: [ParNew: 9745K->1059K(9792K), 0.0037377 secs] 20927K->16116K(31680K), 0.0038738 secs] [Times: user=0.00 sys=0.00, real=0.00 secs] 
2014-07-10T09:57:49.953+0200: 16.101: [GC (CMS Initial Mark) [1 CMS-initial-mark: 15056K(21888K)] 16182K(31680K), 0.0002082 secs] [Times: user=0.00 sys=0.00, real=0.00 secs] 
2014-07-10T09:57:49.954+0200: 16.101: [CMS-concurrent-mark-start]
2014-07-10T09:57:49.954+0200: 16.102: [CMS-concurrent-mark: 0.001/0.001 secs] [Times: user=0.00 sys=0.00, real=0.00 secs] 
2014-07-10T09:57:49.954+0200: 16.102: [CMS-concurrent-preclean-start]
2014-07-10T09:57:49.954+0200: 16.102: [CMS-concurrent-preclean: 0.000/0.000 secs] [Times: user=0.00 sys=0.00, real=0.00 secs] 
2014-07-10T09:57:49.954+0200: 16.102: [CMS-concurrent-abortable-preclean-start]
2014-07-10T09:57:49.992+0200: 16.140: [GC (Allocation Failure) 16.140: [ParNew: 9745K->1059K(9792K), 0.0054587 secs] 24802K->20471K(31680K), 0.0056684 secs] [Times: user=0.03 sys=0.00, real=0.01 secs] 
2014-07-10T09:57:50.000+0200: 16.147: [CMS-concurrent-abortable-preclean: 0.001/0.045 secs] [Times: user=0.03 sys=0.00, real=0.05 secs] 
2014-07-10T09:57:50.000+0200: 16.148: [GC (CMS Final Remark) [YG occupancy: 3848 K (9792 K)]16.148: [Rescan (parallel) , 0.0003707 secs]16.148: [weak refs processing, 0.0000605 secs]16.148: [class unloading, 0.0010555 secs]16.149: [scrub symbol table, 0.0012583 secs]16.151: [scrub string table, 0.0004480 secs][1 CMS-remark: 19411K(21888K)] 23260K(31680K), 0.0035332 secs] [Times: user=0.00 sys=0.00, real=0.00 secs] 
2014-07-10T09:57:50.004+0200: 16.151: [CMS-concurrent-sweep-start]
2014-07-10T09:57:50.005+0200: 16.152: [CMS-concurrent-sweep: 0.001/0.001 secs] [Times: user=0.00 sys=0.00, real=0.00 secs] 
2014-07-10T09:57:50.005+0200: 16.152: [CMS-concurrent-reset-start]
2014-07-10T09:57:50.005+0200: 16.152: [CMS-concurrent-reset: 0.000/0.000 secs] [Times: user=0.00 sys=0.00, real=0.00 secs] 
2014-07-10T09:57:50.044+0200: 16.192: [GC (Allocation Failure) 16.192: [ParNew: 9745K->1059K(9792K), 0.0073805 secs] 18332K->14482K(31680K), 0.0076364 secs] [Times: user=0.00 sys=0.00, real=0.01 secs] 
2014-07-10T09:57:50.052+0200: 16.200: [GC (CMS Initial Mark) [1 CMS-initial-mark: 13422K(21888K)] 14548K(31680K), 0.0004209 secs] [Times: user=0.00 sys=0.00, real=0.00 secs] 
2014-07-10T09:57:50.053+0200: 16.200: [CMS-concurrent-mark-start]
2014-07-10T09:57:50.055+0200: 16.202: [CMS-concurrent-mark: 0.002/0.002 secs] [Times: user=0.00 sys=0.00, real=0.00 secs] 
2014-07-10T09:57:50.055+0200: 16.202: [CMS-concurrent-preclean-start]
2014-07-10T09:57:50.055+0200: 16.203: [CMS-concurrent-preclean: 0.000/0.000 secs] [Times: user=0.00 sys=0.00, real=0.00 secs] 
2014-07-10T09:57:50.055+0200: 16.203: [CMS-concurrent-abortable-preclean-start]
2014-07-10T09:57:50.060+0200: 16.207: [GC (Allocation Failure) 16.207: [ParNew: 9745K->1059K(9792K), 0.0079913 secs] 23168K->19797K(31680K), 0.0082531 secs] [Times: user=0.00 sys=0.00, real=0.01 secs] 
2014-07-10T09:57:50.095+0200: 16.242: [GC (Allocation Failure) 16.242: [ParNew: 9749K->9749K(9792K), 0.0000972 secs]16.242: [CMS2014-07-10T09:57:50.095+0200: 16.243: [CMS-concurrent-abortable-preclean: 0.002/0.040 secs] [Times: user=0.02 sys=0.00, real=0.04 secs] 
 (concurrent mode failure): 18738K->6181K(21888K), 0.0138328 secs] 28487K->6181K(31680K), [Metaspace: 2457K->2457K(1056768K)], 0.0142408 secs] [Times: user=0.02 sys=0.00, real=0.01 secs] 
2014-07-10T09:57:50.143+0200: 16.291: [GC (Allocation Failure) 16.291: [ParNew: 8686K->1059K(9792K), 0.0048633 secs] 14868K->12496K(31680K), 0.0050341 secs] [Times: user=0.00 sys=0.00, real=0.01 secs] 
2014-07-10T09:57:50.149+0200: 16.296: [GC (CMS Initial Mark) [1 CMS-initial-mark: 11436K(21888K)] 12914K(31680K), 0.0002240 secs] [Times: user=0.00 sys=0.00, real=0.00 secs] 
2014-07-10T09:57:50.149+0200: 16.296: [CMS-concurrent-mark-start]
2014-07-10T09:57:50.150+0200: 16.297: [CMS-concurrent-mark: 0.001/0.001 secs] [Times: user=0.03 sys=0.00, real=0.00 secs] 
2014-07-10T09:57:50.150+0200: 16.298: [CMS-concurrent-preclean-start]
2014-07-10T09:57:50.150+0200: 16.298: [CMS-concurrent-preclean: 0.000/0.000 secs] [Times: user=0.00 sys=0.00, real=0.00 secs] 
2014-07-10T09:57:50.150+0200: 16.298: [CMS-concurrent-abortable-preclean-start]
2014-07-10T09:57:50.153+0200: 16.300: [GC (Allocation Failure) 16.301: [ParNew: 9745K->1059K(9792K), 0.0052728 secs] 21182K->18227K(31680K), 0.0054532 secs] [Times: user=0.00 sys=0.00, real=0.00 secs] 
2014-07-10T09:57:50.194+0200: 16.342: [GC (Allocation Failure) 16.342: [ParNew: 9745K->9745K(9792K), 0.0000499 secs]16.342: [CMS2014-07-10T09:57:50.194+0200: 16.342: [CMS-concurrent-abortable-preclean: 0.001/0.044 secs] [Times: user=0.00 sys=0.00, real=0.04 secs] 
 (concurrent mode failure): 17168K->7622K(21888K), 0.0071353 secs] 26914K->7622K(31680K), [Metaspace: 2457K->2457K(1056768K)], 0.0073351 secs] [Times: user=0.02 sys=0.00, real=0.01 secs] 
2014-07-10T09:57:50.244+0200: 16.391: [GC (Allocation Failure) 16.391: [ParNew: 8686K->1059K(9792K), 0.0054429 secs] 16308K->15377K(31680K), 0.0055819 secs] [Times: user=0.00 sys=0.00, real=0.01 secs] 
2014-07-10T09:57:50.249+0200: 16.397: [GC (CMS Initial Mark) [1 CMS-initial-mark: 14317K(21888K)] 15443K(31680K), 0.0001954 secs] [Times: user=0.00 sys=0.00, real=0.00 secs] 
2014-07-10T09:57:50.250+0200: 16.397: [CMS-concurrent-mark-start]
2014-07-10T09:57:50.250+0200: 16.398: [CMS-concurrent-mark: 0.001/0.001 secs] [Times: user=0.00 sys=0.00, real=0.00 secs] 
2014-07-10T09:57:50.250+0200: 16.398: [CMS-concurrent-preclean-start]
2014-07-10T09:57:50.250+0200: 16.398: [CMS-concurrent-preclean: 0.000/0.000 secs] [Times: user=0.00 sys=0.00, real=0.00 secs] 
2014-07-10T09:57:50.251+0200: 16.398: [CMS-concurrent-abortable-preclean-start]
2014-07-10T09:57:50.291+0200: 16.438: [GC (Allocation Failure) 16.438: [ParNew: 9747K->9747K(9792K), 0.0000451 secs]16.438: [CMS2014-07-10T09:57:50.291+0200: 16.439: [CMS-concurrent-abortable-preclean: 0.000/0.040 secs] [Times: user=0.00 sys=0.00, real=0.04 secs] 
 (concurrent mode failure): 14317K->387K(21888K), 0.0025891 secs] 24065K->387K(31680K), [Metaspace: 2457K->2457K(1056768K)], 0.0027530 secs] [Times: user=0.00 sys=0.00, real=0.00 secs] 
2014-07-10T09:57:50.341+0200: 16.489: [GC (Allocation Failure) 16.489: [ParNew: 8686K->515K(9792K), 0.0006995 secs] 9073K->902K(31680K), 0.0008289 secs] [Times: user=0.00 sys=0.00, real=0.00 secs] 
2014-07-10T09:57:50.348+0200: 16.496: [GC (Allocation Failure) 16.496: [ParNew: 9201K->995K(9792K), 0.0010306 secs] 9588K->1382K(31680K), 0.0011497 secs] [Times: user=0.00 sys=0.00, real=0.00 secs] 
2014-07-10T09:57:50.355+0200: 16.503: [GC (Allocation Failure) 16.503: [ParNew: 9698K->972K(9792K), 0.0008971 secs] 10086K->1363K(31680K), 0.0010628 secs] [Times: user=0.00 sys=0.00, real=0.00 secs] 
2014-07-10T09:57:50.441+0200: 16.589: [GC (Allocation Failure) 16.589: [ParNew: 9652K->421K(9792K), 0.0012102 secs] 10044K->815K(31680K), 0.0014027 secs] [Times: user=0.00 sys=0.00, real=0.00 secs] 
2014-07-10T09:57:50.450+0200: 16.597: [GC (Allocation Failure) 16.597: [ParNew: 9107K->902K(9792K), 0.0017180 secs] 9501K->1296K(31680K), 0.0020003 secs] [Times: user=0.00 sys=0.00, real=0.00 secs] 
2014-07-10T09:57:50.492+0200: 16.639: [GC (Allocation Failure) 16.640: [ParNew: 9588K->1059K(9792K), 0.0020238 secs] 9983K->1777K(31680K), 0.0022174 secs] [Times: user=0.03 sys=0.00, real=0.00 secs] 
2014-07-10T09:57:50.542+0200: 16.690: [GC (Allocation Failure) 16.690: [ParNew: 9745K->1059K(9792K), 0.0021385 secs] 10463K->2578K(31680K), 0.0023468 secs] [Times: user=0.00 sys=0.00, real=0.00 secs] 
2014-07-10T09:57:50.551+0200: 16.699: [GC (Allocation Failure) 16.699: [ParNew: 9745K->1059K(9792K), 0.0031248 secs] 11265K->3860K(31680K), 0.0034045 secs] [Times: user=0.00 sys=0.01, real=0.00 secs] 
2014-07-10T09:57:50.592+0200: 16.739: [GC (Allocation Failure) 16.740: [ParNew: 9745K->1059K(9792K), 0.0016773 secs] 12546K->5622K(31680K), 0.0018254 secs] [Times: user=0.00 sys=0.00, real=0.00 secs] 
2014-07-10T09:57:50.642+0200: 16.789: [GC (Allocation Failure) 16.790: [ParNew: 9755K->1061K(9792K), 0.0012542 secs] 14317K->6329K(31680K), 0.0013719 secs] [Times: user=0.00 sys=0.00, real=0.00 secs] 
2014-07-10T09:57:50.647+0200: 16.795: [GC (Allocation Failure) 16.795: [ParNew: 9747K->1059K(9792K), 0.0018254 secs] 15016K->7514K(31680K), 0.0020021 secs] [Times: user=0.03 sys=0.00, real=0.00 secs] 
2014-07-10T09:57:50.693+0200: 16.841: [GC (Allocation Failure) 16.841: [ParNew: 9745K->1059K(9792K), 0.0027776 secs] 16200K->9180K(31680K), 0.0030254 secs] [Times: user=0.03 sys=0.00, real=0.00 secs] 
2014-07-10T09:57:50.744+0200: 16.891: [GC (Allocation Failure) 16.891: [ParNew: 9745K->1059K(9792K), 0.0024956 secs] 17866K->11326K(31680K), 0.0027094 secs] [Times: user=0.00 sys=0.00, real=0.00 secs] 
2014-07-10T09:57:50.750+0200: 16.898: [GC (Allocation Failure) 16.898: [ParNew: 9745K->1059K(9792K), 0.0029642 secs] 20012K->13952K(31680K), 0.0031427 secs] [Times: user=0.00 sys=0.00, real=0.00 secs] 
2014-07-10T09:57:50.754+0200: 16.901: [GC (CMS Initial Mark) [1 CMS-initial-mark: 12893K(21888K)] 14019K(31680K), 0.0002577 secs] [Times: user=0.00 sys=0.00, real=0.00 secs] 
2014-07-10T09:57:50.754+0200: 16.902: [CMS-concurrent-mark-start]
2014-07-10T09:57:50.755+0200: 16.903: [CMS-concurrent-mark: 0.001/0.001 secs] [Times: user=0.00 sys=0.00, real=0.00 secs] 
2014-07-10T09:57:50.755+0200: 16.903: [CMS-concurrent-preclean-start]
2014-07-10T09:57:50.755+0200: 16.903: [CMS-concurrent-preclean: 0.000/0.000 secs] [Times: user=0.00 sys=0.00, real=0.00 secs] 
2014-07-10T09:57:50.755+0200: 16.903: [CMS-concurrent-abortable-preclean-start]
2014-07-10T09:57:50.792+0200: 16.940: [GC (Allocation Failure) 16.940: [ParNew: 9745K->1059K(9792K), 0.0030126 secs] 22639K->17059K(31680K), 0.0031794 secs] [Times: user=0.00 sys=0.00, real=0.00 secs] 
2014-07-10T09:57:50.844+0200: 16.991: [GC (Allocation Failure) 16.991: [ParNew: 9745K->1059K(9792K), 0.0057905 secs] 25745K->20646K(31680K), 0.0060534 secs] [Times: user=0.00 sys=0.00, real=0.01 secs] 
2014-07-10T09:57:50.852+0200: 16.999: [CMS-concurrent-abortable-preclean: 0.002/0.096 secs] [Times: user=0.03 sys=0.00, real=0.10 secs] 
2014-07-10T09:57:50.852+0200: 17.000: [GC (CMS Final Remark) [YG occupancy: 3976 K (9792 K)]17.000: [Rescan (parallel) , 0.0003102 secs]17.000: [weak refs processing, 0.0000653 secs]17.001: [class unloading, 0.0011193 secs]17.002: [scrub symbol table, 0.0012957 secs]17.003: [scrub string table, 0.0004586 secs][1 CMS-remark: 19586K(21888K)] 23563K(31680K), 0.0038375 secs] [Times: user=0.00 sys=0.00, real=0.00 secs] 
2014-07-10T09:57:50.856+0200: 17.004: [CMS-concurrent-sweep-start]
2014-07-10T09:57:50.858+0200: 17.005: [CMS-concurrent-sweep: 0.001/0.001 secs] [Times: user=0.00 sys=0.00, real=0.00 secs] 
2014-07-10T09:57:50.858+0200: 17.005: [CMS-concurrent-reset-start]
2014-07-10T09:57:50.858+0200: 17.006: [CMS-concurrent-reset: 0.000/0.000 secs] [Times: user=0.00 sys=0.00, real=0.00 secs] 
2014-07-10T09:57:50.861+0200: 17.008: [GC (Allocation Failure) 17.008: [ParNew: 9745K->1059K(9792K), 0.0057718 secs] 19423K->14804K(31680K), 0.0059459 secs] [Times: user=0.02 sys=0.00, real=0.01 secs] 
2014-07-10T09:57:50.867+0200: 17.015: [GC (CMS Initial Mark) [1 CMS-initial-mark: 13744K(21888K)] 14870K(31680K), 0.0002511 secs] [Times: user=0.00 sys=0.00, real=0.00 secs] 
2014-07-10T09:57:50.867+0200: 17.015: [CMS-concurrent-mark-start]
2014-07-10T09:57:50.868+0200: 17.016: [CMS-concurrent-mark: 0.001/0.001 secs] [Times: user=0.00 sys=0.00, real=0.00 secs] 
2014-07-10T09:57:50.868+0200: 17.016: [CMS-concurrent-preclean-start]
2014-07-10T09:57:50.869+0200: 17.016: [CMS-concurrent-preclean: 0.000/0.000 secs] [Times: user=0.00 sys=0.00, real=0.00 secs] 
2014-07-10T09:57:50.869+0200: 17.016: [CMS-concurrent-abortable-preclean-start]
2014-07-10T09:57:50.892+0200: 17.040: [GC (Allocation Failure) 17.040: [ParNew: 9759K->1059K(9792K), 0.0029304 secs] 23504K->17687K(31680K), 0.0030852 secs] [Times: user=0.00 sys=0.00, real=0.00 secs] 
2014-07-10T09:57:50.944+0200: 17.091: [GC (Allocation Failure) 17.091: [ParNew: 9745K->1059K(9792K), 0.0054547 secs] 26373K->21051K(31680K), 0.0057586 secs] [Times: user=0.03 sys=0.00, real=0.01 secs] 
2014-07-10T09:57:50.951+0200: 17.099: [CMS-concurrent-abortable-preclean: 0.002/0.083 secs] [Times: user=0.03 sys=0.00, real=0.08 secs] 
2014-07-10T09:57:50.953+0200: 17.101: [GC (CMS Final Remark) [YG occupancy: 5259 K (9792 K)]17.101: [Rescan (parallel) , 0.0003292 secs]17.101: [weak refs processing, 0.0000675 secs]17.101: [class unloading, 0.0012209 secs]17.102: [scrub symbol table, 0.0007428 secs]17.103: [scrub string table, 0.0002354 secs][1 CMS-remark: 19991K(21888K)] 25251K(31680K), 0.0029070 secs] [Times: user=0.00 sys=0.00, real=0.00 secs] 
2014-07-10T09:57:50.956+0200: 17.104: [CMS-concurrent-sweep-start]
2014-07-10T09:57:50.957+0200: 17.104: [CMS-concurrent-sweep: 0.000/0.000 secs] [Times: user=0.00 sys=0.00, real=0.00 secs] 
2014-07-10T09:57:50.957+0200: 17.104: [CMS-concurrent-reset-start]
2014-07-10T09:57:50.957+0200: 17.105: [CMS-concurrent-reset: 0.000/0.000 secs] [Times: user=0.00 sys=0.00, real=0.00 secs] 
2014-07-10T09:57:50.958+0200: 17.106: [GC (Allocation Failure) 17.106: [ParNew: 9745K->1059K(9792K), 0.0039071 secs] 20417K->15574K(31680K), 0.0040347 secs] [Times: user=0.03 sys=0.00, real=0.00 secs] 
2014-07-10T09:57:50.962+0200: 17.110: [GC (CMS Initial Mark) [1 CMS-initial-mark: 14515K(21888K)] 15606K(31680K), 0.0002779 secs] [Times: user=0.00 sys=0.00, real=0.00 secs] 
2014-07-10T09:57:50.963+0200: 17.110: [CMS-concurrent-mark-start]
2014-07-10T09:57:50.964+0200: 17.111: [CMS-concurrent-mark: 0.001/0.001 secs] [Times: user=0.00 sys=0.00, real=0.00 secs] 
2014-07-10T09:57:50.964+0200: 17.111: [CMS-concurrent-preclean-start]
2014-07-10T09:57:50.964+0200: 17.111: [CMS-concurrent-preclean: 0.000/0.000 secs] [Times: user=0.00 sys=0.00, real=0.00 secs] 
2014-07-10T09:57:50.964+0200: 17.111: [CMS-concurrent-abortable-preclean-start]
2014-07-10T09:57:50.992+0200: 17.140: [GC (Allocation Failure) 17.140: [ParNew: 9745K->1059K(9792K), 0.0044794 secs] 24260K->19897K(31680K), 0.0046290 secs] [Times: user=0.00 sys=0.00, real=0.00 secs] 
2014-07-10T09:57:50.998+0200: 17.146: [CMS-concurrent-abortable-preclean: 0.001/0.034 secs] [Times: user=0.02 sys=0.00, real=0.03 secs] 
2014-07-10T09:57:50.998+0200: 17.146: [GC (CMS Final Remark) [YG occupancy: 3880 K (9792 K)]17.146: [Rescan (parallel) , 0.0001580 secs]17.146: [weak refs processing, 0.0000378 secs]17.146: [class unloading, 0.0006218 secs]17.147: [scrub symbol table, 0.0007402 secs]17.148: [scrub string table, 0.0002357 secs][1 CMS-remark: 18838K(21888K)] 22719K(31680K), 0.0019787 secs] [Times: user=0.00 sys=0.00, real=0.00 secs] 
2014-07-10T09:57:51.001+0200: 17.148: [CMS-concurrent-sweep-start]
2014-07-10T09:57:51.001+0200: 17.148: [CMS-concurrent-sweep: 0.000/0.000 secs] [Times: user=0.00 sys=0.00, real=0.00 secs] 
2014-07-10T09:57:51.001+0200: 17.149: [CMS-concurrent-reset-start]
2014-07-10T09:57:51.001+0200: 17.149: [CMS-concurrent-reset: 0.000/0.000 secs] [Times: user=0.00 sys=0.00, real=0.00 secs] 
2014-07-10T09:57:51.043+0200: 17.191: [GC (Allocation Failure) 17.191: [ParNew: 9745K->1059K(9792K), 0.0064185 secs] 18271K->14388K(31680K), 0.0066667 secs] [Times: user=0.00 sys=0.00, real=0.01 secs] 
2014-07-10T09:57:51.050+0200: 17.198: [GC (CMS Initial Mark) [1 CMS-initial-mark: 13328K(21888K)] 14454K(31680K), 0.0004271 secs] [Times: user=0.00 sys=0.00, real=0.00 secs] 
2014-07-10T09:57:51.051+0200: 17.198: [CMS-concurrent-mark-start]
2014-07-10T09:57:51.053+0200: 17.200: [CMS-concurrent-mark: 0.002/0.002 secs] [Times: user=0.00 sys=0.00, real=0.00 secs] 
2014-07-10T09:57:51.053+0200: 17.200: [CMS-concurrent-preclean-start]
2014-07-10T09:57:51.053+0200: 17.201: [CMS-concurrent-preclean: 0.000/0.000 secs] [Times: user=0.00 sys=0.00, real=0.00 secs] 
2014-07-10T09:57:51.053+0200: 17.201: [CMS-concurrent-abortable-preclean-start]
2014-07-10T09:57:51.058+0200: 17.206: [GC (Allocation Failure) 17.206: [ParNew: 9745K->1059K(9792K), 0.0093134 secs] 23074K->19672K(31680K), 0.0095095 secs] [Times: user=0.00 sys=0.00, real=0.01 secs] 
2014-07-10T09:57:51.093+0200: 17.240: [GC (Allocation Failure) 17.240: [ParNew: 9745K->9745K(9792K), 0.0000491 secs]17.241: [CMS2014-07-10T09:57:51.093+0200: 17.241: [CMS-concurrent-abortable-preclean: 0.002/0.040 secs] [Times: user=0.01 sys=0.02, real=0.04 secs] 
 (concurrent mode failure): 18612K->7176K(21888K), 0.0075738 secs] 28358K->7176K(31680K), [Metaspace: 2457K->2457K(1056768K)], 0.0077934 secs] [Times: user=0.02 sys=0.00, real=0.01 secs] 
2014-07-10T09:57:51.145+0200: 17.293: [GC (Allocation Failure) 17.293: [ParNew: 8691K->1061K(9792K), 0.0081120 secs] 15868K->13460K(31680K), 0.0084214 secs] [Times: user=0.03 sys=0.00, real=0.01 secs] 
2014-07-10T09:57:51.154+0200: 17.302: [GC (CMS Initial Mark) [1 CMS-initial-mark: 12399K(21888K)] 13526K(31680K), 0.0003710 secs] [Times: user=0.00 sys=0.00, real=0.00 secs] 
2014-07-10T09:57:51.155+0200: 17.302: [CMS-concurrent-mark-start]
2014-07-10T09:57:51.157+0200: 17.304: [CMS-concurrent-mark: 0.002/0.002 secs] [Times: user=0.00 sys=0.00, real=0.00 secs] 
2014-07-10T09:57:51.157+0200: 17.304: [CMS-concurrent-preclean-start]
2014-07-10T09:57:51.157+0200: 17.305: [CMS-concurrent-preclean: 0.000/0.000 secs] [Times: user=0.00 sys=0.00, real=0.00 secs] 
2014-07-10T09:57:51.157+0200: 17.305: [CMS-concurrent-abortable-preclean-start]
2014-07-10T09:57:51.162+0200: 17.309: [GC (Allocation Failure) 17.309: [ParNew: 9747K->1059K(9792K), 0.0060552 secs] 22147K->19159K(31680K), 0.0062671 secs] [Times: user=0.03 sys=0.00, real=0.01 secs] 
2014-07-10T09:57:51.193+0200: 17.341: [GC (Allocation Failure) 17.341: [ParNew: 9745K->9745K(9792K), 0.0000708 secs]17.341: [CMS2014-07-10T09:57:51.194+0200: 17.341: [CMS-concurrent-abortable-preclean: 0.001/0.037 secs] [Times: user=0.03 sys=0.00, real=0.04 secs] 
 (concurrent mode failure): 18099K->7592K(21888K), 0.0075968 secs] 27845K->7592K(31680K), [Metaspace: 2457K->2457K(1056768K)], 0.0078355 secs] [Times: user=0.02 sys=0.00, real=0.01 secs] 
2014-07-10T09:57:51.244+0200: 17.391: [GC (Allocation Failure) 17.391: [ParNew: 8686K->1059K(9792K), 0.0057491 secs] 16279K->15315K(31680K), 0.0058997 secs] [Times: user=0.00 sys=0.00, real=0.01 secs] 
2014-07-10T09:57:51.250+0200: 17.397: [GC (CMS Initial Mark) [1 CMS-initial-mark: 14256K(21888K)] 15381K(31680K), 0.0002357 secs] [Times: user=0.00 sys=0.00, real=0.00 secs] 
2014-07-10T09:57:51.250+0200: 17.398: [CMS-concurrent-mark-start]
2014-07-10T09:57:51.251+0200: 17.398: [CMS-concurrent-mark: 0.001/0.001 secs] [Times: user=0.00 sys=0.00, real=0.00 secs] 
2014-07-10T09:57:51.251+0200: 17.398: [CMS-concurrent-preclean-start]
2014-07-10T09:57:51.251+0200: 17.399: [CMS-concurrent-preclean: 0.000/0.000 secs] [Times: user=0.00 sys=0.00, real=0.00 secs] 
2014-07-10T09:57:51.251+0200: 17.399: [CMS-concurrent-abortable-preclean-start]
2014-07-10T09:57:51.291+0200: 17.439: [GC (Allocation Failure) 17.439: [ParNew: 9745K->9745K(9792K), 0.0000968 secs]17.439: [CMS2014-07-10T09:57:51.292+0200: 17.439: [CMS-concurrent-abortable-preclean: 0.000/0.041 secs] [Times: user=0.00 sys=0.00, real=0.04 secs] 
 (concurrent mode failure): 14256K->357K(21888K), 0.0082997 secs] 24002K->357K(31680K), [Metaspace: 2457K->2457K(1056768K)], 0.0086659 secs] [Times: user=0.00 sys=0.00, real=0.01 secs] 
2014-07-10T09:57:51.341+0200: 17.489: [GC (Allocation Failure) 17.489: [ParNew: 8686K->483K(9792K), 0.0006779 secs] 9043K->840K(31680K), 0.0007846 secs] [Times: user=0.00 sys=0.00, real=0.00 secs] 
2014-07-10T09:57:51.346+0200: 17.494: [GC (Allocation Failure) 17.494: [ParNew: 9180K->972K(9792K), 0.0018108 secs] 9538K->1329K(31680K), 0.0020395 secs] [Times: user=0.00 sys=0.00, real=0.00 secs] 
2014-07-10T09:57:51.356+0200: 17.503: [GC (Allocation Failure) 17.504: [ParNew: 9662K->1059K(9792K), 0.0093174 secs] 10019K->7953K(31680K), 0.0097357 secs] [Times: user=0.00 sys=0.02, real=0.01 secs] 
2014-07-10T09:57:51.366+0200: 17.514: [GC (CMS Initial Mark) [1 CMS-initial-mark: 6894K(21888K)] 8404K(31680K), 0.0003890 secs] [Times: user=0.00 sys=0.00, real=0.00 secs] 
2014-07-10T09:57:51.367+0200: 17.514: [CMS-concurrent-mark-start]
2014-07-10T09:57:51.369+0200: 17.516: [CMS-concurrent-mark: 0.002/0.002 secs] [Times: user=0.00 sys=0.00, real=0.00 secs] 
2014-07-10T09:57:51.369+0200: 17.516: [CMS-concurrent-preclean-start]
2014-07-10T09:57:51.369+0200: 17.517: [CMS-concurrent-preclean: 0.000/0.000 secs] [Times: user=0.00 sys=0.00, real=0.00 secs] 
2014-07-10T09:57:51.369+0200: 17.517: [GC (CMS Final Remark) [YG occupancy: 1669 K (9792 K)]17.517: [Rescan (parallel) , 0.0002856 secs]17.517: [weak refs processing, 0.0000605 secs]17.517: [class unloading, 0.0009195 secs]17.518: [scrub symbol table, 0.0012894 secs]17.520: [scrub string table, 0.0004403 secs][1 CMS-remark: 6894K(21888K)] 8564K(31680K), 0.0033913 secs] [Times: user=0.00 sys=0.00, real=0.00 secs] 
2014-07-10T09:57:51.373+0200: 17.520: [CMS-concurrent-sweep-start]
2014-07-10T09:57:51.374+0200: 17.521: [CMS-concurrent-sweep: 0.001/0.001 secs] [Times: user=0.00 sys=0.00, real=0.00 secs] 
2014-07-10T09:57:51.374+0200: 17.521: [CMS-concurrent-reset-start]
2014-07-10T09:57:51.374+0200: 17.521: [CMS-concurrent-reset: 0.000/0.000 secs] [Times: user=0.00 sys=0.00, real=0.00 secs] 
2014-07-10T09:57:51.396+0200: 17.543: [GC (Allocation Failure) 17.543: [ParNew: 9745K->1059K(9792K), 0.0054976 secs] 16636K->14963K(31680K), 0.0057172 secs] [Times: user=0.03 sys=0.00, real=0.01 secs] 
2014-07-10T09:57:51.402+0200: 17.549: [GC (CMS Initial Mark) [1 CMS-initial-mark: 13904K(21888K)] 15029K(31680K), 0.0002266 secs] [Times: user=0.00 sys=0.00, real=0.00 secs] 
2014-07-10T09:57:51.402+0200: 17.550: [CMS-concurrent-mark-start]
2014-07-10T09:57:51.403+0200: 17.550: [CMS-concurrent-mark: 0.001/0.001 secs] [Times: user=0.00 sys=0.00, real=0.00 secs] 
2014-07-10T09:57:51.403+0200: 17.550: [CMS-concurrent-preclean-start]
2014-07-10T09:57:51.403+0200: 17.551: [CMS-concurrent-preclean: 0.000/0.000 secs] [Times: user=0.00 sys=0.00, real=0.00 secs] 
2014-07-10T09:57:51.403+0200: 17.551: [GC (CMS Final Remark) [YG occupancy: 1189 K (9792 K)]17.551: [Rescan (parallel) , 0.0001056 secs]17.551: [weak refs processing, 0.0000326 secs]17.551: [class unloading, 0.0005466 secs]17.551: [scrub symbol table, 0.0009356 secs]17.552: [scrub string table, 0.0002394 secs][1 CMS-remark: 13904K(21888K)] 15093K(31680K), 0.0020487 secs] [Times: user=0.00 sys=0.00, real=0.00 secs] 
2014-07-10T09:57:51.405+0200: 17.553: [CMS-concurrent-sweep-start]
2014-07-10T09:57:51.406+0200: 17.553: [CMS-concurrent-sweep: 0.000/0.000 secs] [Times: user=0.00 sys=0.00, real=0.00 secs] 
2014-07-10T09:57:51.406+0200: 17.553: [CMS-concurrent-reset-start]
2014-07-10T09:57:51.406+0200: 17.553: [CMS-concurrent-reset: 0.000/0.000 secs] [Times: user=0.00 sys=0.00, real=0.00 secs] 
2014-07-10T09:57:51.444+0200: 17.591: [GC (Allocation Failure) 17.591: [ParNew: 9747K->355K(9792K), 0.0007512 secs] 17119K->7728K(31680K), 0.0009001 secs] [Times: user=0.00 sys=0.00, real=0.00 secs] 
2014-07-10T09:57:51.491+0200: 17.639: [GC (Allocation Failure) 17.639: [ParNew: 9041K->837K(9792K), 0.0006460 secs] 16414K->8210K(31680K), 0.0007256 secs] [Times: user=0.00 sys=0.00, real=0.00 secs] 
2014-07-10T09:57:51.542+0200: 17.690: [GC (Allocation Failure) 17.690: [ParNew: 9523K->1059K(9792K), 0.0017921 secs] 16896K->8691K(31680K), 0.0019812 secs] [Times: user=0.00 sys=0.00, real=0.00 secs] 
2014-07-10T09:57:51.550+0200: 17.698: [GC (Allocation Failure) 17.698: [ParNew: 9745K->1059K(9792K), 0.0026243 secs] 17378K->9429K(31680K), 0.0028674 secs] [Times: user=0.03 sys=0.00, real=0.00 secs] 
2014-07-10T09:57:51.592+0200: 17.740: [GC (Allocation Failure) 17.740: [ParNew: 9745K->1059K(9792K), 0.0022782 secs] 18115K->10646K(31680K), 0.0024953 secs] [Times: user=0.00 sys=0.00, real=0.00 secs] 
2014-07-10T09:57:51.642+0200: 17.789: [GC (Allocation Failure) 17.789: [ParNew: 9749K->1061K(9792K), 0.0012399 secs] 19336K->11322K(31680K), 0.0013602 secs] [Times: user=0.00 sys=0.00, real=0.00 secs] 
2014-07-10T09:57:51.648+0200: 17.795: [GC (Allocation Failure) 17.795: [ParNew: 9747K->1059K(9792K), 0.0017305 secs] 20008K->12474K(31680K), 0.0018702 secs] [Times: user=0.00 sys=0.00, real=0.00 secs] 
2014-07-10T09:57:51.692+0200: 17.840: [GC (Allocation Failure) 17.840: [ParNew: 9745K->1059K(9792K), 0.0024018 secs] 21160K->14108K(31680K), 0.0025975 secs] [Times: user=0.03 sys=0.00, real=0.00 secs] 
2014-07-10T09:57:51.742+0200: 17.889: [GC (Allocation Failure) 17.889: [ParNew: 9745K->1059K(9792K), 0.0016421 secs] 22794K->16222K(31680K), 0.0017591 secs] [Times: user=0.00 sys=0.00, real=0.00 secs] 
2014-07-10T09:57:51.747+0200: 17.895: [GC (Allocation Failure) 17.895: [ParNew: 9745K->1059K(9792K), 0.0027845 secs] 24908K->18816K(31680K), 0.0029293 secs] [Times: user=0.00 sys=0.00, real=0.00 secs] 
2014-07-10T09:57:51.751+0200: 17.898: [GC (CMS Initial Mark) [1 CMS-initial-mark: 17757K(21888K)] 18882K(31680K), 0.0002159 secs] [Times: user=0.00 sys=0.00, real=0.00 secs] 
2014-07-10T09:57:51.751+0200: 17.898: [CMS-concurrent-mark-start]
2014-07-10T09:57:51.752+0200: 17.899: [CMS-concurrent-mark: 0.001/0.001 secs] [Times: user=0.00 sys=0.00, real=0.00 secs] 
2014-07-10T09:57:51.752+0200: 17.899: [CMS-concurrent-preclean-start]
2014-07-10T09:57:51.752+0200: 17.899: [CMS-concurrent-preclean: 0.000/0.000 secs] [Times: user=0.00 sys=0.00, real=0.00 secs] 
2014-07-10T09:57:51.752+0200: 17.899: [GC (CMS Final Remark) [YG occupancy: 3014 K (9792 K)]17.899: [Rescan (parallel) , 0.0001027 secs]17.900: [weak refs processing, 0.0000253 secs]17.900: [class unloading, 0.0004909 secs]17.900: [scrub symbol table, 0.0006383 secs]17.901: [scrub string table, 0.0001950 secs][1 CMS-remark: 17757K(21888K)] 20771K(31680K), 0.0015721 secs] [Times: user=0.00 sys=0.00, real=0.00 secs] 
2014-07-10T09:57:51.753+0200: 17.901: [CMS-concurrent-sweep-start]
2014-07-10T09:57:51.754+0200: 17.901: [CMS-concurrent-sweep: 0.000/0.000 secs] [Times: user=0.00 sys=0.00, real=0.00 secs] 
2014-07-10T09:57:51.754+0200: 17.901: [CMS-concurrent-reset-start]
2014-07-10T09:57:51.754+0200: 17.902: [CMS-concurrent-reset: 0.000/0.000 secs] [Times: user=0.00 sys=0.00, real=0.00 secs] 
2014-07-10T09:57:51.792+0200: 17.940: [GC (Allocation Failure) 17.940: [ParNew: 9745K->1059K(9792K), 0.0033469 secs] 12700K->7088K(31680K), 0.0035365 secs] [Times: user=0.00 sys=0.00, real=0.00 secs] 
2014-07-10T09:57:51.844+0200: 17.991: [GC (Allocation Failure) 17.991: [ParNew: 9745K->1059K(9792K), 0.0057898 secs] 15775K->10643K(31680K), 0.0060867 secs] [Times: user=0.02 sys=0.00, real=0.01 secs] 
2014-07-10T09:57:51.856+0200: 18.003: [GC (Allocation Failure) 18.003: [ParNew: 9745K->1059K(9792K), 0.0045190 secs] 19329K->14678K(31680K), 0.0046888 secs] [Times: user=0.00 sys=0.00, real=0.00 secs] 
2014-07-10T09:57:51.861+0200: 18.008: [GC (CMS Initial Mark) [1 CMS-initial-mark: 13619K(21888K)] 14744K(31680K), 0.0002555 secs] [Times: user=0.00 sys=0.00, real=0.00 secs] 
2014-07-10T09:57:51.861+0200: 18.009: [CMS-concurrent-mark-start]
2014-07-10T09:57:51.862+0200: 18.010: [CMS-concurrent-mark: 0.001/0.001 secs] [Times: user=0.00 sys=0.00, real=0.00 secs] 
2014-07-10T09:57:51.862+0200: 18.010: [CMS-concurrent-preclean-start]
2014-07-10T09:57:51.862+0200: 18.010: [CMS-concurrent-preclean: 0.000/0.000 secs] [Times: user=0.00 sys=0.00, real=0.00 secs] 
2014-07-10T09:57:51.862+0200: 18.010: [CMS-concurrent-abortable-preclean-start]
2014-07-10T09:57:51.892+0200: 18.040: [GC (Allocation Failure) 18.040: [ParNew: 9760K->1059K(9792K), 0.0026419 secs] 23380K->17529K(31680K), 0.0027988 secs] [Times: user=0.00 sys=0.00, real=0.00 secs] 
2014-07-10T09:57:51.943+0200: 18.091: [GC (Allocation Failure) 18.091: [ParNew: 9745K->1059K(9792K), 0.0032685 secs] 26215K->20861K(31680K), 0.0034591 secs] [Times: user=0.00 sys=0.00, real=0.00 secs] 
2014-07-10T09:57:51.956+0200: 18.104: [GC (Allocation Failure) 18.104: [ParNew: 9745K->9745K(9792K), 0.0000660 secs]18.104: [CMS2014-07-10T09:57:51.956+0200: 18.104: [CMS-concurrent-abortable-preclean: 0.002/0.094 secs] [Times: user=0.03 sys=0.00, real=0.09 secs] 
 (concurrent mode failure): 19802K->5226K(21888K), 0.0066994 secs] 29547K->5226K(31680K), [Metaspace: 2457K->2457K(1056768K)], 0.0069751 secs] [Times: user=0.02 sys=0.00, real=0.01 secs] 
2014-07-10T09:57:51.992+0200: 18.140: [GC (Allocation Failure) 18.140: [ParNew: 8686K->1059K(9792K), 0.0040006 secs] 13912K->10579K(31680K), 0.0041374 secs] [Times: user=0.00 sys=0.00, real=0.00 secs] 
2014-07-10T09:57:52.045+0200: 18.192: [GC (Allocation Failure) 18.192: [ParNew: 9745K->1059K(9792K), 0.0073530 secs] 19266K->15351K(31680K), 0.0076089 secs] [Times: user=0.00 sys=0.00, real=0.01 secs] 
2014-07-10T09:57:52.053+0200: 18.201: [GC (CMS Initial Mark) [1 CMS-initial-mark: 14291K(21888K)] 15417K(31680K), 0.0004077 secs] [Times: user=0.00 sys=0.00, real=0.00 secs] 
2014-07-10T09:57:52.054+0200: 18.201: [CMS-concurrent-mark-start]
2014-07-10T09:57:52.055+0200: 18.203: [CMS-concurrent-mark: 0.002/0.002 secs] [Times: user=0.00 sys=0.00, real=0.00 secs] 
2014-07-10T09:57:52.056+0200: 18.203: [CMS-concurrent-preclean-start]
2014-07-10T09:57:52.056+0200: 18.204: [CMS-concurrent-preclean: 0.000/0.000 secs] [Times: user=0.00 sys=0.00, real=0.00 secs] 
2014-07-10T09:57:52.056+0200: 18.204: [CMS-concurrent-abortable-preclean-start]
2014-07-10T09:57:52.060+0200: 18.208: [GC (Allocation Failure) 18.208: [ParNew: 9745K->1059K(9792K), 0.0063753 secs] 24037K->20602K(31680K), 0.0065824 secs] [Times: user=0.00 sys=0.00, real=0.01 secs] 
2014-07-10T09:57:52.068+0200: 18.216: [CMS-concurrent-abortable-preclean: 0.001/0.012 secs] [Times: user=0.02 sys=0.02, real=0.01 secs] 
2014-07-10T09:57:52.068+0200: 18.216: [GC (CMS Final Remark) [YG occupancy: 2950 K (9792 K)]18.216: [Rescan (parallel) , 0.0001837 secs]18.216: [weak refs processing, 0.0000378 secs]18.216: [class unloading, 0.0005767 secs]18.217: [scrub symbol table, 0.0007464 secs]18.218: [scrub string table, 0.0002332 secs][1 CMS-remark: 19543K(21888K)] 22493K(31680K), 0.0019622 secs] [Times: user=0.00 sys=0.00, real=0.00 secs] 
2014-07-10T09:57:52.070+0200: 18.218: [CMS-concurrent-sweep-start]
2014-07-10T09:57:52.071+0200: 18.218: [CMS-concurrent-sweep: 0.000/0.000 secs] [Times: user=0.00 sys=0.00, real=0.00 secs] 
2014-07-10T09:57:52.071+0200: 18.218: [CMS-concurrent-reset-start]
2014-07-10T09:57:52.071+0200: 18.219: [CMS-concurrent-reset: 0.000/0.000 secs] [Times: user=0.00 sys=0.00, real=0.00 secs] 
2014-07-10T09:57:52.093+0200: 18.241: [GC (Allocation Failure) 18.241: [ParNew: 9745K->1059K(9792K), 0.0053901 secs] 20130K->17176K(31680K), 0.0055514 secs] [Times: user=0.02 sys=0.00, real=0.01 secs] 
2014-07-10T09:57:52.099+0200: 18.247: [GC (CMS Initial Mark) [1 CMS-initial-mark: 16116K(21888K)] 17242K(31680K), 0.0002269 secs] [Times: user=0.00 sys=0.00, real=0.00 secs] 
2014-07-10T09:57:52.099+0200: 18.247: [CMS-concurrent-mark-start]
2014-07-10T09:57:52.100+0200: 18.248: [CMS-concurrent-mark: 0.001/0.001 secs] [Times: user=0.00 sys=0.00, real=0.00 secs] 
2014-07-10T09:57:52.100+0200: 18.248: [CMS-concurrent-preclean-start]
2014-07-10T09:57:52.101+0200: 18.248: [CMS-concurrent-preclean: 0.000/0.000 secs] [Times: user=0.00 sys=0.00, real=0.00 secs] 
2014-07-10T09:57:52.101+0200: 18.248: [CMS-concurrent-abortable-preclean-start]
2014-07-10T09:57:52.143+0200: 18.290: [GC (Allocation Failure) 18.290: [ParNew: 9755K->9755K(9792K), 0.0000572 secs]18.290: [CMS2014-07-10T09:57:52.143+0200: 18.291: [CMS-concurrent-abortable-preclean: 0.000/0.042 secs] [Times: user=0.00 sys=0.00, real=0.04 secs] 
 (concurrent mode failure): 16116K->6091K(21888K), 0.0080302 secs] 25871K->6091K(31680K), [Metaspace: 2457K->2457K(1056768K)], 0.0082758 secs] [Times: user=0.01 sys=0.00, real=0.01 secs] 
2014-07-10T09:57:52.155+0200: 18.303: [GC (Allocation Failure) 18.303: [ParNew: 8686K->1059K(9792K), 0.0046635 secs] 14777K->12309K(31680K), 0.0048530 secs] [Times: user=0.00 sys=0.00, real=0.01 secs] 
2014-07-10T09:57:52.161+0200: 18.308: [GC (CMS Initial Mark) [1 CMS-initial-mark: 11249K(21888K)] 12375K(31680K), 0.0002141 secs] [Times: user=0.00 sys=0.00, real=0.00 secs] 
2014-07-10T09:57:52.161+0200: 18.308: [CMS-concurrent-mark-start]
2014-07-10T09:57:52.162+0200: 18.309: [CMS-concurrent-mark: 0.001/0.001 secs] [Times: user=0.03 sys=0.00, real=0.00 secs] 
2014-07-10T09:57:52.162+0200: 18.309: [CMS-concurrent-preclean-start]
2014-07-10T09:57:52.162+0200: 18.310: [CMS-concurrent-preclean: 0.000/0.000 secs] [Times: user=0.00 sys=0.00, real=0.00 secs] 
2014-07-10T09:57:52.162+0200: 18.310: [GC (CMS Final Remark) [YG occupancy: 3046 K (9792 K)]18.310: [Rescan (parallel) , 0.0001327 secs]18.310: [weak refs processing, 0.0000367 secs]18.310: [class unloading, 0.0005800 secs]18.311: [scrub symbol table, 0.0007519 secs]18.311: [scrub string table, 0.0002339 secs][1 CMS-remark: 11249K(21888K)] 14296K(31680K), 0.0019219 secs] [Times: user=0.00 sys=0.00, real=0.00 secs] 
2014-07-10T09:57:52.164+0200: 18.312: [CMS-concurrent-sweep-start]
2014-07-10T09:57:52.164+0200: 18.312: [CMS-concurrent-sweep: 0.000/0.000 secs] [Times: user=0.00 sys=0.00, real=0.00 secs] 
2014-07-10T09:57:52.165+0200: 18.312: [CMS-concurrent-reset-start]
2014-07-10T09:57:52.165+0200: 18.312: [CMS-concurrent-reset: 0.000/0.000 secs] [Times: user=0.00 sys=0.00, real=0.00 secs] 
2014-07-10T09:57:52.194+0200: 18.341: [GC (Allocation Failure) 18.341: [ParNew: 9745K->1059K(9792K), 0.0051177 secs] 15263K->12213K(31680K), 0.0052952 secs] [Times: user=0.00 sys=0.00, real=0.00 secs] 
2014-07-10T09:57:52.200+0200: 18.347: [GC (CMS Initial Mark) [1 CMS-initial-mark: 11153K(21888K)] 12245K(31680K), 0.0002361 secs] [Times: user=0.00 sys=0.00, real=0.00 secs] 
2014-07-10T09:57:52.200+0200: 18.347: [CMS-concurrent-mark-start]
2014-07-10T09:57:52.201+0200: 18.348: [CMS-concurrent-mark: 0.001/0.001 secs] [Times: user=0.00 sys=0.00, real=0.00 secs] 
2014-07-10T09:57:52.201+0200: 18.349: [CMS-concurrent-preclean-start]
2014-07-10T09:57:52.201+0200: 18.349: [CMS-concurrent-preclean: 0.000/0.000 secs] [Times: user=0.00 sys=0.00, real=0.00 secs] 
2014-07-10T09:57:52.201+0200: 18.349: [GC (CMS Final Remark) [YG occupancy: 2566 K (9792 K)]18.349: [Rescan (parallel) , 0.0001485 secs]18.349: [weak refs processing, 0.0000359 secs]18.349: [class unloading, 0.0005305 secs]18.350: [scrub symbol table, 0.0007201 secs]18.350: [scrub string table, 0.0002291 secs][1 CMS-remark: 11153K(21888K)] 13719K(31680K), 0.0018441 secs] [Times: user=0.00 sys=0.00, real=0.00 secs] 
2014-07-10T09:57:52.203+0200: 18.351: [CMS-concurrent-sweep-start]
2014-07-10T09:57:52.203+0200: 18.351: [CMS-concurrent-sweep: 0.000/0.000 secs] [Times: user=0.00 sys=0.00, real=0.00 secs] 
2014-07-10T09:57:52.203+0200: 18.351: [CMS-concurrent-reset-start]
2014-07-10T09:57:52.204+0200: 18.351: [CMS-concurrent-reset: 0.000/0.000 secs] [Times: user=0.00 sys=0.00, real=0.00 secs] 
2014-07-10T09:57:52.243+0200: 18.391: [GC (Allocation Failure) 18.391: [ParNew: 9745K->1059K(9792K), 0.0057443 secs] 15743K->13173K(31680K), 0.0059129 secs] [Times: user=0.00 sys=0.00, real=0.01 secs] 
2014-07-10T09:57:52.250+0200: 18.397: [GC (CMS Initial Mark) [1 CMS-initial-mark: 12114K(21888K)] 13271K(31680K), 0.0002552 secs] [Times: user=0.00 sys=0.00, real=0.00 secs] 
2014-07-10T09:57:52.250+0200: 18.397: [CMS-concurrent-mark-start]
2014-07-10T09:57:52.251+0200: 18.398: [CMS-concurrent-mark: 0.001/0.001 secs] [Times: user=0.00 sys=0.00, real=0.00 secs] 
2014-07-10T09:57:52.251+0200: 18.399: [CMS-concurrent-preclean-start]
2014-07-10T09:57:52.251+0200: 18.399: [CMS-concurrent-preclean: 0.000/0.000 secs] [Times: user=0.00 sys=0.00, real=0.00 secs] 
2014-07-10T09:57:52.251+0200: 18.399: [CMS-concurrent-abortable-preclean-start]
2014-07-10T09:57:52.253+0200: 18.401: [GC (Allocation Failure) 18.401: [ParNew: 9745K->1059K(9792K), 0.0066814 secs] 21859K->19769K(31680K), 0.0068548 secs] [Times: user=0.03 sys=0.00, real=0.01 secs] 
2014-07-10T09:57:52.294+0200: 18.442: [GC (Allocation Failure) 18.442: [ParNew: 9745K->9745K(9792K), 0.0000576 secs]18.442: [CMS2014-07-10T09:57:52.294+0200: 18.442: [CMS-concurrent-abortable-preclean: 0.001/0.043 secs] [Times: user=0.03 sys=0.00, real=0.04 secs] 
 (concurrent mode failure): 18710K->8492K(21888K), 0.0089732 secs] 28456K->8492K(31680K), [Metaspace: 2457K->2457K(1056768K)], 0.0092206 secs] [Times: user=0.02 sys=0.00, real=0.01 secs] 
2014-07-10T09:57:52.346+0200: 18.494: [GC (Allocation Failure) 18.494: [ParNew: 8703K->432K(9792K), 0.0015783 secs] 17195K->8924K(31680K), 0.0018108 secs] [Times: user=0.00 sys=0.00, real=0.00 secs] 
2014-07-10T09:57:52.356+0200: 18.503: [GC (Allocation Failure) 18.503: [ParNew: 9133K->413K(9792K), 0.0016066 secs] 17625K->8905K(31680K), 0.0018258 secs] [Times: user=0.00 sys=0.00, real=0.00 secs] 
2014-07-10T09:57:52.394+0200: 18.541: [GC (Allocation Failure) 18.542: [ParNew: 9110K->1062K(9792K), 0.0065380 secs] 17602K->16569K(31680K), 0.0067180 secs] [Times: user=0.03 sys=0.00, real=0.01 secs] 
2014-07-10T09:57:52.401+0200: 18.549: [GC (CMS Initial Mark) [1 CMS-initial-mark: 15507K(21888K)] 16601K(31680K), 0.0002357 secs] [Times: user=0.00 sys=0.00, real=0.00 secs] 
2014-07-10T09:57:52.401+0200: 18.549: [CMS-concurrent-mark-start]
2014-07-10T09:57:52.402+0200: 18.550: [CMS-concurrent-mark: 0.001/0.001 secs] [Times: user=0.00 sys=0.00, real=0.00 secs] 
2014-07-10T09:57:52.402+0200: 18.550: [CMS-concurrent-preclean-start]
2014-07-10T09:57:52.402+0200: 18.550: [CMS-concurrent-preclean: 0.000/0.000 secs] [Times: user=0.00 sys=0.00, real=0.00 secs] 
2014-07-10T09:57:52.402+0200: 18.550: [GC (CMS Final Remark) [YG occupancy: 1192 K (9792 K)]18.550: [Rescan (parallel) , 0.0001518 secs]18.550: [weak refs processing, 0.0000352 secs]18.550: [class unloading, 0.0005158 secs]18.551: [scrub symbol table, 0.0007475 secs]18.552: [scrub string table, 0.0002299 secs][1 CMS-remark: 15507K(21888K)] 16699K(31680K), 0.0018647 secs] [Times: user=0.00 sys=0.00, real=0.00 secs] 
2014-07-10T09:57:52.404+0200: 18.552: [CMS-concurrent-sweep-start]
2014-07-10T09:57:52.405+0200: 18.552: [CMS-concurrent-sweep: 0.000/0.000 secs] [Times: user=0.00 sys=0.00, real=0.00 secs] 
2014-07-10T09:57:52.405+0200: 18.552: [CMS-concurrent-reset-start]
2014-07-10T09:57:52.405+0200: 18.552: [CMS-concurrent-reset: 0.000/0.000 secs] [Times: user=0.00 sys=0.00, real=0.00 secs] 
2014-07-10T09:57:52.444+0200: 18.592: [GC (Allocation Failure) 18.592: [ParNew: 9750K->355K(9792K), 0.0008150 secs] 17121K->7730K(31680K), 0.0009437 secs] [Times: user=0.00 sys=0.00, real=0.00 secs] 
2014-07-10T09:57:52.491+0200: 18.639: [GC (Allocation Failure) 18.639: [ParNew: 9041K->837K(9792K), 0.0007640 secs] 16416K->8212K(31680K), 0.0008531 secs] [Times: user=0.00 sys=0.00, real=0.00 secs] 
2014-07-10T09:57:52.541+0200: 18.689: [GC (Allocation Failure) 18.689: [ParNew: 9523K->1059K(9792K), 0.0007901 secs] 16898K->8694K(31680K), 0.0008682 secs] [Times: user=0.00 sys=0.00, real=0.00 secs] 
2014-07-10T09:57:52.548+0200: 18.696: [GC (Allocation Failure) 18.696: [ParNew: 9745K->1059K(9792K), 0.0035053 secs] 17380K->9431K(31680K), 0.0037517 secs] [Times: user=0.00 sys=0.00, real=0.00 secs] 
2014-07-10T09:57:52.592+0200: 18.740: [GC (Allocation Failure) 18.740: [ParNew: 9751K->1059K(9792K), 0.0008960 secs] 18123K->9624K(31680K), 0.0010123 secs] [Times: user=0.00 sys=0.00, real=0.00 secs] 
2014-07-10T09:57:52.641+0200: 18.789: [GC (Allocation Failure) 18.789: [ParNew: 9745K->1059K(9792K), 0.0011508 secs] 18311K->10298K(31680K), 0.0012825 secs] [Times: user=0.00 sys=0.00, real=0.00 secs] 
2014-07-10T09:57:52.648+0200: 18.796: [GC (Allocation Failure) 18.796: [ParNew: 9745K->1059K(9792K), 0.0016615 secs] 18984K->11452K(31680K), 0.0017972 secs] [Times: user=0.00 sys=0.00, real=0.00 secs] 
2014-07-10T09:57:52.692+0200: 18.840: [GC (Allocation Failure) 18.840: [ParNew: 9745K->1059K(9792K), 0.0018969 secs] 20138K->13086K(31680K), 0.0020502 secs] [Times: user=0.00 sys=0.00, real=0.00 secs] 
2014-07-10T09:57:52.742+0200: 18.890: [GC (Allocation Failure) 18.890: [ParNew: 9745K->1059K(9792K), 0.0020516 secs] 21772K->15200K(31680K), 0.0022159 secs] [Times: user=0.00 sys=0.00, real=0.00 secs] 
2014-07-10T09:57:52.748+0200: 18.896: [GC (Allocation Failure) 18.896: [ParNew: 9745K->1059K(9792K), 0.0032054 secs] 23886K->17794K(31680K), 0.0034268 secs] [Times: user=0.00 sys=0.00, real=0.00 secs] 
2014-07-10T09:57:52.752+0200: 18.900: [GC (CMS Initial Mark) [1 CMS-initial-mark: 16735K(21888K)] 17860K(31680K), 0.0003622 secs] [Times: user=0.00 sys=0.00, real=0.00 secs] 
2014-07-10T09:57:52.753+0200: 18.900: [CMS-concurrent-mark-start]
2014-07-10T09:57:52.754+0200: 18.901: [CMS-concurrent-mark: 0.001/0.001 secs] [Times: user=0.00 sys=0.00, real=0.00 secs] 
2014-07-10T09:57:52.754+0200: 18.901: [CMS-concurrent-preclean-start]
2014-07-10T09:57:52.754+0200: 18.901: [CMS-concurrent-preclean: 0.000/0.000 secs] [Times: user=0.00 sys=0.00, real=0.00 secs] 
2014-07-10T09:57:52.754+0200: 18.902: [CMS-concurrent-abortable-preclean-start]
2014-07-10T09:57:52.795+0200: 18.943: [GC (Allocation Failure) 18.943: [ParNew: 9745K->1059K(9792K), 0.0053700 secs] 26480K->20869K(31680K), 0.0059910 secs] [Times: user=0.03 sys=0.00, real=0.01 secs] 
2014-07-10T09:57:52.803+0200: 18.951: [CMS-concurrent-abortable-preclean: 0.001/0.049 secs] [Times: user=0.05 sys=0.00, real=0.05 secs] 
2014-07-10T09:57:52.803+0200: 18.951: [GC (CMS Final Remark) [YG occupancy: 3176 K (9792 K)]18.951: [Rescan (parallel) , 0.0003439 secs]18.951: [weak refs processing, 0.0000634 secs]18.952: [class unloading, 0.0010559 secs]18.953: [scrub symbol table, 0.0012678 secs]18.954: [scrub string table, 0.0004623 secs][1 CMS-remark: 19809K(21888K)] 22986K(31680K), 0.0038353 secs] [Times: user=0.00 sys=0.00, real=0.00 secs] 
2014-07-10T09:57:52.807+0200: 18.955: [CMS-concurrent-sweep-start]
2014-07-10T09:57:52.808+0200: 18.956: [CMS-concurrent-sweep: 0.001/0.001 secs] [Times: user=0.00 sys=0.00, real=0.00 secs] 
2014-07-10T09:57:52.809+0200: 18.956: [CMS-concurrent-reset-start]
2014-07-10T09:57:52.809+0200: 18.957: [CMS-concurrent-reset: 0.000/0.000 secs] [Times: user=0.00 sys=0.00, real=0.00 secs] 
2014-07-10T09:57:52.842+0200: 18.990: [GC (Allocation Failure) 18.990: [ParNew: 9745K->1059K(9792K), 0.0034144 secs] 15777K->10646K(31680K), 0.0036384 secs] [Times: user=0.00 sys=0.00, real=0.00 secs] 
2014-07-10T09:57:52.850+0200: 18.998: [GC (Allocation Failure) 18.998: [ParNew: 9745K->1059K(9792K), 0.0043551 secs] 19332K->14681K(31680K), 0.0045803 secs] [Times: user=0.00 sys=0.00, real=0.01 secs] 
2014-07-10T09:57:52.855+0200: 19.003: [GC (CMS Initial Mark) [1 CMS-initial-mark: 13621K(21888K)] 14747K(31680K), 0.0002603 secs] [Times: user=0.00 sys=0.00, real=0.00 secs] 
2014-07-10T09:57:52.855+0200: 19.003: [CMS-concurrent-mark-start]
2014-07-10T09:57:52.856+0200: 19.004: [CMS-concurrent-mark: 0.001/0.001 secs] [Times: user=0.00 sys=0.00, real=0.00 secs] 
2014-07-10T09:57:52.856+0200: 19.004: [CMS-concurrent-preclean-start]
2014-07-10T09:57:52.856+0200: 19.004: [CMS-concurrent-preclean: 0.000/0.000 secs] [Times: user=0.00 sys=0.00, real=0.00 secs] 
2014-07-10T09:57:52.856+0200: 19.004: [CMS-concurrent-abortable-preclean-start]
2014-07-10T09:57:52.892+0200: 19.040: [GC (Allocation Failure) 19.040: [ParNew: 9733K->1060K(9792K), 0.0020234 secs] 23355K->16987K(31680K), 0.0021767 secs] [Times: user=0.00 sys=0.00, real=0.00 secs] 
2014-07-10T09:57:52.942+0200: 19.090: [GC (Allocation Failure) 19.090: [ParNew: 9746K->1059K(9792K), 0.0030045 secs] 25674K->19776K(31680K), 0.0031603 secs] [Times: user=0.00 sys=0.00, real=0.00 secs] 
2014-07-10T09:57:52.946+0200: 19.094: [CMS-concurrent-abortable-preclean: 0.002/0.090 secs] [Times: user=0.03 sys=0.00, real=0.09 secs] 
2014-07-10T09:57:52.946+0200: 19.094: [GC (CMS Final Remark) [YG occupancy: 3656 K (9792 K)]19.094: [Rescan (parallel) , 0.0002093 secs]19.094: [weak refs processing, 0.0000381 secs]19.094: [class unloading, 0.0007461 secs]19.095: [scrub symbol table, 0.0007377 secs]19.096: [scrub string table, 0.0002416 secs][1 CMS-remark: 18716K(21888K)] 22373K(31680K), 0.0021840 secs] [Times: user=0.00 sys=0.00, real=0.00 secs] 
2014-07-10T09:57:52.949+0200: 19.096: [CMS-concurrent-sweep-start]
2014-07-10T09:57:52.949+0200: 19.097: [CMS-concurrent-sweep: 0.000/0.000 secs] [Times: user=0.00 sys=0.00, real=0.00 secs] 
2014-07-10T09:57:52.949+0200: 19.097: [CMS-concurrent-reset-start]
2014-07-10T09:57:52.949+0200: 19.097: [CMS-concurrent-reset: 0.000/0.000 secs] [Times: user=0.00 sys=0.00, real=0.00 secs] 
2014-07-10T09:57:52.951+0200: 19.099: [GC (Allocation Failure) 19.099: [ParNew: 9745K->1059K(9792K), 0.0036388 secs] 19238K->13818K(31680K), 0.0037770 secs] [Times: user=0.00 sys=0.00, real=0.00 secs] 
2014-07-10T09:57:52.955+0200: 19.103: [GC (CMS Initial Mark) [1 CMS-initial-mark: 12759K(21888K)] 13885K(31680K), 0.0002599 secs] [Times: user=0.00 sys=0.00, real=0.00 secs] 
2014-07-10T09:57:52.955+0200: 19.103: [CMS-concurrent-mark-start]
2014-07-10T09:57:52.957+0200: 19.104: [CMS-concurrent-mark: 0.001/0.001 secs] [Times: user=0.03 sys=0.00, real=0.00 secs] 
2014-07-10T09:57:52.957+0200: 19.104: [CMS-concurrent-preclean-start]
2014-07-10T09:57:52.957+0200: 19.104: [CMS-concurrent-preclean: 0.000/0.000 secs] [Times: user=0.00 sys=0.00, real=0.00 secs] 
2014-07-10T09:57:52.957+0200: 19.104: [CMS-concurrent-abortable-preclean-start]
2014-07-10T09:57:52.993+0200: 19.141: [GC (Allocation Failure) 19.141: [ParNew: 9745K->1059K(9792K), 0.0067796 secs] 22505K->17565K(31680K), 0.0070275 secs] [Times: user=0.00 sys=0.00, real=0.01 secs] 
2014-07-10T09:57:53.043+0200: 19.191: [GC (Allocation Failure) 19.191: [ParNew: 9745K->1059K(9792K), 0.0039280 secs] 26252K->21793K(31680K), 0.0041029 secs] [Times: user=0.00 sys=0.00, real=0.00 secs] 
2014-07-10T09:57:53.049+0200: 19.196: [CMS-concurrent-abortable-preclean: 0.002/0.092 secs] [Times: user=0.02 sys=0.00, real=0.09 secs] 
2014-07-10T09:57:53.050+0200: 19.197: [GC (CMS Final Remark) [YG occupancy: 5835 K (9792 K)]19.197: [Rescan (parallel) , 0.0001866 secs]19.198: [weak refs processing, 0.0000414 secs]19.198: [class unloading, 0.0008531 secs]19.199: [scrub symbol table, 0.0007912 secs]19.199: [scrub string table, 0.0002431 secs][1 CMS-remark: 20733K(21888K)] 26569K(31680K), 0.0023306 secs] [Times: user=0.01 sys=0.00, real=0.00 secs] 
2014-07-10T09:57:53.053+0200: 19.201: [CMS-concurrent-sweep-start]
2014-07-10T09:57:53.053+0200: 19.201: [CMS-concurrent-sweep: 0.000/0.000 secs] [Times: user=0.00 sys=0.00, real=0.00 secs] 
2014-07-10T09:57:53.053+0200: 19.201: [CMS-concurrent-reset-start]
2014-07-10T09:57:53.054+0200: 19.201: [CMS-concurrent-reset: 0.000/0.000 secs] [Times: user=0.00 sys=0.00, real=0.00 secs] 
2014-07-10T09:57:53.054+0200: 19.202: [GC (Allocation Failure) 19.202: [ParNew: 9745K->1059K(9792K), 0.0040563 secs] 21351K->17372K(31680K), 0.0041535 secs] [Times: user=0.00 sys=0.00, real=0.00 secs] 
2014-07-10T09:57:53.059+0200: 19.206: [GC (CMS Initial Mark) [1 CMS-initial-mark: 16312K(21888K)] 17438K(31680K), 0.0001848 secs] [Times: user=0.00 sys=0.00, real=0.00 secs] 
2014-07-10T09:57:53.059+0200: 19.206: [CMS-concurrent-mark-start]
2014-07-10T09:57:53.059+0200: 19.207: [CMS-concurrent-mark: 0.001/0.001 secs] [Times: user=0.00 sys=0.00, real=0.00 secs] 
2014-07-10T09:57:53.060+0200: 19.207: [CMS-concurrent-preclean-start]
2014-07-10T09:57:53.060+0200: 19.207: [CMS-concurrent-preclean: 0.000/0.000 secs] [Times: user=0.00 sys=0.00, real=0.00 secs] 
2014-07-10T09:57:53.060+0200: 19.207: [CMS-concurrent-abortable-preclean-start]
2014-07-10T09:57:53.093+0200: 19.240: [GC (Allocation Failure) 19.240: [ParNew: 9745K->1059K(9792K), 0.0048263 secs] 26058K->22559K(31680K), 0.0051969 secs] [Times: user=0.02 sys=0.00, real=0.01 secs] 
2014-07-10T09:57:53.099+0200: 19.247: [CMS-concurrent-abortable-preclean: 0.000/0.039 secs] [Times: user=0.02 sys=0.00, real=0.04 secs] 
2014-07-10T09:57:53.100+0200: 19.247: [GC (CMS Final Remark) [YG occupancy: 4044 K (9792 K)]19.248: [Rescan (parallel) , 0.0002522 secs]19.248: [weak refs processing, 0.0000308 secs]19.248: [class unloading, 0.0005606 secs]19.248: [scrub symbol table, 0.0007274 secs]19.249: [scrub string table, 0.0003259 secs][1 CMS-remark: 21500K(21888K)] 25544K(31680K), 0.0020846 secs] [Times: user=0.00 sys=0.00, real=0.00 secs] 
2014-07-10T09:57:53.102+0200: 19.250: [CMS-concurrent-sweep-start]
2014-07-10T09:57:53.102+0200: 19.250: [CMS-concurrent-sweep: 0.000/0.000 secs] [Times: user=0.00 sys=0.00, real=0.00 secs] 
2014-07-10T09:57:53.102+0200: 19.250: [CMS-concurrent-reset-start]
2014-07-10T09:57:53.103+0200: 19.250: [CMS-concurrent-reset: 0.000/0.000 secs] [Times: user=0.00 sys=0.00, real=0.00 secs] 
2014-07-10T09:57:53.142+0200: 19.290: [GC (Allocation Failure) 19.317: [ParNew: 9749K->1061K(9792K), 0.0062304 secs] 20008K->15964K(31680K), 0.0334330 secs] [Times: user=0.02 sys=0.00, real=0.03 secs] 
2014-07-10T09:57:53.176+0200: 19.324: [GC (CMS Initial Mark) [1 CMS-initial-mark: 14902K(21888K)] 16030K(31680K), 0.0004161 secs] [Times: user=0.00 sys=0.00, real=0.00 secs] 
2014-07-10T09:57:53.177+0200: 19.324: [CMS-concurrent-mark-start]
2014-07-10T09:57:53.179+0200: 19.326: [CMS-concurrent-mark: 0.002/0.002 secs] [Times: user=0.00 sys=0.00, real=0.00 secs] 
2014-07-10T09:57:53.179+0200: 19.326: [CMS-concurrent-preclean-start]
2014-07-10T09:57:53.179+0200: 19.327: [CMS-concurrent-preclean: 0.000/0.000 secs] [Times: user=0.00 sys=0.00, real=0.00 secs] 
2014-07-10T09:57:53.179+0200: 19.327: [CMS-concurrent-abortable-preclean-start]
2014-07-10T09:57:53.183+0200: 19.330: [GC (Allocation Failure) 19.331: [ParNew: 9747K->1059K(9792K), 0.0079330 secs] 24650K->21086K(31680K), 0.0081915 secs] [Times: user=0.03 sys=0.00, real=0.01 secs] 
2014-07-10T09:57:53.194+0200: 19.341: [CMS-concurrent-abortable-preclean: 0.002/0.015 secs] [Times: user=0.03 sys=0.00, real=0.02 secs] 
2014-07-10T09:57:53.195+0200: 19.342: [GC (CMS Final Remark) [YG occupancy: 5001 K (9792 K)]19.342: [Rescan (parallel) , 0.0002955 secs]19.343: [weak refs processing, 0.0000623 secs]19.343: [class unloading, 0.0014192 secs]19.344: [scrub symbol table, 0.0014775 secs]19.346: [scrub string table, 0.0004718 secs][1 CMS-remark: 20027K(21888K)] 25028K(31680K), 0.0041319 secs] [Times: user=0.00 sys=0.00, real=0.00 secs] 
2014-07-10T09:57:53.199+0200: 19.347: [CMS-concurrent-sweep-start]
2014-07-10T09:57:53.200+0200: 19.347: [CMS-concurrent-sweep: 0.001/0.001 secs] [Times: user=0.00 sys=0.00, real=0.00 secs] 
2014-07-10T09:57:53.200+0200: 19.348: [CMS-concurrent-reset-start]
2014-07-10T09:57:53.200+0200: 19.348: [CMS-concurrent-reset: 0.000/0.000 secs] [Times: user=0.00 sys=0.00, real=0.00 secs] 
2014-07-10T09:57:53.202+0200: 19.350: [GC (Allocation Failure) 19.350: [ParNew: 9745K->1059K(9792K), 0.0058436 secs] 19877K->16794K(31680K), 0.0059863 secs] [Times: user=0.03 sys=0.00, real=0.01 secs] 
2014-07-10T09:57:53.208+0200: 19.356: [GC (CMS Initial Mark) [1 CMS-initial-mark: 15735K(21888K)] 16860K(31680K), 0.0005309 secs] [Times: user=0.00 sys=0.00, real=0.00 secs] 
2014-07-10T09:57:53.209+0200: 19.357: [CMS-concurrent-mark-start]
2014-07-10T09:57:53.210+0200: 19.357: [CMS-concurrent-mark: 0.001/0.001 secs] [Times: user=0.00 sys=0.00, real=0.00 secs] 
2014-07-10T09:57:53.210+0200: 19.358: [CMS-concurrent-preclean-start]
2014-07-10T09:57:53.210+0200: 19.358: [CMS-concurrent-preclean: 0.000/0.000 secs] [Times: user=0.00 sys=0.00, real=0.00 secs] 
2014-07-10T09:57:53.210+0200: 19.358: [GC (CMS Final Remark) [YG occupancy: 2598 K (9792 K)]19.358: [Rescan (parallel) , 0.0001258 secs]19.358: [weak refs processing, 0.0000301 secs]19.358: [class unloading, 0.0004524 secs]19.358: [scrub symbol table, 0.0006038 secs]19.359: [scrub string table, 0.0002115 secs][1 CMS-remark: 15735K(21888K)] 18333K(31680K), 0.0015717 secs] [Times: user=0.00 sys=0.00, real=0.00 secs] 
2014-07-10T09:57:53.212+0200: 19.359: [CMS-concurrent-sweep-start]
2014-07-10T09:57:53.212+0200: 19.360: [CMS-concurrent-sweep: 0.000/0.000 secs] [Times: user=0.00 sys=0.00, real=0.00 secs] 
2014-07-10T09:57:53.212+0200: 19.360: [CMS-concurrent-reset-start]
2014-07-10T09:57:53.212+0200: 19.360: [CMS-concurrent-reset: 0.000/0.000 secs] [Times: user=0.00 sys=0.00, real=0.00 secs] 
2014-07-10T09:57:53.243+0200: 19.391: [GC (Allocation Failure) 19.391: [ParNew: 9745K->1059K(9792K), 0.0053139 secs] 15714K->13111K(31680K), 0.0054418 secs] [Times: user=0.00 sys=0.00, real=0.01 secs] 
2014-07-10T09:57:53.249+0200: 19.397: [GC (CMS Initial Mark) [1 CMS-initial-mark: 12052K(21888K)] 13178K(31680K), 0.0001917 secs] [Times: user=0.00 sys=0.00, real=0.00 secs] 
2014-07-10T09:57:53.249+0200: 19.397: [CMS-concurrent-mark-start]
2014-07-10T09:57:53.250+0200: 19.398: [CMS-concurrent-mark: 0.001/0.001 secs] [Times: user=0.00 sys=0.00, real=0.00 secs] 
2014-07-10T09:57:53.250+0200: 19.398: [CMS-concurrent-preclean-start]
2014-07-10T09:57:53.250+0200: 19.398: [CMS-concurrent-preclean: 0.000/0.000 secs] [Times: user=0.00 sys=0.00, real=0.00 secs] 
2014-07-10T09:57:53.250+0200: 19.398: [CMS-concurrent-abortable-preclean-start]
2014-07-10T09:57:53.253+0200: 19.401: [GC (Allocation Failure) 19.401: [ParNew: 9745K->1059K(9792K), 0.0061223 secs] 21798K->19676K(31680K), 0.0062502 secs] [Times: user=0.03 sys=0.00, real=0.01 secs] 
2014-07-10T09:57:53.293+0200: 19.441: [GC (Allocation Failure) 19.441: [ParNew: 9745K->9745K(9792K), 0.0000686 secs]19.441: [CMS2014-07-10T09:57:53.294+0200: 19.441: [CMS-concurrent-abortable-preclean: 0.001/0.043 secs] [Times: user=0.03 sys=0.00, real=0.04 secs] 
 (concurrent mode failure): 18616K->8462K(21888K), 0.0075547 secs] 28362K->8462K(31680K), [Metaspace: 2457K->2457K(1056768K)], 0.0077805 secs] [Times: user=0.02 sys=0.00, real=0.01 secs] 
2014-07-10T09:57:53.344+0200: 19.491: [GC (Allocation Failure) 19.491: [ParNew: 8696K->395K(9792K), 0.0007494 secs] 17159K->8857K(31680K), 0.0008535 secs] [Times: user=0.00 sys=0.00, real=0.00 secs] 
2014-07-10T09:57:53.349+0200: 19.496: [GC (Allocation Failure) 19.496: [ParNew: 9082K->1061K(9792K), 0.0056284 secs] 17544K->15995K(31680K), 0.0057744 secs] [Times: user=0.00 sys=0.00, real=0.01 secs] 
2014-07-10T09:57:53.355+0200: 19.502: [GC (CMS Initial Mark) [1 CMS-initial-mark: 14933K(21888K)] 16093K(31680K), 0.0002119 secs] [Times: user=0.00 sys=0.00, real=0.00 secs] 
2014-07-10T09:57:53.355+0200: 19.503: [CMS-concurrent-mark-start]
2014-07-10T09:57:53.355+0200: 19.503: [CMS-concurrent-mark: 0.001/0.001 secs] [Times: user=0.00 sys=0.00, real=0.00 secs] 
2014-07-10T09:57:53.355+0200: 19.503: [CMS-concurrent-preclean-start]
2014-07-10T09:57:53.356+0200: 19.503: [CMS-concurrent-preclean: 0.000/0.000 secs] [Times: user=0.00 sys=0.00, real=0.00 secs] 
2014-07-10T09:57:53.356+0200: 19.503: [GC (CMS Final Remark) [YG occupancy: 1735 K (9792 K)]19.503: [Rescan (parallel) , 0.0000957 secs]19.503: [weak refs processing, 0.0000249 secs]19.504: [class unloading, 0.0004077 secs]19.504: [scrub symbol table, 0.0005543 secs]19.504: [scrub string table, 0.0001595 secs][1 CMS-remark: 14933K(21888K)] 16669K(31680K), 0.0013517 secs] [Times: user=0.00 sys=0.00, real=0.00 secs] 
2014-07-10T09:57:53.357+0200: 19.505: [CMS-concurrent-sweep-start]
2014-07-10T09:57:53.357+0200: 19.505: [CMS-concurrent-sweep: 0.000/0.000 secs] [Times: user=0.00 sys=0.00, real=0.00 secs] 
2014-07-10T09:57:53.357+0200: 19.505: [CMS-concurrent-reset-start]
2014-07-10T09:57:53.357+0200: 19.505: [CMS-concurrent-reset: 0.000/0.000 secs] [Times: user=0.00 sys=0.00, real=0.00 secs] 
2014-07-10T09:57:53.397+0200: 19.545: [GC (Allocation Failure) 19.545: [ParNew: 9747K->1059K(9792K), 0.0095290 secs] 16577K->14840K(31680K), 0.0098058 secs] [Times: user=0.00 sys=0.00, real=0.01 secs] 
2014-07-10T09:57:53.408+0200: 19.555: [GC (CMS Initial Mark) [1 CMS-initial-mark: 13780K(21888K)] 14906K(31680K), 0.0006379 secs] [Times: user=0.00 sys=0.00, real=0.00 secs] 
2014-07-10T09:57:53.408+0200: 19.556: [CMS-concurrent-mark-start]
2014-07-10T09:57:53.410+0200: 19.558: [CMS-concurrent-mark: 0.002/0.002 secs] [Times: user=0.02 sys=0.00, real=0.00 secs] 
2014-07-10T09:57:53.410+0200: 19.558: [CMS-concurrent-preclean-start]
2014-07-10T09:57:53.411+0200: 19.558: [CMS-concurrent-preclean: 0.000/0.000 secs] [Times: user=0.00 sys=0.00, real=0.00 secs] 
2014-07-10T09:57:53.411+0200: 19.559: [GC (CMS Final Remark) [YG occupancy: 1253 K (9792 K)]19.559: [Rescan (parallel) , 0.0003571 secs]19.559: [weak refs processing, 0.0000583 secs]19.559: [class unloading, 0.0009727 secs]19.560: [scrub symbol table, 0.0012854 secs]19.561: [scrub string table, 0.0002299 secs][1 CMS-remark: 13780K(21888K)] 15034K(31680K), 0.0031610 secs] [Times: user=0.00 sys=0.00, real=0.00 secs] 
2014-07-10T09:57:53.414+0200: 19.562: [CMS-concurrent-sweep-start]
2014-07-10T09:57:53.414+0200: 19.562: [CMS-concurrent-sweep: 0.000/0.000 secs] [Times: user=0.00 sys=0.00, real=0.00 secs] 
2014-07-10T09:57:53.414+0200: 19.562: [CMS-concurrent-reset-start]
2014-07-10T09:57:53.415+0200: 19.562: [CMS-concurrent-reset: 0.000/0.000 secs] [Times: user=0.00 sys=0.00, real=0.00 secs] 
2014-07-10T09:57:53.444+0200: 19.592: [GC (Allocation Failure) 19.592: [ParNew: 9747K->291K(9792K), 0.0013660 secs] 17060K->7604K(31680K), 0.0015699 secs] [Times: user=0.00 sys=0.00, real=0.00 secs] 
2014-07-10T09:57:53.491+0200: 19.639: [GC (Allocation Failure) 19.639: [ParNew: 8977K->773K(9792K), 0.0014764 secs] 16291K->8087K(31680K), 0.0017319 secs] [Times: user=0.00 sys=0.00, real=0.00 secs] 
2014-07-10T09:57:53.543+0200: 19.690: [GC (Allocation Failure) 19.690: [ParNew: 9459K->1059K(9792K), 0.0018218 secs] 16773K->8568K(31680K), 0.0020337 secs] [Times: user=0.00 sys=0.00, real=0.00 secs] 
2014-07-10T09:57:53.556+0200: 19.703: [GC (Allocation Failure) 19.703: [ParNew: 9745K->1059K(9792K), 0.0031519 secs] 17254K->9241K(31680K), 0.0034437 secs] [Times: user=0.00 sys=0.00, real=0.00 secs] 
2014-07-10T09:57:53.592+0200: 19.740: [GC (Allocation Failure) 19.740: [ParNew: 9745K->1059K(9792K), 0.0012319 secs] 17928K->10395K(31680K), 0.0013506 secs] [Times: user=0.00 sys=0.00, real=0.00 secs] 
2014-07-10T09:57:53.641+0200: 19.789: [GC (Allocation Failure) 19.789: [ParNew: 9755K->1061K(9792K), 0.0007289 secs] 19091K->10494K(31680K), 0.0008110 secs] [Times: user=0.00 sys=0.00, real=0.00 secs] 
2014-07-10T09:57:53.645+0200: 19.793: [GC (Allocation Failure) 19.793: [ParNew: 9748K->1059K(9792K), 0.0013459 secs] 19181K->11071K(31680K), 0.0015101 secs] [Times: user=0.00 sys=0.00, real=0.00 secs] 
2014-07-10T09:57:53.692+0200: 19.839: [GC (Allocation Failure) 19.839: [ParNew: 9745K->1059K(9792K), 0.0011820 secs] 19757K->12128K(31680K), 0.0012770 secs] [Times: user=0.00 sys=0.00, real=0.00 secs] 
2014-07-10T09:57:53.743+0200: 19.890: [GC (Allocation Failure) 19.891: [ParNew: 9745K->1059K(9792K), 0.0019446 secs] 20815K->13666K(31680K), 0.0021275 secs] [Times: user=0.00 sys=0.00, real=0.00 secs] 
2014-07-10T09:57:53.749+0200: 19.897: [GC (Allocation Failure) 19.897: [ParNew: 9745K->1059K(9792K), 0.0024285 secs] 22353K->15684K(31680K), 0.0025895 secs] [Times: user=0.00 sys=0.00, real=0.00 secs] 
2014-07-10T09:57:53.792+0200: 19.940: [GC (Allocation Failure) 19.940: [ParNew: 9745K->1059K(9792K), 0.0023952 secs] 24371K->18183K(31680K), 0.0025469 secs] [Times: user=0.00 sys=0.00, real=0.00 secs] 
2014-07-10T09:57:53.795+0200: 19.942: [GC (CMS Initial Mark) [1 CMS-initial-mark: 17123K(21888K)] 18249K(31680K), 0.0002643 secs] [Times: user=0.00 sys=0.00, real=0.00 secs] 
2014-07-10T09:57:53.795+0200: 19.943: [CMS-concurrent-mark-start]
2014-07-10T09:57:53.796+0200: 19.944: [CMS-concurrent-mark: 0.001/0.001 secs] [Times: user=0.00 sys=0.00, real=0.00 secs] 
2014-07-10T09:57:53.796+0200: 19.944: [CMS-concurrent-preclean-start]
2014-07-10T09:57:53.796+0200: 19.944: [CMS-concurrent-preclean: 0.000/0.000 secs] [Times: user=0.00 sys=0.00, real=0.00 secs] 
2014-07-10T09:57:53.796+0200: 19.944: [CMS-concurrent-abortable-preclean-start]
2014-07-10T09:57:53.843+0200: 19.991: [GC (Allocation Failure) 19.991: [ParNew: 9745K->1059K(9792K), 0.0045715 secs] 26869K->21161K(31680K), 0.0048736 secs] [Times: user=0.03 sys=0.00, real=0.01 secs] 
2014-07-10T09:57:53.850+0200: 19.998: [CMS-concurrent-abortable-preclean: 0.001/0.054 secs] [Times: user=0.03 sys=0.00, real=0.05 secs] 
2014-07-10T09:57:53.851+0200: 19.999: [GC (CMS Final Remark) [YG occupancy: 3560 K (9792 K)]19.999: [Rescan (parallel) , 0.0003061 secs]19.999: [weak refs processing, 0.0000627 secs]19.999: [class unloading, 0.0011824 secs]20.000: [scrub symbol table, 0.0014683 secs]20.002: [scrub string table, 0.0005052 secs][1 CMS-remark: 20102K(21888K)] 23662K(31680K), 0.0039108 secs] [Times: user=0.00 sys=0.00, real=0.00 secs] 
2014-07-10T09:57:53.855+0200: 20.003: [CMS-concurrent-sweep-start]
2014-07-10T09:57:53.856+0200: 20.004: [CMS-concurrent-sweep: 0.001/0.001 secs] [Times: user=0.00 sys=0.00, real=0.00 secs] 
2014-07-10T09:57:53.856+0200: 20.004: [CMS-concurrent-reset-start]
2014-07-10T09:57:53.856+0200: 20.004: [CMS-concurrent-reset: 0.000/0.000 secs] [Times: user=0.00 sys=0.00, real=0.00 secs] 
2014-07-10T09:57:53.859+0200: 20.007: [GC (Allocation Failure) 20.007: [ParNew: 9745K->1059K(9792K), 0.0054294 secs] 15588K->10361K(31680K), 0.0056321 secs] [Times: user=0.03 sys=0.00, real=0.01 secs] 
2014-07-10T09:57:53.892+0200: 20.040: [GC (Allocation Failure) 20.040: [ParNew: 9760K->1059K(9792K), 0.0020802 secs] 19062K->12635K(31680K), 0.0022522 secs] [Times: user=0.00 sys=0.01, real=0.00 secs] 
2014-07-10T09:57:53.943+0200: 20.091: [GC (Allocation Failure) 20.091: [ParNew: 9745K->1059K(9792K), 0.0041850 secs] 21321K->15391K(31680K), 0.0044626 secs] [Times: user=0.00 sys=0.00, real=0.00 secs] 
2014-07-10T09:57:53.949+0200: 20.096: [GC (CMS Initial Mark) [1 CMS-initial-mark: 14331K(21888K)] 15423K(31680K), 0.0003861 secs] [Times: user=0.00 sys=0.00, real=0.00 secs] 
2014-07-10T09:57:53.949+0200: 20.097: [CMS-concurrent-mark-start]
2014-07-10T09:57:53.951+0200: 20.099: [CMS-concurrent-mark: 0.002/0.002 secs] [Times: user=0.00 sys=0.00, real=0.00 secs] 
2014-07-10T09:57:53.951+0200: 20.099: [CMS-concurrent-preclean-start]
2014-07-10T09:57:53.952+0200: 20.099: [CMS-concurrent-preclean: 0.000/0.000 secs] [Times: user=0.00 sys=0.00, real=0.00 secs] 
2014-07-10T09:57:53.952+0200: 20.099: [CMS-concurrent-abortable-preclean-start]
2014-07-10T09:57:53.956+0200: 20.103: [GC (Allocation Failure) 20.104: [ParNew: 9745K->1059K(9792K), 0.0060149 secs] 24077K->18625K(31680K), 0.0062825 secs] [Times: user=0.00 sys=0.00, real=0.01 secs] 
2014-07-10T09:57:53.994+0200: 20.142: [GC (Allocation Failure) 20.142: [ParNew: 9745K->1059K(9792K), 0.0060933 secs] 27312K->22340K(31680K), 0.0063749 secs] [Times: user=0.00 sys=0.00, real=0.01 secs] 
2014-07-10T09:57:54.000+0200: 20.148: [CMS-concurrent-abortable-preclean: 0.001/0.049 secs] [Times: user=0.02 sys=0.00, real=0.05 secs] 
2014-07-10T09:57:54.003+0200: 20.151: [GC (CMS Final Remark) [YG occupancy: 4489 K (9792 K)]20.151: [Rescan (parallel) , 0.0003736 secs]20.152: [weak refs processing, 0.0000678 secs]20.152: [class unloading, 0.0012733 secs]20.153: [scrub symbol table, 0.0013943 secs]20.155: [scrub string table, 0.0004575 secs][1 CMS-remark: 21281K(21888K)] 25770K(31680K), 0.0040171 secs] [Times: user=0.00 sys=0.00, real=0.00 secs] 
2014-07-10T09:57:54.008+0200: 20.155: [CMS-concurrent-sweep-start]
2014-07-10T09:57:54.008+0200: 20.156: [CMS-concurrent-sweep: 0.001/0.001 secs] [Times: user=0.00 sys=0.00, real=0.00 secs] 
2014-07-10T09:57:54.008+0200: 20.156: [CMS-concurrent-reset-start]
2014-07-10T09:57:54.009+0200: 20.156: [CMS-concurrent-reset: 0.000/0.000 secs] [Times: user=0.00 sys=0.00, real=0.00 secs] 
2014-07-10T09:57:54.042+0200: 20.190: [GC (Allocation Failure) 20.190: [ParNew: 9745K->1059K(9792K), 0.0042727 secs] 19816K->15325K(31680K), 0.0044376 secs] [Times: user=0.00 sys=0.00, real=0.00 secs] 
2014-07-10T09:57:54.047+0200: 20.195: [GC (CMS Initial Mark) [1 CMS-initial-mark: 14266K(21888K)] 15391K(31680K), 0.0002222 secs] [Times: user=0.00 sys=0.00, real=0.00 secs] 
2014-07-10T09:57:54.047+0200: 20.195: [CMS-concurrent-mark-start]
2014-07-10T09:57:54.048+0200: 20.196: [CMS-concurrent-mark: 0.001/0.001 secs] [Times: user=0.00 sys=0.00, real=0.00 secs] 
2014-07-10T09:57:54.048+0200: 20.196: [CMS-concurrent-preclean-start]
2014-07-10T09:57:54.048+0200: 20.196: [CMS-concurrent-preclean: 0.000/0.000 secs] [Times: user=0.00 sys=0.00, real=0.00 secs] 
2014-07-10T09:57:54.048+0200: 20.196: [CMS-concurrent-abortable-preclean-start]
2014-07-10T09:57:54.051+0200: 20.199: [GC (Allocation Failure) 20.199: [ParNew: 9745K->1059K(9792K), 0.0044838 secs] 24011K->20001K(31680K), 0.0046393 secs] [Times: user=0.00 sys=0.00, real=0.00 secs] 
2014-07-10T09:57:54.057+0200: 20.205: [CMS-concurrent-abortable-preclean: 0.001/0.009 secs] [Times: user=0.02 sys=0.00, real=0.01 secs] 
2014-07-10T09:57:54.057+0200: 20.205: [GC (CMS Final Remark) [YG occupancy: 3528 K (9792 K)]20.205: [Rescan (parallel) , 0.0001188 secs]20.205: [weak refs processing, 0.0000315 secs]20.205: [class unloading, 0.0006533 secs]20.206: [scrub symbol table, 0.0006889 secs]20.206: [scrub string table, 0.0002068 secs][1 CMS-remark: 18941K(21888K)] 22470K(31680K), 0.0019519 secs] [Times: user=0.00 sys=0.00, real=0.00 secs] 
2014-07-10T09:57:54.059+0200: 20.207: [CMS-concurrent-sweep-start]
2014-07-10T09:57:54.059+0200: 20.207: [CMS-concurrent-sweep: 0.000/0.000 secs] [Times: user=0.00 sys=0.00, real=0.00 secs] 
2014-07-10T09:57:54.059+0200: 20.207: [CMS-concurrent-reset-start]
2014-07-10T09:57:54.060+0200: 20.207: [CMS-concurrent-reset: 0.000/0.000 secs] [Times: user=0.00 sys=0.00, real=0.00 secs] 
2014-07-10T09:57:54.093+0200: 20.241: [GC (Allocation Failure) 20.241: [ParNew: 9745K->1059K(9792K), 0.0044629 secs] 18983K->15452K(31680K), 0.0046415 secs] [Times: user=0.03 sys=0.00, real=0.00 secs] 
2014-07-10T09:57:54.098+0200: 20.246: [GC (CMS Initial Mark) [1 CMS-initial-mark: 14393K(21888K)] 15518K(31680K), 0.0001947 secs] [Times: user=0.00 sys=0.00, real=0.00 secs] 
2014-07-10T09:57:54.099+0200: 20.246: [CMS-concurrent-mark-start]
2014-07-10T09:57:54.099+0200: 20.247: [CMS-concurrent-mark: 0.001/0.001 secs] [Times: user=0.00 sys=0.00, real=0.00 secs] 
2014-07-10T09:57:54.100+0200: 20.247: [CMS-concurrent-preclean-start]
2014-07-10T09:57:54.100+0200: 20.247: [CMS-concurrent-preclean: 0.000/0.000 secs] [Times: user=0.00 sys=0.00, real=0.00 secs] 
2014-07-10T09:57:54.100+0200: 20.247: [CMS-concurrent-abortable-preclean-start]
2014-07-10T09:57:54.143+0200: 20.290: [GC (Allocation Failure) 20.291: [ParNew: 9749K->1061K(9792K), 0.0042976 secs] 24142K->20065K(31680K), 0.0044585 secs] [Times: user=0.00 sys=0.00, real=0.00 secs] 
2014-07-10T09:57:54.148+0200: 20.296: [CMS-concurrent-abortable-preclean: 0.001/0.049 secs] [Times: user=0.02 sys=0.00, real=0.05 secs] 
2014-07-10T09:57:54.149+0200: 20.296: [GC (CMS Final Remark) [YG occupancy: 4333 K (9792 K)]20.296: [Rescan (parallel) , 0.0001298 secs]20.296: [weak refs processing, 0.0000334 secs]20.297: [class unloading, 0.0006812 secs]20.297: [scrub symbol table, 0.0007157 secs]20.298: [scrub string table, 0.0002156 secs][1 CMS-remark: 19004K(21888K)] 23337K(31680K), 0.0019438 secs] [Times: user=0.00 sys=0.00, real=0.00 secs] 
2014-07-10T09:57:54.151+0200: 20.298: [CMS-concurrent-sweep-start]
2014-07-10T09:57:54.151+0200: 20.299: [CMS-concurrent-sweep: 0.001/0.001 secs] [Times: user=0.00 sys=0.00, real=0.00 secs] 
2014-07-10T09:57:54.151+0200: 20.299: [CMS-concurrent-reset-start]
2014-07-10T09:57:54.151+0200: 20.299: [CMS-concurrent-reset: 0.000/0.000 secs] [Times: user=0.00 sys=0.00, real=0.00 secs] 
2014-07-10T09:57:54.153+0200: 20.301: [GC (Allocation Failure) 20.301: [ParNew: 9747K->1059K(9792K), 0.0045685 secs] 19881K->16285K(31680K), 0.0047016 secs] [Times: user=0.00 sys=0.00, real=0.00 secs] 
2014-07-10T09:57:54.158+0200: 20.306: [GC (CMS Initial Mark) [1 CMS-initial-mark: 15226K(21888K)] 16351K(31680K), 0.0002002 secs] [Times: user=0.00 sys=0.00, real=0.00 secs] 
2014-07-10T09:57:54.158+0200: 20.306: [CMS-concurrent-mark-start]
2014-07-10T09:57:54.159+0200: 20.307: [CMS-concurrent-mark: 0.001/0.001 secs] [Times: user=0.02 sys=0.00, real=0.00 secs] 
2014-07-10T09:57:54.159+0200: 20.307: [CMS-concurrent-preclean-start]
2014-07-10T09:57:54.159+0200: 20.307: [CMS-concurrent-preclean: 0.000/0.000 secs] [Times: user=0.00 sys=0.00, real=0.00 secs] 
2014-07-10T09:57:54.159+0200: 20.307: [CMS-concurrent-abortable-preclean-start]
2014-07-10T09:57:54.193+0200: 20.341: [GC (Allocation Failure) 20.341: [ParNew: 9745K->1059K(9792K), 0.0080973 secs] 24971K->21857K(31680K), 0.0083209 secs] [Times: user=0.00 sys=0.00, real=0.01 secs] 
2014-07-10T09:57:54.202+0200: 20.350: [CMS-concurrent-abortable-preclean: 0.000/0.043 secs] [Times: user=0.00 sys=0.00, real=0.04 secs] 
2014-07-10T09:57:54.202+0200: 20.350: [GC (CMS Final Remark) [YG occupancy: 1637 K (9792 K)]20.350: [Rescan (parallel) , 0.0004249 secs]20.350: [weak refs processing, 0.0000609 secs]20.351: [class unloading, 0.0010141 secs]20.352: [scrub symbol table, 0.0013939 secs]20.353: [scrub string table, 0.0004990 secs][1 CMS-remark: 20797K(21888K)] 22435K(31680K), 0.0037652 secs] [Times: user=0.01 sys=0.00, real=0.00 secs] 
2014-07-10T09:57:54.207+0200: 20.355: [CMS-concurrent-sweep-start]
2014-07-10T09:57:54.208+0200: 20.355: [CMS-concurrent-sweep: 0.001/0.001 secs] [Times: user=0.00 sys=0.00, real=0.00 secs] 
2014-07-10T09:57:54.208+0200: 20.355: [CMS-concurrent-reset-start]
2014-07-10T09:57:54.208+0200: 20.356: [CMS-concurrent-reset: 0.000/0.000 secs] [Times: user=0.00 sys=0.00, real=0.00 secs] 
2014-07-10T09:57:54.245+0200: 20.393: [GC (Allocation Failure) 20.393: [ParNew: 9745K->1059K(9792K), 0.0089636 secs] 20776K->18141K(31680K), 0.0092441 secs] [Times: user=0.03 sys=0.00, real=0.01 secs] 
2014-07-10T09:57:54.255+0200: 20.403: [GC (CMS Initial Mark) [1 CMS-initial-mark: 17082K(21888K)] 18208K(31680K), 0.0004403 secs] [Times: user=0.00 sys=0.00, real=0.00 secs] 
2014-07-10T09:57:54.255+0200: 20.403: [CMS-concurrent-mark-start]
2014-07-10T09:57:54.257+0200: 20.405: [CMS-concurrent-mark: 0.002/0.002 secs] [Times: user=0.00 sys=0.00, real=0.00 secs] 
2014-07-10T09:57:54.257+0200: 20.405: [CMS-concurrent-preclean-start]
2014-07-10T09:57:54.258+0200: 20.406: [CMS-concurrent-preclean: 0.000/0.000 secs] [Times: user=0.00 sys=0.00, real=0.00 secs] 
2014-07-10T09:57:54.258+0200: 20.406: [CMS-concurrent-abortable-preclean-start]
2014-07-10T09:57:54.258+0200: 20.406: [CMS-concurrent-abortable-preclean: 0.000/0.000 secs] [Times: user=0.00 sys=0.00, real=0.00 secs] 
2014-07-10T09:57:54.258+0200: 20.406: [GC (CMS Final Remark) [YG occupancy: 5035 K (9792 K)]20.406: [Rescan (parallel) , 0.0005547 secs]20.407: [weak refs processing, 0.0000700 secs]20.407: [class unloading, 0.0011274 secs]20.408: [scrub symbol table, 0.0012990 secs]20.409: [scrub string table, 0.0004418 secs][1 CMS-remark: 17082K(21888K)] 22117K(31680K), 0.0039889 secs] [Times: user=0.00 sys=0.00, real=0.00 secs] 
2014-07-10T09:57:54.262+0200: 20.410: [CMS-concurrent-sweep-start]
2014-07-10T09:57:54.263+0200: 20.411: [CMS-concurrent-sweep: 0.001/0.001 secs] [Times: user=0.00 sys=0.00, real=0.00 secs] 
2014-07-10T09:57:54.263+0200: 20.411: [CMS-concurrent-reset-start]
2014-07-10T09:57:54.264+0200: 20.411: [CMS-concurrent-reset: 0.000/0.000 secs] [Times: user=0.00 sys=0.00, real=0.00 secs] 
2014-07-10T09:57:54.266+0200: 20.414: [GC (Allocation Failure) 20.414: [ParNew: 9745K->1059K(9792K), 0.0092393 secs] 16163K->14009K(31680K), 0.0094578 secs] [Times: user=0.03 sys=0.00, real=0.01 secs] 
2014-07-10T09:57:54.277+0200: 20.424: [GC (CMS Initial Mark) [1 CMS-initial-mark: 12950K(21888K)] 14041K(31680K), 0.0003809 secs] [Times: user=0.00 sys=0.00, real=0.00 secs] 
2014-07-10T09:57:54.277+0200: 20.425: [CMS-concurrent-mark-start]
2014-07-10T09:57:54.279+0200: 20.427: [CMS-concurrent-mark: 0.002/0.002 secs] [Times: user=0.00 sys=0.00, real=0.00 secs] 
2014-07-10T09:57:54.279+0200: 20.427: [CMS-concurrent-preclean-start]
2014-07-10T09:57:54.279+0200: 20.427: [CMS-concurrent-preclean: 0.000/0.000 secs] [Times: user=0.00 sys=0.00, real=0.00 secs] 
2014-07-10T09:57:54.280+0200: 20.427: [GC (CMS Final Remark) [YG occupancy: 1669 K (9792 K)]20.427: [Rescan (parallel) , 0.0003028 secs]20.428: [weak refs processing, 0.0000609 secs]20.428: [class unloading, 0.0009367 secs]20.429: [scrub symbol table, 0.0012997 secs]20.430: [scrub string table, 0.0004513 secs][1 CMS-remark: 12950K(21888K)] 14620K(31680K), 0.0034052 secs] [Times: user=0.02 sys=0.00, real=0.00 secs] 
2014-07-10T09:57:54.283+0200: 20.431: [CMS-concurrent-sweep-start]
2014-07-10T09:57:54.284+0200: 20.431: [CMS-concurrent-sweep: 0.001/0.001 secs] [Times: user=0.00 sys=0.00, real=0.00 secs] 
2014-07-10T09:57:54.284+0200: 20.431: [CMS-concurrent-reset-start]
2014-07-10T09:57:54.284+0200: 20.432: [CMS-concurrent-reset: 0.000/0.000 secs] [Times: user=0.00 sys=0.00, real=0.00 secs] 
2014-07-10T09:57:54.293+0200: 20.441: [GC (Allocation Failure) 20.441: [ParNew: 9745K->1059K(9792K), 0.0061080 secs] 16644K->14970K(31680K), 0.0062898 secs] [Times: user=0.03 sys=0.00, real=0.01 secs] 
2014-07-10T09:57:54.300+0200: 20.448: [GC (CMS Initial Mark) [1 CMS-initial-mark: 13910K(21888K)] 15036K(31680K), 0.0002343 secs] [Times: user=0.00 sys=0.00, real=0.00 secs] 
2014-07-10T09:57:54.300+0200: 20.448: [CMS-concurrent-mark-start]
2014-07-10T09:57:54.301+0200: 20.449: [CMS-concurrent-mark: 0.001/0.001 secs] [Times: user=0.00 sys=0.00, real=0.00 secs] 
2014-07-10T09:57:54.301+0200: 20.449: [CMS-concurrent-preclean-start]
2014-07-10T09:57:54.301+0200: 20.449: [CMS-concurrent-preclean: 0.000/0.000 secs] [Times: user=0.00 sys=0.00, real=0.00 secs] 
2014-07-10T09:57:54.301+0200: 20.449: [GC (CMS Final Remark) [YG occupancy: 1189 K (9792 K)]20.449: [Rescan (parallel) , 0.0001122 secs]20.449: [weak refs processing, 0.0000293 secs]20.449: [class unloading, 0.0004550 secs]20.450: [scrub symbol table, 0.0006167 secs]20.450: [scrub string table, 0.0001829 secs][1 CMS-remark: 13910K(21888K)] 15100K(31680K), 0.0015380 secs] [Times: user=0.00 sys=0.00, real=0.00 secs] 
2014-07-10T09:57:54.303+0200: 20.451: [CMS-concurrent-sweep-start]
2014-07-10T09:57:54.303+0200: 20.451: [CMS-concurrent-sweep: 0.000/0.000 secs] [Times: user=0.00 sys=0.00, real=0.00 secs] 
2014-07-10T09:57:54.303+0200: 20.451: [CMS-concurrent-reset-start]
2014-07-10T09:57:54.303+0200: 20.451: [CMS-concurrent-reset: 0.000/0.000 secs] [Times: user=0.00 sys=0.00, real=0.00 secs] 
2014-07-10T09:57:54.344+0200: 20.492: [GC (Allocation Failure) 20.492: [ParNew: 9756K->363K(9792K), 0.0013994 secs] 17134K->7742K(31680K), 0.0016106 secs] [Times: user=0.03 sys=0.00, real=0.00 secs] 
2014-07-10T09:57:54.353+0200: 20.501: [GC (Allocation Failure) 20.501: [ParNew: 9050K->1061K(9792K), 0.0096415 secs] 16429K->14876K(31680K), 0.0099114 secs] [Times: user=0.03 sys=0.00, real=0.01 secs] 
2014-07-10T09:57:54.365+0200: 20.512: [GC (CMS Initial Mark) [1 CMS-initial-mark: 13814K(21888K)] 16100K(31680K), 0.0004608 secs] [Times: user=0.00 sys=0.00, real=0.00 secs] 
2014-07-10T09:57:54.365+0200: 20.513: [CMS-concurrent-mark-start]
2014-07-10T09:57:54.367+0200: 20.515: [CMS-concurrent-mark: 0.002/0.002 secs] [Times: user=0.00 sys=0.00, real=0.00 secs] 
2014-07-10T09:57:54.367+0200: 20.515: [CMS-concurrent-preclean-start]
2014-07-10T09:57:54.367+0200: 20.515: [CMS-concurrent-preclean: 0.000/0.000 secs] [Times: user=0.00 sys=0.00, real=0.00 secs] 
2014-07-10T09:57:54.368+0200: 20.515: [GC (CMS Final Remark) [YG occupancy: 2285 K (9792 K)]20.515: [Rescan (parallel) , 0.0004942 secs]20.516: [weak refs processing, 0.0000590 secs]20.516: [class unloading, 0.0009448 secs]20.517: [scrub symbol table, 0.0012502 secs]20.518: [scrub string table, 0.0004396 secs][1 CMS-remark: 13814K(21888K)] 16100K(31680K), 0.0035361 secs] [Times: user=0.00 sys=0.00, real=0.00 secs] 
2014-07-10T09:57:54.371+0200: 20.519: [CMS-concurrent-sweep-start]
2014-07-10T09:57:54.372+0200: 20.520: [CMS-concurrent-sweep: 0.001/0.001 secs] [Times: user=0.00 sys=0.00, real=0.00 secs] 
2014-07-10T09:57:54.372+0200: 20.520: [CMS-concurrent-reset-start]
2014-07-10T09:57:54.372+0200: 20.520: [CMS-concurrent-reset: 0.000/0.000 secs] [Times: user=0.00 sys=0.00, real=0.00 secs] 
2014-07-10T09:57:54.393+0200: 20.541: [GC (Allocation Failure) 20.541: [ParNew: 9753K->1059K(9792K), 0.0056460 secs] 10118K->7831K(31680K), 0.0058099 secs] [Times: user=0.00 sys=0.00, real=0.01 secs] 
2014-07-10T09:57:54.399+0200: 20.547: [GC (CMS Initial Mark) [1 CMS-initial-mark: 6771K(21888K)] 7863K(31680K), 0.0002790 secs] [Times: user=0.00 sys=0.00, real=0.00 secs] 
2014-07-10T09:57:54.400+0200: 20.547: [CMS-concurrent-mark-start]
2014-07-10T09:57:54.400+0200: 20.548: [CMS-concurrent-mark: 0.001/0.001 secs] [Times: user=0.00 sys=0.00, real=0.00 secs] 
2014-07-10T09:57:54.400+0200: 20.548: [CMS-concurrent-preclean-start]
2014-07-10T09:57:54.401+0200: 20.548: [CMS-concurrent-preclean: 0.000/0.000 secs] [Times: user=0.00 sys=0.00, real=0.00 secs] 
2014-07-10T09:57:54.401+0200: 20.548: [GC (CMS Final Remark) [YG occupancy: 1797 K (9792 K)]20.548: [Rescan (parallel) , 0.0001181 secs]20.549: [weak refs processing, 0.0000297 secs]20.549: [class unloading, 0.0004484 secs]20.549: [scrub symbol table, 0.0006181 secs]20.550: [scrub string table, 0.0001829 secs][1 CMS-remark: 6771K(21888K)] 8569K(31680K), 0.0015387 secs] [Times: user=0.00 sys=0.00, real=0.00 secs] 
2014-07-10T09:57:54.402+0200: 20.550: [CMS-concurrent-sweep-start]
2014-07-10T09:57:54.403+0200: 20.550: [CMS-concurrent-sweep: 0.000/0.000 secs] [Times: user=0.00 sys=0.00, real=0.00 secs] 
2014-07-10T09:57:54.403+0200: 20.550: [CMS-concurrent-reset-start]
2014-07-10T09:57:54.403+0200: 20.550: [CMS-concurrent-reset: 0.000/0.000 secs] [Times: user=0.00 sys=0.00, real=0.00 secs] 
2014-07-10T09:57:54.443+0200: 20.591: [GC (Allocation Failure) 20.591: [ParNew: 9745K->1059K(9792K), 0.0060057 secs] 16516K->14715K(31680K), 0.0061912 secs] [Times: user=0.00 sys=0.00, real=0.01 secs] 
2014-07-10T09:57:54.450+0200: 20.598: [GC (CMS Initial Mark) [1 CMS-initial-mark: 13655K(21888K)] 14747K(31680K), 0.0002541 secs] [Times: user=0.00 sys=0.00, real=0.00 secs] 
2014-07-10T09:57:54.450+0200: 20.598: [CMS-concurrent-mark-start]
2014-07-10T09:57:54.451+0200: 20.599: [CMS-concurrent-mark: 0.001/0.001 secs] [Times: user=0.00 sys=0.00, real=0.00 secs] 
2014-07-10T09:57:54.451+0200: 20.599: [CMS-concurrent-preclean-start]
2014-07-10T09:57:54.451+0200: 20.599: [CMS-concurrent-preclean: 0.000/0.000 secs] [Times: user=0.00 sys=0.00, real=0.00 secs] 
2014-07-10T09:57:54.451+0200: 20.599: [CMS-concurrent-abortable-preclean-start]
2014-07-10T09:57:54.491+0200: 20.639: [GC (Allocation Failure) 20.639: [ParNew: 9747K->9747K(9792K), 0.0000480 secs]20.639: [CMS2014-07-10T09:57:54.491+0200: 20.639: [CMS-concurrent-abortable-preclean: 0.000/0.040 secs] [Times: user=0.00 sys=0.00, real=0.04 secs] 
 (concurrent mode failure): 13655K->590K(21888K), 0.0040659 secs] 23403K->590K(31680K), [Metaspace: 2457K->2457K(1056768K)], 0.0042851 secs] [Times: user=0.00 sys=0.00, real=0.00 secs] 
2014-07-10T09:57:54.542+0200: 20.689: [GC (Allocation Failure) 20.689: [ParNew: 8686K->707K(9792K), 0.0021422 secs] 9276K->1297K(31680K), 0.0023420 secs] [Times: user=0.00 sys=0.00, real=0.00 secs] 
2014-07-10T09:57:54.550+0200: 20.698: [GC (Allocation Failure) 20.698: [ParNew: 9393K->1059K(9792K), 0.0019970 secs] 9984K->1783K(31680K), 0.0022503 secs] [Times: user=0.00 sys=0.00, real=0.00 secs] 
2014-07-10T09:57:54.592+0200: 20.740: [GC (Allocation Failure) 20.740: [ParNew: 9751K->643K(9792K), 0.0012469 secs] 10474K->1368K(31680K), 0.0014482 secs] [Times: user=0.00 sys=0.00, real=0.00 secs] 
2014-07-10T09:57:54.642+0200: 20.789: [GC (Allocation Failure) 20.789: [ParNew: 9329K->1059K(9792K), 0.0019006 secs] 10054K->1849K(31680K), 0.0021297 secs] [Times: user=0.00 sys=0.00, real=0.00 secs] 
2014-07-10T09:57:54.648+0200: 20.796: [GC (Allocation Failure) 20.796: [ParNew: 9745K->1059K(9792K), 0.0013763 secs] 10536K->2395K(31680K), 0.0015255 secs] [Times: user=0.00 sys=0.00, real=0.00 secs] 
2014-07-10T09:57:54.691+0200: 20.839: [GC (Allocation Failure) 20.839: [ParNew: 9745K->1059K(9792K), 0.0012209 secs] 11081K->3420K(31680K), 0.0013195 secs] [Times: user=0.00 sys=0.00, real=0.00 secs] 
2014-07-10T09:57:54.743+0200: 20.891: [GC (Allocation Failure) 20.891: [ParNew: 9745K->1059K(9792K), 0.0026646 secs] 12107K->4926K(31680K), 0.0028938 secs] [Times: user=0.00 sys=0.00, real=0.00 secs] 
2014-07-10T09:57:54.753+0200: 20.901: [GC (Allocation Failure) 20.901: [ParNew: 9745K->1059K(9792K), 0.0036509 secs] 13612K->6912K(31680K), 0.0039156 secs] [Times: user=0.00 sys=0.00, real=0.00 secs] 
2014-07-10T09:57:54.792+0200: 20.940: [GC (Allocation Failure) 20.940: [ParNew: 9745K->1059K(9792K), 0.0029312 secs] 15598K->9378K(31680K), 0.0031475 secs] [Times: user=0.00 sys=0.00, real=0.00 secs] 
2014-07-10T09:57:54.843+0200: 20.991: [GC (Allocation Failure) 20.991: [ParNew: 9745K->1059K(9792K), 0.0044897 secs] 18065K->12325K(31680K), 0.0047709 secs] [Times: user=0.03 sys=0.00, real=0.01 secs] 
2014-07-10T09:57:54.856+0200: 21.003: [GC (Allocation Failure) 21.004: [ParNew: 9745K->1059K(9792K), 0.0061927 secs] 21011K->15752K(31680K), 0.0064999 secs] [Times: user=0.01 sys=0.00, real=0.01 secs] 
2014-07-10T09:57:54.863+0200: 21.011: [GC (CMS Initial Mark) [1 CMS-initial-mark: 14692K(21888K)] 15784K(31680K), 0.0004121 secs] [Times: user=0.00 sys=0.00, real=0.00 secs] 
2014-07-10T09:57:54.863+0200: 21.011: [CMS-concurrent-mark-start]
2014-07-10T09:57:54.865+0200: 21.013: [CMS-concurrent-mark: 0.002/0.002 secs] [Times: user=0.00 sys=0.00, real=0.00 secs] 
2014-07-10T09:57:54.865+0200: 21.013: [CMS-concurrent-preclean-start]
2014-07-10T09:57:54.866+0200: 21.013: [CMS-concurrent-preclean: 0.000/0.000 secs] [Times: user=0.00 sys=0.00, real=0.00 secs] 
2014-07-10T09:57:54.866+0200: 21.014: [CMS-concurrent-abortable-preclean-start]
2014-07-10T09:57:54.893+0200: 21.041: [GC (Allocation Failure) 21.041: [ParNew: 9759K->1059K(9792K), 0.0036043 secs] 24452K->17994K(31680K), 0.0038965 secs] [Times: user=0.00 sys=0.00, real=0.00 secs] 
2014-07-10T09:57:54.943+0200: 21.091: [GC (Allocation Failure) 21.091: [ParNew: 9745K->1059K(9792K), 0.0044340 secs] 26680K->20718K(31680K), 0.0047137 secs] [Times: user=0.00 sys=0.00, real=0.00 secs] 
2014-07-10T09:57:54.950+0200: 21.097: [CMS-concurrent-abortable-preclean: 0.002/0.084 secs] [Times: user=0.02 sys=0.00, real=0.08 secs] 
2014-07-10T09:57:54.950+0200: 21.098: [GC (CMS Final Remark) [YG occupancy: 3046 K (9792 K)]21.098: [Rescan (parallel) , 0.0002966 secs]21.098: [weak refs processing, 0.0000898 secs]21.098: [class unloading, 0.0010713 secs]21.100: [scrub symbol table, 0.0012564 secs]21.101: [scrub string table, 0.0004396 secs][1 CMS-remark: 19658K(21888K)] 22705K(31680K), 0.0035262 secs] [Times: user=0.00 sys=0.02, real=0.00 secs] 
2014-07-10T09:57:54.954+0200: 21.102: [CMS-concurrent-sweep-start]
2014-07-10T09:57:54.955+0200: 21.102: [CMS-concurrent-sweep: 0.001/0.001 secs] [Times: user=0.00 sys=0.00, real=0.00 secs] 
2014-07-10T09:57:54.955+0200: 21.103: [CMS-concurrent-reset-start]
2014-07-10T09:57:54.955+0200: 21.103: [CMS-concurrent-reset: 0.000/0.000 secs] [Times: user=0.00 sys=0.00, real=0.00 secs] 
2014-07-10T09:57:54.958+0200: 21.106: [GC (Allocation Failure) 21.106: [ParNew: 9745K->1059K(9792K), 0.0057208 secs] 18507K->13023K(31680K), 0.0059595 secs] [Times: user=0.00 sys=0.00, real=0.01 secs] 
2014-07-10T09:57:54.965+0200: 21.113: [GC (CMS Initial Mark) [1 CMS-initial-mark: 11963K(21888K)] 13089K(31680K), 0.0004202 secs] [Times: user=0.00 sys=0.00, real=0.00 secs] 
2014-07-10T09:57:54.965+0200: 21.113: [CMS-concurrent-mark-start]
2014-07-10T09:57:54.967+0200: 21.115: [CMS-concurrent-mark: 0.002/0.002 secs] [Times: user=0.00 sys=0.00, real=0.00 secs] 
2014-07-10T09:57:54.967+0200: 21.115: [CMS-concurrent-preclean-start]
2014-07-10T09:57:54.968+0200: 21.116: [CMS-concurrent-preclean: 0.000/0.000 secs] [Times: user=0.00 sys=0.00, real=0.00 secs] 
2014-07-10T09:57:54.968+0200: 21.116: [CMS-concurrent-abortable-preclean-start]
2014-07-10T09:57:54.993+0200: 21.141: [GC (Allocation Failure) 21.141: [ParNew: 9745K->1059K(9792K), 0.0035662 secs] 21709K->16706K(31680K), 0.0037150 secs] [Times: user=0.00 sys=0.00, real=0.00 secs] 
2014-07-10T09:57:55.044+0200: 21.192: [GC (Allocation Failure) 21.192: [ParNew: 9745K->1059K(9792K), 0.0065879 secs] 25392K->20869K(31680K), 0.0076573 secs] [Times: user=0.03 sys=0.00, real=0.01 secs] 
2014-07-10T09:57:55.061+0200: 21.209: [GC (Allocation Failure) 21.209: [ParNew: 9745K->9745K(9792K), 0.0000968 secs]21.209: [CMS2014-07-10T09:57:55.061+0200: 21.209: [CMS-concurrent-abortable-preclean: 0.002/0.094 secs] [Times: user=0.03 sys=0.00, real=0.09 secs] 
 (concurrent mode failure): 19809K->6066K(21888K), 0.0083620 secs] 29555K->6066K(31680K), [Metaspace: 2457K->2457K(1056768K)], 0.0086755 secs] [Times: user=0.02 sys=0.00, real=0.01 secs] 
2014-07-10T09:57:55.093+0200: 21.241: [GC (Allocation Failure) 21.241: [ParNew: 8686K->1059K(9792K), 0.0050895 secs] 14752K->12252K(31680K), 0.0052666 secs] [Times: user=0.01 sys=0.00, real=0.01 secs] 
2014-07-10T09:57:55.099+0200: 21.246: [GC (CMS Initial Mark) [1 CMS-initial-mark: 11192K(21888K)] 12318K(31680K), 0.0001950 secs] [Times: user=0.00 sys=0.00, real=0.00 secs] 
2014-07-10T09:57:55.099+0200: 21.247: [CMS-concurrent-mark-start]
2014-07-10T09:57:55.100+0200: 21.247: [CMS-concurrent-mark: 0.001/0.001 secs] [Times: user=0.00 sys=0.00, real=0.00 secs] 
2014-07-10T09:57:55.100+0200: 21.247: [CMS-concurrent-preclean-start]
2014-07-10T09:57:55.100+0200: 21.248: [CMS-concurrent-preclean: 0.000/0.000 secs] [Times: user=0.00 sys=0.00, real=0.00 secs] 
2014-07-10T09:57:55.100+0200: 21.248: [CMS-concurrent-abortable-preclean-start]
2014-07-10T09:57:55.144+0200: 21.292: [GC (Allocation Failure) 21.292: [ParNew: 9755K->1061K(9792K), 0.0040025 secs] 20947K->16321K(31680K), 0.0046547 secs] [Times: user=0.00 sys=0.00, real=0.00 secs] 
2014-07-10T09:57:55.153+0200: 21.301: [GC (Allocation Failure) 21.301: [ParNew: 9747K->1059K(9792K), 0.0040325 secs] 25007K->20867K(31680K), 0.0042030 secs] [Times: user=0.03 sys=0.00, real=0.00 secs] 
2014-07-10T09:57:55.159+0200: 21.307: [CMS-concurrent-abortable-preclean: 0.001/0.059 secs] [Times: user=0.03 sys=0.00, real=0.06 secs] 
2014-07-10T09:57:55.160+0200: 21.308: [GC (CMS Final Remark) [YG occupancy: 3656 K (9792 K)]21.308: [Rescan (parallel) , 0.0001232 secs]21.308: [weak refs processing, 0.0000297 secs]21.308: [class unloading, 0.0005140 secs]21.309: [scrub symbol table, 0.0005917 secs]21.309: [scrub string table, 0.0002049 secs][1 CMS-remark: 19808K(21888K)] 23465K(31680K), 0.0016022 secs] [Times: user=0.00 sys=0.00, real=0.00 secs] 
2014-07-10T09:57:55.162+0200: 21.310: [CMS-concurrent-sweep-start]
2014-07-10T09:57:55.162+0200: 21.310: [CMS-concurrent-sweep: 0.000/0.000 secs] [Times: user=0.00 sys=0.00, real=0.00 secs] 
2014-07-10T09:57:55.162+0200: 21.310: [CMS-concurrent-reset-start]
2014-07-10T09:57:55.162+0200: 21.310: [CMS-concurrent-reset: 0.000/0.000 secs] [Times: user=0.00 sys=0.00, real=0.00 secs] 
2014-07-10T09:57:55.193+0200: 21.341: [GC (Allocation Failure) 21.341: [ParNew: 9745K->1059K(9792K), 0.0043779 secs] 23854K->20195K(31680K), 0.0045326 secs] [Times: user=0.00 sys=0.00, real=0.00 secs] 
2014-07-10T09:57:55.198+0200: 21.346: [GC (CMS Initial Mark) [1 CMS-initial-mark: 19136K(21888K)] 20261K(31680K), 0.0001785 secs] [Times: user=0.00 sys=0.00, real=0.00 secs] 
2014-07-10T09:57:55.198+0200: 21.346: [CMS-concurrent-mark-start]
2014-07-10T09:57:55.199+0200: 21.347: [CMS-concurrent-mark: 0.001/0.001 secs] [Times: user=0.00 sys=0.00, real=0.00 secs] 
2014-07-10T09:57:55.199+0200: 21.347: [CMS-concurrent-preclean-start]
2014-07-10T09:57:55.199+0200: 21.347: [CMS-concurrent-preclean: 0.000/0.000 secs] [Times: user=0.00 sys=0.00, real=0.00 secs] 
2014-07-10T09:57:55.199+0200: 21.347: [GC (CMS Final Remark) [YG occupancy: 1125 K (9792 K)]21.347: [Rescan (parallel) , 0.0001122 secs]21.347: [weak refs processing, 0.0000392 secs]21.347: [class unloading, 0.0004099 secs]21.348: [scrub symbol table, 0.0005749 secs]21.348: [scrub string table, 0.0001584 secs][1 CMS-remark: 19136K(21888K)] 20261K(31680K), 0.0014192 secs] [Times: user=0.00 sys=0.00, real=0.00 secs] 
2014-07-10T09:57:55.201+0200: 21.349: [CMS-concurrent-sweep-start]
2014-07-10T09:57:55.201+0200: 21.349: [CMS-concurrent-sweep: 0.000/0.000 secs] [Times: user=0.00 sys=0.00, real=0.00 secs] 
2014-07-10T09:57:55.201+0200: 21.349: [CMS-concurrent-reset-start]
2014-07-10T09:57:55.201+0200: 21.349: [CMS-concurrent-reset: 0.000/0.000 secs] [Times: user=0.00 sys=0.00, real=0.00 secs] 
2014-07-10T09:57:55.243+0200: 21.391: [GC (Allocation Failure) 21.391: [ParNew: 9745K->1059K(9792K), 0.0047405 secs] 15143K->11964K(31680K), 0.0049040 secs] [Times: user=0.00 sys=0.00, real=0.00 secs] 
2014-07-10T09:57:55.248+0200: 21.396: [GC (CMS Initial Mark) [1 CMS-initial-mark: 10905K(21888K)] 12062K(31680K), 0.0002332 secs] [Times: user=0.00 sys=0.00, real=0.00 secs] 
2014-07-10T09:57:55.248+0200: 21.396: [CMS-concurrent-mark-start]
2014-07-10T09:57:55.249+0200: 21.397: [CMS-concurrent-mark: 0.001/0.001 secs] [Times: user=0.00 sys=0.00, real=0.00 secs] 
2014-07-10T09:57:55.249+0200: 21.397: [CMS-concurrent-preclean-start]
2014-07-10T09:57:55.249+0200: 21.397: [CMS-concurrent-preclean: 0.000/0.000 secs] [Times: user=0.00 sys=0.00, real=0.00 secs] 
2014-07-10T09:57:55.249+0200: 21.397: [CMS-concurrent-abortable-preclean-start]
2014-07-10T09:57:55.252+0200: 21.400: [GC (Allocation Failure) 21.400: [ParNew: 9745K->1059K(9792K), 0.0051192 secs] 20651K->17952K(31680K), 0.0052713 secs] [Times: user=0.00 sys=0.00, real=0.00 secs] 
2014-07-10T09:57:55.294+0200: 21.441: [GC (Allocation Failure) 21.441: [ParNew: 9745K->9745K(9792K), 0.0000506 secs]21.441: [CMS2014-07-10T09:57:55.294+0200: 21.442: [CMS-concurrent-abortable-preclean: 0.001/0.044 secs] [Times: user=0.02 sys=0.00, real=0.04 secs] 
 (concurrent mode failure): 16893K->7891K(21888K), 0.0081879 secs] 26639K->7891K(31680K), [Metaspace: 2457K->2457K(1056768K)], 0.0084302 secs] [Times: user=0.02 sys=0.00, real=0.01 secs] 
2014-07-10T09:57:55.343+0200: 21.491: [GC (Allocation Failure) 21.491: [ParNew: 8686K->1059K(9792K), 0.0058466 secs] 16577K->15902K(31680K), 0.0060963 secs] [Times: user=0.01 sys=0.00, real=0.01 secs] 
2014-07-10T09:57:55.350+0200: 21.498: [GC (CMS Initial Mark) [1 CMS-initial-mark: 14843K(21888K)] 15934K(31680K), 0.0001895 secs] [Times: user=0.00 sys=0.00, real=0.00 secs] 
2014-07-10T09:57:55.350+0200: 21.498: [CMS-concurrent-mark-start]
2014-07-10T09:57:55.351+0200: 21.499: [CMS-concurrent-mark: 0.001/0.001 secs] [Times: user=0.00 sys=0.00, real=0.00 secs] 
2014-07-10T09:57:55.351+0200: 21.499: [CMS-concurrent-preclean-start]
2014-07-10T09:57:55.351+0200: 21.499: [CMS-concurrent-preclean: 0.000/0.000 secs] [Times: user=0.00 sys=0.00, real=0.00 secs] 
2014-07-10T09:57:55.351+0200: 21.499: [CMS-concurrent-abortable-preclean-start]
2014-07-10T09:57:55.353+0200: 21.501: [GC (Allocation Failure) 21.501: [ParNew: 9762K->9762K(9792K), 0.0000440 secs]21.501: [CMS2014-07-10T09:57:55.354+0200: 21.501: [CMS-concurrent-abortable-preclean: 0.000/0.003 secs] [Times: user=0.00 sys=0.00, real=0.00 secs] 
 (concurrent mode failure): 14843K->668K(21888K), 0.0030082 secs] 24606K->668K(31680K), [Metaspace: 2457K->2457K(1056768K)], 0.0032135 secs] [Times: user=0.00 sys=0.00, real=0.00 secs] 
2014-07-10T09:57:55.393+0200: 21.541: [GC (Allocation Failure) 21.541: [ParNew: 8680K->1059K(9792K), 0.0089871 secs] 9349K->8103K(31680K), 0.0092195 secs] [Times: user=0.00 sys=0.00, real=0.01 secs] 
2014-07-10T09:57:55.403+0200: 21.551: [GC (CMS Initial Mark) [1 CMS-initial-mark: 7043K(21888K)] 8135K(31680K), 0.0003967 secs] [Times: user=0.00 sys=0.00, real=0.00 secs] 
2014-07-10T09:57:55.403+0200: 21.551: [CMS-concurrent-mark-start]
2014-07-10T09:57:55.405+0200: 21.553: [CMS-concurrent-mark: 0.002/0.002 secs] [Times: user=0.00 sys=0.00, real=0.00 secs] 
2014-07-10T09:57:55.405+0200: 21.553: [CMS-concurrent-preclean-start]
2014-07-10T09:57:55.406+0200: 21.553: [CMS-concurrent-preclean: 0.000/0.000 secs] [Times: user=0.02 sys=0.00, real=0.00 secs] 
2014-07-10T09:57:55.406+0200: 21.554: [GC (CMS Final Remark) [YG occupancy: 1829 K (9792 K)]21.554: [Rescan (parallel) , 0.0002405 secs]21.554: [weak refs processing, 0.0000598 secs]21.554: [class unloading, 0.0010566 secs]21.555: [scrub symbol table, 0.0016304 secs]21.557: [scrub string table, 0.0007076 secs][1 CMS-remark: 7043K(21888K)] 8873K(31680K), 0.0040956 secs] [Times: user=0.00 sys=0.00, real=0.00 secs] 
2014-07-10T09:57:55.410+0200: 21.558: [CMS-concurrent-sweep-start]
2014-07-10T09:57:55.411+0200: 21.559: [CMS-concurrent-sweep: 0.001/0.001 secs] [Times: user=0.00 sys=0.00, real=0.00 secs] 
2014-07-10T09:57:55.411+0200: 21.559: [CMS-concurrent-reset-start]
2014-07-10T09:57:55.411+0200: 21.559: [CMS-concurrent-reset: 0.000/0.000 secs] [Times: user=0.00 sys=0.00, real=0.00 secs] 
2014-07-10T09:57:55.447+0200: 21.595: [GC (Allocation Failure) 21.595: [ParNew: 9745K->1059K(9792K), 0.0081021 secs] 16486K->14653K(31680K), 0.0083649 secs] [Times: user=0.03 sys=0.00, real=0.01 secs] 
2014-07-10T09:57:55.456+0200: 21.604: [GC (CMS Initial Mark) [1 CMS-initial-mark: 13594K(21888K)] 14719K(31680K), 0.0002596 secs] [Times: user=0.00 sys=0.00, real=0.00 secs] 
2014-07-10T09:57:55.456+0200: 21.604: [CMS-concurrent-mark-start]
2014-07-10T09:57:55.457+0200: 21.605: [CMS-concurrent-mark: 0.001/0.001 secs] [Times: user=0.00 sys=0.00, real=0.00 secs] 
2014-07-10T09:57:55.458+0200: 21.605: [CMS-concurrent-preclean-start]
2014-07-10T09:57:55.458+0200: 21.606: [CMS-concurrent-preclean: 0.000/0.000 secs] [Times: user=0.00 sys=0.00, real=0.00 secs] 
2014-07-10T09:57:55.458+0200: 21.606: [CMS-concurrent-abortable-preclean-start]
2014-07-10T09:57:55.491+0200: 21.639: [GC (Allocation Failure) 21.639: [ParNew: 9747K->9747K(9792K), 0.0000766 secs]21.639: [CMS2014-07-10T09:57:55.491+0200: 21.639: [CMS-concurrent-abortable-preclean: 0.000/0.034 secs] [Times: user=0.00 sys=0.00, real=0.03 secs] 
 (concurrent mode failure): 13594K->560K(21888K), 0.0036512 secs] 23341K->560K(31680K), [Metaspace: 2457K->2457K(1056768K)], 0.0039068 secs] [Times: user=0.00 sys=0.00, real=0.00 secs] 
2014-07-10T09:57:55.541+0200: 21.689: [GC (Allocation Failure) 21.689: [ParNew: 8686K->675K(9792K), 0.0006885 secs] 9247K->1236K(31680K), 0.0008000 secs] [Times: user=0.00 sys=0.00, real=0.00 secs] 
2014-07-10T09:57:55.547+0200: 21.695: [GC (Allocation Failure) 21.695: [ParNew: 9361K->1059K(9792K), 0.0020623 secs] 9922K->1721K(31680K), 0.0023317 secs] [Times: user=0.00 sys=0.00, real=0.00 secs] 
2014-07-10T09:57:55.592+0200: 21.740: [GC (Allocation Failure) 21.740: [ParNew: 9745K->1059K(9792K), 0.0024304 secs] 10407K->2298K(31680K), 0.0026162 secs] [Times: user=0.02 sys=0.00, real=0.00 secs] 
2014-07-10T09:57:55.641+0200: 21.789: [GC (Allocation Failure) 21.789: [ParNew: 9751K->1061K(9792K), 0.0008905 secs] 10990K->2333K(31680K), 0.0010079 secs] [Times: user=0.00 sys=0.00, real=0.00 secs] 
2014-07-10T09:57:55.647+0200: 21.794: [GC (Allocation Failure) 21.795: [ParNew: 9747K->1059K(9792K), 0.0015010 secs] 11020K->2845K(31680K), 0.0016406 secs] [Times: user=0.00 sys=0.00, real=0.00 secs] 
2014-07-10T09:57:55.692+0200: 21.839: [GC (Allocation Failure) 21.840: [ParNew: 9745K->1059K(9792K), 0.0016956 secs] 11532K->3839K(31680K), 0.0018771 secs] [Times: user=0.00 sys=0.00, real=0.00 secs] 
2014-07-10T09:57:55.741+0200: 21.889: [GC (Allocation Failure) 21.889: [ParNew: 9745K->1059K(9792K), 0.0011725 secs] 12525K->5313K(31680K), 0.0012737 secs] [Times: user=0.00 sys=0.00, real=0.00 secs] 
2014-07-10T09:57:55.747+0200: 21.895: [GC (Allocation Failure) 21.895: [ParNew: 9745K->1059K(9792K), 0.0021638 secs] 13999K->7267K(31680K), 0.0023123 secs] [Times: user=0.00 sys=0.00, real=0.00 secs] 
2014-07-10T09:57:55.794+0200: 21.941: [GC (Allocation Failure) 21.942: [ParNew: 9745K->1059K(9792K), 0.0037575 secs] 15953K->9701K(31680K), 0.0040288 secs] [Times: user=0.03 sys=0.00, real=0.00 secs] 
2014-07-10T09:57:55.842+0200: 21.990: [GC (Allocation Failure) 21.990: [ParNew: 9745K->1059K(9792K), 0.0038272 secs] 18387K->12615K(31680K), 0.0040534 secs] [Times: user=0.03 sys=0.00, real=0.00 secs] 
2014-07-10T09:57:55.853+0200: 22.001: [GC (Allocation Failure) 22.001: [ParNew: 9745K->1059K(9792K), 0.0064504 secs] 21302K->16010K(31680K), 0.0068816 secs] [Times: user=0.01 sys=0.00, real=0.01 secs] 
2014-07-10T09:57:55.861+0200: 22.008: [GC (CMS Initial Mark) [1 CMS-initial-mark: 14951K(21888K)] 16140K(31680K), 0.0004220 secs] [Times: user=0.00 sys=0.00, real=0.00 secs] 
2014-07-10T09:57:55.861+0200: 22.009: [CMS-concurrent-mark-start]
2014-07-10T09:57:55.863+0200: 22.011: [CMS-concurrent-mark: 0.002/0.002 secs] [Times: user=0.00 sys=0.00, real=0.00 secs] 
2014-07-10T09:57:55.863+0200: 22.011: [CMS-concurrent-preclean-start]
2014-07-10T09:57:55.863+0200: 22.011: [CMS-concurrent-preclean: 0.000/0.000 secs] [Times: user=0.00 sys=0.00, real=0.00 secs] 
2014-07-10T09:57:55.863+0200: 22.011: [CMS-concurrent-abortable-preclean-start]
2014-07-10T09:57:55.892+0200: 22.039: [GC (Allocation Failure) 22.039: [ParNew: 9734K->1060K(9792K), 0.0017448 secs] 24685K->17677K(31680K), 0.0018896 secs] [Times: user=0.00 sys=0.00, real=0.00 secs] 
2014-07-10T09:57:55.943+0200: 22.091: [GC (Allocation Failure) 22.091: [ParNew: 9746K->1059K(9792K), 0.0032454 secs] 26363K->19824K(31680K), 0.0037960 secs] [Times: user=0.00 sys=0.00, real=0.00 secs] 
2014-07-10T09:57:55.953+0200: 22.101: [GC (Allocation Failure) 22.102: [ParNew: 9745K->9745K(9792K), 0.0001349 secs]22.102: [CMS2014-07-10T09:57:55.954+0200: 22.102: [CMS-concurrent-abortable-preclean: 0.002/0.091 secs] [Times: user=0.02 sys=0.00, real=0.09 secs] 
 (concurrent mode failure): 18765K->4052K(21888K), 0.0104569 secs] 28511K->4052K(31680K), [Metaspace: 2457K->2457K(1056768K)], 0.0109830 secs] [Times: user=0.00 sys=0.00, real=0.01 secs] 
2014-07-10T09:57:55.992+0200: 22.140: [GC (Allocation Failure) 22.140: [ParNew: 8686K->1059K(9792K), 0.0028758 secs] 12738K->8221K(31680K), 0.0030298 secs] [Times: user=0.00 sys=0.00, real=0.00 secs] 
2014-07-10T09:57:56.043+0200: 22.191: [GC (Allocation Failure) 22.192: [ParNew: 9745K->1059K(9792K), 0.0056908 secs] 16907K->11808K(31680K), 0.0059404 secs] [Times: user=0.03 sys=0.00, real=0.01 secs] 
2014-07-10T09:57:56.056+0200: 22.204: [GC (Allocation Failure) 22.204: [ParNew: 9745K->1059K(9792K), 0.0069868 secs] 20494K->15875K(31680K), 0.0072871 secs] [Times: user=0.03 sys=0.00, real=0.01 secs] 
2014-07-10T09:57:56.064+0200: 22.212: [GC (CMS Initial Mark) [1 CMS-initial-mark: 14815K(21888K)] 15941K(31680K), 0.0003791 secs] [Times: user=0.00 sys=0.00, real=0.00 secs] 
2014-07-10T09:57:56.064+0200: 22.212: [CMS-concurrent-mark-start]
2014-07-10T09:57:56.066+0200: 22.214: [CMS-concurrent-mark: 0.002/0.002 secs] [Times: user=0.00 sys=0.00, real=0.00 secs] 
2014-07-10T09:57:56.066+0200: 22.214: [CMS-concurrent-preclean-start]
2014-07-10T09:57:56.067+0200: 22.215: [CMS-concurrent-preclean: 0.000/0.000 secs] [Times: user=0.00 sys=0.00, real=0.00 secs] 
2014-07-10T09:57:56.067+0200: 22.215: [CMS-concurrent-abortable-preclean-start]
2014-07-10T09:57:56.096+0200: 22.243: [GC (Allocation Failure) 22.244: [ParNew: 9745K->1059K(9792K), 0.0066928 secs] 24561K->20422K(31680K), 0.0069538 secs] [Times: user=0.00 sys=0.00, real=0.01 secs] 
2014-07-10T09:57:56.105+0200: 22.253: [CMS-concurrent-abortable-preclean: 0.002/0.038 secs] [Times: user=0.02 sys=0.00, real=0.04 secs] 
2014-07-10T09:57:56.106+0200: 22.253: [GC (CMS Final Remark) [YG occupancy: 4430 K (9792 K)]22.253: [Rescan (parallel) , 0.0002959 secs]22.254: [weak refs processing, 0.0000612 secs]22.254: [class unloading, 0.0012245 secs]22.255: [scrub symbol table, 0.0013114 secs]22.257: [scrub string table, 0.0004652 secs][1 CMS-remark: 19363K(21888K)] 23793K(31680K), 0.0037300 secs] [Times: user=0.01 sys=0.00, real=0.00 secs] 
2014-07-10T09:57:56.110+0200: 22.257: [CMS-concurrent-sweep-start]
2014-07-10T09:57:56.110+0200: 22.258: [CMS-concurrent-sweep: 0.001/0.001 secs] [Times: user=0.00 sys=0.00, real=0.00 secs] 
2014-07-10T09:57:56.111+0200: 22.259: [CMS-concurrent-reset-start]
2014-07-10T09:57:56.111+0200: 22.259: [CMS-concurrent-reset: 0.000/0.000 secs] [Times: user=0.00 sys=0.00, real=0.00 secs] 
2014-07-10T09:57:56.142+0200: 22.290: [GC (Allocation Failure) 22.290: [ParNew: 9751K->1061K(9792K), 0.0041755 secs] 18738K->14051K(31680K), 0.0043408 secs] [Times: user=0.00 sys=0.00, real=0.01 secs] 
2014-07-10T09:57:56.147+0200: 22.295: [GC (CMS Initial Mark) [1 CMS-initial-mark: 12989K(21888K)] 14117K(31680K), 0.0002214 secs] [Times: user=0.00 sys=0.00, real=0.00 secs] 
2014-07-10T09:57:56.147+0200: 22.295: [CMS-concurrent-mark-start]
2014-07-10T09:57:56.148+0200: 22.296: [CMS-concurrent-mark: 0.001/0.001 secs] [Times: user=0.00 sys=0.00, real=0.00 secs] 
2014-07-10T09:57:56.149+0200: 22.296: [CMS-concurrent-preclean-start]
2014-07-10T09:57:56.149+0200: 22.297: [CMS-concurrent-preclean: 0.000/0.000 secs] [Times: user=0.00 sys=0.00, real=0.00 secs] 
2014-07-10T09:57:56.149+0200: 22.297: [CMS-concurrent-abortable-preclean-start]
2014-07-10T09:57:56.152+0200: 22.300: [GC (Allocation Failure) 22.300: [ParNew: 9747K->1059K(9792K), 0.0042411 secs] 22737K->18533K(31680K), 0.0044043 secs] [Times: user=0.03 sys=0.00, real=0.00 secs] 
2014-07-10T09:57:56.192+0200: 22.340: [GC (Allocation Failure) 22.340: [ParNew: 9745K->9745K(9792K), 0.0000436 secs]22.340: [CMS2014-07-10T09:57:56.193+0200: 22.340: [CMS-concurrent-abortable-preclean: 0.001/0.044 secs] [Times: user=0.03 sys=0.00, real=0.04 secs] 
 (concurrent mode failure): 17473K->6389K(21888K), 0.0066121 secs] 27219K->6389K(31680K), [Metaspace: 2457K->2457K(1056768K)], 0.0068097 secs] [Times: user=0.00 sys=0.00, real=0.01 secs] 
2014-07-10T09:57:56.243+0200: 22.391: [GC (Allocation Failure) 22.391: [ParNew: 8686K->1059K(9792K), 0.0049982 secs] 15075K->12895K(31680K), 0.0051493 secs] [Times: user=0.00 sys=0.00, real=0.00 secs] 
2014-07-10T09:57:56.248+0200: 22.396: [GC (CMS Initial Mark) [1 CMS-initial-mark: 11836K(21888K)] 12961K(31680K), 0.0002134 secs] [Times: user=0.00 sys=0.00, real=0.00 secs] 
2014-07-10T09:57:56.248+0200: 22.396: [CMS-concurrent-mark-start]
2014-07-10T09:57:56.249+0200: 22.397: [CMS-concurrent-mark: 0.001/0.001 secs] [Times: user=0.03 sys=0.00, real=0.00 secs] 
2014-07-10T09:57:56.249+0200: 22.397: [CMS-concurrent-preclean-start]
2014-07-10T09:57:56.249+0200: 22.397: [CMS-concurrent-preclean: 0.000/0.000 secs] [Times: user=0.00 sys=0.00, real=0.00 secs] 
2014-07-10T09:57:56.249+0200: 22.397: [CMS-concurrent-abortable-preclean-start]
2014-07-10T09:57:56.252+0200: 22.400: [GC (Allocation Failure) 22.400: [ParNew: 9745K->1059K(9792K), 0.0053238 secs] 21581K->18819K(31680K), 0.0054572 secs] [Times: user=0.00 sys=0.00, real=0.00 secs] 
2014-07-10T09:57:56.293+0200: 22.441: [GC (Allocation Failure) 22.441: [ParNew: 9745K->9745K(9792K), 0.0002020 secs]22.441: [CMS2014-07-10T09:57:56.293+0200: 22.441: [CMS-concurrent-abortable-preclean: 0.001/0.044 secs] [Times: user=0.00 sys=0.00, real=0.04 secs] 
 (concurrent mode failure): 17760K->7830K(21888K), 0.0071576 secs] 27505K->7830K(31680K), [Metaspace: 2457K->2457K(1056768K)], 0.0075404 secs] [Times: user=0.02 sys=0.00, real=0.01 secs] 
2014-07-10T09:57:56.344+0200: 22.492: [GC (Allocation Failure) 22.492: [ParNew: 8686K->1059K(9792K), 0.0056255 secs] 16516K->15777K(31680K), 0.0057839 secs] [Times: user=0.00 sys=0.00, real=0.01 secs] 
2014-07-10T09:57:56.350+0200: 22.498: [GC (CMS Initial Mark) [1 CMS-initial-mark: 14717K(21888K)] 15809K(31680K), 0.0001881 secs] [Times: user=0.00 sys=0.00, real=0.00 secs] 
2014-07-10T09:57:56.350+0200: 22.498: [CMS-concurrent-mark-start]
2014-07-10T09:57:56.351+0200: 22.499: [CMS-concurrent-mark: 0.001/0.001 secs] [Times: user=0.00 sys=0.00, real=0.00 secs] 
2014-07-10T09:57:56.351+0200: 22.499: [CMS-concurrent-preclean-start]
2014-07-10T09:57:56.351+0200: 22.499: [CMS-concurrent-preclean: 0.000/0.000 secs] [Times: user=0.00 sys=0.00, real=0.00 secs] 
2014-07-10T09:57:56.351+0200: 22.499: [CMS-concurrent-abortable-preclean-start]
2014-07-10T09:57:56.355+0200: 22.503: [GC (Allocation Failure) 22.503: [ParNew: 9756K->9756K(9792K), 0.0000440 secs]22.503: [CMS2014-07-10T09:57:56.355+0200: 22.503: [CMS-concurrent-abortable-preclean: 0.000/0.004 secs] [Times: user=0.00 sys=0.00, real=0.00 secs] 
 (concurrent mode failure): 14717K->602K(21888K), 0.0032230 secs] 24473K->602K(31680K), [Metaspace: 2457K->2457K(1056768K)], 0.0034071 secs] [Times: user=0.02 sys=0.00, real=0.00 secs] 
2014-07-10T09:57:56.393+0200: 22.541: [GC (Allocation Failure) 22.541: [ParNew: 8687K->1059K(9792K), 0.0056798 secs] 9289K->7973K(31680K), 0.0058510 secs] [Times: user=0.00 sys=0.00, real=0.01 secs] 
2014-07-10T09:57:56.399+0200: 22.547: [GC (CMS Initial Mark) [1 CMS-initial-mark: 6913K(21888K)] 8005K(31680K), 0.0001969 secs] [Times: user=0.00 sys=0.00, real=0.00 secs] 
2014-07-10T09:57:56.399+0200: 22.547: [CMS-concurrent-mark-start]
2014-07-10T09:57:56.400+0200: 22.548: [CMS-concurrent-mark: 0.001/0.001 secs] [Times: user=0.00 sys=0.00, real=0.00 secs] 
2014-07-10T09:57:56.400+0200: 22.548: [CMS-concurrent-preclean-start]
2014-07-10T09:57:56.400+0200: 22.548: [CMS-concurrent-preclean: 0.000/0.000 secs] [Times: user=0.00 sys=0.00, real=0.00 secs] 
2014-07-10T09:57:56.400+0200: 22.548: [GC (CMS Final Remark) [YG occupancy: 1893 K (9792 K)]22.548: [Rescan (parallel) , 0.0001005 secs]22.548: [weak refs processing, 0.0000253 secs]22.548: [class unloading, 0.0004260 secs]22.549: [scrub symbol table, 0.0005463 secs]22.549: [scrub string table, 0.0001613 secs][1 CMS-remark: 6913K(21888K)] 8807K(31680K), 0.0013726 secs] [Times: user=0.00 sys=0.00, real=0.00 secs] 
2014-07-10T09:57:56.402+0200: 22.549: [CMS-concurrent-sweep-start]
2014-07-10T09:57:56.402+0200: 22.550: [CMS-concurrent-sweep: 0.000/0.000 secs] [Times: user=0.00 sys=0.00, real=0.00 secs] 
2014-07-10T09:57:56.402+0200: 22.550: [CMS-concurrent-reset-start]
2014-07-10T09:57:56.402+0200: 22.550: [CMS-concurrent-reset: 0.000/0.000 secs] [Times: user=0.00 sys=0.00, real=0.00 secs] 
2014-07-10T09:57:56.444+0200: 22.592: [GC (Allocation Failure) 22.592: [ParNew: 9745K->1059K(9792K), 0.0095286 secs] 16426K->14529K(31680K), 0.0098853 secs] [Times: user=0.03 sys=0.00, real=0.01 secs] 
2014-07-10T09:57:56.454+0200: 22.602: [GC (CMS Initial Mark) [1 CMS-initial-mark: 13469K(21888K)] 14787K(31680K), 0.0003949 secs] [Times: user=0.00 sys=0.00, real=0.00 secs] 
2014-07-10T09:57:56.455+0200: 22.603: [CMS-concurrent-mark-start]
2014-07-10T09:57:56.457+0200: 22.604: [CMS-concurrent-mark: 0.002/0.002 secs] [Times: user=0.00 sys=0.00, real=0.00 secs] 
2014-07-10T09:57:56.457+0200: 22.605: [CMS-concurrent-preclean-start]
2014-07-10T09:57:56.457+0200: 22.605: [CMS-concurrent-preclean: 0.000/0.000 secs] [Times: user=0.00 sys=0.00, real=0.00 secs] 
2014-07-10T09:57:56.457+0200: 22.605: [CMS-concurrent-abortable-preclean-start]
2014-07-10T09:57:56.492+0200: 22.640: [GC (Allocation Failure) 22.640: [ParNew: 9747K->9747K(9792K), 0.0001140 secs]22.640: [CMS2014-07-10T09:57:56.493+0200: 22.641: [CMS-concurrent-abortable-preclean: 0.000/0.036 secs] [Times: user=0.00 sys=0.00, real=0.04 secs] 
 (concurrent mode failure): 13469K->499K(21888K), 0.0066257 secs] 23217K->499K(31680K), [Metaspace: 2457K->2457K(1056768K)], 0.0070410 secs] [Times: user=0.01 sys=0.00, real=0.01 secs] 
2014-07-10T09:57:56.541+0200: 22.689: [GC (Allocation Failure) 22.689: [ParNew: 8686K->611K(9792K), 0.0011857 secs] 9185K->1110K(31680K), 0.0013664 secs] [Times: user=0.00 sys=0.00, real=0.00 secs] 
2014-07-10T09:57:56.550+0200: 22.698: [GC (Allocation Failure) 22.698: [ParNew: 9297K->1059K(9792K), 0.0018779 secs] 9796K->1595K(31680K), 0.0020571 secs] [Times: user=0.00 sys=0.00, real=0.00 secs] 
2014-07-10T09:57:56.592+0200: 22.740: [GC (Allocation Failure) 22.740: [ParNew: 9745K->1059K(9792K), 0.0010603 secs] 10282K->2109K(31680K), 0.0011772 secs] [Times: user=0.00 sys=0.00, real=0.00 secs] 
2014-07-10T09:57:56.641+0200: 22.789: [GC (Allocation Failure) 22.789: [ParNew: 9757K->517K(9792K), 0.0006526 secs] 10806K->1567K(31680K), 0.0007530 secs] [Times: user=0.00 sys=0.00, real=0.00 secs] 
2014-07-10T09:57:56.645+0200: 22.793: [GC (Allocation Failure) 22.793: [ParNew: 9203K->998K(9792K), 0.0012003 secs] 10254K->2048K(31680K), 0.0013323 secs] [Times: user=0.00 sys=0.00, real=0.00 secs] 
2014-07-10T09:57:56.692+0200: 22.840: [GC (Allocation Failure) 22.840: [ParNew: 9684K->1059K(9792K), 0.0023277 secs] 10734K->2529K(31680K), 0.0025356 secs] [Times: user=0.00 sys=0.00, real=0.00 secs] 
2014-07-10T09:57:56.742+0200: 22.890: [GC (Allocation Failure) 22.891: [ParNew: 9745K->1059K(9792K), 0.0029983 secs] 11215K->3427K(31680K), 0.0040384 secs] [Times: user=0.00 sys=0.00, real=0.00 secs] 
2014-07-10T09:57:56.758+0200: 22.906: [GC (Allocation Failure) 22.906: [ParNew: 9745K->1059K(9792K), 0.0046558 secs] 12113K->4804K(31680K), 0.0050209 secs] [Times: user=0.00 sys=0.00, real=0.01 secs] 
2014-07-10T09:57:56.792+0200: 22.940: [GC (Allocation Failure) 22.940: [ParNew: 9745K->1059K(9792K), 0.0018423 secs] 13491K->6662K(31680K), 0.0019911 secs] [Times: user=0.00 sys=0.00, real=0.00 secs] 
2014-07-10T09:57:56.841+0200: 22.989: [GC (Allocation Failure) 22.989: [ParNew: 9745K->1059K(9792K), 0.0020029 secs] 15349K->9001K(31680K), 0.0022159 secs] [Times: user=0.02 sys=0.00, real=0.00 secs] 
2014-07-10T09:57:56.849+0200: 22.997: [GC (Allocation Failure) 22.997: [ParNew: 9757K->1059K(9792K), 0.0022104 secs] 17699K->11179K(31680K), 0.0023655 secs] [Times: user=0.00 sys=0.00, real=0.00 secs] 
2014-07-10T09:57:56.891+0200: 23.039: [GC (Allocation Failure) 23.039: [ParNew: 9751K->1059K(9792K), 0.0013646 secs] 19871K->12814K(31680K), 0.0015054 secs] [Times: user=0.00 sys=0.00, real=0.00 secs] 
2014-07-10T09:57:56.943+0200: 23.091: [GC (Allocation Failure) 23.091: [ParNew: 9745K->1059K(9792K), 0.0036659 secs] 21500K->14928K(31680K), 0.0039742 secs] [Times: user=0.00 sys=0.00, real=0.00 secs] 
2014-07-10T09:57:56.956+0200: 23.104: [GC (Allocation Failure) 23.104: [ParNew: 9745K->1059K(9792K), 0.0049000 secs] 23615K->17523K(31680K), 0.0051859 secs] [Times: user=0.00 sys=0.00, real=0.00 secs] 
2014-07-10T09:57:56.962+0200: 23.110: [GC (CMS Initial Mark) [1 CMS-initial-mark: 16463K(21888K)] 17555K(31680K), 0.0003894 secs] [Times: user=0.00 sys=0.00, real=0.00 secs] 
2014-07-10T09:57:56.963+0200: 23.111: [CMS-concurrent-mark-start]
2014-07-10T09:57:56.965+0200: 23.113: [CMS-concurrent-mark: 0.002/0.002 secs] [Times: user=0.00 sys=0.00, real=0.00 secs] 
2014-07-10T09:57:56.965+0200: 23.113: [CMS-concurrent-preclean-start]
2014-07-10T09:57:56.965+0200: 23.113: [CMS-concurrent-preclean: 0.000/0.000 secs] [Times: user=0.00 sys=0.00, real=0.00 secs] 
2014-07-10T09:57:56.965+0200: 23.113: [CMS-concurrent-abortable-preclean-start]
2014-07-10T09:57:56.993+0200: 23.141: [GC (Allocation Failure) 23.141: [ParNew: 9745K->1059K(9792K), 0.0029744 secs] 26209K->20597K(31680K), 0.0031262 secs] [Times: user=0.00 sys=0.00, real=0.00 secs] 
2014-07-10T09:57:56.997+0200: 23.145: [CMS-concurrent-abortable-preclean: 0.001/0.032 secs] [Times: user=0.03 sys=0.00, real=0.03 secs] 
2014-07-10T09:57:56.997+0200: 23.145: [GC (CMS Final Remark) [YG occupancy: 3496 K (9792 K)]23.145: [Rescan (parallel) , 0.0001679 secs]23.145: [weak refs processing, 0.0000359 secs]23.145: [class unloading, 0.0006775 secs]23.146: [scrub symbol table, 0.0007945 secs]23.147: [scrub string table, 0.0003344 secs][1 CMS-remark: 19538K(21888K)] 23035K(31680K), 0.0022141 secs] [Times: user=0.01 sys=0.00, real=0.00 secs] 
2014-07-10T09:57:56.999+0200: 23.147: [CMS-concurrent-sweep-start]
2014-07-10T09:57:57.000+0200: 23.148: [CMS-concurrent-sweep: 0.000/0.000 secs] [Times: user=0.00 sys=0.00, real=0.00 secs] 
2014-07-10T09:57:57.000+0200: 23.148: [CMS-concurrent-reset-start]
2014-07-10T09:57:57.000+0200: 23.148: [CMS-concurrent-reset: 0.000/0.000 secs] [Times: user=0.00 sys=0.00, real=0.00 secs] 
2014-07-10T09:57:57.042+0200: 23.190: [GC (Allocation Failure) 23.190: [ParNew: 9745K->1059K(9792K), 0.0039915 secs] 15789K->10658K(31680K), 0.0041561 secs] [Times: user=0.02 sys=0.00, real=0.00 secs] 
2014-07-10T09:57:57.050+0200: 23.198: [GC (Allocation Failure) 23.198: [ParNew: 9745K->1059K(9792K), 0.0046169 secs] 19344K->14693K(31680K), 0.0048017 secs] [Times: user=0.00 sys=0.00, real=0.01 secs] 
2014-07-10T09:57:57.055+0200: 23.203: [GC (CMS Initial Mark) [1 CMS-initial-mark: 13633K(21888K)] 14759K(31680K), 0.0003435 secs] [Times: user=0.00 sys=0.00, real=0.00 secs] 
2014-07-10T09:57:57.056+0200: 23.204: [CMS-concurrent-mark-start]
2014-07-10T09:57:57.057+0200: 23.205: [CMS-concurrent-mark: 0.001/0.001 secs] [Times: user=0.00 sys=0.00, real=0.00 secs] 
2014-07-10T09:57:57.057+0200: 23.205: [CMS-concurrent-preclean-start]
2014-07-10T09:57:57.057+0200: 23.205: [CMS-concurrent-preclean: 0.000/0.000 secs] [Times: user=0.00 sys=0.00, real=0.00 secs] 
2014-07-10T09:57:57.057+0200: 23.205: [CMS-concurrent-abortable-preclean-start]
2014-07-10T09:57:57.093+0200: 23.241: [GC (Allocation Failure) 23.241: [ParNew: 9751K->1059K(9792K), 0.0038122 secs] 23384K->18183K(31680K), 0.0039819 secs] [Times: user=0.00 sys=0.00, real=0.00 secs] 
2014-07-10T09:57:57.145+0200: 23.293: [GC (Allocation Failure) 23.293: [ParNew: 9745K->1059K(9792K), 0.0070788 secs] 26870K->22155K(31680K), 0.0075994 secs] [Times: user=0.00 sys=0.00, real=0.01 secs] 
2014-07-10T09:57:57.153+0200: 23.301: [CMS-concurrent-abortable-preclean: 0.001/0.096 secs] [Times: user=0.00 sys=0.00, real=0.10 secs] 
2014-07-10T09:57:57.154+0200: 23.302: [GC (CMS Final Remark) [YG occupancy: 1445 K (9792 K)]23.302: [Rescan (parallel) , 0.0003912 secs]23.302: [weak refs processing, 0.0000627 secs]23.302: [class unloading, 0.0009829 secs]23.303: [scrub symbol table, 0.0013983 secs]23.305: [scrub string table, 0.0004487 secs][1 CMS-remark: 21095K(21888K)] 22541K(31680K), 0.0036520 secs] [Times: user=0.00 sys=0.00, real=0.00 secs] 
2014-07-10T09:57:57.157+0200: 23.305: [CMS-concurrent-sweep-start]
2014-07-10T09:57:57.158+0200: 23.306: [CMS-concurrent-sweep: 0.001/0.001 secs] [Times: user=0.00 sys=0.00, real=0.00 secs] 
2014-07-10T09:57:57.158+0200: 23.306: [CMS-concurrent-reset-start]
2014-07-10T09:57:57.159+0200: 23.307: [CMS-concurrent-reset: 0.000/0.000 secs] [Times: user=0.00 sys=0.00, real=0.00 secs] 
2014-07-10T09:57:57.164+0200: 23.312: [GC (Allocation Failure) 23.312: [ParNew: 9745K->1059K(9792K), 0.0044563 secs] 21617K->17382K(31680K), 0.0047027 secs] [Times: user=0.00 sys=0.00, real=0.00 secs] 
2014-07-10T09:57:57.169+0200: 23.317: [GC (CMS Initial Mark) [1 CMS-initial-mark: 16323K(21888K)] 17448K(31680K), 0.0001862 secs] [Times: user=0.00 sys=0.00, real=0.00 secs] 
2014-07-10T09:57:57.169+0200: 23.317: [CMS-concurrent-mark-start]
2014-07-10T09:57:57.170+0200: 23.318: [CMS-concurrent-mark: 0.001/0.001 secs] [Times: user=0.00 sys=0.00, real=0.00 secs] 
2014-07-10T09:57:57.170+0200: 23.318: [CMS-concurrent-preclean-start]
2014-07-10T09:57:57.170+0200: 23.318: [CMS-concurrent-preclean: 0.000/0.000 secs] [Times: user=0.00 sys=0.00, real=0.00 secs] 
2014-07-10T09:57:57.171+0200: 23.318: [CMS-concurrent-abortable-preclean-start]
2014-07-10T09:57:57.193+0200: 23.341: [GC (Allocation Failure) 23.341: [ParNew: 9745K->1059K(9792K), 0.0047075 secs] 26069K->22314K(31680K), 0.0048662 secs] [Times: user=0.00 sys=0.00, real=0.00 secs] 
2014-07-10T09:57:57.198+0200: 23.346: [CMS-concurrent-abortable-preclean: 0.000/0.028 secs] [Times: user=0.00 sys=0.00, real=0.03 secs] 
2014-07-10T09:57:57.199+0200: 23.346: [GC (CMS Final Remark) [YG occupancy: 1541 K (9792 K)]23.346: [Rescan (parallel) , 0.0002827 secs]23.347: [weak refs processing, 0.0000524 secs]23.347: [class unloading, 0.0005514 secs]23.347: [scrub symbol table, 0.0007684 secs]23.348: [scrub string table, 0.0002101 secs][1 CMS-remark: 21254K(21888K)] 22796K(31680K), 0.0020524 secs] [Times: user=0.00 sys=0.02, real=0.00 secs] 
2014-07-10T09:57:57.201+0200: 23.349: [CMS-concurrent-sweep-start]
2014-07-10T09:57:57.201+0200: 23.349: [CMS-concurrent-sweep: 0.000/0.000 secs] [Times: user=0.00 sys=0.00, real=0.00 secs] 
2014-07-10T09:57:57.201+0200: 23.349: [CMS-concurrent-reset-start]
2014-07-10T09:57:57.201+0200: 23.349: [CMS-concurrent-reset: 0.000/0.000 secs] [Times: user=0.00 sys=0.00, real=0.00 secs] 
2014-07-10T09:57:57.243+0200: 23.390: [GC (Allocation Failure) 23.391: [ParNew: 9745K->1059K(9792K), 0.0055173 secs] 19503K->16228K(31680K), 0.0056831 secs] [Times: user=0.03 sys=0.00, real=0.00 secs] 
2014-07-10T09:57:57.249+0200: 23.396: [GC (CMS Initial Mark) [1 CMS-initial-mark: 15169K(21888K)] 16294K(31680K), 0.0002295 secs] [Times: user=0.00 sys=0.00, real=0.00 secs] 
2014-07-10T09:57:57.249+0200: 23.397: [CMS-concurrent-mark-start]
2014-07-10T09:57:57.250+0200: 23.398: [CMS-concurrent-mark: 0.001/0.001 secs] [Times: user=0.00 sys=0.00, real=0.00 secs] 
2014-07-10T09:57:57.250+0200: 23.398: [CMS-concurrent-preclean-start]
2014-07-10T09:57:57.250+0200: 23.398: [CMS-concurrent-preclean: 0.000/0.000 secs] [Times: user=0.00 sys=0.00, real=0.00 secs] 
2014-07-10T09:57:57.250+0200: 23.398: [CMS-concurrent-abortable-preclean-start]
2014-07-10T09:57:57.252+0200: 23.400: [GC (Allocation Failure) 23.400: [ParNew: 9745K->1059K(9792K), 0.0055162 secs] 24914K->22120K(31680K), 0.0056669 secs] [Times: user=0.00 sys=0.00, real=0.01 secs] 
2014-07-10T09:57:57.258+0200: 23.406: [CMS-concurrent-abortable-preclean: 0.000/0.008 secs] [Times: user=0.00 sys=0.00, real=0.01 secs] 
2014-07-10T09:57:57.258+0200: 23.406: [GC (CMS Final Remark) [YG occupancy: 1221 K (9792 K)]23.406: [Rescan (parallel) , 0.0001866 secs]23.407: [weak refs processing, 0.0000312 secs]23.407: [class unloading, 0.0004865 secs]23.407: [scrub symbol table, 0.0006174 secs]23.408: [scrub string table, 0.0001833 secs][1 CMS-remark: 21061K(21888K)] 22282K(31680K), 0.0016597 secs] [Times: user=0.00 sys=0.00, real=0.00 secs] 
2014-07-10T09:57:57.260+0200: 23.408: [CMS-concurrent-sweep-start]
2014-07-10T09:57:57.261+0200: 23.409: [CMS-concurrent-sweep: 0.000/0.000 secs] [Times: user=0.00 sys=0.00, real=0.00 secs] 
2014-07-10T09:57:57.261+0200: 23.409: [CMS-concurrent-reset-start]
2014-07-10T09:57:57.261+0200: 23.409: [CMS-concurrent-reset: 0.000/0.000 secs] [Times: user=0.00 sys=0.00, real=0.00 secs] 
2014-07-10T09:57:57.294+0200: 23.442: [GC (Allocation Failure) 23.442: [ParNew: 9745K->1059K(9792K), 0.0056002 secs] 21424K->19110K(31680K), 0.0059588 secs] [Times: user=0.00 sys=0.00, real=0.01 secs] 
2014-07-10T09:57:57.300+0200: 23.448: [GC (CMS Initial Mark) [1 CMS-initial-mark: 18050K(21888K)] 19176K(31680K), 0.0002343 secs] [Times: user=0.00 sys=0.00, real=0.00 secs] 
2014-07-10T09:57:57.300+0200: 23.448: [CMS-concurrent-mark-start]
2014-07-10T09:57:57.301+0200: 23.449: [CMS-concurrent-mark: 0.001/0.001 secs] [Times: user=0.00 sys=0.00, real=0.00 secs] 
2014-07-10T09:57:57.301+0200: 23.449: [CMS-concurrent-preclean-start]
2014-07-10T09:57:57.301+0200: 23.449: [CMS-concurrent-preclean: 0.000/0.000 secs] [Times: user=0.00 sys=0.00, real=0.00 secs] 
2014-07-10T09:57:57.301+0200: 23.449: [GC (CMS Final Remark) [YG occupancy: 1829 K (9792 K)]23.449: [Rescan (parallel) , 0.0001126 secs]23.449: [weak refs processing, 0.0000290 secs]23.449: [class unloading, 0.0004792 secs]23.450: [scrub symbol table, 0.0006130 secs]23.450: [scrub string table, 0.0001866 secs][1 CMS-remark: 18050K(21888K)] 19880K(31680K), 0.0015593 secs] [Times: user=0.00 sys=0.00, real=0.00 secs] 
2014-07-10T09:57:57.303+0200: 23.451: [CMS-concurrent-sweep-start]
2014-07-10T09:57:57.303+0200: 23.451: [CMS-concurrent-sweep: 0.000/0.000 secs] [Times: user=0.00 sys=0.00, real=0.00 secs] 
2014-07-10T09:57:57.303+0200: 23.451: [CMS-concurrent-reset-start]
2014-07-10T09:57:57.303+0200: 23.451: [CMS-concurrent-reset: 0.000/0.000 secs] [Times: user=0.00 sys=0.00, real=0.00 secs] 
2014-07-10T09:57:57.344+0200: 23.492: [GC (Allocation Failure) 23.492: [ParNew: 9745K->1059K(9792K), 0.0058367 secs] 16491K->14657K(31680K), 0.0060405 secs] [Times: user=0.00 sys=0.00, real=0.01 secs] 
2014-07-10T09:57:57.350+0200: 23.498: [GC (CMS Initial Mark) [1 CMS-initial-mark: 13598K(21888K)] 14723K(31680K), 0.0002079 secs] [Times: user=0.00 sys=0.00, real=0.00 secs] 
2014-07-10T09:57:57.350+0200: 23.498: [CMS-concurrent-mark-start]
2014-07-10T09:57:57.351+0200: 23.499: [CMS-concurrent-mark: 0.001/0.001 secs] [Times: user=0.00 sys=0.00, real=0.00 secs] 
2014-07-10T09:57:57.351+0200: 23.499: [CMS-concurrent-preclean-start]
2014-07-10T09:57:57.351+0200: 23.499: [CMS-concurrent-preclean: 0.000/0.000 secs] [Times: user=0.00 sys=0.00, real=0.00 secs] 
2014-07-10T09:57:57.351+0200: 23.499: [CMS-concurrent-abortable-preclean-start]
2014-07-10T09:57:57.354+0200: 23.502: [GC (Allocation Failure) 23.502: [ParNew: 9760K->209K(9792K), 0.0006673 secs] 23358K->13808K(31680K), 0.0007626 secs] [Times: user=0.00 sys=0.00, real=0.00 secs] 
2014-07-10T09:57:57.393+0200: 23.541: [GC (Allocation Failure) 23.541: [ParNew: 8897K->8897K(9792K), 0.0000447 secs]23.541: [CMS2014-07-10T09:57:57.393+0200: 23.541: [CMS-concurrent-abortable-preclean: 0.000/0.042 secs] [Times: user=0.00 sys=0.00, real=0.04 secs] 
 (concurrent mode failure): 13599K->7193K(21888K), 0.0071063 secs] 22497K->7193K(31680K), [Metaspace: 2457K->2457K(1056768K)], 0.0073142 secs] [Times: user=0.00 sys=0.00, real=0.01 secs] 
2014-07-10T09:57:57.445+0200: 23.593: [GC (Allocation Failure) 23.593: [ParNew: 8686K->1059K(9792K), 0.0094333 secs] 15879K->14500K(31680K), 0.0097251 secs] [Times: user=0.03 sys=0.00, real=0.01 secs] 
2014-07-10T09:57:57.456+0200: 23.604: [GC (CMS Initial Mark) [1 CMS-initial-mark: 13440K(21888K)] 14532K(31680K), 0.0004759 secs] [Times: user=0.00 sys=0.00, real=0.00 secs] 
2014-07-10T09:57:57.457+0200: 23.605: [CMS-concurrent-mark-start]
2014-07-10T09:57:57.459+0200: 23.607: [CMS-concurrent-mark: 0.002/0.002 secs] [Times: user=0.00 sys=0.00, real=0.00 secs] 
2014-07-10T09:57:57.459+0200: 23.607: [CMS-concurrent-preclean-start]
2014-07-10T09:57:57.459+0200: 23.607: [CMS-concurrent-preclean: 0.000/0.000 secs] [Times: user=0.00 sys=0.00, real=0.00 secs] 
2014-07-10T09:57:57.459+0200: 23.607: [CMS-concurrent-abortable-preclean-start]
2014-07-10T09:57:57.463+0200: 23.611: [GC (Allocation Failure) 23.611: [ParNew: 9745K->9745K(9792K), 0.0000946 secs]23.611: [CMS2014-07-10T09:57:57.463+0200: 23.611: [CMS-concurrent-abortable-preclean: 0.000/0.004 secs] [Times: user=0.00 sys=0.00, real=0.00 secs] 
 (concurrent mode failure): 13440K->8153K(21888K), 0.0086542 secs] 23186K->8153K(31680K), [Metaspace: 2457K->2457K(1056768K)], 0.0089933 secs] [Times: user=0.01 sys=0.00, real=0.01 secs] 
2014-07-10T09:57:57.541+0200: 23.689: [GC (Allocation Failure) 23.689: [ParNew: 8688K->69K(9792K), 0.0009914 secs] 16842K->8222K(31680K), 0.0012044 secs] [Times: user=0.00 sys=0.00, real=0.00 secs] 
2014-07-10T09:57:57.549+0200: 23.697: [GC (Allocation Failure) 23.697: [ParNew: 8755K->550K(9792K), 0.0015446 secs] 16909K->8704K(31680K), 0.0017481 secs] [Times: user=0.00 sys=0.00, real=0.00 secs] 
2014-07-10T09:57:57.592+0200: 23.740: [GC (Allocation Failure) 23.740: [ParNew: 9236K->1027K(9792K), 0.0020087 secs] 17390K->9188K(31680K), 0.0022163 secs] [Times: user=0.00 sys=0.00, real=0.00 secs] 
2014-07-10T09:57:57.641+0200: 23.789: [GC (Allocation Failure) 23.789: [ParNew: 9719K->485K(9792K), 0.0007541 secs] 17880K->8647K(31680K), 0.0008935 secs] [Times: user=0.00 sys=0.00, real=0.00 secs] 
2014-07-10T09:57:57.646+0200: 23.794: [GC (Allocation Failure) 23.794: [ParNew: 9171K->965K(9792K), 0.0014423 secs] 17333K->9127K(31680K), 0.0016194 secs] [Times: user=0.00 sys=0.00, real=0.00 secs] 
2014-07-10T09:57:57.692+0200: 23.840: [GC (Allocation Failure) 23.840: [ParNew: 9651K->1059K(9792K), 0.0011699 secs] 17813K->9608K(31680K), 0.0012883 secs] [Times: user=0.00 sys=0.00, real=0.00 secs] 
2014-07-10T09:57:57.743+0200: 23.891: [GC (Allocation Failure) 23.891: [ParNew: 9745K->1059K(9792K), 0.0024487 secs] 18294K->10474K(31680K), 0.0026694 secs] [Times: user=0.03 sys=0.00, real=0.00 secs] 
2014-07-10T09:57:57.752+0200: 23.900: [GC (Allocation Failure) 23.900: [ParNew: 9745K->1059K(9792K), 0.0034547 secs] 19160K->11819K(31680K), 0.0037040 secs] [Times: user=0.00 sys=0.00, real=0.00 secs] 
2014-07-10T09:57:57.791+0200: 23.939: [GC (Allocation Failure) 23.939: [ParNew: 9745K->1059K(9792K), 0.0015787 secs] 20506K->13645K(31680K), 0.0017374 secs] [Times: user=0.03 sys=0.00, real=0.00 secs] 
2014-07-10T09:57:57.844+0200: 23.991: [GC (Allocation Failure) 23.992: [ParNew: 9745K->1059K(9792K), 0.0041564 secs] 22332K->15951K(31680K), 0.0044662 secs] [Times: user=0.00 sys=0.00, real=0.00 secs] 
2014-07-10T09:57:57.856+0200: 24.004: [GC (Allocation Failure) 24.005: [ParNew: 9745K->1059K(9792K), 0.0026412 secs] 24638K->18738K(31680K), 0.0028417 secs] [Times: user=0.00 sys=0.00, real=0.00 secs] 
2014-07-10T09:57:57.860+0200: 24.008: [GC (CMS Initial Mark) [1 CMS-initial-mark: 17678K(21888K)] 18804K(31680K), 0.0001888 secs] [Times: user=0.00 sys=0.00, real=0.00 secs] 
2014-07-10T09:57:57.860+0200: 24.008: [CMS-concurrent-mark-start]
2014-07-10T09:57:57.861+0200: 24.009: [CMS-concurrent-mark: 0.001/0.001 secs] [Times: user=0.00 sys=0.00, real=0.00 secs] 
2014-07-10T09:57:57.861+0200: 24.009: [CMS-concurrent-preclean-start]
2014-07-10T09:57:57.861+0200: 24.009: [CMS-concurrent-preclean: 0.000/0.000 secs] [Times: user=0.00 sys=0.00, real=0.00 secs] 
2014-07-10T09:57:57.861+0200: 24.009: [CMS-concurrent-abortable-preclean-start]
2014-07-10T09:57:57.891+0200: 24.039: [GC (Allocation Failure) 24.039: [ParNew: 9762K->1059K(9792K), 0.0014449 secs] 27441K->20340K(31680K), 0.0015963 secs] [Times: user=0.00 sys=0.00, real=0.00 secs] 
2014-07-10T09:57:57.942+0200: 24.090: [GC (Allocation Failure) 24.090: [ParNew: 9745K->9745K(9792K), 0.0000473 secs]24.090: [CMS2014-07-10T09:57:57.942+0200: 24.090: [CMS-concurrent-abortable-preclean: 0.000/0.081 secs] [Times: user=0.00 sys=0.00, real=0.08 secs] 
 (concurrent mode failure): 19280K->3512K(21888K), 0.0078304 secs] 29026K->3512K(31680K), [Metaspace: 2457K->2457K(1056768K)], 0.0081120 secs] [Times: user=0.01 sys=0.00, real=0.01 secs] 
2014-07-10T09:57:57.956+0200: 24.104: [GC (Allocation Failure) 24.104: [ParNew: 8686K->1059K(9792K), 0.0050935 secs] 12198K->7137K(31680K), 0.0053821 secs] [Times: user=0.00 sys=0.00, real=0.01 secs] 
2014-07-10T09:57:57.994+0200: 24.142: [GC (Allocation Failure) 24.142: [ParNew: 9745K->1059K(9792K), 0.0049648 secs] 15823K->10180K(31680K), 0.0052240 secs] [Times: user=0.03 sys=0.00, real=0.01 secs] 
2014-07-10T09:57:58.043+0200: 24.191: [GC (Allocation Failure) 24.192: [ParNew: 9745K->1059K(9792K), 0.0056640 secs] 18866K->13702K(31680K), 0.0059624 secs] [Times: user=0.00 sys=0.00, real=0.01 secs] 
2014-07-10T09:57:58.050+0200: 24.198: [GC (CMS Initial Mark) [1 CMS-initial-mark: 12643K(21888K)] 13768K(31680K), 0.0004180 secs] [Times: user=0.00 sys=0.00, real=0.00 secs] 
2014-07-10T09:57:58.050+0200: 24.198: [CMS-concurrent-mark-start]
2014-07-10T09:57:58.052+0200: 24.200: [CMS-concurrent-mark: 0.002/0.002 secs] [Times: user=0.00 sys=0.00, real=0.00 secs] 
2014-07-10T09:57:58.052+0200: 24.200: [CMS-concurrent-preclean-start]
2014-07-10T09:57:58.053+0200: 24.201: [CMS-concurrent-preclean: 0.000/0.000 secs] [Times: user=0.00 sys=0.00, real=0.00 secs] 
2014-07-10T09:57:58.053+0200: 24.201: [CMS-concurrent-abortable-preclean-start]
2014-07-10T09:57:58.057+0200: 24.205: [GC (Allocation Failure) 24.205: [ParNew: 9745K->1059K(9792K), 0.0069549 secs] 22389K->17705K(31680K), 0.0071540 secs] [Times: user=0.03 sys=0.00, real=0.01 secs] 
2014-07-10T09:57:58.093+0200: 24.241: [GC (Allocation Failure) 24.241: [ParNew: 9745K->1059K(9792K), 0.0043093 secs] 26392K->22189K(31680K), 0.0044747 secs] [Times: user=0.00 sys=0.00, real=0.00 secs] 
2014-07-10T09:57:58.097+0200: 24.245: [CMS-concurrent-abortable-preclean: 0.001/0.045 secs] [Times: user=0.03 sys=0.00, real=0.04 secs] 
2014-07-10T09:57:58.098+0200: 24.246: [GC (CMS Final Remark) [YG occupancy: 1797 K (9792 K)]24.246: [Rescan (parallel) , 0.0002156 secs]24.246: [weak refs processing, 0.0000374 secs]24.246: [class unloading, 0.0005877 secs]24.247: [scrub symbol table, 0.0007347 secs]24.247: [scrub string table, 0.0002317 secs][1 CMS-remark: 21129K(21888K)] 22927K(31680K), 0.0019933 secs] [Times: user=0.00 sys=0.00, real=0.00 secs] 
2014-07-10T09:57:58.100+0200: 24.248: [CMS-concurrent-sweep-start]
2014-07-10T09:57:58.100+0200: 24.248: [CMS-concurrent-sweep: 0.000/0.000 secs] [Times: user=0.00 sys=0.00, real=0.00 secs] 
2014-07-10T09:57:58.100+0200: 24.248: [CMS-concurrent-reset-start]
2014-07-10T09:57:58.101+0200: 24.249: [CMS-concurrent-reset: 0.000/0.000 secs] [Times: user=0.00 sys=0.00, real=0.00 secs] 
2014-07-10T09:57:58.142+0200: 24.290: [GC (Allocation Failure) 24.290: [ParNew: 9757K->1061K(9792K), 0.0033737 secs] 22143K->16874K(31680K), 0.0035394 secs] [Times: user=0.00 sys=0.00, real=0.00 secs] 
2014-07-10T09:57:58.146+0200: 24.294: [GC (CMS Initial Mark) [1 CMS-initial-mark: 15812K(21888K)] 17228K(31680K), 0.0002123 secs] [Times: user=0.00 sys=0.00, real=0.00 secs] 
2014-07-10T09:57:58.147+0200: 24.295: [CMS-concurrent-mark-start]
2014-07-10T09:57:58.148+0200: 24.296: [CMS-concurrent-mark: 0.001/0.001 secs] [Times: user=0.00 sys=0.00, real=0.00 secs] 
2014-07-10T09:57:58.148+0200: 24.296: [CMS-concurrent-preclean-start]
2014-07-10T09:57:58.148+0200: 24.296: [CMS-concurrent-preclean: 0.000/0.000 secs] [Times: user=0.00 sys=0.00, real=0.00 secs] 
2014-07-10T09:57:58.148+0200: 24.296: [CMS-concurrent-abortable-preclean-start]
2014-07-10T09:57:58.151+0200: 24.299: [GC (Allocation Failure) 24.299: [ParNew: 9747K->1059K(9792K), 0.0039346 secs] 25560K->20780K(31680K), 0.0040882 secs] [Times: user=0.03 sys=0.00, real=0.00 secs] 
2014-07-10T09:57:58.156+0200: 24.304: [CMS-concurrent-abortable-preclean: 0.001/0.008 secs] [Times: user=0.03 sys=0.00, real=0.01 secs] 
2014-07-10T09:57:58.156+0200: 24.304: [GC (CMS Final Remark) [YG occupancy: 3078 K (9792 K)]24.304: [Rescan (parallel) , 0.0001034 secs]24.304: [weak refs processing, 0.0000275 secs]24.304: [class unloading, 0.0005393 secs]24.304: [scrub symbol table, 0.0006640 secs]24.305: [scrub string table, 0.0001884 secs][1 CMS-remark: 19721K(21888K)] 22799K(31680K), 0.0016681 secs] [Times: user=0.00 sys=0.00, real=0.00 secs] 
2014-07-10T09:57:58.158+0200: 24.305: [CMS-concurrent-sweep-start]
2014-07-10T09:57:58.158+0200: 24.306: [CMS-concurrent-sweep: 0.000/0.000 secs] [Times: user=0.00 sys=0.00, real=0.00 secs] 
2014-07-10T09:57:58.158+0200: 24.306: [CMS-concurrent-reset-start]
2014-07-10T09:57:58.158+0200: 24.306: [CMS-concurrent-reset: 0.000/0.000 secs] [Times: user=0.00 sys=0.00, real=0.00 secs] 
2014-07-10T09:57:58.192+0200: 24.340: [GC (Allocation Failure) 24.340: [ParNew: 9745K->1059K(9792K), 0.0042316 secs] 17457K->13158K(31680K), 0.0043841 secs] [Times: user=0.00 sys=0.00, real=0.01 secs] 
2014-07-10T09:57:58.197+0200: 24.345: [GC (CMS Initial Mark) [1 CMS-initial-mark: 12098K(21888K)] 13352K(31680K), 0.0001994 secs] [Times: user=0.00 sys=0.00, real=0.00 secs] 
2014-07-10T09:57:58.197+0200: 24.345: [CMS-concurrent-mark-start]
2014-07-10T09:57:58.198+0200: 24.346: [CMS-concurrent-mark: 0.001/0.001 secs] [Times: user=0.00 sys=0.00, real=0.00 secs] 
2014-07-10T09:57:58.198+0200: 24.346: [CMS-concurrent-preclean-start]
2014-07-10T09:57:58.198+0200: 24.346: [CMS-concurrent-preclean: 0.000/0.000 secs] [Times: user=0.00 sys=0.00, real=0.00 secs] 
2014-07-10T09:57:58.198+0200: 24.346: [CMS-concurrent-abortable-preclean-start]
2014-07-10T09:57:58.242+0200: 24.390: [GC (Allocation Failure) 24.390: [ParNew: 9745K->1059K(9792K), 0.0069102 secs] 21844K->18025K(31680K), 0.0071257 secs] [Times: user=0.02 sys=0.00, real=0.01 secs] 
2014-07-10T09:57:58.256+0200: 24.404: [GC (Allocation Failure) 24.404: [ParNew: 9745K->9745K(9792K), 0.0001302 secs]24.405: [CMS2014-07-10T09:57:58.257+0200: 24.405: [CMS-concurrent-abortable-preclean: 0.002/0.059 secs] [Times: user=0.02 sys=0.00, real=0.06 secs] 
 (concurrent mode failure): 16966K->6778K(21888K), 0.0140938 secs] 26711K->6778K(31680K), [Metaspace: 2457K->2457K(1056768K)], 0.0145466 secs] [Times: user=0.01 sys=0.00, real=0.01 secs] 
2014-07-10T09:57:58.293+0200: 24.441: [GC (Allocation Failure) 24.442: [ParNew: 8686K->1059K(9792K), 0.0056317 secs] 15465K->13669K(31680K), 0.0058132 secs] [Times: user=0.00 sys=0.00, real=0.01 secs] 
2014-07-10T09:57:58.300+0200: 24.448: [GC (CMS Initial Mark) [1 CMS-initial-mark: 12609K(21888K)] 14599K(31680K), 0.0002746 secs] [Times: user=0.00 sys=0.00, real=0.00 secs] 
2014-07-10T09:57:58.300+0200: 24.448: [CMS-concurrent-mark-start]
2014-07-10T09:57:58.301+0200: 24.449: [CMS-concurrent-mark: 0.001/0.001 secs] [Times: user=0.00 sys=0.00, real=0.00 secs] 
2014-07-10T09:57:58.301+0200: 24.449: [CMS-concurrent-preclean-start]
2014-07-10T09:57:58.301+0200: 24.449: [CMS-concurrent-preclean: 0.000/0.000 secs] [Times: user=0.00 sys=0.00, real=0.00 secs] 
2014-07-10T09:57:58.301+0200: 24.449: [GC (CMS Final Remark) [YG occupancy: 2374 K (9792 K)]24.449: [Rescan (parallel) , 0.0001210 secs]24.450: [weak refs processing, 0.0000370 secs]24.450: [class unloading, 0.0005294 secs]24.450: [scrub symbol table, 0.0009683 secs]24.451: [scrub string table, 0.0002321 secs][1 CMS-remark: 12609K(21888K)] 14984K(31680K), 0.0021085 secs] [Times: user=0.00 sys=0.00, real=0.00 secs] 
2014-07-10T09:57:58.304+0200: 24.452: [CMS-concurrent-sweep-start]
2014-07-10T09:57:58.304+0200: 24.452: [CMS-concurrent-sweep: 0.000/0.000 secs] [Times: user=0.00 sys=0.00, real=0.00 secs] 
2014-07-10T09:57:58.304+0200: 24.452: [CMS-concurrent-reset-start]
2014-07-10T09:57:58.304+0200: 24.452: [CMS-concurrent-reset: 0.000/0.000 secs] [Times: user=0.00 sys=0.00, real=0.00 secs] 
2014-07-10T09:57:58.344+0200: 24.491: [GC (Allocation Failure) 24.491: [ParNew: 9745K->1059K(9792K), 0.0059668 secs] 15950K->13572K(31680K), 0.0061479 secs] [Times: user=0.00 sys=0.00, real=0.01 secs] 
2014-07-10T09:57:58.351+0200: 24.498: [GC (CMS Initial Mark) [1 CMS-initial-mark: 12512K(21888K)] 13894K(31680K), 0.0002929 secs] [Times: user=0.00 sys=0.00, real=0.00 secs] 
2014-07-10T09:57:58.351+0200: 24.498: [CMS-concurrent-mark-start]
2014-07-10T09:57:58.352+0200: 24.499: [CMS-concurrent-mark: 0.001/0.001 secs] [Times: user=0.00 sys=0.00, real=0.00 secs] 
2014-07-10T09:57:58.352+0200: 24.499: [CMS-concurrent-preclean-start]
2014-07-10T09:57:58.352+0200: 24.499: [CMS-concurrent-preclean: 0.000/0.000 secs] [Times: user=0.00 sys=0.00, real=0.00 secs] 
2014-07-10T09:57:58.352+0200: 24.499: [CMS-concurrent-abortable-preclean-start]
2014-07-10T09:57:58.355+0200: 24.502: [GC (Allocation Failure) 24.502: [ParNew: 9745K->1059K(9792K), 0.0069666 secs] 22258K->20360K(31680K), 0.0071701 secs] [Times: user=0.03 sys=0.00, real=0.01 secs] 
2014-07-10T09:57:58.364+0200: 24.511: [CMS-concurrent-abortable-preclean: 0.001/0.012 secs] [Times: user=0.03 sys=0.00, real=0.01 secs] 
2014-07-10T09:57:58.364+0200: 24.511: [GC (CMS Final Remark) [YG occupancy: 2961 K (9792 K)]24.511: [Rescan (parallel) , 0.0001499 secs]24.511: [weak refs processing, 0.0000440 secs]24.512: [class unloading, 0.0005320 secs]24.512: [scrub symbol table, 0.0006233 secs]24.513: [scrub string table, 0.0002009 secs][1 CMS-remark: 19301K(21888K)] 22262K(31680K), 0.0017312 secs] [Times: user=0.00 sys=0.00, real=0.00 secs] 
2014-07-10T09:57:58.371+0200: 24.518: [CMS-concurrent-sweep-start]
2014-07-10T09:57:58.371+0200: 24.518: [CMS-concurrent-sweep: 0.000/0.000 secs] [Times: user=0.00 sys=0.00, real=0.00 secs] 
2014-07-10T09:57:58.371+0200: 24.518: [CMS-concurrent-reset-start]
2014-07-10T09:57:58.371+0200: 24.518: [CMS-concurrent-reset: 0.000/0.000 secs] [Times: user=0.00 sys=0.00, real=0.00 secs] 
2014-07-10T09:57:58.393+0200: 24.540: [GC (Allocation Failure) 24.540: [ParNew: 9757K->9757K(9792K), 0.0000543 secs]24.540: [CMS: 13473K->7163K(21888K), 0.0072368 secs] 23230K->7163K(31680K), [Metaspace: 2457K->2457K(1056768K)], 0.0074733 secs] [Times: user=0.00 sys=0.00, real=0.01 secs] 
2014-07-10T09:57:58.443+0200: 24.590: [GC (Allocation Failure) 24.590: [ParNew: 8686K->1059K(9792K), 0.0055800 secs] 15849K->14438K(31680K), 0.0057483 secs] [Times: user=0.00 sys=0.02, real=0.01 secs] 
2014-07-10T09:57:58.449+0200: 24.596: [GC (CMS Initial Mark) [1 CMS-initial-mark: 13378K(21888K)] 14470K(31680K), 0.0001840 secs] [Times: user=0.00 sys=0.00, real=0.00 secs] 
2014-07-10T09:57:58.449+0200: 24.596: [CMS-concurrent-mark-start]
2014-07-10T09:57:58.450+0200: 24.597: [CMS-concurrent-mark: 0.001/0.001 secs] [Times: user=0.00 sys=0.00, real=0.00 secs] 
2014-07-10T09:57:58.450+0200: 24.597: [CMS-concurrent-preclean-start]
2014-07-10T09:57:58.450+0200: 24.597: [CMS-concurrent-preclean: 0.000/0.000 secs] [Times: user=0.00 sys=0.00, real=0.00 secs] 
2014-07-10T09:57:58.450+0200: 24.597: [GC (CMS Final Remark) [YG occupancy: 3464 K (9792 K)]24.597: [Rescan (parallel) , 0.0001133 secs]24.597: [weak refs processing, 0.0000271 secs]24.597: [class unloading, 0.0004568 secs]24.598: [scrub symbol table, 0.0005503 secs]24.598: [scrub string table, 0.0001980 secs][1 CMS-remark: 13378K(21888K)] 16843K(31680K), 0.0014636 secs] [Times: user=0.00 sys=0.00, real=0.00 secs] 
2014-07-10T09:57:58.452+0200: 24.599: [CMS-concurrent-sweep-start]
2014-07-10T09:57:58.452+0200: 24.599: [CMS-concurrent-sweep: 0.000/0.000 secs] [Times: user=0.00 sys=0.00, real=0.00 secs] 
2014-07-10T09:57:58.452+0200: 24.599: [CMS-concurrent-reset-start]
2014-07-10T09:57:58.452+0200: 24.599: [CMS-concurrent-reset: 0.000/0.000 secs] [Times: user=0.00 sys=0.00, real=0.00 secs] 
2014-07-10T09:57:58.454+0200: 24.601: [GC (Allocation Failure) 24.601: [ParNew: 9745K->1059K(9792K), 0.0057997 secs] 16336K->14342K(31680K), 0.0059225 secs] [Times: user=0.00 sys=0.00, real=0.01 secs] 
2014-07-10T09:57:58.460+0200: 24.607: [GC (CMS Initial Mark) [1 CMS-initial-mark: 13282K(21888K)] 14374K(31680K), 0.0002163 secs] [Times: user=0.00 sys=0.00, real=0.00 secs] 
2014-07-10T09:57:58.460+0200: 24.607: [CMS-concurrent-mark-start]
2014-07-10T09:57:58.461+0200: 24.608: [CMS-concurrent-mark: 0.001/0.001 secs] [Times: user=0.00 sys=0.00, real=0.00 secs] 
2014-07-10T09:57:58.461+0200: 24.608: [CMS-concurrent-preclean-start]
2014-07-10T09:57:58.461+0200: 24.608: [CMS-concurrent-preclean: 0.000/0.000 secs] [Times: user=0.00 sys=0.00, real=0.00 secs] 
2014-07-10T09:57:58.461+0200: 24.608: [GC (CMS Final Remark) [YG occupancy: 1509 K (9792 K)]24.608: [Rescan (parallel) , 0.0000950 secs]24.608: [weak refs processing, 0.0000264 secs]24.608: [class unloading, 0.0004341 secs]24.609: [scrub symbol table, 0.0006926 secs]24.609: [scrub string table, 0.0002383 secs][1 CMS-remark: 13282K(21888K)] 14792K(31680K), 0.0016080 secs] [Times: user=0.00 sys=0.00, real=0.00 secs] 
2014-07-10T09:57:58.463+0200: 24.610: [CMS-concurrent-sweep-start]
2014-07-10T09:57:58.463+0200: 24.610: [CMS-concurrent-sweep: 0.000/0.000 secs] [Times: user=0.00 sys=0.00, real=0.00 secs] 
2014-07-10T09:57:58.463+0200: 24.610: [CMS-concurrent-reset-start]
2014-07-10T09:57:58.463+0200: 24.610: [CMS-concurrent-reset: 0.000/0.000 secs] [Times: user=0.00 sys=0.00, real=0.00 secs] 
2014-07-10T09:57:58.541+0200: 24.688: [GC (Allocation Failure) 24.688: [ParNew: 9747K->37K(9792K), 0.0010518 secs] 16817K->7107K(31680K), 0.0012546 secs] [Times: user=0.00 sys=0.00, real=0.00 secs] 
2014-07-10T09:57:58.547+0200: 24.694: [GC (Allocation Failure) 24.694: [ParNew: 8723K->518K(9792K), 0.0008795 secs] 15793K->7588K(31680K), 0.0010013 secs] [Times: user=0.00 sys=0.00, real=0.00 secs] 
2014-07-10T09:57:58.591+0200: 24.738: [GC (Allocation Failure) 24.738: [ParNew: 9204K->998K(9792K), 0.0009008 secs] 16275K->8069K(31680K), 0.0010082 secs] [Times: user=0.00 sys=0.00, real=0.00 secs] 
2014-07-10T09:57:58.641+0200: 24.788: [GC (Allocation Failure) 24.788: [ParNew: 9690K->453K(9792K), 0.0007758 secs] 16760K->7528K(31680K), 0.0009144 secs] [Times: user=0.00 sys=0.00, real=0.00 secs] 
2014-07-10T09:57:58.645+0200: 24.792: [GC (Allocation Failure) 24.792: [ParNew: 9139K->933K(9792K), 0.0011959 secs] 16214K->8008K(31680K), 0.0013660 secs] [Times: user=0.00 sys=0.00, real=0.00 secs] 
2014-07-10T09:57:58.691+0200: 24.839: [GC (Allocation Failure) 24.839: [ParNew: 9619K->1059K(9792K), 0.0011835 secs] 16694K->8489K(31680K), 0.0013085 secs] [Times: user=0.00 sys=0.00, real=0.00 secs] 
2014-07-10T09:57:58.742+0200: 24.889: [GC (Allocation Failure) 24.889: [ParNew: 9745K->1059K(9792K), 0.0012913 secs] 17175K->9322K(31680K), 0.0014170 secs] [Times: user=0.00 sys=0.00, real=0.00 secs] 
2014-07-10T09:57:58.747+0200: 24.894: [GC (Allocation Failure) 24.894: [ParNew: 9745K->1059K(9792K), 0.0019325 secs] 18009K->10636K(31680K), 0.0020821 secs] [Times: user=0.00 sys=0.00, real=0.00 secs] 
2014-07-10T09:57:58.793+0200: 24.940: [GC (Allocation Failure) 24.940: [ParNew: 9745K->1059K(9792K), 0.0034712 secs] 19322K->12430K(31680K), 0.0037425 secs] [Times: user=0.00 sys=0.00, real=0.00 secs] 
2014-07-10T09:57:58.843+0200: 24.990: [GC (Allocation Failure) 24.990: [ParNew: 9745K->1059K(9792K), 0.0036461 secs] 21116K->14704K(31680K), 0.0039024 secs] [Times: user=0.00 sys=0.00, real=0.00 secs] 
2014-07-10T09:57:58.854+0200: 25.001: [GC (Allocation Failure) 25.001: [ParNew: 9762K->1061K(9792K), 0.0031992 secs] 23408K->15796K(31680K), 0.0034532 secs] [Times: user=0.03 sys=0.00, real=0.00 secs] 
2014-07-10T09:57:58.892+0200: 25.039: [GC (Allocation Failure) 25.039: [ParNew: 9753K->1059K(9792K), 0.0024351 secs] 24488K->16853K(31680K), 0.0026544 secs] [Times: user=0.00 sys=0.00, real=0.00 secs] 
2014-07-10T09:57:58.942+0200: 25.089: [GC (Allocation Failure) 25.089: [ParNew: 9745K->1059K(9792K), 0.0026672 secs] 25539K->18391K(31680K), 0.0028894 secs] [Times: user=0.00 sys=0.00, real=0.00 secs] 
2014-07-10T09:57:58.953+0200: 25.100: [GC (Allocation Failure) 25.100: [ParNew: 9745K->1059K(9792K), 0.0036248 secs] 27078K->20410K(31680K), 0.0038888 secs] [Times: user=0.00 sys=0.00, real=0.00 secs] 
2014-07-10T09:57:58.957+0200: 25.104: [GC (CMS Initial Mark) [1 CMS-initial-mark: 19350K(21888K)] 20476K(31680K), 0.0004495 secs] [Times: user=0.00 sys=0.00, real=0.00 secs] 
2014-07-10T09:57:58.958+0200: 25.105: [CMS-concurrent-mark-start]
2014-07-10T09:57:58.960+0200: 25.107: [CMS-concurrent-mark: 0.002/0.002 secs] [Times: user=0.00 sys=0.00, real=0.00 secs] 
2014-07-10T09:57:58.960+0200: 25.107: [CMS-concurrent-preclean-start]
2014-07-10T09:57:58.960+0200: 25.107: [CMS-concurrent-preclean: 0.000/0.000 secs] [Times: user=0.00 sys=0.00, real=0.00 secs] 
2014-07-10T09:57:58.960+0200: 25.107: [CMS-concurrent-abortable-preclean-start]
2014-07-10T09:57:58.992+0200: 25.139: [GC (Allocation Failure) 25.139: [ParNew (promotion failed): 9745K->9745K(9792K), 0.0021440 secs]25.141: [CMS2014-07-10T09:57:58.995+0200: 25.142: [CMS-concurrent-abortable-preclean: 0.000/0.034 secs] [Times: user=0.01 sys=0.00, real=0.03 secs] 
 (concurrent mode failure): 21720K->3931K(21888K), 0.0056977 secs] 29096K->3931K(31680K), [Metaspace: 2457K->2457K(1056768K)], 0.0080757 secs] [Times: user=0.01 sys=0.00, real=0.01 secs] 
2014-07-10T09:57:59.042+0200: 25.189: [GC (Allocation Failure) 25.189: [ParNew: 8686K->1059K(9792K), 0.0026474 secs] 12618K->7972K(31680K), 0.0028135 secs] [Times: user=0.00 sys=0.00, real=0.00 secs] 
2014-07-10T09:57:59.049+0200: 25.196: [GC (Allocation Failure) 25.196: [ParNew: 9745K->1059K(9792K), 0.0039060 secs] 16659K->11431K(31680K), 0.0040849 secs] [Times: user=0.00 sys=0.00, real=0.00 secs] 
2014-07-10T09:57:59.093+0200: 25.240: [GC (Allocation Failure) 25.240: [ParNew: 9749K->1059K(9792K), 0.0027724 secs] 20121K->14346K(31680K), 0.0029917 secs] [Times: user=0.00 sys=0.00, real=0.00 secs] 
2014-07-10T09:57:59.142+0200: 25.289: [GC (Allocation Failure) 25.289: [ParNew: 9745K->1059K(9792K), 0.0038492 secs] 23032K->17741K(31680K), 0.0040072 secs] [Times: user=0.00 sys=0.00, real=0.00 secs] 
2014-07-10T09:57:59.146+0200: 25.293: [GC (CMS Initial Mark) [1 CMS-initial-mark: 16681K(21888K)] 17807K(31680K), 0.0002735 secs] [Times: user=0.00 sys=0.00, real=0.00 secs] 
2014-07-10T09:57:59.147+0200: 25.294: [CMS-concurrent-mark-start]
2014-07-10T09:57:59.148+0200: 25.295: [CMS-concurrent-mark: 0.001/0.001 secs] [Times: user=0.00 sys=0.00, real=0.00 secs] 
2014-07-10T09:57:59.148+0200: 25.295: [CMS-concurrent-preclean-start]
2014-07-10T09:57:59.148+0200: 25.295: [CMS-concurrent-preclean: 0.000/0.000 secs] [Times: user=0.00 sys=0.00, real=0.00 secs] 
2014-07-10T09:57:59.148+0200: 25.295: [CMS-concurrent-abortable-preclean-start]
2014-07-10T09:57:59.151+0200: 25.298: [GC (Allocation Failure) 25.298: [ParNew: 9745K->1059K(9792K), 0.0037968 secs] 26427K->21616K(31680K), 0.0039607 secs] [Times: user=0.00 sys=0.00, real=0.00 secs] 
2014-07-10T09:57:59.156+0200: 25.303: [CMS-concurrent-abortable-preclean: 0.001/0.008 secs] [Times: user=0.02 sys=0.00, real=0.01 secs] 
2014-07-10T09:57:59.157+0200: 25.304: [GC (CMS Final Remark) [YG occupancy: 4105 K (9792 K)]25.304: [Rescan (parallel) , 0.0001532 secs]25.304: [weak refs processing, 0.0000367 secs]25.304: [class unloading, 0.0007930 secs]25.305: [scrub symbol table, 0.0007780 secs]25.305: [scrub string table, 0.0002493 secs][1 CMS-remark: 20556K(21888K)] 24661K(31680K), 0.0021983 secs] [Times: user=0.00 sys=0.00, real=0.00 secs] 
2014-07-10T09:57:59.159+0200: 25.306: [CMS-concurrent-sweep-start]
2014-07-10T09:57:59.159+0200: 25.306: [CMS-concurrent-sweep: 0.000/0.000 secs] [Times: user=0.00 sys=0.00, real=0.00 secs] 
2014-07-10T09:57:59.159+0200: 25.306: [CMS-concurrent-reset-start]
2014-07-10T09:57:59.159+0200: 25.306: [CMS-concurrent-reset: 0.000/0.000 secs] [Times: user=0.00 sys=0.00, real=0.00 secs] 
2014-07-10T09:57:59.206+0200: 25.353: [GC (Allocation Failure) 25.353: [ParNew: 9745K->1059K(9792K), 0.0045722 secs] 17395K->13064K(31680K), 0.0047683 secs] [Times: user=0.00 sys=0.00, real=0.00 secs] 
2014-07-10T09:57:59.211+0200: 25.358: [GC (CMS Initial Mark) [1 CMS-initial-mark: 12004K(21888K)] 13130K(31680K), 0.0001653 secs] [Times: user=0.00 sys=0.00, real=0.00 secs] 
2014-07-10T09:57:59.211+0200: 25.358: [CMS-concurrent-mark-start]
2014-07-10T09:57:59.212+0200: 25.359: [CMS-concurrent-mark: 0.001/0.001 secs] [Times: user=0.00 sys=0.00, real=0.00 secs] 
2014-07-10T09:57:59.212+0200: 25.359: [CMS-concurrent-preclean-start]
2014-07-10T09:57:59.212+0200: 25.359: [CMS-concurrent-preclean: 0.000/0.000 secs] [Times: user=0.00 sys=0.00, real=0.00 secs] 
2014-07-10T09:57:59.212+0200: 25.359: [CMS-concurrent-abortable-preclean-start]
2014-07-10T09:57:59.258+0200: 25.405: [GC (Allocation Failure) 25.405: [ParNew: 9745K->1059K(9792K), 0.0511989 secs] 21750K->17899K(31680K), 0.0513481 secs] [Times: user=0.06 sys=0.00, real=0.05 secs] 
2014-07-10T09:57:59.314+0200: 25.461: [GC (Allocation Failure) 25.461: [ParNew: 9745K->9745K(9792K), 0.0000447 secs]25.461: [CMS2014-07-10T09:57:59.314+0200: 25.461: [CMS-concurrent-abortable-preclean: 0.000/0.102 secs] [Times: user=0.06 sys=0.00, real=0.10 secs] 
 (concurrent mode failure): 16840K->6749K(21888K), 0.0076126 secs] 26586K->6749K(31680K), [Metaspace: 2457K->2457K(1056768K)], 0.0078124 secs] [Times: user=0.00 sys=0.00, real=0.01 secs] 
2014-07-10T09:57:59.326+0200: 25.473: [GC (Allocation Failure) 25.473: [ParNew: 8686K->1059K(9792K), 0.0062323 secs] 15435K->13607K(31680K), 0.0063859 secs] [Times: user=0.00 sys=0.00, real=0.01 secs] 
2014-07-10T09:57:59.345+0200: 25.492: [GC (Allocation Failure) 25.492: [ParNew: 9745K->1059K(9792K), 0.0057153 secs] 22293K->19883K(31680K), 0.0058598 secs] [Times: user=0.00 sys=0.00, real=0.01 secs] 
2014-07-10T09:57:59.352+0200: 25.499: [GC (CMS Initial Mark) [1 CMS-initial-mark: 18824K(21888K)] 19949K(31680K), 0.0001708 secs] [Times: user=0.00 sys=0.00, real=0.00 secs] 
2014-07-10T09:57:59.352+0200: 25.499: [CMS-concurrent-mark-start]
2014-07-10T09:57:59.353+0200: 25.500: [CMS-concurrent-mark: 0.001/0.001 secs] [Times: user=0.00 sys=0.00, real=0.00 secs] 
2014-07-10T09:57:59.353+0200: 25.500: [CMS-concurrent-preclean-start]
2014-07-10T09:57:59.353+0200: 25.500: [CMS-concurrent-preclean: 0.000/0.000 secs] [Times: user=0.00 sys=0.00, real=0.00 secs] 
2014-07-10T09:57:59.353+0200: 25.500: [CMS-concurrent-abortable-preclean-start]
2014-07-10T09:57:59.353+0200: 25.500: [CMS-concurrent-abortable-preclean: 0.000/0.000 secs] [Times: user=0.00 sys=0.00, real=0.00 secs] 
2014-07-10T09:57:59.355+0200: 25.502: [GC (Allocation Failure) 25.502: [ParNew: 9745K->9745K(9792K), 0.0000429 secs]25.503: [CMS (concurrent mode failure): 18824K->8189K(21888K), 0.0090608 secs] 28570K->8189K(31680K), [Metaspace: 2457K->2457K(1056768K)], 0.0092584 secs] [Times: user=0.00 sys=0.00, real=0.01 secs] 
2014-07-10T09:57:59.434+0200: 25.581: [GC (Allocation Failure) 25.581: [ParNew: 8697K->1062K(9792K), 0.0046855 secs] 16887K->14954K(31680K), 0.0048450 secs] [Times: user=0.00 sys=0.00, real=0.00 secs] 
2014-07-10T09:57:59.475+0200: 25.622: [GC (Allocation Failure) 25.622: [ParNew: 9748K->9748K(9792K), 0.0000480 secs]25.622: [CMS: 13892K->7614K(21888K), 0.0084650 secs] 23641K->7614K(31680K), [Metaspace: 2457K->2457K(1056768K)], 0.0086766 secs] [Times: user=0.02 sys=0.00, real=0.01 secs] 
2014-07-10T09:57:59.491+0200: 25.638: [GC (Allocation Failure) 25.638: [ParNew: 8686K->1059K(9792K), 0.0360562 secs] 16300K->15337K(31680K), 0.0362299 secs] [Times: user=0.03 sys=0.00, real=0.04 secs] 
2014-07-10T09:57:59.565+0200: 25.712: [GC (Allocation Failure) 25.712: [ParNew: 9745K->9745K(9792K), 0.0000451 secs]25.712: [CMS: 14277K->379K(21888K), 0.0029106 secs] 24023K->379K(31680K), [Metaspace: 2457K->2457K(1056768K)], 0.0030940 secs] [Times: user=0.00 sys=0.00, real=0.00 secs] 
2014-07-10T09:57:59.571+0200: 25.718: [GC (Allocation Failure) 25.718: [ParNew: 8686K->483K(9792K), 0.0007651 secs] 9065K->862K(31680K), 0.0008616 secs] [Times: user=0.03 sys=0.00, real=0.00 secs] 
2014-07-10T09:57:59.591+0200: 25.738: [GC (Allocation Failure) 25.738: [ParNew: 9169K->965K(9792K), 0.0018159 secs] 9548K->1344K(31680K), 0.0019098 secs] [Times: user=0.00 sys=0.00, real=0.00 secs] 
2014-07-10T09:57:59.599+0200: 25.746: [GC (Allocation Failure) 25.746: [ParNew: 9668K->430K(9792K), 0.0005760 secs] 10047K->815K(31680K), 0.0006764 secs] [Times: user=0.00 sys=0.00, real=0.00 secs] 
2014-07-10T09:57:59.645+0200: 25.793: [GC (Allocation Failure) 25.793: [ParNew: 9110K->387K(9792K), 0.0031156 secs] 9495K->772K(31680K), 0.0032677 secs] [Times: user=0.00 sys=0.00, real=0.00 secs] 
2014-07-10T09:57:59.691+0200: 25.838: [GC (Allocation Failure) 25.838: [ParNew: 9073K->869K(9792K), 0.0006016 secs] 9459K->1255K(31680K), 0.0006885 secs] [Times: user=0.00 sys=0.00, real=0.00 secs] 
2014-07-10T09:57:59.741+0200: 25.888: [GC (Allocation Failure) 25.888: [ParNew: 9556K->1059K(9792K), 0.0009345 secs] 9941K->1737K(31680K), 0.0010441 secs] [Times: user=0.00 sys=0.00, real=0.00 secs] 
2014-07-10T09:57:59.747+0200: 25.894: [GC (Allocation Failure) 25.894: [ParNew: 9745K->1059K(9792K), 0.0013023 secs] 10423K->2506K(31680K), 0.0014159 secs] [Times: user=0.00 sys=0.00, real=0.00 secs] 
2014-07-10T09:57:59.791+0200: 25.938: [GC (Allocation Failure) 25.938: [ParNew: 9745K->1059K(9792K), 0.0012898 secs] 11192K->3756K(31680K), 0.0014001 secs] [Times: user=0.00 sys=0.00, real=0.00 secs] 
2014-07-10T09:57:59.841+0200: 25.988: [GC (Allocation Failure) 25.988: [ParNew: 9745K->1059K(9792K), 0.0014331 secs] 12442K->5486K(31680K), 0.0015714 secs] [Times: user=0.00 sys=0.00, real=0.00 secs] 
2014-07-10T09:57:59.849+0200: 25.996: [GC (Allocation Failure) 25.996: [ParNew: 9745K->1059K(9792K), 0.0023251 secs] 14172K->7696K(31680K), 0.0025048 secs] [Times: user=0.00 sys=0.00, real=0.00 secs] 
2014-07-10T09:57:59.891+0200: 26.038: [GC (Allocation Failure) 26.038: [ParNew: 9762K->1059K(9792K), 0.0012040 secs] 16399K->8722K(31680K), 0.0013188 secs] [Times: user=0.00 sys=0.00, real=0.00 secs] 
2014-07-10T09:57:59.941+0200: 26.088: [GC (Allocation Failure) 26.088: [ParNew: 9746K->1059K(9792K), 0.0013671 secs] 17408K->10229K(31680K), 0.0014896 secs] [Times: user=0.00 sys=0.00, real=0.00 secs] 
2014-07-10T09:57:59.948+0200: 26.095: [GC (Allocation Failure) 26.095: [ParNew: 9745K->1059K(9792K), 0.0019845 secs] 18916K->12215K(31680K), 0.0021356 secs] [Times: user=0.00 sys=0.00, real=0.00 secs] 
2014-07-10T09:57:59.993+0200: 26.140: [GC (Allocation Failure) 26.140: [ParNew: 9745K->1059K(9792K), 0.0023204 secs] 20902K->14682K(31680K), 0.0024549 secs] [Times: user=0.03 sys=0.00, real=0.00 secs] 
2014-07-10T09:58:00.042+0200: 26.189: [GC (Allocation Failure) 26.189: [ParNew: 9745K->1059K(9792K), 0.0026030 secs] 23368K->17628K(31680K), 0.0027618 secs] [Times: user=0.00 sys=0.00, real=0.00 secs] 
2014-07-10T09:58:00.045+0200: 26.192: [GC (CMS Initial Mark) [1 CMS-initial-mark: 16569K(21888K)] 17660K(31680K), 0.0001767 secs] [Times: user=0.00 sys=0.00, real=0.00 secs] 
2014-07-10T09:58:00.045+0200: 26.192: [CMS-concurrent-mark-start]
2014-07-10T09:58:00.046+0200: 26.193: [CMS-concurrent-mark: 0.001/0.001 secs] [Times: user=0.00 sys=0.00, real=0.00 secs] 
2014-07-10T09:58:00.046+0200: 26.193: [CMS-concurrent-preclean-start]
2014-07-10T09:58:00.046+0200: 26.193: [CMS-concurrent-preclean: 0.000/0.000 secs] [Times: user=0.00 sys=0.00, real=0.00 secs] 
2014-07-10T09:58:00.050+0200: 26.197: [GC (Allocation Failure) 26.197: [ParNew: 9745K->1059K(9792K), 0.0033158 secs] 26314K->21055K(31680K), 0.0035071 secs] [Times: user=0.00 sys=0.00, real=0.00 secs] 
2014-07-10T09:58:00.056+0200: 26.203: [GC (CMS Final Remark) [YG occupancy: 4777 K (9792 K)]26.203: [Rescan (parallel) , 0.0002119 secs]26.203: [weak refs processing, 0.0000315 secs]26.203: [class unloading, 0.0005463 secs]26.204: [scrub symbol table, 0.0005738 secs]26.204: [scrub string table, 0.0001961 secs][1 CMS-remark: 19995K(21888K)] 24773K(31680K), 0.0018496 secs] [Times: user=0.00 sys=0.00, real=0.00 secs] 
2014-07-10T09:58:00.058+0200: 26.205: [CMS-concurrent-sweep-start]
2014-07-10T09:58:00.058+0200: 26.205: [CMS-concurrent-sweep: 0.000/0.000 secs] [Times: user=0.00 sys=0.00, real=0.00 secs] 
2014-07-10T09:58:00.058+0200: 26.205: [CMS-concurrent-reset-start]
2014-07-10T09:58:00.058+0200: 26.205: [CMS-concurrent-reset: 0.000/0.000 secs] [Times: user=0.00 sys=0.00, real=0.00 secs] 
2014-07-10T09:58:00.100+0200: 26.247: [GC (Allocation Failure) 26.247: [ParNew: 9745K->1059K(9792K), 0.0037154 secs] 16501K->11722K(31680K), 0.0040692 secs] [Times: user=0.03 sys=0.00, real=0.00 secs] 
2014-07-10T09:58:00.145+0200: 26.292: [GC (Allocation Failure) 26.292: [ParNew: 9751K->1061K(9792K), 0.0038151 secs] 20414K->15087K(31680K), 0.0039662 secs] [Times: user=0.00 sys=0.00, real=0.00 secs] 
2014-07-10T09:58:00.154+0200: 26.302: [GC (CMS Initial Mark) [1 CMS-initial-mark: 14025K(21888K)] 15119K(31680K), 0.0001884 secs] [Times: user=0.00 sys=0.00, real=0.00 secs] 
2014-07-10T09:58:00.155+0200: 26.302: [CMS-concurrent-mark-start]
2014-07-10T09:58:00.155+0200: 26.303: [CMS-concurrent-mark: 0.001/0.001 secs] [Times: user=0.00 sys=0.00, real=0.00 secs] 
2014-07-10T09:58:00.156+0200: 26.303: [CMS-concurrent-preclean-start]
2014-07-10T09:58:00.156+0200: 26.303: [CMS-concurrent-preclean: 0.000/0.000 secs] [Times: user=0.00 sys=0.00, real=0.00 secs] 
2014-07-10T09:58:00.156+0200: 26.303: [CMS-concurrent-abortable-preclean-start]
2014-07-10T09:58:00.159+0200: 26.306: [GC (Allocation Failure) 26.306: [ParNew: 9747K->1059K(9792K), 0.0040582 secs] 23773K->18928K(31680K), 0.0042917 secs] [Times: user=0.00 sys=0.00, real=0.00 secs] 
2014-07-10T09:58:00.193+0200: 26.340: [GC (Allocation Failure) 26.341: [ParNew: 9745K->9745K(9792K), 0.0000623 secs]26.341: [CMS2014-07-10T09:58:00.194+0200: 26.341: [CMS-concurrent-abortable-preclean: 0.001/0.038 secs] [Times: user=0.00 sys=0.00, real=0.04 secs] 
 (concurrent mode failure): 17869K->5759K(21888K), 0.0070645 secs] 27615K->5759K(31680K), [Metaspace: 2457K->2457K(1056768K)], 0.0072959 secs] [Times: user=0.02 sys=0.00, real=0.01 secs] 
2014-07-10T09:58:00.244+0200: 26.391: [GC (Allocation Failure) 26.391: [ParNew: 8686K->1059K(9792K), 0.0085079 secs] 14445K->11625K(31680K), 0.0086788 secs] [Times: user=0.00 sys=0.00, real=0.01 secs] 
2014-07-10T09:58:00.257+0200: 26.404: [GC (Allocation Failure) 26.404: [ParNew: 9745K->1059K(9792K), 0.0045902 secs] 20311K->16909K(31680K), 0.0047595 secs] [Times: user=0.03 sys=0.00, real=0.01 secs] 
2014-07-10T09:58:00.262+0200: 26.409: [GC (CMS Initial Mark) [1 CMS-initial-mark: 15849K(21888K)] 16975K(31680K), 0.0001741 secs] [Times: user=0.00 sys=0.00, real=0.00 secs] 
2014-07-10T09:58:00.262+0200: 26.409: [CMS-concurrent-mark-start]
2014-07-10T09:58:00.263+0200: 26.410: [CMS-concurrent-mark: 0.001/0.001 secs] [Times: user=0.00 sys=0.00, real=0.00 secs] 
2014-07-10T09:58:00.263+0200: 26.410: [CMS-concurrent-preclean-start]
2014-07-10T09:58:00.263+0200: 26.410: [CMS-concurrent-preclean: 0.000/0.000 secs] [Times: user=0.00 sys=0.00, real=0.00 secs] 
2014-07-10T09:58:00.265+0200: 26.412: [GC (CMS Final Remark) [YG occupancy: 2918 K (9792 K)]26.413: [Rescan (parallel) , 0.0003391 secs]26.413: [weak refs processing, 0.0000297 secs]26.413: [class unloading, 0.0004337 secs]26.413: [scrub symbol table, 0.0005822 secs]26.414: [scrub string table, 0.0001686 secs][1 CMS-remark: 15849K(21888K)] 18768K(31680K), 0.0017151 secs] [Times: user=0.00 sys=0.00, real=0.00 secs] 
2014-07-10T09:58:00.267+0200: 26.414: [CMS-concurrent-sweep-start]
2014-07-10T09:58:00.268+0200: 26.415: [CMS-concurrent-sweep: 0.000/0.000 secs] [Times: user=0.00 sys=0.00, real=0.00 secs] 
2014-07-10T09:58:00.268+0200: 26.415: [CMS-concurrent-reset-start]
2014-07-10T09:58:00.268+0200: 26.415: [CMS-concurrent-reset: 0.000/0.000 secs] [Times: user=0.00 sys=0.00, real=0.00 secs] 
2014-07-10T09:58:00.294+0200: 26.441: [GC (Allocation Failure) 26.441: [ParNew: 9745K->1059K(9792K), 0.0051045 secs] 15412K->12489K(31680K), 0.0053659 secs] [Times: user=0.00 sys=0.00, real=0.01 secs] 
2014-07-10T09:58:00.299+0200: 26.447: [GC (CMS Initial Mark) [1 CMS-initial-mark: 11430K(21888K)] 12521K(31680K), 0.0001837 secs] [Times: user=0.00 sys=0.00, real=0.00 secs] 
2014-07-10T09:58:00.300+0200: 26.447: [CMS-concurrent-mark-start]
2014-07-10T09:58:00.300+0200: 26.447: [CMS-concurrent-mark: 0.001/0.001 secs] [Times: user=0.00 sys=0.00, real=0.00 secs] 
2014-07-10T09:58:00.300+0200: 26.447: [CMS-concurrent-preclean-start]
2014-07-10T09:58:00.300+0200: 26.448: [CMS-concurrent-preclean: 0.000/0.000 secs] [Times: user=0.00 sys=0.00, real=0.00 secs] 
2014-07-10T09:58:00.301+0200: 26.448: [GC (CMS Final Remark) [YG occupancy: 2438 K (9792 K)]26.448: [Rescan (parallel) , 0.0000876 secs]26.448: [weak refs processing, 0.0000271 secs]26.448: [class unloading, 0.0004370 secs]26.448: [scrub symbol table, 0.0006720 secs]26.449: [scrub string table, 0.0001873 secs][1 CMS-remark: 11430K(21888K)] 13868K(31680K), 0.0015571 secs] [Times: user=0.00 sys=0.00, real=0.00 secs] 
2014-07-10T09:58:00.302+0200: 26.449: [CMS-concurrent-sweep-start]
2014-07-10T09:58:00.302+0200: 26.450: [CMS-concurrent-sweep: 0.000/0.000 secs] [Times: user=0.00 sys=0.00, real=0.00 secs] 
2014-07-10T09:58:00.302+0200: 26.450: [CMS-concurrent-reset-start]
2014-07-10T09:58:00.303+0200: 26.450: [CMS-concurrent-reset: 0.000/0.000 secs] [Times: user=0.00 sys=0.00, real=0.00 secs] 
2014-07-10T09:58:00.343+0200: 26.491: [GC (Allocation Failure) 26.491: [ParNew: 9745K->1059K(9792K), 0.0053344 secs] 15892K->13450K(31680K), 0.0054950 secs] [Times: user=0.00 sys=0.00, real=0.01 secs] 
2014-07-10T09:58:00.349+0200: 26.496: [GC (CMS Initial Mark) [1 CMS-initial-mark: 12390K(21888K)] 13482K(31680K), 0.0001991 secs] [Times: user=0.00 sys=0.00, real=0.00 secs] 
2014-07-10T09:58:00.350+0200: 26.497: [CMS-concurrent-mark-start]
2014-07-10T09:58:00.350+0200: 26.497: [CMS-concurrent-mark: 0.001/0.001 secs] [Times: user=0.00 sys=0.00, real=0.00 secs] 
2014-07-10T09:58:00.350+0200: 26.497: [CMS-concurrent-preclean-start]
2014-07-10T09:58:00.350+0200: 26.497: [CMS-concurrent-preclean: 0.000/0.000 secs] [Times: user=0.00 sys=0.00, real=0.00 secs] 
2014-07-10T09:58:00.350+0200: 26.498: [CMS-concurrent-abortable-preclean-start]
2014-07-10T09:58:00.354+0200: 26.501: [GC (Allocation Failure) 26.501: [ParNew: 9757K->1061K(9792K), 0.0044505 secs] 22147K->18639K(31680K), 0.0046037 secs] [Times: user=0.00 sys=0.00, real=0.00 secs] 
2014-07-10T09:58:00.393+0200: 26.540: [GC (Allocation Failure) 26.540: [ParNew: 9753K->9753K(9792K), 0.0000440 secs]26.541: [CMS2014-07-10T09:58:00.394+0200: 26.541: [CMS-concurrent-abortable-preclean: 0.001/0.043 secs] [Times: user=0.00 sys=0.00, real=0.04 secs] 
 (concurrent mode failure): 17578K->6593K(21888K), 0.0079418 secs] 27331K->6593K(31680K), [Metaspace: 2457K->2457K(1056768K)], 0.0081472 secs] [Times: user=0.02 sys=0.00, real=0.01 secs] 
2014-07-10T09:58:00.443+0200: 26.590: [GC (Allocation Failure) 26.590: [ParNew: 8686K->1059K(9792K), 0.0057109 secs] 15279K->13291K(31680K), 0.0058631 secs] [Times: user=0.03 sys=0.00, real=0.01 secs] 
2014-07-10T09:58:00.449+0200: 26.596: [GC (CMS Initial Mark) [1 CMS-initial-mark: 12231K(21888K)] 13357K(31680K), 0.0001661 secs] [Times: user=0.00 sys=0.00, real=0.00 secs] 
2014-07-10T09:58:00.449+0200: 26.596: [CMS-concurrent-mark-start]
2014-07-10T09:58:00.450+0200: 26.597: [CMS-concurrent-mark: 0.001/0.001 secs] [Times: user=0.00 sys=0.00, real=0.00 secs] 
2014-07-10T09:58:00.450+0200: 26.597: [CMS-concurrent-preclean-start]
2014-07-10T09:58:00.450+0200: 26.597: [CMS-concurrent-preclean: 0.000/0.000 secs] [Times: user=0.00 sys=0.00, real=0.00 secs] 
2014-07-10T09:58:00.450+0200: 26.597: [CMS-concurrent-abortable-preclean-start]
2014-07-10T09:58:00.453+0200: 26.600: [GC (Allocation Failure) 26.600: [ParNew: 9745K->1059K(9792K), 0.0052222 secs] 21977K->19407K(31680K), 0.0053689 secs] [Times: user=0.00 sys=0.00, real=0.00 secs] 
2014-07-10T09:58:00.494+0200: 26.641: [GC (Allocation Failure) 26.641: [ParNew: 9745K->9745K(9792K), 0.0000455 secs]26.641: [CMS2014-07-10T09:58:00.494+0200: 26.641: [CMS-concurrent-abortable-preclean: 0.001/0.044 secs] [Times: user=0.02 sys=0.00, real=0.04 secs] 
 (concurrent mode failure): 18348K->8033K(21888K), 0.0144865 secs] 28093K->8033K(31680K), [Metaspace: 2457K->2457K(1056768K)], 0.0147655 secs] [Times: user=0.01 sys=0.00, real=0.01 secs] 
2014-07-10T09:58:00.558+0200: 26.705: [GC (Allocation Failure) 26.705: [ParNew: 8686K->1059K(9792K), 0.0067408 secs] 16720K->16172K(31680K), 0.0069373 secs] [Times: user=0.00 sys=0.00, real=0.01 secs] 
2014-07-10T09:58:00.565+0200: 26.712: [GC (CMS Initial Mark) [1 CMS-initial-mark: 15113K(21888K)] 16238K(31680K), 0.0002548 secs] [Times: user=0.00 sys=0.00, real=0.00 secs] 
2014-07-10T09:58:00.566+0200: 26.713: [CMS-concurrent-mark-start]
2014-07-10T09:58:00.567+0200: 26.714: [CMS-concurrent-mark: 0.001/0.001 secs] [Times: user=0.00 sys=0.00, real=0.00 secs] 
2014-07-10T09:58:00.567+0200: 26.714: [CMS-concurrent-preclean-start]
2014-07-10T09:58:00.567+0200: 26.714: [CMS-concurrent-preclean: 0.000/0.000 secs] [Times: user=0.00 sys=0.00, real=0.00 secs] 
2014-07-10T09:58:00.567+0200: 26.714: [CMS-concurrent-abortable-preclean-start]
2014-07-10T09:58:00.591+0200: 26.738: [GC (Allocation Failure) 26.738: [ParNew: 9756K->9756K(9792K), 0.0000422 secs]26.738: [CMS2014-07-10T09:58:00.591+0200: 26.738: [CMS-concurrent-abortable-preclean: 0.000/0.024 secs] [Times: user=0.00 sys=0.00, real=0.02 secs] 
 (concurrent mode failure): 15113K->806K(21888K), 0.0044959 secs] 24869K->806K(31680K), [Metaspace: 2457K->2457K(1056768K)], 0.0046954 secs] [Times: user=0.00 sys=0.00, real=0.00 secs] 
2014-07-10T09:58:00.603+0200: 26.750: [GC (Allocation Failure) 26.750: [ParNew: 8681K->1059K(9792K), 0.0054187 secs] 9487K->8881K(31680K), 0.0055764 secs] [Times: user=0.00 sys=0.00, real=0.01 secs] 
2014-07-10T09:58:00.609+0200: 26.756: [GC (CMS Initial Mark) [1 CMS-initial-mark: 7821K(21888K)] 8979K(31680K), 0.0002071 secs] [Times: user=0.00 sys=0.00, real=0.00 secs] 
2014-07-10T09:58:00.609+0200: 26.756: [CMS-concurrent-mark-start]
2014-07-10T09:58:00.610+0200: 26.757: [CMS-concurrent-mark: 0.001/0.001 secs] [Times: user=0.00 sys=0.00, real=0.00 secs] 
2014-07-10T09:58:00.610+0200: 26.757: [CMS-concurrent-preclean-start]
2014-07-10T09:58:00.610+0200: 26.757: [CMS-concurrent-preclean: 0.000/0.000 secs] [Times: user=0.00 sys=0.00, real=0.00 secs] 
2014-07-10T09:58:00.611+0200: 26.758: [GC (CMS Final Remark) [YG occupancy: 1189 K (9792 K)]26.758: [Rescan (parallel) , 0.0000950 secs]26.758: [weak refs processing, 0.0000271 secs]26.758: [class unloading, 0.0004422 secs]26.758: [scrub symbol table, 0.0006214 secs]26.759: [scrub string table, 0.0001679 secs][1 CMS-remark: 7821K(21888K)] 9011K(31680K), 0.0014870 secs] [Times: user=0.00 sys=0.00, real=0.00 secs] 
2014-07-10T09:58:00.612+0200: 26.759: [CMS-concurrent-sweep-start]
2014-07-10T09:58:00.613+0200: 26.760: [CMS-concurrent-sweep: 0.000/0.000 secs] [Times: user=0.00 sys=0.00, real=0.00 secs] 
2014-07-10T09:58:00.613+0200: 26.760: [CMS-concurrent-reset-start]
2014-07-10T09:58:00.613+0200: 26.760: [CMS-concurrent-reset: 0.000/0.000 secs] [Times: user=0.00 sys=0.00, real=0.00 secs] 
2014-07-10T09:58:00.644+0200: 26.791: [GC (Allocation Failure) 26.791: [ParNew: 9747K->355K(9792K), 0.0007094 secs] 17143K->7751K(31680K), 0.0008128 secs] [Times: user=0.00 sys=0.00, real=0.00 secs] 
2014-07-10T09:58:00.691+0200: 26.838: [GC (Allocation Failure) 26.838: [ParNew: 9041K->837K(9792K), 0.0006075 secs] 16437K->8233K(31680K), 0.0006841 secs] [Times: user=0.00 sys=0.00, real=0.00 secs] 
2014-07-10T09:58:00.742+0200: 26.889: [GC (Allocation Failure) 26.889: [ParNew: 9523K->1059K(9792K), 0.0017774 secs] 16920K->8715K(31680K), 0.0019772 secs] [Times: user=0.00 sys=0.00, real=0.00 secs] 
2014-07-10T09:58:00.751+0200: 26.898: [GC (Allocation Failure) 26.898: [ParNew: 9745K->1059K(9792K), 0.0025268 secs] 17401K->9452K(31680K), 0.0027383 secs] [Times: user=0.00 sys=0.00, real=0.00 secs] 
2014-07-10T09:58:00.800+0200: 26.947: [GC (Allocation Failure) 26.947: [ParNew: 9745K->1059K(9792K), 0.0071606 secs] 18139K->10670K(31680K), 0.0072812 secs] [Times: user=0.00 sys=0.00, real=0.01 secs] 
2014-07-10T09:58:00.841+0200: 26.989: [GC (Allocation Failure) 26.989: [ParNew: 9745K->1059K(9792K), 0.0025151 secs] 19356K->12368K(31680K), 0.0027068 secs] [Times: user=0.00 sys=0.00, real=0.00 secs] 
2014-07-10T09:58:00.849+0200: 26.996: [GC (Allocation Failure) 26.996: [ParNew: 9745K->1059K(9792K), 0.0036699 secs] 21054K->14546K(31680K), 0.0038294 secs] [Times: user=0.02 sys=0.00, real=0.00 secs] 
2014-07-10T09:58:00.892+0200: 27.039: [GC (Allocation Failure) 27.039: [ParNew: 9759K->1059K(9792K), 0.0012898 secs] 23246K->15540K(31680K), 0.0014108 secs] [Times: user=0.00 sys=0.00, real=0.00 secs] 
2014-07-10T09:58:00.941+0200: 27.088: [GC (Allocation Failure) 27.089: [ParNew: 9745K->1059K(9792K), 0.0012205 secs] 24226K->17015K(31680K), 0.0013404 secs] [Times: user=0.00 sys=0.00, real=0.00 secs] 
2014-07-10T09:58:00.948+0200: 27.095: [GC (Allocation Failure) 27.095: [ParNew: 9745K->1059K(9792K), 0.0019270 secs] 25701K->18969K(31680K), 0.0021367 secs] [Times: user=0.00 sys=0.00, real=0.00 secs] 
2014-07-10T09:58:00.950+0200: 27.097: [GC (CMS Initial Mark) [1 CMS-initial-mark: 17910K(21888K)] 19035K(31680K), 0.0001910 secs] [Times: user=0.00 sys=0.00, real=0.00 secs] 
2014-07-10T09:58:00.951+0200: 27.098: [CMS-concurrent-mark-start]
2014-07-10T09:58:00.951+0200: 27.098: [CMS-concurrent-mark: 0.001/0.001 secs] [Times: user=0.00 sys=0.00, real=0.00 secs] 
2014-07-10T09:58:00.951+0200: 27.098: [CMS-concurrent-preclean-start]
2014-07-10T09:58:00.951+0200: 27.098: [CMS-concurrent-preclean: 0.000/0.000 secs] [Times: user=0.00 sys=0.00, real=0.00 secs] 
2014-07-10T09:58:00.952+0200: 27.099: [GC (CMS Final Remark) [YG occupancy: 3046 K (9792 K)]27.099: [Rescan (parallel) , 0.0001602 secs]27.099: [weak refs processing, 0.0000290 secs]27.099: [class unloading, 0.0005158 secs]27.100: [scrub symbol table, 0.0005727 secs]27.101: [scrub string table, 0.0001727 secs][1 CMS-remark: 17910K(21888K)] 20956K(31680K), 0.0015813 secs] [Times: user=0.00 sys=0.00, real=0.00 secs] 
2014-07-10T09:58:00.954+0200: 27.101: [CMS-concurrent-sweep-start]
2014-07-10T09:58:00.954+0200: 27.101: [CMS-concurrent-sweep: 0.000/0.000 secs] [Times: user=0.00 sys=0.00, real=0.00 secs] 
2014-07-10T09:58:00.954+0200: 27.101: [CMS-concurrent-reset-start]
2014-07-10T09:58:00.954+0200: 27.101: [CMS-concurrent-reset: 0.000/0.000 secs] [Times: user=0.00 sys=0.00, real=0.00 secs] 
2014-07-10T09:58:00.992+0200: 27.139: [GC (Allocation Failure) 27.139: [ParNew: 9745K->1059K(9792K), 0.0021330 secs] 12085K->5833K(31680K), 0.0022822 secs] [Times: user=0.00 sys=0.00, real=0.00 secs] 
2014-07-10T09:58:01.043+0200: 27.190: [GC (Allocation Failure) 27.190: [ParNew: 9745K->1059K(9792K), 0.0052673 secs] 14519K->8747K(31680K), 0.0055390 secs] [Times: user=0.00 sys=0.00, real=0.01 secs] 
2014-07-10T09:58:01.056+0200: 27.203: [GC (Allocation Failure) 27.203: [ParNew: 9745K->1059K(9792K), 0.0059602 secs] 17433K->12142K(31680K), 0.0063056 secs] [Times: user=0.00 sys=0.00, real=0.01 secs] 
2014-07-10T09:58:01.092+0200: 27.240: [GC (Allocation Failure) 27.240: [ParNew: 9745K->1059K(9792K), 0.0040684 secs] 20828K->16017K(31680K), 0.0042349 secs] [Times: user=0.00 sys=0.00, real=0.00 secs] 
2014-07-10T09:58:01.097+0200: 27.244: [GC (CMS Initial Mark) [1 CMS-initial-mark: 14957K(21888K)] 16083K(31680K), 0.0001752 secs] [Times: user=0.00 sys=0.00, real=0.00 secs] 
2014-07-10T09:58:01.097+0200: 27.245: [CMS-concurrent-mark-start]
2014-07-10T09:58:01.098+0200: 27.245: [CMS-concurrent-mark: 0.001/0.001 secs] [Times: user=0.00 sys=0.00, real=0.00 secs] 
2014-07-10T09:58:01.098+0200: 27.245: [CMS-concurrent-preclean-start]
2014-07-10T09:58:01.098+0200: 27.245: [CMS-concurrent-preclean: 0.000/0.000 secs] [Times: user=0.00 sys=0.00, real=0.00 secs] 
2014-07-10T09:58:01.098+0200: 27.246: [CMS-concurrent-abortable-preclean-start]
2014-07-10T09:58:01.142+0200: 27.289: [GC (Allocation Failure) 27.289: [ParNew: 9755K->1061K(9792K), 0.0030492 secs] 24712K->18837K(31680K), 0.0032501 secs] [Times: user=0.00 sys=0.00, real=0.00 secs] 
2014-07-10T09:58:01.150+0200: 27.297: [GC (Allocation Failure) 27.297: [ParNew: 9747K->9747K(9792K), 0.0000455 secs]27.297: [CMS2014-07-10T09:58:01.150+0200: 27.297: [CMS-concurrent-abortable-preclean: 0.001/0.052 secs] [Times: user=0.01 sys=0.00, real=0.05 secs] 
 (concurrent mode failure): 17776K->4737K(21888K), 0.0056053 secs] 27523K->4737K(31680K), [Metaspace: 2457K->2457K(1056768K)], 0.0058216 secs] [Times: user=0.00 sys=0.00, real=0.01 secs] 
2014-07-10T09:58:01.194+0200: 27.341: [GC (Allocation Failure) 27.341: [ParNew: 8686K->1059K(9792K), 0.0068867 secs] 13424K->9579K(31680K), 0.0071547 secs] [Times: user=0.03 sys=0.00, real=0.01 secs] 
2014-07-10T09:58:01.245+0200: 27.392: [GC (Allocation Failure) 27.392: [ParNew: 9745K->1059K(9792K), 0.0073567 secs] 18265K->13838K(31680K), 0.0079162 secs] [Times: user=0.00 sys=0.00, real=0.01 secs] 
2014-07-10T09:58:01.253+0200: 27.400: [GC (CMS Initial Mark) [1 CMS-initial-mark: 12779K(21888K)] 13870K(31680K), 0.0003714 secs] [Times: user=0.00 sys=0.00, real=0.00 secs] 
2014-07-10T09:58:01.254+0200: 27.401: [CMS-concurrent-mark-start]
2014-07-10T09:58:01.256+0200: 27.403: [CMS-concurrent-mark: 0.002/0.002 secs] [Times: user=0.00 sys=0.00, real=0.00 secs] 
2014-07-10T09:58:01.256+0200: 27.403: [CMS-concurrent-preclean-start]
2014-07-10T09:58:01.256+0200: 27.403: [CMS-concurrent-preclean: 0.000/0.000 secs] [Times: user=0.00 sys=0.00, real=0.00 secs] 
2014-07-10T09:58:01.256+0200: 27.403: [CMS-concurrent-abortable-preclean-start]
2014-07-10T09:58:01.261+0200: 27.408: [GC (Allocation Failure) 27.408: [ParNew: 9745K->1059K(9792K), 0.0083433 secs] 22524K->18577K(31680K), 0.0086161 secs] [Times: user=0.00 sys=0.00, real=0.01 secs] 
2014-07-10T09:58:01.293+0200: 27.440: [GC (Allocation Failure) 27.440: [ParNew: 9745K->9745K(9792K), 0.0000484 secs]27.440: [CMS2014-07-10T09:58:01.293+0200: 27.440: [CMS-concurrent-abortable-preclean: 0.002/0.037 secs] [Times: user=0.02 sys=0.00, real=0.04 secs] 
 (concurrent mode failure): 17518K->6658K(21888K), 0.0072577 secs] 27264K->6658K(31680K), [Metaspace: 2457K->2457K(1056768K)], 0.0074722 secs] [Times: user=0.00 sys=0.00, real=0.01 secs] 
2014-07-10T09:58:01.346+0200: 27.493: [GC (Allocation Failure) 27.493: [ParNew: 8686K->1059K(9792K), 0.0084775 secs] 15345K->13421K(31680K), 0.0088151 secs] [Times: user=0.03 sys=0.00, real=0.01 secs] 
2014-07-10T09:58:01.355+0200: 27.502: [GC (CMS Initial Mark) [1 CMS-initial-mark: 12361K(21888K)] 13453K(31680K), 0.0005246 secs] [Times: user=0.00 sys=0.00, real=0.00 secs] 
2014-07-10T09:58:01.356+0200: 27.503: [CMS-concurrent-mark-start]
2014-07-10T09:58:01.358+0200: 27.505: [CMS-concurrent-mark: 0.002/0.002 secs] [Times: user=0.00 sys=0.00, real=0.00 secs] 
2014-07-10T09:58:01.358+0200: 27.505: [CMS-concurrent-preclean-start]
2014-07-10T09:58:01.358+0200: 27.505: [CMS-concurrent-preclean: 0.000/0.000 secs] [Times: user=0.00 sys=0.00, real=0.00 secs] 
2014-07-10T09:58:01.358+0200: 27.505: [CMS-concurrent-abortable-preclean-start]
2014-07-10T09:58:01.363+0200: 27.510: [GC (Allocation Failure) 27.510: [ParNew: 9745K->1059K(9792K), 0.0061278 secs] 22107K->19601K(31680K), 0.0063573 secs] [Times: user=0.03 sys=0.00, real=0.01 secs] 
2014-07-10T09:58:01.371+0200: 27.518: [CMS-concurrent-abortable-preclean: 0.001/0.013 secs] [Times: user=0.03 sys=0.00, real=0.01 secs] 
2014-07-10T09:58:01.371+0200: 27.518: [GC (CMS Final Remark) [YG occupancy: 3570 K (9792 K)]27.518: [Rescan (parallel) , 0.0001415 secs]27.519: [weak refs processing, 0.0000312 secs]27.519: [class unloading, 0.0005320 secs]27.519: [scrub symbol table, 0.0006291 secs]27.520: [scrub string table, 0.0001903 secs][1 CMS-remark: 18541K(21888K)] 22111K(31680K), 0.0016692 secs] [Times: user=0.00 sys=0.00, real=0.00 secs] 
2014-07-10T09:58:01.373+0200: 27.520: [CMS-concurrent-sweep-start]
2014-07-10T09:58:01.373+0200: 27.520: [CMS-concurrent-sweep: 0.000/0.000 secs] [Times: user=0.00 sys=0.00, real=0.00 secs] 
2014-07-10T09:58:01.373+0200: 27.521: [CMS-concurrent-reset-start]
2014-07-10T09:58:01.373+0200: 27.521: [CMS-concurrent-reset: 0.000/0.000 secs] [Times: user=0.00 sys=0.00, real=0.00 secs] 
2014-07-10T09:58:01.393+0200: 27.540: [GC (Allocation Failure) 27.540: [ParNew: 9757K->1059K(9792K), 0.0047643 secs] 22022K->18448K(31680K), 0.0050473 secs] [Times: user=0.03 sys=0.00, real=0.01 secs] 
2014-07-10T09:58:01.398+0200: 27.545: [GC (CMS Initial Mark) [1 CMS-initial-mark: 17389K(21888K)] 18514K(31680K), 0.0001965 secs] [Times: user=0.00 sys=0.00, real=0.00 secs] 
2014-07-10T09:58:01.399+0200: 27.546: [CMS-concurrent-mark-start]
2014-07-10T09:58:01.399+0200: 27.547: [CMS-concurrent-mark: 0.001/0.001 secs] [Times: user=0.00 sys=0.00, real=0.00 secs] 
2014-07-10T09:58:01.399+0200: 27.547: [CMS-concurrent-preclean-start]
2014-07-10T09:58:01.400+0200: 27.547: [CMS-concurrent-preclean: 0.000/0.000 secs] [Times: user=0.00 sys=0.00, real=0.00 secs] 
2014-07-10T09:58:01.400+0200: 27.547: [GC (CMS Final Remark) [YG occupancy: 3078 K (9792 K)]27.547: [Rescan (parallel) , 0.0001778 secs]27.547: [weak refs processing, 0.0000400 secs]27.547: [class unloading, 0.0005114 secs]27.548: [scrub symbol table, 0.0006104 secs]27.548: [scrub string table, 0.0001844 secs][1 CMS-remark: 17389K(21888K)] 20467K(31680K), 0.0016795 secs] [Times: user=0.00 sys=0.00, real=0.00 secs] 
2014-07-10T09:58:01.402+0200: 27.549: [CMS-concurrent-sweep-start]
2014-07-10T09:58:01.402+0200: 27.549: [CMS-concurrent-sweep: 0.000/0.000 secs] [Times: user=0.00 sys=0.00, real=0.00 secs] 
2014-07-10T09:58:01.402+0200: 27.549: [CMS-concurrent-reset-start]
2014-07-10T09:58:01.402+0200: 27.549: [CMS-concurrent-reset: 0.000/0.000 secs] [Times: user=0.00 sys=0.00, real=0.00 secs] 
2014-07-10T09:58:01.443+0200: 27.590: [GC (Allocation Failure) 27.590: [ParNew: 9745K->1059K(9792K), 0.0058590 secs] 15254K->12173K(31680K), 0.0060127 secs] [Times: user=0.03 sys=0.00, real=0.01 secs] 
2014-07-10T09:58:01.449+0200: 27.596: [GC (CMS Initial Mark) [1 CMS-initial-mark: 11113K(21888K)] 12205K(31680K), 0.0002097 secs] [Times: user=0.00 sys=0.00, real=0.00 secs] 
2014-07-10T09:58:01.449+0200: 27.596: [CMS-concurrent-mark-start]
2014-07-10T09:58:01.450+0200: 27.597: [CMS-concurrent-mark: 0.001/0.001 secs] [Times: user=0.00 sys=0.00, real=0.00 secs] 
2014-07-10T09:58:01.450+0200: 27.597: [CMS-concurrent-preclean-start]
2014-07-10T09:58:01.450+0200: 27.597: [CMS-concurrent-preclean: 0.000/0.000 secs] [Times: user=0.00 sys=0.00, real=0.00 secs] 
2014-07-10T09:58:01.450+0200: 27.597: [CMS-concurrent-abortable-preclean-start]
2014-07-10T09:58:01.453+0200: 27.600: [GC (Allocation Failure) 27.600: [ParNew: 9745K->1059K(9792K), 0.0056805 secs] 20859K->18257K(31680K), 0.0058389 secs] [Times: user=0.00 sys=0.00, real=0.00 secs] 
2014-07-10T09:58:01.494+0200: 27.641: [GC (Allocation Failure) 27.641: [ParNew: 9745K->9745K(9792K), 0.0000506 secs]27.641: [CMS2014-07-10T09:58:01.494+0200: 27.641: [CMS-concurrent-abortable-preclean: 0.001/0.043 secs] [Times: user=0.00 sys=0.02, real=0.04 secs] 
 (concurrent mode failure): 17197K->8004K(21888K), 0.0081666 secs] 26943K->8004K(31680K), [Metaspace: 2457K->2457K(1056768K)], 0.0083880 secs] [Times: user=0.00 sys=0.00, real=0.01 secs] 
2014-07-10T09:58:01.544+0200: 27.691: [GC (Allocation Failure) 27.691: [ParNew: 8686K->1059K(9792K), 0.0060244 secs] 16690K->16111K(31680K), 0.0062246 secs] [Times: user=0.00 sys=0.00, real=0.01 secs] 
2014-07-10T09:58:01.550+0200: 27.697: [GC (CMS Initial Mark) [1 CMS-initial-mark: 15051K(21888K)] 16177K(31680K), 0.0002519 secs] [Times: user=0.00 sys=0.00, real=0.00 secs] 
2014-07-10T09:58:01.551+0200: 27.698: [CMS-concurrent-mark-start]
2014-07-10T09:58:01.551+0200: 27.699: [CMS-concurrent-mark: 0.001/0.001 secs] [Times: user=0.00 sys=0.00, real=0.00 secs] 
2014-07-10T09:58:01.552+0200: 27.699: [CMS-concurrent-preclean-start]
2014-07-10T09:58:01.552+0200: 27.699: [CMS-concurrent-preclean: 0.000/0.000 secs] [Times: user=0.00 sys=0.00, real=0.00 secs] 
2014-07-10T09:58:01.552+0200: 27.699: [CMS-concurrent-abortable-preclean-start]
2014-07-10T09:58:01.591+0200: 27.738: [GC (Allocation Failure) 27.738: [ParNew: 9747K->9747K(9792K), 0.0000480 secs]27.738: [CMS2014-07-10T09:58:01.591+0200: 27.738: [CMS-concurrent-abortable-preclean: 0.000/0.039 secs] [Times: user=0.01 sys=0.00, real=0.04 secs] 
 (concurrent mode failure): 15051K->768K(21888K), 0.0030987 secs] 24799K->768K(31680K), [Metaspace: 2457K->2457K(1056768K)], 0.0032622 secs] [Times: user=0.00 sys=0.00, real=0.00 secs] 
2014-07-10T09:58:01.598+0200: 27.745: [GC (Allocation Failure) 27.745: [ParNew: 8697K->876K(9792K), 0.0009419 secs] 9466K->1644K(31680K), 0.0010518 secs] [Times: user=0.00 sys=0.00, real=0.00 secs] 
2014-07-10T09:58:01.653+0200: 27.800: [GC (Allocation Failure) 27.800: [ParNew: 9556K->325K(9792K), 0.0011219 secs] 10325K->1098K(31680K), 0.0013217 secs] [Times: user=0.00 sys=0.00, real=0.00 secs] 
2014-07-10T09:58:01.691+0200: 27.838: [GC (Allocation Failure) 27.838: [ParNew: 9011K->805K(9792K), 0.0006324 secs] 9784K->1578K(31680K), 0.0007281 secs] [Times: user=0.00 sys=0.00, real=0.00 secs] 
2014-07-10T09:58:01.741+0200: 27.888: [GC (Allocation Failure) 27.888: [ParNew: 9491K->1059K(9792K), 0.0007047 secs] 10264K->2060K(31680K), 0.0007750 secs] [Times: user=0.00 sys=0.00, real=0.00 secs] 
2014-07-10T09:58:01.745+0200: 27.892: [GC (Allocation Failure) 27.892: [ParNew: 9745K->1059K(9792K), 0.0015406 secs] 10746K->2765K(31680K), 0.0016608 secs] [Times: user=0.00 sys=0.00, real=0.00 secs] 
2014-07-10T09:58:01.793+0200: 27.940: [GC (Allocation Failure) 27.940: [ParNew: 9745K->1059K(9792K), 0.0023347 secs] 11451K->3951K(31680K), 0.0025601 secs] [Times: user=0.00 sys=0.00, real=0.00 secs] 
2014-07-10T09:58:01.842+0200: 27.990: [GC (Allocation Failure) 27.990: [ParNew: 9745K->1059K(9792K), 0.0025942 secs] 12637K->5617K(31680K), 0.0028578 secs] [Times: user=0.00 sys=0.00, real=0.00 secs] 
2014-07-10T09:58:01.854+0200: 28.001: [GC (Allocation Failure) 28.002: [ParNew: 9760K->1061K(9792K), 0.0032974 secs] 14317K->6612K(31680K), 0.0035350 secs] [Times: user=0.00 sys=0.00, real=0.00 secs] 
2014-07-10T09:58:01.892+0200: 28.039: [GC (Allocation Failure) 28.039: [ParNew: 9751K->1059K(9792K), 0.0011670 secs] 15302K->7061K(31680K), 0.0012825 secs] [Times: user=0.00 sys=0.00, real=0.00 secs] 
2014-07-10T09:58:01.942+0200: 28.089: [GC (Allocation Failure) 28.090: [ParNew: 9745K->1059K(9792K), 0.0025583 secs] 15747K->7991K(31680K), 0.0028318 secs] [Times: user=0.02 sys=0.00, real=0.00 secs] 
2014-07-10T09:58:01.953+0200: 28.100: [GC (Allocation Failure) 28.101: [ParNew: 9745K->1059K(9792K), 0.0031695 secs] 16677K->9401K(31680K), 0.0034510 secs] [Times: user=0.00 sys=0.00, real=0.00 secs] 
2014-07-10T09:58:01.992+0200: 28.140: [GC (Allocation Failure) 28.140: [ParNew: 9745K->1059K(9792K), 0.0017767 secs] 18087K->11291K(31680K), 0.0019321 secs] [Times: user=0.00 sys=0.00, real=0.00 secs] 
2014-07-10T09:58:02.042+0200: 28.189: [GC (Allocation Failure) 28.189: [ParNew: 9745K->1059K(9792K), 0.0021239 secs] 19977K->13661K(31680K), 0.0022819 secs] [Times: user=0.00 sys=0.00, real=0.00 secs] 
2014-07-10T09:58:02.049+0200: 28.196: [GC (Allocation Failure) 28.196: [ParNew: 9745K->1059K(9792K), 0.0030085 secs] 22347K->16512K(31680K), 0.0031746 secs] [Times: user=0.00 sys=0.00, real=0.00 secs] 
2014-07-10T09:58:02.053+0200: 28.200: [GC (CMS Initial Mark) [1 CMS-initial-mark: 15452K(21888K)] 16642K(31680K), 0.0002541 secs] [Times: user=0.00 sys=0.00, real=0.00 secs] 
2014-07-10T09:58:02.053+0200: 28.200: [CMS-concurrent-mark-start]
2014-07-10T09:58:02.054+0200: 28.201: [CMS-concurrent-mark: 0.001/0.001 secs] [Times: user=0.00 sys=0.00, real=0.00 secs] 
2014-07-10T09:58:02.054+0200: 28.201: [CMS-concurrent-preclean-start]
2014-07-10T09:58:02.055+0200: 28.202: [CMS-concurrent-preclean: 0.000/0.000 secs] [Times: user=0.00 sys=0.00, real=0.00 secs] 
2014-07-10T09:58:02.055+0200: 28.202: [CMS-concurrent-abortable-preclean-start]
2014-07-10T09:58:02.093+0200: 28.240: [GC (Allocation Failure) 28.241: [ParNew: 9751K->1059K(9792K), 0.0180380 secs] 25203K->18818K(31680K), 0.0183042 secs] [Times: user=0.00 sys=0.00, real=0.02 secs] 
2014-07-10T09:58:02.142+0200: 28.289: [GC (Allocation Failure) 28.289: [ParNew: 9745K->1059K(9792K), 0.0030998 secs] 27504K->21605K(31680K), 0.0033257 secs] [Times: user=0.00 sys=0.00, real=0.00 secs] 
2014-07-10T09:58:02.146+0200: 28.293: [CMS-concurrent-abortable-preclean: 0.002/0.092 secs] [Times: user=0.05 sys=0.00, real=0.09 secs] 
2014-07-10T09:58:02.146+0200: 28.294: [GC (CMS Final Remark) [YG occupancy: 3304 K (9792 K)]28.294: [Rescan (parallel) , 0.0001305 secs]28.294: [weak refs processing, 0.0000315 secs]28.294: [class unloading, 0.0008377 secs]28.295: [scrub symbol table, 0.0007453 secs]28.295: [scrub string table, 0.0003036 secs][1 CMS-remark: 20545K(21888K)] 23850K(31680K), 0.0022163 secs] [Times: user=0.00 sys=0.00, real=0.00 secs] 
2014-07-10T09:58:02.149+0200: 28.296: [CMS-concurrent-sweep-start]
2014-07-10T09:58:02.149+0200: 28.296: [CMS-concurrent-sweep: 0.000/0.000 secs] [Times: user=0.00 sys=0.00, real=0.00 secs] 
2014-07-10T09:58:02.149+0200: 28.297: [CMS-concurrent-reset-start]
2014-07-10T09:58:02.149+0200: 28.297: [CMS-concurrent-reset: 0.000/0.000 secs] [Times: user=0.00 sys=0.00, real=0.00 secs] 
2014-07-10T09:58:02.152+0200: 28.299: [GC (Allocation Failure) 28.300: [ParNew: 9745K->1059K(9792K), 0.0029433 secs] 18077K->12658K(31680K), 0.0030892 secs] [Times: user=0.00 sys=0.00, real=0.00 secs] 
2014-07-10T09:58:02.156+0200: 28.303: [GC (CMS Initial Mark) [1 CMS-initial-mark: 11598K(21888K)] 12756K(31680K), 0.0001958 secs] [Times: user=0.00 sys=0.00, real=0.00 secs] 
2014-07-10T09:58:02.156+0200: 28.303: [CMS-concurrent-mark-start]
2014-07-10T09:58:02.157+0200: 28.304: [CMS-concurrent-mark: 0.001/0.001 secs] [Times: user=0.00 sys=0.00, real=0.00 secs] 
2014-07-10T09:58:02.157+0200: 28.304: [CMS-concurrent-preclean-start]
2014-07-10T09:58:02.157+0200: 28.304: [CMS-concurrent-preclean: 0.000/0.000 secs] [Times: user=0.00 sys=0.00, real=0.00 secs] 
2014-07-10T09:58:02.157+0200: 28.304: [CMS-concurrent-abortable-preclean-start]
2014-07-10T09:58:02.193+0200: 28.340: [GC (Allocation Failure) 28.340: [ParNew: 9745K->1059K(9792K), 0.0035497 secs] 21344K->16404K(31680K), 0.0037015 secs] [Times: user=0.00 sys=0.00, real=0.00 secs] 
2014-07-10T09:58:02.242+0200: 28.389: [GC (Allocation Failure) 28.389: [ParNew: 9745K->1059K(9792K), 0.0040461 secs] 25091K->20632K(31680K), 0.0041784 secs] [Times: user=0.00 sys=0.00, real=0.00 secs] 
2014-07-10T09:58:02.247+0200: 28.395: [CMS-concurrent-abortable-preclean: 0.001/0.090 secs] [Times: user=0.01 sys=0.00, real=0.09 secs] 
2014-07-10T09:58:02.248+0200: 28.395: [GC (CMS Final Remark) [YG occupancy: 2598 K (9792 K)]28.395: [Rescan (parallel) , 0.0001859 secs]28.396: [weak refs processing, 0.0000279 secs]28.396: [class unloading, 0.0004707 secs]28.396: [scrub symbol table, 0.0005470 secs]28.397: [scrub string table, 0.0001701 secs][1 CMS-remark: 19572K(21888K)] 22170K(31680K), 0.0015303 secs] [Times: user=0.00 sys=0.00, real=0.00 secs] 
2014-07-10T09:58:02.250+0200: 28.397: [CMS-concurrent-sweep-start]
2014-07-10T09:58:02.250+0200: 28.397: [CMS-concurrent-sweep: 0.000/0.000 secs] [Times: user=0.00 sys=0.00, real=0.00 secs] 
2014-07-10T09:58:02.250+0200: 28.397: [CMS-concurrent-reset-start]
2014-07-10T09:58:02.250+0200: 28.397: [CMS-concurrent-reset: 0.000/0.000 secs] [Times: user=0.00 sys=0.00, real=0.00 secs] 
2014-07-10T09:58:02.253+0200: 28.400: [GC (Allocation Failure) 28.400: [ParNew: 9745K->1059K(9792K), 0.0043302 secs] 21374K->17395K(31680K), 0.0044824 secs] [Times: user=0.03 sys=0.00, real=0.00 secs] 
2014-07-10T09:58:02.258+0200: 28.405: [GC (CMS Initial Mark) [1 CMS-initial-mark: 16336K(21888K)] 17461K(31680K), 0.0002101 secs] [Times: user=0.00 sys=0.00, real=0.00 secs] 
2014-07-10T09:58:02.258+0200: 28.405: [CMS-concurrent-mark-start]
2014-07-10T09:58:02.259+0200: 28.406: [CMS-concurrent-mark: 0.001/0.001 secs] [Times: user=0.00 sys=0.00, real=0.00 secs] 
2014-07-10T09:58:02.259+0200: 28.406: [CMS-concurrent-preclean-start]
2014-07-10T09:58:02.259+0200: 28.406: [CMS-concurrent-preclean: 0.000/0.000 secs] [Times: user=0.00 sys=0.00, real=0.00 secs] 
2014-07-10T09:58:02.259+0200: 28.406: [CMS-concurrent-abortable-preclean-start]
2014-07-10T09:58:02.293+0200: 28.440: [GC (Allocation Failure) 28.440: [ParNew: 9745K->1059K(9792K), 0.0070055 secs] 26082K->22583K(31680K), 0.0072123 secs] [Times: user=0.00 sys=0.00, real=0.01 secs] 
2014-07-10T09:58:02.300+0200: 28.447: [CMS-concurrent-abortable-preclean: 0.000/0.041 secs] [Times: user=0.00 sys=0.00, real=0.04 secs] 
2014-07-10T09:58:02.300+0200: 28.448: [GC (CMS Final Remark) [YG occupancy: 1285 K (9792 K)]28.448: [Rescan (parallel) , 0.0004066 secs]28.448: [weak refs processing, 0.0000605 secs]28.448: [class unloading, 0.0010016 secs]28.449: [scrub symbol table, 0.0012982 secs]28.451: [scrub string table, 0.0004627 secs][1 CMS-remark: 21523K(21888K)] 22809K(31680K), 0.0035973 secs] [Times: user=0.01 sys=0.00, real=0.00 secs] 
2014-07-10T09:58:02.304+0200: 28.451: [CMS-concurrent-sweep-start]
2014-07-10T09:58:02.305+0200: 28.452: [CMS-concurrent-sweep: 0.001/0.001 secs] [Times: user=0.00 sys=0.00, real=0.00 secs] 
2014-07-10T09:58:02.305+0200: 28.452: [CMS-concurrent-reset-start]
2014-07-10T09:58:02.305+0200: 28.453: [CMS-concurrent-reset: 0.000/0.000 secs] [Times: user=0.00 sys=0.00, real=0.00 secs] 
2014-07-10T09:58:02.345+0200: 28.492: [GC (Allocation Failure) 28.492: [ParNew: 9745K->1059K(9792K), 0.0088958 secs] 20028K->17010K(31680K), 0.0091741 secs] [Times: user=0.03 sys=0.00, real=0.01 secs] 
2014-07-10T09:58:02.354+0200: 28.502: [GC (CMS Initial Mark) [1 CMS-initial-mark: 15950K(21888K)] 17076K(31680K), 0.0004205 secs] [Times: user=0.00 sys=0.00, real=0.00 secs] 
2014-07-10T09:58:02.355+0200: 28.502: [CMS-concurrent-mark-start]
2014-07-10T09:58:02.356+0200: 28.503: [CMS-concurrent-mark: 0.001/0.001 secs] [Times: user=0.00 sys=0.00, real=0.00 secs] 
2014-07-10T09:58:02.356+0200: 28.503: [CMS-concurrent-preclean-start]
2014-07-10T09:58:02.356+0200: 28.503: [CMS-concurrent-preclean: 0.000/0.000 secs] [Times: user=0.00 sys=0.00, real=0.00 secs] 
2014-07-10T09:58:02.356+0200: 28.503: [CMS-concurrent-abortable-preclean-start]
2014-07-10T09:58:02.359+0200: 28.506: [GC (Allocation Failure) 28.506: [ParNew: 9745K->9745K(9792K), 0.0000568 secs]28.506: [CMS2014-07-10T09:58:02.359+0200: 28.506: [CMS-concurrent-abortable-preclean: 0.000/0.003 secs] [Times: user=0.00 sys=0.00, real=0.00 secs] 
 (concurrent mode failure): 15950K->7589K(21888K), 0.0086692 secs] 25696K->7589K(31680K), [Metaspace: 2457K->2457K(1056768K)], 0.0088995 secs] [Times: user=0.02 sys=0.00, real=0.01 secs] 
2014-07-10T09:58:02.393+0200: 28.540: [GC (Allocation Failure) 28.540: [ParNew: 8695K->1059K(9792K), 0.0050217 secs] 16285K->13743K(31680K), 0.0051815 secs] [Times: user=0.03 sys=0.00, real=0.01 secs] 
2014-07-10T09:58:02.398+0200: 28.546: [GC (CMS Initial Mark) [1 CMS-initial-mark: 12684K(21888K)] 13905K(31680K), 0.0003571 secs] [Times: user=0.00 sys=0.00, real=0.00 secs] 
2014-07-10T09:58:02.399+0200: 28.546: [CMS-concurrent-mark-start]
2014-07-10T09:58:02.400+0200: 28.547: [CMS-concurrent-mark: 0.001/0.001 secs] [Times: user=0.00 sys=0.00, real=0.00 secs] 
2014-07-10T09:58:02.400+0200: 28.547: [CMS-concurrent-preclean-start]
2014-07-10T09:58:02.400+0200: 28.547: [CMS-concurrent-preclean: 0.000/0.000 secs] [Times: user=0.00 sys=0.00, real=0.00 secs] 
2014-07-10T09:58:02.400+0200: 28.547: [CMS-concurrent-abortable-preclean-start]
2014-07-10T09:58:02.443+0200: 28.590: [GC (Allocation Failure) 28.590: [ParNew: 9745K->1059K(9792K), 0.0053014 secs] 22430K->19316K(31680K), 0.0054737 secs] [Times: user=0.00 sys=0.00, real=0.01 secs] 
2014-07-10T09:58:02.450+0200: 28.597: [CMS-concurrent-abortable-preclean: 0.001/0.050 secs] [Times: user=0.02 sys=0.00, real=0.05 secs] 
2014-07-10T09:58:02.451+0200: 28.598: [GC (CMS Final Remark) [YG occupancy: 5579 K (9792 K)]28.598: [Rescan (parallel) , 0.0002071 secs]28.598: [weak refs processing, 0.0000392 secs]28.598: [class unloading, 0.0007798 secs]28.599: [scrub symbol table, 0.0007468 secs]28.600: [scrub string table, 0.0002566 secs][1 CMS-remark: 18257K(21888K)] 23836K(31680K), 0.0022306 secs] [Times: user=0.00 sys=0.00, real=0.00 secs] 
2014-07-10T09:58:02.453+0200: 28.600: [CMS-concurrent-sweep-start]
2014-07-10T09:58:02.453+0200: 28.601: [CMS-concurrent-sweep: 0.000/0.000 secs] [Times: user=0.00 sys=0.00, real=0.00 secs] 
2014-07-10T09:58:02.453+0200: 28.601: [CMS-concurrent-reset-start]
2014-07-10T09:58:02.454+0200: 28.601: [CMS-concurrent-reset: 0.000/0.000 secs] [Times: user=0.00 sys=0.00, real=0.00 secs] 
2014-07-10T09:58:02.455+0200: 28.602: [GC (Allocation Failure) 28.602: [ParNew: 9745K->1059K(9792K), 0.0054389 secs] 20797K->18163K(31680K), 0.0055566 secs] [Times: user=0.03 sys=0.00, real=0.01 secs] 
2014-07-10T09:58:02.461+0200: 28.608: [GC (CMS Initial Mark) [1 CMS-initial-mark: 17104K(21888K)] 18229K(31680K), 0.0002632 secs] [Times: user=0.00 sys=0.00, real=0.00 secs] 
2014-07-10T09:58:02.461+0200: 28.608: [CMS-concurrent-mark-start]
2014-07-10T09:58:02.462+0200: 28.609: [CMS-concurrent-mark: 0.001/0.001 secs] [Times: user=0.00 sys=0.00, real=0.00 secs] 
2014-07-10T09:58:02.462+0200: 28.609: [CMS-concurrent-preclean-start]
2014-07-10T09:58:02.462+0200: 28.609: [CMS-concurrent-preclean: 0.000/0.000 secs] [Times: user=0.00 sys=0.00, real=0.00 secs] 
2014-07-10T09:58:02.462+0200: 28.609: [GC (CMS Final Remark) [YG occupancy: 2150 K (9792 K)]28.609: [Rescan (parallel) , 0.0001419 secs]28.610: [weak refs processing, 0.0000337 secs]28.610: [class unloading, 0.0005356 secs]28.610: [scrub symbol table, 0.0008854 secs]28.611: [scrub string table, 0.0002614 secs][1 CMS-remark: 17104K(21888K)] 19254K(31680K), 0.0020417 secs] [Times: user=0.00 sys=0.00, real=0.00 secs] 
2014-07-10T09:58:02.464+0200: 28.612: [CMS-concurrent-sweep-start]
2014-07-10T09:58:02.465+0200: 28.612: [CMS-concurrent-sweep: 0.000/0.000 secs] [Times: user=0.00 sys=0.00, real=0.00 secs] 
2014-07-10T09:58:02.465+0200: 28.612: [CMS-concurrent-reset-start]
2014-07-10T09:58:02.465+0200: 28.612: [CMS-concurrent-reset: 0.000/0.000 secs] [Times: user=0.00 sys=0.00, real=0.00 secs] 
2014-07-10T09:58:02.493+0200: 28.641: [GC (Allocation Failure) 28.641: [ParNew: 9745K->1059K(9792K), 0.0065516 secs] 16185K->14031K(31680K), 0.0068090 secs] [Times: user=0.00 sys=0.00, real=0.01 secs] 
2014-07-10T09:58:02.500+0200: 28.648: [GC (CMS Initial Mark) [1 CMS-initial-mark: 12971K(21888K)] 14097K(31680K), 0.0002306 secs] [Times: user=0.00 sys=0.00, real=0.00 secs] 
2014-07-10T09:58:02.501+0200: 28.648: [CMS-concurrent-mark-start]
2014-07-10T09:58:02.502+0200: 28.649: [CMS-concurrent-mark: 0.001/0.001 secs] [Times: user=0.00 sys=0.00, real=0.00 secs] 
2014-07-10T09:58:02.502+0200: 28.649: [CMS-concurrent-preclean-start]
2014-07-10T09:58:02.502+0200: 28.649: [CMS-concurrent-preclean: 0.000/0.000 secs] [Times: user=0.00 sys=0.00, real=0.00 secs] 
2014-07-10T09:58:02.502+0200: 28.649: [GC (CMS Final Remark) [YG occupancy: 1669 K (9792 K)]28.649: [Rescan (parallel) , 0.0001228 secs]28.649: [weak refs processing, 0.0000352 secs]28.649: [class unloading, 0.0005250 secs]28.650: [scrub symbol table, 0.0007809 secs]28.651: [scrub string table, 0.0002409 secs][1 CMS-remark: 12971K(21888K)] 14641K(31680K), 0.0018933 secs] [Times: user=0.00 sys=0.00, real=0.00 secs] 
2014-07-10T09:58:02.504+0200: 28.651: [CMS-concurrent-sweep-start]
2014-07-10T09:58:02.504+0200: 28.651: [CMS-concurrent-sweep: 0.000/0.000 secs] [Times: user=0.00 sys=0.00, real=0.00 secs] 
2014-07-10T09:58:02.504+0200: 28.652: [CMS-concurrent-reset-start]
2014-07-10T09:58:02.504+0200: 28.652: [CMS-concurrent-reset: 0.000/0.000 secs] [Times: user=0.00 sys=0.00, real=0.00 secs] 
2014-07-10T09:58:02.543+0200: 28.691: [GC (Allocation Failure) 28.691: [ParNew: 9745K->1059K(9792K), 0.0064955 secs] 16665K->14991K(31680K), 0.0066598 secs] [Times: user=0.00 sys=0.00, real=0.01 secs] 
2014-07-10T09:58:02.550+0200: 28.698: [GC (CMS Initial Mark) [1 CMS-initial-mark: 13932K(21888K)] 15090K(31680K), 0.0002640 secs] [Times: user=0.00 sys=0.00, real=0.00 secs] 
2014-07-10T09:58:02.551+0200: 28.698: [CMS-concurrent-mark-start]
2014-07-10T09:58:02.552+0200: 28.699: [CMS-concurrent-mark: 0.001/0.001 secs] [Times: user=0.03 sys=0.00, real=0.00 secs] 
2014-07-10T09:58:02.552+0200: 28.699: [CMS-concurrent-preclean-start]
2014-07-10T09:58:02.552+0200: 28.699: [CMS-concurrent-preclean: 0.000/0.000 secs] [Times: user=0.00 sys=0.00, real=0.00 secs] 
2014-07-10T09:58:02.552+0200: 28.699: [CMS-concurrent-abortable-preclean-start]
2014-07-10T09:58:02.591+0200: 28.739: [GC (Allocation Failure) 28.739: [ParNew: 9747K->9747K(9792K), 0.0000565 secs]28.739: [CMS2014-07-10T09:58:02.592+0200: 28.739: [CMS-concurrent-abortable-preclean: 0.000/0.040 secs] [Times: user=0.00 sys=0.00, real=0.04 secs] 
 (concurrent mode failure): 13932K->738K(21888K), 0.0037517 secs] 23680K->738K(31680K), [Metaspace: 2457K->2457K(1056768K)], 0.0039478 secs] [Times: user=0.00 sys=0.00, real=0.00 secs] 
2014-07-10T09:58:02.600+0200: 28.747: [GC (Allocation Failure) 28.747: [ParNew: 8697K->844K(9792K), 0.0009448 secs] 9436K->1583K(31680K), 0.0010746 secs] [Times: user=0.00 sys=0.00, real=0.00 secs] 
2014-07-10T09:58:02.643+0200: 28.790: [GC (Allocation Failure) 28.790: [ParNew: 9528K->1059K(9792K), 0.0061850 secs] 10267K->8718K(31680K), 0.0063544 secs] [Times: user=0.03 sys=0.00, real=0.01 secs] 
2014-07-10T09:58:02.650+0200: 28.797: [GC (CMS Initial Mark) [1 CMS-initial-mark: 7659K(21888K)] 8816K(31680K), 0.0002467 secs] [Times: user=0.00 sys=0.00, real=0.00 secs] 
2014-07-10T09:58:02.650+0200: 28.797: [CMS-concurrent-mark-start]
2014-07-10T09:58:02.651+0200: 28.798: [CMS-concurrent-mark: 0.001/0.001 secs] [Times: user=0.00 sys=0.00, real=0.00 secs] 
2014-07-10T09:58:02.651+0200: 28.798: [CMS-concurrent-preclean-start]
2014-07-10T09:58:02.651+0200: 28.798: [CMS-concurrent-preclean: 0.000/0.000 secs] [Times: user=0.00 sys=0.00, real=0.00 secs] 
2014-07-10T09:58:02.651+0200: 28.798: [CMS-concurrent-abortable-preclean-start]
2014-07-10T09:58:02.691+0200: 28.838: [GC (Allocation Failure) 28.839: [ParNew: 9747K->261K(9792K), 0.0011248 secs] 17406K->7921K(31680K), 0.0013118 secs] [Times: user=0.03 sys=0.00, real=0.00 secs] 
2014-07-10T09:58:02.741+0200: 28.888: [GC (Allocation Failure) 28.888: [ParNew: 8947K->740K(9792K), 0.0009672 secs] 16608K->8401K(31680K), 0.0010702 secs] [Times: user=0.00 sys=0.00, real=0.00 secs] 
2014-07-10T09:58:02.746+0200: 28.893: [GC (Allocation Failure) 28.893: [ParNew: 9426K->1059K(9792K), 0.0011343 secs] 17087K->8883K(31680K), 0.0012546 secs] [Times: user=0.00 sys=0.00, real=0.00 secs] 
2014-07-10T09:58:02.791+0200: 28.939: [GC (Allocation Failure) 28.939: [ParNew: 9745K->1059K(9792K), 0.0009158 secs] 17569K->9524K(31680K), 0.0010053 secs] [Times: user=0.00 sys=0.00, real=0.00 secs] 
2014-07-10T09:58:02.792+0200: 28.940: [CMS-concurrent-abortable-preclean: 0.001/0.141 secs] [Times: user=0.03 sys=0.00, real=0.14 secs] 
2014-07-10T09:58:02.793+0200: 28.940: [GC (CMS Final Remark) [YG occupancy: 1253 K (9792 K)]28.940: [Rescan (parallel) , 0.0001203 secs]28.940: [weak refs processing, 0.0000260 secs]28.940: [class unloading, 0.0004257 secs]28.940: [scrub symbol table, 0.0005708 secs]28.941: [scrub string table, 0.0001565 secs][1 CMS-remark: 8465K(21888K)] 9718K(31680K), 0.0014097 secs] [Times: user=0.00 sys=0.00, real=0.00 secs] 
2014-07-10T09:58:02.794+0200: 28.941: [CMS-concurrent-sweep-start]
2014-07-10T09:58:02.794+0200: 28.942: [CMS-concurrent-sweep: 0.000/0.000 secs] [Times: user=0.00 sys=0.00, real=0.00 secs] 
2014-07-10T09:58:02.794+0200: 28.942: [CMS-concurrent-reset-start]
2014-07-10T09:58:02.795+0200: 28.942: [CMS-concurrent-reset: 0.000/0.000 secs] [Times: user=0.00 sys=0.00, real=0.00 secs] 
2014-07-10T09:58:02.842+0200: 28.989: [GC (Allocation Failure) 28.989: [ParNew: 9745K->1059K(9792K), 0.0022170 secs] 17856K->10291K(31680K), 0.0024414 secs] [Times: user=0.00 sys=0.00, real=0.00 secs] 
2014-07-10T09:58:02.853+0200: 29.000: [GC (Allocation Failure) 29.000: [ParNew: 9745K->1059K(9792K), 0.0032872 secs] 18977K->11893K(31680K), 0.0035273 secs] [Times: user=0.00 sys=0.00, real=0.00 secs] 
2014-07-10T09:58:02.892+0200: 29.039: [GC (Allocation Failure) 29.039: [ParNew: 9759K->1059K(9792K), 0.0011776 secs] 20593K->12310K(31680K), 0.0012949 secs] [Times: user=0.00 sys=0.00, real=0.00 secs] 
2014-07-10T09:58:02.942+0200: 29.089: [GC (Allocation Failure) 29.089: [ParNew: 9745K->1059K(9792K), 0.0022837 secs] 20996K->13209K(31680K), 0.0025264 secs] [Times: user=0.00 sys=0.00, real=0.00 secs] 
2014-07-10T09:58:02.952+0200: 29.099: [GC (Allocation Failure) 29.099: [ParNew: 9745K->1059K(9792K), 0.0029444 secs] 21896K->14587K(31680K), 0.0031449 secs] [Times: user=0.00 sys=0.00, real=0.00 secs] 
2014-07-10T09:58:02.993+0200: 29.140: [GC (Allocation Failure) 29.140: [ParNew: 9745K->1059K(9792K), 0.0021569 secs] 23273K->16445K(31680K), 0.0023449 secs] [Times: user=0.00 sys=0.00, real=0.00 secs] 
2014-07-10T09:58:02.996+0200: 29.143: [GC (CMS Initial Mark) [1 CMS-initial-mark: 15386K(21888K)] 18336K(31680K), 0.0003226 secs] [Times: user=0.00 sys=0.00, real=0.00 secs] 
2014-07-10T09:58:02.997+0200: 29.144: [CMS-concurrent-mark-start]
2014-07-10T09:58:02.998+0200: 29.145: [CMS-concurrent-mark: 0.001/0.001 secs] [Times: user=0.00 sys=0.00, real=0.00 secs] 
2014-07-10T09:58:02.998+0200: 29.145: [CMS-concurrent-preclean-start]
2014-07-10T09:58:02.998+0200: 29.145: [CMS-concurrent-preclean: 0.000/0.000 secs] [Times: user=0.00 sys=0.00, real=0.00 secs] 
2014-07-10T09:58:02.998+0200: 29.145: [CMS-concurrent-abortable-preclean-start]
2014-07-10T09:58:03.043+0200: 29.190: [GC (Allocation Failure) 29.190: [ParNew: 9745K->1059K(9792K), 0.0020949 secs] 25131K->18783K(31680K), 0.0022932 secs] [Times: user=0.00 sys=0.00, real=0.00 secs] 
2014-07-10T09:58:03.053+0200: 29.200: [GC (Allocation Failure) 29.200: [ParNew: 9745K->1059K(9792K), 0.0050367 secs] 27470K->21602K(31680K), 0.0052919 secs] [Times: user=0.00 sys=0.00, real=0.01 secs] 
2014-07-10T09:58:03.093+0200: 29.241: [GC (Allocation Failure) 29.241: [ParNew: 9745K->9745K(9792K), 0.0001379 secs]29.241: [CMS2014-07-10T09:58:03.094+0200: 29.241: [CMS-concurrent-abortable-preclean: 0.002/0.096 secs] [Times: user=0.02 sys=0.00, real=0.10 secs] 
 (concurrent mode failure): 20542K->4742K(21888K), 0.0126112 secs] 30288K->4742K(31680K), [Metaspace: 2457K->2457K(1056768K)], 0.0130544 secs] [Times: user=0.01 sys=0.00, real=0.01 secs] 
2014-07-10T09:58:03.143+0200: 29.291: [GC (Allocation Failure) 29.291: [ParNew: 8689K->1061K(9792K), 0.0049208 secs] 13432K->8561K(31680K), 0.0051639 secs] [Times: user=0.03 sys=0.00, real=0.01 secs] 
2014-07-10T09:58:03.156+0200: 29.303: [GC (Allocation Failure) 29.303: [ParNew: 9747K->1059K(9792K), 0.0057168 secs] 17247K->11794K(31680K), 0.0060075 secs] [Times: user=0.03 sys=0.00, real=0.01 secs] 
2014-07-10T09:58:03.163+0200: 29.310: [GC (CMS Initial Mark) [1 CMS-initial-mark: 10735K(21888K)] 11860K(31680K), 0.0003853 secs] [Times: user=0.00 sys=0.00, real=0.00 secs] 
2014-07-10T09:58:03.163+0200: 29.311: [CMS-concurrent-mark-start]
2014-07-10T09:58:03.165+0200: 29.312: [CMS-concurrent-mark: 0.002/0.002 secs] [Times: user=0.00 sys=0.00, real=0.00 secs] 
2014-07-10T09:58:03.165+0200: 29.312: [CMS-concurrent-preclean-start]
2014-07-10T09:58:03.165+0200: 29.313: [CMS-concurrent-preclean: 0.000/0.000 secs] [Times: user=0.00 sys=0.00, real=0.00 secs] 
2014-07-10T09:58:03.165+0200: 29.313: [CMS-concurrent-abortable-preclean-start]
2014-07-10T09:58:03.192+0200: 29.340: [GC (Allocation Failure) 29.340: [ParNew: 9745K->1059K(9792K), 0.0034947 secs] 20481K->15509K(31680K), 0.0036450 secs] [Times: user=0.00 sys=0.00, real=0.00 secs] 
2014-07-10T09:58:03.244+0200: 29.391: [GC (Allocation Failure) 29.391: [ParNew: 9745K->1059K(9792K), 0.0060079 secs] 24196K->19704K(31680K), 0.0061857 secs] [Times: user=0.00 sys=0.00, real=0.01 secs] 
2014-07-10T09:58:03.251+0200: 29.398: [CMS-concurrent-abortable-preclean: 0.002/0.086 secs] [Times: user=0.00 sys=0.00, real=0.09 secs] 
2014-07-10T09:58:03.254+0200: 29.401: [GC (Allocation Failure) 29.401: [ParNew: 9745K->9745K(9792K), 0.0000528 secs]29.401: [CMS (concurrent mode failure): 18645K->6119K(21888K), 0.0068893 secs] 28391K->6119K(31680K), [Metaspace: 2457K->2457K(1056768K)], 0.0071111 secs] [Times: user=0.00 sys=0.00, real=0.01 secs] 
2014-07-10T09:58:03.292+0200: 29.440: [GC (Allocation Failure) 29.440: [ParNew: 8686K->1059K(9792K), 0.0048780 secs] 14805K->12337K(31680K), 0.0051779 secs] [Times: user=0.00 sys=0.00, real=0.00 secs] 
2014-07-10T09:58:03.298+0200: 29.445: [GC (CMS Initial Mark) [1 CMS-initial-mark: 11278K(21888K)] 12369K(31680K), 0.0002339 secs] [Times: user=0.00 sys=0.00, real=0.00 secs] 
2014-07-10T09:58:03.298+0200: 29.445: [CMS-concurrent-mark-start]
2014-07-10T09:58:03.299+0200: 29.446: [CMS-concurrent-mark: 0.001/0.001 secs] [Times: user=0.00 sys=0.00, real=0.00 secs] 
2014-07-10T09:58:03.299+0200: 29.446: [CMS-concurrent-preclean-start]
2014-07-10T09:58:03.299+0200: 29.446: [CMS-concurrent-preclean: 0.000/0.000 secs] [Times: user=0.00 sys=0.00, real=0.00 secs] 
2014-07-10T09:58:03.299+0200: 29.446: [GC (CMS Final Remark) [YG occupancy: 1091 K (9792 K)]29.446: [Rescan (parallel) , 0.0001774 secs]29.446: [weak refs processing, 0.0000612 secs]29.446: [class unloading, 0.0004066 secs]29.447: [scrub symbol table, 0.0005397 secs]29.447: [scrub string table, 0.0001521 secs][1 CMS-remark: 11278K(21888K)] 12369K(31680K), 0.0014724 secs] [Times: user=0.00 sys=0.00, real=0.00 secs] 
2014-07-10T09:58:03.300+0200: 29.448: [CMS-concurrent-sweep-start]
2014-07-10T09:58:03.301+0200: 29.448: [CMS-concurrent-sweep: 0.000/0.000 secs] [Times: user=0.03 sys=0.00, real=0.00 secs] 
2014-07-10T09:58:03.301+0200: 29.448: [CMS-concurrent-reset-start]
2014-07-10T09:58:03.301+0200: 29.448: [CMS-concurrent-reset: 0.000/0.000 secs] [Times: user=0.00 sys=0.00, real=0.00 secs] 
2014-07-10T09:58:03.343+0200: 29.490: [GC (Allocation Failure) 29.490: [ParNew: 9745K->1059K(9792K), 0.0069567 secs] 15291K->12241K(31680K), 0.0071015 secs] [Times: user=0.03 sys=0.00, real=0.01 secs] 
2014-07-10T09:58:03.350+0200: 29.497: [GC (CMS Initial Mark) [1 CMS-initial-mark: 11181K(21888K)] 12403K(31680K), 0.0001818 secs] [Times: user=0.00 sys=0.00, real=0.00 secs] 
2014-07-10T09:58:03.350+0200: 29.497: [CMS-concurrent-mark-start]
2014-07-10T09:58:03.351+0200: 29.498: [CMS-concurrent-mark: 0.001/0.001 secs] [Times: user=0.00 sys=0.00, real=0.00 secs] 
2014-07-10T09:58:03.351+0200: 29.498: [CMS-concurrent-preclean-start]
2014-07-10T09:58:03.351+0200: 29.498: [CMS-concurrent-preclean: 0.000/0.000 secs] [Times: user=0.00 sys=0.00, real=0.00 secs] 
2014-07-10T09:58:03.351+0200: 29.498: [CMS-concurrent-abortable-preclean-start]
2014-07-10T09:58:03.354+0200: 29.501: [GC (Allocation Failure) 29.501: [ParNew: 9760K->1061K(9792K), 0.0040211 secs] 20942K->16310K(31680K), 0.0041502 secs] [Times: user=0.00 sys=0.00, real=0.00 secs] 
2014-07-10T09:58:03.393+0200: 29.540: [GC (Allocation Failure) 29.540: [ParNew: 9747K->1059K(9792K), 0.0041480 secs] 24996K->20857K(31680K), 0.0042983 secs] [Times: user=0.03 sys=0.00, real=0.00 secs] 
2014-07-10T09:58:03.398+0200: 29.545: [CMS-concurrent-abortable-preclean: 0.001/0.047 secs] [Times: user=0.03 sys=0.00, real=0.05 secs] 
2014-07-10T09:58:03.398+0200: 29.546: [GC (CMS Final Remark) [YG occupancy: 3656 K (9792 K)]29.546: [Rescan (parallel) , 0.0001818 secs]29.546: [weak refs processing, 0.0000301 secs]29.546: [class unloading, 0.0005166 secs]29.546: [scrub symbol table, 0.0009103 secs]29.547: [scrub string table, 0.0001668 secs][1 CMS-remark: 19798K(21888K)] 23454K(31680K), 0.0019534 secs] [Times: user=0.00 sys=0.00, real=0.00 secs] 
2014-07-10T09:58:03.400+0200: 29.548: [CMS-concurrent-sweep-start]
2014-07-10T09:58:03.401+0200: 29.548: [CMS-concurrent-sweep: 0.000/0.000 secs] [Times: user=0.00 sys=0.00, real=0.00 secs] 
2014-07-10T09:58:03.401+0200: 29.548: [CMS-concurrent-reset-start]
2014-07-10T09:58:03.401+0200: 29.548: [CMS-concurrent-reset: 0.000/0.000 secs] [Times: user=0.00 sys=0.00, real=0.00 secs] 
2014-07-10T09:58:03.445+0200: 29.592: [GC (Allocation Failure) 29.593: [ParNew: 9745K->1059K(9792K), 0.0076115 secs] 24388K->20729K(31680K), 0.0078751 secs] [Times: user=0.00 sys=0.00, real=0.01 secs] 
2014-07-10T09:58:03.454+0200: 29.601: [GC (CMS Initial Mark) [1 CMS-initial-mark: 19669K(21888K)] 20891K(31680K), 0.0005452 secs] [Times: user=0.00 sys=0.00, real=0.00 secs] 
2014-07-10T09:58:03.454+0200: 29.602: [CMS-concurrent-mark-start]
2014-07-10T09:58:03.456+0200: 29.604: [CMS-concurrent-mark: 0.002/0.002 secs] [Times: user=0.00 sys=0.00, real=0.00 secs] 
2014-07-10T09:58:03.457+0200: 29.604: [CMS-concurrent-preclean-start]
2014-07-10T09:58:03.457+0200: 29.604: [CMS-concurrent-preclean: 0.000/0.000 secs] [Times: user=0.00 sys=0.00, real=0.00 secs] 
2014-07-10T09:58:03.457+0200: 29.604: [CMS-concurrent-abortable-preclean-start]
2014-07-10T09:58:03.457+0200: 29.604: [CMS-concurrent-abortable-preclean: 0.000/0.000 secs] [Times: user=0.00 sys=0.00, real=0.00 secs] 
2014-07-10T09:58:03.458+0200: 29.605: [GC (CMS Final Remark) [YG occupancy: 4459 K (9792 K)]29.605: [Rescan (parallel) , 0.0003553 secs]29.605: [weak refs processing, 0.0000700 secs]29.606: [class unloading, 0.0012726 secs]29.607: [scrub symbol table, 0.0013096 secs]29.608: [scrub string table, 0.0004608 secs][1 CMS-remark: 19669K(21888K)] 24129K(31680K), 0.0039178 secs] [Times: user=0.00 sys=0.00, real=0.00 secs] 
2014-07-10T09:58:03.462+0200: 29.609: [CMS-concurrent-sweep-start]
2014-07-10T09:58:03.463+0200: 29.610: [CMS-concurrent-sweep: 0.001/0.001 secs] [Times: user=0.00 sys=0.00, real=0.00 secs] 
2014-07-10T09:58:03.463+0200: 29.610: [CMS-concurrent-reset-start]
2014-07-10T09:58:03.463+0200: 29.610: [CMS-concurrent-reset: 0.000/0.000 secs] [Times: user=0.00 sys=0.00, real=0.00 secs] 
2014-07-10T09:58:03.466+0200: 29.614: [GC (Allocation Failure) 29.614: [ParNew: 9745K->1059K(9792K), 0.0044358 secs] 15165K->11986K(31680K), 0.0045946 secs] [Times: user=0.00 sys=0.00, real=0.00 secs] 
2014-07-10T09:58:03.472+0200: 29.619: [GC (CMS Initial Mark) [1 CMS-initial-mark: 10927K(21888K)] 13621K(31680K), 0.0004158 secs] [Times: user=0.00 sys=0.00, real=0.00 secs] 
2014-07-10T09:58:03.473+0200: 29.620: [CMS-concurrent-mark-start]
2014-07-10T09:58:03.473+0200: 29.621: [CMS-concurrent-mark: 0.001/0.001 secs] [Times: user=0.00 sys=0.00, real=0.00 secs] 
2014-07-10T09:58:03.473+0200: 29.621: [CMS-concurrent-preclean-start]
2014-07-10T09:58:03.473+0200: 29.621: [CMS-concurrent-preclean: 0.000/0.000 secs] [Times: user=0.00 sys=0.00, real=0.00 secs] 
2014-07-10T09:58:03.474+0200: 29.621: [GC (CMS Final Remark) [YG occupancy: 2694 K (9792 K)]29.621: [Rescan (parallel) , 0.0001159 secs]29.621: [weak refs processing, 0.0000308 secs]29.621: [class unloading, 0.0004473 secs]29.622: [scrub symbol table, 0.0006233 secs]29.622: [scrub string table, 0.0001826 secs][1 CMS-remark: 10927K(21888K)] 13621K(31680K), 0.0015472 secs] [Times: user=0.00 sys=0.00, real=0.00 secs] 
2014-07-10T09:58:03.475+0200: 29.622: [CMS-concurrent-sweep-start]
2014-07-10T09:58:03.475+0200: 29.623: [CMS-concurrent-sweep: 0.000/0.000 secs] [Times: user=0.00 sys=0.00, real=0.00 secs] 
2014-07-10T09:58:03.476+0200: 29.623: [CMS-concurrent-reset-start]
2014-07-10T09:58:03.476+0200: 29.623: [CMS-concurrent-reset: 0.000/0.000 secs] [Times: user=0.00 sys=0.00, real=0.00 secs] 
2014-07-10T09:58:03.493+0200: 29.640: [GC (Allocation Failure) 29.640: [ParNew: 9745K->1059K(9792K), 0.0057740 secs] 10137K->7439K(31680K), 0.0059371 secs] [Times: user=0.00 sys=0.00, real=0.01 secs] 
2014-07-10T09:58:03.499+0200: 29.646: [GC (CMS Initial Mark) [1 CMS-initial-mark: 6379K(21888K)] 7471K(31680K), 0.0005910 secs] [Times: user=0.00 sys=0.00, real=0.00 secs] 
2014-07-10T09:58:03.500+0200: 29.647: [CMS-concurrent-mark-start]
2014-07-10T09:58:03.501+0200: 29.648: [CMS-concurrent-mark: 0.001/0.001 secs] [Times: user=0.00 sys=0.00, real=0.00 secs] 
2014-07-10T09:58:03.501+0200: 29.648: [CMS-concurrent-preclean-start]
2014-07-10T09:58:03.501+0200: 29.648: [CMS-concurrent-preclean: 0.000/0.000 secs] [Times: user=0.00 sys=0.00, real=0.00 secs] 
2014-07-10T09:58:03.501+0200: 29.648: [GC (CMS Final Remark) [YG occupancy: 2214 K (9792 K)]29.648: [Rescan (parallel) , 0.0001107 secs]29.648: [weak refs processing, 0.0000304 secs]29.648: [class unloading, 0.0004502 secs]29.649: [scrub symbol table, 0.0006134 secs]29.649: [scrub string table, 0.0001811 secs][1 CMS-remark: 6379K(21888K)] 8593K(31680K), 0.0015299 secs] [Times: user=0.00 sys=0.00, real=0.00 secs] 
2014-07-10T09:58:03.503+0200: 29.650: [CMS-concurrent-sweep-start]
2014-07-10T09:58:03.503+0200: 29.650: [CMS-concurrent-sweep: 0.000/0.000 secs] [Times: user=0.00 sys=0.00, real=0.00 secs] 
2014-07-10T09:58:03.503+0200: 29.650: [CMS-concurrent-reset-start]
2014-07-10T09:58:03.503+0200: 29.650: [CMS-concurrent-reset: 0.000/0.000 secs] [Times: user=0.00 sys=0.00, real=0.00 secs] 
2014-07-10T09:58:03.543+0200: 29.690: [GC (Allocation Failure) 29.690: [ParNew: 9745K->1059K(9792K), 0.0059474 secs] 16125K->13907K(31680K), 0.0061029 secs] [Times: user=0.00 sys=0.00, real=0.01 secs] 
2014-07-10T09:58:03.549+0200: 29.697: [GC (CMS Initial Mark) [1 CMS-initial-mark: 12847K(21888K)] 14005K(31680K), 0.0002827 secs] [Times: user=0.02 sys=0.00, real=0.00 secs] 
2014-07-10T09:58:03.550+0200: 29.697: [CMS-concurrent-mark-start]
2014-07-10T09:58:03.550+0200: 29.698: [CMS-concurrent-mark: 0.001/0.001 secs] [Times: user=0.00 sys=0.00, real=0.00 secs] 
2014-07-10T09:58:03.550+0200: 29.698: [CMS-concurrent-preclean-start]
2014-07-10T09:58:03.551+0200: 29.698: [CMS-concurrent-preclean: 0.000/0.000 secs] [Times: user=0.00 sys=0.00, real=0.00 secs] 
2014-07-10T09:58:03.551+0200: 29.698: [CMS-concurrent-abortable-preclean-start]
2014-07-10T09:58:03.553+0200: 29.700: [GC (Allocation Failure) 29.700: [ParNew: 9745K->1059K(9792K), 0.0072988 secs] 22593K->20855K(31680K), 0.0074410 secs] [Times: user=0.00 sys=0.00, real=0.01 secs] 
2014-07-10T09:58:03.594+0200: 29.741: [GC (Allocation Failure) 29.741: [ParNew: 9756K->9756K(9792K), 0.0000502 secs]29.741: [CMS2014-07-10T09:58:03.594+0200: 29.741: [CMS-concurrent-abortable-preclean: 0.001/0.043 secs] [Times: user=0.00 sys=0.00, real=0.04 secs] 
 (concurrent mode failure): 19796K->685K(21888K), 0.0034181 secs] 29552K->685K(31680K), [Metaspace: 2457K->2457K(1056768K)], 0.0037414 secs] [Times: user=0.02 sys=0.00, real=0.00 secs] 
2014-07-10T09:58:03.643+0200: 29.791: [GC (Allocation Failure) 29.791: [ParNew: 8681K->1059K(9792K), 0.0063738 secs] 9367K->8632K(31680K), 0.0065688 secs] [Times: user=0.00 sys=0.02, real=0.01 secs] 
2014-07-10T09:58:03.650+0200: 29.798: [GC (CMS Initial Mark) [1 CMS-initial-mark: 7573K(21888K)] 8762K(31680K), 0.0002189 secs] [Times: user=0.00 sys=0.00, real=0.00 secs] 
2014-07-10T09:58:03.651+0200: 29.798: [CMS-concurrent-mark-start]
2014-07-10T09:58:03.652+0200: 29.799: [CMS-concurrent-mark: 0.001/0.001 secs] [Times: user=0.00 sys=0.00, real=0.00 secs] 
2014-07-10T09:58:03.652+0200: 29.799: [CMS-concurrent-preclean-start]
2014-07-10T09:58:03.652+0200: 29.799: [CMS-concurrent-preclean: 0.000/0.000 secs] [Times: user=0.00 sys=0.00, real=0.00 secs] 
2014-07-10T09:58:03.652+0200: 29.799: [CMS-concurrent-abortable-preclean-start]
2014-07-10T09:58:03.691+0200: 29.838: [GC (Allocation Failure) 29.838: [ParNew: 9747K->229K(9792K), 0.0006460 secs] 17321K->7803K(31680K), 0.0007351 secs] [Times: user=0.00 sys=0.00, real=0.00 secs] 
2014-07-10T09:58:03.741+0200: 29.888: [GC (Allocation Failure) 29.889: [ParNew: 8915K->709K(9792K), 0.0012825 secs] 16489K->8283K(31680K), 0.0014588 secs] [Times: user=0.00 sys=0.00, real=0.00 secs] 
2014-07-10T09:58:03.750+0200: 29.898: [GC (Allocation Failure) 29.898: [ParNew: 9395K->1059K(9792K), 0.0019398 secs] 16969K->8765K(31680K), 0.0021444 secs] [Times: user=0.02 sys=0.00, real=0.00 secs] 
2014-07-10T09:58:03.791+0200: 29.938: [GC (Allocation Failure) 29.938: [ParNew: 9745K->1059K(9792K), 0.0009499 secs] 17451K->9374K(31680K), 0.0010427 secs] [Times: user=0.00 sys=0.00, real=0.00 secs] 
2014-07-10T09:58:03.841+0200: 29.989: [GC (Allocation Failure) 29.989: [ParNew: 9745K->1059K(9792K), 0.0010368 secs] 18060K->10464K(31680K), 0.0011519 secs] [Times: user=0.00 sys=0.00, real=0.00 secs] 
2014-07-10T09:58:03.846+0200: 29.994: [GC (Allocation Failure) 29.994: [ParNew: 9745K->1059K(9792K), 0.0031101 secs] 19150K->12033K(31680K), 0.0034195 secs] [Times: user=0.00 sys=0.02, real=0.00 secs] 
2014-07-10T09:58:03.892+0200: 30.039: [GC (Allocation Failure) 30.039: [ParNew: 9760K->1059K(9792K), 0.0018940 secs] 20735K->12419K(31680K), 0.0020923 secs] [Times: user=0.03 sys=0.00, real=0.00 secs] 
2014-07-10T09:58:03.942+0200: 30.090: [GC (Allocation Failure) 30.090: [ParNew: 9745K->1059K(9792K), 0.0026756 secs] 21105K->13286K(31680K), 0.0028938 secs] [Times: user=0.00 sys=0.00, real=0.00 secs] 
2014-07-10T09:58:03.952+0200: 30.100: [GC (Allocation Failure) 30.100: [ParNew: 9745K->1059K(9792K), 0.0031138 secs] 21972K->14632K(31680K), 0.0034023 secs] [Times: user=0.03 sys=0.00, real=0.00 secs] 
2014-07-10T09:58:03.991+0200: 30.139: [GC (Allocation Failure) 30.139: [ParNew: 9745K->1059K(9792K), 0.0016696 secs] 23318K->16458K(31680K), 0.0018713 secs] [Times: user=0.00 sys=0.00, real=0.00 secs] 
2014-07-10T09:58:04.043+0200: 30.190: [GC (Allocation Failure) 30.190: [ParNew: 9745K->1059K(9792K), 0.0034327 secs] 25144K->18764K(31680K), 0.0036930 secs] [Times: user=0.00 sys=0.00, real=0.00 secs] 
2014-07-10T09:58:04.054+0200: 30.202: [GC (Allocation Failure) 30.202: [ParNew: 9745K->1059K(9792K), 0.0049036 secs] 27450K->21550K(31680K), 0.0052215 secs] [Times: user=0.00 sys=0.00, real=0.01 secs] 
2014-07-10T09:58:04.092+0200: 30.240: [GC (Allocation Failure) 30.240: [ParNew: 9745K->9745K(9792K), 0.0000711 secs]30.240: [CMS2014-07-10T09:58:04.093+0200: 30.240: [CMS-concurrent-abortable-preclean: 0.006/0.441 secs] [Times: user=0.09 sys=0.02, real=0.44 secs] 
 (concurrent mode failure): 20491K->4713K(21888K), 0.0111601 secs] 30236K->4713K(31680K), [Metaspace: 2457K->2457K(1056768K)], 0.0114735 secs] [Times: user=0.01 sys=0.00, real=0.01 secs] 
2014-07-10T09:58:04.142+0200: 30.289: [GC (Allocation Failure) 30.289: [ParNew: 8695K->1061K(9792K), 0.0022280 secs] 13408K->7987K(31680K), 0.0024051 secs] [Times: user=0.03 sys=0.00, real=0.00 secs] 
2014-07-10T09:58:04.149+0200: 30.297: [GC (Allocation Failure) 30.297: [ParNew: 9747K->1059K(9792K), 0.0034184 secs] 16674K->10677K(31680K), 0.0037033 secs] [Times: user=0.00 sys=0.00, real=0.00 secs] 
2014-07-10T09:58:04.194+0200: 30.341: [GC (Allocation Failure) 30.341: [ParNew: 9745K->1059K(9792K), 0.0058502 secs] 19363K->13847K(31680K), 0.0061076 secs] [Times: user=0.00 sys=0.00, real=0.01 secs] 
2014-07-10T09:58:04.243+0200: 30.390: [GC (Allocation Failure) 30.390: [ParNew: 9745K->1059K(9792K), 0.0074630 secs] 22534K->17498K(31680K), 0.0077134 secs] [Times: user=0.00 sys=0.00, real=0.01 secs] 
2014-07-10T09:58:04.251+0200: 30.399: [GC (CMS Initial Mark) [1 CMS-initial-mark: 16439K(21888K)] 17564K(31680K), 0.0005107 secs] [Times: user=0.03 sys=0.00, real=0.00 secs] 
2014-07-10T09:58:04.252+0200: 30.399: [CMS-concurrent-mark-start]
2014-07-10T09:58:04.254+0200: 30.401: [CMS-concurrent-mark: 0.002/0.002 secs] [Times: user=0.00 sys=0.00, real=0.00 secs] 
2014-07-10T09:58:04.254+0200: 30.401: [CMS-concurrent-preclean-start]
2014-07-10T09:58:04.254+0200: 30.402: [CMS-concurrent-preclean: 0.000/0.000 secs] [Times: user=0.00 sys=0.00, real=0.00 secs] 
2014-07-10T09:58:04.254+0200: 30.402: [CMS-concurrent-abortable-preclean-start]
2014-07-10T09:58:04.259+0200: 30.406: [GC (Allocation Failure) 30.407: [ParNew: 9745K->1059K(9792K), 0.0078256 secs] 26184K->21629K(31680K), 0.0080658 secs] [Times: user=0.00 sys=0.00, real=0.01 secs] 
2014-07-10T09:58:04.269+0200: 30.417: [CMS-concurrent-abortable-preclean: 0.001/0.015 secs] [Times: user=0.02 sys=0.00, real=0.02 secs] 
2014-07-10T09:58:04.270+0200: 30.417: [GC (CMS Final Remark) [YG occupancy: 4073 K (9792 K)]30.417: [Rescan (parallel) , 0.0003014 secs]30.417: [weak refs processing, 0.0000616 secs]30.417: [class unloading, 0.0013987 secs]30.419: [scrub symbol table, 0.0013873 secs]30.420: [scrub string table, 0.0004418 secs][1 CMS-remark: 20570K(21888K)] 24643K(31680K), 0.0040288 secs] [Times: user=0.00 sys=0.00, real=0.00 secs] 
2014-07-10T09:58:04.274+0200: 30.421: [CMS-concurrent-sweep-start]
2014-07-10T09:58:04.275+0200: 30.422: [CMS-concurrent-sweep: 0.001/0.001 secs] [Times: user=0.00 sys=0.00, real=0.00 secs] 
2014-07-10T09:58:04.275+0200: 30.422: [CMS-concurrent-reset-start]
2014-07-10T09:58:04.275+0200: 30.422: [CMS-concurrent-reset: 0.000/0.000 secs] [Times: user=0.00 sys=0.00, real=0.00 secs] 
2014-07-10T09:58:04.294+0200: 30.441: [GC (Allocation Failure) 30.441: [ParNew: 9745K->1059K(9792K), 0.0047625 secs] 17921K->13846K(31680K), 0.0049689 secs] [Times: user=0.02 sys=0.01, real=0.01 secs] 
2014-07-10T09:58:04.300+0200: 30.447: [GC (CMS Initial Mark) [1 CMS-initial-mark: 12786K(21888K)] 13912K(31680K), 0.0003270 secs] [Times: user=0.00 sys=0.00, real=0.00 secs] 
2014-07-10T09:58:04.300+0200: 30.447: [CMS-concurrent-mark-start]
2014-07-10T09:58:04.301+0200: 30.448: [CMS-concurrent-mark: 0.001/0.001 secs] [Times: user=0.00 sys=0.00, real=0.00 secs] 
2014-07-10T09:58:04.301+0200: 30.448: [CMS-concurrent-preclean-start]
2014-07-10T09:58:04.301+0200: 30.448: [CMS-concurrent-preclean: 0.000/0.000 secs] [Times: user=0.00 sys=0.00, real=0.00 secs] 
2014-07-10T09:58:04.301+0200: 30.448: [CMS-concurrent-abortable-preclean-start]
2014-07-10T09:58:04.343+0200: 30.490: [GC (Allocation Failure) 30.490: [ParNew: 9745K->1059K(9792K), 0.0043156 secs] 22532K->18937K(31680K), 0.0044945 secs] [Times: user=0.03 sys=0.00, real=0.01 secs] 
2014-07-10T09:58:04.349+0200: 30.496: [CMS-concurrent-abortable-preclean: 0.001/0.048 secs] [Times: user=0.03 sys=0.00, real=0.05 secs] 
2014-07-10T09:58:04.349+0200: 30.497: [GC (CMS Final Remark) [YG occupancy: 5263 K (9792 K)]30.497: [Rescan (parallel) , 0.0001294 secs]30.497: [weak refs processing, 0.0000308 secs]30.497: [class unloading, 0.0008674 secs]30.498: [scrub symbol table, 0.0007131 secs]30.499: [scrub string table, 0.0004726 secs][1 CMS-remark: 17878K(21888K)] 23141K(31680K), 0.0024025 secs] [Times: user=0.00 sys=0.00, real=0.00 secs] 
2014-07-10T09:58:04.352+0200: 30.499: [CMS-concurrent-sweep-start]
2014-07-10T09:58:04.352+0200: 30.500: [CMS-concurrent-sweep: 0.000/0.000 secs] [Times: user=0.00 sys=0.00, real=0.00 secs] 
2014-07-10T09:58:04.352+0200: 30.500: [CMS-concurrent-reset-start]
2014-07-10T09:58:04.352+0200: 30.500: [CMS-concurrent-reset: 0.000/0.000 secs] [Times: user=0.00 sys=0.00, real=0.00 secs] 
2014-07-10T09:58:04.353+0200: 30.501: [GC (Allocation Failure) 30.501: [ParNew: 9749K->1061K(9792K), 0.0044776 secs] 19845K->16217K(31680K), 0.0045689 secs] [Times: user=0.00 sys=0.00, real=0.01 secs] 
2014-07-10T09:58:04.358+0200: 30.506: [GC (CMS Initial Mark) [1 CMS-initial-mark: 15155K(21888K)] 16283K(31680K), 0.0002119 secs] [Times: user=0.00 sys=0.00, real=0.00 secs] 
2014-07-10T09:58:04.359+0200: 30.506: [CMS-concurrent-mark-start]
2014-07-10T09:58:04.359+0200: 30.507: [CMS-concurrent-mark: 0.001/0.001 secs] [Times: user=0.00 sys=0.00, real=0.00 secs] 
2014-07-10T09:58:04.359+0200: 30.507: [CMS-concurrent-preclean-start]
2014-07-10T09:58:04.360+0200: 30.507: [CMS-concurrent-preclean: 0.000/0.000 secs] [Times: user=0.00 sys=0.00, real=0.00 secs] 
2014-07-10T09:58:04.360+0200: 30.507: [CMS-concurrent-abortable-preclean-start]
2014-07-10T09:58:04.393+0200: 30.540: [GC (Allocation Failure) 30.540: [ParNew: 9751K->1059K(9792K), 0.0042257 secs] 24907K->20731K(31680K), 0.0044189 secs] [Times: user=0.00 sys=0.00, real=0.00 secs] 
2014-07-10T09:58:04.398+0200: 30.546: [CMS-concurrent-abortable-preclean: 0.001/0.039 secs] [Times: user=0.02 sys=0.00, real=0.04 secs] 
2014-07-10T09:58:04.399+0200: 30.546: [GC (CMS Final Remark) [YG occupancy: 3688 K (9792 K)]30.546: [Rescan (parallel) , 0.0001067 secs]30.546: [weak refs processing, 0.0000290 secs]30.546: [class unloading, 0.0007739 secs]30.547: [scrub symbol table, 0.0006885 secs]30.547: [scrub string table, 0.0001668 secs][1 CMS-remark: 19671K(21888K)] 23360K(31680K), 0.0019079 secs] [Times: user=0.00 sys=0.00, real=0.00 secs] 
2014-07-10T09:58:04.401+0200: 30.548: [CMS-concurrent-sweep-start]
2014-07-10T09:58:04.401+0200: 30.548: [CMS-concurrent-sweep: 0.000/0.000 secs] [Times: user=0.00 sys=0.00, real=0.00 secs] 
2014-07-10T09:58:04.401+0200: 30.548: [CMS-concurrent-reset-start]
2014-07-10T09:58:04.401+0200: 30.548: [CMS-concurrent-reset: 0.000/0.000 secs] [Times: user=0.00 sys=0.00, real=0.00 secs] 
2014-07-10T09:58:04.443+0200: 30.590: [GC (Allocation Failure) 30.590: [ParNew: 9745K->1059K(9792K), 0.0049384 secs] 19714K->16024K(31680K), 0.0050899 secs] [Times: user=0.00 sys=0.00, real=0.00 secs] 
2014-07-10T09:58:04.448+0200: 30.596: [GC (CMS Initial Mark) [1 CMS-initial-mark: 14964K(21888K)] 16122K(31680K), 0.0002420 secs] [Times: user=0.00 sys=0.00, real=0.00 secs] 
2014-07-10T09:58:04.449+0200: 30.596: [CMS-concurrent-mark-start]
2014-07-10T09:58:04.449+0200: 30.597: [CMS-concurrent-mark: 0.001/0.001 secs] [Times: user=0.00 sys=0.00, real=0.00 secs] 
2014-07-10T09:58:04.449+0200: 30.597: [CMS-concurrent-preclean-start]
2014-07-10T09:58:04.449+0200: 30.597: [CMS-concurrent-preclean: 0.000/0.000 secs] [Times: user=0.00 sys=0.00, real=0.00 secs] 
2014-07-10T09:58:04.449+0200: 30.597: [CMS-concurrent-abortable-preclean-start]
2014-07-10T09:58:04.452+0200: 30.599: [GC (Allocation Failure) 30.599: [ParNew: 9745K->1059K(9792K), 0.0052611 secs] 24710K->21500K(31680K), 0.0054140 secs] [Times: user=0.03 sys=0.00, real=0.01 secs] 
2014-07-10T09:58:04.458+0200: 30.606: [CMS-concurrent-abortable-preclean: 0.001/0.009 secs] [Times: user=0.03 sys=0.00, real=0.01 secs] 
2014-07-10T09:58:04.459+0200: 30.606: [GC (CMS Final Remark) [YG occupancy: 2726 K (9792 K)]30.606: [Rescan (parallel) , 0.0001129 secs]30.606: [weak refs processing, 0.0000264 secs]30.606: [class unloading, 0.0004407 secs]30.607: [scrub symbol table, 0.0005624 secs]30.607: [scrub string table, 0.0001866 secs][1 CMS-remark: 20440K(21888K)] 23167K(31680K), 0.0014408 secs] [Times: user=0.00 sys=0.00, real=0.00 secs] 
2014-07-10T09:58:04.460+0200: 30.607: [CMS-concurrent-sweep-start]
2014-07-10T09:58:04.460+0200: 30.608: [CMS-concurrent-sweep: 0.000/0.000 secs] [Times: user=0.00 sys=0.00, real=0.00 secs] 
2014-07-10T09:58:04.460+0200: 30.608: [CMS-concurrent-reset-start]
2014-07-10T09:58:04.461+0200: 30.608: [CMS-concurrent-reset: 0.000/0.000 secs] [Times: user=0.00 sys=0.00, real=0.00 secs] 
2014-07-10T09:58:04.493+0200: 30.640: [GC (Allocation Failure) 30.640: [ParNew: 9745K->1059K(9792K), 0.0059232 secs] 20611K->17880K(31680K), 0.0060669 secs] [Times: user=0.00 sys=0.00, real=0.01 secs] 
2014-07-10T09:58:04.499+0200: 30.646: [GC (CMS Initial Mark) [1 CMS-initial-mark: 16821K(21888K)] 17946K(31680K), 0.0002115 secs] [Times: user=0.00 sys=0.00, real=0.00 secs] 
2014-07-10T09:58:04.499+0200: 30.647: [CMS-concurrent-mark-start]
2014-07-10T09:58:04.500+0200: 30.647: [CMS-concurrent-mark: 0.001/0.001 secs] [Times: user=0.00 sys=0.00, real=0.00 secs] 
2014-07-10T09:58:04.500+0200: 30.647: [CMS-concurrent-preclean-start]
2014-07-10T09:58:04.500+0200: 30.647: [CMS-concurrent-preclean: 0.000/0.000 secs] [Times: user=0.00 sys=0.00, real=0.00 secs] 
2014-07-10T09:58:04.500+0200: 30.648: [GC (CMS Final Remark) [YG occupancy: 2246 K (9792 K)]30.648: [Rescan (parallel) , 0.0000957 secs]30.648: [weak refs processing, 0.0000249 secs]30.648: [class unloading, 0.0004073 secs]30.648: [scrub symbol table, 0.0005430 secs]30.649: [scrub string table, 0.0001789 secs][1 CMS-remark: 16821K(21888K)] 19067K(31680K), 0.0013620 secs] [Times: user=0.02 sys=0.00, real=0.00 secs] 
2014-07-10T09:58:04.502+0200: 30.649: [CMS-concurrent-sweep-start]
2014-07-10T09:58:04.502+0200: 30.649: [CMS-concurrent-sweep: 0.000/0.000 secs] [Times: user=0.00 sys=0.00, real=0.00 secs] 
2014-07-10T09:58:04.502+0200: 30.649: [CMS-concurrent-reset-start]
2014-07-10T09:58:04.502+0200: 30.649: [CMS-concurrent-reset: 0.000/0.000 secs] [Times: user=0.00 sys=0.00, real=0.00 secs] 
2014-07-10T09:58:04.543+0200: 30.690: [GC (Allocation Failure) 30.690: [ParNew: 9745K->1059K(9792K), 0.0058697 secs] 16095K->13845K(31680K), 0.0060299 secs] [Times: user=0.03 sys=0.00, real=0.01 secs] 
2014-07-10T09:58:04.549+0200: 30.697: [GC (CMS Initial Mark) [1 CMS-initial-mark: 12786K(21888K)] 13877K(31680K), 0.0001851 secs] [Times: user=0.00 sys=0.00, real=0.00 secs] 
2014-07-10T09:58:04.550+0200: 30.697: [CMS-concurrent-mark-start]
2014-07-10T09:58:04.550+0200: 30.698: [CMS-concurrent-mark: 0.001/0.001 secs] [Times: user=0.00 sys=0.00, real=0.00 secs] 
2014-07-10T09:58:04.550+0200: 30.698: [CMS-concurrent-preclean-start]
2014-07-10T09:58:04.551+0200: 30.698: [CMS-concurrent-preclean: 0.000/0.000 secs] [Times: user=0.00 sys=0.00, real=0.00 secs] 
2014-07-10T09:58:04.551+0200: 30.698: [CMS-concurrent-abortable-preclean-start]
2014-07-10T09:58:04.553+0200: 30.700: [GC (Allocation Failure) 30.700: [ParNew: 9745K->1059K(9792K), 0.0060119 secs] 22532K->20762K(31680K), 0.0061351 secs] [Times: user=0.00 sys=0.00, real=0.01 secs] 
2014-07-10T09:58:04.593+0200: 30.741: [GC (Allocation Failure) 30.741: [ParNew: 9751K->9751K(9792K), 0.0000499 secs]30.741: [CMS2014-07-10T09:58:04.594+0200: 30.741: [CMS-concurrent-abortable-preclean: 0.001/0.043 secs] [Times: user=0.00 sys=0.00, real=0.04 secs] 
 (concurrent mode failure): 19702K->7819K(21888K), 0.0078638 secs] 29453K->7819K(31680K), [Metaspace: 2457K->2457K(1056768K)], 0.0081387 secs] [Times: user=0.01 sys=0.00, real=0.01 secs] 
2014-07-10T09:58:04.644+0200: 30.791: [GC (Allocation Failure) 30.791: [ParNew: 8686K->1059K(9792K), 0.0057054 secs] 16506K->15734K(31680K), 0.0058392 secs] [Times: user=0.00 sys=0.00, real=0.01 secs] 
2014-07-10T09:58:04.650+0200: 30.797: [GC (CMS Initial Mark) [1 CMS-initial-mark: 14675K(21888K)] 15766K(31680K), 0.0002192 secs] [Times: user=0.00 sys=0.00, real=0.00 secs] 
2014-07-10T09:58:04.650+0200: 30.798: [CMS-concurrent-mark-start]
2014-07-10T09:58:04.651+0200: 30.798: [CMS-concurrent-mark: 0.001/0.001 secs] [Times: user=0.00 sys=0.00, real=0.00 secs] 
2014-07-10T09:58:04.651+0200: 30.798: [CMS-concurrent-preclean-start]
2014-07-10T09:58:04.651+0200: 30.798: [CMS-concurrent-preclean: 0.000/0.000 secs] [Times: user=0.00 sys=0.00, real=0.00 secs] 
2014-07-10T09:58:04.651+0200: 30.799: [CMS-concurrent-abortable-preclean-start]
2014-07-10T09:58:04.691+0200: 30.838: [GC (Allocation Failure) 30.838: [ParNew: 9747K->9747K(9792K), 0.0000436 secs]30.838: [CMS2014-07-10T09:58:04.691+0200: 30.838: [CMS-concurrent-abortable-preclean: 0.000/0.040 secs] [Times: user=0.00 sys=0.00, real=0.04 secs] 
 (concurrent mode failure): 14675K->584K(21888K), 0.0026456 secs] 24422K->584K(31680K), [Metaspace: 2457K->2457K(1056768K)], 0.0028054 secs] [Times: user=0.00 sys=0.00, real=0.00 secs] 
2014-07-10T09:58:04.741+0200: 30.889: [GC (Allocation Failure) 30.889: [ParNew: 8686K->675K(9792K), 0.0013144 secs] 9270K->1259K(31680K), 0.0014988 secs] [Times: user=0.00 sys=0.00, real=0.00 secs] 
2014-07-10T09:58:04.749+0200: 30.896: [GC (Allocation Failure) 30.897: [ParNew: 9361K->1059K(9792K), 0.0021213 secs] 9945K->1745K(31680K), 0.0023647 secs] [Times: user=0.03 sys=0.00, real=0.00 secs] 
2014-07-10T09:58:04.792+0200: 30.939: [GC (Allocation Failure) 30.940: [ParNew: 9745K->1059K(9792K), 0.0020073 secs] 10431K->2322K(31680K), 0.0022155 secs] [Times: user=0.00 sys=0.00, real=0.00 secs] 
2014-07-10T09:58:04.842+0200: 30.990: [GC (Allocation Failure) 30.990: [ParNew: 9745K->1059K(9792K), 0.0022914 secs] 11008K->3379K(31680K), 0.0024949 secs] [Times: user=0.03 sys=0.00, real=0.00 secs] 
2014-07-10T09:58:04.851+0200: 30.998: [GC (Allocation Failure) 30.999: [ParNew: 9745K->1059K(9792K), 0.0017268 secs] 12066K->4917K(31680K), 0.0018760 secs] [Times: user=0.00 sys=0.00, real=0.00 secs] 
2014-07-10T09:58:04.891+0200: 31.039: [GC (Allocation Failure) 31.039: [ParNew: 9733K->867K(9792K), 0.0009558 secs] 13591K->4727K(31680K), 0.0011006 secs] [Times: user=0.03 sys=0.00, real=0.00 secs] 
2014-07-10T09:58:04.941+0200: 31.089: [GC (Allocation Failure) 31.089: [ParNew: 9554K->1059K(9792K), 0.0011043 secs] 13413K->5210K(31680K), 0.0012454 secs] [Times: user=0.00 sys=0.00, real=0.00 secs] 
2014-07-10T09:58:04.946+0200: 31.094: [GC (Allocation Failure) 31.094: [ParNew: 9745K->1059K(9792K), 0.0016410 secs] 13896K->5979K(31680K), 0.0017877 secs] [Times: user=0.00 sys=0.00, real=0.00 secs] 
2014-07-10T09:58:04.992+0200: 31.139: [GC (Allocation Failure) 31.139: [ParNew: 9745K->1059K(9792K), 0.0014221 secs] 14666K->7229K(31680K), 0.0015497 secs] [Times: user=0.00 sys=0.00, real=0.00 secs] 
2014-07-10T09:58:05.043+0200: 31.190: [GC (Allocation Failure) 31.190: [ParNew: 9745K->1059K(9792K), 0.0027827 secs] 15915K->8959K(31680K), 0.0030096 secs] [Times: user=0.00 sys=0.00, real=0.00 secs] 
2014-07-10T09:58:05.053+0200: 31.200: [GC (Allocation Failure) 31.201: [ParNew: 9745K->1059K(9792K), 0.0040417 secs] 17645K->11169K(31680K), 0.0043156 secs] [Times: user=0.00 sys=0.00, real=0.00 secs] 
2014-07-10T09:58:05.093+0200: 31.240: [GC (Allocation Failure) 31.241: [ParNew: 9745K->1059K(9792K), 0.0041278 secs] 19855K->13859K(31680K), 0.0044662 secs] [Times: user=0.03 sys=0.00, real=0.01 secs] 
2014-07-10T09:58:05.150+0200: 31.298: [GC (Allocation Failure) 31.298: [ParNew: 9751K->1061K(9792K), 0.0034093 secs] 22551K->16008K(31680K), 0.0038466 secs] [Times: user=0.00 sys=0.00, real=0.00 secs] 
2014-07-10T09:58:05.166+0200: 31.313: [GC (Allocation Failure) 31.313: [ParNew: 9747K->1059K(9792K), 0.0044897 secs] 24694K->18632K(31680K), 0.0047643 secs] [Times: user=0.00 sys=0.00, real=0.01 secs] 
2014-07-10T09:58:05.172+0200: 31.319: [GC (CMS Initial Mark) [1 CMS-initial-mark: 17573K(21888K)] 18698K(31680K), 0.0003831 secs] [Times: user=0.00 sys=0.00, real=0.00 secs] 
2014-07-10T09:58:05.172+0200: 31.320: [CMS-concurrent-mark-start]
2014-07-10T09:58:05.175+0200: 31.322: [CMS-concurrent-mark: 0.002/0.002 secs] [Times: user=0.03 sys=0.00, real=0.00 secs] 
2014-07-10T09:58:05.175+0200: 31.322: [CMS-concurrent-preclean-start]
2014-07-10T09:58:05.175+0200: 31.322: [CMS-concurrent-preclean: 0.000/0.000 secs] [Times: user=0.00 sys=0.00, real=0.00 secs] 
2014-07-10T09:58:05.175+0200: 31.322: [CMS-concurrent-abortable-preclean-start]
2014-07-10T09:58:05.192+0200: 31.339: [GC (Allocation Failure) 31.339: [ParNew: 9745K->1059K(9792K), 0.0029235 secs] 27319K->21739K(31680K), 0.0030610 secs] [Times: user=0.00 sys=0.00, real=0.00 secs] 
2014-07-10T09:58:05.196+0200: 31.343: [CMS-concurrent-abortable-preclean: 0.001/0.021 secs] [Times: user=0.00 sys=0.00, real=0.02 secs] 
2014-07-10T09:58:05.196+0200: 31.344: [GC (CMS Final Remark) [YG occupancy: 3400 K (9792 K)]31.344: [Rescan (parallel) , 0.0001390 secs]31.344: [weak refs processing, 0.0000308 secs]31.344: [class unloading, 0.0007655 secs]31.345: [scrub symbol table, 0.0006493 secs]31.345: [scrub string table, 0.0002002 secs][1 CMS-remark: 20679K(21888K)] 24080K(31680K), 0.0019435 secs] [Times: user=0.00 sys=0.00, real=0.00 secs] 
2014-07-10T09:58:05.198+0200: 31.346: [CMS-concurrent-sweep-start]
2014-07-10T09:58:05.199+0200: 31.346: [CMS-concurrent-sweep: 0.000/0.000 secs] [Times: user=0.00 sys=0.00, real=0.00 secs] 
2014-07-10T09:58:05.199+0200: 31.346: [CMS-concurrent-reset-start]
2014-07-10T09:58:05.199+0200: 31.346: [CMS-concurrent-reset: 0.000/0.000 secs] [Times: user=0.00 sys=0.00, real=0.00 secs] 
2014-07-10T09:58:05.243+0200: 31.391: [GC (Allocation Failure) 31.391: [ParNew: 9745K->1059K(9792K), 0.0060981 secs] 15874K->10775K(31680K), 0.0063562 secs] [Times: user=0.00 sys=0.00, real=0.01 secs] 
2014-07-10T09:58:05.256+0200: 31.404: [GC (Allocation Failure) 31.404: [ParNew: 9745K->1059K(9792K), 0.0068108 secs] 19461K->14842K(31680K), 0.0071294 secs] [Times: user=0.00 sys=0.00, real=0.01 secs] 
2014-07-10T09:58:05.264+0200: 31.412: [GC (CMS Initial Mark) [1 CMS-initial-mark: 13782K(21888K)] 14908K(31680K), 0.0004066 secs] [Times: user=0.00 sys=0.00, real=0.00 secs] 
2014-07-10T09:58:05.265+0200: 31.412: [CMS-concurrent-mark-start]
2014-07-10T09:58:05.266+0200: 31.413: [CMS-concurrent-mark: 0.001/0.001 secs] [Times: user=0.03 sys=0.00, real=0.00 secs] 
2014-07-10T09:58:05.266+0200: 31.413: [CMS-concurrent-preclean-start]
2014-07-10T09:58:05.266+0200: 31.414: [CMS-concurrent-preclean: 0.000/0.000 secs] [Times: user=0.00 sys=0.00, real=0.00 secs] 
2014-07-10T09:58:05.266+0200: 31.414: [CMS-concurrent-abortable-preclean-start]
2014-07-10T09:58:05.293+0200: 31.440: [GC (Allocation Failure) 31.440: [ParNew: 9745K->1059K(9792K), 0.0042661 secs] 23528K->19389K(31680K), 0.0044197 secs] [Times: user=0.03 sys=0.00, real=0.00 secs] 
2014-07-10T09:58:05.343+0200: 31.490: [GC (Allocation Failure) 31.490: [ParNew: 9745K->9745K(9792K), 0.0000565 secs]31.490: [CMS2014-07-10T09:58:05.343+0200: 31.490: [CMS-concurrent-abortable-preclean: 0.001/0.077 secs] [Times: user=0.03 sys=0.00, real=0.08 secs] 
 (concurrent mode failure): 18329K->6476K(21888K), 0.0084760 secs] 28075K->6476K(31680K), [Metaspace: 2457K->2457K(1056768K)], 0.0087198 secs] [Times: user=0.02 sys=0.00, real=0.01 secs] 
2014-07-10T09:58:05.358+0200: 31.506: [GC (Allocation Failure) 31.506: [ParNew: 8697K->1061K(9792K), 0.0042265 secs] 15174K->11512K(31680K), 0.0045363 secs] [Times: user=0.03 sys=0.00, real=0.00 secs] 
2014-07-10T09:58:05.393+0200: 31.540: [GC (Allocation Failure) 31.540: [ParNew: 9747K->1059K(9792K), 0.0038283 secs] 20198K->15962K(31680K), 0.0041062 secs] [Times: user=0.00 sys=0.00, real=0.00 secs] 
2014-07-10T09:58:05.397+0200: 31.545: [GC (CMS Initial Mark) [1 CMS-initial-mark: 14903K(21888K)] 15994K(31680K), 0.0001811 secs] [Times: user=0.00 sys=0.00, real=0.00 secs] 
2014-07-10T09:58:05.397+0200: 31.545: [CMS-concurrent-mark-start]
2014-07-10T09:58:05.398+0200: 31.546: [CMS-concurrent-mark: 0.001/0.001 secs] [Times: user=0.00 sys=0.00, real=0.00 secs] 
2014-07-10T09:58:05.398+0200: 31.546: [CMS-concurrent-preclean-start]
2014-07-10T09:58:05.398+0200: 31.546: [CMS-concurrent-preclean: 0.000/0.000 secs] [Times: user=0.00 sys=0.00, real=0.00 secs] 
2014-07-10T09:58:05.398+0200: 31.546: [GC (CMS Final Remark) [YG occupancy: 3014 K (9792 K)]31.546: [Rescan (parallel) , 0.0000979 secs]31.546: [weak refs processing, 0.0000271 secs]31.546: [class unloading, 0.0005151 secs]31.547: [scrub symbol table, 0.0006196 secs]31.547: [scrub string table, 0.0001767 secs][1 CMS-remark: 14903K(21888K)] 17917K(31680K), 0.0015677 secs] [Times: user=0.00 sys=0.00, real=0.00 secs] 
2014-07-10T09:58:05.400+0200: 31.547: [CMS-concurrent-sweep-start]
2014-07-10T09:58:05.400+0200: 31.548: [CMS-concurrent-sweep: 0.000/0.000 secs] [Times: user=0.00 sys=0.00, real=0.00 secs] 
2014-07-10T09:58:05.400+0200: 31.548: [CMS-concurrent-reset-start]
2014-07-10T09:58:05.401+0200: 31.548: [CMS-concurrent-reset: 0.000/0.000 secs] [Times: user=0.00 sys=0.00, real=0.00 secs] 
2014-07-10T09:58:05.442+0200: 31.590: [GC (Allocation Failure) 31.590: [ParNew: 9745K->1059K(9792K), 0.0046165 secs] 14593K->10838K(31680K), 0.0047775 secs] [Times: user=0.00 sys=0.00, real=0.01 secs] 
2014-07-10T09:58:05.447+0200: 31.595: [GC (CMS Initial Mark) [1 CMS-initial-mark: 9779K(21888K)] 10870K(31680K), 0.0001965 secs] [Times: user=0.00 sys=0.00, real=0.00 secs] 
2014-07-10T09:58:05.448+0200: 31.595: [CMS-concurrent-mark-start]
2014-07-10T09:58:05.448+0200: 31.596: [CMS-concurrent-mark: 0.001/0.001 secs] [Times: user=0.00 sys=0.00, real=0.00 secs] 
2014-07-10T09:58:05.448+0200: 31.596: [CMS-concurrent-preclean-start]
2014-07-10T09:58:05.448+0200: 31.596: [CMS-concurrent-preclean: 0.000/0.000 secs] [Times: user=0.00 sys=0.00, real=0.00 secs] 
2014-07-10T09:58:05.449+0200: 31.596: [GC (CMS Final Remark) [YG occupancy: 2534 K (9792 K)]31.596: [Rescan (parallel) , 0.0001052 secs]31.596: [weak refs processing, 0.0000257 secs]31.596: [class unloading, 0.0004235 secs]31.597: [scrub symbol table, 0.0005562 secs]31.597: [scrub string table, 0.0001624 secs][1 CMS-remark: 9779K(21888K)] 12313K(31680K), 0.0013902 secs] [Times: user=0.00 sys=0.00, real=0.00 secs] 
2014-07-10T09:58:05.450+0200: 31.597: [CMS-concurrent-sweep-start]
2014-07-10T09:58:05.450+0200: 31.598: [CMS-concurrent-sweep: 0.000/0.000 secs] [Times: user=0.00 sys=0.00, real=0.00 secs] 
2014-07-10T09:58:05.450+0200: 31.598: [CMS-concurrent-reset-start]
2014-07-10T09:58:05.450+0200: 31.598: [CMS-concurrent-reset: 0.000/0.000 secs] [Times: user=0.00 sys=0.00, real=0.00 secs] 
2014-07-10T09:58:05.452+0200: 31.600: [GC (Allocation Failure) 31.600: [ParNew: 9745K->1059K(9792K), 0.0049571 secs] 15073K->11799K(31680K), 0.0051548 secs] [Times: user=0.00 sys=0.02, real=0.01 secs] 
2014-07-10T09:58:05.458+0200: 31.605: [GC (CMS Initial Mark) [1 CMS-initial-mark: 10739K(21888K)] 11831K(31680K), 0.0001859 secs] [Times: user=0.00 sys=0.00, real=0.00 secs] 
2014-07-10T09:58:05.458+0200: 31.605: [CMS-concurrent-mark-start]
2014-07-10T09:58:05.459+0200: 31.606: [CMS-concurrent-mark: 0.001/0.001 secs] [Times: user=0.00 sys=0.00, real=0.00 secs] 
2014-07-10T09:58:05.459+0200: 31.606: [CMS-concurrent-preclean-start]
2014-07-10T09:58:05.459+0200: 31.606: [CMS-concurrent-preclean: 0.000/0.000 secs] [Times: user=0.00 sys=0.00, real=0.00 secs] 
2014-07-10T09:58:05.459+0200: 31.606: [GC (CMS Final Remark) [YG occupancy: 2790 K (9792 K)]31.606: [Rescan (parallel) , 0.0001023 secs]31.607: [weak refs processing, 0.0000260 secs]31.607: [class unloading, 0.0004341 secs]31.607: [scrub symbol table, 0.0005492 secs]31.608: [scrub string table, 0.0001679 secs][1 CMS-remark: 10739K(21888K)] 13530K(31680K), 0.0013994 secs] [Times: user=0.00 sys=0.00, real=0.00 secs] 
2014-07-10T09:58:05.461+0200: 31.608: [CMS-concurrent-sweep-start]
2014-07-10T09:58:05.461+0200: 31.608: [CMS-concurrent-sweep: 0.000/0.000 secs] [Times: user=0.00 sys=0.00, real=0.00 secs] 
2014-07-10T09:58:05.461+0200: 31.608: [CMS-concurrent-reset-start]
2014-07-10T09:58:05.461+0200: 31.608: [CMS-concurrent-reset: 0.000/0.000 secs] [Times: user=0.00 sys=0.00, real=0.00 secs] 
2014-07-10T09:58:05.493+0200: 31.640: [GC (Allocation Failure) 31.640: [ParNew: 9745K->1059K(9792K), 0.0053227 secs] 15553K->12759K(31680K), 0.0054741 secs] [Times: user=0.00 sys=0.00, real=0.00 secs] 
2014-07-10T09:58:05.499+0200: 31.646: [GC (CMS Initial Mark) [1 CMS-initial-mark: 11700K(21888K)] 13113K(31680K), 0.0002163 secs] [Times: user=0.00 sys=0.00, real=0.00 secs] 
2014-07-10T09:58:05.499+0200: 31.646: [CMS-concurrent-mark-start]
2014-07-10T09:58:05.499+0200: 31.647: [CMS-concurrent-mark: 0.001/0.001 secs] [Times: user=0.02 sys=0.00, real=0.00 secs] 
2014-07-10T09:58:05.500+0200: 31.647: [CMS-concurrent-preclean-start]
2014-07-10T09:58:05.500+0200: 31.647: [CMS-concurrent-preclean: 0.000/0.000 secs] [Times: user=0.00 sys=0.00, real=0.00 secs] 
2014-07-10T09:58:05.500+0200: 31.647: [GC (CMS Final Remark) [YG occupancy: 2310 K (9792 K)]31.647: [Rescan (parallel) , 0.0000957 secs]31.647: [weak refs processing, 0.0000257 secs]31.647: [class unloading, 0.0004202 secs]31.648: [scrub symbol table, 0.0006614 secs]31.648: [scrub string table, 0.0001628 secs][1 CMS-remark: 11700K(21888K)] 14010K(31680K), 0.0014775 secs] [Times: user=0.00 sys=0.00, real=0.00 secs] 
2014-07-10T09:58:05.501+0200: 31.649: [CMS-concurrent-sweep-start]
2014-07-10T09:58:05.501+0200: 31.649: [CMS-concurrent-sweep: 0.000/0.000 secs] [Times: user=0.00 sys=0.00, real=0.00 secs] 
2014-07-10T09:58:05.502+0200: 31.649: [CMS-concurrent-reset-start]
2014-07-10T09:58:05.502+0200: 31.649: [CMS-concurrent-reset: 0.000/0.000 secs] [Times: user=0.00 sys=0.00, real=0.00 secs] 
2014-07-10T09:58:05.545+0200: 31.692: [GC (Allocation Failure) 31.693: [ParNew: 9745K->1059K(9792K), 0.0096067 secs] 16034K->13720K(31680K), 0.0098996 secs] [Times: user=0.03 sys=0.00, real=0.01 secs] 
2014-07-10T09:58:05.555+0200: 31.703: [GC (CMS Initial Mark) [1 CMS-initial-mark: 12660K(21888K)] 13786K(31680K), 0.0004433 secs] [Times: user=0.00 sys=0.00, real=0.00 secs] 
2014-07-10T09:58:05.556+0200: 31.703: [CMS-concurrent-mark-start]
2014-07-10T09:58:05.558+0200: 31.705: [CMS-concurrent-mark: 0.002/0.002 secs] [Times: user=0.00 sys=0.00, real=0.00 secs] 
2014-07-10T09:58:05.558+0200: 31.706: [CMS-concurrent-preclean-start]
2014-07-10T09:58:05.558+0200: 31.706: [CMS-concurrent-preclean: 0.000/0.000 secs] [Times: user=0.00 sys=0.00, real=0.00 secs] 
2014-07-10T09:58:05.559+0200: 31.706: [CMS-concurrent-abortable-preclean-start]
2014-07-10T09:58:05.562+0200: 31.710: [GC (Allocation Failure) 31.710: [ParNew: 9745K->1059K(9792K), 0.0075752 secs] 22406K->20572K(31680K), 0.0077754 secs] [Times: user=0.00 sys=0.01, real=0.01 secs] 
2014-07-10T09:58:05.594+0200: 31.741: [GC (Allocation Failure) 31.741: [ParNew: 9760K->9760K(9792K), 0.0000594 secs]31.741: [CMS2014-07-10T09:58:05.594+0200: 31.741: [CMS-concurrent-abortable-preclean: 0.001/0.035 secs] [Times: user=0.02 sys=0.01, real=0.04 secs] 
 (concurrent mode failure): 19513K->598K(21888K), 0.0048292 secs] 29273K->598K(31680K), [Metaspace: 2457K->2457K(1056768K)], 0.0050675 secs] [Times: user=0.00 sys=0.00, real=0.00 secs] 
2014-07-10T09:58:05.644+0200: 31.791: [GC (Allocation Failure) 31.791: [ParNew: 8682K->1059K(9792K), 0.0054719 secs] 9281K->7937K(31680K), 0.0056666 secs] [Times: user=0.00 sys=0.00, real=0.01 secs] 
2014-07-10T09:58:05.654+0200: 31.801: [GC (Allocation Failure) 31.802: [ParNew: 9745K->1059K(9792K), 0.0055973 secs] 16623K->14694K(31680K), 0.0057557 secs] [Times: user=0.03 sys=0.00, real=0.01 secs] 
2014-07-10T09:58:05.660+0200: 31.808: [GC (CMS Initial Mark) [1 CMS-initial-mark: 13634K(21888K)] 14760K(31680K), 0.0001851 secs] [Times: user=0.00 sys=0.00, real=0.00 secs] 
2014-07-10T09:58:05.660+0200: 31.808: [CMS-concurrent-mark-start]
2014-07-10T09:58:05.661+0200: 31.808: [CMS-concurrent-mark: 0.001/0.001 secs] [Times: user=0.00 sys=0.00, real=0.00 secs] 
2014-07-10T09:58:05.661+0200: 31.808: [CMS-concurrent-preclean-start]
2014-07-10T09:58:05.661+0200: 31.809: [CMS-concurrent-preclean: 0.000/0.000 secs] [Times: user=0.00 sys=0.00, real=0.00 secs] 
2014-07-10T09:58:05.661+0200: 31.809: [GC (CMS Final Remark) [YG occupancy: 1445 K (9792 K)]31.809: [Rescan (parallel) , 0.0001056 secs]31.809: [weak refs processing, 0.0000260 secs]31.809: [class unloading, 0.0004323 secs]31.809: [scrub symbol table, 0.0005338 secs]31.810: [scrub string table, 0.0001712 secs][1 CMS-remark: 13634K(21888K)] 15080K(31680K), 0.0013807 secs] [Times: user=0.00 sys=0.00, real=0.00 secs] 
2014-07-10T09:58:05.663+0200: 31.810: [CMS-concurrent-sweep-start]
2014-07-10T09:58:05.663+0200: 31.810: [CMS-concurrent-sweep: 0.000/0.000 secs] [Times: user=0.00 sys=0.00, real=0.00 secs] 
2014-07-10T09:58:05.663+0200: 31.810: [CMS-concurrent-reset-start]
2014-07-10T09:58:05.663+0200: 31.810: [CMS-concurrent-reset: 0.000/0.000 secs] [Times: user=0.00 sys=0.00, real=0.00 secs] 
2014-07-10T09:58:05.741+0200: 31.889: [GC (Allocation Failure) 31.889: [ParNew: 9747K->99K(9792K), 0.0010691 secs] 16900K->7252K(31680K), 0.0012883 secs] [Times: user=0.00 sys=0.00, real=0.00 secs] 
2014-07-10T09:58:05.748+0200: 31.896: [GC (Allocation Failure) 31.896: [ParNew: 8785K->580K(9792K), 0.0017239 secs] 15938K->7733K(31680K), 0.0019864 secs] [Times: user=0.03 sys=0.00, real=0.00 secs] 
2014-07-10T09:58:05.792+0200: 31.939: [GC (Allocation Failure) 31.939: [ParNew: 9266K->1059K(9792K), 0.0016146 secs] 16419K->8216K(31680K), 0.0018034 secs] [Times: user=0.00 sys=0.00, real=0.00 secs] 
2014-07-10T09:58:05.842+0200: 31.989: [GC (Allocation Failure) 31.990: [ParNew: 9745K->1059K(9792K), 0.0020054 secs] 16902K->8697K(31680K), 0.0022144 secs] [Times: user=0.03 sys=0.00, real=0.00 secs] 
2014-07-10T09:58:05.851+0200: 31.999: [GC (Allocation Failure) 31.999: [ParNew: 9745K->1059K(9792K), 0.0027193 secs] 17383K->9659K(31680K), 0.0029968 secs] [Times: user=0.00 sys=0.00, real=0.00 secs] 
2014-07-10T09:58:05.892+0200: 32.040: [GC (Allocation Failure) 32.040: [ParNew: 9760K->835K(9792K), 0.0014064 secs] 18360K->9435K(31680K), 0.0015882 secs] [Times: user=0.00 sys=0.00, real=0.00 secs] 
2014-07-10T09:58:05.941+0200: 32.089: [GC (Allocation Failure) 32.089: [ParNew: 9521K->1059K(9792K), 0.0011017 secs] 18122K->9918K(31680K), 0.0012484 secs] [Times: user=0.00 sys=0.00, real=0.00 secs] 
2014-07-10T09:58:05.946+0200: 32.094: [GC (Allocation Failure) 32.094: [ParNew: 9745K->1059K(9792K), 0.0016231 secs] 18605K->10656K(31680K), 0.0017668 secs] [Times: user=0.00 sys=0.00, real=0.00 secs] 
2014-07-10T09:58:05.992+0200: 32.140: [GC (Allocation Failure) 32.140: [ParNew: 9745K->1059K(9792K), 0.0023552 secs] 19342K->11874K(31680K), 0.0025370 secs] [Times: user=0.00 sys=0.00, real=0.00 secs] 
2014-07-10T09:58:06.042+0200: 32.189: [GC (Allocation Failure) 32.189: [ParNew: 9745K->1059K(9792K), 0.0016069 secs] 20560K->13571K(31680K), 0.0017470 secs] [Times: user=0.00 sys=0.00, real=0.00 secs] 
2014-07-10T09:58:06.048+0200: 32.195: [GC (Allocation Failure) 32.195: [ParNew: 9745K->1059K(9792K), 0.0034323 secs] 22258K->15750K(31680K), 0.0035966 secs] [Times: user=0.00 sys=0.00, real=0.00 secs] 
2014-07-10T09:58:06.093+0200: 32.241: [GC (Allocation Failure) 32.241: [ParNew: 9745K->1059K(9792K), 0.0023706 secs] 24436K->18408K(31680K), 0.0025228 secs] [Times: user=0.00 sys=0.00, real=0.00 secs] 
2014-07-10T09:58:06.096+0200: 32.244: [GC (CMS Initial Mark) [1 CMS-initial-mark: 17348K(21888K)] 18474K(31680K), 0.0002566 secs] [Times: user=0.00 sys=0.00, real=0.00 secs] 
2014-07-10T09:58:06.097+0200: 32.244: [CMS-concurrent-mark-start]
2014-07-10T09:58:06.098+0200: 32.245: [CMS-concurrent-mark: 0.001/0.001 secs] [Times: user=0.00 sys=0.00, real=0.00 secs] 
2014-07-10T09:58:06.098+0200: 32.245: [CMS-concurrent-preclean-start]
2014-07-10T09:58:06.098+0200: 32.245: [CMS-concurrent-preclean: 0.000/0.000 secs] [Times: user=0.00 sys=0.00, real=0.00 secs] 
2014-07-10T09:58:06.098+0200: 32.245: [CMS-concurrent-abortable-preclean-start]
2014-07-10T09:58:06.142+0200: 32.290: [GC (Allocation Failure) 32.290: [ParNew: 9751K->1061K(9792K), 0.0056519 secs] 27100K->20524K(31680K), 0.0059177 secs] [Times: user=0.00 sys=0.00, real=0.01 secs] 
2014-07-10T09:58:06.157+0200: 32.305: [GC (Allocation Failure) 32.305: [ParNew: 9747K->9747K(9792K), 0.0001386 secs]32.305: [CMS2014-07-10T09:58:06.158+0200: 32.305: [CMS-concurrent-abortable-preclean: 0.001/0.060 secs] [Times: user=0.02 sys=0.00, real=0.06 secs] 
 (concurrent mode failure): 19463K->4046K(21888K), 0.0093178 secs] 29210K->4046K(31680K), [Metaspace: 2457K->2457K(1056768K)], 0.0097013 secs] [Times: user=0.00 sys=0.00, real=0.01 secs] 
2014-07-10T09:58:06.192+0200: 32.339: [GC (Allocation Failure) 32.339: [ParNew: 8686K->1059K(9792K), 0.0028564 secs] 12732K->8183K(31680K), 0.0029887 secs] [Times: user=0.00 sys=0.00, real=0.00 secs] 
2014-07-10T09:58:06.244+0200: 32.392: [GC (Allocation Failure) 32.392: [ParNew: 9745K->1059K(9792K), 0.0059789 secs] 16869K->11738K(31680K), 0.0062304 secs] [Times: user=0.03 sys=0.00, real=0.01 secs] 
2014-07-10T09:58:06.256+0200: 32.404: [GC (Allocation Failure) 32.404: [ParNew: 9745K->1059K(9792K), 0.0043112 secs] 20424K->15773K(31680K), 0.0044970 secs] [Times: user=0.00 sys=0.00, real=0.00 secs] 
2014-07-10T09:58:06.261+0200: 32.408: [GC (CMS Initial Mark) [1 CMS-initial-mark: 14713K(21888K)] 15839K(31680K), 0.0002577 secs] [Times: user=0.00 sys=0.00, real=0.00 secs] 
2014-07-10T09:58:06.261+0200: 32.409: [CMS-concurrent-mark-start]
2014-07-10T09:58:06.262+0200: 32.410: [CMS-concurrent-mark: 0.001/0.001 secs] [Times: user=0.00 sys=0.00, real=0.00 secs] 
2014-07-10T09:58:06.262+0200: 32.410: [CMS-concurrent-preclean-start]
2014-07-10T09:58:06.262+0200: 32.410: [CMS-concurrent-preclean: 0.000/0.000 secs] [Times: user=0.00 sys=0.00, real=0.00 secs] 
2014-07-10T09:58:06.262+0200: 32.410: [CMS-concurrent-abortable-preclean-start]
2014-07-10T09:58:06.293+0200: 32.440: [GC (Allocation Failure) 32.440: [ParNew: 9745K->1059K(9792K), 0.0042151 secs] 24459K->20288K(31680K), 0.0043687 secs] [Times: user=0.03 sys=0.00, real=0.00 secs] 
2014-07-10T09:58:06.298+0200: 32.446: [CMS-concurrent-abortable-preclean: 0.001/0.036 secs] [Times: user=0.03 sys=0.00, real=0.04 secs] 
2014-07-10T09:58:06.299+0200: 32.446: [GC (CMS Final Remark) [YG occupancy: 3688 K (9792 K)]32.446: [Rescan (parallel) , 0.0001620 secs]32.446: [weak refs processing, 0.0000367 secs]32.446: [class unloading, 0.0006324 secs]32.447: [scrub symbol table, 0.0007336 secs]32.448: [scrub string table, 0.0002555 secs][1 CMS-remark: 19228K(21888K)] 22917K(31680K), 0.0020025 secs] [Times: user=0.00 sys=0.00, real=0.00 secs] 
2014-07-10T09:58:06.301+0200: 32.448: [CMS-concurrent-sweep-start]
2014-07-10T09:58:06.301+0200: 32.449: [CMS-concurrent-sweep: 0.000/0.000 secs] [Times: user=0.00 sys=0.00, real=0.00 secs] 
2014-07-10T09:58:06.301+0200: 32.449: [CMS-concurrent-reset-start]
2014-07-10T09:58:06.301+0200: 32.449: [CMS-concurrent-reset: 0.000/0.000 secs] [Times: user=0.00 sys=0.00, real=0.00 secs] 
2014-07-10T09:58:06.343+0200: 32.490: [GC (Allocation Failure) 32.491: [ParNew: 9745K->1059K(9792K), 0.0046664 secs] 18694K->15003K(31680K), 0.0048281 secs] [Times: user=0.00 sys=0.00, real=0.01 secs] 
2014-07-10T09:58:06.348+0200: 32.496: [GC (CMS Initial Mark) [1 CMS-initial-mark: 13944K(21888K)] 15069K(31680K), 0.0002720 secs] [Times: user=0.00 sys=0.00, real=0.00 secs] 
2014-07-10T09:58:06.349+0200: 32.496: [CMS-concurrent-mark-start]
2014-07-10T09:58:06.350+0200: 32.497: [CMS-concurrent-mark: 0.001/0.001 secs] [Times: user=0.00 sys=0.00, real=0.00 secs] 
2014-07-10T09:58:06.350+0200: 32.497: [CMS-concurrent-preclean-start]
2014-07-10T09:58:06.350+0200: 32.497: [CMS-concurrent-preclean: 0.000/0.000 secs] [Times: user=0.00 sys=0.00, real=0.00 secs] 
2014-07-10T09:58:06.350+0200: 32.497: [CMS-concurrent-abortable-preclean-start]
2014-07-10T09:58:06.352+0200: 32.500: [GC (Allocation Failure) 32.500: [ParNew: 9757K->1061K(9792K), 0.0041990 secs] 23701K->18944K(31680K), 0.0043779 secs] [Times: user=0.00 sys=0.00, real=0.01 secs] 
2014-07-10T09:58:06.392+0200: 32.540: [GC (Allocation Failure) 32.540: [ParNew: 9753K->9753K(9792K), 0.0000565 secs]32.540: [CMS2014-07-10T09:58:06.393+0200: 32.540: [CMS-concurrent-abortable-preclean: 0.001/0.043 secs] [Times: user=0.02 sys=0.02, real=0.04 secs] 
 (concurrent mode failure): 17883K->5359K(21888K), 0.0069468 secs] 27636K->5359K(31680K), [Metaspace: 2457K->2457K(1056768K)], 0.0071826 secs] [Times: user=0.00 sys=0.00, real=0.01 secs] 
2014-07-10T09:58:06.443+0200: 32.590: [GC (Allocation Failure) 32.590: [ParNew: 8686K->1059K(9792K), 0.0040996 secs] 14046K->10809K(31680K), 0.0042811 secs] [Times: user=0.00 sys=0.00, real=0.00 secs] 
2014-07-10T09:58:06.452+0200: 32.599: [GC (Allocation Failure) 32.599: [ParNew: 9745K->1059K(9792K), 0.0044516 secs] 19495K->15677K(31680K), 0.0046261 secs] [Times: user=0.00 sys=0.00, real=0.01 secs] 
2014-07-10T09:58:06.457+0200: 32.604: [GC (CMS Initial Mark) [1 CMS-initial-mark: 14617K(21888K)] 15743K(31680K), 0.0002288 secs] [Times: user=0.00 sys=0.00, real=0.00 secs] 
2014-07-10T09:58:06.457+0200: 32.605: [CMS-concurrent-mark-start]
2014-07-10T09:58:06.458+0200: 32.606: [CMS-concurrent-mark: 0.001/0.001 secs] [Times: user=0.00 sys=0.00, real=0.00 secs] 
2014-07-10T09:58:06.458+0200: 32.606: [CMS-concurrent-preclean-start]
2014-07-10T09:58:06.458+0200: 32.606: [CMS-concurrent-preclean: 0.000/0.000 secs] [Times: user=0.00 sys=0.00, real=0.00 secs] 
2014-07-10T09:58:06.458+0200: 32.606: [CMS-concurrent-abortable-preclean-start]
2014-07-10T09:58:06.492+0200: 32.640: [GC (Allocation Failure) 32.640: [ParNew: 9745K->1059K(9792K), 0.0049124 secs] 24363K->21024K(31680K), 0.0050561 secs] [Times: user=0.00 sys=0.00, real=0.00 secs] 
2014-07-10T09:58:06.499+0200: 32.646: [CMS-concurrent-abortable-preclean: 0.001/0.040 secs] [Times: user=0.03 sys=0.00, real=0.04 secs] 
2014-07-10T09:58:06.499+0200: 32.646: [GC (CMS Final Remark) [YG occupancy: 2854 K (9792 K)]32.646: [Rescan (parallel) , 0.0001144 secs]32.646: [weak refs processing, 0.0000271 secs]32.646: [class unloading, 0.0004667 secs]32.647: [scrub symbol table, 0.0005972 secs]32.647: [scrub string table, 0.0001701 secs][1 CMS-remark: 19965K(21888K)] 22819K(31680K), 0.0014947 secs] [Times: user=0.00 sys=0.00, real=0.00 secs] 
2014-07-10T09:58:06.500+0200: 32.648: [CMS-concurrent-sweep-start]
2014-07-10T09:58:06.501+0200: 32.648: [CMS-concurrent-sweep: 0.000/0.000 secs] [Times: user=0.00 sys=0.00, real=0.00 secs] 
2014-07-10T09:58:06.501+0200: 32.648: [CMS-concurrent-reset-start]
2014-07-10T09:58:06.501+0200: 32.648: [CMS-concurrent-reset: 0.000/0.000 secs] [Times: user=0.00 sys=0.00, real=0.00 secs] 
2014-07-10T09:58:06.543+0200: 32.690: [GC (Allocation Failure) 32.691: [ParNew: 9745K->1059K(9792K), 0.0050602 secs] 20360K->17501K(31680K), 0.0052134 secs] [Times: user=0.03 sys=0.00, real=0.01 secs] 
2014-07-10T09:58:06.549+0200: 32.696: [GC (CMS Initial Mark) [1 CMS-initial-mark: 16442K(21888K)] 17568K(31680K), 0.0003080 secs] [Times: user=0.00 sys=0.00, real=0.00 secs] 
2014-07-10T09:58:06.549+0200: 32.697: [CMS-concurrent-mark-start]
2014-07-10T09:58:06.550+0200: 32.697: [CMS-concurrent-mark: 0.001/0.001 secs] [Times: user=0.00 sys=0.00, real=0.00 secs] 
2014-07-10T09:58:06.550+0200: 32.697: [CMS-concurrent-preclean-start]
2014-07-10T09:58:06.550+0200: 32.698: [CMS-concurrent-preclean: 0.000/0.000 secs] [Times: user=0.00 sys=0.00, real=0.00 secs] 
2014-07-10T09:58:06.550+0200: 32.698: [CMS-concurrent-abortable-preclean-start]
2014-07-10T09:58:06.553+0200: 32.700: [GC (Allocation Failure) 32.700: [ParNew: 9745K->9745K(9792K), 0.0000451 secs]32.700: [CMS2014-07-10T09:58:06.553+0200: 32.700: [CMS-concurrent-abortable-preclean: 0.000/0.003 secs] [Times: user=0.00 sys=0.00, real=0.00 secs] 
 (concurrent mode failure): 16442K->7761K(21888K), 0.0079609 secs] 26188K->7761K(31680K), [Metaspace: 2457K->2457K(1056768K)], 0.0081523 secs] [Times: user=0.01 sys=0.00, real=0.01 secs] 
2014-07-10T09:58:06.594+0200: 32.741: [GC (Allocation Failure) 32.741: [ParNew: 8691K->1059K(9792K), 0.0052295 secs] 16452K->14587K(31680K), 0.0054085 secs] [Times: user=0.00 sys=0.00, real=0.00 secs] 
2014-07-10T09:58:06.600+0200: 32.747: [GC (CMS Initial Mark) [1 CMS-initial-mark: 13527K(21888K)] 14909K(31680K), 0.0001936 secs] [Times: user=0.00 sys=0.00, real=0.00 secs] 
2014-07-10T09:58:06.600+0200: 32.747: [CMS-concurrent-mark-start]
2014-07-10T09:58:06.601+0200: 32.748: [CMS-concurrent-mark: 0.001/0.001 secs] [Times: user=0.00 sys=0.00, real=0.00 secs] 
2014-07-10T09:58:06.601+0200: 32.748: [CMS-concurrent-preclean-start]
2014-07-10T09:58:06.601+0200: 32.748: [CMS-concurrent-preclean: 0.000/0.000 secs] [Times: user=0.00 sys=0.00, real=0.00 secs] 
2014-07-10T09:58:06.601+0200: 32.748: [GC (CMS Final Remark) [YG occupancy: 2438 K (9792 K)]32.748: [Rescan (parallel) , 0.0000829 secs]32.748: [weak refs processing, 0.0000264 secs]32.748: [class unloading, 0.0004169 secs]32.749: [scrub symbol table, 0.0005778 secs]32.749: [scrub string table, 0.0001675 secs][1 CMS-remark: 13527K(21888K)] 15966K(31680K), 0.0013954 secs] [Times: user=0.00 sys=0.00, real=0.00 secs] 
2014-07-10T09:58:06.602+0200: 32.750: [CMS-concurrent-sweep-start]
2014-07-10T09:58:06.602+0200: 32.750: [CMS-concurrent-sweep: 0.000/0.000 secs] [Times: user=0.00 sys=0.00, real=0.00 secs] 
2014-07-10T09:58:06.602+0200: 32.750: [CMS-concurrent-reset-start]
2014-07-10T09:58:06.602+0200: 32.750: [CMS-concurrent-reset: 0.000/0.000 secs] [Times: user=0.00 sys=0.00, real=0.00 secs] 
2014-07-10T09:58:06.644+0200: 32.791: [GC (Allocation Failure) 32.792: [ParNew: 9745K->1059K(9792K), 0.0054708 secs] 15908K->13466K(31680K), 0.0056160 secs] [Times: user=0.00 sys=0.00, real=0.01 secs] 
2014-07-10T09:58:06.650+0200: 32.797: [GC (CMS Initial Mark) [1 CMS-initial-mark: 12407K(21888K)] 13533K(31680K), 0.0001976 secs] [Times: user=0.00 sys=0.00, real=0.00 secs] 
2014-07-10T09:58:06.650+0200: 32.798: [CMS-concurrent-mark-start]
2014-07-10T09:58:06.651+0200: 32.798: [CMS-concurrent-mark: 0.001/0.001 secs] [Times: user=0.00 sys=0.00, real=0.00 secs] 
2014-07-10T09:58:06.651+0200: 32.799: [CMS-concurrent-preclean-start]
2014-07-10T09:58:06.651+0200: 32.799: [CMS-concurrent-preclean: 0.000/0.000 secs] [Times: user=0.00 sys=0.00, real=0.00 secs] 
2014-07-10T09:58:06.651+0200: 32.799: [CMS-concurrent-abortable-preclean-start]
2014-07-10T09:58:06.654+0200: 32.802: [GC (Allocation Failure) 32.802: [ParNew: 9745K->1059K(9792K), 0.0053615 secs] 22153K->20191K(31680K), 0.0055009 secs] [Times: user=0.00 sys=0.00, real=0.01 secs] 
2014-07-10T09:58:06.741+0200: 32.888: [GC (Allocation Failure) 32.888: [ParNew: 9747K->9747K(9792K), 0.0000972 secs]32.889: [CMS2014-07-10T09:58:06.741+0200: 32.889: [CMS-concurrent-abortable-preclean: 0.001/0.090 secs] [Times: user=0.01 sys=0.00, real=0.09 secs] 
 (concurrent mode failure): 19131K->461K(21888K), 0.0069670 secs] 28879K->461K(31680K), [Metaspace: 2457K->2457K(1056768K)], 0.0073310 secs] [Times: user=0.02 sys=0.00, real=0.01 secs] 
2014-07-10T09:58:06.755+0200: 32.902: [GC (Allocation Failure) 32.902: [ParNew: 8686K->547K(9792K), 0.0014771 secs] 9147K->1008K(31680K), 0.0016810 secs] [Times: user=0.00 sys=0.00, real=0.00 secs] 
2014-07-10T09:58:06.791+0200: 32.939: [GC (Allocation Failure) 32.939: [ParNew: 9233K->1027K(9792K), 0.0009470 secs] 9695K->1494K(31680K), 0.0010559 secs] [Times: user=0.00 sys=0.00, real=0.00 secs] 
2014-07-10T09:58:06.842+0200: 32.989: [GC (Allocation Failure) 32.989: [ParNew: 9713K->1059K(9792K), 0.0011600 secs] 10180K->1975K(31680K), 0.0012832 secs] [Times: user=0.00 sys=0.00, real=0.00 secs] 
2014-07-10T09:58:06.847+0200: 32.994: [GC (Allocation Failure) 32.994: [ParNew: 9745K->1059K(9792K), 0.0016839 secs] 10661K->2905K(31680K), 0.0018214 secs] [Times: user=0.00 sys=0.00, real=0.00 secs] 
2014-07-10T09:58:06.891+0200: 33.039: [GC (Allocation Failure) 33.039: [ParNew: 9761K->803K(9792K), 0.0013811 secs] 11607K->2649K(31680K), 0.0016102 secs] [Times: user=0.00 sys=0.00, real=0.00 secs] 
2014-07-10T09:58:06.942+0200: 33.089: [GC (Allocation Failure) 33.090: [ParNew: 9489K->1059K(9792K), 0.0018027 secs] 11336K->3132K(31680K), 0.0020029 secs] [Times: user=0.00 sys=0.00, real=0.00 secs] 
2014-07-10T09:58:06.951+0200: 33.098: [GC (Allocation Failure) 33.099: [ParNew: 9745K->1059K(9792K), 0.0025169 secs] 11819K->3838K(31680K), 0.0027376 secs] [Times: user=0.00 sys=0.00, real=0.00 secs] 
2014-07-10T09:58:06.992+0200: 33.140: [GC (Allocation Failure) 33.140: [ParNew: 9745K->1059K(9792K), 0.0028439 secs] 12524K->5024K(31680K), 0.0031193 secs] [Times: user=0.00 sys=0.00, real=0.00 secs] 
2014-07-10T09:58:07.042+0200: 33.189: [GC (Allocation Failure) 33.189: [ParNew: 9745K->1059K(9792K), 0.0014284 secs] 13710K->6689K(31680K), 0.0015494 secs] [Times: user=0.00 sys=0.00, real=0.00 secs] 
2014-07-10T09:58:07.047+0200: 33.194: [GC (Allocation Failure) 33.195: [ParNew: 9745K->1059K(9792K), 0.0025532 secs] 15376K->8836K(31680K), 0.0027028 secs] [Times: user=0.00 sys=0.00, real=0.00 secs] 
2014-07-10T09:58:07.093+0200: 33.241: [GC (Allocation Failure) 33.241: [ParNew: 9745K->1059K(9792K), 0.0023317 secs] 17522K->11462K(31680K), 0.0024945 secs] [Times: user=0.00 sys=0.00, real=0.00 secs] 
2014-07-10T09:58:07.141+0200: 33.289: [GC (Allocation Failure) 33.289: [ParNew: 9757K->1061K(9792K), 0.0014295 secs] 20159K->13034K(31680K), 0.0015435 secs] [Times: user=0.00 sys=0.00, real=0.00 secs] 
2014-07-10T09:58:07.147+0200: 33.295: [GC (Allocation Failure) 33.295: [ParNew: 9747K->1059K(9792K), 0.0023981 secs] 21720K->15083K(31680K), 0.0026225 secs] [Times: user=0.00 sys=0.00, real=0.00 secs] 
2014-07-10T09:58:07.193+0200: 33.340: [GC (Allocation Failure) 33.341: [ParNew: 9745K->1059K(9792K), 0.0039805 secs] 23769K->17613K(31680K), 0.0043680 secs] [Times: user=0.00 sys=0.00, real=0.00 secs] 
2014-07-10T09:58:07.198+0200: 33.346: [GC (CMS Initial Mark) [1 CMS-initial-mark: 16554K(21888K)] 17679K(31680K), 0.0004729 secs] [Times: user=0.00 sys=0.00, real=0.00 secs] 
2014-07-10T09:58:07.199+0200: 33.346: [CMS-concurrent-mark-start]
2014-07-10T09:58:07.201+0200: 33.349: [CMS-concurrent-mark: 0.003/0.003 secs] [Times: user=0.03 sys=0.00, real=0.00 secs] 
2014-07-10T09:58:07.202+0200: 33.349: [CMS-concurrent-preclean-start]
2014-07-10T09:58:07.202+0200: 33.349: [CMS-concurrent-preclean: 0.000/0.000 secs] [Times: user=0.00 sys=0.00, real=0.00 secs] 
2014-07-10T09:58:07.202+0200: 33.349: [CMS-concurrent-abortable-preclean-start]
2014-07-10T09:58:07.242+0200: 33.389: [GC (Allocation Failure) 33.390: [ParNew: 9745K->1059K(9792K), 0.0029605 secs] 26299K->20624K(31680K), 0.0031138 secs] [Times: user=0.00 sys=0.00, real=0.00 secs] 
2014-07-10T09:58:07.246+0200: 33.394: [CMS-concurrent-abortable-preclean: 0.001/0.044 secs] [Times: user=0.00 sys=0.00, real=0.04 secs] 
2014-07-10T09:58:07.246+0200: 33.394: [GC (CMS Final Remark) [YG occupancy: 3336 K (9792 K)]33.394: [Rescan (parallel) , 0.0001818 secs]33.394: [weak refs processing, 0.0000367 secs]33.394: [class unloading, 0.0007124 secs]33.395: [scrub symbol table, 0.0010057 secs]33.396: [scrub string table, 0.0002456 secs][1 CMS-remark: 19564K(21888K)] 22901K(31680K), 0.0023937 secs] [Times: user=0.03 sys=0.00, real=0.00 secs] 
2014-07-10T09:58:07.249+0200: 33.396: [CMS-concurrent-sweep-start]
2014-07-10T09:58:07.249+0200: 33.397: [CMS-concurrent-sweep: 0.001/0.001 secs] [Times: user=0.00 sys=0.00, real=0.00 secs] 
2014-07-10T09:58:07.250+0200: 33.397: [CMS-concurrent-reset-start]
2014-07-10T09:58:07.250+0200: 33.397: [CMS-concurrent-reset: 0.000/0.000 secs] [Times: user=0.00 sys=0.00, real=0.00 secs] 
2014-07-10T09:58:07.252+0200: 33.400: [GC (Allocation Failure) 33.400: [ParNew: 9745K->1059K(9792K), 0.0043247 secs] 15687K->10492K(31680K), 0.0045245 secs] [Times: user=0.00 sys=0.00, real=0.00 secs] 
2014-07-10T09:58:07.293+0200: 33.440: [GC (Allocation Failure) 33.440: [ParNew: 9745K->1059K(9792K), 0.0045036 secs] 19178K->14463K(31680K), 0.0046646 secs] [Times: user=0.03 sys=0.00, real=0.00 secs] 
2014-07-10T09:58:07.298+0200: 33.445: [GC (CMS Initial Mark) [1 CMS-initial-mark: 13403K(21888K)] 14561K(31680K), 0.0002621 secs] [Times: user=0.00 sys=0.00, real=0.00 secs] 
2014-07-10T09:58:07.298+0200: 33.445: [CMS-concurrent-mark-start]
2014-07-10T09:58:07.299+0200: 33.447: [CMS-concurrent-mark: 0.001/0.001 secs] [Times: user=0.00 sys=0.00, real=0.00 secs] 
2014-07-10T09:58:07.299+0200: 33.447: [CMS-concurrent-preclean-start]
2014-07-10T09:58:07.299+0200: 33.447: [CMS-concurrent-preclean: 0.000/0.000 secs] [Times: user=0.00 sys=0.00, real=0.00 secs] 
2014-07-10T09:58:07.299+0200: 33.447: [CMS-concurrent-abortable-preclean-start]
2014-07-10T09:58:07.345+0200: 33.492: [GC (Allocation Failure) 33.492: [ParNew: 9745K->1059K(9792K), 0.0080588 secs] 23149K->18914K(31680K), 0.0083305 secs] [Times: user=0.00 sys=0.00, real=0.01 secs] 
2014-07-10T09:58:07.356+0200: 33.503: [CMS-concurrent-abortable-preclean: 0.001/0.056 secs] [Times: user=0.03 sys=0.00, real=0.06 secs] 
2014-07-10T09:58:07.356+0200: 33.504: [GC (CMS Final Remark) [YG occupancy: 4747 K (9792 K)]33.504: [Rescan (parallel) , 0.0002962 secs]33.504: [weak refs processing, 0.0000752 secs]33.504: [class unloading, 0.0011527 secs]33.505: [scrub symbol table, 0.0016626 secs]33.507: [scrub string table, 0.0004839 secs][1 CMS-remark: 17855K(21888K)] 22602K(31680K), 0.0041022 secs] [Times: user=0.00 sys=0.00, real=0.00 secs] 
2014-07-10T09:58:07.360+0200: 33.508: [CMS-concurrent-sweep-start]
2014-07-10T09:58:07.361+0200: 33.509: [CMS-concurrent-sweep: 0.001/0.001 secs] [Times: user=0.00 sys=0.00, real=0.00 secs] 
2014-07-10T09:58:07.361+0200: 33.509: [CMS-concurrent-reset-start]
2014-07-10T09:58:07.362+0200: 33.509: [CMS-concurrent-reset: 0.000/0.000 secs] [Times: user=0.00 sys=0.00, real=0.00 secs] 
2014-07-10T09:58:07.364+0200: 33.511: [GC (Allocation Failure) 33.511: [ParNew: 9745K->1059K(9792K), 0.0053069 secs] 18569K->14814K(31680K), 0.0054495 secs] [Times: user=0.00 sys=0.00, real=0.00 secs] 
2014-07-10T09:58:07.370+0200: 33.517: [GC (CMS Initial Mark) [1 CMS-initial-mark: 13754K(21888K)] 15456K(31680K), 0.0002321 secs] [Times: user=0.00 sys=0.00, real=0.00 secs] 
2014-07-10T09:58:07.370+0200: 33.517: [CMS-concurrent-mark-start]
2014-07-10T09:58:07.371+0200: 33.518: [CMS-concurrent-mark: 0.001/0.001 secs] [Times: user=0.00 sys=0.00, real=0.00 secs] 
2014-07-10T09:58:07.371+0200: 33.518: [CMS-concurrent-preclean-start]
2014-07-10T09:58:07.371+0200: 33.518: [CMS-concurrent-preclean: 0.000/0.000 secs] [Times: user=0.00 sys=0.00, real=0.00 secs] 
2014-07-10T09:58:07.371+0200: 33.518: [CMS-concurrent-abortable-preclean-start]
2014-07-10T09:58:07.393+0200: 33.540: [GC (Allocation Failure) 33.540: [ParNew: 9757K->1059K(9792K), 0.0036960 secs] 23511K->18689K(31680K), 0.0038323 secs] [Times: user=0.00 sys=0.00, real=0.00 secs] 
2014-07-10T09:58:07.442+0200: 33.590: [GC (Allocation Failure) 33.590: [ParNew: 9745K->9745K(9792K), 0.0000491 secs]33.590: [CMS2014-07-10T09:58:07.443+0200: 33.590: [CMS-concurrent-abortable-preclean: 0.001/0.072 secs] [Times: user=0.00 sys=0.00, real=0.07 secs] 
 (concurrent mode failure): 17629K->5810K(21888K), 0.0065776 secs] 27375K->5810K(31680K), [Metaspace: 2457K->2457K(1056768K)], 0.0069285 secs] [Times: user=0.00 sys=0.00, real=0.01 secs] 
2014-07-10T09:58:07.453+0200: 33.601: [GC (Allocation Failure) 33.601: [ParNew: 8686K->1059K(9792K), 0.0046433 secs] 14496K->11708K(31680K), 0.0048054 secs] [Times: user=0.00 sys=0.00, real=0.00 secs] 
2014-07-10T09:58:07.458+0200: 33.606: [GC (CMS Initial Mark) [1 CMS-initial-mark: 10648K(21888K)] 11774K(31680K), 0.0002291 secs] [Times: user=0.00 sys=0.00, real=0.00 secs] 
2014-07-10T09:58:07.458+0200: 33.606: [CMS-concurrent-mark-start]
2014-07-10T09:58:07.459+0200: 33.607: [CMS-concurrent-mark: 0.001/0.001 secs] [Times: user=0.00 sys=0.00, real=0.00 secs] 
2014-07-10T09:58:07.459+0200: 33.607: [CMS-concurrent-preclean-start]
2014-07-10T09:58:07.460+0200: 33.607: [CMS-concurrent-preclean: 0.000/0.000 secs] [Times: user=0.00 sys=0.00, real=0.00 secs] 
2014-07-10T09:58:07.460+0200: 33.607: [CMS-concurrent-abortable-preclean-start]
2014-07-10T09:58:07.493+0200: 33.640: [GC (Allocation Failure) 33.640: [ParNew: 9745K->1059K(9792K), 0.0050286 secs] 20394K->17024K(31680K), 0.0051951 secs] [Times: user=0.03 sys=0.00, real=0.00 secs] 
2014-07-10T09:58:07.544+0200: 33.691: [GC (Allocation Failure) 33.691: [ParNew: 9745K->9745K(9792K), 0.0000521 secs]33.691: [CMS2014-07-10T09:58:07.544+0200: 33.691: [CMS-concurrent-abortable-preclean: 0.001/0.084 secs] [Times: user=0.05 sys=0.00, real=0.08 secs] 
 (concurrent mode failure): 15964K->7251K(21888K), 0.0075147 secs] 25710K->7251K(31680K), [Metaspace: 2457K->2457K(1056768K)], 0.0077633 secs] [Times: user=0.00 sys=0.00, real=0.01 secs] 
2014-07-10T09:58:07.557+0200: 33.704: [GC (Allocation Failure) 33.704: [ParNew: 8686K->1059K(9792K), 0.0053483 secs] 15937K->14589K(31680K), 0.0055558 secs] [Times: user=0.03 sys=0.00, real=0.01 secs] 
2014-07-10T09:58:07.563+0200: 33.710: [GC (CMS Initial Mark) [1 CMS-initial-mark: 13530K(21888K)] 14655K(31680K), 0.0001778 secs] [Times: user=0.00 sys=0.00, real=0.00 secs] 
2014-07-10T09:58:07.563+0200: 33.710: [CMS-concurrent-mark-start]
2014-07-10T09:58:07.563+0200: 33.711: [CMS-concurrent-mark: 0.001/0.001 secs] [Times: user=0.00 sys=0.00, real=0.00 secs] 
2014-07-10T09:58:07.564+0200: 33.711: [CMS-concurrent-preclean-start]
2014-07-10T09:58:07.564+0200: 33.711: [CMS-concurrent-preclean: 0.000/0.000 secs] [Times: user=0.00 sys=0.00, real=0.00 secs] 
2014-07-10T09:58:07.564+0200: 33.711: [GC (CMS Final Remark) [YG occupancy: 1925 K (9792 K)]33.711: [Rescan (parallel) , 0.0000840 secs]33.711: [weak refs processing, 0.0000356 secs]33.711: [class unloading, 0.0004110 secs]33.712: [scrub symbol table, 0.0005529 secs]33.712: [scrub string table, 0.0001551 secs][1 CMS-remark: 13530K(21888K)] 15456K(31680K), 0.0013558 secs] [Times: user=0.00 sys=0.00, real=0.00 secs] 
2014-07-10T09:58:07.565+0200: 33.713: [CMS-concurrent-sweep-start]
2014-07-10T09:58:07.565+0200: 33.713: [CMS-concurrent-sweep: 0.000/0.000 secs] [Times: user=0.00 sys=0.00, real=0.00 secs] 
2014-07-10T09:58:07.565+0200: 33.713: [CMS-concurrent-reset-start]
2014-07-10T09:58:07.565+0200: 33.713: [CMS-concurrent-reset: 0.000/0.000 secs] [Times: user=0.00 sys=0.00, real=0.00 secs] 
2014-07-10T09:58:07.594+0200: 33.741: [GC (Allocation Failure) 33.741: [ParNew: 9745K->1059K(9792K), 0.0064244 secs] 16422K->14492K(31680K), 0.0067613 secs] [Times: user=0.00 sys=0.00, real=0.01 secs] 
2014-07-10T09:58:07.601+0200: 33.748: [GC (CMS Initial Mark) [1 CMS-initial-mark: 13433K(21888K)] 14718K(31680K), 0.0002827 secs] [Times: user=0.00 sys=0.00, real=0.00 secs] 
2014-07-10T09:58:07.601+0200: 33.749: [CMS-concurrent-mark-start]
2014-07-10T09:58:07.602+0200: 33.749: [CMS-concurrent-mark: 0.001/0.001 secs] [Times: user=0.00 sys=0.00, real=0.00 secs] 
2014-07-10T09:58:07.602+0200: 33.750: [CMS-concurrent-preclean-start]
2014-07-10T09:58:07.602+0200: 33.750: [CMS-concurrent-preclean: 0.000/0.000 secs] [Times: user=0.00 sys=0.00, real=0.00 secs] 
2014-07-10T09:58:07.602+0200: 33.750: [GC (CMS Final Remark) [YG occupancy: 2475 K (9792 K)]33.750: [Rescan (parallel) , 0.0001536 secs]33.750: [weak refs processing, 0.0000268 secs]33.750: [class unloading, 0.0004949 secs]33.750: [scrub symbol table, 0.0005587 secs]33.751: [scrub string table, 0.0001752 secs][1 CMS-remark: 13433K(21888K)] 15908K(31680K), 0.0015376 secs] [Times: user=0.00 sys=0.00, real=0.00 secs] 
2014-07-10T09:58:07.604+0200: 33.751: [CMS-concurrent-sweep-start]
2014-07-10T09:58:07.604+0200: 33.752: [CMS-concurrent-sweep: 0.000/0.000 secs] [Times: user=0.00 sys=0.00, real=0.00 secs] 
2014-07-10T09:58:07.604+0200: 33.752: [CMS-concurrent-reset-start]
2014-07-10T09:58:07.604+0200: 33.752: [CMS-concurrent-reset: 0.000/0.000 secs] [Times: user=0.00 sys=0.00, real=0.00 secs] 
2014-07-10T09:58:07.645+0200: 33.793: [GC (Allocation Failure) 33.793: [ParNew: 9751K->1061K(9792K), 0.0094527 secs] 16908K->14430K(31680K), 0.0097379 secs] [Times: user=0.03 sys=0.00, real=0.01 secs] 
2014-07-10T09:58:07.657+0200: 33.804: [GC (CMS Initial Mark) [1 CMS-initial-mark: 13369K(21888K)] 14656K(31680K), 0.0004297 secs] [Times: user=0.00 sys=0.00, real=0.00 secs] 
2014-07-10T09:58:07.657+0200: 33.805: [CMS-concurrent-mark-start]
2014-07-10T09:58:07.659+0200: 33.807: [CMS-concurrent-mark: 0.002/0.002 secs] [Times: user=0.00 sys=0.00, real=0.00 secs] 
2014-07-10T09:58:07.659+0200: 33.807: [CMS-concurrent-preclean-start]
2014-07-10T09:58:07.660+0200: 33.807: [CMS-concurrent-preclean: 0.000/0.000 secs] [Times: user=0.00 sys=0.00, real=0.00 secs] 
2014-07-10T09:58:07.660+0200: 33.807: [CMS-concurrent-abortable-preclean-start]
2014-07-10T09:58:07.663+0200: 33.811: [GC (Allocation Failure) 33.811: [ParNew: 9747K->1059K(9792K), 0.0064017 secs] 23116K->21121K(31680K), 0.0066172 secs] [Times: user=0.03 sys=0.00, real=0.01 secs] 
2014-07-10T09:58:07.741+0200: 33.889: [GC (Allocation Failure) 33.889: [ParNew: 9747K->9747K(9792K), 0.0000950 secs]33.889: [CMS2014-07-10T09:58:07.741+0200: 33.889: [CMS-concurrent-abortable-preclean: 0.001/0.082 secs] [Times: user=0.03 sys=0.00, real=0.08 secs] 
 (concurrent mode failure): 20062K->431K(21888K), 0.0067334 secs] 29809K->431K(31680K), [Metaspace: 2457K->2457K(1056768K)], 0.0070828 secs] [Times: user=0.01 sys=0.00, real=0.01 secs] 
2014-07-10T09:58:07.755+0200: 33.903: [GC (Allocation Failure) 33.903: [ParNew: 8686K->515K(9792K), 0.0008161 secs] 9118K->947K(31680K), 0.0009397 secs] [Times: user=0.00 sys=0.00, real=0.00 secs] 
2014-07-10T09:58:07.791+0200: 33.939: [GC (Allocation Failure) 33.939: [ParNew: 9201K->997K(9792K), 0.0011178 secs] 9633K->1429K(31680K), 0.0012707 secs] [Times: user=0.03 sys=0.00, real=0.00 secs] 
2014-07-10T09:58:07.842+0200: 33.989: [GC (Allocation Failure) 33.989: [ParNew: 9683K->1059K(9792K), 0.0012806 secs] 10115K->1911K(31680K), 0.0014009 secs] [Times: user=0.00 sys=0.00, real=0.00 secs] 
2014-07-10T09:58:07.847+0200: 33.994: [GC (Allocation Failure) 33.994: [ParNew: 9745K->1059K(9792K), 0.0017268 secs] 10597K->2811K(31680K), 0.0019237 secs] [Times: user=0.00 sys=0.00, real=0.00 secs] 
2014-07-10T09:58:07.891+0200: 34.039: [GC (Allocation Failure) 34.039: [ParNew: 9736K->227K(9792K), 0.0006427 secs] 11488K->1980K(31680K), 0.0007677 secs] [Times: user=0.00 sys=0.00, real=0.00 secs] 
2014-07-10T09:58:07.941+0200: 34.089: [GC (Allocation Failure) 34.089: [ParNew: 8913K->709K(9792K), 0.0017316 secs] 10666K->2462K(31680K), 0.0019647 secs] [Times: user=0.00 sys=0.00, real=0.00 secs] 
2014-07-10T09:58:07.951+0200: 34.098: [GC (Allocation Failure) 34.098: [ParNew: 9396K->1059K(9792K), 0.0028545 secs] 11148K->2944K(31680K), 0.0030797 secs] [Times: user=0.00 sys=0.00, real=0.00 secs] 
2014-07-10T09:58:07.992+0200: 34.139: [GC (Allocation Failure) 34.139: [ParNew: 9745K->1059K(9792K), 0.0012520 secs] 11631K->3554K(31680K), 0.0013759 secs] [Times: user=0.00 sys=0.00, real=0.00 secs] 
2014-07-10T09:58:08.042+0200: 34.190: [GC (Allocation Failure) 34.190: [ParNew: 9745K->1059K(9792K), 0.0030316 secs] 12240K->4643K(31680K), 0.0032736 secs] [Times: user=0.01 sys=0.00, real=0.00 secs] 
2014-07-10T09:58:08.052+0200: 34.200: [GC (Allocation Failure) 34.200: [ParNew: 9745K->1059K(9792K), 0.0029473 secs] 13330K->6213K(31680K), 0.0031559 secs] [Times: user=0.00 sys=0.00, real=0.00 secs] 
2014-07-10T09:58:08.092+0200: 34.240: [GC (Allocation Failure) 34.240: [ParNew: 9745K->1059K(9792K), 0.0018119 secs] 14899K->8263K(31680K), 0.0019589 secs] [Times: user=0.00 sys=0.00, real=0.00 secs] 
2014-07-10T09:58:08.142+0200: 34.289: [GC (Allocation Failure) 34.289: [ParNew: 9751K->1061K(9792K), 0.0015420 secs] 16955K->9771K(31680K), 0.0016865 secs] [Times: user=0.00 sys=0.00, real=0.00 secs] 
2014-07-10T09:58:08.148+0200: 34.296: [GC (Allocation Failure) 34.296: [ParNew: 9747K->1059K(9792K), 0.0023138 secs] 18457K->11756K(31680K), 0.0024828 secs] [Times: user=0.00 sys=0.00, real=0.00 secs] 
2014-07-10T09:58:08.192+0200: 34.339: [GC (Allocation Failure) 34.339: [ParNew: 9745K->1059K(9792K), 0.0023185 secs] 20442K->14222K(31680K), 0.0024865 secs] [Times: user=0.00 sys=0.00, real=0.00 secs] 
2014-07-10T09:58:08.243+0200: 34.391: [GC (Allocation Failure) 34.391: [ParNew: 9745K->1059K(9792K), 0.0045905 secs] 22908K->17168K(31680K), 0.0048747 secs] [Times: user=0.03 sys=0.00, real=0.00 secs] 
2014-07-10T09:58:08.248+0200: 34.396: [GC (CMS Initial Mark) [1 CMS-initial-mark: 16109K(21888K)] 17234K(31680K), 0.0004246 secs] [Times: user=0.00 sys=0.00, real=0.00 secs] 
2014-07-10T09:58:08.249+0200: 34.397: [CMS-concurrent-mark-start]
2014-07-10T09:58:08.251+0200: 34.399: [CMS-concurrent-mark: 0.002/0.002 secs] [Times: user=0.00 sys=0.00, real=0.00 secs] 
2014-07-10T09:58:08.252+0200: 34.399: [CMS-concurrent-preclean-start]
2014-07-10T09:58:08.252+0200: 34.399: [CMS-concurrent-preclean: 0.000/0.000 secs] [Times: user=0.00 sys=0.00, real=0.00 secs] 
2014-07-10T09:58:08.252+0200: 34.399: [CMS-concurrent-abortable-preclean-start]
2014-07-10T09:58:08.256+0200: 34.403: [GC (Allocation Failure) 34.404: [ParNew: 9745K->1059K(9792K), 0.0060589 secs] 25855K->20595K(31680K), 0.0063276 secs] [Times: user=0.03 sys=0.00, real=0.01 secs] 
2014-07-10T09:58:08.264+0200: 34.412: [CMS-concurrent-abortable-preclean: 0.001/0.012 secs] [Times: user=0.03 sys=0.00, real=0.01 secs] 
2014-07-10T09:58:08.265+0200: 34.412: [GC (CMS Final Remark) [YG occupancy: 3464 K (9792 K)]34.412: [Rescan (parallel) , 0.0001536 secs]34.412: [weak refs processing, 0.0000385 secs]34.412: [class unloading, 0.0006632 secs]34.413: [scrub symbol table, 0.0008839 secs]34.414: [scrub string table, 0.0002581 secs][1 CMS-remark: 19536K(21888K)] 23000K(31680K), 0.0021954 secs] [Times: user=0.00 sys=0.00, real=0.00 secs] 
2014-07-10T09:58:08.267+0200: 34.414: [CMS-concurrent-sweep-start]
2014-07-10T09:58:08.267+0200: 34.415: [CMS-concurrent-sweep: 0.000/0.000 secs] [Times: user=0.00 sys=0.00, real=0.00 secs] 
2014-07-10T09:58:08.267+0200: 34.415: [CMS-concurrent-reset-start]
2014-07-10T09:58:08.268+0200: 34.415: [CMS-concurrent-reset: 0.000/0.000 secs] [Times: user=0.00 sys=0.00, real=0.00 secs] 
2014-07-10T09:58:08.293+0200: 34.440: [GC (Allocation Failure) 34.441: [ParNew: 9745K->1059K(9792K), 0.0038811 secs] 16522K->11743K(31680K), 0.0040574 secs] [Times: user=0.00 sys=0.00, real=0.00 secs] 
2014-07-10T09:58:08.343+0200: 34.490: [GC (Allocation Failure) 34.490: [ParNew: 9745K->1059K(9792K), 0.0038485 secs] 20429K->16130K(31680K), 0.0040435 secs] [Times: user=0.00 sys=0.00, real=0.00 secs] 
2014-07-10T09:58:08.348+0200: 34.494: [GC (CMS Initial Mark) [1 CMS-initial-mark: 15070K(21888K)] 16196K(31680K), 0.0001899 secs] [Times: user=0.00 sys=0.00, real=0.00 secs] 
2014-07-10T09:58:08.348+0200: 34.495: [CMS-concurrent-mark-start]
2014-07-10T09:58:08.349+0200: 34.495: [CMS-concurrent-mark: 0.001/0.001 secs] [Times: user=0.00 sys=0.00, real=0.00 secs] 
2014-07-10T09:58:08.349+0200: 34.495: [CMS-concurrent-preclean-start]
2014-07-10T09:58:08.349+0200: 34.495: [CMS-concurrent-preclean: 0.000/0.000 secs] [Times: user=0.00 sys=0.00, real=0.00 secs] 
2014-07-10T09:58:08.349+0200: 34.495: [CMS-concurrent-abortable-preclean-start]
2014-07-10T09:58:08.352+0200: 34.498: [GC (Allocation Failure) 34.498: [ParNew: 9745K->1059K(9792K), 0.0045421 secs] 24816K->20997K(31680K), 0.0046899 secs] [Times: user=0.03 sys=0.00, real=0.01 secs] 
2014-07-10T09:58:08.358+0200: 34.504: [CMS-concurrent-abortable-preclean: 0.001/0.009 secs] [Times: user=0.03 sys=0.00, real=0.01 secs] 
2014-07-10T09:58:08.358+0200: 34.504: [GC (CMS Final Remark) [YG occupancy: 4410 K (9792 K)]34.504: [Rescan (parallel) , 0.0001324 secs]34.505: [weak refs processing, 0.0000275 secs]34.505: [class unloading, 0.0006970 secs]34.505: [scrub symbol table, 0.0007289 secs]34.506: [scrub string table, 0.0002145 secs][1 CMS-remark: 19938K(21888K)] 24349K(31680K), 0.0019380 secs] [Times: user=0.00 sys=0.00, real=0.00 secs] 
2014-07-10T09:58:08.360+0200: 34.506: [CMS-concurrent-sweep-start]
2014-07-10T09:58:08.360+0200: 34.507: [CMS-concurrent-sweep: 0.000/0.000 secs] [Times: user=0.00 sys=0.00, real=0.00 secs] 
2014-07-10T09:58:08.360+0200: 34.507: [CMS-concurrent-reset-start]
2014-07-10T09:58:08.360+0200: 34.507: [CMS-concurrent-reset: 0.000/0.000 secs] [Times: user=0.00 sys=0.00, real=0.00 secs] 
2014-07-10T09:58:08.392+0200: 34.539: [GC (Allocation Failure) 34.539: [ParNew: 9757K->1059K(9792K), 0.0036564 secs] 19415K->14528K(31680K), 0.0038188 secs] [Times: user=0.00 sys=0.00, real=0.00 secs] 
2014-07-10T09:58:08.396+0200: 34.543: [GC (CMS Initial Mark) [1 CMS-initial-mark: 13469K(21888K)] 14560K(31680K), 0.0001862 secs] [Times: user=0.00 sys=0.00, real=0.00 secs] 
2014-07-10T09:58:08.397+0200: 34.543: [CMS-concurrent-mark-start]
2014-07-10T09:58:08.397+0200: 34.544: [CMS-concurrent-mark: 0.001/0.001 secs] [Times: user=0.00 sys=0.00, real=0.00 secs] 
2014-07-10T09:58:08.397+0200: 34.544: [CMS-concurrent-preclean-start]
2014-07-10T09:58:08.397+0200: 34.544: [CMS-concurrent-preclean: 0.000/0.000 secs] [Times: user=0.00 sys=0.00, real=0.00 secs] 
2014-07-10T09:58:08.397+0200: 34.544: [CMS-concurrent-abortable-preclean-start]
2014-07-10T09:58:08.443+0200: 34.589: [GC (Allocation Failure) 34.589: [ParNew: 9745K->1059K(9792K), 0.0039269 secs] 23214K->18820K(31680K), 0.0040761 secs] [Times: user=0.00 sys=0.00, real=0.00 secs] 
2014-07-10T09:58:08.451+0200: 34.597: [GC (Allocation Failure) 34.597: [ParNew: 9745K->9745K(9792K), 0.0000565 secs]34.597: [CMS2014-07-10T09:58:08.451+0200: 34.597: [CMS-concurrent-abortable-preclean: 0.001/0.053 secs] [Times: user=0.02 sys=0.00, real=0.05 secs] 
 (concurrent mode failure): 17761K->6228K(21888K), 0.0063291 secs] 27507K->6228K(31680K), [Metaspace: 2457K->2457K(1056768K)], 0.0065677 secs] [Times: user=0.00 sys=0.00, real=0.01 secs] 
2014-07-10T09:58:08.493+0200: 34.639: [GC (Allocation Failure) 34.639: [ParNew: 8686K->1059K(9792K), 0.0051650 secs] 14915K->12543K(31680K), 0.0053018 secs] [Times: user=0.03 sys=0.00, real=0.00 secs] 
2014-07-10T09:58:08.498+0200: 34.645: [GC (CMS Initial Mark) [1 CMS-initial-mark: 11483K(21888K)] 12609K(31680K), 0.0001782 secs] [Times: user=0.00 sys=0.00, real=0.00 secs] 
2014-07-10T09:58:08.499+0200: 34.645: [CMS-concurrent-mark-start]
2014-07-10T09:58:08.499+0200: 34.646: [CMS-concurrent-mark: 0.001/0.001 secs] [Times: user=0.00 sys=0.00, real=0.00 secs] 
2014-07-10T09:58:08.499+0200: 34.646: [CMS-concurrent-preclean-start]
2014-07-10T09:58:08.499+0200: 34.646: [CMS-concurrent-preclean: 0.000/0.000 secs] [Times: user=0.00 sys=0.00, real=0.00 secs] 
2014-07-10T09:58:08.499+0200: 34.646: [GC (CMS Final Remark) [YG occupancy: 2950 K (9792 K)]34.646: [Rescan (parallel) , 0.0001243 secs]34.646: [weak refs processing, 0.0000271 secs]34.646: [class unloading, 0.0004535 secs]34.647: [scrub symbol table, 0.0007076 secs]34.647: [scrub string table, 0.0001672 secs][1 CMS-remark: 11483K(21888K)] 14434K(31680K), 0.0015992 secs] [Times: user=0.00 sys=0.00, real=0.00 secs] 
2014-07-10T09:58:08.501+0200: 34.648: [CMS-concurrent-sweep-start]
2014-07-10T09:58:08.501+0200: 34.648: [CMS-concurrent-sweep: 0.000/0.000 secs] [Times: user=0.00 sys=0.00, real=0.00 secs] 
2014-07-10T09:58:08.501+0200: 34.648: [CMS-concurrent-reset-start]
2014-07-10T09:58:08.501+0200: 34.648: [CMS-concurrent-reset: 0.000/0.000 secs] [Times: user=0.00 sys=0.00, real=0.00 secs] 
2014-07-10T09:58:08.542+0200: 34.689: [GC (Allocation Failure) 34.689: [ParNew: 9745K->1059K(9792K), 0.0052255 secs] 15401K->12447K(31680K), 0.0054092 secs] [Times: user=0.00 sys=0.02, real=0.01 secs] 
2014-07-10T09:58:08.548+0200: 34.695: [GC (CMS Initial Mark) [1 CMS-initial-mark: 11387K(21888K)] 12513K(31680K), 0.0001921 secs] [Times: user=0.00 sys=0.00, real=0.00 secs] 
2014-07-10T09:58:08.548+0200: 34.695: [CMS-concurrent-mark-start]
2014-07-10T09:58:08.549+0200: 34.696: [CMS-concurrent-mark: 0.001/0.001 secs] [Times: user=0.00 sys=0.00, real=0.00 secs] 
2014-07-10T09:58:08.549+0200: 34.696: [CMS-concurrent-preclean-start]
2014-07-10T09:58:08.549+0200: 34.696: [CMS-concurrent-preclean: 0.000/0.000 secs] [Times: user=0.00 sys=0.00, real=0.00 secs] 
2014-07-10T09:58:08.549+0200: 34.696: [CMS-concurrent-abortable-preclean-start]
2014-07-10T09:58:08.552+0200: 34.698: [GC (Allocation Failure) 34.698: [ParNew: 9745K->1059K(9792K), 0.0053905 secs] 21133K->18659K(31680K), 0.0055320 secs] [Times: user=0.00 sys=0.00, real=0.00 secs] 
2014-07-10T09:58:08.594+0200: 34.740: [GC (Allocation Failure) 34.740: [ParNew: 9745K->9745K(9792K), 0.0000502 secs]34.740: [CMS2014-07-10T09:58:08.594+0200: 34.741: [CMS-concurrent-abortable-preclean: 0.001/0.045 secs] [Times: user=0.01 sys=0.00, real=0.05 secs] 
 (concurrent mode failure): 17599K->8149K(21888K), 0.0078077 secs] 27345K->8149K(31680K), [Metaspace: 2457K->2457K(1056768K)], 0.0080342 secs] [Times: user=0.00 sys=0.00, real=0.01 secs] 
2014-07-10T09:58:08.643+0200: 34.790: [GC (Allocation Failure) 34.790: [ParNew: 8697K->1061K(9792K), 0.0052464 secs] 16847K->14850K(31680K), 0.0054294 secs] [Times: user=0.00 sys=0.00, real=0.01 secs] 
2014-07-10T09:58:08.649+0200: 34.796: [GC (CMS Initial Mark) [1 CMS-initial-mark: 13788K(21888K)] 14882K(31680K), 0.0001822 secs] [Times: user=0.00 sys=0.00, real=0.00 secs] 
2014-07-10T09:58:08.649+0200: 34.796: [CMS-concurrent-mark-start]
2014-07-10T09:58:08.650+0200: 34.797: [CMS-concurrent-mark: 0.001/0.001 secs] [Times: user=0.00 sys=0.00, real=0.00 secs] 
2014-07-10T09:58:08.650+0200: 34.797: [CMS-concurrent-preclean-start]
2014-07-10T09:58:08.650+0200: 34.797: [CMS-concurrent-preclean: 0.000/0.000 secs] [Times: user=0.00 sys=0.00, real=0.00 secs] 
2014-07-10T09:58:08.650+0200: 34.797: [CMS-concurrent-abortable-preclean-start]
2014-07-10T09:58:08.653+0200: 34.800: [GC (Allocation Failure) 34.800: [ParNew: 9747K->1059K(9792K), 0.0053615 secs] 23536K->20965K(31680K), 0.0055595 secs] [Times: user=0.00 sys=0.00, real=0.01 secs] 
2014-07-10T09:58:08.660+0200: 34.807: [CMS-concurrent-abortable-preclean: 0.001/0.010 secs] [Times: user=0.02 sys=0.00, real=0.01 secs] 
2014-07-10T09:58:08.660+0200: 34.807: [GC (CMS Final Remark) [YG occupancy: 2086 K (9792 K)]34.807: [Rescan (parallel) , 0.0001030 secs]34.807: [weak refs processing, 0.0000271 secs]34.807: [class unloading, 0.0005158 secs]34.808: [scrub symbol table, 0.0006750 secs]34.808: [scrub string table, 0.0001895 secs][1 CMS-remark: 19905K(21888K)] 21991K(31680K), 0.0016414 secs] [Times: user=0.00 sys=0.00, real=0.00 secs] 
2014-07-10T09:58:08.662+0200: 34.809: [CMS-concurrent-sweep-start]
2014-07-10T09:58:08.662+0200: 34.809: [CMS-concurrent-sweep: 0.000/0.000 secs] [Times: user=0.00 sys=0.00, real=0.00 secs] 
2014-07-10T09:58:08.663+0200: 34.809: [CMS-concurrent-reset-start]
2014-07-10T09:58:08.663+0200: 34.809: [CMS-concurrent-reset: 0.000/0.000 secs] [Times: user=0.00 sys=0.00, real=0.00 secs] 
2014-07-10T09:58:08.693+0200: 34.840: [GC (Allocation Failure) 34.840: [ParNew: 9745K->1059K(9792K), 0.0057722 secs] 21902K->19812K(31680K), 0.0059225 secs] [Times: user=0.03 sys=0.00, real=0.01 secs] 
2014-07-10T09:58:08.700+0200: 34.846: [GC (CMS Initial Mark) [1 CMS-initial-mark: 18752K(21888K)] 20358K(31680K), 0.0002115 secs] [Times: user=0.00 sys=0.00, real=0.00 secs] 
2014-07-10T09:58:08.700+0200: 34.847: [CMS-concurrent-mark-start]
2014-07-10T09:58:08.701+0200: 34.847: [CMS-concurrent-mark: 0.001/0.001 secs] [Times: user=0.00 sys=0.00, real=0.00 secs] 
2014-07-10T09:58:08.701+0200: 34.847: [CMS-concurrent-preclean-start]
2014-07-10T09:58:08.701+0200: 34.847: [CMS-concurrent-preclean: 0.000/0.000 secs] [Times: user=0.00 sys=0.00, real=0.00 secs] 
2014-07-10T09:58:08.701+0200: 34.847: [GC (CMS Final Remark) [YG occupancy: 1605 K (9792 K)]34.847: [Rescan (parallel) , 0.0000928 secs]34.848: [weak refs processing, 0.0000271 secs]34.848: [class unloading, 0.0004000 secs]34.848: [scrub symbol table, 0.0005496 secs]34.849: [scrub string table, 0.0001551 secs][1 CMS-remark: 18752K(21888K)] 20358K(31680K), 0.0013393 secs] [Times: user=0.00 sys=0.00, real=0.00 secs] 
2014-07-10T09:58:08.702+0200: 34.849: [CMS-concurrent-sweep-start]
2014-07-10T09:58:08.703+0200: 34.849: [CMS-concurrent-sweep: 0.000/0.000 secs] [Times: user=0.00 sys=0.00, real=0.00 secs] 
2014-07-10T09:58:08.703+0200: 34.849: [CMS-concurrent-reset-start]
2014-07-10T09:58:08.703+0200: 34.849: [CMS-concurrent-reset: 0.000/0.000 secs] [Times: user=0.00 sys=0.00, real=0.00 secs] 
2014-07-10T09:58:08.743+0200: 34.890: [GC (Allocation Failure) 34.890: [ParNew: 9745K->1059K(9792K), 0.0063547 secs] 10150K->8540K(31680K), 0.0065193 secs] [Times: user=0.03 sys=0.00, real=0.01 secs] 
2014-07-10T09:58:08.750+0200: 34.896: [GC (CMS Initial Mark) [1 CMS-initial-mark: 7481K(21888K)] 8572K(31680K), 0.0002002 secs] [Times: user=0.00 sys=0.00, real=0.00 secs] 
2014-07-10T09:58:08.750+0200: 34.897: [CMS-concurrent-mark-start]
2014-07-10T09:58:08.751+0200: 34.897: [CMS-concurrent-mark: 0.001/0.001 secs] [Times: user=0.00 sys=0.00, real=0.00 secs] 
2014-07-10T09:58:08.751+0200: 34.897: [CMS-concurrent-preclean-start]
2014-07-10T09:58:08.751+0200: 34.898: [CMS-concurrent-preclean: 0.000/0.000 secs] [Times: user=0.00 sys=0.00, real=0.00 secs] 
2014-07-10T09:58:08.751+0200: 34.898: [GC (CMS Final Remark) [YG occupancy: 2888 K (9792 K)]34.898: [Rescan (parallel) , 0.0001016 secs]34.898: [weak refs processing, 0.0000264 secs]34.898: [class unloading, 0.0004315 secs]34.898: [scrub symbol table, 0.0006185 secs]34.899: [scrub string table, 0.0002306 secs][1 CMS-remark: 7481K(21888K)] 10369K(31680K), 0.0015365 secs] [Times: user=0.00 sys=0.00, real=0.00 secs] 
2014-07-10T09:58:08.753+0200: 34.899: [CMS-concurrent-sweep-start]
2014-07-10T09:58:08.753+0200: 34.899: [CMS-concurrent-sweep: 0.000/0.000 secs] [Times: user=0.00 sys=0.00, real=0.00 secs] 
2014-07-10T09:58:08.753+0200: 34.899: [CMS-concurrent-reset-start]
2014-07-10T09:58:08.753+0200: 34.900: [CMS-concurrent-reset: 0.000/0.000 secs] [Times: user=0.00 sys=0.00, real=0.00 secs] 
2014-07-10T09:58:08.791+0200: 34.937: [GC (Allocation Failure) 34.937: [ParNew: 9747K->421K(9792K), 0.0004751 secs] 17227K->7902K(31680K), 0.0005356 secs] [Times: user=0.00 sys=0.00, real=0.00 secs] 
2014-07-10T09:58:08.842+0200: 34.988: [GC (Allocation Failure) 34.988: [ParNew: 9107K->901K(9792K), 0.0013686 secs] 16588K->8382K(31680K), 0.0015596 secs] [Times: user=0.00 sys=0.00, real=0.00 secs] 
2014-07-10T09:58:08.852+0200: 34.998: [GC (Allocation Failure) 34.998: [ParNew: 9599K->741K(9792K), 0.0015329 secs] 17080K->8225K(31680K), 0.0017290 secs] [Times: user=0.00 sys=0.00, real=0.00 secs] 
2014-07-10T09:58:08.891+0200: 35.038: [GC (Allocation Failure) 35.038: [ParNew: 9433K->195K(9792K), 0.0005939 secs] 16917K->7681K(31680K), 0.0007050 secs] [Times: user=0.00 sys=0.00, real=0.00 secs] 
2014-07-10T09:58:08.941+0200: 35.088: [GC (Allocation Failure) 35.088: [ParNew: 8881K->677K(9792K), 0.0013004 secs] 16367K->8163K(31680K), 0.0014925 secs] [Times: user=0.00 sys=0.00, real=0.00 secs] 
2014-07-10T09:58:08.951+0200: 35.097: [GC (Allocation Failure) 35.097: [ParNew: 9363K->1059K(9792K), 0.0021778 secs] 16850K->8644K(31680K), 0.0023966 secs] [Times: user=0.00 sys=0.00, real=0.00 secs] 
2014-07-10T09:58:08.992+0200: 35.139: [GC (Allocation Failure) 35.139: [ParNew: 9745K->1059K(9792K), 0.0019941 secs] 17331K->9222K(31680K), 0.0021998 secs] [Times: user=0.00 sys=0.00, real=0.00 secs] 
2014-07-10T09:58:09.042+0200: 35.189: [GC (Allocation Failure) 35.189: [ParNew: 9745K->1059K(9792K), 0.0023985 secs] 17908K->10279K(31680K), 0.0026151 secs] [Times: user=0.00 sys=0.00, real=0.00 secs] 
2014-07-10T09:58:09.052+0200: 35.198: [GC (Allocation Failure) 35.199: [ParNew: 9745K->1059K(9792K), 0.0034441 secs] 18965K->11817K(31680K), 0.0037088 secs] [Times: user=0.00 sys=0.00, real=0.00 secs] 
2014-07-10T09:58:09.092+0200: 35.239: [GC (Allocation Failure) 35.239: [ParNew: 9749K->1059K(9792K), 0.0022031 secs] 20507K->12811K(31680K), 0.0024502 secs] [Times: user=0.00 sys=0.00, real=0.00 secs] 
2014-07-10T09:58:09.141+0200: 35.288: [GC (Allocation Failure) 35.288: [ParNew: 9745K->1059K(9792K), 0.0014680 secs] 21497K->14285K(31680K), 0.0015967 secs] [Times: user=0.00 sys=0.00, real=0.00 secs] 
2014-07-10T09:58:09.148+0200: 35.294: [GC (Allocation Failure) 35.294: [ParNew: 9745K->1059K(9792K), 0.0021957 secs] 22971K->16239K(31680K), 0.0023831 secs] [Times: user=0.00 sys=0.00, real=0.00 secs] 
2014-07-10T09:58:09.191+0200: 35.338: [GC (Allocation Failure) 35.338: [ParNew: 9745K->1059K(9792K), 0.0019244 secs] 24925K->18673K(31680K), 0.0020531 secs] [Times: user=0.00 sys=0.00, real=0.00 secs] 
2014-07-10T09:58:09.194+0200: 35.340: [GC (CMS Initial Mark) [1 CMS-initial-mark: 17614K(21888K)] 18739K(31680K), 0.0001939 secs] [Times: user=0.00 sys=0.00, real=0.00 secs] 
2014-07-10T09:58:09.194+0200: 35.341: [CMS-concurrent-mark-start]
2014-07-10T09:58:09.195+0200: 35.341: [CMS-concurrent-mark: 0.001/0.001 secs] [Times: user=0.00 sys=0.00, real=0.00 secs] 
2014-07-10T09:58:09.195+0200: 35.341: [CMS-concurrent-preclean-start]
2014-07-10T09:58:09.195+0200: 35.342: [CMS-concurrent-preclean: 0.000/0.000 secs] [Times: user=0.00 sys=0.00, real=0.00 secs] 
2014-07-10T09:58:09.195+0200: 35.342: [GC (CMS Final Remark) [YG occupancy: 3014 K (9792 K)]35.342: [Rescan (parallel) , 0.0000997 secs]35.342: [weak refs processing, 0.0000268 secs]35.342: [class unloading, 0.0007109 secs]35.343: [scrub symbol table, 0.0012693 secs]35.344: [scrub string table, 0.0008234 secs][1 CMS-remark: 17614K(21888K)] 20628K(31680K), 0.0032087 secs] [Times: user=0.01 sys=0.00, real=0.00 secs] 
2014-07-10T09:58:09.199+0200: 35.345: [CMS-concurrent-sweep-start]
2014-07-10T09:58:09.199+0200: 35.346: [CMS-concurrent-sweep: 0.001/0.001 secs] [Times: user=0.00 sys=0.00, real=0.00 secs] 
2014-07-10T09:58:09.200+0200: 35.346: [CMS-concurrent-reset-start]
2014-07-10T09:58:09.200+0200: 35.346: [CMS-concurrent-reset: 0.000/0.000 secs] [Times: user=0.00 sys=0.00, real=0.00 secs] 
2014-07-10T09:58:09.243+0200: 35.390: [GC (Allocation Failure) 35.390: [ParNew: 9745K->1059K(9792K), 0.0043702 secs] 12585K->6813K(31680K), 0.0046301 secs] [Times: user=0.03 sys=0.00, real=0.00 secs] 
2014-07-10T09:58:09.255+0200: 35.402: [GC (Allocation Failure) 35.402: [ParNew: 9745K->1059K(9792K), 0.0059694 secs] 15500K->10208K(31680K), 0.0062561 secs] [Times: user=0.03 sys=0.00, real=0.01 secs] 
2014-07-10T09:58:09.293+0200: 35.439: [GC (Allocation Failure) 35.439: [ParNew: 9745K->1059K(9792K), 0.0039082 secs] 18894K->14083K(31680K), 0.0040868 secs] [Times: user=0.00 sys=0.00, real=0.00 secs] 
2014-07-10T09:58:09.297+0200: 35.444: [GC (CMS Initial Mark) [1 CMS-initial-mark: 13024K(21888K)] 14149K(31680K), 0.0002222 secs] [Times: user=0.00 sys=0.00, real=0.00 secs] 
2014-07-10T09:58:09.297+0200: 35.444: [CMS-concurrent-mark-start]
2014-07-10T09:58:09.298+0200: 35.445: [CMS-concurrent-mark: 0.001/0.001 secs] [Times: user=0.00 sys=0.00, real=0.00 secs] 
2014-07-10T09:58:09.298+0200: 35.445: [CMS-concurrent-preclean-start]
2014-07-10T09:58:09.299+0200: 35.445: [CMS-concurrent-preclean: 0.000/0.000 secs] [Times: user=0.00 sys=0.00, real=0.00 secs] 
2014-07-10T09:58:09.299+0200: 35.445: [CMS-concurrent-abortable-preclean-start]
2014-07-10T09:58:09.343+0200: 35.489: [GC (Allocation Failure) 35.489: [ParNew: 9745K->1059K(9792K), 0.0040835 secs] 22769K->18438K(31680K), 0.0042228 secs] [Times: user=0.00 sys=0.00, real=0.00 secs] 
2014-07-10T09:58:09.351+0200: 35.498: [GC (Allocation Failure) 35.498: [ParNew: 9745K->9745K(9792K), 0.0000455 secs]35.498: [CMS2014-07-10T09:58:09.352+0200: 35.498: [CMS-concurrent-abortable-preclean: 0.001/0.053 secs] [Times: user=0.00 sys=0.00, real=0.05 secs] 
 (concurrent mode failure): 17379K->6294K(21888K), 0.0071712 secs] 27125K->6294K(31680K), [Metaspace: 2457K->2457K(1056768K)], 0.0073721 secs] [Times: user=0.02 sys=0.00, real=0.01 secs] 
2014-07-10T09:58:09.392+0200: 35.539: [GC (Allocation Failure) 35.539: [ParNew: 8703K->1059K(9792K), 0.0029840 secs] 14997K->10623K(31680K), 0.0031383 secs] [Times: user=0.00 sys=0.00, real=0.00 secs] 
2014-07-10T09:58:09.443+0200: 35.590: [GC (Allocation Failure) 35.590: [ParNew: 9745K->1059K(9792K), 0.0062873 secs] 19310K->14372K(31680K), 0.0065923 secs] [Times: user=0.03 sys=0.00, real=0.01 secs] 
2014-07-10T09:58:09.451+0200: 35.597: [GC (CMS Initial Mark) [1 CMS-initial-mark: 13312K(21888K)] 14438K(31680K), 0.0003655 secs] [Times: user=0.00 sys=0.00, real=0.00 secs] 
2014-07-10T09:58:09.451+0200: 35.598: [CMS-concurrent-mark-start]
2014-07-10T09:58:09.454+0200: 35.600: [CMS-concurrent-mark: 0.002/0.002 secs] [Times: user=0.00 sys=0.00, real=0.00 secs] 
2014-07-10T09:58:09.454+0200: 35.600: [CMS-concurrent-preclean-start]
2014-07-10T09:58:09.454+0200: 35.601: [CMS-concurrent-preclean: 0.000/0.000 secs] [Times: user=0.00 sys=0.00, real=0.00 secs] 
2014-07-10T09:58:09.454+0200: 35.601: [CMS-concurrent-abortable-preclean-start]
2014-07-10T09:58:09.458+0200: 35.605: [GC (Allocation Failure) 35.605: [ParNew: 9745K->1059K(9792K), 0.0067254 secs] 23058K->18599K(31680K), 0.0069296 secs] [Times: user=0.03 sys=0.00, real=0.01 secs] 
2014-07-10T09:58:09.493+0200: 35.640: [GC (Allocation Failure) 35.640: [ParNew: 9745K->9745K(9792K), 0.0000565 secs]35.640: [CMS2014-07-10T09:58:09.494+0200: 35.640: [CMS-concurrent-abortable-preclean: 0.001/0.040 secs] [Times: user=0.03 sys=0.00, real=0.04 secs] 
 (concurrent mode failure): 17540K->6167K(21888K), 0.0094817 secs] 27285K->6167K(31680K), [Metaspace: 2457K->2457K(1056768K)], 0.0097306 secs] [Times: user=0.02 sys=0.00, real=0.01 secs] 
2014-07-10T09:58:09.543+0200: 35.689: [GC (Allocation Failure) 35.689: [ParNew: 8686K->1059K(9792K), 0.0050279 secs] 14853K->12417K(31680K), 0.0051874 secs] [Times: user=0.00 sys=0.00, real=0.01 secs] 
2014-07-10T09:58:09.548+0200: 35.695: [GC (CMS Initial Mark) [1 CMS-initial-mark: 11358K(21888K)] 12483K(31680K), 0.0002621 secs] [Times: user=0.00 sys=0.00, real=0.00 secs] 
2014-07-10T09:58:09.549+0200: 35.695: [CMS-concurrent-mark-start]
2014-07-10T09:58:09.550+0200: 35.696: [CMS-concurrent-mark: 0.001/0.001 secs] [Times: user=0.00 sys=0.00, real=0.00 secs] 
2014-07-10T09:58:09.550+0200: 35.696: [CMS-concurrent-preclean-start]
2014-07-10T09:58:09.550+0200: 35.696: [CMS-concurrent-preclean: 0.000/0.000 secs] [Times: user=0.00 sys=0.00, real=0.00 secs] 
2014-07-10T09:58:09.550+0200: 35.696: [CMS-concurrent-abortable-preclean-start]
2014-07-10T09:58:09.552+0200: 35.699: [GC (Allocation Failure) 35.699: [ParNew: 9745K->1059K(9792K), 0.0052541 secs] 21104K->18085K(31680K), 0.0054239 secs] [Times: user=0.03 sys=0.00, real=0.01 secs] 
2014-07-10T09:58:09.594+0200: 35.741: [GC (Allocation Failure) 35.741: [ParNew: 9745K->9745K(9792K), 0.0000455 secs]35.741: [CMS2014-07-10T09:58:09.594+0200: 35.741: [CMS-concurrent-abortable-preclean: 0.001/0.044 secs] [Times: user=0.03 sys=0.00, real=0.04 secs] 
 (concurrent mode failure): 17026K->7608K(21888K), 0.0071547 secs] 26771K->7608K(31680K), [Metaspace: 2457K->2457K(1056768K)], 0.0073699 secs] [Times: user=0.00 sys=0.00, real=0.01 secs] 
2014-07-10T09:58:09.645+0200: 35.792: [GC (Allocation Failure) 35.792: [ParNew: 8691K->1061K(9792K), 0.0046492 secs] 16300K->14276K(31680K), 0.0048640 secs] [Times: user=0.00 sys=0.00, real=0.01 secs] 
2014-07-10T09:58:09.650+0200: 35.797: [GC (CMS Initial Mark) [1 CMS-initial-mark: 13215K(21888K)] 14342K(31680K), 0.0002031 secs] [Times: user=0.00 sys=0.00, real=0.00 secs] 
2014-07-10T09:58:09.651+0200: 35.797: [CMS-concurrent-mark-start]
2014-07-10T09:58:09.651+0200: 35.798: [CMS-concurrent-mark: 0.001/0.001 secs] [Times: user=0.00 sys=0.00, real=0.00 secs] 
2014-07-10T09:58:09.651+0200: 35.798: [CMS-concurrent-preclean-start]
2014-07-10T09:58:09.652+0200: 35.798: [CMS-concurrent-preclean: 0.000/0.000 secs] [Times: user=0.00 sys=0.00, real=0.00 secs] 
2014-07-10T09:58:09.652+0200: 35.798: [GC (CMS Final Remark) [YG occupancy: 1127 K (9792 K)]35.798: [Rescan (parallel) , 0.0000946 secs]35.798: [weak refs processing, 0.0000275 secs]35.799: [class unloading, 0.0004517 secs]35.799: [scrub symbol table, 0.0007824 secs]35.800: [scrub string table, 0.0002376 secs][1 CMS-remark: 13215K(21888K)] 14342K(31680K), 0.0017763 secs] [Times: user=0.00 sys=0.00, real=0.00 secs] 
2014-07-10T09:58:09.654+0200: 35.801: [CMS-concurrent-sweep-start]
2014-07-10T09:58:09.654+0200: 35.801: [CMS-concurrent-sweep: 0.000/0.000 secs] [Times: user=0.00 sys=0.00, real=0.00 secs] 
2014-07-10T09:58:09.654+0200: 35.801: [CMS-concurrent-reset-start]
2014-07-10T09:58:09.655+0200: 35.801: [CMS-concurrent-reset: 0.000/0.000 secs] [Times: user=0.00 sys=0.00, real=0.00 secs] 
2014-07-10T09:58:09.659+0200: 35.805: [GC (Allocation Failure) 35.805: [ParNew: 9747K->1059K(9792K), 0.0047357 secs] 15757K->13154K(31680K), 0.0048886 secs] [Times: user=0.00 sys=0.00, real=0.01 secs] 
2014-07-10T09:58:09.664+0200: 35.810: [GC (CMS Initial Mark) [1 CMS-initial-mark: 12094K(21888K)] 13220K(31680K), 0.0001789 secs] [Times: user=0.00 sys=0.00, real=0.00 secs] 
2014-07-10T09:58:09.664+0200: 35.811: [CMS-concurrent-mark-start]
2014-07-10T09:58:09.665+0200: 35.811: [CMS-concurrent-mark: 0.001/0.001 secs] [Times: user=0.00 sys=0.00, real=0.00 secs] 
2014-07-10T09:58:09.665+0200: 35.811: [CMS-concurrent-preclean-start]
2014-07-10T09:58:09.665+0200: 35.811: [CMS-concurrent-preclean: 0.000/0.000 secs] [Times: user=0.00 sys=0.00, real=0.00 secs] 
2014-07-10T09:58:09.665+0200: 35.811: [GC (CMS Final Remark) [YG occupancy: 2118 K (9792 K)]35.812: [Rescan (parallel) , 0.0000862 secs]35.812: [weak refs processing, 0.0000271 secs]35.812: [class unloading, 0.0004509 secs]35.812: [scrub symbol table, 0.0007483 secs]35.813: [scrub string table, 0.0001756 secs][1 CMS-remark: 12094K(21888K)] 14212K(31680K), 0.0016520 secs] [Times: user=0.00 sys=0.02, real=0.00 secs] 
2014-07-10T09:58:09.667+0200: 35.813: [CMS-concurrent-sweep-start]
2014-07-10T09:58:09.667+0200: 35.813: [CMS-concurrent-sweep: 0.000/0.000 secs] [Times: user=0.00 sys=0.00, real=0.00 secs] 
2014-07-10T09:58:09.667+0200: 35.814: [CMS-concurrent-reset-start]
2014-07-10T09:58:09.667+0200: 35.814: [CMS-concurrent-reset: 0.000/0.000 secs] [Times: user=0.00 sys=0.00, real=0.00 secs] 
2014-07-10T09:58:09.693+0200: 35.840: [GC (Allocation Failure) 35.840: [ParNew: 9745K->1059K(9792K), 0.0055287 secs] 16235K->14113K(31680K), 0.0056805 secs] [Times: user=0.03 sys=0.00, real=0.01 secs] 
2014-07-10T09:58:09.699+0200: 35.846: [GC (CMS Initial Mark) [1 CMS-initial-mark: 13054K(21888K)] 14145K(31680K), 0.0001855 secs] [Times: user=0.00 sys=0.00, real=0.00 secs] 
2014-07-10T09:58:09.699+0200: 35.846: [CMS-concurrent-mark-start]
2014-07-10T09:58:09.700+0200: 35.847: [CMS-concurrent-mark: 0.001/0.001 secs] [Times: user=0.00 sys=0.00, real=0.00 secs] 
2014-07-10T09:58:09.700+0200: 35.847: [CMS-concurrent-preclean-start]
2014-07-10T09:58:09.700+0200: 35.847: [CMS-concurrent-preclean: 0.000/0.000 secs] [Times: user=0.00 sys=0.00, real=0.00 secs] 
2014-07-10T09:58:09.700+0200: 35.847: [GC (CMS Final Remark) [YG occupancy: 1637 K (9792 K)]35.847: [Rescan (parallel) , 0.0000810 secs]35.847: [weak refs processing, 0.0000268 secs]35.847: [class unloading, 0.0004484 secs]35.847: [scrub symbol table, 0.0006955 secs]35.848: [scrub string table, 0.0001862 secs][1 CMS-remark: 13054K(21888K)] 14691K(31680K), 0.0015655 secs] [Times: user=0.00 sys=0.00, real=0.00 secs] 
2014-07-10T09:58:09.702+0200: 35.848: [CMS-concurrent-sweep-start]
2014-07-10T09:58:09.702+0200: 35.849: [CMS-concurrent-sweep: 0.000/0.000 secs] [Times: user=0.00 sys=0.00, real=0.00 secs] 
2014-07-10T09:58:09.702+0200: 35.849: [CMS-concurrent-reset-start]
2014-07-10T09:58:09.702+0200: 35.849: [CMS-concurrent-reset: 0.000/0.000 secs] [Times: user=0.00 sys=0.00, real=0.00 secs] 
2014-07-10T09:58:09.746+0200: 35.892: [GC (Allocation Failure) 35.892: [ParNew: 9745K->1059K(9792K), 0.0104118 secs] 16715K->15074K(31680K), 0.0107018 secs] [Times: user=0.00 sys=0.00, real=0.01 secs] 
2014-07-10T09:58:09.757+0200: 35.903: [GC (CMS Initial Mark) [1 CMS-initial-mark: 14014K(21888K)] 15172K(31680K), 0.0004264 secs] [Times: user=0.00 sys=0.00, real=0.00 secs] 
2014-07-10T09:58:09.757+0200: 35.904: [CMS-concurrent-mark-start]
2014-07-10T09:58:09.759+0200: 35.906: [CMS-concurrent-mark: 0.002/0.002 secs] [Times: user=0.00 sys=0.00, real=0.00 secs] 
2014-07-10T09:58:09.760+0200: 35.906: [CMS-concurrent-preclean-start]
2014-07-10T09:58:09.760+0200: 35.907: [CMS-concurrent-preclean: 0.000/0.000 secs] [Times: user=0.00 sys=0.00, real=0.00 secs] 
2014-07-10T09:58:09.760+0200: 35.907: [CMS-concurrent-abortable-preclean-start]
2014-07-10T09:58:09.791+0200: 35.938: [GC (Allocation Failure) 35.938: [ParNew: 9747K->9747K(9792K), 0.0000733 secs]35.938: [CMS2014-07-10T09:58:09.791+0200: 35.938: [CMS-concurrent-abortable-preclean: 0.000/0.031 secs] [Times: user=0.00 sys=0.00, real=0.03 secs] 
 (concurrent mode failure): 14014K->789K(21888K), 0.0042987 secs] 23762K->789K(31680K), [Metaspace: 2457K->2457K(1056768K)], 0.0045946 secs] [Times: user=0.00 sys=0.00, real=0.01 secs] 
2014-07-10T09:58:09.841+0200: 35.988: [GC (Allocation Failure) 35.988: [ParNew: 8686K->867K(9792K), 0.0013660 secs] 9475K->1656K(31680K), 0.0015446 secs] [Times: user=0.00 sys=0.00, real=0.00 secs] 
2014-07-10T09:58:09.850+0200: 35.996: [GC (Allocation Failure) 35.996: [ParNew: 9553K->1059K(9792K), 0.0023072 secs] 10342K->2141K(31680K), 0.0025250 secs] [Times: user=0.00 sys=0.00, real=0.00 secs] 
2014-07-10T09:58:09.891+0200: 36.038: [GC (Allocation Failure) 36.038: [ParNew: 9762K->163K(9792K), 0.0009921 secs] 10845K->1246K(31680K), 0.0011780 secs] [Times: user=0.00 sys=0.00, real=0.00 secs] 
2014-07-10T09:58:09.941+0200: 36.088: [GC (Allocation Failure) 36.088: [ParNew: 8849K->645K(9792K), 0.0012660 secs] 9932K->1728K(31680K), 0.0014581 secs] [Times: user=0.00 sys=0.00, real=0.00 secs] 
2014-07-10T09:58:09.950+0200: 36.097: [GC (Allocation Failure) 36.097: [ParNew: 9331K->1059K(9792K), 0.0020868 secs] 10415K->2210K(31680K), 0.0023053 secs] [Times: user=0.00 sys=0.00, real=0.00 secs] 
2014-07-10T09:58:09.992+0200: 36.139: [GC (Allocation Failure) 36.139: [ParNew: 9745K->1059K(9792K), 0.0018801 secs] 10897K->2756K(31680K), 0.0020909 secs] [Times: user=0.03 sys=0.00, real=0.00 secs] 
2014-07-10T09:58:10.043+0200: 36.189: [GC (Allocation Failure) 36.189: [ParNew: 9745K->1059K(9792K), 0.0022903 secs] 11442K->3781K(31680K), 0.0024927 secs] [Times: user=0.00 sys=0.00, real=0.00 secs] 
2014-07-10T09:58:10.052+0200: 36.199: [GC (Allocation Failure) 36.199: [ParNew: 9745K->1059K(9792K), 0.0033480 secs] 12468K->5287K(31680K), 0.0036245 secs] [Times: user=0.00 sys=0.00, real=0.00 secs] 
2014-07-10T09:58:10.093+0200: 36.239: [GC (Allocation Failure) 36.240: [ParNew: 9745K->1059K(9792K), 0.0030753 secs] 13973K->7273K(31680K), 0.0033169 secs] [Times: user=0.00 sys=0.00, real=0.00 secs] 
2014-07-10T09:58:10.142+0200: 36.288: [GC (Allocation Failure) 36.289: [ParNew: 9755K->1061K(9792K), 0.0020322 secs] 15969K->8205K(31680K), 0.0022328 secs] [Times: user=0.00 sys=0.00, real=0.00 secs] 
2014-07-10T09:58:10.153+0200: 36.300: [GC (Allocation Failure) 36.300: [ParNew: 9747K->1059K(9792K), 0.0023622 secs] 16891K->9614K(31680K), 0.0025671 secs] [Times: user=0.00 sys=0.00, real=0.00 secs] 
2014-07-10T09:58:10.192+0200: 36.339: [GC (Allocation Failure) 36.339: [ParNew: 9745K->1059K(9792K), 0.0019625 secs] 18300K->11504K(31680K), 0.0021389 secs] [Times: user=0.00 sys=0.00, real=0.00 secs] 
2014-07-10T09:58:10.242+0200: 36.388: [GC (Allocation Failure) 36.389: [ParNew: 9745K->1059K(9792K), 0.0020762 secs] 20190K->13874K(31680K), 0.0022144 secs] [Times: user=0.03 sys=0.00, real=0.00 secs] 
2014-07-10T09:58:10.251+0200: 36.398: [GC (Allocation Failure) 36.398: [ParNew: 9745K->1059K(9792K), 0.0054657 secs] 22560K->16724K(31680K), 0.0057362 secs] [Times: user=0.00 sys=0.00, real=0.01 secs] 
2014-07-10T09:58:10.257+0200: 36.404: [GC (CMS Initial Mark) [1 CMS-initial-mark: 15665K(21888K)] 16790K(31680K), 0.0004579 secs] [Times: user=0.00 sys=0.00, real=0.00 secs] 
2014-07-10T09:58:10.258+0200: 36.405: [CMS-concurrent-mark-start]
2014-07-10T09:58:10.260+0200: 36.407: [CMS-concurrent-mark: 0.002/0.002 secs] [Times: user=0.03 sys=0.00, real=0.00 secs] 
2014-07-10T09:58:10.260+0200: 36.407: [CMS-concurrent-preclean-start]
2014-07-10T09:58:10.261+0200: 36.407: [CMS-concurrent-preclean: 0.000/0.000 secs] [Times: user=0.00 sys=0.00, real=0.00 secs] 
2014-07-10T09:58:10.261+0200: 36.408: [CMS-concurrent-abortable-preclean-start]
2014-07-10T09:58:10.292+0200: 36.439: [GC (Allocation Failure) 36.439: [ParNew: 9745K->1059K(9792K), 0.0042789 secs] 25410K->20055K(31680K), 0.0046847 secs] [Times: user=0.00 sys=0.00, real=0.00 secs] 
2014-07-10T09:58:10.346+0200: 36.492: [GC (Allocation Failure) 36.492: [ParNew: 9745K->9745K(9792K), 0.0000447 secs]36.492: [CMS2014-07-10T09:58:10.347+0200: 36.493: [CMS-concurrent-abortable-preclean: 0.001/0.086 secs] [Times: user=0.00 sys=0.00, real=0.09 secs] 
 (concurrent mode failure): 18995K->5272K(21888K), 0.0072467 secs] 28741K->5272K(31680K), [Metaspace: 2457K->2457K(1056768K)], 0.0074436 secs] [Times: user=0.00 sys=0.00, real=0.01 secs] 
2014-07-10T09:58:10.357+0200: 36.504: [GC (Allocation Failure) 36.504: [ParNew: 8686K->1059K(9792K), 0.0100980 secs] 13959K->10624K(31680K), 0.0102080 secs] [Times: user=0.00 sys=0.00, real=0.01 secs] 
2014-07-10T09:58:10.392+0200: 36.538: [GC (Allocation Failure) 36.538: [ParNew: 9757K->1059K(9792K), 0.0029473 secs] 19322K->13861K(31680K), 0.0030855 secs] [Times: user=0.00 sys=0.00, real=0.00 secs] 
2014-07-10T09:58:10.442+0200: 36.588: [GC (Allocation Failure) 36.589: [ParNew: 9745K->1059K(9792K), 0.0035445 secs] 22547K->17577K(31680K), 0.0036982 secs] [Times: user=0.00 sys=0.02, real=0.00 secs] 
2014-07-10T09:58:10.447+0200: 36.594: [GC (CMS Initial Mark) [1 CMS-initial-mark: 16517K(21888K)] 21233K(31680K), 0.0002332 secs] [Times: user=0.00 sys=0.00, real=0.00 secs] 
2014-07-10T09:58:10.448+0200: 36.594: [CMS-concurrent-mark-start]
2014-07-10T09:58:10.449+0200: 36.595: [CMS-concurrent-mark: 0.001/0.001 secs] [Times: user=0.00 sys=0.00, real=0.00 secs] 
2014-07-10T09:58:10.449+0200: 36.595: [CMS-concurrent-preclean-start]
2014-07-10T09:58:10.449+0200: 36.595: [CMS-concurrent-preclean: 0.000/0.000 secs] [Times: user=0.00 sys=0.00, real=0.00 secs] 
2014-07-10T09:58:10.449+0200: 36.595: [CMS-concurrent-abortable-preclean-start]
2014-07-10T09:58:10.450+0200: 36.597: [GC (Allocation Failure) 36.597: [ParNew: 9745K->1059K(9792K), 0.0039295 secs] 26263K->21772K(31680K), 0.0040332 secs] [Times: user=0.00 sys=0.00, real=0.00 secs] 
2014-07-10T09:58:10.455+0200: 36.602: [CMS-concurrent-abortable-preclean: 0.001/0.006 secs] [Times: user=0.00 sys=0.00, real=0.01 secs] 
2014-07-10T09:58:10.455+0200: 36.602: [GC (CMS Final Remark) [YG occupancy: 3976 K (9792 K)]36.602: [Rescan (parallel) , 0.0001521 secs]36.602: [weak refs processing, 0.0000264 secs]36.602: [class unloading, 0.0005169 secs]36.603: [scrub symbol table, 0.0006064 secs]36.603: [scrub string table, 0.0001818 secs][1 CMS-remark: 20712K(21888K)] 24689K(31680K), 0.0016051 secs] [Times: user=0.00 sys=0.00, real=0.00 secs] 
2014-07-10T09:58:10.457+0200: 36.604: [CMS-concurrent-sweep-start]
2014-07-10T09:58:10.457+0200: 36.604: [CMS-concurrent-sweep: 0.000/0.000 secs] [Times: user=0.00 sys=0.00, real=0.00 secs] 
2014-07-10T09:58:10.457+0200: 36.604: [CMS-concurrent-reset-start]
2014-07-10T09:58:10.458+0200: 36.604: [CMS-concurrent-reset: 0.000/0.000 secs] [Times: user=0.00 sys=0.00, real=0.00 secs] 
2014-07-10T09:58:10.494+0200: 36.641: [GC (Allocation Failure) 36.641: [ParNew: 9745K->1059K(9792K), 0.0118270 secs] 14350K->10339K(31680K), 0.0120818 secs] [Times: user=0.00 sys=0.00, real=0.01 secs] 
2014-07-10T09:58:10.543+0200: 36.690: [GC (Allocation Failure) 36.690: [ParNew: 9745K->1059K(9792K), 0.0048087 secs] 19025K->15494K(31680K), 0.0049645 secs] [Times: user=0.00 sys=0.00, real=0.01 secs] 
2014-07-10T09:58:10.548+0200: 36.695: [GC (CMS Initial Mark) [1 CMS-initial-mark: 14435K(21888K)] 15560K(31680K), 0.0002621 secs] [Times: user=0.00 sys=0.00, real=0.00 secs] 
2014-07-10T09:58:10.548+0200: 36.695: [CMS-concurrent-mark-start]
2014-07-10T09:58:10.550+0200: 36.696: [CMS-concurrent-mark: 0.001/0.001 secs] [Times: user=0.00 sys=0.00, real=0.00 secs] 
2014-07-10T09:58:10.550+0200: 36.696: [CMS-concurrent-preclean-start]
2014-07-10T09:58:10.550+0200: 36.697: [CMS-concurrent-preclean: 0.000/0.000 secs] [Times: user=0.00 sys=0.00, real=0.00 secs] 
2014-07-10T09:58:10.550+0200: 36.697: [CMS-concurrent-abortable-preclean-start]
2014-07-10T09:58:10.553+0200: 36.699: [GC (Allocation Failure) 36.699: [ParNew: 9745K->1059K(9792K), 0.0054074 secs] 24180K->21130K(31680K), 0.0055771 secs] [Times: user=0.03 sys=0.00, real=0.01 secs] 
2014-07-10T09:58:10.560+0200: 36.706: [CMS-concurrent-abortable-preclean: 0.001/0.010 secs] [Times: user=0.03 sys=0.00, real=0.01 secs] 
2014-07-10T09:58:10.560+0200: 36.707: [GC (CMS Final Remark) [YG occupancy: 2566 K (9792 K)]36.707: [Rescan (parallel) , 0.0001580 secs]36.707: [weak refs processing, 0.0000356 secs]36.707: [class unloading, 0.0005745 secs]36.707: [scrub symbol table, 0.0007230 secs]36.708: [scrub string table, 0.0002398 secs][1 CMS-remark: 20071K(21888K)] 22637K(31680K), 0.0019087 secs] [Times: user=0.00 sys=0.00, real=0.00 secs] 
2014-07-10T09:58:10.562+0200: 36.709: [CMS-concurrent-sweep-start]
2014-07-10T09:58:10.562+0200: 36.709: [CMS-concurrent-sweep: 0.000/0.000 secs] [Times: user=0.00 sys=0.00, real=0.00 secs] 
2014-07-10T09:58:10.562+0200: 36.709: [CMS-concurrent-reset-start]
2014-07-10T09:58:10.562+0200: 36.709: [CMS-concurrent-reset: 0.000/0.000 secs] [Times: user=0.00 sys=0.00, real=0.00 secs] 
2014-07-10T09:58:10.593+0200: 36.740: [GC (Allocation Failure) 36.740: [ParNew: 9745K->1059K(9792K), 0.0057337 secs] 20946K->18376K(31680K), 0.0059111 secs] [Times: user=0.00 sys=0.00, real=0.01 secs] 
2014-07-10T09:58:10.600+0200: 36.746: [GC (CMS Initial Mark) [1 CMS-initial-mark: 17316K(21888K)] 18442K(31680K), 0.0002295 secs] [Times: user=0.00 sys=0.00, real=0.00 secs] 
2014-07-10T09:58:10.600+0200: 36.747: [CMS-concurrent-mark-start]
2014-07-10T09:58:10.601+0200: 36.748: [CMS-concurrent-mark: 0.001/0.001 secs] [Times: user=0.00 sys=0.00, real=0.00 secs] 
2014-07-10T09:58:10.601+0200: 36.748: [CMS-concurrent-preclean-start]
2014-07-10T09:58:10.601+0200: 36.748: [CMS-concurrent-preclean: 0.000/0.000 secs] [Times: user=0.00 sys=0.00, real=0.00 secs] 
2014-07-10T09:58:10.601+0200: 36.748: [CMS-concurrent-abortable-preclean-start]
2014-07-10T09:58:10.644+0200: 36.790: [GC (Allocation Failure) 36.790: [ParNew: 9751K->9751K(9792K), 0.0000568 secs]36.790: [CMS2014-07-10T09:58:10.644+0200: 36.791: [CMS-concurrent-abortable-preclean: 0.000/0.043 secs] [Times: user=0.00 sys=0.00, real=0.04 secs] 
 (concurrent mode failure): 17316K->7034K(21888K), 0.0084452 secs] 27067K->7034K(31680K), [Metaspace: 2457K->2457K(1056768K)], 0.0086722 secs] [Times: user=0.02 sys=0.00, real=0.01 secs] 
2014-07-10T09:58:10.656+0200: 36.803: [GC (Allocation Failure) 36.803: [ParNew: 8686K->1059K(9792K), 0.0058352 secs] 15720K->14148K(31680K), 0.0060031 secs] [Times: user=0.00 sys=0.00, real=0.01 secs] 
2014-07-10T09:58:10.663+0200: 36.809: [GC (CMS Initial Mark) [1 CMS-initial-mark: 13089K(21888K)] 14215K(31680K), 0.0002665 secs] [Times: user=0.00 sys=0.00, real=0.00 secs] 
2014-07-10T09:58:10.663+0200: 36.810: [CMS-concurrent-mark-start]
2014-07-10T09:58:10.664+0200: 36.811: [CMS-concurrent-mark: 0.001/0.001 secs] [Times: user=0.02 sys=0.00, real=0.00 secs] 
2014-07-10T09:58:10.664+0200: 36.811: [CMS-concurrent-preclean-start]
2014-07-10T09:58:10.664+0200: 36.811: [CMS-concurrent-preclean: 0.000/0.000 secs] [Times: user=0.00 sys=0.00, real=0.00 secs] 
2014-07-10T09:58:10.664+0200: 36.811: [GC (CMS Final Remark) [YG occupancy: 2150 K (9792 K)]36.811: [Rescan (parallel) , 0.0001430 secs]36.811: [weak refs processing, 0.0000348 secs]36.811: [class unloading, 0.0005360 secs]36.812: [scrub symbol table, 0.0005397 secs]36.812: [scrub string table, 0.0001774 secs][1 CMS-remark: 13089K(21888K)] 15239K(31680K), 0.0015728 secs] [Times: user=0.00 sys=0.00, real=0.00 secs] 
2014-07-10T09:58:10.666+0200: 36.812: [CMS-concurrent-sweep-start]
2014-07-10T09:58:10.666+0200: 36.813: [CMS-concurrent-sweep: 0.000/0.000 secs] [Times: user=0.00 sys=0.00, real=0.00 secs] 
2014-07-10T09:58:10.666+0200: 36.813: [CMS-concurrent-reset-start]
2014-07-10T09:58:10.666+0200: 36.813: [CMS-concurrent-reset: 0.000/0.000 secs] [Times: user=0.00 sys=0.00, real=0.00 secs] 
2014-07-10T09:58:10.693+0200: 36.840: [GC (Allocation Failure) 36.840: [ParNew: 9745K->1059K(9792K), 0.0110398 secs] 16205K->14051K(31680K), 0.0112536 secs] [Times: user=0.03 sys=0.00, real=0.01 secs] 
2014-07-10T09:58:10.705+0200: 36.852: [GC (CMS Initial Mark) [1 CMS-initial-mark: 12992K(21888K)] 14117K(31680K), 0.0005947 secs] [Times: user=0.00 sys=0.00, real=0.00 secs] 
2014-07-10T09:58:10.706+0200: 36.852: [CMS-concurrent-mark-start]
2014-07-10T09:58:10.708+0200: 36.855: [CMS-concurrent-mark: 0.002/0.002 secs] [Times: user=0.00 sys=0.00, real=0.00 secs] 
2014-07-10T09:58:10.708+0200: 36.855: [CMS-concurrent-preclean-start]
2014-07-10T09:58:10.708+0200: 36.855: [CMS-concurrent-preclean: 0.000/0.000 secs] [Times: user=0.00 sys=0.00, real=0.00 secs] 
2014-07-10T09:58:10.726+0200: 36.872: [GC (CMS Final Remark) [YG occupancy: 1669 K (9792 K)]36.872: [Rescan (parallel) , 0.0001470 secs]36.872: [weak refs processing, 0.0000326 secs]36.873: [class unloading, 0.0005067 secs]36.873: [scrub symbol table, 0.0007494 secs]36.874: [scrub string table, 0.0002156 secs][1 CMS-remark: 12992K(21888K)] 14662K(31680K), 0.0018698 secs] [Times: user=0.02 sys=0.00, real=0.00 secs] 
2014-07-10T09:58:10.729+0200: 36.876: [CMS-concurrent-sweep-start]
2014-07-10T09:58:10.729+0200: 36.876: [CMS-concurrent-sweep: 0.000/0.000 secs] [Times: user=0.00 sys=0.00, real=0.00 secs] 
2014-07-10T09:58:10.729+0200: 36.876: [CMS-concurrent-reset-start]
2014-07-10T09:58:10.729+0200: 36.876: [CMS-concurrent-reset: 0.000/0.000 secs] [Times: user=0.00 sys=0.00, real=0.00 secs] 
2014-07-10T09:58:10.743+0200: 36.890: [GC (Allocation Failure) 36.890: [ParNew: 9745K->1059K(9792K), 0.0061666 secs] 16686K->15012K(31680K), 0.0063492 secs] [Times: user=0.00 sys=0.00, real=0.01 secs] 
2014-07-10T09:58:10.750+0200: 36.897: [GC (CMS Initial Mark) [1 CMS-initial-mark: 13952K(21888K)] 15078K(31680K), 0.0001987 secs] [Times: user=0.00 sys=0.00, real=0.00 secs] 
2014-07-10T09:58:10.750+0200: 36.897: [CMS-concurrent-mark-start]
2014-07-10T09:58:10.751+0200: 36.898: [CMS-concurrent-mark: 0.001/0.001 secs] [Times: user=0.00 sys=0.00, real=0.00 secs] 
2014-07-10T09:58:10.751+0200: 36.898: [CMS-concurrent-preclean-start]
2014-07-10T09:58:10.751+0200: 36.898: [CMS-concurrent-preclean: 0.000/0.000 secs] [Times: user=0.00 sys=0.00, real=0.00 secs] 
2014-07-10T09:58:10.751+0200: 36.898: [CMS-concurrent-abortable-preclean-start]
2014-07-10T09:58:10.791+0200: 36.938: [GC (Allocation Failure) 36.938: [ParNew: 9747K->9747K(9792K), 0.0000968 secs]36.938: [CMS2014-07-10T09:58:10.791+0200: 36.938: [CMS-concurrent-abortable-preclean: 0.000/0.040 secs] [Times: user=0.00 sys=0.00, real=0.04 secs] 
 (concurrent mode failure): 13952K->759K(21888K), 0.0070755 secs] 23700K->759K(31680K), [Metaspace: 2457K->2457K(1056768K)], 0.0074979 secs] [Times: user=0.00 sys=0.00, real=0.01 secs] 
2014-07-10T09:58:10.842+0200: 36.988: [GC (Allocation Failure) 36.988: [ParNew: 8686K->835K(9792K), 0.0014489 secs] 9445K->1594K(31680K), 0.0016425 secs] [Times: user=0.00 sys=0.00, real=0.00 secs] 
2014-07-10T09:58:10.850+0200: 36.997: [GC (Allocation Failure) 36.997: [ParNew: 9538K->301K(9792K), 0.0013210 secs] 10297K->1064K(31680K), 0.0015230 secs] [Times: user=0.00 sys=0.02, real=0.00 secs] 
2014-07-10T09:58:10.859+0200: 37.006: [GC (Allocation Failure) 37.006: [ParNew: 9005K->150K(9792K), 0.0011354 secs] 9767K->912K(31680K), 0.0013213 secs] [Times: user=0.00 sys=0.00, real=0.00 secs] 
2014-07-10T09:58:10.941+0200: 37.088: [GC (Allocation Failure) 37.088: [ParNew: 8825K->102K(9792K), 0.0010445 secs] 9588K->865K(31680K), 0.0012231 secs] [Times: user=0.00 sys=0.00, real=0.00 secs] 
2014-07-10T09:58:10.948+0200: 37.095: [GC (Allocation Failure) 37.095: [ParNew: 8788K->583K(9792K), 0.0015692 secs] 9551K->1346K(31680K), 0.0018771 secs] [Times: user=0.00 sys=0.00, real=0.00 secs] 
2014-07-10T09:58:10.991+0200: 37.138: [GC (Allocation Failure) 37.138: [ParNew: 9270K->1059K(9792K), 0.0015362 secs] 10032K->1830K(31680K), 0.0017631 secs] [Times: user=0.01 sys=0.00, real=0.00 secs] 
2014-07-10T09:58:11.042+0200: 37.188: [GC (Allocation Failure) 37.189: [ParNew: 9745K->1059K(9792K), 0.0018962 secs] 10516K->2311K(31680K), 0.0020967 secs] [Times: user=0.00 sys=0.00, real=0.00 secs] 
2014-07-10T09:58:11.051+0200: 37.198: [GC (Allocation Failure) 37.198: [ParNew: 9745K->1059K(9792K), 0.0028769 secs] 10998K->3273K(31680K), 0.0031090 secs] [Times: user=0.03 sys=0.00, real=0.00 secs] 
2014-07-10T09:58:11.092+0200: 37.239: [GC (Allocation Failure) 37.239: [ParNew: 9749K->1059K(9792K), 0.0018511 secs] 11963K->3690K(31680K), 0.0020381 secs] [Times: user=0.00 sys=0.00, real=0.00 secs] 
2014-07-10T09:58:11.142+0200: 37.288: [GC (Allocation Failure) 37.289: [ParNew: 9745K->1059K(9792K), 0.0020370 secs] 12376K->4588K(31680K), 0.0022221 secs] [Times: user=0.00 sys=0.00, real=0.00 secs] 
2014-07-10T09:58:11.153+0200: 37.300: [GC (Allocation Failure) 37.300: [ParNew: 9745K->1059K(9792K), 0.0027585 secs] 13275K->5966K(31680K), 0.0029972 secs] [Times: user=0.00 sys=0.00, real=0.00 secs] 
2014-07-10T09:58:11.192+0200: 37.338: [GC (Allocation Failure) 37.338: [ParNew: 9745K->1059K(9792K), 0.0014291 secs] 14652K->7824K(31680K), 0.0015538 secs] [Times: user=0.00 sys=0.00, real=0.00 secs] 
2014-07-10T09:58:11.242+0200: 37.389: [GC (Allocation Failure) 37.389: [ParNew: 9745K->1059K(9792K), 0.0020861 secs] 16510K->10162K(31680K), 0.0022448 secs] [Times: user=0.00 sys=0.00, real=0.00 secs] 
2014-07-10T09:58:11.249+0200: 37.396: [GC (Allocation Failure) 37.396: [ParNew: 9745K->1059K(9792K), 0.0028164 secs] 18848K->12981K(31680K), 0.0032531 secs] [Times: user=0.00 sys=0.00, real=0.00 secs] 
2014-07-10T09:58:11.292+0200: 37.439: [GC (Allocation Failure) 37.439: [ParNew: 9745K->1059K(9792K), 0.0041909 secs] 21667K->16279K(31680K), 0.0043368 secs] [Times: user=0.00 sys=0.00, real=0.00 secs] 
2014-07-10T09:58:11.298+0200: 37.445: [GC (CMS Initial Mark) [1 CMS-initial-mark: 15220K(21888K)] 20125K(31680K), 0.0004935 secs] [Times: user=0.00 sys=0.00, real=0.00 secs] 
2014-07-10T09:58:11.299+0200: 37.446: [CMS-concurrent-mark-start]
2014-07-10T09:58:11.299+0200: 37.446: [CMS-concurrent-mark: 0.001/0.001 secs] [Times: user=0.00 sys=0.00, real=0.00 secs] 
2014-07-10T09:58:11.299+0200: 37.446: [CMS-concurrent-preclean-start]
2014-07-10T09:58:11.300+0200: 37.446: [CMS-concurrent-preclean: 0.000/0.000 secs] [Times: user=0.00 sys=0.00, real=0.00 secs] 
2014-07-10T09:58:11.300+0200: 37.446: [CMS-concurrent-abortable-preclean-start]
2014-07-10T09:58:11.342+0200: 37.489: [GC (Allocation Failure) 37.489: [ParNew: 9745K->1059K(9792K), 0.0036575 secs] 24966K->20058K(31680K), 0.0038129 secs] [Times: user=0.00 sys=0.00, real=0.00 secs] 
2014-07-10T09:58:11.347+0200: 37.494: [CMS-concurrent-abortable-preclean: 0.001/0.048 secs] [Times: user=0.00 sys=0.00, real=0.05 secs] 
2014-07-10T09:58:11.347+0200: 37.494: [GC (CMS Final Remark) [YG occupancy: 3688 K (9792 K)]37.494: [Rescan (parallel) , 0.0001170 secs]37.494: [weak refs processing, 0.0000301 secs]37.494: [class unloading, 0.0005532 secs]37.495: [scrub symbol table, 0.0007842 secs]37.496: [scrub string table, 0.0002247 secs][1 CMS-remark: 18999K(21888K)] 22688K(31680K), 0.0018533 secs] [Times: user=0.00 sys=0.00, real=0.00 secs] 
2014-07-10T09:58:11.349+0200: 37.496: [CMS-concurrent-sweep-start]
2014-07-10T09:58:11.350+0200: 37.497: [CMS-concurrent-sweep: 0.000/0.000 secs] [Times: user=0.00 sys=0.00, real=0.00 secs] 
2014-07-10T09:58:11.350+0200: 37.497: [CMS-concurrent-reset-start]
2014-07-10T09:58:11.350+0200: 37.497: [CMS-concurrent-reset: 0.000/0.000 secs] [Times: user=0.00 sys=0.00, real=0.00 secs] 
2014-07-10T09:58:11.352+0200: 37.499: [GC (Allocation Failure) 37.499: [ParNew: 9745K->1059K(9792K), 0.0042327 secs] 13935K->9508K(31680K), 0.0043405 secs] [Times: user=0.00 sys=0.00, real=0.00 secs] 
2014-07-10T09:58:11.357+0200: 37.503: [GC (CMS Initial Mark) [1 CMS-initial-mark: 8448K(21888K)] 9540K(31680K), 0.0001631 secs] [Times: user=0.00 sys=0.00, real=0.00 secs] 
2014-07-10T09:58:11.357+0200: 37.504: [CMS-concurrent-mark-start]
2014-07-10T09:58:11.358+0200: 37.504: [CMS-concurrent-mark: 0.001/0.001 secs] [Times: user=0.00 sys=0.00, real=0.00 secs] 
2014-07-10T09:58:11.358+0200: 37.504: [CMS-concurrent-preclean-start]
2014-07-10T09:58:11.358+0200: 37.504: [CMS-concurrent-preclean: 0.000/0.000 secs] [Times: user=0.00 sys=0.00, real=0.00 secs] 
2014-07-10T09:58:11.358+0200: 37.504: [CMS-concurrent-abortable-preclean-start]
2014-07-10T09:58:11.392+0200: 37.538: [GC (Allocation Failure) 37.538: [ParNew: 9757K->1059K(9792K), 0.0029040 secs] 18205K->12711K(31680K), 0.0030357 secs] [Times: user=0.00 sys=0.00, real=0.00 secs] 
2014-07-10T09:58:11.442+0200: 37.589: [GC (Allocation Failure) 37.589: [ParNew: 9745K->1059K(9792K), 0.0045689 secs] 21397K->16395K(31680K), 0.0047801 secs] [Times: user=0.03 sys=0.00, real=0.01 secs] 
2014-07-10T09:58:11.456+0200: 37.603: [GC (Allocation Failure) 37.603: [ParNew: 9745K->1059K(9792K), 0.0071529 secs] 25081K->20558K(31680K), 0.0076397 secs] [Times: user=0.03 sys=0.00, real=0.01 secs] 
2014-07-10T09:58:11.465+0200: 37.612: [CMS-concurrent-abortable-preclean: 0.003/0.108 secs] [Times: user=0.06 sys=0.00, real=0.11 secs] 
2014-07-10T09:58:11.466+0200: 37.613: [GC (CMS Final Remark) [YG occupancy: 4040 K (9792 K)]37.613: [Rescan (parallel) , 0.0002834 secs]37.613: [weak refs processing, 0.0000627 secs]37.613: [class unloading, 0.0012605 secs]37.615: [scrub symbol table, 0.0030067 secs]37.618: [scrub string table, 0.0004568 secs][1 CMS-remark: 19498K(21888K)] 23539K(31680K), 0.0055027 secs] [Times: user=0.00 sys=0.00, real=0.01 secs] 
2014-07-10T09:58:11.472+0200: 37.619: [CMS-concurrent-sweep-start]
2014-07-10T09:58:11.473+0200: 37.620: [CMS-concurrent-sweep: 0.001/0.001 secs] [Times: user=0.00 sys=0.00, real=0.00 secs] 
2014-07-10T09:58:11.473+0200: 37.620: [CMS-concurrent-reset-start]
2014-07-10T09:58:11.473+0200: 37.620: [CMS-concurrent-reset: 0.000/0.000 secs] [Times: user=0.00 sys=0.00, real=0.00 secs] 
2014-07-10T09:58:11.492+0200: 37.639: [GC (Allocation Failure) 37.639: [ParNew: 9745K->1059K(9792K), 0.0044871 secs] 25465K->21422K(31680K), 0.0046290 secs] [Times: user=0.00 sys=0.00, real=0.00 secs] 
2014-07-10T09:58:11.497+0200: 37.644: [GC (CMS Initial Mark) [1 CMS-initial-mark: 20363K(21888K)] 21488K(31680K), 0.0002053 secs] [Times: user=0.00 sys=0.00, real=0.00 secs] 
2014-07-10T09:58:11.497+0200: 37.644: [CMS-concurrent-mark-start]
2014-07-10T09:58:11.498+0200: 37.645: [CMS-concurrent-mark: 0.001/0.001 secs] [Times: user=0.00 sys=0.00, real=0.00 secs] 
2014-07-10T09:58:11.498+0200: 37.645: [CMS-concurrent-preclean-start]
2014-07-10T09:58:11.498+0200: 37.645: [CMS-concurrent-preclean: 0.000/0.000 secs] [Times: user=0.00 sys=0.00, real=0.00 secs] 
2014-07-10T09:58:11.498+0200: 37.645: [CMS-concurrent-abortable-preclean-start]
2014-07-10T09:58:11.498+0200: 37.645: [CMS-concurrent-abortable-preclean: 0.000/0.000 secs] [Times: user=0.00 sys=0.00, real=0.00 secs] 
2014-07-10T09:58:11.499+0200: 37.645: [GC (CMS Final Remark) [YG occupancy: 3560 K (9792 K)]37.645: [Rescan (parallel) , 0.0001203 secs]37.645: [weak refs processing, 0.0000293 secs]37.645: [class unloading, 0.0005048 secs]37.646: [scrub symbol table, 0.0006247 secs]37.647: [scrub string table, 0.0001914 secs][1 CMS-remark: 20363K(21888K)] 23923K(31680K), 0.0016080 secs] [Times: user=0.00 sys=0.00, real=0.00 secs] 
2014-07-10T09:58:11.500+0200: 37.647: [CMS-concurrent-sweep-start]
2014-07-10T09:58:11.501+0200: 37.647: [CMS-concurrent-sweep: 0.000/0.000 secs] [Times: user=0.00 sys=0.00, real=0.00 secs] 
2014-07-10T09:58:11.501+0200: 37.647: [CMS-concurrent-reset-start]
2014-07-10T09:58:11.501+0200: 37.647: [CMS-concurrent-reset: 0.000/0.000 secs] [Times: user=0.00 sys=0.00, real=0.00 secs] 
2014-07-10T09:58:11.544+0200: 37.691: [GC (Allocation Failure) 37.691: [ParNew: 9745K->1059K(9792K), 0.0080133 secs] 14800K->11237K(31680K), 0.0082960 secs] [Times: user=0.00 sys=0.00, real=0.01 secs] 
2014-07-10T09:58:11.553+0200: 37.700: [GC (CMS Initial Mark) [1 CMS-initial-mark: 10178K(21888K)] 11303K(31680K), 0.0004466 secs] [Times: user=0.02 sys=0.00, real=0.00 secs] 
2014-07-10T09:58:11.554+0200: 37.700: [CMS-concurrent-mark-start]
2014-07-10T09:58:11.556+0200: 37.702: [CMS-concurrent-mark: 0.002/0.002 secs] [Times: user=0.00 sys=0.00, real=0.00 secs] 
2014-07-10T09:58:11.556+0200: 37.703: [CMS-concurrent-preclean-start]
2014-07-10T09:58:11.556+0200: 37.703: [CMS-concurrent-preclean: 0.000/0.000 secs] [Times: user=0.00 sys=0.00, real=0.00 secs] 
2014-07-10T09:58:11.556+0200: 37.703: [CMS-concurrent-abortable-preclean-start]
2014-07-10T09:58:11.560+0200: 37.707: [GC (Allocation Failure) 37.707: [ParNew: 9745K->1059K(9792K), 0.0068779 secs] 19924K->16841K(31680K), 0.0070876 secs] [Times: user=0.00 sys=0.00, real=0.01 secs] 
2014-07-10T09:58:11.593+0200: 37.740: [GC (Allocation Failure) 37.740: [ParNew: 9745K->9745K(9792K), 0.0000627 secs]37.740: [CMS2014-07-10T09:58:11.594+0200: 37.740: [CMS-concurrent-abortable-preclean: 0.001/0.038 secs] [Times: user=0.00 sys=0.01, real=0.04 secs] 
 (concurrent mode failure): 15782K->7548K(21888K), 0.0090098 secs] 25527K->7548K(31680K), [Metaspace: 2457K->2457K(1056768K)], 0.0092657 secs] [Times: user=0.02 sys=0.00, real=0.01 secs] 
2014-07-10T09:58:11.643+0200: 37.790: [GC (Allocation Failure) 37.790: [ParNew: 8695K->1062K(9792K), 0.0047192 secs] 16244K->13641K(31680K), 0.0048919 secs] [Times: user=0.03 sys=0.00, real=0.01 secs] 
2014-07-10T09:58:11.648+0200: 37.795: [GC (CMS Initial Mark) [1 CMS-initial-mark: 12579K(21888K)] 13707K(31680K), 0.0002570 secs] [Times: user=0.00 sys=0.00, real=0.00 secs] 
2014-07-10T09:58:11.649+0200: 37.795: [CMS-concurrent-mark-start]
2014-07-10T09:58:11.650+0200: 37.796: [CMS-concurrent-mark: 0.001/0.001 secs] [Times: user=0.00 sys=0.00, real=0.00 secs] 
2014-07-10T09:58:11.650+0200: 37.796: [CMS-concurrent-preclean-start]
2014-07-10T09:58:11.650+0200: 37.797: [CMS-concurrent-preclean: 0.000/0.000 secs] [Times: user=0.00 sys=0.00, real=0.00 secs] 
2014-07-10T09:58:11.650+0200: 37.797: [CMS-concurrent-abortable-preclean-start]
2014-07-10T09:58:11.653+0200: 37.799: [GC (Allocation Failure) 37.800: [ParNew: 9748K->1059K(9792K), 0.0052666 secs] 22327K->19148K(31680K), 0.0054224 secs] [Times: user=0.00 sys=0.00, real=0.00 secs] 
2014-07-10T09:58:11.692+0200: 37.839: [GC (Allocation Failure) 37.839: [ParNew: 9745K->9745K(9792K), 0.0000458 secs]37.839: [CMS2014-07-10T09:58:11.693+0200: 37.839: [CMS-concurrent-abortable-preclean: 0.001/0.043 secs] [Times: user=0.00 sys=0.00, real=0.04 secs] 
 (concurrent mode failure): 18088K->7453K(21888K), 0.0073164 secs] 27834K->7453K(31680K), [Metaspace: 2457K->2457K(1056768K)], 0.0075466 secs] [Times: user=0.01 sys=0.00, real=0.01 secs] 
2014-07-10T09:58:11.745+0200: 37.892: [GC (Allocation Failure) 37.892: [ParNew: 8686K->1059K(9792K), 0.0048769 secs] 16139K->14984K(31680K), 0.0050415 secs] [Times: user=0.00 sys=0.00, real=0.01 secs] 
2014-07-10T09:58:11.751+0200: 37.898: [GC (CMS Initial Mark) [1 CMS-initial-mark: 13924K(21888K)] 15016K(31680K), 0.0001947 secs] [Times: user=0.00 sys=0.00, real=0.00 secs] 
2014-07-10T09:58:11.751+0200: 37.898: [CMS-concurrent-mark-start]
2014-07-10T09:58:11.752+0200: 37.899: [CMS-concurrent-mark: 0.001/0.001 secs] [Times: user=0.00 sys=0.00, real=0.00 secs] 
2014-07-10T09:58:11.752+0200: 37.899: [CMS-concurrent-preclean-start]
2014-07-10T09:58:11.752+0200: 37.899: [CMS-concurrent-preclean: 0.000/0.000 secs] [Times: user=0.00 sys=0.00, real=0.00 secs] 
2014-07-10T09:58:11.752+0200: 37.899: [CMS-concurrent-abortable-preclean-start]
2014-07-10T09:58:11.756+0200: 37.903: [GC (Allocation Failure) 37.903: [ParNew: 9745K->9745K(9792K), 0.0000510 secs]37.903: [CMS2014-07-10T09:58:11.757+0200: 37.903: [CMS-concurrent-abortable-preclean: 0.000/0.005 secs] [Times: user=0.02 sys=0.00, real=0.00 secs] 
 (concurrent mode failure): 13924K->8414K(21888K), 0.0104455 secs] 23670K->8414K(31680K), [Metaspace: 2457K->2457K(1056768K)], 0.0107234 secs] [Times: user=0.00 sys=0.00, real=0.01 secs] 
2014-07-10T09:58:11.841+0200: 37.988: [GC (Allocation Failure) 37.988: [ParNew: 8688K->293K(9792K), 0.0010515 secs] 17102K->8707K(31680K), 0.0012388 secs] [Times: user=0.00 sys=0.00, real=0.00 secs] 
2014-07-10T09:58:11.849+0200: 37.996: [GC (Allocation Failure) 37.996: [ParNew: 8979K->774K(9792K), 0.0018760 secs] 17393K->9188K(31680K), 0.0021510 secs] [Times: user=0.02 sys=0.00, real=0.00 secs] 
2014-07-10T09:58:11.860+0200: 38.007: [GC (Allocation Failure) 38.007: [ParNew: 9474K->235K(9792K), 0.0012847 secs] 17889K->8656K(31680K), 0.0014815 secs] [Times: user=0.00 sys=0.00, real=0.00 secs] 
2014-07-10T09:58:11.941+0200: 38.088: [GC (Allocation Failure) 38.088: [ParNew: 8924K->69K(9792K), 0.0009437 secs] 17345K->8490K(31680K), 0.0011072 secs] [Times: user=0.00 sys=0.00, real=0.00 secs] 
2014-07-10T09:58:11.949+0200: 38.096: [GC (Allocation Failure) 38.096: [ParNew: 8755K->550K(9792K), 0.0013950 secs] 17176K->8971K(31680K), 0.0015919 secs] [Times: user=0.00 sys=0.00, real=0.00 secs] 
2014-07-10T09:58:11.993+0200: 38.140: [GC (Allocation Failure) 38.140: [ParNew: 9236K->1027K(9792K), 0.0016282 secs] 17658K->9453K(31680K), 0.0018258 secs] [Times: user=0.00 sys=0.00, real=0.00 secs] 
2014-07-10T09:58:12.042+0200: 38.188: [GC (Allocation Failure) 38.188: [ParNew: 9713K->1059K(9792K), 0.0017708 secs] 18140K->9935K(31680K), 0.0019570 secs] [Times: user=0.00 sys=0.00, real=0.00 secs] 
2014-07-10T09:58:12.051+0200: 38.198: [GC (Allocation Failure) 38.198: [ParNew: 9745K->1059K(9792K), 0.0028241 secs] 18621K->10864K(31680K), 0.0030591 secs] [Times: user=0.02 sys=0.00, real=0.00 secs] 
2014-07-10T09:58:12.094+0200: 38.240: [GC (Allocation Failure) 38.240: [ParNew: 9745K->1059K(9792K), 0.0026852 secs] 19550K->12274K(31680K), 0.0029323 secs] [Times: user=0.00 sys=0.00, real=0.00 secs] 
2014-07-10T09:58:12.142+0200: 38.289: [GC (Allocation Failure) 38.289: [ParNew: 9749K->1061K(9792K), 0.0033392 secs] 20964K->13142K(31680K), 0.0035687 secs] [Times: user=0.03 sys=0.00, real=0.00 secs] 
2014-07-10T09:58:12.155+0200: 38.301: [GC (Allocation Failure) 38.302: [ParNew: 9747K->1059K(9792K), 0.0028402 secs] 21828K->14486K(31680K), 0.0030874 secs] [Times: user=0.00 sys=0.00, real=0.00 secs] 
2014-07-10T09:58:12.192+0200: 38.338: [GC (Allocation Failure) 38.338: [ParNew: 9745K->1059K(9792K), 0.0019383 secs] 23172K->16312K(31680K), 0.0020777 secs] [Times: user=0.03 sys=0.00, real=0.00 secs] 
2014-07-10T09:58:12.243+0200: 38.390: [GC (Allocation Failure) 38.390: [ParNew: 9745K->1059K(9792K), 0.0034239 secs] 24998K->18618K(31680K), 0.0037029 secs] [Times: user=0.00 sys=0.00, real=0.00 secs] 
2014-07-10T09:58:12.247+0200: 38.394: [GC (CMS Initial Mark) [1 CMS-initial-mark: 17558K(21888K)] 18684K(31680K), 0.0004268 secs] [Times: user=0.00 sys=0.00, real=0.00 secs] 
2014-07-10T09:58:12.248+0200: 38.394: [CMS-concurrent-mark-start]
2014-07-10T09:58:12.250+0200: 38.397: [CMS-concurrent-mark: 0.002/0.002 secs] [Times: user=0.00 sys=0.00, real=0.00 secs] 
2014-07-10T09:58:12.250+0200: 38.397: [CMS-concurrent-preclean-start]
2014-07-10T09:58:12.250+0200: 38.397: [CMS-concurrent-preclean: 0.000/0.000 secs] [Times: user=0.00 sys=0.00, real=0.00 secs] 
2014-07-10T09:58:12.251+0200: 38.397: [CMS-concurrent-abortable-preclean-start]
2014-07-10T09:58:12.256+0200: 38.402: [GC (Allocation Failure) 38.403: [ParNew: 9745K->1059K(9792K), 0.0029689 secs] 27304K->21404K(31680K), 0.0033447 secs] [Times: user=0.00 sys=0.00, real=0.00 secs] 
2014-07-10T09:58:12.295+0200: 38.442: [GC (Allocation Failure) 38.442: [ParNew: 9745K->9745K(9792K), 0.0000587 secs]38.442: [CMS2014-07-10T09:58:12.296+0200: 38.442: [CMS-concurrent-abortable-preclean: 0.001/0.045 secs] [Times: user=0.00 sys=0.02, real=0.05 secs] 
 (concurrent mode failure): 20345K->4733K(21888K), 0.0077904 secs] 30091K->4733K(31680K), [Metaspace: 2457K->2457K(1056768K)], 0.0080386 secs] [Times: user=0.02 sys=0.00, real=0.01 secs] 
2014-07-10T09:58:12.342+0200: 38.489: [GC (Allocation Failure) 38.489: [ParNew: 8686K->1059K(9792K), 0.0051438 secs] 13419K->9542K(31680K), 0.0052985 secs] [Times: user=0.00 sys=0.00, real=0.01 secs] 
2014-07-10T09:58:12.360+0200: 38.507: [GC (Allocation Failure) 38.507: [ParNew: 9755K->1061K(9792K), 0.0024810 secs] 18238K->12235K(31680K), 0.0026481 secs] [Times: user=0.00 sys=0.00, real=0.00 secs] 
2014-07-10T09:58:12.363+0200: 38.509: [GC (CMS Initial Mark) [1 CMS-initial-mark: 11173K(21888K)] 12267K(31680K), 0.0001774 secs] [Times: user=0.00 sys=0.00, real=0.00 secs] 
2014-07-10T09:58:12.363+0200: 38.510: [CMS-concurrent-mark-start]
2014-07-10T09:58:12.364+0200: 38.510: [CMS-concurrent-mark: 0.001/0.001 secs] [Times: user=0.00 sys=0.00, real=0.00 secs] 
2014-07-10T09:58:12.364+0200: 38.511: [CMS-concurrent-preclean-start]
2014-07-10T09:58:12.364+0200: 38.511: [CMS-concurrent-preclean: 0.000/0.000 secs] [Times: user=0.00 sys=0.00, real=0.00 secs] 
2014-07-10T09:58:12.364+0200: 38.511: [CMS-concurrent-abortable-preclean-start]
2014-07-10T09:58:12.403+0200: 38.550: [GC (Allocation Failure) 38.550: [ParNew: 9753K->1059K(9792K), 0.0049872 secs] 20927K->14892K(31680K), 0.0051196 secs] [Times: user=0.00 sys=0.00, real=0.01 secs] 
2014-07-10T09:58:12.411+0200: 38.558: [CMS-concurrent-abortable-preclean: 0.001/0.047 secs] [Times: user=0.02 sys=0.00, real=0.05 secs] 
2014-07-10T09:58:12.411+0200: 38.558: [GC (CMS Final Remark) [YG occupancy: 5547 K (9792 K)]38.558: [Rescan (parallel) , 0.0122325 secs]38.570: [weak refs processing, 0.0000326 secs]38.570: [class unloading, 0.0004513 secs]38.571: [scrub symbol table, 0.0005928 secs]38.571: [scrub string table, 0.0001635 secs][1 CMS-remark: 13833K(21888K)] 19381K(31680K), 0.0136480 secs] [Times: user=0.02 sys=0.00, real=0.01 secs] 
2014-07-10T09:58:12.425+0200: 38.572: [CMS-concurrent-sweep-start]
2014-07-10T09:58:12.425+0200: 38.572: [CMS-concurrent-sweep: 0.000/0.000 secs] [Times: user=0.00 sys=0.00, real=0.00 secs] 
2014-07-10T09:58:12.425+0200: 38.572: [CMS-concurrent-reset-start]
2014-07-10T09:58:12.426+0200: 38.572: [CMS-concurrent-reset: 0.000/0.000 secs] [Times: user=0.00 sys=0.00, real=0.00 secs] 
2014-07-10T09:58:12.448+0200: 38.595: [GC (Allocation Failure) 38.595: [ParNew: 9745K->1059K(9792K), 0.0162093 secs] 15508K->9961K(31680K), 0.0164740 secs] [Times: user=0.02 sys=0.00, real=0.02 secs] 
2014-07-10T09:58:12.468+0200: 38.615: [GC (Allocation Failure) 38.615: [ParNew: 9745K->1059K(9792K), 0.0038833 secs] 18647K->13580K(31680K), 0.0040336 secs] [Times: user=0.00 sys=0.00, real=0.00 secs] 
2014-07-10T09:58:12.473+0200: 38.619: [GC (CMS Initial Mark) [1 CMS-initial-mark: 12520K(21888K)] 13646K(31680K), 0.0001987 secs] [Times: user=0.00 sys=0.00, real=0.00 secs] 
2014-07-10T09:58:12.473+0200: 38.620: [CMS-concurrent-mark-start]
2014-07-10T09:58:12.474+0200: 38.621: [CMS-concurrent-mark: 0.001/0.001 secs] [Times: user=0.03 sys=0.00, real=0.00 secs] 
2014-07-10T09:58:12.474+0200: 38.621: [CMS-concurrent-preclean-start]
2014-07-10T09:58:12.474+0200: 38.621: [CMS-concurrent-preclean: 0.000/0.000 secs] [Times: user=0.00 sys=0.00, real=0.00 secs] 
2014-07-10T09:58:12.474+0200: 38.621: [CMS-concurrent-abortable-preclean-start]
2014-07-10T09:58:12.498+0200: 38.645: [GC (Allocation Failure) 38.645: [ParNew: 9745K->1059K(9792K), 0.0275101 secs] 22266K->17679K(31680K), 0.0276399 secs] [Times: user=0.02 sys=0.00, real=0.03 secs] 
2014-07-10T09:58:12.542+0200: 38.689: [GC (Allocation Failure) 38.689: [ParNew: 9745K->1059K(9792K), 0.0043573 secs] 26365K->22258K(31680K), 0.0044941 secs] [Times: user=0.00 sys=0.00, real=0.00 secs] 
2014-07-10T09:58:12.547+0200: 38.694: [CMS-concurrent-abortable-preclean: 0.001/0.073 secs] [Times: user=0.02 sys=0.00, real=0.07 secs] 
2014-07-10T09:58:12.547+0200: 38.694: [GC (CMS Final Remark) [YG occupancy: 1189 K (9792 K)]38.694: [Rescan (parallel) , 0.0001426 secs]38.694: [weak refs processing, 0.0000264 secs]38.694: [class unloading, 0.0004828 secs]38.694: [scrub symbol table, 0.0005613 secs]38.695: [scrub string table, 0.0001672 secs][1 CMS-remark: 21199K(21888K)] 22388K(31680K), 0.0014929 secs] [Times: user=0.00 sys=0.00, real=0.00 secs] 
2014-07-10T09:58:12.548+0200: 38.695: [CMS-concurrent-sweep-start]
2014-07-10T09:58:12.549+0200: 38.696: [CMS-concurrent-sweep: 0.000/0.000 secs] [Times: user=0.00 sys=0.00, real=0.00 secs] 
2014-07-10T09:58:12.549+0200: 38.696: [CMS-concurrent-reset-start]
2014-07-10T09:58:12.549+0200: 38.696: [CMS-concurrent-reset: 0.000/0.000 secs] [Times: user=0.00 sys=0.00, real=0.00 secs] 
2014-07-10T09:58:12.552+0200: 38.699: [GC (Allocation Failure) 38.699: [ParNew: 9745K->1059K(9792K), 0.0046129 secs] 22457K->18830K(31680K), 0.0048787 secs] [Times: user=0.00 sys=0.00, real=0.00 secs] 
2014-07-10T09:58:12.557+0200: 38.704: [GC (CMS Initial Mark) [1 CMS-initial-mark: 17771K(21888K)] 18862K(31680K), 0.0001866 secs] [Times: user=0.00 sys=0.00, real=0.00 secs] 
2014-07-10T09:58:12.557+0200: 38.704: [CMS-concurrent-mark-start]
2014-07-10T09:58:12.558+0200: 38.705: [CMS-concurrent-mark: 0.001/0.001 secs] [Times: user=0.00 sys=0.00, real=0.00 secs] 
2014-07-10T09:58:12.558+0200: 38.705: [CMS-concurrent-preclean-start]
2014-07-10T09:58:12.558+0200: 38.705: [CMS-concurrent-preclean: 0.000/0.000 secs] [Times: user=0.00 sys=0.00, real=0.00 secs] 
2014-07-10T09:58:12.558+0200: 38.705: [CMS-concurrent-abortable-preclean-start]
2014-07-10T09:58:12.593+0200: 38.740: [GC (Allocation Failure) 38.740: [ParNew: 9749K->9749K(9792K), 0.0000491 secs]38.740: [CMS2014-07-10T09:58:12.593+0200: 38.740: [CMS-concurrent-abortable-preclean: 0.000/0.035 secs] [Times: user=0.00 sys=0.00, real=0.03 secs] 
 (concurrent mode failure): 17771K->5983K(21888K), 0.0070641 secs] 27520K->5983K(31680K), [Metaspace: 2457K->2457K(1056768K)], 0.0072761 secs] [Times: user=0.02 sys=0.00, real=0.01 secs] 
2014-07-10T09:58:12.642+0200: 38.789: [GC (Allocation Failure) 38.789: [ParNew: 8686K->1059K(9792K), 0.0048483 secs] 14669K->12041K(31680K), 0.0049938 secs] [Times: user=0.03 sys=0.00, real=0.01 secs] 
2014-07-10T09:58:12.647+0200: 38.794: [GC (CMS Initial Mark) [1 CMS-initial-mark: 10981K(21888K)] 12073K(31680K), 0.0001921 secs] [Times: user=0.00 sys=0.00, real=0.00 secs] 
2014-07-10T09:58:12.648+0200: 38.794: [CMS-concurrent-mark-start]
2014-07-10T09:58:12.648+0200: 38.795: [CMS-concurrent-mark: 0.001/0.001 secs] [Times: user=0.00 sys=0.00, real=0.00 secs] 
2014-07-10T09:58:12.648+0200: 38.795: [CMS-concurrent-preclean-start]
2014-07-10T09:58:12.648+0200: 38.795: [CMS-concurrent-preclean: 0.000/0.000 secs] [Times: user=0.00 sys=0.00, real=0.00 secs] 
2014-07-10T09:58:12.648+0200: 38.795: [CMS-concurrent-abortable-preclean-start]
2014-07-10T09:58:12.651+0200: 38.798: [GC (Allocation Failure) 38.798: [ParNew: 9745K->1059K(9792K), 0.0054297 secs] 20727K->17517K(31680K), 0.0057216 secs] [Times: user=0.00 sys=0.00, real=0.01 secs] 
2014-07-10T09:58:12.693+0200: 38.839: [GC (Allocation Failure) 38.840: [ParNew: 9745K->9745K(9792K), 0.0000451 secs]38.840: [CMS2014-07-10T09:58:12.693+0200: 38.840: [CMS-concurrent-abortable-preclean: 0.001/0.044 secs] [Times: user=0.02 sys=0.00, real=0.05 secs] 
 (concurrent mode failure): 16457K->7423K(21888K), 0.0070355 secs] 26203K->7423K(31680K), [Metaspace: 2457K->2457K(1056768K)], 0.0072467 secs] [Times: user=0.00 sys=0.00, real=0.01 secs] 
2014-07-10T09:58:12.746+0200: 38.893: [GC (Allocation Failure) 38.893: [ParNew: 8686K->1059K(9792K), 0.0120422 secs] 16110K->14922K(31680K), 0.0122911 secs] [Times: user=0.02 sys=0.00, real=0.01 secs] 
2014-07-10T09:58:12.759+0200: 38.906: [GC (CMS Initial Mark) [1 CMS-initial-mark: 13863K(21888K)] 14988K(31680K), 0.0003883 secs] [Times: user=0.00 sys=0.00, real=0.00 secs] 
2014-07-10T09:58:12.759+0200: 38.906: [CMS-concurrent-mark-start]
2014-07-10T09:58:12.762+0200: 38.908: [CMS-concurrent-mark: 0.002/0.002 secs] [Times: user=0.00 sys=0.00, real=0.00 secs] 
2014-07-10T09:58:12.762+0200: 38.908: [CMS-concurrent-preclean-start]
2014-07-10T09:58:12.762+0200: 38.909: [CMS-concurrent-preclean: 0.000/0.000 secs] [Times: user=0.00 sys=0.00, real=0.00 secs] 
2014-07-10T09:58:12.762+0200: 38.909: [CMS-concurrent-abortable-preclean-start]
2014-07-10T09:58:12.765+0200: 38.912: [GC (Allocation Failure) 38.912: [ParNew: 9745K->9745K(9792K), 0.0000513 secs]38.912: [CMS2014-07-10T09:58:12.766+0200: 38.912: [CMS-concurrent-abortable-preclean: 0.000/0.004 secs] [Times: user=0.00 sys=0.00, real=0.00 secs] 
 (concurrent mode failure): 13863K->8384K(21888K), 0.0088672 secs] 23608K->8384K(31680K), [Metaspace: 2457K->2457K(1056768K)], 0.0090733 secs] [Times: user=0.02 sys=0.00, real=0.01 secs] 
2014-07-10T09:58:12.841+0200: 38.988: [GC (Allocation Failure) 38.988: [ParNew: 8688K->261K(9792K), 0.0010672 secs] 17072K->8645K(31680K), 0.0012667 secs] [Times: user=0.00 sys=0.00, real=0.00 secs] 
2014-07-10T09:58:12.848+0200: 38.995: [GC (Allocation Failure) 38.995: [ParNew: 8947K->742K(9792K), 0.0017173 secs] 17331K->9126K(31680K), 0.0019743 secs] [Times: user=0.00 sys=0.00, real=0.00 secs] 
2014-07-10T09:58:12.857+0200: 39.004: [GC (Allocation Failure) 39.004: [ParNew: 9442K->579K(9792K), 0.0020964 secs] 17826K->8971K(31680K), 0.0023442 secs] [Times: user=0.00 sys=0.00, real=0.00 secs] 
2014-07-10T09:58:12.941+0200: 39.088: [GC (Allocation Failure) 39.088: [ParNew: 9268K->37K(9792K), 0.0008803 secs] 17660K->8430K(31680K), 0.0010603 secs] [Times: user=0.03 sys=0.00, real=0.00 secs] 
2014-07-10T09:58:12.949+0200: 39.096: [GC (Allocation Failure) 39.096: [ParNew: 8723K->518K(9792K), 0.0013030 secs] 17116K->8911K(31680K), 0.0015200 secs] [Times: user=0.00 sys=0.00, real=0.00 secs] 
2014-07-10T09:58:12.991+0200: 39.138: [GC (Allocation Failure) 39.138: [ParNew: 9204K->998K(9792K), 0.0006669 secs] 17597K->9391K(31680K), 0.0007563 secs] [Times: user=0.00 sys=0.00, real=0.00 secs] 
2014-07-10T09:58:13.042+0200: 39.188: [GC (Allocation Failure) 39.189: [ParNew: 9684K->1059K(9792K), 0.0018694 secs] 18078K->9873K(31680K), 0.0020579 secs] [Times: user=0.00 sys=0.00, real=0.00 secs] 
2014-07-10T09:58:13.050+0200: 39.197: [GC (Allocation Failure) 39.197: [ParNew: 9745K->1059K(9792K), 0.0032190 secs] 18559K->10770K(31680K), 0.0034653 secs] [Times: user=0.00 sys=0.01, real=0.00 secs] 
2014-07-10T09:58:13.092+0200: 39.239: [GC (Allocation Failure) 39.239: [ParNew: 9745K->1059K(9792K), 0.0025268 secs] 19457K->12148K(31680K), 0.0027805 secs] [Times: user=0.00 sys=0.00, real=0.00 secs] 
2014-07-10T09:58:13.142+0200: 39.289: [GC (Allocation Failure) 39.289: [ParNew: 9755K->1061K(9792K), 0.0017620 secs] 20844K->12471K(31680K), 0.0019343 secs] [Times: user=0.00 sys=0.00, real=0.00 secs] 
2014-07-10T09:58:13.152+0200: 39.298: [GC (Allocation Failure) 39.299: [ParNew: 9747K->1059K(9792K), 0.0027028 secs] 21158K->13272K(31680K), 0.0029671 secs] [Times: user=0.00 sys=0.00, real=0.00 secs] 
2014-07-10T09:58:13.192+0200: 39.339: [GC (Allocation Failure) 39.339: [ParNew: 9745K->1059K(9792K), 0.0014298 secs] 21958K->14554K(31680K), 0.0015578 secs] [Times: user=0.00 sys=0.00, real=0.00 secs] 
2014-07-10T09:58:13.242+0200: 39.389: [GC (Allocation Failure) 39.389: [ParNew: 9745K->1059K(9792K), 0.0016355 secs] 23240K->16316K(31680K), 0.0017792 secs] [Times: user=0.00 sys=0.00, real=0.00 secs] 
2014-07-10T09:58:13.248+0200: 39.395: [GC (Allocation Failure) 39.395: [ParNew: 9745K->1059K(9792K), 0.0026371 secs] 25002K->18558K(31680K), 0.0028131 secs] [Times: user=0.00 sys=0.00, real=0.00 secs] 
2014-07-10T09:58:13.251+0200: 39.398: [GC (CMS Initial Mark) [1 CMS-initial-mark: 17498K(21888K)] 18624K(31680K), 0.0002603 secs] [Times: user=0.00 sys=0.00, real=0.00 secs] 
2014-07-10T09:58:13.251+0200: 39.398: [CMS-concurrent-mark-start]
2014-07-10T09:58:13.252+0200: 39.399: [CMS-concurrent-mark: 0.001/0.001 secs] [Times: user=0.00 sys=0.00, real=0.00 secs] 
2014-07-10T09:58:13.252+0200: 39.399: [CMS-concurrent-preclean-start]
2014-07-10T09:58:13.252+0200: 39.399: [CMS-concurrent-preclean: 0.000/0.000 secs] [Times: user=0.00 sys=0.00, real=0.00 secs] 
2014-07-10T09:58:13.253+0200: 39.399: [CMS-concurrent-abortable-preclean-start]
2014-07-10T09:58:13.292+0200: 39.439: [GC (Allocation Failure) 39.439: [ParNew: 9745K->1059K(9792K), 0.0039291 secs] 27244K->21280K(31680K), 0.0040780 secs] [Times: user=0.00 sys=0.00, real=0.00 secs] 
2014-07-10T09:58:13.342+0200: 39.489: [GC (Allocation Failure) 39.489: [ParNew: 9745K->9745K(9792K), 0.0000455 secs]39.489: [CMS2014-07-10T09:58:13.343+0200: 39.489: [CMS-concurrent-abortable-preclean: 0.001/0.090 secs] [Times: user=0.02 sys=0.00, real=0.09 secs] 
 (concurrent mode failure): 20221K->4672K(21888K), 0.0060123 secs] 29966K->4672K(31680K), [Metaspace: 2457K->2457K(1056768K)], 0.0062451 secs] [Times: user=0.02 sys=0.00, real=0.01 secs] 
2014-07-10T09:58:13.353+0200: 39.500: [GC (Allocation Failure) 39.500: [ParNew: 8686K->1059K(9792K), 0.0046114 secs] 13358K->9415K(31680K), 0.0047357 secs] [Times: user=0.00 sys=0.00, real=0.01 secs] 
2014-07-10T09:58:13.360+0200: 39.507: [GC (CMS Initial Mark) [1 CMS-initial-mark: 8356K(21888K)] 14425K(31680K), 0.0009169 secs] [Times: user=0.00 sys=0.00, real=0.00 secs] 
2014-07-10T09:58:13.362+0200: 39.509: [CMS-concurrent-mark-start]
2014-07-10T09:58:13.362+0200: 39.509: [CMS-concurrent-mark: 0.001/0.001 secs] [Times: user=0.00 sys=0.00, real=0.00 secs] 
2014-07-10T09:58:13.362+0200: 39.509: [CMS-concurrent-preclean-start]
2014-07-10T09:58:13.362+0200: 39.509: [CMS-concurrent-preclean: 0.000/0.000 secs] [Times: user=0.00 sys=0.00, real=0.00 secs] 
2014-07-10T09:58:13.363+0200: 39.509: [CMS-concurrent-abortable-preclean-start]
2014-07-10T09:58:13.392+0200: 39.538: [GC (Allocation Failure) 39.538: [ParNew: 9755K->1059K(9792K), 0.0022415 secs] 18111K->12044K(31680K), 0.0023662 secs] [Times: user=0.03 sys=0.00, real=0.00 secs] 
2014-07-10T09:58:13.443+0200: 39.590: [GC (Allocation Failure) 39.590: [ParNew: 9745K->1059K(9792K), 0.0051511 secs] 20730K->15151K(31680K), 0.0054085 secs] [Times: user=0.00 sys=0.00, real=0.01 secs] 
2014-07-10T09:58:13.455+0200: 39.602: [GC (Allocation Failure) 39.602: [ParNew: 9745K->1059K(9792K), 0.0040274 secs] 23838K->18738K(31680K), 0.0041975 secs] [Times: user=0.03 sys=0.00, real=0.01 secs] 
2014-07-10T09:58:13.493+0200: 39.640: [GC (Allocation Failure) 39.640: [ParNew: 9745K->9745K(9792K), 0.0000616 secs]39.640: [CMS2014-07-10T09:58:13.493+0200: 39.640: [CMS-concurrent-abortable-preclean: 0.003/0.131 secs] [Times: user=0.06 sys=0.00, real=0.13 secs] 
 (concurrent mode failure): 17679K->5537K(21888K), 0.0076980 secs] 27424K->5537K(31680K), [Metaspace: 2457K->2457K(1056768K)], 0.0079580 secs] [Times: user=0.00 sys=0.00, real=0.01 secs] 
2014-07-10T09:58:13.542+0200: 39.689: [GC (Allocation Failure) 39.689: [ParNew: 8686K->1059K(9792K), 0.0042598 secs] 14223K->11147K(31680K), 0.0043929 secs] [Times: user=0.00 sys=0.00, real=0.00 secs] 
2014-07-10T09:58:13.547+0200: 39.694: [GC (CMS Initial Mark) [1 CMS-initial-mark: 10087K(21888K)] 11213K(31680K), 0.0001873 secs] [Times: user=0.00 sys=0.00, real=0.00 secs] 
2014-07-10T09:58:13.547+0200: 39.694: [CMS-concurrent-mark-start]
2014-07-10T09:58:13.548+0200: 39.695: [CMS-concurrent-mark: 0.001/0.001 secs] [Times: user=0.00 sys=0.00, real=0.00 secs] 
2014-07-10T09:58:13.548+0200: 39.695: [CMS-concurrent-preclean-start]
2014-07-10T09:58:13.548+0200: 39.695: [CMS-concurrent-preclean: 0.000/0.000 secs] [Times: user=0.00 sys=0.00, real=0.00 secs] 
2014-07-10T09:58:13.548+0200: 39.695: [CMS-concurrent-abortable-preclean-start]
2014-07-10T09:58:13.550+0200: 39.697: [GC (Allocation Failure) 39.697: [ParNew: 9745K->1059K(9792K), 0.0048310 secs] 19833K->16174K(31680K), 0.0049670 secs] [Times: user=0.00 sys=0.00, real=0.01 secs] 
2014-07-10T09:58:13.593+0200: 39.740: [GC (Allocation Failure) 39.740: [ParNew: 9745K->9745K(9792K), 0.0000524 secs]39.740: [CMS2014-07-10T09:58:13.593+0200: 39.740: [CMS-concurrent-abortable-preclean: 0.001/0.045 secs] [Times: user=0.01 sys=0.00, real=0.04 secs] 
 (concurrent mode failure): 15115K->6978K(21888K), 0.0077475 secs] 24860K->6978K(31680K), [Metaspace: 2457K->2457K(1056768K)], 0.0079759 secs] [Times: user=0.02 sys=0.00, real=0.01 secs] 
2014-07-10T09:58:13.669+0200: 39.816: [GC (Allocation Failure) 39.816: [ParNew: 8689K->1061K(9792K), 0.0045047 secs] 15667K->13006K(31680K), 0.0046778 secs] [Times: user=0.00 sys=0.00, real=0.01 secs] 
2014-07-10T09:58:13.674+0200: 39.821: [GC (CMS Initial Mark) [1 CMS-initial-mark: 11944K(21888K)] 13072K(31680K), 0.0002933 secs] [Times: user=0.00 sys=0.00, real=0.00 secs] 
2014-07-10T09:58:13.674+0200: 39.821: [CMS-concurrent-mark-start]
2014-07-10T09:58:13.675+0200: 39.822: [CMS-concurrent-mark: 0.001/0.001 secs] [Times: user=0.03 sys=0.00, real=0.00 secs] 
2014-07-10T09:58:13.675+0200: 39.822: [CMS-concurrent-preclean-start]
2014-07-10T09:58:13.676+0200: 39.822: [CMS-concurrent-preclean: 0.000/0.000 secs] [Times: user=0.00 sys=0.00, real=0.00 secs] 
2014-07-10T09:58:13.676+0200: 39.822: [CMS-concurrent-abortable-preclean-start]
2014-07-10T09:58:13.679+0200: 39.826: [GC (Allocation Failure) 39.826: [ParNew: 9747K->1059K(9792K), 0.0044552 secs] 21692K->18448K(31680K), 0.0045894 secs] [Times: user=0.00 sys=0.00, real=0.01 secs] 
2014-07-10T09:58:13.693+0200: 39.840: [GC (Allocation Failure) 39.840: [ParNew: 9745K->9745K(9792K), 0.0000557 secs]39.840: [CMS2014-07-10T09:58:13.694+0200: 39.840: [CMS-concurrent-abortable-preclean: 0.001/0.018 secs] [Times: user=0.00 sys=0.00, real=0.02 secs] 
 (concurrent mode failure): 17388K->7394K(21888K), 0.0077446 secs] 27134K->7394K(31680K), [Metaspace: 2457K->2457K(1056768K)], 0.0079671 secs] [Times: user=0.00 sys=0.00, real=0.01 secs] 
2014-07-10T09:58:13.743+0200: 39.890: [GC (Allocation Failure) 39.890: [ParNew: 8686K->1059K(9792K), 0.0057887 secs] 16080K->14861K(31680K), 0.0059353 secs] [Times: user=0.00 sys=0.00, real=0.01 secs] 
2014-07-10T09:58:13.749+0200: 39.896: [GC (CMS Initial Mark) [1 CMS-initial-mark: 13801K(21888K)] 14927K(31680K), 0.0001877 secs] [Times: user=0.00 sys=0.00, real=0.00 secs] 
2014-07-10T09:58:13.750+0200: 39.896: [CMS-concurrent-mark-start]
2014-07-10T09:58:13.750+0200: 39.897: [CMS-concurrent-mark: 0.001/0.001 secs] [Times: user=0.00 sys=0.00, real=0.00 secs] 
2014-07-10T09:58:13.750+0200: 39.897: [CMS-concurrent-preclean-start]
2014-07-10T09:58:13.750+0200: 39.897: [CMS-concurrent-preclean: 0.000/0.000 secs] [Times: user=0.00 sys=0.00, real=0.00 secs] 
2014-07-10T09:58:13.750+0200: 39.897: [CMS-concurrent-abortable-preclean-start]
2014-07-10T09:58:13.754+0200: 39.901: [GC (Allocation Failure) 39.901: [ParNew: 9745K->9745K(9792K), 0.0000447 secs]39.901: [CMS2014-07-10T09:58:13.754+0200: 39.901: [CMS-concurrent-abortable-preclean: 0.000/0.004 secs] [Times: user=0.02 sys=0.00, real=0.00 secs] 
 (concurrent mode failure): 13801K->8354K(21888K), 0.0080097 secs] 23547K->8354K(31680K), [Metaspace: 2457K->2457K(1056768K)], 0.0082139 secs] [Times: user=0.00 sys=0.00, real=0.01 secs] 
2014-07-10T09:58:13.841+0200: 39.988: [GC (Allocation Failure) 39.988: [ParNew: 8688K->229K(9792K), 0.0004638 secs] 17042K->8583K(31680K), 0.0005298 secs] [Times: user=0.00 sys=0.00, real=0.00 secs] 
2014-07-10T09:58:13.844+0200: 39.991: [GC (Allocation Failure) 39.991: [ParNew: 8930K->73K(9792K), 0.0010577 secs] 17284K->8428K(31680K), 0.0012099 secs] [Times: user=0.00 sys=0.00, real=0.00 secs] 
2014-07-10T09:58:13.853+0200: 40.000: [GC (Allocation Failure) 40.000: [ParNew: 8777K->54K(9792K), 0.0011310 secs] 17132K->8409K(31680K), 0.0013855 secs] [Times: user=0.00 sys=0.00, real=0.00 secs] 
2014-07-10T09:58:13.897+0200: 40.044: [GC (Allocation Failure) 40.044: [ParNew: 8728K->1064K(9792K), 0.0090428 secs] 17083K->16050K(31680K), 0.0093471 secs] [Times: user=0.00 sys=0.00, real=0.01 secs] 
2014-07-10T09:58:13.907+0200: 40.054: [GC (CMS Initial Mark) [1 CMS-initial-mark: 14986K(21888K)] 16148K(31680K), 0.0003883 secs] [Times: user=0.00 sys=0.00, real=0.00 secs] 
2014-07-10T09:58:13.907+0200: 40.054: [CMS-concurrent-mark-start]
2014-07-10T09:58:13.909+0200: 40.056: [CMS-concurrent-mark: 0.002/0.002 secs] [Times: user=0.01 sys=0.00, real=0.00 secs] 
2014-07-10T09:58:13.909+0200: 40.056: [CMS-concurrent-preclean-start]
2014-07-10T09:58:13.910+0200: 40.056: [CMS-concurrent-preclean: 0.000/0.000 secs] [Times: user=0.00 sys=0.00, real=0.00 secs] 
2014-07-10T09:58:13.910+0200: 40.057: [GC (CMS Final Remark) [YG occupancy: 1578 K (9792 K)]40.057: [Rescan (parallel) , 0.0002651 secs]40.057: [weak refs processing, 0.0000587 secs]40.057: [class unloading, 0.0009521 secs]40.058: [scrub symbol table, 0.0012553 secs]40.059: [scrub string table, 0.0004403 secs][1 CMS-remark: 14986K(21888K)] 16564K(31680K), 0.0033466 secs] [Times: user=0.00 sys=0.00, real=0.00 secs] 
2014-07-10T09:58:13.913+0200: 40.060: [CMS-concurrent-sweep-start]
2014-07-10T09:58:13.914+0200: 40.061: [CMS-concurrent-sweep: 0.001/0.001 secs] [Times: user=0.00 sys=0.00, real=0.00 secs] 
2014-07-10T09:58:13.914+0200: 40.061: [CMS-concurrent-reset-start]
2014-07-10T09:58:13.914+0200: 40.061: [CMS-concurrent-reset: 0.000/0.000 secs] [Times: user=0.00 sys=0.00, real=0.00 secs] 
2014-07-10T09:58:13.946+0200: 40.093: [GC (Allocation Failure) 40.093: [ParNew: 9750K->1059K(9792K), 0.0104749 secs] 16790K->15213K(31680K), 0.0108147 secs] [Times: user=0.03 sys=0.00, real=0.01 secs] 
2014-07-10T09:58:13.957+0200: 40.104: [GC (CMS Initial Mark) [1 CMS-initial-mark: 14154K(21888K)] 15247K(31680K), 0.0003890 secs] [Times: user=0.00 sys=0.00, real=0.00 secs] 
2014-07-10T09:58:13.958+0200: 40.105: [CMS-concurrent-mark-start]
2014-07-10T09:58:13.960+0200: 40.107: [CMS-concurrent-mark: 0.002/0.002 secs] [Times: user=0.00 sys=0.00, real=0.00 secs] 
2014-07-10T09:58:13.960+0200: 40.107: [CMS-concurrent-preclean-start]
2014-07-10T09:58:13.960+0200: 40.107: [CMS-concurrent-preclean: 0.000/0.000 secs] [Times: user=0.00 sys=0.00, real=0.00 secs] 
2014-07-10T09:58:13.961+0200: 40.107: [CMS-concurrent-abortable-preclean-start]
2014-07-10T09:58:13.991+0200: 40.138: [GC (Allocation Failure) 40.138: [ParNew: 9747K->9747K(9792K), 0.0000550 secs]40.138: [CMS2014-07-10T09:58:13.991+0200: 40.138: [CMS-concurrent-abortable-preclean: 0.000/0.031 secs] [Times: user=0.00 sys=0.00, real=0.03 secs] 
 (concurrent mode failure): 14154K->864K(21888K), 0.0031500 secs] 23902K->864K(31680K), [Metaspace: 2457K->2457K(1056768K)], 0.0033502 secs] [Times: user=0.00 sys=0.00, real=0.00 secs] 
2014-07-10T09:58:14.042+0200: 40.189: [GC (Allocation Failure) 40.189: [ParNew: 8686K->931K(9792K), 0.0015149 secs] 9551K->1796K(31680K), 0.0017136 secs] [Times: user=0.00 sys=0.00, real=0.00 secs] 
2014-07-10T09:58:14.051+0200: 40.198: [GC (Allocation Failure) 40.198: [ParNew: 9617K->1059K(9792K), 0.0025440 secs] 10482K->2281K(31680K), 0.0027680 secs] [Times: user=0.00 sys=0.00, real=0.00 secs] 
2014-07-10T09:58:14.092+0200: 40.239: [GC (Allocation Failure) 40.239: [ParNew: 9751K->867K(9792K), 0.0014196 secs] 10973K->2090K(31680K), 0.0016099 secs] [Times: user=0.00 sys=0.00, real=0.00 secs] 
2014-07-10T09:58:14.141+0200: 40.288: [GC (Allocation Failure) 40.289: [ParNew: 9553K->1059K(9792K), 0.0016538 secs] 10776K->2572K(31680K), 0.0018474 secs] [Times: user=0.03 sys=0.00, real=0.00 secs] 
2014-07-10T09:58:14.151+0200: 40.298: [GC (Allocation Failure) 40.298: [ParNew: 9745K->1059K(9792K), 0.0027211 secs] 11258K->3341K(31680K), 0.0029928 secs] [Times: user=0.00 sys=0.00, real=0.00 secs] 
2014-07-10T09:58:14.192+0200: 40.339: [GC (Allocation Failure) 40.339: [ParNew: 9745K->1059K(9792K), 0.0013180 secs] 12028K->4591K(31680K), 0.0014478 secs] [Times: user=0.00 sys=0.00, real=0.00 secs] 
2014-07-10T09:58:14.243+0200: 40.389: [GC (Allocation Failure) 40.390: [ParNew: 9745K->1059K(9792K), 0.0027090 secs] 13277K->6321K(31680K), 0.0029748 secs] [Times: user=0.00 sys=0.00, real=0.00 secs] 
2014-07-10T09:58:14.253+0200: 40.400: [GC (Allocation Failure) 40.400: [ParNew: 9745K->1059K(9792K), 0.0042653 secs] 15007K->8531K(31680K), 0.0045143 secs] [Times: user=0.00 sys=0.00, real=0.00 secs] 
2014-07-10T09:58:14.292+0200: 40.439: [GC (Allocation Failure) 40.439: [ParNew: 9745K->1059K(9792K), 0.0027864 secs] 17217K->11222K(31680K), 0.0029447 secs] [Times: user=0.00 sys=0.00, real=0.00 secs] 
2014-07-10T09:58:14.350+0200: 40.497: [GC (Allocation Failure) 40.497: [ParNew: 9745K->1059K(9792K), 0.0034624 secs] 19908K->14392K(31680K), 0.0035966 secs] [Times: user=0.00 sys=0.00, real=0.00 secs] 
2014-07-10T09:58:14.354+0200: 40.501: [GC (CMS Initial Mark) [1 CMS-initial-mark: 13333K(21888K)] 14458K(31680K), 0.0001558 secs] [Times: user=0.00 sys=0.00, real=0.00 secs] 
2014-07-10T09:58:14.354+0200: 40.501: [CMS-concurrent-mark-start]
2014-07-10T09:58:14.355+0200: 40.502: [CMS-concurrent-mark: 0.001/0.001 secs] [Times: user=0.00 sys=0.00, real=0.00 secs] 
2014-07-10T09:58:14.355+0200: 40.502: [CMS-concurrent-preclean-start]
2014-07-10T09:58:14.355+0200: 40.502: [CMS-concurrent-preclean: 0.000/0.000 secs] [Times: user=0.00 sys=0.00, real=0.00 secs] 
2014-07-10T09:58:14.355+0200: 40.502: [CMS-concurrent-abortable-preclean-start]
2014-07-10T09:58:14.358+0200: 40.505: [GC (Allocation Failure) 40.505: [ParNew: 9745K->1059K(9792K), 0.0037810 secs] 23078K->18043K(31680K), 0.0039434 secs] [Times: user=0.03 sys=0.00, real=0.00 secs] 
2014-07-10T09:58:14.392+0200: 40.539: [GC (Allocation Failure) 40.539: [ParNew: 9755K->1059K(9792K), 0.0024223 secs] 26739K->20637K(31680K), 0.0026313 secs] [Times: user=0.03 sys=0.00, real=0.00 secs] 
2014-07-10T09:58:14.442+0200: 40.589: [GC (Allocation Failure) 40.589: [ParNew: 9745K->9745K(9792K), 0.0000414 secs]40.589: [CMS2014-07-10T09:58:14.442+0200: 40.589: [CMS-concurrent-abortable-preclean: 0.001/0.087 secs] [Times: user=0.06 sys=0.00, real=0.09 secs] 
 (concurrent mode failure): 19578K->4547K(21888K), 0.0074751 secs] 29324K->4547K(31680K), [Metaspace: 2457K->2457K(1056768K)], 0.0077255 secs] [Times: user=0.00 sys=0.00, real=0.01 secs] 
2014-07-10T09:58:14.456+0200: 40.603: [GC (Allocation Failure) 40.604: [ParNew: 8686K->1059K(9792K), 0.0060794 secs] 13233K->9164K(31680K), 0.0064588 secs] [Times: user=0.00 sys=0.00, real=0.01 secs] 
2014-07-10T09:58:14.494+0200: 40.641: [GC (Allocation Failure) 40.641: [ParNew: 9745K->1059K(9792K), 0.0066458 secs] 17850K->13199K(31680K), 0.0069230 secs] [Times: user=0.00 sys=0.00, real=0.01 secs] 
2014-07-10T09:58:14.501+0200: 40.648: [GC (CMS Initial Mark) [1 CMS-initial-mark: 12140K(21888K)] 13265K(31680K), 0.0003967 secs] [Times: user=0.00 sys=0.02, real=0.00 secs] 
2014-07-10T09:58:14.502+0200: 40.649: [CMS-concurrent-mark-start]
2014-07-10T09:58:14.504+0200: 40.651: [CMS-concurrent-mark: 0.002/0.002 secs] [Times: user=0.00 sys=0.00, real=0.00 secs] 
2014-07-10T09:58:14.504+0200: 40.651: [CMS-concurrent-preclean-start]
2014-07-10T09:58:14.504+0200: 40.651: [CMS-concurrent-preclean: 0.000/0.000 secs] [Times: user=0.00 sys=0.00, real=0.00 secs] 
2014-07-10T09:58:14.504+0200: 40.651: [CMS-concurrent-abortable-preclean-start]
2014-07-10T09:58:14.544+0200: 40.691: [GC (Allocation Failure) 40.692: [ParNew: 9745K->1059K(9792K), 0.0069417 secs] 21885K->17714K(31680K), 0.0072324 secs] [Times: user=0.03 sys=0.00, real=0.01 secs] 
2014-07-10T09:58:14.560+0200: 40.707: [GC (Allocation Failure) 40.707: [ParNew: 9745K->9745K(9792K), 0.0001122 secs]40.707: [CMS2014-07-10T09:58:14.561+0200: 40.708: [CMS-concurrent-abortable-preclean: 0.002/0.056 secs] [Times: user=0.03 sys=0.00, real=0.06 secs] 
 (concurrent mode failure): 16655K->6468K(21888K), 0.0098663 secs] 26401K->6468K(31680K), [Metaspace: 2457K->2457K(1056768K)], 0.0102615 secs] [Times: user=0.02 sys=0.00, real=0.01 secs] 
2014-07-10T09:58:14.593+0200: 40.740: [GC (Allocation Failure) 40.740: [ParNew: 8686K->1059K(9792K), 0.0047434 secs] 15154K->13006K(31680K), 0.0048824 secs] [Times: user=0.03 sys=0.00, real=0.01 secs] 
2014-07-10T09:58:14.598+0200: 40.745: [GC (CMS Initial Mark) [1 CMS-initial-mark: 11946K(21888K)] 13038K(31680K), 0.0001716 secs] [Times: user=0.00 sys=0.00, real=0.00 secs] 
2014-07-10T09:58:14.598+0200: 40.745: [CMS-concurrent-mark-start]
2014-07-10T09:58:14.599+0200: 40.746: [CMS-concurrent-mark: 0.001/0.001 secs] [Times: user=0.00 sys=0.00, real=0.00 secs] 
2014-07-10T09:58:14.599+0200: 40.746: [CMS-concurrent-preclean-start]
2014-07-10T09:58:14.599+0200: 40.746: [CMS-concurrent-preclean: 0.000/0.000 secs] [Times: user=0.00 sys=0.00, real=0.00 secs] 
2014-07-10T09:58:14.599+0200: 40.746: [GC (CMS Final Remark) [YG occupancy: 1091 K (9792 K)]40.746: [Rescan (parallel) , 0.0001034 secs]40.746: [weak refs processing, 0.0000275 secs]40.746: [class unloading, 0.0004282 secs]40.747: [scrub symbol table, 0.0006236 secs]40.748: [scrub string table, 0.0001657 secs][1 CMS-remark: 11946K(21888K)] 13038K(31680K), 0.0014760 secs] [Times: user=0.00 sys=0.00, real=0.00 secs] 
2014-07-10T09:58:14.602+0200: 40.749: [CMS-concurrent-sweep-start]
2014-07-10T09:58:14.602+0200: 40.749: [CMS-concurrent-sweep: 0.000/0.000 secs] [Times: user=0.00 sys=0.00, real=0.00 secs] 
2014-07-10T09:58:14.602+0200: 40.749: [CMS-concurrent-reset-start]
2014-07-10T09:58:14.602+0200: 40.749: [CMS-concurrent-reset: 0.000/0.000 secs] [Times: user=0.00 sys=0.00, real=0.00 secs] 
2014-07-10T09:58:14.642+0200: 40.789: [GC (Allocation Failure) 40.789: [ParNew: 9755K->1061K(9792K), 0.0041308 secs] 15649K->11375K(31680K), 0.0042870 secs] [Times: user=0.00 sys=0.00, real=0.00 secs] 
2014-07-10T09:58:14.647+0200: 40.794: [GC (CMS Initial Mark) [1 CMS-initial-mark: 10314K(21888K)] 11407K(31680K), 0.0001848 secs] [Times: user=0.00 sys=0.00, real=0.00 secs] 
2014-07-10T09:58:14.647+0200: 40.794: [CMS-concurrent-mark-start]
2014-07-10T09:58:14.648+0200: 40.795: [CMS-concurrent-mark: 0.001/0.001 secs] [Times: user=0.00 sys=0.00, real=0.00 secs] 
2014-07-10T09:58:14.648+0200: 40.795: [CMS-concurrent-preclean-start]
2014-07-10T09:58:14.648+0200: 40.795: [CMS-concurrent-preclean: 0.000/0.000 secs] [Times: user=0.00 sys=0.00, real=0.00 secs] 
2014-07-10T09:58:14.648+0200: 40.795: [CMS-concurrent-abortable-preclean-start]
2014-07-10T09:58:14.650+0200: 40.797: [GC (Allocation Failure) 40.797: [ParNew: 9747K->1059K(9792K), 0.0045671 secs] 20061K->16274K(31680K), 0.0047097 secs] [Times: user=0.00 sys=0.00, real=0.00 secs] 
2014-07-10T09:58:14.695+0200: 40.842: [GC (Allocation Failure) 40.842: [ParNew: 9745K->1059K(9792K), 0.0080991 secs] 24960K->21653K(31680K), 0.0088547 secs] [Times: user=0.00 sys=0.00, real=0.01 secs] 
2014-07-10T09:58:14.706+0200: 40.853: [CMS-concurrent-abortable-preclean: 0.002/0.058 secs] [Times: user=0.01 sys=0.02, real=0.06 secs] 
2014-07-10T09:58:14.706+0200: 40.853: [GC (CMS Final Remark) [YG occupancy: 2822 K (9792 K)]40.853: [Rescan (parallel) , 0.0002907 secs]40.854: [weak refs processing, 0.0000623 secs]40.854: [class unloading, 0.0010376 secs]40.855: [scrub symbol table, 0.0014218 secs]40.856: [scrub string table, 0.0004806 secs][1 CMS-remark: 20594K(21888K)] 23416K(31680K), 0.0036798 secs] [Times: user=0.00 sys=0.00, real=0.00 secs] 
2014-07-10T09:58:14.711+0200: 40.858: [CMS-concurrent-sweep-start]
2014-07-10T09:58:14.711+0200: 40.858: [CMS-concurrent-sweep: 0.001/0.001 secs] [Times: user=0.00 sys=0.00, real=0.00 secs] 
2014-07-10T09:58:14.712+0200: 40.858: [CMS-concurrent-reset-start]
2014-07-10T09:58:14.712+0200: 40.859: [CMS-concurrent-reset: 0.000/0.000 secs] [Times: user=0.00 sys=0.00, real=0.00 secs] 
2014-07-10T09:58:14.744+0200: 40.890: [GC (Allocation Failure) 40.891: [ParNew: 9745K->1059K(9792K), 0.0048420 secs] 24863K->22037K(31680K), 0.0050136 secs] [Times: user=0.00 sys=0.00, real=0.01 secs] 
2014-07-10T09:58:14.749+0200: 40.896: [GC (CMS Initial Mark) [1 CMS-initial-mark: 20977K(21888K)] 22103K(31680K), 0.0001987 secs] [Times: user=0.00 sys=0.00, real=0.00 secs] 
2014-07-10T09:58:14.749+0200: 40.896: [CMS-concurrent-mark-start]
2014-07-10T09:58:14.750+0200: 40.897: [CMS-concurrent-mark: 0.001/0.001 secs] [Times: user=0.00 sys=0.00, real=0.00 secs] 
2014-07-10T09:58:14.750+0200: 40.897: [CMS-concurrent-preclean-start]
2014-07-10T09:58:14.750+0200: 40.897: [CMS-concurrent-preclean: 0.000/0.000 secs] [Times: user=0.00 sys=0.00, real=0.00 secs] 
2014-07-10T09:58:14.750+0200: 40.897: [CMS-concurrent-abortable-preclean-start]
2014-07-10T09:58:14.750+0200: 40.897: [CMS-concurrent-abortable-preclean: 0.000/0.000 secs] [Times: user=0.00 sys=0.00, real=0.00 secs] 
2014-07-10T09:58:14.754+0200: 40.901: [GC (Allocation Failure) 40.901: [ParNew: 9745K->9745K(9792K), 0.0000543 secs]40.901: [CMS (concurrent mode failure): 20977K->7813K(21888K), 0.0086373 secs] 30723K->7813K(31680K), [Metaspace: 2457K->2457K(1056768K)], 0.0088687 secs] [Times: user=0.00 sys=0.00, real=0.01 secs] 
2014-07-10T09:58:14.793+0200: 40.940: [GC (Allocation Failure) 40.940: [ParNew: 8686K->1059K(9792K), 0.0060369 secs] 16499K->15696K(31680K), 0.0061842 secs] [Times: user=0.03 sys=0.00, real=0.01 secs] 
2014-07-10T09:58:14.800+0200: 40.947: [GC (CMS Initial Mark) [1 CMS-initial-mark: 14636K(21888K)] 15954K(31680K), 0.0002999 secs] [Times: user=0.00 sys=0.00, real=0.00 secs] 
2014-07-10T09:58:14.800+0200: 40.947: [CMS-concurrent-mark-start]
2014-07-10T09:58:14.801+0200: 40.948: [CMS-concurrent-mark: 0.001/0.001 secs] [Times: user=0.00 sys=0.00, real=0.00 secs] 
2014-07-10T09:58:14.801+0200: 40.948: [CMS-concurrent-preclean-start]
2014-07-10T09:58:14.801+0200: 40.948: [CMS-concurrent-preclean: 0.000/0.000 secs] [Times: user=0.00 sys=0.00, real=0.00 secs] 
2014-07-10T09:58:14.801+0200: 40.948: [GC (CMS Final Remark) [YG occupancy: 1381 K (9792 K)]40.948: [Rescan (parallel) , 0.0000818 secs]40.948: [weak refs processing, 0.0000260 secs]40.948: [class unloading, 0.0004044 secs]40.949: [scrub symbol table, 0.0005371 secs]40.949: [scrub string table, 0.0001514 secs][1 CMS-remark: 14636K(21888K)] 16018K(31680K), 0.0013111 secs] [Times: user=0.00 sys=0.00, real=0.00 secs] 
2014-07-10T09:58:14.802+0200: 40.949: [CMS-concurrent-sweep-start]
2014-07-10T09:58:14.803+0200: 40.950: [CMS-concurrent-sweep: 0.000/0.000 secs] [Times: user=0.00 sys=0.00, real=0.00 secs] 
2014-07-10T09:58:14.803+0200: 40.950: [CMS-concurrent-reset-start]
2014-07-10T09:58:14.803+0200: 40.950: [CMS-concurrent-reset: 0.000/0.000 secs] [Times: user=0.00 sys=0.00, real=0.00 secs] 
2014-07-10T09:58:14.846+0200: 40.993: [GC (Allocation Failure) 40.993: [ParNew: 9747K->163K(9792K), 0.0012517 secs] 16986K->7403K(31680K), 0.0015655 secs] [Times: user=0.00 sys=0.00, real=0.00 secs] 
2014-07-10T09:58:14.855+0200: 41.002: [GC (Allocation Failure) 41.002: [ParNew: 8864K->525K(9792K), 0.0015208 secs] 16105K->7765K(31680K), 0.0017327 secs] [Times: user=0.00 sys=0.00, real=0.00 secs] 
2014-07-10T09:58:14.893+0200: 41.040: [GC (Allocation Failure) 41.040: [ParNew: 9210K->1062K(9792K), 0.0096287 secs] 16450K->14897K(31680K), 0.0098798 secs] [Times: user=0.00 sys=0.00, real=0.01 secs] 
2014-07-10T09:58:14.910+0200: 41.057: [GC (CMS Initial Mark) [1 CMS-initial-mark: 13835K(21888K)] 15444K(31680K), 0.0004520 secs] [Times: user=0.00 sys=0.00, real=0.00 secs] 
2014-07-10T09:58:14.911+0200: 41.058: [CMS-concurrent-mark-start]
2014-07-10T09:58:14.913+0200: 41.060: [CMS-concurrent-mark: 0.002/0.002 secs] [Times: user=0.00 sys=0.00, real=0.00 secs] 
2014-07-10T09:58:14.913+0200: 41.060: [CMS-concurrent-preclean-start]
2014-07-10T09:58:14.913+0200: 41.060: [CMS-concurrent-preclean: 0.000/0.000 secs] [Times: user=0.00 sys=0.00, real=0.00 secs] 
2014-07-10T09:58:14.913+0200: 41.060: [GC (CMS Final Remark) [YG occupancy: 1608 K (9792 K)]41.060: [Rescan (parallel) , 0.0002753 secs]41.061: [weak refs processing, 0.0000612 secs]41.061: [class unloading, 0.0009188 secs]41.062: [scrub symbol table, 0.0014705 secs]41.063: [scrub string table, 0.0004462 secs][1 CMS-remark: 13835K(21888K)] 15444K(31680K), 0.0035236 secs] [Times: user=0.00 sys=0.00, real=0.00 secs] 
2014-07-10T09:58:14.917+0200: 41.064: [CMS-concurrent-sweep-start]
2014-07-10T09:58:14.918+0200: 41.065: [CMS-concurrent-sweep: 0.001/0.001 secs] [Times: user=0.00 sys=0.00, real=0.00 secs] 
2014-07-10T09:58:14.918+0200: 41.065: [CMS-concurrent-reset-start]
2014-07-10T09:58:14.918+0200: 41.065: [CMS-concurrent-reset: 0.000/0.000 secs] [Times: user=0.00 sys=0.00, real=0.00 secs] 
2014-07-10T09:58:14.944+0200: 41.091: [GC (Allocation Failure) 41.091: [ParNew: 9748K->1059K(9792K), 0.0065017 secs] 10165K->8556K(31680K), 0.0066770 secs] [Times: user=0.00 sys=0.00, real=0.01 secs] 
2014-07-10T09:58:14.951+0200: 41.098: [GC (CMS Initial Mark) [1 CMS-initial-mark: 7497K(21888K)] 8622K(31680K), 0.0002544 secs] [Times: user=0.00 sys=0.00, real=0.00 secs] 
2014-07-10T09:58:14.951+0200: 41.098: [CMS-concurrent-mark-start]
2014-07-10T09:58:14.952+0200: 41.099: [CMS-concurrent-mark: 0.001/0.001 secs] [Times: user=0.00 sys=0.00, real=0.00 secs] 
2014-07-10T09:58:14.952+0200: 41.099: [CMS-concurrent-preclean-start]
2014-07-10T09:58:14.952+0200: 41.099: [CMS-concurrent-preclean: 0.000/0.000 secs] [Times: user=0.00 sys=0.00, real=0.00 secs] 
2014-07-10T09:58:14.952+0200: 41.099: [CMS-concurrent-abortable-preclean-start]
2014-07-10T09:58:14.991+0200: 41.138: [GC (Allocation Failure) 41.138: [ParNew: 9747K->421K(9792K), 0.0013822 secs] 17245K->7919K(31680K), 0.0016124 secs] [Times: user=0.00 sys=0.00, real=0.00 secs] 
2014-07-10T09:58:15.042+0200: 41.189: [GC (Allocation Failure) 41.189: [ParNew: 9107K->901K(9792K), 0.0015032 secs] 16605K->8399K(31680K), 0.0018815 secs] [Times: user=0.00 sys=0.00, real=0.00 secs] 
2014-07-10T09:58:15.050+0200: 41.197: [GC (Allocation Failure) 41.197: [ParNew: 9587K->1059K(9792K), 0.0021943 secs] 17086K->8881K(31680K), 0.0024480 secs] [Times: user=0.00 sys=0.00, real=0.00 secs] 
2014-07-10T09:58:15.092+0200: 41.239: [GC (Allocation Failure) 41.239: [ParNew: 9745K->1059K(9792K), 0.0022544 secs] 17567K->9682K(31680K), 0.0024689 secs] [Times: user=0.03 sys=0.00, real=0.00 secs] 
2014-07-10T09:58:15.142+0200: 41.289: [GC (Allocation Failure) 41.289: [ParNew: 9751K->1061K(9792K), 0.0037652 secs] 18374K->9941K(31680K), 0.0039555 secs] [Times: user=0.00 sys=0.00, real=0.00 secs] 
2014-07-10T09:58:15.155+0200: 41.302: [GC (Allocation Failure) 41.302: [ParNew: 9747K->1059K(9792K), 0.0024487 secs] 18628K->10677K(31680K), 0.0026643 secs] [Times: user=0.03 sys=0.00, real=0.00 secs] 
2014-07-10T09:58:15.191+0200: 41.338: [GC (Allocation Failure) 41.338: [ParNew: 9745K->1059K(9792K), 0.0012117 secs] 19364K->11895K(31680K), 0.0013213 secs] [Times: user=0.00 sys=0.00, real=0.00 secs] 
2014-07-10T09:58:15.243+0200: 41.390: [GC (Allocation Failure) 41.390: [ParNew: 9745K->1059K(9792K), 0.0028014 secs] 20581K->13593K(31680K), 0.0030364 secs] [Times: user=0.00 sys=0.00, real=0.00 secs] 
2014-07-10T09:58:15.253+0200: 41.400: [GC (Allocation Failure) 41.400: [ParNew: 9745K->1059K(9792K), 0.0033898 secs] 22279K->15771K(31680K), 0.0036120 secs] [Times: user=0.00 sys=0.00, real=0.00 secs] 
2014-07-10T09:58:15.292+0200: 41.439: [GC (Allocation Failure) 41.439: [ParNew: 9745K->1059K(9792K), 0.0035328 secs] 24457K->18430K(31680K), 0.0037088 secs] [Times: user=0.00 sys=0.00, real=0.00 secs] 
2014-07-10T09:58:15.344+0200: 41.491: [GC (Allocation Failure) 41.491: [ParNew: 9745K->1059K(9792K), 0.0030657 secs] 27116K->21568K(31680K), 0.0032171 secs] [Times: user=0.00 sys=0.00, real=0.00 secs] 
2014-07-10T09:58:15.348+0200: 41.495: [CMS-concurrent-abortable-preclean: 0.005/0.396 secs] [Times: user=0.16 sys=0.00, real=0.40 secs] 
2014-07-10T09:58:15.348+0200: 41.495: [GC (CMS Final Remark) [YG occupancy: 3368 K (9792 K)]41.495: [Rescan (parallel) , 0.0001034 secs]41.495: [weak refs processing, 0.0000282 secs]41.495: [class unloading, 0.0005510 secs]41.496: [scrub symbol table, 0.0006112 secs]41.496: [scrub string table, 0.0002207 secs][1 CMS-remark: 20509K(21888K)] 23877K(31680K), 0.0016454 secs] [Times: user=0.00 sys=0.00, real=0.00 secs] 
2014-07-10T09:58:15.353+0200: 41.499: [GC (Allocation Failure) 41.500: [ParNew: 9760K->9760K(9792K), 0.0000469 secs]41.500: [CMS (concurrent mode failure): 20509K->3045K(21888K), 0.0049975 secs] 30269K->3045K(31680K), [Metaspace: 2457K->2457K(1056768K)], 0.0052046 secs] [Times: user=0.00 sys=0.00, real=0.01 secs] 
2014-07-10T09:58:15.392+0200: 41.538: [GC (Allocation Failure) 41.539: [ParNew: 8686K->1059K(9792K), 0.0017939 secs] 11731K->6157K(31680K), 0.0020014 secs] [Times: user=0.00 sys=0.00, real=0.00 secs] 
2014-07-10T09:58:15.442+0200: 41.588: [GC (Allocation Failure) 41.589: [ParNew: 9745K->1059K(9792K), 0.0023277 secs] 14844K->8688K(31680K), 0.0024736 secs] [Times: user=0.00 sys=0.00, real=0.00 secs] 
2014-07-10T09:58:15.448+0200: 41.595: [GC (Allocation Failure) 41.595: [ParNew: 9745K->1059K(9792K), 0.0032655 secs] 17374K->11698K(31680K), 0.0034272 secs] [Times: user=0.00 sys=0.00, real=0.00 secs] 
2014-07-10T09:58:15.492+0200: 41.639: [GC (Allocation Failure) 41.639: [ParNew: 9745K->1059K(9792K), 0.0033755 secs] 20384K->15189K(31680K), 0.0035053 secs] [Times: user=0.00 sys=0.00, real=0.00 secs] 
2014-07-10T09:58:15.495+0200: 41.642: [GC (CMS Initial Mark) [1 CMS-initial-mark: 14129K(21888K)] 15255K(31680K), 0.0002170 secs] [Times: user=0.00 sys=0.00, real=0.00 secs] 
2014-07-10T09:58:15.496+0200: 41.643: [CMS-concurrent-mark-start]
2014-07-10T09:58:15.496+0200: 41.643: [CMS-concurrent-mark: 0.001/0.001 secs] [Times: user=0.00 sys=0.00, real=0.00 secs] 
2014-07-10T09:58:15.497+0200: 41.643: [CMS-concurrent-preclean-start]
2014-07-10T09:58:15.497+0200: 41.644: [CMS-concurrent-preclean: 0.000/0.000 secs] [Times: user=0.00 sys=0.00, real=0.00 secs] 
2014-07-10T09:58:15.497+0200: 41.644: [CMS-concurrent-abortable-preclean-start]
2014-07-10T09:58:15.544+0200: 41.691: [GC (Allocation Failure) 41.691: [ParNew: 9745K->1059K(9792K), 0.0062653 secs] 23875K->19160K(31680K), 0.0065380 secs] [Times: user=0.03 sys=0.00, real=0.01 secs] 
2014-07-10T09:58:15.557+0200: 41.704: [GC (Allocation Failure) 41.704: [ParNew: 9745K->9745K(9792K), 0.0000983 secs]41.704: [CMS2014-07-10T09:58:15.558+0200: 41.705: [CMS-concurrent-abortable-preclean: 0.001/0.061 secs] [Times: user=0.03 sys=0.00, real=0.06 secs] 
 (concurrent mode failure): 18100K->5926K(21888K), 0.0133862 secs] 27846K->5926K(31680K), [Metaspace: 2457K->2457K(1056768K)], 0.0138174 secs] [Times: user=0.01 sys=0.00, real=0.01 secs] 
2014-07-10T09:58:15.593+0200: 41.740: [GC (Allocation Failure) 41.740: [ParNew: 8686K->1059K(9792K), 0.0047548 secs] 14612K->11920K(31680K), 0.0049223 secs] [Times: user=0.03 sys=0.00, real=0.01 secs] 
2014-07-10T09:58:15.598+0200: 41.745: [GC (CMS Initial Mark) [1 CMS-initial-mark: 10861K(21888K)] 11986K(31680K), 0.0002196 secs] [Times: user=0.00 sys=0.00, real=0.00 secs] 
2014-07-10T09:58:15.599+0200: 41.746: [CMS-concurrent-mark-start]
2014-07-10T09:58:15.600+0200: 41.747: [CMS-concurrent-mark: 0.001/0.001 secs] [Times: user=0.00 sys=0.00, real=0.00 secs] 
2014-07-10T09:58:15.600+0200: 41.747: [CMS-concurrent-preclean-start]
2014-07-10T09:58:15.600+0200: 41.747: [CMS-concurrent-preclean: 0.000/0.000 secs] [Times: user=0.00 sys=0.00, real=0.00 secs] 
2014-07-10T09:58:15.600+0200: 41.747: [CMS-concurrent-abortable-preclean-start]
2014-07-10T09:58:15.644+0200: 41.791: [GC (Allocation Failure) 41.791: [ParNew: 9751K->1061K(9792K), 0.0040468 secs] 20612K->16309K(31680K), 0.0042510 secs] [Times: user=0.00 sys=0.00, real=0.00 secs] 
2014-07-10T09:58:15.656+0200: 41.803: [GC (Allocation Failure) 41.803: [ParNew: 9747K->1059K(9792K), 0.0043775 secs] 24996K->21175K(31680K), 0.0045557 secs] [Times: user=0.00 sys=0.00, real=0.00 secs] 
2014-07-10T09:58:15.662+0200: 41.809: [CMS-concurrent-abortable-preclean: 0.002/0.062 secs] [Times: user=0.02 sys=0.00, real=0.06 secs] 
2014-07-10T09:58:15.662+0200: 41.809: [GC (CMS Final Remark) [YG occupancy: 3336 K (9792 K)]41.809: [Rescan (parallel) , 0.0001467 secs]41.809: [weak refs processing, 0.0000385 secs]41.809: [class unloading, 0.0006398 secs]41.810: [scrub symbol table, 0.0007747 secs]41.810: [scrub string table, 0.0002570 secs][1 CMS-remark: 20116K(21888K)] 23453K(31680K), 0.0020597 secs] [Times: user=0.00 sys=0.00, real=0.00 secs] 
2014-07-10T09:58:15.664+0200: 41.811: [CMS-concurrent-sweep-start]
2014-07-10T09:58:15.664+0200: 41.811: [CMS-concurrent-sweep: 0.000/0.000 secs] [Times: user=0.00 sys=0.00, real=0.00 secs] 
2014-07-10T09:58:15.664+0200: 41.811: [CMS-concurrent-reset-start]
2014-07-10T09:58:15.664+0200: 41.811: [CMS-concurrent-reset: 0.000/0.000 secs] [Times: user=0.00 sys=0.00, real=0.00 secs] 
2014-07-10T09:58:15.692+0200: 41.839: [GC (Allocation Failure) 41.840: [ParNew: 9745K->1059K(9792K), 0.0049223 secs] 24354K->21015K(31680K), 0.0051302 secs] [Times: user=0.00 sys=0.00, real=0.01 secs] 
2014-07-10T09:58:15.698+0200: 41.845: [GC (CMS Initial Mark) [1 CMS-initial-mark: 19956K(21888K)] 21047K(31680K), 0.0001796 secs] [Times: user=0.00 sys=0.00, real=0.00 secs] 
2014-07-10T09:58:15.698+0200: 41.845: [CMS-concurrent-mark-start]
2014-07-10T09:58:15.699+0200: 41.846: [CMS-concurrent-mark: 0.001/0.001 secs] [Times: user=0.00 sys=0.00, real=0.00 secs] 
2014-07-10T09:58:15.699+0200: 41.846: [CMS-concurrent-preclean-start]
2014-07-10T09:58:15.699+0200: 41.846: [CMS-concurrent-preclean: 0.000/0.000 secs] [Times: user=0.00 sys=0.00, real=0.00 secs] 
2014-07-10T09:58:15.699+0200: 41.846: [GC (CMS Final Remark) [YG occupancy: 2854 K (9792 K)]41.846: [Rescan (parallel) , 0.0001162 secs]41.846: [weak refs processing, 0.0000260 secs]41.846: [class unloading, 0.0004422 secs]41.847: [scrub symbol table, 0.0005518 secs]41.847: [scrub string table, 0.0001657 secs][1 CMS-remark: 19956K(21888K)] 22810K(31680K), 0.0014196 secs] [Times: user=0.00 sys=0.00, real=0.00 secs] 
2014-07-10T09:58:15.701+0200: 41.847: [CMS-concurrent-sweep-start]
2014-07-10T09:58:15.701+0200: 41.848: [CMS-concurrent-sweep: 0.000/0.000 secs] [Times: user=0.00 sys=0.00, real=0.00 secs] 
2014-07-10T09:58:15.701+0200: 41.848: [CMS-concurrent-reset-start]
2014-07-10T09:58:15.701+0200: 41.848: [CMS-concurrent-reset: 0.000/0.000 secs] [Times: user=0.00 sys=0.00, real=0.00 secs] 
2014-07-10T09:58:15.745+0200: 41.892: [GC (Allocation Failure) 41.892: [ParNew: 9745K->1059K(9792K), 0.0085886 secs] 15515K->12657K(31680K), 0.0088720 secs] [Times: user=0.03 sys=0.00, real=0.01 secs] 
2014-07-10T09:58:15.754+0200: 41.901: [GC (CMS Initial Mark) [1 CMS-initial-mark: 11597K(21888K)] 12947K(31680K), 0.0004436 secs] [Times: user=0.00 sys=0.00, real=0.00 secs] 
2014-07-10T09:58:15.755+0200: 41.902: [CMS-concurrent-mark-start]
2014-07-10T09:58:15.757+0200: 41.904: [CMS-concurrent-mark: 0.002/0.002 secs] [Times: user=0.00 sys=0.00, real=0.00 secs] 
2014-07-10T09:58:15.757+0200: 41.904: [CMS-concurrent-preclean-start]
2014-07-10T09:58:15.757+0200: 41.904: [CMS-concurrent-preclean: 0.000/0.000 secs] [Times: user=0.00 sys=0.00, real=0.00 secs] 
2014-07-10T09:58:15.758+0200: 41.905: [CMS-concurrent-abortable-preclean-start]
2014-07-10T09:58:15.761+0200: 41.908: [GC (Allocation Failure) 41.908: [ParNew: 9745K->1059K(9792K), 0.0069567 secs] 21343K->18965K(31680K), 0.0071635 secs] [Times: user=0.03 sys=0.00, real=0.01 secs] 
2014-07-10T09:58:15.793+0200: 41.940: [GC (Allocation Failure) 41.940: [ParNew: 9745K->9745K(9792K), 0.0000506 secs]41.941: [CMS2014-07-10T09:58:15.794+0200: 41.941: [CMS-concurrent-abortable-preclean: 0.001/0.036 secs] [Times: user=0.03 sys=0.00, real=0.04 secs] 
 (concurrent mode failure): 17905K->8263K(21888K), 0.0085105 secs] 27651K->8263K(31680K), [Metaspace: 2457K->2457K(1056768K)], 0.0087297 secs] [Times: user=0.01 sys=0.00, real=0.01 secs] 
2014-07-10T09:58:15.844+0200: 41.991: [GC (Allocation Failure) 41.991: [ParNew: 8688K->131K(9792K), 0.0005994 secs] 16952K->8394K(31680K), 0.0007127 secs] [Times: user=0.00 sys=0.00, real=0.00 secs] 
2014-07-10T09:58:15.849+0200: 41.996: [GC (Allocation Failure) 41.996: [ParNew: 8831K->108K(9792K), 0.0005954 secs] 17095K->8372K(31680K), 0.0007003 secs] [Times: user=0.00 sys=0.00, real=0.00 secs] 
2014-07-10T09:58:15.896+0200: 42.043: [GC (Allocation Failure) 42.043: [ParNew: 8796K->1062K(9792K), 0.0097460 secs] 17059K->15893K(31680K), 0.0100771 secs] [Times: user=0.01 sys=0.00, real=0.01 secs] 
2014-07-10T09:58:15.906+0200: 42.053: [GC (CMS Initial Mark) [1 CMS-initial-mark: 14831K(21888K)] 15959K(31680K), 0.0004865 secs] [Times: user=0.00 sys=0.00, real=0.00 secs] 
2014-07-10T09:58:15.907+0200: 42.054: [CMS-concurrent-mark-start]
2014-07-10T09:58:15.909+0200: 42.056: [CMS-concurrent-mark: 0.002/0.002 secs] [Times: user=0.00 sys=0.00, real=0.00 secs] 
2014-07-10T09:58:15.909+0200: 42.056: [CMS-concurrent-preclean-start]
2014-07-10T09:58:15.909+0200: 42.056: [CMS-concurrent-preclean: 0.000/0.000 secs] [Times: user=0.00 sys=0.00, real=0.00 secs] 
2014-07-10T09:58:15.909+0200: 42.056: [GC (CMS Final Remark) [YG occupancy: 1640 K (9792 K)]42.057: [Rescan (parallel) , 0.0002489 secs]42.057: [weak refs processing, 0.0000598 secs]42.057: [class unloading, 0.0009323 secs]42.058: [scrub symbol table, 0.0012506 secs]42.059: [scrub string table, 0.0004418 secs][1 CMS-remark: 14831K(21888K)] 16471K(31680K), 0.0033106 secs] [Times: user=0.00 sys=0.00, real=0.00 secs] 
2014-07-10T09:58:15.913+0200: 42.060: [CMS-concurrent-sweep-start]
2014-07-10T09:58:15.914+0200: 42.061: [CMS-concurrent-sweep: 0.001/0.001 secs] [Times: user=0.00 sys=0.00, real=0.00 secs] 
2014-07-10T09:58:15.914+0200: 42.061: [CMS-concurrent-reset-start]
2014-07-10T09:58:15.914+0200: 42.061: [CMS-concurrent-reset: 0.000/0.000 secs] [Times: user=0.00 sys=0.00, real=0.00 secs] 
2014-07-10T09:58:15.943+0200: 42.091: [GC (Allocation Failure) 42.091: [ParNew: 9748K->1059K(9792K), 0.0064299 secs] 16731K->15090K(31680K), 0.0066304 secs] [Times: user=0.00 sys=0.00, real=0.01 secs] 
2014-07-10T09:58:15.951+0200: 42.098: [GC (CMS Initial Mark) [1 CMS-initial-mark: 14030K(21888K)] 15156K(31680K), 0.0002665 secs] [Times: user=0.00 sys=0.00, real=0.00 secs] 
2014-07-10T09:58:15.951+0200: 42.098: [CMS-concurrent-mark-start]
2014-07-10T09:58:15.952+0200: 42.099: [CMS-concurrent-mark: 0.001/0.001 secs] [Times: user=0.00 sys=0.00, real=0.00 secs] 
2014-07-10T09:58:15.952+0200: 42.099: [CMS-concurrent-preclean-start]
2014-07-10T09:58:15.952+0200: 42.099: [CMS-concurrent-preclean: 0.000/0.000 secs] [Times: user=0.00 sys=0.00, real=0.00 secs] 
2014-07-10T09:58:15.952+0200: 42.099: [CMS-concurrent-abortable-preclean-start]
2014-07-10T09:58:15.991+0200: 42.138: [GC (Allocation Failure) 42.138: [ParNew: 9747K->9747K(9792K), 0.0000704 secs]42.138: [CMS2014-07-10T09:58:15.991+0200: 42.138: [CMS-concurrent-abortable-preclean: 0.000/0.039 secs] [Times: user=0.02 sys=0.00, real=0.04 secs] 
 (concurrent mode failure): 14030K->805K(21888K), 0.0039031 secs] 23778K->805K(31680K), [Metaspace: 2457K->2457K(1056768K)], 0.0041524 secs] [Times: user=0.00 sys=0.00, real=0.00 secs] 
2014-07-10T09:58:16.042+0200: 42.189: [GC (Allocation Failure) 42.189: [ParNew: 8686K->867K(9792K), 0.0015435 secs] 9491K->1672K(31680K), 0.0017374 secs] [Times: user=0.00 sys=0.00, real=0.00 secs] 
2014-07-10T09:58:16.050+0200: 42.197: [GC (Allocation Failure) 42.197: [ParNew: 9553K->1059K(9792K), 0.0021246 secs] 10358K->2158K(31680K), 0.0023310 secs] [Times: user=0.00 sys=0.00, real=0.00 secs] 
2014-07-10T09:58:16.092+0200: 42.239: [GC (Allocation Failure) 42.239: [ParNew: 9745K->1059K(9792K), 0.0024601 secs] 10844K->2927K(31680K), 0.0026800 secs] [Times: user=0.03 sys=0.00, real=0.00 secs] 
2014-07-10T09:58:16.141+0200: 42.288: [GC (Allocation Failure) 42.288: [ParNew: 9757K->771K(9792K), 0.0044813 secs] 11625K->2640K(31680K), 0.0046730 secs] [Times: user=0.00 sys=0.00, real=0.00 secs] 
2014-07-10T09:58:16.154+0200: 42.301: [GC (Allocation Failure) 42.301: [ParNew: 9457K->1059K(9792K), 0.0017759 secs] 11326K->3122K(31680K), 0.0019878 secs] [Times: user=0.03 sys=0.00, real=0.00 secs] 
2014-07-10T09:58:16.191+0200: 42.338: [GC (Allocation Failure) 42.338: [ParNew: 9745K->1059K(9792K), 0.0008638 secs] 11809K->3796K(31680K), 0.0009554 secs] [Times: user=0.00 sys=0.00, real=0.00 secs] 
2014-07-10T09:58:16.241+0200: 42.388: [GC (Allocation Failure) 42.388: [ParNew: 9745K->1059K(9792K), 0.0010299 secs] 12482K->4949K(31680K), 0.0011215 secs] [Times: user=0.00 sys=0.00, real=0.00 secs] 
2014-07-10T09:58:16.248+0200: 42.395: [GC (Allocation Failure) 42.395: [ParNew: 9745K->1059K(9792K), 0.0035075 secs] 13636K->6583K(31680K), 0.0037814 secs] [Times: user=0.03 sys=0.00, real=0.00 secs] 
2014-07-10T09:58:16.293+0200: 42.440: [GC (Allocation Failure) 42.440: [ParNew: 9745K->1059K(9792K), 0.0052321 secs] 15270K->8697K(31680K), 0.0054635 secs] [Times: user=0.02 sys=0.00, real=0.01 secs] 
2014-07-10T09:58:16.347+0200: 42.494: [GC (Allocation Failure) 42.494: [ParNew: 9745K->1059K(9792K), 0.0155222 secs] 17384K->11292K(31680K), 0.0156490 secs] [Times: user=0.01 sys=0.00, real=0.02 secs] 
2014-07-10T09:58:16.367+0200: 42.514: [GC (Allocation Failure) 42.514: [ParNew: 9751K->1059K(9792K), 0.0165289 secs] 19984K->13854K(31680K), 0.0166620 secs] [Times: user=0.02 sys=0.00, real=0.02 secs] 
2014-07-10T09:58:16.397+0200: 42.544: [GC (Allocation Failure) 42.544: [ParNew: 9751K->1059K(9792K), 0.0024483 secs] 22546K->15873K(31680K), 0.0025898 secs] [Times: user=0.00 sys=0.00, real=0.00 secs] 
2014-07-10T09:58:16.441+0200: 42.589: [GC (Allocation Failure) 42.589: [ParNew: 9745K->1059K(9792K), 0.0021730 secs] 24559K->18372K(31680K), 0.0023149 secs] [Times: user=0.00 sys=0.00, real=0.00 secs] 
2014-07-10T09:58:16.444+0200: 42.591: [GC (CMS Initial Mark) [1 CMS-initial-mark: 17312K(21888K)] 18438K(31680K), 0.0001774 secs] [Times: user=0.00 sys=0.00, real=0.00 secs] 
2014-07-10T09:58:16.444+0200: 42.591: [CMS-concurrent-mark-start]
2014-07-10T09:58:16.445+0200: 42.592: [CMS-concurrent-mark: 0.001/0.001 secs] [Times: user=0.00 sys=0.00, real=0.00 secs] 
2014-07-10T09:58:16.445+0200: 42.592: [CMS-concurrent-preclean-start]
2014-07-10T09:58:16.445+0200: 42.592: [CMS-concurrent-preclean: 0.000/0.000 secs] [Times: user=0.00 sys=0.00, real=0.00 secs] 
2014-07-10T09:58:16.445+0200: 42.592: [GC (CMS Final Remark) [YG occupancy: 3142 K (9792 K)]42.592: [Rescan (parallel) , 0.0000909 secs]42.592: [weak refs processing, 0.0000260 secs]42.592: [class unloading, 0.0006423 secs]42.593: [scrub symbol table, 0.0005789 secs]42.594: [scrub string table, 0.0001705 secs][1 CMS-remark: 17312K(21888K)] 20455K(31680K), 0.0016282 secs] [Times: user=0.00 sys=0.00, real=0.00 secs] 
2014-07-10T09:58:16.447+0200: 42.594: [CMS-concurrent-sweep-start]
2014-07-10T09:58:16.447+0200: 42.594: [CMS-concurrent-sweep: 0.000/0.000 secs] [Times: user=0.00 sys=0.00, real=0.00 secs] 
2014-07-10T09:58:16.447+0200: 42.594: [CMS-concurrent-reset-start]
2014-07-10T09:58:16.447+0200: 42.594: [CMS-concurrent-reset: 0.000/0.000 secs] [Times: user=0.00 sys=0.00, real=0.00 secs] 
2014-07-10T09:58:16.449+0200: 42.596: [GC (Allocation Failure) 42.597: [ParNew: 9745K->1059K(9792K), 0.0030830 secs] 12668K->6960K(31680K), 0.0032091 secs] [Times: user=0.03 sys=0.00, real=0.00 secs] 
2014-07-10T09:58:16.494+0200: 42.641: [GC (Allocation Failure) 42.641: [ParNew: 9745K->1059K(9792K), 0.0055786 secs] 15646K->10419K(31680K), 0.0058348 secs] [Times: user=0.03 sys=0.00, real=0.01 secs] 
2014-07-10T09:58:16.544+0200: 42.691: [GC (Allocation Failure) 42.691: [ParNew: 9745K->1059K(9792K), 0.0062029 secs] 19105K->14358K(31680K), 0.0067030 secs] [Times: user=0.03 sys=0.00, real=0.01 secs] 
2014-07-10T09:58:16.551+0200: 42.698: [GC (CMS Initial Mark) [1 CMS-initial-mark: 13298K(21888K)] 14424K(31680K), 0.0004462 secs] [Times: user=0.00 sys=0.00, real=0.00 secs] 
2014-07-10T09:58:16.552+0200: 42.699: [CMS-concurrent-mark-start]
2014-07-10T09:58:16.554+0200: 42.701: [CMS-concurrent-mark: 0.002/0.002 secs] [Times: user=0.00 sys=0.00, real=0.00 secs] 
2014-07-10T09:58:16.554+0200: 42.701: [CMS-concurrent-preclean-start]
2014-07-10T09:58:16.554+0200: 42.701: [CMS-concurrent-preclean: 0.001/0.001 secs] [Times: user=0.00 sys=0.00, real=0.00 secs] 
2014-07-10T09:58:16.555+0200: 42.702: [CMS-concurrent-abortable-preclean-start]
2014-07-10T09:58:16.558+0200: 42.705: [GC (Allocation Failure) 42.705: [ParNew: 9745K->1059K(9792K), 0.0072218 secs] 23044K->18777K(31680K), 0.0074667 secs] [Times: user=0.03 sys=0.00, real=0.01 secs] 
2014-07-10T09:58:16.593+0200: 42.740: [GC (Allocation Failure) 42.740: [ParNew: 9751K->9751K(9792K), 0.0000576 secs]42.740: [CMS2014-07-10T09:58:16.594+0200: 42.741: [CMS-concurrent-abortable-preclean: 0.002/0.039 secs] [Times: user=0.05 sys=0.00, real=0.04 secs] 
 (concurrent mode failure): 17718K->5352K(21888K), 0.0073607 secs] 27469K->5352K(31680K), [Metaspace: 2457K->2457K(1056768K)], 0.0075939 secs] [Times: user=0.00 sys=0.00, real=0.01 secs] 
2014-07-10T09:58:16.643+0200: 42.791: [GC (Allocation Failure) 42.791: [ParNew: 8686K->1059K(9792K), 0.0070968 secs] 14038K->10770K(31680K), 0.0074333 secs] [Times: user=0.00 sys=0.00, real=0.01 secs] 
2014-07-10T09:58:16.658+0200: 42.805: [GC (Allocation Failure) 42.805: [ParNew: 9745K->1059K(9792K), 0.0071342 secs] 19456K->15605K(31680K), 0.0073604 secs] [Times: user=0.00 sys=0.00, real=0.01 secs] 
2014-07-10T09:58:16.666+0200: 42.813: [GC (CMS Initial Mark) [1 CMS-initial-mark: 14546K(21888K)] 15671K(31680K), 0.0002621 secs] [Times: user=0.00 sys=0.00, real=0.00 secs] 
2014-07-10T09:58:16.666+0200: 42.813: [CMS-concurrent-mark-start]
2014-07-10T09:58:16.667+0200: 42.814: [CMS-concurrent-mark: 0.001/0.001 secs] [Times: user=0.00 sys=0.00, real=0.00 secs] 
2014-07-10T09:58:16.667+0200: 42.814: [CMS-concurrent-preclean-start]
2014-07-10T09:58:16.667+0200: 42.814: [CMS-concurrent-preclean: 0.000/0.000 secs] [Times: user=0.00 sys=0.00, real=0.00 secs] 
2014-07-10T09:58:16.667+0200: 42.814: [CMS-concurrent-abortable-preclean-start]
2014-07-10T09:58:16.693+0200: 42.840: [GC (Allocation Failure) 42.840: [ParNew: 9745K->1059K(9792K), 0.0053912 secs] 24292K->20921K(31680K), 0.0055624 secs] [Times: user=0.00 sys=0.00, real=0.00 secs] 
2014-07-10T09:58:16.700+0200: 42.847: [CMS-concurrent-abortable-preclean: 0.001/0.032 secs] [Times: user=0.00 sys=0.00, real=0.03 secs] 
2014-07-10T09:58:16.700+0200: 42.847: [GC (CMS Final Remark) [YG occupancy: 2886 K (9792 K)]42.847: [Rescan (parallel) , 0.0001609 secs]42.847: [weak refs processing, 0.0000363 secs]42.847: [class unloading, 0.0005800 secs]42.848: [scrub symbol table, 0.0007237 secs]42.849: [scrub string table, 0.0002438 secs][1 CMS-remark: 19861K(21888K)] 22748K(31680K), 0.0019270 secs] [Times: user=0.02 sys=0.00, real=0.00 secs] 
2014-07-10T09:58:16.702+0200: 42.849: [CMS-concurrent-sweep-start]
2014-07-10T09:58:16.702+0200: 42.849: [CMS-concurrent-sweep: 0.000/0.000 secs] [Times: user=0.00 sys=0.00, real=0.00 secs] 
2014-07-10T09:58:16.702+0200: 42.849: [CMS-concurrent-reset-start]
2014-07-10T09:58:16.702+0200: 42.850: [CMS-concurrent-reset: 0.000/0.000 secs] [Times: user=0.00 sys=0.00, real=0.00 secs] 
2014-07-10T09:58:16.743+0200: 42.890: [GC (Allocation Failure) 42.890: [ParNew: 9745K->1059K(9792K), 0.0048996 secs] 20321K->17430K(31680K), 0.0050789 secs] [Times: user=0.03 sys=0.00, real=0.00 secs] 
2014-07-10T09:58:16.749+0200: 42.896: [GC (CMS Initial Mark) [1 CMS-initial-mark: 16371K(21888K)] 17592K(31680K), 0.0001844 secs] [Times: user=0.00 sys=0.00, real=0.00 secs] 
2014-07-10T09:58:16.749+0200: 42.896: [CMS-concurrent-mark-start]
2014-07-10T09:58:16.750+0200: 42.897: [CMS-concurrent-mark: 0.001/0.001 secs] [Times: user=0.00 sys=0.00, real=0.00 secs] 
2014-07-10T09:58:16.750+0200: 42.897: [CMS-concurrent-preclean-start]
2014-07-10T09:58:16.750+0200: 42.897: [CMS-concurrent-preclean: 0.000/0.000 secs] [Times: user=0.00 sys=0.00, real=0.00 secs] 
2014-07-10T09:58:16.750+0200: 42.897: [CMS-concurrent-abortable-preclean-start]
2014-07-10T09:58:16.754+0200: 42.901: [GC (Allocation Failure) 42.901: [ParNew: 9745K->9745K(9792K), 0.0000484 secs]42.901: [CMS2014-07-10T09:58:16.754+0200: 42.901: [CMS-concurrent-abortable-preclean: 0.000/0.004 secs] [Times: user=0.00 sys=0.00, real=0.00 secs] 
 (concurrent mode failure): 16371K->7753K(21888K), 0.0078923 secs] 26116K->7753K(31680K), [Metaspace: 2457K->2457K(1056768K)], 0.0080977 secs] [Times: user=0.00 sys=0.00, real=0.01 secs] 
2014-07-10T09:58:16.794+0200: 42.941: [GC (Allocation Failure) 42.941: [ParNew: 8686K->1059K(9792K), 0.0057421 secs] 16440K->15572K(31680K), 0.0058730 secs] [Times: user=0.03 sys=0.00, real=0.01 secs] 
2014-07-10T09:58:16.800+0200: 42.947: [GC (CMS Initial Mark) [1 CMS-initial-mark: 14513K(21888K)] 15798K(31680K), 0.0001954 secs] [Times: user=0.00 sys=0.00, real=0.00 secs] 
2014-07-10T09:58:16.800+0200: 42.947: [CMS-concurrent-mark-start]
2014-07-10T09:58:16.801+0200: 42.948: [CMS-concurrent-mark: 0.001/0.001 secs] [Times: user=0.00 sys=0.00, real=0.00 secs] 
2014-07-10T09:58:16.801+0200: 42.948: [CMS-concurrent-preclean-start]
2014-07-10T09:58:16.801+0200: 42.948: [CMS-concurrent-preclean: 0.000/0.000 secs] [Times: user=0.00 sys=0.00, real=0.00 secs] 
2014-07-10T09:58:16.801+0200: 42.948: [GC (CMS Final Remark) [YG occupancy: 1445 K (9792 K)]42.948: [Rescan (parallel) , 0.0000810 secs]42.948: [weak refs processing, 0.0000286 secs]42.948: [class unloading, 0.0004341 secs]42.949: [scrub symbol table, 0.0005584 secs]42.949: [scrub string table, 0.0001635 secs][1 CMS-remark: 14513K(21888K)] 15958K(31680K), 0.0013858 secs] [Times: user=0.00 sys=0.00, real=0.00 secs] 
2014-07-10T09:58:16.802+0200: 42.949: [CMS-concurrent-sweep-start]
2014-07-10T09:58:16.803+0200: 42.950: [CMS-concurrent-sweep: 0.000/0.000 secs] [Times: user=0.00 sys=0.00, real=0.00 secs] 
2014-07-10T09:58:16.803+0200: 42.950: [CMS-concurrent-reset-start]
2014-07-10T09:58:16.803+0200: 42.950: [CMS-concurrent-reset: 0.000/0.000 secs] [Times: user=0.00 sys=0.00, real=0.00 secs] 
2014-07-10T09:58:16.843+0200: 42.990: [GC (Allocation Failure) 42.991: [ParNew: 9747K->99K(9792K), 0.0006365 secs] 16928K->7280K(31680K), 0.0007472 secs] [Times: user=0.00 sys=0.00, real=0.00 secs] 
2014-07-10T09:58:16.849+0200: 42.996: [GC (Allocation Failure) 42.996: [ParNew: 8802K->79K(9792K), 0.0005147 secs] 15983K->7261K(31680K), 0.0006090 secs] [Times: user=0.00 sys=0.00, real=0.00 secs] 
2014-07-10T09:58:16.893+0200: 43.040: [GC (Allocation Failure) 43.040: [ParNew: 8767K->1063K(9792K), 0.0057788 secs] 15949K->14263K(31680K), 0.0059353 secs] [Times: user=0.00 sys=0.00, real=0.01 secs] 
2014-07-10T09:58:16.899+0200: 43.046: [GC (CMS Initial Mark) [1 CMS-initial-mark: 13200K(21888K)] 14295K(31680K), 0.0001866 secs] [Times: user=0.00 sys=0.00, real=0.00 secs] 
2014-07-10T09:58:16.899+0200: 43.046: [CMS-concurrent-mark-start]
2014-07-10T09:58:16.900+0200: 43.047: [CMS-concurrent-mark: 0.001/0.001 secs] [Times: user=0.00 sys=0.00, real=0.00 secs] 
2014-07-10T09:58:16.900+0200: 43.047: [CMS-concurrent-preclean-start]
2014-07-10T09:58:16.900+0200: 43.047: [CMS-concurrent-preclean: 0.000/0.000 secs] [Times: user=0.00 sys=0.00, real=0.00 secs] 
2014-07-10T09:58:16.900+0200: 43.047: [GC (CMS Final Remark) [YG occupancy: 2185 K (9792 K)]43.047: [Rescan (parallel) , 0.0001027 secs]43.047: [weak refs processing, 0.0000257 secs]43.047: [class unloading, 0.0004337 secs]43.048: [scrub symbol table, 0.0005430 secs]43.048: [scrub string table, 0.0001635 secs][1 CMS-remark: 13200K(21888K)] 15386K(31680K), 0.0013825 secs] [Times: user=0.00 sys=0.00, real=0.00 secs] 
2014-07-10T09:58:16.902+0200: 43.049: [CMS-concurrent-sweep-start]
2014-07-10T09:58:16.902+0200: 43.049: [CMS-concurrent-sweep: 0.000/0.000 secs] [Times: user=0.00 sys=0.00, real=0.00 secs] 
2014-07-10T09:58:16.902+0200: 43.049: [CMS-concurrent-reset-start]
2014-07-10T09:58:16.902+0200: 43.049: [CMS-concurrent-reset: 0.000/0.000 secs] [Times: user=0.00 sys=0.00, real=0.00 secs] 
2014-07-10T09:58:16.943+0200: 43.090: [GC (Allocation Failure) 43.090: [ParNew: 9749K->1059K(9792K), 0.0058088 secs] 16190K->14005K(31680K), 0.0059679 secs] [Times: user=0.00 sys=0.00, real=0.01 secs] 
2014-07-10T09:58:16.949+0200: 43.096: [GC (CMS Initial Mark) [1 CMS-initial-mark: 12946K(21888K)] 14037K(31680K), 0.0001965 secs] [Times: user=0.00 sys=0.00, real=0.00 secs] 
2014-07-10T09:58:16.949+0200: 43.096: [CMS-concurrent-mark-start]
2014-07-10T09:58:16.950+0200: 43.097: [CMS-concurrent-mark: 0.001/0.001 secs] [Times: user=0.00 sys=0.00, real=0.00 secs] 
2014-07-10T09:58:16.950+0200: 43.097: [CMS-concurrent-preclean-start]
2014-07-10T09:58:16.950+0200: 43.097: [CMS-concurrent-preclean: 0.000/0.000 secs] [Times: user=0.00 sys=0.00, real=0.00 secs] 
2014-07-10T09:58:16.950+0200: 43.097: [CMS-concurrent-abortable-preclean-start]
2014-07-10T09:58:16.953+0200: 43.100: [GC (Allocation Failure) 43.100: [ParNew: 9745K->9745K(9792K), 0.0000433 secs]43.100: [CMS2014-07-10T09:58:16.953+0200: 43.100: [CMS-concurrent-abortable-preclean: 0.000/0.003 secs] [Times: user=0.01 sys=0.00, real=0.00 secs] 
 (concurrent mode failure): 12946K->8459K(21888K), 0.0081395 secs] 22691K->8459K(31680K), [Metaspace: 2457K->2457K(1056768K)], 0.0083327 secs] [Times: user=0.00 sys=0.00, real=0.01 secs] 
2014-07-10T09:58:17.041+0200: 43.188: [GC (Allocation Failure) 43.188: [ParNew: 8688K->325K(9792K), 0.0012293 secs] 17148K->8785K(31680K), 0.0014489 secs] [Times: user=0.00 sys=0.00, real=0.00 secs] 
2014-07-10T09:58:17.049+0200: 43.196: [GC (Allocation Failure) 43.196: [ParNew: 9011K->806K(9792K), 0.0017114 secs] 17471K->9266K(31680K), 0.0019556 secs] [Times: user=0.00 sys=0.00, real=0.00 secs] 
2014-07-10T09:58:17.092+0200: 43.239: [GC (Allocation Failure) 43.239: [ParNew: 9492K->1059K(9792K), 0.0021514 secs] 17952K->9750K(31680K), 0.0023453 secs] [Times: user=0.00 sys=0.00, real=0.00 secs] 
2014-07-10T09:58:17.144+0200: 43.291: [GC (Allocation Failure) 43.291: [ParNew: 9751K->741K(9792K), 0.0014020 secs] 18442K->9433K(31680K), 0.0015798 secs] [Times: user=0.00 sys=0.00, real=0.00 secs] 
2014-07-10T09:58:17.153+0200: 43.300: [GC (Allocation Failure) 43.300: [ParNew: 9427K->1059K(9792K), 0.0026679 secs] 18119K->9913K(31680K), 0.0028941 secs] [Times: user=0.03 sys=0.00, real=0.00 secs] 
2014-07-10T09:58:17.192+0200: 43.339: [GC (Allocation Failure) 43.339: [ParNew: 9745K->1059K(9792K), 0.0012414 secs] 18599K->10555K(31680K), 0.0013620 secs] [Times: user=0.00 sys=0.00, real=0.00 secs] 
2014-07-10T09:58:17.242+0200: 43.389: [GC (Allocation Failure) 43.389: [ParNew: 9745K->1059K(9792K), 0.0024645 secs] 19241K->11676K(31680K), 0.0026987 secs] [Times: user=0.00 sys=0.00, real=0.00 secs] 
2014-07-10T09:58:17.253+0200: 43.400: [GC (Allocation Failure) 43.400: [ParNew: 9745K->1059K(9792K), 0.0047834 secs] 20362K->13278K(31680K), 0.0050895 secs] [Times: user=0.00 sys=0.00, real=0.00 secs] 
2014-07-10T09:58:17.292+0200: 43.439: [GC (Allocation Failure) 43.439: [ParNew: 9745K->1059K(9792K), 0.0037352 secs] 21964K->15360K(31680K), 0.0038554 secs] [Times: user=0.00 sys=0.00, real=0.00 secs] 
2014-07-10T09:58:17.342+0200: 43.489: [GC (Allocation Failure) 43.489: [ParNew: 9745K->1059K(9792K), 0.0026338 secs] 24046K->17922K(31680K), 0.0027790 secs] [Times: user=0.00 sys=0.00, real=0.00 secs] 
2014-07-10T09:58:17.345+0200: 43.492: [GC (CMS Initial Mark) [1 CMS-initial-mark: 16863K(21888K)] 17954K(31680K), 0.0001708 secs] [Times: user=0.00 sys=0.00, real=0.00 secs] 
2014-07-10T09:58:17.345+0200: 43.492: [CMS-concurrent-mark-start]
2014-07-10T09:58:17.346+0200: 43.493: [CMS-concurrent-mark: 0.001/0.001 secs] [Times: user=0.00 sys=0.00, real=0.00 secs] 
2014-07-10T09:58:17.346+0200: 43.493: [CMS-concurrent-preclean-start]
2014-07-10T09:58:17.346+0200: 43.493: [CMS-concurrent-preclean: 0.000/0.000 secs] [Times: user=0.00 sys=0.00, real=0.00 secs] 
2014-07-10T09:58:17.346+0200: 43.493: [GC (CMS Final Remark) [YG occupancy: 2182 K (9792 K)]43.493: [Rescan (parallel) , 0.0006101 secs]43.494: [weak refs processing, 0.0000282 secs]43.494: [class unloading, 0.0004601 secs]43.494: [scrub symbol table, 0.0006229 secs]43.495: [scrub string table, 0.0001727 secs][1 CMS-remark: 16863K(21888K)] 19045K(31680K), 0.0020241 secs] [Times: user=0.00 sys=0.00, real=0.00 secs] 
2014-07-10T09:58:17.348+0200: 43.495: [CMS-concurrent-sweep-start]
2014-07-10T09:58:17.348+0200: 43.496: [CMS-concurrent-sweep: 0.000/0.000 secs] [Times: user=0.00 sys=0.00, real=0.00 secs] 
2014-07-10T09:58:17.349+0200: 43.496: [CMS-concurrent-reset-start]
2014-07-10T09:58:17.349+0200: 43.496: [CMS-concurrent-reset: 0.000/0.000 secs] [Times: user=0.00 sys=0.00, real=0.00 secs] 
2014-07-10T09:58:17.352+0200: 43.499: [GC (Allocation Failure) 43.499: [ParNew: 9757K->1059K(9792K), 0.0128242 secs] 12745K->5553K(31680K), 0.0129543 secs] [Times: user=0.02 sys=0.00, real=0.01 secs] 
2014-07-10T09:58:17.391+0200: 43.539: [GC (Allocation Failure) 43.539: [ParNew: 9745K->1059K(9792K), 0.0029037 secs] 14239K->7540K(31680K), 0.0030434 secs] [Times: user=0.00 sys=0.00, real=0.00 secs] 
2014-07-10T09:58:17.441+0200: 43.589: [GC (Allocation Failure) 43.589: [ParNew: 9745K->1059K(9792K), 0.0021668 secs] 16226K->10007K(31680K), 0.0022976 secs] [Times: user=0.00 sys=0.00, real=0.00 secs] 
2014-07-10T09:58:17.448+0200: 43.595: [GC (Allocation Failure) 43.595: [ParNew: 9745K->1059K(9792K), 0.0029968 secs] 18693K->12953K(31680K), 0.0031621 secs] [Times: user=0.03 sys=0.00, real=0.00 secs] 
2014-07-10T09:58:17.492+0200: 43.639: [GC (Allocation Failure) 43.639: [ParNew: 9745K->1059K(9792K), 0.0032670 secs] 21639K->16380K(31680K), 0.0033972 secs] [Times: user=0.00 sys=0.00, real=0.00 secs] 
2014-07-10T09:58:17.496+0200: 43.643: [GC (CMS Initial Mark) [1 CMS-initial-mark: 15320K(21888K)] 16446K(31680K), 0.0002075 secs] [Times: user=0.00 sys=0.00, real=0.00 secs] 
2014-07-10T09:58:17.496+0200: 43.643: [CMS-concurrent-mark-start]
2014-07-10T09:58:17.497+0200: 43.644: [CMS-concurrent-mark: 0.001/0.001 secs] [Times: user=0.03 sys=0.00, real=0.00 secs] 
2014-07-10T09:58:17.497+0200: 43.644: [CMS-concurrent-preclean-start]
2014-07-10T09:58:17.497+0200: 43.644: [CMS-concurrent-preclean: 0.000/0.000 secs] [Times: user=0.00 sys=0.00, real=0.00 secs] 
2014-07-10T09:58:17.497+0200: 43.644: [CMS-concurrent-abortable-preclean-start]
2014-07-10T09:58:17.544+0200: 43.691: [GC (Allocation Failure) 43.691: [ParNew: 9745K->1059K(9792K), 0.0066693 secs] 25066K->20287K(31680K), 0.0069384 secs] [Times: user=0.00 sys=0.00, real=0.01 secs] 
2014-07-10T09:58:17.553+0200: 43.700: [CMS-concurrent-abortable-preclean: 0.001/0.056 secs] [Times: user=0.00 sys=0.02, real=0.06 secs] 
2014-07-10T09:58:17.553+0200: 43.700: [GC (CMS Final Remark) [YG occupancy: 3944 K (9792 K)]43.700: [Rescan (parallel) , 0.0002951 secs]43.700: [weak refs processing, 0.0000605 secs]43.700: [class unloading, 0.0010621 secs]43.702: [scrub symbol table, 0.0014383 secs]43.703: [scrub string table, 0.0004455 secs][1 CMS-remark: 19227K(21888K)] 23172K(31680K), 0.0037388 secs] [Times: user=0.00 sys=0.00, real=0.00 secs] 
2014-07-10T09:58:17.557+0200: 43.704: [CMS-concurrent-sweep-start]
2014-07-10T09:58:17.558+0200: 43.705: [CMS-concurrent-sweep: 0.001/0.001 secs] [Times: user=0.00 sys=0.00, real=0.00 secs] 
2014-07-10T09:58:17.558+0200: 43.705: [CMS-concurrent-reset-start]
2014-07-10T09:58:17.558+0200: 43.705: [CMS-concurrent-reset: 0.000/0.000 secs] [Times: user=0.00 sys=0.00, real=0.00 secs] 
2014-07-10T09:58:17.562+0200: 43.709: [GC (Allocation Failure) 43.709: [ParNew: 9745K->1059K(9792K), 0.0053604 secs] 17505K->13206K(31680K), 0.0055789 secs] [Times: user=0.00 sys=0.00, real=0.00 secs] 
2014-07-10T09:58:17.568+0200: 43.715: [GC (CMS Initial Mark) [1 CMS-initial-mark: 12147K(21888K)] 13272K(31680K), 0.0002196 secs] [Times: user=0.00 sys=0.00, real=0.00 secs] 
2014-07-10T09:58:17.568+0200: 43.715: [CMS-concurrent-mark-start]
2014-07-10T09:58:17.569+0200: 43.716: [CMS-concurrent-mark: 0.001/0.001 secs] [Times: user=0.00 sys=0.00, real=0.00 secs] 
2014-07-10T09:58:17.569+0200: 43.716: [CMS-concurrent-preclean-start]
2014-07-10T09:58:17.569+0200: 43.716: [CMS-concurrent-preclean: 0.000/0.000 secs] [Times: user=0.00 sys=0.00, real=0.00 secs] 
2014-07-10T09:58:17.569+0200: 43.716: [CMS-concurrent-abortable-preclean-start]
2014-07-10T09:58:17.593+0200: 43.740: [GC (Allocation Failure) 43.740: [ParNew: 9745K->1059K(9792K), 0.0046378 secs] 21893K->18074K(31680K), 0.0048090 secs] [Times: user=0.00 sys=0.00, real=0.01 secs] 
2014-07-10T09:58:17.642+0200: 43.789: [GC (Allocation Failure) 43.789: [ParNew: 9757K->9757K(9792K), 0.0000561 secs]43.789: [CMS2014-07-10T09:58:17.642+0200: 43.789: [CMS-concurrent-abortable-preclean: 0.001/0.073 secs] [Times: user=0.00 sys=0.00, real=0.07 secs] 
 (concurrent mode failure): 17014K->5291K(21888K), 0.0068566 secs] 26771K->5291K(31680K), [Metaspace: 2457K->2457K(1056768K)], 0.0070920 secs] [Times: user=0.00 sys=0.00, real=0.01 secs] 
2014-07-10T09:58:17.653+0200: 43.800: [GC (Allocation Failure) 43.800: [ParNew: 8686K->1059K(9792K), 0.0045311 secs] 13977K->10645K(31680K), 0.0047027 secs] [Times: user=0.00 sys=0.00, real=0.00 secs] 
2014-07-10T09:58:17.658+0200: 43.805: [GC (CMS Initial Mark) [1 CMS-initial-mark: 9585K(21888K)] 10711K(31680K), 0.0002574 secs] [Times: user=0.00 sys=0.00, real=0.00 secs] 
2014-07-10T09:58:17.658+0200: 43.806: [CMS-concurrent-mark-start]
2014-07-10T09:58:17.660+0200: 43.807: [CMS-concurrent-mark: 0.001/0.001 secs] [Times: user=0.00 sys=0.00, real=0.00 secs] 
2014-07-10T09:58:17.660+0200: 43.807: [CMS-concurrent-preclean-start]
2014-07-10T09:58:17.660+0200: 43.807: [CMS-concurrent-preclean: 0.000/0.000 secs] [Times: user=0.00 sys=0.00, real=0.00 secs] 
2014-07-10T09:58:17.660+0200: 43.807: [CMS-concurrent-abortable-preclean-start]
2014-07-10T09:58:17.693+0200: 43.840: [GC (Allocation Failure) 43.840: [ParNew: 9745K->1059K(9792K), 0.0045337 secs] 19331K->15416K(31680K), 0.0047071 secs] [Times: user=0.00 sys=0.00, real=0.00 secs] 
2014-07-10T09:58:17.743+0200: 43.890: [GC (Allocation Failure) 43.890: [ParNew: 9745K->1059K(9792K), 0.0049659 secs] 24102K->20668K(31680K), 0.0051438 secs] [Times: user=0.03 sys=0.00, real=0.00 secs] 
2014-07-10T09:58:17.750+0200: 43.897: [CMS-concurrent-abortable-preclean: 0.002/0.090 secs] [Times: user=0.03 sys=0.00, real=0.09 secs] 
2014-07-10T09:58:17.750+0200: 43.897: [GC (CMS Final Remark) [YG occupancy: 5035 K (9792 K)]43.897: [Rescan (parallel) , 0.0001745 secs]43.897: [weak refs processing, 0.0000374 secs]43.897: [class unloading, 0.0006739 secs]43.898: [scrub symbol table, 0.0007611 secs]43.899: [scrub string table, 0.0002409 secs][1 CMS-remark: 19608K(21888K)] 24644K(31680K), 0.0020802 secs] [Times: user=0.00 sys=0.00, real=0.00 secs] 
2014-07-10T09:58:17.752+0200: 43.899: [CMS-concurrent-sweep-start]
2014-07-10T09:58:17.752+0200: 43.900: [CMS-concurrent-sweep: 0.000/0.000 secs] [Times: user=0.00 sys=0.00, real=0.00 secs] 
2014-07-10T09:58:17.753+0200: 43.900: [CMS-concurrent-reset-start]
2014-07-10T09:58:17.753+0200: 43.900: [CMS-concurrent-reset: 0.000/0.000 secs] [Times: user=0.00 sys=0.00, real=0.00 secs] 
2014-07-10T09:58:17.754+0200: 43.901: [GC (Allocation Failure) 43.901: [ParNew: 9745K->1059K(9792K), 0.0054033 secs] 24487K->21532K(31680K), 0.0055181 secs] [Times: user=0.00 sys=0.00, real=0.01 secs] 
2014-07-10T09:58:17.760+0200: 43.907: [GC (CMS Initial Mark) [1 CMS-initial-mark: 20473K(21888K)] 21598K(31680K), 0.0002662 secs] [Times: user=0.00 sys=0.00, real=0.00 secs] 
2014-07-10T09:58:17.760+0200: 43.907: [CMS-concurrent-mark-start]
2014-07-10T09:58:17.761+0200: 43.908: [CMS-concurrent-mark: 0.001/0.001 secs] [Times: user=0.00 sys=0.00, real=0.00 secs] 
2014-07-10T09:58:17.761+0200: 43.908: [CMS-concurrent-preclean-start]
2014-07-10T09:58:17.761+0200: 43.908: [CMS-concurrent-preclean: 0.000/0.000 secs] [Times: user=0.00 sys=0.00, real=0.00 secs] 
2014-07-10T09:58:17.761+0200: 43.908: [GC (CMS Final Remark) [YG occupancy: 2470 K (9792 K)]43.909: [Rescan (parallel) , 0.0001628 secs]43.909: [weak refs processing, 0.0000367 secs]43.909: [class unloading, 0.0005349 secs]43.909: [scrub symbol table, 0.0007263 secs]43.910: [scrub string table, 0.0002299 secs][1 CMS-remark: 20473K(21888K)] 22943K(31680K), 0.0018705 secs] [Times: user=0.01 sys=0.02, real=0.00 secs] 
2014-07-10T09:58:17.763+0200: 43.910: [CMS-concurrent-sweep-start]
2014-07-10T09:58:17.764+0200: 43.911: [CMS-concurrent-sweep: 0.000/0.000 secs] [Times: user=0.00 sys=0.00, real=0.00 secs] 
2014-07-10T09:58:17.764+0200: 43.911: [CMS-concurrent-reset-start]
2014-07-10T09:58:17.764+0200: 43.911: [CMS-concurrent-reset: 0.000/0.000 secs] [Times: user=0.00 sys=0.00, real=0.00 secs] 
2014-07-10T09:58:17.794+0200: 43.941: [GC (Allocation Failure) 43.941: [ParNew: 9745K->1059K(9792K), 0.0054741 secs] 15904K->13430K(31680K), 0.0056776 secs] [Times: user=0.00 sys=0.00, real=0.01 secs] 
2014-07-10T09:58:17.800+0200: 43.947: [GC (CMS Initial Mark) [1 CMS-initial-mark: 12371K(21888K)] 13496K(31680K), 0.0002317 secs] [Times: user=0.00 sys=0.00, real=0.00 secs] 
2014-07-10T09:58:17.800+0200: 43.947: [CMS-concurrent-mark-start]
2014-07-10T09:58:17.801+0200: 43.948: [CMS-concurrent-mark: 0.001/0.001 secs] [Times: user=0.00 sys=0.00, real=0.00 secs] 
2014-07-10T09:58:17.801+0200: 43.948: [CMS-concurrent-preclean-start]
2014-07-10T09:58:17.801+0200: 43.948: [CMS-concurrent-preclean: 0.000/0.000 secs] [Times: user=0.00 sys=0.00, real=0.00 secs] 
2014-07-10T09:58:17.802+0200: 43.949: [GC (CMS Final Remark) [YG occupancy: 1989 K (9792 K)]43.949: [Rescan (parallel) , 0.0001258 secs]43.949: [weak refs processing, 0.0000359 secs]43.949: [class unloading, 0.0005646 secs]43.949: [scrub symbol table, 0.0007827 secs]43.950: [scrub string table, 0.0002504 secs][1 CMS-remark: 12371K(21888K)] 14361K(31680K), 0.0019592 secs] [Times: user=0.00 sys=0.00, real=0.00 secs] 
2014-07-10T09:58:17.804+0200: 43.951: [CMS-concurrent-sweep-start]
2014-07-10T09:58:17.804+0200: 43.951: [CMS-concurrent-sweep: 0.000/0.000 secs] [Times: user=0.00 sys=0.00, real=0.00 secs] 
2014-07-10T09:58:17.804+0200: 43.951: [CMS-concurrent-reset-start]
2014-07-10T09:58:17.804+0200: 43.951: [CMS-concurrent-reset: 0.000/0.000 secs] [Times: user=0.00 sys=0.00, real=0.00 secs] 
2014-07-10T09:58:17.843+0200: 43.990: [GC (Allocation Failure) 43.990: [ParNew: 9745K->1059K(9792K), 0.0058939 secs] 16383K->14389K(31680K), 0.0060746 secs] [Times: user=0.00 sys=0.00, real=0.01 secs] 
2014-07-10T09:58:17.849+0200: 43.996: [GC (CMS Initial Mark) [1 CMS-initial-mark: 13330K(21888K)] 14421K(31680K), 0.0001921 secs] [Times: user=0.00 sys=0.00, real=0.00 secs] 
2014-07-10T09:58:17.849+0200: 43.997: [CMS-concurrent-mark-start]
2014-07-10T09:58:17.850+0200: 43.997: [CMS-concurrent-mark: 0.001/0.001 secs] [Times: user=0.00 sys=0.00, real=0.00 secs] 
2014-07-10T09:58:17.850+0200: 43.997: [CMS-concurrent-preclean-start]
2014-07-10T09:58:17.850+0200: 43.997: [CMS-concurrent-preclean: 0.000/0.000 secs] [Times: user=0.00 sys=0.00, real=0.00 secs] 
2014-07-10T09:58:17.850+0200: 43.997: [CMS-concurrent-abortable-preclean-start]
2014-07-10T09:58:17.853+0200: 44.000: [GC (Allocation Failure) 44.000: [ParNew: 9755K->44K(9792K), 0.0005400 secs] 23086K->13376K(31680K), 0.0006247 secs] [Times: user=0.00 sys=0.00, real=0.00 secs] 
2014-07-10T09:58:17.893+0200: 44.040: [GC (Allocation Failure) 44.040: [ParNew: 8737K->1062K(9792K), 0.0054169 secs] 22069K->20380K(31680K), 0.0055753 secs] [Times: user=0.00 sys=0.00, real=0.01 secs] 
2014-07-10T09:58:17.943+0200: 44.090: [GC (Allocation Failure) 44.090: [ParNew: 9748K->9748K(9792K), 0.0000451 secs]44.090: [CMS2014-07-10T09:58:17.943+0200: 44.090: [CMS-concurrent-abortable-preclean: 0.001/0.093 secs] [Times: user=0.00 sys=0.00, real=0.09 secs] 
 (concurrent mode failure): 19318K->7949K(21888K), 0.0083055 secs] 29067K->7949K(31680K), [Metaspace: 2457K->2457K(1056768K)], 0.0085127 secs] [Times: user=0.01 sys=0.00, real=0.01 secs] 
2014-07-10T09:58:17.955+0200: 44.102: [GC (Allocation Failure) 44.102: [ParNew: 8686K->1059K(9792K), 0.0059177 secs] 16636K->15960K(31680K), 0.0060625 secs] [Times: user=0.00 sys=0.00, real=0.01 secs] 
2014-07-10T09:58:17.961+0200: 44.109: [GC (CMS Initial Mark) [1 CMS-initial-mark: 14901K(21888K)] 16026K(31680K), 0.0002170 secs] [Times: user=0.00 sys=0.00, real=0.00 secs] 
2014-07-10T09:58:17.962+0200: 44.109: [CMS-concurrent-mark-start]
2014-07-10T09:58:17.962+0200: 44.109: [CMS-concurrent-mark: 0.001/0.001 secs] [Times: user=0.00 sys=0.00, real=0.00 secs] 
2014-07-10T09:58:17.962+0200: 44.109: [CMS-concurrent-preclean-start]
2014-07-10T09:58:17.962+0200: 44.110: [CMS-concurrent-preclean: 0.000/0.000 secs] [Times: user=0.00 sys=0.00, real=0.00 secs] 
2014-07-10T09:58:17.963+0200: 44.110: [GC (CMS Final Remark) [YG occupancy: 1253 K (9792 K)]44.110: [Rescan (parallel) , 0.0000931 secs]44.110: [weak refs processing, 0.0000257 secs]44.110: [class unloading, 0.0004088 secs]44.110: [scrub symbol table, 0.0005477 secs]44.111: [scrub string table, 0.0001598 secs][1 CMS-remark: 14901K(21888K)] 16155K(31680K), 0.0013444 secs] [Times: user=0.00 sys=0.00, real=0.00 secs] 
2014-07-10T09:58:17.964+0200: 44.111: [CMS-concurrent-sweep-start]
2014-07-10T09:58:17.964+0200: 44.111: [CMS-concurrent-sweep: 0.000/0.000 secs] [Times: user=0.00 sys=0.00, real=0.00 secs] 
2014-07-10T09:58:17.964+0200: 44.111: [CMS-concurrent-reset-start]
2014-07-10T09:58:17.964+0200: 44.111: [CMS-concurrent-reset: 0.000/0.000 secs] [Times: user=0.00 sys=0.00, real=0.00 secs] 
2014-07-10T09:58:18.041+0200: 44.188: [GC (Allocation Failure) 44.188: [ParNew: 9747K->293K(9792K), 0.0010255 secs] 17123K->7669K(31680K), 0.0012047 secs] [Times: user=0.00 sys=0.00, real=0.00 secs] 
2014-07-10T09:58:18.047+0200: 44.194: [GC (Allocation Failure) 44.194: [ParNew: 8979K->774K(9792K), 0.0010321 secs] 16356K->8151K(31680K), 0.0011622 secs] [Times: user=0.00 sys=0.00, real=0.00 secs] 
2014-07-10T09:58:18.091+0200: 44.239: [GC (Allocation Failure) 44.239: [ParNew: 9460K->1059K(9792K), 0.0010757 secs] 16837K->8631K(31680K), 0.0011875 secs] [Times: user=0.00 sys=0.00, real=0.00 secs] 
2014-07-10T09:58:18.142+0200: 44.289: [GC (Allocation Failure) 44.289: [ParNew: 9751K->707K(9792K), 0.0023347 secs] 17323K->8280K(31680K), 0.0025359 secs] [Times: user=0.00 sys=0.00, real=0.00 secs] 
2014-07-10T09:58:18.153+0200: 44.300: [GC (Allocation Failure) 44.300: [ParNew: 9393K->1059K(9792K), 0.0026661 secs] 16966K->8762K(31680K), 0.0029029 secs] [Times: user=0.00 sys=0.00, real=0.00 secs] 
2014-07-10T09:58:18.191+0200: 44.338: [GC (Allocation Failure) 44.338: [ParNew: 9745K->1059K(9792K), 0.0010119 secs] 17448K->9371K(31680K), 0.0011087 secs] [Times: user=0.00 sys=0.00, real=0.00 secs] 
2014-07-10T09:58:18.242+0200: 44.389: [GC (Allocation Failure) 44.389: [ParNew: 9745K->1059K(9792K), 0.0022951 secs] 18057K->10461K(31680K), 0.0025004 secs] [Times: user=0.00 sys=0.00, real=0.00 secs] 
2014-07-10T09:58:18.252+0200: 44.400: [GC (Allocation Failure) 44.400: [ParNew: 9745K->1059K(9792K), 0.0028395 secs] 19147K->12031K(31680K), 0.0031592 secs] [Times: user=0.00 sys=0.00, real=0.00 secs] 
2014-07-10T09:58:18.292+0200: 44.439: [GC (Allocation Failure) 44.439: [ParNew: 9745K->1059K(9792K), 0.0029781 secs] 20717K->14081K(31680K), 0.0031266 secs] [Times: user=0.00 sys=0.00, real=0.00 secs] 
2014-07-10T09:58:18.343+0200: 44.489: [GC (Allocation Failure) 44.489: [ParNew: 9745K->1059K(9792K), 0.0029829 secs] 22767K->16611K(31680K), 0.0031599 secs] [Times: user=0.00 sys=0.00, real=0.00 secs] 
2014-07-10T09:58:18.350+0200: 44.496: [GC (Allocation Failure) 44.496: [ParNew: 9757K->1061K(9792K), 0.0019006 secs] 25308K->18087K(31680K), 0.0020428 secs] [Times: user=0.00 sys=0.00, real=0.00 secs] 
2014-07-10T09:58:18.352+0200: 44.498: [GC (CMS Initial Mark) [1 CMS-initial-mark: 17025K(21888K)] 18119K(31680K), 0.0003219 secs] [Times: user=0.00 sys=0.00, real=0.00 secs] 
2014-07-10T09:58:18.353+0200: 44.499: [CMS-concurrent-mark-start]
2014-07-10T09:58:18.354+0200: 44.500: [CMS-concurrent-mark: 0.001/0.001 secs] [Times: user=0.00 sys=0.00, real=0.00 secs] 
2014-07-10T09:58:18.354+0200: 44.500: [CMS-concurrent-preclean-start]
2014-07-10T09:58:18.354+0200: 44.500: [CMS-concurrent-preclean: 0.000/0.000 secs] [Times: user=0.00 sys=0.00, real=0.00 secs] 
2014-07-10T09:58:18.354+0200: 44.500: [CMS-concurrent-abortable-preclean-start]
2014-07-10T09:58:18.392+0200: 44.538: [GC (Allocation Failure) 44.538: [ParNew: 9753K->1059K(9792K), 0.0027009 secs] 26779K->19528K(31680K), 0.0028303 secs] [Times: user=0.00 sys=0.00, real=0.00 secs] 
2014-07-10T09:58:18.442+0200: 44.588: [GC (Allocation Failure) 44.588: [ParNew: 9745K->1059K(9792K), 0.0014661 secs] 28214K->21450K(31680K), 0.0015860 secs] [Times: user=0.00 sys=0.00, real=0.00 secs] 
2014-07-10T09:58:18.447+0200: 44.593: [GC (Allocation Failure) 44.593: [ParNew: 9745K->9745K(9792K), 0.0000444 secs]44.593: [CMS2014-07-10T09:58:18.447+0200: 44.593: [CMS-concurrent-abortable-preclean: 0.001/0.093 secs] [Times: user=0.02 sys=0.00, real=0.09 secs] 
 (concurrent mode failure): 20391K->3885K(21888K), 0.0055100 secs] 30136K->3885K(31680K), [Metaspace: 2457K->2457K(1056768K)], 0.0057201 secs] [Times: user=0.00 sys=0.00, real=0.01 secs] 
2014-07-10T09:58:18.492+0200: 44.638: [GC (Allocation Failure) 44.638: [ParNew: 8686K->1059K(9792K), 0.0026357 secs] 12571K->7830K(31680K), 0.0027710 secs] [Times: user=0.00 sys=0.00, real=0.00 secs] 
2014-07-10T09:58:18.544+0200: 44.690: [GC (Allocation Failure) 44.690: [ParNew: 9745K->1059K(9792K), 0.0058543 secs] 16516K->11192K(31680K), 0.0061520 secs] [Times: user=0.00 sys=0.00, real=0.01 secs] 
2014-07-10T09:58:18.557+0200: 44.703: [GC (Allocation Failure) 44.703: [ParNew: 9745K->1059K(9792K), 0.0044563 secs] 19879K->15035K(31680K), 0.0046572 secs] [Times: user=0.03 sys=0.00, real=0.01 secs] 
2014-07-10T09:58:18.562+0200: 44.708: [GC (CMS Initial Mark) [1 CMS-initial-mark: 13976K(21888K)] 15067K(31680K), 0.0003743 secs] [Times: user=0.00 sys=0.00, real=0.00 secs] 
2014-07-10T09:58:18.562+0200: 44.708: [CMS-concurrent-mark-start]
2014-07-10T09:58:18.563+0200: 44.709: [CMS-concurrent-mark: 0.001/0.001 secs] [Times: user=0.00 sys=0.00, real=0.00 secs] 
2014-07-10T09:58:18.563+0200: 44.710: [CMS-concurrent-preclean-start]
2014-07-10T09:58:18.564+0200: 44.710: [CMS-concurrent-preclean: 0.000/0.000 secs] [Times: user=0.00 sys=0.00, real=0.00 secs] 
2014-07-10T09:58:18.564+0200: 44.710: [CMS-concurrent-abortable-preclean-start]
2014-07-10T09:58:18.593+0200: 44.739: [GC (Allocation Failure) 44.739: [ParNew: 9751K->1059K(9792K), 0.0033455 secs] 23727K->18334K(31680K), 0.0035269 secs] [Times: user=0.00 sys=0.00, real=0.00 secs] 
2014-07-10T09:58:18.643+0200: 44.789: [GC (Allocation Failure) 44.789: [ParNew: 9745K->1059K(9792K), 0.0038617 secs] 27020K->22113K(31680K), 0.0040175 secs] [Times: user=0.00 sys=0.00, real=0.00 secs] 
2014-07-10T09:58:18.647+0200: 44.793: [CMS-concurrent-abortable-preclean: 0.001/0.083 secs] [Times: user=0.00 sys=0.00, real=0.08 secs] 
2014-07-10T09:58:18.647+0200: 44.793: [GC (CMS Final Remark) [YG occupancy: 1285 K (9792 K)]44.793: [Rescan (parallel) , 0.0002159 secs]44.793: [weak refs processing, 0.0000367 secs]44.793: [class unloading, 0.0006746 secs]44.794: [scrub symbol table, 0.0009430 secs]44.795: [scrub string table, 0.0002522 secs][1 CMS-remark: 21054K(21888K)] 22340K(31680K), 0.0023270 secs] [Times: user=0.00 sys=0.00, real=0.00 secs] 
2014-07-10T09:58:18.649+0200: 44.796: [CMS-concurrent-sweep-start]
2014-07-10T09:58:18.650+0200: 44.796: [CMS-concurrent-sweep: 0.000/0.000 secs] [Times: user=0.00 sys=0.00, real=0.00 secs] 
2014-07-10T09:58:18.650+0200: 44.796: [CMS-concurrent-reset-start]
2014-07-10T09:58:18.650+0200: 44.796: [CMS-concurrent-reset: 0.000/0.000 secs] [Times: user=0.00 sys=0.00, real=0.00 secs] 
2014-07-10T09:58:18.653+0200: 44.799: [GC (Allocation Failure) 44.799: [ParNew: 9745K->1059K(9792K), 0.0047500 secs] 21096K->16669K(31680K), 0.0049263 secs] [Times: user=0.00 sys=0.00, real=0.00 secs] 
2014-07-10T09:58:18.658+0200: 44.804: [GC (CMS Initial Mark) [1 CMS-initial-mark: 15609K(21888K)] 16701K(31680K), 0.0002181 secs] [Times: user=0.00 sys=0.00, real=0.00 secs] 
2014-07-10T09:58:18.658+0200: 44.805: [CMS-concurrent-mark-start]
2014-07-10T09:58:18.659+0200: 44.806: [CMS-concurrent-mark: 0.001/0.001 secs] [Times: user=0.00 sys=0.00, real=0.00 secs] 
2014-07-10T09:58:18.660+0200: 44.806: [CMS-concurrent-preclean-start]
2014-07-10T09:58:18.660+0200: 44.806: [CMS-concurrent-preclean: 0.000/0.000 secs] [Times: user=0.00 sys=0.00, real=0.00 secs] 
2014-07-10T09:58:18.660+0200: 44.806: [CMS-concurrent-abortable-preclean-start]
2014-07-10T09:58:18.692+0200: 44.838: [GC (Allocation Failure) 44.838: [ParNew: 9745K->1059K(9792K), 0.0047581 secs] 25355K->21408K(31680K), 0.0049066 secs] [Times: user=0.00 sys=0.00, real=0.01 secs] 
2014-07-10T09:58:18.698+0200: 44.844: [CMS-concurrent-abortable-preclean: 0.001/0.038 secs] [Times: user=0.00 sys=0.00, real=0.04 secs] 
2014-07-10T09:58:18.698+0200: 44.844: [GC (CMS Final Remark) [YG occupancy: 3464 K (9792 K)]44.845: [Rescan (parallel) , 0.0001045 secs]44.845: [weak refs processing, 0.0000290 secs]44.845: [class unloading, 0.0005543 secs]44.845: [scrub symbol table, 0.0005789 secs]44.846: [scrub string table, 0.0001690 secs][1 CMS-remark: 20348K(21888K)] 23813K(31680K), 0.0015692 secs] [Times: user=0.00 sys=0.02, real=0.00 secs] 
2014-07-10T09:58:18.700+0200: 44.846: [CMS-concurrent-sweep-start]
2014-07-10T09:58:18.700+0200: 44.846: [CMS-concurrent-sweep: 0.000/0.000 secs] [Times: user=0.00 sys=0.00, real=0.00 secs] 
2014-07-10T09:58:18.700+0200: 44.846: [CMS-concurrent-reset-start]
2014-07-10T09:58:18.700+0200: 44.847: [CMS-concurrent-reset: 0.000/0.000 secs] [Times: user=0.00 sys=0.00, real=0.00 secs] 
2014-07-10T09:58:18.744+0200: 44.890: [GC (Allocation Failure) 44.891: [ParNew: 9745K->1059K(9792K), 0.0087609 secs] 19173K->15707K(31680K), 0.0090421 secs] [Times: user=0.02 sys=0.00, real=0.01 secs] 
2014-07-10T09:58:18.754+0200: 44.900: [GC (CMS Initial Mark) [1 CMS-initial-mark: 14647K(21888K)] 15773K(31680K), 0.0005162 secs] [Times: user=0.00 sys=0.00, real=0.00 secs] 
2014-07-10T09:58:18.755+0200: 44.901: [CMS-concurrent-mark-start]
2014-07-10T09:58:18.757+0200: 44.903: [CMS-concurrent-mark: 0.002/0.002 secs] [Times: user=0.00 sys=0.00, real=0.00 secs] 
2014-07-10T09:58:18.757+0200: 44.903: [CMS-concurrent-preclean-start]
2014-07-10T09:58:18.757+0200: 44.903: [CMS-concurrent-preclean: 0.000/0.000 secs] [Times: user=0.00 sys=0.00, real=0.00 secs] 
2014-07-10T09:58:18.757+0200: 44.904: [CMS-concurrent-abortable-preclean-start]
2014-07-10T09:58:18.761+0200: 44.908: [GC (Allocation Failure) 44.908: [ParNew: 9745K->1059K(9792K), 0.0065395 secs] 24393K->21406K(31680K), 0.0070546 secs] [Times: user=0.00 sys=0.00, real=0.01 secs] 
2014-07-10T09:58:18.770+0200: 44.916: [CMS-concurrent-abortable-preclean: 0.001/0.012 secs] [Times: user=0.00 sys=0.00, real=0.01 secs] 
2014-07-10T09:58:18.770+0200: 44.916: [GC (CMS Final Remark) [YG occupancy: 2502 K (9792 K)]44.916: [Rescan (parallel) , 0.0001184 secs]44.916: [weak refs processing, 0.0000308 secs]44.916: [class unloading, 0.0004931 secs]44.917: [scrub symbol table, 0.0006086 secs]44.918: [scrub string table, 0.0001961 secs][1 CMS-remark: 20347K(21888K)] 22849K(31680K), 0.0015912 secs] [Times: user=0.00 sys=0.00, real=0.00 secs] 
2014-07-10T09:58:18.772+0200: 44.918: [CMS-concurrent-sweep-start]
2014-07-10T09:58:18.772+0200: 44.918: [CMS-concurrent-sweep: 0.000/0.000 secs] [Times: user=0.00 sys=0.00, real=0.00 secs] 
2014-07-10T09:58:18.772+0200: 44.918: [CMS-concurrent-reset-start]
2014-07-10T09:58:18.772+0200: 44.918: [CMS-concurrent-reset: 0.000/0.000 secs] [Times: user=0.00 sys=0.00, real=0.00 secs] 
2014-07-10T09:58:18.794+0200: 44.940: [GC (Allocation Failure) 44.940: [ParNew: 9745K->1059K(9792K), 0.0051955 secs] 21094K->18588K(31680K), 0.0053421 secs] [Times: user=0.00 sys=0.00, real=0.01 secs] 
2014-07-10T09:58:18.799+0200: 44.946: [GC (CMS Initial Mark) [1 CMS-initial-mark: 17528K(21888K)] 18654K(31680K), 0.0002629 secs] [Times: user=0.00 sys=0.00, real=0.00 secs] 
2014-07-10T09:58:18.800+0200: 44.946: [CMS-concurrent-mark-start]
2014-07-10T09:58:18.801+0200: 44.947: [CMS-concurrent-mark: 0.001/0.001 secs] [Times: user=0.00 sys=0.00, real=0.00 secs] 
2014-07-10T09:58:18.801+0200: 44.947: [CMS-concurrent-preclean-start]
2014-07-10T09:58:18.801+0200: 44.947: [CMS-concurrent-preclean: 0.000/0.000 secs] [Times: user=0.00 sys=0.00, real=0.00 secs] 
2014-07-10T09:58:18.801+0200: 44.947: [GC (CMS Final Remark) [YG occupancy: 2022 K (9792 K)]44.947: [Rescan (parallel) , 0.0001536 secs]44.947: [weak refs processing, 0.0000304 secs]44.947: [class unloading, 0.0004722 secs]44.948: [scrub symbol table, 0.0006071 secs]44.948: [scrub string table, 0.0001866 secs][1 CMS-remark: 17528K(21888K)] 19550K(31680K), 0.0015959 secs] [Times: user=0.00 sys=0.00, real=0.00 secs] 
2014-07-10T09:58:18.803+0200: 44.949: [CMS-concurrent-sweep-start]
2014-07-10T09:58:18.803+0200: 44.949: [CMS-concurrent-sweep: 0.000/0.000 secs] [Times: user=0.00 sys=0.00, real=0.00 secs] 
2014-07-10T09:58:18.803+0200: 44.949: [CMS-concurrent-reset-start]
2014-07-10T09:58:18.803+0200: 44.949: [CMS-concurrent-reset: 0.000/0.000 secs] [Times: user=0.00 sys=0.00, real=0.00 secs] 
2014-07-10T09:58:18.845+0200: 44.992: [GC (Allocation Failure) 44.992: [ParNew: 9745K->1059K(9792K), 0.0057362 secs] 16355K->14329K(31680K), 0.0061784 secs] [Times: user=0.00 sys=0.00, real=0.01 secs] 
2014-07-10T09:58:18.852+0200: 44.998: [GC (CMS Initial Mark) [1 CMS-initial-mark: 13269K(21888K)] 14395K(31680K), 0.0002035 secs] [Times: user=0.00 sys=0.00, real=0.00 secs] 
2014-07-10T09:58:18.852+0200: 44.998: [CMS-concurrent-mark-start]
2014-07-10T09:58:18.853+0200: 44.999: [CMS-concurrent-mark: 0.001/0.001 secs] [Times: user=0.00 sys=0.00, real=0.00 secs] 
2014-07-10T09:58:18.853+0200: 44.999: [CMS-concurrent-preclean-start]
2014-07-10T09:58:18.853+0200: 44.999: [CMS-concurrent-preclean: 0.000/0.000 secs] [Times: user=0.00 sys=0.00, real=0.00 secs] 
2014-07-10T09:58:18.853+0200: 44.999: [CMS-concurrent-abortable-preclean-start]
2014-07-10T09:58:18.857+0200: 45.003: [GC (Allocation Failure) 45.003: [ParNew: 9759K->16K(9792K), 0.0004663 secs] 23029K->13287K(31680K), 0.0005554 secs] [Times: user=0.00 sys=0.00, real=0.00 secs] 
2014-07-10T09:58:18.893+0200: 45.039: [GC (Allocation Failure) 45.039: [ParNew: 8704K->1062K(9792K), 0.0053483 secs] 21975K->20288K(31680K), 0.0056372 secs] [Times: user=0.00 sys=0.00, real=0.01 secs] 
2014-07-10T09:58:18.943+0200: 45.089: [GC (Allocation Failure) 45.089: [ParNew: 9748K->9748K(9792K), 0.0000451 secs]45.089: [CMS2014-07-10T09:58:18.943+0200: 45.090: [CMS-concurrent-abortable-preclean: 0.001/0.090 secs] [Times: user=0.02 sys=0.00, real=0.09 secs] 
 (concurrent mode failure): 19225K->7920K(21888K), 0.0131219 secs] 28974K->7920K(31680K), [Metaspace: 2457K->2457K(1056768K)], 0.0134398 secs] [Times: user=0.02 sys=0.00, real=0.01 secs] 
2014-07-10T09:58:18.963+0200: 45.109: [GC (Allocation Failure) 45.110: [ParNew: 8686K->1059K(9792K), 0.0114395 secs] 16606K->15899K(31680K), 0.0117119 secs] [Times: user=0.00 sys=0.00, real=0.01 secs] 
2014-07-10T09:58:18.975+0200: 45.122: [GC (CMS Initial Mark) [1 CMS-initial-mark: 14839K(21888K)] 15965K(31680K), 0.0004330 secs] [Times: user=0.00 sys=0.00, real=0.00 secs] 
2014-07-10T09:58:18.976+0200: 45.122: [CMS-concurrent-mark-start]
2014-07-10T09:58:18.977+0200: 45.123: [CMS-concurrent-mark: 0.001/0.001 secs] [Times: user=0.00 sys=0.00, real=0.00 secs] 
2014-07-10T09:58:18.977+0200: 45.123: [CMS-concurrent-preclean-start]
2014-07-10T09:58:18.977+0200: 45.123: [CMS-concurrent-preclean: 0.000/0.000 secs] [Times: user=0.00 sys=0.00, real=0.00 secs] 
2014-07-10T09:58:18.977+0200: 45.123: [GC (CMS Final Remark) [YG occupancy: 1285 K (9792 K)]45.123: [Rescan (parallel) , 0.0001122 secs]45.123: [weak refs processing, 0.0000290 secs]45.123: [class unloading, 0.0004466 secs]45.124: [scrub symbol table, 0.0006035 secs]45.124: [scrub string table, 0.0001818 secs][1 CMS-remark: 14839K(21888K)] 16125K(31680K), 0.0015105 secs] [Times: user=0.00 sys=0.00, real=0.00 secs] 
2014-07-10T09:58:18.979+0200: 45.125: [CMS-concurrent-sweep-start]
2014-07-10T09:58:18.979+0200: 45.125: [CMS-concurrent-sweep: 0.000/0.000 secs] [Times: user=0.00 sys=0.00, real=0.00 secs] 
2014-07-10T09:58:18.979+0200: 45.125: [CMS-concurrent-reset-start]
2014-07-10T09:58:18.979+0200: 45.125: [CMS-concurrent-reset: 0.000/0.000 secs] [Times: user=0.00 sys=0.00, real=0.00 secs] 
2014-07-10T09:58:19.041+0200: 45.187: [GC (Allocation Failure) 45.187: [ParNew: 9747K->261K(9792K), 0.0010540 secs] 17093K->7608K(31680K), 0.0012374 secs] [Times: user=0.03 sys=0.00, real=0.00 secs] 
2014-07-10T09:58:19.049+0200: 45.195: [GC (Allocation Failure) 45.195: [ParNew: 8947K->742K(9792K), 0.0016949 secs] 16294K->8089K(31680K), 0.0018988 secs] [Times: user=0.00 sys=0.00, real=0.00 secs] 
2014-07-10T09:58:19.091+0200: 45.238: [GC (Allocation Failure) 45.238: [ParNew: 9428K->1059K(9792K), 0.0010837 secs] 16775K->8569K(31680K), 0.0011959 secs] [Times: user=0.00 sys=0.00, real=0.00 secs] 
2014-07-10T09:58:19.141+0200: 45.287: [GC (Allocation Failure) 45.287: [ParNew: 9757K->165K(9792K), 0.0005191 secs] 17267K->7676K(31680K), 0.0006068 secs] [Times: user=0.00 sys=0.00, real=0.00 secs] 
2014-07-10T09:58:19.145+0200: 45.291: [GC (Allocation Failure) 45.291: [ParNew: 8851K->645K(9792K), 0.0010262 secs] 16362K->8156K(31680K), 0.0011545 secs] [Times: user=0.00 sys=0.00, real=0.00 secs] 
2014-07-10T09:58:19.192+0200: 45.338: [GC (Allocation Failure) 45.338: [ParNew: 9331K->1059K(9792K), 0.0018405 secs] 16842K->8638K(31680K), 0.0020388 secs] [Times: user=0.00 sys=0.00, real=0.00 secs] 
2014-07-10T09:58:19.242+0200: 45.388: [GC (Allocation Failure) 45.388: [ParNew: 9745K->1059K(9792K), 0.0010775 secs] 17324K->9183K(31680K), 0.0011915 secs] [Times: user=0.00 sys=0.00, real=0.00 secs] 
2014-07-10T09:58:19.247+0200: 45.394: [GC (Allocation Failure) 45.394: [ParNew: 9745K->1059K(9792K), 0.0018023 secs] 17869K->10209K(31680K), 0.0019449 secs] [Times: user=0.00 sys=0.00, real=0.00 secs] 
2014-07-10T09:58:19.292+0200: 45.438: [GC (Allocation Failure) 45.438: [ParNew: 9745K->1059K(9792K), 0.0204386 secs] 18895K->11714K(31680K), 0.0205688 secs] [Times: user=0.00 sys=0.00, real=0.02 secs] 
2014-07-10T09:58:19.342+0200: 45.488: [GC (Allocation Failure) 45.488: [ParNew: 9745K->1059K(9792K), 0.0085244 secs] 20401K->13700K(31680K), 0.0086421 secs] [Times: user=0.00 sys=0.00, real=0.01 secs] 
2014-07-10T09:58:19.354+0200: 45.501: [GC (Allocation Failure) 45.501: [ParNew: 9745K->1059K(9792K), 0.0229541 secs] 22387K->16167K(31680K), 0.0230784 secs] [Times: user=0.00 sys=0.00, real=0.02 secs] 
2014-07-10T09:58:19.392+0200: 45.538: [GC (Allocation Failure) 45.538: [ParNew: 9757K->1059K(9792K), 0.0015530 secs] 24864K->17576K(31680K), 0.0016905 secs] [Times: user=0.00 sys=0.00, real=0.00 secs] 
2014-07-10T09:58:19.442+0200: 45.588: [GC (Allocation Failure) 45.589: [ParNew: 9745K->1059K(9792K), 0.0015930 secs] 26263K->19468K(31680K), 0.0017140 secs] [Times: user=0.00 sys=0.00, real=0.00 secs] 
2014-07-10T09:58:19.444+0200: 45.590: [GC (CMS Initial Mark) [1 CMS-initial-mark: 18408K(21888K)] 19534K(31680K), 0.0001719 secs] [Times: user=0.00 sys=0.00, real=0.00 secs] 
2014-07-10T09:58:19.444+0200: 45.591: [CMS-concurrent-mark-start]
2014-07-10T09:58:19.445+0200: 45.592: [CMS-concurrent-mark: 0.001/0.001 secs] [Times: user=0.00 sys=0.00, real=0.00 secs] 
2014-07-10T09:58:19.445+0200: 45.592: [CMS-concurrent-preclean-start]
2014-07-10T09:58:19.445+0200: 45.592: [CMS-concurrent-preclean: 0.000/0.000 secs] [Times: user=0.00 sys=0.00, real=0.00 secs] 
2014-07-10T09:58:19.446+0200: 45.592: [GC (CMS Final Remark) [YG occupancy: 3110 K (9792 K)]45.592: [Rescan (parallel) , 0.0000902 secs]45.592: [weak refs processing, 0.0000264 secs]45.592: [class unloading, 0.0005375 secs]45.592: [scrub symbol table, 0.0005763 secs]45.593: [scrub string table, 0.0001719 secs][1 CMS-remark: 18408K(21888K)] 21519K(31680K), 0.0015208 secs] [Times: user=0.00 sys=0.00, real=0.00 secs] 
2014-07-10T09:58:19.447+0200: 45.593: [CMS-concurrent-sweep-start]
2014-07-10T09:58:19.448+0200: 45.594: [CMS-concurrent-sweep: 0.000/0.000 secs] [Times: user=0.03 sys=0.00, real=0.00 secs] 
2014-07-10T09:58:19.448+0200: 45.594: [CMS-concurrent-reset-start]
2014-07-10T09:58:19.448+0200: 45.594: [CMS-concurrent-reset: 0.000/0.000 secs] [Times: user=0.00 sys=0.00, real=0.00 secs] 
2014-07-10T09:58:19.450+0200: 45.596: [GC (Allocation Failure) 45.596: [ParNew: 9745K->1059K(9792K), 0.0022591 secs] 12067K->5751K(31680K), 0.0023900 secs] [Times: user=0.00 sys=0.00, real=0.00 secs] 
2014-07-10T09:58:19.493+0200: 45.640: [GC (Allocation Failure) 45.640: [ParNew: 9745K->1059K(9792K), 0.0046950 secs] 14437K->8601K(31680K), 0.0050088 secs] [Times: user=0.03 sys=0.00, real=0.00 secs] 
2014-07-10T09:58:19.543+0200: 45.690: [GC (Allocation Failure) 45.690: [ParNew: 9745K->1059K(9792K), 0.0054737 secs] 17288K->11932K(31680K), 0.0057571 secs] [Times: user=0.00 sys=0.00, real=0.01 secs] 
2014-07-10T09:58:19.556+0200: 45.702: [GC (Allocation Failure) 45.702: [ParNew: 9745K->1059K(9792K), 0.0067701 secs] 20618K->15743K(31680K), 0.0070634 secs] [Times: user=0.02 sys=0.00, real=0.01 secs] 
2014-07-10T09:58:19.564+0200: 45.710: [GC (CMS Initial Mark) [1 CMS-initial-mark: 14683K(21888K)] 16129K(31680K), 0.0004147 secs] [Times: user=0.00 sys=0.00, real=0.00 secs] 
2014-07-10T09:58:19.564+0200: 45.710: [CMS-concurrent-mark-start]
2014-07-10T09:58:19.566+0200: 45.713: [CMS-concurrent-mark: 0.002/0.002 secs] [Times: user=0.00 sys=0.00, real=0.00 secs] 
2014-07-10T09:58:19.566+0200: 45.713: [CMS-concurrent-preclean-start]
2014-07-10T09:58:19.567+0200: 45.713: [CMS-concurrent-preclean: 0.000/0.000 secs] [Times: user=0.00 sys=0.00, real=0.00 secs] 
2014-07-10T09:58:19.567+0200: 45.713: [CMS-concurrent-abortable-preclean-start]
2014-07-10T09:58:19.592+0200: 45.739: [GC (Allocation Failure) 45.739: [ParNew: 9745K->1059K(9792K), 0.0044112 secs] 24429K->20034K(31680K), 0.0045682 secs] [Times: user=0.00 sys=0.00, real=0.00 secs] 
2014-07-10T09:58:19.598+0200: 45.745: [CMS-concurrent-abortable-preclean: 0.001/0.031 secs] [Times: user=0.00 sys=0.00, real=0.03 secs] 
2014-07-10T09:58:19.599+0200: 45.745: [GC (CMS Final Remark) [YG occupancy: 4435 K (9792 K)]45.745: [Rescan (parallel) , 0.0002126 secs]45.745: [weak refs processing, 0.0000396 secs]45.745: [class unloading, 0.0007153 secs]45.746: [scrub symbol table, 0.0007410 secs]45.747: [scrub string table, 0.0002544 secs][1 CMS-remark: 18975K(21888K)] 23411K(31680K), 0.0021598 secs] [Times: user=0.00 sys=0.00, real=0.00 secs] 
2014-07-10T09:58:19.601+0200: 45.747: [CMS-concurrent-sweep-start]
2014-07-10T09:58:19.601+0200: 45.747: [CMS-concurrent-sweep: 0.000/0.000 secs] [Times: user=0.00 sys=0.00, real=0.00 secs] 
2014-07-10T09:58:19.601+0200: 45.747: [CMS-concurrent-reset-start]
2014-07-10T09:58:19.601+0200: 45.748: [CMS-concurrent-reset: 0.000/0.000 secs] [Times: user=0.00 sys=0.00, real=0.00 secs] 
2014-07-10T09:58:19.643+0200: 45.790: [GC (Allocation Failure) 45.790: [ParNew: 9751K->1061K(9792K), 0.0063496 secs] 18284K->13342K(31680K), 0.0066066 secs] [Times: user=0.00 sys=0.00, real=0.01 secs] 
2014-07-10T09:58:19.650+0200: 45.797: [GC (CMS Initial Mark) [1 CMS-initial-mark: 12280K(21888K)] 13374K(31680K), 0.0005547 secs] [Times: user=0.00 sys=0.02, real=0.00 secs] 
2014-07-10T09:58:19.651+0200: 45.798: [CMS-concurrent-mark-start]
2014-07-10T09:58:19.653+0200: 45.800: [CMS-concurrent-mark: 0.002/0.002 secs] [Times: user=0.00 sys=0.00, real=0.00 secs] 
2014-07-10T09:58:19.654+0200: 45.800: [CMS-concurrent-preclean-start]
2014-07-10T09:58:19.654+0200: 45.800: [CMS-concurrent-preclean: 0.000/0.000 secs] [Times: user=0.00 sys=0.00, real=0.00 secs] 
2014-07-10T09:58:19.654+0200: 45.800: [CMS-concurrent-abortable-preclean-start]
2014-07-10T09:58:19.658+0200: 45.805: [GC (Allocation Failure) 45.805: [ParNew: 9747K->1059K(9792K), 0.0067972 secs] 22028K->17567K(31680K), 0.0071004 secs] [Times: user=0.02 sys=0.00, real=0.01 secs] 
2014-07-10T09:58:19.693+0200: 45.839: [GC (Allocation Failure) 45.839: [ParNew: 9745K->1059K(9792K), 0.0045671 secs] 26254K->22275K(31680K), 0.0047273 secs] [Times: user=0.03 sys=0.00, real=0.00 secs] 
2014-07-10T09:58:19.698+0200: 45.844: [CMS-concurrent-abortable-preclean: 0.001/0.044 secs] [Times: user=0.05 sys=0.00, real=0.04 secs] 
2014-07-10T09:58:19.698+0200: 45.844: [GC (CMS Final Remark) [YG occupancy: 1189 K (9792 K)]45.844: [Rescan (parallel) , 0.0001639 secs]45.844: [weak refs processing, 0.0000319 secs]45.844: [class unloading, 0.0005386 secs]45.845: [scrub symbol table, 0.0006071 secs]45.845: [scrub string table, 0.0001822 secs][1 CMS-remark: 21215K(21888K)] 22405K(31680K), 0.0016667 secs] [Times: user=0.00 sys=0.00, real=0.00 secs] 
2014-07-10T09:58:19.700+0200: 45.846: [CMS-concurrent-sweep-start]
2014-07-10T09:58:19.700+0200: 45.846: [CMS-concurrent-sweep: 0.000/0.000 secs] [Times: user=0.00 sys=0.00, real=0.00 secs] 
2014-07-10T09:58:19.700+0200: 45.846: [CMS-concurrent-reset-start]
2014-07-10T09:58:19.700+0200: 45.846: [CMS-concurrent-reset: 0.000/0.000 secs] [Times: user=0.00 sys=0.00, real=0.00 secs] 
2014-07-10T09:58:19.744+0200: 45.890: [GC (Allocation Failure) 45.890: [ParNew: 9745K->1059K(9792K), 0.0081241 secs] 22858K->19360K(31680K), 0.0084049 secs] [Times: user=0.00 sys=0.00, real=0.01 secs] 
2014-07-10T09:58:19.753+0200: 45.899: [GC (CMS Initial Mark) [1 CMS-initial-mark: 18300K(21888K)] 19426K(31680K), 0.0003773 secs] [Times: user=0.00 sys=0.00, real=0.00 secs] 
2014-07-10T09:58:19.754+0200: 45.900: [CMS-concurrent-mark-start]
2014-07-10T09:58:19.756+0200: 45.902: [CMS-concurrent-mark: 0.002/0.002 secs] [Times: user=0.00 sys=0.00, real=0.00 secs] 
2014-07-10T09:58:19.756+0200: 45.902: [CMS-concurrent-preclean-start]
2014-07-10T09:58:19.756+0200: 45.902: [CMS-concurrent-preclean: 0.000/0.000 secs] [Times: user=0.00 sys=0.00, real=0.00 secs] 
2014-07-10T09:58:19.756+0200: 45.902: [CMS-concurrent-abortable-preclean-start]
2014-07-10T09:58:19.756+0200: 45.902: [CMS-concurrent-abortable-preclean: 0.000/0.000 secs] [Times: user=0.00 sys=0.00, real=0.00 secs] 
2014-07-10T09:58:19.756+0200: 45.902: [GC (CMS Final Remark) [YG occupancy: 5001 K (9792 K)]45.902: [Rescan (parallel) , 0.0001727 secs]45.903: [weak refs processing, 0.0000370 secs]45.903: [class unloading, 0.0007974 secs]45.904: [scrub symbol table, 0.0007439 secs]45.904: [scrub string table, 0.0002354 secs][1 CMS-remark: 18300K(21888K)] 23302K(31680K), 0.0021829 secs] [Times: user=0.00 sys=0.00, real=0.00 secs] 
2014-07-10T09:58:19.759+0200: 45.905: [CMS-concurrent-sweep-start]
2014-07-10T09:58:19.759+0200: 45.905: [CMS-concurrent-sweep: 0.000/0.000 secs] [Times: user=0.00 sys=0.00, real=0.00 secs] 
2014-07-10T09:58:19.759+0200: 45.905: [CMS-concurrent-reset-start]
2014-07-10T09:58:19.759+0200: 45.905: [CMS-concurrent-reset: 0.000/0.000 secs] [Times: user=0.00 sys=0.00, real=0.00 secs] 
2014-07-10T09:58:19.761+0200: 45.907: [GC (Allocation Failure) 45.907: [ParNew: 9745K->1059K(9792K), 0.0052105 secs] 15364K->12346K(31680K), 0.0053454 secs] [Times: user=0.00 sys=0.00, real=0.01 secs] 
2014-07-10T09:58:19.766+0200: 45.912: [GC (CMS Initial Mark) [1 CMS-initial-mark: 11287K(21888K)] 12378K(31680K), 0.0002266 secs] [Times: user=0.00 sys=0.00, real=0.00 secs] 
2014-07-10T09:58:19.767+0200: 45.913: [CMS-concurrent-mark-start]
2014-07-10T09:58:19.768+0200: 45.914: [CMS-concurrent-mark: 0.001/0.001 secs] [Times: user=0.00 sys=0.00, real=0.00 secs] 
2014-07-10T09:58:19.768+0200: 45.914: [CMS-concurrent-preclean-start]
2014-07-10T09:58:19.768+0200: 45.914: [CMS-concurrent-preclean: 0.000/0.000 secs] [Times: user=0.00 sys=0.00, real=0.00 secs] 
2014-07-10T09:58:19.768+0200: 45.914: [GC (CMS Final Remark) [YG occupancy: 2534 K (9792 K)]45.914: [Rescan (parallel) , 0.0001485 secs]45.914: [weak refs processing, 0.0000356 secs]45.914: [class unloading, 0.0005345 secs]45.915: [scrub symbol table, 0.0007193 secs]45.916: [scrub string table, 0.0002676 secs][1 CMS-remark: 11287K(21888K)] 13821K(31680K), 0.0018867 secs] [Times: user=0.00 sys=0.00, real=0.00 secs] 
2014-07-10T09:58:19.770+0200: 45.916: [CMS-concurrent-sweep-start]
2014-07-10T09:58:19.770+0200: 45.916: [CMS-concurrent-sweep: 0.000/0.000 secs] [Times: user=0.00 sys=0.00, real=0.00 secs] 
2014-07-10T09:58:19.770+0200: 45.916: [CMS-concurrent-reset-start]
2014-07-10T09:58:19.770+0200: 45.917: [CMS-concurrent-reset: 0.000/0.000 secs] [Times: user=0.00 sys=0.00, real=0.00 secs] 
2014-07-10T09:58:19.793+0200: 45.939: [GC (Allocation Failure) 45.940: [ParNew: 9745K->1059K(9792K), 0.0058546 secs] 15844K->13305K(31680K), 0.0060119 secs] [Times: user=0.00 sys=0.00, real=0.01 secs] 
2014-07-10T09:58:19.800+0200: 45.946: [GC (CMS Initial Mark) [1 CMS-initial-mark: 12246K(21888K)] 13372K(31680K), 0.0002662 secs] [Times: user=0.00 sys=0.00, real=0.00 secs] 
2014-07-10T09:58:19.800+0200: 45.946: [CMS-concurrent-mark-start]
2014-07-10T09:58:19.801+0200: 45.947: [CMS-concurrent-mark: 0.001/0.001 secs] [Times: user=0.00 sys=0.00, real=0.00 secs] 
2014-07-10T09:58:19.801+0200: 45.947: [CMS-concurrent-preclean-start]
2014-07-10T09:58:19.801+0200: 45.947: [CMS-concurrent-preclean: 0.000/0.000 secs] [Times: user=0.00 sys=0.00, real=0.00 secs] 
2014-07-10T09:58:19.801+0200: 45.947: [GC (CMS Final Remark) [YG occupancy: 2054 K (9792 K)]45.947: [Rescan (parallel) , 0.0001437 secs]45.948: [weak refs processing, 0.0000359 secs]45.948: [class unloading, 0.0005507 secs]45.948: [scrub symbol table, 0.0007333 secs]45.949: [scrub string table, 0.0002361 secs][1 CMS-remark: 12246K(21888K)] 14300K(31680K), 0.0018804 secs] [Times: user=0.00 sys=0.00, real=0.00 secs] 
2014-07-10T09:58:19.803+0200: 45.949: [CMS-concurrent-sweep-start]
2014-07-10T09:58:19.803+0200: 45.950: [CMS-concurrent-sweep: 0.000/0.000 secs] [Times: user=0.00 sys=0.00, real=0.00 secs] 
2014-07-10T09:58:19.804+0200: 45.950: [CMS-concurrent-reset-start]
2014-07-10T09:58:19.804+0200: 45.950: [CMS-concurrent-reset: 0.000/0.000 secs] [Times: user=0.00 sys=0.00, real=0.00 secs] 
2014-07-10T09:58:19.844+0200: 45.990: [GC (Allocation Failure) 45.990: [ParNew: 9745K->1059K(9792K), 0.0061883 secs] 16324K->14266K(31680K), 0.0063470 secs] [Times: user=0.00 sys=0.00, real=0.01 secs] 
2014-07-10T09:58:19.851+0200: 45.997: [GC (CMS Initial Mark) [1 CMS-initial-mark: 13206K(21888K)] 14332K(31680K), 0.0002277 secs] [Times: user=0.00 sys=0.00, real=0.00 secs] 
2014-07-10T09:58:19.851+0200: 45.997: [CMS-concurrent-mark-start]
2014-07-10T09:58:19.852+0200: 45.998: [CMS-concurrent-mark: 0.001/0.001 secs] [Times: user=0.00 sys=0.00, real=0.00 secs] 
2014-07-10T09:58:19.852+0200: 45.998: [CMS-concurrent-preclean-start]
2014-07-10T09:58:19.852+0200: 45.998: [CMS-concurrent-preclean: 0.000/0.000 secs] [Times: user=0.00 sys=0.00, real=0.00 secs] 
2014-07-10T09:58:19.852+0200: 45.998: [CMS-concurrent-abortable-preclean-start]
2014-07-10T09:58:19.855+0200: 46.001: [GC (Allocation Failure) 46.001: [ParNew: 9745K->1059K(9792K), 0.0065355 secs] 22952K->21375K(31680K), 0.0067217 secs] [Times: user=0.00 sys=0.00, real=0.01 secs] 
2014-07-10T09:58:19.863+0200: 46.010: [CMS-concurrent-abortable-preclean: 0.001/0.011 secs] [Times: user=0.01 sys=0.00, real=0.01 secs] 
2014-07-10T09:58:19.863+0200: 46.010: [GC (CMS Final Remark) [YG occupancy: 3292 K (9792 K)]46.010: [Rescan (parallel) , 0.0001749 secs]46.010: [weak refs processing, 0.0000374 secs]46.010: [class unloading, 0.0005815 secs]46.011: [scrub symbol table, 0.0007358 secs]46.011: [scrub string table, 0.0002339 secs][1 CMS-remark: 20315K(21888K)] 23607K(31680K), 0.0019655 secs] [Times: user=0.00 sys=0.00, real=0.00 secs] 
2014-07-10T09:58:19.866+0200: 46.012: [CMS-concurrent-sweep-start]
2014-07-10T09:58:19.866+0200: 46.012: [CMS-concurrent-sweep: 0.000/0.000 secs] [Times: user=0.00 sys=0.00, real=0.00 secs] 
2014-07-10T09:58:19.866+0200: 46.012: [CMS-concurrent-reset-start]
2014-07-10T09:58:19.866+0200: 46.012: [CMS-concurrent-reset: 0.000/0.000 secs] [Times: user=0.00 sys=0.00, real=0.00 secs] 
2014-07-10T09:58:19.892+0200: 46.039: [GC (Allocation Failure) 46.039: [ParNew: 9736K->9736K(9792K), 0.0000447 secs]46.039: [CMS: 14167K->6866K(21888K), 0.0068926 secs] 23904K->6866K(31680K), [Metaspace: 2457K->2457K(1056768K)], 0.0071730 secs] [Times: user=0.02 sys=0.00, real=0.01 secs] 
2014-07-10T09:58:19.943+0200: 46.089: [GC (Allocation Failure) 46.089: [ParNew: 8686K->1059K(9792K), 0.0051049 secs] 15552K->13789K(31680K), 0.0052574 secs] [Times: user=0.03 sys=0.00, real=0.00 secs] 
2014-07-10T09:58:19.949+0200: 46.095: [GC (CMS Initial Mark) [1 CMS-initial-mark: 12729K(21888K)] 13821K(31680K), 0.0001866 secs] [Times: user=0.00 sys=0.00, real=0.00 secs] 
2014-07-10T09:58:19.949+0200: 46.095: [CMS-concurrent-mark-start]
2014-07-10T09:58:19.950+0200: 46.096: [CMS-concurrent-mark: 0.001/0.001 secs] [Times: user=0.00 sys=0.00, real=0.00 secs] 
2014-07-10T09:58:19.950+0200: 46.096: [CMS-concurrent-preclean-start]
2014-07-10T09:58:19.950+0200: 46.096: [CMS-concurrent-preclean: 0.000/0.000 secs] [Times: user=0.00 sys=0.00, real=0.00 secs] 
2014-07-10T09:58:19.950+0200: 46.096: [CMS-concurrent-abortable-preclean-start]
2014-07-10T09:58:19.952+0200: 46.099: [GC (Allocation Failure) 46.099: [ParNew: 9745K->1059K(9792K), 0.0054312 secs] 22475K->20129K(31680K), 0.0055899 secs] [Times: user=0.00 sys=0.00, real=0.01 secs] 
2014-07-10T09:58:19.993+0200: 46.139: [GC (Allocation Failure) 46.139: [ParNew: 9745K->9745K(9792K), 0.0000458 secs]46.139: [CMS2014-07-10T09:58:19.993+0200: 46.139: [CMS-concurrent-abortable-preclean: 0.001/0.043 secs] [Times: user=0.00 sys=0.00, real=0.04 secs] 
 (concurrent mode failure): 19069K->8307K(21888K), 0.0076302 secs] 28815K->8307K(31680K), [Metaspace: 2457K->2457K(1056768K)], 0.0078414 secs] [Times: user=0.02 sys=0.00, real=0.01 secs] 
2014-07-10T09:58:20.044+0200: 46.190: [GC (Allocation Failure) 46.190: [ParNew: 8688K->163K(9792K), 0.0006720 secs] 16995K->8470K(31680K), 0.0007794 secs] [Times: user=0.00 sys=0.00, real=0.00 secs] 
2014-07-10T09:58:20.091+0200: 46.238: [GC (Allocation Failure) 46.238: [ParNew: 8849K->645K(9792K), 0.0012440 secs] 17156K->8952K(31680K), 0.0014650 secs] [Times: user=0.00 sys=0.00, real=0.00 secs] 
2014-07-10T09:58:20.141+0200: 46.287: [GC (Allocation Failure) 46.287: [ParNew: 9337K->101K(9792K), 0.0010321 secs] 17644K->8415K(31680K), 0.0012128 secs] [Times: user=0.00 sys=0.00, real=0.00 secs] 
2014-07-10T09:58:20.148+0200: 46.295: [GC (Allocation Failure) 46.295: [ParNew: 8787K->581K(9792K), 0.0017129 secs] 17101K->8895K(31680K), 0.0019347 secs] [Times: user=0.03 sys=0.00, real=0.00 secs] 
2014-07-10T09:58:20.191+0200: 46.337: [GC (Allocation Failure) 46.337: [ParNew: 9267K->1059K(9792K), 0.0009477 secs] 17582K->9376K(31680K), 0.0010665 secs] [Times: user=0.00 sys=0.00, real=0.00 secs] 
2014-07-10T09:58:20.242+0200: 46.388: [GC (Allocation Failure) 46.388: [ParNew: 9745K->1059K(9792K), 0.0013539 secs] 18063K->9858K(31680K), 0.0014856 secs] [Times: user=0.03 sys=0.00, real=0.00 secs] 
2014-07-10T09:58:20.247+0200: 46.393: [GC (Allocation Failure) 46.393: [ParNew: 9745K->1059K(9792K), 0.0017422 secs] 18544K->10819K(31680K), 0.0018966 secs] [Times: user=0.00 sys=0.00, real=0.00 secs] 
2014-07-10T09:58:20.292+0200: 46.438: [GC (Allocation Failure) 46.438: [ParNew: 9745K->1059K(9792K), 0.0021371 secs] 19505K->12261K(31680K), 0.0022745 secs] [Times: user=0.00 sys=0.00, real=0.00 secs] 
2014-07-10T09:58:20.342+0200: 46.488: [GC (Allocation Failure) 46.488: [ParNew: 9745K->1059K(9792K), 0.0018518 secs] 20947K->14183K(31680K), 0.0019911 secs] [Times: user=0.00 sys=0.00, real=0.00 secs] 
2014-07-10T09:58:20.348+0200: 46.495: [GC (Allocation Failure) 46.495: [ParNew: 9745K->1059K(9792K), 0.0025660 secs] 22869K->16585K(31680K), 0.0027039 secs] [Times: user=0.00 sys=0.00, real=0.00 secs] 
2014-07-10T09:58:20.351+0200: 46.497: [GC (CMS Initial Mark) [1 CMS-initial-mark: 15526K(21888K)] 16617K(31680K), 0.0001661 secs] [Times: user=0.00 sys=0.00, real=0.00 secs] 
2014-07-10T09:58:20.351+0200: 46.498: [CMS-concurrent-mark-start]
2014-07-10T09:58:20.352+0200: 46.499: [CMS-concurrent-mark: 0.001/0.001 secs] [Times: user=0.00 sys=0.00, real=0.00 secs] 
2014-07-10T09:58:20.352+0200: 46.499: [CMS-concurrent-preclean-start]
2014-07-10T09:58:20.352+0200: 46.499: [CMS-concurrent-preclean: 0.000/0.000 secs] [Times: user=0.00 sys=0.00, real=0.00 secs] 
2014-07-10T09:58:20.352+0200: 46.499: [CMS-concurrent-abortable-preclean-start]
2014-07-10T09:58:20.393+0200: 46.539: [GC (Allocation Failure) 46.539: [ParNew: 9757K->1059K(9792K), 0.0012487 secs] 25283K->17931K(31680K), 0.0013653 secs] [Times: user=0.00 sys=0.00, real=0.00 secs] 
2014-07-10T09:58:20.443+0200: 46.589: [GC (Allocation Failure) 46.589: [ParNew: 9745K->1059K(9792K), 0.0026448 secs] 26617K->19758K(31680K), 0.0027750 secs] [Times: user=0.02 sys=0.01, real=0.00 secs] 
2014-07-10T09:58:20.450+0200: 46.596: [GC (Allocation Failure) 46.597: [ParNew: 9745K->1059K(9792K), 0.0027196 secs] 28444K->22064K(31680K), 0.0031948 secs] [Times: user=0.00 sys=0.00, real=0.00 secs] 
2014-07-10T09:58:20.454+0200: 46.600: [CMS-concurrent-abortable-preclean: 0.001/0.102 secs] [Times: user=0.05 sys=0.01, real=0.10 secs] 
2014-07-10T09:58:20.454+0200: 46.600: [GC (CMS Final Remark) [YG occupancy: 2726 K (9792 K)]46.600: [Rescan (parallel) , 0.0001045 secs]46.601: [weak refs processing, 0.0000275 secs]46.601: [class unloading, 0.0005587 secs]46.601: [scrub symbol table, 0.0006977 secs]46.602: [scrub string table, 0.0005191 secs][1 CMS-remark: 21005K(21888K)] 23731K(31680K), 0.0020399 secs] [Times: user=0.00 sys=0.00, real=0.00 secs] 
2014-07-10T09:58:20.456+0200: 46.603: [CMS-concurrent-sweep-start]
2014-07-10T09:58:20.457+0200: 46.603: [CMS-concurrent-sweep: 0.000/0.000 secs] [Times: user=0.00 sys=0.00, real=0.00 secs] 
2014-07-10T09:58:20.457+0200: 46.603: [CMS-concurrent-reset-start]
2014-07-10T09:58:20.457+0200: 46.603: [CMS-concurrent-reset: 0.000/0.000 secs] [Times: user=0.00 sys=0.00, real=0.00 secs] 
2014-07-10T09:58:20.493+0200: 46.639: [GC (Allocation Failure) 46.639: [ParNew: 9745K->1059K(9792K), 0.0024395 secs] 18060K->12160K(31680K), 0.0025950 secs] [Times: user=0.00 sys=0.00, real=0.00 secs] 
2014-07-10T09:58:20.542+0200: 46.688: [GC (Allocation Failure) 46.688: [ParNew: 9745K->1059K(9792K), 0.0029429 secs] 20846K->15427K(31680K), 0.0030969 secs] [Times: user=0.00 sys=0.00, real=0.00 secs] 
2014-07-10T09:58:20.545+0200: 46.691: [GC (CMS Initial Mark) [1 CMS-initial-mark: 14367K(21888K)] 15459K(31680K), 0.0001800 secs] [Times: user=0.00 sys=0.00, real=0.00 secs] 
2014-07-10T09:58:20.545+0200: 46.692: [CMS-concurrent-mark-start]
2014-07-10T09:58:20.546+0200: 46.693: [CMS-concurrent-mark: 0.001/0.001 secs] [Times: user=0.00 sys=0.00, real=0.00 secs] 
2014-07-10T09:58:20.546+0200: 46.693: [CMS-concurrent-preclean-start]
2014-07-10T09:58:20.546+0200: 46.693: [CMS-concurrent-preclean: 0.000/0.000 secs] [Times: user=0.00 sys=0.00, real=0.00 secs] 
2014-07-10T09:58:20.546+0200: 46.693: [CMS-concurrent-abortable-preclean-start]
2014-07-10T09:58:20.550+0200: 46.696: [GC (Allocation Failure) 46.696: [ParNew: 9745K->1059K(9792K), 0.0034309 secs] 24113K->19174K(31680K), 0.0035783 secs] [Times: user=0.00 sys=0.00, real=0.00 secs] 
2014-07-10T09:58:20.592+0200: 46.738: [GC (Allocation Failure) 46.739: [ParNew: 9745K->9745K(9792K), 0.0000491 secs]46.739: [CMS2014-07-10T09:58:20.592+0200: 46.739: [CMS-concurrent-abortable-preclean: 0.001/0.046 secs] [Times: user=0.02 sys=0.00, real=0.05 secs] 
 (concurrent mode failure): 18114K->5714K(21888K), 0.0075422 secs] 27860K->5714K(31680K), [Metaspace: 2457K->2457K(1056768K)], 0.0077842 secs] [Times: user=0.00 sys=0.00, real=0.01 secs] 
2014-07-10T09:58:20.642+0200: 46.788: [GC (Allocation Failure) 46.788: [ParNew: 8697K->1061K(9792K), 0.0028593 secs] 14412K->9949K(31680K), 0.0029909 secs] [Times: user=0.00 sys=0.00, real=0.00 secs] 
2014-07-10T09:58:20.649+0200: 46.796: [GC (Allocation Failure) 46.796: [ParNew: 9747K->1059K(9792K), 0.0033348 secs] 18635K->13599K(31680K), 0.0034738 secs] [Times: user=0.00 sys=0.00, real=0.00 secs] 
2014-07-10T09:58:20.653+0200: 46.799: [GC (CMS Initial Mark) [1 CMS-initial-mark: 12540K(21888K)] 13665K(31680K), 0.0001697 secs] [Times: user=0.00 sys=0.00, real=0.00 secs] 
2014-07-10T09:58:20.653+0200: 46.799: [CMS-concurrent-mark-start]
2014-07-10T09:58:20.654+0200: 46.800: [CMS-concurrent-mark: 0.001/0.001 secs] [Times: user=0.00 sys=0.00, real=0.00 secs] 
2014-07-10T09:58:20.654+0200: 46.800: [CMS-concurrent-preclean-start]
2014-07-10T09:58:20.654+0200: 46.800: [CMS-concurrent-preclean: 0.000/0.000 secs] [Times: user=0.00 sys=0.00, real=0.00 secs] 
2014-07-10T09:58:20.654+0200: 46.800: [CMS-concurrent-abortable-preclean-start]
2014-07-10T09:58:20.694+0200: 46.840: [GC (Allocation Failure) 46.841: [ParNew: 9745K->1059K(9792K), 0.0067591 secs] 22285K->17730K(31680K), 0.0070359 secs] [Times: user=0.03 sys=0.00, real=0.01 secs] 
2014-07-10T09:58:20.744+0200: 46.890: [GC (Allocation Failure) 46.890: [ParNew: 9745K->9745K(9792K), 0.0000627 secs]46.891: [CMS2014-07-10T09:58:20.744+0200: 46.891: [CMS-concurrent-abortable-preclean: 0.001/0.090 secs] [Times: user=0.05 sys=0.00, real=0.09 secs] 
 (concurrent mode failure): 16671K->6099K(21888K), 0.0080617 secs] 26417K->6099K(31680K), [Metaspace: 2457K->2457K(1056768K)], 0.0083176 secs] [Times: user=0.00 sys=0.00, real=0.01 secs] 
2014-07-10T09:58:20.757+0200: 46.904: [GC (Allocation Failure) 46.904: [ParNew: 8686K->1059K(9792K), 0.0044739 secs] 14785K->12253K(31680K), 0.0046671 secs] [Times: user=0.02 sys=0.00, real=0.01 secs] 
2014-07-10T09:58:20.763+0200: 46.909: [GC (CMS Initial Mark) [1 CMS-initial-mark: 11193K(21888K)] 12319K(31680K), 0.0002317 secs] [Times: user=0.00 sys=0.00, real=0.00 secs] 
2014-07-10T09:58:20.763+0200: 46.909: [CMS-concurrent-mark-start]
2014-07-10T09:58:20.764+0200: 46.910: [CMS-concurrent-mark: 0.001/0.001 secs] [Times: user=0.00 sys=0.00, real=0.00 secs] 
2014-07-10T09:58:20.764+0200: 46.910: [CMS-concurrent-preclean-start]
2014-07-10T09:58:20.764+0200: 46.911: [CMS-concurrent-preclean: 0.000/0.000 secs] [Times: user=0.00 sys=0.00, real=0.00 secs] 
2014-07-10T09:58:20.764+0200: 46.911: [CMS-concurrent-abortable-preclean-start]
2014-07-10T09:58:20.792+0200: 46.939: [GC (Allocation Failure) 46.939: [ParNew: 9745K->1059K(9792K), 0.0051661 secs] 20939K->17825K(31680K), 0.0053098 secs] [Times: user=0.00 sys=0.00, real=0.01 secs] 
2014-07-10T09:58:20.845+0200: 46.992: [GC (Allocation Failure) 46.992: [ParNew: 9745K->9745K(9792K), 0.0001532 secs]46.992: [CMS2014-07-10T09:58:20.846+0200: 46.992: [CMS-concurrent-abortable-preclean: 0.001/0.082 secs] [Times: user=0.00 sys=0.00, real=0.08 secs] 
 (concurrent mode failure): 16765K->7539K(21888K), 0.0157194 secs] 26511K->7539K(31680K), [Metaspace: 2457K->2457K(1056768K)], 0.0164769 secs] [Times: user=0.01 sys=0.00, real=0.02 secs] 
2014-07-10T09:58:20.868+0200: 47.014: [GC (Allocation Failure) 47.014: [ParNew: 8697K->1061K(9792K), 0.0050829 secs] 16237K->14496K(31680K), 0.0052240 secs] [Times: user=0.00 sys=0.00, real=0.00 secs] 
2014-07-10T09:58:20.874+0200: 47.020: [GC (CMS Initial Mark) [1 CMS-initial-mark: 13434K(21888K)] 14562K(31680K), 0.0003982 secs] [Times: user=0.00 sys=0.00, real=0.00 secs] 
2014-07-10T09:58:20.874+0200: 47.020: [CMS-concurrent-mark-start]
2014-07-10T09:58:20.875+0200: 47.021: [CMS-concurrent-mark: 0.001/0.001 secs] [Times: user=0.00 sys=0.00, real=0.00 secs] 
2014-07-10T09:58:20.875+0200: 47.021: [CMS-concurrent-preclean-start]
2014-07-10T09:58:20.875+0200: 47.021: [CMS-concurrent-preclean: 0.000/0.000 secs] [Times: user=0.00 sys=0.00, real=0.00 secs] 
2014-07-10T09:58:20.875+0200: 47.021: [CMS-concurrent-abortable-preclean-start]
2014-07-10T09:58:20.893+0200: 47.039: [GC (Allocation Failure) 47.039: [ParNew: 9753K->1059K(9792K), 0.0051749 secs] 23188K->19843K(31680K), 0.0053381 secs] [Times: user=0.00 sys=0.00, real=0.01 secs] 
2014-07-10T09:58:20.945+0200: 47.091: [GC (Allocation Failure) 47.091: [ParNew: 9745K->9745K(9792K), 0.0000957 secs]47.091: [CMS2014-07-10T09:58:20.945+0200: 47.091: [CMS-concurrent-abortable-preclean: 0.001/0.070 secs] [Times: user=0.03 sys=0.02, real=0.07 secs] 
 (concurrent mode failure): 18783K->7317K(21888K), 0.0133195 secs] 28529K->7317K(31680K), [Metaspace: 2457K->2457K(1056768K)], 0.0136641 secs] [Times: user=0.00 sys=0.00, real=0.01 secs] 
2014-07-10T09:58:20.963+0200: 47.109: [GC (Allocation Failure) 47.109: [ParNew: 8686K->1059K(9792K), 0.0058499 secs] 16003K->14687K(31680K), 0.0060299 secs] [Times: user=0.00 sys=0.00, real=0.01 secs] 
2014-07-10T09:58:20.969+0200: 47.115: [GC (CMS Initial Mark) [1 CMS-initial-mark: 13628K(21888K)] 14753K(31680K), 0.0002654 secs] [Times: user=0.00 sys=0.00, real=0.00 secs] 
2014-07-10T09:58:20.969+0200: 47.115: [CMS-concurrent-mark-start]
2014-07-10T09:58:20.970+0200: 47.116: [CMS-concurrent-mark: 0.001/0.001 secs] [Times: user=0.00 sys=0.00, real=0.00 secs] 
2014-07-10T09:58:20.970+0200: 47.117: [CMS-concurrent-preclean-start]
2014-07-10T09:58:20.970+0200: 47.117: [CMS-concurrent-preclean: 0.000/0.000 secs] [Times: user=0.00 sys=0.00, real=0.00 secs] 
2014-07-10T09:58:20.971+0200: 47.117: [GC (CMS Final Remark) [YG occupancy: 1893 K (9792 K)]47.117: [Rescan (parallel) , 0.0001423 secs]47.117: [weak refs processing, 0.0000356 secs]47.117: [class unloading, 0.0005254 secs]47.118: [scrub symbol table, 0.0007344 secs]47.118: [scrub string table, 0.0002302 secs][1 CMS-remark: 13628K(21888K)] 15522K(31680K), 0.0018449 secs] [Times: user=0.00 sys=0.00, real=0.00 secs] 
2014-07-10T09:58:20.973+0200: 47.119: [CMS-concurrent-sweep-start]
2014-07-10T09:58:20.973+0200: 47.119: [CMS-concurrent-sweep: 0.000/0.000 secs] [Times: user=0.00 sys=0.00, real=0.00 secs] 
2014-07-10T09:58:20.973+0200: 47.119: [CMS-concurrent-reset-start]
2014-07-10T09:58:20.973+0200: 47.119: [CMS-concurrent-reset: 0.000/0.000 secs] [Times: user=0.00 sys=0.00, real=0.00 secs] 
2014-07-10T09:58:20.995+0200: 47.141: [GC (Allocation Failure) 47.141: [ParNew: 9745K->1059K(9792K), 0.0053722 secs] 16488K->14590K(31680K), 0.0054990 secs] [Times: user=0.00 sys=0.00, real=0.01 secs] 
2014-07-10T09:58:21.000+0200: 47.147: [GC (CMS Initial Mark) [1 CMS-initial-mark: 13531K(21888K)] 14622K(31680K), 0.0001884 secs] [Times: user=0.00 sys=0.00, real=0.00 secs] 
2014-07-10T09:58:21.001+0200: 47.147: [CMS-concurrent-mark-start]
2014-07-10T09:58:21.001+0200: 47.148: [CMS-concurrent-mark: 0.001/0.001 secs] [Times: user=0.00 sys=0.00, real=0.00 secs] 
2014-07-10T09:58:21.001+0200: 47.148: [CMS-concurrent-preclean-start]
2014-07-10T09:58:21.001+0200: 47.148: [CMS-concurrent-preclean: 0.000/0.000 secs] [Times: user=0.00 sys=0.00, real=0.00 secs] 
2014-07-10T09:58:21.002+0200: 47.148: [GC (CMS Final Remark) [YG occupancy: 1413 K (9792 K)]47.148: [Rescan (parallel) , 0.0000876 secs]47.148: [weak refs processing, 0.0000268 secs]47.148: [class unloading, 0.0004319 secs]47.148: [scrub symbol table, 0.0005928 secs]47.149: [scrub string table, 0.0001558 secs][1 CMS-remark: 13531K(21888K)] 14944K(31680K), 0.0014218 secs] [Times: user=0.00 sys=0.00, real=0.00 secs] 
2014-07-10T09:58:21.003+0200: 47.150: [CMS-concurrent-sweep-start]
2014-07-10T09:58:21.003+0200: 47.150: [CMS-concurrent-sweep: 0.000/0.000 secs] [Times: user=0.00 sys=0.00, real=0.00 secs] 
2014-07-10T09:58:21.004+0200: 47.150: [CMS-concurrent-reset-start]
2014-07-10T09:58:21.004+0200: 47.150: [CMS-concurrent-reset: 0.000/0.000 secs] [Times: user=0.00 sys=0.00, real=0.00 secs] 
2014-07-10T09:58:21.043+0200: 47.190: [GC (Allocation Failure) 47.190: [ParNew: 9747K->131K(9792K), 0.0006544 secs] 16970K->7355K(31680K), 0.0007732 secs] [Times: user=0.00 sys=0.00, real=0.00 secs] 
2014-07-10T09:58:21.091+0200: 47.238: [GC (Allocation Failure) 47.238: [ParNew: 8828K->621K(9792K), 0.0008018 secs] 16052K->7845K(31680K), 0.0009367 secs] [Times: user=0.00 sys=0.00, real=0.00 secs] 
2014-07-10T09:58:21.141+0200: 47.288: [GC (Allocation Failure) 47.288: [ParNew: 9302K->69K(9792K), 0.0009815 secs] 16526K->7295K(31680K), 0.0011472 secs] [Times: user=0.00 sys=0.00, real=0.00 secs] 
2014-07-10T09:58:21.150+0200: 47.297: [GC (Allocation Failure) 47.297: [ParNew: 8755K->550K(9792K), 0.0014518 secs] 15981K->7777K(31680K), 0.0016887 secs] [Times: user=0.00 sys=0.00, real=0.00 secs] 
2014-07-10T09:58:21.191+0200: 47.337: [GC (Allocation Failure) 47.337: [ParNew: 9236K->1027K(9792K), 0.0007281 secs] 16463K->8257K(31680K), 0.0008121 secs] [Times: user=0.00 sys=0.00, real=0.00 secs] 
2014-07-10T09:58:21.242+0200: 47.388: [GC (Allocation Failure) 47.388: [ParNew: 9713K->1059K(9792K), 0.0019680 secs] 16943K->8738K(31680K), 0.0021675 secs] [Times: user=0.00 sys=0.00, real=0.00 secs] 
2014-07-10T09:58:21.250+0200: 47.397: [GC (Allocation Failure) 47.397: [ParNew: 9745K->1059K(9792K), 0.0028325 secs] 17424K->9668K(31680K), 0.0030973 secs] [Times: user=0.00 sys=0.00, real=0.00 secs] 
2014-07-10T09:58:21.305+0200: 47.451: [GC (Allocation Failure) 47.451: [ParNew: 9745K->1059K(9792K), 0.0025132 secs] 18354K->11078K(31680K), 0.0026595 secs] [Times: user=0.00 sys=0.00, real=0.00 secs] 
2014-07-10T09:58:21.342+0200: 47.488: [GC (Allocation Failure) 47.488: [ParNew: 9745K->1059K(9792K), 0.0017983 secs] 19764K->12968K(31680K), 0.0019435 secs] [Times: user=0.00 sys=0.00, real=0.00 secs] 
2014-07-10T09:58:21.348+0200: 47.495: [GC (Allocation Failure) 47.495: [ParNew: 9745K->1059K(9792K), 0.0026518 secs] 21654K->15338K(31680K), 0.0028120 secs] [Times: user=0.03 sys=0.00, real=0.00 secs] 
2014-07-10T09:58:21.392+0200: 47.538: [GC (Allocation Failure) 47.538: [ParNew: 9760K->1059K(9792K), 0.0091216 secs] 24039K->16139K(31680K), 0.0092291 secs] [Times: user=0.02 sys=0.00, real=0.01 secs] 
2014-07-10T09:58:21.441+0200: 47.588: [GC (Allocation Failure) 47.588: [ParNew: 9745K->1059K(9792K), 0.0011208 secs] 24825K->17423K(31680K), 0.0012370 secs] [Times: user=0.00 sys=0.00, real=0.00 secs] 
2014-07-10T09:58:21.446+0200: 47.593: [GC (Allocation Failure) 47.593: [ParNew: 9745K->1059K(9792K), 0.0020879 secs] 26109K->19185K(31680K), 0.0022555 secs] [Times: user=0.00 sys=0.00, real=0.00 secs] 
2014-07-10T09:58:21.449+0200: 47.595: [GC (CMS Initial Mark) [1 CMS-initial-mark: 18125K(21888K)] 19217K(31680K), 0.0001939 secs] [Times: user=0.00 sys=0.00, real=0.00 secs] 
2014-07-10T09:58:21.449+0200: 47.595: [CMS-concurrent-mark-start]
2014-07-10T09:58:21.450+0200: 47.596: [CMS-concurrent-mark: 0.001/0.001 secs] [Times: user=0.00 sys=0.00, real=0.00 secs] 
2014-07-10T09:58:21.450+0200: 47.596: [CMS-concurrent-preclean-start]
2014-07-10T09:58:21.450+0200: 47.596: [CMS-concurrent-preclean: 0.000/0.000 secs] [Times: user=0.00 sys=0.00, real=0.00 secs] 
2014-07-10T09:58:21.450+0200: 47.596: [GC (CMS Final Remark) [YG occupancy: 3304 K (9792 K)]47.597: [Rescan (parallel) , 0.0000931 secs]47.597: [weak refs processing, 0.0000282 secs]47.597: [class unloading, 0.0005136 secs]47.597: [scrub symbol table, 0.0005639 secs]47.598: [scrub string table, 0.0001734 secs][1 CMS-remark: 18125K(21888K)] 21430K(31680K), 0.0014966 secs] [Times: user=0.00 sys=0.00, real=0.00 secs] 
2014-07-10T09:58:21.452+0200: 47.598: [CMS-concurrent-sweep-start]
2014-07-10T09:58:21.452+0200: 47.598: [CMS-concurrent-sweep: 0.000/0.000 secs] [Times: user=0.00 sys=0.00, real=0.00 secs] 
2014-07-10T09:58:21.452+0200: 47.598: [CMS-concurrent-reset-start]
2014-07-10T09:58:21.452+0200: 47.599: [CMS-concurrent-reset: 0.000/0.000 secs] [Times: user=0.00 sys=0.00, real=0.00 secs] 
2014-07-10T09:58:21.492+0200: 47.638: [GC (Allocation Failure) 47.638: [ParNew: 9745K->1059K(9792K), 0.0018812 secs] 11944K->5500K(31680K), 0.0020062 secs] [Times: user=0.00 sys=0.00, real=0.00 secs] 
2014-07-10T09:58:21.543+0200: 47.689: [GC (Allocation Failure) 47.689: [ParNew: 9745K->1059K(9792K), 0.0041440 secs] 14186K->8222K(31680K), 0.0046393 secs] [Times: user=0.00 sys=0.00, real=0.01 secs] 
2014-07-10T09:58:21.554+0200: 47.701: [GC (Allocation Failure) 47.701: [ParNew: 9745K->1059K(9792K), 0.0042019 secs] 16909K->11425K(31680K), 0.0044626 secs] [Times: user=0.00 sys=0.00, real=0.01 secs] 
2014-07-10T09:58:21.592+0200: 47.739: [GC (Allocation Failure) 47.739: [ParNew: 9745K->1059K(9792K), 0.0035867 secs] 20111K->15108K(31680K), 0.0037399 secs] [Times: user=0.00 sys=0.00, real=0.00 secs] 
2014-07-10T09:58:21.596+0200: 47.743: [GC (CMS Initial Mark) [1 CMS-initial-mark: 14048K(21888K)] 15174K(31680K), 0.0002808 secs] [Times: user=0.00 sys=0.00, real=0.00 secs] 
2014-07-10T09:58:21.597+0200: 47.743: [CMS-concurrent-mark-start]
2014-07-10T09:58:21.598+0200: 47.744: [CMS-concurrent-mark: 0.001/0.001 secs] [Times: user=0.00 sys=0.00, real=0.00 secs] 
2014-07-10T09:58:21.598+0200: 47.744: [CMS-concurrent-preclean-start]
2014-07-10T09:58:21.598+0200: 47.744: [CMS-concurrent-preclean: 0.000/0.000 secs] [Times: user=0.00 sys=0.00, real=0.00 secs] 
2014-07-10T09:58:21.598+0200: 47.744: [CMS-concurrent-abortable-preclean-start]
2014-07-10T09:58:21.642+0200: 47.789: [GC (Allocation Failure) 47.789: [ParNew: 9751K->1061K(9792K), 0.0028824 secs] 23800K->18248K(31680K), 0.0030401 secs] [Times: user=0.00 sys=0.00, real=0.00 secs] 
2014-07-10T09:58:21.650+0200: 47.796: [GC (Allocation Failure) 47.796: [ParNew: 9747K->1059K(9792K), 0.0038631 secs] 26935K->21866K(31680K), 0.0040204 secs] [Times: user=0.00 sys=0.00, real=0.00 secs] 
2014-07-10T09:58:21.654+0200: 47.801: [CMS-concurrent-abortable-preclean: 0.001/0.056 secs] [Times: user=0.03 sys=0.00, real=0.06 secs] 
2014-07-10T09:58:21.654+0200: 47.801: [GC (CMS Final Remark) [YG occupancy: 1285 K (9792 K)]47.801: [Rescan (parallel) , 0.0002310 secs]47.801: [weak refs processing, 0.0000370 secs]47.801: [class unloading, 0.0005958 secs]47.802: [scrub symbol table, 0.0007281 secs]47.802: [scrub string table, 0.0002310 secs][1 CMS-remark: 20806K(21888K)] 22092K(31680K), 0.0020036 secs] [Times: user=0.00 sys=0.00, real=0.00 secs] 
2014-07-10T09:58:21.657+0200: 47.803: [CMS-concurrent-sweep-start]
2014-07-10T09:58:21.657+0200: 47.803: [CMS-concurrent-sweep: 0.000/0.000 secs] [Times: user=0.00 sys=0.00, real=0.00 secs] 
2014-07-10T09:58:21.657+0200: 47.803: [CMS-concurrent-reset-start]
2014-07-10T09:58:21.657+0200: 47.804: [CMS-concurrent-reset: 0.000/0.000 secs] [Times: user=0.00 sys=0.00, real=0.00 secs] 
2014-07-10T09:58:21.693+0200: 47.839: [GC (Allocation Failure) 47.839: [ParNew: 9745K->1059K(9792K), 0.0038782 secs] 20623K->16036K(31680K), 0.0040329 secs] [Times: user=0.03 sys=0.00, real=0.00 secs] 
2014-07-10T09:58:21.697+0200: 47.843: [GC (CMS Initial Mark) [1 CMS-initial-mark: 14976K(21888K)] 16102K(31680K), 0.0002570 secs] [Times: user=0.00 sys=0.00, real=0.00 secs] 
2014-07-10T09:58:21.697+0200: 47.844: [CMS-concurrent-mark-start]
2014-07-10T09:58:21.698+0200: 47.845: [CMS-concurrent-mark: 0.001/0.001 secs] [Times: user=0.00 sys=0.00, real=0.00 secs] 
2014-07-10T09:58:21.698+0200: 47.845: [CMS-concurrent-preclean-start]
2014-07-10T09:58:21.699+0200: 47.845: [CMS-concurrent-preclean: 0.000/0.000 secs] [Times: user=0.00 sys=0.00, real=0.00 secs] 
2014-07-10T09:58:21.699+0200: 47.845: [CMS-concurrent-abortable-preclean-start]
2014-07-10T09:58:21.745+0200: 47.891: [GC (Allocation Failure) 47.891: [ParNew: 9745K->1059K(9792K), 0.0070484 secs] 24722K->20615K(31680K), 0.0073156 secs] [Times: user=0.00 sys=0.00, real=0.01 secs] 
2014-07-10T09:58:21.754+0200: 47.901: [CMS-concurrent-abortable-preclean: 0.001/0.056 secs] [Times: user=0.00 sys=0.00, real=0.06 secs] 
2014-07-10T09:58:21.755+0200: 47.901: [GC (CMS Final Remark) [YG occupancy: 4139 K (9792 K)]47.901: [Rescan (parallel) , 0.0002830 secs]47.901: [weak refs processing, 0.0000634 secs]47.901: [class unloading, 0.0011717 secs]47.903: [scrub symbol table, 0.0014830 secs]47.904: [scrub string table, 0.0004476 secs][1 CMS-remark: 19556K(21888K)] 23695K(31680K), 0.0038356 secs] [Times: user=0.01 sys=0.00, real=0.00 secs] 
2014-07-10T09:58:21.759+0200: 47.905: [CMS-concurrent-sweep-start]
2014-07-10T09:58:21.760+0200: 47.906: [CMS-concurrent-sweep: 0.001/0.001 secs] [Times: user=0.00 sys=0.00, real=0.00 secs] 
2014-07-10T09:58:21.760+0200: 47.906: [CMS-concurrent-reset-start]
2014-07-10T09:58:21.760+0200: 47.906: [CMS-concurrent-reset: 0.000/0.000 secs] [Times: user=0.00 sys=0.00, real=0.00 secs] 
2014-07-10T09:58:21.762+0200: 47.909: [GC (Allocation Failure) 47.909: [ParNew: 9745K->1059K(9792K), 0.0061516 secs] 18860K->15234K(31680K), 0.0063547 secs] [Times: user=0.00 sys=0.00, real=0.01 secs] 
2014-07-10T09:58:21.769+0200: 47.915: [GC (CMS Initial Mark) [1 CMS-initial-mark: 14174K(21888K)] 15396K(31680K), 0.0002207 secs] [Times: user=0.00 sys=0.00, real=0.00 secs] 
2014-07-10T09:58:21.769+0200: 47.915: [CMS-concurrent-mark-start]
2014-07-10T09:58:21.770+0200: 47.916: [CMS-concurrent-mark: 0.001/0.001 secs] [Times: user=0.00 sys=0.00, real=0.00 secs] 
2014-07-10T09:58:21.770+0200: 47.916: [CMS-concurrent-preclean-start]
2014-07-10T09:58:21.770+0200: 47.916: [CMS-concurrent-preclean: 0.000/0.000 secs] [Times: user=0.00 sys=0.00, real=0.00 secs] 
2014-07-10T09:58:21.770+0200: 47.916: [CMS-concurrent-abortable-preclean-start]
2014-07-10T09:58:21.794+0200: 47.940: [GC (Allocation Failure) 47.941: [ParNew: 9745K->1059K(9792K), 0.0042554 secs] 23920K->20773K(31680K), 0.0044560 secs] [Times: user=0.00 sys=0.00, real=0.01 secs] 
2014-07-10T09:58:21.800+0200: 47.946: [CMS-concurrent-abortable-preclean: 0.001/0.030 secs] [Times: user=0.00 sys=0.00, real=0.03 secs] 
2014-07-10T09:58:21.800+0200: 47.946: [GC (CMS Final Remark) [YG occupancy: 2662 K (9792 K)]47.946: [Rescan (parallel) , 0.0001038 secs]47.946: [weak refs processing, 0.0000304 secs]47.946: [class unloading, 0.0005785 secs]47.947: [scrub symbol table, 0.0008231 secs]47.948: [scrub string table, 0.0002849 secs][1 CMS-remark: 19714K(21888K)] 22376K(31680K), 0.0019919 secs] [Times: user=0.00 sys=0.00, real=0.00 secs] 
2014-07-10T09:58:21.802+0200: 47.948: [CMS-concurrent-sweep-start]
2014-07-10T09:58:21.803+0200: 47.949: [CMS-concurrent-sweep: 0.000/0.000 secs] [Times: user=0.02 sys=0.00, real=0.00 secs] 
2014-07-10T09:58:21.803+0200: 47.949: [CMS-concurrent-reset-start]
2014-07-10T09:58:21.803+0200: 47.949: [CMS-concurrent-reset: 0.000/0.000 secs] [Times: user=0.00 sys=0.00, real=0.00 secs] 
2014-07-10T09:58:21.843+0200: 47.989: [GC (Allocation Failure) 47.989: [ParNew: 9745K->1059K(9792K), 0.0054569 secs] 20781K->18115K(31680K), 0.0056204 secs] [Times: user=0.00 sys=0.00, real=0.01 secs] 
2014-07-10T09:58:21.849+0200: 47.995: [GC (CMS Initial Mark) [1 CMS-initial-mark: 17056K(21888K)] 18437K(31680K), 0.0001892 secs] [Times: user=0.00 sys=0.00, real=0.00 secs] 
2014-07-10T09:58:21.849+0200: 47.995: [CMS-concurrent-mark-start]
2014-07-10T09:58:21.850+0200: 47.996: [CMS-concurrent-mark: 0.001/0.001 secs] [Times: user=0.03 sys=0.00, real=0.00 secs] 
2014-07-10T09:58:21.850+0200: 47.996: [CMS-concurrent-preclean-start]
2014-07-10T09:58:21.850+0200: 47.996: [CMS-concurrent-preclean: 0.000/0.000 secs] [Times: user=0.00 sys=0.00, real=0.00 secs] 
2014-07-10T09:58:21.850+0200: 47.996: [CMS-concurrent-abortable-preclean-start]
2014-07-10T09:58:21.852+0200: 47.998: [GC (Allocation Failure) 47.999: [ParNew: 9745K->9745K(9792K), 0.0000440 secs]47.999: [CMS2014-07-10T09:58:21.852+0200: 47.999: [CMS-concurrent-abortable-preclean: 0.000/0.002 secs] [Times: user=0.00 sys=0.00, real=0.00 secs] 
 (concurrent mode failure): 17056K->7990K(21888K), 0.0076584 secs] 26801K->7990K(31680K), [Metaspace: 2457K->2457K(1056768K)], 0.0078583 secs] [Times: user=0.00 sys=0.00, real=0.01 secs] 
2014-07-10T09:58:21.893+0200: 48.039: [GC (Allocation Failure) 48.039: [ParNew: 8703K->1059K(9792K), 0.0051372 secs] 16693K->14368K(31680K), 0.0052882 secs] [Times: user=0.03 sys=0.00, real=0.01 secs] 
2014-07-10T09:58:21.898+0200: 48.045: [GC (CMS Initial Mark) [1 CMS-initial-mark: 13309K(21888K)] 14400K(31680K), 0.0002255 secs] [Times: user=0.00 sys=0.00, real=0.00 secs] 
2014-07-10T09:58:21.899+0200: 48.045: [CMS-concurrent-mark-start]
2014-07-10T09:58:21.899+0200: 48.046: [CMS-concurrent-mark: 0.001/0.001 secs] [Times: user=0.00 sys=0.00, real=0.00 secs] 
2014-07-10T09:58:21.899+0200: 48.046: [CMS-concurrent-preclean-start]
2014-07-10T09:58:21.899+0200: 48.046: [CMS-concurrent-preclean: 0.000/0.000 secs] [Times: user=0.00 sys=0.00, real=0.00 secs] 
2014-07-10T09:58:21.899+0200: 48.046: [GC (CMS Final Remark) [YG occupancy: 2886 K (9792 K)]48.046: [Rescan (parallel) , 0.0001401 secs]48.046: [weak refs processing, 0.0000257 secs]48.046: [class unloading, 0.0004268 secs]48.046: [scrub symbol table, 0.0005532 secs]48.047: [scrub string table, 0.0001646 secs][1 CMS-remark: 13309K(21888K)] 16195K(31680K), 0.0014240 secs] [Times: user=0.00 sys=0.00, real=0.00 secs] 
2014-07-10T09:58:21.901+0200: 48.047: [CMS-concurrent-sweep-start]
2014-07-10T09:58:21.901+0200: 48.048: [CMS-concurrent-sweep: 0.000/0.000 secs] [Times: user=0.00 sys=0.00, real=0.00 secs] 
2014-07-10T09:58:21.901+0200: 48.048: [CMS-concurrent-reset-start]
2014-07-10T09:58:21.901+0200: 48.048: [CMS-concurrent-reset: 0.000/0.000 secs] [Times: user=0.00 sys=0.00, real=0.00 secs] 
2014-07-10T09:58:21.943+0200: 48.089: [GC (Allocation Failure) 48.089: [ParNew: 9745K->1059K(9792K), 0.0072665 secs] 15497K->12608K(31680K), 0.0074938 secs] [Times: user=0.03 sys=0.00, real=0.01 secs] 
2014-07-10T09:58:21.951+0200: 48.097: [GC (CMS Initial Mark) [1 CMS-initial-mark: 11549K(21888K)] 12675K(31680K), 0.0003762 secs] [Times: user=0.00 sys=0.00, real=0.00 secs] 
2014-07-10T09:58:21.951+0200: 48.098: [CMS-concurrent-mark-start]
2014-07-10T09:58:21.954+0200: 48.100: [CMS-concurrent-mark: 0.002/0.002 secs] [Times: user=0.00 sys=0.00, real=0.00 secs] 
2014-07-10T09:58:21.954+0200: 48.100: [CMS-concurrent-preclean-start]
2014-07-10T09:58:21.954+0200: 48.100: [CMS-concurrent-preclean: 0.000/0.000 secs] [Times: user=0.00 sys=0.00, real=0.00 secs] 
2014-07-10T09:58:21.954+0200: 48.100: [CMS-concurrent-abortable-preclean-start]
2014-07-10T09:58:21.958+0200: 48.105: [GC (Allocation Failure) 48.105: [ParNew: 9745K->1059K(9792K), 0.0089985 secs] 21295K->18885K(31680K), 0.0092536 secs] [Times: user=0.02 sys=0.00, real=0.01 secs] 
2014-07-10T09:58:21.993+0200: 48.140: [GC (Allocation Failure) 48.140: [ParNew: 9745K->9745K(9792K), 0.0000583 secs]48.140: [CMS2014-07-10T09:58:21.994+0200: 48.140: [CMS-concurrent-abortable-preclean: 0.002/0.040 secs] [Times: user=0.02 sys=0.00, real=0.04 secs] 
 (concurrent mode failure): 17825K->8247K(21888K), 0.0088643 secs] 27571K->8247K(31680K), [Metaspace: 2457K->2457K(1056768K)], 0.0091488 secs] [Times: user=0.00 sys=0.00, real=0.01 secs] 
2014-07-10T09:58:22.050+0200: 48.196: [GC (Allocation Failure) 48.196: [ParNew: 8688K->99K(9792K), 0.0010511 secs] 16935K->8346K(31680K), 0.0013052 secs] [Times: user=0.00 sys=0.00, real=0.00 secs] 
2014-07-10T09:58:22.091+0200: 48.237: [GC (Allocation Failure) 48.237: [ParNew: 8785K->581K(9792K), 0.0006112 secs] 17033K->8829K(31680K), 0.0006966 secs] [Times: user=0.00 sys=0.00, real=0.00 secs] 
2014-07-10T09:58:22.095+0200: 48.241: [GC (Allocation Failure) 48.242: [ParNew: 9284K->557K(9792K), 0.0009232 secs] 17531K->8812K(31680K), 0.0010401 secs] [Times: user=0.00 sys=0.00, real=0.00 secs] 
2014-07-10T09:58:22.147+0200: 48.293: [GC (Allocation Failure) 48.293: [ParNew: 9236K->5K(9792K), 0.0010687 secs] 17491K->8261K(31680K), 0.0015156 secs] [Times: user=0.00 sys=0.00, real=0.00 secs] 
2014-07-10T09:58:22.191+0200: 48.338: [GC (Allocation Failure) 48.338: [ParNew: 8691K->485K(9792K), 0.0011728 secs] 16947K->8741K(31680K), 0.0014170 secs] [Times: user=0.03 sys=0.00, real=0.00 secs] 
2014-07-10T09:58:22.242+0200: 48.389: [GC (Allocation Failure) 48.389: [ParNew: 9171K->966K(9792K), 0.0014874 secs] 17427K->9222K(31680K), 0.0017026 secs] [Times: user=0.00 sys=0.00, real=0.00 secs] 
2014-07-10T09:58:22.251+0200: 48.397: [GC (Allocation Failure) 48.397: [ParNew: 9652K->1059K(9792K), 0.0023042 secs] 17908K->9704K(31680K), 0.0025367 secs] [Times: user=0.00 sys=0.00, real=0.00 secs] 
2014-07-10T09:58:22.292+0200: 48.439: [GC (Allocation Failure) 48.439: [ParNew: 9745K->1059K(9792K), 0.0030445 secs] 18390K->10569K(31680K), 0.0032435 secs] [Times: user=0.00 sys=0.00, real=0.00 secs] 
2014-07-10T09:58:22.342+0200: 48.488: [GC (Allocation Failure) 48.488: [ParNew: 9745K->1059K(9792K), 0.0014716 secs] 19255K->11915K(31680K), 0.0016051 secs] [Times: user=0.00 sys=0.00, real=0.00 secs] 
2014-07-10T09:58:22.348+0200: 48.495: [GC (Allocation Failure) 48.495: [ParNew: 9745K->1059K(9792K), 0.0022808 secs] 20601K->13741K(31680K), 0.0024718 secs] [Times: user=0.02 sys=0.00, real=0.00 secs] 
2014-07-10T09:58:22.393+0200: 48.539: [GC (Allocation Failure) 48.539: [ParNew: 9755K->1059K(9792K), 0.0010365 secs] 22436K->14510K(31680K), 0.0011296 secs] [Times: user=0.00 sys=0.00, real=0.00 secs] 
2014-07-10T09:58:22.441+0200: 48.588: [GC (Allocation Failure) 48.588: [ParNew: 9745K->1059K(9792K), 0.0028289 secs] 23197K->15761K(31680K), 0.0029572 secs] [Times: user=0.02 sys=0.00, real=0.00 secs] 
2014-07-10T09:58:22.449+0200: 48.595: [GC (Allocation Failure) 48.595: [ParNew: 9745K->1059K(9792K), 0.0034257 secs] 24447K->17491K(31680K), 0.0035816 secs] [Times: user=0.00 sys=0.00, real=0.00 secs] 
2014-07-10T09:58:22.493+0200: 48.639: [GC (Allocation Failure) 48.639: [ParNew: 9745K->1059K(9792K), 0.0032527 secs] 26177K->19701K(31680K), 0.0035141 secs] [Times: user=0.00 sys=0.00, real=0.00 secs] 
2014-07-10T09:58:22.497+0200: 48.643: [GC (CMS Initial Mark) [1 CMS-initial-mark: 18642K(21888K)] 19767K(31680K), 0.0005254 secs] [Times: user=0.00 sys=0.00, real=0.00 secs] 
2014-07-10T09:58:22.498+0200: 48.644: [CMS-concurrent-mark-start]
2014-07-10T09:58:22.500+0200: 48.646: [CMS-concurrent-mark: 0.002/0.002 secs] [Times: user=0.00 sys=0.00, real=0.00 secs] 
2014-07-10T09:58:22.500+0200: 48.647: [CMS-concurrent-preclean-start]
2014-07-10T09:58:22.500+0200: 48.647: [CMS-concurrent-preclean: 0.000/0.000 secs] [Times: user=0.00 sys=0.00, real=0.00 secs] 
2014-07-10T09:58:22.501+0200: 48.647: [CMS-concurrent-abortable-preclean-start]
2014-07-10T09:58:22.542+0200: 48.688: [GC (Allocation Failure) 48.688: [ParNew: 9745K->1059K(9792K), 0.0024054 secs] 28387K->22392K(31680K), 0.0025719 secs] [Times: user=0.00 sys=0.00, real=0.00 secs] 
2014-07-10T09:58:22.544+0200: 48.691: [CMS-concurrent-abortable-preclean: 0.000/0.044 secs] [Times: user=0.00 sys=0.00, real=0.04 secs] 
2014-07-10T09:58:22.545+0200: 48.691: [GC (CMS Final Remark) [YG occupancy: 1091 K (9792 K)]48.691: [Rescan (parallel) , 0.0002130 secs]48.691: [weak refs processing, 0.0000381 secs]48.691: [class unloading, 0.0005965 secs]48.692: [scrub symbol table, 0.0006137 secs]48.693: [scrub string table, 0.0001855 secs][1 CMS-remark: 21332K(21888K)] 22424K(31680K), 0.0018023 secs] [Times: user=0.00 sys=0.00, real=0.00 secs] 
2014-07-10T09:58:22.547+0200: 48.693: [CMS-concurrent-sweep-start]
2014-07-10T09:58:22.547+0200: 48.693: [CMS-concurrent-sweep: 0.000/0.000 secs] [Times: user=0.00 sys=0.00, real=0.00 secs] 
2014-07-10T09:58:22.547+0200: 48.693: [CMS-concurrent-reset-start]
2014-07-10T09:58:22.547+0200: 48.694: [CMS-concurrent-reset: 0.000/0.000 secs] [Times: user=0.00 sys=0.00, real=0.00 secs] 
2014-07-10T09:58:22.550+0200: 48.696: [GC (Allocation Failure) 48.696: [ParNew: 9745K->1059K(9792K), 0.0035750 secs] 15085K->9569K(31680K), 0.0037627 secs] [Times: user=0.03 sys=0.00, real=0.00 secs] 
2014-07-10T09:58:22.592+0200: 48.738: [GC (Allocation Failure) 48.738: [ParNew: 9745K->1059K(9792K), 0.0037685 secs] 18255K->13220K(31680K), 0.0039610 secs] [Times: user=0.00 sys=0.00, real=0.00 secs] 
2014-07-10T09:58:22.596+0200: 48.743: [GC (CMS Initial Mark) [1 CMS-initial-mark: 12161K(21888K)] 13252K(31680K), 0.0001994 secs] [Times: user=0.00 sys=0.00, real=0.00 secs] 
2014-07-10T09:58:22.596+0200: 48.743: [CMS-concurrent-mark-start]
2014-07-10T09:58:22.597+0200: 48.743: [CMS-concurrent-mark: 0.001/0.001 secs] [Times: user=0.00 sys=0.00, real=0.00 secs] 
2014-07-10T09:58:22.597+0200: 48.743: [CMS-concurrent-preclean-start]
2014-07-10T09:58:22.597+0200: 48.744: [CMS-concurrent-preclean: 0.000/0.000 secs] [Times: user=0.00 sys=0.00, real=0.00 secs] 
2014-07-10T09:58:22.597+0200: 48.744: [GC (CMS Final Remark) [YG occupancy: 1091 K (9792 K)]48.744: [Rescan (parallel) , 0.0000847 secs]48.744: [weak refs processing, 0.0000271 secs]48.744: [class unloading, 0.0004308 secs]48.744: [scrub symbol table, 0.0007160 secs]48.745: [scrub string table, 0.0001675 secs][1 CMS-remark: 12161K(21888K)] 13252K(31680K), 0.0015552 secs] [Times: user=0.02 sys=0.00, real=0.00 secs] 
2014-07-10T09:58:22.601+0200: 48.748: [CMS-concurrent-sweep-start]
2014-07-10T09:58:22.602+0200: 48.748: [CMS-concurrent-sweep: 0.000/0.000 secs] [Times: user=0.00 sys=0.00, real=0.00 secs] 
2014-07-10T09:58:22.602+0200: 48.748: [CMS-concurrent-reset-start]
2014-07-10T09:58:22.602+0200: 48.748: [CMS-concurrent-reset: 0.000/0.000 secs] [Times: user=0.00 sys=0.00, real=0.00 secs] 
2014-07-10T09:58:22.643+0200: 48.790: [GC (Allocation Failure) 48.790: [ParNew: 9751K->1061K(9792K), 0.0052523 secs] 13841K->8258K(31680K), 0.0055324 secs] [Times: user=0.03 sys=0.00, real=0.01 secs] 
2014-07-10T09:58:22.656+0200: 48.802: [GC (Allocation Failure) 48.802: [ParNew: 9747K->1059K(9792K), 0.0063331 secs] 16944K->11843K(31680K), 0.0066293 secs] [Times: user=0.03 sys=0.00, real=0.01 secs] 
2014-07-10T09:58:22.693+0200: 48.839: [GC (Allocation Failure) 48.839: [ParNew: 9745K->1059K(9792K), 0.0039607 secs] 20529K->15910K(31680K), 0.0041143 secs] [Times: user=0.00 sys=0.00, real=0.00 secs] 
2014-07-10T09:58:22.697+0200: 48.843: [GC (CMS Initial Mark) [1 CMS-initial-mark: 14850K(21888K)] 15976K(31680K), 0.0002570 secs] [Times: user=0.00 sys=0.00, real=0.00 secs] 
2014-07-10T09:58:22.697+0200: 48.844: [CMS-concurrent-mark-start]
2014-07-10T09:58:22.699+0200: 48.845: [CMS-concurrent-mark: 0.001/0.001 secs] [Times: user=0.00 sys=0.00, real=0.00 secs] 
2014-07-10T09:58:22.699+0200: 48.845: [CMS-concurrent-preclean-start]
2014-07-10T09:58:22.699+0200: 48.845: [CMS-concurrent-preclean: 0.000/0.000 secs] [Times: user=0.00 sys=0.00, real=0.00 secs] 
2014-07-10T09:58:22.699+0200: 48.845: [CMS-concurrent-abortable-preclean-start]
2014-07-10T09:58:22.744+0200: 48.890: [GC (Allocation Failure) 48.890: [ParNew: 9745K->1059K(9792K), 0.0072255 secs] 24596K->20457K(31680K), 0.0074850 secs] [Times: user=0.00 sys=0.00, real=0.01 secs] 
2014-07-10T09:58:22.753+0200: 48.900: [CMS-concurrent-abortable-preclean: 0.001/0.055 secs] [Times: user=0.00 sys=0.00, real=0.06 secs] 
2014-07-10T09:58:22.754+0200: 48.900: [GC (CMS Final Remark) [YG occupancy: 3912 K (9792 K)]48.900: [Rescan (parallel) , 0.0003036 secs]48.901: [weak refs processing, 0.0000601 secs]48.901: [class unloading, 0.0011237 secs]48.902: [scrub symbol table, 0.0012821 secs]48.903: [scrub string table, 0.0004422 secs][1 CMS-remark: 19398K(21888K)] 23311K(31680K), 0.0036080 secs] [Times: user=0.01 sys=0.00, real=0.00 secs] 
2014-07-10T09:58:22.758+0200: 48.904: [CMS-concurrent-sweep-start]
2014-07-10T09:58:22.759+0200: 48.905: [CMS-concurrent-sweep: 0.001/0.001 secs] [Times: user=0.00 sys=0.00, real=0.00 secs] 
2014-07-10T09:58:22.759+0200: 48.905: [CMS-concurrent-reset-start]
2014-07-10T09:58:22.759+0200: 48.906: [CMS-concurrent-reset: 0.000/0.000 secs] [Times: user=0.00 sys=0.00, real=0.00 secs] 
2014-07-10T09:58:22.762+0200: 48.908: [GC (Allocation Failure) 48.908: [ParNew: 9745K->1059K(9792K), 0.0080276 secs] 18799K->15140K(31680K), 0.0082370 secs] [Times: user=0.03 sys=0.00, real=0.01 secs] 
2014-07-10T09:58:22.770+0200: 48.917: [GC (CMS Initial Mark) [1 CMS-initial-mark: 14080K(21888K)] 15302K(31680K), 0.0004348 secs] [Times: user=0.00 sys=0.00, real=0.00 secs] 
2014-07-10T09:58:22.771+0200: 48.917: [CMS-concurrent-mark-start]
2014-07-10T09:58:22.773+0200: 48.919: [CMS-concurrent-mark: 0.002/0.002 secs] [Times: user=0.00 sys=0.00, real=0.00 secs] 
2014-07-10T09:58:22.773+0200: 48.920: [CMS-concurrent-preclean-start]
2014-07-10T09:58:22.773+0200: 48.920: [CMS-concurrent-preclean: 0.000/0.000 secs] [Times: user=0.00 sys=0.00, real=0.00 secs] 
2014-07-10T09:58:22.773+0200: 48.920: [CMS-concurrent-abortable-preclean-start]
2014-07-10T09:58:22.795+0200: 48.941: [GC (Allocation Failure) 48.941: [ParNew: 9745K->1059K(9792K), 0.0084947 secs] 23826K->20648K(31680K), 0.0087745 secs] [Times: user=0.03 sys=0.00, real=0.01 secs] 
2014-07-10T09:58:22.806+0200: 48.952: [CMS-concurrent-abortable-preclean: 0.002/0.032 secs] [Times: user=0.03 sys=0.00, real=0.03 secs] 
2014-07-10T09:58:22.806+0200: 48.952: [GC (CMS Final Remark) [YG occupancy: 2694 K (9792 K)]48.952: [Rescan (parallel) , 0.0002805 secs]48.953: [weak refs processing, 0.0000587 secs]48.953: [class unloading, 0.0009873 secs]48.954: [scrub symbol table, 0.0013188 secs]48.955: [scrub string table, 0.0004389 secs][1 CMS-remark: 19588K(21888K)] 22282K(31680K), 0.0034386 secs] [Times: user=0.00 sys=0.00, real=0.00 secs] 
2014-07-10T09:58:22.810+0200: 48.956: [CMS-concurrent-sweep-start]
2014-07-10T09:58:22.810+0200: 48.957: [CMS-concurrent-sweep: 0.001/0.001 secs] [Times: user=0.00 sys=0.00, real=0.00 secs] 
2014-07-10T09:58:22.811+0200: 48.957: [CMS-concurrent-reset-start]
2014-07-10T09:58:22.811+0200: 48.957: [CMS-concurrent-reset: 0.000/0.000 secs] [Times: user=0.00 sys=0.00, real=0.00 secs] 
2014-07-10T09:58:22.843+0200: 48.990: [GC (Allocation Failure) 48.990: [ParNew: 9745K->1059K(9792K), 0.0056490 secs] 20720K->18021K(31680K), 0.0058224 secs] [Times: user=0.03 sys=0.00, real=0.01 secs] 
2014-07-10T09:58:22.849+0200: 48.996: [GC (CMS Initial Mark) [1 CMS-initial-mark: 16962K(21888K)] 18087K(31680K), 0.0002629 secs] [Times: user=0.00 sys=0.00, real=0.00 secs] 
2014-07-10T09:58:22.850+0200: 48.996: [CMS-concurrent-mark-start]
2014-07-10T09:58:22.851+0200: 48.997: [CMS-concurrent-mark: 0.001/0.001 secs] [Times: user=0.00 sys=0.00, real=0.00 secs] 
2014-07-10T09:58:22.851+0200: 48.997: [CMS-concurrent-preclean-start]
2014-07-10T09:58:22.851+0200: 48.997: [CMS-concurrent-preclean: 0.000/0.000 secs] [Times: user=0.00 sys=0.00, real=0.00 secs] 
2014-07-10T09:58:22.851+0200: 48.997: [CMS-concurrent-abortable-preclean-start]
2014-07-10T09:58:22.853+0200: 49.000: [GC (Allocation Failure) 49.000: [ParNew: 9760K->9760K(9792K), 0.0000572 secs]49.000: [CMS2014-07-10T09:58:22.854+0200: 49.000: [CMS-concurrent-abortable-preclean: 0.000/0.003 secs] [Times: user=0.00 sys=0.00, real=0.00 secs] 
 (concurrent mode failure): 16962K->6297K(21888K), 0.0076427 secs] 26723K->6297K(31680K), [Metaspace: 2457K->2457K(1056768K)], 0.0078685 secs] [Times: user=0.00 sys=0.00, real=0.01 secs] 
2014-07-10T09:58:22.893+0200: 49.039: [GC (Allocation Failure) 49.039: [ParNew: 8691K->1059K(9792K), 0.0045905 secs] 14989K->12131K(31680K), 0.0047698 secs] [Times: user=0.03 sys=0.00, real=0.01 secs] 
2014-07-10T09:58:22.898+0200: 49.044: [GC (CMS Initial Mark) [1 CMS-initial-mark: 11071K(21888K)] 12197K(31680K), 0.0002108 secs] [Times: user=0.00 sys=0.00, real=0.00 secs] 
2014-07-10T09:58:22.898+0200: 49.045: [CMS-concurrent-mark-start]
2014-07-10T09:58:22.899+0200: 49.046: [CMS-concurrent-mark: 0.001/0.001 secs] [Times: user=0.00 sys=0.00, real=0.00 secs] 
2014-07-10T09:58:22.899+0200: 49.046: [CMS-concurrent-preclean-start]
2014-07-10T09:58:22.900+0200: 49.046: [CMS-concurrent-preclean: 0.000/0.000 secs] [Times: user=0.00 sys=0.00, real=0.00 secs] 
2014-07-10T09:58:22.900+0200: 49.046: [CMS-concurrent-abortable-preclean-start]
2014-07-10T09:58:22.944+0200: 49.091: [GC (Allocation Failure) 49.091: [ParNew: 9745K->1059K(9792K), 0.0082359 secs] 20817K->17383K(31680K), 0.0085552 secs] [Times: user=0.00 sys=0.00, real=0.01 secs] 
2014-07-10T09:58:22.961+0200: 49.107: [GC (Allocation Failure) 49.107: [ParNew: 9745K->9745K(9792K), 0.0000975 secs]49.107: [CMS2014-07-10T09:58:22.961+0200: 49.107: [CMS-concurrent-abortable-preclean: 0.002/0.061 secs] [Times: user=0.03 sys=0.00, real=0.06 secs] 
 (concurrent mode failure): 16323K->7226K(21888K), 0.0096089 secs] 26069K->7226K(31680K), [Metaspace: 2457K->2457K(1056768K)], 0.0099590 secs] [Times: user=0.00 sys=0.00, real=0.01 secs] 
2014-07-10T09:58:22.993+0200: 49.140: [GC (Allocation Failure) 49.140: [ParNew: 8686K->1059K(9792K), 0.0056460 secs] 15912K->14500K(31680K), 0.0058139 secs] [Times: user=0.00 sys=0.00, real=0.01 secs] 
2014-07-10T09:58:22.999+0200: 49.146: [GC (CMS Initial Mark) [1 CMS-initial-mark: 13441K(21888K)] 14566K(31680K), 0.0002310 secs] [Times: user=0.00 sys=0.00, real=0.00 secs] 
2014-07-10T09:58:23.000+0200: 49.146: [CMS-concurrent-mark-start]
2014-07-10T09:58:23.001+0200: 49.147: [CMS-concurrent-mark: 0.001/0.001 secs] [Times: user=0.00 sys=0.00, real=0.00 secs] 
2014-07-10T09:58:23.001+0200: 49.147: [CMS-concurrent-preclean-start]
2014-07-10T09:58:23.001+0200: 49.147: [CMS-concurrent-preclean: 0.000/0.000 secs] [Times: user=0.00 sys=0.00, real=0.00 secs] 
2014-07-10T09:58:23.001+0200: 49.147: [GC (CMS Final Remark) [YG occupancy: 1989 K (9792 K)]49.147: [Rescan (parallel) , 0.0001148 secs]49.147: [weak refs processing, 0.0000290 secs]49.147: [class unloading, 0.0004612 secs]49.148: [scrub symbol table, 0.0006093 secs]49.149: [scrub string table, 0.0001829 secs][1 CMS-remark: 13441K(21888K)] 15431K(31680K), 0.0015358 secs] [Times: user=0.00 sys=0.00, real=0.00 secs] 
2014-07-10T09:58:23.002+0200: 49.149: [CMS-concurrent-sweep-start]
2014-07-10T09:58:23.003+0200: 49.149: [CMS-concurrent-sweep: 0.000/0.000 secs] [Times: user=0.00 sys=0.00, real=0.00 secs] 
2014-07-10T09:58:23.003+0200: 49.149: [CMS-concurrent-reset-start]
2014-07-10T09:58:23.003+0200: 49.149: [CMS-concurrent-reset: 0.000/0.000 secs] [Times: user=0.00 sys=0.00, real=0.00 secs] 
2014-07-10T09:58:23.043+0200: 49.190: [GC (Allocation Failure) 49.190: [ParNew: 9745K->1059K(9792K), 0.0065952 secs] 16398K->14404K(31680K), 0.0067448 secs] [Times: user=0.00 sys=0.00, real=0.01 secs] 
2014-07-10T09:58:23.050+0200: 49.197: [GC (CMS Initial Mark) [1 CMS-initial-mark: 13345K(21888K)] 14470K(31680K), 0.0002266 secs] [Times: user=0.00 sys=0.00, real=0.00 secs] 
2014-07-10T09:58:23.050+0200: 49.197: [CMS-concurrent-mark-start]
2014-07-10T09:58:23.051+0200: 49.198: [CMS-concurrent-mark: 0.001/0.001 secs] [Times: user=0.03 sys=0.00, real=0.00 secs] 
2014-07-10T09:58:23.051+0200: 49.198: [CMS-concurrent-preclean-start]
2014-07-10T09:58:23.052+0200: 49.198: [CMS-concurrent-preclean: 0.000/0.000 secs] [Times: user=0.00 sys=0.00, real=0.00 secs] 
2014-07-10T09:58:23.052+0200: 49.198: [CMS-concurrent-abortable-preclean-start]
2014-07-10T09:58:23.091+0200: 49.237: [GC (Allocation Failure) 49.238: [ParNew: 9755K->9755K(9792K), 0.0000957 secs]49.238: [CMS2014-07-10T09:58:23.092+0200: 49.238: [CMS-concurrent-abortable-preclean: 0.000/0.040 secs] [Times: user=0.00 sys=0.00, real=0.04 secs] 
 (concurrent mode failure): 13345K->478K(21888K), 0.0077094 secs] 23101K->478K(31680K), [Metaspace: 2457K->2457K(1056768K)], 0.0080757 secs] [Times: user=0.02 sys=0.00, real=0.01 secs] 
2014-07-10T09:58:23.107+0200: 49.254: [GC (Allocation Failure) 49.254: [ParNew: 8681K->1059K(9792K), 0.0091128 secs] 9160K->8169K(31680K), 0.0094131 secs] [Times: user=0.03 sys=0.00, real=0.01 secs] 
2014-07-10T09:58:23.117+0200: 49.263: [GC (CMS Initial Mark) [1 CMS-initial-mark: 7109K(21888K)] 8235K(31680K), 0.0001870 secs] [Times: user=0.00 sys=0.00, real=0.00 secs] 
2014-07-10T09:58:23.117+0200: 49.264: [CMS-concurrent-mark-start]
2014-07-10T09:58:23.118+0200: 49.264: [CMS-concurrent-mark: 0.001/0.001 secs] [Times: user=0.00 sys=0.00, real=0.00 secs] 
2014-07-10T09:58:23.118+0200: 49.264: [CMS-concurrent-preclean-start]
2014-07-10T09:58:23.118+0200: 49.265: [CMS-concurrent-preclean: 0.000/0.000 secs] [Times: user=0.00 sys=0.00, real=0.00 secs] 
2014-07-10T09:58:23.118+0200: 49.265: [GC (CMS Final Remark) [YG occupancy: 1573 K (9792 K)]49.265: [Rescan (parallel) , 0.0002255 secs]49.265: [weak refs processing, 0.0000319 secs]49.265: [class unloading, 0.0004652 secs]49.265: [scrub symbol table, 0.0006896 secs]49.266: [scrub string table, 0.0005683 secs][1 CMS-remark: 7109K(21888K)] 8683K(31680K), 0.0025312 secs] [Times: user=0.00 sys=0.00, real=0.00 secs] 
2014-07-10T09:58:23.121+0200: 49.267: [CMS-concurrent-sweep-start]
2014-07-10T09:58:23.121+0200: 49.268: [CMS-concurrent-sweep: 0.000/0.000 secs] [Times: user=0.00 sys=0.00, real=0.00 secs] 
2014-07-10T09:58:23.121+0200: 49.268: [CMS-concurrent-reset-start]
2014-07-10T09:58:23.122+0200: 49.268: [CMS-concurrent-reset: 0.000/0.000 secs] [Times: user=0.00 sys=0.00, real=0.00 secs] 
2014-07-10T09:58:23.144+0200: 49.290: [GC (Allocation Failure) 49.290: [ParNew: 9745K->1059K(9792K), 0.0066213 secs] 16813K->15236K(31680K), 0.0068042 secs] [Times: user=0.03 sys=0.00, real=0.01 secs] 
2014-07-10T09:58:23.151+0200: 49.297: [GC (CMS Initial Mark) [1 CMS-initial-mark: 14176K(21888K)] 15270K(31680K), 0.0001903 secs] [Times: user=0.00 sys=0.00, real=0.00 secs] 
2014-07-10T09:58:23.151+0200: 49.297: [CMS-concurrent-mark-start]
2014-07-10T09:58:23.152+0200: 49.298: [CMS-concurrent-mark: 0.001/0.001 secs] [Times: user=0.00 sys=0.00, real=0.00 secs] 
2014-07-10T09:58:23.152+0200: 49.298: [CMS-concurrent-preclean-start]
2014-07-10T09:58:23.152+0200: 49.298: [CMS-concurrent-preclean: 0.000/0.000 secs] [Times: user=0.00 sys=0.00, real=0.00 secs] 
2014-07-10T09:58:23.152+0200: 49.298: [CMS-concurrent-abortable-preclean-start]
2014-07-10T09:58:23.191+0200: 49.337: [GC (Allocation Failure) 49.337: [ParNew: 9747K->9747K(9792K), 0.0000422 secs]49.337: [CMS2014-07-10T09:58:23.191+0200: 49.338: [CMS-concurrent-abortable-preclean: 0.000/0.039 secs] [Times: user=0.00 sys=0.00, real=0.04 secs] 
 (concurrent mode failure): 14176K->887K(21888K), 0.0027794 secs] 23924K->887K(31680K), [Metaspace: 2457K->2457K(1056768K)], 0.0029363 secs] [Times: user=0.02 sys=0.00, real=0.00 secs] 
2014-07-10T09:58:23.242+0200: 49.388: [GC (Allocation Failure) 49.388: [ParNew: 8686K->931K(9792K), 0.0013697 secs] 9573K->1818K(31680K), 0.0015666 secs] [Times: user=0.00 sys=0.00, real=0.00 secs] 
2014-07-10T09:58:23.250+0200: 49.396: [GC (Allocation Failure) 49.396: [ParNew: 9617K->1059K(9792K), 0.0024318 secs] 10504K->2303K(31680K), 0.0026452 secs] [Times: user=0.00 sys=0.00, real=0.00 secs] 
2014-07-10T09:58:23.292+0200: 49.438: [GC (Allocation Failure) 49.439: [ParNew: 9745K->1059K(9792K), 0.0386475 secs] 10990K->3137K(31680K), 0.0388106 secs] [Times: user=0.03 sys=0.00, real=0.04 secs] 
2014-07-10T09:58:23.342+0200: 49.488: [GC (Allocation Failure) 49.488: [ParNew: 9745K->1059K(9792K), 0.0020590 secs] 11823K->4451K(31680K), 0.0021756 secs] [Times: user=0.00 sys=0.00, real=0.00 secs] 
2014-07-10T09:58:23.348+0200: 49.495: [GC (Allocation Failure) 49.495: [ParNew: 9745K->1059K(9792K), 0.0141671 secs] 13137K->6245K(31680K), 0.0143266 secs] [Times: user=0.00 sys=0.01, real=0.01 secs] 
2014-07-10T09:58:23.391+0200: 49.538: [GC (Allocation Failure) 49.538: [ParNew: 9755K->1060K(9792K), 0.0010702 secs] 14940K->6983K(31680K), 0.0011541 secs] [Times: user=0.00 sys=0.00, real=0.00 secs] 
2014-07-10T09:58:23.441+0200: 49.588: [GC (Allocation Failure) 49.588: [ParNew: 9746K->1059K(9792K), 0.0034049 secs] 15669K->8202K(31680K), 0.0035291 secs] [Times: user=0.00 sys=0.00, real=0.00 secs] 
2014-07-10T09:58:23.450+0200: 49.596: [GC (Allocation Failure) 49.596: [ParNew: 9745K->1059K(9792K), 0.0047328 secs] 16888K->9900K(31680K), 0.0048886 secs] [Times: user=0.00 sys=0.00, real=0.00 secs] 
2014-07-10T09:58:23.491+0200: 49.638: [GC (Allocation Failure) 49.638: [ParNew: 9745K->1059K(9792K), 0.0019475 secs] 18586K->12078K(31680K), 0.0020714 secs] [Times: user=0.00 sys=0.00, real=0.00 secs] 
2014-07-10T09:58:23.543+0200: 49.689: [GC (Allocation Failure) 49.689: [ParNew: 9745K->1059K(9792K), 0.0043038 secs] 20764K->14736K(31680K), 0.0045836 secs] [Times: user=0.00 sys=0.00, real=0.00 secs] 
2014-07-10T09:58:23.554+0200: 49.701: [GC (Allocation Failure) 49.701: [ParNew: 9745K->1059K(9792K), 0.0059749 secs] 23422K->17875K(31680K), 0.0062535 secs] [Times: user=0.00 sys=0.00, real=0.01 secs] 
2014-07-10T09:58:23.561+0200: 49.708: [GC (CMS Initial Mark) [1 CMS-initial-mark: 16815K(21888K)] 17973K(31680K), 0.0004407 secs] [Times: user=0.00 sys=0.00, real=0.00 secs] 
2014-07-10T09:58:23.562+0200: 49.708: [CMS-concurrent-mark-start]
2014-07-10T09:58:23.564+0200: 49.710: [CMS-concurrent-mark: 0.002/0.002 secs] [Times: user=0.00 sys=0.00, real=0.00 secs] 
2014-07-10T09:58:23.564+0200: 49.710: [CMS-concurrent-preclean-start]
2014-07-10T09:58:23.564+0200: 49.711: [CMS-concurrent-preclean: 0.000/0.000 secs] [Times: user=0.00 sys=0.00, real=0.00 secs] 
2014-07-10T09:58:23.564+0200: 49.711: [CMS-concurrent-abortable-preclean-start]
2014-07-10T09:58:23.593+0200: 49.739: [GC (Allocation Failure) 49.739: [ParNew: 9745K->1059K(9792K), 0.0037733 secs] 26561K->21494K(31680K), 0.0039478 secs] [Times: user=0.02 sys=0.00, real=0.00 secs] 
2014-07-10T09:58:23.598+0200: 49.744: [CMS-concurrent-abortable-preclean: 0.001/0.033 secs] [Times: user=0.02 sys=0.00, real=0.03 secs] 
2014-07-10T09:58:23.599+0200: 49.746: [GC (CMS Final Remark) [YG occupancy: 6004 K (9792 K)]49.746: [Rescan (parallel) , 0.0002093 secs]49.746: [weak refs processing, 0.0000392 secs]49.746: [class unloading, 0.0007311 secs]49.747: [scrub symbol table, 0.0008326 secs]49.748: [scrub string table, 0.0003087 secs][1 CMS-remark: 20434K(21888K)] 26439K(31680K), 0.0023526 secs] [Times: user=0.00 sys=0.00, real=0.00 secs] 
2014-07-10T09:58:23.602+0200: 49.748: [CMS-concurrent-sweep-start]
2014-07-10T09:58:23.602+0200: 49.749: [CMS-concurrent-sweep: 0.000/0.000 secs] [Times: user=0.00 sys=0.00, real=0.00 secs] 
2014-07-10T09:58:23.602+0200: 49.749: [CMS-concurrent-reset-start]
2014-07-10T09:58:23.603+0200: 49.749: [CMS-concurrent-reset: 0.000/0.000 secs] [Times: user=0.00 sys=0.00, real=0.00 secs] 
2014-07-10T09:58:23.643+0200: 49.789: [GC (Allocation Failure) 49.789: [ParNew: 9755K->1061K(9792K), 0.0027424 secs] 16954K->10823K(31680K), 0.0029282 secs] [Times: user=0.03 sys=0.00, real=0.00 secs] 
2014-07-10T09:58:23.651+0200: 49.797: [GC (Allocation Failure) 49.797: [ParNew: 9747K->1059K(9792K), 0.0031130 secs] 19509K->13864K(31680K), 0.0032963 secs] [Times: user=0.00 sys=0.00, real=0.00 secs] 
2014-07-10T09:58:23.655+0200: 49.801: [GC (CMS Initial Mark) [1 CMS-initial-mark: 12805K(21888K)] 13930K(31680K), 0.0002189 secs] [Times: user=0.00 sys=0.00, real=0.00 secs] 
2014-07-10T09:58:23.655+0200: 49.801: [CMS-concurrent-mark-start]
2014-07-10T09:58:23.656+0200: 49.802: [CMS-concurrent-mark: 0.001/0.001 secs] [Times: user=0.00 sys=0.00, real=0.00 secs] 
2014-07-10T09:58:23.656+0200: 49.802: [CMS-concurrent-preclean-start]
2014-07-10T09:58:23.656+0200: 49.802: [CMS-concurrent-preclean: 0.000/0.000 secs] [Times: user=0.00 sys=0.00, real=0.00 secs] 
2014-07-10T09:58:23.656+0200: 49.803: [CMS-concurrent-abortable-preclean-start]
2014-07-10T09:58:23.692+0200: 49.839: [GC (Allocation Failure) 49.839: [ParNew: 9745K->1059K(9792K), 0.0033088 secs] 22551K->17387K(31680K), 0.0034448 secs] [Times: user=0.00 sys=0.00, real=0.00 secs] 
2014-07-10T09:58:23.743+0200: 49.889: [GC (Allocation Failure) 49.889: [ParNew: 9745K->1059K(9792K), 0.0044402 secs] 26073K->21390K(31680K), 0.0046378 secs] [Times: user=0.00 sys=0.00, real=0.00 secs] 
2014-07-10T09:58:23.749+0200: 49.896: [CMS-concurrent-abortable-preclean: 0.002/0.093 secs] [Times: user=0.00 sys=0.00, real=0.09 secs] 
2014-07-10T09:58:23.750+0200: 49.896: [GC (CMS Final Remark) [YG occupancy: 4235 K (9792 K)]49.896: [Rescan (parallel) , 0.0003219 secs]49.897: [weak refs processing, 0.0000623 secs]49.897: [class unloading, 0.0013349 secs]49.898: [scrub symbol table, 0.0015549 secs]49.900: [scrub string table, 0.0005089 secs][1 CMS-remark: 20331K(21888K)] 24566K(31680K), 0.0041883 secs] [Times: user=0.02 sys=0.00, real=0.00 secs] 
2014-07-10T09:58:23.754+0200: 49.901: [CMS-concurrent-sweep-start]
2014-07-10T09:58:23.755+0200: 49.902: [CMS-concurrent-sweep: 0.001/0.001 secs] [Times: user=0.00 sys=0.00, real=0.00 secs] 
2014-07-10T09:58:23.755+0200: 49.902: [CMS-concurrent-reset-start]
2014-07-10T09:58:23.755+0200: 49.902: [CMS-concurrent-reset: 0.000/0.000 secs] [Times: user=0.00 sys=0.00, real=0.00 secs] 
2014-07-10T09:58:23.759+0200: 49.906: [GC (Allocation Failure) 49.906: [ParNew: 9745K->1059K(9792K), 0.0069186 secs] 20756K->16553K(31680K), 0.0071903 secs] [Times: user=0.00 sys=0.00, real=0.01 secs] 
2014-07-10T09:58:23.767+0200: 49.913: [GC (CMS Initial Mark) [1 CMS-initial-mark: 15494K(21888K)] 16619K(31680K), 0.0003593 secs] [Times: user=0.00 sys=0.00, real=0.00 secs] 
2014-07-10T09:58:23.767+0200: 49.914: [CMS-concurrent-mark-start]
2014-07-10T09:58:23.769+0200: 49.916: [CMS-concurrent-mark: 0.002/0.002 secs] [Times: user=0.03 sys=0.00, real=0.00 secs] 
2014-07-10T09:58:23.770+0200: 49.916: [CMS-concurrent-preclean-start]
2014-07-10T09:58:23.770+0200: 49.916: [CMS-concurrent-preclean: 0.000/0.000 secs] [Times: user=0.00 sys=0.00, real=0.00 secs] 
2014-07-10T09:58:23.770+0200: 49.916: [CMS-concurrent-abortable-preclean-start]
2014-07-10T09:58:23.793+0200: 49.939: [GC (Allocation Failure) 49.939: [ParNew: 9745K->1059K(9792K), 0.0046638 secs] 25239K->21517K(31680K), 0.0048094 secs] [Times: user=0.00 sys=0.00, real=0.00 secs] 
2014-07-10T09:58:23.799+0200: 49.945: [CMS-concurrent-abortable-preclean: 0.001/0.029 secs] [Times: user=0.00 sys=0.00, real=0.03 secs] 
2014-07-10T09:58:23.799+0200: 49.945: [GC (CMS Final Remark) [YG occupancy: 3240 K (9792 K)]49.945: [Rescan (parallel) , 0.0001335 secs]49.945: [weak refs processing, 0.0000315 secs]49.945: [class unloading, 0.0005342 secs]49.946: [scrub symbol table, 0.0006174 secs]49.947: [scrub string table, 0.0001906 secs][1 CMS-remark: 20457K(21888K)] 23698K(31680K), 0.0016513 secs] [Times: user=0.01 sys=0.00, real=0.00 secs] 
2014-07-10T09:58:23.801+0200: 49.947: [CMS-concurrent-sweep-start]
2014-07-10T09:58:23.801+0200: 49.947: [CMS-concurrent-sweep: 0.000/0.000 secs] [Times: user=0.00 sys=0.00, real=0.00 secs] 
2014-07-10T09:58:23.801+0200: 49.947: [CMS-concurrent-reset-start]
2014-07-10T09:58:23.801+0200: 49.947: [CMS-concurrent-reset: 0.000/0.000 secs] [Times: user=0.00 sys=0.00, real=0.00 secs] 
2014-07-10T09:58:23.845+0200: 49.991: [GC (Allocation Failure) 49.991: [ParNew: 9745K->1059K(9792K), 0.0082164 secs] 19634K->16392K(31680K), 0.0084954 secs] [Times: user=0.03 sys=0.00, real=0.01 secs] 
2014-07-10T09:58:23.854+0200: 50.000: [GC (CMS Initial Mark) [1 CMS-initial-mark: 15332K(21888K)] 16458K(31680K), 0.0003721 secs] [Times: user=0.00 sys=0.00, real=0.00 secs] 
2014-07-10T09:58:23.854+0200: 50.001: [CMS-concurrent-mark-start]
2014-07-10T09:58:23.856+0200: 50.003: [CMS-concurrent-mark: 0.002/0.002 secs] [Times: user=0.00 sys=0.00, real=0.00 secs] 
2014-07-10T09:58:23.857+0200: 50.003: [CMS-concurrent-preclean-start]
2014-07-10T09:58:23.857+0200: 50.003: [CMS-concurrent-preclean: 0.000/0.000 secs] [Times: user=0.00 sys=0.00, real=0.00 secs] 
2014-07-10T09:58:23.857+0200: 50.003: [CMS-concurrent-abortable-preclean-start]
2014-07-10T09:58:23.861+0200: 50.007: [GC (Allocation Failure) 50.007: [ParNew: 9745K->1059K(9792K), 0.0072717 secs] 25078K->22316K(31680K), 0.0074414 secs] [Times: user=0.03 sys=0.00, real=0.01 secs] 
2014-07-10T09:58:23.868+0200: 50.015: [CMS-concurrent-abortable-preclean: 0.000/0.011 secs] [Times: user=0.03 sys=0.00, real=0.01 secs] 
2014-07-10T09:58:23.868+0200: 50.015: [GC (CMS Final Remark) [YG occupancy: 1253 K (9792 K)]50.015: [Rescan (parallel) , 0.0001587 secs]50.015: [weak refs processing, 0.0000268 secs]50.015: [class unloading, 0.0004572 secs]50.016: [scrub symbol table, 0.0005591 secs]50.016: [scrub string table, 0.0001617 secs][1 CMS-remark: 21256K(21888K)] 22510K(31680K), 0.0014826 secs] [Times: user=0.00 sys=0.00, real=0.00 secs] 
2014-07-10T09:58:23.870+0200: 50.016: [CMS-concurrent-sweep-start]
2014-07-10T09:58:23.870+0200: 50.017: [CMS-concurrent-sweep: 0.000/0.000 secs] [Times: user=0.00 sys=0.00, real=0.00 secs] 
2014-07-10T09:58:23.870+0200: 50.017: [CMS-concurrent-reset-start]
2014-07-10T09:58:23.871+0200: 50.017: [CMS-concurrent-reset: 0.000/0.000 secs] [Times: user=0.00 sys=0.00, real=0.00 secs] 
2014-07-10T09:58:23.893+0200: 50.039: [GC (Allocation Failure) 50.039: [ParNew: 9760K->1062K(9792K), 0.0044061 secs] 21570K->17611K(31680K), 0.0045418 secs] [Times: user=0.03 sys=0.00, real=0.00 secs] 
2014-07-10T09:58:23.897+0200: 50.044: [GC (CMS Initial Mark) [1 CMS-initial-mark: 16549K(21888K)] 17677K(31680K), 0.0001925 secs] [Times: user=0.00 sys=0.00, real=0.00 secs] 
2014-07-10T09:58:23.898+0200: 50.044: [CMS-concurrent-mark-start]
2014-07-10T09:58:23.898+0200: 50.045: [CMS-concurrent-mark: 0.001/0.001 secs] [Times: user=0.00 sys=0.00, real=0.00 secs] 
2014-07-10T09:58:23.898+0200: 50.045: [CMS-concurrent-preclean-start]
2014-07-10T09:58:23.898+0200: 50.045: [CMS-concurrent-preclean: 0.000/0.000 secs] [Times: user=0.00 sys=0.00, real=0.00 secs] 
2014-07-10T09:58:23.898+0200: 50.045: [CMS-concurrent-abortable-preclean-start]
2014-07-10T09:58:23.943+0200: 50.089: [GC (Allocation Failure) 50.089: [ParNew: 9748K->9748K(9792K), 0.0000447 secs]50.089: [CMS2014-07-10T09:58:23.943+0200: 50.089: [CMS-concurrent-abortable-preclean: 0.000/0.044 secs] [Times: user=0.00 sys=0.00, real=0.05 secs] 
 (concurrent mode failure): 16549K->6716K(21888K), 0.0068904 secs] 26297K->6716K(31680K), [Metaspace: 2457K->2457K(1056768K)], 0.0070898 secs] [Times: user=0.00 sys=0.00, real=0.01 secs] 
2014-07-10T09:58:23.953+0200: 50.099: [GC (Allocation Failure) 50.100: [ParNew: 8686K->1059K(9792K), 0.0052380 secs] 15403K->13479K(31680K), 0.0053978 secs] [Times: user=0.03 sys=0.00, real=0.00 secs] 
2014-07-10T09:58:23.959+0200: 50.105: [GC (CMS Initial Mark) [1 CMS-initial-mark: 12419K(21888K)] 13577K(31680K), 0.0002134 secs] [Times: user=0.00 sys=0.00, real=0.00 secs] 
2014-07-10T09:58:23.959+0200: 50.105: [CMS-concurrent-mark-start]
2014-07-10T09:58:23.960+0200: 50.106: [CMS-concurrent-mark: 0.001/0.001 secs] [Times: user=0.00 sys=0.00, real=0.00 secs] 
2014-07-10T09:58:23.960+0200: 50.106: [CMS-concurrent-preclean-start]
2014-07-10T09:58:23.960+0200: 50.106: [CMS-concurrent-preclean: 0.000/0.000 secs] [Times: user=0.00 sys=0.00, real=0.00 secs] 
2014-07-10T09:58:23.960+0200: 50.106: [GC (CMS Final Remark) [YG occupancy: 2502 K (9792 K)]50.106: [Rescan (parallel) , 0.0000968 secs]50.106: [weak refs processing, 0.0000257 secs]50.106: [class unloading, 0.0004147 secs]50.107: [scrub symbol table, 0.0005525 secs]50.107: [scrub string table, 0.0001628 secs][1 CMS-remark: 12419K(21888K)] 14922K(31680K), 0.0013635 secs] [Times: user=0.00 sys=0.00, real=0.00 secs] 
2014-07-10T09:58:23.961+0200: 50.108: [CMS-concurrent-sweep-start]
2014-07-10T09:58:23.962+0200: 50.108: [CMS-concurrent-sweep: 0.000/0.000 secs] [Times: user=0.00 sys=0.00, real=0.00 secs] 
2014-07-10T09:58:23.962+0200: 50.108: [CMS-concurrent-reset-start]
2014-07-10T09:58:23.962+0200: 50.108: [CMS-concurrent-reset: 0.000/0.000 secs] [Times: user=0.00 sys=0.00, real=0.00 secs] 
2014-07-10T09:58:23.994+0200: 50.140: [GC (Allocation Failure) 50.140: [ParNew: 9745K->1059K(9792K), 0.0056776 secs] 15889K->13383K(31680K), 0.0058194 secs] [Times: user=0.00 sys=0.00, real=0.01 secs] 
2014-07-10T09:58:24.000+0200: 50.146: [GC (CMS Initial Mark) [1 CMS-initial-mark: 12323K(21888K)] 13449K(31680K), 0.0002156 secs] [Times: user=0.00 sys=0.00, real=0.00 secs] 
2014-07-10T09:58:24.000+0200: 50.147: [CMS-concurrent-mark-start]
2014-07-10T09:58:24.001+0200: 50.147: [CMS-concurrent-mark: 0.001/0.001 secs] [Times: user=0.00 sys=0.00, real=0.00 secs] 
2014-07-10T09:58:24.001+0200: 50.147: [CMS-concurrent-preclean-start]
2014-07-10T09:58:24.001+0200: 50.147: [CMS-concurrent-preclean: 0.000/0.000 secs] [Times: user=0.00 sys=0.00, real=0.00 secs] 
2014-07-10T09:58:24.001+0200: 50.147: [GC (CMS Final Remark) [YG occupancy: 2022 K (9792 K)]50.147: [Rescan (parallel) , 0.0000942 secs]50.148: [weak refs processing, 0.0000249 secs]50.148: [class unloading, 0.0004319 secs]50.148: [scrub symbol table, 0.0005463 secs]50.149: [scrub string table, 0.0001613 secs][1 CMS-remark: 12323K(21888K)] 14345K(31680K), 0.0013726 secs] [Times: user=0.00 sys=0.00, real=0.00 secs] 
2014-07-10T09:58:24.002+0200: 50.149: [CMS-concurrent-sweep-start]
2014-07-10T09:58:24.003+0200: 50.149: [CMS-concurrent-sweep: 0.000/0.000 secs] [Times: user=0.00 sys=0.02, real=0.00 secs] 
2014-07-10T09:58:24.003+0200: 50.149: [CMS-concurrent-reset-start]
2014-07-10T09:58:24.003+0200: 50.149: [CMS-concurrent-reset: 0.000/0.000 secs] [Times: user=0.00 sys=0.00, real=0.00 secs] 
2014-07-10T09:58:24.043+0200: 50.190: [GC (Allocation Failure) 50.190: [ParNew: 9745K->1059K(9792K), 0.0057593 secs] 16369K->14343K(31680K), 0.0059056 secs] [Times: user=0.00 sys=0.00, real=0.01 secs] 
2014-07-10T09:58:24.049+0200: 50.196: [GC (CMS Initial Mark) [1 CMS-initial-mark: 13284K(21888K)] 14409K(31680K), 0.0003058 secs] [Times: user=0.03 sys=0.00, real=0.00 secs] 
2014-07-10T09:58:24.050+0200: 50.196: [CMS-concurrent-mark-start]
2014-07-10T09:58:24.051+0200: 50.197: [CMS-concurrent-mark: 0.001/0.001 secs] [Times: user=0.00 sys=0.00, real=0.00 secs] 
2014-07-10T09:58:24.051+0200: 50.197: [CMS-concurrent-preclean-start]
2014-07-10T09:58:24.051+0200: 50.197: [CMS-concurrent-preclean: 0.000/0.000 secs] [Times: user=0.00 sys=0.00, real=0.00 secs] 
2014-07-10T09:58:24.051+0200: 50.197: [CMS-concurrent-abortable-preclean-start]
2014-07-10T09:58:24.091+0200: 50.237: [GC (Allocation Failure) 50.237: [ParNew: 9745K->5K(9792K), 0.0004000 secs] 23029K->13290K(31680K), 0.0004751 secs] [Times: user=0.00 sys=0.00, real=0.00 secs] 
2014-07-10T09:58:24.094+0200: 50.241: [GC (Allocation Failure) 50.241: [ParNew: 8707K->8707K(9792K), 0.0000455 secs]50.241: [CMS2014-07-10T09:58:24.095+0200: 50.241: [CMS-concurrent-abortable-preclean: 0.000/0.044 secs] [Times: user=0.00 sys=0.00, real=0.04 secs] 
 (concurrent mode failure): 13285K->938K(21888K), 0.0034635 secs] 21993K->938K(31680K), [Metaspace: 2457K->2457K(1056768K)], 0.0036622 secs] [Times: user=0.02 sys=0.00, real=0.00 secs] 
2014-07-10T09:58:24.147+0200: 50.293: [GC (Allocation Failure) 50.293: [ParNew: 8673K->1059K(9792K), 0.0096925 secs] 9611K->9077K(31680K), 0.0099924 secs] [Times: user=0.00 sys=0.00, real=0.01 secs] 
2014-07-10T09:58:24.158+0200: 50.304: [GC (CMS Initial Mark) [1 CMS-initial-mark: 8017K(21888K)] 9367K(31680K), 0.0003274 secs] [Times: user=0.00 sys=0.00, real=0.00 secs] 
2014-07-10T09:58:24.158+0200: 50.305: [CMS-concurrent-mark-start]
2014-07-10T09:58:24.160+0200: 50.307: [CMS-concurrent-mark: 0.002/0.002 secs] [Times: user=0.03 sys=0.00, real=0.00 secs] 
2014-07-10T09:58:24.160+0200: 50.307: [CMS-concurrent-preclean-start]
2014-07-10T09:58:24.161+0200: 50.307: [CMS-concurrent-preclean: 0.000/0.000 secs] [Times: user=0.00 sys=0.00, real=0.00 secs] 
2014-07-10T09:58:24.161+0200: 50.307: [CMS-concurrent-abortable-preclean-start]
2014-07-10T09:58:24.191+0200: 50.337: [GC (Allocation Failure) 50.337: [ParNew: 9747K->421K(9792K), 0.0005840 secs] 17765K->8440K(31680K), 0.0006735 secs] [Times: user=0.00 sys=0.00, real=0.00 secs] 
2014-07-10T09:58:24.241+0200: 50.388: [GC (Allocation Failure) 50.388: [ParNew: 9107K->902K(9792K), 0.0014914 secs] 17126K->8921K(31680K), 0.0017129 secs] [Times: user=0.00 sys=0.00, real=0.00 secs] 
2014-07-10T09:58:24.249+0200: 50.396: [GC (Allocation Failure) 50.396: [ParNew: 9588K->1059K(9792K), 0.0023523 secs] 17607K->9401K(31680K), 0.0025807 secs] [Times: user=0.03 sys=0.00, real=0.00 secs] 
2014-07-10T09:58:24.291+0200: 50.438: [GC (Allocation Failure) 50.438: [ParNew: 9745K->1059K(9792K), 0.0018731 secs] 18088K->10203K(31680K), 0.0019900 secs] [Times: user=0.00 sys=0.00, real=0.00 secs] 
2014-07-10T09:58:24.345+0200: 50.491: [GC (Allocation Failure) 50.491: [ParNew: 9745K->1059K(9792K), 0.0021143 secs] 18889K->11484K(31680K), 0.0022317 secs] [Times: user=0.02 sys=0.00, real=0.00 secs] 
2014-07-10T09:58:24.352+0200: 50.499: [GC (Allocation Failure) 50.499: [ParNew: 9755K->1059K(9792K), 0.0014713 secs] 20180K->11710K(31680K), 0.0015948 secs] [Times: user=0.00 sys=0.00, real=0.00 secs] 
2014-07-10T09:58:24.391+0200: 50.537: [GC (Allocation Failure) 50.538: [ParNew: 9751K->1061K(9792K), 0.0007237 secs] 20402K->11906K(31680K), 0.0007989 secs] [Times: user=0.00 sys=0.00, real=0.00 secs] 
2014-07-10T09:58:24.442+0200: 50.588: [GC (Allocation Failure) 50.588: [ParNew: 9747K->1059K(9792K), 0.0027721 secs] 20592K->12578K(31680K), 0.0029700 secs] [Times: user=0.00 sys=0.00, real=0.00 secs] 
2014-07-10T09:58:24.452+0200: 50.599: [GC (Allocation Failure) 50.599: [ParNew: 9745K->1059K(9792K), 0.0028791 secs] 21264K->13732K(31680K), 0.0031105 secs] [Times: user=0.03 sys=0.00, real=0.00 secs] 
2014-07-10T09:58:24.492+0200: 50.638: [GC (Allocation Failure) 50.638: [ParNew: 9745K->1059K(9792K), 0.0028945 secs] 22418K->15365K(31680K), 0.0030379 secs] [Times: user=0.00 sys=0.00, real=0.00 secs] 
2014-07-10T09:58:24.543+0200: 50.690: [GC (Allocation Failure) 50.690: [ParNew: 9745K->1059K(9792K), 0.0031882 secs] 24052K->17480K(31680K), 0.0034602 secs] [Times: user=0.00 sys=0.00, real=0.00 secs] 
2014-07-10T09:58:24.554+0200: 50.700: [GC (Allocation Failure) 50.700: [ParNew: 9745K->1059K(9792K), 0.0035973 secs] 26166K->20074K(31680K), 0.0038092 secs] [Times: user=0.00 sys=0.00, real=0.00 secs] 
2014-07-10T09:58:24.593+0200: 50.739: [GC (Allocation Failure) 50.739: [ParNew: 9751K->9751K(9792K), 0.0000605 secs]50.739: [CMS2014-07-10T09:58:24.593+0200: 50.739: [CMS-concurrent-abortable-preclean: 0.005/0.432 secs] [Times: user=0.11 sys=0.00, real=0.43 secs] 
 (concurrent mode failure): 19014K->3548K(21888K), 0.0064405 secs] 28766K->3548K(31680K), [Metaspace: 2457K->2457K(1056768K)], 0.0066957 secs] [Times: user=0.02 sys=0.00, real=0.01 secs] 
2014-07-10T09:58:24.641+0200: 50.788: [GC (Allocation Failure) 50.788: [ParNew: 8686K->1059K(9792K), 0.0021814 secs] 12234K->7141K(31680K), 0.0023460 secs] [Times: user=0.00 sys=0.02, real=0.00 secs] 
2014-07-10T09:58:24.647+0200: 50.794: [GC (Allocation Failure) 50.794: [ParNew: 9745K->1059K(9792K), 0.0035808 secs] 15827K->10151K(31680K), 0.0038323 secs] [Times: user=0.00 sys=0.00, real=0.00 secs] 
2014-07-10T09:58:24.693+0200: 50.839: [GC (Allocation Failure) 50.840: [ParNew: 9745K->1059K(9792K), 0.0032017 secs] 18838K->13642K(31680K), 0.0033957 secs] [Times: user=0.00 sys=0.00, real=0.00 secs] 
2014-07-10T09:58:24.742+0200: 50.889: [GC (Allocation Failure) 50.889: [ParNew: 9745K->1059K(9792K), 0.0036190 secs] 22328K->17613K(31680K), 0.0038518 secs] [Times: user=0.00 sys=0.00, real=0.00 secs] 
2014-07-10T09:58:24.746+0200: 50.893: [GC (CMS Initial Mark) [1 CMS-initial-mark: 16554K(21888K)] 17679K(31680K), 0.0002079 secs] [Times: user=0.00 sys=0.00, real=0.00 secs] 
2014-07-10T09:58:24.746+0200: 50.893: [CMS-concurrent-mark-start]
2014-07-10T09:58:24.747+0200: 50.894: [CMS-concurrent-mark: 0.001/0.001 secs] [Times: user=0.00 sys=0.00, real=0.00 secs] 
2014-07-10T09:58:24.747+0200: 50.894: [CMS-concurrent-preclean-start]
2014-07-10T09:58:24.747+0200: 50.894: [CMS-concurrent-preclean: 0.000/0.000 secs] [Times: user=0.00 sys=0.00, real=0.00 secs] 
2014-07-10T09:58:24.747+0200: 50.894: [CMS-concurrent-abortable-preclean-start]
2014-07-10T09:58:24.750+0200: 50.896: [GC (Allocation Failure) 50.896: [ParNew: 9745K->1059K(9792K), 0.0043005 secs] 26299K->22064K(31680K), 0.0044380 secs] [Times: user=0.03 sys=0.00, real=0.00 secs] 
2014-07-10T09:58:24.754+0200: 50.901: [CMS-concurrent-abortable-preclean: 0.000/0.007 secs] [Times: user=0.03 sys=0.00, real=0.01 secs] 
2014-07-10T09:58:24.755+0200: 50.901: [GC (CMS Final Remark) [YG occupancy: 1253 K (9792 K)]50.901: [Rescan (parallel) , 0.0001631 secs]50.901: [weak refs processing, 0.0000264 secs]50.901: [class unloading, 0.0004663 secs]50.902: [scrub symbol table, 0.0005657 secs]50.902: [scrub string table, 0.0001631 secs][1 CMS-remark: 21005K(21888K)] 22259K(31680K), 0.0015035 secs] [Times: user=0.00 sys=0.00, real=0.00 secs] 
2014-07-10T09:58:24.756+0200: 50.903: [CMS-concurrent-sweep-start]
2014-07-10T09:58:24.757+0200: 50.903: [CMS-concurrent-sweep: 0.000/0.000 secs] [Times: user=0.00 sys=0.00, real=0.00 secs] 
2014-07-10T09:58:24.757+0200: 50.903: [CMS-concurrent-reset-start]
2014-07-10T09:58:24.757+0200: 50.903: [CMS-concurrent-reset: 0.000/0.000 secs] [Times: user=0.00 sys=0.00, real=0.00 secs] 
2014-07-10T09:58:24.793+0200: 50.939: [GC (Allocation Failure) 50.939: [ParNew: 9745K->1059K(9792K), 0.0058334 secs] 18612K->14858K(31680K), 0.0060405 secs] [Times: user=0.03 sys=0.00, real=0.01 secs] 
2014-07-10T09:58:24.799+0200: 50.946: [GC (CMS Initial Mark) [1 CMS-initial-mark: 13798K(21888K)] 14924K(31680K), 0.0005554 secs] [Times: user=0.00 sys=0.00, real=0.00 secs] 
2014-07-10T09:58:24.800+0200: 50.947: [CMS-concurrent-mark-start]
2014-07-10T09:58:24.802+0200: 50.949: [CMS-concurrent-mark: 0.002/0.002 secs] [Times: user=0.00 sys=0.00, real=0.00 secs] 
2014-07-10T09:58:24.802+0200: 50.949: [CMS-concurrent-preclean-start]
2014-07-10T09:58:24.802+0200: 50.949: [CMS-concurrent-preclean: 0.000/0.000 secs] [Times: user=0.00 sys=0.00, real=0.00 secs] 
2014-07-10T09:58:24.803+0200: 50.949: [CMS-concurrent-abortable-preclean-start]
2014-07-10T09:58:24.845+0200: 50.991: [GC (Allocation Failure) 50.991: [ParNew: 9745K->1059K(9792K), 0.0084779 secs] 23544K->20269K(31680K), 0.0087620 secs] [Times: user=0.00 sys=0.00, real=0.01 secs] 
2014-07-10T09:58:24.856+0200: 51.002: [CMS-concurrent-abortable-preclean: 0.002/0.053 secs] [Times: user=0.02 sys=0.00, real=0.05 secs] 
2014-07-10T09:58:24.856+0200: 51.003: [GC (CMS Final Remark) [YG occupancy: 4617 K (9792 K)]51.003: [Rescan (parallel) , 0.0003886 secs]51.003: [weak refs processing, 0.0000616 secs]51.003: [class unloading, 0.0011233 secs]51.004: [scrub symbol table, 0.0013048 secs]51.006: [scrub string table, 0.0004594 secs][1 CMS-remark: 19210K(21888K)] 23827K(31680K), 0.0036952 secs] [Times: user=0.00 sys=0.00, real=0.00 secs] 
2014-07-10T09:58:24.860+0200: 51.007: [CMS-concurrent-sweep-start]
2014-07-10T09:58:24.861+0200: 51.007: [CMS-concurrent-sweep: 0.001/0.001 secs] [Times: user=0.03 sys=0.00, real=0.00 secs] 
2014-07-10T09:58:24.861+0200: 51.008: [CMS-concurrent-reset-start]
2014-07-10T09:58:24.861+0200: 51.008: [CMS-concurrent-reset: 0.000/0.000 secs] [Times: user=0.00 sys=0.00, real=0.00 secs] 
2014-07-10T09:58:24.864+0200: 51.010: [GC (Allocation Failure) 51.010: [ParNew: 9745K->1059K(9792K), 0.0086571 secs] 20533K->17739K(31680K), 0.0088646 secs] [Times: user=0.00 sys=0.00, real=0.01 secs] 
2014-07-10T09:58:24.873+0200: 51.019: [GC (CMS Initial Mark) [1 CMS-initial-mark: 16680K(21888K)] 17805K(31680K), 0.0004363 secs] [Times: user=0.00 sys=0.00, real=0.00 secs] 
2014-07-10T09:58:24.873+0200: 51.020: [CMS-concurrent-mark-start]
2014-07-10T09:58:24.876+0200: 51.022: [CMS-concurrent-mark: 0.002/0.002 secs] [Times: user=0.02 sys=0.00, real=0.00 secs] 
2014-07-10T09:58:24.876+0200: 51.022: [CMS-concurrent-preclean-start]
2014-07-10T09:58:24.876+0200: 51.023: [CMS-concurrent-preclean: 0.000/0.000 secs] [Times: user=0.00 sys=0.00, real=0.00 secs] 
2014-07-10T09:58:24.876+0200: 51.023: [CMS-concurrent-abortable-preclean-start]
2014-07-10T09:58:24.893+0200: 51.039: [GC (Allocation Failure) 51.039: [ParNew: 9759K->9759K(9792K), 0.0000550 secs]51.040: [CMS2014-07-10T09:58:24.893+0200: 51.040: [CMS-concurrent-abortable-preclean: 0.000/0.017 secs] [Times: user=0.02 sys=0.00, real=0.02 secs] 
 (concurrent mode failure): 16680K->6206K(21888K), 0.0076111 secs] 26439K->6206K(31680K), [Metaspace: 2457K->2457K(1056768K)], 0.0078399 secs] [Times: user=0.00 sys=0.00, real=0.01 secs] 
2014-07-10T09:58:24.943+0200: 51.089: [GC (Allocation Failure) 51.089: [ParNew: 8686K->1059K(9792K), 0.0050041 secs] 14893K->12457K(31680K), 0.0051801 secs] [Times: user=0.00 sys=0.00, real=0.00 secs] 
2014-07-10T09:58:24.948+0200: 51.095: [GC (CMS Initial Mark) [1 CMS-initial-mark: 11397K(21888K)] 12489K(31680K), 0.0002651 secs] [Times: user=0.00 sys=0.00, real=0.00 secs] 
2014-07-10T09:58:24.949+0200: 51.095: [CMS-concurrent-mark-start]
2014-07-10T09:58:24.950+0200: 51.096: [CMS-concurrent-mark: 0.001/0.001 secs] [Times: user=0.00 sys=0.00, real=0.00 secs] 
2014-07-10T09:58:24.950+0200: 51.096: [CMS-concurrent-preclean-start]
2014-07-10T09:58:24.950+0200: 51.097: [CMS-concurrent-preclean: 0.000/0.000 secs] [Times: user=0.00 sys=0.00, real=0.00 secs] 
2014-07-10T09:58:24.950+0200: 51.097: [CMS-concurrent-abortable-preclean-start]
2014-07-10T09:58:24.952+0200: 51.099: [GC (Allocation Failure) 51.099: [ParNew: 9745K->1059K(9792K), 0.0054653 secs] 21143K->18124K(31680K), 0.0056233 secs] [Times: user=0.03 sys=0.00, real=0.01 secs] 
2014-07-10T09:58:24.993+0200: 51.140: [GC (Allocation Failure) 51.140: [ParNew: 9745K->9745K(9792K), 0.0000810 secs]51.140: [CMS2014-07-10T09:58:24.994+0200: 51.140: [CMS-concurrent-abortable-preclean: 0.001/0.044 secs] [Times: user=0.03 sys=0.00, real=0.04 secs] 
 (concurrent mode failure): 17065K->7647K(21888K), 0.0084914 secs] 26811K->7647K(31680K), [Metaspace: 2457K->2457K(1056768K)], 0.0087576 secs] [Times: user=0.02 sys=0.00, real=0.01 secs] 
2014-07-10T09:58:25.046+0200: 51.192: [GC (Allocation Failure) 51.192: [ParNew: 8686K->1059K(9792K), 0.0112349 secs] 16333K->15338K(31680K), 0.0114988 secs] [Times: user=0.03 sys=0.00, real=0.01 secs] 
2014-07-10T09:58:25.058+0200: 51.204: [GC (CMS Initial Mark) [1 CMS-initial-mark: 14278K(21888K)] 15404K(31680K), 0.0004466 secs] [Times: user=0.00 sys=0.00, real=0.00 secs] 
2014-07-10T09:58:25.058+0200: 51.205: [CMS-concurrent-mark-start]
2014-07-10T09:58:25.060+0200: 51.207: [CMS-concurrent-mark: 0.002/0.002 secs] [Times: user=0.00 sys=0.00, real=0.00 secs] 
2014-07-10T09:58:25.060+0200: 51.207: [CMS-concurrent-preclean-start]
2014-07-10T09:58:25.061+0200: 51.207: [CMS-concurrent-preclean: 0.000/0.000 secs] [Times: user=0.00 sys=0.00, real=0.00 secs] 
2014-07-10T09:58:25.061+0200: 51.207: [CMS-concurrent-abortable-preclean-start]
2014-07-10T09:58:25.065+0200: 51.212: [GC (Allocation Failure) 51.212: [ParNew: 9745K->9745K(9792K), 0.0000623 secs]51.212: [CMS2014-07-10T09:58:25.066+0200: 51.212: [CMS-concurrent-abortable-preclean: 0.000/0.005 secs] [Times: user=0.02 sys=0.00, real=0.00 secs] 
 (concurrent mode failure): 14278K->8608K(21888K), 0.0086546 secs] 24024K->8608K(31680K), [Metaspace: 2457K->2457K(1056768K)], 0.0090139 secs] [Times: user=0.00 sys=0.00, real=0.01 secs] 
2014-07-10T09:58:25.094+0200: 51.241: [GC (Allocation Failure) 51.241: [ParNew: 8696K->461K(9792K), 0.0010372 secs] 17305K->9069K(31680K), 0.0011710 secs] [Times: user=0.03 sys=0.00, real=0.00 secs] 
2014-07-10T09:58:25.148+0200: 51.294: [GC (Allocation Failure) 51.295: [ParNew: 9148K->1061K(9792K), 0.0084221 secs] 17756K->16204K(31680K), 0.0087041 secs] [Times: user=0.02 sys=0.00, real=0.01 secs] 
2014-07-10T09:58:25.159+0200: 51.305: [GC (CMS Initial Mark) [1 CMS-initial-mark: 15143K(21888K)] 16655K(31680K), 0.0004183 secs] [Times: user=0.00 sys=0.00, real=0.00 secs] 
2014-07-10T09:58:25.159+0200: 51.306: [CMS-concurrent-mark-start]
2014-07-10T09:58:25.160+0200: 51.307: [CMS-concurrent-mark: 0.001/0.001 secs] [Times: user=0.00 sys=0.00, real=0.00 secs] 
2014-07-10T09:58:25.160+0200: 51.307: [CMS-concurrent-preclean-start]
2014-07-10T09:58:25.160+0200: 51.307: [CMS-concurrent-preclean: 0.000/0.000 secs] [Times: user=0.00 sys=0.00, real=0.00 secs] 
2014-07-10T09:58:25.160+0200: 51.307: [CMS-concurrent-abortable-preclean-start]
2014-07-10T09:58:25.163+0200: 51.309: [GC (Allocation Failure) 51.309: [ParNew: 9747K->9747K(9792K), 0.0000488 secs]51.309: [CMS2014-07-10T09:58:25.163+0200: 51.310: [CMS-concurrent-abortable-preclean: 0.000/0.003 secs] [Times: user=0.00 sys=0.00, real=0.00 secs] 
 (concurrent mode failure): 15143K->8512K(21888K), 0.0084291 secs] 24891K->8512K(31680K), [Metaspace: 2457K->2457K(1056768K)], 0.0086289 secs] [Times: user=0.00 sys=0.00, real=0.01 secs] 
2014-07-10T09:58:25.241+0200: 51.388: [GC (Allocation Failure) 51.388: [ParNew: 8688K->357K(9792K), 0.0004491 secs] 17200K->8869K(31680K), 0.0005166 secs] [Times: user=0.00 sys=0.00, real=0.00 secs] 
2014-07-10T09:58:25.245+0200: 51.392: [GC (Allocation Failure) 51.392: [ParNew: 9043K->838K(9792K), 0.0009026 secs] 17556K->9351K(31680K), 0.0009811 secs] [Times: user=0.00 sys=0.00, real=0.00 secs] 
2014-07-10T09:58:25.334+0200: 51.480: [GC (Allocation Failure) 51.480: [ParNew: 9524K->1059K(9792K), 0.0016777 secs] 18037K->9833K(31680K), 0.0018199 secs] [Times: user=0.00 sys=0.00, real=0.00 secs] 
2014-07-10T09:58:25.342+0200: 51.488: [GC (Allocation Failure) 51.488: [ParNew: 9745K->1059K(9792K), 0.0017653 secs] 18519K->10570K(31680K), 0.0018944 secs] [Times: user=0.00 sys=0.02, real=0.00 secs] 
2014-07-10T09:58:25.348+0200: 51.494: [GC (Allocation Failure) 51.495: [ParNew: 9745K->1059K(9792K), 0.0146188 secs] 19257K->11788K(31680K), 0.0147435 secs] [Times: user=0.02 sys=0.00, real=0.01 secs] 
2014-07-10T09:58:25.391+0200: 51.538: [GC (Allocation Failure) 51.538: [ParNew: 9755K->1059K(9792K), 0.0008990 secs] 20484K->11951K(31680K), 0.0009815 secs] [Times: user=0.00 sys=0.00, real=0.00 secs] 
2014-07-10T09:58:25.442+0200: 51.588: [GC (Allocation Failure) 51.588: [ParNew: 9745K->1059K(9792K), 0.0049747 secs] 20638K->12594K(31680K), 0.0050891 secs] [Times: user=0.00 sys=0.00, real=0.01 secs] 
2014-07-10T09:58:25.451+0200: 51.598: [GC (Allocation Failure) 51.598: [ParNew: 9745K->1059K(9792K), 0.0290734 secs] 21280K->13715K(31680K), 0.0292120 secs] [Times: user=0.02 sys=0.00, real=0.03 secs] 
2014-07-10T09:58:25.491+0200: 51.638: [GC (Allocation Failure) 51.638: [ParNew: 9745K->1059K(9792K), 0.0027042 secs] 22402K->15317K(31680K), 0.0028571 secs] [Times: user=0.00 sys=0.00, real=0.00 secs] 
2014-07-10T09:58:25.541+0200: 51.688: [GC (Allocation Failure) 51.688: [ParNew: 9745K->1059K(9792K), 0.0022225 secs] 24004K->17399K(31680K), 0.0023438 secs] [Times: user=0.00 sys=0.00, real=0.00 secs] 
2014-07-10T09:58:25.545+0200: 51.692: [GC (CMS Initial Mark) [1 CMS-initial-mark: 16340K(21888K)] 19322K(31680K), 0.0002049 secs] [Times: user=0.00 sys=0.00, real=0.00 secs] 
2014-07-10T09:58:25.545+0200: 51.692: [CMS-concurrent-mark-start]
2014-07-10T09:58:25.546+0200: 51.693: [CMS-concurrent-mark: 0.001/0.001 secs] [Times: user=0.00 sys=0.00, real=0.00 secs] 
2014-07-10T09:58:25.546+0200: 51.693: [CMS-concurrent-preclean-start]
2014-07-10T09:58:25.546+0200: 51.693: [CMS-concurrent-preclean: 0.000/0.000 secs] [Times: user=0.00 sys=0.00, real=0.00 secs] 
2014-07-10T09:58:25.546+0200: 51.693: [CMS-concurrent-abortable-preclean-start]
2014-07-10T09:58:25.549+0200: 51.696: [GC (Allocation Failure) 51.696: [ParNew: 9745K->1059K(9792K), 0.0027761 secs] 26086K->19962K(31680K), 0.0029249 secs] [Times: user=0.00 sys=0.00, real=0.00 secs] 
2014-07-10T09:58:25.592+0200: 51.738: [GC (Allocation Failure) 51.738: [ParNew: 9745K->9745K(9792K), 0.0000418 secs]51.738: [CMS2014-07-10T09:58:25.592+0200: 51.738: [CMS-concurrent-abortable-preclean: 0.001/0.046 secs] [Times: user=0.01 sys=0.00, real=0.05 secs] 
 (concurrent mode failure): 18902K->4543K(21888K), 0.0055320 secs] 28648K->4543K(31680K), [Metaspace: 2457K->2457K(1056768K)], 0.0057128 secs] [Times: user=0.02 sys=0.00, real=0.00 secs] 
2014-07-10T09:58:25.642+0200: 51.788: [GC (Allocation Failure) 51.789: [ParNew: 8689K->1061K(9792K), 0.0023295 secs] 13232K->8106K(31680K), 0.0024652 secs] [Times: user=0.00 sys=0.00, real=0.00 secs] 
2014-07-10T09:58:25.649+0200: 51.795: [GC (Allocation Failure) 51.795: [ParNew: 9747K->1059K(9792K), 0.0031871 secs] 16792K->11083K(31680K), 0.0033370 secs] [Times: user=0.00 sys=0.00, real=0.00 secs] 
2014-07-10T09:58:25.692+0200: 51.839: [GC (Allocation Failure) 51.839: [ParNew: 9745K->1059K(9792K), 0.0034899 secs] 19769K->14541K(31680K), 0.0036234 secs] [Times: user=0.00 sys=0.00, real=0.00 secs] 
2014-07-10T09:58:25.696+0200: 51.842: [GC (CMS Initial Mark) [1 CMS-initial-mark: 13482K(21888K)] 14607K(31680K), 0.0002262 secs] [Times: user=0.00 sys=0.00, real=0.00 secs] 
2014-07-10T09:58:25.696+0200: 51.843: [CMS-concurrent-mark-start]
2014-07-10T09:58:25.697+0200: 51.844: [CMS-concurrent-mark: 0.001/0.001 secs] [Times: user=0.00 sys=0.00, real=0.00 secs] 
2014-07-10T09:58:25.697+0200: 51.844: [CMS-concurrent-preclean-start]
2014-07-10T09:58:25.697+0200: 51.844: [CMS-concurrent-preclean: 0.000/0.000 secs] [Times: user=0.00 sys=0.00, real=0.00 secs] 
2014-07-10T09:58:25.697+0200: 51.844: [CMS-concurrent-abortable-preclean-start]
2014-07-10T09:58:25.745+0200: 51.892: [GC (Allocation Failure) 51.892: [ParNew: 9745K->1059K(9792K), 0.0065179 secs] 23228K->18480K(31680K), 0.0068673 secs] [Times: user=0.03 sys=0.00, real=0.01 secs] 
2014-07-10T09:58:25.759+0200: 51.906: [GC (Allocation Failure) 51.906: [ParNew: 9745K->9745K(9792K), 0.0000645 secs]51.906: [CMS2014-07-10T09:58:25.759+0200: 51.906: [CMS-concurrent-abortable-preclean: 0.001/0.062 secs] [Times: user=0.03 sys=0.00, real=0.06 secs] 
 (concurrent mode failure): 17421K->5919K(21888K), 0.0070707 secs] 27167K->5919K(31680K), [Metaspace: 2457K->2457K(1056768K)], 0.0073340 secs] [Times: user=0.02 sys=0.00, real=0.01 secs] 
2014-07-10T09:58:25.793+0200: 51.940: [GC (Allocation Failure) 51.940: [ParNew: 8686K->1059K(9792K), 0.0046250 secs] 14606K->11881K(31680K), 0.0047760 secs] [Times: user=0.03 sys=0.00, real=0.01 secs] 
2014-07-10T09:58:25.798+0200: 51.945: [GC (CMS Initial Mark) [1 CMS-initial-mark: 10822K(21888K)] 11947K(31680K), 0.0002280 secs] [Times: user=0.00 sys=0.00, real=0.00 secs] 
2014-07-10T09:58:25.798+0200: 51.945: [CMS-concurrent-mark-start]
2014-07-10T09:58:25.799+0200: 51.946: [CMS-concurrent-mark: 0.001/0.001 secs] [Times: user=0.00 sys=0.00, real=0.00 secs] 
2014-07-10T09:58:25.799+0200: 51.946: [CMS-concurrent-preclean-start]
2014-07-10T09:58:25.799+0200: 51.946: [CMS-concurrent-preclean: 0.000/0.000 secs] [Times: user=0.00 sys=0.00, real=0.00 secs] 
2014-07-10T09:58:25.799+0200: 51.946: [CMS-concurrent-abortable-preclean-start]
2014-07-10T09:58:25.843+0200: 51.990: [GC (Allocation Failure) 51.990: [ParNew: 9745K->1059K(9792K), 0.0065197 secs] 20568K->17261K(31680K), 0.0067837 secs] [Times: user=0.00 sys=0.00, real=0.01 secs] 
2014-07-10T09:58:25.857+0200: 52.003: [GC (Allocation Failure) 52.004: [ParNew: 9760K->9760K(9792K), 0.0000972 secs]52.004: [CMS2014-07-10T09:58:25.857+0200: 52.004: [CMS-concurrent-abortable-preclean: 0.002/0.058 secs] [Times: user=0.02 sys=0.00, real=0.06 secs] 
 (concurrent mode failure): 16202K->6209K(21888K), 0.0138368 secs] 25962K->6209K(31680K), [Metaspace: 2457K->2457K(1056768K)], 0.0142548 secs] [Times: user=0.02 sys=0.00, real=0.01 secs] 
2014-07-10T09:58:25.893+0200: 52.039: [GC (Allocation Failure) 52.039: [ParNew: 8691K->1059K(9792K), 0.0038507 secs] 14901K->11435K(31680K), 0.0040270 secs] [Times: user=0.00 sys=0.00, real=0.00 secs] 
2014-07-10T09:58:25.897+0200: 52.044: [GC (CMS Initial Mark) [1 CMS-initial-mark: 10375K(21888K)] 11501K(31680K), 0.0002317 secs] [Times: user=0.00 sys=0.00, real=0.00 secs] 
2014-07-10T09:58:25.897+0200: 52.044: [CMS-concurrent-mark-start]
2014-07-10T09:58:25.899+0200: 52.045: [CMS-concurrent-mark: 0.001/0.001 secs] [Times: user=0.00 sys=0.00, real=0.00 secs] 
2014-07-10T09:58:25.899+0200: 52.045: [CMS-concurrent-preclean-start]
2014-07-10T09:58:25.899+0200: 52.045: [CMS-concurrent-preclean: 0.000/0.000 secs] [Times: user=0.00 sys=0.00, real=0.00 secs] 
2014-07-10T09:58:25.899+0200: 52.045: [CMS-concurrent-abortable-preclean-start]
2014-07-10T09:58:25.942+0200: 52.089: [GC (Allocation Failure) 52.089: [ParNew: 9745K->1059K(9792K), 0.0047056 secs] 20121K->16079K(31680K), 0.0048831 secs] [Times: user=0.00 sys=0.00, real=0.01 secs] 
2014-07-10T09:58:25.951+0200: 52.098: [GC (Allocation Failure) 52.098: [ParNew: 9745K->1059K(9792K), 0.0049890 secs] 24765K->21202K(31680K), 0.0051482 secs] [Times: user=0.03 sys=0.00, real=0.01 secs] 
2014-07-10T09:58:25.958+0200: 52.105: [CMS-concurrent-abortable-preclean: 0.002/0.059 secs] [Times: user=0.03 sys=0.00, real=0.06 secs] 
2014-07-10T09:58:25.958+0200: 52.105: [GC (CMS Final Remark) [YG occupancy: 3078 K (9792 K)]52.105: [Rescan (parallel) , 0.0001598 secs]52.105: [weak refs processing, 0.0000363 secs]52.105: [class unloading, 0.0005829 secs]52.106: [scrub symbol table, 0.0008062 secs]52.107: [scrub string table, 0.0002394 secs][1 CMS-remark: 20143K(21888K)] 23221K(31680K), 0.0020194 secs] [Times: user=0.00 sys=0.00, real=0.00 secs] 
2014-07-10T09:58:25.960+0200: 52.107: [CMS-concurrent-sweep-start]
2014-07-10T09:58:25.961+0200: 52.107: [CMS-concurrent-sweep: 0.000/0.000 secs] [Times: user=0.00 sys=0.00, real=0.00 secs] 
2014-07-10T09:58:25.961+0200: 52.107: [CMS-concurrent-reset-start]
2014-07-10T09:58:25.961+0200: 52.108: [CMS-concurrent-reset: 0.000/0.000 secs] [Times: user=0.00 sys=0.00, real=0.00 secs] 
2014-07-10T09:58:25.993+0200: 52.139: [GC (Allocation Failure) 52.139: [ParNew: 9745K->1059K(9792K), 0.0051086 secs] 24124K->21042K(31680K), 0.0052761 secs] [Times: user=0.00 sys=0.00, real=0.00 secs] 
2014-07-10T09:58:25.998+0200: 52.145: [GC (CMS Initial Mark) [1 CMS-initial-mark: 19982K(21888K)] 21108K(31680K), 0.0002126 secs] [Times: user=0.00 sys=0.00, real=0.00 secs] 
2014-07-10T09:58:25.998+0200: 52.145: [CMS-concurrent-mark-start]
2014-07-10T09:58:25.999+0200: 52.146: [CMS-concurrent-mark: 0.001/0.001 secs] [Times: user=0.03 sys=0.00, real=0.00 secs] 
2014-07-10T09:58:25.999+0200: 52.146: [CMS-concurrent-preclean-start]
2014-07-10T09:58:25.999+0200: 52.146: [CMS-concurrent-preclean: 0.000/0.000 secs] [Times: user=0.00 sys=0.00, real=0.00 secs] 
2014-07-10T09:58:25.999+0200: 52.146: [GC (CMS Final Remark) [YG occupancy: 2598 K (9792 K)]52.146: [Rescan (parallel) , 0.0001122 secs]52.146: [weak refs processing, 0.0000257 secs]52.146: [class unloading, 0.0004374 secs]52.147: [scrub symbol table, 0.0005683 secs]52.147: [scrub string table, 0.0001719 secs][1 CMS-remark: 19982K(21888K)] 22581K(31680K), 0.0014317 secs] [Times: user=0.00 sys=0.00, real=0.00 secs] 
2014-07-10T09:58:26.001+0200: 52.147: [CMS-concurrent-sweep-start]
2014-07-10T09:58:26.001+0200: 52.148: [CMS-concurrent-sweep: 0.000/0.000 secs] [Times: user=0.00 sys=0.00, real=0.00 secs] 
2014-07-10T09:58:26.001+0200: 52.148: [CMS-concurrent-reset-start]
2014-07-10T09:58:26.001+0200: 52.148: [CMS-concurrent-reset: 0.000/0.000 secs] [Times: user=0.00 sys=0.00, real=0.00 secs] 
2014-07-10T09:58:26.045+0200: 52.192: [GC (Allocation Failure) 52.192: [ParNew: 9745K->1059K(9792K), 0.0091198 secs] 15798K->13196K(31680K), 0.0093992 secs] [Times: user=0.03 sys=0.00, real=0.01 secs] 
2014-07-10T09:58:26.055+0200: 52.201: [GC (CMS Initial Mark) [1 CMS-initial-mark: 12136K(21888K)] 13262K(31680K), 0.0004319 secs] [Times: user=0.00 sys=0.00, real=0.00 secs] 
2014-07-10T09:58:26.055+0200: 52.202: [CMS-concurrent-mark-start]
2014-07-10T09:58:26.057+0200: 52.203: [CMS-concurrent-mark: 0.001/0.001 secs] [Times: user=0.00 sys=0.00, real=0.00 secs] 
2014-07-10T09:58:26.057+0200: 52.203: [CMS-concurrent-preclean-start]
2014-07-10T09:58:26.057+0200: 52.203: [CMS-concurrent-preclean: 0.000/0.000 secs] [Times: user=0.00 sys=0.00, real=0.00 secs] 
2014-07-10T09:58:26.057+0200: 52.203: [CMS-concurrent-abortable-preclean-start]
2014-07-10T09:58:26.059+0200: 52.206: [GC (Allocation Failure) 52.206: [ParNew: 9745K->1059K(9792K), 0.0061798 secs] 21882K->19760K(31680K), 0.0063360 secs] [Times: user=0.03 sys=0.00, real=0.01 secs] 
2014-07-10T09:58:26.094+0200: 52.241: [GC (Allocation Failure) 52.241: [ParNew: 9751K->9751K(9792K), 0.0000590 secs]52.241: [CMS2014-07-10T09:58:26.094+0200: 52.241: [CMS-concurrent-abortable-preclean: 0.001/0.037 secs] [Times: user=0.05 sys=0.00, real=0.04 secs] 
 (concurrent mode failure): 18701K->7522K(21888K), 0.0084049 secs] 28452K->7522K(31680K), [Metaspace: 2457K->2457K(1056768K)], 0.0086619 secs] [Times: user=0.00 sys=0.00, real=0.01 secs] 
2014-07-10T09:58:26.144+0200: 52.291: [GC (Allocation Failure) 52.291: [ParNew: 8686K->1059K(9792K), 0.0057505 secs] 16208K->15085K(31680K), 0.0059184 secs] [Times: user=0.00 sys=0.00, real=0.01 secs] 
2014-07-10T09:58:26.151+0200: 52.297: [GC (CMS Initial Mark) [1 CMS-initial-mark: 14025K(21888K)] 15151K(31680K), 0.0003857 secs] [Times: user=0.00 sys=0.00, real=0.00 secs] 
2014-07-10T09:58:26.151+0200: 52.298: [CMS-concurrent-mark-start]
2014-07-10T09:58:26.152+0200: 52.299: [CMS-concurrent-mark: 0.001/0.001 secs] [Times: user=0.00 sys=0.00, real=0.00 secs] 
2014-07-10T09:58:26.152+0200: 52.299: [CMS-concurrent-preclean-start]
2014-07-10T09:58:26.152+0200: 52.299: [CMS-concurrent-preclean: 0.000/0.000 secs] [Times: user=0.00 sys=0.00, real=0.00 secs] 
2014-07-10T09:58:26.152+0200: 52.299: [CMS-concurrent-abortable-preclean-start]
2014-07-10T09:58:26.155+0200: 52.302: [GC (Allocation Failure) 52.302: [ParNew: 9745K->9745K(9792K), 0.0000572 secs]52.302: [CMS2014-07-10T09:58:26.156+0200: 52.302: [CMS-concurrent-abortable-preclean: 0.000/0.003 secs] [Times: user=0.02 sys=0.00, real=0.00 secs] 
 (concurrent mode failure): 14025K->8482K(21888K), 0.0096888 secs] 23771K->8482K(31680K), [Metaspace: 2457K->2457K(1056768K)], 0.0099315 secs] [Times: user=0.00 sys=0.00, real=0.01 secs] 
2014-07-10T09:58:26.241+0200: 52.388: [GC (Allocation Failure) 52.388: [ParNew: 8688K->325K(9792K), 0.0010929 secs] 17171K->8808K(31680K), 0.0012817 secs] [Times: user=0.00 sys=0.00, real=0.00 secs] 
2014-07-10T09:58:26.248+0200: 52.395: [GC (Allocation Failure) 52.395: [ParNew: 9011K->806K(9792K), 0.0020894 secs] 17494K->9289K(31680K), 0.0023152 secs] [Times: user=0.02 sys=0.00, real=0.00 secs] 
2014-07-10T09:58:26.351+0200: 52.497: [GC (Allocation Failure) 52.497: [ParNew: 9492K->1059K(9792K), 0.0327745 secs] 17975K->9771K(31680K), 0.0330183 secs] [Times: user=0.00 sys=0.00, real=0.03 secs] 
2014-07-10T09:58:26.389+0200: 52.536: [GC (Allocation Failure) 52.536: [ParNew: 9745K->1059K(9792K), 0.0103337 secs] 18458K->10479K(31680K), 0.0104719 secs] [Times: user=0.00 sys=0.00, real=0.01 secs] 
2014-07-10T09:58:26.407+0200: 52.553: [GC (Allocation Failure) 52.554: [ParNew: 9745K->1059K(9792K), 0.0015640 secs] 19165K->11664K(31680K), 0.0017121 secs] [Times: user=0.00 sys=0.00, real=0.00 secs] 
2014-07-10T09:58:26.413+0200: 52.560: [GC (Allocation Failure) 52.560: [ParNew: 9755K->1059K(9792K), 0.0010328 secs] 20360K->11794K(31680K), 0.0011497 secs] [Times: user=0.00 sys=0.00, real=0.00 secs] 
2014-07-10T09:58:26.441+0200: 52.588: [GC (Allocation Failure) 52.588: [ParNew: 9745K->1059K(9792K), 0.0008528 secs] 20480K->12404K(31680K), 0.0009404 secs] [Times: user=0.00 sys=0.00, real=0.00 secs] 
2014-07-10T09:58:26.446+0200: 52.593: [GC (Allocation Failure) 52.593: [ParNew: 9745K->1059K(9792K), 0.0014848 secs] 21090K->13494K(31680K), 0.0016121 secs] [Times: user=0.00 sys=0.00, real=0.00 secs] 
2014-07-10T09:58:26.492+0200: 52.638: [GC (Allocation Failure) 52.638: [ParNew: 9745K->1059K(9792K), 0.0014306 secs] 22180K->15063K(31680K), 0.0015402 secs] [Times: user=0.00 sys=0.00, real=0.00 secs] 
2014-07-10T09:58:26.542+0200: 52.689: [GC (Allocation Failure) 52.689: [ParNew: 9745K->1059K(9792K), 0.0030782 secs] 23750K->17114K(31680K), 0.0032289 secs] [Times: user=0.02 sys=0.00, real=0.00 secs] 
2014-07-10T09:58:26.549+0200: 52.696: [GC (Allocation Failure) 52.696: [ParNew: 9745K->1059K(9792K), 0.0030624 secs] 25800K->19644K(31680K), 0.0032311 secs] [Times: user=0.00 sys=0.00, real=0.00 secs] 
2014-07-10T09:58:26.553+0200: 52.699: [GC (CMS Initial Mark) [1 CMS-initial-mark: 18584K(21888K)] 19742K(31680K), 0.0002555 secs] [Times: user=0.00 sys=0.00, real=0.00 secs] 
2014-07-10T09:58:26.553+0200: 52.700: [CMS-concurrent-mark-start]
2014-07-10T09:58:26.554+0200: 52.701: [CMS-concurrent-mark: 0.001/0.001 secs] [Times: user=0.00 sys=0.00, real=0.00 secs] 
2014-07-10T09:58:26.554+0200: 52.701: [CMS-concurrent-preclean-start]
2014-07-10T09:58:26.554+0200: 52.701: [CMS-concurrent-preclean: 0.000/0.000 secs] [Times: user=0.00 sys=0.00, real=0.00 secs] 
2014-07-10T09:58:26.554+0200: 52.701: [CMS-concurrent-abortable-preclean-start]
2014-07-10T09:58:26.554+0200: 52.701: [CMS-concurrent-abortable-preclean: 0.000/0.000 secs] [Times: user=0.00 sys=0.00, real=0.00 secs] 
2014-07-10T09:58:26.555+0200: 52.701: [GC (CMS Final Remark) [YG occupancy: 4329 K (9792 K)]52.701: [Rescan (parallel) , 0.0001624 secs]52.701: [weak refs processing, 0.0000367 secs]52.701: [class unloading, 0.0006475 secs]52.702: [scrub symbol table, 0.0007563 secs]52.703: [scrub string table, 0.0002357 secs][1 CMS-remark: 18584K(21888K)] 22913K(31680K), 0.0020395 secs] [Times: user=0.00 sys=0.00, real=0.00 secs] 
2014-07-10T09:58:26.557+0200: 52.703: [CMS-concurrent-sweep-start]
2014-07-10T09:58:26.557+0200: 52.704: [CMS-concurrent-sweep: 0.000/0.000 secs] [Times: user=0.00 sys=0.00, real=0.00 secs] 
2014-07-10T09:58:26.557+0200: 52.704: [CMS-concurrent-reset-start]
2014-07-10T09:58:26.557+0200: 52.704: [CMS-concurrent-reset: 0.000/0.000 secs] [Times: user=0.00 sys=0.00, real=0.00 secs] 
2014-07-10T09:58:26.592+0200: 52.739: [GC (Allocation Failure) 52.739: [ParNew: 9745K->1059K(9792K), 0.0027347 secs] 12725K->7049K(31680K), 0.0029077 secs] [Times: user=0.00 sys=0.00, real=0.00 secs] 
2014-07-10T09:58:26.642+0200: 52.788: [GC (Allocation Failure) 52.788: [ParNew: 9755K->1061K(9792K), 0.0018988 secs] 15745K->9005K(31680K), 0.0020428 secs] [Times: user=0.00 sys=0.00, real=0.00 secs] 
2014-07-10T09:58:26.648+0200: 52.795: [GC (Allocation Failure) 52.795: [ParNew: 9747K->1059K(9792K), 0.0031123 secs] 17692K->11439K(31680K), 0.0033407 secs] [Times: user=0.00 sys=0.00, real=0.00 secs] 
2014-07-10T09:58:26.693+0200: 52.840: [GC (Allocation Failure) 52.840: [ParNew: 9745K->1059K(9792K), 0.0044420 secs] 20125K->14353K(31680K), 0.0047207 secs] [Times: user=0.00 sys=0.00, real=0.00 secs] 
2014-07-10T09:58:26.743+0200: 52.890: [GC (Allocation Failure) 52.890: [ParNew: 9745K->1059K(9792K), 0.0059921 secs] 23040K->17748K(31680K), 0.0062957 secs] [Times: user=0.03 sys=0.00, real=0.01 secs] 
2014-07-10T09:58:26.750+0200: 52.897: [GC (CMS Initial Mark) [1 CMS-initial-mark: 16688K(21888K)] 17814K(31680K), 0.0003677 secs] [Times: user=0.00 sys=0.00, real=0.00 secs] 
2014-07-10T09:58:26.750+0200: 52.897: [CMS-concurrent-mark-start]
2014-07-10T09:58:26.753+0200: 52.899: [CMS-concurrent-mark: 0.002/0.002 secs] [Times: user=0.00 sys=0.00, real=0.00 secs] 
2014-07-10T09:58:26.753+0200: 52.900: [CMS-concurrent-preclean-start]
2014-07-10T09:58:26.753+0200: 52.900: [CMS-concurrent-preclean: 0.000/0.000 secs] [Times: user=0.00 sys=0.00, real=0.00 secs] 
2014-07-10T09:58:26.753+0200: 52.900: [CMS-concurrent-abortable-preclean-start]
2014-07-10T09:58:26.758+0200: 52.904: [GC (Allocation Failure) 52.904: [ParNew: 9745K->1059K(9792K), 0.0063866 secs] 26434K->21623K(31680K), 0.0066638 secs] [Times: user=0.03 sys=0.00, real=0.01 secs] 
2014-07-10T09:58:26.766+0200: 52.913: [CMS-concurrent-abortable-preclean: 0.001/0.013 secs] [Times: user=0.03 sys=0.00, real=0.01 secs] 
2014-07-10T09:58:26.767+0200: 52.914: [GC (CMS Final Remark) [YG occupancy: 4329 K (9792 K)]52.914: [Rescan (parallel) , 0.0005595 secs]52.915: [weak refs processing, 0.0001122 secs]52.915: [class unloading, 0.0012605 secs]52.916: [scrub symbol table, 0.0014702 secs]52.918: [scrub string table, 0.0004755 secs][1 CMS-remark: 20563K(21888K)] 24893K(31680K), 0.0043152 secs] [Times: user=0.00 sys=0.00, real=0.01 secs] 
2014-07-10T09:58:26.772+0200: 52.919: [CMS-concurrent-sweep-start]
2014-07-10T09:58:26.773+0200: 52.920: [CMS-concurrent-sweep: 0.001/0.001 secs] [Times: user=0.00 sys=0.00, real=0.00 secs] 
2014-07-10T09:58:26.773+0200: 52.920: [CMS-concurrent-reset-start]
2014-07-10T09:58:26.773+0200: 52.920: [CMS-concurrent-reset: 0.000/0.000 secs] [Times: user=0.00 sys=0.00, real=0.00 secs] 
2014-07-10T09:58:26.793+0200: 52.939: [GC (Allocation Failure) 52.939: [ParNew: 9745K->1059K(9792K), 0.0040846 secs] 17465K->13134K(31680K), 0.0042298 secs] [Times: user=0.03 sys=0.00, real=0.00 secs] 
2014-07-10T09:58:26.797+0200: 52.944: [GC (CMS Initial Mark) [1 CMS-initial-mark: 12074K(21888K)] 13200K(31680K), 0.0001921 secs] [Times: user=0.00 sys=0.00, real=0.00 secs] 
2014-07-10T09:58:26.797+0200: 52.944: [CMS-concurrent-mark-start]
2014-07-10T09:58:26.798+0200: 52.945: [CMS-concurrent-mark: 0.001/0.001 secs] [Times: user=0.00 sys=0.00, real=0.00 secs] 
2014-07-10T09:58:26.798+0200: 52.945: [CMS-concurrent-preclean-start]
2014-07-10T09:58:26.798+0200: 52.945: [CMS-concurrent-preclean: 0.000/0.000 secs] [Times: user=0.00 sys=0.00, real=0.00 secs] 
2014-07-10T09:58:26.798+0200: 52.945: [CMS-concurrent-abortable-preclean-start]
2014-07-10T09:58:26.844+0200: 52.991: [GC (Allocation Failure) 52.991: [ParNew: 9745K->1059K(9792K), 0.0078674 secs] 21820K->17969K(31680K), 0.0081486 secs] [Times: user=0.00 sys=0.00, real=0.01 secs] 
2014-07-10T09:58:26.860+0200: 53.006: [GC (Allocation Failure) 53.007: [ParNew: 9745K->9745K(9792K), 0.0001144 secs]53.007: [CMS2014-07-10T09:58:26.860+0200: 53.007: [CMS-concurrent-abortable-preclean: 0.002/0.062 secs] [Times: user=0.03 sys=0.00, real=0.06 secs] 
 (concurrent mode failure): 16910K->6819K(21888K), 0.0103227 secs] 26656K->6819K(31680K), [Metaspace: 2457K->2457K(1056768K)], 0.0107388 secs] [Times: user=0.00 sys=0.00, real=0.01 secs] 
2014-07-10T09:58:26.893+0200: 53.039: [GC (Allocation Failure) 53.039: [ParNew: 8700K->1061K(9792K), 0.0038763 secs] 15519K->12014K(31680K), 0.0040468 secs] [Times: user=0.00 sys=0.00, real=0.00 secs] 
2014-07-10T09:58:26.897+0200: 53.044: [GC (CMS Initial Mark) [1 CMS-initial-mark: 10953K(21888K)] 12369K(31680K), 0.0002431 secs] [Times: user=0.00 sys=0.00, real=0.00 secs] 
2014-07-10T09:58:26.897+0200: 53.044: [CMS-concurrent-mark-start]
2014-07-10T09:58:26.899+0200: 53.045: [CMS-concurrent-mark: 0.001/0.001 secs] [Times: user=0.00 sys=0.00, real=0.00 secs] 
2014-07-10T09:58:26.899+0200: 53.045: [CMS-concurrent-preclean-start]
2014-07-10T09:58:26.899+0200: 53.045: [CMS-concurrent-preclean: 0.000/0.000 secs] [Times: user=0.00 sys=0.00, real=0.00 secs] 
2014-07-10T09:58:26.899+0200: 53.045: [CMS-concurrent-abortable-preclean-start]
2014-07-10T09:58:26.945+0200: 53.091: [GC (Allocation Failure) 53.091: [ParNew: 9747K->1059K(9792K), 0.0043207 secs] 20701K->16625K(31680K), 0.0044739 secs] [Times: user=0.00 sys=0.00, real=0.00 secs] 
2014-07-10T09:58:26.954+0200: 53.100: [GC (Allocation Failure) 53.100: [ParNew: 9745K->1059K(9792K), 0.0044270 secs] 25312K->21717K(31680K), 0.0045553 secs] [Times: user=0.00 sys=0.00, real=0.00 secs] 
2014-07-10T09:58:26.960+0200: 53.106: [CMS-concurrent-abortable-preclean: 0.002/0.061 secs] [Times: user=0.03 sys=0.00, real=0.06 secs] 
2014-07-10T09:58:26.960+0200: 53.106: [GC (CMS Final Remark) [YG occupancy: 3110 K (9792 K)]53.106: [Rescan (parallel) , 0.0004605 secs]53.107: [weak refs processing, 0.0000282 secs]53.107: [class unloading, 0.0004916 secs]53.107: [scrub symbol table, 0.0005727 secs]53.108: [scrub string table, 0.0001741 secs][1 CMS-remark: 20657K(21888K)] 23768K(31680K), 0.0018625 secs] [Times: user=0.00 sys=0.00, real=0.00 secs] 
2014-07-10T09:58:26.962+0200: 53.108: [CMS-concurrent-sweep-start]
2014-07-10T09:58:26.962+0200: 53.108: [CMS-concurrent-sweep: 0.000/0.000 secs] [Times: user=0.00 sys=0.00, real=0.00 secs] 
2014-07-10T09:58:26.962+0200: 53.109: [CMS-concurrent-reset-start]
2014-07-10T09:58:26.962+0200: 53.109: [CMS-concurrent-reset: 0.000/0.000 secs] [Times: user=0.00 sys=0.00, real=0.00 secs] 
2014-07-10T09:58:26.992+0200: 53.139: [GC (Allocation Failure) 53.139: [ParNew: 9745K->1059K(9792K), 0.0051306 secs] 24030K->20916K(31680K), 0.0052768 secs] [Times: user=0.03 sys=0.00, real=0.01 secs] 
2014-07-10T09:58:26.998+0200: 53.144: [GC (CMS Initial Mark) [1 CMS-initial-mark: 19856K(21888K)] 20982K(31680K), 0.0001906 secs] [Times: user=0.00 sys=0.00, real=0.00 secs] 
2014-07-10T09:58:26.998+0200: 53.145: [CMS-concurrent-mark-start]
2014-07-10T09:58:26.999+0200: 53.146: [CMS-concurrent-mark: 0.001/0.001 secs] [Times: user=0.00 sys=0.00, real=0.00 secs] 
2014-07-10T09:58:26.999+0200: 53.146: [CMS-concurrent-preclean-start]
2014-07-10T09:58:26.999+0200: 53.146: [CMS-concurrent-preclean: 0.000/0.000 secs] [Times: user=0.00 sys=0.00, real=0.00 secs] 
2014-07-10T09:58:26.999+0200: 53.146: [GC (CMS Final Remark) [YG occupancy: 2630 K (9792 K)]53.146: [Rescan (parallel) , 0.0001118 secs]53.146: [weak refs processing, 0.0000257 secs]53.146: [class unloading, 0.0004491 secs]53.146: [scrub symbol table, 0.0005540 secs]53.147: [scrub string table, 0.0001991 secs][1 CMS-remark: 19856K(21888K)] 22487K(31680K), 0.0014830 secs] [Times: user=0.00 sys=0.00, real=0.00 secs] 
2014-07-10T09:58:27.001+0200: 53.147: [CMS-concurrent-sweep-start]
2014-07-10T09:58:27.001+0200: 53.148: [CMS-concurrent-sweep: 0.000/0.000 secs] [Times: user=0.00 sys=0.00, real=0.00 secs] 
2014-07-10T09:58:27.001+0200: 53.148: [CMS-concurrent-reset-start]
2014-07-10T09:58:27.001+0200: 53.148: [CMS-concurrent-reset: 0.000/0.000 secs] [Times: user=0.00 sys=0.00, real=0.00 secs] 
2014-07-10T09:58:27.043+0200: 53.189: [GC (Allocation Failure) 53.190: [ParNew: 9745K->1059K(9792K), 0.0081244 secs] 15768K->13134K(31680K), 0.0083283 secs] [Times: user=0.03 sys=0.00, real=0.01 secs] 
2014-07-10T09:58:27.052+0200: 53.198: [GC (CMS Initial Mark) [1 CMS-initial-mark: 12075K(21888K)] 13392K(31680K), 0.0004363 secs] [Times: user=0.00 sys=0.00, real=0.00 secs] 
2014-07-10T09:58:27.052+0200: 53.199: [CMS-concurrent-mark-start]
2014-07-10T09:58:27.054+0200: 53.201: [CMS-concurrent-mark: 0.002/0.002 secs] [Times: user=0.00 sys=0.00, real=0.00 secs] 
2014-07-10T09:58:27.055+0200: 53.201: [CMS-concurrent-preclean-start]
2014-07-10T09:58:27.055+0200: 53.202: [CMS-concurrent-preclean: 0.000/0.000 secs] [Times: user=0.00 sys=0.00, real=0.00 secs] 
2014-07-10T09:58:27.055+0200: 53.202: [CMS-concurrent-abortable-preclean-start]
2014-07-10T09:58:27.058+0200: 53.205: [GC (Allocation Failure) 53.205: [ParNew: 9745K->1059K(9792K), 0.0099455 secs] 21820K->19666K(31680K), 0.0102219 secs] [Times: user=0.03 sys=0.00, real=0.01 secs] 
2014-07-10T09:58:27.094+0200: 53.240: [GC (Allocation Failure) 53.240: [ParNew: 9745K->9745K(9792K), 0.0000502 secs]53.241: [CMS2014-07-10T09:58:27.094+0200: 53.241: [CMS-concurrent-abortable-preclean: 0.002/0.039 secs] [Times: user=0.03 sys=0.00, real=0.04 secs] 
 (concurrent mode failure): 18607K->8517K(21888K), 0.0083987 secs] 28353K->8517K(31680K), [Metaspace: 2457K->2457K(1056768K)], 0.0086205 secs] [Times: user=0.00 sys=0.00, real=0.01 secs] 
2014-07-10T09:58:27.146+0200: 53.293: [GC (Allocation Failure) 53.293: [ParNew: 8691K->1061K(9792K), 0.0089079 secs] 17208K->16049K(31680K), 0.0092514 secs] [Times: user=0.03 sys=0.00, real=0.01 secs] 
2014-07-10T09:58:27.156+0200: 53.303: [GC (CMS Initial Mark) [1 CMS-initial-mark: 14988K(21888K)] 16115K(31680K), 0.0004271 secs] [Times: user=0.00 sys=0.00, real=0.00 secs] 
2014-07-10T09:58:27.157+0200: 53.304: [CMS-concurrent-mark-start]
2014-07-10T09:58:27.159+0200: 53.306: [CMS-concurrent-mark: 0.002/0.002 secs] [Times: user=0.00 sys=0.00, real=0.00 secs] 
2014-07-10T09:58:27.159+0200: 53.306: [CMS-concurrent-preclean-start]
2014-07-10T09:58:27.160+0200: 53.306: [CMS-concurrent-preclean: 0.000/0.000 secs] [Times: user=0.00 sys=0.00, real=0.00 secs] 
2014-07-10T09:58:27.160+0200: 53.306: [CMS-concurrent-abortable-preclean-start]
2014-07-10T09:58:27.164+0200: 53.311: [GC (Allocation Failure) 53.311: [ParNew: 9747K->9747K(9792K), 0.0001287 secs]53.311: [CMS2014-07-10T09:58:27.165+0200: 53.311: [CMS-concurrent-abortable-preclean: 0.001/0.005 secs] [Times: user=0.00 sys=0.00, real=0.00 secs] 
 (concurrent mode failure): 14988K->8453K(21888K), 0.0081534 secs] 24736K->8453K(31680K), [Metaspace: 2457K->2457K(1056768K)], 0.0085145 secs] [Times: user=0.02 sys=0.00, real=0.01 secs] 
2014-07-10T09:58:27.241+0200: 53.388: [GC (Allocation Failure) 53.388: [ParNew: 8688K->291K(9792K), 0.0041110 secs] 17141K->8744K(31680K), 0.0043434 secs] [Times: user=0.00 sys=0.00, real=0.01 secs] 
2014-07-10T09:58:27.252+0200: 53.399: [GC (Allocation Failure) 53.399: [ParNew: 8977K->772K(9792K), 0.0017070 secs] 17430K->9225K(31680K), 0.0019072 secs] [Times: user=0.00 sys=0.00, real=0.00 secs] 
2014-07-10T09:58:27.292+0200: 53.439: [GC (Allocation Failure) 53.439: [ParNew: 9458K->1059K(9792K), 0.0010398 secs] 17911K->9710K(31680K), 0.0011380 secs] [Times: user=0.00 sys=0.00, real=0.00 secs] 
2014-07-10T09:58:27.341+0200: 53.488: [GC (Allocation Failure) 53.488: [ParNew: 9745K->1059K(9792K), 0.0010463 secs] 18396K->10385K(31680K), 0.0011530 secs] [Times: user=0.00 sys=0.00, real=0.00 secs] 
2014-07-10T09:58:27.347+0200: 53.494: [GC (Allocation Failure) 53.494: [ParNew: 9762K->165K(9792K), 0.0007769 secs] 19088K->9492K(31680K), 0.0008872 secs] [Times: user=0.00 sys=0.00, real=0.00 secs] 
2014-07-10T09:58:27.391+0200: 53.538: [GC (Allocation Failure) 53.538: [ParNew: 8851K->645K(9792K), 0.0006101 secs] 18178K->9972K(31680K), 0.0006801 secs] [Times: user=0.00 sys=0.00, real=0.00 secs] 
2014-07-10T09:58:27.442+0200: 53.589: [GC (Allocation Failure) 53.589: [ParNew: 9332K->1059K(9792K), 0.0009829 secs] 18659K->10454K(31680K), 0.0010852 secs] [Times: user=0.00 sys=0.00, real=0.00 secs] 
2014-07-10T09:58:27.450+0200: 53.596: [GC (Allocation Failure) 53.597: [ParNew: 9745K->1059K(9792K), 0.0012898 secs] 19140K->10999K(31680K), 0.0014313 secs] [Times: user=0.00 sys=0.00, real=0.00 secs] 
2014-07-10T09:58:27.491+0200: 53.638: [GC (Allocation Failure) 53.638: [ParNew: 9745K->1059K(9792K), 0.0009936 secs] 19686K->12025K(31680K), 0.0010947 secs] [Times: user=0.00 sys=0.00, real=0.00 secs] 
2014-07-10T09:58:27.542+0200: 53.689: [GC (Allocation Failure) 53.689: [ParNew: 9745K->1059K(9792K), 0.0028043 secs] 20711K->13531K(31680K), 0.0030701 secs] [Times: user=0.02 sys=0.00, real=0.00 secs] 
2014-07-10T09:58:27.554+0200: 53.700: [GC (Allocation Failure) 53.700: [ParNew: 9745K->1059K(9792K), 0.0026397 secs] 22217K->15517K(31680K), 0.0029161 secs] [Times: user=0.00 sys=0.00, real=0.00 secs] 
2014-07-10T09:58:27.592+0200: 53.739: [GC (Allocation Failure) 53.739: [ParNew: 9745K->1059K(9792K), 0.0026221 secs] 24203K->17983K(31680K), 0.0027757 secs] [Times: user=0.00 sys=0.00, real=0.00 secs] 
2014-07-10T09:58:27.595+0200: 53.742: [GC (CMS Initial Mark) [1 CMS-initial-mark: 16923K(21888K)] 18049K(31680K), 0.0002636 secs] [Times: user=0.00 sys=0.00, real=0.00 secs] 
2014-07-10T09:58:27.596+0200: 53.742: [CMS-concurrent-mark-start]
2014-07-10T09:58:27.597+0200: 53.743: [CMS-concurrent-mark: 0.001/0.001 secs] [Times: user=0.00 sys=0.00, real=0.00 secs] 
2014-07-10T09:58:27.597+0200: 53.743: [CMS-concurrent-preclean-start]
2014-07-10T09:58:27.597+0200: 53.744: [CMS-concurrent-preclean: 0.000/0.000 secs] [Times: user=0.00 sys=0.00, real=0.00 secs] 
2014-07-10T09:58:27.597+0200: 53.744: [CMS-concurrent-abortable-preclean-start]
2014-07-10T09:58:27.642+0200: 53.789: [GC (Allocation Failure) 53.789: [ParNew: 9751K->1061K(9792K), 0.0018595 secs] 26675K->19907K(31680K), 0.0020157 secs] [Times: user=0.00 sys=0.00, real=0.00 secs] 
2014-07-10T09:58:27.648+0200: 53.795: [GC (Allocation Failure) 53.795: [ParNew: 9747K->1059K(9792K), 0.0027647 secs] 28593K->22308K(31680K), 0.0029506 secs] [Times: user=0.00 sys=0.00, real=0.00 secs] 
2014-07-10T09:58:27.651+0200: 53.798: [CMS-concurrent-abortable-preclean: 0.001/0.054 secs] [Times: user=0.00 sys=0.00, real=0.06 secs] 
2014-07-10T09:58:27.652+0200: 53.799: [GC (CMS Final Remark) [YG occupancy: 1349 K (9792 K)]53.799: [Rescan (parallel) , 0.0002134 secs]53.799: [weak refs processing, 0.0000356 secs]53.799: [class unloading, 0.0006596 secs]53.800: [scrub symbol table, 0.0007406 secs]53.800: [scrub string table, 0.0002324 secs][1 CMS-remark: 21248K(21888K)] 22598K(31680K), 0.0020685 secs] [Times: user=0.02 sys=0.00, real=0.00 secs] 
2014-07-10T09:58:27.654+0200: 53.801: [CMS-concurrent-sweep-start]
2014-07-10T09:58:27.655+0200: 53.801: [CMS-concurrent-sweep: 0.000/0.000 secs] [Times: user=0.00 sys=0.00, real=0.00 secs] 
2014-07-10T09:58:27.655+0200: 53.801: [CMS-concurrent-reset-start]
2014-07-10T09:58:27.655+0200: 53.801: [CMS-concurrent-reset: 0.000/0.000 secs] [Times: user=0.00 sys=0.00, real=0.00 secs] 
2014-07-10T09:58:27.692+0200: 53.839: [GC (Allocation Failure) 53.839: [ParNew: 9745K->1059K(9792K), 0.0026679 secs] 16989K->11185K(31680K), 0.0028161 secs] [Times: user=0.00 sys=0.00, real=0.00 secs] 
2014-07-10T09:58:27.743+0200: 53.890: [GC (Allocation Failure) 53.890: [ParNew: 9745K->1059K(9792K), 0.0053047 secs] 19871K->14548K(31680K), 0.0059177 secs] [Times: user=0.03 sys=0.00, real=0.01 secs] 
2014-07-10T09:58:27.750+0200: 53.896: [GC (CMS Initial Mark) [1 CMS-initial-mark: 13488K(21888K)] 14614K(31680K), 0.0004176 secs] [Times: user=0.00 sys=0.00, real=0.00 secs] 
2014-07-10T09:58:27.750+0200: 53.897: [CMS-concurrent-mark-start]
2014-07-10T09:58:27.753+0200: 53.899: [CMS-concurrent-mark: 0.002/0.002 secs] [Times: user=0.00 sys=0.00, real=0.00 secs] 
2014-07-10T09:58:27.753+0200: 53.900: [CMS-concurrent-preclean-start]
2014-07-10T09:58:27.753+0200: 53.900: [CMS-concurrent-preclean: 0.000/0.000 secs] [Times: user=0.00 sys=0.00, real=0.00 secs] 
2014-07-10T09:58:27.753+0200: 53.900: [CMS-concurrent-abortable-preclean-start]
2014-07-10T09:58:27.757+0200: 53.903: [GC (Allocation Failure) 53.904: [ParNew: 9745K->1059K(9792K), 0.0068123 secs] 23234K->18391K(31680K), 0.0070638 secs] [Times: user=0.03 sys=0.00, real=0.01 secs] 
2014-07-10T09:58:27.793+0200: 53.939: [GC (Allocation Failure) 53.940: [ParNew: 9745K->9745K(9792K), 0.0000488 secs]53.940: [CMS2014-07-10T09:58:27.793+0200: 53.940: [CMS-concurrent-abortable-preclean: 0.001/0.040 secs] [Times: user=0.05 sys=0.00, real=0.04 secs] 
 (concurrent mode failure): 17331K->5829K(21888K), 0.0114145 secs] 27077K->5829K(31680K), [Metaspace: 2457K->2457K(1056768K)], 0.0116895 secs] [Times: user=0.00 sys=0.00, real=0.01 secs] 
2014-07-10T09:58:27.845+0200: 53.992: [GC (Allocation Failure) 53.992: [ParNew: 8686K->1059K(9792K), 0.0070088 secs] 14515K->11694K(31680K), 0.0073230 secs] [Times: user=0.00 sys=0.00, real=0.01 secs] 
2014-07-10T09:58:27.853+0200: 54.000: [GC (CMS Initial Mark) [1 CMS-initial-mark: 10635K(21888K)] 11761K(31680K), 0.0004103 secs] [Times: user=0.00 sys=0.00, real=0.00 secs] 
2014-07-10T09:58:27.854+0200: 54.001: [CMS-concurrent-mark-start]
2014-07-10T09:58:27.855+0200: 54.002: [CMS-concurrent-mark: 0.001/0.001 secs] [Times: user=0.00 sys=0.00, real=0.00 secs] 
2014-07-10T09:58:27.856+0200: 54.002: [CMS-concurrent-preclean-start]
2014-07-10T09:58:27.856+0200: 54.002: [CMS-concurrent-preclean: 0.000/0.000 secs] [Times: user=0.03 sys=0.00, real=0.00 secs] 
2014-07-10T09:58:27.856+0200: 54.002: [CMS-concurrent-abortable-preclean-start]
2014-07-10T09:58:27.859+0200: 54.006: [GC (Allocation Failure) 54.006: [ParNew: 9745K->1059K(9792K), 0.0047342 secs] 20381K->16978K(31680K), 0.0049172 secs] [Times: user=0.00 sys=0.00, real=0.01 secs] 
2014-07-10T09:58:27.892+0200: 54.039: [GC (Allocation Failure) 54.039: [ParNew: 9760K->9760K(9792K), 0.0000422 secs]54.039: [CMS2014-07-10T09:58:27.892+0200: 54.039: [CMS-concurrent-abortable-preclean: 0.001/0.037 secs] [Times: user=0.00 sys=0.00, real=0.04 secs] 
 (concurrent mode failure): 15919K->5606K(21888K), 0.0062433 secs] 25679K->5606K(31680K), [Metaspace: 2457K->2457K(1056768K)], 0.0064328 secs] [Times: user=0.00 sys=0.00, real=0.01 secs] 
2014-07-10T09:58:27.942+0200: 54.089: [GC (Allocation Failure) 54.089: [ParNew: 8686K->1059K(9792K), 0.0062950 secs] 14292K->11247K(31680K), 0.0065263 secs] [Times: user=0.02 sys=0.00, real=0.01 secs] 
2014-07-10T09:58:27.950+0200: 54.097: [GC (CMS Initial Mark) [1 CMS-initial-mark: 10188K(21888K)] 11634K(31680K), 0.0003839 secs] [Times: user=0.00 sys=0.00, real=0.00 secs] 
2014-07-10T09:58:27.951+0200: 54.097: [CMS-concurrent-mark-start]
2014-07-10T09:58:27.953+0200: 54.100: [CMS-concurrent-mark: 0.002/0.002 secs] [Times: user=0.00 sys=0.00, real=0.00 secs] 
2014-07-10T09:58:27.953+0200: 54.100: [CMS-concurrent-preclean-start]
2014-07-10T09:58:27.953+0200: 54.100: [CMS-concurrent-preclean: 0.000/0.000 secs] [Times: user=0.00 sys=0.00, real=0.00 secs] 
2014-07-10T09:58:27.954+0200: 54.100: [CMS-concurrent-abortable-preclean-start]
2014-07-10T09:58:27.957+0200: 54.103: [GC (Allocation Failure) 54.103: [ParNew: 9745K->1059K(9792K), 0.0079602 secs] 19934K->16307K(31680K), 0.0082036 secs] [Times: user=0.01 sys=0.00, real=0.01 secs] 
2014-07-10T09:58:27.993+0200: 54.140: [GC (Allocation Failure) 54.140: [ParNew: 9745K->9745K(9792K), 0.0000557 secs]54.140: [CMS2014-07-10T09:58:27.994+0200: 54.140: [CMS-concurrent-abortable-preclean: 0.002/0.040 secs] [Times: user=0.01 sys=0.00, real=0.04 secs] 
 (concurrent mode failure): 15247K->7046K(21888K), 0.0080984 secs] 24993K->7046K(31680K), [Metaspace: 2457K->2457K(1056768K)], 0.0083396 secs] [Times: user=0.02 sys=0.00, real=0.01 secs] 
2014-07-10T09:58:28.043+0200: 54.189: [GC (Allocation Failure) 54.189: [ParNew: 8686K->1059K(9792K), 0.0053549 secs] 15732K->14129K(31680K), 0.0055038 secs] [Times: user=0.00 sys=0.00, real=0.01 secs] 
2014-07-10T09:58:28.048+0200: 54.195: [GC (CMS Initial Mark) [1 CMS-initial-mark: 13069K(21888K)] 14195K(31680K), 0.0002053 secs] [Times: user=0.00 sys=0.00, real=0.00 secs] 
2014-07-10T09:58:28.049+0200: 54.195: [CMS-concurrent-mark-start]
2014-07-10T09:58:28.049+0200: 54.196: [CMS-concurrent-mark: 0.001/0.001 secs] [Times: user=0.00 sys=0.00, real=0.00 secs] 
2014-07-10T09:58:28.049+0200: 54.196: [CMS-concurrent-preclean-start]
2014-07-10T09:58:28.050+0200: 54.196: [CMS-concurrent-preclean: 0.000/0.000 secs] [Times: user=0.00 sys=0.00, real=0.00 secs] 
2014-07-10T09:58:28.050+0200: 54.196: [CMS-concurrent-abortable-preclean-start]
2014-07-10T09:58:28.052+0200: 54.199: [GC (Allocation Failure) 54.199: [ParNew: 9745K->1059K(9792K), 0.0056768 secs] 22815K->20629K(31680K), 0.0058106 secs] [Times: user=0.00 sys=0.00, real=0.01 secs] 
2014-07-10T09:58:28.093+0200: 54.240: [GC (Allocation Failure) 54.240: [ParNew: 9745K->9745K(9792K), 0.0000440 secs]54.240: [CMS2014-07-10T09:58:28.093+0200: 54.240: [CMS-concurrent-abortable-preclean: 0.001/0.044 secs] [Times: user=0.00 sys=0.02, real=0.04 secs] 
 (concurrent mode failure): 19570K->8487K(21888K), 0.0142522 secs] 29315K->8487K(31680K), [Metaspace: 2457K->2457K(1056768K)], 0.0145297 secs] [Times: user=0.02 sys=0.00, real=0.02 secs] 
2014-07-10T09:58:28.146+0200: 54.293: [GC (Allocation Failure) 54.293: [ParNew: 8697K->1061K(9792K), 0.0081728 secs] 17184K->15475K(31680K), 0.0084731 secs] [Times: user=0.03 sys=0.00, real=0.01 secs] 
2014-07-10T09:58:28.155+0200: 54.302: [GC (CMS Initial Mark) [1 CMS-initial-mark: 14414K(21888K)] 15830K(31680K), 0.0002453 secs] [Times: user=0.00 sys=0.00, real=0.00 secs] 
2014-07-10T09:58:28.156+0200: 54.302: [CMS-concurrent-mark-start]
2014-07-10T09:58:28.157+0200: 54.303: [CMS-concurrent-mark: 0.001/0.001 secs] [Times: user=0.00 sys=0.00, real=0.00 secs] 
2014-07-10T09:58:28.157+0200: 54.303: [CMS-concurrent-preclean-start]
2014-07-10T09:58:28.157+0200: 54.304: [CMS-concurrent-preclean: 0.000/0.000 secs] [Times: user=0.00 sys=0.00, real=0.00 secs] 
2014-07-10T09:58:28.157+0200: 54.304: [CMS-concurrent-abortable-preclean-start]
2014-07-10T09:58:28.160+0200: 54.306: [GC (Allocation Failure) 54.306: [ParNew: 9747K->9747K(9792K), 0.0000598 secs]54.306: [CMS2014-07-10T09:58:28.160+0200: 54.306: [CMS-concurrent-abortable-preclean: 0.000/0.003 secs] [Times: user=0.00 sys=0.00, real=0.00 secs] 
 (concurrent mode failure): 14414K->7911K(21888K), 0.0092907 secs] 24162K->7911K(31680K), [Metaspace: 2457K->2457K(1056768K)], 0.0095359 secs] [Times: user=0.02 sys=0.00, real=0.01 secs] 
2014-07-10T09:58:28.193+0200: 54.340: [GC (Allocation Failure) 54.340: [ParNew: 8686K->1059K(9792K), 0.0064258 secs] 16597K->15858K(31680K), 0.0066378 secs] [Times: user=0.03 sys=0.00, real=0.01 secs] 
2014-07-10T09:58:28.200+0200: 54.347: [GC (CMS Initial Mark) [1 CMS-initial-mark: 14799K(21888K)] 15924K(31680K), 0.0002339 secs] [Times: user=0.00 sys=0.00, real=0.00 secs] 
2014-07-10T09:58:28.201+0200: 54.347: [CMS-concurrent-mark-start]
2014-07-10T09:58:28.202+0200: 54.348: [CMS-concurrent-mark: 0.001/0.001 secs] [Times: user=0.00 sys=0.00, real=0.00 secs] 
2014-07-10T09:58:28.202+0200: 54.348: [CMS-concurrent-preclean-start]
2014-07-10T09:58:28.202+0200: 54.349: [CMS-concurrent-preclean: 0.000/0.000 secs] [Times: user=0.00 sys=0.00, real=0.00 secs] 
2014-07-10T09:58:28.202+0200: 54.349: [GC (CMS Final Remark) [YG occupancy: 1317 K (9792 K)]54.349: [Rescan (parallel) , 0.0002196 secs]54.349: [weak refs processing, 0.0000359 secs]54.349: [class unloading, 0.0005613 secs]54.350: [scrub symbol table, 0.0007296 secs]54.350: [scrub string table, 0.0002295 secs][1 CMS-remark: 14799K(21888K)] 16116K(31680K), 0.0019739 secs] [Times: user=0.00 sys=0.00, real=0.00 secs] 
2014-07-10T09:58:28.204+0200: 54.351: [CMS-concurrent-sweep-start]
2014-07-10T09:58:28.204+0200: 54.351: [CMS-concurrent-sweep: 0.000/0.000 secs] [Times: user=0.00 sys=0.00, real=0.00 secs] 
2014-07-10T09:58:28.205+0200: 54.351: [CMS-concurrent-reset-start]
2014-07-10T09:58:28.205+0200: 54.351: [CMS-concurrent-reset: 0.000/0.000 secs] [Times: user=0.00 sys=0.00, real=0.00 secs] 
2014-07-10T09:58:28.244+0200: 54.391: [GC (Allocation Failure) 54.391: [ParNew: 9747K->227K(9792K), 0.0009026 secs] 17086K->7566K(31680K), 0.0010878 secs] [Times: user=0.00 sys=0.00, real=0.00 secs] 
2014-07-10T09:58:28.291+0200: 54.438: [GC (Allocation Failure) 54.438: [ParNew: 8913K->708K(9792K), 0.0290716 secs] 16252K->8047K(31680K), 0.0292329 secs] [Times: user=0.03 sys=0.00, real=0.03 secs] 
2014-07-10T09:58:28.342+0200: 54.488: [GC (Allocation Failure) 54.488: [ParNew: 9394K->1059K(9792K), 0.0145715 secs] 16734K->8530K(31680K), 0.0146914 secs] [Times: user=0.02 sys=0.00, real=0.02 secs] 
2014-07-10T09:58:28.361+0200: 54.507: [GC (Allocation Failure) 54.507: [ParNew: 9751K->1059K(9792K), 0.0183228 secs] 17222K->8627K(31680K), 0.0184761 secs] [Times: user=0.00 sys=0.00, real=0.02 secs] 
2014-07-10T09:58:28.391+0200: 54.537: [GC (Allocation Failure) 54.537: [ParNew: 9751K->611K(9792K), 0.0006577 secs] 17319K->8180K(31680K), 0.0007296 secs] [Times: user=0.00 sys=0.00, real=0.00 secs] 
2014-07-10T09:58:28.441+0200: 54.587: [GC (Allocation Failure) 54.587: [ParNew: 9297K->1059K(9792K), 0.0008095 secs] 16867K->8662K(31680K), 0.0010086 secs] [Times: user=0.00 sys=0.00, real=0.00 secs] 
2014-07-10T09:58:28.447+0200: 54.593: [GC (Allocation Failure) 54.593: [ParNew: 9745K->1059K(9792K), 0.0011761 secs] 17349K->9176K(31680K), 0.0012957 secs] [Times: user=0.00 sys=0.00, real=0.00 secs] 
2014-07-10T09:58:28.491+0200: 54.637: [GC (Allocation Failure) 54.637: [ParNew: 9745K->1059K(9792K), 0.0011901 secs] 17862K->10169K(31680K), 0.0012931 secs] [Times: user=0.00 sys=0.00, real=0.00 secs] 
2014-07-10T09:58:28.541+0200: 54.687: [GC (Allocation Failure) 54.687: [ParNew: 9745K->1059K(9792K), 0.0012124 secs] 18855K->11643K(31680K), 0.0013118 secs] [Times: user=0.03 sys=0.00, real=0.00 secs] 
2014-07-10T09:58:28.547+0200: 54.692: [GC (Allocation Failure) 54.693: [ParNew: 9745K->1059K(9792K), 0.0021041 secs] 20329K->13597K(31680K), 0.0022412 secs] [Times: user=0.00 sys=0.00, real=0.00 secs] 
2014-07-10T09:58:28.593+0200: 54.738: [GC (Allocation Failure) 54.738: [ParNew: 9751K->1059K(9792K), 0.0028648 secs] 22289K->15007K(31680K), 0.0030896 secs] [Times: user=0.00 sys=0.00, real=0.00 secs] 
2014-07-10T09:58:28.642+0200: 54.787: [GC (Allocation Failure) 54.788: [ParNew: 9745K->1059K(9792K), 0.0017917 secs] 23693K->16897K(31680K), 0.0019398 secs] [Times: user=0.00 sys=0.00, real=0.00 secs] 
2014-07-10T09:58:28.648+0200: 54.794: [GC (Allocation Failure) 54.794: [ParNew: 9745K->1059K(9792K), 0.0027299 secs] 25584K->19268K(31680K), 0.0029484 secs] [Times: user=0.00 sys=0.00, real=0.00 secs] 
2014-07-10T09:58:28.651+0200: 54.797: [GC (CMS Initial Mark) [1 CMS-initial-mark: 18208K(21888K)] 19462K(31680K), 0.0002280 secs] [Times: user=0.00 sys=0.02, real=0.00 secs] 
2014-07-10T09:58:28.652+0200: 54.797: [CMS-concurrent-mark-start]
2014-07-10T09:58:28.653+0200: 54.798: [CMS-concurrent-mark: 0.001/0.001 secs] [Times: user=0.00 sys=0.00, real=0.00 secs] 
2014-07-10T09:58:28.653+0200: 54.799: [CMS-concurrent-preclean-start]
2014-07-10T09:58:28.653+0200: 54.799: [CMS-concurrent-preclean: 0.000/0.000 secs] [Times: user=0.00 sys=0.00, real=0.00 secs] 
2014-07-10T09:58:28.653+0200: 54.799: [CMS-concurrent-abortable-preclean-start]
2014-07-10T09:58:28.692+0200: 54.838: [GC (Allocation Failure) 54.838: [ParNew: 9745K->1059K(9792K), 0.0026045 secs] 27954K->22118K(31680K), 0.0028058 secs] [Times: user=0.00 sys=0.00, real=0.00 secs] 
2014-07-10T09:58:28.695+0200: 54.841: [CMS-concurrent-abortable-preclean: 0.000/0.042 secs] [Times: user=0.00 sys=0.00, real=0.04 secs] 
2014-07-10T09:58:28.695+0200: 54.841: [GC (CMS Final Remark) [YG occupancy: 1253 K (9792 K)]54.841: [Rescan (parallel) , 0.0002346 secs]54.841: [weak refs processing, 0.0000363 secs]54.841: [class unloading, 0.0006119 secs]54.842: [scrub symbol table, 0.0007410 secs]54.843: [scrub string table, 0.0002313 secs][1 CMS-remark: 21058K(21888K)] 22312K(31680K), 0.0020359 secs] [Times: user=0.00 sys=0.00, real=0.00 secs] 
2014-07-10T09:58:28.698+0200: 54.843: [CMS-concurrent-sweep-start]
2014-07-10T09:58:28.698+0200: 54.844: [CMS-concurrent-sweep: 0.000/0.000 secs] [Times: user=0.00 sys=0.00, real=0.00 secs] 
2014-07-10T09:58:28.698+0200: 54.844: [CMS-concurrent-reset-start]
2014-07-10T09:58:28.698+0200: 54.844: [CMS-concurrent-reset: 0.000/0.000 secs] [Times: user=0.00 sys=0.00, real=0.00 secs] 
2014-07-10T09:58:28.742+0200: 54.888: [GC (Allocation Failure) 54.888: [ParNew: 9745K->1059K(9792K), 0.0033994 secs] 15421K->10065K(31680K), 0.0035713 secs] [Times: user=0.01 sys=0.01, real=0.00 secs] 
2014-07-10T09:58:28.750+0200: 54.895: [GC (Allocation Failure) 54.896: [ParNew: 9745K->1059K(9792K), 0.0043548 secs] 18751K->13876K(31680K), 0.0045260 secs] [Times: user=0.00 sys=0.00, real=0.00 secs] 
2014-07-10T09:58:28.755+0200: 54.900: [GC (CMS Initial Mark) [1 CMS-initial-mark: 12816K(21888K)] 13942K(31680K), 0.0002566 secs] [Times: user=0.00 sys=0.00, real=0.00 secs] 
2014-07-10T09:58:28.755+0200: 54.901: [CMS-concurrent-mark-start]
2014-07-10T09:58:28.756+0200: 54.902: [CMS-concurrent-mark: 0.001/0.001 secs] [Times: user=0.00 sys=0.00, real=0.00 secs] 
2014-07-10T09:58:28.756+0200: 54.902: [CMS-concurrent-preclean-start]
2014-07-10T09:58:28.756+0200: 54.902: [CMS-concurrent-preclean: 0.000/0.000 secs] [Times: user=0.00 sys=0.00, real=0.00 secs] 
2014-07-10T09:58:28.756+0200: 54.902: [CMS-concurrent-abortable-preclean-start]
2014-07-10T09:58:28.794+0200: 54.940: [GC (Allocation Failure) 54.940: [ParNew: 9745K->1059K(9792K), 0.0066986 secs] 22562K->18167K(31680K), 0.0069754 secs] [Times: user=0.00 sys=0.00, real=0.01 secs] 
2014-07-10T09:58:28.844+0200: 54.990: [GC (Allocation Failure) 54.990: [ParNew: 9745K->9745K(9792K), 0.0000975 secs]54.990: [CMS2014-07-10T09:58:28.844+0200: 54.990: [CMS-concurrent-abortable-preclean: 0.002/0.088 secs] [Times: user=0.02 sys=0.00, real=0.09 secs] 
 (concurrent mode failure): 17108K->6279K(21888K), 0.0134379 secs] 26853K->6279K(31680K), [Metaspace: 2457K->2457K(1056768K)], 0.0138427 secs] [Times: user=0.01 sys=0.00, real=0.01 secs] 
2014-07-10T09:58:28.865+0200: 55.010: [GC (Allocation Failure) 55.010: [ParNew: 8686K->1059K(9792K), 0.0081567 secs] 14965K->12593K(31680K), 0.0084302 secs] [Times: user=0.03 sys=0.00, real=0.01 secs] 
2014-07-10T09:58:28.874+0200: 55.019: [GC (CMS Initial Mark) [1 CMS-initial-mark: 11534K(21888K)] 12625K(31680K), 0.0003861 secs] [Times: user=0.00 sys=0.00, real=0.00 secs] 
2014-07-10T09:58:28.874+0200: 55.020: [CMS-concurrent-mark-start]
2014-07-10T09:58:28.876+0200: 55.022: [CMS-concurrent-mark: 0.002/0.002 secs] [Times: user=0.00 sys=0.00, real=0.00 secs] 
2014-07-10T09:58:28.876+0200: 55.022: [CMS-concurrent-preclean-start]
2014-07-10T09:58:28.876+0200: 55.022: [CMS-concurrent-preclean: 0.000/0.000 secs] [Times: user=0.00 sys=0.00, real=0.00 secs] 
2014-07-10T09:58:28.876+0200: 55.022: [CMS-concurrent-abortable-preclean-start]
2014-07-10T09:58:28.892+0200: 55.038: [GC (Allocation Failure) 55.038: [ParNew: 9733K->1061K(9792K), 0.0035064 secs] 21267K->16118K(31680K), 0.0036421 secs] [Times: user=0.00 sys=0.00, real=0.00 secs] 
2014-07-10T09:58:28.944+0200: 55.090: [GC (Allocation Failure) 55.090: [ParNew: 9747K->1059K(9792K), 0.0064346 secs] 24804K->20121K(31680K), 0.0067048 secs] [Times: user=0.03 sys=0.00, real=0.01 secs] 
2014-07-10T09:58:28.953+0200: 55.099: [CMS-concurrent-abortable-preclean: 0.002/0.077 secs] [Times: user=0.03 sys=0.00, real=0.08 secs] 
2014-07-10T09:58:28.955+0200: 55.101: [GC (CMS Final Remark) [YG occupancy: 5867 K (9792 K)]55.101: [Rescan (parallel) , 0.0003677 secs]55.101: [weak refs processing, 0.0000653 secs]55.101: [class unloading, 0.0014089 secs]55.103: [scrub symbol table, 0.0014933 secs]55.104: [scrub string table, 0.0004825 secs][1 CMS-remark: 19062K(21888K)] 24930K(31680K), 0.0042419 secs] [Times: user=0.00 sys=0.00, real=0.00 secs] 
2014-07-10T09:58:28.962+0200: 55.108: [CMS-concurrent-sweep-start]
2014-07-10T09:58:28.963+0200: 55.109: [GC (Allocation Failure) 55.109: [ParNew: 9745K->9745K(9792K), 0.0000906 secs]55.109: [CMS2014-07-10T09:58:28.964+0200: 55.110: [CMS-concurrent-sweep: 0.001/0.002 secs] [Times: user=0.02 sys=0.00, real=0.00 secs] 
 (concurrent mode failure): 19062K->5993K(21888K), 0.0081842 secs] 28808K->5993K(31680K), [Metaspace: 2457K->2457K(1056768K)], 0.0085185 secs] [Times: user=0.02 sys=0.00, real=0.01 secs] 
2014-07-10T09:58:28.993+0200: 55.138: [GC (Allocation Failure) 55.138: [ParNew: 8686K->1059K(9792K), 0.0045924 secs] 14679K->12019K(31680K), 0.0047496 secs] [Times: user=0.03 sys=0.00, real=0.00 secs] 
2014-07-10T09:58:28.998+0200: 55.143: [GC (CMS Initial Mark) [1 CMS-initial-mark: 10959K(21888K)] 12051K(31680K), 0.0001793 secs] [Times: user=0.00 sys=0.00, real=0.00 secs] 
2014-07-10T09:58:28.998+0200: 55.144: [CMS-concurrent-mark-start]
2014-07-10T09:58:28.999+0200: 55.144: [CMS-concurrent-mark: 0.001/0.001 secs] [Times: user=0.00 sys=0.00, real=0.00 secs] 
2014-07-10T09:58:28.999+0200: 55.144: [CMS-concurrent-preclean-start]
2014-07-10T09:58:28.999+0200: 55.145: [CMS-concurrent-preclean: 0.000/0.000 secs] [Times: user=0.00 sys=0.00, real=0.00 secs] 
2014-07-10T09:58:28.999+0200: 55.145: [CMS-concurrent-abortable-preclean-start]
2014-07-10T09:58:29.046+0200: 55.192: [GC (Allocation Failure) 55.192: [ParNew: 9745K->1059K(9792K), 0.0079081 secs] 20705K->17462K(31680K), 0.0082300 secs] [Times: user=0.00 sys=0.00, real=0.01 secs] 
2014-07-10T09:58:29.060+0200: 55.206: [GC (Allocation Failure) 55.206: [ParNew: 9745K->9745K(9792K), 0.0000616 secs]55.206: [CMS2014-07-10T09:58:29.061+0200: 55.206: [CMS-concurrent-abortable-preclean: 0.001/0.062 secs] [Times: user=0.03 sys=0.00, real=0.06 secs] 
 (concurrent mode failure): 16403K->7433K(21888K), 0.0087986 secs] 26149K->7433K(31680K), [Metaspace: 2457K->2457K(1056768K)], 0.0090692 secs] [Times: user=0.00 sys=0.00, real=0.01 secs] 
2014-07-10T09:58:29.093+0200: 55.239: [GC (Allocation Failure) 55.239: [ParNew: 8686K->1059K(9792K), 0.0058209 secs] 16120K->14900K(31680K), 0.0059943 secs] [Times: user=0.00 sys=0.00, real=0.01 secs] 
2014-07-10T09:58:29.100+0200: 55.245: [GC (CMS Initial Mark) [1 CMS-initial-mark: 13841K(21888K)] 15254K(31680K), 0.0002108 secs] [Times: user=0.00 sys=0.00, real=0.00 secs] 
2014-07-10T09:58:29.100+0200: 55.246: [CMS-concurrent-mark-start]
2014-07-10T09:58:29.101+0200: 55.246: [CMS-concurrent-mark: 0.001/0.001 secs] [Times: user=0.00 sys=0.00, real=0.00 secs] 
2014-07-10T09:58:29.101+0200: 55.246: [CMS-concurrent-preclean-start]
2014-07-10T09:58:29.101+0200: 55.247: [CMS-concurrent-preclean: 0.000/0.000 secs] [Times: user=0.00 sys=0.00, real=0.00 secs] 
2014-07-10T09:58:29.101+0200: 55.247: [GC (CMS Final Remark) [YG occupancy: 2827 K (9792 K)]55.247: [Rescan (parallel) , 0.0001148 secs]55.247: [weak refs processing, 0.0000293 secs]55.247: [class unloading, 0.0004619 secs]55.247: [scrub symbol table, 0.0006108 secs]55.248: [scrub string table, 0.0001859 secs][1 CMS-remark: 13841K(21888K)] 16668K(31680K), 0.0015461 secs] [Times: user=0.00 sys=0.00, real=0.00 secs] 
2014-07-10T09:58:29.103+0200: 55.248: [CMS-concurrent-sweep-start]
2014-07-10T09:58:29.103+0200: 55.249: [CMS-concurrent-sweep: 0.000/0.000 secs] [Times: user=0.00 sys=0.00, real=0.00 secs] 
2014-07-10T09:58:29.103+0200: 55.249: [CMS-concurrent-reset-start]
2014-07-10T09:58:29.103+0200: 55.249: [CMS-concurrent-reset: 0.000/0.000 secs] [Times: user=0.00 sys=0.00, real=0.00 secs] 
2014-07-10T09:58:29.143+0200: 55.288: [GC (Allocation Failure) 55.289: [ParNew: 9751K->1061K(9792K), 0.0055511 secs] 16610K->13780K(31680K), 0.0057216 secs] [Times: user=0.00 sys=0.00, real=0.01 secs] 
2014-07-10T09:58:29.149+0200: 55.295: [GC (CMS Initial Mark) [1 CMS-initial-mark: 12719K(21888K)] 13846K(31680K), 0.0003549 secs] [Times: user=0.00 sys=0.00, real=0.00 secs] 
2014-07-10T09:58:29.149+0200: 55.295: [CMS-concurrent-mark-start]
2014-07-10T09:58:29.150+0200: 55.296: [CMS-concurrent-mark: 0.001/0.001 secs] [Times: user=0.00 sys=0.00, real=0.00 secs] 
2014-07-10T09:58:29.150+0200: 55.296: [CMS-concurrent-preclean-start]
2014-07-10T09:58:29.151+0200: 55.296: [CMS-concurrent-preclean: 0.000/0.000 secs] [Times: user=0.00 sys=0.00, real=0.00 secs] 
2014-07-10T09:58:29.151+0200: 55.296: [CMS-concurrent-abortable-preclean-start]
2014-07-10T09:58:29.153+0200: 55.299: [GC (Allocation Failure) 55.299: [ParNew: 9747K->1059K(9792K), 0.0052519 secs] 22467K->20119K(31680K), 0.0054063 secs] [Times: user=0.00 sys=0.00, real=0.01 secs] 
2014-07-10T09:58:29.194+0200: 55.339: [GC (Allocation Failure) 55.339: [ParNew: 9745K->9745K(9792K), 0.0000455 secs]55.339: [CMS2014-07-10T09:58:29.194+0200: 55.340: [CMS-concurrent-abortable-preclean: 0.001/0.043 secs] [Times: user=0.01 sys=0.00, real=0.04 secs] 
 (concurrent mode failure): 19060K->8330K(21888K), 0.0087814 secs] 28805K->8330K(31680K), [Metaspace: 2457K->2457K(1056768K)], 0.0089974 secs] [Times: user=0.02 sys=0.00, real=0.01 secs] 
2014-07-10T09:58:29.243+0200: 55.389: [GC (Allocation Failure) 55.389: [ParNew: 8688K->163K(9792K), 0.0006471 secs] 17018K->8493K(31680K), 0.0007508 secs] [Times: user=0.00 sys=0.00, real=0.00 secs] 
2014-07-10T09:58:29.291+0200: 55.437: [GC (Allocation Failure) 55.437: [ParNew: 8849K->644K(9792K), 0.0007673 secs] 17179K->8974K(31680K), 0.0008352 secs] [Times: user=0.02 sys=0.00, real=0.00 secs] 
2014-07-10T09:58:29.341+0200: 55.487: [GC (Allocation Failure) 55.487: [ParNew: 9330K->1059K(9792K), 0.0010533 secs] 17660K->9459K(31680K), 0.0011329 secs] [Times: user=0.00 sys=0.00, real=0.00 secs] 
2014-07-10T09:58:29.347+0200: 55.493: [GC (Allocation Failure) 55.493: [ParNew: 9757K->67K(9792K), 0.0007050 secs] 18156K->8467K(31680K), 0.0008055 secs] [Times: user=0.00 sys=0.00, real=0.00 secs] 
2014-07-10T09:58:29.391+0200: 55.537: [GC (Allocation Failure) 55.537: [ParNew: 8753K->550K(9792K), 0.0005305 secs] 17153K->8950K(31680K), 0.0006119 secs] [Times: user=0.00 sys=0.00, real=0.00 secs] 
2014-07-10T09:58:29.441+0200: 55.587: [GC (Allocation Failure) 55.587: [ParNew: 9236K->1027K(9792K), 0.0006559 secs] 17637K->9433K(31680K), 0.0007333 secs] [Times: user=0.00 sys=0.00, real=0.00 secs] 
2014-07-10T09:58:29.445+0200: 55.591: [GC (Allocation Failure) 55.591: [ParNew: 9713K->1059K(9792K), 0.0020113 secs] 18119K->9914K(31680K), 0.0021605 secs] [Times: user=0.00 sys=0.00, real=0.00 secs] 
2014-07-10T09:58:29.491+0200: 55.637: [GC (Allocation Failure) 55.637: [ParNew: 9745K->1059K(9792K), 0.0010691 secs] 18600K->10844K(31680K), 0.0011725 secs] [Times: user=0.00 sys=0.00, real=0.00 secs] 
2014-07-10T09:58:29.542+0200: 55.688: [GC (Allocation Failure) 55.688: [ParNew: 9745K->1059K(9792K), 0.0024810 secs] 19530K->12254K(31680K), 0.0027031 secs] [Times: user=0.00 sys=0.00, real=0.00 secs] 
2014-07-10T09:58:29.553+0200: 55.699: [GC (Allocation Failure) 55.699: [ParNew: 9745K->1059K(9792K), 0.0035731 secs] 20940K->14144K(31680K), 0.0038268 secs] [Times: user=0.02 sys=0.00, real=0.00 secs] 
2014-07-10T09:58:29.592+0200: 55.738: [GC (Allocation Failure) 55.738: [ParNew: 9745K->1059K(9792K), 0.0021954 secs] 22830K->16514K(31680K), 0.0023724 secs] [Times: user=0.00 sys=0.00, real=0.00 secs] 
2014-07-10T09:58:29.595+0200: 55.741: [GC (CMS Initial Mark) [1 CMS-initial-mark: 15454K(21888K)] 16580K(31680K), 0.0002383 secs] [Times: user=0.00 sys=0.00, real=0.00 secs] 
2014-07-10T09:58:29.596+0200: 55.742: [CMS-concurrent-mark-start]
2014-07-10T09:58:29.597+0200: 55.743: [CMS-concurrent-mark: 0.001/0.001 secs] [Times: user=0.00 sys=0.00, real=0.00 secs] 
2014-07-10T09:58:29.597+0200: 55.743: [CMS-concurrent-preclean-start]
2014-07-10T09:58:29.597+0200: 55.743: [CMS-concurrent-preclean: 0.000/0.000 secs] [Times: user=0.00 sys=0.00, real=0.00 secs] 
2014-07-10T09:58:29.597+0200: 55.743: [CMS-concurrent-abortable-preclean-start]
2014-07-10T09:58:29.641+0200: 55.787: [GC (Allocation Failure) 55.787: [ParNew: 9757K->1061K(9792K), 0.0011274 secs] 25211K->17829K(31680K), 0.0012454 secs] [Times: user=0.00 sys=0.00, real=0.00 secs] 
2014-07-10T09:58:29.646+0200: 55.792: [GC (Allocation Failure) 55.792: [ParNew: 9747K->1059K(9792K), 0.0020194 secs] 26516K->19623K(31680K), 0.0021763 secs] [Times: user=0.00 sys=0.00, real=0.00 secs] 
2014-07-10T09:58:29.693+0200: 55.839: [GC (Allocation Failure) 55.839: [ParNew: 9745K->1059K(9792K), 0.0035559 secs] 28309K->21897K(31680K), 0.0038441 secs] [Times: user=0.00 sys=0.02, real=0.00 secs] 
2014-07-10T09:58:29.697+0200: 55.843: [CMS-concurrent-abortable-preclean: 0.001/0.100 secs] [Times: user=0.01 sys=0.02, real=0.10 secs] 
2014-07-10T09:58:29.697+0200: 55.843: [GC (CMS Final Remark) [YG occupancy: 1285 K (9792 K)]55.843: [Rescan (parallel) , 0.0003787 secs]55.843: [weak refs processing, 0.0000583 secs]55.844: [class unloading, 0.0013107 secs]55.845: [scrub symbol table, 0.0015754 secs]55.846: [scrub string table, 0.0004429 secs][1 CMS-remark: 20837K(21888K)] 22123K(31680K), 0.0041473 secs] [Times: user=0.00 sys=0.00, real=0.00 secs] 
2014-07-10T09:58:29.702+0200: 55.847: [CMS-concurrent-sweep-start]
2014-07-10T09:58:29.702+0200: 55.848: [CMS-concurrent-sweep: 0.001/0.001 secs] [Times: user=0.00 sys=0.00, real=0.00 secs] 
2014-07-10T09:58:29.703+0200: 55.848: [CMS-concurrent-reset-start]
2014-07-10T09:58:29.703+0200: 55.849: [CMS-concurrent-reset: 0.000/0.000 secs] [Times: user=0.00 sys=0.00, real=0.00 secs] 
2014-07-10T09:58:29.742+0200: 55.888: [GC (Allocation Failure) 55.888: [ParNew: 9745K->1059K(9792K), 0.0024458 secs] 17955K->12024K(31680K), 0.0026247 secs] [Times: user=0.03 sys=0.00, real=0.00 secs] 
2014-07-10T09:58:29.749+0200: 55.895: [GC (Allocation Failure) 55.895: [ParNew: 9745K->1059K(9792K), 0.0034917 secs] 20710K->15258K(31680K), 0.0037084 secs] [Times: user=0.00 sys=0.00, real=0.00 secs] 
2014-07-10T09:58:29.753+0200: 55.899: [GC (CMS Initial Mark) [1 CMS-initial-mark: 14199K(21888K)] 15324K(31680K), 0.0002577 secs] [Times: user=0.00 sys=0.00, real=0.00 secs] 
2014-07-10T09:58:29.753+0200: 55.899: [CMS-concurrent-mark-start]
2014-07-10T09:58:29.754+0200: 55.900: [CMS-concurrent-mark: 0.001/0.001 secs] [Times: user=0.00 sys=0.00, real=0.00 secs] 
2014-07-10T09:58:29.754+0200: 55.900: [CMS-concurrent-preclean-start]
2014-07-10T09:58:29.755+0200: 55.900: [CMS-concurrent-preclean: 0.000/0.000 secs] [Times: user=0.00 sys=0.00, real=0.00 secs] 
2014-07-10T09:58:29.755+0200: 55.900: [CMS-concurrent-abortable-preclean-start]
2014-07-10T09:58:29.793+0200: 55.938: [GC (Allocation Failure) 55.938: [ParNew: 9745K->1059K(9792K), 0.0036501 secs] 23944K->18973K(31680K), 0.0038034 secs] [Times: user=0.00 sys=0.00, real=0.00 secs] 
2014-07-10T09:58:29.843+0200: 55.988: [GC (Allocation Failure) 55.989: [ParNew: 9745K->9745K(9792K), 0.0000561 secs]55.989: [CMS2014-07-10T09:58:29.843+0200: 55.989: [CMS-concurrent-abortable-preclean: 0.001/0.088 secs] [Times: user=0.00 sys=0.00, real=0.09 secs] 
 (concurrent mode failure): 17914K->5706K(21888K), 0.0072680 secs] 27659K->5706K(31680K), [Metaspace: 2457K->2457K(1056768K)], 0.0074979 secs] [Times: user=0.00 sys=0.00, real=0.01 secs] 
2014-07-10T09:58:29.854+0200: 56.000: [GC (Allocation Failure) 56.000: [ParNew: 8686K->1059K(9792K), 0.0047650 secs] 14392K->11443K(31680K), 0.0049795 secs] [Times: user=0.00 sys=0.00, real=0.00 secs] 
2014-07-10T09:58:29.860+0200: 56.005: [GC (CMS Initial Mark) [1 CMS-initial-mark: 10384K(21888K)] 11670K(31680K), 0.0002607 secs] [Times: user=0.00 sys=0.00, real=0.00 secs] 
2014-07-10T09:58:29.860+0200: 56.006: [CMS-concurrent-mark-start]
2014-07-10T09:58:29.861+0200: 56.007: [CMS-concurrent-mark: 0.001/0.001 secs] [Times: user=0.00 sys=0.00, real=0.00 secs] 
2014-07-10T09:58:29.861+0200: 56.007: [CMS-concurrent-preclean-start]
2014-07-10T09:58:29.861+0200: 56.007: [CMS-concurrent-preclean: 0.000/0.000 secs] [Times: user=0.00 sys=0.00, real=0.00 secs] 
2014-07-10T09:58:29.861+0200: 56.007: [CMS-concurrent-abortable-preclean-start]
2014-07-10T09:58:29.892+0200: 56.038: [GC (Allocation Failure) 56.038: [ParNew: 9762K->1061K(9792K), 0.0032857 secs] 20147K->14936K(31680K), 0.0035724 secs] [Times: user=0.00 sys=0.00, real=0.00 secs] 
2014-07-10T09:58:29.944+0200: 56.090: [GC (Allocation Failure) 56.090: [ParNew: 9747K->1059K(9792K), 0.0064717 secs] 23622K->18907K(31680K), 0.0067529 secs] [Times: user=0.03 sys=0.00, real=0.01 secs] 
2014-07-10T09:58:29.957+0200: 56.103: [GC (Allocation Failure) 56.103: [ParNew: 9745K->9745K(9792K), 0.0000583 secs]56.103: [CMS2014-07-10T09:58:29.957+0200: 56.103: [CMS-concurrent-abortable-preclean: 0.002/0.096 secs] [Times: user=0.03 sys=0.00, real=0.10 secs] 
 (concurrent mode failure): 17847K->5963K(21888K), 0.0076401 secs] 27593K->5963K(31680K), [Metaspace: 2457K->2457K(1056768K)], 0.0078891 secs] [Times: user=0.02 sys=0.00, real=0.01 secs] 
2014-07-10T09:58:29.993+0200: 56.139: [GC (Allocation Failure) 56.139: [ParNew: 8686K->1059K(9792K), 0.0046510 secs] 14649K->11957K(31680K), 0.0048336 secs] [Times: user=0.03 sys=0.00, real=0.00 secs] 
2014-07-10T09:58:29.999+0200: 56.144: [GC (CMS Initial Mark) [1 CMS-initial-mark: 10897K(21888K)] 12023K(31680K), 0.0002156 secs] [Times: user=0.00 sys=0.00, real=0.00 secs] 
2014-07-10T09:58:29.999+0200: 56.145: [CMS-concurrent-mark-start]
2014-07-10T09:58:30.000+0200: 56.146: [CMS-concurrent-mark: 0.001/0.001 secs] [Times: user=0.00 sys=0.00, real=0.00 secs] 
2014-07-10T09:58:30.000+0200: 56.146: [CMS-concurrent-preclean-start]
2014-07-10T09:58:30.000+0200: 56.146: [CMS-concurrent-preclean: 0.000/0.000 secs] [Times: user=0.00 sys=0.00, real=0.00 secs] 
2014-07-10T09:58:30.000+0200: 56.146: [CMS-concurrent-abortable-preclean-start]
2014-07-10T09:58:30.042+0200: 56.188: [GC (Allocation Failure) 56.188: [ParNew: 9745K->1059K(9792K), 0.0052376 secs] 20643K->17369K(31680K), 0.0053934 secs] [Times: user=0.00 sys=0.00, real=0.01 secs] 
2014-07-10T09:58:30.051+0200: 56.197: [GC (Allocation Failure) 56.197: [ParNew: 9745K->9745K(9792K), 0.0000436 secs]56.197: [CMS2014-07-10T09:58:30.051+0200: 56.197: [CMS-concurrent-abortable-preclean: 0.001/0.051 secs] [Times: user=0.00 sys=0.00, real=0.05 secs] 
 (concurrent mode failure): 16309K->7404K(21888K), 0.0070924 secs] 26055K->7404K(31680K), [Metaspace: 2457K->2457K(1056768K)], 0.0073017 secs] [Times: user=0.02 sys=0.00, real=0.01 secs] 
2014-07-10T09:58:30.093+0200: 56.239: [GC (Allocation Failure) 56.239: [ParNew: 8686K->1059K(9792K), 0.0058843 secs] 16090K->14838K(31680K), 0.0060486 secs] [Times: user=0.00 sys=0.00, real=0.01 secs] 
2014-07-10T09:58:30.099+0200: 56.245: [GC (CMS Initial Mark) [1 CMS-initial-mark: 13779K(21888K)] 14870K(31680K), 0.0002361 secs] [Times: user=0.00 sys=0.00, real=0.00 secs] 
2014-07-10T09:58:30.100+0200: 56.245: [CMS-concurrent-mark-start]
2014-07-10T09:58:30.100+0200: 56.246: [CMS-concurrent-mark: 0.001/0.001 secs] [Times: user=0.00 sys=0.00, real=0.00 secs] 
2014-07-10T09:58:30.100+0200: 56.246: [CMS-concurrent-preclean-start]
2014-07-10T09:58:30.101+0200: 56.246: [CMS-concurrent-preclean: 0.000/0.000 secs] [Times: user=0.00 sys=0.00, real=0.00 secs] 
2014-07-10T09:58:30.101+0200: 56.246: [GC (CMS Final Remark) [YG occupancy: 2859 K (9792 K)]56.246: [Rescan (parallel) , 0.0001008 secs]56.247: [weak refs processing, 0.0000257 secs]56.247: [class unloading, 0.0004165 secs]56.247: [scrub symbol table, 0.0005675 secs]56.248: [scrub string table, 0.0001628 secs][1 CMS-remark: 13779K(21888K)] 16639K(31680K), 0.0013866 secs] [Times: user=0.00 sys=0.00, real=0.00 secs] 
2014-07-10T09:58:30.102+0200: 56.248: [CMS-concurrent-sweep-start]
2014-07-10T09:58:30.102+0200: 56.248: [CMS-concurrent-sweep: 0.000/0.000 secs] [Times: user=0.00 sys=0.00, real=0.00 secs] 
2014-07-10T09:58:30.102+0200: 56.248: [CMS-concurrent-reset-start]
2014-07-10T09:58:30.102+0200: 56.248: [CMS-concurrent-reset: 0.000/0.000 secs] [Times: user=0.00 sys=0.00, real=0.00 secs] 
2014-07-10T09:58:30.143+0200: 56.289: [GC (Allocation Failure) 56.289: [ParNew: 9751K->1061K(9792K), 0.0049344 secs] 16582K->13720K(31680K), 0.0051056 secs] [Times: user=0.00 sys=0.00, real=0.01 secs] 
2014-07-10T09:58:30.148+0200: 56.294: [GC (CMS Initial Mark) [1 CMS-initial-mark: 12658K(21888K)] 13752K(31680K), 0.0001976 secs] [Times: user=0.00 sys=0.00, real=0.00 secs] 
2014-07-10T09:58:30.149+0200: 56.294: [CMS-concurrent-mark-start]
2014-07-10T09:58:30.149+0200: 56.295: [CMS-concurrent-mark: 0.001/0.001 secs] [Times: user=0.00 sys=0.00, real=0.00 secs] 
2014-07-10T09:58:30.149+0200: 56.295: [CMS-concurrent-preclean-start]
2014-07-10T09:58:30.149+0200: 56.295: [CMS-concurrent-preclean: 0.000/0.000 secs] [Times: user=0.00 sys=0.00, real=0.00 secs] 
2014-07-10T09:58:30.150+0200: 56.295: [CMS-concurrent-abortable-preclean-start]
2014-07-10T09:58:30.153+0200: 56.299: [GC (Allocation Failure) 56.299: [ParNew: 9747K->1059K(9792K), 0.0052193 secs] 22406K->20026K(31680K), 0.0053744 secs] [Times: user=0.00 sys=0.00, real=0.00 secs] 
2014-07-10T09:58:30.193+0200: 56.339: [GC (Allocation Failure) 56.339: [ParNew: 9745K->9745K(9792K), 0.0000462 secs]56.339: [CMS2014-07-10T09:58:30.193+0200: 56.339: [CMS-concurrent-abortable-preclean: 0.001/0.044 secs] [Times: user=0.00 sys=0.00, real=0.04 secs] 
 (concurrent mode failure): 18967K->8300K(21888K), 0.0081288 secs] 28713K->8300K(31680K), [Metaspace: 2457K->2457K(1056768K)], 0.0083407 secs] [Times: user=0.01 sys=0.00, real=0.01 secs] 
2014-07-10T09:58:30.244+0200: 56.390: [GC (Allocation Failure) 56.390: [ParNew: 8688K->131K(9792K), 0.0006302 secs] 16988K->8431K(31680K), 0.0007336 secs] [Times: user=0.00 sys=0.00, real=0.00 secs] 
2014-07-10T09:58:30.291+0200: 56.437: [GC (Allocation Failure) 56.437: [ParNew: 8817K->613K(9792K), 0.0011985 secs] 17117K->8913K(31680K), 0.0013686 secs] [Times: user=0.00 sys=0.00, real=0.00 secs] 
2014-07-10T09:58:30.341+0200: 56.487: [GC (Allocation Failure) 56.487: [ParNew: 9299K->1059K(9792K), 0.0009342 secs] 17600K->9399K(31680K), 0.0010328 secs] [Times: user=0.00 sys=0.00, real=0.00 secs] 
2014-07-10T09:58:30.347+0200: 56.492: [GC (Allocation Failure) 56.493: [ParNew: 9757K->37K(9792K), 0.0005408 secs] 18096K->8377K(31680K), 0.0006409 secs] [Times: user=0.00 sys=0.00, real=0.00 secs] 
2014-07-10T09:58:30.391+0200: 56.536: [GC (Allocation Failure) 56.537: [ParNew: 8727K->4K(9792K), 0.0005507 secs] 17067K->8344K(31680K), 0.0006207 secs] [Times: user=0.00 sys=0.00, real=0.00 secs] 
2014-07-10T09:58:30.441+0200: 56.587: [GC (Allocation Failure) 56.587: [ParNew: 8690K->485K(9792K), 0.0004773 secs] 17031K->8826K(31680K), 0.0005536 secs] [Times: user=0.00 sys=0.00, real=0.00 secs] 
2014-07-10T09:58:30.445+0200: 56.590: [GC (Allocation Failure) 56.590: [ParNew: 9172K->967K(9792K), 0.0012898 secs] 17512K->9307K(31680K), 0.0014148 secs] [Times: user=0.03 sys=0.00, real=0.00 secs] 
2014-07-10T09:58:30.491+0200: 56.637: [GC (Allocation Failure) 56.637: [ParNew: 9653K->1059K(9792K), 0.0007824 secs] 17994K->9790K(31680K), 0.0008693 secs] [Times: user=0.00 sys=0.00, real=0.00 secs] 
2014-07-10T09:58:30.542+0200: 56.688: [GC (Allocation Failure) 56.688: [ParNew: 9745K->1059K(9792K), 0.0021752 secs] 18476K->10656K(31680K), 0.0023922 secs] [Times: user=0.00 sys=0.00, real=0.00 secs] 
2014-07-10T09:58:30.552+0200: 56.698: [GC (Allocation Failure) 56.698: [ParNew: 9745K->1059K(9792K), 0.0032017 secs] 19342K->12001K(31680K), 0.0034400 secs] [Times: user=0.03 sys=0.00, real=0.00 secs] 
2014-07-10T09:58:30.593+0200: 56.738: [GC (Allocation Failure) 56.739: [ParNew: 9749K->1059K(9792K), 0.0020289 secs] 20691K->12803K(31680K), 0.0022404 secs] [Times: user=0.00 sys=0.00, real=0.00 secs] 
2014-07-10T09:58:30.642+0200: 56.788: [GC (Allocation Failure) 56.788: [ParNew: 9745K->1059K(9792K), 0.0014511 secs] 21489K->14085K(31680K), 0.0015860 secs] [Times: user=0.00 sys=0.00, real=0.00 secs] 
2014-07-10T09:58:30.647+0200: 56.793: [GC (Allocation Failure) 56.793: [ParNew: 9745K->1059K(9792K), 0.0021492 secs] 22771K->15847K(31680K), 0.0023838 secs] [Times: user=0.03 sys=0.00, real=0.00 secs] 
2014-07-10T09:58:30.692+0200: 56.838: [GC (Allocation Failure) 56.838: [ParNew: 9745K->1059K(9792K), 0.0019142 secs] 24533K->18089K(31680K), 0.0020601 secs] [Times: user=0.00 sys=0.00, real=0.00 secs] 
2014-07-10T09:58:30.694+0200: 56.840: [GC (CMS Initial Mark) [1 CMS-initial-mark: 17030K(21888K)] 18187K(31680K), 0.0002757 secs] [Times: user=0.00 sys=0.00, real=0.00 secs] 
2014-07-10T09:58:30.695+0200: 56.841: [CMS-concurrent-mark-start]
2014-07-10T09:58:30.696+0200: 56.842: [CMS-concurrent-mark: 0.001/0.001 secs] [Times: user=0.03 sys=0.00, real=0.00 secs] 
2014-07-10T09:58:30.696+0200: 56.842: [CMS-concurrent-preclean-start]
2014-07-10T09:58:30.696+0200: 56.842: [CMS-concurrent-preclean: 0.000/0.000 secs] [Times: user=0.00 sys=0.00, real=0.00 secs] 
2014-07-10T09:58:30.696+0200: 56.842: [CMS-concurrent-abortable-preclean-start]
2014-07-10T09:58:30.743+0200: 56.889: [GC (Allocation Failure) 56.889: [ParNew: 9745K->1059K(9792K), 0.0043434 secs] 26775K->20812K(31680K), 0.0046026 secs] [Times: user=0.00 sys=0.00, real=0.00 secs] 
2014-07-10T09:58:30.755+0200: 56.901: [GC (Allocation Failure) 56.901: [ParNew: 9745K->9745K(9792K), 0.0001258 secs]56.901: [CMS2014-07-10T09:58:30.755+0200: 56.901: [CMS-concurrent-abortable-preclean: 0.001/0.059 secs] [Times: user=0.02 sys=0.00, real=0.06 secs] 
 (concurrent mode failure): 19752K->4715K(21888K), 0.0114702 secs] 29498K->4715K(31680K), [Metaspace: 2457K->2457K(1056768K)], 0.0118497 secs] [Times: user=0.02 sys=0.00, real=0.01 secs] 
2014-07-10T09:58:30.792+0200: 56.938: [GC (Allocation Failure) 56.938: [ParNew: 8686K->1059K(9792K), 0.0037509 secs] 13402K->9461K(31680K), 0.0038921 secs] [Times: user=0.00 sys=0.00, real=0.00 secs] 
2014-07-10T09:58:30.844+0200: 56.990: [GC (Allocation Failure) 56.990: [ParNew: 9745K->1059K(9792K), 0.0065487 secs] 18147K->13624K(31680K), 0.0068354 secs] [Times: user=0.00 sys=0.00, real=0.01 secs] 
2014-07-10T09:58:30.851+0200: 56.997: [GC (CMS Initial Mark) [1 CMS-initial-mark: 12564K(21888K)] 13690K(31680K), 0.0003630 secs] [Times: user=0.00 sys=0.00, real=0.00 secs] 
2014-07-10T09:58:30.852+0200: 56.997: [CMS-concurrent-mark-start]
2014-07-10T09:58:30.854+0200: 57.000: [CMS-concurrent-mark: 0.002/0.002 secs] [Times: user=0.00 sys=0.00, real=0.00 secs] 
2014-07-10T09:58:30.854+0200: 57.000: [CMS-concurrent-preclean-start]
2014-07-10T09:58:30.854+0200: 57.000: [CMS-concurrent-preclean: 0.000/0.000 secs] [Times: user=0.00 sys=0.00, real=0.00 secs] 
2014-07-10T09:58:30.854+0200: 57.000: [CMS-concurrent-abortable-preclean-start]
2014-07-10T09:58:30.857+0200: 57.003: [GC (Allocation Failure) 57.003: [ParNew: 9745K->1059K(9792K), 0.0046023 secs] 22310K->18267K(31680K), 0.0047474 secs] [Times: user=0.00 sys=0.00, real=0.00 secs] 
2014-07-10T09:58:30.892+0200: 57.038: [GC (Allocation Failure) 57.038: [ParNew: 9761K->9761K(9792K), 0.0000774 secs]57.038: [CMS2014-07-10T09:58:30.893+0200: 57.038: [CMS-concurrent-abortable-preclean: 0.001/0.038 secs] [Times: user=0.00 sys=0.00, real=0.04 secs] 
 (concurrent mode failure): 17208K->4973K(21888K), 0.0071320 secs] 26970K->4973K(31680K), [Metaspace: 2457K->2457K(1056768K)], 0.0073846 secs] [Times: user=0.02 sys=0.00, real=0.01 secs] 
2014-07-10T09:58:30.943+0200: 57.088: [GC (Allocation Failure) 57.088: [ParNew: 8686K->1059K(9792K), 0.0039555 secs] 13659K->9974K(31680K), 0.0041363 secs] [Times: user=0.03 sys=0.00, real=0.00 secs] 
2014-07-10T09:58:30.951+0200: 57.097: [GC (Allocation Failure) 57.097: [ParNew: 9745K->1059K(9792K), 0.0046136 secs] 18660K->14393K(31680K), 0.0047797 secs] [Times: user=0.00 sys=0.00, real=0.00 secs] 
2014-07-10T09:58:30.956+0200: 57.102: [GC (CMS Initial Mark) [1 CMS-initial-mark: 13334K(21888K)] 14459K(31680K), 0.0002592 secs] [Times: user=0.00 sys=0.00, real=0.00 secs] 
2014-07-10T09:58:30.956+0200: 57.102: [CMS-concurrent-mark-start]
2014-07-10T09:58:30.957+0200: 57.103: [CMS-concurrent-mark: 0.001/0.001 secs] [Times: user=0.00 sys=0.00, real=0.00 secs] 
2014-07-10T09:58:30.957+0200: 57.103: [CMS-concurrent-preclean-start]
2014-07-10T09:58:30.957+0200: 57.103: [CMS-concurrent-preclean: 0.000/0.000 secs] [Times: user=0.00 sys=0.00, real=0.00 secs] 
2014-07-10T09:58:30.957+0200: 57.103: [CMS-concurrent-abortable-preclean-start]
2014-07-10T09:58:30.993+0200: 57.139: [GC (Allocation Failure) 57.139: [ParNew: 9745K->1059K(9792K), 0.0046994 secs] 23080K->19293K(31680K), 0.0048530 secs] [Times: user=0.00 sys=0.00, real=0.00 secs] 
2014-07-10T09:58:31.043+0200: 57.189: [GC (Allocation Failure) 57.189: [ParNew: 9745K->9745K(9792K), 0.0000568 secs]57.189: [CMS2014-07-10T09:58:31.043+0200: 57.189: [CMS-concurrent-abortable-preclean: 0.001/0.086 secs] [Times: user=0.02 sys=0.00, real=0.09 secs] 
 (concurrent mode failure): 18233K->6894K(21888K), 0.0079096 secs] 27979K->6894K(31680K), [Metaspace: 2457K->2457K(1056768K)], 0.0081431 secs] [Times: user=0.00 sys=0.00, real=0.01 secs] 
2014-07-10T09:58:31.055+0200: 57.201: [GC (Allocation Failure) 57.201: [ParNew: 8686K->1059K(9792K), 0.0055874 secs] 15580K->13816K(31680K), 0.0057843 secs] [Times: user=0.00 sys=0.00, real=0.01 secs] 
2014-07-10T09:58:31.061+0200: 57.207: [GC (CMS Initial Mark) [1 CMS-initial-mark: 12757K(21888K)] 13882K(31680K), 0.0002684 secs] [Times: user=0.00 sys=0.00, real=0.00 secs] 
2014-07-10T09:58:31.061+0200: 57.207: [CMS-concurrent-mark-start]
2014-07-10T09:58:31.062+0200: 57.208: [CMS-concurrent-mark: 0.001/0.001 secs] [Times: user=0.00 sys=0.00, real=0.00 secs] 
2014-07-10T09:58:31.062+0200: 57.208: [CMS-concurrent-preclean-start]
2014-07-10T09:58:31.062+0200: 57.208: [CMS-concurrent-preclean: 0.000/0.000 secs] [Times: user=0.00 sys=0.00, real=0.00 secs] 
2014-07-10T09:58:31.063+0200: 57.208: [GC (CMS Final Remark) [YG occupancy: 2342 K (9792 K)]57.208: [Rescan (parallel) , 0.0002779 secs]57.209: [weak refs processing, 0.0000352 secs]57.209: [class unloading, 0.0005360 secs]57.209: [scrub symbol table, 0.0008652 secs]57.210: [scrub string table, 0.0002548 secs][1 CMS-remark: 12757K(21888K)] 15099K(31680K), 0.0021580 secs] [Times: user=0.00 sys=0.00, real=0.00 secs] 
2014-07-10T09:58:31.065+0200: 57.211: [CMS-concurrent-sweep-start]
2014-07-10T09:58:31.065+0200: 57.211: [CMS-concurrent-sweep: 0.000/0.000 secs] [Times: user=0.00 sys=0.00, real=0.00 secs] 
2014-07-10T09:58:31.065+0200: 57.211: [CMS-concurrent-reset-start]
2014-07-10T09:58:31.065+0200: 57.211: [CMS-concurrent-reset: 0.000/0.000 secs] [Times: user=0.00 sys=0.00, real=0.00 secs] 
2014-07-10T09:58:31.093+0200: 57.239: [GC (Allocation Failure) 57.239: [ParNew: 9745K->1059K(9792K), 0.0078513 secs] 16065K->13719K(31680K), 0.0080698 secs] [Times: user=0.03 sys=0.00, real=0.01 secs] 
2014-07-10T09:58:31.102+0200: 57.248: [GC (CMS Initial Mark) [1 CMS-initial-mark: 12659K(21888K)] 13751K(31680K), 0.0004227 secs] [Times: user=0.00 sys=0.00, real=0.00 secs] 
2014-07-10T09:58:31.103+0200: 57.248: [CMS-concurrent-mark-start]
2014-07-10T09:58:31.105+0200: 57.251: [CMS-concurrent-mark: 0.002/0.002 secs] [Times: user=0.00 sys=0.00, real=0.00 secs] 
2014-07-10T09:58:31.105+0200: 57.251: [CMS-concurrent-preclean-start]
2014-07-10T09:58:31.105+0200: 57.251: [CMS-concurrent-preclean: 0.000/0.000 secs] [Times: user=0.00 sys=0.00, real=0.00 secs] 
2014-07-10T09:58:31.105+0200: 57.251: [CMS-concurrent-abortable-preclean-start]
2014-07-10T09:58:31.145+0200: 57.291: [GC (Allocation Failure) 57.291: [ParNew: 9757K->1061K(9792K), 0.0080086 secs] 22416K->19005K(31680K), 0.0082997 secs] [Times: user=0.03 sys=0.00, real=0.01 secs] 
2014-07-10T09:58:31.159+0200: 57.305: [GC (Allocation Failure) 57.305: [ParNew: 9747K->9747K(9792K), 0.0000521 secs]57.305: [CMS2014-07-10T09:58:31.159+0200: 57.305: [CMS-concurrent-abortable-preclean: 0.002/0.054 secs] [Times: user=0.03 sys=0.00, real=0.05 secs] 
 (concurrent mode failure): 17943K->7278K(21888K), 0.0081219 secs] 27691K->7278K(31680K), [Metaspace: 2457K->2457K(1056768K)], 0.0083506 secs] [Times: user=0.01 sys=0.00, real=0.01 secs] 
2014-07-10T09:58:31.195+0200: 57.341: [GC (Allocation Failure) 57.341: [ParNew: 8686K->1059K(9792K), 0.0051947 secs] 15965K->14585K(31680K), 0.0053938 secs] [Times: user=0.00 sys=0.00, real=0.01 secs] 
2014-07-10T09:58:31.202+0200: 57.347: [GC (CMS Initial Mark) [1 CMS-initial-mark: 13525K(21888K)] 15483K(31680K), 0.0001815 secs] [Times: user=0.00 sys=0.00, real=0.00 secs] 
2014-07-10T09:58:31.202+0200: 57.348: [CMS-concurrent-mark-start]
2014-07-10T09:58:31.202+0200: 57.348: [CMS-concurrent-mark: 0.001/0.001 secs] [Times: user=0.00 sys=0.00, real=0.00 secs] 
2014-07-10T09:58:31.203+0200: 57.348: [CMS-concurrent-preclean-start]
2014-07-10T09:58:31.203+0200: 57.348: [CMS-concurrent-preclean: 0.000/0.000 secs] [Times: user=0.00 sys=0.00, real=0.00 secs] 
2014-07-10T09:58:31.203+0200: 57.349: [GC (CMS Final Remark) [YG occupancy: 1957 K (9792 K)]57.349: [Rescan (parallel) , 0.0000964 secs]57.349: [weak refs processing, 0.0000282 secs]57.349: [class unloading, 0.0004645 secs]57.349: [scrub symbol table, 0.0006684 secs]57.350: [scrub string table, 0.0001771 secs][1 CMS-remark: 13525K(21888K)] 15483K(31680K), 0.0015721 secs] [Times: user=0.00 sys=0.00, real=0.00 secs] 
2014-07-10T09:58:31.204+0200: 57.350: [CMS-concurrent-sweep-start]
2014-07-10T09:58:31.205+0200: 57.351: [CMS-concurrent-sweep: 0.000/0.000 secs] [Times: user=0.00 sys=0.00, real=0.00 secs] 
2014-07-10T09:58:31.205+0200: 57.351: [CMS-concurrent-reset-start]
2014-07-10T09:58:31.205+0200: 57.351: [CMS-concurrent-reset: 0.000/0.000 secs] [Times: user=0.00 sys=0.00, real=0.00 secs] 
2014-07-10T09:58:31.243+0200: 57.389: [GC (Allocation Failure) 57.389: [ParNew: 9745K->1059K(9792K), 0.0058268 secs] 10207K->8245K(31680K), 0.0059881 secs] [Times: user=0.00 sys=0.00, real=0.01 secs] 
2014-07-10T09:58:31.249+0200: 57.395: [GC (CMS Initial Mark) [1 CMS-initial-mark: 7185K(21888K)] 8311K(31680K), 0.0002060 secs] [Times: user=0.00 sys=0.00, real=0.00 secs] 
2014-07-10T09:58:31.250+0200: 57.395: [CMS-concurrent-mark-start]
2014-07-10T09:58:31.250+0200: 57.396: [CMS-concurrent-mark: 0.001/0.001 secs] [Times: user=0.00 sys=0.00, real=0.00 secs] 
2014-07-10T09:58:31.250+0200: 57.396: [CMS-concurrent-preclean-start]
2014-07-10T09:58:31.250+0200: 57.396: [CMS-concurrent-preclean: 0.000/0.000 secs] [Times: user=0.00 sys=0.00, real=0.00 secs] 
2014-07-10T09:58:31.251+0200: 57.396: [CMS-concurrent-abortable-preclean-start]
2014-07-10T09:58:31.294+0200: 57.440: [GC (Allocation Failure) 57.440: [ParNew: 9747K->67K(9792K), 0.0135912 secs] 16933K->7253K(31680K), 0.0136927 secs] [Times: user=0.02 sys=0.00, real=0.01 secs] 
2014-07-10T09:58:31.341+0200: 57.487: [GC (Allocation Failure) 57.487: [ParNew: 8753K->548K(9792K), 0.0007329 secs] 15940K->7735K(31680K), 0.0008044 secs] [Times: user=0.00 sys=0.00, real=0.00 secs] 
2014-07-10T09:58:31.342+0200: 57.488: [CMS-concurrent-abortable-preclean: 0.000/0.091 secs] [Times: user=0.02 sys=0.00, real=0.09 secs] 
2014-07-10T09:58:31.346+0200: 57.492: [GC (Allocation Failure) 57.492: [ParNew: 9234K->1027K(9792K), 0.0013459 secs] 16421K->8217K(31680K), 0.0014658 secs] [Times: user=0.00 sys=0.00, real=0.00 secs] 
2014-07-10T09:58:31.348+0200: 57.494: [GC (CMS Final Remark) [YG occupancy: 2566 K (9792 K)]57.494: [Rescan (parallel) , 0.0001324 secs]57.494: [weak refs processing, 0.0000275 secs]57.494: [class unloading, 0.0006229 secs]57.495: [scrub symbol table, 0.0006137 secs]57.496: [scrub string table, 0.0001800 secs][1 CMS-remark: 7190K(21888K)] 9756K(31680K), 0.0017140 secs] [Times: user=0.00 sys=0.00, real=0.00 secs] 
2014-07-10T09:58:31.350+0200: 57.496: [CMS-concurrent-sweep-start]
2014-07-10T09:58:31.350+0200: 57.496: [CMS-concurrent-sweep: 0.000/0.000 secs] [Times: user=0.00 sys=0.00, real=0.00 secs] 
2014-07-10T09:58:31.350+0200: 57.496: [CMS-concurrent-reset-start]
2014-07-10T09:58:31.351+0200: 57.496: [CMS-concurrent-reset: 0.000/0.000 secs] [Times: user=0.03 sys=0.00, real=0.00 secs] 
2014-07-10T09:58:31.353+0200: 57.499: [GC (Allocation Failure) 57.499: [ParNew: 9730K->1006K(9792K), 0.0009796 secs] 16919K->8196K(31680K), 0.0010808 secs] [Times: user=0.00 sys=0.00, real=0.00 secs] 
2014-07-10T09:58:31.441+0200: 57.587: [GC (Allocation Failure) 57.587: [ParNew: 9686K->453K(9792K), 0.0011739 secs] 16876K->7644K(31680K), 0.0013558 secs] [Times: user=0.00 sys=0.00, real=0.00 secs] 
2014-07-10T09:58:31.451+0200: 57.597: [GC (Allocation Failure) 57.597: [ParNew: 9139K->934K(9792K), 0.0015651 secs] 16330K->8125K(31680K), 0.0017660 secs] [Times: user=0.00 sys=0.00, real=0.00 secs] 
2014-07-10T09:58:31.492+0200: 57.638: [GC (Allocation Failure) 57.638: [ParNew: 9620K->1059K(9792K), 0.0020157 secs] 16811K->8606K(31680K), 0.0022141 secs] [Times: user=0.00 sys=0.00, real=0.00 secs] 
2014-07-10T09:58:31.542+0200: 57.688: [GC (Allocation Failure) 57.688: [ParNew: 9745K->1059K(9792K), 0.0021565 secs] 17292K->9439K(31680K), 0.0023735 secs] [Times: user=0.00 sys=0.00, real=0.00 secs] 
2014-07-10T09:58:31.551+0200: 57.697: [GC (Allocation Failure) 57.697: [ParNew: 9745K->1059K(9792K), 0.0036292 secs] 18125K->10753K(31680K), 0.0039031 secs] [Times: user=0.03 sys=0.00, real=0.00 secs] 
2014-07-10T09:58:31.593+0200: 57.739: [GC (Allocation Failure) 57.739: [ParNew: 9745K->1059K(9792K), 0.0028791 secs] 19439K->12547K(31680K), 0.0031211 secs] [Times: user=0.00 sys=0.00, real=0.00 secs] 
2014-07-10T09:58:31.642+0200: 57.788: [GC (Allocation Failure) 57.788: [ParNew: 9751K->1061K(9792K), 0.0022657 secs] 21239K->13798K(31680K), 0.0024747 secs] [Times: user=0.00 sys=0.00, real=0.00 secs] 
2014-07-10T09:58:31.653+0200: 57.799: [GC (Allocation Failure) 57.799: [ParNew: 9747K->1059K(9792K), 0.0035643 secs] 22485K->15527K(31680K), 0.0038272 secs] [Times: user=0.00 sys=0.00, real=0.00 secs] 
2014-07-10T09:58:31.657+0200: 57.803: [GC (CMS Initial Mark) [1 CMS-initial-mark: 14467K(21888K)] 15593K(31680K), 0.0004147 secs] [Times: user=0.00 sys=0.00, real=0.00 secs] 
2014-07-10T09:58:31.658+0200: 57.804: [CMS-concurrent-mark-start]
2014-07-10T09:58:31.660+0200: 57.806: [CMS-concurrent-mark: 0.002/0.002 secs] [Times: user=0.00 sys=0.00, real=0.00 secs] 
2014-07-10T09:58:31.660+0200: 57.806: [CMS-concurrent-preclean-start]
2014-07-10T09:58:31.660+0200: 57.806: [CMS-concurrent-preclean: 0.000/0.000 secs] [Times: user=0.00 sys=0.00, real=0.00 secs] 
2014-07-10T09:58:31.660+0200: 57.806: [CMS-concurrent-abortable-preclean-start]
2014-07-10T09:58:31.692+0200: 57.838: [GC (Allocation Failure) 57.838: [ParNew: 9745K->1059K(9792K), 0.0019669 secs] 24213K->17737K(31680K), 0.0021396 secs] [Times: user=0.03 sys=0.00, real=0.00 secs] 
2014-07-10T09:58:31.744+0200: 57.890: [GC (Allocation Failure) 57.890: [ParNew: 9745K->1059K(9792K), 0.0047845 secs] 26423K->20427K(31680K), 0.0051320 secs] [Times: user=0.00 sys=0.00, real=0.01 secs] 
2014-07-10T09:58:31.758+0200: 57.903: [GC (Allocation Failure) 57.904: [ParNew: 9745K->9745K(9792K), 0.0000568 secs]57.904: [CMS2014-07-10T09:58:31.758+0200: 57.904: [CMS-concurrent-abortable-preclean: 0.002/0.097 secs] [Times: user=0.05 sys=0.00, real=0.10 secs] 
 (concurrent mode failure): 19368K->4686K(21888K), 0.0063756 secs] 29114K->4686K(31680K), [Metaspace: 2457K->2457K(1056768K)], 0.0066282 secs] [Times: user=0.00 sys=0.00, real=0.01 secs] 
2014-07-10T09:58:31.792+0200: 57.938: [GC (Allocation Failure) 57.938: [ParNew: 8686K->1059K(9792K), 0.0033583 secs] 13372K->9399K(31680K), 0.0035207 secs] [Times: user=0.00 sys=0.00, real=0.00 secs] 
2014-07-10T09:58:31.842+0200: 57.988: [GC (Allocation Failure) 57.988: [ParNew: 9745K->1059K(9792K), 0.0039280 secs] 18085K->13530K(31680K), 0.0040677 secs] [Times: user=0.00 sys=0.00, real=0.00 secs] 
2014-07-10T09:58:31.846+0200: 57.992: [GC (CMS Initial Mark) [1 CMS-initial-mark: 12471K(21888K)] 13596K(31680K), 0.0002662 secs] [Times: user=0.00 sys=0.00, real=0.00 secs] 
2014-07-10T09:58:31.847+0200: 57.992: [CMS-concurrent-mark-start]
2014-07-10T09:58:31.847+0200: 57.993: [CMS-concurrent-mark: 0.001/0.001 secs] [Times: user=0.00 sys=0.00, real=0.00 secs] 
2014-07-10T09:58:31.847+0200: 57.993: [CMS-concurrent-preclean-start]
2014-07-10T09:58:31.847+0200: 57.993: [CMS-concurrent-preclean: 0.000/0.000 secs] [Times: user=0.00 sys=0.00, real=0.00 secs] 
2014-07-10T09:58:31.848+0200: 57.993: [CMS-concurrent-abortable-preclean-start]
2014-07-10T09:58:31.850+0200: 57.996: [GC (Allocation Failure) 57.996: [ParNew: 9745K->1059K(9792K), 0.0043456 secs] 22216K->18141K(31680K), 0.0044846 secs] [Times: user=0.00 sys=0.00, real=0.01 secs] 
2014-07-10T09:58:31.892+0200: 58.038: [GC (Allocation Failure) 58.038: [ParNew: 9734K->9734K(9792K), 0.0000425 secs]58.038: [CMS2014-07-10T09:58:31.892+0200: 58.038: [CMS-concurrent-abortable-preclean: 0.001/0.045 secs] [Times: user=0.02 sys=0.00, real=0.04 secs] 
 (concurrent mode failure): 17082K->4399K(21888K), 0.0051445 secs] 26817K->4399K(31680K), [Metaspace: 2457K->2457K(1056768K)], 0.0053326 secs] [Times: user=0.02 sys=0.00, real=0.01 secs] 
2014-07-10T09:58:31.943+0200: 58.089: [GC (Allocation Failure) 58.089: [ParNew: 8686K->1059K(9792K), 0.0057223 secs] 13085K->8824K(31680K), 0.0060233 secs] [Times: user=0.02 sys=0.00, real=0.01 secs] 
2014-07-10T09:58:31.956+0200: 58.102: [GC (Allocation Failure) 58.102: [ParNew: 9745K->1059K(9792K), 0.0069340 secs] 17511K->12667K(31680K), 0.0073149 secs] [Times: user=0.03 sys=0.00, real=0.01 secs] 
2014-07-10T09:58:31.965+0200: 58.111: [GC (CMS Initial Mark) [1 CMS-initial-mark: 11608K(21888K)] 13822K(31680K), 0.0004381 secs] [Times: user=0.00 sys=0.00, real=0.00 secs] 
2014-07-10T09:58:31.966+0200: 58.112: [CMS-concurrent-mark-start]
2014-07-10T09:58:31.967+0200: 58.113: [CMS-concurrent-mark: 0.001/0.001 secs] [Times: user=0.00 sys=0.00, real=0.00 secs] 
2014-07-10T09:58:31.967+0200: 58.113: [CMS-concurrent-preclean-start]
2014-07-10T09:58:31.967+0200: 58.113: [CMS-concurrent-preclean: 0.000/0.000 secs] [Times: user=0.00 sys=0.00, real=0.00 secs] 
2014-07-10T09:58:31.967+0200: 58.113: [CMS-concurrent-abortable-preclean-start]
2014-07-10T09:58:31.993+0200: 58.139: [GC (Allocation Failure) 58.139: [ParNew: 9745K->1059K(9792K), 0.0044615 secs] 21354K->16991K(31680K), 0.0046250 secs] [Times: user=0.00 sys=0.00, real=0.00 secs] 
2014-07-10T09:58:32.042+0200: 58.188: [GC (Allocation Failure) 58.188: [ParNew: 9745K->1059K(9792K), 0.0048347 secs] 25677K->21794K(31680K), 0.0050121 secs] [Times: user=0.00 sys=0.00, real=0.01 secs] 
2014-07-10T09:58:32.049+0200: 58.195: [CMS-concurrent-abortable-preclean: 0.002/0.082 secs] [Times: user=0.00 sys=0.00, real=0.08 secs] 
2014-07-10T09:58:32.049+0200: 58.195: [GC (CMS Final Remark) [YG occupancy: 4651 K (9792 K)]58.195: [Rescan (parallel) , 0.0001719 secs]58.195: [weak refs processing, 0.0000378 secs]58.195: [class unloading, 0.0007175 secs]58.196: [scrub symbol table, 0.0007567 secs]58.197: [scrub string table, 0.0002390 secs][1 CMS-remark: 20734K(21888K)] 25386K(31680K), 0.0021099 secs] [Times: user=0.00 sys=0.00, real=0.00 secs] 
2014-07-10T09:58:32.051+0200: 58.197: [CMS-concurrent-sweep-start]
2014-07-10T09:58:32.052+0200: 58.198: [CMS-concurrent-sweep: 0.001/0.001 secs] [Times: user=0.00 sys=0.00, real=0.00 secs] 
2014-07-10T09:58:32.052+0200: 58.198: [CMS-concurrent-reset-start]
2014-07-10T09:58:32.052+0200: 58.198: [CMS-concurrent-reset: 0.000/0.000 secs] [Times: user=0.00 sys=0.00, real=0.00 secs] 
2014-07-10T09:58:32.053+0200: 58.199: [GC (Allocation Failure) 58.199: [ParNew: 9745K->1059K(9792K), 0.0049447 secs] 23179K->19776K(31680K), 0.0050671 secs] [Times: user=0.00 sys=0.00, real=0.01 secs] 
2014-07-10T09:58:32.059+0200: 58.205: [GC (CMS Initial Mark) [1 CMS-initial-mark: 18716K(21888K)] 19842K(31680K), 0.0002867 secs] [Times: user=0.00 sys=0.00, real=0.00 secs] 
2014-07-10T09:58:32.059+0200: 58.205: [CMS-concurrent-mark-start]
2014-07-10T09:58:32.060+0200: 58.206: [CMS-concurrent-mark: 0.001/0.001 secs] [Times: user=0.00 sys=0.00, real=0.00 secs] 
2014-07-10T09:58:32.060+0200: 58.206: [CMS-concurrent-preclean-start]
2014-07-10T09:58:32.060+0200: 58.206: [CMS-concurrent-preclean: 0.000/0.000 secs] [Times: user=0.00 sys=0.00, real=0.00 secs] 
2014-07-10T09:58:32.060+0200: 58.206: [GC (CMS Final Remark) [YG occupancy: 2918 K (9792 K)]58.206: [Rescan (parallel) , 0.0001056 secs]58.206: [weak refs processing, 0.0000308 secs]58.206: [class unloading, 0.0004407 secs]58.207: [scrub symbol table, 0.0005492 secs]58.207: [scrub string table, 0.0001620 secs][1 CMS-remark: 18716K(21888K)] 21635K(31680K), 0.0014005 secs] [Times: user=0.00 sys=0.00, real=0.00 secs] 
2014-07-10T09:58:32.062+0200: 58.207: [CMS-concurrent-sweep-start]
2014-07-10T09:58:32.062+0200: 58.208: [CMS-concurrent-sweep: 0.000/0.000 secs] [Times: user=0.00 sys=0.00, real=0.00 secs] 
2014-07-10T09:58:32.062+0200: 58.208: [CMS-concurrent-reset-start]
2014-07-10T09:58:32.062+0200: 58.208: [CMS-concurrent-reset: 0.000/0.000 secs] [Times: user=0.00 sys=0.00, real=0.00 secs] 
2014-07-10T09:58:32.093+0200: 58.239: [GC (Allocation Failure) 58.239: [ParNew: 9745K->1059K(9792K), 0.0052629 secs] 15493K->12570K(31680K), 0.0054220 secs] [Times: user=0.00 sys=0.00, real=0.01 secs] 
2014-07-10T09:58:32.098+0200: 58.244: [GC (CMS Initial Mark) [1 CMS-initial-mark: 11511K(21888K)] 12602K(31680K), 0.0001884 secs] [Times: user=0.00 sys=0.00, real=0.00 secs] 
2014-07-10T09:58:32.099+0200: 58.244: [CMS-concurrent-mark-start]
2014-07-10T09:58:32.099+0200: 58.245: [CMS-concurrent-mark: 0.001/0.001 secs] [Times: user=0.00 sys=0.00, real=0.00 secs] 
2014-07-10T09:58:32.099+0200: 58.245: [CMS-concurrent-preclean-start]
2014-07-10T09:58:32.099+0200: 58.245: [CMS-concurrent-preclean: 0.000/0.000 secs] [Times: user=0.00 sys=0.00, real=0.00 secs] 
2014-07-10T09:58:32.099+0200: 58.245: [CMS-concurrent-abortable-preclean-start]
2014-07-10T09:58:32.142+0200: 58.288: [GC (Allocation Failure) 58.288: [ParNew: 9751K->1061K(9792K), 0.0050723 secs] 21262K->17792K(31680K), 0.0052262 secs] [Times: user=0.01 sys=0.00, real=0.01 secs] 
2014-07-10T09:58:32.153+0200: 58.299: [GC (Allocation Failure) 58.299: [ParNew: 9747K->9747K(9792K), 0.0000488 secs]58.299: [CMS2014-07-10T09:58:32.153+0200: 58.299: [CMS-concurrent-abortable-preclean: 0.001/0.054 secs] [Times: user=0.01 sys=0.01, real=0.05 secs] 
 (concurrent mode failure): 16730K->7217K(21888K), 0.0079173 secs] 26478K->7217K(31680K), [Metaspace: 2457K->2457K(1056768K)], 0.0082538 secs] [Times: user=0.00 sys=0.00, real=0.01 secs] 
2014-07-10T09:58:32.193+0200: 58.339: [GC (Allocation Failure) 58.339: [ParNew: 8686K->1059K(9792K), 0.0054110 secs] 15903K->14459K(31680K), 0.0055375 secs] [Times: user=0.00 sys=0.00, real=0.01 secs] 
2014-07-10T09:58:32.200+0200: 58.346: [GC (CMS Initial Mark) [1 CMS-initial-mark: 13400K(21888K)] 15422K(31680K), 0.0002229 secs] [Times: user=0.00 sys=0.00, real=0.00 secs] 
2014-07-10T09:58:32.200+0200: 58.346: [CMS-concurrent-mark-start]
2014-07-10T09:58:32.201+0200: 58.347: [CMS-concurrent-mark: 0.001/0.001 secs] [Times: user=0.00 sys=0.00, real=0.00 secs] 
2014-07-10T09:58:32.201+0200: 58.347: [CMS-concurrent-preclean-start]
2014-07-10T09:58:32.201+0200: 58.347: [CMS-concurrent-preclean: 0.000/0.000 secs] [Times: user=0.00 sys=0.00, real=0.00 secs] 
2014-07-10T09:58:32.201+0200: 58.347: [GC (CMS Final Remark) [YG occupancy: 2022 K (9792 K)]58.347: [Rescan (parallel) , 0.0000957 secs]58.347: [weak refs processing, 0.0000290 secs]58.347: [class unloading, 0.0004334 secs]58.347: [scrub symbol table, 0.0006181 secs]58.348: [scrub string table, 0.0001661 secs][1 CMS-remark: 13400K(21888K)] 15422K(31680K), 0.0014632 secs] [Times: user=0.00 sys=0.00, real=0.00 secs] 
2014-07-10T09:58:32.202+0200: 58.348: [CMS-concurrent-sweep-start]
2014-07-10T09:58:32.203+0200: 58.349: [CMS-concurrent-sweep: 0.000/0.000 secs] [Times: user=0.00 sys=0.00, real=0.00 secs] 
2014-07-10T09:58:32.203+0200: 58.349: [CMS-concurrent-reset-start]
2014-07-10T09:58:32.203+0200: 58.349: [CMS-concurrent-reset: 0.000/0.000 secs] [Times: user=0.00 sys=0.00, real=0.00 secs] 
2014-07-10T09:58:32.243+0200: 58.389: [GC (Allocation Failure) 58.389: [ParNew: 9745K->1059K(9792K), 0.0066539 secs] 10209K->8183K(31680K), 0.0068134 secs] [Times: user=0.00 sys=0.00, real=0.01 secs] 
2014-07-10T09:58:32.250+0200: 58.396: [GC (CMS Initial Mark) [1 CMS-initial-mark: 7124K(21888K)] 8215K(31680K), 0.0001833 secs] [Times: user=0.00 sys=0.00, real=0.00 secs] 
2014-07-10T09:58:32.250+0200: 58.396: [CMS-concurrent-mark-start]
2014-07-10T09:58:32.251+0200: 58.397: [CMS-concurrent-mark: 0.001/0.001 secs] [Times: user=0.00 sys=0.00, real=0.00 secs] 
2014-07-10T09:58:32.251+0200: 58.397: [CMS-concurrent-preclean-start]
2014-07-10T09:58:32.251+0200: 58.397: [CMS-concurrent-preclean: 0.000/0.000 secs] [Times: user=0.00 sys=0.00, real=0.00 secs] 
2014-07-10T09:58:32.251+0200: 58.397: [CMS-concurrent-abortable-preclean-start]
2014-07-10T09:58:32.295+0200: 58.441: [GC (Allocation Failure) 58.441: [ParNew: 9745K->3K(9792K), 0.0005730 secs] 16869K->7128K(31680K), 0.0006585 secs] [Times: user=0.00 sys=0.00, real=0.00 secs] 
2014-07-10T09:58:32.341+0200: 58.487: [GC (Allocation Failure) 58.487: [ParNew: 8689K->484K(9792K), 0.0117144 secs] 15814K->7609K(31680K), 0.0118222 secs] [Times: user=0.02 sys=0.00, real=0.01 secs] 
2014-07-10T09:58:32.353+0200: 58.499: [CMS-concurrent-abortable-preclean: 0.000/0.102 secs] [Times: user=0.02 sys=0.00, real=0.10 secs] 
2014-07-10T09:58:32.353+0200: 58.499: [GC (CMS Final Remark) [YG occupancy: 774 K (9792 K)]58.499: [Rescan (parallel) , 0.0001536 secs]58.499: [weak refs processing, 0.0000279 secs]58.499: [class unloading, 0.0005811 secs]58.500: [scrub symbol table, 0.0006009 secs]58.500: [scrub string table, 0.0001822 secs][1 CMS-remark: 7125K(21888K)] 7899K(31680K), 0.0016703 secs] [Times: user=0.00 sys=0.00, real=0.00 secs] 
2014-07-10T09:58:32.355+0200: 58.501: [CMS-concurrent-sweep-start]
2014-07-10T09:58:32.355+0200: 58.501: [CMS-concurrent-sweep: 0.000/0.000 secs] [Times: user=0.00 sys=0.00, real=0.00 secs] 
2014-07-10T09:58:32.355+0200: 58.501: [CMS-concurrent-reset-start]
2014-07-10T09:58:32.355+0200: 58.501: [CMS-concurrent-reset: 0.000/0.000 secs] [Times: user=0.00 sys=0.00, real=0.00 secs] 
2014-07-10T09:58:32.359+0200: 58.505: [GC (Allocation Failure) 58.505: [ParNew: 9170K->966K(9792K), 0.0009551 secs] 16294K->8090K(31680K), 0.0010387 secs] [Times: user=0.00 sys=0.00, real=0.00 secs] 
2014-07-10T09:58:32.364+0200: 58.510: [GC (Allocation Failure) 58.510: [ParNew: 9669K->428K(9792K), 0.0007604 secs] 16793K->7556K(31680K), 0.0008645 secs] [Times: user=0.03 sys=0.00, real=0.00 secs] 
2014-07-10T09:58:32.441+0200: 58.587: [GC (Allocation Failure) 58.587: [ParNew: 9108K->389K(9792K), 0.0004458 secs] 16237K->7517K(31680K), 0.0005111 secs] [Times: user=0.00 sys=0.00, real=0.00 secs] 
2014-07-10T09:58:32.444+0200: 58.590: [GC (Allocation Failure) 58.591: [ParNew: 9075K->870K(9792K), 0.0008806 secs] 16203K->7998K(31680K), 0.0009818 secs] [Times: user=0.00 sys=0.00, real=0.00 secs] 
2014-07-10T09:58:32.492+0200: 58.638: [GC (Allocation Failure) 58.638: [ParNew: 9556K->1059K(9792K), 0.0016912 secs] 16685K->8480K(31680K), 0.0018856 secs] [Times: user=0.00 sys=0.00, real=0.00 secs] 
2014-07-10T09:58:32.542+0200: 58.688: [GC (Allocation Failure) 58.688: [ParNew: 9745K->1059K(9792K), 0.0021140 secs] 17166K->9249K(31680K), 0.0023174 secs] [Times: user=0.00 sys=0.00, real=0.00 secs] 
2014-07-10T09:58:32.551+0200: 58.697: [GC (Allocation Failure) 58.697: [ParNew: 9745K->1059K(9792K), 0.0030815 secs] 17936K->10499K(31680K), 0.0033348 secs] [Times: user=0.03 sys=0.00, real=0.00 secs] 
2014-07-10T09:58:32.593+0200: 58.739: [GC (Allocation Failure) 58.739: [ParNew: 9745K->1059K(9792K), 0.0028743 secs] 19185K->12229K(31680K), 0.0031028 secs] [Times: user=0.00 sys=0.00, real=0.00 secs] 
2014-07-10T09:58:32.642+0200: 58.788: [GC (Allocation Failure) 58.788: [ParNew: 9755K->1061K(9792K), 0.0019178 secs] 20924K->12904K(31680K), 0.0021140 secs] [Times: user=0.00 sys=0.00, real=0.00 secs] 
2014-07-10T09:58:32.652+0200: 58.798: [GC (Allocation Failure) 58.798: [ParNew: 9747K->1059K(9792K), 0.0027303 secs] 21591K->14057K(31680K), 0.0029609 secs] [Times: user=0.00 sys=0.00, real=0.00 secs] 
2014-07-10T09:58:32.692+0200: 58.838: [GC (Allocation Failure) 58.839: [ParNew: 9745K->1059K(9792K), 0.0028300 secs] 22743K->15691K(31680K), 0.0030888 secs] [Times: user=0.00 sys=0.00, real=0.00 secs] 
2014-07-10T09:58:32.742+0200: 58.888: [GC (Allocation Failure) 58.889: [ParNew: 9745K->1059K(9792K), 0.0032230 secs] 24377K->17805K(31680K), 0.0037004 secs] [Times: user=0.00 sys=0.00, real=0.00 secs] 
2014-07-10T09:58:32.747+0200: 58.893: [GC (CMS Initial Mark) [1 CMS-initial-mark: 16746K(21888K)] 17871K(31680K), 0.0005452 secs] [Times: user=0.00 sys=0.00, real=0.00 secs] 
2014-07-10T09:58:32.747+0200: 58.893: [CMS-concurrent-mark-start]
2014-07-10T09:58:32.749+0200: 58.895: [CMS-concurrent-mark: 0.002/0.002 secs] [Times: user=0.00 sys=0.00, real=0.00 secs] 
2014-07-10T09:58:32.750+0200: 58.896: [CMS-concurrent-preclean-start]
2014-07-10T09:58:32.750+0200: 58.896: [CMS-concurrent-preclean: 0.000/0.000 secs] [Times: user=0.00 sys=0.00, real=0.00 secs] 
2014-07-10T09:58:32.750+0200: 58.896: [CMS-concurrent-abortable-preclean-start]
2014-07-10T09:58:32.754+0200: 58.900: [GC (Allocation Failure) 58.900: [ParNew: 9745K->1059K(9792K), 0.0049795 secs] 26491K->20399K(31680K), 0.0052251 secs] [Times: user=0.03 sys=0.00, real=0.01 secs] 
2014-07-10T09:58:32.793+0200: 58.939: [GC (Allocation Failure) 58.939: [ParNew: 9745K->9745K(9792K), 0.0001030 secs]58.939: [CMS2014-07-10T09:58:32.794+0200: 58.940: [CMS-concurrent-abortable-preclean: 0.001/0.044 secs] [Times: user=0.03 sys=0.00, real=0.04 secs] 
 (concurrent mode failure): 19340K->4592K(21888K), 0.0120341 secs] 29086K->4592K(31680K), [Metaspace: 2457K->2457K(1056768K)], 0.0124502 secs] [Times: user=0.02 sys=0.00, real=0.01 secs] 
2014-07-10T09:58:32.844+0200: 58.990: [GC (Allocation Failure) 58.990: [ParNew: 8686K->1059K(9792K), 0.0036047 secs] 13279K->9210K(31680K), 0.0037726 secs] [Times: user=0.00 sys=0.00, real=0.00 secs] 
2014-07-10T09:58:32.852+0200: 58.998: [GC (Allocation Failure) 58.998: [ParNew: 9757K->1059K(9792K), 0.0033774 secs] 17908K->12605K(31680K), 0.0035137 secs] [Times: user=0.00 sys=0.00, real=0.00 secs] 
2014-07-10T09:58:32.856+0200: 59.002: [GC (CMS Initial Mark) [1 CMS-initial-mark: 11545K(21888K)] 12671K(31680K), 0.0002280 secs] [Times: user=0.00 sys=0.00, real=0.00 secs] 
2014-07-10T09:58:32.856+0200: 59.002: [CMS-concurrent-mark-start]
2014-07-10T09:58:32.857+0200: 59.003: [CMS-concurrent-mark: 0.001/0.001 secs] [Times: user=0.00 sys=0.00, real=0.00 secs] 
2014-07-10T09:58:32.857+0200: 59.003: [CMS-concurrent-preclean-start]
2014-07-10T09:58:32.857+0200: 59.003: [CMS-concurrent-preclean: 0.000/0.000 secs] [Times: user=0.00 sys=0.00, real=0.00 secs] 
2014-07-10T09:58:32.857+0200: 59.003: [CMS-concurrent-abortable-preclean-start]
2014-07-10T09:58:32.892+0200: 59.038: [GC (Allocation Failure) 59.038: [ParNew: 9749K->1059K(9792K), 0.0025561 secs] 21294K->15456K(31680K), 0.0026969 secs] [Times: user=0.00 sys=0.00, real=0.00 secs] 
2014-07-10T09:58:32.943+0200: 59.089: [GC (Allocation Failure) 59.090: [ParNew: 9745K->1059K(9792K), 0.0053821 secs] 24142K->18787K(31680K), 0.0056823 secs] [Times: user=0.00 sys=0.00, real=0.01 secs] 
2014-07-10T09:58:32.956+0200: 59.102: [GC (Allocation Failure) 59.102: [ParNew: 9745K->1059K(9792K), 0.0041194 secs] 27474K->22598K(31680K), 0.0042972 secs] [Times: user=0.03 sys=0.00, real=0.00 secs] 
2014-07-10T09:58:32.960+0200: 59.106: [CMS-concurrent-abortable-preclean: 0.002/0.103 secs] [Times: user=0.05 sys=0.02, real=0.10 secs] 
2014-07-10T09:58:32.961+0200: 59.107: [GC (CMS Final Remark) [YG occupancy: 1285 K (9792 K)]59.107: [Rescan (parallel) , 0.0002159 secs]59.107: [weak refs processing, 0.0000367 secs]59.107: [class unloading, 0.0006093 secs]59.108: [scrub symbol table, 0.0007230 secs]59.108: [scrub string table, 0.0002431 secs][1 CMS-remark: 21539K(21888K)] 22824K(31680K), 0.0020128 secs] [Times: user=0.00 sys=0.00, real=0.00 secs] 
2014-07-10T09:58:32.963+0200: 59.109: [CMS-concurrent-sweep-start]
2014-07-10T09:58:32.963+0200: 59.109: [CMS-concurrent-sweep: 0.000/0.000 secs] [Times: user=0.00 sys=0.00, real=0.00 secs] 
2014-07-10T09:58:32.963+0200: 59.109: [CMS-concurrent-reset-start]
2014-07-10T09:58:32.964+0200: 59.110: [CMS-concurrent-reset: 0.000/0.000 secs] [Times: user=0.00 sys=0.00, real=0.00 secs] 
2014-07-10T09:58:32.993+0200: 59.139: [GC (Allocation Failure) 59.139: [ParNew: 9745K->1059K(9792K), 0.0039720 secs] 23599K->19204K(31680K), 0.0041278 secs] [Times: user=0.00 sys=0.00, real=0.00 secs] 
2014-07-10T09:58:32.997+0200: 59.143: [GC (CMS Initial Mark) [1 CMS-initial-mark: 18144K(21888K)] 19302K(31680K), 0.0002629 secs] [Times: user=0.00 sys=0.00, real=0.00 secs] 
2014-07-10T09:58:32.997+0200: 59.143: [CMS-concurrent-mark-start]
2014-07-10T09:58:32.999+0200: 59.145: [CMS-concurrent-mark: 0.001/0.001 secs] [Times: user=0.00 sys=0.00, real=0.00 secs] 
2014-07-10T09:58:32.999+0200: 59.145: [CMS-concurrent-preclean-start]
2014-07-10T09:58:32.999+0200: 59.145: [CMS-concurrent-preclean: 0.000/0.000 secs] [Times: user=0.00 sys=0.00, real=0.00 secs] 
2014-07-10T09:58:32.999+0200: 59.145: [CMS-concurrent-abortable-preclean-start]
2014-07-10T09:58:32.999+0200: 59.145: [CMS-concurrent-abortable-preclean: 0.000/0.000 secs] [Times: user=0.00 sys=0.00, real=0.00 secs] 
2014-07-10T09:58:32.999+0200: 59.145: [GC (CMS Final Remark) [YG occupancy: 3912 K (9792 K)]59.145: [Rescan (parallel) , 0.0001529 secs]59.145: [weak refs processing, 0.0000356 secs]59.145: [class unloading, 0.0006115 secs]59.146: [scrub symbol table, 0.0007747 secs]59.147: [scrub string table, 0.0002339 secs][1 CMS-remark: 18144K(21888K)] 22057K(31680K), 0.0019952 secs] [Times: user=0.00 sys=0.00, real=0.00 secs] 
2014-07-10T09:58:33.001+0200: 59.147: [CMS-concurrent-sweep-start]
2014-07-10T09:58:33.002+0200: 59.148: [CMS-concurrent-sweep: 0.000/0.000 secs] [Times: user=0.00 sys=0.00, real=0.00 secs] 
2014-07-10T09:58:33.002+0200: 59.148: [CMS-concurrent-reset-start]
2014-07-10T09:58:33.002+0200: 59.148: [CMS-concurrent-reset: 0.000/0.000 secs] [Times: user=0.00 sys=0.00, real=0.00 secs] 
2014-07-10T09:58:33.043+0200: 59.189: [GC (Allocation Failure) 59.189: [ParNew: 9745K->1059K(9792K), 0.0045722 secs] 14502K->10588K(31680K), 0.0047284 secs] [Times: user=0.00 sys=0.00, real=0.01 secs] 
2014-07-10T09:58:33.048+0200: 59.194: [GC (CMS Initial Mark) [1 CMS-initial-mark: 9528K(21888K)] 10654K(31680K), 0.0002196 secs] [Times: user=0.00 sys=0.00, real=0.00 secs] 
2014-07-10T09:58:33.048+0200: 59.194: [CMS-concurrent-mark-start]
2014-07-10T09:58:33.050+0200: 59.196: [CMS-concurrent-mark: 0.001/0.001 secs] [Times: user=0.00 sys=0.00, real=0.00 secs] 
2014-07-10T09:58:33.050+0200: 59.196: [CMS-concurrent-preclean-start]
2014-07-10T09:58:33.050+0200: 59.196: [CMS-concurrent-preclean: 0.000/0.000 secs] [Times: user=0.00 sys=0.00, real=0.00 secs] 
2014-07-10T09:58:33.050+0200: 59.196: [CMS-concurrent-abortable-preclean-start]
2014-07-10T09:58:33.053+0200: 59.199: [GC (Allocation Failure) 59.199: [ParNew: 9745K->1059K(9792K), 0.0049179 secs] 19274K->15839K(31680K), 0.0050807 secs] [Times: user=0.00 sys=0.00, real=0.01 secs] 
2014-07-10T09:58:33.092+0200: 59.238: [GC (Allocation Failure) 59.239: [ParNew: 9749K->1059K(9792K), 0.0045982 secs] 24529K->20547K(31680K), 0.0047760 secs] [Times: user=0.00 sys=0.00, real=0.00 secs] 
2014-07-10T09:58:33.098+0200: 59.244: [CMS-concurrent-abortable-preclean: 0.002/0.048 secs] [Times: user=0.03 sys=0.02, real=0.05 secs] 
2014-07-10T09:58:33.099+0200: 59.244: [GC (CMS Final Remark) [YG occupancy: 3496 K (9792 K)]59.244: [Rescan (parallel) , 0.0001074 secs]59.245: [weak refs processing, 0.0000293 secs]59.245: [class unloading, 0.0005235 secs]59.245: [scrub symbol table, 0.0005653 secs]59.246: [scrub string table, 0.0001719 secs][1 CMS-remark: 19487K(21888K)] 22984K(31680K), 0.0015160 secs] [Times: user=0.00 sys=0.00, real=0.00 secs] 
2014-07-10T09:58:33.100+0200: 59.246: [CMS-concurrent-sweep-start]
2014-07-10T09:58:33.100+0200: 59.246: [CMS-concurrent-sweep: 0.000/0.000 secs] [Times: user=0.00 sys=0.00, real=0.00 secs] 
2014-07-10T09:58:33.100+0200: 59.246: [CMS-concurrent-reset-start]
2014-07-10T09:58:33.101+0200: 59.247: [CMS-concurrent-reset: 0.000/0.000 secs] [Times: user=0.00 sys=0.00, real=0.00 secs] 
2014-07-10T09:58:33.146+0200: 59.292: [GC (Allocation Failure) 59.292: [ParNew: 9745K->1059K(9792K), 0.0076852 secs] 24942K->21444K(31680K), 0.0079910 secs] [Times: user=0.00 sys=0.00, real=0.01 secs] 
2014-07-10T09:58:33.154+0200: 59.300: [GC (CMS Initial Mark) [1 CMS-initial-mark: 20384K(21888K)] 21510K(31680K), 0.0004103 secs] [Times: user=0.00 sys=0.00, real=0.00 secs] 
2014-07-10T09:58:33.155+0200: 59.301: [CMS-concurrent-mark-start]
2014-07-10T09:58:33.157+0200: 59.303: [CMS-concurrent-mark: 0.002/0.002 secs] [Times: user=0.00 sys=0.00, real=0.00 secs] 
2014-07-10T09:58:33.157+0200: 59.303: [CMS-concurrent-preclean-start]
2014-07-10T09:58:33.157+0200: 59.303: [CMS-concurrent-preclean: 0.000/0.000 secs] [Times: user=0.00 sys=0.00, real=0.00 secs] 
2014-07-10T09:58:33.157+0200: 59.303: [CMS-concurrent-abortable-preclean-start]
2014-07-10T09:58:33.157+0200: 59.303: [CMS-concurrent-abortable-preclean: 0.000/0.000 secs] [Times: user=0.00 sys=0.00, real=0.00 secs] 
2014-07-10T09:58:33.158+0200: 59.304: [GC (CMS Final Remark) [YG occupancy: 5323 K (9792 K)]59.304: [Rescan (parallel) , 0.0003193 secs]59.305: [weak refs processing, 0.0000631 secs]59.305: [class unloading, 0.0012245 secs]59.306: [scrub symbol table, 0.0013221 secs]59.307: [scrub string table, 0.0004627 secs][1 CMS-remark: 20384K(21888K)] 25708K(31680K), 0.0037766 secs] [Times: user=0.02 sys=0.00, real=0.00 secs] 
2014-07-10T09:58:33.162+0200: 59.308: [CMS-concurrent-sweep-start]
2014-07-10T09:58:33.163+0200: 59.309: [CMS-concurrent-sweep: 0.001/0.001 secs] [Times: user=0.00 sys=0.00, real=0.00 secs] 
2014-07-10T09:58:33.163+0200: 59.309: [CMS-concurrent-reset-start]
2014-07-10T09:58:33.163+0200: 59.309: [CMS-concurrent-reset: 0.000/0.000 secs] [Times: user=0.00 sys=0.00, real=0.00 secs] 
2014-07-10T09:58:33.167+0200: 59.313: [GC (Allocation Failure) 59.313: [ParNew: 9745K->1059K(9792K), 0.0047467 secs] 15399K->12380K(31680K), 0.0048901 secs] [Times: user=0.00 sys=0.00, real=0.00 secs] 
2014-07-10T09:58:33.172+0200: 59.318: [GC (CMS Initial Mark) [1 CMS-initial-mark: 11321K(21888K)] 12447K(31680K), 0.0002962 secs] [Times: user=0.00 sys=0.00, real=0.00 secs] 
2014-07-10T09:58:33.173+0200: 59.319: [CMS-concurrent-mark-start]
2014-07-10T09:58:33.174+0200: 59.320: [CMS-concurrent-mark: 0.001/0.001 secs] [Times: user=0.00 sys=0.00, real=0.00 secs] 
2014-07-10T09:58:33.174+0200: 59.320: [CMS-concurrent-preclean-start]
2014-07-10T09:58:33.174+0200: 59.320: [CMS-concurrent-preclean: 0.000/0.000 secs] [Times: user=0.00 sys=0.00, real=0.00 secs] 
2014-07-10T09:58:33.174+0200: 59.320: [GC (CMS Final Remark) [YG occupancy: 2534 K (9792 K)]59.320: [Rescan (parallel) , 0.0001052 secs]59.320: [weak refs processing, 0.0000304 secs]59.320: [class unloading, 0.0005305 secs]59.321: [scrub symbol table, 0.0006860 secs]59.321: [scrub string table, 0.0002020 secs][1 CMS-remark: 11321K(21888K)] 13855K(31680K), 0.0017103 secs] [Times: user=0.01 sys=0.00, real=0.00 secs] 
2014-07-10T09:58:33.176+0200: 59.322: [CMS-concurrent-sweep-start]
2014-07-10T09:58:33.176+0200: 59.322: [CMS-concurrent-sweep: 0.000/0.000 secs] [Times: user=0.00 sys=0.00, real=0.00 secs] 
2014-07-10T09:58:33.176+0200: 59.322: [CMS-concurrent-reset-start]
2014-07-10T09:58:33.176+0200: 59.322: [CMS-concurrent-reset: 0.000/0.000 secs] [Times: user=0.00 sys=0.00, real=0.00 secs] 
2014-07-10T09:58:33.193+0200: 59.339: [GC (Allocation Failure) 59.339: [ParNew: 9745K->1059K(9792K), 0.0055551 secs] 15879K->13341K(31680K), 0.0057113 secs] [Times: user=0.00 sys=0.00, real=0.01 secs] 
2014-07-10T09:58:33.199+0200: 59.345: [GC (CMS Initial Mark) [1 CMS-initial-mark: 12281K(21888K)] 13373K(31680K), 0.0001936 secs] [Times: user=0.00 sys=0.00, real=0.00 secs] 
2014-07-10T09:58:33.199+0200: 59.345: [CMS-concurrent-mark-start]
2014-07-10T09:58:33.200+0200: 59.346: [CMS-concurrent-mark: 0.001/0.001 secs] [Times: user=0.00 sys=0.00, real=0.00 secs] 
2014-07-10T09:58:33.200+0200: 59.346: [CMS-concurrent-preclean-start]
2014-07-10T09:58:33.200+0200: 59.346: [CMS-concurrent-preclean: 0.000/0.000 secs] [Times: user=0.00 sys=0.00, real=0.00 secs] 
2014-07-10T09:58:33.200+0200: 59.346: [GC (CMS Final Remark) [YG occupancy: 2054 K (9792 K)]59.346: [Rescan (parallel) , 0.0001291 secs]59.347: [weak refs processing, 0.0000297 secs]59.347: [class unloading, 0.0004473 secs]59.347: [scrub symbol table, 0.0006130 secs]59.348: [scrub string table, 0.0001826 secs][1 CMS-remark: 12281K(21888K)] 14335K(31680K), 0.0015461 secs] [Times: user=0.00 sys=0.00, real=0.00 secs] 
2014-07-10T09:58:33.202+0200: 59.348: [CMS-concurrent-sweep-start]
2014-07-10T09:58:33.202+0200: 59.348: [CMS-concurrent-sweep: 0.000/0.000 secs] [Times: user=0.00 sys=0.00, real=0.00 secs] 
2014-07-10T09:58:33.202+0200: 59.348: [CMS-concurrent-reset-start]
2014-07-10T09:58:33.202+0200: 59.348: [CMS-concurrent-reset: 0.000/0.000 secs] [Times: user=0.00 sys=0.00, real=0.00 secs] 
2014-07-10T09:58:33.243+0200: 59.389: [GC (Allocation Failure) 59.389: [ParNew: 9745K->1059K(9792K), 0.0059870 secs] 16358K->14300K(31680K), 0.0061391 secs] [Times: user=0.00 sys=0.00, real=0.01 secs] 
2014-07-10T09:58:33.249+0200: 59.395: [GC (CMS Initial Mark) [1 CMS-initial-mark: 13241K(21888K)] 14366K(31680K), 0.0002427 secs] [Times: user=0.00 sys=0.00, real=0.00 secs] 
2014-07-10T09:58:33.250+0200: 59.396: [CMS-concurrent-mark-start]
2014-07-10T09:58:33.251+0200: 59.397: [CMS-concurrent-mark: 0.001/0.001 secs] [Times: user=0.00 sys=0.00, real=0.00 secs] 
2014-07-10T09:58:33.251+0200: 59.397: [CMS-concurrent-preclean-start]
2014-07-10T09:58:33.251+0200: 59.397: [CMS-concurrent-preclean: 0.000/0.000 secs] [Times: user=0.00 sys=0.00, real=0.00 secs] 
2014-07-10T09:58:33.251+0200: 59.397: [CMS-concurrent-abortable-preclean-start]
2014-07-10T09:58:33.253+0200: 59.399: [GC (Allocation Failure) 59.399: [ParNew: 9745K->1059K(9792K), 0.0062488 secs] 22987K->21409K(31680K), 0.0063995 secs] [Times: user=0.03 sys=0.00, real=0.01 secs] 
2014-07-10T09:58:33.361+0200: 59.507: [CMS-concurrent-abortable-preclean: 0.001/0.110 secs] [Times: user=0.03 sys=0.00, real=0.11 secs] 
2014-07-10T09:58:33.361+0200: 59.507: [GC (CMS Final Remark) [YG occupancy: 9297 K (9792 K)]59.507: [Rescan (parallel) , 0.0001738 secs]59.507: [weak refs processing, 0.0000297 secs]59.507: [class unloading, 0.0004682 secs]59.507: [scrub symbol table, 0.0005961 secs]59.508: [scrub string table, 0.0001752 secs][1 CMS-remark: 20349K(21888K)] 29647K(31680K), 0.0015743 secs] [Times: user=0.00 sys=0.00, real=0.00 secs] 
2014-07-10T09:58:33.362+0200: 59.508: [CMS-concurrent-sweep-start]
2014-07-10T09:58:33.363+0200: 59.509: [CMS-concurrent-sweep: 0.000/0.000 secs] [Times: user=0.02 sys=0.00, real=0.00 secs] 
2014-07-10T09:58:33.363+0200: 59.509: [CMS-concurrent-reset-start]
2014-07-10T09:58:33.363+0200: 59.509: [CMS-concurrent-reset: 0.000/0.000 secs] [Times: user=0.00 sys=0.00, real=0.00 secs] 
2014-07-10T09:58:33.371+0200: 59.517: [GC (Allocation Failure) 59.517: [ParNew: 9747K->9747K(9792K), 0.0000425 secs]59.517: [CMS: 14201K->912K(21888K), 0.0031394 secs] 23949K->912K(31680K), [Metaspace: 2457K->2457K(1056768K)], 0.0032982 secs] [Times: user=0.00 sys=0.00, real=0.00 secs] 
2014-07-10T09:58:33.378+0200: 59.524: [GC (Allocation Failure) 59.524: [ParNew: 8686K->931K(9792K), 0.0009437 secs] 9598K->1843K(31680K), 0.0010526 secs] [Times: user=0.03 sys=0.00, real=0.00 secs] 
2014-07-10T09:58:33.384+0200: 59.530: [GC (Allocation Failure) 59.530: [ParNew: 9629K->389K(9792K), 0.0007054 secs] 10542K->1306K(31680K), 0.0007967 secs] [Times: user=0.00 sys=0.00, real=0.00 secs] 
2014-07-10T09:58:33.394+0200: 59.540: [GC (Allocation Failure) 59.540: [ParNew: 9078K->1061K(9792K), 0.0056446 secs] 9995K->8958K(31680K), 0.0057773 secs] [Times: user=0.03 sys=0.00, real=0.01 secs] 
2014-07-10T09:58:33.400+0200: 59.546: [GC (CMS Initial Mark) [1 CMS-initial-mark: 7896K(21888K)] 8990K(31680K), 0.0002167 secs] [Times: user=0.00 sys=0.00, real=0.00 secs] 
2014-07-10T09:58:33.401+0200: 59.547: [CMS-concurrent-mark-start]
2014-07-10T09:58:33.401+0200: 59.547: [CMS-concurrent-mark: 0.001/0.001 secs] [Times: user=0.00 sys=0.00, real=0.00 secs] 
2014-07-10T09:58:33.401+0200: 59.547: [CMS-concurrent-preclean-start]
2014-07-10T09:58:33.401+0200: 59.547: [CMS-concurrent-preclean: 0.000/0.000 secs] [Times: user=0.00 sys=0.00, real=0.00 secs] 
2014-07-10T09:58:33.402+0200: 59.548: [GC (CMS Final Remark) [YG occupancy: 1223 K (9792 K)]59.548: [Rescan (parallel) , 0.0000887 secs]59.548: [weak refs processing, 0.0000264 secs]59.548: [class unloading, 0.0004304 secs]59.548: [scrub symbol table, 0.0005701 secs]59.549: [scrub string table, 0.0001584 secs][1 CMS-remark: 7896K(21888K)] 9120K(31680K), 0.0014023 secs] [Times: user=0.00 sys=0.00, real=0.00 secs] 
2014-07-10T09:58:33.403+0200: 59.549: [CMS-concurrent-sweep-start]
2014-07-10T09:58:33.403+0200: 59.549: [CMS-concurrent-sweep: 0.000/0.000 secs] [Times: user=0.00 sys=0.00, real=0.00 secs] 
2014-07-10T09:58:33.403+0200: 59.549: [CMS-concurrent-reset-start]
2014-07-10T09:58:33.403+0200: 59.549: [CMS-concurrent-reset: 0.000/0.000 secs] [Times: user=0.00 sys=0.00, real=0.00 secs] 
2014-07-10T09:58:33.444+0200: 59.590: [GC (Allocation Failure) 59.590: [ParNew: 9749K->323K(9792K), 0.0006951 secs] 17194K->7770K(31680K), 0.0008293 secs] [Times: user=0.00 sys=0.00, real=0.00 secs] 
2014-07-10T09:58:33.491+0200: 59.637: [GC (Allocation Failure) 59.637: [ParNew: 9009K->805K(9792K), 0.0005576 secs] 16457K->8253K(31680K), 0.0006346 secs] [Times: user=0.00 sys=0.00, real=0.00 secs] 
2014-07-10T09:58:33.541+0200: 59.688: [GC (Allocation Failure) 59.688: [ParNew: 9491K->1059K(9792K), 0.0017063 secs] 16939K->8734K(31680K), 0.0019068 secs] [Times: user=0.00 sys=0.00, real=0.00 secs] 
2014-07-10T09:58:33.550+0200: 59.696: [GC (Allocation Failure) 59.696: [ParNew: 9745K->1059K(9792K), 0.0025638 secs] 17420K->9439K(31680K), 0.0028036 secs] [Times: user=0.03 sys=0.00, real=0.00 secs] 
2014-07-10T09:58:33.592+0200: 59.738: [GC (Allocation Failure) 59.738: [ParNew: 9745K->1059K(9792K), 0.0023457 secs] 18126K->10625K(31680K), 0.0025697 secs] [Times: user=0.00 sys=0.00, real=0.00 secs] 
2014-07-10T09:58:33.642+0200: 59.788: [GC (Allocation Failure) 59.788: [ParNew: 9749K->1061K(9792K), 0.0012605 secs] 19315K->11268K(31680K), 0.0013880 secs] [Times: user=0.00 sys=0.00, real=0.00 secs] 
2014-07-10T09:58:33.647+0200: 59.793: [GC (Allocation Failure) 59.793: [ParNew: 9747K->1059K(9792K), 0.0017341 secs] 19955K->12389K(31680K), 0.0020648 secs] [Times: user=0.00 sys=0.00, real=0.00 secs] 
2014-07-10T09:58:33.692+0200: 59.838: [GC (Allocation Failure) 59.838: [ParNew: 9745K->1059K(9792K), 0.0015776 secs] 21075K->13990K(31680K), 0.0017316 secs] [Times: user=0.00 sys=0.00, real=0.00 secs] 
2014-07-10T09:58:33.744+0200: 59.890: [GC (Allocation Failure) 59.890: [ParNew: 9745K->1059K(9792K), 0.0031801 secs] 22677K->16073K(31680K), 0.0033953 secs] [Times: user=0.00 sys=0.00, real=0.00 secs] 
2014-07-10T09:58:33.755+0200: 59.901: [GC (Allocation Failure) 59.901: [ParNew: 9745K->1059K(9792K), 0.0047291 secs] 24759K->18635K(31680K), 0.0049953 secs] [Times: user=0.00 sys=0.00, real=0.00 secs] 
2014-07-10T09:58:33.760+0200: 59.906: [GC (CMS Initial Mark) [1 CMS-initial-mark: 17575K(21888K)] 18701K(31680K), 0.0004037 secs] [Times: user=0.00 sys=0.00, real=0.00 secs] 
2014-07-10T09:58:33.761+0200: 59.907: [CMS-concurrent-mark-start]
2014-07-10T09:58:33.763+0200: 59.909: [CMS-concurrent-mark: 0.002/0.002 secs] [Times: user=0.00 sys=0.00, real=0.00 secs] 
2014-07-10T09:58:33.763+0200: 59.909: [CMS-concurrent-preclean-start]
2014-07-10T09:58:33.763+0200: 59.909: [CMS-concurrent-preclean: 0.000/0.000 secs] [Times: user=0.00 sys=0.00, real=0.00 secs] 
2014-07-10T09:58:33.763+0200: 59.909: [CMS-concurrent-abortable-preclean-start]
2014-07-10T09:58:33.792+0200: 59.938: [GC (Allocation Failure) 59.938: [ParNew: 9745K->1059K(9792K), 0.0029994 secs] 27321K->21677K(31680K), 0.0031464 secs] [Times: user=0.00 sys=0.00, real=0.00 secs] 
2014-07-10T09:58:33.796+0200: 59.942: [CMS-concurrent-abortable-preclean: 0.001/0.033 secs] [Times: user=0.00 sys=0.00, real=0.03 secs] 
2014-07-10T09:58:33.796+0200: 59.942: [GC (CMS Final Remark) [YG occupancy: 3336 K (9792 K)]59.942: [Rescan (parallel) , 0.0001401 secs]59.942: [weak refs processing, 0.0000297 secs]59.942: [class unloading, 0.0005536 secs]59.943: [scrub symbol table, 0.0007809 secs]59.944: [scrub string table, 0.0001947 secs][1 CMS-remark: 20618K(21888K)] 23955K(31680K), 0.0018548 secs] [Times: user=0.00 sys=0.00, real=0.00 secs] 
2014-07-10T09:58:33.798+0200: 59.944: [CMS-concurrent-sweep-start]
2014-07-10T09:58:33.799+0200: 59.945: [CMS-concurrent-sweep: 0.000/0.000 secs] [Times: user=0.00 sys=0.00, real=0.00 secs] 
2014-07-10T09:58:33.799+0200: 59.945: [CMS-concurrent-reset-start]
2014-07-10T09:58:33.799+0200: 59.945: [CMS-concurrent-reset: 0.000/0.000 secs] [Times: user=0.00 sys=0.00, real=0.00 secs] 
2014-07-10T09:58:33.843+0200: 59.989: [GC (Allocation Failure) 59.990: [ParNew: 9745K->1059K(9792K), 0.0058524 secs] 15817K->10654K(31680K), 0.0061729 secs] [Times: user=0.03 sys=0.00, real=0.01 secs] 
2014-07-10T09:58:33.856+0200: 60.002: [GC (Allocation Failure) 60.002: [ParNew: 9745K->1059K(9792K), 0.0042983 secs] 19340K->14657K(31680K), 0.0044831 secs] [Times: user=0.00 sys=0.00, real=0.01 secs] 
2014-07-10T09:58:33.861+0200: 60.007: [GC (CMS Initial Mark) [1 CMS-initial-mark: 13597K(21888K)] 14723K(31680K), 0.0002570 secs] [Times: user=0.00 sys=0.00, real=0.00 secs] 
2014-07-10T09:58:33.861+0200: 60.007: [CMS-concurrent-mark-start]
2014-07-10T09:58:33.862+0200: 60.008: [CMS-concurrent-mark: 0.001/0.001 secs] [Times: user=0.03 sys=0.00, real=0.00 secs] 
2014-07-10T09:58:33.862+0200: 60.008: [CMS-concurrent-preclean-start]
2014-07-10T09:58:33.863+0200: 60.009: [CMS-concurrent-preclean: 0.000/0.000 secs] [Times: user=0.00 sys=0.00, real=0.00 secs] 
2014-07-10T09:58:33.863+0200: 60.009: [CMS-concurrent-abortable-preclean-start]
2014-07-10T09:58:33.892+0200: 60.038: [GC (Allocation Failure) 60.038: [ParNew: 9760K->1061K(9792K), 0.0024942 secs] 23358K->17477K(31680K), 0.0026390 secs] [Times: user=0.03 sys=0.00, real=0.00 secs] 
2014-07-10T09:58:33.942+0200: 60.088: [GC (Allocation Failure) 60.088: [ParNew: 9747K->1059K(9792K), 0.0030940 secs] 26164K->20776K(31680K), 0.0032226 secs] [Times: user=0.00 sys=0.00, real=0.00 secs] 
2014-07-10T09:58:33.946+0200: 60.092: [CMS-concurrent-abortable-preclean: 0.001/0.083 secs] [Times: user=0.03 sys=0.00, real=0.08 secs] 
2014-07-10T09:58:33.946+0200: 60.092: [GC (CMS Final Remark) [YG occupancy: 3368 K (9792 K)]60.092: [Rescan (parallel) , 0.0001206 secs]60.092: [weak refs processing, 0.0000275 secs]60.092: [class unloading, 0.0005147 secs]60.093: [scrub symbol table, 0.0006024 secs]60.094: [scrub string table, 0.0002658 secs][1 CMS-remark: 19716K(21888K)] 23085K(31680K), 0.0016821 secs] [Times: user=0.00 sys=0.00, real=0.00 secs] 
2014-07-10T09:58:33.948+0200: 60.094: [CMS-concurrent-sweep-start]
2014-07-10T09:58:33.948+0200: 60.094: [CMS-concurrent-sweep: 0.000/0.000 secs] [Times: user=0.00 sys=0.00, real=0.00 secs] 
2014-07-10T09:58:33.948+0200: 60.094: [CMS-concurrent-reset-start]
2014-07-10T09:58:33.949+0200: 60.095: [CMS-concurrent-reset: 0.000/0.000 secs] [Times: user=0.00 sys=0.00, real=0.00 secs] 
2014-07-10T09:58:33.950+0200: 60.096: [GC (Allocation Failure) 60.096: [ParNew: 9745K->1059K(9792K), 0.0037594 secs] 20334K->15427K(31680K), 0.0038749 secs] [Times: user=0.00 sys=0.00, real=0.00 secs] 
2014-07-10T09:58:33.954+0200: 60.100: [GC (CMS Initial Mark) [1 CMS-initial-mark: 14367K(21888K)] 15493K(31680K), 0.0002247 secs] [Times: user=0.00 sys=0.00, real=0.00 secs] 
2014-07-10T09:58:33.955+0200: 60.101: [CMS-concurrent-mark-start]
2014-07-10T09:58:33.955+0200: 60.101: [CMS-concurrent-mark: 0.001/0.001 secs] [Times: user=0.00 sys=0.00, real=0.00 secs] 
2014-07-10T09:58:33.955+0200: 60.101: [CMS-concurrent-preclean-start]
2014-07-10T09:58:33.956+0200: 60.102: [CMS-concurrent-preclean: 0.000/0.000 secs] [Times: user=0.03 sys=0.00, real=0.00 secs] 
2014-07-10T09:58:33.956+0200: 60.102: [CMS-concurrent-abortable-preclean-start]
2014-07-10T09:58:33.992+0200: 60.138: [GC (Allocation Failure) 60.138: [ParNew: 9745K->1059K(9792K), 0.0039977 secs] 24113K->19686K(31680K), 0.0041315 secs] [Times: user=0.00 sys=0.00, real=0.00 secs] 
2014-07-10T09:58:33.998+0200: 60.144: [CMS-concurrent-abortable-preclean: 0.001/0.042 secs] [Times: user=0.00 sys=0.00, real=0.04 secs] 
2014-07-10T09:58:33.998+0200: 60.144: [GC (CMS Final Remark) [YG occupancy: 3624 K (9792 K)]60.144: [Rescan (parallel) , 0.0001225 secs]60.144: [weak refs processing, 0.0000264 secs]60.144: [class unloading, 0.0005056 secs]60.144: [scrub symbol table, 0.0005719 secs]60.145: [scrub string table, 0.0001789 secs][1 CMS-remark: 18627K(21888K)] 22251K(31680K), 0.0015211 secs] [Times: user=0.00 sys=0.00, real=0.00 secs] 
2014-07-10T09:58:33.999+0200: 60.145: [CMS-concurrent-sweep-start]
2014-07-10T09:58:34.000+0200: 60.146: [CMS-concurrent-sweep: 0.000/0.000 secs] [Times: user=0.00 sys=0.00, real=0.00 secs] 
2014-07-10T09:58:34.000+0200: 60.146: [CMS-concurrent-reset-start]
2014-07-10T09:58:34.000+0200: 60.146: [CMS-concurrent-reset: 0.000/0.000 secs] [Times: user=0.00 sys=0.00, real=0.00 secs] 
2014-07-10T09:58:34.044+0200: 60.190: [GC (Allocation Failure) 60.190: [ParNew: 9745K->1059K(9792K), 0.0074674 secs] 18252K->14305K(31680K), 0.0077343 secs] [Times: user=0.03 sys=0.00, real=0.01 secs] 
2014-07-10T09:58:34.052+0200: 60.198: [GC (CMS Initial Mark) [1 CMS-initial-mark: 13245K(21888K)] 14371K(31680K), 0.0003692 secs] [Times: user=0.00 sys=0.00, real=0.00 secs] 
2014-07-10T09:58:34.053+0200: 60.199: [CMS-concurrent-mark-start]
2014-07-10T09:58:34.055+0200: 60.201: [CMS-concurrent-mark: 0.002/0.002 secs] [Times: user=0.00 sys=0.00, real=0.00 secs] 
2014-07-10T09:58:34.055+0200: 60.201: [CMS-concurrent-preclean-start]
2014-07-10T09:58:34.056+0200: 60.202: [CMS-concurrent-preclean: 0.001/0.001 secs] [Times: user=0.00 sys=0.00, real=0.00 secs] 
2014-07-10T09:58:34.056+0200: 60.202: [CMS-concurrent-abortable-preclean-start]
2014-07-10T09:58:34.060+0200: 60.206: [GC (Allocation Failure) 60.206: [ParNew: 9745K->1059K(9792K), 0.0068541 secs] 22991K->19524K(31680K), 0.0070392 secs] [Times: user=0.03 sys=0.00, real=0.01 secs] 
2014-07-10T09:58:34.093+0200: 60.239: [GC (Allocation Failure) 60.239: [ParNew: 9745K->9745K(9792K), 0.0000568 secs]60.239: [CMS2014-07-10T09:58:34.093+0200: 60.239: [CMS-concurrent-abortable-preclean: 0.001/0.037 secs] [Times: user=0.03 sys=0.00, real=0.04 secs] 
 (concurrent mode failure): 18465K->7221K(21888K), 0.0075305 secs] 28211K->7221K(31680K), [Metaspace: 2457K->2457K(1056768K)], 0.0077530 secs] [Times: user=0.02 sys=0.00, real=0.01 secs] 
2014-07-10T09:58:34.142+0200: 60.288: [GC (Allocation Failure) 60.288: [ParNew: 8695K->1061K(9792K), 0.0044417 secs] 15917K->12929K(31680K), 0.0045825 secs] [Times: user=0.03 sys=0.00, real=0.01 secs] 
2014-07-10T09:58:34.147+0200: 60.293: [GC (CMS Initial Mark) [1 CMS-initial-mark: 11868K(21888K)] 12961K(31680K), 0.0001657 secs] [Times: user=0.00 sys=0.00, real=0.00 secs] 
2014-07-10T09:58:34.147+0200: 60.293: [CMS-concurrent-mark-start]
2014-07-10T09:58:34.148+0200: 60.294: [CMS-concurrent-mark: 0.001/0.001 secs] [Times: user=0.00 sys=0.00, real=0.00 secs] 
2014-07-10T09:58:34.148+0200: 60.294: [CMS-concurrent-preclean-start]
2014-07-10T09:58:34.148+0200: 60.294: [CMS-concurrent-preclean: 0.000/0.000 secs] [Times: user=0.00 sys=0.00, real=0.00 secs] 
2014-07-10T09:58:34.148+0200: 60.294: [CMS-concurrent-abortable-preclean-start]
2014-07-10T09:58:34.152+0200: 60.298: [GC (Allocation Failure) 60.298: [ParNew: 9747K->1059K(9792K), 0.0043581 secs] 21615K->18052K(31680K), 0.0045359 secs] [Times: user=0.00 sys=0.00, real=0.00 secs] 
2014-07-10T09:58:34.195+0200: 60.341: [GC (Allocation Failure) 60.341: [ParNew: 9745K->9745K(9792K), 0.0000968 secs]60.341: [CMS2014-07-10T09:58:34.195+0200: 60.341: [CMS-concurrent-abortable-preclean: 0.001/0.047 secs] [Times: user=0.00 sys=0.00, real=0.05 secs] 
 (concurrent mode failure): 16992K->7126K(21888K), 0.0155794 secs] 26738K->7126K(31680K), [Metaspace: 2457K->2457K(1056768K)], 0.0159830 secs] [Times: user=0.02 sys=0.00, real=0.02 secs] 
2014-07-10T09:58:34.245+0200: 60.391: [GC (Allocation Failure) 60.391: [ParNew: 8686K->1059K(9792K), 0.0089999 secs] 15812K->14272K(31680K), 0.0092771 secs] [Times: user=0.03 sys=0.00, real=0.01 secs] 
2014-07-10T09:58:34.255+0200: 60.401: [GC (CMS Initial Mark) [1 CMS-initial-mark: 13213K(21888K)] 14338K(31680K), 0.0004414 secs] [Times: user=0.00 sys=0.00, real=0.00 secs] 
2014-07-10T09:58:34.255+0200: 60.401: [CMS-concurrent-mark-start]
2014-07-10T09:58:34.257+0200: 60.403: [CMS-concurrent-mark: 0.002/0.002 secs] [Times: user=0.00 sys=0.00, real=0.00 secs] 
2014-07-10T09:58:34.257+0200: 60.404: [CMS-concurrent-preclean-start]
2014-07-10T09:58:34.258+0200: 60.404: [CMS-concurrent-preclean: 0.000/0.000 secs] [Times: user=0.00 sys=0.00, real=0.00 secs] 
2014-07-10T09:58:34.258+0200: 60.404: [CMS-concurrent-abortable-preclean-start]
2014-07-10T09:58:34.263+0200: 60.409: [GC (Allocation Failure) 60.409: [ParNew: 9745K->1059K(9792K), 0.0087169 secs] 22959K->20837K(31680K), 0.0090300 secs] [Times: user=0.03 sys=0.00, real=0.01 secs] 
2014-07-10T09:58:34.299+0200: 60.445: [GC (Allocation Failure) 60.445: [ParNew: 9745K->9745K(9792K), 0.0000521 secs]60.445: [CMS2014-07-10T09:58:34.299+0200: 60.446: [CMS-concurrent-abortable-preclean: 0.002/0.041 secs] [Times: user=0.05 sys=0.00, real=0.04 secs] 
 (concurrent mode failure): 19777K->8566K(21888K), 0.0092071 secs] 29523K->8566K(31680K), [Metaspace: 2457K->2457K(1056768K)], 0.0094366 secs] [Times: user=0.00 sys=0.00, real=0.01 secs] 
2014-07-10T09:58:34.345+0200: 60.491: [GC (Allocation Failure) 60.491: [ParNew: 8688K->387K(9792K), 0.0129478 secs] 17255K->8954K(31680K), 0.0130878 secs] [Times: user=0.01 sys=0.00, real=0.01 secs] 
2014-07-10T09:58:34.362+0200: 60.508: [GC (Allocation Failure) 60.508: [ParNew: 9084K->877K(9792K), 0.0132022 secs] 17651K->9444K(31680K), 0.0133162 secs] [Times: user=0.00 sys=0.00, real=0.01 secs] 
2014-07-10T09:58:34.411+0200: 60.557: [GC (Allocation Failure) 60.557: [ParNew: 9561K->1059K(9792K), 0.0059415 secs] 18128K->16580K(31680K), 0.0060952 secs] [Times: user=0.00 sys=0.00, real=0.01 secs] 
2014-07-10T09:58:34.418+0200: 60.564: [GC (CMS Initial Mark) [1 CMS-initial-mark: 15521K(21888K)] 16774K(31680K), 0.0011376 secs] [Times: user=0.00 sys=0.00, real=0.00 secs] 
2014-07-10T09:58:34.419+0200: 60.565: [CMS-concurrent-mark-start]
2014-07-10T09:58:34.420+0200: 60.566: [CMS-concurrent-mark: 0.001/0.001 secs] [Times: user=0.00 sys=0.00, real=0.00 secs] 
2014-07-10T09:58:34.420+0200: 60.566: [CMS-concurrent-preclean-start]
2014-07-10T09:58:34.420+0200: 60.566: [CMS-concurrent-preclean: 0.000/0.000 secs] [Times: user=0.00 sys=0.00, real=0.00 secs] 
2014-07-10T09:58:34.423+0200: 60.569: [GC (CMS Final Remark) [YG occupancy: 1253 K (9792 K)]60.569: [Rescan (parallel) , 0.0018298 secs]60.571: [weak refs processing, 0.0000392 secs]60.571: [class unloading, 0.0005202 secs]60.572: [scrub symbol table, 0.0006020 secs]60.573: [scrub string table, 0.0001965 secs][1 CMS-remark: 15521K(21888K)] 16774K(31680K), 0.0035772 secs] [Times: user=0.00 sys=0.00, real=0.00 secs] 
2014-07-10T09:58:34.427+0200: 60.573: [CMS-concurrent-sweep-start]
2014-07-10T09:58:34.427+0200: 60.573: [CMS-concurrent-sweep: 0.000/0.000 secs] [Times: user=0.00 sys=0.00, real=0.00 secs] 
2014-07-10T09:58:34.427+0200: 60.573: [CMS-concurrent-reset-start]
2014-07-10T09:58:34.427+0200: 60.573: [CMS-concurrent-reset: 0.000/0.000 secs] [Times: user=0.00 sys=0.00, real=0.00 secs] 
2014-07-10T09:58:34.444+0200: 60.590: [GC (Allocation Failure) 60.590: [ParNew: 9747K->291K(9792K), 0.0008117 secs] 10216K->761K(31680K), 0.0009719 secs] [Times: user=0.00 sys=0.00, real=0.00 secs] 
2014-07-10T09:58:34.491+0200: 60.637: [GC (Allocation Failure) 60.638: [ParNew: 8977K->773K(9792K), 0.0014639 secs] 9447K->1243K(31680K), 0.0016634 secs] [Times: user=0.00 sys=0.00, real=0.00 secs] 
2014-07-10T09:58:34.542+0200: 60.688: [GC (Allocation Failure) 60.688: [ParNew: 9459K->1059K(9792K), 0.0018071 secs] 9930K->1725K(31680K), 0.0023101 secs] [Times: user=0.00 sys=0.00, real=0.00 secs] 
2014-07-10T09:58:34.554+0200: 60.700: [GC (Allocation Failure) 60.700: [ParNew: 9745K->1059K(9792K), 0.0052438 secs] 10411K->2398K(31680K), 0.0056926 secs] [Times: user=0.00 sys=0.00, real=0.01 secs] 
2014-07-10T09:58:34.591+0200: 60.737: [GC (Allocation Failure) 60.737: [ParNew: 9745K->1059K(9792K), 0.0020095 secs] 11084K->3552K(31680K), 0.0021554 secs] [Times: user=0.00 sys=0.00, real=0.00 secs] 
2014-07-10T09:58:34.641+0200: 60.787: [GC (Allocation Failure) 60.787: [ParNew: 9749K->1061K(9792K), 0.0008414 secs] 12242K->4163K(31680K), 0.0009294 secs] [Times: user=0.03 sys=0.00, real=0.00 secs] 
2014-07-10T09:58:34.646+0200: 60.792: [GC (Allocation Failure) 60.792: [ParNew: 9747K->1059K(9792K), 0.0016593 secs] 12849K->5251K(31680K), 0.0017781 secs] [Times: user=0.00 sys=0.00, real=0.00 secs] 
2014-07-10T09:58:34.691+0200: 60.837: [GC (Allocation Failure) 60.838: [ParNew: 9745K->1059K(9792K), 0.0012539 secs] 13938K->6821K(31680K), 0.0013690 secs] [Times: user=0.00 sys=0.00, real=0.00 secs] 
2014-07-10T09:58:34.742+0200: 60.888: [GC (Allocation Failure) 60.889: [ParNew: 9745K->1059K(9792K), 0.0029301 secs] 15507K->8871K(31680K), 0.0032047 secs] [Times: user=0.00 sys=0.00, real=0.00 secs] 
2014-07-10T09:58:34.753+0200: 60.899: [GC (Allocation Failure) 60.899: [ParNew: 9745K->1059K(9792K), 0.0039926 secs] 17558K->11402K(31680K), 0.0042312 secs] [Times: user=0.00 sys=0.00, real=0.00 secs] 
2014-07-10T09:58:34.792+0200: 60.938: [GC (Allocation Failure) 60.939: [ParNew: 9745K->1059K(9792K), 0.0026965 secs] 20088K->14412K(31680K), 0.0028443 secs] [Times: user=0.00 sys=0.00, real=0.00 secs] 
2014-07-10T09:58:34.795+0200: 60.942: [GC (CMS Initial Mark) [1 CMS-initial-mark: 13353K(21888K)] 14478K(31680K), 0.0002574 secs] [Times: user=0.00 sys=0.00, real=0.00 secs] 
2014-07-10T09:58:34.796+0200: 60.942: [CMS-concurrent-mark-start]
2014-07-10T09:58:34.797+0200: 60.943: [CMS-concurrent-mark: 0.001/0.001 secs] [Times: user=0.00 sys=0.00, real=0.00 secs] 
2014-07-10T09:58:34.797+0200: 60.943: [CMS-concurrent-preclean-start]
2014-07-10T09:58:34.797+0200: 60.943: [CMS-concurrent-preclean: 0.000/0.000 secs] [Times: user=0.00 sys=0.00, real=0.00 secs] 
2014-07-10T09:58:34.797+0200: 60.943: [CMS-concurrent-abortable-preclean-start]
2014-07-10T09:58:34.842+0200: 60.988: [GC (Allocation Failure) 60.989: [ParNew: 9745K->1059K(9792K), 0.0032626 secs] 23098K->17903K(31680K), 0.0034316 secs] [Times: user=0.03 sys=0.00, real=0.00 secs] 
2014-07-10T09:58:34.851+0200: 60.997: [GC (Allocation Failure) 60.997: [ParNew: 9760K->1061K(9792K), 0.0024161 secs] 26604K->20211K(31680K), 0.0026177 secs] [Times: user=0.00 sys=0.00, real=0.00 secs] 
2014-07-10T09:58:34.892+0200: 61.038: [GC (Allocation Failure) 61.038: [ParNew: 9753K->9753K(9792K), 0.0000554 secs]61.038: [CMS2014-07-10T09:58:34.892+0200: 61.038: [CMS-concurrent-abortable-preclean: 0.001/0.095 secs] [Times: user=0.06 sys=0.00, real=0.10 secs] 
 (concurrent mode failure): 19150K->3798K(21888K), 0.0059654 secs] 28903K->3798K(31680K), [Metaspace: 2457K->2457K(1056768K)], 0.0061989 secs] [Times: user=0.00 sys=0.00, real=0.01 secs] 
2014-07-10T09:58:34.942+0200: 61.088: [GC (Allocation Failure) 61.088: [ParNew: 8686K->1059K(9792K), 0.0024480 secs] 12485K->7615K(31680K), 0.0026049 secs] [Times: user=0.00 sys=0.00, real=0.00 secs] 
2014-07-10T09:58:34.949+0200: 61.095: [GC (Allocation Failure) 61.096: [ParNew: 9745K->1059K(9792K), 0.0034481 secs] 16302K->10850K(31680K), 0.0036186 secs] [Times: user=0.00 sys=0.00, real=0.00 secs] 
2014-07-10T09:58:34.992+0200: 61.138: [GC (Allocation Failure) 61.139: [ParNew: 9745K->1059K(9792K), 0.0035977 secs] 19536K->14565K(31680K), 0.0037531 secs] [Times: user=0.00 sys=0.00, real=0.00 secs] 
2014-07-10T09:58:34.996+0200: 61.142: [GC (CMS Initial Mark) [1 CMS-initial-mark: 13505K(21888K)] 14631K(31680K), 0.0002750 secs] [Times: user=0.00 sys=0.00, real=0.00 secs] 
2014-07-10T09:58:34.997+0200: 61.143: [CMS-concurrent-mark-start]
2014-07-10T09:58:34.998+0200: 61.144: [CMS-concurrent-mark: 0.001/0.001 secs] [Times: user=0.00 sys=0.00, real=0.00 secs] 
2014-07-10T09:58:34.998+0200: 61.144: [CMS-concurrent-preclean-start]
2014-07-10T09:58:34.998+0200: 61.144: [CMS-concurrent-preclean: 0.000/0.000 secs] [Times: user=0.00 sys=0.00, real=0.00 secs] 
2014-07-10T09:58:34.998+0200: 61.144: [CMS-concurrent-abortable-preclean-start]
2014-07-10T09:58:35.044+0200: 61.190: [GC (Allocation Failure) 61.190: [ParNew: 9745K->1059K(9792K), 0.0070553 secs] 23251K->18760K(31680K), 0.0073409 secs] [Times: user=0.03 sys=0.00, real=0.01 secs] 
2014-07-10T09:58:35.058+0200: 61.204: [GC (Allocation Failure) 61.204: [ParNew: 9745K->9745K(9792K), 0.0001188 secs]61.204: [CMS2014-07-10T09:58:35.058+0200: 61.204: [CMS-concurrent-abortable-preclean: 0.002/0.060 secs] [Times: user=0.03 sys=0.00, real=0.06 secs] 
 (concurrent mode failure): 17700K->6200K(21888K), 0.0134665 secs] 27446K->6200K(31680K), [Metaspace: 2457K->2457K(1056768K)], 0.0139420 secs] [Times: user=0.02 sys=0.00, real=0.01 secs] 
2014-07-10T09:58:35.095+0200: 61.241: [GC (Allocation Failure) 61.241: [ParNew: 8691K->1059K(9792K), 0.0066975 secs] 14891K->11393K(31680K), 0.0069703 secs] [Times: user=0.00 sys=0.00, real=0.01 secs] 
2014-07-10T09:58:35.102+0200: 61.248: [GC (CMS Initial Mark) [1 CMS-initial-mark: 10334K(21888K)] 11459K(31680K), 0.0003545 secs] [Times: user=0.00 sys=0.00, real=0.00 secs] 
2014-07-10T09:58:35.103+0200: 61.249: [CMS-concurrent-mark-start]
2014-07-10T09:58:35.105+0200: 61.251: [CMS-concurrent-mark: 0.002/0.002 secs] [Times: user=0.00 sys=0.00, real=0.00 secs] 
2014-07-10T09:58:35.105+0200: 61.251: [CMS-concurrent-preclean-start]
2014-07-10T09:58:35.105+0200: 61.251: [CMS-concurrent-preclean: 0.000/0.000 secs] [Times: user=0.00 sys=0.00, real=0.00 secs] 
2014-07-10T09:58:35.105+0200: 61.251: [CMS-concurrent-abortable-preclean-start]
2014-07-10T09:58:35.143+0200: 61.289: [GC (Allocation Failure) 61.289: [ParNew: 9745K->1059K(9792K), 0.0044989 secs] 20079K->16005K(31680K), 0.0046429 secs] [Times: user=0.00 sys=0.00, real=0.01 secs] 
2014-07-10T09:58:35.152+0200: 61.299: [GC (Allocation Failure) 61.299: [ParNew: 9745K->1059K(9792K), 0.0043885 secs] 24691K->21097K(31680K), 0.0045539 secs] [Times: user=0.03 sys=0.00, real=0.01 secs] 
2014-07-10T09:58:35.159+0200: 61.305: [CMS-concurrent-abortable-preclean: 0.002/0.054 secs] [Times: user=0.03 sys=0.00, real=0.05 secs] 
2014-07-10T09:58:35.159+0200: 61.305: [GC (CMS Final Remark) [YG occupancy: 3110 K (9792 K)]61.305: [Rescan (parallel) , 0.0001958 secs]61.305: [weak refs processing, 0.0000337 secs]61.305: [class unloading, 0.0005485 secs]61.306: [scrub symbol table, 0.0006669 secs]61.307: [scrub string table, 0.0002145 secs][1 CMS-remark: 20037K(21888K)] 23148K(31680K), 0.0018229 secs] [Times: user=0.00 sys=0.00, real=0.00 secs] 
2014-07-10T09:58:35.161+0200: 61.307: [CMS-concurrent-sweep-start]
2014-07-10T09:58:35.161+0200: 61.307: [CMS-concurrent-sweep: 0.000/0.000 secs] [Times: user=0.00 sys=0.00, real=0.00 secs] 
2014-07-10T09:58:35.161+0200: 61.307: [CMS-concurrent-reset-start]
2014-07-10T09:58:35.161+0200: 61.307: [CMS-concurrent-reset: 0.000/0.000 secs] [Times: user=0.00 sys=0.00, real=0.00 secs] 
2014-07-10T09:58:35.193+0200: 61.339: [GC (Allocation Failure) 61.339: [ParNew: 9745K->1059K(9792K), 0.0052592 secs] 24050K->20936K(31680K), 0.0054228 secs] [Times: user=0.00 sys=0.00, real=0.00 secs] 
2014-07-10T09:58:35.199+0200: 61.345: [GC (CMS Initial Mark) [1 CMS-initial-mark: 19876K(21888K)] 21322K(31680K), 0.0001998 secs] [Times: user=0.00 sys=0.00, real=0.00 secs] 
2014-07-10T09:58:35.199+0200: 61.345: [CMS-concurrent-mark-start]
2014-07-10T09:58:35.200+0200: 61.346: [CMS-concurrent-mark: 0.001/0.001 secs] [Times: user=0.00 sys=0.00, real=0.00 secs] 
2014-07-10T09:58:35.200+0200: 61.346: [CMS-concurrent-preclean-start]
2014-07-10T09:58:35.200+0200: 61.346: [CMS-concurrent-preclean: 0.000/0.000 secs] [Times: user=0.00 sys=0.00, real=0.00 secs] 
2014-07-10T09:58:35.200+0200: 61.346: [GC (CMS Final Remark) [YG occupancy: 2630 K (9792 K)]61.346: [Rescan (parallel) , 0.0001173 secs]61.346: [weak refs processing, 0.0000293 secs]61.346: [class unloading, 0.0004616 secs]61.347: [scrub symbol table, 0.0006093 secs]61.347: [scrub string table, 0.0001848 secs][1 CMS-remark: 19876K(21888K)] 22507K(31680K), 0.0015461 secs] [Times: user=0.00 sys=0.00, real=0.00 secs] 
2014-07-10T09:58:35.202+0200: 61.348: [CMS-concurrent-sweep-start]
2014-07-10T09:58:35.202+0200: 61.348: [CMS-concurrent-sweep: 0.000/0.000 secs] [Times: user=0.00 sys=0.00, real=0.00 secs] 
2014-07-10T09:58:35.202+0200: 61.348: [CMS-concurrent-reset-start]
2014-07-10T09:58:35.202+0200: 61.348: [CMS-concurrent-reset: 0.000/0.000 secs] [Times: user=0.00 sys=0.00, real=0.00 secs] 
2014-07-10T09:58:35.245+0200: 61.391: [GC (Allocation Failure) 61.391: [ParNew: 9745K->1059K(9792K), 0.0090956 secs] 15788K->13154K(31680K), 0.0093900 secs] [Times: user=0.03 sys=0.00, real=0.01 secs] 
2014-07-10T09:58:35.255+0200: 61.401: [GC (CMS Initial Mark) [1 CMS-initial-mark: 12094K(21888K)] 13220K(31680K), 0.0004356 secs] [Times: user=0.00 sys=0.00, real=0.00 secs] 
2014-07-10T09:58:35.255+0200: 61.401: [CMS-concurrent-mark-start]
2014-07-10T09:58:35.257+0200: 61.404: [CMS-concurrent-mark: 0.002/0.002 secs] [Times: user=0.00 sys=0.00, real=0.00 secs] 
2014-07-10T09:58:35.258+0200: 61.404: [CMS-concurrent-preclean-start]
2014-07-10T09:58:35.258+0200: 61.404: [CMS-concurrent-preclean: 0.000/0.000 secs] [Times: user=0.00 sys=0.00, real=0.00 secs] 
2014-07-10T09:58:35.258+0200: 61.404: [CMS-concurrent-abortable-preclean-start]
2014-07-10T09:58:35.262+0200: 61.408: [GC (Allocation Failure) 61.408: [ParNew: 9745K->1059K(9792K), 0.0072618 secs] 21840K->19686K(31680K), 0.0074528 secs] [Times: user=0.03 sys=0.00, real=0.01 secs] 
2014-07-10T09:58:35.294+0200: 61.440: [GC (Allocation Failure) 61.440: [ParNew: 9745K->9745K(9792K), 0.0000587 secs]61.440: [CMS2014-07-10T09:58:35.294+0200: 61.441: [CMS-concurrent-abortable-preclean: 0.001/0.036 secs] [Times: user=0.03 sys=0.00, real=0.04 secs] 
 (concurrent mode failure): 18627K->8537K(21888K), 0.0092173 secs] 28372K->8537K(31680K), [Metaspace: 2457K->2457K(1056768K)], 0.0094604 secs] [Times: user=0.02 sys=0.00, real=0.01 secs] 
2014-07-10T09:58:35.345+0200: 61.491: [GC (Allocation Failure) 61.491: [ParNew: 8688K->355K(9792K), 0.0124719 secs] 17225K->8892K(31680K), 0.0125844 secs] [Times: user=0.00 sys=0.00, real=0.01 secs] 
2014-07-10T09:58:35.363+0200: 61.509: [GC (Allocation Failure) 61.509: [ParNew: 9055K->332K(9792K), 0.0129082 secs] 17592K->8869K(31680K), 0.0130383 secs] [Times: user=0.00 sys=0.00, real=0.01 secs] 
2014-07-10T09:58:35.395+0200: 61.541: [GC (Allocation Failure) 61.541: [ParNew: 9013K->1061K(9792K), 0.0069160 secs] 17550K->16515K(31680K), 0.0070748 secs] [Times: user=0.00 sys=0.00, real=0.01 secs] 
2014-07-10T09:58:35.403+0200: 61.549: [GC (CMS Initial Mark) [1 CMS-initial-mark: 15454K(21888K)] 16741K(31680K), 0.0002343 secs] [Times: user=0.00 sys=0.00, real=0.00 secs] 
2014-07-10T09:58:35.403+0200: 61.549: [CMS-concurrent-mark-start]
2014-07-10T09:58:35.405+0200: 61.551: [CMS-concurrent-mark: 0.002/0.002 secs] [Times: user=0.00 sys=0.00, real=0.00 secs] 
2014-07-10T09:58:35.405+0200: 61.551: [CMS-concurrent-preclean-start]
2014-07-10T09:58:35.405+0200: 61.551: [CMS-concurrent-preclean: 0.000/0.000 secs] [Times: user=0.00 sys=0.00, real=0.00 secs] 
2014-07-10T09:58:35.405+0200: 61.552: [GC (CMS Final Remark) [YG occupancy: 1287 K (9792 K)]61.552: [Rescan (parallel) , 0.0001877 secs]61.552: [weak refs processing, 0.0000282 secs]61.552: [class unloading, 0.0008000 secs]61.553: [scrub symbol table, 0.0005378 secs]61.553: [scrub string table, 0.0001514 secs][1 CMS-remark: 15454K(21888K)] 16741K(31680K), 0.0018284 secs] [Times: user=0.01 sys=0.00, real=0.00 secs] 
2014-07-10T09:58:35.408+0200: 61.554: [CMS-concurrent-sweep-start]
2014-07-10T09:58:35.408+0200: 61.554: [CMS-concurrent-sweep: 0.000/0.000 secs] [Times: user=0.00 sys=0.00, real=0.00 secs] 
2014-07-10T09:58:35.408+0200: 61.554: [CMS-concurrent-reset-start]
2014-07-10T09:58:35.408+0200: 61.554: [CMS-concurrent-reset: 0.000/0.000 secs] [Times: user=0.00 sys=0.00, real=0.00 secs] 
2014-07-10T09:58:35.446+0200: 61.592: [GC (Allocation Failure) 61.592: [ParNew: 9749K->259K(9792K), 0.0005829 secs] 10215K->731K(31680K), 0.0007135 secs] [Times: user=0.00 sys=0.00, real=0.00 secs] 
2014-07-10T09:58:35.491+0200: 61.637: [GC (Allocation Failure) 61.637: [ParNew: 8945K->741K(9792K), 0.0005510 secs] 9417K->1213K(31680K), 0.0006343 secs] [Times: user=0.00 sys=0.00, real=0.00 secs] 
2014-07-10T09:58:35.541+0200: 61.688: [GC (Allocation Failure) 61.688: [ParNew: 9427K->1059K(9792K), 0.0015974 secs] 9899K->1695K(31680K), 0.0019655 secs] [Times: user=0.00 sys=0.00, real=0.00 secs] 
2014-07-10T09:58:35.551+0200: 61.697: [GC (Allocation Failure) 61.698: [ParNew: 9745K->1059K(9792K), 0.0025711 secs] 10381K->2336K(31680K), 0.0027981 secs] [Times: user=0.00 sys=0.00, real=0.00 secs] 
2014-07-10T09:58:35.592+0200: 61.738: [GC (Allocation Failure) 61.739: [ParNew: 9745K->1059K(9792K), 0.0027889 secs] 11022K->3458K(31680K), 0.0030525 secs] [Times: user=0.03 sys=0.00, real=0.00 secs] 
2014-07-10T09:58:35.641+0200: 61.788: [GC (Allocation Failure) 61.788: [ParNew: 9755K->1061K(9792K), 0.0017037 secs] 12153K->3525K(31680K), 0.0019266 secs] [Times: user=0.00 sys=0.00, real=0.00 secs] 
2014-07-10T09:58:35.651+0200: 61.797: [GC (Allocation Failure) 61.797: [ParNew: 9747K->1059K(9792K), 0.0023079 secs] 12211K->4069K(31680K), 0.0025370 secs] [Times: user=0.00 sys=0.00, real=0.00 secs] 
2014-07-10T09:58:35.692+0200: 61.839: [GC (Allocation Failure) 61.839: [ParNew: 9745K->1059K(9792K), 0.0025543 secs] 12755K->5095K(31680K), 0.0027999 secs] [Times: user=0.00 sys=0.00, real=0.00 secs] 
2014-07-10T09:58:35.743+0200: 61.889: [GC (Allocation Failure) 61.889: [ParNew: 9745K->1059K(9792K), 0.0027240 secs] 13781K->6601K(31680K), 0.0030074 secs] [Times: user=0.00 sys=0.00, real=0.00 secs] 
2014-07-10T09:58:35.753+0200: 61.899: [GC (Allocation Failure) 61.899: [ParNew: 9745K->1059K(9792K), 0.0035915 secs] 15287K->8587K(31680K), 0.0038543 secs] [Times: user=0.00 sys=0.00, real=0.00 secs] 
2014-07-10T09:58:35.793+0200: 61.939: [GC (Allocation Failure) 61.939: [ParNew: 9745K->1059K(9792K), 0.0037718 secs] 17273K->11053K(31680K), 0.0040314 secs] [Times: user=0.03 sys=0.00, real=0.00 secs] 
2014-07-10T09:58:35.843+0200: 61.989: [GC (Allocation Failure) 61.990: [ParNew: 9745K->1059K(9792K), 0.0047243 secs] 19739K->13999K(31680K), 0.0051830 secs] [Times: user=0.01 sys=0.00, real=0.01 secs] 
2014-07-10T09:58:35.857+0200: 62.003: [GC (Allocation Failure) 62.004: [ParNew: 9745K->1059K(9792K), 0.0055203 secs] 22686K->17426K(31680K), 0.0058092 secs] [Times: user=0.02 sys=0.00, real=0.01 secs] 
2014-07-10T09:58:35.864+0200: 62.010: [GC (CMS Initial Mark) [1 CMS-initial-mark: 16367K(21888K)] 17492K(31680K), 0.0003809 secs] [Times: user=0.00 sys=0.00, real=0.00 secs] 
2014-07-10T09:58:35.864+0200: 62.010: [CMS-concurrent-mark-start]
2014-07-10T09:58:35.866+0200: 62.012: [CMS-concurrent-mark: 0.002/0.002 secs] [Times: user=0.00 sys=0.00, real=0.00 secs] 
2014-07-10T09:58:35.866+0200: 62.012: [CMS-concurrent-preclean-start]
2014-07-10T09:58:35.866+0200: 62.012: [CMS-concurrent-preclean: 0.000/0.000 secs] [Times: user=0.00 sys=0.00, real=0.00 secs] 
2014-07-10T09:58:35.866+0200: 62.012: [CMS-concurrent-abortable-preclean-start]
2014-07-10T09:58:35.892+0200: 62.038: [GC (Allocation Failure) 62.038: [ParNew: 9760K->1061K(9792K), 0.0020571 secs] 26127K->19670K(31680K), 0.0022174 secs] [Times: user=0.00 sys=0.00, real=0.00 secs] 
2014-07-10T09:58:35.943+0200: 62.089: [GC (Allocation Failure) 62.090: [ParNew: 9747K->9747K(9792K), 0.0001261 secs]62.090: [CMS2014-07-10T09:58:35.944+0200: 62.090: [CMS-concurrent-abortable-preclean: 0.001/0.078 secs] [Times: user=0.00 sys=0.00, real=0.08 secs] 
 (concurrent mode failure): 18609K->4248K(21888K), 0.0113643 secs] 28356K->4248K(31680K), [Metaspace: 2457K->2457K(1056768K)], 0.0118083 secs] [Times: user=0.01 sys=0.00, real=0.01 secs] 
2014-07-10T09:58:35.959+0200: 62.105: [GC (Allocation Failure) 62.105: [ParNew: 8686K->1059K(9792K), 0.0035981 secs] 12934K->8513K(31680K), 0.0037704 secs] [Times: user=0.00 sys=0.00, real=0.00 secs] 
2014-07-10T09:58:35.992+0200: 62.138: [GC (Allocation Failure) 62.138: [ParNew: 9745K->1059K(9792K), 0.0034386 secs] 17199K->12196K(31680K), 0.0035687 secs] [Times: user=0.00 sys=0.00, real=0.00 secs] 
2014-07-10T09:58:36.043+0200: 62.189: [GC (Allocation Failure) 62.189: [ParNew: 9745K->1059K(9792K), 0.0046910 secs] 20882K->16359K(31680K), 0.0049366 secs] [Times: user=0.03 sys=0.00, real=0.01 secs] 
2014-07-10T09:58:36.048+0200: 62.195: [GC (CMS Initial Mark) [1 CMS-initial-mark: 15299K(21888K)] 16425K(31680K), 0.0004821 secs] [Times: user=0.00 sys=0.00, real=0.00 secs] 
2014-07-10T09:58:36.049+0200: 62.195: [CMS-concurrent-mark-start]
2014-07-10T09:58:36.051+0200: 62.197: [CMS-concurrent-mark: 0.002/0.002 secs] [Times: user=0.00 sys=0.00, real=0.00 secs] 
2014-07-10T09:58:36.051+0200: 62.197: [CMS-concurrent-preclean-start]
2014-07-10T09:58:36.052+0200: 62.198: [CMS-concurrent-preclean: 0.000/0.000 secs] [Times: user=0.00 sys=0.00, real=0.00 secs] 
2014-07-10T09:58:36.052+0200: 62.198: [CMS-concurrent-abortable-preclean-start]
2014-07-10T09:58:36.056+0200: 62.202: [GC (Allocation Failure) 62.202: [ParNew: 9745K->1059K(9792K), 0.0071928 secs] 25045K->21002K(31680K), 0.0075584 secs] [Times: user=0.03 sys=0.00, real=0.01 secs] 
2014-07-10T09:58:36.066+0200: 62.212: [CMS-concurrent-abortable-preclean: 0.001/0.014 secs] [Times: user=0.03 sys=0.00, real=0.01 secs] 
2014-07-10T09:58:36.066+0200: 62.213: [GC (CMS Final Remark) [YG occupancy: 3560 K (9792 K)]62.213: [Rescan (parallel) , 0.0002816 secs]62.213: [weak refs processing, 0.0000700 secs]62.213: [class unloading, 0.0012733 secs]62.214: [scrub symbol table, 0.0013026 secs]62.216: [scrub string table, 0.0004407 secs][1 CMS-remark: 19943K(21888K)] 23503K(31680K), 0.0037740 secs] [Times: user=0.00 sys=0.00, real=0.00 secs] 
2014-07-10T09:58:36.070+0200: 62.217: [CMS-concurrent-sweep-start]
2014-07-10T09:58:36.071+0200: 62.217: [CMS-concurrent-sweep: 0.001/0.001 secs] [Times: user=0.00 sys=0.00, real=0.00 secs] 
2014-07-10T09:58:36.071+0200: 62.217: [CMS-concurrent-reset-start]
2014-07-10T09:58:36.071+0200: 62.218: [CMS-concurrent-reset: 0.000/0.000 secs] [Times: user=0.00 sys=0.00, real=0.00 secs] 
2014-07-10T09:58:36.092+0200: 62.239: [GC (Allocation Failure) 62.239: [ParNew: 9745K->1059K(9792K), 0.0048035 secs] 19024K->15461K(31680K), 0.0049832 secs] [Times: user=0.00 sys=0.01, real=0.00 secs] 
2014-07-10T09:58:36.098+0200: 62.244: [GC (CMS Initial Mark) [1 CMS-initial-mark: 14402K(21888K)] 15527K(31680K), 0.0002181 secs] [Times: user=0.00 sys=0.00, real=0.00 secs] 
2014-07-10T09:58:36.098+0200: 62.244: [CMS-concurrent-mark-start]
2014-07-10T09:58:36.099+0200: 62.245: [CMS-concurrent-mark: 0.001/0.001 secs] [Times: user=0.00 sys=0.00, real=0.00 secs] 
2014-07-10T09:58:36.099+0200: 62.245: [CMS-concurrent-preclean-start]
2014-07-10T09:58:36.099+0200: 62.245: [CMS-concurrent-preclean: 0.000/0.000 secs] [Times: user=0.00 sys=0.00, real=0.00 secs] 
2014-07-10T09:58:36.099+0200: 62.245: [CMS-concurrent-abortable-preclean-start]
2014-07-10T09:58:36.142+0200: 62.288: [GC (Allocation Failure) 62.289: [ParNew: 9749K->1061K(9792K), 0.0043225 secs] 24151K->20043K(31680K), 0.0044750 secs] [Times: user=0.00 sys=0.00, real=0.01 secs] 
2014-07-10T09:58:36.148+0200: 62.294: [CMS-concurrent-abortable-preclean: 0.001/0.049 secs] [Times: user=0.00 sys=0.00, real=0.05 secs] 
2014-07-10T09:58:36.149+0200: 62.295: [GC (CMS Final Remark) [YG occupancy: 4749 K (9792 K)]62.295: [Rescan (parallel) , 0.0001324 secs]62.295: [weak refs processing, 0.0000319 secs]62.295: [class unloading, 0.0008091 secs]62.296: [scrub symbol table, 0.0007475 secs]62.297: [scrub string table, 0.0002412 secs][1 CMS-remark: 18981K(21888K)] 23730K(31680K), 0.0021301 secs] [Times: user=0.00 sys=0.00, real=0.00 secs] 
2014-07-10T09:58:36.151+0200: 62.297: [CMS-concurrent-sweep-start]
2014-07-10T09:58:36.151+0200: 62.297: [CMS-concurrent-sweep: 0.000/0.000 secs] [Times: user=0.00 sys=0.00, real=0.00 secs] 
2014-07-10T09:58:36.151+0200: 62.297: [CMS-concurrent-reset-start]
2014-07-10T09:58:36.151+0200: 62.298: [CMS-concurrent-reset: 0.000/0.000 secs] [Times: user=0.00 sys=0.00, real=0.00 secs] 
2014-07-10T09:58:36.153+0200: 62.299: [GC (Allocation Failure) 62.299: [ParNew: 9747K->1059K(9792K), 0.0045854 secs] 19922K->16294K(31680K), 0.0047122 secs] [Times: user=0.03 sys=0.00, real=0.00 secs] 
2014-07-10T09:58:36.158+0200: 62.304: [GC (CMS Initial Mark) [1 CMS-initial-mark: 15235K(21888K)] 16360K(31680K), 0.0002024 secs] [Times: user=0.00 sys=0.00, real=0.00 secs] 
2014-07-10T09:58:36.158+0200: 62.304: [CMS-concurrent-mark-start]
2014-07-10T09:58:36.159+0200: 62.305: [CMS-concurrent-mark: 0.001/0.001 secs] [Times: user=0.00 sys=0.00, real=0.00 secs] 
2014-07-10T09:58:36.159+0200: 62.305: [CMS-concurrent-preclean-start]
2014-07-10T09:58:36.159+0200: 62.305: [CMS-concurrent-preclean: 0.000/0.000 secs] [Times: user=0.00 sys=0.00, real=0.00 secs] 
2014-07-10T09:58:36.159+0200: 62.305: [CMS-concurrent-abortable-preclean-start]
2014-07-10T09:58:36.193+0200: 62.339: [GC (Allocation Failure) 62.339: [ParNew: 9745K->1059K(9792K), 0.0066345 secs] 24981K->21834K(31680K), 0.0068482 secs] [Times: user=0.00 sys=0.00, real=0.01 secs] 
2014-07-10T09:58:36.202+0200: 62.348: [CMS-concurrent-abortable-preclean: 0.001/0.043 secs] [Times: user=0.00 sys=0.02, real=0.04 secs] 
2014-07-10T09:58:36.202+0200: 62.349: [GC (CMS Final Remark) [YG occupancy: 2662 K (9792 K)]62.349: [Rescan (parallel) , 0.0002687 secs]62.349: [weak refs processing, 0.0000671 secs]62.349: [class unloading, 0.0011138 secs]62.350: [scrub symbol table, 0.0013829 secs]62.352: [scrub string table, 0.0004751 secs][1 CMS-remark: 20775K(21888K)] 23437K(31680K), 0.0037051 secs] [Times: user=0.00 sys=0.00, real=0.00 secs] 
2014-07-10T09:58:36.206+0200: 62.353: [CMS-concurrent-sweep-start]
2014-07-10T09:58:36.207+0200: 62.353: [CMS-concurrent-sweep: 0.001/0.001 secs] [Times: user=0.00 sys=0.00, real=0.00 secs] 
2014-07-10T09:58:36.207+0200: 62.353: [CMS-concurrent-reset-start]
2014-07-10T09:58:36.207+0200: 62.354: [CMS-concurrent-reset: 0.000/0.000 secs] [Times: user=0.00 sys=0.00, real=0.00 secs] 
2014-07-10T09:58:36.245+0200: 62.391: [GC (Allocation Failure) 62.391: [ParNew: 9745K->1059K(9792K), 0.0091920 secs] 20817K->18151K(31680K), 0.0094677 secs] [Times: user=0.02 sys=0.00, real=0.01 secs] 
2014-07-10T09:58:36.255+0200: 62.401: [GC (CMS Initial Mark) [1 CMS-initial-mark: 17091K(21888K)] 18217K(31680K), 0.0004367 secs] [Times: user=0.00 sys=0.00, real=0.00 secs] 
2014-07-10T09:58:36.255+0200: 62.402: [CMS-concurrent-mark-start]
2014-07-10T09:58:36.258+0200: 62.404: [CMS-concurrent-mark: 0.002/0.002 secs] [Times: user=0.00 sys=0.00, real=0.00 secs] 
2014-07-10T09:58:36.258+0200: 62.404: [CMS-concurrent-preclean-start]
2014-07-10T09:58:36.258+0200: 62.404: [CMS-concurrent-preclean: 0.000/0.000 secs] [Times: user=0.00 sys=0.00, real=0.00 secs] 
2014-07-10T09:58:36.258+0200: 62.404: [CMS-concurrent-abortable-preclean-start]
2014-07-10T09:58:36.262+0200: 62.408: [GC (Allocation Failure) 62.408: [ParNew: 9745K->9745K(9792K), 0.0000957 secs]62.408: [CMS2014-07-10T09:58:36.262+0200: 62.408: [CMS-concurrent-abortable-preclean: 0.000/0.004 secs] [Times: user=0.00 sys=0.00, real=0.00 secs] 
 (concurrent mode failure): 17091K->8026K(21888K), 0.0157832 secs] 26837K->8026K(31680K), [Metaspace: 2457K->2457K(1056768K)], 0.0161675 secs] [Times: user=0.01 sys=0.00, real=0.02 secs] 
2014-07-10T09:58:36.294+0200: 62.440: [GC (Allocation Failure) 62.440: [ParNew: 8686K->1059K(9792K), 0.0227817 secs] 16712K->16067K(31680K), 0.0229244 secs] [Times: user=0.03 sys=0.00, real=0.02 secs] 
2014-07-10T09:58:36.317+0200: 62.463: [GC (CMS Initial Mark) [1 CMS-initial-mark: 15007K(21888K)] 16229K(31680K), 0.0002049 secs] [Times: user=0.00 sys=0.00, real=0.00 secs] 
2014-07-10T09:58:36.317+0200: 62.464: [CMS-concurrent-mark-start]
2014-07-10T09:58:36.318+0200: 62.464: [CMS-concurrent-mark: 0.001/0.001 secs] [Times: user=0.00 sys=0.00, real=0.00 secs] 
2014-07-10T09:58:36.318+0200: 62.464: [CMS-concurrent-preclean-start]
2014-07-10T09:58:36.318+0200: 62.464: [CMS-concurrent-preclean: 0.000/0.000 secs] [Times: user=0.00 sys=0.00, real=0.00 secs] 
2014-07-10T09:58:36.318+0200: 62.464: [GC (CMS Final Remark) [YG occupancy: 1221 K (9792 K)]62.464: [Rescan (parallel) , 0.0001584 secs]62.465: [weak refs processing, 0.0000264 secs]62.465: [class unloading, 0.0004586 secs]62.465: [scrub symbol table, 0.0005855 secs]62.466: [scrub string table, 0.0001745 secs][1 CMS-remark: 15007K(21888K)] 16229K(31680K), 0.0015765 secs] [Times: user=0.00 sys=0.00, real=0.00 secs] 
2014-07-10T09:58:36.320+0200: 62.466: [CMS-concurrent-sweep-start]
2014-07-10T09:58:36.320+0200: 62.466: [CMS-concurrent-sweep: 0.000/0.000 secs] [Times: user=0.00 sys=0.00, real=0.00 secs] 
2014-07-10T09:58:36.320+0200: 62.466: [CMS-concurrent-reset-start]
2014-07-10T09:58:36.320+0200: 62.466: [CMS-concurrent-reset: 0.000/0.000 secs] [Times: user=0.00 sys=0.00, real=0.00 secs] 
2014-07-10T09:58:36.345+0200: 62.491: [GC (Allocation Failure) 62.491: [ParNew: 9756K->331K(9792K), 0.0009382 secs] 10226K->802K(31680K), 0.0010430 secs] [Times: user=0.00 sys=0.00, real=0.00 secs] 
2014-07-10T09:58:36.350+0200: 62.496: [GC (Allocation Failure) 62.496: [ParNew: 9018K->1060K(9792K), 0.0066693 secs] 9489K->7935K(31680K), 0.0068123 secs] [Times: user=0.00 sys=0.00, real=0.01 secs] 
2014-07-10T09:58:36.358+0200: 62.504: [GC (CMS Initial Mark) [1 CMS-initial-mark: 6874K(21888K)] 9191K(31680K), 0.0002189 secs] [Times: user=0.00 sys=0.00, real=0.00 secs] 
2014-07-10T09:58:36.358+0200: 62.505: [CMS-concurrent-mark-start]
2014-07-10T09:58:36.359+0200: 62.505: [CMS-concurrent-mark: 0.001/0.001 secs] [Times: user=0.00 sys=0.00, real=0.00 secs] 
2014-07-10T09:58:36.359+0200: 62.505: [CMS-concurrent-preclean-start]
2014-07-10T09:58:36.359+0200: 62.506: [CMS-concurrent-preclean: 0.000/0.000 secs] [Times: user=0.00 sys=0.00, real=0.00 secs] 
2014-07-10T09:58:36.360+0200: 62.506: [GC (CMS Final Remark) [YG occupancy: 2316 K (9792 K)]62.506: [Rescan (parallel) , 0.0038063 secs]62.510: [weak refs processing, 0.0000301 secs]62.510: [class unloading, 0.0004520 secs]62.510: [scrub symbol table, 0.0005961 secs]62.511: [scrub string table, 0.0001767 secs][1 CMS-remark: 6874K(21888K)] 9191K(31680K), 0.0051936 secs] [Times: user=0.00 sys=0.00, real=0.01 secs] 
2014-07-10T09:58:36.365+0200: 62.511: [CMS-concurrent-sweep-start]
2014-07-10T09:58:36.365+0200: 62.512: [CMS-concurrent-sweep: 0.000/0.000 secs] [Times: user=0.00 sys=0.00, real=0.00 secs] 
2014-07-10T09:58:36.365+0200: 62.512: [CMS-concurrent-reset-start]
2014-07-10T09:58:36.366+0200: 62.512: [CMS-concurrent-reset: 0.000/0.000 secs] [Times: user=0.00 sys=0.00, real=0.00 secs] 
2014-07-10T09:58:36.394+0200: 62.540: [GC (Allocation Failure) 62.540: [ParNew: 9752K->1061K(9792K), 0.0054715 secs] 10220K->7906K(31680K), 0.0056229 secs] [Times: user=0.00 sys=0.00, real=0.01 secs] 
2014-07-10T09:58:36.400+0200: 62.546: [GC (CMS Initial Mark) [1 CMS-initial-mark: 6844K(21888K)] 7972K(31680K), 0.0001807 secs] [Times: user=0.00 sys=0.00, real=0.00 secs] 
2014-07-10T09:58:36.400+0200: 62.546: [CMS-concurrent-mark-start]
2014-07-10T09:58:36.401+0200: 62.547: [CMS-concurrent-mark: 0.001/0.001 secs] [Times: user=0.00 sys=0.00, real=0.00 secs] 
2014-07-10T09:58:36.401+0200: 62.547: [CMS-concurrent-preclean-start]
2014-07-10T09:58:36.401+0200: 62.547: [CMS-concurrent-preclean: 0.000/0.000 secs] [Times: user=0.00 sys=0.00, real=0.00 secs] 
2014-07-10T09:58:36.401+0200: 62.547: [GC (CMS Final Remark) [YG occupancy: 1831 K (9792 K)]62.547: [Rescan (parallel) , 0.0001291 secs]62.547: [weak refs processing, 0.0000279 secs]62.547: [class unloading, 0.0004634 secs]62.548: [scrub symbol table, 0.0005826 secs]62.548: [scrub string table, 0.0001855 secs][1 CMS-remark: 6844K(21888K)] 8676K(31680K), 0.0015164 secs] [Times: user=0.00 sys=0.00, real=0.00 secs] 
2014-07-10T09:58:36.403+0200: 62.549: [CMS-concurrent-sweep-start]
2014-07-10T09:58:36.403+0200: 62.549: [CMS-concurrent-sweep: 0.001/0.001 secs] [Times: user=0.00 sys=0.00, real=0.00 secs] 
2014-07-10T09:58:36.403+0200: 62.549: [CMS-concurrent-reset-start]
2014-07-10T09:58:36.403+0200: 62.549: [CMS-concurrent-reset: 0.000/0.000 secs] [Times: user=0.00 sys=0.00, real=0.00 secs] 
2014-07-10T09:58:36.444+0200: 62.590: [GC (Allocation Failure) 62.590: [ParNew: 9747K->1059K(9792K), 0.0092331 secs] 16592K->14757K(31680K), 0.0093948 secs] [Times: user=0.02 sys=0.00, real=0.01 secs] 
2014-07-10T09:58:36.453+0200: 62.599: [GC (CMS Initial Mark) [1 CMS-initial-mark: 13697K(21888K)] 14789K(31680K), 0.0001987 secs] [Times: user=0.00 sys=0.00, real=0.00 secs] 
2014-07-10T09:58:36.454+0200: 62.600: [CMS-concurrent-mark-start]
2014-07-10T09:58:36.454+0200: 62.601: [CMS-concurrent-mark: 0.001/0.001 secs] [Times: user=0.00 sys=0.00, real=0.00 secs] 
2014-07-10T09:58:36.454+0200: 62.601: [CMS-concurrent-preclean-start]
2014-07-10T09:58:36.455+0200: 62.601: [CMS-concurrent-preclean: 0.000/0.000 secs] [Times: user=0.00 sys=0.00, real=0.00 secs] 
2014-07-10T09:58:36.455+0200: 62.601: [CMS-concurrent-abortable-preclean-start]
2014-07-10T09:58:36.491+0200: 62.637: [GC (Allocation Failure) 62.637: [ParNew: 9747K->9747K(9792K), 0.0000455 secs]62.637: [CMS2014-07-10T09:58:36.491+0200: 62.637: [CMS-concurrent-abortable-preclean: 0.000/0.036 secs] [Times: user=0.00 sys=0.00, real=0.04 secs] 
 (concurrent mode failure): 13697K->663K(21888K), 0.0037011 secs] 23445K->663K(31680K), [Metaspace: 2457K->2457K(1056768K)], 0.0038958 secs] [Times: user=0.00 sys=0.00, real=0.00 secs] 
2014-07-10T09:58:36.541+0200: 62.687: [GC (Allocation Failure) 62.687: [ParNew: 8686K->675K(9792K), 0.0004927 secs] 9349K->1338K(31680K), 0.0005646 secs] [Times: user=0.00 sys=0.00, real=0.00 secs] 
2014-07-10T09:58:36.545+0200: 62.691: [GC (Allocation Failure) 62.691: [ParNew: 9361K->1059K(9792K), 0.0011886 secs] 10024K->1823K(31680K), 0.0013078 secs] [Times: user=0.03 sys=0.00, real=0.00 secs] 
2014-07-10T09:58:36.591+0200: 62.737: [GC (Allocation Failure) 62.737: [ParNew: 9751K->611K(9792K), 0.0005158 secs] 10515K->1376K(31680K), 0.0005969 secs] [Times: user=0.02 sys=0.01, real=0.00 secs] 
2014-07-10T09:58:36.641+0200: 62.787: [GC (Allocation Failure) 62.787: [ParNew: 9297K->1059K(9792K), 0.0006746 secs] 10062K->1858K(31680K), 0.0007571 secs] [Times: user=0.00 sys=0.00, real=0.00 secs] 
2014-07-10T09:58:36.645+0200: 62.791: [GC (Allocation Failure) 62.792: [ParNew: 9745K->1059K(9792K), 0.0023655 secs] 10544K->2371K(31680K), 0.0025198 secs] [Times: user=0.00 sys=0.00, real=0.00 secs] 
2014-07-10T09:58:36.692+0200: 62.838: [GC (Allocation Failure) 62.839: [ParNew: 9745K->1059K(9792K), 0.0023024 secs] 11058K->3365K(31680K), 0.0027688 secs] [Times: user=0.00 sys=0.00, real=0.00 secs] 
2014-07-10T09:58:36.742+0200: 62.888: [GC (Allocation Failure) 62.889: [ParNew: 9745K->1059K(9792K), 0.0027501 secs] 12051K->4839K(31680K), 0.0029781 secs] [Times: user=0.00 sys=0.00, real=0.00 secs] 
2014-07-10T09:58:36.752+0200: 62.899: [GC (Allocation Failure) 62.899: [ParNew: 9745K->1059K(9792K), 0.0036366 secs] 13525K->6793K(31680K), 0.0038796 secs] [Times: user=0.00 sys=0.00, real=0.00 secs] 
2014-07-10T09:58:36.792+0200: 62.938: [GC (Allocation Failure) 62.938: [ParNew: 9745K->1059K(9792K), 0.0021088 secs] 15479K->9227K(31680K), 0.0022617 secs] [Times: user=0.00 sys=0.00, real=0.00 secs] 
2014-07-10T09:58:36.842+0200: 62.989: [GC (Allocation Failure) 62.989: [ParNew: 9745K->1059K(9792K), 0.0026903 secs] 17913K->12141K(31680K), 0.0028384 secs] [Times: user=0.00 sys=0.00, real=0.00 secs] 
2014-07-10T09:58:36.850+0200: 62.996: [GC (Allocation Failure) 62.996: [ParNew: 9745K->1059K(9792K), 0.0035944 secs] 20828K->15536K(31680K), 0.0037616 secs] [Times: user=0.00 sys=0.00, real=0.00 secs] 
2014-07-10T09:58:36.854+0200: 63.000: [GC (CMS Initial Mark) [1 CMS-initial-mark: 14477K(21888K)] 15602K(31680K), 0.0002559 secs] [Times: user=0.00 sys=0.00, real=0.00 secs] 
2014-07-10T09:58:36.854+0200: 63.000: [CMS-concurrent-mark-start]
2014-07-10T09:58:36.855+0200: 63.001: [CMS-concurrent-mark: 0.001/0.001 secs] [Times: user=0.00 sys=0.00, real=0.00 secs] 
2014-07-10T09:58:36.855+0200: 63.001: [CMS-concurrent-preclean-start]
2014-07-10T09:58:36.855+0200: 63.002: [CMS-concurrent-preclean: 0.000/0.000 secs] [Times: user=0.00 sys=0.00, real=0.00 secs] 
2014-07-10T09:58:36.856+0200: 63.002: [CMS-concurrent-abortable-preclean-start]
2014-07-10T09:58:36.892+0200: 63.039: [GC (Allocation Failure) 63.039: [ParNew: 9759K->1061K(9792K), 0.0039229 secs] 24237K->17748K(31680K), 0.0043980 secs] [Times: user=0.00 sys=0.00, real=0.01 secs] 
2014-07-10T09:58:36.943+0200: 63.089: [GC (Allocation Failure) 63.089: [ParNew: 9747K->1059K(9792K), 0.0041968 secs] 26435K->20438K(31680K), 0.0044824 secs] [Times: user=0.00 sys=0.00, real=0.00 secs] 
2014-07-10T09:58:36.955+0200: 63.101: [GC (Allocation Failure) 63.101: [ParNew: 9745K->9745K(9792K), 0.0000964 secs]63.102: [CMS2014-07-10T09:58:36.956+0200: 63.102: [CMS-concurrent-abortable-preclean: 0.002/0.100 secs] [Times: user=0.02 sys=0.00, real=0.10 secs] 
 (concurrent mode failure): 19379K->4697K(21888K), 0.0120693 secs] 29125K->4697K(31680K), [Metaspace: 2457K->2457K(1056768K)], 0.0125181 secs] [Times: user=0.01 sys=0.00, real=0.01 secs] 
2014-07-10T09:58:36.992+0200: 63.139: [GC (Allocation Failure) 63.139: [ParNew: 8686K->1059K(9792K), 0.0034356 secs] 13383K->9411K(31680K), 0.0035845 secs] [Times: user=0.00 sys=0.00, real=0.00 secs] 
2014-07-10T09:58:37.044+0200: 63.190: [GC (Allocation Failure) 63.190: [ParNew: 9745K->1059K(9792K), 0.0038947 secs] 18097K->13542K(31680K), 0.0040651 secs] [Times: user=0.03 sys=0.00, real=0.00 secs] 
2014-07-10T09:58:37.048+0200: 63.194: [GC (CMS Initial Mark) [1 CMS-initial-mark: 12482K(21888K)] 13608K(31680K), 0.0002570 secs] [Times: user=0.00 sys=0.00, real=0.00 secs] 
2014-07-10T09:58:37.048+0200: 63.195: [CMS-concurrent-mark-start]
2014-07-10T09:58:37.050+0200: 63.196: [CMS-concurrent-mark: 0.001/0.001 secs] [Times: user=0.00 sys=0.00, real=0.00 secs] 
2014-07-10T09:58:37.050+0200: 63.196: [CMS-concurrent-preclean-start]
2014-07-10T09:58:37.050+0200: 63.196: [CMS-concurrent-preclean: 0.000/0.000 secs] [Times: user=0.00 sys=0.00, real=0.00 secs] 
2014-07-10T09:58:37.050+0200: 63.196: [CMS-concurrent-abortable-preclean-start]
2014-07-10T09:58:37.052+0200: 63.198: [GC (Allocation Failure) 63.198: [ParNew: 9745K->1059K(9792K), 0.0047122 secs] 22228K->18153K(31680K), 0.0048549 secs] [Times: user=0.00 sys=0.00, real=0.00 secs] 
2014-07-10T09:58:37.093+0200: 63.240: [GC (Allocation Failure) 63.240: [ParNew: 9745K->9745K(9792K), 0.0000627 secs]63.240: [CMS2014-07-10T09:58:37.094+0200: 63.240: [CMS-concurrent-abortable-preclean: 0.001/0.044 secs] [Times: user=0.02 sys=0.00, real=0.04 secs] 
 (concurrent mode failure): 17093K->6618K(21888K), 0.0077886 secs] 26839K->6618K(31680K), [Metaspace: 2457K->2457K(1056768K)], 0.0080159 secs] [Times: user=0.00 sys=0.00, real=0.01 secs] 
2014-07-10T09:58:37.147+0200: 63.293: [GC (Allocation Failure) 63.293: [ParNew: 8695K->1061K(9792K), 0.0034771 secs] 15314K->11718K(31680K), 0.0036974 secs] [Times: user=0.00 sys=0.00, real=0.00 secs] 
2014-07-10T09:58:37.155+0200: 63.301: [GC (Allocation Failure) 63.301: [ParNew: 9747K->1059K(9792K), 0.0041825 secs] 20404K->16232K(31680K), 0.0043383 secs] [Times: user=0.00 sys=0.00, real=0.00 secs] 
2014-07-10T09:58:37.160+0200: 63.306: [GC (CMS Initial Mark) [1 CMS-initial-mark: 15173K(21888K)] 16298K(31680K), 0.0001822 secs] [Times: user=0.00 sys=0.00, real=0.00 secs] 
2014-07-10T09:58:37.160+0200: 63.306: [CMS-concurrent-mark-start]
2014-07-10T09:58:37.161+0200: 63.307: [CMS-concurrent-mark: 0.001/0.001 secs] [Times: user=0.00 sys=0.00, real=0.00 secs] 
2014-07-10T09:58:37.161+0200: 63.307: [CMS-concurrent-preclean-start]
2014-07-10T09:58:37.161+0200: 63.307: [CMS-concurrent-preclean: 0.000/0.000 secs] [Times: user=0.00 sys=0.00, real=0.00 secs] 
2014-07-10T09:58:37.161+0200: 63.307: [CMS-concurrent-abortable-preclean-start]
2014-07-10T09:58:37.192+0200: 63.338: [GC (Allocation Failure) 63.338: [ParNew: 9745K->1059K(9792K), 0.0047280 secs] 24918K->21228K(31680K), 0.0048644 secs] [Times: user=0.00 sys=0.00, real=0.01 secs] 
2014-07-10T09:58:37.198+0200: 63.344: [CMS-concurrent-abortable-preclean: 0.001/0.037 secs] [Times: user=0.00 sys=0.00, real=0.04 secs] 
2014-07-10T09:58:37.198+0200: 63.345: [GC (CMS Final Remark) [YG occupancy: 3208 K (9792 K)]63.345: [Rescan (parallel) , 0.0001243 secs]63.345: [weak refs processing, 0.0000275 secs]63.345: [class unloading, 0.0006079 secs]63.345: [scrub symbol table, 0.0006068 secs]63.346: [scrub string table, 0.0001712 secs][1 CMS-remark: 20168K(21888K)] 23377K(31680K), 0.0016626 secs] [Times: user=0.00 sys=0.00, real=0.00 secs] 
2014-07-10T09:58:37.200+0200: 63.346: [CMS-concurrent-sweep-start]
2014-07-10T09:58:37.200+0200: 63.347: [CMS-concurrent-sweep: 0.000/0.000 secs] [Times: user=0.00 sys=0.00, real=0.00 secs] 
2014-07-10T09:58:37.200+0200: 63.347: [CMS-concurrent-reset-start]
2014-07-10T09:58:37.201+0200: 63.347: [CMS-concurrent-reset: 0.000/0.000 secs] [Times: user=0.02 sys=0.00, real=0.00 secs] 
2014-07-10T09:58:37.243+0200: 63.389: [GC (Allocation Failure) 63.389: [ParNew: 9745K->1059K(9792K), 0.0063793 secs] 19730K->16520K(31680K), 0.0065399 secs] [Times: user=0.03 sys=0.00, real=0.01 secs] 
2014-07-10T09:58:37.249+0200: 63.395: [GC (CMS Initial Mark) [1 CMS-initial-mark: 15460K(21888K)] 16586K(31680K), 0.0002046 secs] [Times: user=0.00 sys=0.00, real=0.00 secs] 
2014-07-10T09:58:37.250+0200: 63.396: [CMS-concurrent-mark-start]
2014-07-10T09:58:37.250+0200: 63.397: [CMS-concurrent-mark: 0.001/0.001 secs] [Times: user=0.00 sys=0.00, real=0.00 secs] 
2014-07-10T09:58:37.250+0200: 63.397: [CMS-concurrent-preclean-start]
2014-07-10T09:58:37.250+0200: 63.397: [CMS-concurrent-preclean: 0.000/0.000 secs] [Times: user=0.00 sys=0.00, real=0.00 secs] 
2014-07-10T09:58:37.250+0200: 63.397: [CMS-concurrent-abortable-preclean-start]
2014-07-10T09:58:37.253+0200: 63.399: [GC (Allocation Failure) 63.399: [ParNew: 9745K->9745K(9792K), 0.0000440 secs]63.399: [CMS2014-07-10T09:58:37.253+0200: 63.399: [CMS-concurrent-abortable-preclean: 0.000/0.002 secs] [Times: user=0.00 sys=0.00, real=0.00 secs] 
 (concurrent mode failure): 15460K->7483K(21888K), 0.0072027 secs] 25206K->7483K(31680K), [Metaspace: 2457K->2457K(1056768K)], 0.0073952 secs] [Times: user=0.00 sys=0.00, real=0.01 secs] 
2014-07-10T09:58:37.294+0200: 63.441: [GC (Allocation Failure) 63.441: [ParNew: 8686K->1059K(9792K), 0.0184284 secs] 16169K->14980K(31680K), 0.0185458 secs] [Times: user=0.02 sys=0.00, real=0.02 secs] 
2014-07-10T09:58:37.314+0200: 63.460: [GC (CMS Initial Mark) [1 CMS-initial-mark: 13920K(21888K)] 15686K(31680K), 0.0004535 secs] [Times: user=0.00 sys=0.00, real=0.00 secs] 
2014-07-10T09:58:37.314+0200: 63.461: [CMS-concurrent-mark-start]
2014-07-10T09:58:37.315+0200: 63.461: [CMS-concurrent-mark: 0.001/0.001 secs] [Times: user=0.00 sys=0.00, real=0.00 secs] 
2014-07-10T09:58:37.315+0200: 63.461: [CMS-concurrent-preclean-start]
2014-07-10T09:58:37.315+0200: 63.461: [CMS-concurrent-preclean: 0.000/0.000 secs] [Times: user=0.00 sys=0.00, real=0.00 secs] 
2014-07-10T09:58:37.315+0200: 63.462: [GC (CMS Final Remark) [YG occupancy: 1765 K (9792 K)]63.462: [Rescan (parallel) , 0.0141382 secs]63.476: [weak refs processing, 0.0000330 secs]63.476: [class unloading, 0.0005400 secs]63.476: [scrub symbol table, 0.0005998 secs]63.477: [scrub string table, 0.0001804 secs][1 CMS-remark: 13920K(21888K)] 15686K(31680K), 0.0156553 secs] [Times: user=0.01 sys=0.00, real=0.02 secs] 
2014-07-10T09:58:37.331+0200: 63.477: [CMS-concurrent-sweep-start]
2014-07-10T09:58:37.331+0200: 63.478: [CMS-concurrent-sweep: 0.000/0.000 secs] [Times: user=0.00 sys=0.00, real=0.00 secs] 
2014-07-10T09:58:37.331+0200: 63.478: [CMS-concurrent-reset-start]
2014-07-10T09:58:37.332+0200: 63.478: [CMS-concurrent-reset: 0.000/0.000 secs] [Times: user=0.00 sys=0.00, real=0.00 secs] 
2014-07-10T09:58:37.348+0200: 63.495: [GC (Allocation Failure) 63.495: [ParNew: 9745K->1059K(9792K), 0.0069520 secs] 10217K->8448K(31680K), 0.0070766 secs] [Times: user=0.00 sys=0.00, real=0.01 secs] 
2014-07-10T09:58:37.360+0200: 63.506: [GC (Allocation Failure) 63.506: [ParNew: 9756K->267K(9792K), 0.0087635 secs] 17144K->7656K(31680K), 0.0089064 secs] [Times: user=0.00 sys=0.00, real=0.01 secs] 
2014-07-10T09:58:37.369+0200: 63.515: [GC (CMS Initial Mark) [1 CMS-initial-mark: 7389K(21888K)] 7682K(31680K), 0.0001510 secs] [Times: user=0.00 sys=0.00, real=0.00 secs] 
2014-07-10T09:58:37.369+0200: 63.515: [CMS-concurrent-mark-start]
2014-07-10T09:58:37.370+0200: 63.516: [CMS-concurrent-mark: 0.001/0.001 secs] [Times: user=0.00 sys=0.00, real=0.00 secs] 
2014-07-10T09:58:37.370+0200: 63.516: [CMS-concurrent-preclean-start]
2014-07-10T09:58:37.370+0200: 63.516: [CMS-concurrent-preclean: 0.000/0.000 secs] [Times: user=0.00 sys=0.00, real=0.00 secs] 
2014-07-10T09:58:37.370+0200: 63.516: [GC (CMS Final Remark) [YG occupancy: 1550 K (9792 K)]63.516: [Rescan (parallel) , 0.0000902 secs]63.516: [weak refs processing, 0.0000271 secs]63.516: [class unloading, 0.0004623 secs]63.517: [scrub symbol table, 0.0005829 secs]63.518: [scrub string table, 0.0001774 secs][1 CMS-remark: 7389K(21888K)] 8940K(31680K), 0.0014639 secs] [Times: user=0.02 sys=0.00, real=0.00 secs] 
2014-07-10T09:58:37.372+0200: 63.518: [CMS-concurrent-sweep-start]
2014-07-10T09:58:37.372+0200: 63.518: [CMS-concurrent-sweep: 0.000/0.000 secs] [Times: user=0.00 sys=0.00, real=0.00 secs] 
2014-07-10T09:58:37.372+0200: 63.518: [CMS-concurrent-reset-start]
2014-07-10T09:58:37.372+0200: 63.518: [CMS-concurrent-reset: 0.000/0.000 secs] [Times: user=0.00 sys=0.00, real=0.00 secs] 
2014-07-10T09:58:37.393+0200: 63.540: [GC (Allocation Failure) 63.540: [ParNew: 8954K->1060K(9792K), 0.0068214 secs] 9426K->7871K(31680K), 0.0069824 secs] [Times: user=0.00 sys=0.00, real=0.01 secs] 
2014-07-10T09:58:37.401+0200: 63.547: [GC (CMS Initial Mark) [1 CMS-initial-mark: 6811K(21888K)] 8673K(31680K), 0.0001998 secs] [Times: user=0.00 sys=0.00, real=0.00 secs] 
2014-07-10T09:58:37.401+0200: 63.547: [CMS-concurrent-mark-start]
2014-07-10T09:58:37.402+0200: 63.548: [CMS-concurrent-mark: 0.001/0.001 secs] [Times: user=0.00 sys=0.00, real=0.00 secs] 
2014-07-10T09:58:37.402+0200: 63.548: [CMS-concurrent-preclean-start]
2014-07-10T09:58:37.402+0200: 63.548: [CMS-concurrent-preclean: 0.000/0.000 secs] [Times: user=0.00 sys=0.00, real=0.00 secs] 
2014-07-10T09:58:37.402+0200: 63.548: [GC (CMS Final Remark) [YG occupancy: 1862 K (9792 K)]63.548: [Rescan (parallel) , 0.0001606 secs]63.548: [weak refs processing, 0.0000268 secs]63.549: [class unloading, 0.0004524 secs]63.549: [scrub symbol table, 0.0005840 secs]63.550: [scrub string table, 0.0002068 secs][1 CMS-remark: 6811K(21888K)] 8673K(31680K), 0.0015563 secs] [Times: user=0.02 sys=0.00, real=0.00 secs] 
2014-07-10T09:58:37.404+0200: 63.550: [CMS-concurrent-sweep-start]
2014-07-10T09:58:37.404+0200: 63.550: [CMS-concurrent-sweep: 0.000/0.000 secs] [Times: user=0.00 sys=0.00, real=0.00 secs] 
2014-07-10T09:58:37.404+0200: 63.550: [CMS-concurrent-reset-start]
2014-07-10T09:58:37.404+0200: 63.550: [CMS-concurrent-reset: 0.000/0.000 secs] [Times: user=0.00 sys=0.00, real=0.00 secs] 
2014-07-10T09:58:37.443+0200: 63.589: [GC (Allocation Failure) 63.589: [ParNew: 9746K->1059K(9792K), 0.0063390 secs] 10216K->8354K(31680K), 0.0064940 secs] [Times: user=0.02 sys=0.00, real=0.01 secs] 
2014-07-10T09:58:37.450+0200: 63.596: [GC (CMS Initial Mark) [1 CMS-initial-mark: 7294K(21888K)] 8708K(31680K), 0.0001606 secs] [Times: user=0.00 sys=0.00, real=0.00 secs] 
2014-07-10T09:58:37.450+0200: 63.597: [CMS-concurrent-mark-start]
2014-07-10T09:58:37.451+0200: 63.598: [CMS-concurrent-mark: 0.001/0.001 secs] [Times: user=0.00 sys=0.00, real=0.00 secs] 
2014-07-10T09:58:37.451+0200: 63.598: [CMS-concurrent-preclean-start]
2014-07-10T09:58:37.452+0200: 63.598: [CMS-concurrent-preclean: 0.000/0.000 secs] [Times: user=0.00 sys=0.00, real=0.00 secs] 
2014-07-10T09:58:37.452+0200: 63.598: [CMS-concurrent-abortable-preclean-start]
2014-07-10T09:58:37.491+0200: 63.637: [GC (Allocation Failure) 63.637: [ParNew: 9747K->165K(9792K), 0.0010409 secs] 17042K->7460K(31680K), 0.0012344 secs] [Times: user=0.00 sys=0.00, real=0.00 secs] 
2014-07-10T09:58:37.541+0200: 63.688: [GC (Allocation Failure) 63.688: [ParNew: 8851K->645K(9792K), 0.0012880 secs] 16146K->7940K(31680K), 0.0015002 secs] [Times: user=0.00 sys=0.00, real=0.00 secs] 
2014-07-10T09:58:37.550+0200: 63.697: [GC (Allocation Failure) 63.697: [ParNew: 9331K->1059K(9792K), 0.0010500 secs] 16627K->8422K(31680K), 0.0011897 secs] [Times: user=0.00 sys=0.00, real=0.00 secs] 
2014-07-10T09:58:37.591+0200: 63.738: [GC (Allocation Failure) 63.738: [ParNew: 9745K->1059K(9792K), 0.0010555 secs] 17108K->8967K(31680K), 0.0011662 secs] [Times: user=0.00 sys=0.00, real=0.00 secs] 
2014-07-10T09:58:37.641+0200: 63.788: [GC (Allocation Failure) 63.788: [ParNew: 9751K->1061K(9792K), 0.0014665 secs] 17659K->8970K(31680K), 0.0018507 secs] [Times: user=0.00 sys=0.00, real=0.00 secs] 
2014-07-10T09:58:37.651+0200: 63.797: [GC (Allocation Failure) 63.797: [ParNew: 9747K->1059K(9792K), 0.0022881 secs] 17657K->9450K(31680K), 0.0024993 secs] [Times: user=0.03 sys=0.00, real=0.00 secs] 
2014-07-10T09:58:37.692+0200: 63.838: [GC (Allocation Failure) 63.838: [ParNew: 9745K->1059K(9792K), 0.0022071 secs] 18136K->10412K(31680K), 0.0024219 secs] [Times: user=0.00 sys=0.00, real=0.00 secs] 
2014-07-10T09:58:37.742+0200: 63.888: [GC (Allocation Failure) 63.888: [ParNew: 9745K->1059K(9792K), 0.0015545 secs] 19098K->11853K(31680K), 0.0016883 secs] [Times: user=0.00 sys=0.00, real=0.00 secs] 
2014-07-10T09:58:37.747+0200: 63.894: [GC (Allocation Failure) 63.894: [ParNew: 9745K->1059K(9792K), 0.0030434 secs] 20540K->13775K(31680K), 0.0032157 secs] [Times: user=0.00 sys=0.00, real=0.00 secs] 
2014-07-10T09:58:37.793+0200: 63.940: [GC (Allocation Failure) 63.940: [ParNew: 9745K->1059K(9792K), 0.0036384 secs] 22462K->16178K(31680K), 0.0038811 secs] [Times: user=0.00 sys=0.00, real=0.00 secs] 
2014-07-10T09:58:37.844+0200: 63.991: [GC (Allocation Failure) 63.991: [ParNew: 9745K->1059K(9792K), 0.0048116 secs] 24864K->19060K(31680K), 0.0051232 secs] [Times: user=0.00 sys=0.00, real=0.01 secs] 
2014-07-10T09:58:37.857+0200: 64.003: [GC (Allocation Failure) 64.003: [ParNew: 9762K->1061K(9792K), 0.0040483 secs] 27763K->21272K(31680K), 0.0042950 secs] [Times: user=0.00 sys=0.00, real=0.00 secs] 
2014-07-10T09:58:37.892+0200: 64.038: [GC (Allocation Failure) 64.038: [ParNew: 9753K->9753K(9792K), 0.0000557 secs]64.038: [CMS2014-07-10T09:58:37.892+0200: 64.038: [CMS-concurrent-abortable-preclean: 0.006/0.441 secs] [Times: user=0.13 sys=0.00, real=0.44 secs] 
 (concurrent mode failure): 20211K->3194K(21888K), 0.0053975 secs] 29964K->3194K(31680K), [Metaspace: 2457K->2457K(1056768K)], 0.0056350 secs] [Times: user=0.00 sys=0.00, real=0.01 secs] 
2014-07-10T09:58:37.943+0200: 64.089: [GC (Allocation Failure) 64.089: [ParNew: 8686K->1059K(9792K), 0.0031907 secs] 11880K->6403K(31680K), 0.0034466 secs] [Times: user=0.00 sys=0.00, real=0.00 secs] 
2014-07-10T09:58:37.954+0200: 64.100: [GC (Allocation Failure) 64.100: [ParNew: 9745K->1059K(9792K), 0.0047320 secs] 15089K->9029K(31680K), 0.0049905 secs] [Times: user=0.00 sys=0.00, real=0.01 secs] 
2014-07-10T09:58:37.992+0200: 64.139: [GC (Allocation Failure) 64.139: [ParNew: 9745K->1059K(9792K), 0.0028292 secs] 17715K->12136K(31680K), 0.0029818 secs] [Times: user=0.00 sys=0.00, real=0.00 secs] 
2014-07-10T09:58:38.044+0200: 64.190: [GC (Allocation Failure) 64.190: [ParNew: 9745K->1059K(9792K), 0.0062414 secs] 20822K->15723K(31680K), 0.0065190 secs] [Times: user=0.00 sys=0.00, real=0.01 secs] 
2014-07-10T09:58:38.050+0200: 64.197: [GC (CMS Initial Mark) [1 CMS-initial-mark: 14663K(21888K)] 15789K(31680K), 0.0004220 secs] [Times: user=0.00 sys=0.00, real=0.00 secs] 
2014-07-10T09:58:38.051+0200: 64.197: [CMS-concurrent-mark-start]
2014-07-10T09:58:38.053+0200: 64.200: [CMS-concurrent-mark: 0.002/0.002 secs] [Times: user=0.00 sys=0.00, real=0.00 secs] 
2014-07-10T09:58:38.053+0200: 64.200: [CMS-concurrent-preclean-start]
2014-07-10T09:58:38.054+0200: 64.200: [CMS-concurrent-preclean: 0.000/0.000 secs] [Times: user=0.00 sys=0.00, real=0.00 secs] 
2014-07-10T09:58:38.054+0200: 64.200: [CMS-concurrent-abortable-preclean-start]
2014-07-10T09:58:38.057+0200: 64.204: [GC (Allocation Failure) 64.204: [ParNew: 9745K->1059K(9792K), 0.0067338 secs] 24409K->19790K(31680K), 0.0070069 secs] [Times: user=0.03 sys=0.00, real=0.01 secs] 
2014-07-10T09:58:38.066+0200: 64.213: [CMS-concurrent-abortable-preclean: 0.001/0.013 secs] [Times: user=0.03 sys=0.00, real=0.01 secs] 
2014-07-10T09:58:38.067+0200: 64.213: [GC (CMS Final Remark) [YG occupancy: 3432 K (9792 K)]64.213: [Rescan (parallel) , 0.0002764 secs]64.213: [weak refs processing, 0.0000638 secs]64.213: [class unloading, 0.0012579 secs]64.215: [scrub symbol table, 0.0015472 secs]64.216: [scrub string table, 0.0005338 secs][1 CMS-remark: 18730K(21888K)] 22163K(31680K), 0.0040941 secs] [Times: user=0.00 sys=0.00, real=0.00 secs] 
2014-07-10T09:58:38.072+0200: 64.218: [CMS-concurrent-sweep-start]
2014-07-10T09:58:38.072+0200: 64.219: [CMS-concurrent-sweep: 0.001/0.001 secs] [Times: user=0.00 sys=0.00, real=0.00 secs] 
2014-07-10T09:58:38.072+0200: 64.219: [CMS-concurrent-reset-start]
2014-07-10T09:58:38.073+0200: 64.219: [CMS-concurrent-reset: 0.000/0.000 secs] [Times: user=0.00 sys=0.00, real=0.00 secs] 
2014-07-10T09:58:38.093+0200: 64.239: [GC (Allocation Failure) 64.239: [ParNew: 9751K->1059K(9792K), 0.0032589 secs] 17880K->12711K(31680K), 0.0034349 secs] [Times: user=0.00 sys=0.00, real=0.00 secs] 
2014-07-10T09:58:38.142+0200: 64.288: [GC (Allocation Failure) 64.288: [ParNew: 9745K->1059K(9792K), 0.0038386 secs] 21397K->16715K(31680K), 0.0039728 secs] [Times: user=0.00 sys=0.00, real=0.00 secs] 
2014-07-10T09:58:38.146+0200: 64.293: [GC (CMS Initial Mark) [1 CMS-initial-mark: 15655K(21888K)] 16747K(31680K), 0.0001642 secs] [Times: user=0.00 sys=0.00, real=0.00 secs] 
2014-07-10T09:58:38.147+0200: 64.293: [CMS-concurrent-mark-start]
2014-07-10T09:58:38.147+0200: 64.294: [CMS-concurrent-mark: 0.001/0.001 secs] [Times: user=0.00 sys=0.00, real=0.00 secs] 
2014-07-10T09:58:38.147+0200: 64.294: [CMS-concurrent-preclean-start]
2014-07-10T09:58:38.147+0200: 64.294: [CMS-concurrent-preclean: 0.000/0.000 secs] [Times: user=0.00 sys=0.00, real=0.00 secs] 
2014-07-10T09:58:38.147+0200: 64.294: [CMS-concurrent-abortable-preclean-start]
2014-07-10T09:58:38.151+0200: 64.297: [GC (Allocation Failure) 64.297: [ParNew: 9745K->1059K(9792K), 0.0040930 secs] 25401K->21198K(31680K), 0.0042646 secs] [Times: user=0.03 sys=0.00, real=0.00 secs] 
2014-07-10T09:58:38.156+0200: 64.302: [CMS-concurrent-abortable-preclean: 0.001/0.009 secs] [Times: user=0.03 sys=0.00, real=0.01 secs] 
2014-07-10T09:58:38.156+0200: 64.302: [GC (CMS Final Remark) [YG occupancy: 3720 K (9792 K)]64.302: [Rescan (parallel) , 0.0001060 secs]64.303: [weak refs processing, 0.0000290 secs]64.303: [class unloading, 0.0006079 secs]64.303: [scrub symbol table, 0.0006016 secs]64.304: [scrub string table, 0.0001730 secs][1 CMS-remark: 20138K(21888K)] 23859K(31680K), 0.0016454 secs] [Times: user=0.00 sys=0.00, real=0.00 secs] 
2014-07-10T09:58:38.158+0200: 64.304: [CMS-concurrent-sweep-start]
2014-07-10T09:58:38.158+0200: 64.305: [CMS-concurrent-sweep: 0.000/0.000 secs] [Times: user=0.00 sys=0.00, real=0.00 secs] 
2014-07-10T09:58:38.158+0200: 64.305: [CMS-concurrent-reset-start]
2014-07-10T09:58:38.158+0200: 64.305: [CMS-concurrent-reset: 0.000/0.000 secs] [Times: user=0.00 sys=0.00, real=0.00 secs] 
2014-07-10T09:58:38.192+0200: 64.338: [GC (Allocation Failure) 64.339: [ParNew: 9745K->1059K(9792K), 0.0046433 secs] 18707K->14984K(31680K), 0.0047863 secs] [Times: user=0.00 sys=0.00, real=0.01 secs] 
2014-07-10T09:58:38.197+0200: 64.343: [GC (CMS Initial Mark) [1 CMS-initial-mark: 13925K(21888K)] 15050K(31680K), 0.0002009 secs] [Times: user=0.00 sys=0.00, real=0.00 secs] 
2014-07-10T09:58:38.197+0200: 64.344: [CMS-concurrent-mark-start]
2014-07-10T09:58:38.198+0200: 64.344: [CMS-concurrent-mark: 0.001/0.001 secs] [Times: user=0.00 sys=0.00, real=0.00 secs] 
2014-07-10T09:58:38.198+0200: 64.345: [CMS-concurrent-preclean-start]
2014-07-10T09:58:38.198+0200: 64.345: [CMS-concurrent-preclean: 0.000/0.000 secs] [Times: user=0.00 sys=0.00, real=0.00 secs] 
2014-07-10T09:58:38.198+0200: 64.345: [CMS-concurrent-abortable-preclean-start]
2014-07-10T09:58:38.245+0200: 64.391: [GC (Allocation Failure) 64.391: [ParNew: 9745K->1059K(9792K), 0.0084082 secs] 23670K->20428K(31680K), 0.0086876 secs] [Times: user=0.03 sys=0.00, real=0.01 secs] 
2014-07-10T09:58:38.256+0200: 64.402: [CMS-concurrent-abortable-preclean: 0.001/0.057 secs] [Times: user=0.05 sys=0.00, real=0.06 secs] 
2014-07-10T09:58:38.256+0200: 64.402: [GC (CMS Final Remark) [YG occupancy: 4297 K (9792 K)]64.402: [Rescan (parallel) , 0.0002999 secs]64.403: [weak refs processing, 0.0000642 secs]64.403: [class unloading, 0.0011043 secs]64.404: [scrub symbol table, 0.0012711 secs]64.405: [scrub string table, 0.0004447 secs][1 CMS-remark: 19368K(21888K)] 23665K(31680K), 0.0035742 secs] [Times: user=0.00 sys=0.00, real=0.00 secs] 
2014-07-10T09:58:38.260+0200: 64.406: [CMS-concurrent-sweep-start]
2014-07-10T09:58:38.261+0200: 64.407: [CMS-concurrent-sweep: 0.001/0.001 secs] [Times: user=0.03 sys=0.00, real=0.00 secs] 
2014-07-10T09:58:38.261+0200: 64.407: [CMS-concurrent-reset-start]
2014-07-10T09:58:38.261+0200: 64.408: [CMS-concurrent-reset: 0.000/0.000 secs] [Times: user=0.00 sys=0.00, real=0.00 secs] 
2014-07-10T09:58:38.264+0200: 64.410: [GC (Allocation Failure) 64.411: [ParNew: 9745K->1059K(9792K), 0.0058030 secs] 20628K->17866K(31680K), 0.0060218 secs] [Times: user=0.00 sys=0.00, real=0.01 secs] 
2014-07-10T09:58:38.271+0200: 64.417: [GC (CMS Initial Mark) [1 CMS-initial-mark: 16806K(21888K)] 17964K(31680K), 0.0002669 secs] [Times: user=0.00 sys=0.00, real=0.00 secs] 
2014-07-10T09:58:38.271+0200: 64.417: [CMS-concurrent-mark-start]
2014-07-10T09:58:38.272+0200: 64.418: [CMS-concurrent-mark: 0.001/0.001 secs] [Times: user=0.00 sys=0.00, real=0.00 secs] 
2014-07-10T09:58:38.272+0200: 64.418: [CMS-concurrent-preclean-start]
2014-07-10T09:58:38.272+0200: 64.418: [CMS-concurrent-preclean: 0.000/0.000 secs] [Times: user=0.00 sys=0.00, real=0.00 secs] 
2014-07-10T09:58:38.272+0200: 64.418: [GC (CMS Final Remark) [YG occupancy: 2278 K (9792 K)]64.419: [Rescan (parallel) , 0.0001445 secs]64.419: [weak refs processing, 0.0000352 secs]64.419: [class unloading, 0.0005551 secs]64.419: [scrub symbol table, 0.0007333 secs]64.420: [scrub string table, 0.0002302 secs][1 CMS-remark: 16806K(21888K)] 19084K(31680K), 0.0018768 secs] [Times: user=0.00 sys=0.00, real=0.00 secs] 
2014-07-10T09:58:38.274+0200: 64.420: [CMS-concurrent-sweep-start]
2014-07-10T09:58:38.275+0200: 64.421: [CMS-concurrent-sweep: 0.000/0.000 secs] [Times: user=0.00 sys=0.00, real=0.00 secs] 
2014-07-10T09:58:38.275+0200: 64.421: [CMS-concurrent-reset-start]
2014-07-10T09:58:38.275+0200: 64.421: [CMS-concurrent-reset: 0.000/0.000 secs] [Times: user=0.00 sys=0.00, real=0.00 secs] 
2014-07-10T09:58:38.294+0200: 64.440: [GC (Allocation Failure) 64.440: [ParNew: 9745K->1059K(9792K), 0.0069633 secs] 16143K->13861K(31680K), 0.0071177 secs] [Times: user=0.00 sys=0.00, real=0.01 secs] 
2014-07-10T09:58:38.302+0200: 64.448: [GC (CMS Initial Mark) [1 CMS-initial-mark: 12802K(21888K)] 14600K(31680K), 0.0002577 secs] [Times: user=0.00 sys=0.00, real=0.00 secs] 
2014-07-10T09:58:38.302+0200: 64.448: [CMS-concurrent-mark-start]
2014-07-10T09:58:38.303+0200: 64.449: [CMS-concurrent-mark: 0.001/0.001 secs] [Times: user=0.00 sys=0.00, real=0.00 secs] 
2014-07-10T09:58:38.303+0200: 64.449: [CMS-concurrent-preclean-start]
2014-07-10T09:58:38.303+0200: 64.449: [CMS-concurrent-preclean: 0.000/0.000 secs] [Times: user=0.00 sys=0.00, real=0.00 secs] 
2014-07-10T09:58:38.303+0200: 64.450: [GC (CMS Final Remark) [YG occupancy: 1797 K (9792 K)]64.450: [Rescan (parallel) , 0.0214238 secs]64.471: [weak refs processing, 0.0000436 secs]64.471: [class unloading, 0.0007109 secs]64.472: [scrub symbol table, 0.0006189 secs]64.473: [scrub string table, 0.0001800 secs][1 CMS-remark: 12802K(21888K)] 14600K(31680K), 0.0231861 secs] [Times: user=0.03 sys=0.00, real=0.02 secs] 
2014-07-10T09:58:38.327+0200: 64.473: [CMS-concurrent-sweep-start]
2014-07-10T09:58:38.327+0200: 64.473: [CMS-concurrent-sweep: 0.000/0.000 secs] [Times: user=0.00 sys=0.00, real=0.00 secs] 
2014-07-10T09:58:38.327+0200: 64.473: [CMS-concurrent-reset-start]
2014-07-10T09:58:38.327+0200: 64.473: [CMS-concurrent-reset: 0.000/0.000 secs] [Times: user=0.00 sys=0.00, real=0.00 secs] 
2014-07-10T09:58:38.345+0200: 64.490: [GC (Allocation Failure) 64.490: [ParNew: 9745K->1059K(9792K), 0.0069982 secs] 10221K->8419K(31680K), 0.0071675 secs] [Times: user=0.00 sys=0.00, real=0.01 secs] 
2014-07-10T09:58:38.352+0200: 64.498: [GC (CMS Initial Mark) [1 CMS-initial-mark: 7359K(21888K)] 8451K(31680K), 0.0001840 secs] [Times: user=0.00 sys=0.00, real=0.00 secs] 
2014-07-10T09:58:38.353+0200: 64.498: [CMS-concurrent-mark-start]
2014-07-10T09:58:38.353+0200: 64.499: [CMS-concurrent-mark: 0.001/0.001 secs] [Times: user=0.00 sys=0.00, real=0.00 secs] 
2014-07-10T09:58:38.354+0200: 64.499: [CMS-concurrent-preclean-start]
2014-07-10T09:58:38.354+0200: 64.499: [CMS-concurrent-preclean: 0.000/0.000 secs] [Times: user=0.00 sys=0.00, real=0.00 secs] 
2014-07-10T09:58:38.354+0200: 64.499: [CMS-concurrent-abortable-preclean-start]
2014-07-10T09:58:38.356+0200: 64.502: [GC (Allocation Failure) 64.502: [ParNew: 9760K->239K(9792K), 0.0007530 secs] 17120K->7600K(31680K), 0.0008935 secs] [Times: user=0.00 sys=0.00, real=0.00 secs] 
2014-07-10T09:58:38.394+0200: 64.539: [GC (Allocation Failure) 64.539: [ParNew: 8922K->1061K(9792K), 0.0057722 secs] 16282K->14729K(31680K), 0.0059287 secs] [Times: user=0.00 sys=0.00, real=0.01 secs] 
2014-07-10T09:58:38.449+0200: 64.595: [GC (Allocation Failure) 64.595: [ParNew: 9747K->9747K(9792K), 0.0000447 secs]64.595: [CMS2014-07-10T09:58:38.450+0200: 64.595: [CMS-concurrent-abortable-preclean: 0.001/0.096 secs] [Times: user=0.01 sys=0.02, real=0.10 secs] 
 (concurrent mode failure): 13667K->8317K(21888K), 0.0101097 secs] 23415K->8317K(31680K), [Metaspace: 2457K->2457K(1056768K)], 0.0103315 secs] [Times: user=0.00 sys=0.02, real=0.01 secs] 
2014-07-10T09:58:38.491+0200: 64.636: [GC (Allocation Failure) 64.636: [ParNew: 8688K->133K(9792K), 0.0003894 secs] 17005K->8450K(31680K), 0.0004711 secs] [Times: user=0.00 sys=0.00, real=0.00 secs] 
2014-07-10T09:58:38.541+0200: 64.686: [GC (Allocation Failure) 64.686: [ParNew: 8819K->613K(9792K), 0.0005881 secs] 17136K->8930K(31680K), 0.0006856 secs] [Times: user=0.00 sys=0.00, real=0.00 secs] 
2014-07-10T09:58:38.547+0200: 64.692: [GC (Allocation Failure) 64.692: [ParNew: 9299K->1059K(9792K), 0.0009752 secs] 17616K->9416K(31680K), 0.0010896 secs] [Times: user=0.00 sys=0.00, real=0.00 secs] 
2014-07-10T09:58:38.591+0200: 64.737: [GC (Allocation Failure) 64.737: [ParNew: 9745K->1059K(9792K), 0.0010716 secs] 18102K->9929K(31680K), 0.0011860 secs] [Times: user=0.00 sys=0.00, real=0.00 secs] 
2014-07-10T09:58:38.641+0200: 64.786: [GC (Allocation Failure) 64.786: [ParNew: 9757K->517K(9792K), 0.0005008 secs] 18626K->9388K(31680K), 0.0005829 secs] [Times: user=0.00 sys=0.00, real=0.00 secs] 
2014-07-10T09:58:38.644+0200: 64.790: [GC (Allocation Failure) 64.790: [ParNew: 9203K->997K(9792K), 0.0010940 secs] 18074K->9868K(31680K), 0.0012231 secs] [Times: user=0.00 sys=0.00, real=0.00 secs] 
2014-07-10T09:58:38.692+0200: 64.837: [GC (Allocation Failure) 64.837: [ParNew: 9683K->1059K(9792K), 0.0020161 secs] 18554K->10349K(31680K), 0.0022207 secs] [Times: user=0.00 sys=0.00, real=0.00 secs] 
2014-07-10T09:58:38.741+0200: 64.887: [GC (Allocation Failure) 64.887: [ParNew: 9745K->1059K(9792K), 0.0012645 secs] 19036K->11247K(31680K), 0.0013844 secs] [Times: user=0.00 sys=0.00, real=0.00 secs] 
2014-07-10T09:58:38.747+0200: 64.892: [GC (Allocation Failure) 64.892: [ParNew: 9745K->1059K(9792K), 0.0018621 secs] 19933K->12625K(31680K), 0.0020117 secs] [Times: user=0.00 sys=0.00, real=0.00 secs] 
2014-07-10T09:58:38.792+0200: 64.937: [GC (Allocation Failure) 64.937: [ParNew: 9745K->1059K(9792K), 0.0016769 secs] 21311K->14483K(31680K), 0.0018148 secs] [Times: user=0.03 sys=0.00, real=0.00 secs] 
2014-07-10T09:58:38.843+0200: 64.988: [GC (Allocation Failure) 64.988: [ParNew: 9745K->1059K(9792K), 0.0034822 secs] 23169K->16821K(31680K), 0.0037403 secs] [Times: user=0.00 sys=0.00, real=0.00 secs] 
2014-07-10T09:58:38.847+0200: 64.992: [GC (CMS Initial Mark) [1 CMS-initial-mark: 15761K(21888K)] 16887K(31680K), 0.0004150 secs] [Times: user=0.00 sys=0.00, real=0.00 secs] 
2014-07-10T09:58:38.848+0200: 64.993: [CMS-concurrent-mark-start]
2014-07-10T09:58:38.850+0200: 64.995: [CMS-concurrent-mark: 0.002/0.002 secs] [Times: user=0.00 sys=0.00, real=0.00 secs] 
2014-07-10T09:58:38.850+0200: 64.995: [CMS-concurrent-preclean-start]
2014-07-10T09:58:38.850+0200: 64.996: [CMS-concurrent-preclean: 0.000/0.000 secs] [Times: user=0.00 sys=0.00, real=0.00 secs] 
2014-07-10T09:58:38.850+0200: 64.996: [CMS-concurrent-abortable-preclean-start]
2014-07-10T09:58:38.855+0200: 65.001: [GC (Allocation Failure) 65.001: [ParNew: 9745K->1059K(9792K), 0.0048318 secs] 25507K->19639K(31680K), 0.0051225 secs] [Times: user=0.00 sys=0.00, real=0.01 secs] 
2014-07-10T09:58:38.891+0200: 65.037: [GC (Allocation Failure) 65.037: [ParNew: 9761K->9761K(9792K), 0.0000587 secs]65.037: [CMS2014-07-10T09:58:38.892+0200: 65.037: [CMS-concurrent-abortable-preclean: 0.001/0.041 secs] [Times: user=0.02 sys=0.00, real=0.04 secs] 
 (concurrent mode failure): 18580K->3163K(21888K), 0.0053513 secs] 28342K->3163K(31680K), [Metaspace: 2457K->2457K(1056768K)], 0.0056028 secs] [Times: user=0.00 sys=0.00, real=0.01 secs] 
2014-07-10T09:58:38.942+0200: 65.087: [GC (Allocation Failure) 65.087: [ParNew: 8686K->1059K(9792K), 0.0018955 secs] 11850K->6340K(31680K), 0.0020527 secs] [Times: user=0.00 sys=0.00, real=0.00 secs] 
2014-07-10T09:58:38.948+0200: 65.094: [GC (Allocation Failure) 65.094: [ParNew: 9745K->1059K(9792K), 0.0030573 secs] 15026K->8934K(31680K), 0.0032399 secs] [Times: user=0.03 sys=0.00, real=0.00 secs] 
2014-07-10T09:58:38.993+0200: 65.138: [GC (Allocation Failure) 65.139: [ParNew: 9745K->1059K(9792K), 0.0050264 secs] 17621K->12009K(31680K), 0.0053725 secs] [Times: user=0.03 sys=0.00, real=0.01 secs] 
2014-07-10T09:58:39.044+0200: 65.189: [GC (Allocation Failure) 65.189: [ParNew: 9745K->1059K(9792K), 0.0056174 secs] 20695K->15564K(31680K), 0.0058873 secs] [Times: user=0.00 sys=0.00, real=0.01 secs] 
2014-07-10T09:58:39.050+0200: 65.195: [GC (CMS Initial Mark) [1 CMS-initial-mark: 14504K(21888K)] 15630K(31680K), 0.0004180 secs] [Times: user=0.00 sys=0.00, real=0.00 secs] 
2014-07-10T09:58:39.051+0200: 65.196: [CMS-concurrent-mark-start]
2014-07-10T09:58:39.053+0200: 65.198: [CMS-concurrent-mark: 0.002/0.002 secs] [Times: user=0.00 sys=0.00, real=0.00 secs] 
2014-07-10T09:58:39.053+0200: 65.198: [CMS-concurrent-preclean-start]
2014-07-10T09:58:39.053+0200: 65.198: [CMS-concurrent-preclean: 0.000/0.000 secs] [Times: user=0.00 sys=0.00, real=0.00 secs] 
2014-07-10T09:58:39.053+0200: 65.198: [CMS-concurrent-abortable-preclean-start]
2014-07-10T09:58:39.057+0200: 65.203: [GC (Allocation Failure) 65.203: [ParNew: 9745K->1059K(9792K), 0.0068636 secs] 24250K->19599K(31680K), 0.0071210 secs] [Times: user=0.03 sys=0.00, real=0.01 secs] 
2014-07-10T09:58:39.066+0200: 65.212: [CMS-concurrent-abortable-preclean: 0.001/0.013 secs] [Times: user=0.03 sys=0.00, real=0.01 secs] 
2014-07-10T09:58:39.067+0200: 65.212: [GC (CMS Final Remark) [YG occupancy: 3912 K (9792 K)]65.212: [Rescan (parallel) , 0.0002812 secs]65.212: [weak refs processing, 0.0000638 secs]65.212: [class unloading, 0.0014434 secs]65.214: [scrub symbol table, 0.0012729 secs]65.215: [scrub string table, 0.0004414 secs][1 CMS-remark: 18539K(21888K)] 22452K(31680K), 0.0038595 secs] [Times: user=0.00 sys=0.00, real=0.00 secs] 
2014-07-10T09:58:39.071+0200: 65.216: [CMS-concurrent-sweep-start]
2014-07-10T09:58:39.071+0200: 65.217: [CMS-concurrent-sweep: 0.001/0.001 secs] [Times: user=0.00 sys=0.00, real=0.00 secs] 
2014-07-10T09:58:39.072+0200: 65.217: [CMS-concurrent-reset-start]
2014-07-10T09:58:39.072+0200: 65.217: [CMS-concurrent-reset: 0.000/0.000 secs] [Times: user=0.00 sys=0.00, real=0.00 secs] 
2014-07-10T09:58:39.092+0200: 65.238: [GC (Allocation Failure) 65.238: [ParNew: 9745K->1059K(9792K), 0.0045876 secs] 17812K->13641K(31680K), 0.0047397 secs] [Times: user=0.00 sys=0.00, real=0.00 secs] 
2014-07-10T09:58:39.097+0200: 65.243: [GC (CMS Initial Mark) [1 CMS-initial-mark: 12581K(21888K)] 13707K(31680K), 0.0002698 secs] [Times: user=0.00 sys=0.00, real=0.00 secs] 
2014-07-10T09:58:39.098+0200: 65.243: [CMS-concurrent-mark-start]
2014-07-10T09:58:39.099+0200: 65.244: [CMS-concurrent-mark: 0.001/0.001 secs] [Times: user=0.00 sys=0.00, real=0.00 secs] 
2014-07-10T09:58:39.099+0200: 65.244: [CMS-concurrent-preclean-start]
2014-07-10T09:58:39.099+0200: 65.244: [CMS-concurrent-preclean: 0.000/0.000 secs] [Times: user=0.00 sys=0.00, real=0.00 secs] 
2014-07-10T09:58:39.099+0200: 65.244: [CMS-concurrent-abortable-preclean-start]
2014-07-10T09:58:39.143+0200: 65.289: [GC (Allocation Failure) 65.289: [ParNew: 9751K->1061K(9792K), 0.0038433 secs] 22332K->17614K(31680K), 0.0040857 secs] [Times: user=0.00 sys=0.00, real=0.00 secs] 
2014-07-10T09:58:39.162+0200: 65.307: [GC (Allocation Failure) 65.307: [ParNew: 9747K->1059K(9792K), 0.0043878 secs] 26300K->22063K(31680K), 0.0045638 secs] [Times: user=0.00 sys=0.01, real=0.01 secs] 
2014-07-10T09:58:39.167+0200: 65.312: [CMS-concurrent-abortable-preclean: 0.002/0.068 secs] [Times: user=0.00 sys=0.01, real=0.07 secs] 
2014-07-10T09:58:39.176+0200: 65.321: [GC (CMS Final Remark) [YG occupancy: 3752 K (9792 K)]65.321: [Rescan (parallel) , 0.0001657 secs]65.321: [weak refs processing, 0.0000279 secs]65.321: [class unloading, 0.0005345 secs]65.322: [scrub symbol table, 0.0005917 secs]65.322: [scrub string table, 0.0001778 secs][1 CMS-remark: 21004K(21888K)] 24757K(31680K), 0.0016505 secs] [Times: user=0.00 sys=0.00, real=0.00 secs] 
2014-07-10T09:58:39.177+0200: 65.323: [CMS-concurrent-sweep-start]
2014-07-10T09:58:39.178+0200: 65.323: [CMS-concurrent-sweep: 0.000/0.000 secs] [Times: user=0.00 sys=0.00, real=0.00 secs] 
2014-07-10T09:58:39.178+0200: 65.323: [CMS-concurrent-reset-start]
2014-07-10T09:58:39.178+0200: 65.323: [CMS-concurrent-reset: 0.000/0.000 secs] [Times: user=0.00 sys=0.00, real=0.00 secs] 
2014-07-10T09:58:39.192+0200: 65.337: [GC (Allocation Failure) 65.338: [ParNew: 9745K->1059K(9792K), 0.0046591 secs] 23160K->19405K(31680K), 0.0048098 secs] [Times: user=0.00 sys=0.00, real=0.01 secs] 
2014-07-10T09:58:39.197+0200: 65.342: [GC (CMS Initial Mark) [1 CMS-initial-mark: 18346K(21888K)] 19437K(31680K), 0.0001848 secs] [Times: user=0.00 sys=0.00, real=0.00 secs] 
2014-07-10T09:58:39.197+0200: 65.343: [CMS-concurrent-mark-start]
2014-07-10T09:58:39.198+0200: 65.344: [CMS-concurrent-mark: 0.001/0.001 secs] [Times: user=0.03 sys=0.00, real=0.00 secs] 
2014-07-10T09:58:39.198+0200: 65.344: [CMS-concurrent-preclean-start]
2014-07-10T09:58:39.199+0200: 65.344: [CMS-concurrent-preclean: 0.000/0.000 secs] [Times: user=0.00 sys=0.00, real=0.00 secs] 
2014-07-10T09:58:39.199+0200: 65.344: [CMS-concurrent-abortable-preclean-start]
2014-07-10T09:58:39.244+0200: 65.390: [GC (Allocation Failure) 65.390: [ParNew: 9745K->9745K(9792K), 0.0001074 secs]65.390: [CMS2014-07-10T09:58:39.245+0200: 65.390: [CMS-concurrent-abortable-preclean: 0.000/0.046 secs] [Times: user=0.00 sys=0.02, real=0.05 secs] 
 (concurrent mode failure): 18346K->6941K(21888K), 0.0141701 secs] 28091K->6941K(31680K), [Metaspace: 2457K->2457K(1056768K)], 0.0146691 secs] [Times: user=0.00 sys=0.02, real=0.02 secs] 
2014-07-10T09:58:39.267+0200: 65.412: [GC (Allocation Failure) 65.412: [ParNew: 8686K->1059K(9792K), 0.0084397 secs] 15627K->13896K(31680K), 0.0087063 secs] [Times: user=0.01 sys=0.00, real=0.01 secs] 
2014-07-10T09:58:39.276+0200: 65.421: [GC (CMS Initial Mark) [1 CMS-initial-mark: 12836K(21888K)] 13962K(31680K), 0.0004345 secs] [Times: user=0.00 sys=0.00, real=0.00 secs] 
2014-07-10T09:58:39.277+0200: 65.422: [CMS-concurrent-mark-start]
2014-07-10T09:58:39.279+0200: 65.424: [CMS-concurrent-mark: 0.002/0.002 secs] [Times: user=0.00 sys=0.00, real=0.00 secs] 
2014-07-10T09:58:39.279+0200: 65.424: [CMS-concurrent-preclean-start]
2014-07-10T09:58:39.279+0200: 65.424: [CMS-concurrent-preclean: 0.000/0.000 secs] [Times: user=0.00 sys=0.00, real=0.00 secs] 
2014-07-10T09:58:39.279+0200: 65.425: [GC (CMS Final Remark) [YG occupancy: 2310 K (9792 K)]65.425: [Rescan (parallel) , 0.0002522 secs]65.425: [weak refs processing, 0.0000590 secs]65.425: [class unloading, 0.0009811 secs]65.426: [scrub symbol table, 0.0014020 secs]65.428: [scrub string table, 0.0005140 secs][1 CMS-remark: 12836K(21888K)] 15146K(31680K), 0.0036076 secs] [Times: user=0.00 sys=0.00, real=0.00 secs] 
2014-07-10T09:58:39.283+0200: 65.429: [CMS-concurrent-sweep-start]
2014-07-10T09:58:39.284+0200: 65.430: [CMS-concurrent-sweep: 0.001/0.001 secs] [Times: user=0.00 sys=0.00, real=0.00 secs] 
2014-07-10T09:58:39.284+0200: 65.430: [CMS-concurrent-reset-start]
2014-07-10T09:58:39.285+0200: 65.430: [CMS-concurrent-reset: 0.000/0.000 secs] [Times: user=0.00 sys=0.00, real=0.00 secs] 
2014-07-10T09:58:39.294+0200: 65.439: [GC (Allocation Failure) 65.439: [ParNew: 9745K->1059K(9792K), 0.0247168 secs] 16113K->13799K(31680K), 0.0248682 secs] [Times: user=0.02 sys=0.00, real=0.02 secs] 
2014-07-10T09:58:39.319+0200: 65.464: [GC (CMS Initial Mark) [1 CMS-initial-mark: 12739K(21888K)] 14569K(31680K), 0.0001950 secs] [Times: user=0.00 sys=0.00, real=0.00 secs] 
2014-07-10T09:58:39.319+0200: 65.465: [CMS-concurrent-mark-start]
2014-07-10T09:58:39.320+0200: 65.465: [CMS-concurrent-mark: 0.001/0.001 secs] [Times: user=0.00 sys=0.00, real=0.00 secs] 
2014-07-10T09:58:39.320+0200: 65.465: [CMS-concurrent-preclean-start]
2014-07-10T09:58:39.320+0200: 65.465: [CMS-concurrent-preclean: 0.000/0.000 secs] [Times: user=0.00 sys=0.00, real=0.00 secs] 
2014-07-10T09:58:39.320+0200: 65.465: [GC (CMS Final Remark) [YG occupancy: 1829 K (9792 K)]65.465: [Rescan (parallel) , 0.0001532 secs]65.466: [weak refs processing, 0.0000260 secs]65.466: [class unloading, 0.0004392 secs]65.466: [scrub symbol table, 0.0005815 secs]65.467: [scrub string table, 0.0001822 secs][1 CMS-remark: 12739K(21888K)] 14569K(31680K), 0.0015017 secs] [Times: user=0.00 sys=0.00, real=0.00 secs] 
2014-07-10T09:58:39.322+0200: 65.467: [CMS-concurrent-sweep-start]
2014-07-10T09:58:39.322+0200: 65.467: [CMS-concurrent-sweep: 0.000/0.000 secs] [Times: user=0.00 sys=0.00, real=0.00 secs] 
2014-07-10T09:58:39.322+0200: 65.467: [CMS-concurrent-reset-start]
2014-07-10T09:58:39.322+0200: 65.467: [CMS-concurrent-reset: 0.000/0.000 secs] [Times: user=0.00 sys=0.00, real=0.00 secs] 
2014-07-10T09:58:39.344+0200: 65.489: [GC (Allocation Failure) 65.489: [ParNew: 9745K->1059K(9792K), 0.0216346 secs] 10222K->8388K(31680K), 0.0217750 secs] [Times: user=0.01 sys=0.00, real=0.02 secs] 
2014-07-10T09:58:39.370+0200: 65.515: [GC (Allocation Failure) 65.515: [ParNew: 9762K->1059K(9792K), 0.0243395 secs] 17091K->13672K(31680K), 0.0244767 secs] [Times: user=0.00 sys=0.00, real=0.03 secs] 
2014-07-10T09:58:39.415+0200: 65.561: [GC (Allocation Failure) 65.561: [ParNew: 9745K->1059K(9792K), 0.0059822 secs] 22358K->19437K(31680K), 0.0061457 secs] [Times: user=0.02 sys=0.00, real=0.01 secs] 
2014-07-10T09:58:39.422+0200: 65.568: [GC (CMS Initial Mark) [1 CMS-initial-mark: 18378K(21888K)] 20816K(31680K), 0.0003054 secs] [Times: user=0.00 sys=0.00, real=0.00 secs] 
2014-07-10T09:58:39.423+0200: 65.568: [CMS-concurrent-mark-start]
2014-07-10T09:58:39.423+0200: 65.569: [CMS-concurrent-mark: 0.001/0.001 secs] [Times: user=0.00 sys=0.00, real=0.00 secs] 
2014-07-10T09:58:39.423+0200: 65.569: [CMS-concurrent-preclean-start]
2014-07-10T09:58:39.423+0200: 65.569: [CMS-concurrent-preclean: 0.000/0.000 secs] [Times: user=0.00 sys=0.00, real=0.00 secs] 
2014-07-10T09:58:39.424+0200: 65.569: [GC (CMS Final Remark) [YG occupancy: 2438 K (9792 K)]65.569: [Rescan (parallel) , 0.0001844 secs]65.570: [weak refs processing, 0.0000279 secs]65.570: [class unloading, 0.0004326 secs]65.570: [scrub symbol table, 0.0006064 secs]65.571: [scrub string table, 0.0001708 secs][1 CMS-remark: 18378K(21888K)] 20816K(31680K), 0.0015479 secs] [Times: user=0.00 sys=0.00, real=0.00 secs] 
2014-07-10T09:58:39.426+0200: 65.571: [CMS-concurrent-sweep-start]
2014-07-10T09:58:39.426+0200: 65.571: [CMS-concurrent-sweep: 0.000/0.000 secs] [Times: user=0.00 sys=0.00, real=0.00 secs] 
2014-07-10T09:58:39.426+0200: 65.571: [CMS-concurrent-reset-start]
2014-07-10T09:58:39.426+0200: 65.572: [CMS-concurrent-reset: 0.000/0.000 secs] [Times: user=0.00 sys=0.00, real=0.00 secs] 
2014-07-10T09:58:39.444+0200: 65.590: [GC (Allocation Failure) 65.590: [ParNew: 9745K->1059K(9792K), 0.0067342 secs] 10222K->7780K(31680K), 0.0069039 secs] [Times: user=0.02 sys=0.00, real=0.01 secs] 
2014-07-10T09:58:39.451+0200: 65.597: [GC (CMS Initial Mark) [1 CMS-initial-mark: 6721K(21888K)] 7812K(31680K), 0.0001789 secs] [Times: user=0.00 sys=0.00, real=0.00 secs] 
2014-07-10T09:58:39.452+0200: 65.597: [CMS-concurrent-mark-start]
2014-07-10T09:58:39.452+0200: 65.598: [CMS-concurrent-mark: 0.001/0.001 secs] [Times: user=0.00 sys=0.00, real=0.00 secs] 
2014-07-10T09:58:39.452+0200: 65.598: [CMS-concurrent-preclean-start]
2014-07-10T09:58:39.452+0200: 65.598: [CMS-concurrent-preclean: 0.000/0.000 secs] [Times: user=0.00 sys=0.00, real=0.00 secs] 
2014-07-10T09:58:39.452+0200: 65.598: [CMS-concurrent-abortable-preclean-start]
2014-07-10T09:58:39.455+0200: 65.600: [GC (Allocation Failure) 65.600: [ParNew: 9745K->1059K(9792K), 0.0057564 secs] 16466K->14505K(31680K), 0.0058847 secs] [Times: user=0.00 sys=0.00, real=0.01 secs] 
2014-07-10T09:58:39.541+0200: 65.686: [GC (Allocation Failure) 65.686: [ParNew: 9747K->67K(9792K), 0.0053480 secs] 23193K->13513K(31680K), 0.0054349 secs] [Times: user=0.02 sys=0.00, real=0.01 secs] 
2014-07-10T09:58:39.550+0200: 65.695: [GC (Allocation Failure) 65.695: [ParNew: 8753K->8753K(9792K), 0.0000458 secs]65.695: [CMS2014-07-10T09:58:39.550+0200: 65.695: [CMS-concurrent-abortable-preclean: 0.001/0.098 secs] [Times: user=0.02 sys=0.00, real=0.10 secs] 
 (concurrent mode failure): 13446K->1019K(21888K), 0.0032307 secs] 22199K->1019K(31680K), [Metaspace: 2457K->2457K(1056768K)], 0.0034195 secs] [Times: user=0.00 sys=0.00, real=0.00 secs] 
2014-07-10T09:58:39.591+0200: 65.737: [GC (Allocation Failure) 65.737: [ParNew: 8686K->1027K(9792K), 0.0014936 secs] 9705K->2046K(31680K), 0.0017143 secs] [Times: user=0.00 sys=0.00, real=0.00 secs] 
2014-07-10T09:58:39.641+0200: 65.787: [GC (Allocation Failure) 65.787: [ParNew: 9719K->485K(9792K), 0.0012066 secs] 10738K->1509K(31680K), 0.0013884 secs] [Times: user=0.00 sys=0.00, real=0.00 secs] 
2014-07-10T09:58:39.650+0200: 65.795: [GC (Allocation Failure) 65.795: [ParNew: 9171K->965K(9792K), 0.0023930 secs] 10195K->1989K(31680K), 0.0025554 secs] [Times: user=0.03 sys=0.00, real=0.00 secs] 
2014-07-10T09:58:39.691+0200: 65.837: [GC (Allocation Failure) 65.837: [ParNew: 9651K->1059K(9792K), 0.0011805 secs] 10676K->2470K(31680K), 0.0013210 secs] [Times: user=0.00 sys=0.00, real=0.00 secs] 
2014-07-10T09:58:39.742+0200: 65.887: [GC (Allocation Failure) 65.887: [ParNew: 9745K->1059K(9792K), 0.0020751 secs] 11157K->3336K(31680K), 0.0022544 secs] [Times: user=0.03 sys=0.00, real=0.00 secs] 
2014-07-10T09:58:39.751+0200: 65.897: [GC (Allocation Failure) 65.897: [ParNew: 9745K->1059K(9792K), 0.0032619 secs] 12022K->4682K(31680K), 0.0035585 secs] [Times: user=0.00 sys=0.00, real=0.00 secs] 
2014-07-10T09:58:39.792+0200: 65.938: [GC (Allocation Failure) 65.938: [ParNew: 9745K->1059K(9792K), 0.0016406 secs] 13368K->6508K(31680K), 0.0017822 secs] [Times: user=0.00 sys=0.00, real=0.00 secs] 
2014-07-10T09:58:39.843+0200: 65.988: [GC (Allocation Failure) 65.988: [ParNew: 9745K->1059K(9792K), 0.0034283 secs] 15194K->8814K(31680K), 0.0037128 secs] [Times: user=0.00 sys=0.00, real=0.00 secs] 
2014-07-10T09:58:39.854+0200: 65.999: [GC (Allocation Failure) 65.999: [ParNew: 9745K->1059K(9792K), 0.0050279 secs] 17500K->11600K(31680K), 0.0053164 secs] [Times: user=0.00 sys=0.00, real=0.00 secs] 
2014-07-10T09:58:39.892+0200: 66.037: [GC (Allocation Failure) 66.037: [ParNew: 9762K->1059K(9792K), 0.0016663 secs] 20304K->13202K(31680K), 0.0018056 secs] [Times: user=0.00 sys=0.00, real=0.00 secs] 
2014-07-10T09:58:39.942+0200: 66.087: [GC (Allocation Failure) 66.087: [ParNew: 9745K->1059K(9792K), 0.0018262 secs] 21888K->15286K(31680K), 0.0019688 secs] [Times: user=0.00 sys=0.00, real=0.00 secs] 
2014-07-10T09:58:39.948+0200: 66.094: [GC (Allocation Failure) 66.094: [ParNew: 9745K->1059K(9792K), 0.0030951 secs] 23972K->17848K(31680K), 0.0032901 secs] [Times: user=0.00 sys=0.00, real=0.00 secs] 
2014-07-10T09:58:39.952+0200: 66.097: [GC (CMS Initial Mark) [1 CMS-initial-mark: 16789K(21888K)] 17914K(31680K), 0.0002306 secs] [Times: user=0.00 sys=0.00, real=0.00 secs] 
2014-07-10T09:58:39.952+0200: 66.098: [CMS-concurrent-mark-start]
2014-07-10T09:58:39.954+0200: 66.099: [CMS-concurrent-mark: 0.001/0.001 secs] [Times: user=0.00 sys=0.00, real=0.00 secs] 
2014-07-10T09:58:39.954+0200: 66.099: [CMS-concurrent-preclean-start]
2014-07-10T09:58:39.954+0200: 66.099: [CMS-concurrent-preclean: 0.000/0.000 secs] [Times: user=0.00 sys=0.00, real=0.00 secs] 
2014-07-10T09:58:39.954+0200: 66.099: [CMS-concurrent-abortable-preclean-start]
2014-07-10T09:58:39.992+0200: 66.138: [GC (Allocation Failure) 66.138: [ParNew: 9745K->1059K(9792K), 0.0027171 secs] 26534K->20891K(31680K), 0.0028725 secs] [Times: user=0.03 sys=0.00, real=0.00 secs] 
2014-07-10T09:58:39.996+0200: 66.142: [CMS-concurrent-abortable-preclean: 0.001/0.043 secs] [Times: user=0.03 sys=0.00, real=0.04 secs] 
2014-07-10T09:58:39.997+0200: 66.142: [GC (CMS Final Remark) [YG occupancy: 3560 K (9792 K)]66.142: [Rescan (parallel) , 0.0001694 secs]66.142: [weak refs processing, 0.0000378 secs]66.142: [class unloading, 0.0006123 secs]66.143: [scrub symbol table, 0.0007443 secs]66.144: [scrub string table, 0.0002332 secs][1 CMS-remark: 19831K(21888K)] 23392K(31680K), 0.0019937 secs] [Times: user=0.00 sys=0.00, real=0.00 secs] 
2014-07-10T09:58:39.999+0200: 66.144: [CMS-concurrent-sweep-start]
2014-07-10T09:58:39.999+0200: 66.145: [CMS-concurrent-sweep: 0.001/0.001 secs] [Times: user=0.00 sys=0.00, real=0.00 secs] 
2014-07-10T09:58:39.999+0200: 66.145: [CMS-concurrent-reset-start]
2014-07-10T09:58:39.999+0200: 66.145: [CMS-concurrent-reset: 0.000/0.000 secs] [Times: user=0.00 sys=0.00, real=0.00 secs] 
2014-07-10T09:58:40.044+0200: 66.189: [GC (Allocation Failure) 66.190: [ParNew: 9745K->1059K(9792K), 0.0056746 secs] 15828K->10664K(31680K), 0.0059327 secs] [Times: user=0.00 sys=0.00, real=0.01 secs] 
2014-07-10T09:58:40.057+0200: 66.202: [GC (Allocation Failure) 66.202: [ParNew: 9745K->1059K(9792K), 0.0068104 secs] 19351K->14667K(31680K), 0.0070766 secs] [Times: user=0.00 sys=0.00, real=0.01 secs] 
2014-07-10T09:58:40.064+0200: 66.210: [GC (CMS Initial Mark) [1 CMS-initial-mark: 13608K(21888K)] 14733K(31680K), 0.0006181 secs] [Times: user=0.00 sys=0.00, real=0.00 secs] 
2014-07-10T09:58:40.065+0200: 66.211: [CMS-concurrent-mark-start]
2014-07-10T09:58:40.067+0200: 66.213: [CMS-concurrent-mark: 0.002/0.002 secs] [Times: user=0.00 sys=0.00, real=0.00 secs] 
2014-07-10T09:58:40.067+0200: 66.213: [CMS-concurrent-preclean-start]
2014-07-10T09:58:40.068+0200: 66.213: [CMS-concurrent-preclean: 0.000/0.000 secs] [Times: user=0.00 sys=0.00, real=0.00 secs] 
2014-07-10T09:58:40.068+0200: 66.213: [CMS-concurrent-abortable-preclean-start]
2014-07-10T09:58:40.093+0200: 66.238: [GC (Allocation Failure) 66.238: [ParNew: 9745K->1059K(9792K), 0.0042642 secs] 23354K->19151K(31680K), 0.0044200 secs] [Times: user=0.00 sys=0.00, real=0.00 secs] 
2014-07-10T09:58:40.099+0200: 66.244: [CMS-concurrent-abortable-preclean: 0.001/0.031 secs] [Times: user=0.00 sys=0.00, real=0.03 secs] 
2014-07-10T09:58:40.099+0200: 66.244: [GC (CMS Final Remark) [YG occupancy: 4590 K (9792 K)]66.244: [Rescan (parallel) , 0.0001958 secs]66.245: [weak refs processing, 0.0000400 secs]66.245: [class unloading, 0.0007380 secs]66.245: [scrub symbol table, 0.0007435 secs]66.246: [scrub string table, 0.0003952 secs][1 CMS-remark: 18091K(21888K)] 22682K(31680K), 0.0023130 secs] [Times: user=0.00 sys=0.00, real=0.00 secs] 
2014-07-10T09:58:40.101+0200: 66.247: [CMS-concurrent-sweep-start]
2014-07-10T09:58:40.102+0200: 66.247: [CMS-concurrent-sweep: 0.000/0.000 secs] [Times: user=0.00 sys=0.00, real=0.00 secs] 
2014-07-10T09:58:40.102+0200: 66.247: [CMS-concurrent-reset-start]
2014-07-10T09:58:40.102+0200: 66.247: [CMS-concurrent-reset: 0.000/0.000 secs] [Times: user=0.00 sys=0.00, real=0.00 secs] 
2014-07-10T09:58:40.142+0200: 66.287: [GC (Allocation Failure) 66.287: [ParNew: 9757K->1061K(9792K), 0.0034481 secs] 18720K->13452K(31680K), 0.0036179 secs] [Times: user=0.00 sys=0.00, real=0.00 secs] 
2014-07-10T09:58:40.146+0200: 66.291: [GC (CMS Initial Mark) [1 CMS-initial-mark: 12390K(21888K)] 13870K(31680K), 0.0002137 secs] [Times: user=0.00 sys=0.00, real=0.00 secs] 
2014-07-10T09:58:40.146+0200: 66.292: [CMS-concurrent-mark-start]
2014-07-10T09:58:40.148+0200: 66.293: [CMS-concurrent-mark: 0.001/0.001 secs] [Times: user=0.00 sys=0.00, real=0.00 secs] 
2014-07-10T09:58:40.148+0200: 66.293: [CMS-concurrent-preclean-start]
2014-07-10T09:58:40.148+0200: 66.293: [CMS-concurrent-preclean: 0.000/0.000 secs] [Times: user=0.00 sys=0.00, real=0.00 secs] 
2014-07-10T09:58:40.148+0200: 66.293: [CMS-concurrent-abortable-preclean-start]
2014-07-10T09:58:40.151+0200: 66.296: [GC (Allocation Failure) 66.296: [ParNew: 9747K->1059K(9792K), 0.0038415 secs] 22138K->17358K(31680K), 0.0040146 secs] [Times: user=0.00 sys=0.00, real=0.00 secs] 
2014-07-10T09:58:40.192+0200: 66.338: [GC (Allocation Failure) 66.338: [ParNew: 9745K->1059K(9792K), 0.0042492 secs] 26044K->21745K(31680K), 0.0043878 secs] [Times: user=0.00 sys=0.01, real=0.01 secs] 
2014-07-10T09:58:40.198+0200: 66.343: [CMS-concurrent-abortable-preclean: 0.002/0.050 secs] [Times: user=0.02 sys=0.01, real=0.05 secs] 
2014-07-10T09:58:40.198+0200: 66.343: [GC (CMS Final Remark) [YG occupancy: 3816 K (9792 K)]66.343: [Rescan (parallel) , 0.0002134 secs]66.343: [weak refs processing, 0.0000293 secs]66.343: [class unloading, 0.0007813 secs]66.344: [scrub symbol table, 0.0006750 secs]66.345: [scrub string table, 0.0001672 secs][1 CMS-remark: 20685K(21888K)] 24502K(31680K), 0.0020135 secs] [Times: user=0.00 sys=0.00, real=0.00 secs] 
2014-07-10T09:58:40.200+0200: 66.345: [CMS-concurrent-sweep-start]
2014-07-10T09:58:40.200+0200: 66.346: [CMS-concurrent-sweep: 0.000/0.000 secs] [Times: user=0.00 sys=0.00, real=0.00 secs] 
2014-07-10T09:58:40.200+0200: 66.346: [CMS-concurrent-reset-start]
2014-07-10T09:58:40.200+0200: 66.346: [CMS-concurrent-reset: 0.000/0.000 secs] [Times: user=0.00 sys=0.00, real=0.00 secs] 
2014-07-10T09:58:40.242+0200: 66.388: [GC (Allocation Failure) 66.388: [ParNew: 9745K->1059K(9792K), 0.0045971 secs] 21944K->18126K(31680K), 0.0047331 secs] [Times: user=0.03 sys=0.00, real=0.00 secs] 
2014-07-10T09:58:40.247+0200: 66.393: [GC (CMS Initial Mark) [1 CMS-initial-mark: 17066K(21888K)] 18192K(31680K), 0.0002181 secs] [Times: user=0.00 sys=0.00, real=0.00 secs] 
2014-07-10T09:58:40.248+0200: 66.393: [CMS-concurrent-mark-start]
2014-07-10T09:58:40.248+0200: 66.394: [CMS-concurrent-mark: 0.001/0.001 secs] [Times: user=0.00 sys=0.00, real=0.00 secs] 
2014-07-10T09:58:40.248+0200: 66.394: [CMS-concurrent-preclean-start]
2014-07-10T09:58:40.249+0200: 66.394: [CMS-concurrent-preclean: 0.000/0.000 secs] [Times: user=0.00 sys=0.00, real=0.00 secs] 
2014-07-10T09:58:40.249+0200: 66.394: [CMS-concurrent-abortable-preclean-start]
2014-07-10T09:58:40.251+0200: 66.396: [GC (Allocation Failure) 66.396: [ParNew: 9745K->9745K(9792K), 0.0000495 secs]66.396: [CMS2014-07-10T09:58:40.251+0200: 66.397: [CMS-concurrent-abortable-preclean: 0.000/0.003 secs] [Times: user=0.00 sys=0.00, real=0.00 secs] 
 (concurrent mode failure): 17066K->6879K(21888K), 0.0068775 secs] 26812K->6879K(31680K), [Metaspace: 2457K->2457K(1056768K)], 0.0070766 secs] [Times: user=0.00 sys=0.00, real=0.01 secs] 
2014-07-10T09:58:40.293+0200: 66.439: [GC (Allocation Failure) 66.439: [ParNew: 8686K->1059K(9792K), 0.0182074 secs] 15565K->13767K(31680K), 0.0183415 secs] [Times: user=0.02 sys=0.00, real=0.02 secs] 
2014-07-10T09:58:40.313+0200: 66.458: [GC (CMS Initial Mark) [1 CMS-initial-mark: 12708K(21888K)] 15082K(31680K), 0.0002192 secs] [Times: user=0.00 sys=0.00, real=0.00 secs] 
2014-07-10T09:58:40.313+0200: 66.458: [CMS-concurrent-mark-start]
2014-07-10T09:58:40.314+0200: 66.459: [CMS-concurrent-mark: 0.001/0.001 secs] [Times: user=0.00 sys=0.00, real=0.00 secs] 
2014-07-10T09:58:40.314+0200: 66.459: [CMS-concurrent-preclean-start]
2014-07-10T09:58:40.314+0200: 66.459: [CMS-concurrent-preclean: 0.000/0.000 secs] [Times: user=0.00 sys=0.00, real=0.00 secs] 
2014-07-10T09:58:40.314+0200: 66.459: [GC (CMS Final Remark) [YG occupancy: 2374 K (9792 K)]66.459: [Rescan (parallel) , 0.0001576 secs]66.459: [weak refs processing, 0.0000268 secs]66.459: [class unloading, 0.0004913 secs]66.460: [scrub symbol table, 0.0005877 secs]66.461: [scrub string table, 0.0001840 secs][1 CMS-remark: 12708K(21888K)] 15082K(31680K), 0.0015688 secs] [Times: user=0.00 sys=0.00, real=0.00 secs] 
2014-07-10T09:58:40.316+0200: 66.461: [CMS-concurrent-sweep-start]
2014-07-10T09:58:40.316+0200: 66.461: [CMS-concurrent-sweep: 0.000/0.000 secs] [Times: user=0.00 sys=0.00, real=0.00 secs] 
2014-07-10T09:58:40.316+0200: 66.461: [CMS-concurrent-reset-start]
2014-07-10T09:58:40.316+0200: 66.461: [CMS-concurrent-reset: 0.000/0.000 secs] [Times: user=0.00 sys=0.00, real=0.00 secs] 
2014-07-10T09:58:40.344+0200: 66.489: [GC (Allocation Failure) 66.489: [ParNew: 9745K->1059K(9792K), 0.0066576 secs] 10221K->7843K(31680K), 0.0068046 secs] [Times: user=0.00 sys=0.00, real=0.01 secs] 
2014-07-10T09:58:40.351+0200: 66.496: [GC (CMS Initial Mark) [1 CMS-initial-mark: 6784K(21888K)] 8101K(31680K), 0.0003138 secs] [Times: user=0.00 sys=0.00, real=0.00 secs] 
2014-07-10T09:58:40.351+0200: 66.497: [CMS-concurrent-mark-start]
2014-07-10T09:58:40.352+0200: 66.497: [CMS-concurrent-mark: 0.001/0.001 secs] [Times: user=0.00 sys=0.00, real=0.00 secs] 
2014-07-10T09:58:40.352+0200: 66.497: [CMS-concurrent-preclean-start]
2014-07-10T09:58:40.352+0200: 66.498: [CMS-concurrent-preclean: 0.000/0.000 secs] [Times: user=0.00 sys=0.00, real=0.00 secs] 
2014-07-10T09:58:40.352+0200: 66.498: [CMS-concurrent-abortable-preclean-start]
2014-07-10T09:58:40.355+0200: 66.501: [GC (Allocation Failure) 66.501: [ParNew: 9751K->1061K(9792K), 0.0052567 secs] 16535K->14123K(31680K), 0.0054125 secs] [Times: user=0.00 sys=0.00, real=0.01 secs] 
2014-07-10T09:58:40.394+0200: 66.539: [GC (Allocation Failure) 66.539: [ParNew: 9753K->1059K(9792K), 0.0051716 secs] 22815K->19854K(31680K), 0.0053029 secs] [Times: user=0.00 sys=0.00, real=0.00 secs] 
2014-07-10T09:58:40.443+0200: 66.588: [GC (Allocation Failure) 66.588: [ParNew: 9745K->9745K(9792K), 0.0000447 secs]66.588: [CMS2014-07-10T09:58:40.443+0200: 66.588: [CMS-concurrent-abortable-preclean: 0.002/0.091 secs] [Times: user=0.03 sys=0.02, real=0.09 secs] 
 (concurrent mode failure): 18794K->7743K(21888K), 0.0083462 secs] 28540K->7743K(31680K), [Metaspace: 2457K->2457K(1056768K)], 0.0085512 secs] [Times: user=0.02 sys=0.00, real=0.01 secs] 
2014-07-10T09:58:40.457+0200: 66.602: [GC (Allocation Failure) 66.602: [ParNew: 8686K->1059K(9792K), 0.0058840 secs] 16429K->15498K(31680K), 0.0060380 secs] [Times: user=0.03 sys=0.00, real=0.01 secs] 
2014-07-10T09:58:40.464+0200: 66.609: [GC (CMS Initial Mark) [1 CMS-initial-mark: 14439K(21888K)] 15948K(31680K), 0.0002295 secs] [Times: user=0.00 sys=0.00, real=0.00 secs] 
2014-07-10T09:58:40.464+0200: 66.609: [CMS-concurrent-mark-start]
2014-07-10T09:58:40.465+0200: 66.610: [CMS-concurrent-mark: 0.001/0.001 secs] [Times: user=0.00 sys=0.00, real=0.00 secs] 
2014-07-10T09:58:40.465+0200: 66.610: [CMS-concurrent-preclean-start]
2014-07-10T09:58:40.465+0200: 66.610: [CMS-concurrent-preclean: 0.000/0.000 secs] [Times: user=0.00 sys=0.00, real=0.00 secs] 
2014-07-10T09:58:40.465+0200: 66.610: [GC (CMS Final Remark) [YG occupancy: 1509 K (9792 K)]66.610: [Rescan (parallel) , 0.0001558 secs]66.611: [weak refs processing, 0.0000264 secs]66.611: [class unloading, 0.0004282 secs]66.611: [scrub symbol table, 0.0005521 secs]66.612: [scrub string table, 0.0001554 secs][1 CMS-remark: 14439K(21888K)] 15948K(31680K), 0.0014317 secs] [Times: user=0.00 sys=0.00, real=0.00 secs] 
2014-07-10T09:58:40.466+0200: 66.612: [CMS-concurrent-sweep-start]
2014-07-10T09:58:40.467+0200: 66.612: [CMS-concurrent-sweep: 0.000/0.000 secs] [Times: user=0.00 sys=0.00, real=0.00 secs] 
2014-07-10T09:58:40.467+0200: 66.612: [CMS-concurrent-reset-start]
2014-07-10T09:58:40.467+0200: 66.612: [CMS-concurrent-reset: 0.000/0.000 secs] [Times: user=0.00 sys=0.00, real=0.00 secs] 
2014-07-10T09:58:40.541+0200: 66.687: [GC (Allocation Failure) 66.687: [ParNew: 9747K->37K(9792K), 0.0010914 secs] 10225K->516K(31680K), 0.0012484 secs] [Times: user=0.00 sys=0.00, real=0.00 secs] 
2014-07-10T09:58:40.548+0200: 66.694: [GC (Allocation Failure) 66.694: [ParNew: 8723K->518K(9792K), 0.0014672 secs] 9202K->997K(31680K), 0.0017132 secs] [Times: user=0.00 sys=0.00, real=0.00 secs] 
2014-07-10T09:58:40.592+0200: 66.737: [GC (Allocation Failure) 66.738: [ParNew: 9215K->1007K(9792K), 0.0014056 secs] 9695K->1486K(31680K), 0.0018467 secs] [Times: user=0.00 sys=0.00, real=0.00 secs] 
2014-07-10T09:58:40.641+0200: 66.786: [GC (Allocation Failure) 66.786: [ParNew: 9687K->453K(9792K), 0.0006856 secs] 10166K->936K(31680K), 0.0008183 secs] [Times: user=0.00 sys=0.00, real=0.00 secs] 
2014-07-10T09:58:40.645+0200: 66.791: [GC (Allocation Failure) 66.791: [ParNew: 9139K->934K(9792K), 0.0012289 secs] 9622K->1417K(31680K), 0.0013397 secs] [Times: user=0.00 sys=0.00, real=0.00 secs] 
2014-07-10T09:58:40.691+0200: 66.837: [GC (Allocation Failure) 66.837: [ParNew: 9620K->1059K(9792K), 0.0011512 secs] 10103K->1897K(31680K), 0.0012649 secs] [Times: user=0.00 sys=0.00, real=0.00 secs] 
2014-07-10T09:58:40.742+0200: 66.888: [GC (Allocation Failure) 66.888: [ParNew: 9745K->1059K(9792K), 0.0037169 secs] 10584K->2731K(31680K), 0.0039944 secs] [Times: user=0.00 sys=0.02, real=0.00 secs] 
2014-07-10T09:58:40.756+0200: 66.902: [GC (Allocation Failure) 66.902: [ParNew: 9745K->1059K(9792K), 0.0019336 secs] 11417K->4045K(31680K), 0.0021800 secs] [Times: user=0.03 sys=0.00, real=0.00 secs] 
2014-07-10T09:58:40.792+0200: 66.937: [GC (Allocation Failure) 66.937: [ParNew: 9745K->1059K(9792K), 0.0016938 secs] 12731K->5839K(31680K), 0.0018229 secs] [Times: user=0.00 sys=0.00, real=0.00 secs] 
2014-07-10T09:58:40.842+0200: 66.987: [GC (Allocation Failure) 66.987: [ParNew: 9745K->1059K(9792K), 0.0019882 secs] 14525K->8113K(31680K), 0.0021242 secs] [Times: user=0.00 sys=0.00, real=0.00 secs] 
2014-07-10T09:58:40.848+0200: 66.994: [GC (Allocation Failure) 66.994: [ParNew: 9745K->1059K(9792K), 0.0030144 secs] 16799K->10867K(31680K), 0.0034565 secs] [Times: user=0.00 sys=0.00, real=0.00 secs] 
2014-07-10T09:58:40.892+0200: 67.037: [GC (Allocation Failure) 67.037: [ParNew: 9735K->1060K(9792K), 0.0012506 secs] 19543K->11893K(31680K), 0.0013528 secs] [Times: user=0.00 sys=0.00, real=0.00 secs] 
2014-07-10T09:58:40.943+0200: 67.089: [GC (Allocation Failure) 67.089: [ParNew: 9746K->1059K(9792K), 0.0026239 secs] 20579K->13401K(31680K), 0.0028809 secs] [Times: user=0.03 sys=0.00, real=0.00 secs] 
2014-07-10T09:58:40.955+0200: 67.101: [GC (Allocation Failure) 67.101: [ParNew: 9745K->1059K(9792K), 0.0035467 secs] 22087K->15387K(31680K), 0.0038496 secs] [Times: user=0.00 sys=0.00, real=0.00 secs] 
2014-07-10T09:58:40.992+0200: 67.137: [GC (Allocation Failure) 67.137: [ParNew: 9745K->1059K(9792K), 0.0020685 secs] 24073K->17853K(31680K), 0.0022060 secs] [Times: user=0.00 sys=0.00, real=0.00 secs] 
2014-07-10T09:58:40.994+0200: 67.140: [GC (CMS Initial Mark) [1 CMS-initial-mark: 16794K(21888K)] 17919K(31680K), 0.0002321 secs] [Times: user=0.00 sys=0.00, real=0.00 secs] 
2014-07-10T09:58:40.994+0200: 67.140: [CMS-concurrent-mark-start]
2014-07-10T09:58:40.996+0200: 67.141: [CMS-concurrent-mark: 0.001/0.001 secs] [Times: user=0.00 sys=0.00, real=0.00 secs] 
2014-07-10T09:58:40.996+0200: 67.141: [CMS-concurrent-preclean-start]
2014-07-10T09:58:40.996+0200: 67.141: [CMS-concurrent-preclean: 0.000/0.000 secs] [Times: user=0.00 sys=0.00, real=0.00 secs] 
2014-07-10T09:58:40.996+0200: 67.141: [CMS-concurrent-abortable-preclean-start]
2014-07-10T09:58:41.043+0200: 67.188: [GC (Allocation Failure) 67.188: [ParNew: 9745K->1059K(9792K), 0.0049586 secs] 26539K->20800K(31680K), 0.0052233 secs] [Times: user=0.00 sys=0.00, real=0.01 secs] 
2014-07-10T09:58:41.050+0200: 67.195: [CMS-concurrent-abortable-preclean: 0.001/0.054 secs] [Times: user=0.00 sys=0.00, real=0.05 secs] 
2014-07-10T09:58:41.050+0200: 67.196: [GC (CMS Final Remark) [YG occupancy: 3240 K (9792 K)]67.196: [Rescan (parallel) , 0.0002937 secs]67.196: [weak refs processing, 0.0000895 secs]67.196: [class unloading, 0.0013569 secs]67.197: [scrub symbol table, 0.0012828 secs]67.199: [scrub string table, 0.0004850 secs][1 CMS-remark: 19740K(21888K)] 22981K(31680K), 0.0038712 secs] [Times: user=0.00 sys=0.00, real=0.00 secs] 
2014-07-10T09:58:41.054+0200: 67.200: [CMS-concurrent-sweep-start]
2014-07-10T09:58:41.055+0200: 67.201: [CMS-concurrent-sweep: 0.001/0.001 secs] [Times: user=0.03 sys=0.00, real=0.00 secs] 
2014-07-10T09:58:41.055+0200: 67.201: [CMS-concurrent-reset-start]
2014-07-10T09:58:41.056+0200: 67.202: [CMS-concurrent-reset: 0.000/0.000 secs] [Times: user=0.00 sys=0.00, real=0.00 secs] 
2014-07-10T09:58:41.058+0200: 67.203: [GC (Allocation Failure) 67.204: [ParNew: 9745K->1059K(9792K), 0.0036703 secs] 15637K->10378K(31680K), 0.0038048 secs] [Times: user=0.00 sys=0.00, real=0.00 secs] 
2014-07-10T09:58:41.093+0200: 67.238: [GC (Allocation Failure) 67.238: [ParNew: 9745K->1059K(9792K), 0.0036622 secs] 19064K->14285K(31680K), 0.0038151 secs] [Times: user=0.00 sys=0.00, real=0.00 secs] 
2014-07-10T09:58:41.097+0200: 67.242: [GC (CMS Initial Mark) [1 CMS-initial-mark: 13225K(21888K)] 14703K(31680K), 0.0002552 secs] [Times: user=0.00 sys=0.00, real=0.00 secs] 
2014-07-10T09:58:41.097+0200: 67.243: [CMS-concurrent-mark-start]
2014-07-10T09:58:41.098+0200: 67.244: [CMS-concurrent-mark: 0.001/0.001 secs] [Times: user=0.00 sys=0.00, real=0.00 secs] 
2014-07-10T09:58:41.098+0200: 67.244: [CMS-concurrent-preclean-start]
2014-07-10T09:58:41.099+0200: 67.244: [CMS-concurrent-preclean: 0.000/0.000 secs] [Times: user=0.00 sys=0.00, real=0.00 secs] 
2014-07-10T09:58:41.099+0200: 67.244: [CMS-concurrent-abortable-preclean-start]
2014-07-10T09:58:41.142+0200: 67.287: [GC (Allocation Failure) 67.287: [ParNew: 9751K->1061K(9792K), 0.0033689 secs] 22977K->17650K(31680K), 0.0035229 secs] [Times: user=0.00 sys=0.00, real=0.00 secs] 
2014-07-10T09:58:41.151+0200: 67.296: [GC (Allocation Failure) 67.296: [ParNew: 9747K->1059K(9792K), 0.0036758 secs] 26336K->21491K(31680K), 0.0038386 secs] [Times: user=0.00 sys=0.00, real=0.00 secs] 
2014-07-10T09:58:41.156+0200: 67.301: [CMS-concurrent-abortable-preclean: 0.002/0.057 secs] [Times: user=0.01 sys=0.00, real=0.06 secs] 
2014-07-10T09:58:41.156+0200: 67.301: [GC (CMS Final Remark) [YG occupancy: 4008 K (9792 K)]67.301: [Rescan (parallel) , 0.0001521 secs]67.302: [weak refs processing, 0.0000367 secs]67.302: [class unloading, 0.0006709 secs]67.302: [scrub symbol table, 0.0007809 secs]67.303: [scrub string table, 0.0002383 secs][1 CMS-remark: 20432K(21888K)] 24441K(31680K), 0.0020681 secs] [Times: user=0.00 sys=0.00, real=0.00 secs] 
2014-07-10T09:58:41.158+0200: 67.304: [CMS-concurrent-sweep-start]
2014-07-10T09:58:41.159+0200: 67.304: [CMS-concurrent-sweep: 0.000/0.000 secs] [Times: user=0.00 sys=0.00, real=0.00 secs] 
2014-07-10T09:58:41.159+0200: 67.304: [CMS-concurrent-reset-start]
2014-07-10T09:58:41.159+0200: 67.304: [CMS-concurrent-reset: 0.000/0.000 secs] [Times: user=0.00 sys=0.00, real=0.00 secs] 
2014-07-10T09:58:41.192+0200: 67.338: [GC (Allocation Failure) 67.338: [ParNew: 9745K->1059K(9792K), 0.0044248 secs] 21338K->16975K(31680K), 0.0045847 secs] [Times: user=0.03 sys=0.00, real=0.01 secs] 
2014-07-10T09:58:41.197+0200: 67.343: [GC (CMS Initial Mark) [1 CMS-initial-mark: 15915K(21888K)] 17041K(31680K), 0.0002324 secs] [Times: user=0.00 sys=0.00, real=0.00 secs] 
2014-07-10T09:58:41.198+0200: 67.343: [CMS-concurrent-mark-start]
2014-07-10T09:58:41.199+0200: 67.344: [CMS-concurrent-mark: 0.001/0.001 secs] [Times: user=0.00 sys=0.00, real=0.00 secs] 
2014-07-10T09:58:41.199+0200: 67.344: [CMS-concurrent-preclean-start]
2014-07-10T09:58:41.199+0200: 67.344: [CMS-concurrent-preclean: 0.000/0.000 secs] [Times: user=0.00 sys=0.00, real=0.00 secs] 
2014-07-10T09:58:41.199+0200: 67.345: [CMS-concurrent-abortable-preclean-start]
2014-07-10T09:58:41.244+0200: 67.390: [GC (Allocation Failure) 67.390: [ParNew: 9745K->1059K(9792K), 0.0078352 secs] 25661K->21778K(31680K), 0.0080925 secs] [Times: user=0.00 sys=0.00, real=0.01 secs] 
2014-07-10T09:58:41.254+0200: 67.400: [CMS-concurrent-abortable-preclean: 0.001/0.055 secs] [Times: user=0.02 sys=0.00, real=0.06 secs] 
2014-07-10T09:58:41.255+0200: 67.400: [GC (CMS Final Remark) [YG occupancy: 4299 K (9792 K)]67.400: [Rescan (parallel) , 0.0003014 secs]67.401: [weak refs processing, 0.0000609 secs]67.401: [class unloading, 0.0010914 secs]67.402: [scrub symbol table, 0.0012979 secs]67.403: [scrub string table, 0.0004455 secs][1 CMS-remark: 20719K(21888K)] 25018K(31680K), 0.0035552 secs] [Times: user=0.02 sys=0.00, real=0.00 secs] 
2014-07-10T09:58:41.259+0200: 67.404: [CMS-concurrent-sweep-start]
2014-07-10T09:58:41.260+0200: 67.405: [CMS-concurrent-sweep: 0.001/0.001 secs] [Times: user=0.00 sys=0.00, real=0.00 secs] 
2014-07-10T09:58:41.260+0200: 67.405: [CMS-concurrent-reset-start]
2014-07-10T09:58:41.260+0200: 67.405: [CMS-concurrent-reset: 0.000/0.000 secs] [Times: user=0.00 sys=0.00, real=0.00 secs] 
2014-07-10T09:58:41.263+0200: 67.409: [GC (Allocation Failure) 67.409: [ParNew: 9745K->1059K(9792K), 0.0057982 secs] 19351K->15949K(31680K), 0.0060042 secs] [Times: user=0.00 sys=0.00, real=0.01 secs] 
2014-07-10T09:58:41.270+0200: 67.415: [GC (CMS Initial Mark) [1 CMS-initial-mark: 14889K(21888K)] 16015K(31680K), 0.0001939 secs] [Times: user=0.00 sys=0.00, real=0.00 secs] 
2014-07-10T09:58:41.270+0200: 67.415: [CMS-concurrent-mark-start]
2014-07-10T09:58:41.271+0200: 67.416: [CMS-concurrent-mark: 0.001/0.001 secs] [Times: user=0.00 sys=0.00, real=0.00 secs] 
2014-07-10T09:58:41.271+0200: 67.416: [CMS-concurrent-preclean-start]
2014-07-10T09:58:41.271+0200: 67.416: [CMS-concurrent-preclean: 0.000/0.000 secs] [Times: user=0.00 sys=0.00, real=0.00 secs] 
2014-07-10T09:58:41.271+0200: 67.417: [GC (CMS Final Remark) [YG occupancy: 1125 K (9792 K)]67.417: [Rescan (parallel) , 0.0001690 secs]67.417: [weak refs processing, 0.0000334 secs]67.417: [class unloading, 0.0006057 secs]67.417: [scrub symbol table, 0.0009441 secs]67.418: [scrub string table, 0.0003677 secs][1 CMS-remark: 14889K(21888K)] 16015K(31680K), 0.0023435 secs] [Times: user=0.02 sys=0.00, real=0.00 secs] 
2014-07-10T09:58:41.276+0200: 67.421: [CMS-concurrent-sweep-start]
2014-07-10T09:58:41.276+0200: 67.422: [CMS-concurrent-sweep: 0.000/0.000 secs] [Times: user=0.00 sys=0.00, real=0.00 secs] 
2014-07-10T09:58:41.277+0200: 67.422: [CMS-concurrent-reset-start]
2014-07-10T09:58:41.277+0200: 67.422: [CMS-concurrent-reset: 0.000/0.000 secs] [Times: user=0.00 sys=0.00, real=0.00 secs] 
2014-07-10T09:58:41.317+0200: 67.462: [GC (Allocation Failure) 67.462: [ParNew: 9745K->1059K(9792K), 0.0063041 secs] 15508K->12586K(31680K), 0.0064632 secs] [Times: user=0.02 sys=0.00, real=0.01 secs] 
2014-07-10T09:58:41.324+0200: 67.469: [GC (CMS Initial Mark) [1 CMS-initial-mark: 11526K(21888K)] 13965K(31680K), 0.0002079 secs] [Times: user=0.00 sys=0.00, real=0.00 secs] 
2014-07-10T09:58:41.324+0200: 67.470: [CMS-concurrent-mark-start]
2014-07-10T09:58:41.325+0200: 67.470: [CMS-concurrent-mark: 0.001/0.001 secs] [Times: user=0.00 sys=0.00, real=0.00 secs] 
2014-07-10T09:58:41.325+0200: 67.470: [CMS-concurrent-preclean-start]
2014-07-10T09:58:41.325+0200: 67.470: [CMS-concurrent-preclean: 0.000/0.000 secs] [Times: user=0.00 sys=0.00, real=0.00 secs] 
2014-07-10T09:58:41.326+0200: 67.471: [GC (CMS Final Remark) [YG occupancy: 2438 K (9792 K)]67.471: [Rescan (parallel) , 0.0001760 secs]67.471: [weak refs processing, 0.0000275 secs]67.471: [class unloading, 0.0004542 secs]67.472: [scrub symbol table, 0.0006317 secs]67.472: [scrub string table, 0.0001727 secs][1 CMS-remark: 11526K(21888K)] 13965K(31680K), 0.0015897 secs] [Times: user=0.00 sys=0.00, real=0.00 secs] 
2014-07-10T09:58:41.327+0200: 67.473: [CMS-concurrent-sweep-start]
2014-07-10T09:58:41.328+0200: 67.473: [CMS-concurrent-sweep: 0.000/0.000 secs] [Times: user=0.00 sys=0.00, real=0.00 secs] 
2014-07-10T09:58:41.328+0200: 67.473: [CMS-concurrent-reset-start]
2014-07-10T09:58:41.328+0200: 67.473: [CMS-concurrent-reset: 0.000/0.000 secs] [Times: user=0.00 sys=0.00, real=0.00 secs] 
2014-07-10T09:58:41.347+0200: 67.493: [GC (Allocation Failure) 67.493: [ParNew: 9745K->1059K(9792K), 0.0203030 secs] 10225K->7782K(31680K), 0.0204243 secs] [Times: user=0.03 sys=0.00, real=0.02 secs] 
2014-07-10T09:58:41.383+0200: 67.528: [GC (CMS Initial Mark) [1 CMS-initial-mark: 6723K(21888K)] 15069K(31680K), 0.0008311 secs] [Times: user=0.00 sys=0.00, real=0.00 secs] 
2014-07-10T09:58:41.384+0200: 67.529: [CMS-concurrent-mark-start]
2014-07-10T09:58:41.384+0200: 67.530: [CMS-concurrent-mark: 0.001/0.001 secs] [Times: user=0.00 sys=0.00, real=0.00 secs] 
2014-07-10T09:58:41.385+0200: 67.530: [CMS-concurrent-preclean-start]
2014-07-10T09:58:41.385+0200: 67.530: [CMS-concurrent-preclean: 0.000/0.000 secs] [Times: user=0.00 sys=0.00, real=0.00 secs] 
2014-07-10T09:58:41.385+0200: 67.530: [CMS-concurrent-abortable-preclean-start]
2014-07-10T09:58:41.386+0200: 67.531: [GC (Allocation Failure) 67.531: [ParNew: 9757K->1059K(9792K), 0.0178429 secs] 16480K->12970K(31680K), 0.0179298 secs] [Times: user=0.02 sys=0.00, real=0.02 secs] 
2014-07-10T09:58:41.410+0200: 67.555: [GC (Allocation Failure) 67.555: [ParNew: 9745K->1059K(9792K), 0.0051111 secs] 21656K->18639K(31680K), 0.0052794 secs] [Times: user=0.01 sys=0.00, real=0.00 secs] 
2014-07-10T09:58:41.444+0200: 67.589: [GC (Allocation Failure) 67.589: [ParNew: 9745K->9745K(9792K), 0.0000583 secs]67.590: [CMS2014-07-10T09:58:41.444+0200: 67.590: [CMS-concurrent-abortable-preclean: 0.002/0.060 secs] [Times: user=0.03 sys=0.00, real=0.06 secs] 
 (concurrent mode failure): 17580K->7680K(21888K), 0.0081076 secs] 27325K->7680K(31680K), [Metaspace: 2457K->2457K(1056768K)], 0.0086010 secs] [Times: user=0.02 sys=0.00, real=0.01 secs] 
2014-07-10T09:58:41.457+0200: 67.602: [GC (Allocation Failure) 67.602: [ParNew: 8686K->1059K(9792K), 0.0059591 secs] 16367K->15371K(31680K), 0.0061168 secs] [Times: user=0.03 sys=0.00, real=0.01 secs] 
2014-07-10T09:58:41.464+0200: 67.609: [GC (CMS Initial Mark) [1 CMS-initial-mark: 14312K(21888K)] 15501K(31680K), 0.0003835 secs] [Times: user=0.00 sys=0.00, real=0.00 secs] 
2014-07-10T09:58:41.464+0200: 67.610: [CMS-concurrent-mark-start]
2014-07-10T09:58:41.465+0200: 67.610: [CMS-concurrent-mark: 0.001/0.001 secs] [Times: user=0.00 sys=0.00, real=0.00 secs] 
2014-07-10T09:58:41.465+0200: 67.610: [CMS-concurrent-preclean-start]
2014-07-10T09:58:41.465+0200: 67.611: [CMS-concurrent-preclean: 0.000/0.000 secs] [Times: user=0.00 sys=0.00, real=0.00 secs] 
2014-07-10T09:58:41.465+0200: 67.611: [GC (CMS Final Remark) [YG occupancy: 1573 K (9792 K)]67.611: [Rescan (parallel) , 0.0000865 secs]67.611: [weak refs processing, 0.0000264 secs]67.611: [class unloading, 0.0004081 secs]67.611: [scrub symbol table, 0.0007219 secs]67.612: [scrub string table, 0.0001899 secs][1 CMS-remark: 14312K(21888K)] 15885K(31680K), 0.0015640 secs] [Times: user=0.00 sys=0.00, real=0.00 secs] 
2014-07-10T09:58:41.467+0200: 67.612: [CMS-concurrent-sweep-start]
2014-07-10T09:58:41.467+0200: 67.612: [CMS-concurrent-sweep: 0.000/0.000 secs] [Times: user=0.00 sys=0.00, real=0.00 secs] 
2014-07-10T09:58:41.467+0200: 67.612: [CMS-concurrent-reset-start]
2014-07-10T09:58:41.467+0200: 67.613: [CMS-concurrent-reset: 0.000/0.000 secs] [Times: user=0.00 sys=0.00, real=0.00 secs] 
2014-07-10T09:58:41.494+0200: 67.639: [GC (Allocation Failure) 67.639: [ParNew: 9745K->1059K(9792K), 0.0059679 secs] 16852K->15274K(31680K), 0.0061094 secs] [Times: user=0.00 sys=0.00, real=0.01 secs] 
2014-07-10T09:58:41.500+0200: 67.645: [GC (CMS Initial Mark) [1 CMS-initial-mark: 14215K(21888K)] 15308K(31680K), 0.0001815 secs] [Times: user=0.00 sys=0.00, real=0.00 secs] 
2014-07-10T09:58:41.500+0200: 67.646: [CMS-concurrent-mark-start]
2014-07-10T09:58:41.501+0200: 67.646: [CMS-concurrent-mark: 0.001/0.001 secs] [Times: user=0.00 sys=0.00, real=0.00 secs] 
2014-07-10T09:58:41.501+0200: 67.646: [CMS-concurrent-preclean-start]
2014-07-10T09:58:41.501+0200: 67.647: [CMS-concurrent-preclean: 0.000/0.000 secs] [Times: user=0.00 sys=0.00, real=0.00 secs] 
2014-07-10T09:58:41.501+0200: 67.647: [GC (CMS Final Remark) [YG occupancy: 1093 K (9792 K)]67.647: [Rescan (parallel) , 0.0000770 secs]67.647: [weak refs processing, 0.0000257 secs]67.647: [class unloading, 0.0004341 secs]67.647: [scrub symbol table, 0.0006379 secs]67.648: [scrub string table, 0.0002599 secs][1 CMS-remark: 14215K(21888K)] 15308K(31680K), 0.0015556 secs] [Times: user=0.00 sys=0.00, real=0.00 secs] 
2014-07-10T09:58:41.503+0200: 67.648: [CMS-concurrent-sweep-start]
2014-07-10T09:58:41.503+0200: 67.648: [CMS-concurrent-sweep: 0.000/0.000 secs] [Times: user=0.00 sys=0.00, real=0.00 secs] 
2014-07-10T09:58:41.503+0200: 67.648: [CMS-concurrent-reset-start]
2014-07-10T09:58:41.503+0200: 67.649: [CMS-concurrent-reset: 0.000/0.000 secs] [Times: user=0.00 sys=0.00, real=0.00 secs] 
2014-07-10T09:58:41.546+0200: 67.692: [GC (Allocation Failure) 67.692: [ParNew: 9747K->451K(9792K), 0.0015919 secs] 10227K->931K(31680K), 0.0018126 secs] [Times: user=0.00 sys=0.00, real=0.00 secs] 
2014-07-10T09:58:41.591+0200: 67.737: [GC (Allocation Failure) 67.737: [ParNew: 9137K->933K(9792K), 0.0013866 secs] 9617K->1413K(31680K), 0.0015666 secs] [Times: user=0.00 sys=0.00, real=0.00 secs] 
2014-07-10T09:58:41.599+0200: 67.745: [GC (Allocation Failure) 67.745: [ParNew: 9636K->910K(9792K), 0.0024931 secs] 10117K->1393K(31680K), 0.0027145 secs] [Times: user=0.03 sys=0.00, real=0.00 secs] 
2014-07-10T09:58:41.644+0200: 67.789: [GC (Allocation Failure) 67.789: [ParNew: 9590K->355K(9792K), 0.0008568 secs] 10074K->839K(31680K), 0.0009756 secs] [Times: user=0.00 sys=0.00, real=0.00 secs] 
2014-07-10T09:58:41.691+0200: 67.837: [GC (Allocation Failure) 67.837: [ParNew: 9041K->837K(9792K), 0.0013682 secs] 9526K->1322K(31680K), 0.0015732 secs] [Times: user=0.00 sys=0.00, real=0.00 secs] 
2014-07-10T09:58:41.742+0200: 67.887: [GC (Allocation Failure) 67.887: [ParNew: 9523K->1059K(9792K), 0.0016198 secs] 10008K->1803K(31680K), 0.0018130 secs] [Times: user=0.00 sys=0.00, real=0.00 secs] 
2014-07-10T09:58:41.750+0200: 67.896: [GC (Allocation Failure) 67.896: [ParNew: 9745K->1059K(9792K), 0.0029264 secs] 10489K->2541K(31680K), 0.0031581 secs] [Times: user=0.00 sys=0.00, real=0.00 secs] 
2014-07-10T09:58:41.792+0200: 67.938: [GC (Allocation Failure) 67.938: [ParNew: 9745K->1059K(9792K), 0.0024304 secs] 11227K->3758K(31680K), 0.0026808 secs] [Times: user=0.00 sys=0.00, real=0.00 secs] 
2014-07-10T09:58:41.843+0200: 67.989: [GC (Allocation Failure) 67.989: [ParNew: 9745K->1059K(9792K), 0.0017239 secs] 12444K->5456K(31680K), 0.0018933 secs] [Times: user=0.00 sys=0.00, real=0.00 secs] 
2014-07-10T09:58:41.851+0200: 67.997: [GC (Allocation Failure) 67.997: [ParNew: 9745K->1059K(9792K), 0.0022573 secs] 14142K->7634K(31680K), 0.0024557 secs] [Times: user=0.00 sys=0.00, real=0.00 secs] 
2014-07-10T09:58:41.891+0200: 68.037: [GC (Allocation Failure) 68.037: [ParNew: 9762K->1059K(9792K), 0.0009818 secs] 16338K->8628K(31680K), 0.0010753 secs] [Times: user=0.00 sys=0.00, real=0.00 secs] 
2014-07-10T09:58:41.941+0200: 68.087: [GC (Allocation Failure) 68.087: [ParNew: 9745K->1059K(9792K), 0.0012304 secs] 17314K->10103K(31680K), 0.0013470 secs] [Times: user=0.00 sys=0.00, real=0.00 secs] 
2014-07-10T09:58:41.947+0200: 68.092: [GC (Allocation Failure) 68.092: [ParNew: 9745K->1059K(9792K), 0.0023013 secs] 18790K->12057K(31680K), 0.0024663 secs] [Times: user=0.00 sys=0.00, real=0.00 secs] 
2014-07-10T09:58:41.994+0200: 68.140: [GC (Allocation Failure) 68.140: [ParNew: 9745K->1059K(9792K), 0.0039775 secs] 20744K->14492K(31680K), 0.0042620 secs] [Times: user=0.00 sys=0.00, real=0.01 secs] 
2014-07-10T09:58:42.042+0200: 68.188: [GC (Allocation Failure) 68.188: [ParNew: 9745K->1059K(9792K), 0.0029477 secs] 23178K->17406K(31680K), 0.0031343 secs] [Times: user=0.00 sys=0.00, real=0.00 secs] 
2014-07-10T09:58:42.046+0200: 68.191: [GC (CMS Initial Mark) [1 CMS-initial-mark: 16347K(21888K)] 17472K(31680K), 0.0002229 secs] [Times: user=0.00 sys=0.00, real=0.00 secs] 
2014-07-10T09:58:42.046+0200: 68.192: [CMS-concurrent-mark-start]
2014-07-10T09:58:42.047+0200: 68.193: [CMS-concurrent-mark: 0.001/0.001 secs] [Times: user=0.00 sys=0.00, real=0.00 secs] 
2014-07-10T09:58:42.047+0200: 68.193: [CMS-concurrent-preclean-start]
2014-07-10T09:58:42.048+0200: 68.193: [CMS-concurrent-preclean: 0.000/0.000 secs] [Times: user=0.00 sys=0.00, real=0.00 secs] 
2014-07-10T09:58:42.048+0200: 68.193: [CMS-concurrent-abortable-preclean-start]
2014-07-10T09:58:42.051+0200: 68.196: [GC (Allocation Failure) 68.196: [ParNew: 9745K->1059K(9792K), 0.0034104 secs] 26092K->20801K(31680K), 0.0036069 secs] [Times: user=0.03 sys=0.00, real=0.00 secs] 
2014-07-10T09:58:42.056+0200: 68.201: [CMS-concurrent-abortable-preclean: 0.001/0.008 secs] [Times: user=0.03 sys=0.00, real=0.01 secs] 
2014-07-10T09:58:42.056+0200: 68.202: [GC (CMS Final Remark) [YG occupancy: 4809 K (9792 K)]68.202: [Rescan (parallel) , 0.0001584 secs]68.202: [weak refs processing, 0.0001976 secs]68.202: [class unloading, 0.0008403 secs]68.203: [scrub symbol table, 0.0008330 secs]68.204: [scrub string table, 0.0002944 secs][1 CMS-remark: 19741K(21888K)] 24551K(31680K), 0.0025429 secs] [Times: user=0.00 sys=0.00, real=0.00 secs] 
2014-07-10T09:58:42.059+0200: 68.204: [CMS-concurrent-sweep-start]
2014-07-10T09:58:42.059+0200: 68.205: [CMS-concurrent-sweep: 0.000/0.000 secs] [Times: user=0.00 sys=0.00, real=0.00 secs] 
2014-07-10T09:58:42.059+0200: 68.205: [CMS-concurrent-reset-start]
2014-07-10T09:58:42.060+0200: 68.205: [CMS-concurrent-reset: 0.000/0.000 secs] [Times: user=0.00 sys=0.00, real=0.00 secs] 
2014-07-10T09:58:42.092+0200: 68.237: [GC (Allocation Failure) 68.238: [ParNew: 9745K->1059K(9792K), 0.0037114 secs] 16535K->11724K(31680K), 0.0038455 secs] [Times: user=0.00 sys=0.00, real=0.00 secs] 
2014-07-10T09:58:42.144+0200: 68.289: [GC (Allocation Failure) 68.289: [ParNew: 9751K->1061K(9792K), 0.0062634 secs] 20415K->15056K(31680K), 0.0065296 secs] [Times: user=0.03 sys=0.00, real=0.01 secs] 
2014-07-10T09:58:42.151+0200: 68.296: [GC (CMS Initial Mark) [1 CMS-initial-mark: 13995K(21888K)] 15282K(31680K), 0.0003538 secs] [Times: user=0.00 sys=0.00, real=0.00 secs] 
2014-07-10T09:58:42.151+0200: 68.297: [CMS-concurrent-mark-start]
2014-07-10T09:58:42.154+0200: 68.299: [CMS-concurrent-mark: 0.002/0.002 secs] [Times: user=0.00 sys=0.00, real=0.00 secs] 
2014-07-10T09:58:42.154+0200: 68.300: [CMS-concurrent-preclean-start]
2014-07-10T09:58:42.154+0200: 68.300: [CMS-concurrent-preclean: 0.000/0.000 secs] [Times: user=0.00 sys=0.00, real=0.00 secs] 
2014-07-10T09:58:42.154+0200: 68.300: [CMS-concurrent-abortable-preclean-start]
2014-07-10T09:58:42.159+0200: 68.304: [GC (Allocation Failure) 68.304: [ParNew: 9747K->1059K(9792K), 0.0061905 secs] 23743K->18866K(31680K), 0.0064629 secs] [Times: user=0.03 sys=0.00, real=0.01 secs] 
2014-07-10T09:58:42.192+0200: 68.338: [GC (Allocation Failure) 68.338: [ParNew: 9745K->9745K(9792K), 0.0000488 secs]68.338: [CMS2014-07-10T09:58:42.192+0200: 68.338: [CMS-concurrent-abortable-preclean: 0.001/0.038 secs] [Times: user=0.03 sys=0.00, real=0.04 secs] 
 (concurrent mode failure): 17806K->5825K(21888K), 0.0072372 secs] 27552K->5825K(31680K), [Metaspace: 2457K->2457K(1056768K)], 0.0074414 secs] [Times: user=0.00 sys=0.01, real=0.01 secs] 
2014-07-10T09:58:42.243+0200: 68.388: [GC (Allocation Failure) 68.388: [ParNew: 8686K->1059K(9792K), 0.0045297 secs] 14511K->11659K(31680K), 0.0046899 secs] [Times: user=0.00 sys=0.00, real=0.00 secs] 
2014-07-10T09:58:42.252+0200: 68.397: [GC (Allocation Failure) 68.397: [ParNew: 9745K->1059K(9792K), 0.0046059 secs] 20345K->16910K(31680K), 0.0047449 secs] [Times: user=0.03 sys=0.00, real=0.00 secs] 
2014-07-10T09:58:42.257+0200: 68.402: [GC (CMS Initial Mark) [1 CMS-initial-mark: 15851K(21888K)] 16942K(31680K), 0.0003131 secs] [Times: user=0.00 sys=0.00, real=0.00 secs] 
2014-07-10T09:58:42.257+0200: 68.403: [CMS-concurrent-mark-start]
2014-07-10T09:58:42.258+0200: 68.404: [CMS-concurrent-mark: 0.001/0.001 secs] [Times: user=0.00 sys=0.00, real=0.00 secs] 
2014-07-10T09:58:42.258+0200: 68.404: [CMS-concurrent-preclean-start]
2014-07-10T09:58:42.258+0200: 68.404: [CMS-concurrent-preclean: 0.000/0.000 secs] [Times: user=0.00 sys=0.00, real=0.00 secs] 
2014-07-10T09:58:42.258+0200: 68.404: [GC (CMS Final Remark) [YG occupancy: 2950 K (9792 K)]68.404: [Rescan (parallel) , 0.0001228 secs]68.404: [weak refs processing, 0.0000348 secs]68.404: [class unloading, 0.0004707 secs]68.405: [scrub symbol table, 0.0006313 secs]68.405: [scrub string table, 0.0001848 secs][1 CMS-remark: 15851K(21888K)] 18801K(31680K), 0.0015857 secs] [Times: user=0.00 sys=0.00, real=0.00 secs] 
2014-07-10T09:58:42.260+0200: 68.406: [CMS-concurrent-sweep-start]
2014-07-10T09:58:42.260+0200: 68.406: [CMS-concurrent-sweep: 0.000/0.000 secs] [Times: user=0.00 sys=0.00, real=0.00 secs] 
2014-07-10T09:58:42.260+0200: 68.406: [CMS-concurrent-reset-start]
2014-07-10T09:58:42.260+0200: 68.406: [CMS-concurrent-reset: 0.000/0.000 secs] [Times: user=0.00 sys=0.00, real=0.00 secs] 
2014-07-10T09:58:42.293+0200: 68.439: [GC (Allocation Failure) 68.439: [ParNew: 9745K->1059K(9792K), 0.0224448 secs] 15477K->12523K(31680K), 0.0225926 secs] [Times: user=0.01 sys=0.00, real=0.02 secs] 
2014-07-10T09:58:42.317+0200: 68.462: [GC (CMS Initial Mark) [1 CMS-initial-mark: 11463K(21888K)] 13934K(31680K), 0.0002123 secs] [Times: user=0.00 sys=0.00, real=0.00 secs] 
2014-07-10T09:58:42.317+0200: 68.463: [CMS-concurrent-mark-start]
2014-07-10T09:58:42.318+0200: 68.463: [CMS-concurrent-mark: 0.001/0.001 secs] [Times: user=0.02 sys=0.00, real=0.00 secs] 
2014-07-10T09:58:42.318+0200: 68.463: [CMS-concurrent-preclean-start]
2014-07-10T09:58:42.318+0200: 68.463: [CMS-concurrent-preclean: 0.000/0.000 secs] [Times: user=0.00 sys=0.00, real=0.00 secs] 
2014-07-10T09:58:42.318+0200: 68.463: [GC (CMS Final Remark) [YG occupancy: 2470 K (9792 K)]68.463: [Rescan (parallel) , 0.0001554 secs]68.464: [weak refs processing, 0.0000260 secs]68.464: [class unloading, 0.0004887 secs]68.464: [scrub symbol table, 0.0006159 secs]68.465: [scrub string table, 0.0001782 secs][1 CMS-remark: 11463K(21888K)] 13934K(31680K), 0.0016040 secs] [Times: user=0.00 sys=0.00, real=0.00 secs] 
2014-07-10T09:58:42.320+0200: 68.465: [CMS-concurrent-sweep-start]
2014-07-10T09:58:42.320+0200: 68.465: [CMS-concurrent-sweep: 0.000/0.000 secs] [Times: user=0.00 sys=0.00, real=0.00 secs] 
2014-07-10T09:58:42.320+0200: 68.465: [CMS-concurrent-reset-start]
2014-07-10T09:58:42.320+0200: 68.466: [CMS-concurrent-reset: 0.000/0.000 secs] [Times: user=0.00 sys=0.00, real=0.00 secs] 
2014-07-10T09:58:42.344+0200: 68.489: [GC (Allocation Failure) 68.489: [ParNew: 9745K->1059K(9792K), 0.0066466 secs] 10226K->7752K(31680K), 0.0067862 secs] [Times: user=0.02 sys=0.00, real=0.01 secs] 
2014-07-10T09:58:42.355+0200: 68.501: [GC (Allocation Failure) 68.501: [ParNew: 9757K->1059K(9792K), 0.0058429 secs] 16449K->12907K(31680K), 0.0059914 secs] [Times: user=0.00 sys=0.00, real=0.01 secs] 
2014-07-10T09:58:42.362+0200: 68.508: [GC (CMS Initial Mark) [1 CMS-initial-mark: 11848K(21888K)] 15412K(31680K), 0.0002548 secs] [Times: user=0.00 sys=0.00, real=0.00 secs] 
2014-07-10T09:58:42.363+0200: 68.508: [CMS-concurrent-mark-start]
2014-07-10T09:58:42.363+0200: 68.509: [CMS-concurrent-mark: 0.001/0.001 secs] [Times: user=0.00 sys=0.00, real=0.00 secs] 
2014-07-10T09:58:42.363+0200: 68.509: [CMS-concurrent-preclean-start]
2014-07-10T09:58:42.363+0200: 68.509: [CMS-concurrent-preclean: 0.000/0.000 secs] [Times: user=0.00 sys=0.00, real=0.00 secs] 
2014-07-10T09:58:42.363+0200: 68.509: [CMS-concurrent-abortable-preclean-start]
2014-07-10T09:58:42.396+0200: 68.541: [GC (Allocation Failure) 68.541: [ParNew: 9751K->1059K(9792K), 0.0046026 secs] 21599K->18032K(31680K), 0.0047445 secs] [Times: user=0.00 sys=0.00, real=0.01 secs] 
2014-07-10T09:58:42.442+0200: 68.588: [GC (Allocation Failure) 68.588: [ParNew: 9745K->9745K(9792K), 0.0000623 secs]68.588: [CMS2014-07-10T09:58:42.443+0200: 68.588: [CMS-concurrent-abortable-preclean: 0.001/0.079 secs] [Times: user=0.03 sys=0.00, real=0.08 secs] 
 (concurrent mode failure): 16972K->7138K(21888K), 0.0079242 secs] 26718K->7138K(31680K), [Metaspace: 2457K->2457K(1056768K)], 0.0081534 secs] [Times: user=0.02 sys=0.00, real=0.01 secs] 
2014-07-10T09:58:42.455+0200: 68.601: [GC (Allocation Failure) 68.601: [ParNew: 8686K->1059K(9792K), 0.0064651 secs] 15824K->14284K(31680K), 0.0066359 secs] [Times: user=0.01 sys=0.00, real=0.01 secs] 
2014-07-10T09:58:42.463+0200: 68.608: [GC (CMS Initial Mark) [1 CMS-initial-mark: 13225K(21888K)] 14575K(31680K), 0.0002647 secs] [Times: user=0.00 sys=0.00, real=0.00 secs] 
2014-07-10T09:58:42.463+0200: 68.609: [CMS-concurrent-mark-start]
2014-07-10T09:58:42.464+0200: 68.609: [CMS-concurrent-mark: 0.001/0.001 secs] [Times: user=0.00 sys=0.00, real=0.00 secs] 
2014-07-10T09:58:42.464+0200: 68.609: [CMS-concurrent-preclean-start]
2014-07-10T09:58:42.464+0200: 68.609: [CMS-concurrent-preclean: 0.000/0.000 secs] [Times: user=0.00 sys=0.00, real=0.00 secs] 
2014-07-10T09:58:42.464+0200: 68.610: [GC (CMS Final Remark) [YG occupancy: 2118 K (9792 K)]68.610: [Rescan (parallel) , 0.0002651 secs]68.610: [weak refs processing, 0.0000271 secs]68.610: [class unloading, 0.0004194 secs]68.610: [scrub symbol table, 0.0005683 secs]68.611: [scrub string table, 0.0001639 secs][1 CMS-remark: 13225K(21888K)] 15343K(31680K), 0.0015629 secs] [Times: user=0.00 sys=0.00, real=0.00 secs] 
2014-07-10T09:58:42.466+0200: 68.611: [CMS-concurrent-sweep-start]
2014-07-10T09:58:42.466+0200: 68.611: [CMS-concurrent-sweep: 0.000/0.000 secs] [Times: user=0.00 sys=0.00, real=0.00 secs] 
2014-07-10T09:58:42.466+0200: 68.612: [CMS-concurrent-reset-start]
2014-07-10T09:58:42.466+0200: 68.612: [CMS-concurrent-reset: 0.000/0.000 secs] [Times: user=0.00 sys=0.00, real=0.00 secs] 
2014-07-10T09:58:42.493+0200: 68.638: [GC (Allocation Failure) 68.638: [ParNew: 9745K->1059K(9792K), 0.0058044 secs] 16310K->14188K(31680K), 0.0059540 secs] [Times: user=0.00 sys=0.00, real=0.01 secs] 
2014-07-10T09:58:42.499+0200: 68.644: [GC (CMS Initial Mark) [1 CMS-initial-mark: 13129K(21888K)] 14254K(31680K), 0.0001785 secs] [Times: user=0.00 sys=0.00, real=0.00 secs] 
2014-07-10T09:58:42.499+0200: 68.645: [CMS-concurrent-mark-start]
2014-07-10T09:58:42.500+0200: 68.645: [CMS-concurrent-mark: 0.001/0.001 secs] [Times: user=0.00 sys=0.00, real=0.00 secs] 
2014-07-10T09:58:42.500+0200: 68.645: [CMS-concurrent-preclean-start]
2014-07-10T09:58:42.500+0200: 68.645: [CMS-concurrent-preclean: 0.000/0.000 secs] [Times: user=0.00 sys=0.00, real=0.00 secs] 
2014-07-10T09:58:42.500+0200: 68.646: [GC (CMS Final Remark) [YG occupancy: 1637 K (9792 K)]68.646: [Rescan (parallel) , 0.0000770 secs]68.646: [weak refs processing, 0.0000249 secs]68.646: [class unloading, 0.0004165 secs]68.646: [scrub symbol table, 0.0005459 secs]68.647: [scrub string table, 0.0001613 secs][1 CMS-remark: 13129K(21888K)] 14767K(31680K), 0.0013367 secs] [Times: user=0.00 sys=0.00, real=0.00 secs] 
2014-07-10T09:58:42.501+0200: 68.647: [CMS-concurrent-sweep-start]
2014-07-10T09:58:42.502+0200: 68.647: [CMS-concurrent-sweep: 0.000/0.000 secs] [Times: user=0.00 sys=0.00, real=0.00 secs] 
2014-07-10T09:58:42.502+0200: 68.647: [CMS-concurrent-reset-start]
2014-07-10T09:58:42.502+0200: 68.647: [CMS-concurrent-reset: 0.000/0.000 secs] [Times: user=0.00 sys=0.00, real=0.00 secs] 
2014-07-10T09:58:42.543+0200: 68.689: [GC (Allocation Failure) 68.689: [ParNew: 9745K->1059K(9792K), 0.0060596 secs] 16789K->15148K(31680K), 0.0062194 secs] [Times: user=0.00 sys=0.00, real=0.01 secs] 
2014-07-10T09:58:42.550+0200: 68.695: [GC (CMS Initial Mark) [1 CMS-initial-mark: 14088K(21888K)] 15214K(31680K), 0.0001815 secs] [Times: user=0.00 sys=0.00, real=0.00 secs] 
2014-07-10T09:58:42.550+0200: 68.695: [CMS-concurrent-mark-start]
2014-07-10T09:58:42.551+0200: 68.696: [CMS-concurrent-mark: 0.001/0.001 secs] [Times: user=0.00 sys=0.00, real=0.00 secs] 
2014-07-10T09:58:42.551+0200: 68.696: [CMS-concurrent-preclean-start]
2014-07-10T09:58:42.551+0200: 68.696: [CMS-concurrent-preclean: 0.000/0.000 secs] [Times: user=0.00 sys=0.00, real=0.00 secs] 
2014-07-10T09:58:42.551+0200: 68.696: [CMS-concurrent-abortable-preclean-start]
2014-07-10T09:58:42.591+0200: 68.737: [GC (Allocation Failure) 68.737: [ParNew: 9756K->9756K(9792K), 0.0001719 secs]68.737: [CMS2014-07-10T09:58:42.592+0200: 68.737: [CMS-concurrent-abortable-preclean: 0.000/0.041 secs] [Times: user=0.02 sys=0.00, real=0.04 secs] 
 (concurrent mode failure): 14088K->871K(21888K), 0.0075745 secs] 23845K->871K(31680K), [Metaspace: 2457K->2457K(1056768K)], 0.0080555 secs] [Times: user=0.01 sys=0.00, real=0.01 secs] 
2014-07-10T09:58:42.607+0200: 68.753: [GC (Allocation Failure) 68.753: [ParNew: 8681K->1059K(9792K), 0.0097673 secs] 9552K->8914K(31680K), 0.0099935 secs] [Times: user=0.03 sys=0.00, real=0.01 secs] 
2014-07-10T09:58:42.617+0200: 68.763: [GC (CMS Initial Mark) [1 CMS-initial-mark: 7854K(21888K)] 8980K(31680K), 0.0002654 secs] [Times: user=0.00 sys=0.00, real=0.00 secs] 
2014-07-10T09:58:42.618+0200: 68.763: [CMS-concurrent-mark-start]
2014-07-10T09:58:42.619+0200: 68.764: [CMS-concurrent-mark: 0.001/0.001 secs] [Times: user=0.00 sys=0.00, real=0.00 secs] 
2014-07-10T09:58:42.619+0200: 68.764: [CMS-concurrent-preclean-start]
2014-07-10T09:58:42.619+0200: 68.765: [CMS-concurrent-preclean: 0.000/0.000 secs] [Times: user=0.00 sys=0.00, real=0.00 secs] 
2014-07-10T09:58:42.619+0200: 68.765: [GC (CMS Final Remark) [YG occupancy: 1221 K (9792 K)]68.765: [Rescan (parallel) , 0.0001250 secs]68.765: [weak refs processing, 0.0000374 secs]68.765: [class unloading, 0.0005540 secs]68.766: [scrub symbol table, 0.0007527 secs]68.766: [scrub string table, 0.0002497 secs][1 CMS-remark: 7854K(21888K)] 9076K(31680K), 0.0019186 secs] [Times: user=0.00 sys=0.00, real=0.00 secs] 
2014-07-10T09:58:42.621+0200: 68.767: [CMS-concurrent-sweep-start]
2014-07-10T09:58:42.622+0200: 68.767: [CMS-concurrent-sweep: 0.000/0.000 secs] [Times: user=0.00 sys=0.00, real=0.00 secs] 
2014-07-10T09:58:42.622+0200: 68.767: [CMS-concurrent-reset-start]
2014-07-10T09:58:42.622+0200: 68.767: [CMS-concurrent-reset: 0.000/0.000 secs] [Times: user=0.00 sys=0.00, real=0.00 secs] 
2014-07-10T09:58:42.644+0200: 68.789: [GC (Allocation Failure) 68.789: [ParNew: 9747K->323K(9792K), 0.0008088 secs] 17208K->7784K(31680K), 0.0009331 secs] [Times: user=0.00 sys=0.00, real=0.00 secs] 
2014-07-10T09:58:42.692+0200: 68.837: [GC (Allocation Failure) 68.837: [ParNew: 9009K->804K(9792K), 0.0016260 secs] 16470K->8265K(31680K), 0.0018808 secs] [Times: user=0.03 sys=0.00, real=0.00 secs] 
2014-07-10T09:58:42.742+0200: 68.887: [GC (Allocation Failure) 68.887: [ParNew: 9490K->1059K(9792K), 0.0016403 secs] 16952K->8748K(31680K), 0.0018166 secs] [Times: user=0.00 sys=0.00, real=0.00 secs] 
2014-07-10T09:58:42.750+0200: 68.896: [GC (Allocation Failure) 68.896: [ParNew: 9745K->1059K(9792K), 0.0029011 secs] 17434K->9453K(31680K), 0.0031306 secs] [Times: user=0.00 sys=0.00, real=0.00 secs] 
2014-07-10T09:58:42.792+0200: 68.937: [GC (Allocation Failure) 68.937: [ParNew: 9745K->1059K(9792K), 0.0013891 secs] 18139K->10639K(31680K), 0.0015193 secs] [Times: user=0.00 sys=0.00, real=0.00 secs] 
2014-07-10T09:58:42.843+0200: 68.988: [GC (Allocation Failure) 68.988: [ParNew: 9745K->1059K(9792K), 0.0027255 secs] 19325K->12305K(31680K), 0.0029634 secs] [Times: user=0.00 sys=0.00, real=0.00 secs] 
2014-07-10T09:58:42.853+0200: 68.999: [GC (Allocation Failure) 68.999: [ParNew: 9745K->1059K(9792K), 0.0038173 secs] 20991K->14451K(31680K), 0.0041645 secs] [Times: user=0.00 sys=0.00, real=0.01 secs] 
2014-07-10T09:58:42.892+0200: 69.038: [GC (Allocation Failure) 69.038: [ParNew: 9759K->1059K(9792K), 0.0021580 secs] 23151K->15412K(31680K), 0.0023567 secs] [Times: user=0.00 sys=0.00, real=0.00 secs] 
2014-07-10T09:58:42.943+0200: 69.088: [GC (Allocation Failure) 69.088: [ParNew: 9745K->1059K(9792K), 0.0025968 secs] 24099K->16856K(31680K), 0.0028560 secs] [Times: user=0.00 sys=0.00, real=0.00 secs] 
2014-07-10T09:58:42.951+0200: 69.096: [GC (Allocation Failure) 69.096: [ParNew: 9745K->1059K(9792K), 0.0020036 secs] 25542K->18778K(31680K), 0.0021492 secs] [Times: user=0.00 sys=0.00, real=0.00 secs] 
2014-07-10T09:58:42.953+0200: 69.099: [GC (CMS Initial Mark) [1 CMS-initial-mark: 17718K(21888K)] 18844K(31680K), 0.0002416 secs] [Times: user=0.00 sys=0.00, real=0.00 secs] 
2014-07-10T09:58:42.954+0200: 69.099: [CMS-concurrent-mark-start]
2014-07-10T09:58:42.955+0200: 69.100: [CMS-concurrent-mark: 0.001/0.001 secs] [Times: user=0.00 sys=0.00, real=0.00 secs] 
2014-07-10T09:58:42.955+0200: 69.100: [CMS-concurrent-preclean-start]
2014-07-10T09:58:42.955+0200: 69.100: [CMS-concurrent-preclean: 0.000/0.000 secs] [Times: user=0.00 sys=0.00, real=0.00 secs] 
2014-07-10T09:58:42.955+0200: 69.100: [CMS-concurrent-abortable-preclean-start]
2014-07-10T09:58:42.992+0200: 69.137: [GC (Allocation Failure) 69.137: [ParNew: 9745K->1059K(9792K), 0.0020747 secs] 27464K->21180K(31680K), 0.0022338 secs] [Times: user=0.00 sys=0.00, real=0.00 secs] 
2014-07-10T09:58:43.043+0200: 69.189: [GC (Allocation Failure) 69.189: [ParNew: 9745K->9745K(9792K), 0.0000968 secs]69.189: [CMS2014-07-10T09:58:43.044+0200: 69.189: [CMS-concurrent-abortable-preclean: 0.001/0.089 secs] [Times: user=0.00 sys=0.00, real=0.09 secs] 
 (concurrent mode failure): 20121K->4417K(21888K), 0.0114043 secs] 29866K->4417K(31680K), [Metaspace: 2457K->2457K(1056768K)], 0.0117932 secs] [Times: user=0.02 sys=0.00, real=0.01 secs] 
2014-07-10T09:58:43.062+0200: 69.208: [GC (Allocation Failure) 69.208: [ParNew: 8686K->1059K(9792K), 0.0052123 secs] 13103K->8842K(31680K), 0.0054253 secs] [Times: user=0.03 sys=0.00, real=0.01 secs] 
2014-07-10T09:58:43.093+0200: 69.238: [GC (Allocation Failure) 69.238: [ParNew: 9745K->1059K(9792K), 0.0035779 secs] 17529K->12685K(31680K), 0.0037348 secs] [Times: user=0.00 sys=0.00, real=0.00 secs] 
2014-07-10T09:58:43.144+0200: 69.290: [GC (Allocation Failure) 69.290: [ParNew: 9755K->1061K(9792K), 0.0056754 secs] 21381K->15474K(31680K), 0.0059529 secs] [Times: user=0.03 sys=0.00, real=0.01 secs] 
2014-07-10T09:58:43.151+0200: 69.296: [GC (CMS Initial Mark) [1 CMS-initial-mark: 14412K(21888K)] 15540K(31680K), 0.0003721 secs] [Times: user=0.00 sys=0.00, real=0.00 secs] 
2014-07-10T09:58:43.151+0200: 69.297: [CMS-concurrent-mark-start]
2014-07-10T09:58:43.153+0200: 69.299: [CMS-concurrent-mark: 0.002/0.002 secs] [Times: user=0.00 sys=0.00, real=0.00 secs] 
2014-07-10T09:58:43.154+0200: 69.299: [CMS-concurrent-preclean-start]
2014-07-10T09:58:43.154+0200: 69.299: [CMS-concurrent-preclean: 0.000/0.000 secs] [Times: user=0.00 sys=0.00, real=0.00 secs] 
2014-07-10T09:58:43.154+0200: 69.300: [CMS-concurrent-abortable-preclean-start]
2014-07-10T09:58:43.158+0200: 69.303: [GC (Allocation Failure) 69.304: [ParNew: 9747K->1059K(9792K), 0.0032014 secs] 24160K->18740K(31680K), 0.0033719 secs] [Times: user=0.03 sys=0.00, real=0.00 secs] 
2014-07-10T09:58:43.192+0200: 69.337: [GC (Allocation Failure) 69.337: [ParNew: 9745K->1059K(9792K), 0.0037586 secs] 27426K->22486K(31680K), 0.0038983 secs] [Times: user=0.00 sys=0.00, real=0.00 secs] 
2014-07-10T09:58:43.196+0200: 69.341: [CMS-concurrent-abortable-preclean: 0.001/0.042 secs] [Times: user=0.05 sys=0.00, real=0.04 secs] 
2014-07-10T09:58:43.196+0200: 69.342: [GC (CMS Final Remark) [YG occupancy: 1253 K (9792 K)]69.342: [Rescan (parallel) , 0.0001756 secs]69.342: [weak refs processing, 0.0000301 secs]69.342: [class unloading, 0.0005188 secs]69.342: [scrub symbol table, 0.0006156 secs]69.343: [scrub string table, 0.0001888 secs][1 CMS-remark: 21427K(21888K)] 22680K(31680K), 0.0016663 secs] [Times: user=0.00 sys=0.00, real=0.00 secs] 
2014-07-10T09:58:43.198+0200: 69.343: [CMS-concurrent-sweep-start]
2014-07-10T09:58:43.198+0200: 69.344: [CMS-concurrent-sweep: 0.001/0.001 secs] [Times: user=0.00 sys=0.00, real=0.00 secs] 
2014-07-10T09:58:43.198+0200: 69.344: [CMS-concurrent-reset-start]
2014-07-10T09:58:43.199+0200: 69.344: [CMS-concurrent-reset: 0.000/0.000 secs] [Times: user=0.00 sys=0.00, real=0.00 secs] 
2014-07-10T09:58:43.242+0200: 69.388: [GC (Allocation Failure) 69.388: [ParNew: 9745K->1059K(9792K), 0.0041484 secs] 20027K->15568K(31680K), 0.0042969 secs] [Times: user=0.00 sys=0.00, real=0.00 secs] 
2014-07-10T09:58:43.247+0200: 69.392: [GC (CMS Initial Mark) [1 CMS-initial-mark: 14509K(21888K)] 15634K(31680K), 0.0002269 secs] [Times: user=0.00 sys=0.00, real=0.00 secs] 
2014-07-10T09:58:43.247+0200: 69.393: [CMS-concurrent-mark-start]
2014-07-10T09:58:43.248+0200: 69.394: [CMS-concurrent-mark: 0.001/0.001 secs] [Times: user=0.00 sys=0.00, real=0.00 secs] 
2014-07-10T09:58:43.248+0200: 69.394: [CMS-concurrent-preclean-start]
2014-07-10T09:58:43.248+0200: 69.394: [CMS-concurrent-preclean: 0.000/0.000 secs] [Times: user=0.00 sys=0.00, real=0.00 secs] 
2014-07-10T09:58:43.248+0200: 69.394: [CMS-concurrent-abortable-preclean-start]
2014-07-10T09:58:43.251+0200: 69.396: [GC (Allocation Failure) 69.396: [ParNew: 9745K->1059K(9792K), 0.0047232 secs] 24255K->20276K(31680K), 0.0048780 secs] [Times: user=0.03 sys=0.00, real=0.01 secs] 
2014-07-10T09:58:43.257+0200: 69.402: [CMS-concurrent-abortable-preclean: 0.001/0.009 secs] [Times: user=0.03 sys=0.00, real=0.01 secs] 
2014-07-10T09:58:43.257+0200: 69.402: [GC (CMS Final Remark) [YG occupancy: 3496 K (9792 K)]69.403: [Rescan (parallel) , 0.0001331 secs]69.403: [weak refs processing, 0.0000301 secs]69.403: [class unloading, 0.0005375 secs]69.403: [scrub symbol table, 0.0006200 secs]69.404: [scrub string table, 0.0002174 secs][1 CMS-remark: 19216K(21888K)] 22713K(31680K), 0.0016810 secs] [Times: user=0.00 sys=0.00, real=0.00 secs] 
2014-07-10T09:58:43.259+0200: 69.404: [CMS-concurrent-sweep-start]
2014-07-10T09:58:43.259+0200: 69.405: [CMS-concurrent-sweep: 0.000/0.000 secs] [Times: user=0.00 sys=0.00, real=0.00 secs] 
2014-07-10T09:58:43.259+0200: 69.405: [CMS-concurrent-reset-start]
2014-07-10T09:58:43.259+0200: 69.405: [CMS-concurrent-reset: 0.000/0.000 secs] [Times: user=0.00 sys=0.00, real=0.00 secs] 
2014-07-10T09:58:43.295+0200: 69.441: [GC (Allocation Failure) 69.441: [ParNew: 9745K->1059K(9792K), 0.0197743 secs] 19162K->15663K(31680K), 0.0198975 secs] [Times: user=0.01 sys=0.00, real=0.02 secs] 
2014-07-10T09:58:43.317+0200: 69.462: [GC (CMS Initial Mark) [1 CMS-initial-mark: 14604K(21888K)] 17618K(31680K), 0.0002500 secs] [Times: user=0.00 sys=0.00, real=0.00 secs] 
2014-07-10T09:58:43.317+0200: 69.462: [CMS-concurrent-mark-start]
2014-07-10T09:58:43.318+0200: 69.463: [CMS-concurrent-mark: 0.001/0.001 secs] [Times: user=0.00 sys=0.00, real=0.00 secs] 
2014-07-10T09:58:43.318+0200: 69.463: [CMS-concurrent-preclean-start]
2014-07-10T09:58:43.318+0200: 69.463: [CMS-concurrent-preclean: 0.000/0.000 secs] [Times: user=0.00 sys=0.00, real=0.00 secs] 
2014-07-10T09:58:43.318+0200: 69.463: [GC (CMS Final Remark) [YG occupancy: 3014 K (9792 K)]69.463: [Rescan (parallel) , 0.0001565 secs]69.463: [weak refs processing, 0.0000249 secs]69.464: [class unloading, 0.0004656 secs]69.464: [scrub symbol table, 0.0008795 secs]69.465: [scrub string table, 0.0001939 secs][1 CMS-remark: 14604K(21888K)] 17618K(31680K), 0.0018522 secs] [Times: user=0.00 sys=0.00, real=0.00 secs] 
2014-07-10T09:58:43.320+0200: 69.465: [CMS-concurrent-sweep-start]
2014-07-10T09:58:43.320+0200: 69.465: [CMS-concurrent-sweep: 0.000/0.000 secs] [Times: user=0.00 sys=0.00, real=0.00 secs] 
2014-07-10T09:58:43.320+0200: 69.466: [CMS-concurrent-reset-start]
2014-07-10T09:58:43.320+0200: 69.466: [CMS-concurrent-reset: 0.000/0.000 secs] [Times: user=0.00 sys=0.00, real=0.00 secs] 
2014-07-10T09:58:43.343+0200: 69.489: [GC (Allocation Failure) 69.489: [ParNew: 9745K->1059K(9792K), 0.0182294 secs] 10227K->7209K(31680K), 0.0183888 secs] [Times: user=0.02 sys=0.00, real=0.02 secs] 
2014-07-10T09:58:43.376+0200: 69.522: [GC (Allocation Failure) 69.522: [ParNew: 9745K->1059K(9792K), 0.0069472 secs] 15895K->13357K(31680K), 0.0070865 secs] [Times: user=0.02 sys=0.00, real=0.01 secs] 
2014-07-10T09:58:43.385+0200: 69.530: [GC (CMS Initial Mark) [1 CMS-initial-mark: 12298K(21888K)] 15900K(31680K), 0.0002387 secs] [Times: user=0.00 sys=0.00, real=0.00 secs] 
2014-07-10T09:58:43.385+0200: 69.530: [CMS-concurrent-mark-start]
2014-07-10T09:58:43.386+0200: 69.531: [CMS-concurrent-mark: 0.001/0.001 secs] [Times: user=0.00 sys=0.00, real=0.00 secs] 
2014-07-10T09:58:43.386+0200: 69.531: [CMS-concurrent-preclean-start]
2014-07-10T09:58:43.386+0200: 69.531: [CMS-concurrent-preclean: 0.000/0.000 secs] [Times: user=0.00 sys=0.00, real=0.00 secs] 
2014-07-10T09:58:43.386+0200: 69.531: [CMS-concurrent-abortable-preclean-start]
2014-07-10T09:58:43.394+0200: 69.540: [GC (Allocation Failure) 69.540: [ParNew: 9755K->1059K(9792K), 0.0046961 secs] 22053K->18449K(31680K), 0.0048589 secs] [Times: user=0.03 sys=0.00, real=0.00 secs] 
2014-07-10T09:58:43.442+0200: 69.588: [GC (Allocation Failure) 69.588: [ParNew: 9745K->9745K(9792K), 0.0000535 secs]69.588: [CMS2014-07-10T09:58:43.443+0200: 69.588: [CMS-concurrent-abortable-preclean: 0.001/0.057 secs] [Times: user=0.03 sys=0.00, real=0.06 secs] 
 (concurrent mode failure): 17389K->7107K(21888K), 0.0118512 secs] 27135K->7107K(31680K), [Metaspace: 2457K->2457K(1056768K)], 0.0120946 secs] [Times: user=0.00 sys=0.00, real=0.01 secs] 
2014-07-10T09:58:43.460+0200: 69.606: [GC (Allocation Failure) 69.606: [ParNew: 8686K->1059K(9792K), 0.0048167 secs] 15793K->14222K(31680K), 0.0049766 secs] [Times: user=0.00 sys=0.00, real=0.00 secs] 
2014-07-10T09:58:43.465+0200: 69.611: [GC (CMS Initial Mark) [1 CMS-initial-mark: 13162K(21888K)] 14288K(31680K), 0.0001818 secs] [Times: user=0.00 sys=0.00, real=0.00 secs] 
2014-07-10T09:58:43.466+0200: 69.611: [CMS-concurrent-mark-start]
2014-07-10T09:58:43.466+0200: 69.612: [CMS-concurrent-mark: 0.001/0.001 secs] [Times: user=0.00 sys=0.00, real=0.00 secs] 
2014-07-10T09:58:43.466+0200: 69.612: [CMS-concurrent-preclean-start]
2014-07-10T09:58:43.466+0200: 69.612: [CMS-concurrent-preclean: 0.000/0.000 secs] [Times: user=0.00 sys=0.00, real=0.00 secs] 
2014-07-10T09:58:43.467+0200: 69.612: [GC (CMS Final Remark) [YG occupancy: 2150 K (9792 K)]69.612: [Rescan (parallel) , 0.0000902 secs]69.612: [weak refs processing, 0.0000282 secs]69.612: [class unloading, 0.0004583 secs]69.613: [scrub symbol table, 0.0005914 secs]69.613: [scrub string table, 0.0001708 secs][1 CMS-remark: 13162K(21888K)] 15312K(31680K), 0.0014731 secs] [Times: user=0.00 sys=0.00, real=0.00 secs] 
2014-07-10T09:58:43.468+0200: 69.614: [CMS-concurrent-sweep-start]
2014-07-10T09:58:43.469+0200: 69.614: [CMS-concurrent-sweep: 0.000/0.000 secs] [Times: user=0.00 sys=0.00, real=0.00 secs] 
2014-07-10T09:58:43.469+0200: 69.614: [CMS-concurrent-reset-start]
2014-07-10T09:58:43.469+0200: 69.614: [CMS-concurrent-reset: 0.000/0.000 secs] [Times: user=0.00 sys=0.00, real=0.00 secs] 
2014-07-10T09:58:43.493+0200: 69.638: [GC (Allocation Failure) 69.638: [ParNew: 9745K->1059K(9792K), 0.0058645 secs] 16278K->14124K(31680K), 0.0060152 secs] [Times: user=0.00 sys=0.00, real=0.01 secs] 
2014-07-10T09:58:43.499+0200: 69.645: [GC (CMS Initial Mark) [1 CMS-initial-mark: 13065K(21888K)] 14190K(31680K), 0.0001774 secs] [Times: user=0.00 sys=0.00, real=0.00 secs] 
2014-07-10T09:58:43.499+0200: 69.645: [CMS-concurrent-mark-start]
2014-07-10T09:58:43.500+0200: 69.645: [CMS-concurrent-mark: 0.001/0.001 secs] [Times: user=0.00 sys=0.00, real=0.00 secs] 
2014-07-10T09:58:43.500+0200: 69.645: [CMS-concurrent-preclean-start]
2014-07-10T09:58:43.500+0200: 69.646: [CMS-concurrent-preclean: 0.000/0.000 secs] [Times: user=0.00 sys=0.00, real=0.00 secs] 
2014-07-10T09:58:43.500+0200: 69.646: [GC (CMS Final Remark) [YG occupancy: 1669 K (9792 K)]69.646: [Rescan (parallel) , 0.0000770 secs]69.646: [weak refs processing, 0.0000253 secs]69.646: [class unloading, 0.0004275 secs]69.646: [scrub symbol table, 0.0005481 secs]69.647: [scrub string table, 0.0001617 secs][1 CMS-remark: 13065K(21888K)] 14735K(31680K), 0.0013503 secs] [Times: user=0.00 sys=0.00, real=0.00 secs] 
2014-07-10T09:58:43.501+0200: 69.647: [CMS-concurrent-sweep-start]
2014-07-10T09:58:43.502+0200: 69.647: [CMS-concurrent-sweep: 0.000/0.000 secs] [Times: user=0.00 sys=0.00, real=0.00 secs] 
2014-07-10T09:58:43.502+0200: 69.647: [CMS-concurrent-reset-start]
2014-07-10T09:58:43.502+0200: 69.647: [CMS-concurrent-reset: 0.000/0.000 secs] [Times: user=0.00 sys=0.00, real=0.00 secs] 
2014-07-10T09:58:43.543+0200: 69.689: [GC (Allocation Failure) 69.689: [ParNew: 9745K->1059K(9792K), 0.0061809 secs] 16759K->15085K(31680K), 0.0063250 secs] [Times: user=0.00 sys=0.00, real=0.01 secs] 
2014-07-10T09:58:43.550+0200: 69.695: [GC (CMS Initial Mark) [1 CMS-initial-mark: 14025K(21888K)] 15183K(31680K), 0.0001833 secs] [Times: user=0.00 sys=0.00, real=0.00 secs] 
2014-07-10T09:58:43.550+0200: 69.695: [CMS-concurrent-mark-start]
2014-07-10T09:58:43.551+0200: 69.696: [CMS-concurrent-mark: 0.001/0.001 secs] [Times: user=0.03 sys=0.00, real=0.00 secs] 
2014-07-10T09:58:43.551+0200: 69.696: [CMS-concurrent-preclean-start]
2014-07-10T09:58:43.551+0200: 69.696: [CMS-concurrent-preclean: 0.000/0.000 secs] [Times: user=0.00 sys=0.00, real=0.00 secs] 
2014-07-10T09:58:43.551+0200: 69.696: [CMS-concurrent-abortable-preclean-start]
2014-07-10T09:58:43.591+0200: 69.737: [GC (Allocation Failure) 69.737: [ParNew: 9747K->9747K(9792K), 0.0000411 secs]69.737: [CMS2014-07-10T09:58:43.591+0200: 69.737: [CMS-concurrent-abortable-preclean: 0.000/0.040 secs] [Times: user=0.00 sys=0.00, real=0.04 secs] 
 (concurrent mode failure): 14025K->832K(21888K), 0.0027101 secs] 23773K->832K(31680K), [Metaspace: 2457K->2457K(1056768K)], 0.0028457 secs] [Times: user=0.00 sys=0.00, real=0.00 secs] 
2014-07-10T09:58:43.597+0200: 69.743: [GC (Allocation Failure) 69.743: [ParNew: 8697K->844K(9792K), 0.0009382 secs] 9529K->1676K(31680K), 0.0010427 secs] [Times: user=0.00 sys=0.00, real=0.00 secs] 
2014-07-10T09:58:43.648+0200: 69.794: [GC (Allocation Failure) 69.794: [ParNew: 9524K->293K(9792K), 0.0012018 secs] 10357K->1130K(31680K), 0.0014133 secs] [Times: user=0.00 sys=0.00, real=0.00 secs] 
2014-07-10T09:58:43.692+0200: 69.837: [GC (Allocation Failure) 69.837: [ParNew: 8979K->773K(9792K), 0.0014269 secs] 9816K->1610K(31680K), 0.0016132 secs] [Times: user=0.00 sys=0.00, real=0.00 secs] 
2014-07-10T09:58:43.742+0200: 69.887: [GC (Allocation Failure) 69.887: [ParNew: 9459K->1059K(9792K), 0.0016894 secs] 10296K->2091K(31680K), 0.0019288 secs] [Times: user=0.00 sys=0.00, real=0.00 secs] 
2014-07-10T09:58:43.750+0200: 69.896: [GC (Allocation Failure) 69.896: [ParNew: 9745K->1059K(9792K), 0.0027486 secs] 10778K->2765K(31680K), 0.0029862 secs] [Times: user=0.03 sys=0.00, real=0.00 secs] 
2014-07-10T09:58:43.792+0200: 69.938: [GC (Allocation Failure) 69.938: [ParNew: 9745K->1059K(9792K), 0.0023475 secs] 11451K->3918K(31680K), 0.0025634 secs] [Times: user=0.00 sys=0.00, real=0.00 secs] 
2014-07-10T09:58:43.843+0200: 69.988: [GC (Allocation Failure) 69.988: [ParNew: 9745K->1059K(9792K), 0.0027801 secs] 12605K->5552K(31680K), 0.0030357 secs] [Times: user=0.00 sys=0.00, real=0.00 secs] 
2014-07-10T09:58:43.853+0200: 69.999: [GC (Allocation Failure) 69.999: [ParNew: 9745K->1059K(9792K), 0.0038056 secs] 14239K->7666K(31680K), 0.0040706 secs] [Times: user=0.00 sys=0.00, real=0.00 secs] 
2014-07-10T09:58:43.892+0200: 70.037: [GC (Allocation Failure) 70.037: [ParNew: 9734K->1060K(9792K), 0.0018922 secs] 16341K->8052K(31680K), 0.0020868 secs] [Times: user=0.03 sys=0.00, real=0.00 secs] 
2014-07-10T09:58:43.943+0200: 70.088: [GC (Allocation Failure) 70.089: [ParNew: 9746K->1059K(9792K), 0.0019856 secs] 16738K->8919K(31680K), 0.0021910 secs] [Times: user=0.00 sys=0.00, real=0.00 secs] 
2014-07-10T09:58:43.954+0200: 70.099: [GC (Allocation Failure) 70.099: [ParNew: 9745K->1059K(9792K), 0.0029414 secs] 17606K->10265K(31680K), 0.0031684 secs] [Times: user=0.03 sys=0.00, real=0.00 secs] 
2014-07-10T09:58:43.993+0200: 70.138: [GC (Allocation Failure) 70.139: [ParNew: 9745K->1059K(9792K), 0.0020447 secs] 18951K->12091K(31680K), 0.0022459 secs] [Times: user=0.00 sys=0.00, real=0.00 secs] 
2014-07-10T09:58:44.042+0200: 70.187: [GC (Allocation Failure) 70.187: [ParNew: 9745K->1059K(9792K), 0.0017946 secs] 20777K->14397K(31680K), 0.0019534 secs] [Times: user=0.00 sys=0.00, real=0.00 secs] 
2014-07-10T09:58:44.047+0200: 70.193: [GC (Allocation Failure) 70.193: [ParNew: 9745K->1059K(9792K), 0.0031453 secs] 23084K->17184K(31680K), 0.0033062 secs] [Times: user=0.03 sys=0.00, real=0.00 secs] 
2014-07-10T09:58:44.051+0200: 70.196: [GC (CMS Initial Mark) [1 CMS-initial-mark: 16124K(21888K)] 17216K(31680K), 0.0001818 secs] [Times: user=0.00 sys=0.00, real=0.00 secs] 
2014-07-10T09:58:44.051+0200: 70.197: [CMS-concurrent-mark-start]
2014-07-10T09:58:44.052+0200: 70.197: [CMS-concurrent-mark: 0.001/0.001 secs] [Times: user=0.00 sys=0.00, real=0.00 secs] 
2014-07-10T09:58:44.052+0200: 70.198: [CMS-concurrent-preclean-start]
2014-07-10T09:58:44.052+0200: 70.198: [CMS-concurrent-preclean: 0.000/0.000 secs] [Times: user=0.00 sys=0.00, real=0.00 secs] 
2014-07-10T09:58:44.052+0200: 70.198: [CMS-concurrent-abortable-preclean-start]
2014-07-10T09:58:44.094+0200: 70.240: [GC (Allocation Failure) 70.240: [ParNew: 9745K->1059K(9792K), 0.0053476 secs] 25870K->20450K(31680K), 0.0056075 secs] [Times: user=0.03 sys=0.00, real=0.01 secs] 
2014-07-10T09:58:44.101+0200: 70.247: [CMS-concurrent-abortable-preclean: 0.001/0.049 secs] [Times: user=0.03 sys=0.00, real=0.05 secs] 
2014-07-10T09:58:44.102+0200: 70.247: [GC (CMS Final Remark) [YG occupancy: 3656 K (9792 K)]70.248: [Rescan (parallel) , 0.0002786 secs]70.248: [weak refs processing, 0.0000656 secs]70.248: [class unloading, 0.0013693 secs]70.249: [scrub symbol table, 0.0013444 secs]70.251: [scrub string table, 0.0004487 secs][1 CMS-remark: 19391K(21888K)] 23048K(31680K), 0.0038840 secs] [Times: user=0.00 sys=0.00, real=0.00 secs] 
2014-07-10T09:58:44.106+0200: 70.252: [CMS-concurrent-sweep-start]
2014-07-10T09:58:44.107+0200: 70.253: [CMS-concurrent-sweep: 0.001/0.001 secs] [Times: user=0.00 sys=0.00, real=0.00 secs] 
2014-07-10T09:58:44.107+0200: 70.253: [CMS-concurrent-reset-start]
2014-07-10T09:58:44.107+0200: 70.253: [CMS-concurrent-reset: 0.000/0.000 secs] [Times: user=0.00 sys=0.00, real=0.00 secs] 
2014-07-10T09:58:44.142+0200: 70.287: [GC (Allocation Failure) 70.287: [ParNew: 9749K->1061K(9792K), 0.0026382 secs] 16285K->10320K(31680K), 0.0028542 secs] [Times: user=0.03 sys=0.00, real=0.00 secs] 
2014-07-10T09:58:44.150+0200: 70.295: [GC (Allocation Failure) 70.295: [ParNew: 9747K->1059K(9792K), 0.0034624 secs] 19006K->13521K(31680K), 0.0036542 secs] [Times: user=0.00 sys=0.00, real=0.00 secs] 
2014-07-10T09:58:44.154+0200: 70.299: [GC (CMS Initial Mark) [1 CMS-initial-mark: 12461K(21888K)] 13587K(31680K), 0.0002218 secs] [Times: user=0.00 sys=0.00, real=0.00 secs] 
2014-07-10T09:58:44.154+0200: 70.299: [CMS-concurrent-mark-start]
2014-07-10T09:58:44.155+0200: 70.301: [CMS-concurrent-mark: 0.001/0.001 secs] [Times: user=0.00 sys=0.00, real=0.00 secs] 
2014-07-10T09:58:44.155+0200: 70.301: [CMS-concurrent-preclean-start]
2014-07-10T09:58:44.155+0200: 70.301: [CMS-concurrent-preclean: 0.000/0.000 secs] [Times: user=0.00 sys=0.00, real=0.00 secs] 
2014-07-10T09:58:44.155+0200: 70.301: [CMS-concurrent-abortable-preclean-start]
2014-07-10T09:58:44.192+0200: 70.338: [GC (Allocation Failure) 70.338: [ParNew: 9745K->1059K(9792K), 0.0038147 secs] 22207K->17204K(31680K), 0.0039658 secs] [Times: user=0.00 sys=0.00, real=0.00 secs] 
2014-07-10T09:58:44.242+0200: 70.388: [GC (Allocation Failure) 70.388: [ParNew: 9745K->1059K(9792K), 0.0040974 secs] 25890K->21367K(31680K), 0.0042551 secs] [Times: user=0.00 sys=0.00, real=0.00 secs] 
2014-07-10T09:58:44.248+0200: 70.394: [CMS-concurrent-abortable-preclean: 0.002/0.093 secs] [Times: user=0.00 sys=0.00, real=0.09 secs] 
2014-07-10T09:58:44.248+0200: 70.394: [GC (CMS Final Remark) [YG occupancy: 4331 K (9792 K)]70.394: [Rescan (parallel) , 0.0001749 secs]70.394: [weak refs processing, 0.0000370 secs]70.394: [class unloading, 0.0008007 secs]70.395: [scrub symbol table, 0.0007772 secs]70.396: [scrub string table, 0.0002420 secs][1 CMS-remark: 20307K(21888K)] 24639K(31680K), 0.0022306 secs] [Times: user=0.00 sys=0.00, real=0.00 secs] 
2014-07-10T09:58:44.250+0200: 70.396: [CMS-concurrent-sweep-start]
2014-07-10T09:58:44.251+0200: 70.397: [CMS-concurrent-sweep: 0.001/0.001 secs] [Times: user=0.00 sys=0.00, real=0.00 secs] 
2014-07-10T09:58:44.251+0200: 70.397: [CMS-concurrent-reset-start]
2014-07-10T09:58:44.251+0200: 70.397: [CMS-concurrent-reset: 0.000/0.000 secs] [Times: user=0.00 sys=0.00, real=0.00 secs] 
2014-07-10T09:58:44.253+0200: 70.399: [GC (Allocation Failure) 70.399: [ParNew: 9745K->1059K(9792K), 0.0044791 secs] 21277K->17234K(31680K), 0.0046268 secs] [Times: user=0.00 sys=0.00, real=0.00 secs] 
2014-07-10T09:58:44.258+0200: 70.404: [GC (CMS Initial Mark) [1 CMS-initial-mark: 16175K(21888K)] 17300K(31680K), 0.0002603 secs] [Times: user=0.00 sys=0.00, real=0.00 secs] 
2014-07-10T09:58:44.258+0200: 70.404: [CMS-concurrent-mark-start]
2014-07-10T09:58:44.260+0200: 70.405: [CMS-concurrent-mark: 0.001/0.001 secs] [Times: user=0.00 sys=0.00, real=0.00 secs] 
2014-07-10T09:58:44.260+0200: 70.405: [CMS-concurrent-preclean-start]
2014-07-10T09:58:44.260+0200: 70.405: [CMS-concurrent-preclean: 0.000/0.000 secs] [Times: user=0.00 sys=0.00, real=0.00 secs] 
2014-07-10T09:58:44.260+0200: 70.405: [CMS-concurrent-abortable-preclean-start]
2014-07-10T09:58:44.293+0200: 70.439: [GC (Allocation Failure) 70.439: [ParNew: 9745K->1059K(9792K), 0.0174297 secs] 25921K->22358K(31680K), 0.0175522 secs] [Times: user=0.02 sys=0.00, real=0.02 secs] 
2014-07-10T09:58:44.311+0200: 70.456: [CMS-concurrent-abortable-preclean: 0.000/0.051 secs] [Times: user=0.02 sys=0.00, real=0.05 secs] 
2014-07-10T09:58:44.312+0200: 70.458: [GC (CMS Final Remark) [YG occupancy: 3078 K (9792 K)]70.458: [Rescan (parallel) , 0.0130698 secs]70.471: [weak refs processing, 0.0000341 secs]70.471: [class unloading, 0.0006086 secs]70.471: [scrub symbol table, 0.0006262 secs]70.472: [scrub string table, 0.0001807 secs][1 CMS-remark: 21298K(21888K)] 24377K(31680K), 0.0147083 secs] [Times: user=0.02 sys=0.00, real=0.01 secs] 
2014-07-10T09:58:44.327+0200: 70.472: [CMS-concurrent-sweep-start]
2014-07-10T09:58:44.327+0200: 70.473: [CMS-concurrent-sweep: 0.000/0.000 secs] [Times: user=0.00 sys=0.00, real=0.00 secs] 
2014-07-10T09:58:44.327+0200: 70.473: [CMS-concurrent-reset-start]
2014-07-10T09:58:44.327+0200: 70.473: [CMS-concurrent-reset: 0.000/0.000 secs] [Times: user=0.00 sys=0.00, real=0.00 secs] 
2014-07-10T09:58:44.343+0200: 70.489: [GC (Allocation Failure) 70.489: [ParNew: 9745K->1059K(9792K), 0.0058048 secs] 19995K->16913K(31680K), 0.0059679 secs] [Times: user=0.01 sys=0.00, real=0.01 secs] 
2014-07-10T09:58:44.350+0200: 70.495: [GC (CMS Initial Mark) [1 CMS-initial-mark: 15854K(21888K)] 16945K(31680K), 0.0001800 secs] [Times: user=0.00 sys=0.00, real=0.00 secs] 
2014-07-10T09:58:44.350+0200: 70.496: [CMS-concurrent-mark-start]
2014-07-10T09:58:44.351+0200: 70.496: [CMS-concurrent-mark: 0.001/0.001 secs] [Times: user=0.00 sys=0.00, real=0.00 secs] 
2014-07-10T09:58:44.351+0200: 70.496: [CMS-concurrent-preclean-start]
2014-07-10T09:58:44.351+0200: 70.497: [CMS-concurrent-preclean: 0.000/0.000 secs] [Times: user=0.00 sys=0.00, real=0.00 secs] 
2014-07-10T09:58:44.351+0200: 70.497: [CMS-concurrent-abortable-preclean-start]
2014-07-10T09:58:44.354+0200: 70.499: [GC (Allocation Failure) 70.500: [ParNew: 9745K->9745K(9792K), 0.0000458 secs]70.500: [CMS2014-07-10T09:58:44.354+0200: 70.500: [CMS-concurrent-abortable-preclean: 0.000/0.003 secs] [Times: user=0.00 sys=0.00, real=0.00 secs] 
 (concurrent mode failure): 15854K->7620K(21888K), 0.0081659 secs] 25599K->7620K(31680K), [Metaspace: 2457K->2457K(1056768K)], 0.0083371 secs] [Times: user=0.02 sys=0.00, real=0.01 secs] 
2014-07-10T09:58:44.393+0200: 70.539: [GC (Allocation Failure) 70.539: [ParNew: 8695K->1059K(9792K), 0.0045634 secs] 16316K->13710K(31680K), 0.0047181 secs] [Times: user=0.00 sys=0.00, real=0.01 secs] 
2014-07-10T09:58:44.398+0200: 70.544: [GC (CMS Initial Mark) [1 CMS-initial-mark: 12651K(21888K)] 13742K(31680K), 0.0003061 secs] [Times: user=0.00 sys=0.00, real=0.00 secs] 
2014-07-10T09:58:44.398+0200: 70.544: [CMS-concurrent-mark-start]
2014-07-10T09:58:44.399+0200: 70.545: [CMS-concurrent-mark: 0.001/0.001 secs] [Times: user=0.00 sys=0.00, real=0.00 secs] 
2014-07-10T09:58:44.399+0200: 70.545: [CMS-concurrent-preclean-start]
2014-07-10T09:58:44.399+0200: 70.545: [CMS-concurrent-preclean: 0.000/0.000 secs] [Times: user=0.00 sys=0.00, real=0.00 secs] 
2014-07-10T09:58:44.399+0200: 70.545: [CMS-concurrent-abortable-preclean-start]
2014-07-10T09:58:44.443+0200: 70.588: [GC (Allocation Failure) 70.588: [ParNew: 9745K->1059K(9792K), 0.0049912 secs] 22397K->19219K(31680K), 0.0051291 secs] [Times: user=0.00 sys=0.00, real=0.00 secs] 
2014-07-10T09:58:44.449+0200: 70.595: [CMS-concurrent-abortable-preclean: 0.001/0.050 secs] [Times: user=0.00 sys=0.00, real=0.05 secs] 
2014-07-10T09:58:44.449+0200: 70.595: [GC (CMS Final Remark) [YG occupancy: 4489 K (9792 K)]70.595: [Rescan (parallel) , 0.0001148 secs]70.595: [weak refs processing, 0.0000301 secs]70.595: [class unloading, 0.0007120 secs]70.596: [scrub symbol table, 0.0005719 secs]70.596: [scrub string table, 0.0001771 secs][1 CMS-remark: 18160K(21888K)] 22649K(31680K), 0.0017356 secs] [Times: user=0.00 sys=0.00, real=0.00 secs] 
2014-07-10T09:58:44.451+0200: 70.597: [CMS-concurrent-sweep-start]
2014-07-10T09:58:44.451+0200: 70.597: [CMS-concurrent-sweep: 0.000/0.000 secs] [Times: user=0.00 sys=0.00, real=0.00 secs] 
2014-07-10T09:58:44.452+0200: 70.597: [CMS-concurrent-reset-start]
2014-07-10T09:58:44.452+0200: 70.597: [CMS-concurrent-reset: 0.000/0.000 secs] [Times: user=0.00 sys=0.00, real=0.00 secs] 
2014-07-10T09:58:44.453+0200: 70.598: [GC (Allocation Failure) 70.599: [ParNew: 9745K->1059K(9792K), 0.0054631 secs] 20764K->18066K(31680K), 0.0055811 secs] [Times: user=0.02 sys=0.00, real=0.00 secs] 
2014-07-10T09:58:44.459+0200: 70.604: [GC (CMS Initial Mark) [1 CMS-initial-mark: 17006K(21888K)] 18132K(31680K), 0.0001782 secs] [Times: user=0.00 sys=0.00, real=0.00 secs] 
2014-07-10T09:58:44.459+0200: 70.604: [CMS-concurrent-mark-start]
2014-07-10T09:58:44.460+0200: 70.605: [CMS-concurrent-mark: 0.001/0.001 secs] [Times: user=0.00 sys=0.00, real=0.00 secs] 
2014-07-10T09:58:44.460+0200: 70.605: [CMS-concurrent-preclean-start]
2014-07-10T09:58:44.460+0200: 70.605: [CMS-concurrent-preclean: 0.000/0.000 secs] [Times: user=0.00 sys=0.00, real=0.00 secs] 
2014-07-10T09:58:44.460+0200: 70.605: [GC (CMS Final Remark) [YG occupancy: 2214 K (9792 K)]70.605: [Rescan (parallel) , 0.0000785 secs]70.605: [weak refs processing, 0.0000257 secs]70.606: [class unloading, 0.0004143 secs]70.606: [scrub symbol table, 0.0005595 secs]70.606: [scrub string table, 0.0001635 secs][1 CMS-remark: 17006K(21888K)] 19220K(31680K), 0.0013521 secs] [Times: user=0.00 sys=0.00, real=0.00 secs] 
2014-07-10T09:58:44.461+0200: 70.607: [CMS-concurrent-sweep-start]
2014-07-10T09:58:44.461+0200: 70.607: [CMS-concurrent-sweep: 0.000/0.000 secs] [Times: user=0.00 sys=0.00, real=0.00 secs] 
2014-07-10T09:58:44.461+0200: 70.607: [CMS-concurrent-reset-start]
2014-07-10T09:58:44.461+0200: 70.607: [CMS-concurrent-reset: 0.000/0.000 secs] [Times: user=0.00 sys=0.00, real=0.00 secs] 
2014-07-10T09:58:44.493+0200: 70.638: [GC (Allocation Failure) 70.639: [ParNew: 9745K->1059K(9792K), 0.0056959 secs] 16217K->13999K(31680K), 0.0058422 secs] [Times: user=0.00 sys=0.00, real=0.01 secs] 
2014-07-10T09:58:44.499+0200: 70.644: [GC (CMS Initial Mark) [1 CMS-initial-mark: 12939K(21888K)] 14065K(31680K), 0.0002288 secs] [Times: user=0.00 sys=0.00, real=0.00 secs] 
2014-07-10T09:58:44.499+0200: 70.645: [CMS-concurrent-mark-start]
2014-07-10T09:58:44.500+0200: 70.645: [CMS-concurrent-mark: 0.001/0.001 secs] [Times: user=0.00 sys=0.00, real=0.00 secs] 
2014-07-10T09:58:44.500+0200: 70.645: [CMS-concurrent-preclean-start]
2014-07-10T09:58:44.500+0200: 70.646: [CMS-concurrent-preclean: 0.000/0.000 secs] [Times: user=0.00 sys=0.00, real=0.00 secs] 
2014-07-10T09:58:44.500+0200: 70.646: [GC (CMS Final Remark) [YG occupancy: 1733 K (9792 K)]70.646: [Rescan (parallel) , 0.0000796 secs]70.646: [weak refs processing, 0.0000253 secs]70.646: [class unloading, 0.0004088 secs]70.646: [scrub symbol table, 0.0006533 secs]70.647: [scrub string table, 0.0001598 secs][1 CMS-remark: 12939K(21888K)] 14673K(31680K), 0.0014482 secs] [Times: user=0.00 sys=0.00, real=0.00 secs] 
2014-07-10T09:58:44.501+0200: 70.647: [CMS-concurrent-sweep-start]
2014-07-10T09:58:44.502+0200: 70.647: [CMS-concurrent-sweep: 0.000/0.000 secs] [Times: user=0.02 sys=0.00, real=0.00 secs] 
2014-07-10T09:58:44.502+0200: 70.647: [CMS-concurrent-reset-start]
2014-07-10T09:58:44.502+0200: 70.647: [CMS-concurrent-reset: 0.000/0.000 secs] [Times: user=0.00 sys=0.00, real=0.00 secs] 
2014-07-10T09:58:44.549+0200: 70.694: [GC (Allocation Failure) 70.695: [ParNew: 9745K->1059K(9792K), 0.0101973 secs] 16696K->14958K(31680K), 0.0105299 secs] [Times: user=0.00 sys=0.00, real=0.01 secs] 
2014-07-10T09:58:44.560+0200: 70.706: [GC (CMS Initial Mark) [1 CMS-initial-mark: 13898K(21888K)] 15024K(31680K), 0.0004062 secs] [Times: user=0.00 sys=0.00, real=0.00 secs] 
2014-07-10T09:58:44.561+0200: 70.706: [CMS-concurrent-mark-start]
2014-07-10T09:58:44.563+0200: 70.708: [CMS-concurrent-mark: 0.002/0.002 secs] [Times: user=0.00 sys=0.00, real=0.00 secs] 
2014-07-10T09:58:44.563+0200: 70.709: [CMS-concurrent-preclean-start]
2014-07-10T09:58:44.563+0200: 70.709: [CMS-concurrent-preclean: 0.000/0.000 secs] [Times: user=0.00 sys=0.00, real=0.00 secs] 
2014-07-10T09:58:44.563+0200: 70.709: [CMS-concurrent-abortable-preclean-start]
2014-07-10T09:58:44.591+0200: 70.736: [GC (Allocation Failure) 70.736: [ParNew: 9747K->9747K(9792K), 0.0000473 secs]70.737: [CMS2014-07-10T09:58:44.591+0200: 70.737: [CMS-concurrent-abortable-preclean: 0.000/0.028 secs] [Times: user=0.02 sys=0.00, real=0.03 secs] 
 (concurrent mode failure): 13898K->769K(21888K), 0.0033480 secs] 23646K->769K(31680K), [Metaspace: 2457K->2457K(1056768K)], 0.0035218 secs] [Times: user=0.00 sys=0.00, real=0.00 secs] 
2014-07-10T09:58:44.598+0200: 70.744: [GC (Allocation Failure) 70.744: [ParNew: 8697K->780K(9792K), 0.0009466 secs] 9466K->1549K(31680K), 0.0010570 secs] [Times: user=0.00 sys=0.00, real=0.00 secs] 
2014-07-10T09:58:44.646+0200: 70.791: [GC (Allocation Failure) 70.791: [ParNew: 9464K->1059K(9792K), 0.0101684 secs] 10233K->8685K(31680K), 0.0104026 secs] [Times: user=0.00 sys=0.00, real=0.01 secs] 
2014-07-10T09:58:44.656+0200: 70.802: [GC (CMS Initial Mark) [1 CMS-initial-mark: 7625K(21888K)] 8717K(31680K), 0.0002332 secs] [Times: user=0.00 sys=0.00, real=0.00 secs] 
2014-07-10T09:58:44.657+0200: 70.802: [CMS-concurrent-mark-start]
2014-07-10T09:58:44.658+0200: 70.803: [CMS-concurrent-mark: 0.001/0.001 secs] [Times: user=0.03 sys=0.00, real=0.00 secs] 
2014-07-10T09:58:44.658+0200: 70.803: [CMS-concurrent-preclean-start]
2014-07-10T09:58:44.658+0200: 70.804: [CMS-concurrent-preclean: 0.000/0.000 secs] [Times: user=0.00 sys=0.00, real=0.00 secs] 
2014-07-10T09:58:44.658+0200: 70.804: [CMS-concurrent-abortable-preclean-start]
2014-07-10T09:58:44.691+0200: 70.837: [GC (Allocation Failure) 70.837: [ParNew: 9747K->197K(9792K), 0.0006522 secs] 17373K->7824K(31680K), 0.0007805 secs] [Times: user=0.00 sys=0.00, real=0.00 secs] 
2014-07-10T09:58:44.741+0200: 70.887: [GC (Allocation Failure) 70.887: [ParNew: 8883K->678K(9792K), 0.0012825 secs] 16510K->8305K(31680K), 0.0014661 secs] [Times: user=0.00 sys=0.00, real=0.00 secs] 
2014-07-10T09:58:44.749+0200: 70.894: [GC (Allocation Failure) 70.895: [ParNew: 9364K->1059K(9792K), 0.0023512 secs] 16991K->8785K(31680K), 0.0025744 secs] [Times: user=0.00 sys=0.00, real=0.00 secs] 
2014-07-10T09:58:44.792+0200: 70.938: [GC (Allocation Failure) 70.938: [ParNew: 9745K->1059K(9792K), 0.0020480 secs] 17472K->9363K(31680K), 0.0022500 secs] [Times: user=0.00 sys=0.00, real=0.00 secs] 
2014-07-10T09:58:44.842+0200: 70.988: [GC (Allocation Failure) 70.988: [ParNew: 9745K->1059K(9792K), 0.0025169 secs] 18049K->10420K(31680K), 0.0027361 secs] [Times: user=0.03 sys=0.00, real=0.00 secs] 
2014-07-10T09:58:44.852+0200: 70.998: [GC (Allocation Failure) 70.998: [ParNew: 9755K->1059K(9792K), 0.0027658 secs] 19116K->11318K(31680K), 0.0029924 secs] [Times: user=0.00 sys=0.00, real=0.00 secs] 
2014-07-10T09:58:44.891+0200: 71.037: [GC (Allocation Failure) 71.037: [ParNew: 9751K->1059K(9792K), 0.0011497 secs] 20010K->11672K(31680K), 0.0012726 secs] [Times: user=0.00 sys=0.00, real=0.00 secs] 
2014-07-10T09:58:44.942+0200: 71.087: [GC (Allocation Failure) 71.087: [ParNew: 9745K->1059K(9792K), 0.0013030 secs] 20358K->12506K(31680K), 0.0014243 secs] [Times: user=0.00 sys=0.00, real=0.00 secs] 
2014-07-10T09:58:44.947+0200: 71.093: [GC (Allocation Failure) 71.093: [ParNew: 9745K->1059K(9792K), 0.0019545 secs] 21193K->13820K(31680K), 0.0021242 secs] [Times: user=0.00 sys=0.00, real=0.00 secs] 
2014-07-10T09:58:44.993+0200: 71.138: [GC (Allocation Failure) 71.138: [ParNew: 9745K->1059K(9792K), 0.0028604 secs] 22506K->15614K(31680K), 0.0030965 secs] [Times: user=0.00 sys=0.00, real=0.00 secs] 
2014-07-10T09:58:45.043+0200: 71.188: [GC (Allocation Failure) 71.189: [ParNew: 9746K->1061K(9792K), 0.0033554 secs] 24301K->17890K(31680K), 0.0036061 secs] [Times: user=0.00 sys=0.00, real=0.00 secs] 
2014-07-10T09:58:45.054+0200: 71.200: [GC (Allocation Failure) 71.200: [ParNew: 9747K->1059K(9792K), 0.0049890 secs] 26576K->20644K(31680K), 0.0052596 secs] [Times: user=0.00 sys=0.00, real=0.01 secs] 
2014-07-10T09:58:45.061+0200: 71.207: [CMS-concurrent-abortable-preclean: 0.006/0.403 secs] [Times: user=0.13 sys=0.01, real=0.40 secs] 
2014-07-10T09:58:45.061+0200: 71.207: [GC (CMS Final Remark) [YG occupancy: 3304 K (9792 K)]71.207: [Rescan (parallel) , 0.0004253 secs]71.207: [weak refs processing, 0.0000609 secs]71.207: [class unloading, 0.0011314 secs]71.209: [scrub symbol table, 0.0015596 secs]71.210: [scrub string table, 0.0004997 secs][1 CMS-remark: 19584K(21888K)] 22889K(31680K), 0.0040857 secs] [Times: user=0.02 sys=0.00, real=0.00 secs] 
2014-07-10T09:58:45.066+0200: 71.211: [CMS-concurrent-sweep-start]
2014-07-10T09:58:45.067+0200: 71.212: [CMS-concurrent-sweep: 0.001/0.001 secs] [Times: user=0.00 sys=0.00, real=0.00 secs] 
2014-07-10T09:58:45.067+0200: 71.212: [CMS-concurrent-reset-start]
2014-07-10T09:58:45.067+0200: 71.213: [CMS-concurrent-reset: 0.000/0.000 secs] [Times: user=0.00 sys=0.00, real=0.00 secs] 
2014-07-10T09:58:45.092+0200: 71.238: [GC (Allocation Failure) 71.238: [ParNew: 9751K->9751K(9792K), 0.0000704 secs]71.238: [CMS: 19293K->3749K(21888K), 0.0058004 secs] 29044K->3749K(31680K), [Metaspace: 2457K->2457K(1056768K)], 0.0060515 secs] [Times: user=0.01 sys=0.00, real=0.01 secs] 
2014-07-10T09:58:45.146+0200: 71.291: [GC (Allocation Failure) 71.291: [ParNew: 8686K->1059K(9792K), 0.0042184 secs] 12435K->7501K(31680K), 0.0044552 secs] [Times: user=0.00 sys=0.00, real=0.00 secs] 
2014-07-10T09:58:45.151+0200: 71.297: [GC (CMS Initial Mark) [1 CMS-initial-mark: 6442K(21888K)] 7568K(31680K), 0.0003978 secs] [Times: user=0.00 sys=0.00, real=0.00 secs] 
2014-07-10T09:58:45.152+0200: 71.298: [CMS-concurrent-mark-start]
2014-07-10T09:58:45.154+0200: 71.300: [CMS-concurrent-mark: 0.002/0.002 secs] [Times: user=0.00 sys=0.00, real=0.00 secs] 
2014-07-10T09:58:45.154+0200: 71.300: [CMS-concurrent-preclean-start]
2014-07-10T09:58:45.154+0200: 71.300: [CMS-concurrent-preclean: 0.000/0.000 secs] [Times: user=0.00 sys=0.00, real=0.00 secs] 
2014-07-10T09:58:45.155+0200: 71.300: [CMS-concurrent-abortable-preclean-start]
2014-07-10T09:58:45.160+0200: 71.306: [GC (Allocation Failure) 71.306: [ParNew: 9745K->1059K(9792K), 0.0049582 secs] 16188K->10672K(31680K), 0.0052475 secs] [Times: user=0.00 sys=0.00, real=0.01 secs] 
2014-07-10T09:58:45.192+0200: 71.338: [GC (Allocation Failure) 71.338: [ParNew: 9745K->1059K(9792K), 0.0035654 secs] 19358K->14323K(31680K), 0.0037026 secs] [Times: user=0.00 sys=0.00, real=0.00 secs] 
2014-07-10T09:58:45.244+0200: 71.389: [GC (Allocation Failure) 71.389: [ParNew: 9745K->1059K(9792K), 0.0069402 secs] 23009K->18454K(31680K), 0.0071844 secs] [Times: user=0.00 sys=0.02, real=0.01 secs] 
2014-07-10T09:58:45.257+0200: 71.403: [GC (Allocation Failure) 71.403: [ParNew: 9745K->9745K(9792K), 0.0000598 secs]71.403: [CMS2014-07-10T09:58:45.258+0200: 71.403: [CMS-concurrent-abortable-preclean: 0.003/0.103 secs] [Times: user=0.02 sys=0.02, real=0.10 secs] 
 (concurrent mode failure): 17394K->6150K(21888K), 0.0079257 secs] 27140K->6150K(31680K), [Metaspace: 2457K->2457K(1056768K)], 0.0082087 secs] [Times: user=0.00 sys=0.00, real=0.01 secs] 
2014-07-10T09:58:45.293+0200: 71.439: [GC (Allocation Failure) 71.439: [ParNew: 8686K->1059K(9792K), 0.0287724 secs] 14836K->12302K(31680K), 0.0289194 secs] [Times: user=0.03 sys=0.00, real=0.03 secs] 
2014-07-10T09:58:45.322+0200: 71.468: [GC (CMS Initial Mark) [1 CMS-initial-mark: 11242K(21888K)] 12368K(31680K), 0.0002035 secs] [Times: user=0.00 sys=0.00, real=0.00 secs] 
2014-07-10T09:58:45.323+0200: 71.468: [CMS-concurrent-mark-start]
2014-07-10T09:58:45.323+0200: 71.469: [CMS-concurrent-mark: 0.001/0.001 secs] [Times: user=0.00 sys=0.00, real=0.00 secs] 
2014-07-10T09:58:45.323+0200: 71.469: [CMS-concurrent-preclean-start]
2014-07-10T09:58:45.324+0200: 71.469: [CMS-concurrent-preclean: 0.000/0.000 secs] [Times: user=0.00 sys=0.00, real=0.00 secs] 
2014-07-10T09:58:45.324+0200: 71.469: [CMS-concurrent-abortable-preclean-start]
2014-07-10T09:58:45.343+0200: 71.489: [GC (Allocation Failure) 71.489: [ParNew: 9745K->1059K(9792K), 0.0049505 secs] 20988K->17876K(31680K), 0.0051155 secs] [Times: user=0.03 sys=0.00, real=0.01 secs] 
2014-07-10T09:58:45.353+0200: 71.498: [GC (Allocation Failure) 71.498: [ParNew: 9745K->9745K(9792K), 0.0000447 secs]71.499: [CMS2014-07-10T09:58:45.353+0200: 71.499: [CMS-concurrent-abortable-preclean: 0.001/0.029 secs] [Times: user=0.03 sys=0.00, real=0.03 secs] 
 (concurrent mode failure): 16816K->7590K(21888K), 0.0087070 secs] 26562K->7590K(31680K), [Metaspace: 2457K->2457K(1056768K)], 0.0088918 secs] [Times: user=0.01 sys=0.00, real=0.01 secs] 
2014-07-10T09:58:45.393+0200: 71.539: [GC (Allocation Failure) 71.539: [ParNew: 8701K->1059K(9792K), 0.0173715 secs] 16292K->13134K(31680K), 0.0175056 secs] [Times: user=0.02 sys=0.00, real=0.02 secs] 
2014-07-10T09:58:45.412+0200: 71.558: [GC (CMS Initial Mark) [1 CMS-initial-mark: 12075K(21888K)] 15795K(31680K), 0.0002431 secs] [Times: user=0.00 sys=0.00, real=0.00 secs] 
2014-07-10T09:58:45.412+0200: 71.558: [CMS-concurrent-mark-start]
2014-07-10T09:58:45.413+0200: 71.559: [CMS-concurrent-mark: 0.001/0.001 secs] [Times: user=0.00 sys=0.00, real=0.00 secs] 
2014-07-10T09:58:45.413+0200: 71.559: [CMS-concurrent-preclean-start]
2014-07-10T09:58:45.413+0200: 71.559: [CMS-concurrent-preclean: 0.000/0.000 secs] [Times: user=0.00 sys=0.00, real=0.00 secs] 
2014-07-10T09:58:45.413+0200: 71.559: [CMS-concurrent-abortable-preclean-start]
2014-07-10T09:58:45.448+0200: 71.594: [GC (Allocation Failure) 71.594: [ParNew: 9745K->1059K(9792K), 0.0066440 secs] 21820K->18101K(31680K), 0.0067738 secs] [Times: user=0.02 sys=0.00, real=0.01 secs] 
2014-07-10T09:58:45.461+0200: 71.607: [GC (Allocation Failure) 71.607: [ParNew: 9745K->9745K(9792K), 0.0000436 secs]71.607: [CMS2014-07-10T09:58:45.461+0200: 71.607: [CMS-concurrent-abortable-preclean: 0.001/0.048 secs] [Times: user=0.02 sys=0.00, real=0.05 secs] 
 (concurrent mode failure): 17042K->6983K(21888K), 0.0079521 secs] 26788K->6983K(31680K), [Metaspace: 2457K->2457K(1056768K)], 0.0081204 secs] [Times: user=0.02 sys=0.00, real=0.01 secs] 
2014-07-10T09:58:45.493+0200: 71.639: [GC (Allocation Failure) 71.639: [ParNew: 8686K->1059K(9792K), 0.0051936 secs] 15669K->13969K(31680K), 0.0053208 secs] [Times: user=0.00 sys=0.00, real=0.00 secs] 
2014-07-10T09:58:45.499+0200: 71.644: [GC (CMS Initial Mark) [1 CMS-initial-mark: 12910K(21888K)] 14035K(31680K), 0.0001741 secs] [Times: user=0.00 sys=0.00, real=0.00 secs] 
2014-07-10T09:58:45.499+0200: 71.644: [CMS-concurrent-mark-start]
2014-07-10T09:58:45.499+0200: 71.645: [CMS-concurrent-mark: 0.001/0.001 secs] [Times: user=0.00 sys=0.02, real=0.00 secs] 
2014-07-10T09:58:45.500+0200: 71.645: [CMS-concurrent-preclean-start]
2014-07-10T09:58:45.500+0200: 71.645: [CMS-concurrent-preclean: 0.000/0.000 secs] [Times: user=0.00 sys=0.00, real=0.00 secs] 
2014-07-10T09:58:45.500+0200: 71.646: [GC (CMS Final Remark) [YG occupancy: 2278 K (9792 K)]71.646: [Rescan (parallel) , 0.0000851 secs]71.646: [weak refs processing, 0.0000279 secs]71.646: [class unloading, 0.0004770 secs]71.646: [scrub symbol table, 0.0005873 secs]71.647: [scrub string table, 0.0001752 secs][1 CMS-remark: 12910K(21888K)] 15188K(31680K), 0.0014742 secs] [Times: user=0.00 sys=0.00, real=0.00 secs] 
2014-07-10T09:58:45.502+0200: 71.647: [CMS-concurrent-sweep-start]
2014-07-10T09:58:45.502+0200: 71.647: [CMS-concurrent-sweep: 0.000/0.000 secs] [Times: user=0.00 sys=0.00, real=0.00 secs] 
2014-07-10T09:58:45.502+0200: 71.647: [CMS-concurrent-reset-start]
2014-07-10T09:58:45.502+0200: 71.648: [CMS-concurrent-reset: 0.000/0.000 secs] [Times: user=0.00 sys=0.00, real=0.00 secs] 
2014-07-10T09:58:45.543+0200: 71.689: [GC (Allocation Failure) 71.689: [ParNew: 9745K->1059K(9792K), 0.0055214 secs] 16155K->13873K(31680K), 0.0056479 secs] [Times: user=0.03 sys=0.00, real=0.01 secs] 
2014-07-10T09:58:45.549+0200: 71.695: [GC (CMS Initial Mark) [1 CMS-initial-mark: 12814K(21888K)] 13905K(31680K), 0.0002035 secs] [Times: user=0.00 sys=0.00, real=0.00 secs] 
2014-07-10T09:58:45.550+0200: 71.695: [CMS-concurrent-mark-start]
2014-07-10T09:58:45.550+0200: 71.696: [CMS-concurrent-mark: 0.001/0.001 secs] [Times: user=0.00 sys=0.00, real=0.00 secs] 
2014-07-10T09:58:45.550+0200: 71.696: [CMS-concurrent-preclean-start]
2014-07-10T09:58:45.551+0200: 71.696: [CMS-concurrent-preclean: 0.000/0.000 secs] [Times: user=0.00 sys=0.00, real=0.00 secs] 
2014-07-10T09:58:45.551+0200: 71.696: [CMS-concurrent-abortable-preclean-start]
2014-07-10T09:58:45.553+0200: 71.699: [GC (Allocation Failure) 71.699: [ParNew: 9745K->9745K(9792K), 0.0000594 secs]71.699: [CMS2014-07-10T09:58:45.554+0200: 71.699: [CMS-concurrent-abortable-preclean: 0.000/0.003 secs] [Times: user=0.00 sys=0.00, real=0.00 secs] 
 (concurrent mode failure): 12814K->8423K(21888K), 0.0078997 secs] 22559K->8423K(31680K), [Metaspace: 2457K->2457K(1056768K)], 0.0080841 secs] [Times: user=0.00 sys=0.00, real=0.01 secs] 
2014-07-10T09:58:45.612+0200: 71.757: [GC (Allocation Failure) 71.757: [ParNew: 8696K->234K(9792K), 0.0007278 secs] 17120K->8658K(31680K), 0.0008256 secs] [Times: user=0.00 sys=0.00, real=0.00 secs] 
2014-07-10T09:58:45.643+0200: 71.789: [GC (Allocation Failure) 71.789: [ParNew: 8916K->1061K(9792K), 0.0059232 secs] 17340K->16308K(31680K), 0.0060911 secs] [Times: user=0.00 sys=0.00, real=0.01 secs] 
2014-07-10T09:58:45.650+0200: 71.795: [GC (CMS Initial Mark) [1 CMS-initial-mark: 15247K(21888K)] 16340K(31680K), 0.0002779 secs] [Times: user=0.00 sys=0.00, real=0.00 secs] 
2014-07-10T09:58:45.650+0200: 71.796: [CMS-concurrent-mark-start]
2014-07-10T09:58:45.651+0200: 71.796: [CMS-concurrent-mark: 0.001/0.001 secs] [Times: user=0.00 sys=0.00, real=0.00 secs] 
2014-07-10T09:58:45.651+0200: 71.797: [CMS-concurrent-preclean-start]
2014-07-10T09:58:45.651+0200: 71.797: [CMS-concurrent-preclean: 0.000/0.000 secs] [Times: user=0.00 sys=0.00, real=0.00 secs] 
2014-07-10T09:58:45.651+0200: 71.797: [CMS-concurrent-abortable-preclean-start]
2014-07-10T09:58:45.691+0200: 71.836: [GC (Allocation Failure) 71.836: [ParNew: 9749K->9749K(9792K), 0.0000414 secs]71.836: [CMS2014-07-10T09:58:45.691+0200: 71.837: [CMS-concurrent-abortable-preclean: 0.000/0.040 secs] [Times: user=0.00 sys=0.00, real=0.04 secs] 
 (concurrent mode failure): 15247K->644K(21888K), 0.0026269 secs] 24997K->644K(31680K), [Metaspace: 2457K->2457K(1056768K)], 0.0027636 secs] [Times: user=0.00 sys=0.00, real=0.00 secs] 
2014-07-10T09:58:45.741+0200: 71.887: [GC (Allocation Failure) 71.887: [ParNew: 8686K->643K(9792K), 0.0013059 secs] 9330K->1287K(31680K), 0.0014859 secs] [Times: user=0.00 sys=0.00, real=0.00 secs] 
2014-07-10T09:58:45.749+0200: 71.895: [GC (Allocation Failure) 71.895: [ParNew: 9329K->1059K(9792K), 0.0024329 secs] 9973K->1772K(31680K), 0.0026716 secs] [Times: user=0.03 sys=0.00, real=0.00 secs] 
2014-07-10T09:58:45.792+0200: 71.938: [GC (Allocation Failure) 71.938: [ParNew: 9745K->1059K(9792K), 0.0019732 secs] 10459K->2318K(31680K), 0.0021785 secs] [Times: user=0.00 sys=0.00, real=0.00 secs] 
2014-07-10T09:58:45.842+0200: 71.988: [GC (Allocation Failure) 71.988: [ParNew: 9745K->1059K(9792K), 0.0024120 secs] 11004K->3343K(31680K), 0.0026287 secs] [Times: user=0.03 sys=0.00, real=0.00 secs] 
2014-07-10T09:58:45.852+0200: 71.998: [GC (Allocation Failure) 71.998: [ParNew: 9745K->1059K(9792K), 0.0033158 secs] 12029K->4849K(31680K), 0.0035647 secs] [Times: user=0.00 sys=0.00, real=0.00 secs] 
2014-07-10T09:58:45.892+0200: 72.037: [GC (Allocation Failure) 72.038: [ParNew: 9760K->1059K(9792K), 0.0238600 secs] 13550K->5170K(31680K), 0.0240466 secs] [Times: user=0.02 sys=0.00, real=0.02 secs] 
2014-07-10T09:58:45.942+0200: 72.087: [GC (Allocation Failure) 72.087: [ParNew: 9745K->1059K(9792K), 0.0010966 secs] 13856K->5973K(31680K), 0.0012011 secs] [Times: user=0.00 sys=0.00, real=0.00 secs] 
2014-07-10T09:58:45.947+0200: 72.092: [GC (Allocation Failure) 72.092: [ParNew: 9745K->1059K(9792K), 0.0018130 secs] 14660K->7255K(31680K), 0.0019464 secs] [Times: user=0.00 sys=0.00, real=0.00 secs] 
2014-07-10T09:58:45.992+0200: 72.138: [GC (Allocation Failure) 72.138: [ParNew: 9745K->1059K(9792K), 0.0016681 secs] 15941K->9017K(31680K), 0.0017943 secs] [Times: user=0.00 sys=0.00, real=0.00 secs] 
2014-07-10T09:58:46.043+0200: 72.188: [GC (Allocation Failure) 72.188: [ParNew: 9745K->1059K(9792K), 0.0035262 secs] 17703K->11259K(31680K), 0.0037931 secs] [Times: user=0.03 sys=0.00, real=0.00 secs] 
2014-07-10T09:58:46.054+0200: 72.199: [GC (Allocation Failure) 72.200: [ParNew: 9745K->1059K(9792K), 0.0048809 secs] 19945K->13982K(31680K), 0.0052347 secs] [Times: user=0.00 sys=0.00, real=0.01 secs] 
2014-07-10T09:58:46.059+0200: 72.205: [GC (CMS Initial Mark) [1 CMS-initial-mark: 12922K(21888K)] 14048K(31680K), 0.0004297 secs] [Times: user=0.00 sys=0.00, real=0.00 secs] 
2014-07-10T09:58:46.060+0200: 72.206: [CMS-concurrent-mark-start]
2014-07-10T09:58:46.062+0200: 72.208: [CMS-concurrent-mark: 0.002/0.002 secs] [Times: user=0.03 sys=0.00, real=0.00 secs] 
2014-07-10T09:58:46.062+0200: 72.208: [CMS-concurrent-preclean-start]
2014-07-10T09:58:46.063+0200: 72.208: [CMS-concurrent-preclean: 0.000/0.000 secs] [Times: user=0.00 sys=0.00, real=0.00 secs] 
2014-07-10T09:58:46.063+0200: 72.209: [CMS-concurrent-abortable-preclean-start]
2014-07-10T09:58:46.092+0200: 72.238: [GC (Allocation Failure) 72.238: [ParNew: 9745K->1059K(9792K), 0.0031537 secs] 22668K->17184K(31680K), 0.0033227 secs] [Times: user=0.01 sys=0.00, real=0.00 secs] 
2014-07-10T09:58:46.142+0200: 72.287: [GC (Allocation Failure) 72.287: [ParNew: 9755K->1061K(9792K), 0.0021532 secs] 25880K->19332K(31680K), 0.0023655 secs] [Times: user=0.00 sys=0.00, real=0.00 secs] 
2014-07-10T09:58:46.150+0200: 72.295: [GC (Allocation Failure) 72.295: [ParNew: 9747K->1059K(9792K), 0.0027673 secs] 28019K->21958K(31680K), 0.0029513 secs] [Times: user=0.00 sys=0.00, real=0.00 secs] 
2014-07-10T09:58:46.153+0200: 72.298: [CMS-concurrent-abortable-preclean: 0.001/0.090 secs] [Times: user=0.01 sys=0.00, real=0.09 secs] 
2014-07-10T09:58:46.153+0200: 72.299: [GC (CMS Final Remark) [YG occupancy: 1221 K (9792 K)]72.299: [Rescan (parallel) , 0.0001972 secs]72.299: [weak refs processing, 0.0000363 secs]72.299: [class unloading, 0.0008924 secs]72.300: [scrub symbol table, 0.0007311 secs]72.301: [scrub string table, 0.0002651 secs][1 CMS-remark: 20898K(21888K)] 22120K(31680K), 0.0023196 secs] [Times: user=0.00 sys=0.00, real=0.00 secs] 
2014-07-10T09:58:46.155+0200: 72.301: [CMS-concurrent-sweep-start]
2014-07-10T09:58:46.156+0200: 72.302: [CMS-concurrent-sweep: 0.001/0.001 secs] [Times: user=0.03 sys=0.00, real=0.00 secs] 
2014-07-10T09:58:46.156+0200: 72.302: [CMS-concurrent-reset-start]
2014-07-10T09:58:46.156+0200: 72.302: [CMS-concurrent-reset: 0.000/0.000 secs] [Times: user=0.00 sys=0.00, real=0.00 secs] 
2014-07-10T09:58:46.193+0200: 72.339: [GC (Allocation Failure) 72.339: [ParNew: 9745K->1059K(9792K), 0.0048527 secs] 20930K->15351K(31680K), 0.0051141 secs] [Times: user=0.00 sys=0.00, real=0.00 secs] 
2014-07-10T09:58:46.199+0200: 72.345: [GC (CMS Initial Mark) [1 CMS-initial-mark: 14291K(21888K)] 15417K(31680K), 0.0004114 secs] [Times: user=0.00 sys=0.00, real=0.00 secs] 
2014-07-10T09:58:46.199+0200: 72.345: [CMS-concurrent-mark-start]
2014-07-10T09:58:46.202+0200: 72.347: [CMS-concurrent-mark: 0.002/0.002 secs] [Times: user=0.03 sys=0.00, real=0.00 secs] 
2014-07-10T09:58:46.202+0200: 72.348: [CMS-concurrent-preclean-start]
2014-07-10T09:58:46.202+0200: 72.348: [CMS-concurrent-preclean: 0.000/0.000 secs] [Times: user=0.00 sys=0.00, real=0.00 secs] 
2014-07-10T09:58:46.202+0200: 72.348: [CMS-concurrent-abortable-preclean-start]
2014-07-10T09:58:46.242+0200: 72.388: [GC (Allocation Failure) 72.388: [ParNew: 9745K->1059K(9792K), 0.0033924 secs] 24037K->18938K(31680K), 0.0035680 secs] [Times: user=0.00 sys=0.00, real=0.00 secs] 
2014-07-10T09:58:46.250+0200: 72.396: [GC (Allocation Failure) 72.396: [ParNew: 9745K->9745K(9792K), 0.0000620 secs]72.396: [CMS2014-07-10T09:58:46.250+0200: 72.396: [CMS-concurrent-abortable-preclean: 0.001/0.048 secs] [Times: user=0.02 sys=0.00, real=0.05 secs] 
 (concurrent mode failure): 17878K->5607K(21888K), 0.0073072 secs] 27624K->5607K(31680K), [Metaspace: 2457K->2457K(1056768K)], 0.0075903 secs] [Times: user=0.00 sys=0.00, real=0.01 secs] 
2014-07-10T09:58:46.293+0200: 72.439: [GC (Allocation Failure) 72.439: [ParNew: 8686K->1059K(9792K), 0.0052669 secs] 14293K->11215K(31680K), 0.0054059 secs] [Times: user=0.02 sys=0.00, real=0.01 secs] 
2014-07-10T09:58:46.300+0200: 72.446: [GC (CMS Initial Mark) [1 CMS-initial-mark: 10155K(21888K)] 13812K(31680K), 0.0002302 secs] [Times: user=0.00 sys=0.00, real=0.00 secs] 
2014-07-10T09:58:46.300+0200: 72.446: [CMS-concurrent-mark-start]
2014-07-10T09:58:46.301+0200: 72.446: [CMS-concurrent-mark: 0.001/0.001 secs] [Times: user=0.00 sys=0.00, real=0.00 secs] 
2014-07-10T09:58:46.301+0200: 72.446: [CMS-concurrent-preclean-start]
2014-07-10T09:58:46.301+0200: 72.447: [CMS-concurrent-preclean: 0.000/0.000 secs] [Times: user=0.00 sys=0.00, real=0.00 secs] 
2014-07-10T09:58:46.301+0200: 72.447: [CMS-concurrent-abortable-preclean-start]
2014-07-10T09:58:46.343+0200: 72.489: [GC (Allocation Failure) 72.489: [ParNew: 9745K->1059K(9792K), 0.0323756 secs] 19901K->16242K(31680K), 0.0325142 secs] [Times: user=0.03 sys=0.00, real=0.03 secs] 
2014-07-10T09:58:46.380+0200: 72.525: [GC (Allocation Failure) 72.526: [ParNew: 9745K->9745K(9792K), 0.0000458 secs]72.526: [CMS2014-07-10T09:58:46.380+0200: 72.526: [CMS-concurrent-abortable-preclean: 0.000/0.079 secs] [Times: user=0.05 sys=0.00, real=0.08 secs] 
 (concurrent mode failure): 15183K->7048K(21888K), 0.0079231 secs] 24929K->7048K(31680K), [Metaspace: 2457K->2457K(1056768K)], 0.0081310 secs] [Times: user=0.00 sys=0.00, real=0.01 secs] 
2014-07-10T09:58:46.393+0200: 72.539: [GC (Allocation Failure) 72.539: [ParNew: 8695K->1059K(9792K), 0.0128048 secs] 15743K->12560K(31680K), 0.0129170 secs] [Times: user=0.00 sys=0.00, real=0.01 secs] 
2014-07-10T09:58:46.407+0200: 72.552: [GC (CMS Initial Mark) [1 CMS-initial-mark: 11500K(21888K)] 12626K(31680K), 0.0001602 secs] [Times: user=0.00 sys=0.00, real=0.00 secs] 
2014-07-10T09:58:46.407+0200: 72.553: [CMS-concurrent-mark-start]
2014-07-10T09:58:46.408+0200: 72.553: [CMS-concurrent-mark: 0.001/0.001 secs] [Times: user=0.00 sys=0.00, real=0.00 secs] 
2014-07-10T09:58:46.408+0200: 72.553: [CMS-concurrent-preclean-start]
2014-07-10T09:58:46.408+0200: 72.553: [CMS-concurrent-preclean: 0.000/0.000 secs] [Times: user=0.00 sys=0.00, real=0.00 secs] 
2014-07-10T09:58:46.408+0200: 72.553: [CMS-concurrent-abortable-preclean-start]
2014-07-10T09:58:46.443+0200: 72.588: [GC (Allocation Failure) 72.588: [ParNew: 9745K->1059K(9792K), 0.0046356 secs] 21246K->17494K(31680K), 0.0047705 secs] [Times: user=0.00 sys=0.00, real=0.00 secs] 
2014-07-10T09:58:46.451+0200: 72.597: [GC (Allocation Failure) 72.597: [ParNew: 9745K->9745K(9792K), 0.0000455 secs]72.597: [CMS2014-07-10T09:58:46.452+0200: 72.597: [CMS-concurrent-abortable-preclean: 0.001/0.044 secs] [Times: user=0.00 sys=0.01, real=0.04 secs] 
 (concurrent mode failure): 16435K->6952K(21888K), 0.0101189 secs] 26181K->6952K(31680K), [Metaspace: 2457K->2457K(1056768K)], 0.0104334 secs] [Times: user=0.00 sys=0.01, real=0.01 secs] 
2014-07-10T09:58:46.493+0200: 72.639: [GC (Allocation Failure) 72.639: [ParNew: 8686K->1059K(9792K), 0.0051401 secs] 15638K->13906K(31680K), 0.0052622 secs] [Times: user=0.00 sys=0.00, real=0.00 secs] 
2014-07-10T09:58:46.499+0200: 72.644: [GC (CMS Initial Mark) [1 CMS-initial-mark: 12847K(21888K)] 13972K(31680K), 0.0001756 secs] [Times: user=0.00 sys=0.00, real=0.00 secs] 
2014-07-10T09:58:46.499+0200: 72.644: [CMS-concurrent-mark-start]
2014-07-10T09:58:46.499+0200: 72.645: [CMS-concurrent-mark: 0.001/0.001 secs] [Times: user=0.00 sys=0.00, real=0.00 secs] 
2014-07-10T09:58:46.499+0200: 72.645: [CMS-concurrent-preclean-start]
2014-07-10T09:58:46.500+0200: 72.645: [CMS-concurrent-preclean: 0.000/0.000 secs] [Times: user=0.00 sys=0.00, real=0.00 secs] 
2014-07-10T09:58:46.500+0200: 72.645: [GC (CMS Final Remark) [YG occupancy: 2310 K (9792 K)]72.645: [Rescan (parallel) , 0.0000796 secs]72.645: [weak refs processing, 0.0000253 secs]72.646: [class unloading, 0.0004180 secs]72.646: [scrub symbol table, 0.0006713 secs]72.647: [scrub string table, 0.0001639 secs][1 CMS-remark: 12847K(21888K)] 15157K(31680K), 0.0014738 secs] [Times: user=0.00 sys=0.00, real=0.00 secs] 
2014-07-10T09:58:46.501+0200: 72.647: [CMS-concurrent-sweep-start]
2014-07-10T09:58:46.501+0200: 72.647: [CMS-concurrent-sweep: 0.000/0.000 secs] [Times: user=0.00 sys=0.00, real=0.00 secs] 
2014-07-10T09:58:46.501+0200: 72.647: [CMS-concurrent-reset-start]
2014-07-10T09:58:46.501+0200: 72.647: [CMS-concurrent-reset: 0.000/0.000 secs] [Times: user=0.00 sys=0.00, real=0.00 secs] 
2014-07-10T09:58:46.543+0200: 72.689: [GC (Allocation Failure) 72.689: [ParNew: 9745K->1059K(9792K), 0.0080298 secs] 16124K->13810K(31680K), 0.0082535 secs] [Times: user=0.03 sys=0.00, real=0.01 secs] 
2014-07-10T09:58:46.552+0200: 72.697: [GC (CMS Initial Mark) [1 CMS-initial-mark: 12751K(21888K)] 13908K(31680K), 0.0003905 secs] [Times: user=0.00 sys=0.00, real=0.00 secs] 
2014-07-10T09:58:46.552+0200: 72.698: [CMS-concurrent-mark-start]
2014-07-10T09:58:46.554+0200: 72.700: [CMS-concurrent-mark: 0.002/0.002 secs] [Times: user=0.00 sys=0.00, real=0.00 secs] 
2014-07-10T09:58:46.554+0200: 72.700: [CMS-concurrent-preclean-start]
2014-07-10T09:58:46.555+0200: 72.700: [CMS-concurrent-preclean: 0.000/0.000 secs] [Times: user=0.00 sys=0.00, real=0.00 secs] 
2014-07-10T09:58:46.555+0200: 72.701: [CMS-concurrent-abortable-preclean-start]
2014-07-10T09:58:46.559+0200: 72.705: [GC (Allocation Failure) 72.705: [ParNew: 9745K->9745K(9792K), 0.0001181 secs]72.705: [CMS2014-07-10T09:58:46.559+0200: 72.705: [CMS-concurrent-abortable-preclean: 0.000/0.005 secs] [Times: user=0.00 sys=0.00, real=0.00 secs] 
 (concurrent mode failure): 12751K->8393K(21888K), 0.0163057 secs] 22496K->8393K(31680K), [Metaspace: 2457K->2457K(1056768K)], 0.0166870 secs] [Times: user=0.02 sys=0.00, real=0.02 secs] 
2014-07-10T09:58:46.594+0200: 72.740: [GC (Allocation Failure) 72.740: [ParNew: 8696K->204K(9792K), 0.0006057 secs] 17089K->8597K(31680K), 0.0007094 secs] [Times: user=0.00 sys=0.00, real=0.00 secs] 
2014-07-10T09:58:46.648+0200: 72.794: [GC (Allocation Failure) 72.794: [ParNew: 8886K->1061K(9792K), 0.0094934 secs] 17279K->16245K(31680K), 0.0098655 secs] [Times: user=0.03 sys=0.00, real=0.01 secs] 
2014-07-10T09:58:46.661+0200: 72.807: [GC (CMS Initial Mark) [1 CMS-initial-mark: 15184K(21888K)] 16311K(31680K), 0.0004583 secs] [Times: user=0.00 sys=0.00, real=0.00 secs] 
2014-07-10T09:58:46.662+0200: 72.808: [CMS-concurrent-mark-start]
2014-07-10T09:58:46.664+0200: 72.810: [CMS-concurrent-mark: 0.002/0.002 secs] [Times: user=0.00 sys=0.00, real=0.00 secs] 
2014-07-10T09:58:46.664+0200: 72.810: [CMS-concurrent-preclean-start]
2014-07-10T09:58:46.665+0200: 72.810: [CMS-concurrent-preclean: 0.000/0.000 secs] [Times: user=0.00 sys=0.00, real=0.00 secs] 
2014-07-10T09:58:46.665+0200: 72.810: [CMS-concurrent-abortable-preclean-start]
2014-07-10T09:58:46.691+0200: 72.836: [GC (Allocation Failure) 72.837: [ParNew: 9749K->9749K(9792K), 0.0000477 secs]72.837: [CMS2014-07-10T09:58:46.691+0200: 72.837: [CMS-concurrent-abortable-preclean: 0.000/0.026 secs] [Times: user=0.00 sys=0.00, real=0.03 secs] 
 (concurrent mode failure): 15184K->613K(21888K), 0.0033799 secs] 24934K->613K(31680K), [Metaspace: 2457K->2457K(1056768K)], 0.0035581 secs] [Times: user=0.00 sys=0.00, real=0.00 secs] 
2014-07-10T09:58:46.741+0200: 72.887: [GC (Allocation Failure) 72.887: [ParNew: 8686K->611K(9792K), 0.0012517 secs] 9299K->1224K(31680K), 0.0014471 secs] [Times: user=0.00 sys=0.00, real=0.00 secs] 
2014-07-10T09:58:46.749+0200: 72.895: [GC (Allocation Failure) 72.895: [ParNew: 9297K->1059K(9792K), 0.0022170 secs] 9910K->1709K(31680K), 0.0024736 secs] [Times: user=0.00 sys=0.00, real=0.00 secs] 
2014-07-10T09:58:46.792+0200: 72.938: [GC (Allocation Failure) 72.938: [ParNew: 9745K->1059K(9792K), 0.0020040 secs] 10396K->2223K(31680K), 0.0021976 secs] [Times: user=0.00 sys=0.00, real=0.00 secs] 
2014-07-10T09:58:46.842+0200: 72.988: [GC (Allocation Failure) 72.988: [ParNew: 9745K->1059K(9792K), 0.0023149 secs] 10909K->3216K(31680K), 0.0025473 secs] [Times: user=0.00 sys=0.00, real=0.00 secs] 
2014-07-10T09:58:46.852+0200: 72.998: [GC (Allocation Failure) 72.998: [ParNew: 9760K->869K(9792K), 0.0018005 secs] 11918K->3027K(31680K), 0.0020260 secs] [Times: user=0.00 sys=0.00, real=0.00 secs] 
2014-07-10T09:58:46.891+0200: 73.037: [GC (Allocation Failure) 73.037: [ParNew: 9561K->835K(9792K), 0.0013895 secs] 11719K->2996K(31680K), 0.0016370 secs] [Times: user=0.00 sys=0.00, real=0.00 secs] 
2014-07-10T09:58:46.942+0200: 73.087: [GC (Allocation Failure) 73.088: [ParNew: 9521K->1059K(9792K), 0.0017910 secs] 11682K->3478K(31680K), 0.0019966 secs] [Times: user=0.00 sys=0.00, real=0.00 secs] 
2014-07-10T09:58:46.951+0200: 73.097: [GC (Allocation Failure) 73.097: [ParNew: 9745K->1059K(9792K), 0.0026533 secs] 12164K->4215K(31680K), 0.0029213 secs] [Times: user=0.00 sys=0.00, real=0.00 secs] 
2014-07-10T09:58:46.992+0200: 73.138: [GC (Allocation Failure) 73.138: [ParNew: 9745K->1059K(9792K), 0.0022284 secs] 12902K->5433K(31680K), 0.0024465 secs] [Times: user=0.00 sys=0.00, real=0.00 secs] 
2014-07-10T09:58:47.043+0200: 73.188: [GC (Allocation Failure) 73.189: [ParNew: 9745K->1059K(9792K), 0.0028523 secs] 14119K->7131K(31680K), 0.0030830 secs] [Times: user=0.03 sys=0.00, real=0.00 secs] 
2014-07-10T09:58:47.053+0200: 73.199: [GC (Allocation Failure) 73.199: [ParNew: 9745K->1059K(9792K), 0.0042158 secs] 15817K->9309K(31680K), 0.0044886 secs] [Times: user=0.00 sys=0.00, real=0.00 secs] 
2014-07-10T09:58:47.093+0200: 73.239: [GC (Allocation Failure) 73.239: [ParNew: 9751K->1059K(9792K), 0.0025957 secs] 18001K->10943K(31680K), 0.0028289 secs] [Times: user=0.00 sys=0.00, real=0.00 secs] 
2014-07-10T09:58:47.142+0200: 73.288: [GC (Allocation Failure) 73.323: [ParNew: 9745K->1059K(9792K), 0.0033546 secs] 19629K->13058K(31680K), 0.0382786 secs] [Times: user=0.00 sys=0.00, real=0.04 secs] 
2014-07-10T09:58:47.189+0200: 73.335: [GC (Allocation Failure) 73.335: [ParNew: 9745K->1059K(9792K), 0.0042910 secs] 21744K->15652K(31680K), 0.0045443 secs] [Times: user=0.00 sys=0.00, real=0.00 secs] 
2014-07-10T09:58:47.194+0200: 73.340: [GC (CMS Initial Mark) [1 CMS-initial-mark: 14592K(21888K)] 15718K(31680K), 0.0003593 secs] [Times: user=0.00 sys=0.00, real=0.00 secs] 
2014-07-10T09:58:47.195+0200: 73.340: [CMS-concurrent-mark-start]
2014-07-10T09:58:47.197+0200: 73.343: [CMS-concurrent-mark: 0.002/0.002 secs] [Times: user=0.00 sys=0.00, real=0.00 secs] 
2014-07-10T09:58:47.197+0200: 73.343: [CMS-concurrent-preclean-start]
2014-07-10T09:58:47.197+0200: 73.343: [CMS-concurrent-preclean: 0.000/0.000 secs] [Times: user=0.00 sys=0.00, real=0.00 secs] 
2014-07-10T09:58:47.197+0200: 73.343: [CMS-concurrent-abortable-preclean-start]
2014-07-10T09:58:47.202+0200: 73.347: [GC (Allocation Failure) 73.348: [ParNew: 9745K->1059K(9792K), 0.0046895 secs] 24338K->18726K(31680K), 0.0048989 secs] [Times: user=0.00 sys=0.00, real=0.01 secs] 
2014-07-10T09:58:47.242+0200: 73.388: [GC (Allocation Failure) 73.388: [ParNew: 9745K->1059K(9792K), 0.0034349 secs] 27413K->22281K(31680K), 0.0035706 secs] [Times: user=0.00 sys=0.00, real=0.00 secs] 
2014-07-10T09:58:47.246+0200: 73.391: [CMS-concurrent-abortable-preclean: 0.001/0.048 secs] [Times: user=0.02 sys=0.00, real=0.05 secs] 
2014-07-10T09:58:47.246+0200: 73.391: [GC (CMS Final Remark) [YG occupancy: 1189 K (9792 K)]73.391: [Rescan (parallel) , 0.0001694 secs]73.392: [weak refs processing, 0.0000304 secs]73.392: [class unloading, 0.0005265 secs]73.392: [scrub symbol table, 0.0006280 secs]73.393: [scrub string table, 0.0001870 secs][1 CMS-remark: 21222K(21888K)] 22411K(31680K), 0.0016810 secs] [Times: user=0.00 sys=0.00, real=0.00 secs] 
2014-07-10T09:58:47.247+0200: 73.393: [CMS-concurrent-sweep-start]
2014-07-10T09:58:47.248+0200: 73.394: [CMS-concurrent-sweep: 0.000/0.000 secs] [Times: user=0.03 sys=0.00, real=0.00 secs] 
2014-07-10T09:58:47.248+0200: 73.394: [CMS-concurrent-reset-start]
2014-07-10T09:58:47.248+0200: 73.394: [CMS-concurrent-reset: 0.000/0.000 secs] [Times: user=0.00 sys=0.00, real=0.00 secs] 
2014-07-10T09:58:47.251+0200: 73.397: [GC (Allocation Failure) 73.397: [ParNew: 9745K->1059K(9792K), 0.0047335 secs] 19457K->14806K(31680K), 0.0048824 secs] [Times: user=0.00 sys=0.00, real=0.01 secs] 
2014-07-10T09:58:47.256+0200: 73.402: [GC (CMS Initial Mark) [1 CMS-initial-mark: 13746K(21888K)] 14904K(31680K), 0.0001961 secs] [Times: user=0.00 sys=0.00, real=0.00 secs] 
2014-07-10T09:58:47.256+0200: 73.402: [CMS-concurrent-mark-start]
2014-07-10T09:58:47.257+0200: 73.403: [CMS-concurrent-mark: 0.001/0.001 secs] [Times: user=0.00 sys=0.00, real=0.00 secs] 
2014-07-10T09:58:47.257+0200: 73.403: [CMS-concurrent-preclean-start]
2014-07-10T09:58:47.257+0200: 73.403: [CMS-concurrent-preclean: 0.000/0.000 secs] [Times: user=0.00 sys=0.00, real=0.00 secs] 
2014-07-10T09:58:47.257+0200: 73.403: [CMS-concurrent-abortable-preclean-start]
2014-07-10T09:58:47.293+0200: 73.438: [GC (Allocation Failure) 73.438: [ParNew: 9745K->1059K(9792K), 0.0173638 secs] 23492K->19321K(31680K), 0.0174990 secs] [Times: user=0.01 sys=0.00, real=0.02 secs] 
2014-07-10T09:58:47.343+0200: 73.489: [GC (Allocation Failure) 73.489: [ParNew: 9745K->9745K(9792K), 0.0000466 secs]73.489: [CMS2014-07-10T09:58:47.343+0200: 73.489: [CMS-concurrent-abortable-preclean: 0.001/0.086 secs] [Times: user=0.01 sys=0.00, real=0.09 secs] 
 (concurrent mode failure): 18262K->6537K(21888K), 0.0074971 secs] 28008K->6537K(31680K), [Metaspace: 2457K->2457K(1056768K)], 0.0077083 secs] [Times: user=0.00 sys=0.00, real=0.01 secs] 
2014-07-10T09:58:47.356+0200: 73.501: [GC (Allocation Failure) 73.501: [ParNew: 8686K->1059K(9792K), 0.0047925 secs] 15223K->13075K(31680K), 0.0049472 secs] [Times: user=0.03 sys=0.00, real=0.01 secs] 
2014-07-10T09:58:47.361+0200: 73.507: [GC (CMS Initial Mark) [1 CMS-initial-mark: 12016K(21888K)] 13141K(31680K), 0.0001925 secs] [Times: user=0.00 sys=0.00, real=0.00 secs] 
2014-07-10T09:58:47.361+0200: 73.507: [CMS-concurrent-mark-start]
2014-07-10T09:58:47.362+0200: 73.508: [CMS-concurrent-mark: 0.001/0.001 secs] [Times: user=0.00 sys=0.00, real=0.00 secs] 
2014-07-10T09:58:47.362+0200: 73.508: [CMS-concurrent-preclean-start]
2014-07-10T09:58:47.362+0200: 73.508: [CMS-concurrent-preclean: 0.000/0.000 secs] [Times: user=0.00 sys=0.00, real=0.00 secs] 
2014-07-10T09:58:47.362+0200: 73.508: [CMS-concurrent-abortable-preclean-start]
2014-07-10T09:58:47.396+0200: 73.542: [GC (Allocation Failure) 73.542: [ParNew: 9755K->1059K(9792K), 0.0167629 secs] 21771K->17494K(31680K), 0.0168721 secs] [Times: user=0.01 sys=0.00, real=0.02 secs] 
2014-07-10T09:58:47.442+0200: 73.588: [GC (Allocation Failure) 73.588: [ParNew: 9745K->9745K(9792K), 0.0000535 secs]73.588: [CMS2014-07-10T09:58:47.442+0200: 73.588: [CMS-concurrent-abortable-preclean: 0.001/0.081 secs] [Times: user=0.01 sys=0.00, real=0.08 secs] 
 (concurrent mode failure): 16435K->6441K(21888K), 0.0066385 secs] 26181K->6441K(31680K), [Metaspace: 2457K->2457K(1056768K)], 0.0068739 secs] [Times: user=0.00 sys=0.00, real=0.01 secs] 
2014-07-10T09:58:47.453+0200: 73.599: [GC (Allocation Failure) 73.599: [ParNew: 8686K->1059K(9792K), 0.0051856 secs] 15127K->12883K(31680K), 0.0053241 secs] [Times: user=0.00 sys=0.00, real=0.00 secs] 
2014-07-10T09:58:47.458+0200: 73.604: [GC (CMS Initial Mark) [1 CMS-initial-mark: 11823K(21888K)] 12949K(31680K), 0.0001738 secs] [Times: user=0.00 sys=0.00, real=0.00 secs] 
2014-07-10T09:58:47.458+0200: 73.604: [CMS-concurrent-mark-start]
2014-07-10T09:58:47.459+0200: 73.605: [CMS-concurrent-mark: 0.001/0.001 secs] [Times: user=0.00 sys=0.00, real=0.00 secs] 
2014-07-10T09:58:47.459+0200: 73.605: [CMS-concurrent-preclean-start]
2014-07-10T09:58:47.459+0200: 73.605: [CMS-concurrent-preclean: 0.000/0.000 secs] [Times: user=0.00 sys=0.00, real=0.00 secs] 
2014-07-10T09:58:47.459+0200: 73.605: [GC (CMS Final Remark) [YG occupancy: 2822 K (9792 K)]73.605: [Rescan (parallel) , 0.0000873 secs]73.605: [weak refs processing, 0.0000257 secs]73.605: [class unloading, 0.0004268 secs]73.606: [scrub symbol table, 0.0005653 secs]73.606: [scrub string table, 0.0001664 secs][1 CMS-remark: 11823K(21888K)] 14646K(31680K), 0.0013862 secs] [Times: user=0.00 sys=0.00, real=0.00 secs] 
2014-07-10T09:58:47.461+0200: 73.607: [CMS-concurrent-sweep-start]
2014-07-10T09:58:47.461+0200: 73.607: [CMS-concurrent-sweep: 0.000/0.000 secs] [Times: user=0.00 sys=0.00, real=0.00 secs] 
2014-07-10T09:58:47.461+0200: 73.607: [CMS-concurrent-reset-start]
2014-07-10T09:58:47.461+0200: 73.607: [CMS-concurrent-reset: 0.000/0.000 secs] [Times: user=0.00 sys=0.00, real=0.00 secs] 
2014-07-10T09:58:47.493+0200: 73.638: [GC (Allocation Failure) 73.638: [ParNew: 9745K->1059K(9792K), 0.0052490 secs] 15613K->12787K(31680K), 0.0054052 secs] [Times: user=0.03 sys=0.00, real=0.00 secs] 
2014-07-10T09:58:47.498+0200: 73.644: [GC (CMS Initial Mark) [1 CMS-initial-mark: 11727K(21888K)] 12853K(31680K), 0.0001763 secs] [Times: user=0.00 sys=0.00, real=0.00 secs] 
2014-07-10T09:58:47.498+0200: 73.644: [CMS-concurrent-mark-start]
2014-07-10T09:58:47.499+0200: 73.645: [CMS-concurrent-mark: 0.001/0.001 secs] [Times: user=0.00 sys=0.00, real=0.00 secs] 
2014-07-10T09:58:47.499+0200: 73.645: [CMS-concurrent-preclean-start]
2014-07-10T09:58:47.499+0200: 73.645: [CMS-concurrent-preclean: 0.000/0.000 secs] [Times: user=0.00 sys=0.00, real=0.00 secs] 
2014-07-10T09:58:47.500+0200: 73.645: [GC (CMS Final Remark) [YG occupancy: 2342 K (9792 K)]73.645: [Rescan (parallel) , 0.0000891 secs]73.645: [weak refs processing, 0.0000249 secs]73.646: [class unloading, 0.0004803 secs]73.646: [scrub symbol table, 0.0006533 secs]73.647: [scrub string table, 0.0002977 secs][1 CMS-remark: 11727K(21888K)] 14070K(31680K), 0.0016850 secs] [Times: user=0.00 sys=0.00, real=0.00 secs] 
2014-07-10T09:58:47.501+0200: 73.647: [CMS-concurrent-sweep-start]
2014-07-10T09:58:47.502+0200: 73.647: [CMS-concurrent-sweep: 0.000/0.000 secs] [Times: user=0.00 sys=0.00, real=0.00 secs] 
2014-07-10T09:58:47.502+0200: 73.647: [CMS-concurrent-reset-start]
2014-07-10T09:58:47.502+0200: 73.648: [CMS-concurrent-reset: 0.000/0.000 secs] [Times: user=0.00 sys=0.00, real=0.00 secs] 
2014-07-10T09:58:47.545+0200: 73.691: [GC (Allocation Failure) 73.691: [ParNew: 9745K->1059K(9792K), 0.0121643 secs] 16092K->13746K(31680K), 0.0124682 secs] [Times: user=0.00 sys=0.00, real=0.01 secs] 
2014-07-10T09:58:47.558+0200: 73.704: [GC (CMS Initial Mark) [1 CMS-initial-mark: 12687K(21888K)] 13812K(31680K), 0.0004194 secs] [Times: user=0.00 sys=0.00, real=0.00 secs] 
2014-07-10T09:58:47.559+0200: 73.704: [CMS-concurrent-mark-start]
2014-07-10T09:58:47.561+0200: 73.707: [CMS-concurrent-mark: 0.002/0.002 secs] [Times: user=0.03 sys=0.00, real=0.00 secs] 
2014-07-10T09:58:47.561+0200: 73.707: [CMS-concurrent-preclean-start]
2014-07-10T09:58:47.561+0200: 73.707: [CMS-concurrent-preclean: 0.000/0.000 secs] [Times: user=0.00 sys=0.00, real=0.00 secs] 
2014-07-10T09:58:47.561+0200: 73.707: [CMS-concurrent-abortable-preclean-start]
2014-07-10T09:58:47.565+0200: 73.711: [GC (Allocation Failure) 73.711: [ParNew: 9745K->1059K(9792K), 0.0063269 secs] 22433K->20567K(31680K), 0.0065542 secs] [Times: user=0.00 sys=0.00, real=0.01 secs] 
2014-07-10T09:58:47.593+0200: 73.739: [GC (Allocation Failure) 73.739: [ParNew: 9756K->9756K(9792K), 0.0000524 secs]73.739: [CMS2014-07-10T09:58:47.594+0200: 73.739: [CMS-concurrent-abortable-preclean: 0.001/0.032 secs] [Times: user=0.00 sys=0.00, real=0.03 secs] 
 (concurrent mode failure): 19507K->654K(21888K), 0.0037594 secs] 29263K->654K(31680K), [Metaspace: 2457K->2457K(1056768K)], 0.0039860 secs] [Times: user=0.00 sys=0.00, real=0.00 secs] 
2014-07-10T09:58:47.643+0200: 73.789: [GC (Allocation Failure) 73.789: [ParNew: 8688K->1060K(9792K), 0.0056677 secs] 9342K->7961K(31680K), 0.0058356 secs] [Times: user=0.00 sys=0.00, real=0.01 secs] 
2014-07-10T09:58:47.649+0200: 73.795: [GC (CMS Initial Mark) [1 CMS-initial-mark: 6901K(21888K)] 8027K(31680K), 0.0001987 secs] [Times: user=0.00 sys=0.00, real=0.00 secs] 
2014-07-10T09:58:47.650+0200: 73.795: [CMS-concurrent-mark-start]
2014-07-10T09:58:47.650+0200: 73.796: [CMS-concurrent-mark: 0.001/0.001 secs] [Times: user=0.00 sys=0.00, real=0.00 secs] 
2014-07-10T09:58:47.651+0200: 73.796: [CMS-concurrent-preclean-start]
2014-07-10T09:58:47.651+0200: 73.796: [CMS-concurrent-preclean: 0.000/0.000 secs] [Times: user=0.00 sys=0.00, real=0.00 secs] 
2014-07-10T09:58:47.651+0200: 73.796: [CMS-concurrent-abortable-preclean-start]
2014-07-10T09:58:47.654+0200: 73.799: [GC (Allocation Failure) 73.800: [ParNew: 9746K->1059K(9792K), 0.0056061 secs] 16648K->14686K(31680K), 0.0057865 secs] [Times: user=0.00 sys=0.00, real=0.01 secs] 
2014-07-10T09:58:47.741+0200: 73.887: [GC (Allocation Failure) 73.887: [ParNew: 9747K->9747K(9792K), 0.0001019 secs]73.887: [CMS2014-07-10T09:58:47.741+0200: 73.887: [CMS-concurrent-abortable-preclean: 0.001/0.091 secs] [Times: user=0.02 sys=0.00, real=0.09 secs] 
 (concurrent mode failure): 13627K->551K(21888K), 0.0060200 secs] 23374K->551K(31680K), [Metaspace: 2457K->2457K(1056768K)], 0.0063709 secs] [Times: user=0.02 sys=0.00, real=0.01 secs] 
2014-07-10T09:58:47.751+0200: 73.897: [GC (Allocation Failure) 73.897: [ParNew: 8686K->547K(9792K), 0.0007410 secs] 9237K->1098K(31680K), 0.0008597 secs] [Times: user=0.00 sys=0.00, real=0.00 secs] 
2014-07-10T09:58:47.791+0200: 73.937: [GC (Allocation Failure) 73.937: [ParNew: 9233K->1027K(9792K), 0.0008370 secs] 9784K->1584K(31680K), 0.0009323 secs] [Times: user=0.00 sys=0.00, real=0.00 secs] 
2014-07-10T09:58:47.842+0200: 73.988: [GC (Allocation Failure) 73.988: [ParNew: 9713K->1059K(9792K), 0.0018936 secs] 10270K->2065K(31680K), 0.0020839 secs] [Times: user=0.00 sys=0.00, real=0.00 secs] 
2014-07-10T09:58:47.851+0200: 73.997: [GC (Allocation Failure) 73.997: [ParNew: 9745K->1059K(9792K), 0.0029051 secs] 10751K->2994K(31680K), 0.0031526 secs] [Times: user=0.00 sys=0.00, real=0.00 secs] 
2014-07-10T09:58:47.891+0200: 74.037: [GC (Allocation Failure) 74.037: [ParNew: 9762K->803K(9792K), 0.0013235 secs] 11698K->2739K(31680K), 0.0015329 secs] [Times: user=0.00 sys=0.00, real=0.00 secs] 
2014-07-10T09:58:47.942+0200: 74.087: [GC (Allocation Failure) 74.088: [ParNew: 9489K->1059K(9792K), 0.0016549 secs] 11426K->3222K(31680K), 0.0018408 secs] [Times: user=0.00 sys=0.00, real=0.00 secs] 
2014-07-10T09:58:47.951+0200: 74.096: [GC (Allocation Failure) 74.097: [ParNew: 9745K->1059K(9792K), 0.0026104 secs] 11909K->3928K(31680K), 0.0028366 secs] [Times: user=0.00 sys=0.00, real=0.00 secs] 
2014-07-10T09:58:47.992+0200: 74.138: [GC (Allocation Failure) 74.138: [ParNew: 9745K->1059K(9792K), 0.0023376 secs] 12614K->5113K(31680K), 0.0025491 secs] [Times: user=0.00 sys=0.00, real=0.00 secs] 
2014-07-10T09:58:48.043+0200: 74.188: [GC (Allocation Failure) 74.189: [ParNew: 9745K->1059K(9792K), 0.0029796 secs] 13800K->6779K(31680K), 0.0032263 secs] [Times: user=0.00 sys=0.00, real=0.00 secs] 
2014-07-10T09:58:48.054+0200: 74.200: [GC (Allocation Failure) 74.200: [ParNew: 9745K->1059K(9792K), 0.0037370 secs] 15466K->8925K(31680K), 0.0040219 secs] [Times: user=0.00 sys=0.00, real=0.00 secs] 
2014-07-10T09:58:48.092+0200: 74.238: [GC (Allocation Failure) 74.238: [ParNew: 9745K->1059K(9792K), 0.0025019 secs] 17612K->11552K(31680K), 0.0026782 secs] [Times: user=0.00 sys=0.00, real=0.00 secs] 
2014-07-10T09:58:48.143+0200: 74.289: [GC (Allocation Failure) 74.289: [ParNew: 9751K->1061K(9792K), 0.0031559 secs] 20244K->13636K(31680K), 0.0034100 secs] [Times: user=0.00 sys=0.00, real=0.00 secs] 
2014-07-10T09:58:48.155+0200: 74.301: [GC (Allocation Failure) 74.301: [ParNew: 9747K->1059K(9792K), 0.0041850 secs] 22322K->16197K(31680K), 0.0044736 secs] [Times: user=0.00 sys=0.00, real=0.01 secs] 
2014-07-10T09:58:48.160+0200: 74.306: [GC (CMS Initial Mark) [1 CMS-initial-mark: 15137K(21888K)] 16263K(31680K), 0.0004275 secs] [Times: user=0.00 sys=0.00, real=0.00 secs] 
2014-07-10T09:58:48.161+0200: 74.307: [CMS-concurrent-mark-start]
2014-07-10T09:58:48.163+0200: 74.309: [CMS-concurrent-mark: 0.002/0.002 secs] [Times: user=0.00 sys=0.00, real=0.00 secs] 
2014-07-10T09:58:48.163+0200: 74.309: [CMS-concurrent-preclean-start]
2014-07-10T09:58:48.163+0200: 74.309: [CMS-concurrent-preclean: 0.000/0.000 secs] [Times: user=0.00 sys=0.00, real=0.00 secs] 
2014-07-10T09:58:48.163+0200: 74.309: [CMS-concurrent-abortable-preclean-start]
2014-07-10T09:58:48.192+0200: 74.338: [GC (Allocation Failure) 74.338: [ParNew: 9745K->1059K(9792K), 0.0027959 secs] 24883K->19239K(31680K), 0.0029308 secs] [Times: user=0.00 sys=0.00, real=0.00 secs] 
2014-07-10T09:58:48.243+0200: 74.389: [GC (Allocation Failure) 74.389: [ParNew: 9745K->1059K(9792K), 0.0058389 secs] 27926K->22762K(31680K), 0.0061149 secs] [Times: user=0.03 sys=0.00, real=0.01 secs] 
2014-07-10T09:58:48.250+0200: 74.396: [CMS-concurrent-abortable-preclean: 0.001/0.087 secs] [Times: user=0.03 sys=0.00, real=0.09 secs] 
2014-07-10T09:58:48.252+0200: 74.397: [GC (CMS Final Remark) [YG occupancy: 3592 K (9792 K)]74.397: [Rescan (parallel) , 0.0004407 secs]74.398: [weak refs processing, 0.0000612 secs]74.398: [class unloading, 0.0010738 secs]74.399: [scrub symbol table, 0.0013221 secs]74.401: [scrub string table, 0.0004627 secs][1 CMS-remark: 21703K(21888K)] 25295K(31680K), 0.0037392 secs] [Times: user=0.00 sys=0.00, real=0.00 secs] 
2014-07-10T09:58:48.256+0200: 74.401: [CMS-concurrent-sweep-start]
2014-07-10T09:58:48.256+0200: 74.402: [CMS-concurrent-sweep: 0.001/0.001 secs] [Times: user=0.00 sys=0.00, real=0.00 secs] 
2014-07-10T09:58:48.256+0200: 74.402: [CMS-concurrent-reset-start]
2014-07-10T09:58:48.256+0200: 74.402: [CMS-concurrent-reset: 0.000/0.000 secs] [Times: user=0.00 sys=0.00, real=0.00 secs] 
2014-07-10T09:58:48.259+0200: 74.404: [GC (Allocation Failure) 74.405: [ParNew: 9745K->1059K(9792K), 0.0036501 secs] 19363K->14680K(31680K), 0.0038213 secs] [Times: user=0.03 sys=0.00, real=0.00 secs] 
2014-07-10T09:58:48.263+0200: 74.409: [GC (CMS Initial Mark) [1 CMS-initial-mark: 13620K(21888K)] 14712K(31680K), 0.0002196 secs] [Times: user=0.00 sys=0.00, real=0.00 secs] 
2014-07-10T09:58:48.263+0200: 74.409: [CMS-concurrent-mark-start]
2014-07-10T09:58:48.264+0200: 74.410: [CMS-concurrent-mark: 0.001/0.001 secs] [Times: user=0.00 sys=0.00, real=0.00 secs] 
2014-07-10T09:58:48.264+0200: 74.410: [CMS-concurrent-preclean-start]
2014-07-10T09:58:48.265+0200: 74.410: [CMS-concurrent-preclean: 0.000/0.000 secs] [Times: user=0.00 sys=0.00, real=0.00 secs] 
2014-07-10T09:58:48.265+0200: 74.410: [CMS-concurrent-abortable-preclean-start]
2014-07-10T09:58:48.303+0200: 74.449: [GC (Allocation Failure) 74.449: [ParNew: 9745K->1059K(9792K), 0.0102893 secs] 23366K->19163K(31680K), 0.0104345 secs] [Times: user=0.02 sys=0.00, real=0.01 secs] 
2014-07-10T09:58:48.344+0200: 74.489: [GC (Allocation Failure) 74.489: [ParNew: 9745K->9745K(9792K), 0.0000528 secs]74.489: [CMS2014-07-10T09:58:48.344+0200: 74.489: [CMS-concurrent-abortable-preclean: 0.001/0.078 secs] [Times: user=0.02 sys=0.00, real=0.08 secs] 
 (concurrent mode failure): 18103K->6506K(21888K), 0.0074520 secs] 27849K->6506K(31680K), [Metaspace: 2457K->2457K(1056768K)], 0.0077032 secs] [Times: user=0.00 sys=0.00, real=0.01 secs] 
2014-07-10T09:58:48.356+0200: 74.501: [GC (Allocation Failure) 74.501: [ParNew: 8697K->1061K(9792K), 0.0037055 secs] 15204K->11478K(31680K), 0.0038705 secs] [Times: user=0.00 sys=0.00, real=0.00 secs] 
2014-07-10T09:58:48.360+0200: 74.505: [GC (CMS Initial Mark) [1 CMS-initial-mark: 10416K(21888K)] 11510K(31680K), 0.0001837 secs] [Times: user=0.00 sys=0.00, real=0.00 secs] 
2014-07-10T09:58:48.360+0200: 74.505: [CMS-concurrent-mark-start]
2014-07-10T09:58:48.361+0200: 74.506: [CMS-concurrent-mark: 0.001/0.001 secs] [Times: user=0.00 sys=0.00, real=0.00 secs] 
2014-07-10T09:58:48.361+0200: 74.506: [CMS-concurrent-preclean-start]
2014-07-10T09:58:48.361+0200: 74.506: [CMS-concurrent-preclean: 0.000/0.000 secs] [Times: user=0.00 sys=0.00, real=0.00 secs] 
2014-07-10T09:58:48.361+0200: 74.506: [CMS-concurrent-abortable-preclean-start]
2014-07-10T09:58:48.393+0200: 74.537: [GC (Allocation Failure) 74.537: [ParNew: 9753K->1059K(9792K), 0.0037700 secs] 20170K->15352K(31680K), 0.0038983 secs] [Times: user=0.00 sys=0.00, real=0.00 secs] 
2014-07-10T09:58:48.442+0200: 74.587: [GC (Allocation Failure) 74.587: [ParNew: 9745K->1059K(9792K), 0.0044978 secs] 24038K->19708K(31680K), 0.0046371 secs] [Times: user=0.00 sys=0.00, real=0.01 secs] 
2014-07-10T09:58:48.452+0200: 74.597: [GC (Allocation Failure) 74.597: [ParNew: 9745K->9745K(9792K), 0.0000513 secs]74.597: [CMS2014-07-10T09:58:48.452+0200: 74.597: [CMS-concurrent-abortable-preclean: 0.001/0.091 secs] [Times: user=0.01 sys=0.00, real=0.09 secs] 
 (concurrent mode failure): 18648K->6379K(21888K), 0.0076214 secs] 28394K->6379K(31680K), [Metaspace: 2457K->2457K(1056768K)], 0.0078773 secs] [Times: user=0.00 sys=0.00, real=0.01 secs] 
2014-07-10T09:58:48.492+0200: 74.637: [GC (Allocation Failure) 74.637: [ParNew: 8686K->1059K(9792K), 0.0049894 secs] 15065K->12757K(31680K), 0.0051922 secs] [Times: user=0.03 sys=0.00, real=0.01 secs] 
2014-07-10T09:58:48.498+0200: 74.643: [GC (CMS Initial Mark) [1 CMS-initial-mark: 11698K(21888K)] 12823K(31680K), 0.0001752 secs] [Times: user=0.00 sys=0.00, real=0.00 secs] 
2014-07-10T09:58:48.498+0200: 74.643: [CMS-concurrent-mark-start]
2014-07-10T09:58:48.499+0200: 74.644: [CMS-concurrent-mark: 0.001/0.001 secs] [Times: user=0.00 sys=0.00, real=0.00 secs] 
2014-07-10T09:58:48.499+0200: 74.644: [CMS-concurrent-preclean-start]
2014-07-10T09:58:48.499+0200: 74.644: [CMS-concurrent-preclean: 0.000/0.000 secs] [Times: user=0.00 sys=0.00, real=0.00 secs] 
2014-07-10T09:58:48.499+0200: 74.644: [GC (CMS Final Remark) [YG occupancy: 2886 K (9792 K)]74.644: [Rescan (parallel) , 0.0000843 secs]74.644: [weak refs processing, 0.0000257 secs]74.644: [class unloading, 0.0004301 secs]74.645: [scrub symbol table, 0.0005518 secs]74.645: [scrub string table, 0.0002746 secs][1 CMS-remark: 11698K(21888K)] 14584K(31680K), 0.0014848 secs] [Times: user=0.00 sys=0.00, real=0.00 secs] 
2014-07-10T09:58:48.501+0200: 74.646: [CMS-concurrent-sweep-start]
2014-07-10T09:58:48.501+0200: 74.646: [CMS-concurrent-sweep: 0.000/0.000 secs] [Times: user=0.00 sys=0.00, real=0.00 secs] 
2014-07-10T09:58:48.501+0200: 74.646: [CMS-concurrent-reset-start]
2014-07-10T09:58:48.501+0200: 74.646: [CMS-concurrent-reset: 0.000/0.000 secs] [Times: user=0.00 sys=0.00, real=0.00 secs] 
2014-07-10T09:58:48.542+0200: 74.687: [GC (Allocation Failure) 74.688: [ParNew: 9745K->1059K(9792K), 0.0053307 secs] 15551K->12661K(31680K), 0.0056592 secs] [Times: user=0.02 sys=0.00, real=0.01 secs] 
2014-07-10T09:58:48.548+0200: 74.693: [GC (CMS Initial Mark) [1 CMS-initial-mark: 11602K(21888K)] 12727K(31680K), 0.0001756 secs] [Times: user=0.00 sys=0.00, real=0.00 secs] 
2014-07-10T09:58:48.549+0200: 74.693: [CMS-concurrent-mark-start]
2014-07-10T09:58:48.549+0200: 74.694: [CMS-concurrent-mark: 0.001/0.001 secs] [Times: user=0.00 sys=0.00, real=0.00 secs] 
2014-07-10T09:58:48.549+0200: 74.694: [CMS-concurrent-preclean-start]
2014-07-10T09:58:48.550+0200: 74.694: [CMS-concurrent-preclean: 0.000/0.000 secs] [Times: user=0.00 sys=0.00, real=0.00 secs] 
2014-07-10T09:58:48.550+0200: 74.694: [CMS-concurrent-abortable-preclean-start]
2014-07-10T09:58:48.552+0200: 74.697: [GC (Allocation Failure) 74.697: [ParNew: 9745K->1059K(9792K), 0.0056468 secs] 21347K->18937K(31680K), 0.0057890 secs] [Times: user=0.00 sys=0.00, real=0.01 secs] 
2014-07-10T09:58:48.598+0200: 74.743: [GC (Allocation Failure) 74.743: [ParNew: 9751K->9751K(9792K), 0.0001038 secs]74.744: [CMS2014-07-10T09:58:48.599+0200: 74.744: [CMS-concurrent-abortable-preclean: 0.001/0.049 secs] [Times: user=0.00 sys=0.02, real=0.05 secs] 
 (concurrent mode failure): 17878K->7275K(21888K), 0.0174081 secs] 27629K->7275K(31680K), [Metaspace: 2457K->2457K(1056768K)], 0.0178745 secs] [Times: user=0.02 sys=0.00, real=0.02 secs] 
2014-07-10T09:58:48.643+0200: 74.788: [GC (Allocation Failure) 74.788: [ParNew: 8686K->1059K(9792K), 0.0056493 secs] 15962K->14550K(31680K), 0.0058165 secs] [Times: user=0.00 sys=0.00, real=0.01 secs] 
2014-07-10T09:58:48.649+0200: 74.794: [GC (CMS Initial Mark) [1 CMS-initial-mark: 13490K(21888K)] 14616K(31680K), 0.0002038 secs] [Times: user=0.00 sys=0.00, real=0.00 secs] 
2014-07-10T09:58:48.649+0200: 74.794: [CMS-concurrent-mark-start]
2014-07-10T09:58:48.650+0200: 74.795: [CMS-concurrent-mark: 0.001/0.001 secs] [Times: user=0.00 sys=0.00, real=0.00 secs] 
2014-07-10T09:58:48.650+0200: 74.795: [CMS-concurrent-preclean-start]
2014-07-10T09:58:48.650+0200: 74.795: [CMS-concurrent-preclean: 0.000/0.000 secs] [Times: user=0.00 sys=0.00, real=0.00 secs] 
2014-07-10T09:58:48.651+0200: 74.795: [CMS-concurrent-abortable-preclean-start]
2014-07-10T09:58:48.653+0200: 74.798: [GC (Allocation Failure) 74.798: [ParNew: 9745K->9745K(9792K), 0.0000480 secs]74.798: [CMS2014-07-10T09:58:48.653+0200: 74.798: [CMS-concurrent-abortable-preclean: 0.000/0.003 secs] [Times: user=0.02 sys=0.00, real=0.00 secs] 
 (concurrent mode failure): 13490K->8236K(21888K), 0.0079360 secs] 23236K->8236K(31680K), [Metaspace: 2457K->2457K(1056768K)], 0.0081391 secs] [Times: user=0.00 sys=0.00, real=0.01 secs] 
2014-07-10T09:58:48.741+0200: 74.886: [GC (Allocation Failure) 74.886: [ParNew: 8688K->37K(9792K), 0.0008993 secs] 16924K->8273K(31680K), 0.0010771 secs] [Times: user=0.00 sys=0.00, real=0.00 secs] 
2014-07-10T09:58:48.748+0200: 74.893: [GC (Allocation Failure) 74.893: [ParNew: 8723K->518K(9792K), 0.0015615 secs] 16959K->8754K(31680K), 0.0017796 secs] [Times: user=0.00 sys=0.00, real=0.00 secs] 
2014-07-10T09:58:48.791+0200: 74.936: [GC (Allocation Failure) 74.936: [ParNew: 9204K->998K(9792K), 0.0014284 secs] 17440K->9234K(31680K), 0.0016374 secs] [Times: user=0.03 sys=0.00, real=0.00 secs] 
2014-07-10T09:58:48.842+0200: 74.987: [GC (Allocation Failure) 74.987: [ParNew: 9684K->1059K(9792K), 0.0021682 secs] 17921K->9720K(31680K), 0.0024047 secs] [Times: user=0.00 sys=0.00, real=0.00 secs] 
2014-07-10T09:58:48.854+0200: 74.999: [GC (Allocation Failure) 74.999: [ParNew: 9745K->1059K(9792K), 0.0024850 secs] 18406K->10617K(31680K), 0.0027750 secs] [Times: user=0.00 sys=0.02, real=0.00 secs] 
2014-07-10T09:58:48.891+0200: 75.036: [GC (Allocation Failure) 75.036: [ParNew: 9761K->771K(9792K), 0.0006475 secs] 19320K->10330K(31680K), 0.0007388 secs] [Times: user=0.00 sys=0.00, real=0.00 secs] 
2014-07-10T09:58:48.941+0200: 75.086: [GC (Allocation Failure) 75.087: [ParNew: 9457K->1059K(9792K), 0.0016406 secs] 19017K->10813K(31680K), 0.0018258 secs] [Times: user=0.00 sys=0.00, real=0.00 secs] 
2014-07-10T09:58:48.948+0200: 75.093: [GC (Allocation Failure) 75.094: [ParNew: 9745K->1059K(9792K), 0.0015908 secs] 19500K->11487K(31680K), 0.0018555 secs] [Times: user=0.00 sys=0.00, real=0.00 secs] 
2014-07-10T09:58:48.992+0200: 75.137: [GC (Allocation Failure) 75.137: [ParNew: 9745K->1059K(9792K), 0.0013939 secs] 20173K->12640K(31680K), 0.0015105 secs] [Times: user=0.00 sys=0.00, real=0.00 secs] 
2014-07-10T09:58:49.042+0200: 75.187: [GC (Allocation Failure) 75.187: [ParNew: 9745K->1059K(9792K), 0.0026199 secs] 21327K->14274K(31680K), 0.0028696 secs] [Times: user=0.02 sys=0.02, real=0.00 secs] 
2014-07-10T09:58:49.052+0200: 75.197: [GC (Allocation Failure) 75.197: [ParNew: 9745K->1059K(9792K), 0.0044640 secs] 22960K->16388K(31680K), 0.0047412 secs] [Times: user=0.00 sys=0.00, real=0.00 secs] 
2014-07-10T09:58:49.057+0200: 75.202: [GC (CMS Initial Mark) [1 CMS-initial-mark: 15329K(21888K)] 16454K(31680K), 0.0004722 secs] [Times: user=0.01 sys=0.00, real=0.00 secs] 
2014-07-10T09:58:49.058+0200: 75.203: [CMS-concurrent-mark-start]
2014-07-10T09:58:49.061+0200: 75.205: [CMS-concurrent-mark: 0.003/0.003 secs] [Times: user=0.00 sys=0.00, real=0.00 secs] 
2014-07-10T09:58:49.061+0200: 75.206: [CMS-concurrent-preclean-start]
2014-07-10T09:58:49.061+0200: 75.206: [CMS-concurrent-preclean: 0.000/0.000 secs] [Times: user=0.00 sys=0.00, real=0.00 secs] 
2014-07-10T09:58:49.061+0200: 75.206: [CMS-concurrent-abortable-preclean-start]
2014-07-10T09:58:49.092+0200: 75.237: [GC (Allocation Failure) 75.237: [ParNew: 9745K->1059K(9792K), 0.0022793 secs] 25075K->18983K(31680K), 0.0024278 secs] [Times: user=0.00 sys=0.00, real=0.00 secs] 
2014-07-10T09:58:49.143+0200: 75.288: [GC (Allocation Failure) 75.288: [ParNew: 9757K->1061K(9792K), 0.0027141 secs] 27680K->20523K(31680K), 0.0029356 secs] [Times: user=0.00 sys=0.00, real=0.00 secs] 
2014-07-10T09:58:49.155+0200: 75.300: [GC (Allocation Failure) 75.300: [ParNew: 9747K->9747K(9792K), 0.0000986 secs]75.300: [CMS2014-07-10T09:58:49.156+0200: 75.300: [CMS-concurrent-abortable-preclean: 0.002/0.094 secs] [Times: user=0.02 sys=0.00, real=0.09 secs] 
 (concurrent mode failure): 19461K->3563K(21888K), 0.0068779 secs] 29209K->3563K(31680K), [Metaspace: 2457K->2457K(1056768K)], 0.0072354 secs] [Times: user=0.00 sys=0.00, real=0.01 secs] 
2014-07-10T09:58:49.192+0200: 75.337: [GC (Allocation Failure) 75.337: [ParNew: 8686K->1059K(9792K), 0.0021473 secs] 12249K->7123K(31680K), 0.0023020 secs] [Times: user=0.00 sys=0.00, real=0.00 secs] 
2014-07-10T09:58:49.242+0200: 75.387: [GC (Allocation Failure) 75.387: [ParNew: 9745K->1059K(9792K), 0.0029554 secs] 15810K->10102K(31680K), 0.0031299 secs] [Times: user=0.03 sys=0.00, real=0.00 secs] 
2014-07-10T09:58:49.249+0200: 75.394: [GC (Allocation Failure) 75.394: [ParNew: 9745K->1059K(9792K), 0.0038444 secs] 18788K->13561K(31680K), 0.0040065 secs] [Times: user=0.00 sys=0.00, real=0.00 secs] 
2014-07-10T09:58:49.254+0200: 75.398: [GC (CMS Initial Mark) [1 CMS-initial-mark: 12501K(21888K)] 13627K(31680K), 0.0002640 secs] [Times: user=0.00 sys=0.00, real=0.00 secs] 
2014-07-10T09:58:49.254+0200: 75.399: [CMS-concurrent-mark-start]
2014-07-10T09:58:49.255+0200: 75.400: [CMS-concurrent-mark: 0.001/0.001 secs] [Times: user=0.00 sys=0.00, real=0.00 secs] 
2014-07-10T09:58:49.255+0200: 75.400: [CMS-concurrent-preclean-start]
2014-07-10T09:58:49.255+0200: 75.400: [CMS-concurrent-preclean: 0.000/0.000 secs] [Times: user=0.00 sys=0.00, real=0.00 secs] 
2014-07-10T09:58:49.255+0200: 75.400: [CMS-concurrent-abortable-preclean-start]
2014-07-10T09:58:49.292+0200: 75.437: [GC (Allocation Failure) 75.437: [ParNew: 9745K->1059K(9792K), 0.0210879 secs] 22247K->17500K(31680K), 0.0212808 secs] [Times: user=0.02 sys=0.00, real=0.02 secs] 
2014-07-10T09:58:49.343+0200: 75.488: [GC (Allocation Failure) 75.488: [ParNew: 9745K->1059K(9792K), 0.0169546 secs] 26186K->21919K(31680K), 0.0170928 secs] [Times: user=0.02 sys=0.00, real=0.02 secs] 
2014-07-10T09:58:49.364+0200: 75.509: [GC (Allocation Failure) 75.509: [ParNew: 9745K->9745K(9792K), 0.0000473 secs]75.509: [CMS2014-07-10T09:58:49.364+0200: 75.509: [CMS-concurrent-abortable-preclean: 0.001/0.109 secs] [Times: user=0.05 sys=0.00, real=0.11 secs] 
 (concurrent mode failure): 20859K->6444K(21888K), 0.0074880 secs] 30605K->6444K(31680K), [Metaspace: 2457K->2457K(1056768K)], 0.0077054 secs] [Times: user=0.02 sys=0.00, real=0.01 secs] 
2014-07-10T09:58:49.407+0200: 75.551: [GC (Allocation Failure) 75.552: [ParNew: 8697K->1059K(9792K), 0.0035152 secs] 15142K->11350K(31680K), 0.0036721 secs] [Times: user=0.00 sys=0.00, real=0.00 secs] 
2014-07-10T09:58:49.443+0200: 75.588: [GC (Allocation Failure) 75.588: [ParNew: 9745K->1059K(9792K), 0.0047456 secs] 20036K->15674K(31680K), 0.0048739 secs] [Times: user=0.01 sys=0.00, real=0.00 secs] 
2014-07-10T09:58:49.448+0200: 75.593: [GC (CMS Initial Mark) [1 CMS-initial-mark: 14614K(21888K)] 15772K(31680K), 0.0011813 secs] [Times: user=0.00 sys=0.00, real=0.00 secs] 
2014-07-10T09:58:49.451+0200: 75.596: [CMS-concurrent-mark-start]
2014-07-10T09:58:49.452+0200: 75.597: [CMS-concurrent-mark: 0.001/0.001 secs] [Times: user=0.00 sys=0.00, real=0.00 secs] 
2014-07-10T09:58:49.452+0200: 75.597: [CMS-concurrent-preclean-start]
2014-07-10T09:58:49.452+0200: 75.597: [CMS-concurrent-preclean: 0.000/0.000 secs] [Times: user=0.00 sys=0.00, real=0.00 secs] 
2014-07-10T09:58:49.452+0200: 75.597: [CMS-concurrent-abortable-preclean-start]
2014-07-10T09:58:49.454+0200: 75.599: [GC (Allocation Failure) 75.599: [ParNew: 9745K->1059K(9792K), 0.0041502 secs] 24360K->20477K(31680K), 0.0042631 secs] [Times: user=0.00 sys=0.00, real=0.00 secs] 
2014-07-10T09:58:49.459+0200: 75.604: [CMS-concurrent-abortable-preclean: 0.001/0.007 secs] [Times: user=0.00 sys=0.00, real=0.01 secs] 
2014-07-10T09:58:49.459+0200: 75.604: [GC (CMS Final Remark) [YG occupancy: 3400 K (9792 K)]75.604: [Rescan (parallel) , 0.0000964 secs]75.604: [weak refs processing, 0.0000271 secs]75.604: [class unloading, 0.0004803 secs]75.605: [scrub symbol table, 0.0005741 secs]75.605: [scrub string table, 0.0001910 secs][1 CMS-remark: 19418K(21888K)] 22818K(31680K), 0.0014859 secs] [Times: user=0.00 sys=0.00, real=0.00 secs] 
2014-07-10T09:58:49.461+0200: 75.606: [CMS-concurrent-sweep-start]
2014-07-10T09:58:49.461+0200: 75.606: [CMS-concurrent-sweep: 0.000/0.000 secs] [Times: user=0.00 sys=0.00, real=0.00 secs] 
2014-07-10T09:58:49.461+0200: 75.606: [CMS-concurrent-reset-start]
2014-07-10T09:58:49.461+0200: 75.606: [CMS-concurrent-reset: 0.000/0.000 secs] [Times: user=0.00 sys=0.00, real=0.00 secs] 
2014-07-10T09:58:49.492+0200: 75.637: [GC (Allocation Failure) 75.637: [ParNew: 9745K->1059K(9792K), 0.0048728 secs] 19362K->15960K(31680K), 0.0050264 secs] [Times: user=0.03 sys=0.00, real=0.00 secs] 
2014-07-10T09:58:49.498+0200: 75.642: [GC (CMS Initial Mark) [1 CMS-initial-mark: 14900K(21888K)] 16026K(31680K), 0.0001767 secs] [Times: user=0.00 sys=0.00, real=0.00 secs] 
2014-07-10T09:58:49.498+0200: 75.643: [CMS-concurrent-mark-start]
2014-07-10T09:58:49.499+0200: 75.643: [CMS-concurrent-mark: 0.001/0.001 secs] [Times: user=0.00 sys=0.00, real=0.00 secs] 
2014-07-10T09:58:49.499+0200: 75.643: [CMS-concurrent-preclean-start]
2014-07-10T09:58:49.499+0200: 75.644: [CMS-concurrent-preclean: 0.000/0.000 secs] [Times: user=0.00 sys=0.00, real=0.00 secs] 
2014-07-10T09:58:49.499+0200: 75.644: [GC (CMS Final Remark) [YG occupancy: 2918 K (9792 K)]75.644: [Rescan (parallel) , 0.0000840 secs]75.644: [weak refs processing, 0.0000260 secs]75.644: [class unloading, 0.0004319 secs]75.644: [scrub symbol table, 0.0005642 secs]75.645: [scrub string table, 0.0001679 secs][1 CMS-remark: 14900K(21888K)] 17819K(31680K), 0.0013895 secs] [Times: user=0.00 sys=0.00, real=0.00 secs] 
2014-07-10T09:58:49.500+0200: 75.645: [CMS-concurrent-sweep-start]
2014-07-10T09:58:49.500+0200: 75.645: [CMS-concurrent-sweep: 0.000/0.000 secs] [Times: user=0.00 sys=0.00, real=0.00 secs] 
2014-07-10T09:58:49.500+0200: 75.645: [CMS-concurrent-reset-start]
2014-07-10T09:58:49.501+0200: 75.645: [CMS-concurrent-reset: 0.000/0.000 secs] [Times: user=0.00 sys=0.00, real=0.00 secs] 
2014-07-10T09:58:49.542+0200: 75.687: [GC (Allocation Failure) 75.687: [ParNew: 9745K->1059K(9792K), 0.0052464 secs] 15521K->12598K(31680K), 0.0054279 secs] [Times: user=0.00 sys=0.00, real=0.01 secs] 
2014-07-10T09:58:49.548+0200: 75.693: [GC (CMS Initial Mark) [1 CMS-initial-mark: 11539K(21888K)] 12664K(31680K), 0.0001840 secs] [Times: user=0.00 sys=0.00, real=0.00 secs] 
2014-07-10T09:58:49.548+0200: 75.693: [CMS-concurrent-mark-start]
2014-07-10T09:58:49.549+0200: 75.694: [CMS-concurrent-mark: 0.001/0.001 secs] [Times: user=0.00 sys=0.00, real=0.00 secs] 
2014-07-10T09:58:49.549+0200: 75.694: [CMS-concurrent-preclean-start]
2014-07-10T09:58:49.549+0200: 75.694: [CMS-concurrent-preclean: 0.000/0.000 secs] [Times: user=0.00 sys=0.00, real=0.00 secs] 
2014-07-10T09:58:49.549+0200: 75.694: [CMS-concurrent-abortable-preclean-start]
2014-07-10T09:58:49.552+0200: 75.697: [GC (Allocation Failure) 75.697: [ParNew: 9745K->1059K(9792K), 0.0057366 secs] 21284K->18842K(31680K), 0.0058836 secs] [Times: user=0.03 sys=0.00, real=0.01 secs] 
2014-07-10T09:58:49.593+0200: 75.738: [GC (Allocation Failure) 75.738: [ParNew: 9745K->9745K(9792K), 0.0000455 secs]75.738: [CMS2014-07-10T09:58:49.593+0200: 75.738: [CMS-concurrent-abortable-preclean: 0.001/0.044 secs] [Times: user=0.03 sys=0.00, real=0.04 secs] 
 (concurrent mode failure): 17783K->8269K(21888K), 0.0078597 secs] 27529K->8269K(31680K), [Metaspace: 2457K->2457K(1056768K)], 0.0080650 secs] [Times: user=0.00 sys=0.00, real=0.01 secs] 
2014-07-10T09:58:49.645+0200: 75.790: [GC (Allocation Failure) 75.790: [ParNew: 8691K->1061K(9792K), 0.0094872 secs] 16961K->15514K(31680K), 0.0097801 secs] [Times: user=0.03 sys=0.00, real=0.01 secs] 
2014-07-10T09:58:49.655+0200: 75.800: [GC (CMS Initial Mark) [1 CMS-initial-mark: 14452K(21888K)] 15580K(31680K), 0.0004319 secs] [Times: user=0.00 sys=0.00, real=0.00 secs] 
2014-07-10T09:58:49.656+0200: 75.801: [CMS-concurrent-mark-start]
2014-07-10T09:58:49.658+0200: 75.803: [CMS-concurrent-mark: 0.002/0.002 secs] [Times: user=0.00 sys=0.00, real=0.00 secs] 
2014-07-10T09:58:49.658+0200: 75.803: [CMS-concurrent-preclean-start]
2014-07-10T09:58:49.659+0200: 75.804: [CMS-concurrent-preclean: 0.000/0.000 secs] [Times: user=0.00 sys=0.00, real=0.00 secs] 
2014-07-10T09:58:49.659+0200: 75.804: [CMS-concurrent-abortable-preclean-start]
2014-07-10T09:58:49.663+0200: 75.808: [GC (Allocation Failure) 75.808: [ParNew: 9747K->9747K(9792K), 0.0000931 secs]75.808: [CMS2014-07-10T09:58:49.663+0200: 75.808: [CMS-concurrent-abortable-preclean: 0.000/0.004 secs] [Times: user=0.00 sys=0.00, real=0.00 secs] 
 (concurrent mode failure): 14452K->8205K(21888K), 0.0100914 secs] 24200K->8205K(31680K), [Metaspace: 2457K->2457K(1056768K)], 0.0104015 secs] [Times: user=0.02 sys=0.00, real=0.01 secs] 
2014-07-10T09:58:49.741+0200: 75.886: [GC (Allocation Failure) 75.886: [ParNew: 8686K->5K(9792K), 0.0009019 secs] 16891K->8210K(31680K), 0.0010885 secs] [Times: user=0.00 sys=0.00, real=0.00 secs] 
2014-07-10T09:58:49.748+0200: 75.893: [GC (Allocation Failure) 75.893: [ParNew: 8691K->486K(9792K), 0.0014819 secs] 16896K->8691K(31680K), 0.0016923 secs] [Times: user=0.00 sys=0.00, real=0.00 secs] 
2014-07-10T09:58:49.792+0200: 75.937: [GC (Allocation Failure) 75.937: [ParNew: 9172K->966K(9792K), 0.0013972 secs] 17377K->9171K(31680K), 0.0015831 secs] [Times: user=0.00 sys=0.00, real=0.00 secs] 
2014-07-10T09:58:49.842+0200: 75.987: [GC (Allocation Failure) 75.987: [ParNew: 9652K->1059K(9792K), 0.0018111 secs] 17858K->9657K(31680K), 0.0020010 secs] [Times: user=0.00 sys=0.00, real=0.00 secs] 
2014-07-10T09:58:49.851+0200: 75.996: [GC (Allocation Failure) 75.996: [ParNew: 9762K->773K(9792K), 0.0016850 secs] 18360K->9372K(31680K), 0.0018969 secs] [Times: user=0.00 sys=0.00, real=0.00 secs] 
2014-07-10T09:58:49.891+0200: 76.036: [GC (Allocation Failure) 76.036: [ParNew: 9465K->227K(9792K), 0.0010302 secs] 18064K->8828K(31680K), 0.0012154 secs] [Times: user=0.00 sys=0.00, real=0.00 secs] 
2014-07-10T09:58:49.942+0200: 76.086: [GC (Allocation Failure) 76.087: [ParNew: 8913K->709K(9792K), 0.0013466 secs] 17515K->9311K(31680K), 0.0015736 secs] [Times: user=0.00 sys=0.00, real=0.00 secs] 
2014-07-10T09:58:49.953+0200: 76.098: [GC (Allocation Failure) 76.098: [ParNew: 9395K->1059K(9792K), 0.0021041 secs] 17997K->9792K(31680K), 0.0023570 secs] [Times: user=0.00 sys=0.00, real=0.00 secs] 
2014-07-10T09:58:49.991+0200: 76.136: [GC (Allocation Failure) 76.136: [ParNew: 9745K->1059K(9792K), 0.0009804 secs] 18478K->10401K(31680K), 0.0010867 secs] [Times: user=0.00 sys=0.00, real=0.00 secs] 
2014-07-10T09:58:50.041+0200: 76.186: [GC (Allocation Failure) 76.186: [ParNew: 9745K->1059K(9792K), 0.0010049 secs] 19087K->11491K(31680K), 0.0010999 secs] [Times: user=0.00 sys=0.00, real=0.00 secs] 
2014-07-10T09:58:50.046+0200: 76.191: [GC (Allocation Failure) 76.191: [ParNew: 9745K->1059K(9792K), 0.0018188 secs] 20177K->13060K(31680K), 0.0019482 secs] [Times: user=0.00 sys=0.00, real=0.00 secs] 
2014-07-10T09:58:50.093+0200: 76.238: [GC (Allocation Failure) 76.238: [ParNew: 9751K->1059K(9792K), 0.0023809 secs] 21752K->14086K(31680K), 0.0025913 secs] [Times: user=0.00 sys=0.00, real=0.00 secs] 
2014-07-10T09:58:50.141+0200: 76.286: [GC (Allocation Failure) 76.286: [ParNew: 9745K->1059K(9792K), 0.0015123 secs] 22772K->15592K(31680K), 0.0016498 secs] [Times: user=0.00 sys=0.00, real=0.00 secs] 
2014-07-10T09:58:50.147+0200: 76.292: [GC (Allocation Failure) 76.293: [ParNew: 9745K->1059K(9792K), 0.0022914 secs] 24279K->17578K(31680K), 0.0024835 secs] [Times: user=0.03 sys=0.00, real=0.00 secs] 
2014-07-10T09:58:50.192+0200: 76.337: [GC (Allocation Failure) 76.337: [ParNew: 9745K->1059K(9792K), 0.0021202 secs] 26265K->20045K(31680K), 0.0022742 secs] [Times: user=0.00 sys=0.00, real=0.00 secs] 
2014-07-10T09:58:50.195+0200: 76.340: [GC (CMS Initial Mark) [1 CMS-initial-mark: 18985K(21888K)] 20077K(31680K), 0.0002544 secs] [Times: user=0.00 sys=0.00, real=0.00 secs] 
2014-07-10T09:58:50.195+0200: 76.340: [CMS-concurrent-mark-start]
2014-07-10T09:58:50.196+0200: 76.341: [CMS-concurrent-mark: 0.001/0.001 secs] [Times: user=0.00 sys=0.00, real=0.00 secs] 
2014-07-10T09:58:50.196+0200: 76.341: [CMS-concurrent-preclean-start]
2014-07-10T09:58:50.196+0200: 76.341: [CMS-concurrent-preclean: 0.000/0.000 secs] [Times: user=0.00 sys=0.00, real=0.00 secs] 
2014-07-10T09:58:50.196+0200: 76.341: [CMS-concurrent-abortable-preclean-start]
2014-07-10T09:58:50.196+0200: 76.341: [CMS-concurrent-abortable-preclean: 0.000/0.000 secs] [Times: user=0.03 sys=0.00, real=0.00 secs] 
2014-07-10T09:58:50.197+0200: 76.342: [GC (CMS Final Remark) [YG occupancy: 4489 K (9792 K)]76.342: [Rescan (parallel) , 0.0001628 secs]76.342: [weak refs processing, 0.0000359 secs]76.342: [class unloading, 0.0006555 secs]76.343: [scrub symbol table, 0.0007369 secs]76.343: [scrub string table, 0.0002761 secs][1 CMS-remark: 18985K(21888K)] 23474K(31680K), 0.0020582 secs] [Times: user=0.00 sys=0.00, real=0.00 secs] 
2014-07-10T09:58:50.199+0200: 76.344: [CMS-concurrent-sweep-start]
2014-07-10T09:58:50.199+0200: 76.344: [CMS-concurrent-sweep: 0.000/0.000 secs] [Times: user=0.00 sys=0.00, real=0.00 secs] 
2014-07-10T09:58:50.199+0200: 76.344: [CMS-concurrent-reset-start]
2014-07-10T09:58:50.199+0200: 76.344: [CMS-concurrent-reset: 0.000/0.000 secs] [Times: user=0.00 sys=0.00, real=0.00 secs] 
2014-07-10T09:58:50.243+0200: 76.388: [GC (Allocation Failure) 76.388: [ParNew: 9745K->1059K(9792K), 0.0046649 secs] 12704K->6965K(31680K), 0.0049568 secs] [Times: user=0.03 sys=0.00, real=0.00 secs] 
2014-07-10T09:58:50.255+0200: 76.400: [GC (Allocation Failure) 76.400: [ParNew: 9745K->1059K(9792K), 0.0062488 secs] 15651K->10391K(31680K), 0.0065212 secs] [Times: user=0.03 sys=0.00, real=0.01 secs] 
2014-07-10T09:58:50.292+0200: 76.437: [GC (Allocation Failure) 76.437: [ParNew: 9745K->1059K(9792K), 0.0261730 secs] 19078K->14298K(31680K), 0.0263274 secs] [Times: user=0.01 sys=0.00, real=0.03 secs] 
2014-07-10T09:58:50.321+0200: 76.466: [GC (CMS Initial Mark) [1 CMS-initial-mark: 13239K(21888K)] 17536K(31680K), 0.0003105 secs] [Times: user=0.00 sys=0.00, real=0.00 secs] 
2014-07-10T09:58:50.321+0200: 76.466: [CMS-concurrent-mark-start]
2014-07-10T09:58:50.322+0200: 76.467: [CMS-concurrent-mark: 0.001/0.001 secs] [Times: user=0.02 sys=0.00, real=0.00 secs] 
2014-07-10T09:58:50.322+0200: 76.467: [CMS-concurrent-preclean-start]
2014-07-10T09:58:50.322+0200: 76.467: [CMS-concurrent-preclean: 0.000/0.000 secs] [Times: user=0.00 sys=0.00, real=0.00 secs] 
2014-07-10T09:58:50.322+0200: 76.467: [CMS-concurrent-abortable-preclean-start]
2014-07-10T09:58:50.343+0200: 76.488: [GC (Allocation Failure) 76.488: [ParNew: 9745K->1059K(9792K), 0.0040325 secs] 22985K->18685K(31680K), 0.0041832 secs] [Times: user=0.00 sys=0.00, real=0.00 secs] 
2014-07-10T09:58:50.351+0200: 76.496: [GC (Allocation Failure) 76.496: [ParNew: 9745K->9745K(9792K), 0.0000462 secs]76.496: [CMS2014-07-10T09:58:50.351+0200: 76.496: [CMS-concurrent-abortable-preclean: 0.001/0.029 secs] [Times: user=0.00 sys=0.00, real=0.03 secs] 
 (concurrent mode failure): 17626K->6413K(21888K), 0.0078436 secs] 27372K->6413K(31680K), [Metaspace: 2457K->2457K(1056768K)], 0.0080570 secs] [Times: user=0.02 sys=0.00, real=0.01 secs] 
2014-07-10T09:58:50.393+0200: 76.538: [GC (Allocation Failure) 76.538: [ParNew: 8697K->1059K(9792K), 0.0035823 secs] 15111K->11287K(31680K), 0.0037191 secs] [Times: user=0.00 sys=0.00, real=0.00 secs] 
2014-07-10T09:58:50.443+0200: 76.588: [GC (Allocation Failure) 76.588: [ParNew: 9745K->1059K(9792K), 0.0039005 secs] 19973K->15579K(31680K), 0.0040263 secs] [Times: user=0.03 sys=0.00, real=0.00 secs] 
2014-07-10T09:58:50.450+0200: 76.595: [GC (CMS Initial Mark) [1 CMS-initial-mark: 14519K(21888K)] 18240K(31680K), 0.0002662 secs] [Times: user=0.00 sys=0.00, real=0.00 secs] 
2014-07-10T09:58:50.451+0200: 76.595: [CMS-concurrent-mark-start]
2014-07-10T09:58:50.451+0200: 76.596: [CMS-concurrent-mark: 0.001/0.001 secs] [Times: user=0.00 sys=0.00, real=0.00 secs] 
2014-07-10T09:58:50.451+0200: 76.596: [CMS-concurrent-preclean-start]
2014-07-10T09:58:50.451+0200: 76.596: [CMS-concurrent-preclean: 0.000/0.000 secs] [Times: user=0.00 sys=0.00, real=0.00 secs] 
2014-07-10T09:58:50.451+0200: 76.596: [CMS-concurrent-abortable-preclean-start]
2014-07-10T09:58:50.455+0200: 76.600: [GC (Allocation Failure) 76.600: [ParNew: 9745K->1059K(9792K), 0.0039735 secs] 24265K->20350K(31680K), 0.0040985 secs] [Times: user=0.00 sys=0.00, real=0.00 secs] 
2014-07-10T09:58:50.460+0200: 76.605: [CMS-concurrent-abortable-preclean: 0.001/0.008 secs] [Times: user=0.00 sys=0.00, real=0.01 secs] 
2014-07-10T09:58:50.462+0200: 76.607: [GC (CMS Final Remark) [YG occupancy: 3432 K (9792 K)]76.607: [Rescan (parallel) , 0.0001192 secs]76.607: [weak refs processing, 0.0000279 secs]76.607: [class unloading, 0.0005074 secs]76.608: [scrub symbol table, 0.0005536 secs]76.609: [scrub string table, 0.0001642 secs][1 CMS-remark: 19291K(21888K)] 22724K(31680K), 0.0014933 secs] [Times: user=0.00 sys=0.00, real=0.00 secs] 
2014-07-10T09:58:50.464+0200: 76.609: [CMS-concurrent-sweep-start]
2014-07-10T09:58:50.464+0200: 76.609: [CMS-concurrent-sweep: 0.000/0.000 secs] [Times: user=0.00 sys=0.00, real=0.00 secs] 
2014-07-10T09:58:50.464+0200: 76.609: [CMS-concurrent-reset-start]
2014-07-10T09:58:50.464+0200: 76.609: [CMS-concurrent-reset: 0.000/0.000 secs] [Times: user=0.00 sys=0.00, real=0.00 secs] 
2014-07-10T09:58:50.493+0200: 76.638: [GC (Allocation Failure) 76.638: [ParNew: 9745K->1059K(9792K), 0.0046089 secs] 19301K->15866K(31680K), 0.0047907 secs] [Times: user=0.00 sys=0.00, real=0.00 secs] 
2014-07-10T09:58:50.498+0200: 76.643: [GC (CMS Initial Mark) [1 CMS-initial-mark: 14806K(21888K)] 15932K(31680K), 0.0001877 secs] [Times: user=0.00 sys=0.00, real=0.00 secs] 
2014-07-10T09:58:50.498+0200: 76.643: [CMS-concurrent-mark-start]
2014-07-10T09:58:50.499+0200: 76.644: [CMS-concurrent-mark: 0.001/0.001 secs] [Times: user=0.00 sys=0.00, real=0.00 secs] 
2014-07-10T09:58:50.499+0200: 76.644: [CMS-concurrent-preclean-start]
2014-07-10T09:58:50.499+0200: 76.644: [CMS-concurrent-preclean: 0.000/0.000 secs] [Times: user=0.00 sys=0.00, real=0.00 secs] 
2014-07-10T09:58:50.499+0200: 76.644: [GC (CMS Final Remark) [YG occupancy: 2950 K (9792 K)]76.644: [Rescan (parallel) , 0.0000909 secs]76.644: [weak refs processing, 0.0000282 secs]76.644: [class unloading, 0.0005404 secs]76.645: [scrub symbol table, 0.0006456 secs]76.645: [scrub string table, 0.0002720 secs][1 CMS-remark: 14806K(21888K)] 17757K(31680K), 0.0017352 secs] [Times: user=0.00 sys=0.00, real=0.00 secs] 
2014-07-10T09:58:50.501+0200: 76.646: [CMS-concurrent-sweep-start]
2014-07-10T09:58:50.501+0200: 76.646: [CMS-concurrent-sweep: 0.000/0.000 secs] [Times: user=0.00 sys=0.00, real=0.00 secs] 
2014-07-10T09:58:50.501+0200: 76.646: [CMS-concurrent-reset-start]
2014-07-10T09:58:50.502+0200: 76.646: [CMS-concurrent-reset: 0.000/0.000 secs] [Times: user=0.00 sys=0.00, real=0.00 secs] 
2014-07-10T09:58:50.545+0200: 76.690: [GC (Allocation Failure) 76.690: [ParNew: 9745K->1059K(9792K), 0.0088041 secs] 15490K->12535K(31680K), 0.0090689 secs] [Times: user=0.00 sys=0.00, real=0.01 secs] 
2014-07-10T09:58:50.555+0200: 76.700: [GC (CMS Initial Mark) [1 CMS-initial-mark: 11476K(21888K)] 12633K(31680K), 0.0003967 secs] [Times: user=0.00 sys=0.00, real=0.00 secs] 
2014-07-10T09:58:50.555+0200: 76.700: [CMS-concurrent-mark-start]
2014-07-10T09:58:50.558+0200: 76.703: [CMS-concurrent-mark: 0.003/0.003 secs] [Times: user=0.03 sys=0.00, real=0.00 secs] 
2014-07-10T09:58:50.558+0200: 76.703: [CMS-concurrent-preclean-start]
2014-07-10T09:58:50.558+0200: 76.703: [CMS-concurrent-preclean: 0.000/0.000 secs] [Times: user=0.00 sys=0.00, real=0.00 secs] 
2014-07-10T09:58:50.559+0200: 76.704: [CMS-concurrent-abortable-preclean-start]
2014-07-10T09:58:50.562+0200: 76.707: [GC (Allocation Failure) 76.707: [ParNew: 9745K->1059K(9792K), 0.0074176 secs] 21222K->18747K(31680K), 0.0076196 secs] [Times: user=0.00 sys=0.00, real=0.01 secs] 
2014-07-10T09:58:50.594+0200: 76.739: [GC (Allocation Failure) 76.739: [ParNew: 9745K->9745K(9792K), 0.0000594 secs]76.739: [CMS2014-07-10T09:58:50.594+0200: 76.739: [CMS-concurrent-abortable-preclean: 0.001/0.035 secs] [Times: user=0.00 sys=0.02, real=0.04 secs] 
 (concurrent mode failure): 17688K->8238K(21888K), 0.0092958 secs] 27434K->8238K(31680K), [Metaspace: 2457K->2457K(1056768K)], 0.0095469 secs] [Times: user=0.01 sys=0.00, real=0.01 secs] 
2014-07-10T09:58:50.643+0200: 76.788: [GC (Allocation Failure) 76.788: [ParNew: 8697K->1061K(9792K), 0.0053076 secs] 16936K->14938K(31680K), 0.0054682 secs] [Times: user=0.00 sys=0.01, real=0.01 secs] 
2014-07-10T09:58:50.649+0200: 76.794: [GC (CMS Initial Mark) [1 CMS-initial-mark: 13877K(21888K)] 15004K(31680K), 0.0002354 secs] [Times: user=0.00 sys=0.00, real=0.00 secs] 
2014-07-10T09:58:50.649+0200: 76.794: [CMS-concurrent-mark-start]
2014-07-10T09:58:50.650+0200: 76.795: [CMS-concurrent-mark: 0.001/0.001 secs] [Times: user=0.00 sys=0.00, real=0.00 secs] 
2014-07-10T09:58:50.650+0200: 76.795: [CMS-concurrent-preclean-start]
2014-07-10T09:58:50.651+0200: 76.796: [CMS-concurrent-preclean: 0.000/0.000 secs] [Times: user=0.00 sys=0.00, real=0.00 secs] 
2014-07-10T09:58:50.651+0200: 76.796: [CMS-concurrent-abortable-preclean-start]
2014-07-10T09:58:50.653+0200: 76.798: [GC (Allocation Failure) 76.798: [ParNew: 9747K->1059K(9792K), 0.0057348 secs] 23625K->21054K(31680K), 0.0058869 secs] [Times: user=0.00 sys=0.00, real=0.01 secs] 
2014-07-10T09:58:50.661+0200: 76.806: [CMS-concurrent-abortable-preclean: 0.001/0.010 secs] [Times: user=0.00 sys=0.00, real=0.01 secs] 
2014-07-10T09:58:50.661+0200: 76.806: [GC (CMS Final Remark) [YG occupancy: 2086 K (9792 K)]76.806: [Rescan (parallel) , 0.0001580 secs]76.806: [weak refs processing, 0.0000352 secs]76.806: [class unloading, 0.0005661 secs]76.807: [scrub symbol table, 0.0007201 secs]76.807: [scrub string table, 0.0002533 secs][1 CMS-remark: 19994K(21888K)] 22080K(31680K), 0.0019164 secs] [Times: user=0.00 sys=0.00, real=0.00 secs] 
2014-07-10T09:58:50.663+0200: 76.808: [CMS-concurrent-sweep-start]
2014-07-10T09:58:50.663+0200: 76.808: [CMS-concurrent-sweep: 0.000/0.000 secs] [Times: user=0.00 sys=0.00, real=0.00 secs] 
2014-07-10T09:58:50.663+0200: 76.808: [CMS-concurrent-reset-start]
2014-07-10T09:58:50.663+0200: 76.808: [CMS-concurrent-reset: 0.000/0.000 secs] [Times: user=0.00 sys=0.00, real=0.00 secs] 
2014-07-10T09:58:50.693+0200: 76.838: [GC (Allocation Failure) 76.838: [ParNew: 9745K->1059K(9792K), 0.0062810 secs] 21990K->19901K(31680K), 0.0064614 secs] [Times: user=0.03 sys=0.00, real=0.01 secs] 
2014-07-10T09:58:50.700+0200: 76.845: [GC (CMS Initial Mark) [1 CMS-initial-mark: 18841K(21888K)] 19933K(31680K), 0.0002295 secs] [Times: user=0.00 sys=0.00, real=0.00 secs] 
2014-07-10T09:58:50.700+0200: 76.845: [CMS-concurrent-mark-start]
2014-07-10T09:58:50.701+0200: 76.846: [CMS-concurrent-mark: 0.001/0.001 secs] [Times: user=0.00 sys=0.00, real=0.00 secs] 
2014-07-10T09:58:50.701+0200: 76.846: [CMS-concurrent-preclean-start]
2014-07-10T09:58:50.702+0200: 76.847: [CMS-concurrent-preclean: 0.000/0.000 secs] [Times: user=0.00 sys=0.00, real=0.00 secs] 
2014-07-10T09:58:50.702+0200: 76.847: [GC (CMS Final Remark) [YG occupancy: 1605 K (9792 K)]76.847: [Rescan (parallel) , 0.0001441 secs]76.847: [weak refs processing, 0.0000356 secs]76.847: [class unloading, 0.0005569 secs]76.848: [scrub symbol table, 0.0007168 secs]76.848: [scrub string table, 0.0002548 secs][1 CMS-remark: 18841K(21888K)] 20447K(31680K), 0.0018940 secs] [Times: user=0.00 sys=0.00, real=0.00 secs] 
2014-07-10T09:58:50.704+0200: 76.849: [CMS-concurrent-sweep-start]
2014-07-10T09:58:50.704+0200: 76.849: [CMS-concurrent-sweep: 0.000/0.000 secs] [Times: user=0.00 sys=0.00, real=0.00 secs] 
2014-07-10T09:58:50.704+0200: 76.849: [CMS-concurrent-reset-start]
2014-07-10T09:58:50.704+0200: 76.849: [CMS-concurrent-reset: 0.000/0.000 secs] [Times: user=0.00 sys=0.00, real=0.00 secs] 
2014-07-10T09:58:50.744+0200: 76.889: [GC (Allocation Failure) 76.889: [ParNew: 9745K->1059K(9792K), 0.0064783 secs] 16834K->15224K(31680K), 0.0066466 secs] [Times: user=0.00 sys=0.00, real=0.01 secs] 
2014-07-10T09:58:50.751+0200: 76.896: [GC (CMS Initial Mark) [1 CMS-initial-mark: 14165K(21888K)] 15290K(31680K), 0.0002702 secs] [Times: user=0.00 sys=0.00, real=0.00 secs] 
2014-07-10T09:58:50.751+0200: 76.896: [CMS-concurrent-mark-start]
2014-07-10T09:58:50.752+0200: 76.897: [CMS-concurrent-mark: 0.001/0.001 secs] [Times: user=0.00 sys=0.00, real=0.00 secs] 
2014-07-10T09:58:50.752+0200: 76.897: [CMS-concurrent-preclean-start]
2014-07-10T09:58:50.752+0200: 76.897: [CMS-concurrent-preclean: 0.000/0.000 secs] [Times: user=0.00 sys=0.00, real=0.00 secs] 
2014-07-10T09:58:50.752+0200: 76.897: [CMS-concurrent-abortable-preclean-start]
2014-07-10T09:58:50.791+0200: 76.936: [GC (Allocation Failure) 76.936: [ParNew: 9747K->9747K(9792K), 0.0000895 secs]76.936: [CMS2014-07-10T09:58:50.791+0200: 76.936: [CMS-concurrent-abortable-preclean: 0.000/0.039 secs] [Times: user=0.00 sys=0.00, real=0.04 secs] 
 (concurrent mode failure): 14165K->907K(21888K), 0.0042763 secs] 23912K->907K(31680K), [Metaspace: 2457K->2457K(1056768K)], 0.0045256 secs] [Times: user=0.00 sys=0.00, real=0.00 secs] 
2014-07-10T09:58:50.842+0200: 76.987: [GC (Allocation Failure) 76.987: [ParNew: 8686K->899K(9792K), 0.0015318 secs] 9593K->1807K(31680K), 0.0017338 secs] [Times: user=0.00 sys=0.00, real=0.00 secs] 
2014-07-10T09:58:50.850+0200: 76.995: [GC (Allocation Failure) 76.995: [ParNew: 9585K->1059K(9792K), 0.0023365 secs] 10493K->2292K(31680K), 0.0026159 secs] [Times: user=0.03 sys=0.00, real=0.00 secs] 
2014-07-10T09:58:50.891+0200: 77.036: [GC (Allocation Failure) 77.036: [ParNew: 9761K->195K(9792K), 0.0006229 secs] 10994K->1429K(31680K), 0.0007527 secs] [Times: user=0.00 sys=0.00, real=0.00 secs] 
2014-07-10T09:58:50.941+0200: 77.086: [GC (Allocation Failure) 77.086: [ParNew: 8881K->677K(9792K), 0.0013162 secs] 10115K->1911K(31680K), 0.0015050 secs] [Times: user=0.00 sys=0.00, real=0.00 secs] 
2014-07-10T09:58:50.949+0200: 77.094: [GC (Allocation Failure) 77.094: [ParNew: 9363K->1059K(9792K), 0.0020172 secs] 10597K->2393K(31680K), 0.0022742 secs] [Times: user=0.00 sys=0.00, real=0.00 secs] 
2014-07-10T09:58:50.991+0200: 77.136: [GC (Allocation Failure) 77.136: [ParNew: 9745K->1059K(9792K), 0.0011519 secs] 11079K->2970K(31680K), 0.0012949 secs] [Times: user=0.03 sys=0.00, real=0.00 secs] 
2014-07-10T09:58:51.041+0200: 77.186: [GC (Allocation Failure) 77.186: [ParNew: 9745K->1059K(9792K), 0.0012315 secs] 11656K->4028K(31680K), 0.0013620 secs] [Times: user=0.00 sys=0.00, real=0.00 secs] 
2014-07-10T09:58:51.047+0200: 77.192: [GC (Allocation Failure) 77.192: [ParNew: 9745K->1059K(9792K), 0.0017840 secs] 12714K->5566K(31680K), 0.0019479 secs] [Times: user=0.00 sys=0.00, real=0.00 secs] 
2014-07-10T09:58:51.092+0200: 77.237: [GC (Allocation Failure) 77.237: [ParNew: 9745K->1059K(9792K), 0.0016154 secs] 14252K->7584K(31680K), 0.0017327 secs] [Times: user=0.00 sys=0.00, real=0.00 secs] 
2014-07-10T09:58:51.144+0200: 77.289: [GC (Allocation Failure) 77.289: [ParNew: 9751K->1061K(9792K), 0.0025880 secs] 16275K->9059K(31680K), 0.0027908 secs] [Times: user=0.00 sys=0.00, real=0.00 secs] 
2014-07-10T09:58:51.155+0200: 77.300: [GC (Allocation Failure) 77.300: [ParNew: 9747K->1059K(9792K), 0.0036743 secs] 17746K->11012K(31680K), 0.0039317 secs] [Times: user=0.00 sys=0.00, real=0.00 secs] 
2014-07-10T09:58:51.192+0200: 77.337: [GC (Allocation Failure) 77.337: [ParNew: 9745K->1059K(9792K), 0.0020564 secs] 19698K->13446K(31680K), 0.0021954 secs] [Times: user=0.00 sys=0.00, real=0.00 secs] 
2014-07-10T09:58:51.243+0200: 77.388: [GC (Allocation Failure) 77.388: [ParNew: 9745K->1059K(9792K), 0.0045781 secs] 22133K->16361K(31680K), 0.0048457 secs] [Times: user=0.00 sys=0.00, real=0.00 secs] 
2014-07-10T09:58:51.248+0200: 77.393: [GC (CMS Initial Mark) [1 CMS-initial-mark: 15301K(21888K)] 16427K(31680K), 0.0004542 secs] [Times: user=0.00 sys=0.00, real=0.00 secs] 
2014-07-10T09:58:51.249+0200: 77.394: [CMS-concurrent-mark-start]
2014-07-10T09:58:51.251+0200: 77.396: [CMS-concurrent-mark: 0.002/0.002 secs] [Times: user=0.00 sys=0.00, real=0.00 secs] 
2014-07-10T09:58:51.251+0200: 77.396: [CMS-concurrent-preclean-start]
2014-07-10T09:58:51.251+0200: 77.396: [CMS-concurrent-preclean: 0.000/0.000 secs] [Times: user=0.00 sys=0.00, real=0.00 secs] 
2014-07-10T09:58:51.251+0200: 77.396: [CMS-concurrent-abortable-preclean-start]
2014-07-10T09:58:51.255+0200: 77.400: [GC (Allocation Failure) 77.400: [ParNew: 9745K->1059K(9792K), 0.0043947 secs] 25047K->19756K(31680K), 0.0045880 secs] [Times: user=0.03 sys=0.00, real=0.00 secs] 
2014-07-10T09:58:51.261+0200: 77.406: [CMS-concurrent-abortable-preclean: 0.001/0.010 secs] [Times: user=0.03 sys=0.00, real=0.01 secs] 
2014-07-10T09:58:51.261+0200: 77.406: [GC (CMS Final Remark) [YG occupancy: 3912 K (9792 K)]77.406: [Rescan (parallel) , 0.0001697 secs]77.406: [weak refs processing, 0.0000469 secs]77.407: [class unloading, 0.0006306 secs]77.407: [scrub symbol table, 0.0007461 secs]77.408: [scrub string table, 0.0002376 secs][1 CMS-remark: 18696K(21888K)] 22609K(31680K), 0.0020146 secs] [Times: user=0.00 sys=0.00, real=0.00 secs] 
2014-07-10T09:58:51.263+0200: 77.408: [CMS-concurrent-sweep-start]
2014-07-10T09:58:51.264+0200: 77.409: [CMS-concurrent-sweep: 0.001/0.001 secs] [Times: user=0.00 sys=0.00, real=0.00 secs] 
2014-07-10T09:58:51.264+0200: 77.409: [CMS-concurrent-reset-start]
2014-07-10T09:58:51.264+0200: 77.409: [CMS-concurrent-reset: 0.000/0.000 secs] [Times: user=0.00 sys=0.00, real=0.00 secs] 
2014-07-10T09:58:51.292+0200: 77.437: [GC (Allocation Failure) 77.437: [ParNew: 9745K->1059K(9792K), 0.0254189 secs] 16548K->11737K(31680K), 0.0255545 secs] [Times: user=0.01 sys=0.00, real=0.03 secs] 
2014-07-10T09:58:51.349+0200: 77.494: [GC (Allocation Failure) 77.494: [ParNew: 9745K->1059K(9792K), 0.0050257 secs] 20423K->16092K(31680K), 0.0051716 secs] [Times: user=0.02 sys=0.00, real=0.01 secs] 
2014-07-10T09:58:51.358+0200: 77.503: [GC (Allocation Failure) 77.503: [ParNew: 9760K->1059K(9792K), 0.0152315 secs] 24794K->18879K(31680K), 0.0153422 secs] [Times: user=0.01 sys=0.00, real=0.02 secs] 
2014-07-10T09:58:51.376+0200: 77.521: [GC (CMS Initial Mark) [1 CMS-initial-mark: 17819K(21888K)] 23239K(31680K), 0.0002856 secs] [Times: user=0.00 sys=0.00, real=0.00 secs] 
2014-07-10T09:58:51.376+0200: 77.521: [CMS-concurrent-mark-start]
2014-07-10T09:58:51.377+0200: 77.522: [CMS-concurrent-mark: 0.001/0.001 secs] [Times: user=0.00 sys=0.00, real=0.00 secs] 
2014-07-10T09:58:51.377+0200: 77.522: [CMS-concurrent-preclean-start]
2014-07-10T09:58:51.377+0200: 77.522: [CMS-concurrent-preclean: 0.000/0.000 secs] [Times: user=0.00 sys=0.00, real=0.00 secs] 
2014-07-10T09:58:51.377+0200: 77.522: [CMS-concurrent-abortable-preclean-start]
2014-07-10T09:58:51.377+0200: 77.522: [CMS-concurrent-abortable-preclean: 0.000/0.000 secs] [Times: user=0.00 sys=0.00, real=0.00 secs] 
2014-07-10T09:58:51.377+0200: 77.522: [GC (CMS Final Remark) [YG occupancy: 5419 K (9792 K)]77.522: [Rescan (parallel) , 0.0000847 secs]77.522: [weak refs processing, 0.0000279 secs]77.522: [class unloading, 0.0005463 secs]77.523: [scrub symbol table, 0.0006302 secs]77.524: [scrub string table, 0.0001800 secs][1 CMS-remark: 17819K(21888K)] 23239K(31680K), 0.0015967 secs] [Times: user=0.00 sys=0.00, real=0.00 secs] 
2014-07-10T09:58:51.379+0200: 77.524: [CMS-concurrent-sweep-start]
2014-07-10T09:58:51.379+0200: 77.524: [CMS-concurrent-sweep: 0.000/0.000 secs] [Times: user=0.00 sys=0.00, real=0.00 secs] 
2014-07-10T09:58:51.379+0200: 77.524: [CMS-concurrent-reset-start]
2014-07-10T09:58:51.379+0200: 77.524: [CMS-concurrent-reset: 0.000/0.000 secs] [Times: user=0.00 sys=0.00, real=0.00 secs] 
2014-07-10T09:58:51.392+0200: 77.537: [GC (Allocation Failure) 77.537: [ParNew: 9745K->1059K(9792K), 0.0032102 secs] 10238K->4820K(31680K), 0.0033656 secs] [Times: user=0.00 sys=0.00, real=0.00 secs] 
2014-07-10T09:58:51.446+0200: 77.591: [GC (Allocation Failure) 77.591: [ParNew: 9745K->1059K(9792K), 0.0045465 secs] 13506K->8567K(31680K), 0.0046825 secs] [Times: user=0.00 sys=0.00, real=0.00 secs] 
2014-07-10T09:58:51.456+0200: 77.601: [GC (Allocation Failure) 77.601: [ParNew: 9745K->1059K(9792K), 0.0036978 secs] 17253K->12794K(31680K), 0.0038514 secs] [Times: user=0.03 sys=0.00, real=0.00 secs] 
2014-07-10T09:58:51.461+0200: 77.606: [GC (CMS Initial Mark) [1 CMS-initial-mark: 11735K(21888K)] 12826K(31680K), 0.0001782 secs] [Times: user=0.00 sys=0.00, real=0.00 secs] 
2014-07-10T09:58:51.461+0200: 77.606: [CMS-concurrent-mark-start]
2014-07-10T09:58:51.462+0200: 77.607: [CMS-concurrent-mark: 0.001/0.001 secs] [Times: user=0.00 sys=0.00, real=0.00 secs] 
2014-07-10T09:58:51.462+0200: 77.607: [CMS-concurrent-preclean-start]
2014-07-10T09:58:51.462+0200: 77.607: [CMS-concurrent-preclean: 0.000/0.000 secs] [Times: user=0.00 sys=0.00, real=0.00 secs] 
2014-07-10T09:58:51.462+0200: 77.607: [CMS-concurrent-abortable-preclean-start]
2014-07-10T09:58:51.493+0200: 77.638: [GC (Allocation Failure) 77.638: [ParNew: 9745K->1059K(9792K), 0.0042532 secs] 21480K->17502K(31680K), 0.0044285 secs] [Times: user=0.00 sys=0.00, real=0.00 secs] 
2014-07-10T09:58:51.545+0200: 77.690: [GC (Allocation Failure) 77.690: [ParNew: 9745K->1059K(9792K), 0.0078073 secs] 26188K->22689K(31680K), 0.0080973 secs] [Times: user=0.00 sys=0.00, real=0.01 secs] 
2014-07-10T09:58:51.553+0200: 77.698: [CMS-concurrent-abortable-preclean: 0.001/0.091 secs] [Times: user=0.02 sys=0.00, real=0.09 secs] 
2014-07-10T09:58:51.562+0200: 77.707: [GC (Allocation Failure) 77.708: [ParNew: 9745K->9745K(9792K), 0.0001254 secs]77.708: [CMS (concurrent mode failure): 21630K->7215K(21888K), 0.0197083 secs] 31375K->7215K(31680K), [Metaspace: 2457K->2457K(1056768K)], 0.0202531 secs] [Times: user=0.02 sys=0.00, real=0.02 secs] 
2014-07-10T09:58:51.593+0200: 77.738: [GC (Allocation Failure) 77.738: [ParNew: 8686K->1059K(9792K), 0.0054250 secs] 15902K->14426K(31680K), 0.0055844 secs] [Times: user=0.00 sys=0.00, real=0.01 secs] 
2014-07-10T09:58:51.599+0200: 77.744: [GC (CMS Initial Mark) [1 CMS-initial-mark: 13366K(21888K)] 14458K(31680K), 0.0001994 secs] [Times: user=0.00 sys=0.00, real=0.00 secs] 
2014-07-10T09:58:51.599+0200: 77.744: [CMS-concurrent-mark-start]
2014-07-10T09:58:51.600+0200: 77.745: [CMS-concurrent-mark: 0.001/0.001 secs] [Times: user=0.00 sys=0.00, real=0.00 secs] 
2014-07-10T09:58:51.600+0200: 77.745: [CMS-concurrent-preclean-start]
2014-07-10T09:58:51.600+0200: 77.745: [CMS-concurrent-preclean: 0.000/0.000 secs] [Times: user=0.00 sys=0.00, real=0.00 secs] 
2014-07-10T09:58:51.601+0200: 77.746: [GC (CMS Final Remark) [YG occupancy: 3084 K (9792 K)]77.746: [Rescan (parallel) , 0.0001049 secs]77.746: [weak refs processing, 0.0000312 secs]77.746: [class unloading, 0.0004696 secs]77.746: [scrub symbol table, 0.0006178 secs]77.747: [scrub string table, 0.0001866 secs][1 CMS-remark: 13366K(21888K)] 16450K(31680K), 0.0015560 secs] [Times: user=0.00 sys=0.00, real=0.00 secs] 
2014-07-10T09:58:51.602+0200: 77.747: [CMS-concurrent-sweep-start]
2014-07-10T09:58:51.602+0200: 77.747: [CMS-concurrent-sweep: 0.000/0.000 secs] [Times: user=0.00 sys=0.00, real=0.00 secs] 
2014-07-10T09:58:51.602+0200: 77.747: [CMS-concurrent-reset-start]
2014-07-10T09:58:51.603+0200: 77.748: [CMS-concurrent-reset: 0.000/0.000 secs] [Times: user=0.00 sys=0.00, real=0.00 secs] 
2014-07-10T09:58:51.643+0200: 77.788: [GC (Allocation Failure) 77.788: [ParNew: 9751K->1061K(9792K), 0.0054202 secs] 16393K->13307K(31680K), 0.0055775 secs] [Times: user=0.03 sys=0.00, real=0.01 secs] 
2014-07-10T09:58:51.648+0200: 77.793: [GC (CMS Initial Mark) [1 CMS-initial-mark: 12246K(21888K)] 13373K(31680K), 0.0002299 secs] [Times: user=0.00 sys=0.00, real=0.00 secs] 
2014-07-10T09:58:51.649+0200: 77.794: [CMS-concurrent-mark-start]
2014-07-10T09:58:51.650+0200: 77.795: [CMS-concurrent-mark: 0.001/0.001 secs] [Times: user=0.00 sys=0.00, real=0.00 secs] 
2014-07-10T09:58:51.650+0200: 77.795: [CMS-concurrent-preclean-start]
2014-07-10T09:58:51.650+0200: 77.795: [CMS-concurrent-preclean: 0.000/0.000 secs] [Times: user=0.00 sys=0.00, real=0.00 secs] 
2014-07-10T09:58:51.650+0200: 77.795: [CMS-concurrent-abortable-preclean-start]
2014-07-10T09:58:51.652+0200: 77.797: [GC (Allocation Failure) 77.797: [ParNew: 9747K->1059K(9792K), 0.0055789 secs] 21994K->19390K(31680K), 0.0057131 secs] [Times: user=0.00 sys=0.00, real=0.01 secs] 
2014-07-10T09:58:51.693+0200: 77.838: [GC (Allocation Failure) 77.838: [ParNew: 9745K->9745K(9792K), 0.0000506 secs]77.838: [CMS2014-07-10T09:58:51.693+0200: 77.839: [CMS-concurrent-abortable-preclean: 0.001/0.044 secs] [Times: user=0.01 sys=0.00, real=0.04 secs] 
 (concurrent mode failure): 18330K->8112K(21888K), 0.0082417 secs] 28076K->8112K(31680K), [Metaspace: 2457K->2457K(1056768K)], 0.0084559 secs] [Times: user=0.01 sys=0.00, real=0.01 secs] 
2014-07-10T09:58:51.746+0200: 77.891: [GC (Allocation Failure) 77.891: [ParNew: 8686K->1059K(9792K), 0.0104551 secs] 16798K->16219K(31680K), 0.0107502 secs] [Times: user=0.00 sys=0.00, real=0.01 secs] 
2014-07-10T09:58:51.757+0200: 77.902: [GC (CMS Initial Mark) [1 CMS-initial-mark: 15159K(21888K)] 16285K(31680K), 0.0005675 secs] [Times: user=0.00 sys=0.00, real=0.00 secs] 
2014-07-10T09:58:51.758+0200: 77.903: [CMS-concurrent-mark-start]
2014-07-10T09:58:51.760+0200: 77.905: [CMS-concurrent-mark: 0.002/0.002 secs] [Times: user=0.00 sys=0.00, real=0.00 secs] 
2014-07-10T09:58:51.760+0200: 77.905: [CMS-concurrent-preclean-start]
2014-07-10T09:58:51.760+0200: 77.905: [CMS-concurrent-preclean: 0.000/0.000 secs] [Times: user=0.00 sys=0.00, real=0.00 secs] 
2014-07-10T09:58:51.760+0200: 77.905: [CMS-concurrent-abortable-preclean-start]
2014-07-10T09:58:51.791+0200: 77.936: [GC (Allocation Failure) 77.936: [ParNew: 9747K->9747K(9792K), 0.0000697 secs]77.936: [CMS2014-07-10T09:58:51.791+0200: 77.936: [CMS-concurrent-abortable-preclean: 0.000/0.031 secs] [Times: user=0.00 sys=0.00, real=0.03 secs] 
 (concurrent mode failure): 15159K->876K(21888K), 0.0039654 secs] 24907K->876K(31680K), [Metaspace: 2457K->2457K(1056768K)], 0.0042122 secs] [Times: user=0.00 sys=0.00, real=0.00 secs] 
2014-07-10T09:58:51.842+0200: 77.987: [GC (Allocation Failure) 77.987: [ParNew: 8686K->867K(9792K), 0.0014632 secs] 9562K->1744K(31680K), 0.0016494 secs] [Times: user=0.00 sys=0.00, real=0.00 secs] 
2014-07-10T09:58:51.850+0200: 77.995: [GC (Allocation Failure) 77.995: [ParNew: 9553K->1059K(9792K), 0.0022797 secs] 10430K->2229K(31680K), 0.0025055 secs] [Times: user=0.00 sys=0.00, real=0.00 secs] 
2014-07-10T09:58:51.893+0200: 78.039: [GC (Allocation Failure) 78.039: [ParNew: 9762K->163K(9792K), 0.0005404 secs] 10932K->1334K(31680K), 0.0006574 secs] [Times: user=0.00 sys=0.00, real=0.00 secs] 
2014-07-10T09:58:51.941+0200: 78.086: [GC (Allocation Failure) 78.086: [ParNew: 8849K->645K(9792K), 0.0005419 secs] 10020K->1816K(31680K), 0.0006192 secs] [Times: user=0.00 sys=0.00, real=0.00 secs] 
2014-07-10T09:58:51.945+0200: 78.090: [GC (Allocation Failure) 78.090: [ParNew: 9331K->1059K(9792K), 0.0011061 secs] 10502K->2298K(31680K), 0.0012157 secs] [Times: user=0.00 sys=0.00, real=0.00 secs] 
2014-07-10T09:58:51.991+0200: 78.136: [GC (Allocation Failure) 78.136: [ParNew: 9745K->1059K(9792K), 0.0008095 secs] 10984K->2843K(31680K), 0.0008953 secs] [Times: user=0.00 sys=0.00, real=0.00 secs] 
2014-07-10T09:58:52.042+0200: 78.187: [GC (Allocation Failure) 78.187: [ParNew: 9745K->1059K(9792K), 0.0022826 secs] 11530K->3869K(31680K), 0.0025037 secs] [Times: user=0.00 sys=0.00, real=0.00 secs] 
2014-07-10T09:58:52.051+0200: 78.197: [GC (Allocation Failure) 78.197: [ParNew: 9745K->1059K(9792K), 0.0034650 secs] 12555K->5375K(31680K), 0.0037447 secs] [Times: user=0.02 sys=0.02, real=0.00 secs] 
2014-07-10T09:58:52.092+0200: 78.238: [GC (Allocation Failure) 78.238: [ParNew: 9745K->1059K(9792K), 0.0031042 secs] 14061K->7361K(31680K), 0.0033671 secs] [Times: user=0.00 sys=0.00, real=0.00 secs] 
2014-07-10T09:58:52.141+0200: 78.286: [GC (Allocation Failure) 78.287: [ParNew: 9755K->1061K(9792K), 0.0011926 secs] 16056K->8292K(31680K), 0.0013096 secs] [Times: user=0.00 sys=0.00, real=0.00 secs] 
2014-07-10T09:58:52.147+0200: 78.292: [GC (Allocation Failure) 78.292: [ParNew: 9747K->1059K(9792K), 0.0020326 secs] 16978K->9701K(31680K), 0.0022218 secs] [Times: user=0.00 sys=0.00, real=0.00 secs] 
2014-07-10T09:58:52.192+0200: 78.337: [GC (Allocation Failure) 78.338: [ParNew: 9745K->1059K(9792K), 0.0035926 secs] 18387K->11591K(31680K), 0.0038837 secs] [Times: user=0.03 sys=0.00, real=0.00 secs] 
2014-07-10T09:58:52.242+0200: 78.387: [GC (Allocation Failure) 78.387: [ParNew: 9745K->1059K(9792K), 0.0020201 secs] 20277K->13961K(31680K), 0.0022031 secs] [Times: user=0.00 sys=0.00, real=0.00 secs] 
2014-07-10T09:58:52.249+0200: 78.394: [GC (Allocation Failure) 78.394: [ParNew: 9745K->1059K(9792K), 0.0032505 secs] 22648K->16812K(31680K), 0.0034159 secs] [Times: user=0.00 sys=0.00, real=0.00 secs] 
2014-07-10T09:58:52.252+0200: 78.397: [GC (CMS Initial Mark) [1 CMS-initial-mark: 15752K(21888K)] 16878K(31680K), 0.0002849 secs] [Times: user=0.00 sys=0.00, real=0.00 secs] 
2014-07-10T09:58:52.253+0200: 78.398: [CMS-concurrent-mark-start]
2014-07-10T09:58:52.254+0200: 78.399: [CMS-concurrent-mark: 0.001/0.001 secs] [Times: user=0.00 sys=0.00, real=0.00 secs] 
2014-07-10T09:58:52.254+0200: 78.399: [CMS-concurrent-preclean-start]
2014-07-10T09:58:52.254+0200: 78.399: [CMS-concurrent-preclean: 0.000/0.000 secs] [Times: user=0.00 sys=0.00, real=0.00 secs] 
2014-07-10T09:58:52.254+0200: 78.399: [CMS-concurrent-abortable-preclean-start]
2014-07-10T09:58:52.293+0200: 78.438: [GC (Allocation Failure) 78.438: [ParNew: 9745K->1059K(9792K), 0.0043757 secs] 25498K->20143K(31680K), 0.0045271 secs] [Times: user=0.00 sys=0.00, real=0.01 secs] 
2014-07-10T09:58:52.299+0200: 78.444: [CMS-concurrent-abortable-preclean: 0.000/0.045 secs] [Times: user=0.00 sys=0.00, real=0.05 secs] 
2014-07-10T09:58:52.299+0200: 78.444: [GC (CMS Final Remark) [YG occupancy: 4873 K (9792 K)]78.444: [Rescan (parallel) , 0.0166503 secs]78.461: [weak refs processing, 0.0000330 secs]78.461: [class unloading, 0.0005646 secs]78.462: [scrub symbol table, 0.0006079 secs]78.462: [scrub string table, 0.0001881 secs][1 CMS-remark: 19083K(21888K)] 23956K(31680K), 0.0182206 secs] [Times: user=0.03 sys=0.00, real=0.02 secs] 
2014-07-10T09:58:52.318+0200: 78.463: [CMS-concurrent-sweep-start]
2014-07-10T09:58:52.318+0200: 78.463: [CMS-concurrent-sweep: 0.000/0.000 secs] [Times: user=0.00 sys=0.00, real=0.00 secs] 
2014-07-10T09:58:52.318+0200: 78.463: [CMS-concurrent-reset-start]
2014-07-10T09:58:52.318+0200: 78.463: [CMS-concurrent-reset: 0.000/0.000 secs] [Times: user=0.00 sys=0.00, real=0.00 secs] 
2014-07-10T09:58:52.343+0200: 78.488: [GC (Allocation Failure) 78.488: [ParNew: 9745K->1059K(9792K), 0.0036116 secs] 16422K->11547K(31680K), 0.0037682 secs] [Times: user=0.00 sys=0.00, real=0.00 secs] 
2014-07-10T09:58:52.347+0200: 78.492: [GC (CMS Initial Mark) [1 CMS-initial-mark: 10487K(21888K)] 11579K(31680K), 0.0001701 secs] [Times: user=0.00 sys=0.00, real=0.00 secs] 
2014-07-10T09:58:52.347+0200: 78.492: [CMS-concurrent-mark-start]
2014-07-10T09:58:52.348+0200: 78.493: [CMS-concurrent-mark: 0.001/0.001 secs] [Times: user=0.00 sys=0.00, real=0.00 secs] 
2014-07-10T09:58:52.348+0200: 78.493: [CMS-concurrent-preclean-start]
2014-07-10T09:58:52.348+0200: 78.493: [CMS-concurrent-preclean: 0.000/0.000 secs] [Times: user=0.00 sys=0.00, real=0.00 secs] 
2014-07-10T09:58:52.348+0200: 78.493: [CMS-concurrent-abortable-preclean-start]
2014-07-10T09:58:52.351+0200: 78.496: [GC (Allocation Failure) 78.496: [ParNew: 9751K->1061K(9792K), 0.0041436 secs] 20239K->15328K(31680K), 0.0042914 secs] [Times: user=0.00 sys=0.00, real=0.00 secs] 
2014-07-10T09:58:52.392+0200: 78.537: [GC (Allocation Failure) 78.537: [ParNew: 9753K->1059K(9792K), 0.0031867 secs] 24019K->18561K(31680K), 0.0033378 secs] [Times: user=0.02 sys=0.00, real=0.00 secs] 
2014-07-10T09:58:52.442+0200: 78.587: [GC (Allocation Failure) 78.587: [ParNew: 9745K->1059K(9792K), 0.0039211 secs] 27247K->22276K(31680K), 0.0040948 secs] [Times: user=0.02 sys=0.00, real=0.00 secs] 
2014-07-10T09:58:52.447+0200: 78.592: [CMS-concurrent-abortable-preclean: 0.002/0.099 secs] [Times: user=0.05 sys=0.00, real=0.10 secs] 
2014-07-10T09:58:52.447+0200: 78.593: [GC (CMS Final Remark) [YG occupancy: 2662 K (9792 K)]78.593: [Rescan (parallel) , 0.0002434 secs]78.593: [weak refs processing, 0.0000286 secs]78.593: [class unloading, 0.0005800 secs]78.593: [scrub symbol table, 0.0007699 secs]78.594: [scrub string table, 0.0002013 secs][1 CMS-remark: 21217K(21888K)] 23879K(31680K), 0.0019977 secs] [Times: user=0.00 sys=0.00, real=0.00 secs] 
2014-07-10T09:58:52.450+0200: 78.595: [CMS-concurrent-sweep-start]
2014-07-10T09:58:52.450+0200: 78.595: [CMS-concurrent-sweep: 0.000/0.000 secs] [Times: user=0.00 sys=0.00, real=0.00 secs] 
2014-07-10T09:58:52.450+0200: 78.595: [CMS-concurrent-reset-start]
2014-07-10T09:58:52.450+0200: 78.595: [CMS-concurrent-reset: 0.000/0.000 secs] [Times: user=0.00 sys=0.00, real=0.00 secs] 
2014-07-10T09:58:52.453+0200: 78.598: [GC (Allocation Failure) 78.598: [ParNew: 9745K->1059K(9792K), 0.0039856 secs] 24781K->20290K(31680K), 0.0042976 secs] [Times: user=0.00 sys=0.00, real=0.00 secs] 
2014-07-10T09:58:52.457+0200: 78.602: [GC (CMS Initial Mark) [1 CMS-initial-mark: 19231K(21888K)] 20452K(31680K), 0.0011054 secs] [Times: user=0.00 sys=0.00, real=0.00 secs] 
2014-07-10T09:58:52.459+0200: 78.604: [CMS-concurrent-mark-start]
2014-07-10T09:58:52.459+0200: 78.604: [CMS-concurrent-mark: 0.001/0.001 secs] [Times: user=0.00 sys=0.00, real=0.00 secs] 
2014-07-10T09:58:52.459+0200: 78.604: [CMS-concurrent-preclean-start]
2014-07-10T09:58:52.459+0200: 78.605: [CMS-concurrent-preclean: 0.000/0.000 secs] [Times: user=0.00 sys=0.00, real=0.00 secs] 
2014-07-10T09:58:52.460+0200: 78.605: [GC (CMS Final Remark) [YG occupancy: 1221 K (9792 K)]78.605: [Rescan (parallel) , 0.0002757 secs]78.605: [weak refs processing, 0.0000268 secs]78.605: [class unloading, 0.0003941 secs]78.605: [scrub symbol table, 0.0005470 secs]78.606: [scrub string table, 0.0001518 secs][1 CMS-remark: 19231K(21888K)] 20452K(31680K), 0.0015123 secs] [Times: user=0.00 sys=0.00, real=0.00 secs] 
2014-07-10T09:58:52.461+0200: 78.606: [CMS-concurrent-sweep-start]
2014-07-10T09:58:52.462+0200: 78.607: [CMS-concurrent-sweep: 0.000/0.000 secs] [Times: user=0.00 sys=0.00, real=0.00 secs] 
2014-07-10T09:58:52.462+0200: 78.607: [CMS-concurrent-reset-start]
2014-07-10T09:58:52.462+0200: 78.607: [CMS-concurrent-reset: 0.000/0.000 secs] [Times: user=0.00 sys=0.00, real=0.00 secs] 
2014-07-10T09:58:52.493+0200: 78.638: [GC (Allocation Failure) 78.638: [ParNew: 9745K->1059K(9792K), 0.0041293 secs] 14436K->10425K(31680K), 0.0042697 secs] [Times: user=0.00 sys=0.00, real=0.00 secs] 
2014-07-10T09:58:52.497+0200: 78.642: [GC (CMS Initial Mark) [1 CMS-initial-mark: 9366K(21888K)] 10457K(31680K), 0.0001778 secs] [Times: user=0.00 sys=0.00, real=0.00 secs] 
2014-07-10T09:58:52.497+0200: 78.642: [CMS-concurrent-mark-start]
2014-07-10T09:58:52.498+0200: 78.643: [CMS-concurrent-mark: 0.001/0.001 secs] [Times: user=0.00 sys=0.00, real=0.00 secs] 
2014-07-10T09:58:52.498+0200: 78.643: [CMS-concurrent-preclean-start]
2014-07-10T09:58:52.498+0200: 78.644: [CMS-concurrent-preclean: 0.000/0.000 secs] [Times: user=0.00 sys=0.00, real=0.00 secs] 
2014-07-10T09:58:52.499+0200: 78.644: [CMS-concurrent-abortable-preclean-start]
2014-07-10T09:58:52.543+0200: 78.688: [GC (Allocation Failure) 78.688: [ParNew: 9745K->1059K(9792K), 0.0046459 secs] 19111K->15581K(31680K), 0.0047856 secs] [Times: user=0.00 sys=0.00, real=0.00 secs] 
2014-07-10T09:58:52.551+0200: 78.696: [GC (Allocation Failure) 78.696: [ParNew: 9745K->1059K(9792K), 0.0051779 secs] 24267K->21216K(31680K), 0.0053370 secs] [Times: user=0.03 sys=0.00, real=0.00 secs] 
2014-07-10T09:58:52.557+0200: 78.703: [CMS-concurrent-abortable-preclean: 0.002/0.059 secs] [Times: user=0.03 sys=0.00, real=0.06 secs] 
2014-07-10T09:58:52.558+0200: 78.703: [GC (CMS Final Remark) [YG occupancy: 2566 K (9792 K)]78.703: [Rescan (parallel) , 0.0000997 secs]78.703: [weak refs processing, 0.0000271 secs]78.703: [class unloading, 0.0004491 secs]78.703: [scrub symbol table, 0.0005580 secs]78.704: [scrub string table, 0.0001657 secs][1 CMS-remark: 20157K(21888K)] 22723K(31680K), 0.0014137 secs] [Times: user=0.00 sys=0.00, real=0.00 secs] 
2014-07-10T09:58:52.559+0200: 78.704: [CMS-concurrent-sweep-start]
2014-07-10T09:58:52.559+0200: 78.704: [CMS-concurrent-sweep: 0.000/0.000 secs] [Times: user=0.00 sys=0.00, real=0.00 secs] 
2014-07-10T09:58:52.559+0200: 78.705: [CMS-concurrent-reset-start]
2014-07-10T09:58:52.560+0200: 78.705: [CMS-concurrent-reset: 0.000/0.000 secs] [Times: user=0.00 sys=0.00, real=0.00 secs] 
2014-07-10T09:58:52.594+0200: 78.739: [GC (Allocation Failure) 78.739: [ParNew: 9749K->9749K(9792K), 0.0000436 secs]78.739: [CMS: 15962K->6640K(21888K), 0.0067598 secs] 25711K->6640K(31680K), [Metaspace: 2457K->2457K(1056768K)], 0.0069498 secs] [Times: user=0.02 sys=0.00, real=0.01 secs] 
2014-07-10T09:58:52.643+0200: 78.788: [GC (Allocation Failure) 78.788: [ParNew: 8686K->1059K(9792K), 0.0047522 secs] 15326K->13274K(31680K), 0.0049293 secs] [Times: user=0.03 sys=0.00, real=0.01 secs] 
2014-07-10T09:58:52.648+0200: 78.793: [GC (CMS Initial Mark) [1 CMS-initial-mark: 12215K(21888K)] 13306K(31680K), 0.0001800 secs] [Times: user=0.00 sys=0.00, real=0.00 secs] 
2014-07-10T09:58:52.648+0200: 78.794: [CMS-concurrent-mark-start]
2014-07-10T09:58:52.649+0200: 78.794: [CMS-concurrent-mark: 0.001/0.001 secs] [Times: user=0.00 sys=0.00, real=0.00 secs] 
2014-07-10T09:58:52.649+0200: 78.794: [CMS-concurrent-preclean-start]
2014-07-10T09:58:52.649+0200: 78.794: [CMS-concurrent-preclean: 0.000/0.000 secs] [Times: user=0.00 sys=0.00, real=0.00 secs] 
2014-07-10T09:58:52.649+0200: 78.795: [CMS-concurrent-abortable-preclean-start]
2014-07-10T09:58:52.652+0200: 78.797: [GC (Allocation Failure) 78.797: [ParNew: 9745K->1059K(9792K), 0.0050851 secs] 21961K->19327K(31680K), 0.0052222 secs] [Times: user=0.00 sys=0.00, real=0.01 secs] 
2014-07-10T09:58:52.693+0200: 78.838: [GC (Allocation Failure) 78.838: [ParNew: 9745K->9745K(9792K), 0.0000451 secs]78.838: [CMS2014-07-10T09:58:52.693+0200: 78.838: [CMS-concurrent-abortable-preclean: 0.001/0.044 secs] [Times: user=0.01 sys=0.00, real=0.04 secs] 
 (concurrent mode failure): 18267K->8081K(21888K), 0.0077468 secs] 28013K->8081K(31680K), [Metaspace: 2457K->2457K(1056768K)], 0.0079547 secs] [Times: user=0.00 sys=0.00, real=0.01 secs] 
2014-07-10T09:58:52.746+0200: 78.892: [GC (Allocation Failure) 78.892: [ParNew: 8686K->1059K(9792K), 0.0100481 secs] 16767K->16156K(31680K), 0.0103146 secs] [Times: user=0.02 sys=0.00, real=0.01 secs] 
2014-07-10T09:58:52.757+0200: 78.902: [GC (CMS Initial Mark) [1 CMS-initial-mark: 15096K(21888K)] 16222K(31680K), 0.0002702 secs] [Times: user=0.00 sys=0.00, real=0.00 secs] 
2014-07-10T09:58:52.757+0200: 78.902: [CMS-concurrent-mark-start]
2014-07-10T09:58:52.759+0200: 78.904: [CMS-concurrent-mark: 0.001/0.001 secs] [Times: user=0.00 sys=0.00, real=0.00 secs] 
2014-07-10T09:58:52.759+0200: 78.904: [CMS-concurrent-preclean-start]
2014-07-10T09:58:52.759+0200: 78.904: [CMS-concurrent-preclean: 0.000/0.000 secs] [Times: user=0.00 sys=0.00, real=0.00 secs] 
2014-07-10T09:58:52.759+0200: 78.904: [CMS-concurrent-abortable-preclean-start]
2014-07-10T09:58:52.791+0200: 78.936: [GC (Allocation Failure) 78.937: [ParNew: 9747K->9747K(9792K), 0.0001203 secs]78.937: [CMS2014-07-10T09:58:52.792+0200: 78.937: [CMS-concurrent-abortable-preclean: 0.000/0.033 secs] [Times: user=0.00 sys=0.00, real=0.03 secs] 
 (concurrent mode failure): 15096K->845K(21888K), 0.0073798 secs] 24844K->845K(31680K), [Metaspace: 2457K->2457K(1056768K)], 0.0077736 secs] [Times: user=0.00 sys=0.00, real=0.01 secs] 
2014-07-10T09:58:52.841+0200: 78.986: [GC (Allocation Failure) 78.987: [ParNew: 8686K->835K(9792K), 0.0013415 secs] 9532K->1681K(31680K), 0.0015230 secs] [Times: user=0.00 sys=0.00, real=0.00 secs] 
2014-07-10T09:58:52.849+0200: 78.994: [GC (Allocation Failure) 78.995: [ParNew: 9521K->1059K(9792K), 0.0028219 secs] 10367K->2166K(31680K), 0.0030577 secs] [Times: user=0.00 sys=0.00, real=0.00 secs] 
2014-07-10T09:58:52.860+0200: 79.005: [GC (Allocation Failure) 79.005: [ParNew: 9762K->131K(9792K), 0.0011560 secs] 10869K->1239K(31680K), 0.0013671 secs] [Times: user=0.00 sys=0.00, real=0.00 secs] 
2014-07-10T09:58:52.942+0200: 79.087: [GC (Allocation Failure) 79.087: [ParNew: 8822K->101K(9792K), 0.0009371 secs] 9930K->1209K(31680K), 0.0011032 secs] [Times: user=0.00 sys=0.00, real=0.00 secs] 
2014-07-10T09:58:52.949+0200: 79.094: [GC (Allocation Failure) 79.094: [ParNew: 8787K->582K(9792K), 0.0017044 secs] 9895K->1690K(31680K), 0.0020326 secs] [Times: user=0.00 sys=0.00, real=0.00 secs] 
2014-07-10T09:58:52.992+0200: 79.137: [GC (Allocation Failure) 79.137: [ParNew: 9268K->1059K(9792K), 0.0009778 secs] 10376K->2173K(31680K), 0.0010870 secs] [Times: user=0.00 sys=0.00, real=0.00 secs] 
2014-07-10T09:58:53.042+0200: 79.187: [GC (Allocation Failure) 79.188: [ParNew: 9745K->1059K(9792K), 0.0019318 secs] 10859K->2654K(31680K), 0.0021250 secs] [Times: user=0.00 sys=0.00, real=0.00 secs] 
2014-07-10T09:58:53.051+0200: 79.196: [GC (Allocation Failure) 79.196: [ParNew: 9745K->1059K(9792K), 0.0032138 secs] 11340K->3616K(31680K), 0.0034683 secs] [Times: user=0.03 sys=0.00, real=0.00 secs] 
2014-07-10T09:58:53.092+0200: 79.238: [GC (Allocation Failure) 79.238: [ParNew: 9745K->1059K(9792K), 0.0024557 secs] 12302K->5057K(31680K), 0.0027053 secs] [Times: user=0.00 sys=0.00, real=0.00 secs] 
2014-07-10T09:58:53.142+0200: 79.288: [GC (Allocation Failure) 79.288: [ParNew: 9749K->1061K(9792K), 0.0025290 secs] 13747K->5957K(31680K), 0.0027343 secs] [Times: user=0.03 sys=0.00, real=0.00 secs] 
2014-07-10T09:58:53.153+0200: 79.298: [GC (Allocation Failure) 79.298: [ParNew: 9747K->1059K(9792K), 0.0033726 secs] 14643K->7333K(31680K), 0.0036993 secs] [Times: user=0.00 sys=0.00, real=0.00 secs] 
2014-07-10T09:58:53.192+0200: 79.337: [GC (Allocation Failure) 79.337: [ParNew: 9745K->1059K(9792K), 0.0015094 secs] 16019K->9191K(31680K), 0.0016300 secs] [Times: user=0.00 sys=0.00, real=0.00 secs] 
2014-07-10T09:58:53.243+0200: 79.388: [GC (Allocation Failure) 79.388: [ParNew: 9745K->1059K(9792K), 0.0034122 secs] 17877K->11529K(31680K), 0.0036534 secs] [Times: user=0.00 sys=0.00, real=0.00 secs] 
2014-07-10T09:58:53.253+0200: 79.398: [GC (Allocation Failure) 79.399: [ParNew: 9745K->1059K(9792K), 0.0061424 secs] 20216K->14348K(31680K), 0.0064420 secs] [Times: user=0.02 sys=0.00, real=0.01 secs] 
2014-07-10T09:58:53.260+0200: 79.405: [GC (CMS Initial Mark) [1 CMS-initial-mark: 13288K(21888K)] 14414K(31680K), 0.0004249 secs] [Times: user=0.00 sys=0.00, real=0.00 secs] 
2014-07-10T09:58:53.261+0200: 79.406: [CMS-concurrent-mark-start]
2014-07-10T09:58:53.263+0200: 79.408: [CMS-concurrent-mark: 0.002/0.002 secs] [Times: user=0.00 sys=0.00, real=0.00 secs] 
2014-07-10T09:58:53.263+0200: 79.408: [CMS-concurrent-preclean-start]
2014-07-10T09:58:53.263+0200: 79.409: [CMS-concurrent-preclean: 0.000/0.000 secs] [Times: user=0.00 sys=0.00, real=0.00 secs] 
2014-07-10T09:58:53.264+0200: 79.409: [CMS-concurrent-abortable-preclean-start]
2014-07-10T09:58:53.292+0200: 79.437: [GC (Allocation Failure) 79.437: [ParNew: 9745K->1059K(9792K), 0.0206909 secs] 23034K->17646K(31680K), 0.0208104 secs] [Times: user=0.01 sys=0.00, real=0.02 secs] 
2014-07-10T09:58:53.343+0200: 79.488: [GC (Allocation Failure) 79.488: [ParNew: 9745K->1059K(9792K), 0.0044571 secs] 26333K->21425K(31680K), 0.0045927 secs] [Times: user=0.00 sys=0.00, real=0.00 secs] 
2014-07-10T09:58:53.353+0200: 79.498: [GC (Allocation Failure) 79.498: [ParNew: 9755K->9755K(9792K), 0.0000484 secs]79.498: [CMS2014-07-10T09:58:53.353+0200: 79.498: [CMS-concurrent-abortable-preclean: 0.002/0.089 secs] [Times: user=0.01 sys=0.02, real=0.09 secs] 
 (concurrent mode failure): 20366K->4272K(21888K), 0.0061615 secs] 30121K->4272K(31680K), [Metaspace: 2457K->2457K(1056768K)], 0.0063676 secs] [Times: user=0.00 sys=0.00, real=0.01 secs] 
2014-07-10T09:58:53.397+0200: 79.542: [GC (Allocation Failure) 79.542: [ParNew: 8686K->1059K(9792K), 0.0031160 secs] 12958K->8537K(31680K), 0.0032567 secs] [Times: user=0.00 sys=0.00, real=0.00 secs] 
2014-07-10T09:58:53.442+0200: 79.587: [GC (Allocation Failure) 79.587: [ParNew: 9745K->1059K(9792K), 0.0035218 secs] 17224K->12220K(31680K), 0.0036501 secs] [Times: user=0.00 sys=0.00, real=0.00 secs] 
2014-07-10T09:58:53.446+0200: 79.591: [GC (CMS Initial Mark) [1 CMS-initial-mark: 11161K(21888K)] 12286K(31680K), 0.0001679 secs] [Times: user=0.00 sys=0.00, real=0.00 secs] 
2014-07-10T09:58:53.446+0200: 79.591: [CMS-concurrent-mark-start]
2014-07-10T09:58:53.447+0200: 79.592: [CMS-concurrent-mark: 0.001/0.001 secs] [Times: user=0.00 sys=0.00, real=0.00 secs] 
2014-07-10T09:58:53.447+0200: 79.592: [CMS-concurrent-preclean-start]
2014-07-10T09:58:53.447+0200: 79.592: [CMS-concurrent-preclean: 0.000/0.000 secs] [Times: user=0.00 sys=0.00, real=0.00 secs] 
2014-07-10T09:58:53.447+0200: 79.592: [CMS-concurrent-abortable-preclean-start]
2014-07-10T09:58:53.450+0200: 79.595: [GC (Allocation Failure) 79.595: [ParNew: 9745K->1059K(9792K), 0.0038169 secs] 20906K->16383K(31680K), 0.0039471 secs] [Times: user=0.00 sys=0.00, real=0.00 secs] 
2014-07-10T09:58:53.492+0200: 79.637: [GC (Allocation Failure) 79.637: [ParNew: 9745K->1059K(9792K), 0.0042983 secs] 25070K->21027K(31680K), 0.0044464 secs] [Times: user=0.00 sys=0.00, real=0.00 secs] 
2014-07-10T09:58:53.498+0200: 79.643: [CMS-concurrent-abortable-preclean: 0.001/0.051 secs] [Times: user=0.00 sys=0.00, real=0.05 secs] 
2014-07-10T09:58:53.498+0200: 79.643: [GC (CMS Final Remark) [YG occupancy: 3560 K (9792 K)]79.643: [Rescan (parallel) , 0.0000994 secs]79.643: [weak refs processing, 0.0000264 secs]79.643: [class unloading, 0.0004777 secs]79.644: [scrub symbol table, 0.0005697 secs]79.644: [scrub string table, 0.0001771 secs][1 CMS-remark: 19967K(21888K)] 23528K(31680K), 0.0014647 secs] [Times: user=0.00 sys=0.00, real=0.00 secs] 
2014-07-10T09:58:53.499+0200: 79.644: [CMS-concurrent-sweep-start]
2014-07-10T09:58:53.500+0200: 79.645: [CMS-concurrent-sweep: 0.000/0.000 secs] [Times: user=0.00 sys=0.00, real=0.00 secs] 
2014-07-10T09:58:53.500+0200: 79.645: [CMS-concurrent-reset-start]
2014-07-10T09:58:53.500+0200: 79.645: [CMS-concurrent-reset: 0.000/0.000 secs] [Times: user=0.00 sys=0.00, real=0.00 secs] 
2014-07-10T09:58:53.544+0200: 79.689: [GC (Allocation Failure) 79.689: [ParNew: 9745K->1059K(9792K), 0.0078777 secs] 22731K->19169K(31680K), 0.0081703 secs] [Times: user=0.03 sys=0.00, real=0.01 secs] 
2014-07-10T09:58:53.553+0200: 79.698: [GC (CMS Initial Mark) [1 CMS-initial-mark: 18109K(21888K)] 19523K(31680K), 0.0004260 secs] [Times: user=0.00 sys=0.00, real=0.00 secs] 
2014-07-10T09:58:53.554+0200: 79.699: [CMS-concurrent-mark-start]
2014-07-10T09:58:53.556+0200: 79.701: [CMS-concurrent-mark: 0.002/0.002 secs] [Times: user=0.00 sys=0.00, real=0.00 secs] 
2014-07-10T09:58:53.556+0200: 79.701: [CMS-concurrent-preclean-start]
2014-07-10T09:58:53.556+0200: 79.701: [CMS-concurrent-preclean: 0.000/0.000 secs] [Times: user=0.00 sys=0.00, real=0.00 secs] 
2014-07-10T09:58:53.556+0200: 79.701: [CMS-concurrent-abortable-preclean-start]
2014-07-10T09:58:53.556+0200: 79.701: [CMS-concurrent-abortable-preclean: 0.000/0.000 secs] [Times: user=0.00 sys=0.00, real=0.00 secs] 
2014-07-10T09:58:53.557+0200: 79.702: [GC (CMS Final Remark) [YG occupancy: 5323 K (9792 K)]79.702: [Rescan (parallel) , 0.0002926 secs]79.702: [weak refs processing, 0.0000601 secs]79.702: [class unloading, 0.0011860 secs]79.704: [scrub symbol table, 0.0015087 secs]79.705: [scrub string table, 0.0004660 secs][1 CMS-remark: 18109K(21888K)] 23433K(31680K), 0.0038961 secs] [Times: user=0.00 sys=0.00, real=0.00 secs] 
2014-07-10T09:58:53.561+0200: 79.706: [CMS-concurrent-sweep-start]
2014-07-10T09:58:53.562+0200: 79.707: [CMS-concurrent-sweep: 0.001/0.001 secs] [Times: user=0.00 sys=0.00, real=0.00 secs] 
2014-07-10T09:58:53.562+0200: 79.707: [CMS-concurrent-reset-start]
2014-07-10T09:58:53.563+0200: 79.708: [CMS-concurrent-reset: 0.000/0.000 secs] [Times: user=0.00 sys=0.00, real=0.00 secs] 
2014-07-10T09:58:53.564+0200: 79.709: [GC (Allocation Failure) 79.709: [ParNew: 9745K->1059K(9792K), 0.0058972 secs] 15366K->12283K(31680K), 0.0060453 secs] [Times: user=0.03 sys=0.00, real=0.01 secs] 
2014-07-10T09:58:53.570+0200: 79.716: [GC (CMS Initial Mark) [1 CMS-initial-mark: 11224K(21888K)] 12349K(31680K), 0.0002020 secs] [Times: user=0.00 sys=0.00, real=0.00 secs] 
2014-07-10T09:58:53.571+0200: 79.716: [CMS-concurrent-mark-start]
2014-07-10T09:58:53.572+0200: 79.717: [CMS-concurrent-mark: 0.001/0.001 secs] [Times: user=0.00 sys=0.00, real=0.00 secs] 
2014-07-10T09:58:53.572+0200: 79.717: [CMS-concurrent-preclean-start]
2014-07-10T09:58:53.572+0200: 79.717: [CMS-concurrent-preclean: 0.000/0.000 secs] [Times: user=0.00 sys=0.00, real=0.00 secs] 
2014-07-10T09:58:53.572+0200: 79.717: [GC (CMS Final Remark) [YG occupancy: 2598 K (9792 K)]79.717: [Rescan (parallel) , 0.0001214 secs]79.717: [weak refs processing, 0.0000290 secs]79.717: [class unloading, 0.0004528 secs]79.718: [scrub symbol table, 0.0006251 secs]79.718: [scrub string table, 0.0001877 secs][1 CMS-remark: 11224K(21888K)] 13822K(31680K), 0.0015585 secs] [Times: user=0.00 sys=0.00, real=0.00 secs] 
2014-07-10T09:58:53.573+0200: 79.719: [CMS-concurrent-sweep-start]
2014-07-10T09:58:53.574+0200: 79.719: [CMS-concurrent-sweep: 0.000/0.000 secs] [Times: user=0.00 sys=0.00, real=0.00 secs] 
2014-07-10T09:58:53.574+0200: 79.719: [CMS-concurrent-reset-start]
2014-07-10T09:58:53.574+0200: 79.719: [CMS-concurrent-reset: 0.000/0.000 secs] [Times: user=0.00 sys=0.00, real=0.00 secs] 
2014-07-10T09:58:53.593+0200: 79.738: [GC (Allocation Failure) 79.738: [ParNew: 9745K->1059K(9792K), 0.0052127 secs] 15846K->13244K(31680K), 0.0053729 secs] [Times: user=0.03 sys=0.00, real=0.01 secs] 
2014-07-10T09:58:53.599+0200: 79.744: [GC (CMS Initial Mark) [1 CMS-initial-mark: 12184K(21888K)] 13310K(31680K), 0.0001928 secs] [Times: user=0.00 sys=0.00, real=0.00 secs] 
2014-07-10T09:58:53.599+0200: 79.744: [CMS-concurrent-mark-start]
2014-07-10T09:58:53.600+0200: 79.745: [CMS-concurrent-mark: 0.001/0.001 secs] [Times: user=0.00 sys=0.00, real=0.00 secs] 
2014-07-10T09:58:53.600+0200: 79.745: [CMS-concurrent-preclean-start]
2014-07-10T09:58:53.600+0200: 79.746: [CMS-concurrent-preclean: 0.000/0.000 secs] [Times: user=0.00 sys=0.00, real=0.00 secs] 
2014-07-10T09:58:53.600+0200: 79.746: [CMS-concurrent-abortable-preclean-start]
2014-07-10T09:58:53.643+0200: 79.788: [GC (Allocation Failure) 79.788: [ParNew: 9755K->1061K(9792K), 0.0047500 secs] 21939K->18273K(31680K), 0.0049194 secs] [Times: user=0.03 sys=0.00, real=0.01 secs] 
2014-07-10T09:58:53.652+0200: 79.797: [GC (Allocation Failure) 79.797: [ParNew: 9747K->9747K(9792K), 0.0000495 secs]79.797: [CMS2014-07-10T09:58:53.652+0200: 79.797: [CMS-concurrent-abortable-preclean: 0.001/0.051 secs] [Times: user=0.03 sys=0.00, real=0.05 secs] 
 (concurrent mode failure): 17212K->7058K(21888K), 0.0074792 secs] 26959K->7058K(31680K), [Metaspace: 2457K->2457K(1056768K)], 0.0076918 secs] [Times: user=0.00 sys=0.00, real=0.01 secs] 
2014-07-10T09:58:53.695+0200: 79.840: [GC (Allocation Failure) 79.840: [ParNew: 8686K->1059K(9792K), 0.0049590 secs] 15744K->14109K(31680K), 0.0051753 secs] [Times: user=0.00 sys=0.00, real=0.01 secs] 
2014-07-10T09:58:53.700+0200: 79.845: [GC (CMS Initial Mark) [1 CMS-initial-mark: 13049K(21888K)] 14175K(31680K), 0.0002170 secs] [Times: user=0.00 sys=0.00, real=0.00 secs] 
2014-07-10T09:58:53.701+0200: 79.846: [CMS-concurrent-mark-start]
2014-07-10T09:58:53.702+0200: 79.847: [CMS-concurrent-mark: 0.001/0.001 secs] [Times: user=0.00 sys=0.00, real=0.00 secs] 
2014-07-10T09:58:53.702+0200: 79.847: [CMS-concurrent-preclean-start]
2014-07-10T09:58:53.702+0200: 79.847: [CMS-concurrent-preclean: 0.000/0.000 secs] [Times: user=0.00 sys=0.00, real=0.00 secs] 
2014-07-10T09:58:53.702+0200: 79.847: [GC (CMS Final Remark) [YG occupancy: 2214 K (9792 K)]79.847: [Rescan (parallel) , 0.0001100 secs]79.847: [weak refs processing, 0.0000319 secs]79.847: [class unloading, 0.0005587 secs]79.848: [scrub symbol table, 0.0007270 secs]79.849: [scrub string table, 0.0002280 secs][1 CMS-remark: 13049K(21888K)] 15263K(31680K), 0.0018236 secs] [Times: user=0.00 sys=0.00, real=0.00 secs] 
2014-07-10T09:58:53.704+0200: 79.849: [CMS-concurrent-sweep-start]
2014-07-10T09:58:53.704+0200: 79.849: [CMS-concurrent-sweep: 0.000/0.000 secs] [Times: user=0.00 sys=0.00, real=0.00 secs] 
2014-07-10T09:58:53.704+0200: 79.849: [CMS-concurrent-reset-start]
2014-07-10T09:58:53.704+0200: 79.849: [CMS-concurrent-reset: 0.000/0.000 secs] [Times: user=0.00 sys=0.00, real=0.00 secs] 
2014-07-10T09:58:53.743+0200: 79.888: [GC (Allocation Failure) 79.888: [ParNew: 9745K->1059K(9792K), 0.0058213 secs] 16231K->14013K(31680K), 0.0059731 secs] [Times: user=0.00 sys=0.00, real=0.01 secs] 
2014-07-10T09:58:53.749+0200: 79.894: [GC (CMS Initial Mark) [1 CMS-initial-mark: 12953K(21888K)] 14079K(31680K), 0.0002709 secs] [Times: user=0.00 sys=0.00, real=0.00 secs] 
2014-07-10T09:58:53.750+0200: 79.895: [CMS-concurrent-mark-start]
2014-07-10T09:58:53.751+0200: 79.896: [CMS-concurrent-mark: 0.001/0.001 secs] [Times: user=0.00 sys=0.00, real=0.00 secs] 
2014-07-10T09:58:53.751+0200: 79.896: [CMS-concurrent-preclean-start]
2014-07-10T09:58:53.751+0200: 79.896: [CMS-concurrent-preclean: 0.000/0.000 secs] [Times: user=0.00 sys=0.00, real=0.00 secs] 
2014-07-10T09:58:53.751+0200: 79.896: [CMS-concurrent-abortable-preclean-start]
2014-07-10T09:58:53.753+0200: 79.898: [GC (Allocation Failure) 79.898: [ParNew: 9745K->1059K(9792K), 0.0062246 secs] 22699K->20961K(31680K), 0.0063573 secs] [Times: user=0.00 sys=0.00, real=0.01 secs] 
2014-07-10T09:58:53.842+0200: 79.987: [GC (Allocation Failure) 79.987: [ParNew: 9747K->9747K(9792K), 0.0000942 secs]79.987: [CMS2014-07-10T09:58:53.842+0200: 79.988: [CMS-concurrent-abortable-preclean: 0.001/0.092 secs] [Times: user=0.01 sys=0.00, real=0.09 secs] 
 (concurrent mode failure): 19901K->783K(21888K), 0.0071741 secs] 29649K->783K(31680K), [Metaspace: 2457K->2457K(1056768K)], 0.0075646 secs] [Times: user=0.02 sys=0.00, real=0.01 secs] 
2014-07-10T09:58:53.856+0200: 80.001: [GC (Allocation Failure) 80.001: [ParNew: 8686K->771K(9792K), 0.0018342 secs] 9469K->1554K(31680K), 0.0020443 secs] [Times: user=0.00 sys=0.00, real=0.00 secs] 
2014-07-10T09:58:53.865+0200: 80.011: [GC (Allocation Failure) 80.011: [ParNew: 9471K->235K(9792K), 0.0012029 secs] 10255K->1024K(31680K), 0.0014064 secs] [Times: user=0.00 sys=0.00, real=0.00 secs] 
2014-07-10T09:58:53.941+0200: 80.086: [GC (Allocation Failure) 80.086: [ParNew: 8924K->69K(9792K), 0.0010522 secs] 9713K->857K(31680K), 0.0012491 secs] [Times: user=0.00 sys=0.00, real=0.00 secs] 
2014-07-10T09:58:53.948+0200: 80.093: [GC (Allocation Failure) 80.094: [ParNew: 8755K->550K(9792K), 0.0016315 secs] 9543K->1338K(31680K), 0.0018540 secs] [Times: user=0.00 sys=0.00, real=0.00 secs] 
2014-07-10T09:58:53.991+0200: 80.137: [GC (Allocation Failure) 80.137: [ParNew: 9236K->1027K(9792K), 0.0014925 secs] 10025K->1821K(31680K), 0.0019897 secs] [Times: user=0.00 sys=0.00, real=0.00 secs] 
2014-07-10T09:58:54.042+0200: 80.187: [GC (Allocation Failure) 80.187: [ParNew: 9713K->1059K(9792K), 0.0011578 secs] 10507K->2302K(31680K), 0.0013111 secs] [Times: user=0.00 sys=0.00, real=0.00 secs] 
2014-07-10T09:58:54.046+0200: 80.192: [GC (Allocation Failure) 80.192: [ParNew: 9745K->1059K(9792K), 0.0016923 secs] 10988K->3231K(31680K), 0.0018683 secs] [Times: user=0.00 sys=0.00, real=0.00 secs] 
2014-07-10T09:58:54.091+0200: 80.237: [GC (Allocation Failure) 80.237: [ParNew: 9745K->1059K(9792K), 0.0014782 secs] 11918K->4641K(31680K), 0.0016832 secs] [Times: user=0.00 sys=0.00, real=0.00 secs] 
2014-07-10T09:58:54.142+0200: 80.288: [GC (Allocation Failure) 80.288: [ParNew: 9749K->1061K(9792K), 0.0021620 secs] 13331K->5509K(31680K), 0.0023930 secs] [Times: user=0.00 sys=0.02, real=0.00 secs] 
2014-07-10T09:58:54.152+0200: 80.297: [GC (Allocation Failure) 80.298: [ParNew: 9747K->1059K(9792K), 0.0031412 secs] 14195K->6853K(31680K), 0.0034367 secs] [Times: user=0.00 sys=0.00, real=0.00 secs] 
2014-07-10T09:58:54.192+0200: 80.337: [GC (Allocation Failure) 80.337: [ParNew: 9745K->1059K(9792K), 0.0015131 secs] 15539K->8679K(31680K), 0.0016300 secs] [Times: user=0.00 sys=0.00, real=0.00 secs] 
2014-07-10T09:58:54.242+0200: 80.387: [GC (Allocation Failure) 80.387: [ParNew: 9745K->1059K(9792K), 0.0019398 secs] 17365K->10985K(31680K), 0.0021030 secs] [Times: user=0.00 sys=0.00, real=0.00 secs] 
2014-07-10T09:58:54.248+0200: 80.393: [GC (Allocation Failure) 80.393: [ParNew: 9745K->1059K(9792K), 0.0030360 secs] 19671K->13772K(31680K), 0.0031867 secs] [Times: user=0.00 sys=0.00, real=0.00 secs] 
2014-07-10T09:58:54.292+0200: 80.438: [GC (Allocation Failure) 80.438: [ParNew: 9745K->1059K(9792K), 0.0041645 secs] 22458K->17038K(31680K), 0.0043005 secs] [Times: user=0.00 sys=0.00, real=0.00 secs] 
2014-07-10T09:58:54.298+0200: 80.443: [GC (CMS Initial Mark) [1 CMS-initial-mark: 15979K(21888K)] 18993K(31680K), 0.0002071 secs] [Times: user=0.00 sys=0.00, real=0.00 secs] 
2014-07-10T09:58:54.298+0200: 80.443: [CMS-concurrent-mark-start]
2014-07-10T09:58:54.299+0200: 80.444: [CMS-concurrent-mark: 0.001/0.001 secs] [Times: user=0.02 sys=0.00, real=0.00 secs] 
2014-07-10T09:58:54.299+0200: 80.444: [CMS-concurrent-preclean-start]
2014-07-10T09:58:54.299+0200: 80.444: [CMS-concurrent-preclean: 0.000/0.000 secs] [Times: user=0.00 sys=0.00, real=0.00 secs] 
2014-07-10T09:58:54.307+0200: 80.452: [GC (CMS Final Remark) [YG occupancy: 3014 K (9792 K)]80.452: [Rescan (parallel) , 0.0006731 secs]80.453: [weak refs processing, 0.0000620 secs]80.453: [class unloading, 0.0005525 secs]80.454: [scrub symbol table, 0.0005870 secs]80.454: [scrub string table, 0.0001903 secs][1 CMS-remark: 15979K(21888K)] 18993K(31680K), 0.0022599 secs] [Times: user=0.00 sys=0.00, real=0.00 secs] 
2014-07-10T09:58:54.309+0200: 80.455: [CMS-concurrent-sweep-start]
2014-07-10T09:58:54.310+0200: 80.455: [CMS-concurrent-sweep: 0.000/0.000 secs] [Times: user=0.00 sys=0.00, real=0.00 secs] 
2014-07-10T09:58:54.310+0200: 80.455: [CMS-concurrent-reset-start]
2014-07-10T09:58:54.310+0200: 80.455: [CMS-concurrent-reset: 0.000/0.000 secs] [Times: user=0.00 sys=0.00, real=0.00 secs] 
2014-07-10T09:58:54.343+0200: 80.488: [GC (Allocation Failure) 80.488: [ParNew: 9745K->1059K(9792K), 0.0047768 secs] 13510K->8570K(31680K), 0.0049183 secs] [Times: user=0.02 sys=0.00, real=0.01 secs] 
2014-07-10T09:58:54.352+0200: 80.497: [GC (Allocation Failure) 80.497: [ParNew: 9755K->1059K(9792K), 0.0036652 secs] 17266K->11261K(31680K), 0.0038114 secs] [Times: user=0.00 sys=0.00, real=0.00 secs] 
2014-07-10T09:58:54.392+0200: 80.537: [GC (Allocation Failure) 80.537: [ParNew: 9751K->1059K(9792K), 0.0233995 secs] 19953K->13920K(31680K), 0.0235385 secs] [Times: user=0.03 sys=0.00, real=0.02 secs] 
2014-07-10T09:58:54.442+0200: 80.587: [GC (Allocation Failure) 80.587: [ParNew: 9745K->1059K(9792K), 0.0030415 secs] 22607K->17060K(31680K), 0.0031900 secs] [Times: user=0.00 sys=0.00, real=0.00 secs] 
2014-07-10T09:58:54.449+0200: 80.594: [GC (CMS Initial Mark) [1 CMS-initial-mark: 16000K(21888K)] 24975K(31680K), 0.0008051 secs] [Times: user=0.00 sys=0.00, real=0.00 secs] 
2014-07-10T09:58:54.450+0200: 80.595: [CMS-concurrent-mark-start]
2014-07-10T09:58:54.451+0200: 80.596: [CMS-concurrent-mark: 0.001/0.001 secs] [Times: user=0.00 sys=0.00, real=0.00 secs] 
2014-07-10T09:58:54.451+0200: 80.596: [CMS-concurrent-preclean-start]
2014-07-10T09:58:54.451+0200: 80.596: [CMS-concurrent-preclean: 0.000/0.000 secs] [Times: user=0.00 sys=0.00, real=0.00 secs] 
2014-07-10T09:58:54.451+0200: 80.596: [CMS-concurrent-abortable-preclean-start]
2014-07-10T09:58:54.451+0200: 80.596: [GC (Allocation Failure) 80.596: [ParNew: 9745K->1059K(9792K), 0.0028490 secs] 25746K->20678K(31680K), 0.0029539 secs] [Times: user=0.00 sys=0.00, real=0.00 secs] 
2014-07-10T09:58:54.455+0200: 80.600: [CMS-concurrent-abortable-preclean: 0.001/0.004 secs] [Times: user=0.03 sys=0.00, real=0.00 secs] 
2014-07-10T09:58:54.455+0200: 80.601: [GC (CMS Final Remark) [YG occupancy: 3720 K (9792 K)]80.601: [Rescan (parallel) , 0.0001030 secs]80.601: [weak refs processing, 0.0000480 secs]80.601: [class unloading, 0.0005356 secs]80.601: [scrub symbol table, 0.0005782 secs]80.602: [scrub string table, 0.0001771 secs][1 CMS-remark: 19619K(21888K)] 23340K(31680K), 0.0015629 secs] [Times: user=0.00 sys=0.00, real=0.00 secs] 
2014-07-10T09:58:54.457+0200: 80.602: [CMS-concurrent-sweep-start]
2014-07-10T09:58:54.458+0200: 80.603: [CMS-concurrent-sweep: 0.000/0.000 secs] [Times: user=0.00 sys=0.00, real=0.00 secs] 
2014-07-10T09:58:54.458+0200: 80.603: [CMS-concurrent-reset-start]
2014-07-10T09:58:54.458+0200: 80.603: [CMS-concurrent-reset: 0.000/0.000 secs] [Times: user=0.00 sys=0.00, real=0.00 secs] 
2014-07-10T09:58:54.492+0200: 80.637: [GC (Allocation Failure) 80.637: [ParNew: 9745K->1059K(9792K), 0.0038232 secs] 13863K->9275K(31680K), 0.0039552 secs] [Times: user=0.00 sys=0.00, real=0.00 secs] 
2014-07-10T09:58:54.545+0200: 80.690: [GC (Allocation Failure) 80.690: [ParNew: 9745K->1059K(9792K), 0.0082153 secs] 17962K->13855K(31680K), 0.0084753 secs] [Times: user=0.03 sys=0.00, real=0.01 secs] 
2014-07-10T09:58:54.554+0200: 80.699: [GC (CMS Initial Mark) [1 CMS-initial-mark: 12795K(21888K)] 13921K(31680K), 0.0005221 secs] [Times: user=0.00 sys=0.00, real=0.00 secs] 
2014-07-10T09:58:54.554+0200: 80.699: [CMS-concurrent-mark-start]
2014-07-10T09:58:54.556+0200: 80.702: [CMS-concurrent-mark: 0.002/0.002 secs] [Times: user=0.00 sys=0.00, real=0.00 secs] 
2014-07-10T09:58:54.557+0200: 80.702: [CMS-concurrent-preclean-start]
2014-07-10T09:58:54.557+0200: 80.702: [CMS-concurrent-preclean: 0.000/0.000 secs] [Times: user=0.00 sys=0.00, real=0.00 secs] 
2014-07-10T09:58:54.557+0200: 80.702: [CMS-concurrent-abortable-preclean-start]
2014-07-10T09:58:54.559+0200: 80.704: [GC (Allocation Failure) 80.704: [ParNew: 9745K->1059K(9792K), 0.0049938 secs] 22541K->18914K(31680K), 0.0051584 secs] [Times: user=0.00 sys=0.00, real=0.00 secs] 
2014-07-10T09:58:54.594+0200: 80.739: [GC (Allocation Failure) 80.739: [ParNew: 9749K->9749K(9792K), 0.0000587 secs]80.739: [CMS2014-07-10T09:58:54.594+0200: 80.739: [CMS-concurrent-abortable-preclean: 0.001/0.037 secs] [Times: user=0.00 sys=0.02, real=0.04 secs] 
 (concurrent mode failure): 17855K->6067K(21888K), 0.0080599 secs] 27604K->6067K(31680K), [Metaspace: 2457K->2457K(1056768K)], 0.0083048 secs] [Times: user=0.02 sys=0.00, real=0.01 secs] 
2014-07-10T09:58:54.643+0200: 80.788: [GC (Allocation Failure) 80.788: [ParNew: 8686K->1059K(9792K), 0.0046653 secs] 14753K->12125K(31680K), 0.0048285 secs] [Times: user=0.00 sys=0.00, real=0.00 secs] 
2014-07-10T09:58:54.648+0200: 80.793: [GC (CMS Initial Mark) [1 CMS-initial-mark: 11065K(21888K)] 12191K(31680K), 0.0002629 secs] [Times: user=0.00 sys=0.00, real=0.00 secs] 
2014-07-10T09:58:54.648+0200: 80.793: [CMS-concurrent-mark-start]
2014-07-10T09:58:54.649+0200: 80.794: [CMS-concurrent-mark: 0.001/0.001 secs] [Times: user=0.00 sys=0.00, real=0.00 secs] 
2014-07-10T09:58:54.649+0200: 80.794: [CMS-concurrent-preclean-start]
2014-07-10T09:58:54.649+0200: 80.795: [CMS-concurrent-preclean: 0.000/0.000 secs] [Times: user=0.00 sys=0.00, real=0.00 secs] 
2014-07-10T09:58:54.649+0200: 80.795: [CMS-concurrent-abortable-preclean-start]
2014-07-10T09:58:54.652+0200: 80.797: [GC (Allocation Failure) 80.797: [ParNew: 9745K->1059K(9792K), 0.0052130 secs] 20811K->17601K(31680K), 0.0053736 secs] [Times: user=0.00 sys=0.02, real=0.01 secs] 
2014-07-10T09:58:54.693+0200: 80.839: [GC (Allocation Failure) 80.839: [ParNew: 9745K->9745K(9792K), 0.0000708 secs]80.839: [CMS2014-07-10T09:58:54.694+0200: 80.839: [CMS-concurrent-abortable-preclean: 0.001/0.044 secs] [Times: user=0.00 sys=0.02, real=0.05 secs] 
 (concurrent mode failure): 16541K->7507K(21888K), 0.0090733 secs] 26287K->7507K(31680K), [Metaspace: 2457K->2457K(1056768K)], 0.0093841 secs] [Times: user=0.00 sys=0.00, real=0.01 secs] 
2014-07-10T09:58:54.749+0200: 80.895: [GC (Allocation Failure) 80.895: [ParNew: 8686K->1059K(9792K), 0.0089966 secs] 16194K->15006K(31680K), 0.0093688 secs] [Times: user=0.03 sys=0.00, real=0.01 secs] 
2014-07-10T09:58:54.759+0200: 80.905: [GC (CMS Initial Mark) [1 CMS-initial-mark: 13947K(21888K)] 15072K(31680K), 0.0004004 secs] [Times: user=0.00 sys=0.00, real=0.00 secs] 
2014-07-10T09:58:54.760+0200: 80.905: [CMS-concurrent-mark-start]
2014-07-10T09:58:54.762+0200: 80.907: [CMS-concurrent-mark: 0.002/0.002 secs] [Times: user=0.00 sys=0.00, real=0.00 secs] 
2014-07-10T09:58:54.762+0200: 80.908: [CMS-concurrent-preclean-start]
2014-07-10T09:58:54.763+0200: 80.908: [CMS-concurrent-preclean: 0.000/0.000 secs] [Times: user=0.00 sys=0.00, real=0.00 secs] 
2014-07-10T09:58:54.763+0200: 80.908: [CMS-concurrent-abortable-preclean-start]
2014-07-10T09:58:54.767+0200: 80.913: [GC (Allocation Failure) 80.913: [ParNew: 9745K->9745K(9792K), 0.0000579 secs]80.913: [CMS2014-07-10T09:58:54.768+0200: 80.913: [CMS-concurrent-abortable-preclean: 0.000/0.005 secs] [Times: user=0.02 sys=0.00, real=0.00 secs] 
 (concurrent mode failure): 13947K->8468K(21888K), 0.0091972 secs] 23692K->8468K(31680K), [Metaspace: 2457K->2457K(1056768K)], 0.0094369 secs] [Times: user=0.00 sys=0.00, real=0.01 secs] 
2014-07-10T09:58:54.841+0200: 80.986: [GC (Allocation Failure) 80.987: [ParNew: 8688K->261K(9792K), 0.0011974 secs] 17156K->8729K(31680K), 0.0014130 secs] [Times: user=0.00 sys=0.00, real=0.00 secs] 
2014-07-10T09:58:54.849+0200: 80.994: [GC (Allocation Failure) 80.994: [ParNew: 8947K->742K(9792K), 0.0016729 secs] 17415K->9210K(31680K), 0.0019427 secs] [Times: user=0.00 sys=0.00, real=0.00 secs] 
2014-07-10T09:58:54.858+0200: 81.003: [GC (Allocation Failure) 81.003: [ParNew: 9442K->579K(9792K), 0.0012414 secs] 17910K->9055K(31680K), 0.0013719 secs] [Times: user=0.00 sys=0.00, real=0.00 secs] 
2014-07-10T09:58:54.941+0200: 81.086: [GC (Allocation Failure) 81.086: [ParNew: 9268K->35K(9792K), 0.0010398 secs] 17744K->8512K(31680K), 0.0012139 secs] [Times: user=0.00 sys=0.00, real=0.00 secs] 
2014-07-10T09:58:54.948+0200: 81.093: [GC (Allocation Failure) 81.093: [ParNew: 8721K->518K(9792K), 0.0015461 secs] 17198K->8995K(31680K), 0.0017653 secs] [Times: user=0.00 sys=0.00, real=0.00 secs] 
2014-07-10T09:58:54.992+0200: 81.137: [GC (Allocation Failure) 81.137: [ParNew: 9204K->998K(9792K), 0.0017789 secs] 17681K->9475K(31680K), 0.0019750 secs] [Times: user=0.00 sys=0.00, real=0.00 secs] 
2014-07-10T09:58:55.042+0200: 81.188: [GC (Allocation Failure) 81.188: [ParNew: 9684K->1059K(9792K), 0.0019120 secs] 18162K->9957K(31680K), 0.0021173 secs] [Times: user=0.00 sys=0.00, real=0.00 secs] 
2014-07-10T09:58:55.051+0200: 81.197: [GC (Allocation Failure) 81.197: [ParNew: 9745K->1059K(9792K), 0.0027376 secs] 18643K->10854K(31680K), 0.0032465 secs] [Times: user=0.00 sys=0.00, real=0.00 secs] 
2014-07-10T09:58:55.092+0200: 81.237: [GC (Allocation Failure) 81.237: [ParNew: 9745K->1059K(9792K), 0.0015149 secs] 19541K->12232K(31680K), 0.0016538 secs] [Times: user=0.00 sys=0.00, real=0.00 secs] 
2014-07-10T09:58:55.142+0200: 81.288: [GC (Allocation Failure) 81.288: [ParNew: 9755K->1061K(9792K), 0.0021180 secs] 20928K->12555K(31680K), 0.0023042 secs] [Times: user=0.00 sys=0.00, real=0.00 secs] 
2014-07-10T09:58:55.153+0200: 81.298: [GC (Allocation Failure) 81.298: [ParNew: 9747K->1059K(9792K), 0.0024846 secs] 21242K->13356K(31680K), 0.0027391 secs] [Times: user=0.00 sys=0.00, real=0.00 secs] 
2014-07-10T09:58:55.191+0200: 81.337: [GC (Allocation Failure) 81.337: [ParNew: 9745K->1059K(9792K), 0.0019614 secs] 22042K->14638K(31680K), 0.0020824 secs] [Times: user=0.00 sys=0.00, real=0.00 secs] 
2014-07-10T09:58:55.241+0200: 81.387: [GC (Allocation Failure) 81.387: [ParNew: 9745K->1059K(9792K), 0.0014581 secs] 23324K->16400K(31680K), 0.0015842 secs] [Times: user=0.00 sys=0.00, real=0.00 secs] 
2014-07-10T09:58:55.247+0200: 81.392: [GC (Allocation Failure) 81.392: [ParNew: 9745K->1059K(9792K), 0.0022899 secs] 25086K->18642K(31680K), 0.0024476 secs] [Times: user=0.00 sys=0.00, real=0.00 secs] 
2014-07-10T09:58:55.250+0200: 81.395: [GC (CMS Initial Mark) [1 CMS-initial-mark: 17582K(21888K)] 18674K(31680K), 0.0001650 secs] [Times: user=0.00 sys=0.00, real=0.00 secs] 
2014-07-10T09:58:55.250+0200: 81.395: [CMS-concurrent-mark-start]
2014-07-10T09:58:55.251+0200: 81.396: [CMS-concurrent-mark: 0.001/0.001 secs] [Times: user=0.03 sys=0.00, real=0.00 secs] 
2014-07-10T09:58:55.251+0200: 81.396: [CMS-concurrent-preclean-start]
2014-07-10T09:58:55.251+0200: 81.396: [CMS-concurrent-preclean: 0.000/0.000 secs] [Times: user=0.00 sys=0.00, real=0.00 secs] 
2014-07-10T09:58:55.251+0200: 81.396: [CMS-concurrent-abortable-preclean-start]
2014-07-10T09:58:55.321+0200: 81.467: [GC (Allocation Failure) 81.467: [ParNew: 9745K->1059K(9792K), 0.0034895 secs] 27328K->21364K(31680K), 0.0036355 secs] [Times: user=0.00 sys=0.00, real=0.00 secs] 
2014-07-10T09:58:55.343+0200: 81.488: [GC (Allocation Failure) 81.488: [ParNew: 9745K->9745K(9792K), 0.0000466 secs]81.488: [CMS2014-07-10T09:58:55.343+0200: 81.488: [CMS-concurrent-abortable-preclean: 0.001/0.092 secs] [Times: user=0.00 sys=0.00, real=0.09 secs] 
 (concurrent mode failure): 20305K->4755K(21888K), 0.0061545 secs] 30050K->4755K(31680K), [Metaspace: 2457K->2457K(1056768K)], 0.0063408 secs] [Times: user=0.02 sys=0.00, real=0.01 secs] 
2014-07-10T09:58:55.354+0200: 81.499: [GC (Allocation Failure) 81.499: [ParNew: 8686K->1059K(9792K), 0.0047537 secs] 13441K->9499K(31680K), 0.0048992 secs] [Times: user=0.00 sys=0.00, real=0.00 secs] 
2014-07-10T09:58:55.393+0200: 81.538: [GC (Allocation Failure) 81.538: [ParNew: 9755K->1059K(9792K), 0.0032853 secs] 18194K->12125K(31680K), 0.0034133 secs] [Times: user=0.00 sys=0.00, real=0.00 secs] 
2014-07-10T09:58:55.443+0200: 81.588: [GC (Allocation Failure) 81.588: [ParNew: 9745K->1059K(9792K), 0.0039145 secs] 20811K->15235K(31680K), 0.0040395 secs] [Times: user=0.00 sys=0.00, real=0.00 secs] 
2014-07-10T09:58:55.450+0200: 81.596: [GC (CMS Initial Mark) [1 CMS-initial-mark: 14175K(21888K)] 22446K(31680K), 0.0003076 secs] [Times: user=0.00 sys=0.00, real=0.00 secs] 
2014-07-10T09:58:55.451+0200: 81.596: [CMS-concurrent-mark-start]
2014-07-10T09:58:55.452+0200: 81.597: [CMS-concurrent-mark: 0.001/0.001 secs] [Times: user=0.00 sys=0.00, real=0.00 secs] 
2014-07-10T09:58:55.452+0200: 81.597: [GC (Allocation Failure) 81.597: [ParNew: 9745K->1059K(9792K), 0.0030782 secs] 23921K->18822K(31680K), 0.0031801 secs] [Times: user=0.03 sys=0.00, real=0.00 secs] 
2014-07-10T09:58:55.455+0200: 81.600: [CMS-concurrent-preclean-start]
2014-07-10T09:58:55.456+0200: 81.601: [CMS-concurrent-preclean: 0.001/0.001 secs] [Times: user=0.00 sys=0.00, real=0.00 secs] 
2014-07-10T09:58:55.456+0200: 81.601: [CMS-concurrent-abortable-preclean-start]
2014-07-10T09:58:55.494+0200: 81.639: [GC (Allocation Failure) 81.640: [ParNew: 9745K->9745K(9792K), 0.0001085 secs]81.640: [CMS2014-07-10T09:58:55.495+0200: 81.640: [CMS-concurrent-abortable-preclean: 0.000/0.039 secs] [Times: user=0.00 sys=0.00, real=0.04 secs] 
 (concurrent mode failure): 17762K->5620K(21888K), 0.0126658 secs] 27508K->5620K(31680K), [Metaspace: 2457K->2457K(1056768K)], 0.0131069 secs] [Times: user=0.02 sys=0.00, real=0.01 secs] 
2014-07-10T09:58:55.543+0200: 81.688: [GC (Allocation Failure) 81.688: [ParNew: 8686K->1059K(9792K), 0.0048186 secs] 14306K->11229K(31680K), 0.0049967 secs] [Times: user=0.03 sys=0.00, real=0.01 secs] 
2014-07-10T09:58:55.551+0200: 81.697: [GC (Allocation Failure) 81.697: [ParNew: 9745K->1059K(9792K), 0.0050624 secs] 19916K->16257K(31680K), 0.0052493 secs] [Times: user=0.00 sys=0.00, real=0.01 secs] 
2014-07-10T09:58:55.557+0200: 81.702: [GC (CMS Initial Mark) [1 CMS-initial-mark: 15197K(21888K)] 16323K(31680K), 0.0002431 secs] [Times: user=0.00 sys=0.00, real=0.00 secs] 
2014-07-10T09:58:55.557+0200: 81.702: [CMS-concurrent-mark-start]
2014-07-10T09:58:55.558+0200: 81.704: [CMS-concurrent-mark: 0.001/0.001 secs] [Times: user=0.00 sys=0.00, real=0.00 secs] 
2014-07-10T09:58:55.559+0200: 81.704: [CMS-concurrent-preclean-start]
2014-07-10T09:58:55.559+0200: 81.704: [CMS-concurrent-preclean: 0.000/0.000 secs] [Times: user=0.00 sys=0.00, real=0.00 secs] 
2014-07-10T09:58:55.559+0200: 81.704: [CMS-concurrent-abortable-preclean-start]
2014-07-10T09:58:55.593+0200: 81.738: [GC (Allocation Failure) 81.739: [ParNew: 9745K->9745K(9792K), 0.0000605 secs]81.739: [CMS2014-07-10T09:58:55.593+0200: 81.739: [CMS-concurrent-abortable-preclean: 0.000/0.035 secs] [Times: user=0.00 sys=0.00, real=0.03 secs] 
 (concurrent mode failure): 15197K->7060K(21888K), 0.0082824 secs] 24943K->7060K(31680K), [Metaspace: 2457K->2457K(1056768K)], 0.0085372 secs] [Times: user=0.02 sys=0.00, real=0.01 secs] 
2014-07-10T09:58:55.643+0200: 81.788: [GC (Allocation Failure) 81.788: [ParNew: 8689K->1061K(9792K), 0.0048149 secs] 15750K->13088K(31680K), 0.0049773 secs] [Times: user=0.00 sys=0.00, real=0.01 secs] 
2014-07-10T09:58:55.648+0200: 81.794: [GC (CMS Initial Mark) [1 CMS-initial-mark: 12027K(21888K)] 13154K(31680K), 0.0002918 secs] [Times: user=0.00 sys=0.00, real=0.00 secs] 
2014-07-10T09:58:55.649+0200: 81.794: [CMS-concurrent-mark-start]
2014-07-10T09:58:55.650+0200: 81.795: [CMS-concurrent-mark: 0.001/0.001 secs] [Times: user=0.00 sys=0.00, real=0.00 secs] 
2014-07-10T09:58:55.650+0200: 81.795: [CMS-concurrent-preclean-start]
2014-07-10T09:58:55.650+0200: 81.795: [CMS-concurrent-preclean: 0.000/0.000 secs] [Times: user=0.00 sys=0.00, real=0.00 secs] 
2014-07-10T09:58:55.650+0200: 81.795: [CMS-concurrent-abortable-preclean-start]
2014-07-10T09:58:55.653+0200: 81.798: [GC (Allocation Failure) 81.798: [ParNew: 9747K->1059K(9792K), 0.0052809 secs] 21775K->18531K(31680K), 0.0054385 secs] [Times: user=0.03 sys=0.00, real=0.00 secs] 
2014-07-10T09:58:55.693+0200: 81.838: [GC (Allocation Failure) 81.838: [ParNew: 9745K->9745K(9792K), 0.0000458 secs]81.838: [CMS2014-07-10T09:58:55.693+0200: 81.838: [CMS-concurrent-abortable-preclean: 0.001/0.043 secs] [Times: user=0.03 sys=0.00, real=0.04 secs] 
 (concurrent mode failure): 17471K->7477K(21888K), 0.0073219 secs] 27217K->7477K(31680K), [Metaspace: 2457K->2457K(1056768K)], 0.0075287 secs] [Times: user=0.00 sys=0.00, real=0.01 secs] 
2014-07-10T09:58:55.746+0200: 81.891: [GC (Allocation Failure) 81.891: [ParNew: 8686K->1059K(9792K), 0.0092346 secs] 16163K->14943K(31680K), 0.0095158 secs] [Times: user=0.03 sys=0.00, real=0.01 secs] 
2014-07-10T09:58:55.756+0200: 81.901: [GC (CMS Initial Mark) [1 CMS-initial-mark: 13884K(21888K)] 15009K(31680K), 0.0004411 secs] [Times: user=0.00 sys=0.00, real=0.00 secs] 
2014-07-10T09:58:55.756+0200: 81.901: [CMS-concurrent-mark-start]
2014-07-10T09:58:55.758+0200: 81.903: [CMS-concurrent-mark: 0.001/0.001 secs] [Times: user=0.00 sys=0.00, real=0.00 secs] 
2014-07-10T09:58:55.758+0200: 81.903: [CMS-concurrent-preclean-start]
2014-07-10T09:58:55.758+0200: 81.903: [CMS-concurrent-preclean: 0.000/0.000 secs] [Times: user=0.00 sys=0.00, real=0.00 secs] 
2014-07-10T09:58:55.758+0200: 81.903: [CMS-concurrent-abortable-preclean-start]
2014-07-10T09:58:55.760+0200: 81.905: [GC (Allocation Failure) 81.906: [ParNew: 9745K->9745K(9792K), 0.0000568 secs]81.906: [CMS2014-07-10T09:58:55.760+0200: 81.906: [CMS-concurrent-abortable-preclean: 0.000/0.003 secs] [Times: user=0.00 sys=0.00, real=0.00 secs] 
 (concurrent mode failure): 13884K->8437K(21888K), 0.0093123 secs] 23630K->8437K(31680K), [Metaspace: 2457K->2457K(1056768K)], 0.0095396 secs] [Times: user=0.02 sys=0.00, real=0.01 secs] 
2014-07-10T09:58:55.841+0200: 81.986: [GC (Allocation Failure) 81.986: [ParNew: 8688K->227K(9792K), 0.0006889 secs] 17125K->8664K(31680K), 0.0008198 secs] [Times: user=0.00 sys=0.00, real=0.00 secs] 
2014-07-10T09:58:55.845+0200: 81.990: [GC (Allocation Failure) 81.990: [ParNew: 8913K->710K(9792K), 0.0010134 secs] 17350K->9147K(31680K), 0.0011395 secs] [Times: user=0.00 sys=0.00, real=0.00 secs] 
2014-07-10T09:58:55.851+0200: 81.996: [GC (Allocation Failure) 81.996: [ParNew: 9410K->171K(9792K), 0.0007589 secs] 17848K->8615K(31680K), 0.0008755 secs] [Times: user=0.00 sys=0.00, real=0.00 secs] 
2014-07-10T09:58:55.894+0200: 82.039: [GC (Allocation Failure) 82.039: [ParNew: 8864K->1061K(9792K), 0.0060347 secs] 17309K->16133K(31680K), 0.0062367 secs] [Times: user=0.00 sys=0.00, real=0.01 secs] 
2014-07-10T09:58:55.900+0200: 82.045: [GC (CMS Initial Mark) [1 CMS-initial-mark: 15072K(21888K)] 16295K(31680K), 0.0002247 secs] [Times: user=0.00 sys=0.00, real=0.00 secs] 
2014-07-10T09:58:55.901+0200: 82.046: [CMS-concurrent-mark-start]
2014-07-10T09:58:55.902+0200: 82.047: [CMS-concurrent-mark: 0.001/0.001 secs] [Times: user=0.00 sys=0.00, real=0.00 secs] 
2014-07-10T09:58:55.902+0200: 82.047: [CMS-concurrent-preclean-start]
2014-07-10T09:58:55.902+0200: 82.047: [CMS-concurrent-preclean: 0.000/0.000 secs] [Times: user=0.00 sys=0.00, real=0.00 secs] 
2014-07-10T09:58:55.902+0200: 82.047: [GC (CMS Final Remark) [YG occupancy: 1575 K (9792 K)]82.047: [Rescan (parallel) , 0.0001470 secs]82.047: [weak refs processing, 0.0000356 secs]82.047: [class unloading, 0.0005276 secs]82.048: [scrub symbol table, 0.0007164 secs]82.049: [scrub string table, 0.0002310 secs][1 CMS-remark: 15072K(21888K)] 16647K(31680K), 0.0018412 secs] [Times: user=0.00 sys=0.00, real=0.00 secs] 
2014-07-10T09:58:55.904+0200: 82.049: [CMS-concurrent-sweep-start]
2014-07-10T09:58:55.904+0200: 82.050: [CMS-concurrent-sweep: 0.000/0.000 secs] [Times: user=0.00 sys=0.00, real=0.00 secs] 
2014-07-10T09:58:55.904+0200: 82.050: [CMS-concurrent-reset-start]
2014-07-10T09:58:55.904+0200: 82.050: [CMS-concurrent-reset: 0.000/0.000 secs] [Times: user=0.00 sys=0.00, real=0.00 secs] 
2014-07-10T09:58:55.946+0200: 82.091: [GC (Allocation Failure) 82.091: [ParNew: 9747K->1059K(9792K), 0.0102179 secs] 16873K->15296K(31680K), 0.0105181 secs] [Times: user=0.03 sys=0.00, real=0.01 secs] 
2014-07-10T09:58:55.957+0200: 82.103: [GC (CMS Initial Mark) [1 CMS-initial-mark: 14236K(21888K)] 15458K(31680K), 0.0004121 secs] [Times: user=0.00 sys=0.00, real=0.00 secs] 
2014-07-10T09:58:55.958+0200: 82.103: [CMS-concurrent-mark-start]
2014-07-10T09:58:55.960+0200: 82.105: [CMS-concurrent-mark: 0.002/0.002 secs] [Times: user=0.00 sys=0.00, real=0.00 secs] 
2014-07-10T09:58:55.960+0200: 82.106: [CMS-concurrent-preclean-start]
2014-07-10T09:58:55.961+0200: 82.106: [CMS-concurrent-preclean: 0.000/0.000 secs] [Times: user=0.00 sys=0.00, real=0.00 secs] 
2014-07-10T09:58:55.961+0200: 82.106: [CMS-concurrent-abortable-preclean-start]
2014-07-10T09:58:55.991+0200: 82.136: [GC (Allocation Failure) 82.136: [ParNew: 9747K->9747K(9792K), 0.0000733 secs]82.137: [CMS2014-07-10T09:58:55.992+0200: 82.137: [CMS-concurrent-abortable-preclean: 0.000/0.031 secs] [Times: user=0.00 sys=0.00, real=0.03 secs] 
 (concurrent mode failure): 14236K->946K(21888K), 0.0043511 secs] 23984K->946K(31680K), [Metaspace: 2457K->2457K(1056768K)], 0.0046122 secs] [Times: user=0.00 sys=0.00, real=0.01 secs] 
2014-07-10T09:58:56.042+0200: 82.187: [GC (Allocation Failure) 82.187: [ParNew: 8686K->931K(9792K), 0.0015662 secs] 9633K->1878K(31680K), 0.0017624 secs] [Times: user=0.00 sys=0.00, real=0.00 secs] 
2014-07-10T09:58:56.050+0200: 82.195: [GC (Allocation Failure) 82.195: [ParNew: 9617K->1059K(9792K), 0.0021657 secs] 10564K->2363K(31680K), 0.0023834 secs] [Times: user=0.00 sys=0.00, real=0.00 secs] 
2014-07-10T09:58:56.092+0200: 82.237: [GC (Allocation Failure) 82.237: [ParNew: 9745K->1059K(9792K), 0.0023134 secs] 11050K->3197K(31680K), 0.0025246 secs] [Times: user=0.02 sys=0.00, real=0.00 secs] 
2014-07-10T09:58:56.141+0200: 82.287: [GC (Allocation Failure) 82.287: [ParNew: 9751K->1061K(9792K), 0.0068478 secs] 11889K->3488K(31680K), 0.0071158 secs] [Times: user=0.00 sys=0.00, real=0.01 secs] 
2014-07-10T09:58:56.157+0200: 82.302: [GC (Allocation Failure) 82.302: [ParNew: 9747K->1059K(9792K), 0.0027966 secs] 12174K->4256K(31680K), 0.0030316 secs] [Times: user=0.00 sys=0.00, real=0.00 secs] 
2014-07-10T09:58:56.192+0200: 82.337: [GC (Allocation Failure) 82.337: [ParNew: 9745K->1059K(9792K), 0.0015406 secs] 12942K->5506K(31680K), 0.0016777 secs] [Times: user=0.00 sys=0.00, real=0.00 secs] 
2014-07-10T09:58:56.242+0200: 82.388: [GC (Allocation Failure) 82.388: [ParNew: 9745K->1059K(9792K), 0.0029601 secs] 14192K->7236K(31680K), 0.0032314 secs] [Times: user=0.00 sys=0.00, real=0.00 secs] 
2014-07-10T09:58:56.255+0200: 82.400: [GC (Allocation Failure) 82.400: [ParNew: 9745K->1059K(9792K), 0.0039053 secs] 15922K->9446K(31680K), 0.0041927 secs] [Times: user=0.00 sys=0.00, real=0.00 secs] 
2014-07-10T09:58:56.292+0200: 82.437: [GC (Allocation Failure) 82.437: [ParNew: 9745K->1059K(9792K), 0.0035933 secs] 18132K->12136K(31680K), 0.0037220 secs] [Times: user=0.02 sys=0.00, real=0.00 secs] 
2014-07-10T09:58:56.348+0200: 82.493: [GC (Allocation Failure) 82.493: [ParNew: 9745K->1059K(9792K), 0.0029781 secs] 20822K->15307K(31680K), 0.0031346 secs] [Times: user=0.00 sys=0.00, real=0.00 secs] 
2014-07-10T09:58:56.356+0200: 82.501: [GC (Allocation Failure) 82.501: [ParNew: 9745K->1059K(9792K), 0.0034411 secs] 23993K->18958K(31680K), 0.0036113 secs] [Times: user=0.03 sys=0.00, real=0.00 secs] 
2014-07-10T09:58:56.360+0200: 82.505: [GC (CMS Initial Mark) [1 CMS-initial-mark: 17898K(21888K)] 19024K(31680K), 0.0001877 secs] [Times: user=0.00 sys=0.00, real=0.00 secs] 
2014-07-10T09:58:56.360+0200: 82.505: [CMS-concurrent-mark-start]
2014-07-10T09:58:56.361+0200: 82.506: [CMS-concurrent-mark: 0.001/0.001 secs] [Times: user=0.00 sys=0.00, real=0.00 secs] 
2014-07-10T09:58:56.361+0200: 82.506: [CMS-concurrent-preclean-start]
2014-07-10T09:58:56.361+0200: 82.506: [CMS-concurrent-preclean: 0.000/0.000 secs] [Times: user=0.00 sys=0.00, real=0.00 secs] 
2014-07-10T09:58:56.361+0200: 82.506: [CMS-concurrent-abortable-preclean-start]
2014-07-10T09:58:56.392+0200: 82.537: [GC (Allocation Failure) 82.537: [ParNew: 9755K->9755K(9792K), 0.0000455 secs]82.537: [CMS2014-07-10T09:58:56.392+0200: 82.538: [CMS-concurrent-abortable-preclean: 0.000/0.031 secs] [Times: user=0.00 sys=0.00, real=0.03 secs] 
 (concurrent mode failure): 17898K->4148K(21888K), 0.0057597 secs] 27653K->4148K(31680K), [Metaspace: 2457K->2457K(1056768K)], 0.0059474 secs] [Times: user=0.00 sys=0.00, real=0.01 secs] 
2014-07-10T09:58:56.442+0200: 82.588: [GC (Allocation Failure) 82.588: [ParNew: 8686K->1059K(9792K), 0.0094380 secs] 12834K->8283K(31680K), 0.0096206 secs] [Times: user=0.00 sys=0.00, real=0.01 secs] 
2014-07-10T09:58:56.456+0200: 82.602: [GC (Allocation Failure) 82.602: [ParNew: 9745K->1059K(9792K), 0.0040985 secs] 16969K->11840K(31680K), 0.0043665 secs] [Times: user=0.00 sys=0.00, real=0.00 secs] 
2014-07-10T09:58:56.492+0200: 82.638: [GC (Allocation Failure) 82.638: [ParNew: 9745K->1059K(9792K), 0.0040637 secs] 20526K->15875K(31680K), 0.0042166 secs] [Times: user=0.00 sys=0.00, real=0.00 secs] 
2014-07-10T09:58:56.497+0200: 82.642: [GC (CMS Initial Mark) [1 CMS-initial-mark: 14815K(21888K)] 15941K(31680K), 0.0001774 secs] [Times: user=0.00 sys=0.00, real=0.00 secs] 
2014-07-10T09:58:56.497+0200: 82.642: [CMS-concurrent-mark-start]
2014-07-10T09:58:56.498+0200: 82.643: [CMS-concurrent-mark: 0.001/0.001 secs] [Times: user=0.00 sys=0.00, real=0.00 secs] 
2014-07-10T09:58:56.498+0200: 82.643: [CMS-concurrent-preclean-start]
2014-07-10T09:58:56.498+0200: 82.643: [CMS-concurrent-preclean: 0.000/0.000 secs] [Times: user=0.00 sys=0.00, real=0.00 secs] 
2014-07-10T09:58:56.498+0200: 82.643: [CMS-concurrent-abortable-preclean-start]
2014-07-10T09:58:56.544+0200: 82.689: [GC (Allocation Failure) 82.689: [ParNew: 9745K->1059K(9792K), 0.0072588 secs] 24561K->20390K(31680K), 0.0075140 secs] [Times: user=0.03 sys=0.00, real=0.01 secs] 
2014-07-10T09:58:56.554+0200: 82.699: [CMS-concurrent-abortable-preclean: 0.001/0.056 secs] [Times: user=0.03 sys=0.00, real=0.06 secs] 
2014-07-10T09:58:56.554+0200: 82.699: [GC (CMS Final Remark) [YG occupancy: 4073 K (9792 K)]82.699: [Rescan (parallel) , 0.0003014 secs]82.700: [weak refs processing, 0.0000631 secs]82.700: [class unloading, 0.0011310 secs]82.701: [scrub symbol table, 0.0012898 secs]82.702: [scrub string table, 0.0004462 secs][1 CMS-remark: 19331K(21888K)] 23404K(31680K), 0.0036424 secs] [Times: user=0.00 sys=0.00, real=0.00 secs] 
2014-07-10T09:58:56.558+0200: 82.703: [CMS-concurrent-sweep-start]
2014-07-10T09:58:56.559+0200: 82.704: [CMS-concurrent-sweep: 0.001/0.001 secs] [Times: user=0.00 sys=0.00, real=0.00 secs] 
2014-07-10T09:58:56.559+0200: 82.704: [CMS-concurrent-reset-start]
2014-07-10T09:58:56.559+0200: 82.704: [CMS-concurrent-reset: 0.000/0.000 secs] [Times: user=0.00 sys=0.00, real=0.00 secs] 
2014-07-10T09:58:56.564+0200: 82.709: [GC (Allocation Failure) 82.709: [ParNew: 9745K->1059K(9792K), 0.0056834 secs] 18796K->15106K(31680K), 0.0059030 secs] [Times: user=0.00 sys=0.00, real=0.01 secs] 
2014-07-10T09:58:56.570+0200: 82.715: [GC (CMS Initial Mark) [1 CMS-initial-mark: 14046K(21888K)] 15138K(31680K), 0.0002288 secs] [Times: user=0.00 sys=0.00, real=0.00 secs] 
2014-07-10T09:58:56.570+0200: 82.715: [CMS-concurrent-mark-start]
2014-07-10T09:58:56.571+0200: 82.717: [CMS-concurrent-mark: 0.001/0.001 secs] [Times: user=0.00 sys=0.00, real=0.00 secs] 
2014-07-10T09:58:56.571+0200: 82.717: [CMS-concurrent-preclean-start]
2014-07-10T09:58:56.571+0200: 82.717: [CMS-concurrent-preclean: 0.000/0.000 secs] [Times: user=0.00 sys=0.00, real=0.00 secs] 
2014-07-10T09:58:56.571+0200: 82.717: [CMS-concurrent-abortable-preclean-start]
2014-07-10T09:58:56.594+0200: 82.739: [GC (Allocation Failure) 82.739: [ParNew: 9745K->1059K(9792K), 0.0047889 secs] 23792K->20581K(31680K), 0.0049696 secs] [Times: user=0.00 sys=0.00, real=0.00 secs] 
2014-07-10T09:58:56.600+0200: 82.746: [CMS-concurrent-abortable-preclean: 0.001/0.029 secs] [Times: user=0.02 sys=0.00, real=0.03 secs] 
2014-07-10T09:58:56.601+0200: 82.746: [GC (CMS Final Remark) [YG occupancy: 4274 K (9792 K)]82.746: [Rescan (parallel) , 0.0001554 secs]82.746: [weak refs processing, 0.0000392 secs]82.746: [class unloading, 0.0007054 secs]82.747: [scrub symbol table, 0.0007578 secs]82.748: [scrub string table, 0.0002684 secs][1 CMS-remark: 19522K(21888K)] 23796K(31680K), 0.0021239 secs] [Times: user=0.00 sys=0.00, real=0.00 secs] 
2014-07-10T09:58:56.603+0200: 82.748: [CMS-concurrent-sweep-start]
2014-07-10T09:58:56.603+0200: 82.749: [CMS-concurrent-sweep: 0.000/0.000 secs] [Times: user=0.00 sys=0.00, real=0.00 secs] 
2014-07-10T09:58:56.603+0200: 82.749: [CMS-concurrent-reset-start]
2014-07-10T09:58:56.603+0200: 82.749: [CMS-concurrent-reset: 0.000/0.000 secs] [Times: user=0.00 sys=0.00, real=0.00 secs] 
2014-07-10T09:58:56.643+0200: 82.788: [GC (Allocation Failure) 82.788: [ParNew: 9755K->1061K(9792K), 0.0045003 secs] 20726K->16452K(31680K), 0.0047423 secs] [Times: user=0.00 sys=0.00, real=0.00 secs] 
2014-07-10T09:58:56.648+0200: 82.793: [GC (CMS Initial Mark) [1 CMS-initial-mark: 15391K(21888K)] 16518K(31680K), 0.0002669 secs] [Times: user=0.00 sys=0.00, real=0.00 secs] 
2014-07-10T09:58:56.648+0200: 82.793: [CMS-concurrent-mark-start]
2014-07-10T09:58:56.649+0200: 82.794: [CMS-concurrent-mark: 0.001/0.001 secs] [Times: user=0.00 sys=0.00, real=0.00 secs] 
2014-07-10T09:58:56.649+0200: 82.794: [CMS-concurrent-preclean-start]
2014-07-10T09:58:56.649+0200: 82.795: [CMS-concurrent-preclean: 0.000/0.000 secs] [Times: user=0.00 sys=0.00, real=0.00 secs] 
2014-07-10T09:58:56.649+0200: 82.795: [CMS-concurrent-abortable-preclean-start]
2014-07-10T09:58:56.652+0200: 82.797: [GC (Allocation Failure) 82.797: [ParNew: 9747K->1059K(9792K), 0.0048871 secs] 25138K->21351K(31680K), 0.0050499 secs] [Times: user=0.03 sys=0.00, real=0.01 secs] 
2014-07-10T09:58:56.659+0200: 82.804: [CMS-concurrent-abortable-preclean: 0.001/0.010 secs] [Times: user=0.03 sys=0.00, real=0.01 secs] 
2014-07-10T09:58:56.659+0200: 82.804: [GC (CMS Final Remark) [YG occupancy: 3304 K (9792 K)]82.804: [Rescan (parallel) , 0.0001624 secs]82.805: [weak refs processing, 0.0000392 secs]82.805: [class unloading, 0.0006042 secs]82.805: [scrub symbol table, 0.0007322 secs]82.806: [scrub string table, 0.0002332 secs][1 CMS-remark: 20291K(21888K)] 23596K(31680K), 0.0020395 secs] [Times: user=0.00 sys=0.00, real=0.00 secs] 
2014-07-10T09:58:56.661+0200: 82.807: [CMS-concurrent-sweep-start]
2014-07-10T09:58:56.662+0200: 82.807: [CMS-concurrent-sweep: 0.000/0.000 secs] [Times: user=0.00 sys=0.00, real=0.00 secs] 
2014-07-10T09:58:56.662+0200: 82.807: [CMS-concurrent-reset-start]
2014-07-10T09:58:56.662+0200: 82.807: [CMS-concurrent-reset: 0.000/0.000 secs] [Times: user=0.00 sys=0.00, real=0.00 secs] 
2014-07-10T09:58:56.695+0200: 82.840: [GC (Allocation Failure) 82.840: [ParNew: 9745K->1059K(9792K), 0.0079899 secs] 19565K->16259K(31680K), 0.0082593 secs] [Times: user=0.03 sys=0.00, real=0.01 secs] 
2014-07-10T09:58:56.703+0200: 82.849: [GC (CMS Initial Mark) [1 CMS-initial-mark: 15199K(21888K)] 16291K(31680K), 0.0005254 secs] [Times: user=0.00 sys=0.00, real=0.00 secs] 
2014-07-10T09:58:56.704+0200: 82.849: [CMS-concurrent-mark-start]
2014-07-10T09:58:56.706+0200: 82.852: [CMS-concurrent-mark: 0.002/0.002 secs] [Times: user=0.00 sys=0.00, real=0.00 secs] 
2014-07-10T09:58:56.706+0200: 82.852: [CMS-concurrent-preclean-start]
2014-07-10T09:58:56.707+0200: 82.852: [CMS-concurrent-preclean: 0.000/0.000 secs] [Times: user=0.00 sys=0.00, real=0.00 secs] 
2014-07-10T09:58:56.707+0200: 82.852: [GC (CMS Final Remark) [YG occupancy: 2822 K (9792 K)]82.852: [Rescan (parallel) , 0.0002728 secs]82.853: [weak refs processing, 0.0000598 secs]82.853: [class unloading, 0.0009532 secs]82.854: [scrub symbol table, 0.0014419 secs]82.855: [scrub string table, 0.0004396 secs][1 CMS-remark: 15199K(21888K)] 18022K(31680K), 0.0035328 secs] [Times: user=0.00 sys=0.00, real=0.00 secs] 
2014-07-10T09:58:56.711+0200: 82.856: [CMS-concurrent-sweep-start]
2014-07-10T09:58:56.711+0200: 82.857: [CMS-concurrent-sweep: 0.001/0.001 secs] [Times: user=0.00 sys=0.00, real=0.00 secs] 
2014-07-10T09:58:56.711+0200: 82.857: [CMS-concurrent-reset-start]
2014-07-10T09:58:56.712+0200: 82.857: [CMS-concurrent-reset: 0.000/0.000 secs] [Times: user=0.00 sys=0.00, real=0.00 secs] 
2014-07-10T09:58:56.743+0200: 82.888: [GC (Allocation Failure) 82.889: [ParNew: 9745K->1059K(9792K), 0.0054924 secs] 15626K->12800K(31680K), 0.0056611 secs] [Times: user=0.03 sys=0.00, real=0.01 secs] 
2014-07-10T09:58:56.749+0200: 82.894: [GC (CMS Initial Mark) [1 CMS-initial-mark: 11740K(21888K)] 12866K(31680K), 0.0002658 secs] [Times: user=0.00 sys=0.00, real=0.00 secs] 
2014-07-10T09:58:56.749+0200: 82.895: [CMS-concurrent-mark-start]
2014-07-10T09:58:56.751+0200: 82.896: [CMS-concurrent-mark: 0.001/0.001 secs] [Times: user=0.00 sys=0.00, real=0.00 secs] 
2014-07-10T09:58:56.751+0200: 82.896: [CMS-concurrent-preclean-start]
2014-07-10T09:58:56.751+0200: 82.896: [CMS-concurrent-preclean: 0.000/0.000 secs] [Times: user=0.00 sys=0.00, real=0.00 secs] 
2014-07-10T09:58:56.751+0200: 82.896: [CMS-concurrent-abortable-preclean-start]
2014-07-10T09:58:56.753+0200: 82.898: [GC (Allocation Failure) 82.899: [ParNew: 9745K->1059K(9792K), 0.0059635 secs] 21486K->19140K(31680K), 0.0061182 secs] [Times: user=0.00 sys=0.00, real=0.01 secs] 
2014-07-10T09:58:56.794+0200: 82.939: [GC (Allocation Failure) 82.939: [ParNew: 9745K->9745K(9792K), 0.0000590 secs]82.939: [CMS2014-07-10T09:58:56.794+0200: 82.939: [CMS-concurrent-abortable-preclean: 0.001/0.043 secs] [Times: user=0.00 sys=0.00, real=0.04 secs] 
 (concurrent mode failure): 18081K->8375K(21888K), 0.0090318 secs] 27826K->8375K(31680K), [Metaspace: 2457K->2457K(1056768K)], 0.0093002 secs] [Times: user=0.01 sys=0.00, real=0.01 secs] 
2014-07-10T09:58:56.846+0200: 82.991: [GC (Allocation Failure) 82.991: [ParNew: 8700K->175K(9792K), 0.0012106 secs] 17076K->8550K(31680K), 0.0014192 secs] [Times: user=0.00 sys=0.00, real=0.00 secs] 
2014-07-10T09:58:56.856+0200: 83.001: [GC (Allocation Failure) 83.001: [ParNew: 8876K->21K(9792K), 0.0010672 secs] 17251K->8396K(31680K), 0.0013305 secs] [Times: user=0.00 sys=0.00, real=0.00 secs] 
2014-07-10T09:58:56.894+0200: 83.039: [GC (Allocation Failure) 83.039: [ParNew: 8694K->1062K(9792K), 0.0058334 secs] 17069K->16037K(31680K), 0.0060156 secs] [Times: user=0.00 sys=0.00, real=0.01 secs] 
2014-07-10T09:58:56.900+0200: 83.045: [GC (CMS Initial Mark) [1 CMS-initial-mark: 14974K(21888K)] 16069K(31680K), 0.0001991 secs] [Times: user=0.00 sys=0.00, real=0.00 secs] 
2014-07-10T09:58:56.900+0200: 83.046: [CMS-concurrent-mark-start]
2014-07-10T09:58:56.901+0200: 83.046: [CMS-concurrent-mark: 0.001/0.001 secs] [Times: user=0.00 sys=0.00, real=0.00 secs] 
2014-07-10T09:58:56.901+0200: 83.046: [CMS-concurrent-preclean-start]
2014-07-10T09:58:56.901+0200: 83.046: [CMS-concurrent-preclean: 0.000/0.000 secs] [Times: user=0.00 sys=0.00, real=0.00 secs] 
2014-07-10T09:58:56.901+0200: 83.046: [GC (CMS Final Remark) [YG occupancy: 1608 K (9792 K)]83.046: [Rescan (parallel) , 0.0001001 secs]83.047: [weak refs processing, 0.0000257 secs]83.047: [class unloading, 0.0004187 secs]83.047: [scrub symbol table, 0.0005437 secs]83.048: [scrub string table, 0.0001602 secs][1 CMS-remark: 14974K(21888K)] 16583K(31680K), 0.0013598 secs] [Times: user=0.00 sys=0.00, real=0.00 secs] 
2014-07-10T09:58:56.903+0200: 83.048: [CMS-concurrent-sweep-start]
2014-07-10T09:58:56.903+0200: 83.048: [CMS-concurrent-sweep: 0.000/0.000 secs] [Times: user=0.00 sys=0.00, real=0.00 secs] 
2014-07-10T09:58:56.903+0200: 83.048: [CMS-concurrent-reset-start]
2014-07-10T09:58:56.903+0200: 83.048: [CMS-concurrent-reset: 0.000/0.000 secs] [Times: user=0.00 sys=0.00, real=0.00 secs] 
2014-07-10T09:58:56.944+0200: 83.089: [GC (Allocation Failure) 83.089: [ParNew: 9748K->1059K(9792K), 0.0059100 secs] 16842K->15233K(31680K), 0.0060955 secs] [Times: user=0.00 sys=0.00, real=0.01 secs] 
2014-07-10T09:58:56.950+0200: 83.095: [GC (CMS Initial Mark) [1 CMS-initial-mark: 14173K(21888K)] 15265K(31680K), 0.0001925 secs] [Times: user=0.00 sys=0.00, real=0.00 secs] 
2014-07-10T09:58:56.950+0200: 83.096: [CMS-concurrent-mark-start]
2014-07-10T09:58:56.951+0200: 83.096: [CMS-concurrent-mark: 0.001/0.001 secs] [Times: user=0.03 sys=0.00, real=0.00 secs] 
2014-07-10T09:58:56.951+0200: 83.096: [CMS-concurrent-preclean-start]
2014-07-10T09:58:56.951+0200: 83.097: [CMS-concurrent-preclean: 0.000/0.000 secs] [Times: user=0.00 sys=0.00, real=0.00 secs] 
2014-07-10T09:58:56.951+0200: 83.097: [CMS-concurrent-abortable-preclean-start]
2014-07-10T09:58:56.991+0200: 83.137: [GC (Allocation Failure) 83.137: [ParNew: 9747K->9747K(9792K), 0.0000939 secs]83.137: [CMS2014-07-10T09:58:56.992+0200: 83.137: [CMS-concurrent-abortable-preclean: 0.000/0.040 secs] [Times: user=0.00 sys=0.00, real=0.04 secs] 
 (concurrent mode failure): 14173K->916K(21888K), 0.0078374 secs] 23921K->916K(31680K), [Metaspace: 2457K->2457K(1056768K)], 0.0082032 secs] [Times: user=0.01 sys=0.00, real=0.01 secs] 
2014-07-10T09:58:57.041+0200: 83.187: [GC (Allocation Failure) 83.187: [ParNew: 8686K->899K(9792K), 0.0010603 secs] 9602K->1815K(31680K), 0.0012264 secs] [Times: user=0.00 sys=0.00, real=0.00 secs] 
2014-07-10T09:58:57.046+0200: 83.192: [GC (Allocation Failure) 83.192: [ParNew: 9585K->1059K(9792K), 0.0012458 secs] 10501K->2300K(31680K), 0.0013752 secs] [Times: user=0.00 sys=0.00, real=0.00 secs] 
2014-07-10T09:58:57.092+0200: 83.238: [GC (Allocation Failure) 83.238: [ParNew: 9751K->835K(9792K), 0.0014863 secs] 10992K->2077K(31680K), 0.0016835 secs] [Times: user=0.00 sys=0.00, real=0.00 secs] 
2014-07-10T09:58:57.142+0200: 83.287: [GC (Allocation Failure) 83.287: [ParNew: 9521K->1059K(9792K), 0.0020395 secs] 10764K->2559K(31680K), 0.0022159 secs] [Times: user=0.00 sys=0.00, real=0.00 secs] 
2014-07-10T09:58:57.152+0200: 83.297: [GC (Allocation Failure) 83.297: [ParNew: 9745K->1059K(9792K), 0.0025807 secs] 11246K->3297K(31680K), 0.0028615 secs] [Times: user=0.03 sys=0.00, real=0.00 secs] 
2014-07-10T09:58:57.191+0200: 83.337: [GC (Allocation Failure) 83.337: [ParNew: 9745K->1059K(9792K), 0.0012304 secs] 11983K->4514K(31680K), 0.0013488 secs] [Times: user=0.00 sys=0.00, real=0.00 secs] 
2014-07-10T09:58:57.242+0200: 83.388: [GC (Allocation Failure) 83.388: [ParNew: 9745K->1059K(9792K), 0.0027889 secs] 13201K->6212K(31680K), 0.0030720 secs] [Times: user=0.00 sys=0.00, real=0.00 secs] 
2014-07-10T09:58:57.253+0200: 83.398: [GC (Allocation Failure) 83.398: [ParNew: 9745K->1059K(9792K), 0.0056446 secs] 14899K->8390K(31680K), 0.0058499 secs] [Times: user=0.00 sys=0.00, real=0.01 secs] 
2014-07-10T09:58:57.408+0200: 83.553: [GC (Allocation Failure) 83.553: [ParNew: 9745K->1059K(9792K), 0.0027798 secs] 17077K->11049K(31680K), 0.0029290 secs] [Times: user=0.00 sys=0.00, real=0.00 secs] 
2014-07-10T09:58:57.415+0200: 83.560: [GC (Allocation Failure) 83.560: [ParNew: 9745K->1059K(9792K), 0.0032263 secs] 19735K->14187K(31680K), 0.0033825 secs] [Times: user=0.00 sys=0.00, real=0.00 secs] 
2014-07-10T09:58:57.423+0200: 83.568: [GC (Allocation Failure) 83.568: [ParNew: 9745K->1059K(9792K), 0.0044105 secs] 22874K->17806K(31680K), 0.0045330 secs] [Times: user=0.00 sys=0.00, real=0.00 secs] 
2014-07-10T09:58:57.428+0200: 83.573: [GC (CMS Initial Mark) [1 CMS-initial-mark: 16747K(21888K)] 17872K(31680K), 0.0001697 secs] [Times: user=0.00 sys=0.00, real=0.00 secs] 
2014-07-10T09:58:57.428+0200: 83.573: [CMS-concurrent-mark-start]
2014-07-10T09:58:57.429+0200: 83.574: [CMS-concurrent-mark: 0.001/0.001 secs] [Times: user=0.00 sys=0.00, real=0.00 secs] 
2014-07-10T09:58:57.429+0200: 83.574: [CMS-concurrent-preclean-start]
2014-07-10T09:58:57.429+0200: 83.574: [CMS-concurrent-preclean: 0.000/0.000 secs] [Times: user=0.00 sys=0.00, real=0.00 secs] 
2014-07-10T09:58:57.429+0200: 83.574: [CMS-concurrent-abortable-preclean-start]
2014-07-10T09:58:57.431+0200: 83.577: [GC (Allocation Failure) 83.577: [ParNew: 9760K->1061K(9792K), 0.0022910 secs] 26507K->19858K(31680K), 0.0024392 secs] [Times: user=0.00 sys=0.00, real=0.00 secs] 
2014-07-10T09:58:57.448+0200: 83.593: [GC (Allocation Failure) 83.593: [ParNew: 9747K->9747K(9792K), 0.0000440 secs]83.593: [CMS2014-07-10T09:58:57.448+0200: 83.593: [CMS-concurrent-abortable-preclean: 0.001/0.019 secs] [Times: user=0.03 sys=0.00, real=0.02 secs] 
 (concurrent mode failure): 18797K->4086K(21888K), 0.0055657 secs] 28545K->4086K(31680K), [Metaspace: 2457K->2457K(1056768K)], 0.0057476 secs] [Times: user=0.02 sys=0.00, real=0.01 secs] 
2014-07-10T09:58:57.475+0200: 83.620: [GC (Allocation Failure) 83.620: [ParNew: 8686K->1059K(9792K), 0.0029521 secs] 12772K->8159K(31680K), 0.0031207 secs] [Times: user=0.00 sys=0.00, real=0.00 secs] 
2014-07-10T09:58:57.492+0200: 83.637: [GC (Allocation Failure) 83.637: [ParNew: 9745K->1059K(9792K), 0.0037234 secs] 16845K->11650K(31680K), 0.0039218 secs] [Times: user=0.00 sys=0.00, real=0.00 secs] 
2014-07-10T09:58:57.542+0200: 83.687: [GC (Allocation Failure) 83.687: [ParNew: 9745K->1059K(9792K), 0.0040116 secs] 20336K->15621K(31680K), 0.0041443 secs] [Times: user=0.02 sys=0.00, real=0.00 secs] 
2014-07-10T09:58:57.546+0200: 83.692: [GC (CMS Initial Mark) [1 CMS-initial-mark: 14561K(21888K)] 15687K(31680K), 0.0001719 secs] [Times: user=0.00 sys=0.00, real=0.00 secs] 
2014-07-10T09:58:57.546+0200: 83.692: [CMS-concurrent-mark-start]
2014-07-10T09:58:57.547+0200: 83.693: [CMS-concurrent-mark: 0.001/0.001 secs] [Times: user=0.00 sys=0.00, real=0.00 secs] 
2014-07-10T09:58:57.547+0200: 83.693: [CMS-concurrent-preclean-start]
2014-07-10T09:58:57.547+0200: 83.693: [CMS-concurrent-preclean: 0.000/0.000 secs] [Times: user=0.00 sys=0.00, real=0.00 secs] 
2014-07-10T09:58:57.547+0200: 83.693: [CMS-concurrent-abortable-preclean-start]
2014-07-10T09:58:57.550+0200: 83.695: [GC (Allocation Failure) 83.695: [ParNew: 9745K->1059K(9792K), 0.0042756 secs] 24307K->20072K(31680K), 0.0044087 secs] [Times: user=0.00 sys=0.00, real=0.00 secs] 
2014-07-10T09:58:57.555+0200: 83.701: [CMS-concurrent-abortable-preclean: 0.001/0.008 secs] [Times: user=0.00 sys=0.00, real=0.01 secs] 
2014-07-10T09:58:57.556+0200: 83.701: [GC (CMS Final Remark) [YG occupancy: 3752 K (9792 K)]83.701: [Rescan (parallel) , 0.0001181 secs]83.701: [weak refs processing, 0.0000264 secs]83.701: [class unloading, 0.0004990 secs]83.702: [scrub symbol table, 0.0006046 secs]83.702: [scrub string table, 0.0002988 secs][1 CMS-remark: 19012K(21888K)] 22765K(31680K), 0.0016656 secs] [Times: user=0.00 sys=0.00, real=0.00 secs] 
2014-07-10T09:58:57.557+0200: 83.703: [CMS-concurrent-sweep-start]
2014-07-10T09:58:57.558+0200: 83.703: [CMS-concurrent-sweep: 0.000/0.000 secs] [Times: user=0.00 sys=0.00, real=0.00 secs] 
2014-07-10T09:58:57.558+0200: 83.703: [CMS-concurrent-reset-start]
2014-07-10T09:58:57.558+0200: 83.703: [CMS-concurrent-reset: 0.000/0.000 secs] [Times: user=0.00 sys=0.00, real=0.00 secs] 
2014-07-10T09:58:57.595+0200: 83.740: [GC (Allocation Failure) 83.740: [ParNew: 9745K->1059K(9792K), 0.0087275 secs] 18670K->14915K(31680K), 0.0089772 secs] [Times: user=0.00 sys=0.00, real=0.01 secs] 
2014-07-10T09:58:57.604+0200: 83.750: [GC (CMS Initial Mark) [1 CMS-initial-mark: 13856K(21888K)] 14981K(31680K), 0.0003743 secs] [Times: user=0.00 sys=0.00, real=0.00 secs] 
2014-07-10T09:58:57.605+0200: 83.750: [CMS-concurrent-mark-start]
2014-07-10T09:58:57.607+0200: 83.753: [CMS-concurrent-mark: 0.002/0.002 secs] [Times: user=0.03 sys=0.00, real=0.00 secs] 
2014-07-10T09:58:57.607+0200: 83.753: [CMS-concurrent-preclean-start]
2014-07-10T09:58:57.608+0200: 83.753: [CMS-concurrent-preclean: 0.000/0.000 secs] [Times: user=0.00 sys=0.00, real=0.00 secs] 
2014-07-10T09:58:57.608+0200: 83.753: [CMS-concurrent-abortable-preclean-start]
2014-07-10T09:58:57.642+0200: 83.788: [GC (Allocation Failure) 83.788: [ParNew: 9751K->1059K(9792K), 0.0044109 secs] 23607K->19302K(31680K), 0.0047364 secs] [Times: user=0.00 sys=0.00, real=0.01 secs] 
2014-07-10T09:58:57.649+0200: 83.794: [CMS-concurrent-abortable-preclean: 0.001/0.041 secs] [Times: user=0.00 sys=0.00, real=0.04 secs] 
2014-07-10T09:58:57.649+0200: 83.794: [GC (CMS Final Remark) [YG occupancy: 4619 K (9792 K)]83.794: [Rescan (parallel) , 0.0001624 secs]83.794: [weak refs processing, 0.0000400 secs]83.794: [class unloading, 0.0007593 secs]83.795: [scrub symbol table, 0.0007516 secs]83.796: [scrub string table, 0.0002376 secs][1 CMS-remark: 18243K(21888K)] 22862K(31680K), 0.0021506 secs] [Times: user=0.00 sys=0.00, real=0.00 secs] 
2014-07-10T09:58:57.651+0200: 83.797: [CMS-concurrent-sweep-start]
2014-07-10T09:58:57.652+0200: 83.797: [CMS-concurrent-sweep: 0.001/0.001 secs] [Times: user=0.00 sys=0.00, real=0.00 secs] 
2014-07-10T09:58:57.652+0200: 83.797: [CMS-concurrent-reset-start]
2014-07-10T09:58:57.652+0200: 83.797: [CMS-concurrent-reset: 0.000/0.000 secs] [Times: user=0.00 sys=0.00, real=0.00 secs] 
2014-07-10T09:58:57.653+0200: 83.799: [GC (Allocation Failure) 83.799: [ParNew: 9745K->1059K(9792K), 0.0046635 secs] 19566K->15748K(31680K), 0.0047837 secs] [Times: user=0.00 sys=0.00, real=0.00 secs] 
2014-07-10T09:58:57.658+0200: 83.804: [GC (CMS Initial Mark) [1 CMS-initial-mark: 14689K(21888K)] 15814K(31680K), 0.0002937 secs] [Times: user=0.00 sys=0.00, real=0.00 secs] 
2014-07-10T09:58:57.659+0200: 83.804: [CMS-concurrent-mark-start]
2014-07-10T09:58:57.660+0200: 83.805: [CMS-concurrent-mark: 0.001/0.001 secs] [Times: user=0.00 sys=0.00, real=0.00 secs] 
2014-07-10T09:58:57.660+0200: 83.805: [CMS-concurrent-preclean-start]
2014-07-10T09:58:57.660+0200: 83.806: [CMS-concurrent-preclean: 0.000/0.000 secs] [Times: user=0.00 sys=0.00, real=0.00 secs] 
2014-07-10T09:58:57.660+0200: 83.806: [CMS-concurrent-abortable-preclean-start]
2014-07-10T09:58:57.693+0200: 83.838: [GC (Allocation Failure) 83.838: [ParNew: 9745K->1059K(9792K), 0.0050415 secs] 24434K->21096K(31680K), 0.0051922 secs] [Times: user=0.00 sys=0.00, real=0.00 secs] 
2014-07-10T09:58:57.700+0200: 83.845: [CMS-concurrent-abortable-preclean: 0.001/0.039 secs] [Times: user=0.02 sys=0.00, real=0.04 secs] 
2014-07-10T09:58:57.700+0200: 83.845: [GC (CMS Final Remark) [YG occupancy: 2854 K (9792 K)]83.845: [Rescan (parallel) , 0.0001664 secs]83.846: [weak refs processing, 0.0000381 secs]83.846: [class unloading, 0.0006101 secs]83.846: [scrub symbol table, 0.0007406 secs]83.847: [scrub string table, 0.0002328 secs][1 CMS-remark: 20036K(21888K)] 22891K(31680K), 0.0019790 secs] [Times: user=0.00 sys=0.00, real=0.00 secs] 
2014-07-10T09:58:57.702+0200: 83.848: [CMS-concurrent-sweep-start]
2014-07-10T09:58:57.703+0200: 83.848: [CMS-concurrent-sweep: 0.000/0.000 secs] [Times: user=0.00 sys=0.00, real=0.00 secs] 
2014-07-10T09:58:57.703+0200: 83.848: [CMS-concurrent-reset-start]
2014-07-10T09:58:57.703+0200: 83.848: [CMS-concurrent-reset: 0.000/0.000 secs] [Times: user=0.00 sys=0.00, real=0.00 secs] 
2014-07-10T09:58:57.745+0200: 83.890: [GC (Allocation Failure) 83.891: [ParNew: 9745K->1059K(9792K), 0.0087510 secs] 20463K->17605K(31680K), 0.0090179 secs] [Times: user=0.03 sys=0.00, real=0.01 secs] 
2014-07-10T09:58:57.754+0200: 83.900: [GC (CMS Initial Mark) [1 CMS-initial-mark: 16545K(21888K)] 17671K(31680K), 0.0004209 secs] [Times: user=0.00 sys=0.00, real=0.00 secs] 
2014-07-10T09:58:57.755+0200: 83.900: [CMS-concurrent-mark-start]
2014-07-10T09:58:57.757+0200: 83.903: [CMS-concurrent-mark: 0.002/0.002 secs] [Times: user=0.00 sys=0.00, real=0.00 secs] 
2014-07-10T09:58:57.757+0200: 83.903: [CMS-concurrent-preclean-start]
2014-07-10T09:58:57.758+0200: 83.903: [CMS-concurrent-preclean: 0.000/0.000 secs] [Times: user=0.00 sys=0.00, real=0.00 secs] 
2014-07-10T09:58:57.758+0200: 83.903: [CMS-concurrent-abortable-preclean-start]
2014-07-10T09:58:57.758+0200: 83.903: [CMS-concurrent-abortable-preclean: 0.000/0.000 secs] [Times: user=0.00 sys=0.00, real=0.00 secs] 
2014-07-10T09:58:57.758+0200: 83.904: [GC (CMS Final Remark) [YG occupancy: 5547 K (9792 K)]83.904: [Rescan (parallel) , 0.0003311 secs]83.904: [weak refs processing, 0.0000620 secs]83.904: [class unloading, 0.0014680 secs]83.906: [scrub symbol table, 0.0013638 secs]83.907: [scrub string table, 0.0005371 secs][1 CMS-remark: 16545K(21888K)] 22093K(31680K), 0.0041579 secs] [Times: user=0.02 sys=0.00, real=0.00 secs] 
2014-07-10T09:58:57.763+0200: 83.908: [CMS-concurrent-sweep-start]
2014-07-10T09:58:57.764+0200: 83.909: [CMS-concurrent-sweep: 0.001/0.001 secs] [Times: user=0.00 sys=0.00, real=0.00 secs] 
2014-07-10T09:58:57.764+0200: 83.909: [CMS-concurrent-reset-start]
2014-07-10T09:58:57.764+0200: 83.909: [CMS-concurrent-reset: 0.000/0.000 secs] [Times: user=0.00 sys=0.00, real=0.00 secs] 
2014-07-10T09:58:57.766+0200: 83.911: [GC (Allocation Failure) 83.911: [ParNew: 9745K->1059K(9792K), 0.0057777 secs] 16075K->13696K(31680K), 0.0059639 secs] [Times: user=0.00 sys=0.00, real=0.01 secs] 
2014-07-10T09:58:57.772+0200: 83.918: [GC (CMS Initial Mark) [1 CMS-initial-mark: 12637K(21888K)] 13762K(31680K), 0.0002658 secs] [Times: user=0.00 sys=0.00, real=0.00 secs] 
2014-07-10T09:58:57.772+0200: 83.918: [CMS-concurrent-mark-start]
2014-07-10T09:58:57.774+0200: 83.919: [CMS-concurrent-mark: 0.001/0.001 secs] [Times: user=0.00 sys=0.00, real=0.00 secs] 
2014-07-10T09:58:57.774+0200: 83.919: [CMS-concurrent-preclean-start]
2014-07-10T09:58:57.774+0200: 83.919: [CMS-concurrent-preclean: 0.000/0.000 secs] [Times: user=0.00 sys=0.00, real=0.00 secs] 
2014-07-10T09:58:57.774+0200: 83.919: [GC (CMS Final Remark) [YG occupancy: 1893 K (9792 K)]83.919: [Rescan (parallel) , 0.0001426 secs]83.919: [weak refs processing, 0.0000345 secs]83.919: [class unloading, 0.0005342 secs]83.920: [scrub symbol table, 0.0007182 secs]83.921: [scrub string table, 0.0002346 secs][1 CMS-remark: 12637K(21888K)] 14531K(31680K), 0.0018485 secs] [Times: user=0.00 sys=0.00, real=0.00 secs] 
2014-07-10T09:58:57.776+0200: 83.921: [CMS-concurrent-sweep-start]
2014-07-10T09:58:57.776+0200: 83.922: [CMS-concurrent-sweep: 0.000/0.000 secs] [Times: user=0.00 sys=0.00, real=0.00 secs] 
2014-07-10T09:58:57.776+0200: 83.922: [CMS-concurrent-reset-start]
2014-07-10T09:58:57.776+0200: 83.922: [CMS-concurrent-reset: 0.000/0.000 secs] [Times: user=0.00 sys=0.00, real=0.00 secs] 
2014-07-10T09:58:57.794+0200: 83.939: [GC (Allocation Failure) 83.939: [ParNew: 9745K->1059K(9792K), 0.0060526 secs] 16555K->14657K(31680K), 0.0062667 secs] [Times: user=0.00 sys=0.00, real=0.01 secs] 
2014-07-10T09:58:57.800+0200: 83.946: [GC (CMS Initial Mark) [1 CMS-initial-mark: 13597K(21888K)] 15011K(31680K), 0.0002317 secs] [Times: user=0.00 sys=0.00, real=0.00 secs] 
2014-07-10T09:58:57.801+0200: 83.946: [CMS-concurrent-mark-start]
2014-07-10T09:58:57.802+0200: 83.947: [CMS-concurrent-mark: 0.001/0.001 secs] [Times: user=0.00 sys=0.00, real=0.00 secs] 
2014-07-10T09:58:57.802+0200: 83.947: [CMS-concurrent-preclean-start]
2014-07-10T09:58:57.802+0200: 83.947: [CMS-concurrent-preclean: 0.000/0.000 secs] [Times: user=0.00 sys=0.00, real=0.00 secs] 
2014-07-10T09:58:57.802+0200: 83.947: [GC (CMS Final Remark) [YG occupancy: 1413 K (9792 K)]83.947: [Rescan (parallel) , 0.0001247 secs]83.948: [weak refs processing, 0.0000363 secs]83.948: [class unloading, 0.0005899 secs]83.948: [scrub symbol table, 0.0007824 secs]83.949: [scrub string table, 0.0002335 secs][1 CMS-remark: 13597K(21888K)] 15011K(31680K), 0.0019625 secs] [Times: user=0.00 sys=0.00, real=0.00 secs] 
2014-07-10T09:58:57.804+0200: 83.949: [CMS-concurrent-sweep-start]
2014-07-10T09:58:57.804+0200: 83.950: [CMS-concurrent-sweep: 0.000/0.000 secs] [Times: user=0.00 sys=0.00, real=0.00 secs] 
2014-07-10T09:58:57.804+0200: 83.950: [CMS-concurrent-reset-start]
2014-07-10T09:58:57.805+0200: 83.950: [CMS-concurrent-reset: 0.000/0.000 secs] [Times: user=0.00 sys=0.00, real=0.00 secs] 
2014-07-10T09:58:57.844+0200: 83.989: [GC (Allocation Failure) 83.989: [ParNew: 9747K->131K(9792K), 0.0006889 secs] 10250K->634K(31680K), 0.0008121 secs] [Times: user=0.00 sys=0.00, real=0.00 secs] 
2014-07-10T09:58:57.849+0200: 83.994: [GC (Allocation Failure) 83.995: [ParNew: 8828K->621K(9792K), 0.0009723 secs] 9331K->1125K(31680K), 0.0011369 secs] [Times: user=0.00 sys=0.00, real=0.00 secs] 
2014-07-10T09:58:57.896+0200: 84.041: [GC (Allocation Failure) 84.041: [ParNew: 9312K->1059K(9792K), 0.0096137 secs] 9815K->8128K(31680K), 0.0099066 secs] [Times: user=0.03 sys=0.00, real=0.01 secs] 
2014-07-10T09:58:57.906+0200: 84.052: [GC (CMS Initial Mark) [1 CMS-initial-mark: 7069K(21888K)] 8194K(31680K), 0.0004422 secs] [Times: user=0.00 sys=0.00, real=0.00 secs] 
2014-07-10T09:58:57.907+0200: 84.052: [CMS-concurrent-mark-start]
2014-07-10T09:58:57.909+0200: 84.054: [CMS-concurrent-mark: 0.002/0.002 secs] [Times: user=0.00 sys=0.00, real=0.00 secs] 
2014-07-10T09:58:57.909+0200: 84.054: [CMS-concurrent-preclean-start]
2014-07-10T09:58:57.909+0200: 84.055: [CMS-concurrent-preclean: 0.000/0.000 secs] [Times: user=0.00 sys=0.00, real=0.00 secs] 
2014-07-10T09:58:57.910+0200: 84.055: [GC (CMS Final Remark) [YG occupancy: 1637 K (9792 K)]84.055: [Rescan (parallel) , 0.0004425 secs]84.056: [weak refs processing, 0.0000623 secs]84.056: [class unloading, 0.0009727 secs]84.057: [scrub symbol table, 0.0012630 secs]84.058: [scrub string table, 0.0004396 secs][1 CMS-remark: 7069K(21888K)] 8707K(31680K), 0.0035449 secs] [Times: user=0.00 sys=0.00, real=0.00 secs] 
2014-07-10T09:58:57.913+0200: 84.059: [CMS-concurrent-sweep-start]
2014-07-10T09:58:57.914+0200: 84.059: [CMS-concurrent-sweep: 0.001/0.001 secs] [Times: user=0.00 sys=0.00, real=0.00 secs] 
2014-07-10T09:58:57.914+0200: 84.059: [CMS-concurrent-reset-start]
2014-07-10T09:58:57.914+0200: 84.060: [CMS-concurrent-reset: 0.000/0.000 secs] [Times: user=0.00 sys=0.00, real=0.00 secs] 
2014-07-10T09:58:57.944+0200: 84.089: [GC (Allocation Failure) 84.089: [ParNew: 9745K->1059K(9792K), 0.0064079 secs] 16810K->15170K(31680K), 0.0065908 secs] [Times: user=0.02 sys=0.02, real=0.01 secs] 
2014-07-10T09:58:57.951+0200: 84.096: [GC (CMS Initial Mark) [1 CMS-initial-mark: 14110K(21888K)] 15236K(31680K), 0.0002313 secs] [Times: user=0.00 sys=0.00, real=0.00 secs] 
2014-07-10T09:58:57.951+0200: 84.096: [CMS-concurrent-mark-start]
2014-07-10T09:58:57.952+0200: 84.097: [CMS-concurrent-mark: 0.001/0.001 secs] [Times: user=0.00 sys=0.00, real=0.00 secs] 
2014-07-10T09:58:57.952+0200: 84.098: [CMS-concurrent-preclean-start]
2014-07-10T09:58:57.952+0200: 84.098: [CMS-concurrent-preclean: 0.000/0.000 secs] [Times: user=0.00 sys=0.00, real=0.00 secs] 
2014-07-10T09:58:57.952+0200: 84.098: [CMS-concurrent-abortable-preclean-start]
2014-07-10T09:58:57.991+0200: 84.136: [GC (Allocation Failure) 84.136: [ParNew: 9747K->9747K(9792K), 0.0000616 secs]84.136: [CMS2014-07-10T09:58:57.991+0200: 84.137: [CMS-concurrent-abortable-preclean: 0.000/0.039 secs] [Times: user=0.00 sys=0.00, real=0.04 secs] 
 (concurrent mode failure): 14110K->885K(21888K), 0.0049773 secs] 23858K->885K(31680K), [Metaspace: 2457K->2457K(1056768K)], 0.0052350 secs] [Times: user=0.02 sys=0.00, real=0.01 secs] 
2014-07-10T09:58:58.041+0200: 84.187: [GC (Allocation Failure) 84.187: [ParNew: 8686K->867K(9792K), 0.0015347 secs] 9571K->1752K(31680K), 0.0018683 secs] [Times: user=0.03 sys=0.00, real=0.00 secs] 
2014-07-10T09:58:58.049+0200: 84.195: [GC (Allocation Failure) 84.195: [ParNew: 9553K->1059K(9792K), 0.0022734 secs] 10438K->2238K(31680K), 0.0024868 secs] [Times: user=0.00 sys=0.00, real=0.00 secs] 
2014-07-10T09:58:58.091+0200: 84.237: [GC (Allocation Failure) 84.237: [ParNew: 9745K->1059K(9792K), 0.0010768 secs] 10924K->3007K(31680K), 0.0011970 secs] [Times: user=0.00 sys=0.00, real=0.00 secs] 
2014-07-10T09:58:58.142+0200: 84.287: [GC (Allocation Failure) 84.287: [ParNew: 9757K->773K(9792K), 0.0013855 secs] 11705K->2722K(31680K), 0.0015574 secs] [Times: user=0.00 sys=0.00, real=0.00 secs] 
2014-07-10T09:58:58.151+0200: 84.296: [GC (Allocation Failure) 84.297: [ParNew: 9459K->1059K(9792K), 0.0020700 secs] 11408K->3202K(31680K), 0.0023431 secs] [Times: user=0.03 sys=0.00, real=0.00 secs] 
2014-07-10T09:58:58.192+0200: 84.337: [GC (Allocation Failure) 84.337: [ParNew: 9745K->1059K(9792K), 0.0013972 secs] 11889K->3876K(31680K), 0.0015226 secs] [Times: user=0.00 sys=0.00, real=0.00 secs] 
2014-07-10T09:58:58.241+0200: 84.387: [GC (Allocation Failure) 84.387: [ParNew: 9745K->1059K(9792K), 0.0013514 secs] 12562K->5029K(31680K), 0.0015057 secs] [Times: user=0.00 sys=0.00, real=0.00 secs] 
2014-07-10T09:58:58.247+0200: 84.392: [GC (Allocation Failure) 84.392: [ParNew: 9745K->1059K(9792K), 0.0021576 secs] 13716K->6663K(31680K), 0.0023152 secs] [Times: user=0.00 sys=0.00, real=0.00 secs] 
2014-07-10T09:58:58.293+0200: 84.438: [GC (Allocation Failure) 84.438: [ParNew: 9745K->1059K(9792K), 0.0054902 secs] 15350K->8777K(31680K), 0.0057201 secs] [Times: user=0.00 sys=0.00, real=0.01 secs] 
2014-07-10T09:58:58.343+0200: 84.487: [GC (Allocation Failure) 84.487: [ParNew: 9745K->1059K(9792K), 0.0155204 secs] 17464K->11372K(31680K), 0.0156476 secs] [Times: user=0.02 sys=0.00, real=0.02 secs] 
2014-07-10T09:58:58.363+0200: 84.508: [GC (Allocation Failure) 84.508: [ParNew: 9745K->1059K(9792K), 0.0154540 secs] 20058K->14446K(31680K), 0.0155820 secs] [Times: user=0.02 sys=0.00, real=0.02 secs] 
2014-07-10T09:58:58.392+0200: 84.536: [GC (Allocation Failure) 84.536: [ParNew: 9755K->1059K(9792K), 0.0019684 secs] 23142K->16464K(31680K), 0.0021052 secs] [Times: user=0.00 sys=0.00, real=0.00 secs] 
2014-07-10T09:58:58.394+0200: 84.539: [GC (CMS Initial Mark) [1 CMS-initial-mark: 15405K(21888K)] 16496K(31680K), 0.0001727 secs] [Times: user=0.00 sys=0.00, real=0.00 secs] 
2014-07-10T09:58:58.394+0200: 84.539: [CMS-concurrent-mark-start]
2014-07-10T09:58:58.395+0200: 84.540: [CMS-concurrent-mark: 0.001/0.001 secs] [Times: user=0.00 sys=0.00, real=0.00 secs] 
2014-07-10T09:58:58.395+0200: 84.540: [CMS-concurrent-preclean-start]
2014-07-10T09:58:58.395+0200: 84.540: [CMS-concurrent-preclean: 0.000/0.000 secs] [Times: user=0.00 sys=0.00, real=0.00 secs] 
2014-07-10T09:58:58.395+0200: 84.540: [GC (CMS Final Remark) [YG occupancy: 2918 K (9792 K)]84.540: [Rescan (parallel) , 0.0000968 secs]84.540: [weak refs processing, 0.0000268 secs]84.540: [class unloading, 0.0005114 secs]84.541: [scrub symbol table, 0.0006192 secs]84.541: [scrub string table, 0.0001840 secs][1 CMS-remark: 15405K(21888K)] 18323K(31680K), 0.0015670 secs] [Times: user=0.00 sys=0.00, real=0.00 secs] 
2014-07-10T09:58:58.397+0200: 84.541: [CMS-concurrent-sweep-start]
2014-07-10T09:58:58.397+0200: 84.542: [CMS-concurrent-sweep: 0.000/0.000 secs] [Times: user=0.00 sys=0.00, real=0.00 secs] 
2014-07-10T09:58:58.397+0200: 84.542: [CMS-concurrent-reset-start]
2014-07-10T09:58:58.398+0200: 84.542: [CMS-concurrent-reset: 0.000/0.000 secs] [Times: user=0.00 sys=0.00, real=0.00 secs] 
2014-07-10T09:58:58.442+0200: 84.587: [GC (Allocation Failure) 84.587: [ParNew: 9745K->1059K(9792K), 0.0155424 secs] 12266K->6079K(31680K), 0.0156608 secs] [Times: user=0.02 sys=0.00, real=0.02 secs] 
2014-07-10T09:58:58.462+0200: 84.607: [GC (Allocation Failure) 84.607: [ParNew: 9745K->1059K(9792K), 0.0107374 secs] 14765K->9057K(31680K), 0.0108664 secs] [Times: user=0.02 sys=0.00, real=0.01 secs] 
2014-07-10T09:58:58.492+0200: 84.636: [GC (Allocation Failure) 84.637: [ParNew: 9745K->1059K(9792K), 0.0045568 secs] 17744K->12516K(31680K), 0.0047089 secs] [Times: user=0.02 sys=0.02, real=0.00 secs] 
2014-07-10T09:58:58.542+0200: 84.686: [GC (Allocation Failure) 84.686: [ParNew: 9745K->1059K(9792K), 0.0040615 secs] 21202K->16455K(31680K), 0.0042056 secs] [Times: user=0.03 sys=0.00, real=0.00 secs] 
2014-07-10T09:58:58.546+0200: 84.691: [GC (CMS Initial Mark) [1 CMS-initial-mark: 15396K(21888K)] 16521K(31680K), 0.0001661 secs] [Times: user=0.00 sys=0.00, real=0.00 secs] 
2014-07-10T09:58:58.546+0200: 84.691: [CMS-concurrent-mark-start]
2014-07-10T09:58:58.547+0200: 84.692: [CMS-concurrent-mark: 0.001/0.001 secs] [Times: user=0.00 sys=0.00, real=0.00 secs] 
2014-07-10T09:58:58.547+0200: 84.692: [CMS-concurrent-preclean-start]
2014-07-10T09:58:58.547+0200: 84.692: [CMS-concurrent-preclean: 0.000/0.000 secs] [Times: user=0.00 sys=0.00, real=0.00 secs] 
2014-07-10T09:58:58.547+0200: 84.692: [CMS-concurrent-abortable-preclean-start]
2014-07-10T09:58:58.550+0200: 84.694: [GC (Allocation Failure) 84.694: [ParNew: 9745K->1059K(9792K), 0.0044046 secs] 25141K->20874K(31680K), 0.0045322 secs] [Times: user=0.00 sys=0.00, real=0.00 secs] 
2014-07-10T09:58:58.555+0200: 84.700: [CMS-concurrent-abortable-preclean: 0.001/0.008 secs] [Times: user=0.00 sys=0.00, real=0.01 secs] 
2014-07-10T09:58:58.555+0200: 84.700: [GC (CMS Final Remark) [YG occupancy: 3784 K (9792 K)]84.700: [Rescan (parallel) , 0.0001195 secs]84.700: [weak refs processing, 0.0000275 secs]84.700: [class unloading, 0.0004891 secs]84.701: [scrub symbol table, 0.0005694 secs]84.701: [scrub string table, 0.0001778 secs][1 CMS-remark: 19815K(21888K)] 23600K(31680K), 0.0014958 secs] [Times: user=0.00 sys=0.00, real=0.00 secs] 
2014-07-10T09:58:58.557+0200: 84.701: [CMS-concurrent-sweep-start]
2014-07-10T09:58:58.557+0200: 84.702: [CMS-concurrent-sweep: 0.000/0.000 secs] [Times: user=0.00 sys=0.00, real=0.00 secs] 
2014-07-10T09:58:58.557+0200: 84.702: [CMS-concurrent-reset-start]
2014-07-10T09:58:58.557+0200: 84.702: [CMS-concurrent-reset: 0.000/0.000 secs] [Times: user=0.00 sys=0.00, real=0.00 secs] 
2014-07-10T09:58:58.592+0200: 84.737: [GC (Allocation Failure) 84.737: [ParNew: 9745K->1059K(9792K), 0.0049179 secs] 18607K->14820K(31680K), 0.0050506 secs] [Times: user=0.00 sys=0.00, real=0.00 secs] 
2014-07-10T09:58:58.597+0200: 84.742: [GC (CMS Initial Mark) [1 CMS-initial-mark: 13761K(21888K)] 14886K(31680K), 0.0001877 secs] [Times: user=0.00 sys=0.00, real=0.00 secs] 
2014-07-10T09:58:58.598+0200: 84.742: [CMS-concurrent-mark-start]
2014-07-10T09:58:58.598+0200: 84.743: [CMS-concurrent-mark: 0.001/0.001 secs] [Times: user=0.00 sys=0.00, real=0.00 secs] 
2014-07-10T09:58:58.598+0200: 84.743: [CMS-concurrent-preclean-start]
2014-07-10T09:58:58.599+0200: 84.743: [CMS-concurrent-preclean: 0.000/0.000 secs] [Times: user=0.00 sys=0.00, real=0.00 secs] 
2014-07-10T09:58:58.599+0200: 84.743: [CMS-concurrent-abortable-preclean-start]
2014-07-10T09:58:58.644+0200: 84.789: [GC (Allocation Failure) 84.789: [ParNew: 9751K->1059K(9792K), 0.0072409 secs] 23512K->19175K(31680K), 0.0075422 secs] [Times: user=0.00 sys=0.00, real=0.01 secs] 
2014-07-10T09:58:58.659+0200: 84.804: [GC (Allocation Failure) 84.804: [ParNew: 9745K->9745K(9792K), 0.0000957 secs]84.804: [CMS2014-07-10T09:58:58.660+0200: 84.804: [CMS-concurrent-abortable-preclean: 0.002/0.061 secs] [Times: user=0.01 sys=0.02, real=0.06 secs] 
 (concurrent mode failure): 18116K->6392K(21888K), 0.0114431 secs] 27862K->6392K(31680K), [Metaspace: 2457K->2457K(1056768K)], 0.0117870 secs] [Times: user=0.02 sys=0.00, real=0.01 secs] 
2014-07-10T09:58:58.693+0200: 84.838: [GC (Allocation Failure) 84.838: [ParNew: 8686K->1059K(9792K), 0.0050510 secs] 15078K->12770K(31680K), 0.0052021 secs] [Times: user=0.00 sys=0.00, real=0.00 secs] 
2014-07-10T09:58:58.699+0200: 84.843: [GC (CMS Initial Mark) [1 CMS-initial-mark: 11711K(21888K)] 12836K(31680K), 0.0001965 secs] [Times: user=0.00 sys=0.00, real=0.00 secs] 
2014-07-10T09:58:58.699+0200: 84.843: [CMS-concurrent-mark-start]
2014-07-10T09:58:58.700+0200: 84.844: [CMS-concurrent-mark: 0.001/0.001 secs] [Times: user=0.00 sys=0.00, real=0.00 secs] 
2014-07-10T09:58:58.700+0200: 84.844: [CMS-concurrent-preclean-start]
2014-07-10T09:58:58.700+0200: 84.844: [CMS-concurrent-preclean: 0.000/0.000 secs] [Times: user=0.00 sys=0.00, real=0.00 secs] 
2014-07-10T09:58:58.700+0200: 84.844: [GC (CMS Final Remark) [YG occupancy: 2886 K (9792 K)]84.844: [Rescan (parallel) , 0.0001078 secs]84.845: [weak refs processing, 0.0000304 secs]84.845: [class unloading, 0.0004960 secs]84.845: [scrub symbol table, 0.0006119 secs]84.846: [scrub string table, 0.0001895 secs][1 CMS-remark: 11711K(21888K)] 14597K(31680K), 0.0015941 secs] [Times: user=0.00 sys=0.00, real=0.00 secs] 
2014-07-10T09:58:58.702+0200: 84.846: [CMS-concurrent-sweep-start]
2014-07-10T09:58:58.702+0200: 84.846: [CMS-concurrent-sweep: 0.000/0.000 secs] [Times: user=0.00 sys=0.00, real=0.00 secs] 
2014-07-10T09:58:58.702+0200: 84.846: [CMS-concurrent-reset-start]
2014-07-10T09:58:58.702+0200: 84.847: [CMS-concurrent-reset: 0.000/0.000 secs] [Times: user=0.00 sys=0.00, real=0.00 secs] 
2014-07-10T09:58:58.743+0200: 84.887: [GC (Allocation Failure) 84.887: [ParNew: 9745K->1059K(9792K), 0.0056193 secs] 15565K->12674K(31680K), 0.0057997 secs] [Times: user=0.01 sys=0.00, real=0.01 secs] 
2014-07-10T09:58:58.749+0200: 84.893: [GC (CMS Initial Mark) [1 CMS-initial-mark: 11615K(21888K)] 12772K(31680K), 0.0002335 secs] [Times: user=0.00 sys=0.00, real=0.00 secs] 
2014-07-10T09:58:58.749+0200: 84.894: [CMS-concurrent-mark-start]
2014-07-10T09:58:58.750+0200: 84.894: [CMS-concurrent-mark: 0.001/0.001 secs] [Times: user=0.00 sys=0.00, real=0.00 secs] 
2014-07-10T09:58:58.750+0200: 84.895: [CMS-concurrent-preclean-start]
2014-07-10T09:58:58.750+0200: 84.895: [CMS-concurrent-preclean: 0.000/0.000 secs] [Times: user=0.00 sys=0.00, real=0.00 secs] 
2014-07-10T09:58:58.750+0200: 84.895: [CMS-concurrent-abortable-preclean-start]
2014-07-10T09:58:58.753+0200: 84.897: [GC (Allocation Failure) 84.897: [ParNew: 9745K->1059K(9792K), 0.0056930 secs] 21360K->18950K(31680K), 0.0058271 secs] [Times: user=0.00 sys=0.00, real=0.00 secs] 
2014-07-10T09:58:58.796+0200: 84.941: [GC (Allocation Failure) 84.941: [ParNew: 9745K->9745K(9792K), 0.0000997 secs]84.941: [CMS2014-07-10T09:58:58.797+0200: 84.941: [CMS-concurrent-abortable-preclean: 0.001/0.046 secs] [Times: user=0.02 sys=0.00, real=0.05 secs] 
 (concurrent mode failure): 17891K->8313K(21888K), 0.0159163 secs] 27637K->8313K(31680K), [Metaspace: 2457K->2457K(1056768K)], 0.0163885 secs] [Times: user=0.02 sys=0.00, real=0.02 secs] 
2014-07-10T09:58:58.843+0200: 84.988: [GC (Allocation Failure) 84.988: [ParNew: 8696K->106K(9792K), 0.0006867 secs] 17009K->8420K(31680K), 0.0010207 secs] [Times: user=0.00 sys=0.00, real=0.00 secs] 
2014-07-10T09:58:58.849+0200: 84.993: [GC (Allocation Failure) 84.993: [ParNew: 8799K->1061K(9792K), 0.0056739 secs] 17113K->15430K(31680K), 0.0058913 secs] [Times: user=0.02 sys=0.00, real=0.01 secs] 
2014-07-10T09:58:58.855+0200: 85.000: [GC (CMS Initial Mark) [1 CMS-initial-mark: 14368K(21888K)] 15496K(31680K), 0.0002687 secs] [Times: user=0.00 sys=0.00, real=0.00 secs] 
2014-07-10T09:58:58.855+0200: 85.000: [CMS-concurrent-mark-start]
2014-07-10T09:58:58.857+0200: 85.001: [CMS-concurrent-mark: 0.001/0.001 secs] [Times: user=0.00 sys=0.00, real=0.00 secs] 
2014-07-10T09:58:58.857+0200: 85.001: [CMS-concurrent-preclean-start]
2014-07-10T09:58:58.857+0200: 85.001: [CMS-concurrent-preclean: 0.000/0.000 secs] [Times: user=0.00 sys=0.00, real=0.00 secs] 
2014-07-10T09:58:58.857+0200: 85.002: [GC (CMS Final Remark) [YG occupancy: 2670 K (9792 K)]85.002: [Rescan (parallel) , 0.0001543 secs]85.002: [weak refs processing, 0.0000359 secs]85.002: [class unloading, 0.0005452 secs]85.002: [scrub symbol table, 0.0007267 secs]85.003: [scrub string table, 0.0002310 secs][1 CMS-remark: 14368K(21888K)] 17038K(31680K), 0.0018760 secs] [Times: user=0.00 sys=0.00, real=0.00 secs] 
2014-07-10T09:58:58.859+0200: 85.004: [CMS-concurrent-sweep-start]
2014-07-10T09:58:58.860+0200: 85.004: [CMS-concurrent-sweep: 0.000/0.000 secs] [Times: user=0.00 sys=0.00, real=0.00 secs] 
2014-07-10T09:58:58.860+0200: 85.004: [CMS-concurrent-reset-start]
2014-07-10T09:58:58.860+0200: 85.004: [CMS-concurrent-reset: 0.000/0.000 secs] [Times: user=0.00 sys=0.00, real=0.00 secs] 
2014-07-10T09:58:58.893+0200: 85.037: [GC (Allocation Failure) 85.038: [ParNew: 9753K->1061K(9792K), 0.0058935 secs] 16305K->13636K(31680K), 0.0060658 secs] [Times: user=0.00 sys=0.00, real=0.01 secs] 
2014-07-10T09:58:58.899+0200: 85.044: [GC (CMS Initial Mark) [1 CMS-initial-mark: 12575K(21888K)] 13702K(31680K), 0.0002625 secs] [Times: user=0.00 sys=0.00, real=0.00 secs] 
2014-07-10T09:58:58.900+0200: 85.044: [CMS-concurrent-mark-start]
2014-07-10T09:58:58.901+0200: 85.045: [CMS-concurrent-mark: 0.001/0.001 secs] [Times: user=0.00 sys=0.00, real=0.00 secs] 
2014-07-10T09:58:58.901+0200: 85.045: [CMS-concurrent-preclean-start]
2014-07-10T09:58:58.901+0200: 85.045: [CMS-concurrent-preclean: 0.000/0.000 secs] [Times: user=0.00 sys=0.00, real=0.00 secs] 
2014-07-10T09:58:58.901+0200: 85.046: [GC (CMS Final Remark) [YG occupancy: 2184 K (9792 K)]85.046: [Rescan (parallel) , 0.0001467 secs]85.046: [weak refs processing, 0.0000352 secs]85.046: [class unloading, 0.0005661 secs]85.046: [scrub symbol table, 0.0007336 secs]85.047: [scrub string table, 0.0002310 secs][1 CMS-remark: 12575K(21888K)] 14759K(31680K), 0.0018988 secs] [Times: user=0.02 sys=0.00, real=0.00 secs] 
2014-07-10T09:58:58.903+0200: 85.048: [CMS-concurrent-sweep-start]
2014-07-10T09:58:58.904+0200: 85.048: [CMS-concurrent-sweep: 0.000/0.000 secs] [Times: user=0.00 sys=0.00, real=0.00 secs] 
2014-07-10T09:58:58.904+0200: 85.048: [CMS-concurrent-reset-start]
2014-07-10T09:58:58.904+0200: 85.048: [CMS-concurrent-reset: 0.000/0.000 secs] [Times: user=0.00 sys=0.00, real=0.00 secs] 
2014-07-10T09:58:58.945+0200: 85.090: [GC (Allocation Failure) 85.090: [ParNew: 9747K->1059K(9792K), 0.0095099 secs] 16271K->14084K(31680K), 0.0097896 secs] [Times: user=0.03 sys=0.00, real=0.01 secs] 
2014-07-10T09:58:58.955+0200: 85.100: [GC (CMS Initial Mark) [1 CMS-initial-mark: 13024K(21888K)] 14150K(31680K), 0.0004652 secs] [Times: user=0.00 sys=0.00, real=0.00 secs] 
2014-07-10T09:58:58.956+0200: 85.100: [CMS-concurrent-mark-start]
2014-07-10T09:58:58.958+0200: 85.103: [CMS-concurrent-mark: 0.002/0.002 secs] [Times: user=0.00 sys=0.00, real=0.00 secs] 
2014-07-10T09:58:58.958+0200: 85.103: [CMS-concurrent-preclean-start]
2014-07-10T09:58:58.959+0200: 85.103: [CMS-concurrent-preclean: 0.000/0.000 secs] [Times: user=0.00 sys=0.00, real=0.00 secs] 
2014-07-10T09:58:58.959+0200: 85.103: [CMS-concurrent-abortable-preclean-start]
2014-07-10T09:58:58.963+0200: 85.107: [GC (Allocation Failure) 85.108: [ParNew: 9745K->9745K(9792K), 0.0000964 secs]85.108: [CMS2014-07-10T09:58:58.963+0200: 85.108: [CMS-concurrent-abortable-preclean: 0.000/0.004 secs] [Times: user=0.00 sys=0.00, real=0.00 secs] 
 (concurrent mode failure): 13024K->8538K(21888K), 0.0103858 secs] 22770K->8538K(31680K), [Metaspace: 2457K->2457K(1056768K)], 0.0107073 secs] [Times: user=0.02 sys=0.00, real=0.01 secs] 
2014-07-10T09:58:59.041+0200: 85.185: [GC (Allocation Failure) 85.186: [ParNew: 8688K->325K(9792K), 0.0010167 secs] 17226K->8863K(31680K), 0.0011970 secs] [Times: user=0.00 sys=0.00, real=0.00 secs] 
2014-07-10T09:58:59.053+0200: 85.198: [GC (Allocation Failure) 85.198: [ParNew: 9011K->806K(9792K), 0.0015376 secs] 17550K->9345K(31680K), 0.0017910 secs] [Times: user=0.00 sys=0.00, real=0.00 secs] 
2014-07-10T09:58:59.091+0200: 85.236: [GC (Allocation Failure) 85.236: [ParNew: 9498K->259K(9792K), 0.0006079 secs] 18036K->8805K(31680K), 0.0006955 secs] [Times: user=0.00 sys=0.00, real=0.00 secs] 
2014-07-10T09:58:59.141+0200: 85.285: [GC (Allocation Failure) 85.286: [ParNew: 8945K->741K(9792K), 0.0007065 secs] 17491K->9287K(31680K), 0.0007959 secs] [Times: user=0.00 sys=0.00, real=0.00 secs] 
2014-07-10T09:58:59.146+0200: 85.290: [GC (Allocation Failure) 85.290: [ParNew: 9427K->1059K(9792K), 0.0011912 secs] 17973K->9768K(31680K), 0.0013228 secs] [Times: user=0.00 sys=0.00, real=0.00 secs] 
2014-07-10T09:58:59.192+0200: 85.336: [GC (Allocation Failure) 85.336: [ParNew: 9745K->1059K(9792K), 0.0012447 secs] 18454K->10409K(31680K), 0.0013671 secs] [Times: user=0.00 sys=0.00, real=0.00 secs] 
2014-07-10T09:58:59.242+0200: 85.387: [GC (Allocation Failure) 85.387: [ParNew: 9745K->1059K(9792K), 0.0021983 secs] 19095K->11531K(31680K), 0.0024135 secs] [Times: user=0.00 sys=0.01, real=0.00 secs] 
2014-07-10T09:58:59.252+0200: 85.396: [GC (Allocation Failure) 85.396: [ParNew: 9745K->1059K(9792K), 0.0034327 secs] 20217K->13133K(31680K), 0.0036872 secs] [Times: user=0.00 sys=0.00, real=0.00 secs] 
2014-07-10T09:58:59.292+0200: 85.437: [GC (Allocation Failure) 85.437: [ParNew: 9745K->1059K(9792K), 0.0031050 secs] 21819K->15215K(31680K), 0.0032538 secs] [Times: user=0.00 sys=0.00, real=0.00 secs] 
2014-07-10T09:58:59.342+0200: 85.486: [GC (Allocation Failure) 85.486: [ParNew: 9745K->1059K(9792K), 0.0024810 secs] 23901K->17777K(31680K), 0.0026129 secs] [Times: user=0.00 sys=0.00, real=0.00 secs] 
2014-07-10T09:58:59.345+0200: 85.489: [GC (CMS Initial Mark) [1 CMS-initial-mark: 16718K(21888K)] 17809K(31680K), 0.0002728 secs] [Times: user=0.00 sys=0.00, real=0.00 secs] 
2014-07-10T09:58:59.345+0200: 85.489: [CMS-concurrent-mark-start]
2014-07-10T09:58:59.346+0200: 85.490: [CMS-concurrent-mark: 0.001/0.001 secs] [Times: user=0.00 sys=0.00, real=0.00 secs] 
2014-07-10T09:58:59.346+0200: 85.490: [CMS-concurrent-preclean-start]
2014-07-10T09:58:59.346+0200: 85.490: [CMS-concurrent-preclean: 0.000/0.000 secs] [Times: user=0.00 sys=0.00, real=0.00 secs] 
2014-07-10T09:58:59.346+0200: 85.490: [CMS-concurrent-abortable-preclean-start]
2014-07-10T09:58:59.349+0200: 85.493: [GC (Allocation Failure) 85.493: [ParNew: 9745K->1059K(9792K), 0.0032626 secs] 26463K->20820K(31680K), 0.0034177 secs] [Times: user=0.00 sys=0.00, real=0.00 secs] 
2014-07-10T09:58:59.353+0200: 85.498: [CMS-concurrent-abortable-preclean: 0.001/0.007 secs] [Times: user=0.00 sys=0.00, real=0.01 secs] 
2014-07-10T09:58:59.353+0200: 85.498: [GC (CMS Final Remark) [YG occupancy: 3336 K (9792 K)]85.498: [Rescan (parallel) , 0.0001016 secs]85.498: [weak refs processing, 0.0000271 secs]85.498: [class unloading, 0.0005686 secs]85.499: [scrub symbol table, 0.0007369 secs]85.499: [scrub string table, 0.0001947 secs][1 CMS-remark: 19760K(21888K)] 23097K(31680K), 0.0017646 secs] [Times: user=0.02 sys=0.00, real=0.00 secs] 
2014-07-10T09:58:59.355+0200: 85.500: [CMS-concurrent-sweep-start]
2014-07-10T09:58:59.356+0200: 85.500: [CMS-concurrent-sweep: 0.000/0.000 secs] [Times: user=0.00 sys=0.00, real=0.00 secs] 
2014-07-10T09:58:59.356+0200: 85.500: [CMS-concurrent-reset-start]
2014-07-10T09:58:59.356+0200: 85.500: [CMS-concurrent-reset: 0.000/0.000 secs] [Times: user=0.00 sys=0.00, real=0.00 secs] 
2014-07-10T09:58:59.393+0200: 85.537: [GC (Allocation Failure) 85.537: [ParNew: 9755K->1059K(9792K), 0.0022298 secs] 15864K->9155K(31680K), 0.0023552 secs] [Times: user=0.00 sys=0.00, real=0.00 secs] 
2014-07-10T09:58:59.442+0200: 85.587: [GC (Allocation Failure) 85.587: [ParNew: 9745K->1059K(9792K), 0.0025638 secs] 17841K->11622K(31680K), 0.0027156 secs] [Times: user=0.00 sys=0.00, real=0.00 secs] 
2014-07-10T09:58:59.449+0200: 85.594: [GC (Allocation Failure) 85.594: [ParNew: 9745K->1059K(9792K), 0.0031313 secs] 20308K->14569K(31680K), 0.0032659 secs] [Times: user=0.00 sys=0.00, real=0.00 secs] 
2014-07-10T09:58:59.492+0200: 85.637: [GC (Allocation Failure) 85.637: [ParNew: 9745K->1059K(9792K), 0.0045161 secs] 23255K->17995K(31680K), 0.0046448 secs] [Times: user=0.03 sys=0.00, real=0.00 secs] 
2014-07-10T09:58:59.497+0200: 85.641: [GC (CMS Initial Mark) [1 CMS-initial-mark: 16936K(21888K)] 18061K(31680K), 0.0002643 secs] [Times: user=0.00 sys=0.00, real=0.00 secs] 
2014-07-10T09:58:59.497+0200: 85.642: [CMS-concurrent-mark-start]
2014-07-10T09:58:59.498+0200: 85.643: [CMS-concurrent-mark: 0.001/0.001 secs] [Times: user=0.00 sys=0.00, real=0.00 secs] 
2014-07-10T09:58:59.498+0200: 85.643: [CMS-concurrent-preclean-start]
2014-07-10T09:58:59.498+0200: 85.643: [CMS-concurrent-preclean: 0.000/0.000 secs] [Times: user=0.00 sys=0.00, real=0.00 secs] 
2014-07-10T09:58:59.498+0200: 85.643: [CMS-concurrent-abortable-preclean-start]
2014-07-10T09:58:59.542+0200: 85.687: [GC (Allocation Failure) 85.687: [ParNew: 9745K->1059K(9792K), 0.0039977 secs] 26682K->21902K(31680K), 0.0041619 secs] [Times: user=0.00 sys=0.00, real=0.00 secs] 
2014-07-10T09:58:59.547+0200: 85.691: [CMS-concurrent-abortable-preclean: 0.000/0.048 secs] [Times: user=0.01 sys=0.00, real=0.05 secs] 
2014-07-10T09:58:59.547+0200: 85.691: [GC (CMS Final Remark) [YG occupancy: 1221 K (9792 K)]85.691: [Rescan (parallel) , 0.0001437 secs]85.691: [weak refs processing, 0.0000260 secs]85.692: [class unloading, 0.0004422 secs]85.692: [scrub symbol table, 0.0005620 secs]85.693: [scrub string table, 0.0001620 secs][1 CMS-remark: 20843K(21888K)] 22064K(31680K), 0.0014460 secs] [Times: user=0.00 sys=0.00, real=0.00 secs] 
2014-07-10T09:58:59.548+0200: 85.693: [CMS-concurrent-sweep-start]
2014-07-10T09:58:59.549+0200: 85.693: [CMS-concurrent-sweep: 0.000/0.000 secs] [Times: user=0.00 sys=0.00, real=0.00 secs] 
2014-07-10T09:58:59.549+0200: 85.693: [CMS-concurrent-reset-start]
2014-07-10T09:58:59.549+0200: 85.693: [CMS-concurrent-reset: 0.000/0.000 secs] [Times: user=0.00 sys=0.00, real=0.00 secs] 
2014-07-10T09:58:59.551+0200: 85.696: [GC (Allocation Failure) 85.696: [ParNew: 9745K->1059K(9792K), 0.0043984 secs] 17584K->13285K(31680K), 0.0045337 secs] [Times: user=0.00 sys=0.00, real=0.00 secs] 
2014-07-10T09:58:59.556+0200: 85.701: [GC (CMS Initial Mark) [1 CMS-initial-mark: 12225K(21888K)] 13351K(31680K), 0.0001712 secs] [Times: user=0.00 sys=0.00, real=0.00 secs] 
2014-07-10T09:58:59.556+0200: 85.701: [CMS-concurrent-mark-start]
2014-07-10T09:58:59.557+0200: 85.702: [CMS-concurrent-mark: 0.001/0.001 secs] [Times: user=0.03 sys=0.00, real=0.00 secs] 
2014-07-10T09:58:59.557+0200: 85.702: [CMS-concurrent-preclean-start]
2014-07-10T09:58:59.557+0200: 85.702: [CMS-concurrent-preclean: 0.000/0.000 secs] [Times: user=0.00 sys=0.00, real=0.00 secs] 
2014-07-10T09:58:59.557+0200: 85.702: [CMS-concurrent-abortable-preclean-start]
2014-07-10T09:58:59.593+0200: 85.737: [GC (Allocation Failure) 85.737: [ParNew: 9745K->1059K(9792K), 0.0042232 secs] 21971K->18152K(31680K), 0.0044098 secs] [Times: user=0.00 sys=0.00, real=0.00 secs] 
2014-07-10T09:58:59.643+0200: 85.788: [GC (Allocation Failure) 85.788: [ParNew: 9757K->9757K(9792K), 0.0000997 secs]85.788: [CMS2014-07-10T09:58:59.644+0200: 85.788: [CMS-concurrent-abortable-preclean: 0.001/0.086 secs] [Times: user=0.00 sys=0.00, real=0.09 secs] 
 (concurrent mode failure): 17093K->5369K(21888K), 0.0132762 secs] 26850K->5369K(31680K), [Metaspace: 2457K->2457K(1056768K)], 0.0137327 secs] [Times: user=0.01 sys=0.00, real=0.01 secs] 
2014-07-10T09:58:59.661+0200: 85.806: [GC (Allocation Failure) 85.806: [ParNew: 8686K->1059K(9792K), 0.0046246 secs] 14055K->10723K(31680K), 0.0048032 secs] [Times: user=0.00 sys=0.00, real=0.00 secs] 
2014-07-10T09:58:59.666+0200: 85.811: [GC (CMS Initial Mark) [1 CMS-initial-mark: 9663K(21888K)] 10789K(31680K), 0.0002416 secs] [Times: user=0.00 sys=0.00, real=0.00 secs] 
2014-07-10T09:58:59.667+0200: 85.811: [CMS-concurrent-mark-start]
2014-07-10T09:58:59.668+0200: 85.812: [CMS-concurrent-mark: 0.001/0.001 secs] [Times: user=0.00 sys=0.00, real=0.00 secs] 
2014-07-10T09:58:59.668+0200: 85.812: [CMS-concurrent-preclean-start]
2014-07-10T09:58:59.668+0200: 85.812: [CMS-concurrent-preclean: 0.000/0.000 secs] [Times: user=0.00 sys=0.00, real=0.00 secs] 
2014-07-10T09:58:59.668+0200: 85.813: [CMS-concurrent-abortable-preclean-start]
2014-07-10T09:58:59.693+0200: 85.837: [GC (Allocation Failure) 85.837: [ParNew: 9745K->1059K(9792K), 0.0048574 secs] 19409K->15494K(31680K), 0.0050162 secs] [Times: user=0.01 sys=0.00, real=0.00 secs] 
2014-07-10T09:58:59.742+0200: 85.887: [GC (Allocation Failure) 85.887: [ParNew: 9745K->1059K(9792K), 0.0048791 secs] 24181K->20746K(31680K), 0.0050195 secs] [Times: user=0.03 sys=0.00, real=0.00 secs] 
2014-07-10T09:58:59.749+0200: 85.893: [CMS-concurrent-abortable-preclean: 0.002/0.081 secs] [Times: user=0.05 sys=0.00, real=0.08 secs] 
2014-07-10T09:58:59.749+0200: 85.893: [GC (CMS Final Remark) [YG occupancy: 4809 K (9792 K)]85.893: [Rescan (parallel) , 0.0001236 secs]85.893: [weak refs processing, 0.0000275 secs]85.893: [class unloading, 0.0005562 secs]85.894: [scrub symbol table, 0.0005741 secs]85.895: [scrub string table, 0.0001895 secs][1 CMS-remark: 19686K(21888K)] 24496K(31680K), 0.0015875 secs] [Times: user=0.00 sys=0.00, real=0.00 secs] 
2014-07-10T09:58:59.750+0200: 85.895: [CMS-concurrent-sweep-start]
2014-07-10T09:58:59.751+0200: 85.895: [CMS-concurrent-sweep: 0.000/0.000 secs] [Times: user=0.00 sys=0.00, real=0.00 secs] 
2014-07-10T09:58:59.751+0200: 85.895: [CMS-concurrent-reset-start]
2014-07-10T09:58:59.751+0200: 85.896: [CMS-concurrent-reset: 0.000/0.000 secs] [Times: user=0.00 sys=0.00, real=0.00 secs] 
2014-07-10T09:58:59.752+0200: 85.897: [GC (Allocation Failure) 85.897: [ParNew: 9745K->1059K(9792K), 0.0049520 secs] 24565K->21610K(31680K), 0.0050521 secs] [Times: user=0.00 sys=0.00, real=0.00 secs] 
2014-07-10T09:58:59.758+0200: 85.902: [GC (CMS Initial Mark) [1 CMS-initial-mark: 20551K(21888K)] 21676K(31680K), 0.0001888 secs] [Times: user=0.00 sys=0.00, real=0.00 secs] 
2014-07-10T09:58:59.758+0200: 85.902: [CMS-concurrent-mark-start]
2014-07-10T09:58:59.759+0200: 85.903: [CMS-concurrent-mark: 0.001/0.001 secs] [Times: user=0.00 sys=0.00, real=0.00 secs] 
2014-07-10T09:58:59.759+0200: 85.903: [CMS-concurrent-preclean-start]
2014-07-10T09:58:59.759+0200: 85.903: [CMS-concurrent-preclean: 0.000/0.000 secs] [Times: user=0.00 sys=0.00, real=0.00 secs] 
2014-07-10T09:58:59.759+0200: 85.903: [GC (CMS Final Remark) [YG occupancy: 2470 K (9792 K)]85.903: [Rescan (parallel) , 0.0000920 secs]85.903: [weak refs processing, 0.0000257 secs]85.903: [class unloading, 0.0004279 secs]85.904: [scrub symbol table, 0.0005536 secs]85.905: [scrub string table, 0.0001657 secs][1 CMS-remark: 20551K(21888K)] 23021K(31680K), 0.0015002 secs] [Times: user=0.00 sys=0.00, real=0.00 secs] 
2014-07-10T09:58:59.760+0200: 85.905: [CMS-concurrent-sweep-start]
2014-07-10T09:58:59.761+0200: 85.905: [CMS-concurrent-sweep: 0.000/0.000 secs] [Times: user=0.00 sys=0.00, real=0.00 secs] 
2014-07-10T09:58:59.761+0200: 85.905: [CMS-concurrent-reset-start]
2014-07-10T09:58:59.761+0200: 85.905: [CMS-concurrent-reset: 0.000/0.000 secs] [Times: user=0.00 sys=0.00, real=0.00 secs] 
2014-07-10T09:58:59.793+0200: 85.938: [GC (Allocation Failure) 85.938: [ParNew: 9745K->1059K(9792K), 0.0054594 secs] 15982K->13508K(31680K), 0.0056042 secs] [Times: user=0.00 sys=0.00, real=0.01 secs] 
2014-07-10T09:58:59.799+0200: 85.943: [GC (CMS Initial Mark) [1 CMS-initial-mark: 12449K(21888K)] 13574K(31680K), 0.0002137 secs] [Times: user=0.00 sys=0.00, real=0.00 secs] 
2014-07-10T09:58:59.799+0200: 85.944: [CMS-concurrent-mark-start]
2014-07-10T09:58:59.800+0200: 85.944: [CMS-concurrent-mark: 0.001/0.001 secs] [Times: user=0.00 sys=0.00, real=0.00 secs] 
2014-07-10T09:58:59.800+0200: 85.944: [CMS-concurrent-preclean-start]
2014-07-10T09:58:59.800+0200: 85.944: [CMS-concurrent-preclean: 0.000/0.000 secs] [Times: user=0.00 sys=0.00, real=0.00 secs] 
2014-07-10T09:58:59.800+0200: 85.945: [GC (CMS Final Remark) [YG occupancy: 1989 K (9792 K)]85.945: [Rescan (parallel) , 0.0000946 secs]85.945: [weak refs processing, 0.0000253 secs]85.945: [class unloading, 0.0004297 secs]85.945: [scrub symbol table, 0.0005466 secs]85.946: [scrub string table, 0.0001635 secs][1 CMS-remark: 12449K(21888K)] 14439K(31680K), 0.0013657 secs] [Times: user=0.00 sys=0.00, real=0.00 secs] 
2014-07-10T09:58:59.802+0200: 85.946: [CMS-concurrent-sweep-start]
2014-07-10T09:58:59.802+0200: 85.946: [CMS-concurrent-sweep: 0.000/0.000 secs] [Times: user=0.00 sys=0.00, real=0.00 secs] 
2014-07-10T09:58:59.802+0200: 85.946: [CMS-concurrent-reset-start]
2014-07-10T09:58:59.802+0200: 85.946: [CMS-concurrent-reset: 0.000/0.000 secs] [Times: user=0.00 sys=0.00, real=0.00 secs] 
2014-07-10T09:58:59.846+0200: 85.991: [GC (Allocation Failure) 85.991: [ParNew: 9745K->1059K(9792K), 0.0094435 secs] 16463K->14469K(31680K), 0.0097266 secs] [Times: user=0.03 sys=0.00, real=0.01 secs] 
2014-07-10T09:58:59.857+0200: 86.001: [GC (CMS Initial Mark) [1 CMS-initial-mark: 13409K(21888K)] 14599K(31680K), 0.0004106 secs] [Times: user=0.00 sys=0.00, real=0.00 secs] 
2014-07-10T09:58:59.857+0200: 86.002: [CMS-concurrent-mark-start]
2014-07-10T09:58:59.860+0200: 86.004: [CMS-concurrent-mark: 0.002/0.002 secs] [Times: user=0.00 sys=0.00, real=0.00 secs] 
2014-07-10T09:58:59.860+0200: 86.004: [CMS-concurrent-preclean-start]
2014-07-10T09:58:59.860+0200: 86.005: [CMS-concurrent-preclean: 0.000/0.000 secs] [Times: user=0.00 sys=0.00, real=0.00 secs] 
2014-07-10T09:58:59.860+0200: 86.005: [CMS-concurrent-abortable-preclean-start]
2014-07-10T09:58:59.864+0200: 86.009: [GC (Allocation Failure) 86.009: [ParNew: 9755K->44K(9792K), 0.0010174 secs] 23165K->13455K(31680K), 0.0011871 secs] [Times: user=0.00 sys=0.00, real=0.00 secs] 
2014-07-10T09:58:59.893+0200: 86.038: [GC (Allocation Failure) 86.038: [ParNew: 8737K->8737K(9792K), 0.0000594 secs]86.038: [CMS2014-07-10T09:58:59.893+0200: 86.038: [CMS-concurrent-abortable-preclean: 0.001/0.033 secs] [Times: user=0.00 sys=0.00, real=0.03 secs] 
 (concurrent mode failure): 13410K->7547K(21888K), 0.0091172 secs] 22148K->7547K(31680K), [Metaspace: 2457K->2457K(1056768K)], 0.0093728 secs] [Times: user=0.01 sys=0.00, real=0.01 secs] 
2014-07-10T09:58:59.945+0200: 86.090: [GC (Allocation Failure) 86.090: [ParNew: 8686K->1059K(9792K), 0.0094593 secs] 16233K->15078K(31680K), 0.0097654 secs] [Times: user=0.03 sys=0.00, real=0.01 secs] 
2014-07-10T09:58:59.956+0200: 86.100: [GC (CMS Initial Mark) [1 CMS-initial-mark: 14018K(21888K)] 15144K(31680K), 0.0003787 secs] [Times: user=0.00 sys=0.00, real=0.00 secs] 
2014-07-10T09:58:59.956+0200: 86.101: [CMS-concurrent-mark-start]
2014-07-10T09:58:59.958+0200: 86.103: [CMS-concurrent-mark: 0.002/0.002 secs] [Times: user=0.00 sys=0.00, real=0.00 secs] 
2014-07-10T09:58:59.958+0200: 86.103: [CMS-concurrent-preclean-start]
2014-07-10T09:58:59.958+0200: 86.103: [CMS-concurrent-preclean: 0.000/0.000 secs] [Times: user=0.00 sys=0.00, real=0.00 secs] 
2014-07-10T09:58:59.958+0200: 86.103: [CMS-concurrent-abortable-preclean-start]
2014-07-10T09:58:59.961+0200: 86.105: [GC (Allocation Failure) 86.105: [ParNew: 9745K->9745K(9792K), 0.0000565 secs]86.105: [CMS2014-07-10T09:58:59.961+0200: 86.105: [CMS-concurrent-abortable-preclean: 0.000/0.003 secs] [Times: user=0.00 sys=0.00, real=0.00 secs] 
 (concurrent mode failure): 14018K->8507K(21888K), 0.0090113 secs] 23764K->8507K(31680K), [Metaspace: 2457K->2457K(1056768K)], 0.0092441 secs] [Times: user=0.01 sys=0.00, real=0.01 secs] 
2014-07-10T09:59:00.042+0200: 86.187: [GC (Allocation Failure) 86.187: [ParNew: 8688K->293K(9792K), 0.0010321 secs] 17196K->8800K(31680K), 0.0012117 secs] [Times: user=0.00 sys=0.00, real=0.00 secs] 
2014-07-10T09:59:00.050+0200: 86.195: [GC (Allocation Failure) 86.195: [ParNew: 8979K->774K(9792K), 0.0016399 secs] 17487K->9282K(31680K), 0.0018375 secs] [Times: user=0.00 sys=0.00, real=0.00 secs] 
2014-07-10T09:59:00.091+0200: 86.236: [GC (Allocation Failure) 86.236: [ParNew: 9460K->1059K(9792K), 0.0011538 secs] 17968K->9766K(31680K), 0.0012737 secs] [Times: user=0.00 sys=0.00, real=0.00 secs] 
2014-07-10T09:59:00.141+0200: 86.286: [GC (Allocation Failure) 86.286: [ParNew: 9751K->709K(9792K), 0.0007461 secs] 18458K->9417K(31680K), 0.0008553 secs] [Times: user=0.00 sys=0.00, real=0.00 secs] 
2014-07-10T09:59:00.146+0200: 86.291: [GC (Allocation Failure) 86.291: [ParNew: 9395K->1059K(9792K), 0.0011772 secs] 18103K->9897K(31680K), 0.0012887 secs] [Times: user=0.00 sys=0.00, real=0.00 secs] 
2014-07-10T09:59:00.191+0200: 86.336: [GC (Allocation Failure) 86.336: [ParNew: 9745K->1059K(9792K), 0.0008377 secs] 18583K->10506K(31680K), 0.0009092 secs] [Times: user=0.00 sys=0.00, real=0.00 secs] 
2014-07-10T09:59:00.242+0200: 86.386: [GC (Allocation Failure) 86.386: [ParNew: 9745K->1059K(9792K), 0.0022749 secs] 19193K->11596K(31680K), 0.0024696 secs] [Times: user=0.03 sys=0.00, real=0.00 secs] 
2014-07-10T09:59:00.252+0200: 86.396: [GC (Allocation Failure) 86.396: [ParNew: 9745K->1059K(9792K), 0.0033238 secs] 20282K->13166K(31680K), 0.0035343 secs] [Times: user=0.00 sys=0.00, real=0.00 secs] 
2014-07-10T09:59:00.292+0200: 86.437: [GC (Allocation Failure) 86.437: [ParNew: 9745K->1059K(9792K), 0.0027702 secs] 21852K->15216K(31680K), 0.0029172 secs] [Times: user=0.00 sys=0.00, real=0.00 secs] 
2014-07-10T09:59:00.342+0200: 86.486: [GC (Allocation Failure) 86.486: [ParNew: 9745K->1059K(9792K), 0.0032428 secs] 23902K->17746K(31680K), 0.0035368 secs] [Times: user=0.00 sys=0.00, real=0.00 secs] 
2014-07-10T09:59:00.350+0200: 86.494: [GC (Allocation Failure) 86.494: [ParNew: 9757K->1059K(9792K), 0.0025422 secs] 26444K->19220K(31680K), 0.0026841 secs] [Times: user=0.00 sys=0.00, real=0.00 secs] 
2014-07-10T09:59:00.355+0200: 86.500: [GC (CMS Initial Mark) [1 CMS-initial-mark: 18160K(21888K)] 25411K(31680K), 0.0003402 secs] [Times: user=0.00 sys=0.00, real=0.00 secs] 
2014-07-10T09:59:00.356+0200: 86.500: [CMS-concurrent-mark-start]
2014-07-10T09:59:00.357+0200: 86.501: [CMS-concurrent-mark: 0.001/0.001 secs] [Times: user=0.00 sys=0.00, real=0.00 secs] 
2014-07-10T09:59:00.357+0200: 86.501: [CMS-concurrent-preclean-start]
2014-07-10T09:59:00.357+0200: 86.501: [CMS-concurrent-preclean: 0.000/0.000 secs] [Times: user=0.00 sys=0.00, real=0.00 secs] 
2014-07-10T09:59:00.357+0200: 86.501: [CMS-concurrent-abortable-preclean-start]
2014-07-10T09:59:00.392+0200: 86.536: [GC (Allocation Failure) 86.536: [ParNew: 9751K->1059K(9792K), 0.0015453 secs] 27912K->20663K(31680K), 0.0016637 secs] [Times: user=0.00 sys=0.00, real=0.00 secs] 
2014-07-10T09:59:00.442+0200: 86.586: [GC (Allocation Failure) 86.587: [ParNew: 9745K->9745K(9792K), 0.0000770 secs]86.587: [CMS2014-07-10T09:59:00.442+0200: 86.587: [CMS-concurrent-abortable-preclean: 0.000/0.085 secs] [Times: user=0.00 sys=0.00, real=0.08 secs] 
 (concurrent mode failure): 19603K->3481K(21888K), 0.0051207 secs] 29349K->3481K(31680K), [Metaspace: 2457K->2457K(1056768K)], 0.0053381 secs] [Times: user=0.01 sys=0.00, real=0.01 secs] 
2014-07-10T09:59:00.452+0200: 86.596: [GC (Allocation Failure) 86.596: [ParNew: 8686K->1059K(9792K), 0.0025818 secs] 12168K->6946K(31680K), 0.0027200 secs] [Times: user=0.00 sys=0.00, real=0.00 secs] 
2014-07-10T09:59:00.492+0200: 86.636: [GC (Allocation Failure) 86.636: [ParNew: 9745K->1059K(9792K), 0.0053546 secs] 15632K->9829K(31680K), 0.0054803 secs] [Times: user=0.02 sys=0.00, real=0.00 secs] 
2014-07-10T09:59:00.542+0200: 86.687: [GC (Allocation Failure) 86.687: [ParNew: 9745K->1059K(9792K), 0.0044079 secs] 18515K->13191K(31680K), 0.0045542 secs] [Times: user=0.00 sys=0.00, real=0.00 secs] 
2014-07-10T09:59:00.551+0200: 86.695: [GC (Allocation Failure) 86.695: [ParNew: 9745K->1059K(9792K), 0.0035519 secs] 21878K->17034K(31680K), 0.0036908 secs] [Times: user=0.00 sys=0.00, real=0.00 secs] 
2014-07-10T09:59:00.554+0200: 86.699: [GC (CMS Initial Mark) [1 CMS-initial-mark: 15975K(21888K)] 17100K(31680K), 0.0001866 secs] [Times: user=0.00 sys=0.00, real=0.00 secs] 
2014-07-10T09:59:00.555+0200: 86.699: [CMS-concurrent-mark-start]
2014-07-10T09:59:00.556+0200: 86.700: [CMS-concurrent-mark: 0.001/0.001 secs] [Times: user=0.03 sys=0.00, real=0.00 secs] 
2014-07-10T09:59:00.556+0200: 86.700: [CMS-concurrent-preclean-start]
2014-07-10T09:59:00.556+0200: 86.700: [CMS-concurrent-preclean: 0.000/0.000 secs] [Times: user=0.00 sys=0.00, real=0.00 secs] 
2014-07-10T09:59:00.556+0200: 86.700: [CMS-concurrent-abortable-preclean-start]
2014-07-10T09:59:00.600+0200: 86.744: [GC (Allocation Failure) 86.745: [ParNew: 9751K->1059K(9792K), 0.0059353 secs] 25726K->20333K(31680K), 0.0062154 secs] [Times: user=0.02 sys=0.00, real=0.01 secs] 
2014-07-10T09:59:00.642+0200: 86.787: [GC (Allocation Failure) 86.787: [ParNew: 9745K->9745K(9792K), 0.0000491 secs]86.787: [CMS2014-07-10T09:59:00.642+0200: 86.787: [CMS-concurrent-abortable-preclean: 0.002/0.087 secs] [Times: user=0.02 sys=0.00, real=0.09 secs] 
 (concurrent mode failure): 19274K->5338K(21888K), 0.0080001 secs] 29019K->5338K(31680K), [Metaspace: 2457K->2457K(1056768K)], 0.0082216 secs] [Times: user=0.02 sys=0.00, real=0.01 secs] 
2014-07-10T09:59:00.654+0200: 86.799: [GC (Allocation Failure) 86.799: [ParNew: 8686K->1059K(9792K), 0.0039189 secs] 14025K->10660K(31680K), 0.0041297 secs] [Times: user=0.00 sys=0.00, real=0.00 secs] 
2014-07-10T09:59:00.692+0200: 86.837: [GC (Allocation Failure) 86.837: [ParNew: 9745K->1059K(9792K), 0.0046569 secs] 19346K->15399K(31680K), 0.0048057 secs] [Times: user=0.02 sys=0.00, real=0.01 secs] 
2014-07-10T09:59:00.697+0200: 86.842: [GC (CMS Initial Mark) [1 CMS-initial-mark: 14340K(21888K)] 15465K(31680K), 0.0001708 secs] [Times: user=0.00 sys=0.00, real=0.00 secs] 
2014-07-10T09:59:00.697+0200: 86.842: [CMS-concurrent-mark-start]
2014-07-10T09:59:00.698+0200: 86.843: [CMS-concurrent-mark: 0.001/0.001 secs] [Times: user=0.00 sys=0.00, real=0.00 secs] 
2014-07-10T09:59:00.698+0200: 86.843: [CMS-concurrent-preclean-start]
2014-07-10T09:59:00.698+0200: 86.843: [CMS-concurrent-preclean: 0.000/0.000 secs] [Times: user=0.00 sys=0.00, real=0.00 secs] 
2014-07-10T09:59:00.698+0200: 86.843: [CMS-concurrent-abortable-preclean-start]
2014-07-10T09:59:00.745+0200: 86.889: [GC (Allocation Failure) 86.890: [ParNew: 9745K->1059K(9792K), 0.0077527 secs] 24086K->20619K(31680K), 0.0079891 secs] [Times: user=0.00 sys=0.00, real=0.01 secs] 
2014-07-10T09:59:00.755+0200: 86.900: [CMS-concurrent-abortable-preclean: 0.001/0.057 secs] [Times: user=0.02 sys=0.00, real=0.06 secs] 
2014-07-10T09:59:00.756+0200: 86.900: [GC (CMS Final Remark) [YG occupancy: 4681 K (9792 K)]86.900: [Rescan (parallel) , 0.0002911 secs]86.901: [weak refs processing, 0.0000645 secs]86.901: [class unloading, 0.0011420 secs]86.902: [scrub symbol table, 0.0012825 secs]86.903: [scrub string table, 0.0004444 secs][1 CMS-remark: 19560K(21888K)] 24241K(31680K), 0.0035761 secs] [Times: user=0.01 sys=0.00, real=0.00 secs] 
2014-07-10T09:59:00.760+0200: 86.904: [CMS-concurrent-sweep-start]
2014-07-10T09:59:00.761+0200: 86.905: [CMS-concurrent-sweep: 0.001/0.001 secs] [Times: user=0.00 sys=0.00, real=0.00 secs] 
2014-07-10T09:59:00.761+0200: 86.905: [CMS-concurrent-reset-start]
2014-07-10T09:59:00.761+0200: 86.906: [CMS-concurrent-reset: 0.000/0.000 secs] [Times: user=0.00 sys=0.00, real=0.00 secs] 
2014-07-10T09:59:00.763+0200: 86.908: [GC (Allocation Failure) 86.908: [ParNew: 9745K->1059K(9792K), 0.0065820 secs] 20211K->17224K(31680K), 0.0067796 secs] [Times: user=0.00 sys=0.00, real=0.01 secs] 
2014-07-10T09:59:00.771+0200: 86.915: [GC (CMS Initial Mark) [1 CMS-initial-mark: 16165K(21888K)] 17514K(31680K), 0.0002321 secs] [Times: user=0.00 sys=0.00, real=0.00 secs] 
2014-07-10T09:59:00.771+0200: 86.915: [CMS-concurrent-mark-start]
2014-07-10T09:59:00.772+0200: 86.916: [CMS-concurrent-mark: 0.001/0.001 secs] [Times: user=0.00 sys=0.00, real=0.00 secs] 
2014-07-10T09:59:00.772+0200: 86.916: [CMS-concurrent-preclean-start]
2014-07-10T09:59:00.772+0200: 86.916: [CMS-concurrent-preclean: 0.000/0.000 secs] [Times: user=0.00 sys=0.00, real=0.00 secs] 
2014-07-10T09:59:00.772+0200: 86.917: [GC (CMS Final Remark) [YG occupancy: 2502 K (9792 K)]86.917: [Rescan (parallel) , 0.0001173 secs]86.917: [weak refs processing, 0.0000290 secs]86.917: [class unloading, 0.0004671 secs]86.917: [scrub symbol table, 0.0006097 secs]86.918: [scrub string table, 0.0002438 secs][1 CMS-remark: 16165K(21888K)] 18667K(31680K), 0.0016139 secs] [Times: user=0.02 sys=0.00, real=0.00 secs] 
2014-07-10T09:59:00.774+0200: 86.918: [CMS-concurrent-sweep-start]
2014-07-10T09:59:00.774+0200: 86.919: [CMS-concurrent-sweep: 0.000/0.000 secs] [Times: user=0.00 sys=0.00, real=0.00 secs] 
2014-07-10T09:59:00.774+0200: 86.919: [CMS-concurrent-reset-start]
2014-07-10T09:59:00.774+0200: 86.919: [CMS-concurrent-reset: 0.000/0.000 secs] [Times: user=0.00 sys=0.00, real=0.00 secs] 
2014-07-10T09:59:00.793+0200: 86.938: [GC (Allocation Failure) 86.938: [ParNew: 9745K->1059K(9792K), 0.0057304 secs] 15950K->13444K(31680K), 0.0058818 secs] [Times: user=0.00 sys=0.00, real=0.01 secs] 
2014-07-10T09:59:00.799+0200: 86.944: [GC (CMS Initial Mark) [1 CMS-initial-mark: 12385K(21888K)] 13542K(31680K), 0.0002354 secs] [Times: user=0.00 sys=0.00, real=0.00 secs] 
2014-07-10T09:59:00.799+0200: 86.944: [CMS-concurrent-mark-start]
2014-07-10T09:59:00.800+0200: 86.945: [CMS-concurrent-mark: 0.001/0.001 secs] [Times: user=0.00 sys=0.00, real=0.00 secs] 
2014-07-10T09:59:00.800+0200: 86.945: [CMS-concurrent-preclean-start]
2014-07-10T09:59:00.800+0200: 86.945: [CMS-concurrent-preclean: 0.000/0.000 secs] [Times: user=0.00 sys=0.00, real=0.00 secs] 
2014-07-10T09:59:00.801+0200: 86.945: [GC (CMS Final Remark) [YG occupancy: 2022 K (9792 K)]86.945: [Rescan (parallel) , 0.0000957 secs]86.945: [weak refs processing, 0.0000293 secs]86.945: [class unloading, 0.0004594 secs]86.946: [scrub symbol table, 0.0006324 secs]86.946: [scrub string table, 0.0001844 secs][1 CMS-remark: 12385K(21888K)] 14407K(31680K), 0.0015461 secs] [Times: user=0.00 sys=0.00, real=0.00 secs] 
2014-07-10T09:59:00.802+0200: 86.947: [CMS-concurrent-sweep-start]
2014-07-10T09:59:00.802+0200: 86.947: [CMS-concurrent-sweep: 0.000/0.000 secs] [Times: user=0.00 sys=0.00, real=0.00 secs] 
2014-07-10T09:59:00.802+0200: 86.947: [CMS-concurrent-reset-start]
2014-07-10T09:59:00.803+0200: 86.947: [CMS-concurrent-reset: 0.000/0.000 secs] [Times: user=0.00 sys=0.00, real=0.00 secs] 
2014-07-10T09:59:00.843+0200: 86.988: [GC (Allocation Failure) 86.988: [ParNew: 9745K->1059K(9792K), 0.0059705 secs] 16431K->14405K(31680K), 0.0061644 secs] [Times: user=0.00 sys=0.00, real=0.01 secs] 
2014-07-10T09:59:00.850+0200: 86.994: [GC (CMS Initial Mark) [1 CMS-initial-mark: 13345K(21888K)] 14437K(31680K), 0.0002156 secs] [Times: user=0.00 sys=0.00, real=0.00 secs] 
2014-07-10T09:59:00.850+0200: 86.995: [CMS-concurrent-mark-start]
2014-07-10T09:59:00.851+0200: 86.996: [CMS-concurrent-mark: 0.001/0.001 secs] [Times: user=0.00 sys=0.00, real=0.00 secs] 
2014-07-10T09:59:00.851+0200: 86.996: [CMS-concurrent-preclean-start]
2014-07-10T09:59:00.851+0200: 86.996: [CMS-concurrent-preclean: 0.000/0.000 secs] [Times: user=0.00 sys=0.00, real=0.00 secs] 
2014-07-10T09:59:00.851+0200: 86.996: [CMS-concurrent-abortable-preclean-start]
2014-07-10T09:59:00.854+0200: 86.999: [GC (Allocation Failure) 86.999: [ParNew: 9763K->20K(9792K), 0.0005745 secs] 23108K->13367K(31680K), 0.0006764 secs] [Times: user=0.00 sys=0.00, real=0.00 secs] 
2014-07-10T09:59:00.896+0200: 87.041: [GC (Allocation Failure) 87.041: [ParNew: 8704K->1062K(9792K), 0.0085585 secs] 22051K->20364K(31680K), 0.0088331 secs] [Times: user=0.03 sys=0.00, real=0.01 secs] 
2014-07-10T09:59:00.943+0200: 87.088: [GC (Allocation Failure) 87.088: [ParNew: 9748K->9748K(9792K), 0.0000579 secs]87.088: [CMS2014-07-10T09:59:00.943+0200: 87.088: [CMS-concurrent-abortable-preclean: 0.002/0.092 secs] [Times: user=0.06 sys=0.00, real=0.09 secs] 
 (concurrent mode failure): 19301K->7996K(21888K), 0.0093512 secs] 29050K->7996K(31680K), [Metaspace: 2457K->2457K(1056768K)], 0.0095997 secs] [Times: user=0.02 sys=0.00, real=0.01 secs] 
2014-07-10T09:59:00.957+0200: 87.101: [GC (Allocation Failure) 87.101: [ParNew: 8686K->1059K(9792K), 0.0066334 secs] 16682K->15975K(31680K), 0.0068082 secs] [Times: user=0.03 sys=0.00, real=0.01 secs] 
2014-07-10T09:59:00.964+0200: 87.108: [GC (CMS Initial Mark) [1 CMS-initial-mark: 14916K(21888K)] 16073K(31680K), 0.0002676 secs] [Times: user=0.00 sys=0.00, real=0.00 secs] 
2014-07-10T09:59:00.964+0200: 87.109: [CMS-concurrent-mark-start]
2014-07-10T09:59:00.965+0200: 87.110: [CMS-concurrent-mark: 0.001/0.001 secs] [Times: user=0.00 sys=0.00, real=0.00 secs] 
2014-07-10T09:59:00.965+0200: 87.110: [CMS-concurrent-preclean-start]
2014-07-10T09:59:00.965+0200: 87.110: [CMS-concurrent-preclean: 0.000/0.000 secs] [Times: user=0.00 sys=0.00, real=0.00 secs] 
2014-07-10T09:59:00.965+0200: 87.110: [GC (CMS Final Remark) [YG occupancy: 1285 K (9792 K)]87.110: [Rescan (parallel) , 0.0001635 secs]87.110: [weak refs processing, 0.0000352 secs]87.110: [class unloading, 0.0005173 secs]87.111: [scrub symbol table, 0.0007230 secs]87.111: [scrub string table, 0.0002299 secs][1 CMS-remark: 14916K(21888K)] 16201K(31680K), 0.0018482 secs] [Times: user=0.00 sys=0.00, real=0.00 secs] 
2014-07-10T09:59:00.967+0200: 87.112: [CMS-concurrent-sweep-start]
2014-07-10T09:59:00.968+0200: 87.112: [CMS-concurrent-sweep: 0.000/0.000 secs] [Times: user=0.00 sys=0.00, real=0.00 secs] 
2014-07-10T09:59:00.968+0200: 87.112: [CMS-concurrent-reset-start]
2014-07-10T09:59:00.968+0200: 87.112: [CMS-concurrent-reset: 0.000/0.000 secs] [Times: user=0.00 sys=0.00, real=0.00 secs] 
2014-07-10T09:59:01.041+0200: 87.186: [GC (Allocation Failure) 87.186: [ParNew: 9747K->261K(9792K), 0.0010562 secs] 17170K->7684K(31680K), 0.0012447 secs] [Times: user=0.00 sys=0.00, real=0.00 secs] 
2014-07-10T09:59:01.048+0200: 87.193: [GC (Allocation Failure) 87.193: [ParNew: 8947K->742K(9792K), 0.0016942 secs] 16370K->8165K(31680K), 0.0019438 secs] [Times: user=0.00 sys=0.00, real=0.00 secs] 
2014-07-10T09:59:01.093+0200: 87.237: [GC (Allocation Failure) 87.237: [ParNew: 9428K->1059K(9792K), 0.0021044 secs] 16852K->8646K(31680K), 0.0023094 secs] [Times: user=0.00 sys=0.00, real=0.00 secs] 
2014-07-10T09:59:01.142+0200: 87.286: [GC (Allocation Failure) 87.287: [ParNew: 9757K->165K(9792K), 0.0013829 secs] 17343K->7752K(31680K), 0.0026107 secs] [Times: user=0.00 sys=0.00, real=0.00 secs] 
2014-07-10T09:59:01.152+0200: 87.297: [GC (Allocation Failure) 87.297: [ParNew: 8851K->645K(9792K), 0.0014236 secs] 16439K->8233K(31680K), 0.0016212 secs] [Times: user=0.00 sys=0.00, real=0.00 secs] 
2014-07-10T09:59:01.191+0200: 87.336: [GC (Allocation Failure) 87.336: [ParNew: 9331K->1059K(9792K), 0.0006761 secs] 16919K->8714K(31680K), 0.0007574 secs] [Times: user=0.00 sys=0.00, real=0.00 secs] 
2014-07-10T09:59:01.242+0200: 87.386: [GC (Allocation Failure) 87.387: [ParNew: 9745K->1059K(9792K), 0.0018870 secs] 17400K->9259K(31680K), 0.0020883 secs] [Times: user=0.00 sys=0.00, real=0.00 secs] 
2014-07-10T09:59:01.250+0200: 87.394: [GC (Allocation Failure) 87.394: [ParNew: 9745K->1059K(9792K), 0.0017257 secs] 17946K->10285K(31680K), 0.0018672 secs] [Times: user=0.00 sys=0.00, real=0.00 secs] 
2014-07-10T09:59:01.292+0200: 87.437: [GC (Allocation Failure) 87.437: [ParNew: 9745K->1059K(9792K), 0.0025345 secs] 18971K->11791K(31680K), 0.0026745 secs] [Times: user=0.00 sys=0.00, real=0.00 secs] 
2014-07-10T09:59:01.342+0200: 87.486: [GC (Allocation Failure) 87.486: [ParNew: 9745K->1059K(9792K), 0.0025836 secs] 20477K->13777K(31680K), 0.0027024 secs] [Times: user=0.00 sys=0.00, real=0.00 secs] 
2014-07-10T09:59:01.349+0200: 87.494: [GC (Allocation Failure) 87.494: [ParNew: 9745K->1059K(9792K), 0.0152520 secs] 22463K->16243K(31680K), 0.0153649 secs] [Times: user=0.02 sys=0.00, real=0.02 secs] 
2014-07-10T09:59:01.392+0200: 87.536: [GC (Allocation Failure) 87.536: [ParNew: 9757K->1059K(9792K), 0.0149528 secs] 24941K->17653K(31680K), 0.0150767 secs] [Times: user=0.02 sys=0.00, real=0.02 secs] 
2014-07-10T09:59:01.442+0200: 87.586: [GC (Allocation Failure) 87.586: [ParNew: 9745K->1059K(9792K), 0.0081695 secs] 26339K->19544K(31680K), 0.0082806 secs] [Times: user=0.02 sys=0.00, real=0.01 secs] 
2014-07-10T09:59:01.451+0200: 87.596: [GC (CMS Initial Mark) [1 CMS-initial-mark: 18485K(21888K)] 20923K(31680K), 0.0001760 secs] [Times: user=0.00 sys=0.00, real=0.00 secs] 
2014-07-10T09:59:01.451+0200: 87.596: [CMS-concurrent-mark-start]
2014-07-10T09:59:01.452+0200: 87.597: [CMS-concurrent-mark: 0.001/0.001 secs] [Times: user=0.00 sys=0.00, real=0.00 secs] 
2014-07-10T09:59:01.452+0200: 87.597: [CMS-concurrent-preclean-start]
2014-07-10T09:59:01.452+0200: 87.597: [CMS-concurrent-preclean: 0.000/0.000 secs] [Times: user=0.00 sys=0.00, real=0.00 secs] 
2014-07-10T09:59:01.452+0200: 87.597: [CMS-concurrent-abortable-preclean-start]
2014-07-10T09:59:01.454+0200: 87.599: [GC (Allocation Failure) 87.599: [ParNew: 9745K->1059K(9792K), 0.0026786 secs] 28230K->21914K(31680K), 0.0028314 secs] [Times: user=0.00 sys=0.00, real=0.00 secs] 
2014-07-10T09:59:01.457+0200: 87.602: [CMS-concurrent-abortable-preclean: 0.000/0.005 secs] [Times: user=0.00 sys=0.00, real=0.01 secs] 
2014-07-10T09:59:01.457+0200: 87.602: [GC (CMS Final Remark) [YG occupancy: 1221 K (9792 K)]87.602: [Rescan (parallel) , 0.0005587 secs]87.603: [weak refs processing, 0.0000279 secs]87.603: [class unloading, 0.0005877 secs]87.603: [scrub symbol table, 0.0007259 secs]87.604: [scrub string table, 0.0001745 secs][1 CMS-remark: 20855K(21888K)] 22076K(31680K), 0.0022218 secs] [Times: user=0.02 sys=0.00, real=0.00 secs] 
2014-07-10T09:59:01.460+0200: 87.604: [CMS-concurrent-sweep-start]
2014-07-10T09:59:01.460+0200: 87.605: [CMS-concurrent-sweep: 0.000/0.000 secs] [Times: user=0.00 sys=0.00, real=0.00 secs] 
2014-07-10T09:59:01.460+0200: 87.605: [CMS-concurrent-reset-start]
2014-07-10T09:59:01.460+0200: 87.605: [CMS-concurrent-reset: 0.000/0.000 secs] [Times: user=0.00 sys=0.00, real=0.00 secs] 
2014-07-10T09:59:01.492+0200: 87.636: [GC (Allocation Failure) 87.636: [ParNew: 9745K->1059K(9792K), 0.0028164 secs] 14513K->8677K(31680K), 0.0029664 secs] [Times: user=0.00 sys=0.00, real=0.00 secs] 
2014-07-10T09:59:01.542+0200: 87.687: [GC (Allocation Failure) 87.687: [ParNew: 9745K->1059K(9792K), 0.0054180 secs] 17364K->12008K(31680K), 0.0055573 secs] [Times: user=0.00 sys=0.00, real=0.01 secs] 
2014-07-10T09:59:01.552+0200: 87.696: [GC (Allocation Failure) 87.696: [ParNew: 9745K->1059K(9792K), 0.0035808 secs] 20694K->15819K(31680K), 0.0037843 secs] [Times: user=0.03 sys=0.00, real=0.00 secs] 
2014-07-10T09:59:01.556+0200: 87.700: [GC (CMS Initial Mark) [1 CMS-initial-mark: 14759K(21888K)] 15851K(31680K), 0.0003325 secs] [Times: user=0.00 sys=0.00, real=0.00 secs] 
2014-07-10T09:59:01.556+0200: 87.701: [CMS-concurrent-mark-start]
2014-07-10T09:59:01.557+0200: 87.701: [CMS-concurrent-mark: 0.001/0.001 secs] [Times: user=0.00 sys=0.00, real=0.00 secs] 
2014-07-10T09:59:01.557+0200: 87.702: [CMS-concurrent-preclean-start]
2014-07-10T09:59:01.557+0200: 87.702: [CMS-concurrent-preclean: 0.000/0.000 secs] [Times: user=0.00 sys=0.00, real=0.00 secs] 
2014-07-10T09:59:01.557+0200: 87.702: [CMS-concurrent-abortable-preclean-start]
2014-07-10T09:59:01.592+0200: 87.737: [GC (Allocation Failure) 87.737: [ParNew: 9745K->1059K(9792K), 0.0042294 secs] 24505K->20110K(31680K), 0.0043903 secs] [Times: user=0.00 sys=0.00, real=0.00 secs] 
2014-07-10T09:59:01.598+0200: 87.742: [CMS-concurrent-abortable-preclean: 0.001/0.041 secs] [Times: user=0.00 sys=0.00, real=0.04 secs] 
2014-07-10T09:59:01.598+0200: 87.743: [GC (CMS Final Remark) [YG occupancy: 4556 K (9792 K)]87.743: [Rescan (parallel) , 0.0001181 secs]87.743: [weak refs processing, 0.0000304 secs]87.743: [class unloading, 0.0005884 secs]87.744: [scrub symbol table, 0.0006240 secs]87.744: [scrub string table, 0.0001862 secs][1 CMS-remark: 19051K(21888K)] 23607K(31680K), 0.0016843 secs] [Times: user=0.00 sys=0.00, real=0.00 secs] 
2014-07-10T09:59:01.600+0200: 87.745: [CMS-concurrent-sweep-start]
2014-07-10T09:59:01.600+0200: 87.745: [CMS-concurrent-sweep: 0.000/0.000 secs] [Times: user=0.00 sys=0.00, real=0.00 secs] 
2014-07-10T09:59:01.600+0200: 87.745: [CMS-concurrent-reset-start]
2014-07-10T09:59:01.601+0200: 87.745: [CMS-concurrent-reset: 0.000/0.000 secs] [Times: user=0.01 sys=0.00, real=0.00 secs] 
2014-07-10T09:59:01.644+0200: 87.788: [GC (Allocation Failure) 87.788: [ParNew: 9751K->1061K(9792K), 0.0069468 secs] 18360K->13418K(31680K), 0.0072137 secs] [Times: user=0.02 sys=0.00, real=0.01 secs] 
2014-07-10T09:59:01.652+0200: 87.796: [GC (CMS Initial Mark) [1 CMS-initial-mark: 12356K(21888K)] 13836K(31680K), 0.0004345 secs] [Times: user=0.00 sys=0.00, real=0.00 secs] 
2014-07-10T09:59:01.652+0200: 87.797: [CMS-concurrent-mark-start]
2014-07-10T09:59:01.655+0200: 87.799: [CMS-concurrent-mark: 0.002/0.002 secs] [Times: user=0.00 sys=0.00, real=0.00 secs] 
2014-07-10T09:59:01.655+0200: 87.799: [CMS-concurrent-preclean-start]
2014-07-10T09:59:01.655+0200: 87.800: [CMS-concurrent-preclean: 0.000/0.000 secs] [Times: user=0.00 sys=0.00, real=0.00 secs] 
2014-07-10T09:59:01.655+0200: 87.800: [CMS-concurrent-abortable-preclean-start]
2014-07-10T09:59:01.659+0200: 87.803: [GC (Allocation Failure) 87.804: [ParNew: 9747K->1059K(9792K), 0.0087994 secs] 22104K->17643K(31680K), 0.0089798 secs] [Times: user=0.03 sys=0.00, real=0.01 secs] 
2014-07-10T09:59:01.693+0200: 87.837: [GC (Allocation Failure) 87.837: [ParNew: 9745K->1059K(9792K), 0.0043302 secs] 26330K->22351K(31680K), 0.0045121 secs] [Times: user=0.03 sys=0.00, real=0.00 secs] 
2014-07-10T09:59:01.697+0200: 87.842: [CMS-concurrent-abortable-preclean: 0.001/0.042 secs] [Times: user=0.06 sys=0.00, real=0.04 secs] 
2014-07-10T09:59:01.707+0200: 87.852: [GC (CMS Final Remark) [YG occupancy: 3496 K (9792 K)]87.852: [Rescan (parallel) , 0.0020106 secs]87.854: [weak refs processing, 0.0000315 secs]87.854: [class unloading, 0.0005360 secs]87.854: [scrub symbol table, 0.0005815 secs]87.855: [scrub string table, 0.0001752 secs][1 CMS-remark: 21291K(21888K)] 24788K(31680K), 0.0035394 secs] [Times: user=0.02 sys=0.00, real=0.00 secs] 
2014-07-10T09:59:01.711+0200: 87.855: [CMS-concurrent-sweep-start]
2014-07-10T09:59:01.711+0200: 87.856: [CMS-concurrent-sweep: 0.000/0.000 secs] [Times: user=0.00 sys=0.00, real=0.00 secs] 
2014-07-10T09:59:01.711+0200: 87.856: [CMS-concurrent-reset-start]
2014-07-10T09:59:01.711+0200: 87.856: [CMS-concurrent-reset: 0.000/0.000 secs] [Times: user=0.00 sys=0.00, real=0.00 secs] 
2014-07-10T09:59:01.742+0200: 87.887: [GC (Allocation Failure) 87.887: [ParNew: 9745K->1059K(9792K), 0.0048387 secs] 22934K->19436K(31680K), 0.0049777 secs] [Times: user=0.00 sys=0.00, real=0.00 secs] 
2014-07-10T09:59:01.748+0200: 87.892: [GC (CMS Initial Mark) [1 CMS-initial-mark: 18376K(21888K)] 19502K(31680K), 0.0001910 secs] [Times: user=0.00 sys=0.00, real=0.00 secs] 
2014-07-10T09:59:01.748+0200: 87.892: [CMS-concurrent-mark-start]
2014-07-10T09:59:01.749+0200: 87.893: [CMS-concurrent-mark: 0.001/0.001 secs] [Times: user=0.00 sys=0.00, real=0.00 secs] 
2014-07-10T09:59:01.749+0200: 87.893: [CMS-concurrent-preclean-start]
2014-07-10T09:59:01.749+0200: 87.893: [CMS-concurrent-preclean: 0.000/0.000 secs] [Times: user=0.00 sys=0.00, real=0.00 secs] 
2014-07-10T09:59:01.749+0200: 87.893: [CMS-concurrent-abortable-preclean-start]
2014-07-10T09:59:01.749+0200: 87.893: [CMS-concurrent-abortable-preclean: 0.000/0.000 secs] [Times: user=0.00 sys=0.00, real=0.00 secs] 
2014-07-10T09:59:01.749+0200: 87.894: [GC (CMS Final Remark) [YG occupancy: 3848 K (9792 K)]87.894: [Rescan (parallel) , 0.0001052 secs]87.894: [weak refs processing, 0.0000260 secs]87.894: [class unloading, 0.0004693 secs]87.894: [scrub symbol table, 0.0005573 secs]87.895: [scrub string table, 0.0001716 secs][1 CMS-remark: 18376K(21888K)] 22225K(31680K), 0.0014427 secs] [Times: user=0.00 sys=0.00, real=0.00 secs] 
2014-07-10T09:59:01.750+0200: 87.895: [CMS-concurrent-sweep-start]
2014-07-10T09:59:01.751+0200: 87.895: [CMS-concurrent-sweep: 0.000/0.000 secs] [Times: user=0.00 sys=0.00, real=0.00 secs] 
2014-07-10T09:59:01.751+0200: 87.895: [CMS-concurrent-reset-start]
2014-07-10T09:59:01.751+0200: 87.896: [CMS-concurrent-reset: 0.000/0.000 secs] [Times: user=0.00 sys=0.00, real=0.00 secs] 
2014-07-10T09:59:01.752+0200: 87.897: [GC (Allocation Failure) 87.897: [ParNew: 9745K->1059K(9792K), 0.0051273 secs] 15440K->12422K(31680K), 0.0052420 secs] [Times: user=0.03 sys=0.00, real=0.01 secs] 
2014-07-10T09:59:01.758+0200: 87.902: [GC (CMS Initial Mark) [1 CMS-initial-mark: 11363K(21888K)] 12488K(31680K), 0.0001925 secs] [Times: user=0.00 sys=0.00, real=0.00 secs] 
2014-07-10T09:59:01.758+0200: 87.903: [CMS-concurrent-mark-start]
2014-07-10T09:59:01.759+0200: 87.903: [CMS-concurrent-mark: 0.001/0.001 secs] [Times: user=0.00 sys=0.00, real=0.00 secs] 
2014-07-10T09:59:01.759+0200: 87.903: [CMS-concurrent-preclean-start]
2014-07-10T09:59:01.759+0200: 87.904: [CMS-concurrent-preclean: 0.000/0.000 secs] [Times: user=0.00 sys=0.00, real=0.00 secs] 
2014-07-10T09:59:01.759+0200: 87.904: [GC (CMS Final Remark) [YG occupancy: 2534 K (9792 K)]87.904: [Rescan (parallel) , 0.0000909 secs]87.904: [weak refs processing, 0.0000260 secs]87.904: [class unloading, 0.0004345 secs]87.904: [scrub symbol table, 0.0005507 secs]87.905: [scrub string table, 0.0001657 secs][1 CMS-remark: 11363K(21888K)] 13897K(31680K), 0.0013803 secs] [Times: user=0.00 sys=0.00, real=0.00 secs] 
2014-07-10T09:59:01.761+0200: 87.905: [CMS-concurrent-sweep-start]
2014-07-10T09:59:01.761+0200: 87.905: [CMS-concurrent-sweep: 0.000/0.000 secs] [Times: user=0.00 sys=0.00, real=0.00 secs] 
2014-07-10T09:59:01.761+0200: 87.905: [CMS-concurrent-reset-start]
2014-07-10T09:59:01.761+0200: 87.905: [CMS-concurrent-reset: 0.000/0.000 secs] [Times: user=0.00 sys=0.00, real=0.00 secs] 
2014-07-10T09:59:01.796+0200: 87.941: [GC (Allocation Failure) 87.941: [ParNew: 9745K->1059K(9792K), 0.0091818 secs] 15921K->13383K(31680K), 0.0094344 secs] [Times: user=0.03 sys=0.00, real=0.01 secs] 
2014-07-10T09:59:01.806+0200: 87.950: [GC (CMS Initial Mark) [1 CMS-initial-mark: 12323K(21888K)] 13449K(31680K), 0.0003916 secs] [Times: user=0.00 sys=0.00, real=0.00 secs] 
2014-07-10T09:59:01.806+0200: 87.951: [CMS-concurrent-mark-start]
2014-07-10T09:59:01.809+0200: 87.953: [CMS-concurrent-mark: 0.002/0.002 secs] [Times: user=0.00 sys=0.00, real=0.00 secs] 
2014-07-10T09:59:01.809+0200: 87.953: [CMS-concurrent-preclean-start]
2014-07-10T09:59:01.809+0200: 87.954: [CMS-concurrent-preclean: 0.000/0.000 secs] [Times: user=0.00 sys=0.00, real=0.00 secs] 
2014-07-10T09:59:01.809+0200: 87.954: [GC (CMS Final Remark) [YG occupancy: 2054 K (9792 K)]87.954: [Rescan (parallel) , 0.0002709 secs]87.954: [weak refs processing, 0.0000609 secs]87.954: [class unloading, 0.0010240 secs]87.955: [scrub symbol table, 0.0012583 secs]87.957: [scrub string table, 0.0004949 secs][1 CMS-remark: 12323K(21888K)] 14377K(31680K), 0.0034844 secs] [Times: user=0.00 sys=0.00, real=0.00 secs] 
2014-07-10T09:59:01.813+0200: 87.958: [CMS-concurrent-sweep-start]
2014-07-10T09:59:01.814+0200: 87.958: [CMS-concurrent-sweep: 0.001/0.001 secs] [Times: user=0.00 sys=0.00, real=0.00 secs] 
2014-07-10T09:59:01.814+0200: 87.959: [CMS-concurrent-reset-start]
2014-07-10T09:59:01.814+0200: 87.959: [CMS-concurrent-reset: 0.000/0.000 secs] [Times: user=0.00 sys=0.00, real=0.00 secs] 
2014-07-10T09:59:01.843+0200: 87.988: [GC (Allocation Failure) 87.988: [ParNew: 9745K->1059K(9792K), 0.0058612 secs] 16400K->14342K(31680K), 0.0060163 secs] [Times: user=0.00 sys=0.00, real=0.01 secs] 
2014-07-10T09:59:01.849+0200: 87.994: [GC (CMS Initial Mark) [1 CMS-initial-mark: 13282K(21888K)] 14408K(31680K), 0.0002126 secs] [Times: user=0.00 sys=0.00, real=0.00 secs] 
2014-07-10T09:59:01.849+0200: 87.994: [CMS-concurrent-mark-start]
2014-07-10T09:59:01.850+0200: 87.995: [CMS-concurrent-mark: 0.001/0.001 secs] [Times: user=0.03 sys=0.00, real=0.00 secs] 
2014-07-10T09:59:01.850+0200: 87.995: [CMS-concurrent-preclean-start]
2014-07-10T09:59:01.850+0200: 87.995: [CMS-concurrent-preclean: 0.000/0.000 secs] [Times: user=0.00 sys=0.00, real=0.00 secs] 
2014-07-10T09:59:01.850+0200: 87.995: [CMS-concurrent-abortable-preclean-start]
2014-07-10T09:59:01.853+0200: 87.998: [GC (Allocation Failure) 87.998: [ParNew: 9762K->1061K(9792K), 0.0052160 secs] 23044K->20300K(31680K), 0.0054921 secs] [Times: user=0.00 sys=0.00, real=0.01 secs] 
2014-07-10T09:59:01.860+0200: 88.005: [CMS-concurrent-abortable-preclean: 0.001/0.010 secs] [Times: user=0.00 sys=0.00, real=0.01 secs] 
2014-07-10T09:59:01.860+0200: 88.005: [GC (CMS Final Remark) [YG occupancy: 3278 K (9792 K)]88.005: [Rescan (parallel) , 0.0001093 secs]88.005: [weak refs processing, 0.0000282 secs]88.005: [class unloading, 0.0005195 secs]88.006: [scrub symbol table, 0.0006174 secs]88.006: [scrub string table, 0.0001917 secs][1 CMS-remark: 19238K(21888K)] 22516K(31680K), 0.0016033 secs] [Times: user=0.00 sys=0.00, real=0.00 secs] 
2014-07-10T09:59:01.862+0200: 88.007: [CMS-concurrent-sweep-start]
2014-07-10T09:59:01.862+0200: 88.007: [CMS-concurrent-sweep: 0.000/0.000 secs] [Times: user=0.00 sys=0.00, real=0.00 secs] 
2014-07-10T09:59:01.862+0200: 88.007: [CMS-concurrent-reset-start]
2014-07-10T09:59:01.863+0200: 88.007: [CMS-concurrent-reset: 0.000/0.000 secs] [Times: user=0.00 sys=0.00, real=0.00 secs] 
2014-07-10T09:59:01.893+0200: 88.037: [GC (Allocation Failure) 88.037: [ParNew: 9753K->1059K(9792K), 0.0050484 secs] 22845K->19564K(31680K), 0.0052072 secs] [Times: user=0.03 sys=0.00, real=0.01 secs] 
2014-07-10T09:59:01.898+0200: 88.043: [GC (CMS Initial Mark) [1 CMS-initial-mark: 18505K(21888K)] 19630K(31680K), 0.0002104 secs] [Times: user=0.00 sys=0.00, real=0.00 secs] 
2014-07-10T09:59:01.898+0200: 88.043: [CMS-concurrent-mark-start]
2014-07-10T09:59:01.899+0200: 88.044: [CMS-concurrent-mark: 0.001/0.001 secs] [Times: user=0.00 sys=0.00, real=0.00 secs] 
2014-07-10T09:59:01.899+0200: 88.044: [CMS-concurrent-preclean-start]
2014-07-10T09:59:01.899+0200: 88.044: [CMS-concurrent-preclean: 0.000/0.000 secs] [Times: user=0.00 sys=0.00, real=0.00 secs] 
2014-07-10T09:59:01.899+0200: 88.044: [GC (CMS Final Remark) [YG occupancy: 2790 K (9792 K)]88.044: [Rescan (parallel) , 0.0000895 secs]88.044: [weak refs processing, 0.0000275 secs]88.044: [class unloading, 0.0004689 secs]88.045: [scrub symbol table, 0.0005624 secs]88.045: [scrub string table, 0.0001642 secs][1 CMS-remark: 18505K(21888K)] 21295K(31680K), 0.0014405 secs] [Times: user=0.00 sys=0.00, real=0.00 secs] 
2014-07-10T09:59:01.901+0200: 88.045: [CMS-concurrent-sweep-start]
2014-07-10T09:59:01.901+0200: 88.046: [CMS-concurrent-sweep: 0.000/0.000 secs] [Times: user=0.00 sys=0.00, real=0.00 secs] 
2014-07-10T09:59:01.901+0200: 88.046: [CMS-concurrent-reset-start]
2014-07-10T09:59:01.901+0200: 88.046: [CMS-concurrent-reset: 0.000/0.000 secs] [Times: user=0.00 sys=0.00, real=0.00 secs] 
2014-07-10T09:59:01.943+0200: 88.087: [GC (Allocation Failure) 88.087: [ParNew: 9745K->1059K(9792K), 0.0053953 secs] 15665K->12871K(31680K), 0.0055467 secs] [Times: user=0.03 sys=0.00, real=0.00 secs] 
2014-07-10T09:59:01.948+0200: 88.093: [GC (CMS Initial Mark) [1 CMS-initial-mark: 11812K(21888K)] 12937K(31680K), 0.0002068 secs] [Times: user=0.00 sys=0.00, real=0.00 secs] 
2014-07-10T09:59:01.949+0200: 88.093: [CMS-concurrent-mark-start]
2014-07-10T09:59:01.950+0200: 88.094: [CMS-concurrent-mark: 0.001/0.001 secs] [Times: user=0.00 sys=0.00, real=0.00 secs] 
2014-07-10T09:59:01.950+0200: 88.094: [CMS-concurrent-preclean-start]
2014-07-10T09:59:01.950+0200: 88.094: [CMS-concurrent-preclean: 0.000/0.000 secs] [Times: user=0.00 sys=0.00, real=0.00 secs] 
2014-07-10T09:59:01.950+0200: 88.094: [CMS-concurrent-abortable-preclean-start]
2014-07-10T09:59:01.952+0200: 88.097: [GC (Allocation Failure) 88.097: [ParNew: 9745K->1059K(9792K), 0.0056039 secs] 21558K->19244K(31680K), 0.0057307 secs] [Times: user=0.00 sys=0.00, real=0.01 secs] 
2014-07-10T09:59:01.993+0200: 88.138: [GC (Allocation Failure) 88.138: [ParNew: 9745K->9745K(9792K), 0.0000444 secs]88.138: [CMS2014-07-10T09:59:01.993+0200: 88.138: [CMS-concurrent-abortable-preclean: 0.001/0.044 secs] [Times: user=0.00 sys=0.00, real=0.04 secs] 
 (concurrent mode failure): 18184K->8414K(21888K), 0.0116679 secs] 27930K->8414K(31680K), [Metaspace: 2457K->2457K(1056768K)], 0.0119505 secs] [Times: user=0.00 sys=0.00, real=0.01 secs] 
2014-07-10T09:59:02.044+0200: 88.188: [GC (Allocation Failure) 88.188: [ParNew: 8688K->195K(9792K), 0.0007824 secs] 17102K->8609K(31680K), 0.0009514 secs] [Times: user=0.00 sys=0.00, real=0.00 secs] 
2014-07-10T09:59:02.092+0200: 88.236: [GC (Allocation Failure) 88.236: [ParNew: 8892K->685K(9792K), 0.0012634 secs] 17306K->9100K(31680K), 0.0014526 secs] [Times: user=0.00 sys=0.00, real=0.00 secs] 
2014-07-10T09:59:02.141+0200: 88.286: [GC (Allocation Failure) 88.286: [ParNew: 9366K->133K(9792K), 0.0010738 secs] 17781K->8554K(31680K), 0.0012553 secs] [Times: user=0.00 sys=0.00, real=0.00 secs] 
2014-07-10T09:59:02.150+0200: 88.294: [GC (Allocation Failure) 88.294: [ParNew: 8819K->614K(9792K), 0.0013844 secs] 17240K->9035K(31680K), 0.0015890 secs] [Times: user=0.00 sys=0.00, real=0.00 secs] 
2014-07-10T09:59:02.191+0200: 88.336: [GC (Allocation Failure) 88.336: [ParNew: 9300K->1059K(9792K), 0.0009613 secs] 17721K->9516K(31680K), 0.0010716 secs] [Times: user=0.00 sys=0.00, real=0.00 secs] 
2014-07-10T09:59:02.242+0200: 88.386: [GC (Allocation Failure) 88.386: [ParNew: 9745K->1059K(9792K), 0.0011868 secs] 18202K->10029K(31680K), 0.0013067 secs] [Times: user=0.00 sys=0.00, real=0.00 secs] 
2014-07-10T09:59:02.247+0200: 88.392: [GC (Allocation Failure) 88.392: [ParNew: 9745K->1059K(9792K), 0.0017789 secs] 18715K->11023K(31680K), 0.0019244 secs] [Times: user=0.00 sys=0.00, real=0.00 secs] 
2014-07-10T09:59:02.291+0200: 88.436: [GC (Allocation Failure) 88.436: [ParNew: 9745K->1059K(9792K), 0.0154544 secs] 19709K->12496K(31680K), 0.0155790 secs] [Times: user=0.02 sys=0.00, real=0.01 secs] 
2014-07-10T09:59:02.342+0200: 88.486: [GC (Allocation Failure) 88.486: [ParNew: 9745K->1059K(9792K), 0.0019266 secs] 21183K->14450K(31680K), 0.0020535 secs] [Times: user=0.00 sys=0.00, real=0.00 secs] 
2014-07-10T09:59:02.348+0200: 88.493: [GC (Allocation Failure) 88.493: [ParNew: 9745K->1059K(9792K), 0.0028292 secs] 23137K->16885K(31680K), 0.0029799 secs] [Times: user=0.03 sys=0.00, real=0.00 secs] 
2014-07-10T09:59:02.352+0200: 88.496: [GC (CMS Initial Mark) [1 CMS-initial-mark: 15825K(21888K)] 16951K(31680K), 0.0001609 secs] [Times: user=0.00 sys=0.00, real=0.00 secs] 
2014-07-10T09:59:02.352+0200: 88.496: [CMS-concurrent-mark-start]
2014-07-10T09:59:02.353+0200: 88.497: [CMS-concurrent-mark: 0.001/0.001 secs] [Times: user=0.00 sys=0.00, real=0.00 secs] 
2014-07-10T09:59:02.353+0200: 88.497: [CMS-concurrent-preclean-start]
2014-07-10T09:59:02.353+0200: 88.497: [CMS-concurrent-preclean: 0.000/0.000 secs] [Times: user=0.00 sys=0.00, real=0.00 secs] 
2014-07-10T09:59:02.353+0200: 88.498: [CMS-concurrent-abortable-preclean-start]
2014-07-10T09:59:02.393+0200: 88.537: [GC (Allocation Failure) 88.537: [ParNew: 9757K->1059K(9792K), 0.0014449 secs] 25582K->18262K(31680K), 0.0015618 secs] [Times: user=0.00 sys=0.00, real=0.00 secs] 
2014-07-10T09:59:02.442+0200: 88.587: [GC (Allocation Failure) 88.587: [ParNew: 9745K->1059K(9792K), 0.0019248 secs] 26949K->20121K(31680K), 0.0020612 secs] [Times: user=0.03 sys=0.00, real=0.00 secs] 
2014-07-10T09:59:02.449+0200: 88.594: [GC (Allocation Failure) 88.594: [ParNew: 9745K->1059K(9792K), 0.0027053 secs] 28808K->22460K(31680K), 0.0028278 secs] [Times: user=0.00 sys=0.00, real=0.00 secs] 
2014-07-10T09:59:02.452+0200: 88.597: [CMS-concurrent-abortable-preclean: 0.001/0.099 secs] [Times: user=0.05 sys=0.00, real=0.10 secs] 
2014-07-10T09:59:02.452+0200: 88.597: [GC (CMS Final Remark) [YG occupancy: 1445 K (9792 K)]88.597: [Rescan (parallel) , 0.0018049 secs]88.599: [weak refs processing, 0.0000286 secs]88.599: [class unloading, 0.0005609 secs]88.599: [scrub symbol table, 0.0008612 secs]88.600: [scrub string table, 0.0001569 secs][1 CMS-remark: 21400K(21888K)] 22846K(31680K), 0.0035618 secs] [Times: user=0.00 sys=0.00, real=0.00 secs] 
2014-07-10T09:59:02.456+0200: 88.601: [CMS-concurrent-sweep-start]
2014-07-10T09:59:02.456+0200: 88.601: [CMS-concurrent-sweep: 0.000/0.000 secs] [Times: user=0.00 sys=0.00, real=0.00 secs] 
2014-07-10T09:59:02.456+0200: 88.601: [CMS-concurrent-reset-start]
2014-07-10T09:59:02.457+0200: 88.601: [CMS-concurrent-reset: 0.000/0.000 secs] [Times: user=0.00 sys=0.00, real=0.00 secs] 
2014-07-10T09:59:02.492+0200: 88.636: [GC (Allocation Failure) 88.636: [ParNew: 9745K->1059K(9792K), 0.0024267 secs] 18263K->12396K(31680K), 0.0025524 secs] [Times: user=0.00 sys=0.00, real=0.00 secs] 
2014-07-10T09:59:02.494+0200: 88.639: [GC (CMS Initial Mark) [1 CMS-initial-mark: 11336K(21888K)] 12462K(31680K), 0.0002291 secs] [Times: user=0.00 sys=0.00, real=0.00 secs] 
2014-07-10T09:59:02.495+0200: 88.639: [CMS-concurrent-mark-start]
2014-07-10T09:59:02.496+0200: 88.640: [CMS-concurrent-mark: 0.001/0.001 secs] [Times: user=0.00 sys=0.00, real=0.00 secs] 
2014-07-10T09:59:02.496+0200: 88.640: [CMS-concurrent-preclean-start]
2014-07-10T09:59:02.496+0200: 88.640: [CMS-concurrent-preclean: 0.000/0.000 secs] [Times: user=0.00 sys=0.00, real=0.00 secs] 
2014-07-10T09:59:02.496+0200: 88.640: [CMS-concurrent-abortable-preclean-start]
2014-07-10T09:59:02.542+0200: 88.686: [GC (Allocation Failure) 88.687: [ParNew: 9745K->1059K(9792K), 0.0030694 secs] 21082K->15694K(31680K), 0.0031948 secs] [Times: user=0.00 sys=0.00, real=0.00 secs] 
2014-07-10T09:59:02.549+0200: 88.693: [GC (Allocation Failure) 88.693: [ParNew: 9745K->1059K(9792K), 0.0039112 secs] 24380K->19473K(31680K), 0.0040549 secs] [Times: user=0.03 sys=0.00, real=0.00 secs] 
2014-07-10T09:59:02.593+0200: 88.737: [GC (Allocation Failure) 88.737: [ParNew: 9745K->9745K(9792K), 0.0000440 secs]88.737: [CMS2014-07-10T09:59:02.593+0200: 88.737: [CMS-concurrent-abortable-preclean: 0.001/0.097 secs] [Times: user=0.03 sys=0.00, real=0.10 secs] 
 (concurrent mode failure): 18414K->5821K(21888K), 0.0061113 secs] 28159K->5821K(31680K), [Metaspace: 2457K->2457K(1056768K)], 0.0063067 secs] [Times: user=0.02 sys=0.00, real=0.01 secs] 
2014-07-10T09:59:02.643+0200: 88.788: [GC (Allocation Failure) 88.788: [ParNew: 8697K->1061K(9792K), 0.0056600 secs] 14518K->10088K(31680K), 0.0059353 secs] [Times: user=0.03 sys=0.00, real=0.01 secs] 
2014-07-10T09:59:02.656+0200: 88.801: [GC (Allocation Failure) 88.801: [ParNew: 9747K->1059K(9792K), 0.0064519 secs] 18774K->13770K(31680K), 0.0067371 secs] [Times: user=0.03 sys=0.00, real=0.01 secs] 
2014-07-10T09:59:02.664+0200: 88.808: [GC (CMS Initial Mark) [1 CMS-initial-mark: 12711K(21888K)] 13900K(31680K), 0.0004235 secs] [Times: user=0.00 sys=0.00, real=0.00 secs] 
2014-07-10T09:59:02.664+0200: 88.809: [CMS-concurrent-mark-start]
2014-07-10T09:59:02.666+0200: 88.811: [CMS-concurrent-mark: 0.002/0.002 secs] [Times: user=0.00 sys=0.00, real=0.00 secs] 
2014-07-10T09:59:02.667+0200: 88.811: [CMS-concurrent-preclean-start]
2014-07-10T09:59:02.667+0200: 88.812: [CMS-concurrent-preclean: 0.000/0.000 secs] [Times: user=0.00 sys=0.00, real=0.00 secs] 
2014-07-10T09:59:02.667+0200: 88.812: [CMS-concurrent-abortable-preclean-start]
2014-07-10T09:59:02.694+0200: 88.839: [GC (Allocation Failure) 88.839: [ParNew: 9745K->1059K(9792K), 0.0067041 secs] 22456K->17933K(31680K), 0.0069912 secs] [Times: user=0.00 sys=0.00, real=0.01 secs] 
2014-07-10T09:59:02.746+0200: 88.891: [GC (Allocation Failure) 88.891: [ParNew: 9745K->9745K(9792K), 0.0001012 secs]88.891: [CMS2014-07-10T09:59:02.747+0200: 88.891: [CMS-concurrent-abortable-preclean: 0.002/0.080 secs] [Times: user=0.02 sys=0.00, real=0.08 secs] 
 (concurrent mode failure): 16874K->6206K(21888K), 0.0149235 secs] 26619K->6206K(31680K), [Metaspace: 2457K->2457K(1056768K)], 0.0153972 secs] [Times: user=0.01 sys=0.00, real=0.01 secs] 
2014-07-10T09:59:02.769+0200: 88.914: [GC (Allocation Failure) 88.914: [ParNew: 8686K->1059K(9792K), 0.0074766 secs] 14892K->12392K(31680K), 0.0077252 secs] [Times: user=0.03 sys=0.00, real=0.01 secs] 
2014-07-10T09:59:02.777+0200: 88.922: [GC (CMS Initial Mark) [1 CMS-initial-mark: 11332K(21888K)] 12458K(31680K), 0.0001998 secs] [Times: user=0.00 sys=0.00, real=0.00 secs] 
2014-07-10T09:59:02.777+0200: 88.922: [CMS-concurrent-mark-start]
2014-07-10T09:59:02.778+0200: 88.923: [CMS-concurrent-mark: 0.001/0.001 secs] [Times: user=0.00 sys=0.00, real=0.00 secs] 
2014-07-10T09:59:02.778+0200: 88.923: [CMS-concurrent-preclean-start]
2014-07-10T09:59:02.778+0200: 88.923: [CMS-concurrent-preclean: 0.000/0.000 secs] [Times: user=0.00 sys=0.00, real=0.00 secs] 
2014-07-10T09:59:02.779+0200: 88.923: [GC (CMS Final Remark) [YG occupancy: 3078 K (9792 K)]88.923: [Rescan (parallel) , 0.0001115 secs]88.923: [weak refs processing, 0.0000312 secs]88.923: [class unloading, 0.0005477 secs]88.924: [scrub symbol table, 0.0009213 secs]88.925: [scrub string table, 0.0001840 secs][1 CMS-remark: 11332K(21888K)] 14411K(31680K), 0.0019787 secs] [Times: user=0.00 sys=0.00, real=0.00 secs] 
2014-07-10T09:59:02.781+0200: 88.925: [CMS-concurrent-sweep-start]
2014-07-10T09:59:02.781+0200: 88.926: [CMS-concurrent-sweep: 0.000/0.000 secs] [Times: user=0.00 sys=0.00, real=0.00 secs] 
2014-07-10T09:59:02.781+0200: 88.926: [CMS-concurrent-reset-start]
2014-07-10T09:59:02.781+0200: 88.926: [CMS-concurrent-reset: 0.000/0.000 secs] [Times: user=0.00 sys=0.00, real=0.00 secs] 
2014-07-10T09:59:02.793+0200: 88.938: [GC (Allocation Failure) 88.938: [ParNew: 9745K->1059K(9792K), 0.0047350 secs] 15378K->12296K(31680K), 0.0049227 secs] [Times: user=0.00 sys=0.00, real=0.01 secs] 
2014-07-10T09:59:02.799+0200: 88.943: [GC (CMS Initial Mark) [1 CMS-initial-mark: 11236K(21888K)] 12362K(31680K), 0.0001961 secs] [Times: user=0.00 sys=0.00, real=0.00 secs] 
2014-07-10T09:59:02.799+0200: 88.943: [CMS-concurrent-mark-start]
2014-07-10T09:59:02.800+0200: 88.944: [CMS-concurrent-mark: 0.001/0.001 secs] [Times: user=0.00 sys=0.00, real=0.00 secs] 
2014-07-10T09:59:02.800+0200: 88.944: [CMS-concurrent-preclean-start]
2014-07-10T09:59:02.800+0200: 88.945: [CMS-concurrent-preclean: 0.000/0.000 secs] [Times: user=0.00 sys=0.00, real=0.00 secs] 
2014-07-10T09:59:02.801+0200: 88.946: [GC (CMS Final Remark) [YG occupancy: 2598 K (9792 K)]88.946: [Rescan (parallel) , 0.0001232 secs]88.946: [weak refs processing, 0.0000319 secs]88.946: [class unloading, 0.0004920 secs]88.947: [scrub symbol table, 0.0006585 secs]88.947: [scrub string table, 0.0002009 secs][1 CMS-remark: 11236K(21888K)] 13834K(31680K), 0.0016678 secs] [Times: user=0.02 sys=0.00, real=0.00 secs] 
2014-07-10T09:59:02.803+0200: 88.948: [CMS-concurrent-sweep-start]
2014-07-10T09:59:02.803+0200: 88.948: [CMS-concurrent-sweep: 0.000/0.000 secs] [Times: user=0.00 sys=0.00, real=0.00 secs] 
2014-07-10T09:59:02.804+0200: 88.948: [CMS-concurrent-reset-start]
2014-07-10T09:59:02.804+0200: 88.948: [CMS-concurrent-reset: 0.000/0.000 secs] [Times: user=0.00 sys=0.00, real=0.00 secs] 
2014-07-10T09:59:02.845+0200: 88.990: [GC (Allocation Failure) 88.990: [ParNew: 9745K->1059K(9792K), 0.0091906 secs] 15858K->13256K(31680K), 0.0094747 secs] [Times: user=0.03 sys=0.00, real=0.01 secs] 
2014-07-10T09:59:02.855+0200: 89.000: [GC (CMS Initial Mark) [1 CMS-initial-mark: 12197K(21888K)] 13322K(31680K), 0.0004363 secs] [Times: user=0.00 sys=0.00, real=0.00 secs] 
2014-07-10T09:59:02.855+0200: 89.000: [CMS-concurrent-mark-start]
2014-07-10T09:59:02.858+0200: 89.002: [CMS-concurrent-mark: 0.002/0.002 secs] [Times: user=0.00 sys=0.00, real=0.00 secs] 
2014-07-10T09:59:02.858+0200: 89.003: [CMS-concurrent-preclean-start]
2014-07-10T09:59:02.858+0200: 89.003: [CMS-concurrent-preclean: 0.000/0.000 secs] [Times: user=0.00 sys=0.00, real=0.00 secs] 
2014-07-10T09:59:02.858+0200: 89.003: [CMS-concurrent-abortable-preclean-start]
2014-07-10T09:59:02.862+0200: 89.007: [GC (Allocation Failure) 89.007: [ParNew: 9745K->1059K(9792K), 0.0076691 secs] 21942K->19820K(31680K), 0.0078711 secs] [Times: user=0.02 sys=0.00, real=0.01 secs] 
2014-07-10T09:59:02.872+0200: 89.016: [CMS-concurrent-abortable-preclean: 0.001/0.013 secs] [Times: user=0.02 sys=0.00, real=0.01 secs] 
2014-07-10T09:59:02.872+0200: 89.016: [GC (CMS Final Remark) [YG occupancy: 3318 K (9792 K)]89.016: [Rescan (parallel) , 0.0001507 secs]89.017: [weak refs processing, 0.0000359 secs]89.017: [class unloading, 0.0005829 secs]89.017: [scrub symbol table, 0.0007267 secs]89.018: [scrub string table, 0.0002438 secs][1 CMS-remark: 18761K(21888K)] 22080K(31680K), 0.0019233 secs] [Times: user=0.00 sys=0.00, real=0.00 secs] 
2014-07-10T09:59:02.874+0200: 89.018: [CMS-concurrent-sweep-start]
2014-07-10T09:59:02.874+0200: 89.019: [CMS-concurrent-sweep: 0.000/0.000 secs] [Times: user=0.00 sys=0.00, real=0.00 secs] 
2014-07-10T09:59:02.874+0200: 89.019: [CMS-concurrent-reset-start]
2014-07-10T09:59:02.874+0200: 89.019: [CMS-concurrent-reset: 0.000/0.000 secs] [Times: user=0.00 sys=0.00, real=0.00 secs] 
2014-07-10T09:59:02.893+0200: 89.037: [GC (Allocation Failure) 89.038: [ParNew: 9761K->1059K(9792K), 0.0053597 secs] 22918K->19595K(31680K), 0.0055305 secs] [Times: user=0.03 sys=0.00, real=0.01 secs] 
2014-07-10T09:59:02.899+0200: 89.043: [GC (CMS Initial Mark) [1 CMS-initial-mark: 18536K(21888K)] 19693K(31680K), 0.0002262 secs] [Times: user=0.00 sys=0.00, real=0.00 secs] 
2014-07-10T09:59:02.899+0200: 89.044: [CMS-concurrent-mark-start]
2014-07-10T09:59:02.900+0200: 89.045: [CMS-concurrent-mark: 0.001/0.001 secs] [Times: user=0.00 sys=0.00, real=0.00 secs] 
2014-07-10T09:59:02.900+0200: 89.045: [CMS-concurrent-preclean-start]
2014-07-10T09:59:02.900+0200: 89.045: [CMS-concurrent-preclean: 0.000/0.000 secs] [Times: user=0.00 sys=0.00, real=0.00 secs] 
2014-07-10T09:59:02.900+0200: 89.045: [GC (CMS Final Remark) [YG occupancy: 2822 K (9792 K)]89.045: [Rescan (parallel) , 0.0001701 secs]89.045: [weak refs processing, 0.0000381 secs]89.045: [class unloading, 0.0005463 secs]89.046: [scrub symbol table, 0.0007589 secs]89.047: [scrub string table, 0.0002324 secs][1 CMS-remark: 18536K(21888K)] 21358K(31680K), 0.0019391 secs] [Times: user=0.00 sys=0.00, real=0.00 secs] 
2014-07-10T09:59:02.902+0200: 89.047: [CMS-concurrent-sweep-start]
2014-07-10T09:59:02.903+0200: 89.048: [CMS-concurrent-sweep: 0.000/0.000 secs] [Times: user=0.00 sys=0.00, real=0.00 secs] 
2014-07-10T09:59:02.903+0200: 89.048: [CMS-concurrent-reset-start]
2014-07-10T09:59:02.903+0200: 89.048: [CMS-concurrent-reset: 0.000/0.000 secs] [Times: user=0.00 sys=0.00, real=0.00 secs] 
2014-07-10T09:59:02.943+0200: 89.088: [GC (Allocation Failure) 89.088: [ParNew: 9745K->1059K(9792K), 0.0056178 secs] 15633K->12809K(31680K), 0.0058033 secs] [Times: user=0.00 sys=0.00, real=0.01 secs] 
2014-07-10T09:59:02.949+0200: 89.094: [GC (CMS Initial Mark) [1 CMS-initial-mark: 11749K(21888K)] 12841K(31680K), 0.0002427 secs] [Times: user=0.00 sys=0.00, real=0.00 secs] 
2014-07-10T09:59:02.950+0200: 89.094: [CMS-concurrent-mark-start]
2014-07-10T09:59:02.951+0200: 89.095: [CMS-concurrent-mark: 0.001/0.001 secs] [Times: user=0.00 sys=0.00, real=0.00 secs] 
2014-07-10T09:59:02.951+0200: 89.096: [CMS-concurrent-preclean-start]
2014-07-10T09:59:02.951+0200: 89.096: [CMS-concurrent-preclean: 0.000/0.000 secs] [Times: user=0.00 sys=0.00, real=0.00 secs] 
2014-07-10T09:59:02.951+0200: 89.096: [CMS-concurrent-abortable-preclean-start]
2014-07-10T09:59:02.953+0200: 89.098: [GC (Allocation Failure) 89.098: [ParNew: 9745K->1059K(9792K), 0.0060779 secs] 21495K->19149K(31680K), 0.0062257 secs] [Times: user=0.03 sys=0.00, real=0.01 secs] 
2014-07-10T09:59:02.996+0200: 89.140: [GC (Allocation Failure) 89.140: [ParNew: 9745K->9745K(9792K), 0.0001027 secs]89.141: [CMS2014-07-10T09:59:02.996+0200: 89.141: [CMS-concurrent-abortable-preclean: 0.001/0.045 secs] [Times: user=0.03 sys=0.00, real=0.05 secs] 
 (concurrent mode failure): 18089K->8383K(21888K), 0.0159948 secs] 27835K->8383K(31680K), [Metaspace: 2457K->2457K(1056768K)], 0.0164366 secs] [Times: user=0.01 sys=0.00, real=0.02 secs] 
2014-07-10T09:59:03.046+0200: 89.190: [GC (Allocation Failure) 89.191: [ParNew: 8688K->163K(9792K), 0.0015391 secs] 17071K->8546K(31680K), 0.0017957 secs] [Times: user=0.00 sys=0.00, real=0.00 secs] 
2014-07-10T09:59:03.100+0200: 89.245: [GC (Allocation Failure) 89.245: [ParNew: 8849K->645K(9792K), 0.0012179 secs] 17233K->9029K(31680K), 0.0013734 secs] [Times: user=0.00 sys=0.00, real=0.00 secs] 
2014-07-10T09:59:03.142+0200: 89.287: [GC (Allocation Failure) 89.288: [ParNew: 9337K->101K(9792K), 0.0010559 secs] 17720K->8492K(31680K), 0.0021004 secs] [Times: user=0.00 sys=0.00, real=0.00 secs] 
2014-07-10T09:59:03.152+0200: 89.296: [GC (Allocation Failure) 89.297: [ParNew: 8787K->581K(9792K), 0.0013638 secs] 17178K->8972K(31680K), 0.0015677 secs] [Times: user=0.00 sys=0.00, real=0.00 secs] 
2014-07-10T09:59:03.191+0200: 89.336: [GC (Allocation Failure) 89.336: [ParNew: 9267K->1059K(9792K), 0.0007322 secs] 17658K->9453K(31680K), 0.0008187 secs] [Times: user=0.03 sys=0.00, real=0.00 secs] 
2014-07-10T09:59:03.242+0200: 89.387: [GC (Allocation Failure) 89.387: [ParNew: 9745K->1059K(9792K), 0.0017792 secs] 18139K->9934K(31680K), 0.0019537 secs] [Times: user=0.00 sys=0.00, real=0.00 secs] 
2014-07-10T09:59:03.251+0200: 89.395: [GC (Allocation Failure) 89.396: [ParNew: 9745K->1059K(9792K), 0.0027541 secs] 18620K->10896K(31680K), 0.0030214 secs] [Times: user=0.03 sys=0.00, real=0.00 secs] 
2014-07-10T09:59:03.292+0200: 89.437: [GC (Allocation Failure) 89.437: [ParNew: 9745K->1059K(9792K), 0.0323060 secs] 19582K->12337K(31680K), 0.0324684 secs] [Times: user=0.03 sys=0.00, real=0.03 secs] 
2014-07-10T09:59:03.344+0200: 89.488: [GC (Allocation Failure) 89.489: [ParNew: 9745K->1059K(9792K), 0.0028076 secs] 21024K->14259K(31680K), 0.0029378 secs] [Times: user=0.00 sys=0.00, real=0.00 secs] 
2014-07-10T09:59:03.351+0200: 89.496: [GC (Allocation Failure) 89.496: [ParNew: 9760K->1059K(9792K), 0.0025257 secs] 22961K->14613K(31680K), 0.0026654 secs] [Times: user=0.00 sys=0.00, real=0.00 secs] 
2014-07-10T09:59:03.394+0200: 89.539: [GC (Allocation Failure) 89.539: [ParNew: 9745K->1059K(9792K), 0.0142251 secs] 23299K->15448K(31680K), 0.0143329 secs] [Times: user=0.01 sys=0.00, real=0.01 secs] 
2014-07-10T09:59:03.442+0200: 89.587: [GC (Allocation Failure) 89.587: [ParNew: 9745K->1059K(9792K), 0.0021979 secs] 24134K->16762K(31680K), 0.0023171 secs] [Times: user=0.00 sys=0.00, real=0.00 secs] 
2014-07-10T09:59:03.449+0200: 89.594: [GC (Allocation Failure) 89.594: [ParNew: 9745K->1059K(9792K), 0.0029117 secs] 25448K->18555K(31680K), 0.0030745 secs] [Times: user=0.00 sys=0.00, real=0.00 secs] 
2014-07-10T09:59:03.455+0200: 89.599: [GC (CMS Initial Mark) [1 CMS-initial-mark: 17496K(21888K)] 23908K(31680K), 0.0002951 secs] [Times: user=0.00 sys=0.00, real=0.00 secs] 
2014-07-10T09:59:03.455+0200: 89.600: [CMS-concurrent-mark-start]
2014-07-10T09:59:03.456+0200: 89.601: [CMS-concurrent-mark: 0.001/0.001 secs] [Times: user=0.00 sys=0.00, real=0.00 secs] 
2014-07-10T09:59:03.456+0200: 89.601: [CMS-concurrent-preclean-start]
2014-07-10T09:59:03.456+0200: 89.601: [CMS-concurrent-preclean: 0.000/0.000 secs] [Times: user=0.00 sys=0.00, real=0.00 secs] 
2014-07-10T09:59:03.456+0200: 89.601: [CMS-concurrent-abortable-preclean-start]
2014-07-10T09:59:03.492+0200: 89.637: [GC (Allocation Failure) 89.637: [ParNew: 9745K->1059K(9792K), 0.0023255 secs] 27242K->20830K(31680K), 0.0025458 secs] [Times: user=0.00 sys=0.00, real=0.00 secs] 
2014-07-10T09:59:03.555+0200: 89.700: [GC (Allocation Failure) 89.701: [ParNew: 9745K->9745K(9792K), 0.0001085 secs]89.701: [CMS2014-07-10T09:59:03.556+0200: 89.701: [CMS-concurrent-abortable-preclean: 0.000/0.100 secs] [Times: user=0.00 sys=0.00, real=0.10 secs] 
 (concurrent mode failure): 19770K->4318K(21888K), 0.0064064 secs] 29516K->4318K(31680K), [Metaspace: 2457K->2457K(1056768K)], 0.0074025 secs] [Times: user=0.00 sys=0.00, real=0.01 secs] 
2014-07-10T09:59:03.568+0200: 89.712: [GC (Allocation Failure) 89.712: [ParNew: 8686K->1059K(9792K), 0.0031273 secs] 13004K->8615K(31680K), 0.0033902 secs] [Times: user=0.00 sys=0.00, real=0.00 secs] 
2014-07-10T09:59:03.592+0200: 89.737: [GC (Allocation Failure) 89.737: [ParNew: 9745K->1059K(9792K), 0.0036630 secs] 17301K->12330K(31680K), 0.0038195 secs] [Times: user=0.00 sys=0.00, real=0.00 secs] 
2014-07-10T09:59:03.642+0200: 89.787: [GC (Allocation Failure) 89.787: [ParNew: 9751K->1061K(9792K), 0.0029447 secs] 21022K->15503K(31680K), 0.0030855 secs] [Times: user=0.03 sys=0.00, real=0.00 secs] 
2014-07-10T09:59:03.645+0200: 89.790: [GC (CMS Initial Mark) [1 CMS-initial-mark: 14441K(21888K)] 15569K(31680K), 0.0001892 secs] [Times: user=0.00 sys=0.00, real=0.00 secs] 
2014-07-10T09:59:03.645+0200: 89.790: [CMS-concurrent-mark-start]
2014-07-10T09:59:03.646+0200: 89.791: [CMS-concurrent-mark: 0.001/0.001 secs] [Times: user=0.00 sys=0.00, real=0.00 secs] 
2014-07-10T09:59:03.646+0200: 89.791: [CMS-concurrent-preclean-start]
2014-07-10T09:59:03.647+0200: 89.791: [CMS-concurrent-preclean: 0.000/0.000 secs] [Times: user=0.00 sys=0.00, real=0.00 secs] 
2014-07-10T09:59:03.647+0200: 89.791: [CMS-concurrent-abortable-preclean-start]
2014-07-10T09:59:03.649+0200: 89.794: [GC (Allocation Failure) 89.794: [ParNew: 9747K->1059K(9792K), 0.0039295 secs] 24189K->19152K(31680K), 0.0041003 secs] [Times: user=0.00 sys=0.00, real=0.00 secs] 
2014-07-10T09:59:03.655+0200: 89.800: [CMS-concurrent-abortable-preclean: 0.001/0.008 secs] [Times: user=0.00 sys=0.00, real=0.01 secs] 
2014-07-10T09:59:03.655+0200: 89.800: [GC (CMS Final Remark) [YG occupancy: 4233 K (9792 K)]89.800: [Rescan (parallel) , 0.0001280 secs]89.800: [weak refs processing, 0.0000312 secs]89.800: [class unloading, 0.0005932 secs]89.801: [scrub symbol table, 0.0006317 secs]89.801: [scrub string table, 0.0001958 secs][1 CMS-remark: 18092K(21888K)] 22325K(31680K), 0.0017253 secs] [Times: user=0.00 sys=0.00, real=0.00 secs] 
2014-07-10T09:59:03.657+0200: 89.802: [CMS-concurrent-sweep-start]
2014-07-10T09:59:03.657+0200: 89.802: [CMS-concurrent-sweep: 0.000/0.000 secs] [Times: user=0.00 sys=0.00, real=0.00 secs] 
2014-07-10T09:59:03.657+0200: 89.802: [CMS-concurrent-reset-start]
2014-07-10T09:59:03.657+0200: 89.802: [CMS-concurrent-reset: 0.000/0.000 secs] [Times: user=0.00 sys=0.00, real=0.00 secs] 
2014-07-10T09:59:03.692+0200: 89.837: [GC (Allocation Failure) 89.837: [ParNew: 9745K->1059K(9792K), 0.0040303 secs] 17077K->12522K(31680K), 0.0041700 secs] [Times: user=0.00 sys=0.00, real=0.00 secs] 
2014-07-10T09:59:03.697+0200: 89.841: [GC (CMS Initial Mark) [1 CMS-initial-mark: 11462K(21888K)] 12588K(31680K), 0.0002596 secs] [Times: user=0.00 sys=0.00, real=0.00 secs] 
2014-07-10T09:59:03.697+0200: 89.842: [CMS-concurrent-mark-start]
2014-07-10T09:59:03.698+0200: 89.843: [CMS-concurrent-mark: 0.001/0.001 secs] [Times: user=0.00 sys=0.00, real=0.00 secs] 
2014-07-10T09:59:03.698+0200: 89.843: [CMS-concurrent-preclean-start]
2014-07-10T09:59:03.698+0200: 89.843: [CMS-concurrent-preclean: 0.000/0.000 secs] [Times: user=0.00 sys=0.00, real=0.00 secs] 
2014-07-10T09:59:03.698+0200: 89.843: [CMS-concurrent-abortable-preclean-start]
2014-07-10T09:59:03.744+0200: 89.889: [GC (Allocation Failure) 89.889: [ParNew: 9745K->1059K(9792K), 0.0074205 secs] 21208K->17133K(31680K), 0.0077098 secs] [Times: user=0.00 sys=0.00, real=0.01 secs] 
2014-07-10T09:59:03.759+0200: 89.904: [GC (Allocation Failure) 89.904: [ParNew: 9745K->1059K(9792K), 0.0079910 secs] 25820K->22225K(31680K), 0.0082120 secs] [Times: user=0.00 sys=0.00, real=0.01 secs] 
2014-07-10T09:59:03.767+0200: 89.912: [CMS-concurrent-abortable-preclean: 0.002/0.069 secs] [Times: user=0.03 sys=0.00, real=0.07 secs] 
2014-07-10T09:59:03.768+0200: 89.912: [GC (CMS Final Remark) [YG occupancy: 1477 K (9792 K)]89.912: [Rescan (parallel) , 0.0001840 secs]89.913: [weak refs processing, 0.0000301 secs]89.913: [class unloading, 0.0004861 secs]89.913: [scrub symbol table, 0.0006145 secs]89.914: [scrub string table, 0.0001833 secs][1 CMS-remark: 21165K(21888K)] 22643K(31680K), 0.0016439 secs] [Times: user=0.02 sys=0.00, real=0.00 secs] 
2014-07-10T09:59:03.769+0200: 89.914: [CMS-concurrent-sweep-start]
2014-07-10T09:59:03.770+0200: 89.915: [CMS-concurrent-sweep: 0.000/0.000 secs] [Times: user=0.00 sys=0.00, real=0.00 secs] 
2014-07-10T09:59:03.770+0200: 89.915: [CMS-concurrent-reset-start]
2014-07-10T09:59:03.770+0200: 89.915: [CMS-concurrent-reset: 0.000/0.000 secs] [Times: user=0.00 sys=0.00, real=0.00 secs] 
2014-07-10T09:59:03.793+0200: 89.938: [GC (Allocation Failure) 89.938: [ParNew: 9745K->1059K(9792K), 0.0052559 secs] 24090K->20975K(31680K), 0.0054052 secs] [Times: user=0.00 sys=0.00, real=0.01 secs] 
2014-07-10T09:59:03.799+0200: 89.943: [GC (CMS Initial Mark) [1 CMS-initial-mark: 19916K(21888K)] 21137K(31680K), 0.0002284 secs] [Times: user=0.00 sys=0.00, real=0.00 secs] 
2014-07-10T09:59:03.799+0200: 89.944: [CMS-concurrent-mark-start]
2014-07-10T09:59:03.800+0200: 89.945: [CMS-concurrent-mark: 0.001/0.001 secs] [Times: user=0.02 sys=0.00, real=0.00 secs] 
2014-07-10T09:59:03.800+0200: 89.945: [CMS-concurrent-preclean-start]
2014-07-10T09:59:03.800+0200: 89.945: [CMS-concurrent-preclean: 0.000/0.000 secs] [Times: user=0.00 sys=0.00, real=0.00 secs] 
2014-07-10T09:59:03.800+0200: 89.945: [GC (CMS Final Remark) [YG occupancy: 2630 K (9792 K)]89.945: [Rescan (parallel) , 0.0001155 secs]89.945: [weak refs processing, 0.0000290 secs]89.945: [class unloading, 0.0004773 secs]89.945: [scrub symbol table, 0.0006119 secs]89.946: [scrub string table, 0.0001892 secs][1 CMS-remark: 19916K(21888K)] 22546K(31680K), 0.0015622 secs] [Times: user=0.00 sys=0.00, real=0.00 secs] 
2014-07-10T09:59:03.802+0200: 89.946: [CMS-concurrent-sweep-start]
2014-07-10T09:59:03.802+0200: 89.947: [CMS-concurrent-sweep: 0.000/0.000 secs] [Times: user=0.00 sys=0.00, real=0.00 secs] 
2014-07-10T09:59:03.802+0200: 89.947: [CMS-concurrent-reset-start]
2014-07-10T09:59:03.802+0200: 89.947: [CMS-concurrent-reset: 0.000/0.000 secs] [Times: user=0.00 sys=0.00, real=0.00 secs] 
2014-07-10T09:59:03.843+0200: 89.988: [GC (Allocation Failure) 89.988: [ParNew: 9745K->1059K(9792K), 0.0056563 secs] 15827K->13193K(31680K), 0.0058257 secs] [Times: user=0.03 sys=0.00, real=0.01 secs] 
2014-07-10T09:59:03.849+0200: 89.994: [GC (CMS Initial Mark) [1 CMS-initial-mark: 12134K(21888K)] 13259K(31680K), 0.0002302 secs] [Times: user=0.00 sys=0.00, real=0.00 secs] 
2014-07-10T09:59:03.849+0200: 89.994: [CMS-concurrent-mark-start]
2014-07-10T09:59:03.850+0200: 89.995: [CMS-concurrent-mark: 0.001/0.001 secs] [Times: user=0.00 sys=0.00, real=0.00 secs] 
2014-07-10T09:59:03.850+0200: 89.995: [CMS-concurrent-preclean-start]
2014-07-10T09:59:03.850+0200: 89.995: [CMS-concurrent-preclean: 0.000/0.000 secs] [Times: user=0.00 sys=0.00, real=0.00 secs] 
2014-07-10T09:59:03.850+0200: 89.995: [CMS-concurrent-abortable-preclean-start]
2014-07-10T09:59:03.853+0200: 89.998: [GC (Allocation Failure) 89.998: [ParNew: 9745K->1059K(9792K), 0.0058341 secs] 21879K->19726K(31680K), 0.0059819 secs] [Times: user=0.00 sys=0.00, real=0.01 secs] 
2014-07-10T09:59:03.860+0200: 90.005: [CMS-concurrent-abortable-preclean: 0.001/0.010 secs] [Times: user=0.00 sys=0.00, real=0.01 secs] 
2014-07-10T09:59:03.861+0200: 90.005: [GC (CMS Final Remark) [YG occupancy: 3350 K (9792 K)]90.005: [Rescan (parallel) , 0.0001228 secs]90.006: [weak refs processing, 0.0000330 secs]90.006: [class unloading, 0.0007138 secs]90.006: [scrub symbol table, 0.0007325 secs]90.007: [scrub string table, 0.0002467 secs][1 CMS-remark: 18666K(21888K)] 22017K(31680K), 0.0020190 secs] [Times: user=0.02 sys=0.00, real=0.00 secs] 
2014-07-10T09:59:03.863+0200: 90.008: [CMS-concurrent-sweep-start]
2014-07-10T09:59:03.863+0200: 90.008: [CMS-concurrent-sweep: 0.000/0.000 secs] [Times: user=0.00 sys=0.00, real=0.00 secs] 
2014-07-10T09:59:03.863+0200: 90.008: [CMS-concurrent-reset-start]
2014-07-10T09:59:03.863+0200: 90.008: [CMS-concurrent-reset: 0.000/0.000 secs] [Times: user=0.00 sys=0.00, real=0.00 secs] 
2014-07-10T09:59:03.893+0200: 90.038: [GC (Allocation Failure) 90.038: [ParNew: 9762K->1059K(9792K), 0.0046642 secs] 22857K->19501K(31680K), 0.0048989 secs] [Times: user=0.03 sys=0.00, real=0.01 secs] 
2014-07-10T09:59:03.898+0200: 90.043: [GC (CMS Initial Mark) [1 CMS-initial-mark: 18442K(21888K)] 19533K(31680K), 0.0002434 secs] [Times: user=0.00 sys=0.00, real=0.00 secs] 
2014-07-10T09:59:03.899+0200: 90.043: [CMS-concurrent-mark-start]
2014-07-10T09:59:03.899+0200: 90.044: [CMS-concurrent-mark: 0.001/0.001 secs] [Times: user=0.00 sys=0.00, real=0.00 secs] 
2014-07-10T09:59:03.899+0200: 90.044: [CMS-concurrent-preclean-start]
2014-07-10T09:59:03.900+0200: 90.044: [CMS-concurrent-preclean: 0.000/0.000 secs] [Times: user=0.00 sys=0.00, real=0.00 secs] 
2014-07-10T09:59:03.900+0200: 90.044: [GC (CMS Final Remark) [YG occupancy: 2854 K (9792 K)]90.044: [Rescan (parallel) , 0.0001265 secs]90.045: [weak refs processing, 0.0000392 secs]90.045: [class unloading, 0.0004931 secs]90.045: [scrub symbol table, 0.0006346 secs]90.046: [scrub string table, 0.0001771 secs][1 CMS-remark: 18442K(21888K)] 21296K(31680K), 0.0016040 secs] [Times: user=0.00 sys=0.00, real=0.00 secs] 
2014-07-10T09:59:03.901+0200: 90.046: [CMS-concurrent-sweep-start]
2014-07-10T09:59:03.902+0200: 90.046: [CMS-concurrent-sweep: 0.000/0.000 secs] [Times: user=0.00 sys=0.00, real=0.00 secs] 
2014-07-10T09:59:03.902+0200: 90.046: [CMS-concurrent-reset-start]
2014-07-10T09:59:03.902+0200: 90.047: [CMS-concurrent-reset: 0.000/0.000 secs] [Times: user=0.00 sys=0.00, real=0.00 secs] 
2014-07-10T09:59:03.943+0200: 90.087: [GC (Allocation Failure) 90.087: [ParNew: 9745K->1059K(9792K), 0.0054187 secs] 15602K->12746K(31680K), 0.0055613 secs] [Times: user=0.00 sys=0.00, real=0.00 secs] 
2014-07-10T09:59:03.948+0200: 90.093: [GC (CMS Initial Mark) [1 CMS-initial-mark: 11686K(21888K)] 12812K(31680K), 0.0002599 secs] [Times: user=0.00 sys=0.00, real=0.00 secs] 
2014-07-10T09:59:03.949+0200: 90.093: [CMS-concurrent-mark-start]
2014-07-10T09:59:03.950+0200: 90.094: [CMS-concurrent-mark: 0.001/0.001 secs] [Times: user=0.00 sys=0.00, real=0.00 secs] 
2014-07-10T09:59:03.950+0200: 90.095: [CMS-concurrent-preclean-start]
2014-07-10T09:59:03.950+0200: 90.095: [CMS-concurrent-preclean: 0.000/0.000 secs] [Times: user=0.00 sys=0.00, real=0.00 secs] 
2014-07-10T09:59:03.950+0200: 90.095: [CMS-concurrent-abortable-preclean-start]
2014-07-10T09:59:03.952+0200: 90.097: [GC (Allocation Failure) 90.097: [ParNew: 9745K->1059K(9792K), 0.0056981 secs] 21432K->19054K(31680K), 0.0058312 secs] [Times: user=0.03 sys=0.00, real=0.01 secs] 
2014-07-10T09:59:03.993+0200: 90.138: [GC (Allocation Failure) 90.138: [ParNew: 9745K->9745K(9792K), 0.0000458 secs]90.138: [CMS2014-07-10T09:59:03.994+0200: 90.138: [CMS-concurrent-abortable-preclean: 0.001/0.044 secs] [Times: user=0.03 sys=0.00, real=0.04 secs] 
 (concurrent mode failure): 17994K->8352K(21888K), 0.0079943 secs] 27740K->8352K(31680K), [Metaspace: 2457K->2457K(1056768K)], 0.0082098 secs] [Times: user=0.00 sys=0.00, real=0.01 secs] 
2014-07-10T09:59:04.046+0200: 90.191: [GC (Allocation Failure) 90.191: [ParNew: 8688K->131K(9792K), 0.0014364 secs] 17041K->8483K(31680K), 0.0016520 secs] [Times: user=0.00 sys=0.00, real=0.00 secs] 
2014-07-10T09:59:04.091+0200: 90.236: [GC (Allocation Failure) 90.236: [ParNew: 8817K->613K(9792K), 0.0013158 secs] 17170K->8966K(31680K), 0.0015479 secs] [Times: user=0.00 sys=0.00, real=0.00 secs] 
2014-07-10T09:59:04.099+0200: 90.244: [GC (Allocation Failure) 90.244: [ParNew: 9317K->80K(9792K), 0.0018350 secs] 17670K->8440K(31680K), 0.0020513 secs] [Times: user=0.00 sys=0.00, real=0.00 secs] 
2014-07-10T09:59:04.144+0200: 90.289: [GC (Allocation Failure) 90.289: [ParNew: 8760K->37K(9792K), 0.0006728 secs] 17120K->8397K(31680K), 0.0007930 secs] [Times: user=0.00 sys=0.00, real=0.00 secs] 
2014-07-10T09:59:04.191+0200: 90.336: [GC (Allocation Failure) 90.336: [ParNew: 8723K->517K(9792K), 0.0013096 secs] 17083K->8877K(31680K), 0.0015017 secs] [Times: user=0.00 sys=0.00, real=0.00 secs] 
2014-07-10T09:59:04.241+0200: 90.386: [GC (Allocation Failure) 90.386: [ParNew: 9203K->998K(9792K), 0.0014207 secs] 17563K->9358K(31680K), 0.0016282 secs] [Times: user=0.00 sys=0.00, real=0.00 secs] 
2014-07-10T09:59:04.249+0200: 90.393: [GC (Allocation Failure) 90.393: [ParNew: 9684K->1059K(9792K), 0.0013712 secs] 18044K->9841K(31680K), 0.0015076 secs] [Times: user=0.00 sys=0.00, real=0.00 secs] 
2014-07-10T09:59:04.291+0200: 90.436: [GC (Allocation Failure) 90.436: [ParNew: 9745K->1059K(9792K), 0.0194568 secs] 18527K->10738K(31680K), 0.0195745 secs] [Times: user=0.02 sys=0.00, real=0.02 secs] 
2014-07-10T09:59:04.348+0200: 90.492: [GC (Allocation Failure) 90.492: [ParNew: 9745K->1059K(9792K), 0.0138896 secs] 19425K->12116K(31680K), 0.0140018 secs] [Times: user=0.00 sys=0.00, real=0.01 secs] 
2014-07-10T09:59:04.366+0200: 90.511: [GC (Allocation Failure) 90.511: [ParNew: 9751K->1059K(9792K), 0.0113247 secs] 20808K->13462K(31680K), 0.0114691 secs] [Times: user=0.02 sys=0.00, real=0.01 secs] 
2014-07-10T09:59:04.391+0200: 90.536: [GC (Allocation Failure) 90.536: [ParNew: 9749K->1059K(9792K), 0.0012234 secs] 22152K->14264K(31680K), 0.0013180 secs] [Times: user=0.03 sys=0.00, real=0.00 secs] 
2014-07-10T09:59:04.442+0200: 90.586: [GC (Allocation Failure) 90.586: [ParNew: 9745K->1059K(9792K), 0.0014518 secs] 22950K->15546K(31680K), 0.0015750 secs] [Times: user=0.00 sys=0.00, real=0.00 secs] 
2014-07-10T09:59:04.448+0200: 90.593: [GC (Allocation Failure) 90.593: [ParNew: 9745K->1059K(9792K), 0.0019666 secs] 24232K->17308K(31680K), 0.0020890 secs] [Times: user=0.00 sys=0.00, real=0.00 secs] 
2014-07-10T09:59:04.491+0200: 90.636: [GC (Allocation Failure) 90.636: [ParNew: 9745K->1059K(9792K), 0.0017488 secs] 25994K->19550K(31680K), 0.0018698 secs] [Times: user=0.00 sys=0.00, real=0.00 secs] 
2014-07-10T09:59:04.493+0200: 90.638: [GC (CMS Initial Mark) [1 CMS-initial-mark: 18491K(21888K)] 19616K(31680K), 0.0001840 secs] [Times: user=0.00 sys=0.00, real=0.00 secs] 
2014-07-10T09:59:04.494+0200: 90.638: [CMS-concurrent-mark-start]
2014-07-10T09:59:04.495+0200: 90.639: [CMS-concurrent-mark: 0.001/0.001 secs] [Times: user=0.00 sys=0.00, real=0.00 secs] 
2014-07-10T09:59:04.495+0200: 90.639: [CMS-concurrent-preclean-start]
2014-07-10T09:59:04.495+0200: 90.640: [CMS-concurrent-preclean: 0.000/0.000 secs] [Times: user=0.00 sys=0.00, real=0.00 secs] 
2014-07-10T09:59:04.495+0200: 90.640: [CMS-concurrent-abortable-preclean-start]
2014-07-10T09:59:04.543+0200: 90.688: [GC (Allocation Failure) 90.688: [ParNew: 9745K->1059K(9792K), 0.0048996 secs] 28236K->22273K(31680K), 0.0051566 secs] [Times: user=0.00 sys=0.00, real=0.01 secs] 
2014-07-10T09:59:04.549+0200: 90.693: [CMS-concurrent-abortable-preclean: 0.000/0.054 secs] [Times: user=0.01 sys=0.00, real=0.05 secs] 
2014-07-10T09:59:04.549+0200: 90.694: [GC (CMS Final Remark) [YG occupancy: 1317 K (9792 K)]90.694: [Rescan (parallel) , 0.0004407 secs]90.694: [weak refs processing, 0.0000609 secs]90.695: [class unloading, 0.0010940 secs]90.696: [scrub symbol table, 0.0012704 secs]90.697: [scrub string table, 0.0004674 secs][1 CMS-remark: 21213K(21888K)] 22531K(31680K), 0.0036952 secs] [Times: user=0.00 sys=0.00, real=0.00 secs] 
2014-07-10T09:59:04.553+0200: 90.698: [CMS-concurrent-sweep-start]
2014-07-10T09:59:04.554+0200: 90.699: [CMS-concurrent-sweep: 0.001/0.001 secs] [Times: user=0.00 sys=0.00, real=0.00 secs] 
2014-07-10T09:59:04.554+0200: 90.699: [CMS-concurrent-reset-start]
2014-07-10T09:59:04.554+0200: 90.699: [CMS-concurrent-reset: 0.000/0.000 secs] [Times: user=0.00 sys=0.00, real=0.00 secs] 
2014-07-10T09:59:04.559+0200: 90.704: [GC (Allocation Failure) 90.704: [ParNew: 9745K->1059K(9792K), 0.0091964 secs] 15221K->9738K(31680K), 0.0095231 secs] [Times: user=0.02 sys=0.00, real=0.01 secs] 
2014-07-10T09:59:04.592+0200: 90.737: [GC (Allocation Failure) 90.737: [ParNew: 9749K->1059K(9792K), 0.0026060 secs] 18428K->12396K(31680K), 0.0027658 secs] [Times: user=0.00 sys=0.00, real=0.00 secs] 
2014-07-10T09:59:04.643+0200: 90.788: [GC (Allocation Failure) 90.788: [ParNew: 9745K->1059K(9792K), 0.0057179 secs] 21082K->15535K(31680K), 0.0059958 secs] [Times: user=0.00 sys=0.00, real=0.01 secs] 
2014-07-10T09:59:04.650+0200: 90.794: [GC (CMS Initial Mark) [1 CMS-initial-mark: 14476K(21888K)] 15567K(31680K), 0.0003593 secs] [Times: user=0.00 sys=0.00, real=0.00 secs] 
2014-07-10T09:59:04.650+0200: 90.795: [CMS-concurrent-mark-start]
2014-07-10T09:59:04.653+0200: 90.798: [CMS-concurrent-mark: 0.003/0.003 secs] [Times: user=0.00 sys=0.00, real=0.00 secs] 
2014-07-10T09:59:04.653+0200: 90.798: [CMS-concurrent-preclean-start]
2014-07-10T09:59:04.653+0200: 90.798: [CMS-concurrent-preclean: 0.000/0.000 secs] [Times: user=0.00 sys=0.00, real=0.00 secs] 
2014-07-10T09:59:04.653+0200: 90.798: [CMS-concurrent-abortable-preclean-start]
2014-07-10T09:59:04.657+0200: 90.802: [GC (Allocation Failure) 90.802: [ParNew: 9745K->1059K(9792K), 0.0060585 secs] 24222K->19154K(31680K), 0.0063221 secs] [Times: user=0.03 sys=0.00, real=0.01 secs] 
2014-07-10T09:59:04.693+0200: 90.837: [GC (Allocation Failure) 90.837: [ParNew: 9745K->9745K(9792K), 0.0000513 secs]90.838: [CMS2014-07-10T09:59:04.693+0200: 90.838: [CMS-concurrent-abortable-preclean: 0.002/0.039 secs] [Times: user=0.03 sys=0.00, real=0.04 secs] 
 (concurrent mode failure): 18095K->5664K(21888K), 0.0068376 secs] 27840K->5664K(31680K), [Metaspace: 2457K->2457K(1056768K)], 0.0070513 secs] [Times: user=0.00 sys=0.00, real=0.01 secs] 
2014-07-10T09:59:04.742+0200: 90.887: [GC (Allocation Failure) 90.887: [ParNew: 8686K->1059K(9792K), 0.0044164 secs] 14350K->11305K(31680K), 0.0045583 secs] [Times: user=0.00 sys=0.00, real=0.00 secs] 
2014-07-10T09:59:04.747+0200: 90.892: [GC (CMS Initial Mark) [1 CMS-initial-mark: 10246K(21888K)] 11372K(31680K), 0.0002805 secs] [Times: user=0.00 sys=0.00, real=0.00 secs] 
2014-07-10T09:59:04.747+0200: 90.892: [CMS-concurrent-mark-start]
2014-07-10T09:59:04.749+0200: 90.893: [CMS-concurrent-mark: 0.001/0.001 secs] [Times: user=0.00 sys=0.00, real=0.00 secs] 
2014-07-10T09:59:04.749+0200: 90.893: [CMS-concurrent-preclean-start]
2014-07-10T09:59:04.749+0200: 90.894: [CMS-concurrent-preclean: 0.000/0.000 secs] [Times: user=0.00 sys=0.00, real=0.00 secs] 
2014-07-10T09:59:04.749+0200: 90.894: [CMS-concurrent-abortable-preclean-start]
2014-07-10T09:59:04.751+0200: 90.896: [GC (Allocation Failure) 90.896: [ParNew: 9745K->1059K(9792K), 0.0049359 secs] 19992K->16365K(31680K), 0.0050704 secs] [Times: user=0.03 sys=0.00, real=0.01 secs] 
2014-07-10T09:59:04.795+0200: 90.939: [GC (Allocation Failure) 90.940: [ParNew: 9745K->9745K(9792K), 0.0000979 secs]90.940: [CMS2014-07-10T09:59:04.795+0200: 90.940: [CMS-concurrent-abortable-preclean: 0.001/0.046 secs] [Times: user=0.03 sys=0.00, real=0.05 secs] 
 (concurrent mode failure): 15305K->7104K(21888K), 0.0147941 secs] 25051K->7104K(31680K), [Metaspace: 2457K->2457K(1056768K)], 0.0152351 secs] [Times: user=0.02 sys=0.00, real=0.01 secs] 
2014-07-10T09:59:04.845+0200: 90.990: [GC (Allocation Failure) 90.990: [ParNew: 8686K->1059K(9792K), 0.0092133 secs] 15791K->14187K(31680K), 0.0095000 secs] [Times: user=0.02 sys=0.00, real=0.01 secs] 
2014-07-10T09:59:04.855+0200: 91.000: [GC (CMS Initial Mark) [1 CMS-initial-mark: 13127K(21888K)] 14219K(31680K), 0.0004403 secs] [Times: user=0.00 sys=0.00, real=0.00 secs] 
2014-07-10T09:59:04.856+0200: 91.001: [CMS-concurrent-mark-start]
2014-07-10T09:59:04.858+0200: 91.003: [CMS-concurrent-mark: 0.002/0.002 secs] [Times: user=0.00 sys=0.00, real=0.00 secs] 
2014-07-10T09:59:04.858+0200: 91.003: [CMS-concurrent-preclean-start]
2014-07-10T09:59:04.859+0200: 91.003: [CMS-concurrent-preclean: 0.000/0.000 secs] [Times: user=0.00 sys=0.00, real=0.00 secs] 
2014-07-10T09:59:04.859+0200: 91.004: [CMS-concurrent-abortable-preclean-start]
2014-07-10T09:59:04.863+0200: 91.007: [GC (Allocation Failure) 91.007: [ParNew: 9745K->1059K(9792K), 0.0093222 secs] 22873K->20687K(31680K), 0.0095829 secs] [Times: user=0.00 sys=0.00, real=0.01 secs] 
2014-07-10T09:59:04.875+0200: 91.020: [CMS-concurrent-abortable-preclean: 0.002/0.016 secs] [Times: user=0.01 sys=0.00, real=0.02 secs] 
2014-07-10T09:59:04.875+0200: 91.020: [GC (CMS Final Remark) [YG occupancy: 3900 K (9792 K)]91.020: [Rescan (parallel) , 0.0003344 secs]91.020: [weak refs processing, 0.0000620 secs]91.021: [class unloading, 0.0010368 secs]91.022: [scrub symbol table, 0.0006251 secs]91.022: [scrub string table, 0.0002533 secs][1 CMS-remark: 19628K(21888K)] 23528K(31680K), 0.0025444 secs] [Times: user=0.02 sys=0.00, real=0.00 secs] 
2014-07-10T09:59:04.878+0200: 91.023: [CMS-concurrent-sweep-start]
2014-07-10T09:59:04.878+0200: 91.023: [CMS-concurrent-sweep: 0.000/0.000 secs] [Times: user=0.00 sys=0.00, real=0.00 secs] 
2014-07-10T09:59:04.878+0200: 91.023: [CMS-concurrent-reset-start]
2014-07-10T09:59:04.878+0200: 91.023: [CMS-concurrent-reset: 0.000/0.000 secs] [Times: user=0.00 sys=0.00, real=0.00 secs] 
2014-07-10T09:59:04.893+0200: 91.037: [GC (Allocation Failure) 91.037: [ParNew: 9733K->9733K(9792K), 0.0000480 secs]91.038: [CMS: 13030K->6337K(21888K), 0.0071628 secs] 22764K->6337K(31680K), [Metaspace: 2457K->2457K(1056768K)], 0.0073739 secs] [Times: user=0.00 sys=0.00, real=0.01 secs] 
2014-07-10T09:59:04.943+0200: 91.087: [GC (Allocation Failure) 91.088: [ParNew: 8686K->1059K(9792K), 0.0050323 secs] 15023K->12651K(31680K), 0.0051786 secs] [Times: user=0.00 sys=0.00, real=0.00 secs] 
2014-07-10T09:59:04.948+0200: 91.093: [GC (CMS Initial Mark) [1 CMS-initial-mark: 11592K(21888K)] 12683K(31680K), 0.0001910 secs] [Times: user=0.00 sys=0.00, real=0.00 secs] 
2014-07-10T09:59:04.948+0200: 91.093: [CMS-concurrent-mark-start]
2014-07-10T09:59:04.949+0200: 91.094: [CMS-concurrent-mark: 0.001/0.001 secs] [Times: user=0.00 sys=0.00, real=0.00 secs] 
2014-07-10T09:59:04.949+0200: 91.094: [CMS-concurrent-preclean-start]
2014-07-10T09:59:04.950+0200: 91.094: [CMS-concurrent-preclean: 0.000/0.000 secs] [Times: user=0.00 sys=0.00, real=0.00 secs] 
2014-07-10T09:59:04.950+0200: 91.094: [CMS-concurrent-abortable-preclean-start]
2014-07-10T09:59:04.952+0200: 91.097: [GC (Allocation Failure) 91.097: [ParNew: 9745K->1059K(9792K), 0.0048673 secs] 21338K->18383K(31680K), 0.0050253 secs] [Times: user=0.03 sys=0.00, real=0.01 secs] 
2014-07-10T09:59:04.993+0200: 91.138: [GC (Allocation Failure) 91.138: [ParNew: 9745K->9745K(9792K), 0.0000451 secs]91.138: [CMS2014-07-10T09:59:04.993+0200: 91.138: [CMS-concurrent-abortable-preclean: 0.001/0.043 secs] [Times: user=0.03 sys=0.00, real=0.04 secs] 
 (concurrent mode failure): 17324K->7778K(21888K), 0.0075349 secs] 27069K->7778K(31680K), [Metaspace: 2457K->2457K(1056768K)], 0.0077457 secs] [Times: user=0.00 sys=0.00, real=0.01 secs] 
2014-07-10T09:59:05.045+0200: 91.190: [GC (Allocation Failure) 91.190: [ParNew: 8686K->1059K(9792K), 0.0098850 secs] 16464K->15533K(31680K), 0.0101860 secs] [Times: user=0.02 sys=0.00, real=0.01 secs] 
2014-07-10T09:59:05.056+0200: 91.201: [GC (CMS Initial Mark) [1 CMS-initial-mark: 14473K(21888K)] 15599K(31680K), 0.0004418 secs] [Times: user=0.00 sys=0.00, real=0.00 secs] 
2014-07-10T09:59:05.057+0200: 91.201: [CMS-concurrent-mark-start]
2014-07-10T09:59:05.058+0200: 91.203: [CMS-concurrent-mark: 0.001/0.001 secs] [Times: user=0.00 sys=0.00, real=0.00 secs] 
2014-07-10T09:59:05.058+0200: 91.203: [CMS-concurrent-preclean-start]
2014-07-10T09:59:05.058+0200: 91.203: [CMS-concurrent-preclean: 0.000/0.000 secs] [Times: user=0.00 sys=0.00, real=0.00 secs] 
2014-07-10T09:59:05.058+0200: 91.203: [CMS-concurrent-abortable-preclean-start]
2014-07-10T09:59:05.091+0200: 91.236: [GC (Allocation Failure) 91.236: [ParNew: 9747K->9747K(9792K), 0.0001151 secs]91.236: [CMS2014-07-10T09:59:05.092+0200: 91.236: [CMS-concurrent-abortable-preclean: 0.000/0.033 secs] [Times: user=0.00 sys=0.00, real=0.03 secs] 
 (concurrent mode failure): 14473K->542K(21888K), 0.0074605 secs] 24221K->542K(31680K), [Metaspace: 2457K->2457K(1056768K)], 0.0078707 secs] [Times: user=0.02 sys=0.00, real=0.01 secs] 
2014-07-10T09:59:05.105+0200: 91.250: [GC (Allocation Failure) 91.250: [ParNew: 8697K->523K(9792K), 0.0015017 secs] 9239K->1066K(31680K), 0.0016949 secs] [Times: user=0.00 sys=0.00, real=0.00 secs] 
2014-07-10T09:59:05.147+0200: 91.291: [GC (Allocation Failure) 91.292: [ParNew: 9202K->1059K(9792K), 0.0098795 secs] 9745K->8713K(31680K), 0.0101863 secs] [Times: user=0.01 sys=0.00, real=0.01 secs] 
2014-07-10T09:59:05.158+0200: 91.303: [GC (CMS Initial Mark) [1 CMS-initial-mark: 7654K(21888K)] 8971K(31680K), 0.0003490 secs] [Times: user=0.00 sys=0.00, real=0.00 secs] 
2014-07-10T09:59:05.158+0200: 91.303: [CMS-concurrent-mark-start]
2014-07-10T09:59:05.161+0200: 91.305: [CMS-concurrent-mark: 0.002/0.002 secs] [Times: user=0.00 sys=0.00, real=0.00 secs] 
2014-07-10T09:59:05.161+0200: 91.306: [CMS-concurrent-preclean-start]
2014-07-10T09:59:05.161+0200: 91.306: [CMS-concurrent-preclean: 0.000/0.000 secs] [Times: user=0.00 sys=0.00, real=0.00 secs] 
2014-07-10T09:59:05.161+0200: 91.306: [CMS-concurrent-abortable-preclean-start]
2014-07-10T09:59:05.191+0200: 91.336: [GC (Allocation Failure) 91.336: [ParNew: 9747K->453K(9792K), 0.0006159 secs] 17402K->8109K(31680K), 0.0007017 secs] [Times: user=0.00 sys=0.00, real=0.00 secs] 
2014-07-10T09:59:05.241+0200: 91.386: [GC (Allocation Failure) 91.386: [ParNew: 9139K->934K(9792K), 0.0014493 secs] 16795K->8590K(31680K), 0.0016634 secs] [Times: user=0.00 sys=0.00, real=0.00 secs] 
2014-07-10T09:59:05.250+0200: 91.394: [GC (Allocation Failure) 91.395: [ParNew: 9620K->1059K(9792K), 0.0022863 secs] 17276K->9070K(31680K), 0.0025253 secs] [Times: user=0.03 sys=0.00, real=0.00 secs] 
2014-07-10T09:59:05.292+0200: 91.437: [GC (Allocation Failure) 91.437: [ParNew: 9745K->1059K(9792K), 0.0031423 secs] 17757K->9904K(31680K), 0.0033282 secs] [Times: user=0.00 sys=0.00, real=0.00 secs] 
2014-07-10T09:59:05.341+0200: 91.486: [GC (Allocation Failure) 91.486: [ParNew: 9745K->1059K(9792K), 0.0013136 secs] 18590K->11218K(31680K), 0.0014463 secs] [Times: user=0.00 sys=0.00, real=0.00 secs] 
2014-07-10T09:59:05.348+0200: 91.492: [GC (Allocation Failure) 91.492: [ParNew: 9755K->1061K(9792K), 0.0014302 secs] 19913K->11477K(31680K), 0.0015684 secs] [Times: user=0.00 sys=0.00, real=0.00 secs] 
2014-07-10T09:59:05.391+0200: 91.536: [GC (Allocation Failure) 91.536: [ParNew: 9747K->1059K(9792K), 0.0011926 secs] 20163K->12213K(31680K), 0.0012960 secs] [Times: user=0.00 sys=0.00, real=0.00 secs] 
2014-07-10T09:59:05.441+0200: 91.586: [GC (Allocation Failure) 91.586: [ParNew: 9745K->1059K(9792K), 0.0014309 secs] 20900K->13431K(31680K), 0.0015571 secs] [Times: user=0.00 sys=0.00, real=0.00 secs] 
2014-07-10T09:59:05.447+0200: 91.592: [GC (Allocation Failure) 91.593: [ParNew: 9745K->1059K(9792K), 0.0021638 secs] 22117K->15129K(31680K), 0.0025374 secs] [Times: user=0.00 sys=0.00, real=0.00 secs] 
2014-07-10T09:59:05.492+0200: 91.636: [GC (Allocation Failure) 91.636: [ParNew: 9745K->1059K(9792K), 0.0117973 secs] 23815K->17307K(31680K), 0.0118963 secs] [Times: user=0.02 sys=0.00, real=0.01 secs] 
2014-07-10T09:59:05.542+0200: 91.686: [GC (Allocation Failure) 91.686: [ParNew: 9745K->1059K(9792K), 0.0027607 secs] 25993K->19965K(31680K), 0.0028941 secs] [Times: user=0.00 sys=0.00, real=0.00 secs] 
2014-07-10T09:59:05.550+0200: 91.695: [GC (Allocation Failure) 91.695: [ParNew: 9745K->9745K(9792K), 0.0000554 secs]91.695: [CMS2014-07-10T09:59:05.550+0200: 91.695: [CMS-concurrent-abortable-preclean: 0.004/0.389 secs] [Times: user=0.08 sys=0.00, real=0.39 secs] 
 (concurrent mode failure): 18906K->4704K(21888K), 0.0060827 secs] 28652K->4704K(31680K), [Metaspace: 2457K->2457K(1056768K)], 0.0063166 secs] [Times: user=0.00 sys=0.00, real=0.01 secs] 
2014-07-10T09:59:05.592+0200: 91.737: [GC (Allocation Failure) 91.737: [ParNew: 8686K->1059K(9792K), 0.0032498 secs] 13391K->9386K(31680K), 0.0034144 secs] [Times: user=0.03 sys=0.00, real=0.00 secs] 
2014-07-10T09:59:05.643+0200: 91.788: [GC (Allocation Failure) 91.788: [ParNew: 9755K->1061K(9792K), 0.0039658 secs] 18081K->11950K(31680K), 0.0042342 secs] [Times: user=0.00 sys=0.00, real=0.00 secs] 
2014-07-10T09:59:05.655+0200: 91.800: [GC (Allocation Failure) 91.800: [ParNew: 9747K->1059K(9792K), 0.0059195 secs] 20636K->14992K(31680K), 0.0062242 secs] [Times: user=0.03 sys=0.00, real=0.01 secs] 
2014-07-10T09:59:05.662+0200: 91.807: [GC (CMS Initial Mark) [1 CMS-initial-mark: 13932K(21888K)] 15058K(31680K), 0.0003703 secs] [Times: user=0.00 sys=0.00, real=0.00 secs] 
2014-07-10T09:59:05.662+0200: 91.807: [CMS-concurrent-mark-start]
2014-07-10T09:59:05.665+0200: 91.810: [CMS-concurrent-mark: 0.002/0.002 secs] [Times: user=0.00 sys=0.00, real=0.00 secs] 
2014-07-10T09:59:05.665+0200: 91.810: [CMS-concurrent-preclean-start]
2014-07-10T09:59:05.665+0200: 91.810: [CMS-concurrent-preclean: 0.000/0.000 secs] [Times: user=0.00 sys=0.00, real=0.00 secs] 
2014-07-10T09:59:05.665+0200: 91.810: [CMS-concurrent-abortable-preclean-start]
2014-07-10T09:59:05.693+0200: 91.838: [GC (Allocation Failure) 91.838: [ParNew: 9745K->1059K(9792K), 0.0063419 secs] 23678K->18514K(31680K), 0.0066521 secs] [Times: user=0.00 sys=0.00, real=0.01 secs] 
2014-07-10T09:59:05.745+0200: 91.890: [GC (Allocation Failure) 91.890: [ParNew: 9745K->1059K(9792K), 0.0065927 secs] 27201K->22518K(31680K), 0.0068746 secs] [Times: user=0.03 sys=0.00, real=0.01 secs] 
2014-07-10T09:59:05.752+0200: 91.897: [CMS-concurrent-abortable-preclean: 0.002/0.087 secs] [Times: user=0.03 sys=0.00, real=0.09 secs] 
2014-07-10T09:59:05.752+0200: 91.897: [GC (CMS Final Remark) [YG occupancy: 1317 K (9792 K)]91.897: [Rescan (parallel) , 0.0003659 secs]91.898: [weak refs processing, 0.0000605 secs]91.898: [class unloading, 0.0010049 secs]91.899: [scrub symbol table, 0.0012913 secs]91.900: [scrub string table, 0.0004704 secs][1 CMS-remark: 21458K(21888K)] 22776K(31680K), 0.0035541 secs] [Times: user=0.00 sys=0.00, real=0.00 secs] 
2014-07-10T09:59:05.756+0200: 91.901: [CMS-concurrent-sweep-start]
2014-07-10T09:59:05.757+0200: 91.902: [CMS-concurrent-sweep: 0.001/0.001 secs] [Times: user=0.00 sys=0.00, real=0.00 secs] 
2014-07-10T09:59:05.757+0200: 91.902: [CMS-concurrent-reset-start]
2014-07-10T09:59:05.757+0200: 91.902: [CMS-concurrent-reset: 0.000/0.000 secs] [Times: user=0.00 sys=0.00, real=0.00 secs] 
2014-07-10T09:59:05.762+0200: 91.907: [GC (Allocation Failure) 91.907: [ParNew: 9745K->1059K(9792K), 0.0074891 secs] 20826K->16623K(31680K), 0.0077787 secs] [Times: user=0.03 sys=0.00, real=0.01 secs] 
2014-07-10T09:59:05.770+0200: 91.915: [GC (CMS Initial Mark) [1 CMS-initial-mark: 15564K(21888K)] 16689K(31680K), 0.0003879 secs] [Times: user=0.00 sys=0.00, real=0.00 secs] 
2014-07-10T09:59:05.771+0200: 91.915: [CMS-concurrent-mark-start]
2014-07-10T09:59:05.773+0200: 91.918: [CMS-concurrent-mark: 0.002/0.002 secs] [Times: user=0.00 sys=0.00, real=0.00 secs] 
2014-07-10T09:59:05.773+0200: 91.918: [CMS-concurrent-preclean-start]
2014-07-10T09:59:05.773+0200: 91.918: [CMS-concurrent-preclean: 0.000/0.000 secs] [Times: user=0.00 sys=0.00, real=0.00 secs] 
2014-07-10T09:59:05.773+0200: 91.918: [CMS-concurrent-abortable-preclean-start]
2014-07-10T09:59:05.792+0200: 91.937: [GC (Allocation Failure) 91.937: [ParNew: 9745K->1059K(9792K), 0.0047064 secs] 25310K->21587K(31680K), 0.0048622 secs] [Times: user=0.03 sys=0.00, real=0.00 secs] 
2014-07-10T09:59:05.799+0200: 91.943: [CMS-concurrent-abortable-preclean: 0.001/0.025 secs] [Times: user=0.03 sys=0.00, real=0.03 secs] 
2014-07-10T09:59:05.799+0200: 91.944: [GC (CMS Final Remark) [YG occupancy: 3240 K (9792 K)]91.944: [Rescan (parallel) , 0.0001327 secs]91.944: [weak refs processing, 0.0000304 secs]91.944: [class unloading, 0.0005206 secs]91.944: [scrub symbol table, 0.0006189 secs]91.945: [scrub string table, 0.0001914 secs][1 CMS-remark: 20527K(21888K)] 23768K(31680K), 0.0016352 secs] [Times: user=0.00 sys=0.00, real=0.00 secs] 
2014-07-10T09:59:05.801+0200: 91.945: [CMS-concurrent-sweep-start]
2014-07-10T09:59:05.801+0200: 91.946: [CMS-concurrent-sweep: 0.000/0.000 secs] [Times: user=0.00 sys=0.00, real=0.00 secs] 
2014-07-10T09:59:05.801+0200: 91.946: [CMS-concurrent-reset-start]
2014-07-10T09:59:05.801+0200: 91.946: [CMS-concurrent-reset: 0.000/0.000 secs] [Times: user=0.00 sys=0.00, real=0.00 secs] 
2014-07-10T09:59:05.845+0200: 91.990: [GC (Allocation Failure) 91.990: [ParNew: 9745K->1059K(9792K), 0.0082337 secs] 19705K->16462K(31680K), 0.0085248 secs] [Times: user=0.00 sys=0.00, real=0.01 secs] 
2014-07-10T09:59:05.854+0200: 91.999: [GC (CMS Initial Mark) [1 CMS-initial-mark: 15403K(21888K)] 16656K(31680K), 0.0004194 secs] [Times: user=0.00 sys=0.00, real=0.00 secs] 
2014-07-10T09:59:05.855+0200: 92.000: [CMS-concurrent-mark-start]
2014-07-10T09:59:05.857+0200: 92.002: [CMS-concurrent-mark: 0.002/0.002 secs] [Times: user=0.00 sys=0.00, real=0.00 secs] 
2014-07-10T09:59:05.857+0200: 92.002: [CMS-concurrent-preclean-start]
2014-07-10T09:59:05.857+0200: 92.002: [CMS-concurrent-preclean: 0.000/0.000 secs] [Times: user=0.00 sys=0.00, real=0.00 secs] 
2014-07-10T09:59:05.858+0200: 92.003: [CMS-concurrent-abortable-preclean-start]
2014-07-10T09:59:05.862+0200: 92.007: [GC (Allocation Failure) 92.007: [ParNew: 9745K->1059K(9792K), 0.0070058 secs] 25148K->22386K(31680K), 0.0072024 secs] [Times: user=0.00 sys=0.00, real=0.01 secs] 
2014-07-10T09:59:05.869+0200: 92.014: [CMS-concurrent-abortable-preclean: 0.000/0.011 secs] [Times: user=0.02 sys=0.00, real=0.01 secs] 
2014-07-10T09:59:05.869+0200: 92.014: [GC (CMS Final Remark) [YG occupancy: 1189 K (9792 K)]92.014: [Rescan (parallel) , 0.0001694 secs]92.014: [weak refs processing, 0.0000323 secs]92.014: [class unloading, 0.0005349 secs]92.015: [scrub symbol table, 0.0006442 secs]92.016: [scrub string table, 0.0001932 secs][1 CMS-remark: 21327K(21888K)] 22516K(31680K), 0.0017312 secs] [Times: user=0.00 sys=0.00, real=0.00 secs] 
2014-07-10T09:59:05.871+0200: 92.016: [CMS-concurrent-sweep-start]
2014-07-10T09:59:05.871+0200: 92.016: [CMS-concurrent-sweep: 0.000/0.000 secs] [Times: user=0.00 sys=0.00, real=0.00 secs] 
2014-07-10T09:59:05.872+0200: 92.016: [CMS-concurrent-reset-start]
2014-07-10T09:59:05.872+0200: 92.017: [CMS-concurrent-reset: 0.000/0.000 secs] [Times: user=0.00 sys=0.00, real=0.00 secs] 
2014-07-10T09:59:05.893+0200: 92.037: [GC (Allocation Failure) 92.038: [ParNew: 9760K->1059K(9792K), 0.0045454 secs] 21641K->17679K(31680K), 0.0046917 secs] [Times: user=0.00 sys=0.00, real=0.00 secs] 
2014-07-10T09:59:05.898+0200: 92.042: [GC (CMS Initial Mark) [1 CMS-initial-mark: 16619K(21888K)] 17745K(31680K), 0.0003102 secs] [Times: user=0.00 sys=0.00, real=0.00 secs] 
2014-07-10T09:59:05.898+0200: 92.043: [CMS-concurrent-mark-start]
2014-07-10T09:59:05.899+0200: 92.044: [CMS-concurrent-mark: 0.001/0.001 secs] [Times: user=0.00 sys=0.00, real=0.00 secs] 
2014-07-10T09:59:05.899+0200: 92.044: [CMS-concurrent-preclean-start]
2014-07-10T09:59:05.899+0200: 92.044: [CMS-concurrent-preclean: 0.000/0.000 secs] [Times: user=0.00 sys=0.00, real=0.00 secs] 
2014-07-10T09:59:05.899+0200: 92.044: [CMS-concurrent-abortable-preclean-start]
2014-07-10T09:59:05.944+0200: 92.089: [GC (Allocation Failure) 92.089: [ParNew: 9745K->9745K(9792K), 0.0000972 secs]92.089: [CMS2014-07-10T09:59:05.945+0200: 92.089: [CMS-concurrent-abortable-preclean: 0.000/0.045 secs] [Times: user=0.00 sys=0.00, real=0.05 secs] 
 (concurrent mode failure): 16619K->6786K(21888K), 0.0139600 secs] 26365K->6786K(31680K), [Metaspace: 2457K->2457K(1056768K)], 0.0143219 secs] [Times: user=0.01 sys=0.00, real=0.02 secs] 
2014-07-10T09:59:05.962+0200: 92.107: [GC (Allocation Failure) 92.107: [ParNew: 8686K->1059K(9792K), 0.0056380 secs] 15472K->13548K(31680K), 0.0058194 secs] [Times: user=0.00 sys=0.00, real=0.01 secs] 
2014-07-10T09:59:05.968+0200: 92.113: [GC (CMS Initial Mark) [1 CMS-initial-mark: 12489K(21888K)] 13614K(31680K), 0.0003072 secs] [Times: user=0.03 sys=0.00, real=0.00 secs] 
2014-07-10T09:59:05.969+0200: 92.114: [CMS-concurrent-mark-start]
2014-07-10T09:59:05.970+0200: 92.115: [CMS-concurrent-mark: 0.001/0.001 secs] [Times: user=0.00 sys=0.00, real=0.00 secs] 
2014-07-10T09:59:05.970+0200: 92.115: [CMS-concurrent-preclean-start]
2014-07-10T09:59:05.970+0200: 92.115: [CMS-concurrent-preclean: 0.000/0.000 secs] [Times: user=0.00 sys=0.00, real=0.00 secs] 
2014-07-10T09:59:05.970+0200: 92.115: [GC (CMS Final Remark) [YG occupancy: 2502 K (9792 K)]92.115: [Rescan (parallel) , 0.0001463 secs]92.115: [weak refs processing, 0.0000356 secs]92.115: [class unloading, 0.0006240 secs]92.116: [scrub symbol table, 0.0009338 secs]92.117: [scrub string table, 0.0002423 secs][1 CMS-remark: 12489K(21888K)] 14991K(31680K), 0.0021932 secs] [Times: user=0.00 sys=0.00, real=0.00 secs] 
2014-07-10T09:59:05.973+0200: 92.117: [CMS-concurrent-sweep-start]
2014-07-10T09:59:05.973+0200: 92.118: [CMS-concurrent-sweep: 0.000/0.000 secs] [Times: user=0.00 sys=0.00, real=0.00 secs] 
2014-07-10T09:59:05.973+0200: 92.118: [CMS-concurrent-reset-start]
2014-07-10T09:59:05.973+0200: 92.118: [CMS-concurrent-reset: 0.000/0.000 secs] [Times: user=0.00 sys=0.00, real=0.00 secs] 
2014-07-10T09:59:05.993+0200: 92.138: [GC (Allocation Failure) 92.138: [ParNew: 9745K->1059K(9792K), 0.0057267 secs] 15957K->13451K(31680K), 0.0058884 secs] [Times: user=0.00 sys=0.00, real=0.01 secs] 
2014-07-10T09:59:05.999+0200: 92.144: [GC (CMS Initial Mark) [1 CMS-initial-mark: 12392K(21888K)] 13517K(31680K), 0.0002225 secs] [Times: user=0.00 sys=0.00, real=0.00 secs] 
2014-07-10T09:59:05.999+0200: 92.144: [CMS-concurrent-mark-start]
2014-07-10T09:59:06.000+0200: 92.145: [CMS-concurrent-mark: 0.001/0.001 secs] [Times: user=0.02 sys=0.00, real=0.00 secs] 
2014-07-10T09:59:06.000+0200: 92.145: [CMS-concurrent-preclean-start]
2014-07-10T09:59:06.000+0200: 92.145: [CMS-concurrent-preclean: 0.000/0.000 secs] [Times: user=0.00 sys=0.00, real=0.00 secs] 
2014-07-10T09:59:06.000+0200: 92.145: [GC (CMS Final Remark) [YG occupancy: 2022 K (9792 K)]92.145: [Rescan (parallel) , 0.0001041 secs]92.145: [weak refs processing, 0.0000257 secs]92.145: [class unloading, 0.0004378 secs]92.146: [scrub symbol table, 0.0005371 secs]92.146: [scrub string table, 0.0001584 secs][1 CMS-remark: 12392K(21888K)] 14414K(31680K), 0.0013741 secs] [Times: user=0.00 sys=0.00, real=0.00 secs] 
2014-07-10T09:59:06.002+0200: 92.146: [CMS-concurrent-sweep-start]
2014-07-10T09:59:06.002+0200: 92.147: [CMS-concurrent-sweep: 0.000/0.000 secs] [Times: user=0.00 sys=0.00, real=0.00 secs] 
2014-07-10T09:59:06.002+0200: 92.147: [CMS-concurrent-reset-start]
2014-07-10T09:59:06.002+0200: 92.147: [CMS-concurrent-reset: 0.000/0.000 secs] [Times: user=0.00 sys=0.00, real=0.00 secs] 
2014-07-10T09:59:06.043+0200: 92.188: [GC (Allocation Failure) 92.188: [ParNew: 9745K->1059K(9792K), 0.0060009 secs] 16439K->14413K(31680K), 0.0061472 secs] [Times: user=0.03 sys=0.00, real=0.01 secs] 
2014-07-10T09:59:06.049+0200: 92.194: [GC (CMS Initial Mark) [1 CMS-initial-mark: 13353K(21888K)] 14511K(31680K), 0.0001903 secs] [Times: user=0.00 sys=0.00, real=0.00 secs] 
2014-07-10T09:59:06.050+0200: 92.194: [CMS-concurrent-mark-start]
2014-07-10T09:59:06.050+0200: 92.195: [CMS-concurrent-mark: 0.001/0.001 secs] [Times: user=0.00 sys=0.00, real=0.00 secs] 
2014-07-10T09:59:06.050+0200: 92.195: [CMS-concurrent-preclean-start]
2014-07-10T09:59:06.051+0200: 92.195: [CMS-concurrent-preclean: 0.000/0.000 secs] [Times: user=0.00 sys=0.00, real=0.00 secs] 
2014-07-10T09:59:06.051+0200: 92.195: [CMS-concurrent-abortable-preclean-start]
2014-07-10T09:59:06.091+0200: 92.236: [GC (Allocation Failure) 92.236: [ParNew: 9745K->9745K(9792K), 0.0000422 secs]92.236: [CMS2014-07-10T09:59:06.091+0200: 92.236: [CMS-concurrent-abortable-preclean: 0.000/0.040 secs] [Times: user=0.00 sys=0.00, real=0.04 secs] 
 (concurrent mode failure): 13353K->511K(21888K), 0.0026107 secs] 23099K->511K(31680K), [Metaspace: 2457K->2457K(1056768K)], 0.0027622 secs] [Times: user=0.02 sys=0.00, real=0.00 secs] 
2014-07-10T09:59:06.097+0200: 92.241: [GC (Allocation Failure) 92.242: [ParNew: 8702K->499K(9792K), 0.0008014 secs] 9214K->1010K(31680K), 0.0009092 secs] [Times: user=0.00 sys=0.00, real=0.00 secs] 
2014-07-10T09:59:06.146+0200: 92.291: [GC (Allocation Failure) 92.292: [ParNew: 9172K->1061K(9792K), 0.0098600 secs] 9683K->8652K(31680K), 0.0102553 secs] [Times: user=0.03 sys=0.00, real=0.01 secs] 
2014-07-10T09:59:06.157+0200: 92.302: [GC (CMS Initial Mark) [1 CMS-initial-mark: 7590K(21888K)] 8684K(31680K), 0.0003952 secs] [Times: user=0.00 sys=0.00, real=0.00 secs] 
2014-07-10T09:59:06.158+0200: 92.303: [CMS-concurrent-mark-start]
2014-07-10T09:59:06.160+0200: 92.305: [CMS-concurrent-mark: 0.002/0.002 secs] [Times: user=0.00 sys=0.00, real=0.00 secs] 
2014-07-10T09:59:06.160+0200: 92.305: [CMS-concurrent-preclean-start]
2014-07-10T09:59:06.161+0200: 92.306: [CMS-concurrent-preclean: 0.000/0.000 secs] [Times: user=0.00 sys=0.00, real=0.00 secs] 
2014-07-10T09:59:06.161+0200: 92.306: [CMS-concurrent-abortable-preclean-start]
2014-07-10T09:59:06.191+0200: 92.336: [GC (Allocation Failure) 92.336: [ParNew: 9749K->421K(9792K), 0.0005697 secs] 17340K->8013K(31680K), 0.0006515 secs] [Times: user=0.00 sys=0.00, real=0.00 secs] 
2014-07-10T09:59:06.241+0200: 92.386: [GC (Allocation Failure) 92.386: [ParNew: 9107K->902K(9792K), 0.0014086 secs] 16699K->8494K(31680K), 0.0016165 secs] [Times: user=0.00 sys=0.00, real=0.00 secs] 
2014-07-10T09:59:06.249+0200: 92.394: [GC (Allocation Failure) 92.394: [ParNew: 9588K->1059K(9792K), 0.0023812 secs] 17181K->8975K(31680K), 0.0026595 secs] [Times: user=0.00 sys=0.00, real=0.00 secs] 
2014-07-10T09:59:06.291+0200: 92.436: [GC (Allocation Failure) 92.436: [ParNew: 9745K->1059K(9792K), 0.0016619 secs] 17661K->9776K(31680K), 0.0017800 secs] [Times: user=0.00 sys=0.00, real=0.00 secs] 
2014-07-10T09:59:06.341+0200: 92.486: [GC (Allocation Failure) 92.486: [ParNew: 9745K->1059K(9792K), 0.0014881 secs] 18463K->11058K(31680K), 0.0016234 secs] [Times: user=0.03 sys=0.00, real=0.00 secs] 
2014-07-10T09:59:06.347+0200: 92.492: [GC (Allocation Failure) 92.492: [ParNew: 9755K->1061K(9792K), 0.0014137 secs] 19754K->11285K(31680K), 0.0015362 secs] [Times: user=0.00 sys=0.00, real=0.00 secs] 
2014-07-10T09:59:06.391+0200: 92.536: [GC (Allocation Failure) 92.536: [ParNew: 9753K->1059K(9792K), 0.0008825 secs] 19977K->11478K(31680K), 0.0009628 secs] [Times: user=0.00 sys=0.00, real=0.00 secs] 
2014-07-10T09:59:06.441+0200: 92.586: [GC (Allocation Failure) 92.586: [ParNew: 9745K->1059K(9792K), 0.0011560 secs] 20164K->12152K(31680K), 0.0012480 secs] [Times: user=0.00 sys=0.00, real=0.00 secs] 
2014-07-10T09:59:06.447+0200: 92.592: [GC (Allocation Failure) 92.592: [ParNew: 9745K->1059K(9792K), 0.0018896 secs] 20838K->13305K(31680K), 0.0020278 secs] [Times: user=0.00 sys=0.00, real=0.00 secs] 
2014-07-10T09:59:06.492+0200: 92.637: [GC (Allocation Failure) 92.637: [ParNew: 9745K->1059K(9792K), 0.0016714 secs] 21991K->14939K(31680K), 0.0018639 secs] [Times: user=0.00 sys=0.00, real=0.00 secs] 
2014-07-10T09:59:06.541+0200: 92.686: [GC (Allocation Failure) 92.686: [ParNew: 9745K->1059K(9792K), 0.0017851 secs] 23625K->17053K(31680K), 0.0019449 secs] [Times: user=0.00 sys=0.00, real=0.00 secs] 
2014-07-10T09:59:06.548+0200: 92.692: [GC (Allocation Failure) 92.693: [ParNew: 9745K->1059K(9792K), 0.0037707 secs] 25739K->19647K(31680K), 0.0039079 secs] [Times: user=0.00 sys=0.00, real=0.00 secs] 
2014-07-10T09:59:06.593+0200: 92.738: [GC (Allocation Failure) 92.738: [ParNew: 9751K->9751K(9792K), 0.0000994 secs]92.739: [CMS2014-07-10T09:59:06.594+0200: 92.739: [CMS-concurrent-abortable-preclean: 0.004/0.433 secs] [Times: user=0.11 sys=0.00, real=0.43 secs] 
 (concurrent mode failure): 18588K->3616K(21888K), 0.0118493 secs] 28339K->3616K(31680K), [Metaspace: 2457K->2457K(1056768K)], 0.0122680 secs] [Times: user=0.00 sys=0.00, real=0.01 secs] 
2014-07-10T09:59:06.642+0200: 92.787: [GC (Allocation Failure) 92.787: [ParNew: 8686K->1059K(9792K), 0.0021979 secs] 12303K->7209K(31680K), 0.0023402 secs] [Times: user=0.00 sys=0.00, real=0.00 secs] 
2014-07-10T09:59:06.648+0200: 92.793: [GC (Allocation Failure) 92.793: [ParNew: 9745K->1059K(9792K), 0.0040153 secs] 15895K->10220K(31680K), 0.0041927 secs] [Times: user=0.00 sys=0.00, real=0.00 secs] 
2014-07-10T09:59:06.692+0200: 92.837: [GC (Allocation Failure) 92.837: [ParNew: 9745K->1059K(9792K), 0.0034375 secs] 18906K->13711K(31680K), 0.0035929 secs] [Times: user=0.00 sys=0.00, real=0.00 secs] 
2014-07-10T09:59:06.742+0200: 92.887: [GC (Allocation Failure) 92.887: [ParNew: 9745K->1059K(9792K), 0.0036237 secs] 22397K->17682K(31680K), 0.0037733 secs] [Times: user=0.00 sys=0.00, real=0.00 secs] 
2014-07-10T09:59:06.746+0200: 92.891: [GC (CMS Initial Mark) [1 CMS-initial-mark: 16622K(21888K)] 17714K(31680K), 0.0002218 secs] [Times: user=0.00 sys=0.00, real=0.00 secs] 
2014-07-10T09:59:06.747+0200: 92.892: [CMS-concurrent-mark-start]
2014-07-10T09:59:06.748+0200: 92.892: [CMS-concurrent-mark: 0.001/0.001 secs] [Times: user=0.00 sys=0.00, real=0.00 secs] 
2014-07-10T09:59:06.748+0200: 92.892: [CMS-concurrent-preclean-start]
2014-07-10T09:59:06.748+0200: 92.893: [CMS-concurrent-preclean: 0.000/0.000 secs] [Times: user=0.00 sys=0.00, real=0.00 secs] 
2014-07-10T09:59:06.748+0200: 92.893: [CMS-concurrent-abortable-preclean-start]
2014-07-10T09:59:06.751+0200: 92.896: [GC (Allocation Failure) 92.896: [ParNew: 9745K->1059K(9792K), 0.0039262 secs] 26368K->22133K(31680K), 0.0040835 secs] [Times: user=0.00 sys=0.00, real=0.00 secs] 
2014-07-10T09:59:06.755+0200: 92.900: [CMS-concurrent-abortable-preclean: 0.000/0.007 secs] [Times: user=0.02 sys=0.00, real=0.01 secs] 
2014-07-10T09:59:06.756+0200: 92.901: [GC (CMS Final Remark) [YG occupancy: 3752 K (9792 K)]92.901: [Rescan (parallel) , 0.0001635 secs]92.901: [weak refs processing, 0.0000282 secs]92.901: [class unloading, 0.0005463 secs]92.902: [scrub symbol table, 0.0005804 secs]92.902: [scrub string table, 0.0001822 secs][1 CMS-remark: 21073K(21888K)] 24826K(31680K), 0.0016516 secs] [Times: user=0.00 sys=0.00, real=0.00 secs] 
2014-07-10T09:59:06.758+0200: 92.903: [CMS-concurrent-sweep-start]
2014-07-10T09:59:06.758+0200: 92.903: [CMS-concurrent-sweep: 0.000/0.000 secs] [Times: user=0.00 sys=0.00, real=0.00 secs] 
2014-07-10T09:59:06.758+0200: 92.903: [CMS-concurrent-reset-start]
2014-07-10T09:59:06.758+0200: 92.903: [CMS-concurrent-reset: 0.000/0.000 secs] [Times: user=0.00 sys=0.00, real=0.00 secs] 
2014-07-10T09:59:06.792+0200: 92.937: [GC (Allocation Failure) 92.937: [ParNew: 9745K->1059K(9792K), 0.0046111 secs] 18681K->14926K(31680K), 0.0047603 secs] [Times: user=0.03 sys=0.00, real=0.00 secs] 
2014-07-10T09:59:06.797+0200: 92.942: [GC (CMS Initial Mark) [1 CMS-initial-mark: 13867K(21888K)] 14958K(31680K), 0.0001873 secs] [Times: user=0.00 sys=0.00, real=0.00 secs] 
2014-07-10T09:59:06.798+0200: 92.942: [CMS-concurrent-mark-start]
2014-07-10T09:59:06.798+0200: 92.943: [CMS-concurrent-mark: 0.001/0.001 secs] [Times: user=0.00 sys=0.00, real=0.00 secs] 
2014-07-10T09:59:06.798+0200: 92.943: [CMS-concurrent-preclean-start]
2014-07-10T09:59:06.798+0200: 92.943: [CMS-concurrent-preclean: 0.000/0.000 secs] [Times: user=0.00 sys=0.00, real=0.00 secs] 
2014-07-10T09:59:06.799+0200: 92.944: [GC (CMS Final Remark) [YG occupancy: 3272 K (9792 K)]92.944: [Rescan (parallel) , 0.0001173 secs]92.944: [weak refs processing, 0.0000260 secs]92.944: [class unloading, 0.0004444 secs]92.944: [scrub symbol table, 0.0005741 secs]92.945: [scrub string table, 0.0001848 secs][1 CMS-remark: 13867K(21888K)] 17139K(31680K), 0.0014632 secs] [Times: user=0.00 sys=0.00, real=0.00 secs] 
2014-07-10T09:59:06.800+0200: 92.945: [CMS-concurrent-sweep-start]
2014-07-10T09:59:06.801+0200: 92.945: [CMS-concurrent-sweep: 0.000/0.000 secs] [Times: user=0.00 sys=0.00, real=0.00 secs] 
2014-07-10T09:59:06.801+0200: 92.945: [CMS-concurrent-reset-start]
2014-07-10T09:59:06.801+0200: 92.946: [CMS-concurrent-reset: 0.000/0.000 secs] [Times: user=0.00 sys=0.00, real=0.00 secs] 
2014-07-10T09:59:06.845+0200: 92.990: [GC (Allocation Failure) 92.990: [ParNew: 9745K->1059K(9792K), 0.0079092 secs] 15190K->11916K(31680K), 0.0081911 secs] [Times: user=0.00 sys=0.00, real=0.01 secs] 
2014-07-10T09:59:06.854+0200: 92.999: [GC (CMS Initial Mark) [1 CMS-initial-mark: 10856K(21888K)] 11948K(31680K), 0.0003857 secs] [Times: user=0.00 sys=0.00, real=0.00 secs] 
2014-07-10T09:59:06.854+0200: 92.999: [CMS-concurrent-mark-start]
2014-07-10T09:59:06.856+0200: 93.001: [CMS-concurrent-mark: 0.002/0.002 secs] [Times: user=0.00 sys=0.00, real=0.00 secs] 
2014-07-10T09:59:06.857+0200: 93.002: [CMS-concurrent-preclean-start]
2014-07-10T09:59:06.857+0200: 93.002: [CMS-concurrent-preclean: 0.000/0.000 secs] [Times: user=0.00 sys=0.00, real=0.00 secs] 
2014-07-10T09:59:06.857+0200: 93.002: [CMS-concurrent-abortable-preclean-start]
2014-07-10T09:59:06.859+0200: 93.004: [GC (Allocation Failure) 93.004: [ParNew: 9745K->1059K(9792K), 0.0054495 secs] 20602K->17807K(31680K), 0.0055727 secs] [Times: user=0.00 sys=0.00, real=0.01 secs] 
2014-07-10T09:59:06.892+0200: 93.037: [GC (Allocation Failure) 93.037: [ParNew: 9759K->9759K(9792K), 0.0000495 secs]93.037: [CMS2014-07-10T09:59:06.893+0200: 93.038: [CMS-concurrent-abortable-preclean: 0.001/0.036 secs] [Times: user=0.01 sys=0.00, real=0.04 secs] 
 (concurrent mode failure): 16748K->6274K(21888K), 0.0073321 secs] 26508K->6274K(31680K), [Metaspace: 2457K->2457K(1056768K)], 0.0075536 secs] [Times: user=0.00 sys=0.00, real=0.01 secs] 
2014-07-10T09:59:06.943+0200: 93.088: [GC (Allocation Failure) 93.088: [ParNew: 8686K->1059K(9792K), 0.0049340 secs] 14960K->12524K(31680K), 0.0050833 secs] [Times: user=0.00 sys=0.00, real=0.00 secs] 
2014-07-10T09:59:06.948+0200: 93.093: [GC (CMS Initial Mark) [1 CMS-initial-mark: 11465K(21888K)] 12590K(31680K), 0.0002728 secs] [Times: user=0.00 sys=0.00, real=0.00 secs] 
2014-07-10T09:59:06.948+0200: 93.093: [CMS-concurrent-mark-start]
2014-07-10T09:59:06.949+0200: 93.094: [CMS-concurrent-mark: 0.001/0.001 secs] [Times: user=0.00 sys=0.00, real=0.00 secs] 
2014-07-10T09:59:06.949+0200: 93.094: [CMS-concurrent-preclean-start]
2014-07-10T09:59:06.950+0200: 93.095: [CMS-concurrent-preclean: 0.000/0.000 secs] [Times: user=0.00 sys=0.00, real=0.00 secs] 
2014-07-10T09:59:06.950+0200: 93.095: [CMS-concurrent-abortable-preclean-start]
2014-07-10T09:59:06.952+0200: 93.097: [GC (Allocation Failure) 93.097: [ParNew: 9745K->1059K(9792K), 0.0050921 secs] 21211K->18192K(31680K), 0.0052479 secs] [Times: user=0.00 sys=0.00, real=0.01 secs] 
2014-07-10T09:59:06.993+0200: 93.138: [GC (Allocation Failure) 93.138: [ParNew: 9745K->9745K(9792K), 0.0000506 secs]93.138: [CMS2014-07-10T09:59:06.993+0200: 93.138: [CMS-concurrent-abortable-preclean: 0.001/0.044 secs] [Times: user=0.02 sys=0.00, real=0.04 secs] 
 (concurrent mode failure): 17133K->7715K(21888K), 0.0081651 secs] 26878K->7715K(31680K), [Metaspace: 2457K->2457K(1056768K)], 0.0083895 secs] [Times: user=0.01 sys=0.00, real=0.01 secs] 
2014-07-10T09:59:07.043+0200: 93.188: [GC (Allocation Failure) 93.188: [ParNew: 8686K->1059K(9792K), 0.0061245 secs] 16401K->15406K(31680K), 0.0062950 secs] [Times: user=0.03 sys=0.00, real=0.01 secs] 
2014-07-10T09:59:07.050+0200: 93.195: [GC (CMS Initial Mark) [1 CMS-initial-mark: 14346K(21888K)] 15472K(31680K), 0.0002321 secs] [Times: user=0.00 sys=0.00, real=0.00 secs] 
2014-07-10T09:59:07.050+0200: 93.195: [CMS-concurrent-mark-start]
2014-07-10T09:59:07.051+0200: 93.196: [CMS-concurrent-mark: 0.001/0.001 secs] [Times: user=0.00 sys=0.00, real=0.00 secs] 
2014-07-10T09:59:07.051+0200: 93.196: [CMS-concurrent-preclean-start]
2014-07-10T09:59:07.051+0200: 93.196: [CMS-concurrent-preclean: 0.000/0.000 secs] [Times: user=0.00 sys=0.00, real=0.00 secs] 
2014-07-10T09:59:07.051+0200: 93.196: [CMS-concurrent-abortable-preclean-start]
2014-07-10T09:59:07.053+0200: 93.198: [GC (Allocation Failure) 93.199: [ParNew: 9745K->9745K(9792K), 0.0000495 secs]93.199: [CMS2014-07-10T09:59:07.054+0200: 93.199: [CMS-concurrent-abortable-preclean: 0.000/0.002 secs] [Times: user=0.00 sys=0.00, real=0.00 secs] 
 (concurrent mode failure): 14346K->8675K(21888K), 0.0085471 secs] 24092K->8675K(31680K), [Metaspace: 2457K->2457K(1056768K)], 0.0087510 secs] [Times: user=0.02 sys=0.00, real=0.01 secs] 
2014-07-10T09:59:07.094+0200: 93.239: [GC (Allocation Failure) 93.239: [ParNew: 8696K->461K(9792K), 0.0008062 secs] 17372K->9137K(31680K), 0.0009162 secs] [Times: user=0.00 sys=0.00, real=0.00 secs] 
2014-07-10T09:59:07.148+0200: 93.293: [GC (Allocation Failure) 93.293: [ParNew: 9148K->1061K(9792K), 0.0090864 secs] 17824K->16272K(31680K), 0.0093299 secs] [Times: user=0.03 sys=0.00, real=0.01 secs] 
2014-07-10T09:59:07.158+0200: 93.303: [GC (CMS Initial Mark) [1 CMS-initial-mark: 15211K(21888K)] 16338K(31680K), 0.0002244 secs] [Times: user=0.00 sys=0.00, real=0.00 secs] 
2014-07-10T09:59:07.158+0200: 93.303: [CMS-concurrent-mark-start]
2014-07-10T09:59:07.159+0200: 93.304: [CMS-concurrent-mark: 0.001/0.001 secs] [Times: user=0.00 sys=0.00, real=0.00 secs] 
2014-07-10T09:59:07.159+0200: 93.304: [CMS-concurrent-preclean-start]
2014-07-10T09:59:07.160+0200: 93.304: [CMS-concurrent-preclean: 0.000/0.000 secs] [Times: user=0.00 sys=0.00, real=0.00 secs] 
2014-07-10T09:59:07.160+0200: 93.304: [CMS-concurrent-abortable-preclean-start]
2014-07-10T09:59:07.162+0200: 93.307: [GC (Allocation Failure) 93.307: [ParNew: 9747K->9747K(9792K), 0.0000605 secs]93.308: [CMS2014-07-10T09:59:07.163+0200: 93.308: [CMS-concurrent-abortable-preclean: 0.000/0.003 secs] [Times: user=0.00 sys=0.00, real=0.00 secs] 
 (concurrent mode failure): 15211K->8579K(21888K), 0.0106413 secs] 24958K->8579K(31680K), [Metaspace: 2457K->2457K(1056768K)], 0.0109130 secs] [Times: user=0.02 sys=0.00, real=0.01 secs] 
2014-07-10T09:59:07.241+0200: 93.386: [GC (Allocation Failure) 93.386: [ParNew: 8688K->357K(9792K), 0.0010592 secs] 17268K->8937K(31680K), 0.0012385 secs] [Times: user=0.00 sys=0.00, real=0.00 secs] 
2014-07-10T09:59:07.248+0200: 93.393: [GC (Allocation Failure) 93.393: [ParNew: 9043K->838K(9792K), 0.0013103 secs] 17623K->9418K(31680K), 0.0014430 secs] [Times: user=0.00 sys=0.00, real=0.00 secs] 
2014-07-10T09:59:07.291+0200: 93.436: [GC (Allocation Failure) 93.436: [ParNew: 9524K->1059K(9792K), 0.0196090 secs] 18104K->9900K(31680K), 0.0197281 secs] [Times: user=0.03 sys=0.00, real=0.02 secs] 
2014-07-10T09:59:07.341+0200: 93.486: [GC (Allocation Failure) 93.486: [ParNew: 9745K->1059K(9792K), 0.0133855 secs] 18587K->10638K(31680K), 0.0134992 secs] [Times: user=0.00 sys=0.00, real=0.01 secs] 
2014-07-10T09:59:07.359+0200: 93.504: [GC (Allocation Failure) 93.504: [ParNew: 9745K->1059K(9792K), 0.0142665 secs] 19324K->11855K(31680K), 0.0143772 secs] [Times: user=0.02 sys=0.00, real=0.02 secs] 
2014-07-10T09:59:07.391+0200: 93.536: [GC (Allocation Failure) 93.536: [ParNew: 9755K->1059K(9792K), 0.0008388 secs] 20551K->12019K(31680K), 0.0009177 secs] [Times: user=0.00 sys=0.00, real=0.00 secs] 
2014-07-10T09:59:07.441+0200: 93.586: [GC (Allocation Failure) 93.586: [ParNew: 9745K->1059K(9792K), 0.0011695 secs] 20705K->12661K(31680K), 0.0012660 secs] [Times: user=0.00 sys=0.00, real=0.00 secs] 
2014-07-10T09:59:07.447+0200: 93.592: [GC (Allocation Failure) 93.592: [ParNew: 9745K->1059K(9792K), 0.0018566 secs] 21347K->13783K(31680K), 0.0020234 secs] [Times: user=0.00 sys=0.00, real=0.00 secs] 
2014-07-10T09:59:07.491+0200: 93.636: [GC (Allocation Failure) 93.636: [ParNew: 9745K->1059K(9792K), 0.0012663 secs] 22469K->15385K(31680K), 0.0013719 secs] [Times: user=0.00 sys=0.00, real=0.00 secs] 
2014-07-10T09:59:07.543+0200: 93.688: [GC (Allocation Failure) 93.688: [ParNew: 9745K->1059K(9792K), 0.0021334 secs] 24071K->17467K(31680K), 0.0023193 secs] [Times: user=0.03 sys=0.00, real=0.00 secs] 
2014-07-10T09:59:07.551+0200: 93.696: [GC (Allocation Failure) 93.696: [ParNew: 9745K->1059K(9792K), 0.0026324 secs] 26153K->20029K(31680K), 0.0028274 secs] [Times: user=0.00 sys=0.00, real=0.00 secs] 
2014-07-10T09:59:07.554+0200: 93.699: [GC (CMS Initial Mark) [1 CMS-initial-mark: 18969K(21888K)] 20061K(31680K), 0.0001950 secs] [Times: user=0.00 sys=0.00, real=0.00 secs] 
2014-07-10T09:59:07.555+0200: 93.700: [CMS-concurrent-mark-start]
2014-07-10T09:59:07.556+0200: 93.700: [CMS-concurrent-mark: 0.001/0.001 secs] [Times: user=0.00 sys=0.00, real=0.00 secs] 
2014-07-10T09:59:07.556+0200: 93.701: [CMS-concurrent-preclean-start]
2014-07-10T09:59:07.556+0200: 93.701: [CMS-concurrent-preclean: 0.000/0.000 secs] [Times: user=0.00 sys=0.00, real=0.00 secs] 
2014-07-10T09:59:07.556+0200: 93.701: [CMS-concurrent-abortable-preclean-start]
2014-07-10T09:59:07.556+0200: 93.701: [CMS-concurrent-abortable-preclean: 0.000/0.000 secs] [Times: user=0.00 sys=0.00, real=0.00 secs] 
2014-07-10T09:59:07.556+0200: 93.701: [GC (CMS Final Remark) [YG occupancy: 4169 K (9792 K)]93.701: [Rescan (parallel) , 0.0001093 secs]93.701: [weak refs processing, 0.0000304 secs]93.701: [class unloading, 0.0007190 secs]93.702: [scrub symbol table, 0.0008916 secs]93.703: [scrub string table, 0.0002203 secs][1 CMS-remark: 18969K(21888K)] 23139K(31680K), 0.0021528 secs] [Times: user=0.00 sys=0.00, real=0.00 secs] 
2014-07-10T09:59:07.559+0200: 93.704: [CMS-concurrent-sweep-start]
2014-07-10T09:59:07.559+0200: 93.704: [CMS-concurrent-sweep: 0.000/0.000 secs] [Times: user=0.00 sys=0.00, real=0.00 secs] 
2014-07-10T09:59:07.559+0200: 93.704: [CMS-concurrent-reset-start]
2014-07-10T09:59:07.560+0200: 93.705: [CMS-concurrent-reset: 0.000/0.000 secs] [Times: user=0.00 sys=0.00, real=0.00 secs] 
2014-07-10T09:59:07.592+0200: 93.737: [GC (Allocation Failure) 93.737: [ParNew: 9745K->1059K(9792K), 0.0027966 secs] 12821K->7178K(31680K), 0.0029260 secs] [Times: user=0.00 sys=0.00, real=0.00 secs] 
2014-07-10T09:59:07.642+0200: 93.786: [GC (Allocation Failure) 93.787: [ParNew: 9749K->1061K(9792K), 0.0020014 secs] 15868K->9678K(31680K), 0.0021367 secs] [Times: user=0.00 sys=0.00, real=0.00 secs] 
2014-07-10T09:59:07.648+0200: 93.793: [GC (Allocation Failure) 93.793: [ParNew: 9747K->1059K(9792K), 0.0034389 secs] 18364K->12655K(31680K), 0.0036102 secs] [Times: user=0.00 sys=0.00, real=0.00 secs] 
2014-07-10T09:59:07.692+0200: 93.837: [GC (Allocation Failure) 93.837: [ParNew: 9745K->1059K(9792K), 0.0033719 secs] 21341K->16114K(31680K), 0.0035112 secs] [Times: user=0.00 sys=0.00, real=0.00 secs] 
2014-07-10T09:59:07.696+0200: 93.841: [GC (CMS Initial Mark) [1 CMS-initial-mark: 15054K(21888K)] 16180K(31680K), 0.0002075 secs] [Times: user=0.00 sys=0.00, real=0.00 secs] 
2014-07-10T09:59:07.696+0200: 93.841: [CMS-concurrent-mark-start]
2014-07-10T09:59:07.697+0200: 93.842: [CMS-concurrent-mark: 0.001/0.001 secs] [Times: user=0.00 sys=0.00, real=0.00 secs] 
2014-07-10T09:59:07.697+0200: 93.842: [CMS-concurrent-preclean-start]
2014-07-10T09:59:07.697+0200: 93.842: [CMS-concurrent-preclean: 0.000/0.000 secs] [Times: user=0.00 sys=0.00, real=0.00 secs] 
2014-07-10T09:59:07.697+0200: 93.842: [CMS-concurrent-abortable-preclean-start]
2014-07-10T09:59:07.744+0200: 93.889: [GC (Allocation Failure) 93.889: [ParNew: 9745K->1059K(9792K), 0.0069197 secs] 24800K->20053K(31680K), 0.0071947 secs] [Times: user=0.02 sys=0.00, real=0.01 secs] 
2014-07-10T09:59:07.753+0200: 93.898: [CMS-concurrent-abortable-preclean: 0.001/0.056 secs] [Times: user=0.02 sys=0.00, real=0.06 secs] 
2014-07-10T09:59:07.754+0200: 93.899: [GC (CMS Final Remark) [YG occupancy: 3816 K (9792 K)]93.899: [Rescan (parallel) , 0.0002937 secs]93.899: [weak refs processing, 0.0000594 secs]93.899: [class unloading, 0.0010599 secs]93.900: [scrub symbol table, 0.0012887 secs]93.902: [scrub string table, 0.0002372 secs][1 CMS-remark: 18993K(21888K)] 22810K(31680K), 0.0032168 secs] [Times: user=0.00 sys=0.00, real=0.00 secs] 
2014-07-10T09:59:07.757+0200: 93.902: [CMS-concurrent-sweep-start]
2014-07-10T09:59:07.758+0200: 93.903: [CMS-concurrent-sweep: 0.001/0.001 secs] [Times: user=0.00 sys=0.00, real=0.00 secs] 
2014-07-10T09:59:07.758+0200: 93.903: [CMS-concurrent-reset-start]
2014-07-10T09:59:07.758+0200: 93.903: [CMS-concurrent-reset: 0.000/0.000 secs] [Times: user=0.00 sys=0.00, real=0.00 secs] 
2014-07-10T09:59:07.759+0200: 93.904: [GC (Allocation Failure) 93.904: [ParNew: 9745K->1059K(9792K), 0.0045858 secs] 17657K->13390K(31680K), 0.0047192 secs] [Times: user=0.03 sys=0.00, real=0.00 secs] 
2014-07-10T09:59:07.764+0200: 93.909: [GC (CMS Initial Mark) [1 CMS-initial-mark: 12330K(21888K)] 13488K(31680K), 0.0002926 secs] [Times: user=0.00 sys=0.00, real=0.00 secs] 
2014-07-10T09:59:07.765+0200: 93.910: [CMS-concurrent-mark-start]
2014-07-10T09:59:07.766+0200: 93.911: [CMS-concurrent-mark: 0.001/0.001 secs] [Times: user=0.00 sys=0.00, real=0.00 secs] 
2014-07-10T09:59:07.766+0200: 93.911: [CMS-concurrent-preclean-start]
2014-07-10T09:59:07.766+0200: 93.911: [CMS-concurrent-preclean: 0.000/0.000 secs] [Times: user=0.00 sys=0.00, real=0.00 secs] 
2014-07-10T09:59:07.766+0200: 93.911: [CMS-concurrent-abortable-preclean-start]
2014-07-10T09:59:07.793+0200: 93.938: [GC (Allocation Failure) 93.938: [ParNew: 9745K->1059K(9792K), 0.0047951 secs] 22076K->18289K(31680K), 0.0049520 secs] [Times: user=0.03 sys=0.00, real=0.01 secs] 
2014-07-10T09:59:07.843+0200: 93.988: [GC (Allocation Failure) 93.988: [ParNew: 9745K->9745K(9792K), 0.0000557 secs]93.988: [CMS2014-07-10T09:59:07.843+0200: 93.988: [CMS-concurrent-abortable-preclean: 0.001/0.077 secs] [Times: user=0.03 sys=0.00, real=0.08 secs] 
 (concurrent mode failure): 17230K->6947K(21888K), 0.0085310 secs] 26976K->6947K(31680K), [Metaspace: 2457K->2457K(1056768K)], 0.0087675 secs] [Times: user=0.00 sys=0.00, real=0.01 secs] 
2014-07-10T09:59:07.856+0200: 94.001: [GC (Allocation Failure) 94.001: [ParNew: 8686K->1059K(9792K), 0.0059613 secs] 15633K->13869K(31680K), 0.0061395 secs] [Times: user=0.00 sys=0.00, real=0.01 secs] 
2014-07-10T09:59:07.863+0200: 94.008: [GC (CMS Initial Mark) [1 CMS-initial-mark: 12810K(21888K)] 14736K(31680K), 0.0002669 secs] [Times: user=0.00 sys=0.00, real=0.00 secs] 
2014-07-10T09:59:07.863+0200: 94.008: [CMS-concurrent-mark-start]
2014-07-10T09:59:07.864+0200: 94.009: [CMS-concurrent-mark: 0.001/0.001 secs] [Times: user=0.00 sys=0.00, real=0.00 secs] 
2014-07-10T09:59:07.864+0200: 94.009: [CMS-concurrent-preclean-start]
2014-07-10T09:59:07.864+0200: 94.009: [CMS-concurrent-preclean: 0.000/0.000 secs] [Times: user=0.00 sys=0.00, real=0.00 secs] 
2014-07-10T09:59:07.864+0200: 94.009: [CMS-concurrent-abortable-preclean-start]
2014-07-10T09:59:07.892+0200: 94.037: [GC (Allocation Failure) 94.037: [ParNew: 9734K->1061K(9792K), 0.0039493 secs] 22544K->18002K(31680K), 0.0041102 secs] [Times: user=0.00 sys=0.00, real=0.00 secs] 
2014-07-10T09:59:07.944+0200: 94.089: [GC (Allocation Failure) 94.089: [ParNew: 9747K->9747K(9792K), 0.0000964 secs]94.089: [CMS2014-07-10T09:59:07.944+0200: 94.089: [CMS-concurrent-abortable-preclean: 0.001/0.080 secs] [Times: user=0.00 sys=0.00, real=0.08 secs] 
 (concurrent mode failure): 16941K->6179K(21888K), 0.0139780 secs] 26688K->6179K(31680K), [Metaspace: 2457K->2457K(1056768K)], 0.0143813 secs] [Times: user=0.02 sys=0.00, real=0.01 secs] 
2014-07-10T09:59:07.965+0200: 94.110: [GC (Allocation Failure) 94.110: [ParNew: 8686K->1059K(9792K), 0.0057494 secs] 14865K->12333K(31680K), 0.0059914 secs] [Times: user=0.00 sys=0.00, real=0.01 secs] 
2014-07-10T09:59:07.971+0200: 94.116: [GC (CMS Initial Mark) [1 CMS-initial-mark: 11273K(21888K)] 12399K(31680K), 0.0002618 secs] [Times: user=0.00 sys=0.00, real=0.00 secs] 
2014-07-10T09:59:07.971+0200: 94.116: [CMS-concurrent-mark-start]
2014-07-10T09:59:07.973+0200: 94.118: [CMS-concurrent-mark: 0.001/0.001 secs] [Times: user=0.00 sys=0.00, real=0.00 secs] 
2014-07-10T09:59:07.973+0200: 94.118: [CMS-concurrent-preclean-start]
2014-07-10T09:59:07.973+0200: 94.118: [CMS-concurrent-preclean: 0.000/0.000 secs] [Times: user=0.00 sys=0.00, real=0.00 secs] 
2014-07-10T09:59:07.973+0200: 94.118: [CMS-concurrent-abortable-preclean-start]
2014-07-10T09:59:07.993+0200: 94.138: [GC (Allocation Failure) 94.138: [ParNew: 9745K->1059K(9792K), 0.0052490 secs] 21019K->17905K(31680K), 0.0054063 secs] [Times: user=0.03 sys=0.00, real=0.00 secs] 
2014-07-10T09:59:08.045+0200: 94.190: [GC (Allocation Failure) 94.190: [ParNew: 9745K->9745K(9792K), 0.0001082 secs]94.190: [CMS2014-07-10T09:59:08.045+0200: 94.190: [CMS-concurrent-abortable-preclean: 0.001/0.073 secs] [Times: user=0.05 sys=0.00, real=0.07 secs] 
 (concurrent mode failure): 16845K->7620K(21888K), 0.0155237 secs] 26591K->7620K(31680K), [Metaspace: 2457K->2457K(1056768K)], 0.0159493 secs] [Times: user=0.02 sys=0.00, real=0.02 secs] 
2014-07-10T09:59:08.068+0200: 94.213: [GC (Allocation Failure) 94.214: [ParNew: 8686K->1059K(9792K), 0.0090194 secs] 16306K->15214K(31680K), 0.0092969 secs] [Times: user=0.03 sys=0.00, real=0.01 secs] 
2014-07-10T09:59:08.078+0200: 94.223: [GC (CMS Initial Mark) [1 CMS-initial-mark: 14155K(21888K)] 15280K(31680K), 0.0004385 secs] [Times: user=0.00 sys=0.00, real=0.00 secs] 
2014-07-10T09:59:08.079+0200: 94.224: [CMS-concurrent-mark-start]
2014-07-10T09:59:08.081+0200: 94.226: [CMS-concurrent-mark: 0.002/0.002 secs] [Times: user=0.00 sys=0.00, real=0.00 secs] 
2014-07-10T09:59:08.081+0200: 94.226: [CMS-concurrent-preclean-start]
2014-07-10T09:59:08.081+0200: 94.226: [CMS-concurrent-preclean: 0.000/0.000 secs] [Times: user=0.00 sys=0.00, real=0.00 secs] 
2014-07-10T09:59:08.081+0200: 94.226: [GC (CMS Final Remark) [YG occupancy: 1669 K (9792 K)]94.226: [Rescan (parallel) , 0.0002537 secs]94.227: [weak refs processing, 0.0000616 secs]94.227: [class unloading, 0.0011985 secs]94.228: [scrub symbol table, 0.0015054 secs]94.230: [scrub string table, 0.0005136 secs][1 CMS-remark: 14155K(21888K)] 15825K(31680K), 0.0039372 secs] [Times: user=0.00 sys=0.00, real=0.00 secs] 
2014-07-10T09:59:08.086+0200: 94.231: [CMS-concurrent-sweep-start]
2014-07-10T09:59:08.087+0200: 94.232: [CMS-concurrent-sweep: 0.001/0.001 secs] [Times: user=0.00 sys=0.00, real=0.00 secs] 
2014-07-10T09:59:08.087+0200: 94.232: [CMS-concurrent-reset-start]
2014-07-10T09:59:08.087+0200: 94.232: [CMS-concurrent-reset: 0.000/0.000 secs] [Times: user=0.00 sys=0.00, real=0.00 secs] 
2014-07-10T09:59:08.095+0200: 94.240: [GC (Allocation Failure) 94.241: [ParNew: 9745K->1059K(9792K), 0.0058726 secs] 16791K->15117K(31680K), 0.0060761 secs] [Times: user=0.00 sys=0.00, real=0.01 secs] 
2014-07-10T09:59:08.102+0200: 94.247: [GC (CMS Initial Mark) [1 CMS-initial-mark: 14058K(21888K)] 15183K(31680K), 0.0002090 secs] [Times: user=0.00 sys=0.00, real=0.00 secs] 
2014-07-10T09:59:08.102+0200: 94.247: [CMS-concurrent-mark-start]
2014-07-10T09:59:08.103+0200: 94.248: [CMS-concurrent-mark: 0.001/0.001 secs] [Times: user=0.00 sys=0.00, real=0.00 secs] 
2014-07-10T09:59:08.103+0200: 94.248: [CMS-concurrent-preclean-start]
2014-07-10T09:59:08.103+0200: 94.248: [CMS-concurrent-preclean: 0.000/0.000 secs] [Times: user=0.00 sys=0.00, real=0.00 secs] 
2014-07-10T09:59:08.103+0200: 94.248: [GC (CMS Final Remark) [YG occupancy: 2219 K (9792 K)]94.248: [Rescan (parallel) , 0.0001371 secs]94.249: [weak refs processing, 0.0000334 secs]94.249: [class unloading, 0.0005378 secs]94.249: [scrub symbol table, 0.0007413 secs]94.250: [scrub string table, 0.0002093 secs][1 CMS-remark: 14058K(21888K)] 16277K(31680K), 0.0018313 secs] [Times: user=0.00 sys=0.00, real=0.00 secs] 
2014-07-10T09:59:08.105+0200: 94.250: [CMS-concurrent-sweep-start]
2014-07-10T09:59:08.106+0200: 94.251: [CMS-concurrent-sweep: 0.000/0.000 secs] [Times: user=0.01 sys=0.00, real=0.00 secs] 
2014-07-10T09:59:08.106+0200: 94.251: [CMS-concurrent-reset-start]
2014-07-10T09:59:08.106+0200: 94.251: [CMS-concurrent-reset: 0.000/0.000 secs] [Times: user=0.00 sys=0.00, real=0.00 secs] 
2014-07-10T09:59:08.143+0200: 94.288: [GC (Allocation Failure) 94.288: [ParNew: 9751K->1061K(9792K), 0.0056893 secs] 17276K->15055K(31680K), 0.0058429 secs] [Times: user=0.00 sys=0.00, real=0.01 secs] 
2014-07-10T09:59:08.149+0200: 94.294: [GC (CMS Initial Mark) [1 CMS-initial-mark: 13993K(21888K)] 15121K(31680K), 0.0001870 secs] [Times: user=0.00 sys=0.00, real=0.00 secs] 
2014-07-10T09:59:08.149+0200: 94.294: [CMS-concurrent-mark-start]
2014-07-10T09:59:08.150+0200: 94.295: [CMS-concurrent-mark: 0.001/0.001 secs] [Times: user=0.00 sys=0.00, real=0.00 secs] 
2014-07-10T09:59:08.150+0200: 94.295: [CMS-concurrent-preclean-start]
2014-07-10T09:59:08.150+0200: 94.295: [CMS-concurrent-preclean: 0.000/0.000 secs] [Times: user=0.00 sys=0.00, real=0.00 secs] 
2014-07-10T09:59:08.150+0200: 94.295: [CMS-concurrent-abortable-preclean-start]
2014-07-10T09:59:08.153+0200: 94.298: [GC (Allocation Failure) 94.298: [ParNew: 9747K->9747K(9792K), 0.0000495 secs]94.299: [CMS2014-07-10T09:59:08.154+0200: 94.299: [CMS-concurrent-abortable-preclean: 0.000/0.003 secs] [Times: user=0.02 sys=0.00, real=0.00 secs] 
 (concurrent mode failure): 13993K->8516K(21888K), 0.0079539 secs] 23741K->8516K(31680K), [Metaspace: 2457K->2457K(1056768K)], 0.0081688 secs] [Times: user=0.00 sys=0.00, real=0.01 secs] 
2014-07-10T09:59:08.241+0200: 94.386: [GC (Allocation Failure) 94.386: [ParNew: 8688K->293K(9792K), 0.0010724 secs] 17204K->8809K(31680K), 0.0012597 secs] [Times: user=0.00 sys=0.00, real=0.00 secs] 
2014-07-10T09:59:08.250+0200: 94.395: [GC (Allocation Failure) 94.395: [ParNew: 8979K->774K(9792K), 0.0016681 secs] 17495K->9290K(31680K), 0.0018922 secs] [Times: user=0.00 sys=0.00, real=0.00 secs] 
2014-07-10T09:59:08.294+0200: 94.439: [GC (Allocation Failure) 94.439: [ParNew: 9460K->1059K(9792K), 0.0015835 secs] 17977K->9773K(31680K), 0.0016967 secs] [Times: user=0.00 sys=0.00, real=0.00 secs] 
2014-07-10T09:59:08.342+0200: 94.486: [GC (Allocation Failure) 94.486: [ParNew: 9745K->1059K(9792K), 0.0191349 secs] 18459K->10446K(31680K), 0.0193813 secs] [Times: user=0.01 sys=0.00, real=0.02 secs] 
2014-07-10T09:59:08.366+0200: 94.510: [GC (Allocation Failure) 94.510: [ParNew: 9745K->1059K(9792K), 0.0148234 secs] 19132K->11600K(31680K), 0.0149679 secs] [Times: user=0.02 sys=0.00, real=0.02 secs] 
2014-07-10T09:59:08.391+0200: 94.535: [GC (Allocation Failure) 94.535: [ParNew: 9755K->1059K(9792K), 0.0012113 secs] 20295K->11697K(31680K), 0.0012898 secs] [Times: user=0.00 sys=0.00, real=0.00 secs] 
2014-07-10T09:59:08.441+0200: 94.585: [GC (Allocation Failure) 94.585: [ParNew: 9745K->1059K(9792K), 0.0011024 secs] 20383K->12278K(31680K), 0.0012055 secs] [Times: user=0.00 sys=0.00, real=0.00 secs] 
2014-07-10T09:59:08.447+0200: 94.591: [GC (Allocation Failure) 94.591: [ParNew: 9745K->1059K(9792K), 0.0016374 secs] 20964K->13335K(31680K), 0.0017668 secs] [Times: user=0.00 sys=0.00, real=0.00 secs] 
2014-07-10T09:59:08.491+0200: 94.635: [GC (Allocation Failure) 94.635: [ParNew: 9745K->1059K(9792K), 0.0013133 secs] 22021K->14873K(31680K), 0.0014232 secs] [Times: user=0.00 sys=0.00, real=0.00 secs] 
2014-07-10T09:59:08.541+0200: 94.685: [GC (Allocation Failure) 94.685: [ParNew: 9745K->1059K(9792K), 0.0015244 secs] 23559K->16891K(31680K), 0.0017759 secs] [Times: user=0.00 sys=0.00, real=0.00 secs] 
2014-07-10T09:59:08.547+0200: 94.691: [GC (Allocation Failure) 94.691: [ParNew: 9745K->1059K(9792K), 0.0028479 secs] 25577K->19389K(31680K), 0.0030122 secs] [Times: user=0.00 sys=0.00, real=0.00 secs] 
2014-07-10T09:59:08.552+0200: 94.696: [GC (CMS Initial Mark) [1 CMS-initial-mark: 18330K(21888K)] 23589K(31680K), 0.0002687 secs] [Times: user=0.00 sys=0.00, real=0.00 secs] 
2014-07-10T09:59:08.553+0200: 94.697: [CMS-concurrent-mark-start]
2014-07-10T09:59:08.553+0200: 94.697: [CMS-concurrent-mark: 0.001/0.001 secs] [Times: user=0.00 sys=0.00, real=0.00 secs] 
2014-07-10T09:59:08.553+0200: 94.697: [CMS-concurrent-preclean-start]
2014-07-10T09:59:08.554+0200: 94.698: [CMS-concurrent-preclean: 0.000/0.000 secs] [Times: user=0.00 sys=0.00, real=0.00 secs] 
2014-07-10T09:59:08.554+0200: 94.698: [CMS-concurrent-abortable-preclean-start]
2014-07-10T09:59:08.592+0200: 94.736: [GC (Allocation Failure) 94.736: [ParNew: 9745K->1059K(9792K), 0.0027666 secs] 28076K->22368K(31680K), 0.0028974 secs] [Times: user=0.00 sys=0.00, real=0.00 secs] 
2014-07-10T09:59:08.595+0200: 94.739: [CMS-concurrent-abortable-preclean: 0.000/0.041 secs] [Times: user=0.00 sys=0.00, real=0.04 secs] 
2014-07-10T09:59:08.595+0200: 94.739: [GC (CMS Final Remark) [YG occupancy: 1253 K (9792 K)]94.739: [Rescan (parallel) , 0.0001716 secs]94.739: [weak refs processing, 0.0000253 secs]94.739: [class unloading, 0.0005004 secs]94.740: [scrub symbol table, 0.0005628 secs]94.740: [scrub string table, 0.0001679 secs][1 CMS-remark: 21308K(21888K)] 22562K(31680K), 0.0015417 secs] [Times: user=0.00 sys=0.00, real=0.00 secs] 
2014-07-10T09:59:08.596+0200: 94.740: [CMS-concurrent-sweep-start]
2014-07-10T09:59:08.597+0200: 94.741: [CMS-concurrent-sweep: 0.000/0.000 secs] [Times: user=0.00 sys=0.00, real=0.00 secs] 
2014-07-10T09:59:08.597+0200: 94.741: [CMS-concurrent-reset-start]
2014-07-10T09:59:08.597+0200: 94.741: [CMS-concurrent-reset: 0.000/0.000 secs] [Times: user=0.00 sys=0.00, real=0.00 secs] 
2014-07-10T09:59:08.641+0200: 94.785: [GC (Allocation Failure) 94.785: [ParNew: 9757K->1061K(9792K), 0.0015534 secs] 15747K->8973K(31680K), 0.0016912 secs] [Times: user=0.00 sys=0.00, real=0.00 secs] 
2014-07-10T09:59:08.648+0200: 94.792: [GC (Allocation Failure) 94.792: [ParNew: 9747K->1059K(9792K), 0.0025462 secs] 17660K->11375K(31680K), 0.0027163 secs] [Times: user=0.00 sys=0.00, real=0.00 secs] 
2014-07-10T09:59:08.693+0200: 94.837: [GC (Allocation Failure) 94.837: [ParNew: 9745K->1059K(9792K), 0.0045773 secs] 20061K->14257K(31680K), 0.0048637 secs] [Times: user=0.00 sys=0.00, real=0.00 secs] 
2014-07-10T09:59:08.743+0200: 94.887: [GC (Allocation Failure) 94.887: [ParNew: 9745K->1059K(9792K), 0.0051617 secs] 22943K->17620K(31680K), 0.0053846 secs] [Times: user=0.03 sys=0.00, real=0.00 secs] 
2014-07-10T09:59:08.749+0200: 94.893: [GC (CMS Initial Mark) [1 CMS-initial-mark: 16560K(21888K)] 17686K(31680K), 0.0002559 secs] [Times: user=0.00 sys=0.00, real=0.00 secs] 
2014-07-10T09:59:08.749+0200: 94.893: [CMS-concurrent-mark-start]
2014-07-10T09:59:08.750+0200: 94.894: [CMS-concurrent-mark: 0.001/0.001 secs] [Times: user=0.00 sys=0.00, real=0.00 secs] 
2014-07-10T09:59:08.750+0200: 94.894: [CMS-concurrent-preclean-start]
2014-07-10T09:59:08.750+0200: 94.894: [CMS-concurrent-preclean: 0.000/0.000 secs] [Times: user=0.00 sys=0.00, real=0.00 secs] 
2014-07-10T09:59:08.750+0200: 94.894: [CMS-concurrent-abortable-preclean-start]
2014-07-10T09:59:08.753+0200: 94.897: [GC (Allocation Failure) 94.897: [ParNew: 9745K->1059K(9792K), 0.0040820 secs] 26306K->21463K(31680K), 0.0042466 secs] [Times: user=0.00 sys=0.00, real=0.00 secs] 
2014-07-10T09:59:08.758+0200: 94.902: [CMS-concurrent-abortable-preclean: 0.001/0.008 secs] [Times: user=0.00 sys=0.00, real=0.01 secs] 
2014-07-10T09:59:08.759+0200: 94.903: [GC (CMS Final Remark) [YG occupancy: 4169 K (9792 K)]94.903: [Rescan (parallel) , 0.0001712 secs]94.903: [weak refs processing, 0.0000359 secs]94.903: [class unloading, 0.0006548 secs]94.904: [scrub symbol table, 0.0007380 secs]94.904: [scrub string table, 0.0002504 secs][1 CMS-remark: 20403K(21888K)] 24572K(31680K), 0.0020326 secs] [Times: user=0.00 sys=0.00, real=0.00 secs] 
2014-07-10T09:59:08.761+0200: 94.905: [CMS-concurrent-sweep-start]
2014-07-10T09:59:08.761+0200: 94.905: [CMS-concurrent-sweep: 0.000/0.000 secs] [Times: user=0.00 sys=0.00, real=0.00 secs] 
2014-07-10T09:59:08.761+0200: 94.905: [CMS-concurrent-reset-start]
2014-07-10T09:59:08.761+0200: 94.905: [CMS-concurrent-reset: 0.000/0.000 secs] [Times: user=0.00 sys=0.00, real=0.00 secs] 
2014-07-10T09:59:08.793+0200: 94.937: [GC (Allocation Failure) 94.937: [ParNew: 9745K->1059K(9792K), 0.0040058 secs] 17465K->13102K(31680K), 0.0041685 secs] [Times: user=0.00 sys=0.00, real=0.00 secs] 
2014-07-10T09:59:08.797+0200: 94.941: [GC (CMS Initial Mark) [1 CMS-initial-mark: 12043K(21888K)] 13200K(31680K), 0.0002610 secs] [Times: user=0.00 sys=0.00, real=0.00 secs] 
2014-07-10T09:59:08.798+0200: 94.942: [CMS-concurrent-mark-start]
2014-07-10T09:59:08.799+0200: 94.943: [CMS-concurrent-mark: 0.001/0.001 secs] [Times: user=0.00 sys=0.00, real=0.00 secs] 
2014-07-10T09:59:08.799+0200: 94.943: [CMS-concurrent-preclean-start]
2014-07-10T09:59:08.799+0200: 94.943: [CMS-concurrent-preclean: 0.000/0.000 secs] [Times: user=0.00 sys=0.00, real=0.00 secs] 
2014-07-10T09:59:08.799+0200: 94.943: [CMS-concurrent-abortable-preclean-start]
2014-07-10T09:59:08.844+0200: 94.988: [GC (Allocation Failure) 94.988: [ParNew: 9745K->1059K(9792K), 0.0075851 secs] 21789K->17906K(31680K), 0.0078934 secs] [Times: user=0.00 sys=0.00, real=0.01 secs] 
2014-07-10T09:59:08.859+0200: 95.003: [GC (Allocation Failure) 95.004: [ParNew: 9757K->9757K(9792K), 0.0000994 secs]95.004: [CMS2014-07-10T09:59:08.860+0200: 95.004: [CMS-concurrent-abortable-preclean: 0.002/0.061 secs] [Times: user=0.02 sys=0.00, real=0.06 secs] 
 (concurrent mode failure): 16846K->6211K(21888K), 0.0111410 secs] 26604K->6211K(31680K), [Metaspace: 2457K->2457K(1056768K)], 0.0114871 secs] [Times: user=0.02 sys=0.00, real=0.01 secs] 
2014-07-10T09:59:08.892+0200: 95.036: [GC (Allocation Failure) 95.037: [ParNew: 8691K->1059K(9792K), 0.0039504 secs] 14903K->11373K(31680K), 0.0041022 secs] [Times: user=0.00 sys=0.00, real=0.01 secs] 
2014-07-10T09:59:08.944+0200: 95.088: [GC (Allocation Failure) 95.088: [ParNew: 9745K->1059K(9792K), 0.0075404 secs] 20059K->15953K(31680K), 0.0078194 secs] [Times: user=0.03 sys=0.00, real=0.01 secs] 
2014-07-10T09:59:08.952+0200: 95.096: [GC (CMS Initial Mark) [1 CMS-initial-mark: 14893K(21888K)] 16019K(31680K), 0.0003677 secs] [Times: user=0.00 sys=0.00, real=0.00 secs] 
2014-07-10T09:59:08.952+0200: 95.096: [CMS-concurrent-mark-start]
2014-07-10T09:59:08.955+0200: 95.099: [CMS-concurrent-mark: 0.002/0.002 secs] [Times: user=0.00 sys=0.00, real=0.00 secs] 
2014-07-10T09:59:08.955+0200: 95.099: [CMS-concurrent-preclean-start]
2014-07-10T09:59:08.955+0200: 95.099: [CMS-concurrent-preclean: 0.000/0.000 secs] [Times: user=0.00 sys=0.00, real=0.00 secs] 
2014-07-10T09:59:08.955+0200: 95.099: [CMS-concurrent-abortable-preclean-start]
2014-07-10T09:59:08.958+0200: 95.103: [GC (Allocation Failure) 95.103: [ParNew: 9745K->1059K(9792K), 0.0048549 secs] 24639K->21012K(31680K), 0.0050037 secs] [Times: user=0.00 sys=0.00, real=0.00 secs] 
2014-07-10T09:59:08.965+0200: 95.109: [CMS-concurrent-abortable-preclean: 0.001/0.010 secs] [Times: user=0.00 sys=0.01, real=0.01 secs] 
2014-07-10T09:59:08.965+0200: 95.109: [GC (CMS Final Remark) [YG occupancy: 3142 K (9792 K)]95.109: [Rescan (parallel) , 0.0001609 secs]95.109: [weak refs processing, 0.0000359 secs]95.109: [class unloading, 0.0005994 secs]95.110: [scrub symbol table, 0.0007340 secs]95.111: [scrub string table, 0.0002779 secs][1 CMS-remark: 19953K(21888K)] 23095K(31680K), 0.0019941 secs] [Times: user=0.00 sys=0.00, real=0.00 secs] 
2014-07-10T09:59:08.967+0200: 95.111: [CMS-concurrent-sweep-start]
2014-07-10T09:59:08.968+0200: 95.112: [CMS-concurrent-sweep: 0.000/0.000 secs] [Times: user=0.00 sys=0.00, real=0.00 secs] 
2014-07-10T09:59:08.968+0200: 95.112: [CMS-concurrent-reset-start]
2014-07-10T09:59:08.968+0200: 95.112: [CMS-concurrent-reset: 0.000/0.000 secs] [Times: user=0.00 sys=0.00, real=0.00 secs] 
2014-07-10T09:59:08.993+0200: 95.137: [GC (Allocation Failure) 95.137: [ParNew: 9745K->1059K(9792K), 0.0051834 secs] 19899K->16753K(31680K), 0.0053542 secs] [Times: user=0.03 sys=0.00, real=0.00 secs] 
2014-07-10T09:59:08.998+0200: 95.142: [GC (CMS Initial Mark) [1 CMS-initial-mark: 15693K(21888K)] 16785K(31680K), 0.0002687 secs] [Times: user=0.00 sys=0.00, real=0.00 secs] 
2014-07-10T09:59:08.999+0200: 95.143: [CMS-concurrent-mark-start]
2014-07-10T09:59:09.000+0200: 95.144: [CMS-concurrent-mark: 0.001/0.001 secs] [Times: user=0.00 sys=0.00, real=0.00 secs] 
2014-07-10T09:59:09.000+0200: 95.144: [CMS-concurrent-preclean-start]
2014-07-10T09:59:09.000+0200: 95.144: [CMS-concurrent-preclean: 0.000/0.000 secs] [Times: user=0.00 sys=0.00, real=0.00 secs] 
2014-07-10T09:59:09.000+0200: 95.144: [GC (CMS Final Remark) [YG occupancy: 2662 K (9792 K)]95.144: [Rescan (parallel) , 0.0001401 secs]95.144: [weak refs processing, 0.0000359 secs]95.145: [class unloading, 0.0005411 secs]95.145: [scrub symbol table, 0.0007432 secs]95.146: [scrub string table, 0.0002354 secs][1 CMS-remark: 15693K(21888K)] 18356K(31680K), 0.0019043 secs] [Times: user=0.00 sys=0.00, real=0.00 secs] 
2014-07-10T09:59:09.002+0200: 95.146: [CMS-concurrent-sweep-start]
2014-07-10T09:59:09.003+0200: 95.147: [CMS-concurrent-sweep: 0.000/0.000 secs] [Times: user=0.00 sys=0.00, real=0.00 secs] 
2014-07-10T09:59:09.003+0200: 95.147: [CMS-concurrent-reset-start]
2014-07-10T09:59:09.003+0200: 95.147: [CMS-concurrent-reset: 0.000/0.000 secs] [Times: user=0.00 sys=0.00, real=0.00 secs] 
2014-07-10T09:59:09.043+0200: 95.187: [GC (Allocation Failure) 95.187: [ParNew: 9745K->1059K(9792K), 0.0055159 secs] 15800K->13134K(31680K), 0.0056702 secs] [Times: user=0.00 sys=0.00, real=0.01 secs] 
2014-07-10T09:59:09.049+0200: 95.193: [GC (CMS Initial Mark) [1 CMS-initial-mark: 12074K(21888K)] 13200K(31680K), 0.0002566 secs] [Times: user=0.00 sys=0.00, real=0.00 secs] 
2014-07-10T09:59:09.050+0200: 95.194: [CMS-concurrent-mark-start]
2014-07-10T09:59:09.051+0200: 95.195: [CMS-concurrent-mark: 0.001/0.001 secs] [Times: user=0.00 sys=0.00, real=0.00 secs] 
2014-07-10T09:59:09.051+0200: 95.195: [CMS-concurrent-preclean-start]
2014-07-10T09:59:09.051+0200: 95.195: [CMS-concurrent-preclean: 0.000/0.000 secs] [Times: user=0.00 sys=0.00, real=0.00 secs] 
2014-07-10T09:59:09.051+0200: 95.195: [CMS-concurrent-abortable-preclean-start]
2014-07-10T09:59:09.053+0200: 95.198: [GC (Allocation Failure) 95.198: [ParNew: 9745K->1059K(9792K), 0.0061809 secs] 21820K->19634K(31680K), 0.0063514 secs] [Times: user=0.03 sys=0.00, real=0.01 secs] 
2014-07-10T09:59:09.093+0200: 95.237: [GC (Allocation Failure) 95.237: [ParNew: 9751K->9751K(9792K), 0.0000579 secs]95.237: [CMS2014-07-10T09:59:09.094+0200: 95.238: [CMS-concurrent-abortable-preclean: 0.001/0.042 secs] [Times: user=0.03 sys=0.00, real=0.04 secs] 
 (concurrent mode failure): 18575K->7524K(21888K), 0.0089138 secs] 28326K->7524K(31680K), [Metaspace: 2457K->2457K(1056768K)], 0.0091601 secs] [Times: user=0.00 sys=0.00, real=0.01 secs] 
2014-07-10T09:59:09.144+0200: 95.288: [GC (Allocation Failure) 95.288: [ParNew: 8686K->1059K(9792K), 0.0056625 secs] 16210K->15023K(31680K), 0.0058370 secs] [Times: user=0.00 sys=0.00, real=0.01 secs] 
2014-07-10T09:59:09.150+0200: 95.294: [GC (CMS Initial Mark) [1 CMS-initial-mark: 13963K(21888K)] 15089K(31680K), 0.0004832 secs] [Times: user=0.00 sys=0.00, real=0.00 secs] 
2014-07-10T09:59:09.151+0200: 95.295: [CMS-concurrent-mark-start]
2014-07-10T09:59:09.152+0200: 95.296: [CMS-concurrent-mark: 0.001/0.001 secs] [Times: user=0.03 sys=0.00, real=0.00 secs] 
2014-07-10T09:59:09.152+0200: 95.296: [CMS-concurrent-preclean-start]
2014-07-10T09:59:09.152+0200: 95.296: [CMS-concurrent-preclean: 0.000/0.000 secs] [Times: user=0.00 sys=0.00, real=0.00 secs] 
2014-07-10T09:59:09.152+0200: 95.296: [CMS-concurrent-abortable-preclean-start]
2014-07-10T09:59:09.155+0200: 95.299: [GC (Allocation Failure) 95.299: [ParNew: 9745K->9745K(9792K), 0.0000576 secs]95.299: [CMS2014-07-10T09:59:09.155+0200: 95.299: [CMS-concurrent-abortable-preclean: 0.000/0.003 secs] [Times: user=0.00 sys=0.00, real=0.00 secs] 
 (concurrent mode failure): 13963K->8485K(21888K), 0.0099198 secs] 23709K->8485K(31680K), [Metaspace: 2457K->2457K(1056768K)], 0.0101519 secs] [Times: user=0.00 sys=0.00, real=0.01 secs] 
2014-07-10T09:59:09.241+0200: 95.385: [GC (Allocation Failure) 95.385: [ParNew: 8688K->261K(9792K), 0.0010200 secs] 17173K->8746K(31680K), 0.0011959 secs] [Times: user=0.00 sys=0.00, real=0.00 secs] 
2014-07-10T09:59:09.248+0200: 95.392: [GC (Allocation Failure) 95.392: [ParNew: 8947K->742K(9792K), 0.0016828 secs] 17432K->9227K(31680K), 0.0018837 secs] [Times: user=0.00 sys=0.00, real=0.00 secs] 
2014-07-10T09:59:09.292+0200: 95.436: [GC (Allocation Failure) 95.436: [ParNew: 9428K->1059K(9792K), 0.0334814 secs] 17913K->9709K(31680K), 0.0336372 secs] [Times: user=0.03 sys=0.00, real=0.03 secs] 
2014-07-10T09:59:09.341+0200: 95.485: [GC (Allocation Failure) 95.485: [ParNew: 9745K->1059K(9792K), 0.0235689 secs] 18396K->10351K(31680K), 0.0236833 secs] [Times: user=0.02 sys=0.00, real=0.02 secs] 
2014-07-10T09:59:09.369+0200: 95.513: [GC (Allocation Failure) 95.513: [ParNew: 9745K->1059K(9792K), 0.0082227 secs] 19037K->11472K(31680K), 0.0083448 secs] [Times: user=0.02 sys=0.00, real=0.01 secs] 
2014-07-10T09:59:09.391+0200: 95.535: [GC (Allocation Failure) 95.535: [ParNew: 9760K->613K(9792K), 0.0006354 secs] 20174K->11029K(31680K), 0.0007215 secs] [Times: user=0.00 sys=0.00, real=0.00 secs] 
2014-07-10T09:59:09.441+0200: 95.585: [GC (Allocation Failure) 95.585: [ParNew: 9299K->1059K(9792K), 0.0007717 secs] 19716K->11510K(31680K), 0.0008458 secs] [Times: user=0.00 sys=0.00, real=0.00 secs] 
2014-07-10T09:59:09.446+0200: 95.590: [GC (Allocation Failure) 95.590: [ParNew: 9745K->1059K(9792K), 0.0013004 secs] 20197K->12024K(31680K), 0.0014185 secs] [Times: user=0.03 sys=0.00, real=0.00 secs] 
2014-07-10T09:59:09.491+0200: 95.635: [GC (Allocation Failure) 95.635: [ParNew: 9745K->1059K(9792K), 0.0015545 secs] 20710K->13017K(31680K), 0.0016593 secs] [Times: user=0.00 sys=0.00, real=0.00 secs] 
2014-07-10T09:59:09.542+0200: 95.686: [GC (Allocation Failure) 95.686: [ParNew: 9745K->1059K(9792K), 0.0055738 secs] 21703K->14491K(31680K), 0.0058704 secs] [Times: user=0.00 sys=0.00, real=0.01 secs] 
2014-07-10T09:59:09.559+0200: 95.703: [GC (Allocation Failure) 95.703: [ParNew: 9745K->1059K(9792K), 0.0022328 secs] 23177K->16445K(31680K), 0.0023944 secs] [Times: user=0.00 sys=0.00, real=0.00 secs] 
2014-07-10T09:59:09.592+0200: 95.736: [GC (Allocation Failure) 95.736: [ParNew: 9745K->1059K(9792K), 0.0024018 secs] 25131K->18879K(31680K), 0.0025664 secs] [Times: user=0.00 sys=0.00, real=0.00 secs] 
2014-07-10T09:59:09.595+0200: 95.739: [GC (CMS Initial Mark) [1 CMS-initial-mark: 17820K(21888K)] 18945K(31680K), 0.0002167 secs] [Times: user=0.00 sys=0.00, real=0.00 secs] 
2014-07-10T09:59:09.595+0200: 95.739: [CMS-concurrent-mark-start]
2014-07-10T09:59:09.596+0200: 95.740: [CMS-concurrent-mark: 0.001/0.001 secs] [Times: user=0.00 sys=0.00, real=0.00 secs] 
2014-07-10T09:59:09.596+0200: 95.740: [CMS-concurrent-preclean-start]
2014-07-10T09:59:09.597+0200: 95.741: [CMS-concurrent-preclean: 0.000/0.000 secs] [Times: user=0.00 sys=0.00, real=0.00 secs] 
2014-07-10T09:59:09.597+0200: 95.741: [CMS-concurrent-abortable-preclean-start]
2014-07-10T09:59:09.642+0200: 95.786: [GC (Allocation Failure) 95.786: [ParNew: 9751K->1061K(9792K), 0.0017275 secs] 27571K->20771K(31680K), 0.0018731 secs] [Times: user=0.00 sys=0.00, real=0.00 secs] 
2014-07-10T09:59:09.648+0200: 95.792: [GC (Allocation Failure) 95.792: [ParNew: 9747K->9747K(9792K), 0.0000590 secs]95.792: [CMS2014-07-10T09:59:09.648+0200: 95.792: [CMS-concurrent-abortable-preclean: 0.001/0.052 secs] [Times: user=0.00 sys=0.00, real=0.05 secs] 
 (concurrent mode failure): 19710K->3938K(21888K), 0.0070234 secs] 29457K->3938K(31680K), [Metaspace: 2457K->2457K(1056768K)], 0.0072684 secs] [Times: user=0.01 sys=0.00, real=0.01 secs] 
2014-07-10T09:59:09.693+0200: 95.837: [GC (Allocation Failure) 95.837: [ParNew: 8686K->1059K(9792K), 0.0030335 secs] 12625K->7851K(31680K), 0.0032032 secs] [Times: user=0.00 sys=0.00, real=0.00 secs] 
2014-07-10T09:59:09.742+0200: 95.886: [GC (Allocation Failure) 95.886: [ParNew: 9745K->1059K(9792K), 0.0032039 secs] 16538K->11182K(31680K), 0.0033359 secs] [Times: user=0.01 sys=0.02, real=0.00 secs] 
2014-07-10T09:59:09.749+0200: 95.893: [GC (Allocation Failure) 95.893: [ParNew: 9745K->1059K(9792K), 0.0039200 secs] 19868K->14993K(31680K), 0.0040648 secs] [Times: user=0.00 sys=0.00, real=0.00 secs] 
2014-07-10T09:59:09.753+0200: 95.897: [GC (CMS Initial Mark) [1 CMS-initial-mark: 13933K(21888K)] 15059K(31680K), 0.0002764 secs] [Times: user=0.00 sys=0.00, real=0.00 secs] 
2014-07-10T09:59:09.753+0200: 95.897: [CMS-concurrent-mark-start]
2014-07-10T09:59:09.754+0200: 95.898: [CMS-concurrent-mark: 0.001/0.001 secs] [Times: user=0.00 sys=0.00, real=0.00 secs] 
2014-07-10T09:59:09.754+0200: 95.898: [CMS-concurrent-preclean-start]
2014-07-10T09:59:09.754+0200: 95.898: [CMS-concurrent-preclean: 0.000/0.000 secs] [Times: user=0.00 sys=0.00, real=0.00 secs] 
2014-07-10T09:59:09.754+0200: 95.898: [CMS-concurrent-abortable-preclean-start]
2014-07-10T09:59:09.792+0200: 95.936: [GC (Allocation Failure) 95.937: [ParNew: 9745K->1059K(9792K), 0.0041058 secs] 23679K->19284K(31680K), 0.0042426 secs] [Times: user=0.00 sys=0.00, real=0.00 secs] 
2014-07-10T09:59:09.798+0200: 95.942: [CMS-concurrent-abortable-preclean: 0.001/0.043 secs] [Times: user=0.00 sys=0.00, real=0.04 secs] 
2014-07-10T09:59:09.798+0200: 95.942: [GC (CMS Final Remark) [YG occupancy: 3912 K (9792 K)]95.942: [Rescan (parallel) , 0.0001206 secs]95.942: [weak refs processing, 0.0000286 secs]95.942: [class unloading, 0.0005287 secs]95.943: [scrub symbol table, 0.0005664 secs]95.943: [scrub string table, 0.0001800 secs][1 CMS-remark: 18225K(21888K)] 22138K(31680K), 0.0015428 secs] [Times: user=0.00 sys=0.00, real=0.00 secs] 
2014-07-10T09:59:09.799+0200: 95.944: [CMS-concurrent-sweep-start]
2014-07-10T09:59:09.800+0200: 95.944: [CMS-concurrent-sweep: 0.000/0.000 secs] [Times: user=0.00 sys=0.00, real=0.00 secs] 
2014-07-10T09:59:09.800+0200: 95.944: [CMS-concurrent-reset-start]
2014-07-10T09:59:09.800+0200: 95.944: [CMS-concurrent-reset: 0.000/0.000 secs] [Times: user=0.00 sys=0.00, real=0.00 secs] 
2014-07-10T09:59:09.844+0200: 95.988: [GC (Allocation Failure) 95.988: [ParNew: 9745K->1059K(9792K), 0.0078051 secs] 18362K->14448K(31680K), 0.0080845 secs] [Times: user=0.00 sys=0.00, real=0.01 secs] 
2014-07-10T09:59:09.852+0200: 95.996: [GC (CMS Initial Mark) [1 CMS-initial-mark: 13388K(21888K)] 14514K(31680K), 0.0004044 secs] [Times: user=0.00 sys=0.00, real=0.00 secs] 
2014-07-10T09:59:09.853+0200: 95.997: [CMS-concurrent-mark-start]
2014-07-10T09:59:09.855+0200: 95.999: [CMS-concurrent-mark: 0.002/0.002 secs] [Times: user=0.03 sys=0.00, real=0.00 secs] 
2014-07-10T09:59:09.855+0200: 95.999: [CMS-concurrent-preclean-start]
2014-07-10T09:59:09.856+0200: 96.000: [CMS-concurrent-preclean: 0.000/0.000 secs] [Times: user=0.00 sys=0.00, real=0.00 secs] 
2014-07-10T09:59:09.856+0200: 96.000: [CMS-concurrent-abortable-preclean-start]
2014-07-10T09:59:09.859+0200: 96.003: [GC (Allocation Failure) 96.003: [ParNew: 9745K->1059K(9792K), 0.0051053 secs] 23134K->19699K(31680K), 0.0052515 secs] [Times: user=0.00 sys=0.00, real=0.01 secs] 
2014-07-10T09:59:09.865+0200: 96.010: [CMS-concurrent-abortable-preclean: 0.001/0.010 secs] [Times: user=0.00 sys=0.00, real=0.01 secs] 
2014-07-10T09:59:09.866+0200: 96.010: [GC (CMS Final Remark) [YG occupancy: 4631 K (9792 K)]96.010: [Rescan (parallel) , 0.0001815 secs]96.010: [weak refs processing, 0.0000389 secs]96.010: [class unloading, 0.0006812 secs]96.011: [scrub symbol table, 0.0007618 secs]96.011: [scrub string table, 0.0002522 secs][1 CMS-remark: 18640K(21888K)] 23271K(31680K), 0.0021074 secs] [Times: user=0.00 sys=0.00, real=0.00 secs] 
2014-07-10T09:59:09.868+0200: 96.012: [CMS-concurrent-sweep-start]
2014-07-10T09:59:09.868+0200: 96.012: [CMS-concurrent-sweep: 0.000/0.000 secs] [Times: user=0.00 sys=0.00, real=0.00 secs] 
2014-07-10T09:59:09.868+0200: 96.012: [CMS-concurrent-reset-start]
2014-07-10T09:59:09.868+0200: 96.013: [CMS-concurrent-reset: 0.000/0.000 secs] [Times: user=0.00 sys=0.00, real=0.00 secs] 
2014-07-10T09:59:09.892+0200: 96.036: [GC (Allocation Failure) 96.036: [ParNew: 9760K->1059K(9792K), 0.0041645 secs] 20299K->15664K(31680K), 0.0043353 secs] [Times: user=0.00 sys=0.00, real=0.00 secs] 
2014-07-10T09:59:09.897+0200: 96.041: [GC (CMS Initial Mark) [1 CMS-initial-mark: 14605K(21888K)] 15730K(31680K), 0.0002581 secs] [Times: user=0.00 sys=0.00, real=0.00 secs] 
2014-07-10T09:59:09.897+0200: 96.041: [CMS-concurrent-mark-start]
2014-07-10T09:59:09.898+0200: 96.042: [CMS-concurrent-mark: 0.001/0.001 secs] [Times: user=0.00 sys=0.00, real=0.00 secs] 
2014-07-10T09:59:09.898+0200: 96.042: [CMS-concurrent-preclean-start]
2014-07-10T09:59:09.898+0200: 96.043: [CMS-concurrent-preclean: 0.000/0.000 secs] [Times: user=0.00 sys=0.00, real=0.00 secs] 
2014-07-10T09:59:09.899+0200: 96.043: [CMS-concurrent-abortable-preclean-start]
2014-07-10T09:59:09.943+0200: 96.087: [GC (Allocation Failure) 96.087: [ParNew: 9745K->1059K(9792K), 0.0046026 secs] 24350K->20213K(31680K), 0.0047493 secs] [Times: user=0.03 sys=0.00, real=0.00 secs] 
2014-07-10T09:59:09.949+0200: 96.094: [CMS-concurrent-abortable-preclean: 0.001/0.051 secs] [Times: user=0.03 sys=0.00, real=0.05 secs] 
2014-07-10T09:59:09.950+0200: 96.094: [GC (CMS Final Remark) [YG occupancy: 4171 K (9792 K)]96.094: [Rescan (parallel) , 0.0002079 secs]96.094: [weak refs processing, 0.0000396 secs]96.094: [class unloading, 0.0007904 secs]96.095: [scrub symbol table, 0.0007534 secs]96.096: [scrub string table, 0.0002361 secs][1 CMS-remark: 19154K(21888K)] 23325K(31680K), 0.0022353 secs] [Times: user=0.00 sys=0.00, real=0.00 secs] 
2014-07-10T09:59:09.952+0200: 96.096: [CMS-concurrent-sweep-start]
2014-07-10T09:59:09.953+0200: 96.097: [CMS-concurrent-sweep: 0.001/0.001 secs] [Times: user=0.00 sys=0.00, real=0.00 secs] 
2014-07-10T09:59:09.953+0200: 96.097: [CMS-concurrent-reset-start]
2014-07-10T09:59:09.953+0200: 96.097: [CMS-concurrent-reset: 0.000/0.000 secs] [Times: user=0.00 sys=0.00, real=0.00 secs] 
2014-07-10T09:59:09.954+0200: 96.098: [GC (Allocation Failure) 96.098: [ParNew: 9745K->1059K(9792K), 0.0049975 secs] 18875K->15217K(31680K), 0.0051306 secs] [Times: user=0.00 sys=0.00, real=0.01 secs] 
2014-07-10T09:59:09.960+0200: 96.104: [GC (CMS Initial Mark) [1 CMS-initial-mark: 14157K(21888K)] 15283K(31680K), 0.0002618 secs] [Times: user=0.00 sys=0.00, real=0.00 secs] 
2014-07-10T09:59:09.960+0200: 96.104: [CMS-concurrent-mark-start]
2014-07-10T09:59:09.961+0200: 96.105: [CMS-concurrent-mark: 0.001/0.001 secs] [Times: user=0.00 sys=0.00, real=0.00 secs] 
2014-07-10T09:59:09.961+0200: 96.105: [CMS-concurrent-preclean-start]
2014-07-10T09:59:09.961+0200: 96.105: [CMS-concurrent-preclean: 0.000/0.000 secs] [Times: user=0.00 sys=0.00, real=0.00 secs] 
2014-07-10T09:59:09.961+0200: 96.105: [CMS-concurrent-abortable-preclean-start]
2014-07-10T09:59:09.993+0200: 96.137: [GC (Allocation Failure) 96.137: [ParNew: 9745K->1059K(9792K), 0.0053164 secs] 23903K->20724K(31680K), 0.0054855 secs] [Times: user=0.03 sys=0.00, real=0.01 secs] 
2014-07-10T09:59:10.000+0200: 96.144: [CMS-concurrent-abortable-preclean: 0.001/0.039 secs] [Times: user=0.03 sys=0.00, real=0.04 secs] 
2014-07-10T09:59:10.000+0200: 96.144: [GC (CMS Final Remark) [YG occupancy: 2694 K (9792 K)]96.144: [Rescan (parallel) , 0.0001609 secs]96.144: [weak refs processing, 0.0000370 secs]96.144: [class unloading, 0.0007479 secs]96.145: [scrub symbol table, 0.0007574 secs]96.146: [scrub string table, 0.0002335 secs][1 CMS-remark: 19665K(21888K)] 22359K(31680K), 0.0021253 secs] [Times: user=0.00 sys=0.00, real=0.00 secs] 
2014-07-10T09:59:10.002+0200: 96.146: [CMS-concurrent-sweep-start]
2014-07-10T09:59:10.003+0200: 96.147: [CMS-concurrent-sweep: 0.000/0.000 secs] [Times: user=0.00 sys=0.00, real=0.00 secs] 
2014-07-10T09:59:10.003+0200: 96.147: [CMS-concurrent-reset-start]
2014-07-10T09:59:10.003+0200: 96.147: [CMS-concurrent-reset: 0.000/0.000 secs] [Times: user=0.00 sys=0.00, real=0.00 secs] 
2014-07-10T09:59:10.045+0200: 96.189: [GC (Allocation Failure) 96.189: [ParNew: 9745K->1059K(9792K), 0.0091433 secs] 20796K->18098K(31680K), 0.0094168 secs] [Times: user=0.00 sys=0.00, real=0.01 secs] 
2014-07-10T09:59:10.055+0200: 96.199: [GC (CMS Initial Mark) [1 CMS-initial-mark: 17038K(21888K)] 18164K(31680K), 0.0004389 secs] [Times: user=0.00 sys=0.00, real=0.00 secs] 
2014-07-10T09:59:10.055+0200: 96.199: [CMS-concurrent-mark-start]
2014-07-10T09:59:10.057+0200: 96.202: [CMS-concurrent-mark: 0.002/0.002 secs] [Times: user=0.03 sys=0.00, real=0.00 secs] 
2014-07-10T09:59:10.058+0200: 96.202: [CMS-concurrent-preclean-start]
2014-07-10T09:59:10.058+0200: 96.202: [CMS-concurrent-preclean: 0.000/0.000 secs] [Times: user=0.00 sys=0.00, real=0.00 secs] 
2014-07-10T09:59:10.058+0200: 96.202: [CMS-concurrent-abortable-preclean-start]
2014-07-10T09:59:10.058+0200: 96.202: [CMS-concurrent-abortable-preclean: 0.000/0.000 secs] [Times: user=0.00 sys=0.00, real=0.00 secs] 
2014-07-10T09:59:10.059+0200: 96.203: [GC (CMS Final Remark) [YG occupancy: 5899 K (9792 K)]96.203: [Rescan (parallel) , 0.0003527 secs]96.204: [weak refs processing, 0.0000616 secs]96.204: [class unloading, 0.0011571 secs]96.205: [scrub symbol table, 0.0012799 secs]96.206: [scrub string table, 0.0004553 secs][1 CMS-remark: 17038K(21888K)] 22938K(31680K), 0.0036784 secs] [Times: user=0.00 sys=0.00, real=0.00 secs] 
2014-07-10T09:59:10.063+0200: 96.207: [CMS-concurrent-sweep-start]
2014-07-10T09:59:10.064+0200: 96.208: [CMS-concurrent-sweep: 0.001/0.001 secs] [Times: user=0.00 sys=0.00, real=0.00 secs] 
2014-07-10T09:59:10.064+0200: 96.208: [CMS-concurrent-reset-start]
2014-07-10T09:59:10.064+0200: 96.208: [CMS-concurrent-reset: 0.000/0.000 secs] [Times: user=0.00 sys=0.00, real=0.00 secs] 
2014-07-10T09:59:10.066+0200: 96.210: [GC (Allocation Failure) 96.210: [ParNew: 9745K->1059K(9792K), 0.0064662 secs] 16248K->14030K(31680K), 0.0066187 secs] [Times: user=0.03 sys=0.00, real=0.01 secs] 
2014-07-10T09:59:10.073+0200: 96.217: [GC (CMS Initial Mark) [1 CMS-initial-mark: 12970K(21888K)] 14062K(31680K), 0.0002097 secs] [Times: user=0.00 sys=0.00, real=0.00 secs] 
2014-07-10T09:59:10.073+0200: 96.217: [CMS-concurrent-mark-start]
2014-07-10T09:59:10.074+0200: 96.218: [CMS-concurrent-mark: 0.001/0.001 secs] [Times: user=0.00 sys=0.00, real=0.00 secs] 
2014-07-10T09:59:10.074+0200: 96.218: [CMS-concurrent-preclean-start]
2014-07-10T09:59:10.074+0200: 96.218: [CMS-concurrent-preclean: 0.000/0.000 secs] [Times: user=0.00 sys=0.00, real=0.00 secs] 
2014-07-10T09:59:10.074+0200: 96.218: [GC (CMS Final Remark) [YG occupancy: 1733 K (9792 K)]96.218: [Rescan (parallel) , 0.0001148 secs]96.218: [weak refs processing, 0.0000290 secs]96.218: [class unloading, 0.0004678 secs]96.219: [scrub symbol table, 0.0006068 secs]96.219: [scrub string table, 0.0001822 secs][1 CMS-remark: 12970K(21888K)] 14704K(31680K), 0.0015409 secs] [Times: user=0.00 sys=0.00, real=0.00 secs] 
2014-07-10T09:59:10.076+0200: 96.220: [CMS-concurrent-sweep-start]
2014-07-10T09:59:10.076+0200: 96.220: [CMS-concurrent-sweep: 0.000/0.000 secs] [Times: user=0.00 sys=0.00, real=0.00 secs] 
2014-07-10T09:59:10.076+0200: 96.220: [CMS-concurrent-reset-start]
2014-07-10T09:59:10.076+0200: 96.220: [CMS-concurrent-reset: 0.000/0.000 secs] [Times: user=0.00 sys=0.00, real=0.00 secs] 
2014-07-10T09:59:10.093+0200: 96.237: [GC (Allocation Failure) 96.237: [ParNew: 9745K->1059K(9792K), 0.0061600 secs] 16728K->14990K(31680K), 0.0063232 secs] [Times: user=0.00 sys=0.00, real=0.01 secs] 
2014-07-10T09:59:10.100+0200: 96.244: [GC (CMS Initial Mark) [1 CMS-initial-mark: 13931K(21888K)] 15056K(31680K), 0.0002042 secs] [Times: user=0.00 sys=0.00, real=0.00 secs] 
2014-07-10T09:59:10.100+0200: 96.244: [CMS-concurrent-mark-start]
2014-07-10T09:59:10.101+0200: 96.245: [CMS-concurrent-mark: 0.001/0.001 secs] [Times: user=0.00 sys=0.00, real=0.00 secs] 
2014-07-10T09:59:10.101+0200: 96.245: [CMS-concurrent-preclean-start]
2014-07-10T09:59:10.101+0200: 96.245: [CMS-concurrent-preclean: 0.000/0.000 secs] [Times: user=0.00 sys=0.00, real=0.00 secs] 
2014-07-10T09:59:10.101+0200: 96.245: [GC (CMS Final Remark) [YG occupancy: 2801 K (9792 K)]96.245: [Rescan (parallel) , 0.0001287 secs]96.246: [weak refs processing, 0.0000301 secs]96.246: [class unloading, 0.0004876 secs]96.246: [scrub symbol table, 0.0006860 secs]96.247: [scrub string table, 0.0002178 secs][1 CMS-remark: 13931K(21888K)] 16732K(31680K), 0.0017048 secs] [Times: user=0.02 sys=0.00, real=0.00 secs] 
2014-07-10T09:59:10.103+0200: 96.247: [CMS-concurrent-sweep-start]
2014-07-10T09:59:10.103+0200: 96.247: [CMS-concurrent-sweep: 0.000/0.000 secs] [Times: user=0.00 sys=0.00, real=0.00 secs] 
2014-07-10T09:59:10.103+0200: 96.248: [CMS-concurrent-reset-start]
2014-07-10T09:59:10.104+0200: 96.248: [CMS-concurrent-reset: 0.000/0.000 secs] [Times: user=0.00 sys=0.00, real=0.00 secs] 
2014-07-10T09:59:10.143+0200: 96.287: [GC (Allocation Failure) 96.287: [ParNew: 9757K->1061K(9792K), 0.0051779 secs] 17219K->14416K(31680K), 0.0053326 secs] [Times: user=0.00 sys=0.00, real=0.01 secs] 
2014-07-10T09:59:10.149+0200: 96.293: [GC (CMS Initial Mark) [1 CMS-initial-mark: 13354K(21888K)] 14482K(31680K), 0.0002005 secs] [Times: user=0.00 sys=0.00, real=0.00 secs] 
2014-07-10T09:59:10.149+0200: 96.293: [CMS-concurrent-mark-start]
2014-07-10T09:59:10.150+0200: 96.294: [CMS-concurrent-mark: 0.001/0.001 secs] [Times: user=0.03 sys=0.00, real=0.00 secs] 
2014-07-10T09:59:10.150+0200: 96.294: [CMS-concurrent-preclean-start]
2014-07-10T09:59:10.150+0200: 96.294: [CMS-concurrent-preclean: 0.000/0.000 secs] [Times: user=0.00 sys=0.00, real=0.00 secs] 
2014-07-10T09:59:10.150+0200: 96.294: [CMS-concurrent-abortable-preclean-start]
2014-07-10T09:59:10.153+0200: 96.297: [GC (Allocation Failure) 96.297: [ParNew: 9747K->1059K(9792K), 0.0054649 secs] 23102K->20787K(31680K), 0.0056075 secs] [Times: user=0.00 sys=0.00, real=0.01 secs] 
2014-07-10T09:59:10.196+0200: 96.340: [GC (Allocation Failure) 96.340: [ParNew: 9745K->9745K(9792K), 0.0000979 secs]96.340: [CMS2014-07-10T09:59:10.196+0200: 96.340: [CMS-concurrent-abortable-preclean: 0.001/0.046 secs] [Times: user=0.00 sys=0.00, real=0.05 secs] 
 (concurrent mode failure): 19727K->8421K(21888K), 0.0212672 secs] 29473K->8421K(31680K), [Metaspace: 2457K->2457K(1056768K)], 0.0218546 secs] [Times: user=0.03 sys=0.00, real=0.02 secs] 
2014-07-10T09:59:10.244+0200: 96.388: [GC (Allocation Failure) 96.388: [ParNew: 8688K->195K(9792K), 0.0006651 secs] 17109K->8616K(31680K), 0.0007868 secs] [Times: user=0.00 sys=0.00, real=0.00 secs] 
2014-07-10T09:59:10.291+0200: 96.435: [GC (Allocation Failure) 96.435: [ParNew: 8881K->676K(9792K), 0.0017356 secs] 17302K->9097K(31680K), 0.0018914 secs] [Times: user=0.00 sys=0.00, real=0.00 secs] 
2014-07-10T09:59:10.341+0200: 96.485: [GC (Allocation Failure) 96.485: [ParNew: 9362K->1059K(9792K), 0.0126841 secs] 17784K->9582K(31680K), 0.0127908 secs] [Times: user=0.01 sys=0.00, real=0.01 secs] 
2014-07-10T09:59:10.358+0200: 96.502: [GC (Allocation Failure) 96.502: [ParNew: 9745K->1059K(9792K), 0.0132927 secs] 18268K->10159K(31680K), 0.0134673 secs] [Times: user=0.02 sys=0.00, real=0.01 secs] 
2014-07-10T09:59:10.391+0200: 96.535: [GC (Allocation Failure) 96.535: [ParNew: 9757K->579K(9792K), 0.0006134 secs] 18857K->9682K(31680K), 0.0006845 secs] [Times: user=0.00 sys=0.00, real=0.00 secs] 
2014-07-10T09:59:10.442+0200: 96.587: [GC (Allocation Failure) 96.587: [ParNew: 9265K->1059K(9792K), 0.0007146 secs] 18368K->10165K(31680K), 0.0008110 secs] [Times: user=0.00 sys=0.00, real=0.00 secs] 
2014-07-10T09:59:10.448+0200: 96.592: [GC (Allocation Failure) 96.592: [ParNew: 9745K->1059K(9792K), 0.0011981 secs] 18851K->10646K(31680K), 0.0013129 secs] [Times: user=0.00 sys=0.00, real=0.00 secs] 
2014-07-10T09:59:10.491+0200: 96.635: [GC (Allocation Failure) 96.635: [ParNew: 9745K->1059K(9792K), 0.0015094 secs] 19332K->11607K(31680K), 0.0015912 secs] [Times: user=0.02 sys=0.00, real=0.00 secs] 
2014-07-10T09:59:10.541+0200: 96.685: [GC (Allocation Failure) 96.686: [ParNew: 9745K->1059K(9792K), 0.0015167 secs] 20294K->13049K(31680K), 0.0016304 secs] [Times: user=0.00 sys=0.00, real=0.00 secs] 
2014-07-10T09:59:10.547+0200: 96.691: [GC (Allocation Failure) 96.691: [ParNew: 9745K->1059K(9792K), 0.0021972 secs] 21735K->14971K(31680K), 0.0023453 secs] [Times: user=0.00 sys=0.00, real=0.00 secs] 
2014-07-10T09:59:10.592+0200: 96.736: [GC (Allocation Failure) 96.736: [ParNew: 9745K->1059K(9792K), 0.0019578 secs] 23657K->17374K(31680K), 0.0020799 secs] [Times: user=0.00 sys=0.00, real=0.00 secs] 
2014-07-10T09:59:10.594+0200: 96.738: [GC (CMS Initial Mark) [1 CMS-initial-mark: 16314K(21888K)] 17440K(31680K), 0.0001782 secs] [Times: user=0.00 sys=0.00, real=0.00 secs] 
2014-07-10T09:59:10.594+0200: 96.738: [CMS-concurrent-mark-start]
2014-07-10T09:59:10.595+0200: 96.739: [CMS-concurrent-mark: 0.001/0.001 secs] [Times: user=0.00 sys=0.00, real=0.00 secs] 
2014-07-10T09:59:10.595+0200: 96.739: [CMS-concurrent-preclean-start]
2014-07-10T09:59:10.595+0200: 96.739: [CMS-concurrent-preclean: 0.000/0.000 secs] [Times: user=0.00 sys=0.00, real=0.00 secs] 
2014-07-10T09:59:10.595+0200: 96.739: [CMS-concurrent-abortable-preclean-start]
2014-07-10T09:59:10.642+0200: 96.786: [GC (Allocation Failure) 96.786: [ParNew: 9751K->1061K(9792K), 0.0016509 secs] 26065K->19233K(31680K), 0.0017844 secs] [Times: user=0.00 sys=0.00, real=0.00 secs] 
2014-07-10T09:59:10.647+0200: 96.791: [GC (Allocation Failure) 96.791: [ParNew: 9747K->1059K(9792K), 0.0027834 secs] 27920K->21570K(31680K), 0.0029440 secs] [Times: user=0.03 sys=0.00, real=0.00 secs] 
2014-07-10T09:59:10.692+0200: 96.836: [GC (Allocation Failure) 96.836: [ParNew: 9745K->9745K(9792K), 0.0000422 secs]96.836: [CMS2014-07-10T09:59:10.692+0200: 96.836: [CMS-concurrent-abortable-preclean: 0.001/0.097 secs] [Times: user=0.03 sys=0.00, real=0.10 secs] 
 (concurrent mode failure): 20511K->4387K(21888K), 0.0050781 secs] 30256K->4387K(31680K), [Metaspace: 2457K->2457K(1056768K)], 0.0052776 secs] [Times: user=0.02 sys=0.00, real=0.01 secs] 
2014-07-10T09:59:10.743+0200: 96.887: [GC (Allocation Failure) 96.887: [ParNew: 8686K->1059K(9792K), 0.0067089 secs] 13073K->8748K(31680K), 0.0069751 secs] [Times: user=0.00 sys=0.00, real=0.01 secs] 
2014-07-10T09:59:10.757+0200: 96.901: [GC (Allocation Failure) 96.901: [ParNew: 9745K->1059K(9792K), 0.0040453 secs] 17435K->12527K(31680K), 0.0042448 secs] [Times: user=0.03 sys=0.00, real=0.00 secs] 
2014-07-10T09:59:10.792+0200: 96.936: [GC (Allocation Failure) 96.937: [ParNew: 9745K->1059K(9792K), 0.0041487 secs] 21214K->16786K(31680K), 0.0043013 secs] [Times: user=0.00 sys=0.00, real=0.00 secs] 
2014-07-10T09:59:10.797+0200: 96.941: [GC (CMS Initial Mark) [1 CMS-initial-mark: 15727K(21888K)] 16852K(31680K), 0.0002258 secs] [Times: user=0.00 sys=0.00, real=0.00 secs] 
2014-07-10T09:59:10.797+0200: 96.941: [CMS-concurrent-mark-start]
2014-07-10T09:59:10.798+0200: 96.942: [CMS-concurrent-mark: 0.001/0.001 secs] [Times: user=0.00 sys=0.00, real=0.00 secs] 
2014-07-10T09:59:10.798+0200: 96.942: [CMS-concurrent-preclean-start]
2014-07-10T09:59:10.798+0200: 96.942: [CMS-concurrent-preclean: 0.000/0.000 secs] [Times: user=0.00 sys=0.00, real=0.00 secs] 
2014-07-10T09:59:10.798+0200: 96.942: [CMS-concurrent-abortable-preclean-start]
2014-07-10T09:59:10.843+0200: 96.987: [GC (Allocation Failure) 96.987: [ParNew: 9745K->1059K(9792K), 0.0045088 secs] 25473K->21526K(31680K), 0.0046517 secs] [Times: user=0.00 sys=0.00, real=0.00 secs] 
2014-07-10T09:59:10.849+0200: 96.993: [CMS-concurrent-abortable-preclean: 0.001/0.050 secs] [Times: user=0.00 sys=0.00, real=0.05 secs] 
2014-07-10T09:59:10.849+0200: 96.993: [GC (CMS Final Remark) [YG occupancy: 4530 K (9792 K)]96.993: [Rescan (parallel) , 0.0001510 secs]96.993: [weak refs processing, 0.0000319 secs]96.993: [class unloading, 0.0006295 secs]96.994: [scrub symbol table, 0.0007640 secs]96.995: [scrub string table, 0.0002159 secs][1 CMS-remark: 20466K(21888K)] 24997K(31680K), 0.0019460 secs] [Times: user=0.00 sys=0.00, real=0.00 secs] 
2014-07-10T09:59:10.851+0200: 96.995: [CMS-concurrent-sweep-start]
2014-07-10T09:59:10.851+0200: 96.995: [CMS-concurrent-sweep: 0.000/0.000 secs] [Times: user=0.00 sys=0.00, real=0.00 secs] 
2014-07-10T09:59:10.851+0200: 96.995: [CMS-concurrent-reset-start]
2014-07-10T09:59:10.851+0200: 96.996: [CMS-concurrent-reset: 0.000/0.000 secs] [Times: user=0.00 sys=0.00, real=0.00 secs] 
2014-07-10T09:59:10.853+0200: 96.997: [GC (Allocation Failure) 96.997: [ParNew: 9762K->1061K(9792K), 0.0035841 secs] 19277K->14130K(31680K), 0.0037143 secs] [Times: user=0.00 sys=0.00, real=0.00 secs] 
2014-07-10T09:59:10.857+0200: 97.001: [GC (CMS Initial Mark) [1 CMS-initial-mark: 13069K(21888K)] 14196K(31680K), 0.0002258 secs] [Times: user=0.00 sys=0.00, real=0.00 secs] 
2014-07-10T09:59:10.857+0200: 97.001: [CMS-concurrent-mark-start]
2014-07-10T09:59:10.858+0200: 97.002: [CMS-concurrent-mark: 0.001/0.001 secs] [Times: user=0.00 sys=0.00, real=0.00 secs] 
2014-07-10T09:59:10.858+0200: 97.003: [CMS-concurrent-preclean-start]
2014-07-10T09:59:10.859+0200: 97.003: [CMS-concurrent-preclean: 0.000/0.000 secs] [Times: user=0.00 sys=0.00, real=0.00 secs] 
2014-07-10T09:59:10.859+0200: 97.003: [CMS-concurrent-abortable-preclean-start]
2014-07-10T09:59:10.892+0200: 97.036: [GC (Allocation Failure) 97.036: [ParNew: 9753K->1061K(9792K), 0.0035310 secs] 22822K->17655K(31680K), 0.0036681 secs] [Times: user=0.00 sys=0.00, real=0.00 secs] 
2014-07-10T09:59:10.944+0200: 97.088: [GC (Allocation Failure) 97.088: [ParNew: 9747K->1059K(9792K), 0.0067162 secs] 26341K->21656K(31680K), 0.0069905 secs] [Times: user=0.03 sys=0.00, real=0.01 secs] 
2014-07-10T09:59:10.953+0200: 97.097: [CMS-concurrent-abortable-preclean: 0.002/0.095 secs] [Times: user=0.03 sys=0.00, real=0.09 secs] 
2014-07-10T09:59:10.954+0200: 97.098: [GC (CMS Final Remark) [YG occupancy: 4235 K (9792 K)]97.098: [Rescan (parallel) , 0.0004374 secs]97.098: [weak refs processing, 0.0000631 secs]97.098: [class unloading, 0.0011589 secs]97.100: [scrub symbol table, 0.0015589 secs]97.101: [scrub string table, 0.0005067 secs][1 CMS-remark: 20597K(21888K)] 24832K(31680K), 0.0041073 secs] [Times: user=0.00 sys=0.00, real=0.00 secs] 
2014-07-10T09:59:10.958+0200: 97.102: [CMS-concurrent-sweep-start]
2014-07-10T09:59:10.959+0200: 97.103: [CMS-concurrent-sweep: 0.001/0.001 secs] [Times: user=0.00 sys=0.00, real=0.00 secs] 
2014-07-10T09:59:10.959+0200: 97.103: [CMS-concurrent-reset-start]
2014-07-10T09:59:10.959+0200: 97.103: [CMS-concurrent-reset: 0.000/0.000 secs] [Times: user=0.00 sys=0.00, real=0.00 secs] 
2014-07-10T09:59:10.962+0200: 97.106: [GC (Allocation Failure) 97.106: [ParNew: 9745K->1059K(9792K), 0.0064687 secs] 21343K->17140K(31680K), 0.0066414 secs] [Times: user=0.00 sys=0.00, real=0.01 secs] 
2014-07-10T09:59:10.969+0200: 97.113: [GC (CMS Initial Mark) [1 CMS-initial-mark: 16080K(21888K)] 17206K(31680K), 0.0001903 secs] [Times: user=0.00 sys=0.00, real=0.00 secs] 
2014-07-10T09:59:10.969+0200: 97.113: [CMS-concurrent-mark-start]
2014-07-10T09:59:10.970+0200: 97.114: [CMS-concurrent-mark: 0.001/0.001 secs] [Times: user=0.00 sys=0.00, real=0.00 secs] 
2014-07-10T09:59:10.970+0200: 97.114: [CMS-concurrent-preclean-start]
2014-07-10T09:59:10.970+0200: 97.114: [CMS-concurrent-preclean: 0.000/0.000 secs] [Times: user=0.00 sys=0.00, real=0.00 secs] 
2014-07-10T09:59:10.970+0200: 97.115: [CMS-concurrent-abortable-preclean-start]
2014-07-10T09:59:10.993+0200: 97.137: [GC (Allocation Failure) 97.137: [ParNew: 9745K->1059K(9792K), 0.0046528 secs] 25826K->22103K(31680K), 0.0048244 secs] [Times: user=0.00 sys=0.00, real=0.00 secs] 
2014-07-10T09:59:10.998+0200: 97.142: [CMS-concurrent-abortable-preclean: 0.000/0.027 secs] [Times: user=0.02 sys=0.00, real=0.03 secs] 
2014-07-10T09:59:10.998+0200: 97.142: [GC (CMS Final Remark) [YG occupancy: 1253 K (9792 K)]97.142: [Rescan (parallel) , 0.0001881 secs]97.142: [weak refs processing, 0.0000301 secs]97.142: [class unloading, 0.0005144 secs]97.143: [scrub symbol table, 0.0006119 secs]97.143: [scrub string table, 0.0001851 secs][1 CMS-remark: 21044K(21888K)] 22297K(31680K), 0.0016711 secs] [Times: user=0.00 sys=0.00, real=0.00 secs] 
2014-07-10T09:59:10.999+0200: 97.144: [CMS-concurrent-sweep-start]
2014-07-10T09:59:11.000+0200: 97.144: [CMS-concurrent-sweep: 0.000/0.000 secs] [Times: user=0.00 sys=0.00, real=0.00 secs] 
2014-07-10T09:59:11.000+0200: 97.144: [CMS-concurrent-reset-start]
2014-07-10T09:59:11.000+0200: 97.144: [CMS-concurrent-reset: 0.000/0.000 secs] [Times: user=0.00 sys=0.00, real=0.00 secs] 
2014-07-10T09:59:11.045+0200: 97.189: [GC (Allocation Failure) 97.189: [ParNew: 9745K->1059K(9792K), 0.0079979 secs] 19708K->16466K(31680K), 0.0082531 secs] [Times: user=0.00 sys=0.00, real=0.01 secs] 
2014-07-10T09:59:11.054+0200: 97.198: [GC (CMS Initial Mark) [1 CMS-initial-mark: 15406K(21888K)] 16532K(31680K), 0.0005936 secs] [Times: user=0.00 sys=0.00, real=0.00 secs] 
2014-07-10T09:59:11.055+0200: 97.199: [CMS-concurrent-mark-start]
2014-07-10T09:59:11.057+0200: 97.201: [CMS-concurrent-mark: 0.002/0.002 secs] [Times: user=0.00 sys=0.00, real=0.00 secs] 
2014-07-10T09:59:11.057+0200: 97.201: [CMS-concurrent-preclean-start]
2014-07-10T09:59:11.057+0200: 97.201: [CMS-concurrent-preclean: 0.000/0.000 secs] [Times: user=0.00 sys=0.00, real=0.00 secs] 
2014-07-10T09:59:11.057+0200: 97.202: [CMS-concurrent-abortable-preclean-start]
2014-07-10T09:59:11.060+0200: 97.204: [GC (Allocation Failure) 97.204: [ParNew: 9745K->1059K(9792K), 0.0056112 secs] 25152K->22390K(31680K), 0.0057619 secs] [Times: user=0.00 sys=0.00, real=0.01 secs] 
2014-07-10T09:59:11.066+0200: 97.210: [CMS-concurrent-abortable-preclean: 0.000/0.008 secs] [Times: user=0.00 sys=0.00, real=0.01 secs] 
2014-07-10T09:59:11.066+0200: 97.210: [GC (CMS Final Remark) [YG occupancy: 1285 K (9792 K)]97.210: [Rescan (parallel) , 0.0002196 secs]97.210: [weak refs processing, 0.0000359 secs]97.210: [class unloading, 0.0006119 secs]97.211: [scrub symbol table, 0.0007780 secs]97.212: [scrub string table, 0.0003839 secs][1 CMS-remark: 21330K(21888K)] 22616K(31680K), 0.0022269 secs] [Times: user=0.00 sys=0.00, real=0.00 secs] 
2014-07-10T09:59:11.068+0200: 97.212: [CMS-concurrent-sweep-start]
2014-07-10T09:59:11.069+0200: 97.213: [CMS-concurrent-sweep: 0.000/0.000 secs] [Times: user=0.00 sys=0.00, real=0.00 secs] 
2014-07-10T09:59:11.069+0200: 97.213: [CMS-concurrent-reset-start]
2014-07-10T09:59:11.069+0200: 97.213: [CMS-concurrent-reset: 0.000/0.000 secs] [Times: user=0.00 sys=0.00, real=0.00 secs] 
2014-07-10T09:59:11.093+0200: 97.237: [GC (Allocation Failure) 97.238: [ParNew: 9751K->1059K(9792K), 0.0053854 secs] 21635K->18323K(31680K), 0.0055441 secs] [Times: user=0.00 sys=0.00, real=0.01 secs] 
2014-07-10T09:59:11.099+0200: 97.243: [GC (CMS Initial Mark) [1 CMS-initial-mark: 17263K(21888K)] 18389K(31680K), 0.0002640 secs] [Times: user=0.00 sys=0.00, real=0.00 secs] 
2014-07-10T09:59:11.099+0200: 97.244: [CMS-concurrent-mark-start]
2014-07-10T09:59:11.101+0200: 97.245: [CMS-concurrent-mark: 0.001/0.001 secs] [Times: user=0.00 sys=0.00, real=0.00 secs] 
2014-07-10T09:59:11.101+0200: 97.245: [CMS-concurrent-preclean-start]
2014-07-10T09:59:11.101+0200: 97.245: [CMS-concurrent-preclean: 0.000/0.000 secs] [Times: user=0.00 sys=0.00, real=0.00 secs] 
2014-07-10T09:59:11.101+0200: 97.245: [GC (CMS Final Remark) [YG occupancy: 2822 K (9792 K)]97.245: [Rescan (parallel) , 0.0003318 secs]97.245: [weak refs processing, 0.0000356 secs]97.246: [class unloading, 0.0005675 secs]97.246: [scrub symbol table, 0.0007270 secs]97.247: [scrub string table, 0.0002310 secs][1 CMS-remark: 17263K(21888K)] 20086K(31680K), 0.0020828 secs] [Times: user=0.02 sys=0.00, real=0.00 secs] 
2014-07-10T09:59:11.103+0200: 97.247: [CMS-concurrent-sweep-start]
2014-07-10T09:59:11.104+0200: 97.248: [CMS-concurrent-sweep: 0.000/0.000 secs] [Times: user=0.00 sys=0.00, real=0.00 secs] 
2014-07-10T09:59:11.104+0200: 97.248: [CMS-concurrent-reset-start]
2014-07-10T09:59:11.104+0200: 97.248: [CMS-concurrent-reset: 0.000/0.000 secs] [Times: user=0.00 sys=0.00, real=0.00 secs] 
2014-07-10T09:59:11.145+0200: 97.290: [GC (Allocation Failure) 97.290: [ParNew: 9745K->1059K(9792K), 0.0058117 secs] 15641K->12815K(31680K), 0.0059742 secs] [Times: user=0.03 sys=0.00, real=0.01 secs] 
2014-07-10T09:59:11.152+0200: 97.296: [GC (CMS Initial Mark) [1 CMS-initial-mark: 11755K(21888K)] 12881K(31680K), 0.0003358 secs] [Times: user=0.00 sys=0.00, real=0.00 secs] 
2014-07-10T09:59:11.152+0200: 97.296: [CMS-concurrent-mark-start]
2014-07-10T09:59:11.154+0200: 97.298: [CMS-concurrent-mark: 0.001/0.001 secs] [Times: user=0.00 sys=0.00, real=0.00 secs] 
2014-07-10T09:59:11.154+0200: 97.298: [CMS-concurrent-preclean-start]
2014-07-10T09:59:11.154+0200: 97.298: [CMS-concurrent-preclean: 0.000/0.000 secs] [Times: user=0.00 sys=0.00, real=0.00 secs] 
2014-07-10T09:59:11.154+0200: 97.298: [CMS-concurrent-abortable-preclean-start]
2014-07-10T09:59:11.157+0200: 97.301: [GC (Allocation Failure) 97.301: [ParNew: 9745K->1059K(9792K), 0.0053513 secs] 21501K->19155K(31680K), 0.0055327 secs] [Times: user=0.00 sys=0.00, real=0.01 secs] 
2014-07-10T09:59:11.194+0200: 97.338: [GC (Allocation Failure) 97.338: [ParNew: 9745K->9745K(9792K), 0.0000488 secs]97.338: [CMS2014-07-10T09:59:11.194+0200: 97.339: [CMS-concurrent-abortable-preclean: 0.001/0.041 secs] [Times: user=0.02 sys=0.02, real=0.04 secs] 
 (concurrent mode failure): 18096K->8390K(21888K), 0.0089050 secs] 27841K->8390K(31680K), [Metaspace: 2457K->2457K(1056768K)], 0.0091444 secs] [Times: user=0.01 sys=0.00, real=0.01 secs] 
2014-07-10T09:59:11.244+0200: 97.388: [GC (Allocation Failure) 97.389: [ParNew: 8688K->163K(9792K), 0.0005756 secs] 17078K->8553K(31680K), 0.0006893 secs] [Times: user=0.00 sys=0.00, real=0.00 secs] 
2014-07-10T09:59:11.317+0200: 97.461: [GC (Allocation Failure) 97.461: [ParNew: 8849K->645K(9792K), 0.0006024 secs] 17239K->9035K(31680K), 0.0006827 secs] [Times: user=0.00 sys=0.00, real=0.00 secs] 
2014-07-10T09:59:11.341+0200: 97.485: [GC (Allocation Failure) 97.485: [ParNew: 9331K->1059K(9792K), 0.0008106 secs] 17721K->9521K(31680K), 0.0008913 secs] [Times: user=0.00 sys=0.00, real=0.00 secs] 
2014-07-10T09:59:11.346+0200: 97.490: [GC (Allocation Failure) 97.490: [ParNew: 9745K->1059K(9792K), 0.0012854 secs] 18207K->10066K(31680K), 0.0014049 secs] [Times: user=0.00 sys=0.00, real=0.00 secs] 
2014-07-10T09:59:11.391+0200: 97.535: [GC (Allocation Failure) 97.535: [ParNew: 9757K->547K(9792K), 0.0005840 secs] 18763K->9555K(31680K), 0.0006662 secs] [Times: user=0.00 sys=0.00, real=0.00 secs] 
2014-07-10T09:59:11.441+0200: 97.585: [GC (Allocation Failure) 97.585: [ParNew: 9233K->1027K(9792K), 0.0008293 secs] 18241K->10037K(31680K), 0.0009151 secs] [Times: user=0.00 sys=0.00, real=0.00 secs] 
2014-07-10T09:59:11.446+0200: 97.590: [GC (Allocation Failure) 97.590: [ParNew: 9713K->1059K(9792K), 0.0012473 secs] 18723K->10518K(31680K), 0.0013525 secs] [Times: user=0.00 sys=0.00, real=0.00 secs] 
2014-07-10T09:59:11.491+0200: 97.635: [GC (Allocation Failure) 97.636: [ParNew: 9745K->1059K(9792K), 0.0014192 secs] 19205K->11448K(31680K), 0.0015354 secs] [Times: user=0.01 sys=0.00, real=0.00 secs] 
2014-07-10T09:59:11.541+0200: 97.686: [GC (Allocation Failure) 97.686: [ParNew: 9745K->1059K(9792K), 0.0013477 secs] 20134K->12858K(31680K), 0.0016828 secs] [Times: user=0.00 sys=0.00, real=0.00 secs] 
2014-07-10T09:59:11.548+0200: 97.692: [GC (Allocation Failure) 97.692: [ParNew: 9745K->1059K(9792K), 0.0020854 secs] 21544K->14748K(31680K), 0.0022349 secs] [Times: user=0.00 sys=0.00, real=0.00 secs] 
2014-07-10T09:59:11.592+0200: 97.736: [GC (Allocation Failure) 97.736: [ParNew: 9745K->1059K(9792K), 0.0018746 secs] 23434K->17118K(31680K), 0.0020091 secs] [Times: user=0.00 sys=0.00, real=0.00 secs] 
2014-07-10T09:59:11.594+0200: 97.738: [GC (CMS Initial Mark) [1 CMS-initial-mark: 16058K(21888K)] 17184K(31680K), 0.0001789 secs] [Times: user=0.00 sys=0.00, real=0.00 secs] 
2014-07-10T09:59:11.594+0200: 97.738: [CMS-concurrent-mark-start]
2014-07-10T09:59:11.595+0200: 97.739: [CMS-concurrent-mark: 0.001/0.001 secs] [Times: user=0.00 sys=0.00, real=0.00 secs] 
2014-07-10T09:59:11.595+0200: 97.739: [CMS-concurrent-preclean-start]
2014-07-10T09:59:11.595+0200: 97.739: [CMS-concurrent-preclean: 0.000/0.000 secs] [Times: user=0.00 sys=0.00, real=0.00 secs] 
2014-07-10T09:59:11.595+0200: 97.739: [CMS-concurrent-abortable-preclean-start]
2014-07-10T09:59:11.641+0200: 97.786: [GC (Allocation Failure) 97.786: [ParNew: 9757K->1061K(9792K), 0.0013580 secs] 25815K->18434K(31680K), 0.0014665 secs] [Times: user=0.00 sys=0.00, real=0.00 secs] 
2014-07-10T09:59:11.647+0200: 97.791: [GC (Allocation Failure) 97.791: [ParNew: 9747K->1059K(9792K), 0.0021668 secs] 27120K->20227K(31680K), 0.0023295 secs] [Times: user=0.03 sys=0.00, real=0.00 secs] 
2014-07-10T09:59:11.692+0200: 97.836: [GC (Allocation Failure) 97.836: [ParNew: 9745K->1059K(9792K), 0.0019468 secs] 28913K->22501K(31680K), 0.0020740 secs] [Times: user=0.00 sys=0.00, real=0.00 secs] 
2014-07-10T09:59:11.694+0200: 97.838: [CMS-concurrent-abortable-preclean: 0.001/0.099 secs] [Times: user=0.03 sys=0.00, real=0.10 secs] 
2014-07-10T09:59:11.694+0200: 97.838: [GC (CMS Final Remark) [YG occupancy: 1189 K (9792 K)]97.838: [Rescan (parallel) , 0.0001668 secs]97.838: [weak refs processing, 0.0000264 secs]97.838: [class unloading, 0.0006449 secs]97.839: [scrub symbol table, 0.0005774 secs]97.840: [scrub string table, 0.0001789 secs][1 CMS-remark: 21441K(21888K)] 22631K(31680K), 0.0017165 secs] [Times: user=0.02 sys=0.00, real=0.00 secs] 
2014-07-10T09:59:11.696+0200: 97.840: [CMS-concurrent-sweep-start]
2014-07-10T09:59:11.696+0200: 97.840: [CMS-concurrent-sweep: 0.000/0.000 secs] [Times: user=0.00 sys=0.00, real=0.00 secs] 
2014-07-10T09:59:11.696+0200: 97.841: [CMS-concurrent-reset-start]
2014-07-10T09:59:11.696+0200: 97.841: [CMS-concurrent-reset: 0.000/0.000 secs] [Times: user=0.00 sys=0.00, real=0.00 secs] 
2014-07-10T09:59:11.742+0200: 97.886: [GC (Allocation Failure) 97.886: [ParNew: 9745K->1059K(9792K), 0.0023717 secs] 18015K->12083K(31680K), 0.0025187 secs] [Times: user=0.00 sys=0.00, real=0.00 secs] 
2014-07-10T09:59:11.748+0200: 97.892: [GC (Allocation Failure) 97.892: [ParNew: 9745K->1059K(9792K), 0.0035541 secs] 20769K->15318K(31680K), 0.0036963 secs] [Times: user=0.00 sys=0.00, real=0.00 secs] 
2014-07-10T09:59:11.752+0200: 97.896: [GC (CMS Initial Mark) [1 CMS-initial-mark: 14258K(21888K)] 15384K(31680K), 0.0002079 secs] [Times: user=0.00 sys=0.00, real=0.00 secs] 
2014-07-10T09:59:11.752+0200: 97.897: [CMS-concurrent-mark-start]
2014-07-10T09:59:11.753+0200: 97.897: [CMS-concurrent-mark: 0.001/0.001 secs] [Times: user=0.00 sys=0.00, real=0.00 secs] 
2014-07-10T09:59:11.753+0200: 97.897: [CMS-concurrent-preclean-start]
2014-07-10T09:59:11.753+0200: 97.898: [CMS-concurrent-preclean: 0.000/0.000 secs] [Times: user=0.00 sys=0.00, real=0.00 secs] 
2014-07-10T09:59:11.753+0200: 97.898: [CMS-concurrent-abortable-preclean-start]
2014-07-10T09:59:11.792+0200: 97.937: [GC (Allocation Failure) 97.937: [ParNew: 9745K->1059K(9792K), 0.0035636 secs] 24004K->19032K(31680K), 0.0036927 secs] [Times: user=0.00 sys=0.00, real=0.00 secs] 
2014-07-10T09:59:11.842+0200: 97.986: [GC (Allocation Failure) 97.986: [ParNew: 9745K->9745K(9792K), 0.0000422 secs]97.986: [CMS2014-07-10T09:59:11.842+0200: 97.987: [CMS-concurrent-abortable-preclean: 0.001/0.089 secs] [Times: user=0.00 sys=0.00, real=0.09 secs] 
 (concurrent mode failure): 17973K->5764K(21888K), 0.0061421 secs] 27719K->5764K(31680K), [Metaspace: 2457K->2457K(1056768K)], 0.0063569 secs] [Times: user=0.00 sys=0.00, real=0.01 secs] 
2014-07-10T09:59:11.853+0200: 97.997: [GC (Allocation Failure) 97.997: [ParNew: 8686K->1059K(9792K), 0.0043148 secs] 14451K->11502K(31680K), 0.0044494 secs] [Times: user=0.00 sys=0.00, real=0.00 secs] 
2014-07-10T09:59:11.857+0200: 98.001: [GC (CMS Initial Mark) [1 CMS-initial-mark: 10443K(21888K)] 11568K(31680K), 0.0002104 secs] [Times: user=0.00 sys=0.00, real=0.00 secs] 
2014-07-10T09:59:11.857+0200: 98.002: [CMS-concurrent-mark-start]
2014-07-10T09:59:11.858+0200: 98.003: [CMS-concurrent-mark: 0.001/0.001 secs] [Times: user=0.00 sys=0.00, real=0.00 secs] 
2014-07-10T09:59:11.858+0200: 98.003: [CMS-concurrent-preclean-start]
2014-07-10T09:59:11.858+0200: 98.003: [CMS-concurrent-preclean: 0.000/0.000 secs] [Times: user=0.00 sys=0.00, real=0.00 secs] 
2014-07-10T09:59:11.858+0200: 98.003: [CMS-concurrent-abortable-preclean-start]
2014-07-10T09:59:11.892+0200: 98.036: [GC (Allocation Failure) 98.036: [ParNew: 9762K->1060K(9792K), 0.0034140 secs] 20206K->14994K(31680K), 0.0035445 secs] [Times: user=0.00 sys=0.00, real=0.00 secs] 
2014-07-10T09:59:11.945+0200: 98.089: [GC (Allocation Failure) 98.089: [ParNew: 9746K->1059K(9792K), 0.0058895 secs] 23680K->18967K(31680K), 0.0061872 secs] [Times: user=0.00 sys=0.00, real=0.01 secs] 
2014-07-10T09:59:11.960+0200: 98.104: [GC (Allocation Failure) 98.104: [ParNew: 9745K->9745K(9792K), 0.0000601 secs]98.104: [CMS2014-07-10T09:59:11.960+0200: 98.105: [CMS-concurrent-abortable-preclean: 0.002/0.102 secs] [Times: user=0.05 sys=0.02, real=0.10 secs] 
 (concurrent mode failure): 17907K->6022K(21888K), 0.0089801 secs] 27653K->6022K(31680K), [Metaspace: 2457K->2457K(1056768K)], 0.0092551 secs] [Times: user=0.00 sys=0.00, real=0.01 secs] 
2014-07-10T09:59:11.992+0200: 98.137: [GC (Allocation Failure) 98.137: [ParNew: 8686K->1059K(9792K), 0.0046690 secs] 14708K->12016K(31680K), 0.0048497 secs] [Times: user=0.00 sys=0.00, real=0.00 secs] 
2014-07-10T09:59:11.998+0200: 98.142: [GC (CMS Initial Mark) [1 CMS-initial-mark: 10956K(21888K)] 12082K(31680K), 0.0002236 secs] [Times: user=0.00 sys=0.00, real=0.00 secs] 
2014-07-10T09:59:11.998+0200: 98.142: [CMS-concurrent-mark-start]
2014-07-10T09:59:11.999+0200: 98.143: [CMS-concurrent-mark: 0.001/0.001 secs] [Times: user=0.00 sys=0.00, real=0.00 secs] 
2014-07-10T09:59:11.999+0200: 98.143: [CMS-concurrent-preclean-start]
2014-07-10T09:59:11.999+0200: 98.143: [CMS-concurrent-preclean: 0.000/0.000 secs] [Times: user=0.00 sys=0.00, real=0.00 secs] 
2014-07-10T09:59:11.999+0200: 98.143: [CMS-concurrent-abortable-preclean-start]
2014-07-10T09:59:12.043+0200: 98.187: [GC (Allocation Failure) 98.187: [ParNew: 9745K->1059K(9792K), 0.0050609 secs] 20702K->17427K(31680K), 0.0052057 secs] [Times: user=0.00 sys=0.00, real=0.01 secs] 
2014-07-10T09:59:12.052+0200: 98.196: [GC (Allocation Failure) 98.196: [ParNew: 9745K->9745K(9792K), 0.0000447 secs]98.196: [CMS2014-07-10T09:59:12.052+0200: 98.196: [CMS-concurrent-abortable-preclean: 0.001/0.053 secs] [Times: user=0.00 sys=0.00, real=0.05 secs] 
 (concurrent mode failure): 16368K->7462K(21888K), 0.0075686 secs] 26114K->7462K(31680K), [Metaspace: 2457K->2457K(1056768K)], 0.0078066 secs] [Times: user=0.02 sys=0.00, real=0.01 secs] 
2014-07-10T09:59:12.093+0200: 98.238: [GC (Allocation Failure) 98.238: [ParNew: 8686K->1059K(9792K), 0.0057725 secs] 16149K->14897K(31680K), 0.0059151 secs] [Times: user=0.00 sys=0.00, real=0.01 secs] 
2014-07-10T09:59:12.099+0200: 98.244: [GC (CMS Initial Mark) [1 CMS-initial-mark: 13837K(21888K)] 14963K(31680K), 0.0002746 secs] [Times: user=0.02 sys=0.00, real=0.00 secs] 
2014-07-10T09:59:12.100+0200: 98.244: [CMS-concurrent-mark-start]
2014-07-10T09:59:12.101+0200: 98.245: [CMS-concurrent-mark: 0.001/0.001 secs] [Times: user=0.00 sys=0.00, real=0.00 secs] 
2014-07-10T09:59:12.101+0200: 98.245: [CMS-concurrent-preclean-start]
2014-07-10T09:59:12.101+0200: 98.245: [CMS-concurrent-preclean: 0.000/0.000 secs] [Times: user=0.00 sys=0.00, real=0.00 secs] 
2014-07-10T09:59:12.101+0200: 98.245: [GC (CMS Final Remark) [YG occupancy: 2859 K (9792 K)]98.245: [Rescan (parallel) , 0.0000906 secs]98.245: [weak refs processing, 0.0000275 secs]98.245: [class unloading, 0.0004356 secs]98.246: [scrub symbol table, 0.0007399 secs]98.246: [scrub string table, 0.0001653 secs][1 CMS-remark: 13837K(21888K)] 16697K(31680K), 0.0015827 secs] [Times: user=0.00 sys=0.00, real=0.00 secs] 
2014-07-10T09:59:12.103+0200: 98.247: [CMS-concurrent-sweep-start]
2014-07-10T09:59:12.103+0200: 98.247: [CMS-concurrent-sweep: 0.000/0.000 secs] [Times: user=0.00 sys=0.00, real=0.00 secs] 
2014-07-10T09:59:12.103+0200: 98.247: [CMS-concurrent-reset-start]
2014-07-10T09:59:12.103+0200: 98.247: [CMS-concurrent-reset: 0.000/0.000 secs] [Times: user=0.00 sys=0.00, real=0.00 secs] 
2014-07-10T09:59:12.143+0200: 98.287: [GC (Allocation Failure) 98.287: [ParNew: 9751K->1061K(9792K), 0.0052486 secs] 16640K->13778K(31680K), 0.0054099 secs] [Times: user=0.03 sys=0.00, real=0.01 secs] 
2014-07-10T09:59:12.148+0200: 98.293: [GC (CMS Initial Mark) [1 CMS-initial-mark: 12717K(21888K)] 13845K(31680K), 0.0002104 secs] [Times: user=0.00 sys=0.00, real=0.00 secs] 
2014-07-10T09:59:12.149+0200: 98.293: [CMS-concurrent-mark-start]
2014-07-10T09:59:12.149+0200: 98.294: [CMS-concurrent-mark: 0.001/0.001 secs] [Times: user=0.00 sys=0.00, real=0.00 secs] 
2014-07-10T09:59:12.150+0200: 98.294: [CMS-concurrent-preclean-start]
2014-07-10T09:59:12.150+0200: 98.294: [CMS-concurrent-preclean: 0.000/0.000 secs] [Times: user=0.00 sys=0.00, real=0.00 secs] 
2014-07-10T09:59:12.150+0200: 98.294: [CMS-concurrent-abortable-preclean-start]
2014-07-10T09:59:12.153+0200: 98.297: [GC (Allocation Failure) 98.297: [ParNew: 9747K->1059K(9792K), 0.0050594 secs] 22465K->20085K(31680K), 0.0052167 secs] [Times: user=0.00 sys=0.00, real=0.00 secs] 
2014-07-10T09:59:12.193+0200: 98.337: [GC (Allocation Failure) 98.337: [ParNew: 9745K->9745K(9792K), 0.0000447 secs]98.338: [CMS2014-07-10T09:59:12.193+0200: 98.338: [CMS-concurrent-abortable-preclean: 0.001/0.044 secs] [Times: user=0.00 sys=0.00, real=0.04 secs] 
 (concurrent mode failure): 19026K->8359K(21888K), 0.0080639 secs] 28771K->8359K(31680K), [Metaspace: 2457K->2457K(1056768K)], 0.0083895 secs] [Times: user=0.01 sys=0.00, real=0.01 secs] 
2014-07-10T09:59:12.246+0200: 98.390: [GC (Allocation Failure) 98.390: [ParNew: 8688K->131K(9792K), 0.0012084 secs] 17047K->8490K(31680K), 0.0014067 secs] [Times: user=0.00 sys=0.00, real=0.00 secs] 
2014-07-10T09:59:12.291+0200: 98.435: [GC (Allocation Failure) 98.435: [ParNew: 8817K->612K(9792K), 0.0009389 secs] 17176K->8971K(31680K), 0.0010339 secs] [Times: user=0.00 sys=0.00, real=0.00 secs] 
2014-07-10T09:59:12.373+0200: 98.517: [GC (Allocation Failure) 98.518: [ParNew: 9298K->1059K(9792K), 0.0009906 secs] 17657K->9456K(31680K), 0.0010705 secs] [Times: user=0.00 sys=0.00, real=0.00 secs] 
2014-07-10T09:59:12.379+0200: 98.523: [GC (Allocation Failure) 98.523: [ParNew: 9757K->35K(9792K), 0.0007076 secs] 18153K->8432K(31680K), 0.0008113 secs] [Times: user=0.00 sys=0.00, real=0.00 secs] 
2014-07-10T09:59:12.391+0200: 98.535: [GC (Allocation Failure) 98.535: [ParNew: 8725K->5K(9792K), 0.0003608 secs] 17122K->8403K(31680K), 0.0004297 secs] [Times: user=0.00 sys=0.00, real=0.00 secs] 
2014-07-10T09:59:12.441+0200: 98.585: [GC (Allocation Failure) 98.585: [ParNew: 8691K->486K(9792K), 0.0005851 secs] 17089K->8883K(31680K), 0.0006585 secs] [Times: user=0.00 sys=0.00, real=0.00 secs] 
2014-07-10T09:59:12.446+0200: 98.590: [GC (Allocation Failure) 98.590: [ParNew: 9172K->967K(9792K), 0.0009276 secs] 17570K->9364K(31680K), 0.0010361 secs] [Times: user=0.00 sys=0.00, real=0.00 secs] 
2014-07-10T09:59:12.495+0200: 98.639: [GC (Allocation Failure) 98.639: [ParNew: 9653K->1059K(9792K), 0.0134786 secs] 18050K->9847K(31680K), 0.0136018 secs] [Times: user=0.01 sys=0.00, real=0.01 secs] 
2014-07-10T09:59:12.541+0200: 98.685: [GC (Allocation Failure) 98.685: [ParNew: 9745K->1059K(9792K), 0.0009250 secs] 18533K->10714K(31680K), 0.0010148 secs] [Times: user=0.00 sys=0.00, real=0.00 secs] 
2014-07-10T09:59:12.546+0200: 98.690: [GC (Allocation Failure) 98.690: [ParNew: 9745K->1059K(9792K), 0.0017367 secs] 19401K->12060K(31680K), 0.0018584 secs] [Times: user=0.00 sys=0.00, real=0.00 secs] 
2014-07-10T09:59:12.593+0200: 98.737: [GC (Allocation Failure) 98.737: [ParNew: 9749K->1059K(9792K), 0.0022034 secs] 20750K->12862K(31680K), 0.0024098 secs] [Times: user=0.00 sys=0.00, real=0.00 secs] 
2014-07-10T09:59:12.641+0200: 98.786: [GC (Allocation Failure) 98.786: [ParNew: 9745K->1059K(9792K), 0.0013312 secs] 21548K->14144K(31680K), 0.0014760 secs] [Times: user=0.00 sys=0.00, real=0.00 secs] 
2014-07-10T09:59:12.647+0200: 98.792: [GC (Allocation Failure) 98.792: [ParNew: 9745K->1059K(9792K), 0.0022415 secs] 22830K->15906K(31680K), 0.0024234 secs] [Times: user=0.00 sys=0.00, real=0.00 secs] 
2014-07-10T09:59:12.692+0200: 98.836: [GC (Allocation Failure) 98.836: [ParNew: 9745K->1059K(9792K), 0.0019310 secs] 24592K->18148K(31680K), 0.0020850 secs] [Times: user=0.03 sys=0.00, real=0.00 secs] 
2014-07-10T09:59:12.694+0200: 98.839: [GC (CMS Initial Mark) [1 CMS-initial-mark: 17088K(21888K)] 18214K(31680K), 0.0002904 secs] [Times: user=0.00 sys=0.00, real=0.00 secs] 
2014-07-10T09:59:12.695+0200: 98.839: [CMS-concurrent-mark-start]
2014-07-10T09:59:12.696+0200: 98.840: [CMS-concurrent-mark: 0.001/0.001 secs] [Times: user=0.00 sys=0.00, real=0.00 secs] 
2014-07-10T09:59:12.696+0200: 98.840: [CMS-concurrent-preclean-start]
2014-07-10T09:59:12.696+0200: 98.840: [CMS-concurrent-preclean: 0.000/0.000 secs] [Times: user=0.00 sys=0.00, real=0.00 secs] 
2014-07-10T09:59:12.696+0200: 98.841: [CMS-concurrent-abortable-preclean-start]
2014-07-10T09:59:12.743+0200: 98.887: [GC (Allocation Failure) 98.887: [ParNew: 9745K->1059K(9792K), 0.0042653 secs] 26834K->20870K(31680K), 0.0045242 secs] [Times: user=0.00 sys=0.00, real=0.00 secs] 
2014-07-10T09:59:12.754+0200: 98.899: [GC (Allocation Failure) 98.899: [ParNew: 9745K->9745K(9792K), 0.0001379 secs]98.899: [CMS2014-07-10T09:59:12.755+0200: 98.899: [CMS-concurrent-abortable-preclean: 0.001/0.059 secs] [Times: user=0.01 sys=0.00, real=0.06 secs] 
 (concurrent mode failure): 19811K->4773K(21888K), 0.0125584 secs] 29557K->4773K(31680K), [Metaspace: 2457K->2457K(1056768K)], 0.0131080 secs] [Times: user=0.01 sys=0.00, real=0.01 secs] 
2014-07-10T09:59:12.792+0200: 98.937: [GC (Allocation Failure) 98.937: [ParNew: 8686K->1059K(9792K), 0.0038855 secs] 13459K->9516K(31680K), 0.0040365 secs] [Times: user=0.00 sys=0.00, real=0.00 secs] 
2014-07-10T09:59:12.844+0200: 98.988: [GC (Allocation Failure) 98.988: [ParNew: 9745K->1059K(9792K), 0.0066312 secs] 18203K->13682K(31680K), 0.0069292 secs] [Times: user=0.03 sys=0.00, real=0.01 secs] 
2014-07-10T09:59:12.851+0200: 98.995: [GC (CMS Initial Mark) [1 CMS-initial-mark: 12622K(21888K)] 13748K(31680K), 0.0003861 secs] [Times: user=0.00 sys=0.00, real=0.00 secs] 
2014-07-10T09:59:12.852+0200: 98.996: [CMS-concurrent-mark-start]
2014-07-10T09:59:12.854+0200: 98.999: [CMS-concurrent-mark: 0.003/0.003 secs] [Times: user=0.00 sys=0.00, real=0.00 secs] 
2014-07-10T09:59:12.854+0200: 98.999: [CMS-concurrent-preclean-start]
2014-07-10T09:59:12.855+0200: 98.999: [CMS-concurrent-preclean: 0.000/0.000 secs] [Times: user=0.00 sys=0.00, real=0.00 secs] 
2014-07-10T09:59:12.855+0200: 98.999: [CMS-concurrent-abortable-preclean-start]
2014-07-10T09:59:12.858+0200: 99.003: [GC (Allocation Failure) 99.003: [ParNew: 9745K->1059K(9792K), 0.0044211 secs] 22368K->18325K(31680K), 0.0045619 secs] [Times: user=0.00 sys=0.00, real=0.00 secs] 
2014-07-10T09:59:12.892+0200: 99.036: [GC (Allocation Failure) 99.036: [ParNew: 9761K->9761K(9792K), 0.0000458 secs]99.036: [CMS2014-07-10T09:59:12.892+0200: 99.037: [CMS-concurrent-abortable-preclean: 0.001/0.037 secs] [Times: user=0.02 sys=0.00, real=0.04 secs] 
 (concurrent mode failure): 17265K->5030K(21888K), 0.0058653 secs] 27027K->5030K(31680K), [Metaspace: 2457K->2457K(1056768K)], 0.0060779 secs] [Times: user=0.02 sys=0.00, real=0.01 secs] 
2014-07-10T09:59:12.942+0200: 99.086: [GC (Allocation Failure) 99.086: [ParNew: 8686K->1059K(9792K), 0.0038081 secs] 13716K->10031K(31680K), 0.0039398 secs] [Times: user=0.00 sys=0.00, real=0.00 secs] 
2014-07-10T09:59:12.949+0200: 99.094: [GC (Allocation Failure) 99.094: [ParNew: 9745K->1059K(9792K), 0.0044087 secs] 18717K->14450K(31680K), 0.0045667 secs] [Times: user=0.00 sys=0.00, real=0.01 secs] 
2014-07-10T09:59:12.954+0200: 99.098: [GC (CMS Initial Mark) [1 CMS-initial-mark: 13391K(21888K)] 14482K(31680K), 0.0001840 secs] [Times: user=0.00 sys=0.00, real=0.00 secs] 
2014-07-10T09:59:12.954+0200: 99.099: [CMS-concurrent-mark-start]
2014-07-10T09:59:12.955+0200: 99.099: [CMS-concurrent-mark: 0.001/0.001 secs] [Times: user=0.00 sys=0.00, real=0.00 secs] 
2014-07-10T09:59:12.955+0200: 99.100: [CMS-concurrent-preclean-start]
2014-07-10T09:59:12.955+0200: 99.100: [CMS-concurrent-preclean: 0.000/0.000 secs] [Times: user=0.00 sys=0.00, real=0.00 secs] 
2014-07-10T09:59:12.955+0200: 99.100: [CMS-concurrent-abortable-preclean-start]
2014-07-10T09:59:12.993+0200: 99.137: [GC (Allocation Failure) 99.137: [ParNew: 9745K->1059K(9792K), 0.0045264 secs] 23137K->19350K(31680K), 0.0046646 secs] [Times: user=0.00 sys=0.00, real=0.00 secs] 
2014-07-10T09:59:13.044+0200: 99.189: [GC (Allocation Failure) 99.189: [ParNew: 9745K->9745K(9792K), 0.0001430 secs]99.189: [CMS2014-07-10T09:59:13.045+0200: 99.189: [CMS-concurrent-abortable-preclean: 0.001/0.089 secs] [Times: user=0.00 sys=0.00, real=0.09 secs] 
 (concurrent mode failure): 18290K->6951K(21888K), 0.0149121 secs] 28036K->6951K(31680K), [Metaspace: 2457K->2457K(1056768K)], 0.0153759 secs] [Times: user=0.02 sys=0.00, real=0.02 secs] 
2014-07-10T09:59:13.067+0200: 99.211: [GC (Allocation Failure) 99.211: [ParNew: 8686K->1059K(9792K), 0.0058106 secs] 15637K->13873K(31680K), 0.0060897 secs] [Times: user=0.00 sys=0.00, real=0.01 secs] 
2014-07-10T09:59:13.073+0200: 99.217: [GC (CMS Initial Mark) [1 CMS-initial-mark: 12814K(21888K)] 13905K(31680K), 0.0002368 secs] [Times: user=0.00 sys=0.00, real=0.00 secs] 
2014-07-10T09:59:13.073+0200: 99.218: [CMS-concurrent-mark-start]
2014-07-10T09:59:13.075+0200: 99.219: [CMS-concurrent-mark: 0.001/0.001 secs] [Times: user=0.00 sys=0.00, real=0.00 secs] 
2014-07-10T09:59:13.075+0200: 99.219: [CMS-concurrent-preclean-start]
2014-07-10T09:59:13.075+0200: 99.219: [CMS-concurrent-preclean: 0.000/0.000 secs] [Times: user=0.00 sys=0.00, real=0.00 secs] 
2014-07-10T09:59:13.075+0200: 99.219: [GC (CMS Final Remark) [YG occupancy: 2342 K (9792 K)]99.219: [Rescan (parallel) , 0.0001518 secs]99.219: [weak refs processing, 0.0000359 secs]99.219: [class unloading, 0.0005367 secs]99.220: [scrub symbol table, 0.0007193 secs]99.221: [scrub string table, 0.0002368 secs][1 CMS-remark: 12814K(21888K)] 15156K(31680K), 0.0018661 secs] [Times: user=0.00 sys=0.00, real=0.00 secs] 
2014-07-10T09:59:13.077+0200: 99.221: [CMS-concurrent-sweep-start]
2014-07-10T09:59:13.077+0200: 99.221: [CMS-concurrent-sweep: 0.000/0.000 secs] [Times: user=0.00 sys=0.00, real=0.00 secs] 
2014-07-10T09:59:13.077+0200: 99.222: [CMS-concurrent-reset-start]
2014-07-10T09:59:13.077+0200: 99.222: [CMS-concurrent-reset: 0.000/0.000 secs] [Times: user=0.00 sys=0.00, real=0.00 secs] 
2014-07-10T09:59:13.093+0200: 99.238: [GC (Allocation Failure) 99.238: [ParNew: 9745K->1059K(9792K), 0.0059547 secs] 16122K->13776K(31680K), 0.0061256 secs] [Times: user=0.03 sys=0.00, real=0.01 secs] 
2014-07-10T09:59:13.100+0200: 99.244: [GC (CMS Initial Mark) [1 CMS-initial-mark: 12716K(21888K)] 13842K(31680K), 0.0002181 secs] [Times: user=0.00 sys=0.00, real=0.00 secs] 
2014-07-10T09:59:13.100+0200: 99.244: [CMS-concurrent-mark-start]
2014-07-10T09:59:13.101+0200: 99.245: [CMS-concurrent-mark: 0.001/0.001 secs] [Times: user=0.00 sys=0.00, real=0.00 secs] 
2014-07-10T09:59:13.101+0200: 99.245: [CMS-concurrent-preclean-start]
2014-07-10T09:59:13.101+0200: 99.246: [CMS-concurrent-preclean: 0.000/0.000 secs] [Times: user=0.00 sys=0.00, real=0.00 secs] 
2014-07-10T09:59:13.101+0200: 99.246: [CMS-concurrent-abortable-preclean-start]
2014-07-10T09:59:13.143+0200: 99.287: [GC (Allocation Failure) 99.288: [ParNew: 9757K->1061K(9792K), 0.0048739 secs] 22473K->19062K(31680K), 0.0050495 secs] [Times: user=0.03 sys=0.00, real=0.01 secs] 
2014-07-10T09:59:13.150+0200: 99.294: [CMS-concurrent-abortable-preclean: 0.001/0.048 secs] [Times: user=0.03 sys=0.00, real=0.05 secs] 
2014-07-10T09:59:13.150+0200: 99.294: [GC (CMS Final Remark) [YG occupancy: 5069 K (9792 K)]99.294: [Rescan (parallel) , 0.0001675 secs]99.295: [weak refs processing, 0.0000381 secs]99.295: [class unloading, 0.0007490 secs]99.295: [scrub symbol table, 0.0010716 secs]99.296: [scrub string table, 0.0002464 secs][1 CMS-remark: 18000K(21888K)] 23070K(31680K), 0.0024857 secs] [Times: user=0.00 sys=0.00, real=0.00 secs] 
2014-07-10T09:59:13.153+0200: 99.297: [CMS-concurrent-sweep-start]
2014-07-10T09:59:13.153+0200: 99.297: [CMS-concurrent-sweep: 0.000/0.000 secs] [Times: user=0.00 sys=0.00, real=0.00 secs] 
2014-07-10T09:59:13.153+0200: 99.297: [CMS-concurrent-reset-start]
2014-07-10T09:59:13.153+0200: 99.298: [CMS-concurrent-reset: 0.000/0.000 secs] [Times: user=0.00 sys=0.00, real=0.00 secs] 
2014-07-10T09:59:13.155+0200: 99.299: [GC (Allocation Failure) 99.299: [ParNew: 9747K->1059K(9792K), 0.0049029 secs] 21888K->18965K(31680K), 0.0050374 secs] [Times: user=0.00 sys=0.00, real=0.01 secs] 
2014-07-10T09:59:13.160+0200: 99.305: [GC (CMS Initial Mark) [1 CMS-initial-mark: 17905K(21888K)] 19031K(31680K), 0.0001697 secs] [Times: user=0.00 sys=0.00, real=0.00 secs] 
2014-07-10T09:59:13.160+0200: 99.305: [CMS-concurrent-mark-start]
2014-07-10T09:59:13.162+0200: 99.306: [CMS-concurrent-mark: 0.001/0.001 secs] [Times: user=0.03 sys=0.00, real=0.00 secs] 
2014-07-10T09:59:13.162+0200: 99.306: [CMS-concurrent-preclean-start]
2014-07-10T09:59:13.162+0200: 99.306: [CMS-concurrent-preclean: 0.000/0.000 secs] [Times: user=0.00 sys=0.00, real=0.00 secs] 
2014-07-10T09:59:13.162+0200: 99.306: [GC (CMS Final Remark) [YG occupancy: 2438 K (9792 K)]99.306: [Rescan (parallel) , 0.0000975 secs]99.307: [weak refs processing, 0.0000279 secs]99.307: [class unloading, 0.0004627 secs]99.307: [scrub symbol table, 0.0005925 secs]99.308: [scrub string table, 0.0001672 secs][1 CMS-remark: 17905K(21888K)] 20343K(31680K), 0.0014826 secs] [Times: user=0.00 sys=0.00, real=0.00 secs] 
2014-07-10T09:59:13.164+0200: 99.308: [CMS-concurrent-sweep-start]
2014-07-10T09:59:13.164+0200: 99.308: [CMS-concurrent-sweep: 0.000/0.000 secs] [Times: user=0.00 sys=0.00, real=0.00 secs] 
2014-07-10T09:59:13.164+0200: 99.308: [CMS-concurrent-reset-start]
2014-07-10T09:59:13.164+0200: 99.308: [CMS-concurrent-reset: 0.000/0.000 secs] [Times: user=0.00 sys=0.00, real=0.00 secs] 
2014-07-10T09:59:13.193+0200: 99.337: [GC (Allocation Failure) 99.337: [ParNew: 9745K->1059K(9792K), 0.0054983 secs] 16026K->13584K(31680K), 0.0056534 secs] [Times: user=0.00 sys=0.00, real=0.01 secs] 
2014-07-10T09:59:13.199+0200: 99.343: [GC (CMS Initial Mark) [1 CMS-initial-mark: 12524K(21888K)] 13650K(31680K), 0.0002145 secs] [Times: user=0.00 sys=0.00, real=0.00 secs] 
2014-07-10T09:59:13.199+0200: 99.343: [CMS-concurrent-mark-start]
2014-07-10T09:59:13.200+0200: 99.344: [CMS-concurrent-mark: 0.001/0.001 secs] [Times: user=0.00 sys=0.00, real=0.00 secs] 
2014-07-10T09:59:13.200+0200: 99.344: [CMS-concurrent-preclean-start]
2014-07-10T09:59:13.200+0200: 99.344: [CMS-concurrent-preclean: 0.000/0.000 secs] [Times: user=0.00 sys=0.00, real=0.00 secs] 
2014-07-10T09:59:13.200+0200: 99.344: [GC (CMS Final Remark) [YG occupancy: 1957 K (9792 K)]99.344: [Rescan (parallel) , 0.0000994 secs]99.344: [weak refs processing, 0.0000264 secs]99.344: [class unloading, 0.0004341 secs]99.345: [scrub symbol table, 0.0005466 secs]99.345: [scrub string table, 0.0001609 secs][1 CMS-remark: 12524K(21888K)] 14482K(31680K), 0.0013814 secs] [Times: user=0.00 sys=0.00, real=0.00 secs] 
2014-07-10T09:59:13.201+0200: 99.346: [CMS-concurrent-sweep-start]
2014-07-10T09:59:13.202+0200: 99.346: [CMS-concurrent-sweep: 0.000/0.000 secs] [Times: user=0.00 sys=0.00, real=0.00 secs] 
2014-07-10T09:59:13.202+0200: 99.346: [CMS-concurrent-reset-start]
2014-07-10T09:59:13.202+0200: 99.346: [CMS-concurrent-reset: 0.000/0.000 secs] [Times: user=0.00 sys=0.00, real=0.00 secs] 
2014-07-10T09:59:13.243+0200: 99.387: [GC (Allocation Failure) 99.387: [ParNew: 9745K->1059K(9792K), 0.0058466 secs] 16507K->14545K(31680K), 0.0059914 secs] [Times: user=0.00 sys=0.00, real=0.01 secs] 
2014-07-10T09:59:13.249+0200: 99.394: [GC (CMS Initial Mark) [1 CMS-initial-mark: 13486K(21888K)] 14611K(31680K), 0.0002108 secs] [Times: user=0.00 sys=0.00, real=0.00 secs] 
2014-07-10T09:59:13.250+0200: 99.394: [CMS-concurrent-mark-start]
2014-07-10T09:59:13.250+0200: 99.395: [CMS-concurrent-mark: 0.001/0.001 secs] [Times: user=0.00 sys=0.00, real=0.00 secs] 
2014-07-10T09:59:13.250+0200: 99.395: [CMS-concurrent-preclean-start]
2014-07-10T09:59:13.251+0200: 99.395: [CMS-concurrent-preclean: 0.000/0.000 secs] [Times: user=0.00 sys=0.00, real=0.00 secs] 
2014-07-10T09:59:13.251+0200: 99.395: [CMS-concurrent-abortable-preclean-start]
2014-07-10T09:59:13.291+0200: 99.435: [GC (Allocation Failure) 99.435: [ParNew: 9747K->67K(9792K), 0.0130632 secs] 23234K->13554K(31680K), 0.0131659 secs] [Times: user=0.02 sys=0.00, real=0.01 secs] 
2014-07-10T09:59:13.341+0200: 99.485: [GC (Allocation Failure) 99.485: [ParNew: 8753K->8753K(9792K), 0.0000455 secs]99.485: [CMS2014-07-10T09:59:13.341+0200: 99.485: [CMS-concurrent-abortable-preclean: 0.000/0.090 secs] [Times: user=0.02 sys=0.00, real=0.09 secs] 
 (concurrent mode failure): 13487K->1060K(21888K), 0.0031387 secs] 22240K->1060K(31680K), [Metaspace: 2457K->2457K(1056768K)], 0.0033040 secs] [Times: user=0.00 sys=0.00, real=0.00 secs] 
2014-07-10T09:59:13.348+0200: 99.493: [GC (Allocation Failure) 99.493: [ParNew: 8686K->1027K(9792K), 0.0229500 secs] 9746K->2087K(31680K), 0.0231220 secs] [Times: user=0.00 sys=0.00, real=0.02 secs] 
2014-07-10T09:59:13.376+0200: 99.520: [GC (Allocation Failure) 99.520: [ParNew: 9730K->492K(9792K), 0.0010933 secs] 10791K->1555K(31680K), 0.0012099 secs] [Times: user=0.00 sys=0.00, real=0.00 secs] 
2014-07-10T09:59:13.441+0200: 99.585: [GC (Allocation Failure) 99.585: [ParNew: 9172K->453K(9792K), 0.0005221 secs] 10236K->1516K(31680K), 0.0005906 secs] [Times: user=0.00 sys=0.00, real=0.00 secs] 
2014-07-10T09:59:13.446+0200: 99.590: [GC (Allocation Failure) 99.590: [ParNew: 9139K->934K(9792K), 0.0009265 secs] 10202K->1997K(31680K), 0.0010167 secs] [Times: user=0.00 sys=0.00, real=0.00 secs] 
2014-07-10T09:59:13.491+0200: 99.635: [GC (Allocation Failure) 99.635: [ParNew: 9620K->1059K(9792K), 0.0007593 secs] 10684K->2481K(31680K), 0.0008429 secs] [Times: user=0.00 sys=0.00, real=0.00 secs] 
2014-07-10T09:59:13.541+0200: 99.685: [GC (Allocation Failure) 99.685: [ParNew: 9745K->1059K(9792K), 0.0008982 secs] 11167K->3314K(31680K), 0.0009833 secs] [Times: user=0.00 sys=0.00, real=0.00 secs] 
2014-07-10T09:59:13.546+0200: 99.690: [GC (Allocation Failure) 99.690: [ParNew: 9745K->1059K(9792K), 0.0017532 secs] 12001K->4628K(31680K), 0.0018797 secs] [Times: user=0.00 sys=0.00, real=0.00 secs] 
2014-07-10T09:59:13.591+0200: 99.736: [GC (Allocation Failure) 99.736: [ParNew: 9745K->1059K(9792K), 0.0013466 secs] 13314K->6422K(31680K), 0.0014617 secs] [Times: user=0.00 sys=0.00, real=0.00 secs] 
2014-07-10T09:59:13.643+0200: 99.787: [GC (Allocation Failure) 99.787: [ParNew: 9751K->1061K(9792K), 0.0024146 secs] 15114K->7674K(31680K), 0.0026445 secs] [Times: user=0.03 sys=0.00, real=0.00 secs] 
2014-07-10T09:59:13.654+0200: 99.798: [GC (Allocation Failure) 99.798: [ParNew: 9747K->1059K(9792K), 0.0034320 secs] 16360K->9402K(31680K), 0.0037363 secs] [Times: user=0.00 sys=0.00, real=0.00 secs] 
2014-07-10T09:59:13.692+0200: 99.836: [GC (Allocation Failure) 99.836: [ParNew: 9745K->1059K(9792K), 0.0019204 secs] 18088K->11612K(31680K), 0.0020689 secs] [Times: user=0.00 sys=0.00, real=0.00 secs] 
2014-07-10T09:59:13.742+0200: 99.886: [GC (Allocation Failure) 99.886: [ParNew: 9745K->1059K(9792K), 0.0025235 secs] 20299K->14303K(31680K), 0.0026745 secs] [Times: user=0.00 sys=0.00, real=0.00 secs] 
2014-07-10T09:59:13.748+0200: 99.893: [GC (Allocation Failure) 99.893: [ParNew: 9745K->1059K(9792K), 0.0035867 secs] 22989K->17473K(31680K), 0.0037817 secs] [Times: user=0.00 sys=0.00, real=0.00 secs] 
2014-07-10T09:59:13.753+0200: 99.897: [GC (CMS Initial Mark) [1 CMS-initial-mark: 16414K(21888K)] 17505K(31680K), 0.0002585 secs] [Times: user=0.00 sys=0.00, real=0.00 secs] 
2014-07-10T09:59:13.753+0200: 99.897: [CMS-concurrent-mark-start]
2014-07-10T09:59:13.754+0200: 99.898: [CMS-concurrent-mark: 0.001/0.001 secs] [Times: user=0.03 sys=0.00, real=0.00 secs] 
2014-07-10T09:59:13.754+0200: 99.898: [CMS-concurrent-preclean-start]
2014-07-10T09:59:13.754+0200: 99.899: [CMS-concurrent-preclean: 0.000/0.000 secs] [Times: user=0.00 sys=0.00, real=0.00 secs] 
2014-07-10T09:59:13.754+0200: 99.899: [CMS-concurrent-abortable-preclean-start]
2014-07-10T09:59:13.793+0200: 99.938: [GC (Allocation Failure) 99.938: [ParNew: 9745K->1059K(9792K), 0.0060655 secs] 26160K->21124K(31680K), 0.0063434 secs] [Times: user=0.00 sys=0.02, real=0.01 secs] 
2014-07-10T09:59:13.801+0200: 99.946: [CMS-concurrent-abortable-preclean: 0.001/0.047 secs] [Times: user=0.00 sys=0.02, real=0.05 secs] 
2014-07-10T09:59:13.802+0200: 99.946: [GC (CMS Final Remark) [YG occupancy: 2886 K (9792 K)]99.946: [Rescan (parallel) , 0.0006079 secs]99.947: [weak refs processing, 0.0000664 secs]99.947: [class unloading, 0.0010691 secs]99.948: [scrub symbol table, 0.0013228 secs]99.949: [scrub string table, 0.0004473 secs][1 CMS-remark: 20065K(21888K)] 22951K(31680K), 0.0038837 secs] [Times: user=0.00 sys=0.00, real=0.00 secs] 
2014-07-10T09:59:13.806+0200: 99.950: [CMS-concurrent-sweep-start]
2014-07-10T09:59:13.807+0200: 99.951: [CMS-concurrent-sweep: 0.001/0.001 secs] [Times: user=0.00 sys=0.00, real=0.00 secs] 
2014-07-10T09:59:13.807+0200: 99.951: [CMS-concurrent-reset-start]
2014-07-10T09:59:13.807+0200: 99.952: [CMS-concurrent-reset: 0.000/0.000 secs] [Times: user=0.00 sys=0.00, real=0.00 secs] 
2014-07-10T09:59:13.843+0200: 99.988: [GC (Allocation Failure) 99.988: [ParNew: 9745K->1059K(9792K), 0.0067628 secs] 17085K->12530K(31680K), 0.0070850 secs] [Times: user=0.03 sys=0.00, real=0.01 secs] 
2014-07-10T09:59:13.851+0200: 99.996: [GC (CMS Initial Mark) [1 CMS-initial-mark: 11470K(21888K)] 12596K(31680K), 0.0003692 secs] [Times: user=0.00 sys=0.00, real=0.00 secs] 
2014-07-10T09:59:13.852+0200: 99.996: [CMS-concurrent-mark-start]
2014-07-10T09:59:13.854+0200: 99.998: [CMS-concurrent-mark: 0.002/0.002 secs] [Times: user=0.00 sys=0.00, real=0.00 secs] 
2014-07-10T09:59:13.854+0200: 99.999: [CMS-concurrent-preclean-start]
2014-07-10T09:59:13.855+0200: 99.999: [CMS-concurrent-preclean: 0.000/0.000 secs] [Times: user=0.00 sys=0.00, real=0.00 secs] 
2014-07-10T09:59:13.855+0200: 99.999: [CMS-concurrent-abortable-preclean-start]
2014-07-10T09:59:13.859+0200: 100.003: [GC (Allocation Failure) 100.003: [ParNew: 9762K->1061K(9792K), 0.0062502 secs] 21232K->15990K(31680K), 0.0064845 secs] [Times: user=0.03 sys=0.00, real=0.01 secs] 
2014-07-10T09:59:13.892+0200: 100.036: [GC (Allocation Failure) 100.036: [ParNew: 9751K->1059K(9792K), 0.0029612 secs] 24680K->18904K(31680K), 0.0031405 secs] [Times: user=0.03 sys=0.00, real=0.00 secs] 
2014-07-10T09:59:13.942+0200: 100.087: [GC (Allocation Failure) 100.087: [ParNew: 9745K->9745K(9792K), 0.0000568 secs]100.087: [CMS2014-07-10T09:59:13.943+0200: 100.087: [CMS-concurrent-abortable-preclean: 0.002/0.088 secs] [Times: user=0.06 sys=0.00, real=0.09 secs] 
 (concurrent mode failure): 17845K->4966K(21888K), 0.0068009 secs] 27591K->4966K(31680K), [Metaspace: 2457K->2457K(1056768K)], 0.0070396 secs] [Times: user=0.00 sys=0.00, real=0.01 secs] 
2014-07-10T09:59:13.953+0200: 100.098: [GC (Allocation Failure) 100.098: [ParNew: 8686K->1059K(9792K), 0.0042250 secs] 13652K->9904K(31680K), 0.0044142 secs] [Times: user=0.03 sys=0.00, real=0.00 secs] 
2014-07-10T09:59:13.992+0200: 100.137: [GC (Allocation Failure) 100.137: [ParNew: 9745K->1059K(9792K), 0.0042085 secs] 18590K->14259K(31680K), 0.0043867 secs] [Times: user=0.00 sys=0.00, real=0.00 secs] 
2014-07-10T09:59:13.997+0200: 100.141: [GC (CMS Initial Mark) [1 CMS-initial-mark: 13199K(21888K)] 14325K(31680K), 0.0002581 secs] [Times: user=0.00 sys=0.00, real=0.00 secs] 
2014-07-10T09:59:13.997+0200: 100.142: [CMS-concurrent-mark-start]
2014-07-10T09:59:13.999+0200: 100.143: [CMS-concurrent-mark: 0.001/0.001 secs] [Times: user=0.00 sys=0.00, real=0.00 secs] 
2014-07-10T09:59:13.999+0200: 100.143: [CMS-concurrent-preclean-start]
2014-07-10T09:59:13.999+0200: 100.143: [CMS-concurrent-preclean: 0.000/0.000 secs] [Times: user=0.00 sys=0.00, real=0.00 secs] 
2014-07-10T09:59:13.999+0200: 100.143: [CMS-concurrent-abortable-preclean-start]
2014-07-10T09:59:14.044+0200: 100.188: [GC (Allocation Failure) 100.188: [ParNew: 9745K->1059K(9792K), 0.0076229 secs] 22945K->19094K(31680K), 0.0079059 secs] [Times: user=0.03 sys=0.00, real=0.01 secs] 
2014-07-10T09:59:14.054+0200: 100.199: [CMS-concurrent-abortable-preclean: 0.001/0.055 secs] [Times: user=0.03 sys=0.00, real=0.05 secs] 
2014-07-10T09:59:14.055+0200: 100.199: [GC (CMS Final Remark) [YG occupancy: 4683 K (9792 K)]100.199: [Rescan (parallel) , 0.0003083 secs]100.200: [weak refs processing, 0.0000627 secs]100.200: [class unloading, 0.0011508 secs]100.201: [scrub symbol table, 0.0012080 secs]100.202: [scrub string table, 0.0002394 secs][1 CMS-remark: 18035K(21888K)] 22718K(31680K), 0.0032472 secs] [Times: user=0.00 sys=0.00, real=0.00 secs] 
2014-07-10T09:59:14.058+0200: 100.202: [CMS-concurrent-sweep-start]
2014-07-10T09:59:14.059+0200: 100.203: [CMS-concurrent-sweep: 0.001/0.001 secs] [Times: user=0.00 sys=0.00, real=0.00 secs] 
2014-07-10T09:59:14.059+0200: 100.203: [CMS-concurrent-reset-start]
2014-07-10T09:59:14.059+0200: 100.203: [CMS-concurrent-reset: 0.000/0.000 secs] [Times: user=0.00 sys=0.00, real=0.00 secs] 
2014-07-10T09:59:14.060+0200: 100.205: [GC (Allocation Failure) 100.205: [ParNew: 9745K->1059K(9792K), 0.0050323 secs] 19454K->16084K(31680K), 0.0051687 secs] [Times: user=0.00 sys=0.00, real=0.01 secs] 
2014-07-10T09:59:14.066+0200: 100.210: [GC (CMS Initial Mark) [1 CMS-initial-mark: 15024K(21888K)] 16182K(31680K), 0.0002310 secs] [Times: user=0.00 sys=0.00, real=0.00 secs] 
2014-07-10T09:59:14.066+0200: 100.210: [CMS-concurrent-mark-start]
2014-07-10T09:59:14.067+0200: 100.211: [CMS-concurrent-mark: 0.001/0.001 secs] [Times: user=0.00 sys=0.00, real=0.00 secs] 
2014-07-10T09:59:14.067+0200: 100.211: [CMS-concurrent-preclean-start]
2014-07-10T09:59:14.067+0200: 100.212: [CMS-concurrent-preclean: 0.000/0.000 secs] [Times: user=0.00 sys=0.00, real=0.00 secs] 
2014-07-10T09:59:14.067+0200: 100.212: [GC (CMS Final Remark) [YG occupancy: 2886 K (9792 K)]100.212: [Rescan (parallel) , 0.0001499 secs]100.212: [weak refs processing, 0.0000356 secs]100.212: [class unloading, 0.0005609 secs]100.213: [scrub symbol table, 0.0008909 secs]100.214: [scrub string table, 0.0002394 secs][1 CMS-remark: 15024K(21888K)] 17911K(31680K), 0.0020762 secs] [Times: user=0.00 sys=0.00, real=0.00 secs] 
2014-07-10T09:59:14.070+0200: 100.214: [CMS-concurrent-sweep-start]
2014-07-10T09:59:14.070+0200: 100.214: [CMS-concurrent-sweep: 0.000/0.000 secs] [Times: user=0.00 sys=0.00, real=0.00 secs] 
2014-07-10T09:59:14.070+0200: 100.214: [CMS-concurrent-reset-start]
2014-07-10T09:59:14.070+0200: 100.214: [CMS-concurrent-reset: 0.000/0.000 secs] [Times: user=0.00 sys=0.00, real=0.00 secs] 
2014-07-10T09:59:14.093+0200: 100.237: [GC (Allocation Failure) 100.237: [ParNew: 9749K->1059K(9792K), 0.0049513 secs] 15583K->11665K(31680K), 0.0051097 secs] [Times: user=0.03 sys=0.00, real=0.01 secs] 
2014-07-10T09:59:14.098+0200: 100.243: [GC (CMS Initial Mark) [1 CMS-initial-mark: 10605K(21888K)] 11731K(31680K), 0.0002599 secs] [Times: user=0.00 sys=0.00, real=0.00 secs] 
2014-07-10T09:59:14.099+0200: 100.243: [CMS-concurrent-mark-start]
2014-07-10T09:59:14.100+0200: 100.244: [CMS-concurrent-mark: 0.001/0.001 secs] [Times: user=0.00 sys=0.00, real=0.00 secs] 
2014-07-10T09:59:14.100+0200: 100.244: [CMS-concurrent-preclean-start]
2014-07-10T09:59:14.100+0200: 100.245: [CMS-concurrent-preclean: 0.000/0.000 secs] [Times: user=0.00 sys=0.00, real=0.00 secs] 
2014-07-10T09:59:14.100+0200: 100.245: [CMS-concurrent-abortable-preclean-start]
2014-07-10T09:59:14.143+0200: 100.287: [GC (Allocation Failure) 100.287: [ParNew: 9745K->1059K(9792K), 0.0051922 secs] 20351K->16917K(31680K), 0.0053813 secs] [Times: user=0.03 sys=0.00, real=0.01 secs] 
2014-07-10T09:59:14.153+0200: 100.297: [GC (Allocation Failure) 100.298: [ParNew: 9745K->1059K(9792K), 0.0050950 secs] 25603K->22649K(31680K), 0.0053010 secs] [Times: user=0.00 sys=0.00, real=0.00 secs] 
2014-07-10T09:59:14.159+0200: 100.303: [CMS-concurrent-abortable-preclean: 0.001/0.058 secs] [Times: user=0.05 sys=0.00, real=0.06 secs] 
2014-07-10T09:59:14.159+0200: 100.303: [GC (CMS Final Remark) [YG occupancy: 1091 K (9792 K)]100.303: [Rescan (parallel) , 0.0001983 secs]100.304: [weak refs processing, 0.0000381 secs]100.304: [class unloading, 0.0005811 secs]100.304: [scrub symbol table, 0.0007421 secs]100.305: [scrub string table, 0.0002339 secs][1 CMS-remark: 21589K(21888K)] 22681K(31680K), 0.0019798 secs] [Times: user=0.00 sys=0.00, real=0.00 secs] 
2014-07-10T09:59:14.161+0200: 100.305: [CMS-concurrent-sweep-start]
2014-07-10T09:59:14.162+0200: 100.306: [CMS-concurrent-sweep: 0.001/0.001 secs] [Times: user=0.00 sys=0.00, real=0.00 secs] 
2014-07-10T09:59:14.162+0200: 100.306: [CMS-concurrent-reset-start]
2014-07-10T09:59:14.162+0200: 100.306: [CMS-concurrent-reset: 0.000/0.000 secs] [Times: user=0.00 sys=0.00, real=0.00 secs] 
2014-07-10T09:59:14.194+0200: 100.338: [GC (Allocation Failure) 100.338: [ParNew: 9745K->9745K(9792K), 0.0000623 secs]100.338: [CMS: 16273K->7784K(21888K), 0.0095865 secs] 26019K->7784K(31680K), [Metaspace: 2457K->2457K(1056768K)], 0.0098116 secs] [Times: user=0.00 sys=0.00, real=0.01 secs] 
2014-07-10T09:59:14.246+0200: 100.390: [GC (Allocation Failure) 100.390: [ParNew: 8686K->1059K(9792K), 0.0100815 secs] 16470K->15538K(31680K), 0.0103762 secs] [Times: user=0.01 sys=0.00, real=0.01 secs] 
2014-07-10T09:59:14.257+0200: 100.401: [GC (CMS Initial Mark) [1 CMS-initial-mark: 14479K(21888K)] 15605K(31680K), 0.0004433 secs] [Times: user=0.00 sys=0.00, real=0.00 secs] 
2014-07-10T09:59:14.257+0200: 100.402: [CMS-concurrent-mark-start]
2014-07-10T09:59:14.260+0200: 100.404: [CMS-concurrent-mark: 0.002/0.002 secs] [Times: user=0.00 sys=0.00, real=0.00 secs] 
2014-07-10T09:59:14.260+0200: 100.404: [CMS-concurrent-preclean-start]
2014-07-10T09:59:14.260+0200: 100.404: [CMS-concurrent-preclean: 0.000/0.000 secs] [Times: user=0.00 sys=0.00, real=0.00 secs] 
2014-07-10T09:59:14.260+0200: 100.404: [CMS-concurrent-abortable-preclean-start]
2014-07-10T09:59:14.291+0200: 100.435: [GC (Allocation Failure) 100.435: [ParNew: 9747K->9747K(9792K), 0.0000572 secs]100.435: [CMS2014-07-10T09:59:14.291+0200: 100.435: [CMS-concurrent-abortable-preclean: 0.000/0.031 secs] [Times: user=0.00 sys=0.00, real=0.03 secs] 
 (concurrent mode failure): 14479K->548K(21888K), 0.0039926 secs] 24227K->548K(31680K), [Metaspace: 2457K->2457K(1056768K)], 0.0041883 secs] [Times: user=0.00 sys=0.00, real=0.00 secs] 
2014-07-10T09:59:14.341+0200: 100.485: [GC (Allocation Failure) 100.485: [ParNew: 8686K->515K(9792K), 0.0139593 secs] 9234K->1063K(31680K), 0.0140458 secs] [Times: user=0.02 sys=0.00, real=0.01 secs] 
2014-07-10T09:59:14.359+0200: 100.503: [GC (Allocation Failure) 100.503: [ParNew: 9201K->995K(9792K), 0.0135307 secs] 9750K->1544K(31680K), 0.0136722 secs] [Times: user=0.02 sys=0.00, real=0.01 secs] 
2014-07-10T09:59:14.377+0200: 100.521: [GC (Allocation Failure) 100.521: [ParNew: 9698K->972K(9792K), 0.0015127 secs] 10247K->1525K(31680K), 0.0016557 secs] [Times: user=0.01 sys=0.00, real=0.00 secs] 
2014-07-10T09:59:14.474+0200: 100.618: [GC (Allocation Failure) 100.618: [ParNew: 9652K->421K(9792K), 0.0048274 secs] 10205K->977K(31680K), 0.0049293 secs] [Times: user=0.00 sys=0.00, real=0.01 secs] 
2014-07-10T09:59:14.482+0200: 100.626: [GC (Allocation Failure) 100.626: [ParNew: 9107K->902K(9792K), 0.0010471 secs] 9663K->1458K(31680K), 0.0011516 secs] [Times: user=0.00 sys=0.00, real=0.00 secs] 
2014-07-10T09:59:14.491+0200: 100.636: [GC (Allocation Failure) 100.636: [ParNew: 9588K->1059K(9792K), 0.0009727 secs] 10144K->1938K(31680K), 0.0010709 secs] [Times: user=0.00 sys=0.00, real=0.00 secs] 
2014-07-10T09:59:14.541+0200: 100.685: [GC (Allocation Failure) 100.685: [ParNew: 9745K->1059K(9792K), 0.0008913 secs] 10625K->2740K(31680K), 0.0009708 secs] [Times: user=0.00 sys=0.00, real=0.00 secs] 
2014-07-10T09:59:14.546+0200: 100.690: [GC (Allocation Failure) 100.690: [ParNew: 9745K->1059K(9792K), 0.0016623 secs] 11426K->4021K(31680K), 0.0017888 secs] [Times: user=0.00 sys=0.00, real=0.00 secs] 
2014-07-10T09:59:14.592+0200: 100.736: [GC (Allocation Failure) 100.736: [ParNew: 9745K->1059K(9792K), 0.0014639 secs] 12708K->5783K(31680K), 0.0015794 secs] [Times: user=0.00 sys=0.00, real=0.00 secs] 
2014-07-10T09:59:14.642+0200: 100.786: [GC (Allocation Failure) 100.787: [ParNew: 9755K->1061K(9792K), 0.0020736 secs] 14479K->6491K(31680K), 0.0022914 secs] [Times: user=0.03 sys=0.00, real=0.00 secs] 
2014-07-10T09:59:14.652+0200: 100.796: [GC (Allocation Failure) 100.797: [ParNew: 9747K->1059K(9792K), 0.0036443 secs] 15177K->7676K(31680K), 0.0038991 secs] [Times: user=0.00 sys=0.00, real=0.00 secs] 
2014-07-10T09:59:14.692+0200: 100.837: [GC (Allocation Failure) 100.837: [ParNew: 9745K->1059K(9792K), 0.0025950 secs] 16362K->9342K(31680K), 0.0028670 secs] [Times: user=0.00 sys=0.00, real=0.00 secs] 
2014-07-10T09:59:14.742+0200: 100.886: [GC (Allocation Failure) 100.886: [ParNew: 9745K->1059K(9792K), 0.0018936 secs] 18028K->11488K(31680K), 0.0020483 secs] [Times: user=0.00 sys=0.00, real=0.00 secs] 
2014-07-10T09:59:14.748+0200: 100.892: [GC (Allocation Failure) 100.892: [ParNew: 9745K->1059K(9792K), 0.0028707 secs] 20174K->14114K(31680K), 0.0030217 secs] [Times: user=0.00 sys=0.00, real=0.00 secs] 
2014-07-10T09:59:14.751+0200: 100.895: [GC (CMS Initial Mark) [1 CMS-initial-mark: 13054K(21888K)] 14180K(31680K), 0.0002379 secs] [Times: user=0.00 sys=0.00, real=0.00 secs] 
2014-07-10T09:59:14.751+0200: 100.896: [CMS-concurrent-mark-start]
2014-07-10T09:59:14.752+0200: 100.897: [CMS-concurrent-mark: 0.001/0.001 secs] [Times: user=0.03 sys=0.00, real=0.00 secs] 
2014-07-10T09:59:14.752+0200: 100.897: [CMS-concurrent-preclean-start]
2014-07-10T09:59:14.752+0200: 100.897: [CMS-concurrent-preclean: 0.000/0.000 secs] [Times: user=0.00 sys=0.00, real=0.00 secs] 
2014-07-10T09:59:14.752+0200: 100.897: [CMS-concurrent-abortable-preclean-start]
2014-07-10T09:59:14.792+0200: 100.936: [GC (Allocation Failure) 100.937: [ParNew: 9745K->1059K(9792K), 0.0030188 secs] 22800K->17221K(31680K), 0.0031519 secs] [Times: user=0.00 sys=0.00, real=0.00 secs] 
2014-07-10T09:59:14.843+0200: 100.988: [GC (Allocation Failure) 100.988: [ParNew: 9745K->1059K(9792K), 0.0058821 secs] 25907K->20807K(31680K), 0.0061732 secs] [Times: user=0.03 sys=0.00, real=0.01 secs] 
2014-07-10T09:59:14.851+0200: 100.996: [CMS-concurrent-abortable-preclean: 0.002/0.099 secs] [Times: user=0.03 sys=0.00, real=0.10 secs] 
2014-07-10T09:59:14.852+0200: 100.996: [GC (CMS Final Remark) [YG occupancy: 3688 K (9792 K)]100.996: [Rescan (parallel) , 0.0002786 secs]100.996: [weak refs processing, 0.0000634 secs]100.997: [class unloading, 0.0016623 secs]100.998: [scrub symbol table, 0.0013382 secs]101.000: [scrub string table, 0.0004784 secs][1 CMS-remark: 19748K(21888K)] 23437K(31680K), 0.0042279 secs] [Times: user=0.00 sys=0.00, real=0.00 secs] 
2014-07-10T09:59:14.856+0200: 101.001: [CMS-concurrent-sweep-start]
2014-07-10T09:59:14.857+0200: 101.002: [CMS-concurrent-sweep: 0.001/0.001 secs] [Times: user=0.00 sys=0.00, real=0.00 secs] 
2014-07-10T09:59:14.857+0200: 101.002: [CMS-concurrent-reset-start]
2014-07-10T09:59:14.858+0200: 101.002: [CMS-concurrent-reset: 0.000/0.000 secs] [Times: user=0.00 sys=0.00, real=0.00 secs] 
2014-07-10T09:59:14.860+0200: 101.005: [GC (Allocation Failure) 101.005: [ParNew: 9745K->1059K(9792K), 0.0071796 secs] 19584K->14964K(31680K), 0.0074238 secs] [Times: user=0.03 sys=0.00, real=0.01 secs] 
2014-07-10T09:59:14.868+0200: 101.012: [GC (CMS Initial Mark) [1 CMS-initial-mark: 13905K(21888K)] 15030K(31680K), 0.0002563 secs] [Times: user=0.00 sys=0.00, real=0.00 secs] 
2014-07-10T09:59:14.868+0200: 101.013: [CMS-concurrent-mark-start]
2014-07-10T09:59:14.869+0200: 101.014: [CMS-concurrent-mark: 0.001/0.001 secs] [Times: user=0.00 sys=0.00, real=0.00 secs] 
2014-07-10T09:59:14.869+0200: 101.014: [CMS-concurrent-preclean-start]
2014-07-10T09:59:14.870+0200: 101.014: [CMS-concurrent-preclean: 0.000/0.000 secs] [Times: user=0.00 sys=0.00, real=0.00 secs] 
2014-07-10T09:59:14.870+0200: 101.014: [CMS-concurrent-abortable-preclean-start]
2014-07-10T09:59:14.892+0200: 101.036: [GC (Allocation Failure) 101.036: [ParNew: 9759K->1061K(9792K), 0.0029257 secs] 23665K->17849K(31680K), 0.0030892 secs] [Times: user=0.00 sys=0.00, real=0.00 secs] 
2014-07-10T09:59:14.943+0200: 101.087: [GC (Allocation Failure) 101.087: [ParNew: 9747K->1059K(9792K), 0.0053681 secs] 26535K->21211K(31680K), 0.0056347 secs] [Times: user=0.00 sys=0.00, real=0.01 secs] 
2014-07-10T09:59:14.950+0200: 101.095: [CMS-concurrent-abortable-preclean: 0.002/0.081 secs] [Times: user=0.02 sys=0.00, real=0.08 secs] 
2014-07-10T09:59:14.951+0200: 101.095: [GC (CMS Final Remark) [YG occupancy: 3688 K (9792 K)]101.095: [Rescan (parallel) , 0.0002706 secs]101.096: [weak refs processing, 0.0000656 secs]101.096: [class unloading, 0.0012315 secs]101.097: [scrub symbol table, 0.0013151 secs]101.098: [scrub string table, 0.0004429 secs][1 CMS-remark: 20152K(21888K)] 23841K(31680K), 0.0036971 secs] [Times: user=0.00 sys=0.02, real=0.00 secs] 
2014-07-10T09:59:14.955+0200: 101.099: [CMS-concurrent-sweep-start]
2014-07-10T09:59:14.956+0200: 101.100: [CMS-concurrent-sweep: 0.001/0.001 secs] [Times: user=0.00 sys=0.00, real=0.00 secs] 
2014-07-10T09:59:14.956+0200: 101.100: [CMS-concurrent-reset-start]
2014-07-10T09:59:14.956+0200: 101.101: [CMS-concurrent-reset: 0.000/0.000 secs] [Times: user=0.00 sys=0.00, real=0.00 secs] 
2014-07-10T09:59:14.959+0200: 101.103: [GC (Allocation Failure) 101.103: [ParNew: 9745K->1059K(9792K), 0.0040255 secs] 20578K->15734K(31680K), 0.0041616 secs] [Times: user=0.00 sys=0.00, real=0.00 secs] 
2014-07-10T09:59:14.963+0200: 101.107: [GC (CMS Initial Mark) [1 CMS-initial-mark: 14675K(21888K)] 15800K(31680K), 0.0002563 secs] [Times: user=0.00 sys=0.00, real=0.00 secs] 
2014-07-10T09:59:14.963+0200: 101.108: [CMS-concurrent-mark-start]
2014-07-10T09:59:14.965+0200: 101.109: [CMS-concurrent-mark: 0.001/0.001 secs] [Times: user=0.00 sys=0.00, real=0.00 secs] 
2014-07-10T09:59:14.965+0200: 101.109: [CMS-concurrent-preclean-start]
2014-07-10T09:59:14.965+0200: 101.109: [CMS-concurrent-preclean: 0.000/0.000 secs] [Times: user=0.00 sys=0.00, real=0.00 secs] 
2014-07-10T09:59:14.965+0200: 101.109: [CMS-concurrent-abortable-preclean-start]
2014-07-10T09:59:14.992+0200: 101.137: [GC (Allocation Failure) 101.137: [ParNew: 9745K->1059K(9792K), 0.0038360 secs] 24421K->20058K(31680K), 0.0039966 secs] [Times: user=0.00 sys=0.00, real=0.00 secs] 
2014-07-10T09:59:14.997+0200: 101.142: [CMS-concurrent-abortable-preclean: 0.001/0.033 secs] [Times: user=0.00 sys=0.00, real=0.03 secs] 
2014-07-10T09:59:14.998+0200: 101.142: [GC (CMS Final Remark) [YG occupancy: 3880 K (9792 K)]101.142: [Rescan (parallel) , 0.0001060 secs]101.142: [weak refs processing, 0.0000286 secs]101.142: [class unloading, 0.0006214 secs]101.143: [scrub symbol table, 0.0005965 secs]101.143: [scrub string table, 0.0001980 secs][1 CMS-remark: 18998K(21888K)] 22879K(31680K), 0.0017085 secs] [Times: user=0.00 sys=0.00, real=0.00 secs] 
2014-07-10T09:59:14.999+0200: 101.144: [CMS-concurrent-sweep-start]
2014-07-10T09:59:15.000+0200: 101.144: [CMS-concurrent-sweep: 0.000/0.000 secs] [Times: user=0.00 sys=0.00, real=0.00 secs] 
2014-07-10T09:59:15.000+0200: 101.144: [CMS-concurrent-reset-start]
2014-07-10T09:59:15.000+0200: 101.144: [CMS-concurrent-reset: 0.000/0.000 secs] [Times: user=0.00 sys=0.00, real=0.00 secs] 
2014-07-10T09:59:15.042+0200: 101.187: [GC (Allocation Failure) 101.187: [ParNew: 9745K->1059K(9792K), 0.0044677 secs] 18430K->14548K(31680K), 0.0046063 secs] [Times: user=0.00 sys=0.00, real=0.00 secs] 
2014-07-10T09:59:15.047+0200: 101.191: [GC (CMS Initial Mark) [1 CMS-initial-mark: 13488K(21888K)] 14614K(31680K), 0.0001987 secs] [Times: user=0.00 sys=0.00, real=0.00 secs] 
2014-07-10T09:59:15.047+0200: 101.192: [CMS-concurrent-mark-start]
2014-07-10T09:59:15.048+0200: 101.192: [CMS-concurrent-mark: 0.001/0.001 secs] [Times: user=0.03 sys=0.00, real=0.00 secs] 
2014-07-10T09:59:15.048+0200: 101.192: [CMS-concurrent-preclean-start]
2014-07-10T09:59:15.048+0200: 101.193: [CMS-concurrent-preclean: 0.000/0.000 secs] [Times: user=0.00 sys=0.00, real=0.00 secs] 
2014-07-10T09:59:15.048+0200: 101.193: [CMS-concurrent-abortable-preclean-start]
2014-07-10T09:59:15.051+0200: 101.195: [GC (Allocation Failure) 101.195: [ParNew: 9745K->1059K(9792K), 0.0049066 secs] 23234K->19831K(31680K), 0.0050484 secs] [Times: user=0.00 sys=0.00, real=0.00 secs] 
2014-07-10T09:59:15.093+0200: 101.237: [GC (Allocation Failure) 101.238: [ParNew: 9745K->9745K(9792K), 0.0000436 secs]101.238: [CMS2014-07-10T09:59:15.093+0200: 101.238: [CMS-concurrent-abortable-preclean: 0.001/0.045 secs] [Times: user=0.00 sys=0.00, real=0.04 secs] 
 (concurrent mode failure): 18772K->7336K(21888K), 0.0074242 secs] 28518K->7336K(31680K), [Metaspace: 2457K->2457K(1056768K)], 0.0076240 secs] [Times: user=0.02 sys=0.00, real=0.01 secs] 
2014-07-10T09:59:15.146+0200: 101.290: [GC (Allocation Failure) 101.290: [ParNew: 8691K->1061K(9792K), 0.0079781 secs] 16028K->13620K(31680K), 0.0082630 secs] [Times: user=0.00 sys=0.00, real=0.01 secs] 
2014-07-10T09:59:15.154+0200: 101.299: [GC (CMS Initial Mark) [1 CMS-initial-mark: 12559K(21888K)] 13686K(31680K), 0.0004990 secs] [Times: user=0.00 sys=0.00, real=0.00 secs] 
2014-07-10T09:59:15.155+0200: 101.299: [CMS-concurrent-mark-start]
2014-07-10T09:59:15.158+0200: 101.302: [CMS-concurrent-mark: 0.003/0.003 secs] [Times: user=0.03 sys=0.00, real=0.00 secs] 
2014-07-10T09:59:15.158+0200: 101.302: [CMS-concurrent-preclean-start]
2014-07-10T09:59:15.158+0200: 101.303: [CMS-concurrent-preclean: 0.000/0.000 secs] [Times: user=0.00 sys=0.00, real=0.00 secs] 
2014-07-10T09:59:15.158+0200: 101.303: [CMS-concurrent-abortable-preclean-start]
2014-07-10T09:59:15.162+0200: 101.307: [GC (Allocation Failure) 101.307: [ParNew: 9747K->1059K(9792K), 0.0068456 secs] 22306K->19319K(31680K), 0.0073692 secs] [Times: user=0.00 sys=0.00, real=0.01 secs] 
2014-07-10T09:59:15.193+0200: 101.337: [GC (Allocation Failure) 101.337: [ParNew: 9745K->9745K(9792K), 0.0000510 secs]101.337: [CMS2014-07-10T09:59:15.193+0200: 101.338: [CMS-concurrent-abortable-preclean: 0.001/0.035 secs] [Times: user=0.00 sys=0.00, real=0.04 secs] 
 (concurrent mode failure): 18259K->7752K(21888K), 0.0079880 secs] 28005K->7752K(31680K), [Metaspace: 2457K->2457K(1056768K)], 0.0082073 secs] [Times: user=0.00 sys=0.00, real=0.01 secs] 
2014-07-10T09:59:15.245+0200: 101.390: [GC (Allocation Failure) 101.390: [ParNew: 8686K->1059K(9792K), 0.0099044 secs] 16438K->15475K(31680K), 0.0101841 secs] [Times: user=0.03 sys=0.00, real=0.01 secs] 
2014-07-10T09:59:15.256+0200: 101.400: [GC (CMS Initial Mark) [1 CMS-initial-mark: 14415K(21888K)] 15541K(31680K), 0.0004411 secs] [Times: user=0.00 sys=0.00, real=0.00 secs] 
2014-07-10T09:59:15.256+0200: 101.401: [CMS-concurrent-mark-start]
2014-07-10T09:59:15.258+0200: 101.403: [CMS-concurrent-mark: 0.002/0.002 secs] [Times: user=0.00 sys=0.00, real=0.00 secs] 
2014-07-10T09:59:15.258+0200: 101.403: [CMS-concurrent-preclean-start]
2014-07-10T09:59:15.258+0200: 101.403: [CMS-concurrent-preclean: 0.000/0.000 secs] [Times: user=0.00 sys=0.00, real=0.00 secs] 
2014-07-10T09:59:15.258+0200: 101.403: [CMS-concurrent-abortable-preclean-start]
2014-07-10T09:59:15.291+0200: 101.435: [GC (Allocation Failure) 101.435: [ParNew: 9745K->9745K(9792K), 0.0000568 secs]101.435: [CMS2014-07-10T09:59:15.291+0200: 101.435: [CMS-concurrent-abortable-preclean: 0.000/0.032 secs] [Times: user=0.00 sys=0.00, real=0.03 secs] 
 (concurrent mode failure): 14415K->517K(21888K), 0.0039698 secs] 24161K->517K(31680K), [Metaspace: 2457K->2457K(1056768K)], 0.0041645 secs] [Times: user=0.00 sys=0.00, real=0.00 secs] 
2014-07-10T09:59:15.341+0200: 101.485: [GC (Allocation Failure) 101.485: [ParNew: 8686K->483K(9792K), 0.0007289 secs] 9203K->1000K(31680K), 0.0008117 secs] [Times: user=0.00 sys=0.00, real=0.00 secs] 
2014-07-10T09:59:15.346+0200: 101.490: [GC (Allocation Failure) 101.490: [ParNew: 9180K->972K(9792K), 0.0011765 secs] 9698K->1489K(31680K), 0.0012836 secs] [Times: user=0.00 sys=0.00, real=0.00 secs] 
2014-07-10T09:59:15.352+0200: 101.496: [GC (Allocation Failure) 101.496: [ParNew: 9662K->1059K(9792K), 0.0069468 secs] 10179K->8111K(31680K), 0.0070825 secs] [Times: user=0.00 sys=0.00, real=0.01 secs] 
2014-07-10T09:59:15.360+0200: 101.504: [GC (CMS Initial Mark) [1 CMS-initial-mark: 7051K(21888K)] 8721K(31680K), 0.0002046 secs] [Times: user=0.00 sys=0.00, real=0.00 secs] 
2014-07-10T09:59:15.360+0200: 101.504: [CMS-concurrent-mark-start]
2014-07-10T09:59:15.361+0200: 101.505: [CMS-concurrent-mark: 0.001/0.001 secs] [Times: user=0.00 sys=0.00, real=0.00 secs] 
2014-07-10T09:59:15.361+0200: 101.505: [CMS-concurrent-preclean-start]
2014-07-10T09:59:15.361+0200: 101.505: [CMS-concurrent-preclean: 0.000/0.000 secs] [Times: user=0.00 sys=0.00, real=0.00 secs] 
2014-07-10T09:59:15.361+0200: 101.505: [GC (CMS Final Remark) [YG occupancy: 1669 K (9792 K)]101.505: [Rescan (parallel) , 0.0105834 secs]101.516: [weak refs processing, 0.0000319 secs]101.516: [class unloading, 0.0005606 secs]101.517: [scrub symbol table, 0.0006192 secs]101.517: [scrub string table, 0.0001925 secs][1 CMS-remark: 7051K(21888K)] 8721K(31680K), 0.0121415 secs] [Times: user=0.00 sys=0.00, real=0.01 secs] 
2014-07-10T09:59:15.373+0200: 101.518: [CMS-concurrent-sweep-start]
2014-07-10T09:59:15.374+0200: 101.518: [CMS-concurrent-sweep: 0.000/0.000 secs] [Times: user=0.00 sys=0.00, real=0.00 secs] 
2014-07-10T09:59:15.374+0200: 101.518: [CMS-concurrent-reset-start]
2014-07-10T09:59:15.374+0200: 101.518: [CMS-concurrent-reset: 0.000/0.000 secs] [Times: user=0.00 sys=0.00, real=0.00 secs] 
2014-07-10T09:59:15.394+0200: 101.539: [GC (Allocation Failure) 101.539: [ParNew: 9745K->1059K(9792K), 0.0056779 secs] 10261K->8591K(31680K), 0.0058477 secs] [Times: user=0.00 sys=0.00, real=0.01 secs] 
2014-07-10T09:59:15.400+0200: 101.545: [GC (CMS Initial Mark) [1 CMS-initial-mark: 7531K(21888K)] 8623K(31680K), 0.0001980 secs] [Times: user=0.00 sys=0.00, real=0.00 secs] 
2014-07-10T09:59:15.401+0200: 101.545: [CMS-concurrent-mark-start]
2014-07-10T09:59:15.401+0200: 101.546: [CMS-concurrent-mark: 0.001/0.001 secs] [Times: user=0.00 sys=0.00, real=0.00 secs] 
2014-07-10T09:59:15.401+0200: 101.546: [CMS-concurrent-preclean-start]
2014-07-10T09:59:15.402+0200: 101.546: [CMS-concurrent-preclean: 0.000/0.000 secs] [Times: user=0.00 sys=0.00, real=0.00 secs] 
2014-07-10T09:59:15.402+0200: 101.546: [GC (CMS Final Remark) [YG occupancy: 1189 K (9792 K)]101.546: [Rescan (parallel) , 0.0000810 secs]101.546: [weak refs processing, 0.0000286 secs]101.546: [class unloading, 0.0004473 secs]101.547: [scrub symbol table, 0.0005818 secs]101.547: [scrub string table, 0.0001829 secs][1 CMS-remark: 7531K(21888K)] 8721K(31680K), 0.0015310 secs] [Times: user=0.00 sys=0.00, real=0.00 secs] 
2014-07-10T09:59:15.403+0200: 101.548: [CMS-concurrent-sweep-start]
2014-07-10T09:59:15.403+0200: 101.548: [CMS-concurrent-sweep: 0.000/0.000 secs] [Times: user=0.00 sys=0.00, real=0.00 secs] 
2014-07-10T09:59:15.404+0200: 101.548: [CMS-concurrent-reset-start]
2014-07-10T09:59:15.404+0200: 101.548: [CMS-concurrent-reset: 0.000/0.000 secs] [Times: user=0.00 sys=0.00, real=0.00 secs] 
2014-07-10T09:59:15.445+0200: 101.589: [GC (Allocation Failure) 101.589: [ParNew: 9747K->355K(9792K), 0.0007505 secs] 17278K->7886K(31680K), 0.0008524 secs] [Times: user=0.00 sys=0.00, real=0.00 secs] 
2014-07-10T09:59:15.491+0200: 101.635: [GC (Allocation Failure) 101.635: [ParNew: 9041K->837K(9792K), 0.0005855 secs] 16572K->8368K(31680K), 0.0006643 secs] [Times: user=0.00 sys=0.00, real=0.00 secs] 
2014-07-10T09:59:15.541+0200: 101.685: [GC (Allocation Failure) 101.685: [ParNew: 9523K->1059K(9792K), 0.0007274 secs] 17055K->8850K(31680K), 0.0008161 secs] [Times: user=0.00 sys=0.00, real=0.00 secs] 
2014-07-10T09:59:15.545+0200: 101.690: [GC (Allocation Failure) 101.690: [ParNew: 9745K->1059K(9792K), 0.0015175 secs] 17536K->9587K(31680K), 0.0016249 secs] [Times: user=0.00 sys=0.00, real=0.00 secs] 
2014-07-10T09:59:15.591+0200: 101.736: [GC (Allocation Failure) 101.736: [ParNew: 9745K->1059K(9792K), 0.0010540 secs] 18274K->10805K(31680K), 0.0011479 secs] [Times: user=0.00 sys=0.00, real=0.00 secs] 
2014-07-10T09:59:15.643+0200: 101.787: [GC (Allocation Failure) 101.787: [ParNew: 9749K->1061K(9792K), 0.0019999 secs] 19495K->11480K(31680K), 0.0021928 secs] [Times: user=0.00 sys=0.00, real=0.00 secs] 
2014-07-10T09:59:15.653+0200: 101.797: [GC (Allocation Failure) 101.797: [ParNew: 9747K->1059K(9792K), 0.0030797 secs] 20167K->12633K(31680K), 0.0033304 secs] [Times: user=0.00 sys=0.00, real=0.00 secs] 
2014-07-10T09:59:15.692+0200: 101.837: [GC (Allocation Failure) 101.837: [ParNew: 9745K->1059K(9792K), 0.0034192 secs] 21319K->14266K(31680K), 0.0036824 secs] [Times: user=0.00 sys=0.00, real=0.00 secs] 
2014-07-10T09:59:15.743+0200: 101.888: [GC (Allocation Failure) 101.888: [ParNew: 9745K->1059K(9792K), 0.0033682 secs] 22953K->16381K(31680K), 0.0036028 secs] [Times: user=0.00 sys=0.00, real=0.00 secs] 
2014-07-10T09:59:15.755+0200: 101.899: [GC (Allocation Failure) 101.899: [ParNew: 9745K->1059K(9792K), 0.0046048 secs] 25067K->18975K(31680K), 0.0048868 secs] [Times: user=0.00 sys=0.00, real=0.00 secs] 
2014-07-10T09:59:15.760+0200: 101.905: [GC (CMS Initial Mark) [1 CMS-initial-mark: 17915K(21888K)] 19073K(31680K), 0.0003813 secs] [Times: user=0.00 sys=0.00, real=0.00 secs] 
2014-07-10T09:59:15.761+0200: 101.905: [CMS-concurrent-mark-start]
2014-07-10T09:59:15.763+0200: 101.907: [CMS-concurrent-mark: 0.002/0.002 secs] [Times: user=0.00 sys=0.00, real=0.00 secs] 
2014-07-10T09:59:15.763+0200: 101.908: [CMS-concurrent-preclean-start]
2014-07-10T09:59:15.764+0200: 101.908: [CMS-concurrent-preclean: 0.000/0.000 secs] [Times: user=0.00 sys=0.00, real=0.00 secs] 
2014-07-10T09:59:15.764+0200: 101.908: [CMS-concurrent-abortable-preclean-start]
2014-07-10T09:59:15.792+0200: 101.936: [GC (Allocation Failure) 101.936: [ParNew: 9745K->1059K(9792K), 0.0028461 secs] 27661K->22049K(31680K), 0.0029799 secs] [Times: user=0.00 sys=0.00, real=0.00 secs] 
2014-07-10T09:59:15.795+0200: 101.939: [CMS-concurrent-abortable-preclean: 0.000/0.031 secs] [Times: user=0.00 sys=0.00, real=0.03 secs] 
2014-07-10T09:59:15.795+0200: 101.940: [GC (CMS Final Remark) [YG occupancy: 1221 K (9792 K)]101.940: [Rescan (parallel) , 0.0001859 secs]101.940: [weak refs processing, 0.0000304 secs]101.940: [class unloading, 0.0005694 secs]101.940: [scrub symbol table, 0.0006438 secs]101.941: [scrub string table, 0.0002123 secs][1 CMS-remark: 20990K(21888K)] 22212K(31680K), 0.0017873 secs] [Times: user=0.02 sys=0.00, real=0.00 secs] 
2014-07-10T09:59:15.797+0200: 101.941: [CMS-concurrent-sweep-start]
2014-07-10T09:59:15.797+0200: 101.942: [CMS-concurrent-sweep: 0.000/0.000 secs] [Times: user=0.00 sys=0.00, real=0.00 secs] 
2014-07-10T09:59:15.797+0200: 101.942: [CMS-concurrent-reset-start]
2014-07-10T09:59:15.798+0200: 101.942: [CMS-concurrent-reset: 0.000/0.000 secs] [Times: user=0.00 sys=0.00, real=0.00 secs] 
2014-07-10T09:59:15.843+0200: 101.988: [GC (Allocation Failure) 101.988: [ParNew: 9745K->1059K(9792K), 0.0058055 secs] 15933K->10802K(31680K), 0.0061824 secs] [Times: user=0.00 sys=0.01, real=0.01 secs] 
2014-07-10T09:59:15.857+0200: 102.001: [GC (Allocation Failure) 102.001: [ParNew: 9745K->1059K(9792K), 0.0046668 secs] 19488K->14837K(31680K), 0.0049121 secs] [Times: user=0.03 sys=0.00, real=0.00 secs] 
2014-07-10T09:59:15.862+0200: 102.006: [GC (CMS Initial Mark) [1 CMS-initial-mark: 13777K(21888K)] 14903K(31680K), 0.0002486 secs] [Times: user=0.00 sys=0.00, real=0.00 secs] 
2014-07-10T09:59:15.862+0200: 102.007: [CMS-concurrent-mark-start]
2014-07-10T09:59:15.863+0200: 102.008: [CMS-concurrent-mark: 0.001/0.001 secs] [Times: user=0.00 sys=0.00, real=0.00 secs] 
2014-07-10T09:59:15.864+0200: 102.008: [CMS-concurrent-preclean-start]
2014-07-10T09:59:15.864+0200: 102.008: [CMS-concurrent-preclean: 0.000/0.000 secs] [Times: user=0.00 sys=0.00, real=0.00 secs] 
2014-07-10T09:59:15.864+0200: 102.008: [CMS-concurrent-abortable-preclean-start]
2014-07-10T09:59:15.892+0200: 102.037: [GC (Allocation Failure) 102.037: [ParNew: 9760K->1061K(9792K), 0.0027757 secs] 23538K->17689K(31680K), 0.0029675 secs] [Times: user=0.00 sys=0.00, real=0.00 secs] 
2014-07-10T09:59:15.942+0200: 102.087: [GC (Allocation Failure) 102.087: [ParNew: 9747K->1059K(9792K), 0.0031669 secs] 26376K->21020K(31680K), 0.0033326 secs] [Times: user=0.00 sys=0.00, real=0.00 secs] 
2014-07-10T09:59:15.947+0200: 102.091: [CMS-concurrent-abortable-preclean: 0.002/0.083 secs] [Times: user=0.00 sys=0.00, real=0.08 secs] 
2014-07-10T09:59:15.947+0200: 102.091: [GC (CMS Final Remark) [YG occupancy: 3912 K (9792 K)]102.091: [Rescan (parallel) , 0.0001694 secs]102.091: [weak refs processing, 0.0000363 secs]102.092: [class unloading, 0.0007050 secs]102.092: [scrub symbol table, 0.0007424 secs]102.093: [scrub string table, 0.0002618 secs][1 CMS-remark: 19960K(21888K)] 23873K(31680K), 0.0020971 secs] [Times: user=0.00 sys=0.00, real=0.00 secs] 
2014-07-10T09:59:15.949+0200: 102.093: [CMS-concurrent-sweep-start]
2014-07-10T09:59:15.950+0200: 102.094: [CMS-concurrent-sweep: 0.001/0.001 secs] [Times: user=0.00 sys=0.00, real=0.00 secs] 
2014-07-10T09:59:15.950+0200: 102.094: [CMS-concurrent-reset-start]
2014-07-10T09:59:15.950+0200: 102.094: [CMS-concurrent-reset: 0.000/0.000 secs] [Times: user=0.00 sys=0.00, real=0.00 secs] 
2014-07-10T09:59:15.952+0200: 102.096: [GC (Allocation Failure) 102.096: [ParNew: 9745K->1059K(9792K), 0.0042312 secs] 20482K->15607K(31680K), 0.0043885 secs] [Times: user=0.03 sys=0.00, real=0.00 secs] 
2014-07-10T09:59:15.956+0200: 102.101: [GC (CMS Initial Mark) [1 CMS-initial-mark: 14547K(21888K)] 15673K(31680K), 0.0004172 secs] [Times: user=0.00 sys=0.00, real=0.00 secs] 
2014-07-10T09:59:15.957+0200: 102.101: [CMS-concurrent-mark-start]
2014-07-10T09:59:15.958+0200: 102.103: [CMS-concurrent-mark: 0.001/0.001 secs] [Times: user=0.00 sys=0.00, real=0.00 secs] 
2014-07-10T09:59:15.958+0200: 102.103: [CMS-concurrent-preclean-start]
2014-07-10T09:59:15.958+0200: 102.103: [CMS-concurrent-preclean: 0.000/0.000 secs] [Times: user=0.00 sys=0.00, real=0.00 secs] 
2014-07-10T09:59:15.958+0200: 102.103: [CMS-concurrent-abortable-preclean-start]
2014-07-10T09:59:15.993+0200: 102.137: [GC (Allocation Failure) 102.137: [ParNew: 9745K->1059K(9792K), 0.0041308 secs] 24293K->19898K(31680K), 0.0042811 secs] [Times: user=0.00 sys=0.00, real=0.00 secs] 
2014-07-10T09:59:15.998+0200: 102.143: [CMS-concurrent-abortable-preclean: 0.001/0.040 secs] [Times: user=0.00 sys=0.00, real=0.04 secs] 
2014-07-10T09:59:15.998+0200: 102.143: [GC (CMS Final Remark) [YG occupancy: 3912 K (9792 K)]102.143: [Rescan (parallel) , 0.0001664 secs]102.143: [weak refs processing, 0.0000374 secs]102.143: [class unloading, 0.0006170 secs]102.144: [scrub symbol table, 0.0007640 secs]102.145: [scrub string table, 0.0002376 secs][1 CMS-remark: 18839K(21888K)] 22751K(31680K), 0.0020403 secs] [Times: user=0.02 sys=0.00, real=0.00 secs] 
2014-07-10T09:59:16.001+0200: 102.145: [CMS-concurrent-sweep-start]
2014-07-10T09:59:16.001+0200: 102.146: [CMS-concurrent-sweep: 0.000/0.000 secs] [Times: user=0.00 sys=0.00, real=0.00 secs] 
2014-07-10T09:59:16.001+0200: 102.146: [CMS-concurrent-reset-start]
2014-07-10T09:59:16.001+0200: 102.146: [CMS-concurrent-reset: 0.000/0.000 secs] [Times: user=0.00 sys=0.00, real=0.00 secs] 
2014-07-10T09:59:16.043+0200: 102.188: [GC (Allocation Failure) 102.188: [ParNew: 9745K->1059K(9792K), 0.0044725 secs] 18367K->14452K(31680K), 0.0046635 secs] [Times: user=0.03 sys=0.00, real=0.01 secs] 
2014-07-10T09:59:16.048+0200: 102.193: [GC (CMS Initial Mark) [1 CMS-initial-mark: 13393K(21888K)] 14518K(31680K), 0.0002295 secs] [Times: user=0.00 sys=0.00, real=0.00 secs] 
2014-07-10T09:59:16.049+0200: 102.193: [CMS-concurrent-mark-start]
2014-07-10T09:59:16.050+0200: 102.194: [CMS-concurrent-mark: 0.001/0.001 secs] [Times: user=0.00 sys=0.00, real=0.00 secs] 
2014-07-10T09:59:16.050+0200: 102.194: [CMS-concurrent-preclean-start]
2014-07-10T09:59:16.050+0200: 102.194: [CMS-concurrent-preclean: 0.000/0.000 secs] [Times: user=0.00 sys=0.00, real=0.00 secs] 
2014-07-10T09:59:16.050+0200: 102.194: [CMS-concurrent-abortable-preclean-start]
2014-07-10T09:59:16.053+0200: 102.197: [GC (Allocation Failure) 102.197: [ParNew: 9745K->1059K(9792K), 0.0049901 secs] 23138K->19704K(31680K), 0.0051412 secs] [Times: user=0.00 sys=0.00, real=0.01 secs] 
2014-07-10T09:59:16.093+0200: 102.237: [GC (Allocation Failure) 102.237: [ParNew: 9745K->9745K(9792K), 0.0000447 secs]102.237: [CMS2014-07-10T09:59:16.093+0200: 102.237: [CMS-concurrent-abortable-preclean: 0.001/0.043 secs] [Times: user=0.00 sys=0.00, real=0.04 secs] 
 (concurrent mode failure): 18644K->7304K(21888K), 0.0073699 secs] 28390K->7304K(31680K), [Metaspace: 2457K->2457K(1056768K)], 0.0075719 secs] [Times: user=0.01 sys=0.00, real=0.01 secs] 
2014-07-10T09:59:16.145+0200: 102.290: [GC (Allocation Failure) 102.290: [ParNew: 8695K->1061K(9792K), 0.0092789 secs] 16000K->13044K(31680K), 0.0096485 secs] [Times: user=0.00 sys=0.00, real=0.01 secs] 
2014-07-10T09:59:16.156+0200: 102.300: [GC (CMS Initial Mark) [1 CMS-initial-mark: 11983K(21888K)] 13110K(31680K), 0.0008498 secs] [Times: user=0.00 sys=0.00, real=0.00 secs] 
2014-07-10T09:59:16.157+0200: 102.301: [CMS-concurrent-mark-start]
2014-07-10T09:59:16.158+0200: 102.303: [CMS-concurrent-mark: 0.002/0.002 secs] [Times: user=0.00 sys=0.00, real=0.00 secs] 
2014-07-10T09:59:16.158+0200: 102.303: [CMS-concurrent-preclean-start]
2014-07-10T09:59:16.159+0200: 102.303: [CMS-concurrent-preclean: 0.000/0.000 secs] [Times: user=0.00 sys=0.00, real=0.00 secs] 
2014-07-10T09:59:16.159+0200: 102.303: [CMS-concurrent-abortable-preclean-start]
2014-07-10T09:59:16.162+0200: 102.306: [GC (Allocation Failure) 102.306: [ParNew: 9747K->1059K(9792K), 0.0045935 secs] 21731K->18199K(31680K), 0.0047621 secs] [Times: user=0.00 sys=0.00, real=0.01 secs] 
2014-07-10T09:59:16.193+0200: 102.338: [GC (Allocation Failure) 102.338: [ParNew: 9745K->9745K(9792K), 0.0000572 secs]102.338: [CMS2014-07-10T09:59:16.193+0200: 102.338: [CMS-concurrent-abortable-preclean: 0.001/0.035 secs] [Times: user=0.00 sys=0.00, real=0.03 secs] 
 (concurrent mode failure): 17140K->7208K(21888K), 0.0087671 secs] 26885K->7208K(31680K), [Metaspace: 2457K->2457K(1056768K)], 0.0090073 secs] [Times: user=0.00 sys=0.00, real=0.01 secs] 
2014-07-10T09:59:16.243+0200: 102.388: [GC (Allocation Failure) 102.388: [ParNew: 8686K->1059K(9792K), 0.0058821 secs] 15895K->14387K(31680K), 0.0060570 secs] [Times: user=0.00 sys=0.00, real=0.01 secs] 
2014-07-10T09:59:16.249+0200: 102.394: [GC (CMS Initial Mark) [1 CMS-initial-mark: 13328K(21888K)] 14453K(31680K), 0.0002420 secs] [Times: user=0.00 sys=0.00, real=0.00 secs] 
2014-07-10T09:59:16.250+0200: 102.394: [CMS-concurrent-mark-start]
2014-07-10T09:59:16.251+0200: 102.395: [CMS-concurrent-mark: 0.001/0.001 secs] [Times: user=0.00 sys=0.00, real=0.00 secs] 
2014-07-10T09:59:16.251+0200: 102.396: [CMS-concurrent-preclean-start]
2014-07-10T09:59:16.251+0200: 102.396: [CMS-concurrent-preclean: 0.000/0.000 secs] [Times: user=0.00 sys=0.00, real=0.00 secs] 
2014-07-10T09:59:16.251+0200: 102.396: [CMS-concurrent-abortable-preclean-start]
2014-07-10T09:59:16.254+0200: 102.398: [GC (Allocation Failure) 102.398: [ParNew: 9745K->1059K(9792K), 0.0061322 secs] 23073K->20983K(31680K), 0.0062832 secs] [Times: user=0.00 sys=0.00, real=0.01 secs] 
2014-07-10T09:59:16.294+0200: 102.439: [GC (Allocation Failure) 102.439: [ParNew: 9745K->9745K(9792K), 0.0000620 secs]102.439: [CMS2014-07-10T09:59:16.294+0200: 102.439: [CMS-concurrent-abortable-preclean: 0.001/0.043 secs] [Times: user=0.00 sys=0.00, real=0.04 secs] 
 (concurrent mode failure): 19924K->8649K(21888K), 0.0104877 secs] 29670K->8649K(31680K), [Metaspace: 2457K->2457K(1056768K)], 0.0107517 secs] [Times: user=0.02 sys=0.00, real=0.01 secs] 
2014-07-10T09:59:16.344+0200: 102.489: [GC (Allocation Failure) 102.489: [ParNew: 8703K->432K(9792K), 0.0130750 secs] 17353K->9081K(31680K), 0.0132308 secs] [Times: user=0.00 sys=0.00, real=0.01 secs] 
2014-07-10T09:59:16.362+0200: 102.507: [GC (Allocation Failure) 102.507: [ParNew: 9133K->412K(9792K), 0.0133653 secs] 17782K->9061K(31680K), 0.0134984 secs] [Times: user=0.02 sys=0.00, real=0.01 secs] 
2014-07-10T09:59:16.394+0200: 102.539: [GC (Allocation Failure) 102.539: [ParNew: 9109K->1062K(9792K), 0.0059294 secs] 17759K->16727K(31680K), 0.0060710 secs] [Times: user=0.00 sys=0.00, real=0.01 secs] 
2014-07-10T09:59:16.401+0200: 102.545: [GC (CMS Initial Mark) [1 CMS-initial-mark: 15665K(21888K)] 16793K(31680K), 0.0001950 secs] [Times: user=0.00 sys=0.00, real=0.00 secs] 
2014-07-10T09:59:16.401+0200: 102.545: [CMS-concurrent-mark-start]
2014-07-10T09:59:16.402+0200: 102.546: [CMS-concurrent-mark: 0.001/0.001 secs] [Times: user=0.00 sys=0.00, real=0.00 secs] 
2014-07-10T09:59:16.402+0200: 102.546: [CMS-concurrent-preclean-start]
2014-07-10T09:59:16.402+0200: 102.546: [CMS-concurrent-preclean: 0.000/0.000 secs] [Times: user=0.00 sys=0.00, real=0.00 secs] 
2014-07-10T09:59:16.402+0200: 102.546: [GC (CMS Final Remark) [YG occupancy: 1192 K (9792 K)]102.546: [Rescan (parallel) , 0.0000807 secs]102.546: [weak refs processing, 0.0000271 secs]102.546: [class unloading, 0.0004271 secs]102.547: [scrub symbol table, 0.0005785 secs]102.547: [scrub string table, 0.0001712 secs][1 CMS-remark: 15665K(21888K)] 16857K(31680K), 0.0014056 secs] [Times: user=0.00 sys=0.00, real=0.00 secs] 
2014-07-10T09:59:16.403+0200: 102.548: [CMS-concurrent-sweep-start]
2014-07-10T09:59:16.403+0200: 102.548: [CMS-concurrent-sweep: 0.000/0.000 secs] [Times: user=0.00 sys=0.00, real=0.00 secs] 
2014-07-10T09:59:16.404+0200: 102.548: [CMS-concurrent-reset-start]
2014-07-10T09:59:16.404+0200: 102.548: [CMS-concurrent-reset: 0.000/0.000 secs] [Times: user=0.00 sys=0.00, real=0.00 secs] 
2014-07-10T09:59:16.445+0200: 102.589: [GC (Allocation Failure) 102.589: [ParNew: 9750K->355K(9792K), 0.0007274 secs] 17278K->7887K(31680K), 0.0008080 secs] [Times: user=0.00 sys=0.00, real=0.00 secs] 
2014-07-10T09:59:16.491+0200: 102.635: [GC (Allocation Failure) 102.635: [ParNew: 9041K->836K(9792K), 0.0008410 secs] 16573K->8368K(31680K), 0.0009268 secs] [Times: user=0.00 sys=0.00, real=0.00 secs] 
2014-07-10T09:59:16.541+0200: 102.686: [GC (Allocation Failure) 102.686: [ParNew: 9522K->1059K(9792K), 0.0008693 secs] 17054K->8850K(31680K), 0.0009551 secs] [Times: user=0.00 sys=0.00, real=0.00 secs] 
2014-07-10T09:59:16.545+0200: 102.690: [GC (Allocation Failure) 102.690: [ParNew: 9745K->1059K(9792K), 0.0016355 secs] 17537K->9588K(31680K), 0.0017745 secs] [Times: user=0.01 sys=0.00, real=0.00 secs] 
2014-07-10T09:59:16.593+0200: 102.737: [GC (Allocation Failure) 102.737: [ParNew: 9751K->1059K(9792K), 0.0018606 secs] 18280K->9781K(31680K), 0.0020854 secs] [Times: user=0.00 sys=0.00, real=0.00 secs] 
2014-07-10T09:59:16.641+0200: 102.786: [GC (Allocation Failure) 102.786: [ParNew: 9745K->1059K(9792K), 0.0009477 secs] 18467K->10455K(31680K), 0.0010328 secs] [Times: user=0.00 sys=0.00, real=0.00 secs] 
2014-07-10T09:59:16.646+0200: 102.791: [GC (Allocation Failure) 102.791: [ParNew: 9745K->1059K(9792K), 0.0016967 secs] 19141K->11609K(31680K), 0.0018291 secs] [Times: user=0.00 sys=0.00, real=0.00 secs] 
2014-07-10T09:59:16.691+0200: 102.836: [GC (Allocation Failure) 102.836: [ParNew: 9745K->1059K(9792K), 0.0013836 secs] 20295K->13243K(31680K), 0.0015127 secs] [Times: user=0.00 sys=0.00, real=0.00 secs] 
2014-07-10T09:59:16.743+0200: 102.887: [GC (Allocation Failure) 102.887: [ParNew: 9745K->1059K(9792K), 0.0031735 secs] 21929K->15357K(31680K), 0.0034192 secs] [Times: user=0.00 sys=0.00, real=0.00 secs] 
2014-07-10T09:59:16.753+0200: 102.898: [GC (Allocation Failure) 102.898: [ParNew: 9745K->1059K(9792K), 0.0048486 secs] 24043K->17951K(31680K), 0.0050708 secs] [Times: user=0.00 sys=0.00, real=0.00 secs] 
2014-07-10T09:59:16.759+0200: 102.903: [GC (CMS Initial Mark) [1 CMS-initial-mark: 16891K(21888K)] 18017K(31680K), 0.0002240 secs] [Times: user=0.00 sys=0.00, real=0.00 secs] 
2014-07-10T09:59:16.759+0200: 102.903: [CMS-concurrent-mark-start]
2014-07-10T09:59:16.760+0200: 102.905: [CMS-concurrent-mark: 0.001/0.001 secs] [Times: user=0.00 sys=0.00, real=0.00 secs] 
2014-07-10T09:59:16.760+0200: 102.905: [CMS-concurrent-preclean-start]
2014-07-10T09:59:16.760+0200: 102.905: [CMS-concurrent-preclean: 0.000/0.000 secs] [Times: user=0.00 sys=0.00, real=0.00 secs] 
2014-07-10T09:59:16.760+0200: 102.905: [CMS-concurrent-abortable-preclean-start]
2014-07-10T09:59:16.792+0200: 102.937: [GC (Allocation Failure) 102.937: [ParNew: 9745K->1059K(9792K), 0.0028714 secs] 26637K->21026K(31680K), 0.0030404 secs] [Times: user=0.00 sys=0.00, real=0.00 secs] 
2014-07-10T09:59:16.796+0200: 102.941: [CMS-concurrent-abortable-preclean: 0.001/0.036 secs] [Times: user=0.01 sys=0.01, real=0.04 secs] 
2014-07-10T09:59:16.796+0200: 102.941: [GC (CMS Final Remark) [YG occupancy: 3528 K (9792 K)]102.941: [Rescan (parallel) , 0.0001763 secs]102.941: [weak refs processing, 0.0000363 secs]102.941: [class unloading, 0.0006266 secs]102.942: [scrub symbol table, 0.0007912 secs]102.943: [scrub string table, 0.0002376 secs][1 CMS-remark: 19966K(21888K)] 23495K(31680K), 0.0020498 secs] [Times: user=0.00 sys=0.00, real=0.00 secs] 
2014-07-10T09:59:16.799+0200: 102.943: [CMS-concurrent-sweep-start]
2014-07-10T09:59:16.799+0200: 102.944: [CMS-concurrent-sweep: 0.001/0.001 secs] [Times: user=0.00 sys=0.00, real=0.00 secs] 
2014-07-10T09:59:16.799+0200: 102.944: [CMS-concurrent-reset-start]
2014-07-10T09:59:16.799+0200: 102.944: [CMS-concurrent-reset: 0.000/0.000 secs] [Times: user=0.00 sys=0.00, real=0.00 secs] 
2014-07-10T09:59:16.842+0200: 102.987: [GC (Allocation Failure) 102.987: [ParNew: 9745K->1059K(9792K), 0.0033169 secs] 15934K->10802K(31680K), 0.0034972 secs] [Times: user=0.00 sys=0.00, real=0.00 secs] 
2014-07-10T09:59:16.850+0200: 102.995: [GC (Allocation Failure) 102.995: [ParNew: 9745K->1059K(9792K), 0.0043760 secs] 19489K->14837K(31680K), 0.0045436 secs] [Times: user=0.00 sys=0.00, real=0.01 secs] 
2014-07-10T09:59:16.855+0200: 102.999: [GC (CMS Initial Mark) [1 CMS-initial-mark: 13778K(21888K)] 14903K(31680K), 0.0002570 secs] [Times: user=0.00 sys=0.00, real=0.00 secs] 
2014-07-10T09:59:16.855+0200: 103.000: [CMS-concurrent-mark-start]
2014-07-10T09:59:16.857+0200: 103.001: [CMS-concurrent-mark: 0.001/0.001 secs] [Times: user=0.00 sys=0.00, real=0.00 secs] 
2014-07-10T09:59:16.857+0200: 103.001: [CMS-concurrent-preclean-start]
2014-07-10T09:59:16.857+0200: 103.001: [CMS-concurrent-preclean: 0.000/0.000 secs] [Times: user=0.00 sys=0.00, real=0.00 secs] 
2014-07-10T09:59:16.857+0200: 103.001: [CMS-concurrent-abortable-preclean-start]
2014-07-10T09:59:16.892+0200: 103.036: [GC (Allocation Failure) 103.036: [ParNew: 9733K->1061K(9792K), 0.0021455 secs] 23511K->17146K(31680K), 0.0023288 secs] [Times: user=0.00 sys=0.00, real=0.00 secs] 
2014-07-10T09:59:16.943+0200: 103.087: [GC (Allocation Failure) 103.088: [ParNew: 9747K->1059K(9792K), 0.0043375 secs] 25832K->19932K(31680K), 0.0046283 secs] [Times: user=0.00 sys=0.00, real=0.00 secs] 
2014-07-10T09:59:16.955+0200: 103.100: [GC (Allocation Failure) 103.100: [ParNew: 9745K->9745K(9792K), 0.0000961 secs]103.100: [CMS2014-07-10T09:59:16.956+0200: 103.100: [CMS-concurrent-abortable-preclean: 0.002/0.099 secs] [Times: user=0.03 sys=0.00, real=0.10 secs] 
 (concurrent mode failure): 18873K->4840K(21888K), 0.0122497 secs] 28619K->4840K(31680K), [Metaspace: 2457K->2457K(1056768K)], 0.0125782 secs] [Times: user=0.02 sys=0.00, real=0.01 secs] 
2014-07-10T09:59:16.992+0200: 103.137: [GC (Allocation Failure) 103.137: [ParNew: 8686K->1059K(9792K), 0.0035775 secs] 13526K->9649K(31680K), 0.0037220 secs] [Times: user=0.00 sys=0.00, real=0.00 secs] 
2014-07-10T09:59:17.044+0200: 103.188: [GC (Allocation Failure) 103.188: [ParNew: 9745K->1059K(9792K), 0.0067008 secs] 18336K->13876K(31680K), 0.0069754 secs] [Times: user=0.03 sys=0.00, real=0.01 secs] 
2014-07-10T09:59:17.051+0200: 103.196: [GC (CMS Initial Mark) [1 CMS-initial-mark: 12817K(21888K)] 13942K(31680K), 0.0004312 secs] [Times: user=0.00 sys=0.00, real=0.00 secs] 
2014-07-10T09:59:17.052+0200: 103.196: [CMS-concurrent-mark-start]
2014-07-10T09:59:17.054+0200: 103.199: [CMS-concurrent-mark: 0.003/0.003 secs] [Times: user=0.00 sys=0.00, real=0.00 secs] 
2014-07-10T09:59:17.054+0200: 103.199: [CMS-concurrent-preclean-start]
2014-07-10T09:59:17.055+0200: 103.199: [CMS-concurrent-preclean: 0.000/0.000 secs] [Times: user=0.00 sys=0.00, real=0.00 secs] 
2014-07-10T09:59:17.055+0200: 103.199: [CMS-concurrent-abortable-preclean-start]
2014-07-10T09:59:17.058+0200: 103.203: [GC (Allocation Failure) 103.203: [ParNew: 9745K->1059K(9792K), 0.0046954 secs] 22563K->18584K(31680K), 0.0048783 secs] [Times: user=0.03 sys=0.00, real=0.00 secs] 
2014-07-10T09:59:17.093+0200: 103.238: [GC (Allocation Failure) 103.238: [ParNew: 9745K->9745K(9792K), 0.0000561 secs]103.238: [CMS2014-07-10T09:59:17.093+0200: 103.238: [CMS-concurrent-abortable-preclean: 0.001/0.039 secs] [Times: user=0.05 sys=0.00, real=0.04 secs] 
 (concurrent mode failure): 17524K->6761K(21888K), 0.0081252 secs] 27270K->6761K(31680K), [Metaspace: 2457K->2457K(1056768K)], 0.0083840 secs] [Times: user=0.00 sys=0.00, real=0.01 secs] 
2014-07-10T09:59:17.144+0200: 103.288: [GC (Allocation Failure) 103.288: [ParNew: 8689K->1061K(9792K), 0.0042543 secs] 15451K->12469K(31680K), 0.0043947 secs] [Times: user=0.00 sys=0.00, real=0.00 secs] 
2014-07-10T09:59:17.148+0200: 103.293: [GC (CMS Initial Mark) [1 CMS-initial-mark: 11407K(21888K)] 12599K(31680K), 0.0002141 secs] [Times: user=0.00 sys=0.00, real=0.00 secs] 
2014-07-10T09:59:17.149+0200: 103.293: [CMS-concurrent-mark-start]
2014-07-10T09:59:17.149+0200: 103.294: [CMS-concurrent-mark: 0.001/0.001 secs] [Times: user=0.00 sys=0.00, real=0.00 secs] 
2014-07-10T09:59:17.149+0200: 103.294: [CMS-concurrent-preclean-start]
2014-07-10T09:59:17.150+0200: 103.294: [CMS-concurrent-preclean: 0.000/0.000 secs] [Times: user=0.00 sys=0.00, real=0.00 secs] 
2014-07-10T09:59:17.150+0200: 103.294: [CMS-concurrent-abortable-preclean-start]
2014-07-10T09:59:17.152+0200: 103.297: [GC (Allocation Failure) 103.297: [ParNew: 9747K->1059K(9792K), 0.0045113 secs] 21155K->17591K(31680K), 0.0046448 secs] [Times: user=0.03 sys=0.00, real=0.01 secs] 
2014-07-10T09:59:17.193+0200: 103.337: [GC (Allocation Failure) 103.337: [ParNew: 9745K->9745K(9792K), 0.0000671 secs]103.337: [CMS2014-07-10T09:59:17.193+0200: 103.337: [CMS-concurrent-abortable-preclean: 0.001/0.043 secs] [Times: user=0.03 sys=0.00, real=0.04 secs] 
 (concurrent mode failure): 16531K->7177K(21888K), 0.0069149 secs] 26277K->7177K(31680K), [Metaspace: 2457K->2457K(1056768K)], 0.0071734 secs] [Times: user=0.00 sys=0.00, real=0.01 secs] 
2014-07-10T09:59:17.245+0200: 103.390: [GC (Allocation Failure) 103.390: [ParNew: 8686K->1059K(9792K), 0.0091128 secs] 15863K->14324K(31680K), 0.0093893 secs] [Times: user=0.03 sys=0.00, real=0.01 secs] 
2014-07-10T09:59:17.255+0200: 103.400: [GC (CMS Initial Mark) [1 CMS-initial-mark: 13264K(21888K)] 14390K(31680K), 0.0004781 secs] [Times: user=0.00 sys=0.00, real=0.00 secs] 
2014-07-10T09:59:17.256+0200: 103.400: [CMS-concurrent-mark-start]
2014-07-10T09:59:17.258+0200: 103.403: [CMS-concurrent-mark: 0.002/0.002 secs] [Times: user=0.00 sys=0.00, real=0.00 secs] 
2014-07-10T09:59:17.258+0200: 103.403: [CMS-concurrent-preclean-start]
2014-07-10T09:59:17.259+0200: 103.403: [CMS-concurrent-preclean: 0.000/0.000 secs] [Times: user=0.00 sys=0.00, real=0.00 secs] 
2014-07-10T09:59:17.259+0200: 103.403: [CMS-concurrent-abortable-preclean-start]
2014-07-10T09:59:17.262+0200: 103.407: [GC (Allocation Failure) 103.407: [ParNew: 9745K->1059K(9792K), 0.0084775 secs] 23010K->20888K(31680K), 0.0086645 secs] [Times: user=0.02 sys=0.00, real=0.01 secs] 
2014-07-10T09:59:17.294+0200: 103.439: [GC (Allocation Failure) 103.439: [ParNew: 9745K->9745K(9792K), 0.0000535 secs]103.439: [CMS2014-07-10T09:59:17.294+0200: 103.439: [CMS-concurrent-abortable-preclean: 0.001/0.035 secs] [Times: user=0.02 sys=0.00, real=0.03 secs] 
 (concurrent mode failure): 19828K->8618K(21888K), 0.0094028 secs] 29574K->8618K(31680K), [Metaspace: 2457K->2457K(1056768K)], 0.0096199 secs] [Times: user=0.02 sys=0.00, real=0.01 secs] 
2014-07-10T09:59:17.344+0200: 103.489: [GC (Allocation Failure) 103.489: [ParNew: 8696K->395K(9792K), 0.0007347 secs] 17315K->9013K(31680K), 0.0008473 secs] [Times: user=0.00 sys=0.00, real=0.00 secs] 
2014-07-10T09:59:17.350+0200: 103.494: [GC (Allocation Failure) 103.494: [ParNew: 9082K->1061K(9792K), 0.0055793 secs] 17700K->16150K(31680K), 0.0057630 secs] [Times: user=0.00 sys=0.00, real=0.01 secs] 
2014-07-10T09:59:17.356+0200: 103.500: [GC (CMS Initial Mark) [1 CMS-initial-mark: 15089K(21888K)] 16537K(31680K), 0.0001862 secs] [Times: user=0.00 sys=0.00, real=0.00 secs] 
2014-07-10T09:59:17.356+0200: 103.500: [CMS-concurrent-mark-start]
2014-07-10T09:59:17.357+0200: 103.501: [CMS-concurrent-mark: 0.001/0.001 secs] [Times: user=0.02 sys=0.00, real=0.00 secs] 
2014-07-10T09:59:17.357+0200: 103.501: [CMS-concurrent-preclean-start]
2014-07-10T09:59:17.357+0200: 103.501: [CMS-concurrent-preclean: 0.000/0.000 secs] [Times: user=0.00 sys=0.00, real=0.00 secs] 
2014-07-10T09:59:17.357+0200: 103.501: [GC (CMS Final Remark) [YG occupancy: 1735 K (9792 K)]103.502: [Rescan (parallel) , 0.0000821 secs]103.502: [weak refs processing, 0.0000268 secs]103.502: [class unloading, 0.0004378 secs]103.502: [scrub symbol table, 0.0005785 secs]103.503: [scrub string table, 0.0001727 secs][1 CMS-remark: 15089K(21888K)] 16825K(31680K), 0.0015468 secs] [Times: user=0.00 sys=0.00, real=0.00 secs] 
2014-07-10T09:59:17.359+0200: 103.503: [CMS-concurrent-sweep-start]
2014-07-10T09:59:17.359+0200: 103.503: [CMS-concurrent-sweep: 0.000/0.000 secs] [Times: user=0.00 sys=0.00, real=0.00 secs] 
2014-07-10T09:59:17.359+0200: 103.503: [CMS-concurrent-reset-start]
2014-07-10T09:59:17.359+0200: 103.504: [CMS-concurrent-reset: 0.000/0.000 secs] [Times: user=0.00 sys=0.00, real=0.00 secs] 
2014-07-10T09:59:17.394+0200: 103.539: [GC (Allocation Failure) 103.539: [ParNew: 9747K->1059K(9792K), 0.0058623 secs] 16732K->14995K(31680K), 0.0060229 secs] [Times: user=0.00 sys=0.00, real=0.01 secs] 
2014-07-10T09:59:17.401+0200: 103.545: [GC (CMS Initial Mark) [1 CMS-initial-mark: 13935K(21888K)] 15061K(31680K), 0.0001800 secs] [Times: user=0.00 sys=0.00, real=0.00 secs] 
2014-07-10T09:59:17.401+0200: 103.545: [CMS-concurrent-mark-start]
2014-07-10T09:59:17.401+0200: 103.546: [CMS-concurrent-mark: 0.001/0.001 secs] [Times: user=0.00 sys=0.00, real=0.00 secs] 
2014-07-10T09:59:17.401+0200: 103.546: [CMS-concurrent-preclean-start]
2014-07-10T09:59:17.402+0200: 103.546: [CMS-concurrent-preclean: 0.000/0.000 secs] [Times: user=0.00 sys=0.00, real=0.00 secs] 
2014-07-10T09:59:17.402+0200: 103.546: [GC (CMS Final Remark) [YG occupancy: 1253 K (9792 K)]103.546: [Rescan (parallel) , 0.0001661 secs]103.546: [weak refs processing, 0.0000359 secs]103.546: [class unloading, 0.0004337 secs]103.547: [scrub symbol table, 0.0005815 secs]103.547: [scrub string table, 0.0001723 secs][1 CMS-remark: 13935K(21888K)] 15189K(31680K), 0.0015175 secs] [Times: user=0.00 sys=0.00, real=0.00 secs] 
2014-07-10T09:59:17.403+0200: 103.548: [CMS-concurrent-sweep-start]
2014-07-10T09:59:17.404+0200: 103.548: [CMS-concurrent-sweep: 0.000/0.000 secs] [Times: user=0.02 sys=0.00, real=0.00 secs] 
2014-07-10T09:59:17.404+0200: 103.548: [CMS-concurrent-reset-start]
2014-07-10T09:59:17.404+0200: 103.548: [CMS-concurrent-reset: 0.000/0.000 secs] [Times: user=0.00 sys=0.00, real=0.00 secs] 
2014-07-10T09:59:17.445+0200: 103.589: [GC (Allocation Failure) 103.589: [ParNew: 9747K->291K(9792K), 0.0006599 secs] 17215K->7759K(31680K), 0.0007692 secs] [Times: user=0.00 sys=0.00, real=0.00 secs] 
2014-07-10T09:59:17.491+0200: 103.635: [GC (Allocation Failure) 103.635: [ParNew: 8977K->772K(9792K), 0.0008029 secs] 16446K->8241K(31680K), 0.0008924 secs] [Times: user=0.00 sys=0.00, real=0.00 secs] 
2014-07-10T09:59:17.541+0200: 103.686: [GC (Allocation Failure) 103.686: [ParNew: 9458K->1059K(9792K), 0.0016854 secs] 16927K->8723K(31680K), 0.0018951 secs] [Times: user=0.00 sys=0.00, real=0.00 secs] 
2014-07-10T09:59:17.550+0200: 103.695: [GC (Allocation Failure) 103.695: [ParNew: 9745K->1059K(9792K), 0.0025074 secs] 17409K->9396K(31680K), 0.0027361 secs] [Times: user=0.00 sys=0.00, real=0.00 secs] 
2014-07-10T09:59:17.592+0200: 103.737: [GC (Allocation Failure) 103.737: [ParNew: 9745K->1059K(9792K), 0.0024711 secs] 18083K->10550K(31680K), 0.0027020 secs] [Times: user=0.00 sys=0.00, real=0.00 secs] 
2014-07-10T09:59:17.641+0200: 103.786: [GC (Allocation Failure) 103.786: [ParNew: 9755K->1061K(9792K), 0.0010244 secs] 19246K->10649K(31680K), 0.0011321 secs] [Times: user=0.00 sys=0.00, real=0.00 secs] 
2014-07-10T09:59:17.646+0200: 103.791: [GC (Allocation Failure) 103.791: [ParNew: 9747K->1059K(9792K), 0.0015241 secs] 19335K->11226K(31680K), 0.0016586 secs] [Times: user=0.00 sys=0.00, real=0.00 secs] 
2014-07-10T09:59:17.692+0200: 103.836: [GC (Allocation Failure) 103.836: [ParNew: 9745K->1059K(9792K), 0.0014357 secs] 19912K->12283K(31680K), 0.0015677 secs] [Times: user=0.00 sys=0.00, real=0.00 secs] 
2014-07-10T09:59:17.742+0200: 103.886: [GC (Allocation Failure) 103.886: [ParNew: 9745K->1059K(9792K), 0.0014845 secs] 20969K->13821K(31680K), 0.0016168 secs] [Times: user=0.00 sys=0.00, real=0.00 secs] 
2014-07-10T09:59:17.748+0200: 103.892: [GC (Allocation Failure) 103.892: [ParNew: 9745K->1059K(9792K), 0.0023339 secs] 22507K->15839K(31680K), 0.0024960 secs] [Times: user=0.00 sys=0.00, real=0.00 secs] 
2014-07-10T09:59:17.792+0200: 103.937: [GC (Allocation Failure) 103.937: [ParNew: 9745K->1059K(9792K), 0.0023226 secs] 24525K->18337K(31680K), 0.0025000 secs] [Times: user=0.03 sys=0.00, real=0.00 secs] 
2014-07-10T09:59:17.795+0200: 103.940: [GC (CMS Initial Mark) [1 CMS-initial-mark: 17278K(21888K)] 18403K(31680K), 0.0002200 secs] [Times: user=0.00 sys=0.00, real=0.00 secs] 
2014-07-10T09:59:17.795+0200: 103.940: [CMS-concurrent-mark-start]
2014-07-10T09:59:17.797+0200: 103.941: [CMS-concurrent-mark: 0.001/0.001 secs] [Times: user=0.00 sys=0.00, real=0.00 secs] 
2014-07-10T09:59:17.797+0200: 103.941: [CMS-concurrent-preclean-start]
2014-07-10T09:59:17.797+0200: 103.941: [CMS-concurrent-preclean: 0.000/0.000 secs] [Times: user=0.00 sys=0.00, real=0.00 secs] 
2014-07-10T09:59:17.797+0200: 103.941: [CMS-concurrent-abortable-preclean-start]
2014-07-10T09:59:17.843+0200: 103.988: [GC (Allocation Failure) 103.988: [ParNew: 9745K->1059K(9792K), 0.0047522 secs] 27024K->21316K(31680K), 0.0050400 secs] [Times: user=0.00 sys=0.00, real=0.01 secs] 
2014-07-10T09:59:17.850+0200: 103.995: [CMS-concurrent-abortable-preclean: 0.001/0.053 secs] [Times: user=0.00 sys=0.00, real=0.05 secs] 
2014-07-10T09:59:17.850+0200: 103.995: [GC (CMS Final Remark) [YG occupancy: 2150 K (9792 K)]103.995: [Rescan (parallel) , 0.0006845 secs]103.996: [weak refs processing, 0.0000645 secs]103.996: [class unloading, 0.0014804 secs]103.997: [scrub symbol table, 0.0013591 secs]103.999: [scrub string table, 0.0004803 secs][1 CMS-remark: 20256K(21888K)] 22406K(31680K), 0.0044879 secs] [Times: user=0.00 sys=0.00, real=0.01 secs] 
2014-07-10T09:59:17.858+0200: 104.003: [CMS-concurrent-sweep-start]
2014-07-10T09:59:17.860+0200: 104.004: [CMS-concurrent-sweep: 0.001/0.001 secs] [Times: user=0.00 sys=0.00, real=0.00 secs] 
2014-07-10T09:59:17.860+0200: 104.004: [CMS-concurrent-reset-start]
2014-07-10T09:59:17.860+0200: 104.005: [CMS-concurrent-reset: 0.000/0.000 secs] [Times: user=0.00 sys=0.00, real=0.00 secs] 
2014-07-10T09:59:17.861+0200: 104.006: [GC (Allocation Failure) 104.006: [ParNew: 9745K->1059K(9792K), 0.0057179 secs] 15742K->10515K(31680K), 0.0059423 secs] [Times: user=0.00 sys=0.00, real=0.01 secs] 
2014-07-10T09:59:17.892+0200: 104.037: [GC (Allocation Failure) 104.037: [ParNew: 9760K->1061K(9792K), 0.0021279 secs] 19216K->12791K(31680K), 0.0022716 secs] [Times: user=0.00 sys=0.00, real=0.00 secs] 
2014-07-10T09:59:17.895+0200: 104.039: [GC (CMS Initial Mark) [1 CMS-initial-mark: 11729K(21888K)] 12857K(31680K), 0.0002324 secs] [Times: user=0.00 sys=0.00, real=0.00 secs] 
2014-07-10T09:59:17.895+0200: 104.039: [CMS-concurrent-mark-start]
2014-07-10T09:59:17.896+0200: 104.040: [CMS-concurrent-mark: 0.001/0.001 secs] [Times: user=0.00 sys=0.00, real=0.00 secs] 
2014-07-10T09:59:17.896+0200: 104.040: [CMS-concurrent-preclean-start]
2014-07-10T09:59:17.896+0200: 104.041: [CMS-concurrent-preclean: 0.000/0.000 secs] [Times: user=0.00 sys=0.00, real=0.00 secs] 
2014-07-10T09:59:17.896+0200: 104.041: [CMS-concurrent-abortable-preclean-start]
2014-07-10T09:59:17.943+0200: 104.087: [GC (Allocation Failure) 104.088: [ParNew: 9747K->1059K(9792K), 0.0043830 secs] 21477K->15545K(31680K), 0.0046807 secs] [Times: user=0.00 sys=0.00, real=0.00 secs] 
2014-07-10T09:59:17.955+0200: 104.100: [GC (Allocation Failure) 104.100: [ParNew: 9745K->1059K(9792K), 0.0044340 secs] 24231K->18780K(31680K), 0.0046528 secs] [Times: user=0.00 sys=0.00, real=0.01 secs] 
2014-07-10T09:59:17.992+0200: 104.137: [GC (Allocation Failure) 104.137: [ParNew: 9745K->1059K(9792K), 0.0035563 secs] 27466K->22495K(31680K), 0.0037293 secs] [Times: user=0.00 sys=0.00, real=0.00 secs] 
2014-07-10T09:59:17.996+0200: 104.141: [CMS-concurrent-abortable-preclean: 0.002/0.100 secs] [Times: user=0.02 sys=0.00, real=0.10 secs] 
2014-07-10T09:59:17.996+0200: 104.141: [GC (CMS Final Remark) [YG occupancy: 1285 K (9792 K)]104.141: [Rescan (parallel) , 0.0002530 secs]104.141: [weak refs processing, 0.0000370 secs]104.141: [class unloading, 0.0005917 secs]104.142: [scrub symbol table, 0.0007417 secs]104.143: [scrub string table, 0.0002383 secs][1 CMS-remark: 21435K(21888K)] 22721K(31680K), 0.0020454 secs] [Times: user=0.03 sys=0.00, real=0.00 secs] 
2014-07-10T09:59:17.998+0200: 104.143: [CMS-concurrent-sweep-start]
2014-07-10T09:59:17.999+0200: 104.144: [CMS-concurrent-sweep: 0.000/0.000 secs] [Times: user=0.00 sys=0.00, real=0.00 secs] 
2014-07-10T09:59:17.999+0200: 104.144: [CMS-concurrent-reset-start]
2014-07-10T09:59:17.999+0200: 104.144: [CMS-concurrent-reset: 0.000/0.000 secs] [Times: user=0.00 sys=0.00, real=0.00 secs] 
2014-07-10T09:59:18.043+0200: 104.187: [GC (Allocation Failure) 104.187: [ParNew: 9745K->1059K(9792K), 0.0039973 secs] 22244K->17753K(31680K), 0.0041762 secs] [Times: user=0.00 sys=0.00, real=0.00 secs] 
2014-07-10T09:59:18.047+0200: 104.192: [GC (CMS Initial Mark) [1 CMS-initial-mark: 16694K(21888K)] 17819K(31680K), 0.0002610 secs] [Times: user=0.00 sys=0.00, real=0.00 secs] 
2014-07-10T09:59:18.047+0200: 104.192: [CMS-concurrent-mark-start]
2014-07-10T09:59:18.049+0200: 104.193: [CMS-concurrent-mark: 0.001/0.001 secs] [Times: user=0.00 sys=0.00, real=0.00 secs] 
2014-07-10T09:59:18.049+0200: 104.193: [CMS-concurrent-preclean-start]
2014-07-10T09:59:18.049+0200: 104.193: [CMS-concurrent-preclean: 0.000/0.000 secs] [Times: user=0.00 sys=0.00, real=0.00 secs] 
2014-07-10T09:59:18.049+0200: 104.193: [CMS-concurrent-abortable-preclean-start]
2014-07-10T09:59:18.051+0200: 104.196: [GC (Allocation Failure) 104.196: [ParNew: 9745K->1059K(9792K), 0.0048431 secs] 26439K->22428K(31680K), 0.0049945 secs] [Times: user=0.00 sys=0.00, real=0.00 secs] 
2014-07-10T09:59:18.056+0200: 104.201: [CMS-concurrent-abortable-preclean: 0.000/0.007 secs] [Times: user=0.00 sys=0.00, real=0.01 secs] 
2014-07-10T09:59:18.056+0200: 104.201: [GC (CMS Final Remark) [YG occupancy: 1285 K (9792 K)]104.201: [Rescan (parallel) , 0.0002123 secs]104.201: [weak refs processing, 0.0000367 secs]104.201: [class unloading, 0.0005752 secs]104.202: [scrub symbol table, 0.0007421 secs]104.203: [scrub string table, 0.0002328 secs][1 CMS-remark: 21369K(21888K)] 22655K(31680K), 0.0019842 secs] [Times: user=0.00 sys=0.00, real=0.00 secs] 
2014-07-10T09:59:18.059+0200: 104.203: [CMS-concurrent-sweep-start]
2014-07-10T09:59:18.059+0200: 104.204: [CMS-concurrent-sweep: 0.001/0.001 secs] [Times: user=0.00 sys=0.00, real=0.00 secs] 
2014-07-10T09:59:18.059+0200: 104.204: [CMS-concurrent-reset-start]
2014-07-10T09:59:18.060+0200: 104.204: [CMS-concurrent-reset: 0.000/0.000 secs] [Times: user=0.00 sys=0.00, real=0.00 secs] 
2014-07-10T09:59:18.093+0200: 104.237: [GC (Allocation Failure) 104.238: [ParNew: 9745K->1059K(9792K), 0.0052699 secs] 19137K->15606K(31680K), 0.0054613 secs] [Times: user=0.00 sys=0.00, real=0.01 secs] 
2014-07-10T09:59:18.099+0200: 104.243: [GC (CMS Initial Mark) [1 CMS-initial-mark: 14546K(21888K)] 15704K(31680K), 0.0002200 secs] [Times: user=0.00 sys=0.00, real=0.00 secs] 
2014-07-10T09:59:18.099+0200: 104.243: [CMS-concurrent-mark-start]
2014-07-10T09:59:18.100+0200: 104.245: [CMS-concurrent-mark: 0.001/0.001 secs] [Times: user=0.00 sys=0.00, real=0.00 secs] 
2014-07-10T09:59:18.100+0200: 104.245: [CMS-concurrent-preclean-start]
2014-07-10T09:59:18.100+0200: 104.245: [CMS-concurrent-preclean: 0.000/0.000 secs] [Times: user=0.00 sys=0.00, real=0.00 secs] 
2014-07-10T09:59:18.100+0200: 104.245: [CMS-concurrent-abortable-preclean-start]
2014-07-10T09:59:18.147+0200: 104.292: [GC (Allocation Failure) 104.292: [ParNew: 9749K->1061K(9792K), 0.0085222 secs] 24296K->20219K(31680K), 0.0088008 secs] [Times: user=0.03 sys=0.00, real=0.01 secs] 
2014-07-10T09:59:18.158+0200: 104.303: [CMS-concurrent-abortable-preclean: 0.001/0.058 secs] [Times: user=0.03 sys=0.00, real=0.06 secs] 
2014-07-10T09:59:18.159+0200: 104.304: [GC (CMS Final Remark) [YG occupancy: 4461 K (9792 K)]104.304: [Rescan (parallel) , 0.0003017 secs]104.304: [weak refs processing, 0.0000631 secs]104.304: [class unloading, 0.0011695 secs]104.305: [scrub symbol table, 0.0013063 secs]104.307: [scrub string table, 0.0004528 secs][1 CMS-remark: 19158K(21888K)] 23619K(31680K), 0.0036813 secs] [Times: user=0.00 sys=0.00, real=0.00 secs] 
2014-07-10T09:59:18.163+0200: 104.307: [CMS-concurrent-sweep-start]
2014-07-10T09:59:18.164+0200: 104.308: [CMS-concurrent-sweep: 0.001/0.001 secs] [Times: user=0.00 sys=0.00, real=0.00 secs] 
2014-07-10T09:59:18.164+0200: 104.308: [CMS-concurrent-reset-start]
2014-07-10T09:59:18.164+0200: 104.309: [CMS-concurrent-reset: 0.000/0.000 secs] [Times: user=0.00 sys=0.00, real=0.00 secs] 
2014-07-10T09:59:18.167+0200: 104.311: [GC (Allocation Failure) 104.311: [ParNew: 9747K->1059K(9792K), 0.0050437 secs] 20035K->16439K(31680K), 0.0052259 secs] [Times: user=0.03 sys=0.00, real=0.00 secs] 
2014-07-10T09:59:18.173+0200: 104.317: [GC (CMS Initial Mark) [1 CMS-initial-mark: 15379K(21888K)] 16505K(31680K), 0.0001983 secs] [Times: user=0.00 sys=0.00, real=0.00 secs] 
2014-07-10T09:59:18.173+0200: 104.317: [CMS-concurrent-mark-start]
2014-07-10T09:59:18.174+0200: 104.318: [CMS-concurrent-mark: 0.001/0.001 secs] [Times: user=0.00 sys=0.00, real=0.00 secs] 
2014-07-10T09:59:18.174+0200: 104.318: [CMS-concurrent-preclean-start]
2014-07-10T09:59:18.174+0200: 104.318: [CMS-concurrent-preclean: 0.000/0.000 secs] [Times: user=0.00 sys=0.00, real=0.00 secs] 
2014-07-10T09:59:18.174+0200: 104.318: [CMS-concurrent-abortable-preclean-start]
2014-07-10T09:59:18.197+0200: 104.341: [GC (Allocation Failure) 104.341: [ParNew: 9745K->1059K(9792K), 0.0047863 secs] 25125K->22011K(31680K), 0.0049696 secs] [Times: user=0.03 sys=0.00, real=0.00 secs] 
2014-07-10T09:59:18.202+0200: 104.346: [CMS-concurrent-abortable-preclean: 0.000/0.028 secs] [Times: user=0.03 sys=0.00, real=0.03 secs] 
2014-07-10T09:59:18.203+0200: 104.347: [GC (CMS Final Remark) [YG occupancy: 2630 K (9792 K)]104.347: [Rescan (parallel) , 0.0001518 secs]104.347: [weak refs processing, 0.0000627 secs]104.347: [class unloading, 0.0005576 secs]104.348: [scrub symbol table, 0.0007094 secs]104.349: [scrub string table, 0.0002053 secs][1 CMS-remark: 20951K(21888K)] 23581K(31680K), 0.0018397 secs] [Times: user=0.00 sys=0.00, real=0.00 secs] 
2014-07-10T09:59:18.205+0200: 104.349: [CMS-concurrent-sweep-start]
2014-07-10T09:59:18.205+0200: 104.349: [CMS-concurrent-sweep: 0.000/0.000 secs] [Times: user=0.00 sys=0.00, real=0.00 secs] 
2014-07-10T09:59:18.205+0200: 104.349: [CMS-concurrent-reset-start]
2014-07-10T09:59:18.205+0200: 104.350: [CMS-concurrent-reset: 0.000/0.000 secs] [Times: user=0.00 sys=0.00, real=0.00 secs] 
2014-07-10T09:59:18.243+0200: 104.388: [GC (Allocation Failure) 104.388: [ParNew: 9745K->1059K(9792K), 0.0048094 secs] 20929K->18295K(31680K), 0.0049846 secs] [Times: user=0.03 sys=0.00, real=0.00 secs] 
2014-07-10T09:59:18.249+0200: 104.393: [GC (CMS Initial Mark) [1 CMS-initial-mark: 17236K(21888K)] 18327K(31680K), 0.0001818 secs] [Times: user=0.00 sys=0.00, real=0.00 secs] 
2014-07-10T09:59:18.249+0200: 104.394: [CMS-concurrent-mark-start]
2014-07-10T09:59:18.250+0200: 104.394: [CMS-concurrent-mark: 0.001/0.001 secs] [Times: user=0.00 sys=0.00, real=0.00 secs] 
2014-07-10T09:59:18.250+0200: 104.395: [CMS-concurrent-preclean-start]
2014-07-10T09:59:18.250+0200: 104.395: [CMS-concurrent-preclean: 0.000/0.000 secs] [Times: user=0.00 sys=0.00, real=0.00 secs] 
2014-07-10T09:59:18.250+0200: 104.395: [CMS-concurrent-abortable-preclean-start]
2014-07-10T09:59:18.253+0200: 104.398: [GC (Allocation Failure) 104.398: [ParNew: 9745K->9745K(9792K), 0.0000480 secs]104.398: [CMS2014-07-10T09:59:18.253+0200: 104.398: [CMS-concurrent-abortable-preclean: 0.000/0.003 secs] [Times: user=0.00 sys=0.00, real=0.00 secs] 
 (concurrent mode failure): 17236K->8106K(21888K), 0.0074964 secs] 26981K->8106K(31680K), [Metaspace: 2457K->2457K(1056768K)], 0.0077076 secs] [Times: user=0.00 sys=0.00, real=0.01 secs] 
2014-07-10T09:59:18.295+0200: 104.439: [GC (Allocation Failure) 104.439: [ParNew: 8686K->1059K(9792K), 0.0106904 secs] 16792K->16179K(31680K), 0.0108261 secs] [Times: user=0.00 sys=0.00, real=0.01 secs] 
2014-07-10T09:59:18.306+0200: 104.450: [GC (CMS Initial Mark) [1 CMS-initial-mark: 15119K(21888K)] 16211K(31680K), 0.0001730 secs] [Times: user=0.00 sys=0.00, real=0.00 secs] 
2014-07-10T09:59:18.306+0200: 104.451: [CMS-concurrent-mark-start]
2014-07-10T09:59:18.307+0200: 104.451: [CMS-concurrent-mark: 0.001/0.001 secs] [Times: user=0.00 sys=0.00, real=0.00 secs] 
2014-07-10T09:59:18.307+0200: 104.451: [CMS-concurrent-preclean-start]
2014-07-10T09:59:18.307+0200: 104.451: [CMS-concurrent-preclean: 0.000/0.000 secs] [Times: user=0.00 sys=0.00, real=0.00 secs] 
2014-07-10T09:59:18.307+0200: 104.452: [GC (CMS Final Remark) [YG occupancy: 1189 K (9792 K)]104.452: [Rescan (parallel) , 0.0000770 secs]104.452: [weak refs processing, 0.0000260 secs]104.452: [class unloading, 0.0004550 secs]104.452: [scrub symbol table, 0.0005807 secs]104.453: [scrub string table, 0.0001789 secs][1 CMS-remark: 15119K(21888K)] 16309K(31680K), 0.0014423 secs] [Times: user=0.00 sys=0.00, real=0.00 secs] 
2014-07-10T09:59:18.309+0200: 104.454: [CMS-concurrent-sweep-start]
2014-07-10T09:59:18.309+0200: 104.454: [CMS-concurrent-sweep: 0.000/0.000 secs] [Times: user=0.00 sys=0.00, real=0.00 secs] 
2014-07-10T09:59:18.309+0200: 104.454: [CMS-concurrent-reset-start]
2014-07-10T09:59:18.309+0200: 104.454: [CMS-concurrent-reset: 0.000/0.000 secs] [Times: user=0.00 sys=0.00, real=0.00 secs] 
2014-07-10T09:59:18.345+0200: 104.489: [GC (Allocation Failure) 104.489: [ParNew: 9756K->363K(9792K), 0.0007871 secs] 17286K->7894K(31680K), 0.0008876 secs] [Times: user=0.00 sys=0.00, real=0.00 secs] 
2014-07-10T09:59:18.351+0200: 104.494: [GC (Allocation Failure) 104.494: [ParNew: 9050K->1061K(9792K), 0.0056820 secs] 16581K->15029K(31680K), 0.0058334 secs] [Times: user=0.02 sys=0.00, real=0.00 secs] 
2014-07-10T09:59:18.357+0200: 104.500: [GC (CMS Initial Mark) [1 CMS-initial-mark: 13968K(21888K)] 15095K(31680K), 0.0001723 secs] [Times: user=0.00 sys=0.00, real=0.00 secs] 
2014-07-10T09:59:18.357+0200: 104.501: [CMS-concurrent-mark-start]
2014-07-10T09:59:18.358+0200: 104.501: [CMS-concurrent-mark: 0.001/0.001 secs] [Times: user=0.00 sys=0.00, real=0.00 secs] 
2014-07-10T09:59:18.358+0200: 104.501: [CMS-concurrent-preclean-start]
2014-07-10T09:59:18.358+0200: 104.501: [CMS-concurrent-preclean: 0.000/0.000 secs] [Times: user=0.00 sys=0.00, real=0.00 secs] 
2014-07-10T09:59:18.358+0200: 104.502: [GC (CMS Final Remark) [YG occupancy: 2285 K (9792 K)]104.502: [Rescan (parallel) , 0.0000854 secs]104.502: [weak refs processing, 0.0000579 secs]104.502: [class unloading, 0.0004773 secs]104.502: [scrub symbol table, 0.0005804 secs]104.503: [scrub string table, 0.0001774 secs][1 CMS-remark: 13968K(21888K)] 16254K(31680K), 0.0015164 secs] [Times: user=0.00 sys=0.00, real=0.00 secs] 
2014-07-10T09:59:18.360+0200: 104.503: [CMS-concurrent-sweep-start]
2014-07-10T09:59:18.360+0200: 104.504: [CMS-concurrent-sweep: 0.000/0.000 secs] [Times: user=0.00 sys=0.00, real=0.00 secs] 
2014-07-10T09:59:18.360+0200: 104.504: [CMS-concurrent-reset-start]
2014-07-10T09:59:18.360+0200: 104.504: [CMS-concurrent-reset: 0.000/0.000 secs] [Times: user=0.00 sys=0.00, real=0.00 secs] 
2014-07-10T09:59:18.394+0200: 104.538: [GC (Allocation Failure) 104.538: [ParNew: 9753K->1059K(9792K), 0.0054605 secs] 16707K->14419K(31680K), 0.0056116 secs] [Times: user=0.00 sys=0.00, real=0.01 secs] 
2014-07-10T09:59:18.400+0200: 104.543: [GC (CMS Initial Mark) [1 CMS-initial-mark: 13360K(21888K)] 14451K(31680K), 0.0001745 secs] [Times: user=0.00 sys=0.00, real=0.00 secs] 
2014-07-10T09:59:18.400+0200: 104.544: [CMS-concurrent-mark-start]
2014-07-10T09:59:18.401+0200: 104.544: [CMS-concurrent-mark: 0.001/0.001 secs] [Times: user=0.00 sys=0.00, real=0.00 secs] 
2014-07-10T09:59:18.401+0200: 104.544: [CMS-concurrent-preclean-start]
2014-07-10T09:59:18.401+0200: 104.544: [CMS-concurrent-preclean: 0.000/0.000 secs] [Times: user=0.00 sys=0.00, real=0.00 secs] 
2014-07-10T09:59:18.401+0200: 104.545: [GC (CMS Final Remark) [YG occupancy: 1797 K (9792 K)]104.545: [Rescan (parallel) , 0.0000821 secs]104.545: [weak refs processing, 0.0000271 secs]104.545: [class unloading, 0.0004583 secs]104.545: [scrub symbol table, 0.0006163 secs]104.546: [scrub string table, 0.0001815 secs][1 CMS-remark: 13360K(21888K)] 15158K(31680K), 0.0015006 secs] [Times: user=0.02 sys=0.00, real=0.00 secs] 
2014-07-10T09:59:18.403+0200: 104.546: [CMS-concurrent-sweep-start]
2014-07-10T09:59:18.403+0200: 104.546: [CMS-concurrent-sweep: 0.000/0.000 secs] [Times: user=0.00 sys=0.00, real=0.00 secs] 
2014-07-10T09:59:18.403+0200: 104.546: [CMS-concurrent-reset-start]
2014-07-10T09:59:18.403+0200: 104.547: [CMS-concurrent-reset: 0.000/0.000 secs] [Times: user=0.00 sys=0.00, real=0.00 secs] 
2014-07-10T09:59:18.446+0200: 104.590: [GC (Allocation Failure) 104.590: [ParNew: 9745K->1059K(9792K), 0.0234879 secs] 16670K->14868K(31680K), 0.0236327 secs] [Times: user=0.03 sys=0.00, real=0.02 secs] 
2014-07-10T09:59:18.470+0200: 104.614: [GC (CMS Initial Mark) [1 CMS-initial-mark: 13809K(21888K)] 15159K(31680K), 0.0002119 secs] [Times: user=0.00 sys=0.00, real=0.00 secs] 
2014-07-10T09:59:18.471+0200: 104.614: [CMS-concurrent-mark-start]
2014-07-10T09:59:18.471+0200: 104.615: [CMS-concurrent-mark: 0.001/0.001 secs] [Times: user=0.00 sys=0.00, real=0.00 secs] 
2014-07-10T09:59:18.471+0200: 104.615: [CMS-concurrent-preclean-start]
2014-07-10T09:59:18.471+0200: 104.615: [CMS-concurrent-preclean: 0.000/0.000 secs] [Times: user=0.00 sys=0.00, real=0.00 secs] 
2014-07-10T09:59:18.471+0200: 104.615: [GC (CMS Final Remark) [YG occupancy: 1349 K (9792 K)]104.615: [Rescan (parallel) , 0.0120708 secs]104.627: [weak refs processing, 0.0000319 secs]104.627: [class unloading, 0.0005485 secs]104.628: [scrub symbol table, 0.0006057 secs]104.628: [scrub string table, 0.0001881 secs][1 CMS-remark: 13809K(21888K)] 15159K(31680K), 0.0136014 secs] [Times: user=0.01 sys=0.00, real=0.01 secs] 
2014-07-10T09:59:18.485+0200: 104.629: [CMS-concurrent-sweep-start]
2014-07-10T09:59:18.485+0200: 104.629: [CMS-concurrent-sweep: 0.000/0.000 secs] [Times: user=0.00 sys=0.00, real=0.00 secs] 
2014-07-10T09:59:18.485+0200: 104.629: [CMS-concurrent-reset-start]
2014-07-10T09:59:18.486+0200: 104.629: [CMS-concurrent-reset: 0.000/0.000 secs] [Times: user=0.00 sys=0.00, real=0.00 secs] 
2014-07-10T09:59:18.492+0200: 104.635: [GC (Allocation Failure) 104.635: [ParNew: 9747K->227K(9792K), 0.0097163 secs] 10268K->748K(31680K), 0.0098344 secs] [Times: user=0.02 sys=0.00, real=0.01 secs] 
2014-07-10T09:59:18.541+0200: 104.684: [GC (Allocation Failure) 104.684: [ParNew: 8913K->709K(9792K), 0.0005232 secs] 9435K->1231K(31680K), 0.0006002 secs] [Times: user=0.00 sys=0.00, real=0.00 secs] 
2014-07-10T09:59:18.545+0200: 104.689: [GC (Allocation Failure) 104.689: [ParNew: 9395K->1059K(9792K), 0.0010672 secs] 9917K->1712K(31680K), 0.0011747 secs] [Times: user=0.00 sys=0.00, real=0.00 secs] 
2014-07-10T09:59:18.592+0200: 104.735: [GC (Allocation Failure) 104.736: [ParNew: 9751K->643K(9792K), 0.0012436 secs] 10404K->1297K(31680K), 0.0014346 secs] [Times: user=0.00 sys=0.00, real=0.00 secs] 
2014-07-10T09:59:18.642+0200: 104.786: [GC (Allocation Failure) 104.786: [ParNew: 9329K->1059K(9792K), 0.0020993 secs] 9983K->1779K(31680K), 0.0022830 secs] [Times: user=0.00 sys=0.00, real=0.00 secs] 
2014-07-10T09:59:18.652+0200: 104.796: [GC (Allocation Failure) 104.796: [ParNew: 9745K->1059K(9792K), 0.0028175 secs] 10465K->2324K(31680K), 0.0030507 secs] [Times: user=0.03 sys=0.00, real=0.00 secs] 
2014-07-10T09:59:18.692+0200: 104.836: [GC (Allocation Failure) 104.836: [ParNew: 9745K->1059K(9792K), 0.0023002 secs] 11010K->3350K(31680K), 0.0025605 secs] [Times: user=0.00 sys=0.00, real=0.00 secs] 
2014-07-10T09:59:18.743+0200: 104.886: [GC (Allocation Failure) 104.886: [ParNew: 9745K->1059K(9792K), 0.0025715 secs] 12036K->4856K(31680K), 0.0028003 secs] [Times: user=0.00 sys=0.00, real=0.00 secs] 
2014-07-10T09:59:18.752+0200: 104.896: [GC (Allocation Failure) 104.896: [ParNew: 9745K->1059K(9792K), 0.0042551 secs] 13542K->6842K(31680K), 0.0045872 secs] [Times: user=0.00 sys=0.00, real=0.00 secs] 
2014-07-10T09:59:18.792+0200: 104.935: [GC (Allocation Failure) 104.935: [ParNew: 9745K->1059K(9792K), 0.0026767 secs] 15528K->9308K(31680K), 0.0028194 secs] [Times: user=0.03 sys=0.00, real=0.00 secs] 
2014-07-10T09:59:18.842+0200: 104.985: [GC (Allocation Failure) 104.985: [ParNew: 9745K->1059K(9792K), 0.0028831 secs] 17994K->12254K(31680K), 0.0030129 secs] [Times: user=0.00 sys=0.00, real=0.00 secs] 
2014-07-10T09:59:18.848+0200: 104.992: [GC (Allocation Failure) 104.992: [ParNew: 9745K->1059K(9792K), 0.0036285 secs] 20941K->15681K(31680K), 0.0037869 secs] [Times: user=0.00 sys=0.00, real=0.00 secs] 
2014-07-10T09:59:18.852+0200: 104.996: [GC (CMS Initial Mark) [1 CMS-initial-mark: 14622K(21888K)] 16003K(31680K), 0.0001730 secs] [Times: user=0.00 sys=0.00, real=0.00 secs] 
2014-07-10T09:59:18.853+0200: 104.996: [CMS-concurrent-mark-start]
2014-07-10T09:59:18.853+0200: 104.997: [CMS-concurrent-mark: 0.001/0.001 secs] [Times: user=0.00 sys=0.00, real=0.00 secs] 
2014-07-10T09:59:18.853+0200: 104.997: [CMS-concurrent-preclean-start]
2014-07-10T09:59:18.854+0200: 104.997: [CMS-concurrent-preclean: 0.000/0.000 secs] [Times: user=0.00 sys=0.00, real=0.00 secs] 
2014-07-10T09:59:18.854+0200: 104.997: [CMS-concurrent-abortable-preclean-start]
2014-07-10T09:59:18.894+0200: 105.037: [GC (Allocation Failure) 105.037: [ParNew: 9759K->1061K(9792K), 0.0037894 secs] 24382K->17925K(31680K), 0.0040604 secs] [Times: user=0.00 sys=0.00, real=0.00 secs] 
2014-07-10T09:59:18.943+0200: 105.086: [GC (Allocation Failure) 105.087: [ParNew: 9747K->1059K(9792K), 0.0043005 secs] 26612K->20647K(31680K), 0.0045612 secs] [Times: user=0.00 sys=0.00, real=0.00 secs] 
2014-07-10T09:59:18.950+0200: 105.093: [CMS-concurrent-abortable-preclean: 0.002/0.096 secs] [Times: user=0.02 sys=0.02, real=0.10 secs] 
2014-07-10T09:59:18.950+0200: 105.094: [GC (CMS Final Remark) [YG occupancy: 4105 K (9792 K)]105.094: [Rescan (parallel) , 0.0003538 secs]105.094: [weak refs processing, 0.0000664 secs]105.094: [class unloading, 0.0013807 secs]105.096: [scrub symbol table, 0.0013298 secs]105.097: [scrub string table, 0.0004440 secs][1 CMS-remark: 19588K(21888K)] 23693K(31680K), 0.0039478 secs] [Times: user=0.00 sys=0.00, real=0.00 secs] 
2014-07-10T09:59:18.954+0200: 105.098: [CMS-concurrent-sweep-start]
2014-07-10T09:59:18.955+0200: 105.099: [CMS-concurrent-sweep: 0.001/0.001 secs] [Times: user=0.00 sys=0.00, real=0.00 secs] 
2014-07-10T09:59:18.956+0200: 105.099: [CMS-concurrent-reset-start]
2014-07-10T09:59:18.956+0200: 105.099: [CMS-concurrent-reset: 0.000/0.000 secs] [Times: user=0.00 sys=0.00, real=0.00 secs] 
2014-07-10T09:59:18.958+0200: 105.102: [GC (Allocation Failure) 105.102: [ParNew: 9745K->1059K(9792K), 0.0056735 secs] 18659K->13175K(31680K), 0.0058799 secs] [Times: user=0.00 sys=0.00, real=0.01 secs] 
2014-07-10T09:59:18.965+0200: 105.109: [GC (CMS Initial Mark) [1 CMS-initial-mark: 12116K(21888K)] 13338K(31680K), 0.0004550 secs] [Times: user=0.00 sys=0.00, real=0.00 secs] 
2014-07-10T09:59:18.966+0200: 105.109: [CMS-concurrent-mark-start]
2014-07-10T09:59:18.968+0200: 105.112: [CMS-concurrent-mark: 0.002/0.002 secs] [Times: user=0.00 sys=0.00, real=0.00 secs] 
2014-07-10T09:59:18.968+0200: 105.112: [CMS-concurrent-preclean-start]
2014-07-10T09:59:18.968+0200: 105.112: [CMS-concurrent-preclean: 0.000/0.000 secs] [Times: user=0.00 sys=0.00, real=0.00 secs] 
2014-07-10T09:59:18.968+0200: 105.112: [CMS-concurrent-abortable-preclean-start]
2014-07-10T09:59:18.992+0200: 105.136: [GC (Allocation Failure) 105.136: [ParNew: 9745K->1059K(9792K), 0.0038422 secs] 21862K->16858K(31680K), 0.0039896 secs] [Times: user=0.03 sys=0.00, real=0.00 secs] 
2014-07-10T09:59:19.044+0200: 105.187: [GC (Allocation Failure) 105.187: [ParNew: 9745K->1059K(9792K), 0.0066917 secs] 25545K->21021K(31680K), 0.0069967 secs] [Times: user=0.00 sys=0.00, real=0.01 secs] 
2014-07-10T09:59:19.053+0200: 105.196: [CMS-concurrent-abortable-preclean: 0.002/0.084 secs] [Times: user=0.05 sys=0.00, real=0.09 secs] 
2014-07-10T09:59:19.053+0200: 105.197: [GC (CMS Final Remark) [YG occupancy: 3976 K (9792 K)]105.197: [Rescan (parallel) , 0.0003014 secs]105.197: [weak refs processing, 0.0000722 secs]105.197: [class unloading, 0.0011270 secs]105.198: [scrub symbol table, 0.0015714 secs]105.200: [scrub string table, 0.0004865 secs][1 CMS-remark: 19962K(21888K)] 23939K(31680K), 0.0039574 secs] [Times: user=0.00 sys=0.00, real=0.00 secs] 
2014-07-10T09:59:19.057+0200: 105.201: [CMS-concurrent-sweep-start]
2014-07-10T09:59:19.059+0200: 105.202: [CMS-concurrent-sweep: 0.002/0.002 secs] [Times: user=0.03 sys=0.00, real=0.00 secs] 
2014-07-10T09:59:19.059+0200: 105.202: [CMS-concurrent-reset-start]
2014-07-10T09:59:19.059+0200: 105.203: [CMS-concurrent-reset: 0.000/0.000 secs] [Times: user=0.00 sys=0.00, real=0.00 secs] 
2014-07-10T09:59:19.062+0200: 105.205: [GC (Allocation Failure) 105.205: [ParNew: 9745K->1059K(9792K), 0.0071829 secs] 21315K->17272K(31680K), 0.0073578 secs] [Times: user=0.00 sys=0.00, real=0.01 secs] 
2014-07-10T09:59:19.069+0200: 105.213: [GC (CMS Initial Mark) [1 CMS-initial-mark: 16213K(21888K)] 17530K(31680K), 0.0001936 secs] [Times: user=0.00 sys=0.00, real=0.00 secs] 
2014-07-10T09:59:19.070+0200: 105.213: [CMS-concurrent-mark-start]
2014-07-10T09:59:19.071+0200: 105.214: [CMS-concurrent-mark: 0.001/0.001 secs] [Times: user=0.00 sys=0.00, real=0.00 secs] 
2014-07-10T09:59:19.071+0200: 105.214: [CMS-concurrent-preclean-start]
2014-07-10T09:59:19.071+0200: 105.214: [CMS-concurrent-preclean: 0.000/0.000 secs] [Times: user=0.00 sys=0.00, real=0.00 secs] 
2014-07-10T09:59:19.071+0200: 105.214: [CMS-concurrent-abortable-preclean-start]
2014-07-10T09:59:19.093+0200: 105.237: [GC (Allocation Failure) 105.237: [ParNew: 9745K->1059K(9792K), 0.0047177 secs] 25959K->22396K(31680K), 0.0048681 secs] [Times: user=0.00 sys=0.00, real=0.01 secs] 
2014-07-10T09:59:19.098+0200: 105.242: [CMS-concurrent-abortable-preclean: 0.000/0.027 secs] [Times: user=0.00 sys=0.00, real=0.03 secs] 
2014-07-10T09:59:19.098+0200: 105.242: [GC (CMS Final Remark) [YG occupancy: 1253 K (9792 K)]105.242: [Rescan (parallel) , 0.0001837 secs]105.242: [weak refs processing, 0.0000301 secs]105.242: [class unloading, 0.0005004 secs]105.243: [scrub symbol table, 0.0006346 secs]105.243: [scrub string table, 0.0002401 secs][1 CMS-remark: 21336K(21888K)] 22590K(31680K), 0.0017536 secs] [Times: user=0.00 sys=0.00, real=0.00 secs] 
2014-07-10T09:59:19.100+0200: 105.244: [CMS-concurrent-sweep-start]
2014-07-10T09:59:19.101+0200: 105.244: [CMS-concurrent-sweep: 0.000/0.000 secs] [Times: user=0.00 sys=0.00, real=0.00 secs] 
2014-07-10T09:59:19.101+0200: 105.244: [CMS-concurrent-reset-start]
2014-07-10T09:59:19.101+0200: 105.244: [CMS-concurrent-reset: 0.000/0.000 secs] [Times: user=0.00 sys=0.00, real=0.00 secs] 
2014-07-10T09:59:19.147+0200: 105.291: [GC (Allocation Failure) 105.291: [ParNew: 9755K->1061K(9792K), 0.0061652 secs] 20043K->15416K(31680K), 0.0064225 secs] [Times: user=0.03 sys=0.00, real=0.01 secs] 
2014-07-10T09:59:19.158+0200: 105.301: [GC (CMS Initial Mark) [1 CMS-initial-mark: 14355K(21888K)] 15546K(31680K), 0.0003941 secs] [Times: user=0.00 sys=0.00, real=0.00 secs] 
2014-07-10T09:59:19.158+0200: 105.302: [CMS-concurrent-mark-start]
2014-07-10T09:59:19.159+0200: 105.303: [CMS-concurrent-mark: 0.001/0.001 secs] [Times: user=0.00 sys=0.00, real=0.00 secs] 
2014-07-10T09:59:19.159+0200: 105.303: [CMS-concurrent-preclean-start]
2014-07-10T09:59:19.160+0200: 105.303: [CMS-concurrent-preclean: 0.000/0.000 secs] [Times: user=0.00 sys=0.00, real=0.00 secs] 
2014-07-10T09:59:19.160+0200: 105.303: [CMS-concurrent-abortable-preclean-start]
2014-07-10T09:59:19.162+0200: 105.306: [GC (Allocation Failure) 105.306: [ParNew: 9747K->1059K(9792K), 0.0040146 secs] 24103K->19963K(31680K), 0.0041623 secs] [Times: user=0.00 sys=0.00, real=0.00 secs] 
2014-07-10T09:59:19.168+0200: 105.311: [CMS-concurrent-abortable-preclean: 0.001/0.008 secs] [Times: user=0.03 sys=0.00, real=0.01 secs] 
2014-07-10T09:59:19.168+0200: 105.311: [GC (CMS Final Remark) [YG occupancy: 3656 K (9792 K)]105.311: [Rescan (parallel) , 0.0001030 secs]105.311: [weak refs processing, 0.0000282 secs]105.312: [class unloading, 0.0005620 secs]105.312: [scrub symbol table, 0.0007816 secs]105.313: [scrub string table, 0.0002071 secs][1 CMS-remark: 18903K(21888K)] 22560K(31680K), 0.0018331 secs] [Times: user=0.00 sys=0.00, real=0.00 secs] 
2014-07-10T09:59:19.173+0200: 105.317: [CMS-concurrent-sweep-start]
2014-07-10T09:59:19.174+0200: 105.317: [CMS-concurrent-sweep: 0.000/0.000 secs] [Times: user=0.00 sys=0.00, real=0.00 secs] 
2014-07-10T09:59:19.174+0200: 105.317: [CMS-concurrent-reset-start]
2014-07-10T09:59:19.174+0200: 105.317: [CMS-concurrent-reset: 0.000/0.000 secs] [Times: user=0.00 sys=0.00, real=0.00 secs] 
2014-07-10T09:59:19.193+0200: 105.337: [GC (Allocation Failure) 105.337: [ParNew: 9745K->1059K(9792K), 0.0047071 secs] 18881K->15222K(31680K), 0.0048593 secs] [Times: user=0.00 sys=0.00, real=0.00 secs] 
2014-07-10T09:59:19.198+0200: 105.342: [GC (CMS Initial Mark) [1 CMS-initial-mark: 14163K(21888K)] 15288K(31680K), 0.0001752 secs] [Times: user=0.00 sys=0.00, real=0.00 secs] 
2014-07-10T09:59:19.199+0200: 105.342: [CMS-concurrent-mark-start]
2014-07-10T09:59:19.199+0200: 105.343: [CMS-concurrent-mark: 0.001/0.001 secs] [Times: user=0.00 sys=0.00, real=0.00 secs] 
2014-07-10T09:59:19.199+0200: 105.343: [CMS-concurrent-preclean-start]
2014-07-10T09:59:19.199+0200: 105.343: [CMS-concurrent-preclean: 0.000/0.000 secs] [Times: user=0.00 sys=0.00, real=0.00 secs] 
2014-07-10T09:59:19.200+0200: 105.343: [CMS-concurrent-abortable-preclean-start]
2014-07-10T09:59:19.243+0200: 105.386: [GC (Allocation Failure) 105.386: [ParNew: 9745K->1059K(9792K), 0.0050712 secs] 23908K->20730K(31680K), 0.0052299 secs] [Times: user=0.03 sys=0.00, real=0.00 secs] 
2014-07-10T09:59:19.249+0200: 105.393: [CMS-concurrent-abortable-preclean: 0.001/0.050 secs] [Times: user=0.03 sys=0.00, real=0.05 secs] 
2014-07-10T09:59:19.249+0200: 105.393: [GC (CMS Final Remark) [YG occupancy: 4745 K (9792 K)]105.393: [Rescan (parallel) , 0.0001254 secs]105.393: [weak refs processing, 0.0000271 secs]105.393: [class unloading, 0.0005367 secs]105.394: [scrub symbol table, 0.0005862 secs]105.394: [scrub string table, 0.0001888 secs][1 CMS-remark: 19670K(21888K)] 24416K(31680K), 0.0015802 secs] [Times: user=0.00 sys=0.00, real=0.00 secs] 
2014-07-10T09:59:19.251+0200: 105.395: [CMS-concurrent-sweep-start]
2014-07-10T09:59:19.251+0200: 105.395: [CMS-concurrent-sweep: 0.000/0.000 secs] [Times: user=0.00 sys=0.00, real=0.00 secs] 
2014-07-10T09:59:19.251+0200: 105.395: [CMS-concurrent-reset-start]
2014-07-10T09:59:19.252+0200: 105.395: [CMS-concurrent-reset: 0.000/0.000 secs] [Times: user=0.00 sys=0.00, real=0.00 secs] 
2014-07-10T09:59:19.253+0200: 105.396: [GC (Allocation Failure) 105.396: [ParNew: 9745K->1059K(9792K), 0.0051830 secs] 20802K->18104K(31680K), 0.0052897 secs] [Times: user=0.00 sys=0.00, real=0.00 secs] 
2014-07-10T09:59:19.258+0200: 105.402: [GC (CMS Initial Mark) [1 CMS-initial-mark: 17044K(21888K)] 18170K(31680K), 0.0002229 secs] [Times: user=0.00 sys=0.00, real=0.00 secs] 
2014-07-10T09:59:19.259+0200: 105.402: [CMS-concurrent-mark-start]
2014-07-10T09:59:19.259+0200: 105.403: [CMS-concurrent-mark: 0.001/0.001 secs] [Times: user=0.00 sys=0.00, real=0.00 secs] 
2014-07-10T09:59:19.259+0200: 105.403: [CMS-concurrent-preclean-start]
2014-07-10T09:59:19.259+0200: 105.403: [CMS-concurrent-preclean: 0.000/0.000 secs] [Times: user=0.00 sys=0.00, real=0.00 secs] 
2014-07-10T09:59:19.259+0200: 105.403: [GC (CMS Final Remark) [YG occupancy: 2214 K (9792 K)]105.403: [Rescan (parallel) , 0.0000968 secs]105.403: [weak refs processing, 0.0000260 secs]105.403: [class unloading, 0.0004158 secs]105.404: [scrub symbol table, 0.0005811 secs]105.404: [scrub string table, 0.0002999 secs][1 CMS-remark: 17044K(21888K)] 19258K(31680K), 0.0015395 secs] [Times: user=0.01 sys=0.00, real=0.00 secs] 
2014-07-10T09:59:19.261+0200: 105.405: [CMS-concurrent-sweep-start]
2014-07-10T09:59:19.261+0200: 105.405: [CMS-concurrent-sweep: 0.000/0.000 secs] [Times: user=0.00 sys=0.00, real=0.00 secs] 
2014-07-10T09:59:19.261+0200: 105.405: [CMS-concurrent-reset-start]
2014-07-10T09:59:19.261+0200: 105.405: [CMS-concurrent-reset: 0.000/0.000 secs] [Times: user=0.00 sys=0.00, real=0.00 secs] 
2014-07-10T09:59:19.294+0200: 105.437: [GC (Allocation Failure) 105.437: [ParNew: 9745K->1059K(9792K), 0.0197963 secs] 16255K->14037K(31680K), 0.0199305 secs] [Times: user=0.01 sys=0.00, real=0.02 secs] 
2014-07-10T09:59:19.314+0200: 105.458: [GC (CMS Initial Mark) [1 CMS-initial-mark: 12977K(21888K)] 14711K(31680K), 0.0002071 secs] [Times: user=0.00 sys=0.00, real=0.00 secs] 
2014-07-10T09:59:19.314+0200: 105.458: [CMS-concurrent-mark-start]
2014-07-10T09:59:19.315+0200: 105.459: [CMS-concurrent-mark: 0.001/0.001 secs] [Times: user=0.00 sys=0.00, real=0.00 secs] 
2014-07-10T09:59:19.315+0200: 105.459: [CMS-concurrent-preclean-start]
2014-07-10T09:59:19.315+0200: 105.459: [CMS-concurrent-preclean: 0.000/0.000 secs] [Times: user=0.00 sys=0.00, real=0.00 secs] 
2014-07-10T09:59:19.315+0200: 105.459: [GC (CMS Final Remark) [YG occupancy: 1733 K (9792 K)]105.459: [Rescan (parallel) , 0.0123971 secs]105.471: [weak refs processing, 0.0000326 secs]105.471: [class unloading, 0.0005562 secs]105.472: [scrub symbol table, 0.0006317 secs]105.473: [scrub string table, 0.0001848 secs][1 CMS-remark: 12977K(21888K)] 14711K(31680K), 0.0139699 secs] [Times: user=0.02 sys=0.00, real=0.01 secs] 
2014-07-10T09:59:19.329+0200: 105.473: [CMS-concurrent-sweep-start]
2014-07-10T09:59:19.330+0200: 105.473: [CMS-concurrent-sweep: 0.000/0.000 secs] [Times: user=0.00 sys=0.00, real=0.00 secs] 
2014-07-10T09:59:19.330+0200: 105.473: [CMS-concurrent-reset-start]
2014-07-10T09:59:19.330+0200: 105.473: [CMS-concurrent-reset: 0.000/0.000 secs] [Times: user=0.00 sys=0.00, real=0.00 secs] 
2014-07-10T09:59:19.344+0200: 105.488: [GC (Allocation Failure) 105.488: [ParNew: 9745K->1059K(9792K), 0.0070627 secs] 10267K->8529K(31680K), 0.0072530 secs] [Times: user=0.00 sys=0.00, real=0.01 secs] 
2014-07-10T09:59:19.355+0200: 105.498: [GC (CMS Initial Mark) [1 CMS-initial-mark: 7469K(21888K)] 8595K(31680K), 0.0001892 secs] [Times: user=0.00 sys=0.00, real=0.00 secs] 
2014-07-10T09:59:19.355+0200: 105.499: [CMS-concurrent-mark-start]
2014-07-10T09:59:19.356+0200: 105.499: [CMS-concurrent-mark: 0.001/0.001 secs] [Times: user=0.00 sys=0.00, real=0.00 secs] 
2014-07-10T09:59:19.356+0200: 105.500: [CMS-concurrent-preclean-start]
2014-07-10T09:59:19.356+0200: 105.500: [CMS-concurrent-preclean: 0.000/0.000 secs] [Times: user=0.00 sys=0.00, real=0.00 secs] 
2014-07-10T09:59:19.356+0200: 105.500: [CMS-concurrent-abortable-preclean-start]
2014-07-10T09:59:19.359+0200: 105.502: [GC (Allocation Failure) 105.502: [ParNew: 9762K->305K(9792K), 0.0006559 secs] 17232K->7776K(31680K), 0.0007648 secs] [Times: user=0.00 sys=0.00, real=0.00 secs] 
2014-07-10T09:59:19.395+0200: 105.538: [GC (Allocation Failure) 105.538: [ParNew: 8986K->1062K(9792K), 0.0053832 secs] 16457K->14904K(31680K), 0.0055236 secs] [Times: user=0.00 sys=0.00, real=0.01 secs] 
2014-07-10T09:59:19.444+0200: 105.588: [GC (Allocation Failure) 105.588: [ParNew: 9748K->9748K(9792K), 0.0000587 secs]105.588: [CMS2014-07-10T09:59:19.444+0200: 105.588: [CMS-concurrent-abortable-preclean: 0.001/0.088 secs] [Times: user=0.00 sys=0.00, real=0.09 secs] 
 (concurrent mode failure): 13841K->8427K(21888K), 0.0087627 secs] 23590K->8427K(31680K), [Metaspace: 2457K->2457K(1056768K)], 0.0090036 secs] [Times: user=0.02 sys=0.00, real=0.01 secs] 
2014-07-10T09:59:19.491+0200: 105.634: [GC (Allocation Failure) 105.635: [ParNew: 8688K->197K(9792K), 0.0008073 secs] 17115K->8624K(31680K), 0.0008836 secs] [Times: user=0.00 sys=0.00, real=0.00 secs] 
2014-07-10T09:59:19.541+0200: 105.684: [GC (Allocation Failure) 105.685: [ParNew: 8883K->677K(9792K), 0.0005210 secs] 17310K->9104K(31680K), 0.0005961 secs] [Times: user=0.00 sys=0.00, real=0.00 secs] 
2014-07-10T09:59:19.545+0200: 105.689: [GC (Allocation Failure) 105.689: [ParNew: 9363K->1059K(9792K), 0.0011354 secs] 17790K->9590K(31680K), 0.0012476 secs] [Times: user=0.00 sys=0.00, real=0.00 secs] 
2014-07-10T09:59:19.592+0200: 105.736: [GC (Allocation Failure) 105.736: [ParNew: 9745K->1059K(9792K), 0.0018936 secs] 18276K->10167K(31680K), 0.0021070 secs] [Times: user=0.00 sys=0.00, real=0.00 secs] 
2014-07-10T09:59:19.643+0200: 105.787: [GC (Allocation Failure) 105.787: [ParNew: 9751K->1061K(9792K), 0.0015780 secs] 18859K->10202K(31680K), 0.0017715 secs] [Times: user=0.00 sys=0.00, real=0.00 secs] 
2014-07-10T09:59:19.652+0200: 105.796: [GC (Allocation Failure) 105.796: [ParNew: 9747K->1059K(9792K), 0.0024876 secs] 18888K->10714K(31680K), 0.0027163 secs] [Times: user=0.00 sys=0.00, real=0.00 secs] 
2014-07-10T09:59:19.692+0200: 105.835: [GC (Allocation Failure) 105.835: [ParNew: 9745K->1059K(9792K), 0.0013287 secs] 19400K->11708K(31680K), 0.0014562 secs] [Times: user=0.00 sys=0.00, real=0.00 secs] 
2014-07-10T09:59:19.742+0200: 105.886: [GC (Allocation Failure) 105.886: [ParNew: 9745K->1059K(9792K), 0.0026676 secs] 20394K->13181K(31680K), 0.0028960 secs] [Times: user=0.02 sys=0.00, real=0.00 secs] 
2014-07-10T09:59:19.754+0200: 105.898: [GC (Allocation Failure) 105.898: [ParNew: 9745K->1059K(9792K), 0.0035607 secs] 21868K->15135K(31680K), 0.0037902 secs] [Times: user=0.00 sys=0.00, real=0.00 secs] 
2014-07-10T09:59:19.792+0200: 105.936: [GC (Allocation Failure) 105.936: [ParNew: 9745K->1059K(9792K), 0.0022822 secs] 23822K->17570K(31680K), 0.0024326 secs] [Times: user=0.00 sys=0.00, real=0.00 secs] 
2014-07-10T09:59:19.795+0200: 105.939: [GC (CMS Initial Mark) [1 CMS-initial-mark: 16510K(21888K)] 17636K(31680K), 0.0002522 secs] [Times: user=0.00 sys=0.00, real=0.00 secs] 
2014-07-10T09:59:19.795+0200: 105.939: [CMS-concurrent-mark-start]
2014-07-10T09:59:19.797+0200: 105.940: [CMS-concurrent-mark: 0.001/0.001 secs] [Times: user=0.00 sys=0.00, real=0.00 secs] 
2014-07-10T09:59:19.797+0200: 105.940: [CMS-concurrent-preclean-start]
2014-07-10T09:59:19.797+0200: 105.940: [CMS-concurrent-preclean: 0.000/0.000 secs] [Times: user=0.00 sys=0.00, real=0.00 secs] 
2014-07-10T09:59:19.797+0200: 105.940: [CMS-concurrent-abortable-preclean-start]
2014-07-10T09:59:19.842+0200: 105.985: [GC (Allocation Failure) 105.985: [ParNew: 9745K->1059K(9792K), 0.0025403 secs] 26256K->20484K(31680K), 0.0026690 secs] [Times: user=0.00 sys=0.00, real=0.00 secs] 
2014-07-10T09:59:19.845+0200: 105.989: [CMS-concurrent-abortable-preclean: 0.001/0.049 secs] [Times: user=0.00 sys=0.00, real=0.05 secs] 
2014-07-10T09:59:19.846+0200: 105.989: [GC (CMS Final Remark) [YG occupancy: 3078 K (9792 K)]105.989: [Rescan (parallel) , 0.0001214 secs]105.989: [weak refs processing, 0.0000260 secs]105.989: [class unloading, 0.0005056 secs]105.990: [scrub symbol table, 0.0005694 secs]105.990: [scrub string table, 0.0001767 secs][1 CMS-remark: 19425K(21888K)] 22503K(31680K), 0.0015142 secs] [Times: user=0.00 sys=0.00, real=0.00 secs] 
2014-07-10T09:59:19.847+0200: 105.991: [CMS-concurrent-sweep-start]
2014-07-10T09:59:19.848+0200: 105.991: [CMS-concurrent-sweep: 0.000/0.000 secs] [Times: user=0.00 sys=0.00, real=0.00 secs] 
2014-07-10T09:59:19.848+0200: 105.991: [CMS-concurrent-reset-start]
2014-07-10T09:59:19.848+0200: 105.991: [CMS-concurrent-reset: 0.000/0.000 secs] [Times: user=0.00 sys=0.00, real=0.00 secs] 
2014-07-10T09:59:19.850+0200: 105.993: [GC (Allocation Failure) 105.993: [ParNew: 9745K->1059K(9792K), 0.0034261 secs] 15615K->10324K(31680K), 0.0035695 secs] [Times: user=0.00 sys=0.00, real=0.00 secs] 
2014-07-10T09:59:19.891+0200: 106.035: [GC (Allocation Failure) 106.035: [ParNew: 9734K->1061K(9792K), 0.0012748 secs] 18999K->11992K(31680K), 0.0013880 secs] [Times: user=0.00 sys=0.00, real=0.00 secs] 
2014-07-10T09:59:19.943+0200: 106.087: [GC (Allocation Failure) 106.087: [ParNew: 9747K->1059K(9792K), 0.0035244 secs] 20678K->14138K(31680K), 0.0037964 secs] [Times: user=0.00 sys=0.00, real=0.00 secs] 
2014-07-10T09:59:19.954+0200: 106.098: [GC (Allocation Failure) 106.098: [ParNew: 9745K->1059K(9792K), 0.0047621 secs] 22824K->16764K(31680K), 0.0050202 secs] [Times: user=0.00 sys=0.00, real=0.01 secs] 
2014-07-10T09:59:19.960+0200: 106.103: [GC (CMS Initial Mark) [1 CMS-initial-mark: 15705K(21888K)] 16797K(31680K), 0.0004264 secs] [Times: user=0.00 sys=0.00, real=0.00 secs] 
2014-07-10T09:59:19.960+0200: 106.104: [CMS-concurrent-mark-start]
2014-07-10T09:59:19.963+0200: 106.107: [CMS-concurrent-mark: 0.003/0.003 secs] [Times: user=0.03 sys=0.00, real=0.00 secs] 
2014-07-10T09:59:19.963+0200: 106.107: [CMS-concurrent-preclean-start]
2014-07-10T09:59:19.963+0200: 106.107: [CMS-concurrent-preclean: 0.000/0.000 secs] [Times: user=0.00 sys=0.00, real=0.00 secs] 
2014-07-10T09:59:19.964+0200: 106.107: [CMS-concurrent-abortable-preclean-start]
2014-07-10T09:59:19.992+0200: 106.136: [GC (Allocation Failure) 106.136: [ParNew: 9745K->1059K(9792K), 0.0029671 secs] 25451K->19871K(31680K), 0.0031244 secs] [Times: user=0.03 sys=0.00, real=0.00 secs] 
2014-07-10T09:59:19.996+0200: 106.140: [CMS-concurrent-abortable-preclean: 0.001/0.033 secs] [Times: user=0.03 sys=0.00, real=0.03 secs] 
2014-07-10T09:59:19.996+0200: 106.140: [GC (CMS Final Remark) [YG occupancy: 3560 K (9792 K)]106.140: [Rescan (parallel) , 0.0001576 secs]106.140: [weak refs processing, 0.0000367 secs]106.140: [class unloading, 0.0006251 secs]106.141: [scrub symbol table, 0.0007527 secs]106.142: [scrub string table, 0.0002361 secs][1 CMS-remark: 18812K(21888K)] 22372K(31680K), 0.0019875 secs] [Times: user=0.00 sys=0.00, real=0.00 secs] 
2014-07-10T09:59:19.999+0200: 106.142: [CMS-concurrent-sweep-start]
2014-07-10T09:59:19.999+0200: 106.143: [CMS-concurrent-sweep: 0.001/0.001 secs] [Times: user=0.00 sys=0.00, real=0.00 secs] 
2014-07-10T09:59:19.999+0200: 106.143: [CMS-concurrent-reset-start]
2014-07-10T09:59:19.999+0200: 106.143: [CMS-concurrent-reset: 0.000/0.000 secs] [Times: user=0.00 sys=0.00, real=0.00 secs] 
2014-07-10T09:59:20.044+0200: 106.187: [GC (Allocation Failure) 106.187: [ParNew: 9745K->1059K(9792K), 0.0058638 secs] 16000K->10901K(31680K), 0.0061223 secs] [Times: user=0.00 sys=0.00, real=0.01 secs] 
2014-07-10T09:59:20.057+0200: 106.200: [GC (Allocation Failure) 106.200: [ParNew: 9745K->1059K(9792K), 0.0070113 secs] 19587K->14968K(31680K), 0.0072995 secs] [Times: user=0.00 sys=0.00, real=0.01 secs] 
2014-07-10T09:59:20.064+0200: 106.208: [GC (CMS Initial Mark) [1 CMS-initial-mark: 13908K(21888K)] 15034K(31680K), 0.0003879 secs] [Times: user=0.00 sys=0.00, real=0.00 secs] 
2014-07-10T09:59:20.065+0200: 106.209: [CMS-concurrent-mark-start]
2014-07-10T09:59:20.067+0200: 106.211: [CMS-concurrent-mark: 0.002/0.002 secs] [Times: user=0.00 sys=0.00, real=0.00 secs] 
2014-07-10T09:59:20.067+0200: 106.211: [CMS-concurrent-preclean-start]
2014-07-10T09:59:20.068+0200: 106.211: [CMS-concurrent-preclean: 0.000/0.000 secs] [Times: user=0.00 sys=0.00, real=0.00 secs] 
2014-07-10T09:59:20.068+0200: 106.212: [CMS-concurrent-abortable-preclean-start]
2014-07-10T09:59:20.094+0200: 106.237: [GC (Allocation Failure) 106.238: [ParNew: 9745K->1059K(9792K), 0.0072841 secs] 23654K->19515K(31680K), 0.0075620 secs] [Times: user=0.00 sys=0.00, real=0.01 secs] 
2014-07-10T09:59:20.103+0200: 106.247: [CMS-concurrent-abortable-preclean: 0.001/0.035 secs] [Times: user=0.00 sys=0.00, real=0.03 secs] 
2014-07-10T09:59:20.105+0200: 106.249: [GC (CMS Final Remark) [YG occupancy: 4686 K (9792 K)]106.249: [Rescan (parallel) , 0.0003105 secs]106.249: [weak refs processing, 0.0000627 secs]106.249: [class unloading, 0.0013375 secs]106.250: [scrub symbol table, 0.0012931 secs]106.252: [scrub string table, 0.0004737 secs][1 CMS-remark: 18456K(21888K)] 23142K(31680K), 0.0038653 secs] [Times: user=0.00 sys=0.00, real=0.00 secs] 
2014-07-10T09:59:20.109+0200: 106.253: [CMS-concurrent-sweep-start]
2014-07-10T09:59:20.110+0200: 106.253: [CMS-concurrent-sweep: 0.001/0.001 secs] [Times: user=0.00 sys=0.00, real=0.00 secs] 
2014-07-10T09:59:20.110+0200: 106.254: [CMS-concurrent-reset-start]
2014-07-10T09:59:20.110+0200: 106.254: [CMS-concurrent-reset: 0.000/0.000 secs] [Times: user=0.00 sys=0.00, real=0.00 secs] 
2014-07-10T09:59:20.144+0200: 106.288: [GC (Allocation Failure) 106.288: [ParNew: 9751K->1061K(9792K), 0.0066216 secs] 18887K->14200K(31680K), 0.0069098 secs] [Times: user=0.03 sys=0.00, real=0.01 secs] 
2014-07-10T09:59:20.152+0200: 106.295: [GC (CMS Initial Mark) [1 CMS-initial-mark: 13139K(21888K)] 14298K(31680K), 0.0003853 secs] [Times: user=0.00 sys=0.00, real=0.00 secs] 
2014-07-10T09:59:20.152+0200: 106.296: [CMS-concurrent-mark-start]
2014-07-10T09:59:20.155+0200: 106.298: [CMS-concurrent-mark: 0.002/0.002 secs] [Times: user=0.00 sys=0.00, real=0.00 secs] 
2014-07-10T09:59:20.155+0200: 106.298: [CMS-concurrent-preclean-start]
2014-07-10T09:59:20.155+0200: 106.299: [CMS-concurrent-preclean: 0.000/0.000 secs] [Times: user=0.00 sys=0.00, real=0.00 secs] 
2014-07-10T09:59:20.155+0200: 106.299: [CMS-concurrent-abortable-preclean-start]
2014-07-10T09:59:20.159+0200: 106.303: [GC (Allocation Failure) 106.303: [ParNew: 9747K->1059K(9792K), 0.0069193 secs] 22887K->18682K(31680K), 0.0071807 secs] [Times: user=0.03 sys=0.00, real=0.01 secs] 
2014-07-10T09:59:20.192+0200: 106.336: [GC (Allocation Failure) 106.336: [ParNew: 9745K->9745K(9792K), 0.0000491 secs]106.336: [CMS2014-07-10T09:59:20.193+0200: 106.336: [CMS-concurrent-abortable-preclean: 0.002/0.037 secs] [Times: user=0.03 sys=0.00, real=0.04 secs] 
 (concurrent mode failure): 17623K->6538K(21888K), 0.0075954 secs] 27368K->6538K(31680K), [Metaspace: 2457K->2457K(1056768K)], 0.0078084 secs] [Times: user=0.01 sys=0.00, real=0.01 secs] 
2014-07-10T09:59:20.244+0200: 106.388: [GC (Allocation Failure) 106.388: [ParNew: 8686K->1059K(9792K), 0.0083147 secs] 15225K->13045K(31680K), 0.0086139 secs] [Times: user=0.00 sys=0.00, real=0.01 secs] 
2014-07-10T09:59:20.253+0200: 106.397: [GC (CMS Initial Mark) [1 CMS-initial-mark: 11985K(21888K)] 13111K(31680K), 0.0004319 secs] [Times: user=0.00 sys=0.00, real=0.00 secs] 
2014-07-10T09:59:20.254+0200: 106.398: [CMS-concurrent-mark-start]
2014-07-10T09:59:20.257+0200: 106.400: [CMS-concurrent-mark: 0.003/0.003 secs] [Times: user=0.00 sys=0.00, real=0.00 secs] 
2014-07-10T09:59:20.257+0200: 106.401: [CMS-concurrent-preclean-start]
2014-07-10T09:59:20.257+0200: 106.401: [CMS-concurrent-preclean: 0.000/0.000 secs] [Times: user=0.00 sys=0.00, real=0.00 secs] 
2014-07-10T09:59:20.257+0200: 106.401: [CMS-concurrent-abortable-preclean-start]
2014-07-10T09:59:20.261+0200: 106.405: [GC (Allocation Failure) 106.405: [ParNew: 9745K->1059K(9792K), 0.0075452 secs] 21731K->18969K(31680K), 0.0080328 secs] [Times: user=0.00 sys=0.00, real=0.01 secs] 
2014-07-10T09:59:20.315+0200: 106.458: [GC (Allocation Failure) 106.458: [ParNew: 9745K->9745K(9792K), 0.0000469 secs]106.458: [CMS2014-07-10T09:59:20.315+0200: 106.459: [CMS-concurrent-abortable-preclean: 0.001/0.058 secs] [Times: user=0.02 sys=0.00, real=0.06 secs] 
 (concurrent mode failure): 17909K->7979K(21888K), 0.0085160 secs] 27655K->7979K(31680K), [Metaspace: 2457K->2457K(1056768K)], 0.0087345 secs] [Times: user=0.02 sys=0.00, real=0.01 secs] 
2014-07-10T09:59:20.344+0200: 106.488: [GC (Allocation Failure) 106.488: [ParNew: 8686K->1059K(9792K), 0.0068482 secs] 16665K->15924K(31680K), 0.0070011 secs] [Times: user=0.00 sys=0.00, real=0.01 secs] 
2014-07-10T09:59:20.355+0200: 106.499: [GC (Allocation Failure) 106.499: [ParNew: 9756K->9756K(9792K), 0.0000499 secs]106.499: [CMS: 14865K->751K(21888K), 0.0035203 secs] 24621K->751K(31680K), [Metaspace: 2457K->2457K(1056768K)], 0.0037084 secs] [Times: user=0.00 sys=0.00, real=0.00 secs] 
2014-07-10T09:59:20.434+0200: 106.578: [GC (Allocation Failure) 106.578: [ParNew: 8687K->1059K(9792K), 0.0181036 secs] 9439K->8120K(31680K), 0.0182598 secs] [Times: user=0.02 sys=0.00, real=0.02 secs] 
2014-07-10T09:59:20.453+0200: 106.597: [GC (CMS Initial Mark) [1 CMS-initial-mark: 7061K(21888K)] 8152K(31680K), 0.0001848 secs] [Times: user=0.00 sys=0.00, real=0.00 secs] 
2014-07-10T09:59:20.453+0200: 106.597: [CMS-concurrent-mark-start]
2014-07-10T09:59:20.454+0200: 106.598: [CMS-concurrent-mark: 0.001/0.001 secs] [Times: user=0.00 sys=0.00, real=0.00 secs] 
2014-07-10T09:59:20.454+0200: 106.598: [CMS-concurrent-preclean-start]
2014-07-10T09:59:20.454+0200: 106.598: [CMS-concurrent-preclean: 0.000/0.000 secs] [Times: user=0.00 sys=0.00, real=0.00 secs] 
2014-07-10T09:59:20.454+0200: 106.598: [CMS-concurrent-abortable-preclean-start]
2014-07-10T09:59:20.457+0200: 106.601: [GC (Allocation Failure) 106.601: [ParNew: 9745K->1059K(9792K), 0.0056094 secs] 16806K->14911K(31680K), 0.0058084 secs] [Times: user=0.03 sys=0.00, real=0.01 secs] 
2014-07-10T09:59:20.491+0200: 106.634: [GC (Allocation Failure) 106.634: [ParNew: 9747K->9747K(9792K), 0.0000414 secs]106.634: [CMS2014-07-10T09:59:20.491+0200: 106.635: [CMS-concurrent-abortable-preclean: 0.001/0.037 secs] [Times: user=0.03 sys=0.00, real=0.04 secs] 
 (concurrent mode failure): 13852K->648K(21888K), 0.0030298 secs] 23599K->648K(31680K), [Metaspace: 2457K->2457K(1056768K)], 0.0031838 secs] [Times: user=0.02 sys=0.00, real=0.00 secs] 
2014-07-10T09:59:20.541+0200: 106.684: [GC (Allocation Failure) 106.685: [ParNew: 8686K->611K(9792K), 0.0005063 secs] 9334K->1259K(31680K), 0.0006390 secs] [Times: user=0.00 sys=0.00, real=0.00 secs] 
2014-07-10T09:59:20.545+0200: 106.688: [GC (Allocation Failure) 106.688: [ParNew: 9297K->1059K(9792K), 0.0011259 secs] 9945K->1744K(31680K), 0.0012352 secs] [Times: user=0.00 sys=0.00, real=0.00 secs] 
2014-07-10T09:59:20.591+0200: 106.735: [GC (Allocation Failure) 106.735: [ParNew: 9745K->1059K(9792K), 0.0008333 secs] 10430K->2258K(31680K), 0.0009180 secs] [Times: user=0.00 sys=0.00, real=0.00 secs] 
2014-07-10T09:59:20.642+0200: 106.786: [GC (Allocation Failure) 106.786: [ParNew: 9757K->517K(9792K), 0.0012498 secs] 10955K->1716K(31680K), 0.0014621 secs] [Times: user=0.00 sys=0.00, real=0.00 secs] 
2014-07-10T09:59:20.650+0200: 106.794: [GC (Allocation Failure) 106.794: [ParNew: 9203K->997K(9792K), 0.0019600 secs] 10403K->2197K(31680K), 0.0022514 secs] [Times: user=0.00 sys=0.00, real=0.00 secs] 
2014-07-10T09:59:20.692+0200: 106.835: [GC (Allocation Failure) 106.836: [ParNew: 9683K->1059K(9792K), 0.0018254 secs] 10883K->2678K(31680K), 0.0020245 secs] [Times: user=0.00 sys=0.00, real=0.00 secs] 
2014-07-10T09:59:20.742+0200: 106.886: [GC (Allocation Failure) 106.886: [ParNew: 9745K->1059K(9792K), 0.0021895 secs] 11364K->3576K(31680K), 0.0024084 secs] [Times: user=0.03 sys=0.00, real=0.00 secs] 
2014-07-10T09:59:20.752+0200: 106.896: [GC (Allocation Failure) 106.896: [ParNew: 9745K->1059K(9792K), 0.0031702 secs] 12262K->4953K(31680K), 0.0033810 secs] [Times: user=0.00 sys=0.00, real=0.00 secs] 
2014-07-10T09:59:20.792+0200: 106.936: [GC (Allocation Failure) 106.936: [ParNew: 9745K->1059K(9792K), 0.0031537 secs] 13640K->6811K(31680K), 0.0034214 secs] [Times: user=0.00 sys=0.00, real=0.00 secs] 
2014-07-10T09:59:20.842+0200: 106.986: [GC (Allocation Failure) 106.986: [ParNew: 9745K->1059K(9792K), 0.0020645 secs] 15498K->9150K(31680K), 0.0022155 secs] [Times: user=0.00 sys=0.00, real=0.00 secs] 
2014-07-10T09:59:20.848+0200: 106.992: [GC (Allocation Failure) 106.992: [ParNew: 9757K->1061K(9792K), 0.0026283 secs] 17847K->11330K(31680K), 0.0028175 secs] [Times: user=0.00 sys=0.00, real=0.00 secs] 
2014-07-10T09:59:20.892+0200: 107.035: [GC (Allocation Failure) 107.035: [ParNew: 9753K->1059K(9792K), 0.0015926 secs] 20021K->12963K(31680K), 0.0017323 secs] [Times: user=0.00 sys=0.00, real=0.00 secs] 
2014-07-10T09:59:20.943+0200: 107.087: [GC (Allocation Failure) 107.087: [ParNew: 9745K->1059K(9792K), 0.0037935 secs] 21649K->15077K(31680K), 0.0041003 secs] [Times: user=0.01 sys=0.00, real=0.00 secs] 
2014-07-10T09:59:20.958+0200: 107.101: [GC (Allocation Failure) 107.101: [ParNew: 9745K->1059K(9792K), 0.0025634 secs] 23764K->17672K(31680K), 0.0027739 secs] [Times: user=0.00 sys=0.00, real=0.00 secs] 
2014-07-10T09:59:20.961+0200: 107.105: [GC (CMS Initial Mark) [1 CMS-initial-mark: 16612K(21888K)] 17738K(31680K), 0.0001976 secs] [Times: user=0.00 sys=0.00, real=0.00 secs] 
2014-07-10T09:59:20.961+0200: 107.105: [CMS-concurrent-mark-start]
2014-07-10T09:59:20.962+0200: 107.106: [CMS-concurrent-mark: 0.001/0.001 secs] [Times: user=0.00 sys=0.00, real=0.00 secs] 
2014-07-10T09:59:20.962+0200: 107.106: [CMS-concurrent-preclean-start]
2014-07-10T09:59:20.962+0200: 107.106: [CMS-concurrent-preclean: 0.000/0.000 secs] [Times: user=0.00 sys=0.00, real=0.00 secs] 
2014-07-10T09:59:20.963+0200: 107.106: [CMS-concurrent-abortable-preclean-start]
2014-07-10T09:59:20.992+0200: 107.136: [GC (Allocation Failure) 107.136: [ParNew: 9745K->1059K(9792K), 0.0029997 secs] 26358K->20746K(31680K), 0.0031577 secs] [Times: user=0.03 sys=0.00, real=0.00 secs] 
2014-07-10T09:59:20.996+0200: 107.140: [CMS-concurrent-abortable-preclean: 0.001/0.034 secs] [Times: user=0.03 sys=0.00, real=0.03 secs] 
2014-07-10T09:59:20.996+0200: 107.140: [GC (CMS Final Remark) [YG occupancy: 3752 K (9792 K)]107.140: [Rescan (parallel) , 0.0001452 secs]107.140: [weak refs processing, 0.0000312 secs]107.140: [class unloading, 0.0005536 secs]107.141: [scrub symbol table, 0.0006438 secs]107.142: [scrub string table, 0.0001961 secs][1 CMS-remark: 19687K(21888K)] 23440K(31680K), 0.0017191 secs] [Times: user=0.00 sys=0.00, real=0.00 secs] 
2014-07-10T09:59:20.998+0200: 107.142: [CMS-concurrent-sweep-start]
2014-07-10T09:59:20.999+0200: 107.142: [CMS-concurrent-sweep: 0.001/0.001 secs] [Times: user=0.00 sys=0.00, real=0.00 secs] 
2014-07-10T09:59:20.999+0200: 107.143: [CMS-concurrent-reset-start]
2014-07-10T09:59:20.999+0200: 107.143: [CMS-concurrent-reset: 0.000/0.000 secs] [Times: user=0.00 sys=0.00, real=0.00 secs] 
2014-07-10T09:59:21.042+0200: 107.186: [GC (Allocation Failure) 107.186: [ParNew: 9745K->1059K(9792K), 0.0034943 secs] 15937K->10805K(31680K), 0.0036296 secs] [Times: user=0.00 sys=0.00, real=0.00 secs] 
2014-07-10T09:59:21.049+0200: 107.193: [GC (Allocation Failure) 107.193: [ParNew: 9745K->1059K(9792K), 0.0041143 secs] 19491K->14840K(31680K), 0.0042675 secs] [Times: user=0.00 sys=0.00, real=0.00 secs] 
2014-07-10T09:59:21.054+0200: 107.198: [GC (CMS Initial Mark) [1 CMS-initial-mark: 13781K(21888K)] 14906K(31680K), 0.0002251 secs] [Times: user=0.00 sys=0.00, real=0.00 secs] 
2014-07-10T09:59:21.054+0200: 107.198: [CMS-concurrent-mark-start]
2014-07-10T09:59:21.055+0200: 107.199: [CMS-concurrent-mark: 0.001/0.001 secs] [Times: user=0.03 sys=0.00, real=0.00 secs] 
2014-07-10T09:59:21.055+0200: 107.199: [CMS-concurrent-preclean-start]
2014-07-10T09:59:21.055+0200: 107.199: [CMS-concurrent-preclean: 0.000/0.000 secs] [Times: user=0.00 sys=0.00, real=0.00 secs] 
2014-07-10T09:59:21.055+0200: 107.199: [CMS-concurrent-abortable-preclean-start]
2014-07-10T09:59:21.092+0200: 107.236: [GC (Allocation Failure) 107.236: [ParNew: 9751K->1059K(9792K), 0.0037700 secs] 23532K->18331K(31680K), 0.0039240 secs] [Times: user=0.00 sys=0.00, real=0.00 secs] 
2014-07-10T09:59:21.146+0200: 107.290: [GC (Allocation Failure) 107.290: [ParNew: 9745K->1059K(9792K), 0.0061666 secs] 27017K->22303K(31680K), 0.0064673 secs] [Times: user=0.03 sys=0.00, real=0.01 secs] 
2014-07-10T09:59:21.153+0200: 107.296: [CMS-concurrent-abortable-preclean: 0.001/0.097 secs] [Times: user=0.03 sys=0.00, real=0.10 secs] 
2014-07-10T09:59:21.153+0200: 107.297: [GC (CMS Final Remark) [YG occupancy: 1125 K (9792 K)]107.297: [Rescan (parallel) , 0.0003912 secs]107.298: [weak refs processing, 0.0000612 secs]107.298: [class unloading, 0.0010262 secs]107.299: [scrub symbol table, 0.0013646 secs]107.300: [scrub string table, 0.0005459 secs][1 CMS-remark: 21243K(21888K)] 22369K(31680K), 0.0038184 secs] [Times: user=0.00 sys=0.00, real=0.00 secs] 
2014-07-10T09:59:21.157+0200: 107.301: [CMS-concurrent-sweep-start]
2014-07-10T09:59:21.158+0200: 107.302: [CMS-concurrent-sweep: 0.001/0.001 secs] [Times: user=0.00 sys=0.00, real=0.00 secs] 
2014-07-10T09:59:21.158+0200: 107.302: [CMS-concurrent-reset-start]
2014-07-10T09:59:21.159+0200: 107.302: [CMS-concurrent-reset: 0.000/0.000 secs] [Times: user=0.00 sys=0.00, real=0.00 secs] 
2014-07-10T09:59:21.167+0200: 107.310: [GC (Allocation Failure) 107.311: [ParNew: 9745K->1059K(9792K), 0.0040428 secs] 21765K->17530K(31680K), 0.0042672 secs] [Times: user=0.00 sys=0.00, real=0.00 secs] 
2014-07-10T09:59:21.172+0200: 107.316: [GC (CMS Initial Mark) [1 CMS-initial-mark: 16471K(21888K)] 17596K(31680K), 0.0002042 secs] [Times: user=0.00 sys=0.00, real=0.00 secs] 
2014-07-10T09:59:21.172+0200: 107.316: [CMS-concurrent-mark-start]
2014-07-10T09:59:21.173+0200: 107.317: [CMS-concurrent-mark: 0.001/0.001 secs] [Times: user=0.00 sys=0.00, real=0.00 secs] 
2014-07-10T09:59:21.173+0200: 107.317: [CMS-concurrent-preclean-start]
2014-07-10T09:59:21.173+0200: 107.317: [CMS-concurrent-preclean: 0.000/0.000 secs] [Times: user=0.00 sys=0.00, real=0.00 secs] 
2014-07-10T09:59:21.173+0200: 107.317: [CMS-concurrent-abortable-preclean-start]
2014-07-10T09:59:21.192+0200: 107.336: [GC (Allocation Failure) 107.336: [ParNew: 9745K->1059K(9792K), 0.0047815 secs] 26216K->22462K(31680K), 0.0049461 secs] [Times: user=0.03 sys=0.00, real=0.01 secs] 
2014-07-10T09:59:21.197+0200: 107.341: [CMS-concurrent-abortable-preclean: 0.000/0.024 secs] [Times: user=0.03 sys=0.00, real=0.02 secs] 
2014-07-10T09:59:21.198+0200: 107.342: [GC (CMS Final Remark) [YG occupancy: 1413 K (9792 K)]107.342: [Rescan (parallel) , 0.0001551 secs]107.342: [weak refs processing, 0.0000275 secs]107.342: [class unloading, 0.0005056 secs]107.343: [scrub symbol table, 0.0006636 secs]107.344: [scrub string table, 0.0001815 secs][1 CMS-remark: 21402K(21888K)] 22816K(31680K), 0.0016773 secs] [Times: user=0.00 sys=0.00, real=0.00 secs] 
2014-07-10T09:59:21.201+0200: 107.345: [CMS-concurrent-sweep-start]
2014-07-10T09:59:21.201+0200: 107.345: [CMS-concurrent-sweep: 0.000/0.000 secs] [Times: user=0.00 sys=0.00, real=0.00 secs] 
2014-07-10T09:59:21.201+0200: 107.345: [CMS-concurrent-reset-start]
2014-07-10T09:59:21.201+0200: 107.345: [CMS-concurrent-reset: 0.000/0.000 secs] [Times: user=0.00 sys=0.00, real=0.00 secs] 
2014-07-10T09:59:21.242+0200: 107.386: [GC (Allocation Failure) 107.386: [ParNew: 9745K->1059K(9792K), 0.0051291 secs] 19650K->16376K(31680K), 0.0052812 secs] [Times: user=0.00 sys=0.00, real=0.01 secs] 
2014-07-10T09:59:21.248+0200: 107.392: [GC (CMS Initial Mark) [1 CMS-initial-mark: 15316K(21888K)] 16442K(31680K), 0.0002108 secs] [Times: user=0.00 sys=0.00, real=0.00 secs] 
2014-07-10T09:59:21.248+0200: 107.392: [CMS-concurrent-mark-start]
2014-07-10T09:59:21.249+0200: 107.393: [CMS-concurrent-mark: 0.001/0.001 secs] [Times: user=0.00 sys=0.00, real=0.00 secs] 
2014-07-10T09:59:21.249+0200: 107.393: [CMS-concurrent-preclean-start]
2014-07-10T09:59:21.249+0200: 107.393: [CMS-concurrent-preclean: 0.000/0.000 secs] [Times: user=0.00 sys=0.00, real=0.00 secs] 
2014-07-10T09:59:21.249+0200: 107.393: [CMS-concurrent-abortable-preclean-start]
2014-07-10T09:59:21.252+0200: 107.395: [GC (Allocation Failure) 107.395: [ParNew: 9745K->1059K(9792K), 0.0053509 secs] 25062K->22268K(31680K), 0.0054935 secs] [Times: user=0.00 sys=0.00, real=0.00 secs] 
2014-07-10T09:59:21.257+0200: 107.401: [CMS-concurrent-abortable-preclean: 0.000/0.008 secs] [Times: user=0.00 sys=0.00, real=0.01 secs] 
2014-07-10T09:59:21.257+0200: 107.401: [GC (CMS Final Remark) [YG occupancy: 1221 K (9792 K)]107.401: [Rescan (parallel) , 0.0003296 secs]107.401: [weak refs processing, 0.0000326 secs]107.401: [class unloading, 0.0004561 secs]107.402: [scrub symbol table, 0.0005569 secs]107.402: [scrub string table, 0.0001609 secs][1 CMS-remark: 21208K(21888K)] 22430K(31680K), 0.0016564 secs] [Times: user=0.03 sys=0.00, real=0.00 secs] 
2014-07-10T09:59:21.259+0200: 107.403: [CMS-concurrent-sweep-start]
2014-07-10T09:59:21.259+0200: 107.403: [CMS-concurrent-sweep: 0.000/0.000 secs] [Times: user=0.00 sys=0.00, real=0.00 secs] 
2014-07-10T09:59:21.259+0200: 107.403: [CMS-concurrent-reset-start]
2014-07-10T09:59:21.260+0200: 107.403: [CMS-concurrent-reset: 0.000/0.000 secs] [Times: user=0.00 sys=0.00, real=0.00 secs] 
2014-07-10T09:59:21.294+0200: 107.437: [GC (Allocation Failure) 107.438: [ParNew: 9745K->1059K(9792K), 0.0065611 secs] 21571K->19257K(31680K), 0.0066986 secs] [Times: user=0.00 sys=0.00, real=0.01 secs] 
2014-07-10T09:59:21.301+0200: 107.445: [GC (CMS Initial Mark) [1 CMS-initial-mark: 18198K(21888K)] 20028K(31680K), 0.0002024 secs] [Times: user=0.00 sys=0.00, real=0.00 secs] 
2014-07-10T09:59:21.301+0200: 107.445: [CMS-concurrent-mark-start]
2014-07-10T09:59:21.302+0200: 107.446: [CMS-concurrent-mark: 0.001/0.001 secs] [Times: user=0.00 sys=0.00, real=0.00 secs] 
2014-07-10T09:59:21.302+0200: 107.446: [CMS-concurrent-preclean-start]
2014-07-10T09:59:21.302+0200: 107.446: [CMS-concurrent-preclean: 0.000/0.000 secs] [Times: user=0.00 sys=0.00, real=0.00 secs] 
2014-07-10T09:59:21.302+0200: 107.446: [GC (CMS Final Remark) [YG occupancy: 1829 K (9792 K)]107.446: [Rescan (parallel) , 0.0122999 secs]107.458: [weak refs processing, 0.0000326 secs]107.458: [class unloading, 0.0005877 secs]107.459: [scrub symbol table, 0.0007421 secs]107.460: [scrub string table, 0.0001844 secs][1 CMS-remark: 18198K(21888K)] 20028K(31680K), 0.0140135 secs] [Times: user=0.02 sys=0.00, real=0.01 secs] 
2014-07-10T09:59:21.316+0200: 107.460: [CMS-concurrent-sweep-start]
2014-07-10T09:59:21.317+0200: 107.460: [CMS-concurrent-sweep: 0.000/0.000 secs] [Times: user=0.00 sys=0.00, real=0.00 secs] 
2014-07-10T09:59:21.317+0200: 107.460: [CMS-concurrent-reset-start]
2014-07-10T09:59:21.317+0200: 107.461: [CMS-concurrent-reset: 0.000/0.000 secs] [Times: user=0.00 sys=0.00, real=0.00 secs] 
2014-07-10T09:59:21.344+0200: 107.488: [GC (Allocation Failure) 107.488: [ParNew: 9745K->1059K(9792K), 0.0116583 secs] 10268K->8434K(31680K), 0.0118094 secs] [Times: user=0.02 sys=0.00, real=0.01 secs] 
2014-07-10T09:59:21.360+0200: 107.504: [GC (Allocation Failure) 107.504: [ParNew: 9760K->207K(9792K), 0.0129034 secs] 17135K->7583K(31680K), 0.0130357 secs] [Times: user=0.02 sys=0.00, real=0.01 secs] 
2014-07-10T09:59:21.374+0200: 107.518: [GC (CMS Initial Mark) [1 CMS-initial-mark: 7375K(21888K)] 9444K(31680K), 0.0002273 secs] [Times: user=0.00 sys=0.00, real=0.00 secs] 
2014-07-10T09:59:21.374+0200: 107.518: [CMS-concurrent-mark-start]
2014-07-10T09:59:21.375+0200: 107.519: [CMS-concurrent-mark: 0.001/0.001 secs] [Times: user=0.00 sys=0.00, real=0.00 secs] 
2014-07-10T09:59:21.375+0200: 107.519: [CMS-concurrent-preclean-start]
2014-07-10T09:59:21.375+0200: 107.519: [CMS-concurrent-preclean: 0.000/0.000 secs] [Times: user=0.00 sys=0.00, real=0.00 secs] 
2014-07-10T09:59:21.378+0200: 107.521: [GC (CMS Final Remark) [YG occupancy: 2068 K (9792 K)]107.521: [Rescan (parallel) , 0.0001287 secs]107.521: [weak refs processing, 0.0000301 secs]107.522: [class unloading, 0.0004418 secs]107.522: [scrub symbol table, 0.0005921 secs]107.523: [scrub string table, 0.0002874 secs][1 CMS-remark: 7375K(21888K)] 9444K(31680K), 0.0016278 secs] [Times: user=0.00 sys=0.00, real=0.00 secs] 
2014-07-10T09:59:21.379+0200: 107.523: [CMS-concurrent-sweep-start]
2014-07-10T09:59:21.380+0200: 107.523: [CMS-concurrent-sweep: 0.000/0.000 secs] [Times: user=0.00 sys=0.00, real=0.00 secs] 
2014-07-10T09:59:21.380+0200: 107.523: [CMS-concurrent-reset-start]
2014-07-10T09:59:21.380+0200: 107.523: [CMS-concurrent-reset: 0.000/0.000 secs] [Times: user=0.00 sys=0.00, real=0.00 secs] 
2014-07-10T09:59:21.394+0200: 107.537: [GC (Allocation Failure) 107.538: [ParNew: 8895K->1062K(9792K), 0.0047188 secs] 9416K->7345K(31680K), 0.0048776 secs] [Times: user=0.03 sys=0.00, real=0.00 secs] 
2014-07-10T09:59:21.399+0200: 107.543: [GC (CMS Initial Mark) [1 CMS-initial-mark: 6283K(21888K)] 7377K(31680K), 0.0001873 secs] [Times: user=0.00 sys=0.00, real=0.00 secs] 
2014-07-10T09:59:21.399+0200: 107.543: [CMS-concurrent-mark-start]
2014-07-10T09:59:21.400+0200: 107.544: [CMS-concurrent-mark: 0.001/0.001 secs] [Times: user=0.00 sys=0.00, real=0.00 secs] 
2014-07-10T09:59:21.400+0200: 107.544: [CMS-concurrent-preclean-start]
2014-07-10T09:59:21.400+0200: 107.544: [CMS-concurrent-preclean: 0.000/0.000 secs] [Times: user=0.00 sys=0.00, real=0.00 secs] 
2014-07-10T09:59:21.400+0200: 107.544: [GC (CMS Final Remark) [YG occupancy: 2440 K (9792 K)]107.544: [Rescan (parallel) , 0.0000865 secs]107.544: [weak refs processing, 0.0000282 secs]107.544: [class unloading, 0.0004880 secs]107.544: [scrub symbol table, 0.0005917 secs]107.545: [scrub string table, 0.0001760 secs][1 CMS-remark: 6283K(21888K)] 8724K(31680K), 0.0015123 secs] [Times: user=0.00 sys=0.00, real=0.00 secs] 
2014-07-10T09:59:21.402+0200: 107.545: [CMS-concurrent-sweep-start]
2014-07-10T09:59:21.402+0200: 107.546: [CMS-concurrent-sweep: 0.000/0.000 secs] [Times: user=0.00 sys=0.00, real=0.00 secs] 
2014-07-10T09:59:21.402+0200: 107.546: [CMS-concurrent-reset-start]
2014-07-10T09:59:21.402+0200: 107.546: [CMS-concurrent-reset: 0.000/0.000 secs] [Times: user=0.00 sys=0.00, real=0.00 secs] 
2014-07-10T09:59:21.444+0200: 107.588: [GC (Allocation Failure) 107.588: [ParNew: 9748K->1059K(9792K), 0.0186550 secs] 16031K->13590K(31680K), 0.0187987 secs] [Times: user=0.03 sys=0.00, real=0.02 secs] 
2014-07-10T09:59:21.467+0200: 107.611: [GC (CMS Initial Mark) [1 CMS-initial-mark: 12530K(21888K)] 22276K(31680K), 0.0003754 secs] [Times: user=0.00 sys=0.00, real=0.00 secs] 
2014-07-10T09:59:21.468+0200: 107.611: [CMS-concurrent-mark-start]
2014-07-10T09:59:21.468+0200: 107.612: [CMS-concurrent-mark: 0.001/0.001 secs] [Times: user=0.00 sys=0.00, real=0.00 secs] 
2014-07-10T09:59:21.468+0200: 107.612: [CMS-concurrent-preclean-start]
2014-07-10T09:59:21.468+0200: 107.612: [CMS-concurrent-preclean: 0.000/0.000 secs] [Times: user=0.00 sys=0.00, real=0.00 secs] 
2014-07-10T09:59:21.468+0200: 107.612: [CMS-concurrent-abortable-preclean-start]
2014-07-10T09:59:21.469+0200: 107.612: [GC (Allocation Failure) 107.612: [ParNew: 9745K->1059K(9792K), 0.0064233 secs] 22276K->20314K(31680K), 0.0065120 secs] [Times: user=0.00 sys=0.00, real=0.01 secs] 
2014-07-10T09:59:21.541+0200: 107.685: [GC (Allocation Failure) 107.685: [ParNew: 9747K->9747K(9792K), 0.0000425 secs]107.685: [CMS2014-07-10T09:59:21.541+0200: 107.685: [CMS-concurrent-abortable-preclean: 0.001/0.073 secs] [Times: user=0.00 sys=0.02, real=0.07 secs] 
 (concurrent mode failure): 19254K->584K(21888K), 0.0027009 secs] 29002K->584K(31680K), [Metaspace: 2457K->2457K(1056768K)], 0.0028542 secs] [Times: user=0.00 sys=0.00, real=0.00 secs] 
2014-07-10T09:59:21.547+0200: 107.691: [GC (Allocation Failure) 107.691: [ParNew: 8686K->547K(9792K), 0.0007842 secs] 9270K->1131K(31680K), 0.0008836 secs] [Times: user=0.00 sys=0.00, real=0.00 secs] 
2014-07-10T09:59:21.591+0200: 107.735: [GC (Allocation Failure) 107.735: [ParNew: 9233K->1027K(9792K), 0.0015446 secs] 9818K->1617K(31680K), 0.0017338 secs] [Times: user=0.00 sys=0.00, real=0.00 secs] 
2014-07-10T09:59:21.641+0200: 107.785: [GC (Allocation Failure) 107.785: [ParNew: 9719K->483K(9792K), 0.0018320 secs] 10308K->1074K(31680K), 0.0020282 secs] [Times: user=0.00 sys=0.00, real=0.00 secs] 
2014-07-10T09:59:21.649+0200: 107.793: [GC (Allocation Failure) 107.793: [ParNew: 9169K->965K(9792K), 0.0018661 secs] 9760K->1556K(31680K), 0.0020942 secs] [Times: user=0.00 sys=0.00, real=0.00 secs] 
2014-07-10T09:59:21.692+0200: 107.835: [GC (Allocation Failure) 107.836: [ParNew: 9651K->1059K(9792K), 0.0019241 secs] 10242K->2037K(31680K), 0.0021165 secs] [Times: user=0.00 sys=0.00, real=0.00 secs] 
2014-07-10T09:59:21.742+0200: 107.886: [GC (Allocation Failure) 107.886: [ParNew: 9745K->1059K(9792K), 0.0020711 secs] 10723K->2902K(31680K), 0.0022712 secs] [Times: user=0.00 sys=0.00, real=0.00 secs] 
2014-07-10T09:59:21.752+0200: 107.895: [GC (Allocation Failure) 107.896: [ParNew: 9745K->1059K(9792K), 0.0030261 secs] 11588K->4248K(31680K), 0.0032589 secs] [Times: user=0.00 sys=0.00, real=0.00 secs] 
2014-07-10T09:59:21.792+0200: 107.936: [GC (Allocation Failure) 107.936: [ParNew: 9745K->1059K(9792K), 0.0028333 secs] 12934K->6074K(31680K), 0.0030720 secs] [Times: user=0.00 sys=0.00, real=0.00 secs] 
2014-07-10T09:59:21.844+0200: 107.987: [GC (Allocation Failure) 107.987: [ParNew: 9745K->1059K(9792K), 0.0035394 secs] 14760K->8380K(31680K), 0.0038056 secs] [Times: user=0.00 sys=0.00, real=0.00 secs] 
2014-07-10T09:59:21.858+0200: 108.001: [GC (Allocation Failure) 108.001: [ParNew: 9745K->1059K(9792K), 0.0029073 secs] 17066K->11167K(31680K), 0.0030903 secs] [Times: user=0.00 sys=0.00, real=0.00 secs] 
2014-07-10T09:59:21.891+0200: 108.035: [GC (Allocation Failure) 108.035: [ParNew: 9762K->1061K(9792K), 0.0014419 secs] 19870K->12770K(31680K), 0.0015794 secs] [Times: user=0.00 sys=0.00, real=0.00 secs] 
2014-07-10T09:59:21.942+0200: 108.085: [GC (Allocation Failure) 108.085: [ParNew: 9747K->1059K(9792K), 0.0019171 secs] 21457K->14852K(31680K), 0.0020839 secs] [Times: user=0.02 sys=0.02, real=0.00 secs] 
2014-07-10T09:59:21.948+0200: 108.092: [GC (Allocation Failure) 108.092: [ParNew: 9745K->1059K(9792K), 0.0029825 secs] 23538K->17415K(31680K), 0.0031761 secs] [Times: user=0.00 sys=0.00, real=0.00 secs] 
2014-07-10T09:59:21.951+0200: 108.095: [GC (CMS Initial Mark) [1 CMS-initial-mark: 16355K(21888K)] 17481K(31680K), 0.0002504 secs] [Times: user=0.00 sys=0.00, real=0.00 secs] 
2014-07-10T09:59:21.952+0200: 108.096: [CMS-concurrent-mark-start]
2014-07-10T09:59:21.953+0200: 108.097: [CMS-concurrent-mark: 0.001/0.001 secs] [Times: user=0.00 sys=0.00, real=0.00 secs] 
2014-07-10T09:59:21.953+0200: 108.097: [CMS-concurrent-preclean-start]
2014-07-10T09:59:21.953+0200: 108.097: [CMS-concurrent-preclean: 0.000/0.000 secs] [Times: user=0.00 sys=0.00, real=0.00 secs] 
2014-07-10T09:59:21.953+0200: 108.097: [CMS-concurrent-abortable-preclean-start]
2014-07-10T09:59:21.993+0200: 108.136: [GC (Allocation Failure) 108.137: [ParNew: 9745K->1059K(9792K), 0.0027930 secs] 26101K->20457K(31680K), 0.0030027 secs] [Times: user=0.00 sys=0.00, real=0.00 secs] 
2014-07-10T09:59:21.997+0200: 108.141: [CMS-concurrent-abortable-preclean: 0.001/0.044 secs] [Times: user=0.00 sys=0.00, real=0.04 secs] 
2014-07-10T09:59:21.999+0200: 108.142: [GC (CMS Final Remark) [YG occupancy: 5161 K (9792 K)]108.142: [Rescan (parallel) , 0.0001925 secs]108.143: [weak refs processing, 0.0000418 secs]108.143: [class unloading, 0.0007743 secs]108.143: [scrub symbol table, 0.0009741 secs]108.144: [scrub string table, 0.0003256 secs][1 CMS-remark: 19398K(21888K)] 24559K(31680K), 0.0026085 secs] [Times: user=0.00 sys=0.00, real=0.00 secs] 
2014-07-10T09:59:22.001+0200: 108.145: [CMS-concurrent-sweep-start]
2014-07-10T09:59:22.002+0200: 108.146: [CMS-concurrent-sweep: 0.000/0.000 secs] [Times: user=0.00 sys=0.00, real=0.00 secs] 
2014-07-10T09:59:22.002+0200: 108.146: [CMS-concurrent-reset-start]
2014-07-10T09:59:22.002+0200: 108.146: [CMS-concurrent-reset: 0.000/0.000 secs] [Times: user=0.00 sys=0.00, real=0.00 secs] 
2014-07-10T09:59:22.043+0200: 108.186: [GC (Allocation Failure) 108.186: [ParNew: 9745K->1059K(9792K), 0.0031438 secs] 15873K->10710K(31680K), 0.0032886 secs] [Times: user=0.00 sys=0.00, real=0.00 secs] 
2014-07-10T09:59:22.050+0200: 108.194: [GC (Allocation Failure) 108.194: [ParNew: 9745K->1059K(9792K), 0.0034719 secs] 19396K->14713K(31680K), 0.0036355 secs] [Times: user=0.03 sys=0.00, real=0.00 secs] 
2014-07-10T09:59:22.055+0200: 108.199: [GC (CMS Initial Mark) [1 CMS-initial-mark: 13653K(21888K)] 14779K(31680K), 0.0001800 secs] [Times: user=0.00 sys=0.00, real=0.00 secs] 
2014-07-10T09:59:22.055+0200: 108.199: [CMS-concurrent-mark-start]
2014-07-10T09:59:22.056+0200: 108.200: [CMS-concurrent-mark: 0.001/0.001 secs] [Times: user=0.00 sys=0.00, real=0.00 secs] 
2014-07-10T09:59:22.056+0200: 108.200: [CMS-concurrent-preclean-start]
2014-07-10T09:59:22.056+0200: 108.200: [CMS-concurrent-preclean: 0.000/0.000 secs] [Times: user=0.00 sys=0.00, real=0.00 secs] 
2014-07-10T09:59:22.056+0200: 108.200: [CMS-concurrent-abortable-preclean-start]
2014-07-10T09:59:22.092+0200: 108.236: [GC (Allocation Failure) 108.236: [ParNew: 9745K->1059K(9792K), 0.0043639 secs] 23399K->19196K(31680K), 0.0044967 secs] [Times: user=0.00 sys=0.00, real=0.00 secs] 
2014-07-10T09:59:22.098+0200: 108.242: [CMS-concurrent-abortable-preclean: 0.001/0.042 secs] [Times: user=0.00 sys=0.00, real=0.04 secs] 
2014-07-10T09:59:22.098+0200: 108.242: [GC (CMS Final Remark) [YG occupancy: 4114 K (9792 K)]108.242: [Rescan (parallel) , 0.0001228 secs]108.242: [weak refs processing, 0.0000268 secs]108.242: [class unloading, 0.0005301 secs]108.243: [scrub symbol table, 0.0005719 secs]108.243: [scrub string table, 0.0002251 secs][1 CMS-remark: 18137K(21888K)] 22251K(31680K), 0.0015974 secs] [Times: user=0.01 sys=0.00, real=0.00 secs] 
2014-07-10T09:59:22.100+0200: 108.244: [CMS-concurrent-sweep-start]
2014-07-10T09:59:22.100+0200: 108.244: [CMS-concurrent-sweep: 0.000/0.000 secs] [Times: user=0.00 sys=0.00, real=0.00 secs] 
2014-07-10T09:59:22.100+0200: 108.244: [CMS-concurrent-reset-start]
2014-07-10T09:59:22.100+0200: 108.244: [CMS-concurrent-reset: 0.000/0.000 secs] [Times: user=0.00 sys=0.00, real=0.00 secs] 
2014-07-10T09:59:22.144+0200: 108.287: [GC (Allocation Failure) 108.287: [ParNew: 9757K->1061K(9792K), 0.0055789 secs] 18766K->13497K(31680K), 0.0058436 secs] [Times: user=0.03 sys=0.00, real=0.00 secs] 
2014-07-10T09:59:22.150+0200: 108.294: [GC (CMS Initial Mark) [1 CMS-initial-mark: 12436K(21888K)] 13563K(31680K), 0.0003776 secs] [Times: user=0.00 sys=0.00, real=0.00 secs] 
2014-07-10T09:59:22.150+0200: 108.294: [CMS-concurrent-mark-start]
2014-07-10T09:59:22.153+0200: 108.297: [CMS-concurrent-mark: 0.002/0.002 secs] [Times: user=0.00 sys=0.00, real=0.00 secs] 
2014-07-10T09:59:22.153+0200: 108.297: [CMS-concurrent-preclean-start]
2014-07-10T09:59:22.153+0200: 108.297: [CMS-concurrent-preclean: 0.000/0.000 secs] [Times: user=0.00 sys=0.00, real=0.00 secs] 
2014-07-10T09:59:22.153+0200: 108.297: [CMS-concurrent-abortable-preclean-start]
2014-07-10T09:59:22.158+0200: 108.302: [GC (Allocation Failure) 108.302: [ParNew: 9747K->1059K(9792K), 0.0037128 secs] 22183K->17403K(31680K), 0.0039126 secs] [Times: user=0.00 sys=0.00, real=0.00 secs] 
2014-07-10T09:59:22.192+0200: 108.336: [GC (Allocation Failure) 108.336: [ParNew: 9745K->1059K(9792K), 0.0042316 secs] 26089K->21790K(31680K), 0.0043669 secs] [Times: user=0.03 sys=0.00, real=0.00 secs] 
2014-07-10T09:59:22.197+0200: 108.341: [CMS-concurrent-abortable-preclean: 0.002/0.044 secs] [Times: user=0.05 sys=0.02, real=0.04 secs] 
2014-07-10T09:59:22.197+0200: 108.341: [GC (CMS Final Remark) [YG occupancy: 1285 K (9792 K)]108.341: [Rescan (parallel) , 0.0001214 secs]108.341: [weak refs processing, 0.0000268 secs]108.341: [class unloading, 0.0004334 secs]108.342: [scrub symbol table, 0.0005635 secs]108.342: [scrub string table, 0.0001617 secs][1 CMS-remark: 20731K(21888K)] 22017K(31680K), 0.0014196 secs] [Times: user=0.00 sys=0.00, real=0.00 secs] 
2014-07-10T09:59:22.199+0200: 108.343: [CMS-concurrent-sweep-start]
2014-07-10T09:59:22.199+0200: 108.343: [CMS-concurrent-sweep: 0.000/0.000 secs] [Times: user=0.00 sys=0.00, real=0.00 secs] 
2014-07-10T09:59:22.199+0200: 108.343: [CMS-concurrent-reset-start]
2014-07-10T09:59:22.200+0200: 108.343: [CMS-concurrent-reset: 0.000/0.000 secs] [Times: user=0.00 sys=0.00, real=0.00 secs] 
2014-07-10T09:59:22.242+0200: 108.386: [GC (Allocation Failure) 108.386: [ParNew: 9745K->1059K(9792K), 0.0047977 secs] 21989K->18170K(31680K), 0.0049212 secs] [Times: user=0.00 sys=0.00, real=0.00 secs] 
2014-07-10T09:59:22.249+0200: 108.393: [GC (CMS Initial Mark) [1 CMS-initial-mark: 17111K(21888K)] 21698K(31680K), 0.0002522 secs] [Times: user=0.00 sys=0.00, real=0.00 secs] 
2014-07-10T09:59:22.250+0200: 108.393: [CMS-concurrent-mark-start]
2014-07-10T09:59:22.250+0200: 108.394: [CMS-concurrent-mark: 0.001/0.001 secs] [Times: user=0.00 sys=0.00, real=0.00 secs] 
2014-07-10T09:59:22.251+0200: 108.394: [CMS-concurrent-preclean-start]
2014-07-10T09:59:22.251+0200: 108.394: [CMS-concurrent-preclean: 0.000/0.000 secs] [Times: user=0.00 sys=0.00, real=0.00 secs] 
2014-07-10T09:59:22.251+0200: 108.394: [CMS-concurrent-abortable-preclean-start]
2014-07-10T09:59:22.251+0200: 108.394: [CMS-concurrent-abortable-preclean: 0.000/0.000 secs] [Times: user=0.00 sys=0.00, real=0.00 secs] 
2014-07-10T09:59:22.251+0200: 108.395: [GC (CMS Final Remark) [YG occupancy: 7150 K (9792 K)]108.395: [Rescan (parallel) , 0.0001162 secs]108.395: [weak refs processing, 0.0000271 secs]108.395: [class unloading, 0.0004821 secs]108.395: [scrub symbol table, 0.0005697 secs]108.396: [scrub string table, 0.0001738 secs][1 CMS-remark: 17111K(21888K)] 24261K(31680K), 0.0014922 secs] [Times: user=0.00 sys=0.00, real=0.00 secs] 
2014-07-10T09:59:22.252+0200: 108.396: [CMS-concurrent-sweep-start]
2014-07-10T09:59:22.253+0200: 108.397: [CMS-concurrent-sweep: 0.000/0.000 secs] [Times: user=0.00 sys=0.00, real=0.00 secs] 
2014-07-10T09:59:22.253+0200: 108.397: [CMS-concurrent-reset-start]
2014-07-10T09:59:22.253+0200: 108.397: [CMS-concurrent-reset: 0.000/0.000 secs] [Times: user=0.00 sys=0.00, real=0.00 secs] 
2014-07-10T09:59:22.253+0200: 108.397: [GC (Allocation Failure) 108.397: [ParNew: 9745K->1059K(9792K), 0.0047328 secs] 10268K->6930K(31680K), 0.0048321 secs] [Times: user=0.03 sys=0.00, real=0.00 secs] 
2014-07-10T09:59:22.258+0200: 108.402: [GC (CMS Initial Mark) [1 CMS-initial-mark: 5870K(21888K)] 6962K(31680K), 0.0002269 secs] [Times: user=0.00 sys=0.00, real=0.00 secs] 
2014-07-10T09:59:22.259+0200: 108.402: [CMS-concurrent-mark-start]
2014-07-10T09:59:22.259+0200: 108.403: [CMS-concurrent-mark: 0.001/0.001 secs] [Times: user=0.00 sys=0.00, real=0.00 secs] 
2014-07-10T09:59:22.259+0200: 108.403: [CMS-concurrent-preclean-start]
2014-07-10T09:59:22.260+0200: 108.403: [CMS-concurrent-preclean: 0.000/0.000 secs] [Times: user=0.00 sys=0.00, real=0.00 secs] 
2014-07-10T09:59:22.260+0200: 108.403: [GC (CMS Final Remark) [YG occupancy: 2854 K (9792 K)]108.404: [Rescan (parallel) , 0.0000994 secs]108.404: [weak refs processing, 0.0000253 secs]108.404: [class unloading, 0.0004231 secs]108.404: [scrub symbol table, 0.0005767 secs]108.405: [scrub string table, 0.0001650 secs][1 CMS-remark: 5870K(21888K)] 8725K(31680K), 0.0014064 secs] [Times: user=0.00 sys=0.00, real=0.00 secs] 
2014-07-10T09:59:22.261+0200: 108.405: [CMS-concurrent-sweep-start]
2014-07-10T09:59:22.261+0200: 108.405: [CMS-concurrent-sweep: 0.000/0.000 secs] [Times: user=0.00 sys=0.00, real=0.00 secs] 
2014-07-10T09:59:22.261+0200: 108.405: [CMS-concurrent-reset-start]
2014-07-10T09:59:22.261+0200: 108.405: [CMS-concurrent-reset: 0.000/0.000 secs] [Times: user=0.00 sys=0.00, real=0.00 secs] 
2014-07-10T09:59:22.293+0200: 108.437: [GC (Allocation Failure) 108.437: [ParNew: 9745K->1059K(9792K), 0.0051001 secs] 15616K->12758K(31680K), 0.0052559 secs] [Times: user=0.00 sys=0.00, real=0.01 secs] 
2014-07-10T09:59:22.299+0200: 108.443: [GC (CMS Initial Mark) [1 CMS-initial-mark: 11698K(21888K)] 12790K(31680K), 0.0001708 secs] [Times: user=0.00 sys=0.00, real=0.00 secs] 
2014-07-10T09:59:22.299+0200: 108.443: [CMS-concurrent-mark-start]
2014-07-10T09:59:22.300+0200: 108.444: [CMS-concurrent-mark: 0.001/0.001 secs] [Times: user=0.00 sys=0.00, real=0.00 secs] 
2014-07-10T09:59:22.300+0200: 108.444: [CMS-concurrent-preclean-start]
2014-07-10T09:59:22.300+0200: 108.444: [CMS-concurrent-preclean: 0.000/0.000 secs] [Times: user=0.00 sys=0.00, real=0.00 secs] 
2014-07-10T09:59:22.300+0200: 108.444: [GC (CMS Final Remark) [YG occupancy: 2374 K (9792 K)]108.444: [Rescan (parallel) , 0.0000832 secs]108.444: [weak refs processing, 0.0000268 secs]108.444: [class unloading, 0.0004751 secs]108.444: [scrub symbol table, 0.0005851 secs]108.445: [scrub string table, 0.0001818 secs][1 CMS-remark: 11698K(21888K)] 14072K(31680K), 0.0014815 secs] [Times: user=0.00 sys=0.00, real=0.00 secs] 
2014-07-10T09:59:22.302+0200: 108.445: [CMS-concurrent-sweep-start]
2014-07-10T09:59:22.302+0200: 108.446: [CMS-concurrent-sweep: 0.000/0.000 secs] [Times: user=0.00 sys=0.00, real=0.00 secs] 
2014-07-10T09:59:22.302+0200: 108.446: [CMS-concurrent-reset-start]
2014-07-10T09:59:22.302+0200: 108.446: [CMS-concurrent-reset: 0.000/0.000 secs] [Times: user=0.00 sys=0.00, real=0.00 secs] 
2014-07-10T09:59:22.344+0200: 108.487: [GC (Allocation Failure) 108.488: [ParNew: 9745K->1059K(9792K), 0.0054558 secs] 16096K->13718K(31680K), 0.0056196 secs] [Times: user=0.00 sys=0.00, real=0.00 secs] 
2014-07-10T09:59:22.349+0200: 108.493: [GC (CMS Initial Mark) [1 CMS-initial-mark: 12659K(21888K)] 13750K(31680K), 0.0001859 secs] [Times: user=0.00 sys=0.02, real=0.00 secs] 
2014-07-10T09:59:22.350+0200: 108.493: [CMS-concurrent-mark-start]
2014-07-10T09:59:22.351+0200: 108.494: [CMS-concurrent-mark: 0.001/0.001 secs] [Times: user=0.00 sys=0.00, real=0.00 secs] 
2014-07-10T09:59:22.351+0200: 108.494: [CMS-concurrent-preclean-start]
2014-07-10T09:59:22.351+0200: 108.495: [CMS-concurrent-preclean: 0.000/0.000 secs] [Times: user=0.00 sys=0.00, real=0.00 secs] 
2014-07-10T09:59:22.351+0200: 108.495: [CMS-concurrent-abortable-preclean-start]
2014-07-10T09:59:22.353+0200: 108.497: [GC (Allocation Failure) 108.497: [ParNew: 9745K->1059K(9792K), 0.0057839 secs] 22404K->20507K(31680K), 0.0059690 secs] [Times: user=0.00 sys=0.00, real=0.01 secs] 
2014-07-10T09:59:22.361+0200: 108.505: [CMS-concurrent-abortable-preclean: 0.001/0.010 secs] [Times: user=0.00 sys=0.00, real=0.01 secs] 
2014-07-10T09:59:22.361+0200: 108.505: [GC (CMS Final Remark) [YG occupancy: 2961 K (9792 K)]108.505: [Rescan (parallel) , 0.0001030 secs]108.505: [weak refs processing, 0.0000279 secs]108.505: [class unloading, 0.0005239 secs]108.506: [scrub symbol table, 0.0005914 secs]108.506: [scrub string table, 0.0001903 secs][1 CMS-remark: 19447K(21888K)] 22409K(31680K), 0.0015607 secs] [Times: user=0.00 sys=0.00, real=0.00 secs] 
2014-07-10T09:59:22.363+0200: 108.506: [CMS-concurrent-sweep-start]
2014-07-10T09:59:22.363+0200: 108.507: [CMS-concurrent-sweep: 0.000/0.000 secs] [Times: user=0.00 sys=0.00, real=0.00 secs] 
2014-07-10T09:59:22.363+0200: 108.507: [CMS-concurrent-reset-start]
2014-07-10T09:59:22.363+0200: 108.507: [CMS-concurrent-reset: 0.000/0.000 secs] [Times: user=0.00 sys=0.00, real=0.00 secs] 
2014-07-10T09:59:22.394+0200: 108.537: [GC (Allocation Failure) 108.538: [ParNew: 9757K->1059K(9792K), 0.0050803 secs] 23376K->20410K(31680K), 0.0052446 secs] [Times: user=0.03 sys=0.00, real=0.00 secs] 
2014-07-10T09:59:22.399+0200: 108.543: [GC (CMS Initial Mark) [1 CMS-initial-mark: 19351K(21888K)] 20861K(31680K), 0.0001789 secs] [Times: user=0.00 sys=0.00, real=0.00 secs] 
2014-07-10T09:59:22.400+0200: 108.543: [CMS-concurrent-mark-start]
2014-07-10T09:59:22.400+0200: 108.544: [CMS-concurrent-mark: 0.001/0.001 secs] [Times: user=0.00 sys=0.00, real=0.00 secs] 
2014-07-10T09:59:22.400+0200: 108.544: [CMS-concurrent-preclean-start]
2014-07-10T09:59:22.400+0200: 108.544: [CMS-concurrent-preclean: 0.000/0.000 secs] [Times: user=0.00 sys=0.00, real=0.00 secs] 
2014-07-10T09:59:22.400+0200: 108.544: [GC (CMS Final Remark) [YG occupancy: 2470 K (9792 K)]108.544: [Rescan (parallel) , 0.0001228 secs]108.544: [weak refs processing, 0.0000282 secs]108.544: [class unloading, 0.0004678 secs]108.545: [scrub symbol table, 0.0005987 secs]108.546: [scrub string table, 0.0001756 secs][1 CMS-remark: 19351K(21888K)] 21821K(31680K), 0.0015208 secs] [Times: user=0.00 sys=0.00, real=0.00 secs] 
2014-07-10T09:59:22.402+0200: 108.546: [CMS-concurrent-sweep-start]
2014-07-10T09:59:22.402+0200: 108.546: [CMS-concurrent-sweep: 0.000/0.000 secs] [Times: user=0.00 sys=0.00, real=0.00 secs] 
2014-07-10T09:59:22.402+0200: 108.546: [CMS-concurrent-reset-start]
2014-07-10T09:59:22.402+0200: 108.546: [CMS-concurrent-reset: 0.000/0.000 secs] [Times: user=0.00 sys=0.00, real=0.00 secs] 
2014-07-10T09:59:22.455+0200: 108.599: [GC (Allocation Failure) 108.599: [ParNew: 9745K->1059K(9792K), 0.0046187 secs] 15999K->13526K(31680K), 0.0047540 secs] [Times: user=0.03 sys=0.00, real=0.01 secs] 
2014-07-10T09:59:22.460+0200: 108.604: [GC (CMS Initial Mark) [1 CMS-initial-mark: 12467K(21888K)] 13592K(31680K), 0.0001950 secs] [Times: user=0.00 sys=0.00, real=0.00 secs] 
2014-07-10T09:59:22.461+0200: 108.604: [CMS-concurrent-mark-start]
2014-07-10T09:59:22.461+0200: 108.605: [CMS-concurrent-mark: 0.001/0.001 secs] [Times: user=0.00 sys=0.00, real=0.00 secs] 
2014-07-10T09:59:22.462+0200: 108.605: [CMS-concurrent-preclean-start]
2014-07-10T09:59:22.462+0200: 108.605: [CMS-concurrent-preclean: 0.000/0.000 secs] [Times: user=0.00 sys=0.00, real=0.00 secs] 
2014-07-10T09:59:22.462+0200: 108.605: [CMS-concurrent-abortable-preclean-start]
2014-07-10T09:59:22.464+0200: 108.608: [GC (Allocation Failure) 108.608: [ParNew: 9745K->1059K(9792K), 0.0056347 secs] 22212K->20218K(31680K), 0.0057876 secs] [Times: user=0.00 sys=0.00, real=0.01 secs] 
2014-07-10T09:59:22.542+0200: 108.686: [GC (Allocation Failure) 108.686: [ParNew: 9747K->9747K(9792K), 0.0000433 secs]108.686: [CMS2014-07-10T09:59:22.543+0200: 108.686: [CMS-concurrent-abortable-preclean: 0.001/0.081 secs] [Times: user=0.00 sys=0.00, real=0.08 secs] 
 (concurrent mode failure): 19159K->553K(21888K), 0.0081472 secs] 28907K->553K(31680K), [Metaspace: 2457K->2457K(1056768K)], 0.0083378 secs] [Times: user=0.00 sys=0.00, real=0.01 secs] 
2014-07-10T09:59:22.555+0200: 108.699: [GC (Allocation Failure) 108.699: [ParNew: 8686K->515K(9792K), 0.0025785 secs] 9239K->1068K(31680K), 0.0027064 secs] [Times: user=0.00 sys=0.00, real=0.00 secs] 
2014-07-10T09:59:22.591+0200: 108.735: [GC (Allocation Failure) 108.735: [ParNew: 9201K->995K(9792K), 0.0008421 secs] 9754K->1548K(31680K), 0.0009309 secs] [Times: user=0.00 sys=0.00, real=0.00 secs] 
2014-07-10T09:59:22.641+0200: 108.785: [GC (Allocation Failure) 108.785: [ParNew: 9687K->453K(9792K), 0.0004770 secs] 10240K->1012K(31680K), 0.0005492 secs] [Times: user=0.00 sys=0.00, real=0.00 secs] 
2014-07-10T09:59:22.644+0200: 108.788: [GC (Allocation Failure) 108.788: [ParNew: 9139K->933K(9792K), 0.0009518 secs] 9698K->1492K(31680K), 0.0010727 secs] [Times: user=0.00 sys=0.01, real=0.00 secs] 
2014-07-10T09:59:22.691+0200: 108.835: [GC (Allocation Failure) 108.835: [ParNew: 9619K->1059K(9792K), 0.0008264 secs] 10179K->1973K(31680K), 0.0009129 secs] [Times: user=0.00 sys=0.00, real=0.00 secs] 
2014-07-10T09:59:22.742+0200: 108.886: [GC (Allocation Failure) 108.886: [ParNew: 9745K->1059K(9792K), 0.0020762 secs] 10660K->2807K(31680K), 0.0022822 secs] [Times: user=0.00 sys=0.00, real=0.00 secs] 
2014-07-10T09:59:22.751+0200: 108.895: [GC (Allocation Failure) 108.895: [ParNew: 9745K->1059K(9792K), 0.0030489 secs] 11493K->4120K(31680K), 0.0033649 secs] [Times: user=0.03 sys=0.00, real=0.00 secs] 
2014-07-10T09:59:22.792+0200: 108.936: [GC (Allocation Failure) 108.936: [ParNew: 9745K->1059K(9792K), 0.0027501 secs] 12807K->5914K(31680K), 0.0030012 secs] [Times: user=0.00 sys=0.00, real=0.00 secs] 
2014-07-10T09:59:22.842+0200: 108.986: [GC (Allocation Failure) 108.986: [ParNew: 9745K->1059K(9792K), 0.0019779 secs] 14601K->8189K(31680K), 0.0021275 secs] [Times: user=0.00 sys=0.00, real=0.00 secs] 
2014-07-10T09:59:22.848+0200: 108.992: [GC (Allocation Failure) 108.992: [ParNew: 9762K->1061K(9792K), 0.0017965 secs] 16892K->9280K(31680K), 0.0019442 secs] [Times: user=0.02 sys=0.00, real=0.00 secs] 
2014-07-10T09:59:22.892+0200: 109.035: [GC (Allocation Failure) 109.035: [ParNew: 9753K->1061K(9792K), 0.0012751 secs] 17972K->10339K(31680K), 0.0013946 secs] [Times: user=0.00 sys=0.00, real=0.00 secs] 
2014-07-10T09:59:22.943+0200: 109.086: [GC (Allocation Failure) 109.087: [ParNew: 9747K->1059K(9792K), 0.0029213 secs] 19026K->11876K(31680K), 0.0035896 secs] [Times: user=0.00 sys=0.00, real=0.00 secs] 
2014-07-10T09:59:22.955+0200: 109.098: [GC (Allocation Failure) 109.099: [ParNew: 9745K->1059K(9792K), 0.0037165 secs] 20562K->13894K(31680K), 0.0040739 secs] [Times: user=0.01 sys=0.00, real=0.00 secs] 
2014-07-10T09:59:22.992+0200: 109.136: [GC (Allocation Failure) 109.136: [ParNew: 9745K->1059K(9792K), 0.0023717 secs] 22580K->16392K(31680K), 0.0025429 secs] [Times: user=0.00 sys=0.00, real=0.00 secs] 
2014-07-10T09:59:23.043+0200: 109.187: [GC (Allocation Failure) 109.187: [ParNew: 9745K->1059K(9792K), 0.0047892 secs] 25078K->19371K(31680K), 0.0050488 secs] [Times: user=0.00 sys=0.00, real=0.01 secs] 
2014-07-10T09:59:23.049+0200: 109.193: [GC (CMS Initial Mark) [1 CMS-initial-mark: 18311K(21888K)] 19469K(31680K), 0.0004242 secs] [Times: user=0.00 sys=0.00, real=0.00 secs] 
2014-07-10T09:59:23.049+0200: 109.193: [CMS-concurrent-mark-start]
2014-07-10T09:59:23.052+0200: 109.196: [CMS-concurrent-mark: 0.002/0.002 secs] [Times: user=0.03 sys=0.00, real=0.00 secs] 
2014-07-10T09:59:23.052+0200: 109.196: [CMS-concurrent-preclean-start]
2014-07-10T09:59:23.052+0200: 109.196: [CMS-concurrent-preclean: 0.000/0.000 secs] [Times: user=0.00 sys=0.00, real=0.00 secs] 
2014-07-10T09:59:23.052+0200: 109.196: [CMS-concurrent-abortable-preclean-start]
2014-07-10T09:59:23.052+0200: 109.196: [CMS-concurrent-abortable-preclean: 0.000/0.000 secs] [Times: user=0.00 sys=0.00, real=0.00 secs] 
2014-07-10T09:59:23.053+0200: 109.196: [GC (CMS Final Remark) [YG occupancy: 5355 K (9792 K)]109.197: [Rescan (parallel) , 0.0003094 secs]109.197: [weak refs processing, 0.0000612 secs]109.197: [class unloading, 0.0012425 secs]109.198: [scrub symbol table, 0.0013290 secs]109.200: [scrub string table, 0.0004949 secs][1 CMS-remark: 18311K(21888K)] 23667K(31680K), 0.0038085 secs] [Times: user=0.00 sys=0.00, real=0.00 secs] 
2014-07-10T09:59:23.057+0200: 109.201: [CMS-concurrent-sweep-start]
2014-07-10T09:59:23.058+0200: 109.202: [CMS-concurrent-sweep: 0.001/0.001 secs] [Times: user=0.00 sys=0.00, real=0.00 secs] 
2014-07-10T09:59:23.058+0200: 109.202: [CMS-concurrent-reset-start]
2014-07-10T09:59:23.058+0200: 109.202: [CMS-concurrent-reset: 0.000/0.000 secs] [Times: user=0.00 sys=0.00, real=0.00 secs] 
2014-07-10T09:59:23.060+0200: 109.204: [GC (Allocation Failure) 109.204: [ParNew: 9745K->1059K(9792K), 0.0057997 secs] 13247K->8020K(31680K), 0.0059984 secs] [Times: user=0.00 sys=0.00, real=0.01 secs] 
2014-07-10T09:59:23.094+0200: 109.238: [GC (Allocation Failure) 109.238: [ParNew: 9749K->1059K(9792K), 0.0048996 secs] 16710K->10934K(31680K), 0.0051892 secs] [Times: user=0.03 sys=0.00, real=0.00 secs] 
2014-07-10T09:59:23.148+0200: 109.292: [GC (Allocation Failure) 109.292: [ParNew: 9745K->1059K(9792K), 0.0033935 secs] 19621K->14330K(31680K), 0.0035904 secs] [Times: user=0.00 sys=0.00, real=0.00 secs] 
2014-07-10T09:59:23.157+0200: 109.301: [GC (Allocation Failure) 109.301: [ParNew: 9745K->1059K(9792K), 0.0038045 secs] 23016K->18205K(31680K), 0.0039713 secs] [Times: user=0.03 sys=0.00, real=0.00 secs] 
2014-07-10T09:59:23.162+0200: 109.306: [GC (CMS Initial Mark) [1 CMS-initial-mark: 17145K(21888K)] 18271K(31680K), 0.0002156 secs] [Times: user=0.00 sys=0.00, real=0.00 secs] 
2014-07-10T09:59:23.162+0200: 109.306: [CMS-concurrent-mark-start]
2014-07-10T09:59:23.163+0200: 109.307: [CMS-concurrent-mark: 0.001/0.001 secs] [Times: user=0.00 sys=0.00, real=0.00 secs] 
2014-07-10T09:59:23.163+0200: 109.307: [CMS-concurrent-preclean-start]
2014-07-10T09:59:23.163+0200: 109.307: [CMS-concurrent-preclean: 0.000/0.000 secs] [Times: user=0.00 sys=0.00, real=0.00 secs] 
2014-07-10T09:59:23.163+0200: 109.307: [CMS-concurrent-abortable-preclean-start]
2014-07-10T09:59:23.192+0200: 109.336: [GC (Allocation Failure) 109.336: [ParNew: 9745K->1059K(9792K), 0.0041205 secs] 26891K->22560K(31680K), 0.0042525 secs] [Times: user=0.00 sys=0.00, real=0.00 secs] 
2014-07-10T09:59:23.196+0200: 109.340: [CMS-concurrent-abortable-preclean: 0.000/0.033 secs] [Times: user=0.02 sys=0.00, real=0.03 secs] 
2014-07-10T09:59:23.197+0200: 109.340: [GC (CMS Final Remark) [YG occupancy: 1221 K (9792 K)]109.340: [Rescan (parallel) , 0.0001474 secs]109.341: [weak refs processing, 0.0000268 secs]109.341: [class unloading, 0.0005818 secs]109.341: [scrub symbol table, 0.0005818 secs]109.342: [scrub string table, 0.0001635 secs][1 CMS-remark: 21500K(21888K)] 22722K(31680K), 0.0016150 secs] [Times: user=0.00 sys=0.00, real=0.00 secs] 
2014-07-10T09:59:23.198+0200: 109.342: [CMS-concurrent-sweep-start]
2014-07-10T09:59:23.199+0200: 109.342: [CMS-concurrent-sweep: 0.000/0.000 secs] [Times: user=0.00 sys=0.00, real=0.00 secs] 
2014-07-10T09:59:23.199+0200: 109.343: [CMS-concurrent-reset-start]
2014-07-10T09:59:23.199+0200: 109.343: [CMS-concurrent-reset: 0.000/0.000 secs] [Times: user=0.00 sys=0.00, real=0.00 secs] 
2014-07-10T09:59:23.244+0200: 109.388: [GC (Allocation Failure) 109.388: [ParNew: 9745K->1059K(9792K), 0.0076511 secs] 18499K->14648K(31680K), 0.0079294 secs] [Times: user=0.00 sys=0.00, real=0.01 secs] 
2014-07-10T09:59:23.252+0200: 109.396: [GC (CMS Initial Mark) [1 CMS-initial-mark: 13589K(21888K)] 14714K(31680K), 0.0004396 secs] [Times: user=0.00 sys=0.00, real=0.00 secs] 
2014-07-10T09:59:23.253+0200: 109.397: [CMS-concurrent-mark-start]
2014-07-10T09:59:23.256+0200: 109.400: [CMS-concurrent-mark: 0.003/0.003 secs] [Times: user=0.03 sys=0.00, real=0.00 secs] 
2014-07-10T09:59:23.256+0200: 109.400: [CMS-concurrent-preclean-start]
2014-07-10T09:59:23.257+0200: 109.401: [CMS-concurrent-preclean: 0.000/0.000 secs] [Times: user=0.00 sys=0.00, real=0.00 secs] 
2014-07-10T09:59:23.257+0200: 109.401: [CMS-concurrent-abortable-preclean-start]
2014-07-10T09:59:23.261+0200: 109.404: [GC (Allocation Failure) 109.405: [ParNew: 9745K->1059K(9792K), 0.0076790 secs] 23334K->19964K(31680K), 0.0078836 secs] [Times: user=0.00 sys=0.00, real=0.01 secs] 
2014-07-10T09:59:23.293+0200: 109.437: [GC (Allocation Failure) 109.437: [ParNew: 9745K->9745K(9792K), 0.0000532 secs]109.437: [CMS2014-07-10T09:59:23.294+0200: 109.437: [CMS-concurrent-abortable-preclean: 0.001/0.037 secs] [Times: user=0.00 sys=0.02, real=0.04 secs] 
 (concurrent mode failure): 18904K->7373K(21888K), 0.0085398 secs] 28650K->7373K(31680K), [Metaspace: 2457K->2457K(1056768K)], 0.0087807 secs] [Times: user=0.01 sys=0.00, real=0.01 secs] 
2014-07-10T09:59:23.344+0200: 109.488: [GC (Allocation Failure) 109.488: [ParNew: 8686K->1059K(9792K), 0.0188680 secs] 16059K->14709K(31680K), 0.0190088 secs] [Times: user=0.02 sys=0.00, real=0.02 secs] 
2014-07-10T09:59:23.367+0200: 109.511: [GC (Allocation Failure) 109.511: [ParNew: 9745K->1059K(9792K), 0.0105431 secs] 23395K->21466K(31680K), 0.0106835 secs] [Times: user=0.00 sys=0.00, real=0.01 secs] 
2014-07-10T09:59:23.378+0200: 109.522: [GC (CMS Initial Mark) [1 CMS-initial-mark: 20406K(21888K)] 21532K(31680K), 0.0001708 secs] [Times: user=0.00 sys=0.00, real=0.00 secs] 
2014-07-10T09:59:23.378+0200: 109.522: [CMS-concurrent-mark-start]
2014-07-10T09:59:23.379+0200: 109.523: [CMS-concurrent-mark: 0.001/0.001 secs] [Times: user=0.03 sys=0.00, real=0.00 secs] 
2014-07-10T09:59:23.379+0200: 109.523: [CMS-concurrent-preclean-start]
2014-07-10T09:59:23.379+0200: 109.523: [CMS-concurrent-preclean: 0.000/0.000 secs] [Times: user=0.00 sys=0.00, real=0.00 secs] 
2014-07-10T09:59:23.379+0200: 109.523: [GC (CMS Final Remark) [YG occupancy: 2993 K (9792 K)]109.523: [Rescan (parallel) , 0.0000913 secs]109.523: [weak refs processing, 0.0000279 secs]109.523: [class unloading, 0.0005602 secs]109.524: [scrub symbol table, 0.0007732 secs]109.525: [scrub string table, 0.0001870 secs][1 CMS-remark: 20406K(21888K)] 23400K(31680K), 0.0017796 secs] [Times: user=0.00 sys=0.00, real=0.00 secs] 
2014-07-10T09:59:23.381+0200: 109.525: [CMS-concurrent-sweep-start]
2014-07-10T09:59:23.381+0200: 109.525: [CMS-concurrent-sweep: 0.000/0.000 secs] [Times: user=0.00 sys=0.00, real=0.00 secs] 
2014-07-10T09:59:23.382+0200: 109.525: [CMS-concurrent-reset-start]
2014-07-10T09:59:23.382+0200: 109.525: [CMS-concurrent-reset: 0.000/0.000 secs] [Times: user=0.00 sys=0.00, real=0.00 secs] 
2014-07-10T09:59:23.393+0200: 109.537: [GC (Allocation Failure) 109.537: [ParNew: 9757K->1059K(9792K), 0.0050206 secs] 17033K->14037K(31680K), 0.0051819 secs] [Times: user=0.03 sys=0.00, real=0.01 secs] 
2014-07-10T09:59:23.399+0200: 109.543: [GC (CMS Initial Mark) [1 CMS-initial-mark: 12978K(21888K)] 14103K(31680K), 0.0001730 secs] [Times: user=0.00 sys=0.00, real=0.00 secs] 
2014-07-10T09:59:23.399+0200: 109.543: [CMS-concurrent-mark-start]
2014-07-10T09:59:23.400+0200: 109.544: [CMS-concurrent-mark: 0.001/0.001 secs] [Times: user=0.00 sys=0.00, real=0.00 secs] 
2014-07-10T09:59:23.400+0200: 109.544: [CMS-concurrent-preclean-start]
2014-07-10T09:59:23.400+0200: 109.544: [CMS-concurrent-preclean: 0.000/0.000 secs] [Times: user=0.00 sys=0.00, real=0.00 secs] 
2014-07-10T09:59:23.400+0200: 109.544: [GC (CMS Final Remark) [YG occupancy: 2502 K (9792 K)]109.544: [Rescan (parallel) , 0.0000825 secs]109.544: [weak refs processing, 0.0000264 secs]109.544: [class unloading, 0.0004466 secs]109.544: [scrub symbol table, 0.0005958 secs]109.545: [scrub string table, 0.0001848 secs][1 CMS-remark: 12978K(21888K)] 15480K(31680K), 0.0014661 secs] [Times: user=0.00 sys=0.00, real=0.00 secs] 
2014-07-10T09:59:23.401+0200: 109.545: [CMS-concurrent-sweep-start]
2014-07-10T09:59:23.402+0200: 109.545: [CMS-concurrent-sweep: 0.000/0.000 secs] [Times: user=0.00 sys=0.00, real=0.00 secs] 
2014-07-10T09:59:23.402+0200: 109.546: [CMS-concurrent-reset-start]
2014-07-10T09:59:23.402+0200: 109.546: [CMS-concurrent-reset: 0.000/0.000 secs] [Times: user=0.00 sys=0.00, real=0.00 secs] 
2014-07-10T09:59:23.444+0200: 109.588: [GC (Allocation Failure) 109.588: [ParNew: 9745K->1059K(9792K), 0.0053612 secs] 15968K->13463K(31680K), 0.0055206 secs] [Times: user=0.00 sys=0.00, real=0.01 secs] 
2014-07-10T09:59:23.450+0200: 109.594: [GC (CMS Initial Mark) [1 CMS-initial-mark: 12403K(21888K)] 13495K(31680K), 0.0001686 secs] [Times: user=0.00 sys=0.00, real=0.00 secs] 
2014-07-10T09:59:23.450+0200: 109.594: [CMS-concurrent-mark-start]
2014-07-10T09:59:23.451+0200: 109.595: [CMS-concurrent-mark: 0.001/0.001 secs] [Times: user=0.00 sys=0.00, real=0.00 secs] 
2014-07-10T09:59:23.451+0200: 109.595: [CMS-concurrent-preclean-start]
2014-07-10T09:59:23.451+0200: 109.595: [CMS-concurrent-preclean: 0.000/0.000 secs] [Times: user=0.00 sys=0.00, real=0.00 secs] 
2014-07-10T09:59:23.451+0200: 109.595: [CMS-concurrent-abortable-preclean-start]
2014-07-10T09:59:23.454+0200: 109.598: [GC (Allocation Failure) 109.598: [ParNew: 9745K->1059K(9792K), 0.0058623 secs] 22149K->20123K(31680K), 0.0060108 secs] [Times: user=0.03 sys=0.00, real=0.01 secs] 
2014-07-10T09:59:23.541+0200: 109.685: [GC (Allocation Failure) 109.686: [ParNew: 9745K->9745K(9792K), 0.0000466 secs]109.686: [CMS2014-07-10T09:59:23.542+0200: 109.686: [CMS-concurrent-abortable-preclean: 0.001/0.091 secs] [Times: user=0.03 sys=0.00, real=0.09 secs] 
 (concurrent mode failure): 19063K->521K(21888K), 0.0031379 secs] 28809K->521K(31680K), [Metaspace: 2457K->2457K(1056768K)], 0.0047445 secs] [Times: user=0.00 sys=0.00, real=0.01 secs] 
2014-07-10T09:59:23.550+0200: 109.694: [GC (Allocation Failure) 109.694: [ParNew: 8686K->483K(9792K), 0.0018852 secs] 9207K->1004K(31680K), 0.0020216 secs] [Times: user=0.01 sys=0.00, real=0.00 secs] 
2014-07-10T09:59:23.591+0200: 109.735: [GC (Allocation Failure) 109.735: [ParNew: 9169K->965K(9792K), 0.0007329 secs] 9691K->1487K(31680K), 0.0008792 secs] [Times: user=0.00 sys=0.00, real=0.00 secs] 
2014-07-10T09:59:23.596+0200: 109.740: [GC (Allocation Failure) 109.740: [ParNew: 9668K->430K(9792K), 0.0006867 secs] 10190K->958K(31680K), 0.0008018 secs] [Times: user=0.00 sys=0.00, real=0.00 secs] 
2014-07-10T09:59:23.647+0200: 109.791: [GC (Allocation Failure) 109.791: [ParNew: 9110K->389K(9792K), 0.0013921 secs] 9638K->917K(31680K), 0.0016271 secs] [Times: user=0.00 sys=0.00, real=0.00 secs] 
2014-07-10T09:59:23.692+0200: 109.836: [GC (Allocation Failure) 109.836: [ParNew: 9075K->869K(9792K), 0.0014507 secs] 9603K->1397K(31680K), 0.0016571 secs] [Times: user=0.00 sys=0.00, real=0.00 secs] 
2014-07-10T09:59:23.742+0200: 109.886: [GC (Allocation Failure) 109.886: [ParNew: 9555K->1059K(9792K), 0.0018144 secs] 10083K->1879K(31680K), 0.0020153 secs] [Times: user=0.00 sys=0.00, real=0.00 secs] 
2014-07-10T09:59:23.751+0200: 109.895: [GC (Allocation Failure) 109.895: [ParNew: 9745K->1059K(9792K), 0.0026551 secs] 10566K->2649K(31680K), 0.0028835 secs] [Times: user=0.02 sys=0.00, real=0.00 secs] 
2014-07-10T09:59:23.792+0200: 109.936: [GC (Allocation Failure) 109.936: [ParNew: 9745K->1059K(9792K), 0.0023765 secs] 11335K->3899K(31680K), 0.0025935 secs] [Times: user=0.00 sys=0.00, real=0.00 secs] 
2014-07-10T09:59:23.842+0200: 109.986: [GC (Allocation Failure) 109.986: [ParNew: 9745K->1059K(9792K), 0.0027772 secs] 12585K->5628K(31680K), 0.0030170 secs] [Times: user=0.00 sys=0.00, real=0.00 secs] 
2014-07-10T09:59:23.853+0200: 109.997: [GC (Allocation Failure) 109.997: [ParNew: 9745K->1059K(9792K), 0.0039900 secs] 14315K->7839K(31680K), 0.0042404 secs] [Times: user=0.00 sys=0.00, real=0.00 secs] 
2014-07-10T09:59:23.891+0200: 110.035: [GC (Allocation Failure) 110.035: [ParNew: 9762K->1061K(9792K), 0.0012374 secs] 16542K->8866K(31680K), 0.0013580 secs] [Times: user=0.00 sys=0.00, real=0.00 secs] 
2014-07-10T09:59:23.942+0200: 110.086: [GC (Allocation Failure) 110.086: [ParNew: 9747K->1059K(9792K), 0.0025162 secs] 17552K->10372K(31680K), 0.0027666 secs] [Times: user=0.00 sys=0.00, real=0.00 secs] 
2014-07-10T09:59:23.953+0200: 110.097: [GC (Allocation Failure) 110.097: [ParNew: 9745K->1059K(9792K), 0.0035772 secs] 19058K->12358K(31680K), 0.0038617 secs] [Times: user=0.00 sys=0.02, real=0.00 secs] 
2014-07-10T09:59:23.993+0200: 110.137: [GC (Allocation Failure) 110.137: [ParNew: 9745K->1059K(9792K), 0.0036758 secs] 21044K->14824K(31680K), 0.0039343 secs] [Times: user=0.00 sys=0.00, real=0.00 secs] 
2014-07-10T09:59:24.043+0200: 110.187: [GC (Allocation Failure) 110.187: [ParNew: 9745K->1059K(9792K), 0.0047130 secs] 23510K->17771K(31680K), 0.0049696 secs] [Times: user=0.00 sys=0.00, real=0.01 secs] 
2014-07-10T09:59:24.049+0200: 110.193: [GC (CMS Initial Mark) [1 CMS-initial-mark: 16711K(21888K)] 17869K(31680K), 0.0004154 secs] [Times: user=0.00 sys=0.00, real=0.00 secs] 
2014-07-10T09:59:24.049+0200: 110.193: [CMS-concurrent-mark-start]
2014-07-10T09:59:24.052+0200: 110.196: [CMS-concurrent-mark: 0.002/0.002 secs] [Times: user=0.03 sys=0.00, real=0.00 secs] 
2014-07-10T09:59:24.052+0200: 110.196: [CMS-concurrent-preclean-start]
2014-07-10T09:59:24.052+0200: 110.196: [CMS-concurrent-preclean: 0.000/0.000 secs] [Times: user=0.00 sys=0.00, real=0.00 secs] 
2014-07-10T09:59:24.052+0200: 110.196: [CMS-concurrent-abortable-preclean-start]
2014-07-10T09:59:24.056+0200: 110.200: [GC (Allocation Failure) 110.200: [ParNew: 9745K->1059K(9792K), 0.0060420 secs] 26457K->21197K(31680K), 0.0063012 secs] [Times: user=0.00 sys=0.00, real=0.01 secs] 
2014-07-10T09:59:24.064+0200: 110.208: [CMS-concurrent-abortable-preclean: 0.001/0.012 secs] [Times: user=0.00 sys=0.00, real=0.01 secs] 
2014-07-10T09:59:24.065+0200: 110.208: [GC (CMS Final Remark) [YG occupancy: 3880 K (9792 K)]110.209: [Rescan (parallel) , 0.0002995 secs]110.209: [weak refs processing, 0.0000616 secs]110.209: [class unloading, 0.0012891 secs]110.210: [scrub symbol table, 0.0014922 secs]110.212: [scrub string table, 0.0004422 secs][1 CMS-remark: 20138K(21888K)] 24019K(31680K), 0.0039827 secs] [Times: user=0.02 sys=0.00, real=0.00 secs] 
2014-07-10T09:59:24.069+0200: 110.213: [CMS-concurrent-sweep-start]
2014-07-10T09:59:24.070+0200: 110.214: [CMS-concurrent-sweep: 0.001/0.001 secs] [Times: user=0.00 sys=0.00, real=0.00 secs] 
2014-07-10T09:59:24.070+0200: 110.214: [CMS-concurrent-reset-start]
2014-07-10T09:59:24.070+0200: 110.214: [CMS-concurrent-reset: 0.000/0.000 secs] [Times: user=0.00 sys=0.00, real=0.00 secs] 
2014-07-10T09:59:24.093+0200: 110.236: [GC (Allocation Failure) 110.237: [ParNew: 9745K->1059K(9792K), 0.0038067 secs] 16643K->11863K(31680K), 0.0039775 secs] [Times: user=0.00 sys=0.02, real=0.00 secs] 
2014-07-10T09:59:24.144+0200: 110.288: [GC (Allocation Failure) 110.288: [ParNew: 9751K->1061K(9792K), 0.0054748 secs] 20555K->15228K(31680K), 0.0057388 secs] [Times: user=0.00 sys=0.00, real=0.01 secs] 
2014-07-10T09:59:24.151+0200: 110.295: [GC (CMS Initial Mark) [1 CMS-initial-mark: 14167K(21888K)] 15294K(31680K), 0.0004535 secs] [Times: user=0.00 sys=0.00, real=0.00 secs] 
2014-07-10T09:59:24.151+0200: 110.295: [CMS-concurrent-mark-start]
2014-07-10T09:59:24.154+0200: 110.298: [CMS-concurrent-mark: 0.002/0.002 secs] [Times: user=0.00 sys=0.00, real=0.00 secs] 
2014-07-10T09:59:24.154+0200: 110.298: [CMS-concurrent-preclean-start]
2014-07-10T09:59:24.154+0200: 110.298: [CMS-concurrent-preclean: 0.000/0.000 secs] [Times: user=0.00 sys=0.00, real=0.00 secs] 
2014-07-10T09:59:24.154+0200: 110.298: [CMS-concurrent-abortable-preclean-start]
2014-07-10T09:59:24.159+0200: 110.302: [GC (Allocation Failure) 110.303: [ParNew: 9747K->1059K(9792K), 0.0062579 secs] 23914K->19070K(31680K), 0.0065212 secs] [Times: user=0.00 sys=0.00, real=0.01 secs] 
2014-07-10T09:59:24.192+0200: 110.336: [GC (Allocation Failure) 110.336: [ParNew: 9745K->9745K(9792K), 0.0000488 secs]110.336: [CMS2014-07-10T09:59:24.193+0200: 110.337: [CMS-concurrent-abortable-preclean: 0.002/0.038 secs] [Times: user=0.02 sys=0.00, real=0.04 secs] 
 (concurrent mode failure): 18010K->5900K(21888K), 0.0067111 secs] 27756K->5900K(31680K), [Metaspace: 2457K->2457K(1056768K)], 0.0069391 secs] [Times: user=0.00 sys=0.00, real=0.01 secs] 
2014-07-10T09:59:24.243+0200: 110.387: [GC (Allocation Failure) 110.387: [ParNew: 8686K->1059K(9792K), 0.0041102 secs] 14587K->11766K(31680K), 0.0042419 secs] [Times: user=0.00 sys=0.00, real=0.00 secs] 
2014-07-10T09:59:24.252+0200: 110.396: [GC (Allocation Failure) 110.396: [ParNew: 9745K->1059K(9792K), 0.0044556 secs] 20453K->17050K(31680K), 0.0046253 secs] [Times: user=0.03 sys=0.00, real=0.00 secs] 
2014-07-10T09:59:24.257+0200: 110.401: [GC (CMS Initial Mark) [1 CMS-initial-mark: 15990K(21888K)] 17082K(31680K), 0.0001686 secs] [Times: user=0.00 sys=0.00, real=0.00 secs] 
2014-07-10T09:59:24.257+0200: 110.401: [CMS-concurrent-mark-start]
2014-07-10T09:59:24.258+0200: 110.402: [CMS-concurrent-mark: 0.001/0.001 secs] [Times: user=0.00 sys=0.00, real=0.00 secs] 
2014-07-10T09:59:24.258+0200: 110.402: [CMS-concurrent-preclean-start]
2014-07-10T09:59:24.258+0200: 110.402: [CMS-concurrent-preclean: 0.000/0.000 secs] [Times: user=0.00 sys=0.00, real=0.00 secs] 
2014-07-10T09:59:24.258+0200: 110.402: [GC (CMS Final Remark) [YG occupancy: 2918 K (9792 K)]110.402: [Rescan (parallel) , 0.0000840 secs]110.402: [weak refs processing, 0.0000264 secs]110.402: [class unloading, 0.0004308 secs]110.403: [scrub symbol table, 0.0006555 secs]110.403: [scrub string table, 0.0002053 secs][1 CMS-remark: 15990K(21888K)] 18909K(31680K), 0.0015266 secs] [Times: user=0.00 sys=0.00, real=0.00 secs] 
2014-07-10T09:59:24.260+0200: 110.404: [CMS-concurrent-sweep-start]
2014-07-10T09:59:24.260+0200: 110.404: [CMS-concurrent-sweep: 0.000/0.000 secs] [Times: user=0.00 sys=0.00, real=0.00 secs] 
2014-07-10T09:59:24.260+0200: 110.404: [CMS-concurrent-reset-start]
2014-07-10T09:59:24.260+0200: 110.404: [CMS-concurrent-reset: 0.000/0.000 secs] [Times: user=0.00 sys=0.00, real=0.00 secs] 
2014-07-10T09:59:24.294+0200: 110.437: [GC (Allocation Failure) 110.438: [ParNew: 9745K->1059K(9792K), 0.0062686 secs] 15553K->12631K(31680K), 0.0064024 secs] [Times: user=0.02 sys=0.00, real=0.01 secs] 
2014-07-10T09:59:24.301+0200: 110.445: [GC (CMS Initial Mark) [1 CMS-initial-mark: 11571K(21888K)] 14009K(31680K), 0.0002075 secs] [Times: user=0.00 sys=0.00, real=0.00 secs] 
2014-07-10T09:59:24.301+0200: 110.445: [CMS-concurrent-mark-start]
2014-07-10T09:59:24.302+0200: 110.446: [CMS-concurrent-mark: 0.001/0.001 secs] [Times: user=0.00 sys=0.00, real=0.00 secs] 
2014-07-10T09:59:24.302+0200: 110.446: [CMS-concurrent-preclean-start]
2014-07-10T09:59:24.302+0200: 110.446: [CMS-concurrent-preclean: 0.000/0.000 secs] [Times: user=0.00 sys=0.00, real=0.00 secs] 
2014-07-10T09:59:24.302+0200: 110.446: [GC (CMS Final Remark) [YG occupancy: 2438 K (9792 K)]110.446: [Rescan (parallel) , 0.0001576 secs]110.446: [weak refs processing, 0.0000260 secs]110.446: [class unloading, 0.0004744 secs]110.447: [scrub symbol table, 0.0005870 secs]110.447: [scrub string table, 0.0001877 secs][1 CMS-remark: 11571K(21888K)] 14009K(31680K), 0.0015574 secs] [Times: user=0.00 sys=0.00, real=0.00 secs] 
2014-07-10T09:59:24.304+0200: 110.448: [CMS-concurrent-sweep-start]
2014-07-10T09:59:24.304+0200: 110.448: [CMS-concurrent-sweep: 0.000/0.000 secs] [Times: user=0.00 sys=0.00, real=0.00 secs] 
2014-07-10T09:59:24.304+0200: 110.448: [CMS-concurrent-reset-start]
2014-07-10T09:59:24.304+0200: 110.448: [CMS-concurrent-reset: 0.000/0.000 secs] [Times: user=0.00 sys=0.00, real=0.00 secs] 
2014-07-10T09:59:24.344+0200: 110.488: [GC (Allocation Failure) 110.488: [ParNew: 9745K->1059K(9792K), 0.0217739 secs] 10269K->7827K(31680K), 0.0219143 secs] [Times: user=0.01 sys=0.00, real=0.02 secs] 
2014-07-10T09:59:24.370+0200: 110.514: [GC (Allocation Failure) 110.514: [ParNew: 9757K->1059K(9792K), 0.0175478 secs] 16525K->13015K(31680K), 0.0176941 secs] [Times: user=0.02 sys=0.00, real=0.02 secs] 
2014-07-10T09:59:24.389+0200: 110.533: [GC (CMS Initial Mark) [1 CMS-initial-mark: 11955K(21888K)] 15488K(31680K), 0.0002365 secs] [Times: user=0.00 sys=0.00, real=0.00 secs] 
2014-07-10T09:59:24.389+0200: 110.533: [CMS-concurrent-mark-start]
2014-07-10T09:59:24.390+0200: 110.534: [CMS-concurrent-mark: 0.001/0.001 secs] [Times: user=0.00 sys=0.00, real=0.00 secs] 
2014-07-10T09:59:24.390+0200: 110.534: [CMS-concurrent-preclean-start]
2014-07-10T09:59:24.390+0200: 110.534: [CMS-concurrent-preclean: 0.000/0.000 secs] [Times: user=0.00 sys=0.00, real=0.00 secs] 
2014-07-10T09:59:24.390+0200: 110.534: [CMS-concurrent-abortable-preclean-start]
2014-07-10T09:59:24.394+0200: 110.538: [GC (Allocation Failure) 110.538: [ParNew: 9751K->1059K(9792K), 0.0045682 secs] 21707K->18172K(31680K), 0.0047313 secs] [Times: user=0.00 sys=0.00, real=0.00 secs] 
2014-07-10T09:59:24.443+0200: 110.587: [GC (Allocation Failure) 110.587: [ParNew: 9745K->9745K(9792K), 0.0000477 secs]110.587: [CMS2014-07-10T09:59:24.444+0200: 110.588: [CMS-concurrent-abortable-preclean: 0.001/0.054 secs] [Times: user=0.01 sys=0.00, real=0.05 secs] 
 (concurrent mode failure): 17112K->7213K(21888K), 0.0080093 secs] 26858K->7213K(31680K), [Metaspace: 2457K->2457K(1056768K)], 0.0082337 secs] [Times: user=0.00 sys=0.00, real=0.01 secs] 
2014-07-10T09:59:24.456+0200: 110.600: [GC (Allocation Failure) 110.600: [ParNew: 8686K->1059K(9792K), 0.0052372 secs] 15899K->14392K(31680K), 0.0053854 secs] [Times: user=0.00 sys=0.00, real=0.00 secs] 
2014-07-10T09:59:24.462+0200: 110.606: [GC (CMS Initial Mark) [1 CMS-initial-mark: 13332K(21888K)] 14424K(31680K), 0.0001892 secs] [Times: user=0.00 sys=0.00, real=0.00 secs] 
2014-07-10T09:59:24.462+0200: 110.606: [CMS-concurrent-mark-start]
2014-07-10T09:59:24.463+0200: 110.606: [CMS-concurrent-mark: 0.001/0.001 secs] [Times: user=0.00 sys=0.00, real=0.00 secs] 
2014-07-10T09:59:24.463+0200: 110.607: [CMS-concurrent-preclean-start]
2014-07-10T09:59:24.463+0200: 110.607: [CMS-concurrent-preclean: 0.000/0.000 secs] [Times: user=0.00 sys=0.00, real=0.00 secs] 
2014-07-10T09:59:24.463+0200: 110.607: [GC (CMS Final Remark) [YG occupancy: 2086 K (9792 K)]110.607: [Rescan (parallel) , 0.0000829 secs]110.607: [weak refs processing, 0.0000557 secs]110.607: [class unloading, 0.0004484 secs]110.607: [scrub symbol table, 0.0006222 secs]110.608: [scrub string table, 0.0001763 secs][1 CMS-remark: 13332K(21888K)] 15418K(31680K), 0.0015138 secs] [Times: user=0.00 sys=0.00, real=0.00 secs] 
2014-07-10T09:59:24.465+0200: 110.608: [CMS-concurrent-sweep-start]
2014-07-10T09:59:24.465+0200: 110.609: [CMS-concurrent-sweep: 0.000/0.000 secs] [Times: user=0.00 sys=0.00, real=0.00 secs] 
2014-07-10T09:59:24.465+0200: 110.609: [CMS-concurrent-reset-start]
2014-07-10T09:59:24.465+0200: 110.609: [CMS-concurrent-reset: 0.000/0.000 secs] [Times: user=0.00 sys=0.00, real=0.00 secs] 
2014-07-10T09:59:24.494+0200: 110.638: [GC (Allocation Failure) 110.638: [ParNew: 9745K->1059K(9792K), 0.0056864 secs] 16384K->14295K(31680K), 0.0058403 secs] [Times: user=0.00 sys=0.00, real=0.01 secs] 
2014-07-10T09:59:24.500+0200: 110.644: [GC (CMS Initial Mark) [1 CMS-initial-mark: 13235K(21888K)] 14327K(31680K), 0.0001774 secs] [Times: user=0.00 sys=0.00, real=0.00 secs] 
2014-07-10T09:59:24.501+0200: 110.644: [CMS-concurrent-mark-start]
2014-07-10T09:59:24.501+0200: 110.645: [CMS-concurrent-mark: 0.001/0.001 secs] [Times: user=0.00 sys=0.00, real=0.00 secs] 
2014-07-10T09:59:24.501+0200: 110.645: [CMS-concurrent-preclean-start]
2014-07-10T09:59:24.501+0200: 110.645: [CMS-concurrent-preclean: 0.000/0.000 secs] [Times: user=0.00 sys=0.00, real=0.00 secs] 
2014-07-10T09:59:24.501+0200: 110.645: [GC (CMS Final Remark) [YG occupancy: 1605 K (9792 K)]110.645: [Rescan (parallel) , 0.0000851 secs]110.645: [weak refs processing, 0.0000268 secs]110.645: [class unloading, 0.0004330 secs]110.646: [scrub symbol table, 0.0007783 secs]110.647: [scrub string table, 0.0002112 secs][1 CMS-remark: 13235K(21888K)] 14841K(31680K), 0.0016747 secs] [Times: user=0.02 sys=0.00, real=0.00 secs] 
2014-07-10T09:59:24.503+0200: 110.647: [CMS-concurrent-sweep-start]
2014-07-10T09:59:24.504+0200: 110.648: [CMS-concurrent-sweep: 0.000/0.000 secs] [Times: user=0.00 sys=0.00, real=0.00 secs] 
2014-07-10T09:59:24.504+0200: 110.648: [CMS-concurrent-reset-start]
2014-07-10T09:59:24.504+0200: 110.648: [CMS-concurrent-reset: 0.000/0.000 secs] [Times: user=0.00 sys=0.00, real=0.00 secs] 
2014-07-10T09:59:24.544+0200: 110.688: [GC (Allocation Failure) 110.688: [ParNew: 9745K->1059K(9792K), 0.0057454 secs] 16865K->15255K(31680K), 0.0058946 secs] [Times: user=0.03 sys=0.00, real=0.01 secs] 
2014-07-10T09:59:24.550+0200: 110.694: [GC (CMS Initial Mark) [1 CMS-initial-mark: 14195K(21888K)] 16412K(31680K), 0.0001609 secs] [Times: user=0.00 sys=0.00, real=0.00 secs] 
2014-07-10T09:59:24.551+0200: 110.694: [CMS-concurrent-mark-start]
2014-07-10T09:59:24.551+0200: 110.695: [CMS-concurrent-mark: 0.001/0.001 secs] [Times: user=0.00 sys=0.00, real=0.00 secs] 
2014-07-10T09:59:24.551+0200: 110.695: [CMS-concurrent-preclean-start]
2014-07-10T09:59:24.552+0200: 110.696: [CMS-concurrent-preclean: 0.000/0.000 secs] [Times: user=0.00 sys=0.00, real=0.00 secs] 
2014-07-10T09:59:24.552+0200: 110.696: [CMS-concurrent-abortable-preclean-start]
2014-07-10T09:59:24.591+0200: 110.735: [GC (Allocation Failure) 110.735: [ParNew: 9756K->9756K(9792K), 0.0000964 secs]110.735: [CMS2014-07-10T09:59:24.592+0200: 110.736: [CMS-concurrent-abortable-preclean: 0.000/0.040 secs] [Times: user=0.00 sys=0.00, real=0.04 secs] 
 (concurrent mode failure): 14195K->946K(21888K), 0.0076914 secs] 23952K->946K(31680K), [Metaspace: 2457K->2457K(1056768K)], 0.0082282 secs] [Times: user=0.02 sys=0.00, real=0.01 secs] 
2014-07-10T09:59:24.607+0200: 110.751: [GC (Allocation Failure) 110.751: [ParNew: 8681K->1059K(9792K), 0.0101988 secs] 9627K->9021K(31680K), 0.0104712 secs] [Times: user=0.03 sys=0.00, real=0.01 secs] 
2014-07-10T09:59:24.618+0200: 110.762: [GC (CMS Initial Mark) [1 CMS-initial-mark: 7962K(21888K)] 9151K(31680K), 0.0001969 secs] [Times: user=0.00 sys=0.00, real=0.00 secs] 
2014-07-10T09:59:24.618+0200: 110.762: [CMS-concurrent-mark-start]
2014-07-10T09:59:24.619+0200: 110.763: [CMS-concurrent-mark: 0.001/0.001 secs] [Times: user=0.00 sys=0.00, real=0.00 secs] 
2014-07-10T09:59:24.619+0200: 110.763: [CMS-concurrent-preclean-start]
2014-07-10T09:59:24.619+0200: 110.763: [CMS-concurrent-preclean: 0.000/0.000 secs] [Times: user=0.00 sys=0.00, real=0.00 secs] 
2014-07-10T09:59:24.619+0200: 110.763: [GC (CMS Final Remark) [YG occupancy: 1189 K (9792 K)]110.763: [Rescan (parallel) , 0.0000972 secs]110.763: [weak refs processing, 0.0000341 secs]110.763: [class unloading, 0.0004608 secs]110.764: [scrub symbol table, 0.0006229 secs]110.765: [scrub string table, 0.0001862 secs][1 CMS-remark: 7962K(21888K)] 9151K(31680K), 0.0015519 secs] [Times: user=0.00 sys=0.00, real=0.00 secs] 
2014-07-10T09:59:24.621+0200: 110.765: [CMS-concurrent-sweep-start]
2014-07-10T09:59:24.621+0200: 110.765: [CMS-concurrent-sweep: 0.000/0.000 secs] [Times: user=0.00 sys=0.00, real=0.00 secs] 
2014-07-10T09:59:24.621+0200: 110.765: [CMS-concurrent-reset-start]
2014-07-10T09:59:24.621+0200: 110.765: [CMS-concurrent-reset: 0.000/0.000 secs] [Times: user=0.00 sys=0.00, real=0.00 secs] 
2014-07-10T09:59:24.644+0200: 110.788: [GC (Allocation Failure) 110.788: [ParNew: 9747K->355K(9792K), 0.0006973 secs] 17283K->7891K(31680K), 0.0008040 secs] [Times: user=0.00 sys=0.00, real=0.00 secs] 
2014-07-10T09:59:24.691+0200: 110.835: [GC (Allocation Failure) 110.836: [ParNew: 9041K->837K(9792K), 0.0015684 secs] 16578K->8374K(31680K), 0.0019853 secs] [Times: user=0.00 sys=0.00, real=0.00 secs] 
2014-07-10T09:59:24.742+0200: 110.886: [GC (Allocation Failure) 110.886: [ParNew: 9523K->1059K(9792K), 0.0017360 secs] 17060K->8855K(31680K), 0.0019387 secs] [Times: user=0.00 sys=0.00, real=0.00 secs] 
2014-07-10T09:59:24.751+0200: 110.894: [GC (Allocation Failure) 110.895: [ParNew: 9745K->1059K(9792K), 0.0025682 secs] 17541K->9592K(31680K), 0.0030316 secs] [Times: user=0.03 sys=0.00, real=0.00 secs] 
2014-07-10T09:59:24.792+0200: 110.936: [GC (Allocation Failure) 110.936: [ParNew: 9745K->1059K(9792K), 0.0014251 secs] 18279K->10810K(31680K), 0.0015527 secs] [Times: user=0.00 sys=0.00, real=0.00 secs] 
2014-07-10T09:59:24.842+0200: 110.986: [GC (Allocation Failure) 110.986: [ParNew: 9745K->1059K(9792K), 0.0027204 secs] 19496K->12508K(31680K), 0.0029803 secs] [Times: user=0.00 sys=0.00, real=0.00 secs] 
2014-07-10T09:59:24.853+0200: 110.997: [GC (Allocation Failure) 110.998: [ParNew: 9745K->1059K(9792K), 0.0038789 secs] 21194K->14686K(31680K), 0.0042089 secs] [Times: user=0.00 sys=0.00, real=0.01 secs] 
2014-07-10T09:59:24.892+0200: 111.036: [GC (Allocation Failure) 111.036: [ParNew: 9759K->1061K(9792K), 0.0022943 secs] 23387K->15682K(31680K), 0.0025151 secs] [Times: user=0.00 sys=0.00, real=0.00 secs] 
2014-07-10T09:59:24.941+0200: 111.085: [GC (Allocation Failure) 111.085: [ParNew: 9747K->1059K(9792K), 0.0014878 secs] 24368K->17155K(31680K), 0.0015978 secs] [Times: user=0.00 sys=0.00, real=0.00 secs] 
2014-07-10T09:59:24.947+0200: 111.091: [GC (Allocation Failure) 111.091: [ParNew: 9745K->1059K(9792K), 0.0024395 secs] 25841K->19109K(31680K), 0.0025873 secs] [Times: user=0.00 sys=0.00, real=0.00 secs] 
2014-07-10T09:59:24.950+0200: 111.094: [GC (CMS Initial Mark) [1 CMS-initial-mark: 18050K(21888K)] 19141K(31680K), 0.0002141 secs] [Times: user=0.00 sys=0.00, real=0.00 secs] 
2014-07-10T09:59:24.950+0200: 111.094: [CMS-concurrent-mark-start]
2014-07-10T09:59:24.951+0200: 111.095: [CMS-concurrent-mark: 0.001/0.001 secs] [Times: user=0.00 sys=0.00, real=0.00 secs] 
2014-07-10T09:59:24.951+0200: 111.095: [CMS-concurrent-preclean-start]
2014-07-10T09:59:24.951+0200: 111.095: [CMS-concurrent-preclean: 0.000/0.000 secs] [Times: user=0.00 sys=0.00, real=0.00 secs] 
2014-07-10T09:59:24.951+0200: 111.095: [CMS-concurrent-abortable-preclean-start]
2014-07-10T09:59:24.993+0200: 111.137: [GC (Allocation Failure) 111.137: [ParNew: 9745K->1059K(9792K), 0.0036751 secs] 27795K->21544K(31680K), 0.0039192 secs] [Times: user=0.00 sys=0.00, real=0.00 secs] 
2014-07-10T09:59:25.043+0200: 111.187: [GC (Allocation Failure) 111.187: [ParNew: 9745K->9745K(9792K), 0.0000942 secs]111.187: [CMS2014-07-10T09:59:25.043+0200: 111.187: [CMS-concurrent-abortable-preclean: 0.001/0.092 secs] [Times: user=0.00 sys=0.00, real=0.09 secs] 
 (concurrent mode failure): 20484K->4492K(21888K), 0.0115278 secs] 30230K->4492K(31680K), [Metaspace: 2457K->2457K(1056768K)], 0.0119249 secs] [Times: user=0.02 sys=0.00, real=0.01 secs] 
2014-07-10T09:59:25.062+0200: 111.206: [GC (Allocation Failure) 111.206: [ParNew: 8686K->1059K(9792K), 0.0060603 secs] 13178K->8950K(31680K), 0.0062858 secs] [Times: user=0.03 sys=0.00, real=0.01 secs] 
2014-07-10T09:59:25.093+0200: 111.237: [GC (Allocation Failure) 111.237: [ParNew: 9745K->1059K(9792K), 0.0038169 secs] 17636K->12824K(31680K), 0.0039735 secs] [Times: user=0.03 sys=0.00, real=0.00 secs] 
2014-07-10T09:59:25.144+0200: 111.288: [GC (Allocation Failure) 111.289: [ParNew: 9755K->1061K(9792K), 0.0047482 secs] 21520K->15645K(31680K), 0.0050968 secs] [Times: user=0.00 sys=0.00, real=0.01 secs] 
2014-07-10T09:59:25.150+0200: 111.294: [GC (CMS Initial Mark) [1 CMS-initial-mark: 14583K(21888K)] 15711K(31680K), 0.0004066 secs] [Times: user=0.00 sys=0.00, real=0.00 secs] 
2014-07-10T09:59:25.151+0200: 111.295: [CMS-concurrent-mark-start]
2014-07-10T09:59:25.153+0200: 111.297: [CMS-concurrent-mark: 0.002/0.002 secs] [Times: user=0.00 sys=0.00, real=0.00 secs] 
2014-07-10T09:59:25.153+0200: 111.297: [CMS-concurrent-preclean-start]
2014-07-10T09:59:25.154+0200: 111.298: [CMS-concurrent-preclean: 0.000/0.000 secs] [Times: user=0.00 sys=0.00, real=0.00 secs] 
2014-07-10T09:59:25.154+0200: 111.298: [CMS-concurrent-abortable-preclean-start]
2014-07-10T09:59:25.159+0200: 111.302: [GC (Allocation Failure) 111.303: [ParNew: 9747K->1059K(9792K), 0.0032043 secs] 24331K->18943K(31680K), 0.0033832 secs] [Times: user=0.00 sys=0.00, real=0.00 secs] 
2014-07-10T09:59:25.193+0200: 111.336: [GC (Allocation Failure) 111.337: [ParNew: 9745K->9745K(9792K), 0.0000601 secs]111.337: [CMS2014-07-10T09:59:25.193+0200: 111.337: [CMS-concurrent-abortable-preclean: 0.001/0.039 secs] [Times: user=0.01 sys=0.00, real=0.04 secs] 
 (concurrent mode failure): 17883K->5357K(21888K), 0.0072005 secs] 27629K->5357K(31680K), [Metaspace: 2457K->2457K(1056768K)], 0.0074586 secs] [Times: user=0.00 sys=0.00, real=0.01 secs] 
2014-07-10T09:59:25.242+0200: 111.386: [GC (Allocation Failure) 111.386: [ParNew: 8686K->1059K(9792K), 0.0042804 secs] 14043K->10678K(31680K), 0.0044354 secs] [Times: user=0.00 sys=0.00, real=0.00 secs] 
2014-07-10T09:59:25.251+0200: 111.395: [GC (Allocation Failure) 111.395: [ParNew: 9745K->1059K(9792K), 0.0049022 secs] 19365K->15418K(31680K), 0.0050792 secs] [Times: user=0.00 sys=0.00, real=0.01 secs] 
2014-07-10T09:59:25.257+0200: 111.401: [GC (CMS Initial Mark) [1 CMS-initial-mark: 14358K(21888K)] 15484K(31680K), 0.0002625 secs] [Times: user=0.00 sys=0.00, real=0.00 secs] 
2014-07-10T09:59:25.257+0200: 111.401: [CMS-concurrent-mark-start]
2014-07-10T09:59:25.259+0200: 111.403: [CMS-concurrent-mark: 0.001/0.001 secs] [Times: user=0.00 sys=0.00, real=0.00 secs] 
2014-07-10T09:59:25.259+0200: 111.403: [CMS-concurrent-preclean-start]
2014-07-10T09:59:25.259+0200: 111.403: [CMS-concurrent-preclean: 0.000/0.000 secs] [Times: user=0.00 sys=0.00, real=0.00 secs] 
2014-07-10T09:59:25.259+0200: 111.403: [CMS-concurrent-abortable-preclean-start]
2014-07-10T09:59:25.342+0200: 111.486: [GC (Allocation Failure) 111.486: [ParNew: 9745K->1059K(9792K), 0.0046290 secs] 24104K->20637K(31680K), 0.0047911 secs] [Times: user=0.03 sys=0.00, real=0.00 secs] 
2014-07-10T09:59:25.348+0200: 111.492: [CMS-concurrent-abortable-preclean: 0.001/0.089 secs] [Times: user=0.03 sys=0.00, real=0.09 secs] 
2014-07-10T09:59:25.351+0200: 111.495: [GC (Allocation Failure) 111.495: [ParNew: 9745K->9745K(9792K), 0.0000455 secs]111.495: [CMS (concurrent mode failure): 19578K->7278K(21888K), 0.0081387 secs] 29324K->7278K(31680K), [Metaspace: 2457K->2457K(1056768K)], 0.0083418 secs] [Times: user=0.00 sys=0.00, real=0.01 secs] 
2014-07-10T09:59:25.363+0200: 111.507: [GC (Allocation Failure) 111.507: [ParNew: 8686K->1059K(9792K), 0.0053791 secs] 15964K->14520K(31680K), 0.0055470 secs] [Times: user=0.00 sys=0.00, real=0.01 secs] 
2014-07-10T09:59:25.394+0200: 111.538: [GC (Allocation Failure) 111.538: [ParNew: 9757K->1059K(9792K), 0.0045678 secs] 23218K->19644K(31680K), 0.0047262 secs] [Times: user=0.00 sys=0.00, real=0.00 secs] 
2014-07-10T09:59:25.399+0200: 111.543: [GC (CMS Initial Mark) [1 CMS-initial-mark: 18584K(21888K)] 19870K(31680K), 0.0001760 secs] [Times: user=0.00 sys=0.00, real=0.00 secs] 
2014-07-10T09:59:25.399+0200: 111.543: [CMS-concurrent-mark-start]
2014-07-10T09:59:25.400+0200: 111.544: [CMS-concurrent-mark: 0.001/0.001 secs] [Times: user=0.00 sys=0.00, real=0.00 secs] 
2014-07-10T09:59:25.400+0200: 111.544: [CMS-concurrent-preclean-start]
2014-07-10T09:59:25.400+0200: 111.544: [CMS-concurrent-preclean: 0.000/0.000 secs] [Times: user=0.00 sys=0.00, real=0.00 secs] 
2014-07-10T09:59:25.400+0200: 111.544: [GC (CMS Final Remark) [YG occupancy: 1285 K (9792 K)]111.544: [Rescan (parallel) , 0.0000814 secs]111.544: [weak refs processing, 0.0000693 secs]111.544: [class unloading, 0.0004381 secs]111.544: [scrub symbol table, 0.0006097 secs]111.545: [scrub string table, 0.0001723 secs][1 CMS-remark: 18584K(21888K)] 19870K(31680K), 0.0014969 secs] [Times: user=0.00 sys=0.00, real=0.00 secs] 
2014-07-10T09:59:25.402+0200: 111.546: [CMS-concurrent-sweep-start]
2014-07-10T09:59:25.402+0200: 111.546: [CMS-concurrent-sweep: 0.000/0.000 secs] [Times: user=0.00 sys=0.00, real=0.00 secs] 
2014-07-10T09:59:25.402+0200: 111.546: [CMS-concurrent-reset-start]
2014-07-10T09:59:25.403+0200: 111.547: [CMS-concurrent-reset: 0.000/0.000 secs] [Times: user=0.00 sys=0.00, real=0.00 secs] 
2014-07-10T09:59:25.444+0200: 111.588: [GC (Allocation Failure) 111.588: [ParNew: 9745K->1059K(9792K), 0.0050063 secs] 15392K->12311K(31680K), 0.0051731 secs] [Times: user=0.00 sys=0.00, real=0.00 secs] 
2014-07-10T09:59:25.449+0200: 111.593: [GC (CMS Initial Mark) [1 CMS-initial-mark: 11252K(21888K)] 12377K(31680K), 0.0001694 secs] [Times: user=0.00 sys=0.00, real=0.00 secs] 
2014-07-10T09:59:25.449+0200: 111.593: [CMS-concurrent-mark-start]
2014-07-10T09:59:25.450+0200: 111.594: [CMS-concurrent-mark: 0.001/0.001 secs] [Times: user=0.00 sys=0.00, real=0.00 secs] 
2014-07-10T09:59:25.450+0200: 111.594: [CMS-concurrent-preclean-start]
2014-07-10T09:59:25.450+0200: 111.594: [CMS-concurrent-preclean: 0.000/0.000 secs] [Times: user=0.00 sys=0.00, real=0.00 secs] 
2014-07-10T09:59:25.450+0200: 111.594: [CMS-concurrent-abortable-preclean-start]
2014-07-10T09:59:25.453+0200: 111.597: [GC (Allocation Failure) 111.597: [ParNew: 9745K->1059K(9792K), 0.0055430 secs] 20997K->18395K(31680K), 0.0056805 secs] [Times: user=0.03 sys=0.00, real=0.01 secs] 
2014-07-10T09:59:25.495+0200: 111.639: [GC (Allocation Failure) 111.639: [ParNew: 9745K->9745K(9792K), 0.0000473 secs]111.639: [CMS2014-07-10T09:59:25.495+0200: 111.639: [CMS-concurrent-abortable-preclean: 0.001/0.045 secs] [Times: user=0.03 sys=0.00, real=0.04 secs] 
 (concurrent mode failure): 17336K->8142K(21888K), 0.0090377 secs] 27081K->8142K(31680K), [Metaspace: 2457K->2457K(1056768K)], 0.0092239 secs] [Times: user=0.02 sys=0.00, real=0.01 secs] 
2014-07-10T09:59:25.543+0200: 111.687: [GC (Allocation Failure) 111.687: [ParNew: 8686K->1059K(9792K), 0.0060783 secs] 16828K->16249K(31680K), 0.0062352 secs] [Times: user=0.03 sys=0.00, real=0.01 secs] 
2014-07-10T09:59:25.550+0200: 111.694: [GC (CMS Initial Mark) [1 CMS-initial-mark: 15190K(21888K)] 16315K(31680K), 0.0001785 secs] [Times: user=0.00 sys=0.00, real=0.00 secs] 
2014-07-10T09:59:25.550+0200: 111.694: [CMS-concurrent-mark-start]
2014-07-10T09:59:25.551+0200: 111.695: [CMS-concurrent-mark: 0.001/0.001 secs] [Times: user=0.00 sys=0.00, real=0.00 secs] 
2014-07-10T09:59:25.551+0200: 111.695: [CMS-concurrent-preclean-start]
2014-07-10T09:59:25.551+0200: 111.695: [CMS-concurrent-preclean: 0.000/0.000 secs] [Times: user=0.00 sys=0.00, real=0.00 secs] 
2014-07-10T09:59:25.551+0200: 111.695: [CMS-concurrent-abortable-preclean-start]
2014-07-10T09:59:25.591+0200: 111.735: [GC (Allocation Failure) 111.735: [ParNew: 9747K->9747K(9792K), 0.0000422 secs]111.735: [CMS2014-07-10T09:59:25.591+0200: 111.735: [CMS-concurrent-abortable-preclean: 0.000/0.040 secs] [Times: user=0.00 sys=0.00, real=0.04 secs] 
 (concurrent mode failure): 15190K->907K(21888K), 0.0030676 secs] 24937K->907K(31680K), [Metaspace: 2457K->2457K(1056768K)], 0.0032355 secs] [Times: user=0.02 sys=0.00, real=0.00 secs] 
2014-07-10T09:59:25.597+0200: 111.741: [GC (Allocation Failure) 111.742: [ParNew: 8697K->876K(9792K), 0.0010625 secs] 9604K->1783K(31680K), 0.0013382 secs] [Times: user=0.00 sys=0.00, real=0.00 secs] 
2014-07-10T09:59:25.644+0200: 111.788: [GC (Allocation Failure) 111.788: [ParNew: 9556K->325K(9792K), 0.0006805 secs] 10463K->1236K(31680K), 0.0007824 secs] [Times: user=0.00 sys=0.00, real=0.00 secs] 
2014-07-10T09:59:25.691+0200: 111.835: [GC (Allocation Failure) 111.835: [ParNew: 9011K->805K(9792K), 0.0006874 secs] 9923K->1717K(31680K), 0.0007670 secs] [Times: user=0.00 sys=0.00, real=0.00 secs] 
2014-07-10T09:59:25.742+0200: 111.886: [GC (Allocation Failure) 111.886: [ParNew: 9491K->1059K(9792K), 0.0020256 secs] 10403K->2198K(31680K), 0.0022196 secs] [Times: user=0.00 sys=0.00, real=0.00 secs] 
2014-07-10T09:59:25.752+0200: 111.896: [GC (Allocation Failure) 111.896: [ParNew: 9745K->1059K(9792K), 0.0059247 secs] 10884K->2903K(31680K), 0.0061578 secs] [Times: user=0.00 sys=0.00, real=0.01 secs] 
2014-07-10T09:59:25.792+0200: 111.936: [GC (Allocation Failure) 111.936: [ParNew: 9745K->1059K(9792K), 0.0027017 secs] 11590K->4089K(31680K), 0.0029356 secs] [Times: user=0.00 sys=0.00, real=0.00 secs] 
2014-07-10T09:59:25.842+0200: 111.986: [GC (Allocation Failure) 111.987: [ParNew: 9745K->1059K(9792K), 0.0027541 secs] 12775K->5755K(31680K), 0.0030357 secs] [Times: user=0.03 sys=0.00, real=0.00 secs] 
2014-07-10T09:59:25.858+0200: 112.002: [GC (Allocation Failure) 112.002: [ParNew: 9760K->1059K(9792K), 0.0029480 secs] 14456K->6749K(31680K), 0.0032765 secs] [Times: user=0.03 sys=0.00, real=0.00 secs] 
2014-07-10T09:59:25.891+0200: 112.035: [GC (Allocation Failure) 112.035: [ParNew: 9749K->1059K(9792K), 0.0010625 secs] 15438K->7200K(31680K), 0.0011607 secs] [Times: user=0.00 sys=0.00, real=0.00 secs] 
2014-07-10T09:59:25.941+0200: 112.085: [GC (Allocation Failure) 112.085: [ParNew: 9745K->1059K(9792K), 0.0010819 secs] 15886K->8130K(31680K), 0.0011838 secs] [Times: user=0.00 sys=0.00, real=0.00 secs] 
2014-07-10T09:59:25.946+0200: 112.090: [GC (Allocation Failure) 112.090: [ParNew: 9745K->1059K(9792K), 0.0018951 secs] 16816K->9539K(31680K), 0.0020483 secs] [Times: user=0.00 sys=0.00, real=0.00 secs] 
2014-07-10T09:59:25.991+0200: 112.135: [GC (Allocation Failure) 112.135: [ParNew: 9745K->1059K(9792K), 0.0016187 secs] 18226K->11429K(31680K), 0.0017393 secs] [Times: user=0.00 sys=0.00, real=0.00 secs] 
2014-07-10T09:59:26.043+0200: 112.187: [GC (Allocation Failure) 112.187: [ParNew: 9745K->1059K(9792K), 0.0035269 secs] 20116K->13800K(31680K), 0.0037726 secs] [Times: user=0.02 sys=0.00, real=0.00 secs] 
2014-07-10T09:59:26.054+0200: 112.198: [GC (Allocation Failure) 112.198: [ParNew: 9745K->1059K(9792K), 0.0046140 secs] 22486K->16650K(31680K), 0.0048384 secs] [Times: user=0.00 sys=0.00, real=0.00 secs] 
2014-07-10T09:59:26.059+0200: 112.203: [GC (CMS Initial Mark) [1 CMS-initial-mark: 15591K(21888K)] 16716K(31680K), 0.0002610 secs] [Times: user=0.00 sys=0.00, real=0.00 secs] 
2014-07-10T09:59:26.059+0200: 112.203: [CMS-concurrent-mark-start]
2014-07-10T09:59:26.060+0200: 112.204: [CMS-concurrent-mark: 0.001/0.001 secs] [Times: user=0.00 sys=0.00, real=0.00 secs] 
2014-07-10T09:59:26.061+0200: 112.205: [CMS-concurrent-preclean-start]
2014-07-10T09:59:26.061+0200: 112.205: [CMS-concurrent-preclean: 0.000/0.000 secs] [Times: user=0.00 sys=0.00, real=0.00 secs] 
2014-07-10T09:59:26.061+0200: 112.205: [CMS-concurrent-abortable-preclean-start]
2014-07-10T09:59:26.093+0200: 112.237: [GC (Allocation Failure) 112.237: [ParNew: 9751K->1059K(9792K), 0.0035489 secs] 25342K->18956K(31680K), 0.0038118 secs] [Times: user=0.03 sys=0.00, real=0.00 secs] 
2014-07-10T09:59:26.144+0200: 112.288: [GC (Allocation Failure) 112.288: [ParNew: 9745K->1059K(9792K), 0.0054759 secs] 27642K->21743K(31680K), 0.0057359 secs] [Times: user=0.00 sys=0.00, real=0.01 secs] 
2014-07-10T09:59:26.152+0200: 112.296: [CMS-concurrent-abortable-preclean: 0.003/0.091 secs] [Times: user=0.03 sys=0.00, real=0.09 secs] 
2014-07-10T09:59:26.153+0200: 112.297: [GC (CMS Final Remark) [YG occupancy: 4265 K (9792 K)]112.297: [Rescan (parallel) , 0.0003886 secs]112.297: [weak refs processing, 0.0000667 secs]112.297: [class unloading, 0.0011967 secs]112.298: [scrub symbol table, 0.0013195 secs]112.300: [scrub string table, 0.0004627 secs][1 CMS-remark: 20684K(21888K)] 24949K(31680K), 0.0038063 secs] [Times: user=0.02 sys=0.00, real=0.00 secs] 
2014-07-10T09:59:26.157+0200: 112.302: [CMS-concurrent-sweep-start]
2014-07-10T09:59:26.159+0200: 112.303: [CMS-concurrent-sweep: 0.001/0.001 secs] [Times: user=0.00 sys=0.00, real=0.00 secs] 
2014-07-10T09:59:26.159+0200: 112.303: [CMS-concurrent-reset-start]
2014-07-10T09:59:26.159+0200: 112.303: [CMS-concurrent-reset: 0.000/0.000 secs] [Times: user=0.00 sys=0.00, real=0.00 secs] 
2014-07-10T09:59:26.162+0200: 112.306: [GC (Allocation Failure) 112.306: [ParNew: 9745K->1059K(9792K), 0.0052556 secs] 18214K->12795K(31680K), 0.0054752 secs] [Times: user=0.00 sys=0.00, real=0.01 secs] 
2014-07-10T09:59:26.168+0200: 112.312: [GC (CMS Initial Mark) [1 CMS-initial-mark: 11735K(21888K)] 12861K(31680K), 0.0003670 secs] [Times: user=0.00 sys=0.00, real=0.00 secs] 
2014-07-10T09:59:26.169+0200: 112.313: [CMS-concurrent-mark-start]
2014-07-10T09:59:26.171+0200: 112.315: [CMS-concurrent-mark: 0.003/0.003 secs] [Times: user=0.00 sys=0.00, real=0.00 secs] 
2014-07-10T09:59:26.171+0200: 112.315: [CMS-concurrent-preclean-start]
2014-07-10T09:59:26.172+0200: 112.316: [CMS-concurrent-preclean: 0.000/0.000 secs] [Times: user=0.03 sys=0.00, real=0.00 secs] 
2014-07-10T09:59:26.172+0200: 112.316: [CMS-concurrent-abortable-preclean-start]
2014-07-10T09:59:26.192+0200: 112.336: [GC (Allocation Failure) 112.336: [ParNew: 9745K->1059K(9792K), 0.0036564 secs] 21481K->16542K(31680K), 0.0037894 secs] [Times: user=0.00 sys=0.00, real=0.00 secs] 
2014-07-10T09:59:26.244+0200: 112.388: [GC (Allocation Failure) 112.389: [ParNew: 9745K->1059K(9792K), 0.0070176 secs] 25228K->20769K(31680K), 0.0079734 secs] [Times: user=0.03 sys=0.00, real=0.01 secs] 
2014-07-10T09:59:26.265+0200: 112.409: [GC (Allocation Failure) 112.409: [ParNew: 9745K->9745K(9792K), 0.0001008 secs]112.409: [CMS2014-07-10T09:59:26.265+0200: 112.409: [CMS-concurrent-abortable-preclean: 0.002/0.093 secs] [Times: user=0.03 sys=0.02, real=0.09 secs] 
 (concurrent mode failure): 19709K->6286K(21888K), 0.0088140 secs] 29455K->6286K(31680K), [Metaspace: 2457K->2457K(1056768K)], 0.0091928 secs] [Times: user=0.00 sys=0.00, real=0.01 secs] 
2014-07-10T09:59:26.347+0200: 112.491: [GC (Allocation Failure) 112.491: [ParNew: 8686K->1059K(9792K), 0.0203723 secs] 14972K->12534K(31680K), 0.0205204 secs] [Times: user=0.02 sys=0.00, real=0.02 secs] 
2014-07-10T09:59:26.368+0200: 112.512: [GC (CMS Initial Mark) [1 CMS-initial-mark: 11474K(21888K)] 12600K(31680K), 0.0001760 secs] [Times: user=0.00 sys=0.00, real=0.00 secs] 
2014-07-10T09:59:26.368+0200: 112.512: [CMS-concurrent-mark-start]
2014-07-10T09:59:26.369+0200: 112.513: [CMS-concurrent-mark: 0.001/0.001 secs] [Times: user=0.00 sys=0.00, real=0.00 secs] 
2014-07-10T09:59:26.369+0200: 112.513: [CMS-concurrent-preclean-start]
2014-07-10T09:59:26.369+0200: 112.513: [CMS-concurrent-preclean: 0.000/0.000 secs] [Times: user=0.00 sys=0.00, real=0.00 secs] 
2014-07-10T09:59:26.369+0200: 112.513: [CMS-concurrent-abortable-preclean-start]
2014-07-10T09:59:26.372+0200: 112.516: [GC (Allocation Failure) 112.516: [ParNew: 9745K->1059K(9792K), 0.0048571 secs] 21220K->18204K(31680K), 0.0050459 secs] [Times: user=0.03 sys=0.00, real=0.01 secs] 
2014-07-10T09:59:26.382+0200: 112.526: [GC (Allocation Failure) 112.526: [ParNew: 9745K->9745K(9792K), 0.0000462 secs]112.526: [CMS2014-07-10T09:59:26.382+0200: 112.526: [CMS-concurrent-abortable-preclean: 0.001/0.013 secs] [Times: user=0.03 sys=0.00, real=0.01 secs] 
 (concurrent mode failure): 17144K->7726K(21888K), 0.0083374 secs] 26890K->7726K(31680K), [Metaspace: 2457K->2457K(1056768K)], 0.0085468 secs] [Times: user=0.02 sys=0.00, real=0.01 secs] 
2014-07-10T09:59:26.396+0200: 112.540: [GC (Allocation Failure) 112.540: [ParNew: 8695K->1059K(9792K), 0.0042389 secs] 16422K->13881K(31680K), 0.0043859 secs] [Times: user=0.00 sys=0.00, real=0.00 secs] 
2014-07-10T09:59:26.400+0200: 112.544: [GC (CMS Initial Mark) [1 CMS-initial-mark: 12821K(21888K)] 13913K(31680K), 0.0001818 secs] [Times: user=0.00 sys=0.00, real=0.00 secs] 
2014-07-10T09:59:26.401+0200: 112.545: [CMS-concurrent-mark-start]
2014-07-10T09:59:26.401+0200: 112.545: [CMS-concurrent-mark: 0.001/0.001 secs] [Times: user=0.00 sys=0.00, real=0.00 secs] 
2014-07-10T09:59:26.402+0200: 112.546: [CMS-concurrent-preclean-start]
2014-07-10T09:59:26.402+0200: 112.546: [CMS-concurrent-preclean: 0.000/0.000 secs] [Times: user=0.00 sys=0.00, real=0.00 secs] 
2014-07-10T09:59:26.402+0200: 112.546: [CMS-concurrent-abortable-preclean-start]
2014-07-10T09:59:26.471+0200: 112.615: [GC (Allocation Failure) 112.615: [ParNew: 9745K->1059K(9792K), 0.0050107 secs] 22567K->19453K(31680K), 0.0051676 secs] [Times: user=0.00 sys=0.00, real=0.01 secs] 
2014-07-10T09:59:26.478+0200: 112.622: [CMS-concurrent-abortable-preclean: 0.001/0.076 secs] [Times: user=0.00 sys=0.00, real=0.08 secs] 
2014-07-10T09:59:26.478+0200: 112.622: [GC (CMS Final Remark) [YG occupancy: 4843 K (9792 K)]112.622: [Rescan (parallel) , 0.0001181 secs]112.622: [weak refs processing, 0.0000286 secs]112.622: [class unloading, 0.0005991 secs]112.623: [scrub symbol table, 0.0006112 secs]112.623: [scrub string table, 0.0002145 secs][1 CMS-remark: 18394K(21888K)] 23237K(31680K), 0.0017085 secs] [Times: user=0.00 sys=0.00, real=0.00 secs] 
2014-07-10T09:59:26.480+0200: 112.624: [CMS-concurrent-sweep-start]
2014-07-10T09:59:26.480+0200: 112.624: [CMS-concurrent-sweep: 0.000/0.000 secs] [Times: user=0.00 sys=0.00, real=0.00 secs] 
2014-07-10T09:59:26.480+0200: 112.624: [CMS-concurrent-reset-start]
2014-07-10T09:59:26.480+0200: 112.624: [CMS-concurrent-reset: 0.000/0.000 secs] [Times: user=0.00 sys=0.00, real=0.00 secs] 
2014-07-10T09:59:26.482+0200: 112.626: [GC (Allocation Failure) 112.626: [ParNew: 9745K->1059K(9792K), 0.0052475 secs] 20934K->18300K(31680K), 0.0053590 secs] [Times: user=0.03 sys=0.00, real=0.00 secs] 
2014-07-10T09:59:26.487+0200: 112.631: [GC (CMS Initial Mark) [1 CMS-initial-mark: 17240K(21888K)] 18332K(31680K), 0.0002196 secs] [Times: user=0.00 sys=0.00, real=0.00 secs] 
2014-07-10T09:59:26.488+0200: 112.632: [CMS-concurrent-mark-start]
2014-07-10T09:59:26.488+0200: 112.632: [CMS-concurrent-mark: 0.001/0.001 secs] [Times: user=0.00 sys=0.00, real=0.00 secs] 
2014-07-10T09:59:26.488+0200: 112.632: [CMS-concurrent-preclean-start]
2014-07-10T09:59:26.489+0200: 112.633: [CMS-concurrent-preclean: 0.000/0.000 secs] [Times: user=0.00 sys=0.00, real=0.00 secs] 
2014-07-10T09:59:26.489+0200: 112.633: [GC (CMS Final Remark) [YG occupancy: 2150 K (9792 K)]112.633: [Rescan (parallel) , 0.0000909 secs]112.633: [weak refs processing, 0.0000264 secs]112.633: [class unloading, 0.0004509 secs]112.634: [scrub symbol table, 0.0006174 secs]112.634: [scrub string table, 0.0001723 secs][1 CMS-remark: 17240K(21888K)] 19390K(31680K), 0.0014852 secs] [Times: user=0.00 sys=0.00, real=0.00 secs] 
2014-07-10T09:59:26.490+0200: 112.634: [CMS-concurrent-sweep-start]
2014-07-10T09:59:26.491+0200: 112.635: [CMS-concurrent-sweep: 0.000/0.000 secs] [Times: user=0.00 sys=0.00, real=0.00 secs] 
2014-07-10T09:59:26.491+0200: 112.635: [CMS-concurrent-reset-start]
2014-07-10T09:59:26.491+0200: 112.635: [CMS-concurrent-reset: 0.000/0.000 secs] [Times: user=0.00 sys=0.00, real=0.00 secs] 
2014-07-10T09:59:26.494+0200: 112.638: [GC (Allocation Failure) 112.638: [ParNew: 9745K->1059K(9792K), 0.0056064 secs] 16323K->14169K(31680K), 0.0057674 secs] [Times: user=0.03 sys=0.00, real=0.01 secs] 
2014-07-10T09:59:26.500+0200: 112.644: [GC (CMS Initial Mark) [1 CMS-initial-mark: 13109K(21888K)] 14201K(31680K), 0.0001921 secs] [Times: user=0.00 sys=0.00, real=0.00 secs] 
2014-07-10T09:59:26.500+0200: 112.644: [CMS-concurrent-mark-start]
2014-07-10T09:59:26.501+0200: 112.645: [CMS-concurrent-mark: 0.001/0.001 secs] [Times: user=0.00 sys=0.00, real=0.00 secs] 
2014-07-10T09:59:26.501+0200: 112.645: [CMS-concurrent-preclean-start]
2014-07-10T09:59:26.501+0200: 112.645: [CMS-concurrent-preclean: 0.000/0.000 secs] [Times: user=0.00 sys=0.00, real=0.00 secs] 
2014-07-10T09:59:26.501+0200: 112.645: [GC (CMS Final Remark) [YG occupancy: 1669 K (9792 K)]112.645: [Rescan (parallel) , 0.0000792 secs]112.645: [weak refs processing, 0.0000264 secs]112.645: [class unloading, 0.0004286 secs]112.645: [scrub symbol table, 0.0005774 secs]112.646: [scrub string table, 0.0001708 secs][1 CMS-remark: 13109K(21888K)] 14779K(31680K), 0.0014053 secs] [Times: user=0.00 sys=0.00, real=0.00 secs] 
2014-07-10T09:59:26.502+0200: 112.646: [CMS-concurrent-sweep-start]
2014-07-10T09:59:26.503+0200: 112.647: [CMS-concurrent-sweep: 0.000/0.000 secs] [Times: user=0.00 sys=0.00, real=0.00 secs] 
2014-07-10T09:59:26.503+0200: 112.647: [CMS-concurrent-reset-start]
2014-07-10T09:59:26.503+0200: 112.647: [CMS-concurrent-reset: 0.000/0.000 secs] [Times: user=0.00 sys=0.00, real=0.00 secs] 
2014-07-10T09:59:26.544+0200: 112.688: [GC (Allocation Failure) 112.688: [ParNew: 9745K->1059K(9792K), 0.0060567 secs] 16802K->15128K(31680K), 0.0062220 secs] [Times: user=0.03 sys=0.00, real=0.01 secs] 
2014-07-10T09:59:26.550+0200: 112.694: [GC (CMS Initial Mark) [1 CMS-initial-mark: 14069K(21888K)] 15194K(31680K), 0.0002053 secs] [Times: user=0.00 sys=0.00, real=0.00 secs] 
2014-07-10T09:59:26.551+0200: 112.695: [CMS-concurrent-mark-start]
2014-07-10T09:59:26.552+0200: 112.696: [CMS-concurrent-mark: 0.001/0.001 secs] [Times: user=0.00 sys=0.00, real=0.00 secs] 
2014-07-10T09:59:26.552+0200: 112.696: [CMS-concurrent-preclean-start]
2014-07-10T09:59:26.552+0200: 112.696: [CMS-concurrent-preclean: 0.000/0.000 secs] [Times: user=0.00 sys=0.00, real=0.00 secs] 
2014-07-10T09:59:26.552+0200: 112.696: [CMS-concurrent-abortable-preclean-start]
2014-07-10T09:59:26.591+0200: 112.735: [GC (Allocation Failure) 112.735: [ParNew: 9747K->9747K(9792K), 0.0000418 secs]112.735: [CMS2014-07-10T09:59:26.591+0200: 112.735: [CMS-concurrent-abortable-preclean: 0.000/0.039 secs] [Times: user=0.00 sys=0.00, real=0.04 secs] 
 (concurrent mode failure): 14069K->875K(21888K), 0.0032296 secs] 23816K->875K(31680K), [Metaspace: 2457K->2457K(1056768K)], 0.0033931 secs] [Times: user=0.02 sys=0.00, real=0.00 secs] 
2014-07-10T09:59:26.597+0200: 112.741: [GC (Allocation Failure) 112.741: [ParNew: 8697K->844K(9792K), 0.0009444 secs] 9573K->1719K(31680K), 0.0010522 secs] [Times: user=0.00 sys=0.00, real=0.00 secs] 
2014-07-10T09:59:26.644+0200: 112.788: [GC (Allocation Failure) 112.788: [ParNew: 9528K->1059K(9792K), 0.0059800 secs] 10403K->8855K(31680K), 0.0061424 secs] [Times: user=0.00 sys=0.00, real=0.01 secs] 
2014-07-10T09:59:26.650+0200: 112.794: [GC (CMS Initial Mark) [1 CMS-initial-mark: 7795K(21888K)] 9145K(31680K), 0.0001558 secs] [Times: user=0.00 sys=0.00, real=0.00 secs] 
2014-07-10T09:59:26.650+0200: 112.794: [CMS-concurrent-mark-start]
2014-07-10T09:59:26.651+0200: 112.795: [CMS-concurrent-mark: 0.001/0.001 secs] [Times: user=0.00 sys=0.00, real=0.00 secs] 
2014-07-10T09:59:26.651+0200: 112.795: [CMS-concurrent-preclean-start]
2014-07-10T09:59:26.651+0200: 112.796: [CMS-concurrent-preclean: 0.000/0.000 secs] [Times: user=0.00 sys=0.00, real=0.00 secs] 
2014-07-10T09:59:26.652+0200: 112.796: [CMS-concurrent-abortable-preclean-start]
2014-07-10T09:59:26.691+0200: 112.835: [GC (Allocation Failure) 112.835: [ParNew: 9747K->261K(9792K), 0.0011329 secs] 17543K->8058K(31680K), 0.0015219 secs] [Times: user=0.00 sys=0.00, real=0.00 secs] 
2014-07-10T09:59:26.741+0200: 112.885: [GC (Allocation Failure) 112.885: [ParNew: 8947K->741K(9792K), 0.0007241 secs] 16744K->8538K(31680K), 0.0008337 secs] [Times: user=0.00 sys=0.00, real=0.00 secs] 
2014-07-10T09:59:26.745+0200: 112.890: [GC (Allocation Failure) 112.890: [ParNew: 9427K->1059K(9792K), 0.0013067 secs] 17224K->9020K(31680K), 0.0014537 secs] [Times: user=0.00 sys=0.00, real=0.00 secs] 
2014-07-10T09:59:26.792+0200: 112.936: [GC (Allocation Failure) 112.936: [ParNew: 9745K->1059K(9792K), 0.0022302 secs] 17706K->9661K(31680K), 0.0024425 secs] [Times: user=0.00 sys=0.00, real=0.00 secs] 
2014-07-10T09:59:26.841+0200: 112.986: [GC (Allocation Failure) 112.986: [ParNew: 9745K->1059K(9792K), 0.0021019 secs] 18347K->10783K(31680K), 0.0022635 secs] [Times: user=0.02 sys=0.00, real=0.00 secs] 
2014-07-10T09:59:26.852+0200: 112.996: [GC (Allocation Failure) 112.996: [ParNew: 9745K->1059K(9792K), 0.0020267 secs] 19469K->12384K(31680K), 0.0022119 secs] [Times: user=0.00 sys=0.00, real=0.00 secs] 
2014-07-10T09:59:26.891+0200: 113.035: [GC (Allocation Failure) 113.035: [ParNew: 9759K->1061K(9792K), 0.0007681 secs] 21085K->12804K(31680K), 0.0008506 secs] [Times: user=0.00 sys=0.00, real=0.00 secs] 
2014-07-10T09:59:26.942+0200: 113.086: [GC (Allocation Failure) 113.086: [ParNew: 9747K->1059K(9792K), 0.0022536 secs] 21490K->13701K(31680K), 0.0024615 secs] [Times: user=0.00 sys=0.00, real=0.00 secs] 
2014-07-10T09:59:26.952+0200: 113.096: [GC (Allocation Failure) 113.096: [ParNew: 9745K->1059K(9792K), 0.0030404 secs] 22387K->15079K(31680K), 0.0032809 secs] [Times: user=0.00 sys=0.00, real=0.00 secs] 
2014-07-10T09:59:26.993+0200: 113.137: [GC (Allocation Failure) 113.137: [ParNew: 9745K->1059K(9792K), 0.0029469 secs] 23765K->16937K(31680K), 0.0032340 secs] [Times: user=0.00 sys=0.00, real=0.00 secs] 
2014-07-10T09:59:27.044+0200: 113.188: [GC (Allocation Failure) 113.188: [ParNew: 9745K->1059K(9792K), 0.0035783 secs] 25623K->19275K(31680K), 0.0038107 secs] [Times: user=0.01 sys=0.00, real=0.00 secs] 
2014-07-10T09:59:27.053+0200: 113.197: [GC (Allocation Failure) 113.197: [ParNew: 9745K->1059K(9792K), 0.0028157 secs] 27961K->22093K(31680K), 0.0030030 secs] [Times: user=0.00 sys=0.00, real=0.00 secs] 
2014-07-10T09:59:27.056+0200: 113.201: [CMS-concurrent-abortable-preclean: 0.005/0.405 secs] [Times: user=0.09 sys=0.00, real=0.40 secs] 
2014-07-10T09:59:27.060+0200: 113.204: [GC (CMS Final Remark) [YG occupancy: 5387 K (9792 K)]113.204: [Rescan (parallel) , 0.0002321 secs]113.204: [weak refs processing, 0.0000392 secs]113.204: [class unloading, 0.0007391 secs]113.205: [scrub symbol table, 0.0008040 secs]113.206: [scrub string table, 0.0002691 secs][1 CMS-remark: 21034K(21888K)] 26421K(31680K), 0.0023328 secs] [Times: user=0.02 sys=0.00, real=0.00 secs] 
2014-07-10T09:59:27.062+0200: 113.206: [CMS-concurrent-sweep-start]
2014-07-10T09:59:27.063+0200: 113.207: [CMS-concurrent-sweep: 0.000/0.000 secs] [Times: user=0.00 sys=0.00, real=0.00 secs] 
2014-07-10T09:59:27.063+0200: 113.207: [CMS-concurrent-reset-start]
2014-07-10T09:59:27.063+0200: 113.207: [CMS-concurrent-reset: 0.000/0.000 secs] [Times: user=0.00 sys=0.00, real=0.00 secs] 
2014-07-10T09:59:27.092+0200: 113.236: [GC (Allocation Failure) 113.237: [ParNew: 9745K->1059K(9792K), 0.0031394 secs] 23509K->18121K(31680K), 0.0033161 secs] [Times: user=0.00 sys=0.00, real=0.00 secs] 
2014-07-10T09:59:27.096+0200: 113.240: [GC (CMS Initial Mark) [1 CMS-initial-mark: 17062K(21888K)] 18187K(31680K), 0.0002563 secs] [Times: user=0.00 sys=0.00, real=0.00 secs] 
2014-07-10T09:59:27.096+0200: 113.240: [CMS-concurrent-mark-start]
2014-07-10T09:59:27.098+0200: 113.242: [CMS-concurrent-mark: 0.001/0.001 secs] [Times: user=0.00 sys=0.00, real=0.00 secs] 
2014-07-10T09:59:27.098+0200: 113.242: [CMS-concurrent-preclean-start]
2014-07-10T09:59:27.098+0200: 113.242: [CMS-concurrent-preclean: 0.000/0.000 secs] [Times: user=0.00 sys=0.00, real=0.00 secs] 
2014-07-10T09:59:27.098+0200: 113.242: [CMS-concurrent-abortable-preclean-start]
2014-07-10T09:59:27.145+0200: 113.289: [GC (Allocation Failure) 113.289: [ParNew: 9749K->1061K(9792K), 0.0042661 secs] 26811K->20878K(31680K), 0.0045685 secs] [Times: user=0.00 sys=0.00, real=0.01 secs] 
2014-07-10T09:59:27.157+0200: 113.301: [GC (Allocation Failure) 113.301: [ParNew: 9747K->9747K(9792K), 0.0000961 secs]113.301: [CMS2014-07-10T09:59:27.158+0200: 113.302: [CMS-concurrent-abortable-preclean: 0.001/0.060 secs] [Times: user=0.01 sys=0.00, real=0.06 secs] 
 (concurrent mode failure): 19816K->4814K(21888K), 0.0117625 secs] 29564K->4814K(31680K), [Metaspace: 2457K->2457K(1056768K)], 0.0120972 secs] [Times: user=0.00 sys=0.00, real=0.01 secs] 
2014-07-10T09:59:27.192+0200: 113.336: [GC (Allocation Failure) 113.336: [ParNew: 8686K->1059K(9792K), 0.0037227 secs] 13500K->9591K(31680K), 0.0038580 secs] [Times: user=0.00 sys=0.00, real=0.00 secs] 
2014-07-10T09:59:27.196+0200: 113.341: [GC (CMS Initial Mark) [1 CMS-initial-mark: 8531K(21888K)] 9657K(31680K), 0.0002350 secs] [Times: user=0.00 sys=0.00, real=0.00 secs] 
2014-07-10T09:59:27.197+0200: 113.341: [CMS-concurrent-mark-start]
2014-07-10T09:59:27.198+0200: 113.342: [CMS-concurrent-mark: 0.001/0.001 secs] [Times: user=0.00 sys=0.00, real=0.00 secs] 
2014-07-10T09:59:27.198+0200: 113.342: [CMS-concurrent-preclean-start]
2014-07-10T09:59:27.198+0200: 113.342: [CMS-concurrent-preclean: 0.000/0.000 secs] [Times: user=0.00 sys=0.00, real=0.00 secs] 
2014-07-10T09:59:27.198+0200: 113.342: [CMS-concurrent-abortable-preclean-start]
2014-07-10T09:59:27.242+0200: 113.386: [GC (Allocation Failure) 113.387: [ParNew: 9745K->1059K(9792K), 0.0041927 secs] 18277K->13786K(31680K), 0.0043298 secs] [Times: user=0.00 sys=0.00, real=0.00 secs] 
2014-07-10T09:59:27.251+0200: 113.395: [GC (Allocation Failure) 113.395: [ParNew: 9745K->1059K(9792K), 0.0045036 secs] 22472K->18461K(31680K), 0.0046572 secs] [Times: user=0.00 sys=0.00, real=0.00 secs] 
2014-07-10T09:59:27.293+0200: 113.437: [GC (Allocation Failure) 113.437: [ParNew: 9745K->9745K(9792K), 0.0000466 secs]113.438: [CMS2014-07-10T09:59:27.294+0200: 113.438: [CMS-concurrent-abortable-preclean: 0.002/0.096 secs] [Times: user=0.01 sys=0.02, real=0.10 secs] 
 (concurrent mode failure): 17402K->6734K(21888K), 0.0075422 secs] 27148K->6734K(31680K), [Metaspace: 2457K->2457K(1056768K)], 0.0077497 secs] [Times: user=0.02 sys=0.00, real=0.01 secs] 
2014-07-10T09:59:27.360+0200: 113.504: [GC (Allocation Failure) 113.504: [ParNew: 8686K->1059K(9792K), 0.0179738 secs] 15421K->13431K(31680K), 0.0181076 secs] [Times: user=0.02 sys=0.00, real=0.02 secs] 
2014-07-10T09:59:27.378+0200: 113.522: [GC (CMS Initial Mark) [1 CMS-initial-mark: 12371K(21888K)] 13463K(31680K), 0.0002181 secs] [Times: user=0.00 sys=0.00, real=0.00 secs] 
2014-07-10T09:59:27.379+0200: 113.523: [CMS-concurrent-mark-start]
2014-07-10T09:59:27.379+0200: 113.524: [CMS-concurrent-mark: 0.001/0.001 secs] [Times: user=0.00 sys=0.00, real=0.00 secs] 
2014-07-10T09:59:27.380+0200: 113.524: [CMS-concurrent-preclean-start]
2014-07-10T09:59:27.380+0200: 113.524: [CMS-concurrent-preclean: 0.000/0.000 secs] [Times: user=0.00 sys=0.00, real=0.00 secs] 
2014-07-10T09:59:27.380+0200: 113.524: [CMS-concurrent-abortable-preclean-start]
2014-07-10T09:59:27.382+0200: 113.527: [GC (Allocation Failure) 113.527: [ParNew: 9760K->1061K(9792K), 0.0039555 secs] 22132K->17502K(31680K), 0.0041220 secs] [Times: user=0.00 sys=0.00, real=0.00 secs] 
2014-07-10T09:59:27.393+0200: 113.537: [GC (Allocation Failure) 113.537: [ParNew: 9747K->9747K(9792K), 0.0000535 secs]113.537: [CMS2014-07-10T09:59:27.393+0200: 113.538: [CMS-concurrent-abortable-preclean: 0.001/0.014 secs] [Times: user=0.03 sys=0.00, real=0.01 secs] 
 (concurrent mode failure): 16440K->6126K(21888K), 0.0070249 secs] 26188K->6126K(31680K), [Metaspace: 2457K->2457K(1056768K)], 0.0072629 secs] [Times: user=0.00 sys=0.00, real=0.01 secs] 
2014-07-10T09:59:27.443+0200: 113.587: [GC (Allocation Failure) 113.588: [ParNew: 8686K->1059K(9792K), 0.0044967 secs] 14812K->12216K(31680K), 0.0046539 secs] [Times: user=0.00 sys=0.00, real=0.00 secs] 
2014-07-10T09:59:27.448+0200: 113.592: [GC (CMS Initial Mark) [1 CMS-initial-mark: 11157K(21888K)] 12282K(31680K), 0.0001664 secs] [Times: user=0.00 sys=0.00, real=0.00 secs] 
2014-07-10T09:59:27.448+0200: 113.593: [CMS-concurrent-mark-start]
2014-07-10T09:59:27.449+0200: 113.593: [CMS-concurrent-mark: 0.001/0.001 secs] [Times: user=0.00 sys=0.00, real=0.00 secs] 
2014-07-10T09:59:27.449+0200: 113.593: [CMS-concurrent-preclean-start]
2014-07-10T09:59:27.449+0200: 113.594: [CMS-concurrent-preclean: 0.000/0.000 secs] [Times: user=0.00 sys=0.00, real=0.00 secs] 
2014-07-10T09:59:27.450+0200: 113.594: [CMS-concurrent-abortable-preclean-start]
2014-07-10T09:59:27.452+0200: 113.596: [GC (Allocation Failure) 113.596: [ParNew: 9745K->1059K(9792K), 0.0049230 secs] 20903K->17724K(31680K), 0.0050521 secs] [Times: user=0.00 sys=0.00, real=0.01 secs] 
2014-07-10T09:59:27.494+0200: 113.638: [GC (Allocation Failure) 113.638: [ParNew: 9745K->9745K(9792K), 0.0000469 secs]113.638: [CMS2014-07-10T09:59:27.494+0200: 113.638: [CMS-concurrent-abortable-preclean: 0.001/0.045 secs] [Times: user=0.02 sys=0.00, real=0.04 secs] 
 (concurrent mode failure): 16664K->7567K(21888K), 0.0081435 secs] 26410K->7567K(31680K), [Metaspace: 2457K->2457K(1056768K)], 0.0083371 secs] [Times: user=0.02 sys=0.00, real=0.01 secs] 
2014-07-10T09:59:27.543+0200: 113.687: [GC (Allocation Failure) 113.687: [ParNew: 8686K->1059K(9792K), 0.0056244 secs] 16253K->15098K(31680K), 0.0058297 secs] [Times: user=0.02 sys=0.00, real=0.01 secs] 
2014-07-10T09:59:27.549+0200: 113.693: [GC (CMS Initial Mark) [1 CMS-initial-mark: 14038K(21888K)] 15164K(31680K), 0.0001763 secs] [Times: user=0.00 sys=0.00, real=0.00 secs] 
2014-07-10T09:59:27.550+0200: 113.694: [CMS-concurrent-mark-start]
2014-07-10T09:59:27.550+0200: 113.694: [CMS-concurrent-mark: 0.001/0.001 secs] [Times: user=0.00 sys=0.00, real=0.00 secs] 
2014-07-10T09:59:27.550+0200: 113.694: [CMS-concurrent-preclean-start]
2014-07-10T09:59:27.551+0200: 113.695: [CMS-concurrent-preclean: 0.000/0.000 secs] [Times: user=0.00 sys=0.00, real=0.00 secs] 
2014-07-10T09:59:27.551+0200: 113.695: [CMS-concurrent-abortable-preclean-start]
2014-07-10T09:59:27.554+0200: 113.698: [GC (Allocation Failure) 113.698: [ParNew: 9745K->9745K(9792K), 0.0000451 secs]113.698: [CMS2014-07-10T09:59:27.554+0200: 113.698: [CMS-concurrent-abortable-preclean: 0.000/0.003 secs] [Times: user=0.00 sys=0.00, real=0.00 secs] 
 (concurrent mode failure): 14038K->8527K(21888K), 0.0118339 secs] 23784K->8527K(31680K), [Metaspace: 2457K->2457K(1056768K)], 0.0120631 secs] [Times: user=0.01 sys=0.00, real=0.01 secs] 
2014-07-10T09:59:27.594+0200: 113.738: [GC (Allocation Failure) 113.739: [ParNew: 8696K->301K(9792K), 0.0006779 secs] 17224K->8828K(31680K), 0.0008088 secs] [Times: user=0.00 sys=0.00, real=0.00 secs] 
2014-07-10T09:59:27.595+0200: 113.739: [GC (CMS Initial Mark) [1 CMS-initial-mark: 8527K(21888K)] 8863K(31680K), 0.0000902 secs] [Times: user=0.00 sys=0.00, real=0.00 secs] 
2014-07-10T09:59:27.595+0200: 113.740: [CMS-concurrent-mark-start]
2014-07-10T09:59:27.596+0200: 113.740: [CMS-concurrent-mark: 0.001/0.001 secs] [Times: user=0.00 sys=0.00, real=0.00 secs] 
2014-07-10T09:59:27.596+0200: 113.740: [CMS-concurrent-preclean-start]
2014-07-10T09:59:27.596+0200: 113.740: [CMS-concurrent-preclean: 0.000/0.000 secs] [Times: user=0.00 sys=0.00, real=0.00 secs] 
2014-07-10T09:59:27.596+0200: 113.740: [GC (CMS Final Remark) [YG occupancy: 1034 K (9792 K)]113.740: [Rescan (parallel) , 0.0001166 secs]113.741: [weak refs processing, 0.0000279 secs]113.741: [class unloading, 0.0004759 secs]113.741: [scrub symbol table, 0.0005661 secs]113.742: [scrub string table, 0.0001576 secs][1 CMS-remark: 8527K(21888K)] 9562K(31680K), 0.0014716 secs] [Times: user=0.00 sys=0.00, real=0.00 secs] 
2014-07-10T09:59:27.599+0200: 113.743: [CMS-concurrent-sweep-start]
2014-07-10T09:59:27.599+0200: 113.743: [CMS-concurrent-sweep: 0.000/0.000 secs] [Times: user=0.00 sys=0.00, real=0.00 secs] 
2014-07-10T09:59:27.599+0200: 113.743: [CMS-concurrent-reset-start]
2014-07-10T09:59:27.599+0200: 113.743: [CMS-concurrent-reset: 0.000/0.000 secs] [Times: user=0.00 sys=0.00, real=0.00 secs] 
2014-07-10T09:59:27.643+0200: 113.787: [GC (Allocation Failure) 113.787: [ParNew: 8982K->1059K(9792K), 0.0059107 secs] 9503K->8468K(31680K), 0.0061021 secs] [Times: user=0.00 sys=0.00, real=0.01 secs] 
2014-07-10T09:59:27.650+0200: 113.794: [GC (CMS Initial Mark) [1 CMS-initial-mark: 7408K(21888K)] 8534K(31680K), 0.0002038 secs] [Times: user=0.00 sys=0.00, real=0.00 secs] 
2014-07-10T09:59:27.650+0200: 113.794: [CMS-concurrent-mark-start]
2014-07-10T09:59:27.651+0200: 113.795: [CMS-concurrent-mark: 0.001/0.001 secs] [Times: user=0.00 sys=0.00, real=0.00 secs] 
2014-07-10T09:59:27.651+0200: 113.795: [CMS-concurrent-preclean-start]
2014-07-10T09:59:27.651+0200: 113.795: [CMS-concurrent-preclean: 0.000/0.000 secs] [Times: user=0.00 sys=0.00, real=0.00 secs] 
2014-07-10T09:59:27.651+0200: 113.795: [CMS-concurrent-abortable-preclean-start]
2014-07-10T09:59:27.691+0200: 113.835: [GC (Allocation Failure) 113.835: [ParNew: 9747K->229K(9792K), 0.0005265 secs] 17156K->7640K(31680K), 0.0006130 secs] [Times: user=0.00 sys=0.00, real=0.00 secs] 
2014-07-10T09:59:27.741+0200: 113.885: [GC (Allocation Failure) 113.886: [ParNew: 8915K->709K(9792K), 0.0012579 secs] 16326K->8120K(31680K), 0.0016249 secs] [Times: user=0.00 sys=0.00, real=0.00 secs] 
2014-07-10T09:59:27.749+0200: 113.893: [GC (Allocation Failure) 113.894: [ParNew: 9395K->1059K(9792K), 0.0022133 secs] 16807K->8602K(31680K), 0.0024494 secs] [Times: user=0.00 sys=0.00, real=0.00 secs] 
2014-07-10T09:59:27.792+0200: 113.936: [GC (Allocation Failure) 113.936: [ParNew: 9745K->1059K(9792K), 0.0024296 secs] 17288K->9211K(31680K), 0.0026478 secs] [Times: user=0.03 sys=0.00, real=0.00 secs] 
2014-07-10T09:59:27.842+0200: 113.986: [GC (Allocation Failure) 113.986: [ParNew: 9745K->1059K(9792K), 0.0025132 secs] 17897K->10301K(31680K), 0.0027138 secs] [Times: user=0.00 sys=0.00, real=0.00 secs] 
2014-07-10T09:59:27.853+0200: 113.997: [GC (Allocation Failure) 113.997: [ParNew: 9745K->1059K(9792K), 0.0033829 secs] 18987K->11871K(31680K), 0.0036424 secs] [Times: user=0.03 sys=0.00, real=0.00 secs] 
2014-07-10T09:59:27.893+0200: 114.037: [GC (Allocation Failure) 114.037: [ParNew: 9760K->1061K(9792K), 0.0021132 secs] 20572K->12258K(31680K), 0.0023134 secs] [Times: user=0.00 sys=0.00, real=0.00 secs] 
2014-07-10T09:59:27.941+0200: 114.085: [GC (Allocation Failure) 114.086: [ParNew: 9747K->1059K(9792K), 0.0010192 secs] 20944K->13123K(31680K), 0.0011237 secs] [Times: user=0.00 sys=0.00, real=0.00 secs] 
2014-07-10T09:59:27.946+0200: 114.091: [GC (Allocation Failure) 114.091: [ParNew: 9745K->1059K(9792K), 0.0018295 secs] 21809K->14469K(31680K), 0.0019933 secs] [Times: user=0.00 sys=0.00, real=0.00 secs] 
2014-07-10T09:59:27.993+0200: 114.137: [GC (Allocation Failure) 114.137: [ParNew: 9745K->1059K(9792K), 0.0019944 secs] 23155K->16295K(31680K), 0.0021209 secs] [Times: user=0.00 sys=0.00, real=0.00 secs] 
2014-07-10T09:59:28.042+0200: 114.186: [GC (Allocation Failure) 114.186: [ParNew: 9745K->1059K(9792K), 0.0022005 secs] 24981K->18601K(31680K), 0.0023548 secs] [Times: user=0.03 sys=0.00, real=0.00 secs] 
2014-07-10T09:59:28.048+0200: 114.192: [GC (Allocation Failure) 114.192: [ParNew: 9745K->1059K(9792K), 0.0034104 secs] 27287K->21387K(31680K), 0.0035823 secs] [Times: user=0.00 sys=0.00, real=0.00 secs] 
2014-07-10T09:59:28.092+0200: 114.236: [GC (Allocation Failure) 114.236: [ParNew: 9745K->9745K(9792K), 0.0000557 secs]114.236: [CMS2014-07-10T09:59:28.092+0200: 114.236: [CMS-concurrent-abortable-preclean: 0.006/0.441 secs] [Times: user=0.14 sys=0.00, real=0.44 secs] 
 (concurrent mode failure): 20328K->4846K(21888K), 0.0067848 secs] 30074K->4846K(31680K), [Metaspace: 2457K->2457K(1056768K)], 0.0070183 secs] [Times: user=0.00 sys=0.00, real=0.01 secs] 
2014-07-10T09:59:28.142+0200: 114.286: [GC (Allocation Failure) 114.286: [ParNew: 8695K->1061K(9792K), 0.0021272 secs] 13542K->8121K(31680K), 0.0022848 secs] [Times: user=0.00 sys=0.00, real=0.00 secs] 
2014-07-10T09:59:28.149+0200: 114.293: [GC (Allocation Failure) 114.293: [ParNew: 9747K->1059K(9792K), 0.0031207 secs] 16807K->10810K(31680K), 0.0033117 secs] [Times: user=0.00 sys=0.00, real=0.00 secs] 
2014-07-10T09:59:28.152+0200: 114.296: [GC (CMS Initial Mark) [1 CMS-initial-mark: 9751K(21888K)] 10876K(31680K), 0.0002306 secs] [Times: user=0.03 sys=0.00, real=0.00 secs] 
2014-07-10T09:59:28.153+0200: 114.297: [CMS-concurrent-mark-start]
2014-07-10T09:59:28.154+0200: 114.298: [CMS-concurrent-mark: 0.001/0.001 secs] [Times: user=0.00 sys=0.00, real=0.00 secs] 
2014-07-10T09:59:28.154+0200: 114.298: [CMS-concurrent-preclean-start]
2014-07-10T09:59:28.154+0200: 114.298: [CMS-concurrent-preclean: 0.000/0.000 secs] [Times: user=0.00 sys=0.00, real=0.00 secs] 
2014-07-10T09:59:28.154+0200: 114.298: [CMS-concurrent-abortable-preclean-start]
2014-07-10T09:59:28.193+0200: 114.337: [GC (Allocation Failure) 114.337: [ParNew: 9745K->1059K(9792K), 0.0050257 secs] 19497K->13981K(31680K), 0.0052977 secs] [Times: user=0.00 sys=0.00, real=0.00 secs] 
2014-07-10T09:59:28.242+0200: 114.386: [GC (Allocation Failure) 114.386: [ParNew: 9745K->1059K(9792K), 0.0037946 secs] 22667K->17632K(31680K), 0.0039379 secs] [Times: user=0.03 sys=0.00, real=0.00 secs] 
2014-07-10T09:59:28.250+0200: 114.394: [GC (Allocation Failure) 114.394: [ParNew: 9745K->1059K(9792K), 0.0044464 secs] 26318K->21763K(31680K), 0.0046217 secs] [Times: user=0.00 sys=0.00, real=0.01 secs] 
2014-07-10T09:59:28.256+0200: 114.400: [CMS-concurrent-abortable-preclean: 0.003/0.102 secs] [Times: user=0.06 sys=0.00, real=0.10 secs] 
2014-07-10T09:59:28.256+0200: 114.400: [GC (CMS Final Remark) [YG occupancy: 4073 K (9792 K)]114.400: [Rescan (parallel) , 0.0001672 secs]114.400: [weak refs processing, 0.0000436 secs]114.400: [class unloading, 0.0006585 secs]114.401: [scrub symbol table, 0.0007428 secs]114.402: [scrub string table, 0.0002464 secs][1 CMS-remark: 20703K(21888K)] 24776K(31680K), 0.0020487 secs] [Times: user=0.00 sys=0.00, real=0.00 secs] 
2014-07-10T09:59:28.258+0200: 114.402: [CMS-concurrent-sweep-start]
2014-07-10T09:59:28.259+0200: 114.403: [CMS-concurrent-sweep: 0.000/0.000 secs] [Times: user=0.00 sys=0.00, real=0.00 secs] 
2014-07-10T09:59:28.259+0200: 114.403: [CMS-concurrent-reset-start]
2014-07-10T09:59:28.259+0200: 114.403: [CMS-concurrent-reset: 0.000/0.000 secs] [Times: user=0.00 sys=0.00, real=0.00 secs] 
2014-07-10T09:59:28.293+0200: 114.437: [GC (Allocation Failure) 114.437: [ParNew: 9745K->1059K(9792K), 0.0055778 secs] 23915K->19840K(31680K), 0.0057450 secs] [Times: user=0.00 sys=0.00, real=0.01 secs] 
2014-07-10T09:59:28.300+0200: 114.444: [GC (CMS Initial Mark) [1 CMS-initial-mark: 18780K(21888K)] 22373K(31680K), 0.0002834 secs] [Times: user=0.00 sys=0.00, real=0.00 secs] 
2014-07-10T09:59:28.300+0200: 114.444: [CMS-concurrent-mark-start]
2014-07-10T09:59:28.301+0200: 114.445: [CMS-concurrent-mark: 0.001/0.001 secs] [Times: user=0.00 sys=0.00, real=0.00 secs] 
2014-07-10T09:59:28.301+0200: 114.445: [CMS-concurrent-preclean-start]
2014-07-10T09:59:28.301+0200: 114.446: [CMS-concurrent-preclean: 0.000/0.000 secs] [Times: user=0.00 sys=0.00, real=0.00 secs] 
2014-07-10T09:59:28.302+0200: 114.446: [CMS-concurrent-abortable-preclean-start]
2014-07-10T09:59:28.302+0200: 114.446: [CMS-concurrent-abortable-preclean: 0.000/0.000 secs] [Times: user=0.00 sys=0.00, real=0.00 secs] 
2014-07-10T09:59:28.302+0200: 114.446: [GC (CMS Final Remark) [YG occupancy: 3592 K (9792 K)]114.446: [Rescan (parallel) , 0.0148898 secs]114.461: [weak refs processing, 0.0000323 secs]114.461: [class unloading, 0.0005954 secs]114.461: [scrub symbol table, 0.0006244 secs]114.462: [scrub string table, 0.0001815 secs][1 CMS-remark: 18780K(21888K)] 22373K(31680K), 0.0165004 secs] [Times: user=0.02 sys=0.00, real=0.02 secs] 
2014-07-10T09:59:28.318+0200: 114.462: [CMS-concurrent-sweep-start]
2014-07-10T09:59:28.319+0200: 114.463: [CMS-concurrent-sweep: 0.000/0.000 secs] [Times: user=0.00 sys=0.00, real=0.00 secs] 
2014-07-10T09:59:28.319+0200: 114.463: [CMS-concurrent-reset-start]
2014-07-10T09:59:28.319+0200: 114.463: [CMS-concurrent-reset: 0.000/0.000 secs] [Times: user=0.00 sys=0.00, real=0.00 secs] 
2014-07-10T09:59:28.344+0200: 114.487: [GC (Allocation Failure) 114.487: [ParNew: 9745K->1059K(9792K), 0.0178697 secs] 10272K->6677K(31680K), 0.0181509 secs] [Times: user=0.02 sys=0.00, real=0.02 secs] 
2014-07-10T09:59:28.364+0200: 114.507: [GC (CMS Initial Mark) [1 CMS-initial-mark: 5618K(21888K)] 8440K(31680K), 0.0002071 secs] [Times: user=0.00 sys=0.00, real=0.00 secs] 
2014-07-10T09:59:28.364+0200: 114.507: [CMS-concurrent-mark-start]
2014-07-10T09:59:28.365+0200: 114.508: [CMS-concurrent-mark: 0.001/0.001 secs] [Times: user=0.00 sys=0.00, real=0.00 secs] 
2014-07-10T09:59:28.365+0200: 114.508: [CMS-concurrent-preclean-start]
2014-07-10T09:59:28.365+0200: 114.508: [CMS-concurrent-preclean: 0.000/0.000 secs] [Times: user=0.00 sys=0.00, real=0.00 secs] 
2014-07-10T09:59:28.365+0200: 114.508: [CMS-concurrent-abortable-preclean-start]
2014-07-10T09:59:28.367+0200: 114.510: [GC (Allocation Failure) 114.510: [ParNew: 9749K->1061K(9792K), 0.0045883 secs] 15367K->11739K(31680K), 0.0047225 secs] [Times: user=0.02 sys=0.00, real=0.00 secs] 
2014-07-10T09:59:28.393+0200: 114.536: [GC (Allocation Failure) 114.536: [ParNew: 9751K->1059K(9792K), 0.0042459 secs] 20428K->16252K(31680K), 0.0043896 secs] [Times: user=0.00 sys=0.00, real=0.00 secs] 
2014-07-10T09:59:28.443+0200: 114.586: [GC (Allocation Failure) 114.586: [ParNew: 9745K->1059K(9792K), 0.0046418 secs] 24939K->21249K(31680K), 0.0048017 secs] [Times: user=0.00 sys=0.00, real=0.00 secs] 
2014-07-10T09:59:28.449+0200: 114.592: [CMS-concurrent-abortable-preclean: 0.002/0.084 secs] [Times: user=0.02 sys=0.00, real=0.08 secs] 
2014-07-10T09:59:28.449+0200: 114.593: [GC (CMS Final Remark) [YG occupancy: 4523 K (9792 K)]114.593: [Rescan (parallel) , 0.0001148 secs]114.593: [weak refs processing, 0.0000290 secs]114.593: [class unloading, 0.0005752 secs]114.593: [scrub symbol table, 0.0006618 secs]114.594: [scrub string table, 0.0002005 secs][1 CMS-remark: 20189K(21888K)] 24712K(31680K), 0.0017184 secs] [Times: user=0.00 sys=0.02, real=0.00 secs] 
2014-07-10T09:59:28.451+0200: 114.594: [CMS-concurrent-sweep-start]
2014-07-10T09:59:28.452+0200: 114.595: [CMS-concurrent-sweep: 0.000/0.000 secs] [Times: user=0.00 sys=0.00, real=0.00 secs] 
2014-07-10T09:59:28.452+0200: 114.595: [CMS-concurrent-reset-start]
2014-07-10T09:59:28.452+0200: 114.595: [CMS-concurrent-reset: 0.000/0.000 secs] [Times: user=0.00 sys=0.00, real=0.00 secs] 
2014-07-10T09:59:28.454+0200: 114.597: [GC (Allocation Failure) 114.597: [ParNew: 9745K->9745K(9792K), 0.0000447 secs]114.597: [CMS: 20187K->7055K(21888K), 0.0077167 secs] 29933K->7055K(31680K), [Metaspace: 2457K->2457K(1056768K)], 0.0079026 secs] [Times: user=0.00 sys=0.00, real=0.01 secs] 
2014-07-10T09:59:28.494+0200: 114.637: [GC (Allocation Failure) 114.637: [ParNew: 8686K->1059K(9792K), 0.0052336 secs] 15741K->14074K(31680K), 0.0054195 secs] [Times: user=0.03 sys=0.00, real=0.01 secs] 
2014-07-10T09:59:28.500+0200: 114.643: [GC (CMS Initial Mark) [1 CMS-initial-mark: 13014K(21888K)] 14106K(31680K), 0.0001804 secs] [Times: user=0.00 sys=0.00, real=0.00 secs] 
2014-07-10T09:59:28.500+0200: 114.643: [CMS-concurrent-mark-start]
2014-07-10T09:59:28.500+0200: 114.644: [CMS-concurrent-mark: 0.001/0.001 secs] [Times: user=0.00 sys=0.00, real=0.00 secs] 
2014-07-10T09:59:28.500+0200: 114.644: [CMS-concurrent-preclean-start]
2014-07-10T09:59:28.501+0200: 114.644: [CMS-concurrent-preclean: 0.000/0.000 secs] [Times: user=0.00 sys=0.00, real=0.00 secs] 
2014-07-10T09:59:28.501+0200: 114.644: [GC (CMS Final Remark) [YG occupancy: 2246 K (9792 K)]114.644: [Rescan (parallel) , 0.0000829 secs]114.644: [weak refs processing, 0.0000268 secs]114.644: [class unloading, 0.0004433 secs]114.644: [scrub symbol table, 0.0006284 secs]114.645: [scrub string table, 0.0001796 secs][1 CMS-remark: 13014K(21888K)] 15260K(31680K), 0.0014881 secs] [Times: user=0.00 sys=0.00, real=0.00 secs] 
2014-07-10T09:59:28.502+0200: 114.645: [CMS-concurrent-sweep-start]
2014-07-10T09:59:28.502+0200: 114.646: [CMS-concurrent-sweep: 0.000/0.000 secs] [Times: user=0.00 sys=0.00, real=0.00 secs] 
2014-07-10T09:59:28.503+0200: 114.646: [CMS-concurrent-reset-start]
2014-07-10T09:59:28.503+0200: 114.646: [CMS-concurrent-reset: 0.000/0.000 secs] [Times: user=0.00 sys=0.00, real=0.00 secs] 
2014-07-10T09:59:28.543+0200: 114.686: [GC (Allocation Failure) 114.686: [ParNew: 9745K->1059K(9792K), 0.0060523 secs] 16228K->13978K(31680K), 0.0061982 secs] [Times: user=0.03 sys=0.00, real=0.01 secs] 
2014-07-10T09:59:28.549+0200: 114.692: [GC (CMS Initial Mark) [1 CMS-initial-mark: 12918K(21888K)] 14044K(31680K), 0.0001763 secs] [Times: user=0.00 sys=0.00, real=0.00 secs] 
2014-07-10T09:59:28.549+0200: 114.693: [CMS-concurrent-mark-start]
2014-07-10T09:59:28.550+0200: 114.694: [CMS-concurrent-mark: 0.001/0.001 secs] [Times: user=0.00 sys=0.00, real=0.00 secs] 
2014-07-10T09:59:28.550+0200: 114.694: [CMS-concurrent-preclean-start]
2014-07-10T09:59:28.551+0200: 114.694: [CMS-concurrent-preclean: 0.000/0.000 secs] [Times: user=0.00 sys=0.00, real=0.00 secs] 
2014-07-10T09:59:28.551+0200: 114.694: [CMS-concurrent-abortable-preclean-start]
2014-07-10T09:59:28.553+0200: 114.696: [GC (Allocation Failure) 114.696: [ParNew: 9745K->1059K(9792K), 0.0062477 secs] 22664K->20894K(31680K), 0.0063844 secs] [Times: user=0.03 sys=0.00, real=0.01 secs] 
2014-07-10T09:59:28.593+0200: 114.736: [GC (Allocation Failure) 114.737: [ParNew: 9751K->9751K(9792K), 0.0000451 secs]114.737: [CMS2014-07-10T09:59:28.593+0200: 114.737: [CMS-concurrent-abortable-preclean: 0.001/0.043 secs] [Times: user=0.03 sys=0.00, real=0.04 secs] 
 (concurrent mode failure): 19835K->7952K(21888K), 0.0077010 secs] 29586K->7952K(31680K), [Metaspace: 2457K->2457K(1056768K)], 0.0079184 secs] [Times: user=0.00 sys=0.00, real=0.01 secs] 
2014-07-10T09:59:28.644+0200: 114.787: [GC (Allocation Failure) 114.787: [ParNew: 8686K->1059K(9792K), 0.0057718 secs] 16638K->15867K(31680K), 0.0059522 secs] [Times: user=0.00 sys=0.00, real=0.01 secs] 
2014-07-10T09:59:28.651+0200: 114.794: [GC (CMS Initial Mark) [1 CMS-initial-mark: 14807K(21888K)] 15933K(31680K), 0.0001870 secs] [Times: user=0.00 sys=0.00, real=0.00 secs] 
2014-07-10T09:59:28.651+0200: 114.794: [CMS-concurrent-mark-start]
2014-07-10T09:59:28.652+0200: 114.795: [CMS-concurrent-mark: 0.001/0.001 secs] [Times: user=0.00 sys=0.00, real=0.00 secs] 
2014-07-10T09:59:28.652+0200: 114.795: [CMS-concurrent-preclean-start]
2014-07-10T09:59:28.652+0200: 114.795: [CMS-concurrent-preclean: 0.000/0.000 secs] [Times: user=0.00 sys=0.00, real=0.00 secs] 
2014-07-10T09:59:28.652+0200: 114.795: [CMS-concurrent-abortable-preclean-start]
2014-07-10T09:59:28.691+0200: 114.834: [GC (Allocation Failure) 114.834: [ParNew: 9747K->9747K(9792K), 0.0000407 secs]114.834: [CMS2014-07-10T09:59:28.691+0200: 114.834: [CMS-concurrent-abortable-preclean: 0.000/0.039 secs] [Times: user=0.02 sys=0.00, real=0.04 secs] 
 (concurrent mode failure): 14807K->716K(21888K), 0.0026976 secs] 24555K->716K(31680K), [Metaspace: 2457K->2457K(1056768K)], 0.0028355 secs] [Times: user=0.00 sys=0.00, real=0.00 secs] 
2014-07-10T09:59:28.741+0200: 114.884: [GC (Allocation Failure) 114.885: [ParNew: 8686K->675K(9792K), 0.0012480 secs] 9402K->1391K(31680K), 0.0014324 secs] [Times: user=0.00 sys=0.00, real=0.00 secs] 
2014-07-10T09:59:28.749+0200: 114.893: [GC (Allocation Failure) 114.893: [ParNew: 9361K->1059K(9792K), 0.0019735 secs] 10078K->1877K(31680K), 0.0022401 secs] [Times: user=0.00 sys=0.00, real=0.00 secs] 
2014-07-10T09:59:28.791+0200: 114.934: [GC (Allocation Failure) 114.934: [ParNew: 9745K->1059K(9792K), 0.0010643 secs] 10563K->2454K(31680K), 0.0011695 secs] [Times: user=0.00 sys=0.00, real=0.00 secs] 
2014-07-10T09:59:28.842+0200: 114.985: [GC (Allocation Failure) 114.985: [ParNew: 9745K->1059K(9792K), 0.0012880 secs] 11140K->3512K(31680K), 0.0014097 secs] [Times: user=0.00 sys=0.00, real=0.00 secs] 
2014-07-10T09:59:28.847+0200: 114.990: [GC (Allocation Failure) 114.991: [ParNew: 9745K->1059K(9792K), 0.0020700 secs] 12198K->5050K(31680K), 0.0022236 secs] [Times: user=0.00 sys=0.00, real=0.00 secs] 
2014-07-10T09:59:28.891+0200: 115.034: [GC (Allocation Failure) 115.034: [ParNew: 9733K->869K(9792K), 0.0008535 secs] 13724K->4861K(31680K), 0.0009620 secs] [Times: user=0.00 sys=0.00, real=0.00 secs] 
2014-07-10T09:59:28.942+0200: 115.085: [GC (Allocation Failure) 115.085: [ParNew: 9555K->1059K(9792K), 0.0017671 secs] 13547K->5342K(31680K), 0.0019669 secs] [Times: user=0.00 sys=0.00, real=0.00 secs] 
2014-07-10T09:59:28.951+0200: 115.094: [GC (Allocation Failure) 115.095: [ParNew: 9745K->1059K(9792K), 0.0027134 secs] 14028K->6112K(31680K), 0.0030045 secs] [Times: user=0.00 sys=0.00, real=0.00 secs] 
2014-07-10T09:59:28.991+0200: 115.135: [GC (Allocation Failure) 115.135: [ParNew: 9745K->1059K(9792K), 0.0012949 secs] 14798K->7361K(31680K), 0.0014163 secs] [Times: user=0.00 sys=0.00, real=0.00 secs] 
2014-07-10T09:59:29.042+0200: 115.185: [GC (Allocation Failure) 115.185: [ParNew: 9745K->1059K(9792K), 0.0016341 secs] 16048K->9091K(31680K), 0.0017701 secs] [Times: user=0.03 sys=0.00, real=0.00 secs] 
2014-07-10T09:59:29.048+0200: 115.191: [GC (Allocation Failure) 115.191: [ParNew: 9745K->1059K(9792K), 0.0024971 secs] 17777K->11301K(31680K), 0.0026573 secs] [Times: user=0.00 sys=0.00, real=0.00 secs] 
2014-07-10T09:59:29.093+0200: 115.236: [GC (Allocation Failure) 115.236: [ParNew: 9745K->1059K(9792K), 0.0043042 secs] 19988K->13992K(31680K), 0.0045759 secs] [Times: user=0.00 sys=0.00, real=0.01 secs] 
2014-07-10T09:59:29.144+0200: 115.287: [GC (Allocation Failure) 115.287: [ParNew: 9751K->1061K(9792K), 0.0035423 secs] 22683K->16140K(31680K), 0.0037957 secs] [Times: user=0.00 sys=0.00, real=0.00 secs] 
2014-07-10T09:59:29.149+0200: 115.292: [GC (CMS Initial Mark) [1 CMS-initial-mark: 15078K(21888K)] 16782K(31680K), 0.0004224 secs] [Times: user=0.00 sys=0.00, real=0.00 secs] 
2014-07-10T09:59:29.150+0200: 115.293: [CMS-concurrent-mark-start]
2014-07-10T09:59:29.152+0200: 115.295: [CMS-concurrent-mark: 0.002/0.002 secs] [Times: user=0.03 sys=0.00, real=0.00 secs] 
2014-07-10T09:59:29.152+0200: 115.296: [CMS-concurrent-preclean-start]
2014-07-10T09:59:29.153+0200: 115.296: [CMS-concurrent-preclean: 0.000/0.000 secs] [Times: user=0.00 sys=0.00, real=0.00 secs] 
2014-07-10T09:59:29.153+0200: 115.296: [CMS-concurrent-abortable-preclean-start]
2014-07-10T09:59:29.157+0200: 115.300: [GC (Allocation Failure) 115.301: [ParNew: 9747K->1059K(9792K), 0.0046327 secs] 24826K->18765K(31680K), 0.0048846 secs] [Times: user=0.00 sys=0.00, real=0.00 secs] 
2014-07-10T09:59:29.192+0200: 115.335: [GC (Allocation Failure) 115.335: [ParNew: 9745K->1059K(9792K), 0.0029084 secs] 27451K->21871K(31680K), 0.0030635 secs] [Times: user=0.00 sys=0.00, real=0.00 secs] 
2014-07-10T09:59:29.195+0200: 115.338: [CMS-concurrent-abortable-preclean: 0.001/0.042 secs] [Times: user=0.00 sys=0.00, real=0.04 secs] 
2014-07-10T09:59:29.197+0200: 115.340: [GC (CMS Final Remark) [YG occupancy: 5097 K (9792 K)]115.340: [Rescan (parallel) , 0.0001976 secs]115.341: [weak refs processing, 0.0000348 secs]115.341: [class unloading, 0.0006940 secs]115.341: [scrub symbol table, 0.0006695 secs]115.342: [scrub string table, 0.0002020 secs][1 CMS-remark: 20812K(21888K)] 25909K(31680K), 0.0020120 secs] [Times: user=0.02 sys=0.00, real=0.00 secs] 
2014-07-10T09:59:29.199+0200: 115.342: [CMS-concurrent-sweep-start]
2014-07-10T09:59:29.200+0200: 115.343: [CMS-concurrent-sweep: 0.000/0.000 secs] [Times: user=0.00 sys=0.00, real=0.00 secs] 
2014-07-10T09:59:29.200+0200: 115.343: [CMS-concurrent-reset-start]
2014-07-10T09:59:29.200+0200: 115.343: [CMS-concurrent-reset: 0.000/0.000 secs] [Times: user=0.00 sys=0.00, real=0.00 secs] 
2014-07-10T09:59:29.242+0200: 115.385: [GC (Allocation Failure) 115.385: [ParNew: 9745K->1059K(9792K), 0.0034133 secs] 18151K->13052K(31680K), 0.0035478 secs] [Times: user=0.00 sys=0.00, real=0.00 secs] 
2014-07-10T09:59:29.246+0200: 115.389: [GC (CMS Initial Mark) [1 CMS-initial-mark: 11992K(21888K)] 13118K(31680K), 0.0001826 secs] [Times: user=0.00 sys=0.00, real=0.00 secs] 
2014-07-10T09:59:29.246+0200: 115.389: [CMS-concurrent-mark-start]
2014-07-10T09:59:29.247+0200: 115.390: [CMS-concurrent-mark: 0.001/0.001 secs] [Times: user=0.00 sys=0.00, real=0.00 secs] 
2014-07-10T09:59:29.247+0200: 115.390: [CMS-concurrent-preclean-start]
2014-07-10T09:59:29.247+0200: 115.390: [CMS-concurrent-preclean: 0.000/0.000 secs] [Times: user=0.00 sys=0.00, real=0.00 secs] 
2014-07-10T09:59:29.247+0200: 115.390: [CMS-concurrent-abortable-preclean-start]
2014-07-10T09:59:29.249+0200: 115.392: [GC (Allocation Failure) 115.393: [ParNew: 9745K->1059K(9792K), 0.0041190 secs] 21738K->17119K(31680K), 0.0042525 secs] [Times: user=0.00 sys=0.00, real=0.00 secs] 
2014-07-10T09:59:29.293+0200: 115.436: [GC (Allocation Failure) 115.436: [ParNew: 9745K->1059K(9792K), 0.0061828 secs] 25805K->21666K(31680K), 0.0063078 secs] [Times: user=0.00 sys=0.00, real=0.01 secs] 
2014-07-10T09:59:29.343+0200: 115.486: [GC (Allocation Failure) 115.487: [ParNew: 9745K->9745K(9792K), 0.0000458 secs]115.487: [CMS2014-07-10T09:59:29.344+0200: 115.487: [CMS-concurrent-abortable-preclean: 0.001/0.097 secs] [Times: user=0.02 sys=0.00, real=0.10 secs] 
 (concurrent mode failure): 20607K->6608K(21888K), 0.0076599 secs] 30353K->6608K(31680K), [Metaspace: 2457K->2457K(1056768K)], 0.0078711 secs] [Times: user=0.00 sys=0.00, real=0.01 secs] 
2014-07-10T09:59:29.356+0200: 115.499: [GC (Allocation Failure) 115.499: [ParNew: 8697K->1061K(9792K), 0.0037187 secs] 15305K->11643K(31680K), 0.0038892 secs] [Times: user=0.00 sys=0.00, real=0.00 secs] 
2014-07-10T09:59:29.360+0200: 115.503: [GC (CMS Initial Mark) [1 CMS-initial-mark: 10582K(21888K)] 11709K(31680K), 0.0001708 secs] [Times: user=0.00 sys=0.00, real=0.00 secs] 
2014-07-10T09:59:29.360+0200: 115.503: [CMS-concurrent-mark-start]
2014-07-10T09:59:29.361+0200: 115.504: [CMS-concurrent-mark: 0.001/0.001 secs] [Times: user=0.00 sys=0.00, real=0.00 secs] 
2014-07-10T09:59:29.361+0200: 115.504: [CMS-concurrent-preclean-start]
2014-07-10T09:59:29.361+0200: 115.504: [CMS-concurrent-preclean: 0.000/0.000 secs] [Times: user=0.00 sys=0.00, real=0.00 secs] 
2014-07-10T09:59:29.361+0200: 115.504: [CMS-concurrent-abortable-preclean-start]
2014-07-10T09:59:29.393+0200: 115.537: [GC (Allocation Failure) 115.537: [ParNew: 9747K->1059K(9792K), 0.0042514 secs] 20329K->16094K(31680K), 0.0043841 secs] [Times: user=0.00 sys=0.00, real=0.01 secs] 
2014-07-10T09:59:29.443+0200: 115.586: [GC (Allocation Failure) 115.586: [ParNew: 9745K->1059K(9792K), 0.0045810 secs] 24780K->21025K(31680K), 0.0047379 secs] [Times: user=0.03 sys=0.00, real=0.00 secs] 
2014-07-10T09:59:29.449+0200: 115.592: [CMS-concurrent-abortable-preclean: 0.001/0.088 secs] [Times: user=0.03 sys=0.00, real=0.09 secs] 
2014-07-10T09:59:29.449+0200: 115.593: [GC (CMS Final Remark) [YG occupancy: 4651 K (9792 K)]115.593: [Rescan (parallel) , 0.0001199 secs]115.593: [weak refs processing, 0.0000293 secs]115.593: [class unloading, 0.0005884 secs]115.593: [scrub symbol table, 0.0006295 secs]115.594: [scrub string table, 0.0002035 secs][1 CMS-remark: 19965K(21888K)] 24617K(31680K), 0.0017055 secs] [Times: user=0.00 sys=0.00, real=0.00 secs] 
2014-07-10T09:59:29.451+0200: 115.594: [CMS-concurrent-sweep-start]
2014-07-10T09:59:29.452+0200: 115.595: [CMS-concurrent-sweep: 0.000/0.000 secs] [Times: user=0.00 sys=0.00, real=0.00 secs] 
2014-07-10T09:59:29.452+0200: 115.595: [CMS-concurrent-reset-start]
2014-07-10T09:59:29.452+0200: 115.595: [CMS-concurrent-reset: 0.000/0.000 secs] [Times: user=0.00 sys=0.00, real=0.00 secs] 
2014-07-10T09:59:29.453+0200: 115.597: [GC (Allocation Failure) 115.597: [ParNew: 9745K->1059K(9792K), 0.0048013 secs] 23626K->20352K(31680K), 0.0049271 secs] [Times: user=0.00 sys=0.00, real=0.00 secs] 
2014-07-10T09:59:29.458+0200: 115.602: [GC (CMS Initial Mark) [1 CMS-initial-mark: 19292K(21888K)] 20384K(31680K), 0.0001884 secs] [Times: user=0.00 sys=0.00, real=0.00 secs] 
2014-07-10T09:59:29.459+0200: 115.602: [CMS-concurrent-mark-start]
2014-07-10T09:59:29.460+0200: 115.603: [CMS-concurrent-mark: 0.001/0.001 secs] [Times: user=0.00 sys=0.00, real=0.00 secs] 
2014-07-10T09:59:29.460+0200: 115.603: [CMS-concurrent-preclean-start]
2014-07-10T09:59:29.460+0200: 115.603: [CMS-concurrent-preclean: 0.000/0.000 secs] [Times: user=0.00 sys=0.00, real=0.00 secs] 
2014-07-10T09:59:29.460+0200: 115.603: [GC (CMS Final Remark) [YG occupancy: 2790 K (9792 K)]115.603: [Rescan (parallel) , 0.0000873 secs]115.603: [weak refs processing, 0.0000308 secs]115.603: [class unloading, 0.0005221 secs]115.604: [scrub symbol table, 0.0005972 secs]115.604: [scrub string table, 0.0001925 secs][1 CMS-remark: 19292K(21888K)] 22082K(31680K), 0.0016022 secs] [Times: user=0.00 sys=0.00, real=0.00 secs] 
2014-07-10T09:59:29.462+0200: 115.605: [CMS-concurrent-sweep-start]
2014-07-10T09:59:29.462+0200: 115.605: [CMS-concurrent-sweep: 0.000/0.000 secs] [Times: user=0.00 sys=0.00, real=0.00 secs] 
2014-07-10T09:59:29.462+0200: 115.605: [CMS-concurrent-reset-start]
2014-07-10T09:59:29.462+0200: 115.605: [CMS-concurrent-reset: 0.000/0.000 secs] [Times: user=0.00 sys=0.00, real=0.00 secs] 
2014-07-10T09:59:29.494+0200: 115.637: [GC (Allocation Failure) 115.637: [ParNew: 9745K->1059K(9792K), 0.0051309 secs] 15684K->12890K(31680K), 0.0052842 secs] [Times: user=0.03 sys=0.00, real=0.01 secs] 
2014-07-10T09:59:29.500+0200: 115.643: [GC (CMS Initial Mark) [1 CMS-initial-mark: 11830K(21888K)] 12922K(31680K), 0.0001727 secs] [Times: user=0.00 sys=0.00, real=0.00 secs] 
2014-07-10T09:59:29.500+0200: 115.643: [CMS-concurrent-mark-start]
2014-07-10T09:59:29.501+0200: 115.644: [CMS-concurrent-mark: 0.001/0.001 secs] [Times: user=0.00 sys=0.00, real=0.00 secs] 
2014-07-10T09:59:29.501+0200: 115.644: [CMS-concurrent-preclean-start]
2014-07-10T09:59:29.501+0200: 115.644: [CMS-concurrent-preclean: 0.000/0.000 secs] [Times: user=0.00 sys=0.00, real=0.00 secs] 
2014-07-10T09:59:29.501+0200: 115.644: [GC (CMS Final Remark) [YG occupancy: 2310 K (9792 K)]115.644: [Rescan (parallel) , 0.0000836 secs]115.644: [weak refs processing, 0.0000268 secs]115.644: [class unloading, 0.0004422 secs]115.645: [scrub symbol table, 0.0006482 secs]115.645: [scrub string table, 0.0001947 secs][1 CMS-remark: 11830K(21888K)] 14140K(31680K), 0.0015919 secs] [Times: user=0.00 sys=0.00, real=0.00 secs] 
2014-07-10T09:59:29.503+0200: 115.646: [CMS-concurrent-sweep-start]
2014-07-10T09:59:29.503+0200: 115.646: [CMS-concurrent-sweep: 0.000/0.000 secs] [Times: user=0.00 sys=0.00, real=0.00 secs] 
2014-07-10T09:59:29.503+0200: 115.646: [CMS-concurrent-reset-start]
2014-07-10T09:59:29.503+0200: 115.646: [CMS-concurrent-reset: 0.000/0.000 secs] [Times: user=0.00 sys=0.00, real=0.00 secs] 
2014-07-10T09:59:29.545+0200: 115.689: [GC (Allocation Failure) 115.689: [ParNew: 9745K->1059K(9792K), 0.0097489 secs] 16164K->13850K(31680K), 0.0101057 secs] [Times: user=0.00 sys=0.00, real=0.01 secs] 
2014-07-10T09:59:29.556+0200: 115.699: [GC (CMS Initial Mark) [1 CMS-initial-mark: 12791K(21888K)] 13916K(31680K), 0.0003934 secs] [Times: user=0.00 sys=0.00, real=0.00 secs] 
2014-07-10T09:59:29.556+0200: 115.700: [CMS-concurrent-mark-start]
2014-07-10T09:59:29.559+0200: 115.702: [CMS-concurrent-mark: 0.002/0.002 secs] [Times: user=0.03 sys=0.00, real=0.00 secs] 
2014-07-10T09:59:29.559+0200: 115.702: [CMS-concurrent-preclean-start]
2014-07-10T09:59:29.560+0200: 115.703: [CMS-concurrent-preclean: 0.001/0.001 secs] [Times: user=0.00 sys=0.00, real=0.00 secs] 
2014-07-10T09:59:29.560+0200: 115.703: [CMS-concurrent-abortable-preclean-start]
2014-07-10T09:59:29.564+0200: 115.707: [GC (Allocation Failure) 115.707: [ParNew: 9745K->1059K(9792K), 0.0074198 secs] 22536K->20703K(31680K), 0.0076207 secs] [Times: user=0.00 sys=0.00, real=0.01 secs] 
2014-07-10T09:59:29.594+0200: 115.737: [GC (Allocation Failure) 115.737: [ParNew: 9760K->9760K(9792K), 0.0000510 secs]115.737: [CMS2014-07-10T09:59:29.594+0200: 115.737: [CMS-concurrent-abortable-preclean: 0.001/0.034 secs] [Times: user=0.01 sys=0.00, real=0.03 secs] 
 (concurrent mode failure): 19643K->729K(21888K), 0.0038914 secs] 29404K->729K(31680K), [Metaspace: 2457K->2457K(1056768K)], 0.0040948 secs] [Times: user=0.00 sys=0.00, real=0.00 secs] 
2014-07-10T09:59:29.646+0200: 115.789: [GC (Allocation Failure) 115.789: [ParNew: 8682K->1059K(9792K), 0.0094916 secs] 9412K->8068K(31680K), 0.0098120 secs] [Times: user=0.03 sys=0.00, real=0.01 secs] 
2014-07-10T09:59:29.656+0200: 115.799: [GC (CMS Initial Mark) [1 CMS-initial-mark: 7008K(21888K)] 8134K(31680K), 0.0003883 secs] [Times: user=0.00 sys=0.00, real=0.00 secs] 
2014-07-10T09:59:29.657+0200: 115.800: [CMS-concurrent-mark-start]
2014-07-10T09:59:29.659+0200: 115.802: [CMS-concurrent-mark: 0.002/0.002 secs] [Times: user=0.00 sys=0.00, real=0.00 secs] 
2014-07-10T09:59:29.659+0200: 115.802: [CMS-concurrent-preclean-start]
2014-07-10T09:59:29.659+0200: 115.802: [CMS-concurrent-preclean: 0.000/0.000 secs] [Times: user=0.00 sys=0.00, real=0.00 secs] 
2014-07-10T09:59:29.659+0200: 115.803: [CMS-concurrent-abortable-preclean-start]
2014-07-10T09:59:29.662+0200: 115.805: [GC (Allocation Failure) 115.805: [ParNew: 9745K->1059K(9792K), 0.0057843 secs] 16754K->14825K(31680K), 0.0059555 secs] [Times: user=0.03 sys=0.00, real=0.01 secs] 
2014-07-10T09:59:29.741+0200: 115.885: [GC (Allocation Failure) 115.885: [ParNew: 9747K->9747K(9792K), 0.0001071 secs]115.885: [CMS2014-07-10T09:59:29.742+0200: 115.885: [CMS-concurrent-abortable-preclean: 0.001/0.082 secs] [Times: user=0.03 sys=0.00, real=0.08 secs] 
 (concurrent mode failure): 13765K->621K(21888K), 0.0076544 secs] 23513K->621K(31680K), [Metaspace: 2457K->2457K(1056768K)], 0.0080350 secs] [Times: user=0.01 sys=0.00, real=0.01 secs] 
2014-07-10T09:59:29.756+0200: 115.899: [GC (Allocation Failure) 115.899: [ParNew: 8686K->579K(9792K), 0.0015552 secs] 9307K->1200K(31680K), 0.0017726 secs] [Times: user=0.00 sys=0.00, real=0.00 secs] 
2014-07-10T09:59:29.802+0200: 115.945: [GC (Allocation Failure) 115.945: [ParNew: 9265K->1059K(9792K), 0.0010181 secs] 9886K->1685K(31680K), 0.0011307 secs] [Times: user=0.00 sys=0.00, real=0.00 secs] 
2014-07-10T09:59:29.841+0200: 115.984: [GC (Allocation Failure) 115.984: [ParNew: 9745K->1059K(9792K), 0.0007648 secs] 10372K->2167K(31680K), 0.0008480 secs] [Times: user=0.00 sys=0.00, real=0.00 secs] 
2014-07-10T09:59:29.845+0200: 115.989: [GC (Allocation Failure) 115.989: [ParNew: 9745K->1059K(9792K), 0.0015010 secs] 10853K->3128K(31680K), 0.0016421 secs] [Times: user=0.00 sys=0.00, real=0.00 secs] 
2014-07-10T09:59:29.891+0200: 116.034: [GC (Allocation Failure) 116.034: [ParNew: 9760K->837K(9792K), 0.0006761 secs] 11830K->2907K(31680K), 0.0007626 secs] [Times: user=0.00 sys=0.00, real=0.00 secs] 
2014-07-10T09:59:29.942+0200: 116.085: [GC (Allocation Failure) 116.085: [ParNew: 9523K->1059K(9792K), 0.0016824 secs] 11593K->3388K(31680K), 0.0018331 secs] [Times: user=0.00 sys=0.00, real=0.00 secs] 
2014-07-10T09:59:29.951+0200: 116.094: [GC (Allocation Failure) 116.095: [ParNew: 9745K->1059K(9792K), 0.0029902 secs] 12074K->4126K(31680K), 0.0033139 secs] [Times: user=0.00 sys=0.00, real=0.00 secs] 
2014-07-10T09:59:29.991+0200: 116.135: [GC (Allocation Failure) 116.135: [ParNew: 9745K->1059K(9792K), 0.0013199 secs] 12812K->5343K(31680K), 0.0014375 secs] [Times: user=0.00 sys=0.00, real=0.00 secs] 
2014-07-10T09:59:30.042+0200: 116.185: [GC (Allocation Failure) 116.185: [ParNew: 9745K->1059K(9792K), 0.0016179 secs] 14029K->7041K(31680K), 0.0017554 secs] [Times: user=0.00 sys=0.00, real=0.00 secs] 
2014-07-10T09:59:30.047+0200: 116.191: [GC (Allocation Failure) 116.191: [ParNew: 9745K->1059K(9792K), 0.0025737 secs] 15727K->9219K(31680K), 0.0027416 secs] [Times: user=0.00 sys=0.00, real=0.00 secs] 
2014-07-10T09:59:30.093+0200: 116.236: [GC (Allocation Failure) 116.236: [ParNew: 9745K->1059K(9792K), 0.0043284 secs] 17906K->11878K(31680K), 0.0046382 secs] [Times: user=0.00 sys=0.00, real=0.01 secs] 
2014-07-10T09:59:30.142+0200: 116.285: [GC (Allocation Failure) 116.285: [ParNew: 9751K->1061K(9792K), 0.0019233 secs] 20569K->13994K(31680K), 0.0020887 secs] [Times: user=0.00 sys=0.00, real=0.00 secs] 
2014-07-10T09:59:30.149+0200: 116.293: [GC (Allocation Failure) 116.293: [ParNew: 9747K->1059K(9792K), 0.0027156 secs] 22680K->16587K(31680K), 0.0028949 secs] [Times: user=0.00 sys=0.02, real=0.00 secs] 
2014-07-10T09:59:30.153+0200: 116.296: [GC (CMS Initial Mark) [1 CMS-initial-mark: 15527K(21888K)] 16717K(31680K), 0.0002247 secs] [Times: user=0.00 sys=0.00, real=0.00 secs] 
2014-07-10T09:59:30.153+0200: 116.297: [CMS-concurrent-mark-start]
2014-07-10T09:59:30.155+0200: 116.298: [CMS-concurrent-mark: 0.001/0.001 secs] [Times: user=0.00 sys=0.00, real=0.00 secs] 
2014-07-10T09:59:30.155+0200: 116.298: [CMS-concurrent-preclean-start]
2014-07-10T09:59:30.155+0200: 116.298: [CMS-concurrent-preclean: 0.000/0.000 secs] [Times: user=0.00 sys=0.00, real=0.00 secs] 
2014-07-10T09:59:30.155+0200: 116.298: [CMS-concurrent-abortable-preclean-start]
2014-07-10T09:59:30.192+0200: 116.335: [GC (Allocation Failure) 116.335: [ParNew: 9745K->1059K(9792K), 0.0027497 secs] 25273K->19661K(31680K), 0.0028758 secs] [Times: user=0.00 sys=0.00, real=0.00 secs] 
2014-07-10T09:59:30.244+0200: 116.388: [GC (Allocation Failure) 116.388: [ParNew: 9745K->9745K(9792K), 0.0001038 secs]116.388: [CMS2014-07-10T09:59:30.245+0200: 116.388: [CMS-concurrent-abortable-preclean: 0.001/0.090 secs] [Times: user=0.02 sys=0.00, real=0.09 secs] 
 (concurrent mode failure): 18602K->5135K(21888K), 0.0134530 secs] 28347K->5135K(31680K), [Metaspace: 2457K->2457K(1056768K)], 0.0139017 secs] [Times: user=0.00 sys=0.00, real=0.01 secs] 
2014-07-10T09:59:30.263+0200: 116.406: [GC (Allocation Failure) 116.406: [ParNew: 8686K->1059K(9792K), 0.0038092 secs] 13822K->10233K(31680K), 0.0039489 secs] [Times: user=0.00 sys=0.00, real=0.00 secs] 
2014-07-10T09:59:30.293+0200: 116.436: [GC (Allocation Failure) 116.436: [ParNew: 9745K->1059K(9792K), 0.0171925 secs] 18919K->14748K(31680K), 0.0173421 secs] [Times: user=0.02 sys=0.00, real=0.02 secs] 
2014-07-10T09:59:30.311+0200: 116.455: [GC (CMS Initial Mark) [1 CMS-initial-mark: 13689K(21888K)] 17378K(31680K), 0.0002647 secs] [Times: user=0.00 sys=0.00, real=0.00 secs] 
2014-07-10T09:59:30.312+0200: 116.455: [CMS-concurrent-mark-start]
2014-07-10T09:59:30.313+0200: 116.456: [CMS-concurrent-mark: 0.001/0.001 secs] [Times: user=0.00 sys=0.00, real=0.00 secs] 
2014-07-10T09:59:30.313+0200: 116.456: [CMS-concurrent-preclean-start]
2014-07-10T09:59:30.313+0200: 116.456: [CMS-concurrent-preclean: 0.000/0.000 secs] [Times: user=0.00 sys=0.00, real=0.00 secs] 
2014-07-10T09:59:30.313+0200: 116.456: [CMS-concurrent-abortable-preclean-start]
2014-07-10T09:59:30.366+0200: 116.509: [GC (Allocation Failure) 116.509: [ParNew: 9745K->1059K(9792K), 0.0046147 secs] 23435K->19744K(31680K), 0.0047779 secs] [Times: user=0.03 sys=0.00, real=0.01 secs] 
2014-07-10T09:59:30.372+0200: 116.515: [CMS-concurrent-abortable-preclean: 0.001/0.059 secs] [Times: user=0.03 sys=0.00, real=0.06 secs] 
2014-07-10T09:59:30.372+0200: 116.515: [GC (CMS Final Remark) [YG occupancy: 4429 K (9792 K)]116.515: [Rescan (parallel) , 0.0001126 secs]116.516: [weak refs processing, 0.0000290 secs]116.516: [class unloading, 0.0005763 secs]116.516: [scrub symbol table, 0.0006295 secs]116.517: [scrub string table, 0.0002049 secs][1 CMS-remark: 18684K(21888K)] 23114K(31680K), 0.0016843 secs] [Times: user=0.00 sys=0.00, real=0.00 secs] 
2014-07-10T09:59:30.374+0200: 116.517: [CMS-concurrent-sweep-start]
2014-07-10T09:59:30.374+0200: 116.518: [CMS-concurrent-sweep: 0.000/0.000 secs] [Times: user=0.00 sys=0.00, real=0.00 secs] 
2014-07-10T09:59:30.374+0200: 116.518: [CMS-concurrent-reset-start]
2014-07-10T09:59:30.375+0200: 116.518: [CMS-concurrent-reset: 0.000/0.000 secs] [Times: user=0.00 sys=0.00, real=0.00 secs] 
2014-07-10T09:59:30.376+0200: 116.519: [GC (Allocation Failure) 116.519: [ParNew: 9757K->1061K(9792K), 0.0039654 secs] 15280K->10523K(31680K), 0.0040897 secs] [Times: user=0.00 sys=0.00, real=0.00 secs] 
2014-07-10T09:59:30.380+0200: 116.524: [GC (CMS Initial Mark) [1 CMS-initial-mark: 9462K(21888K)] 10555K(31680K), 0.0001664 secs] [Times: user=0.00 sys=0.00, real=0.00 secs] 
2014-07-10T09:59:30.381+0200: 116.524: [CMS-concurrent-mark-start]
2014-07-10T09:59:30.381+0200: 116.525: [CMS-concurrent-mark: 0.001/0.001 secs] [Times: user=0.00 sys=0.00, real=0.00 secs] 
2014-07-10T09:59:30.382+0200: 116.525: [CMS-concurrent-preclean-start]
2014-07-10T09:59:30.382+0200: 116.525: [CMS-concurrent-preclean: 0.000/0.000 secs] [Times: user=0.00 sys=0.00, real=0.00 secs] 
2014-07-10T09:59:30.382+0200: 116.525: [CMS-concurrent-abortable-preclean-start]
2014-07-10T09:59:30.392+0200: 116.536: [GC (Allocation Failure) 116.536: [ParNew: 9753K->1059K(9792K), 0.0038276 secs] 19215K->14429K(31680K), 0.0039662 secs] [Times: user=0.00 sys=0.00, real=0.00 secs] 
2014-07-10T09:59:30.443+0200: 116.586: [GC (Allocation Failure) 116.586: [ParNew: 9745K->1059K(9792K), 0.0041542 secs] 23116K->18817K(31680K), 0.0042998 secs] [Times: user=0.03 sys=0.00, real=0.00 secs] 
2014-07-10T09:59:30.452+0200: 116.595: [GC (Allocation Failure) 116.595: [ParNew: 9745K->9745K(9792K), 0.0000462 secs]116.595: [CMS2014-07-10T09:59:30.452+0200: 116.595: [CMS-concurrent-abortable-preclean: 0.001/0.070 secs] [Times: user=0.03 sys=0.00, real=0.07 secs] 
 (concurrent mode failure): 17758K->6448K(21888K), 0.0075884 secs] 27503K->6448K(31680K), [Metaspace: 2457K->2457K(1056768K)], 0.0078011 secs] [Times: user=0.00 sys=0.00, real=0.01 secs] 
2014-07-10T09:59:30.494+0200: 116.637: [GC (Allocation Failure) 116.637: [ParNew: 8686K->1059K(9792K), 0.0047742 secs] 15134K->12858K(31680K), 0.0049626 secs] [Times: user=0.00 sys=0.00, real=0.01 secs] 
2014-07-10T09:59:30.499+0200: 116.642: [GC (CMS Initial Mark) [1 CMS-initial-mark: 11799K(21888K)] 12890K(31680K), 0.0001697 secs] [Times: user=0.00 sys=0.00, real=0.00 secs] 
2014-07-10T09:59:30.499+0200: 116.642: [CMS-concurrent-mark-start]
2014-07-10T09:59:30.500+0200: 116.643: [CMS-concurrent-mark: 0.001/0.001 secs] [Times: user=0.00 sys=0.00, real=0.00 secs] 
2014-07-10T09:59:30.500+0200: 116.643: [CMS-concurrent-preclean-start]
2014-07-10T09:59:30.500+0200: 116.643: [CMS-concurrent-preclean: 0.000/0.000 secs] [Times: user=0.00 sys=0.00, real=0.00 secs] 
2014-07-10T09:59:30.500+0200: 116.643: [GC (CMS Final Remark) [YG occupancy: 2854 K (9792 K)]116.643: [Rescan (parallel) , 0.0000854 secs]116.643: [weak refs processing, 0.0000268 secs]116.643: [class unloading, 0.0004693 secs]116.644: [scrub symbol table, 0.0005914 secs]116.645: [scrub string table, 0.0001851 secs][1 CMS-remark: 11799K(21888K)] 14653K(31680K), 0.0015021 secs] [Times: user=0.00 sys=0.00, real=0.00 secs] 
2014-07-10T09:59:30.502+0200: 116.645: [CMS-concurrent-sweep-start]
2014-07-10T09:59:30.502+0200: 116.645: [CMS-concurrent-sweep: 0.000/0.000 secs] [Times: user=0.00 sys=0.00, real=0.00 secs] 
2014-07-10T09:59:30.502+0200: 116.645: [CMS-concurrent-reset-start]
2014-07-10T09:59:30.502+0200: 116.645: [CMS-concurrent-reset: 0.000/0.000 secs] [Times: user=0.00 sys=0.00, real=0.00 secs] 
2014-07-10T09:59:30.543+0200: 116.686: [GC (Allocation Failure) 116.686: [ParNew: 9745K->1059K(9792K), 0.0055577 secs] 15621K->12762K(31680K), 0.0057131 secs] [Times: user=0.00 sys=0.00, real=0.01 secs] 
2014-07-10T09:59:30.549+0200: 116.692: [GC (CMS Initial Mark) [1 CMS-initial-mark: 11703K(21888K)] 12828K(31680K), 0.0001774 secs] [Times: user=0.00 sys=0.00, real=0.00 secs] 
2014-07-10T09:59:30.549+0200: 116.692: [CMS-concurrent-mark-start]
2014-07-10T09:59:30.549+0200: 116.693: [CMS-concurrent-mark: 0.001/0.001 secs] [Times: user=0.00 sys=0.00, real=0.00 secs] 
2014-07-10T09:59:30.549+0200: 116.693: [CMS-concurrent-preclean-start]
2014-07-10T09:59:30.550+0200: 116.693: [CMS-concurrent-preclean: 0.000/0.000 secs] [Times: user=0.00 sys=0.00, real=0.00 secs] 
2014-07-10T09:59:30.550+0200: 116.693: [GC (CMS Final Remark) [YG occupancy: 1413 K (9792 K)]116.693: [Rescan (parallel) , 0.0000799 secs]116.693: [weak refs processing, 0.0000257 secs]116.693: [class unloading, 0.0004048 secs]116.693: [scrub symbol table, 0.0005496 secs]116.694: [scrub string table, 0.0001591 secs][1 CMS-remark: 11703K(21888K)] 13116K(31680K), 0.0013279 secs] [Times: user=0.00 sys=0.00, real=0.00 secs] 
2014-07-10T09:59:30.551+0200: 116.694: [CMS-concurrent-sweep-start]
2014-07-10T09:59:30.551+0200: 116.695: [CMS-concurrent-sweep: 0.000/0.000 secs] [Times: user=0.00 sys=0.00, real=0.00 secs] 
2014-07-10T09:59:30.551+0200: 116.695: [CMS-concurrent-reset-start]
2014-07-10T09:59:30.551+0200: 116.695: [CMS-concurrent-reset: 0.000/0.000 secs] [Times: user=0.00 sys=0.00, real=0.00 secs] 
2014-07-10T09:59:30.554+0200: 116.697: [GC (Allocation Failure) 116.697: [ParNew: 9745K->1059K(9792K), 0.0056064 secs] 16101K->13723K(31680K), 0.0057557 secs] [Times: user=0.03 sys=0.00, real=0.01 secs] 
2014-07-10T09:59:30.560+0200: 116.703: [GC (CMS Initial Mark) [1 CMS-initial-mark: 12663K(21888K)] 13755K(31680K), 0.0001848 secs] [Times: user=0.00 sys=0.00, real=0.00 secs] 
2014-07-10T09:59:30.560+0200: 116.703: [CMS-concurrent-mark-start]
2014-07-10T09:59:30.561+0200: 116.704: [CMS-concurrent-mark: 0.001/0.001 secs] [Times: user=0.00 sys=0.00, real=0.00 secs] 
2014-07-10T09:59:30.561+0200: 116.704: [CMS-concurrent-preclean-start]
2014-07-10T09:59:30.561+0200: 116.704: [CMS-concurrent-preclean: 0.000/0.000 secs] [Times: user=0.00 sys=0.00, real=0.00 secs] 
2014-07-10T09:59:30.561+0200: 116.704: [GC (CMS Final Remark) [YG occupancy: 1893 K (9792 K)]116.704: [Rescan (parallel) , 0.0000807 secs]116.704: [weak refs processing, 0.0000257 secs]116.704: [class unloading, 0.0004275 secs]116.705: [scrub symbol table, 0.0008663 secs]116.706: [scrub string table, 0.0001584 secs][1 CMS-remark: 12663K(21888K)] 14557K(31680K), 0.0016868 secs] [Times: user=0.00 sys=0.00, real=0.00 secs] 
2014-07-10T09:59:30.563+0200: 116.706: [CMS-concurrent-sweep-start]
2014-07-10T09:59:30.563+0200: 116.706: [CMS-concurrent-sweep: 0.000/0.000 secs] [Times: user=0.00 sys=0.00, real=0.00 secs] 
2014-07-10T09:59:30.563+0200: 116.706: [CMS-concurrent-reset-start]
2014-07-10T09:59:30.563+0200: 116.706: [CMS-concurrent-reset: 0.000/0.000 secs] [Times: user=0.00 sys=0.00, real=0.00 secs] 
2014-07-10T09:59:30.596+0200: 116.739: [GC (Allocation Failure) 116.739: [ParNew: 9751K->1059K(9792K), 0.0086945 secs] 16585K->13658K(31680K), 0.0089911 secs] [Times: user=0.03 sys=0.00, real=0.01 secs] 
2014-07-10T09:59:30.605+0200: 116.748: [GC (CMS Initial Mark) [1 CMS-initial-mark: 12598K(21888K)] 13724K(31680K), 0.0004513 secs] [Times: user=0.00 sys=0.00, real=0.00 secs] 
2014-07-10T09:59:30.606+0200: 116.749: [CMS-concurrent-mark-start]
2014-07-10T09:59:30.608+0200: 116.751: [CMS-concurrent-mark: 0.002/0.002 secs] [Times: user=0.00 sys=0.00, real=0.00 secs] 
2014-07-10T09:59:30.608+0200: 116.751: [CMS-concurrent-preclean-start]
2014-07-10T09:59:30.608+0200: 116.752: [CMS-concurrent-preclean: 0.000/0.000 secs] [Times: user=0.00 sys=0.00, real=0.00 secs] 
2014-07-10T09:59:30.609+0200: 116.752: [GC (CMS Final Remark) [YG occupancy: 2438 K (9792 K)]116.752: [Rescan (parallel) , 0.0002508 secs]116.752: [weak refs processing, 0.0000594 secs]116.752: [class unloading, 0.0010200 secs]116.753: [scrub symbol table, 0.0013125 secs]116.755: [scrub string table, 0.0006394 secs][1 CMS-remark: 12598K(21888K)] 15036K(31680K), 0.0036927 secs] [Times: user=0.00 sys=0.00, real=0.00 secs] 
2014-07-10T09:59:30.613+0200: 116.756: [CMS-concurrent-sweep-start]
2014-07-10T09:59:30.613+0200: 116.757: [CMS-concurrent-sweep: 0.001/0.001 secs] [Times: user=0.00 sys=0.00, real=0.00 secs] 
2014-07-10T09:59:30.613+0200: 116.757: [CMS-concurrent-reset-start]
2014-07-10T09:59:30.614+0200: 116.757: [CMS-concurrent-reset: 0.000/0.000 secs] [Times: user=0.00 sys=0.00, real=0.00 secs] 
2014-07-10T09:59:30.643+0200: 116.786: [GC (Allocation Failure) 116.786: [ParNew: 9745K->1059K(9792K), 0.0060028 secs] 16035K->13594K(31680K), 0.0061597 secs] [Times: user=0.00 sys=0.00, real=0.01 secs] 
2014-07-10T09:59:30.649+0200: 116.792: [GC (CMS Initial Mark) [1 CMS-initial-mark: 12534K(21888K)] 13660K(31680K), 0.0002097 secs] [Times: user=0.00 sys=0.00, real=0.00 secs] 
2014-07-10T09:59:30.650+0200: 116.793: [CMS-concurrent-mark-start]
2014-07-10T09:59:30.651+0200: 116.794: [CMS-concurrent-mark: 0.001/0.001 secs] [Times: user=0.00 sys=0.00, real=0.00 secs] 
2014-07-10T09:59:30.651+0200: 116.794: [CMS-concurrent-preclean-start]
2014-07-10T09:59:30.651+0200: 116.794: [CMS-concurrent-preclean: 0.000/0.000 secs] [Times: user=0.00 sys=0.00, real=0.00 secs] 
2014-07-10T09:59:30.651+0200: 116.794: [CMS-concurrent-abortable-preclean-start]
2014-07-10T09:59:30.653+0200: 116.797: [GC (Allocation Failure) 116.797: [ParNew: 9745K->1059K(9792K), 0.0056886 secs] 22280K->20318K(31680K), 0.0058231 secs] [Times: user=0.00 sys=0.00, real=0.00 secs] 
2014-07-10T09:59:30.741+0200: 116.884: [GC (Allocation Failure) 116.884: [ParNew: 9747K->9747K(9792K), 0.0000961 secs]116.884: [CMS2014-07-10T09:59:30.741+0200: 116.885: [CMS-concurrent-abortable-preclean: 0.001/0.091 secs] [Times: user=0.00 sys=0.00, real=0.09 secs] 
 (concurrent mode failure): 19258K->589K(21888K), 0.0076463 secs] 29006K->589K(31680K), [Metaspace: 2457K->2457K(1056768K)], 0.0080053 secs] [Times: user=0.02 sys=0.00, real=0.01 secs] 
2014-07-10T09:59:30.755+0200: 116.898: [GC (Allocation Failure) 116.899: [ParNew: 8686K->547K(9792K), 0.0015761 secs] 9275K->1136K(31680K), 0.0017767 secs] [Times: user=0.00 sys=0.00, real=0.00 secs] 
2014-07-10T09:59:30.791+0200: 116.934: [GC (Allocation Failure) 116.935: [ParNew: 9233K->1027K(9792K), 0.0008594 secs] 9823K->1622K(31680K), 0.0009771 secs] [Times: user=0.00 sys=0.00, real=0.00 secs] 
2014-07-10T09:59:30.842+0200: 116.985: [GC (Allocation Failure) 116.985: [ParNew: 9713K->1059K(9792K), 0.0017833 secs] 10308K->2103K(31680K), 0.0019552 secs] [Times: user=0.00 sys=0.00, real=0.00 secs] 
2014-07-10T09:59:30.851+0200: 116.994: [GC (Allocation Failure) 116.994: [ParNew: 9745K->1059K(9792K), 0.0055349 secs] 10789K->3033K(31680K), 0.0059379 secs] [Times: user=0.03 sys=0.00, real=0.01 secs] 
2014-07-10T09:59:30.891+0200: 117.034: [GC (Allocation Failure) 117.034: [ParNew: 9761K->805K(9792K), 0.0006563 secs] 11735K->2780K(31680K), 0.0007355 secs] [Times: user=0.00 sys=0.00, real=0.00 secs] 
2014-07-10T09:59:30.941+0200: 117.084: [GC (Allocation Failure) 117.084: [ParNew: 9491K->1059K(9792K), 0.0008619 secs] 11466K->3261K(31680K), 0.0009499 secs] [Times: user=0.00 sys=0.00, real=0.00 secs] 
2014-07-10T09:59:30.946+0200: 117.090: [GC (Allocation Failure) 117.090: [ParNew: 9745K->1059K(9792K), 0.0011681 secs] 11947K->3966K(31680K), 0.0013125 secs] [Times: user=0.00 sys=0.00, real=0.00 secs] 
2014-07-10T09:59:30.991+0200: 117.135: [GC (Allocation Failure) 117.135: [ParNew: 9745K->1059K(9792K), 0.0010749 secs] 12652K->5152K(31680K), 0.0011809 secs] [Times: user=0.00 sys=0.01, real=0.00 secs] 
2014-07-10T09:59:31.041+0200: 117.185: [GC (Allocation Failure) 117.185: [ParNew: 9745K->1059K(9792K), 0.0013301 secs] 13838K->6818K(31680K), 0.0014724 secs] [Times: user=0.00 sys=0.00, real=0.00 secs] 
2014-07-10T09:59:31.048+0200: 117.191: [GC (Allocation Failure) 117.191: [ParNew: 9745K->1059K(9792K), 0.0019695 secs] 15504K->8964K(31680K), 0.0021272 secs] [Times: user=0.00 sys=0.00, real=0.00 secs] 
2014-07-10T09:59:31.091+0200: 117.235: [GC (Allocation Failure) 117.235: [ParNew: 9745K->1059K(9792K), 0.0021807 secs] 17650K->11590K(31680K), 0.0023130 secs] [Times: user=0.00 sys=0.00, real=0.00 secs] 
2014-07-10T09:59:31.144+0200: 117.287: [GC (Allocation Failure) 117.288: [ParNew: 9757K->1061K(9792K), 0.0031827 secs] 20288K->13162K(31680K), 0.0034613 secs] [Times: user=0.00 sys=0.00, real=0.00 secs] 
2014-07-10T09:59:31.157+0200: 117.301: [GC (Allocation Failure) 117.301: [ParNew: 9747K->1059K(9792K), 0.0027501 secs] 21848K->15211K(31680K), 0.0029752 secs] [Times: user=0.00 sys=0.00, real=0.00 secs] 
2014-07-10T09:59:31.194+0200: 117.337: [GC (Allocation Failure) 117.338: [ParNew: 9745K->1059K(9792K), 0.0021756 secs] 23897K->17741K(31680K), 0.0023262 secs] [Times: user=0.02 sys=0.00, real=0.00 secs] 
2014-07-10T09:59:31.197+0200: 117.340: [GC (CMS Initial Mark) [1 CMS-initial-mark: 16682K(21888K)] 17773K(31680K), 0.0001804 secs] [Times: user=0.00 sys=0.00, real=0.00 secs] 
2014-07-10T09:59:31.197+0200: 117.340: [CMS-concurrent-mark-start]
2014-07-10T09:59:31.198+0200: 117.341: [CMS-concurrent-mark: 0.001/0.001 secs] [Times: user=0.00 sys=0.00, real=0.00 secs] 
2014-07-10T09:59:31.198+0200: 117.341: [CMS-concurrent-preclean-start]
2014-07-10T09:59:31.198+0200: 117.341: [CMS-concurrent-preclean: 0.000/0.000 secs] [Times: user=0.00 sys=0.00, real=0.00 secs] 
2014-07-10T09:59:31.198+0200: 117.341: [CMS-concurrent-abortable-preclean-start]
2014-07-10T09:59:31.242+0200: 117.385: [GC (Allocation Failure) 117.385: [ParNew: 9745K->1059K(9792K), 0.0028347 secs] 26428K->20752K(31680K), 0.0030067 secs] [Times: user=0.00 sys=0.00, real=0.00 secs] 
2014-07-10T09:59:31.249+0200: 117.392: [GC (Allocation Failure) 117.392: [ParNew: 9745K->9745K(9792K), 0.0000444 secs]117.392: [CMS2014-07-10T09:59:31.249+0200: 117.392: [CMS-concurrent-abortable-preclean: 0.001/0.051 secs] [Times: user=0.02 sys=0.00, real=0.05 secs] 
 (concurrent mode failure): 19692K->5072K(21888K), 0.0057194 secs] 29438K->5072K(31680K), [Metaspace: 2457K->2457K(1056768K)], 0.0059206 secs] [Times: user=0.00 sys=0.00, real=0.01 secs] 
2014-07-10T09:59:31.293+0200: 117.436: [GC (Allocation Failure) 117.436: [ParNew: 8686K->1059K(9792K), 0.0519597 secs] 13758K->10103K(31680K), 0.0520806 secs] [Times: user=0.02 sys=0.00, real=0.05 secs] 
2014-07-10T09:59:31.349+0200: 117.492: [GC (Allocation Failure) 117.492: [ParNew: 9745K->1059K(9792K), 0.0037660 secs] 18790K->14557K(31680K), 0.0039368 secs] [Times: user=0.03 sys=0.00, real=0.00 secs] 
2014-07-10T09:59:31.353+0200: 117.497: [GC (CMS Initial Mark) [1 CMS-initial-mark: 13497K(21888K)] 14623K(31680K), 0.0001712 secs] [Times: user=0.00 sys=0.00, real=0.00 secs] 
2014-07-10T09:59:31.353+0200: 117.497: [CMS-concurrent-mark-start]
2014-07-10T09:59:31.354+0200: 117.498: [CMS-concurrent-mark: 0.001/0.001 secs] [Times: user=0.00 sys=0.00, real=0.00 secs] 
2014-07-10T09:59:31.355+0200: 117.498: [CMS-concurrent-preclean-start]
2014-07-10T09:59:31.355+0200: 117.498: [CMS-concurrent-preclean: 0.000/0.000 secs] [Times: user=0.00 sys=0.00, real=0.00 secs] 
2014-07-10T09:59:31.355+0200: 117.498: [CMS-concurrent-abortable-preclean-start]
2014-07-10T09:59:31.357+0200: 117.501: [GC (Allocation Failure) 117.501: [ParNew: 9745K->1059K(9792K), 0.0044571 secs] 23243K->19488K(31680K), 0.0046034 secs] [Times: user=0.00 sys=0.00, real=0.00 secs] 
2014-07-10T09:59:31.363+0200: 117.507: [CMS-concurrent-abortable-preclean: 0.001/0.009 secs] [Times: user=0.00 sys=0.00, real=0.01 secs] 
2014-07-10T09:59:31.364+0200: 117.507: [GC (CMS Final Remark) [YG occupancy: 4820 K (9792 K)]117.507: [Rescan (parallel) , 0.0001305 secs]117.507: [weak refs processing, 0.0000293 secs]117.507: [class unloading, 0.0007600 secs]117.508: [scrub symbol table, 0.0006581 secs]117.509: [scrub string table, 0.0002159 secs][1 CMS-remark: 18429K(21888K)] 23249K(31680K), 0.0019475 secs] [Times: user=0.00 sys=0.00, real=0.00 secs] 
2014-07-10T09:59:31.366+0200: 117.509: [CMS-concurrent-sweep-start]
2014-07-10T09:59:31.366+0200: 117.509: [CMS-concurrent-sweep: 0.000/0.000 secs] [Times: user=0.00 sys=0.00, real=0.00 secs] 
2014-07-10T09:59:31.366+0200: 117.510: [CMS-concurrent-reset-start]
2014-07-10T09:59:31.366+0200: 117.510: [CMS-concurrent-reset: 0.000/0.000 secs] [Times: user=0.00 sys=0.00, real=0.00 secs] 
2014-07-10T09:59:31.393+0200: 117.536: [GC (Allocation Failure) 117.536: [ParNew: 9757K->1059K(9792K), 0.0037004 secs] 19667K->14845K(31680K), 0.0038419 secs] [Times: user=0.00 sys=0.00, real=0.00 secs] 
2014-07-10T09:59:31.397+0200: 117.540: [GC (CMS Initial Mark) [1 CMS-initial-mark: 13785K(21888K)] 14877K(31680K), 0.0001796 secs] [Times: user=0.00 sys=0.00, real=0.00 secs] 
2014-07-10T09:59:31.397+0200: 117.540: [CMS-concurrent-mark-start]
2014-07-10T09:59:31.398+0200: 117.542: [CMS-concurrent-mark: 0.001/0.001 secs] [Times: user=0.03 sys=0.00, real=0.00 secs] 
2014-07-10T09:59:31.398+0200: 117.542: [CMS-concurrent-preclean-start]
2014-07-10T09:59:31.399+0200: 117.542: [CMS-concurrent-preclean: 0.000/0.000 secs] [Times: user=0.00 sys=0.00, real=0.00 secs] 
2014-07-10T09:59:31.399+0200: 117.542: [CMS-concurrent-abortable-preclean-start]
2014-07-10T09:59:31.443+0200: 117.586: [GC (Allocation Failure) 117.586: [ParNew: 9745K->1059K(9792K), 0.0042789 secs] 23531K->19201K(31680K), 0.0044156 secs] [Times: user=0.03 sys=0.00, real=0.00 secs] 
2014-07-10T09:59:31.449+0200: 117.592: [CMS-concurrent-abortable-preclean: 0.001/0.050 secs] [Times: user=0.03 sys=0.00, real=0.05 secs] 
2014-07-10T09:59:31.449+0200: 117.592: [GC (CMS Final Remark) [YG occupancy: 4331 K (9792 K)]117.592: [Rescan (parallel) , 0.0001129 secs]117.592: [weak refs processing, 0.0000286 secs]117.592: [class unloading, 0.0005598 secs]117.593: [scrub symbol table, 0.0006310 secs]117.593: [scrub string table, 0.0002020 secs][1 CMS-remark: 18142K(21888K)] 22473K(31680K), 0.0016641 secs] [Times: user=0.00 sys=0.00, real=0.00 secs] 
2014-07-10T09:59:31.450+0200: 117.594: [CMS-concurrent-sweep-start]
2014-07-10T09:59:31.451+0200: 117.594: [CMS-concurrent-sweep: 0.000/0.000 secs] [Times: user=0.00 sys=0.00, real=0.00 secs] 
2014-07-10T09:59:31.451+0200: 117.594: [CMS-concurrent-reset-start]
2014-07-10T09:59:31.451+0200: 117.594: [CMS-concurrent-reset: 0.000/0.000 secs] [Times: user=0.00 sys=0.00, real=0.00 secs] 
2014-07-10T09:59:31.453+0200: 117.596: [GC (Allocation Failure) 117.596: [ParNew: 9745K->1059K(9792K), 0.0044662 secs] 18504K->14653K(31680K), 0.0045902 secs] [Times: user=0.00 sys=0.00, real=0.00 secs] 
2014-07-10T09:59:31.458+0200: 117.601: [GC (CMS Initial Mark) [1 CMS-initial-mark: 13593K(21888K)] 14685K(31680K), 0.0001844 secs] [Times: user=0.00 sys=0.00, real=0.00 secs] 
2014-07-10T09:59:31.458+0200: 117.601: [CMS-concurrent-mark-start]
2014-07-10T09:59:31.459+0200: 117.602: [CMS-concurrent-mark: 0.001/0.001 secs] [Times: user=0.00 sys=0.00, real=0.00 secs] 
2014-07-10T09:59:31.459+0200: 117.602: [CMS-concurrent-preclean-start]
2014-07-10T09:59:31.459+0200: 117.602: [CMS-concurrent-preclean: 0.000/0.000 secs] [Times: user=0.00 sys=0.00, real=0.00 secs] 
2014-07-10T09:59:31.459+0200: 117.602: [CMS-concurrent-abortable-preclean-start]
2014-07-10T09:59:31.506+0200: 117.649: [GC (Allocation Failure) 117.649: [ParNew: 9745K->1059K(9792K), 0.0047625 secs] 23339K->19968K(31680K), 0.0049018 secs] [Times: user=0.03 sys=0.00, real=0.00 secs] 
2014-07-10T09:59:31.544+0200: 117.687: [GC (Allocation Failure) 117.688: [ParNew: 9745K->9745K(9792K), 0.0000473 secs]117.688: [CMS2014-07-10T09:59:31.544+0200: 117.688: [CMS-concurrent-abortable-preclean: 0.001/0.086 secs] [Times: user=0.03 sys=0.00, real=0.08 secs] 
 (concurrent mode failure): 18909K->7377K(21888K), 0.0116800 secs] 28655K->7377K(31680K), [Metaspace: 2457K->2457K(1056768K)], 0.0119087 secs] [Times: user=0.02 sys=0.00, real=0.01 secs] 
2014-07-10T09:59:31.560+0200: 117.703: [GC (Allocation Failure) 117.703: [ParNew: 8686K->1059K(9792K), 0.0057773 secs] 16063K->14716K(31680K), 0.0059426 secs] [Times: user=0.00 sys=0.00, real=0.01 secs] 
2014-07-10T09:59:31.566+0200: 117.709: [GC (CMS Initial Mark) [1 CMS-initial-mark: 13656K(21888K)] 14748K(31680K), 0.0001785 secs] [Times: user=0.00 sys=0.00, real=0.00 secs] 
2014-07-10T09:59:31.566+0200: 117.710: [CMS-concurrent-mark-start]
2014-07-10T09:59:31.567+0200: 117.710: [CMS-concurrent-mark: 0.001/0.001 secs] [Times: user=0.00 sys=0.00, real=0.00 secs] 
2014-07-10T09:59:31.567+0200: 117.710: [CMS-concurrent-preclean-start]
2014-07-10T09:59:31.567+0200: 117.711: [CMS-concurrent-preclean: 0.000/0.000 secs] [Times: user=0.00 sys=0.00, real=0.00 secs] 
2014-07-10T09:59:31.567+0200: 117.711: [GC (CMS Final Remark) [YG occupancy: 1925 K (9792 K)]117.711: [Rescan (parallel) , 0.0000829 secs]117.711: [weak refs processing, 0.0000260 secs]117.711: [class unloading, 0.0004227 secs]117.711: [scrub symbol table, 0.0005657 secs]117.712: [scrub string table, 0.0001672 secs][1 CMS-remark: 13656K(21888K)] 15582K(31680K), 0.0013803 secs] [Times: user=0.00 sys=0.00, real=0.00 secs] 
2014-07-10T09:59:31.569+0200: 117.712: [CMS-concurrent-sweep-start]
2014-07-10T09:59:31.569+0200: 117.712: [CMS-concurrent-sweep: 0.000/0.000 secs] [Times: user=0.00 sys=0.00, real=0.00 secs] 
2014-07-10T09:59:31.569+0200: 117.712: [CMS-concurrent-reset-start]
2014-07-10T09:59:31.569+0200: 117.712: [CMS-concurrent-reset: 0.000/0.000 secs] [Times: user=0.00 sys=0.00, real=0.00 secs] 
2014-07-10T09:59:31.594+0200: 117.737: [GC (Allocation Failure) 117.737: [ParNew: 9745K->1059K(9792K), 0.0057098 secs] 16549K->14619K(31680K), 0.0058682 secs] [Times: user=0.00 sys=0.00, real=0.01 secs] 
2014-07-10T09:59:31.600+0200: 117.743: [GC (CMS Initial Mark) [1 CMS-initial-mark: 13559K(21888K)] 14685K(31680K), 0.0001785 secs] [Times: user=0.00 sys=0.00, real=0.00 secs] 
2014-07-10T09:59:31.600+0200: 117.743: [CMS-concurrent-mark-start]
2014-07-10T09:59:31.601+0200: 117.744: [CMS-concurrent-mark: 0.001/0.001 secs] [Times: user=0.03 sys=0.00, real=0.00 secs] 
2014-07-10T09:59:31.601+0200: 117.744: [CMS-concurrent-preclean-start]
2014-07-10T09:59:31.601+0200: 117.744: [CMS-concurrent-preclean: 0.000/0.000 secs] [Times: user=0.00 sys=0.00, real=0.00 secs] 
2014-07-10T09:59:31.601+0200: 117.744: [GC (CMS Final Remark) [YG occupancy: 2475 K (9792 K)]117.744: [Rescan (parallel) , 0.0000884 secs]117.744: [weak refs processing, 0.0000275 secs]117.744: [class unloading, 0.0004444 secs]117.745: [scrub symbol table, 0.0005609 secs]117.746: [scrub string table, 0.0001778 secs][1 CMS-remark: 13559K(21888K)] 16035K(31680K), 0.0014258 secs] [Times: user=0.00 sys=0.00, real=0.00 secs] 
2014-07-10T09:59:31.603+0200: 117.746: [CMS-concurrent-sweep-start]
2014-07-10T09:59:31.603+0200: 117.746: [CMS-concurrent-sweep: 0.000/0.000 secs] [Times: user=0.00 sys=0.00, real=0.00 secs] 
2014-07-10T09:59:31.603+0200: 117.746: [CMS-concurrent-reset-start]
2014-07-10T09:59:31.603+0200: 117.746: [CMS-concurrent-reset: 0.000/0.000 secs] [Times: user=0.00 sys=0.00, real=0.00 secs] 
2014-07-10T09:59:31.644+0200: 117.787: [GC (Allocation Failure) 117.787: [ParNew: 9751K->1061K(9792K), 0.0051504 secs] 17034K->14557K(31680K), 0.0052948 secs] [Times: user=0.03 sys=0.00, real=0.00 secs] 
2014-07-10T09:59:31.649+0200: 117.792: [GC (CMS Initial Mark) [1 CMS-initial-mark: 13495K(21888K)] 14623K(31680K), 0.0001771 secs] [Times: user=0.00 sys=0.00, real=0.00 secs] 
2014-07-10T09:59:31.649+0200: 117.793: [CMS-concurrent-mark-start]
2014-07-10T09:59:31.650+0200: 117.793: [CMS-concurrent-mark: 0.001/0.001 secs] [Times: user=0.00 sys=0.00, real=0.00 secs] 
2014-07-10T09:59:31.650+0200: 117.793: [CMS-concurrent-preclean-start]
2014-07-10T09:59:31.650+0200: 117.794: [CMS-concurrent-preclean: 0.000/0.000 secs] [Times: user=0.00 sys=0.00, real=0.00 secs] 
2014-07-10T09:59:31.650+0200: 117.794: [CMS-concurrent-abortable-preclean-start]
2014-07-10T09:59:31.653+0200: 117.796: [GC (Allocation Failure) 117.796: [ParNew: 9747K->1059K(9792K), 0.0060031 secs] 23243K->21248K(31680K), 0.0061303 secs] [Times: user=0.00 sys=0.00, real=0.01 secs] 
2014-07-10T09:59:31.741+0200: 117.884: [GC (Allocation Failure) 117.884: [ParNew: 9747K->9747K(9792K), 0.0000964 secs]117.884: [CMS2014-07-10T09:59:31.741+0200: 117.885: [CMS-concurrent-abortable-preclean: 0.001/0.091 secs] [Times: user=0.00 sys=0.00, real=0.09 secs] 
 (concurrent mode failure): 20188K->558K(21888K), 0.0077835 secs] 29936K->558K(31680K), [Metaspace: 2457K->2457K(1056768K)], 0.0081497 secs] [Times: user=0.01 sys=0.00, real=0.01 secs] 
2014-07-10T09:59:31.758+0200: 117.901: [GC (Allocation Failure) 117.902: [ParNew: 8686K->515K(9792K), 0.0009048 secs] 9244K->1073K(31680K), 0.0010815 secs] [Times: user=0.00 sys=0.00, real=0.00 secs] 
2014-07-10T09:59:31.791+0200: 117.934: [GC (Allocation Failure) 117.934: [ParNew: 9201K->997K(9792K), 0.0005811 secs] 9759K->1555K(31680K), 0.0006596 secs] [Times: user=0.00 sys=0.00, real=0.00 secs] 
2014-07-10T09:59:31.842+0200: 117.985: [GC (Allocation Failure) 117.985: [ParNew: 9683K->1059K(9792K), 0.0018621 secs] 10241K->2040K(31680K), 0.0020535 secs] [Times: user=0.00 sys=0.00, real=0.00 secs] 
2014-07-10T09:59:31.851+0200: 117.994: [GC (Allocation Failure) 117.994: [ParNew: 9745K->1059K(9792K), 0.0027072 secs] 10726K->2937K(31680K), 0.0030100 secs] [Times: user=0.00 sys=0.00, real=0.00 secs] 
2014-07-10T09:59:31.893+0200: 118.036: [GC (Allocation Failure) 118.037: [ParNew: 9736K->229K(9792K), 0.0010134 secs] 11614K->2108K(31680K), 0.0012095 secs] [Times: user=0.00 sys=0.00, real=0.00 secs] 
2014-07-10T09:59:31.941+0200: 118.084: [GC (Allocation Failure) 118.084: [ParNew: 8915K->709K(9792K), 0.0006838 secs] 10794K->2588K(31680K), 0.0007926 secs] [Times: user=0.00 sys=0.00, real=0.00 secs] 
2014-07-10T09:59:31.946+0200: 118.089: [GC (Allocation Failure) 118.089: [ParNew: 9395K->1059K(9792K), 0.0011835 secs] 11274K->3071K(31680K), 0.0012883 secs] [Times: user=0.00 sys=0.00, real=0.00 secs] 
2014-07-10T09:59:31.991+0200: 118.135: [GC (Allocation Failure) 118.135: [ParNew: 9745K->1059K(9792K), 0.0012183 secs] 11757K->3680K(31680K), 0.0014082 secs] [Times: user=0.00 sys=0.00, real=0.00 secs] 
2014-07-10T09:59:32.043+0200: 118.186: [GC (Allocation Failure) 118.186: [ParNew: 9745K->1059K(9792K), 0.0011156 secs] 12366K->4770K(31680K), 0.0012044 secs] [Times: user=0.00 sys=0.00, real=0.00 secs] 
2014-07-10T09:59:32.049+0200: 118.192: [GC (Allocation Failure) 118.192: [ParNew: 9745K->1059K(9792K), 0.0016366 secs] 13456K->6340K(31680K), 0.0017814 secs] [Times: user=0.00 sys=0.00, real=0.00 secs] 
2014-07-10T09:59:32.091+0200: 118.235: [GC (Allocation Failure) 118.235: [ParNew: 9745K->1059K(9792K), 0.0015450 secs] 15026K->8390K(31680K), 0.0016667 secs] [Times: user=0.00 sys=0.00, real=0.00 secs] 
2014-07-10T09:59:32.143+0200: 118.286: [GC (Allocation Failure) 118.286: [ParNew: 9751K->1061K(9792K), 0.0025902 secs] 17081K->9897K(31680K), 0.0028325 secs] [Times: user=0.00 sys=0.00, real=0.00 secs] 
2014-07-10T09:59:32.154+0200: 118.298: [GC (Allocation Failure) 118.298: [ParNew: 9747K->1059K(9792K), 0.0035940 secs] 18584K->11882K(31680K), 0.0039255 secs] [Times: user=0.00 sys=0.00, real=0.00 secs] 
2014-07-10T09:59:32.192+0200: 118.335: [GC (Allocation Failure) 118.335: [ParNew: 9745K->1059K(9792K), 0.0022907 secs] 20568K->14348K(31680K), 0.0024769 secs] [Times: user=0.03 sys=0.00, real=0.00 secs] 
2014-07-10T09:59:32.243+0200: 118.387: [GC (Allocation Failure) 118.387: [ParNew: 9745K->1059K(9792K), 0.0048593 secs] 23035K->17295K(31680K), 0.0051093 secs] [Times: user=0.00 sys=0.00, real=0.00 secs] 
2014-07-10T09:59:32.249+0200: 118.392: [GC (CMS Initial Mark) [1 CMS-initial-mark: 16235K(21888K)] 17327K(31680K), 0.0004264 secs] [Times: user=0.00 sys=0.00, real=0.00 secs] 
2014-07-10T09:59:32.249+0200: 118.393: [CMS-concurrent-mark-start]
2014-07-10T09:59:32.252+0200: 118.395: [CMS-concurrent-mark: 0.002/0.002 secs] [Times: user=0.00 sys=0.00, real=0.00 secs] 
2014-07-10T09:59:32.252+0200: 118.395: [CMS-concurrent-preclean-start]
2014-07-10T09:59:32.252+0200: 118.396: [CMS-concurrent-preclean: 0.000/0.000 secs] [Times: user=0.00 sys=0.00, real=0.00 secs] 
2014-07-10T09:59:32.252+0200: 118.396: [CMS-concurrent-abortable-preclean-start]
2014-07-10T09:59:32.256+0200: 118.400: [GC (Allocation Failure) 118.400: [ParNew: 9745K->1059K(9792K), 0.0059632 secs] 25981K->20722K(31680K), 0.0062304 secs] [Times: user=0.00 sys=0.00, real=0.01 secs] 
2014-07-10T09:59:32.264+0200: 118.408: [CMS-concurrent-abortable-preclean: 0.001/0.012 secs] [Times: user=0.02 sys=0.00, real=0.01 secs] 
2014-07-10T09:59:32.265+0200: 118.408: [GC (CMS Final Remark) [YG occupancy: 3528 K (9792 K)]118.408: [Rescan (parallel) , 0.0002951 secs]118.408: [weak refs processing, 0.0000612 secs]118.408: [class unloading, 0.0010940 secs]118.410: [scrub symbol table, 0.0015351 secs]118.411: [scrub string table, 0.0004444 secs][1 CMS-remark: 19662K(21888K)] 23191K(31680K), 0.0038034 secs] [Times: user=0.00 sys=0.00, real=0.00 secs] 
2014-07-10T09:59:32.269+0200: 118.412: [CMS-concurrent-sweep-start]
2014-07-10T09:59:32.269+0200: 118.413: [CMS-concurrent-sweep: 0.000/0.000 secs] [Times: user=0.00 sys=0.00, real=0.00 secs] 
2014-07-10T09:59:32.269+0200: 118.413: [CMS-concurrent-reset-start]
2014-07-10T09:59:32.269+0200: 118.413: [CMS-concurrent-reset: 0.000/0.000 secs] [Times: user=0.00 sys=0.00, real=0.00 secs] 
2014-07-10T09:59:32.363+0200: 118.506: [GC (Allocation Failure) 118.506: [ParNew: 9745K->1059K(9792K), 0.0046972 secs] 16647K->11868K(31680K), 0.0048171 secs] [Times: user=0.01 sys=0.00, real=0.01 secs] 
2014-07-10T09:59:32.372+0200: 118.515: [GC (Allocation Failure) 118.515: [ParNew: 9745K->1059K(9792K), 0.0076097 secs] 20554K->16255K(31680K), 0.0077299 secs] [Times: user=0.00 sys=0.00, real=0.01 secs] 
2014-07-10T09:59:32.380+0200: 118.523: [GC (CMS Initial Mark) [1 CMS-initial-mark: 15196K(21888K)] 16321K(31680K), 0.0002376 secs] [Times: user=0.00 sys=0.00, real=0.00 secs] 
2014-07-10T09:59:32.383+0200: 118.526: [CMS-concurrent-mark-start]
2014-07-10T09:59:32.384+0200: 118.527: [CMS-concurrent-mark: 0.001/0.001 secs] [Times: user=0.00 sys=0.00, real=0.00 secs] 
2014-07-10T09:59:32.384+0200: 118.527: [CMS-concurrent-preclean-start]
2014-07-10T09:59:32.384+0200: 118.527: [CMS-concurrent-preclean: 0.000/0.000 secs] [Times: user=0.00 sys=0.00, real=0.00 secs] 
2014-07-10T09:59:32.384+0200: 118.527: [CMS-concurrent-abortable-preclean-start]
2014-07-10T09:59:32.385+0200: 118.528: [GC (Allocation Failure) 118.528: [ParNew: 9745K->1059K(9792K), 0.0041322 secs] 24941K->21123K(31680K), 0.0042397 secs] [Times: user=0.00 sys=0.00, real=0.00 secs] 
2014-07-10T09:59:32.390+0200: 118.533: [CMS-concurrent-abortable-preclean: 0.001/0.006 secs] [Times: user=0.00 sys=0.00, real=0.01 secs] 
2014-07-10T09:59:32.390+0200: 118.534: [GC (CMS Final Remark) [YG occupancy: 4605 K (9792 K)]118.534: [Rescan (parallel) , 0.0001258 secs]118.534: [weak refs processing, 0.0000308 secs]118.534: [class unloading, 0.0007061 secs]118.535: [scrub symbol table, 0.0006357 secs]118.535: [scrub string table, 0.0001950 secs][1 CMS-remark: 20063K(21888K)] 24669K(31680K), 0.0018335 secs] [Times: user=0.00 sys=0.00, real=0.00 secs] 
2014-07-10T09:59:32.392+0200: 118.536: [CMS-concurrent-sweep-start]
2014-07-10T09:59:32.393+0200: 118.536: [CMS-concurrent-sweep: 0.000/0.000 secs] [Times: user=0.00 sys=0.00, real=0.00 secs] 
2014-07-10T09:59:32.393+0200: 118.536: [CMS-concurrent-reset-start]
2014-07-10T09:59:32.393+0200: 118.536: [CMS-concurrent-reset: 0.000/0.000 secs] [Times: user=0.00 sys=0.00, real=0.00 secs] 
2014-07-10T09:59:32.394+0200: 118.538: [GC (Allocation Failure) 118.538: [ParNew: 9757K->1059K(9792K), 0.0038224 secs] 19539K->14652K(31680K), 0.0039460 secs] [Times: user=0.03 sys=0.00, real=0.00 secs] 
2014-07-10T09:59:32.398+0200: 118.542: [GC (CMS Initial Mark) [1 CMS-initial-mark: 13593K(21888K)] 14684K(31680K), 0.0001925 secs] [Times: user=0.00 sys=0.00, real=0.00 secs] 
2014-07-10T09:59:32.399+0200: 118.542: [CMS-concurrent-mark-start]
2014-07-10T09:59:32.400+0200: 118.543: [CMS-concurrent-mark: 0.001/0.001 secs] [Times: user=0.00 sys=0.00, real=0.00 secs] 
2014-07-10T09:59:32.400+0200: 118.543: [CMS-concurrent-preclean-start]
2014-07-10T09:59:32.400+0200: 118.543: [CMS-concurrent-preclean: 0.000/0.000 secs] [Times: user=0.00 sys=0.00, real=0.00 secs] 
2014-07-10T09:59:32.400+0200: 118.543: [CMS-concurrent-abortable-preclean-start]
2014-07-10T09:59:32.443+0200: 118.586: [GC (Allocation Failure) 118.586: [ParNew: 9745K->1059K(9792K), 0.0041715 secs] 23339K->18945K(31680K), 0.0043284 secs] [Times: user=0.03 sys=0.00, real=0.00 secs] 
2014-07-10T09:59:32.451+0200: 118.595: [GC (Allocation Failure) 118.595: [ParNew: 9745K->9745K(9792K), 0.0000473 secs]118.595: [CMS2014-07-10T09:59:32.451+0200: 118.595: [CMS-concurrent-abortable-preclean: 0.001/0.052 secs] [Times: user=0.03 sys=0.00, real=0.05 secs] 
 (concurrent mode failure): 17885K->6353K(21888K), 0.0075668 secs] 27631K->6353K(31680K), [Metaspace: 2457K->2457K(1056768K)], 0.0077886 secs] [Times: user=0.02 sys=0.00, real=0.01 secs] 
2014-07-10T09:59:32.495+0200: 118.638: [GC (Allocation Failure) 118.639: [ParNew: 8686K->1059K(9792K), 0.0047669 secs] 15039K->12667K(31680K), 0.0049271 secs] [Times: user=0.00 sys=0.00, real=0.01 secs] 
2014-07-10T09:59:32.520+0200: 118.663: [GC (CMS Initial Mark) [1 CMS-initial-mark: 11608K(21888K)] 13022K(31680K), 0.0002108 secs] [Times: user=0.00 sys=0.00, real=0.00 secs] 
2014-07-10T09:59:32.520+0200: 118.663: [CMS-concurrent-mark-start]
2014-07-10T09:59:32.521+0200: 118.664: [CMS-concurrent-mark: 0.001/0.001 secs] [Times: user=0.00 sys=0.00, real=0.00 secs] 
2014-07-10T09:59:32.521+0200: 118.664: [CMS-concurrent-preclean-start]
2014-07-10T09:59:32.521+0200: 118.664: [CMS-concurrent-preclean: 0.000/0.000 secs] [Times: user=0.00 sys=0.00, real=0.00 secs] 
2014-07-10T09:59:32.522+0200: 118.665: [GC (CMS Final Remark) [YG occupancy: 2950 K (9792 K)]118.665: [Rescan (parallel) , 0.0003285 secs]118.665: [weak refs processing, 0.0000293 secs]118.665: [class unloading, 0.0004729 secs]118.666: [scrub symbol table, 0.0007105 secs]118.667: [scrub string table, 0.0001914 secs][1 CMS-remark: 11608K(21888K)] 14558K(31680K), 0.0018907 secs] [Times: user=0.00 sys=0.00, real=0.00 secs] 
2014-07-10T09:59:32.526+0200: 118.670: [CMS-concurrent-sweep-start]
2014-07-10T09:59:32.527+0200: 118.670: [CMS-concurrent-sweep: 0.000/0.000 secs] [Times: user=0.00 sys=0.00, real=0.00 secs] 
2014-07-10T09:59:32.527+0200: 118.670: [CMS-concurrent-reset-start]
2014-07-10T09:59:32.527+0200: 118.670: [CMS-concurrent-reset: 0.000/0.000 secs] [Times: user=0.00 sys=0.00, real=0.00 secs] 
2014-07-10T09:59:32.545+0200: 118.689: [GC (Allocation Failure) 118.689: [ParNew: 9745K->1059K(9792K), 0.0049608 secs] 15526K->12571K(31680K), 0.0052482 secs] [Times: user=0.00 sys=0.00, real=0.00 secs] 
2014-07-10T09:59:32.552+0200: 118.695: [GC (CMS Initial Mark) [1 CMS-initial-mark: 11512K(21888K)] 12733K(31680K), 0.0002024 secs] [Times: user=0.00 sys=0.00, real=0.00 secs] 
2014-07-10T09:59:32.552+0200: 118.695: [CMS-concurrent-mark-start]
2014-07-10T09:59:32.553+0200: 118.696: [CMS-concurrent-mark: 0.001/0.001 secs] [Times: user=0.03 sys=0.00, real=0.00 secs] 
2014-07-10T09:59:32.553+0200: 118.696: [CMS-concurrent-preclean-start]
2014-07-10T09:59:32.553+0200: 118.697: [CMS-concurrent-preclean: 0.000/0.000 secs] [Times: user=0.00 sys=0.00, real=0.00 secs] 
2014-07-10T09:59:32.553+0200: 118.697: [CMS-concurrent-abortable-preclean-start]
2014-07-10T09:59:32.558+0200: 118.701: [GC (Allocation Failure) 118.701: [ParNew: 9745K->1059K(9792K), 0.0064783 secs] 21258K->18783K(31680K), 0.0067811 secs] [Times: user=0.00 sys=0.00, real=0.01 secs] 
2014-07-10T09:59:32.602+0200: 118.746: [GC (Allocation Failure) 118.746: [ParNew: 9745K->9745K(9792K), 0.0000557 secs]118.746: [CMS2014-07-10T09:59:32.603+0200: 118.746: [CMS-concurrent-abortable-preclean: 0.001/0.050 secs] [Times: user=0.02 sys=0.00, real=0.05 secs] 
 (concurrent mode failure): 17724K->8274K(21888K), 0.0096818 secs] 27470K->8274K(31680K), [Metaspace: 2457K->2457K(1056768K)], 0.0099282 secs] [Times: user=0.00 sys=0.00, real=0.01 secs] 
2014-07-10T09:59:32.642+0200: 118.786: [GC (Allocation Failure) 118.786: [ParNew: 8697K->1061K(9792K), 0.0058279 secs] 16972K->14974K(31680K), 0.0059888 secs] [Times: user=0.03 sys=0.00, real=0.01 secs] 
2014-07-10T09:59:32.649+0200: 118.792: [GC (CMS Initial Mark) [1 CMS-initial-mark: 13913K(21888K)] 15040K(31680K), 0.0001723 secs] [Times: user=0.00 sys=0.00, real=0.00 secs] 
2014-07-10T09:59:32.649+0200: 118.792: [CMS-concurrent-mark-start]
2014-07-10T09:59:32.650+0200: 118.793: [CMS-concurrent-mark: 0.001/0.001 secs] [Times: user=0.00 sys=0.00, real=0.00 secs] 
2014-07-10T09:59:32.650+0200: 118.793: [CMS-concurrent-preclean-start]
2014-07-10T09:59:32.650+0200: 118.793: [CMS-concurrent-preclean: 0.000/0.000 secs] [Times: user=0.00 sys=0.00, real=0.00 secs] 
2014-07-10T09:59:32.650+0200: 118.793: [CMS-concurrent-abortable-preclean-start]
2014-07-10T09:59:32.652+0200: 118.796: [GC (Allocation Failure) 118.796: [ParNew: 9747K->1059K(9792K), 0.0054173 secs] 23661K->21090K(31680K), 0.0055445 secs] [Times: user=0.00 sys=0.00, real=0.01 secs] 
2014-07-10T09:59:32.659+0200: 118.803: [CMS-concurrent-abortable-preclean: 0.001/0.009 secs] [Times: user=0.00 sys=0.00, real=0.01 secs] 
2014-07-10T09:59:32.659+0200: 118.803: [GC (CMS Final Remark) [YG occupancy: 2086 K (9792 K)]118.803: [Rescan (parallel) , 0.0000961 secs]118.803: [weak refs processing, 0.0000257 secs]118.803: [class unloading, 0.0004466 secs]118.803: [scrub symbol table, 0.0005507 secs]118.804: [scrub string table, 0.0001686 secs][1 CMS-remark: 20030K(21888K)] 22116K(31680K), 0.0013990 secs] [Times: user=0.00 sys=0.00, real=0.00 secs] 
2014-07-10T09:59:32.661+0200: 118.804: [CMS-concurrent-sweep-start]
2014-07-10T09:59:32.661+0200: 118.804: [CMS-concurrent-sweep: 0.000/0.000 secs] [Times: user=0.00 sys=0.00, real=0.00 secs] 
2014-07-10T09:59:32.661+0200: 118.804: [CMS-concurrent-reset-start]
2014-07-10T09:59:32.661+0200: 118.805: [CMS-concurrent-reset: 0.000/0.000 secs] [Times: user=0.00 sys=0.00, real=0.00 secs] 
2014-07-10T09:59:32.695+0200: 118.839: [GC (Allocation Failure) 118.839: [ParNew: 9745K->1059K(9792K), 0.0103326 secs] 22026K->19936K(31680K), 0.0106417 secs] [Times: user=0.00 sys=0.00, real=0.01 secs] 
2014-07-10T09:59:32.706+0200: 118.850: [GC (CMS Initial Mark) [1 CMS-initial-mark: 18876K(21888K)] 20162K(31680K), 0.0004458 secs] [Times: user=0.00 sys=0.00, real=0.00 secs] 
2014-07-10T09:59:32.707+0200: 118.850: [CMS-concurrent-mark-start]
2014-07-10T09:59:32.709+0200: 118.853: [CMS-concurrent-mark: 0.002/0.002 secs] [Times: user=0.02 sys=0.00, real=0.00 secs] 
2014-07-10T09:59:32.709+0200: 118.853: [CMS-concurrent-preclean-start]
2014-07-10T09:59:32.710+0200: 118.853: [CMS-concurrent-preclean: 0.000/0.000 secs] [Times: user=0.00 sys=0.00, real=0.00 secs] 
2014-07-10T09:59:32.710+0200: 118.853: [GC (CMS Final Remark) [YG occupancy: 1605 K (9792 K)]118.853: [Rescan (parallel) , 0.0002368 secs]118.854: [weak refs processing, 0.0000598 secs]118.854: [class unloading, 0.0010082 secs]118.855: [scrub symbol table, 0.0012759 secs]118.856: [scrub string table, 0.0004579 secs][1 CMS-remark: 18876K(21888K)] 20482K(31680K), 0.0034078 secs] [Times: user=0.00 sys=0.00, real=0.00 secs] 
2014-07-10T09:59:32.713+0200: 118.857: [CMS-concurrent-sweep-start]
2014-07-10T09:59:32.714+0200: 118.858: [CMS-concurrent-sweep: 0.001/0.001 secs] [Times: user=0.00 sys=0.00, real=0.00 secs] 
2014-07-10T09:59:32.714+0200: 118.858: [CMS-concurrent-reset-start]
2014-07-10T09:59:32.714+0200: 118.858: [CMS-concurrent-reset: 0.000/0.000 secs] [Times: user=0.00 sys=0.00, real=0.00 secs] 
2014-07-10T09:59:32.743+0200: 118.887: [GC (Allocation Failure) 118.887: [ParNew: 9745K->1059K(9792K), 0.0068302 secs] 16869K->15260K(31680K), 0.0070399 secs] [Times: user=0.00 sys=0.00, real=0.01 secs] 
2014-07-10T09:59:32.751+0200: 118.894: [GC (CMS Initial Mark) [1 CMS-initial-mark: 14200K(21888K)] 15326K(31680K), 0.0002526 secs] [Times: user=0.00 sys=0.00, real=0.00 secs] 
2014-07-10T09:59:32.751+0200: 118.894: [CMS-concurrent-mark-start]
2014-07-10T09:59:32.752+0200: 118.896: [CMS-concurrent-mark: 0.001/0.001 secs] [Times: user=0.00 sys=0.00, real=0.00 secs] 
2014-07-10T09:59:32.752+0200: 118.896: [CMS-concurrent-preclean-start]
2014-07-10T09:59:32.753+0200: 118.896: [CMS-concurrent-preclean: 0.000/0.000 secs] [Times: user=0.00 sys=0.00, real=0.00 secs] 
2014-07-10T09:59:32.753+0200: 118.896: [CMS-concurrent-abortable-preclean-start]
2014-07-10T09:59:32.791+0200: 118.934: [GC (Allocation Failure) 118.934: [ParNew: 9747K->9747K(9792K), 0.0000444 secs]118.934: [CMS2014-07-10T09:59:32.791+0200: 118.935: [CMS-concurrent-abortable-preclean: 0.000/0.039 secs] [Times: user=0.00 sys=0.00, real=0.04 secs] 
 (concurrent mode failure): 14200K->943K(21888K), 0.0027592 secs] 23948K->943K(31680K), [Metaspace: 2457K->2457K(1056768K)], 0.0029161 secs] [Times: user=0.00 sys=0.00, real=0.00 secs] 
2014-07-10T09:59:32.841+0200: 118.985: [GC (Allocation Failure) 118.985: [ParNew: 8686K->899K(9792K), 0.0013836 secs] 9629K->1842K(31680K), 0.0015809 secs] [Times: user=0.00 sys=0.00, real=0.00 secs] 
2014-07-10T09:59:32.850+0200: 118.994: [GC (Allocation Failure) 118.994: [ParNew: 9597K->741K(9792K), 0.0016832 secs] 10540K->1687K(31680K), 0.0018977 secs] [Times: user=0.00 sys=0.00, real=0.00 secs] 
2014-07-10T09:59:32.891+0200: 119.034: [GC (Allocation Failure) 119.034: [ParNew: 9433K->195K(9792K), 0.0005569 secs] 10379K->1145K(31680K), 0.0006783 secs] [Times: user=0.00 sys=0.00, real=0.00 secs] 
2014-07-10T09:59:32.941+0200: 119.085: [GC (Allocation Failure) 119.085: [ParNew: 8881K->677K(9792K), 0.0013243 secs] 9831K->1627K(31680K), 0.0015035 secs] [Times: user=0.03 sys=0.00, real=0.00 secs] 
2014-07-10T09:59:32.949+0200: 119.092: [GC (Allocation Failure) 119.093: [ParNew: 9363K->1059K(9792K), 0.0020179 secs] 10313K->2108K(31680K), 0.0022346 secs] [Times: user=0.00 sys=0.00, real=0.00 secs] 
2014-07-10T09:59:32.992+0200: 119.135: [GC (Allocation Failure) 119.135: [ParNew: 9745K->1059K(9792K), 0.0018720 secs] 10794K->2686K(31680K), 0.0020590 secs] [Times: user=0.00 sys=0.00, real=0.00 secs] 
2014-07-10T09:59:33.042+0200: 119.186: [GC (Allocation Failure) 119.186: [ParNew: 9745K->1059K(9792K), 0.0022357 secs] 11372K->3743K(31680K), 0.0024436 secs] [Times: user=0.00 sys=0.00, real=0.00 secs] 
2014-07-10T09:59:33.051+0200: 119.195: [GC (Allocation Failure) 119.195: [ParNew: 9745K->1059K(9792K), 0.0024729 secs] 12429K->5281K(31680K), 0.0026379 secs] [Times: user=0.03 sys=0.00, real=0.00 secs] 
2014-07-10T09:59:33.092+0200: 119.235: [GC (Allocation Failure) 119.235: [ParNew: 9749K->1059K(9792K), 0.0012755 secs] 13971K->6274K(31680K), 0.0013983 secs] [Times: user=0.00 sys=0.00, real=0.00 secs] 
2014-07-10T09:59:33.142+0200: 119.286: [GC (Allocation Failure) 119.286: [ParNew: 9745K->1059K(9792K), 0.0019416 secs] 14961K->7749K(31680K), 0.0020777 secs] [Times: user=0.00 sys=0.00, real=0.00 secs] 
2014-07-10T09:59:33.149+0200: 119.293: [GC (Allocation Failure) 119.293: [ParNew: 9745K->1059K(9792K), 0.0021635 secs] 16435K->9703K(31680K), 0.0023497 secs] [Times: user=0.00 sys=0.00, real=0.00 secs] 
2014-07-10T09:59:33.192+0200: 119.335: [GC (Allocation Failure) 119.335: [ParNew: 9745K->1059K(9792K), 0.0019688 secs] 18389K->12137K(31680K), 0.0020993 secs] [Times: user=0.00 sys=0.00, real=0.00 secs] 
2014-07-10T09:59:33.243+0200: 119.387: [GC (Allocation Failure) 119.387: [ParNew: 9745K->1059K(9792K), 0.0050264 secs] 20823K->15052K(31680K), 0.0054891 secs] [Times: user=0.00 sys=0.00, real=0.01 secs] 
2014-07-10T09:59:33.256+0200: 119.399: [GC (Allocation Failure) 119.399: [ParNew: 9745K->1059K(9792K), 0.0050143 secs] 23738K->18446K(31680K), 0.0052523 secs] [Times: user=0.00 sys=0.00, real=0.00 secs] 
2014-07-10T09:59:33.261+0200: 119.405: [GC (CMS Initial Mark) [1 CMS-initial-mark: 17387K(21888K)] 18512K(31680K), 0.0002552 secs] [Times: user=0.00 sys=0.00, real=0.00 secs] 
2014-07-10T09:59:33.261+0200: 119.405: [CMS-concurrent-mark-start]
2014-07-10T09:59:33.263+0200: 119.406: [CMS-concurrent-mark: 0.001/0.001 secs] [Times: user=0.00 sys=0.00, real=0.00 secs] 
2014-07-10T09:59:33.263+0200: 119.406: [CMS-concurrent-preclean-start]
2014-07-10T09:59:33.263+0200: 119.406: [CMS-concurrent-preclean: 0.000/0.000 secs] [Times: user=0.00 sys=0.00, real=0.00 secs] 
2014-07-10T09:59:33.263+0200: 119.406: [CMS-concurrent-abortable-preclean-start]
2014-07-10T09:59:33.292+0200: 119.436: [GC (Allocation Failure) 119.436: [ParNew: 9745K->1059K(9792K), 0.0172912 secs] 27133K->22321K(31680K), 0.0174286 secs] [Times: user=0.01 sys=0.00, real=0.02 secs] 
2014-07-10T09:59:33.310+0200: 119.453: [CMS-concurrent-abortable-preclean: 0.000/0.047 secs] [Times: user=0.01 sys=0.00, real=0.05 secs] 
2014-07-10T09:59:33.312+0200: 119.455: [GC (CMS Final Remark) [YG occupancy: 4329 K (9792 K)]119.455: [Rescan (parallel) , 0.0003124 secs]119.455: [weak refs processing, 0.0000286 secs]119.455: [class unloading, 0.0006467 secs]119.456: [scrub symbol table, 0.0007659 secs]119.457: [scrub string table, 0.0002097 secs][1 CMS-remark: 21262K(21888K)] 25591K(31680K), 0.0021250 secs] [Times: user=0.00 sys=0.00, real=0.00 secs] 
2014-07-10T09:59:33.314+0200: 119.457: [CMS-concurrent-sweep-start]
2014-07-10T09:59:33.314+0200: 119.457: [CMS-concurrent-sweep: 0.000/0.000 secs] [Times: user=0.00 sys=0.00, real=0.00 secs] 
2014-07-10T09:59:33.314+0200: 119.458: [CMS-concurrent-reset-start]
2014-07-10T09:59:33.314+0200: 119.458: [CMS-concurrent-reset: 0.000/0.000 secs] [Times: user=0.00 sys=0.00, real=0.00 secs] 
2014-07-10T09:59:33.344+0200: 119.487: [GC (Allocation Failure) 119.488: [ParNew: 9745K->1059K(9792K), 0.0050495 secs] 17544K->13213K(31680K), 0.0051878 secs] [Times: user=0.02 sys=0.00, real=0.00 secs] 
2014-07-10T09:59:33.353+0200: 119.497: [GC (CMS Initial Mark) [1 CMS-initial-mark: 12154K(21888K)] 21899K(31680K), 0.0003960 secs] [Times: user=0.00 sys=0.00, real=0.00 secs] 
2014-07-10T09:59:33.354+0200: 119.497: [CMS-concurrent-mark-start]
2014-07-10T09:59:33.355+0200: 119.498: [CMS-concurrent-mark: 0.001/0.001 secs] [Times: user=0.00 sys=0.00, real=0.00 secs] 
2014-07-10T09:59:33.355+0200: 119.498: [CMS-concurrent-preclean-start]
2014-07-10T09:59:33.355+0200: 119.498: [CMS-concurrent-preclean: 0.000/0.000 secs] [Times: user=0.00 sys=0.00, real=0.00 secs] 
2014-07-10T09:59:33.355+0200: 119.498: [CMS-concurrent-abortable-preclean-start]
2014-07-10T09:59:33.356+0200: 119.499: [GC (Allocation Failure) 119.499: [ParNew: 9745K->1059K(9792K), 0.0259879 secs] 21899K->18049K(31680K), 0.0260729 secs] [Times: user=0.03 sys=0.00, real=0.03 secs] 
2014-07-10T09:59:33.392+0200: 119.536: [GC (Allocation Failure) 119.536: [ParNew: 9762K->9762K(9792K), 0.0000528 secs]119.536: [CMS2014-07-10T09:59:33.393+0200: 119.536: [CMS-concurrent-abortable-preclean: 0.001/0.038 secs] [Times: user=0.03 sys=0.00, real=0.04 secs] 
 (concurrent mode failure): 16989K->4849K(21888K), 0.0061857 secs] 26752K->4849K(31680K), [Metaspace: 2457K->2457K(1056768K)], 0.0063998 secs] [Times: user=0.02 sys=0.00, real=0.01 secs] 
2014-07-10T09:59:33.443+0200: 119.586: [GC (Allocation Failure) 119.586: [ParNew: 8686K->1059K(9792K), 0.0035757 secs] 13535K->9658K(31680K), 0.0037443 secs] [Times: user=0.00 sys=0.00, real=0.00 secs] 
2014-07-10T09:59:33.451+0200: 119.594: [GC (Allocation Failure) 119.594: [ParNew: 9745K->1059K(9792K), 0.0040237 secs] 18345K->13886K(31680K), 0.0041744 secs] [Times: user=0.00 sys=0.00, real=0.00 secs] 
2014-07-10T09:59:33.455+0200: 119.599: [GC (CMS Initial Mark) [1 CMS-initial-mark: 12826K(21888K)] 13952K(31680K), 0.0001928 secs] [Times: user=0.00 sys=0.00, real=0.00 secs] 
2014-07-10T09:59:33.456+0200: 119.599: [CMS-concurrent-mark-start]
2014-07-10T09:59:33.456+0200: 119.600: [CMS-concurrent-mark: 0.001/0.001 secs] [Times: user=0.00 sys=0.00, real=0.00 secs] 
2014-07-10T09:59:33.457+0200: 119.600: [CMS-concurrent-preclean-start]
2014-07-10T09:59:33.457+0200: 119.600: [CMS-concurrent-preclean: 0.000/0.000 secs] [Times: user=0.00 sys=0.00, real=0.00 secs] 
2014-07-10T09:59:33.457+0200: 119.600: [CMS-concurrent-abortable-preclean-start]
2014-07-10T09:59:33.493+0200: 119.637: [GC (Allocation Failure) 119.637: [ParNew: 9745K->1059K(9792K), 0.0044101 secs] 22572K->18593K(31680K), 0.0045685 secs] [Times: user=0.00 sys=0.00, real=0.00 secs] 
2014-07-10T09:59:33.543+0200: 119.686: [GC (Allocation Failure) 119.686: [ParNew: 9745K->9745K(9792K), 0.0000447 secs]119.686: [CMS2014-07-10T09:59:33.543+0200: 119.686: [CMS-concurrent-abortable-preclean: 0.001/0.086 secs] [Times: user=0.00 sys=0.00, real=0.09 secs] 
 (concurrent mode failure): 17533K->6770K(21888K), 0.0078055 secs] 27279K->6770K(31680K), [Metaspace: 2457K->2457K(1056768K)], 0.0080269 secs] [Times: user=0.01 sys=0.00, real=0.01 secs] 
2014-07-10T09:59:33.555+0200: 119.698: [GC (Allocation Failure) 119.699: [ParNew: 8686K->1059K(9792K), 0.0050605 secs] 15456K->13500K(31680K), 0.0052182 secs] [Times: user=0.00 sys=0.00, real=0.00 secs] 
2014-07-10T09:59:33.561+0200: 119.704: [GC (CMS Initial Mark) [1 CMS-initial-mark: 12441K(21888K)] 14015K(31680K), 0.0002519 secs] [Times: user=0.00 sys=0.00, real=0.00 secs] 
2014-07-10T09:59:33.561+0200: 119.705: [CMS-concurrent-mark-start]
2014-07-10T09:59:33.562+0200: 119.706: [CMS-concurrent-mark: 0.001/0.001 secs] [Times: user=0.00 sys=0.00, real=0.00 secs] 
2014-07-10T09:59:33.562+0200: 119.706: [CMS-concurrent-preclean-start]
2014-07-10T09:59:33.562+0200: 119.706: [CMS-concurrent-preclean: 0.000/0.000 secs] [Times: user=0.00 sys=0.00, real=0.00 secs] 
2014-07-10T09:59:33.562+0200: 119.706: [GC (CMS Final Remark) [YG occupancy: 2534 K (9792 K)]119.706: [Rescan (parallel) , 0.0000902 secs]119.706: [weak refs processing, 0.0000275 secs]119.706: [class unloading, 0.0004180 secs]119.707: [scrub symbol table, 0.0009125 secs]119.707: [scrub string table, 0.0001565 secs][1 CMS-remark: 12441K(21888K)] 14975K(31680K), 0.0017481 secs] [Times: user=0.00 sys=0.00, real=0.00 secs] 
2014-07-10T09:59:33.564+0200: 119.708: [CMS-concurrent-sweep-start]
2014-07-10T09:59:33.565+0200: 119.708: [CMS-concurrent-sweep: 0.000/0.000 secs] [Times: user=0.00 sys=0.00, real=0.00 secs] 
2014-07-10T09:59:33.565+0200: 119.708: [CMS-concurrent-reset-start]
2014-07-10T09:59:33.565+0200: 119.708: [CMS-concurrent-reset: 0.000/0.000 secs] [Times: user=0.00 sys=0.00, real=0.00 secs] 
2014-07-10T09:59:33.593+0200: 119.737: [GC (Allocation Failure) 119.737: [ParNew: 9745K->1059K(9792K), 0.0057740 secs] 15942K->13404K(31680K), 0.0059419 secs] [Times: user=0.03 sys=0.00, real=0.01 secs] 
2014-07-10T09:59:33.600+0200: 119.743: [GC (CMS Initial Mark) [1 CMS-initial-mark: 12345K(21888K)] 14335K(31680K), 0.0002823 secs] [Times: user=0.00 sys=0.00, real=0.00 secs] 
2014-07-10T09:59:33.600+0200: 119.744: [CMS-concurrent-mark-start]
2014-07-10T09:59:33.601+0200: 119.744: [CMS-concurrent-mark: 0.001/0.001 secs] [Times: user=0.00 sys=0.00, real=0.00 secs] 
2014-07-10T09:59:33.601+0200: 119.744: [CMS-concurrent-preclean-start]
2014-07-10T09:59:33.601+0200: 119.745: [CMS-concurrent-preclean: 0.000/0.000 secs] [Times: user=0.00 sys=0.00, real=0.00 secs] 
2014-07-10T09:59:33.601+0200: 119.745: [GC (CMS Final Remark) [YG occupancy: 3084 K (9792 K)]119.745: [Rescan (parallel) , 0.0000983 secs]119.745: [weak refs processing, 0.0000279 secs]119.745: [class unloading, 0.0004396 secs]119.745: [scrub symbol table, 0.0005441 secs]119.746: [scrub string table, 0.0001646 secs][1 CMS-remark: 12345K(21888K)] 15429K(31680K), 0.0013961 secs] [Times: user=0.00 sys=0.00, real=0.00 secs] 
2014-07-10T09:59:33.603+0200: 119.746: [CMS-concurrent-sweep-start]
2014-07-10T09:59:33.603+0200: 119.746: [CMS-concurrent-sweep: 0.000/0.000 secs] [Times: user=0.00 sys=0.00, real=0.00 secs] 
2014-07-10T09:59:33.603+0200: 119.746: [CMS-concurrent-reset-start]
2014-07-10T09:59:33.603+0200: 119.746: [CMS-concurrent-reset: 0.000/0.000 secs] [Times: user=0.00 sys=0.00, real=0.00 secs] 
2014-07-10T09:59:33.643+0200: 119.787: [GC (Allocation Failure) 119.787: [ParNew: 9751K->1061K(9792K), 0.0054275 secs] 16427K->13341K(31680K), 0.0055723 secs] [Times: user=0.03 sys=0.00, real=0.01 secs] 
2014-07-10T09:59:33.649+0200: 119.793: [GC (CMS Initial Mark) [1 CMS-initial-mark: 12280K(21888K)] 13407K(31680K), 0.0001745 secs] [Times: user=0.00 sys=0.00, real=0.00 secs] 
2014-07-10T09:59:33.649+0200: 119.793: [CMS-concurrent-mark-start]
2014-07-10T09:59:33.650+0200: 119.794: [CMS-concurrent-mark: 0.001/0.001 secs] [Times: user=0.00 sys=0.00, real=0.00 secs] 
2014-07-10T09:59:33.650+0200: 119.794: [CMS-concurrent-preclean-start]
2014-07-10T09:59:33.650+0200: 119.794: [CMS-concurrent-preclean: 0.000/0.000 secs] [Times: user=0.00 sys=0.00, real=0.00 secs] 
2014-07-10T09:59:33.650+0200: 119.794: [CMS-concurrent-abortable-preclean-start]
2014-07-10T09:59:33.653+0200: 119.796: [GC (Allocation Failure) 119.796: [ParNew: 9747K->1059K(9792K), 0.0053601 secs] 22027K->19424K(31680K), 0.0054895 secs] [Times: user=0.00 sys=0.00, real=0.00 secs] 
2014-07-10T09:59:33.693+0200: 119.836: [GC (Allocation Failure) 119.837: [ParNew: 9745K->9745K(9792K), 0.0000455 secs]119.837: [CMS2014-07-10T09:59:33.693+0200: 119.837: [CMS-concurrent-abortable-preclean: 0.001/0.043 secs] [Times: user=0.01 sys=0.00, real=0.04 secs] 
 (concurrent mode failure): 18364K->8147K(21888K), 0.0080614 secs] 28110K->8147K(31680K), [Metaspace: 2457K->2457K(1056768K)], 0.0082689 secs] [Times: user=0.00 sys=0.00, real=0.01 secs] 
2014-07-10T09:59:33.746+0200: 119.889: [GC (Allocation Failure) 119.889: [ParNew: 8686K->1059K(9792K), 0.0108591 secs] 16833K->16254K(31680K), 0.0111513 secs] [Times: user=0.03 sys=0.00, real=0.01 secs] 
2014-07-10T09:59:33.757+0200: 119.901: [GC (CMS Initial Mark) [1 CMS-initial-mark: 15194K(21888K)] 16320K(31680K), 0.0004385 secs] [Times: user=0.00 sys=0.00, real=0.00 secs] 
2014-07-10T09:59:33.758+0200: 119.902: [CMS-concurrent-mark-start]
2014-07-10T09:59:33.760+0200: 119.904: [CMS-concurrent-mark: 0.002/0.002 secs] [Times: user=0.00 sys=0.00, real=0.00 secs] 
2014-07-10T09:59:33.761+0200: 119.904: [CMS-concurrent-preclean-start]
2014-07-10T09:59:33.761+0200: 119.904: [CMS-concurrent-preclean: 0.000/0.000 secs] [Times: user=0.00 sys=0.00, real=0.00 secs] 
2014-07-10T09:59:33.761+0200: 119.904: [CMS-concurrent-abortable-preclean-start]
2014-07-10T09:59:33.791+0200: 119.934: [GC (Allocation Failure) 119.934: [ParNew: 9747K->9747K(9792K), 0.0000480 secs]119.935: [CMS2014-07-10T09:59:33.791+0200: 119.935: [CMS-concurrent-abortable-preclean: 0.000/0.030 secs] [Times: user=0.00 sys=0.00, real=0.03 secs] 
 (concurrent mode failure): 15194K->911K(21888K), 0.0033612 secs] 24942K->911K(31680K), [Metaspace: 2457K->2457K(1056768K)], 0.0035519 secs] [Times: user=0.00 sys=0.00, real=0.00 secs] 
2014-07-10T09:59:33.841+0200: 119.985: [GC (Allocation Failure) 119.985: [ParNew: 8686K->867K(9792K), 0.0013693 secs] 9597K->1779K(31680K), 0.0015523 secs] [Times: user=0.00 sys=0.00, real=0.00 secs] 
2014-07-10T09:59:33.850+0200: 119.994: [GC (Allocation Failure) 119.994: [ParNew: 9553K->1059K(9792K), 0.0020755 secs] 10465K->2264K(31680K), 0.0023827 secs] [Times: user=0.00 sys=0.00, real=0.00 secs] 
2014-07-10T09:59:33.891+0200: 120.034: [GC (Allocation Failure) 120.035: [ParNew: 9762K->165K(9792K), 0.0010812 secs] 10967K->1371K(31680K), 0.0014390 secs] [Times: user=0.00 sys=0.00, real=0.00 secs] 
2014-07-10T09:59:33.941+0200: 120.085: [GC (Allocation Failure) 120.085: [ParNew: 8851K->645K(9792K), 0.0012487 secs] 10057K->1851K(31680K), 0.0014819 secs] [Times: user=0.00 sys=0.00, real=0.00 secs] 
2014-07-10T09:59:33.949+0200: 120.093: [GC (Allocation Failure) 120.093: [ParNew: 9331K->1059K(9792K), 0.0020348 secs] 10537K->2333K(31680K), 0.0022969 secs] [Times: user=0.00 sys=0.00, real=0.00 secs] 
2014-07-10T09:59:33.992+0200: 120.135: [GC (Allocation Failure) 120.135: [ParNew: 9745K->1059K(9792K), 0.0018379 secs] 11019K->2878K(31680K), 0.0020403 secs] [Times: user=0.00 sys=0.00, real=0.00 secs] 
2014-07-10T09:59:34.042+0200: 120.185: [GC (Allocation Failure) 120.186: [ParNew: 9745K->1059K(9792K), 0.0020942 secs] 11564K->3904K(31680K), 0.0022984 secs] [Times: user=0.00 sys=0.00, real=0.00 secs] 
2014-07-10T09:59:34.052+0200: 120.196: [GC (Allocation Failure) 120.196: [ParNew: 9745K->1059K(9792K), 0.0030687 secs] 12590K->5410K(31680K), 0.0033114 secs] [Times: user=0.00 sys=0.00, real=0.00 secs] 
2014-07-10T09:59:34.092+0200: 120.235: [GC (Allocation Failure) 120.235: [ParNew: 9745K->1059K(9792K), 0.0016993 secs] 14096K->7396K(31680K), 0.0018364 secs] [Times: user=0.00 sys=0.00, real=0.00 secs] 
2014-07-10T09:59:34.142+0200: 120.286: [GC (Allocation Failure) 120.286: [ParNew: 9755K->1061K(9792K), 0.0021924 secs] 16091K->8327K(31680K), 0.0024069 secs] [Times: user=0.03 sys=0.00, real=0.00 secs] 
2014-07-10T09:59:34.154+0200: 120.298: [GC (Allocation Failure) 120.298: [ParNew: 9747K->1059K(9792K), 0.0030723 secs] 17013K->9736K(31680K), 0.0033825 secs] [Times: user=0.00 sys=0.00, real=0.00 secs] 
2014-07-10T09:59:34.191+0200: 120.335: [GC (Allocation Failure) 120.335: [ParNew: 9745K->1059K(9792K), 0.0014859 secs] 18422K->11626K(31680K), 0.0016289 secs] [Times: user=0.00 sys=0.00, real=0.00 secs] 
2014-07-10T09:59:34.242+0200: 120.385: [GC (Allocation Failure) 120.385: [ParNew: 9745K->1059K(9792K), 0.0018771 secs] 20312K->13996K(31680K), 0.0020018 secs] [Times: user=0.00 sys=0.00, real=0.00 secs] 
2014-07-10T09:59:34.248+0200: 120.391: [GC (Allocation Failure) 120.391: [ParNew: 9745K->1059K(9792K), 0.0029642 secs] 22682K->16847K(31680K), 0.0031229 secs] [Times: user=0.00 sys=0.00, real=0.00 secs] 
2014-07-10T09:59:34.251+0200: 120.394: [GC (CMS Initial Mark) [1 CMS-initial-mark: 15787K(21888K)] 16913K(31680K), 0.0002086 secs] [Times: user=0.00 sys=0.00, real=0.00 secs] 
2014-07-10T09:59:34.251+0200: 120.395: [CMS-concurrent-mark-start]
2014-07-10T09:59:34.252+0200: 120.396: [CMS-concurrent-mark: 0.001/0.001 secs] [Times: user=0.00 sys=0.00, real=0.00 secs] 
2014-07-10T09:59:34.252+0200: 120.396: [CMS-concurrent-preclean-start]
2014-07-10T09:59:34.252+0200: 120.396: [CMS-concurrent-preclean: 0.000/0.000 secs] [Times: user=0.00 sys=0.00, real=0.00 secs] 
2014-07-10T09:59:34.252+0200: 120.396: [CMS-concurrent-abortable-preclean-start]
2014-07-10T09:59:34.308+0200: 120.452: [GC (Allocation Failure) 120.452: [ParNew: 9745K->1059K(9792K), 0.0040124 secs] 25533K->20177K(31680K), 0.0041656 secs] [Times: user=0.00 sys=0.00, real=0.00 secs] 
2014-07-10T09:59:34.342+0200: 120.486: [GC (Allocation Failure) 120.486: [ParNew: 9745K->9745K(9792K), 0.0000539 secs]120.486: [CMS2014-07-10T09:59:34.343+0200: 120.486: [CMS-concurrent-abortable-preclean: 0.001/0.090 secs] [Times: user=0.03 sys=0.00, real=0.09 secs] 
 (concurrent mode failure): 19118K->5394K(21888K), 0.0067562 secs] 28864K->5394K(31680K), [Metaspace: 2457K->2457K(1056768K)], 0.0069670 secs] [Times: user=0.02 sys=0.00, real=0.01 secs] 
2014-07-10T09:59:34.353+0200: 120.497: [GC (Allocation Failure) 120.497: [ParNew: 8686K->1059K(9792K), 0.0171786 secs] 14080K->10745K(31680K), 0.0173146 secs] [Times: user=0.02 sys=0.00, real=0.02 secs] 
2014-07-10T09:59:34.392+0200: 120.536: [GC (Allocation Failure) 120.536: [ParNew: 9757K->1059K(9792K), 0.0032087 secs] 19443K->13982K(31680K), 0.0033385 secs] [Times: user=0.03 sys=0.00, real=0.00 secs] 
2014-07-10T09:59:34.396+0200: 120.539: [GC (CMS Initial Mark) [1 CMS-initial-mark: 12923K(21888K)] 14014K(31680K), 0.0001903 secs] [Times: user=0.00 sys=0.00, real=0.00 secs] 
2014-07-10T09:59:34.396+0200: 120.540: [CMS-concurrent-mark-start]
2014-07-10T09:59:34.397+0200: 120.541: [CMS-concurrent-mark: 0.001/0.001 secs] [Times: user=0.00 sys=0.00, real=0.00 secs] 
2014-07-10T09:59:34.397+0200: 120.541: [CMS-concurrent-preclean-start]
2014-07-10T09:59:34.397+0200: 120.541: [CMS-concurrent-preclean: 0.000/0.000 secs] [Times: user=0.00 sys=0.00, real=0.00 secs] 
2014-07-10T09:59:34.397+0200: 120.541: [CMS-concurrent-abortable-preclean-start]
2014-07-10T09:59:34.451+0200: 120.594: [GC (Allocation Failure) 120.595: [ParNew: 9745K->1059K(9792K), 0.0036087 secs] 22668K->17698K(31680K), 0.0037641 secs] [Times: user=0.00 sys=0.00, real=0.00 secs] 
2014-07-10T09:59:34.460+0200: 120.603: [GC (Allocation Failure) 120.603: [ParNew: 9745K->1059K(9792K), 0.0035636 secs] 26384K->21893K(31680K), 0.0037231 secs] [Times: user=0.00 sys=0.00, real=0.00 secs] 
2014-07-10T09:59:34.464+0200: 120.607: [CMS-concurrent-abortable-preclean: 0.001/0.066 secs] [Times: user=0.02 sys=0.02, real=0.07 secs] 
2014-07-10T09:59:34.465+0200: 120.609: [GC (CMS Final Remark) [YG occupancy: 4008 K (9792 K)]120.609: [Rescan (parallel) , 0.0001789 secs]120.609: [weak refs processing, 0.0000297 secs]120.609: [class unloading, 0.0005239 secs]120.610: [scrub symbol table, 0.0005954 secs]120.610: [scrub string table, 0.0001866 secs][1 CMS-remark: 20834K(21888K)] 24843K(31680K), 0.0016817 secs] [Times: user=0.00 sys=0.00, real=0.00 secs] 
2014-07-10T09:59:34.467+0200: 120.611: [CMS-concurrent-sweep-start]
2014-07-10T09:59:34.467+0200: 120.611: [CMS-concurrent-sweep: 0.000/0.000 secs] [Times: user=0.00 sys=0.00, real=0.00 secs] 
2014-07-10T09:59:34.467+0200: 120.611: [CMS-concurrent-reset-start]
2014-07-10T09:59:34.468+0200: 120.611: [CMS-concurrent-reset: 0.000/0.000 secs] [Times: user=0.00 sys=0.00, real=0.00 secs] 
2014-07-10T09:59:34.493+0200: 120.637: [GC (Allocation Failure) 120.637: [ParNew: 9745K->1059K(9792K), 0.0044666 secs] 21420K->17409K(31680K), 0.0046173 secs] [Times: user=0.00 sys=0.00, real=0.00 secs] 
2014-07-10T09:59:34.498+0200: 120.641: [GC (CMS Initial Mark) [1 CMS-initial-mark: 16349K(21888K)] 17441K(31680K), 0.0001646 secs] [Times: user=0.00 sys=0.00, real=0.00 secs] 
2014-07-10T09:59:34.498+0200: 120.642: [CMS-concurrent-mark-start]
2014-07-10T09:59:34.499+0200: 120.642: [CMS-concurrent-mark: 0.001/0.001 secs] [Times: user=0.00 sys=0.00, real=0.00 secs] 
2014-07-10T09:59:34.499+0200: 120.643: [CMS-concurrent-preclean-start]
2014-07-10T09:59:34.499+0200: 120.643: [CMS-concurrent-preclean: 0.000/0.000 secs] [Times: user=0.00 sys=0.00, real=0.00 secs] 
2014-07-10T09:59:34.499+0200: 120.643: [CMS-concurrent-abortable-preclean-start]
2014-07-10T09:59:34.542+0200: 120.686: [GC (Allocation Failure) 120.686: [ParNew: 9745K->1059K(9792K), 0.0065061 secs] 26095K->22565K(31680K), 0.0067518 secs] [Times: user=0.02 sys=0.00, real=0.01 secs] 
2014-07-10T09:59:34.549+0200: 120.693: [CMS-concurrent-abortable-preclean: 0.000/0.050 secs] [Times: user=0.02 sys=0.00, real=0.05 secs] 
2014-07-10T09:59:34.550+0200: 120.693: [GC (CMS Final Remark) [YG occupancy: 1413 K (9792 K)]120.693: [Rescan (parallel) , 0.0002321 secs]120.694: [weak refs processing, 0.0000286 secs]120.694: [class unloading, 0.0004176 secs]120.694: [scrub symbol table, 0.0009026 secs]120.695: [scrub string table, 0.0002273 secs][1 CMS-remark: 21505K(21888K)] 22919K(31680K), 0.0021268 secs] [Times: user=0.00 sys=0.00, real=0.00 secs] 
2014-07-10T09:59:34.552+0200: 120.695: [CMS-concurrent-sweep-start]
2014-07-10T09:59:34.552+0200: 120.696: [CMS-concurrent-sweep: 0.000/0.000 secs] [Times: user=0.00 sys=0.00, real=0.00 secs] 
2014-07-10T09:59:34.552+0200: 120.696: [CMS-concurrent-reset-start]
2014-07-10T09:59:34.553+0200: 120.696: [CMS-concurrent-reset: 0.000/0.000 secs] [Times: user=0.00 sys=0.00, real=0.00 secs] 
2014-07-10T09:59:34.555+0200: 120.699: [GC (Allocation Failure) 120.699: [ParNew: 9745K->1059K(9792K), 0.0052141 secs] 20106K->17056K(31680K), 0.0054235 secs] [Times: user=0.00 sys=0.00, real=0.01 secs] 
2014-07-10T09:59:34.562+0200: 120.705: [GC (CMS Initial Mark) [1 CMS-initial-mark: 15996K(21888K)] 18562K(31680K), 0.0002519 secs] [Times: user=0.00 sys=0.00, real=0.00 secs] 
2014-07-10T09:59:34.562+0200: 120.705: [CMS-concurrent-mark-start]
2014-07-10T09:59:34.563+0200: 120.706: [CMS-concurrent-mark: 0.001/0.001 secs] [Times: user=0.00 sys=0.00, real=0.00 secs] 
2014-07-10T09:59:34.563+0200: 120.706: [CMS-concurrent-preclean-start]
2014-07-10T09:59:34.563+0200: 120.706: [CMS-concurrent-preclean: 0.000/0.000 secs] [Times: user=0.00 sys=0.00, real=0.00 secs] 
2014-07-10T09:59:34.563+0200: 120.706: [GC (CMS Final Remark) [YG occupancy: 2566 K (9792 K)]120.706: [Rescan (parallel) , 0.0000829 secs]120.707: [weak refs processing, 0.0000293 secs]120.707: [class unloading, 0.0004279 secs]120.707: [scrub symbol table, 0.0006753 secs]120.708: [scrub string table, 0.0002196 secs][1 CMS-remark: 15996K(21888K)] 18562K(31680K), 0.0018210 secs] [Times: user=0.01 sys=0.00, real=0.00 secs] 
2014-07-10T09:59:34.565+0200: 120.708: [CMS-concurrent-sweep-start]
2014-07-10T09:59:34.565+0200: 120.709: [CMS-concurrent-sweep: 0.000/0.000 secs] [Times: user=0.00 sys=0.00, real=0.00 secs] 
2014-07-10T09:59:34.565+0200: 120.709: [CMS-concurrent-reset-start]
2014-07-10T09:59:34.565+0200: 120.709: [CMS-concurrent-reset: 0.000/0.000 secs] [Times: user=0.00 sys=0.00, real=0.00 secs] 
2014-07-10T09:59:34.593+0200: 120.736: [GC (Allocation Failure) 120.736: [ParNew: 9745K->1059K(9792K), 0.0058451 secs] 10275K->7705K(31680K), 0.0059907 secs] [Times: user=0.03 sys=0.00, real=0.01 secs] 
2014-07-10T09:59:34.599+0200: 120.742: [GC (CMS Initial Mark) [1 CMS-initial-mark: 6645K(21888K)] 7771K(31680K), 0.0001756 secs] [Times: user=0.00 sys=0.00, real=0.00 secs] 
2014-07-10T09:59:34.599+0200: 120.743: [CMS-concurrent-mark-start]
2014-07-10T09:59:34.600+0200: 120.743: [CMS-concurrent-mark: 0.001/0.001 secs] [Times: user=0.00 sys=0.00, real=0.00 secs] 
2014-07-10T09:59:34.600+0200: 120.743: [CMS-concurrent-preclean-start]
2014-07-10T09:59:34.600+0200: 120.744: [CMS-concurrent-preclean: 0.000/0.000 secs] [Times: user=0.00 sys=0.00, real=0.00 secs] 
2014-07-10T09:59:34.600+0200: 120.744: [CMS-concurrent-abortable-preclean-start]
2014-07-10T09:59:34.646+0200: 120.789: [GC (Allocation Failure) 120.789: [ParNew: 9751K->1061K(9792K), 0.0091396 secs] 16397K->13279K(31680K), 0.0094292 secs] [Times: user=0.00 sys=0.00, real=0.01 secs] 
2014-07-10T09:59:34.663+0200: 120.806: [GC (Allocation Failure) 120.806: [ParNew: 9747K->1059K(9792K), 0.0079884 secs] 21965K->19329K(31680K), 0.0082018 secs] [Times: user=0.00 sys=0.00, real=0.01 secs] 
2014-07-10T09:59:34.693+0200: 120.837: [GC (Allocation Failure) 120.837: [ParNew: 9745K->9745K(9792K), 0.0000510 secs]120.837: [CMS2014-07-10T09:59:34.694+0200: 120.837: [CMS-concurrent-abortable-preclean: 0.003/0.093 secs] [Times: user=0.03 sys=0.00, real=0.09 secs] 
 (concurrent mode failure): 18270K->8115K(21888K), 0.0090934 secs] 28016K->8115K(31680K), [Metaspace: 2457K->2457K(1056768K)], 0.0093336 secs] [Times: user=0.00 sys=0.00, real=0.01 secs] 
2014-07-10T09:59:34.743+0200: 120.887: [GC (Allocation Failure) 120.887: [ParNew: 8686K->1059K(9792K), 0.0063027 secs] 16801K->16190K(31680K), 0.0064596 secs] [Times: user=0.00 sys=0.00, real=0.01 secs] 
2014-07-10T09:59:34.750+0200: 120.894: [GC (CMS Initial Mark) [1 CMS-initial-mark: 15131K(21888K)] 16256K(31680K), 0.0002328 secs] [Times: user=0.00 sys=0.00, real=0.00 secs] 
2014-07-10T09:59:34.750+0200: 120.894: [CMS-concurrent-mark-start]
2014-07-10T09:59:34.751+0200: 120.895: [CMS-concurrent-mark: 0.001/0.001 secs] [Times: user=0.00 sys=0.00, real=0.00 secs] 
2014-07-10T09:59:34.751+0200: 120.895: [CMS-concurrent-preclean-start]
2014-07-10T09:59:34.752+0200: 120.895: [CMS-concurrent-preclean: 0.000/0.000 secs] [Times: user=0.03 sys=0.00, real=0.00 secs] 
2014-07-10T09:59:34.752+0200: 120.895: [CMS-concurrent-abortable-preclean-start]
2014-07-10T09:59:34.792+0200: 120.936: [GC (Allocation Failure) 120.936: [ParNew: 9747K->9747K(9792K), 0.0001012 secs]120.936: [CMS2014-07-10T09:59:34.792+0200: 120.936: [CMS-concurrent-abortable-preclean: 0.000/0.041 secs] [Times: user=0.00 sys=0.00, real=0.04 secs] 
 (concurrent mode failure): 15131K->880K(21888K), 0.0074377 secs] 24878K->880K(31680K), [Metaspace: 2457K->2457K(1056768K)], 0.0078080 secs] [Times: user=0.02 sys=0.00, real=0.01 secs] 
2014-07-10T09:59:34.841+0200: 120.985: [GC (Allocation Failure) 120.985: [ParNew: 8686K->835K(9792K), 0.0007366 secs] 9566K->1715K(31680K), 0.0008447 secs] [Times: user=0.00 sys=0.00, real=0.00 secs] 
2014-07-10T09:59:34.845+0200: 120.989: [GC (Allocation Failure) 120.989: [ParNew: 9538K->301K(9792K), 0.0008062 secs] 10418K->1184K(31680K), 0.0009474 secs] [Times: user=0.02 sys=0.00, real=0.00 secs] 
2014-07-10T09:59:34.851+0200: 120.995: [GC (Allocation Failure) 120.995: [ParNew: 9005K->149K(9792K), 0.0007171 secs] 9888K->1032K(31680K), 0.0008341 secs] [Times: user=0.00 sys=0.00, real=0.00 secs] 
Heap
 par new generation   total 9792K, used 611K [0x00000000fe000000, 0x00000000feaa0000, 0x00000000feaa0000)
  eden space 8704K,   5% used [0x00000000fe000000, 0x00000000fe073968, 0x00000000fe880000)
  from space 1088K,  13% used [0x00000000fe880000, 0x00000000fe8a5660, 0x00000000fe990000)
  to   space 1088K,   0% used [0x00000000fe990000, 0x00000000fe990000, 0x00000000feaa0000)
 concurrent mark-sweep generation total 21888K, used 883K [0x00000000feaa0000, 0x0000000100000000, 0x0000000100000000)
 Metaspace       used 2463K, capacity 4490K, committed 4864K, reserved 1056768K
  class space    used 269K, capacity 386K, committed 512K, reserved 1048576K
