Java HotSpot(TM) 64-Bit Server VM (25.5-b02) for windows-amd64 JRE (1.8.0_05-b13), built on Mar 18 2014 01:08:39 by "java_re" with MS VC++ 10.0 (VS2010)
Memory: 4k page, physical 8376184k(4461336k free), swap 16750504k(9843016k free)
CommandLine flags: -XX:InitialHeapSize=67108864 -XX:LogFile=jvm.log -XX:MaxHeapSize=67108864 -XX:MaxNewSize=22372352 -XX:MaxTenuringThreshold=6 -XX:NewSize=22372352 -XX:OldPLABSize=16 -XX:OldSize=44736512 -XX:+PrintAdaptiveSizePolicy -XX:+PrintFlagsFinal -XX:+PrintGC -XX:+PrintGCDateStamps -XX:+PrintGCDetails -XX:+PrintGCTimeStamps -XX:+UnlockDiagnosticVMOptions -XX:+UseCompressedClassPointers -XX:+UseCompressedOops -XX:+UseConcMarkSweepGC -XX:-UseLargePagesIndividualAllocation -XX:+UseParNewGC 
2014-07-10T10:46:37.652+0200: 0.231: [GC (Allocation Failure) 0.231: [ParNew: 17467K->2155K(19648K), 0.0082938 secs] 17467K->8146K(63360K), 0.0086788 secs] [Times: user=0.00 sys=0.00, real=0.01 secs] 
2014-07-10T10:46:37.746+0200: 0.326: [GC (Allocation Failure) 0.326: [ParNew: 19605K->449K(19648K), 0.0032659 secs] 25596K->6728K(63360K), 0.0034562 secs] [Times: user=0.00 sys=0.00, real=0.00 secs] 
2014-07-10T10:46:37.796+0200: 0.376: [GC (Allocation Failure) 0.376: [ParNew: 17920K->1423K(19648K), 0.0010900 secs] 24198K->7702K(63360K), 0.0012524 secs] [Times: user=0.00 sys=0.00, real=0.00 secs] 
2014-07-10T10:46:37.853+0200: 0.432: [GC (Allocation Failure) 0.432: [ParNew: 18866K->1401K(19648K), 0.0032952 secs] 25145K->7685K(63360K), 0.0036017 secs] [Times: user=0.00 sys=0.00, real=0.00 secs] 
2014-07-10T10:46:37.948+0200: 0.527: [GC (Allocation Failure) 0.527: [ParNew: 18869K->2149K(19648K), 0.0030885 secs] 25153K->8724K(63360K), 0.0034155 secs] [Times: user=0.00 sys=0.00, real=0.00 secs] 
2014-07-10T10:46:37.999+0200: 0.578: [GC (Allocation Failure) 0.578: [ParNew: 19590K->2150K(19648K), 0.0047309 secs] 26165K->10039K(63360K), 0.0050455 secs] [Times: user=0.00 sys=0.00, real=0.00 secs] 
2014-07-10T10:46:38.051+0200: 0.631: [GC (Allocation Failure) 0.631: [ParNew: 19610K->2150K(19648K), 0.0026203 secs] 27500K->10842K(63360K), 0.0028641 secs] [Times: user=0.00 sys=0.00, real=0.00 secs] 
2014-07-10T10:46:38.148+0200: 0.727: [GC (Allocation Failure) 0.728: [ParNew: 19604K->2150K(19648K), 0.0064108 secs] 28296K->12670K(63360K), 0.0067606 secs] [Times: user=0.00 sys=0.00, real=0.01 secs] 
2014-07-10T10:46:38.198+0200: 0.777: [GC (Allocation Failure) 0.777: [ParNew: 19591K->2150K(19648K), 0.0045366 secs] 30111K->15521K(63360K), 0.0047537 secs] [Times: user=0.00 sys=0.00, real=0.01 secs] 
2014-07-10T10:46:38.252+0200: 0.831: [GC (Allocation Failure) 0.832: [ParNew: 19591K->2148K(19648K), 0.0058063 secs] 32963K->19395K(63360K), 0.0060526 secs] [Times: user=0.03 sys=0.00, real=0.01 secs] 
2014-07-10T10:46:38.348+0200: 0.928: [GC (Allocation Failure) 0.928: [ParNew: 19590K->2150K(19648K), 0.0044208 secs] 36838K->22761K(63360K), 0.0046100 secs] [Times: user=0.00 sys=0.00, real=0.00 secs] 
2014-07-10T10:46:38.399+0200: 0.978: [GC (Allocation Failure) 0.978: [ParNew: 19618K->2150K(19648K), 0.0052515 secs] 40229K->27182K(63360K), 0.0054737 secs] [Times: user=0.00 sys=0.00, real=0.01 secs] 
2014-07-10T10:46:38.404+0200: 0.984: [GC (CMS Initial Mark) [1 CMS-initial-mark: 25032K(43712K)] 27249K(63360K), 0.0002493 secs] [Times: user=0.00 sys=0.00, real=0.00 secs] 
2014-07-10T10:46:38.405+0200: 0.984: [CMS-concurrent-mark-start]
2014-07-10T10:46:38.406+0200: 0.985: [CMS-concurrent-mark: 0.001/0.001 secs] [Times: user=0.00 sys=0.00, real=0.00 secs] 
2014-07-10T10:46:38.406+0200: 0.985: [CMS-concurrent-preclean-start]
2014-07-10T10:46:38.406+0200: 0.985: [CMS-concurrent-preclean: 0.000/0.000 secs] [Times: user=0.00 sys=0.00, real=0.00 secs] 
2014-07-10T10:46:38.406+0200: 0.986: [GC (CMS Final Remark) [YG occupancy: 3785 K (19648 K)]0.986: [Rescan (parallel) , 0.0001991 secs]0.986: [weak refs processing, 0.0000499 secs]0.986: [class unloading, 0.0004073 secs]0.986: [scrub symbol table, 0.0006170 secs]0.987: [scrub string table, 0.0002240 secs][1 CMS-remark: 25032K(43712K)] 28818K(63360K), 0.0017528 secs] [Times: user=0.00 sys=0.00, real=0.00 secs] 
2014-07-10T10:46:38.408+0200: 0.988: [CMS-concurrent-sweep-start]
2014-07-10T10:46:38.409+0200: 0.988: [CMS-concurrent-sweep: 0.000/0.000 secs] [Times: user=0.00 sys=0.00, real=0.00 secs] 
2014-07-10T10:46:38.409+0200: 0.988: [CMS-concurrent-reset-start]
2014-07-10T10:46:38.409+0200: 0.988: [CMS-concurrent-reset: 0.000/0.000 secs] [Times: user=0.00 sys=0.00, real=0.00 secs] 
2014-07-10T10:46:38.461+0200: 1.041: [GC (Allocation Failure) 1.041: [ParNew: 19617K->2148K(19648K), 0.0101922 secs] 24344K->12352K(63360K), 0.0106101 secs] [Times: user=0.00 sys=0.00, real=0.01 secs] 
2014-07-10T10:46:38.552+0200: 1.132: [GC (Allocation Failure) 1.132: [ParNew: 19616K->484K(19648K), 0.0016198 secs] 29820K->10690K(63360K), 0.0019296 secs] [Times: user=0.00 sys=0.00, real=0.00 secs] 
2014-07-10T10:46:38.602+0200: 1.181: [GC (Allocation Failure) 1.182: [ParNew: 17933K->2151K(19648K), 0.0102523 secs] 28140K->18248K(63360K), 0.0108818 secs] [Times: user=0.02 sys=0.00, real=0.01 secs] 
2014-07-10T10:46:38.696+0200: 1.275: [GC (Allocation Failure) 1.276: [ParNew: 19620K->901K(19648K), 0.0006918 secs] 35717K->17004K(63360K), 0.0007978 secs] [Times: user=0.00 sys=0.00, real=0.00 secs] 
2014-07-10T10:46:38.753+0200: 1.333: [GC (Allocation Failure) 1.333: [ParNew: 18367K->1960K(19648K), 0.0028362 secs] 34471K->18063K(63360K), 0.0031955 secs] [Times: user=0.00 sys=0.00, real=0.00 secs] 
2014-07-10T10:46:38.848+0200: 1.427: [GC (Allocation Failure) 1.428: [ParNew: 19400K->1957K(19648K), 0.0021822 secs] 35503K->18066K(63360K), 0.0024645 secs] [Times: user=0.00 sys=0.00, real=0.00 secs] 
2014-07-10T10:46:38.898+0200: 1.477: [GC (Allocation Failure) 1.477: [ParNew: 19426K->2150K(19648K), 0.0033880 secs] 35535K->19125K(63360K), 0.0037601 secs] [Times: user=0.00 sys=0.00, real=0.00 secs] 
2014-07-10T10:46:38.956+0200: 1.536: [GC (Allocation Failure) 1.536: [ParNew: 19616K->2148K(19648K), 0.0031900 secs] 36592K->21046K(63360K), 0.0037319 secs] [Times: user=0.00 sys=0.00, real=0.00 secs] 
2014-07-10T10:46:39.049+0200: 1.628: [GC (Allocation Failure) 1.628: [ParNew: 19614K->2150K(19648K), 0.0067408 secs] 38513K->24028K(63360K), 0.0071356 secs] [Times: user=0.02 sys=0.02, real=0.01 secs] 
2014-07-10T10:46:39.097+0200: 1.677: [GC (Allocation Failure) 1.677: [ParNew: 19599K->2150K(19648K), 0.0032336 secs] 41477K->25983K(63360K), 0.0034646 secs] [Times: user=0.00 sys=0.00, real=0.00 secs] 
2014-07-10T10:46:39.156+0200: 1.735: [GC (Allocation Failure) 1.735: [ParNew: 19616K->2148K(19648K), 0.0083649 secs] 43449K->28994K(63360K), 0.0086788 secs] [Times: user=0.03 sys=0.00, real=0.01 secs] 
2014-07-10T10:46:39.248+0200: 1.828: [GC (Allocation Failure) 1.828: [ParNew: 19616K->2150K(19648K), 0.0049318 secs] 46462K->33064K(63360K), 0.0051390 secs] [Times: user=0.02 sys=0.01, real=0.01 secs] 
2014-07-10T10:46:39.302+0200: 1.881: [GC (Allocation Failure) 1.881: [ParNew: 19590K->2148K(19648K), 0.0091968 secs] 50504K->37130K(63360K), 0.0095180 secs] [Times: user=0.00 sys=0.00, real=0.01 secs] 
2014-07-10T10:46:39.312+0200: 1.892: [GC (CMS Initial Mark) [1 CMS-initial-mark: 34982K(43712K)] 37196K(63360K), 0.0004440 secs] [Times: user=0.00 sys=0.00, real=0.00 secs] 
2014-07-10T10:46:39.314+0200: 1.894: [CMS-concurrent-mark-start]
2014-07-10T10:46:39.315+0200: 1.895: [CMS-concurrent-mark: 0.001/0.001 secs] [Times: user=0.02 sys=0.00, real=0.00 secs] 
2014-07-10T10:46:39.315+0200: 1.895: [CMS-concurrent-preclean-start]
2014-07-10T10:46:39.316+0200: 1.895: [CMS-concurrent-preclean: 0.000/0.000 secs] [Times: user=0.00 sys=0.00, real=0.00 secs] 
2014-07-10T10:46:39.316+0200: 1.895: [GC (CMS Final Remark) [YG occupancy: 4135 K (19648 K)]1.895: [Rescan (parallel) , 0.0002013 secs]1.896: [weak refs processing, 0.0000499 secs]1.896: [class unloading, 0.0004751 secs]1.896: [scrub symbol table, 0.0007882 secs]1.897: [scrub string table, 0.0002599 secs][1 CMS-remark: 34982K(43712K)] 39117K(63360K), 0.0020505 secs] [Times: user=0.00 sys=0.00, real=0.00 secs] 
2014-07-10T10:46:39.318+0200: 1.898: [CMS-concurrent-sweep-start]
2014-07-10T10:46:39.319+0200: 1.898: [CMS-concurrent-sweep: 0.001/0.001 secs] [Times: user=0.00 sys=0.00, real=0.00 secs] 
2014-07-10T10:46:39.319+0200: 1.898: [CMS-concurrent-reset-start]
2014-07-10T10:46:39.319+0200: 1.898: [CMS-concurrent-reset: 0.000/0.000 secs] [Times: user=0.00 sys=0.00, real=0.00 secs] 
2014-07-10T10:46:39.352+0200: 1.931: [GC (Allocation Failure) 1.931: [ParNew: 19614K->2148K(19648K), 0.0054792 secs] 23995K->11653K(63360K), 0.0056930 secs] [Times: user=0.00 sys=0.00, real=0.01 secs] 
2014-07-10T10:46:39.457+0200: 2.036: [GC (Allocation Failure) 2.036: [ParNew: 19616K->134K(19648K), 0.0012344 secs] 29122K->9641K(63360K), 0.0016223 secs] [Times: user=0.00 sys=0.00, real=0.00 secs] 
2014-07-10T10:46:39.547+0200: 2.126: [GC (Allocation Failure) 2.126: [ParNew: 17600K->1191K(19648K), 0.0016791 secs] 27108K->10699K(63360K), 0.0019798 secs] [Times: user=0.00 sys=0.03, real=0.00 secs] 
2014-07-10T10:46:39.596+0200: 2.176: [GC (Allocation Failure) 2.176: [ParNew: 18642K->548K(19648K), 0.0012029 secs] 28149K->10061K(63360K), 0.0013649 secs] [Times: user=0.00 sys=0.00, real=0.00 secs] 
2014-07-10T10:46:39.649+0200: 2.229: [GC (Allocation Failure) 2.229: [ParNew: 18014K->1606K(19648K), 0.0013880 secs] 27527K->11119K(63360K), 0.0015479 secs] [Times: user=0.00 sys=0.00, real=0.00 secs] 
2014-07-10T10:46:39.748+0200: 2.327: [GC (Allocation Failure) 2.327: [ParNew: 19075K->2150K(19648K), 0.0030958 secs] 28588K->12181K(63360K), 0.0034276 secs] [Times: user=0.00 sys=0.00, real=0.00 secs] 
2014-07-10T10:46:39.798+0200: 2.378: [GC (Allocation Failure) 2.378: [ParNew: 19616K->2150K(19648K), 0.0044318 secs] 29647K->13751K(63360K), 0.0048006 secs] [Times: user=0.03 sys=0.00, real=0.00 secs] 
2014-07-10T10:46:39.856+0200: 2.435: [GC (Allocation Failure) 2.435: [ParNew: 19595K->2148K(19648K), 0.0040479 secs] 31197K->14809K(63360K), 0.0044541 secs] [Times: user=0.00 sys=0.00, real=0.00 secs] 
2014-07-10T10:46:39.951+0200: 2.530: [GC (Allocation Failure) 2.530: [ParNew: 19617K->2148K(19648K), 0.0054624 secs] 32277K->16924K(63360K), 0.0058279 secs] [Times: user=0.03 sys=0.00, real=0.01 secs] 
2014-07-10T10:46:39.998+0200: 2.577: [GC (Allocation Failure) 2.578: [ParNew: 19614K->2150K(19648K), 0.0039966 secs] 34391K->20098K(63360K), 0.0042595 secs] [Times: user=0.03 sys=0.00, real=0.00 secs] 
2014-07-10T10:46:40.054+0200: 2.633: [GC (Allocation Failure) 2.633: [ParNew: 19618K->2148K(19648K), 0.0057252 secs] 37566K->24324K(63360K), 0.0059716 secs] [Times: user=0.00 sys=0.00, real=0.01 secs] 
2014-07-10T10:46:40.149+0200: 2.728: [GC (Allocation Failure) 2.729: [ParNew: 19591K->2148K(19648K), 0.0042650 secs] 41768K->28040K(63360K), 0.0044560 secs] [Times: user=0.00 sys=0.00, real=0.00 secs] 
2014-07-10T10:46:40.200+0200: 2.779: [GC (Allocation Failure) 2.779: [ParNew: 19617K->2150K(19648K), 0.0058909 secs] 45509K->32815K(63360K), 0.0060944 secs] [Times: user=0.02 sys=0.00, real=0.01 secs] 
2014-07-10T10:46:40.256+0200: 2.835: [GC (Allocation Failure) 2.836: [ParNew: 19616K->2148K(19648K), 0.0063822 secs] 50282K->38642K(63360K), 0.0065619 secs] [Times: user=0.00 sys=0.00, real=0.01 secs] 
2014-07-10T10:46:40.263+0200: 2.843: [GC (CMS Initial Mark) [1 CMS-initial-mark: 36494K(43712K)] 38869K(63360K), 0.0002060 secs] [Times: user=0.00 sys=0.00, real=0.00 secs] 
2014-07-10T10:46:40.265+0200: 2.844: [CMS-concurrent-mark-start]
2014-07-10T10:46:40.265+0200: 2.845: [CMS-concurrent-mark: 0.001/0.001 secs] [Times: user=0.00 sys=0.00, real=0.00 secs] 
2014-07-10T10:46:40.265+0200: 2.845: [CMS-concurrent-preclean-start]
2014-07-10T10:46:40.265+0200: 2.845: [CMS-concurrent-preclean: 0.000/0.000 secs] [Times: user=0.00 sys=0.00, real=0.00 secs] 
2014-07-10T10:46:40.266+0200: 2.846: [GC (CMS Final Remark) [YG occupancy: 2374 K (19648 K)]2.846: [Rescan (parallel) , 0.0002834 secs]2.846: [weak refs processing, 0.0001001 secs]2.846: [class unloading, 0.0003498 secs]2.847: [scrub symbol table, 0.0005782 secs]2.847: [scrub string table, 0.0001686 secs][1 CMS-remark: 36494K(43712K)] 38869K(63360K), 0.0016531 secs] [Times: user=0.00 sys=0.00, real=0.00 secs] 
2014-07-10T10:46:40.268+0200: 2.848: [CMS-concurrent-sweep-start]
2014-07-10T10:46:40.269+0200: 2.848: [CMS-concurrent-sweep: 0.000/0.000 secs] [Times: user=0.00 sys=0.00, real=0.00 secs] 
2014-07-10T10:46:40.269+0200: 2.848: [CMS-concurrent-reset-start]
2014-07-10T10:46:40.269+0200: 2.848: [CMS-concurrent-reset: 0.000/0.000 secs] [Times: user=0.00 sys=0.00, real=0.00 secs] 
2014-07-10T10:46:40.350+0200: 2.930: [GC (Allocation Failure) 2.930: [ParNew: 19598K->2148K(19648K), 0.0055815 secs] 19916K->8295K(63360K), 0.0057934 secs] [Times: user=0.00 sys=0.00, real=0.01 secs] 
2014-07-10T10:46:40.446+0200: 3.025: [GC (Allocation Failure) 3.025: [ParNew: 19604K->805K(19648K), 0.0006673 secs] 25752K->6955K(63360K), 0.0007765 secs] [Times: user=0.00 sys=0.00, real=0.00 secs] 
2014-07-10T10:46:40.496+0200: 3.076: [GC (Allocation Failure) 3.076: [ParNew: 18259K->1831K(19648K), 0.0017682 secs] 24410K->7982K(63360K), 0.0019171 secs] [Times: user=0.00 sys=0.00, real=0.00 secs] 
2014-07-10T10:46:40.552+0200: 3.132: [GC (Allocation Failure) 3.132: [ParNew: 19284K->1572K(19648K), 0.0013503 secs] 25434K->7728K(63360K), 0.0015039 secs] [Times: user=0.00 sys=0.00, real=0.00 secs] 
2014-07-10T10:46:40.652+0200: 3.231: [GC (Allocation Failure) 3.231: [ParNew: 19036K->1573K(19648K), 0.0010035 secs] 25191K->7733K(63360K), 0.0011464 secs] [Times: user=0.00 sys=0.00, real=0.00 secs] 
2014-07-10T10:46:40.696+0200: 3.276: [GC (Allocation Failure) 3.276: [ParNew: 19028K->2148K(19648K), 0.0026243 secs] 25187K->8758K(63360K), 0.0028157 secs] [Times: user=0.00 sys=0.00, real=0.00 secs] 
2014-07-10T10:46:40.751+0200: 3.330: [GC (Allocation Failure) 3.331: [ParNew: 19602K->2148K(19648K), 0.0025994 secs] 26212K->10233K(63360K), 0.0027812 secs] [Times: user=0.00 sys=0.00, real=0.00 secs] 
2014-07-10T10:46:40.847+0200: 3.426: [GC (Allocation Failure) 3.426: [ParNew: 19612K->2150K(19648K), 0.0026093 secs] 27697K->11709K(63360K), 0.0027827 secs] [Times: user=0.00 sys=0.00, real=0.00 secs] 
2014-07-10T10:46:40.897+0200: 3.476: [GC (Allocation Failure) 3.477: [ParNew: 19604K->2148K(19648K), 0.0036322 secs] 29164K->14207K(63360K), 0.0038199 secs] [Times: user=0.00 sys=0.00, real=0.00 secs] 
2014-07-10T10:46:40.953+0200: 3.532: [GC (Allocation Failure) 3.532: [ParNew: 19602K->2148K(19648K), 0.0063093 secs] 31662K->17731K(63360K), 0.0065094 secs] [Times: user=0.00 sys=0.00, real=0.01 secs] 
2014-07-10T10:46:41.052+0200: 3.631: [GC (Allocation Failure) 3.631: [ParNew: 19602K->2150K(19648K), 0.0048692 secs] 35186K->22282K(63360K), 0.0051119 secs] [Times: user=0.00 sys=0.00, real=0.00 secs] 
2014-07-10T10:46:41.099+0200: 3.678: [GC (Allocation Failure) 3.679: [ParNew: 19591K->2150K(19648K), 0.0044310 secs] 39723K->26286K(63360K), 0.0046312 secs] [Times: user=0.00 sys=0.00, real=0.01 secs] 
2014-07-10T10:46:41.158+0200: 3.737: [GC (Allocation Failure) 3.738: [ParNew: 19600K->2148K(19648K), 0.0091660 secs] 43736K->31313K(63360K), 0.0096529 secs] [Times: user=0.00 sys=0.00, real=0.01 secs] 
2014-07-10T10:46:41.250+0200: 3.830: [GC (Allocation Failure) 3.830: [ParNew: 19604K->6K(19648K), 0.0006629 secs] 48770K->29173K(63360K), 0.0008069 secs] [Times: user=0.00 sys=0.00, real=0.00 secs] 
2014-07-10T10:46:41.303+0200: 3.882: [GC (Allocation Failure) 3.883: [ParNew: 17474K->13K(19648K), 0.0012949 secs] 46641K->29181K(63360K), 0.0018207 secs] [Times: user=0.00 sys=0.00, real=0.00 secs] 
2014-07-10T10:46:41.396+0200: 3.976: [GC (Allocation Failure) 3.976: [ParNew: 17471K->521K(19648K), 0.0019798 secs] 46639K->29689K(63360K), 0.0022914 secs] [Times: user=0.00 sys=0.00, real=0.00 secs] 
2014-07-10T10:46:41.454+0200: 4.033: [GC (Allocation Failure) 4.033: [ParNew: 17975K->1547K(19648K), 0.0024901 secs] 47143K->30715K(63360K), 0.0028655 secs] [Times: user=0.00 sys=0.00, real=0.00 secs] 
2014-07-10T10:46:41.547+0200: 4.127: [GC (Allocation Failure) 4.127: [ParNew: 19002K->2150K(19648K), 0.0032432 secs] 48170K->31744K(63360K), 0.0036003 secs] [Times: user=0.00 sys=0.00, real=0.00 secs] 
2014-07-10T10:46:41.596+0200: 4.176: [GC (Allocation Failure) 4.176: [ParNew: 19621K->1797K(19648K), 0.0015457 secs] 49216K->31394K(63360K), 0.0018020 secs] [Times: user=0.00 sys=0.00, real=0.00 secs] 
2014-07-10T10:46:41.653+0200: 4.233: [GC (Allocation Failure) 4.233: [ParNew: 19254K->2148K(19648K), 0.0025425 secs] 48851K->32420K(63360K), 0.0027611 secs] [Times: user=0.03 sys=0.00, real=0.00 secs] 
2014-07-10T10:46:41.747+0200: 4.326: [GC (Allocation Failure) 4.327: [ParNew: 19603K->2148K(19648K), 0.0049703 secs] 49875K->34119K(63360K), 0.0051757 secs] [Times: user=0.00 sys=0.00, real=0.01 secs] 
2014-07-10T10:46:41.798+0200: 4.377: [GC (Allocation Failure) 4.377: [ParNew: 19602K->2148K(19648K), 0.0045707 secs] 51574K->36843K(63360K), 0.0048200 secs] [Times: user=0.00 sys=0.00, real=0.00 secs] 
2014-07-10T10:46:41.858+0200: 4.438: [GC (Allocation Failure) 4.438: [ParNew: 19612K->2150K(19648K), 0.0102956 secs] 54307K->39568K(63360K), 0.0106406 secs] [Times: user=0.00 sys=0.00, real=0.01 secs] 
2014-07-10T10:46:41.871+0200: 4.451: [GC (CMS Initial Mark) [1 CMS-initial-mark: 37418K(43712K)] 42904K(63360K), 0.0002834 secs] [Times: user=0.00 sys=0.00, real=0.00 secs] 
2014-07-10T10:46:41.872+0200: 4.451: [CMS-concurrent-mark-start]
2014-07-10T10:46:41.872+0200: 4.452: [CMS-concurrent-mark: 0.001/0.001 secs] [Times: user=0.00 sys=0.00, real=0.00 secs] 
2014-07-10T10:46:41.872+0200: 4.452: [CMS-concurrent-preclean-start]
2014-07-10T10:46:41.873+0200: 4.452: [CMS-concurrent-preclean: 0.000/0.000 secs] [Times: user=0.03 sys=0.00, real=0.00 secs] 
2014-07-10T10:46:41.873+0200: 4.452: [CMS-concurrent-abortable-preclean-start]
2014-07-10T10:46:41.947+0200: 4.527: [GC (Allocation Failure) 4.527: [ParNew: 19604K->2148K(19648K), 0.0059511 secs] 57023K->43315K(63360K), 0.0063302 secs] [Times: user=0.02 sys=0.00, real=0.01 secs] 
2014-07-10T10:46:42.002+0200: 4.582: [GC (Allocation Failure) 4.582: [ParNew: 19602K->19602K(19648K), 0.0000598 secs]4.582: [CMS2014-07-10T10:46:42.002+0200: 4.582: [CMS-concurrent-abortable-preclean: 0.001/0.130 secs] [Times: user=0.03 sys=0.00, real=0.13 secs] 
 (concurrent mode failure): 41166K->7241K(43712K), 0.0076005 secs] 60769K->7241K(63360K), [Metaspace: 2450K->2450K(1056768K)], 0.0078579 secs] [Times: user=0.00 sys=0.00, real=0.01 secs] 
2014-07-10T10:46:42.056+0200: 4.635: [GC (Allocation Failure) 4.635: [ParNew: 17453K->2149K(19648K), 0.0044857 secs] 24694K->13108K(63360K), 0.0047137 secs] [Times: user=0.03 sys=0.00, real=0.00 secs] 
2014-07-10T10:46:42.148+0200: 4.728: [GC (Allocation Failure) 4.728: [ParNew: 19603K->2148K(19648K), 0.0085086 secs] 30562K->17849K(63360K), 0.0087444 secs] [Times: user=0.01 sys=0.00, real=0.01 secs] 
2014-07-10T10:46:42.200+0200: 4.779: [GC (Allocation Failure) 4.780: [ParNew: 19602K->2148K(19648K), 0.0074473 secs] 35303K->23614K(63360K), 0.0076504 secs] [Times: user=0.02 sys=0.00, real=0.01 secs] 
2014-07-10T10:46:42.299+0200: 4.878: [GC (Allocation Failure) 4.878: [ParNew: 19604K->740K(19648K), 0.0140726 secs] 41070K->22208K(63360K), 0.0154621 secs] [Times: user=0.00 sys=0.00, real=0.01 secs] 
2014-07-10T10:46:42.350+0200: 4.930: [GC (Allocation Failure) 4.930: [ParNew: 18204K->742K(19648K), 0.0026291 secs] 39672K->22210K(63360K), 0.0028446 secs] [Times: user=0.00 sys=0.00, real=0.00 secs] 
2014-07-10T10:46:42.447+0200: 5.027: [GC (Allocation Failure) 5.027: [ParNew: 18196K->1769K(19648K), 0.0026782 secs] 39664K->23237K(63360K), 0.0030162 secs] [Times: user=0.03 sys=0.00, real=0.00 secs] 
2014-07-10T10:46:42.499+0200: 5.078: [GC (Allocation Failure) 5.078: [ParNew: 19224K->2150K(19648K), 0.0031724 secs] 40692K->24266K(63360K), 0.0035031 secs] [Times: user=0.00 sys=0.00, real=0.00 secs] 
2014-07-10T10:46:42.551+0200: 5.130: [GC (Allocation Failure) 5.131: [ParNew: 19620K->2148K(19648K), 0.0029231 secs] 41736K->25963K(63360K), 0.0031229 secs] [Times: user=0.00 sys=0.00, real=0.00 secs] 
2014-07-10T10:46:42.648+0200: 5.228: [GC (Allocation Failure) 5.228: [ParNew: 19601K->2151K(19648K), 0.0021719 secs] 43416K->27024K(63360K), 0.0023871 secs] [Times: user=0.00 sys=0.00, real=0.00 secs] 
2014-07-10T10:46:42.697+0200: 5.276: [GC (Allocation Failure) 5.277: [ParNew: 19619K->2150K(19648K), 0.0031105 secs] 44493K->29140K(63360K), 0.0033092 secs] [Times: user=0.01 sys=0.02, real=0.00 secs] 
2014-07-10T10:46:42.756+0200: 5.335: [GC (Allocation Failure) 5.336: [ParNew: 19616K->2148K(19648K), 0.0073699 secs] 46607K->32310K(63360K), 0.0078495 secs] [Times: user=0.03 sys=0.00, real=0.01 secs] 
2014-07-10T10:46:42.849+0200: 5.429: [GC (Allocation Failure) 5.429: [ParNew: 19593K->2151K(19648K), 0.0058418 secs] 49756K->34972K(63360K), 0.0062510 secs] [Times: user=0.00 sys=0.00, real=0.01 secs] 
2014-07-10T10:46:42.897+0200: 5.477: [GC (Allocation Failure) 5.477: [ParNew: 19617K->2150K(19648K), 0.0047089 secs] 52439K->38688K(63360K), 0.0049073 secs] [Times: user=0.00 sys=0.00, real=0.00 secs] 
2014-07-10T10:46:42.903+0200: 5.482: [GC (CMS Initial Mark) [1 CMS-initial-mark: 36538K(43712K)] 38720K(63360K), 0.0002350 secs] [Times: user=0.00 sys=0.00, real=0.00 secs] 
2014-07-10T10:46:42.903+0200: 5.483: [CMS-concurrent-mark-start]
2014-07-10T10:46:42.904+0200: 5.484: [CMS-concurrent-mark: 0.001/0.001 secs] [Times: user=0.00 sys=0.00, real=0.00 secs] 
2014-07-10T10:46:42.904+0200: 5.484: [CMS-concurrent-preclean-start]
2014-07-10T10:46:42.904+0200: 5.484: [CMS-concurrent-preclean: 0.000/0.000 secs] [Times: user=0.00 sys=0.00, real=0.00 secs] 
2014-07-10T10:46:42.904+0200: 5.484: [CMS-concurrent-abortable-preclean-start]
2014-07-10T10:46:42.958+0200: 5.538: [GC (Allocation Failure) 5.538: [ParNew: 19618K->2148K(19648K), 0.0090905 secs] 56157K->43459K(63360K), 0.0095286 secs] [Times: user=0.03 sys=0.00, real=0.01 secs] 
2014-07-10T10:46:42.970+0200: 5.550: [CMS-concurrent-abortable-preclean: 0.002/0.066 secs] [Times: user=0.05 sys=0.00, real=0.07 secs] 
2014-07-10T10:46:42.970+0200: 5.550: [GC (CMS Final Remark) [YG occupancy: 3430 K (19648 K)]5.550: [Rescan (parallel) , 0.0004227 secs]5.551: [weak refs processing, 0.0000840 secs]5.551: [class unloading, 0.0009653 secs]5.552: [scrub symbol table, 0.0013375 secs]5.553: [scrub string table, 0.0002625 secs][1 CMS-remark: 41311K(43712K)] 44741K(63360K), 0.0035269 secs] [Times: user=0.00 sys=0.00, real=0.00 secs] 
2014-07-10T10:46:42.974+0200: 5.554: [CMS-concurrent-sweep-start]
2014-07-10T10:46:42.974+0200: 5.554: [CMS-concurrent-sweep: 0.000/0.000 secs] [Times: user=0.00 sys=0.00, real=0.00 secs] 
2014-07-10T10:46:42.975+0200: 5.554: [CMS-concurrent-reset-start]
2014-07-10T10:46:42.975+0200: 5.554: [CMS-concurrent-reset: 0.000/0.000 secs] [Times: user=0.00 sys=0.00, real=0.00 secs] 
2014-07-10T10:46:43.049+0200: 5.629: [GC (Allocation Failure) 5.629: [ParNew: 19614K->2150K(19648K), 0.0069105 secs] 28433K->16797K(63360K), 0.0071532 secs] [Times: user=0.00 sys=0.00, real=0.01 secs] 
2014-07-10T10:46:43.098+0200: 5.678: [GC (Allocation Failure) 5.678: [ParNew: 19595K->2148K(19648K), 0.0148795 secs] 34243K->22113K(63360K), 0.0152549 secs] [Times: user=0.01 sys=0.00, real=0.01 secs] 
2014-07-10T10:46:43.196+0200: 5.776: [GC (Allocation Failure) 5.776: [ParNew: 19617K->325K(19648K), 0.0005367 secs] 39581K->20292K(63360K), 0.0006244 secs] [Times: user=0.00 sys=0.00, real=0.00 secs] 
2014-07-10T10:46:43.250+0200: 5.830: [GC (Allocation Failure) 5.830: [ParNew: 17791K->1382K(19648K), 0.0018936 secs] 37759K->21350K(63360K), 0.0021492 secs] [Times: user=0.00 sys=0.00, real=0.00 secs] 
2014-07-10T10:46:43.346+0200: 5.926: [GC (Allocation Failure) 5.926: [ParNew: 18822K->1381K(19648K), 0.0009576 secs] 38790K->21354K(63360K), 0.0010665 secs] [Times: user=0.00 sys=0.00, real=0.00 secs] 
2014-07-10T10:46:43.397+0200: 5.977: [GC (Allocation Failure) 5.977: [ParNew: 18850K->2150K(19648K), 0.0013609 secs] 38823K->22413K(63360K), 0.0015035 secs] [Times: user=0.00 sys=0.00, real=0.00 secs] 
2014-07-10T10:46:43.451+0200: 6.030: [GC (Allocation Failure) 6.031: [ParNew: 19616K->2148K(19648K), 0.0024274 secs] 39880K->23758K(63360K), 0.0026151 secs] [Times: user=0.00 sys=0.00, real=0.00 secs] 
2014-07-10T10:46:43.550+0200: 6.128: [GC (Allocation Failure) 6.128: [ParNew: 19616K->2150K(19648K), 0.0057113 secs] 41227K->26163K(63360K), 0.0061509 secs] [Times: user=0.00 sys=0.00, real=0.01 secs] 
2014-07-10T10:46:43.598+0200: 6.177: [GC (Allocation Failure) 6.177: [ParNew: 19604K->2150K(19648K), 0.0039493 secs] 43618K->27415K(63360K), 0.0042943 secs] [Times: user=0.00 sys=0.00, real=0.00 secs] 
2014-07-10T10:46:43.656+0200: 6.235: [GC (Allocation Failure) 6.235: [ParNew: 19619K->2148K(19648K), 0.0059694 secs] 44883K->29722K(63360K), 0.0063679 secs] [Times: user=0.00 sys=0.00, real=0.01 secs] 
2014-07-10T10:46:43.747+0200: 6.326: [GC (Allocation Failure) 6.326: [ParNew: 19614K->2150K(19648K), 0.0045172 secs] 47188K->33087K(63360K), 0.0047086 secs] [Times: user=0.00 sys=0.00, real=0.01 secs] 
2014-07-10T10:46:43.800+0200: 6.379: [GC (Allocation Failure) 6.379: [ParNew: 19618K->2148K(19648K), 0.0096360 secs] 50556K->37506K(63360K), 0.0101009 secs] [Times: user=0.03 sys=0.00, real=0.01 secs] 
2014-07-10T10:46:43.811+0200: 6.390: [GC (CMS Initial Mark) [1 CMS-initial-mark: 35358K(43712K)] 37538K(63360K), 0.0003886 secs] [Times: user=0.00 sys=0.00, real=0.00 secs] 
2014-07-10T10:46:43.811+0200: 6.390: [CMS-concurrent-mark-start]
2014-07-10T10:46:43.814+0200: 6.392: [CMS-concurrent-mark: 0.002/0.002 secs] [Times: user=0.00 sys=0.00, real=0.00 secs] 
2014-07-10T10:46:43.814+0200: 6.393: [CMS-concurrent-preclean-start]
2014-07-10T10:46:43.814+0200: 6.393: [CMS-concurrent-preclean: 0.000/0.000 secs] [Times: user=0.00 sys=0.00, real=0.00 secs] 
2014-07-10T10:46:43.814+0200: 6.393: [CMS-concurrent-abortable-preclean-start]
2014-07-10T10:46:43.858+0200: 6.436: [GC (Allocation Failure) 6.437: [ParNew: 19588K->2150K(19648K), 0.0080460 secs] 54946K->41928K(63360K), 0.0084797 secs] [Times: user=0.00 sys=0.00, real=0.01 secs] 
2014-07-10T10:46:43.956+0200: 6.534: [GC (Allocation Failure) 6.535: [ParNew: 19616K->19616K(19648K), 0.0001298 secs]6.535: [CMS2014-07-10T10:46:43.956+0200: 6.535: [CMS-concurrent-abortable-preclean: 0.002/0.142 secs] [Times: user=0.03 sys=0.00, real=0.14 secs] 
 (concurrent mode failure): 39778K->7955K(43712K), 0.0126427 secs] 59395K->7955K(63360K), [Metaspace: 2454K->2454K(1056768K)], 0.0131344 secs] [Times: user=0.01 sys=0.00, real=0.01 secs] 
2014-07-10T10:46:44.046+0200: 6.625: [GC (Allocation Failure) 6.625: [ParNew: 17468K->485K(19648K), 0.0007208 secs] 25423K->8440K(63360K), 0.0008381 secs] [Times: user=0.00 sys=0.00, real=0.00 secs] 
2014-07-10T10:46:44.055+0200: 6.633: [GC (Allocation Failure) 6.634: [ParNew: 17929K->2151K(19648K), 0.0063635 secs] 25884K->16129K(63360K), 0.0065916 secs] [Times: user=0.03 sys=0.00, real=0.01 secs] 
2014-07-10T10:46:44.152+0200: 6.731: [GC (Allocation Failure) 6.731: [ParNew: 19620K->1030K(19648K), 0.0025990 secs] 33598K->15014K(63360K), 0.0029246 secs] [Times: user=0.00 sys=0.00, real=0.00 secs] 
2014-07-10T10:46:44.247+0200: 6.825: [GC (Allocation Failure) 6.825: [ParNew: 18499K->2088K(19648K), 0.0013624 secs] 32482K->16071K(63360K), 0.0015442 secs] [Times: user=0.00 sys=0.00, real=0.00 secs] 
2014-07-10T10:46:44.297+0200: 6.876: [GC (Allocation Failure) 6.876: [ParNew: 19554K->2150K(19648K), 0.0074429 secs] 33538K->17131K(63360K), 0.0077589 secs] [Times: user=0.00 sys=0.00, real=0.01 secs] 
2014-07-10T10:46:44.351+0200: 6.930: [GC (Allocation Failure) 6.930: [ParNew: 19595K->2150K(19648K), 0.0019068 secs] 34577K->17613K(63360K), 0.0021209 secs] [Times: user=0.00 sys=0.00, real=0.00 secs] 
2014-07-10T10:46:44.450+0200: 7.029: [GC (Allocation Failure) 7.029: [ParNew: 19616K->2148K(19648K), 0.0044776 secs] 35080K->19151K(63360K), 0.0048941 secs] [Times: user=0.00 sys=0.00, real=0.00 secs] 
2014-07-10T10:46:44.498+0200: 7.076: [GC (Allocation Failure) 7.076: [ParNew: 19616K->2150K(19648K), 0.0038151 secs] 36620K->21749K(63360K), 0.0040343 secs] [Times: user=0.00 sys=0.00, real=0.00 secs] 
2014-07-10T10:46:44.557+0200: 7.136: [GC (Allocation Failure) 7.136: [ParNew: 19616K->2148K(19648K), 0.0074762 secs] 39215K->25399K(63360K), 0.0078520 secs] [Times: user=0.00 sys=0.00, real=0.01 secs] 
2014-07-10T10:46:44.647+0200: 7.226: [GC (Allocation Failure) 7.226: [ParNew: 19601K->2151K(19648K), 0.0115623 secs] 42852K->28413K(63360K), 0.0118017 secs] [Times: user=0.03 sys=0.00, real=0.01 secs] 
2014-07-10T10:46:44.697+0200: 7.276: [GC (Allocation Failure) 7.278: [ParNew: 19619K->2148K(19648K), 0.0074341 secs] 45882K->32480K(63360K), 0.0097471 secs] [Times: user=0.00 sys=0.02, real=0.01 secs] 
2014-07-10T10:46:44.753+0200: 7.332: [GC (Allocation Failure) 7.332: [ParNew: 19614K->2148K(19648K), 0.0057865 secs] 49947K->37605K(63360K), 0.0059844 secs] [Times: user=0.00 sys=0.00, real=0.01 secs] 
2014-07-10T10:46:44.759+0200: 7.338: [GC (CMS Initial Mark) [1 CMS-initial-mark: 35457K(43712K)] 37637K(63360K), 0.0001936 secs] [Times: user=0.00 sys=0.00, real=0.00 secs] 
2014-07-10T10:46:44.759+0200: 7.338: [CMS-concurrent-mark-start]
2014-07-10T10:46:44.760+0200: 7.339: [CMS-concurrent-mark: 0.001/0.001 secs] [Times: user=0.03 sys=0.00, real=0.00 secs] 
2014-07-10T10:46:44.760+0200: 7.339: [CMS-concurrent-preclean-start]
2014-07-10T10:46:44.760+0200: 7.339: [CMS-concurrent-preclean: 0.000/0.000 secs] [Times: user=0.00 sys=0.00, real=0.00 secs] 
2014-07-10T10:46:44.760+0200: 7.339: [GC (CMS Final Remark) [YG occupancy: 3078 K (19648 K)]7.339: [Rescan (parallel) , 0.0001181 secs]7.339: [weak refs processing, 0.0000348 secs]7.339: [class unloading, 0.0004550 secs]7.340: [scrub symbol table, 0.0017169 secs]7.346: [scrub string table, 0.0002167 secs][1 CMS-remark: 35457K(43712K)] 38535K(63360K), 0.0071576 secs] [Times: user=0.00 sys=0.00, real=0.01 secs] 
2014-07-10T10:46:44.769+0200: 7.347: [CMS-concurrent-sweep-start]
2014-07-10T10:46:44.769+0200: 7.348: [CMS-concurrent-sweep: 0.000/0.000 secs] [Times: user=0.00 sys=0.00, real=0.00 secs] 
2014-07-10T10:46:44.769+0200: 7.348: [CMS-concurrent-reset-start]
2014-07-10T10:46:44.769+0200: 7.348: [CMS-concurrent-reset: 0.000/0.000 secs] [Times: user=0.00 sys=0.00, real=0.00 secs] 
2014-07-10T10:46:44.850+0200: 7.429: [GC (Allocation Failure) 7.429: [ParNew: 19588K->2150K(19648K), 0.0091719 secs] 25052K->12738K(63360K), 0.0095928 secs] [Times: user=0.03 sys=0.00, real=0.01 secs] 
2014-07-10T10:46:44.946+0200: 7.525: [GC (Allocation Failure) 7.525: [ParNew: 19618K->134K(19648K), 0.0006079 secs] 30207K->10725K(63360K), 0.0007516 secs] [Times: user=0.03 sys=0.00, real=0.00 secs] 
2014-07-10T10:46:44.997+0200: 7.575: [GC (Allocation Failure) 7.576: [ParNew: 17600K->1191K(19648K), 0.0018386 secs] 28191K->11782K(63360K), 0.0021085 secs] [Times: user=0.00 sys=0.00, real=0.00 secs] 
2014-07-10T10:46:45.055+0200: 7.634: [GC (Allocation Failure) 7.634: [ParNew: 18637K->675K(19648K), 0.0026023 secs] 29228K->11272K(63360K), 0.0029077 secs] [Times: user=0.02 sys=0.00, real=0.00 secs] 
2014-07-10T10:46:45.147+0200: 7.725: [GC (Allocation Failure) 7.725: [ParNew: 18116K->1191K(19648K), 0.0016960 secs] 28712K->11787K(63360K), 0.0019633 secs] [Times: user=0.00 sys=0.00, real=0.00 secs] 
2014-07-10T10:46:45.205+0200: 7.784: [GC (Allocation Failure) 7.784: [ParNew: 18659K->2150K(19648K), 0.0024289 secs] 29256K->12848K(63360K), 0.0027317 secs] [Times: user=0.00 sys=0.00, real=0.00 secs] 
2014-07-10T10:46:45.251+0200: 7.830: [GC (Allocation Failure) 7.830: [ParNew: 19616K->2148K(19648K), 0.0023288 secs] 30315K->14001K(63360K), 0.0025297 secs] [Times: user=0.00 sys=0.00, real=0.00 secs] 
2014-07-10T10:46:45.347+0200: 7.925: [GC (Allocation Failure) 7.926: [ParNew: 19588K->2150K(19648K), 0.0021066 secs] 31441K->15157K(63360K), 0.0023050 secs] [Times: user=0.00 sys=0.00, real=0.00 secs] 
2014-07-10T10:46:45.398+0200: 7.977: [GC (Allocation Failure) 7.977: [ParNew: 19618K->2150K(19648K), 0.0033700 secs] 32626K->17369K(63360K), 0.0035918 secs] [Times: user=0.03 sys=0.00, real=0.00 secs] 
2014-07-10T10:46:45.452+0200: 8.031: [GC (Allocation Failure) 8.031: [ParNew: 19616K->2148K(19648K), 0.0044453 secs] 34836K->20635K(63360K), 0.0046701 secs] [Times: user=0.00 sys=0.00, real=0.01 secs] 
2014-07-10T10:46:45.550+0200: 8.129: [GC (Allocation Failure) 8.129: [ParNew: 19616K->2150K(19648K), 0.0079488 secs] 38103K->24961K(63360K), 0.0083759 secs] [Times: user=0.03 sys=0.00, real=0.01 secs] 
2014-07-10T10:46:45.600+0200: 8.179: [GC (Allocation Failure) 8.180: [ParNew: 19598K->2149K(19648K), 0.0085515 secs] 42410K->28644K(63360K), 0.0097911 secs] [Times: user=0.02 sys=0.00, real=0.01 secs] 
2014-07-10T10:46:45.657+0200: 8.236: [GC (Allocation Failure) 8.236: [ParNew: 19617K->2148K(19648K), 0.0111194 secs] 46113K->33385K(63360K), 0.0115788 secs] [Times: user=0.03 sys=0.00, real=0.01 secs] 
2014-07-10T10:46:45.749+0200: 8.328: [GC (Allocation Failure) 8.328: [ParNew: 19614K->2150K(19648K), 0.0058271 secs] 50852K->39184K(63360K), 0.0060618 secs] [Times: user=0.00 sys=0.00, real=0.01 secs] 
2014-07-10T10:46:45.756+0200: 8.334: [GC (CMS Initial Mark) [1 CMS-initial-mark: 37034K(43712K)] 39250K(63360K), 0.0002423 secs] [Times: user=0.00 sys=0.00, real=0.00 secs] 
2014-07-10T10:46:45.756+0200: 8.335: [CMS-concurrent-mark-start]
2014-07-10T10:46:45.757+0200: 8.336: [CMS-concurrent-mark: 0.001/0.001 secs] [Times: user=0.00 sys=0.00, real=0.00 secs] 
2014-07-10T10:46:45.757+0200: 8.336: [CMS-concurrent-preclean-start]
2014-07-10T10:46:45.757+0200: 8.336: [CMS-concurrent-preclean: 0.000/0.000 secs] [Times: user=0.00 sys=0.00, real=0.00 secs] 
2014-07-10T10:46:45.757+0200: 8.336: [CMS-concurrent-abortable-preclean-start]
2014-07-10T10:46:45.804+0200: 8.382: [GC (Allocation Failure) 8.383: [ParNew: 19621K->19621K(19648K), 0.0001199 secs]8.383: [CMS2014-07-10T10:46:45.804+0200: 8.383: [CMS-concurrent-abortable-preclean: 0.000/0.047 secs] [Times: user=0.02 sys=0.00, real=0.05 secs] 
 (concurrent mode failure): 37034K->1145K(43712K), 0.0083140 secs] 56656K->1145K(63360K), [Metaspace: 2457K->2457K(1056768K)], 0.0088232 secs] [Times: user=0.01 sys=0.00, real=0.01 secs] 
2014-07-10T10:46:45.896+0200: 8.475: [GC (Allocation Failure) 8.475: [ParNew: 17442K->293K(19648K), 0.0006673 secs] 18587K->1438K(63360K), 0.0008033 secs] [Times: user=0.00 sys=0.00, real=0.00 secs] 
2014-07-10T10:46:45.955+0200: 8.534: [GC (Allocation Failure) 8.534: [ParNew: 17759K->1351K(19648K), 0.0028051 secs] 18904K->2496K(63360K), 0.0031009 secs] [Times: user=0.00 sys=0.00, real=0.00 secs] 
2014-07-10T10:46:46.047+0200: 8.626: [GC (Allocation Failure) 8.626: [ParNew: 18820K->2150K(19648K), 0.0013448 secs] 19965K->3561K(63360K), 0.0015600 secs] [Times: user=0.00 sys=0.00, real=0.00 secs] 
2014-07-10T10:46:46.097+0200: 8.676: [GC (Allocation Failure) 8.676: [ParNew: 19593K->1893K(19648K), 0.0025154 secs] 21004K->3307K(63360K), 0.0028168 secs] [Times: user=0.00 sys=0.00, real=0.00 secs] 
2014-07-10T10:46:46.155+0200: 8.733: [GC (Allocation Failure) 8.734: [ParNew: 19362K->2148K(19648K), 0.0025521 secs] 20775K->4364K(63360K), 0.0027537 secs] [Times: user=0.00 sys=0.00, real=0.00 secs] 
2014-07-10T10:46:46.248+0200: 8.827: [GC (Allocation Failure) 8.827: [ParNew: 19614K->2150K(19648K), 0.0224371 secs] 21831K->6225K(63360K), 0.0227828 secs] [Times: user=0.02 sys=0.00, real=0.02 secs] 
2014-07-10T10:46:46.297+0200: 8.876: [GC (Allocation Failure) 8.876: [ParNew: 19618K->2150K(19648K), 0.0042855 secs] 23694K->9141K(63360K), 0.0044798 secs] [Times: user=0.00 sys=0.00, real=0.01 secs] 
2014-07-10T10:46:46.351+0200: 8.930: [GC (Allocation Failure) 8.930: [ParNew: 19590K->2150K(19648K), 0.0039874 secs] 26581K->12057K(63360K), 0.0042111 secs] [Times: user=0.00 sys=0.00, real=0.00 secs] 
2014-07-10T10:46:46.448+0200: 9.026: [GC (Allocation Failure) 9.027: [ParNew: 19616K->2150K(19648K), 0.0050455 secs] 29523K->16029K(63360K), 0.0052783 secs] [Times: user=0.00 sys=0.00, real=0.01 secs] 
2014-07-10T10:46:46.502+0200: 9.081: [GC (Allocation Failure) 9.081: [ParNew: 19616K->2150K(19648K), 0.0091895 secs] 33496K->21058K(63360K), 0.0095667 secs] [Times: user=0.03 sys=0.00, real=0.01 secs] 
2014-07-10T10:46:46.559+0200: 9.138: [GC (Allocation Failure) 9.139: [ParNew: 19618K->36K(19648K), 0.0012825 secs] 38526K->18946K(63360K), 0.0016003 secs] [Times: user=0.00 sys=0.00, real=0.00 secs] 
2014-07-10T10:46:46.650+0200: 9.229: [GC (Allocation Failure) 9.229: [ParNew: 17493K->2152K(19648K), 0.0090230 secs] 36404K->25993K(63360K), 0.0094465 secs] [Times: user=0.00 sys=0.00, real=0.01 secs] 
2014-07-10T10:46:46.700+0200: 9.279: [GC (Allocation Failure) 9.279: [ParNew: 19619K->2148K(19648K), 0.0075719 secs] 43459K->31982K(63360K), 0.0078165 secs] [Times: user=0.00 sys=0.00, real=0.01 secs] 
2014-07-10T10:46:46.708+0200: 9.287: [GC (CMS Initial Mark) [1 CMS-initial-mark: 29834K(43712K)] 32048K(63360K), 0.0002350 secs] [Times: user=0.00 sys=0.00, real=0.00 secs] 
2014-07-10T10:46:46.708+0200: 9.287: [CMS-concurrent-mark-start]
2014-07-10T10:46:46.710+0200: 9.288: [CMS-concurrent-mark: 0.001/0.001 secs] [Times: user=0.01 sys=0.00, real=0.00 secs] 
2014-07-10T10:46:46.710+0200: 9.289: [CMS-concurrent-preclean-start]
2014-07-10T10:46:46.710+0200: 9.289: [CMS-concurrent-preclean: 0.000/0.000 secs] [Times: user=0.00 sys=0.00, real=0.00 secs] 
2014-07-10T10:46:46.710+0200: 9.289: [GC (CMS Final Remark) [YG occupancy: 2214 K (19648 K)]9.289: [Rescan (parallel) , 0.0002049 secs]9.289: [weak refs processing, 0.0000473 secs]9.289: [class unloading, 0.0005268 secs]9.290: [scrub symbol table, 0.0007388 secs]9.291: [scrub string table, 0.0002453 secs][1 CMS-remark: 29834K(43712K)] 32048K(63360K), 0.0020179 secs] [Times: user=0.00 sys=0.00, real=0.00 secs] 
2014-07-10T10:46:46.712+0200: 9.291: [CMS-concurrent-sweep-start]
2014-07-10T10:46:46.713+0200: 9.292: [CMS-concurrent-sweep: 0.000/0.000 secs] [Times: user=0.00 sys=0.00, real=0.00 secs] 
2014-07-10T10:46:46.713+0200: 9.292: [CMS-concurrent-reset-start]
2014-07-10T10:46:46.713+0200: 9.292: [CMS-concurrent-reset: 0.000/0.000 secs] [Times: user=0.00 sys=0.00, real=0.00 secs] 
2014-07-10T10:46:46.796+0200: 9.375: [GC (Allocation Failure) 9.376: [ParNew: 19616K->997K(19648K), 0.0015992 secs] 25953K->7336K(63360K), 0.0021169 secs] [Times: user=0.00 sys=0.00, real=0.00 secs] 
2014-07-10T10:46:46.853+0200: 9.432: [GC (Allocation Failure) 9.432: [ParNew: 18437K->999K(19648K), 0.0020392 secs] 24776K->7338K(63360K), 0.0023207 secs] [Times: user=0.00 sys=0.00, real=0.00 secs] 
2014-07-10T10:46:46.947+0200: 9.525: [GC (Allocation Failure) 9.525: [ParNew: 18466K->2058K(19648K), 0.0013019 secs] 24804K->8397K(63360K), 0.0014955 secs] [Times: user=0.00 sys=0.00, real=0.00 secs] 
2014-07-10T10:46:46.998+0200: 9.576: [GC (Allocation Failure) 9.577: [ParNew: 19524K->2148K(19648K), 0.0036347 secs] 25863K->9455K(63360K), 0.0040615 secs] [Times: user=0.00 sys=0.00, real=0.00 secs] 
2014-07-10T10:46:47.057+0200: 9.636: [GC (Allocation Failure) 9.636: [ParNew: 19616K->2148K(19648K), 0.0057289 secs] 26923K->11474K(63360K), 0.0061333 secs] [Times: user=0.00 sys=0.00, real=0.01 secs] 
2014-07-10T10:46:47.147+0200: 9.726: [GC (Allocation Failure) 9.726: [ParNew: 19591K->2150K(19648K), 0.0044362 secs] 28918K->12983K(63360K), 0.0046239 secs] [Times: user=0.00 sys=0.00, real=0.00 secs] 
2014-07-10T10:46:47.197+0200: 9.777: [GC (Allocation Failure) 9.778: [ParNew: 19619K->2148K(19648K), 0.0046998 secs] 30452K->15545K(63360K), 0.0063888 secs] [Times: user=0.00 sys=0.00, real=0.01 secs] 
2014-07-10T10:46:47.253+0200: 9.832: [GC (Allocation Failure) 9.832: [ParNew: 19614K->2148K(19648K), 0.0039141 secs] 33012K->19165K(63360K), 0.0041300 secs] [Times: user=0.03 sys=0.00, real=0.00 secs] 
2014-07-10T10:46:47.347+0200: 9.926: [GC (Allocation Failure) 9.926: [ParNew: 19593K->2150K(19648K), 0.0042936 secs] 36611K->22275K(63360K), 0.0044637 secs] [Times: user=0.03 sys=0.00, real=0.00 secs] 
2014-07-10T10:46:47.401+0200: 9.980: [GC (Allocation Failure) 9.980: [ParNew: 19618K->2150K(19648K), 0.0076676 secs] 39743K->26440K(63360K), 0.0082032 secs] [Times: user=0.00 sys=0.00, real=0.01 secs] 
2014-07-10T10:46:47.454+0200: 10.033: [GC (Allocation Failure) 10.033: [ParNew: 19616K->2148K(19648K), 0.0055690 secs] 43907K->31659K(63360K), 0.0058180 secs] [Times: user=0.03 sys=0.00, real=0.01 secs] 
2014-07-10T10:46:47.553+0200: 10.132: [GC (Allocation Failure) 10.133: [ParNew: 19617K->230K(19648K), 0.0013745 secs] 49128K->29744K(63360K), 0.0016483 secs] [Times: user=0.00 sys=0.00, real=0.00 secs] 
2014-07-10T10:46:47.599+0200: 10.178: [GC (Allocation Failure) 10.178: [ParNew: 17679K->2151K(19648K), 0.0082612 secs] 47192K->37299K(63360K), 0.0085090 secs] [Times: user=0.00 sys=0.00, real=0.01 secs] 
2014-07-10T10:46:47.608+0200: 10.187: [GC (CMS Initial Mark) [1 CMS-initial-mark: 35148K(43712K)] 37365K(63360K), 0.0002383 secs] [Times: user=0.00 sys=0.00, real=0.00 secs] 
2014-07-10T10:46:47.608+0200: 10.187: [CMS-concurrent-mark-start]
2014-07-10T10:46:47.610+0200: 10.189: [CMS-concurrent-mark: 0.001/0.001 secs] [Times: user=0.00 sys=0.00, real=0.00 secs] 
2014-07-10T10:46:47.610+0200: 10.189: [CMS-concurrent-preclean-start]
2014-07-10T10:46:47.610+0200: 10.189: [CMS-concurrent-preclean: 0.000/0.000 secs] [Times: user=0.00 sys=0.00, real=0.00 secs] 
2014-07-10T10:46:47.610+0200: 10.189: [GC (CMS Final Remark) [YG occupancy: 2569 K (19648 K)]10.189: [Rescan (parallel) , 0.0002009 secs]10.189: [weak refs processing, 0.0000477 secs]10.189: [class unloading, 0.0005217 secs]10.190: [scrub symbol table, 0.0007347 secs]10.191: [scrub string table, 0.0002464 secs][1 CMS-remark: 35148K(43712K)] 37717K(63360K), 0.0019996 secs] [Times: user=0.00 sys=0.00, real=0.00 secs] 
2014-07-10T10:46:47.612+0200: 10.191: [CMS-concurrent-sweep-start]
2014-07-10T10:46:47.613+0200: 10.192: [CMS-concurrent-sweep: 0.000/0.000 secs] [Times: user=0.00 sys=0.00, real=0.00 secs] 
2014-07-10T10:46:47.613+0200: 10.192: [CMS-concurrent-reset-start]
2014-07-10T10:46:47.613+0200: 10.192: [CMS-concurrent-reset: 0.000/0.000 secs] [Times: user=0.00 sys=0.00, real=0.00 secs] 
2014-07-10T10:46:47.696+0200: 10.275: [GC (Allocation Failure) 10.275: [ParNew: 19619K->645K(19648K), 0.0014181 secs] 25605K->6636K(63360K), 0.0016769 secs] [Times: user=0.00 sys=0.00, real=0.00 secs] 
2014-07-10T10:46:47.767+0200: 10.345: [GC (Allocation Failure) 10.346: [ParNew: 18111K->1703K(19648K), 0.0034804 secs] 24103K->7695K(63360K), 0.0036857 secs] [Times: user=0.00 sys=0.00, real=0.00 secs] 
2014-07-10T10:46:47.846+0200: 10.425: [GC (Allocation Failure) 10.425: [ParNew: 19143K->1701K(19648K), 0.0010420 secs] 25135K->7698K(63360K), 0.0011769 secs] [Times: user=0.00 sys=0.00, real=0.00 secs] 
2014-07-10T10:46:47.898+0200: 10.477: [GC (Allocation Failure) 10.477: [ParNew: 19170K->2150K(19648K), 0.0018929 secs] 25166K->8757K(63360K), 0.0020722 secs] [Times: user=0.00 sys=0.00, real=0.00 secs] 
2014-07-10T10:46:47.952+0200: 10.531: [GC (Allocation Failure) 10.531: [ParNew: 19616K->2148K(19648K), 0.0030518 secs] 26224K->10422K(63360K), 0.0032769 secs] [Times: user=0.00 sys=0.00, real=0.00 secs] 
2014-07-10T10:46:48.049+0200: 10.628: [GC (Allocation Failure) 10.628: [ParNew: 19616K->2150K(19648K), 0.0056446 secs] 27891K->13148K(63360K), 0.0058334 secs] [Times: user=0.01 sys=0.00, real=0.01 secs] 
2014-07-10T10:46:48.097+0200: 10.676: [GC (Allocation Failure) 10.676: [ParNew: 19599K->2149K(19648K), 0.0033161 secs] 30597K->14846K(63360K), 0.0034972 secs] [Times: user=0.02 sys=0.00, real=0.00 secs] 
2014-07-10T10:46:48.153+0200: 10.732: [GC (Allocation Failure) 10.732: [ParNew: 19617K->2148K(19648K), 0.0034041 secs] 32314K->17602K(63360K), 0.0035827 secs] [Times: user=0.00 sys=0.00, real=0.00 secs] 
2014-07-10T10:46:48.248+0200: 10.827: [GC (Allocation Failure) 10.827: [ParNew: 19614K->2150K(19648K), 0.0049641 secs] 35068K->21416K(63360K), 0.0051632 secs] [Times: user=0.00 sys=0.00, real=0.01 secs] 
2014-07-10T10:46:48.298+0200: 10.877: [GC (Allocation Failure) 10.877: [ParNew: 19618K->2150K(19648K), 0.0055646 secs] 38884K->26284K(63360K), 0.0057714 secs] [Times: user=0.03 sys=0.00, real=0.01 secs] 
2014-07-10T10:46:48.353+0200: 10.932: [GC (Allocation Failure) 10.932: [ParNew: 19590K->2150K(19648K), 0.0052317 secs] 43724K->31153K(63360K), 0.0054316 secs] [Times: user=0.00 sys=0.00, real=0.01 secs] 
2014-07-10T10:46:48.448+0200: 11.027: [GC (Allocation Failure) 11.027: [ParNew: 19616K->2150K(19648K), 0.0064728 secs] 48619K->37078K(63360K), 0.0066847 secs] [Times: user=0.00 sys=0.00, real=0.01 secs] 
2014-07-10T10:46:48.455+0200: 11.034: [GC (CMS Initial Mark) [1 CMS-initial-mark: 34928K(43712K)] 37110K(63360K), 0.0001994 secs] [Times: user=0.00 sys=0.00, real=0.00 secs] 
2014-07-10T10:46:48.455+0200: 11.034: [CMS-concurrent-mark-start]
2014-07-10T10:46:48.456+0200: 11.035: [CMS-concurrent-mark: 0.001/0.001 secs] [Times: user=0.00 sys=0.00, real=0.00 secs] 
2014-07-10T10:46:48.457+0200: 11.035: [CMS-concurrent-preclean-start]
2014-07-10T10:46:48.457+0200: 11.036: [CMS-concurrent-preclean: 0.000/0.000 secs] [Times: user=0.00 sys=0.00, real=0.00 secs] 
2014-07-10T10:46:48.457+0200: 11.036: [CMS-concurrent-abortable-preclean-start]
2014-07-10T10:46:48.546+0200: 11.125: [GC (Allocation Failure) 11.125: [ParNew: 19618K->933K(19648K), 0.0007593 secs] 54547K->35864K(63360K), 0.0008616 secs] [Times: user=0.00 sys=0.00, real=0.00 secs] 
2014-07-10T10:46:48.596+0200: 11.175: [GC (Allocation Failure) 11.175: [ParNew: 18385K->296K(19648K), 0.0005283 secs] 53315K->35226K(63360K), 0.0006262 secs] [Times: user=0.00 sys=0.00, real=0.00 secs] 
2014-07-10T10:46:48.650+0200: 11.229: [GC (Allocation Failure) 11.229: [ParNew: 17762K->1353K(19648K), 0.0114490 secs] 52693K->36284K(63360K), 0.0116184 secs] [Times: user=0.02 sys=0.00, real=0.01 secs] 
2014-07-10T10:46:48.746+0200: 11.325: [GC (Allocation Failure) 11.325: [ParNew: 18822K->2150K(19648K), 0.0014669 secs] 53753K->37346K(63360K), 0.0016212 secs] [Times: user=0.00 sys=0.00, real=0.00 secs] 
2014-07-10T10:46:48.797+0200: 11.376: [GC (Allocation Failure) 11.376: [ParNew: 19616K->2150K(19648K), 0.0022628 secs] 54812K->38660K(63360K), 0.0024681 secs] [Times: user=0.00 sys=0.00, real=0.00 secs] 
2014-07-10T10:46:48.850+0200: 11.430: [GC (Allocation Failure) 11.430: [ParNew: 19595K->2150K(19648K), 0.0028556 secs] 56106K->39463K(63360K), 0.0030976 secs] [Times: user=0.00 sys=0.00, real=0.00 secs] 
2014-07-10T10:46:48.947+0200: 11.526: [GC (Allocation Failure) 11.526: [ParNew: 19616K->2150K(19648K), 0.0029605 secs] 56929K->41323K(63360K), 0.0031563 secs] [Times: user=0.00 sys=0.00, real=0.00 secs] 
2014-07-10T10:46:48.997+0200: 11.576: [GC (Allocation Failure) 11.576: [ParNew: 19618K->2150K(19648K), 0.0037509 secs] 58792K->44239K(63360K), 0.0039559 secs] [Times: user=0.00 sys=0.00, real=0.00 secs] 
2014-07-10T10:46:49.001+0200: 11.580: [CMS-concurrent-abortable-preclean: 0.002/0.545 secs] [Times: user=0.13 sys=0.01, real=0.54 secs] 
2014-07-10T10:46:49.003+0200: 11.582: [GC (CMS Final Remark) [YG occupancy: 5291 K (19648 K)]11.582: [Rescan (parallel) , 0.0002203 secs]11.583: [weak refs processing, 0.0000359 secs]11.583: [class unloading, 0.0005518 secs]11.583: [scrub symbol table, 0.0008843 secs]11.584: [scrub string table, 0.0004348 secs][1 CMS-remark: 42088K(43712K)] 47380K(63360K), 0.0023743 secs] [Times: user=0.00 sys=0.00, real=0.00 secs] 
2014-07-10T10:46:49.006+0200: 11.585: [CMS-concurrent-sweep-start]
2014-07-10T10:46:49.006+0200: 11.585: [CMS-concurrent-sweep: 0.000/0.000 secs] [Times: user=0.00 sys=0.00, real=0.00 secs] 
2014-07-10T10:46:49.006+0200: 11.585: [CMS-concurrent-reset-start]
2014-07-10T10:46:49.007+0200: 11.586: [CMS-concurrent-reset: 0.000/0.000 secs] [Times: user=0.00 sys=0.00, real=0.00 secs] 
2014-07-10T10:46:49.052+0200: 11.632: [GC (Allocation Failure) 11.632: [ParNew: 19616K->2148K(19648K), 0.0045858 secs] 33057K->19560K(63360K), 0.0047867 secs] [Times: user=0.00 sys=0.00, real=0.00 secs] 
2014-07-10T10:46:49.147+0200: 11.726: [GC (Allocation Failure) 11.726: [ParNew: 19591K->2150K(19648K), 0.0043907 secs] 37004K->23022K(63360K), 0.0045770 secs] [Times: user=0.00 sys=0.00, real=0.00 secs] 
2014-07-10T10:46:49.199+0200: 11.778: [GC (Allocation Failure) 11.778: [ParNew: 19619K->2150K(19648K), 0.0053689 secs] 40491K->27539K(63360K), 0.0055529 secs] [Times: user=0.00 sys=0.00, real=0.01 secs] 
2014-07-10T10:46:49.204+0200: 11.783: [GC (CMS Initial Mark) [1 CMS-initial-mark: 25389K(43712K)] 27605K(63360K), 0.0002064 secs] [Times: user=0.00 sys=0.00, real=0.00 secs] 
2014-07-10T10:46:49.205+0200: 11.784: [CMS-concurrent-mark-start]
2014-07-10T10:46:49.205+0200: 11.784: [CMS-concurrent-mark: 0.001/0.001 secs] [Times: user=0.00 sys=0.00, real=0.00 secs] 
2014-07-10T10:46:49.206+0200: 11.785: [CMS-concurrent-preclean-start]
2014-07-10T10:46:49.206+0200: 11.785: [CMS-concurrent-preclean: 0.000/0.000 secs] [Times: user=0.00 sys=0.00, real=0.00 secs] 
2014-07-10T10:46:49.207+0200: 11.786: [GC (CMS Final Remark) [YG occupancy: 3688 K (19648 K)]11.786: [Rescan (parallel) , 0.0002064 secs]11.786: [weak refs processing, 0.0000352 secs]11.786: [class unloading, 0.0004411 secs]11.786: [scrub symbol table, 0.0005712 secs]11.787: [scrub string table, 0.0002247 secs][1 CMS-remark: 25389K(43712K)] 29078K(63360K), 0.0016601 secs] [Times: user=0.00 sys=0.00, real=0.00 secs] 
2014-07-10T10:46:49.210+0200: 11.789: [CMS-concurrent-sweep-start]
2014-07-10T10:46:49.210+0200: 11.789: [CMS-concurrent-sweep: 0.000/0.000 secs] [Times: user=0.00 sys=0.00, real=0.00 secs] 
2014-07-10T10:46:49.210+0200: 11.789: [CMS-concurrent-reset-start]
2014-07-10T10:46:49.210+0200: 11.789: [CMS-concurrent-reset: 0.000/0.000 secs] [Times: user=0.00 sys=0.00, real=0.00 secs] 
2014-07-10T10:46:49.255+0200: 11.834: [GC (Allocation Failure) 11.834: [ParNew: 19616K->2148K(19648K), 0.0049967 secs] 24492K->12597K(63360K), 0.0053656 secs] [Times: user=0.00 sys=0.00, real=0.00 secs] 
2014-07-10T10:46:49.348+0200: 11.927: [GC (Allocation Failure) 11.927: [ParNew: 19588K->2150K(19648K), 0.0059782 secs] 30037K->18172K(63360K), 0.0061842 secs] [Times: user=0.00 sys=0.00, real=0.01 secs] 
2014-07-10T10:46:49.446+0200: 12.025: [GC (Allocation Failure) 12.025: [ParNew: 19618K->582K(19648K), 0.0006720 secs] 35640K->16607K(63360K), 0.0007725 secs] [Times: user=0.00 sys=0.00, real=0.00 secs] 
2014-07-10T10:46:49.498+0200: 12.077: [GC (Allocation Failure) 12.077: [ParNew: 18048K->1639K(19648K), 0.0023996 secs] 34073K->17664K(63360K), 0.0027061 secs] [Times: user=0.00 sys=0.00, real=0.00 secs] 
2014-07-10T10:46:49.557+0200: 12.136: [GC (Allocation Failure) 12.137: [ParNew: 19091K->996K(19648K), 0.0018848 secs] 35116K->17026K(63360K), 0.0022448 secs] [Times: user=0.00 sys=0.00, real=0.00 secs] 
2014-07-10T10:46:49.646+0200: 12.225: [GC (Allocation Failure) 12.225: [ParNew: 18436K->1512K(19648K), 0.0009067 secs] 34466K->17542K(63360K), 0.0010262 secs] [Times: user=0.00 sys=0.00, real=0.00 secs] 
2014-07-10T10:46:49.698+0200: 12.277: [GC (Allocation Failure) 12.277: [ParNew: 18980K->2150K(19648K), 0.0029594 secs] 35010K->18602K(63360K), 0.0033257 secs] [Times: user=0.00 sys=0.00, real=0.00 secs] 
2014-07-10T10:46:49.755+0200: 12.334: [GC (Allocation Failure) 12.334: [ParNew: 19616K->2148K(19648K), 0.0046158 secs] 36069K->20075K(63360K), 0.0050059 secs] [Times: user=0.00 sys=0.00, real=0.00 secs] 
2014-07-10T10:46:49.848+0200: 12.427: [GC (Allocation Failure) 12.427: [ParNew: 19588K->2150K(19648K), 0.0042620 secs] 37515K->21553K(63360K), 0.0046466 secs] [Times: user=0.00 sys=0.00, real=0.00 secs] 
2014-07-10T10:46:49.899+0200: 12.478: [GC (Allocation Failure) 12.478: [ParNew: 19619K->2150K(19648K), 0.0062040 secs] 39021K->24085K(63360K), 0.0065703 secs] [Times: user=0.00 sys=0.00, real=0.01 secs] 
2014-07-10T10:46:49.958+0200: 12.537: [GC (Allocation Failure) 12.537: [ParNew: 19616K->2148K(19648K), 0.0067265 secs] 41551K->27670K(63360K), 0.0070341 secs] [Times: user=0.00 sys=0.00, real=0.01 secs] 
2014-07-10T10:46:50.051+0200: 12.630: [GC (Allocation Failure) 12.630: [ParNew: 19616K->2150K(19648K), 0.0080724 secs] 45139K->32317K(63360K), 0.0084962 secs] [Times: user=0.00 sys=0.00, real=0.01 secs] 
2014-07-10T10:46:50.060+0200: 12.639: [GC (CMS Initial Mark) [1 CMS-initial-mark: 30167K(43712K)] 32383K(63360K), 0.0004656 secs] [Times: user=0.00 sys=0.00, real=0.00 secs] 
2014-07-10T10:46:50.060+0200: 12.639: [CMS-concurrent-mark-start]
2014-07-10T10:46:50.063+0200: 12.642: [CMS-concurrent-mark: 0.002/0.002 secs] [Times: user=0.00 sys=0.00, real=0.00 secs] 
2014-07-10T10:46:50.063+0200: 12.642: [CMS-concurrent-preclean-start]
2014-07-10T10:46:50.063+0200: 12.642: [CMS-concurrent-preclean: 0.000/0.000 secs] [Times: user=0.00 sys=0.00, real=0.00 secs] 
2014-07-10T10:46:50.063+0200: 12.642: [CMS-concurrent-abortable-preclean-start]
2014-07-10T10:46:50.100+0200: 12.679: [GC (Allocation Failure) 12.679: [ParNew: 19595K->2150K(19648K), 0.0077941 secs] 49763K->36449K(63360K), 0.0083961 secs] [Times: user=0.00 sys=0.00, real=0.01 secs] 
2014-07-10T10:46:50.153+0200: 12.732: [GC (Allocation Failure) 12.732: [ParNew: 19616K->2148K(19648K), 0.0057967 secs] 53916K->41637K(63360K), 0.0060391 secs] [Times: user=0.03 sys=0.00, real=0.01 secs] 
2014-07-10T10:46:50.249+0200: 12.828: [GC (Allocation Failure) 12.828: [ParNew: 19616K->19616K(19648K), 0.0001225 secs]12.828: [CMS2014-07-10T10:46:50.249+0200: 12.828: [CMS-concurrent-abortable-preclean: 0.003/0.186 secs] [Times: user=0.08 sys=0.00, real=0.19 secs] 
 (concurrent mode failure): 39489K->557K(43712K), 0.0048831 secs] 59106K->557K(63360K), [Metaspace: 2457K->2457K(1056768K)], 0.0053293 secs] [Times: user=0.01 sys=0.00, real=0.00 secs] 
2014-07-10T10:46:50.303+0200: 12.882: [GC (Allocation Failure) 12.883: [ParNew: 17468K->225K(19648K), 0.0013778 secs] 18026K->782K(63360K), 0.0016571 secs] [Times: user=0.00 sys=0.00, real=0.00 secs] 
2014-07-10T10:46:50.396+0200: 12.975: [GC (Allocation Failure) 12.975: [ParNew: 17668K->741K(19648K), 0.0017220 secs] 18226K->1299K(63360K), 0.0018775 secs] [Times: user=0.00 sys=0.00, real=0.00 secs] 
2014-07-10T10:46:50.449+0200: 13.028: [GC (Allocation Failure) 13.029: [ParNew: 18208K->1801K(19648K), 0.0016850 secs] 18765K->2358K(63360K), 0.0018636 secs] [Times: user=0.00 sys=0.00, real=0.00 secs] 
2014-07-10T10:46:50.547+0200: 13.126: [GC (Allocation Failure) 13.126: [ParNew: 19269K->2150K(19648K), 0.0017077 secs] 19827K->3423K(63360K), 0.0018654 secs] [Times: user=0.00 sys=0.00, real=0.00 secs] 
2014-07-10T10:46:50.596+0200: 13.175: [GC (Allocation Failure) 13.176: [ParNew: 19601K->2150K(19648K), 0.0012484 secs] 20875K->3489K(63360K), 0.0013869 secs] [Times: user=0.00 sys=0.00, real=0.00 secs] 
2014-07-10T10:46:50.656+0200: 13.235: [GC (Allocation Failure) 13.235: [ParNew: 19616K->2148K(19648K), 0.0021679 secs] 20956K->4612K(63360K), 0.0023816 secs] [Times: user=0.03 sys=0.00, real=0.00 secs] 
2014-07-10T10:46:50.747+0200: 13.326: [GC (Allocation Failure) 13.326: [ParNew: 19616K->2150K(19648K), 0.0032740 secs] 22080K->6793K(63360K), 0.0035016 secs] [Times: user=0.03 sys=0.00, real=0.00 secs] 
2014-07-10T10:46:50.797+0200: 13.376: [GC (Allocation Failure) 13.377: [ParNew: 19616K->2150K(19648K), 0.0044871 secs] 24259K->10029K(63360K), 0.0046763 secs] [Times: user=0.00 sys=0.00, real=0.01 secs] 
2014-07-10T10:46:50.853+0200: 13.432: [GC (Allocation Failure) 13.432: [ParNew: 19590K->2150K(19648K), 0.0037711 secs] 27469K->13264K(63360K), 0.0039977 secs] [Times: user=0.00 sys=0.00, real=0.00 secs] 
2014-07-10T10:46:50.948+0200: 13.527: [GC (Allocation Failure) 13.527: [ParNew: 19618K->2148K(19648K), 0.0049674 secs] 30733K->17555K(63360K), 0.0051819 secs] [Times: user=0.02 sys=0.00, real=0.01 secs] 
2014-07-10T10:46:50.998+0200: 13.578: [GC (Allocation Failure) 13.578: [ParNew: 19614K->2150K(19648K), 0.0057722 secs] 35022K->22906K(63360K), 0.0060035 secs] [Times: user=0.03 sys=0.00, real=0.01 secs] 
2014-07-10T10:46:51.055+0200: 13.634: [GC (Allocation Failure) 13.634: [ParNew: 19595K->2150K(19648K), 0.0052490 secs] 40352K->27742K(63360K), 0.0055265 secs] [Times: user=0.00 sys=0.00, real=0.00 secs] 
2014-07-10T10:46:51.061+0200: 13.640: [GC (CMS Initial Mark) [1 CMS-initial-mark: 25592K(43712K)] 27774K(63360K), 0.0002013 secs] [Times: user=0.00 sys=0.00, real=0.00 secs] 
2014-07-10T10:46:51.061+0200: 13.641: [CMS-concurrent-mark-start]
2014-07-10T10:46:51.062+0200: 13.642: [CMS-concurrent-mark: 0.001/0.001 secs] [Times: user=0.03 sys=0.00, real=0.00 secs] 
2014-07-10T10:46:51.062+0200: 13.642: [CMS-concurrent-preclean-start]
2014-07-10T10:46:51.063+0200: 13.642: [CMS-concurrent-preclean: 0.000/0.000 secs] [Times: user=0.00 sys=0.00, real=0.00 secs] 
2014-07-10T10:46:51.063+0200: 13.642: [GC (CMS Final Remark) [YG occupancy: 3886 K (19648 K)]13.642: [Rescan (parallel) , 0.0001327 secs]13.642: [weak refs processing, 0.0000418 secs]13.642: [class unloading, 0.0005954 secs]13.643: [scrub symbol table, 0.0006647 secs]13.644: [scrub string table, 0.0002269 secs][1 CMS-remark: 25592K(43712K)] 29479K(63360K), 0.0018515 secs] [Times: user=0.00 sys=0.00, real=0.00 secs] 
2014-07-10T10:46:51.065+0200: 13.644: [CMS-concurrent-sweep-start]
2014-07-10T10:46:51.065+0200: 13.644: [CMS-concurrent-sweep: 0.000/0.000 secs] [Times: user=0.00 sys=0.00, real=0.00 secs] 
2014-07-10T10:46:51.065+0200: 13.644: [CMS-concurrent-reset-start]
2014-07-10T10:46:51.066+0200: 13.645: [CMS-concurrent-reset: 0.000/0.000 secs] [Times: user=0.00 sys=0.00, real=0.00 secs] 
2014-07-10T10:46:51.148+0200: 13.727: [GC (Allocation Failure) 13.727: [ParNew: 19590K->2150K(19648K), 0.0057828 secs] 24795K->12704K(63360K), 0.0059771 secs] [Times: user=0.00 sys=0.00, real=0.01 secs] 
2014-07-10T10:46:51.246+0200: 13.825: [GC (Allocation Failure) 13.825: [ParNew: 19618K->357K(19648K), 0.0005444 secs] 30173K->10914K(63360K), 0.0006464 secs] [Times: user=0.00 sys=0.00, real=0.00 secs] 
2014-07-10T10:46:51.297+0200: 13.876: [GC (Allocation Failure) 13.876: [ParNew: 17797K->359K(19648K), 0.0012546 secs] 28354K->10916K(63360K), 0.0015050 secs] [Times: user=0.00 sys=0.00, real=0.00 secs] 
2014-07-10T10:46:51.355+0200: 13.934: [GC (Allocation Failure) 13.934: [ParNew: 17825K->1417K(19648K), 0.0012183 secs] 28383K->11975K(63360K), 0.0013884 secs] [Times: user=0.00 sys=0.00, real=0.00 secs] 
2014-07-10T10:46:51.446+0200: 14.025: [GC (Allocation Failure) 14.026: [ParNew: 18886K->2150K(19648K), 0.0012931 secs] 29443K->13035K(63360K), 0.0014394 secs] [Times: user=0.00 sys=0.00, real=0.00 secs] 
2014-07-10T10:46:51.497+0200: 14.076: [GC (Allocation Failure) 14.076: [ParNew: 19616K->2150K(19648K), 0.0023402 secs] 30502K->14414K(63360K), 0.0025268 secs] [Times: user=0.03 sys=0.00, real=0.00 secs] 
2014-07-10T10:46:51.551+0200: 14.130: [GC (Allocation Failure) 14.130: [ParNew: 19618K->2148K(19648K), 0.0035812 secs] 31883K->16848K(63360K), 0.0039486 secs] [Times: user=0.00 sys=0.00, real=0.00 secs] 
2014-07-10T10:46:51.647+0200: 14.227: [GC (Allocation Failure) 14.227: [ParNew: 19596K->2150K(19648K), 0.0028424 secs] 34296K->18645K(63360K), 0.0031548 secs] [Times: user=0.00 sys=0.00, real=0.00 secs] 
2014-07-10T10:46:51.697+0200: 14.277: [GC (Allocation Failure) 14.277: [ParNew: 19619K->2150K(19648K), 0.0037227 secs] 36114K->21498K(63360K), 0.0039937 secs] [Times: user=0.00 sys=0.00, real=0.00 secs] 
2014-07-10T10:46:51.752+0200: 14.331: [GC (Allocation Failure) 14.332: [ParNew: 19616K->2148K(19648K), 0.0045597 secs] 38964K->25404K(63360K), 0.0047647 secs] [Times: user=0.00 sys=0.00, real=0.00 secs] 
2014-07-10T10:46:51.848+0200: 14.427: [GC (Allocation Failure) 14.428: [ParNew: 19593K->2150K(19648K), 0.0040714 secs] 42850K->28802K(63360K), 0.0043379 secs] [Times: user=0.00 sys=0.00, real=0.00 secs] 
2014-07-10T10:46:51.898+0200: 14.477: [GC (Allocation Failure) 14.477: [ParNew: 19619K->2150K(19648K), 0.0050415 secs] 46271K->33255K(63360K), 0.0052567 secs] [Times: user=0.00 sys=0.00, real=0.01 secs] 
2014-07-10T10:46:51.903+0200: 14.483: [GC (CMS Initial Mark) [1 CMS-initial-mark: 31105K(43712K)] 33287K(63360K), 0.0001892 secs] [Times: user=0.00 sys=0.00, real=0.00 secs] 
2014-07-10T10:46:51.904+0200: 14.483: [CMS-concurrent-mark-start]
2014-07-10T10:46:51.905+0200: 14.484: [CMS-concurrent-mark: 0.001/0.001 secs] [Times: user=0.02 sys=0.00, real=0.00 secs] 
2014-07-10T10:46:51.905+0200: 14.484: [CMS-concurrent-preclean-start]
2014-07-10T10:46:51.905+0200: 14.484: [CMS-concurrent-preclean: 0.000/0.000 secs] [Times: user=0.00 sys=0.00, real=0.00 secs] 
2014-07-10T10:46:51.905+0200: 14.484: [GC (CMS Final Remark) [YG occupancy: 3752 K (19648 K)]14.484: [Rescan (parallel) , 0.0001247 secs]14.484: [weak refs processing, 0.0000341 secs]14.484: [class unloading, 0.0004740 secs]14.485: [scrub symbol table, 0.0005826 secs]14.485: [scrub string table, 0.0001833 secs][1 CMS-remark: 31105K(43712K)] 34858K(63360K), 0.0015699 secs] [Times: user=0.00 sys=0.00, real=0.00 secs] 
2014-07-10T10:46:51.907+0200: 14.486: [CMS-concurrent-sweep-start]
2014-07-10T10:46:51.907+0200: 14.486: [CMS-concurrent-sweep: 0.000/0.000 secs] [Times: user=0.00 sys=0.00, real=0.00 secs] 
2014-07-10T10:46:51.907+0200: 14.486: [CMS-concurrent-reset-start]
2014-07-10T10:46:51.907+0200: 14.486: [CMS-concurrent-reset: 0.000/0.000 secs] [Times: user=0.00 sys=0.00, real=0.00 secs] 
2014-07-10T10:46:51.955+0200: 14.534: [GC (Allocation Failure) 14.534: [ParNew: 19616K->2148K(19648K), 0.0052706 secs] 24442K->12482K(63360K), 0.0054946 secs] [Times: user=0.00 sys=0.00, real=0.01 secs] 
2014-07-10T10:46:52.050+0200: 14.629: [GC (Allocation Failure) 14.629: [ParNew: 19616K->518K(19648K), 0.0007457 secs] 29951K->10855K(63360K), 0.0009283 secs] [Times: user=0.00 sys=0.00, real=0.00 secs] 
2014-07-10T10:46:52.146+0200: 14.725: [GC (Allocation Failure) 14.725: [ParNew: 17962K->7K(19648K), 0.0004044 secs] 28298K->10344K(63360K), 0.0005019 secs] [Times: user=0.00 sys=0.00, real=0.00 secs] 
2014-07-10T10:46:52.197+0200: 14.776: [GC (Allocation Failure) 14.776: [ParNew: 17474K->1066K(19648K), 0.0019409 secs] 27810K->11402K(63360K), 0.0022309 secs] [Times: user=0.00 sys=0.00, real=0.00 secs] 
2014-07-10T10:46:52.249+0200: 14.829: [GC (Allocation Failure) 14.829: [ParNew: 18534K->2124K(19648K), 0.0017620 secs] 28871K->12461K(63360K), 0.0019420 secs] [Times: user=0.00 sys=0.00, real=0.00 secs] 
2014-07-10T10:46:52.346+0200: 14.926: [GC (Allocation Failure) 14.926: [ParNew: 19564K->2118K(19648K), 0.0013657 secs] 29901K->12465K(63360K), 0.0015395 secs] [Times: user=0.00 sys=0.00, real=0.00 secs] 
2014-07-10T10:46:52.398+0200: 14.977: [GC (Allocation Failure) 14.977: [ParNew: 19584K->2150K(19648K), 0.0032886 secs] 29932K->13524K(63360K), 0.0036344 secs] [Times: user=0.00 sys=0.00, real=0.00 secs] 
2014-07-10T10:46:52.457+0200: 15.036: [GC (Allocation Failure) 15.037: [ParNew: 19618K->2148K(19648K), 0.0111773 secs] 30993K->15606K(63360K), 0.0115322 secs] [Times: user=0.02 sys=0.00, real=0.01 secs] 
2014-07-10T10:46:52.548+0200: 15.127: [GC (Allocation Failure) 15.127: [ParNew: 19614K->2148K(19648K), 0.0044376 secs] 33072K->18745K(63360K), 0.0046726 secs] [Times: user=0.00 sys=0.00, real=0.00 secs] 
2014-07-10T10:46:52.597+0200: 15.176: [GC (Allocation Failure) 15.176: [ParNew: 19604K->2150K(19648K), 0.0030085 secs] 36202K->20734K(63360K), 0.0031896 secs] [Times: user=0.00 sys=0.00, real=0.00 secs] 
2014-07-10T10:46:52.656+0200: 15.235: [GC (Allocation Failure) 15.235: [ParNew: 19616K->2148K(19648K), 0.0069377 secs] 38201K->23778K(63360K), 0.0073200 secs] [Times: user=0.00 sys=0.00, real=0.01 secs] 
2014-07-10T10:46:52.749+0200: 15.329: [GC (Allocation Failure) 15.329: [ParNew: 19616K->2150K(19648K), 0.0043298 secs] 41247K->27880K(63360K), 0.0045007 secs] [Times: user=0.00 sys=0.00, real=0.00 secs] 
2014-07-10T10:46:52.798+0200: 15.378: [GC (Allocation Failure) 15.378: [ParNew: 19590K->2150K(19648K), 0.0048175 secs] 45320K->31980K(63360K), 0.0052963 secs] [Times: user=0.00 sys=0.00, real=0.01 secs] 
2014-07-10T10:46:52.852+0200: 15.431: [GC (Allocation Failure) 15.431: [ParNew: 19616K->2148K(19648K), 0.0055672 secs] 49447K->37136K(63360K), 0.0057744 secs] [Times: user=0.03 sys=0.00, real=0.01 secs] 
2014-07-10T10:46:52.858+0200: 15.437: [GC (CMS Initial Mark) [1 CMS-initial-mark: 34988K(43712K)] 37202K(63360K), 0.0002207 secs] [Times: user=0.00 sys=0.00, real=0.00 secs] 
2014-07-10T10:46:52.858+0200: 15.438: [CMS-concurrent-mark-start]
2014-07-10T10:46:52.859+0200: 15.439: [CMS-concurrent-mark: 0.001/0.001 secs] [Times: user=0.00 sys=0.00, real=0.00 secs] 
2014-07-10T10:46:52.859+0200: 15.439: [CMS-concurrent-preclean-start]
2014-07-10T10:46:52.859+0200: 15.439: [CMS-concurrent-preclean: 0.000/0.000 secs] [Times: user=0.00 sys=0.00, real=0.00 secs] 
2014-07-10T10:46:52.860+0200: 15.439: [GC (CMS Final Remark) [YG occupancy: 3046 K (19648 K)]15.439: [Rescan (parallel) , 0.0001316 secs]15.439: [weak refs processing, 0.0000330 secs]15.439: [class unloading, 0.0004268 secs]15.439: [scrub symbol table, 0.0005540 secs]15.440: [scrub string table, 0.0001712 secs][1 CMS-remark: 34988K(43712K)] 38034K(63360K), 0.0015303 secs] [Times: user=0.00 sys=0.00, real=0.00 secs] 
2014-07-10T10:46:52.861+0200: 15.440: [CMS-concurrent-sweep-start]
2014-07-10T10:46:52.861+0200: 15.441: [CMS-concurrent-sweep: 0.000/0.000 secs] [Times: user=0.00 sys=0.00, real=0.00 secs] 
2014-07-10T10:46:52.862+0200: 15.441: [CMS-concurrent-reset-start]
2014-07-10T10:46:52.862+0200: 15.441: [CMS-concurrent-reset: 0.000/0.000 secs] [Times: user=0.00 sys=0.00, real=0.00 secs] 
2014-07-10T10:46:52.949+0200: 15.528: [GC (Allocation Failure) 15.528: [ParNew: 19616K->166K(19648K), 0.0006394 secs] 25149K->5701K(63360K), 0.0008003 secs] [Times: user=0.03 sys=0.00, real=0.00 secs] 
2014-07-10T10:46:53.047+0200: 15.626: [GC (Allocation Failure) 15.626: [ParNew: 17632K->1223K(19648K), 0.0017631 secs] 23167K->6758K(63360K), 0.0019867 secs] [Times: user=0.00 sys=0.00, real=0.00 secs] 
2014-07-10T10:46:53.097+0200: 15.677: [GC (Allocation Failure) 15.677: [ParNew: 18669K->709K(19648K), 0.0018713 secs] 24204K->6249K(63360K), 0.0021558 secs] [Times: user=0.00 sys=0.00, real=0.00 secs] 
2014-07-10T10:46:53.152+0200: 15.732: [GC (Allocation Failure) 15.732: [ParNew: 18175K->1767K(19648K), 0.0031625 secs] 23716K->7307K(63360K), 0.0036278 secs] [Times: user=0.00 sys=0.00, real=0.00 secs] 
2014-07-10T10:46:53.248+0200: 15.827: [GC (Allocation Failure) 15.828: [ParNew: 19235K->2150K(19648K), 0.0031390 secs] 24776K->8368K(63360K), 0.0035189 secs] [Times: user=0.00 sys=0.00, real=0.00 secs] 
2014-07-10T10:46:53.297+0200: 15.876: [GC (Allocation Failure) 15.876: [ParNew: 19616K->2150K(19648K), 0.0025491 secs] 25834K->10099K(63360K), 0.0028128 secs] [Times: user=0.00 sys=0.00, real=0.00 secs] 
2014-07-10T10:46:53.350+0200: 15.929: [GC (Allocation Failure) 15.929: [ParNew: 19595K->2148K(19648K), 0.0025682 secs] 27545K->11316K(63360K), 0.0027625 secs] [Times: user=0.00 sys=0.00, real=0.00 secs] 
2014-07-10T10:46:53.449+0200: 16.028: [GC (Allocation Failure) 16.029: [ParNew: 19617K->2150K(19648K), 0.0060141 secs] 28785K->13594K(63360K), 0.0064445 secs] [Times: user=0.00 sys=0.00, real=0.01 secs] 
2014-07-10T10:46:53.497+0200: 16.077: [GC (Allocation Failure) 16.077: [ParNew: 19616K->2150K(19648K), 0.0045678 secs] 31060K->16926K(63360K), 0.0048021 secs] [Times: user=0.00 sys=0.00, real=0.01 secs] 
2014-07-10T10:46:53.558+0200: 16.137: [GC (Allocation Failure) 16.137: [ParNew: 19618K->2148K(19648K), 0.0075562 secs] 34394K->21312K(63360K), 0.0078759 secs] [Times: user=0.01 sys=0.00, real=0.01 secs] 
2014-07-10T10:46:53.648+0200: 16.226: [GC (Allocation Failure) 16.226: [ParNew: 19596K->2150K(19648K), 0.0047361 secs] 38761K->25062K(63360K), 0.0049634 secs] [Times: user=0.03 sys=0.00, real=0.01 secs] 
2014-07-10T10:46:53.699+0200: 16.277: [GC (Allocation Failure) 16.277: [ParNew: 19619K->2148K(19648K), 0.0053553 secs] 42531K->29866K(63360K), 0.0064651 secs] [Times: user=0.00 sys=0.00, real=0.01 secs] 
2014-07-10T10:46:53.753+0200: 16.331: [GC (Allocation Failure) 16.331: [ParNew: 19614K->2148K(19648K), 0.0062414 secs] 47333K->35727K(63360K), 0.0064368 secs] [Times: user=0.00 sys=0.00, real=0.01 secs] 
2014-07-10T10:46:53.759+0200: 16.337: [GC (CMS Initial Mark) [1 CMS-initial-mark: 33579K(43712K)] 35759K(63360K), 0.0001914 secs] [Times: user=0.00 sys=0.00, real=0.00 secs] 
2014-07-10T10:46:53.759+0200: 16.338: [CMS-concurrent-mark-start]
2014-07-10T10:46:53.760+0200: 16.338: [CMS-concurrent-mark: 0.001/0.001 secs] [Times: user=0.00 sys=0.00, real=0.00 secs] 
2014-07-10T10:46:53.760+0200: 16.338: [CMS-concurrent-preclean-start]
2014-07-10T10:46:53.760+0200: 16.339: [CMS-concurrent-preclean: 0.000/0.000 secs] [Times: user=0.00 sys=0.00, real=0.00 secs] 
2014-07-10T10:46:53.760+0200: 16.339: [GC (CMS Final Remark) [YG occupancy: 2342 K (19648 K)]16.339: [Rescan (parallel) , 0.0001151 secs]16.339: [weak refs processing, 0.0000326 secs]16.339: [class unloading, 0.0004158 secs]16.339: [scrub symbol table, 0.0006112 secs]16.340: [scrub string table, 0.0004081 secs][1 CMS-remark: 33579K(43712K)] 35921K(63360K), 0.0017547 secs] [Times: user=0.02 sys=0.00, real=0.00 secs] 
2014-07-10T10:46:53.762+0200: 16.340: [CMS-concurrent-sweep-start]
2014-07-10T10:46:53.763+0200: 16.341: [CMS-concurrent-sweep: 0.000/0.000 secs] [Times: user=0.00 sys=0.00, real=0.00 secs] 
2014-07-10T10:46:53.763+0200: 16.341: [CMS-concurrent-reset-start]
2014-07-10T10:46:53.763+0200: 16.341: [CMS-concurrent-reset: 0.000/0.000 secs] [Times: user=0.00 sys=0.00, real=0.00 secs] 
2014-07-10T10:46:53.849+0200: 16.427: [GC (Allocation Failure) 16.427: [ParNew: 19588K->2150K(19648K), 0.0064379 secs] 25827K->14250K(63360K), 0.0066832 secs] [Times: user=0.03 sys=0.00, real=0.01 secs] 
2014-07-10T10:46:53.947+0200: 16.525: [GC (Allocation Failure) 16.525: [ParNew: 19618K->870K(19648K), 0.0015321 secs] 31719K->12973K(63360K), 0.0017899 secs] [Times: user=0.00 sys=0.00, real=0.00 secs] 
2014-07-10T10:46:53.997+0200: 16.575: [GC (Allocation Failure) 16.575: [ParNew: 18336K->1927K(19648K), 0.0022808 secs] 30440K->14031K(63360K), 0.0025847 secs] [Times: user=0.00 sys=0.00, real=0.00 secs] 
2014-07-10T10:46:54.064+0200: 16.642: [GC (Allocation Failure) 16.643: [ParNew: 19379K->900K(19648K), 0.0018423 secs] 31482K->13009K(63360K), 0.0021818 secs] [Times: user=0.00 sys=0.00, real=0.00 secs] 
2014-07-10T10:46:54.147+0200: 16.725: [GC (Allocation Failure) 16.726: [ParNew: 18367K->1960K(19648K), 0.0022089 secs] 30475K->14068K(63360K), 0.0025407 secs] [Times: user=0.00 sys=0.00, real=0.00 secs] 
2014-07-10T10:46:54.203+0200: 16.781: [GC (Allocation Failure) 16.781: [ParNew: 19428K->2150K(19648K), 0.0036267 secs] 31537K->15129K(63360K), 0.0039834 secs] [Times: user=0.00 sys=0.00, real=0.00 secs] 
2014-07-10T10:46:54.251+0200: 16.829: [GC (Allocation Failure) 16.829: [ParNew: 19616K->2148K(19648K), 0.0030863 secs] 32595K->17050K(63360K), 0.0032901 secs] [Times: user=0.00 sys=0.00, real=0.00 secs] 
2014-07-10T10:46:54.348+0200: 16.926: [GC (Allocation Failure) 16.926: [ParNew: 19618K->2150K(19648K), 0.0027750 secs] 34520K->19007K(63360K), 0.0030071 secs] [Times: user=0.00 sys=0.00, real=0.00 secs] 
2014-07-10T10:46:54.397+0200: 16.976: [GC (Allocation Failure) 16.976: [ParNew: 19616K->2150K(19648K), 0.0037854 secs] 36473K->22019K(63360K), 0.0039662 secs] [Times: user=0.03 sys=0.00, real=0.00 secs] 
2014-07-10T10:46:54.462+0200: 17.040: [GC (Allocation Failure) 17.040: [ParNew: 19618K->2148K(19648K), 0.0058180 secs] 39488K->26085K(63360K), 0.0061523 secs] [Times: user=0.03 sys=0.00, real=0.01 secs] 
2014-07-10T10:46:54.550+0200: 17.128: [GC (Allocation Failure) 17.129: [ParNew: 19614K->2150K(19648K), 0.0076152 secs] 43552K->31212K(63360K), 0.0080174 secs] [Times: user=0.03 sys=0.00, real=0.01 secs] 
2014-07-10T10:46:54.598+0200: 17.176: [GC (Allocation Failure) 17.176: [ParNew: 19601K->2150K(19648K), 0.0054470 secs] 48663K->35696K(63360K), 0.0056710 secs] [Times: user=0.00 sys=0.00, real=0.00 secs] 
2014-07-10T10:46:54.604+0200: 17.182: [GC (CMS Initial Mark) [1 CMS-initial-mark: 33546K(43712K)] 35728K(63360K), 0.0003300 secs] [Times: user=0.00 sys=0.00, real=0.00 secs] 
2014-07-10T10:46:54.604+0200: 17.183: [CMS-concurrent-mark-start]
2014-07-10T10:46:54.606+0200: 17.184: [CMS-concurrent-mark: 0.001/0.001 secs] [Times: user=0.00 sys=0.00, real=0.00 secs] 
2014-07-10T10:46:54.606+0200: 17.184: [CMS-concurrent-preclean-start]
2014-07-10T10:46:54.606+0200: 17.184: [CMS-concurrent-preclean: 0.000/0.000 secs] [Times: user=0.00 sys=0.00, real=0.00 secs] 
2014-07-10T10:46:54.606+0200: 17.184: [GC (CMS Final Remark) [YG occupancy: 3720 K (19648 K)]17.184: [Rescan (parallel) , 0.0002108 secs]17.185: [weak refs processing, 0.0000477 secs]17.185: [class unloading, 0.0007402 secs]17.185: [scrub symbol table, 0.0007494 secs]17.186: [scrub string table, 0.0002464 secs][1 CMS-remark: 33546K(43712K)] 37267K(63360K), 0.0022577 secs] [Times: user=0.00 sys=0.00, real=0.00 secs] 
2014-07-10T10:46:54.608+0200: 17.187: [CMS-concurrent-sweep-start]
2014-07-10T10:46:54.609+0200: 17.187: [CMS-concurrent-sweep: 0.000/0.000 secs] [Times: user=0.00 sys=0.00, real=0.00 secs] 
2014-07-10T10:46:54.609+0200: 17.187: [CMS-concurrent-reset-start]
2014-07-10T10:46:54.609+0200: 17.187: [CMS-concurrent-reset: 0.000/0.000 secs] [Times: user=0.00 sys=0.00, real=0.00 secs] 
2014-07-10T10:46:54.658+0200: 17.236: [GC (Allocation Failure) 17.236: [ParNew: 19616K->2148K(19648K), 0.0053791 secs] 24481K->12555K(63360K), 0.0055848 secs] [Times: user=0.00 sys=0.00, real=0.01 secs] 
2014-07-10T10:46:54.753+0200: 17.331: [GC (Allocation Failure) 17.331: [ParNew: 19616K->550K(19648K), 0.0016278 secs] 30023K->10959K(63360K), 0.0019376 secs] [Times: user=0.00 sys=0.00, real=0.00 secs] 
2014-07-10T10:46:54.846+0200: 17.424: [GC (Allocation Failure) 17.425: [ParNew: 17996K->39K(19648K), 0.0010812 secs] 28405K->10448K(63360K), 0.0013294 secs] [Times: user=0.00 sys=0.00, real=0.00 secs] 
2014-07-10T10:46:54.896+0200: 17.475: [GC (Allocation Failure) 17.475: [ParNew: 17506K->1098K(19648K), 0.0008953 secs] 27915K->11507K(63360K), 0.0010496 secs] [Times: user=0.00 sys=0.00, real=0.00 secs] 
2014-07-10T10:46:54.950+0200: 17.528: [GC (Allocation Failure) 17.528: [ParNew: 18566K->2148K(19648K), 0.0016560 secs] 28976K->12566K(63360K), 0.0018841 secs] [Times: user=0.00 sys=0.00, real=0.00 secs] 
2014-07-10T10:46:55.047+0200: 17.625: [GC (Allocation Failure) 17.625: [ParNew: 19614K->2150K(19648K), 0.0019274 secs] 30032K->13626K(63360K), 0.0021275 secs] [Times: user=0.00 sys=0.00, real=0.00 secs] 
2014-07-10T10:46:55.098+0200: 17.676: [GC (Allocation Failure) 17.677: [ParNew: 19595K->2150K(19648K), 0.0028069 secs] 31072K->14173K(63360K), 0.0031288 secs] [Times: user=0.00 sys=0.00, real=0.00 secs] 
2014-07-10T10:46:55.154+0200: 17.733: [GC (Allocation Failure) 17.733: [ParNew: 19616K->2148K(19648K), 0.0050781 secs] 31639K->15775K(63360K), 0.0055137 secs] [Times: user=0.00 sys=0.00, real=0.01 secs] 
2014-07-10T10:46:55.248+0200: 17.826: [GC (Allocation Failure) 17.826: [ParNew: 19616K->2150K(19648K), 0.0033667 secs] 33243K->18436K(63360K), 0.0036091 secs] [Times: user=0.00 sys=0.00, real=0.00 secs] 
2014-07-10T10:46:55.297+0200: 17.876: [GC (Allocation Failure) 17.876: [ParNew: 19590K->2150K(19648K), 0.0035621 secs] 35876K->21096K(63360K), 0.0037946 secs] [Times: user=0.00 sys=0.00, real=0.00 secs] 
2014-07-10T10:46:55.351+0200: 17.930: [GC (Allocation Failure) 17.930: [ParNew: 19616K->2148K(19648K), 0.0043009 secs] 38562K->24810K(63360K), 0.0045737 secs] [Times: user=0.03 sys=0.00, real=0.00 secs] 
2014-07-10T10:46:55.454+0200: 18.033: [GC (Allocation Failure) 18.033: [ParNew: 19616K->2150K(19648K), 0.0052303 secs] 42279K->29585K(63360K), 0.0055056 secs] [Times: user=0.00 sys=0.00, real=0.01 secs] 
2014-07-10T10:46:55.499+0200: 18.077: [GC (Allocation Failure) 18.078: [ParNew: 19616K->2150K(19648K), 0.0061212 secs] 47051K->35414K(63360K), 0.0063445 secs] [Times: user=0.00 sys=0.00, real=0.01 secs] 
2014-07-10T10:46:55.506+0200: 18.084: [GC (CMS Initial Mark) [1 CMS-initial-mark: 33264K(43712K)] 35640K(63360K), 0.0002225 secs] [Times: user=0.00 sys=0.00, real=0.00 secs] 
2014-07-10T10:46:55.506+0200: 18.084: [CMS-concurrent-mark-start]
2014-07-10T10:46:55.507+0200: 18.085: [CMS-concurrent-mark: 0.001/0.001 secs] [Times: user=0.00 sys=0.00, real=0.00 secs] 
2014-07-10T10:46:55.507+0200: 18.085: [CMS-concurrent-preclean-start]
2014-07-10T10:46:55.507+0200: 18.086: [CMS-concurrent-preclean: 0.000/0.000 secs] [Times: user=0.00 sys=0.00, real=0.00 secs] 
2014-07-10T10:46:55.507+0200: 18.086: [GC (CMS Final Remark) [YG occupancy: 2376 K (19648 K)]18.086: [Rescan (parallel) , 0.0001701 secs]18.086: [weak refs processing, 0.0000385 secs]18.086: [class unloading, 0.0004473 secs]18.086: [scrub symbol table, 0.0007190 secs]18.087: [scrub string table, 0.0001969 secs][1 CMS-remark: 33264K(43712K)] 35640K(63360K), 0.0017752 secs] [Times: user=0.02 sys=0.00, real=0.00 secs] 
2014-07-10T10:46:55.509+0200: 18.088: [CMS-concurrent-sweep-start]
2014-07-10T10:46:55.510+0200: 18.088: [CMS-concurrent-sweep: 0.000/0.000 secs] [Times: user=0.00 sys=0.00, real=0.00 secs] 
2014-07-10T10:46:55.510+0200: 18.088: [CMS-concurrent-reset-start]
2014-07-10T10:46:55.510+0200: 18.088: [CMS-concurrent-reset: 0.000/0.000 secs] [Times: user=0.00 sys=0.00, real=0.00 secs] 
2014-07-10T10:46:55.560+0200: 18.139: [GC (Allocation Failure) 18.139: [ParNew: 19621K->188K(19648K), 0.0013389 secs] 25832K->6402K(63360K), 0.0016656 secs] [Times: user=0.00 sys=0.00, real=0.00 secs] 
2014-07-10T10:46:55.650+0200: 18.229: [GC (Allocation Failure) 18.229: [ParNew: 17640K->2152K(19648K), 0.0120902 secs] 23853K->14096K(63360K), 0.0125434 secs] [Times: user=0.00 sys=0.00, real=0.01 secs] 
2014-07-10T10:46:55.746+0200: 18.324: [GC (Allocation Failure) 18.324: [ParNew: 19620K->740K(19648K), 0.0038518 secs] 31564K->12691K(63360K), 0.0039533 secs] [Times: user=0.00 sys=0.00, real=0.00 secs] 
2014-07-10T10:46:55.796+0200: 18.375: [GC (Allocation Failure) 18.375: [ParNew: 18206K->1799K(19648K), 0.0009323 secs] 30157K->13750K(63360K), 0.0010343 secs] [Times: user=0.00 sys=0.00, real=0.00 secs] 
2014-07-10T10:46:55.853+0200: 18.432: [GC (Allocation Failure) 18.432: [ParNew: 19239K->1797K(19648K), 0.0032142 secs] 31190K->13753K(63360K), 0.0035647 secs] [Times: user=0.00 sys=0.00, real=0.00 secs] 
2014-07-10T10:46:55.948+0200: 18.527: [GC (Allocation Failure) 18.527: [ParNew: 19266K->2148K(19648K), 0.0030298 secs] 31222K->14811K(63360K), 0.0034195 secs] [Times: user=0.00 sys=0.00, real=0.00 secs] 
2014-07-10T10:46:55.997+0200: 18.575: [GC (Allocation Failure) 18.575: [ParNew: 19614K->2150K(19648K), 0.0025121 secs] 32277K->16576K(63360K), 0.0026819 secs] [Times: user=0.00 sys=0.00, real=0.00 secs] 
2014-07-10T10:46:56.051+0200: 18.629: [GC (Allocation Failure) 18.629: [ParNew: 19595K->2150K(19648K), 0.0025565 secs] 34021K->17826K(63360K), 0.0027171 secs] [Times: user=0.00 sys=0.00, real=0.00 secs] 
2014-07-10T10:46:56.149+0200: 18.728: [GC (Allocation Failure) 18.728: [ParNew: 19618K->2150K(19648K), 0.0055606 secs] 35295K->20135K(63360K), 0.0059342 secs] [Times: user=0.00 sys=0.00, real=0.01 secs] 
2014-07-10T10:46:56.198+0200: 18.777: [GC (Allocation Failure) 18.777: [ParNew: 19616K->2148K(19648K), 0.0046429 secs] 37601K->23497K(63360K), 0.0053861 secs] [Times: user=0.00 sys=0.00, real=0.01 secs] 
2014-07-10T10:46:56.252+0200: 18.831: [GC (Allocation Failure) 18.831: [ParNew: 19616K->2148K(19648K), 0.0053813 secs] 40965K->27917K(63360K), 0.0056171 secs] [Times: user=0.03 sys=0.00, real=0.01 secs] 
2014-07-10T10:46:56.350+0200: 18.929: [GC (Allocation Failure) 18.929: [ParNew: 19591K->2150K(19648K), 0.0063870 secs] 45361K->31827K(63360K), 0.0067481 secs] [Times: user=0.00 sys=0.01, real=0.01 secs] 
2014-07-10T10:46:56.398+0200: 18.977: [GC (Allocation Failure) 18.977: [ParNew: 19618K->2150K(19648K), 0.0051449 secs] 49296K->36793K(63360K), 0.0053392 secs] [Times: user=0.00 sys=0.00, real=0.01 secs] 
2014-07-10T10:46:56.404+0200: 18.982: [GC (CMS Initial Mark) [1 CMS-initial-mark: 34643K(43712K)] 36859K(63360K), 0.0002284 secs] [Times: user=0.00 sys=0.00, real=0.00 secs] 
2014-07-10T10:46:56.404+0200: 18.983: [CMS-concurrent-mark-start]
2014-07-10T10:46:56.405+0200: 18.983: [CMS-concurrent-mark: 0.001/0.001 secs] [Times: user=0.00 sys=0.00, real=0.00 secs] 
2014-07-10T10:46:56.405+0200: 18.983: [CMS-concurrent-preclean-start]
2014-07-10T10:46:56.405+0200: 18.983: [CMS-concurrent-preclean: 0.000/0.000 secs] [Times: user=0.00 sys=0.00, real=0.00 secs] 
2014-07-10T10:46:56.405+0200: 18.984: [GC (CMS Final Remark) [YG occupancy: 3240 K (19648 K)]18.984: [Rescan (parallel) , 0.0001353 secs]18.984: [weak refs processing, 0.0000326 secs]18.984: [class unloading, 0.0007153 secs]18.985: [scrub symbol table, 0.0007135 secs]18.985: [scrub string table, 0.0002046 secs][1 CMS-remark: 34643K(43712K)] 37883K(63360K), 0.0019717 secs] [Times: user=0.00 sys=0.00, real=0.00 secs] 
2014-07-10T10:46:56.407+0200: 18.986: [CMS-concurrent-sweep-start]
2014-07-10T10:46:56.408+0200: 18.986: [CMS-concurrent-sweep: 0.000/0.000 secs] [Times: user=0.00 sys=0.00, real=0.00 secs] 
2014-07-10T10:46:56.408+0200: 18.986: [CMS-concurrent-reset-start]
2014-07-10T10:46:56.408+0200: 18.986: [CMS-concurrent-reset: 0.000/0.000 secs] [Times: user=0.00 sys=0.00, real=0.00 secs] 
2014-07-10T10:46:56.461+0200: 19.039: [GC (Allocation Failure) 19.039: [ParNew: 19616K->2148K(19648K), 0.0099737 secs] 24967K->13520K(63360K), 0.0105046 secs] [Times: user=0.00 sys=0.00, real=0.01 secs] 
2014-07-10T10:46:56.569+0200: 19.147: [GC (Allocation Failure) 19.147: [ParNew: 19616K->1030K(19648K), 0.0009701 secs] 30988K->12404K(63360K), 0.0010823 secs] [Times: user=0.03 sys=0.00, real=0.00 secs] 
2014-07-10T10:46:56.646+0200: 19.224: [GC (Allocation Failure) 19.225: [ParNew: 18482K->391K(19648K), 0.0012506 secs] 29856K->11765K(63360K), 0.0015266 secs] [Times: user=0.00 sys=0.02, real=0.00 secs] 
2014-07-10T10:46:56.697+0200: 19.276: [GC (Allocation Failure) 19.276: [ParNew: 17858K->1450K(19648K), 0.0020355 secs] 29232K->12824K(63360K), 0.0023270 secs] [Times: user=0.00 sys=0.00, real=0.00 secs] 
2014-07-10T10:46:56.754+0200: 19.332: [GC (Allocation Failure) 19.332: [ParNew: 18918K->2148K(19648K), 0.0041077 secs] 30292K->13883K(63360K), 0.0045095 secs] [Times: user=0.02 sys=0.02, real=0.00 secs] 
2014-07-10T10:46:56.847+0200: 19.426: [GC (Allocation Failure) 19.426: [ParNew: 19588K->2150K(19648K), 0.0029587 secs] 31323K->14239K(63360K), 0.0033011 secs] [Times: user=0.03 sys=0.00, real=0.00 secs] 
2014-07-10T10:46:56.898+0200: 19.476: [GC (Allocation Failure) 19.476: [ParNew: 19616K->2150K(19648K), 0.0118171 secs] 31706K->15651K(63360K), 0.0121866 secs] [Times: user=0.00 sys=0.00, real=0.01 secs] 
2014-07-10T10:46:56.951+0200: 19.530: [GC (Allocation Failure) 19.530: [ParNew: 19618K->2148K(19648K), 0.0035962 secs] 33119K->18116K(63360K), 0.0037960 secs] [Times: user=0.00 sys=0.00, real=0.00 secs] 
2014-07-10T10:46:57.052+0200: 19.631: [GC (Allocation Failure) 19.631: [ParNew: 19614K->2150K(19648K), 0.0046759 secs] 35583K->21642K(63360K), 0.0049447 secs] [Times: user=0.00 sys=0.00, real=0.01 secs] 
2014-07-10T10:46:57.097+0200: 19.675: [GC (Allocation Failure) 19.675: [ParNew: 19601K->2150K(19648K), 0.0034881 secs] 39093K->24141K(63360K), 0.0036740 secs] [Times: user=0.03 sys=0.00, real=0.00 secs] 
2014-07-10T10:46:57.155+0200: 19.734: [GC (Allocation Failure) 19.734: [ParNew: 19616K->2148K(19648K), 0.0076691 secs] 41608K->27697K(63360K), 0.0081600 secs] [Times: user=0.03 sys=0.00, real=0.01 secs] 
2014-07-10T10:46:57.248+0200: 19.826: [GC (Allocation Failure) 19.826: [ParNew: 19616K->2150K(19648K), 0.0053212 secs] 45165K->32311K(63360K), 0.0055441 secs] [Times: user=0.00 sys=0.00, real=0.01 secs] 
2014-07-10T10:46:57.301+0200: 19.879: [GC (Allocation Failure) 19.879: [ParNew: 19590K->2150K(19648K), 0.0086362 secs] 49751K->36924K(63360K), 0.0090615 secs] [Times: user=0.03 sys=0.00, real=0.01 secs] 
2014-07-10T10:46:57.310+0200: 19.889: [GC (CMS Initial Mark) [1 CMS-initial-mark: 34774K(43712K)] 36990K(63360K), 0.0004191 secs] [Times: user=0.00 sys=0.00, real=0.00 secs] 
2014-07-10T10:46:57.311+0200: 19.889: [CMS-concurrent-mark-start]
2014-07-10T10:46:57.313+0200: 19.892: [CMS-concurrent-mark: 0.002/0.002 secs] [Times: user=0.00 sys=0.00, real=0.00 secs] 
2014-07-10T10:46:57.313+0200: 19.892: [CMS-concurrent-preclean-start]
2014-07-10T10:46:57.314+0200: 19.892: [CMS-concurrent-preclean: 0.000/0.000 secs] [Times: user=0.00 sys=0.00, real=0.00 secs] 
2014-07-10T10:46:57.314+0200: 19.893: [GC (CMS Final Remark) [YG occupancy: 3592 K (19648 K)]19.893: [Rescan (parallel) , 0.0004040 secs]19.893: [weak refs processing, 0.0000499 secs]19.893: [class unloading, 0.0005653 secs]19.894: [scrub symbol table, 0.0007512 secs]19.895: [scrub string table, 0.0002665 secs][1 CMS-remark: 34774K(43712K)] 38366K(63360K), 0.0023622 secs] [Times: user=0.00 sys=0.00, real=0.00 secs] 
2014-07-10T10:46:57.317+0200: 19.895: [CMS-concurrent-sweep-start]
2014-07-10T10:46:57.317+0200: 19.896: [CMS-concurrent-sweep: 0.000/0.000 secs] [Times: user=0.00 sys=0.00, real=0.00 secs] 
2014-07-10T10:46:57.317+0200: 19.896: [CMS-concurrent-reset-start]
2014-07-10T10:46:57.317+0200: 19.896: [CMS-concurrent-reset: 0.000/0.000 secs] [Times: user=0.00 sys=0.00, real=0.00 secs] 
2014-07-10T10:46:57.352+0200: 19.931: [GC (Allocation Failure) 19.931: [ParNew: 19616K->2148K(19648K), 0.0059250 secs] 24617K->12818K(63360K), 0.0061674 secs] [Times: user=0.00 sys=0.00, real=0.01 secs] 
2014-07-10T10:46:57.453+0200: 20.031: [GC (Allocation Failure) 20.031: [ParNew: 19616K->678K(19648K), 0.0017077 secs] 30286K->11350K(63360K), 0.0019897 secs] [Times: user=0.00 sys=0.00, real=0.00 secs] 
2014-07-10T10:46:57.547+0200: 20.125: [GC (Allocation Failure) 20.126: [ParNew: 18144K->1735K(19648K), 0.0021096 secs] 28817K->12408K(63360K), 0.0024106 secs] [Times: user=0.00 sys=0.00, real=0.00 secs] 
2014-07-10T10:46:57.596+0200: 20.175: [GC (Allocation Failure) 20.175: [ParNew: 19186K->1093K(19648K), 0.0009316 secs] 29858K->11771K(63360K), 0.0010672 secs] [Times: user=0.00 sys=0.00, real=0.00 secs] 
2014-07-10T10:46:57.653+0200: 20.232: [GC (Allocation Failure) 20.232: [ParNew: 18562K->2148K(19648K), 0.0035999 secs] 29239K->12829K(63360K), 0.0040076 secs] [Times: user=0.00 sys=0.00, real=0.00 secs] 
2014-07-10T10:46:57.747+0200: 20.326: [GC (Allocation Failure) 20.326: [ParNew: 19614K->2150K(19648K), 0.0020916 secs] 30295K->13890K(63360K), 0.0023075 secs] [Times: user=0.00 sys=0.00, real=0.00 secs] 
2014-07-10T10:46:57.798+0200: 20.377: [GC (Allocation Failure) 20.377: [ParNew: 19618K->2150K(19648K), 0.0062924 secs] 31358K->16005K(63360K), 0.0066682 secs] [Times: user=0.02 sys=0.00, real=0.01 secs] 
2014-07-10T10:46:57.855+0200: 20.434: [GC (Allocation Failure) 20.434: [ParNew: 19593K->2148K(19648K), 0.0063063 secs] 33449K->17606K(63360K), 0.0066660 secs] [Times: user=0.00 sys=0.00, real=0.01 secs] 
2014-07-10T10:46:57.950+0200: 20.529: [GC (Allocation Failure) 20.529: [ParNew: 19617K->2150K(19648K), 0.0086073 secs] 35075K->20268K(63360K), 0.0091469 secs] [Times: user=0.01 sys=0.00, real=0.01 secs] 
2014-07-10T10:46:57.998+0200: 20.576: [GC (Allocation Failure) 20.576: [ParNew: 19616K->2150K(19648K), 0.0046297 secs] 37735K->23984K(63360K), 0.0048516 secs] [Times: user=0.00 sys=0.00, real=0.01 secs] 
2014-07-10T10:46:58.057+0200: 20.636: [GC (Allocation Failure) 20.636: [ParNew: 19618K->2148K(19648K), 0.0080878 secs] 41453K->28755K(63360K), 0.0084405 secs] [Times: user=0.00 sys=0.00, real=0.01 secs] 
2014-07-10T10:46:58.147+0200: 20.726: [GC (Allocation Failure) 20.726: [ParNew: 19593K->2150K(19648K), 0.0050411 secs] 46200K->33017K(63360K), 0.0052545 secs] [Times: user=0.00 sys=0.00, real=0.01 secs] 
2014-07-10T10:46:58.199+0200: 20.778: [GC (Allocation Failure) 20.778: [ParNew: 19616K->2150K(19648K), 0.0054858 secs] 50483K->38335K(63360K), 0.0056908 secs] [Times: user=0.00 sys=0.00, real=0.01 secs] 
2014-07-10T10:46:58.205+0200: 20.783: [GC (CMS Initial Mark) [1 CMS-initial-mark: 36185K(43712K)] 38367K(63360K), 0.0002042 secs] [Times: user=0.00 sys=0.00, real=0.00 secs] 
2014-07-10T10:46:58.205+0200: 20.784: [CMS-concurrent-mark-start]
2014-07-10T10:46:58.206+0200: 20.785: [CMS-concurrent-mark: 0.001/0.001 secs] [Times: user=0.00 sys=0.00, real=0.00 secs] 
2014-07-10T10:46:58.206+0200: 20.785: [CMS-concurrent-preclean-start]
2014-07-10T10:46:58.206+0200: 20.785: [CMS-concurrent-preclean: 0.000/0.000 secs] [Times: user=0.00 sys=0.00, real=0.00 secs] 
2014-07-10T10:46:58.206+0200: 20.785: [GC (CMS Final Remark) [YG occupancy: 2888 K (19648 K)]20.785: [Rescan (parallel) , 0.0001203 secs]20.785: [weak refs processing, 0.0000671 secs]20.785: [class unloading, 0.0005613 secs]20.786: [scrub symbol table, 0.0006555 secs]20.786: [scrub string table, 0.0001818 secs][1 CMS-remark: 36185K(43712K)] 39073K(63360K), 0.0017609 secs] [Times: user=0.02 sys=0.00, real=0.00 secs] 
2014-07-10T10:46:58.208+0200: 20.787: [CMS-concurrent-sweep-start]
2014-07-10T10:46:58.209+0200: 20.787: [CMS-concurrent-sweep: 0.000/0.000 secs] [Times: user=0.00 sys=0.00, real=0.00 secs] 
2014-07-10T10:46:58.209+0200: 20.787: [CMS-concurrent-reset-start]
2014-07-10T10:46:58.209+0200: 20.787: [CMS-concurrent-reset: 0.000/0.000 secs] [Times: user=0.00 sys=0.00, real=0.00 secs] 
2014-07-10T10:46:58.296+0200: 20.874: [GC (Allocation Failure) 20.874: [ParNew: 19618K->325K(19648K), 0.0005232 secs] 25326K->6035K(63360K), 0.0006064 secs] [Times: user=0.00 sys=0.00, real=0.00 secs] 
2014-07-10T10:46:58.349+0200: 20.928: [GC (Allocation Failure) 20.928: [ParNew: 17765K->327K(19648K), 0.0008018 secs] 23475K->6037K(63360K), 0.0009540 secs] [Times: user=0.00 sys=0.00, real=0.00 secs] 
2014-07-10T10:46:58.447+0200: 21.025: [GC (Allocation Failure) 21.025: [ParNew: 17793K->1385K(19648K), 0.0010834 secs] 23503K->7095K(63360K), 0.0013770 secs] [Times: user=0.00 sys=0.00, real=0.00 secs] 
2014-07-10T10:46:58.497+0200: 21.076: [GC (Allocation Failure) 21.076: [ParNew: 18854K->2150K(19648K), 0.0029257 secs] 24564K->8156K(63360K), 0.0032828 secs] [Times: user=0.00 sys=0.00, real=0.00 secs] 
2014-07-10T10:46:58.554+0200: 21.133: [GC (Allocation Failure) 21.133: [ParNew: 19616K->2148K(19648K), 0.0047636 secs] 25622K->9501K(63360K), 0.0051566 secs] [Times: user=0.00 sys=0.00, real=0.00 secs] 
2014-07-10T10:46:58.648+0200: 21.226: [GC (Allocation Failure) 21.227: [ParNew: 19605K->2151K(19648K), 0.0029656 secs] 26958K->9698K(63360K), 0.0033323 secs] [Times: user=0.00 sys=0.00, real=0.00 secs] 
2014-07-10T10:46:58.697+0200: 21.276: [GC (Allocation Failure) 21.276: [ParNew: 19617K->2150K(19648K), 0.0021140 secs] 27164K->10950K(63360K), 0.0022837 secs] [Times: user=0.00 sys=0.00, real=0.00 secs] 
2014-07-10T10:46:58.751+0200: 21.330: [GC (Allocation Failure) 21.330: [ParNew: 19618K->2148K(19648K), 0.0036157 secs] 28418K->13255K(63360K), 0.0038327 secs] [Times: user=0.03 sys=0.00, real=0.00 secs] 
2014-07-10T10:46:58.849+0200: 21.427: [GC (Allocation Failure) 21.427: [ParNew: 19588K->2150K(19648K), 0.0056350 secs] 30695K->15564K(63360K), 0.0059815 secs] [Times: user=0.00 sys=0.00, real=0.01 secs] 
2014-07-10T10:46:58.899+0200: 21.477: [GC (Allocation Failure) 21.477: [ParNew: 19616K->2150K(19648K), 0.0072552 secs] 33031K->18929K(63360K), 0.0076086 secs] [Times: user=0.00 sys=0.00, real=0.01 secs] 
2014-07-10T10:46:58.958+0200: 21.536: [GC (Allocation Failure) 21.536: [ParNew: 19618K->2148K(19648K), 0.0078623 secs] 36397K->23347K(63360K), 0.0081776 secs] [Times: user=0.00 sys=0.00, real=0.01 secs] 
2014-07-10T10:46:59.050+0200: 21.629: [GC (Allocation Failure) 21.629: [ParNew: 19614K->2150K(19648K), 0.0095018 secs] 40813K->28826K(63360K), 0.0099913 secs] [Times: user=0.00 sys=0.00, real=0.01 secs] 
2014-07-10T10:46:59.100+0200: 21.678: [GC (Allocation Failure) 21.679: [ParNew: 19595K->2150K(19648K), 0.0093006 secs] 46272K->33790K(63360K), 0.0096701 secs] [Times: user=0.00 sys=0.00, real=0.01 secs] 
2014-07-10T10:46:59.159+0200: 21.738: [GC (Allocation Failure) 21.738: [ParNew: 19616K->2148K(19648K), 0.0093204 secs] 51257K->39811K(63360K), 0.0097640 secs] [Times: user=0.00 sys=0.00, real=0.01 secs] 
2014-07-10T10:46:59.171+0200: 21.750: [GC (CMS Initial Mark) [1 CMS-initial-mark: 37663K(43712K)] 39845K(63360K), 0.0005261 secs] [Times: user=0.00 sys=0.00, real=0.00 secs] 
2014-07-10T10:46:59.172+0200: 21.750: [CMS-concurrent-mark-start]
2014-07-10T10:46:59.175+0200: 21.753: [CMS-concurrent-mark: 0.003/0.003 secs] [Times: user=0.02 sys=0.00, real=0.00 secs] 
2014-07-10T10:46:59.175+0200: 21.753: [CMS-concurrent-preclean-start]
2014-07-10T10:46:59.175+0200: 21.754: [CMS-concurrent-preclean: 0.000/0.000 secs] [Times: user=0.00 sys=0.00, real=0.00 secs] 
2014-07-10T10:46:59.175+0200: 21.754: [GC (CMS Final Remark) [YG occupancy: 2182 K (19648 K)]21.754: [Rescan (parallel) , 0.0001650 secs]21.754: [weak refs processing, 0.0000436 secs]21.754: [class unloading, 0.0005499 secs]21.755: [scrub symbol table, 0.0009892 secs]21.756: [scrub string table, 0.0003047 secs][1 CMS-remark: 37663K(43712K)] 39845K(63360K), 0.0023545 secs] [Times: user=0.00 sys=0.00, real=0.00 secs] 
2014-07-10T10:46:59.178+0200: 21.756: [CMS-concurrent-sweep-start]
2014-07-10T10:46:59.178+0200: 21.757: [CMS-concurrent-sweep: 0.001/0.001 secs] [Times: user=0.00 sys=0.00, real=0.00 secs] 
2014-07-10T10:46:59.178+0200: 21.757: [CMS-concurrent-reset-start]
2014-07-10T10:46:59.179+0200: 21.757: [CMS-concurrent-reset: 0.000/0.000 secs] [Times: user=0.00 sys=0.00, real=0.00 secs] 
2014-07-10T10:46:59.250+0200: 21.829: [GC (Allocation Failure) 21.829: [ParNew: 19616K->1030K(19648K), 0.0009892 secs] 20011K->1427K(63360K), 0.0011904 secs] [Times: user=0.00 sys=0.00, real=0.00 secs] 
2014-07-10T10:46:59.346+0200: 21.925: [GC (Allocation Failure) 21.925: [ParNew: 18476K->519K(19648K), 0.0005642 secs] 18872K->916K(63360K), 0.0006654 secs] [Times: user=0.00 sys=0.00, real=0.00 secs] 
2014-07-10T10:46:59.397+0200: 21.975: [GC (Allocation Failure) 21.976: [ParNew: 17986K->1577K(19648K), 0.0024909 secs] 18383K->1974K(63360K), 0.0028007 secs] [Times: user=0.00 sys=0.00, real=0.00 secs] 
2014-07-10T10:46:59.455+0200: 22.034: [GC (Allocation Failure) 22.034: [ParNew: 19045K->2148K(19648K), 0.0049036 secs] 19442K->3033K(63360K), 0.0052999 secs] [Times: user=0.00 sys=0.01, real=0.01 secs] 
2014-07-10T10:46:59.548+0200: 22.126: [GC (Allocation Failure) 22.126: [ParNew: 19614K->2150K(19648K), 0.0044835 secs] 20500K->4574K(63360K), 0.0049088 secs] [Times: user=0.03 sys=0.00, real=0.00 secs] 
2014-07-10T10:46:59.598+0200: 22.176: [GC (Allocation Failure) 22.177: [ParNew: 19603K->2150K(19648K), 0.0031522 secs] 22028K->5473K(63360K), 0.0034943 secs] [Times: user=0.00 sys=0.00, real=0.00 secs] 
2014-07-10T10:46:59.656+0200: 22.234: [GC (Allocation Failure) 22.234: [ParNew: 19616K->2148K(19648K), 0.0036285 secs] 22939K->7427K(63360K), 0.0038763 secs] [Times: user=0.01 sys=0.00, real=0.00 secs] 
2014-07-10T10:46:59.749+0200: 22.327: [GC (Allocation Failure) 22.328: [ParNew: 19614K->2150K(19648K), 0.0067510 secs] 24894K->10441K(63360K), 0.0071151 secs] [Times: user=0.03 sys=0.00, real=0.01 secs] 
2014-07-10T10:46:59.799+0200: 22.378: [GC (Allocation Failure) 22.378: [ParNew: 19590K->2150K(19648K), 0.0041847 secs] 27881K->13453K(63360K), 0.0044094 secs] [Times: user=0.00 sys=0.00, real=0.00 secs] 
2014-07-10T10:46:59.851+0200: 22.430: [GC (Allocation Failure) 22.430: [ParNew: 19618K->2148K(19648K), 0.0047870 secs] 30921K->17519K(63360K), 0.0049901 secs] [Times: user=0.00 sys=0.00, real=0.00 secs] 
2014-07-10T10:46:59.949+0200: 22.527: [GC (Allocation Failure) 22.527: [ParNew: 19614K->2150K(19648K), 0.0058253 secs] 34986K->22646K(63360K), 0.0060618 secs] [Times: user=0.03 sys=0.00, real=0.01 secs] 
2014-07-10T10:47:00.046+0200: 22.625: [GC (Allocation Failure) 22.625: [ParNew: 19618K->133K(19648K), 0.0011853 secs] 40114K->20631K(63360K), 0.0014779 secs] [Times: user=0.00 sys=0.02, real=0.00 secs] 
2014-07-10T10:47:00.062+0200: 22.641: [GC (Allocation Failure) 22.641: [ParNew: 17603K->158K(19648K), 0.0014064 secs] 38101K->20657K(63360K), 0.0017404 secs] [Times: user=0.03 sys=0.00, real=0.00 secs] 
2014-07-10T10:47:00.151+0200: 22.729: [GC (Allocation Failure) 22.730: [ParNew: 17606K->170K(19648K), 0.0014984 secs] 38105K->20668K(63360K), 0.0018133 secs] [Times: user=0.00 sys=0.00, real=0.00 secs] 
2014-07-10T10:47:00.246+0200: 22.825: [GC (Allocation Failure) 22.825: [ParNew: 17636K->1228K(19648K), 0.0011109 secs] 38135K->21727K(63360K), 0.0012748 secs] [Times: user=0.00 sys=0.00, real=0.00 secs] 
2014-07-10T10:47:00.298+0200: 22.877: [GC (Allocation Failure) 22.877: [ParNew: 18697K->2150K(19648K), 0.0031442 secs] 39195K->22787K(63360K), 0.0036113 secs] [Times: user=0.00 sys=0.00, real=0.00 secs] 
2014-07-10T10:47:00.356+0200: 22.935: [GC (Allocation Failure) 22.935: [ParNew: 19590K->2148K(19648K), 0.0015325 secs] 40227K->22916K(63360K), 0.0016982 secs] [Times: user=0.00 sys=0.00, real=0.00 secs] 
2014-07-10T10:47:00.448+0200: 23.027: [GC (Allocation Failure) 23.027: [ParNew: 19614K->2150K(19648K), 0.0039291 secs] 40382K->24105K(63360K), 0.0043068 secs] [Times: user=0.00 sys=0.00, real=0.01 secs] 
2014-07-10T10:47:00.497+0200: 23.076: [GC (Allocation Failure) 23.076: [ParNew: 19618K->2150K(19648K), 0.0038595 secs] 41573K->26348K(63360K), 0.0040912 secs] [Times: user=0.02 sys=0.01, real=0.00 secs] 
2014-07-10T10:47:00.551+0200: 23.130: [GC (Allocation Failure) 23.130: [ParNew: 19616K->2148K(19648K), 0.0041843 secs] 43815K->29646K(63360K), 0.0043845 secs] [Times: user=0.00 sys=0.00, real=0.00 secs] 
2014-07-10T10:47:00.648+0200: 23.227: [GC (Allocation Failure) 23.227: [ParNew: 19599K->2150K(19648K), 0.0063485 secs] 47098K->32308K(63360K), 0.0067158 secs] [Times: user=0.00 sys=0.00, real=0.01 secs] 
2014-07-10T10:47:00.698+0200: 23.276: [GC (Allocation Failure) 23.277: [ParNew: 19617K->2150K(19648K), 0.0045256 secs] 49774K->36025K(63360K), 0.0047738 secs] [Times: user=0.00 sys=0.02, real=0.01 secs] 
2014-07-10T10:47:00.757+0200: 23.336: [GC (Allocation Failure) 23.336: [ParNew: 19618K->2148K(19648K), 0.0082131 secs] 53494K->40796K(63360K), 0.0085633 secs] [Times: user=0.03 sys=0.00, real=0.01 secs] 
2014-07-10T10:47:00.766+0200: 23.345: [GC (CMS Initial Mark) [1 CMS-initial-mark: 38647K(43712K)] 40862K(63360K), 0.0002739 secs] [Times: user=0.00 sys=0.00, real=0.00 secs] 
2014-07-10T10:47:00.767+0200: 23.345: [CMS-concurrent-mark-start]
2014-07-10T10:47:00.768+0200: 23.346: [CMS-concurrent-mark: 0.001/0.001 secs] [Times: user=0.00 sys=0.00, real=0.00 secs] 
2014-07-10T10:47:00.768+0200: 23.346: [CMS-concurrent-preclean-start]
2014-07-10T10:47:00.768+0200: 23.347: [CMS-concurrent-preclean: 0.000/0.000 secs] [Times: user=0.00 sys=0.00, real=0.00 secs] 
2014-07-10T10:47:00.768+0200: 23.347: [GC (CMS Final Remark) [YG occupancy: 3430 K (19648 K)]23.347: [Rescan (parallel) , 0.0002016 secs]23.347: [weak refs processing, 0.0000480 secs]23.347: [class unloading, 0.0005503 secs]23.348: [scrub symbol table, 0.0007406 secs]23.349: [scrub string table, 0.0002467 secs][1 CMS-remark: 38647K(43712K)] 42078K(63360K), 0.0020454 secs] [Times: user=0.00 sys=0.00, real=0.00 secs] 
2014-07-10T10:47:00.770+0200: 23.349: [CMS-concurrent-sweep-start]
2014-07-10T10:47:00.771+0200: 23.350: [CMS-concurrent-sweep: 0.001/0.001 secs] [Times: user=0.00 sys=0.00, real=0.00 secs] 
2014-07-10T10:47:00.771+0200: 23.350: [CMS-concurrent-reset-start]
2014-07-10T10:47:00.771+0200: 23.350: [CMS-concurrent-reset: 0.000/0.000 secs] [Times: user=0.00 sys=0.00, real=0.00 secs] 
2014-07-10T10:47:00.849+0200: 23.428: [GC (Allocation Failure) 23.428: [ParNew: 19593K->2150K(19648K), 0.0083796 secs] 24762K->11579K(63360K), 0.0087748 secs] [Times: user=0.00 sys=0.00, real=0.01 secs] 
2014-07-10T10:47:00.898+0200: 23.477: [GC (Allocation Failure) 23.477: [ParNew: 19616K->2150K(19648K), 0.0057458 secs] 29045K->16897K(63360K), 0.0059687 secs] [Times: user=0.00 sys=0.00, real=0.01 secs] 
2014-07-10T10:47:00.996+0200: 23.575: [GC (Allocation Failure) 23.575: [ParNew: 19618K->325K(19648K), 0.0014005 secs] 34365K->15074K(63360K), 0.0016931 secs] [Times: user=0.00 sys=0.00, real=0.00 secs] 
2014-07-10T10:47:01.052+0200: 23.631: [GC (Allocation Failure) 23.631: [ParNew: 17791K->1383K(19648K), 0.0023277 secs] 32540K->16132K(63360K), 0.0026606 secs] [Times: user=0.00 sys=0.00, real=0.00 secs] 
2014-07-10T10:47:01.146+0200: 23.725: [GC (Allocation Failure) 23.725: [ParNew: 18829K->869K(19648K), 0.0015472 secs] 33578K->15624K(63360K), 0.0018218 secs] [Times: user=0.00 sys=0.00, real=0.00 secs] 
2014-07-10T10:47:01.198+0200: 23.777: [GC (Allocation Failure) 23.777: [ParNew: 18336K->1927K(19648K), 0.0023981 secs] 33091K->16682K(63360K), 0.0026826 secs] [Times: user=0.00 sys=0.00, real=0.00 secs] 
2014-07-10T10:47:01.251+0200: 23.829: [GC (Allocation Failure) 23.830: [ParNew: 19396K->2148K(19648K), 0.0023141 secs] 34150K->17740K(63360K), 0.0025286 secs] [Times: user=0.00 sys=0.00, real=0.00 secs] 
2014-07-10T10:47:01.347+0200: 23.925: [GC (Allocation Failure) 23.925: [ParNew: 19588K->2150K(19648K), 0.0017763 secs] 35180K->18577K(63360K), 0.0019981 secs] [Times: user=0.00 sys=0.00, real=0.00 secs] 
2014-07-10T10:47:01.398+0200: 23.976: [GC (Allocation Failure) 23.977: [ParNew: 19616K->2150K(19648K), 0.0031226 secs] 36043K->20468K(63360K), 0.0034214 secs] [Times: user=0.00 sys=0.00, real=0.00 secs] 
2014-07-10T10:47:01.454+0200: 24.032: [GC (Allocation Failure) 24.033: [ParNew: 19618K->2148K(19648K), 0.0040321 secs] 37937K->23414K(63360K), 0.0042224 secs] [Times: user=0.00 sys=0.00, real=0.00 secs] 
2014-07-10T10:47:01.548+0200: 24.127: [GC (Allocation Failure) 24.127: [ParNew: 19614K->2150K(19648K), 0.0042591 secs] 40880K->27420K(63360K), 0.0045355 secs] [Times: user=0.00 sys=0.00, real=0.00 secs] 
2014-07-10T10:47:01.597+0200: 24.176: [GC (Allocation Failure) 24.176: [ParNew: 19607K->2150K(19648K), 0.0038221 secs] 44877K->30271K(63360K), 0.0040036 secs] [Times: user=0.00 sys=0.00, real=0.00 secs] 
2014-07-10T10:47:01.657+0200: 24.236: [GC (Allocation Failure) 24.236: [ParNew: 19616K->2148K(19648K), 0.0088562 secs] 47738K->34180K(63360K), 0.0092463 secs] [Times: user=0.00 sys=0.00, real=0.01 secs] 
2014-07-10T10:47:01.753+0200: 24.332: [GC (Allocation Failure) 24.332: [ParNew: 19616K->2150K(19648K), 0.0085801 secs] 51648K->39146K(63360K), 0.0089310 secs] [Times: user=0.00 sys=0.00, real=0.01 secs] 
2014-07-10T10:47:01.762+0200: 24.341: [GC (CMS Initial Mark) [1 CMS-initial-mark: 36996K(43712K)] 39212K(63360K), 0.0004550 secs] [Times: user=0.00 sys=0.00, real=0.00 secs] 
2014-07-10T10:47:01.763+0200: 24.342: [CMS-concurrent-mark-start]
2014-07-10T10:47:01.770+0200: 24.348: [CMS-concurrent-mark: 0.006/0.006 secs] [Times: user=0.03 sys=0.00, real=0.01 secs] 
2014-07-10T10:47:01.770+0200: 24.349: [CMS-concurrent-preclean-start]
2014-07-10T10:47:01.770+0200: 24.349: [CMS-concurrent-preclean: 0.000/0.001 secs] [Times: user=0.00 sys=0.00, real=0.00 secs] 
2014-07-10T10:47:01.771+0200: 24.349: [CMS-concurrent-abortable-preclean-start]
2014-07-10T10:47:01.798+0200: 24.377: [GC (Allocation Failure) 24.377: [ParNew: 19590K->2150K(19648K), 0.0058950 secs] 56586K->44111K(63360K), 0.0061923 secs] [Times: user=0.00 sys=0.00, real=0.01 secs] 
2014-07-10T10:47:01.805+0200: 24.384: [CMS-concurrent-abortable-preclean: 0.001/0.034 secs] [Times: user=0.00 sys=0.00, real=0.03 secs] 
2014-07-10T10:47:01.805+0200: 24.384: [GC (CMS Final Remark) [YG occupancy: 2344 K (19648 K)]24.384: [Rescan (parallel) , 0.0003384 secs]24.384: [weak refs processing, 0.0000499 secs]24.384: [class unloading, 0.0005774 secs]24.385: [scrub symbol table, 0.0007362 secs]24.386: [scrub string table, 0.0002467 secs][1 CMS-remark: 41961K(43712K)] 44305K(63360K), 0.0022060 secs] [Times: user=0.00 sys=0.00, real=0.00 secs] 
2014-07-10T10:47:01.807+0200: 24.386: [CMS-concurrent-sweep-start]
2014-07-10T10:47:01.808+0200: 24.387: [CMS-concurrent-sweep: 0.001/0.001 secs] [Times: user=0.00 sys=0.00, real=0.00 secs] 
2014-07-10T10:47:01.808+0200: 24.387: [CMS-concurrent-reset-start]
2014-07-10T10:47:01.808+0200: 24.387: [CMS-concurrent-reset: 0.000/0.000 secs] [Times: user=0.00 sys=0.00, real=0.00 secs] 
2014-07-10T10:47:01.858+0200: 24.437: [GC (Allocation Failure) 24.437: [ParNew: 19616K->2148K(19648K), 0.0104928 secs] 29946K->18499K(63360K), 0.0108899 secs] [Times: user=0.00 sys=0.00, real=0.01 secs] 
2014-07-10T10:47:01.956+0200: 24.535: [GC (Allocation Failure) 24.535: [ParNew: 19616K->1030K(19648K), 0.0019501 secs] 35967K->17383K(63360K), 0.0022969 secs] [Times: user=0.00 sys=0.00, real=0.00 secs] 
2014-07-10T10:47:02.048+0200: 24.627: [GC (Allocation Failure) 24.627: [ParNew: 18499K->2088K(19648K), 0.0023050 secs] 34852K->18441K(63360K), 0.0026221 secs] [Times: user=0.00 sys=0.00, real=0.00 secs] 
2014-07-10T10:47:02.096+0200: 24.675: [GC (Allocation Failure) 24.675: [ParNew: 19531K->1574K(19648K), 0.0011189 secs] 35885K->17933K(63360K), 0.0012839 secs] [Times: user=0.00 sys=0.00, real=0.00 secs] 
2014-07-10T10:47:02.150+0200: 24.729: [GC (Allocation Failure) 24.729: [ParNew: 19042K->2148K(19648K), 0.0022251 secs] 35401K->18990K(63360K), 0.0024428 secs] [Times: user=0.00 sys=0.00, real=0.00 secs] 
2014-07-10T10:47:02.247+0200: 24.826: [GC (Allocation Failure) 24.826: [ParNew: 19614K->2150K(19648K), 0.0024571 secs] 36457K->20531K(63360K), 0.0026874 secs] [Times: user=0.03 sys=0.00, real=0.00 secs] 
2014-07-10T10:47:02.298+0200: 24.877: [GC (Allocation Failure) 24.877: [ParNew: 19618K->2150K(19648K), 0.0068387 secs] 38000K->23127K(63360K), 0.0071965 secs] [Times: user=0.00 sys=0.00, real=0.01 secs] 
2014-07-10T10:47:02.353+0200: 24.931: [GC (Allocation Failure) 24.932: [ParNew: 19595K->2150K(19648K), 0.0033062 secs] 40572K->25210K(63360K), 0.0035823 secs] [Times: user=0.00 sys=0.00, real=0.00 secs] 
2014-07-10T10:47:02.450+0200: 25.029: [GC (Allocation Failure) 25.029: [ParNew: 19616K->2148K(19648K), 0.0066209 secs] 42676K->28349K(63360K), 0.0070047 secs] [Times: user=0.02 sys=0.00, real=0.01 secs] 
2014-07-10T10:47:02.498+0200: 25.076: [GC (Allocation Failure) 25.077: [ParNew: 19616K->2150K(19648K), 0.0050554 secs] 45817K->32547K(63360K), 0.0052647 secs] [Times: user=0.00 sys=0.00, real=0.01 secs] 
2014-07-10T10:47:02.552+0200: 25.131: [GC (Allocation Failure) 25.131: [ParNew: 19616K->2148K(19648K), 0.0056728 secs] 50013K->37798K(63360K), 0.0058598 secs] [Times: user=0.00 sys=0.00, real=0.01 secs] 
2014-07-10T10:47:02.558+0200: 25.137: [GC (CMS Initial Mark) [1 CMS-initial-mark: 35649K(43712K)] 37864K(63360K), 0.0002299 secs] [Times: user=0.00 sys=0.00, real=0.00 secs] 
2014-07-10T10:47:02.558+0200: 25.137: [CMS-concurrent-mark-start]
2014-07-10T10:47:02.559+0200: 25.138: [CMS-concurrent-mark: 0.001/0.001 secs] [Times: user=0.00 sys=0.00, real=0.00 secs] 
2014-07-10T10:47:02.560+0200: 25.138: [CMS-concurrent-preclean-start]
2014-07-10T10:47:02.560+0200: 25.138: [CMS-concurrent-preclean: 0.000/0.000 secs] [Times: user=0.00 sys=0.00, real=0.00 secs] 
2014-07-10T10:47:02.560+0200: 25.138: [CMS-concurrent-abortable-preclean-start]
2014-07-10T10:47:02.650+0200: 25.229: [GC (Allocation Failure) 25.229: [ParNew: 19599K->2150K(19648K), 0.0089248 secs] 55249K->42412K(63360K), 0.0093083 secs] [Times: user=0.03 sys=0.00, real=0.01 secs] 
2014-07-10T10:47:02.699+0200: 25.278: [GC (Allocation Failure) 25.278: [ParNew: 19616K->19616K(19648K), 0.0000697 secs]25.278: [CMS2014-07-10T10:47:02.699+0200: 25.278: [CMS-concurrent-abortable-preclean: 0.002/0.140 secs] [Times: user=0.05 sys=0.00, real=0.14 secs] 
 (concurrent mode failure): 40262K->8215K(43712K), 0.0093721 secs] 59878K->8215K(63360K), [Metaspace: 2457K->2457K(1056768K)], 0.0097027 secs] [Times: user=0.01 sys=0.00, real=0.01 secs] 
2014-07-10T10:47:02.796+0200: 25.375: [GC (Allocation Failure) 25.375: [ParNew: 17468K->677K(19648K), 0.0014595 secs] 25683K->8892K(63360K), 0.0017235 secs] [Times: user=0.00 sys=0.00, real=0.00 secs] 
2014-07-10T10:47:02.851+0200: 25.430: [GC (Allocation Failure) 25.431: [ParNew: 18117K->679K(19648K), 0.0018441 secs] 26332K->8894K(63360K), 0.0021561 secs] [Times: user=0.00 sys=0.00, real=0.00 secs] 
2014-07-10T10:47:02.947+0200: 25.526: [GC (Allocation Failure) 25.526: [ParNew: 18145K->1737K(19648K), 0.0021943 secs] 26361K->9953K(63360K), 0.0024956 secs] [Times: user=0.02 sys=0.00, real=0.00 secs] 
2014-07-10T10:47:02.997+0200: 25.576: [GC (Allocation Failure) 25.576: [ParNew: 19206K->2150K(19648K), 0.0030184 secs] 27421K->11017K(63360K), 0.0033913 secs] [Times: user=0.00 sys=0.00, real=0.00 secs] 
2014-07-10T10:47:03.053+0200: 25.631: [GC (Allocation Failure) 25.631: [ParNew: 19595K->2150K(19648K), 0.0021939 secs] 28463K->11148K(63360K), 0.0024131 secs] [Times: user=0.00 sys=0.00, real=0.00 secs] 
2014-07-10T10:47:03.147+0200: 25.726: [GC (Allocation Failure) 25.726: [ParNew: 19590K->2150K(19648K), 0.0029854 secs] 28588K->11791K(63360K), 0.0033117 secs] [Times: user=0.00 sys=0.00, real=0.00 secs] 
2014-07-10T10:47:03.197+0200: 25.776: [GC (Allocation Failure) 25.777: [ParNew: 19616K->2150K(19648K), 0.0030225 secs] 29258K->13491K(63360K), 0.0040157 secs] [Times: user=0.03 sys=0.00, real=0.00 secs] 
2014-07-10T10:47:03.252+0200: 25.830: [GC (Allocation Failure) 25.831: [ParNew: 19618K->2148K(19648K), 0.0041124 secs] 30959K->16244K(63360K), 0.0043350 secs] [Times: user=0.00 sys=0.00, real=0.00 secs] 
2014-07-10T10:47:03.347+0200: 25.926: [GC (Allocation Failure) 25.926: [ParNew: 19588K->2150K(19648K), 0.0038257 secs] 33684K->19002K(63360K), 0.0040277 secs] [Times: user=0.00 sys=0.00, real=0.00 secs] 
2014-07-10T10:47:03.397+0200: 25.976: [GC (Allocation Failure) 25.976: [ParNew: 19616K->2150K(19648K), 0.0045414 secs] 36468K->22814K(63360K), 0.0047694 secs] [Times: user=0.03 sys=0.00, real=0.00 secs] 
2014-07-10T10:47:03.458+0200: 26.037: [GC (Allocation Failure) 26.037: [ParNew: 19618K->2148K(19648K), 0.0083213 secs] 40283K->27681K(63360K), 0.0086575 secs] [Times: user=0.02 sys=0.00, real=0.01 secs] 
2014-07-10T10:47:03.552+0200: 26.130: [GC (Allocation Failure) 26.130: [ParNew: 19614K->2150K(19648K), 0.0057923 secs] 45147K->33608K(63360K), 0.0060394 secs] [Times: user=0.00 sys=0.00, real=0.01 secs] 
2014-07-10T10:47:03.558+0200: 26.136: [GC (CMS Initial Mark) [1 CMS-initial-mark: 31458K(43712K)] 33640K(63360K), 0.0001866 secs] [Times: user=0.00 sys=0.00, real=0.00 secs] 
2014-07-10T10:47:03.558+0200: 26.136: [CMS-concurrent-mark-start]
2014-07-10T10:47:03.559+0200: 26.137: [CMS-concurrent-mark: 0.001/0.001 secs] [Times: user=0.03 sys=0.00, real=0.00 secs] 
2014-07-10T10:47:03.559+0200: 26.137: [CMS-concurrent-preclean-start]
2014-07-10T10:47:03.559+0200: 26.137: [CMS-concurrent-preclean: 0.000/0.000 secs] [Times: user=0.00 sys=0.00, real=0.00 secs] 
2014-07-10T10:47:03.563+0200: 26.141: [GC (CMS Final Remark) [YG occupancy: 12165 K (19648 K)]26.141: [Rescan (parallel) , 0.0002497 secs]26.142: [weak refs processing, 0.0000352 secs]26.142: [class unloading, 0.0006031 secs]26.142: [scrub symbol table, 0.0005745 secs]26.143: [scrub string table, 0.0002196 secs][1 CMS-remark: 31458K(43712K)] 43623K(63360K), 0.0019666 secs] [Times: user=0.00 sys=0.00, real=0.00 secs] 
2014-07-10T10:47:03.566+0200: 26.144: [CMS-concurrent-sweep-start]
2014-07-10T10:47:03.566+0200: 26.144: [CMS-concurrent-sweep: 0.000/0.000 secs] [Times: user=0.00 sys=0.00, real=0.00 secs] 
2014-07-10T10:47:03.566+0200: 26.144: [CMS-concurrent-reset-start]
2014-07-10T10:47:03.566+0200: 26.144: [CMS-concurrent-reset: 0.000/0.000 secs] [Times: user=0.00 sys=0.00, real=0.00 secs] 
2014-07-10T10:47:03.599+0200: 26.177: [GC (Allocation Failure) 26.177: [ParNew: 19600K->2150K(19648K), 0.0053795 secs] 25929K->13763K(63360K), 0.0056097 secs] [Times: user=0.00 sys=0.00, real=0.01 secs] 
2014-07-10T10:47:03.697+0200: 26.275: [GC (Allocation Failure) 26.275: [ParNew: 19618K->293K(19648K), 0.0013591 secs] 31231K->11910K(63360K), 0.0016242 secs] [Times: user=0.00 sys=0.00, real=0.00 secs] 
2014-07-10T10:47:03.753+0200: 26.331: [GC (Allocation Failure) 26.331: [ParNew: 17759K->1351K(19648K), 0.0021902 secs] 29376K->12968K(63360K), 0.0024865 secs] [Times: user=0.00 sys=0.00, real=0.00 secs] 
2014-07-10T10:47:03.847+0200: 26.425: [GC (Allocation Failure) 26.425: [ParNew: 18797K->837K(19648K), 0.0015453 secs] 30414K->12460K(63360K), 0.0018064 secs] [Times: user=0.00 sys=0.00, real=0.00 secs] 
2014-07-10T10:47:03.898+0200: 26.476: [GC (Allocation Failure) 26.476: [ParNew: 18304K->1895K(19648K), 0.0021393 secs] 29926K->13517K(63360K), 0.0024084 secs] [Times: user=0.00 sys=0.00, real=0.00 secs] 
2014-07-10T10:47:03.959+0200: 26.537: [GC (Allocation Failure) 26.537: [ParNew: 19363K->2148K(19648K), 0.0038349 secs] 30986K->14576K(63360K), 0.0041711 secs] [Times: user=0.00 sys=0.00, real=0.00 secs] 
2014-07-10T10:47:04.048+0200: 26.626: [GC (Allocation Failure) 26.626: [ParNew: 19614K->2150K(19648K), 0.0047163 secs] 32042K->16437K(63360K), 0.0051203 secs] [Times: user=0.00 sys=0.00, real=0.01 secs] 
2014-07-10T10:47:04.102+0200: 26.680: [GC (Allocation Failure) 26.680: [ParNew: 19595K->2150K(19648K), 0.0024025 secs] 33883K->17784K(63360K), 0.0026115 secs] [Times: user=0.00 sys=0.00, real=0.00 secs] 
2014-07-10T10:47:04.151+0200: 26.729: [GC (Allocation Failure) 26.729: [ParNew: 19618K->2148K(19648K), 0.0039922 secs] 35252K->20186K(63360K), 0.0042448 secs] [Times: user=0.03 sys=0.00, real=0.00 secs] 
2014-07-10T10:47:04.249+0200: 26.827: [GC (Allocation Failure) 26.827: [ParNew: 19614K->2150K(19648K), 0.0071338 secs] 37653K->23648K(63360K), 0.0075474 secs] [Times: user=0.00 sys=0.00, real=0.01 secs] 
2014-07-10T10:47:04.298+0200: 26.876: [GC (Allocation Failure) 26.876: [ParNew: 19618K->2150K(19648K), 0.0053623 secs] 41116K->28164K(63360K), 0.0055929 secs] [Times: user=0.00 sys=0.00, real=0.01 secs] 
2014-07-10T10:47:04.352+0200: 26.930: [GC (Allocation Failure) 26.930: [ParNew: 19590K->2150K(19648K), 0.0056849 secs] 45604K->32681K(63360K), 0.0059302 secs] [Times: user=0.03 sys=0.00, real=0.01 secs] 
2014-07-10T10:47:04.450+0200: 27.028: [GC (Allocation Failure) 27.028: [ParNew: 19616K->2150K(19648K), 0.0057458 secs] 50147K->38254K(63360K), 0.0059595 secs] [Times: user=0.00 sys=0.00, real=0.01 secs] 
2014-07-10T10:47:04.456+0200: 27.034: [GC (CMS Initial Mark) [1 CMS-initial-mark: 36104K(43712K)] 38352K(63360K), 0.0002885 secs] [Times: user=0.00 sys=0.00, real=0.00 secs] 
2014-07-10T10:47:04.457+0200: 27.035: [CMS-concurrent-mark-start]
2014-07-10T10:47:04.458+0200: 27.036: [CMS-concurrent-mark: 0.001/0.001 secs] [Times: user=0.00 sys=0.00, real=0.00 secs] 
2014-07-10T10:47:04.458+0200: 27.036: [CMS-concurrent-preclean-start]
2014-07-10T10:47:04.458+0200: 27.036: [CMS-concurrent-preclean: 0.000/0.000 secs] [Times: user=0.00 sys=0.00, real=0.00 secs] 
2014-07-10T10:47:04.458+0200: 27.036: [CMS-concurrent-abortable-preclean-start]
2014-07-10T10:47:04.547+0200: 27.125: [GC (Allocation Failure) 27.125: [ParNew: 19618K->581K(19648K), 0.0014775 secs] 55723K->36687K(63360K), 0.0017459 secs] [Times: user=0.00 sys=0.00, real=0.00 secs] 
2014-07-10T10:47:04.563+0200: 27.141: [GC (Allocation Failure) 27.141: [ParNew: 18048K->471K(19648K), 0.0016421 secs] 54155K->36578K(63360K), 0.0019266 secs] [Times: user=0.00 sys=0.00, real=0.00 secs] 
2014-07-10T10:47:04.652+0200: 27.230: [GC (Allocation Failure) 27.231: [ParNew: 17927K->490K(19648K), 0.0016912 secs] 54033K->36596K(63360K), 0.0021011 secs] [Times: user=0.00 sys=0.00, real=0.00 secs] 
2014-07-10T10:47:04.747+0200: 27.325: [GC (Allocation Failure) 27.325: [ParNew: 17956K->1548K(19648K), 0.0020986 secs] 54063K->37655K(63360K), 0.0023754 secs] [Times: user=0.00 sys=0.00, real=0.00 secs] 
2014-07-10T10:47:04.797+0200: 27.375: [GC (Allocation Failure) 27.375: [ParNew: 18988K->1541K(19648K), 0.0011879 secs] 55095K->37660K(63360K), 0.0013616 secs] [Times: user=0.00 sys=0.00, real=0.00 secs] 
2014-07-10T10:47:04.854+0200: 27.432: [GC (Allocation Failure) 27.432: [ParNew: 19010K->2148K(19648K), 0.0036138 secs] 55128K->38717K(63360K), 0.0040171 secs] [Times: user=0.00 sys=0.00, real=0.00 secs] 
2014-07-10T10:47:04.949+0200: 27.527: [GC (Allocation Failure) 27.527: [ParNew: 19614K->2150K(19648K), 0.0042591 secs] 56184K->40226K(63360K), 0.0046932 secs] [Times: user=0.00 sys=0.00, real=0.01 secs] 
2014-07-10T10:47:04.998+0200: 27.576: [GC (Allocation Failure) 27.577: [ParNew: 19618K->2150K(19648K), 0.0063250 secs] 57694K->42789K(63360K), 0.0067169 secs] [Times: user=0.00 sys=0.00, real=0.01 secs] 
2014-07-10T10:47:05.056+0200: 27.634: [GC (Allocation Failure) 27.634: [ParNew: 19616K->19616K(19648K), 0.0001221 secs]27.634: [CMS2014-07-10T10:47:05.057+0200: 27.635: [CMS-concurrent-abortable-preclean: 0.006/0.598 secs] [Times: user=0.09 sys=0.01, real=0.60 secs] 
 (concurrent mode failure): 40639K->6171K(43712K), 0.0148791 secs] 60256K->6171K(63360K), [Metaspace: 2457K->2457K(1056768K)], 0.0155284 secs] [Times: user=0.00 sys=0.03, real=0.02 secs] 
2014-07-10T10:47:05.148+0200: 27.726: [GC (Allocation Failure) 27.726: [ParNew: 17445K->2150K(19648K), 0.0042833 secs] 23617K->11431K(63360K), 0.0044919 secs] [Times: user=0.03 sys=0.00, real=0.00 secs] 
2014-07-10T10:47:05.200+0200: 27.778: [GC (Allocation Failure) 27.778: [ParNew: 19619K->2148K(19648K), 0.0050118 secs] 28900K->15594K(63360K), 0.0052618 secs] [Times: user=0.00 sys=0.00, real=0.00 secs] 
2014-07-10T10:47:05.252+0200: 27.830: [GC (Allocation Failure) 27.830: [ParNew: 19614K->2148K(19648K), 0.0054044 secs] 33061K->20815K(63360K), 0.0055936 secs] [Times: user=0.00 sys=0.00, real=0.01 secs] 
2014-07-10T10:47:05.349+0200: 27.927: [GC (Allocation Failure) 27.927: [ParNew: 19593K->2150K(19648K), 0.0054448 secs] 38261K->25526K(63360K), 0.0056941 secs] [Times: user=0.03 sys=0.00, real=0.01 secs] 
2014-07-10T10:47:05.399+0200: 27.977: [GC (Allocation Failure) 27.977: [ParNew: 19617K->2150K(19648K), 0.0055650 secs] 42992K->31291K(63360K), 0.0057711 secs] [Times: user=0.03 sys=0.00, real=0.01 secs] 
2014-07-10T10:47:05.497+0200: 28.075: [GC (Allocation Failure) 28.075: [ParNew: 19618K->773K(19648K), 0.0015893 secs] 48760K->29917K(63360K), 0.0018790 secs] [Times: user=0.00 sys=0.00, real=0.00 secs] 
2014-07-10T10:47:05.553+0200: 28.131: [GC (Allocation Failure) 28.132: [ParNew: 18239K->1831K(19648K), 0.0026404 secs] 47383K->30975K(63360K), 0.0029821 secs] [Times: user=0.03 sys=0.00, real=0.00 secs] 
2014-07-10T10:47:05.647+0200: 28.225: [GC (Allocation Failure) 28.225: [ParNew: 19282K->1190K(19648K), 0.0018405 secs] 48426K->30339K(63360K), 0.0021022 secs] [Times: user=0.03 sys=0.00, real=0.00 secs] 
2014-07-10T10:47:05.697+0200: 28.275: [GC (Allocation Failure) 28.275: [ParNew: 18658K->2150K(19648K), 0.0016058 secs] 47807K->31399K(63360K), 0.0017998 secs] [Times: user=0.00 sys=0.00, real=0.00 secs] 
2014-07-10T10:47:05.751+0200: 28.329: [GC (Allocation Failure) 28.329: [ParNew: 19616K->2148K(19648K), 0.0026305 secs] 48865K->32551K(63360K), 0.0028571 secs] [Times: user=0.00 sys=0.00, real=0.00 secs] 
2014-07-10T10:47:05.848+0200: 28.426: [GC (Allocation Failure) 28.426: [ParNew: 19588K->2150K(19648K), 0.0035280 secs] 49991K->33708K(63360K), 0.0038961 secs] [Times: user=0.03 sys=0.00, real=0.00 secs] 
2014-07-10T10:47:05.899+0200: 28.477: [GC (Allocation Failure) 28.477: [ParNew: 19618K->2150K(19648K), 0.0054514 secs] 51177K->35920K(63360K), 0.0058106 secs] [Times: user=0.00 sys=0.00, real=0.01 secs] 
2014-07-10T10:47:05.957+0200: 28.535: [GC (Allocation Failure) 28.535: [ParNew: 19616K->2148K(19648K), 0.0076947 secs] 53386K->39186K(63360K), 0.0080918 secs] [Times: user=0.03 sys=0.00, real=0.01 secs] 
2014-07-10T10:47:05.966+0200: 28.544: [GC (CMS Initial Mark) [1 CMS-initial-mark: 37038K(43712K)] 39252K(63360K), 0.0004433 secs] [Times: user=0.00 sys=0.00, real=0.00 secs] 
2014-07-10T10:47:05.967+0200: 28.545: [CMS-concurrent-mark-start]
2014-07-10T10:47:05.969+0200: 28.547: [CMS-concurrent-mark: 0.002/0.002 secs] [Times: user=0.00 sys=0.00, real=0.00 secs] 
2014-07-10T10:47:05.969+0200: 28.547: [CMS-concurrent-preclean-start]
2014-07-10T10:47:05.970+0200: 28.548: [CMS-concurrent-preclean: 0.000/0.000 secs] [Times: user=0.00 sys=0.00, real=0.00 secs] 
2014-07-10T10:47:05.970+0200: 28.548: [CMS-concurrent-abortable-preclean-start]
2014-07-10T10:47:06.050+0200: 28.628: [GC (Allocation Failure) 28.628: [ParNew: 19616K->2150K(19648K), 0.0082373 secs] 56654K->43512K(63360K), 0.0087407 secs] [Times: user=0.03 sys=0.00, real=0.01 secs] 
2014-07-10T10:47:06.062+0200: 28.640: [CMS-concurrent-abortable-preclean: 0.003/0.092 secs] [Times: user=0.03 sys=0.00, real=0.09 secs] 
2014-07-10T10:47:06.063+0200: 28.641: [GC (CMS Final Remark) [YG occupancy: 5101 K (19648 K)]28.641: [Rescan (parallel) , 0.0004117 secs]28.641: [weak refs processing, 0.0000891 secs]28.641: [class unloading, 0.0011222 secs]28.642: [scrub symbol table, 0.0013312 secs]28.644: [scrub string table, 0.0004718 secs][1 CMS-remark: 41362K(43712K)] 46463K(63360K), 0.0039658 secs] [Times: user=0.00 sys=0.00, real=0.00 secs] 
2014-07-10T10:47:06.067+0200: 28.645: [CMS-concurrent-sweep-start]
2014-07-10T10:47:06.068+0200: 28.646: [CMS-concurrent-sweep: 0.001/0.001 secs] [Times: user=0.00 sys=0.00, real=0.00 secs] 
2014-07-10T10:47:06.068+0200: 28.646: [CMS-concurrent-reset-start]
2014-07-10T10:47:06.069+0200: 28.647: [CMS-concurrent-reset: 0.000/0.000 secs] [Times: user=0.00 sys=0.00, real=0.00 secs] 
2014-07-10T10:47:06.098+0200: 28.676: [GC (Allocation Failure) 28.676: [ParNew: 19599K->2151K(19648K), 0.0042463 secs] 27602K->13453K(63360K), 0.0044475 secs] [Times: user=0.03 sys=0.00, real=0.00 secs] 
2014-07-10T10:47:06.152+0200: 28.730: [GC (Allocation Failure) 28.731: [ParNew: 19619K->2148K(19648K), 0.0053340 secs] 30922K->17808K(63360K), 0.0055918 secs] [Times: user=0.00 sys=0.00, real=0.01 secs] 
2014-07-10T10:47:06.248+0200: 28.826: [GC (Allocation Failure) 28.827: [ParNew: 19614K->2150K(19648K), 0.0055009 secs] 35275K->23223K(63360K), 0.0057703 secs] [Times: user=0.00 sys=0.00, real=0.01 secs] 
2014-07-10T10:47:06.299+0200: 28.877: [GC (Allocation Failure) 28.877: [ParNew: 19619K->421K(19648K), 0.0008733 secs] 40692K->21496K(63360K), 0.0010192 secs] [Times: user=0.00 sys=0.00, real=0.00 secs] 
2014-07-10T10:47:06.396+0200: 28.974: [GC (Allocation Failure) 28.974: [ParNew: 17892K->454K(19648K), 0.0009543 secs] 38968K->21529K(63360K), 0.0010911 secs] [Times: user=0.00 sys=0.00, real=0.00 secs] 
2014-07-10T10:47:06.456+0200: 29.034: [GC (Allocation Failure) 29.034: [ParNew: 17920K->1513K(19648K), 0.0023134 secs] 38996K->22589K(63360K), 0.0026177 secs] [Times: user=0.00 sys=0.00, real=0.00 secs] 
2014-07-10T10:47:06.547+0200: 29.125: [GC (Allocation Failure) 29.125: [ParNew: 18982K->2150K(19648K), 0.0029319 secs] 40057K->23649K(63360K), 0.0032439 secs] [Times: user=0.00 sys=0.00, real=0.00 secs] 
2014-07-10T10:47:06.597+0200: 29.175: [GC (Allocation Failure) 29.175: [ParNew: 19599K->1925K(19648K), 0.0015079 secs] 41099K->23428K(63360K), 0.0016835 secs] [Times: user=0.00 sys=0.00, real=0.00 secs] 
2014-07-10T10:47:06.654+0200: 29.232: [GC (Allocation Failure) 29.233: [ParNew: 19394K->2148K(19648K), 0.0038470 secs] 40896K->24486K(63360K), 0.0043397 secs] [Times: user=0.00 sys=0.00, real=0.00 secs] 
2014-07-10T10:47:06.748+0200: 29.326: [GC (Allocation Failure) 29.326: [ParNew: 19614K->2150K(19648K), 0.0048457 secs] 41952K->26379K(63360K), 0.0052306 secs] [Times: user=0.00 sys=0.00, real=0.01 secs] 
2014-07-10T10:47:06.800+0200: 29.378: [GC (Allocation Failure) 29.379: [ParNew: 19618K->2150K(19648K), 0.0064328 secs] 43847K->29327K(63360K), 0.0069098 secs] [Times: user=0.03 sys=0.00, real=0.01 secs] 
2014-07-10T10:47:06.850+0200: 29.428: [GC (Allocation Failure) 29.429: [ParNew: 19595K->2150K(19648K), 0.0036813 secs] 46772K->31762K(63360K), 0.0039519 secs] [Times: user=0.00 sys=0.01, real=0.00 secs] 
2014-07-10T10:47:06.951+0200: 29.529: [GC (Allocation Failure) 29.529: [ParNew: 19616K->2148K(19648K), 0.0072896 secs] 49228K->35253K(63360K), 0.0076551 secs] [Times: user=0.00 sys=0.00, real=0.01 secs] 
2014-07-10T10:47:06.998+0200: 29.576: [GC (Allocation Failure) 29.576: [ParNew: 19616K->2150K(19648K), 0.0053634 secs] 52721K->39803K(63360K), 0.0056427 secs] [Times: user=0.00 sys=0.00, real=0.01 secs] 
2014-07-10T10:47:07.004+0200: 29.582: [GC (CMS Initial Mark) [1 CMS-initial-mark: 37653K(43712K)] 39869K(63360K), 0.0002486 secs] [Times: user=0.00 sys=0.00, real=0.00 secs] 
2014-07-10T10:47:07.004+0200: 29.582: [CMS-concurrent-mark-start]
2014-07-10T10:47:07.005+0200: 29.583: [CMS-concurrent-mark: 0.001/0.001 secs] [Times: user=0.00 sys=0.00, real=0.00 secs] 
2014-07-10T10:47:07.005+0200: 29.584: [CMS-concurrent-preclean-start]
2014-07-10T10:47:07.006+0200: 29.584: [CMS-concurrent-preclean: 0.000/0.000 secs] [Times: user=0.00 sys=0.00, real=0.00 secs] 
2014-07-10T10:47:07.006+0200: 29.584: [GC (CMS Final Remark) [YG occupancy: 3656 K (19648 K)]29.584: [Rescan (parallel) , 0.0002104 secs]29.584: [weak refs processing, 0.0000480 secs]29.584: [class unloading, 0.0005899 secs]29.585: [scrub symbol table, 0.0007483 secs]29.586: [scrub string table, 0.0002475 secs][1 CMS-remark: 37653K(43712K)] 41310K(63360K), 0.0021066 secs] [Times: user=0.01 sys=0.00, real=0.00 secs] 
2014-07-10T10:47:07.008+0200: 29.586: [CMS-concurrent-sweep-start]
2014-07-10T10:47:07.009+0200: 29.587: [CMS-concurrent-sweep: 0.001/0.001 secs] [Times: user=0.00 sys=0.00, real=0.00 secs] 
2014-07-10T10:47:07.009+0200: 29.587: [CMS-concurrent-reset-start]
2014-07-10T10:47:07.009+0200: 29.587: [CMS-concurrent-reset: 0.000/0.000 secs] [Times: user=0.00 sys=0.00, real=0.00 secs] 
2014-07-10T10:47:07.059+0200: 29.637: [GC (Allocation Failure) 29.637: [ParNew: 19590K->2148K(19648K), 0.0093391 secs] 24552K->12170K(63360K), 0.0097464 secs] [Times: user=0.00 sys=0.02, real=0.01 secs] 
2014-07-10T10:47:07.151+0200: 29.729: [GC (Allocation Failure) 29.729: [ParNew: 19588K->2150K(19648K), 0.0085856 secs] 29610K->17234K(63360K), 0.0089453 secs] [Times: user=0.00 sys=0.00, real=0.01 secs] 
2014-07-10T10:47:07.246+0200: 29.824: [GC (Allocation Failure) 29.824: [ParNew: 19618K->69K(19648K), 0.0011112 secs] 34702K->15155K(63360K), 0.0013737 secs] [Times: user=0.00 sys=0.00, real=0.00 secs] 
2014-07-10T10:47:07.297+0200: 29.875: [GC (Allocation Failure) 29.875: [ParNew: 17509K->71K(19648K), 0.0010955 secs] 32595K->15157K(63360K), 0.0013528 secs] [Times: user=0.00 sys=0.00, real=0.00 secs] 
2014-07-10T10:47:07.371+0200: 29.949: [GC (Allocation Failure) 29.949: [ParNew: 17537K->1129K(19648K), 0.0010321 secs] 32624K->16216K(63360K), 0.0011582 secs] [Times: user=0.00 sys=0.00, real=0.00 secs] 
2014-07-10T10:47:07.448+0200: 30.026: [GC (Allocation Failure) 30.026: [ParNew: 18598K->2150K(19648K), 0.0025513 secs] 33684K->17276K(63360K), 0.0028732 secs] [Times: user=0.00 sys=0.00, real=0.00 secs] 
2014-07-10T10:47:07.498+0200: 30.076: [GC (Allocation Failure) 30.076: [ParNew: 19616K->2150K(19648K), 0.0033722 secs] 34743K->18367K(63360K), 0.0037458 secs] [Times: user=0.00 sys=0.00, real=0.00 secs] 
2014-07-10T10:47:07.556+0200: 30.134: [GC (Allocation Failure) 30.134: [ParNew: 19618K->2148K(19648K), 0.0059133 secs] 35836K->20512K(63360K), 0.0062906 secs] [Times: user=0.00 sys=0.00, real=0.01 secs] 
2014-07-10T10:47:07.648+0200: 30.226: [GC (Allocation Failure) 30.226: [ParNew: 19602K->2151K(19648K), 0.0033513 secs] 37967K->21510K(63360K), 0.0037099 secs] [Times: user=0.00 sys=0.00, real=0.00 secs] 
2014-07-10T10:47:07.698+0200: 30.276: [GC (Allocation Failure) 30.276: [ParNew: 19619K->2150K(19648K), 0.0034481 secs] 38978K->23562K(63360K), 0.0036707 secs] [Times: user=0.00 sys=0.00, real=0.00 secs] 
2014-07-10T10:47:07.752+0200: 30.330: [GC (Allocation Failure) 30.331: [ParNew: 19616K->2148K(19648K), 0.0045014 secs] 41029K->26668K(63360K), 0.0047405 secs] [Times: user=0.03 sys=0.00, real=0.00 secs] 
2014-07-10T10:47:07.848+0200: 30.426: [GC (Allocation Failure) 30.426: [ParNew: 19588K->2150K(19648K), 0.0041869 secs] 44108K->29778K(63360K), 0.0046239 secs] [Times: user=0.01 sys=0.00, real=0.00 secs] 
2014-07-10T10:47:07.898+0200: 30.476: [GC (Allocation Failure) 30.476: [ParNew: 19618K->2148K(19648K), 0.0061861 secs] 47246K->33940K(63360K), 0.0064786 secs] [Times: user=0.00 sys=0.00, real=0.01 secs] 
2014-07-10T10:47:07.953+0200: 30.531: [GC (Allocation Failure) 30.531: [ParNew: 19614K->2148K(19648K), 0.0058557 secs] 51407K->39161K(63360K), 0.0060622 secs] [Times: user=0.03 sys=0.00, real=0.01 secs] 
2014-07-10T10:47:07.965+0200: 30.543: [GC (CMS Initial Mark) [1 CMS-initial-mark: 37013K(43712K)] 39227K(63360K), 0.0002244 secs] [Times: user=0.00 sys=0.00, real=0.00 secs] 
2014-07-10T10:47:07.965+0200: 30.543: [CMS-concurrent-mark-start]
2014-07-10T10:47:07.966+0200: 30.544: [CMS-concurrent-mark: 0.001/0.001 secs] [Times: user=0.00 sys=0.00, real=0.00 secs] 
2014-07-10T10:47:07.966+0200: 30.544: [CMS-concurrent-preclean-start]
2014-07-10T10:47:07.966+0200: 30.544: [CMS-concurrent-preclean: 0.000/0.000 secs] [Times: user=0.00 sys=0.00, real=0.00 secs] 
2014-07-10T10:47:07.966+0200: 30.544: [GC (CMS Final Remark) [YG occupancy: 2982 K (19648 K)]30.544: [Rescan (parallel) , 0.0003336 secs]30.544: [weak refs processing, 0.0000356 secs]30.545: [class unloading, 0.0004993 secs]30.545: [scrub symbol table, 0.0006724 secs]30.546: [scrub string table, 0.0002027 secs][1 CMS-remark: 37013K(43712K)] 39996K(63360K), 0.0019186 secs] [Times: user=0.00 sys=0.00, real=0.00 secs] 
2014-07-10T10:47:07.969+0200: 30.547: [CMS-concurrent-sweep-start]
2014-07-10T10:47:07.969+0200: 30.547: [CMS-concurrent-sweep: 0.000/0.000 secs] [Times: user=0.00 sys=0.00, real=0.00 secs] 
2014-07-10T10:47:07.969+0200: 30.547: [CMS-concurrent-reset-start]
2014-07-10T10:47:07.969+0200: 30.547: [CMS-concurrent-reset: 0.000/0.000 secs] [Times: user=0.00 sys=0.00, real=0.00 secs] 
2014-07-10T10:47:08.048+0200: 30.626: [GC (Allocation Failure) 30.627: [ParNew: 19616K->229K(19648K), 0.0008579 secs] 25252K->5868K(63360K), 0.0010090 secs] [Times: user=0.00 sys=0.00, real=0.00 secs] 
2014-07-10T10:47:08.098+0200: 30.676: [GC (Allocation Failure) 30.676: [ParNew: 17673K->2151K(19648K), 0.0060563 secs] 23311K->13552K(63360K), 0.0062620 secs] [Times: user=0.00 sys=0.00, real=0.01 secs] 
2014-07-10T10:47:08.197+0200: 30.775: [GC (Allocation Failure) 30.775: [ParNew: 19620K->773K(19648K), 0.0008674 secs] 31021K->12179K(63360K), 0.0010174 secs] [Times: user=0.00 sys=0.00, real=0.00 secs] 
2014-07-10T10:47:08.249+0200: 30.827: [GC (Allocation Failure) 30.827: [ParNew: 18239K->1831K(19648K), 0.0015703 secs] 29646K->13238K(63360K), 0.0017521 secs] [Times: user=0.00 sys=0.00, real=0.00 secs] 
2014-07-10T10:47:08.347+0200: 30.925: [GC (Allocation Failure) 30.925: [ParNew: 19277K->1318K(19648K), 0.0011468 secs] 30684K->12729K(63360K), 0.0013070 secs] [Times: user=0.03 sys=0.00, real=0.00 secs] 
2014-07-10T10:47:08.402+0200: 30.980: [GC (Allocation Failure) 30.980: [ParNew: 18786K->2150K(19648K), 0.0013268 secs] 30198K->13789K(63360K), 0.0014837 secs] [Times: user=0.00 sys=0.00, real=0.00 secs] 
2014-07-10T10:47:08.460+0200: 31.038: [GC (Allocation Failure) 31.039: [ParNew: 19616K->2148K(19648K), 0.0063540 secs] 31255K->15069K(63360K), 0.0067672 secs] [Times: user=0.00 sys=0.00, real=0.01 secs] 
2014-07-10T10:47:08.549+0200: 31.127: [GC (Allocation Failure) 31.127: [ParNew: 19616K->2148K(19648K), 0.0063558 secs] 32538K->17409K(63360K), 0.0067910 secs] [Times: user=0.02 sys=0.00, real=0.01 secs] 
2014-07-10T10:47:08.597+0200: 31.175: [GC (Allocation Failure) 31.175: [ParNew: 19597K->2150K(19648K), 0.0026753 secs] 34858K->19110K(63360K), 0.0028652 secs] [Times: user=0.03 sys=0.00, real=0.00 secs] 
2014-07-10T10:47:08.659+0200: 31.237: [GC (Allocation Failure) 31.237: [ParNew: 19619K->2148K(19648K), 0.0033304 secs] 36579K->21865K(63360K), 0.0035321 secs] [Times: user=0.03 sys=0.00, real=0.00 secs] 
2014-07-10T10:47:08.750+0200: 31.328: [GC (Allocation Failure) 31.328: [ParNew: 19614K->2150K(19648K), 0.0042312 secs] 39331K->25679K(63360K), 0.0044318 secs] [Times: user=0.03 sys=0.00, real=0.00 secs] 
2014-07-10T10:47:08.798+0200: 31.376: [GC (Allocation Failure) 31.376: [ParNew: 19618K->2150K(19648K), 0.0060482 secs] 43147K->30547K(63360K), 0.0062462 secs] [Times: user=0.03 sys=0.00, real=0.01 secs] 
2014-07-10T10:47:08.855+0200: 31.433: [GC (Allocation Failure) 31.433: [ParNew: 19590K->2150K(19648K), 0.0048131 secs] 47987K->35416K(63360K), 0.0050173 secs] [Times: user=0.00 sys=0.00, real=0.00 secs] 
2014-07-10T10:47:08.860+0200: 31.439: [GC (CMS Initial Mark) [1 CMS-initial-mark: 33266K(43712K)] 35448K(63360K), 0.0001961 secs] [Times: user=0.00 sys=0.00, real=0.00 secs] 
2014-07-10T10:47:08.861+0200: 31.439: [CMS-concurrent-mark-start]
2014-07-10T10:47:08.862+0200: 31.440: [CMS-concurrent-mark: 0.001/0.001 secs] [Times: user=0.00 sys=0.00, real=0.00 secs] 
2014-07-10T10:47:08.862+0200: 31.440: [CMS-concurrent-preclean-start]
2014-07-10T10:47:08.862+0200: 31.440: [CMS-concurrent-preclean: 0.000/0.000 secs] [Times: user=0.00 sys=0.00, real=0.00 secs] 
2014-07-10T10:47:08.862+0200: 31.440: [GC (CMS Final Remark) [YG occupancy: 3336 K (19648 K)]31.440: [Rescan (parallel) , 0.0001225 secs]31.440: [weak refs processing, 0.0000356 secs]31.440: [class unloading, 0.0007036 secs]31.441: [scrub symbol table, 0.0007523 secs]31.442: [scrub string table, 0.0002042 secs][1 CMS-remark: 33266K(43712K)] 36602K(63360K), 0.0020190 secs] [Times: user=0.01 sys=0.00, real=0.00 secs] 
2014-07-10T10:47:08.864+0200: 31.442: [CMS-concurrent-sweep-start]
2014-07-10T10:47:08.864+0200: 31.442: [CMS-concurrent-sweep: 0.000/0.000 secs] [Times: user=0.00 sys=0.00, real=0.00 secs] 
2014-07-10T10:47:08.864+0200: 31.442: [CMS-concurrent-reset-start]
2014-07-10T10:47:08.865+0200: 31.443: [CMS-concurrent-reset: 0.001/0.001 secs] [Times: user=0.00 sys=0.00, real=0.00 secs] 
2014-07-10T10:47:08.948+0200: 31.527: [GC (Allocation Failure) 31.527: [ParNew: 19616K->2148K(19648K), 0.0061212 secs] 24903K->13360K(63360K), 0.0063386 secs] [Times: user=0.00 sys=0.00, real=0.01 secs] 
2014-07-10T10:47:09.047+0200: 31.625: [GC (Allocation Failure) 31.625: [ParNew: 19616K->933K(19648K), 0.0015281 secs] 30828K->12147K(63360K), 0.0018243 secs] [Times: user=0.00 sys=0.00, real=0.00 secs] 
2014-07-10T10:47:09.068+0200: 31.647: [GC (Allocation Failure) 31.647: [ParNew: 18402K->444K(19648K), 0.0013767 secs] 29617K->11659K(63360K), 0.0017121 secs] [Times: user=0.00 sys=0.00, real=0.00 secs] 
2014-07-10T10:47:09.152+0200: 31.730: [GC (Allocation Failure) 31.730: [ParNew: 17893K->970K(19648K), 0.0020065 secs] 29107K->12184K(63360K), 0.0023097 secs] [Times: user=0.00 sys=0.00, real=0.00 secs] 
2014-07-10T10:47:09.246+0200: 31.824: [GC (Allocation Failure) 31.824: [ParNew: 18437K->2029K(19648K), 0.0010170 secs] 29651K->13243K(63360K), 0.0011395 secs] [Times: user=0.00 sys=0.00, real=0.00 secs] 
2014-07-10T10:47:09.298+0200: 31.876: [GC (Allocation Failure) 31.876: [ParNew: 19499K->2054K(19648K), 0.0023710 secs] 30713K->13279K(63360K), 0.0026841 secs] [Times: user=0.02 sys=0.00, real=0.00 secs] 
2014-07-10T10:47:09.351+0200: 31.929: [GC (Allocation Failure) 31.929: [ParNew: 19520K->2148K(19648K), 0.0023141 secs] 30746K->14336K(63360K), 0.0025132 secs] [Times: user=0.00 sys=0.00, real=0.00 secs] 
2014-07-10T10:47:09.449+0200: 32.027: [GC (Allocation Failure) 32.027: [ParNew: 19616K->2148K(19648K), 0.0052515 secs] 31805K->16356K(63360K), 0.0056193 secs] [Times: user=0.00 sys=0.00, real=0.01 secs] 
2014-07-10T10:47:09.498+0200: 32.076: [GC (Allocation Failure) 32.076: [ParNew: 19614K->2150K(19648K), 0.0040923 secs] 33822K->19433K(63360K), 0.0043002 secs] [Times: user=0.03 sys=0.00, real=0.00 secs] 
2014-07-10T10:47:09.553+0200: 32.131: [GC (Allocation Failure) 32.131: [ParNew: 19618K->2148K(19648K), 0.0057535 secs] 36902K->23563K(63360K), 0.0059819 secs] [Times: user=0.00 sys=0.00, real=0.01 secs] 
2014-07-10T10:47:09.649+0200: 32.227: [GC (Allocation Failure) 32.227: [ParNew: 19596K->2149K(19648K), 0.0042466 secs] 41012K->27056K(63360K), 0.0044490 secs] [Times: user=0.00 sys=0.00, real=0.00 secs] 
2014-07-10T10:47:09.698+0200: 32.276: [GC (Allocation Failure) 32.276: [ParNew: 19617K->2150K(19648K), 0.0051163 secs] 44525K->31607K(63360K), 0.0053139 secs] [Times: user=0.00 sys=0.00, real=0.01 secs] 
2014-07-10T10:47:09.754+0200: 32.332: [GC (Allocation Failure) 32.332: [ParNew: 19616K->2148K(19648K), 0.0066598 secs] 49074K->37210K(63360K), 0.0068640 secs] [Times: user=0.00 sys=0.00, real=0.01 secs] 
2014-07-10T10:47:09.761+0200: 32.339: [GC (CMS Initial Mark) [1 CMS-initial-mark: 35062K(43712K)] 37276K(63360K), 0.0002196 secs] [Times: user=0.00 sys=0.00, real=0.00 secs] 
2014-07-10T10:47:09.761+0200: 32.339: [CMS-concurrent-mark-start]
2014-07-10T10:47:09.762+0200: 32.340: [CMS-concurrent-mark: 0.001/0.001 secs] [Times: user=0.00 sys=0.00, real=0.00 secs] 
2014-07-10T10:47:09.762+0200: 32.340: [CMS-concurrent-preclean-start]
2014-07-10T10:47:09.762+0200: 32.340: [CMS-concurrent-preclean: 0.000/0.000 secs] [Times: user=0.00 sys=0.00, real=0.00 secs] 
2014-07-10T10:47:09.762+0200: 32.340: [GC (CMS Final Remark) [YG occupancy: 2598 K (19648 K)]32.340: [Rescan (parallel) , 0.0001254 secs]32.340: [weak refs processing, 0.0000319 secs]32.340: [class unloading, 0.0004191 secs]32.341: [scrub symbol table, 0.0007501 secs]32.342: [scrub string table, 0.0001837 secs][1 CMS-remark: 35062K(43712K)] 37660K(63360K), 0.0018232 secs] [Times: user=0.00 sys=0.00, real=0.00 secs] 
2014-07-10T10:47:09.764+0200: 32.342: [CMS-concurrent-sweep-start]
2014-07-10T10:47:09.765+0200: 32.343: [CMS-concurrent-sweep: 0.001/0.001 secs] [Times: user=0.00 sys=0.00, real=0.00 secs] 
2014-07-10T10:47:09.765+0200: 32.343: [CMS-concurrent-reset-start]
2014-07-10T10:47:09.765+0200: 32.343: [CMS-concurrent-reset: 0.000/0.000 secs] [Times: user=0.00 sys=0.00, real=0.00 secs] 
2014-07-10T10:47:09.849+0200: 32.427: [GC (Allocation Failure) 32.428: [ParNew: 19593K->2148K(19648K), 0.0072742 secs] 25618K->13266K(63360K), 0.0075312 secs] [Times: user=0.00 sys=0.00, real=0.01 secs] 
2014-07-10T10:47:09.946+0200: 32.524: [GC (Allocation Failure) 32.524: [ParNew: 19617K->100K(19648K), 0.0010735 secs] 30734K->11220K(63360K), 0.0012366 secs] [Times: user=0.00 sys=0.00, real=0.00 secs] 
2014-07-10T10:47:09.996+0200: 32.575: [GC (Allocation Failure) 32.575: [ParNew: 17566K->1159K(19648K), 0.0012524 secs] 28687K->12280K(63360K), 0.0014628 secs] [Times: user=0.00 sys=0.00, real=0.00 secs] 
2014-07-10T10:47:10.051+0200: 32.629: [GC (Allocation Failure) 32.629: [ParNew: 18628K->2148K(19648K), 0.0017536 secs] 29748K->13338K(63360K), 0.0019424 secs] [Times: user=0.00 sys=0.00, real=0.00 secs] 
2014-07-10T10:47:10.146+0200: 32.724: [GC (Allocation Failure) 32.725: [ParNew: 19591K->1701K(19648K), 0.0012649 secs] 30781K->12894K(63360K), 0.0016077 secs] [Times: user=0.00 sys=0.00, real=0.00 secs] 
2014-07-10T10:47:10.198+0200: 32.776: [GC (Allocation Failure) 32.776: [ParNew: 19170K->2150K(19648K), 0.0016293 secs] 30362K->13953K(63360K), 0.0017968 secs] [Times: user=0.00 sys=0.00, real=0.00 secs] 
2014-07-10T10:47:10.256+0200: 32.834: [GC (Allocation Failure) 32.834: [ParNew: 19616K->2148K(19648K), 0.0049773 secs] 31420K->15618K(63360K), 0.0053623 secs] [Times: user=0.00 sys=0.00, real=0.00 secs] 
2014-07-10T10:47:10.347+0200: 32.925: [GC (Allocation Failure) 32.925: [ParNew: 19588K->2150K(19648K), 0.0026368 secs] 33058K->17287K(63360K), 0.0028960 secs] [Times: user=0.00 sys=0.00, real=0.00 secs] 
2014-07-10T10:47:10.400+0200: 32.978: [GC (Allocation Failure) 32.979: [ParNew: 19618K->2150K(19648K), 0.0062667 secs] 34756K->20011K(63360K), 0.0067840 secs] [Times: user=0.00 sys=0.02, real=0.01 secs] 
2014-07-10T10:47:10.452+0200: 33.030: [GC (Allocation Failure) 33.030: [ParNew: 19616K->2148K(19648K), 0.0139714 secs] 37478K->23789K(63360K), 0.0141708 secs] [Times: user=0.03 sys=0.00, real=0.01 secs] 
2014-07-10T10:47:10.548+0200: 33.126: [GC (Allocation Failure) 33.126: [ParNew: 19616K->2148K(19648K), 0.0055217 secs] 41258K->28626K(63360K), 0.0057410 secs] [Times: user=0.00 sys=0.00, real=0.01 secs] 
2014-07-10T10:47:10.597+0200: 33.175: [GC (Allocation Failure) 33.176: [ParNew: 19603K->2150K(19648K), 0.0044835 secs] 46081K->32312K(63360K), 0.0046701 secs] [Times: user=0.00 sys=0.00, real=0.01 secs] 
2014-07-10T10:47:10.658+0200: 33.237: [GC (Allocation Failure) 33.237: [ParNew: 19618K->2148K(19648K), 0.0076628 secs] 49780K->37053K(63360K), 0.0079987 secs] [Times: user=0.00 sys=0.00, real=0.01 secs] 
2014-07-10T10:47:10.667+0200: 33.245: [GC (CMS Initial Mark) [1 CMS-initial-mark: 34904K(43712K)] 37085K(63360K), 0.0002350 secs] [Times: user=0.00 sys=0.00, real=0.00 secs] 
2014-07-10T10:47:10.667+0200: 33.246: [CMS-concurrent-mark-start]
2014-07-10T10:47:10.669+0200: 33.247: [CMS-concurrent-mark: 0.001/0.001 secs] [Times: user=0.00 sys=0.00, real=0.00 secs] 
2014-07-10T10:47:10.669+0200: 33.247: [CMS-concurrent-preclean-start]
2014-07-10T10:47:10.669+0200: 33.247: [CMS-concurrent-preclean: 0.000/0.000 secs] [Times: user=0.00 sys=0.00, real=0.00 secs] 
2014-07-10T10:47:10.669+0200: 33.247: [GC (CMS Final Remark) [YG occupancy: 3462 K (19648 K)]33.247: [Rescan (parallel) , 0.0002101 secs]33.248: [weak refs processing, 0.0000473 secs]33.248: [class unloading, 0.0005404 secs]33.248: [scrub symbol table, 0.0007978 secs]33.249: [scrub string table, 0.0002460 secs][1 CMS-remark: 34904K(43712K)] 38367K(63360K), 0.0021147 secs] [Times: user=0.00 sys=0.00, real=0.00 secs] 
2014-07-10T10:47:10.671+0200: 33.250: [CMS-concurrent-sweep-start]
2014-07-10T10:47:10.672+0200: 33.250: [CMS-concurrent-sweep: 0.001/0.001 secs] [Times: user=0.01 sys=0.00, real=0.00 secs] 
2014-07-10T10:47:10.672+0200: 33.250: [CMS-concurrent-reset-start]
2014-07-10T10:47:10.673+0200: 33.251: [CMS-concurrent-reset: 0.001/0.001 secs] [Times: user=0.00 sys=0.00, real=0.00 secs] 
2014-07-10T10:47:10.749+0200: 33.327: [GC (Allocation Failure) 33.327: [ParNew: 19614K->2150K(19648K), 0.0065124 secs] 24777K->13110K(63360K), 0.0068104 secs] [Times: user=0.03 sys=0.00, real=0.01 secs] 
2014-07-10T10:47:10.799+0200: 33.378: [GC (Allocation Failure) 33.378: [ParNew: 19621K->806K(19648K), 0.0013037 secs] 30581K->11768K(63360K), 0.0015468 secs] [Times: user=0.00 sys=0.00, real=0.00 secs] 
2014-07-10T10:47:10.896+0200: 33.475: [GC (Allocation Failure) 33.475: [ParNew: 18274K->839K(19648K), 0.0017602 secs] 29237K->11801K(63360K), 0.0020359 secs] [Times: user=0.00 sys=0.00, real=0.00 secs] 
2014-07-10T10:47:10.955+0200: 33.533: [GC (Allocation Failure) 33.533: [ParNew: 18305K->1898K(19648K), 0.0025598 secs] 29268K->12860K(63360K), 0.0028846 secs] [Times: user=0.00 sys=0.00, real=0.00 secs] 
2014-07-10T10:47:11.049+0200: 33.627: [GC (Allocation Failure) 33.628: [ParNew: 19366K->2150K(19648K), 0.0035581 secs] 30328K->13920K(63360K), 0.0039332 secs] [Times: user=0.00 sys=0.00, real=0.00 secs] 
2014-07-10T10:47:11.096+0200: 33.675: [GC (Allocation Failure) 33.675: [ParNew: 19595K->2150K(19648K), 0.0015024 secs] 31366K->14211K(63360K), 0.0016352 secs] [Times: user=0.00 sys=0.00, real=0.00 secs] 
2014-07-10T10:47:11.150+0200: 33.728: [GC (Allocation Failure) 33.728: [ParNew: 19617K->2148K(19648K), 0.0027306 secs] 31678K->15557K(63360K), 0.0029275 secs] [Times: user=0.00 sys=0.00, real=0.00 secs] 
2014-07-10T10:47:11.247+0200: 33.826: [GC (Allocation Failure) 33.826: [ParNew: 19616K->2150K(19648K), 0.0031174 secs] 33025K->17962K(63360K), 0.0033634 secs] [Times: user=0.03 sys=0.00, real=0.00 secs] 
2014-07-10T10:47:11.300+0200: 33.878: [GC (Allocation Failure) 33.878: [ParNew: 19616K->2150K(19648K), 0.0069919 secs] 35428K->21422K(63360K), 0.0074157 secs] [Times: user=0.00 sys=0.00, real=0.01 secs] 
2014-07-10T10:47:11.353+0200: 33.932: [GC (Allocation Failure) 33.932: [ParNew: 19595K->2150K(19648K), 0.0040739 secs] 38868K->24370K(63360K), 0.0044175 secs] [Times: user=0.00 sys=0.00, real=0.01 secs] 
2014-07-10T10:47:11.452+0200: 34.030: [GC (Allocation Failure) 34.030: [ParNew: 19617K->2148K(19648K), 0.0073237 secs] 41836K->28373K(63360K), 0.0080856 secs] [Times: user=0.00 sys=0.00, real=0.01 secs] 
2014-07-10T10:47:11.499+0200: 34.077: [GC (Allocation Failure) 34.077: [ParNew: 19614K->2150K(19648K), 0.0056325 secs] 45839K->33435K(63360K), 0.0058242 secs] [Times: user=0.00 sys=0.00, real=0.01 secs] 
2014-07-10T10:47:11.560+0200: 34.138: [GC (Allocation Failure) 34.138: [ParNew: 19596K->2150K(19648K), 0.0099257 secs] 50881K->38880K(63360K), 0.0103253 secs] [Times: user=0.03 sys=0.00, real=0.01 secs] 
2014-07-10T10:47:11.571+0200: 34.149: [GC (CMS Initial Mark) [1 CMS-initial-mark: 36730K(43712K)] 38912K(63360K), 0.0005899 secs] [Times: user=0.00 sys=0.00, real=0.00 secs] 
2014-07-10T10:47:11.572+0200: 34.150: [CMS-concurrent-mark-start]
2014-07-10T10:47:11.574+0200: 34.153: [CMS-concurrent-mark: 0.003/0.003 secs] [Times: user=0.00 sys=0.00, real=0.00 secs] 
2014-07-10T10:47:11.575+0200: 34.153: [CMS-concurrent-preclean-start]
2014-07-10T10:47:11.575+0200: 34.153: [CMS-concurrent-preclean: 0.000/0.000 secs] [Times: user=0.00 sys=0.00, real=0.00 secs] 
2014-07-10T10:47:11.575+0200: 34.154: [GC (CMS Final Remark) [YG occupancy: 3790 K (19648 K)]34.154: [Rescan (parallel) , 0.0004139 secs]34.154: [weak refs processing, 0.0000873 secs]34.154: [class unloading, 0.0010914 secs]34.155: [scrub symbol table, 0.0014060 secs]34.157: [scrub string table, 0.0004894 secs][1 CMS-remark: 36730K(43712K)] 40520K(63360K), 0.0040281 secs] [Times: user=0.01 sys=0.00, real=0.00 secs] 
2014-07-10T10:47:11.580+0200: 34.158: [CMS-concurrent-sweep-start]
2014-07-10T10:47:11.581+0200: 34.159: [CMS-concurrent-sweep: 0.001/0.001 secs] [Times: user=0.00 sys=0.00, real=0.00 secs] 
2014-07-10T10:47:11.581+0200: 34.159: [CMS-concurrent-reset-start]
2014-07-10T10:47:11.581+0200: 34.160: [CMS-concurrent-reset: 0.000/0.000 secs] [Times: user=0.00 sys=0.00, real=0.00 secs] 
2014-07-10T10:47:11.648+0200: 34.226: [GC (Allocation Failure) 34.226: [ParNew: 19590K->2150K(19648K), 0.0072299 secs] 25458K->13464K(63360K), 0.0074410 secs] [Times: user=0.02 sys=0.00, real=0.01 secs] 
2014-07-10T10:47:11.746+0200: 34.325: [GC (Allocation Failure) 34.325: [ParNew: 19618K->452K(19648K), 0.0022555 secs] 30932K->11769K(63360K), 0.0027222 secs] [Times: user=0.02 sys=0.00, real=0.00 secs] 
2014-07-10T10:47:11.797+0200: 34.375: [GC (Allocation Failure) 34.375: [ParNew: 17892K->456K(19648K), 0.0013781 secs] 29209K->11773K(63360K), 0.0015391 secs] [Times: user=0.00 sys=0.00, real=0.00 secs] 
2014-07-10T10:47:11.850+0200: 34.428: [GC (Allocation Failure) 34.428: [ParNew: 17922K->1513K(19648K), 0.0015039 secs] 29239K->12830K(63360K), 0.0016817 secs] [Times: user=0.00 sys=0.00, real=0.00 secs] 
2014-07-10T10:47:11.947+0200: 34.526: [GC (Allocation Failure) 34.526: [ParNew: 18982K->2150K(19648K), 0.0017961 secs] 30299K->13891K(63360K), 0.0020538 secs] [Times: user=0.00 sys=0.00, real=0.00 secs] 
2014-07-10T10:47:11.997+0200: 34.575: [GC (Allocation Failure) 34.576: [ParNew: 19616K->2150K(19648K), 0.0024854 secs] 31357K->15366K(63360K), 0.0027163 secs] [Times: user=0.03 sys=0.00, real=0.00 secs] 
2014-07-10T10:47:12.056+0200: 34.634: [GC (Allocation Failure) 34.634: [ParNew: 19618K->2148K(19648K), 0.0065795 secs] 32834K->17895K(63360K), 0.0069465 secs] [Times: user=0.03 sys=0.00, real=0.01 secs] 
2014-07-10T10:47:12.150+0200: 34.729: [GC (Allocation Failure) 34.729: [ParNew: 19597K->2149K(19648K), 0.0044886 secs] 35344K->19403K(63360K), 0.0049238 secs] [Times: user=0.03 sys=0.00, real=0.00 secs] 
2014-07-10T10:47:12.198+0200: 34.776: [GC (Allocation Failure) 34.776: [ParNew: 19617K->2150K(19648K), 0.0033755 secs] 36871K->21969K(63360K), 0.0036138 secs] [Times: user=0.03 sys=0.00, real=0.00 secs] 
2014-07-10T10:47:12.253+0200: 34.831: [GC (Allocation Failure) 34.832: [ParNew: 19616K->2148K(19648K), 0.0043900 secs] 39435K->25587K(63360K), 0.0046004 secs] [Times: user=0.00 sys=0.00, real=0.00 secs] 
2014-07-10T10:47:12.349+0200: 34.927: [GC (Allocation Failure) 34.927: [ParNew: 19588K->2150K(19648K), 0.0038888 secs] 43027K->29209K(63360K), 0.0041139 secs] [Times: user=0.00 sys=0.00, real=0.00 secs] 
2014-07-10T10:47:12.398+0200: 34.977: [GC (Allocation Failure) 34.977: [ParNew: 19618K->2150K(19648K), 0.0047962 secs] 46677K->33886K(63360K), 0.0050605 secs] [Times: user=0.00 sys=0.01, real=0.01 secs] 
2014-07-10T10:47:12.454+0200: 35.032: [GC (Allocation Failure) 35.032: [ParNew: 19616K->2148K(19648K), 0.0062972 secs] 51352K->39617K(63360K), 0.0065076 secs] [Times: user=0.00 sys=0.00, real=0.01 secs] 
2014-07-10T10:47:12.461+0200: 35.039: [GC (CMS Initial Mark) [1 CMS-initial-mark: 37469K(43712K)] 39649K(63360K), 0.0001954 secs] [Times: user=0.00 sys=0.00, real=0.00 secs] 
2014-07-10T10:47:12.461+0200: 35.039: [CMS-concurrent-mark-start]
2014-07-10T10:47:12.462+0200: 35.040: [CMS-concurrent-mark: 0.001/0.001 secs] [Times: user=0.00 sys=0.00, real=0.00 secs] 
2014-07-10T10:47:12.462+0200: 35.040: [CMS-concurrent-preclean-start]
2014-07-10T10:47:12.462+0200: 35.040: [CMS-concurrent-preclean: 0.000/0.000 secs] [Times: user=0.00 sys=0.00, real=0.00 secs] 
2014-07-10T10:47:12.462+0200: 35.040: [GC (CMS Final Remark) [YG occupancy: 2470 K (19648 K)]35.040: [Rescan (parallel) , 0.0001184 secs]35.041: [weak refs processing, 0.0000326 secs]35.041: [class unloading, 0.0004253 secs]35.041: [scrub symbol table, 0.0005477 secs]35.042: [scrub string table, 0.0001646 secs][1 CMS-remark: 37469K(43712K)] 39939K(63360K), 0.0014474 secs] [Times: user=0.00 sys=0.00, real=0.00 secs] 
2014-07-10T10:47:12.464+0200: 35.042: [CMS-concurrent-sweep-start]
2014-07-10T10:47:12.464+0200: 35.043: [CMS-concurrent-sweep: 0.000/0.000 secs] [Times: user=0.00 sys=0.00, real=0.00 secs] 
2014-07-10T10:47:12.464+0200: 35.043: [CMS-concurrent-reset-start]
2014-07-10T10:47:12.464+0200: 35.043: [CMS-concurrent-reset: 0.000/0.000 secs] [Times: user=0.00 sys=0.00, real=0.00 secs] 
2014-07-10T10:47:12.553+0200: 35.131: [GC (Allocation Failure) 35.131: [ParNew: 19616K->742K(19648K), 0.0017539 secs] 25775K->6903K(63360K), 0.0020535 secs] [Times: user=0.00 sys=0.00, real=0.00 secs] 
2014-07-10T10:47:12.646+0200: 35.224: [GC (Allocation Failure) 35.224: [ParNew: 18194K->103K(19648K), 0.0010980 secs] 24355K->6264K(63360K), 0.0013455 secs] [Times: user=0.00 sys=0.00, real=0.00 secs] 
2014-07-10T10:47:12.696+0200: 35.275: [GC (Allocation Failure) 35.275: [ParNew: 17570K->1162K(19648K), 0.0008282 secs] 23731K->7323K(63360K), 0.0009694 secs] [Times: user=0.00 sys=0.00, real=0.00 secs] 
2014-07-10T10:47:12.755+0200: 35.333: [GC (Allocation Failure) 35.333: [ParNew: 18630K->2148K(19648K), 0.0031893 secs] 24791K->8382K(63360K), 0.0035409 secs] [Times: user=0.00 sys=0.00, real=0.00 secs] 
2014-07-10T10:47:12.846+0200: 35.424: [GC (Allocation Failure) 35.425: [ParNew: 19591K->1702K(19648K), 0.0010203 secs] 25826K->7939K(63360K), 0.0011461 secs] [Times: user=0.00 sys=0.00, real=0.00 secs] 
2014-07-10T10:47:12.896+0200: 35.475: [GC (Allocation Failure) 35.475: [ParNew: 19170K->2150K(19648K), 0.0015725 secs] 25407K->8998K(63360K), 0.0017213 secs] [Times: user=0.00 sys=0.00, real=0.00 secs] 
2014-07-10T10:47:12.957+0200: 35.535: [GC (Allocation Failure) 35.535: [ParNew: 19616K->2148K(19648K), 0.0050664 secs] 26464K->10663K(63360K), 0.0054418 secs] [Times: user=0.00 sys=0.00, real=0.00 secs] 
2014-07-10T10:47:13.048+0200: 35.627: [GC (Allocation Failure) 35.627: [ParNew: 19616K->2150K(19648K), 0.0065762 secs] 28131K->13388K(63360K), 0.0070396 secs] [Times: user=0.00 sys=0.00, real=0.01 secs] 
2014-07-10T10:47:13.099+0200: 35.677: [GC (Allocation Failure) 35.677: [ParNew: 19595K->2150K(19648K), 0.0055335 secs] 30834K->15599K(63360K), 0.0059390 secs] [Times: user=0.00 sys=0.00, real=0.01 secs] 
2014-07-10T10:47:13.156+0200: 35.734: [GC (Allocation Failure) 35.734: [ParNew: 19616K->2148K(19648K), 0.0071078 secs] 33066K->18866K(63360K), 0.0074803 secs] [Times: user=0.00 sys=0.00, real=0.01 secs] 
2014-07-10T10:47:13.252+0200: 35.830: [GC (Allocation Failure) 35.831: [ParNew: 19616K->2150K(19648K), 0.0046393 secs] 36335K->23193K(63360K), 0.0048329 secs] [Times: user=0.00 sys=0.00, real=0.00 secs] 
2014-07-10T10:47:13.298+0200: 35.877: [GC (Allocation Failure) 35.877: [ParNew: 19616K->2148K(19648K), 0.0228415 secs] 40659K->28571K(63360K), 0.0230237 secs] [Times: user=0.02 sys=0.00, real=0.02 secs] 
2014-07-10T10:47:13.356+0200: 35.934: [GC (Allocation Failure) 35.934: [ParNew: 19588K->2148K(19648K), 0.0051742 secs] 46011K->33952K(63360K), 0.0053557 secs] [Times: user=0.00 sys=0.00, real=0.01 secs] 
2014-07-10T10:47:13.362+0200: 35.940: [GC (CMS Initial Mark) [1 CMS-initial-mark: 31804K(43712K)] 34146K(63360K), 0.0002046 secs] [Times: user=0.00 sys=0.00, real=0.00 secs] 
2014-07-10T10:47:13.362+0200: 35.940: [CMS-concurrent-mark-start]
2014-07-10T10:47:13.363+0200: 35.941: [CMS-concurrent-mark: 0.001/0.001 secs] [Times: user=0.00 sys=0.00, real=0.00 secs] 
2014-07-10T10:47:13.363+0200: 35.941: [CMS-concurrent-preclean-start]
2014-07-10T10:47:13.363+0200: 35.941: [CMS-concurrent-preclean: 0.000/0.000 secs] [Times: user=0.00 sys=0.00, real=0.00 secs] 
2014-07-10T10:47:13.363+0200: 35.941: [GC (CMS Final Remark) [YG occupancy: 2822 K (19648 K)]35.941: [Rescan (parallel) , 0.0001177 secs]35.941: [weak refs processing, 0.0000352 secs]35.942: [class unloading, 0.0004839 secs]35.942: [scrub symbol table, 0.0006471 secs]35.943: [scrub string table, 0.0004139 secs][1 CMS-remark: 31804K(43712K)] 34626K(63360K), 0.0018896 secs] [Times: user=0.00 sys=0.00, real=0.00 secs] 
2014-07-10T10:47:13.365+0200: 35.944: [CMS-concurrent-sweep-start]
2014-07-10T10:47:13.366+0200: 35.944: [CMS-concurrent-sweep: 0.000/0.000 secs] [Times: user=0.00 sys=0.00, real=0.00 secs] 
2014-07-10T10:47:13.366+0200: 35.944: [CMS-concurrent-reset-start]
2014-07-10T10:47:13.366+0200: 35.944: [CMS-concurrent-reset: 0.000/0.000 secs] [Times: user=0.00 sys=0.00, real=0.00 secs] 
2014-07-10T10:47:13.449+0200: 36.028: [GC (Allocation Failure) 36.028: [ParNew: 19616K->388K(19648K), 0.0008575 secs] 25425K->6199K(63360K), 0.0010240 secs] [Times: user=0.00 sys=0.00, real=0.00 secs] 
2014-07-10T10:47:13.548+0200: 36.125: [GC (Allocation Failure) 36.125: [ParNew: 17854K->1446K(19648K), 0.0027860 secs] 23666K->7258K(63360K), 0.0031028 secs] [Times: user=0.00 sys=0.00, real=0.00 secs] 
2014-07-10T10:47:13.596+0200: 36.173: [GC (Allocation Failure) 36.173: [ParNew: 18904K->292K(19648K), 0.0026313 secs] 24715K->6109K(63360K), 0.0027908 secs] [Times: user=0.00 sys=0.00, real=0.00 secs] 
2014-07-10T10:47:13.650+0200: 36.227: [GC (Allocation Failure) 36.227: [ParNew: 17759K->1351K(19648K), 0.0022976 secs] 23575K->7168K(63360K), 0.0025829 secs] [Times: user=0.00 sys=0.00, real=0.00 secs] 
2014-07-10T10:47:13.746+0200: 36.324: [GC (Allocation Failure) 36.324: [ParNew: 18819K->2150K(19648K), 0.0012975 secs] 24636K->8229K(63360K), 0.0014405 secs] [Times: user=0.00 sys=0.00, real=0.00 secs] 
2014-07-10T10:47:13.797+0200: 36.374: [GC (Allocation Failure) 36.374: [ParNew: 19590K->2150K(19648K), 0.0013741 secs] 25669K->8487K(63360K), 0.0015307 secs] [Times: user=0.00 sys=0.00, real=0.00 secs] 
2014-07-10T10:47:13.855+0200: 36.433: [GC (Allocation Failure) 36.433: [ParNew: 19616K->2148K(19648K), 0.0049403 secs] 25954K->9801K(63360K), 0.0054261 secs] [Times: user=0.00 sys=0.02, real=0.01 secs] 
2014-07-10T10:47:13.948+0200: 36.526: [GC (Allocation Failure) 36.526: [ParNew: 19616K->2148K(19648K), 0.0034558 secs] 27269K->12172K(63360K), 0.0036857 secs] [Times: user=0.03 sys=0.00, real=0.00 secs] 
2014-07-10T10:47:13.999+0200: 36.577: [GC (Allocation Failure) 36.577: [ParNew: 19614K->2150K(19648K), 0.0076276 secs] 29638K->15602K(63360K), 0.0080042 secs] [Times: user=0.00 sys=0.00, real=0.01 secs] 
2014-07-10T10:47:14.058+0200: 36.635: [GC (Allocation Failure) 36.636: [ParNew: 19618K->2148K(19648K), 0.0094160 secs] 33070K->20084K(63360K), 0.0097948 secs] [Times: user=0.00 sys=0.00, real=0.01 secs] 
2014-07-10T10:47:14.148+0200: 36.726: [GC (Allocation Failure) 36.726: [ParNew: 19591K->2150K(19648K), 0.0049535 secs] 37528K->24058K(63360K), 0.0051907 secs] [Times: user=0.03 sys=0.00, real=0.01 secs] 
2014-07-10T10:47:14.202+0200: 36.780: [GC (Allocation Failure) 36.780: [ParNew: 19616K->2150K(19648K), 0.0056141 secs] 41525K->29088K(63360K), 0.0058594 secs] [Times: user=0.00 sys=0.00, real=0.01 secs] 
2014-07-10T10:47:14.296+0200: 36.873: [GC (Allocation Failure) 36.873: [ParNew: 19618K->37K(19648K), 0.0004509 secs] 46556K->26977K(63360K), 0.0005554 secs] [Times: user=0.00 sys=0.00, real=0.00 secs] 
2014-07-10T10:47:14.351+0200: 36.928: [GC (Allocation Failure) 36.928: [ParNew: 17480K->2151K(19648K), 0.0056002 secs] 44421K->34662K(63360K), 0.0057890 secs] [Times: user=0.02 sys=0.00, real=0.00 secs] 
2014-07-10T10:47:14.357+0200: 36.934: [GC (CMS Initial Mark) [1 CMS-initial-mark: 32511K(43712K)] 34694K(63360K), 0.0001921 secs] [Times: user=0.00 sys=0.00, real=0.00 secs] 
2014-07-10T10:47:14.357+0200: 36.934: [CMS-concurrent-mark-start]
2014-07-10T10:47:14.358+0200: 36.935: [CMS-concurrent-mark: 0.001/0.001 secs] [Times: user=0.00 sys=0.00, real=0.00 secs] 
2014-07-10T10:47:14.358+0200: 36.935: [CMS-concurrent-preclean-start]
2014-07-10T10:47:14.358+0200: 36.936: [CMS-concurrent-preclean: 0.000/0.000 secs] [Times: user=0.00 sys=0.00, real=0.00 secs] 
2014-07-10T10:47:14.358+0200: 36.936: [CMS-concurrent-abortable-preclean-start]
2014-07-10T10:47:14.446+0200: 37.024: [GC (Allocation Failure) 37.024: [ParNew: 19619K->582K(19648K), 0.0014856 secs] 52130K->33099K(63360K), 0.0017257 secs] [Times: user=0.03 sys=0.00, real=0.00 secs] 
2014-07-10T10:47:14.497+0200: 37.074: [GC (Allocation Failure) 37.074: [ParNew: 18048K->1639K(19648K), 0.0020282 secs] 50565K->34156K(63360K), 0.0023024 secs] [Times: user=0.00 sys=0.00, real=0.00 secs] 
2014-07-10T10:47:14.553+0200: 37.131: [GC (Allocation Failure) 37.131: [ParNew: 19108K->2148K(19648K), 0.0093541 secs] 51625K->35214K(63360K), 0.0095990 secs] [Times: user=0.02 sys=0.00, real=0.01 secs] 
2014-07-10T10:47:14.646+0200: 37.224: [GC (Allocation Failure) 37.224: [ParNew: 19599K->2054K(19648K), 0.0010951 secs] 52666K->35122K(63360K), 0.0012264 secs] [Times: user=0.00 sys=0.00, real=0.00 secs] 
2014-07-10T10:47:14.697+0200: 37.275: [GC (Allocation Failure) 37.275: [ParNew: 19520K->2150K(19648K), 0.0019222 secs] 52589K->36183K(63360K), 0.0021180 secs] [Times: user=0.03 sys=0.00, real=0.00 secs] 
2014-07-10T10:47:14.756+0200: 37.333: [GC (Allocation Failure) 37.333: [ParNew: 19618K->2148K(19648K), 0.0055723 secs] 53651K->38200K(63360K), 0.0060556 secs] [Times: user=0.03 sys=0.00, real=0.01 secs] 
2014-07-10T10:47:14.847+0200: 37.425: [GC (Allocation Failure) 37.425: [ParNew: 19588K->2150K(19648K), 0.0032490 secs] 55640K->40221K(63360K), 0.0034756 secs] [Times: user=0.00 sys=0.00, real=0.00 secs] 
2014-07-10T10:47:14.900+0200: 37.477: [GC (Allocation Failure) 37.477: [ParNew: 19616K->2150K(19648K), 0.0073545 secs] 57688K->43297K(63360K), 0.0077006 secs] [Times: user=0.03 sys=0.00, real=0.01 secs] 
2014-07-10T10:47:14.909+0200: 37.487: [CMS-concurrent-abortable-preclean: 0.005/0.551 secs] [Times: user=0.17 sys=0.00, real=0.55 secs] 
2014-07-10T10:47:14.910+0200: 37.487: [GC (CMS Final Remark) [YG occupancy: 4907 K (19648 K)]37.487: [Rescan (parallel) , 0.0004084 secs]37.488: [weak refs processing, 0.0000851 secs]37.488: [class unloading, 0.0011013 secs]37.489: [scrub symbol table, 0.0012898 secs]37.491: [scrub string table, 0.0004795 secs][1 CMS-remark: 41147K(43712K)] 46055K(63360K), 0.0038899 secs] [Times: user=0.00 sys=0.00, real=0.00 secs] 
2014-07-10T10:47:14.914+0200: 37.491: [CMS-concurrent-sweep-start]
2014-07-10T10:47:14.915+0200: 37.493: [CMS-concurrent-sweep: 0.001/0.001 secs] [Times: user=0.00 sys=0.00, real=0.00 secs] 
2014-07-10T10:47:14.915+0200: 37.493: [CMS-concurrent-reset-start]
2014-07-10T10:47:14.915+0200: 37.493: [CMS-concurrent-reset: 0.000/0.000 secs] [Times: user=0.00 sys=0.00, real=0.00 secs] 
2014-07-10T10:47:14.953+0200: 37.531: [GC (Allocation Failure) 37.531: [ParNew: 19618K->2148K(19648K), 0.0052457 secs] 34255K->20917K(63360K), 0.0054726 secs] [Times: user=0.00 sys=0.00, real=0.01 secs] 
2014-07-10T10:47:14.959+0200: 37.537: [GC (CMS Initial Mark) [1 CMS-initial-mark: 18769K(43712K)] 21015K(63360K), 0.0002768 secs] [Times: user=0.00 sys=0.00, real=0.00 secs] 
2014-07-10T10:47:14.959+0200: 37.537: [CMS-concurrent-mark-start]
2014-07-10T10:47:14.961+0200: 37.538: [CMS-concurrent-mark: 0.001/0.001 secs] [Times: user=0.00 sys=0.00, real=0.00 secs] 
2014-07-10T10:47:14.961+0200: 37.538: [CMS-concurrent-preclean-start]
2014-07-10T10:47:14.961+0200: 37.538: [CMS-concurrent-preclean: 0.000/0.000 secs] [Times: user=0.00 sys=0.00, real=0.00 secs] 
2014-07-10T10:47:14.961+0200: 37.539: [GC (CMS Final Remark) [YG occupancy: 4071 K (19648 K)]37.539: [Rescan (parallel) , 0.0002042 secs]37.539: [weak refs processing, 0.0000469 secs]37.539: [class unloading, 0.0005888 secs]37.540: [scrub symbol table, 0.0007765 secs]37.540: [scrub string table, 0.0002471 secs][1 CMS-remark: 18769K(43712K)] 22840K(63360K), 0.0021239 secs] [Times: user=0.02 sys=0.00, real=0.00 secs] 
2014-07-10T10:47:14.963+0200: 37.541: [CMS-concurrent-sweep-start]
2014-07-10T10:47:14.964+0200: 37.541: [CMS-concurrent-sweep: 0.000/0.000 secs] [Times: user=0.00 sys=0.00, real=0.00 secs] 
2014-07-10T10:47:14.964+0200: 37.541: [CMS-concurrent-reset-start]
2014-07-10T10:47:14.964+0200: 37.542: [CMS-concurrent-reset: 0.000/0.000 secs] [Times: user=0.00 sys=0.00, real=0.00 secs] 
2014-07-10T10:47:15.051+0200: 37.628: [GC (Allocation Failure) 37.629: [ParNew: 19614K->2150K(19648K), 0.0093710 secs] 24180K->11904K(63360K), 0.0098344 secs] [Times: user=0.03 sys=0.00, real=0.01 secs] 
2014-07-10T10:47:15.098+0200: 37.675: [GC (Allocation Failure) 37.675: [ParNew: 19601K->2150K(19648K), 0.0051705 secs] 29356K->16068K(63360K), 0.0053652 secs] [Times: user=0.00 sys=0.00, real=0.00 secs] 
2014-07-10T10:47:15.158+0200: 37.736: [GC (Allocation Failure) 37.736: [ParNew: 19616K->2148K(19648K), 0.0085757 secs] 33535K->21289K(63360K), 0.0089402 secs] [Times: user=0.03 sys=0.00, real=0.01 secs] 
2014-07-10T10:47:15.248+0200: 37.826: [GC (Allocation Failure) 37.826: [ParNew: 19616K->230K(19648K), 0.0011167 secs] 38757K->19373K(63360K), 0.0013023 secs] [Times: user=0.00 sys=0.00, real=0.00 secs] 
2014-07-10T10:47:15.362+0200: 37.939: [GC (Allocation Failure) 37.939: [ParNew: 17670K->231K(19648K), 0.0004806 secs] 36813K->19374K(63360K), 0.0005756 secs] [Times: user=0.00 sys=0.00, real=0.00 secs] 
2014-07-10T10:47:15.396+0200: 37.974: [GC (Allocation Failure) 37.974: [ParNew: 17697K->1288K(19648K), 0.0015123 secs] 36841K->20432K(63360K), 0.0016744 secs] [Times: user=0.00 sys=0.00, real=0.00 secs] 
2014-07-10T10:47:15.457+0200: 38.034: [GC (Allocation Failure) 38.034: [ParNew: 18757K->2148K(19648K), 0.0030199 secs] 37900K->21491K(63360K), 0.0033829 secs] [Times: user=0.00 sys=0.00, real=0.00 secs] 
2014-07-10T10:47:15.548+0200: 38.125: [GC (Allocation Failure) 38.125: [ParNew: 19614K->2150K(19648K), 0.0041960 secs] 38958K->22744K(63360K), 0.0046371 secs] [Times: user=0.00 sys=0.00, real=0.00 secs] 
2014-07-10T10:47:15.598+0200: 38.175: [GC (Allocation Failure) 38.175: [ParNew: 19600K->2150K(19648K), 0.0053003 secs] 40194K->23354K(63360K), 0.0056706 secs] [Times: user=0.02 sys=0.00, real=0.01 secs] 
2014-07-10T10:47:15.651+0200: 38.228: [GC (Allocation Failure) 38.228: [ParNew: 19616K->2148K(19648K), 0.0035412 secs] 40821K->25021K(63360K), 0.0038455 secs] [Times: user=0.00 sys=0.00, real=0.00 secs] 
2014-07-10T10:47:15.748+0200: 38.326: [GC (Allocation Failure) 38.326: [ParNew: 19616K->2150K(19648K), 0.0072687 secs] 42489K->27746K(63360K), 0.0076346 secs] [Times: user=0.00 sys=0.00, real=0.01 secs] 
2014-07-10T10:47:15.799+0200: 38.377: [GC (Allocation Failure) 38.377: [ParNew: 19616K->2150K(19648K), 0.0083151 secs] 45213K->31526K(63360K), 0.0087074 secs] [Times: user=0.02 sys=0.00, real=0.01 secs] 
2014-07-10T10:47:15.809+0200: 38.386: [GC (CMS Initial Mark) [1 CMS-initial-mark: 29376K(43712K)] 31592K(63360K), 0.0004312 secs] [Times: user=0.00 sys=0.00, real=0.00 secs] 
2014-07-10T10:47:15.809+0200: 38.387: [CMS-concurrent-mark-start]
2014-07-10T10:47:15.812+0200: 38.389: [CMS-concurrent-mark: 0.002/0.002 secs] [Times: user=0.00 sys=0.00, real=0.00 secs] 
2014-07-10T10:47:15.812+0200: 38.390: [CMS-concurrent-preclean-start]
2014-07-10T10:47:15.812+0200: 38.390: [CMS-concurrent-preclean: 0.000/0.000 secs] [Times: user=0.00 sys=0.00, real=0.00 secs] 
2014-07-10T10:47:15.813+0200: 38.390: [CMS-concurrent-abortable-preclean-start]
2014-07-10T10:47:15.852+0200: 38.429: [GC (Allocation Failure) 38.429: [ParNew: 19595K->2148K(19648K), 0.0047672 secs] 48972K->34793K(63360K), 0.0050990 secs] [Times: user=0.00 sys=0.00, real=0.01 secs] 
2014-07-10T10:47:15.952+0200: 38.529: [GC (Allocation Failure) 38.529: [ParNew2014-07-10T10:47:15.960+0200: 38.537: [CMS-concurrent-abortable-preclean: 0.001/0.147 secs] [Times: user=0.03 sys=0.00, real=0.15 secs] 
: 19617K->2150K(19648K), 0.0086370 secs] 52261K->39120K(63360K), 0.0089622 secs] [Times: user=0.00 sys=0.02, real=0.01 secs] 
2014-07-10T10:47:15.971+0200: 38.549: [GC (CMS Final Remark) [YG occupancy: 12084 K (19648 K)]38.549: [Rescan (parallel) , 0.0006126 secs]38.549: [weak refs processing, 0.0001034 secs]38.550: [class unloading, 0.0011952 secs]38.551: [scrub symbol table, 0.0014500 secs]38.552: [scrub string table, 0.0004905 secs][1 CMS-remark: 36969K(43712K)] 49054K(63360K), 0.0045847 secs] [Times: user=0.00 sys=0.00, real=0.01 secs] 
2014-07-10T10:47:15.976+0200: 38.553: [CMS-concurrent-sweep-start]
2014-07-10T10:47:15.976+0200: 38.554: [CMS-concurrent-sweep: 0.000/0.000 secs] [Times: user=0.00 sys=0.00, real=0.00 secs] 
2014-07-10T10:47:15.976+0200: 38.554: [CMS-concurrent-reset-start]
2014-07-10T10:47:15.977+0200: 38.554: [CMS-concurrent-reset: 0.000/0.000 secs] [Times: user=0.01 sys=0.00, real=0.00 secs] 
2014-07-10T10:47:15.998+0200: 38.575: [GC (Allocation Failure) 38.576: [ParNew: 19616K->2150K(19648K), 0.0061395 secs] 31425K->19340K(63360K), 0.0064687 secs] [Times: user=0.00 sys=0.00, real=0.01 secs] 
2014-07-10T10:47:16.059+0200: 38.637: [GC (Allocation Failure) 38.637: [ParNew: 19619K->389K(19648K), 0.0017847 secs] 36809K->17581K(63360K), 0.0020817 secs] [Times: user=0.00 sys=0.00, real=0.00 secs] 
2014-07-10T10:47:16.156+0200: 38.733: [GC (Allocation Failure) 38.734: [ParNew: 17832K->2150K(19648K), 0.0152832 secs] 35024K->25265K(63360K), 0.0154745 secs] [Times: user=0.01 sys=0.00, real=0.02 secs] 
2014-07-10T10:47:16.174+0200: 38.751: [GC (CMS Initial Mark) [1 CMS-initial-mark: 23115K(43712K)] 25811K(63360K), 0.0002486 secs] [Times: user=0.00 sys=0.00, real=0.00 secs] 
2014-07-10T10:47:16.174+0200: 38.752: [CMS-concurrent-mark-start]
2014-07-10T10:47:16.175+0200: 38.753: [CMS-concurrent-mark: 0.001/0.001 secs] [Times: user=0.00 sys=0.00, real=0.00 secs] 
2014-07-10T10:47:16.175+0200: 38.753: [CMS-concurrent-preclean-start]
2014-07-10T10:47:16.176+0200: 38.753: [CMS-concurrent-preclean: 0.000/0.000 secs] [Times: user=0.00 sys=0.00, real=0.00 secs] 
2014-07-10T10:47:16.176+0200: 38.753: [GC (CMS Final Remark) [YG occupancy: 2696 K (19648 K)]38.753: [Rescan (parallel) , 0.0002937 secs]38.754: [weak refs processing, 0.0000400 secs]38.754: [class unloading, 0.0004513 secs]38.754: [scrub symbol table, 0.0006222 secs]38.755: [scrub string table, 0.0002273 secs][1 CMS-remark: 23115K(43712K)] 25811K(63360K), 0.0018537 secs] [Times: user=0.00 sys=0.00, real=0.00 secs] 
2014-07-10T10:47:16.178+0200: 38.755: [CMS-concurrent-sweep-start]
2014-07-10T10:47:16.178+0200: 38.756: [CMS-concurrent-sweep: 0.000/0.000 secs] [Times: user=0.00 sys=0.00, real=0.00 secs] 
2014-07-10T10:47:16.178+0200: 38.756: [CMS-concurrent-reset-start]
2014-07-10T10:47:16.178+0200: 38.756: [CMS-concurrent-reset: 0.000/0.000 secs] [Times: user=0.00 sys=0.00, real=0.00 secs] 
2014-07-10T10:47:16.246+0200: 38.823: [GC (Allocation Failure) 38.824: [ParNew: 19619K->933K(19648K), 0.0006515 secs] 20054K->1373K(63360K), 0.0007523 secs] [Times: user=0.00 sys=0.00, real=0.00 secs] 
2014-07-10T10:47:16.296+0200: 38.874: [GC (Allocation Failure) 38.874: [ParNew: 18399K->1992K(19648K), 0.0010841 secs] 18840K->2432K(63360K), 0.0012242 secs] [Times: user=0.00 sys=0.00, real=0.00 secs] 
2014-07-10T10:47:16.353+0200: 38.931: [GC (Allocation Failure) 38.931: [ParNew: 19432K->1987K(19648K), 0.0017389 secs] 19872K->2433K(63360K), 0.0018889 secs] [Times: user=0.00 sys=0.00, real=0.00 secs] 
2014-07-10T10:47:16.447+0200: 39.025: [GC (Allocation Failure) 39.025: [ParNew: 19456K->2148K(19648K), 0.0020590 secs] 19902K->3493K(63360K), 0.0022360 secs] [Times: user=0.00 sys=0.00, real=0.00 secs] 
2014-07-10T10:47:16.498+0200: 39.075: [GC (Allocation Failure) 39.076: [ParNew: 19614K->2150K(19648K), 0.0052552 secs] 20959K->5450K(63360K), 0.0056306 secs] [Times: user=0.00 sys=0.00, real=0.01 secs] 
2014-07-10T10:47:16.552+0200: 39.130: [GC (Allocation Failure) 39.130: [ParNew: 19598K->2150K(19648K), 0.0034877 secs] 22898K->7277K(63360K), 0.0037289 secs] [Times: user=0.03 sys=0.00, real=0.00 secs] 
2014-07-10T10:47:16.648+0200: 39.226: [GC (Allocation Failure) 39.226: [ParNew: 19590K->2150K(19648K), 0.0049762 secs] 24717K->9105K(63360K), 0.0053234 secs] [Times: user=0.00 sys=0.00, real=0.01 secs] 
2014-07-10T10:47:16.698+0200: 39.275: [GC (Allocation Failure) 39.275: [ParNew: 19618K->2150K(19648K), 0.0039750 secs] 26574K->11990K(63360K), 0.0042184 secs] [Times: user=0.00 sys=0.00, real=0.00 secs] 
2014-07-10T10:47:16.751+0200: 39.329: [GC (Allocation Failure) 39.329: [ParNew: 19616K->2148K(19648K), 0.0048270 secs] 29456K->15928K(63360K), 0.0050642 secs] [Times: user=0.00 sys=0.00, real=0.01 secs] 
2014-07-10T10:47:16.850+0200: 39.428: [GC (Allocation Failure) 39.428: [ParNew: 19588K->2150K(19648K), 0.0081864 secs] 33368K->19870K(63360K), 0.0085900 secs] [Times: user=0.02 sys=0.00, real=0.01 secs] 
2014-07-10T10:47:16.899+0200: 39.476: [GC (Allocation Failure) 39.476: [ParNew: 19618K->2150K(19648K), 0.0057505 secs] 37338K->24867K(63360K), 0.0059925 secs] [Times: user=0.00 sys=0.00, real=0.01 secs] 
2014-07-10T10:47:16.996+0200: 39.574: [GC (Allocation Failure) 39.574: [ParNew: 19616K->5K(19648K), 0.0012033 secs] 42333K->22724K(63360K), 0.0015222 secs] [Times: user=0.00 sys=0.00, real=0.00 secs] 
2014-07-10T10:47:17.053+0200: 39.630: [GC (Allocation Failure) 39.631: [ParNew: 17471K->1063K(19648K), 0.0027244 secs] 40190K->23782K(63360K), 0.0030247 secs] [Times: user=0.00 sys=0.00, real=0.00 secs] 
2014-07-10T10:47:17.146+0200: 39.724: [GC (Allocation Failure) 39.724: [ParNew: 18509K->553K(19648K), 0.0013756 secs] 41228K->23273K(63360K), 0.0016582 secs] [Times: user=0.00 sys=0.01, real=0.00 secs] 
2014-07-10T10:47:17.197+0200: 39.775: [GC (Allocation Failure) 39.775: [ParNew: 18020K->1612K(19648K), 0.0022353 secs] 40739K->24331K(63360K), 0.0025264 secs] [Times: user=0.00 sys=0.00, real=0.01 secs] 
2014-07-10T10:47:17.250+0200: 39.827: [GC (Allocation Failure) 39.828: [ParNew: 19080K->2148K(19648K), 0.0024021 secs] 41800K->25390K(63360K), 0.0030573 secs] [Times: user=0.00 sys=0.00, real=0.00 secs] 
2014-07-10T10:47:17.346+0200: 39.924: [GC (Allocation Failure) 39.924: [ParNew: 19593K->2150K(19648K), 0.0014507 secs] 42836K->25395K(63360K), 0.0016095 secs] [Times: user=0.00 sys=0.00, real=0.00 secs] 
2014-07-10T10:47:17.397+0200: 39.974: [GC (Allocation Failure) 39.974: [ParNew: 19617K->2148K(19648K), 0.0024417 secs] 42861K->26452K(63360K), 0.0026276 secs] [Times: user=0.00 sys=0.00, real=0.00 secs] 
2014-07-10T10:47:17.452+0200: 40.029: [GC (Allocation Failure) 40.029: [ParNew: 19616K->2148K(19648K), 0.0032787 secs] 43920K->28567K(63360K), 0.0034690 secs] [Times: user=0.00 sys=0.00, real=0.00 secs] 
2014-07-10T10:47:17.549+0200: 40.127: [GC (Allocation Failure) 40.127: [ParNew: 19614K->2150K(19648K), 0.0075529 secs] 46034K->31741K(63360K), 0.0078707 secs] [Times: user=0.03 sys=0.00, real=0.01 secs] 
2014-07-10T10:47:17.599+0200: 40.177: [GC (Allocation Failure) 40.177: [ParNew: 19600K->2150K(19648K), 0.0065010 secs] 49191K->34273K(63360K), 0.0071573 secs] [Times: user=0.00 sys=0.00, real=0.01 secs] 
2014-07-10T10:47:17.656+0200: 40.234: [GC (Allocation Failure) 40.234: [ParNew: 19617K->2148K(19648K), 0.0076617 secs] 51739K->37860K(63360K), 0.0080790 secs] [Times: user=0.03 sys=0.00, real=0.01 secs] 
2014-07-10T10:47:17.665+0200: 40.243: [GC (CMS Initial Mark) [1 CMS-initial-mark: 35712K(43712K)] 37926K(63360K), 0.0004213 secs] [Times: user=0.00 sys=0.00, real=0.00 secs] 
2014-07-10T10:47:17.666+0200: 40.243: [CMS-concurrent-mark-start]
2014-07-10T10:47:17.668+0200: 40.246: [CMS-concurrent-mark: 0.003/0.003 secs] [Times: user=0.00 sys=0.00, real=0.00 secs] 
2014-07-10T10:47:17.669+0200: 40.246: [CMS-concurrent-preclean-start]
2014-07-10T10:47:17.669+0200: 40.247: [CMS-concurrent-preclean: 0.000/0.000 secs] [Times: user=0.00 sys=0.00, real=0.00 secs] 
2014-07-10T10:47:17.669+0200: 40.247: [CMS-concurrent-abortable-preclean-start]
2014-07-10T10:47:17.750+0200: 40.328: [GC (Allocation Failure) 40.328: [ParNew: 19616K->2150K(19648K), 0.0091015 secs] 55328K->42506K(63360K), 0.0095110 secs] [Times: user=0.01 sys=0.00, real=0.01 secs] 
2014-07-10T10:47:17.762+0200: 40.340: [CMS-concurrent-abortable-preclean: 0.002/0.093 secs] [Times: user=0.01 sys=0.00, real=0.09 secs] 
2014-07-10T10:47:17.763+0200: 40.340: [GC (CMS Final Remark) [YG occupancy: 5099 K (19648 K)]40.340: [Rescan (parallel) , 0.0004004 secs]40.341: [weak refs processing, 0.0000902 secs]40.341: [class unloading, 0.0012150 secs]40.342: [scrub symbol table, 0.0013254 secs]40.344: [scrub string table, 0.0004942 secs][1 CMS-remark: 40356K(43712K)] 45456K(63360K), 0.0041077 secs] [Times: user=0.00 sys=0.00, real=0.00 secs] 
2014-07-10T10:47:17.767+0200: 40.345: [CMS-concurrent-sweep-start]
2014-07-10T10:47:17.768+0200: 40.346: [CMS-concurrent-sweep: 0.001/0.001 secs] [Times: user=0.00 sys=0.00, real=0.00 secs] 
2014-07-10T10:47:17.769+0200: 40.346: [CMS-concurrent-reset-start]
2014-07-10T10:47:17.769+0200: 40.347: [CMS-concurrent-reset: 0.000/0.000 secs] [Times: user=0.00 sys=0.00, real=0.00 secs] 
2014-07-10T10:47:17.798+0200: 40.376: [GC (Allocation Failure) 40.376: [ParNew: 19616K->2148K(19648K), 0.0065516 secs] 28290K->16522K(63360K), 0.0068823 secs] [Times: user=0.01 sys=0.00, real=0.01 secs] 
2014-07-10T10:47:17.859+0200: 40.437: [GC (Allocation Failure) 40.437: [ParNew: 19588K->2150K(19648K), 0.0089105 secs] 33962K->22225K(63360K), 0.0092331 secs] [Times: user=0.02 sys=0.00, real=0.01 secs] 
2014-07-10T10:47:17.951+0200: 40.528: [GC (Allocation Failure) 40.529: [ParNew: 19618K->708K(19648K), 0.0009382 secs] 39693K->20786K(63360K), 0.0011285 secs] [Times: user=0.00 sys=0.00, real=0.00 secs] 
2014-07-10T10:47:18.047+0200: 40.625: [GC (Allocation Failure) 40.625: [ParNew: 18174K->1767K(19648K), 0.0012847 secs] 38252K->21846K(63360K), 0.0014496 secs] [Times: user=0.00 sys=0.00, real=0.00 secs] 
2014-07-10T10:47:18.096+0200: 40.674: [GC (Allocation Failure) 40.674: [ParNew: 19219K->741K(19648K), 0.0009298 secs] 39297K->20824K(63360K), 0.0010929 secs] [Times: user=0.00 sys=0.00, real=0.00 secs] 
2014-07-10T10:47:18.161+0200: 40.739: [GC (Allocation Failure) 40.739: [ParNew: 18207K->1798K(19648K), 0.0043104 secs] 38291K->21882K(63360K), 0.0046213 secs] [Times: user=0.00 sys=0.00, real=0.00 secs] 
2014-07-10T10:47:18.246+0200: 40.824: [GC (Allocation Failure) 40.824: [ParNew: 19267K->2148K(19648K), 0.0020597 secs] 39350K->22941K(63360K), 0.0022291 secs] [Times: user=0.00 sys=0.00, real=0.00 secs] 
2014-07-10T10:47:18.298+0200: 40.876: [GC (Allocation Failure) 40.876: [ParNew: 19614K->2150K(19648K), 0.0144945 secs] 40408K->24706K(63360K), 0.0148142 secs] [Times: user=0.03 sys=0.00, real=0.01 secs] 
2014-07-10T10:47:18.352+0200: 40.929: [GC (Allocation Failure) 40.930: [ParNew: 19590K->2148K(19648K), 0.0031992 secs] 42146K->26467K(63360K), 0.0034060 secs] [Times: user=0.00 sys=0.00, real=0.00 secs] 
2014-07-10T10:47:18.450+0200: 41.027: [GC (Allocation Failure) 41.028: [ParNew: 19616K->2150K(19648K), 0.0068449 secs] 43936K->29289K(63360K), 0.0072093 secs] [Times: user=0.01 sys=0.00, real=0.01 secs] 
2014-07-10T10:47:18.498+0200: 41.075: [GC (Allocation Failure) 41.075: [ParNew: 19616K->2150K(19648K), 0.0044776 secs] 46756K->33165K(63360K), 0.0047317 secs] [Times: user=0.00 sys=0.00, real=0.00 secs] 
2014-07-10T10:47:18.503+0200: 41.080: [GC (CMS Initial Mark) [1 CMS-initial-mark: 31015K(43712K)] 33231K(63360K), 0.0001782 secs] [Times: user=0.00 sys=0.00, real=0.00 secs] 
2014-07-10T10:47:18.503+0200: 41.081: [CMS-concurrent-mark-start]
2014-07-10T10:47:18.504+0200: 41.081: [CMS-concurrent-mark: 0.001/0.001 secs] [Times: user=0.03 sys=0.00, real=0.00 secs] 
2014-07-10T10:47:18.504+0200: 41.082: [CMS-concurrent-preclean-start]
2014-07-10T10:47:18.504+0200: 41.082: [CMS-concurrent-preclean: 0.000/0.000 secs] [Times: user=0.00 sys=0.00, real=0.00 secs] 
2014-07-10T10:47:18.504+0200: 41.082: [CMS-concurrent-abortable-preclean-start]
2014-07-10T10:47:18.552+0200: 41.130: [GC (Allocation Failure) 41.130: [ParNew: 19618K->2148K(19648K), 0.0052728 secs] 50634K->38096K(63360K), 0.0054745 secs] [Times: user=0.00 sys=0.00, real=0.01 secs] 
2014-07-10T10:47:18.648+0200: 41.226: [GC (Allocation Failure) 41.226: [ParNew: 19599K->2150K(19648K), 0.0067316 secs] 55548K->42391K(63360K), 0.0069336 secs] [Times: user=0.00 sys=0.00, real=0.01 secs] 
2014-07-10T10:47:18.657+0200: 41.234: [CMS-concurrent-abortable-preclean: 0.002/0.152 secs] [Times: user=0.03 sys=0.00, real=0.15 secs] 
2014-07-10T10:47:18.657+0200: 41.234: [GC (CMS Final Remark) [YG occupancy: 6158 K (19648 K)]41.235: [Rescan (parallel) , 0.0002365 secs]41.235: [weak refs processing, 0.0000491 secs]41.235: [class unloading, 0.0006911 secs]41.236: [scrub symbol table, 0.0007710 secs]41.237: [scrub string table, 0.0002566 secs][1 CMS-remark: 40240K(43712K)] 46399K(63360K), 0.0024113 secs] [Times: user=0.00 sys=0.00, real=0.00 secs] 
2014-07-10T10:47:18.659+0200: 41.237: [CMS-concurrent-sweep-start]
2014-07-10T10:47:18.660+0200: 41.238: [CMS-concurrent-sweep: 0.001/0.001 secs] [Times: user=0.03 sys=0.00, real=0.00 secs] 
2014-07-10T10:47:18.660+0200: 41.238: [CMS-concurrent-reset-start]
2014-07-10T10:47:18.660+0200: 41.238: [CMS-concurrent-reset: 0.000/0.000 secs] [Times: user=0.00 sys=0.00, real=0.00 secs] 
2014-07-10T10:47:18.699+0200: 41.276: [GC (Allocation Failure) 41.276: [ParNew: 19617K->2150K(19648K), 0.0055771 secs] 33160K->21043K(63360K), 0.0057835 secs] [Times: user=0.00 sys=0.00, real=0.01 secs] 
2014-07-10T10:47:18.797+0200: 41.374: [GC (Allocation Failure) 41.375: [ParNew: 19618K->357K(19648K), 0.0013415 secs] 38512K->19252K(63360K), 0.0016179 secs] [Times: user=0.00 sys=0.00, real=0.00 secs] 
2014-07-10T10:47:18.851+0200: 41.429: [GC (Allocation Failure) 41.429: [ParNew: 17800K->2151K(19648K), 0.0101500 secs] 36696K->26938K(63360K), 0.0105819 secs] [Times: user=0.00 sys=0.00, real=0.01 secs] 
2014-07-10T10:47:18.862+0200: 41.440: [GC (CMS Initial Mark) [1 CMS-initial-mark: 24786K(43712K)] 27004K(63360K), 0.0004645 secs] [Times: user=0.00 sys=0.00, real=0.00 secs] 
2014-07-10T10:47:18.863+0200: 41.441: [CMS-concurrent-mark-start]
2014-07-10T10:47:18.866+0200: 41.444: [CMS-concurrent-mark: 0.003/0.003 secs] [Times: user=0.00 sys=0.00, real=0.00 secs] 
2014-07-10T10:47:18.867+0200: 41.444: [CMS-concurrent-preclean-start]
2014-07-10T10:47:18.867+0200: 41.445: [CMS-concurrent-preclean: 0.000/0.000 secs] [Times: user=0.00 sys=0.00, real=0.00 secs] 
2014-07-10T10:47:18.867+0200: 41.445: [CMS-concurrent-abortable-preclean-start]
2014-07-10T10:47:18.947+0200: 41.525: [GC (Allocation Failure) 41.525: [ParNew: 19620K->902K(19648K), 0.0016403 secs] 44406K->25694K(63360K), 0.0019438 secs] [Times: user=0.00 sys=0.00, real=0.00 secs] 
2014-07-10T10:47:18.997+0200: 41.574: [GC (Allocation Failure) 41.575: [ParNew: 18368K->1960K(19648K), 0.0013957 secs] 43161K->26752K(63360K), 0.0015633 secs] [Times: user=0.00 sys=0.00, real=0.00 secs] 
2014-07-10T10:47:19.050+0200: 41.627: [GC (Allocation Failure) 41.627: [ParNew: 19402K->2148K(19648K), 0.0020755 secs] 44194K->27265K(63360K), 0.0022760 secs] [Times: user=0.00 sys=0.00, real=0.00 secs] 
2014-07-10T10:47:19.147+0200: 41.725: [GC (Allocation Failure) 41.725: [ParNew: 19588K->2150K(19648K), 0.0026052 secs] 44705K->27590K(63360K), 0.0029172 secs] [Times: user=0.00 sys=0.00, real=0.00 secs] 
2014-07-10T10:47:19.201+0200: 41.779: [GC (Allocation Failure) 41.779: [ParNew: 19616K->2150K(19648K), 0.0050807 secs] 45057K->28969K(63360K), 0.0054679 secs] [Times: user=0.03 sys=0.00, real=0.01 secs] 
2014-07-10T10:47:19.251+0200: 41.829: [GC (Allocation Failure) 41.829: [ParNew: 19618K->2148K(19648K), 0.0039493 secs] 46438K->31403K(63360K), 0.0042639 secs] [Times: user=0.03 sys=0.00, real=0.00 secs] 
2014-07-10T10:47:19.348+0200: 41.926: [GC (Allocation Failure) 41.926: [ParNew: 19588K->2150K(19648K), 0.0040204 secs] 48843K->33840K(63360K), 0.0042532 secs] [Times: user=0.00 sys=0.00, real=0.00 secs] 
2014-07-10T10:47:19.398+0200: 41.976: [GC (Allocation Failure) 41.976: [ParNew: 19616K->2150K(19648K), 0.0040992 secs] 51307K->37332K(63360K), 0.0043430 secs] [Times: user=0.00 sys=0.00, real=0.00 secs] 
2014-07-10T10:47:19.452+0200: 42.030: [GC (Allocation Failure) 42.030: [ParNew: 19618K->2148K(19648K), 0.0049307 secs] 54801K->41879K(63360K), 0.0051207 secs] [Times: user=0.03 sys=0.00, real=0.01 secs] 
2014-07-10T10:47:19.550+0200: 42.128: [GC (Allocation Failure) 42.128: [ParNew: 19614K->19614K(19648K), 0.0000913 secs]42.128: [CMS2014-07-10T10:47:19.551+0200: 42.128: [CMS-concurrent-abortable-preclean: 0.007/0.683 secs] [Times: user=0.20 sys=0.00, real=0.68 secs] 
 (concurrent mode failure): 39731K->8192K(43712K), 0.0107088 secs] 59345K->8192K(63360K), [Metaspace: 2457K->2457K(1056768K)], 0.0110618 secs] [Times: user=0.00 sys=0.00, real=0.01 secs] 
2014-07-10T10:47:19.598+0200: 42.176: [GC (Allocation Failure) 42.176: [ParNew: 17456K->2151K(19648K), 0.0050195 secs] 25648K->14798K(63360K), 0.0052032 secs] [Times: user=0.00 sys=0.00, real=0.00 secs] 
2014-07-10T10:47:19.662+0200: 42.240: [GC (Allocation Failure) 42.240: [ParNew: 19618K->2148K(19648K), 0.0075961 secs] 32265K->20306K(63360K), 0.0079070 secs] [Times: user=0.00 sys=0.00, real=0.01 secs] 
2014-07-10T10:47:19.749+0200: 42.327: [GC (Allocation Failure) 42.327: [ParNew: 19616K->518K(19648K), 0.0008938 secs] 37774K->18678K(63360K), 0.0010332 secs] [Times: user=0.00 sys=0.00, real=0.00 secs] 
2014-07-10T10:47:19.847+0200: 42.425: [GC (Allocation Failure) 42.425: [ParNew: 17958K->519K(19648K), 0.0013763 secs] 36118K->18679K(63360K), 0.0016337 secs] [Times: user=0.00 sys=0.00, real=0.00 secs] 
2014-07-10T10:47:19.897+0200: 42.475: [GC (Allocation Failure) 42.475: [ParNew: 17985K->1577K(19648K), 0.0020084 secs] 36145K->19737K(63360K), 0.0022932 secs] [Times: user=0.00 sys=0.00, real=0.00 secs] 
2014-07-10T10:47:19.956+0200: 42.534: [GC (Allocation Failure) 42.534: [ParNew: 19046K->2148K(19648K), 0.0032355 secs] 37206K->20796K(63360K), 0.0035911 secs] [Times: user=0.00 sys=0.00, real=0.00 secs] 
2014-07-10T10:47:20.048+0200: 42.626: [GC (Allocation Failure) 42.626: [ParNew: 19614K->2150K(19648K), 0.0051471 secs] 38263K->22337K(63360K), 0.0055111 secs] [Times: user=0.00 sys=0.00, real=0.01 secs] 
2014-07-10T10:47:20.117+0200: 42.695: [GC (Allocation Failure) 42.695: [ParNew: 19595K->2150K(19648K), 0.0021382 secs] 39783K->23364K(63360K), 0.0023105 secs] [Times: user=0.00 sys=0.00, real=0.00 secs] 
2014-07-10T10:47:20.157+0200: 42.735: [GC (Allocation Failure) 42.735: [ParNew: 19618K->2148K(19648K), 0.0031013 secs] 40832K->25446K(63360K), 0.0033209 secs] [Times: user=0.03 sys=0.00, real=0.00 secs] 
2014-07-10T10:47:20.248+0200: 42.825: [GC (Allocation Failure) 42.825: [ParNew: 19614K->2150K(19648K), 0.0040593 secs] 42912K->28588K(63360K), 0.0042507 secs] [Times: user=0.03 sys=0.00, real=0.00 secs] 
2014-07-10T10:47:20.297+0200: 42.875: [GC (Allocation Failure) 42.875: [ParNew: 19618K->2150K(19648K), 0.0054367 secs] 46056K->32784K(63360K), 0.0056464 secs] [Times: user=0.00 sys=0.00, real=0.00 secs] 
2014-07-10T10:47:20.303+0200: 42.881: [GC (CMS Initial Mark) [1 CMS-initial-mark: 30634K(43712K)] 32816K(63360K), 0.0002885 secs] [Times: user=0.00 sys=0.00, real=0.00 secs] 
2014-07-10T10:47:20.304+0200: 42.881: [CMS-concurrent-mark-start]
2014-07-10T10:47:20.305+0200: 42.883: [CMS-concurrent-mark: 0.002/0.002 secs] [Times: user=0.00 sys=0.00, real=0.00 secs] 
2014-07-10T10:47:20.305+0200: 42.883: [CMS-concurrent-preclean-start]
2014-07-10T10:47:20.306+0200: 42.883: [CMS-concurrent-preclean: 0.000/0.000 secs] [Times: user=0.00 sys=0.00, real=0.00 secs] 
2014-07-10T10:47:20.306+0200: 42.883: [CMS-concurrent-abortable-preclean-start]
2014-07-10T10:47:20.354+0200: 42.932: [GC (Allocation Failure) 42.932: [ParNew: 19593K->2150K(19648K), 0.0040684 secs] 50227K->36468K(63360K), 0.0042683 secs] [Times: user=0.00 sys=0.00, real=0.00 secs] 
2014-07-10T10:47:20.455+0200: 43.033: [GC (Allocation Failure) 43.033: [ParNew2014-07-10T10:47:20.464+0200: 43.042: :[CMS-concurrent-abortable-preclean: 0.001/0.158 secs] 19619K->2148K(19648K) [Times: user=0.03 sys=0.02, real=0.16 secs] 
, 0.0083136 secs] 53937K->41207K(63360K), 0.0087470 secs] [Times: user=0.00 sys=0.00, real=0.01 secs] 
2014-07-10T10:47:20.465+0200: 43.043: [GC (CMS Final Remark) [YG occupancy: 2598 K (19648 K)]43.043: [Rescan (parallel) , 0.0005048 secs]43.044: [weak refs processing, 0.0001016 secs]43.044: [class unloading, 0.0010757 secs]43.045: [scrub symbol table, 0.0018650 secs]43.047: [scrub string table, 0.0007325 secs][1 CMS-remark: 39059K(43712K)] 41657K(63360K), 0.0049051 secs] [Times: user=0.02 sys=0.00, real=0.01 secs] 
2014-07-10T10:47:20.470+0200: 43.048: [CMS-concurrent-sweep-start]
2014-07-10T10:47:20.472+0200: 43.049: [CMS-concurrent-sweep: 0.001/0.001 secs] [Times: user=0.00 sys=0.00, real=0.00 secs] 
2014-07-10T10:47:20.472+0200: 43.050: [CMS-concurrent-reset-start]
2014-07-10T10:47:20.472+0200: 43.050: [CMS-concurrent-reset: 0.000/0.000 secs] [Times: user=0.00 sys=0.00, real=0.00 secs] 
2014-07-10T10:47:20.498+0200: 43.076: [GC (Allocation Failure) 43.076: [ParNew: 19614K->2150K(19648K), 0.0066840 secs] 32683K->21015K(63360K), 0.0069226 secs] [Times: user=0.02 sys=0.00, real=0.01 secs] 
2014-07-10T10:47:20.506+0200: 43.083: [GC (CMS Initial Mark) [1 CMS-initial-mark: 18865K(43712K)] 21081K(63360K), 0.0002060 secs] [Times: user=0.00 sys=0.00, real=0.00 secs] 
2014-07-10T10:47:20.506+0200: 43.084: [CMS-concurrent-mark-start]
2014-07-10T10:47:20.507+0200: 43.085: [CMS-concurrent-mark: 0.001/0.001 secs] [Times: user=0.00 sys=0.00, real=0.00 secs] 
2014-07-10T10:47:20.507+0200: 43.085: [CMS-concurrent-preclean-start]
2014-07-10T10:47:20.507+0200: 43.085: [CMS-concurrent-preclean: 0.000/0.000 secs] [Times: user=0.00 sys=0.00, real=0.00 secs] 
2014-07-10T10:47:20.507+0200: 43.085: [GC (CMS Final Remark) [YG occupancy: 2408 K (19648 K)]43.085: [Rescan (parallel) , 0.0001591 secs]43.085: [weak refs processing, 0.0000814 secs]43.085: [class unloading, 0.0004414 secs]43.086: [scrub symbol table, 0.0008355 secs]43.087: [scrub string table, 0.0001928 secs][1 CMS-remark: 18865K(43712K)] 21273K(63360K), 0.0019204 secs] [Times: user=0.00 sys=0.00, real=0.00 secs] 
2014-07-10T10:47:20.509+0200: 43.087: [CMS-concurrent-sweep-start]
2014-07-10T10:47:20.510+0200: 43.087: [CMS-concurrent-sweep: 0.000/0.000 secs] [Times: user=0.00 sys=0.00, real=0.00 secs] 
2014-07-10T10:47:20.510+0200: 43.088: [CMS-concurrent-reset-start]
2014-07-10T10:47:20.510+0200: 43.088: [CMS-concurrent-reset: 0.000/0.000 secs] [Times: user=0.00 sys=0.00, real=0.00 secs] 
2014-07-10T10:47:20.553+0200: 43.131: [GC (Allocation Failure) 43.131: [ParNew: 19621K->805K(19648K), 0.0012249 secs] 25865K->7050K(63360K), 0.0014089 secs] [Times: user=0.00 sys=0.00, real=0.00 secs] 
2014-07-10T10:47:20.659+0200: 43.237: [GC (Allocation Failure) 43.237: [ParNew: 18255K->168K(19648K), 0.0011028 secs] 24501K->6413K(63360K), 0.0013726 secs] [Times: user=0.00 sys=0.00, real=0.00 secs] 
2014-07-10T10:47:20.746+0200: 43.324: [GC (Allocation Failure) 43.324: [ParNew: 17634K->1226K(19648K), 0.0021037 secs] 23880K->7472K(63360K), 0.0023981 secs] [Times: user=0.00 sys=0.00, real=0.00 secs] 
2014-07-10T10:47:20.797+0200: 43.375: [GC (Allocation Failure) 43.375: [ParNew: 18695K->2150K(19648K), 0.0015208 secs] 24940K->8532K(63360K), 0.0016894 secs] [Times: user=0.00 sys=0.00, real=0.00 secs] 
2014-07-10T10:47:20.854+0200: 43.432: [GC (Allocation Failure) 43.433: [ParNew: 19590K->2150K(19648K), 0.0035467 secs] 25972K->8663K(63360K), 0.0039871 secs] [Times: user=0.00 sys=0.00, real=0.00 secs] 
2014-07-10T10:47:20.949+0200: 43.527: [GC (Allocation Failure) 43.527: [ParNew: 19616K->2148K(19648K), 0.0039185 secs] 26129K->9848K(63360K), 0.0045022 secs] [Times: user=0.01 sys=0.00, real=0.01 secs] 
2014-07-10T10:47:20.998+0200: 43.576: [GC (Allocation Failure) 43.576: [ParNew: 19616K->2150K(19648K), 0.0070953 secs] 27316K->12093K(63360K), 0.0074509 secs] [Times: user=0.03 sys=0.00, real=0.01 secs] 
2014-07-10T10:47:21.056+0200: 43.634: [GC (Allocation Failure) 43.634: [ParNew: 19593K->2148K(19648K), 0.0055133 secs] 29537K->13823K(63360K), 0.0059456 secs] [Times: user=0.03 sys=0.00, real=0.01 secs] 
2014-07-10T10:47:21.148+0200: 43.726: [GC (Allocation Failure) 43.726: [ParNew: 19590K->2150K(19648K), 0.0077285 secs] 31265K->16068K(63360K), 0.0080856 secs] [Times: user=0.03 sys=0.00, real=0.01 secs] 
2014-07-10T10:47:21.198+0200: 43.776: [GC (Allocation Failure) 43.776: [ParNew: 19616K->2150K(19648K), 0.0040003 secs] 33535K->19369K(63360K), 0.0041616 secs] [Times: user=0.00 sys=0.00, real=0.00 secs] 
2014-07-10T10:47:21.252+0200: 43.830: [GC (Allocation Failure) 43.830: [ParNew: 19618K->2148K(19648K), 0.0052050 secs] 36837K->23723K(63360K), 0.0054107 secs] [Times: user=0.00 sys=0.00, real=0.00 secs] 
2014-07-10T10:47:21.348+0200: 43.926: [GC (Allocation Failure) 43.926: [ParNew: 19588K->2150K(19648K), 0.0057465 secs] 41163K->28081K(63360K), 0.0059529 secs] [Times: user=0.00 sys=0.00, real=0.01 secs] 
2014-07-10T10:47:21.399+0200: 43.977: [GC (Allocation Failure) 43.977: [ParNew: 19616K->2150K(19648K), 0.0056233 secs] 45548K->33495K(63360K), 0.0057978 secs] [Times: user=0.00 sys=0.00, real=0.01 secs] 
2014-07-10T10:47:21.405+0200: 43.983: [GC (CMS Initial Mark) [1 CMS-initial-mark: 31345K(43712K)] 33561K(63360K), 0.0001939 secs] [Times: user=0.00 sys=0.00, real=0.00 secs] 
2014-07-10T10:47:21.405+0200: 43.983: [CMS-concurrent-mark-start]
2014-07-10T10:47:21.406+0200: 43.984: [CMS-concurrent-mark: 0.001/0.001 secs] [Times: user=0.02 sys=0.00, real=0.00 secs] 
2014-07-10T10:47:21.406+0200: 43.984: [CMS-concurrent-preclean-start]
2014-07-10T10:47:21.406+0200: 43.984: [CMS-concurrent-preclean: 0.000/0.000 secs] [Times: user=0.00 sys=0.00, real=0.00 secs] 
2014-07-10T10:47:21.406+0200: 43.984: [GC (CMS Final Remark) [YG occupancy: 2792 K (19648 K)]43.984: [Rescan (parallel) , 0.0002592 secs]43.985: [weak refs processing, 0.0000341 secs]43.985: [class unloading, 0.0004293 secs]43.985: [scrub symbol table, 0.0005760 secs]43.986: [scrub string table, 0.0001730 secs][1 CMS-remark: 31345K(43712K)] 34137K(63360K), 0.0016535 secs] [Times: user=0.00 sys=0.00, real=0.00 secs] 
2014-07-10T10:47:21.408+0200: 43.986: [CMS-concurrent-sweep-start]
2014-07-10T10:47:21.409+0200: 43.986: [CMS-concurrent-sweep: 0.000/0.000 secs] [Times: user=0.00 sys=0.00, real=0.00 secs] 
2014-07-10T10:47:21.409+0200: 43.986: [CMS-concurrent-reset-start]
2014-07-10T10:47:21.409+0200: 43.987: [CMS-concurrent-reset: 0.000/0.000 secs] [Times: user=0.00 sys=0.00, real=0.00 secs] 
2014-07-10T10:47:21.496+0200: 44.074: [GC (Allocation Failure) 44.074: [ParNew: 19618K->421K(19648K), 0.0014141 secs] 25480K->6284K(63360K), 0.0016637 secs] [Times: user=0.00 sys=0.00, real=0.00 secs] 
2014-07-10T10:47:21.550+0200: 44.128: [GC (Allocation Failure) 44.128: [ParNew: 17887K->1478K(19648K), 0.0053751 secs] 23751K->7342K(63360K), 0.0056713 secs] [Times: user=0.00 sys=0.00, real=0.01 secs] 
2014-07-10T10:47:21.648+0200: 44.226: [GC (Allocation Failure) 44.226: [ParNew: 18929K->837K(19648K), 0.0006651 secs] 24793K->6706K(63360K), 0.0007523 secs] [Times: user=0.00 sys=0.00, real=0.00 secs] 
2014-07-10T10:47:21.696+0200: 44.274: [GC (Allocation Failure) 44.274: [ParNew: 18303K->1895K(19648K), 0.0009694 secs] 24172K->7764K(63360K), 0.0010951 secs] [Times: user=0.00 sys=0.00, real=0.00 secs] 
2014-07-10T10:47:21.750+0200: 44.327: [GC (Allocation Failure) 44.328: [ParNew: 19364K->2148K(19648K), 0.0022936 secs] 25233K->8823K(63360K), 0.0025066 secs] [Times: user=0.00 sys=0.00, real=0.00 secs] 
2014-07-10T10:47:21.848+0200: 44.426: [GC (Allocation Failure) 44.426: [ParNew: 19593K->2150K(19648K), 0.0026140 secs] 26269K->9116K(63360K), 0.0029132 secs] [Times: user=0.00 sys=0.00, real=0.00 secs] 
2014-07-10T10:47:21.897+0200: 44.475: [GC (Allocation Failure) 44.475: [ParNew: 19617K->2150K(19648K), 0.0023035 secs] 26582K->10463K(63360K), 0.0025011 secs] [Times: user=0.00 sys=0.00, real=0.00 secs] 
2014-07-10T10:47:21.952+0200: 44.530: [GC (Allocation Failure) 44.530: [ParNew: 19618K->2148K(19648K), 0.0042668 secs] 27932K->12864K(63360K), 0.0045029 secs] [Times: user=0.00 sys=0.00, real=0.01 secs] 
2014-07-10T10:47:22.048+0200: 44.626: [GC (Allocation Failure) 44.626: [ParNew: 19614K->2150K(19648K), 0.0044941 secs] 30331K->16326K(63360K), 0.0047258 secs] [Times: user=0.00 sys=0.00, real=0.00 secs] 
2014-07-10T10:47:22.099+0200: 44.677: [GC (Allocation Failure) 44.677: [ParNew: 19595K->2150K(19648K), 0.0069974 secs] 33772K->19274K(63360K), 0.0073677 secs] [Times: user=0.00 sys=0.00, real=0.01 secs] 
2014-07-10T10:47:22.152+0200: 44.730: [GC (Allocation Failure) 44.730: [ParNew: 19617K->2148K(19648K), 0.0057711 secs] 36741K->23277K(63360K), 0.0060156 secs] [Times: user=0.01 sys=0.00, real=0.01 secs] 
2014-07-10T10:47:22.248+0200: 44.826: [GC (Allocation Failure) 44.826: [ParNew: 19614K->2150K(19648K), 0.0060893 secs] 40744K->28340K(63360K), 0.0063679 secs] [Times: user=0.00 sys=0.00, real=0.01 secs] 
2014-07-10T10:47:22.299+0200: 44.877: [GC (Allocation Failure) 44.877: [ParNew: 19618K->68K(19648K), 0.0008671 secs] 45808K->26260K(63360K), 0.0010474 secs] [Times: user=0.00 sys=0.00, real=0.00 secs] 
2014-07-10T10:47:22.396+0200: 44.974: [GC (Allocation Failure) 44.974: [ParNew: 17540K->102K(19648K), 0.0014830 secs] 43732K->26294K(63360K), 0.0015937 secs] [Times: user=0.00 sys=0.00, real=0.00 secs] 
2014-07-10T10:47:22.450+0200: 45.027: [GC (Allocation Failure) 45.028: [ParNew: 17568K->1161K(19648K), 0.0010588 secs] 43760K->27353K(63360K), 0.0012007 secs] [Times: user=0.03 sys=0.00, real=0.00 secs] 
2014-07-10T10:47:22.547+0200: 45.125: [GC (Allocation Failure) 45.125: [ParNew: 18630K->2150K(19648K), 0.0025902 secs] 44822K->28414K(63360K), 0.0029719 secs] [Times: user=0.00 sys=0.00, real=0.00 secs] 
2014-07-10T10:47:22.597+0200: 45.175: [GC (Allocation Failure) 45.175: [ParNew: 19605K->1062K(19648K), 0.0010214 secs] 45869K->27328K(63360K), 0.0011750 secs] [Times: user=0.00 sys=0.00, real=0.00 secs] 
2014-07-10T10:47:22.650+0200: 45.228: [GC (Allocation Failure) 45.228: [ParNew: 18530K->2120K(19648K), 0.0021954 secs] 44797K->28387K(63360K), 0.0024744 secs] [Times: user=0.00 sys=0.00, real=0.00 secs] 
2014-07-10T10:47:22.749+0200: 45.327: [GC (Allocation Failure) 45.327: [ParNew: 19587K->2150K(19648K), 0.0036949 secs] 45853K->29447K(63360K), 0.0042998 secs] [Times: user=0.00 sys=0.00, real=0.00 secs] 
2014-07-10T10:47:22.797+0200: 45.375: [GC (Allocation Failure) 45.375: [ParNew: 19618K->2150K(19648K), 0.0031064 secs] 46916K->31530K(63360K), 0.0033183 secs] [Times: user=0.00 sys=0.00, real=0.00 secs] 
2014-07-10T10:47:22.856+0200: 45.434: [GC (Allocation Failure) 45.434: [ParNew: 19590K->2150K(19648K), 0.0065725 secs] 48970K->33613K(63360K), 0.0069813 secs] [Times: user=0.00 sys=0.00, real=0.01 secs] 
2014-07-10T10:47:22.950+0200: 45.528: [GC (Allocation Failure) 45.529: [ParNew: 19616K->2150K(19648K), 0.0065054 secs] 51080K->36754K(63360K), 0.0069039 secs] [Times: user=0.00 sys=0.00, real=0.01 secs] 
2014-07-10T10:47:23.001+0200: 45.579: [GC (Allocation Failure) 45.579: [ParNew: 19618K->2150K(19648K), 0.0086208 secs] 54222K->40950K(63360K), 0.0090080 secs] [Times: user=0.00 sys=0.00, real=0.01 secs] 
2014-07-10T10:47:23.010+0200: 45.588: [GC (CMS Initial Mark) [1 CMS-initial-mark: 38800K(43712K)] 41016K(63360K), 0.0004264 secs] [Times: user=0.00 sys=0.00, real=0.00 secs] 
2014-07-10T10:47:23.011+0200: 45.589: [CMS-concurrent-mark-start]
2014-07-10T10:47:23.014+0200: 45.592: [CMS-concurrent-mark: 0.003/0.003 secs] [Times: user=0.03 sys=0.00, real=0.00 secs] 
2014-07-10T10:47:23.014+0200: 45.592: [CMS-concurrent-preclean-start]
2014-07-10T10:47:23.015+0200: 45.593: [CMS-concurrent-preclean: 0.000/0.000 secs] [Times: user=0.00 sys=0.00, real=0.00 secs] 
2014-07-10T10:47:23.015+0200: 45.593: [GC (CMS Final Remark) [YG occupancy: 4008 K (19648 K)]45.593: [Rescan (parallel) , 0.0003985 secs]45.593: [weak refs processing, 0.0001126 secs]45.594: [class unloading, 0.0009998 secs]45.595: [scrub symbol table, 0.0012729 secs]45.596: [scrub string table, 0.0004704 secs][1 CMS-remark: 38800K(43712K)] 42809K(63360K), 0.0038012 secs] [Times: user=0.00 sys=0.00, real=0.00 secs] 
2014-07-10T10:47:23.019+0200: 45.597: [CMS-concurrent-sweep-start]
2014-07-10T10:47:23.020+0200: 45.598: [CMS-concurrent-sweep: 0.001/0.001 secs] [Times: user=0.00 sys=0.00, real=0.00 secs] 
2014-07-10T10:47:23.020+0200: 45.598: [CMS-concurrent-reset-start]
2014-07-10T10:47:23.021+0200: 45.599: [CMS-concurrent-reset: 0.000/0.000 secs] [Times: user=0.00 sys=0.00, real=0.00 secs] 
2014-07-10T10:47:23.054+0200: 45.632: [GC (Allocation Failure) 45.632: [ParNew: 19616K->2148K(19648K), 0.0059247 secs] 24266K->12050K(63360K), 0.0061582 secs] [Times: user=0.03 sys=0.00, real=0.01 secs] 
2014-07-10T10:47:23.150+0200: 45.728: [GC (Allocation Failure) 45.728: [ParNew: 19593K->2150K(19648K), 0.0089787 secs] 29496K->16793K(63360K), 0.0093559 secs] [Times: user=0.03 sys=0.00, real=0.01 secs] 
2014-07-10T10:47:23.235+0200: 45.813: [GC (Allocation Failure) 45.814: [ParNew: 19616K->2150K(19648K), 0.0057010 secs] 34259K->22591K(63360K), 0.0059639 secs] [Times: user=0.00 sys=0.00, real=0.01 secs] 
2014-07-10T10:47:23.296+0200: 45.874: [GC (Allocation Failure) 45.874: [ParNew: 19618K->805K(19648K), 0.0006368 secs] 40059K->21248K(63360K), 0.0007322 secs] [Times: user=0.00 sys=0.00, real=0.00 secs] 
2014-07-10T10:47:23.350+0200: 45.928: [GC (Allocation Failure) 45.928: [ParNew: 18251K->295K(19648K), 0.0007432 secs] 38694K->20739K(63360K), 0.0008909 secs] [Times: user=0.00 sys=0.00, real=0.00 secs] 
2014-07-10T10:47:23.448+0200: 46.026: [GC (Allocation Failure) 46.026: [ParNew: 17762K->1354K(19648K), 0.0019057 secs] 38205K->21797K(63360K), 0.0021778 secs] [Times: user=0.03 sys=0.00, real=0.00 secs] 
2014-07-10T10:47:23.496+0200: 46.074: [GC (Allocation Failure) 46.075: [ParNew: 18822K->2150K(19648K), 0.0013668 secs] 39266K->22858K(63360K), 0.0015303 secs] [Times: user=0.00 sys=0.00, real=0.00 secs] 
2014-07-10T10:47:23.552+0200: 46.129: [GC (Allocation Failure) 46.129: [ParNew: 19596K->2150K(19648K), 0.0021785 secs] 40304K->23500K(63360K), 0.0024406 secs] [Times: user=0.00 sys=0.00, real=0.00 secs] 
2014-07-10T10:47:23.647+0200: 46.224: [GC (Allocation Failure) 46.225: [ParNew: 19590K->2150K(19648K), 0.0030060 secs] 40940K->24144K(63360K), 0.0033645 secs] [Times: user=0.00 sys=0.00, real=0.00 secs] 
2014-07-10T10:47:23.697+0200: 46.274: [GC (Allocation Failure) 46.274: [ParNew: 19616K->2150K(19648K), 0.0027504 secs] 41610K->25843K(63360K), 0.0029282 secs] [Times: user=0.03 sys=0.00, real=0.00 secs] 
2014-07-10T10:47:23.755+0200: 46.332: [GC (Allocation Failure) 46.333: [ParNew: 19618K->2148K(19648K), 0.0069883 secs] 43312K->28597K(63360K), 0.0073769 secs] [Times: user=0.03 sys=0.00, real=0.01 secs] 
2014-07-10T10:47:23.847+0200: 46.424: [GC (Allocation Failure) 46.424: [ParNew: 19588K->2150K(19648K), 0.0039665 secs] 46037K->31354K(63360K), 0.0041806 secs] [Times: user=0.00 sys=0.00, real=0.00 secs] 
2014-07-10T10:47:23.899+0200: 46.476: [GC (Allocation Failure) 46.476: [ParNew: 19616K->2150K(19648K), 0.0094417 secs] 48821K->35167K(63360K), 0.0098391 secs] [Times: user=0.03 sys=0.00, real=0.01 secs] 
2014-07-10T10:47:23.954+0200: 46.531: [GC (Allocation Failure) 46.531: [ParNew: 19618K->2148K(19648K), 0.0060809 secs] 52635K->40033K(63360K), 0.0063085 secs] [Times: user=0.00 sys=0.00, real=0.01 secs] 
2014-07-10T10:47:23.960+0200: 46.537: [GC (CMS Initial Mark) [1 CMS-initial-mark: 37885K(43712K)] 40099K(63360K), 0.0002739 secs] [Times: user=0.00 sys=0.00, real=0.00 secs] 
2014-07-10T10:47:23.961+0200: 46.538: [CMS-concurrent-mark-start]
2014-07-10T10:47:23.962+0200: 46.539: [CMS-concurrent-mark: 0.001/0.001 secs] [Times: user=0.00 sys=0.00, real=0.00 secs] 
2014-07-10T10:47:23.962+0200: 46.539: [CMS-concurrent-preclean-start]
2014-07-10T10:47:23.962+0200: 46.539: [CMS-concurrent-preclean: 0.000/0.000 secs] [Times: user=0.00 sys=0.00, real=0.00 secs] 
2014-07-10T10:47:23.962+0200: 46.539: [GC (CMS Final Remark) [YG occupancy: 3334 K (19648 K)]46.539: [Rescan (parallel) , 0.0002020 secs]46.539: [weak refs processing, 0.0000510 secs]46.540: [class unloading, 0.0005503 secs]46.540: [scrub symbol table, 0.0007516 secs]46.541: [scrub string table, 0.0002471 secs][1 CMS-remark: 37885K(43712K)] 41220K(63360K), 0.0020579 secs] [Times: user=0.00 sys=0.00, real=0.00 secs] 
2014-07-10T10:47:23.964+0200: 46.541: [CMS-concurrent-sweep-start]
2014-07-10T10:47:23.965+0200: 46.542: [CMS-concurrent-sweep: 0.001/0.001 secs] [Times: user=0.02 sys=0.00, real=0.00 secs] 
2014-07-10T10:47:23.965+0200: 46.542: [CMS-concurrent-reset-start]
2014-07-10T10:47:23.965+0200: 46.542: [CMS-concurrent-reset: 0.000/0.000 secs] [Times: user=0.00 sys=0.00, real=0.00 secs] 
2014-07-10T10:47:24.051+0200: 46.628: [GC (Allocation Failure) 46.628: [ParNew: 19614K->2150K(19648K), 0.0102069 secs] 24938K->13398K(63360K), 0.0106329 secs] [Times: user=0.03 sys=0.00, real=0.01 secs] 
2014-07-10T10:47:24.098+0200: 46.675: [GC (Allocation Failure) 46.675: [ParNew: 19601K->2151K(19648K), 0.0055342 secs] 30850K->18300K(63360K), 0.0057458 secs] [Times: user=0.00 sys=0.00, real=0.01 secs] 
2014-07-10T10:47:24.159+0200: 46.736: [GC (Allocation Failure) 46.736: [ParNew: 19617K->2148K(19648K), 0.0090930 secs] 35766K->24255K(63360K), 0.0094098 secs] [Times: user=0.03 sys=0.00, real=0.01 secs] 
2014-07-10T10:47:24.249+0200: 46.826: [GC (Allocation Failure) 46.826: [ParNew: 19616K->966K(19648K), 0.0011629 secs] 41724K->23076K(63360K), 0.0013283 secs] [Times: user=0.00 sys=0.00, real=0.00 secs] 
2014-07-10T10:47:24.361+0200: 46.938: [GC (Allocation Failure) 46.938: [ParNew: 18406K->967K(19648K), 0.0009290 secs] 40516K->23077K(63360K), 0.0010676 secs] [Times: user=0.00 sys=0.00, real=0.00 secs] 
2014-07-10T10:47:24.396+0200: 46.973: [GC (Allocation Failure) 46.973: [ParNew: 18434K->2026K(19648K), 0.0021895 secs] 40544K->24136K(63360K), 0.0023416 secs] [Times: user=0.00 sys=0.00, real=0.00 secs] 
2014-07-10T10:47:24.458+0200: 47.035: [GC (Allocation Failure) 47.035: [ParNew: 19492K->2148K(19648K), 0.0042745 secs] 41602K->25194K(63360K), 0.0047482 secs] [Times: user=0.00 sys=0.00, real=0.01 secs] 
2014-07-10T10:47:24.548+0200: 47.125: [GC (Allocation Failure) 47.125: [ParNew: 19616K->2150K(19648K), 0.0030082 secs] 42663K->27183K(63360K), 0.0032318 secs] [Times: user=0.00 sys=0.00, real=0.00 secs] 
2014-07-10T10:47:24.599+0200: 47.176: [GC (Allocation Failure) 47.176: [ParNew: 19599K->2150K(19648K), 0.0039086 secs] 44633K->28530K(63360K), 0.0042672 secs] [Times: user=0.00 sys=0.00, real=0.00 secs] 
2014-07-10T10:47:24.659+0200: 47.236: [GC (Allocation Failure) 47.236: [ParNew: 19618K->2148K(19648K), 0.0058392 secs] 45998K->30933K(63360K), 0.0061743 secs] [Times: user=0.00 sys=0.00, real=0.01 secs] 
2014-07-10T10:47:24.749+0200: 47.326: [GC (Allocation Failure) 47.326: [ParNew: 19614K->2150K(19648K), 0.0073611 secs] 48400K->34395K(63360K), 0.0077376 secs] [Times: user=0.00 sys=0.00, real=0.01 secs] 
2014-07-10T10:47:24.800+0200: 47.377: [GC (Allocation Failure) 47.377: [ParNew: 19618K->2150K(19648K), 0.0088071 secs] 51863K->38911K(63360K), 0.0091913 secs] [Times: user=0.03 sys=0.00, real=0.01 secs] 
2014-07-10T10:47:24.810+0200: 47.387: [GC (CMS Initial Mark) [1 CMS-initial-mark: 36761K(43712K)] 38943K(63360K), 0.0004088 secs] [Times: user=0.00 sys=0.00, real=0.00 secs] 
2014-07-10T10:47:24.810+0200: 47.388: [CMS-concurrent-mark-start]
2014-07-10T10:47:24.813+0200: 47.390: [CMS-concurrent-mark: 0.003/0.003 secs] [Times: user=0.00 sys=0.00, real=0.00 secs] 
2014-07-10T10:47:24.813+0200: 47.390: [CMS-concurrent-preclean-start]
2014-07-10T10:47:24.814+0200: 47.391: [CMS-concurrent-preclean: 0.000/0.000 secs] [Times: user=0.00 sys=0.00, real=0.00 secs] 
2014-07-10T10:47:24.814+0200: 47.391: [CMS-concurrent-abortable-preclean-start]
2014-07-10T10:47:24.858+0200: 47.436: [GC (Allocation Failure) 47.436: [ParNew: 19593K->2148K(19648K), 0.0073483 secs] 56355K->42914K(63360K), 0.0078121 secs] [Times: user=0.00 sys=0.00, real=0.01 secs] 
2014-07-10T10:47:24.869+0200: 47.446: [CMS-concurrent-abortable-preclean: 0.002/0.055 secs] [Times: user=0.02 sys=0.00, real=0.06 secs] 
2014-07-10T10:47:24.869+0200: 47.446: [GC (CMS Final Remark) [YG occupancy: 4199 K (19648 K)]47.446: [Rescan (parallel) , 0.0004352 secs]47.447: [weak refs processing, 0.0000862 secs]47.447: [class unloading, 0.0013646 secs]47.448: [scrub symbol table, 0.0017382 secs]47.450: [scrub string table, 0.0006735 secs][1 CMS-remark: 40765K(43712K)] 44965K(63360K), 0.0049502 secs] [Times: user=0.03 sys=0.00, real=0.01 secs] 
2014-07-10T10:47:24.876+0200: 47.453: [CMS-concurrent-sweep-start]
2014-07-10T10:47:24.877+0200: 47.454: [CMS-concurrent-sweep: 0.001/0.001 secs] [Times: user=0.00 sys=0.00, real=0.00 secs] 
2014-07-10T10:47:24.878+0200: 47.455: [CMS-concurrent-reset-start]
2014-07-10T10:47:24.878+0200: 47.455: [CMS-concurrent-reset: 0.000/0.000 secs] [Times: user=0.00 sys=0.00, real=0.00 secs] 
2014-07-10T10:47:24.953+0200: 47.530: [GC (Allocation Failure) 47.531: [ParNew: 19615K->2150K(19648K), 0.0091044 secs] 28593K->16190K(63360K), 0.0095275 secs] [Times: user=0.02 sys=0.00, real=0.01 secs] 
2014-07-10T10:47:25.046+0200: 47.623: [GC (Allocation Failure) 47.624: [ParNew: 19618K->69K(19648K), 0.0011468 secs] 33659K->14111K(63360K), 0.0014735 secs] [Times: user=0.00 sys=0.00, real=0.00 secs] 
2014-07-10T10:47:25.062+0200: 47.639: [GC (Allocation Failure) 47.639: [ParNew: 17537K->98K(19648K), 0.0014350 secs] 31580K->14141K(63360K), 0.0017646 secs] [Times: user=0.00 sys=0.00, real=0.00 secs] 
2014-07-10T10:47:25.152+0200: 47.729: [GC (Allocation Failure) 47.729: [ParNew: 17542K->617K(19648K), 0.0018141 secs] 31585K->14660K(63360K), 0.0021253 secs] [Times: user=0.00 sys=0.00, real=0.00 secs] 
2014-07-10T10:47:25.246+0200: 47.823: [GC (Allocation Failure) 47.824: [ParNew: 18084K->1676K(19648K), 0.0011464 secs] 32127K->15719K(63360K), 0.0013052 secs] [Times: user=0.00 sys=0.00, real=0.00 secs] 
2014-07-10T10:47:25.297+0200: 47.874: [GC (Allocation Failure) 47.874: [ParNew: 19144K->2150K(19648K), 0.0017022 secs] 33187K->16779K(63360K), 0.0018834 secs] [Times: user=0.00 sys=0.00, real=0.00 secs] 
2014-07-10T10:47:25.351+0200: 47.928: [GC (Allocation Failure) 47.928: [ParNew: 19590K->2150K(19648K), 0.0021822 secs] 34219K->17358K(63360K), 0.0025253 secs] [Times: user=0.03 sys=0.00, real=0.00 secs] 
2014-07-10T10:47:25.448+0200: 48.025: [GC (Allocation Failure) 48.025: [ParNew: 19616K->2148K(19648K), 0.0023937 secs] 34824K->18991K(63360K), 0.0025642 secs] [Times: user=0.00 sys=0.00, real=0.00 secs] 
2014-07-10T10:47:25.498+0200: 48.076: [GC (Allocation Failure) 48.076: [ParNew: 19616K->2150K(19648K), 0.0063529 secs] 36460K->21685K(63360K), 0.0070231 secs] [Times: user=0.00 sys=0.00, real=0.01 secs] 
2014-07-10T10:47:25.557+0200: 48.134: [GC (Allocation Failure) 48.134: [ParNew: 19601K->2149K(19648K), 0.0055797 secs] 39136K->23735K(63360K), 0.0059797 secs] [Times: user=0.00 sys=0.00, real=0.01 secs] 
2014-07-10T10:47:25.649+0200: 48.226: [GC (Allocation Failure) 48.226: [ParNew: 19589K->2148K(19648K), 0.0061685 secs] 41175K->26299K(63360K), 0.0067822 secs] [Times: user=0.03 sys=0.00, real=0.01 secs] 
2014-07-10T10:47:25.699+0200: 48.276: [GC (Allocation Failure) 48.276: [ParNew: 19614K->2150K(19648K), 0.0042782 secs] 43765K->29921K(63360K), 0.0045410 secs] [Times: user=0.00 sys=0.00, real=0.00 secs] 
2014-07-10T10:47:25.753+0200: 48.330: [GC (Allocation Failure) 48.330: [ParNew: 19618K->2148K(19648K), 0.0054492 secs] 47390K->34596K(63360K), 0.0056750 secs] [Times: user=0.00 sys=0.00, real=0.00 secs] 
2014-07-10T10:47:25.759+0200: 48.336: [GC (CMS Initial Mark) [1 CMS-initial-mark: 32448K(43712K)] 34662K(63360K), 0.0002731 secs] [Times: user=0.00 sys=0.00, real=0.00 secs] 
2014-07-10T10:47:25.759+0200: 48.336: [CMS-concurrent-mark-start]
2014-07-10T10:47:25.760+0200: 48.337: [CMS-concurrent-mark: 0.001/0.001 secs] [Times: user=0.00 sys=0.00, real=0.00 secs] 
2014-07-10T10:47:25.760+0200: 48.337: [CMS-concurrent-preclean-start]
2014-07-10T10:47:25.761+0200: 48.338: [CMS-concurrent-preclean: 0.000/0.000 secs] [Times: user=0.00 sys=0.00, real=0.00 secs] 
2014-07-10T10:47:25.761+0200: 48.338: [GC (CMS Final Remark) [YG occupancy: 3526 K (19648 K)]48.338: [Rescan (parallel) , 0.0002024 secs]48.338: [weak refs processing, 0.0000473 secs]48.338: [class unloading, 0.0005510 secs]48.339: [scrub symbol table, 0.0007303 secs]48.339: [scrub string table, 0.0002948 secs][1 CMS-remark: 32448K(43712K)] 35974K(63360K), 0.0020898 secs] [Times: user=0.00 sys=0.00, real=0.00 secs] 
2014-07-10T10:47:25.763+0200: 48.340: [CMS-concurrent-sweep-start]
2014-07-10T10:47:25.763+0200: 48.340: [CMS-concurrent-sweep: 0.000/0.001 secs] [Times: user=0.00 sys=0.00, real=0.00 secs] 
2014-07-10T10:47:25.763+0200: 48.341: [CMS-concurrent-reset-start]
2014-07-10T10:47:25.764+0200: 48.341: [CMS-concurrent-reset: 0.000/0.000 secs] [Times: user=0.00 sys=0.00, real=0.00 secs] 
2014-07-10T10:47:25.850+0200: 48.427: [GC (Allocation Failure) 48.428: [ParNew: 19588K->2150K(19648K), 0.0088562 secs] 24724K->11963K(63360K), 0.0092804 secs] [Times: user=0.03 sys=0.00, real=0.01 secs] 
2014-07-10T10:47:25.899+0200: 48.476: [GC (Allocation Failure) 48.476: [ParNew: 19616K->2150K(19648K), 0.0062854 secs] 29429K->17696K(63360K), 0.0065252 secs] [Times: user=0.00 sys=0.00, real=0.01 secs] 
2014-07-10T10:47:25.996+0200: 48.573: [GC (Allocation Failure) 48.574: [ParNew: 19618K->741K(19648K), 0.0015534 secs] 35165K->16290K(63360K), 0.0026177 secs] [Times: user=0.00 sys=0.00, real=0.00 secs] 
2014-07-10T10:47:26.053+0200: 48.630: [GC (Allocation Failure) 48.631: [ParNew: 18207K->1799K(19648K), 0.0031548 secs] 33756K->17348K(63360K), 0.0034888 secs] [Times: user=0.03 sys=0.00, real=0.00 secs] 
2014-07-10T10:47:26.147+0200: 48.724: [GC (Allocation Failure) 48.724: [ParNew: 19245K->1286K(19648K), 0.0019391 secs] 34794K->16840K(63360K), 0.0022020 secs] [Times: user=0.03 sys=0.00, real=0.00 secs] 
2014-07-10T10:47:26.198+0200: 48.776: [GC (Allocation Failure) 48.776: [ParNew: 18755K->2148K(19648K), 0.0071001 secs] 34309K->17898K(63360K), 0.0075056 secs] [Times: user=0.00 sys=0.00, real=0.01 secs] 
2014-07-10T10:47:26.251+0200: 48.828: [GC (Allocation Failure) 48.828: [ParNew: 19614K->2148K(19648K), 0.0027090 secs] 35364K->19149K(63360K), 0.0030173 secs] [Times: user=0.00 sys=0.00, real=0.00 secs] 
2014-07-10T10:47:26.347+0200: 48.925: [GC (Allocation Failure) 48.925: [ParNew: 19593K->2150K(19648K), 0.0031335 secs] 36594K->19890K(63360K), 0.0035280 secs] [Times: user=0.00 sys=0.00, real=0.00 secs] 
2014-07-10T10:47:26.397+0200: 48.974: [GC (Allocation Failure) 48.974: [ParNew: 19617K->2150K(19648K), 0.0027915 secs] 37356K->21685K(63360K), 0.0030045 secs] [Times: user=0.02 sys=0.00, real=0.00 secs] 
2014-07-10T10:47:26.461+0200: 49.038: [GC (Allocation Failure) 49.038: [ParNew: 19618K->2148K(19648K), 0.0063819 secs] 39154K->24535K(63360K), 0.0068071 secs] [Times: user=0.00 sys=0.00, real=0.01 secs] 
2014-07-10T10:47:26.548+0200: 49.125: [GC (Allocation Failure) 49.125: [ParNew: 19614K->2150K(19648K), 0.0045649 secs] 42001K->28445K(63360K), 0.0047779 secs] [Times: user=0.00 sys=0.00, real=0.00 secs] 
2014-07-10T10:47:26.597+0200: 49.174: [GC (Allocation Failure) 49.175: [ParNew: 19601K->2151K(19648K), 0.0042529 secs] 45897K->31714K(63360K), 0.0044204 secs] [Times: user=0.03 sys=0.00, real=0.01 secs] 
2014-07-10T10:47:26.652+0200: 49.229: [GC (Allocation Failure) 49.230: [ParNew: 19619K->2148K(19648K), 0.0048970 secs] 49182K->36037K(63360K), 0.0050935 secs] [Times: user=0.00 sys=0.00, real=0.01 secs] 
2014-07-10T10:47:26.658+0200: 49.235: [GC (CMS Initial Mark) [1 CMS-initial-mark: 33889K(43712K)] 36069K(63360K), 0.0001877 secs] [Times: user=0.00 sys=0.00, real=0.00 secs] 
2014-07-10T10:47:26.658+0200: 49.235: [CMS-concurrent-mark-start]
2014-07-10T10:47:26.659+0200: 49.236: [CMS-concurrent-mark: 0.001/0.001 secs] [Times: user=0.00 sys=0.00, real=0.00 secs] 
2014-07-10T10:47:26.659+0200: 49.236: [CMS-concurrent-preclean-start]
2014-07-10T10:47:26.659+0200: 49.236: [CMS-concurrent-preclean: 0.000/0.000 secs] [Times: user=0.00 sys=0.00, real=0.00 secs] 
2014-07-10T10:47:26.659+0200: 49.236: [GC (CMS Final Remark) [YG occupancy: 3878 K (19648 K)]49.236: [Rescan (parallel) , 0.0002405 secs]49.237: [weak refs processing, 0.0000458 secs]49.237: [class unloading, 0.0004953 secs]49.237: [scrub symbol table, 0.0007226 secs]49.238: [scrub string table, 0.0001947 secs][1 CMS-remark: 33889K(43712K)] 37768K(63360K), 0.0018823 secs] [Times: user=0.00 sys=0.00, real=0.00 secs] 
2014-07-10T10:47:26.661+0200: 49.238: [CMS-concurrent-sweep-start]
2014-07-10T10:47:26.662+0200: 49.239: [CMS-concurrent-sweep: 0.000/0.000 secs] [Times: user=0.00 sys=0.00, real=0.00 secs] 
2014-07-10T10:47:26.662+0200: 49.239: [CMS-concurrent-reset-start]
2014-07-10T10:47:26.662+0200: 49.239: [CMS-concurrent-reset: 0.000/0.000 secs] [Times: user=0.00 sys=0.00, real=0.00 secs] 
2014-07-10T10:47:26.750+0200: 49.328: [GC (Allocation Failure) 49.328: [ParNew: 19614K->2150K(19648K), 0.0098707 secs] 24403K->12319K(63360K), 0.0103106 secs] [Times: user=0.03 sys=0.00, real=0.01 secs] 
2014-07-10T10:47:26.799+0200: 49.376: [GC (Allocation Failure) 49.376: [ParNew: 19619K->389K(19648K), 0.0009437 secs] 29788K->10560K(63360K), 0.0011145 secs] [Times: user=0.00 sys=0.00, real=0.00 secs] 
2014-07-10T10:47:26.897+0200: 49.474: [GC (Allocation Failure) 49.474: [ParNew: 17860K->423K(19648K), 0.0013671 secs] 28032K->10594K(63360K), 0.0016381 secs] [Times: user=0.03 sys=0.00, real=0.00 secs] 
2014-07-10T10:47:26.954+0200: 49.531: [GC (Allocation Failure) 49.531: [ParNew: 17889K->1481K(19648K), 0.0028718 secs] 28061K->11653K(63360K), 0.0031794 secs] [Times: user=0.00 sys=0.00, real=0.00 secs] 
2014-07-10T10:47:27.047+0200: 49.624: [GC (Allocation Failure) 49.624: [ParNew: 18950K->2150K(19648K), 0.0016828 secs] 29121K->12713K(63360K), 0.0018768 secs] [Times: user=0.00 sys=0.00, real=0.00 secs] 
2014-07-10T10:47:27.096+0200: 49.673: [GC (Allocation Failure) 49.674: [ParNew: 19599K->1510K(19648K), 0.0008579 secs] 30163K->12076K(63360K), 0.0009657 secs] [Times: user=0.00 sys=0.00, real=0.00 secs] 
2014-07-10T10:47:27.154+0200: 49.731: [GC (Allocation Failure) 49.731: [ParNew: 18978K->2148K(19648K), 0.0037092 secs] 29544K->13133K(63360K), 0.0040890 secs] [Times: user=0.00 sys=0.00, real=0.00 secs] 
2014-07-10T10:47:27.247+0200: 49.824: [GC (Allocation Failure) 49.824: [ParNew: 19614K->2150K(19648K), 0.0023556 secs] 30600K->14610K(63360K), 0.0025337 secs] [Times: user=0.00 sys=0.00, real=0.00 secs] 
2014-07-10T10:47:27.299+0200: 49.876: [GC (Allocation Failure) 49.876: [ParNew: 19590K->2150K(19648K), 0.0045231 secs] 32050K->16085K(63360K), 0.0049692 secs] [Times: user=0.03 sys=0.00, real=0.00 secs] 
2014-07-10T10:47:27.367+0200: 49.945: [GC (Allocation Failure) 49.945: [ParNew: 19618K->2148K(19648K), 0.0032718 secs] 33554K->18615K(63360K), 0.0034672 secs] [Times: user=0.00 sys=0.00, real=0.00 secs] 
2014-07-10T10:47:27.449+0200: 50.026: [GC (Allocation Failure) 50.026: [ParNew: 19614K->2150K(19648K), 0.0042004 secs] 36082K->22205K(63360K), 0.0044750 secs] [Times: user=0.00 sys=0.00, real=0.01 secs] 
2014-07-10T10:47:27.500+0200: 50.077: [GC (Allocation Failure) 50.077: [ParNew: 19618K->2150K(19648K), 0.0094725 secs] 39673K->26849K(63360K), 0.0098329 secs] [Times: user=0.03 sys=0.00, real=0.01 secs] 
2014-07-10T10:47:27.559+0200: 50.136: [GC (Allocation Failure) 50.137: [ParNew: 19616K->2148K(19648K), 0.0104833 secs] 44316K->32548K(63360K), 0.0110226 secs] [Times: user=0.03 sys=0.00, real=0.01 secs] 
2014-07-10T10:47:27.571+0200: 50.148: [GC (CMS Initial Mark) [1 CMS-initial-mark: 30400K(43712K)] 32580K(63360K), 0.0004652 secs] [Times: user=0.00 sys=0.00, real=0.00 secs] 
2014-07-10T10:47:27.571+0200: 50.148: [CMS-concurrent-mark-start]
2014-07-10T10:47:27.575+0200: 50.152: [CMS-concurrent-mark: 0.003/0.003 secs] [Times: user=0.00 sys=0.00, real=0.00 secs] 
2014-07-10T10:47:27.575+0200: 50.152: [CMS-concurrent-preclean-start]
2014-07-10T10:47:27.575+0200: 50.153: [CMS-concurrent-preclean: 0.000/0.000 secs] [Times: user=0.00 sys=0.00, real=0.00 secs] 
2014-07-10T10:47:27.576+0200: 50.153: [GC (CMS Final Remark) [YG occupancy: 4183 K (19648 K)]50.153: [Rescan (parallel) , 0.0004209 secs]50.154: [weak refs processing, 0.0000873 secs]50.154: [class unloading, 0.0011204 secs]50.155: [scrub symbol table, 0.0014221 secs]50.156: [scrub string table, 0.0004942 secs][1 CMS-remark: 30400K(43712K)] 34583K(63360K), 0.0040941 secs] [Times: user=0.00 sys=0.00, real=0.00 secs] 
2014-07-10T10:47:27.580+0200: 50.157: [CMS-concurrent-sweep-start]
2014-07-10T10:47:27.582+0200: 50.159: [CMS-concurrent-sweep: 0.002/0.002 secs] [Times: user=0.00 sys=0.00, real=0.00 secs] 
2014-07-10T10:47:27.582+0200: 50.159: [CMS-concurrent-reset-start]
2014-07-10T10:47:27.583+0200: 50.160: [CMS-concurrent-reset: 0.000/0.000 secs] [Times: user=0.00 sys=0.00, real=0.00 secs] 
2014-07-10T10:47:27.649+0200: 50.226: [GC (Allocation Failure) 50.226: [ParNew: 19598K->2150K(19648K), 0.0052149 secs] 25763K->13375K(63360K), 0.0054297 secs] [Times: user=0.00 sys=0.00, real=0.01 secs] 
2014-07-10T10:47:27.746+0200: 50.323: [GC (Allocation Failure) 50.324: [ParNew: 19618K->69K(19648K), 0.0012689 secs] 30844K->11298K(63360K), 0.0015677 secs] [Times: user=0.00 sys=0.00, real=0.00 secs] 
2014-07-10T10:47:27.797+0200: 50.374: [GC (Allocation Failure) 50.375: [ParNew: 17535K->1127K(19648K), 0.0017756 secs] 28765K->12357K(63360K), 0.0020351 secs] [Times: user=0.00 sys=0.00, real=0.00 secs] 
2014-07-10T10:47:27.852+0200: 50.430: [GC (Allocation Failure) 50.430: [ParNew: 18573K->613K(19648K), 0.0017844 secs] 29803K->11848K(63360K), 0.0020744 secs] [Times: user=0.00 sys=0.00, real=0.00 secs] 
2014-07-10T10:47:27.947+0200: 50.525: [GC (Allocation Failure) 50.525: [ParNew: 18079K->1671K(19648K), 0.0027086 secs] 29314K->12906K(63360K), 0.0031691 secs] [Times: user=0.00 sys=0.00, real=0.00 secs] 
2014-07-10T10:47:27.997+0200: 50.575: [GC (Allocation Failure) 50.575: [ParNew: 19139K->2150K(19648K), 0.0028919 secs] 30374K->13966K(63360K), 0.0032850 secs] [Times: user=0.00 sys=0.00, real=0.00 secs] 
2014-07-10T10:47:28.056+0200: 50.633: [GC (Allocation Failure) 50.633: [ParNew: 19616K->2148K(19648K), 0.0049293 secs] 31433K->15599K(63360K), 0.0053487 secs] [Times: user=0.00 sys=0.00, real=0.01 secs] 
2014-07-10T10:47:28.147+0200: 50.725: [GC (Allocation Failure) 50.725: [ParNew: 19593K->2150K(19648K), 0.0021048 secs] 33045K->16724K(63360K), 0.0023262 secs] [Times: user=0.00 sys=0.00, real=0.00 secs] 
2014-07-10T10:47:28.200+0200: 50.778: [GC (Allocation Failure) 50.778: [ParNew: 19618K->2150K(19648K), 0.0053718 secs] 34192K->18904K(63360K), 0.0057186 secs] [Times: user=0.00 sys=0.00, real=0.01 secs] 
2014-07-10T10:47:28.257+0200: 50.834: [GC (Allocation Failure) 50.834: [ParNew: 19616K->2148K(19648K), 0.0076889 secs] 36371K->22138K(63360K), 0.0080515 secs] [Times: user=0.00 sys=0.00, real=0.01 secs] 
2014-07-10T10:47:28.350+0200: 50.927: [GC (Allocation Failure) 50.927: [ParNew: 19588K->2150K(19648K), 0.0070986 secs] 39578K->25376K(63360K), 0.0074711 secs] [Times: user=0.00 sys=0.00, real=0.01 secs] 
2014-07-10T10:47:28.399+0200: 50.976: [GC (Allocation Failure) 50.977: [ParNew: 19618K->2150K(19648K), 0.0045264 secs] 42844K->29669K(63360K), 0.0047045 secs] [Times: user=0.00 sys=0.00, real=0.01 secs] 
2014-07-10T10:47:28.453+0200: 51.030: [GC (Allocation Failure) 51.030: [ParNew: 19616K->2148K(19648K), 0.0056464 secs] 47135K->35015K(63360K), 0.0058458 secs] [Times: user=0.02 sys=0.00, real=0.01 secs] 
2014-07-10T10:47:28.459+0200: 51.036: [GC (CMS Initial Mark) [1 CMS-initial-mark: 32867K(43712K)] 35081K(63360K), 0.0001815 secs] [Times: user=0.00 sys=0.00, real=0.00 secs] 
2014-07-10T10:47:28.459+0200: 51.036: [CMS-concurrent-mark-start]
2014-07-10T10:47:28.460+0200: 51.037: [CMS-concurrent-mark: 0.001/0.001 secs] [Times: user=0.00 sys=0.00, real=0.00 secs] 
2014-07-10T10:47:28.460+0200: 51.037: [CMS-concurrent-preclean-start]
2014-07-10T10:47:28.460+0200: 51.037: [CMS-concurrent-preclean: 0.000/0.000 secs] [Times: user=0.00 sys=0.00, real=0.00 secs] 
2014-07-10T10:47:28.460+0200: 51.037: [GC (CMS Final Remark) [YG occupancy: 2854 K (19648 K)]51.037: [Rescan (parallel) , 0.0001272 secs]51.038: [weak refs processing, 0.0000323 secs]51.038: [class unloading, 0.0004224 secs]51.038: [scrub symbol table, 0.0005529 secs]51.039: [scrub string table, 0.0001767 secs][1 CMS-remark: 32867K(43712K)] 35722K(63360K), 0.0014636 secs] [Times: user=0.00 sys=0.00, real=0.00 secs] 
2014-07-10T10:47:28.462+0200: 51.039: [CMS-concurrent-sweep-start]
2014-07-10T10:47:28.462+0200: 51.039: [CMS-concurrent-sweep: 0.000/0.000 secs] [Times: user=0.00 sys=0.00, real=0.00 secs] 
2014-07-10T10:47:28.462+0200: 51.039: [CMS-concurrent-reset-start]
2014-07-10T10:47:28.462+0200: 51.039: [CMS-concurrent-reset: 0.000/0.000 secs] [Times: user=0.00 sys=0.00, real=0.00 secs] 
2014-07-10T10:47:28.552+0200: 51.129: [GC (Allocation Failure) 51.130: [ParNew: 19619K->358K(19648K), 0.0017422 secs] 25435K->6176K(63360K), 0.0020513 secs] [Times: user=0.00 sys=0.00, real=0.00 secs] 
2014-07-10T10:47:28.601+0200: 51.179: [GC (Allocation Failure) 51.179: [ParNew: 17810K->2152K(19648K), 0.0093977 secs] 23627K->13220K(63360K), 0.0098223 secs] [Times: user=0.00 sys=0.00, real=0.01 secs] 
2014-07-10T10:47:28.696+0200: 51.273: [GC (Allocation Failure) 51.273: [ParNew: 19620K->261K(19648K), 0.0005994 secs] 30688K->11335K(63360K), 0.0007215 secs] [Times: user=0.00 sys=0.00, real=0.00 secs] 
2014-07-10T10:47:28.749+0200: 51.327: [GC (Allocation Failure) 51.327: [ParNew: 17727K->1319K(19648K), 0.0012997 secs] 28802K->12394K(63360K), 0.0014760 secs] [Times: user=0.00 sys=0.00, real=0.00 secs] 
2014-07-10T10:47:28.847+0200: 51.424: [GC (Allocation Failure) 51.424: [ParNew: 18759K->1317K(19648K), 0.0012704 secs] 29834K->12397K(63360K), 0.0014309 secs] [Times: user=0.00 sys=0.00, real=0.00 secs] 
2014-07-10T10:47:28.897+0200: 51.474: [GC (Allocation Failure) 51.474: [ParNew: 18786K->2150K(19648K), 0.0015131 secs] 29866K->13456K(63360K), 0.0018324 secs] [Times: user=0.00 sys=0.00, real=0.00 secs] 
2014-07-10T10:47:28.956+0200: 51.533: [GC (Allocation Failure) 51.533: [ParNew: 19616K->2148K(19648K), 0.0046550 secs] 30923K->14737K(63360K), 0.0050539 secs] [Times: user=0.03 sys=0.00, real=0.00 secs] 
2014-07-10T10:47:29.049+0200: 51.626: [GC (Allocation Failure) 51.626: [ParNew: 19616K->2150K(19648K), 0.0056314 secs] 32206K->17078K(63360K), 0.0060589 secs] [Times: user=0.03 sys=0.00, real=0.01 secs] 
2014-07-10T10:47:29.099+0200: 51.676: [GC (Allocation Failure) 51.676: [ParNew: 19593K->2150K(19648K), 0.0046950 secs] 34522K->18905K(63360K), 0.0050440 secs] [Times: user=0.00 sys=0.00, real=0.01 secs] 
2014-07-10T10:47:29.156+0200: 51.733: [GC (Allocation Failure) 51.733: [ParNew: 19618K->2148K(19648K), 0.0071103 secs] 36374K->21788K(63360K), 0.0075122 secs] [Times: user=0.03 sys=0.00, real=0.01 secs] 
2014-07-10T10:47:29.249+0200: 51.826: [GC (Allocation Failure) 51.826: [ParNew: 19614K->2150K(19648K), 0.0048945 secs] 39255K->25730K(63360K), 0.0051243 secs] [Times: user=0.03 sys=0.00, real=0.00 secs] 
2014-07-10T10:47:29.301+0200: 51.878: [GC (Allocation Failure) 51.879: [ParNew: 19618K->2150K(19648K), 0.0087462 secs] 43199K->30727K(63360K), 0.0091994 secs] [Times: user=0.00 sys=0.00, real=0.01 secs] 
2014-07-10T10:47:29.353+0200: 51.930: [GC (Allocation Failure) 51.931: [ParNew: 19595K->2150K(19648K), 0.0053417 secs] 48172K->35211K(63360K), 0.0055672 secs] [Times: user=0.00 sys=0.00, real=0.01 secs] 
2014-07-10T10:47:29.359+0200: 51.936: [GC (CMS Initial Mark) [1 CMS-initial-mark: 33061K(43712K)] 35277K(63360K), 0.0001859 secs] [Times: user=0.00 sys=0.00, real=0.00 secs] 
2014-07-10T10:47:29.359+0200: 51.937: [CMS-concurrent-mark-start]
2014-07-10T10:47:29.360+0200: 51.937: [CMS-concurrent-mark: 0.001/0.001 secs] [Times: user=0.00 sys=0.00, real=0.00 secs] 
2014-07-10T10:47:29.360+0200: 51.937: [CMS-concurrent-preclean-start]
2014-07-10T10:47:29.360+0200: 51.938: [CMS-concurrent-preclean: 0.000/0.000 secs] [Times: user=0.00 sys=0.00, real=0.00 secs] 
2014-07-10T10:47:29.360+0200: 51.938: [GC (CMS Final Remark) [YG occupancy: 3720 K (19648 K)]51.938: [Rescan (parallel) , 0.0001342 secs]51.938: [weak refs processing, 0.0000337 secs]51.938: [class unloading, 0.0004564 secs]51.938: [scrub symbol table, 0.0005983 secs]51.939: [scrub string table, 0.0001892 secs][1 CMS-remark: 33061K(43712K)] 36782K(63360K), 0.0015824 secs] [Times: user=0.02 sys=0.00, real=0.00 secs] 
2014-07-10T10:47:29.362+0200: 51.939: [CMS-concurrent-sweep-start]
2014-07-10T10:47:29.363+0200: 51.940: [CMS-concurrent-sweep: 0.000/0.000 secs] [Times: user=0.00 sys=0.00, real=0.00 secs] 
2014-07-10T10:47:29.363+0200: 51.940: [CMS-concurrent-reset-start]
2014-07-10T10:47:29.363+0200: 51.940: [CMS-concurrent-reset: 0.000/0.000 secs] [Times: user=0.00 sys=0.00, real=0.00 secs] 
2014-07-10T10:47:29.453+0200: 52.030: [GC (Allocation Failure) 52.030: [ParNew: 19616K->2150K(19648K), 0.0094402 secs] 24570K->12645K(63360K), 0.0098190 secs] [Times: user=0.03 sys=0.00, real=0.01 secs] 
2014-07-10T10:47:29.547+0200: 52.124: [GC (Allocation Failure) 52.124: [ParNew: 19618K->549K(19648K), 0.0014291 secs] 30114K->11047K(63360K), 0.0016997 secs] [Times: user=0.00 sys=0.02, real=0.00 secs] 
2014-07-10T10:47:29.564+0200: 52.141: [GC (Allocation Failure) 52.142: [ParNew: 18017K->443K(19648K), 0.0034543 secs] 28515K->10941K(63360K), 0.0037114 secs] [Times: user=0.02 sys=0.00, real=0.00 secs] 
2014-07-10T10:47:29.651+0200: 52.228: [GC (Allocation Failure) 52.228: [ParNew: 17892K->970K(19648K), 0.0011266 secs] 28390K->11467K(63360K), 0.0012905 secs] [Times: user=0.00 sys=0.00, real=0.00 secs] 
2014-07-10T10:47:29.746+0200: 52.323: [GC (Allocation Failure) 52.324: [ParNew: 18436K->2028K(19648K), 0.0010218 secs] 28934K->12526K(63360K), 0.0011442 secs] [Times: user=0.00 sys=0.00, real=0.00 secs] 
2014-07-10T10:47:29.797+0200: 52.374: [GC (Allocation Failure) 52.374: [ParNew: 19495K->2150K(19648K), 0.0020040 secs] 29992K->13587K(63360K), 0.0023677 secs] [Times: user=0.03 sys=0.00, real=0.00 secs] 
2014-07-10T10:47:29.854+0200: 52.432: [GC (Allocation Failure) 52.432: [ParNew: 19590K->2150K(19648K), 0.0043368 secs] 31027K->14518K(63360K), 0.0047485 secs] [Times: user=0.00 sys=0.00, real=0.00 secs] 
2014-07-10T10:47:29.950+0200: 52.527: [GC (Allocation Failure) 52.527: [ParNew: 19618K->2148K(19648K), 0.0049766 secs] 31986K->16503K(63360K), 0.0053648 secs] [Times: user=0.03 sys=0.00, real=0.00 secs] 
2014-07-10T10:47:29.999+0200: 52.576: [GC (Allocation Failure) 52.576: [ParNew: 19614K->2150K(19648K), 0.0071129 secs] 33970K->19549K(63360K), 0.0074839 secs] [Times: user=0.03 sys=0.00, real=0.01 secs] 
2014-07-10T10:47:30.057+0200: 52.634: [GC (Allocation Failure) 52.635: [ParNew: 19601K->2150K(19648K), 0.0057703 secs] 37001K->21569K(63360K), 0.0062235 secs] [Times: user=0.00 sys=0.00, real=0.01 secs] 
2014-07-10T10:47:30.149+0200: 52.727: [GC (Allocation Failure) 52.727: [ParNew: 19617K->2150K(19648K), 0.0068211 secs] 39035K->24646K(63360K), 0.0071763 secs] [Times: user=0.00 sys=0.00, real=0.01 secs] 
2014-07-10T10:47:30.198+0200: 52.776: [GC (Allocation Failure) 52.776: [ParNew: 19618K->2150K(19648K), 0.0052398 secs] 42114K->28778K(63360K), 0.0055368 secs] [Times: user=0.00 sys=0.00, real=0.01 secs] 
2014-07-10T10:47:30.256+0200: 52.833: [GC (Allocation Failure) 52.834: [ParNew: 19616K->2148K(19648K), 0.0051394 secs] 46244K->33964K(63360K), 0.0053674 secs] [Times: user=0.00 sys=0.00, real=0.00 secs] 
2014-07-10T10:47:30.349+0200: 52.926: [GC (Allocation Failure) 52.927: [ParNew: 19588K->2150K(19648K), 0.0058055 secs] 51404K->39155K(63360K), 0.0060416 secs] [Times: user=0.00 sys=0.00, real=0.01 secs] 
2014-07-10T10:47:30.355+0200: 52.933: [GC (CMS Initial Mark) [1 CMS-initial-mark: 37005K(43712K)] 39221K(63360K), 0.0002643 secs] [Times: user=0.00 sys=0.00, real=0.00 secs] 
2014-07-10T10:47:30.356+0200: 52.933: [CMS-concurrent-mark-start]
2014-07-10T10:47:30.357+0200: 52.935: [CMS-concurrent-mark: 0.001/0.001 secs] [Times: user=0.00 sys=0.00, real=0.00 secs] 
2014-07-10T10:47:30.357+0200: 52.935: [CMS-concurrent-preclean-start]
2014-07-10T10:47:30.358+0200: 52.935: [CMS-concurrent-preclean: 0.000/0.000 secs] [Times: user=0.00 sys=0.00, real=0.00 secs] 
2014-07-10T10:47:30.358+0200: 52.935: [CMS-concurrent-abortable-preclean-start]
2014-07-10T10:47:30.446+0200: 53.024: [GC (Allocation Failure) 53.024: [ParNew: 19618K->198K(19648K), 0.0015120 secs] 56624K->37206K(63360K), 0.0018782 secs] [Times: user=0.00 sys=0.00, real=0.00 secs] 
2014-07-10T10:47:30.497+0200: 53.074: [GC (Allocation Failure) 53.074: [ParNew: 17664K->17664K(19648K), 0.0001195 secs]53.074: [CMS2014-07-10T10:47:30.497+0200: 53.074: [CMS-concurrent-abortable-preclean: 0.001/0.139 secs] [Times: user=0.01 sys=0.00, real=0.14 secs] 
 (concurrent mode failure): 37008K->1721K(43712K), 0.0098017 secs] 54672K->1721K(63360K), [Metaspace: 2457K->2457K(1056768K)], 0.0103011 secs] [Times: user=0.02 sys=0.00, real=0.01 secs] 
2014-07-10T10:47:30.551+0200: 53.128: [GC (Allocation Failure) 53.128: [ParNew: 17468K->2148K(19648K), 0.0018955 secs] 19190K->4031K(63360K), 0.0021924 secs] [Times: user=0.00 sys=0.00, real=0.00 secs] 
2014-07-10T10:47:30.647+0200: 53.225: [GC (Allocation Failure) 53.225: [ParNew: 19599K->1670K(19648K), 0.0021492 secs] 21483K->3558K(63360K), 0.0026778 secs] [Times: user=0.00 sys=0.00, real=0.00 secs] 
2014-07-10T10:47:30.699+0200: 53.276: [GC (Allocation Failure) 53.276: [ParNew: 19138K->2150K(19648K), 0.0018247 secs] 21026K->4618K(63360K), 0.0020304 secs] [Times: user=0.00 sys=0.00, real=0.00 secs] 
2014-07-10T10:47:30.751+0200: 53.328: [GC (Allocation Failure) 53.328: [ParNew: 19616K->2148K(19648K), 0.0031024 secs] 22084K->6251K(63360K), 0.0034100 secs] [Times: user=0.00 sys=0.00, real=0.00 secs] 
2014-07-10T10:47:30.847+0200: 53.424: [GC (Allocation Failure) 53.424: [ParNew: 19593K->2150K(19648K), 0.0017979 secs] 23696K->7376K(63360K), 0.0019585 secs] [Times: user=0.00 sys=0.00, real=0.00 secs] 
2014-07-10T10:47:30.898+0200: 53.476: [GC (Allocation Failure) 53.476: [ParNew: 19619K->2150K(19648K), 0.0054473 secs] 24844K->9556K(63360K), 0.0058946 secs] [Times: user=0.00 sys=0.00, real=0.01 secs] 
2014-07-10T10:47:30.953+0200: 53.530: [GC (Allocation Failure) 53.530: [ParNew: 19616K->2148K(19648K), 0.0044948 secs] 27022K->12789K(63360K), 0.0047335 secs] [Times: user=0.00 sys=0.00, real=0.00 secs] 
2014-07-10T10:47:31.050+0200: 53.628: [GC (Allocation Failure) 53.628: [ParNew: 19616K->2150K(19648K), 0.0083154 secs] 30258K->17084K(63360K), 0.0087125 secs] [Times: user=0.00 sys=0.00, real=0.01 secs] 
2014-07-10T10:47:31.099+0200: 53.677: [GC (Allocation Failure) 53.677: [ParNew: 19593K->2150K(19648K), 0.0076207 secs] 34527K->20864K(63360K), 0.0080240 secs] [Times: user=0.00 sys=0.00, real=0.01 secs] 
2014-07-10T10:47:31.158+0200: 53.735: [GC (Allocation Failure) 53.735: [ParNew: 19618K->2148K(19648K), 0.0087198 secs] 38332K->25699K(63360K), 0.0091766 secs] [Times: user=0.00 sys=0.00, real=0.01 secs] 
2014-07-10T10:47:31.248+0200: 53.826: [GC (Allocation Failure) 53.826: [ParNew: 19614K->2150K(19648K), 0.0064992 secs] 43166K->31594K(63360K), 0.0067474 secs] [Times: user=0.03 sys=0.00, real=0.01 secs] 
2014-07-10T10:47:31.299+0200: 53.877: [GC (Allocation Failure) 53.877: [ParNew: 19590K->2150K(19648K), 0.0083264 secs] 49034K->37487K(63360K), 0.0085776 secs] [Times: user=0.00 sys=0.00, real=0.01 secs] 
2014-07-10T10:47:31.308+0200: 53.886: [GC (CMS Initial Mark) [1 CMS-initial-mark: 35337K(43712K)] 37553K(63360K), 0.0002526 secs] [Times: user=0.00 sys=0.00, real=0.00 secs] 
2014-07-10T10:47:31.309+0200: 53.886: [CMS-concurrent-mark-start]
2014-07-10T10:47:31.310+0200: 53.887: [CMS-concurrent-mark: 0.001/0.001 secs] [Times: user=0.00 sys=0.00, real=0.00 secs] 
2014-07-10T10:47:31.310+0200: 53.888: [CMS-concurrent-preclean-start]
2014-07-10T10:47:31.310+0200: 53.888: [CMS-concurrent-preclean: 0.000/0.000 secs] [Times: user=0.00 sys=0.00, real=0.00 secs] 
2014-07-10T10:47:31.311+0200: 53.888: [GC (CMS Final Remark) [YG occupancy: 2312 K (19648 K)]53.888: [Rescan (parallel) , 0.0002097 secs]53.888: [weak refs processing, 0.0000510 secs]53.888: [class unloading, 0.0006511 secs]53.889: [scrub symbol table, 0.0008869 secs]53.890: [scrub string table, 0.0002750 secs][1 CMS-remark: 35337K(43712K)] 37649K(63360K), 0.0023739 secs] [Times: user=0.02 sys=0.00, real=0.00 secs] 
2014-07-10T10:47:31.313+0200: 53.891: [CMS-concurrent-sweep-start]
2014-07-10T10:47:31.314+0200: 53.891: [CMS-concurrent-sweep: 0.001/0.001 secs] [Times: user=0.00 sys=0.00, real=0.00 secs] 
2014-07-10T10:47:31.314+0200: 53.891: [CMS-concurrent-reset-start]
2014-07-10T10:47:31.314+0200: 53.891: [CMS-concurrent-reset: 0.000/0.000 secs] [Times: user=0.00 sys=0.00, real=0.00 secs] 
2014-07-10T10:47:31.396+0200: 53.973: [GC (Allocation Failure) 53.974: [ParNew: 19618K->900K(19648K), 0.0136612 secs] 25985K->7269K(63360K), 0.0138269 secs] [Times: user=0.01 sys=0.00, real=0.01 secs] 
2014-07-10T10:47:31.450+0200: 54.027: [GC (Allocation Failure) 54.028: [ParNew: 18366K->1960K(19648K), 0.0017118 secs] 24736K->8329K(63360K), 0.0018977 secs] [Times: user=0.03 sys=0.00, real=0.00 secs] 
2014-07-10T10:47:31.548+0200: 54.125: [GC (Allocation Failure) 54.125: [ParNew: 19428K->2150K(19648K), 0.0018247 secs] 25797K->9388K(63360K), 0.0020051 secs] [Times: user=0.00 sys=0.00, real=0.00 secs] 
2014-07-10T10:47:31.596+0200: 54.174: [GC (Allocation Failure) 54.174: [ParNew: 19604K->1862K(19648K), 0.0013015 secs] 26843K->9104K(63360K), 0.0014449 secs] [Times: user=0.00 sys=0.00, real=0.00 secs] 
2014-07-10T10:47:31.651+0200: 54.229: [GC (Allocation Failure) 54.229: [ParNew: 19331K->2148K(19648K), 0.0019420 secs] 26572K->10161K(63360K), 0.0021074 secs] [Times: user=0.00 sys=0.00, real=0.00 secs] 
2014-07-10T10:47:31.748+0200: 54.326: [GC (Allocation Failure) 54.326: [ParNew: 19614K->2150K(19648K), 0.0050198 secs] 27628K->11990K(63360K), 0.0053487 secs] [Times: user=0.00 sys=0.00, real=0.00 secs] 
2014-07-10T10:47:31.798+0200: 54.375: [GC (Allocation Failure) 54.375: [ParNew: 19618K->2150K(19648K), 0.0041616 secs] 29459K->14874K(63360K), 0.0043863 secs] [Times: user=0.00 sys=0.00, real=0.00 secs] 
2014-07-10T10:47:31.852+0200: 54.429: [GC (Allocation Failure) 54.429: [ParNew: 19590K->2150K(19648K), 0.0044204 secs] 32314K->17758K(63360K), 0.0046554 secs] [Times: user=0.00 sys=0.00, real=0.00 secs] 
2014-07-10T10:47:31.951+0200: 54.529: [GC (Allocation Failure) 54.529: [ParNew: 19616K->2148K(19648K), 0.0082487 secs] 35224K->21696K(63360K), 0.0086553 secs] [Times: user=0.00 sys=0.01, real=0.01 secs] 
2014-07-10T10:47:31.998+0200: 54.576: [GC (Allocation Failure) 54.576: [ParNew: 19616K->2148K(19648K), 0.0062084 secs] 39165K->26693K(63360K), 0.0065223 secs] [Times: user=0.00 sys=0.00, real=0.01 secs] 
2014-07-10T10:47:32.054+0200: 54.631: [GC (Allocation Failure) 54.631: [ParNew: 19593K->2150K(19648K), 0.0055137 secs] 44139K->31179K(63360K), 0.0057406 secs] [Times: user=0.00 sys=0.00, real=0.01 secs] 
2014-07-10T10:47:32.150+0200: 54.728: [GC (Allocation Failure) 54.728: [ParNew: 19616K->2150K(19648K), 0.0106860 secs] 48646K->36721K(63360K), 0.0111418 secs] [Times: user=0.03 sys=0.00, real=0.01 secs] 
2014-07-10T10:47:32.162+0200: 54.740: [GC (CMS Initial Mark) [1 CMS-initial-mark: 34571K(43712K)] 36753K(63360K), 0.0004323 secs] [Times: user=0.00 sys=0.00, real=0.00 secs] 
2014-07-10T10:47:32.163+0200: 54.740: [CMS-concurrent-mark-start]
2014-07-10T10:47:32.166+0200: 54.743: [CMS-concurrent-mark: 0.003/0.003 secs] [Times: user=0.00 sys=0.00, real=0.00 secs] 
2014-07-10T10:47:32.166+0200: 54.743: [CMS-concurrent-preclean-start]
2014-07-10T10:47:32.166+0200: 54.744: [CMS-concurrent-preclean: 0.000/0.000 secs] [Times: user=0.00 sys=0.00, real=0.00 secs] 
2014-07-10T10:47:32.166+0200: 54.744: [CMS-concurrent-abortable-preclean-start]
2014-07-10T10:47:32.246+0200: 54.824: [GC (Allocation Failure) 54.824: [ParNew: 19618K->549K(19648K), 0.0008843 secs] 54190K->35122K(63360K), 0.0010771 secs] [Times: user=0.00 sys=0.00, real=0.00 secs] 
2014-07-10T10:47:32.297+0200: 54.875: [GC (Allocation Failure) 54.875: [ParNew: 18015K->1607K(19648K), 0.0021272 secs] 52589K->36181K(63360K), 0.0024381 secs] [Times: user=0.00 sys=0.00, real=0.00 secs] 
2014-07-10T10:47:32.365+0200: 54.943: [GC (Allocation Failure) 54.943: [ParNew: 19053K->1093K(19648K), 0.0011138 secs] 53627K->35672K(63360K), 0.0012858 secs] [Times: user=0.00 sys=0.00, real=0.00 secs] 
2014-07-10T10:47:32.447+0200: 55.025: [GC (Allocation Failure) 55.025: [ParNew: 18562K->2148K(19648K), 0.0028113 secs] 53141K->36730K(63360K), 0.0031405 secs] [Times: user=0.00 sys=0.02, real=0.00 secs] 
2014-07-10T10:47:32.498+0200: 55.075: [GC (Allocation Failure) 55.076: [ParNew: 19614K->2150K(19648K), 0.0036758 secs] 54196K->37791K(63360K), 0.0040695 secs] [Times: user=0.00 sys=0.00, real=0.00 secs] 
2014-07-10T10:47:32.552+0200: 55.129: [GC (Allocation Failure) 55.129: [ParNew: 19618K->2148K(19648K), 0.0034639 secs] 55259K->39904K(63360K), 0.0036960 secs] [Times: user=0.00 sys=0.00, real=0.00 secs] 
2014-07-10T10:47:32.648+0200: 55.226: [GC (Allocation Failure) 55.226: [ParNew: 19599K->2150K(19648K), 0.0044743 secs] 57355K->41381K(63360K), 0.0048406 secs] [Times: user=0.00 sys=0.00, real=0.01 secs] 
2014-07-10T10:47:32.698+0200: 55.276: [GC (Allocation Failure) 55.276: [ParNew: 19619K->2150K(19648K), 0.0036369 secs] 58850K->43914K(63360K), 0.0038672 secs] [Times: user=0.03 sys=0.00, real=0.00 secs] 
2014-07-10T10:47:32.702+0200: 55.280: [CMS-concurrent-abortable-preclean: 0.005/0.536 secs] [Times: user=0.13 sys=0.02, real=0.54 secs] 
2014-07-10T10:47:32.703+0200: 55.280: [GC (CMS Final Remark) [YG occupancy: 2216 K (19648 K)]55.280: [Rescan (parallel) , 0.0002808 secs]55.281: [weak refs processing, 0.0000642 secs]55.281: [class unloading, 0.0005947 secs]55.281: [scrub symbol table, 0.0007399 secs]55.282: [scrub string table, 0.0002460 secs][1 CMS-remark: 41764K(43712K)] 43980K(63360K), 0.0021891 secs] [Times: user=0.00 sys=0.00, real=0.00 secs] 
2014-07-10T10:47:32.705+0200: 55.283: [CMS-concurrent-sweep-start]
2014-07-10T10:47:32.706+0200: 55.283: [CMS-concurrent-sweep: 0.001/0.001 secs] [Times: user=0.00 sys=0.00, real=0.00 secs] 
2014-07-10T10:47:32.706+0200: 55.283: [CMS-concurrent-reset-start]
2014-07-10T10:47:32.706+0200: 55.283: [CMS-concurrent-reset: 0.000/0.000 secs] [Times: user=0.00 sys=0.00, real=0.00 secs] 
2014-07-10T10:47:32.756+0200: 55.334: [GC (Allocation Failure) 55.334: [ParNew: 19616K->2148K(19648K), 0.0077211 secs] 32826K->18945K(63360K), 0.0081519 secs] [Times: user=0.03 sys=0.00, real=0.01 secs] 
2014-07-10T10:47:32.850+0200: 55.427: [GC (Allocation Failure) 55.427: [ParNew: 19588K->2150K(19648K), 0.0076104 secs] 36385K->22535K(63360K), 0.0080016 secs] [Times: user=0.03 sys=0.00, real=0.01 secs] 
2014-07-10T10:47:32.900+0200: 55.477: [GC (Allocation Failure) 55.477: [ParNew: 19618K->2150K(19648K), 0.0050796 secs] 40004K->27180K(63360K), 0.0053098 secs] [Times: user=0.03 sys=0.00, real=0.00 secs] 
2014-07-10T10:47:32.906+0200: 55.483: [GC (CMS Initial Mark) [1 CMS-initial-mark: 25030K(43712K)] 27212K(63360K), 0.0002354 secs] [Times: user=0.00 sys=0.00, real=0.00 secs] 
2014-07-10T10:47:32.906+0200: 55.483: [CMS-concurrent-mark-start]
2014-07-10T10:47:32.907+0200: 55.485: [CMS-concurrent-mark: 0.001/0.001 secs] [Times: user=0.00 sys=0.00, real=0.00 secs] 
2014-07-10T10:47:32.907+0200: 55.485: [CMS-concurrent-preclean-start]
2014-07-10T10:47:32.907+0200: 55.485: [CMS-concurrent-preclean: 0.000/0.000 secs] [Times: user=0.00 sys=0.00, real=0.00 secs] 
2014-07-10T10:47:32.908+0200: 55.485: [GC (CMS Final Remark) [YG occupancy: 3560 K (19648 K)]55.485: [Rescan (parallel) , 0.0001994 secs]55.485: [weak refs processing, 0.0000506 secs]55.486: [class unloading, 0.0005954 secs]55.486: [scrub symbol table, 0.0007860 secs]55.487: [scrub string table, 0.0002955 secs][1 CMS-remark: 25030K(43712K)] 28591K(63360K), 0.0022086 secs] [Times: user=0.00 sys=0.00, real=0.00 secs] 
2014-07-10T10:47:32.910+0200: 55.488: [CMS-concurrent-sweep-start]
2014-07-10T10:47:32.911+0200: 55.488: [CMS-concurrent-sweep: 0.001/0.001 secs] [Times: user=0.00 sys=0.00, real=0.00 secs] 
2014-07-10T10:47:32.911+0200: 55.488: [CMS-concurrent-reset-start]
2014-07-10T10:47:32.911+0200: 55.488: [CMS-concurrent-reset: 0.000/0.000 secs] [Times: user=0.00 sys=0.00, real=0.00 secs] 
2014-07-10T10:47:32.953+0200: 55.530: [GC (Allocation Failure) 55.530: [ParNew: 19616K->2148K(19648K), 0.0059452 secs] 24717K->12949K(63360K), 0.0061285 secs] [Times: user=0.00 sys=0.00, real=0.01 secs] 
2014-07-10T10:47:33.049+0200: 55.627: [GC (Allocation Failure) 55.627: [ParNew: 19619K->710K(19648K), 0.0010984 secs] 30421K->11514K(63360K), 0.0012887 secs] [Times: user=0.00 sys=0.00, real=0.00 secs] 
2014-07-10T10:47:33.098+0200: 55.676: [GC (Allocation Failure) 55.676: [ParNew: 18157K->2151K(19648K), 0.0063228 secs] 28961K->18686K(63360K), 0.0066029 secs] [Times: user=0.00 sys=0.00, real=0.01 secs] 
2014-07-10T10:47:33.204+0200: 55.782: [GC (Allocation Failure) 55.782: [ParNew: 19620K->741K(19648K), 0.0014933 secs] 36154K->17282K(63360K), 0.0017396 secs] [Times: user=0.00 sys=0.00, real=0.00 secs] 
2014-07-10T10:47:33.249+0200: 55.827: [GC (Allocation Failure) 55.827: [ParNew: 18207K->1799K(19648K), 0.0016469 secs] 34748K->18340K(63360K), 0.0018419 secs] [Times: user=0.00 sys=0.00, real=0.00 secs] 
2014-07-10T10:47:33.346+0200: 55.924: [GC (Allocation Failure) 55.924: [ParNew: 19239K->1797K(19648K), 0.0013221 secs] 35780K->18343K(63360K), 0.0014694 secs] [Times: user=0.00 sys=0.00, real=0.00 secs] 
2014-07-10T10:47:33.397+0200: 55.974: [GC (Allocation Failure) 55.974: [ParNew: 19266K->2150K(19648K), 0.0020421 secs] 35812K->19403K(63360K), 0.0022254 secs] [Times: user=0.00 sys=0.00, real=0.00 secs] 
2014-07-10T10:47:33.451+0200: 56.029: [GC (Allocation Failure) 56.029: [ParNew: 19616K->2148K(19648K), 0.0028054 secs] 36869K->21164K(63360K), 0.0029858 secs] [Times: user=0.00 sys=0.00, real=0.00 secs] 
2014-07-10T10:47:33.548+0200: 56.126: [GC (Allocation Failure) 56.127: [ParNew: 19616K->2148K(19648K), 0.0072885 secs] 38632K->23983K(63360K), 0.0075576 secs] [Times: user=0.00 sys=0.00, real=0.01 secs] 
2014-07-10T10:47:33.597+0200: 56.174: [GC (Allocation Failure) 56.174: [ParNew: 19598K->2150K(19648K), 0.0032351 secs] 41434K->26164K(63360K), 0.0034107 secs] [Times: user=0.00 sys=0.00, real=0.00 secs] 
2014-07-10T10:47:33.651+0200: 56.229: [GC (Allocation Failure) 56.229: [ParNew: 19616K->2148K(19648K), 0.0045630 secs] 43631K->29400K(63360K), 0.0048013 secs] [Times: user=0.03 sys=0.00, real=0.00 secs] 
2014-07-10T10:47:33.750+0200: 56.327: [GC (Allocation Failure) 56.328: [ParNew: 19616K->2150K(19648K), 0.0081516 secs] 46868K->33694K(63360K), 0.0085427 secs] [Times: user=0.00 sys=0.00, real=0.01 secs] 
2014-07-10T10:47:33.759+0200: 56.337: [GC (CMS Initial Mark) [1 CMS-initial-mark: 31544K(43712K)] 33888K(63360K), 0.0004147 secs] [Times: user=0.00 sys=0.00, real=0.00 secs] 
2014-07-10T10:47:33.760+0200: 56.338: [CMS-concurrent-mark-start]
2014-07-10T10:47:33.762+0200: 56.340: [CMS-concurrent-mark: 0.002/0.002 secs] [Times: user=0.03 sys=0.00, real=0.00 secs] 
2014-07-10T10:47:33.763+0200: 56.340: [CMS-concurrent-preclean-start]
2014-07-10T10:47:33.763+0200: 56.341: [CMS-concurrent-preclean: 0.000/0.000 secs] [Times: user=0.00 sys=0.00, real=0.00 secs] 
2014-07-10T10:47:33.763+0200: 56.341: [CMS-concurrent-abortable-preclean-start]
2014-07-10T10:47:33.799+0200: 56.376: [GC (Allocation Failure) 56.376: [ParNew: 19616K->2150K(19648K), 0.0057799 secs] 51161K->39043K(63360K), 0.0059775 secs] [Times: user=0.00 sys=0.00, real=0.01 secs] 
2014-07-10T10:47:33.852+0200: 56.430: [GC (Allocation Failure) 56.430: [ParNew: 19595K->2148K(19648K), 0.0055012 secs] 56489K->43878K(63360K), 0.0057285 secs] [Times: user=0.03 sys=0.00, real=0.01 secs] 
2014-07-10T10:47:33.858+0200: 56.436: [CMS-concurrent-abortable-preclean: 0.002/0.095 secs] [Times: user=0.03 sys=0.00, real=0.10 secs] 
2014-07-10T10:47:33.858+0200: 56.436: [GC (CMS Final Remark) [YG occupancy: 2374 K (19648 K)]56.436: [Rescan (parallel) , 0.0002489 secs]56.436: [weak refs processing, 0.0000381 secs]56.436: [class unloading, 0.0005305 secs]56.437: [scrub symbol table, 0.0006409 secs]56.437: [scrub string table, 0.0001921 secs][1 CMS-remark: 41729K(43712K)] 44104K(63360K), 0.0018456 secs] [Times: user=0.00 sys=0.00, real=0.00 secs] 
2014-07-10T10:47:33.860+0200: 56.438: [CMS-concurrent-sweep-start]
2014-07-10T10:47:33.861+0200: 56.438: [CMS-concurrent-sweep: 0.001/0.001 secs] [Times: user=0.00 sys=0.00, real=0.00 secs] 
2014-07-10T10:47:33.861+0200: 56.438: [CMS-concurrent-reset-start]
2014-07-10T10:47:33.861+0200: 56.439: [CMS-concurrent-reset: 0.000/0.000 secs] [Times: user=0.00 sys=0.00, real=0.00 secs] 
2014-07-10T10:47:33.951+0200: 56.529: [GC (Allocation Failure) 56.529: [ParNew: 19615K->2150K(19648K), 0.0062832 secs] 34551K->22980K(63360K), 0.0066359 secs] [Times: user=0.00 sys=0.00, real=0.01 secs] 
2014-07-10T10:47:34.049+0200: 56.626: [GC (Allocation Failure) 56.626: [ParNew: 19618K->901K(19648K), 0.0016887 secs] 40448K->21733K(63360K), 0.0019534 secs] [Times: user=0.00 sys=0.00, real=0.00 secs] 
2014-07-10T10:47:34.096+0200: 56.674: [GC (Allocation Failure) 56.674: [ParNew: 18347K->391K(19648K), 0.0008392 secs] 39179K->21223K(63360K), 0.0010269 secs] [Times: user=0.00 sys=0.00, real=0.00 secs] 
2014-07-10T10:47:34.151+0200: 56.728: [GC (Allocation Failure) 56.728: [ParNew: 17857K->1449K(19648K), 0.0013111 secs] 38690K->22282K(63360K), 0.0014790 secs] [Times: user=0.00 sys=0.00, real=0.00 secs] 
2014-07-10T10:47:34.246+0200: 56.824: [GC (Allocation Failure) 56.824: [ParNew: 18918K->2148K(19648K), 0.0018581 secs] 39750K->23341K(63360K), 0.0020758 secs] [Times: user=0.00 sys=0.00, real=0.00 secs] 
2014-07-10T10:47:34.297+0200: 56.875: [GC (Allocation Failure) 56.875: [ParNew: 19614K->2150K(19648K), 0.0023200 secs] 40807K->24754K(63360K), 0.0025407 secs] [Times: user=0.00 sys=0.00, real=0.00 secs] 
2014-07-10T10:47:34.368+0200: 56.946: [GC (Allocation Failure) 56.946: [ParNew: 19590K->2148K(19648K), 0.0026668 secs] 42194K->26163K(63360K), 0.0028787 secs] [Times: user=0.03 sys=0.00, real=0.00 secs] 
2014-07-10T10:47:34.450+0200: 57.028: [GC (Allocation Failure) 57.028: [ParNew: 19616K->2150K(19648K), 0.0056123 secs] 43631K->28632K(63360K), 0.0059918 secs] [Times: user=0.00 sys=0.00, real=0.01 secs] 
2014-07-10T10:47:34.497+0200: 57.075: [GC (Allocation Failure) 57.075: [ParNew: 19616K->2150K(19648K), 0.0044890 secs] 46099K->32156K(63360K), 0.0047309 secs] [Times: user=0.00 sys=0.00, real=0.01 secs] 
2014-07-10T10:47:34.558+0200: 57.136: [GC (Allocation Failure) 57.136: [ParNew: 19618K->2148K(19648K), 0.0087811 secs] 49625K->36735K(63360K), 0.0091847 secs] [Times: user=0.00 sys=0.00, real=0.01 secs] 
2014-07-10T10:47:34.569+0200: 57.146: [GC (CMS Initial Mark) [1 CMS-initial-mark: 34587K(43712K)] 37729K(63360K), 0.0004132 secs] [Times: user=0.00 sys=0.00, real=0.00 secs] 
2014-07-10T10:47:34.569+0200: 57.147: [CMS-concurrent-mark-start]
2014-07-10T10:47:34.572+0200: 57.149: [CMS-concurrent-mark: 0.002/0.002 secs] [Times: user=0.03 sys=0.00, real=0.00 secs] 
2014-07-10T10:47:34.572+0200: 57.149: [CMS-concurrent-preclean-start]
2014-07-10T10:47:34.572+0200: 57.150: [CMS-concurrent-preclean: 0.000/0.000 secs] [Times: user=0.00 sys=0.00, real=0.00 secs] 
2014-07-10T10:47:34.573+0200: 57.150: [CMS-concurrent-abortable-preclean-start]
2014-07-10T10:47:34.648+0200: 57.225: [GC (Allocation Failure) 57.225: [ParNew: 19605K->2149K(19648K), 0.0043181 secs] 54192K->40164K(63360K), 0.0045319 secs] [Times: user=0.03 sys=0.00, real=0.00 secs] 
2014-07-10T10:47:34.704+0200: 57.281: [GC (Allocation Failure) 57.281: [ParNew: 19618K->2150K(19648K), 0.0078308 secs] 57633K->44651K(63360K), 0.0081897 secs] [Times: user=0.00 sys=0.00, real=0.01 secs] 
2014-07-10T10:47:34.712+0200: 57.290: [CMS-concurrent-abortable-preclean: 0.002/0.140 secs] [Times: user=0.05 sys=0.00, real=0.14 secs] 
2014-07-10T10:47:34.712+0200: 57.290: [GC (CMS Final Remark) [YG occupancy: 2440 K (19648 K)]57.290: [Rescan (parallel) , 0.0011593 secs]57.291: [weak refs processing, 0.0000865 secs]57.291: [class unloading, 0.0010196 secs]57.293: [scrub symbol table, 0.0012828 secs]57.294: [scrub string table, 0.0005184 secs][1 CMS-remark: 42501K(43712K)] 44941K(63360K), 0.0045711 secs] [Times: user=0.00 sys=0.01, real=0.01 secs] 
2014-07-10T10:47:34.717+0200: 57.295: [CMS-concurrent-sweep-start]
2014-07-10T10:47:34.718+0200: 57.296: [CMS-concurrent-sweep: 0.001/0.001 secs] [Times: user=0.00 sys=0.00, real=0.00 secs] 
2014-07-10T10:47:34.719+0200: 57.296: [CMS-concurrent-reset-start]
2014-07-10T10:47:34.719+0200: 57.297: [CMS-concurrent-reset: 0.000/0.000 secs] [Times: user=0.00 sys=0.00, real=0.00 secs] 
2014-07-10T10:47:34.753+0200: 57.331: [GC (Allocation Failure) 57.331: [ParNew: 19616K->2148K(19648K), 0.0061138 secs] 32570K->20642K(63360K), 0.0063536 secs] [Times: user=0.00 sys=0.00, real=0.01 secs] 
2014-07-10T10:47:34.851+0200: 57.429: [GC (Allocation Failure) 57.429: [ParNew: 19588K->2150K(19648K), 0.0103095 secs] 38082K->26185K(63360K), 0.0111245 secs] [Times: user=0.02 sys=0.00, real=0.01 secs] 
2014-07-10T10:47:34.870+0200: 57.448: [GC (CMS Initial Mark) [1 CMS-initial-mark: 24035K(43712K)] 34903K(63360K), 0.0007541 secs] [Times: user=0.00 sys=0.00, real=0.00 secs] 
2014-07-10T10:47:34.871+0200: 57.449: [CMS-concurrent-mark-start]
2014-07-10T10:47:34.874+0200: 57.451: [CMS-concurrent-mark: 0.002/0.002 secs] [Times: user=0.00 sys=0.00, real=0.00 secs] 
2014-07-10T10:47:34.874+0200: 57.451: [CMS-concurrent-preclean-start]
2014-07-10T10:47:34.874+0200: 57.452: [CMS-concurrent-preclean: 0.000/0.000 secs] [Times: user=0.00 sys=0.00, real=0.00 secs] 
2014-07-10T10:47:34.874+0200: 57.452: [CMS-concurrent-abortable-preclean-start]
2014-07-10T10:47:34.946+0200: 57.524: [GC (Allocation Failure) 57.524: [ParNew: 19618K->549K(19648K), 0.0006680 secs] 43653K->24587K(63360K), 0.0007937 secs] [Times: user=0.03 sys=0.00, real=0.00 secs] 
2014-07-10T10:47:34.997+0200: 57.574: [GC (Allocation Failure) 57.575: [ParNew: 18015K->1607K(19648K), 0.0021019 secs] 42053K->25645K(63360K), 0.0023856 secs] [Times: user=0.00 sys=0.00, real=0.00 secs] 
2014-07-10T10:47:35.050+0200: 57.628: [GC (Allocation Failure) 57.628: [ParNew: 19076K->2148K(19648K), 0.0022918 secs] 43114K->26703K(63360K), 0.0025370 secs] [Times: user=0.00 sys=0.00, real=0.00 secs] 
2014-07-10T10:47:35.148+0200: 57.725: [GC (Allocation Failure) 57.726: [ParNew: 19593K->2150K(19648K), 0.0032454 secs] 44149K->26708K(63360K), 0.0035658 secs] [Times: user=0.03 sys=0.00, real=0.00 secs] 
2014-07-10T10:47:35.198+0200: 57.776: [GC (Allocation Failure) 57.776: [ParNew: 19617K->2150K(19648K), 0.0021349 secs] 44174K->27767K(63360K), 0.0023248 secs] [Times: user=0.00 sys=0.00, real=0.00 secs] 
2014-07-10T10:47:35.251+0200: 57.829: [GC (Allocation Failure) 57.829: [ParNew: 19618K->2148K(19648K), 0.0036252 secs] 45236K->29880K(63360K), 0.0039046 secs] [Times: user=0.00 sys=0.00, real=0.00 secs] 
2014-07-10T10:47:35.352+0200: 57.930: [GC (Allocation Failure) 57.930: [ParNew2014-07-10T10:47:35.357+0200: 57.934: [CMS-concurrent-abortable-preclean: 0.004/0.482 secs] [Times: user=0.09 sys=0.00, real=0.48 secs] 
: 19591K->2150K(19648K), 0.0042833 secs] 47324K->31486K(63360K), 0.0045231 secs] [Times: user=0.00 sys=0.00, real=0.01 secs] 
2014-07-10T10:47:35.365+0200: 57.943: [GC (CMS Final Remark) [YG occupancy: 14810 K (19648 K)]57.943: [Rescan (parallel) , 0.0016143 secs]57.944: [weak refs processing, 0.0000429 secs]57.944: [class unloading, 0.0005580 secs]57.945: [scrub symbol table, 0.0008634 secs]57.946: [scrub string table, 0.0002141 secs][1 CMS-remark: 29335K(43712K)] 44146K(63360K), 0.0036182 secs] [Times: user=0.01 sys=0.00, real=0.00 secs] 
2014-07-10T10:47:35.369+0200: 57.947: [CMS-concurrent-sweep-start]
2014-07-10T10:47:35.369+0200: 57.947: [CMS-concurrent-sweep: 0.000/0.000 secs] [Times: user=0.00 sys=0.00, real=0.00 secs] 
2014-07-10T10:47:35.369+0200: 57.947: [CMS-concurrent-reset-start]
2014-07-10T10:47:35.370+0200: 57.947: [CMS-concurrent-reset: 0.000/0.000 secs] [Times: user=0.00 sys=0.00, real=0.00 secs] 
2014-07-10T10:47:35.399+0200: 57.977: [GC (Allocation Failure) 57.977: [ParNew: 19619K->2148K(19648K), 0.0038499 secs] 25380K->10570K(63360K), 0.0040648 secs] [Times: user=0.00 sys=0.00, real=0.00 secs] 
2014-07-10T10:47:35.458+0200: 58.035: [GC (Allocation Failure) 58.036: [ParNew: 19614K->2148K(19648K), 0.0086069 secs] 28036K->14285K(63360K), 0.0090040 secs] [Times: user=0.00 sys=0.00, real=0.01 secs] 
2014-07-10T10:47:35.554+0200: 58.131: [GC (Allocation Failure) 58.132: [ParNew: 19616K->2150K(19648K), 0.0083466 secs] 31754K->19060K(63360K), 0.0087466 secs] [Times: user=0.03 sys=0.00, real=0.01 secs] 
2014-07-10T10:47:35.563+0200: 58.141: [GC (CMS Initial Mark) [1 CMS-initial-mark: 16910K(43712K)] 19126K(63360K), 0.0003828 secs] [Times: user=0.00 sys=0.00, real=0.00 secs] 
2014-07-10T10:47:35.564+0200: 58.141: [CMS-concurrent-mark-start]
2014-07-10T10:47:35.566+0200: 58.144: [CMS-concurrent-mark: 0.002/0.002 secs] [Times: user=0.00 sys=0.00, real=0.00 secs] 
2014-07-10T10:47:35.566+0200: 58.144: [CMS-concurrent-preclean-start]
2014-07-10T10:47:35.566+0200: 58.144: [CMS-concurrent-preclean: 0.000/0.000 secs] [Times: user=0.00 sys=0.00, real=0.00 secs] 
2014-07-10T10:47:35.566+0200: 58.144: [CMS-concurrent-abortable-preclean-start]
2014-07-10T10:47:35.599+0200: 58.177: [GC (Allocation Failure) 58.177: [ParNew: 19601K->2150K(19648K), 0.0046418 secs] 36512K->23193K(63360K), 0.0048461 secs] [Times: user=0.03 sys=0.00, real=0.01 secs] 
2014-07-10T10:47:35.652+0200: 58.230: [GC (Allocation Failure) 58.230: [ParNew: 19617K->2148K(19648K), 0.0055962 secs] 40659K->28380K(63360K), 0.0057949 secs] [Times: user=0.00 sys=0.00, real=0.01 secs] 
2014-07-10T10:47:35.753+0200: 58.330: [GC (Allocation Failure) 58.331: [ParNew: 19616K->196K(19648K), 0.0021613 secs] 45849K->26431K(63360K), 0.0024949 secs] [Times: user=0.00 sys=0.00, real=0.00 secs] 
2014-07-10T10:47:35.846+0200: 58.424: [GC (Allocation Failure) 58.424: [ParNew: 17636K->199K(19648K), 0.0012480 secs] 43871K->26434K(63360K), 0.0015992 secs] [Times: user=0.00 sys=0.00, real=0.00 secs] 
2014-07-10T10:47:35.897+0200: 58.475: [GC (Allocation Failure) 58.475: [ParNew: 17665K->1257K(19648K), 0.0021796 secs] 43900K->27492K(63360K), 0.0024634 secs] [Times: user=0.01 sys=0.00, real=0.00 secs] 
2014-07-10T10:47:35.955+0200: 58.533: [GC (Allocation Failure) 58.533: [ParNew: 18726K->2148K(19648K), 0.0031929 secs] 44961K->28551K(63360K), 0.0035372 secs] [Times: user=0.00 sys=0.00, real=0.00 secs] 
2014-07-10T10:47:36.048+0200: 58.626: [GC (Allocation Failure) 58.626: [ParNew: 19614K->2150K(19648K), 0.0036278 secs] 46017K->29771K(63360K), 0.0040204 secs] [Times: user=0.00 sys=0.00, real=0.00 secs] 
2014-07-10T10:47:36.098+0200: 58.676: [GC (Allocation Failure) 58.676: [ParNew: 19601K->2150K(19648K), 0.0026452 secs] 47223K->29966K(63360K), 0.0029370 secs] [Times: user=0.03 sys=0.00, real=0.00 secs] 
2014-07-10T10:47:36.154+0200: 58.732: [GC (Allocation Failure) 58.732: [ParNew: 19616K->2148K(19648K), 0.0098879 secs] 47432K->31216K(63360K), 0.0103546 secs] [Times: user=0.02 sys=0.00, real=0.01 secs] 
2014-07-10T10:47:36.247+0200: 58.825: [GC (Allocation Failure) 58.825: [ParNew: 19616K->2148K(19648K), 0.0033176 secs] 48685K->33523K(63360K), 0.0035379 secs] [Times: user=0.00 sys=0.00, real=0.00 secs] 
2014-07-10T10:47:36.299+0200: 58.877: [GC (Allocation Failure) 58.877: [ParNew: 19614K->2148K(19648K), 0.0074843 secs] 50990K->36887K(63360K), 0.0084584 secs] [Times: user=0.03 sys=0.00, real=0.01 secs] 
2014-07-10T10:47:36.353+0200: 58.930: [GC (Allocation Failure) 58.931: [ParNew: 19588K->2150K(19648K), 0.0043441 secs] 54327K->40253K(63360K), 0.0046264 secs] [Times: user=0.00 sys=0.00, real=0.00 secs] 
2014-07-10T10:47:36.452+0200: 59.029: [GC (Allocation Failure) 59.030: [ParNew2014-07-10T10:47:36.460+0200: 59.037: [CMS-concurrent-abortable-preclean: 0.011/0.893 secs] [Times: user=0.28 sys=0.03, real=0.89 secs] 
: 19618K->2150K(19648K), 0.0078469 secs] 57722K->44674K(63360K), 0.0081296 secs] [Times: user=0.00 sys=0.03, real=0.01 secs] 
2014-07-10T10:47:36.461+0200: 59.038: [GC (CMS Final Remark) [YG occupancy: 2216 K (19648 K)]59.038: [Rescan (parallel) , 0.0007237 secs]59.039: [weak refs processing, 0.0000854 secs]59.039: [class unloading, 0.0009936 secs]59.040: [scrub symbol table, 0.0012817 secs]59.042: [scrub string table, 0.0004667 secs][1 CMS-remark: 42524K(43712K)] 44740K(63360K), 0.0040585 secs] [Times: user=0.00 sys=0.00, real=0.00 secs] 
2014-07-10T10:47:36.465+0200: 59.043: [CMS-concurrent-sweep-start]
2014-07-10T10:47:36.466+0200: 59.044: [CMS-concurrent-sweep: 0.001/0.001 secs] [Times: user=0.00 sys=0.00, real=0.00 secs] 
2014-07-10T10:47:36.466+0200: 59.044: [CMS-concurrent-reset-start]
2014-07-10T10:47:36.466+0200: 59.044: [CMS-concurrent-reset: 0.000/0.000 secs] [Times: user=0.00 sys=0.00, real=0.00 secs] 
2014-07-10T10:47:36.499+0200: 59.076: [GC (Allocation Failure) 59.076: [ParNew: 19616K->2150K(19648K), 0.0059357 secs] 50465K->38476K(63360K), 0.0062007 secs] [Times: user=0.00 sys=0.00, real=0.01 secs] 
2014-07-10T10:47:36.505+0200: 59.083: [GC (CMS Initial Mark) [1 CMS-initial-mark: 36325K(43712K)] 38542K(63360K), 0.0002372 secs] [Times: user=0.00 sys=0.00, real=0.00 secs] 
2014-07-10T10:47:36.506+0200: 59.083: [CMS-concurrent-mark-start]
2014-07-10T10:47:36.507+0200: 59.084: [CMS-concurrent-mark: 0.001/0.001 secs] [Times: user=0.02 sys=0.00, real=0.00 secs] 
2014-07-10T10:47:36.507+0200: 59.085: [CMS-concurrent-preclean-start]
2014-07-10T10:47:36.507+0200: 59.085: [CMS-concurrent-preclean: 0.000/0.000 secs] [Times: user=0.00 sys=0.00, real=0.00 secs] 
2014-07-10T10:47:36.507+0200: 59.085: [GC (CMS Final Remark) [YG occupancy: 2728 K (19648 K)]59.085: [Rescan (parallel) , 0.0002038 secs]59.085: [weak refs processing, 0.0000469 secs]59.085: [class unloading, 0.0005430 secs]59.086: [scrub symbol table, 0.0008502 secs]59.087: [scrub string table, 0.0002753 secs][1 CMS-remark: 36325K(43712K)] 39054K(63360K), 0.0022141 secs] [Times: user=0.00 sys=0.00, real=0.00 secs] 
2014-07-10T10:47:36.510+0200: 59.087: [CMS-concurrent-sweep-start]
2014-07-10T10:47:36.511+0200: 59.089: [CMS-concurrent-sweep: 0.001/0.001 secs] [Times: user=0.00 sys=0.00, real=0.00 secs] 
2014-07-10T10:47:36.511+0200: 59.089: [CMS-concurrent-reset-start]
2014-07-10T10:47:36.511+0200: 59.089: [CMS-concurrent-reset: 0.000/0.000 secs] [Times: user=0.00 sys=0.00, real=0.00 secs] 
2014-07-10T10:47:36.553+0200: 59.130: [GC (Allocation Failure) 59.131: [ParNew: 19619K->485K(19648K), 0.0008689 secs] 25560K->6428K(63360K), 0.0010170 secs] [Times: user=0.00 sys=0.00, real=0.00 secs] 
2014-07-10T10:47:36.659+0200: 59.236: [GC (Allocation Failure) 59.237: [ParNew: 17936K->2151K(19648K), 0.0056321 secs] 23879K->13985K(63360K), 0.0059980 secs] [Times: user=0.03 sys=0.00, real=0.01 secs] 
2014-07-10T10:47:36.746+0200: 59.324: [GC (Allocation Failure) 59.324: [ParNew: 19620K->901K(19648K), 0.0015923 secs] 31453K->12741K(63360K), 0.0018474 secs] [Times: user=0.00 sys=0.00, real=0.00 secs] 
2014-07-10T10:47:36.797+0200: 59.374: [GC (Allocation Failure) 59.375: [ParNew: 18367K->1960K(19648K), 0.0013785 secs] 30207K->13799K(63360K), 0.0015417 secs] [Times: user=0.00 sys=0.00, real=0.00 secs] 
2014-07-10T10:47:36.850+0200: 59.428: [GC (Allocation Failure) 59.428: [ParNew: 19405K->1444K(19648K), 0.0014984 secs] 31245K->13289K(63360K), 0.0016865 secs] [Times: user=0.00 sys=0.00, real=0.00 secs] 
2014-07-10T10:47:36.948+0200: 59.526: [GC (Allocation Failure) 59.526: [ParNew: 18912K->2150K(19648K), 0.0031786 secs] 30757K->14350K(63360K), 0.0035174 secs] [Times: user=0.00 sys=0.00, real=0.00 secs] 
2014-07-10T10:47:36.998+0200: 59.575: [GC (Allocation Failure) 59.576: [ParNew: 19616K->2150K(19648K), 0.0045553 secs] 31817K->15761K(63360K), 0.0049307 secs] [Times: user=0.00 sys=0.00, real=0.01 secs] 
2014-07-10T10:47:37.056+0200: 59.634: [GC (Allocation Failure) 59.634: [ParNew: 19618K->2148K(19648K), 0.0062513 secs] 33229K->18226K(63360K), 0.0066774 secs] [Times: user=0.00 sys=0.00, real=0.01 secs] 
2014-07-10T10:47:37.149+0200: 59.727: [GC (Allocation Failure) 59.727: [ParNew: 19591K->2150K(19648K), 0.0048472 secs] 35670K->20183K(63360K), 0.0051980 secs] [Times: user=0.00 sys=0.00, real=0.01 secs] 
2014-07-10T10:47:37.203+0200: 59.781: [GC (Allocation Failure) 59.781: [ParNew: 19616K->2150K(19648K), 0.0033986 secs] 37650K->23196K(63360K), 0.0036270 secs] [Times: user=0.00 sys=0.00, real=0.00 secs] 
2014-07-10T10:47:37.259+0200: 59.837: [GC (Allocation Failure) 59.837: [ParNew: 19618K->2148K(19648K), 0.0075074 secs] 40665K->27262K(63360K), 0.0078876 secs] [Times: user=0.00 sys=0.00, real=0.01 secs] 
2014-07-10T10:47:37.267+0200: 59.845: [GC (CMS Initial Mark) [1 CMS-initial-mark: 25114K(43712K)] 27360K(63360K), 0.0004367 secs] [Times: user=0.00 sys=0.00, real=0.00 secs] 
2014-07-10T10:47:37.268+0200: 59.846: [CMS-concurrent-mark-start]
2014-07-10T10:47:37.270+0200: 59.848: [CMS-concurrent-mark: 0.002/0.002 secs] [Times: user=0.00 sys=0.00, real=0.00 secs] 
2014-07-10T10:47:37.271+0200: 59.848: [CMS-concurrent-preclean-start]
2014-07-10T10:47:37.271+0200: 59.849: [CMS-concurrent-preclean: 0.001/0.001 secs] [Times: user=0.00 sys=0.00, real=0.00 secs] 
2014-07-10T10:47:37.272+0200: 59.849: [GC (CMS Final Remark) [YG occupancy: 4135 K (19648 K)]59.849: [Rescan (parallel) , 0.0003908 secs]59.850: [weak refs processing, 0.0000825 secs]59.850: [class unloading, 0.0010086 secs]59.851: [scrub symbol table, 0.0012931 secs]59.852: [scrub string table, 0.0004612 secs][1 CMS-remark: 25114K(43712K)] 29249K(63360K), 0.0037341 secs] [Times: user=0.00 sys=0.00, real=0.00 secs] 
2014-07-10T10:47:37.276+0200: 59.853: [CMS-concurrent-sweep-start]
2014-07-10T10:47:37.276+0200: 59.854: [CMS-concurrent-sweep: 0.000/0.000 secs] [Times: user=0.00 sys=0.00, real=0.00 secs] 
2014-07-10T10:47:37.276+0200: 59.854: [CMS-concurrent-reset-start]
2014-07-10T10:47:37.276+0200: 59.854: [CMS-concurrent-reset: 0.000/0.000 secs] [Times: user=0.00 sys=0.00, real=0.00 secs] 
2014-07-10T10:47:37.349+0200: 59.926: [GC (Allocation Failure) 59.926: [ParNew: 19588K->2150K(19648K), 0.0046323 secs] 24123K->10753K(63360K), 0.0048193 secs] [Times: user=0.00 sys=0.00, real=0.00 secs] 
2014-07-10T10:47:37.399+0200: 59.977: [GC (Allocation Failure) 59.977: [ParNew: 19616K->2150K(19648K), 0.0049549 secs] 28220K->15878K(63360K), 0.0051364 secs] [Times: user=0.00 sys=0.00, real=0.01 secs] 
2014-07-10T10:47:37.496+0200: 60.074: [GC (Allocation Failure) 60.074: [ParNew: 19618K->133K(19648K), 0.0011186 secs] 33347K->13863K(63360K), 0.0013767 secs] [Times: user=0.00 sys=0.00, real=0.00 secs] 
2014-07-10T10:47:37.550+0200: 60.128: [GC (Allocation Failure) 60.128: [ParNew: 17601K->163K(19648K), 0.0008300 secs] 31332K->13894K(63360K), 0.0010093 secs] [Times: user=0.00 sys=0.00, real=0.00 secs] 
2014-07-10T10:47:37.646+0200: 60.224: [GC (Allocation Failure) 60.224: [ParNew: 17620K->42K(19648K), 0.0006515 secs] 31351K->13773K(63360K), 0.0008465 secs] [Times: user=0.00 sys=0.00, real=0.00 secs] 
2014-07-10T10:47:37.696+0200: 60.274: [GC (Allocation Failure) 60.274: [ParNew: 17508K->1100K(19648K), 0.0007875 secs] 31239K->14831K(63360K), 0.0009287 secs] [Times: user=0.00 sys=0.00, real=0.00 secs] 
2014-07-10T10:47:37.749+0200: 60.327: [GC (Allocation Failure) 60.327: [ParNew: 18569K->2148K(19648K), 0.0017873 secs] 32300K->15890K(63360K), 0.0019779 secs] [Times: user=0.00 sys=0.00, real=0.00 secs] 
2014-07-10T10:47:37.848+0200: 60.425: [GC (Allocation Failure) 60.426: [ParNew: 19588K->2150K(19648K), 0.0024157 secs] 33330K->15895K(63360K), 0.0027244 secs] [Times: user=0.00 sys=0.00, real=0.00 secs] 
2014-07-10T10:47:37.898+0200: 60.476: [GC (Allocation Failure) 60.476: [ParNew: 19616K->2150K(19648K), 0.0033675 secs] 33361K->16954K(63360K), 0.0037447 secs] [Times: user=0.00 sys=0.00, real=0.00 secs] 
2014-07-10T10:47:37.956+0200: 60.534: [GC (Allocation Failure) 60.534: [ParNew: 19618K->2148K(19648K), 0.0065674 secs] 34422K->19067K(63360K), 0.0069421 secs] [Times: user=0.00 sys=0.02, real=0.01 secs] 
2014-07-10T10:47:38.049+0200: 60.627: [GC (Allocation Failure) 60.627: [ParNew: 19614K->2150K(19648K), 0.0071969 secs] 36533K->22241K(63360K), 0.0075917 secs] [Times: user=0.03 sys=0.00, real=0.01 secs] 
2014-07-10T10:47:38.100+0200: 60.678: [GC (Allocation Failure) 60.678: [ParNew: 19595K->2150K(19648K), 0.0064390 secs] 39686K->24900K(63360K), 0.0067716 secs] [Times: user=0.00 sys=0.00, real=0.01 secs] 
2014-07-10T10:47:38.156+0200: 60.734: [GC (Allocation Failure) 60.734: [ParNew: 19616K->2148K(19648K), 0.0078674 secs] 42367K->28615K(63360K), 0.0082714 secs] [Times: user=0.03 sys=0.00, real=0.01 secs] 
2014-07-10T10:47:38.165+0200: 60.743: [GC (CMS Initial Mark) [1 CMS-initial-mark: 26467K(43712K)] 28681K(63360K), 0.0004440 secs] [Times: user=0.00 sys=0.00, real=0.00 secs] 
2014-07-10T10:47:38.166+0200: 60.743: [CMS-concurrent-mark-start]
2014-07-10T10:47:38.168+0200: 60.746: [CMS-concurrent-mark: 0.003/0.003 secs] [Times: user=0.00 sys=0.00, real=0.00 secs] 
2014-07-10T10:47:38.168+0200: 60.746: [CMS-concurrent-preclean-start]
2014-07-10T10:47:38.169+0200: 60.747: [CMS-concurrent-preclean: 0.000/0.000 secs] [Times: user=0.00 sys=0.00, real=0.00 secs] 
2014-07-10T10:47:38.169+0200: 60.747: [CMS-concurrent-abortable-preclean-start]
2014-07-10T10:47:38.248+0200: 60.826: [GC (Allocation Failure) 60.826: [ParNew: 19616K->2150K(19648K), 0.0052233 secs] 46084K->33390K(63360K), 0.0054466 secs] [Times: user=0.00 sys=0.01, real=0.01 secs] 
2014-07-10T10:47:38.302+0200: 60.880: [GC (Allocation Failure) 60.880: [ParNew: 19616K->2150K(19648K), 0.0103025 secs] 50856K->39219K(63360K), 0.0107300 secs] [Times: user=0.00 sys=0.00, real=0.01 secs] 
2014-07-10T10:47:38.354+0200: 60.931: [GC (Allocation Failure) 60.932: [ParNew: 19595K->19595K(19648K), 0.0000730 secs]60.932: [CMS2014-07-10T10:47:38.354+0200: 60.932: [CMS-concurrent-abortable-preclean: 0.003/0.185 secs] [Times: user=0.05 sys=0.01, real=0.19 secs] 
 (concurrent mode failure): 37069K->7929K(43712K), 0.0094604 secs] 56664K->7929K(63360K), [Metaspace: 2457K->2457K(1056768K)], 0.0097940 secs] [Times: user=0.02 sys=0.00, real=0.01 secs] 
2014-07-10T10:47:38.451+0200: 61.029: [GC (Allocation Failure) 61.029: [ParNew: 17468K->324K(19648K), 0.0008025 secs] 25397K->8253K(63360K), 0.0009646 secs] [Times: user=0.00 sys=0.00, real=0.00 secs] 
2014-07-10T10:47:38.547+0200: 61.124: [GC (Allocation Failure) 61.125: [ParNew: 17790K->1383K(19648K), 0.0019127 secs] 25720K->9313K(63360K), 0.0021913 secs] [Times: user=0.00 sys=0.00, real=0.00 secs] 
2014-07-10T10:47:38.596+0200: 61.174: [GC (Allocation Failure) 61.174: [ParNew: 18835K->741K(19648K), 0.0016887 secs] 26764K->8680K(63360K), 0.0019787 secs] [Times: user=0.00 sys=0.02, real=0.00 secs] 
2014-07-10T10:47:38.653+0200: 61.231: [GC (Allocation Failure) 61.231: [ParNew: 18207K->1799K(19648K), 0.0030753 secs] 26146K->9738K(63360K), 0.0034118 secs] [Times: user=0.00 sys=0.00, real=0.00 secs] 
2014-07-10T10:47:38.747+0200: 61.325: [GC (Allocation Failure) 61.325: [ParNew: 19267K->2150K(19648K), 0.0020421 secs] 27206K->10799K(63360K), 0.0022899 secs] [Times: user=0.00 sys=0.00, real=0.00 secs] 
2014-07-10T10:47:38.797+0200: 61.375: [GC (Allocation Failure) 61.375: [ParNew: 19616K->2150K(19648K), 0.0025898 secs] 28265K->12562K(63360K), 0.0028025 secs] [Times: user=0.02 sys=0.00, real=0.00 secs] 
2014-07-10T10:47:38.855+0200: 61.433: [GC (Allocation Failure) 61.433: [ParNew: 19590K->2150K(19648K), 0.0054107 secs] 30002K->14325K(63360K), 0.0057920 secs] [Times: user=0.00 sys=0.00, real=0.01 secs] 
2014-07-10T10:47:38.950+0200: 61.528: [GC (Allocation Failure) 61.528: [ParNew: 19618K->2148K(19648K), 0.0071573 secs] 31793K->17143K(63360K), 0.0075569 secs] [Times: user=0.03 sys=0.00, real=0.01 secs] 
2014-07-10T10:47:39.000+0200: 61.577: [GC (Allocation Failure) 61.578: [ParNew: 19614K->2150K(19648K), 0.0079605 secs] 34609K->21021K(63360K), 0.0083250 secs] [Times: user=0.03 sys=0.00, real=0.01 secs] 
2014-07-10T10:47:39.059+0200: 61.637: [GC (Allocation Failure) 61.637: [ParNew: 19595K->2150K(19648K), 0.0066242 secs] 38467K->24385K(63360K), 0.0070766 secs] [Times: user=0.03 sys=0.00, real=0.01 secs] 
2014-07-10T10:47:39.149+0200: 61.727: [GC (Allocation Failure) 61.728: [ParNew: 19590K->2150K(19648K), 0.0079184 secs] 41825K->28262K(63360K), 0.0083521 secs] [Times: user=0.00 sys=0.00, real=0.01 secs] 
2014-07-10T10:47:39.200+0200: 61.778: [GC (Allocation Failure) 61.779: [ParNew: 19618K->2150K(19648K), 0.0047218 secs] 45730K->33195K(63360K), 0.0055610 secs] [Times: user=0.03 sys=0.00, real=0.01 secs] 
2014-07-10T10:47:39.208+0200: 61.786: [GC (CMS Initial Mark) [1 CMS-initial-mark: 31045K(43712K)] 34318K(63360K), 0.0002508 secs] [Times: user=0.00 sys=0.00, real=0.00 secs] 
2014-07-10T10:47:39.208+0200: 61.786: [CMS-concurrent-mark-start]
2014-07-10T10:47:39.209+0200: 61.787: [CMS-concurrent-mark: 0.001/0.001 secs] [Times: user=0.00 sys=0.00, real=0.00 secs] 
2014-07-10T10:47:39.209+0200: 61.787: [CMS-concurrent-preclean-start]
2014-07-10T10:47:39.209+0200: 61.787: [CMS-concurrent-preclean: 0.000/0.000 secs] [Times: user=0.00 sys=0.00, real=0.00 secs] 
2014-07-10T10:47:39.210+0200: 61.787: [GC (CMS Final Remark) [YG occupancy: 3272 K (19648 K)]61.788: [Rescan (parallel) , 0.0001283 secs]61.788: [weak refs processing, 0.0000356 secs]61.788: [class unloading, 0.0004414 secs]61.788: [scrub symbol table, 0.0006288 secs]61.789: [scrub string table, 0.0001829 secs][1 CMS-remark: 31045K(43712K)] 34318K(63360K), 0.0017169 secs] [Times: user=0.00 sys=0.00, real=0.00 secs] 
2014-07-10T10:47:39.211+0200: 61.789: [CMS-concurrent-sweep-start]
2014-07-10T10:47:39.212+0200: 61.790: [CMS-concurrent-sweep: 0.000/0.000 secs] [Times: user=0.00 sys=0.00, real=0.00 secs] 
2014-07-10T10:47:39.212+0200: 61.790: [CMS-concurrent-reset-start]
2014-07-10T10:47:39.212+0200: 61.790: [CMS-concurrent-reset: 0.000/0.000 secs] [Times: user=0.00 sys=0.00, real=0.00 secs] 
2014-07-10T10:47:39.252+0200: 61.830: [GC (Allocation Failure) 61.830: [ParNew: 19616K->2148K(19648K), 0.0059720 secs] 20088K->8608K(63360K), 0.0061901 secs] [Times: user=0.00 sys=0.00, real=0.01 secs] 
2014-07-10T10:47:39.353+0200: 61.931: [GC (Allocation Failure) 61.931: [ParNew: 19588K->2150K(19648K), 0.0104521 secs] 26048K->14600K(63360K), 0.0108734 secs] [Times: user=0.03 sys=0.00, real=0.01 secs] 
2014-07-10T10:47:39.446+0200: 62.024: [GC (Allocation Failure) 62.024: [ParNew: 19618K->997K(19648K), 0.0007080 secs] 32068K->13450K(63360K), 0.0008099 secs] [Times: user=0.00 sys=0.00, real=0.00 secs] 
2014-07-10T10:47:39.498+0200: 62.076: [GC (Allocation Failure) 62.076: [ParNew: 18464K->2056K(19648K), 0.0023152 secs] 30916K->14508K(63360K), 0.0026118 secs] [Times: user=0.00 sys=0.00, real=0.00 secs] 
2014-07-10T10:47:39.550+0200: 62.128: [GC (Allocation Failure) 62.129: [ParNew: 19522K->2148K(19648K), 0.0025891 secs] 31975K->15566K(63360K), 0.0029015 secs] [Times: user=0.00 sys=0.00, real=0.00 secs] 
2014-07-10T10:47:39.647+0200: 62.224: [GC (Allocation Failure) 62.225: [ParNew: 19598K->2149K(19648K), 0.0021121 secs] 33017K->15889K(63360K), 0.0023185 secs] [Times: user=0.00 sys=0.00, real=0.00 secs] 
2014-07-10T10:47:39.698+0200: 62.276: [GC (Allocation Failure) 62.276: [ParNew: 19615K->2150K(19648K), 0.0024109 secs] 33356K->17271K(63360K), 0.0026415 secs] [Times: user=0.00 sys=0.00, real=0.00 secs] 
2014-07-10T10:47:39.751+0200: 62.329: [GC (Allocation Failure) 62.329: [ParNew: 19618K->2148K(19648K), 0.0037931 secs] 34739K->19704K(63360K), 0.0040871 secs] [Times: user=0.00 sys=0.00, real=0.00 secs] 
2014-07-10T10:47:39.847+0200: 62.425: [GC (Allocation Failure) 62.425: [ParNew: 19591K->2150K(19648K), 0.0027266 secs] 37148K->21630K(63360K), 0.0029004 secs] [Times: user=0.00 sys=0.00, real=0.00 secs] 
2014-07-10T10:47:39.899+0200: 62.477: [GC (Allocation Failure) 62.477: [ParNew: 19617K->2150K(19648K), 0.0065740 secs] 39096K->24610K(63360K), 0.0069274 secs] [Times: user=0.00 sys=0.00, real=0.01 secs] 
2014-07-10T10:47:39.960+0200: 62.538: [GC (Allocation Failure) 62.538: [ParNew: 19618K->2148K(19648K), 0.0079704 secs] 42079K->28644K(63360K), 0.0083572 secs] [Times: user=0.00 sys=0.00, real=0.01 secs] 
2014-07-10T10:47:40.051+0200: 62.629: [GC (Allocation Failure) 62.629: [ParNew: 19614K->2150K(19648K), 0.0087752 secs] 46111K->33739K(63360K), 0.0091352 secs] [Times: user=0.00 sys=0.00, real=0.01 secs] 
2014-07-10T10:47:40.061+0200: 62.639: [GC (CMS Initial Mark) [1 CMS-initial-mark: 31589K(43712K)] 33805K(63360K), 0.0004542 secs] [Times: user=0.00 sys=0.00, real=0.00 secs] 
2014-07-10T10:47:40.061+0200: 62.639: [CMS-concurrent-mark-start]
2014-07-10T10:47:40.064+0200: 62.642: [CMS-concurrent-mark: 0.003/0.003 secs] [Times: user=0.03 sys=0.00, real=0.00 secs] 
2014-07-10T10:47:40.064+0200: 62.642: [CMS-concurrent-preclean-start]
2014-07-10T10:47:40.065+0200: 62.643: [CMS-concurrent-preclean: 0.000/0.000 secs] [Times: user=0.00 sys=0.00, real=0.00 secs] 
2014-07-10T10:47:40.065+0200: 62.643: [CMS-concurrent-abortable-preclean-start]
2014-07-10T10:47:40.101+0200: 62.679: [GC (Allocation Failure) 62.679: [ParNew: 19595K->2150K(19648K), 0.0082736 secs] 51185K->38319K(63360K), 0.0086476 secs] [Times: user=0.00 sys=0.01, real=0.01 secs] 
2014-07-10T10:47:40.157+0200: 62.735: [GC (Allocation Failure) 62.736: [ParNew: 19616K->2148K(19648K), 0.0100353 secs] 55786K->43955K(63360K), 0.0105075 secs] [Times: user=0.00 sys=0.00, real=0.01 secs] 
2014-07-10T10:47:40.168+0200: 62.746: [CMS-concurrent-abortable-preclean: 0.003/0.103 secs] [Times: user=0.02 sys=0.01, real=0.10 secs] 
2014-07-10T10:47:40.169+0200: 62.747: [GC (CMS Final Remark) [YG occupancy: 2566 K (19648 K)]62.747: [Rescan (parallel) , 0.0006673 secs]62.748: [weak refs processing, 0.0000854 secs]62.748: [class unloading, 0.0010284 secs]62.749: [scrub symbol table, 0.0012792 secs]62.750: [scrub string table, 0.0005331 secs][1 CMS-remark: 41807K(43712K)] 44373K(63360K), 0.0041330 secs] [Times: user=0.02 sys=0.00, real=0.00 secs] 
2014-07-10T10:47:40.174+0200: 62.751: [CMS-concurrent-sweep-start]
2014-07-10T10:47:40.175+0200: 62.753: [CMS-concurrent-sweep: 0.001/0.001 secs] [Times: user=0.00 sys=0.00, real=0.00 secs] 
2014-07-10T10:47:40.175+0200: 62.753: [CMS-concurrent-reset-start]
2014-07-10T10:47:40.175+0200: 62.753: [CMS-concurrent-reset: 0.000/0.000 secs] [Times: user=0.00 sys=0.00, real=0.00 secs] 
2014-07-10T10:47:40.252+0200: 62.830: [GC (Allocation Failure) 62.831: [ParNew: 19616K->646K(19648K), 0.0016773 secs] 35398K->16430K(63360K), 0.0020084 secs] [Times: user=0.00 sys=0.00, real=0.00 secs] 
2014-07-10T10:47:40.346+0200: 62.924: [GC (Allocation Failure) 62.924: [ParNew: 18086K->647K(19648K), 0.0006761 secs] 33870K->16431K(63360K), 0.0007868 secs] [Times: user=0.00 sys=0.00, real=0.00 secs] 
2014-07-10T10:47:40.396+0200: 62.974: [GC (Allocation Failure) 62.974: [ParNew: 18113K->1704K(19648K), 0.0013173 secs] 33897K->17488K(63360K), 0.0014687 secs] [Times: user=0.00 sys=0.00, real=0.00 secs] 
2014-07-10T10:47:40.450+0200: 63.028: [GC (Allocation Failure) 63.028: [ParNew: 19173K->2148K(19648K), 0.0019765 secs] 34957K->18548K(63360K), 0.0022859 secs] [Times: user=0.00 sys=0.00, real=0.00 secs] 
2014-07-10T10:47:40.548+0200: 63.126: [GC (Allocation Failure) 63.127: [ParNew: 19614K->2150K(19648K), 0.0045029 secs] 36015K->20217K(63360K), 0.0049150 secs] [Times: user=0.00 sys=0.00, real=0.00 secs] 
2014-07-10T10:47:40.597+0200: 63.175: [GC (Allocation Failure) 63.175: [ParNew: 19606K->2150K(19648K), 0.0016242 secs] 37673K->20731K(63360K), 0.0018071 secs] [Times: user=0.00 sys=0.00, real=0.00 secs] 
2014-07-10T10:47:40.657+0200: 63.235: [GC (Allocation Failure) 63.236: [ParNew: 19616K->2148K(19648K), 0.0062440 secs] 38198K->22303K(63360K), 0.0067408 secs] [Times: user=0.00 sys=0.00, real=0.01 secs] 
2014-07-10T10:47:40.747+0200: 63.325: [GC (Allocation Failure) 63.325: [ParNew: 19616K->2150K(19648K), 0.0036094 secs] 39771K->24932K(63360K), 0.0037975 secs] [Times: user=0.03 sys=0.00, real=0.00 secs] 
2014-07-10T10:47:40.800+0200: 63.378: [GC (Allocation Failure) 63.378: [ParNew: 19590K->2150K(19648K), 0.0063008 secs] 42372K->27559K(63360K), 0.0066638 secs] [Times: user=0.00 sys=0.00, real=0.01 secs] 
2014-07-10T10:47:40.855+0200: 63.433: [GC (Allocation Failure) 63.433: [ParNew: 19616K->2148K(19648K), 0.0044523 secs] 45026K->31242K(63360K), 0.0046954 secs] [Times: user=0.03 sys=0.00, real=0.00 secs] 
2014-07-10T10:47:40.953+0200: 63.531: [GC (Allocation Failure) 63.531: [ParNew: 19616K->2150K(19648K), 0.0080383 secs] 48710K->35984K(63360K), 0.0084056 secs] [Times: user=0.00 sys=0.00, real=0.01 secs] 
2014-07-10T10:47:40.962+0200: 63.540: [GC (CMS Initial Mark) [1 CMS-initial-mark: 33834K(43712K)] 36050K(63360K), 0.0004887 secs] [Times: user=0.00 sys=0.00, real=0.00 secs] 
2014-07-10T10:47:40.963+0200: 63.541: [CMS-concurrent-mark-start]
2014-07-10T10:47:40.965+0200: 63.543: [CMS-concurrent-mark: 0.003/0.003 secs] [Times: user=0.00 sys=0.00, real=0.00 secs] 
2014-07-10T10:47:40.966+0200: 63.544: [CMS-concurrent-preclean-start]
2014-07-10T10:47:40.966+0200: 63.544: [CMS-concurrent-preclean: 0.000/0.000 secs] [Times: user=0.00 sys=0.00, real=0.00 secs] 
2014-07-10T10:47:40.966+0200: 63.544: [CMS-concurrent-abortable-preclean-start]
2014-07-10T10:47:41.002+0200: 63.580: [GC (Allocation Failure) 63.580: [ParNew: 19616K->2150K(19648K), 0.0095862 secs] 53451K->41781K(63360K), 0.0099737 secs] [Times: user=0.00 sys=0.00, real=0.01 secs] 
2014-07-10T10:47:41.054+0200: 63.632: [GC (Allocation Failure) 63.632: [ParNew: 19616K->19616K(19648K), 0.0000711 secs]63.632: [CMS2014-07-10T10:47:41.055+0200: 63.633: [CMS-concurrent-abortable-preclean: 0.002/0.089 secs] [Times: user=0.05 sys=0.00, real=0.09 secs] 
 (concurrent mode failure): 39631K->753K(43712K), 0.0049920 secs] 59248K->753K(63360K), [Metaspace: 2457K->2457K(1056768K)], 0.0053190 secs] [Times: user=0.00 sys=0.00, real=0.01 secs] 
2014-07-10T10:47:41.152+0200: 63.730: [GC (Allocation Failure) 63.730: [ParNew: 17447K->294K(19648K), 0.0014562 secs] 18201K->1047K(63360K), 0.0017528 secs] [Times: user=0.00 sys=0.00, real=0.00 secs] 
2014-07-10T10:47:41.247+0200: 63.825: [GC (Allocation Failure) 63.825: [ParNew: 17760K->1351K(19648K), 0.0019625 secs] 18514K->2105K(63360K), 0.0022437 secs] [Times: user=0.03 sys=0.00, real=0.00 secs] 
2014-07-10T10:47:41.298+0200: 63.876: [GC (Allocation Failure) 63.876: [ParNew: 18820K->2150K(19648K), 0.0026496 secs] 19573K->3169K(63360K), 0.0029612 secs] [Times: user=0.00 sys=0.00, real=0.00 secs] 
2014-07-10T10:47:41.353+0200: 63.932: [GC (Allocation Failure) 63.932: [ParNew: 19593K->1892K(19648K), 0.0024432 secs] 20612K->2913K(63360K), 0.0027325 secs] [Times: user=0.00 sys=0.00, real=0.00 secs] 
2014-07-10T10:47:41.448+0200: 64.026: [GC (Allocation Failure) 64.026: [ParNew: 19360K->2150K(19648K), 0.0032864 secs] 20382K->3974K(63360K), 0.0036399 secs] [Times: user=0.03 sys=0.00, real=0.00 secs] 
2014-07-10T10:47:41.498+0200: 64.076: [GC (Allocation Failure) 64.077: [ParNew: 19616K->2150K(19648K), 0.0047573 secs] 21441K->5833K(63360K), 0.0051892 secs] [Times: user=0.00 sys=0.00, real=0.01 secs] 
2014-07-10T10:47:41.556+0200: 64.134: [GC (Allocation Failure) 64.134: [ParNew: 19618K->2148K(19648K), 0.0075554 secs] 23302K->8747K(63360K), 0.0079378 secs] [Times: user=0.03 sys=0.00, real=0.01 secs] 
2014-07-10T10:47:41.649+0200: 64.227: [GC (Allocation Failure) 64.227: [ParNew: 19598K->2150K(19648K), 0.0054558 secs] 26198K->11025K(63360K), 0.0058315 secs] [Times: user=0.03 sys=0.00, real=0.01 secs] 
2014-07-10T10:47:41.703+0200: 64.281: [GC (Allocation Failure) 64.281: [ParNew: 19617K->2150K(19648K), 0.0067246 secs] 28491K->14358K(63360K), 0.0071074 secs] [Times: user=0.00 sys=0.00, real=0.01 secs] 
2014-07-10T10:47:41.752+0200: 64.330: [GC (Allocation Failure) 64.330: [ParNew: 19618K->2148K(19648K), 0.0048483 secs] 31826K->18744K(63360K), 0.0050510 secs] [Times: user=0.00 sys=0.00, real=0.00 secs] 
2014-07-10T10:47:41.850+0200: 64.428: [GC (Allocation Failure) 64.428: [ParNew: 19588K->2150K(19648K), 0.0084837 secs] 36184K->23134K(63360K), 0.0088822 secs] [Times: user=0.03 sys=0.00, real=0.01 secs] 
2014-07-10T10:47:41.902+0200: 64.480: [GC (Allocation Failure) 64.481: [ParNew: 19616K->2150K(19648K), 0.0090938 secs] 40601K->28580K(63360K), 0.0097742 secs] [Times: user=0.03 sys=0.00, real=0.01 secs] 
2014-07-10T10:47:41.913+0200: 64.491: [GC (CMS Initial Mark) [1 CMS-initial-mark: 26430K(43712K)] 28646K(63360K), 0.0004506 secs] [Times: user=0.00 sys=0.00, real=0.00 secs] 
2014-07-10T10:47:41.914+0200: 64.492: [CMS-concurrent-mark-start]
2014-07-10T10:47:41.918+0200: 64.496: [CMS-concurrent-mark: 0.004/0.004 secs] [Times: user=0.00 sys=0.00, real=0.00 secs] 
2014-07-10T10:47:41.918+0200: 64.496: [CMS-concurrent-preclean-start]
2014-07-10T10:47:41.918+0200: 64.496: [CMS-concurrent-preclean: 0.000/0.000 secs] [Times: user=0.00 sys=0.00, real=0.00 secs] 
2014-07-10T10:47:41.919+0200: 64.497: [GC (CMS Final Remark) [YG occupancy: 2760 K (19648 K)]64.497: [Rescan (parallel) , 0.0009147 secs]64.498: [weak refs processing, 0.0001188 secs]64.499: [class unloading, 0.0010837 secs]64.500: [scrub symbol table, 0.0016535 secs]64.502: [scrub string table, 0.0004894 secs][1 CMS-remark: 26430K(43712K)] 29190K(63360K), 0.0049121 secs] [Times: user=0.00 sys=0.02, real=0.01 secs] 
2014-07-10T10:47:41.925+0200: 64.504: [CMS-concurrent-sweep-start]
2014-07-10T10:47:41.926+0200: 64.504: [CMS-concurrent-sweep: 0.000/0.000 secs] [Times: user=0.00 sys=0.00, real=0.00 secs] 
2014-07-10T10:47:41.926+0200: 64.504: [CMS-concurrent-reset-start]
2014-07-10T10:47:41.926+0200: 64.504: [CMS-concurrent-reset: 0.000/0.000 secs] [Times: user=0.00 sys=0.00, real=0.00 secs] 
2014-07-10T10:47:41.996+0200: 64.575: [GC (Allocation Failure) 64.575: [ParNew: 19618K->453K(19648K), 0.0013272 secs] 25536K->6373K(63360K), 0.0016502 secs] [Times: user=0.03 sys=0.00, real=0.00 secs] 
2014-07-10T10:47:42.053+0200: 64.631: [GC (Allocation Failure) 64.631: [ParNew: 17924K->484K(19648K), 0.0015497 secs] 23845K->6404K(63360K), 0.0018353 secs] [Times: user=0.00 sys=0.00, real=0.00 secs] 
2014-07-10T10:47:42.146+0200: 64.725: [GC (Allocation Failure) 64.725: [ParNew: 17930K->489K(19648K), 0.0012975 secs] 23850K->6410K(63360K), 0.0015901 secs] [Times: user=0.00 sys=0.00, real=0.00 secs] 
2014-07-10T10:47:42.197+0200: 64.775: [GC (Allocation Failure) 64.776: [ParNew: 17956K->1548K(19648K), 0.0022236 secs] 23876K->7468K(63360K), 0.0033158 secs] [Times: user=0.03 sys=0.00, real=0.00 secs] 
2014-07-10T10:47:42.250+0200: 64.828: [GC (Allocation Failure) 64.828: [ParNew: 19016K->2148K(19648K), 0.0020381 secs] 24937K->8527K(63360K), 0.0022973 secs] [Times: user=0.00 sys=0.00, real=0.00 secs] 
2014-07-10T10:47:42.347+0200: 64.925: [GC (Allocation Failure) 64.925: [ParNew: 19588K->2150K(19648K), 0.0017323 secs] 25967K->8980K(63360K), 0.0019101 secs] [Times: user=0.00 sys=0.00, real=0.00 secs] 
2014-07-10T10:47:42.397+0200: 64.975: [GC (Allocation Failure) 64.975: [ParNew: 19616K->2150K(19648K), 0.0022811 secs] 26446K->10487K(63360K), 0.0024887 secs] [Times: user=0.00 sys=0.00, real=0.00 secs] 
2014-07-10T10:47:42.459+0200: 65.037: [GC (Allocation Failure) 65.037: [ParNew: 19618K->2148K(19648K), 0.0060633 secs] 27956K->13049K(63360K), 0.0063826 secs] [Times: user=0.00 sys=0.00, real=0.01 secs] 
2014-07-10T10:47:42.549+0200: 65.127: [GC (Allocation Failure) 65.127: [ParNew: 19614K->2150K(19648K), 0.0074729 secs] 30515K->16670K(63360K), 0.0078476 secs] [Times: user=0.00 sys=0.00, real=0.01 secs] 
2014-07-10T10:47:42.599+0200: 65.177: [GC (Allocation Failure) 65.178: [ParNew: 19601K->2150K(19648K), 0.0067877 secs] 34122K->19650K(63360K), 0.0072614 secs] [Times: user=0.03 sys=0.00, real=0.01 secs] 
2014-07-10T10:47:42.658+0200: 65.236: [GC (Allocation Failure) 65.237: [ParNew: 19618K->2148K(19648K), 0.0076753 secs] 37119K->23686K(63360K), 0.0081244 secs] [Times: user=0.00 sys=0.00, real=0.01 secs] 
2014-07-10T10:47:42.751+0200: 65.329: [GC (Allocation Failure) 65.329: [ParNew: 19614K->2150K(19648K), 0.0089292 secs] 41152K->28780K(63360K), 0.0092855 secs] [Times: user=0.00 sys=0.00, real=0.01 secs] 
2014-07-10T10:47:42.799+0200: 65.377: [GC (Allocation Failure) 65.377: [ParNew: 19618K->100K(19648K), 0.0007175 secs] 46249K->26733K(63360K), 0.0009030 secs] [Times: user=0.00 sys=0.00, real=0.00 secs] 
2014-07-10T10:47:42.852+0200: 65.430: [GC (Allocation Failure) 65.430: [ParNew: 17544K->2151K(19648K), 0.0059635 secs] 44177K->34419K(63360K), 0.0061905 secs] [Times: user=0.03 sys=0.00, real=0.01 secs] 
2014-07-10T10:47:42.859+0200: 65.437: [GC (CMS Initial Mark) [1 CMS-initial-mark: 32267K(43712K)] 34485K(63360K), 0.0002467 secs] [Times: user=0.00 sys=0.00, real=0.00 secs] 
2014-07-10T10:47:42.859+0200: 65.437: [CMS-concurrent-mark-start]
2014-07-10T10:47:42.860+0200: 65.438: [CMS-concurrent-mark: 0.001/0.001 secs] [Times: user=0.00 sys=0.00, real=0.00 secs] 
2014-07-10T10:47:42.860+0200: 65.438: [CMS-concurrent-preclean-start]
2014-07-10T10:47:42.860+0200: 65.438: [CMS-concurrent-preclean: 0.000/0.000 secs] [Times: user=0.00 sys=0.00, real=0.00 secs] 
2014-07-10T10:47:42.860+0200: 65.438: [GC (CMS Final Remark) [YG occupancy: 2569 K (19648 K)]65.438: [Rescan (parallel) , 0.0001591 secs]65.438: [weak refs processing, 0.0000381 secs]65.438: [class unloading, 0.0004513 secs]65.439: [scrub symbol table, 0.0006306 secs]65.440: [scrub string table, 0.0001906 secs][1 CMS-remark: 32267K(43712K)] 34837K(63360K), 0.0016645 secs] [Times: user=0.00 sys=0.00, real=0.00 secs] 
2014-07-10T10:47:42.862+0200: 65.440: [CMS-concurrent-sweep-start]
2014-07-10T10:47:42.862+0200: 65.440: [CMS-concurrent-sweep: 0.000/0.000 secs] [Times: user=0.00 sys=0.00, real=0.00 secs] 
2014-07-10T10:47:42.862+0200: 65.440: [CMS-concurrent-reset-start]
2014-07-10T10:47:42.863+0200: 65.441: [CMS-concurrent-reset: 0.000/0.000 secs] [Times: user=0.00 sys=0.00, real=0.00 secs] 
2014-07-10T10:47:42.954+0200: 65.532: [GC (Allocation Failure) 65.533: [ParNew: 19620K->644K(19648K), 0.0017074 secs] 25728K->6758K(63360K), 0.0019948 secs] [Times: user=0.00 sys=0.00, real=0.00 secs] 
2014-07-10T10:47:43.046+0200: 65.625: [GC (Allocation Failure) 65.625: [ParNew: 18110K->1703K(19648K), 0.0011574 secs] 24224K->7817K(63360K), 0.0013213 secs] [Times: user=0.00 sys=0.00, real=0.00 secs] 
2014-07-10T10:47:43.097+0200: 65.675: [GC (Allocation Failure) 65.675: [ParNew: 19149K->1189K(19648K), 0.0017653 secs] 25263K->7308K(63360K), 0.0020227 secs] [Times: user=0.00 sys=0.00, real=0.00 secs] 
2014-07-10T10:47:43.153+0200: 65.731: [GC (Allocation Failure) 65.731: [ParNew: 18658K->2148K(19648K), 0.0032729 secs] 24777K->8366K(63360K), 0.0037172 secs] [Times: user=0.00 sys=0.00, real=0.00 secs] 
2014-07-10T10:47:43.248+0200: 65.826: [GC (Allocation Failure) 65.826: [ParNew: 19614K->2150K(19648K), 0.0035310 secs] 25833K->9523K(63360K), 0.0039159 secs] [Times: user=0.00 sys=0.00, real=0.00 secs] 
2014-07-10T10:47:43.299+0200: 65.877: [GC (Allocation Failure) 65.877: [ParNew: 19590K->2150K(19648K), 0.0038309 secs] 26963K->10678K(63360K), 0.0042378 secs] [Times: user=0.00 sys=0.00, real=0.00 secs] 
2014-07-10T10:47:43.356+0200: 65.934: [GC (Allocation Failure) 65.935: [ParNew: 19618K->2148K(19648K), 0.0058568 secs] 28146K->12887K(63360K), 0.0063221 secs] [Times: user=0.00 sys=0.00, real=0.01 secs] 
2014-07-10T10:47:43.448+0200: 66.026: [GC (Allocation Failure) 66.026: [ParNew: 19614K->2150K(19648K), 0.0039992 secs] 30354K->16157K(63360K), 0.0042437 secs] [Times: user=0.00 sys=0.00, real=0.00 secs] 
2014-07-10T10:47:43.500+0200: 66.078: [GC (Allocation Failure) 66.078: [ParNew: 19618K->2150K(19648K), 0.0080753 secs] 33626K->20481K(63360K), 0.0085273 secs] [Times: user=0.00 sys=0.00, real=0.01 secs] 
2014-07-10T10:47:43.553+0200: 66.131: [GC (Allocation Failure) 66.131: [ParNew: 19616K->2148K(19648K), 0.0055584 secs] 37948K->25860K(63360K), 0.0057549 secs] [Times: user=0.03 sys=0.00, real=0.01 secs] 
2014-07-10T10:47:43.650+0200: 66.228: [GC (Allocation Failure) 66.228: [ParNew: 19604K->2150K(19648K), 0.0081116 secs] 43317K->30090K(63360K), 0.0084720 secs] [Times: user=0.03 sys=0.00, real=0.01 secs] 
2014-07-10T10:47:43.700+0200: 66.278: [GC (Allocation Failure) 66.278: [ParNew: 19616K->2150K(19648K), 0.0055199 secs] 47557K->35377K(63360K), 0.0057370 secs] [Times: user=0.00 sys=0.00, real=0.01 secs] 
2014-07-10T10:47:43.706+0200: 66.284: [GC (CMS Initial Mark) [1 CMS-initial-mark: 33227K(43712K)] 35443K(63360K), 0.0002772 secs] [Times: user=0.00 sys=0.00, real=0.00 secs] 
2014-07-10T10:47:43.707+0200: 66.285: [CMS-concurrent-mark-start]
2014-07-10T10:47:43.708+0200: 66.286: [CMS-concurrent-mark: 0.001/0.001 secs] [Times: user=0.00 sys=0.00, real=0.00 secs] 
2014-07-10T10:47:43.708+0200: 66.286: [CMS-concurrent-preclean-start]
2014-07-10T10:47:43.708+0200: 66.286: [CMS-concurrent-preclean: 0.000/0.000 secs] [Times: user=0.00 sys=0.00, real=0.00 secs] 
2014-07-10T10:47:43.708+0200: 66.286: [GC (CMS Final Remark) [YG occupancy: 2920 K (19648 K)]66.286: [Rescan (parallel) , 0.0002020 secs]66.287: [weak refs processing, 0.0000755 secs]66.287: [class unloading, 0.0006838 secs]66.287: [scrub symbol table, 0.0007648 secs]66.288: [scrub string table, 0.0002412 secs][1 CMS-remark: 33227K(43712K)] 36148K(63360K), 0.0022360 secs] [Times: user=0.00 sys=0.00, real=0.00 secs] 
2014-07-10T10:47:43.711+0200: 66.289: [CMS-concurrent-sweep-start]
2014-07-10T10:47:43.711+0200: 66.289: [CMS-concurrent-sweep: 0.001/0.001 secs] [Times: user=0.00 sys=0.00, real=0.00 secs] 
2014-07-10T10:47:43.711+0200: 66.289: [CMS-concurrent-reset-start]
2014-07-10T10:47:43.711+0200: 66.289: [CMS-concurrent-reset: 0.000/0.000 secs] [Times: user=0.00 sys=0.00, real=0.00 secs] 
2014-07-10T10:47:43.796+0200: 66.374: [GC (Allocation Failure) 66.374: [ParNew: 19618K->293K(19648K), 0.0005558 secs] 25379K->6056K(63360K), 0.0006431 secs] [Times: user=0.00 sys=0.00, real=0.00 secs] 
2014-07-10T10:47:43.849+0200: 66.427: [GC (Allocation Failure) 66.427: [ParNew: 17733K->295K(19648K), 0.0009327 secs] 23496K->6058K(63360K), 0.0011061 secs] [Times: user=0.00 sys=0.00, real=0.00 secs] 
2014-07-10T10:47:43.948+0200: 66.527: [GC (Allocation Failure) 66.527: [ParNew: 17761K->1353K(19648K), 0.0019307 secs] 23524K->7116K(63360K), 0.0022489 secs] [Times: user=0.00 sys=0.00, real=0.00 secs] 
2014-07-10T10:47:43.997+0200: 66.576: [GC (Allocation Failure) 66.576: [ParNew: 18822K->2150K(19648K), 0.0027552 secs] 24585K->8177K(63360K), 0.0031123 secs] [Times: user=0.00 sys=0.00, real=0.00 secs] 
2014-07-10T10:47:44.050+0200: 66.629: [GC (Allocation Failure) 66.629: [ParNew: 19593K->1893K(19648K), 0.0017583 secs] 25620K->7923K(63360K), 0.0020388 secs] [Times: user=0.00 sys=0.00, real=0.00 secs] 
2014-07-10T10:47:44.148+0200: 66.727: [GC (Allocation Failure) 66.727: [ParNew: 19362K->2150K(19648K), 0.0031676 secs] 25391K->8983K(63360K), 0.0035159 secs] [Times: user=0.03 sys=0.00, real=0.00 secs] 
2014-07-10T10:47:44.200+0200: 66.778: [GC (Allocation Failure) 66.778: [ParNew: 19616K->2150K(19648K), 0.0049443 secs] 26449K->10842K(63360K), 0.0053084 secs] [Times: user=0.00 sys=0.00, real=0.00 secs] 
2014-07-10T10:47:44.252+0200: 66.830: [GC (Allocation Failure) 66.830: [ParNew: 19618K->2148K(19648K), 0.0041440 secs] 28310K->13755K(63360K), 0.0043698 secs] [Times: user=0.00 sys=0.00, real=0.00 secs] 
2014-07-10T10:47:44.349+0200: 66.927: [GC (Allocation Failure) 66.927: [ParNew: 19593K->2150K(19648K), 0.0057865 secs] 31201K->16161K(63360K), 0.0060746 secs] [Times: user=0.03 sys=0.00, real=0.01 secs] 
2014-07-10T10:47:44.399+0200: 66.977: [GC (Allocation Failure) 66.977: [ParNew: 19617K->2150K(19648K), 0.0038734 secs] 33627K->19621K(63360K), 0.0040244 secs] [Times: user=0.03 sys=0.00, real=0.00 secs] 
2014-07-10T10:47:44.458+0200: 67.036: [GC (Allocation Failure) 67.037: [ParNew: 19618K->2148K(19648K), 0.0087909 secs] 37090K->24136K(63360K), 0.0091986 secs] [Times: user=0.03 sys=0.00, real=0.01 secs] 
2014-07-10T10:47:44.551+0200: 67.129: [GC (Allocation Failure) 67.129: [ParNew: 19614K->2150K(19648K), 0.0107410 secs] 41602K->29711K(63360K), 0.0111040 secs] [Times: user=0.03 sys=0.00, real=0.01 secs] 
2014-07-10T10:47:44.598+0200: 67.176: [GC (Allocation Failure) 67.176: [ParNew: 19601K->2150K(19648K), 0.0051027 secs] 47162K->34643K(63360K), 0.0053395 secs] [Times: user=0.03 sys=0.00, real=0.00 secs] 
2014-07-10T10:47:44.604+0200: 67.182: [GC (CMS Initial Mark) [1 CMS-initial-mark: 32493K(43712K)] 34675K(63360K), 0.0001873 secs] [Times: user=0.00 sys=0.00, real=0.00 secs] 
2014-07-10T10:47:44.604+0200: 67.182: [CMS-concurrent-mark-start]
2014-07-10T10:47:44.605+0200: 67.183: [CMS-concurrent-mark: 0.001/0.001 secs] [Times: user=0.00 sys=0.00, real=0.00 secs] 
2014-07-10T10:47:44.605+0200: 67.183: [CMS-concurrent-preclean-start]
2014-07-10T10:47:44.605+0200: 67.183: [CMS-concurrent-preclean: 0.000/0.000 secs] [Times: user=0.00 sys=0.00, real=0.00 secs] 
2014-07-10T10:47:44.605+0200: 67.183: [GC (CMS Final Remark) [YG occupancy: 3272 K (19648 K)]67.183: [Rescan (parallel) , 0.0001243 secs]67.183: [weak refs processing, 0.0000323 secs]67.183: [class unloading, 0.0004539 secs]67.184: [scrub symbol table, 0.0005485 secs]67.184: [scrub string table, 0.0001899 secs][1 CMS-remark: 32493K(43712K)] 35766K(63360K), 0.0015241 secs] [Times: user=0.00 sys=0.00, real=0.00 secs] 
2014-07-10T10:47:44.607+0200: 67.185: [CMS-concurrent-sweep-start]
2014-07-10T10:47:44.607+0200: 67.185: [CMS-concurrent-sweep: 0.000/0.000 secs] [Times: user=0.00 sys=0.00, real=0.00 secs] 
2014-07-10T10:47:44.607+0200: 67.185: [CMS-concurrent-reset-start]
2014-07-10T10:47:44.607+0200: 67.185: [CMS-concurrent-reset: 0.000/0.000 secs] [Times: user=0.00 sys=0.00, real=0.00 secs] 
2014-07-10T10:47:44.652+0200: 67.230: [GC (Allocation Failure) 67.230: [ParNew: 19616K->2148K(19648K), 0.0060141 secs] 25025K->13547K(63360K), 0.0062070 secs] [Times: user=0.00 sys=0.00, real=0.01 secs] 
2014-07-10T10:47:44.752+0200: 67.331: [GC (Allocation Failure) 67.331: [ParNew: 19616K->998K(19648K), 0.0020454 secs] 31016K->12400K(63360K), 0.0023732 secs] [Times: user=0.00 sys=0.00, real=0.00 secs] 
2014-07-10T10:47:44.847+0200: 67.425: [GC (Allocation Failure) 67.425: [ParNew: 18438K->999K(19648K), 0.0016788 secs] 29840K->12401K(63360K), 0.0019647 secs] [Times: user=0.00 sys=0.00, real=0.00 secs] 
2014-07-10T10:47:44.897+0200: 67.475: [GC (Allocation Failure) 67.476: [ParNew: 18466K->2058K(19648K), 0.0023570 secs] 29868K->13460K(63360K), 0.0028619 secs] [Times: user=0.03 sys=0.00, real=0.00 secs] 
2014-07-10T10:47:44.958+0200: 67.536: [GC (Allocation Failure) 67.536: [ParNew: 19524K->2148K(19648K), 0.0040864 secs] 30926K->14518K(63360K), 0.0044629 secs] [Times: user=0.03 sys=0.00, real=0.00 secs] 
2014-07-10T10:47:45.048+0200: 67.626: [GC (Allocation Failure) 67.626: [ParNew: 19616K->2150K(19648K), 0.0051060 secs] 31987K->16539K(63360K), 0.0055657 secs] [Times: user=0.00 sys=0.00, real=0.01 secs] 
2014-07-10T10:47:45.097+0200: 67.675: [GC (Allocation Failure) 67.675: [ParNew: 19599K->2150K(19648K), 0.0021253 secs] 33989K->17534K(63360K), 0.0023299 secs] [Times: user=0.00 sys=0.00, real=0.00 secs] 
2014-07-10T10:47:45.152+0200: 67.730: [GC (Allocation Failure) 67.730: [ParNew: 19618K->2148K(19648K), 0.0033073 secs] 35002K->19585K(63360K), 0.0035731 secs] [Times: user=0.00 sys=0.00, real=0.00 secs] 
2014-07-10T10:47:45.248+0200: 67.826: [GC (Allocation Failure) 67.826: [ParNew: 19614K->2150K(19648K), 0.0040039 secs] 37051K->22694K(63360K), 0.0042272 secs] [Times: user=0.00 sys=0.00, real=0.00 secs] 
2014-07-10T10:47:45.299+0200: 67.878: [GC (Allocation Failure) 67.878: [ParNew: 19590K->2150K(19648K), 0.0071947 secs] 40134K->25802K(63360K), 0.0075763 secs] [Times: user=0.03 sys=0.00, real=0.01 secs] 
2014-07-10T10:47:45.359+0200: 67.937: [GC (Allocation Failure) 67.937: [ParNew: 19618K->2148K(19648K), 0.0081402 secs] 43271K->29965K(63360K), 0.0085702 secs] [Times: user=0.03 sys=0.00, real=0.01 secs] 
2014-07-10T10:47:45.448+0200: 68.026: [GC (Allocation Failure) 68.026: [ParNew: 19614K->2150K(19648K), 0.0055148 secs] 47431K->35187K(63360K), 0.0057311 secs] [Times: user=0.00 sys=0.00, real=0.01 secs] 
2014-07-10T10:47:45.454+0200: 68.032: [GC (CMS Initial Mark) [1 CMS-initial-mark: 33037K(43712K)] 35286K(63360K), 0.0001932 secs] [Times: user=0.00 sys=0.00, real=0.00 secs] 
2014-07-10T10:47:45.454+0200: 68.033: [CMS-concurrent-mark-start]
2014-07-10T10:47:45.455+0200: 68.034: [CMS-concurrent-mark: 0.001/0.001 secs] [Times: user=0.00 sys=0.00, real=0.00 secs] 
2014-07-10T10:47:45.455+0200: 68.034: [CMS-concurrent-preclean-start]
2014-07-10T10:47:45.456+0200: 68.034: [CMS-concurrent-preclean: 0.000/0.000 secs] [Times: user=0.00 sys=0.00, real=0.00 secs] 
2014-07-10T10:47:45.456+0200: 68.034: [CMS-concurrent-abortable-preclean-start]
2014-07-10T10:47:45.546+0200: 68.124: [GC (Allocation Failure) 68.125: [ParNew: 19618K->229K(19648K), 0.0016066 secs] 52656K->33269K(63360K), 0.0018614 secs] [Times: user=0.00 sys=0.00, real=0.00 secs] 
2014-07-10T10:47:45.562+0200: 68.140: [GC (Allocation Failure) 68.141: [ParNew: 17693K->631K(19648K), 0.0020846 secs] 50733K->33671K(63360K), 0.0024021 secs] [Times: user=0.00 sys=0.00, real=0.00 secs] 
2014-07-10T10:47:45.655+0200: 68.233: [GC (Allocation Failure) 68.233: [ParNew: 18084K->649K(19648K), 0.0017048 secs] 51124K->33689K(63360K), 0.0020659 secs] [Times: user=0.00 sys=0.00, real=0.00 secs] 
2014-07-10T10:47:45.747+0200: 68.325: [GC (Allocation Failure) 68.325: [ParNew: 18116K->1708K(19648K), 0.0023127 secs] 51156K->34748K(63360K), 0.0026958 secs] [Times: user=0.00 sys=0.00, real=0.00 secs] 
2014-07-10T10:47:45.798+0200: 68.376: [GC (Allocation Failure) 68.376: [ParNew: 19176K->2150K(19648K), 0.0031072 secs] 52217K->35809K(63360K), 0.0034184 secs] [Times: user=0.00 sys=0.00, real=0.00 secs] 
2014-07-10T10:47:45.849+0200: 68.428: [GC (Allocation Failure) 68.428: [ParNew: 19595K->2148K(19648K), 0.0020733 secs] 53255K->35906K(63360K), 0.0022621 secs] [Times: user=0.03 sys=0.00, real=0.00 secs] 
2014-07-10T10:47:45.948+0200: 68.528: [GC (Allocation Failure) 68.528: [ParNew2014-07-10T10:47:45.952+0200: 68.531: [CMS-concurrent-abortable-preclean: 0.004/0.497 secs]: 19615K->2150K(19648K) [Times: user=0.14 sys=0.00, real=0.50 secs] 
, 0.0036791 secs] 53372K->37063K(63360K), 0.0041847 secs] [Times: user=0.00 sys=0.00, real=0.01 secs] 
2014-07-10T10:47:45.953+0200: 68.533: [GC (CMS Final Remark) [YG occupancy: 2216 K (19648 K)]68.533: [Rescan (parallel) , 0.0005122 secs]68.533: [weak refs processing, 0.0000847 secs]68.533: [class unloading, 0.0011725 secs]68.535: [scrub symbol table, 0.0013331 secs]68.536: [scrub string table, 0.0004605 secs][1 CMS-remark: 34913K(43712K)] 37129K(63360K), 0.0041370 secs] [Times: user=0.00 sys=0.00, real=0.00 secs] 
2014-07-10T10:47:45.958+0200: 68.537: [CMS-concurrent-sweep-start]
2014-07-10T10:47:45.959+0200: 68.538: [CMS-concurrent-sweep: 0.001/0.001 secs] [Times: user=0.00 sys=0.00, real=0.00 secs] 
2014-07-10T10:47:45.959+0200: 68.538: [CMS-concurrent-reset-start]
2014-07-10T10:47:45.959+0200: 68.539: [CMS-concurrent-reset: 0.000/0.000 secs] [Times: user=0.03 sys=0.00, real=0.00 secs] 
2014-07-10T10:47:45.997+0200: 68.576: [GC (Allocation Failure) 68.577: [ParNew: 19618K->2150K(19648K), 0.0033653 secs] 27193K->11936K(63360K), 0.0035904 secs] [Times: user=0.00 sys=0.00, real=0.00 secs] 
2014-07-10T10:47:46.056+0200: 68.635: [GC (Allocation Failure) 68.635: [ParNew: 19616K->2148K(19648K), 0.0076111 secs] 29403K->15202K(63360K), 0.0079987 secs] [Times: user=0.00 sys=0.00, real=0.01 secs] 
2014-07-10T10:47:46.149+0200: 68.728: [GC (Allocation Failure) 68.728: [ParNew: 19593K->2150K(19648K), 0.0061406 secs] 32648K->17959K(63360K), 0.0065014 secs] [Times: user=0.00 sys=0.00, real=0.01 secs] 
2014-07-10T10:47:46.201+0200: 68.780: [GC (Allocation Failure) 68.782: [ParNew: 19616K->2150K(19648K), 0.0075221 secs] 35426K->21773K(63360K), 0.0098560 secs] [Times: user=0.03 sys=0.00, real=0.01 secs] 
2014-07-10T10:47:46.252+0200: 68.831: [GC (Allocation Failure) 68.831: [ParNew: 19618K->2148K(19648K), 0.0054180 secs] 39241K->26639K(63360K), 0.0056402 secs] [Times: user=0.03 sys=0.00, real=0.01 secs] 
2014-07-10T10:47:46.258+0200: 68.837: [GC (CMS Initial Mark) [1 CMS-initial-mark: 24491K(43712K)] 26705K(63360K), 0.0001782 secs] [Times: user=0.00 sys=0.00, real=0.00 secs] 
2014-07-10T10:47:46.258+0200: 68.837: [CMS-concurrent-mark-start]
2014-07-10T10:47:46.259+0200: 68.838: [CMS-concurrent-mark: 0.001/0.001 secs] [Times: user=0.00 sys=0.00, real=0.00 secs] 
2014-07-10T10:47:46.259+0200: 68.838: [CMS-concurrent-preclean-start]
2014-07-10T10:47:46.259+0200: 68.838: [CMS-concurrent-preclean: 0.000/0.000 secs] [Times: user=0.00 sys=0.00, real=0.00 secs] 
2014-07-10T10:47:46.259+0200: 68.838: [GC (CMS Final Remark) [YG occupancy: 3334 K (19648 K)]68.838: [Rescan (parallel) , 0.0001217 secs]68.839: [weak refs processing, 0.0000334 secs]68.839: [class unloading, 0.0004451 secs]68.839: [scrub symbol table, 0.0007248 secs]68.840: [scrub string table, 0.0001639 secs][1 CMS-remark: 24491K(43712K)] 27826K(63360K), 0.0016538 secs] [Times: user=0.00 sys=0.00, real=0.00 secs] 
2014-07-10T10:47:46.261+0200: 68.840: [CMS-concurrent-sweep-start]
2014-07-10T10:47:46.261+0200: 68.841: [CMS-concurrent-sweep: 0.000/0.000 secs] [Times: user=0.00 sys=0.00, real=0.00 secs] 
2014-07-10T10:47:46.261+0200: 68.841: [CMS-concurrent-reset-start]
2014-07-10T10:47:46.261+0200: 68.841: [CMS-concurrent-reset: 0.000/0.000 secs] [Times: user=0.00 sys=0.00, real=0.00 secs] 
2014-07-10T10:47:46.349+0200: 68.928: [GC (Allocation Failure) 68.928: [ParNew: 19588K->2150K(19648K), 0.0055492 secs] 24936K->12367K(63360K), 0.0057967 secs] [Times: user=0.03 sys=0.00, real=0.01 secs] 
2014-07-10T10:47:46.399+0200: 68.978: [GC (Allocation Failure) 68.978: [ParNew: 19616K->2150K(19648K), 0.0058125 secs] 29833K->18292K(63360K), 0.0059907 secs] [Times: user=0.00 sys=0.00, real=0.01 secs] 
2014-07-10T10:47:46.497+0200: 69.076: [GC (Allocation Failure) 69.076: [ParNew: 19618K->933K(19648K), 0.0018287 secs] 35761K->17078K(63360K), 0.0021011 secs] [Times: user=0.00 sys=0.00, real=0.00 secs] 
2014-07-10T10:47:46.553+0200: 69.132: [GC (Allocation Failure) 69.133: [ParNew: 18399K->1992K(19648K), 0.0028864 secs] 34544K->18136K(63360K), 0.0032226 secs] [Times: user=0.00 sys=0.00, real=0.00 secs] 
2014-07-10T10:47:46.646+0200: 69.226: [GC (Allocation Failure) 69.226: [ParNew: 19449K->838K(19648K), 0.0018988 secs] 35594K->16988K(63360K), 0.0022012 secs] [Times: user=0.00 sys=0.00, real=0.00 secs] 
2014-07-10T10:47:46.697+0200: 69.277: [GC (Allocation Failure) 69.277: [ParNew: 18304K->1895K(19648K), 0.0025517 secs] 34455K->18046K(63360K), 0.0028630 secs] [Times: user=0.00 sys=0.00, real=0.00 secs] 
2014-07-10T10:47:46.759+0200: 69.339: [GC (Allocation Failure) 69.339: [ParNew: 19364K->2148K(19648K), 0.0021499 secs] 35514K->19105K(63360K), 0.0024755 secs] [Times: user=0.00 sys=0.00, real=0.00 secs] 
2014-07-10T10:47:46.847+0200: 69.426: [GC (Allocation Failure) 69.426: [ParNew: 19588K->2150K(19648K), 0.0016531 secs] 36545K->19909K(63360K), 0.0018045 secs] [Times: user=0.00 sys=0.00, real=0.00 secs] 
2014-07-10T10:47:46.897+0200: 69.477: [GC (Allocation Failure) 69.477: [ParNew: 19616K->2150K(19648K), 0.0028051 secs] 37376K->21769K(63360K), 0.0029829 secs] [Times: user=0.00 sys=0.00, real=0.00 secs] 
2014-07-10T10:47:46.956+0200: 69.536: [GC (Allocation Failure) 69.536: [ParNew: 19618K->2148K(19648K), 0.0074154 secs] 39237K->24682K(63360K), 0.0078579 secs] [Times: user=0.03 sys=0.00, real=0.01 secs] 
2014-07-10T10:47:47.049+0200: 69.629: [GC (Allocation Failure) 69.629: [ParNew: 19614K->2150K(19648K), 0.0077765 secs] 42149K->28656K(63360K), 0.0082733 secs] [Times: user=0.03 sys=0.00, real=0.01 secs] 
2014-07-10T10:47:47.099+0200: 69.679: [GC (Allocation Failure) 69.679: [ParNew: 19593K->2150K(19648K), 0.0073200 secs] 46100K->32116K(63360K), 0.0076863 secs] [Times: user=0.00 sys=0.00, real=0.01 secs] 
2014-07-10T10:47:47.107+0200: 69.687: [GC (CMS Initial Mark) [1 CMS-initial-mark: 29966K(43712K)] 32182K(63360K), 0.0004422 secs] [Times: user=0.00 sys=0.00, real=0.00 secs] 
2014-07-10T10:47:47.108+0200: 69.687: [CMS-concurrent-mark-start]
2014-07-10T10:47:47.111+0200: 69.690: [CMS-concurrent-mark: 0.003/0.003 secs] [Times: user=0.00 sys=0.00, real=0.00 secs] 
2014-07-10T10:47:47.111+0200: 69.690: [CMS-concurrent-preclean-start]
2014-07-10T10:47:47.111+0200: 69.691: [CMS-concurrent-preclean: 0.000/0.000 secs] [Times: user=0.00 sys=0.00, real=0.00 secs] 
2014-07-10T10:47:47.111+0200: 69.691: [CMS-concurrent-abortable-preclean-start]
2014-07-10T10:47:47.157+0200: 69.736: [GC (Allocation Failure) 69.736: [ParNew: 19618K->2148K(19648K), 0.0090065 secs] 49585K->36632K(63360K), 0.0094278 secs] [Times: user=0.03 sys=0.00, real=0.01 secs] 
2014-07-10T10:47:47.249+0200: 69.828: [GC (Allocation Failure) 69.828: [ParNew: 19614K->2150K(19648K), 0.0062132 secs] 54098K->42207K(63360K), 0.0064874 secs] [Times: user=0.03 sys=0.00, real=0.01 secs] 
2014-07-10T10:47:47.257+0200: 69.836: [CMS-concurrent-abortable-preclean: 0.003/0.146 secs] [Times: user=0.06 sys=0.00, real=0.15 secs] 
2014-07-10T10:47:47.259+0200: 69.838: [GC (CMS Final Remark) [YG occupancy: 8785 K (19648 K)]69.838: [Rescan (parallel) , 0.0003311 secs]69.838: [weak refs processing, 0.0000495 secs]69.839: [class unloading, 0.0007355 secs]69.839: [scrub symbol table, 0.0007677 secs]69.840: [scrub string table, 0.0002460 secs][1 CMS-remark: 40057K(43712K)] 48842K(63360K), 0.0024483 secs] [Times: user=0.00 sys=0.00, real=0.00 secs] 
2014-07-10T10:47:47.261+0200: 69.841: [CMS-concurrent-sweep-start]
2014-07-10T10:47:47.262+0200: 69.841: [CMS-concurrent-sweep: 0.001/0.001 secs] [Times: user=0.00 sys=0.00, real=0.00 secs] 
2014-07-10T10:47:47.262+0200: 69.841: [CMS-concurrent-reset-start]
2014-07-10T10:47:47.262+0200: 69.842: [CMS-concurrent-reset: 0.000/0.000 secs] [Times: user=0.00 sys=0.00, real=0.00 secs] 
2014-07-10T10:47:47.301+0200: 69.881: [GC (Allocation Failure) 69.881: [ParNew: 19621K->581K(19648K), 0.0009778 secs] 33651K->14613K(63360K), 0.0012007 secs] [Times: user=0.00 sys=0.00, real=0.00 secs] 
2014-07-10T10:47:47.396+0200: 69.975: [GC (Allocation Failure) 69.975: [ParNew: 18024K->71K(19648K), 0.0005543 secs] 32056K->14103K(63360K), 0.0006599 secs] [Times: user=0.00 sys=0.00, real=0.00 secs] 
2014-07-10T10:47:47.454+0200: 70.033: [GC (Allocation Failure) 70.033: [ParNew: 17538K->1130K(19648K), 0.0020817 secs] 31570K->15162K(63360K), 0.0023893 secs] [Times: user=0.00 sys=0.00, real=0.00 secs] 
2014-07-10T10:47:47.547+0200: 70.127: [GC (Allocation Failure) 70.127: [ParNew: 18598K->2150K(19648K), 0.0025019 secs] 32630K->16223K(63360K), 0.0028432 secs] [Times: user=0.00 sys=0.00, real=0.00 secs] 
2014-07-10T10:47:47.597+0200: 70.176: [GC (Allocation Failure) 70.176: [ParNew: 19601K->1542K(19648K), 0.0024183 secs] 33674K->15617K(63360K), 0.0027138 secs] [Times: user=0.02 sys=0.00, real=0.00 secs] 
2014-07-10T10:47:47.653+0200: 70.232: [GC (Allocation Failure) 70.233: [ParNew: 19011K->2148K(19648K), 0.0035126 secs] 33086K->16675K(63360K), 0.0038683 secs] [Times: user=0.00 sys=0.00, real=0.00 secs] 
2014-07-10T10:47:47.748+0200: 70.328: [GC (Allocation Failure) 70.328: [ParNew: 19615K->2150K(19648K), 0.0041660 secs] 34142K->18184K(63360K), 0.0045612 secs] [Times: user=0.00 sys=0.00, real=0.01 secs] 
2014-07-10T10:47:47.798+0200: 70.378: [GC (Allocation Failure) 70.378: [ParNew: 19590K->2150K(19648K), 0.0049799 secs] 35624K->19691K(63360K), 0.0054059 secs] [Times: user=0.03 sys=0.00, real=0.01 secs] 
2014-07-10T10:47:47.861+0200: 70.440: [GC (Allocation Failure) 70.440: [ParNew: 19618K->2148K(19648K), 0.0037136 secs] 37160K->22253K(63360K), 0.0039255 secs] [Times: user=0.03 sys=0.00, real=0.00 secs] 
2014-07-10T10:47:47.950+0200: 70.530: [GC (Allocation Failure) 70.530: [ParNew: 19614K->2150K(19648K), 0.0077919 secs] 39720K->25875K(63360K), 0.0086593 secs] [Times: user=0.03 sys=0.00, real=0.01 secs] 
2014-07-10T10:47:47.998+0200: 70.577: [GC (Allocation Failure) 70.578: [ParNew: 19618K->2150K(19648K), 0.0050492 secs] 43344K->30552K(63360K), 0.0052735 secs] [Times: user=0.03 sys=0.00, real=0.01 secs] 
2014-07-10T10:47:48.004+0200: 70.584: [GC (CMS Initial Mark) [1 CMS-initial-mark: 28402K(43712K)] 30618K(63360K), 0.0002376 secs] [Times: user=0.00 sys=0.00, real=0.00 secs] 
2014-07-10T10:47:48.005+0200: 70.584: [CMS-concurrent-mark-start]
2014-07-10T10:47:48.006+0200: 70.585: [CMS-concurrent-mark: 0.001/0.001 secs] [Times: user=0.00 sys=0.00, real=0.00 secs] 
2014-07-10T10:47:48.006+0200: 70.585: [CMS-concurrent-preclean-start]
2014-07-10T10:47:48.006+0200: 70.585: [CMS-concurrent-preclean: 0.000/0.000 secs] [Times: user=0.00 sys=0.00, real=0.00 secs] 
2014-07-10T10:47:48.006+0200: 70.586: [GC (CMS Final Remark) [YG occupancy: 3528 K (19648 K)]70.586: [Rescan (parallel) , 0.0001822 secs]70.586: [weak refs processing, 0.0000396 secs]70.586: [class unloading, 0.0004832 secs]70.587: [scrub symbol table, 0.0008370 secs]70.587: [scrub string table, 0.0002280 secs][1 CMS-remark: 28402K(43712K)] 31930K(63360K), 0.0020109 secs] [Times: user=0.00 sys=0.00, real=0.00 secs] 
2014-07-10T10:47:48.009+0200: 70.588: [CMS-concurrent-sweep-start]
2014-07-10T10:47:48.009+0200: 70.588: [CMS-concurrent-sweep: 0.000/0.000 secs] [Times: user=0.00 sys=0.00, real=0.00 secs] 
2014-07-10T10:47:48.009+0200: 70.589: [CMS-concurrent-reset-start]
2014-07-10T10:47:48.009+0200: 70.589: [CMS-concurrent-reset: 0.000/0.000 secs] [Times: user=0.00 sys=0.00, real=0.00 secs] 
2014-07-10T10:47:48.058+0200: 70.637: [GC (Allocation Failure) 70.637: [ParNew: 19616K->2148K(19648K), 0.0103553 secs] 24776K->13040K(63360K), 0.0107744 secs] [Times: user=0.03 sys=0.00, real=0.01 secs] 
2014-07-10T10:47:48.151+0200: 70.731: [GC (Allocation Failure) 70.731: [ParNew: 19599K->2150K(19648K), 0.0081076 secs] 30492K->17751K(63360K), 0.0085090 secs] [Times: user=0.03 sys=0.00, real=0.01 secs] 
2014-07-10T10:47:48.205+0200: 70.784: [GC (Allocation Failure) 70.784: [ParNew: 19617K->2150K(19648K), 0.0102608 secs] 35218K->23517K(63360K), 0.0107227 secs] [Times: user=0.03 sys=0.00, real=0.01 secs] 
2014-07-10T10:47:48.297+0200: 70.877: [GC (Allocation Failure) 70.877: [ParNew: 19618K->773K(19648K), 0.0016165 secs] 40986K->22143K(63360K), 0.0019035 secs] [Times: user=0.00 sys=0.00, real=0.00 secs] 
2014-07-10T10:47:48.350+0200: 70.929: [GC (Allocation Failure) 70.929: [ParNew: 18213K->775K(19648K), 0.0010665 secs] 39583K->22145K(63360K), 0.0012205 secs] [Times: user=0.00 sys=0.00, real=0.00 secs] 
2014-07-10T10:47:48.448+0200: 71.027: [GC (Allocation Failure) 71.028: [ParNew: 18241K->1833K(19648K), 0.0022555 secs] 39611K->23203K(63360K), 0.0025862 secs] [Times: user=0.00 sys=0.00, real=0.00 secs] 
2014-07-10T10:47:48.498+0200: 71.077: [GC (Allocation Failure) 71.077: [ParNew: 19302K->2150K(19648K), 0.0031977 secs] 40672K->24264K(63360K), 0.0035610 secs] [Times: user=0.00 sys=0.00, real=0.00 secs] 
2014-07-10T10:47:48.555+0200: 71.134: [GC (Allocation Failure) 71.135: [ParNew: 19616K->2148K(19648K), 0.0051874 secs] 41730K->26057K(63360K), 0.0055577 secs] [Times: user=0.00 sys=0.00, real=0.01 secs] 
2014-07-10T10:47:48.648+0200: 71.228: [GC (Allocation Failure) 71.228: [ParNew: 19601K->2150K(19648K), 0.0036685 secs] 43510K->27214K(63360K), 0.0040428 secs] [Times: user=0.00 sys=0.00, real=0.01 secs] 
2014-07-10T10:47:48.697+0200: 71.277: [GC (Allocation Failure) 71.277: [ParNew: 19619K->2150K(19648K), 0.0038829 secs] 44683K->29426K(63360K), 0.0041520 secs] [Times: user=0.00 sys=0.00, real=0.00 secs] 
2014-07-10T10:47:48.756+0200: 71.336: [GC (Allocation Failure) 71.336: [ParNew: 19616K->2148K(19648K), 0.0072145 secs] 46893K->32692K(63360K), 0.0076152 secs] [Times: user=0.00 sys=0.00, real=0.01 secs] 
2014-07-10T10:47:48.849+0200: 71.429: [GC (Allocation Failure) 71.429: [ParNew: 19593K->2150K(19648K), 0.0058150 secs] 50138K->35450K(63360K), 0.0061428 secs] [Times: user=0.00 sys=0.00, real=0.01 secs] 
2014-07-10T10:47:48.898+0200: 71.477: [GC (Allocation Failure) 71.477: [ParNew: 19616K->2150K(19648K), 0.0045902 secs] 52916K->39263K(63360K), 0.0047859 secs] [Times: user=0.00 sys=0.00, real=0.00 secs] 
2014-07-10T10:47:48.903+0200: 71.482: [GC (CMS Initial Mark) [1 CMS-initial-mark: 37113K(43712K)] 39329K(63360K), 0.0002123 secs] [Times: user=0.00 sys=0.00, real=0.00 secs] 
2014-07-10T10:47:48.903+0200: 71.482: [CMS-concurrent-mark-start]
2014-07-10T10:47:48.904+0200: 71.483: [CMS-concurrent-mark: 0.001/0.001 secs] [Times: user=0.00 sys=0.00, real=0.00 secs] 
2014-07-10T10:47:48.904+0200: 71.483: [CMS-concurrent-preclean-start]
2014-07-10T10:47:48.904+0200: 71.483: [CMS-concurrent-preclean: 0.000/0.000 secs] [Times: user=0.00 sys=0.00, real=0.00 secs] 
2014-07-10T10:47:48.904+0200: 71.483: [CMS-concurrent-abortable-preclean-start]
2014-07-10T10:47:48.959+0200: 71.538: [GC (Allocation Failure) 71.538: [ParNew: 19618K->2148K(19648K), 0.0090714 secs] 56731K->44129K(63360K), 0.0094688 secs] [Times: user=0.00 sys=0.00, real=0.01 secs] 
2014-07-10T10:47:48.969+0200: 71.548: [CMS-concurrent-abortable-preclean: 0.000/0.065 secs] [Times: user=0.01 sys=0.00, real=0.07 secs] 
2014-07-10T10:47:48.969+0200: 71.548: [GC (CMS Final Remark) [YG occupancy: 2406 K (19648 K)]71.548: [Rescan (parallel) , 0.0006475 secs]71.549: [weak refs processing, 0.0000858 secs]71.549: [class unloading, 0.0010225 secs]71.550: [scrub symbol table, 0.0012762 secs]71.552: [scrub string table, 0.0004759 secs][1 CMS-remark: 41981K(43712K)] 44387K(63360K), 0.0040310 secs] [Times: user=0.03 sys=0.00, real=0.00 secs] 
2014-07-10T10:47:48.973+0200: 71.553: [CMS-concurrent-sweep-start]
2014-07-10T10:47:48.974+0200: 71.554: [CMS-concurrent-sweep: 0.001/0.001 secs] [Times: user=0.00 sys=0.00, real=0.00 secs] 
2014-07-10T10:47:48.974+0200: 71.554: [CMS-concurrent-reset-start]
2014-07-10T10:47:48.975+0200: 71.554: [CMS-concurrent-reset: 0.000/0.000 secs] [Times: user=0.00 sys=0.00, real=0.00 secs] 
2014-07-10T10:47:49.049+0200: 71.629: [GC (Allocation Failure) 71.629: [ParNew: 19614K->2150K(19648K), 0.0060273 secs] 28780K->17240K(63360K), 0.0062741 secs] [Times: user=0.00 sys=0.00, real=0.01 secs] 
2014-07-10T10:47:49.100+0200: 71.680: [GC (Allocation Failure) 71.680: [ParNew: 19595K->2150K(19648K), 0.0096001 secs] 34686K->22653K(63360K), 0.0100070 secs] [Times: user=0.00 sys=0.02, real=0.01 secs] 
2014-07-10T10:47:49.199+0200: 71.778: [GC (Allocation Failure) 71.779: [ParNew: 19618K->421K(19648K), 0.0013118 secs] 40121K->20927K(63360K), 0.0015838 secs] [Times: user=0.00 sys=0.00, real=0.00 secs] 
2014-07-10T10:47:49.253+0200: 71.832: [GC (Allocation Failure) 71.833: [ParNew: 17887K->1479K(19648K), 0.0023310 secs] 38394K->21986K(63360K), 0.0026756 secs] [Times: user=0.00 sys=0.00, real=0.00 secs] 
2014-07-10T10:47:49.346+0200: 71.926: [GC (Allocation Failure) 71.926: [ParNew: 18919K->1477K(19648K), 0.0011615 secs] 39426K->21989K(63360K), 0.0013407 secs] [Times: user=0.00 sys=0.00, real=0.00 secs] 
2014-07-10T10:47:49.398+0200: 71.977: [GC (Allocation Failure) 71.978: [ParNew: 18946K->2150K(19648K), 0.0020513 secs] 39458K->23048K(63360K), 0.0024190 secs] [Times: user=0.00 sys=0.00, real=0.00 secs] 
2014-07-10T10:47:49.450+0200: 72.030: [GC (Allocation Failure) 72.030: [ParNew: 19616K->2148K(19648K), 0.0025829 secs] 40515K->24489K(63360K), 0.0027669 secs] [Times: user=0.00 sys=0.00, real=0.00 secs] 
2014-07-10T10:47:49.549+0200: 72.128: [GC (Allocation Failure) 72.128: [ParNew: 19616K->2150K(19648K), 0.0060273 secs] 41958K->26991K(63360K), 0.0064145 secs] [Times: user=0.00 sys=0.00, real=0.01 secs] 
2014-07-10T10:47:49.597+0200: 72.176: [GC (Allocation Failure) 72.176: [ParNew: 19607K->2150K(19648K), 0.0024828 secs] 44448K->28337K(63360K), 0.0026903 secs] [Times: user=0.00 sys=0.00, real=0.00 secs] 
2014-07-10T10:47:49.657+0200: 72.237: [GC (Allocation Failure) 72.237: [ParNew: 19618K->2148K(19648K), 0.0139413 secs] 45806K->30741K(63360K), 0.0142500 secs] [Times: user=0.00 sys=0.00, real=0.01 secs] 
2014-07-10T10:47:49.749+0200: 72.328: [GC (Allocation Failure) 72.328: [ParNew: 19614K->2150K(19648K), 0.0037949 secs] 48207K->34203K(63360K), 0.0040193 secs] [Times: user=0.03 sys=0.00, real=0.00 secs] 
2014-07-10T10:47:49.801+0200: 72.380: [GC (Allocation Failure) 72.380: [ParNew: 19590K->2150K(19648K), 0.0069820 secs] 51643K->37663K(63360K), 0.0073428 secs] [Times: user=0.00 sys=0.00, real=0.01 secs] 
2014-07-10T10:47:49.809+0200: 72.388: [GC (CMS Initial Mark) [1 CMS-initial-mark: 35513K(43712K)] 37729K(63360K), 0.0004469 secs] [Times: user=0.00 sys=0.00, real=0.00 secs] 
2014-07-10T10:47:49.809+0200: 72.389: [CMS-concurrent-mark-start]
2014-07-10T10:47:49.812+0200: 72.391: [CMS-concurrent-mark: 0.002/0.002 secs] [Times: user=0.00 sys=0.00, real=0.00 secs] 
2014-07-10T10:47:49.812+0200: 72.391: [CMS-concurrent-preclean-start]
2014-07-10T10:47:49.812+0200: 72.392: [CMS-concurrent-preclean: 0.000/0.000 secs] [Times: user=0.00 sys=0.00, real=0.00 secs] 
2014-07-10T10:47:49.812+0200: 72.392: [CMS-concurrent-abortable-preclean-start]
2014-07-10T10:47:49.857+0200: 72.436: [GC (Allocation Failure) 72.437: [ParNew: 19618K->2148K(19648K), 0.0087741 secs] 55131K->42178K(63360K), 0.0091770 secs] [Times: user=0.03 sys=0.00, real=0.01 secs] 
2014-07-10T10:47:49.868+0200: 72.448: [CMS-concurrent-abortable-preclean: 0.002/0.056 secs] [Times: user=0.05 sys=0.00, real=0.06 secs] 
2014-07-10T10:47:49.869+0200: 72.448: [GC (CMS Final Remark) [YG occupancy: 3686 K (19648 K)]72.448: [Rescan (parallel) , 0.0003974 secs]72.449: [weak refs processing, 0.0000832 secs]72.449: [class unloading, 0.0010485 secs]72.450: [scrub symbol table, 0.0012671 secs]72.451: [scrub string table, 0.0004759 secs][1 CMS-remark: 40029K(43712K)] 43716K(63360K), 0.0037810 secs] [Times: user=0.00 sys=0.00, real=0.00 secs] 
2014-07-10T10:47:49.873+0200: 72.452: [CMS-concurrent-sweep-start]
2014-07-10T10:47:49.874+0200: 72.453: [CMS-concurrent-sweep: 0.001/0.001 secs] [Times: user=0.00 sys=0.00, real=0.00 secs] 
2014-07-10T10:47:49.874+0200: 72.453: [CMS-concurrent-reset-start]
2014-07-10T10:47:49.874+0200: 72.454: [CMS-concurrent-reset: 0.000/0.000 secs] [Times: user=0.00 sys=0.00, real=0.00 secs] 
2014-07-10T10:47:49.948+0200: 72.528: [GC (Allocation Failure) 72.528: [ParNew: 19614K->2150K(19648K), 0.0058407 secs] 28076K->16185K(63360K), 0.0061307 secs] [Times: user=0.03 sys=0.00, real=0.01 secs] 
2014-07-10T10:47:50.046+0200: 72.626: [GC (Allocation Failure) 72.626: [ParNew: 19618K->581K(19648K), 0.0014152 secs] 33653K->14618K(63360K), 0.0016766 secs] [Times: user=0.00 sys=0.02, real=0.00 secs] 
2014-07-10T10:47:50.096+0200: 72.676: [GC (Allocation Failure) 72.676: [ParNew: 18027K->71K(19648K), 0.0011406 secs] 32064K->14108K(63360K), 0.0013803 secs] [Times: user=0.00 sys=0.00, real=0.00 secs] 
2014-07-10T10:47:50.152+0200: 72.731: [GC (Allocation Failure) 72.731: [ParNew: 17537K->1129K(19648K), 0.0021319 secs] 31574K->15166K(63360K), 0.0024293 secs] [Times: user=0.00 sys=0.00, real=0.00 secs] 
2014-07-10T10:47:50.246+0200: 72.826: [GC (Allocation Failure) 72.826: [ParNew: 18598K->2150K(19648K), 0.0011743 secs] 32635K->16227K(63360K), 0.0013342 secs] [Times: user=0.00 sys=0.00, real=0.00 secs] 
2014-07-10T10:47:50.298+0200: 72.877: [GC (Allocation Failure) 72.877: [ParNew: 19616K->2150K(19648K), 0.0035541 secs] 33694K->17318K(63360K), 0.0040061 secs] [Times: user=0.00 sys=0.00, real=0.00 secs] 
2014-07-10T10:47:50.351+0200: 72.930: [GC (Allocation Failure) 72.931: [ParNew: 19596K->2151K(19648K), 0.0022577 secs] 34765K->17898K(63360K), 0.0024780 secs] [Times: user=0.00 sys=0.00, real=0.00 secs] 
2014-07-10T10:47:50.447+0200: 73.027: [GC (Allocation Failure) 73.027: [ParNew: 19617K->2148K(19648K), 0.0026448 secs] 35364K->19532K(63360K), 0.0028399 secs] [Times: user=0.00 sys=0.00, real=0.00 secs] 
2014-07-10T10:47:50.497+0200: 73.077: [GC (Allocation Failure) 73.077: [ParNew: 19616K->2150K(19648K), 0.0037696 secs] 37000K->22225K(63360K), 0.0039871 secs] [Times: user=0.03 sys=0.00, real=0.00 secs] 
2014-07-10T10:47:50.558+0200: 73.138: [GC (Allocation Failure) 73.138: [ParNew: 19616K->2148K(19648K), 0.0070084 secs] 39692K->25971K(63360K), 0.0073743 secs] [Times: user=0.03 sys=0.00, real=0.01 secs] 
2014-07-10T10:47:50.648+0200: 73.227: [GC (Allocation Failure) 73.227: [ParNew: 19601K->2150K(19648K), 0.0042015 secs] 43425K->29081K(63360K), 0.0044303 secs] [Times: user=0.00 sys=0.00, real=0.00 secs] 
2014-07-10T10:47:50.701+0200: 73.281: [GC (Allocation Failure) 73.281: [ParNew: 19619K->2150K(19648K), 0.0075169 secs] 46550K->33247K(63360K), 0.0079253 secs] [Times: user=0.00 sys=0.01, real=0.01 secs] 
2014-07-10T10:47:50.710+0200: 73.289: [GC (CMS Initial Mark) [1 CMS-initial-mark: 31097K(43712K)] 33313K(63360K), 0.0004469 secs] [Times: user=0.00 sys=0.00, real=0.00 secs] 
2014-07-10T10:47:50.711+0200: 73.290: [CMS-concurrent-mark-start]
2014-07-10T10:47:50.713+0200: 73.293: [CMS-concurrent-mark: 0.003/0.003 secs] [Times: user=0.00 sys=0.00, real=0.00 secs] 
2014-07-10T10:47:50.713+0200: 73.293: [CMS-concurrent-preclean-start]
2014-07-10T10:47:50.714+0200: 73.293: [CMS-concurrent-preclean: 0.000/0.000 secs] [Times: user=0.00 sys=0.00, real=0.00 secs] 
2014-07-10T10:47:50.714+0200: 73.294: [GC (CMS Final Remark) [YG occupancy: 4040 K (19648 K)]73.294: [Rescan (parallel) , 0.0004257 secs]73.294: [weak refs processing, 0.0000488 secs]73.294: [class unloading, 0.0006665 secs]73.295: [scrub symbol table, 0.0008630 secs]73.296: [scrub string table, 0.0002618 secs][1 CMS-remark: 31097K(43712K)] 35138K(63360K), 0.0025796 secs] [Times: user=0.00 sys=0.00, real=0.00 secs] 
2014-07-10T10:47:50.717+0200: 73.296: [CMS-concurrent-sweep-start]
2014-07-10T10:47:50.717+0200: 73.297: [CMS-concurrent-sweep: 0.000/0.000 secs] [Times: user=0.00 sys=0.00, real=0.00 secs] 
2014-07-10T10:47:50.717+0200: 73.297: [CMS-concurrent-reset-start]
2014-07-10T10:47:50.718+0200: 73.297: [CMS-concurrent-reset: 0.000/0.000 secs] [Times: user=0.02 sys=0.00, real=0.00 secs] 
2014-07-10T10:47:50.758+0200: 73.337: [GC (Allocation Failure) 73.338: [ParNew: 19616K->2148K(19648K), 0.0100606 secs] 24268K->12020K(63360K), 0.0104580 secs] [Times: user=0.03 sys=0.00, real=0.01 secs] 
2014-07-10T10:47:50.850+0200: 73.430: [GC (Allocation Failure) 73.430: [ParNew: 19588K->2150K(19648K), 0.0092093 secs] 29460K->17243K(63360K), 0.0096005 secs] [Times: user=0.03 sys=0.00, real=0.01 secs] 
2014-07-10T10:47:50.946+0200: 73.526: [GC (Allocation Failure) 73.526: [ParNew: 19618K->230K(19648K), 0.0007325 secs] 34711K->15326K(63360K), 0.0008847 secs] [Times: user=0.00 sys=0.00, real=0.00 secs] 
2014-07-10T10:47:50.997+0200: 73.576: [GC (Allocation Failure) 73.576: [ParNew: 17696K->1287K(19648K), 0.0011292 secs] 32792K->16383K(63360K), 0.0012957 secs] [Times: user=0.03 sys=0.00, real=0.00 secs] 
2014-07-10T10:47:51.053+0200: 73.633: [GC (Allocation Failure) 73.633: [ParNew: 18733K->773K(19648K), 0.0018889 secs] 33829K->15874K(63360K), 0.0022276 secs] [Times: user=0.00 sys=0.00, real=0.00 secs] 
2014-07-10T10:47:51.147+0200: 73.726: [GC (Allocation Failure) 73.727: [ParNew: 18213K->1287K(19648K), 0.0018045 secs] 33314K->16388K(63360K), 0.0020678 secs] [Times: user=0.00 sys=0.00, real=0.00 secs] 
2014-07-10T10:47:51.199+0200: 73.778: [GC (Allocation Failure) 73.778: [ParNew: 18755K->2150K(19648K), 0.0033312 secs] 33857K->17449K(63360K), 0.0036149 secs] [Times: user=0.03 sys=0.00, real=0.00 secs] 
2014-07-10T10:47:51.251+0200: 73.830: [GC (Allocation Failure) 73.830: [ParNew: 19616K->2148K(19648K), 0.0025044 secs] 34916K->18698K(63360K), 0.0027218 secs] [Times: user=0.00 sys=0.00, real=0.00 secs] 
2014-07-10T10:47:51.348+0200: 73.928: [GC (Allocation Failure) 73.928: [ParNew: 19588K->2150K(19648K), 0.0040622 secs] 36138K->19951K(63360K), 0.0046213 secs] [Times: user=0.00 sys=0.00, real=0.00 secs] 
2014-07-10T10:47:51.399+0200: 73.978: [GC (Allocation Failure) 73.978: [ParNew: 19618K->2150K(19648K), 0.0034712 secs] 37419K->22258K(63360K), 0.0036685 secs] [Times: user=0.00 sys=0.00, real=0.00 secs] 
2014-07-10T10:47:51.451+0200: 74.031: [GC (Allocation Failure) 74.031: [ParNew: 19616K->2148K(19648K), 0.0041157 secs] 39725K->25620K(63360K), 0.0043251 secs] [Times: user=0.00 sys=0.00, real=0.01 secs] 
2014-07-10T10:47:51.548+0200: 74.127: [GC (Allocation Failure) 74.127: [ParNew: 19616K->2150K(19648K), 0.0050701 secs] 43089K->30042K(63360K), 0.0052816 secs] [Times: user=0.00 sys=0.00, real=0.00 secs] 
2014-07-10T10:47:51.599+0200: 74.179: [GC (Allocation Failure) 74.179: [ParNew: 19598K->2150K(19648K), 0.0076408 secs] 47491K->33822K(63360K), 0.0080423 secs] [Times: user=0.03 sys=0.00, real=0.01 secs] 
2014-07-10T10:47:51.655+0200: 74.235: [GC (Allocation Failure) 74.235: [ParNew: 19618K->2148K(19648K), 0.0049208 secs] 51291K->38659K(63360K), 0.0051126 secs] [Times: user=0.00 sys=0.00, real=0.01 secs] 
2014-07-10T10:47:51.661+0200: 74.240: [GC (CMS Initial Mark) [1 CMS-initial-mark: 36511K(43712K)] 38691K(63360K), 0.0002431 secs] [Times: user=0.00 sys=0.00, real=0.00 secs] 
2014-07-10T10:47:51.661+0200: 74.241: [CMS-concurrent-mark-start]
2014-07-10T10:47:51.662+0200: 74.241: [CMS-concurrent-mark: 0.001/0.001 secs] [Times: user=0.00 sys=0.00, real=0.00 secs] 
2014-07-10T10:47:51.662+0200: 74.242: [CMS-concurrent-preclean-start]
2014-07-10T10:47:51.662+0200: 74.242: [CMS-concurrent-preclean: 0.000/0.000 secs] [Times: user=0.00 sys=0.00, real=0.00 secs] 
2014-07-10T10:47:51.662+0200: 74.242: [GC (CMS Final Remark) [YG occupancy: 3366 K (19648 K)]74.242: [Rescan (parallel) , 0.0001609 secs]74.242: [weak refs processing, 0.0000506 secs]74.242: [class unloading, 0.0004641 secs]74.243: [scrub symbol table, 0.0006277 secs]74.243: [scrub string table, 0.0002123 secs][1 CMS-remark: 36511K(43712K)] 39877K(63360K), 0.0017118 secs] [Times: user=0.00 sys=0.00, real=0.00 secs] 
2014-07-10T10:47:51.664+0200: 74.244: [CMS-concurrent-sweep-start]
2014-07-10T10:47:51.665+0200: 74.244: [CMS-concurrent-sweep: 0.000/0.000 secs] [Times: user=0.00 sys=0.00, real=0.00 secs] 
2014-07-10T10:47:51.665+0200: 74.244: [CMS-concurrent-reset-start]
2014-07-10T10:47:51.665+0200: 74.244: [CMS-concurrent-reset: 0.000/0.000 secs] [Times: user=0.00 sys=0.00, real=0.00 secs] 
2014-07-10T10:47:51.749+0200: 74.329: [GC (Allocation Failure) 74.329: [ParNew: 19614K->2150K(19648K), 0.0060981 secs] 24939K->13368K(63360K), 0.0063782 secs] [Times: user=0.00 sys=0.00, real=0.01 secs] 
2014-07-10T10:47:51.800+0200: 74.379: [GC (Allocation Failure) 74.379: [ParNew: 19621K->902K(19648K), 0.0011593 secs] 30840K->12122K(63360K), 0.0013389 secs] [Times: user=0.00 sys=0.00, real=0.00 secs] 
2014-07-10T10:47:51.896+0200: 74.475: [GC (Allocation Failure) 74.476: [ParNew: 18344K->391K(19648K), 0.0007175 secs] 29565K->11611K(63360K), 0.0008535 secs] [Times: user=0.00 sys=0.00, real=0.00 secs] 
2014-07-10T10:47:51.951+0200: 74.531: [GC (Allocation Failure) 74.531: [ParNew: 17857K->1449K(19648K), 0.0013037 secs] 29078K->12670K(63360K), 0.0014793 secs] [Times: user=0.00 sys=0.00, real=0.00 secs] 
2014-07-10T10:47:52.047+0200: 74.628: [GC (Allocation Failure) 74.628: [ParNew: 18918K->2148K(19648K), 0.0033620 secs] 30138K->13729K(63360K), 0.0036923 secs] [Times: user=0.00 sys=0.00, real=0.00 secs] 
2014-07-10T10:47:52.097+0200: 74.678: [GC (Allocation Failure) 74.678: [ParNew: 19591K->1989K(19648K), 0.0023651 secs] 31173K->13573K(63360K), 0.0026617 secs] [Times: user=0.00 sys=0.00, real=0.00 secs] 
2014-07-10T10:47:52.154+0200: 74.735: [GC (Allocation Failure) 74.735: [ParNew: 19458K->2148K(19648K), 0.0039522 secs] 31041K->14631K(63360K), 0.0043284 secs] [Times: user=0.00 sys=0.00, real=0.00 secs] 
2014-07-10T10:47:52.247+0200: 74.828: [GC (Allocation Failure) 74.828: [ParNew: 19614K->2150K(19648K), 0.0029964 secs] 32097K->16588K(63360K), 0.0032428 secs] [Times: user=0.00 sys=0.00, real=0.00 secs] 
2014-07-10T10:47:52.297+0200: 74.878: [GC (Allocation Failure) 74.878: [ParNew: 19616K->2150K(19648K), 0.0042334 secs] 34054K->19599K(63360K), 0.0045022 secs] [Times: user=0.00 sys=0.00, real=0.01 secs] 
2014-07-10T10:47:52.357+0200: 74.938: [GC (Allocation Failure) 74.938: [ParNew: 19590K->2148K(19648K), 0.0070458 secs] 37039K->22609K(63360K), 0.0074410 secs] [Times: user=0.00 sys=0.00, real=0.01 secs] 
2014-07-10T10:47:52.447+0200: 75.028: [GC (Allocation Failure) 75.028: [ParNew: 19616K->2150K(19648K), 0.0048222 secs] 40078K->26680K(63360K), 0.0050301 secs] [Times: user=0.02 sys=0.00, real=0.00 secs] 
2014-07-10T10:47:52.501+0200: 75.082: [GC (Allocation Failure) 75.082: [ParNew: 19616K->2150K(19648K), 0.0089152 secs] 44146K->31804K(63360K), 0.0093475 secs] [Times: user=0.00 sys=0.02, real=0.01 secs] 
2014-07-10T10:47:52.554+0200: 75.135: [GC (Allocation Failure) 75.135: [ParNew: 19600K->2150K(19648K), 0.0055489 secs] 49255K->36801K(63360K), 0.0057905 secs] [Times: user=0.03 sys=0.00, real=0.01 secs] 
2014-07-10T10:47:52.560+0200: 75.141: [GC (CMS Initial Mark) [1 CMS-initial-mark: 34651K(43712K)] 36867K(63360K), 0.0002240 secs] [Times: user=0.00 sys=0.00, real=0.00 secs] 
2014-07-10T10:47:52.560+0200: 75.141: [CMS-concurrent-mark-start]
2014-07-10T10:47:52.562+0200: 75.142: [CMS-concurrent-mark: 0.001/0.001 secs] [Times: user=0.00 sys=0.00, real=0.00 secs] 
2014-07-10T10:47:52.562+0200: 75.142: [CMS-concurrent-preclean-start]
2014-07-10T10:47:52.562+0200: 75.143: [CMS-concurrent-preclean: 0.000/0.000 secs] [Times: user=0.00 sys=0.00, real=0.00 secs] 
2014-07-10T10:47:52.562+0200: 75.143: [CMS-concurrent-abortable-preclean-start]
2014-07-10T10:47:52.651+0200: 75.231: [GC (Allocation Failure) 75.232: [ParNew: 19590K->2150K(19648K), 0.0087114 secs] 54241K->41799K(63360K), 0.0091059 secs] [Times: user=0.03 sys=0.00, real=0.01 secs] 
2014-07-10T10:47:52.662+0200: 75.243: [CMS-concurrent-abortable-preclean: 0.002/0.100 secs] [Times: user=0.03 sys=0.00, real=0.10 secs] 
2014-07-10T10:47:52.663+0200: 75.244: [GC (CMS Final Remark) [YG occupancy: 6798 K (19648 K)]75.244: [Rescan (parallel) , 0.0004334 secs]75.245: [weak refs processing, 0.0000884 secs]75.245: [class unloading, 0.0012843 secs]75.246: [scrub symbol table, 0.0008465 secs]75.247: [scrub string table, 0.0002574 secs][1 CMS-remark: 39649K(43712K)] 46448K(63360K), 0.0033909 secs] [Times: user=0.00 sys=0.01, real=0.00 secs] 
2014-07-10T10:47:52.667+0200: 75.248: [CMS-concurrent-sweep-start]
2014-07-10T10:47:52.668+0200: 75.248: [CMS-concurrent-sweep: 0.001/0.001 secs] [Times: user=0.00 sys=0.00, real=0.00 secs] 
2014-07-10T10:47:52.668+0200: 75.248: [CMS-concurrent-reset-start]
2014-07-10T10:47:52.668+0200: 75.249: [CMS-concurrent-reset: 0.000/0.000 secs] [Times: user=0.00 sys=0.00, real=0.00 secs] 
2014-07-10T10:47:52.746+0200: 75.327: [GC (Allocation Failure) 75.327: [ParNew: 19616K->5K(19648K), 0.0005807 secs] 30099K->10490K(63360K), 0.0007116 secs] [Times: user=0.00 sys=0.00, real=0.00 secs] 
2014-07-10T10:47:52.797+0200: 75.378: [GC (Allocation Failure) 75.378: [ParNew: 17477K->39K(19648K), 0.0010764 secs] 27962K->10524K(63360K), 0.0013440 secs] [Times: user=0.00 sys=0.00, real=0.00 secs] 
2014-07-10T10:47:52.852+0200: 75.433: [GC (Allocation Failure) 75.433: [ParNew: 17505K->1097K(19648K), 0.0021404 secs] 27990K->11583K(63360K), 0.0024439 secs] [Times: user=0.00 sys=0.02, real=0.00 secs] 
2014-07-10T10:47:52.949+0200: 75.530: [GC (Allocation Failure) 75.530: [ParNew: 18566K->2150K(19648K), 0.0025884 secs] 29051K->12643K(63360K), 0.0028754 secs] [Times: user=0.00 sys=0.00, real=0.00 secs] 
2014-07-10T10:47:52.997+0200: 75.578: [GC (Allocation Failure) 75.578: [ParNew: 19616K->2150K(19648K), 0.0020894 secs] 30110K->13702K(63360K), 0.0023079 secs] [Times: user=0.00 sys=0.00, real=0.00 secs] 
2014-07-10T10:47:53.051+0200: 75.632: [GC (Allocation Failure) 75.632: [ParNew: 19618K->2148K(19648K), 0.0036531 secs] 31170K->15815K(63360K), 0.0038774 secs] [Times: user=0.00 sys=0.00, real=0.00 secs] 
2014-07-10T10:47:53.149+0200: 75.730: [GC (Allocation Failure) 75.730: [ParNew: 19591K->2150K(19648K), 0.0043625 secs] 33259K->17420K(63360K), 0.0047269 secs] [Times: user=0.03 sys=0.00, real=0.01 secs] 
2014-07-10T10:47:53.200+0200: 75.781: [GC (Allocation Failure) 75.781: [ParNew: 19618K->2150K(19648K), 0.0060706 secs] 34888K->20080K(63360K), 0.0064673 secs] [Times: user=0.00 sys=0.00, real=0.01 secs] 
2014-07-10T10:47:53.252+0200: 75.833: [GC (Allocation Failure) 75.833: [ParNew: 19616K->2148K(19648K), 0.0049344 secs] 37547K->23794K(63360K), 0.0051650 secs] [Times: user=0.00 sys=0.00, real=0.00 secs] 
2014-07-10T10:47:53.349+0200: 75.930: [GC (Allocation Failure) 75.930: [ParNew: 19593K->2150K(19648K), 0.0061846 secs] 41240K->27000K(63360K), 0.0065322 secs] [Times: user=0.03 sys=0.00, real=0.01 secs] 
2014-07-10T10:47:53.399+0200: 75.980: [GC (Allocation Failure) 75.980: [ParNew: 19618K->2150K(19648K), 0.0047210 secs] 44469K->31261K(63360K), 0.0049450 secs] [Times: user=0.03 sys=0.00, real=0.01 secs] 
2014-07-10T10:47:53.452+0200: 76.033: [GC (Allocation Failure) 76.033: [ParNew: 19616K->2148K(19648K), 0.0056449 secs] 48728K->36576K(63360K), 0.0058477 secs] [Times: user=0.00 sys=0.00, real=0.01 secs] 
2014-07-10T10:47:53.458+0200: 76.039: [GC (CMS Initial Mark) [1 CMS-initial-mark: 34428K(43712K)] 36642K(63360K), 0.0001961 secs] [Times: user=0.00 sys=0.00, real=0.00 secs] 
2014-07-10T10:47:53.458+0200: 76.039: [CMS-concurrent-mark-start]
2014-07-10T10:47:53.459+0200: 76.040: [CMS-concurrent-mark: 0.001/0.001 secs] [Times: user=0.00 sys=0.00, real=0.00 secs] 
2014-07-10T10:47:53.459+0200: 76.040: [CMS-concurrent-preclean-start]
2014-07-10T10:47:53.459+0200: 76.040: [CMS-concurrent-preclean: 0.000/0.000 secs] [Times: user=0.00 sys=0.00, real=0.00 secs] 
2014-07-10T10:47:53.459+0200: 76.040: [GC (CMS Final Remark) [YG occupancy: 2886 K (19648 K)]76.040: [Rescan (parallel) , 0.0001364 secs]76.040: [weak refs processing, 0.0000323 secs]76.040: [class unloading, 0.0004147 secs]76.041: [scrub symbol table, 0.0005620 secs]76.041: [scrub string table, 0.0001668 secs][1 CMS-remark: 34428K(43712K)] 37314K(63360K), 0.0014661 secs] [Times: user=0.00 sys=0.00, real=0.00 secs] 
2014-07-10T10:47:53.461+0200: 76.042: [CMS-concurrent-sweep-start]
2014-07-10T10:47:53.461+0200: 76.042: [CMS-concurrent-sweep: 0.000/0.000 secs] [Times: user=0.00 sys=0.00, real=0.00 secs] 
2014-07-10T10:47:53.461+0200: 76.042: [CMS-concurrent-reset-start]
2014-07-10T10:47:53.461+0200: 76.042: [CMS-concurrent-reset: 0.000/0.000 secs] [Times: user=0.00 sys=0.00, real=0.00 secs] 
2014-07-10T10:47:53.551+0200: 76.132: [GC (Allocation Failure) 76.132: [ParNew: 19616K->326K(19648K), 0.0014650 secs] 25423K->6135K(63360K), 0.0017572 secs] [Times: user=0.00 sys=0.00, real=0.00 secs] 
2014-07-10T10:47:53.606+0200: 76.187: [GC (Allocation Failure) 76.187: [ParNew: 17774K->2151K(19648K), 0.0092947 secs] 23583K->13691K(63360K), 0.0096958 secs] [Times: user=0.00 sys=0.00, real=0.01 secs] 
2014-07-10T10:47:53.696+0200: 76.277: [GC (Allocation Failure) 76.277: [ParNew: 19620K->741K(19648K), 0.0015908 secs] 31159K->12287K(63360K), 0.0018540 secs] [Times: user=0.02 sys=0.00, real=0.00 secs] 
2014-07-10T10:47:53.753+0200: 76.334: [GC (Allocation Failure) 76.334: [ParNew: 18207K->1799K(19648K), 0.0027944 secs] 29753K->13345K(63360K), 0.0031313 secs] [Times: user=0.00 sys=0.00, real=0.00 secs] 
2014-07-10T10:47:53.847+0200: 76.428: [GC (Allocation Failure) 76.428: [ParNew: 19239K->1797K(19648K), 0.0026448 secs] 30785K->13349K(63360K), 0.0029565 secs] [Times: user=0.00 sys=0.00, real=0.00 secs] 
2014-07-10T10:47:53.898+0200: 76.479: [GC (Allocation Failure) 76.479: [ParNew: 19266K->2150K(19648K), 0.0019453 secs] 30817K->14408K(63360K), 0.0021594 secs] [Times: user=0.03 sys=0.00, real=0.00 secs] 
2014-07-10T10:47:53.951+0200: 76.532: [GC (Allocation Failure) 76.532: [ParNew: 19616K->2148K(19648K), 0.0032230 secs] 31874K->16169K(63360K), 0.0034822 secs] [Times: user=0.00 sys=0.00, real=0.00 secs] 
2014-07-10T10:47:54.049+0200: 76.630: [GC (Allocation Failure) 76.630: [ParNew: 19616K->2150K(19648K), 0.0062931 secs] 33637K->18990K(63360K), 0.0069703 secs] [Times: user=0.00 sys=0.02, real=0.01 secs] 
2014-07-10T10:47:54.097+0200: 76.678: [GC (Allocation Failure) 76.678: [ParNew: 19599K->2150K(19648K), 0.0031101 secs] 36440K->20785K(63360K), 0.0033143 secs] [Times: user=0.00 sys=0.00, real=0.00 secs] 
2014-07-10T10:47:54.157+0200: 76.738: [GC (Allocation Failure) 76.738: [ParNew: 19618K->2148K(19648K), 0.0062403 secs] 38254K->23637K(63360K), 0.0066862 secs] [Times: user=0.00 sys=0.00, real=0.01 secs] 
2014-07-10T10:47:54.248+0200: 76.829: [GC (Allocation Failure) 76.829: [ParNew: 19614K->2150K(19648K), 0.0046957 secs] 41103K->27547K(63360K), 0.0048934 secs] [Times: user=0.00 sys=0.00, real=0.01 secs] 
2014-07-10T10:47:54.300+0200: 76.881: [GC (Allocation Failure) 76.881: [ParNew: 19618K->2150K(19648K), 0.0091642 secs] 45015K->32511K(63360K), 0.0095396 secs] [Times: user=0.03 sys=0.00, real=0.01 secs] 
2014-07-10T10:47:54.359+0200: 76.939: [GC (Allocation Failure) 76.940: [ParNew: 19590K->2148K(19648K), 0.0091986 secs] 49951K->37474K(63360K), 0.0095799 secs] [Times: user=0.03 sys=0.00, real=0.01 secs] 
2014-07-10T10:47:54.369+0200: 76.950: [GC (CMS Initial Mark) [1 CMS-initial-mark: 35326K(43712K)] 37506K(63360K), 0.0004198 secs] [Times: user=0.00 sys=0.00, real=0.00 secs] 
2014-07-10T10:47:54.370+0200: 76.951: [CMS-concurrent-mark-start]
2014-07-10T10:47:54.372+0200: 76.953: [CMS-concurrent-mark: 0.002/0.002 secs] [Times: user=0.00 sys=0.00, real=0.00 secs] 
2014-07-10T10:47:54.372+0200: 76.953: [CMS-concurrent-preclean-start]
2014-07-10T10:47:54.373+0200: 76.954: [CMS-concurrent-preclean: 0.000/0.000 secs] [Times: user=0.00 sys=0.00, real=0.00 secs] 
2014-07-10T10:47:54.373+0200: 76.954: [GC (CMS Final Remark) [YG occupancy: 3238 K (19648 K)]76.954: [Rescan (parallel) , 0.0004051 secs]76.954: [weak refs processing, 0.0000843 secs]76.955: [class unloading, 0.0009437 secs]76.956: [scrub symbol table, 0.0006383 secs]76.956: [scrub string table, 0.0002200 secs][1 CMS-remark: 35326K(43712K)] 38564K(63360K), 0.0026294 secs] [Times: user=0.00 sys=0.00, real=0.00 secs] 
2014-07-10T10:47:54.376+0200: 76.957: [CMS-concurrent-sweep-start]
2014-07-10T10:47:54.376+0200: 76.957: [CMS-concurrent-sweep: 0.000/0.000 secs] [Times: user=0.00 sys=0.00, real=0.00 secs] 
2014-07-10T10:47:54.376+0200: 76.957: [CMS-concurrent-reset-start]
2014-07-10T10:47:54.377+0200: 76.957: [CMS-concurrent-reset: 0.000/0.000 secs] [Times: user=0.00 sys=0.00, real=0.00 secs] 
2014-07-10T10:47:54.449+0200: 77.030: [GC (Allocation Failure) 77.030: [ParNew: 19614K->2150K(19648K), 0.0058106 secs] 25069K->13626K(63360K), 0.0060053 secs] [Times: user=0.00 sys=0.00, real=0.01 secs] 
2014-07-10T10:47:54.546+0200: 77.127: [GC (Allocation Failure) 77.127: [ParNew: 19618K->1029K(19648K), 0.0008792 secs] 31095K->12508K(63360K), 0.0010233 secs] [Times: user=0.00 sys=0.00, real=0.00 secs] 
2014-07-10T10:47:54.596+0200: 77.177: [GC (Allocation Failure) 77.177: [ParNew: 18481K->391K(19648K), 0.0012509 secs] 29960K->11870K(63360K), 0.0015076 secs] [Times: user=0.00 sys=0.00, real=0.00 secs] 
2014-07-10T10:47:54.653+0200: 77.234: [GC (Allocation Failure) 77.234: [ParNew: 17858K->1450K(19648K), 0.0024260 secs] 29337K->12929K(63360K), 0.0027394 secs] [Times: user=0.00 sys=0.00, real=0.00 secs] 
2014-07-10T10:47:54.746+0200: 77.327: [GC (Allocation Failure) 77.327: [ParNew: 18918K->2150K(19648K), 0.0013169 secs] 30397K->13990K(63360K), 0.0014749 secs] [Times: user=0.00 sys=0.00, real=0.00 secs] 
2014-07-10T10:47:54.798+0200: 77.379: [GC (Allocation Failure) 77.379: [ParNew: 19616K->2150K(19648K), 0.0041843 secs] 31456K->15401K(63360K), 0.0045938 secs] [Times: user=0.00 sys=0.00, real=0.00 secs] 
2014-07-10T10:47:54.851+0200: 77.432: [GC (Allocation Failure) 77.432: [ParNew: 19595K->2150K(19648K), 0.0024425 secs] 32847K->16299K(63360K), 0.0026749 secs] [Times: user=0.00 sys=0.00, real=0.00 secs] 
2014-07-10T10:47:54.947+0200: 77.528: [GC (Allocation Failure) 77.528: [ParNew: 19616K->2148K(19648K), 0.0038078 secs] 33766K->18254K(63360K), 0.0039926 secs] [Times: user=0.00 sys=0.00, real=0.00 secs] 
2014-07-10T10:47:54.998+0200: 77.578: [GC (Allocation Failure) 77.578: [ParNew: 19614K->2150K(19648K), 0.0038433 secs] 35720K->21267K(63360K), 0.0040596 secs] [Times: user=0.00 sys=0.00, real=0.00 secs] 
2014-07-10T10:47:55.052+0200: 77.632: [GC (Allocation Failure) 77.633: [ParNew: 19590K->2150K(19648K), 0.0045264 secs] 38707K->24791K(63360K), 0.0047115 secs] [Times: user=0.03 sys=0.00, real=0.00 secs] 
2014-07-10T10:47:55.148+0200: 77.728: [GC (Allocation Failure) 77.728: [ParNew: 19590K->2150K(19648K), 0.0043170 secs] 42231K->28315K(63360K), 0.0045315 secs] [Times: user=0.00 sys=0.00, real=0.00 secs] 
2014-07-10T10:47:55.202+0200: 77.783: [GC (Allocation Failure) 77.783: [ParNew: 19618K->2150K(19648K), 0.0081021 secs] 45784K->32896K(63360K), 0.0085658 secs] [Times: user=0.03 sys=0.00, real=0.01 secs] 
2014-07-10T10:47:55.253+0200: 77.833: [GC (Allocation Failure) 77.833: [ParNew: 19616K->2148K(19648K), 0.0055415 secs] 50363K->38531K(63360K), 0.0057509 secs] [Times: user=0.03 sys=0.00, real=0.00 secs] 
2014-07-10T10:47:55.259+0200: 77.839: [GC (CMS Initial Mark) [1 CMS-initial-mark: 36383K(43712K)] 38597K(63360K), 0.0001789 secs] [Times: user=0.00 sys=0.00, real=0.00 secs] 
2014-07-10T10:47:55.259+0200: 77.840: [CMS-concurrent-mark-start]
2014-07-10T10:47:55.260+0200: 77.841: [CMS-concurrent-mark: 0.001/0.001 secs] [Times: user=0.00 sys=0.00, real=0.00 secs] 
2014-07-10T10:47:55.260+0200: 77.841: [CMS-concurrent-preclean-start]
2014-07-10T10:47:55.260+0200: 77.841: [CMS-concurrent-preclean: 0.000/0.000 secs] [Times: user=0.00 sys=0.00, real=0.00 secs] 
2014-07-10T10:47:55.260+0200: 77.841: [GC (CMS Final Remark) [YG occupancy: 2566 K (19648 K)]77.841: [Rescan (parallel) , 0.0001173 secs]77.841: [weak refs processing, 0.0000334 secs]77.841: [class unloading, 0.0004385 secs]77.842: [scrub symbol table, 0.0005855 secs]77.842: [scrub string table, 0.0001895 secs][1 CMS-remark: 36383K(43712K)] 38950K(63360K), 0.0015362 secs] [Times: user=0.00 sys=0.00, real=0.00 secs] 
2014-07-10T10:47:55.262+0200: 77.843: [CMS-concurrent-sweep-start]
2014-07-10T10:47:55.263+0200: 77.844: [CMS-concurrent-sweep: 0.000/0.000 secs] [Times: user=0.00 sys=0.00, real=0.00 secs] 
2014-07-10T10:47:55.263+0200: 77.844: [CMS-concurrent-reset-start]
2014-07-10T10:47:55.263+0200: 77.844: [CMS-concurrent-reset: 0.000/0.000 secs] [Times: user=0.00 sys=0.00, real=0.00 secs] 
2014-07-10T10:47:55.365+0200: 77.946: [GC (Allocation Failure) 77.946: [ParNew: 19588K->2150K(19648K), 0.0054858 secs] 25717K->13916K(63360K), 0.0056948 secs] [Times: user=0.03 sys=0.00, real=0.01 secs] 
2014-07-10T10:47:55.446+0200: 78.027: [GC (Allocation Failure) 78.027: [ParNew: 19618K->645K(19648K), 0.0014269 secs] 31384K->12414K(63360K), 0.0017041 secs] [Times: user=0.00 sys=0.00, real=0.00 secs] 
2014-07-10T10:47:55.497+0200: 78.078: [GC (Allocation Failure) 78.078: [ParNew: 18111K->1703K(19648K), 0.0021587 secs] 29880K->13472K(63360K), 0.0024938 secs] [Times: user=0.00 sys=0.00, real=0.00 secs] 
2014-07-10T10:47:55.556+0200: 78.136: [GC (Allocation Failure) 78.136: [ParNew: 19172K->2148K(19648K), 0.0032483 secs] 30941K->14530K(63360K), 0.0035966 secs] [Times: user=0.00 sys=0.00, real=0.00 secs] 
2014-07-10T10:47:55.647+0200: 78.227: [GC (Allocation Failure) 78.227: [ParNew: 19602K->1606K(19648K), 0.0020432 secs] 31984K->13990K(63360K), 0.0023486 secs] [Times: user=0.02 sys=0.00, real=0.00 secs] 
2014-07-10T10:47:55.697+0200: 78.277: [GC (Allocation Failure) 78.277: [ParNew: 19074K->2150K(19648K), 0.0017517 secs] 31459K->15051K(63360K), 0.0019867 secs] [Times: user=0.00 sys=0.00, real=0.00 secs] 
2014-07-10T10:47:55.752+0200: 78.332: [GC (Allocation Failure) 78.332: [ParNew: 19616K->2148K(19648K), 0.0029121 secs] 32517K->16620K(63360K), 0.0031695 secs] [Times: user=0.00 sys=0.00, real=0.00 secs] 
2014-07-10T10:47:55.847+0200: 78.427: [GC (Allocation Failure) 78.427: [ParNew: 19588K->2150K(19648K), 0.0026573 secs] 34060K->18193K(63360K), 0.0028619 secs] [Times: user=0.00 sys=0.00, real=0.00 secs] 
2014-07-10T10:47:55.898+0200: 78.478: [GC (Allocation Failure) 78.478: [ParNew: 19618K->2150K(19648K), 0.0037733 secs] 35661K->20821K(63360K), 0.0039812 secs] [Times: user=0.00 sys=0.00, real=0.00 secs] 
2014-07-10T10:47:55.958+0200: 78.538: [GC (Allocation Failure) 78.538: [ParNew: 19616K->2148K(19648K), 0.0077380 secs] 38287K->24503K(63360K), 0.0080764 secs] [Times: user=0.03 sys=0.00, real=0.01 secs] 
2014-07-10T10:47:56.048+0200: 78.628: [GC (Allocation Failure) 78.628: [ParNew: 19616K->2150K(19648K), 0.0056966 secs] 41971K->29245K(63360K), 0.0059195 secs] [Times: user=0.03 sys=0.00, real=0.01 secs] 
2014-07-10T10:47:56.101+0200: 78.680: [GC (Allocation Failure) 78.681: [ParNew: 19595K->2150K(19648K), 0.0081226 secs] 46691K->33473K(63360K), 0.0084702 secs] [Times: user=0.00 sys=0.00, real=0.01 secs] 
2014-07-10T10:47:56.158+0200: 78.738: [GC (Allocation Failure) 78.739: [ParNew: 19616K->2148K(19648K), 0.0100078 secs] 50940K->38757K(63360K), 0.0104514 secs] [Times: user=0.03 sys=0.00, real=0.01 secs] 
2014-07-10T10:47:56.170+0200: 78.749: [GC (CMS Initial Mark) [1 CMS-initial-mark: 36609K(43712K)] 38983K(63360K), 0.0004169 secs] [Times: user=0.00 sys=0.00, real=0.00 secs] 
2014-07-10T10:47:56.170+0200: 78.750: [CMS-concurrent-mark-start]
2014-07-10T10:47:56.173+0200: 78.753: [CMS-concurrent-mark: 0.002/0.002 secs] [Times: user=0.00 sys=0.00, real=0.00 secs] 
2014-07-10T10:47:56.173+0200: 78.753: [CMS-concurrent-preclean-start]
2014-07-10T10:47:56.173+0200: 78.753: [CMS-concurrent-preclean: 0.000/0.000 secs] [Times: user=0.00 sys=0.00, real=0.00 secs] 
2014-07-10T10:47:56.174+0200: 78.753: [GC (CMS Final Remark) [YG occupancy: 2918 K (19648 K)]78.753: [Rescan (parallel) , 0.0003751 secs]78.754: [weak refs processing, 0.0000818 secs]78.754: [class unloading, 0.0009708 secs]78.755: [scrub symbol table, 0.0008473 secs]78.756: [scrub string table, 0.0001910 secs][1 CMS-remark: 36609K(43712K)] 39528K(63360K), 0.0028241 secs] [Times: user=0.00 sys=0.00, real=0.00 secs] 
2014-07-10T10:47:56.177+0200: 78.756: [CMS-concurrent-sweep-start]
2014-07-10T10:47:56.177+0200: 78.757: [CMS-concurrent-sweep: 0.000/0.000 secs] [Times: user=0.00 sys=0.00, real=0.00 secs] 
2014-07-10T10:47:56.177+0200: 78.757: [CMS-concurrent-reset-start]
2014-07-10T10:47:56.177+0200: 78.757: [CMS-concurrent-reset: 0.000/0.000 secs] [Times: user=0.00 sys=0.00, real=0.00 secs] 
2014-07-10T10:47:56.249+0200: 78.828: [GC (Allocation Failure) 78.829: [ParNew: 19616K->294K(19648K), 0.0008388 secs] 25394K->6074K(63360K), 0.0010559 secs] [Times: user=0.00 sys=0.00, real=0.00 secs] 
2014-07-10T10:47:56.300+0200: 78.880: [GC (Allocation Failure) 78.880: [ParNew: 17761K->832K(19648K), 0.0010804 secs] 23542K->6612K(63360K), 0.0012344 secs] [Times: user=0.00 sys=0.00, real=0.00 secs] 
2014-07-10T10:47:56.396+0200: 78.976: [GC (Allocation Failure) 78.976: [ParNew: 18276K->841K(19648K), 0.0014170 secs] 24057K->6621K(63360K), 0.0015556 secs] [Times: user=0.01 sys=0.00, real=0.00 secs] 
2014-07-10T10:47:56.455+0200: 79.035: [GC (Allocation Failure) 79.035: [ParNew: 18307K->1900K(19648K), 0.0026687 secs] 24087K->7680K(63360K), 0.0032446 secs] [Times: user=0.00 sys=0.00, real=0.00 secs] 
2014-07-10T10:47:56.548+0200: 79.128: [GC (Allocation Failure) 79.128: [ParNew: 19368K->2150K(19648K), 0.0035189 secs] 25148K->8741K(63360K), 0.0038690 secs] [Times: user=0.00 sys=0.00, real=0.00 secs] 
2014-07-10T10:47:56.598+0200: 79.178: [GC (Allocation Failure) 79.178: [ParNew: 19601K->2150K(19648K), 0.0027248 secs] 26193K->8903K(63360K), 0.0030199 secs] [Times: user=0.03 sys=0.00, real=0.00 secs] 
2014-07-10T10:47:56.655+0200: 79.235: [GC (Allocation Failure) 79.235: [ParNew: 19616K->2148K(19648K), 0.0044274 secs] 26370K->10122K(63360K), 0.0048699 secs] [Times: user=0.00 sys=0.00, real=0.01 secs] 
2014-07-10T10:47:56.748+0200: 79.328: [GC (Allocation Failure) 79.328: [ParNew: 19616K->2150K(19648K), 0.0055731 secs] 27590K->12399K(63360K), 0.0059804 secs] [Times: user=0.00 sys=0.00, real=0.01 secs] 
2014-07-10T10:47:56.811+0200: 79.391: [GC (Allocation Failure) 79.391: [ParNew: 19616K->2150K(19648K), 0.0041377 secs] 29866K->15731K(63360K), 0.0044219 secs] [Times: user=0.00 sys=0.00, real=0.00 secs] 
2014-07-10T10:47:56.852+0200: 79.431: [GC (Allocation Failure) 79.432: [ParNew: 19590K->2150K(19648K), 0.0040868 secs] 33171K->19063K(63360K), 0.0042668 secs] [Times: user=0.00 sys=0.00, real=0.00 secs] 
2014-07-10T10:47:56.948+0200: 79.528: [GC (Allocation Failure) 79.528: [ParNew: 19618K->2148K(19648K), 0.0048391 secs] 36531K->23449K(63360K), 0.0050345 secs] [Times: user=0.00 sys=0.00, real=0.01 secs] 
2014-07-10T10:47:57.001+0200: 79.581: [GC (Allocation Failure) 79.581: [ParNew: 19614K->2150K(19648K), 0.0093904 secs] 40916K->28896K(63360K), 0.0097863 secs] [Times: user=0.03 sys=0.00, real=0.01 secs] 
2014-07-10T10:47:57.054+0200: 79.634: [GC (Allocation Failure) 79.634: [ParNew: 19595K->2150K(19648K), 0.0047456 secs] 46342K->33829K(63360K), 0.0049549 secs] [Times: user=0.00 sys=0.00, real=0.01 secs] 
2014-07-10T10:47:57.059+0200: 79.639: [GC (CMS Initial Mark) [1 CMS-initial-mark: 31679K(43712K)] 33861K(63360K), 0.0001870 secs] [Times: user=0.00 sys=0.00, real=0.00 secs] 
2014-07-10T10:47:57.059+0200: 79.639: [CMS-concurrent-mark-start]
2014-07-10T10:47:57.060+0200: 79.640: [CMS-concurrent-mark: 0.001/0.001 secs] [Times: user=0.00 sys=0.00, real=0.00 secs] 
2014-07-10T10:47:57.060+0200: 79.640: [CMS-concurrent-preclean-start]
2014-07-10T10:47:57.061+0200: 79.641: [CMS-concurrent-preclean: 0.000/0.000 secs] [Times: user=0.00 sys=0.00, real=0.00 secs] 
2014-07-10T10:47:57.061+0200: 79.641: [GC (CMS Final Remark) [YG occupancy: 3790 K (19648 K)]79.641: [Rescan (parallel) , 0.0001324 secs]79.641: [weak refs processing, 0.0000345 secs]79.641: [class unloading, 0.0004770 secs]79.642: [scrub symbol table, 0.0006178 secs]79.642: [scrub string table, 0.0001892 secs][1 CMS-remark: 31679K(43712K)] 35469K(63360K), 0.0016374 secs] [Times: user=0.00 sys=0.00, real=0.00 secs] 
2014-07-10T10:47:57.063+0200: 79.643: [CMS-concurrent-sweep-start]
2014-07-10T10:47:57.063+0200: 79.643: [CMS-concurrent-sweep: 0.000/0.000 secs] [Times: user=0.00 sys=0.00, real=0.00 secs] 
2014-07-10T10:47:57.063+0200: 79.643: [CMS-concurrent-reset-start]
2014-07-10T10:47:57.064+0200: 79.643: [CMS-concurrent-reset: 0.000/0.000 secs] [Times: user=0.00 sys=0.00, real=0.00 secs] 
2014-07-10T10:47:57.150+0200: 79.730: [GC (Allocation Failure) 79.731: [ParNew: 19590K->2150K(19648K), 0.0099004 secs] 25018K->13023K(63360K), 0.0102648 secs] [Times: user=0.01 sys=0.00, real=0.01 secs] 
2014-07-10T10:47:57.246+0200: 79.826: [GC (Allocation Failure) 79.826: [ParNew: 19618K->453K(19648K), 0.0005191 secs] 30492K->11329K(63360K), 0.0006207 secs] [Times: user=0.00 sys=0.00, real=0.00 secs] 
2014-07-10T10:47:57.297+0200: 79.876: [GC (Allocation Failure) 79.877: [ParNew: 17893K->455K(19648K), 0.0006145 secs] 28769K->11331K(63360K), 0.0007285 secs] [Times: user=0.00 sys=0.00, real=0.00 secs] 
2014-07-10T10:47:57.352+0200: 79.932: [GC (Allocation Failure) 79.932: [ParNew: 17921K->1513K(19648K), 0.0013100 secs] 28798K->12390K(63360K), 0.0014669 secs] [Times: user=0.00 sys=0.00, real=0.00 secs] 
2014-07-10T10:47:57.448+0200: 80.028: [GC (Allocation Failure) 80.028: [ParNew: 18982K->2150K(19648K), 0.0037902 secs] 29858K->13450K(63360K), 0.0041421 secs] [Times: user=0.00 sys=0.00, real=0.00 secs] 
2014-07-10T10:47:57.497+0200: 80.077: [GC (Allocation Failure) 80.077: [ParNew: 19616K->2150K(19648K), 0.0024626 secs] 30917K->14925K(63360K), 0.0026749 secs] [Times: user=0.00 sys=0.00, real=0.00 secs] 
2014-07-10T10:47:57.552+0200: 80.132: [GC (Allocation Failure) 80.132: [ParNew: 19618K->2148K(19648K), 0.0038895 secs] 32394K->17454K(63360K), 0.0041344 secs] [Times: user=0.00 sys=0.00, real=0.00 secs] 
2014-07-10T10:47:57.647+0200: 80.227: [GC (Allocation Failure) 80.227: [ParNew: 19596K->2150K(19648K), 0.0027640 secs] 34903K->19348K(63360K), 0.0029418 secs] [Times: user=0.00 sys=0.00, real=0.00 secs] 
2014-07-10T10:47:57.698+0200: 80.278: [GC (Allocation Failure) 80.278: [ParNew: 19619K->2150K(19648K), 0.0039471 secs] 36817K->22297K(63360K), 0.0041583 secs] [Times: user=0.00 sys=0.00, real=0.01 secs] 
2014-07-10T10:47:57.753+0200: 80.333: [GC (Allocation Failure) 80.333: [ParNew: 19616K->2148K(19648K), 0.0044149 secs] 39763K->26299K(63360K), 0.0046866 secs] [Times: user=0.03 sys=0.00, real=0.00 secs] 
2014-07-10T10:47:57.849+0200: 80.429: [GC (Allocation Failure) 80.429: [ParNew: 19591K->2150K(19648K), 0.0041590 secs] 43743K->29793K(63360K), 0.0043977 secs] [Times: user=0.00 sys=0.00, real=0.00 secs] 
2014-07-10T10:47:57.902+0200: 80.482: [GC (Allocation Failure) 80.482: [ParNew: 19618K->2150K(19648K), 0.0048204 secs] 47261K->34342K(63360K), 0.0050488 secs] [Times: user=0.00 sys=0.00, real=0.01 secs] 
2014-07-10T10:47:57.960+0200: 80.540: [GC (Allocation Failure) 80.540: [ParNew: 19616K->2148K(19648K), 0.0101163 secs] 51809K->39945K(63360K), 0.0105042 secs] [Times: user=0.00 sys=0.00, real=0.01 secs] 
2014-07-10T10:47:57.971+0200: 80.551: [GC (CMS Initial Mark) [1 CMS-initial-mark: 37797K(43712K)] 40011K(63360K), 0.0004619 secs] [Times: user=0.00 sys=0.00, real=0.00 secs] 
2014-07-10T10:47:57.971+0200: 80.551: [CMS-concurrent-mark-start]
2014-07-10T10:47:57.974+0200: 80.554: [CMS-concurrent-mark: 0.002/0.002 secs] [Times: user=0.03 sys=0.00, real=0.00 secs] 
2014-07-10T10:47:57.974+0200: 80.554: [CMS-concurrent-preclean-start]
2014-07-10T10:47:57.974+0200: 80.554: [CMS-concurrent-preclean: 0.000/0.000 secs] [Times: user=0.00 sys=0.00, real=0.00 secs] 
2014-07-10T10:47:57.975+0200: 80.555: [GC (CMS Final Remark) [YG occupancy: 2598 K (19648 K)]80.555: [Rescan (parallel) , 0.0003729 secs]80.555: [weak refs processing, 0.0000814 secs]80.555: [class unloading, 0.0006291 secs]80.556: [scrub symbol table, 0.0006156 secs]80.557: [scrub string table, 0.0001899 secs][1 CMS-remark: 37797K(43712K)] 40395K(63360K), 0.0022082 secs] [Times: user=0.00 sys=0.00, real=0.00 secs] 
2014-07-10T10:47:57.977+0200: 80.557: [CMS-concurrent-sweep-start]
2014-07-10T10:47:57.978+0200: 80.557: [CMS-concurrent-sweep: 0.000/0.000 secs] [Times: user=0.00 sys=0.00, real=0.00 secs] 
2014-07-10T10:47:57.978+0200: 80.558: [CMS-concurrent-reset-start]
2014-07-10T10:47:57.978+0200: 80.558: [CMS-concurrent-reset: 0.000/0.000 secs] [Times: user=0.00 sys=0.00, real=0.00 secs] 
2014-07-10T10:47:58.049+0200: 80.629: [GC (Allocation Failure) 80.629: [ParNew: 19616K->614K(19648K), 0.0009103 secs] 25717K->6717K(63360K), 0.0010551 secs] [Times: user=0.03 sys=0.00, real=0.00 secs] 
2014-07-10T10:47:58.146+0200: 80.726: [GC (Allocation Failure) 80.726: [ParNew: 18060K->103K(19648K), 0.0005752 secs] 24163K->6206K(63360K), 0.0007215 secs] [Times: user=0.00 sys=0.00, real=0.00 secs] 
2014-07-10T10:47:58.198+0200: 80.778: [GC (Allocation Failure) 80.779: [ParNew: 17569K->1161K(19648K), 0.0017382 secs] 23672K->7265K(63360K), 0.0020355 secs] [Times: user=0.00 sys=0.00, real=0.00 secs] 
2014-07-10T10:47:58.250+0200: 80.830: [GC (Allocation Failure) 80.830: [ParNew: 18630K->2148K(19648K), 0.0017701 secs] 24733K->8324K(63360K), 0.0020157 secs] [Times: user=0.00 sys=0.00, real=0.00 secs] 
2014-07-10T10:47:58.346+0200: 80.926: [GC (Allocation Failure) 80.926: [ParNew: 19588K->2150K(19648K), 0.0011292 secs] 25764K->8392K(63360K), 0.0012652 secs] [Times: user=0.03 sys=0.00, real=0.00 secs] 
2014-07-10T10:47:58.404+0200: 80.984: [GC (Allocation Failure) 80.984: [ParNew: 19616K->2150K(19648K), 0.0019468 secs] 25858K->9515K(63360K), 0.0021352 secs] [Times: user=0.00 sys=0.00, real=0.00 secs] 
2014-07-10T10:47:58.452+0200: 81.032: [GC (Allocation Failure) 81.032: [ParNew: 19618K->2148K(19648K), 0.0027959 secs] 26984K->11692K(63360K), 0.0030155 secs] [Times: user=0.00 sys=0.00, real=0.00 secs] 
2014-07-10T10:47:58.547+0200: 81.127: [GC (Allocation Failure) 81.127: [ParNew: 19614K->2150K(19648K), 0.0041931 secs] 29159K->14930K(63360K), 0.0044068 secs] [Times: user=0.03 sys=0.00, real=0.01 secs] 
2014-07-10T10:47:58.598+0200: 81.178: [GC (Allocation Failure) 81.178: [ParNew: 19607K->2150K(19648K), 0.0030503 secs] 32387K->17014K(63360K), 0.0032325 secs] [Times: user=0.00 sys=0.00, real=0.00 secs] 
2014-07-10T10:47:58.656+0200: 81.236: [GC (Allocation Failure) 81.237: [ParNew: 19617K->2148K(19648K), 0.0071994 secs] 34480K->20153K(63360K), 0.0076683 secs] [Times: user=0.03 sys=0.00, real=0.01 secs] 
2014-07-10T10:47:58.748+0200: 81.328: [GC (Allocation Failure) 81.328: [ParNew: 19616K->2150K(19648K), 0.0049593 secs] 37622K->24351K(63360K), 0.0051911 secs] [Times: user=0.03 sys=0.00, real=0.01 secs] 
2014-07-10T10:47:58.801+0200: 81.381: [GC (Allocation Failure) 81.381: [ParNew: 19616K->2148K(19648K), 0.0093746 secs] 41818K->29602K(63360K), 0.0097819 secs] [Times: user=0.00 sys=0.00, real=0.01 secs] 
2014-07-10T10:47:58.858+0200: 81.438: [GC (Allocation Failure) 81.438: [ParNew: 19588K->2148K(19648K), 0.0103535 secs] 47042K->34855K(63360K), 0.0108114 secs] [Times: user=0.03 sys=0.00, real=0.01 secs] 
2014-07-10T10:47:58.869+0200: 81.449: [GC (CMS Initial Mark) [1 CMS-initial-mark: 32707K(43712K)] 34921K(63360K), 0.0004143 secs] [Times: user=0.00 sys=0.00, real=0.00 secs] 
2014-07-10T10:47:58.870+0200: 81.450: [CMS-concurrent-mark-start]
2014-07-10T10:47:58.872+0200: 81.452: [CMS-concurrent-mark: 0.002/0.002 secs] [Times: user=0.00 sys=0.00, real=0.00 secs] 
2014-07-10T10:47:58.873+0200: 81.453: [CMS-concurrent-preclean-start]
2014-07-10T10:47:58.873+0200: 81.453: [CMS-concurrent-preclean: 0.000/0.000 secs] [Times: user=0.00 sys=0.00, real=0.00 secs] 
2014-07-10T10:47:58.873+0200: 81.453: [GC (CMS Final Remark) [YG occupancy: 2950 K (19648 K)]81.453: [Rescan (parallel) , 0.0003769 secs]81.454: [weak refs processing, 0.0000821 secs]81.454: [class unloading, 0.0010665 secs]81.455: [scrub symbol table, 0.0009144 secs]81.456: [scrub string table, 0.0001914 secs][1 CMS-remark: 32707K(43712K)] 35657K(63360K), 0.0030038 secs] [Times: user=0.00 sys=0.00, real=0.00 secs] 
2014-07-10T10:47:58.876+0200: 81.456: [CMS-concurrent-sweep-start]
2014-07-10T10:47:58.877+0200: 81.457: [CMS-concurrent-sweep: 0.000/0.000 secs] [Times: user=0.02 sys=0.00, real=0.00 secs] 
2014-07-10T10:47:58.877+0200: 81.457: [CMS-concurrent-reset-start]
2014-07-10T10:47:58.877+0200: 81.457: [CMS-concurrent-reset: 0.000/0.000 secs] [Times: user=0.00 sys=0.00, real=0.00 secs] 
2014-07-10T10:47:58.950+0200: 81.530: [GC (Allocation Failure) 81.530: [ParNew: 19616K->262K(19648K), 0.0007219 secs] 25366K->6014K(63360K), 0.0008553 secs] [Times: user=0.00 sys=0.00, real=0.00 secs] 
2014-07-10T10:47:59.047+0200: 81.627: [GC (Allocation Failure) 81.627: [ParNew: 17728K->1319K(19648K), 0.0017503 secs] 23481K->7072K(63360K), 0.0021521 secs] [Times: user=0.03 sys=0.00, real=0.00 secs] 
2014-07-10T10:47:59.096+0200: 81.676: [GC (Allocation Failure) 81.676: [ParNew: 18765K->805K(19648K), 0.0007695 secs] 24517K->6563K(63360K), 0.0009052 secs] [Times: user=0.00 sys=0.00, real=0.00 secs] 
2014-07-10T10:47:59.153+0200: 81.733: [GC (Allocation Failure) 81.733: [ParNew: 18271K->1862K(19648K), 0.0029000 secs] 24029K->7620K(63360K), 0.0033150 secs] [Times: user=0.00 sys=0.00, real=0.00 secs] 
2014-07-10T10:47:59.247+0200: 81.827: [GC (Allocation Failure) 81.827: [ParNew: 19331K->2150K(19648K), 0.0018309 secs] 25089K->8681K(63360K), 0.0020392 secs] [Times: user=0.00 sys=0.00, real=0.00 secs] 
2014-07-10T10:47:59.298+0200: 81.878: [GC (Allocation Failure) 81.878: [ParNew: 19616K->2150K(19648K), 0.0030569 secs] 26148K->10508K(63360K), 0.0032575 secs] [Times: user=0.00 sys=0.00, real=0.00 secs] 
2014-07-10T10:47:59.350+0200: 81.930: [GC (Allocation Failure) 81.931: [ParNew: 19595K->2150K(19648K), 0.0026723 secs] 27954K->11823K(63360K), 0.0028967 secs] [Times: user=0.00 sys=0.00, real=0.00 secs] 
2014-07-10T10:47:59.447+0200: 82.027: [GC (Allocation Failure) 82.027: [ParNew: 19618K->2148K(19648K), 0.0031574 secs] 29291K->14193K(63360K), 0.0033781 secs] [Times: user=0.00 sys=0.00, real=0.00 secs] 
2014-07-10T10:47:59.498+0200: 82.078: [GC (Allocation Failure) 82.078: [ParNew: 19614K->2150K(19648K), 0.0043727 secs] 31660K->17623K(63360K), 0.0045641 secs] [Times: user=0.03 sys=0.00, real=0.00 secs] 
2014-07-10T10:47:59.557+0200: 82.137: [GC (Allocation Failure) 82.137: [ParNew: 19596K->2150K(19648K), 0.0077010 secs] 35069K->21435K(63360K), 0.0080232 secs] [Times: user=0.03 sys=0.00, real=0.01 secs] 
2014-07-10T10:47:59.649+0200: 82.229: [GC (Allocation Failure) 82.229: [ParNew: 19590K->2150K(19648K), 0.0079297 secs] 38875K->25248K(63360K), 0.0082890 secs] [Times: user=0.03 sys=0.00, real=0.01 secs] 
2014-07-10T10:47:59.699+0200: 82.279: [GC (Allocation Failure) 82.279: [ParNew: 19618K->2150K(19648K), 0.0054748 secs] 42717K->30117K(63360K), 0.0057106 secs] [Times: user=0.03 sys=0.00, real=0.01 secs] 
2014-07-10T10:47:59.761+0200: 82.341: [GC (Allocation Failure) 82.341: [ParNew: 19616K->2148K(19648K), 0.0094351 secs] 47584K->36040K(63360K), 0.0098292 secs] [Times: user=0.03 sys=0.00, real=0.01 secs] 
2014-07-10T10:47:59.771+0200: 82.351: [GC (CMS Initial Mark) [1 CMS-initial-mark: 33892K(43712K)] 36106K(63360K), 0.0004400 secs] [Times: user=0.00 sys=0.00, real=0.00 secs] 
2014-07-10T10:47:59.772+0200: 82.352: [CMS-concurrent-mark-start]
2014-07-10T10:47:59.775+0200: 82.355: [CMS-concurrent-mark: 0.002/0.002 secs] [Times: user=0.00 sys=0.00, real=0.00 secs] 
2014-07-10T10:47:59.775+0200: 82.355: [CMS-concurrent-preclean-start]
2014-07-10T10:47:59.775+0200: 82.355: [CMS-concurrent-preclean: 0.000/0.000 secs] [Times: user=0.00 sys=0.00, real=0.00 secs] 
2014-07-10T10:47:59.775+0200: 82.355: [GC (CMS Final Remark) [YG occupancy: 2278 K (19648 K)]82.355: [Rescan (parallel) , 0.0001562 secs]82.355: [weak refs processing, 0.0000418 secs]82.355: [class unloading, 0.0005173 secs]82.356: [scrub symbol table, 0.0007879 secs]82.357: [scrub string table, 0.0002574 secs][1 CMS-remark: 33892K(43712K)] 36170K(63360K), 0.0020029 secs] [Times: user=0.00 sys=0.00, real=0.00 secs] 
2014-07-10T10:47:59.777+0200: 82.357: [CMS-concurrent-sweep-start]
2014-07-10T10:47:59.778+0200: 82.358: [CMS-concurrent-sweep: 0.000/0.000 secs] [Times: user=0.00 sys=0.00, real=0.00 secs] 
2014-07-10T10:47:59.778+0200: 82.358: [CMS-concurrent-reset-start]
2014-07-10T10:47:59.778+0200: 82.358: [CMS-concurrent-reset: 0.000/0.000 secs] [Times: user=0.00 sys=0.00, real=0.00 secs] 
2014-07-10T10:47:59.851+0200: 82.431: [GC (Allocation Failure) 82.431: [ParNew: 19588K->2150K(19648K), 0.0103806 secs] 26011K->14498K(63360K), 0.0107828 secs] [Times: user=0.03 sys=0.00, real=0.01 secs] 
2014-07-10T10:47:59.947+0200: 82.527: [GC (Allocation Failure) 82.527: [ParNew: 19618K->933K(19648K), 0.0016161 secs] 31967K->13284K(63360K), 0.0018753 secs] [Times: user=0.00 sys=0.00, real=0.00 secs] 
2014-07-10T10:47:59.996+0200: 82.576: [GC (Allocation Failure) 82.577: [ParNew: 18399K->1992K(19648K), 0.0011864 secs] 30751K->14343K(63360K), 0.0013309 secs] [Times: user=0.00 sys=0.00, real=0.00 secs] 
2014-07-10T10:48:00.050+0200: 82.630: [GC (Allocation Failure) 82.630: [ParNew: 19460K->2148K(19648K), 0.0020399 secs] 31811K->15401K(63360K), 0.0022177 secs] [Times: user=0.00 sys=0.00, real=0.00 secs] 
2014-07-10T10:48:00.146+0200: 82.726: [GC (Allocation Failure) 82.726: [ParNew: 19597K->2022K(19648K), 0.0010753 secs] 32850K->15277K(63360K), 0.0012308 secs] [Times: user=0.00 sys=0.00, real=0.00 secs] 
2014-07-10T10:48:00.201+0200: 82.781: [GC (Allocation Failure) 82.781: [ParNew: 19488K->2150K(19648K), 0.0036655 secs] 32743K->16337K(63360K), 0.0040362 secs] [Times: user=0.03 sys=0.00, real=0.00 secs] 
2014-07-10T10:48:00.251+0200: 82.831: [GC (Allocation Failure) 82.831: [ParNew: 19618K->2148K(19648K), 0.0036417 secs] 33806K->18322K(63360K), 0.0038620 secs] [Times: user=0.00 sys=0.00, real=0.00 secs] 
2014-07-10T10:48:00.349+0200: 82.929: [GC (Allocation Failure) 82.930: [ParNew: 19588K->2150K(19648K), 0.0051863 secs] 35762K->20311K(63360K), 0.0055976 secs] [Times: user=0.00 sys=0.00, real=0.01 secs] 
2014-07-10T10:48:00.398+0200: 82.978: [GC (Allocation Failure) 82.979: [ParNew: 19616K->2150K(19648K), 0.0039959 secs] 37778K->23356K(63360K), 0.0042151 secs] [Times: user=0.00 sys=0.00, real=0.01 secs] 
2014-07-10T10:48:00.452+0200: 83.032: [GC (Allocation Failure) 83.032: [ParNew: 19618K->2148K(19648K), 0.0047621 secs] 40824K->27454K(63360K), 0.0049590 secs] [Times: user=0.00 sys=0.00, real=0.01 secs] 
2014-07-10T10:48:00.548+0200: 83.128: [GC (Allocation Failure) 83.128: [ParNew: 19614K->2150K(19648K), 0.0055386 secs] 44920K->32612K(63360K), 0.0057483 secs] [Times: user=0.00 sys=0.00, real=0.01 secs] 
2014-07-10T10:48:00.597+0200: 83.178: [GC (Allocation Failure) 83.178: [ParNew: 19601K->2150K(19648K), 0.0052204 secs] 50064K->37129K(63360K), 0.0054246 secs] [Times: user=0.00 sys=0.00, real=0.01 secs] 
2014-07-10T10:48:00.603+0200: 83.183: [GC (CMS Initial Mark) [1 CMS-initial-mark: 34979K(43712K)] 37161K(63360K), 0.0002317 secs] [Times: user=0.00 sys=0.00, real=0.00 secs] 
2014-07-10T10:48:00.603+0200: 83.184: [CMS-concurrent-mark-start]
2014-07-10T10:48:00.604+0200: 83.184: [CMS-concurrent-mark: 0.001/0.001 secs] [Times: user=0.00 sys=0.00, real=0.00 secs] 
2014-07-10T10:48:00.604+0200: 83.184: [CMS-concurrent-preclean-start]
2014-07-10T10:48:00.605+0200: 83.185: [CMS-concurrent-preclean: 0.000/0.000 secs] [Times: user=0.00 sys=0.00, real=0.00 secs] 
2014-07-10T10:48:00.605+0200: 83.185: [GC (CMS Final Remark) [YG occupancy: 3688 K (19648 K)]83.185: [Rescan (parallel) , 0.0001217 secs]83.185: [weak refs processing, 0.0000330 secs]83.185: [class unloading, 0.0004242 secs]83.185: [scrub symbol table, 0.0005672 secs]83.186: [scrub string table, 0.0001712 secs][1 CMS-remark: 34979K(43712K)] 38668K(63360K), 0.0014775 secs] [Times: user=0.00 sys=0.00, real=0.00 secs] 
2014-07-10T10:48:00.606+0200: 83.186: [CMS-concurrent-sweep-start]
2014-07-10T10:48:00.607+0200: 83.187: [CMS-concurrent-sweep: 0.000/0.000 secs] [Times: user=0.00 sys=0.00, real=0.00 secs] 
2014-07-10T10:48:00.607+0200: 83.187: [CMS-concurrent-reset-start]
2014-07-10T10:48:00.607+0200: 83.187: [CMS-concurrent-reset: 0.000/0.000 secs] [Times: user=0.00 sys=0.00, real=0.00 secs] 
2014-07-10T10:48:00.659+0200: 83.239: [GC (Allocation Failure) 83.239: [ParNew: 19616K->2148K(19648K), 0.0093882 secs] 24632K->12738K(63360K), 0.0097761 secs] [Times: user=0.00 sys=0.00, real=0.01 secs] 
2014-07-10T10:48:00.753+0200: 83.333: [GC (Allocation Failure) 83.333: [ParNew: 19616K->580K(19648K), 0.0037363 secs] 30206K->11172K(63360K), 0.0040083 secs] [Times: user=0.00 sys=0.00, real=0.00 secs] 
2014-07-10T10:48:00.846+0200: 83.426: [GC (Allocation Failure) 83.426: [ParNew: 18026K->71K(19648K), 0.0010863 secs] 28618K->10663K(63360K), 0.0013360 secs] [Times: user=0.00 sys=0.00, real=0.00 secs] 
2014-07-10T10:48:00.896+0200: 83.477: [GC (Allocation Failure) 83.477: [ParNew: 17537K->1129K(19648K), 0.0016293 secs] 28129K->11721K(63360K), 0.0019299 secs] [Times: user=0.00 sys=0.00, real=0.00 secs] 
2014-07-10T10:48:00.950+0200: 83.530: [GC (Allocation Failure) 83.531: [ParNew: 18598K->2148K(19648K), 0.0019318 secs] 29190K->12780K(63360K), 0.0021602 secs] [Times: user=0.03 sys=0.00, real=0.00 secs] 
2014-07-10T10:48:01.047+0200: 83.627: [GC (Allocation Failure) 83.627: [ParNew: 19614K->2150K(19648K), 0.0020102 secs] 30247K->13873K(63360K), 0.0022558 secs] [Times: user=0.00 sys=0.00, real=0.00 secs] 
2014-07-10T10:48:01.096+0200: 83.677: [GC (Allocation Failure) 83.677: [ParNew: 19595K->2150K(19648K), 0.0016253 secs] 31319K->14452K(63360K), 0.0018243 secs] [Times: user=0.00 sys=0.00, real=0.00 secs] 
2014-07-10T10:48:01.150+0200: 83.731: [GC (Allocation Failure) 83.731: [ParNew: 19616K->2148K(19648K), 0.0044244 secs] 31918K->16086K(63360K), 0.0046701 secs] [Times: user=0.02 sys=0.00, real=0.00 secs] 
2014-07-10T10:48:01.249+0200: 83.830: [GC (Allocation Failure) 83.830: [ParNew: 19616K->2150K(19648K), 0.0231176 secs] 33554K->18779K(63360K), 0.0235066 secs] [Times: user=0.01 sys=0.00, real=0.02 secs] 
2014-07-10T10:48:01.298+0200: 83.878: [GC (Allocation Failure) 83.879: [ParNew: 19616K->2150K(19648K), 0.0044739 secs] 36246K->22527K(63360K), 0.0046712 secs] [Times: user=0.00 sys=0.00, real=0.00 secs] 
2014-07-10T10:48:01.356+0200: 83.936: [GC (Allocation Failure) 83.937: [ParNew: 19590K->2150K(19648K), 0.0078509 secs] 39967K->26275K(63360K), 0.0084126 secs] [Times: user=0.00 sys=0.02, real=0.01 secs] 
2014-07-10T10:48:01.448+0200: 84.028: [GC (Allocation Failure) 84.028: [ParNew: 19618K->2148K(19648K), 0.0051735 secs] 43743K->31078K(63360K), 0.0054558 secs] [Times: user=0.03 sys=0.00, real=0.01 secs] 
2014-07-10T10:48:01.499+0200: 84.079: [GC (Allocation Failure) 84.079: [ParNew: 19614K->2150K(19648K), 0.0062004 secs] 48545K->36941K(63360K), 0.0064027 secs] [Times: user=0.00 sys=0.00, real=0.01 secs] 
2014-07-10T10:48:01.505+0200: 84.086: [GC (CMS Initial Mark) [1 CMS-initial-mark: 34791K(43712K)] 37007K(63360K), 0.0002541 secs] [Times: user=0.00 sys=0.00, real=0.00 secs] 
2014-07-10T10:48:01.506+0200: 84.086: [CMS-concurrent-mark-start]
2014-07-10T10:48:01.506+0200: 84.087: [CMS-concurrent-mark: 0.001/0.001 secs] [Times: user=0.00 sys=0.00, real=0.00 secs] 
2014-07-10T10:48:01.506+0200: 84.087: [CMS-concurrent-preclean-start]
2014-07-10T10:48:01.507+0200: 84.087: [CMS-concurrent-preclean: 0.000/0.000 secs] [Times: user=0.00 sys=0.00, real=0.00 secs] 
2014-07-10T10:48:01.507+0200: 84.087: [GC (CMS Final Remark) [YG occupancy: 2344 K (19648 K)]84.087: [Rescan (parallel) , 0.0001254 secs]84.087: [weak refs processing, 0.0000315 secs]84.087: [class unloading, 0.0003952 secs]84.087: [scrub symbol table, 0.0005595 secs]84.088: [scrub string table, 0.0001617 secs][1 CMS-remark: 34791K(43712K)] 37135K(63360K), 0.0014232 secs] [Times: user=0.00 sys=0.00, real=0.00 secs] 
2014-07-10T10:48:01.508+0200: 84.088: [CMS-concurrent-sweep-start]
2014-07-10T10:48:01.509+0200: 84.089: [CMS-concurrent-sweep: 0.000/0.000 secs] [Times: user=0.00 sys=0.00, real=0.00 secs] 
2014-07-10T10:48:01.509+0200: 84.089: [CMS-concurrent-reset-start]
2014-07-10T10:48:01.509+0200: 84.089: [CMS-concurrent-reset: 0.000/0.000 secs] [Times: user=0.00 sys=0.00, real=0.00 secs] 
2014-07-10T10:48:01.553+0200: 84.133: [GC (Allocation Failure) 84.133: [ParNew: 19601K->2150K(19648K), 0.0056501 secs] 25963K->13732K(63360K), 0.0058821 secs] [Times: user=0.00 sys=0.00, real=0.01 secs] 
2014-07-10T10:48:01.650+0200: 84.231: [GC (Allocation Failure) 84.231: [ParNew: 19590K->2150K(19648K), 0.0101222 secs] 31172K->19466K(63360K), 0.0105911 secs] [Times: user=0.01 sys=0.00, real=0.01 secs] 
2014-07-10T10:48:01.746+0200: 84.326: [GC (Allocation Failure) 84.326: [ParNew: 19618K->741K(19648K), 0.0009745 secs] 36935K->18060K(63360K), 0.0011622 secs] [Times: user=0.03 sys=0.00, real=0.00 secs] 
2014-07-10T10:48:01.797+0200: 84.377: [GC (Allocation Failure) 84.377: [ParNew: 18181K->743K(19648K), 0.0014540 secs] 35500K->18062K(63360K), 0.0017330 secs] [Times: user=0.00 sys=0.00, real=0.00 secs] 
2014-07-10T10:48:01.852+0200: 84.433: [GC (Allocation Failure) 84.433: [ParNew: 18209K->1802K(19648K), 0.0030811 secs] 35529K->19122K(63360K), 0.0034723 secs] [Times: user=0.03 sys=0.00, real=0.00 secs] 
2014-07-10T10:48:01.950+0200: 84.530: [GC (Allocation Failure) 84.530: [ParNew: 19271K->2150K(19648K), 0.0031006 secs] 36590K->20181K(63360K), 0.0033968 secs] [Times: user=0.00 sys=0.00, real=0.00 secs] 
2014-07-10T10:48:01.997+0200: 84.577: [GC (Allocation Failure) 84.577: [ParNew: 19616K->2150K(19648K), 0.0027427 secs] 37648K->21944K(63360K), 0.0029744 secs] [Times: user=0.00 sys=0.00, real=0.00 secs] 
2014-07-10T10:48:02.054+0200: 84.635: [GC (Allocation Failure) 84.635: [ParNew: 19618K->2148K(19648K), 0.0034829 secs] 39413K->24762K(63360K), 0.0036630 secs] [Times: user=0.00 sys=0.00, real=0.00 secs] 
2014-07-10T10:48:02.149+0200: 84.729: [GC (Allocation Failure) 84.729: [ParNew: 19593K->2150K(19648K), 0.0062326 secs] 42208K->27071K(63360K), 0.0065949 secs] [Times: user=0.03 sys=0.00, real=0.01 secs] 
2014-07-10T10:48:02.198+0200: 84.778: [GC (Allocation Failure) 84.778: [ParNew: 19616K->2150K(19648K), 0.0042371 secs] 44538K->30436K(63360K), 0.0044695 secs] [Times: user=0.03 sys=0.00, real=0.00 secs] 
2014-07-10T10:48:02.252+0200: 84.832: [GC (Allocation Failure) 84.833: [ParNew: 19618K->2148K(19648K), 0.0055272 secs] 47905K->34854K(63360K), 0.0057509 secs] [Times: user=0.00 sys=0.00, real=0.01 secs] 
2014-07-10T10:48:02.349+0200: 84.929: [GC (Allocation Failure) 84.930: [ParNew: 19591K->2150K(19648K), 0.0080071 secs] 52298K->38764K(63360K), 0.0083858 secs] [Times: user=0.03 sys=0.00, real=0.01 secs] 
2014-07-10T10:48:02.358+0200: 84.938: [GC (CMS Initial Mark) [1 CMS-initial-mark: 36614K(43712K)] 38830K(63360K), 0.0004836 secs] [Times: user=0.00 sys=0.00, real=0.00 secs] 
2014-07-10T10:48:02.359+0200: 84.939: [CMS-concurrent-mark-start]
2014-07-10T10:48:02.362+0200: 84.942: [CMS-concurrent-mark: 0.003/0.003 secs] [Times: user=0.00 sys=0.00, real=0.00 secs] 
2014-07-10T10:48:02.362+0200: 84.942: [CMS-concurrent-preclean-start]
2014-07-10T10:48:02.362+0200: 84.943: [CMS-concurrent-preclean: 0.000/0.000 secs] [Times: user=0.00 sys=0.00, real=0.00 secs] 
2014-07-10T10:48:02.362+0200: 84.943: [CMS-concurrent-abortable-preclean-start]
2014-07-10T10:48:02.399+0200: 84.980: [GC (Allocation Failure) 84.980: [ParNew: 19618K->2150K(19648K), 0.0056581 secs] 56233K->43730K(63360K), 0.0058799 secs] [Times: user=0.03 sys=0.00, real=0.01 secs] 
2014-07-10T10:48:02.405+0200: 84.986: [CMS-concurrent-abortable-preclean: 0.001/0.043 secs] [Times: user=0.03 sys=0.00, real=0.04 secs] 
2014-07-10T10:48:02.406+0200: 84.986: [GC (CMS Final Remark) [YG occupancy: 2344 K (19648 K)]84.986: [Rescan (parallel) , 0.0002240 secs]84.986: [weak refs processing, 0.0000396 secs]84.986: [class unloading, 0.0005290 secs]84.987: [scrub symbol table, 0.0006966 secs]84.987: [scrub string table, 0.0002027 secs][1 CMS-remark: 41580K(43712K)] 43924K(63360K), 0.0018984 secs] [Times: user=0.00 sys=0.00, real=0.00 secs] 
2014-07-10T10:48:02.408+0200: 84.988: [CMS-concurrent-sweep-start]
2014-07-10T10:48:02.408+0200: 84.988: [CMS-concurrent-sweep: 0.001/0.001 secs] [Times: user=0.00 sys=0.00, real=0.00 secs] 
2014-07-10T10:48:02.408+0200: 84.988: [CMS-concurrent-reset-start]
2014-07-10T10:48:02.408+0200: 84.989: [CMS-concurrent-reset: 0.000/0.000 secs] [Times: user=0.00 sys=0.00, real=0.00 secs] 
2014-07-10T10:48:02.453+0200: 85.033: [GC (Allocation Failure) 85.033: [ParNew: 19616K->2148K(19648K), 0.0060306 secs] 28992K->17544K(63360K), 0.0062396 secs] [Times: user=0.00 sys=0.00, real=0.01 secs] 
2014-07-10T10:48:02.552+0200: 85.132: [GC (Allocation Failure) 85.132: [ParNew: 19616K->1030K(19648K), 0.0023534 secs] 35013K->16429K(63360K), 0.0026536 secs] [Times: user=0.00 sys=0.00, real=0.00 secs] 
2014-07-10T10:48:02.646+0200: 85.226: [GC (Allocation Failure) 85.226: [ParNew: 18482K->391K(19648K), 0.0005400 secs] 33881K->15790K(63360K), 0.0006420 secs] [Times: user=0.00 sys=0.00, real=0.00 secs] 
2014-07-10T10:48:02.696+0200: 85.276: [GC (Allocation Failure) 85.276: [ParNew: 17858K->1450K(19648K), 0.0009019 secs] 33257K->16849K(63360K), 0.0010255 secs] [Times: user=0.00 sys=0.00, real=0.00 secs] 
2014-07-10T10:48:02.753+0200: 85.334: [GC (Allocation Failure) 85.334: [ParNew: 18918K->2148K(19648K), 0.0037319 secs] 34317K->17908K(63360K), 0.0041634 secs] [Times: user=0.00 sys=0.00, real=0.00 secs] 
2014-07-10T10:48:02.847+0200: 85.428: [GC (Allocation Failure) 85.428: [ParNew: 19588K->2150K(19648K), 0.0026335 secs] 35348K->18264K(63360K), 0.0029587 secs] [Times: user=0.00 sys=0.00, real=0.00 secs] 
2014-07-10T10:48:02.898+0200: 85.478: [GC (Allocation Failure) 85.478: [ParNew: 19616K->2150K(19648K), 0.0046976 secs] 35731K->19676K(63360K), 0.0050877 secs] [Times: user=0.03 sys=0.00, real=0.01 secs] 
2014-07-10T10:48:02.956+0200: 85.537: [GC (Allocation Failure) 85.537: [ParNew: 19618K->2148K(19648K), 0.0062961 secs] 37144K->22141K(63360K), 0.0067100 secs] [Times: user=0.00 sys=0.00, real=0.01 secs] 
2014-07-10T10:48:03.050+0200: 85.630: [GC (Allocation Failure) 85.630: [ParNew: 19614K->2150K(19648K), 0.0074440 secs] 39607K->25667K(63360K), 0.0078022 secs] [Times: user=0.03 sys=0.00, real=0.01 secs] 
2014-07-10T10:48:03.097+0200: 85.677: [GC (Allocation Failure) 85.677: [ParNew: 19601K->2150K(19648K), 0.0036714 secs] 43118K->28167K(63360K), 0.0038807 secs] [Times: user=0.00 sys=0.00, real=0.00 secs] 
2014-07-10T10:48:03.152+0200: 85.732: [GC (Allocation Failure) 85.732: [ParNew: 19617K->2148K(19648K), 0.0041931 secs] 45633K->31722K(63360K), 0.0044263 secs] [Times: user=0.00 sys=0.00, real=0.00 secs] 
2014-07-10T10:48:03.248+0200: 85.828: [GC (Allocation Failure) 85.828: [ParNew: 19616K->2150K(19648K), 0.0053538 secs] 49190K->36336K(63360K), 0.0056416 secs] [Times: user=0.00 sys=0.00, real=0.01 secs] 
2014-07-10T10:48:03.254+0200: 85.834: [GC (CMS Initial Mark) [1 CMS-initial-mark: 34186K(43712K)] 36402K(63360K), 0.0001972 secs] [Times: user=0.00 sys=0.00, real=0.00 secs] 
2014-07-10T10:48:03.254+0200: 85.834: [CMS-concurrent-mark-start]
2014-07-10T10:48:03.255+0200: 85.836: [CMS-concurrent-mark: 0.001/0.001 secs] [Times: user=0.00 sys=0.00, real=0.00 secs] 
2014-07-10T10:48:03.256+0200: 85.836: [CMS-concurrent-preclean-start]
2014-07-10T10:48:03.256+0200: 85.836: [CMS-concurrent-preclean: 0.000/0.000 secs] [Times: user=0.00 sys=0.00, real=0.00 secs] 
2014-07-10T10:48:03.256+0200: 85.836: [CMS-concurrent-abortable-preclean-start]
2014-07-10T10:48:03.298+0200: 85.879: [GC (Allocation Failure) 85.879: [ParNew: 19590K->2150K(19648K), 0.0054154 secs] 53776K->40949K(63360K), 0.0056464 secs] [Times: user=0.00 sys=0.00, real=0.01 secs] 
2014-07-10T10:48:03.359+0200: 85.939: [GC (Allocation Failure) 85.940: [ParNew: 19616K->19616K(19648K), 0.0001543 secs]85.940: [CMS2014-07-10T10:48:03.360+0200: 85.940: [CMS-concurrent-abortable-preclean: 0.001/0.104 secs] [Times: user=0.02 sys=0.00, real=0.10 secs] 
 (concurrent mode failure): 38798K->8316K(43712K), 0.0170437 secs] 58415K->8316K(63360K), [Metaspace: 2457K->2457K(1056768K)], 0.0175368 secs] [Times: user=0.02 sys=0.00, real=0.02 secs] 
2014-07-10T10:48:03.449+0200: 86.029: [GC (Allocation Failure) 86.030: [ParNew: 17468K->678K(19648K), 0.0008854 secs] 25784K->8994K(63360K), 0.0010291 secs] [Times: user=0.00 sys=0.00, real=0.00 secs] 
2014-07-10T10:48:03.546+0200: 86.126: [GC (Allocation Failure) 86.127: [ParNew: 18144K->1735K(19648K), 0.0011791 secs] 26461K->10052K(63360K), 0.0013591 secs] [Times: user=0.00 sys=0.00, real=0.00 secs] 
2014-07-10T10:48:03.597+0200: 86.177: [GC (Allocation Failure) 86.177: [ParNew: 19186K->1093K(19648K), 0.0018093 secs] 27502K->9419K(63360K), 0.0020736 secs] [Times: user=0.00 sys=0.00, real=0.00 secs] 
2014-07-10T10:48:03.680+0200: 86.260: [GC (Allocation Failure) 86.260: [ParNew: 18562K->2148K(19648K), 0.0014163 secs] 26887K->10477K(63360K), 0.0015794 secs] [Times: user=0.03 sys=0.00, real=0.00 secs] 
2014-07-10T10:48:03.747+0200: 86.328: [GC (Allocation Failure) 86.328: [ParNew: 19614K->2150K(19648K), 0.0035082 secs] 27944K->11538K(63360K), 0.0038866 secs] [Times: user=0.00 sys=0.00, real=0.00 secs] 
2014-07-10T10:48:03.798+0200: 86.378: [GC (Allocation Failure) 86.378: [ParNew: 19618K->2150K(19648K), 0.0054022 secs] 29006K->13653K(63360K), 0.0057535 secs] [Times: user=0.00 sys=0.00, real=0.01 secs] 
2014-07-10T10:48:03.854+0200: 86.434: [GC (Allocation Failure) 86.435: [ParNew: 19593K->2150K(19648K), 0.0052233 secs] 31097K->15256K(63360K), 0.0056152 secs] [Times: user=0.00 sys=0.00, real=0.01 secs] 
2014-07-10T10:48:03.947+0200: 86.528: [GC (Allocation Failure) 86.528: [ParNew: 19618K->2150K(19648K), 0.0042822 secs] 32724K->17916K(63360K), 0.0044413 secs] [Times: user=0.00 sys=0.00, real=0.00 secs] 
2014-07-10T10:48:03.998+0200: 86.578: [GC (Allocation Failure) 86.578: [ParNew: 19616K->2150K(19648K), 0.0045605 secs] 35383K->21632K(63360K), 0.0048494 secs] [Times: user=0.00 sys=0.00, real=0.01 secs] 
2014-07-10T10:48:04.057+0200: 86.637: [GC (Allocation Failure) 86.638: [ParNew: 19618K->2148K(19648K), 0.0081999 secs] 39101K->26403K(63360K), 0.0085317 secs] [Times: user=0.00 sys=0.00, real=0.01 secs] 
2014-07-10T10:48:04.150+0200: 86.730: [GC (Allocation Failure) 86.730: [ParNew: 19593K->2150K(19648K), 0.0067536 secs] 43849K->30665K(63360K), 0.0070913 secs] [Times: user=0.00 sys=0.00, real=0.01 secs] 
2014-07-10T10:48:04.201+0200: 86.782: [GC (Allocation Failure) 86.782: [ParNew: 19616K->2150K(19648K), 0.0055569 secs] 48132K->35983K(63360K), 0.0058609 secs] [Times: user=0.00 sys=0.00, real=0.01 secs] 
2014-07-10T10:48:04.210+0200: 86.790: [GC (CMS Initial Mark) [1 CMS-initial-mark: 33833K(43712K)] 36049K(63360K), 0.0002827 secs] [Times: user=0.00 sys=0.00, real=0.00 secs] 
2014-07-10T10:48:04.210+0200: 86.790: [CMS-concurrent-mark-start]
2014-07-10T10:48:04.211+0200: 86.792: [CMS-concurrent-mark: 0.001/0.001 secs] [Times: user=0.00 sys=0.00, real=0.00 secs] 
2014-07-10T10:48:04.211+0200: 86.792: [CMS-concurrent-preclean-start]
2014-07-10T10:48:04.212+0200: 86.792: [CMS-concurrent-preclean: 0.000/0.000 secs] [Times: user=0.02 sys=0.00, real=0.00 secs] 
2014-07-10T10:48:04.212+0200: 86.793: [GC (CMS Final Remark) [YG occupancy: 2888 K (19648 K)]86.793: [Rescan (parallel) , 0.0002310 secs]86.793: [weak refs processing, 0.0000499 secs]86.793: [class unloading, 0.0005734 secs]86.794: [scrub symbol table, 0.0008293 secs]86.794: [scrub string table, 0.0002599 secs][1 CMS-remark: 33833K(43712K)] 36721K(63360K), 0.0023138 secs] [Times: user=0.00 sys=0.00, real=0.00 secs] 
2014-07-10T10:48:04.215+0200: 86.795: [CMS-concurrent-sweep-start]
2014-07-10T10:48:04.215+0200: 86.795: [CMS-concurrent-sweep: 0.000/0.000 secs] [Times: user=0.00 sys=0.00, real=0.00 secs] 
2014-07-10T10:48:04.215+0200: 86.796: [CMS-concurrent-reset-start]
2014-07-10T10:48:04.215+0200: 86.796: [CMS-concurrent-reset: 0.000/0.000 secs] [Times: user=0.00 sys=0.00, real=0.00 secs] 
2014-07-10T10:48:04.296+0200: 86.876: [GC (Allocation Failure) 86.876: [ParNew: 19618K->325K(19648K), 0.0006673 secs] 25440K->6149K(63360K), 0.0008069 secs] [Times: user=0.00 sys=0.00, real=0.00 secs] 
2014-07-10T10:48:04.351+0200: 86.931: [GC (Allocation Failure) 86.932: [ParNew: 17765K->327K(19648K), 0.0019783 secs] 23589K->6151K(63360K), 0.0022694 secs] [Times: user=0.00 sys=0.00, real=0.00 secs] 
2014-07-10T10:48:04.447+0200: 87.028: [GC (Allocation Failure) 87.028: [ParNew: 17793K->1384K(19648K), 0.0012773 secs] 23618K->7209K(63360K), 0.0013906 secs] [Times: user=0.00 sys=0.00, real=0.00 secs] 
2014-07-10T10:48:04.497+0200: 87.078: [GC (Allocation Failure) 87.078: [ParNew: 18853K->2150K(19648K), 0.0027222 secs] 24677K->8270K(63360K), 0.0030536 secs] [Times: user=0.00 sys=0.00, real=0.00 secs] 
2014-07-10T10:48:04.554+0200: 87.134: [GC (Allocation Failure) 87.135: [ParNew: 19600K->2150K(19648K), 0.0037319 secs] 25721K->8433K(63360K), 0.0041073 secs] [Times: user=0.03 sys=0.00, real=0.00 secs] 
2014-07-10T10:48:04.647+0200: 87.228: [GC (Allocation Failure) 87.228: [ParNew: 19590K->2150K(19648K), 0.0025895 secs] 25873K->8596K(63360K), 0.0028993 secs] [Times: user=0.03 sys=0.00, real=0.00 secs] 
2014-07-10T10:48:04.699+0200: 87.279: [GC (Allocation Failure) 87.279: [ParNew: 19616K->2150K(19648K), 0.0037817 secs] 26063K->9816K(63360K), 0.0041557 secs] [Times: user=0.00 sys=0.00, real=0.00 secs] 
2014-07-10T10:48:04.762+0200: 87.342: [GC (Allocation Failure) 87.343: [ParNew: 19618K->2148K(19648K), 0.0034980 secs] 27284K->12089K(63360K), 0.0037099 secs] [Times: user=0.00 sys=0.00, real=0.00 secs] 
2014-07-10T10:48:04.848+0200: 87.429: [GC (Allocation Failure) 87.429: [ParNew: 19588K->2150K(19648K), 0.0058847 secs] 29529K->14366K(63360K), 0.0062491 secs] [Times: user=0.03 sys=0.00, real=0.01 secs] 
2014-07-10T10:48:04.899+0200: 87.479: [GC (Allocation Failure) 87.479: [ParNew: 19616K->2150K(19648K), 0.0075921 secs] 31833K->17698K(63360K), 0.0079583 secs] [Times: user=0.00 sys=0.00, real=0.01 secs] 
2014-07-10T10:48:04.958+0200: 87.539: [GC (Allocation Failure) 87.539: [ParNew: 19618K->2148K(19648K), 0.0076661 secs] 35167K->22085K(63360K), 0.0079785 secs] [Times: user=0.03 sys=0.00, real=0.01 secs] 
2014-07-10T10:48:05.051+0200: 87.631: [GC (Allocation Failure) 87.631: [ParNew: 19614K->2150K(19648K), 0.0096316 secs] 39551K->27531K(63360K), 0.0100606 secs] [Times: user=0.03 sys=0.00, real=0.01 secs] 
2014-07-10T10:48:05.100+0200: 87.680: [GC (Allocation Failure) 87.680: [ParNew: 19595K->2150K(19648K), 0.0092782 secs] 44977K->32464K(63360K), 0.0096621 secs] [Times: user=0.03 sys=0.00, real=0.01 secs] 
2014-07-10T10:48:05.160+0200: 87.740: [GC (Allocation Failure) 87.740: [ParNew: 19616K->2148K(19648K), 0.0096745 secs] 49930K->38452K(63360K), 0.0099598 secs] [Times: user=0.03 sys=0.00, real=0.01 secs] 
2014-07-10T10:48:05.171+0200: 87.751: [GC (CMS Initial Mark) [1 CMS-initial-mark: 36304K(43712K)] 38518K(63360K), 0.0004147 secs] [Times: user=0.00 sys=0.00, real=0.00 secs] 
2014-07-10T10:48:05.172+0200: 87.752: [CMS-concurrent-mark-start]
2014-07-10T10:48:05.175+0200: 87.755: [CMS-concurrent-mark: 0.002/0.002 secs] [Times: user=0.00 sys=0.00, real=0.00 secs] 
2014-07-10T10:48:05.175+0200: 87.755: [CMS-concurrent-preclean-start]
2014-07-10T10:48:05.175+0200: 87.755: [CMS-concurrent-preclean: 0.000/0.000 secs] [Times: user=0.00 sys=0.00, real=0.00 secs] 
2014-07-10T10:48:05.175+0200: 87.756: [GC (CMS Final Remark) [YG occupancy: 2214 K (19648 K)]87.756: [Rescan (parallel) , 0.0001804 secs]87.756: [weak refs processing, 0.0000407 secs]87.756: [class unloading, 0.0005719 secs]87.757: [scrub symbol table, 0.0006442 secs]87.757: [scrub string table, 0.0002060 secs][1 CMS-remark: 36304K(43712K)] 38518K(63360K), 0.0018478 secs] [Times: user=0.00 sys=0.00, real=0.00 secs] 
2014-07-10T10:48:05.177+0200: 87.758: [CMS-concurrent-sweep-start]
2014-07-10T10:48:05.178+0200: 87.758: [CMS-concurrent-sweep: 0.000/0.000 secs] [Times: user=0.00 sys=0.00, real=0.00 secs] 
2014-07-10T10:48:05.178+0200: 87.758: [CMS-concurrent-reset-start]
2014-07-10T10:48:05.178+0200: 87.758: [CMS-concurrent-reset: 0.000/0.000 secs] [Times: user=0.00 sys=0.00, real=0.00 secs] 
2014-07-10T10:48:05.249+0200: 87.830: [GC (Allocation Failure) 87.830: [ParNew: 19616K->998K(19648K), 0.0010672 secs] 26111K->7495K(63360K), 0.0012062 secs] [Times: user=0.00 sys=0.00, real=0.00 secs] 
2014-07-10T10:48:05.346+0200: 87.927: [GC (Allocation Failure) 87.927: [ParNew: 18444K->487K(19648K), 0.0013136 secs] 24940K->6983K(63360K), 0.0015644 secs] [Times: user=0.00 sys=0.00, real=0.00 secs] 
2014-07-10T10:48:05.397+0200: 87.977: [GC (Allocation Failure) 87.977: [ParNew: 17953K->1545K(19648K), 0.0010991 secs] 24450K->8042K(63360K), 0.0012348 secs] [Times: user=0.00 sys=0.00, real=0.00 secs] 
2014-07-10T10:48:05.450+0200: 88.030: [GC (Allocation Failure) 88.031: [ParNew: 19014K->2148K(19648K), 0.0018511 secs] 25511K->9101K(63360K), 0.0020238 secs] [Times: user=0.00 sys=0.00, real=0.00 secs] 
2014-07-10T10:48:05.547+0200: 88.127: [GC (Allocation Failure) 88.127: [ParNew: 19614K->2150K(19648K), 0.0024590 secs] 26568K->10610K(63360K), 0.0027196 secs] [Times: user=0.00 sys=0.00, real=0.00 secs] 
2014-07-10T10:48:05.598+0200: 88.178: [GC (Allocation Failure) 88.178: [ParNew: 19600K->2150K(19648K), 0.0032912 secs] 28061K->11477K(63360K), 0.0036252 secs] [Times: user=0.03 sys=0.00, real=0.00 secs] 
2014-07-10T10:48:05.655+0200: 88.235: [GC (Allocation Failure) 88.235: [ParNew: 19616K->2148K(19648K), 0.0054833 secs] 28943K->13399K(63360K), 0.0058869 secs] [Times: user=0.00 sys=0.00, real=0.01 secs] 
2014-07-10T10:48:05.749+0200: 88.330: [GC (Allocation Failure) 88.330: [ParNew: 19614K->2150K(19648K), 0.0067796 secs] 30866K->16381K(63360K), 0.0071323 secs] [Times: user=0.02 sys=0.00, real=0.01 secs] 
2014-07-10T10:48:05.798+0200: 88.378: [GC (Allocation Failure) 88.378: [ParNew: 19618K->2150K(19648K), 0.0048200 secs] 33849K->20417K(63360K), 0.0051482 secs] [Times: user=0.03 sys=0.00, real=0.00 secs] 
2014-07-10T10:48:05.852+0200: 88.432: [GC (Allocation Failure) 88.432: [ParNew: 19590K->2150K(19648K), 0.0049047 secs] 37857K->24453K(63360K), 0.0050862 secs] [Times: user=0.00 sys=0.00, real=0.01 secs] 
2014-07-10T10:48:05.951+0200: 88.532: [GC (Allocation Failure) 88.532: [ParNew: 19616K->2148K(19648K), 0.0091081 secs] 41920K->29544K(63360K), 0.0095022 secs] [Times: user=0.03 sys=0.00, real=0.01 secs] 
2014-07-10T10:48:06.046+0200: 88.627: [GC (Allocation Failure) 88.627: [ParNew: 19616K->101K(19648K), 0.0011072 secs] 47013K->27499K(63360K), 0.0013638 secs] [Times: user=0.00 sys=0.00, real=0.00 secs] 
2014-07-10T10:48:06.061+0200: 88.642: [GC (Allocation Failure) 88.642: [ParNew: 17550K->2151K(19648K), 0.0092316 secs] 44949K->34673K(63360K), 0.0097614 secs] [Times: user=0.03 sys=0.00, real=0.01 secs] 
2014-07-10T10:48:06.072+0200: 88.652: [GC (CMS Initial Mark) [1 CMS-initial-mark: 32521K(43712K)] 34739K(63360K), 0.0004220 secs] [Times: user=0.00 sys=0.00, real=0.00 secs] 
2014-07-10T10:48:06.073+0200: 88.653: [CMS-concurrent-mark-start]
2014-07-10T10:48:06.075+0200: 88.655: [CMS-concurrent-mark: 0.002/0.002 secs] [Times: user=0.00 sys=0.00, real=0.00 secs] 
2014-07-10T10:48:06.075+0200: 88.655: [CMS-concurrent-preclean-start]
2014-07-10T10:48:06.075+0200: 88.656: [CMS-concurrent-preclean: 0.000/0.000 secs] [Times: user=0.00 sys=0.00, real=0.00 secs] 
2014-07-10T10:48:06.075+0200: 88.656: [GC (CMS Final Remark) [YG occupancy: 3082 K (19648 K)]88.656: [Rescan (parallel) , 0.0002218 secs]88.656: [weak refs processing, 0.0000469 secs]88.656: [class unloading, 0.0005323 secs]88.657: [scrub symbol table, 0.0007439 secs]88.657: [scrub string table, 0.0002420 secs][1 CMS-remark: 32521K(43712K)] 35603K(63360K), 0.0020410 secs] [Times: user=0.00 sys=0.00, real=0.00 secs] 
2014-07-10T10:48:06.078+0200: 88.658: [CMS-concurrent-sweep-start]
2014-07-10T10:48:06.078+0200: 88.658: [CMS-concurrent-sweep: 0.000/0.000 secs] [Times: user=0.00 sys=0.00, real=0.00 secs] 
2014-07-10T10:48:06.078+0200: 88.658: [CMS-concurrent-reset-start]
2014-07-10T10:48:06.078+0200: 88.659: [CMS-concurrent-reset: 0.000/0.000 secs] [Times: user=0.00 sys=0.00, real=0.00 secs] 
2014-07-10T10:48:06.151+0200: 88.732: [GC (Allocation Failure) 88.732: [ParNew: 19620K->134K(19648K), 0.0014705 secs] 25248K->5768K(63360K), 0.0017543 secs] [Times: user=0.00 sys=0.00, real=0.00 secs] 
2014-07-10T10:48:06.246+0200: 88.827: [GC (Allocation Failure) 88.827: [ParNew: 17600K->1191K(19648K), 0.0007919 secs] 23234K->6825K(63360K), 0.0009070 secs] [Times: user=0.00 sys=0.00, real=0.00 secs] 
2014-07-10T10:48:06.296+0200: 88.877: [GC (Allocation Failure) 88.877: [ParNew: 18660K->2150K(19648K), 0.0012436 secs] 24294K->7885K(63360K), 0.0013935 secs] [Times: user=0.00 sys=0.00, real=0.00 secs] 
2014-07-10T10:48:06.350+0200: 88.931: [GC (Allocation Failure) 88.931: [ParNew: 19590K->2148K(19648K), 0.0017253 secs] 25325K->7981K(63360K), 0.0019435 secs] [Times: user=0.00 sys=0.00, real=0.00 secs] 
2014-07-10T10:48:06.447+0200: 89.027: [GC (Allocation Failure) 89.027: [ParNew: 19614K->2150K(19648K), 0.0017847 secs] 25448K->9138K(63360K), 0.0020168 secs] [Times: user=0.00 sys=0.00, real=0.00 secs] 
2014-07-10T10:48:06.499+0200: 89.079: [GC (Allocation Failure) 89.080: [ParNew: 19618K->2150K(19648K), 0.0052963 secs] 26607K->11350K(63360K), 0.0056897 secs] [Times: user=0.00 sys=0.02, real=0.01 secs] 
2014-07-10T10:48:06.551+0200: 89.132: [GC (Allocation Failure) 89.132: [ParNew: 19616K->2148K(19648K), 0.0048358 secs] 28816K->14615K(63360K), 0.0051251 secs] [Times: user=0.00 sys=0.02, real=0.01 secs] 
2014-07-10T10:48:06.649+0200: 89.229: [GC (Allocation Failure) 89.229: [ParNew: 19599K->2150K(19648K), 0.0062356 secs] 32067K->17245K(63360K), 0.0065894 secs] [Times: user=0.00 sys=0.00, real=0.01 secs] 
2014-07-10T10:48:06.698+0200: 89.278: [GC (Allocation Failure) 89.278: [ParNew: 19617K->2150K(19648K), 0.0044083 secs] 34712K->20930K(63360K), 0.0046067 secs] [Times: user=0.00 sys=0.00, real=0.00 secs] 
2014-07-10T10:48:06.757+0200: 89.338: [GC (Allocation Failure) 89.338: [ParNew: 19618K->2148K(19648K), 0.0082513 secs] 38399K->25669K(63360K), 0.0085724 secs] [Times: user=0.00 sys=0.00, real=0.01 secs] 
2014-07-10T10:48:06.872+0200: 89.452: [GC (Allocation Failure) 89.452: [ParNew: 19593K->2150K(19648K), 0.0076460 secs] 43115K->29899K(63360K), 0.0080441 secs] [Times: user=0.03 sys=0.00, real=0.01 secs] 
2014-07-10T10:48:06.898+0200: 89.478: [GC (Allocation Failure) 89.479: [ParNew: 19616K->2150K(19648K), 0.0057843 secs] 47366K->35185K(63360K), 0.0059903 secs] [Times: user=0.00 sys=0.00, real=0.01 secs] 
2014-07-10T10:48:06.904+0200: 89.485: [GC (CMS Initial Mark) [1 CMS-initial-mark: 33035K(43712K)] 35251K(63360K), 0.0002005 secs] [Times: user=0.00 sys=0.00, real=0.00 secs] 
2014-07-10T10:48:06.904+0200: 89.485: [CMS-concurrent-mark-start]
2014-07-10T10:48:06.905+0200: 89.486: [CMS-concurrent-mark: 0.001/0.001 secs] [Times: user=0.00 sys=0.00, real=0.00 secs] 
2014-07-10T10:48:06.905+0200: 89.486: [CMS-concurrent-preclean-start]
2014-07-10T10:48:06.906+0200: 89.486: [CMS-concurrent-preclean: 0.000/0.000 secs] [Times: user=0.00 sys=0.00, real=0.00 secs] 
2014-07-10T10:48:06.906+0200: 89.486: [GC (CMS Final Remark) [YG occupancy: 2920 K (19648 K)]89.486: [Rescan (parallel) , 0.0002937 secs]89.487: [weak refs processing, 0.0000381 secs]89.487: [class unloading, 0.0004737 secs]89.487: [scrub symbol table, 0.0006137 secs]89.488: [scrub string table, 0.0001906 secs][1 CMS-remark: 33035K(43712K)] 35955K(63360K), 0.0018185 secs] [Times: user=0.00 sys=0.00, real=0.00 secs] 
2014-07-10T10:48:06.908+0200: 89.488: [CMS-concurrent-sweep-start]
2014-07-10T10:48:06.908+0200: 89.488: [CMS-concurrent-sweep: 0.000/0.000 secs] [Times: user=0.00 sys=0.00, real=0.00 secs] 
2014-07-10T10:48:06.908+0200: 89.489: [CMS-concurrent-reset-start]
2014-07-10T10:48:06.908+0200: 89.489: [CMS-concurrent-reset: 0.000/0.000 secs] [Times: user=0.00 sys=0.00, real=0.00 secs] 
2014-07-10T10:48:06.996+0200: 89.576: [GC (Allocation Failure) 89.576: [ParNew: 19618K->293K(19648K), 0.0004887 secs] 25412K->6089K(63360K), 0.0005752 secs] [Times: user=0.00 sys=0.00, real=0.00 secs] 
2014-07-10T10:48:07.050+0200: 89.631: [GC (Allocation Failure) 89.631: [ParNew: 17733K->807K(19648K), 0.0010716 secs] 23529K->6603K(63360K), 0.0012242 secs] [Times: user=0.03 sys=0.00, real=0.00 secs] 
2014-07-10T10:48:07.146+0200: 89.727: [GC (Allocation Failure) 89.727: [ParNew: 18247K->809K(19648K), 0.0015417 secs] 24043K->6605K(63360K), 0.0017950 secs] [Times: user=0.00 sys=0.00, real=0.00 secs] 
2014-07-10T10:48:07.199+0200: 89.779: [GC (Allocation Failure) 89.781: [ParNew: 18275K->1868K(19648K), 0.0023735 secs] 24072K->7664K(63360K), 0.0041124 secs] [Times: user=0.00 sys=0.00, real=0.00 secs] 
2014-07-10T10:48:07.250+0200: 89.831: [GC (Allocation Failure) 89.831: [ParNew: 19336K->2148K(19648K), 0.0023152 secs] 25132K->8723K(63360K), 0.0025440 secs] [Times: user=0.00 sys=0.00, real=0.00 secs] 
2014-07-10T10:48:07.348+0200: 89.928: [GC (Allocation Failure) 89.928: [ParNew: 19588K->2150K(19648K), 0.0030030 secs] 26163K->9496K(63360K), 0.0033308 secs] [Times: user=0.00 sys=0.00, real=0.00 secs] 
2014-07-10T10:48:07.400+0200: 89.980: [GC (Allocation Failure) 89.980: [ParNew: 19616K->2150K(19648K), 0.0028179 secs] 26962K->11323K(63360K), 0.0030998 secs] [Times: user=0.00 sys=0.00, real=0.00 secs] 
2014-07-10T10:48:07.451+0200: 90.031: [GC (Allocation Failure) 90.031: [ParNew: 19618K->2148K(19648K), 0.0039269 secs] 28792K->14205K(63360K), 0.0041121 secs] [Times: user=0.00 sys=0.00, real=0.00 secs] 
2014-07-10T10:48:07.549+0200: 90.130: [GC (Allocation Failure) 90.130: [ParNew: 19614K->2150K(19648K), 0.0078209 secs] 31671K->18147K(63360K), 0.0082729 secs] [Times: user=0.00 sys=0.02, real=0.01 secs] 
2014-07-10T10:48:07.597+0200: 90.178: [GC (Allocation Failure) 90.178: [ParNew: 19606K->2150K(19648K), 0.0038767 secs] 35603K->20935K(63360K), 0.0041231 secs] [Times: user=0.00 sys=0.00, real=0.01 secs] 
2014-07-10T10:48:07.657+0200: 90.237: [GC (Allocation Failure) 90.238: [ParNew: 19617K->2148K(19648K), 0.0077670 secs] 38401K->24779K(63360K), 0.0080636 secs] [Times: user=0.03 sys=0.00, real=0.01 secs] 
2014-07-10T10:48:07.749+0200: 90.329: [GC (Allocation Failure) 90.329: [ParNew: 19616K->2150K(19648K), 0.0054147 secs] 42247K->29681K(63360K), 0.0056343 secs] [Times: user=0.03 sys=0.00, real=0.00 secs] 
2014-07-10T10:48:07.802+0200: 90.382: [GC (Allocation Failure) 90.382: [ParNew: 19616K->2150K(19648K), 0.0100147 secs] 47148K->35638K(63360K), 0.0103806 secs] [Times: user=0.00 sys=0.00, real=0.01 secs] 
2014-07-10T10:48:07.812+0200: 90.393: [GC (CMS Initial Mark) [1 CMS-initial-mark: 33488K(43712K)] 35704K(63360K), 0.0004935 secs] [Times: user=0.00 sys=0.00, real=0.00 secs] 
2014-07-10T10:48:07.813+0200: 90.394: [CMS-concurrent-mark-start]
2014-07-10T10:48:07.815+0200: 90.396: [CMS-concurrent-mark: 0.002/0.002 secs] [Times: user=0.02 sys=0.00, real=0.00 secs] 
2014-07-10T10:48:07.815+0200: 90.396: [CMS-concurrent-preclean-start]
2014-07-10T10:48:07.815+0200: 90.396: [CMS-concurrent-preclean: 0.000/0.000 secs] [Times: user=0.00 sys=0.00, real=0.00 secs] 
2014-07-10T10:48:07.816+0200: 90.396: [GC (CMS Final Remark) [YG occupancy: 3278 K (19648 K)]90.396: [Rescan (parallel) , 0.0002057 secs]90.396: [weak refs processing, 0.0000462 secs]90.396: [class unloading, 0.0005400 secs]90.397: [scrub symbol table, 0.0007333 secs]90.398: [scrub string table, 0.0002464 secs][1 CMS-remark: 33488K(43712K)] 36766K(63360K), 0.0020205 secs] [Times: user=0.00 sys=0.00, real=0.00 secs] 
2014-07-10T10:48:07.818+0200: 90.398: [CMS-concurrent-sweep-start]
2014-07-10T10:48:07.818+0200: 90.399: [CMS-concurrent-sweep: 0.000/0.000 secs] [Times: user=0.00 sys=0.00, real=0.00 secs] 
2014-07-10T10:48:07.818+0200: 90.399: [CMS-concurrent-reset-start]
2014-07-10T10:48:07.818+0200: 90.399: [CMS-concurrent-reset: 0.000/0.000 secs] [Times: user=0.00 sys=0.00, real=0.00 secs] 
2014-07-10T10:48:07.858+0200: 90.439: [GC (Allocation Failure) 90.440: [ParNew: 19590K->2150K(19648K), 0.0101016 secs] 26056K->14573K(63360K), 0.0113474 secs] [Times: user=0.03 sys=0.00, real=0.01 secs] 
2014-07-10T10:48:07.956+0200: 90.537: [GC (Allocation Failure) 90.537: [ParNew: 19618K->964K(19648K), 0.0022086 secs] 32041K->13390K(63360K), 0.0025202 secs] [Times: user=0.00 sys=0.00, real=0.00 secs] 
2014-07-10T10:48:08.047+0200: 90.628: [GC (Allocation Failure) 90.628: [ParNew: 18431K->2023K(19648K), 0.0051214 secs] 30856K->14448K(63360K), 0.0054404 secs] [Times: user=0.01 sys=0.00, real=0.01 secs] 
2014-07-10T10:48:08.096+0200: 90.677: [GC (Allocation Failure) 90.677: [ParNew: 19466K->1509K(19648K), 0.0012557 secs] 31892K->13940K(63360K), 0.0014232 secs] [Times: user=0.00 sys=0.00, real=0.00 secs] 
2014-07-10T10:48:08.153+0200: 90.733: [GC (Allocation Failure) 90.733: [ParNew: 18978K->2148K(19648K), 0.0034862 secs] 31409K->14998K(63360K), 0.0038851 secs] [Times: user=0.00 sys=0.00, real=0.00 secs] 
2014-07-10T10:48:08.248+0200: 90.828: [GC (Allocation Failure) 90.828: [ParNew: 19614K->2150K(19648K), 0.0042587 secs] 32465K->16475K(63360K), 0.0046015 secs] [Times: user=0.03 sys=0.00, real=0.00 secs] 
2014-07-10T10:48:08.299+0200: 90.879: [GC (Allocation Failure) 90.879: [ParNew: 19618K->2150K(19648K), 0.0058682 secs] 33943K->19006K(63360K), 0.0062315 secs] [Times: user=0.00 sys=0.00, real=0.01 secs] 
2014-07-10T10:48:08.351+0200: 90.931: [GC (Allocation Failure) 90.932: [ParNew: 19595K->2150K(19648K), 0.0036300 secs] 36452K->21026K(63360K), 0.0038716 secs] [Times: user=0.00 sys=0.00, real=0.00 secs] 
2014-07-10T10:48:08.447+0200: 91.028: [GC (Allocation Failure) 91.028: [ParNew: 19617K->2148K(19648K), 0.0039746 secs] 38493K->24100K(63360K), 0.0042107 secs] [Times: user=0.00 sys=0.00, real=0.00 secs] 
2014-07-10T10:48:08.497+0200: 91.078: [GC (Allocation Failure) 91.078: [ParNew: 19616K->2150K(19648K), 0.0048622 secs] 41569K->28234K(63360K), 0.0050734 secs] [Times: user=0.03 sys=0.00, real=0.01 secs] 
2014-07-10T10:48:08.558+0200: 91.138: [GC (Allocation Failure) 91.139: [ParNew: 19616K->2148K(19648K), 0.0084034 secs] 45701K->33421K(63360K), 0.0087382 secs] [Times: user=0.03 sys=0.00, real=0.01 secs] 
2014-07-10T10:48:08.650+0200: 91.231: [GC (Allocation Failure) 91.231: [ParNew: 19599K->2150K(19648K), 0.0084537 secs] 50873K->37971K(63360K), 0.0088558 secs] [Times: user=0.03 sys=0.00, real=0.01 secs] 
2014-07-10T10:48:08.660+0200: 91.240: [GC (CMS Initial Mark) [1 CMS-initial-mark: 35821K(43712K)] 38037K(63360K), 0.0004015 secs] [Times: user=0.00 sys=0.00, real=0.00 secs] 
2014-07-10T10:48:08.660+0200: 91.241: [CMS-concurrent-mark-start]
2014-07-10T10:48:08.663+0200: 91.244: [CMS-concurrent-mark: 0.003/0.003 secs] [Times: user=0.00 sys=0.00, real=0.00 secs] 
2014-07-10T10:48:08.663+0200: 91.244: [CMS-concurrent-preclean-start]
2014-07-10T10:48:08.664+0200: 91.244: [CMS-concurrent-preclean: 0.001/0.001 secs] [Times: user=0.00 sys=0.00, real=0.00 secs] 
2014-07-10T10:48:08.664+0200: 91.245: [CMS-concurrent-abortable-preclean-start]
2014-07-10T10:48:08.699+0200: 91.280: [GC (Allocation Failure) 91.280: [ParNew: 19616K->2150K(19648K), 0.0060999 secs] 55438K->43578K(63360K), 0.0063445 secs] [Times: user=0.03 sys=0.00, real=0.01 secs] 
2014-07-10T10:48:08.707+0200: 91.288: [CMS-concurrent-abortable-preclean: 0.002/0.043 secs] [Times: user=0.03 sys=0.00, real=0.04 secs] 
2014-07-10T10:48:08.707+0200: 91.288: [GC (CMS Final Remark) [YG occupancy: 2600 K (19648 K)]91.288: [Rescan (parallel) , 0.0004707 secs]91.289: [weak refs processing, 0.0000528 secs]91.289: [class unloading, 0.0005910 secs]91.289: [scrub symbol table, 0.0008088 secs]91.290: [scrub string table, 0.0002431 secs][1 CMS-remark: 41428K(43712K)] 44028K(63360K), 0.0024480 secs] [Times: user=0.00 sys=0.00, real=0.00 secs] 
2014-07-10T10:48:08.710+0200: 91.291: [CMS-concurrent-sweep-start]
2014-07-10T10:48:08.711+0200: 91.291: [CMS-concurrent-sweep: 0.001/0.001 secs] [Times: user=0.00 sys=0.00, real=0.00 secs] 
2014-07-10T10:48:08.711+0200: 91.291: [CMS-concurrent-reset-start]
2014-07-10T10:48:08.711+0200: 91.291: [CMS-concurrent-reset: 0.000/0.000 secs] [Times: user=0.00 sys=0.00, real=0.00 secs] 
2014-07-10T10:48:08.796+0200: 91.377: [GC (Allocation Failure) 91.377: [ParNew: 19618K->613K(19648K), 0.0014053 secs] 30282K->11279K(63360K), 0.0016703 secs] [Times: user=0.02 sys=0.01, real=0.00 secs] 
2014-07-10T10:48:08.851+0200: 91.432: [GC (Allocation Failure) 91.432: [ParNew: 18053K->615K(19648K), 0.0017411 secs] 28719K->11281K(63360K), 0.0020216 secs] [Times: user=0.00 sys=0.00, real=0.00 secs] 
2014-07-10T10:48:08.947+0200: 91.528: [GC (Allocation Failure) 91.528: [ParNew: 18081K->1673K(19648K), 0.0021418 secs] 28748K->12340K(63360K), 0.0024311 secs] [Times: user=0.00 sys=0.00, real=0.00 secs] 
2014-07-10T10:48:08.998+0200: 91.579: [GC (Allocation Failure) 91.579: [ParNew: 19142K->2150K(19648K), 0.0046481 secs] 29808K->13400K(63360K), 0.0053575 secs] [Times: user=0.03 sys=0.00, real=0.01 secs] 
2014-07-10T10:48:09.054+0200: 91.635: [GC (Allocation Failure) 91.635: [ParNew: 19595K->2150K(19648K), 0.0035636 secs] 30846K->13467K(63360K), 0.0039882 secs] [Times: user=0.00 sys=0.00, real=0.01 secs] 
2014-07-10T10:48:09.147+0200: 91.728: [GC (Allocation Failure) 91.728: [ParNew: 19590K->2150K(19648K), 0.0028465 secs] 30907K->14046K(63360K), 0.0031555 secs] [Times: user=0.00 sys=0.00, real=0.00 secs] 
2014-07-10T10:48:09.199+0200: 91.779: [GC (Allocation Failure) 91.779: [ParNew: 19616K->2150K(19648K), 0.0047177 secs] 31513K->15682K(63360K), 0.0050943 secs] [Times: user=0.00 sys=0.02, real=0.01 secs] 
2014-07-10T10:48:09.251+0200: 91.832: [GC (Allocation Failure) 91.832: [ParNew: 19618K->2148K(19648K), 0.0040094 secs] 33150K->18371K(63360K), 0.0042030 secs] [Times: user=0.00 sys=0.00, real=0.00 secs] 
2014-07-10T10:48:09.350+0200: 91.930: [GC (Allocation Failure) 91.931: [ParNew: 19588K->2150K(19648K), 0.0062246 secs] 35811K->21065K(63360K), 0.0065930 secs] [Times: user=0.00 sys=0.00, real=0.01 secs] 
2014-07-10T10:48:09.399+0200: 91.979: [GC (Allocation Failure) 91.979: [ParNew: 19616K->2150K(19648K), 0.0045315 secs] 38531K->24813K(63360K), 0.0047445 secs] [Times: user=0.00 sys=0.00, real=0.01 secs] 
2014-07-10T10:48:09.452+0200: 92.032: [GC (Allocation Failure) 92.032: [ParNew: 19618K->2148K(19648K), 0.0054495 secs] 42282K->29616K(63360K), 0.0056365 secs] [Times: user=0.02 sys=0.00, real=0.01 secs] 
2014-07-10T10:48:09.549+0200: 92.130: [GC (Allocation Failure) 92.130: [ParNew: 19614K->2150K(19648K), 0.0057546 secs] 47082K->35479K(63360K), 0.0060350 secs] [Times: user=0.00 sys=0.00, real=0.01 secs] 
2014-07-10T10:48:09.556+0200: 92.136: [GC (CMS Initial Mark) [1 CMS-initial-mark: 33329K(43712K)] 35545K(63360K), 0.0001969 secs] [Times: user=0.00 sys=0.00, real=0.00 secs] 
2014-07-10T10:48:09.556+0200: 92.137: [CMS-concurrent-mark-start]
2014-07-10T10:48:09.557+0200: 92.138: [CMS-concurrent-mark: 0.001/0.001 secs] [Times: user=0.00 sys=0.00, real=0.00 secs] 
2014-07-10T10:48:09.557+0200: 92.138: [CMS-concurrent-preclean-start]
2014-07-10T10:48:09.557+0200: 92.138: [CMS-concurrent-preclean: 0.000/0.000 secs] [Times: user=0.00 sys=0.00, real=0.00 secs] 
2014-07-10T10:48:09.557+0200: 92.138: [CMS-concurrent-abortable-preclean-start]
2014-07-10T10:48:09.598+0200: 92.179: [GC (Allocation Failure) 92.179: [ParNew: 19600K->2150K(19648K), 0.0056618 secs] 52929K->40699K(63360K), 0.0058557 secs] [Times: user=0.00 sys=0.00, real=0.01 secs] 
2014-07-10T10:48:09.696+0200: 92.277: [GC (Allocation Failure) 92.277: [ParNew: 19618K->19618K(19648K), 0.0000686 secs]92.277: [CMS2014-07-10T10:48:09.696+0200: 92.277: [CMS-concurrent-abortable-preclean: 0.001/0.139 secs] [Times: user=0.02 sys=0.00, real=0.14 secs] 
 (concurrent mode failure): 38549K->736K(43712K), 0.0044402 secs] 58168K->736K(63360K), [Metaspace: 2457K->2457K(1056768K)], 0.0047229 secs] [Times: user=0.00 sys=0.00, real=0.00 secs] 
2014-07-10T10:48:09.752+0200: 92.333: [GC (Allocation Failure) 92.333: [ParNew: 17466K->1283K(19648K), 0.0022980 secs] 18202K->2019K(63360K), 0.0025942 secs] [Times: user=0.00 sys=0.00, real=0.00 secs] 
2014-07-10T10:48:09.846+0200: 92.427: [GC (Allocation Failure) 92.427: [ParNew: 18729K->773K(19648K), 0.0008443 secs] 19465K->1515K(63360K), 0.0009866 secs] [Times: user=0.00 sys=0.00, real=0.00 secs] 
2014-07-10T10:48:09.897+0200: 92.477: [GC (Allocation Failure) 92.478: [ParNew: 18239K->1830K(19648K), 0.0021154 secs] 18982K->2573K(63360K), 0.0023856 secs] [Times: user=0.00 sys=0.00, real=0.00 secs] 
2014-07-10T10:48:09.955+0200: 92.536: [GC (Allocation Failure) 92.536: [ParNew: 19299K->2148K(19648K), 0.0039328 secs] 20041K->3632K(63360K), 0.0043108 secs] [Times: user=0.00 sys=0.00, real=0.00 secs] 
2014-07-10T10:48:10.048+0200: 92.629: [GC (Allocation Failure) 92.629: [ParNew: 19614K->2150K(19648K), 0.0046972 secs] 21098K->5429K(63360K), 0.0050569 secs] [Times: user=0.00 sys=0.00, real=0.00 secs] 
2014-07-10T10:48:10.098+0200: 92.678: [GC (Allocation Failure) 92.678: [ParNew: 19595K->2150K(19648K), 0.0023394 secs] 22874K->6711K(63360K), 0.0025660 secs] [Times: user=0.00 sys=0.00, real=0.00 secs] 
2014-07-10T10:48:10.150+0200: 92.731: [GC (Allocation Failure) 92.731: [ParNew: 19618K->2148K(19648K), 0.0035757 secs] 24180K->9050K(63360K), 0.0037726 secs] [Times: user=0.00 sys=0.00, real=0.00 secs] 
2014-07-10T10:48:10.248+0200: 92.828: [GC (Allocation Failure) 92.829: [ParNew: 19614K->2150K(19648K), 0.0042448 secs] 26516K->12448K(63360K), 0.0044765 secs] [Times: user=0.03 sys=0.00, real=0.00 secs] 
2014-07-10T10:48:10.298+0200: 92.879: [GC (Allocation Failure) 92.879: [ParNew: 19618K->2150K(19648K), 0.0051852 secs] 29916K->16900K(63360K), 0.0053938 secs] [Times: user=0.00 sys=0.00, real=0.01 secs] 
2014-07-10T10:48:10.356+0200: 92.937: [GC (Allocation Failure) 92.937: [ParNew: 19590K->2150K(19648K), 0.0084438 secs] 34340K->21352K(63360K), 0.0088111 secs] [Times: user=0.02 sys=0.00, real=0.01 secs] 
2014-07-10T10:48:10.448+0200: 93.029: [GC (Allocation Failure) 93.029: [ParNew: 19616K->2150K(19648K), 0.0055162 secs] 38819K->26862K(63360K), 0.0057190 secs] [Times: user=0.03 sys=0.00, real=0.01 secs] 
2014-07-10T10:48:10.547+0200: 93.127: [GC (Allocation Failure) 93.127: [ParNew: 19618K->517K(19648K), 0.0014423 secs] 44330K->25231K(63360K), 0.0017074 secs] [Times: user=0.00 sys=0.00, real=0.00 secs] 
2014-07-10T10:48:10.563+0200: 93.144: [GC (Allocation Failure) 93.144: [ParNew: 17987K->30K(19648K), 0.0013089 secs] 42701K->24744K(63360K), 0.0015970 secs] [Times: user=0.00 sys=0.00, real=0.00 secs] 
2014-07-10T10:48:10.649+0200: 93.229: [GC (Allocation Failure) 93.229: [ParNew: 17486K->426K(19648K), 0.0009349 secs] 42200K->25140K(63360K), 0.0011417 secs] [Times: user=0.00 sys=0.00, real=0.00 secs] 
2014-07-10T10:48:10.747+0200: 93.328: [GC (Allocation Failure) 93.328: [ParNew: 17892K->1484K(19648K), 0.0023486 secs] 42607K->26199K(63360K), 0.0026360 secs] [Times: user=0.03 sys=0.00, real=0.00 secs] 
2014-07-10T10:48:10.797+0200: 93.378: [GC (Allocation Failure) 93.378: [ParNew: 18953K->2150K(19648K), 0.0027739 secs] 43667K->27260K(63360K), 0.0031006 secs] [Times: user=0.00 sys=0.00, real=0.00 secs] 
2014-07-10T10:48:10.853+0200: 93.434: [GC (Allocation Failure) 93.434: [ParNew: 19590K->2148K(19648K), 0.0035079 secs] 44700K->27644K(63360K), 0.0039280 secs] [Times: user=0.03 sys=0.00, real=0.00 secs] 
2014-07-10T10:48:10.949+0200: 93.529: [GC (Allocation Failure) 93.529: [ParNew: 19614K->2150K(19648K), 0.0041212 secs] 45111K->29090K(63360K), 0.0044974 secs] [Times: user=0.03 sys=0.00, real=0.00 secs] 
2014-07-10T10:48:10.999+0200: 93.580: [GC (Allocation Failure) 93.580: [ParNew: 19618K->2150K(19648K), 0.0056955 secs] 46558K->31589K(63360K), 0.0060534 secs] [Times: user=0.00 sys=0.00, real=0.01 secs] 
2014-07-10T10:48:11.056+0200: 93.636: [GC (Allocation Failure) 93.637: [ParNew: 19616K->2148K(19648K), 0.0080958 secs] 49056K->35143K(63360K), 0.0084918 secs] [Times: user=0.03 sys=0.00, real=0.01 secs] 
2014-07-10T10:48:11.152+0200: 93.733: [GC (Allocation Failure) 93.733: [ParNew: 19593K->2150K(19648K), 0.0068834 secs] 52589K->38188K(63360K), 0.0074535 secs] [Times: user=0.02 sys=0.00, real=0.01 secs] 
2014-07-10T10:48:11.161+0200: 93.742: [GC (CMS Initial Mark) [1 CMS-initial-mark: 36038K(43712K)] 38255K(63360K), 0.0004487 secs] [Times: user=0.00 sys=0.00, real=0.00 secs] 
2014-07-10T10:48:11.162+0200: 93.743: [CMS-concurrent-mark-start]
2014-07-10T10:48:11.164+0200: 93.745: [CMS-concurrent-mark: 0.003/0.003 secs] [Times: user=0.00 sys=0.00, real=0.00 secs] 
2014-07-10T10:48:11.165+0200: 93.745: [CMS-concurrent-preclean-start]
2014-07-10T10:48:11.165+0200: 93.746: [CMS-concurrent-preclean: 0.000/0.000 secs] [Times: user=0.00 sys=0.00, real=0.00 secs] 
2014-07-10T10:48:11.165+0200: 93.746: [CMS-concurrent-abortable-preclean-start]
2014-07-10T10:48:11.198+0200: 93.779: [GC (Allocation Failure) 93.779: [ParNew: 19618K->2150K(19648K), 0.0046668 secs] 55657K->42290K(63360K), 0.0055492 secs] [Times: user=0.03 sys=0.00, real=0.01 secs] 
2014-07-10T10:48:11.205+0200: 93.786: [CMS-concurrent-abortable-preclean: 0.001/0.040 secs] [Times: user=0.05 sys=0.00, real=0.04 secs] 
2014-07-10T10:48:11.205+0200: 93.786: [GC (CMS Final Remark) [YG occupancy: 4105 K (19648 K)]93.786: [Rescan (parallel) , 0.0002130 secs]93.786: [weak refs processing, 0.0000418 secs]93.787: [class unloading, 0.0005716 secs]93.787: [scrub symbol table, 0.0006907 secs]93.788: [scrub string table, 0.0002060 secs][1 CMS-remark: 40140K(43712K)] 44245K(63360K), 0.0019820 secs] [Times: user=0.00 sys=0.00, real=0.00 secs] 
2014-07-10T10:48:11.208+0200: 93.788: [CMS-concurrent-sweep-start]
2014-07-10T10:48:11.208+0200: 93.789: [CMS-concurrent-sweep: 0.001/0.001 secs] [Times: user=0.00 sys=0.00, real=0.00 secs] 
2014-07-10T10:48:11.208+0200: 93.789: [CMS-concurrent-reset-start]
2014-07-10T10:48:11.209+0200: 93.789: [CMS-concurrent-reset: 0.000/0.000 secs] [Times: user=0.00 sys=0.00, real=0.00 secs] 
2014-07-10T10:48:11.252+0200: 93.833: [GC (Allocation Failure) 93.833: [ParNew: 19616K->2148K(19648K), 0.0058099 secs] 27272K->14960K(63360K), 0.0060086 secs] [Times: user=0.00 sys=0.00, real=0.01 secs] 
2014-07-10T10:48:11.348+0200: 93.928: [GC (Allocation Failure) 93.928: [ParNew: 19593K->2150K(19648K), 0.0053139 secs] 32406K->19607K(63360K), 0.0055129 secs] [Times: user=0.00 sys=0.00, real=0.00 secs] 
2014-07-10T10:48:11.400+0200: 93.981: [GC (Allocation Failure) 93.981: [ParNew: 19616K->2150K(19648K), 0.0064713 secs] 37073K->25309K(63360K), 0.0066473 secs] [Times: user=0.03 sys=0.00, real=0.01 secs] 
2014-07-10T10:48:11.496+0200: 94.077: [GC (Allocation Failure) 94.077: [ParNew: 19618K->709K(19648K), 0.0006471 secs] 42777K->23870K(63360K), 0.0007490 secs] [Times: user=0.03 sys=0.00, real=0.00 secs] 
2014-07-10T10:48:11.553+0200: 94.133: [GC (Allocation Failure) 94.134: [ParNew: 18155K->1095K(19648K), 0.0021833 secs] 41316K->24256K(63360K), 0.0024681 secs] [Times: user=0.00 sys=0.00, real=0.00 secs] 
2014-07-10T10:48:11.647+0200: 94.227: [GC (Allocation Failure) 94.227: [ParNew: 18535K->1093K(19648K), 0.0016986 secs] 41696K->24261K(63360K), 0.0020131 secs] [Times: user=0.00 sys=0.00, real=0.00 secs] 
2014-07-10T10:48:11.697+0200: 94.278: [GC (Allocation Failure) 94.278: [ParNew: 18562K->2150K(19648K), 0.0014522 secs] 41729K->25320K(63360K), 0.0016377 secs] [Times: user=0.03 sys=0.00, real=0.00 secs] 
2014-07-10T10:48:11.754+0200: 94.335: [GC (Allocation Failure) 94.335: [ParNew: 19616K->2148K(19648K), 0.0044560 secs] 42787K->26377K(63360K), 0.0048879 secs] [Times: user=0.00 sys=0.00, real=0.01 secs] 
2014-07-10T10:48:11.848+0200: 94.429: [GC (Allocation Failure) 94.429: [ParNew: 19588K->2150K(19648K), 0.0033891 secs] 43817K->27437K(63360K), 0.0037169 secs] [Times: user=0.00 sys=0.00, real=0.00 secs] 
2014-07-10T10:48:11.897+0200: 94.478: [GC (Allocation Failure) 94.478: [ParNew: 19618K->2150K(19648K), 0.0032465 secs] 44906K->29553K(63360K), 0.0034554 secs] [Times: user=0.00 sys=0.00, real=0.00 secs] 
2014-07-10T10:48:11.953+0200: 94.534: [GC (Allocation Failure) 94.534: [ParNew: 19616K->2148K(19648K), 0.0039874 secs] 47020K->32723K(63360K), 0.0041997 secs] [Times: user=0.00 sys=0.00, real=0.00 secs] 
2014-07-10T10:48:12.050+0200: 94.631: [GC (Allocation Failure) 94.631: [ParNew: 19616K->2150K(19648K), 0.0098802 secs] 50191K->36953K(63360K), 0.0102505 secs] [Times: user=0.03 sys=0.00, real=0.01 secs] 
2014-07-10T10:48:12.061+0200: 94.642: [GC (CMS Initial Mark) [1 CMS-initial-mark: 34803K(43712K)] 37019K(63360K), 0.0003824 secs] [Times: user=0.00 sys=0.00, real=0.00 secs] 
2014-07-10T10:48:12.062+0200: 94.642: [CMS-concurrent-mark-start]
2014-07-10T10:48:12.068+0200: 94.649: [CMS-concurrent-mark: 0.006/0.006 secs] [Times: user=0.00 sys=0.00, real=0.01 secs] 
2014-07-10T10:48:12.068+0200: 94.649: [CMS-concurrent-preclean-start]
2014-07-10T10:48:12.069+0200: 94.650: [CMS-concurrent-preclean: 0.001/0.001 secs] [Times: user=0.00 sys=0.00, real=0.00 secs] 
2014-07-10T10:48:12.069+0200: 94.650: [CMS-concurrent-abortable-preclean-start]
2014-07-10T10:48:12.098+0200: 94.678: [GC (Allocation Failure) 94.678: [ParNew: 19599K->2150K(19648K), 0.0039255 secs] 54403K->40157K(63360K), 0.0041491 secs] [Times: user=0.00 sys=0.00, real=0.00 secs] 
2014-07-10T10:48:12.157+0200: 94.737: [GC (Allocation Failure) 94.738: [ParNew: 19619K->2148K(19648K), 0.0083521 secs] 57626K->44417K(63360K), 0.0086700 secs] [Times: user=0.00 sys=0.00, real=0.01 secs] 
2014-07-10T10:48:12.165+0200: 94.746: [CMS-concurrent-abortable-preclean: 0.001/0.096 secs] [Times: user=0.02 sys=0.00, real=0.10 secs] 
2014-07-10T10:48:12.166+0200: 94.746: [GC (CMS Final Remark) [YG occupancy: 2342 K (19648 K)]94.746: [Rescan (parallel) , 0.0002654 secs]94.747: [weak refs processing, 0.0000744 secs]94.747: [class unloading, 0.0005840 secs]94.747: [scrub symbol table, 0.0007307 secs]94.748: [scrub string table, 0.0003127 secs][1 CMS-remark: 42269K(43712K)] 44611K(63360K), 0.0022401 secs] [Times: user=0.01 sys=0.00, real=0.00 secs] 
2014-07-10T10:48:12.168+0200: 94.749: [CMS-concurrent-sweep-start]
2014-07-10T10:48:12.169+0200: 94.749: [CMS-concurrent-sweep: 0.001/0.001 secs] [Times: user=0.00 sys=0.00, real=0.00 secs] 
2014-07-10T10:48:12.169+0200: 94.749: [CMS-concurrent-reset-start]
2014-07-10T10:48:12.169+0200: 94.750: [CMS-concurrent-reset: 0.000/0.000 secs] [Times: user=0.00 sys=0.00, real=0.00 secs] 
2014-07-10T10:48:12.249+0200: 94.830: [GC (Allocation Failure) 94.830: [ParNew: 19614K->2150K(19648K), 0.0058055 secs] 31821K->19673K(63360K), 0.0060193 secs] [Times: user=0.00 sys=0.00, real=0.01 secs] 
2014-07-10T10:48:12.299+0200: 94.880: [GC (Allocation Failure) 94.880: [ParNew: 19619K->325K(19648K), 0.0008645 secs] 37142K->17850K(63360K), 0.0010346 secs] [Times: user=0.00 sys=0.00, real=0.00 secs] 
2014-07-10T10:48:12.411+0200: 94.992: [GC (Allocation Failure) 94.992: [ParNew: 17796K->359K(19648K), 0.0006112 secs] 35322K->17884K(63360K), 0.0007292 secs] [Times: user=0.00 sys=0.00, real=0.00 secs] 
2014-07-10T10:48:12.450+0200: 95.031: [GC (Allocation Failure) 95.031: [ParNew: 17825K->1417K(19648K), 0.0012121 secs] 35351K->18943K(63360K), 0.0013550 secs] [Times: user=0.00 sys=0.00, real=0.00 secs] 
2014-07-10T10:48:12.547+0200: 95.128: [GC (Allocation Failure) 95.128: [ParNew: 18886K->2150K(19648K), 0.0012421 secs] 36411K->20003K(63360K), 0.0013840 secs] [Times: user=0.00 sys=0.00, real=0.00 secs] 
2014-07-10T10:48:12.612+0200: 95.192: [GC (Allocation Failure) 95.192: [ParNew: 19599K->1830K(19648K), 0.0013103 secs] 37453K->19686K(63360K), 0.0014181 secs] [Times: user=0.00 sys=0.00, real=0.00 secs] 
2014-07-10T10:48:12.653+0200: 95.234: [GC (Allocation Failure) 95.234: [ParNew: 19298K->2148K(19648K), 0.0021176 secs] 37154K->20744K(63360K), 0.0023119 secs] [Times: user=0.00 sys=0.00, real=0.00 secs] 
2014-07-10T10:48:12.748+0200: 95.329: [GC (Allocation Failure) 95.329: [ParNew: 19614K->2150K(19648K), 0.0024707 secs] 38210K->22541K(63360K), 0.0026390 secs] [Times: user=0.00 sys=0.00, real=0.00 secs] 
2014-07-10T10:48:12.799+0200: 95.380: [GC (Allocation Failure) 95.380: [ParNew: 19618K->2150K(19648K), 0.0064343 secs] 40009K->25392K(63360K), 0.0068115 secs] [Times: user=0.00 sys=0.00, real=0.01 secs] 
2014-07-10T10:48:12.855+0200: 95.436: [GC (Allocation Failure) 95.436: [ParNew: 19595K->2150K(19648K), 0.0062664 secs] 42838K->27732K(63360K), 0.0069402 secs] [Times: user=0.00 sys=0.00, real=0.01 secs] 
2014-07-10T10:48:12.948+0200: 95.529: [GC (Allocation Failure) 95.529: [ParNew: 19616K->2150K(19648K), 0.0038899 secs] 45198K->31129K(63360K), 0.0040912 secs] [Times: user=0.00 sys=0.00, real=0.00 secs] 
2014-07-10T10:48:12.999+0200: 95.580: [GC (Allocation Failure) 95.580: [ParNew: 19618K->2150K(19648K), 0.0044758 secs] 48597K->35581K(63360K), 0.0045909 secs] [Times: user=0.00 sys=0.00, real=0.00 secs] 
2014-07-10T10:48:13.004+0200: 95.585: [GC (CMS Initial Mark) [1 CMS-initial-mark: 33431K(43712K)] 35613K(63360K), 0.0001910 secs] [Times: user=0.00 sys=0.00, real=0.00 secs] 
2014-07-10T10:48:13.004+0200: 95.585: [CMS-concurrent-mark-start]
2014-07-10T10:48:13.005+0200: 95.586: [CMS-concurrent-mark: 0.001/0.001 secs] [Times: user=0.00 sys=0.00, real=0.00 secs] 
2014-07-10T10:48:13.005+0200: 95.586: [CMS-concurrent-preclean-start]
2014-07-10T10:48:13.005+0200: 95.586: [CMS-concurrent-preclean: 0.000/0.000 secs] [Times: user=0.00 sys=0.00, real=0.00 secs] 
2014-07-10T10:48:13.005+0200: 95.586: [GC (CMS Final Remark) [YG occupancy: 3752 K (19648 K)]95.586: [Rescan (parallel) , 0.0001371 secs]95.586: [weak refs processing, 0.0000363 secs]95.587: [class unloading, 0.0004806 secs]95.587: [scrub symbol table, 0.0006808 secs]95.588: [scrub string table, 0.0001994 secs][1 CMS-remark: 33431K(43712K)] 37184K(63360K), 0.0017224 secs] [Times: user=0.00 sys=0.00, real=0.00 secs] 
2014-07-10T10:48:13.007+0200: 95.588: [CMS-concurrent-sweep-start]
2014-07-10T10:48:13.008+0200: 95.589: [CMS-concurrent-sweep: 0.000/0.000 secs] [Times: user=0.00 sys=0.00, real=0.00 secs] 
2014-07-10T10:48:13.008+0200: 95.589: [CMS-concurrent-reset-start]
2014-07-10T10:48:13.008+0200: 95.589: [CMS-concurrent-reset: 0.000/0.000 secs] [Times: user=0.00 sys=0.00, real=0.00 secs] 
2014-07-10T10:48:13.052+0200: 95.633: [GC (Allocation Failure) 95.633: [ParNew: 19616K->2148K(19648K), 0.0058172 secs] 24582K->12622K(63360K), 0.0060149 secs] [Times: user=0.03 sys=0.00, real=0.01 secs] 
2014-07-10T10:48:13.150+0200: 95.731: [GC (Allocation Failure) 95.731: [ParNew: 19593K->2150K(19648K), 0.0097827 secs] 30068K->17621K(63360K), 0.0101662 secs] [Times: user=0.00 sys=0.00, real=0.01 secs] 
2014-07-10T10:48:13.246+0200: 95.827: [GC (Allocation Failure) 95.827: [ParNew: 19616K->5K(19648K), 0.0005969 secs] 35087K->15479K(63360K), 0.0007464 secs] [Times: user=0.00 sys=0.00, real=0.00 secs] 
2014-07-10T10:48:13.296+0200: 95.877: [GC (Allocation Failure) 95.877: [ParNew: 17471K->1063K(19648K), 0.0007006 secs] 32946K->16538K(63360K), 0.0008055 secs] [Times: user=0.00 sys=0.00, real=0.00 secs] 
2014-07-10T10:48:13.349+0200: 95.930: [GC (Allocation Failure) 95.930: [ParNew: 18503K->1065K(19648K), 0.0013528 secs] 33978K->16540K(63360K), 0.0015079 secs] [Times: user=0.00 sys=0.00, real=0.00 secs] 
2014-07-10T10:48:13.446+0200: 96.027: [GC (Allocation Failure) 96.027: [ParNew: 18534K->2124K(19648K), 0.0011417 secs] 34008K->17598K(63360K), 0.0012704 secs] [Times: user=0.03 sys=0.00, real=0.00 secs] 
2014-07-10T10:48:13.497+0200: 96.078: [GC (Allocation Failure) 96.078: [ParNew: 19590K->2150K(19648K), 0.0017939 secs] 35065K->18659K(63360K), 0.0019886 secs] [Times: user=0.00 sys=0.00, real=0.00 secs] 
2014-07-10T10:48:13.555+0200: 96.136: [GC (Allocation Failure) 96.136: [ParNew: 19601K->2150K(19648K), 0.0037986 secs] 36110K->19046K(63360K), 0.0041627 secs] [Times: user=0.02 sys=0.00, real=0.00 secs] 
2014-07-10T10:48:13.648+0200: 96.228: [GC (Allocation Failure) 96.229: [ParNew: 19590K->2150K(19648K), 0.0033125 secs] 36486K->19945K(63360K), 0.0036615 secs] [Times: user=0.03 sys=0.00, real=0.00 secs] 
2014-07-10T10:48:13.698+0200: 96.278: [GC (Allocation Failure) 96.279: [ParNew: 19616K->2150K(19648K), 0.0030232 secs] 37412K->21901K(63360K), 0.0032472 secs] [Times: user=0.00 sys=0.00, real=0.00 secs] 
2014-07-10T10:48:13.752+0200: 96.333: [GC (Allocation Failure) 96.333: [ParNew: 19616K->2148K(19648K), 0.0042276 secs] 39368K->24911K(63360K), 0.0044776 secs] [Times: user=0.00 sys=0.00, real=0.00 secs] 
2014-07-10T10:48:13.849+0200: 96.430: [GC (Allocation Failure) 96.430: [ParNew: 19588K->2150K(19648K), 0.0067760 secs] 42351K->27924K(63360K), 0.0071426 secs] [Times: user=0.03 sys=0.00, real=0.01 secs] 
2014-07-10T10:48:13.899+0200: 96.480: [GC (Allocation Failure) 96.481: [ParNew: 19618K->2150K(19648K), 0.0079022 secs] 45393K->31993K(63360K), 0.0082718 secs] [Times: user=0.00 sys=0.00, real=0.01 secs] 
2014-07-10T10:48:13.959+0200: 96.540: [GC (Allocation Failure) 96.540: [ParNew: 19616K->2148K(19648K), 0.0082689 secs] 49460K->37116K(63360K), 0.0085937 secs] [Times: user=0.03 sys=0.00, real=0.01 secs] 
2014-07-10T10:48:13.968+0200: 96.549: [GC (CMS Initial Mark) [1 CMS-initial-mark: 34968K(43712K)] 37182K(63360K), 0.0002581 secs] [Times: user=0.00 sys=0.00, real=0.00 secs] 
2014-07-10T10:48:13.968+0200: 96.549: [CMS-concurrent-mark-start]
2014-07-10T10:48:13.969+0200: 96.550: [CMS-concurrent-mark: 0.001/0.001 secs] [Times: user=0.00 sys=0.00, real=0.00 secs] 
2014-07-10T10:48:13.969+0200: 96.550: [CMS-concurrent-preclean-start]
2014-07-10T10:48:13.970+0200: 96.550: [CMS-concurrent-preclean: 0.000/0.000 secs] [Times: user=0.00 sys=0.00, real=0.00 secs] 
2014-07-10T10:48:13.970+0200: 96.551: [GC (CMS Final Remark) [YG occupancy: 3078 K (19648 K)]96.551: [Rescan (parallel) , 0.0002013 secs]96.551: [weak refs processing, 0.0000480 secs]96.551: [class unloading, 0.0005334 secs]96.552: [scrub symbol table, 0.0007289 secs]96.552: [scrub string table, 0.0002456 secs][1 CMS-remark: 34968K(43712K)] 38046K(63360K), 0.0020095 secs] [Times: user=0.00 sys=0.00, real=0.00 secs] 
2014-07-10T10:48:13.972+0200: 96.553: [CMS-concurrent-sweep-start]
2014-07-10T10:48:13.972+0200: 96.553: [CMS-concurrent-sweep: 0.000/0.000 secs] [Times: user=0.00 sys=0.00, real=0.00 secs] 
2014-07-10T10:48:13.972+0200: 96.553: [CMS-concurrent-reset-start]
2014-07-10T10:48:13.973+0200: 96.553: [CMS-concurrent-reset: 0.000/0.000 secs] [Times: user=0.00 sys=0.00, real=0.00 secs] 
2014-07-10T10:48:14.049+0200: 96.630: [GC (Allocation Failure) 96.630: [ParNew: 19616K->134K(19648K), 0.0008018 secs] 25254K->5773K(63360K), 0.0009763 secs] [Times: user=0.00 sys=0.00, real=0.00 secs] 
2014-07-10T10:48:14.100+0200: 96.681: [GC (Allocation Failure) 96.682: [ParNew: 17577K->2151K(19648K), 0.0101504 secs] 23217K->13457K(63360K), 0.0105548 secs] [Times: user=0.03 sys=0.00, real=0.01 secs] 
2014-07-10T10:48:14.198+0200: 96.779: [GC (Allocation Failure) 96.779: [ParNew: 19619K->677K(19648K), 0.0014856 secs] 30926K->11989K(63360K), 0.0017693 secs] [Times: user=0.00 sys=0.00, real=0.00 secs] 
2014-07-10T10:48:14.253+0200: 96.834: [GC (Allocation Failure) 96.834: [ParNew: 18143K->1735K(19648K), 0.0026958 secs] 29455K->13047K(63360K), 0.0030151 secs] [Times: user=0.00 sys=0.00, real=0.00 secs] 
2014-07-10T10:48:14.346+0200: 96.927: [GC (Allocation Failure) 96.927: [ParNew: 19181K->1221K(19648K), 0.0009800 secs] 30493K->12539K(63360K), 0.0011241 secs] [Times: user=0.00 sys=0.00, real=0.00 secs] 
2014-07-10T10:48:14.397+0200: 96.978: [GC (Allocation Failure) 96.978: [ParNew: 18690K->2150K(19648K), 0.0015431 secs] 30007K->13598K(63360K), 0.0017107 secs] [Times: user=0.00 sys=0.02, real=0.00 secs] 
2014-07-10T10:48:14.450+0200: 97.031: [GC (Allocation Failure) 97.031: [ParNew: 19616K->2148K(19648K), 0.0024234 secs] 31065K->14783K(63360K), 0.0026155 secs] [Times: user=0.00 sys=0.00, real=0.00 secs] 
2014-07-10T10:48:14.548+0200: 97.129: [GC (Allocation Failure) 97.129: [ParNew: 19616K->2150K(19648K), 0.0055298 secs] 32252K->17028K(63360K), 0.0058689 secs] [Times: user=0.02 sys=0.02, real=0.01 secs] 
2014-07-10T10:48:14.597+0200: 97.178: [GC (Allocation Failure) 97.178: [ParNew: 19601K->2151K(19648K), 0.0026951 secs] 34480K->18633K(63360K), 0.0028982 secs] [Times: user=0.00 sys=0.00, real=0.00 secs] 
2014-07-10T10:48:14.651+0200: 97.232: [GC (Allocation Failure) 97.232: [ParNew: 19620K->2148K(19648K), 0.0041630 secs] 36101K->21291K(63360K), 0.0043936 secs] [Times: user=0.00 sys=0.00, real=0.00 secs] 
2014-07-10T10:48:14.750+0200: 97.331: [GC (Allocation Failure) 97.331: [ParNew: 19614K->2150K(19648K), 0.0073739 secs] 38758K->25009K(63360K), 0.0077512 secs] [Times: user=0.03 sys=0.00, real=0.01 secs] 
2014-07-10T10:48:14.800+0200: 97.381: [GC (Allocation Failure) 97.381: [ParNew: 19618K->2150K(19648K), 0.0088001 secs] 42478K->29782K(63360K), 0.0094828 secs] [Times: user=0.03 sys=0.00, real=0.01 secs] 
2014-07-10T10:48:14.858+0200: 97.439: [GC (Allocation Failure) 97.439: [ParNew: 19590K->2150K(19648K), 0.0073886 secs] 47222K->34554K(63360K), 0.0077593 secs] [Times: user=0.03 sys=0.00, real=0.01 secs] 
2014-07-10T10:48:14.866+0200: 97.447: [GC (CMS Initial Mark) [1 CMS-initial-mark: 32404K(43712K)] 34620K(63360K), 0.0002365 secs] [Times: user=0.00 sys=0.00, real=0.00 secs] 
2014-07-10T10:48:14.867+0200: 97.448: [CMS-concurrent-mark-start]
2014-07-10T10:48:14.868+0200: 97.449: [CMS-concurrent-mark: 0.001/0.001 secs] [Times: user=0.00 sys=0.00, real=0.00 secs] 
2014-07-10T10:48:14.868+0200: 97.449: [CMS-concurrent-preclean-start]
2014-07-10T10:48:14.868+0200: 97.449: [CMS-concurrent-preclean: 0.000/0.000 secs] [Times: user=0.00 sys=0.00, real=0.00 secs] 
2014-07-10T10:48:14.869+0200: 97.449: [GC (CMS Final Remark) [YG occupancy: 3432 K (19648 K)]97.450: [Rescan (parallel) , 0.0002009 secs]97.450: [weak refs processing, 0.0000528 secs]97.450: [class unloading, 0.0007292 secs]97.451: [scrub symbol table, 0.0010936 secs]97.452: [scrub string table, 0.0003784 secs][1 CMS-remark: 32404K(43712K)] 35837K(63360K), 0.0028223 secs] [Times: user=0.00 sys=0.00, real=0.00 secs] 
2014-07-10T10:48:14.872+0200: 97.453: [CMS-concurrent-sweep-start]
2014-07-10T10:48:14.873+0200: 97.454: [CMS-concurrent-sweep: 0.001/0.001 secs] [Times: user=0.00 sys=0.00, real=0.00 secs] 
2014-07-10T10:48:14.873+0200: 97.454: [CMS-concurrent-reset-start]
2014-07-10T10:48:14.873+0200: 97.454: [CMS-concurrent-reset: 0.000/0.000 secs] [Times: user=0.00 sys=0.00, real=0.00 secs] 
2014-07-10T10:48:14.952+0200: 97.533: [GC (Allocation Failure) 97.533: [ParNew: 19616K->2148K(19648K), 0.0104433 secs] 24903K->13264K(63360K), 0.0108070 secs] [Times: user=0.01 sys=0.00, real=0.01 secs] 
2014-07-10T10:48:15.046+0200: 97.627: [GC (Allocation Failure) 97.627: [ParNew: 19616K->837K(19648K), 0.0015750 secs] 30733K->11956K(63360K), 0.0018599 secs] [Times: user=0.00 sys=0.00, real=0.00 secs] 
2014-07-10T10:48:15.063+0200: 97.644: [GC (Allocation Failure) 97.644: [ParNew: 18306K->347K(19648K), 0.0016124 secs] 29425K->11466K(63360K), 0.0019017 secs] [Times: user=0.00 sys=0.00, real=0.00 secs] 
2014-07-10T10:48:15.152+0200: 97.733: [GC (Allocation Failure) 97.733: [ParNew: 17796K->874K(19648K), 0.0019340 secs] 28915K->11992K(63360K), 0.0022199 secs] [Times: user=0.00 sys=0.00, real=0.00 secs] 
2014-07-10T10:48:15.246+0200: 97.827: [GC (Allocation Failure) 97.827: [ParNew: 18340K->1932K(19648K), 0.0012788 secs] 29459K->13051K(63360K), 0.0014243 secs] [Times: user=0.00 sys=0.00, real=0.00 secs] 
2014-07-10T10:48:15.298+0200: 97.879: [GC (Allocation Failure) 97.879: [ParNew: 19372K->1925K(19648K), 0.0023526 secs] 30491K->13056K(63360K), 0.0026610 secs] [Times: user=0.00 sys=0.00, real=0.00 secs] 
2014-07-10T10:48:15.351+0200: 97.932: [GC (Allocation Failure) 97.932: [ParNew: 19394K->2148K(19648K), 0.0022280 secs] 30524K->14113K(63360K), 0.0024399 secs] [Times: user=0.00 sys=0.00, real=0.00 secs] 
2014-07-10T10:48:15.447+0200: 98.028: [GC (Allocation Failure) 98.028: [ParNew: 19614K->2150K(19648K), 0.0029407 secs] 31579K->16006K(63360K), 0.0031116 secs] [Times: user=0.00 sys=0.00, real=0.00 secs] 
2014-07-10T10:48:15.500+0200: 98.081: [GC (Allocation Failure) 98.081: [ParNew: 19618K->2150K(19648K), 0.0066264 secs] 33474K->18953K(63360K), 0.0069960 secs] [Times: user=0.03 sys=0.00, real=0.01 secs] 
2014-07-10T10:48:15.552+0200: 98.133: [GC (Allocation Failure) 98.133: [ParNew: 19616K->2148K(19648K), 0.0052035 secs] 36420K->22956K(63360K), 0.0054367 secs] [Times: user=0.00 sys=0.00, real=0.00 secs] 
2014-07-10T10:48:15.649+0200: 98.230: [GC (Allocation Failure) 98.230: [ParNew: 19596K->2150K(19648K), 0.0071833 secs] 40404K->26322K(63360K), 0.0076544 secs] [Times: user=0.00 sys=0.00, real=0.01 secs] 
2014-07-10T10:48:15.699+0200: 98.280: [GC (Allocation Failure) 98.280: [ParNew: 19619K->2150K(19648K), 0.0048123 secs] 43790K->30743K(63360K), 0.0049879 secs] [Times: user=0.00 sys=0.00, real=0.01 secs] 
2014-07-10T10:48:15.758+0200: 98.339: [GC (Allocation Failure) 98.339: [ParNew: 19616K->2148K(19648K), 0.0084801 secs] 48210K->36218K(63360K), 0.0087840 secs] [Times: user=0.00 sys=0.00, real=0.01 secs] 
2014-07-10T10:48:15.767+0200: 98.348: [GC (CMS Initial Mark) [1 CMS-initial-mark: 34070K(43712K)] 36316K(63360K), 0.0002365 secs] [Times: user=0.00 sys=0.00, real=0.00 secs] 
2014-07-10T10:48:15.767+0200: 98.348: [CMS-concurrent-mark-start]
2014-07-10T10:48:15.769+0200: 98.350: [CMS-concurrent-mark: 0.001/0.001 secs] [Times: user=0.00 sys=0.00, real=0.00 secs] 
2014-07-10T10:48:15.769+0200: 98.350: [CMS-concurrent-preclean-start]
2014-07-10T10:48:15.769+0200: 98.350: [CMS-concurrent-preclean: 0.000/0.000 secs] [Times: user=0.00 sys=0.00, real=0.00 secs] 
2014-07-10T10:48:15.769+0200: 98.350: [GC (CMS Final Remark) [YG occupancy: 2726 K (19648 K)]98.350: [Rescan (parallel) , 0.0001826 secs]98.350: [weak refs processing, 0.0000488 secs]98.350: [class unloading, 0.0005668 secs]98.351: [scrub symbol table, 0.0010790 secs]98.352: [scrub string table, 0.0002453 secs][1 CMS-remark: 34070K(43712K)] 36796K(63360K), 0.0024348 secs] [Times: user=0.02 sys=0.00, real=0.00 secs] 
2014-07-10T10:48:15.772+0200: 98.353: [CMS-concurrent-sweep-start]
2014-07-10T10:48:15.772+0200: 98.353: [CMS-concurrent-sweep: 0.001/0.001 secs] [Times: user=0.00 sys=0.00, real=0.00 secs] 
2014-07-10T10:48:15.772+0200: 98.353: [CMS-concurrent-reset-start]
2014-07-10T10:48:15.772+0200: 98.353: [CMS-concurrent-reset: 0.000/0.000 secs] [Times: user=0.00 sys=0.00, real=0.00 secs] 
2014-07-10T10:48:15.850+0200: 98.431: [GC (Allocation Failure) 98.432: [ParNew: 19593K->2150K(19648K), 0.0070172 secs] 25585K->13106K(63360K), 0.0073769 secs] [Times: user=0.00 sys=0.00, real=0.01 secs] 
2014-07-10T10:48:15.899+0200: 98.480: [GC (Allocation Failure) 98.480: [ParNew: 19616K->2150K(19648K), 0.0065168 secs] 30572K->19128K(63360K), 0.0067455 secs] [Times: user=0.00 sys=0.00, real=0.01 secs] 
2014-07-10T10:48:15.996+0200: 98.577: [GC (Allocation Failure) 98.577: [ParNew: 19618K->1029K(19648K), 0.0007135 secs] 36596K->18009K(63360K), 0.0008069 secs] [Times: user=0.00 sys=0.00, real=0.00 secs] 
2014-07-10T10:48:16.053+0200: 98.634: [GC (Allocation Failure) 98.634: [ParNew: 18498K->2088K(19648K), 0.0029902 secs] 35478K->19068K(63360K), 0.0033367 secs] [Times: user=0.00 sys=0.00, real=0.00 secs] 
2014-07-10T10:48:16.147+0200: 98.728: [GC (Allocation Failure) 98.728: [ParNew: 19531K->1573K(19648K), 0.0020597 secs] 36512K->18559K(63360K), 0.0023405 secs] [Times: user=0.00 sys=0.00, real=0.00 secs] 
2014-07-10T10:48:16.200+0200: 98.781: [GC (Allocation Failure) 98.781: [ParNew: 19042K->2148K(19648K), 0.0071895 secs] 36028K->19617K(63360K), 0.0075188 secs] [Times: user=0.02 sys=0.00, real=0.01 secs] 
2014-07-10T10:48:16.251+0200: 98.832: [GC (Allocation Failure) 98.832: [ParNew: 19614K->2148K(19648K), 0.0031434 secs] 37083K->21156K(63360K), 0.0033821 secs] [Times: user=0.03 sys=0.00, real=0.00 secs] 
2014-07-10T10:48:16.348+0200: 98.929: [GC (Allocation Failure) 98.929: [ParNew: 19588K->2150K(19648K), 0.0042470 secs] 38596K->22697K(63360K), 0.0046917 secs] [Times: user=0.00 sys=0.00, real=0.00 secs] 
2014-07-10T10:48:16.399+0200: 98.980: [GC (Allocation Failure) 98.980: [ParNew: 19618K->2150K(19648K), 0.0033990 secs] 40165K->25293K(63360K), 0.0036175 secs] [Times: user=0.00 sys=0.00, real=0.00 secs] 
2014-07-10T10:48:16.454+0200: 99.035: [GC (Allocation Failure) 99.035: [ParNew: 19616K->2148K(19648K), 0.0041077 secs] 42759K->28943K(63360K), 0.0042716 secs] [Times: user=0.03 sys=0.00, real=0.00 secs] 
2014-07-10T10:48:16.551+0200: 99.132: [GC (Allocation Failure) 99.132: [ParNew: 19616K->2150K(19648K), 0.0086223 secs] 46411K->33653K(63360K), 0.0090106 secs] [Times: user=0.00 sys=0.00, real=0.01 secs] 
2014-07-10T10:48:16.597+0200: 99.178: [GC (Allocation Failure) 99.178: [ParNew: 19604K->2150K(19648K), 0.0047955 secs] 51107K->37209K(63360K), 0.0050268 secs] [Times: user=0.00 sys=0.00, real=0.01 secs] 
2014-07-10T10:48:16.603+0200: 99.184: [GC (CMS Initial Mark) [1 CMS-initial-mark: 35059K(43712K)] 37275K(63360K), 0.0002775 secs] [Times: user=0.00 sys=0.00, real=0.00 secs] 
2014-07-10T10:48:16.603+0200: 99.184: [CMS-concurrent-mark-start]
2014-07-10T10:48:16.604+0200: 99.185: [CMS-concurrent-mark: 0.001/0.001 secs] [Times: user=0.00 sys=0.00, real=0.00 secs] 
2014-07-10T10:48:16.604+0200: 99.185: [CMS-concurrent-preclean-start]
2014-07-10T10:48:16.605+0200: 99.186: [CMS-concurrent-preclean: 0.000/0.000 secs] [Times: user=0.00 sys=0.00, real=0.00 secs] 
2014-07-10T10:48:16.605+0200: 99.186: [CMS-concurrent-abortable-preclean-start]
2014-07-10T10:48:16.657+0200: 99.238: [GC (Allocation Failure) 99.239: [ParNew: 19619K->2148K(19648K), 0.0079433 secs] 54678K->41822K(63360K), 0.0082832 secs] [Times: user=0.03 sys=0.00, real=0.01 secs] 
2014-07-10T10:48:16.749+0200: 99.330: [GC (Allocation Failure) 99.330: [ParNew: 19614K->19614K(19648K), 0.0000693 secs]99.330: [CMS2014-07-10T10:48:16.749+0200: 99.330: [CMS-concurrent-abortable-preclean: 0.001/0.145 secs] [Times: user=0.03 sys=0.00, real=0.14 secs] 
 (concurrent mode failure): 39673K->8328K(43712K), 0.0106611 secs] 59288K->8328K(63360K), [Metaspace: 2457K->2457K(1056768K)], 0.0109936 secs] [Times: user=0.02 sys=0.00, real=0.01 secs] 
2014-07-10T10:48:16.799+0200: 99.380: [GC (Allocation Failure) 99.380: [ParNew: 17440K->2150K(19648K), 0.0057223 secs] 25768K->16149K(63360K), 0.0059034 secs] [Times: user=0.03 sys=0.00, real=0.01 secs] 
2014-07-10T10:48:16.896+0200: 99.477: [GC (Allocation Failure) 99.477: [ParNew: 19618K->677K(19648K), 0.0008330 secs] 33617K->14679K(63360K), 0.0009694 secs] [Times: user=0.00 sys=0.00, real=0.00 secs] 
2014-07-10T10:48:16.950+0200: 99.531: [GC (Allocation Failure) 99.531: [ParNew: 18143K->1735K(19648K), 0.0016304 secs] 32145K->15737K(63360K), 0.0018291 secs] [Times: user=0.00 sys=0.00, real=0.00 secs] 
2014-07-10T10:48:17.047+0200: 99.628: [GC (Allocation Failure) 99.628: [ParNew: 19204K->2150K(19648K), 0.0017880 secs] 33206K->16797K(63360K), 0.0019886 secs] [Times: user=0.00 sys=0.00, real=0.00 secs] 
2014-07-10T10:48:17.097+0200: 99.678: [GC (Allocation Failure) 99.678: [ParNew: 19595K->2150K(19648K), 0.0027475 secs] 34243K->16927K(63360K), 0.0030540 secs] [Times: user=0.00 sys=0.00, real=0.00 secs] 
2014-07-10T10:48:17.150+0200: 99.731: [GC (Allocation Failure) 99.732: [ParNew: 19616K->2148K(19648K), 0.0026841 secs] 34394K->18113K(63360K), 0.0029466 secs] [Times: user=0.00 sys=0.00, real=0.00 secs] 
2014-07-10T10:48:17.248+0200: 99.829: [GC (Allocation Failure) 99.829: [ParNew: 19616K->2150K(19648K), 0.0031006 secs] 35582K->20358K(63360K), 0.0033121 secs] [Times: user=0.00 sys=0.00, real=0.00 secs] 
2014-07-10T10:48:17.299+0200: 99.880: [GC (Allocation Failure) 99.880: [ParNew: 19616K->2150K(19648K), 0.0081358 secs] 37825K->23658K(63360K), 0.0085013 secs] [Times: user=0.02 sys=0.00, real=0.01 secs] 
2014-07-10T10:48:17.351+0200: 99.932: [GC (Allocation Failure) 99.932: [ParNew: 19595K->2150K(19648K), 0.0043441 secs] 41104K->26446K(63360K), 0.0045777 secs] [Times: user=0.00 sys=0.00, real=0.00 secs] 
2014-07-10T10:48:17.447+0200: 100.028: [GC (Allocation Failure) 100.029: [ParNew: 19616K->2150K(19648K), 0.0046352 secs] 43912K->30291K(63360K), 0.0048435 secs] [Times: user=0.00 sys=0.00, real=0.00 secs] 
2014-07-10T10:48:17.499+0200: 100.080: [GC (Allocation Failure) 100.080: [ParNew: 19618K->2150K(19648K), 0.0051548 secs] 47759K->35191K(63360K), 0.0053454 secs] [Times: user=0.03 sys=0.00, real=0.00 secs] 
2014-07-10T10:48:17.504+0200: 100.085: [GC (CMS Initial Mark) [1 CMS-initial-mark: 33041K(43712K)] 35257K(63360K), 0.0001976 secs] [Times: user=0.00 sys=0.00, real=0.00 secs] 
2014-07-10T10:48:17.505+0200: 100.086: [CMS-concurrent-mark-start]
2014-07-10T10:48:17.505+0200: 100.086: [CMS-concurrent-mark: 0.001/0.001 secs] [Times: user=0.00 sys=0.00, real=0.00 secs] 
2014-07-10T10:48:17.505+0200: 100.086: [CMS-concurrent-preclean-start]
2014-07-10T10:48:17.506+0200: 100.087: [CMS-concurrent-preclean: 0.000/0.000 secs] [Times: user=0.00 sys=0.00, real=0.00 secs] 
2014-07-10T10:48:17.506+0200: 100.087: [GC (CMS Final Remark) [YG occupancy: 3304 K (19648 K)]100.087: [Rescan (parallel) , 0.0001177 secs]100.087: [weak refs processing, 0.0000323 secs]100.087: [class unloading, 0.0004187 secs]100.087: [scrub symbol table, 0.0005591 secs]100.088: [scrub string table, 0.0001730 secs][1 CMS-remark: 33041K(43712K)] 36346K(63360K), 0.0014562 secs] [Times: user=0.00 sys=0.00, real=0.00 secs] 
2014-07-10T10:48:17.507+0200: 100.088: [CMS-concurrent-sweep-start]
2014-07-10T10:48:17.508+0200: 100.089: [CMS-concurrent-sweep: 0.000/0.000 secs] [Times: user=0.00 sys=0.00, real=0.00 secs] 
2014-07-10T10:48:17.508+0200: 100.089: [CMS-concurrent-reset-start]
2014-07-10T10:48:17.508+0200: 100.089: [CMS-concurrent-reset: 0.000/0.000 secs] [Times: user=0.00 sys=0.00, real=0.00 secs] 
2014-07-10T10:48:17.553+0200: 100.134: [GC (Allocation Failure) 100.134: [ParNew: 19616K->2148K(19648K), 0.0056537 secs] 25033K->13521K(63360K), 0.0058730 secs] [Times: user=0.00 sys=0.00, real=0.01 secs] 
2014-07-10T10:48:17.650+0200: 100.231: [GC (Allocation Failure) 100.232: [ParNew: 19598K->2150K(19648K), 0.0072354 secs] 30972K->18841K(63360K), 0.0076009 secs] [Times: user=0.03 sys=0.00, real=0.01 secs] 
2014-07-10T10:48:17.746+0200: 100.327: [GC (Allocation Failure) 100.328: [ParNew: 19619K->325K(19648K), 0.0014896 secs] 36309K->17019K(63360K), 0.0018287 secs] [Times: user=0.00 sys=0.00, real=0.00 secs] 
2014-07-10T10:48:17.797+0200: 100.378: [GC (Allocation Failure) 100.378: [ParNew: 17791K->1383K(19648K), 0.0019032 secs] 34486K->18078K(63360K), 0.0023776 secs] [Times: user=0.02 sys=0.02, real=0.00 secs] 
2014-07-10T10:48:17.855+0200: 100.436: [GC (Allocation Failure) 100.436: [ParNew: 18823K->1381K(19648K), 0.0025462 secs] 35518K->18081K(63360K), 0.0029066 secs] [Times: user=0.00 sys=0.00, real=0.00 secs] 
2014-07-10T10:48:17.947+0200: 100.528: [GC (Allocation Failure) 100.528: [ParNew: 18850K->2148K(19648K), 0.0015512 secs] 35550K->19138K(63360K), 0.0017682 secs] [Times: user=0.00 sys=0.00, real=0.00 secs] 
2014-07-10T10:48:17.999+0200: 100.580: [GC (Allocation Failure) 100.580: [ParNew: 19614K->2150K(19648K), 0.0039636 secs] 36605K->20487K(63360K), 0.0043551 secs] [Times: user=0.03 sys=0.00, real=0.00 secs] 
2014-07-10T10:48:18.056+0200: 100.637: [GC (Allocation Failure) 100.637: [ParNew: 19601K->2150K(19648K), 0.0034243 secs] 37939K->20810K(63360K), 0.0037828 secs] [Times: user=0.00 sys=0.00, real=0.00 secs] 
2014-07-10T10:48:18.148+0200: 100.729: [GC (Allocation Failure) 100.729: [ParNew: 19617K->2150K(19648K), 0.0040146 secs] 38276K->22190K(63360K), 0.0043804 secs] [Times: user=0.00 sys=0.00, real=0.00 secs] 
2014-07-10T10:48:18.199+0200: 100.780: [GC (Allocation Failure) 100.780: [ParNew: 19618K->2150K(19648K), 0.0060358 secs] 39658K->24625K(63360K), 0.0063888 secs] [Times: user=0.03 sys=0.00, real=0.01 secs] 
2014-07-10T10:48:18.252+0200: 100.833: [GC (Allocation Failure) 100.834: [ParNew: 19616K->2148K(19648K), 0.0039955 secs] 42092K->28115K(63360K), 0.0042305 secs] [Times: user=0.00 sys=0.00, real=0.00 secs] 
2014-07-10T10:48:18.349+0200: 100.930: [GC (Allocation Failure) 100.930: [ParNew: 19588K->2150K(19648K), 0.0073780 secs] 45555K->31609K(63360K), 0.0077967 secs] [Times: user=0.00 sys=0.00, real=0.01 secs] 
2014-07-10T10:48:18.400+0200: 100.982: [GC (Allocation Failure) 100.982: [ParNew: 19618K->2150K(19648K), 0.0050041 secs] 49077K->36158K(63360K), 0.0052567 secs] [Times: user=0.00 sys=0.00, real=0.01 secs] 
2014-07-10T10:48:18.406+0200: 100.987: [GC (CMS Initial Mark) [1 CMS-initial-mark: 34008K(43712K)] 36224K(63360K), 0.0001760 secs] [Times: user=0.00 sys=0.00, real=0.00 secs] 
2014-07-10T10:48:18.406+0200: 100.987: [CMS-concurrent-mark-start]
2014-07-10T10:48:18.407+0200: 100.988: [CMS-concurrent-mark: 0.001/0.001 secs] [Times: user=0.03 sys=0.00, real=0.00 secs] 
2014-07-10T10:48:18.407+0200: 100.988: [CMS-concurrent-preclean-start]
2014-07-10T10:48:18.407+0200: 100.988: [CMS-concurrent-preclean: 0.000/0.000 secs] [Times: user=0.00 sys=0.00, real=0.00 secs] 
2014-07-10T10:48:18.407+0200: 100.989: [GC (CMS Final Remark) [YG occupancy: 3656 K (19648 K)]100.989: [Rescan (parallel) , 0.0001800 secs]100.989: [weak refs processing, 0.0000356 secs]100.989: [class unloading, 0.0005129 secs]100.989: [scrub symbol table, 0.0006401 secs]100.990: [scrub string table, 0.0001822 secs][1 CMS-remark: 34008K(43712K)] 37665K(63360K), 0.0017433 secs] [Times: user=0.00 sys=0.00, real=0.00 secs] 
2014-07-10T10:48:18.409+0200: 100.990: [CMS-concurrent-sweep-start]
2014-07-10T10:48:18.410+0200: 100.991: [CMS-concurrent-sweep: 0.000/0.000 secs] [Times: user=0.00 sys=0.00, real=0.00 secs] 
2014-07-10T10:48:18.410+0200: 100.991: [CMS-concurrent-reset-start]
2014-07-10T10:48:18.410+0200: 100.991: [CMS-concurrent-reset: 0.000/0.000 secs] [Times: user=0.00 sys=0.00, real=0.00 secs] 
2014-07-10T10:48:18.452+0200: 101.033: [GC (Allocation Failure) 101.033: [ParNew: 19616K->2148K(19648K), 0.0058865 secs] 24681K->12818K(63360K), 0.0060746 secs] [Times: user=0.03 sys=0.00, real=0.01 secs] 
2014-07-10T10:48:18.552+0200: 101.133: [GC (Allocation Failure) 101.133: [ParNew: 19616K->614K(19648K), 0.0017147 secs] 30286K->11286K(63360K), 0.0020062 secs] [Times: user=0.00 sys=0.00, real=0.00 secs] 
2014-07-10T10:48:18.601+0200: 101.182: [GC (Allocation Failure) 101.182: [ParNew: 18063K->2151K(19648K), 0.0109397 secs] 28736K->18842K(63360K), 0.0113394 secs] [Times: user=0.03 sys=0.00, real=0.01 secs] 
2014-07-10T10:48:18.696+0200: 101.277: [GC (Allocation Failure) 101.277: [ParNew: 19620K->1029K(19648K), 0.0009250 secs] 36311K->17726K(63360K), 0.0010808 secs] [Times: user=0.00 sys=0.00, real=0.00 secs] 
2014-07-10T10:48:18.754+0200: 101.335: [GC (Allocation Failure) 101.335: [ParNew: 18498K->2088K(19648K), 0.0028509 secs] 35195K->18785K(63360K), 0.0031559 secs] [Times: user=0.00 sys=0.00, real=0.00 secs] 
2014-07-10T10:48:18.847+0200: 101.428: [GC (Allocation Failure) 101.428: [ParNew: 19531K->1573K(19648K), 0.0020700 secs] 36229K->18276K(63360K), 0.0023369 secs] [Times: user=0.00 sys=0.00, real=0.00 secs] 
2014-07-10T10:48:18.897+0200: 101.478: [GC (Allocation Failure) 101.479: [ParNew: 19042K->2150K(19648K), 0.0027167 secs] 35744K->19336K(63360K), 0.0030423 secs] [Times: user=0.00 sys=0.00, real=0.00 secs] 
2014-07-10T10:48:18.958+0200: 101.539: [GC (Allocation Failure) 101.540: [ParNew: 19616K->2148K(19648K), 0.0046418 secs] 36802K->20873K(63360K), 0.0050224 secs] [Times: user=0.00 sys=0.00, real=0.01 secs] 
2014-07-10T10:48:19.047+0200: 101.628: [GC (Allocation Failure) 101.628: [ParNew: 19616K->2150K(19648K), 0.0036494 secs] 38341K->23470K(63360K), 0.0038485 secs] [Times: user=0.00 sys=0.00, real=0.00 secs] 
2014-07-10T10:48:19.099+0200: 101.680: [GC (Allocation Failure) 101.680: [ParNew: 19595K->2150K(19648K), 0.0055023 secs] 40916K->25553K(63360K), 0.0059085 secs] [Times: user=0.00 sys=0.00, real=0.01 secs] 
2014-07-10T10:48:19.157+0200: 101.738: [GC (Allocation Failure) 101.738: [ParNew: 19616K->2148K(19648K), 0.0038485 secs] 43020K->28692K(63360K), 0.0041033 secs] [Times: user=0.00 sys=0.00, real=0.00 secs] 
2014-07-10T10:48:19.250+0200: 101.831: [GC (Allocation Failure) 101.831: [ParNew: 19616K->2150K(19648K), 0.0078275 secs] 46160K->32890K(63360K), 0.0082461 secs] [Times: user=0.00 sys=0.00, real=0.01 secs] 
2014-07-10T10:48:19.298+0200: 101.880: [GC (Allocation Failure) 101.880: [ParNew: 19590K->2150K(19648K), 0.0051159 secs] 50330K->37086K(63360K), 0.0053410 secs] [Times: user=0.00 sys=0.00, real=0.01 secs] 
2014-07-10T10:48:19.304+0200: 101.885: [GC (CMS Initial Mark) [1 CMS-initial-mark: 34936K(43712K)] 37152K(63360K), 0.0002720 secs] [Times: user=0.00 sys=0.00, real=0.00 secs] 
2014-07-10T10:48:19.305+0200: 101.886: [CMS-concurrent-mark-start]
2014-07-10T10:48:19.306+0200: 101.887: [CMS-concurrent-mark: 0.001/0.001 secs] [Times: user=0.00 sys=0.00, real=0.00 secs] 
2014-07-10T10:48:19.306+0200: 101.887: [CMS-concurrent-preclean-start]
2014-07-10T10:48:19.306+0200: 101.887: [CMS-concurrent-preclean: 0.000/0.000 secs] [Times: user=0.00 sys=0.00, real=0.00 secs] 
2014-07-10T10:48:19.306+0200: 101.887: [GC (CMS Final Remark) [YG occupancy: 4008 K (19648 K)]101.887: [Rescan (parallel) , 0.0002075 secs]101.888: [weak refs processing, 0.0000491 secs]101.888: [class unloading, 0.0005679 secs]101.888: [scrub symbol table, 0.0007552 secs]101.889: [scrub string table, 0.0002445 secs][1 CMS-remark: 34936K(43712K)] 38945K(63360K), 0.0020964 secs] [Times: user=0.00 sys=0.00, real=0.00 secs] 
2014-07-10T10:48:19.308+0200: 101.890: [CMS-concurrent-sweep-start]
2014-07-10T10:48:19.309+0200: 101.890: [CMS-concurrent-sweep: 0.000/0.000 secs] [Times: user=0.00 sys=0.00, real=0.00 secs] 
2014-07-10T10:48:19.309+0200: 101.890: [CMS-concurrent-reset-start]
2014-07-10T10:48:19.309+0200: 101.890: [CMS-concurrent-reset: 0.000/0.000 secs] [Times: user=0.00 sys=0.00, real=0.00 secs] 
2014-07-10T10:48:19.352+0200: 101.934: [GC (Allocation Failure) 101.934: [ParNew: 19616K->2148K(19648K), 0.0060358 secs] 24329K->12114K(63360K), 0.0062898 secs] [Times: user=0.01 sys=0.00, real=0.01 secs] 
2014-07-10T10:48:19.449+0200: 102.030: [GC (Allocation Failure) 102.031: [ParNew: 19616K->260K(19648K), 0.0009151 secs] 29582K->10228K(63360K), 0.0010647 secs] [Times: user=0.00 sys=0.00, real=0.00 secs] 
2014-07-10T10:48:19.547+0200: 102.128: [GC (Allocation Failure) 102.128: [ParNew: 17726K->1319K(19648K), 0.0018078 secs] 27695K->11288K(63360K), 0.0021268 secs] [Times: user=0.00 sys=0.00, real=0.00 secs] 
2014-07-10T10:48:19.596+0200: 102.177: [GC (Allocation Failure) 102.178: [ParNew: 18776K->165K(19648K), 0.0012352 secs] 28744K->10139K(63360K), 0.0014841 secs] [Times: user=0.00 sys=0.00, real=0.00 secs] 
2014-07-10T10:48:19.652+0200: 102.233: [GC (Allocation Failure) 102.233: [ParNew: 17632K->1223K(19648K), 0.0023490 secs] 27606K->11197K(63360K), 0.0026672 secs] [Times: user=0.02 sys=0.00, real=0.00 secs] 
2014-07-10T10:48:19.746+0200: 102.328: [GC (Allocation Failure) 102.328: [ParNew: 18692K->2150K(19648K), 0.0012583 secs] 28666K->12258K(63360K), 0.0014199 secs] [Times: user=0.00 sys=0.00, real=0.00 secs] 
2014-07-10T10:48:19.798+0200: 102.379: [GC (Allocation Failure) 102.379: [ParNew: 19616K->2150K(19648K), 0.0038349 secs] 29725K->13445K(63360K), 0.0042078 secs] [Times: user=0.00 sys=0.00, real=0.00 secs] 
2014-07-10T10:48:19.852+0200: 102.434: [GC (Allocation Failure) 102.434: [ParNew: 19590K->2150K(19648K), 0.0022914 secs] 30885K->14632K(63360K), 0.0025777 secs] [Times: user=0.00 sys=0.00, real=0.00 secs] 
2014-07-10T10:48:19.949+0200: 102.531: [GC (Allocation Failure) 102.531: [ParNew: 19618K->2148K(19648K), 0.0057465 secs] 32100K->16873K(63360K), 0.0061127 secs] [Times: user=0.02 sys=0.00, real=0.01 secs] 
2014-07-10T10:48:20.001+0200: 102.582: [GC (Allocation Failure) 102.582: [ParNew: 19614K->2150K(19648K), 0.0071470 secs] 34340K->20175K(63360K), 0.0074986 secs] [Times: user=0.00 sys=0.00, real=0.01 secs] 
2014-07-10T10:48:20.056+0200: 102.637: [GC (Allocation Failure) 102.638: [ParNew: 19595K->2148K(19648K), 0.0044252 secs] 37621K->22961K(63360K), 0.0046946 secs] [Times: user=0.03 sys=0.00, real=0.01 secs] 
2014-07-10T10:48:20.149+0200: 102.730: [GC (Allocation Failure) 102.730: [ParNew: 19615K->2150K(19648K), 0.0080130 secs] 40428K->26808K(63360K), 0.0083972 secs] [Times: user=0.03 sys=0.00, real=0.01 secs] 
2014-07-10T10:48:20.199+0200: 102.781: [GC (Allocation Failure) 102.781: [ParNew: 19618K->2150K(19648K), 0.0056607 secs] 44276K->31708K(63360K), 0.0058913 secs] [Times: user=0.01 sys=0.00, real=0.01 secs] 
2014-07-10T10:48:20.255+0200: 102.836: [GC (Allocation Failure) 102.836: [ParNew: 19616K->2148K(19648K), 0.0059368 secs] 49175K->37663K(63360K), 0.0061824 secs] [Times: user=0.00 sys=0.00, real=0.01 secs] 
2014-07-10T10:48:20.261+0200: 102.843: [GC (CMS Initial Mark) [1 CMS-initial-mark: 35515K(43712K)] 37729K(63360K), 0.0002728 secs] [Times: user=0.00 sys=0.00, real=0.00 secs] 
2014-07-10T10:48:20.262+0200: 102.843: [CMS-concurrent-mark-start]
2014-07-10T10:48:20.263+0200: 102.844: [CMS-concurrent-mark: 0.001/0.001 secs] [Times: user=0.02 sys=0.00, real=0.00 secs] 
2014-07-10T10:48:20.263+0200: 102.844: [CMS-concurrent-preclean-start]
2014-07-10T10:48:20.263+0200: 102.845: [CMS-concurrent-preclean: 0.000/0.000 secs] [Times: user=0.00 sys=0.00, real=0.00 secs] 
2014-07-10T10:48:20.265+0200: 102.846: [GC (CMS Final Remark) [YG occupancy: 2246 K (19648 K)]102.846: [Rescan (parallel) , 0.0001294 secs]102.846: [weak refs processing, 0.0000359 secs]102.846: [class unloading, 0.0004319 secs]102.846: [scrub symbol table, 0.0005899 secs]102.847: [scrub string table, 0.0001558 secs][1 CMS-remark: 35515K(43712K)] 37761K(63360K), 0.0015296 secs] [Times: user=0.00 sys=0.00, real=0.00 secs] 
2014-07-10T10:48:20.266+0200: 102.847: [CMS-concurrent-sweep-start]
2014-07-10T10:48:20.267+0200: 102.848: [CMS-concurrent-sweep: 0.000/0.000 secs] [Times: user=0.00 sys=0.00, real=0.00 secs] 
2014-07-10T10:48:20.267+0200: 102.848: [CMS-concurrent-reset-start]
2014-07-10T10:48:20.267+0200: 102.848: [CMS-concurrent-reset: 0.000/0.000 secs] [Times: user=0.00 sys=0.00, real=0.00 secs] 
2014-07-10T10:48:20.350+0200: 102.931: [GC (Allocation Failure) 102.931: [ParNew: 19593K->2150K(19648K), 0.0099158 secs] 26067K->14068K(63360K), 0.0103172 secs] [Times: user=0.03 sys=0.00, real=0.01 secs] 
2014-07-10T10:48:20.446+0200: 103.027: [GC (Allocation Failure) 103.028: [ParNew: 19618K->454K(19648K), 0.0007160 secs] 31537K->12376K(63360K), 0.0008091 secs] [Times: user=0.00 sys=0.00, real=0.00 secs] 
2014-07-10T10:48:20.496+0200: 103.077: [GC (Allocation Failure) 103.078: [ParNew: 17920K->1511K(19648K), 0.0010244 secs] 29842K->13433K(63360K), 0.0011585 secs] [Times: user=0.03 sys=0.00, real=0.00 secs] 
2014-07-10T10:48:20.554+0200: 103.134: [GC (Allocation Failure) 103.135: [ParNew: 18980K->2148K(19648K), 0.0034521 secs] 30902K->14491K(63360K), 0.0038111 secs] [Times: user=0.00 sys=0.00, real=0.00 secs] 
2014-07-10T10:48:20.647+0200: 103.227: [GC (Allocation Failure) 103.227: [ParNew: 19599K->1926K(19648K), 0.0021943 secs] 31943K->14272K(63360K), 0.0025191 secs] [Times: user=0.00 sys=0.00, real=0.00 secs] 
2014-07-10T10:48:20.698+0200: 103.278: [GC (Allocation Failure) 103.279: [ParNew: 19394K->2150K(19648K), 0.0035214 secs] 31740K->15332K(63360K), 0.0038767 secs] [Times: user=0.03 sys=0.00, real=0.00 secs] 
2014-07-10T10:48:20.755+0200: 103.335: [GC (Allocation Failure) 103.335: [ParNew: 19616K->2148K(19648K), 0.0053417 secs] 32798K->17221K(63360K), 0.0057553 secs] [Times: user=0.00 sys=0.00, real=0.01 secs] 
2014-07-10T10:48:20.848+0200: 103.429: [GC (Allocation Failure) 103.429: [ParNew: 19588K->2150K(19648K), 0.0049249 secs] 34661K->19114K(63360K), 0.0053109 secs] [Times: user=0.00 sys=0.00, real=0.01 secs] 
2014-07-10T10:48:20.899+0200: 103.480: [GC (Allocation Failure) 103.480: [ParNew: 19618K->2150K(19648K), 0.0071279 secs] 36582K->22062K(63360K), 0.0074876 secs] [Times: user=0.03 sys=0.00, real=0.01 secs] 
2014-07-10T10:48:20.957+0200: 103.537: [GC (Allocation Failure) 103.537: [ParNew: 19616K->2148K(19648K), 0.0080958 secs] 39528K->26064K(63360K), 0.0084735 secs] [Times: user=0.00 sys=0.00, real=0.01 secs] 
2014-07-10T10:48:21.050+0200: 103.631: [GC (Allocation Failure) 103.631: [ParNew: 19614K->2150K(19648K), 0.0089922 secs] 43531K->31127K(63360K), 0.0094263 secs] [Times: user=0.02 sys=0.00, real=0.01 secs] 
2014-07-10T10:48:21.099+0200: 103.680: [GC (Allocation Failure) 103.680: [ParNew: 19601K->2150K(19648K), 0.0079407 secs] 48578K->35163K(63360K), 0.0083554 secs] [Times: user=0.03 sys=0.00, real=0.01 secs] 
2014-07-10T10:48:21.160+0200: 103.740: [GC (Allocation Failure) 103.740: [ParNew: 19617K->2148K(19648K), 0.0072361 secs] 52630K->40255K(63360K), 0.0075228 secs] [Times: user=0.00 sys=0.00, real=0.01 secs] 
2014-07-10T10:48:21.168+0200: 103.748: [GC (CMS Initial Mark) [1 CMS-initial-mark: 38107K(43712K)] 40353K(63360K), 0.0002090 secs] [Times: user=0.00 sys=0.00, real=0.00 secs] 
2014-07-10T10:48:21.168+0200: 103.748: [CMS-concurrent-mark-start]
2014-07-10T10:48:21.169+0200: 103.749: [CMS-concurrent-mark: 0.001/0.001 secs] [Times: user=0.02 sys=0.00, real=0.00 secs] 
2014-07-10T10:48:21.169+0200: 103.749: [CMS-concurrent-preclean-start]
2014-07-10T10:48:21.169+0200: 103.749: [CMS-concurrent-preclean: 0.000/0.000 secs] [Times: user=0.00 sys=0.00, real=0.00 secs] 
2014-07-10T10:48:21.169+0200: 103.750: [GC (CMS Final Remark) [YG occupancy: 3110 K (19648 K)]103.750: [Rescan (parallel) , 0.0001716 secs]103.750: [weak refs processing, 0.0000389 secs]103.750: [class unloading, 0.0004557 secs]103.750: [scrub symbol table, 0.0006357 secs]103.751: [scrub string table, 0.0001910 secs][1 CMS-remark: 38107K(43712K)] 41218K(63360K), 0.0016934 secs] [Times: user=0.00 sys=0.00, real=0.00 secs] 
2014-07-10T10:48:21.171+0200: 103.751: [CMS-concurrent-sweep-start]
2014-07-10T10:48:21.172+0200: 103.752: [CMS-concurrent-sweep: 0.000/0.000 secs] [Times: user=0.00 sys=0.00, real=0.00 secs] 
2014-07-10T10:48:21.172+0200: 103.752: [CMS-concurrent-reset-start]
2014-07-10T10:48:21.172+0200: 103.752: [CMS-concurrent-reset: 0.000/0.000 secs] [Times: user=0.00 sys=0.00, real=0.00 secs] 
2014-07-10T10:48:21.249+0200: 103.830: [GC (Allocation Failure) 103.830: [ParNew: 19616K->102K(19648K), 0.0006350 secs] 25226K->5714K(63360K), 0.0007754 secs] [Times: user=0.00 sys=0.00, real=0.00 secs] 
2014-07-10T10:48:21.347+0200: 103.927: [GC (Allocation Failure) 103.927: [ParNew: 17542K->103K(19648K), 0.0005921 secs] 23154K->5715K(63360K), 0.0007186 secs] [Times: user=0.00 sys=0.00, real=0.00 secs] 
2014-07-10T10:48:21.398+0200: 103.978: [GC (Allocation Failure) 103.978: [ParNew: 17569K->1161K(19648K), 0.0007732 secs] 23181K->6773K(63360K), 0.0008806 secs] [Times: user=0.00 sys=0.00, real=0.00 secs] 
2014-07-10T10:48:21.450+0200: 104.030: [GC (Allocation Failure) 104.031: [ParNew: 18630K->2148K(19648K), 0.0015978 secs] 24242K->7832K(63360K), 0.0017627 secs] [Times: user=0.00 sys=0.00, real=0.00 secs] 
2014-07-10T10:48:21.548+0200: 104.128: [GC (Allocation Failure) 104.128: [ParNew: 19614K->2150K(19648K), 0.0039662 secs] 25299K->8957K(63360K), 0.0043130 secs] [Times: user=0.00 sys=0.00, real=0.00 secs] 
2014-07-10T10:48:21.598+0200: 104.178: [GC (Allocation Failure) 104.178: [ParNew: 19600K->2150K(19648K), 0.0027398 secs] 26407K->9439K(63360K), 0.0030375 secs] [Times: user=0.00 sys=0.00, real=0.00 secs] 
2014-07-10T10:48:21.654+0200: 104.235: [GC (Allocation Failure) 104.235: [ParNew: 19616K->2148K(19648K), 0.0048050 secs] 26906K->10978K(63360K), 0.0052552 secs] [Times: user=0.00 sys=0.00, real=0.01 secs] 
2014-07-10T10:48:21.750+0200: 104.330: [GC (Allocation Failure) 104.330: [ParNew: 19616K->2150K(19648K), 0.0058957 secs] 28446K->13575K(63360K), 0.0062286 secs] [Times: user=0.00 sys=0.00, real=0.01 secs] 
2014-07-10T10:48:21.801+0200: 104.381: [GC (Allocation Failure) 104.382: [ParNew: 19616K->2150K(19648K), 0.0074161 secs] 31042K->17227K(63360K), 0.0077574 secs] [Times: user=0.02 sys=0.00, real=0.01 secs] 
2014-07-10T10:48:21.856+0200: 104.436: [GC (Allocation Failure) 104.436: [ParNew: 19595K->2150K(19648K), 0.0070348 secs] 34673K->20367K(63360K), 0.0074949 secs] [Times: user=0.00 sys=0.00, real=0.01 secs] 
2014-07-10T10:48:21.949+0200: 104.529: [GC (Allocation Failure) 104.529: [ParNew: 19618K->2150K(19648K), 0.0048868 secs] 37835K->24564K(63360K), 0.0051009 secs] [Times: user=0.00 sys=0.00, real=0.01 secs] 
2014-07-10T10:48:21.999+0200: 104.579: [GC (Allocation Failure) 104.579: [ParNew: 19616K->2150K(19648K), 0.0058374 secs] 42030K->29817K(63360K), 0.0060695 secs] [Times: user=0.00 sys=0.00, real=0.01 secs] 
2014-07-10T10:48:22.053+0200: 104.634: [GC (Allocation Failure) 104.634: [ParNew: 19619K->261K(19648K), 0.0009503 secs] 47286K->27930K(63360K), 0.0011343 secs] [Times: user=0.00 sys=0.00, real=0.00 secs] 
2014-07-10T10:48:22.151+0200: 104.732: [GC (Allocation Failure) 104.732: [ParNew: 17702K->2151K(19648K), 0.0071111 secs] 45371K->35615K(63360K), 0.0074271 secs] [Times: user=0.00 sys=0.02, real=0.01 secs] 
2014-07-10T10:48:22.159+0200: 104.740: [GC (CMS Initial Mark) [1 CMS-initial-mark: 33464K(43712K)] 35647K(63360K), 0.0002654 secs] [Times: user=0.00 sys=0.00, real=0.00 secs] 
2014-07-10T10:48:22.160+0200: 104.740: [CMS-concurrent-mark-start]
2014-07-10T10:48:22.161+0200: 104.742: [CMS-concurrent-mark: 0.001/0.001 secs] [Times: user=0.00 sys=0.00, real=0.00 secs] 
2014-07-10T10:48:22.161+0200: 104.742: [CMS-concurrent-preclean-start]
2014-07-10T10:48:22.162+0200: 104.742: [CMS-concurrent-preclean: 0.000/0.000 secs] [Times: user=0.00 sys=0.00, real=0.00 secs] 
2014-07-10T10:48:22.162+0200: 104.742: [CMS-concurrent-abortable-preclean-start]
2014-07-10T10:48:22.246+0200: 104.826: [GC (Allocation Failure) 104.826: [ParNew: 19620K->805K(19648K), 0.0006643 secs] 53084K->34274K(63360K), 0.0007703 secs] [Times: user=0.00 sys=0.00, real=0.00 secs] 
2014-07-10T10:48:22.296+0200: 104.877: [GC (Allocation Failure) 104.877: [ParNew: 18271K->1863K(19648K), 0.0012572 secs] 51741K->35333K(63360K), 0.0013858 secs] [Times: user=0.00 sys=0.00, real=0.00 secs] 
2014-07-10T10:48:22.352+0200: 104.933: [GC (Allocation Failure) 104.933: [ParNew: 19303K->1859K(19648K), 0.0030793 secs] 52773K->35334K(63360K), 0.0034452 secs] [Times: user=0.03 sys=0.00, real=0.00 secs] 
2014-07-10T10:48:22.474+0200: 105.054: [GC (Allocation Failure) 105.054: [ParNew: 19328K->2150K(19648K), 0.0015787 secs] 52803K->36396K(63360K), 0.0017503 secs] [Times: user=0.00 sys=0.00, real=0.00 secs] 
2014-07-10T10:48:22.476+0200: 105.056: [CMS-concurrent-abortable-preclean: 0.002/0.314 secs] [Times: user=0.05 sys=0.00, real=0.31 secs] 
2014-07-10T10:48:22.476+0200: 105.056: [GC (CMS Final Remark) [YG occupancy: 2280 K (19648 K)]105.056: [Rescan (parallel) , 0.0001774 secs]105.056: [weak refs processing, 0.0000352 secs]105.056: [class unloading, 0.0006093 secs]105.057: [scrub symbol table, 0.0006530 secs]105.058: [scrub string table, 0.0002493 secs][1 CMS-remark: 34245K(43712K)] 36526K(63360K), 0.0018973 secs] [Times: user=0.00 sys=0.00, real=0.00 secs] 
2014-07-10T10:48:22.478+0200: 105.058: [CMS-concurrent-sweep-start]
2014-07-10T10:48:22.478+0200: 105.059: [CMS-concurrent-sweep: 0.000/0.001 secs] [Times: user=0.00 sys=0.00, real=0.00 secs] 
2014-07-10T10:48:22.478+0200: 105.059: [CMS-concurrent-reset-start]
2014-07-10T10:48:22.479+0200: 105.059: [CMS-concurrent-reset: 0.000/0.000 secs] [Times: user=0.00 sys=0.00, real=0.00 secs] 
2014-07-10T10:48:22.497+0200: 105.078: [GC (Allocation Failure) 105.078: [ParNew: 19616K->2150K(19648K), 0.0028007 secs] 26710K->11070K(63360K), 0.0030133 secs] [Times: user=0.00 sys=0.00, real=0.00 secs] 
2014-07-10T10:48:22.557+0200: 105.137: [GC (Allocation Failure) 105.137: [ParNew: 19618K->2148K(19648K), 0.0068651 secs] 28539K->13952K(63360K), 0.0072731 secs] [Times: user=0.03 sys=0.00, real=0.01 secs] 
2014-07-10T10:48:22.649+0200: 105.229: [GC (Allocation Failure) 105.230: [ParNew: 19605K->2150K(19648K), 0.0049945 secs] 31409K->15685K(63360K), 0.0053417 secs] [Times: user=0.03 sys=0.00, real=0.01 secs] 
2014-07-10T10:48:22.700+0200: 105.280: [GC (Allocation Failure) 105.280: [ParNew: 19619K->2150K(19648K), 0.0063030 secs] 33154K->18475K(63360K), 0.0067162 secs] [Times: user=0.00 sys=0.00, real=0.01 secs] 
2014-07-10T10:48:22.757+0200: 105.337: [GC (Allocation Failure) 105.337: [ParNew: 19616K->2148K(19648K), 0.0084595 secs] 35941K->22317K(63360K), 0.0088397 secs] [Times: user=0.03 sys=0.00, real=0.01 secs] 
2014-07-10T10:48:22.848+0200: 105.428: [GC (Allocation Failure) 105.428: [ParNew: 19588K->2150K(19648K), 0.0048373 secs] 39757K->26163K(63360K), 0.0050558 secs] [Times: user=0.00 sys=0.00, real=0.00 secs] 
2014-07-10T10:48:22.898+0200: 105.479: [GC (Allocation Failure) 105.479: [ParNew: 19618K->2150K(19648K), 0.0057337 secs] 43631K->31064K(63360K), 0.0059848 secs] [Times: user=0.03 sys=0.00, real=0.01 secs] 
2014-07-10T10:48:22.905+0200: 105.485: [GC (CMS Initial Mark) [1 CMS-initial-mark: 28914K(43712K)] 31162K(63360K), 0.0002797 secs] [Times: user=0.00 sys=0.00, real=0.00 secs] 
2014-07-10T10:48:22.905+0200: 105.485: [CMS-concurrent-mark-start]
2014-07-10T10:48:22.906+0200: 105.487: [CMS-concurrent-mark: 0.001/0.001 secs] [Times: user=0.00 sys=0.00, real=0.00 secs] 
2014-07-10T10:48:22.906+0200: 105.487: [CMS-concurrent-preclean-start]
2014-07-10T10:48:22.906+0200: 105.487: [CMS-concurrent-preclean: 0.000/0.000 secs] [Times: user=0.00 sys=0.00, real=0.00 secs] 
2014-07-10T10:48:22.907+0200: 105.487: [GC (CMS Final Remark) [YG occupancy: 3304 K (19648 K)]105.487: [Rescan (parallel) , 0.0002024 secs]105.487: [weak refs processing, 0.0000473 secs]105.487: [class unloading, 0.0005437 secs]105.488: [scrub symbol table, 0.0007278 secs]105.489: [scrub string table, 0.0002544 secs][1 CMS-remark: 28914K(43712K)] 32218K(63360K), 0.0020285 secs] [Times: user=0.00 sys=0.00, real=0.00 secs] 
2014-07-10T10:48:22.909+0200: 105.489: [CMS-concurrent-sweep-start]
2014-07-10T10:48:22.909+0200: 105.490: [CMS-concurrent-sweep: 0.000/0.000 secs] [Times: user=0.00 sys=0.00, real=0.00 secs] 
2014-07-10T10:48:22.909+0200: 105.490: [CMS-concurrent-reset-start]
2014-07-10T10:48:22.910+0200: 105.490: [CMS-concurrent-reset: 0.000/0.000 secs] [Times: user=0.00 sys=0.00, real=0.00 secs] 
2014-07-10T10:48:22.954+0200: 105.534: [GC (Allocation Failure) 105.534: [ParNew: 19616K->2148K(19648K), 0.0065142 secs] 25036K->13525K(63360K), 0.0067477 secs] [Times: user=0.00 sys=0.00, real=0.01 secs] 
2014-07-10T10:48:23.049+0200: 105.630: [GC (Allocation Failure) 105.630: [ParNew: 19616K->966K(19648K), 0.0011292 secs] 30993K->12345K(63360K), 0.0013393 secs] [Times: user=0.00 sys=0.00, real=0.00 secs] 
2014-07-10T10:48:23.146+0200: 105.727: [GC (Allocation Failure) 105.727: [ParNew: 18412K->455K(19648K), 0.0015277 secs] 29791K->11835K(63360K), 0.0017891 secs] [Times: user=0.00 sys=0.00, real=0.00 secs] 
2014-07-10T10:48:23.200+0200: 105.780: [GC (Allocation Failure) 105.781: [ParNew: 17922K->1514K(19648K), 0.0022866 secs] 29301K->12893K(63360K), 0.0033887 secs] [Times: user=0.00 sys=0.00, real=0.00 secs] 
2014-07-10T10:48:23.254+0200: 105.834: [GC (Allocation Failure) 105.834: [ParNew: 18982K->2148K(19648K), 0.0034078 secs] 30362K->13952K(63360K), 0.0037880 secs] [Times: user=0.00 sys=0.00, real=0.00 secs] 
2014-07-10T10:48:23.347+0200: 105.927: [GC (Allocation Failure) 105.928: [ParNew: 19591K->2054K(19648K), 0.0026426 secs] 31396K->13860K(63360K), 0.0029323 secs] [Times: user=0.00 sys=0.00, real=0.00 secs] 
2014-07-10T10:48:23.398+0200: 105.978: [GC (Allocation Failure) 105.978: [ParNew: 19520K->2148K(19648K), 0.0029733 secs] 31327K->14918K(63360K), 0.0031856 secs] [Times: user=0.01 sys=0.00, real=0.00 secs] 
2014-07-10T10:48:23.453+0200: 106.033: [GC (Allocation Failure) 106.033: [ParNew: 19616K->2148K(19648K), 0.0029550 secs] 32386K->16937K(63360K), 0.0031431 secs] [Times: user=0.00 sys=0.00, real=0.00 secs] 
2014-07-10T10:48:23.547+0200: 106.127: [GC (Allocation Failure) 106.127: [ParNew: 19614K->2150K(19648K), 0.0039896 secs] 34403K->20015K(63360K), 0.0041909 secs] [Times: user=0.00 sys=0.00, real=0.00 secs] 
2014-07-10T10:48:23.599+0200: 106.179: [GC (Allocation Failure) 106.180: [ParNew: 19603K->2150K(19648K), 0.0061894 secs] 37468K->22450K(63360K), 0.0065842 secs] [Times: user=0.03 sys=0.00, real=0.01 secs] 
2014-07-10T10:48:23.652+0200: 106.232: [GC (Allocation Failure) 106.232: [ParNew: 19616K->2148K(19648K), 0.0045656 secs] 39916K->25941K(63360K), 0.0047929 secs] [Times: user=0.00 sys=0.00, real=0.00 secs] 
2014-07-10T10:48:23.750+0200: 106.331: [GC (Allocation Failure) 106.331: [ParNew: 19616K->2150K(19648K), 0.0084804 secs] 43410K->30492K(63360K), 0.0088987 secs] [Times: user=0.03 sys=0.00, real=0.01 secs] 
2014-07-10T10:48:23.801+0200: 106.381: [GC (Allocation Failure) 106.381: [ParNew: 19590K->2150K(19648K), 0.0091037 secs] 47932K->35040K(63360K), 0.0094963 secs] [Times: user=0.03 sys=0.00, real=0.01 secs] 
2014-07-10T10:48:23.811+0200: 106.391: [GC (CMS Initial Mark) [1 CMS-initial-mark: 32890K(43712K)] 35106K(63360K), 0.0004531 secs] [Times: user=0.00 sys=0.00, real=0.00 secs] 
2014-07-10T10:48:23.812+0200: 106.392: [CMS-concurrent-mark-start]
2014-07-10T10:48:23.814+0200: 106.394: [CMS-concurrent-mark: 0.002/0.002 secs] [Times: user=0.00 sys=0.00, real=0.00 secs] 
2014-07-10T10:48:23.814+0200: 106.395: [CMS-concurrent-preclean-start]
2014-07-10T10:48:23.815+0200: 106.395: [CMS-concurrent-preclean: 0.001/0.001 secs] [Times: user=0.00 sys=0.00, real=0.00 secs] 
2014-07-10T10:48:23.815+0200: 106.396: [GC (CMS Final Remark) [YG occupancy: 3656 K (19648 K)]106.396: [Rescan (parallel) , 0.0004095 secs]106.396: [weak refs processing, 0.0000821 secs]106.396: [class unloading, 0.0010064 secs]106.397: [scrub symbol table, 0.0012759 secs]106.399: [scrub string table, 0.0004927 secs][1 CMS-remark: 32890K(43712K)] 36547K(63360K), 0.0037755 secs] [Times: user=0.00 sys=0.00, real=0.00 secs] 
2014-07-10T10:48:23.819+0200: 106.400: [CMS-concurrent-sweep-start]
2014-07-10T10:48:23.820+0200: 106.401: [CMS-concurrent-sweep: 0.001/0.001 secs] [Times: user=0.00 sys=0.00, real=0.00 secs] 
2014-07-10T10:48:23.820+0200: 106.401: [CMS-concurrent-reset-start]
2014-07-10T10:48:23.821+0200: 106.401: [CMS-concurrent-reset: 0.000/0.000 secs] [Times: user=0.02 sys=0.00, real=0.00 secs] 
2014-07-10T10:48:23.858+0200: 106.439: [GC (Allocation Failure) 106.439: [ParNew: 19616K->2148K(19648K), 0.0085930 secs] 24684K->12821K(63360K), 0.0089050 secs] [Times: user=0.00 sys=0.00, real=0.01 secs] 
2014-07-10T10:48:23.953+0200: 106.534: [GC (Allocation Failure) 106.534: [ParNew: 19616K->614K(19648K), 0.0018463 secs] 30290K->11290K(63360K), 0.0021473 secs] [Times: user=0.00 sys=0.00, real=0.00 secs] 
2014-07-10T10:48:24.047+0200: 106.628: [GC (Allocation Failure) 106.628: [ParNew: 18080K->1671K(19648K), 0.0022273 secs] 28756K->12347K(63360K), 0.0025187 secs] [Times: user=0.00 sys=0.00, real=0.00 secs] 
2014-07-10T10:48:24.096+0200: 106.676: [GC (Allocation Failure) 106.677: [ParNew: 19123K->645K(19648K), 0.0007047 secs] 29799K->11326K(63360K), 0.0008110 secs] [Times: user=0.00 sys=0.00, real=0.00 secs] 
2014-07-10T10:48:24.153+0200: 106.733: [GC (Allocation Failure) 106.733: [ParNew: 18112K->1703K(19648K), 0.0027853 secs] 28793K->12384K(63360K), 0.0031101 secs] [Times: user=0.00 sys=0.00, real=0.00 secs] 
2014-07-10T10:48:24.246+0200: 106.827: [GC (Allocation Failure) 106.827: [ParNew: 19172K->2150K(19648K), 0.0015919 secs] 29853K->13445K(63360K), 0.0017880 secs] [Times: user=0.00 sys=0.00, real=0.00 secs] 
2014-07-10T10:48:24.298+0200: 106.878: [GC (Allocation Failure) 106.878: [ParNew: 19616K->2150K(19648K), 0.0047361 secs] 30911K->15112K(63360K), 0.0051394 secs] [Times: user=0.00 sys=0.00, real=0.00 secs] 
2014-07-10T10:48:24.355+0200: 106.935: [GC (Allocation Failure) 106.935: [ParNew: 19590K->2150K(19648K), 0.0052695 secs] 32552K->16779K(63360K), 0.0056900 secs] [Times: user=0.00 sys=0.00, real=0.00 secs] 
2014-07-10T10:48:24.448+0200: 107.028: [GC (Allocation Failure) 107.028: [ParNew: 19618K->2150K(19648K), 0.0036692 secs] 34247K->19503K(63360K), 0.0038565 secs] [Times: user=0.00 sys=0.00, real=0.00 secs] 
2014-07-10T10:48:24.500+0200: 107.080: [GC (Allocation Failure) 107.081: [ParNew: 19616K->2150K(19648K), 0.0075642 secs] 36969K->23283K(63360K), 0.0081032 secs] [Times: user=0.03 sys=0.00, real=0.01 secs] 
2014-07-10T10:48:24.557+0200: 107.138: [GC (Allocation Failure) 107.138: [ParNew: 19618K->2148K(19648K), 0.0090645 secs] 40751K->28117K(63360K), 0.0094523 secs] [Times: user=0.00 sys=0.00, real=0.01 secs] 
2014-07-10T10:48:24.651+0200: 107.231: [GC (Allocation Failure) 107.231: [ParNew: 19599K->2150K(19648K), 0.0080746 secs] 45569K->32316K(63360K), 0.0084357 secs] [Times: user=0.00 sys=0.00, real=0.01 secs] 
2014-07-10T10:48:24.699+0200: 107.280: [GC (Allocation Failure) 107.280: [ParNew: 19616K->2150K(19648K), 0.0057835 secs] 49782K->37570K(63360K), 0.0059973 secs] [Times: user=0.00 sys=0.00, real=0.01 secs] 
2014-07-10T10:48:24.705+0200: 107.286: [GC (CMS Initial Mark) [1 CMS-initial-mark: 35420K(43712K)] 37668K(63360K), 0.0002852 secs] [Times: user=0.00 sys=0.00, real=0.00 secs] 
2014-07-10T10:48:24.706+0200: 107.286: [CMS-concurrent-mark-start]
2014-07-10T10:48:24.707+0200: 107.287: [CMS-concurrent-mark: 0.001/0.001 secs] [Times: user=0.00 sys=0.00, real=0.00 secs] 
2014-07-10T10:48:24.707+0200: 107.288: [CMS-concurrent-preclean-start]
2014-07-10T10:48:24.707+0200: 107.288: [CMS-concurrent-preclean: 0.000/0.000 secs] [Times: user=0.00 sys=0.00, real=0.00 secs] 
2014-07-10T10:48:24.707+0200: 107.288: [GC (CMS Final Remark) [YG occupancy: 2952 K (19648 K)]107.288: [Rescan (parallel) , 0.0002064 secs]107.288: [weak refs processing, 0.0000466 secs]107.288: [class unloading, 0.0005331 secs]107.289: [scrub symbol table, 0.0007432 secs]107.290: [scrub string table, 0.0002423 secs][1 CMS-remark: 35420K(43712K)] 38372K(63360K), 0.0020249 secs] [Times: user=0.00 sys=0.00, real=0.00 secs] 
2014-07-10T10:48:24.710+0200: 107.290: [CMS-concurrent-sweep-start]
2014-07-10T10:48:24.710+0200: 107.291: [CMS-concurrent-sweep: 0.000/0.000 secs] [Times: user=0.00 sys=0.00, real=0.00 secs] 
2014-07-10T10:48:24.710+0200: 107.291: [CMS-concurrent-reset-start]
2014-07-10T10:48:24.710+0200: 107.291: [CMS-concurrent-reset: 0.000/0.000 secs] [Times: user=0.00 sys=0.00, real=0.00 secs] 
2014-07-10T10:48:24.796+0200: 107.377: [GC (Allocation Failure) 107.377: [ParNew: 19618K->261K(19648K), 0.0012447 secs] 25391K->6035K(63360K), 0.0015054 secs] [Times: user=0.00 sys=0.00, real=0.00 secs] 
2014-07-10T10:48:24.851+0200: 107.432: [GC (Allocation Failure) 107.432: [ParNew: 17704K->2151K(19648K), 0.0069864 secs] 23479K->13720K(63360K), 0.0072629 secs] [Times: user=0.00 sys=0.00, real=0.01 secs] 
2014-07-10T10:48:24.948+0200: 107.528: [GC (Allocation Failure) 107.528: [ParNew: 19619K->805K(19648K), 0.0016033 secs] 31189K->12380K(63360K), 0.0018291 secs] [Times: user=0.00 sys=0.00, real=0.00 secs] 
2014-07-10T10:48:24.997+0200: 107.577: [GC (Allocation Failure) 107.577: [ParNew: 18271K->1863K(19648K), 0.0013822 secs] 29846K->13438K(63360K), 0.0017074 secs] [Times: user=0.00 sys=0.00, real=0.00 secs] 
2014-07-10T10:48:25.055+0200: 107.635: [GC (Allocation Failure) 107.635: [ParNew: 19332K->2148K(19648K), 0.0038767 secs] 30907K->14496K(63360K), 0.0042455 secs] [Times: user=0.00 sys=0.00, real=0.00 secs] 
2014-07-10T10:48:25.148+0200: 107.729: [GC (Allocation Failure) 107.729: [ParNew: 19593K->2150K(19648K), 0.0026184 secs] 31942K->14756K(63360K), 0.0029469 secs] [Times: user=0.00 sys=0.00, real=0.00 secs] 
2014-07-10T10:48:25.197+0200: 107.778: [GC (Allocation Failure) 107.778: [ParNew: 19616K->2150K(19648K), 0.0022533 secs] 32223K->16072K(63360K), 0.0024546 secs] [Times: user=0.00 sys=0.00, real=0.00 secs] 
2014-07-10T10:48:25.251+0200: 107.831: [GC (Allocation Failure) 107.831: [ParNew: 19618K->2148K(19648K), 0.0034925 secs] 33541K->18442K(63360K), 0.0036978 secs] [Times: user=0.00 sys=0.00, real=0.00 secs] 
2014-07-10T10:48:25.348+0200: 107.929: [GC (Allocation Failure) 107.929: [ParNew: 19588K->2150K(19648K), 0.0058924 secs] 35882K->20815K(63360K), 0.0064885 secs] [Times: user=0.03 sys=0.00, real=0.01 secs] 
2014-07-10T10:48:25.399+0200: 107.979: [GC (Allocation Failure) 107.979: [ParNew: 19616K->2150K(19648K), 0.0041080 secs] 38282K->24243K(63360K), 0.0042928 secs] [Times: user=0.00 sys=0.00, real=0.00 secs] 
2014-07-10T10:48:25.453+0200: 108.034: [GC (Allocation Failure) 108.034: [ParNew: 19618K->2148K(19648K), 0.0101053 secs] 41712K->28726K(63360K), 0.0103568 secs] [Times: user=0.02 sys=0.00, real=0.01 secs] 
2014-07-10T10:48:25.551+0200: 108.131: [GC (Allocation Failure) 108.132: [ParNew: 19614K->2150K(19648K), 0.0095370 secs] 46192K->34269K(63360K), 0.0099440 secs] [Times: user=0.03 sys=0.00, real=0.01 secs] 
2014-07-10T10:48:25.561+0200: 108.142: [GC (CMS Initial Mark) [1 CMS-initial-mark: 32119K(43712K)] 34335K(63360K), 0.0004227 secs] [Times: user=0.00 sys=0.00, real=0.00 secs] 
2014-07-10T10:48:25.562+0200: 108.142: [CMS-concurrent-mark-start]
2014-07-10T10:48:25.565+0200: 108.145: [CMS-concurrent-mark: 0.003/0.003 secs] [Times: user=0.00 sys=0.00, real=0.00 secs] 
2014-07-10T10:48:25.565+0200: 108.145: [CMS-concurrent-preclean-start]
2014-07-10T10:48:25.566+0200: 108.146: [CMS-concurrent-preclean: 0.001/0.001 secs] [Times: user=0.00 sys=0.00, real=0.00 secs] 
2014-07-10T10:48:25.566+0200: 108.146: [CMS-concurrent-abortable-preclean-start]
2014-07-10T10:48:25.599+0200: 108.180: [GC (Allocation Failure) 108.180: [ParNew: 19609K->2150K(19648K), 0.0051559 secs] 51728K->38657K(63360K), 0.0053736 secs] [Times: user=0.00 sys=0.00, real=0.01 secs] 
2014-07-10T10:48:25.661+0200: 108.241: [GC (Allocation Failure) 108.241: [ParNew: 19617K->2148K(19648K), 0.0089556 secs] 56124K->44102K(63360K), 0.0092771 secs] [Times: user=0.03 sys=0.00, real=0.01 secs] 
2014-07-10T10:48:25.670+0200: 108.251: [CMS-concurrent-abortable-preclean: 0.002/0.104 secs] [Times: user=0.06 sys=0.00, real=0.10 secs] 
2014-07-10T10:48:25.671+0200: 108.252: [GC (CMS Final Remark) [YG occupancy: 2758 K (19648 K)]108.252: [Rescan (parallel) , 0.0004777 secs]108.252: [weak refs processing, 0.0000495 secs]108.252: [class unloading, 0.0007417 secs]108.253: [scrub symbol table, 0.0010782 secs]108.254: [scrub string table, 0.0005690 secs][1 CMS-remark: 41954K(43712K)] 44712K(63360K), 0.0032186 secs] [Times: user=0.00 sys=0.00, real=0.00 secs] 
2014-07-10T10:48:25.675+0200: 108.256: [CMS-concurrent-sweep-start]
2014-07-10T10:48:25.676+0200: 108.256: [CMS-concurrent-sweep: 0.001/0.001 secs] [Times: user=0.00 sys=0.00, real=0.00 secs] 
2014-07-10T10:48:25.676+0200: 108.257: [CMS-concurrent-reset-start]
2014-07-10T10:48:25.676+0200: 108.257: [CMS-concurrent-reset: 0.000/0.000 secs] [Times: user=0.00 sys=0.00, real=0.00 secs] 
2014-07-10T10:48:25.749+0200: 108.330: [GC (Allocation Failure) 108.330: [ParNew: 19616K->454K(19648K), 0.0008231 secs] 35512K->16351K(63360K), 0.0009565 secs] [Times: user=0.00 sys=0.00, real=0.00 secs] 
2014-07-10T10:48:25.846+0200: 108.427: [GC (Allocation Failure) 108.427: [ParNew: 17894K->455K(19648K), 0.0013726 secs] 33791K->16352K(63360K), 0.0016249 secs] [Times: user=0.00 sys=0.00, real=0.00 secs] 
2014-07-10T10:48:25.897+0200: 108.477: [GC (Allocation Failure) 108.477: [ParNew: 17921K->1513K(19648K), 0.0022426 secs] 33819K->17411K(63360K), 0.0025268 secs] [Times: user=0.00 sys=0.00, real=0.00 secs] 
2014-07-10T10:48:25.956+0200: 108.536: [GC (Allocation Failure) 108.537: [ParNew: 18982K->2148K(19648K), 0.0033125 secs] 34879K->18469K(63360K), 0.0037117 secs] [Times: user=0.03 sys=0.00, real=0.00 secs] 
2014-07-10T10:48:26.048+0200: 108.628: [GC (Allocation Failure) 108.628: [ParNew: 19614K->2150K(19648K), 0.0043588 secs] 35936K->19946K(63360K), 0.0047489 secs] [Times: user=0.03 sys=0.00, real=0.00 secs] 
2014-07-10T10:48:26.098+0200: 108.678: [GC (Allocation Failure) 108.678: [ParNew: 19595K->2150K(19648K), 0.0035350 secs] 37392K->20909K(63360K), 0.0038712 secs] [Times: user=0.03 sys=0.00, real=0.00 secs] 
2014-07-10T10:48:26.155+0200: 108.735: [GC (Allocation Failure) 108.736: [ParNew: 19618K->2148K(19648K), 0.0057894 secs] 38377K->22927K(63360K), 0.0061883 secs] [Times: user=0.03 sys=0.00, real=0.01 secs] 
2014-07-10T10:48:26.247+0200: 108.828: [GC (Allocation Failure) 108.828: [ParNew: 19614K->2150K(19648K), 0.0038122 secs] 40394K->26005K(63360K), 0.0040512 secs] [Times: user=0.00 sys=0.00, real=0.00 secs] 
2014-07-10T10:48:26.298+0200: 108.878: [GC (Allocation Failure) 108.878: [ParNew: 19618K->2150K(19648K), 0.0045168 secs] 43473K->30137K(63360K), 0.0047683 secs] [Times: user=0.03 sys=0.00, real=0.00 secs] 
2014-07-10T10:48:26.351+0200: 108.932: [GC (Allocation Failure) 108.932: [ParNew: 19593K->2150K(19648K), 0.0044948 secs] 47581K->33757K(63360K), 0.0046866 secs] [Times: user=0.00 sys=0.00, real=0.00 secs] 
2014-07-10T10:48:26.356+0200: 108.937: [GC (CMS Initial Mark) [1 CMS-initial-mark: 31607K(43712K)] 33919K(63360K), 0.0001778 secs] [Times: user=0.00 sys=0.00, real=0.00 secs] 
2014-07-10T10:48:26.356+0200: 108.937: [CMS-concurrent-mark-start]
2014-07-10T10:48:26.357+0200: 108.938: [CMS-concurrent-mark: 0.001/0.001 secs] [Times: user=0.00 sys=0.00, real=0.00 secs] 
2014-07-10T10:48:26.357+0200: 108.938: [CMS-concurrent-preclean-start]
2014-07-10T10:48:26.358+0200: 108.938: [CMS-concurrent-preclean: 0.000/0.000 secs] [Times: user=0.00 sys=0.00, real=0.00 secs] 
2014-07-10T10:48:26.358+0200: 108.938: [CMS-concurrent-abortable-preclean-start]
2014-07-10T10:48:26.448+0200: 109.028: [GC (Allocation Failure) 109.028: [ParNew: 19618K->2148K(19648K), 0.0051397 secs] 51225K->38432K(63360K), 0.0054125 secs] [Times: user=0.00 sys=0.00, real=0.01 secs] 
2014-07-10T10:48:26.498+0200: 109.079: [GC (Allocation Failure) 109.079: [ParNew: 19614K->2150K(19648K), 0.0056794 secs] 55899K->44167K(63360K), 0.0059019 secs] [Times: user=0.02 sys=0.01, real=0.01 secs] 
2014-07-10T10:48:26.504+0200: 109.085: [CMS-concurrent-abortable-preclean: 0.001/0.147 secs] [Times: user=0.03 sys=0.01, real=0.15 secs] 
2014-07-10T10:48:26.505+0200: 109.085: [GC (CMS Final Remark) [YG occupancy: 2248 K (19648 K)]109.085: [Rescan (parallel) , 0.0002009 secs]109.086: [weak refs processing, 0.0000348 secs]109.086: [class unloading, 0.0005433 secs]109.086: [scrub symbol table, 0.0005965 secs]109.087: [scrub string table, 0.0001631 secs][1 CMS-remark: 42017K(43712K)] 44265K(63360K), 0.0017103 secs] [Times: user=0.00 sys=0.00, real=0.00 secs] 
2014-07-10T10:48:26.507+0200: 109.087: [CMS-concurrent-sweep-start]
2014-07-10T10:48:26.507+0200: 109.088: [CMS-concurrent-sweep: 0.000/0.000 secs] [Times: user=0.00 sys=0.00, real=0.00 secs] 
2014-07-10T10:48:26.507+0200: 109.088: [CMS-concurrent-reset-start]
2014-07-10T10:48:26.507+0200: 109.088: [CMS-concurrent-reset: 0.000/0.000 secs] [Times: user=0.00 sys=0.00, real=0.00 secs] 
2014-07-10T10:48:26.559+0200: 109.140: [GC (Allocation Failure) 109.140: [ParNew: 19621K->741K(19648K), 0.0019856 secs] 34172K->15294K(63360K), 0.0022998 secs] [Times: user=0.00 sys=0.00, real=0.00 secs] 
2014-07-10T10:48:26.649+0200: 109.230: [GC (Allocation Failure) 109.230: [ParNew: 18192K->103K(19648K), 0.0007571 secs] 32745K->14656K(63360K), 0.0011442 secs] [Times: user=0.00 sys=0.00, real=0.00 secs] 
2014-07-10T10:48:26.747+0200: 109.327: [GC (Allocation Failure) 109.328: [ParNew: 17570K->1162K(19648K), 0.0019241 secs] 32123K->15715K(63360K), 0.0024069 secs] [Times: user=0.00 sys=0.00, real=0.00 secs] 
2014-07-10T10:48:26.797+0200: 109.378: [GC (Allocation Failure) 109.378: [ParNew: 18630K->2150K(19648K), 0.0034917 secs] 33183K->16776K(63360K), 0.0038052 secs] [Times: user=0.03 sys=0.00, real=0.00 secs] 
2014-07-10T10:48:26.857+0200: 109.438: [GC (Allocation Failure) 109.438: [ParNew: 19590K->2150K(19648K), 0.0030379 secs] 34216K->16842K(63360K), 0.0034525 secs] [Times: user=0.00 sys=0.00, real=0.00 secs] 
2014-07-10T10:48:26.947+0200: 109.527: [GC (Allocation Failure) 109.527: [ParNew: 19616K->2148K(19648K), 0.0018760 secs] 34308K->17963K(63360K), 0.0020718 secs] [Times: user=0.00 sys=0.00, real=0.00 secs] 
2014-07-10T10:48:26.998+0200: 109.579: [GC (Allocation Failure) 109.579: [ParNew: 19616K->2150K(19648K), 0.0056002 secs] 35432K->20144K(63360K), 0.0060215 secs] [Times: user=0.03 sys=0.00, real=0.01 secs] 
2014-07-10T10:48:27.056+0200: 109.637: [GC (Allocation Failure) 109.637: [ParNew: 19593K->2150K(19648K), 0.0050477 secs] 37588K->21811K(63360K), 0.0056680 secs] [Times: user=0.00 sys=0.00, real=0.01 secs] 
2014-07-10T10:48:27.149+0200: 109.729: [GC (Allocation Failure) 109.729: [ParNew: 19592K->2150K(19648K), 0.0056072 secs] 39254K->23992K(63360K), 0.0060453 secs] [Times: user=0.00 sys=0.00, real=0.01 secs] 
2014-07-10T10:48:27.199+0200: 109.779: [GC (Allocation Failure) 109.780: [ParNew: 19616K->2150K(19648K), 0.0042587 secs] 41458K->27228K(63360K), 0.0045711 secs] [Times: user=0.00 sys=0.00, real=0.00 secs] 
2014-07-10T10:48:27.252+0200: 109.833: [GC (Allocation Failure) 109.833: [ParNew: 19618K->2148K(19648K), 0.0055646 secs] 44696K->31518K(63360K), 0.0057986 secs] [Times: user=0.03 sys=0.00, real=0.01 secs] 
2014-07-10T10:48:27.258+0200: 109.839: [GC (CMS Initial Mark) [1 CMS-initial-mark: 29370K(43712K)] 31584K(63360K), 0.0002999 secs] [Times: user=0.00 sys=0.00, real=0.00 secs] 
2014-07-10T10:48:27.259+0200: 109.839: [CMS-concurrent-mark-start]
2014-07-10T10:48:27.260+0200: 109.841: [CMS-concurrent-mark: 0.001/0.001 secs] [Times: user=0.00 sys=0.00, real=0.00 secs] 
2014-07-10T10:48:27.260+0200: 109.841: [CMS-concurrent-preclean-start]
2014-07-10T10:48:27.260+0200: 109.841: [CMS-concurrent-preclean: 0.000/0.000 secs] [Times: user=0.00 sys=0.00, real=0.00 secs] 
2014-07-10T10:48:27.260+0200: 109.841: [GC (CMS Final Remark) [YG occupancy: 3910 K (19648 K)]109.841: [Rescan (parallel) , 0.0002170 secs]109.841: [weak refs processing, 0.0000477 secs]109.841: [class unloading, 0.0005543 secs]109.842: [scrub symbol table, 0.0008414 secs]109.843: [scrub string table, 0.0002654 secs][1 CMS-remark: 29370K(43712K)] 33281K(63360K), 0.0022302 secs] [Times: user=0.00 sys=0.00, real=0.00 secs] 
2014-07-10T10:48:27.263+0200: 109.843: [CMS-concurrent-sweep-start]
2014-07-10T10:48:27.263+0200: 109.844: [CMS-concurrent-sweep: 0.000/0.000 secs] [Times: user=0.00 sys=0.00, real=0.00 secs] 
2014-07-10T10:48:27.263+0200: 109.844: [CMS-concurrent-reset-start]
2014-07-10T10:48:27.263+0200: 109.844: [CMS-concurrent-reset: 0.000/0.000 secs] [Times: user=0.00 sys=0.00, real=0.00 secs] 
2014-07-10T10:48:27.350+0200: 109.931: [GC (Allocation Failure) 109.931: [ParNew: 19588K->2150K(19648K), 0.0082967 secs] 24402K->11256K(63360K), 0.0086931 secs] [Times: user=0.00 sys=0.00, real=0.01 secs] 
2014-07-10T10:48:27.400+0200: 109.981: [GC (Allocation Failure) 109.981: [ParNew: 19616K->2150K(19648K), 0.0055404 secs] 28723K->16605K(63360K), 0.0057659 secs] [Times: user=0.00 sys=0.00, real=0.01 secs] 
2014-07-10T10:48:27.496+0200: 110.076: [GC (Allocation Failure) 110.076: [ParNew: 19618K->357K(19648K), 0.0004993 secs] 34074K->14815K(63360K), 0.0005829 secs] [Times: user=0.00 sys=0.00, real=0.00 secs] 
2014-07-10T10:48:27.550+0200: 110.130: [GC (Allocation Failure) 110.130: [ParNew: 17823K->1415K(19648K), 0.0011963 secs] 32281K->15873K(63360K), 0.0013451 secs] [Times: user=0.00 sys=0.00, real=0.00 secs] 
2014-07-10T10:48:27.646+0200: 110.227: [GC (Allocation Failure) 110.227: [ParNew: 18866K->773K(19648K), 0.0015329 secs] 33324K->15237K(63360K), 0.0017858 secs] [Times: user=0.00 sys=0.00, real=0.00 secs] 
2014-07-10T10:48:27.701+0200: 110.282: [GC (Allocation Failure) 110.282: [ParNew: 18240K->1831K(19648K), 0.0021759 secs] 32703K->16294K(63360K), 0.0024667 secs] [Times: user=0.00 sys=0.00, real=0.00 secs] 
2014-07-10T10:48:27.754+0200: 110.335: [GC (Allocation Failure) 110.335: [ParNew: 19299K->2148K(19648K), 0.0037432 secs] 33763K->17353K(63360K), 0.0041693 secs] [Times: user=0.00 sys=0.00, real=0.01 secs] 
2014-07-10T10:48:27.847+0200: 110.428: [GC (Allocation Failure) 110.428: [ParNew: 19593K->2150K(19648K), 0.0027050 secs] 34799K->17582K(63360K), 0.0030074 secs] [Times: user=0.00 sys=0.00, real=0.00 secs] 
2014-07-10T10:48:27.898+0200: 110.478: [GC (Allocation Failure) 110.478: [ParNew: 19616K->2150K(19648K), 0.0040171 secs] 35048K->18865K(63360K), 0.0043705 secs] [Times: user=0.00 sys=0.00, real=0.00 secs] 
2014-07-10T10:48:27.956+0200: 110.537: [GC (Allocation Failure) 110.537: [ParNew: 19618K->2148K(19648K), 0.0061182 secs] 36334K->21203K(63360K), 0.0065149 secs] [Times: user=0.00 sys=0.00, real=0.01 secs] 
2014-07-10T10:48:28.050+0200: 110.630: [GC (Allocation Failure) 110.630: [ParNew: 19614K->2150K(19648K), 0.0069003 secs] 38669K->24600K(63360K), 0.0072702 secs] [Times: user=0.00 sys=0.00, real=0.01 secs] 
2014-07-10T10:48:28.097+0200: 110.678: [GC (Allocation Failure) 110.678: [ParNew: 19595K->2150K(19648K), 0.0042008 secs] 42046K->27484K(63360K), 0.0044098 secs] [Times: user=0.00 sys=0.00, real=0.01 secs] 
2014-07-10T10:48:28.152+0200: 110.732: [GC (Allocation Failure) 110.733: [ParNew: 19616K->2148K(19648K), 0.0050272 secs] 44951K->31423K(63360K), 0.0052867 secs] [Times: user=0.00 sys=0.00, real=0.01 secs] 
2014-07-10T10:48:28.251+0200: 110.832: [GC (Allocation Failure) 110.832: [ParNew: 19616K->2150K(19648K), 0.0086109 secs] 48892K->36422K(63360K), 0.0089999 secs] [Times: user=0.00 sys=0.00, real=0.01 secs] 
2014-07-10T10:48:28.265+0200: 110.846: [GC (CMS Initial Mark) [1 CMS-initial-mark: 34272K(43712K)] 42097K(63360K), 0.0005547 secs] [Times: user=0.00 sys=0.00, real=0.00 secs] 
2014-07-10T10:48:28.266+0200: 110.846: [CMS-concurrent-mark-start]
2014-07-10T10:48:28.269+0200: 110.849: [CMS-concurrent-mark: 0.003/0.003 secs] [Times: user=0.01 sys=0.00, real=0.00 secs] 
2014-07-10T10:48:28.269+0200: 110.850: [CMS-concurrent-preclean-start]
2014-07-10T10:48:28.269+0200: 110.850: [CMS-concurrent-preclean: 0.000/0.000 secs] [Times: user=0.00 sys=0.00, real=0.00 secs] 
2014-07-10T10:48:28.269+0200: 110.850: [CMS-concurrent-abortable-preclean-start]
2014-07-10T10:48:28.299+0200: 110.880: [GC (Allocation Failure) 110.880: [ParNew: 19616K->4K(19648K), 0.0009646 secs] 53888K->34278K(63360K), 0.0013166 secs] [Times: user=0.00 sys=0.00, real=0.00 secs] 
2014-07-10T10:48:28.396+0200: 110.976: [GC (Allocation Failure) 110.977: [ParNew: 17476K->39K(19648K), 0.0008663 secs] 51750K->34313K(63360K), 0.0010079 secs] [Times: user=0.00 sys=0.00, real=0.00 secs] 
2014-07-10T10:48:28.450+0200: 111.030: [GC (Allocation Failure) 111.031: [ParNew: 17505K->1097K(19648K), 0.0012146 secs] 51779K->35372K(63360K), 0.0013822 secs] [Times: user=0.00 sys=0.00, real=0.00 secs] 
2014-07-10T10:48:28.546+0200: 111.127: [GC (Allocation Failure) 111.127: [ParNew: 18566K->2150K(19648K), 0.0011552 secs] 52840K->36432K(63360K), 0.0015354 secs] [Times: user=0.00 sys=0.02, real=0.00 secs] 
2014-07-10T10:48:28.596+0200: 111.177: [GC (Allocation Failure) 111.177: [ParNew: 19604K->998K(19648K), 0.0008216 secs] 53886K->35282K(63360K), 0.0009345 secs] [Times: user=0.00 sys=0.00, real=0.00 secs] 
2014-07-10T10:48:28.654+0200: 111.234: [GC (Allocation Failure) 111.235: [ParNew: 18464K->2056K(19648K), 0.0029150 secs] 52749K->36340K(63360K), 0.0032549 secs] [Times: user=0.03 sys=0.00, real=0.00 secs] 
2014-07-10T10:48:28.748+0200: 111.329: [GC (Allocation Failure) 111.329: [ParNew: 19522K->2150K(19648K), 0.0040732 secs] 53807K->37401K(63360K), 0.0044519 secs] [Times: user=0.03 sys=0.00, real=0.00 secs] 
2014-07-10T10:48:28.797+0200: 111.378: [GC (Allocation Failure) 111.378: [ParNew: 19590K->2150K(19648K), 0.0022441 secs] 54841K->38364K(63360K), 0.0024509 secs] [Times: user=0.00 sys=0.00, real=0.00 secs] 
2014-07-10T10:48:28.852+0200: 111.432: [GC (Allocation Failure) 111.432: [ParNew: 19618K->2148K(19648K), 0.0032014 secs] 55832K->40381K(63360K), 0.0034591 secs] [Times: user=0.00 sys=0.00, real=0.00 secs] 
2014-07-10T10:48:28.950+0200: 111.531: [GC (Allocation Failure) 111.531: [ParNew: 19614K->2150K(19648K), 0.0065857 secs] 57848K->43459K(63360K), 0.0069912 secs] [Times: user=0.03 sys=0.00, real=0.01 secs] 
2014-07-10T10:48:28.959+0200: 111.540: [CMS-concurrent-abortable-preclean: 0.006/0.690 secs] [Times: user=0.16 sys=0.02, real=0.69 secs] 
2014-07-10T10:48:28.959+0200: 111.540: [GC (CMS Final Remark) [YG occupancy: 4267 K (19648 K)]111.540: [Rescan (parallel) , 0.0004502 secs]111.541: [weak refs processing, 0.0000862 secs]111.541: [class unloading, 0.0010548 secs]111.542: [scrub symbol table, 0.0013177 secs]111.543: [scrub string table, 0.0004682 secs][1 CMS-remark: 41309K(43712K)] 45576K(63360K), 0.0039057 secs] [Times: user=0.00 sys=0.00, real=0.00 secs] 
2014-07-10T10:48:28.964+0200: 111.544: [CMS-concurrent-sweep-start]
2014-07-10T10:48:28.965+0200: 111.545: [CMS-concurrent-sweep: 0.001/0.001 secs] [Times: user=0.00 sys=0.00, real=0.00 secs] 
2014-07-10T10:48:28.965+0200: 111.546: [CMS-concurrent-reset-start]
2014-07-10T10:48:28.965+0200: 111.546: [CMS-concurrent-reset: 0.000/0.000 secs] [Times: user=0.00 sys=0.00, real=0.00 secs] 
2014-07-10T10:48:29.001+0200: 111.582: [GC (Allocation Failure) 111.582: [ParNew: 19618K->2150K(19648K), 0.0077992 secs] 27179K->13843K(63360K), 0.0082076 secs] [Times: user=0.00 sys=0.00, real=0.01 secs] 
2014-07-10T10:48:29.060+0200: 111.641: [GC (Allocation Failure) 111.641: [ParNew: 19616K->2148K(19648K), 0.0139585 secs] 31309K->19029K(63360K), 0.0144168 secs] [Times: user=0.02 sys=0.00, real=0.02 secs] 
2014-07-10T10:48:29.075+0200: 111.656: [GC (CMS Initial Mark) [1 CMS-initial-mark: 16881K(43712K)] 19095K(63360K), 0.0005947 secs] [Times: user=0.00 sys=0.00, real=0.00 secs] 
2014-07-10T10:48:29.076+0200: 111.657: [CMS-concurrent-mark-start]
2014-07-10T10:48:29.079+0200: 111.660: [CMS-concurrent-mark: 0.003/0.003 secs] [Times: user=0.03 sys=0.00, real=0.00 secs] 
2014-07-10T10:48:29.079+0200: 111.660: [CMS-concurrent-preclean-start]
2014-07-10T10:48:29.079+0200: 111.660: [CMS-concurrent-preclean: 0.000/0.000 secs] [Times: user=0.00 sys=0.00, real=0.00 secs] 
2014-07-10T10:48:29.080+0200: 111.660: [CMS-concurrent-abortable-preclean-start]
2014-07-10T10:48:29.151+0200: 111.732: [GC (Allocation Failure) 111.732: [ParNew: 19593K->2150K(19648K), 0.0087920 secs] 36475K->23708K(63360K), 0.0092027 secs] [Times: user=0.03 sys=0.00, real=0.01 secs] 
2014-07-10T10:48:29.200+0200: 111.780: [GC (Allocation Failure) 111.780: [ParNew: 19617K->2150K(19648K), 0.0060750 secs] 41175K->29442K(63360K), 0.0062869 secs] [Times: user=0.03 sys=0.00, real=0.01 secs] 
2014-07-10T10:48:29.296+0200: 111.877: [GC (Allocation Failure) 111.877: [ParNew: 19618K->741K(19648K), 0.0014727 secs] 46910K->28035K(63360K), 0.0017763 secs] [Times: user=0.00 sys=0.00, real=0.00 secs] 
2014-07-10T10:48:29.351+0200: 111.932: [GC (Allocation Failure) 111.932: [ParNew: 18187K->231K(19648K), 0.0015398 secs] 45481K->27525K(63360K), 0.0018427 secs] [Times: user=0.00 sys=0.00, real=0.00 secs] 
2014-07-10T10:48:29.447+0200: 112.027: [GC (Allocation Failure) 112.027: [ParNew: 17697K->1289K(19648K), 0.0009668 secs] 44992K->28584K(63360K), 0.0010845 secs] [Times: user=0.00 sys=0.00, real=0.00 secs] 
2014-07-10T10:48:29.496+0200: 112.077: [GC (Allocation Failure) 112.077: [ParNew: 18758K->2150K(19648K), 0.0013316 secs] 46052K->29645K(63360K), 0.0014724 secs] [Times: user=0.00 sys=0.00, real=0.00 secs] 
2014-07-10T10:48:29.550+0200: 112.131: [GC (Allocation Failure) 112.131: [ParNew: 19616K->2148K(19648K), 0.0024872 secs] 47111K->30894K(63360K), 0.0027020 secs] [Times: user=0.00 sys=0.00, real=0.00 secs] 
2014-07-10T10:48:29.646+0200: 112.227: [GC (Allocation Failure) 112.227: [ParNew: 19598K->2150K(19648K), 0.0014236 secs] 48344K->31506K(63360K), 0.0015750 secs] [Times: user=0.00 sys=0.00, real=0.00 secs] 
2014-07-10T10:48:29.699+0200: 112.280: [GC (Allocation Failure) 112.280: [ParNew: 19617K->2150K(19648K), 0.0049722 secs] 48973K->33175K(63360K), 0.0054158 secs] [Times: user=0.03 sys=0.00, real=0.01 secs] 
2014-07-10T10:48:29.770+0200: 112.350: [GC (Allocation Failure) 112.350: [ParNew: 19618K->2148K(19648K), 0.0037880 secs] 50643K->35896K(63360K), 0.0039984 secs] [Times: user=0.00 sys=0.00, real=0.00 secs] 
2014-07-10T10:48:29.847+0200: 112.428: [GC (Allocation Failure) 112.428: [ParNew: 19588K->2150K(19648K), 0.0043207 secs] 53336K->38622K(63360K), 0.0045726 secs] [Times: user=0.00 sys=0.00, real=0.01 secs] 
2014-07-10T10:48:29.898+0200: 112.479: [GC (Allocation Failure) 112.479: [ParNew: 19616K->2150K(19648K), 0.0050613 secs] 56088K->42402K(63360K), 0.0052431 secs] [Times: user=0.00 sys=0.00, real=0.01 secs] 
2014-07-10T10:48:29.904+0200: 112.485: [CMS-concurrent-abortable-preclean: 0.009/0.825 secs] [Times: user=0.16 sys=0.00, real=0.82 secs] 
2014-07-10T10:48:29.904+0200: 112.485: [GC (CMS Final Remark) [YG occupancy: 4427 K (19648 K)]112.485: [Rescan (parallel) , 0.0001294 secs]112.485: [weak refs processing, 0.0000330 secs]112.485: [class unloading, 0.0006357 secs]112.486: [scrub symbol table, 0.0005686 secs]112.486: [scrub string table, 0.0001818 secs][1 CMS-remark: 40252K(43712K)] 44679K(63360K), 0.0017096 secs] [Times: user=0.02 sys=0.00, real=0.00 secs] 
2014-07-10T10:48:29.906+0200: 112.487: [CMS-concurrent-sweep-start]
2014-07-10T10:48:29.906+0200: 112.487: [CMS-concurrent-sweep: 0.000/0.000 secs] [Times: user=0.00 sys=0.00, real=0.00 secs] 
2014-07-10T10:48:29.907+0200: 112.487: [CMS-concurrent-reset-start]
2014-07-10T10:48:29.907+0200: 112.487: [CMS-concurrent-reset: 0.000/0.000 secs] [Times: user=0.00 sys=0.00, real=0.00 secs] 
2014-07-10T10:48:29.952+0200: 112.533: [GC (Allocation Failure) 112.533: [ParNew: 19618K->2148K(19648K), 0.0050950 secs] 48699K->36065K(63360K), 0.0053175 secs] [Times: user=0.00 sys=0.00, real=0.01 secs] 
2014-07-10T10:48:29.958+0200: 112.539: [GC (CMS Initial Mark) [1 CMS-initial-mark: 33917K(43712K)] 36131K(63360K), 0.0001947 secs] [Times: user=0.00 sys=0.00, real=0.00 secs] 
2014-07-10T10:48:29.958+0200: 112.539: [CMS-concurrent-mark-start]
2014-07-10T10:48:29.959+0200: 112.540: [CMS-concurrent-mark: 0.001/0.001 secs] [Times: user=0.00 sys=0.00, real=0.00 secs] 
2014-07-10T10:48:29.959+0200: 112.540: [CMS-concurrent-preclean-start]
2014-07-10T10:48:29.959+0200: 112.540: [CMS-concurrent-preclean: 0.000/0.000 secs] [Times: user=0.00 sys=0.00, real=0.00 secs] 
2014-07-10T10:48:29.959+0200: 112.540: [GC (CMS Final Remark) [YG occupancy: 3366 K (19648 K)]112.540: [Rescan (parallel) , 0.0001184 secs]112.540: [weak refs processing, 0.0000319 secs]112.540: [class unloading, 0.0004436 secs]112.541: [scrub symbol table, 0.0005507 secs]112.541: [scrub string table, 0.0001734 secs][1 CMS-remark: 33917K(43712K)] 37284K(63360K), 0.0014727 secs] [Times: user=0.00 sys=0.00, real=0.00 secs] 
2014-07-10T10:48:29.961+0200: 112.541: [CMS-concurrent-sweep-start]
2014-07-10T10:48:29.961+0200: 112.542: [CMS-concurrent-sweep: 0.000/0.000 secs] [Times: user=0.00 sys=0.00, real=0.00 secs] 
2014-07-10T10:48:29.961+0200: 112.542: [CMS-concurrent-reset-start]
2014-07-10T10:48:29.961+0200: 112.542: [CMS-concurrent-reset: 0.000/0.000 secs] [Times: user=0.00 sys=0.00, real=0.00 secs] 
2014-07-10T10:48:30.051+0200: 112.632: [GC (Allocation Failure) 112.632: [ParNew: 19614K->2150K(19648K), 0.0103341 secs] 24974K->13403K(63360K), 0.0107047 secs] [Times: user=0.03 sys=0.00, real=0.01 secs] 
2014-07-10T10:48:30.062+0200: 112.643: [GC (CMS Initial Mark) [1 CMS-initial-mark: 11253K(43712K)] 13469K(63360K), 0.0004638 secs] [Times: user=0.00 sys=0.00, real=0.00 secs] 
2014-07-10T10:48:30.063+0200: 112.644: [CMS-concurrent-mark-start]
2014-07-10T10:48:30.066+0200: 112.646: [CMS-concurrent-mark: 0.003/0.003 secs] [Times: user=0.00 sys=0.00, real=0.00 secs] 
2014-07-10T10:48:30.066+0200: 112.647: [CMS-concurrent-preclean-start]
2014-07-10T10:48:30.066+0200: 112.647: [CMS-concurrent-preclean: 0.000/0.001 secs] [Times: user=0.00 sys=0.00, real=0.00 secs] 
2014-07-10T10:48:30.066+0200: 112.647: [CMS-concurrent-abortable-preclean-start]
2014-07-10T10:48:30.098+0200: 112.679: [GC (Allocation Failure) 112.679: [ParNew: 19601K->2150K(19648K), 0.0058389 secs] 30854K->18271K(63360K), 0.0060589 secs] [Times: user=0.00 sys=0.00, real=0.01 secs] 
2014-07-10T10:48:30.153+0200: 112.734: [GC (Allocation Failure) 112.734: [ParNew: 19616K->2148K(19648K), 0.0057923 secs] 35738K->24196K(63360K), 0.0060314 secs] [Times: user=0.03 sys=0.00, real=0.01 secs] 
2014-07-10T10:48:30.250+0200: 112.830: [GC (Allocation Failure) 112.831: [ParNew: 19616K->934K(19648K), 0.0013246 secs] 41665K->22985K(63360K), 0.0015013 secs] [Times: user=0.00 sys=0.00, real=0.00 secs] 
2014-07-10T10:48:30.347+0200: 112.927: [GC (Allocation Failure) 112.928: [ParNew: 18374K->935K(19648K), 0.0015354 secs] 40425K->22986K(63360K), 0.0018009 secs] [Times: user=0.00 sys=0.00, real=0.00 secs] 
2014-07-10T10:48:30.399+0200: 112.980: [GC (Allocation Failure) 112.980: [ParNew: 18402K->1994K(19648K), 0.0025605 secs] 40452K->24044K(63360K), 0.0029235 secs] [Times: user=0.00 sys=0.00, real=0.00 secs] 
2014-07-10T10:48:30.452+0200: 113.032: [GC (Allocation Failure) 113.033: [ParNew: 19462K->2148K(19648K), 0.0023460 secs] 41513K->25103K(63360K), 0.0025176 secs] [Times: user=0.00 sys=0.00, real=0.00 secs] 
2014-07-10T10:48:30.548+0200: 113.129: [GC (Allocation Failure) 113.129: [ParNew: 19614K->2150K(19648K), 0.0029851 secs] 42569K->27060K(63360K), 0.0031544 secs] [Times: user=0.00 sys=0.00, real=0.00 secs] 
2014-07-10T10:48:30.598+0200: 113.179: [GC (Allocation Failure) 113.179: [ParNew: 19599K->2150K(19648K), 0.0041440 secs] 44509K->28375K(63360K), 0.0044934 secs] [Times: user=0.00 sys=0.00, real=0.00 secs] 
2014-07-10T10:48:30.656+0200: 113.237: [GC (Allocation Failure) 113.237: [ParNew: 19618K->2148K(19648K), 0.0058088 secs] 45843K->30746K(63360K), 0.0061919 secs] [Times: user=0.00 sys=0.00, real=0.01 secs] 
2014-07-10T10:48:30.750+0200: 113.331: [GC (Allocation Failure) 113.331: [ParNew: 19614K->2150K(19648K), 0.0070443 secs] 48212K->34175K(63360K), 0.0073802 secs] [Times: user=0.00 sys=0.00, real=0.01 secs] 
2014-07-10T10:48:30.802+0200: 113.383: [GC (Allocation Failure) 113.383: [ParNew: 19618K->2150K(19648K), 0.0080859 secs] 51644K->38660K(63360K), 0.0084856 secs] [Times: user=0.03 sys=0.00, real=0.01 secs] 
2014-07-10T10:48:30.851+0200: 113.432: [GC (Allocation Failure) 113.432: [ParNew: 19593K->2150K(19648K), 0.0048307 secs] 56104K->42632K(63360K), 0.0050847 secs] [Times: user=0.03 sys=0.00, real=0.01 secs] 
2014-07-10T10:48:30.858+0200: 113.439: [CMS-concurrent-abortable-preclean: 0.012/0.791 secs] [Times: user=0.23 sys=0.00, real=0.79 secs] 
2014-07-10T10:48:30.858+0200: 113.439: [GC (CMS Final Remark) [YG occupancy: 4233 K (19648 K)]113.439: [Rescan (parallel) , 0.0001782 secs]113.439: [weak refs processing, 0.0000392 secs]113.439: [class unloading, 0.0005228 secs]113.440: [scrub symbol table, 0.0006449 secs]113.440: [scrub string table, 0.0002082 secs][1 CMS-remark: 40482K(43712K)] 44715K(63360K), 0.0017891 secs] [Times: user=0.00 sys=0.00, real=0.00 secs] 
2014-07-10T10:48:30.860+0200: 113.441: [CMS-concurrent-sweep-start]
2014-07-10T10:48:30.860+0200: 113.441: [CMS-concurrent-sweep: 0.000/0.000 secs] [Times: user=0.00 sys=0.00, real=0.00 secs] 
2014-07-10T10:48:30.860+0200: 113.441: [CMS-concurrent-reset-start]
2014-07-10T10:48:30.860+0200: 113.441: [CMS-concurrent-reset: 0.000/0.000 secs] [Times: user=0.00 sys=0.00, real=0.00 secs] 
2014-07-10T10:48:30.953+0200: 113.534: [GC (Allocation Failure) 113.534: [ParNew: 19616K->2148K(19648K), 0.0081395 secs] 55260K->42821K(63360K), 0.0085306 secs] [Times: user=0.00 sys=0.00, real=0.01 secs] 
2014-07-10T10:48:30.962+0200: 113.543: [GC (CMS Initial Mark) [1 CMS-initial-mark: 40673K(43712K)] 42853K(63360K), 0.0004861 secs] [Times: user=0.00 sys=0.00, real=0.00 secs] 
2014-07-10T10:48:30.963+0200: 113.544: [CMS-concurrent-mark-start]
2014-07-10T10:48:30.966+0200: 113.547: [CMS-concurrent-mark: 0.003/0.003 secs] [Times: user=0.03 sys=0.00, real=0.00 secs] 
2014-07-10T10:48:30.966+0200: 113.547: [CMS-concurrent-preclean-start]
2014-07-10T10:48:30.967+0200: 113.548: [CMS-concurrent-preclean: 0.000/0.001 secs] [Times: user=0.00 sys=0.00, real=0.00 secs] 
2014-07-10T10:48:30.967+0200: 113.548: [CMS-concurrent-abortable-preclean-start]
2014-07-10T10:48:30.967+0200: 113.548: [CMS-concurrent-abortable-preclean: 0.000/0.000 secs] [Times: user=0.00 sys=0.00, real=0.00 secs] 
2014-07-10T10:48:30.972+0200: 113.553: [GC (CMS Final Remark) [YG occupancy: 11378 K (19648 K)]113.553: [Rescan (parallel) , 0.0005397 secs]113.554: [weak refs processing, 0.0000898 secs]113.554: [class unloading, 0.0012454 secs]113.555: [scrub symbol table, 0.0009162 secs]113.556: [scrub string table, 0.0002123 secs][1 CMS-remark: 40673K(43712K)] 52051K(63360K), 0.0035093 secs] [Times: user=0.00 sys=0.00, real=0.00 secs] 
2014-07-10T10:48:30.976+0200: 113.556: [CMS-concurrent-sweep-start]
2014-07-10T10:48:30.976+0200: 113.557: [CMS-concurrent-sweep: 0.001/0.001 secs] [Times: user=0.00 sys=0.00, real=0.00 secs] 
2014-07-10T10:48:30.976+0200: 113.557: [CMS-concurrent-reset-start]
2014-07-10T10:48:30.976+0200: 113.557: [CMS-concurrent-reset: 0.000/0.000 secs] [Times: user=0.00 sys=0.00, real=0.00 secs] 
2014-07-10T10:48:31.046+0200: 113.627: [GC (Allocation Failure) 113.627: [ParNew: 19616K->37K(19648K), 0.0010548 secs] 25168K->5591K(63360K), 0.0013195 secs] [Times: user=0.00 sys=0.00, real=0.00 secs] 
2014-07-10T10:48:31.062+0200: 113.642: [GC (Allocation Failure) 113.643: [ParNew: 17504K->575K(19648K), 0.0016282 secs] 23058K->6129K(63360K), 0.0019519 secs] [Times: user=0.00 sys=0.00, real=0.00 secs] 
2014-07-10T10:48:31.149+0200: 113.730: [GC (Allocation Failure) 113.730: [ParNew: 18020K->585K(19648K), 0.0010731 secs] 23574K->6139K(63360K), 0.0012502 secs] [Times: user=0.00 sys=0.00, real=0.00 secs] 
2014-07-10T10:48:31.246+0200: 113.827: [GC (Allocation Failure) 113.827: [ParNew: 18052K->1644K(19648K), 0.0009510 secs] 23606K->7198K(63360K), 0.0010812 secs] [Times: user=0.00 sys=0.00, real=0.00 secs] 
2014-07-10T10:48:31.296+0200: 113.877: [GC (Allocation Failure) 113.877: [ParNew: 19084K->1637K(19648K), 0.0009353 secs] 24638K->7202K(63360K), 0.0010496 secs] [Times: user=0.00 sys=0.00, real=0.00 secs] 
2014-07-10T10:48:31.350+0200: 113.930: [GC (Allocation Failure) 113.931: [ParNew: 19106K->2148K(19648K), 0.0021800 secs] 24671K->8259K(63360K), 0.0023677 secs] [Times: user=0.00 sys=0.00, real=0.00 secs] 
2014-07-10T10:48:31.447+0200: 114.028: [GC (Allocation Failure) 114.028: [ParNew: 19614K->2150K(19648K), 0.0024018 secs] 25726K->9864K(63360K), 0.0025913 secs] [Times: user=0.03 sys=0.00, real=0.00 secs] 
2014-07-10T10:48:31.500+0200: 114.081: [GC (Allocation Failure) 114.081: [ParNew: 19618K->2150K(19648K), 0.0062539 secs] 27333K->12524K(63360K), 0.0066015 secs] [Times: user=0.00 sys=0.00, real=0.01 secs] 
2014-07-10T10:48:31.557+0200: 114.138: [GC (Allocation Failure) 114.138: [ParNew: 19616K->2148K(19648K), 0.0076137 secs] 29990K->16238K(63360K), 0.0079668 secs] [Times: user=0.03 sys=0.00, real=0.01 secs] 
2014-07-10T10:48:31.648+0200: 114.229: [GC (Allocation Failure) 114.229: [ParNew: 19604K->2150K(19648K), 0.0062671 secs] 33694K->18804K(63360K), 0.0066084 secs] [Times: user=0.02 sys=0.00, real=0.01 secs] 
2014-07-10T10:48:31.699+0200: 114.279: [GC (Allocation Failure) 114.280: [ParNew: 19617K->2150K(19648K), 0.0042932 secs] 36270K->22425K(63360K), 0.0045256 secs] [Times: user=0.00 sys=0.00, real=0.00 secs] 
2014-07-10T10:48:31.703+0200: 114.284: [GC (CMS Initial Mark) [1 CMS-initial-mark: 20275K(43712K)] 22491K(63360K), 0.0002651 secs] [Times: user=0.00 sys=0.00, real=0.00 secs] 
2014-07-10T10:48:31.704+0200: 114.285: [CMS-concurrent-mark-start]
2014-07-10T10:48:31.705+0200: 114.286: [CMS-concurrent-mark: 0.001/0.001 secs] [Times: user=0.00 sys=0.00, real=0.00 secs] 
2014-07-10T10:48:31.705+0200: 114.286: [CMS-concurrent-preclean-start]
2014-07-10T10:48:31.705+0200: 114.286: [CMS-concurrent-preclean: 0.000/0.000 secs] [Times: user=0.00 sys=0.00, real=0.00 secs] 
2014-07-10T10:48:31.705+0200: 114.286: [CMS-concurrent-abortable-preclean-start]
2014-07-10T10:48:31.753+0200: 114.334: [GC (Allocation Failure) 114.334: [ParNew: 19618K->2148K(19648K), 0.0058330 secs] 39894K->27100K(63360K), 0.0060838 secs] [Times: user=0.00 sys=0.00, real=0.01 secs] 
2014-07-10T10:48:31.850+0200: 114.431: [GC (Allocation Failure) 114.431: [ParNew: 19588K->2150K(19648K), 0.0089068 secs] 44540K->31778K(63360K), 0.0092980 secs] [Times: user=0.03 sys=0.00, real=0.01 secs] 
2014-07-10T10:48:31.898+0200: 114.479: [GC (Allocation Failure) 114.479: [ParNew: 19616K->2150K(19648K), 0.0063962 secs] 49245K->37512K(63360K), 0.0066301 secs] [Times: user=0.03 sys=0.00, real=0.01 secs] 
2014-07-10T10:48:31.996+0200: 114.577: [GC (Allocation Failure) 114.577: [ParNew: 19618K->741K(19648K), 0.0009378 secs] 54980K->36105K(63360K), 0.0010867 secs] [Times: user=0.00 sys=0.00, real=0.00 secs] 
2014-07-10T10:48:32.051+0200: 114.632: [GC (Allocation Failure) 114.632: [ParNew: 18187K->230K(19648K), 0.0009155 secs] 53551K->35594K(63360K), 0.0011395 secs] [Times: user=0.00 sys=0.00, real=0.00 secs] 
2014-07-10T10:48:32.147+0200: 114.728: [GC (Allocation Failure) 114.728: [ParNew: 17697K->1290K(19648K), 0.0020307 secs] 53061K->36654K(63360K), 0.0023200 secs] [Times: user=0.00 sys=0.00, real=0.00 secs] 
2014-07-10T10:48:32.198+0200: 114.779: [GC (Allocation Failure) 114.779: [ParNew: 18758K->2150K(19648K), 0.0026665 secs] 54122K->37714K(63360K), 0.0029807 secs] [Times: user=0.00 sys=0.00, real=0.00 secs] 
2014-07-10T10:48:32.250+0200: 114.831: [GC (Allocation Failure) 114.831: [ParNew: 19616K->2148K(19648K), 0.0028146 secs] 55181K->38963K(63360K), 0.0030148 secs] [Times: user=0.00 sys=0.00, real=0.00 secs] 
2014-07-10T10:48:32.346+0200: 114.927: [GC (Allocation Failure) 114.927: [ParNew: 19593K->2150K(19648K), 0.0015013 secs] 56409K->39704K(63360K), 0.0016582 secs] [Times: user=0.00 sys=0.00, real=0.00 secs] 
2014-07-10T10:48:32.398+0200: 114.979: [GC (Allocation Failure) 114.979: [ParNew: 19616K->2150K(19648K), 0.0028227 secs] 57170K->41500K(63360K), 0.0030338 secs] [Times: user=0.03 sys=0.00, real=0.00 secs] 
2014-07-10T10:48:32.451+0200: 115.032: [GC (Allocation Failure) 115.032: [ParNew: 19618K->2148K(19648K), 0.0040409 secs] 58968K->44349K(63360K), 0.0042441 secs] [Times: user=0.00 sys=0.00, real=0.00 secs] 
2014-07-10T10:48:32.455+0200: 115.036: [CMS-concurrent-abortable-preclean: 0.008/0.750 secs] [Times: user=0.19 sys=0.00, real=0.75 secs] 
2014-07-10T10:48:32.456+0200: 115.036: [GC (CMS Final Remark) [YG occupancy: 2310 K (19648 K)]115.036: [Rescan (parallel) , 0.0001855 secs]115.037: [weak refs processing, 0.0000326 secs]115.037: [class unloading, 0.0004707 secs]115.037: [scrub symbol table, 0.0005628 secs]115.038: [scrub string table, 0.0001679 secs][1 CMS-remark: 42201K(43712K)] 44511K(63360K), 0.0015754 secs] [Times: user=0.00 sys=0.00, real=0.00 secs] 
2014-07-10T10:48:32.457+0200: 115.038: [CMS-concurrent-sweep-start]
2014-07-10T10:48:32.458+0200: 115.039: [CMS-concurrent-sweep: 0.001/0.001 secs] [Times: user=0.00 sys=0.00, real=0.00 secs] 
2014-07-10T10:48:32.458+0200: 115.039: [CMS-concurrent-reset-start]
2014-07-10T10:48:32.458+0200: 115.039: [CMS-concurrent-reset: 0.000/0.000 secs] [Times: user=0.00 sys=0.00, real=0.00 secs] 
2014-07-10T10:48:32.547+0200: 115.128: [GC (Allocation Failure) 115.129: [ParNew: 19614K->2150K(19648K), 0.0045858 secs] 45685K->32129K(63360K), 0.0047845 secs] [Times: user=0.00 sys=0.00, real=0.01 secs] 
2014-07-10T10:48:32.552+0200: 115.133: [GC (CMS Initial Mark) [1 CMS-initial-mark: 29979K(43712K)] 32195K(63360K), 0.0001972 secs] [Times: user=0.00 sys=0.00, real=0.00 secs] 
2014-07-10T10:48:32.553+0200: 115.134: [CMS-concurrent-mark-start]
2014-07-10T10:48:32.554+0200: 115.135: [CMS-concurrent-mark: 0.001/0.001 secs] [Times: user=0.00 sys=0.00, real=0.00 secs] 
2014-07-10T10:48:32.554+0200: 115.135: [CMS-concurrent-preclean-start]
2014-07-10T10:48:32.554+0200: 115.135: [CMS-concurrent-preclean: 0.000/0.000 secs] [Times: user=0.00 sys=0.00, real=0.00 secs] 
2014-07-10T10:48:32.554+0200: 115.135: [CMS-concurrent-abortable-preclean-start]
2014-07-10T10:48:32.600+0200: 115.181: [GC (Allocation Failure) 115.181: [ParNew: 19601K->2150K(19648K), 0.0074788 secs] 49580K->35396K(63360K), 0.0079000 secs] [Times: user=0.03 sys=0.00, real=0.01 secs] 
2014-07-10T10:48:32.657+0200: 115.239: [GC (Allocation Failure) 115.239: [ParNew: 19618K->2148K(19648K), 0.0083363 secs] 52865K->39720K(63360K), 0.0087275 secs] [Times: user=0.03 sys=0.00, real=0.01 secs] 
2014-07-10T10:48:32.751+0200: 115.332: [GC (Allocation Failure) 115.332: [ParNew: 19614K->2150K(19648K), 0.0100620 secs] 57187K->45103K(63360K), 0.0104510 secs] [Times: user=0.03 sys=0.00, real=0.01 secs] 
2014-07-10T10:48:32.762+0200: 115.343: [CMS-concurrent-abortable-preclean: 0.004/0.208 secs] [Times: user=0.12 sys=0.00, real=0.21 secs] 
2014-07-10T10:48:32.762+0200: 115.343: [GC (CMS Final Remark) [YG occupancy: 2440 K (19648 K)]115.343: [Rescan (parallel) , 0.0005521 secs]115.344: [weak refs processing, 0.0000829 secs]115.344: [class unloading, 0.0010357 secs]115.345: [scrub symbol table, 0.0013232 secs]115.346: [scrub string table, 0.0004913 secs][1 CMS-remark: 42953K(43712K)] 45393K(63360K), 0.0039790 secs] [Times: user=0.00 sys=0.00, real=0.00 secs] 
2014-07-10T10:48:32.766+0200: 115.347: [CMS-concurrent-sweep-start]
2014-07-10T10:48:32.768+0200: 115.348: [CMS-concurrent-sweep: 0.001/0.001 secs] [Times: user=0.00 sys=0.00, real=0.00 secs] 
2014-07-10T10:48:32.768+0200: 115.349: [CMS-concurrent-reset-start]
2014-07-10T10:48:32.768+0200: 115.349: [CMS-concurrent-reset: 0.000/0.000 secs] [Times: user=0.00 sys=0.00, real=0.00 secs] 
2014-07-10T10:48:32.799+0200: 115.380: [GC (Allocation Failure) 115.380: [ParNew: 19619K->389K(19648K), 0.0009371 secs] 37026K->17798K(63360K), 0.0011017 secs] [Times: user=0.00 sys=0.00, real=0.00 secs] 
2014-07-10T10:48:32.896+0200: 115.477: [GC (Allocation Failure) 115.477: [ParNew: 17860K->423K(19648K), 0.0006159 secs] 35270K->17832K(63360K), 0.0007252 secs] [Times: user=0.00 sys=0.00, real=0.00 secs] 
2014-07-10T10:48:32.954+0200: 115.535: [GC (Allocation Failure) 115.535: [ParNew: 17889K->1481K(19648K), 0.0016894 secs] 35299K->18891K(63360K), 0.0019435 secs] [Times: user=0.00 sys=0.00, real=0.00 secs] 
2014-07-10T10:48:33.047+0200: 115.628: [GC (Allocation Failure) 115.628: [ParNew: 18950K->2150K(19648K), 0.0028622 secs] 36359K->19951K(63360K), 0.0031845 secs] [Times: user=0.00 sys=0.00, real=0.00 secs] 
2014-07-10T10:48:33.096+0200: 115.677: [GC (Allocation Failure) 115.677: [ParNew: 19599K->1509K(19648K), 0.0011057 secs] 37401K->19313K(63360K), 0.0012546 secs] [Times: user=0.00 sys=0.00, real=0.00 secs] 
2014-07-10T10:48:33.154+0200: 115.735: [GC (Allocation Failure) 115.735: [ParNew: 18978K->2148K(19648K), 0.0033106 secs] 36782K->20372K(63360K), 0.0036714 secs] [Times: user=0.00 sys=0.00, real=0.00 secs] 
2014-07-10T10:48:33.247+0200: 115.828: [GC (Allocation Failure) 115.828: [ParNew: 19614K->2150K(19648K), 0.0023651 secs] 37838K->21848K(63360K), 0.0025818 secs] [Times: user=0.00 sys=0.00, real=0.00 secs] 
2014-07-10T10:48:33.298+0200: 115.879: [GC (Allocation Failure) 115.880: [ParNew: 19590K->2150K(19648K), 0.0045352 secs] 39288K->23323K(63360K), 0.0049161 secs] [Times: user=0.00 sys=0.00, real=0.00 secs] 
2014-07-10T10:48:33.356+0200: 115.937: [GC (Allocation Failure) 115.937: [ParNew: 19618K->2148K(19648K), 0.0062939 secs] 40792K->25853K(63360K), 0.0066752 secs] [Times: user=0.00 sys=0.00, real=0.01 secs] 
2014-07-10T10:48:33.448+0200: 116.029: [GC (Allocation Failure) 116.030: [ParNew: 19614K->2150K(19648K), 0.0043243 secs] 43320K->29443K(63360K), 0.0045465 secs] [Times: user=0.00 sys=0.00, real=0.01 secs] 
2014-07-10T10:48:33.453+0200: 116.034: [GC (CMS Initial Mark) [1 CMS-initial-mark: 27293K(43712K)] 29475K(63360K), 0.0001701 secs] [Times: user=0.00 sys=0.00, real=0.00 secs] 
2014-07-10T10:48:33.453+0200: 116.034: [CMS-concurrent-mark-start]
2014-07-10T10:48:33.455+0200: 116.036: [CMS-concurrent-mark: 0.001/0.001 secs] [Times: user=0.00 sys=0.00, real=0.00 secs] 
2014-07-10T10:48:33.455+0200: 116.036: [CMS-concurrent-preclean-start]
2014-07-10T10:48:33.455+0200: 116.036: [CMS-concurrent-preclean: 0.000/0.000 secs] [Times: user=0.00 sys=0.00, real=0.00 secs] 
2014-07-10T10:48:33.455+0200: 116.036: [CMS-concurrent-abortable-preclean-start]
2014-07-10T10:48:33.500+0200: 116.081: [GC (Allocation Failure) 116.082: [ParNew: 19618K->2150K(19648K), 0.0085724 secs] 46912K->34088K(63360K), 0.0089812 secs] [Times: user=0.03 sys=0.00, real=0.01 secs] 
2014-07-10T10:48:33.553+0200: 116.134: [GC (Allocation Failure) 116.134: [ParNew: 19616K->2148K(19648K), 0.0064401 secs] 51554K->39786K(63360K), 0.0066873 secs] [Times: user=0.03 sys=0.00, real=0.01 secs] 
2014-07-10T10:48:33.651+0200: 116.232: [GC (Allocation Failure) 116.232: [ParNew: 19598K->19598K(19648K), 0.0001192 secs]116.232: [CMS2014-07-10T10:48:33.651+0200: 116.232: [CMS-concurrent-abortable-preclean: 0.004/0.197 secs] [Times: user=0.08 sys=0.00, real=0.20 secs] 
 (concurrent mode failure): 37638K->7729K(43712K), 0.0174517 secs] 57237K->7729K(63360K), [Metaspace: 2457K->2457K(1056768K)], 0.0183742 secs] [Times: user=0.01 sys=0.00, real=0.02 secs] 
2014-07-10T10:48:33.746+0200: 116.327: [GC (Allocation Failure) 116.327: [ParNew: 17468K->69K(19648K), 0.0012572 secs] 25198K->7798K(63360K), 0.0015699 secs] [Times: user=0.00 sys=0.00, real=0.00 secs] 
2014-07-10T10:48:33.796+0200: 116.377: [GC (Allocation Failure) 116.378: [ParNew: 17535K->1127K(19648K), 0.0017561 secs] 25265K->8857K(63360K), 0.0021184 secs] [Times: user=0.00 sys=0.00, real=0.00 secs] 
2014-07-10T10:48:33.849+0200: 116.430: [GC (Allocation Failure) 116.430: [ParNew: 18573K->613K(19648K), 0.0011340 secs] 26303K->8352K(63360K), 0.0013173 secs] [Times: user=0.00 sys=0.00, real=0.00 secs] 
2014-07-10T10:48:33.949+0200: 116.530: [GC (Allocation Failure) 116.530: [ParNew: 18079K->1670K(19648K), 0.0022712 secs] 25819K->9410K(63360K), 0.0025649 secs] [Times: user=0.00 sys=0.00, real=0.00 secs] 
2014-07-10T10:48:33.997+0200: 116.578: [GC (Allocation Failure) 116.578: [ParNew: 19139K->2150K(19648K), 0.0017444 secs] 26878K->10470K(63360K), 0.0019380 secs] [Times: user=0.00 sys=0.00, real=0.00 secs] 
2014-07-10T10:48:34.054+0200: 116.635: [GC (Allocation Failure) 116.636: [ParNew: 19616K->2148K(19648K), 0.0049777 secs] 27937K->12103K(63360K), 0.0054536 secs] [Times: user=0.00 sys=0.00, real=0.01 secs] 
2014-07-10T10:48:34.147+0200: 116.728: [GC (Allocation Failure) 116.728: [ParNew: 19593K->2150K(19648K), 0.0018742 secs] 29549K->13229K(63360K), 0.0020678 secs] [Times: user=0.03 sys=0.00, real=0.00 secs] 
2014-07-10T10:48:34.199+0200: 116.780: [GC (Allocation Failure) 116.780: [ParNew: 19619K->2150K(19648K), 0.0058634 secs] 30697K->15408K(63360K), 0.0062235 secs] [Times: user=0.00 sys=0.00, real=0.01 secs] 
2014-07-10T10:48:34.252+0200: 116.833: [GC (Allocation Failure) 116.833: [ParNew: 19616K->2148K(19648K), 0.0048002 secs] 32875K->18642K(63360K), 0.0050367 secs] [Times: user=0.01 sys=0.00, real=0.00 secs] 
2014-07-10T10:48:34.350+0200: 116.931: [GC (Allocation Failure) 116.932: [ParNew: 19588K->2150K(19648K), 0.0069289 secs] 36082K->21880K(63360K), 0.0073365 secs] [Times: user=0.00 sys=0.01, real=0.01 secs] 
2014-07-10T10:48:34.398+0200: 116.979: [GC (Allocation Failure) 116.980: [ParNew: 19618K->2150K(19648K), 0.0059228 secs] 39348K->26173K(63360K), 0.0061927 secs] [Times: user=0.00 sys=0.00, real=0.01 secs] 
2014-07-10T10:48:34.405+0200: 116.986: [GC (CMS Initial Mark) [1 CMS-initial-mark: 24023K(43712K)] 26239K(63360K), 0.0002343 secs] [Times: user=0.00 sys=0.00, real=0.00 secs] 
2014-07-10T10:48:34.406+0200: 116.987: [CMS-concurrent-mark-start]
2014-07-10T10:48:34.407+0200: 116.988: [CMS-concurrent-mark: 0.001/0.001 secs] [Times: user=0.00 sys=0.00, real=0.00 secs] 
2014-07-10T10:48:34.407+0200: 116.988: [CMS-concurrent-preclean-start]
2014-07-10T10:48:34.407+0200: 116.988: [CMS-concurrent-preclean: 0.000/0.000 secs] [Times: user=0.00 sys=0.00, real=0.00 secs] 
2014-07-10T10:48:34.408+0200: 116.989: [GC (CMS Final Remark) [YG occupancy: 3912 K (19648 K)]116.989: [Rescan (parallel) , 0.0001969 secs]116.989: [weak refs processing, 0.0000499 secs]116.989: [class unloading, 0.0005653 secs]116.990: [scrub symbol table, 0.0007673 secs]116.990: [scrub string table, 0.0002599 secs][1 CMS-remark: 24023K(43712K)] 27936K(63360K), 0.0021118 secs] [Times: user=0.00 sys=0.00, real=0.00 secs] 
2014-07-10T10:48:34.410+0200: 116.991: [CMS-concurrent-sweep-start]
2014-07-10T10:48:34.410+0200: 116.991: [CMS-concurrent-sweep: 0.000/0.000 secs] [Times: user=0.00 sys=0.00, real=0.00 secs] 
2014-07-10T10:48:34.410+0200: 116.991: [CMS-concurrent-reset-start]
2014-07-10T10:48:34.410+0200: 116.991: [CMS-concurrent-reset: 0.000/0.000 secs] [Times: user=0.00 sys=0.00, real=0.00 secs] 
2014-07-10T10:48:34.454+0200: 117.035: [GC (Allocation Failure) 117.035: [ParNew: 19616K->2148K(19648K), 0.0054272 secs] 24434K->12315K(63360K), 0.0056255 secs] [Times: user=0.00 sys=0.00, real=0.01 secs] 
2014-07-10T10:48:34.552+0200: 117.133: [GC (Allocation Failure) 117.133: [ParNew: 19616K->358K(19648K), 0.0023838 secs] 29783K->10527K(63360K), 0.0026980 secs] [Times: user=0.00 sys=0.00, real=0.00 secs] 
2014-07-10T10:48:34.601+0200: 117.182: [GC (Allocation Failure) 117.182: [ParNew: 17813K->2152K(19648K), 0.0067888 secs] 27982K->17571K(63360K), 0.0071001 secs] [Times: user=0.00 sys=0.00, real=0.01 secs] 
2014-07-10T10:48:34.696+0200: 117.277: [GC (Allocation Failure) 117.277: [ParNew: 19620K->261K(19648K), 0.0006889 secs] 35040K->15687K(63360K), 0.0008319 secs] [Times: user=0.00 sys=0.00, real=0.00 secs] 
2014-07-10T10:48:34.749+0200: 117.331: [GC (Allocation Failure) 117.331: [ParNew: 17727K->1319K(19648K), 0.0014045 secs] 33153K->16745K(63360K), 0.0016088 secs] [Times: user=0.00 sys=0.00, real=0.00 secs] 
2014-07-10T10:48:34.846+0200: 117.428: [GC (Allocation Failure) 117.428: [ParNew: 18759K->1317K(19648K), 0.0018463 secs] 34185K->16749K(63360K), 0.0021297 secs] [Times: user=0.00 sys=0.00, real=0.00 secs] 
2014-07-10T10:48:34.897+0200: 117.478: [GC (Allocation Failure) 117.478: [ParNew: 18786K->2150K(19648K), 0.0025491 secs] 34217K->17808K(63360K), 0.0028578 secs] [Times: user=0.00 sys=0.00, real=0.00 secs] 
2014-07-10T10:48:34.955+0200: 117.536: [GC (Allocation Failure) 117.536: [ParNew: 19616K->2148K(19648K), 0.0046096 secs] 35275K->19089K(63360K), 0.0050213 secs] [Times: user=0.03 sys=0.00, real=0.01 secs] 
2014-07-10T10:48:35.048+0200: 117.629: [GC (Allocation Failure) 117.629: [ParNew: 19616K->2150K(19648K), 0.0031442 secs] 36557K->21430K(63360K), 0.0033436 secs] [Times: user=0.00 sys=0.00, real=0.00 secs] 
2014-07-10T10:48:35.097+0200: 117.678: [GC (Allocation Failure) 117.678: [ParNew: 19593K->2150K(19648K), 0.0031390 secs] 38874K->23257K(63360K), 0.0033532 secs] [Times: user=0.03 sys=0.00, real=0.00 secs] 
2014-07-10T10:48:35.156+0200: 117.737: [GC (Allocation Failure) 117.737: [ParNew: 19618K->2148K(19648K), 0.0068904 secs] 40726K->26140K(63360K), 0.0072966 secs] [Times: user=0.03 sys=0.00, real=0.01 secs] 
2014-07-10T10:48:35.248+0200: 117.829: [GC (Allocation Failure) 117.829: [ParNew: 19614K->2150K(19648K), 0.0048670 secs] 43606K->30082K(63360K), 0.0050708 secs] [Times: user=0.00 sys=0.00, real=0.01 secs] 
2014-07-10T10:48:35.254+0200: 117.835: [GC (CMS Initial Mark) [1 CMS-initial-mark: 27932K(43712K)] 30148K(63360K), 0.0002786 secs] [Times: user=0.00 sys=0.00, real=0.00 secs] 
2014-07-10T10:48:35.254+0200: 117.835: [CMS-concurrent-mark-start]
2014-07-10T10:48:35.255+0200: 117.836: [CMS-concurrent-mark: 0.001/0.001 secs] [Times: user=0.03 sys=0.00, real=0.00 secs] 
2014-07-10T10:48:35.255+0200: 117.837: [CMS-concurrent-preclean-start]
2014-07-10T10:48:35.256+0200: 117.837: [CMS-concurrent-preclean: 0.000/0.000 secs] [Times: user=0.00 sys=0.00, real=0.00 secs] 
2014-07-10T10:48:35.256+0200: 117.837: [CMS-concurrent-abortable-preclean-start]
2014-07-10T10:48:35.300+0200: 117.881: [GC (Allocation Failure) 117.881: [ParNew: 19618K->2150K(19648K), 0.0092496 secs] 47550K->35078K(63360K), 0.0096668 secs] [Times: user=0.03 sys=0.00, real=0.01 secs] 
2014-07-10T10:48:35.354+0200: 117.935: [GC (Allocation Failure) 117.935: [ParNew: 19595K->2150K(19648K), 0.0045784 secs] 52524K->39563K(63360K), 0.0047595 secs] [Times: user=0.00 sys=0.00, real=0.00 secs] 
2014-07-10T10:48:35.452+0200: 118.033: [GC (Allocation Failure) 118.033: [ParNew: 19616K->2148K(19648K), 0.0053535 secs] 57029K->45103K(63360K), 0.0056739 secs] [Times: user=0.00 sys=0.02, real=0.01 secs] 
2014-07-10T10:48:35.458+0200: 118.039: [CMS-concurrent-abortable-preclean: 0.004/0.202 secs] [Times: user=0.05 sys=0.02, real=0.20 secs] 
2014-07-10T10:48:35.458+0200: 118.039: [GC (CMS Final Remark) [YG occupancy: 2214 K (19648 K)]118.039: [Rescan (parallel) , 0.0001943 secs]118.039: [weak refs processing, 0.0000323 secs]118.039: [class unloading, 0.0004696 secs]118.040: [scrub symbol table, 0.0005518 secs]118.040: [scrub string table, 0.0001675 secs][1 CMS-remark: 42955K(43712K)] 45169K(63360K), 0.0015802 secs] [Times: user=0.00 sys=0.00, real=0.00 secs] 
2014-07-10T10:48:35.460+0200: 118.041: [CMS-concurrent-sweep-start]
2014-07-10T10:48:35.460+0200: 118.041: [CMS-concurrent-sweep: 0.001/0.001 secs] [Times: user=0.00 sys=0.00, real=0.00 secs] 
2014-07-10T10:48:35.460+0200: 118.041: [CMS-concurrent-reset-start]
2014-07-10T10:48:35.460+0200: 118.041: [CMS-concurrent-reset: 0.000/0.000 secs] [Times: user=0.00 sys=0.00, real=0.00 secs] 
2014-07-10T10:48:35.547+0200: 118.128: [GC (Allocation Failure) 118.128: [ParNew: 19616K->549K(19648K), 0.0013792 secs] 39106K->20040K(63360K), 0.0016447 secs] [Times: user=0.00 sys=0.00, real=0.00 secs] 
2014-07-10T10:48:35.564+0200: 118.145: [GC (Allocation Failure) 118.145: [ParNew: 18016K->952K(19648K), 0.0009796 secs] 37508K->20444K(63360K), 0.0011626 secs] [Times: user=0.00 sys=0.00, real=0.00 secs] 
2014-07-10T10:48:35.649+0200: 118.230: [GC (Allocation Failure) 118.230: [ParNew: 18405K->970K(19648K), 0.0011468 secs] 37896K->20461K(63360K), 0.0013056 secs] [Times: user=0.00 sys=0.00, real=0.00 secs] 
2014-07-10T10:48:35.747+0200: 118.329: [GC (Allocation Failure) 118.329: [ParNew: 18436K->2028K(19648K), 0.0024175 secs] 37928K->21520K(63360K), 0.0027651 secs] [Times: user=0.00 sys=0.00, real=0.00 secs] 
2014-07-10T10:48:35.798+0200: 118.379: [GC (Allocation Failure) 118.379: [ParNew: 19498K->2054K(19648K), 0.0024538 secs] 38990K->21557K(63360K), 0.0027724 secs] [Times: user=0.02 sys=0.00, real=0.00 secs] 
2014-07-10T10:48:35.855+0200: 118.436: [GC (Allocation Failure) 118.436: [ParNew: 19520K->2148K(19648K), 0.0038151 secs] 39023K->22614K(63360K), 0.0042122 secs] [Times: user=0.00 sys=0.00, real=0.00 secs] 
2014-07-10T10:48:35.949+0200: 118.530: [GC (Allocation Failure) 118.531: [ParNew: 19616K->2150K(19648K), 0.0053971 secs] 40082K->24635K(63360K), 0.0057337 secs] [Times: user=0.00 sys=0.00, real=0.01 secs] 
2014-07-10T10:48:36.000+0200: 118.581: [GC (Allocation Failure) 118.581: [ParNew: 19616K->2150K(19648K), 0.0066997 secs] 42101K->27711K(63360K), 0.0070986 secs] [Times: user=0.02 sys=0.00, real=0.01 secs] 
2014-07-10T10:48:36.057+0200: 118.638: [GC (Allocation Failure) 118.638: [ParNew: 19618K->2148K(19648K), 0.0080163 secs] 45179K->31841K(63360K), 0.0083994 secs] [Times: user=0.00 sys=0.00, real=0.01 secs] 
2014-07-10T10:48:36.066+0200: 118.647: [GC (CMS Initial Mark) [1 CMS-initial-mark: 29693K(43712K)] 31939K(63360K), 0.0004539 secs] [Times: user=0.00 sys=0.00, real=0.00 secs] 
2014-07-10T10:48:36.067+0200: 118.648: [CMS-concurrent-mark-start]
2014-07-10T10:48:36.069+0200: 118.651: [CMS-concurrent-mark: 0.003/0.003 secs] [Times: user=0.00 sys=0.00, real=0.00 secs] 
2014-07-10T10:48:36.070+0200: 118.651: [CMS-concurrent-preclean-start]
2014-07-10T10:48:36.070+0200: 118.651: [CMS-concurrent-preclean: 0.001/0.001 secs] [Times: user=0.00 sys=0.00, real=0.00 secs] 
2014-07-10T10:48:36.070+0200: 118.652: [CMS-concurrent-abortable-preclean-start]
2014-07-10T10:48:36.149+0200: 118.730: [GC (Allocation Failure) 118.730: [ParNew: 19597K->2150K(19648K), 0.0070003 secs] 49290K->34951K(63360K), 0.0073310 secs] [Times: user=0.00 sys=0.00, real=0.01 secs] 
2014-07-10T10:48:36.211+0200: 118.792: [GC (Allocation Failure) 118.792: [ParNew: 19619K->2150K(19648K), 0.0081248 secs] 52419K->39116K(63360K), 0.0085574 secs] [Times: user=0.00 sys=0.00, real=0.01 secs] 
2014-07-10T10:48:36.253+0200: 118.834: [GC (Allocation Failure) 118.835: [ParNew: 19616K->2148K(19648K), 0.0052688 secs] 56583K->44335K(63360K), 0.0056299 secs] [Times: user=0.00 sys=0.00, real=0.01 secs] 
2014-07-10T10:48:36.259+0200: 118.840: [CMS-concurrent-abortable-preclean: 0.004/0.188 secs] [Times: user=0.05 sys=0.02, real=0.19 secs] 
2014-07-10T10:48:36.259+0200: 118.841: [GC (CMS Final Remark) [YG occupancy: 2982 K (19648 K)]118.841: [Rescan (parallel) , 0.0002313 secs]118.841: [weak refs processing, 0.0000411 secs]118.841: [class unloading, 0.0005074 secs]118.841: [scrub symbol table, 0.0006442 secs]118.842: [scrub string table, 0.0001950 secs][1 CMS-remark: 42187K(43712K)] 45169K(63360K), 0.0018361 secs] [Times: user=0.00 sys=0.00, real=0.00 secs] 
2014-07-10T10:48:36.261+0200: 118.842: [CMS-concurrent-sweep-start]
2014-07-10T10:48:36.262+0200: 118.843: [CMS-concurrent-sweep: 0.000/0.000 secs] [Times: user=0.00 sys=0.00, real=0.00 secs] 
2014-07-10T10:48:36.262+0200: 118.843: [CMS-concurrent-reset-start]
2014-07-10T10:48:36.262+0200: 118.843: [CMS-concurrent-reset: 0.000/0.000 secs] [Times: user=0.00 sys=0.00, real=0.00 secs] 
2014-07-10T10:48:36.350+0200: 118.931: [GC (Allocation Failure) 118.932: [ParNew: 19588K->2150K(19648K), 0.0093640 secs] 36741K->24524K(63360K), 0.0097548 secs] [Times: user=0.00 sys=0.00, real=0.01 secs] 
2014-07-10T10:48:36.360+0200: 118.942: [GC (CMS Initial Mark) [1 CMS-initial-mark: 22374K(43712K)] 24590K(63360K), 0.0005015 secs] [Times: user=0.00 sys=0.00, real=0.00 secs] 
2014-07-10T10:48:36.361+0200: 118.942: [CMS-concurrent-mark-start]
2014-07-10T10:48:36.364+0200: 118.945: [CMS-concurrent-mark: 0.003/0.003 secs] [Times: user=0.03 sys=0.00, real=0.00 secs] 
2014-07-10T10:48:36.365+0200: 118.946: [CMS-concurrent-preclean-start]
2014-07-10T10:48:36.365+0200: 118.946: [CMS-concurrent-preclean: 0.000/0.000 secs] [Times: user=0.00 sys=0.00, real=0.00 secs] 
2014-07-10T10:48:36.365+0200: 118.946: [CMS-concurrent-abortable-preclean-start]
2014-07-10T10:48:36.446+0200: 119.027: [GC (Allocation Failure) 119.027: [ParNew: 19618K->229K(19648K), 0.0005144 secs] 41992K->22606K(63360K), 0.0006115 secs] [Times: user=0.00 sys=0.00, real=0.00 secs] 
2014-07-10T10:48:36.497+0200: 119.078: [GC (Allocation Failure) 119.078: [ParNew: 17695K->1287K(19648K), 0.0019959 secs] 40072K->23664K(63360K), 0.0022756 secs] [Times: user=0.00 sys=0.00, real=0.00 secs] 
2014-07-10T10:48:36.550+0200: 119.131: [GC (Allocation Failure) 119.131: [ParNew: 18756K->2148K(19648K), 0.0020293 secs] 41133K->24722K(63360K), 0.0022489 secs] [Times: user=0.00 sys=0.00, real=0.00 secs] 
2014-07-10T10:48:36.661+0200: 119.243: [GC (Allocation Failure) 119.243: [ParNew: 19599K->1702K(19648K), 0.0010606 secs] 42174K->24278K(63360K), 0.0012473 secs] [Times: user=0.00 sys=0.00, real=0.00 secs] 
2014-07-10T10:48:36.663+0200: 119.244: [CMS-concurrent-abortable-preclean: 0.002/0.298 secs] [Times: user=0.03 sys=0.00, real=0.30 secs] 
2014-07-10T10:48:36.663+0200: 119.244: [GC (CMS Final Remark) [YG occupancy: 1864 K (19648 K)]119.244: [Rescan (parallel) , 0.0001760 secs]119.244: [weak refs processing, 0.0001756 secs]119.244: [class unloading, 0.0006339 secs]119.245: [scrub symbol table, 0.0007039 secs]119.246: [scrub string table, 0.0002137 secs][1 CMS-remark: 22576K(43712K)] 24440K(63360K), 0.0021184 secs] [Times: user=0.00 sys=0.00, real=0.00 secs] 
2014-07-10T10:48:36.665+0200: 119.246: [CMS-concurrent-sweep-start]
2014-07-10T10:48:36.666+0200: 119.247: [CMS-concurrent-sweep: 0.000/0.000 secs] [Times: user=0.00 sys=0.00, real=0.00 secs] 
2014-07-10T10:48:36.666+0200: 119.247: [CMS-concurrent-reset-start]
2014-07-10T10:48:36.666+0200: 119.247: [CMS-concurrent-reset: 0.000/0.000 secs] [Times: user=0.00 sys=0.00, real=0.00 secs] 
2014-07-10T10:48:36.697+0200: 119.278: [GC (Allocation Failure) 119.278: [ParNew: 19170K->2150K(19648K), 0.0015501 secs] 25119K->8710K(63360K), 0.0017165 secs] [Times: user=0.00 sys=0.00, real=0.00 secs] 
2014-07-10T10:48:36.755+0200: 119.336: [GC (Allocation Failure) 119.336: [ParNew: 19616K->2148K(19648K), 0.0051698 secs] 26177K->10375K(63360K), 0.0056134 secs] [Times: user=0.00 sys=0.00, real=0.01 secs] 
2014-07-10T10:48:36.848+0200: 119.429: [GC (Allocation Failure) 119.429: [ParNew: 19593K->2150K(19648K), 0.0038690 secs] 27821K->11532K(63360K), 0.0042254 secs] [Times: user=0.00 sys=0.00, real=0.00 secs] 
2014-07-10T10:48:36.898+0200: 119.480: [GC (Allocation Failure) 119.480: [ParNew: 19618K->2150K(19648K), 0.0059287 secs] 29000K->13744K(63360K), 0.0063324 secs] [Times: user=0.00 sys=0.00, real=0.01 secs] 
2014-07-10T10:48:36.957+0200: 119.539: [GC (Allocation Failure) 119.539: [ParNew: 19616K->2148K(19648K), 0.0070960 secs] 31211K->17010K(63360K), 0.0075232 secs] [Times: user=0.00 sys=0.00, real=0.01 secs] 
2014-07-10T10:48:37.050+0200: 119.631: [GC (Allocation Failure) 119.631: [ParNew: 19616K->2150K(19648K), 0.0083561 secs] 34479K->21336K(63360K), 0.0087792 secs] [Times: user=0.00 sys=0.00, real=0.01 secs] 
2014-07-10T10:48:37.099+0200: 119.681: [GC (Allocation Failure) 119.681: [ParNew: 19593K->2150K(19648K), 0.0079015 secs] 38780K->25148K(63360K), 0.0083066 secs] [Times: user=0.00 sys=0.00, real=0.01 secs] 
2014-07-10T10:48:37.108+0200: 119.689: [GC (CMS Initial Mark) [1 CMS-initial-mark: 22998K(43712K)] 25214K(63360K), 0.0004924 secs] [Times: user=0.00 sys=0.00, real=0.00 secs] 
2014-07-10T10:48:37.109+0200: 119.690: [CMS-concurrent-mark-start]
2014-07-10T10:48:37.111+0200: 119.693: [CMS-concurrent-mark: 0.002/0.002 secs] [Times: user=0.00 sys=0.00, real=0.00 secs] 
2014-07-10T10:48:37.112+0200: 119.693: [CMS-concurrent-preclean-start]
2014-07-10T10:48:37.112+0200: 119.693: [CMS-concurrent-preclean: 0.000/0.000 secs] [Times: user=0.00 sys=0.00, real=0.00 secs] 
2014-07-10T10:48:37.112+0200: 119.693: [CMS-concurrent-abortable-preclean-start]
2014-07-10T10:48:37.156+0200: 119.737: [GC (Allocation Failure) 119.738: [ParNew: 19618K->2148K(19648K), 0.0057707 secs] 42617K->30016K(63360K), 0.0059921 secs] [Times: user=0.03 sys=0.00, real=0.01 secs] 
2014-07-10T10:48:37.252+0200: 119.833: [GC (Allocation Failure) 119.833: [ParNew: 19614K->2148K(19648K), 0.0099788 secs] 47482K->35941K(63360K), 0.0103828 secs] [Times: user=0.00 sys=0.00, real=0.01 secs] 
2014-07-10T10:48:37.299+0200: 119.880: [GC (Allocation Failure) 119.880: [ParNew: 19619K->934K(19648K), 0.0011868 secs] 53413K->34729K(63360K), 0.0013393 secs] [Times: user=0.00 sys=0.00, real=0.00 secs] 
2014-07-10T10:48:37.396+0200: 119.977: [GC (Allocation Failure) 119.977: [ParNew: 18402K->967K(19648K), 0.0007666 secs] 52198K->34763K(63360K), 0.0008832 secs] [Times: user=0.00 sys=0.00, real=0.00 secs] 
2014-07-10T10:48:37.455+0200: 120.036: [GC (Allocation Failure) 120.036: [ParNew: 18434K->2026K(19648K), 0.0013565 secs] 52229K->35821K(63360K), 0.0014988 secs] [Times: user=0.00 sys=0.00, real=0.00 secs] 
2014-07-10T10:48:37.546+0200: 120.128: [GC (Allocation Failure) 120.128: [ParNew: 19492K->2150K(19648K), 0.0020505 secs] 53288K->36882K(63360K), 0.0022822 secs] [Times: user=0.03 sys=0.00, real=0.00 secs] 
Heap
 par new generation   total 19648K, used 17862K [0x00000000fc000000, 0x00000000fd550000, 0x00000000fd550000)
  eden space 17472K,  89% used [0x00000000fc000000, 0x00000000fcf58320, 0x00000000fd110000)
  from space 2176K,  98% used [0x00000000fd110000, 0x00000000fd329840, 0x00000000fd330000)
  to   space 2176K,   0% used [0x00000000fd330000, 0x00000000fd330000, 0x00000000fd550000)
 concurrent mark-sweep generation total 43712K, used 34732K [0x00000000fd550000, 0x0000000100000000, 0x0000000100000000)
 Metaspace       used 2463K, capacity 4490K, committed 4864K, reserved 1056768K
  class space    used 269K, capacity 386K, committed 512K, reserved 1048576K
