Java HotSpot(TM) 64-Bit Server VM (25.5-b02) for windows-amd64 JRE (1.8.0_05-b13), built on Mar 18 2014 01:08:39 by "java_re" with MS VC++ 10.0 (VS2010)
Memory: 4k page, physical 8376184k(4490768k free), swap 16750504k(10207824k free)
CommandLine flags: -XX:InitialHeapSize=134018944 -XX:MaxHeapSize=134217728 -XX:MaxNewSize=44740608 -XX:MaxTenuringThreshold=6 -XX:OldPLABSize=16 -XX:+PrintGC -XX:+PrintGCDateStamps -XX:+PrintGCDetails -XX:+PrintGCTimeStamps -XX:+UseCompressedClassPointers -XX:+UseCompressedOops -XX:+UseConcMarkSweepGC -XX:-UseLargePagesIndividualAllocation -XX:+UseParNewGC 
2014-07-09T16:25:23.338+0200: 0.309: [GC (Allocation Failure) 0.309: [ParNew: 1017K->128K(1152K), 0.0043035 secs] 1017K->770K(88576K), 0.0045238 secs] [Times: user=0.02 sys=0.00, real=0.00 secs] 
2014-07-09T16:25:23.343+0200: 0.314: [GC (Allocation Failure) 0.314: [ParNew: 1130K->96K(1152K), 0.0173865 secs] 1773K->1763K(88576K), 0.0174686 secs] [Times: user=0.00 sys=0.00, real=0.02 secs] 
2014-07-09T16:25:23.361+0200: 0.332: [GC (Allocation Failure) 0.332: [ParNew: 1095K->96K(1152K), 0.0010203 secs] 2762K->2755K(88576K), 0.0010687 secs] [Times: user=0.00 sys=0.00, real=0.00 secs] 
2014-07-09T16:25:23.362+0200: 0.333: [GC (Allocation Failure) 0.333: [ParNew: 1093K->96K(1152K), 0.0009485 secs] 3752K->3748K(88576K), 0.0010038 secs] [Times: user=0.00 sys=0.00, real=0.00 secs] 
2014-07-09T16:25:23.364+0200: 0.334: [GC (Allocation Failure) 0.334: [ParNew: 1091K->96K(1152K), 0.0008689 secs] 4743K->4740K(88576K), 0.0009100 secs] [Times: user=0.00 sys=0.00, real=0.00 secs] 
2014-07-09T16:25:23.365+0200: 0.335: [GC (Allocation Failure) 0.335: [ParNew: 1090K->96K(1152K), 0.0020032 secs] 5735K->5733K(88576K), 0.0020667 secs] [Times: user=0.00 sys=0.00, real=0.00 secs] 
2014-07-09T16:25:23.367+0200: 0.338: [GC (Allocation Failure) 0.338: [ParNew: 1090K->96K(1152K), 0.0011681 secs] 6727K->6725K(88576K), 0.0012238 secs] [Times: user=0.00 sys=0.00, real=0.00 secs] 
2014-07-09T16:25:23.369+0200: 0.340: [GC (Allocation Failure) 0.340: [ParNew: 1090K->96K(1152K), 0.0009939 secs] 7720K->7718K(88576K), 0.0010412 secs] [Times: user=0.00 sys=0.00, real=0.00 secs] 
2014-07-09T16:25:23.387+0200: 0.357: [GC (Allocation Failure) 0.357: [ParNew: 1092K->99K(1152K), 0.0010819 secs] 8714K->7849K(88576K), 0.0011387 secs] [Times: user=0.00 sys=0.02, real=0.00 secs] 
2014-07-09T16:25:23.388+0200: 0.359: [GC (Allocation Failure) 0.359: [ParNew: 1093K->96K(1152K), 0.0012616 secs] 8843K->8840K(88576K), 0.0013070 secs] [Times: user=0.00 sys=0.00, real=0.00 secs] 
2014-07-09T16:25:23.390+0200: 0.360: [GC (Allocation Failure) 0.361: [ParNew: 1090K->96K(1152K), 0.0014144 secs] 9834K->9832K(88576K), 0.0014570 secs] [Times: user=0.00 sys=0.00, real=0.00 secs] 
2014-07-09T16:25:23.392+0200: 0.362: [GC (Allocation Failure) 0.362: [ParNew: 1090K->96K(1152K), 0.0020571 secs] 10827K->10825K(88576K), 0.0021517 secs] [Times: user=0.00 sys=0.00, real=0.00 secs] 
2014-07-09T16:25:23.394+0200: 0.365: [GC (Allocation Failure) 0.365: [ParNew: 1090K->96K(1152K), 0.0014419 secs] 11819K->11817K(88576K), 0.0014947 secs] [Times: user=0.00 sys=0.00, real=0.00 secs] 
2014-07-09T16:25:23.396+0200: 0.366: [GC (Allocation Failure) 0.366: [ParNew: 1090K->96K(1152K), 0.0011164 secs] 12812K->12810K(88576K), 0.0011644 secs] [Times: user=0.00 sys=0.00, real=0.00 secs] 
2014-07-09T16:25:23.399+0200: 0.370: [GC (Allocation Failure) 0.370: [ParNew: 1090K->96K(1152K), 0.0044464 secs] 13804K->13802K(88576K), 0.0045220 secs] [Times: user=0.02 sys=0.00, real=0.01 secs] 
2014-07-09T16:25:23.405+0200: 0.375: [GC (Allocation Failure) 0.375: [ParNew: 1090K->96K(1152K), 0.0011303 secs] 14796K->14794K(88576K), 0.0011879 secs] [Times: user=0.00 sys=0.00, real=0.00 secs] 
2014-07-09T16:25:23.406+0200: 0.377: [GC (Allocation Failure) 0.377: [ParNew: 1090K->96K(1152K), 0.0011281 secs] 15789K->15787K(88576K), 0.0011802 secs] [Times: user=0.00 sys=0.00, real=0.00 secs] 
2014-07-09T16:25:23.408+0200: 0.378: [GC (Allocation Failure) 0.378: [ParNew: 1091K->99K(1152K), 0.0009675 secs] 16783K->16654K(88576K), 0.0010163 secs] [Times: user=0.00 sys=0.00, real=0.00 secs] 
2014-07-09T16:25:23.409+0200: 0.380: [GC (Allocation Failure) 0.380: [ParNew: 1093K->96K(1152K), 0.0009034 secs] 17649K->17645K(88576K), 0.0009518 secs] [Times: user=0.00 sys=0.00, real=0.00 secs] 
2014-07-09T16:25:23.411+0200: 0.381: [GC (Allocation Failure) 0.381: [ParNew: 1090K->96K(1152K), 0.0009690 secs] 18639K->18637K(88576K), 0.0010181 secs] [Times: user=0.00 sys=0.00, real=0.00 secs] 
2014-07-09T16:25:23.412+0200: 0.382: [GC (Allocation Failure) 0.382: [ParNew: 1090K->96K(1152K), 0.0009639 secs] 19632K->19630K(88576K), 0.0010247 secs] [Times: user=0.00 sys=0.00, real=0.00 secs] 
2014-07-09T16:25:23.413+0200: 0.384: [GC (Allocation Failure) 0.384: [ParNew: 1090K->96K(1152K), 0.0015149 secs] 20624K->20622K(88576K), 0.0015622 secs] [Times: user=0.00 sys=0.00, real=0.00 secs] 
2014-07-09T16:25:23.415+0200: 0.385: [GC (Allocation Failure) 0.386: [ParNew: 1090K->96K(1152K), 0.0047918 secs] 21617K->21615K(88576K), 0.0048442 secs] [Times: user=0.02 sys=0.00, real=0.01 secs] 
2014-07-09T16:25:23.420+0200: 0.391: [GC (Allocation Failure) 0.391: [ParNew: 1090K->96K(1152K), 0.0011904 secs] 22609K->22607K(88576K), 0.0012381 secs] [Times: user=0.00 sys=0.00, real=0.00 secs] 
2014-07-09T16:25:23.422+0200: 0.392: [GC (Allocation Failure) 0.392: [ParNew: 1090K->96K(1152K), 0.0031537 secs] 23602K->23600K(88576K), 0.0032138 secs] [Times: user=0.00 sys=0.00, real=0.00 secs] 
2014-07-09T16:25:23.437+0200: 0.407: [GC (Allocation Failure) 0.408: [ParNew: 1092K->99K(1152K), 0.0016593 secs] 24596K->24211K(88576K), 0.0017257 secs] [Times: user=0.00 sys=0.00, real=0.00 secs] 
2014-07-09T16:25:23.439+0200: 0.410: [GC (Allocation Failure) 0.410: [ParNew: 1093K->96K(1152K), 0.0021356 secs] 25206K->25202K(88576K), 0.0021844 secs] [Times: user=0.00 sys=0.00, real=0.00 secs] 
2014-07-09T16:25:23.441+0200: 0.412: [GC (Allocation Failure) 0.412: [ParNew: 1090K->96K(1152K), 0.0012260 secs] 26196K->26194K(88576K), 0.0012689 secs] [Times: user=0.00 sys=0.00, real=0.00 secs] 
2014-07-09T16:25:23.443+0200: 0.413: [GC (Allocation Failure) 0.414: [ParNew: 1090K->96K(1152K), 0.0064152 secs] 27189K->27187K(88576K), 0.0064739 secs] [Times: user=0.00 sys=0.00, real=0.01 secs] 
2014-07-09T16:25:23.450+0200: 0.420: [GC (Allocation Failure) 0.421: [ParNew: 1090K->96K(1152K), 0.0062946 secs] 28181K->28179K(88576K), 0.0063712 secs] [Times: user=0.00 sys=0.00, real=0.01 secs] 
2014-07-09T16:25:23.457+0200: 0.427: [GC (Allocation Failure) 0.427: [ParNew: 1090K->96K(1152K), 0.0016260 secs] 29174K->29172K(88576K), 0.0016766 secs] [Times: user=0.00 sys=0.00, real=0.00 secs] 
2014-07-09T16:25:23.459+0200: 0.429: [GC (Allocation Failure) 0.429: [ParNew: 1090K->96K(1152K), 0.0043610 secs] 30166K->30164K(88576K), 0.0044083 secs] [Times: user=0.00 sys=0.00, real=0.00 secs] 
2014-07-09T16:25:23.464+0200: 0.434: [GC (Allocation Failure) 0.434: [ParNew: 1090K->96K(1152K), 0.0013690 secs] 31159K->31157K(88576K), 0.0014199 secs] [Times: user=0.00 sys=0.00, real=0.00 secs] 
2014-07-09T16:25:23.493+0200: 0.463: [GC (Allocation Failure) 0.463: [ParNew: 1090K->99K(1152K), 0.0008011 secs] 32151K->31512K(88576K), 0.0008788 secs] [Times: user=0.00 sys=0.00, real=0.00 secs] 
2014-07-09T16:25:23.494+0200: 0.464: [GC (Allocation Failure) 0.464: [ParNew: 1093K->96K(1152K), 0.0010478 secs] 32506K->32502K(88576K), 0.0010914 secs] [Times: user=0.00 sys=0.00, real=0.00 secs] 
2014-07-09T16:25:23.495+0200: 0.466: [GC (Allocation Failure) 0.466: [ParNew: 1090K->96K(1152K), 0.0016652 secs] 33497K->33495K(88576K), 0.0017118 secs] [Times: user=0.02 sys=0.00, real=0.00 secs] 
2014-07-09T16:25:23.497+0200: 0.468: [GC (Allocation Failure) 0.468: [ParNew: 1090K->96K(1152K), 0.0044853 secs] 34489K->34487K(88576K), 0.0045564 secs] [Times: user=0.00 sys=0.00, real=0.01 secs] 
2014-07-09T16:25:23.502+0200: 0.473: [GC (Allocation Failure) 0.473: [ParNew: 1090K->96K(1152K), 0.0012539 secs] 35482K->35480K(88576K), 0.0013169 secs] [Times: user=0.00 sys=0.00, real=0.00 secs] 
2014-07-09T16:25:23.504+0200: 0.474: [GC (Allocation Failure) 0.474: [ParNew: 1090K->96K(1152K), 0.0014185 secs] 36474K->36472K(88576K), 0.0014760 secs] [Times: user=0.00 sys=0.00, real=0.00 secs] 
2014-07-09T16:25:23.506+0200: 0.477: [GC (Allocation Failure) 0.477: [ParNew: 1090K->96K(1152K), 0.0011222 secs] 37467K->37465K(88576K), 0.0011758 secs] [Times: user=0.00 sys=0.00, real=0.00 secs] 
2014-07-09T16:25:23.511+0200: 0.482: [GC (Allocation Failure) 0.482: [ParNew: 1090K->96K(1152K), 0.0022210 secs] 38459K->38457K(88576K), 0.0022771 secs] [Times: user=0.00 sys=0.00, real=0.00 secs] 
2014-07-09T16:25:23.514+0200: 0.485: [GC (Allocation Failure) 0.485: [ParNew: 1090K->99K(1152K), 0.0009983 secs] 39452K->38556K(88576K), 0.0010438 secs] [Times: user=0.00 sys=0.00, real=0.00 secs] 
2014-07-09T16:25:23.516+0200: 0.486: [GC (Allocation Failure) 0.486: [ParNew: 1093K->96K(1152K), 0.0014621 secs] 39551K->39547K(88576K), 0.0015116 secs] [Times: user=0.00 sys=0.00, real=0.00 secs] 
2014-07-09T16:25:23.518+0200: 0.489: [GC (Allocation Failure) 0.489: [ParNew: 1090K->96K(1152K), 0.0013221 secs] 40541K->40539K(88576K), 0.0013682 secs] [Times: user=0.00 sys=0.00, real=0.00 secs] 
2014-07-09T16:25:23.520+0200: 0.490: [GC (Allocation Failure) 0.490: [ParNew: 1090K->96K(1152K), 0.0016106 secs] 41534K->41532K(88576K), 0.0016582 secs] [Times: user=0.00 sys=0.00, real=0.00 secs] 
2014-07-09T16:25:23.522+0200: 0.492: [GC (Allocation Failure) 0.492: [ParNew: 1090K->96K(1152K), 0.0019098 secs] 42526K->42524K(88576K), 0.0019622 secs] [Times: user=0.00 sys=0.00, real=0.00 secs] 
2014-07-09T16:25:23.524+0200: 0.494: [GC (Allocation Failure) 0.494: [ParNew: 1090K->96K(1152K), 0.0088932 secs] 43519K->43517K(88576K), 0.0089647 secs] [Times: user=0.02 sys=0.00, real=0.01 secs] 
2014-07-09T16:25:23.533+0200: 0.504: [GC (Allocation Failure) 0.504: [ParNew: 1090K->96K(1152K), 0.0056860 secs] 44511K->44509K(88576K), 0.0057700 secs] [Times: user=0.00 sys=0.00, real=0.01 secs] 
2014-07-09T16:25:23.539+0200: 0.510: [GC (CMS Initial Mark) [1 CMS-initial-mark: 44413K(87424K)] 44541K(88576K), 0.0001657 secs] [Times: user=0.00 sys=0.00, real=0.00 secs] 
2014-07-09T16:25:23.540+0200: 0.510: [CMS-concurrent-mark-start]
2014-07-09T16:25:23.540+0200: 0.511: [GC (Allocation Failure) 0.511: [ParNew: 1090K->96K(1152K), 0.0009712 secs] 45504K->45502K(88576K), 0.0010163 secs] [Times: user=0.00 sys=0.00, real=0.00 secs] 
2014-07-09T16:25:23.542+0200: 0.512: [GC (Allocation Failure) 0.512: [ParNew: 1090K->96K(1152K), 0.0010592 secs] 46496K->46494K(88576K), 0.0011028 secs] [Times: user=0.00 sys=0.00, real=0.00 secs] 
2014-07-09T16:25:23.543+0200: 0.514: [CMS-concurrent-mark: 0.001/0.004 secs] [Times: user=0.00 sys=0.00, real=0.00 secs] 
2014-07-09T16:25:23.543+0200: 0.514: [CMS-concurrent-preclean-start]
2014-07-09T16:25:23.544+0200: 0.514: [CMS-concurrent-preclean: 0.000/0.000 secs] [Times: user=0.01 sys=0.00, real=0.00 secs] 
2014-07-09T16:25:23.544+0200: 0.514: [GC (Allocation Failure) 0.514: [ParNew: 1090K->99K(1152K), 0.0010713 secs] 47489K->47330K(88576K), 0.0011156 secs] [Times: user=0.00 sys=0.00, real=0.00 secs] 
2014-07-09T16:25:23.545+0200: 0.516: [GC (Allocation Failure) 0.516: [ParNew: 1093K->96K(1152K), 0.0009151 secs] 48324K->48320K(88576K), 0.0009558 secs] [Times: user=0.00 sys=0.00, real=0.00 secs] 
2014-07-09T16:25:23.546+0200: 0.517: [GC (Allocation Failure) 0.517: [ParNew: 1090K->96K(1152K), 0.0020256 secs] 49315K->49313K(88576K), 0.0020802 secs] [Times: user=0.00 sys=0.00, real=0.00 secs] 
2014-07-09T16:25:23.549+0200: 0.519: [GC (CMS Final Remark) [YG occupancy: 128 K (1152 K)]0.519: [Rescan (parallel) , 0.0002141 secs]0.520: [weak refs processing, 0.0000293 secs]0.520: [class unloading, 0.0003824 secs]0.520: [scrub symbol table, 0.0005727 secs]0.521: [scrub string table, 0.0001628 secs][1 CMS-remark: 49217K(87424K)] 49345K(88576K), 0.0014658 secs] [Times: user=0.00 sys=0.00, real=0.00 secs] 
2014-07-09T16:25:23.551+0200: 0.521: [CMS-concurrent-sweep-start]
2014-07-09T16:25:23.551+0200: 0.521: [GC (Allocation Failure) 0.521: [ParNew: 1111K->100K(1152K), 0.0010068 secs] 49911K->49892K(88576K), 0.0010518 secs] [Times: user=0.00 sys=0.00, real=0.00 secs] 
2014-07-09T16:25:23.552+0200: 0.523: [GC (Allocation Failure) 0.523: [ParNew: 1094K->96K(1152K), 0.0008795 secs] 47461K->47455K(88576K), 0.0009290 secs] [Times: user=0.00 sys=0.00, real=0.00 secs] 
2014-07-09T16:25:23.553+0200: 0.524: [GC (Allocation Failure) 0.524: [ParNew: 1090K->96K(1152K), 0.0007963 secs] 18067K->18065K(88576K), 0.0008377 secs] [Times: user=0.00 sys=0.00, real=0.00 secs] 
2014-07-09T16:25:23.554+0200: 0.525: [GC (Allocation Failure) 0.525: [ParNew: 1090K->96K(1152K), 0.0013180 secs] 19059K->19057K(88576K), 0.0013752 secs] [Times: user=0.00 sys=0.00, real=0.00 secs] 
2014-07-09T16:25:23.556+0200: 0.527: [CMS-concurrent-sweep: 0.001/0.005 secs] [Times: user=0.00 sys=0.00, real=0.00 secs] 
2014-07-09T16:25:23.556+0200: 0.527: [CMS-concurrent-reset-start]
2014-07-09T16:25:23.557+0200: 0.528: [GC (Allocation Failure) 0.528: [ParNew: 1090K->96K(1152K), 0.0007835 secs] 16210K->16208K(88576K), 0.0008278 secs] [Times: user=0.00 sys=0.00, real=0.00 secs] 
2014-07-09T16:25:23.558+0200: 0.529: [CMS-concurrent-reset: 0.001/0.002 secs] [Times: user=0.00 sys=0.00, real=0.00 secs] 
2014-07-09T16:25:23.558+0200: 0.529: [GC (Allocation Failure) 0.529: [ParNew: 1117K->122K(1152K), 0.0005881 secs] 17229K->16811K(88576K), 0.0006251 secs] [Times: user=0.00 sys=0.00, real=0.00 secs] 
2014-07-09T16:25:23.587+0200: 0.557: [GC (Allocation Failure) 0.557: [ParNew: 1127K->99K(1152K), 0.0016044 secs] 17816K->17365K(88576K), 0.0016802 secs] [Times: user=0.00 sys=0.00, real=0.00 secs] 
2014-07-09T16:25:23.589+0200: 0.559: [GC (Allocation Failure) 0.559: [ParNew: 1093K->96K(1152K), 0.0008205 secs] 18359K->18355K(88576K), 0.0008605 secs] [Times: user=0.00 sys=0.00, real=0.00 secs] 
2014-07-09T16:25:23.590+0200: 0.561: [GC (Allocation Failure) 0.561: [ParNew: 1090K->96K(1152K), 0.0058312 secs] 19350K->19348K(88576K), 0.0058917 secs] [Times: user=0.02 sys=0.00, real=0.01 secs] 
2014-07-09T16:25:23.597+0200: 0.567: [GC (Allocation Failure) 0.567: [ParNew: 1090K->96K(1152K), 0.0053810 secs] 20342K->20340K(88576K), 0.0054477 secs] [Times: user=0.00 sys=0.00, real=0.01 secs] 
2014-07-09T16:25:23.603+0200: 0.574: [GC (Allocation Failure) 0.574: [ParNew: 1090K->96K(1152K), 0.0063074 secs] 21335K->21333K(88576K), 0.0063786 secs] [Times: user=0.00 sys=0.00, real=0.01 secs] 
2014-07-09T16:25:23.610+0200: 0.581: [GC (Allocation Failure) 0.581: [ParNew: 1090K->96K(1152K), 0.0122691 secs] 22327K->22325K(88576K), 0.0123410 secs] [Times: user=0.00 sys=0.00, real=0.01 secs] 
2014-07-09T16:25:23.623+0200: 0.594: [GC (Allocation Failure) 0.594: [ParNew: 1090K->96K(1152K), 0.0067419 secs] 23320K->23318K(88576K), 0.0068251 secs] [Times: user=0.00 sys=0.00, real=0.01 secs] 
2014-07-09T16:25:23.630+0200: 0.601: [GC (Allocation Failure) 0.601: [ParNew: 1090K->96K(1152K), 0.0065593 secs] 24312K->24310K(88576K), 0.0066264 secs] [Times: user=0.00 sys=0.00, real=0.01 secs] 
2014-07-09T16:25:23.638+0200: 0.608: [GC (Allocation Failure) 0.608: [ParNew: 1090K->99K(1152K), 0.0058169 secs] 25305K->24633K(88576K), 0.0058763 secs] [Times: user=0.00 sys=0.00, real=0.00 secs] 
2014-07-09T16:25:23.644+0200: 0.614: [GC (Allocation Failure) 0.614: [ParNew: 1093K->96K(1152K), 0.0061875 secs] 25628K->25624K(88576K), 0.0062506 secs] [Times: user=0.00 sys=0.00, real=0.01 secs] 
2014-07-09T16:25:23.656+0200: 0.627: [GC (Allocation Failure) 0.627: [ParNew: 1090K->96K(1152K), 0.0011622 secs] 26618K->26616K(88576K), 0.0013250 secs] [Times: user=0.00 sys=0.00, real=0.00 secs] 
2014-07-09T16:25:23.658+0200: 0.629: [GC (Allocation Failure) 0.629: [ParNew: 1090K->96K(1152K), 0.0061868 secs] 27611K->27609K(88576K), 0.0064291 secs] [Times: user=0.00 sys=0.00, real=0.01 secs] 
2014-07-09T16:25:23.665+0200: 0.636: [GC (Allocation Failure) 0.636: [ParNew: 1090K->96K(1152K), 0.0015831 secs] 28603K->28601K(88576K), 0.0016344 secs] [Times: user=0.00 sys=0.00, real=0.00 secs] 
2014-07-09T16:25:23.667+0200: 0.637: [GC (Allocation Failure) 0.637: [ParNew: 1090K->96K(1152K), 0.0053344 secs] 29596K->29594K(88576K), 0.0054158 secs] [Times: user=0.01 sys=0.00, real=0.00 secs] 
2014-07-09T16:25:23.673+0200: 0.643: [GC (Allocation Failure) 0.643: [ParNew: 1090K->96K(1152K), 0.0007908 secs] 30588K->30586K(88576K), 0.0008359 secs] [Times: user=0.00 sys=0.00, real=0.00 secs] 
2014-07-09T16:25:23.674+0200: 0.644: [GC (Allocation Failure) 0.645: [ParNew: 1090K->96K(1152K), 0.0006896 secs] 31581K->31579K(88576K), 0.0007311 secs] [Times: user=0.00 sys=0.00, real=0.00 secs] 
2014-07-09T16:25:23.675+0200: 0.646: [GC (Allocation Failure) 0.646: [ParNew: 1090K->99K(1152K), 0.0052732 secs] 32573K->31646K(88576K), 0.0053201 secs] [Times: user=0.00 sys=0.00, real=0.01 secs] 
2014-07-09T16:25:23.681+0200: 0.652: [GC (Allocation Failure) 0.652: [ParNew: 1093K->96K(1152K), 0.0008502 secs] 32640K->32636K(88576K), 0.0009023 secs] [Times: user=0.00 sys=0.00, real=0.00 secs] 
2014-07-09T16:25:23.682+0200: 0.653: [GC (Allocation Failure) 0.653: [ParNew: 1090K->96K(1152K), 0.0006970 secs] 33631K->33629K(88576K), 0.0007395 secs] [Times: user=0.00 sys=0.00, real=0.00 secs] 
2014-07-09T16:25:23.683+0200: 0.654: [GC (Allocation Failure) 0.654: [ParNew: 1090K->96K(1152K), 0.0021173 secs] 34623K->34621K(88576K), 0.0021737 secs] [Times: user=0.00 sys=0.00, real=0.00 secs] 
2014-07-09T16:25:23.686+0200: 0.656: [GC (Allocation Failure) 0.657: [ParNew: 1090K->96K(1152K), 0.0010940 secs] 35616K->35614K(88576K), 0.0011391 secs] [Times: user=0.00 sys=0.00, real=0.00 secs] 
2014-07-09T16:25:23.687+0200: 0.658: [GC (Allocation Failure) 0.658: [ParNew: 1090K->96K(1152K), 0.0055415 secs] 36608K->36606K(88576K), 0.0056028 secs] [Times: user=0.00 sys=0.00, real=0.01 secs] 
2014-07-09T16:25:23.693+0200: 0.664: [GC (Allocation Failure) 0.664: [ParNew: 1090K->96K(1152K), 0.0008161 secs] 37601K->37599K(88576K), 0.0008616 secs] [Times: user=0.00 sys=0.00, real=0.00 secs] 
2014-07-09T16:25:23.695+0200: 0.665: [GC (Allocation Failure) 0.665: [ParNew: 1090K->96K(1152K), 0.0007259 secs] 38593K->38591K(88576K), 0.0008667 secs] [Times: user=0.00 sys=0.00, real=0.00 secs] 
2014-07-09T16:25:23.697+0200: 0.668: [GC (Allocation Failure) 0.668: [ParNew: 1090K->96K(1152K), 0.0014768 secs] 39586K->39584K(88576K), 0.0015285 secs] [Times: user=0.00 sys=0.00, real=0.00 secs] 
2014-07-09T16:25:23.699+0200: 0.670: [GC (Allocation Failure) 0.670: [ParNew: 1090K->99K(1152K), 0.0032978 secs] 40578K->40387K(88576K), 0.0033488 secs] [Times: user=0.02 sys=0.00, real=0.00 secs] 
2014-07-09T16:25:23.703+0200: 0.674: [GC (Allocation Failure) 0.674: [ParNew: 1093K->96K(1152K), 0.0008073 secs] 41382K->41378K(88576K), 0.0008546 secs] [Times: user=0.00 sys=0.00, real=0.00 secs] 
2014-07-09T16:25:23.704+0200: 0.675: [GC (Allocation Failure) 0.675: [ParNew: 1090K->96K(1152K), 0.0066587 secs] 42372K->42370K(88576K), 0.0067202 secs] [Times: user=0.00 sys=0.00, real=0.01 secs] 
2014-07-09T16:25:23.711+0200: 0.682: [GC (Allocation Failure) 0.682: [ParNew: 1090K->96K(1152K), 0.0008469 secs] 43365K->43363K(88576K), 0.0008927 secs] [Times: user=0.00 sys=0.00, real=0.00 secs] 
2014-07-09T16:25:23.712+0200: 0.683: [GC (Allocation Failure) 0.683: [ParNew: 1090K->96K(1152K), 0.0070172 secs] 44357K->44355K(88576K), 0.0070913 secs] [Times: user=0.02 sys=0.00, real=0.01 secs] 
2014-07-09T16:25:23.720+0200: 0.691: [GC (Allocation Failure) 0.691: [ParNew: 1090K->96K(1152K), 0.0013092 secs] 45349K->45347K(88576K), 0.0013624 secs] [Times: user=0.00 sys=0.00, real=0.00 secs] 
2014-07-09T16:25:23.722+0200: 0.692: [GC (Allocation Failure) 0.692: [ParNew: 1090K->96K(1152K), 0.0024260 secs] 46342K->46340K(88576K), 0.0024788 secs] [Times: user=0.00 sys=0.00, real=0.00 secs] 
2014-07-09T16:25:23.725+0200: 0.695: [GC (Allocation Failure) 0.695: [ParNew: 1090K->96K(1152K), 0.0010925 secs] 47334K->47332K(88576K), 0.0011347 secs] [Times: user=0.00 sys=0.00, real=0.00 secs] 
2014-07-09T16:25:23.726+0200: 0.697: [GC (Allocation Failure) 0.697: [ParNew: 1090K->99K(1152K), 0.0008187 secs] 48327K->47880K(88576K), 0.0008568 secs] [Times: user=0.00 sys=0.00, real=0.00 secs] 
2014-07-09T16:25:23.727+0200: 0.698: [GC (Allocation Failure) 0.698: [ParNew: 1093K->96K(1152K), 0.0014900 secs] 48874K->48870K(88576K), 0.0015490 secs] [Times: user=0.00 sys=0.00, real=0.00 secs] 
2014-07-09T16:25:23.729+0200: 0.700: [GC (Allocation Failure) 0.700: [ParNew: 1090K->96K(1152K), 0.0008432 secs] 49865K->49863K(88576K), 0.0008850 secs] [Times: user=0.00 sys=0.00, real=0.00 secs] 
2014-07-09T16:25:23.730+0200: 0.701: [GC (Allocation Failure) 0.701: [ParNew: 1090K->96K(1152K), 0.0015761 secs] 50857K->50855K(88576K), 0.0016242 secs] [Times: user=0.01 sys=0.00, real=0.00 secs] 
2014-07-09T16:25:23.733+0200: 0.703: [GC (Allocation Failure) 0.703: [ParNew: 1090K->96K(1152K), 0.0014610 secs] 51850K->51848K(88576K), 0.0015039 secs] [Times: user=0.00 sys=0.00, real=0.00 secs] 
2014-07-09T16:25:23.735+0200: 0.706: [GC (Allocation Failure) 0.706: [ParNew: 1090K->96K(1152K), 0.0013400 secs] 52842K->52840K(88576K), 0.0013847 secs] [Times: user=0.00 sys=0.00, real=0.00 secs] 
2014-07-09T16:25:23.737+0200: 0.707: [GC (Allocation Failure) 0.707: [ParNew: 1090K->96K(1152K), 0.0021239 secs] 53835K->53833K(88576K), 0.0021840 secs] [Times: user=0.00 sys=0.00, real=0.00 secs] 
2014-07-09T16:25:23.739+0200: 0.710: [GC (Allocation Failure) 0.710: [ParNew: 1090K->96K(1152K), 0.0016549 secs] 54827K->54825K(88576K), 0.0017011 secs] [Times: user=0.00 sys=0.00, real=0.00 secs] 
2014-07-09T16:25:23.741+0200: 0.712: [GC (Allocation Failure) 0.712: [ParNew: 1090K->99K(1152K), 0.0046147 secs] 55820K->55116K(88576K), 0.0046671 secs] [Times: user=0.00 sys=0.00, real=0.01 secs] 
2014-07-09T16:25:23.747+0200: 0.717: [GC (Allocation Failure) 0.717: [ParNew: 1093K->96K(1152K), 0.0013917 secs] 56111K->56107K(88576K), 0.0014419 secs] [Times: user=0.00 sys=0.00, real=0.00 secs] 
2014-07-09T16:25:23.748+0200: 0.719: [GC (Allocation Failure) 0.719: [ParNew: 1090K->96K(1152K), 0.0011453 secs] 57101K->57099K(88576K), 0.0011875 secs] [Times: user=0.00 sys=0.00, real=0.00 secs] 
2014-07-09T16:25:23.751+0200: 0.721: [GC (Allocation Failure) 0.722: [ParNew: 1090K->96K(1152K), 0.0053582 secs] 58094K->58092K(88576K), 0.0054173 secs] [Times: user=0.00 sys=0.00, real=0.01 secs] 
2014-07-09T16:25:23.757+0200: 0.727: [GC (Allocation Failure) 0.727: [ParNew: 1090K->96K(1152K), 0.0067261 secs] 59086K->59084K(88576K), 0.0067862 secs] [Times: user=0.01 sys=0.00, real=0.01 secs] 
2014-07-09T16:25:23.773+0200: 0.744: [GC (Allocation Failure) 0.744: [ParNew: 1090K->96K(1152K), 0.0043368 secs] 60079K->60077K(88576K), 0.0044336 secs] [Times: user=0.00 sys=0.00, real=0.01 secs] 
2014-07-09T16:25:23.778+0200: 0.748: [GC (Allocation Failure) 0.749: [ParNew: 1090K->96K(1152K), 0.0011681 secs] 61071K->61069K(88576K), 0.0012161 secs] [Times: user=0.00 sys=0.00, real=0.00 secs] 
2014-07-09T16:25:23.779+0200: 0.750: [GC (Allocation Failure) 0.750: [ParNew: 1090K->96K(1152K), 0.0013089 secs] 62064K->62062K(88576K), 0.0013517 secs] [Times: user=0.00 sys=0.00, real=0.00 secs] 
2014-07-09T16:25:23.787+0200: 0.757: [GC (Allocation Failure) 0.757: [ParNew: 1090K->99K(1152K), 0.0049351 secs] 63056K->62097K(88576K), 0.0049971 secs] [Times: user=0.00 sys=0.00, real=0.01 secs] 
2014-07-09T16:25:23.792+0200: 0.763: [GC (Allocation Failure) 0.763: [ParNew: 1093K->96K(1152K), 0.0011923 secs] 63091K->63087K(88576K), 0.0012414 secs] [Times: user=0.02 sys=0.02, real=0.00 secs] 
2014-07-09T16:25:23.794+0200: 0.764: [GC (Allocation Failure) 0.764: [ParNew: 1090K->96K(1152K), 0.0010595 secs] 64082K->64080K(88576K), 0.0010991 secs] [Times: user=0.00 sys=0.00, real=0.00 secs] 
2014-07-09T16:25:23.795+0200: 0.766: [GC (Allocation Failure) 0.766: [ParNew: 1090K->96K(1152K), 0.0011285 secs] 65074K->65072K(88576K), 0.0011820 secs] [Times: user=0.00 sys=0.00, real=0.00 secs] 
2014-07-09T16:25:23.797+0200: 0.768: [GC (Allocation Failure) 0.768: [ParNew: 1090K->96K(1152K), 0.0011109 secs] 66067K->66065K(88576K), 0.0011556 secs] [Times: user=0.00 sys=0.00, real=0.00 secs] 
2014-07-09T16:25:23.799+0200: 0.770: [GC (Allocation Failure) 0.770: [ParNew: 1090K->96K(1152K), 0.0062396 secs] 67059K->67057K(88576K), 0.0063170 secs] [Times: user=0.00 sys=0.00, real=0.01 secs] 
2014-07-09T16:25:23.806+0200: 0.777: [GC (Allocation Failure) 0.777: [ParNew: 1090K->96K(1152K), 0.0060057 secs] 68052K->68050K(88576K), 0.0061109 secs] [Times: user=0.00 sys=0.00, real=0.01 secs] 
2014-07-09T16:25:23.813+0200: 0.784: [GC (Allocation Failure) 0.784: [ParNew: 1090K->96K(1152K), 0.0064893 secs] 69044K->69042K(88576K), 0.0065754 secs] [Times: user=0.00 sys=0.00, real=0.01 secs] 
2014-07-09T16:25:23.820+0200: 0.791: [GC (Allocation Failure) 0.791: [ParNew: 1090K->96K(1152K), 0.0067173 secs] 70037K->70035K(88576K), 0.0068016 secs] [Times: user=0.00 sys=0.02, real=0.01 secs] 
2014-07-09T16:25:23.827+0200: 0.798: [GC (Allocation Failure) 0.798: [ParNew: 1119K->122K(1152K), 0.0067265 secs] 71058K->70831K(88576K), 0.0068163 secs] [Times: user=0.00 sys=0.00, real=0.01 secs] 
2014-07-09T16:25:23.836+0200: 0.806: [GC (Allocation Failure) 0.806: [ParNew: 1133K->101K(1152K), 0.0010489 secs] 71841K->71066K(88576K), 0.0011523 secs] [Times: user=0.00 sys=0.00, real=0.00 secs] 
2014-07-09T16:25:23.838+0200: 0.808: [GC (Allocation Failure) 0.808: [ParNew: 1095K->96K(1152K), 0.0013598 secs] 72060K->72055K(88576K), 0.0014262 secs] [Times: user=0.00 sys=0.00, real=0.00 secs] 
2014-07-09T16:25:23.839+0200: 0.810: [GC (Allocation Failure) 0.810: [ParNew: 1090K->96K(1152K), 0.0014467 secs] 73049K->73047K(88576K), 0.0015072 secs] [Times: user=0.03 sys=0.00, real=0.00 secs] 
2014-07-09T16:25:23.841+0200: 0.812: [GC (Allocation Failure) 0.812: [ParNew: 1090K->96K(1152K), 0.0014826 secs] 74042K->74040K(88576K), 0.0015435 secs] [Times: user=0.00 sys=0.00, real=0.00 secs] 
2014-07-09T16:25:23.843+0200: 0.814: [GC (Allocation Failure) 0.814: [ParNew: 1090K->96K(1152K), 0.0013015 secs] 75034K->75032K(88576K), 0.0013547 secs] [Times: user=0.00 sys=0.00, real=0.00 secs] 
2014-07-09T16:25:23.845+0200: 0.815: [GC (Allocation Failure) 0.815: [ParNew: 1090K->96K(1152K), 0.0011629 secs] 76027K->76025K(88576K), 0.0012088 secs] [Times: user=0.00 sys=0.00, real=0.00 secs] 
2014-07-09T16:25:23.846+0200: 0.817: [GC (CMS Initial Mark) [1 CMS-initial-mark: 75929K(87424K)] 76091K(88576K), 0.0001357 secs] [Times: user=0.00 sys=0.00, real=0.00 secs] 
2014-07-09T16:25:23.846+0200: 0.817: [CMS-concurrent-mark-start]
2014-07-09T16:25:23.847+0200: 0.817: [GC (Allocation Failure) 0.817: [ParNew: 1090K->96K(1152K), 0.0012143 secs] 77019K->77017K(88576K), 0.0012608 secs] [Times: user=0.00 sys=0.00, real=0.00 secs] 
2014-07-09T16:25:23.848+0200: 0.819: [GC (Allocation Failure) 0.819: [ParNew: 1090K->96K(1152K), 0.0014427 secs] 78012K->78010K(88576K), 0.0014977 secs] [Times: user=0.00 sys=0.00, real=0.00 secs] 
2014-07-09T16:25:23.850+0200: 0.821: [GC (Allocation Failure) 0.821: [ParNew: 1090K->99K(1152K), 0.0004678 secs] 79004K->78013K(88576K), 0.0005140 secs] [Times: user=0.00 sys=0.00, real=0.00 secs] 
2014-07-09T16:25:23.851+0200: 0.822: [CMS-concurrent-mark: 0.001/0.005 secs] [Times: user=0.00 sys=0.00, real=0.01 secs] 
2014-07-09T16:25:23.851+0200: 0.822: [CMS-concurrent-preclean-start]
2014-07-09T16:25:23.851+0200: 0.822: [GC (Allocation Failure) 0.822: [ParNew: 1093K->96K(1152K), 0.0011296 secs] 79007K->79003K(88576K), 0.0011769 secs] [Times: user=0.00 sys=0.00, real=0.00 secs] 
2014-07-09T16:25:23.853+0200: 0.824: [CMS-concurrent-preclean: 0.000/0.002 secs] [Times: user=0.00 sys=0.00, real=0.00 secs] 
2014-07-09T16:25:23.853+0200: 0.824: [GC (Allocation Failure) 0.824: [ParNew: 1090K->96K(1152K), 0.0016681 secs] 79998K->79996K(88576K), 0.0017418 secs] [Times: user=0.00 sys=0.00, real=0.00 secs] 
2014-07-09T16:25:23.855+0200: 0.826: [GC (Allocation Failure) 0.826: [ParNew: 1090K->96K(1152K), 0.0016524 secs] 80990K->80988K(88576K), 0.0017195 secs] [Times: user=0.03 sys=0.00, real=0.00 secs] 
2014-07-09T16:25:23.857+0200: 0.828: [GC (Allocation Failure) 0.828: [ParNew: 1090K->96K(1152K), 0.0012381 secs] 81983K->81981K(88576K), 0.0012898 secs] [Times: user=0.00 sys=0.00, real=0.00 secs] 
2014-07-09T16:25:23.859+0200: 0.830: [GC (Allocation Failure) 0.830: [ParNew: 1090K->96K(1152K), 0.0013620 secs] 82975K->82973K(88576K), 0.0014273 secs] [Times: user=0.00 sys=0.00, real=0.00 secs] 
2014-07-09T16:25:23.861+0200: 0.831: [GC (Allocation Failure) 0.831: [ParNew: 1090K->96K(1152K), 0.0012322 secs] 83968K->83966K(88576K), 0.0012799 secs] [Times: user=0.00 sys=0.00, real=0.00 secs] 
2014-07-09T16:25:23.870+0200: 0.840: [GC (Allocation Failure) 0.841: [ParNew: 1090K->96K(1152K), 0.0022723 secs] 84960K->84958K(88576K), 0.0023699 secs] [Times: user=0.02 sys=0.00, real=0.00 secs] 
2014-07-09T16:25:23.889+0200: 0.860: [GC (Allocation Failure) 0.860: [ParNew: 1090K->96K(1152K), 0.0012157 secs] 85953K->85951K(88576K), 0.0012993 secs] [Times: user=0.00 sys=0.00, real=0.00 secs] 
2014-07-09T16:25:23.891+0200: 0.862: [GC (Allocation Failure) 0.862: [ParNew: 1090K->99K(1152K), 0.0011138 secs] 86945K->86690K(88576K), 0.0011659 secs] [Times: user=0.00 sys=0.00, real=0.00 secs] 
2014-07-09T16:25:23.893+0200: 0.863: [GC (Allocation Failure) 0.863: [ParNew: 1093K->1093K(1152K), 0.0000326 secs]0.863: [CMS (concurrent mode failure): 86591K->2127K(87424K), 0.0040915 secs] 87685K->2127K(88576K), [Metaspace: 2446K->2446K(1056768K)], 0.0043119 secs] [Times: user=0.00 sys=0.00, real=0.00 secs] 
2014-07-09T16:25:24.000+0200: 0.971: [GC (Allocation Failure) 0.971: [ParNew: 34933K->3942K(39296K), 0.0049747 secs] 37060K->6070K(126720K), 0.0050649 secs] [Times: user=0.00 sys=0.00, real=0.01 secs] 
2014-07-09T16:25:24.239+0200: 1.210: [GC (Allocation Failure) 1.210: [ParNew: 38855K->4327K(39296K), 0.0068101 secs] 40983K->6621K(126720K), 0.0069091 secs] [Times: user=0.00 sys=0.00, real=0.01 secs] 
2014-07-09T16:25:24.291+0200: 1.261: [GC (Allocation Failure) 1.262: [ParNew: 39260K->4327K(39296K), 0.0045542 secs] 41554K->8901K(126720K), 0.0046719 secs] [Times: user=0.03 sys=0.00, real=0.01 secs] 
2014-07-09T16:25:24.396+0200: 1.366: [GC (Allocation Failure) 1.366: [ParNew: 39245K->4329K(39296K), 0.0049329 secs] 43819K->11597K(126720K), 0.0050605 secs] [Times: user=0.00 sys=0.00, real=0.01 secs] 
2014-07-09T16:25:24.541+0200: 1.512: [GC (Allocation Failure) 1.512: [ParNew: 39266K->935K(39296K), 0.0020117 secs] 46534K->8209K(126720K), 0.0021048 secs] [Times: user=0.03 sys=0.00, real=0.00 secs] 
2014-07-09T16:25:24.722+0200: 1.693: [GC (Allocation Failure) 1.693: [ParNew: 35868K->2027K(39296K), 0.0017327 secs] 43142K->9301K(126720K), 0.0018797 secs] [Times: user=0.00 sys=0.00, real=0.00 secs] 
2014-07-09T16:25:24.837+0200: 1.808: [GC (Allocation Failure) 1.808: [ParNew: 36941K->2065K(39296K), 0.0026632 secs] 44215K->9339K(126720K), 0.0027790 secs] [Times: user=0.03 sys=0.00, real=0.00 secs] 
2014-07-09T16:25:24.993+0200: 1.963: [GC (Allocation Failure) 1.963: [ParNew: 36998K->4181K(39296K), 0.0036256 secs] 44272K->11455K(126720K), 0.0037282 secs] [Times: user=0.02 sys=0.00, real=0.00 secs] 
2014-07-09T16:25:25.096+0200: 2.066: [GC (Allocation Failure) 2.066: [ParNew: 39117K->4327K(39296K), 0.0065116 secs] 46391K->12545K(126720K), 0.0066766 secs] [Times: user=0.00 sys=0.00, real=0.01 secs] 
2014-07-09T16:25:25.242+0200: 2.213: [GC (Allocation Failure) 2.213: [ParNew: 39260K->4327K(39296K), 0.0060079 secs] 47478K->15591K(126720K), 0.0061083 secs] [Times: user=0.02 sys=0.00, real=0.01 secs] 
2014-07-09T16:25:25.391+0200: 2.362: [GC (Allocation Failure) 2.362: [ParNew: 39242K->4328K(39296K), 0.0065417 secs] 50506K->19054K(126720K), 0.0066528 secs] [Times: user=0.00 sys=0.00, real=0.01 secs] 
2014-07-09T16:25:25.537+0200: 2.508: [GC (Allocation Failure) 2.508: [ParNew: 39261K->1702K(39296K), 0.0022727 secs] 53987K->16435K(126720K), 0.0024109 secs] [Times: user=0.00 sys=0.00, real=0.00 secs] 
2014-07-09T16:25:25.688+0200: 2.659: [GC (Allocation Failure) 2.659: [ParNew: 36615K->2251K(39296K), 0.0041249 secs] 51347K->16984K(126720K), 0.0042334 secs] [Times: user=0.00 sys=0.00, real=0.00 secs] 
2014-07-09T16:25:25.795+0200: 2.765: [GC (Allocation Failure) 2.766: [ParNew: 37184K->4327K(39296K), 0.0050822 secs] 51917K->19101K(126720K), 0.0051808 secs] [Times: user=0.00 sys=0.00, real=0.00 secs] 
2014-07-09T16:25:25.939+0200: 2.910: [GC (Allocation Failure) 2.910: [ParNew: 39269K->4327K(39296K), 0.0039266 secs] 54044K->19714K(126720K), 0.0041022 secs] [Times: user=0.00 sys=0.00, real=0.00 secs] 
2014-07-09T16:25:26.091+0200: 3.061: [GC (Allocation Failure) 3.061: [ParNew: 39270K->4327K(39296K), 0.0052358 secs] 54657K->21416K(126720K), 0.0053546 secs] [Times: user=0.00 sys=0.00, real=0.00 secs] 
2014-07-09T16:25:26.206+0200: 3.177: [GC (Allocation Failure) 3.177: [ParNew: 39270K->4327K(39296K), 0.0119183 secs] 56359K->25199K(126720K), 0.0120550 secs] [Times: user=0.03 sys=0.00, real=0.01 secs] 
2014-07-09T16:25:26.341+0200: 3.311: [GC (Allocation Failure) 3.312: [ParNew: 39239K->4328K(39296K), 0.0053733 secs] 60111K->28726K(126720K), 0.0054979 secs] [Times: user=0.00 sys=0.00, real=0.00 secs] 
2014-07-09T16:25:26.491+0200: 3.461: [GC (Allocation Failure) 3.461: [ParNew: 39246K->1702K(39296K), 0.0020021 secs] 63644K->26107K(126720K), 0.0021184 secs] [Times: user=0.03 sys=0.00, real=0.00 secs] 
2014-07-09T16:25:26.638+0200: 3.609: [GC (Allocation Failure) 3.609: [ParNew: 36624K->2733K(39296K), 0.0023354 secs] 61028K->27137K(126720K), 0.0024223 secs] [Times: user=0.00 sys=0.00, real=0.00 secs] 
2014-07-09T16:25:26.789+0200: 3.760: [GC (Allocation Failure) 3.760: [ParNew: 37675K->4327K(39296K), 0.0044662 secs] 62079K->29221K(126720K), 0.0045898 secs] [Times: user=0.00 sys=0.00, real=0.00 secs] 
2014-07-09T16:25:26.899+0200: 3.870: [GC (Allocation Failure) 3.870: [ParNew: 39257K->4327K(39296K), 0.0039955 secs] 64152K->30218K(126720K), 0.0041322 secs] [Times: user=0.00 sys=0.00, real=0.00 secs] 
2014-07-09T16:25:27.041+0200: 4.012: [GC (Allocation Failure) 4.012: [ParNew: 39270K->4327K(39296K), 0.0050525 secs] 65161K->33297K(126720K), 0.0051716 secs] [Times: user=0.00 sys=0.00, real=0.01 secs] 
2014-07-09T16:25:27.191+0200: 4.162: [GC (Allocation Failure) 4.162: [ParNew: 39257K->4327K(39296K), 0.0057531 secs] 68227K->36887K(126720K), 0.0058851 secs] [Times: user=0.03 sys=0.00, real=0.01 secs] 
2014-07-09T16:25:27.337+0200: 4.307: [GC (Allocation Failure) 4.307: [ParNew: 39268K->7K(39296K), 0.0005910 secs] 71828K->32572K(126720K), 0.0006577 secs] [Times: user=0.00 sys=0.00, real=0.00 secs] 
2014-07-09T16:25:27.489+0200: 4.459: [GC (Allocation Failure) 4.459: [ParNew: 34923K->2060K(39296K), 0.0023625 secs] 67488K->34625K(126720K), 0.0024813 secs] [Times: user=0.03 sys=0.00, real=0.00 secs] 
2014-07-09T16:25:27.603+0200: 4.573: [GC (Allocation Failure) 4.573: [ParNew: 36982K->3089K(39296K), 0.0113353 secs] 69547K->35655K(126720K), 0.0114556 secs] [Times: user=0.00 sys=0.00, real=0.01 secs] 
2014-07-09T16:25:27.739+0200: 4.710: [GC (Allocation Failure) 4.710: [ParNew: 38029K->4327K(39296K), 0.0039442 secs] 70595K->37772K(126720K), 0.0040728 secs] [Times: user=0.03 sys=0.00, real=0.00 secs] 
2014-07-09T16:25:27.889+0200: 4.860: [GC (Allocation Failure) 4.860: [ParNew: 39243K->4328K(39296K), 0.0038228 secs] 72688K->38674K(126720K), 0.0039317 secs] [Times: user=0.00 sys=0.00, real=0.00 secs] 
2014-07-09T16:25:27.997+0200: 4.967: [GC (Allocation Failure) 4.968: [ParNew: 39261K->4327K(39296K), 0.0057018 secs] 73607K->41688K(126720K), 0.0058092 secs] [Times: user=0.00 sys=0.00, real=0.01 secs] 
2014-07-09T16:25:28.192+0200: 5.162: [GC (Allocation Failure) 5.163: [ParNew: 39265K->232K(39296K), 0.0006944 secs] 76627K->37597K(126720K), 0.0007710 secs] [Times: user=0.00 sys=0.00, real=0.00 secs] 
2014-07-09T16:25:28.293+0200: 5.264: [GC (Allocation Failure) 5.264: [ParNew: 35165K->2347K(39296K), 0.0020744 secs] 72530K->39712K(126720K), 0.0021990 secs] [Times: user=0.00 sys=0.00, real=0.00 secs] 
2014-07-09T16:25:28.440+0200: 5.411: [GC (Allocation Failure) 5.411: [ParNew: 37265K->2760K(39296K), 0.0024410 secs] 74631K->40136K(126720K), 0.0025979 secs] [Times: user=0.03 sys=0.00, real=0.00 secs] 
2014-07-09T16:25:28.588+0200: 5.559: [GC (Allocation Failure) 5.559: [ParNew: 37703K->3335K(39296K), 0.0036487 secs] 75078K->40716K(126720K), 0.0037605 secs] [Times: user=0.00 sys=0.00, real=0.00 secs] 
2014-07-09T16:25:28.695+0200: 5.665: [GC (Allocation Failure) 5.665: [ParNew: 38268K->4327K(39296K), 0.0039918 secs] 75649K->42834K(126720K), 0.0041029 secs] [Times: user=0.00 sys=0.00, real=0.00 secs] 
2014-07-09T16:25:28.839+0200: 5.810: [GC (Allocation Failure) 5.810: [ParNew: 39269K->4329K(39296K), 0.0046946 secs] 77776K->44537K(126720K), 0.0047995 secs] [Times: user=0.00 sys=0.00, real=0.01 secs] 
2014-07-09T16:25:29.000+0200: 5.971: [GC (Allocation Failure) 5.971: [ParNew: 39262K->4327K(39296K), 0.0055859 secs] 79470K->48350K(126720K), 0.0057208 secs] [Times: user=0.03 sys=0.00, real=0.01 secs] 
2014-07-09T16:25:29.140+0200: 6.111: [GC (Allocation Failure) 6.111: [ParNew: 39265K->1030K(39296K), 0.0013972 secs] 83289K->45058K(126720K), 0.0014790 secs] [Times: user=0.00 sys=0.00, real=0.00 secs] 
2014-07-09T16:25:29.293+0200: 6.264: [GC (Allocation Failure) 6.264: [ParNew: 35963K->3147K(39296K), 0.0024425 secs] 79991K->47175K(126720K), 0.0025308 secs] [Times: user=0.00 sys=0.00, real=0.00 secs] 
2014-07-09T16:25:29.392+0200: 6.363: [GC (Allocation Failure) 6.363: [ParNew: 38068K->3048K(39296K), 0.0027251 secs] 82096K->47085K(126720K), 0.0028377 secs] [Times: user=0.03 sys=0.00, real=0.00 secs] 
2014-07-09T16:25:29.539+0200: 6.510: [GC (Allocation Failure) 6.510: [ParNew: 37981K->4327K(39296K), 0.0040556 secs] 82018K->49203K(126720K), 0.0041579 secs] [Times: user=0.00 sys=0.00, real=0.00 secs] 
2014-07-09T16:25:29.690+0200: 6.660: [GC (Allocation Failure) 6.661: [ParNew: 39265K->4329K(39296K), 0.0043819 secs] 84142K->51131K(126720K), 0.0045000 secs] [Times: user=0.00 sys=0.00, real=0.00 secs] 
2014-07-09T16:25:29.801+0200: 6.772: [GC (Allocation Failure) 6.773: [ParNew: 39271K->4329K(39296K), 0.0046855 secs] 86073K->53633K(126720K), 0.0048343 secs] [Times: user=0.00 sys=0.00, real=0.00 secs] 
2014-07-09T16:25:29.987+0200: 6.958: [GC (Allocation Failure) 6.958: [ParNew: 39262K->742K(39296K), 0.0008641 secs] 88566K->50052K(126720K), 0.0009422 secs] [Times: user=0.00 sys=0.00, real=0.00 secs] 
2014-07-09T16:25:30.091+0200: 7.062: [GC (Allocation Failure) 7.062: [ParNew: 35684K->1324K(39296K), 0.0018716 secs] 84994K->50634K(126720K), 0.0019611 secs] [Times: user=0.00 sys=0.00, real=0.00 secs] 
2014-07-09T16:25:30.238+0200: 7.209: [GC (Allocation Failure) 7.209: [ParNew: 36257K->3442K(39296K), 0.0027666 secs] 85567K->52752K(126720K), 0.0028696 secs] [Times: user=0.00 sys=0.00, real=0.00 secs] 
2014-07-09T16:25:30.389+0200: 7.359: [GC (Allocation Failure) 7.359: [ParNew: 38361K->3849K(39296K), 0.0031145 secs] 87670K->53172K(126720K), 0.0031992 secs] [Times: user=0.00 sys=0.00, real=0.00 secs] 
2014-07-09T16:25:30.496+0200: 7.466: [GC (Allocation Failure) 7.466: [ParNew: 38782K->4327K(39296K), 0.0044923 secs] 88105K->55289K(126720K), 0.0046136 secs] [Times: user=0.00 sys=0.00, real=0.00 secs] 
2014-07-09T16:25:30.641+0200: 7.611: [GC (Allocation Failure) 7.611: [ParNew: 39265K->4327K(39296K), 0.0084460 secs] 90227K->58014K(126720K), 0.0085699 secs] [Times: user=0.02 sys=0.00, real=0.01 secs] 
2014-07-09T16:25:30.791+0200: 7.761: [GC (Allocation Failure) 7.761: [ParNew: 39263K->967K(39296K), 0.0013426 secs] 92951K->54660K(126720K), 0.0014383 secs] [Times: user=0.00 sys=0.00, real=0.00 secs] 
2014-07-09T16:25:30.937+0200: 7.907: [GC (Allocation Failure) 7.907: [ParNew: 35880K->1006K(39296K), 0.0011703 secs] 89572K->54699K(126720K), 0.0012476 secs] [Times: user=0.00 sys=0.00, real=0.00 secs] 
2014-07-09T16:25:31.093+0200: 8.063: [GC (Allocation Failure) 8.063: [ParNew: 35945K->2098K(39296K), 0.0019405 secs] 89637K->55790K(126720K), 0.0020384 secs] [Times: user=0.03 sys=0.00, real=0.00 secs] 
2014-07-09T16:25:31.193+0200: 8.163: [GC (Allocation Failure) 8.163: [ParNew: 37031K->4214K(39296K), 0.0033821 secs] 90723K->57906K(126720K), 0.0034815 secs] [Times: user=0.00 sys=0.00, real=0.00 secs] 
2014-07-09T16:25:31.342+0200: 8.312: [GC (Allocation Failure) 8.312: [ParNew: 39129K->4328K(39296K), 0.0036373 secs] 92821K->58325K(126720K), 0.0037293 secs] [Times: user=0.03 sys=0.00, real=0.00 secs] 
2014-07-09T16:25:31.489+0200: 8.459: [GC (Allocation Failure) 8.459: [ParNew: 39261K->4327K(39296K), 0.0052317 secs] 93258K->60732K(126720K), 0.0053373 secs] [Times: user=0.00 sys=0.00, real=0.00 secs] 
2014-07-09T16:25:31.599+0200: 8.569: [GC (Allocation Failure) 8.570: [ParNew: 39269K->4329K(39296K), 0.0086696 secs] 95674K->63715K(126720K), 0.0089471 secs] [Times: user=0.00 sys=0.00, real=0.01 secs] 
2014-07-09T16:25:31.790+0200: 8.760: [GC (Allocation Failure) 8.760: [ParNew: 39262K->1222K(39296K), 0.0012660 secs] 98648K->60614K(126720K), 0.0013528 secs] [Times: user=0.00 sys=0.00, real=0.00 secs] 
2014-07-09T16:25:31.896+0200: 8.866: [GC (Allocation Failure) 8.866: [ParNew: 36164K->1805K(39296K), 0.0033205 secs] 95556K->61196K(126720K), 0.0035442 secs] [Times: user=0.00 sys=0.00, real=0.00 secs] 
2014-07-09T16:25:32.038+0200: 9.009: [GC (Allocation Failure) 9.009: [ParNew: 36738K->3922K(39296K), 0.0030349 secs] 96129K->63314K(126720K), 0.0031229 secs] [Times: user=0.00 sys=0.00, real=0.00 secs] 
2014-07-09T16:25:32.189+0200: 9.159: [GC (Allocation Failure) 9.159: [ParNew: 38861K->4329K(39296K), 0.0037597 secs] 98253K->64407K(126720K), 0.0038433 secs] [Times: user=0.00 sys=0.00, real=0.00 secs] 
2014-07-09T16:25:32.295+0200: 9.265: [GC (Allocation Failure) 9.265: [ParNew: 39262K->4327K(39296K), 0.0068057 secs] 99340K->67195K(126720K), 0.0068860 secs] [Times: user=0.01 sys=0.00, real=0.01 secs] 
2014-07-09T16:25:32.461+0200: 9.432: [GC (Allocation Failure) 9.432: [ParNew: 39251K->4330K(39296K), 0.0047973 secs] 102119K->69892K(126720K), 0.0049417 secs] [Times: user=0.00 sys=0.00, real=0.01 secs] 
2014-07-09T16:25:32.591+0200: 9.561: [GC (Allocation Failure) 9.561: [ParNew: 39266K->4329K(39296K), 0.0058682 secs] 104828K->73675K(126720K), 0.0060086 secs] [Times: user=0.02 sys=0.00, real=0.01 secs] 
2014-07-09T16:25:32.738+0200: 9.708: [GC (Allocation Failure) 9.708: [ParNew: 39262K->2023K(39296K), 0.0018933 secs] 108608K->71374K(126720K), 0.0019684 secs] [Times: user=0.00 sys=0.00, real=0.00 secs] 
2014-07-09T16:25:32.888+0200: 9.858: [GC (Allocation Failure) 9.858: [ParNew: 36965K->2605K(39296K), 0.0021224 secs] 106316K->71956K(126720K), 0.0022020 secs] [Times: user=0.03 sys=0.00, real=0.00 secs] 
2014-07-09T16:25:33.006+0200: 9.976: [GC (Allocation Failure) 9.976: [ParNew: 37538K->4327K(39296K), 0.0037114 secs] 106889K->74073K(126720K), 0.0038114 secs] [Times: user=0.00 sys=0.00, real=0.00 secs] 
2014-07-09T16:25:33.139+0200: 10.109: [GC (Allocation Failure) 10.110: [ParNew: 39269K->4329K(39296K), 0.0039431 secs] 109015K->75039K(126720K), 0.0040131 secs] [Times: user=0.00 sys=0.00, real=0.00 secs] 
2014-07-09T16:25:33.290+0200: 10.260: [GC (Allocation Failure) 10.261: [ParNew: 39262K->4327K(39296K), 0.0051757 secs] 109972K->78116K(126720K), 0.0052504 secs] [Times: user=0.03 sys=0.00, real=0.01 secs] 
2014-07-09T16:25:33.396+0200: 10.366: [GC (Allocation Failure) 10.366: [ParNew: 39245K->4329K(39296K), 0.0053065 secs] 113034K->81612K(126720K), 0.0054198 secs] [Times: user=0.00 sys=0.00, real=0.01 secs] 
2014-07-09T16:25:33.601+0200: 10.571: [GC (Allocation Failure) 10.571: [ParNew: 39267K->712K(39296K), 0.0008425 secs] 116551K->78001K(126720K), 0.0009041 secs] [Times: user=0.00 sys=0.00, real=0.00 secs] 
2014-07-09T16:25:33.694+0200: 10.664: [GC (Allocation Failure) 10.664: [ParNew: 35645K->2829K(39296K), 0.0026940 secs] 112934K->80118K(126720K), 0.0028175 secs] [Times: user=0.00 sys=0.00, real=0.00 secs] 
2014-07-09T16:25:33.838+0200: 10.808: [GC (Allocation Failure) 10.808: [ParNew: 37745K->2856K(39296K), 0.0022800 secs] 115034K->80156K(126720K), 0.0023633 secs] [Times: user=0.00 sys=0.00, real=0.00 secs] 
2014-07-09T16:25:33.991+0200: 10.961: [GC (Allocation Failure) 10.961: [ParNew: 37789K->4327K(39296K), 0.0211455 secs] 115089K->82272K(126720K), 0.0212757 secs] [Times: user=0.02 sys=0.00, real=0.02 secs] 
2014-07-09T16:25:34.094+0200: 11.065: [GC (Allocation Failure) 11.065: [ParNew: 39263K->4329K(39296K), 0.0043123 secs] 117209K->84008K(126720K), 0.0044112 secs] [Times: user=0.00 sys=0.00, real=0.00 secs] 
2014-07-09T16:25:34.240+0200: 11.210: [GC (Allocation Failure) 11.210: [ParNew: 39262K->4327K(39296K), 0.0057799 secs] 118941K->87852K(126720K), 0.0059144 secs] [Times: user=0.02 sys=0.00, real=0.01 secs] 
2014-07-09T16:25:34.246+0200: 11.216: [GC (CMS Initial Mark) [1 CMS-initial-mark: 83525K(87424K)] 87884K(126720K), 0.0001800 secs] [Times: user=0.00 sys=0.00, real=0.00 secs] 
2014-07-09T16:25:34.246+0200: 11.217: [CMS-concurrent-mark-start]
2014-07-09T16:25:34.247+0200: 11.218: [CMS-concurrent-mark: 0.001/0.001 secs] [Times: user=0.00 sys=0.00, real=0.00 secs] 
2014-07-09T16:25:34.248+0200: 11.218: [CMS-concurrent-preclean-start]
2014-07-09T16:25:34.248+0200: 11.218: [CMS-concurrent-preclean: 0.000/0.000 secs] [Times: user=0.00 sys=0.00, real=0.00 secs] 
2014-07-09T16:25:34.248+0200: 11.218: [GC (CMS Final Remark) [YG occupancy: 4361 K (39296 K)]11.218: [Rescan (parallel) , 0.0002277 secs]11.218: [weak refs processing, 0.0000268 secs]11.218: [class unloading, 0.0005257 secs]11.219: [scrub symbol table, 0.0005800 secs]11.220: [scrub string table, 0.0001921 secs][1 CMS-remark: 83525K(87424K)] 87886K(126720K), 0.0016714 secs] [Times: user=0.00 sys=0.00, real=0.00 secs] 
2014-07-09T16:25:34.250+0200: 11.220: [CMS-concurrent-sweep-start]
2014-07-09T16:25:34.251+0200: 11.221: [CMS-concurrent-sweep: 0.001/0.001 secs] [Times: user=0.00 sys=0.00, real=0.00 secs] 
2014-07-09T16:25:34.251+0200: 11.221: [CMS-concurrent-reset-start]
2014-07-09T16:25:34.251+0200: 11.221: [CMS-concurrent-reset: 0.000/0.000 secs] [Times: user=0.00 sys=0.00, real=0.00 secs] 
2014-07-09T16:25:34.390+0200: 11.360: [GC (Allocation Failure) 11.360: [ParNew: 39247K->392K(39296K), 0.0007655 secs] 43444K->4593K(126720K), 0.0008542 secs] [Times: user=0.00 sys=0.00, real=0.00 secs] 
2014-07-09T16:25:34.538+0200: 11.508: [GC (Allocation Failure) 11.508: [ParNew: 35325K->2509K(39296K), 0.0020901 secs] 39526K->6710K(126720K), 0.0021990 secs] [Times: user=0.00 sys=0.00, real=0.00 secs] 
2014-07-09T16:25:34.688+0200: 11.658: [GC (Allocation Failure) 11.659: [ParNew: 37451K->3080K(39296K), 0.0025616 secs] 41652K->7292K(126720K), 0.0026914 secs] [Times: user=0.00 sys=0.00, real=0.00 secs] 
2014-07-09T16:25:34.796+0200: 11.766: [GC (Allocation Failure) 11.766: [ParNew: 38013K->4327K(39296K), 0.0074619 secs] 42225K->9409K(126720K), 0.0077079 secs] [Times: user=0.00 sys=0.00, real=0.01 secs] 
2014-07-09T16:25:34.956+0200: 11.927: [GC (Allocation Failure) 11.927: [ParNew: 39269K->4327K(39296K), 0.0075144 secs] 44351K->10854K(126720K), 0.0076995 secs] [Times: user=0.02 sys=0.00, real=0.01 secs] 
2014-07-09T16:25:35.100+0200: 12.070: [GC (Allocation Failure) 12.070: [ParNew: 39266K->4329K(39296K), 0.0049483 secs] 45793K->13390K(126720K), 0.0050767 secs] [Times: user=0.03 sys=0.00, real=0.01 secs] 
2014-07-09T16:25:35.321+0200: 12.291: [GC (Allocation Failure) 12.291: [ParNew: 39262K->774K(39296K), 0.0025895 secs] 48323K->9840K(126720K), 0.0027119 secs] [Times: user=0.01 sys=0.01, real=0.00 secs] 
2014-07-09T16:25:35.387+0200: 12.357: [GC (Allocation Failure) 12.357: [ParNew: 35698K->685K(39296K), 0.0007450 secs] 44764K->9752K(126720K), 0.0008333 secs] [Times: user=0.00 sys=0.00, real=0.00 secs] 
2014-07-09T16:25:35.499+0200: 12.469: [GC (Allocation Failure) 12.469: [ParNew: 35618K->2803K(39296K), 0.0022533 secs] 44685K->11869K(126720K), 0.0023666 secs] [Times: user=0.00 sys=0.00, real=0.00 secs] 
2014-07-09T16:25:35.638+0200: 12.608: [GC (Allocation Failure) 12.608: [ParNew: 37739K->3881K(39296K), 0.0029748 secs] 46805K->12962K(126720K), 0.0030672 secs] [Times: user=0.00 sys=0.00, real=0.00 secs] 
2014-07-09T16:25:35.790+0200: 12.760: [GC (Allocation Failure) 12.760: [ParNew: 38814K->4327K(39296K), 0.0041267 secs] 47895K->15078K(126720K), 0.0042587 secs] [Times: user=0.00 sys=0.00, real=0.00 secs] 
2014-07-09T16:25:35.893+0200: 12.863: [GC (Allocation Failure) 12.863: [ParNew: 39239K->4329K(39296K), 0.0049608 secs] 49991K->17294K(126720K), 0.0051034 secs] [Times: user=0.00 sys=0.00, real=0.01 secs] 
2014-07-09T16:25:36.041+0200: 13.011: [GC (Allocation Failure) 13.011: [ParNew: 39271K->462K(39296K), 0.0015787 secs] 52236K->13433K(126720K), 0.0016931 secs] [Times: user=0.00 sys=0.00, real=0.00 secs] 
2014-07-09T16:25:36.197+0200: 13.167: [GC (Allocation Failure) 13.168: [ParNew: 35396K->1035K(39296K), 0.0010940 secs] 48366K->14006K(126720K), 0.0011791 secs] [Times: user=0.00 sys=0.00, real=0.00 secs] 
2014-07-09T16:25:36.337+0200: 13.307: [GC (Allocation Failure) 13.307: [ParNew: 35951K->1458K(39296K), 0.0011959 secs] 48922K->14429K(126720K), 0.0012902 secs] [Times: user=0.00 sys=0.00, real=0.00 secs] 
2014-07-09T16:25:36.488+0200: 13.458: [GC (Allocation Failure) 13.589: [ParNew: 36391K->3574K(39296K), 0.0043786 secs] 49362K->16545K(126720K), 0.1347613 secs] [Times: user=0.00 sys=0.00, real=0.13 secs] 
2014-07-09T16:25:36.652+0200: 13.623: [GC (Allocation Failure) 13.623: [ParNew: 38513K->4327K(39296K), 0.0033037 secs] 51483K->17635K(126720K), 0.0034305 secs] [Times: user=0.00 sys=0.00, real=0.00 secs] 
2014-07-09T16:25:36.739+0200: 13.709: [GC (Allocation Failure) 13.710: [ParNew: 39260K->4327K(39296K), 0.0044541 secs] 52568K->20073K(126720K), 0.0045744 secs] [Times: user=0.03 sys=0.00, real=0.00 secs] 
2014-07-09T16:25:36.889+0200: 13.860: [GC (Allocation Failure) 13.860: [ParNew: 39243K->4329K(39296K), 0.0046155 secs] 54989K->22545K(126720K), 0.0047522 secs] [Times: user=0.00 sys=0.00, real=0.01 secs] 
2014-07-09T16:25:37.037+0200: 14.007: [GC (Allocation Failure) 14.007: [ParNew: 39265K->710K(39296K), 0.0010207 secs] 57481K->18933K(126720K), 0.0010874 secs] [Times: user=0.03 sys=0.00, real=0.00 secs] 
2014-07-09T16:25:37.187+0200: 14.158: [GC (Allocation Failure) 14.158: [ParNew: 35644K->1803K(39296K), 0.0014518 secs] 53866K->20025K(126720K), 0.0015329 secs] [Times: user=0.00 sys=0.00, real=0.00 secs] 
2014-07-09T16:25:37.292+0200: 14.262: [GC (Allocation Failure) 14.262: [ParNew: 36736K->3921K(39296K), 0.0038463 secs] 54958K->22143K(126720K), 0.0039680 secs] [Times: user=0.00 sys=0.00, real=0.00 secs] 
2014-07-09T16:25:37.438+0200: 14.409: [GC (Allocation Failure) 14.409: [ParNew: 38838K->4329K(39296K), 0.0034389 secs] 57060K->22566K(126720K), 0.0035464 secs] [Times: user=0.00 sys=0.00, real=0.00 secs] 
2014-07-09T16:25:37.588+0200: 14.559: [GC (Allocation Failure) 14.559: [ParNew: 39271K->4327K(39296K), 0.0035273 secs] 57508K->23146K(126720K), 0.0036252 secs] [Times: user=0.00 sys=0.00, real=0.00 secs] 
2014-07-09T16:25:37.694+0200: 14.664: [GC (Allocation Failure) 14.665: [ParNew: 39260K->4327K(39296K), 0.0051889 secs] 58079K->25840K(126720K), 0.0053128 secs] [Times: user=0.00 sys=0.00, real=0.00 secs] 
2014-07-09T16:25:37.840+0200: 14.810: [GC (Allocation Failure) 14.811: [ParNew: 39269K->4329K(39296K), 0.0059767 secs] 60783K->29112K(126720K), 0.0061259 secs] [Times: user=0.00 sys=0.00, real=0.01 secs] 
2014-07-09T16:25:37.990+0200: 14.961: [GC (Allocation Failure) 14.961: [ParNew: 39262K->1510K(39296K), 0.0016143 secs] 64045K->26299K(126720K), 0.0017308 secs] [Times: user=0.00 sys=0.00, real=0.00 secs] 
2014-07-09T16:25:38.137+0200: 15.108: [GC (Allocation Failure) 15.108: [ParNew: 36449K->2603K(39296K), 0.0021209 secs] 61238K->27392K(126720K), 0.0022306 secs] [Times: user=0.00 sys=0.00, real=0.00 secs] 
2014-07-09T16:25:38.289+0200: 15.259: [GC (Allocation Failure) 15.259: [ParNew: 37536K->4327K(39296K), 0.0033524 secs] 62325K->29510K(126720K), 0.0034488 secs] [Times: user=0.00 sys=0.00, real=0.00 secs] 
2014-07-09T16:25:38.393+0200: 15.364: [GC (Allocation Failure) 15.364: [ParNew: 39248K->4330K(39296K), 0.0036754 secs] 64431K->29805K(126720K), 0.0037821 secs] [Times: user=0.03 sys=0.00, real=0.00 secs] 
2014-07-09T16:25:38.542+0200: 15.512: [GC (Allocation Failure) 15.513: [ParNew: 39266K->4327K(39296K), 0.0106560 secs] 64742K->31186K(126720K), 0.0108990 secs] [Times: user=0.00 sys=0.00, real=0.01 secs] 
2014-07-09T16:25:38.692+0200: 15.662: [GC (Allocation Failure) 15.662: [ParNew: 39260K->4327K(39296K), 0.0051174 secs] 66119K->34680K(126720K), 0.0052611 secs] [Times: user=0.00 sys=0.00, real=0.01 secs] 
2014-07-09T16:25:38.837+0200: 15.807: [GC (Allocation Failure) 15.808: [ParNew: 39239K->168K(39296K), 0.0014324 secs] 69592K->30525K(126720K), 0.0016476 secs] [Times: user=0.00 sys=0.00, real=0.00 secs] 
2014-07-09T16:25:38.996+0200: 15.966: [GC (Allocation Failure) 15.966: [ParNew: 35101K->2285K(39296K), 0.0019530 secs] 65458K->32642K(126720K), 0.0020700 secs] [Times: user=0.00 sys=0.00, real=0.00 secs] 
2014-07-09T16:25:39.093+0200: 16.063: [GC (Allocation Failure) 16.063: [ParNew: 37227K->2854K(39296K), 0.0023515 secs] 67585K->33223K(126720K), 0.0024348 secs] [Times: user=0.00 sys=0.00, real=0.00 secs] 
2014-07-09T16:25:39.238+0200: 16.209: [GC (Allocation Failure) 16.209: [ParNew: 37787K->4327K(39296K), 0.0035753 secs] 68156K->35341K(126720K), 0.0036740 secs] [Times: user=0.00 sys=0.00, real=0.00 secs] 
2014-07-09T16:25:39.390+0200: 16.360: [GC (Allocation Failure) 16.360: [ParNew: 39242K->4328K(39296K), 0.0049351 secs] 70256K->36403K(126720K), 0.0050686 secs] [Times: user=0.03 sys=0.00, real=0.00 secs] 
2014-07-09T16:25:39.494+0200: 16.464: [GC (Allocation Failure) 16.464: [ParNew: 39261K->4327K(39296K), 0.0057021 secs] 71336K->39577K(126720K), 0.0058532 secs] [Times: user=0.00 sys=0.00, real=0.01 secs] 
2014-07-09T16:25:39.692+0200: 16.663: [GC (Allocation Failure) 16.663: [ParNew: 39265K->390K(39296K), 0.0006764 secs] 74516K->35644K(126720K), 0.0007919 secs] [Times: user=0.00 sys=0.00, real=0.00 secs] 
2014-07-09T16:25:39.791+0200: 16.761: [GC (Allocation Failure) 16.762: [ParNew: 35306K->429K(39296K), 0.0009078 secs] 70560K->35684K(126720K), 0.0009793 secs] [Times: user=0.00 sys=0.00, real=0.00 secs] 
2014-07-09T16:25:39.938+0200: 16.909: [GC (Allocation Failure) 16.909: [ParNew: 35362K->2546K(39296K), 0.0055602 secs] 70617K->37801K(126720K), 0.0057340 secs] [Times: user=0.02 sys=0.00, real=0.01 secs] 
2014-07-09T16:25:40.089+0200: 17.059: [GC (Allocation Failure) 17.059: [ParNew: 37483K->3622K(39296K), 0.0028725 secs] 72738K->38892K(126720K), 0.0029598 secs] [Times: user=0.00 sys=0.00, real=0.00 secs] 
2014-07-09T16:25:40.198+0200: 17.168: [GC (Allocation Failure) 17.168: [ParNew: 38555K->4327K(39296K), 0.0075716 secs] 73825K->41010K(126720K), 0.0078513 secs] [Times: user=0.03 sys=0.00, real=0.01 secs] 
2014-07-09T16:25:40.340+0200: 17.310: [GC (Allocation Failure) 17.310: [ParNew: 39245K->4329K(39296K), 0.0042353 secs] 75928K->42842K(126720K), 0.0043661 secs] [Times: user=0.00 sys=0.00, real=0.01 secs] 
2014-07-09T16:25:40.492+0200: 17.462: [GC (Allocation Failure) 17.462: [ParNew: 39262K->70K(39296K), 0.0007402 secs] 77775K->38588K(126720K), 0.0008249 secs] [Times: user=0.00 sys=0.00, real=0.00 secs] 
2014-07-09T16:25:40.637+0200: 17.606: [GC (Allocation Failure) 17.606: [ParNew: 35012K->651K(39296K), 0.0008150 secs] 73530K->39169K(126720K), 0.0008902 secs] [Times: user=0.00 sys=0.00, real=0.00 secs] 
2014-07-09T16:25:40.790+0200: 17.760: [GC (Allocation Failure) 17.760: [ParNew: 35584K->2768K(39296K), 0.0036039 secs] 74102K->41287K(126720K), 0.0037718 secs] [Times: user=0.00 sys=0.00, real=0.00 secs] 
2014-07-09T16:25:40.893+0200: 17.863: [GC (Allocation Failure) 17.863: [ParNew: 37710K->3336K(39296K), 0.0026617 secs] 76229K->41869K(126720K), 0.0028073 secs] [Times: user=0.00 sys=0.00, real=0.00 secs] 
2014-07-09T16:25:41.041+0200: 18.010: [GC (Allocation Failure) 18.010: [ParNew: 38275K->4327K(39296K), 0.0035181 secs] 76807K->42961K(126720K), 0.0036604 secs] [Times: user=0.00 sys=0.00, real=0.00 secs] 
2014-07-09T16:25:41.190+0200: 18.159: [GC (Allocation Failure) 18.159: [ParNew: 39260K->4327K(39296K), 0.0049212 secs] 77894K->45174K(126720K), 0.0050374 secs] [Times: user=0.00 sys=0.00, real=0.00 secs] 
2014-07-09T16:25:41.294+0200: 18.264: [GC (Allocation Failure) 18.264: [ParNew: 39267K->459K(39296K), 0.0011974 secs] 80115K->41311K(126720K), 0.0013349 secs] [Times: user=0.00 sys=0.00, real=0.00 secs] 
2014-07-09T16:25:41.487+0200: 18.457: [GC (Allocation Failure) 18.457: [ParNew: 35372K->365K(39296K), 0.0015384 secs] 76224K->41217K(126720K), 0.0017323 secs] [Times: user=0.00 sys=0.00, real=0.00 secs] 
2014-07-09T16:25:41.596+0200: 18.566: [GC (Allocation Failure) 18.566: [ParNew: 35302K->1458K(39296K), 0.0019581 secs] 76154K->42311K(126720K), 0.0020964 secs] [Times: user=0.00 sys=0.00, real=0.00 secs] 
2014-07-09T16:25:41.738+0200: 18.708: [GC (Allocation Failure) 18.708: [ParNew: 36391K->3576K(39296K), 0.0027233 secs] 77244K->44428K(126720K), 0.0028278 secs] [Times: user=0.00 sys=0.00, real=0.00 secs] 
2014-07-09T16:25:41.888+0200: 18.858: [GC (Allocation Failure) 18.858: [ParNew: 38520K->4137K(39296K), 0.0030551 secs] 79372K->45006K(126720K), 0.0031544 secs] [Times: user=0.03 sys=0.00, real=0.00 secs] 
2014-07-09T16:25:41.994+0200: 18.964: [GC (Allocation Failure) 18.964: [ParNew: 39070K->4327K(39296K), 0.0051885 secs] 79939K->47123K(126720K), 0.0053307 secs] [Times: user=0.03 sys=0.00, real=0.01 secs] 
2014-07-09T16:25:42.139+0200: 19.109: [GC (Allocation Failure) 19.109: [ParNew: 39269K->4329K(39296K), 0.0046198 secs] 82065K->49627K(126720K), 0.0047254 secs] [Times: user=0.03 sys=0.00, real=0.01 secs] 
2014-07-09T16:25:42.290+0200: 19.260: [GC (Allocation Failure) 19.260: [ParNew: 39262K->742K(39296K), 0.0010372 secs] 84560K->46045K(126720K), 0.0011285 secs] [Times: user=0.00 sys=0.00, real=0.00 secs] 
2014-07-09T16:25:42.437+0200: 19.407: [GC (Allocation Failure) 19.407: [ParNew: 35660K->1165K(39296K), 0.0017033 secs] 80963K->46469K(126720K), 0.0018364 secs] [Times: user=0.00 sys=0.00, real=0.00 secs] 
2014-07-09T16:25:42.588+0200: 19.558: [GC (Allocation Failure) 19.558: [ParNew: 36104K->2258K(39296K), 0.0023600 secs] 81407K->47562K(126720K), 0.0024802 secs] [Times: user=0.00 sys=0.00, real=0.00 secs] 
2014-07-09T16:25:42.696+0200: 19.666: [GC (Allocation Failure) 19.666: [ParNew: 37191K->4327K(39296K), 0.0034400 secs] 82495K->49677K(126720K), 0.0035379 secs] [Times: user=0.00 sys=0.00, real=0.00 secs] 
2014-07-09T16:25:42.838+0200: 19.808: [GC (Allocation Failure) 19.808: [ParNew: 39243K->4329K(39296K), 0.0031940 secs] 84593K->49747K(126720K), 0.0032817 secs] [Times: user=0.03 sys=0.00, real=0.00 secs] 
2014-07-09T16:25:42.990+0200: 19.959: [GC (Allocation Failure) 19.959: [ParNew: 39262K->4327K(39296K), 0.0078330 secs] 84680K->51929K(126720K), 0.0080379 secs] [Times: user=0.02 sys=0.00, real=0.01 secs] 
2014-07-09T16:25:43.093+0200: 20.063: [GC (Allocation Failure) 20.063: [ParNew: 39263K->4327K(39296K), 0.0057425 secs] 86865K->55198K(126720K), 0.0058946 secs] [Times: user=0.00 sys=0.00, real=0.01 secs] 
2014-07-09T16:25:43.288+0200: 20.258: [GC (Allocation Failure) 20.258: [ParNew: 39260K->1510K(39296K), 0.0016483 secs] 90131K->52387K(126720K), 0.0018144 secs] [Times: user=0.00 sys=0.00, real=0.00 secs] 
2014-07-09T16:25:43.396+0200: 20.366: [GC (Allocation Failure) 20.366: [ParNew: 36425K->1934K(39296K), 0.0019032 secs] 87302K->52810K(126720K), 0.0020326 secs] [Times: user=0.00 sys=0.00, real=0.00 secs] 
2014-07-09T16:25:43.538+0200: 20.508: [GC (Allocation Failure) 20.508: [ParNew: 36867K->4051K(39296K), 0.0032952 secs] 87743K->54927K(126720K), 0.0034345 secs] [Times: user=0.00 sys=0.00, real=0.00 secs] 
2014-07-09T16:25:43.689+0200: 20.658: [GC (Allocation Failure) 20.658: [ParNew: 38963K->4329K(39296K), 0.0033099 secs] 89840K->55476K(126720K), 0.0033858 secs] [Times: user=0.00 sys=0.00, real=0.00 secs] 
2014-07-09T16:25:43.794+0200: 20.763: [GC (Allocation Failure) 20.763: [ParNew: 39262K->4327K(39296K), 0.0050814 secs] 90409K->57849K(126720K), 0.0051878 secs] [Times: user=0.00 sys=0.00, real=0.01 secs] 
2014-07-09T16:25:43.943+0200: 20.912: [GC (Allocation Failure) 20.912: [ParNew: 39269K->4329K(39296K), 0.0046781 secs] 92791K->60800K(126720K), 0.0047999 secs] [Times: user=0.00 sys=0.00, real=0.00 secs] 
2014-07-09T16:25:44.092+0200: 21.061: [GC (Allocation Failure) 21.061: [ParNew: 39267K->166K(39296K), 0.0007468 secs] 95739K->56643K(126720K), 0.0008080 secs] [Times: user=0.00 sys=0.00, real=0.00 secs] 
2014-07-09T16:25:44.238+0200: 21.208: [GC (Allocation Failure) 21.208: [ParNew: 35099K->2284K(39296K), 0.0020938 secs] 91576K->58761K(126720K), 0.0021763 secs] [Times: user=0.00 sys=0.00, real=0.00 secs] 
2014-07-09T16:25:44.392+0200: 21.362: [GC (Allocation Failure) 21.362: [ParNew: 37206K->2184K(39296K), 0.0017195 secs] 93683K->58671K(126720K), 0.0018086 secs] [Times: user=0.00 sys=0.00, real=0.00 secs] 
2014-07-09T16:25:44.493+0200: 21.462: [GC (Allocation Failure) 21.462: [ParNew: 37117K->4295K(39296K), 0.0034873 secs] 93604K->60788K(126720K), 0.0036010 secs] [Times: user=0.03 sys=0.00, real=0.00 secs] 
2014-07-09T16:25:44.639+0200: 21.608: [GC (Allocation Failure) 21.608: [ParNew: 39231K->4327K(39296K), 0.0037495 secs] 95725K->61881K(126720K), 0.0038437 secs] [Times: user=0.00 sys=0.00, real=0.00 secs] 
2014-07-09T16:25:44.791+0200: 21.761: [GC (Allocation Failure) 21.761: [ParNew: 39260K->4327K(39296K), 0.0054327 secs] 96814K->65056K(126720K), 0.0055555 secs] [Times: user=0.03 sys=0.00, real=0.01 secs] 
2014-07-09T16:25:44.895+0200: 21.865: [GC (Allocation Failure) 21.865: [ParNew: 39269K->4329K(39296K), 0.0056057 secs] 99998K->68808K(126720K), 0.0057755 secs] [Times: user=0.02 sys=0.02, real=0.01 secs] 
2014-07-09T16:25:45.087+0200: 22.057: [GC (Allocation Failure) 22.057: [ParNew: 39241K->424K(39296K), 0.0007234 secs] 103720K->64908K(126720K), 0.0007805 secs] [Times: user=0.00 sys=0.00, real=0.00 secs] 
2014-07-09T16:25:45.191+0200: 22.161: [GC (Allocation Failure) 22.161: [ParNew: 35357K->2543K(39296K), 0.0022716 secs] 99841K->67027K(126720K), 0.0024157 secs] [Times: user=0.00 sys=0.00, real=0.00 secs] 
2014-07-09T16:25:45.338+0200: 22.307: [GC (Allocation Failure) 22.308: [ParNew: 37461K->2953K(39296K), 0.0023944 secs] 101945K->67448K(126720K), 0.0025283 secs] [Times: user=0.00 sys=0.00, real=0.00 secs] 
2014-07-09T16:25:45.490+0200: 22.460: [GC (Allocation Failure) 22.460: [ParNew: 37886K->4327K(39296K), 0.0036993 secs] 102381K->69564K(126720K), 0.0037979 secs] [Times: user=0.00 sys=0.02, real=0.00 secs] 
2014-07-09T16:25:45.594+0200: 22.564: [GC (Allocation Failure) 22.564: [ParNew: 39263K->4327K(39296K), 0.0046165 secs] 104501K->71393K(126720K), 0.0047166 secs] [Times: user=0.00 sys=0.00, real=0.00 secs] 
2014-07-09T16:25:45.787+0200: 22.757: [GC (Allocation Failure) 22.757: [ParNew: 39260K->70K(39296K), 0.0005939 secs] 106326K->67141K(126720K), 0.0006662 secs] [Times: user=0.00 sys=0.00, real=0.00 secs] 
2014-07-09T16:25:45.891+0200: 22.861: [GC (Allocation Failure) 22.861: [ParNew: 34986K->110K(39296K), 0.0007571 secs] 102057K->67181K(126720K), 0.0008227 secs] [Times: user=0.00 sys=0.00, real=0.00 secs] 
2014-07-09T16:25:46.038+0200: 23.008: [GC (Allocation Failure) 23.008: [ParNew: 35043K->2226K(39296K), 0.0018900 secs] 102114K->69297K(126720K), 0.0019735 secs] [Times: user=0.03 sys=0.00, real=0.00 secs] 
2014-07-09T16:25:46.188+0200: 23.158: [GC (Allocation Failure) 23.158: [ParNew: 37162K->3302K(39296K), 0.0027039 secs] 104234K->70388K(126720K), 0.0027798 secs] [Times: user=0.00 sys=0.00, real=0.00 secs] 
2014-07-09T16:25:46.295+0200: 23.265: [GC (Allocation Failure) 23.265: [ParNew: 38235K->4327K(39296K), 0.0041535 secs] 105321K->72506K(126720K), 0.0042470 secs] [Times: user=0.00 sys=0.00, real=0.00 secs] 
2014-07-09T16:25:46.439+0200: 23.409: [GC (Allocation Failure) 23.409: [ParNew: 39245K->4329K(39296K), 0.0039698 secs] 107424K->74018K(126720K), 0.0040629 secs] [Times: user=0.00 sys=0.00, real=0.00 secs] 
2014-07-09T16:25:46.589+0200: 23.559: [GC (Allocation Failure) 23.559: [ParNew: 39241K->4329K(39296K), 0.0042063 secs] 108930K->76072K(126720K), 0.0043188 secs] [Times: user=0.00 sys=0.00, real=0.01 secs] 
2014-07-09T16:25:46.737+0200: 23.707: [GC (Allocation Failure) 23.707: [ParNew: 39262K->294K(39296K), 0.0006643 secs] 111005K->72043K(126720K), 0.0007208 secs] [Times: user=0.00 sys=0.00, real=0.00 secs] 
2014-07-09T16:25:46.888+0200: 23.858: [GC (Allocation Failure) 23.858: [ParNew: 35236K->877K(39296K), 0.0020194 secs] 106985K->72626K(126720K), 0.0021756 secs] [Times: user=0.00 sys=0.00, real=0.00 secs] 
2014-07-09T16:25:46.991+0200: 23.961: [GC (Allocation Failure) 23.962: [ParNew: 35810K->2994K(39296K), 0.0026181 secs] 107559K->74743K(126720K), 0.0028549 secs] [Times: user=0.02 sys=0.00, real=0.00 secs] 
2014-07-09T16:25:47.138+0200: 24.108: [GC (Allocation Failure) 24.108: [ParNew: 37931K->4071K(39296K), 0.0031412 secs] 109680K->75835K(126720K), 0.0033066 secs] [Times: user=0.00 sys=0.00, real=0.00 secs] 
2014-07-09T16:25:47.290+0200: 24.260: [GC (Allocation Failure) 24.260: [ParNew: 39004K->4327K(39296K), 0.0041212 secs] 110768K->77952K(126720K), 0.0042070 secs] [Times: user=0.00 sys=0.00, real=0.00 secs] 
2014-07-09T16:25:47.394+0200: 24.364: [GC (Allocation Failure) 24.364: [ParNew: 39249K->4329K(39296K), 0.0046693 secs] 112874K->79720K(126720K), 0.0047720 secs] [Times: user=0.03 sys=0.00, real=0.00 secs] 
2014-07-09T16:25:47.540+0200: 24.510: [GC (Allocation Failure) 24.510: [ParNew: 39268K->4327K(39296K), 0.0049406 secs] 114659K->82574K(126720K), 0.0050360 secs] [Times: user=0.00 sys=0.00, real=0.01 secs] 
2014-07-09T16:25:47.691+0200: 24.661: [GC (Allocation Failure) 24.661: [ParNew: 39260K->1094K(39296K), 0.0013118 secs] 117507K->79346K(126720K), 0.0013873 secs] [Times: user=0.00 sys=0.00, real=0.00 secs] 
2014-07-09T16:25:47.837+0200: 24.807: [GC (Allocation Failure) 24.807: [ParNew: 36036K->1678K(39296K), 0.0016051 secs] 114288K->79930K(126720K), 0.0016923 secs] [Times: user=0.00 sys=0.00, real=0.00 secs] 
2014-07-09T16:25:47.988+0200: 24.958: [GC (Allocation Failure) 24.959: [ParNew: 36611K->3795K(39296K), 0.0030247 secs] 114863K->82047K(126720K), 0.0031222 secs] [Times: user=0.03 sys=0.00, real=0.00 secs] 
2014-07-09T16:25:48.096+0200: 25.066: [GC (Allocation Failure) 25.066: [ParNew: 38707K->4329K(39296K), 0.0034408 secs] 116959K->82596K(126720K), 0.0035299 secs] [Times: user=0.03 sys=0.00, real=0.00 secs] 
2014-07-09T16:25:48.239+0200: 25.209: [GC (Allocation Failure) 25.209: [ParNew: 39262K->4327K(39296K), 0.0046477 secs] 117529K->84712K(126720K), 0.0047474 secs] [Times: user=0.03 sys=0.00, real=0.00 secs] 
2014-07-09T16:25:48.391+0200: 25.361: [GC (Allocation Failure) 25.361: [ParNew: 39243K->4329K(39296K), 0.0045799 secs] 119628K->87249K(126720K), 0.0047295 secs] [Times: user=0.01 sys=0.00, real=0.00 secs] 
2014-07-09T16:25:48.396+0200: 25.366: [GC (CMS Initial Mark) [1 CMS-initial-mark: 82919K(87424K)] 87315K(126720K), 0.0001620 secs] [Times: user=0.00 sys=0.00, real=0.00 secs] 
2014-07-09T16:25:48.396+0200: 25.366: [CMS-concurrent-mark-start]
2014-07-09T16:25:48.398+0200: 25.368: [CMS-concurrent-mark: 0.001/0.001 secs] [Times: user=0.00 sys=0.00, real=0.00 secs] 
2014-07-09T16:25:48.398+0200: 25.368: [CMS-concurrent-preclean-start]
2014-07-09T16:25:48.398+0200: 25.368: [CMS-concurrent-preclean: 0.000/0.000 secs] [Times: user=0.00 sys=0.00, real=0.00 secs] 
2014-07-09T16:25:48.398+0200: 25.368: [CMS-concurrent-abortable-preclean-start]
2014-07-09T16:25:48.537+0200: 25.507: [GC (Allocation Failure) 25.507: [ParNew: 39262K->774K(39296K), 0.0008165 secs] 122182K->83699K(126720K), 0.0008891 secs] [Times: user=0.00 sys=0.00, real=0.00 secs] 
2014-07-09T16:25:48.538+0200: 25.508: [CMS-concurrent-abortable-preclean: 0.001/0.140 secs] [Times: user=0.02 sys=0.00, real=0.14 secs] 
2014-07-09T16:25:48.538+0200: 25.508: [GC (CMS Final Remark) [YG occupancy: 968 K (39296 K)]25.508: [Rescan (parallel) , 0.0001756 secs]25.508: [weak refs processing, 0.0000260 secs]25.508: [class unloading, 0.0004605 secs]25.509: [scrub symbol table, 0.0005532 secs]25.509: [scrub string table, 0.0001423 secs][1 CMS-remark: 82925K(87424K)] 83893K(126720K), 0.0014636 secs] [Times: user=0.00 sys=0.00, real=0.00 secs] 
2014-07-09T16:25:48.539+0200: 25.509: [CMS-concurrent-sweep-start]
2014-07-09T16:25:48.540+0200: 25.510: [CMS-concurrent-sweep: 0.001/0.001 secs] [Times: user=0.00 sys=0.00, real=0.00 secs] 
2014-07-09T16:25:48.540+0200: 25.510: [CMS-concurrent-reset-start]
2014-07-09T16:25:48.541+0200: 25.511: [CMS-concurrent-reset: 0.000/0.000 secs] [Times: user=0.00 sys=0.00, real=0.00 secs] 
2014-07-09T16:25:48.687+0200: 25.657: [GC (Allocation Failure) 25.657: [ParNew: 35710K->1868K(39296K), 0.0017503 secs] 38647K->4804K(126720K), 0.0018452 secs] [Times: user=0.00 sys=0.00, real=0.00 secs] 
2014-07-09T16:25:48.801+0200: 25.771: [GC (Allocation Failure) 25.771: [ParNew: 36780K->2418K(39296K), 0.0022188 secs] 39716K->5354K(126720K), 0.0023541 secs] [Times: user=0.00 sys=0.00, real=0.00 secs] 
2014-07-09T16:25:48.938+0200: 25.908: [GC (Allocation Failure) 25.908: [ParNew: 37355K->4007K(39296K), 0.0190513 secs] 40291K->6959K(126720K), 0.0199184 secs] [Times: user=0.02 sys=0.00, real=0.02 secs] 
2014-07-09T16:25:49.089+0200: 26.059: [GC (Allocation Failure) 26.059: [ParNew: 38945K->4327K(39296K), 0.0037546 secs] 41897K->8052K(126720K), 0.0038331 secs] [Times: user=0.00 sys=0.00, real=0.00 secs] 
2014-07-09T16:25:49.195+0200: 26.165: [GC (Allocation Failure) 26.165: [ParNew: 39260K->4327K(39296K), 0.0047009 secs] 42985K->10938K(126720K), 0.0048611 secs] [Times: user=0.00 sys=0.00, real=0.01 secs] 
2014-07-09T16:25:49.344+0200: 26.314: [GC (Allocation Failure) 26.314: [ParNew: 39242K->4329K(39296K), 0.0056867 secs] 45853K->14242K(126720K), 0.0057945 secs] [Times: user=0.03 sys=0.00, real=0.01 secs] 
2014-07-09T16:25:49.491+0200: 26.461: [GC (Allocation Failure) 26.461: [ParNew: 39262K->1542K(39296K), 0.0015908 secs] 49175K->11462K(126720K), 0.0016626 secs] [Times: user=0.00 sys=0.00, real=0.00 secs] 
2014-07-09T16:25:49.637+0200: 26.607: [GC (Allocation Failure) 26.607: [ParNew: 36455K->2094K(39296K), 0.0016348 secs] 46374K->12013K(126720K), 0.0017110 secs] [Times: user=0.00 sys=0.00, real=0.00 secs] 
2014-07-09T16:25:49.790+0200: 26.760: [GC (Allocation Failure) 26.760: [ParNew: 37027K->4211K(39296K), 0.0030371 secs] 46946K->14130K(126720K), 0.0031757 secs] [Times: user=0.00 sys=0.00, real=0.00 secs] 
2014-07-09T16:25:49.893+0200: 26.863: [GC (Allocation Failure) 26.863: [ParNew: 39153K->4327K(39296K), 0.0035728 secs] 49073K->14709K(126720K), 0.0036714 secs] [Times: user=0.00 sys=0.00, real=0.00 secs] 
2014-07-09T16:25:50.041+0200: 27.011: [GC (Allocation Failure) 27.011: [ParNew: 39260K->4327K(39296K), 0.0045062 secs] 49642K->17275K(126720K), 0.0046004 secs] [Times: user=0.00 sys=0.00, real=0.00 secs] 
2014-07-09T16:25:50.190+0200: 27.160: [GC (Allocation Failure) 27.160: [ParNew: 39263K->4327K(39296K), 0.0054367 secs] 52212K->20929K(126720K), 0.0055287 secs] [Times: user=0.00 sys=0.00, real=0.01 secs] 
2014-07-09T16:25:50.295+0200: 27.266: [GC (Allocation Failure) 27.266: [ParNew: 39263K->728K(39296K), 0.0010581 secs] 55865K->17336K(126720K), 0.0011307 secs] [Times: user=0.00 sys=0.00, real=0.00 secs] 
2014-07-09T16:25:50.488+0200: 27.457: [GC (Allocation Failure) 27.457: [ParNew: 35646K->1805K(39296K), 0.0017077 secs] 52253K->18413K(126720K), 0.0018298 secs] [Times: user=0.00 sys=0.00, real=0.00 secs] 
2014-07-09T16:25:50.591+0200: 27.560: [GC (Allocation Failure) 27.560: [ParNew: 36744K->2898K(39296K), 0.0025345 secs] 53351K->19506K(126720K), 0.0026459 secs] [Times: user=0.00 sys=0.00, real=0.00 secs] 
2014-07-09T16:25:50.739+0200: 27.708: [GC (Allocation Failure) 27.708: [ParNew: 37831K->4327K(39296K), 0.0034998 secs] 54439K->21623K(126720K), 0.0035977 secs] [Times: user=0.00 sys=0.00, real=0.00 secs] 
2014-07-09T16:25:50.890+0200: 27.859: [GC (Allocation Failure) 27.859: [ParNew: 39269K->4329K(39296K), 0.0038059 secs] 56565K->22878K(126720K), 0.0038972 secs] [Times: user=0.03 sys=0.00, real=0.00 secs] 
2014-07-09T16:25:50.995+0200: 27.964: [GC (Allocation Failure) 27.964: [ParNew: 39262K->4327K(39296K), 0.0052706 secs] 57811K->26243K(126720K), 0.0053879 secs] [Times: user=0.00 sys=0.00, real=0.01 secs] 
2014-07-09T16:25:51.187+0200: 28.156: [GC (Allocation Failure) 28.156: [ParNew: 39239K->39K(39296K), 0.0005345 secs] 61155K->21959K(126720K), 0.0005870 secs] [Times: user=0.00 sys=0.00, real=0.00 secs] 
2014-07-09T16:25:51.291+0200: 28.260: [GC (Allocation Failure) 28.260: [ParNew: 34972K->2158K(39296K), 0.0019405 secs] 56892K->24078K(126720K), 0.0020249 secs] [Times: user=0.00 sys=0.00, real=0.00 secs] 
2014-07-09T16:25:51.437+0200: 28.407: [GC (Allocation Failure) 28.407: [ParNew: 37073K->2578K(39296K), 0.0023090 secs] 58993K->24499K(126720K), 0.0024029 secs] [Times: user=0.00 sys=0.02, real=0.00 secs] 
2014-07-09T16:25:51.588+0200: 28.558: [GC (Allocation Failure) 28.558: [ParNew: 37515K->3654K(39296K), 0.0026584 secs] 59436K->25591K(126720K), 0.0027431 secs] [Times: user=0.00 sys=0.00, real=0.00 secs] 
2014-07-09T16:25:51.693+0200: 28.662: [GC (Allocation Failure) 28.662: [ParNew: 38587K->4327K(39296K), 0.0042015 secs] 60524K->27708K(126720K), 0.0043148 secs] [Times: user=0.00 sys=0.00, real=0.00 secs] 
2014-07-09T16:25:51.839+0200: 28.808: [GC (Allocation Failure) 28.808: [ParNew: 39243K->4329K(39296K), 0.0039530 secs] 62624K->29188K(126720K), 0.0040420 secs] [Times: user=0.00 sys=0.00, real=0.00 secs] 
2014-07-09T16:25:51.992+0200: 28.961: [GC (Allocation Failure) 28.961: [ParNew: 39262K->4327K(39296K), 0.0067503 secs] 64121K->32777K(126720K), 0.0068761 secs] [Times: user=0.00 sys=0.00, real=0.01 secs] 
2014-07-09T16:25:52.137+0200: 29.106: [GC (Allocation Failure) 29.106: [ParNew: 39265K->806K(39296K), 0.0008762 secs] 67716K->29261K(126720K), 0.0009503 secs] [Times: user=0.00 sys=0.00, real=0.00 secs] 
2014-07-09T16:25:52.288+0200: 29.257: [GC (Allocation Failure) 29.257: [ParNew: 35739K->2924K(39296K), 0.0022456 secs] 64194K->31379K(126720K), 0.0023229 secs] [Times: user=0.00 sys=0.00, real=0.00 secs] 
2014-07-09T16:25:52.393+0200: 29.362: [GC (Allocation Failure) 29.362: [ParNew: 37842K->3336K(39296K), 0.0030118 secs] 66297K->31801K(126720K), 0.0031112 secs] [Times: user=0.00 sys=0.00, real=0.00 secs] 
2014-07-09T16:25:52.545+0200: 29.514: [GC (Allocation Failure) 29.514: [ParNew: 38269K->4327K(39296K), 0.0043874 secs] 66734K->33918K(126720K), 0.0045132 secs] [Times: user=0.03 sys=0.00, real=0.00 secs] 
2014-07-09T16:25:52.690+0200: 29.659: [GC (Allocation Failure) 29.659: [ParNew: 39269K->4329K(39296K), 0.0039416 secs] 68860K->35621K(126720K), 0.0040362 secs] [Times: user=0.00 sys=0.00, real=0.00 secs] 
2014-07-09T16:25:52.796+0200: 29.766: [GC (Allocation Failure) 29.766: [ParNew: 39267K->4327K(39296K), 0.0053282 secs] 70560K->38922K(126720K), 0.0054924 secs] [Times: user=0.00 sys=0.00, real=0.01 secs] 
2014-07-09T16:25:52.987+0200: 29.956: [GC (Allocation Failure) 29.956: [ParNew: 39265K->518K(39296K), 0.0015831 secs] 73861K->35118K(126720K), 0.0016626 secs] [Times: user=0.00 sys=0.00, real=0.00 secs] 
2014-07-09T16:25:53.091+0200: 30.061: [GC (Allocation Failure) 30.061: [ParNew: 35454K->1611K(39296K), 0.0020395 secs] 70055K->36212K(126720K), 0.0021396 secs] [Times: user=0.03 sys=0.00, real=0.00 secs] 
2014-07-09T16:25:53.238+0200: 30.207: [GC (Allocation Failure) 30.208: [ParNew: 36544K->3729K(39296K), 0.0026899 secs] 71145K->38329K(126720K), 0.0027706 secs] [Times: user=0.00 sys=0.00, real=0.00 secs] 
2014-07-09T16:25:53.390+0200: 30.359: [GC (Allocation Failure) 30.359: [ParNew: 38649K->3624K(39296K), 0.0026368 secs] 73250K->38239K(126720K), 0.0027116 secs] [Times: user=0.00 sys=0.00, real=0.00 secs] 
2014-07-09T16:25:53.493+0200: 30.462: [GC (Allocation Failure) 30.462: [ParNew: 38557K->4327K(39296K), 0.0042521 secs] 73172K->40356K(126720K), 0.0043489 secs] [Times: user=0.00 sys=0.00, real=0.00 secs] 
2014-07-09T16:25:53.640+0200: 30.610: [GC (Allocation Failure) 30.610: [ParNew: 39265K->4327K(39296K), 0.0046521 secs] 75295K->42858K(126720K), 0.0047386 secs] [Times: user=0.00 sys=0.00, real=0.00 secs] 
2014-07-09T16:25:53.791+0200: 30.760: [GC (Allocation Failure) 30.760: [ParNew: 39263K->743K(39296K), 0.0009862 secs] 77794K->39279K(126720K), 0.0010522 secs] [Times: user=0.00 sys=0.00, real=0.00 secs] 
2014-07-09T16:25:53.937+0200: 30.906: [GC (Allocation Failure) 30.906: [ParNew: 35682K->1323K(39296K), 0.0015101 secs] 74218K->39859K(126720K), 0.0015787 secs] [Times: user=0.00 sys=0.00, real=0.00 secs] 
2014-07-09T16:25:54.089+0200: 31.058: [GC (Allocation Failure) 31.059: [ParNew: 36266K->1906K(39296K), 0.0015156 secs] 74802K->40442K(126720K), 0.0016264 secs] [Times: user=0.03 sys=0.00, real=0.00 secs] 
2014-07-09T16:25:54.192+0200: 31.162: [GC (Allocation Failure) 31.162: [ParNew: 36839K->4022K(39296K), 0.0033088 secs] 75375K->42558K(126720K), 0.0035189 secs] [Times: user=0.00 sys=0.00, real=0.00 secs] 
2014-07-09T16:25:54.339+0200: 31.308: [GC (Allocation Failure) 31.308: [ParNew: 38940K->4329K(39296K), 0.0032465 secs] 77476K->42979K(126720K), 0.0033433 secs] [Times: user=0.03 sys=0.00, real=0.00 secs] 
2014-07-09T16:25:54.489+0200: 31.458: [GC (Allocation Failure) 31.459: [ParNew: 39262K->4327K(39296K), 0.0043716 secs] 77912K->45191K(126720K), 0.0044923 secs] [Times: user=0.00 sys=0.00, real=0.00 secs] 
2014-07-09T16:25:54.601+0200: 31.570: [GC (Allocation Failure) 31.570: [ParNew: 39263K->4327K(39296K), 0.0092265 secs] 80128K->48493K(126720K), 0.0095389 secs] [Times: user=0.00 sys=0.00, real=0.01 secs] 
2014-07-09T16:25:54.787+0200: 31.756: [GC (Allocation Failure) 31.757: [ParNew: 39260K->1542K(39296K), 0.0017367 secs] 83426K->45713K(126720K), 0.0018214 secs] [Times: user=0.00 sys=0.00, real=0.00 secs] 
2014-07-09T16:25:54.895+0200: 31.864: [GC (Allocation Failure) 31.865: [ParNew: 36458K->1581K(39296K), 0.0016465 secs] 80630K->45753K(126720K), 0.0017671 secs] [Times: user=0.00 sys=0.00, real=0.00 secs] 
2014-07-09T16:25:55.038+0200: 32.008: [GC (Allocation Failure) 32.008: [ParNew: 36520K->2673K(39296K), 0.0028736 secs] 80691K->46844K(126720K), 0.0029869 secs] [Times: user=0.00 sys=0.00, real=0.00 secs] 
2014-07-09T16:25:55.197+0200: 32.167: [GC (Allocation Failure) 32.167: [ParNew: 37606K->4327K(39296K), 0.0035163 secs] 81777K->48961K(126720K), 0.0036076 secs] [Times: user=0.03 sys=0.00, real=0.00 secs] 
2014-07-09T16:25:55.294+0200: 32.263: [GC (Allocation Failure) 32.263: [ParNew: 39260K->4327K(39296K), 0.0047870 secs] 83894K->51527K(126720K), 0.0048857 secs] [Times: user=0.00 sys=0.00, real=0.01 secs] 
2014-07-09T16:25:55.440+0200: 32.409: [GC (Allocation Failure) 32.409: [ParNew: 39242K->4329K(39296K), 0.0048160 secs] 86442K->54511K(126720K), 0.0048871 secs] [Times: user=0.00 sys=0.00, real=0.00 secs] 
2014-07-09T16:25:55.590+0200: 32.560: [GC (Allocation Failure) 32.560: [ParNew: 39271K->4329K(39296K), 0.0053956 secs] 89453K->58070K(126720K), 0.0054906 secs] [Times: user=0.00 sys=0.00, real=0.01 secs] 
2014-07-09T16:25:55.737+0200: 32.707: [GC (Allocation Failure) 32.707: [ParNew: 39262K->1798K(39296K), 0.0019944 secs] 93003K->55545K(126720K), 0.0020751 secs] [Times: user=0.00 sys=0.00, real=0.00 secs] 
2014-07-09T16:25:55.887+0200: 32.857: [GC (Allocation Failure) 32.857: [ParNew: 36711K->2348K(39296K), 0.0020337 secs] 90458K->56095K(126720K), 0.0021143 secs] [Times: user=0.00 sys=0.00, real=0.00 secs] 
2014-07-09T16:25:55.993+0200: 32.962: [GC (Allocation Failure) 32.962: [ParNew: 37281K->4327K(39296K), 0.0034378 secs] 91028K->58212K(126720K), 0.0035420 secs] [Times: user=0.00 sys=0.00, real=0.00 secs] 
2014-07-09T16:25:56.140+0200: 33.109: [GC (Allocation Failure) 33.109: [ParNew: 39263K->4327K(39296K), 0.0040325 secs] 93149K->59433K(126720K), 0.0041069 secs] [Times: user=0.00 sys=0.00, real=0.00 secs] 
2014-07-09T16:25:56.291+0200: 33.260: [GC (Allocation Failure) 33.260: [ParNew: 39260K->4327K(39296K), 0.0051100 secs] 94366K->62768K(126720K), 0.0052061 secs] [Times: user=0.00 sys=0.00, real=0.01 secs] 
2014-07-09T16:25:56.394+0200: 33.363: [GC (Allocation Failure) 33.363: [ParNew: 39251K->4329K(39296K), 0.0053535 secs] 97692K->66008K(126720K), 0.0054943 secs] [Times: user=0.03 sys=0.00, real=0.00 secs] 
2014-07-09T16:25:56.587+0200: 33.556: [GC (Allocation Failure) 33.556: [ParNew: 39268K->454K(39296K), 0.0007006 secs] 100947K->62139K(126720K), 0.0007692 secs] [Times: user=0.00 sys=0.00, real=0.00 secs] 
2014-07-09T16:25:56.691+0200: 33.661: [GC (Allocation Failure) 33.661: [ParNew: 35387K->2573K(39296K), 0.0023152 secs] 97072K->64258K(126720K), 0.0024263 secs] [Times: user=0.00 sys=0.00, real=0.00 secs] 
2014-07-09T16:25:56.838+0200: 33.808: [GC (Allocation Failure) 33.808: [ParNew: 37515K->3144K(39296K), 0.0027336 secs] 99201K->64840K(126720K), 0.0028106 secs] [Times: user=0.00 sys=0.00, real=0.00 secs] 
2014-07-09T16:25:56.989+0200: 33.959: [GC (Allocation Failure) 33.959: [ParNew: 38077K->4327K(39296K), 0.0039280 secs] 99773K->66956K(126720K), 0.0040233 secs] [Times: user=0.03 sys=0.00, real=0.00 secs] 
2014-07-09T16:25:57.094+0200: 34.063: [GC (Allocation Failure) 34.063: [ParNew: 39269K->4329K(39296K), 0.0042980 secs] 101899K->68467K(126720K), 0.0043973 secs] [Times: user=0.00 sys=0.00, real=0.00 secs] 
2014-07-09T16:25:57.240+0200: 34.210: [GC (Allocation Failure) 34.210: [ParNew: 39262K->4327K(39296K), 0.0056622 secs] 103400K->72088K(126720K), 0.0057575 secs] [Times: user=0.03 sys=0.00, real=0.01 secs] 
2014-07-09T16:25:57.390+0200: 34.360: [GC (Allocation Failure) 34.360: [ParNew: 39247K->168K(39296K), 0.0007582 secs] 107009K->67934K(126720K), 0.0008553 secs] [Times: user=0.00 sys=0.00, real=0.00 secs] 
2014-07-09T16:25:57.538+0200: 34.507: [GC (Allocation Failure) 34.507: [ParNew: 35104K->1261K(39296K), 0.0016524 secs] 102870K->69027K(126720K), 0.0017374 secs] [Times: user=0.00 sys=0.00, real=0.00 secs] 
2014-07-09T16:25:57.688+0200: 34.658: [GC (Allocation Failure) 34.658: [ParNew: 36194K->3378K(39296K), 0.0025840 secs] 103960K->71144K(126720K), 0.0026628 secs] [Times: user=0.00 sys=0.00, real=0.00 secs] 
2014-07-09T16:25:57.795+0200: 34.764: [GC (Allocation Failure) 34.764: [ParNew: 38311K->4327K(39296K), 0.0041172 secs] 106077K->73260K(126720K), 0.0042232 secs] [Times: user=0.00 sys=0.00, real=0.00 secs] 
2014-07-09T16:25:57.939+0200: 34.909: [GC (Allocation Failure) 34.909: [ParNew: 39243K->4329K(39296K), 0.0041770 secs] 108176K->74451K(126720K), 0.0042936 secs] [Times: user=0.03 sys=0.00, real=0.00 secs] 
2014-07-09T16:25:58.091+0200: 35.060: [GC (Allocation Failure) 35.061: [ParNew: 39267K->4327K(39296K), 0.0042822 secs] 109390K->76728K(126720K), 0.0043973 secs] [Times: user=0.00 sys=0.00, real=0.00 secs] 
2014-07-09T16:25:58.237+0200: 35.206: [GC (Allocation Failure) 35.206: [ParNew: 39260K->518K(39296K), 0.0007340 secs] 111661K->72924K(126720K), 0.0007915 secs] [Times: user=0.00 sys=0.00, real=0.00 secs] 
2014-07-09T16:25:58.394+0200: 35.363: [GC (Allocation Failure) 35.363: [ParNew: 35436K->941K(39296K), 0.0009811 secs] 107842K->73348K(126720K), 0.0010617 secs] [Times: user=0.00 sys=0.00, real=0.00 secs] 
2014-07-09T16:25:58.492+0200: 35.462: [GC (Allocation Failure) 35.462: [ParNew: 35874K->3058K(39296K), 0.0025843 secs] 108281K->75465K(126720K), 0.0026870 secs] [Times: user=0.00 sys=0.00, real=0.00 secs] 
2014-07-09T16:25:58.638+0200: 35.607: [GC (Allocation Failure) 35.608: [ParNew: 38000K->3624K(39296K), 0.0027809 secs] 110407K->76046K(126720K), 0.0028696 secs] [Times: user=0.00 sys=0.00, real=0.00 secs] 
2014-07-09T16:25:58.789+0200: 35.758: [GC (Allocation Failure) 35.759: [ParNew: 38557K->4327K(39296K), 0.0039944 secs] 110979K->78163K(126720K), 0.0040875 secs] [Times: user=0.00 sys=0.00, real=0.00 secs] 
2014-07-09T16:25:58.893+0200: 35.863: [GC (Allocation Failure) 35.863: [ParNew: 39239K->4329K(39296K), 0.0047009 secs] 113075K->80122K(126720K), 0.0047969 secs] [Times: user=0.03 sys=0.00, real=0.01 secs] 
2014-07-09T16:25:59.041+0200: 36.010: [GC (Allocation Failure) 36.010: [ParNew: 39270K->205K(39296K), 0.0007809 secs] 115063K->76004K(126720K), 0.0008539 secs] [Times: user=0.00 sys=0.00, real=0.00 secs] 
2014-07-09T16:25:59.191+0200: 36.160: [GC (Allocation Failure) 36.160: [ParNew: 35134K->1291K(39296K), 0.0016234 secs] 110933K->77090K(126720K), 0.0017041 secs] [Times: user=0.00 sys=0.00, real=0.00 secs] 
2014-07-09T16:25:59.337+0200: 36.307: [GC (Allocation Failure) 36.307: [ParNew: 36215K->1202K(39296K), 0.0010900 secs] 112014K->77001K(126720K), 0.0011593 secs] [Times: user=0.00 sys=0.00, real=0.00 secs] 
2014-07-09T16:25:59.488+0200: 36.458: [GC (Allocation Failure) 36.458: [ParNew: 36135K->3318K(39296K), 0.0025895 secs] 111934K->79117K(126720K), 0.0026672 secs] [Times: user=0.00 sys=0.00, real=0.00 secs] 
2014-07-09T16:25:59.599+0200: 36.568: [GC (Allocation Failure) 36.568: [ParNew: 38256K->4327K(39296K), 0.0033088 secs] 114055K->80206K(126720K), 0.0034071 secs] [Times: user=0.00 sys=0.00, real=0.00 secs] 
2014-07-09T16:25:59.739+0200: 36.709: [GC (Allocation Failure) 36.709: [ParNew: 39260K->4327K(39296K), 0.0048098 secs] 115139K->82388K(126720K), 0.0049022 secs] [Times: user=0.00 sys=0.00, real=0.00 secs] 
2014-07-09T16:25:59.893+0200: 36.863: [GC (Allocation Failure) 36.863: [ParNew: 39269K->4327K(39296K), 0.0046917 secs] 117330K->85146K(126720K), 0.0048046 secs] [Times: user=0.00 sys=0.00, real=0.01 secs] 
2014-07-09T16:25:59.899+0200: 36.868: [GC (CMS Initial Mark) [1 CMS-initial-mark: 80819K(87424K)] 85244K(126720K), 0.0002013 secs] [Times: user=0.00 sys=0.00, real=0.00 secs] 
2014-07-09T16:25:59.899+0200: 36.869: [CMS-concurrent-mark-start]
2014-07-09T16:25:59.901+0200: 36.870: [CMS-concurrent-mark: 0.002/0.002 secs] [Times: user=0.00 sys=0.00, real=0.00 secs] 
2014-07-09T16:25:59.901+0200: 36.870: [CMS-concurrent-preclean-start]
2014-07-09T16:25:59.901+0200: 36.871: [CMS-concurrent-preclean: 0.000/0.000 secs] [Times: user=0.00 sys=0.00, real=0.00 secs] 
2014-07-09T16:25:59.901+0200: 36.871: [CMS-concurrent-abortable-preclean-start]
2014-07-09T16:26:00.038+0200: 37.007: [GC (Allocation Failure) 37.007: [ParNew: 39260K->998K(39296K), 0.0011538 secs] 120079K->81823K(126720K), 0.0012212 secs] [Times: user=0.00 sys=0.00, real=0.00 secs] 
2014-07-09T16:26:00.188+0200: 37.158: [GC (Allocation Failure) 37.158: [ParNew: 35940K->1582K(39296K), 0.0014170 secs] 116765K->82406K(126720K), 0.0014830 secs] [Times: user=0.00 sys=0.00, real=0.00 secs] 
2014-07-09T16:26:00.189+0200: 37.159: [CMS-concurrent-abortable-preclean: 0.001/0.288 secs] [Times: user=0.02 sys=0.00, real=0.29 secs] 
2014-07-09T16:26:00.191+0200: 37.161: [GC (CMS Final Remark) [YG occupancy: 3795 K (39296 K)]37.161: [Rescan (parallel) , 0.0004619 secs]37.161: [weak refs processing, 0.0000279 secs]37.161: [class unloading, 0.0004425 secs]37.162: [scrub symbol table, 0.0005899 secs]37.162: [scrub string table, 0.0001664 secs][1 CMS-remark: 80824K(87424K)] 84620K(126720K), 0.0018273 secs] [Times: user=0.00 sys=0.00, real=0.00 secs] 
2014-07-09T16:26:00.193+0200: 37.163: [CMS-concurrent-sweep-start]
2014-07-09T16:26:00.194+0200: 37.164: [CMS-concurrent-sweep: 0.001/0.001 secs] [Times: user=0.00 sys=0.00, real=0.00 secs] 
2014-07-09T16:26:00.194+0200: 37.164: [CMS-concurrent-reset-start]
2014-07-09T16:26:00.195+0200: 37.164: [CMS-concurrent-reset: 0.000/0.000 secs] [Times: user=0.00 sys=0.00, real=0.00 secs] 
2014-07-09T16:26:00.293+0200: 37.263: [GC (Allocation Failure) 37.263: [ParNew: 36515K->3699K(39296K), 0.0028908 secs] 39703K->6887K(126720K), 0.0029741 secs] [Times: user=0.00 sys=0.00, real=0.00 secs] 
2014-07-09T16:26:00.438+0200: 37.407: [GC (Allocation Failure) 37.407: [ParNew: 38617K->4105K(39296K), 0.0032149 secs] 41805K->7309K(126720K), 0.0032993 secs] [Times: user=0.03 sys=0.00, real=0.00 secs] 
2014-07-09T16:26:00.589+0200: 37.557: [GC (Allocation Failure) 37.557: [ParNew: 39042K->4327K(39296K), 0.0039955 secs] 42245K->8401K(126720K), 0.0040868 secs] [Times: user=0.00 sys=0.00, real=0.00 secs] 
2014-07-09T16:26:00.693+0200: 37.662: [GC (Allocation Failure) 37.662: [ParNew: 39260K->4327K(39296K), 0.0052453 secs] 43334K->11383K(126720K), 0.0053813 secs] [Times: user=0.00 sys=0.00, real=0.00 secs] 
2014-07-09T16:26:00.840+0200: 37.809: [GC (Allocation Failure) 37.809: [ParNew: 39243K->4329K(39296K), 0.0048230 secs] 46299K->14399K(126720K), 0.0049238 secs] [Times: user=0.00 sys=0.00, real=0.01 secs] 
2014-07-09T16:26:00.990+0200: 37.959: [GC (Allocation Failure) 37.959: [ParNew: 39262K->1254K(39296K), 0.0027134 secs] 49332K->11330K(126720K), 0.0028395 secs] [Times: user=0.00 sys=0.00, real=0.00 secs] 
2014-07-09T16:26:01.137+0200: 38.106: [GC (Allocation Failure) 38.106: [ParNew: 36193K->2348K(39296K), 0.0019046 secs] 46269K->12424K(126720K), 0.0019908 secs] [Times: user=0.00 sys=0.00, real=0.00 secs] 
2014-07-09T16:26:01.288+0200: 38.257: [GC (Allocation Failure) 38.257: [ParNew: 37281K->4327K(39296K), 0.0034107 secs] 47357K->14541K(126720K), 0.0034925 secs] [Times: user=0.00 sys=0.00, real=0.00 secs] 
2014-07-09T16:26:01.392+0200: 38.361: [GC (Allocation Failure) 38.361: [ParNew: 39242K->4329K(39296K), 0.0035493 secs] 49456K->15092K(126720K), 0.0036410 secs] [Times: user=0.00 sys=0.00, real=0.00 secs] 
2014-07-09T16:26:01.540+0200: 38.508: [GC (Allocation Failure) 38.508: [ParNew: 39262K->4327K(39296K), 0.0051196 secs] 50025K->17753K(126720K), 0.0052174 secs] [Times: user=0.00 sys=0.00, real=0.01 secs] 
2014-07-09T16:26:01.691+0200: 38.659: [GC (Allocation Failure) 38.659: [ParNew: 39269K->4327K(39296K), 0.0050829 secs] 52695K->20991K(126720K), 0.0051687 secs] [Times: user=0.00 sys=0.00, real=0.01 secs] 
2014-07-09T16:26:01.795+0200: 38.764: [GC (Allocation Failure) 38.764: [ParNew: 39269K->455K(39296K), 0.0009529 secs] 55933K->17124K(126720K), 0.0010273 secs] [Times: user=0.00 sys=0.00, real=0.00 secs] 
2014-07-09T16:26:01.988+0200: 38.956: [GC (Allocation Failure) 38.957: [ParNew: 35388K->2060K(39296K), 0.0017723 secs] 52058K->18729K(126720K), 0.0018463 secs] [Times: user=0.00 sys=0.00, real=0.00 secs] 
2014-07-09T16:26:02.091+0200: 39.060: [GC (Allocation Failure) 39.060: [ParNew: 36996K->3153K(39296K), 0.0033455 secs] 53666K->19822K(126720K), 0.0034690 secs] [Times: user=0.02 sys=0.00, real=0.00 secs] 
2014-07-09T16:26:02.239+0200: 39.208: [GC (Allocation Failure) 39.208: [ParNew: 38086K->4327K(39296K), 0.0039255 secs] 54755K->21940K(126720K), 0.0040091 secs] [Times: user=0.00 sys=0.00, real=0.00 secs] 
2014-07-09T16:26:02.389+0200: 39.358: [GC (Allocation Failure) 39.358: [ParNew: 39248K->4329K(39296K), 0.0044805 secs] 56861K->22779K(126720K), 0.0045854 secs] [Times: user=0.03 sys=0.00, real=0.01 secs] 
2014-07-09T16:26:02.500+0200: 39.469: [GC (Allocation Failure) 39.469: [ParNew: 39262K->4327K(39296K), 0.0086395 secs] 57712K->25729K(126720K), 0.0088621 secs] [Times: user=0.00 sys=0.00, real=0.01 secs] 
2014-07-09T16:26:02.687+0200: 39.656: [GC (Allocation Failure) 39.656: [ParNew: 39265K->166K(39296K), 0.0006871 secs] 60667K->21572K(126720K), 0.0007978 secs] [Times: user=0.00 sys=0.00, real=0.00 secs] 
2014-07-09T16:26:02.791+0200: 39.759: [GC (Allocation Failure) 39.760: [ParNew: 35099K->2285K(39296K), 0.0022888 secs] 56505K->23691K(126720K), 0.0023911 secs] [Times: user=0.00 sys=0.00, real=0.00 secs] 
2014-07-09T16:26:02.938+0200: 39.906: [GC (Allocation Failure) 39.907: [ParNew: 37227K->2854K(39296K), 0.0021917 secs] 58634K->24271K(126720K), 0.0022929 secs] [Times: user=0.00 sys=0.00, real=0.00 secs] 
2014-07-09T16:26:03.088+0200: 40.057: [GC (Allocation Failure) 40.057: [ParNew: 37797K->3432K(39296K), 0.0026984 secs] 59213K->24854K(126720K), 0.0027768 secs] [Times: user=0.00 sys=0.00, real=0.00 secs] 
2014-07-09T16:26:03.196+0200: 40.165: [GC (Allocation Failure) 40.165: [ParNew: 38365K->4327K(39296K), 0.0039900 secs] 59787K->26971K(126720K), 0.0041363 secs] [Times: user=0.00 sys=0.00, real=0.00 secs] 
2014-07-09T16:26:03.339+0200: 40.308: [GC (Allocation Failure) 40.308: [ParNew: 39242K->4329K(39296K), 0.0043878 secs] 61886K->28610K(126720K), 0.0044787 secs] [Times: user=0.03 sys=0.00, real=0.01 secs] 
2014-07-09T16:26:03.490+0200: 40.459: [GC (Allocation Failure) 40.459: [ParNew: 39262K->4327K(39296K), 0.0059577 secs] 63543K->32360K(126720K), 0.0060636 secs] [Times: user=0.00 sys=0.00, real=0.01 secs] 
2014-07-09T16:26:03.637+0200: 40.606: [GC (Allocation Failure) 40.606: [ParNew: 39265K->966K(39296K), 0.0010566 secs] 67298K->29003K(126720K), 0.0011244 secs] [Times: user=0.03 sys=0.00, real=0.00 secs] 
2014-07-09T16:26:03.788+0200: 40.757: [GC (Allocation Failure) 40.757: [ParNew: 35899K->3084K(39296K), 0.0023702 secs] 63936K->31121K(126720K), 0.0024483 secs] [Times: user=0.00 sys=0.00, real=0.00 secs] 
2014-07-09T16:26:03.892+0200: 40.861: [GC (Allocation Failure) 40.861: [ParNew: 38000K->3113K(39296K), 0.0027431 secs] 66037K->31160K(126720K), 0.0028274 secs] [Times: user=0.00 sys=0.00, real=0.00 secs] 
2014-07-09T16:26:04.039+0200: 41.008: [GC (Allocation Failure) 41.008: [ParNew: 38046K->4327K(39296K), 0.0037601 secs] 66093K->33277K(126720K), 0.0038422 secs] [Times: user=0.00 sys=0.00, real=0.00 secs] 
2014-07-09T16:26:04.189+0200: 41.158: [GC (Allocation Failure) 41.158: [ParNew: 39265K->4327K(39296K), 0.0044435 secs] 68215K->35266K(126720K), 0.0045359 secs] [Times: user=0.00 sys=0.00, real=0.01 secs] 
2014-07-09T16:26:04.295+0200: 41.264: [GC (Allocation Failure) 41.264: [ParNew: 39268K->238K(39296K), 0.0008036 secs] 70208K->31182K(126720K), 0.0008652 secs] [Times: user=0.00 sys=0.00, real=0.00 secs] 
2014-07-09T16:26:04.487+0200: 41.456: [GC (Allocation Failure) 41.456: [ParNew: 35179K->685K(39296K), 0.0007633 secs] 66123K->31629K(126720K), 0.0008414 secs] [Times: user=0.00 sys=0.00, real=0.00 secs] 
2014-07-09T16:26:04.591+0200: 41.560: [GC (Allocation Failure) 41.560: [ParNew: 35627K->1266K(39296K), 0.0013514 secs] 66571K->32210K(126720K), 0.0014335 secs] [Times: user=0.00 sys=0.00, real=0.00 secs] 
2014-07-09T16:26:04.738+0200: 41.707: [GC (Allocation Failure) 41.707: [ParNew: 36199K->3383K(39296K), 0.0025975 secs] 67143K->34327K(126720K), 0.0026764 secs] [Times: user=0.00 sys=0.00, real=0.00 secs] 
2014-07-09T16:26:04.889+0200: 41.858: [GC (Allocation Failure) 41.858: [ParNew: 38325K->3943K(39296K), 0.0029165 secs] 69269K->34905K(126720K), 0.0029968 secs] [Times: user=0.00 sys=0.00, real=0.00 secs] 
2014-07-09T16:26:04.995+0200: 41.964: [GC (Allocation Failure) 41.964: [ParNew: 38876K->4327K(39296K), 0.0041135 secs] 69838K->37023K(126720K), 0.0042356 secs] [Times: user=0.00 sys=0.00, real=0.01 secs] 
2014-07-09T16:26:05.140+0200: 42.109: [GC (Allocation Failure) 42.109: [ParNew: 39265K->4327K(39296K), 0.0052838 secs] 71961K->39844K(126720K), 0.0053894 secs] [Times: user=0.00 sys=0.00, real=0.00 secs] 
2014-07-09T16:26:05.294+0200: 42.263: [GC (Allocation Failure) 42.263: [ParNew: 39260K->1062K(39296K), 0.0040292 secs] 74777K->36585K(126720K), 0.0042584 secs] [Times: user=0.00 sys=0.00, real=0.00 secs] 
2014-07-09T16:26:05.437+0200: 42.406: [GC (Allocation Failure) 42.406: [ParNew: 35983K->974K(39296K), 0.0011626 secs] 71506K->36496K(126720K), 0.0012297 secs] [Times: user=0.00 sys=0.00, real=0.00 secs] 
2014-07-09T16:26:05.587+0200: 42.556: [GC (Allocation Failure) 42.556: [ParNew: 35910K->2066K(39296K), 0.0019457 secs] 71433K->37589K(126720K), 0.0020278 secs] [Times: user=0.03 sys=0.00, real=0.00 secs] 
2014-07-09T16:26:05.692+0200: 42.661: [GC (Allocation Failure) 42.661: [ParNew: 36999K->4182K(39296K), 0.0037535 secs] 72522K->39705K(126720K), 0.0038393 secs] [Times: user=0.00 sys=0.00, real=0.00 secs] 
2014-07-09T16:26:05.839+0200: 42.808: [GC (Allocation Failure) 42.808: [ParNew: 39125K->4329K(39296K), 0.0035783 secs] 74647K->40285K(126720K), 0.0036721 secs] [Times: user=0.00 sys=0.00, real=0.00 secs] 
2014-07-09T16:26:05.989+0200: 42.958: [GC (Allocation Failure) 42.958: [ParNew: 39262K->4327K(39296K), 0.0058660 secs] 75218K->42818K(126720K), 0.0059650 secs] [Times: user=0.03 sys=0.00, real=0.01 secs] 
2014-07-09T16:26:06.096+0200: 43.065: [GC (Allocation Failure) 43.065: [ParNew: 39269K->4327K(39296K), 0.0050070 secs] 77760K->45928K(126720K), 0.0051020 secs] [Times: user=0.00 sys=0.00, real=0.01 secs] 
2014-07-09T16:26:06.287+0200: 43.256: [GC (Allocation Failure) 43.256: [ParNew: 39260K->1350K(39296K), 0.0014302 secs] 80861K->42957K(126720K), 0.0014933 secs] [Times: user=0.00 sys=0.00, real=0.00 secs] 
2014-07-09T16:26:06.395+0200: 43.364: [GC (Allocation Failure) 43.364: [ParNew: 36268K->1773K(39296K), 0.0016923 secs] 77875K->43380K(126720K), 0.0018177 secs] [Times: user=0.00 sys=0.00, real=0.00 secs] 
2014-07-09T16:26:06.544+0200: 43.513: [GC (Allocation Failure) 43.513: [ParNew: 36707K->3891K(39296K), 0.0091722 secs] 78313K->45497K(126720K), 0.0093962 secs] [Times: user=0.00 sys=0.00, real=0.01 secs] 
2014-07-09T16:26:06.688+0200: 43.658: [GC (Allocation Failure) 43.658: [ParNew: 38829K->4327K(39296K), 0.0035299 secs] 80436K->46588K(126720K), 0.0036560 secs] [Times: user=0.00 sys=0.00, real=0.00 secs] 
2014-07-09T16:26:06.793+0200: 43.762: [GC (Allocation Failure) 43.762: [ParNew: 39269K->4327K(39296K), 0.0047724 secs] 81530K->47810K(126720K), 0.0049069 secs] [Times: user=0.00 sys=0.00, real=0.01 secs] 
2014-07-09T16:26:06.950+0200: 43.920: [GC (Allocation Failure) 43.921: [ParNew: 39266K->4329K(39296K), 0.0195158 secs] 82749K->50634K(126720K), 0.0196361 secs] [Times: user=0.00 sys=0.00, real=0.02 secs] 
2014-07-09T16:26:07.090+0200: 44.060: [GC (Allocation Failure) 44.060: [ParNew: 39267K->38K(39296K), 0.0006988 secs] 85573K->46348K(126720K), 0.0007563 secs] [Times: user=0.00 sys=0.00, real=0.00 secs] 
2014-07-09T16:26:07.238+0200: 44.208: [GC (Allocation Failure) 44.208: [ParNew: 34971K->2156K(39296K), 0.0019427 secs] 81281K->48466K(126720K), 0.0020179 secs] [Times: user=0.00 sys=0.00, real=0.00 secs] 
2014-07-09T16:26:07.388+0200: 44.358: [GC (Allocation Failure) 44.358: [ParNew: 37071K->2577K(39296K), 0.0024153 secs] 83381K->48887K(126720K), 0.0024938 secs] [Times: user=0.00 sys=0.00, real=0.00 secs] 
2014-07-09T16:26:07.503+0200: 44.474: [GC (Allocation Failure) 44.474: [ParNew: 37510K->4327K(39296K), 0.0034661 secs] 83820K->51004K(126720K), 0.0036439 secs] [Times: user=0.03 sys=0.00, real=0.00 secs] 
2014-07-09T16:26:07.639+0200: 44.609: [GC (Allocation Failure) 44.609: [ParNew: 39269K->4329K(39296K), 0.0038518 secs] 85947K->51939K(126720K), 0.0039335 secs] [Times: user=0.00 sys=0.00, real=0.00 secs] 
2014-07-09T16:26:07.790+0200: 44.760: [GC (Allocation Failure) 44.760: [ParNew: 39262K->4327K(39296K), 0.0054759 secs] 86872K->54984K(126720K), 0.0055727 secs] [Times: user=0.00 sys=0.00, real=0.01 secs] 
2014-07-09T16:26:07.894+0200: 44.864: [GC (Allocation Failure) 44.864: [ParNew: 39269K->4329K(39296K), 0.0057557 secs] 89926K->58608K(126720K), 0.0058649 secs] [Times: user=0.03 sys=0.00, real=0.01 secs] 
2014-07-09T16:26:08.087+0200: 45.057: [GC (Allocation Failure) 45.057: [ParNew: 39267K->838K(39296K), 0.0008751 secs] 93547K->55123K(126720K), 0.0009437 secs] [Times: user=0.00 sys=0.00, real=0.00 secs] 
2014-07-09T16:26:08.192+0200: 45.162: [GC (Allocation Failure) 45.162: [ParNew: 35771K->2957K(39296K), 0.0026778 secs] 90056K->57242K(126720K), 0.0027655 secs] [Times: user=0.03 sys=0.00, real=0.00 secs] 
2014-07-09T16:26:08.338+0200: 45.308: [GC (Allocation Failure) 45.308: [ParNew: 37879K->2856K(39296K), 0.0023860 secs] 92164K->57151K(126720K), 0.0024714 secs] [Times: user=0.00 sys=0.00, real=0.00 secs] 
2014-07-09T16:26:08.488+0200: 45.459: [GC (Allocation Failure) 45.459: [ParNew: 37789K->4327K(39296K), 0.0036872 secs] 92084K->59269K(126720K), 0.0037865 secs] [Times: user=0.01 sys=0.00, real=0.00 secs] 
2014-07-09T16:26:08.605+0200: 45.575: [GC (Allocation Failure) 45.575: [ParNew: 39263K->4327K(39296K), 0.0044644 secs] 94205K->61002K(126720K), 0.0045718 secs] [Times: user=0.00 sys=0.00, real=0.00 secs] 
2014-07-09T16:26:08.740+0200: 45.710: [GC (Allocation Failure) 45.710: [ParNew: 39260K->4327K(39296K), 0.0058293 secs] 95935K->64848K(126720K), 0.0059430 secs] [Times: user=0.00 sys=0.00, real=0.01 secs] 
2014-07-09T16:26:08.890+0200: 45.861: [GC (Allocation Failure) 45.861: [ParNew: 39239K->518K(39296K), 0.0009723 secs] 99761K->61044K(126720K), 0.0010332 secs] [Times: user=0.00 sys=0.00, real=0.00 secs] 
2014-07-09T16:26:09.038+0200: 46.008: [GC (Allocation Failure) 46.008: [ParNew: 35451K->2636K(39296K), 0.0021576 secs] 95977K->63162K(126720K), 0.0022331 secs] [Times: user=0.00 sys=0.00, real=0.00 secs] 
2014-07-09T16:26:09.188+0200: 46.158: [GC (Allocation Failure) 46.158: [ParNew: 37578K->3208K(39296K), 0.0025711 secs] 98104K->63745K(126720K), 0.0026511 secs] [Times: user=0.03 sys=0.00, real=0.00 secs] 
2014-07-09T16:26:09.293+0200: 46.263: [GC (Allocation Failure) 46.263: [ParNew: 38121K->4329K(39296K), 0.0039882 secs] 98658K->65191K(126720K), 0.0040886 secs] [Times: user=0.00 sys=0.00, real=0.00 secs] 
2014-07-09T16:26:09.439+0200: 46.409: [GC (Allocation Failure) 46.409: [ParNew: 39265K->4327K(39296K), 0.0041190 secs] 100128K->66603K(126720K), 0.0042059 secs] [Times: user=0.03 sys=0.00, real=0.00 secs] 
2014-07-09T16:26:09.590+0200: 46.560: [GC (Allocation Failure) 46.560: [ParNew: 39265K->4327K(39296K), 0.0048468 secs] 101542K->69105K(126720K), 0.0049355 secs] [Times: user=0.00 sys=0.00, real=0.01 secs] 
2014-07-09T16:26:09.737+0200: 46.707: [GC (Allocation Failure) 46.708: [ParNew: 39260K->742K(39296K), 0.0008293 secs] 104038K->65525K(126720K), 0.0008986 secs] [Times: user=0.00 sys=0.00, real=0.00 secs] 
2014-07-09T16:26:09.887+0200: 46.857: [GC (Allocation Failure) 46.857: [ParNew: 35658K->781K(39296K), 0.0008271 secs] 100441K->65564K(126720K), 0.0008883 secs] [Times: user=0.00 sys=0.00, real=0.00 secs] 
2014-07-09T16:26:09.992+0200: 46.962: [GC (Allocation Failure) 46.962: [ParNew: 35714K->2898K(39296K), 0.0026756 secs] 100497K->67681K(126720K), 0.0027669 secs] [Times: user=0.00 sys=0.00, real=0.00 secs] 
2014-07-09T16:26:10.138+0200: 47.108: [GC (Allocation Failure) 47.108: [ParNew: 37835K->3974K(39296K), 0.0029088 secs] 102618K->68773K(126720K), 0.0029957 secs] [Times: user=0.00 sys=0.00, real=0.00 secs] 
2014-07-09T16:26:10.291+0200: 47.262: [GC (Allocation Failure) 47.262: [ParNew: 38908K->4327K(39296K), 0.0048571 secs] 103706K->70891K(126720K), 0.0049894 secs] [Times: user=0.00 sys=0.00, real=0.01 secs] 
2014-07-09T16:26:10.393+0200: 47.362: [GC (Allocation Failure) 47.362: [ParNew: 39247K->4329K(39296K), 0.0053051 secs] 105811K->73075K(126720K), 0.0054466 secs] [Times: user=0.03 sys=0.00, real=0.01 secs] 
2014-07-09T16:26:10.541+0200: 47.510: [GC (Allocation Failure) 47.510: [ParNew: 39270K->427K(39296K), 0.0010020 secs] 108016K->69179K(126720K), 0.0010856 secs] [Times: user=0.00 sys=0.00, real=0.00 secs] 
2014-07-09T16:26:10.690+0200: 47.659: [GC (Allocation Failure) 47.659: [ParNew: 35362K->1003K(39296K), 0.0012601 secs] 104114K->69755K(126720K), 0.0013481 secs] [Times: user=0.00 sys=0.00, real=0.00 secs] 
2014-07-09T16:26:10.838+0200: 47.807: [GC (Allocation Failure) 47.807: [ParNew: 35945K->1586K(39296K), 0.0033491 secs] 104697K->70338K(126720K), 0.0037117 secs] [Times: user=0.00 sys=0.00, real=0.00 secs] 
2014-07-09T16:26:11.003+0200: 47.973: [GC (Allocation Failure) 47.973: [ParNew: 36519K->3701K(39296K), 0.0040127 secs] 105271K->72453K(126720K), 0.0041997 secs] [Times: user=0.00 sys=0.00, real=0.00 secs] 
2014-07-09T16:26:11.092+0200: 48.061: [GC (Allocation Failure) 48.061: [ParNew: 38639K->4327K(39296K), 0.0044079 secs] 107391K->73544K(126720K), 0.0044886 secs] [Times: user=0.03 sys=0.00, real=0.00 secs] 
2014-07-09T16:26:11.240+0200: 48.210: [GC (Allocation Failure) 48.210: [ParNew: 39260K->4327K(39296K), 0.0049692 secs] 108477K->76110K(126720K), 0.0051603 secs] [Times: user=0.00 sys=0.00, real=0.01 secs] 
2014-07-09T16:26:11.389+0200: 48.359: [GC (Allocation Failure) 48.359: [ParNew: 39251K->4329K(39296K), 0.0045733 secs] 111034K->78582K(126720K), 0.0046737 secs] [Times: user=0.03 sys=0.00, real=0.01 secs] 
2014-07-09T16:26:11.537+0200: 48.506: [GC (Allocation Failure) 48.506: [ParNew: 39265K->710K(39296K), 0.0008311 secs] 113518K->74970K(126720K), 0.0008990 secs] [Times: user=0.00 sys=0.00, real=0.00 secs] 
2014-07-09T16:26:11.687+0200: 48.657: [GC (Allocation Failure) 48.657: [ParNew: 35644K->1803K(39296K), 0.0017015 secs] 109904K->76063K(126720K), 0.0017862 secs] [Times: user=0.02 sys=0.00, real=0.00 secs] 
2014-07-09T16:26:11.804+0200: 48.773: [GC (Allocation Failure) 48.773: [ParNew: 36737K->3921K(39296K), 0.0029473 secs] 110996K->78180K(126720K), 0.0030866 secs] [Times: user=0.00 sys=0.00, real=0.00 secs] 
2014-07-09T16:26:11.941+0200: 48.910: [GC (Allocation Failure) 48.910: [ParNew: 38833K->4330K(39296K), 0.0061329 secs] 113092K->78732K(126720K), 0.0063701 secs] [Times: user=0.00 sys=0.00, real=0.01 secs] 
2014-07-09T16:26:12.089+0200: 49.058: [GC (Allocation Failure) 49.059: [ParNew: 39272K->4327K(39296K), 0.0038342 secs] 113674K->79440K(126720K), 0.0039145 secs] [Times: user=0.00 sys=0.00, real=0.00 secs] 
2014-07-09T16:26:12.195+0200: 49.165: [GC (Allocation Failure) 49.165: [ParNew: 39260K->4327K(39296K), 0.0048417 secs] 114373K->82262K(126720K), 0.0049920 secs] [Times: user=0.00 sys=0.00, real=0.01 secs] 
2014-07-09T16:26:12.365+0200: 49.334: [GC (Allocation Failure) 49.334: [ParNew: 39243K->4329K(39296K), 0.0052886 secs] 117178K->85502K(126720K), 0.0054048 secs] [Times: user=0.00 sys=0.00, real=0.00 secs] 
2014-07-09T16:26:12.370+0200: 49.339: [GC (CMS Initial Mark) [1 CMS-initial-mark: 81173K(87424K)] 85534K(126720K), 0.0001723 secs] [Times: user=0.00 sys=0.00, real=0.00 secs] 
2014-07-09T16:26:12.370+0200: 49.340: [CMS-concurrent-mark-start]
2014-07-09T16:26:12.372+0200: 49.341: [CMS-concurrent-mark: 0.001/0.001 secs] [Times: user=0.00 sys=0.00, real=0.00 secs] 
2014-07-09T16:26:12.372+0200: 49.341: [CMS-concurrent-preclean-start]
2014-07-09T16:26:12.372+0200: 49.341: [CMS-concurrent-preclean: 0.000/0.000 secs] [Times: user=0.00 sys=0.00, real=0.00 secs] 
2014-07-09T16:26:12.412+0200: 49.381: [GC (CMS Final Remark) [YG occupancy: 21379 K (39296 K)]49.381: [Rescan (parallel) , 0.0002687 secs]49.382: [weak refs processing, 0.0000293 secs]49.382: [class unloading, 0.0005129 secs]49.382: [scrub symbol table, 0.0008480 secs]49.383: [scrub string table, 0.0002269 secs][1 CMS-remark: 81173K(87424K)] 102553K(126720K), 0.0020762 secs] [Times: user=0.00 sys=0.00, real=0.00 secs] 
2014-07-09T16:26:12.420+0200: 49.389: [CMS-concurrent-sweep-start]
2014-07-09T16:26:12.420+0200: 49.390: [CMS-concurrent-sweep: 0.001/0.001 secs] [Times: user=0.00 sys=0.00, real=0.00 secs] 
2014-07-09T16:26:12.420+0200: 49.390: [CMS-concurrent-reset-start]
2014-07-09T16:26:12.421+0200: 49.390: [CMS-concurrent-reset: 0.000/0.000 secs] [Times: user=0.02 sys=0.00, real=0.00 secs] 
2014-07-09T16:26:12.497+0200: 49.466: [GC (Allocation Failure) 49.466: [ParNew: 39262K->1478K(39296K), 0.0016458 secs] 42956K->5179K(126720K), 0.0017184 secs] [Times: user=0.02 sys=0.01, real=0.00 secs] 
2014-07-09T16:26:12.638+0200: 49.607: [GC (Allocation Failure) 49.607: [ParNew: 36417K->2572K(39296K), 0.0022690 secs] 40118K->6273K(126720K), 0.0023442 secs] [Times: user=0.03 sys=0.00, real=0.00 secs] 
2014-07-09T16:26:12.789+0200: 49.758: [GC (Allocation Failure) 49.758: [ParNew: 37505K->4327K(39296K), 0.0035321 secs] 41206K->8390K(126720K), 0.0036186 secs] [Times: user=0.00 sys=0.00, real=0.00 secs] 
2014-07-09T16:26:12.895+0200: 49.864: [GC (Allocation Failure) 49.864: [ParNew: 39243K->4329K(39296K), 0.0042727 secs] 43306K->8780K(126720K), 0.0044039 secs] [Times: user=0.00 sys=0.00, real=0.00 secs] 
2014-07-09T16:26:13.047+0200: 50.016: [GC (Allocation Failure) 50.016: [ParNew: 39265K->4327K(39296K), 0.0048516 secs] 43717K->10257K(126720K), 0.0049586 secs] [Times: user=0.00 sys=0.00, real=0.01 secs] 
2014-07-09T16:26:13.215+0200: 50.184: [GC (Allocation Failure) 50.184: [ParNew: 39260K->4327K(39296K), 0.0056086 secs] 45190K->13848K(126720K), 0.0057370 secs] [Times: user=0.03 sys=0.00, real=0.01 secs] 
2014-07-09T16:26:13.337+0200: 50.307: [GC (Allocation Failure) 50.307: [ParNew: 39244K->136K(39296K), 0.0005998 secs] 48765K->9661K(126720K), 0.0006563 secs] [Times: user=0.00 sys=0.00, real=0.00 secs] 
2014-07-09T16:26:13.488+0200: 50.457: [GC (Allocation Failure) 50.457: [ParNew: 35069K->2254K(39296K), 0.0018108 secs] 44594K->11779K(126720K), 0.0018845 secs] [Times: user=0.00 sys=0.00, real=0.00 secs] 
2014-07-09T16:26:13.607+0200: 50.576: [GC (Allocation Failure) 50.576: [ParNew: 37196K->2824K(39296K), 0.0025480 secs] 46721K->12360K(126720K), 0.0026481 secs] [Times: user=0.00 sys=0.00, real=0.00 secs] 
2014-07-09T16:26:13.739+0200: 50.709: [GC (Allocation Failure) 50.709: [ParNew: 37757K->4327K(39296K), 0.0036388 secs] 47294K->14477K(126720K), 0.0037169 secs] [Times: user=0.00 sys=0.00, real=0.00 secs] 
2014-07-09T16:26:13.891+0200: 50.860: [GC (Allocation Failure) 50.860: [ParNew: 39269K->4329K(39296K), 0.0039394 secs] 49419K->15668K(126720K), 0.0040431 secs] [Times: user=0.00 sys=0.00, real=0.00 secs] 
2014-07-09T16:26:14.005+0200: 50.975: [GC (Allocation Failure) 50.975: [ParNew: 39262K->4327K(39296K), 0.0051661 secs] 50601K->18969K(126720K), 0.0052761 secs] [Times: user=0.00 sys=0.00, real=0.01 secs] 
2014-07-09T16:26:14.187+0200: 51.156: [GC (Allocation Failure) 51.156: [ParNew: 39265K->518K(39296K), 0.0006761 secs] 53907K->15164K(126720K), 0.0007596 secs] [Times: user=0.00 sys=0.00, real=0.00 secs] 
2014-07-09T16:26:14.293+0200: 51.262: [GC (Allocation Failure) 51.262: [ParNew: 35433K->1454K(39296K), 0.0018339 secs] 50080K->16101K(126720K), 0.0019647 secs] [Times: user=0.00 sys=0.00, real=0.00 secs] 
2014-07-09T16:26:14.438+0200: 51.407: [GC (Allocation Failure) 51.407: [ParNew: 36393K->2546K(39296K), 0.0024857 secs] 51039K->17192K(126720K), 0.0025774 secs] [Times: user=0.00 sys=0.00, real=0.00 secs] 
2014-07-09T16:26:14.589+0200: 51.559: [GC (Allocation Failure) 51.559: [ParNew: 37482K->3622K(39296K), 0.0053942 secs] 52129K->18284K(126720K), 0.0056295 secs] [Times: user=0.01 sys=0.00, real=0.01 secs] 
2014-07-09T16:26:14.698+0200: 51.668: [GC (Allocation Failure) 51.668: [ParNew: 38555K->4327K(39296K), 0.0039141 secs] 53218K->20402K(126720K), 0.0040765 secs] [Times: user=0.03 sys=0.00, real=0.00 secs] 
2014-07-09T16:26:14.839+0200: 51.809: [GC (Allocation Failure) 51.809: [ParNew: 39239K->4329K(39296K), 0.0043265 secs] 55315K->22362K(126720K), 0.0044391 secs] [Times: user=0.00 sys=0.00, real=0.01 secs] 
2014-07-09T16:26:15.008+0200: 51.977: [GC (Allocation Failure) 51.977: [ParNew: 39262K->198K(39296K), 0.0006871 secs] 57295K->18236K(126720K), 0.0007706 secs] [Times: user=0.00 sys=0.00, real=0.00 secs] 
2014-07-09T16:26:15.137+0200: 52.106: [GC (Allocation Failure) 52.106: [ParNew: 35140K->781K(39296K), 0.0007545 secs] 53178K->18819K(126720K), 0.0008271 secs] [Times: user=0.00 sys=0.00, real=0.00 secs] 
2014-07-09T16:26:15.288+0200: 52.257: [GC (Allocation Failure) 52.257: [ParNew: 35714K->2898K(39296K), 0.0022503 secs] 53752K->20936K(126720K), 0.0023376 secs] [Times: user=0.00 sys=0.00, real=0.00 secs] 
2014-07-09T16:26:15.391+0200: 52.360: [GC (Allocation Failure) 52.361: [ParNew: 37813K->3304K(39296K), 0.0027831 secs] 55852K->21356K(126720K), 0.0028978 secs] [Times: user=0.00 sys=0.00, real=0.00 secs] 
2014-07-09T16:26:15.540+0200: 52.510: [GC (Allocation Failure) 52.510: [ParNew: 38237K->4327K(39296K), 0.0038023 secs] 56289K->23473K(126720K), 0.0039064 secs] [Times: user=0.03 sys=0.00, real=0.00 secs] 
2014-07-09T16:26:15.689+0200: 52.659: [GC (Allocation Failure) 52.659: [ParNew: 39265K->4327K(39296K), 0.0042870 secs] 58412K->25655K(126720K), 0.0044164 secs] [Times: user=0.00 sys=0.00, real=0.01 secs] 
2014-07-09T16:26:15.794+0200: 52.763: [GC (Allocation Failure) 52.763: [ParNew: 39243K->4329K(39296K), 0.0051900 secs] 60571K->27871K(126720K), 0.0053384 secs] [Times: user=0.00 sys=0.00, real=0.01 secs] 
2014-07-09T16:26:15.992+0200: 52.961: [GC (Allocation Failure) 52.961: [ParNew: 39262K->454K(39296K), 0.0007256 secs] 62804K->24002K(126720K), 0.0008143 secs] [Times: user=0.00 sys=0.00, real=0.00 secs] 
2014-07-09T16:26:16.090+0200: 53.060: [GC (Allocation Failure) 53.060: [ParNew: 35390K->1548K(39296K), 0.0015589 secs] 58938K->25096K(126720K), 0.0016586 secs] [Times: user=0.00 sys=0.00, real=0.00 secs] 
2014-07-09T16:26:16.238+0200: 53.207: [GC (Allocation Failure) 53.207: [ParNew: 36481K->3664K(39296K), 0.0027405 secs] 60029K->27213K(126720K), 0.0028347 secs] [Times: user=0.00 sys=0.00, real=0.00 secs] 
2014-07-09T16:26:16.388+0200: 53.358: [GC (Allocation Failure) 53.358: [ParNew: 38583K->4073K(39296K), 0.0030324 secs] 62131K->27634K(126720K), 0.0031244 secs] [Times: user=0.00 sys=0.00, real=0.00 secs] 
2014-07-09T16:26:16.498+0200: 53.468: [GC (Allocation Failure) 53.468: [ParNew: 39006K->4327K(39296K), 0.0078806 secs] 62567K->29751K(126720K), 0.0081772 secs] [Times: user=0.00 sys=0.00, real=0.01 secs] 
2014-07-09T16:26:16.640+0200: 53.609: [GC (Allocation Failure) 53.609: [ParNew: 39269K->4329K(39296K), 0.0045546 secs] 64693K->32191K(126720K), 0.0046708 secs] [Times: user=0.00 sys=0.00, real=0.00 secs] 
2014-07-09T16:26:16.792+0200: 53.762: [GC (Allocation Failure) 53.762: [ParNew: 39267K->168K(39296K), 0.0007325 secs] 67129K->28035K(126720K), 0.0008080 secs] [Times: user=0.00 sys=0.00, real=0.00 secs] 
2014-07-09T16:26:16.937+0200: 53.907: [GC (Allocation Failure) 53.907: [ParNew: 35104K->1261K(39296K), 0.0011622 secs] 62971K->29128K(126720K), 0.0012429 secs] [Times: user=0.00 sys=0.00, real=0.00 secs] 
2014-07-09T16:26:17.088+0200: 54.058: [GC (Allocation Failure) 54.058: [ParNew: 36200K->2354K(39296K), 0.0019134 secs] 64067K->30221K(126720K), 0.0020186 secs] [Times: user=0.00 sys=0.00, real=0.00 secs] 
2014-07-09T16:26:17.192+0200: 54.161: [GC (Allocation Failure) 54.161: [ParNew: 37287K->4327K(39296K), 0.0035504 secs] 65154K->32336K(126720K), 0.0036769 secs] [Times: user=0.03 sys=0.00, real=0.00 secs] 
2014-07-09T16:26:17.343+0200: 54.313: [GC (Allocation Failure) 54.313: [ParNew: 39248K->4329K(39296K), 0.0084540 secs] 67257K->32375K(126720K), 0.0086846 secs] [Times: user=0.03 sys=0.00, real=0.01 secs] 
2014-07-09T16:26:17.494+0200: 54.463: [GC (Allocation Failure) 54.463: [ParNew: 39262K->4327K(39296K), 0.0084749 secs] 67308K->34524K(126720K), 0.0087044 secs] [Times: user=0.00 sys=0.00, real=0.01 secs] 
2014-07-09T16:26:17.594+0200: 54.564: [GC (Allocation Failure) 54.564: [ParNew: 39263K->4327K(39296K), 0.0055749 secs] 69461K->37762K(126720K), 0.0057414 secs] [Times: user=0.03 sys=0.00, real=0.01 secs] 
2014-07-09T16:26:17.787+0200: 54.757: [GC (Allocation Failure) 54.757: [ParNew: 39260K->1478K(39296K), 0.0013448 secs] 72695K->34919K(126720K), 0.0014518 secs] [Times: user=0.03 sys=0.00, real=0.00 secs] 
2014-07-09T16:26:17.891+0200: 54.861: [GC (Allocation Failure) 54.861: [ParNew: 36421K->2062K(39296K), 0.0020315 secs] 69861K->35502K(126720K), 0.0021609 secs] [Times: user=0.00 sys=0.00, real=0.00 secs] 
2014-07-09T16:26:18.039+0200: 55.008: [GC (Allocation Failure) 55.008: [ParNew: 36995K->4179K(39296K), 0.0031335 secs] 70435K->37619K(126720K), 0.0032380 secs] [Times: user=0.00 sys=0.00, real=0.00 secs] 
2014-07-09T16:26:18.189+0200: 55.158: [GC (Allocation Failure) 55.158: [ParNew: 39121K->4329K(39296K), 0.0034455 secs] 72561K->38199K(126720K), 0.0035456 secs] [Times: user=0.00 sys=0.00, real=0.00 secs] 
2014-07-09T16:26:18.295+0200: 55.264: [GC (Allocation Failure) 55.264: [ParNew: 39262K->4327K(39296K), 0.0050206 secs] 73132K->40732K(126720K), 0.0051577 secs] [Times: user=0.00 sys=0.00, real=0.00 secs] 
2014-07-09T16:26:18.440+0200: 55.409: [GC (Allocation Failure) 55.409: [ParNew: 39245K->4329K(39296K), 0.0048868 secs] 75650K->43684K(126720K), 0.0050088 secs] [Times: user=0.03 sys=0.00, real=0.00 secs] 
2014-07-09T16:26:18.592+0200: 55.561: [GC (Allocation Failure) 55.562: [ParNew: 39267K->166K(39296K), 0.0008975 secs] 78622K->39527K(126720K), 0.0010024 secs] [Times: user=0.00 sys=0.00, real=0.00 secs] 
2014-07-09T16:26:18.737+0200: 55.707: [GC (Allocation Failure) 55.707: [ParNew: 35099K->2284K(39296K), 0.0019101 secs] 74460K->41645K(126720K), 0.0020106 secs] [Times: user=0.03 sys=0.00, real=0.00 secs] 
2014-07-09T16:26:18.887+0200: 55.857: [GC (Allocation Failure) 55.857: [ParNew: 37200K->2312K(39296K), 0.0020102 secs] 76561K->41683K(126720K), 0.0021008 secs] [Times: user=0.00 sys=0.00, real=0.00 secs] 
2014-07-09T16:26:18.993+0200: 55.962: [GC (Allocation Failure) 55.962: [ParNew: 37245K->4327K(39296K), 0.0036058 secs] 76616K->43800K(126720K), 0.0037213 secs] [Times: user=0.00 sys=0.00, real=0.00 secs] 
2014-07-09T16:26:19.139+0200: 56.109: [GC (Allocation Failure) 56.109: [ParNew: 39263K->4327K(39296K), 0.0038866 secs] 78736K->44989K(126720K), 0.0039841 secs] [Times: user=0.00 sys=0.00, real=0.00 secs] 
2014-07-09T16:26:19.289+0200: 56.259: [GC (Allocation Failure) 56.259: [ParNew: 39260K->4327K(39296K), 0.0051192 secs] 79922K->48291K(126720K), 0.0052376 secs] [Times: user=0.00 sys=0.00, real=0.01 secs] 
2014-07-09T16:26:19.394+0200: 56.364: [GC (Allocation Failure) 56.364: [ParNew: 39242K->4329K(39296K), 0.0059423 secs] 83206K->52011K(126720K), 0.0060790 secs] [Times: user=0.00 sys=0.00, real=0.01 secs] 
2014-07-09T16:26:19.587+0200: 56.557: [GC (Allocation Failure) 56.557: [ParNew: 39241K->392K(39296K), 0.0006676 secs] 86924K->48080K(126720K), 0.0007497 secs] [Times: user=0.00 sys=0.00, real=0.00 secs] 
2014-07-09T16:26:19.691+0200: 56.661: [GC (Allocation Failure) 56.661: [ParNew: 35325K->2511K(39296K), 0.0024113 secs] 83013K->50199K(126720K), 0.0025257 secs] [Times: user=0.00 sys=0.00, real=0.00 secs] 
2014-07-09T16:26:19.840+0200: 56.810: [GC (Allocation Failure) 56.810: [ParNew: 37453K->3080K(39296K), 0.0025257 secs] 85142K->50779K(126720K), 0.0026335 secs] [Times: user=0.00 sys=0.00, real=0.00 secs] 
2014-07-09T16:26:19.990+0200: 56.960: [GC (Allocation Failure) 56.960: [ParNew: 38013K->4327K(39296K), 0.0041033 secs] 85712K->52896K(126720K), 0.0042107 secs] [Times: user=0.00 sys=0.00, real=0.00 secs] 
2014-07-09T16:26:20.096+0200: 57.066: [GC (Allocation Failure) 57.066: [ParNew: 39265K->4327K(39296K), 0.0053443 secs] 87834K->54853K(126720K), 0.0054800 secs] [Times: user=0.00 sys=0.00, real=0.01 secs] 
2014-07-09T16:26:20.287+0200: 57.256: [GC (Allocation Failure) 57.257: [ParNew: 39260K->198K(39296K), 0.0006005 secs] 89786K->50729K(126720K), 0.0006717 secs] [Times: user=0.00 sys=0.00, real=0.00 secs] 
2014-07-09T16:26:20.391+0200: 57.360: [GC (Allocation Failure) 57.363: [ParNew: 35122K->110K(39296K), 0.0007080 secs] 85653K->50641K(126720K), 0.0043027 secs] [Times: user=0.00 sys=0.00, real=0.00 secs] 
2014-07-09T16:26:20.539+0200: 57.508: [GC (Allocation Failure) 57.508: [ParNew: 35043K->2226K(39296K), 0.0021206 secs] 85574K->52757K(126720K), 0.0022720 secs] [Times: user=0.00 sys=0.00, real=0.00 secs] 
2014-07-09T16:26:20.688+0200: 57.657: [GC (Allocation Failure) 57.657: [ParNew: 37162K->3302K(39296K), 0.0026404 secs] 87694K->53849K(126720K), 0.0027589 secs] [Times: user=0.03 sys=0.00, real=0.00 secs] 
2014-07-09T16:26:20.792+0200: 57.761: [GC (Allocation Failure) 57.761: [ParNew: 38235K->4327K(39296K), 0.0044849 secs] 88782K->55966K(126720K), 0.0046213 secs] [Times: user=0.00 sys=0.00, real=0.00 secs] 
2014-07-09T16:26:20.939+0200: 57.908: [GC (Allocation Failure) 57.908: [ParNew: 39269K->4329K(39296K), 0.0041766 secs] 90909K->57638K(126720K), 0.0042877 secs] [Times: user=0.03 sys=0.00, real=0.00 secs] 
2014-07-09T16:26:21.090+0200: 58.059: [GC (Allocation Failure) 58.059: [ParNew: 39241K->4329K(39296K), 0.0046037 secs] 92550K->59852K(126720K), 0.0047053 secs] [Times: user=0.00 sys=0.00, real=0.01 secs] 
2014-07-09T16:26:21.237+0200: 58.206: [GC (Allocation Failure) 58.206: [ParNew: 39262K->454K(39296K), 0.0006739 secs] 94785K->55983K(126720K), 0.0007355 secs] [Times: user=0.00 sys=0.00, real=0.00 secs] 
2014-07-09T16:26:21.387+0200: 58.356: [GC (Allocation Failure) 58.356: [ParNew: 35372K->878K(39296K), 0.0008502 secs] 90901K->56407K(126720K), 0.0009323 secs] [Times: user=0.00 sys=0.00, real=0.00 secs] 
2014-07-09T16:26:21.491+0200: 58.460: [GC (Allocation Failure) 58.460: [ParNew: 35811K->2994K(39296K), 0.0026969 secs] 91340K->58523K(126720K), 0.0028212 secs] [Times: user=0.00 sys=0.00, real=0.00 secs] 
2014-07-09T16:26:21.638+0200: 58.607: [GC (Allocation Failure) 58.607: [ParNew: 37931K->4071K(39296K), 0.0030236 secs] 93460K->59614K(126720K), 0.0031207 secs] [Times: user=0.00 sys=0.00, real=0.00 secs] 
2014-07-09T16:26:21.789+0200: 58.758: [GC (Allocation Failure) 58.758: [ParNew: 39004K->4327K(39296K), 0.0043874 secs] 94547K->61732K(126720K), 0.0045000 secs] [Times: user=0.00 sys=0.00, real=0.00 secs] 
2014-07-09T16:26:21.893+0200: 58.862: [GC (Allocation Failure) 58.862: [ParNew: 39243K->4329K(39296K), 0.0047830 secs] 96648K->63627K(126720K), 0.0049139 secs] [Times: user=0.00 sys=0.00, real=0.01 secs] 
2014-07-09T16:26:22.040+0200: 59.009: [GC (Allocation Failure) 59.009: [ParNew: 39270K->141K(39296K), 0.0007527 secs] 98568K->59446K(126720K), 0.0008385 secs] [Times: user=0.00 sys=0.00, real=0.00 secs] 
2014-07-09T16:26:22.191+0200: 59.160: [GC (Allocation Failure) 59.160: [ParNew: 35070K->1228K(39296K), 0.0013715 secs] 94374K->60533K(126720K), 0.0015123 secs] [Times: user=0.00 sys=0.00, real=0.00 secs] 
2014-07-09T16:26:22.338+0200: 59.307: [GC (Allocation Failure) 59.307: [ParNew: 36144K->1650K(39296K), 0.0014284 secs] 95449K->60954K(126720K), 0.0015307 secs] [Times: user=0.00 sys=0.00, real=0.00 secs] 
2014-07-09T16:26:22.489+0200: 59.458: [GC (Allocation Failure) 59.458: [ParNew: 36583K->3766K(39296K), 0.0029843 secs] 95887K->63070K(126720K), 0.0030888 secs] [Times: user=0.00 sys=0.00, real=0.00 secs] 
2014-07-09T16:26:22.593+0200: 59.562: [GC (Allocation Failure) 59.562: [ParNew: 38678K->4295K(39296K), 0.0034422 secs] 97982K->63616K(126720K), 0.0035981 secs] [Times: user=0.00 sys=0.00, real=0.00 secs] 
2014-07-09T16:26:22.745+0200: 59.714: [GC (Allocation Failure) 59.714: [ParNew: 39228K->4327K(39296K), 0.0043196 secs] 98549K->65734K(126720K), 0.0044618 secs] [Times: user=0.03 sys=0.00, real=0.00 secs] 
2014-07-09T16:26:22.890+0200: 59.859: [GC (Allocation Failure) 59.859: [ParNew: 39269K->4329K(39296K), 0.0050371 secs] 100676K->68397K(126720K), 0.0051760 secs] [Times: user=0.00 sys=0.00, real=0.01 secs] 
2014-07-09T16:26:23.037+0200: 60.006: [GC (Allocation Failure) 62.844: [ParNew: 39262K->902K(39296K), 0.0024377 secs] 103330K->64976K(126720K), 2.8408595 secs] [Times: user=0.00 sys=0.00, real=2.84 secs] 
2014-07-09T16:26:25.914+0200: 62.883: [GC (Allocation Failure) 62.883: [ParNew: 35839K->1996K(39296K), 0.0019299 secs] 99913K->66070K(126720K), 0.0024256 secs] [Times: user=0.03 sys=0.00, real=0.00 secs] 
2014-07-09T16:26:25.967+0200: 62.936: [GC (Allocation Failure) 62.936: [ParNew: 36914K->2417K(39296K), 0.0239278 secs] 100988K->66491K(126720K), 0.0240066 secs] [Times: user=0.02 sys=0.00, real=0.02 secs] 
2014-07-09T16:26:26.009+0200: 62.978: [GC (Allocation Failure) 62.978: [ParNew: 37354K->4009K(39296K), 0.0075052 secs] 101428K->68099K(126720K), 0.0076166 secs] [Times: user=0.00 sys=0.00, real=0.01 secs] 
2014-07-09T16:26:26.046+0200: 63.015: [GC (Allocation Failure) 63.015: [ParNew: 38947K->4327K(39296K), 0.0039885 secs] 103037K->69190K(126720K), 0.0041150 secs] [Times: user=0.00 sys=0.00, real=0.00 secs] 
2014-07-09T16:26:26.090+0200: 63.059: [GC (Allocation Failure) 63.059: [ParNew: 39260K->4327K(39296K), 0.0052530 secs] 104123K->72076K(126720K), 0.0053861 secs] [Times: user=0.00 sys=0.00, real=0.01 secs] 
2014-07-09T16:26:26.114+0200: 63.083: [GC (Allocation Failure) 63.083: [ParNew: 39269K->4329K(39296K), 0.0057813 secs] 107019K->75540K(126720K), 0.0058854 secs] [Times: user=0.03 sys=0.00, real=0.01 secs] 
2014-07-09T16:26:26.183+0200: 63.152: [GC (Allocation Failure) 63.152: [ParNew: 39262K->1702K(39296K), 0.0049516 secs] 110473K->72919K(126720K), 0.0050800 secs] [Times: user=0.00 sys=0.00, real=0.00 secs] 
2014-07-09T16:26:26.208+0200: 63.177: [GC (Allocation Failure) 63.177: [ParNew: 36615K->2254K(39296K), 0.0025726 secs] 107832K->73471K(126720K), 0.0026976 secs] [Times: user=0.00 sys=0.00, real=0.00 secs] 
2014-07-09T16:26:26.231+0200: 63.200: [GC (Allocation Failure) 63.200: [ParNew: 37187K->4327K(39296K), 0.0036534 secs] 108404K->75586K(126720K), 0.0037645 secs] [Times: user=0.00 sys=0.00, real=0.00 secs] 
2014-07-09T16:26:26.256+0200: 63.225: [GC (Allocation Failure) 63.225: [ParNew: 39245K->4329K(39296K), 0.0053597 secs] 110505K->76041K(126720K), 0.0054536 secs] [Times: user=0.03 sys=0.00, real=0.00 secs] 
2014-07-09T16:26:26.283+0200: 63.252: [GC (Allocation Failure) 63.252: [ParNew: 39262K->4327K(39296K), 0.0059052 secs] 110974K->78606K(126720K), 0.0060167 secs] [Times: user=0.00 sys=0.00, real=0.01 secs] 
2014-07-09T16:26:26.309+0200: 63.278: [GC (Allocation Failure) 63.278: [ParNew: 39263K->4327K(39296K), 0.0056721 secs] 113543K->82260K(126720K), 0.0058132 secs] [Times: user=0.00 sys=0.00, real=0.01 secs] 
2014-07-09T16:26:26.315+0200: 63.284: [GC (CMS Initial Mark) [1 CMS-initial-mark: 77933K(87424K)] 82292K(126720K), 0.0001741 secs] [Times: user=0.00 sys=0.00, real=0.00 secs] 
2014-07-09T16:26:26.315+0200: 63.284: [CMS-concurrent-mark-start]
2014-07-09T16:26:26.317+0200: 63.286: [CMS-concurrent-mark: 0.002/0.002 secs] [Times: user=0.00 sys=0.00, real=0.00 secs] 
2014-07-09T16:26:26.317+0200: 63.286: [CMS-concurrent-preclean-start]
2014-07-09T16:26:26.317+0200: 63.286: [CMS-concurrent-preclean: 0.000/0.000 secs] [Times: user=0.00 sys=0.00, real=0.00 secs] 
2014-07-09T16:26:26.317+0200: 63.286: [CMS-concurrent-abortable-preclean-start]
2014-07-09T16:26:26.335+0200: 63.305: [GC (Allocation Failure) 63.305: [ParNew: 39270K->356K(39296K), 0.0011695 secs] 117204K->78295K(126720K), 0.0012942 secs] [Times: user=0.00 sys=0.00, real=0.00 secs] 
2014-07-09T16:26:26.359+0200: 63.328: [GC (Allocation Failure) 63.328: [ParNew: 35294K->1966K(39296K), 0.0020289 secs] 113232K->79904K(126720K), 0.0021701 secs] [Times: user=0.00 sys=0.00, real=0.00 secs] 
2014-07-09T16:26:26.414+0200: 63.383: [GC (Allocation Failure) 63.383: [ParNew: 36904K->3058K(39296K), 0.0027233 secs] 114843K->80997K(126720K), 0.0028271 secs] [Times: user=0.03 sys=0.00, real=0.00 secs] 
2014-07-09T16:26:26.435+0200: 63.404: [GC (Allocation Failure) 63.404: [ParNew: 37991K->4327K(39296K), 0.0042158 secs] 115930K->83114K(126720K), 0.0043430 secs] [Times: user=0.00 sys=0.00, real=0.00 secs] 
2014-07-09T16:26:26.493+0200: 63.463: [GC (Allocation Failure) 63.463: [ParNew: 39242K->4329K(39296K), 0.0038672 secs] 118029K->84369K(126720K), 0.0042290 secs] [Times: user=0.00 sys=0.00, real=0.00 secs] 
2014-07-09T16:26:26.553+0200: 63.522: [GC (Allocation Failure) 63.522: [ParNew: 39262K->4327K(39296K), 0.0053326 secs] 119302K->87734K(126720K), 0.0054635 secs] [Times: user=0.03 sys=0.00, real=0.01 secs] 
2014-07-09T16:26:26.558+0200: 63.528: [CMS-concurrent-abortable-preclean: 0.003/0.241 secs] [Times: user=0.17 sys=0.00, real=0.24 secs] 
2014-07-09T16:26:26.559+0200: 63.528: [GC (CMS Final Remark) [YG occupancy: 4393 K (39296 K)]63.528: [Rescan (parallel) , 0.0002387 secs]63.528: [weak refs processing, 0.0000260 secs]63.528: [class unloading, 0.0005023 secs]63.529: [scrub symbol table, 0.0005650 secs]63.529: [scrub string table, 0.0001701 secs][1 CMS-remark: 83407K(87424K)] 87800K(126720K), 0.0016132 secs] [Times: user=0.00 sys=0.00, real=0.00 secs] 
2014-07-09T16:26:26.561+0200: 63.530: [CMS-concurrent-sweep-start]
2014-07-09T16:26:26.562+0200: 63.531: [CMS-concurrent-sweep: 0.001/0.001 secs] [Times: user=0.00 sys=0.00, real=0.00 secs] 
2014-07-09T16:26:26.562+0200: 63.531: [CMS-concurrent-reset-start]
2014-07-09T16:26:26.563+0200: 63.532: [CMS-concurrent-reset: 0.001/0.001 secs] [Times: user=0.00 sys=0.00, real=0.00 secs] 
2014-07-09T16:26:26.579+0200: 63.549: [GC (Allocation Failure) 63.549: [ParNew: 39239K->40K(39296K), 0.0007179 secs] 48854K->9658K(126720K), 0.0008165 secs] [Times: user=0.00 sys=0.00, real=0.00 secs] 
2014-07-09T16:26:26.635+0200: 63.604: [GC (Allocation Failure) 63.605: [ParNew: 34973K->2159K(39296K), 0.0023017 secs] 44592K->11778K(126720K), 0.0024212 secs] [Times: user=0.00 sys=0.00, real=0.00 secs] 
2014-07-09T16:26:26.664+0200: 63.634: [GC (Allocation Failure) 63.634: [ParNew: 37101K->2737K(39296K), 0.0024278 secs] 46720K->12356K(126720K), 0.0025594 secs] [Times: user=0.00 sys=0.00, real=0.00 secs] 
2014-07-09T16:26:26.710+0200: 63.680: [GC (Allocation Failure) 63.680: [ParNew: 37674K->3814K(39296K), 0.0033257 secs] 47293K->13448K(126720K), 0.0034492 secs] [Times: user=0.02 sys=0.01, real=0.00 secs] 
2014-07-09T16:26:26.734+0200: 63.703: [GC (Allocation Failure) 63.703: [ParNew: 38747K->4327K(39296K), 0.0046246 secs] 48381K->15566K(126720K), 0.0047790 secs] [Times: user=0.00 sys=0.00, real=0.01 secs] 
2014-07-09T16:26:26.761+0200: 63.730: [GC (Allocation Failure) 63.730: [ParNew: 39248K->4330K(39296K), 0.0044365 secs] 50487K->17078K(126720K), 0.0045792 secs] [Times: user=0.00 sys=0.00, real=0.00 secs] 
2014-07-09T16:26:26.786+0200: 63.756: [GC (Allocation Failure) 63.756: [ParNew: 39263K->4327K(39296K), 0.0059632 secs] 52011K->20700K(126720K), 0.0061619 secs] [Times: user=0.03 sys=0.00, real=0.01 secs] 
2014-07-09T16:26:26.814+0200: 63.783: [GC (Allocation Failure) 63.783: [ParNew: 39265K->838K(39296K), 0.0012733 secs] 55638K->17215K(126720K), 0.0013649 secs] [Times: user=0.00 sys=0.00, real=0.00 secs] 
2014-07-09T16:26:26.836+0200: 63.805: [GC (Allocation Failure) 63.805: [ParNew: 35771K->2956K(39296K), 0.0027908 secs] 52148K->19333K(126720K), 0.0028967 secs] [Times: user=0.00 sys=0.00, real=0.00 secs] 
2014-07-09T16:26:26.905+0200: 63.874: [GC (Allocation Failure) 63.874: [ParNew: 37898K->3528K(39296K), 0.0029807 secs] 54276K->19916K(126720K), 0.0030870 secs] [Times: user=0.00 sys=0.00, real=0.00 secs] 
2014-07-09T16:26:27.071+0200: 64.040: [GC (Allocation Failure) 64.040: [ParNew: 38461K->4327K(39296K), 0.0039614 secs] 54849K->22032K(126720K), 0.0041916 secs] [Times: user=0.00 sys=0.00, real=0.00 secs] 
2014-07-09T16:26:27.201+0200: 64.170: [GC (Allocation Failure) 64.170: [ParNew: 39239K->4329K(39296K), 0.0042745 secs] 56944K->23895K(126720K), 0.0043848 secs] [Times: user=0.00 sys=0.00, real=0.00 secs] 
2014-07-09T16:26:27.327+0200: 64.296: [GC (Allocation Failure) 64.296: [ParNew: 39272K->111K(39296K), 0.0007974 secs] 58839K->19683K(126720K), 0.0009045 secs] [Times: user=0.00 sys=0.00, real=0.00 secs] 
2014-07-09T16:26:27.488+0200: 64.458: [GC (Allocation Failure) 64.458: [ParNew: 35046K->557K(39296K), 0.0007098 secs] 54618K->20129K(126720K), 0.0008069 secs] [Times: user=0.00 sys=0.00, real=0.00 secs] 
2014-07-09T16:26:27.608+0200: 64.577: [GC (Allocation Failure) 64.577: [ParNew: 35493K->1650K(39296K), 0.0016641 secs] 55066K->21222K(126720K), 0.0017730 secs] [Times: user=0.00 sys=0.00, real=0.00 secs] 
2014-07-09T16:26:27.778+0200: 64.747: [GC (Allocation Failure) 64.747: [ParNew: 36583K->3767K(39296K), 0.0029114 secs] 56155K->23339K(126720K), 0.0030129 secs] [Times: user=0.00 sys=0.00, real=0.00 secs] 
2014-07-09T16:26:27.903+0200: 64.872: [GC (Allocation Failure) 64.872: [ParNew: 38683K->3783K(39296K), 0.0087371 secs] 58255K->23373K(126720K), 0.0088584 secs] [Times: user=0.00 sys=0.00, real=0.01 secs] 
2014-07-09T16:26:28.044+0200: 65.013: [GC (Allocation Failure) 65.013: [ParNew: 38716K->4327K(39296K), 0.0046173 secs] 58306K->25491K(126720K), 0.0048109 secs] [Times: user=0.00 sys=0.00, real=0.01 secs] 
2014-07-09T16:26:28.156+0200: 65.125: [GC (Allocation Failure) 65.126: [ParNew: 39265K->4327K(39296K), 0.0046173 secs] 60429K->28152K(126720K), 0.0049810 secs] [Times: user=0.00 sys=0.00, real=0.01 secs] 
2014-07-09T16:26:28.294+0200: 65.263: [GC (Allocation Failure) 65.263: [ParNew: 39260K->902K(39296K), 0.0022478 secs] 63085K->24733K(126720K), 0.0024733 secs] [Times: user=0.00 sys=0.00, real=0.00 secs] 
2014-07-09T16:26:28.441+0200: 65.410: [GC (Allocation Failure) 65.410: [ParNew: 35820K->1324K(39296K), 0.0021624 secs] 59651K->25154K(126720K), 0.0023105 secs] [Times: user=0.02 sys=0.00, real=0.00 secs] 
2014-07-09T16:26:28.588+0200: 65.557: [GC (Allocation Failure) 65.557: [ParNew: 36266K->1907K(39296K), 0.0021781 secs] 60097K->25737K(126720K), 0.0024186 secs] [Times: user=0.00 sys=0.00, real=0.00 secs] 
2014-07-09T16:26:28.693+0200: 65.663: [GC (Allocation Failure) 65.663: [ParNew: 36840K->4023K(39296K), 0.0031717 secs] 60670K->27853K(126720K), 0.0032864 secs] [Times: user=0.00 sys=0.00, real=0.00 secs] 
2014-07-09T16:26:28.839+0200: 65.808: [GC (Allocation Failure) 65.808: [ParNew: 38935K->4329K(39296K), 0.0039632 secs] 62766K->28401K(126720K), 0.0040560 secs] [Times: user=0.00 sys=0.00, real=0.00 secs] 
2014-07-09T16:26:29.008+0200: 65.977: [GC (Allocation Failure) 65.977: [ParNew: 39262K->4327K(39296K), 0.0046100 secs] 63334K->30742K(126720K), 0.0047441 secs] [Times: user=0.00 sys=0.00, real=0.00 secs] 
2014-07-09T16:26:29.108+0200: 66.078: [GC (Allocation Failure) 66.078: [ParNew: 39263K->4327K(39296K), 0.0054389 secs] 65678K->34172K(126720K), 0.0055870 secs] [Times: user=0.03 sys=0.00, real=0.01 secs] 
2014-07-09T16:26:29.311+0200: 66.280: [GC (Allocation Failure) 66.280: [ParNew: 39260K->1670K(39296K), 0.0015853 secs] 69105K->31520K(126720K), 0.0017217 secs] [Times: user=0.00 sys=0.00, real=0.00 secs] 
2014-07-09T16:26:29.434+0200: 66.403: [GC (Allocation Failure) 66.403: [ParNew: 36591K->1582K(39296K), 0.0016227 secs] 66441K->31432K(126720K), 0.0017550 secs] [Times: user=0.00 sys=0.00, real=0.00 secs] 
2014-07-09T16:26:29.539+0200: 66.508: [GC (Allocation Failure) 66.508: [ParNew: 36515K->3699K(39296K), 0.0031119 secs] 66365K->33549K(126720K), 0.0032300 secs] [Times: user=0.00 sys=0.00, real=0.00 secs] 
2014-07-09T16:26:29.691+0200: 66.661: [GC (Allocation Failure) 66.661: [ParNew: 38638K->4327K(39296K), 0.0043071 secs] 68487K->34640K(126720K), 0.0044065 secs] [Times: user=0.00 sys=0.00, real=0.01 secs] 
2014-07-09T16:26:29.797+0200: 66.766: [GC (Allocation Failure) 66.766: [ParNew: 39269K->4327K(39296K), 0.0042939 secs] 69582K->35670K(126720K), 0.0044358 secs] [Times: user=0.03 sys=0.00, real=0.01 secs] 
2014-07-09T16:26:29.942+0200: 66.911: [GC (Allocation Failure) 66.911: [ParNew: 39260K->4327K(39296K), 0.0047463 secs] 70603K->38812K(126720K), 0.0048626 secs] [Times: user=0.00 sys=0.00, real=0.01 secs] 
2014-07-09T16:26:30.091+0200: 67.060: [GC (Allocation Failure) 67.060: [ParNew: 39269K->4329K(39296K), 0.0054675 secs] 73754K->42532K(126720K), 0.0056046 secs] [Times: user=0.03 sys=0.00, real=0.00 secs] 
2014-07-09T16:26:30.239+0200: 67.209: [GC (Allocation Failure) 67.209: [ParNew: 39262K->1959K(39296K), 0.0019882 secs] 77465K->40168K(126720K), 0.0021246 secs] [Times: user=0.00 sys=0.00, real=0.00 secs] 
2014-07-09T16:26:30.387+0200: 67.356: [GC (Allocation Failure) 67.356: [ParNew: 36877K->2383K(39296K), 0.0024054 secs] 75086K->40592K(126720K), 0.0025063 secs] [Times: user=0.00 sys=0.00, real=0.00 secs] 
2014-07-09T16:26:30.495+0200: 67.463: [GC (Allocation Failure) 67.463: [ParNew: 37316K->4327K(39296K), 0.0037399 secs] 75525K->42707K(126720K), 0.0038382 secs] [Times: user=0.00 sys=0.00, real=0.00 secs] 
2014-07-09T16:26:30.639+0200: 67.608: [GC (Allocation Failure) 67.608: [ParNew: 39263K->4327K(39296K), 0.0043258 secs] 77644K->43960K(126720K), 0.0044585 secs] [Times: user=0.03 sys=0.00, real=0.01 secs] 
2014-07-09T16:26:30.792+0200: 67.760: [GC (Allocation Failure) 67.761: [ParNew: 39260K->4327K(39296K), 0.0054099 secs] 78893K->47326K(126720K), 0.0055302 secs] [Times: user=0.00 sys=0.00, real=0.01 secs] 
2014-07-09T16:26:30.904+0200: 67.873: [GC (Allocation Failure) 67.873: [ParNew: 39243K->4328K(39296K), 0.0055544 secs] 82242K->50725K(126720K), 0.0056827 secs] [Times: user=0.03 sys=0.00, real=0.01 secs] 
2014-07-09T16:26:31.087+0200: 68.055: [GC (Allocation Failure) 68.055: [ParNew: 39266K->614K(39296K), 0.0008245 secs] 85664K->47018K(126720K), 0.0008964 secs] [Times: user=0.00 sys=0.00, real=0.00 secs] 
2014-07-09T16:26:31.194+0200: 68.162: [GC (Allocation Failure) 68.162: [ParNew: 35547K->2732K(39296K), 0.0022745 secs] 81951K->49136K(126720K), 0.0023809 secs] [Times: user=0.00 sys=0.00, real=0.00 secs] 
2014-07-09T16:26:31.338+0200: 68.307: [GC (Allocation Failure) 68.307: [ParNew: 37647K->3144K(39296K), 0.0030419 secs] 84051K->49558K(126720K), 0.0031438 secs] [Times: user=0.00 sys=0.00, real=0.00 secs] 
2014-07-09T16:26:31.489+0200: 68.458: [GC (Allocation Failure) 68.458: [ParNew: 38077K->4327K(39296K), 0.0040131 secs] 84491K->51675K(126720K), 0.0041245 secs] [Times: user=0.00 sys=0.00, real=0.00 secs] 
2014-07-09T16:26:31.594+0200: 68.562: [GC (Allocation Failure) 68.562: [ParNew: 39269K->4329K(39296K), 0.0042045 secs] 86617K->53186K(126720K), 0.0043236 secs] [Times: user=0.03 sys=0.00, real=0.00 secs] 
2014-07-09T16:26:31.741+0200: 68.709: [GC (Allocation Failure) 68.709: [ParNew: 39262K->4327K(39296K), 0.0065391 secs] 88119K->56807K(126720K), 0.0066649 secs] [Times: user=0.00 sys=0.00, real=0.01 secs] 
2014-07-09T16:26:31.904+0200: 68.873: [GC (Allocation Failure) 68.873: [ParNew: 39239K->296K(39296K), 0.0007186 secs] 91719K->52781K(126720K), 0.0007915 secs] [Times: user=0.00 sys=0.00, real=0.00 secs] 
2014-07-09T16:26:32.038+0200: 69.007: [GC (Allocation Failure) 69.007: [ParNew: 35229K->2412K(39296K), 0.0022786 secs] 87714K->54897K(126720K), 0.0023801 secs] [Times: user=0.00 sys=0.00, real=0.00 secs] 
2014-07-09T16:26:32.188+0200: 69.157: [GC (Allocation Failure) 69.157: [ParNew: 37348K->3494K(39296K), 0.0035522 secs] 89833K->55990K(126720K), 0.0036432 secs] [Times: user=0.00 sys=0.00, real=0.00 secs] 
2014-07-09T16:26:32.293+0200: 69.262: [GC (Allocation Failure) 69.262: [ParNew: 38427K->4327K(39296K), 0.0040769 secs] 90923K->58108K(126720K), 0.0042202 secs] [Times: user=0.03 sys=0.00, real=0.01 secs] 
2014-07-09T16:26:32.439+0200: 69.408: [GC (Allocation Failure) 69.408: [ParNew: 39251K->4330K(39296K), 0.0042653 secs] 93032K->59300K(126720K), 0.0043764 secs] [Times: user=0.00 sys=0.00, real=0.01 secs] 
2014-07-09T16:26:32.609+0200: 69.577: [GC (Allocation Failure) 69.577: [ParNew: 39268K->4327K(39296K), 0.0045810 secs] 94238K->61576K(126720K), 0.0047196 secs] [Times: user=0.00 sys=0.00, real=0.01 secs] 
2014-07-09T16:26:32.737+0200: 69.705: [GC (Allocation Failure) 69.706: [ParNew: 39260K->518K(39296K), 0.0023952 secs] 96509K->57772K(126720K), 0.0025184 secs] [Times: user=0.00 sys=0.00, real=0.00 secs] 
2014-07-09T16:26:32.891+0200: 69.860: [GC (Allocation Failure) 69.860: [ParNew: 35460K->1099K(39296K), 0.0033110 secs] 92715K->58354K(126720K), 0.0036303 secs] [Times: user=0.00 sys=0.00, real=0.00 secs] 
2014-07-09T16:26:32.992+0200: 69.961: [GC (Allocation Failure) 69.961: [ParNew: 36032K->3216K(39296K), 0.0026683 secs] 93287K->60471K(126720K), 0.0027805 secs] [Times: user=0.00 sys=0.00, real=0.00 secs] 
2014-07-09T16:26:33.142+0200: 70.111: [GC (Allocation Failure) 70.111: [ParNew: 38159K->3784K(39296K), 0.0031603 secs] 95413K->61054K(126720K), 0.0032747 secs] [Times: user=0.00 sys=0.00, real=0.00 secs] 
2014-07-09T16:26:33.289+0200: 70.258: [GC (Allocation Failure) 70.258: [ParNew: 38717K->4327K(39296K), 0.0044365 secs] 95987K->63170K(126720K), 0.0045462 secs] [Times: user=0.00 sys=0.00, real=0.00 secs] 
2014-07-09T16:26:33.395+0200: 70.364: [GC (Allocation Failure) 70.364: [ParNew: 39247K->4329K(39296K), 0.0044406 secs] 98090K->65162K(126720K), 0.0046246 secs] [Times: user=0.00 sys=0.00, real=0.01 secs] 
2014-07-09T16:26:33.541+0200: 70.510: [GC (Allocation Failure) 70.510: [ParNew: 39268K->4329K(39296K), 0.0051595 secs] 100101K->68241K(126720K), 0.0053098 secs] [Times: user=0.03 sys=0.00, real=0.01 secs] 
2014-07-09T16:26:33.698+0200: 70.667: [GC (Allocation Failure) 70.667: [ParNew: 39262K->1318K(39296K), 0.0015024 secs] 103174K->65236K(126720K), 0.0015941 secs] [Times: user=0.00 sys=0.00, real=0.00 secs] 
2014-07-09T16:26:33.837+0200: 70.806: [GC (Allocation Failure) 70.806: [ParNew: 36234K->1356K(39296K), 0.0014210 secs] 100152K->65274K(126720K), 0.0015076 secs] [Times: user=0.00 sys=0.00, real=0.00 secs] 
2014-07-09T16:26:33.988+0200: 70.957: [GC (Allocation Failure) 70.957: [ParNew: 36289K->3473K(39296K), 0.0026382 secs] 100207K->67391K(126720K), 0.0027229 secs] [Times: user=0.00 sys=0.00, real=0.00 secs] 
2014-07-09T16:26:34.093+0200: 71.061: [GC (Allocation Failure) 71.061: [ParNew: 38411K->4327K(39296K), 0.0050558 secs] 102330K->68483K(126720K), 0.0051643 secs] [Times: user=0.00 sys=0.00, real=0.01 secs] 
2014-07-09T16:26:34.240+0200: 71.208: [GC (Allocation Failure) 71.208: [ParNew: 39260K->4327K(39296K), 0.0049135 secs] 103417K->70825K(126720K), 0.0050323 secs] [Times: user=0.00 sys=0.00, real=0.00 secs] 
2014-07-09T16:26:34.390+0200: 71.359: [GC (Allocation Failure) 71.359: [ParNew: 39245K->4329K(39296K), 0.0051504 secs] 105744K->73585K(126720K), 0.0052710 secs] [Times: user=0.00 sys=0.00, real=0.00 secs] 
2014-07-09T16:26:34.537+0200: 71.506: [GC (Allocation Failure) 71.506: [ParNew: 39262K->998K(39296K), 0.0010999 secs] 108518K->70260K(126720K), 0.0011868 secs] [Times: user=0.00 sys=0.00, real=0.00 secs] 
2014-07-09T16:26:34.687+0200: 71.656: [GC (Allocation Failure) 71.656: [ParNew: 35940K->1581K(39296K), 0.0015930 secs] 105203K->70844K(126720K), 0.0016824 secs] [Times: user=0.00 sys=0.00, real=0.00 secs] 
2014-07-09T16:26:34.795+0200: 71.763: [GC (Allocation Failure) 71.763: [ParNew: 36514K->3697K(39296K), 0.0027625 secs] 105777K->72959K(126720K), 0.0028604 secs] [Times: user=0.00 sys=0.00, real=0.00 secs] 
2014-07-09T16:26:34.939+0200: 71.907: [GC (Allocation Failure) 71.907: [ParNew: 38609K->4233K(39296K), 0.0032765 secs] 107871K->73510K(126720K), 0.0033799 secs] [Times: user=0.00 sys=0.00, real=0.00 secs] 
2014-07-09T16:26:35.089+0200: 72.058: [GC (Allocation Failure) 72.058: [ParNew: 39169K->4327K(39296K), 0.0042705 secs] 108447K->74602K(126720K), 0.0043812 secs] [Times: user=0.00 sys=0.00, real=0.01 secs] 
2014-07-09T16:26:35.200+0200: 72.168: [GC (Allocation Failure) 72.168: [ParNew: 39260K->4327K(39296K), 0.0053183 secs] 109535K->77712K(126720K), 0.0054330 secs] [Times: user=0.00 sys=0.00, real=0.00 secs] 
2014-07-09T16:26:35.340+0200: 72.310: [GC (Allocation Failure) 72.310: [ParNew: 39251K->4329K(39296K), 0.0053054 secs] 112636K->80728K(126720K), 0.0054202 secs] [Times: user=0.00 sys=0.00, real=0.01 secs] 
2014-07-09T16:26:35.491+0200: 72.461: [GC (Allocation Failure) 72.461: [ParNew: 39262K->1254K(39296K), 0.0018779 secs] 115661K->77660K(126720K), 0.0019948 secs] [Times: user=0.00 sys=0.00, real=0.00 secs] 
2014-07-09T16:26:35.637+0200: 72.607: [GC (Allocation Failure) 72.607: [ParNew: 36193K->2348K(39296K), 0.0018900 secs] 112599K->78754K(126720K), 0.0020018 secs] [Times: user=0.00 sys=0.00, real=0.00 secs] 
2014-07-09T16:26:35.809+0200: 72.779: [GC (Allocation Failure) 72.779: [ParNew: 37281K->4327K(39296K), 0.0035075 secs] 113687K->80871K(126720K), 0.0035944 secs] [Times: user=0.00 sys=0.00, real=0.00 secs] 
2014-07-09T16:26:35.894+0200: 72.864: [GC (Allocation Failure) 72.864: [ParNew: 39269K->4327K(39296K), 0.0141847 secs] 115813K->81580K(126720K), 0.0143354 secs] [Times: user=0.02 sys=0.00, real=0.01 secs] 
2014-07-09T16:26:36.048+0200: 73.018: [GC (Allocation Failure) 73.018: [ParNew: 39260K->4327K(39296K), 0.0050019 secs] 116513K->84402K(126720K), 0.0051199 secs] [Times: user=0.00 sys=0.00, real=0.01 secs] 
2014-07-09T16:26:36.054+0200: 73.023: [GC (CMS Initial Mark) [1 CMS-initial-mark: 80075K(87424K)] 84468K(126720K), 0.0001591 secs] [Times: user=0.00 sys=0.00, real=0.00 secs] 
2014-07-09T16:26:36.054+0200: 73.024: [CMS-concurrent-mark-start]
2014-07-09T16:26:36.055+0200: 73.025: [CMS-concurrent-mark: 0.001/0.001 secs] [Times: user=0.00 sys=0.00, real=0.00 secs] 
2014-07-09T16:26:36.056+0200: 73.025: [CMS-concurrent-preclean-start]
2014-07-09T16:26:36.056+0200: 73.026: [CMS-concurrent-preclean: 0.000/0.000 secs] [Times: user=0.00 sys=0.00, real=0.00 secs] 
2014-07-09T16:26:36.056+0200: 73.026: [CMS-concurrent-abortable-preclean-start]
2014-07-09T16:26:36.190+0200: 73.160: [GC (Allocation Failure) 73.160: [ParNew: 39240K->4330K(39296K), 0.0054862 secs] 119316K->87771K(126720K), 0.0056460 secs] [Times: user=0.00 sys=0.00, real=0.01 secs] 
2014-07-09T16:26:36.196+0200: 73.165: [CMS-concurrent-abortable-preclean: 0.001/0.140 secs] [Times: user=0.00 sys=0.00, real=0.14 secs] 
2014-07-09T16:26:36.196+0200: 73.166: [GC (CMS Final Remark) [YG occupancy: 4556 K (39296 K)]73.166: [Rescan (parallel) , 0.0002368 secs]73.166: [weak refs processing, 0.0000268 secs]73.166: [class unloading, 0.0005070 secs]73.166: [scrub symbol table, 0.0005774 secs]73.167: [scrub string table, 0.0001785 secs][1 CMS-remark: 83441K(87424K)] 87997K(126720K), 0.0016538 secs] [Times: user=0.02 sys=0.00, real=0.00 secs] 
2014-07-09T16:26:36.198+0200: 73.167: [CMS-concurrent-sweep-start]
2014-07-09T16:26:36.199+0200: 73.168: [CMS-concurrent-sweep: 0.001/0.001 secs] [Times: user=0.00 sys=0.00, real=0.00 secs] 
2014-07-09T16:26:36.199+0200: 73.168: [CMS-concurrent-reset-start]
2014-07-09T16:26:36.199+0200: 73.169: [CMS-concurrent-reset: 0.000/0.000 secs] [Times: user=0.00 sys=0.00, real=0.00 secs] 
2014-07-09T16:26:36.297+0200: 73.267: [GC (Allocation Failure) 73.267: [ParNew: 39273K->70K(39296K), 0.0007245 secs] 45963K->6766K(126720K), 0.0008062 secs] [Times: user=0.00 sys=0.00, real=0.00 secs] 
2014-07-09T16:26:36.488+0200: 73.457: [GC (Allocation Failure) 73.457: [ParNew: 35008K->2062K(39296K), 0.0017759 secs] 41704K->8758K(126720K), 0.0018735 secs] [Times: user=0.00 sys=0.00, real=0.00 secs] 
2014-07-09T16:26:36.593+0200: 73.563: [GC (Allocation Failure) 73.563: [ParNew: 36998K->3155K(39296K), 0.0025187 secs] 43695K->9851K(126720K), 0.0026096 secs] [Times: user=0.00 sys=0.00, real=0.00 secs] 
2014-07-09T16:26:36.741+0200: 73.711: [GC (Allocation Failure) 73.711: [ParNew: 38088K->4327K(39296K), 0.0041102 secs] 44784K->11968K(126720K), 0.0042224 secs] [Times: user=0.01 sys=0.00, real=0.00 secs] 
2014-07-09T16:26:36.902+0200: 73.872: [GC (Allocation Failure) 73.872: [ParNew: 39243K->4328K(39296K), 0.0838487 secs] 46884K->12934K(126720K), 0.0839818 secs] [Times: user=0.00 sys=0.00, real=0.08 secs] 
2014-07-09T16:26:37.011+0200: 73.981: [GC (Allocation Failure) 73.981: [ParNew: 39261K->4327K(39296K), 0.0050679 secs] 47867K->16012K(126720K), 0.0052292 secs] [Times: user=0.00 sys=0.00, real=0.01 secs] 
2014-07-09T16:26:37.187+0200: 74.157: [GC (Allocation Failure) 74.157: [ParNew: 39265K->294K(39296K), 0.0006497 secs] 50951K->11983K(126720K), 0.0007388 secs] [Times: user=0.00 sys=0.00, real=0.00 secs] 
2014-07-09T16:26:37.294+0200: 74.264: [GC (Allocation Failure) 74.264: [ParNew: 35227K->2413K(39296K), 0.0019424 secs] 46916K->14102K(126720K), 0.0020377 secs] [Times: user=0.00 sys=0.00, real=0.00 secs] 
2014-07-09T16:26:37.438+0200: 74.408: [GC (Allocation Failure) 74.408: [ParNew: 37328K->2824K(39296K), 0.0023094 secs] 49018K->14524K(126720K), 0.0023959 secs] [Times: user=0.00 sys=0.00, real=0.00 secs] 
2014-07-09T16:26:37.588+0200: 74.558: [GC (Allocation Failure) 74.558: [ParNew: 37767K->3399K(39296K), 0.0026192 secs] 49467K->15105K(126720K), 0.0027090 secs] [Times: user=0.00 sys=0.00, real=0.00 secs] 
2014-07-09T16:26:37.696+0200: 74.666: [GC (Allocation Failure) 74.666: [ParNew: 38332K->4327K(39296K), 0.0040168 secs] 50038K->17223K(126720K), 0.0041110 secs] [Times: user=0.00 sys=0.00, real=0.00 secs] 
2014-07-09T16:26:37.839+0200: 74.809: [GC (Allocation Failure) 74.809: [ParNew: 39269K->4327K(39296K), 0.0049740 secs] 52165K->18988K(126720K), 0.0050792 secs] [Times: user=0.00 sys=0.00, real=0.01 secs] 
2014-07-09T16:26:37.990+0200: 74.960: [GC (Allocation Failure) 74.960: [ParNew: 39260K->7K(39296K), 0.0007113 secs] 53921K->14673K(126720K), 0.0007904 secs] [Times: user=0.03 sys=0.00, real=0.00 secs] 
2014-07-09T16:26:38.137+0200: 75.107: [GC (Allocation Failure) 75.107: [ParNew: 34943K->1099K(39296K), 0.0010599 secs] 49610K->15766K(126720K), 0.0011413 secs] [Times: user=0.00 sys=0.00, real=0.00 secs] 
2014-07-09T16:26:38.290+0200: 75.260: [GC (Allocation Failure) 75.260: [ParNew: 36032K->3216K(39296K), 0.0034983 secs] 50699K->17883K(126720K), 0.0036105 secs] [Times: user=0.00 sys=0.00, real=0.00 secs] 
2014-07-09T16:26:38.392+0200: 75.362: [GC (Allocation Failure) 75.362: [ParNew: 38137K->3113K(39296K), 0.0033022 secs] 52804K->17793K(126720K), 0.0034082 secs] [Times: user=0.00 sys=0.00, real=0.00 secs] 
2014-07-09T16:26:38.541+0200: 75.511: [GC (Allocation Failure) 75.511: [ParNew: 38052K->4199K(39296K), 0.0036028 secs] 52731K->18885K(126720K), 0.0037484 secs] [Times: user=0.00 sys=0.00, real=0.00 secs] 
2014-07-09T16:26:38.689+0200: 75.659: [GC (Allocation Failure) 75.659: [ParNew: 39132K->4327K(39296K), 0.0049322 secs] 53818K->21003K(126720K), 0.0050466 secs] [Times: user=0.03 sys=0.00, real=0.01 secs] 
2014-07-09T16:26:38.796+0200: 75.766: [GC (Allocation Failure) 75.766: [ParNew: 39268K->238K(39296K), 0.0007915 secs] 55945K->16918K(126720K), 0.0008704 secs] [Times: user=0.00 sys=0.00, real=0.00 secs] 
2014-07-09T16:26:38.987+0200: 75.957: [GC (Allocation Failure) 75.957: [ParNew: 35171K->811K(39296K), 0.0008997 secs] 51852K->17491K(126720K), 0.0009745 secs] [Times: user=0.00 sys=0.00, real=0.00 secs] 
2014-07-09T16:26:39.115+0200: 76.085: [GC (Allocation Failure) 76.085: [ParNew: 35753K->1394K(39296K), 0.0014141 secs] 52434K->18074K(126720K), 0.0015164 secs] [Times: user=0.00 sys=0.00, real=0.00 secs] 
2014-07-09T16:26:39.238+0200: 76.208: [GC (Allocation Failure) 76.208: [ParNew: 36327K->3511K(39296K), 0.0026859 secs] 53007K->20191K(126720K), 0.0027860 secs] [Times: user=0.00 sys=0.00, real=0.00 secs] 
2014-07-09T16:26:39.388+0200: 76.358: [GC (Allocation Failure) 76.358: [ParNew: 38426K->3912K(39296K), 0.0030217 secs] 55107K->20610K(126720K), 0.0031112 secs] [Times: user=0.00 sys=0.00, real=0.00 secs] 
2014-07-09T16:26:39.495+0200: 76.465: [GC (Allocation Failure) 76.465: [ParNew: 38845K->4327K(39296K), 0.0045146 secs] 55543K->22727K(126720K), 0.0046242 secs] [Times: user=0.00 sys=0.00, real=0.01 secs] 
2014-07-09T16:26:39.651+0200: 76.621: [GC (Allocation Failure) 76.621: [ParNew: 39265K->4327K(39296K), 0.0047526 secs] 57666K->25517K(126720K), 0.0048783 secs] [Times: user=0.00 sys=0.00, real=0.00 secs] 
2014-07-09T16:26:39.799+0200: 76.769: [GC (Allocation Failure) 76.769: [ParNew: 39269K->10K(39296K), 0.0006739 secs] 60459K->21205K(126720K), 0.0007556 secs] [Times: user=0.00 sys=0.00, real=0.00 secs] 
2014-07-09T16:26:39.937+0200: 76.907: [GC (Allocation Failure) 76.907: [ParNew: 34949K->1101K(39296K), 0.0010958 secs] 56144K->22296K(126720K), 0.0011739 secs] [Times: user=0.00 sys=0.00, real=0.00 secs] 
2014-07-09T16:26:40.087+0200: 77.057: [GC (Allocation Failure) 77.057: [ParNew: 36040K->2194K(39296K), 0.0017778 secs] 57235K->23389K(126720K), 0.0018716 secs] [Times: user=0.00 sys=0.00, real=0.00 secs] 
2014-07-09T16:26:40.194+0200: 77.164: [GC (Allocation Failure) 77.164: [ParNew: 37127K->4295K(39296K), 0.0034452 secs] 58322K->25505K(126720K), 0.0035438 secs] [Times: user=0.00 sys=0.00, real=0.00 secs] 
2014-07-09T16:26:40.339+0200: 77.309: [GC (Allocation Failure) 77.309: [ParNew: 39211K->4329K(39296K), 0.0034947 secs] 60421K->25928K(126720K), 0.0035863 secs] [Times: user=0.00 sys=0.00, real=0.00 secs] 
2014-07-09T16:26:40.490+0200: 77.459: [GC (Allocation Failure) 77.459: [ParNew: 39262K->4327K(39296K), 0.0053758 secs] 60861K->28428K(126720K), 0.0054811 secs] [Times: user=0.00 sys=0.00, real=0.01 secs] 
2014-07-09T16:26:40.594+0200: 77.563: [GC (Allocation Failure) 77.563: [ParNew: 39269K->4327K(39296K), 0.0055419 secs] 63371K->31507K(126720K), 0.0056867 secs] [Times: user=0.03 sys=0.00, real=0.01 secs] 
2014-07-09T16:26:40.787+0200: 77.756: [GC (Allocation Failure) 77.756: [ParNew: 39260K->1318K(39296K), 0.0013199 secs] 66440K->28503K(126720K), 0.0014287 secs] [Times: user=0.00 sys=0.00, real=0.00 secs] 
2014-07-09T16:26:40.902+0200: 77.871: [GC (Allocation Failure) 77.871: [ParNew: 36260K->1902K(39296K), 0.0019919 secs] 63445K->29086K(126720K), 0.0021011 secs] [Times: user=0.00 sys=0.00, real=0.00 secs] 
2014-07-09T16:26:41.038+0200: 78.007: [GC (Allocation Failure) 78.007: [ParNew: 36840K->2994K(39296K), 0.0024458 secs] 64025K->30179K(126720K), 0.0025319 secs] [Times: user=0.00 sys=0.00, real=0.00 secs] 
2014-07-09T16:26:41.189+0200: 78.158: [GC (Allocation Failure) 78.158: [ParNew: 37927K->4327K(39296K), 0.0035794 secs] 65112K->32294K(126720K), 0.0036850 secs] [Times: user=0.00 sys=0.00, real=0.00 secs] 
2014-07-09T16:26:41.294+0200: 78.263: [GC (Allocation Failure) 78.263: [ParNew: 39260K->4327K(39296K), 0.0052849 secs] 67227K->35180K(126720K), 0.0054162 secs] [Times: user=0.03 sys=0.00, real=0.01 secs] 
2014-07-09T16:26:41.442+0200: 78.411: [GC (Allocation Failure) 78.411: [ParNew: 39248K->4329K(39296K), 0.0052262 secs] 70101K->37972K(126720K), 0.0053439 secs] [Times: user=0.00 sys=0.00, real=0.01 secs] 
2014-07-09T16:26:41.590+0200: 78.559: [GC (Allocation Failure) 78.559: [ParNew: 39266K->7K(39296K), 0.0007941 secs] 72909K->33656K(126720K), 0.0008718 secs] [Times: user=0.00 sys=0.00, real=0.00 secs] 
2014-07-09T16:26:41.737+0200: 78.706: [GC (Allocation Failure) 78.707: [ParNew: 34940K->2124K(39296K), 0.0018159 secs] 68589K->35773K(126720K), 0.0019079 secs] [Times: user=0.00 sys=0.00, real=0.00 secs] 
2014-07-09T16:26:41.890+0200: 78.859: [GC (Allocation Failure) 78.859: [ParNew: 37066K->2705K(39296K), 0.0047691 secs] 70716K->36354K(126720K), 0.0049428 secs] [Times: user=0.02 sys=0.00, real=0.00 secs] 
2014-07-09T16:26:41.993+0200: 78.962: [GC (Allocation Failure) 78.962: [ParNew: 37638K->4327K(39296K), 0.0039112 secs] 71287K->38471K(126720K), 0.0040146 secs] [Times: user=0.00 sys=0.00, real=0.00 secs] 
2014-07-09T16:26:42.139+0200: 79.108: [GC (Allocation Failure) 79.108: [ParNew: 39269K->4329K(39296K), 0.0044200 secs] 73413K->39534K(126720K), 0.0045308 secs] [Times: user=0.03 sys=0.00, real=0.00 secs] 
2014-07-09T16:26:42.290+0200: 79.259: [GC (Allocation Failure) 79.259: [ParNew: 39262K->4327K(39296K), 0.0056196 secs] 74467K->42707K(126720K), 0.0057414 secs] [Times: user=0.00 sys=0.00, real=0.01 secs] 
2014-07-09T16:26:42.396+0200: 79.365: [GC (Allocation Failure) 79.365: [ParNew: 39245K->4329K(39296K), 0.0054048 secs] 77625K->46299K(126720K), 0.0055302 secs] [Times: user=0.00 sys=0.00, real=0.01 secs] 
2014-07-09T16:26:42.587+0200: 79.556: [GC (Allocation Failure) 79.556: [ParNew: 39267K->806K(39296K), 0.0009279 secs] 81237K->42782K(126720K), 0.0010038 secs] [Times: user=0.00 sys=0.00, real=0.00 secs] 
2014-07-09T16:26:42.693+0200: 79.662: [GC (Allocation Failure) 79.662: [ParNew: 35739K->2925K(39296K), 0.0035838 secs] 77715K->44901K(126720K), 0.0036989 secs] [Times: user=0.00 sys=0.00, real=0.00 secs] 
2014-07-09T16:26:42.838+0200: 79.807: [GC (Allocation Failure) 79.807: [ParNew: 37841K->2953K(39296K), 0.0023827 secs] 79817K->44939K(126720K), 0.0024751 secs] [Times: user=0.00 sys=0.00, real=0.00 secs] 
2014-07-09T16:26:42.989+0200: 79.958: [GC (Allocation Failure) 79.958: [ParNew: 37886K->4327K(39296K), 0.0037132 secs] 79872K->47055K(126720K), 0.0038074 secs] [Times: user=0.00 sys=0.00, real=0.00 secs] 
2014-07-09T16:26:43.094+0200: 80.063: [GC (Allocation Failure) 80.063: [ParNew: 39263K->4327K(39296K), 0.0044413 secs] 81992K->48885K(126720K), 0.0045597 secs] [Times: user=0.00 sys=0.00, real=0.00 secs] 
2014-07-09T16:26:43.287+0200: 80.256: [GC (Allocation Failure) 80.256: [ParNew: 39260K->70K(39296K), 0.0006108 secs] 83818K->44632K(126720K), 0.0006827 secs] [Times: user=0.00 sys=0.00, real=0.00 secs] 
2014-07-09T16:26:43.391+0200: 80.360: [GC (Allocation Failure) 80.360: [ParNew: 34985K->494K(39296K), 0.0009477 secs] 79548K->45057K(126720K), 0.0010343 secs] [Times: user=0.00 sys=0.00, real=0.00 secs] 
2014-07-09T16:26:43.538+0200: 80.507: [GC (Allocation Failure) 80.507: [ParNew: 35427K->2610K(39296K), 0.0021994 secs] 79990K->47173K(126720K), 0.0022921 secs] [Times: user=0.00 sys=0.00, real=0.00 secs] 
2014-07-09T16:26:43.688+0200: 80.657: [GC (Allocation Failure) 80.657: [ParNew: 37552K->3175K(39296K), 0.0025873 secs] 82115K->47752K(126720K), 0.0026921 secs] [Times: user=0.00 sys=0.00, real=0.00 secs] 
2014-07-09T16:26:43.793+0200: 80.762: [GC (Allocation Failure) 80.763: [ParNew: 38108K->4327K(39296K), 0.0044644 secs] 82685K->49870K(126720K), 0.0045880 secs] [Times: user=0.03 sys=0.00, real=0.01 secs] 
2014-07-09T16:26:43.940+0200: 80.909: [GC (Allocation Failure) 80.909: [ParNew: 39269K->4327K(39296K), 0.0040193 secs] 84812K->51411K(126720K), 0.0041264 secs] [Times: user=0.00 sys=0.00, real=0.00 secs] 
2014-07-09T16:26:44.090+0200: 81.059: [GC (Allocation Failure) 81.059: [ParNew: 39266K->4327K(39296K), 0.0048054 secs] 86350K->54042K(126720K), 0.0049150 secs] [Times: user=0.03 sys=0.00, real=0.00 secs] 
2014-07-09T16:26:44.237+0200: 81.206: [GC (Allocation Failure) 81.206: [ParNew: 39260K->870K(39296K), 0.0009690 secs] 88975K->50590K(126720K), 0.0010478 secs] [Times: user=0.00 sys=0.00, real=0.00 secs] 
2014-07-09T16:26:44.387+0200: 81.356: [GC (Allocation Failure) 81.356: [ParNew: 35792K->781K(39296K), 0.0009415 secs] 85512K->50501K(126720K), 0.0010236 secs] [Times: user=0.00 sys=0.00, real=0.00 secs] 
2014-07-09T16:26:44.498+0200: 81.467: [GC (Allocation Failure) 81.467: [ParNew: 35714K->2898K(39296K), 0.0026181 secs] 85434K->52618K(126720K), 0.0027171 secs] [Times: user=0.00 sys=0.00, real=0.00 secs] 
2014-07-09T16:26:44.656+0200: 81.625: [GC (Allocation Failure) 81.625: [ParNew: 37835K->3974K(39296K), 0.0029649 secs] 87554K->53710K(126720K), 0.0030522 secs] [Times: user=0.00 sys=0.00, real=0.00 secs] 
2014-07-09T16:26:44.789+0200: 81.759: [GC (Allocation Failure) 81.759: [ParNew: 38908K->4327K(39296K), 0.0044123 secs] 88643K->55828K(126720K), 0.0045359 secs] [Times: user=0.03 sys=0.00, real=0.00 secs] 
2014-07-09T16:26:44.902+0200: 81.872: [GC (Allocation Failure) 81.872: [ParNew: 39239K->4329K(39296K), 0.0048725 secs] 90741K->58140K(126720K), 0.0050103 secs] [Times: user=0.00 sys=0.00, real=0.01 secs] 
2014-07-09T16:26:45.047+0200: 82.016: [GC (Allocation Failure) 82.016: [ParNew: 39273K->558K(39296K), 0.0009595 secs] 93084K->54375K(126720K), 0.0010390 secs] [Times: user=0.00 sys=0.00, real=0.00 secs] 
2014-07-09T16:26:45.192+0200: 82.161: [GC (Allocation Failure) 82.161: [ParNew: 35490K->1134K(39296K), 0.0013935 secs] 89306K->54951K(126720K), 0.0014834 secs] [Times: user=0.00 sys=0.00, real=0.00 secs] 
2014-07-09T16:26:45.337+0200: 82.306: [GC (Allocation Failure) 82.306: [ParNew: 36052K->1554K(39296K), 0.0014914 secs] 89869K->55370K(126720K), 0.0015849 secs] [Times: user=0.01 sys=0.02, real=0.00 secs] 
2014-07-09T16:26:45.488+0200: 82.458: [GC (Allocation Failure) 82.458: [ParNew: 36487K->3670K(39296K), 0.0030426 secs] 90304K->57487K(126720K), 0.0031669 secs] [Times: user=0.00 sys=0.00, real=0.00 secs] 
2014-07-09T16:26:45.593+0200: 82.562: [GC (Allocation Failure) 82.562: [ParNew: 38609K->4327K(39296K), 0.0038419 secs] 92425K->58576K(126720K), 0.0039559 secs] [Times: user=0.00 sys=0.00, real=0.00 secs] 
2014-07-09T16:26:45.740+0200: 82.709: [GC (Allocation Failure) 82.709: [ParNew: 39260K->4327K(39296K), 0.0045451 secs] 93509K->61110K(126720K), 0.0046653 secs] [Times: user=0.03 sys=0.00, real=0.00 secs] 
2014-07-09T16:26:45.893+0200: 82.862: [GC (Allocation Failure) 82.862: [ParNew: 39243K->4328K(39296K), 0.0105797 secs] 96026K->63677K(126720K), 0.0107498 secs] [Times: user=0.02 sys=0.00, real=0.01 secs] 
2014-07-09T16:26:46.037+0200: 83.006: [GC (Allocation Failure) 83.006: [ParNew: 39261K->806K(39296K), 0.0010082 secs] 98610K->60161K(126720K), 0.0010852 secs] [Times: user=0.00 sys=0.00, real=0.00 secs] 
2014-07-09T16:26:46.187+0200: 83.157: [GC (Allocation Failure) 83.157: [ParNew: 35742K->1900K(39296K), 0.0017726 secs] 95098K->61255K(126720K), 0.0018764 secs] [Times: user=0.00 sys=0.00, real=0.00 secs] 
2014-07-09T16:26:46.294+0200: 83.264: [GC (Allocation Failure) 83.264: [ParNew: 36833K->4017K(39296K), 0.0041051 secs] 96188K->63372K(126720K), 0.0042147 secs] [Times: user=0.00 sys=0.00, real=0.01 secs] 
2014-07-09T16:26:46.439+0200: 83.408: [GC (Allocation Failure) 83.408: [ParNew: 38937K->4329K(39296K), 0.0034232 secs] 98292K->63794K(126720K), 0.0035185 secs] [Times: user=0.00 sys=0.00, real=0.00 secs] 
2014-07-09T16:26:46.600+0200: 83.569: [GC (Allocation Failure) 83.569: [ParNew: 39271K->4327K(39296K), 0.0037630 secs] 98737K->64471K(126720K), 0.0038507 secs] [Times: user=0.03 sys=0.00, real=0.00 secs] 
2014-07-09T16:26:46.694+0200: 83.664: [GC (Allocation Failure) 83.664: [ParNew: 39260K->4327K(39296K), 0.0055137 secs] 99404K->67261K(126720K), 0.0056321 secs] [Times: user=0.03 sys=0.00, real=0.01 secs] 
2014-07-09T16:26:46.840+0200: 83.809: [GC (Allocation Failure) 83.810: [ParNew: 39269K->4329K(39296K), 0.0052054 secs] 102204K->70629K(126720K), 0.0053194 secs] [Times: user=0.00 sys=0.00, real=0.01 secs] 
2014-07-09T16:26:46.991+0200: 83.961: [GC (Allocation Failure) 83.961: [ParNew: 39262K->1606K(39296K), 0.0018416 secs] 105562K->67912K(126720K), 0.0019501 secs] [Times: user=0.03 sys=0.00, real=0.00 secs] 
2014-07-09T16:26:47.138+0200: 84.107: [GC (Allocation Failure) 84.107: [ParNew: 36545K->2700K(39296K), 0.0022196 secs] 102851K->69006K(126720K), 0.0023332 secs] [Times: user=0.00 sys=0.00, real=0.00 secs] 
2014-07-09T16:26:47.289+0200: 84.258: [GC (Allocation Failure) 84.258: [ParNew: 37633K->4327K(39296K), 0.0035416 secs] 103939K->71123K(126720K), 0.0036472 secs] [Times: user=0.00 sys=0.00, real=0.00 secs] 
2014-07-09T16:26:47.393+0200: 84.362: [GC (Allocation Failure) 84.362: [ParNew: 39251K->4329K(39296K), 0.0037147 secs] 106047K->71514K(126720K), 0.0038166 secs] [Times: user=0.00 sys=0.00, real=0.00 secs] 
2014-07-09T16:26:47.540+0200: 84.509: [GC (Allocation Failure) 84.509: [ParNew: 39266K->4327K(39296K), 0.0042224 secs] 106451K->72991K(126720K), 0.0043368 secs] [Times: user=0.00 sys=0.00, real=0.00 secs] 
2014-07-09T16:26:47.691+0200: 84.660: [GC (Allocation Failure) 84.660: [ParNew: 39260K->4327K(39296K), 0.0055170 secs] 107924K->76581K(126720K), 0.0056622 secs] [Times: user=0.03 sys=0.00, real=0.01 secs] 
2014-07-09T16:26:47.837+0200: 84.806: [GC (Allocation Failure) 84.806: [ParNew: 39239K->264K(39296K), 0.0007424 secs] 111494K->72523K(126720K), 0.0008157 secs] [Times: user=0.00 sys=0.00, real=0.00 secs] 
2014-07-09T16:26:47.992+0200: 84.962: [GC (Allocation Failure) 84.962: [ParNew: 35197K->2382K(39296K), 0.0020274 secs] 107456K->74641K(126720K), 0.0021627 secs] [Times: user=0.00 sys=0.00, real=0.00 secs] 
2014-07-09T16:26:48.092+0200: 85.061: [GC (Allocation Failure) 85.061: [ParNew: 37324K->2951K(39296K), 0.0025719 secs] 109583K->75220K(126720K), 0.0026775 secs] [Times: user=0.00 sys=0.00, real=0.00 secs] 
2014-07-09T16:26:48.258+0200: 85.228: [GC (Allocation Failure) 85.228: [ParNew: 37884K->4327K(39296K), 0.0036135 secs] 110153K->77338K(126720K), 0.0037293 secs] [Times: user=0.00 sys=0.00, real=0.00 secs] 
2014-07-09T16:26:48.389+0200: 85.359: [GC (Allocation Failure) 85.359: [ParNew: 39245K->4329K(39296K), 0.0040915 secs] 112256K->78497K(126720K), 0.0041894 secs] [Times: user=0.00 sys=0.00, real=0.00 secs] 
2014-07-09T16:26:48.497+0200: 85.467: [GC (Allocation Failure) 85.467: [ParNew: 39262K->4327K(39296K), 0.0054393 secs] 113430K->81767K(126720K), 0.0055742 secs] [Times: user=0.00 sys=0.00, real=0.01 secs] 
2014-07-09T16:26:48.687+0200: 85.656: [GC (Allocation Failure) 85.656: [ParNew: 39265K->486K(39296K), 0.0007904 secs] 116705K->77930K(126720K), 0.0008627 secs] [Times: user=0.00 sys=0.00, real=0.00 secs] 
2014-07-09T16:26:48.814+0200: 85.784: [GC (Allocation Failure) 85.784: [ParNew: 35428K->1068K(39296K), 0.0017077 secs] 112872K->78512K(126720K), 0.0018100 secs] [Times: user=0.00 sys=0.00, real=0.00 secs] 
2014-07-09T16:26:48.938+0200: 85.907: [GC (Allocation Failure) 85.907: [ParNew: 36006K->2675K(39296K), 0.0022448 secs] 113451K->80119K(126720K), 0.0023442 secs] [Times: user=0.00 sys=0.00, real=0.00 secs] 
2014-07-09T16:26:49.088+0200: 86.058: [GC (Allocation Failure) 86.058: [ParNew: 37611K->3750K(39296K), 0.0030038 secs] 115055K->81210K(126720K), 0.0030995 secs] [Times: user=0.00 sys=0.00, real=0.00 secs] 
2014-07-09T16:26:49.194+0200: 86.164: [GC (Allocation Failure) 86.164: [ParNew: 38683K->4327K(39296K), 0.0043826 secs] 116143K->83328K(126720K), 0.0044864 secs] [Times: user=0.00 sys=0.00, real=0.00 secs] 
2014-07-09T16:26:49.343+0200: 86.312: [GC (Allocation Failure) 86.312: [ParNew: 39244K->4329K(39296K), 0.0041399 secs] 118245K->85287K(126720K), 0.0042518 secs] [Times: user=0.00 sys=0.00, real=0.00 secs] 
2014-07-09T16:26:49.347+0200: 86.316: [GC (CMS Initial Mark) [1 CMS-initial-mark: 80958K(87424K)] 85319K(126720K), 0.0001382 secs] [Times: user=0.00 sys=0.00, real=0.00 secs] 
2014-07-09T16:26:49.347+0200: 86.317: [CMS-concurrent-mark-start]
2014-07-09T16:26:49.349+0200: 86.318: [CMS-concurrent-mark: 0.002/0.002 secs] [Times: user=0.03 sys=0.00, real=0.00 secs] 
2014-07-09T16:26:49.349+0200: 86.318: [CMS-concurrent-preclean-start]
2014-07-09T16:26:49.349+0200: 86.319: [CMS-concurrent-preclean: 0.000/0.000 secs] [Times: user=0.00 sys=0.00, real=0.00 secs] 
2014-07-09T16:26:49.349+0200: 86.319: [GC (CMS Final Remark) [YG occupancy: 6252 K (39296 K)]86.319: [Rescan (parallel) , 0.0001741 secs]86.319: [weak refs processing, 0.0000253 secs]86.319: [class unloading, 0.0010823 secs]86.320: [scrub symbol table, 0.0005536 secs]86.321: [scrub string table, 0.0001987 secs][1 CMS-remark: 80958K(87424K)] 87210K(126720K), 0.0021646 secs] [Times: user=0.00 sys=0.00, real=0.00 secs] 
2014-07-09T16:26:49.351+0200: 86.321: [CMS-concurrent-sweep-start]
2014-07-09T16:26:49.352+0200: 86.322: [CMS-concurrent-sweep: 0.001/0.001 secs] [Times: user=0.00 sys=0.00, real=0.00 secs] 
2014-07-09T16:26:49.352+0200: 86.322: [CMS-concurrent-reset-start]
2014-07-09T16:26:49.353+0200: 86.322: [CMS-concurrent-reset: 0.000/0.000 secs] [Times: user=0.00 sys=0.00, real=0.00 secs] 
2014-07-09T16:26:49.491+0200: 86.460: [GC (Allocation Failure) 86.460: [ParNew: 39262K->198K(39296K), 0.0008451 secs] 41740K->2682K(126720K), 0.0009265 secs] [Times: user=0.00 sys=0.00, real=0.00 secs] 
2014-07-09T16:26:49.637+0200: 86.606: [GC (Allocation Failure) 86.606: [ParNew: 35140K->781K(39296K), 0.0009265 secs] 37624K->3265K(126720K), 0.0010082 secs] [Times: user=0.00 sys=0.00, real=0.00 secs] 
2014-07-09T16:26:49.788+0200: 86.757: [GC (Allocation Failure) 86.757: [ParNew: 35714K->2896K(39296K), 0.0023391 secs] 38198K->5381K(126720K), 0.0024395 secs] [Times: user=0.00 sys=0.00, real=0.00 secs] 
2014-07-09T16:26:49.920+0200: 86.890: [GC (Allocation Failure) 86.890: [ParNew: 37838K->3463K(39296K), 0.0035295 secs] 40323K->5961K(126720K), 0.0036487 secs] [Times: user=0.00 sys=0.00, real=0.00 secs] 
2014-07-09T16:26:50.039+0200: 87.009: [GC (Allocation Failure) 87.009: [ParNew: 38396K->4327K(39296K), 0.0039834 secs] 40894K->8079K(126720K), 0.0040904 secs] [Times: user=0.00 sys=0.00, real=0.00 secs] 
2014-07-09T16:26:50.189+0200: 87.159: [GC (Allocation Failure) 87.159: [ParNew: 39265K->4327K(39296K), 0.0045264 secs] 43018K->10420K(126720K), 0.0048651 secs] [Times: user=0.00 sys=0.01, real=0.01 secs] 
2014-07-09T16:26:50.295+0200: 87.265: [GC (Allocation Failure) 87.265: [ParNew: 39242K->4329K(39296K), 0.0054616 secs] 45336K->13693K(126720K), 0.0055969 secs] [Times: user=0.03 sys=0.00, real=0.01 secs] 
2014-07-09T16:26:50.487+0200: 87.455: [GC (Allocation Failure) 87.455: [ParNew: 39267K->486K(39296K), 0.0006698 secs] 48631K->9856K(126720K), 0.0007410 secs] [Times: user=0.00 sys=0.00, real=0.00 secs] 
2014-07-09T16:26:50.591+0200: 87.560: [GC (Allocation Failure) 87.560: [ParNew: 35422K->1579K(39296K), 0.0016894 secs] 44793K->10950K(126720K), 0.0017851 secs] [Times: user=0.00 sys=0.00, real=0.00 secs] 
2014-07-09T16:26:50.739+0200: 87.707: [GC (Allocation Failure) 87.707: [ParNew: 36512K->3697K(39296K), 0.0029532 secs] 45883K->13067K(126720K), 0.0030437 secs] [Times: user=0.00 sys=0.00, real=0.00 secs] 
2014-07-09T16:26:50.907+0200: 87.875: [GC (Allocation Failure) 87.875: [ParNew: 38609K->4233K(39296K), 0.0032256 secs] 47979K->13617K(126720K), 0.0034261 secs] [Times: user=0.03 sys=0.00, real=0.00 secs] 
2014-07-09T16:26:51.000+0200: 87.968: [GC (Allocation Failure) 87.968: [ParNew: 39166K->4327K(39296K), 0.0047122 secs] 48550K->15733K(126720K), 0.0048413 secs] [Times: user=0.03 sys=0.00, real=0.00 secs] 
2014-07-09T16:26:51.140+0200: 88.108: [GC (Allocation Failure) 88.108: [ParNew: 39269K->4327K(39296K), 0.0047716 secs] 50676K->18331K(126720K), 0.0048967 secs] [Times: user=0.03 sys=0.00, real=0.00 secs] 
2014-07-09T16:26:51.291+0200: 88.260: [GC (Allocation Failure) 88.260: [ParNew: 39260K->838K(39296K), 0.0011142 secs] 53264K->14848K(126720K), 0.0012051 secs] [Times: user=0.00 sys=0.00, real=0.00 secs] 
2014-07-09T16:26:51.437+0200: 88.406: [GC (Allocation Failure) 88.406: [ParNew: 35753K->1261K(39296K), 0.0012352 secs] 49763K->15271K(126720K), 0.0013261 secs] [Times: user=0.00 sys=0.00, real=0.00 secs] 
2014-07-09T16:26:51.588+0200: 88.556: [GC (Allocation Failure) 88.556: [ParNew: 36200K->2354K(39296K), 0.0020729 secs] 50209K->16363K(126720K), 0.0021580 secs] [Times: user=0.00 sys=0.00, real=0.00 secs] 
2014-07-09T16:26:51.693+0200: 88.662: [GC (Allocation Failure) 88.662: [ParNew: 37287K->4327K(39296K), 0.0033697 secs] 51297K->18479K(126720K), 0.0034796 secs] [Times: user=0.00 sys=0.00, real=0.00 secs] 
2014-07-09T16:26:51.839+0200: 88.807: [GC (Allocation Failure) 88.807: [ParNew: 39243K->4329K(39296K), 0.0033040 secs] 53395K->18646K(126720K), 0.0033957 secs] [Times: user=0.00 sys=0.00, real=0.00 secs] 
2014-07-09T16:26:51.990+0200: 88.958: [GC (Allocation Failure) 88.959: [ParNew: 39262K->4327K(39296K), 0.0047196 secs] 53579K->20923K(126720K), 0.0049513 secs] [Times: user=0.00 sys=0.00, real=0.00 secs] 
2014-07-09T16:26:52.095+0200: 89.063: [GC (Allocation Failure) 89.064: [ParNew: 39263K->4327K(39296K), 0.0057128 secs] 55859K->24289K(126720K), 0.0058495 secs] [Times: user=0.00 sys=0.00, real=0.01 secs] 
2014-07-09T16:26:52.287+0200: 89.256: [GC (Allocation Failure) 89.256: [ParNew: 39260K->1606K(39296K), 0.0014889 secs] 59222K->21573K(126720K), 0.0015765 secs] [Times: user=0.00 sys=0.00, real=0.00 secs] 
2014-07-09T16:26:52.392+0200: 89.361: [GC (Allocation Failure) 89.361: [ParNew: 36524K->2030K(39296K), 0.0018540 secs] 56491K->21997K(126720K), 0.0019468 secs] [Times: user=0.00 sys=0.00, real=0.00 secs] 
2014-07-09T16:26:52.538+0200: 89.507: [GC (Allocation Failure) 89.507: [ParNew: 36963K->4147K(39296K), 0.0031204 secs] 56930K->24114K(126720K), 0.0032135 secs] [Times: user=0.00 sys=0.00, real=0.00 secs] 
2014-07-09T16:26:52.689+0200: 89.658: [GC (Allocation Failure) 89.658: [ParNew: 39089K->4327K(39296K), 0.0035819 secs] 59056K->24693K(126720K), 0.0036795 secs] [Times: user=0.00 sys=0.00, real=0.00 secs] 
2014-07-09T16:26:52.794+0200: 89.763: [GC (Allocation Failure) 89.763: [ParNew: 39266K->4327K(39296K), 0.0047687 secs] 59632K->26683K(126720K), 0.0049014 secs] [Times: user=0.03 sys=0.00, real=0.01 secs] 
2014-07-09T16:26:52.940+0200: 89.909: [GC (Allocation Failure) 89.909: [ParNew: 39263K->4327K(39296K), 0.0053557 secs] 61619K->29761K(126720K), 0.0054627 secs] [Times: user=0.00 sys=0.00, real=0.01 secs] 
2014-07-09T16:26:53.098+0200: 90.067: [GC (Allocation Failure) 90.067: [ParNew: 39265K->294K(39296K), 0.0007926 secs] 64700K->25733K(126720K), 0.0009092 secs] [Times: user=0.00 sys=0.00, real=0.00 secs] 
2014-07-09T16:26:53.238+0200: 90.206: [GC (Allocation Failure) 90.206: [ParNew: 35227K->2412K(39296K), 0.0021026 secs] 60666K->27851K(126720K), 0.0021957 secs] [Times: user=0.00 sys=0.00, real=0.00 secs] 
2014-07-09T16:26:53.388+0200: 90.356: [GC (Allocation Failure) 90.356: [ParNew: 37333K->2312K(39296K), 0.0019424 secs] 62772K->27762K(126720K), 0.0020318 secs] [Times: user=0.03 sys=0.00, real=0.00 secs] 
2014-07-09T16:26:53.492+0200: 90.461: [GC (Allocation Failure) 90.461: [ParNew: 37245K->4327K(39296K), 0.0035097 secs] 62695K->29879K(126720K), 0.0036146 secs] [Times: user=0.00 sys=0.00, real=0.00 secs] 
2014-07-09T16:26:53.650+0200: 90.619: [GC (Allocation Failure) 90.619: [ParNew: 39263K->4327K(39296K), 0.0039669 secs] 64815K->31068K(126720K), 0.0040805 secs] [Times: user=0.03 sys=0.00, real=0.00 secs] 
2014-07-09T16:26:53.790+0200: 90.759: [GC (Allocation Failure) 90.759: [ParNew: 39260K->4327K(39296K), 0.0050561 secs] 66001K->34370K(126720K), 0.0051790 secs] [Times: user=0.03 sys=0.00, real=0.01 secs] 
2014-07-09T16:26:53.937+0200: 90.905: [GC (Allocation Failure) 90.905: [ParNew: 39269K->7K(39296K), 0.0006882 secs] 69312K->30054K(126720K), 0.0007604 secs] [Times: user=0.00 sys=0.00, real=0.00 secs] 
2014-07-09T16:26:54.087+0200: 91.056: [GC (Allocation Failure) 91.056: [ParNew: 34949K->589K(39296K), 0.0008106 secs] 64997K->30637K(126720K), 0.0008858 secs] [Times: user=0.00 sys=0.00, real=0.00 secs] 
2014-07-09T16:26:54.203+0200: 91.172: [GC (Allocation Failure) 91.172: [ParNew: 35522K->2707K(39296K), 0.0021283 secs] 65570K->32754K(126720K), 0.0022661 secs] [Times: user=0.00 sys=0.00, real=0.00 secs] 
2014-07-09T16:26:54.338+0200: 91.307: [GC (Allocation Failure) 91.307: [ParNew: 37623K->3112K(39296K), 0.0028721 secs] 67670K->33176K(126720K), 0.0029627 secs] [Times: user=0.03 sys=0.00, real=0.00 secs] 
2014-07-09T16:26:54.489+0200: 91.458: [GC (Allocation Failure) 91.458: [ParNew: 38045K->4327K(39296K), 0.0038312 secs] 68109K->35293K(126720K), 0.0039438 secs] [Times: user=0.00 sys=0.00, real=0.00 secs] 
2014-07-09T16:26:54.594+0200: 91.563: [GC (Allocation Failure) 91.563: [ParNew: 39265K->4327K(39296K), 0.0045821 secs] 70232K->37282K(126720K), 0.0046910 secs] [Times: user=0.00 sys=0.00, real=0.00 secs] 
2014-07-09T16:26:54.799+0200: 91.768: [GC (Allocation Failure) 91.768: [ParNew: 39260K->230K(39296K), 0.0098564 secs] 72215K->33190K(126720K), 0.0099363 secs] [Times: user=0.00 sys=0.00, real=0.01 secs] 
2014-07-09T16:26:54.927+0200: 91.896: [GC (Allocation Failure) 91.896: [ParNew: 35146K->267K(39296K), 0.0055459 secs] 68106K->33228K(126720K), 0.0056372 secs] [Times: user=0.00 sys=0.00, real=0.01 secs] 
2014-07-09T16:26:55.045+0200: 92.013: [GC (Allocation Failure) 92.014: [ParNew: 35204K->1360K(39296K), 0.0065960 secs] 68164K->34321K(126720K), 0.0067001 secs] [Times: user=0.00 sys=0.00, real=0.01 secs] 
2014-07-09T16:26:55.197+0200: 92.166: [GC (Allocation Failure) 92.166: [ParNew: 36293K->3476K(39296K), 0.0033000 secs] 69254K->36437K(126720K), 0.0034144 secs] [Times: user=0.02 sys=0.00, real=0.00 secs] 
2014-07-09T16:26:55.315+0200: 92.284: [GC (Allocation Failure) 92.284: [ParNew: 38410K->4327K(39296K), 0.0043995 secs] 71370K->38552K(126720K), 0.0045238 secs] [Times: user=0.00 sys=0.00, real=0.00 secs] 
2014-07-09T16:26:55.443+0200: 92.412: [GC (Allocation Failure) 92.412: [ParNew: 39242K->4328K(39296K), 0.0048864 secs] 73467K->40222K(126720K), 0.0050290 secs] [Times: user=0.01 sys=0.00, real=0.00 secs] 
2014-07-09T16:26:55.599+0200: 92.568: [GC (Allocation Failure) 92.568: [ParNew: 39240K->4327K(39296K), 0.0052101 secs] 75134K->42437K(126720K), 0.0053311 secs] [Times: user=0.02 sys=0.00, real=0.01 secs] 
2014-07-09T16:26:55.761+0200: 92.730: [GC (Allocation Failure) 92.730: [ParNew: 39260K->454K(39296K), 0.0006918 secs] 77370K->38569K(126720K), 0.0007655 secs] [Times: user=0.00 sys=0.00, real=0.00 secs] 
2014-07-09T16:26:55.896+0200: 92.865: [GC (Allocation Failure) 92.865: [ParNew: 35396K->1037K(39296K), 0.0013235 secs] 73511K->39152K(126720K), 0.0014379 secs] [Times: user=0.00 sys=0.00, real=0.00 secs] 
2014-07-09T16:26:55.992+0200: 92.961: [GC (Allocation Failure) 92.961: [ParNew: 35970K->3152K(39296K), 0.0028252 secs] 74085K->41267K(126720K), 0.0029301 secs] [Times: user=0.03 sys=0.00, real=0.00 secs] 
2014-07-09T16:26:56.138+0200: 93.107: [GC (Allocation Failure) 93.107: [ParNew: 38091K->4231K(39296K), 0.0032410 secs] 76206K->42360K(126720K), 0.0033425 secs] [Times: user=0.00 sys=0.00, real=0.00 secs] 
2014-07-09T16:26:56.290+0200: 93.259: [GC (Allocation Failure) 93.259: [ParNew: 39164K->4327K(39296K), 0.0045066 secs] 77293K->44478K(126720K), 0.0046235 secs] [Times: user=0.00 sys=0.00, real=0.00 secs] 
2014-07-09T16:26:56.393+0200: 93.362: [GC (Allocation Failure) 93.362: [ParNew: 39251K->4329K(39296K), 0.0046261 secs] 79402K->46406K(126720K), 0.0047614 secs] [Times: user=0.00 sys=0.00, real=0.01 secs] 
2014-07-09T16:26:56.541+0200: 93.510: [GC (Allocation Failure) 93.510: [ParNew: 39270K->173K(39296K), 0.0008047 secs] 81347K->42257K(126720K), 0.0008854 secs] [Times: user=0.00 sys=0.00, real=0.00 secs] 
2014-07-09T16:26:56.691+0200: 93.660: [GC (Allocation Failure) 93.660: [ParNew: 35102K->1260K(39296K), 0.0014309 secs] 77185K->43344K(126720K), 0.0015622 secs] [Times: user=0.00 sys=0.00, real=0.00 secs] 
2014-07-09T16:26:56.837+0200: 93.806: [GC (Allocation Failure) 93.806: [ParNew: 36203K->1842K(39296K), 0.0017470 secs] 78286K->43925K(126720K), 0.0018346 secs] [Times: user=0.00 sys=0.00, real=0.00 secs] 
2014-07-09T16:26:56.993+0200: 93.962: [GC (Allocation Failure) 93.962: [ParNew: 36775K->3956K(39296K), 0.0030030 secs] 78858K->46040K(126720K), 0.0031105 secs] [Times: user=0.00 sys=0.00, real=0.00 secs] 
2014-07-09T16:26:57.093+0200: 94.062: [GC (Allocation Failure) 94.062: [ParNew: 38868K->4327K(39296K), 0.0035438 secs] 80952K->46587K(126720K), 0.0036443 secs] [Times: user=0.00 sys=0.00, real=0.00 secs] 
2014-07-09T16:26:57.240+0200: 94.209: [GC (Allocation Failure) 94.209: [ParNew: 39260K->4327K(39296K), 0.0045605 secs] 81520K->48865K(126720K), 0.0046778 secs] [Times: user=0.03 sys=0.00, real=0.00 secs] 
2014-07-09T16:26:57.390+0200: 94.359: [GC (Allocation Failure) 94.359: [ParNew: 39245K->4329K(39296K), 0.0047408 secs] 83783K->51561K(126720K), 0.0048732 secs] [Times: user=0.00 sys=0.00, real=0.00 secs] 
2014-07-09T16:26:57.537+0200: 94.506: [GC (Allocation Failure) 94.506: [ParNew: 39266K->935K(39296K), 0.0010720 secs] 86498K->48173K(126720K), 0.0011655 secs] [Times: user=0.03 sys=0.00, real=0.00 secs] 
2014-07-09T16:26:57.687+0200: 94.656: [GC (Allocation Failure) 94.656: [ParNew: 35868K->2028K(39296K), 0.0017448 secs] 83106K->49266K(126720K), 0.0018276 secs] [Times: user=0.00 sys=0.00, real=0.00 secs] 
2014-07-09T16:26:57.794+0200: 94.762: [GC (Allocation Failure) 94.763: [ParNew: 36961K->4145K(39296K), 0.0035783 secs] 84199K->51383K(126720K), 0.0037154 secs] [Times: user=0.00 sys=0.00, real=0.00 secs] 
2014-07-09T16:26:57.957+0200: 94.926: [GC (Allocation Failure) 94.926: [ParNew: 39061K->4169K(39296K), 0.0030804 secs] 86299K->51422K(126720K), 0.0031790 secs] [Times: user=0.03 sys=0.00, real=0.00 secs] 
2014-07-09T16:26:58.089+0200: 95.058: [GC (Allocation Failure) 95.058: [ParNew: 39106K->4327K(39296K), 0.0037729 secs] 86358K->52514K(126720K), 0.0038756 secs] [Times: user=0.00 sys=0.00, real=0.00 secs] 
2014-07-09T16:26:58.195+0200: 95.164: [GC (Allocation Failure) 95.164: [ParNew: 39260K->4327K(39296K), 0.0052596 secs] 87447K->55560K(126720K), 0.0053417 secs] [Times: user=0.00 sys=0.00, real=0.01 secs] 
2014-07-09T16:26:58.341+0200: 95.310: [GC (Allocation Failure) 95.310: [ParNew: 39243K->4329K(39296K), 0.0058994 secs] 90476K->59024K(126720K), 0.0059793 secs] [Times: user=0.00 sys=0.00, real=0.01 secs] 
2014-07-09T16:26:58.493+0200: 95.462: [GC (Allocation Failure) 95.462: [ParNew: 39262K->1702K(39296K), 0.0019889 secs] 93957K->56404K(126720K), 0.0020604 secs] [Times: user=0.00 sys=0.00, real=0.00 secs] 
2014-07-09T16:26:58.638+0200: 95.607: [GC (Allocation Failure) 95.607: [ParNew: 36615K->2254K(39296K), 0.0018570 secs] 91316K->56955K(126720K), 0.0019512 secs] [Times: user=0.00 sys=0.00, real=0.00 secs] 
2014-07-09T16:26:58.799+0200: 95.768: [GC (Allocation Failure) 95.768: [ParNew: 37187K->4327K(39296K), 0.0035064 secs] 91888K->59071K(126720K), 0.0035940 secs] [Times: user=0.03 sys=0.00, real=0.00 secs] 
2014-07-09T16:26:58.910+0200: 95.879: [GC (Allocation Failure) 95.879: [ParNew: 39269K->4329K(39296K), 0.0036703 secs] 94013K->59685K(126720K), 0.0038408 secs] [Times: user=0.03 sys=0.00, real=0.00 secs] 
2014-07-09T16:26:59.058+0200: 96.027: [GC (Allocation Failure) 96.027: [ParNew: 39262K->4327K(39296K), 0.0050308 secs] 94618K->62410K(126720K), 0.0051834 secs] [Times: user=0.00 sys=0.00, real=0.00 secs] 
2014-07-09T16:26:59.192+0200: 96.161: [GC (Allocation Failure) 96.161: [ParNew: 39263K->4327K(39296K), 0.0057428 secs] 97347K->66224K(126720K), 0.0058400 secs] [Times: user=0.00 sys=0.00, real=0.01 secs] 
2014-07-09T16:26:59.297+0200: 96.266: [GC (Allocation Failure) 96.266: [ParNew: 39268K->381K(39296K), 0.0009283 secs] 101166K->62283K(126720K), 0.0009943 secs] [Times: user=0.00 sys=0.00, real=0.00 secs] 
2014-07-09T16:26:59.488+0200: 96.457: [GC (Allocation Failure) 96.457: [ParNew: 35294K->1966K(39296K), 0.0017495 secs] 97197K->63868K(126720K), 0.0018416 secs] [Times: user=0.00 sys=0.00, real=0.00 secs] 
2014-07-09T16:26:59.628+0200: 96.597: [GC (Allocation Failure) 96.597: [ParNew: 36904K->3059K(39296K), 0.0030316 secs] 98807K->64962K(126720K), 0.0031566 secs] [Times: user=0.03 sys=0.00, real=0.00 secs] 
2014-07-09T16:26:59.740+0200: 96.709: [GC (Allocation Failure) 96.709: [ParNew: 37992K->4327K(39296K), 0.0043738 secs] 99895K->67078K(126720K), 0.0044769 secs] [Times: user=0.00 sys=0.00, real=0.00 secs] 
2014-07-09T16:26:59.896+0200: 96.866: [GC (Allocation Failure) 96.866: [ParNew: 39269K->4329K(39296K), 0.0076060 secs] 102021K->68493K(126720K), 0.0077292 secs] [Times: user=0.00 sys=0.00, real=0.01 secs] 
2014-07-09T16:26:59.995+0200: 96.964: [GC (Allocation Failure) 96.964: [ParNew: 39262K->4327K(39296K), 0.0054580 secs] 103426K->72018K(126720K), 0.0055643 secs] [Times: user=0.00 sys=0.00, real=0.01 secs] 
2014-07-09T16:27:00.187+0200: 97.156: [GC (Allocation Failure) 97.156: [ParNew: 39239K->200K(39296K), 0.0007780 secs] 106931K->67896K(126720K), 0.0008341 secs] [Times: user=0.00 sys=0.00, real=0.00 secs] 
2014-07-09T16:27:00.291+0200: 97.260: [GC (Allocation Failure) 97.261: [ParNew: 35133K->2319K(39296K), 0.0021437 secs] 102829K->70015K(126720K), 0.0022214 secs] [Times: user=0.00 sys=0.00, real=0.00 secs] 
2014-07-09T16:27:00.438+0200: 97.406: [GC (Allocation Failure) 97.406: [ParNew: 37237K->2728K(39296K), 0.0024073 secs] 104933K->70435K(126720K), 0.0024824 secs] [Times: user=0.00 sys=0.00, real=0.00 secs] 
2014-07-09T16:27:00.589+0200: 97.557: [GC (Allocation Failure) 97.557: [ParNew: 37665K->3814K(39296K), 0.0028454 secs] 105372K->71528K(126720K), 0.0029301 secs] [Times: user=0.00 sys=0.00, real=0.00 secs] 
2014-07-09T16:27:00.697+0200: 97.666: [GC (Allocation Failure) 97.666: [ParNew: 38747K->4327K(39296K), 0.0044413 secs] 106461K->73646K(126720K), 0.0045891 secs] [Times: user=0.00 sys=0.00, real=0.00 secs] 
2014-07-09T16:27:00.850+0200: 97.818: [GC (Allocation Failure) 97.818: [ParNew: 39243K->4329K(39296K), 0.0041953 secs] 108562K->75286K(126720K), 0.0042903 secs] [Times: user=0.00 sys=0.00, real=0.00 secs] 
2014-07-09T16:27:00.991+0200: 97.959: [GC (Allocation Failure) 97.959: [ParNew: 39262K->4327K(39296K), 0.0056083 secs] 110219K->79035K(126720K), 0.0057095 secs] [Times: user=0.00 sys=0.00, real=0.01 secs] 
2014-07-09T16:27:01.140+0200: 98.108: [GC (Allocation Failure) 98.108: [ParNew: 39265K->966K(39296K), 0.0014929 secs] 113974K->75679K(126720K), 0.0015611 secs] [Times: user=0.00 sys=0.00, real=0.00 secs] 
2014-07-09T16:27:01.297+0200: 98.265: [GC (Allocation Failure) 98.265: [ParNew: 35899K->3084K(39296K), 0.0030800 secs] 110612K->77797K(126720K), 0.0031500 secs] [Times: user=0.02 sys=0.00, real=0.00 secs] 
2014-07-09T16:27:01.411+0200: 98.379: [GC (Allocation Failure) 98.379: [ParNew: 37999K->3497K(39296K), 0.0030177 secs] 112712K->78220K(126720K), 0.0031365 secs] [Times: user=0.00 sys=0.00, real=0.00 secs] 
2014-07-09T16:27:01.539+0200: 98.507: [GC (Allocation Failure) 98.507: [ParNew: 38430K->4327K(39296K), 0.0049260 secs] 113153K->80336K(126720K), 0.0050220 secs] [Times: user=0.00 sys=0.00, real=0.00 secs] 
2014-07-09T16:27:01.689+0200: 98.658: [GC (Allocation Failure) 98.658: [ParNew: 39271K->4329K(39296K), 0.0043372 secs] 115280K->82199K(126720K), 0.0044281 secs] [Times: user=0.00 sys=0.00, real=0.01 secs] 
2014-07-09T16:27:01.851+0200: 98.819: [GC (Allocation Failure) 98.819: [ParNew: 39270K->109K(39296K), 0.0008594 secs] 117140K->77985K(126720K), 0.0009301 secs] [Times: user=0.00 sys=0.00, real=0.00 secs] 
2014-07-09T16:27:01.987+0200: 98.955: [GC (Allocation Failure) 98.955: [ParNew: 35043K->683K(39296K), 0.0126867 secs] 112919K->78559K(126720K), 0.0127512 secs] [Times: user=0.00 sys=0.00, real=0.01 secs] 
2014-07-09T16:27:02.091+0200: 99.059: [GC (Allocation Failure) 99.060: [ParNew: 35619K->1776K(39296K), 0.0142709 secs] 113496K->79652K(126720K), 0.0143468 secs] [Times: user=0.02 sys=0.00, real=0.01 secs] 
2014-07-09T16:27:02.238+0200: 99.206: [GC (Allocation Failure) 99.206: [ParNew: 36709K->3893K(39296K), 0.0033392 secs] 114585K->81769K(126720K), 0.0034265 secs] [Times: user=0.00 sys=0.00, real=0.00 secs] 
2014-07-09T16:27:02.428+0200: 99.396: [GC (Allocation Failure) 99.396: [ParNew: 38814K->3785K(39296K), 0.0028523 secs] 116690K->81678K(126720K), 0.0029649 secs] [Times: user=0.00 sys=0.00, real=0.00 secs] 
2014-07-09T16:27:02.514+0200: 99.483: [GC (Allocation Failure) 99.483: [ParNew: 38718K->4327K(39296K), 0.0043335 secs] 116611K->83795K(126720K), 0.0044266 secs] [Times: user=0.03 sys=0.00, real=0.01 secs] 
2014-07-09T16:27:02.640+0200: 99.608: [GC (Allocation Failure) 99.608: [ParNew: 39265K->4327K(39296K), 0.0046360 secs] 118733K->86456K(126720K), 0.0047339 secs] [Times: user=0.00 sys=0.00, real=0.00 secs] 
2014-07-09T16:27:02.645+0200: 99.613: [GC (CMS Initial Mark) [1 CMS-initial-mark: 82129K(87424K)] 86488K(126720K), 0.0001606 secs] [Times: user=0.00 sys=0.00, real=0.00 secs] 
2014-07-09T16:27:02.645+0200: 99.613: [CMS-concurrent-mark-start]
2014-07-09T16:27:02.646+0200: 99.615: [CMS-concurrent-mark: 0.001/0.001 secs] [Times: user=0.00 sys=0.00, real=0.00 secs] 
2014-07-09T16:27:02.647+0200: 99.615: [CMS-concurrent-preclean-start]
2014-07-09T16:27:02.647+0200: 99.615: [CMS-concurrent-preclean: 0.000/0.000 secs] [Times: user=0.00 sys=0.00, real=0.00 secs] 
2014-07-09T16:27:02.647+0200: 99.615: [GC (CMS Final Remark) [YG occupancy: 5545 K (39296 K)]99.615: [Rescan (parallel) , 0.0001683 secs]99.615: [weak refs processing, 0.0000264 secs]99.615: [class unloading, 0.0004531 secs]99.616: [scrub symbol table, 0.0005620 secs]99.616: [scrub string table, 0.0001690 secs][1 CMS-remark: 82129K(87424K)] 87675K(126720K), 0.0014988 secs] [Times: user=0.00 sys=0.00, real=0.00 secs] 
2014-07-09T16:27:02.648+0200: 99.617: [CMS-concurrent-sweep-start]
2014-07-09T16:27:02.649+0200: 99.618: [CMS-concurrent-sweep: 0.001/0.001 secs] [Times: user=0.00 sys=0.00, real=0.00 secs] 
2014-07-09T16:27:02.649+0200: 99.618: [CMS-concurrent-reset-start]
2014-07-09T16:27:02.650+0200: 99.618: [CMS-concurrent-reset: 0.000/0.000 secs] [Times: user=0.00 sys=0.00, real=0.00 secs] 
2014-07-09T16:27:02.791+0200: 99.759: [GC (Allocation Failure) 99.759: [ParNew: 39260K->902K(39296K), 0.0010346 secs] 42455K->4102K(126720K), 0.0011292 secs] [Times: user=0.00 sys=0.00, real=0.00 secs] 
2014-07-09T16:27:03.023+0200: 99.991: [GC (Allocation Failure) 99.991: [ParNew: 35844K->1483K(39296K), 0.0018100 secs] 39045K->4684K(126720K), 0.0018918 secs] [Times: user=0.00 sys=0.00, real=0.00 secs] 
2014-07-09T16:27:03.118+0200: 100.087: [GC (Allocation Failure) 100.087: [ParNew: 36426K->2066K(39296K), 0.0018863 secs] 39626K->5267K(126720K), 0.0019611 secs] [Times: user=0.00 sys=0.00, real=0.00 secs] 
2014-07-09T16:27:03.226+0200: 100.194: [GC (Allocation Failure) 100.194: [ParNew: 36999K->4182K(39296K), 0.0033337 secs] 40200K->7383K(126720K), 0.0034107 secs] [Times: user=0.00 sys=0.00, real=0.00 secs] 
2014-07-09T16:27:03.346+0200: 100.314: [GC (Allocation Failure) 100.314: [ParNew: 39097K->4329K(39296K), 0.0036329 secs] 42298K->7802K(126720K), 0.0037117 secs] [Times: user=0.00 sys=0.00, real=0.00 secs] 
2014-07-09T16:27:03.489+0200: 100.458: [GC (Allocation Failure) 100.458: [ParNew: 39262K->4327K(39296K), 0.0046726 secs] 42735K->10175K(126720K), 0.0047786 secs] [Times: user=0.00 sys=0.00, real=0.00 secs] 
2014-07-09T16:27:03.594+0200: 100.563: [GC (Allocation Failure) 100.563: [ParNew: 39263K->4327K(39296K), 0.0067316 secs] 45112K->13637K(126720K), 0.0068159 secs] [Times: user=0.00 sys=0.00, real=0.01 secs] 
2014-07-09T16:27:03.787+0200: 100.756: [GC (Allocation Failure) 100.756: [ParNew: 39260K->1702K(39296K), 0.0015175 secs] 48570K->11018K(126720K), 0.0015842 secs] [Times: user=0.00 sys=0.00, real=0.00 secs] 
2014-07-09T16:27:03.918+0200: 100.886: [GC (Allocation Failure) 100.886: [ParNew: 36618K->1741K(39296K), 0.0015541 secs] 45934K->11057K(126720K), 0.0016513 secs] [Times: user=0.03 sys=0.00, real=0.00 secs] 
2014-07-09T16:27:04.038+0200: 101.007: [GC (Allocation Failure) 101.007: [ParNew: 36674K->3859K(39296K), 0.0029664 secs] 45990K->13174K(126720K), 0.0030412 secs] [Times: user=0.00 sys=0.00, real=0.00 secs] 
2014-07-09T16:27:04.189+0200: 101.157: [GC (Allocation Failure) 101.157: [ParNew: 38797K->4327K(39296K), 0.0036523 secs] 48113K->14265K(126720K), 0.0037403 secs] [Times: user=0.00 sys=0.00, real=0.00 secs] 
2014-07-09T16:27:04.293+0200: 101.262: [GC (Allocation Failure) 101.262: [ParNew: 39260K->4327K(39296K), 0.0047966 secs] 49198K->16991K(126720K), 0.0049077 secs] [Times: user=0.03 sys=0.00, real=0.01 secs] 
2014-07-09T16:27:04.460+0200: 101.428: [GC (Allocation Failure) 101.428: [ParNew: 39245K->4329K(39296K), 0.0052625 secs] 51909K->20135K(126720K), 0.0053560 secs] [Times: user=0.03 sys=0.00, real=0.00 secs] 
2014-07-09T16:27:04.618+0200: 101.586: [GC (Allocation Failure) 101.586: [ParNew: 39271K->4327K(39296K), 0.0055042 secs] 55077K->23853K(126720K), 0.0058136 secs] [Times: user=0.03 sys=0.00, real=0.01 secs] 
2014-07-09T16:27:04.745+0200: 101.713: [GC (Allocation Failure) 101.713: [ParNew: 39260K->1959K(39296K), 0.0015087 secs] 58786K->21490K(126720K), 0.0015835 secs] [Times: user=0.03 sys=0.00, real=0.00 secs] 
2014-07-09T16:27:04.936+0200: 101.905: [GC (Allocation Failure) 101.905: [ParNew: 36871K->2508K(39296K), 0.0449241 secs] 56402K->22039K(126720K), 0.0450000 secs] [Times: user=0.05 sys=0.00, real=0.04 secs] 
2014-07-09T16:27:05.000+0200: 101.969: [GC (Allocation Failure) 101.969: [ParNew: 37441K->4327K(39296K), 0.0036358 secs] 56972K->24157K(126720K), 0.0037667 secs] [Times: user=0.00 sys=0.00, real=0.00 secs] 
2014-07-09T16:27:05.152+0200: 102.121: [GC (Allocation Failure) 102.121: [ParNew: 39263K->4327K(39296K), 0.0037594 secs] 59094K->25538K(126720K), 0.0038811 secs] [Times: user=0.00 sys=0.00, real=0.00 secs] 
2014-07-09T16:27:05.290+0200: 102.258: [GC (Allocation Failure) 102.258: [ParNew: 39260K->4327K(39296K), 0.0055599 secs] 60471K->29033K(126720K), 0.0056717 secs] [Times: user=0.01 sys=0.00, real=0.01 secs] 
2014-07-09T16:27:05.394+0200: 102.362: [GC (Allocation Failure) 102.362: [ParNew: 39248K->4329K(39296K), 0.0051280 secs] 63954K->32433K(126720K), 0.0052347 secs] [Times: user=0.00 sys=0.00, real=0.00 secs] 
2014-07-09T16:27:05.587+0200: 102.555: [GC (Allocation Failure) 102.555: [ParNew: 39268K->614K(39296K), 0.0007003 secs] 67372K->28724K(126720K), 0.0007585 secs] [Times: user=0.00 sys=0.00, real=0.00 secs] 
2014-07-09T16:27:05.691+0200: 102.660: [GC (Allocation Failure) 102.660: [ParNew: 35547K->2733K(39296K), 0.0024711 secs] 63657K->30843K(126720K), 0.0025880 secs] [Times: user=0.00 sys=0.00, real=0.00 secs] 
2014-07-09T16:27:05.838+0200: 102.806: [GC (Allocation Failure) 102.806: [ParNew: 37675K->3304K(39296K), 0.0024219 secs] 65786K->31425K(126720K), 0.0025070 secs] [Times: user=0.00 sys=0.00, real=0.00 secs] 
2014-07-09T16:27:06.174+0200: 103.143: [GC (Allocation Failure) 103.143: [ParNew: 38237K->4327K(39296K), 0.0039618 secs] 66358K->33541K(126720K), 0.0040717 secs] [Times: user=0.00 sys=0.00, real=0.00 secs] 
2014-07-09T16:27:06.209+0200: 103.177: [GC (Allocation Failure) 103.178: [ParNew: 39269K->4327K(39296K), 0.0061179 secs] 68484K->35211K(126720K), 0.0062576 secs] [Times: user=0.03 sys=0.00, real=0.01 secs] 
2014-07-09T16:27:06.241+0200: 103.210: [GC (Allocation Failure) 103.210: [ParNew: 39260K->4327K(39296K), 0.0347367 secs] 70144K->38994K(126720K), 0.0348518 secs] [Times: user=0.03 sys=0.00, real=0.04 secs] 
2014-07-09T16:27:06.415+0200: 103.384: [GC (Allocation Failure) 103.384: [ParNew: 39247K->328K(39296K), 0.0008454 secs] 73914K->34999K(126720K), 0.0009422 secs] [Times: user=0.00 sys=0.00, real=0.00 secs] 
2014-07-09T16:27:06.631+0200: 103.599: [GC (Allocation Failure) 103.599: [ParNew: 35261K->2446K(39296K), 0.0252238 secs] 69932K->37117K(126720K), 0.0253019 secs] [Times: user=0.00 sys=0.00, real=0.02 secs] 
2014-07-09T16:27:06.689+0200: 103.657: [GC (Allocation Failure) 103.657: [ParNew: 37382K->3526K(39296K), 0.0026914 secs] 72054K->38209K(126720K), 0.0028014 secs] [Times: user=0.00 sys=0.00, real=0.00 secs] 
2014-07-09T16:27:06.881+0200: 103.849: [GC (Allocation Failure) 103.849: [ParNew: 38469K->4103K(39296K), 0.0033818 secs] 73151K->38791K(126720K), 0.0035060 secs] [Times: user=0.02 sys=0.00, real=0.00 secs] 
2014-07-09T16:27:06.985+0200: 103.954: [GC (Allocation Failure) 103.954: [ParNew: 39040K->4329K(39296K), 0.0039343 secs] 73727K->40398K(126720K), 0.0040182 secs] [Times: user=0.00 sys=0.00, real=0.00 secs] 
2014-07-09T16:27:07.103+0200: 104.072: [GC (Allocation Failure) 104.072: [ParNew: 39267K->4327K(39296K), 0.0047826 secs] 75337K->42866K(126720K), 0.0048651 secs] [Times: user=0.00 sys=0.00, real=0.01 secs] 
2014-07-09T16:27:07.246+0200: 104.214: [GC (Allocation Failure) 104.214: [ParNew: 39260K->710K(39296K), 0.0007527 secs] 77799K->39254K(126720K), 0.0008099 secs] [Times: user=0.00 sys=0.00, real=0.00 secs] 
2014-07-09T16:27:07.389+0200: 104.357: [GC (Allocation Failure) 104.357: [ParNew: 35625K->1132K(39296K), 0.0012814 secs] 74170K->39676K(126720K), 0.0013499 secs] [Times: user=0.00 sys=0.00, real=0.00 secs] 
2014-07-09T16:27:07.518+0200: 104.486: [GC (Allocation Failure) 104.486: [ParNew: 36065K->3250K(39296K), 0.0026584 secs] 74609K->41795K(126720K), 0.0027343 secs] [Times: user=0.00 sys=0.00, real=0.00 secs] 
2014-07-09T16:27:07.638+0200: 104.607: [GC (Allocation Failure) 104.607: [ParNew: 38193K->3815K(39296K), 0.0028725 secs] 76737K->42375K(126720K), 0.0029513 secs] [Times: user=0.00 sys=0.00, real=0.00 secs] 
2014-07-09T16:27:07.789+0200: 104.758: [GC (Allocation Failure) 104.758: [ParNew: 38748K->4327K(39296K), 0.0040208 secs] 77308K->44493K(126720K), 0.0041128 secs] [Times: user=0.00 sys=0.00, real=0.00 secs] 
2014-07-09T16:27:07.893+0200: 104.862: [GC (Allocation Failure) 104.862: [ParNew: 39239K->4329K(39296K), 0.0046206 secs] 79405K->46644K(126720K), 0.0047331 secs] [Times: user=0.03 sys=0.00, real=0.01 secs] 
2014-07-09T16:27:08.042+0200: 105.011: [GC (Allocation Failure) 105.011: [ParNew: 39270K->398K(39296K), 0.0008674 secs] 81586K->42719K(126720K), 0.0009367 secs] [Times: user=0.00 sys=0.00, real=0.00 secs] 
2014-07-09T16:27:08.190+0200: 105.159: [GC (Allocation Failure) 105.159: [ParNew: 35326K->1484K(39296K), 0.0016417 secs] 77647K->43805K(126720K), 0.0018089 secs] [Times: user=0.00 sys=0.00, real=0.00 secs] 
2014-07-09T16:27:08.337+0200: 105.306: [GC (Allocation Failure) 105.306: [ParNew: 36406K->1394K(39296K), 0.0011662 secs] 78727K->43715K(126720K), 0.0012352 secs] [Times: user=0.00 sys=0.00, real=0.00 secs] 
2014-07-09T16:27:08.498+0200: 105.467: [GC (Allocation Failure) 105.467: [ParNew: 36327K->3510K(39296K), 0.0026624 secs] 78648K->45831K(126720K), 0.0027343 secs] [Times: user=0.00 sys=0.00, real=0.00 secs] 
2014-07-09T16:27:08.613+0200: 105.582: [GC (Allocation Failure) 105.582: [ParNew: 38449K->4327K(39296K), 0.0031966 secs] 80770K->46921K(126720K), 0.0032773 secs] [Times: user=0.03 sys=0.00, real=0.00 secs] 
2014-07-09T16:27:08.739+0200: 105.708: [GC (Allocation Failure) 105.708: [ParNew: 39260K->4327K(39296K), 0.0052633 secs] 81854K->49295K(126720K), 0.0053542 secs] [Times: user=0.00 sys=0.02, real=0.01 secs] 
2014-07-09T16:27:08.894+0200: 105.863: [GC (Allocation Failure) 105.863: [ParNew: 39269K->4329K(39296K), 0.0050990 secs] 84237K->52246K(126720K), 0.0052636 secs] [Times: user=0.03 sys=0.00, real=0.01 secs] 
2014-07-09T16:27:09.037+0200: 106.006: [GC (Allocation Failure) 106.006: [ParNew: 39262K->1190K(39296K), 0.0011475 secs] 87179K->49113K(126720K), 0.0012154 secs] [Times: user=0.00 sys=0.00, real=0.00 secs] 
2014-07-09T16:27:09.187+0200: 106.156: [GC (Allocation Failure) 106.156: [ParNew: 36132K->1771K(39296K), 0.0016483 secs] 84056K->49695K(126720K), 0.0017242 secs] [Times: user=0.00 sys=0.00, real=0.00 secs] 
2014-07-09T16:27:09.292+0200: 106.261: [GC (Allocation Failure) 106.261: [ParNew: 36684K->3218K(39296K), 0.0029803 secs] 84607K->51141K(126720K), 0.0030639 secs] [Times: user=0.00 sys=0.00, real=0.00 secs] 
2014-07-09T16:27:09.438+0200: 106.407: [GC (Allocation Failure) 106.407: [ParNew: 38157K->4295K(39296K), 0.0037586 secs] 86080K->52234K(126720K), 0.0038507 secs] [Times: user=0.01 sys=0.00, real=0.00 secs] 
2014-07-09T16:27:09.589+0200: 106.558: [GC (Allocation Failure) 106.558: [ParNew: 39231K->4327K(39296K), 0.0047111 secs] 87170K->53327K(126720K), 0.0048090 secs] [Times: user=0.00 sys=0.00, real=0.01 secs] 
2014-07-09T16:27:09.752+0200: 106.721: [GC (Allocation Failure) 106.721: [ParNew: 39260K->4327K(39296K), 0.0062374 secs] 88260K->56502K(126720K), 0.0063815 secs] [Times: user=0.03 sys=0.00, real=0.01 secs] 
2014-07-09T16:27:09.872+0200: 106.841: [GC (Allocation Failure) 106.841: [ParNew: 39243K->4328K(39296K), 0.0065443 secs] 91418K->59709K(126720K), 0.0066810 secs] [Times: user=0.02 sys=0.00, real=0.01 secs] 
2014-07-09T16:27:09.992+0200: 106.961: [GC (Allocation Failure) 106.961: [ParNew: 39261K->1446K(39296K), 0.0103484 secs] 94642K->56833K(126720K), 0.0104580 secs] [Times: user=0.00 sys=0.00, real=0.01 secs] 
2014-07-09T16:27:10.213+0200: 107.181: [GC (Allocation Failure) 107.181: [ParNew: 36385K->2540K(39296K), 0.0023108 secs] 91772K->57927K(126720K), 0.0023908 secs] [Times: user=0.00 sys=0.00, real=0.00 secs] 
2014-07-09T16:27:10.329+0200: 107.298: [GC (Allocation Failure) 107.298: [ParNew: 37473K->4327K(39296K), 0.0036824 secs] 92860K->60044K(126720K), 0.0038166 secs] [Times: user=0.03 sys=0.00, real=0.00 secs] 
2014-07-09T16:27:10.450+0200: 107.417: [GC (Allocation Failure) 107.417: [ParNew: 39245K->4329K(39296K), 0.0097431 secs] 94962K->60786K(126720K), 0.0098754 secs] [Times: user=0.00 sys=0.00, real=0.01 secs] 
2014-07-09T16:27:10.569+0200: 107.537: [GC (Allocation Failure) 107.537: [ParNew: 39262K->4327K(39296K), 0.0048677 secs] 95720K->63640K(126720K), 0.0049806 secs] [Times: user=0.00 sys=0.00, real=0.00 secs] 
2014-07-09T16:27:10.728+0200: 107.696: [GC (Allocation Failure) 107.696: [ParNew: 39269K->4327K(39296K), 0.0056530 secs] 98582K->67070K(126720K), 0.0057912 secs] [Times: user=0.00 sys=0.00, real=0.01 secs] 
2014-07-09T16:27:10.838+0200: 107.806: [GC (Allocation Failure) 107.806: [ParNew: 39239K->104K(39296K), 0.0006896 secs] 101983K->62853K(126720K), 0.0007432 secs] [Times: user=0.00 sys=0.00, real=0.00 secs] 
2014-07-09T16:27:10.987+0200: 107.955: [GC (Allocation Failure) 107.955: [ParNew: 35037K->2220K(39296K), 0.0022174 secs] 97786K->64968K(126720K), 0.0022958 secs] [Times: user=0.00 sys=0.00, real=0.00 secs] 
2014-07-09T16:27:11.092+0200: 108.060: [GC (Allocation Failure) 108.060: [ParNew: 37156K->3302K(39296K), 0.0028813 secs] 99905K->66062K(126720K), 0.0029909 secs] [Times: user=0.00 sys=0.00, real=0.00 secs] 
2014-07-09T16:27:11.310+0200: 108.278: [GC (Allocation Failure) 108.278: [ParNew: 38235K->4327K(39296K), 0.0041348 secs] 100995K->68179K(126720K), 0.0042642 secs] [Times: user=0.03 sys=0.00, real=0.01 secs] 
2014-07-09T16:27:11.389+0200: 108.357: [GC (Allocation Failure) 108.357: [ParNew: 39251K->4328K(39296K), 0.0361423 secs] 103103K->69178K(126720K), 0.0362127 secs] [Times: user=0.01 sys=0.00, real=0.04 secs] 
2014-07-09T16:27:11.494+0200: 108.461: [GC (Allocation Failure) 108.461: [ParNew: 39261K->4327K(39296K), 0.0054217 secs] 104111K->72288K(126720K), 0.0055144 secs] [Times: user=0.00 sys=0.00, real=0.01 secs] 
2014-07-09T16:27:11.687+0200: 108.654: [GC (Allocation Failure) 108.655: [ParNew: 39265K->326K(39296K), 0.0006669 secs] 107227K->68292K(126720K), 0.0007226 secs] [Times: user=0.00 sys=0.00, real=0.00 secs] 
2014-07-09T16:27:11.791+0200: 108.759: [GC (Allocation Failure) 108.759: [ParNew: 35259K->2445K(39296K), 0.0023079 secs] 103225K->70411K(126720K), 0.0023875 secs] [Times: user=0.00 sys=0.00, real=0.00 secs] 
2014-07-09T16:27:11.938+0200: 108.906: [GC (Allocation Failure) 108.906: [ParNew: 37387K->3016K(39296K), 0.0023878 secs] 105353K->70992K(126720K), 0.0024670 secs] [Times: user=0.00 sys=0.00, real=0.00 secs] 
2014-07-09T16:27:12.088+0200: 109.056: [GC (Allocation Failure) 109.056: [ParNew: 37958K->3591K(39296K), 0.0028828 secs] 105934K->71572K(126720K), 0.0029557 secs] [Times: user=0.00 sys=0.00, real=0.00 secs] 
2014-07-09T16:27:12.193+0200: 109.161: [GC (Allocation Failure) 109.161: [ParNew: 38524K->4327K(39296K), 0.0047518 secs] 106505K->73690K(126720K), 0.0048479 secs] [Times: user=0.00 sys=0.00, real=0.00 secs] 
2014-07-09T16:27:12.339+0200: 109.307: [GC (Allocation Failure) 109.307: [ParNew: 39243K->4329K(39296K), 0.0044094 secs] 108606K->75490K(126720K), 0.0045044 secs] [Times: user=0.02 sys=0.00, real=0.01 secs] 
2014-07-09T16:27:12.491+0200: 109.458: [GC (Allocation Failure) 109.459: [ParNew: 39262K->38K(39296K), 0.0008234 secs] 110423K->71204K(126720K), 0.0009111 secs] [Times: user=0.00 sys=0.00, real=0.00 secs] 
2014-07-09T16:27:12.672+0200: 109.640: [GC (Allocation Failure) 109.640: [ParNew: 34974K->1131K(39296K), 0.0011420 secs] 106141K->72298K(126720K), 0.0013561 secs] [Times: user=0.00 sys=0.00, real=0.00 secs] 
2014-07-09T16:27:12.788+0200: 109.756: [GC (Allocation Failure) 109.756: [ParNew: 36064K->3248K(39296K), 0.0024997 secs] 107231K->74415K(126720K), 0.0025777 secs] [Times: user=0.00 sys=0.00, real=0.00 secs] 
2014-07-09T16:27:12.912+0200: 109.880: [GC (Allocation Failure) 109.880: [ParNew: 38164K->3273K(39296K), 0.0025290 secs] 109331K->74453K(126720K), 0.0026063 secs] [Times: user=0.00 sys=0.00, real=0.00 secs] 
2014-07-09T16:27:13.043+0200: 110.011: [GC (Allocation Failure) 110.011: [ParNew: 38211K->4327K(39296K), 0.0037759 secs] 109391K->75545K(126720K), 0.0038463 secs] [Times: user=0.00 sys=0.00, real=0.00 secs] 
2014-07-09T16:27:13.189+0200: 110.157: [GC (Allocation Failure) 110.157: [ParNew: 39260K->4327K(39296K), 0.0043738 secs] 110478K->77695K(126720K), 0.0044651 secs] [Times: user=0.00 sys=0.00, real=0.01 secs] 
2014-07-09T16:27:13.294+0200: 110.262: [GC (Allocation Failure) 110.262: [ParNew: 39271K->268K(39296K), 0.0009122 secs] 112639K->73640K(126720K), 0.0009741 secs] [Times: user=0.00 sys=0.00, real=0.00 secs] 
2014-07-09T16:27:13.487+0200: 110.455: [GC (Allocation Failure) 110.455: [ParNew: 35203K->845K(39296K), 0.0011721 secs] 108576K->74217K(126720K), 0.0012344 secs] [Times: user=0.00 sys=0.00, real=0.00 secs] 
2014-07-09T16:27:13.590+0200: 110.558: [GC (Allocation Failure) 110.558: [ParNew: 35787K->1426K(39296K), 0.0016154 secs] 109160K->74798K(126720K), 0.0017022 secs] [Times: user=0.03 sys=0.00, real=0.00 secs] 
2014-07-09T16:27:13.738+0200: 110.706: [GC (Allocation Failure) 110.706: [ParNew: 36359K->3543K(39296K), 0.0028791 secs] 109731K->76915K(126720K), 0.0029396 secs] [Times: user=0.00 sys=0.00, real=0.00 secs] 
2014-07-09T16:27:13.888+0200: 110.856: [GC (Allocation Failure) 110.856: [ParNew: 38485K->4105K(39296K), 0.0040475 secs] 111858K->77495K(126720K), 0.0041355 secs] [Times: user=0.00 sys=0.00, real=0.00 secs] 
2014-07-09T16:27:14.029+0200: 110.997: [GC (Allocation Failure) 110.997: [ParNew: 39038K->4327K(39296K), 0.0044967 secs] 112428K->79611K(126720K), 0.0045894 secs] [Times: user=0.00 sys=0.00, real=0.00 secs] 
2014-07-09T16:27:14.141+0200: 111.109: [GC (Allocation Failure) 111.109: [ParNew: 39263K->4327K(39296K), 0.0052666 secs] 114548K->82593K(126720K), 0.0053542 secs] [Times: user=0.00 sys=0.00, real=0.00 secs] 
2014-07-09T16:27:14.291+0200: 111.259: [GC (Allocation Failure) 111.259: [ParNew: 39244K->40K(39296K), 0.0008267 secs] 117510K->78311K(126720K), 0.0008916 secs] [Times: user=0.00 sys=0.00, real=0.00 secs] 
2014-07-09T16:27:14.437+0200: 111.405: [GC (Allocation Failure) 111.405: [ParNew: 34976K->1133K(39296K), 0.0010573 secs] 113247K->79404K(126720K), 0.0011351 secs] [Times: user=0.00 sys=0.00, real=0.00 secs] 
2014-07-09T16:27:14.587+0200: 111.555: [GC (Allocation Failure) 111.555: [ParNew: 36072K->2227K(39296K), 0.0019222 secs] 114343K->80497K(126720K), 0.0020010 secs] [Times: user=0.00 sys=0.00, real=0.00 secs] 
2014-07-09T16:27:14.732+0200: 111.700: [GC (Allocation Failure) 111.700: [ParNew: 37160K->4327K(39296K), 0.0033942 secs] 115431K->82613K(126720K), 0.0035130 secs] [Times: user=0.00 sys=0.00, real=0.00 secs] 
2014-07-09T16:27:14.857+0200: 111.825: [GC (Allocation Failure) 111.825: [ParNew: 39269K->4329K(39296K), 0.0035794 secs] 117556K->83196K(126720K), 0.0036729 secs] [Times: user=0.00 sys=0.00, real=0.00 secs] 
2014-07-09T16:27:14.990+0200: 111.958: [GC (Allocation Failure) 111.958: [ParNew: 39262K->4327K(39296K), 0.0051408 secs] 118129K->85889K(126720K), 0.0052548 secs] [Times: user=0.00 sys=0.00, real=0.00 secs] 
2014-07-09T16:27:15.000+0200: 111.968: [GC (CMS Initial Mark) [1 CMS-initial-mark: 81561K(87424K)] 86179K(126720K), 0.0002009 secs] [Times: user=0.00 sys=0.00, real=0.00 secs] 
2014-07-09T16:27:15.001+0200: 111.969: [CMS-concurrent-mark-start]
2014-07-09T16:27:15.002+0200: 111.970: [CMS-concurrent-mark: 0.001/0.001 secs] [Times: user=0.00 sys=0.00, real=0.00 secs] 
2014-07-09T16:27:15.002+0200: 111.970: [CMS-concurrent-preclean-start]
2014-07-09T16:27:15.002+0200: 111.970: [CMS-concurrent-preclean: 0.000/0.000 secs] [Times: user=0.00 sys=0.00, real=0.00 secs] 
2014-07-09T16:27:15.002+0200: 111.970: [CMS-concurrent-abortable-preclean-start]
2014-07-09T16:27:15.095+0200: 112.063: [GC (Allocation Failure) 112.063: [ParNew: 39269K->4327K(39296K), 0.0053124 secs] 120831K->89159K(126720K), 0.0054008 secs] [Times: user=0.00 sys=0.00, real=0.01 secs] 
2014-07-09T16:27:15.101+0200: 112.069: [CMS-concurrent-abortable-preclean: 0.000/0.099 secs] [Times: user=0.02 sys=0.00, real=0.10 secs] 
2014-07-09T16:27:15.102+0200: 112.070: [GC (CMS Final Remark) [YG occupancy: 4937 K (39296 K)]112.070: [Rescan (parallel) , 0.0002449 secs]112.070: [weak refs processing, 0.0000279 secs]112.070: [class unloading, 0.0005228 secs]112.070: [scrub symbol table, 0.0006218 secs]112.071: [scrub string table, 0.0001994 secs][1 CMS-remark: 84831K(87424K)] 89769K(126720K), 0.0017499 secs] [Times: user=0.00 sys=0.00, real=0.00 secs] 
2014-07-09T16:27:15.105+0200: 112.073: [CMS-concurrent-sweep-start]
2014-07-09T16:27:15.106+0200: 112.074: [CMS-concurrent-sweep: 0.001/0.001 secs] [Times: user=0.00 sys=0.00, real=0.00 secs] 
2014-07-09T16:27:15.106+0200: 112.074: [CMS-concurrent-reset-start]
2014-07-09T16:27:15.106+0200: 112.074: [CMS-concurrent-reset: 0.000/0.000 secs] [Times: user=0.00 sys=0.00, real=0.00 secs] 
2014-07-09T16:27:15.287+0200: 112.255: [GC (Allocation Failure) 112.255: [ParNew: 39260K->1510K(39296K), 0.0016238 secs] 45765K->8020K(126720K), 0.0016971 secs] [Times: user=0.00 sys=0.00, real=0.00 secs] 
2014-07-09T16:27:15.414+0200: 112.382: [GC (Allocation Failure) 112.382: [ParNew: 36425K->1935K(39296K), 0.0018071 secs] 42936K->8445K(126720K), 0.0019098 secs] [Times: user=0.00 sys=0.00, real=0.00 secs] 
2014-07-09T16:27:15.539+0200: 112.507: [GC (Allocation Failure) 112.507: [ParNew: 36868K->4051K(39296K), 0.0030140 secs] 43378K->10561K(126720K), 0.0030888 secs] [Times: user=0.03 sys=0.00, real=0.00 secs] 
2014-07-09T16:27:15.692+0200: 112.660: [GC (Allocation Failure) 112.660: [ParNew: 38989K->4327K(39296K), 0.0040989 secs] 45499K->11652K(126720K), 0.0041663 secs] [Times: user=0.00 sys=0.00, real=0.01 secs] 
2014-07-09T16:27:15.796+0200: 112.764: [GC (Allocation Failure) 112.764: [ParNew: 39243K->4329K(39296K), 0.0042301 secs] 46568K->12492K(126720K), 0.0043134 secs] [Times: user=0.00 sys=0.00, real=0.00 secs] 
2014-07-09T16:27:15.941+0200: 112.909: [GC (Allocation Failure) 112.909: [ParNew: 39262K->4327K(39296K), 0.0050902 secs] 47425K->15440K(126720K), 0.0051947 secs] [Times: user=0.00 sys=0.00, real=0.01 secs] 
2014-07-09T16:27:16.092+0200: 113.060: [GC (Allocation Failure) 113.060: [ParNew: 39265K->166K(39296K), 0.0007058 secs] 50379K->11284K(126720K), 0.0007952 secs] [Times: user=0.00 sys=0.00, real=0.00 secs] 
2014-07-09T16:27:16.238+0200: 113.206: [GC (Allocation Failure) 113.206: [ParNew: 35099K->2284K(39296K), 0.0019449 secs] 46217K->13402K(126720K), 0.0020109 secs] [Times: user=0.00 sys=0.00, real=0.00 secs] 
2014-07-09T16:27:16.410+0200: 113.378: [GC (Allocation Failure) 113.378: [ParNew: 37200K->2696K(39296K), 0.0021363 secs] 48318K->13824K(126720K), 0.0022492 secs] [Times: user=0.00 sys=0.00, real=0.00 secs] 
2014-07-09T16:27:16.494+0200: 113.462: [GC (Allocation Failure) 113.462: [ParNew: 37629K->4327K(39296K), 0.0035563 secs] 48757K->15941K(126720K), 0.0037015 secs] [Times: user=0.00 sys=0.00, real=0.00 secs] 
2014-07-09T16:27:16.657+0200: 113.625: [GC (Allocation Failure) 113.625: [ParNew: 39269K->4329K(39296K), 0.0037751 secs] 50883K->17004K(126720K), 0.0038932 secs] [Times: user=0.00 sys=0.00, real=0.00 secs] 
2014-07-09T16:27:16.790+0200: 113.758: [GC (Allocation Failure) 113.758: [ParNew: 39262K->4327K(39296K), 0.0048101 secs] 51937K->20177K(126720K), 0.0049289 secs] [Times: user=0.00 sys=0.00, real=0.01 secs] 
2014-07-09T16:27:16.905+0200: 113.873: [GC (Allocation Failure) 113.873: [ParNew: 39269K->4329K(39296K), 0.0080317 secs] 55119K->23929K(126720K), 0.0081900 secs] [Times: user=0.00 sys=0.00, real=0.01 secs] 
2014-07-09T16:27:17.109+0200: 114.077: [GC (Allocation Failure) 114.077: [ParNew: 39267K->966K(39296K), 0.0010551 secs] 58868K->20572K(126720K), 0.0011274 secs] [Times: user=0.00 sys=0.00, real=0.00 secs] 
2014-07-09T16:27:17.194+0200: 114.162: [GC (Allocation Failure) 114.162: [ParNew: 35899K->3085K(39296K), 0.0026342 secs] 55505K->22691K(126720K), 0.0028212 secs] [Times: user=0.03 sys=0.00, real=0.00 secs] 
2014-07-09T16:27:17.338+0200: 114.306: [GC (Allocation Failure) 114.306: [ParNew: 38006K->2985K(39296K), 0.0023006 secs] 57612K->22601K(126720K), 0.0023999 secs] [Times: user=0.00 sys=0.00, real=0.00 secs] 
2014-07-09T16:27:17.489+0200: 114.457: [GC (Allocation Failure) 114.457: [ParNew: 37918K->4327K(39296K), 0.0036534 secs] 57534K->24718K(126720K), 0.0037652 secs] [Times: user=0.03 sys=0.00, real=0.00 secs] 
2014-07-09T16:27:17.595+0200: 114.563: [GC (Allocation Failure) 114.563: [ParNew: 39265K->4327K(39296K), 0.0047500 secs] 59656K->26579K(126720K), 0.0048893 secs] [Times: user=0.00 sys=0.00, real=0.00 secs] 
2014-07-09T16:27:17.787+0200: 114.755: [GC (Allocation Failure) 114.755: [ParNew: 39260K->102K(39296K), 0.0005158 secs] 61512K->22359K(126720K), 0.0005881 secs] [Times: user=0.00 sys=0.00, real=0.00 secs] 
2014-07-09T16:27:17.890+0200: 114.858: [GC (Allocation Failure) 114.858: [ParNew: 35044K->685K(39296K), 0.0011186 secs] 57301K->22942K(126720K), 0.0012267 secs] [Times: user=0.00 sys=0.00, real=0.00 secs] 
2014-07-09T16:27:18.038+0200: 115.006: [GC (Allocation Failure) 115.006: [ParNew: 35618K->2800K(39296K), 0.0021107 secs] 57875K->25057K(126720K), 0.0022313 secs] [Times: user=0.00 sys=0.00, real=0.00 secs] 
2014-07-09T16:27:18.215+0200: 115.183: [GC (Allocation Failure) 115.183: [ParNew: 37742K->3367K(39296K), 0.0024960 secs] 59999K->25638K(126720K), 0.0025953 secs] [Times: user=0.00 sys=0.00, real=0.00 secs] 
2014-07-09T16:27:18.292+0200: 115.260: [GC (Allocation Failure) 115.260: [ParNew: 38300K->4327K(39296K), 0.0042848 secs] 60571K->27756K(126720K), 0.0044281 secs] [Times: user=0.00 sys=0.00, real=0.00 secs] 
2014-07-09T16:27:18.439+0200: 115.407: [GC (Allocation Failure) 115.477: [ParNew: 39245K->4329K(39296K), 0.0038807 secs] 62674K->29331K(126720K), 0.0739502 secs] [Times: user=0.00 sys=0.00, real=0.07 secs] 
2014-07-09T16:27:18.589+0200: 115.557: [GC (Allocation Failure) 115.558: [ParNew: 39267K->4327K(39296K), 0.0051412 secs] 64269K->31992K(126720K), 0.0052519 secs] [Times: user=0.00 sys=0.00, real=0.01 secs] 
2014-07-09T16:27:18.737+0200: 115.705: [GC (Allocation Failure) 115.705: [ParNew: 39260K->902K(39296K), 0.0009100 secs] 66925K->28572K(126720K), 0.0009976 secs] [Times: user=0.00 sys=0.00, real=0.00 secs] 
2014-07-09T16:27:18.887+0200: 115.855: [GC (Allocation Failure) 115.855: [ParNew: 35818K->941K(39296K), 0.0008513 secs] 63488K->28611K(126720K), 0.0009367 secs] [Times: user=0.00 sys=0.00, real=0.00 secs] 
2014-07-09T16:27:18.995+0200: 115.963: [GC (Allocation Failure) 115.963: [ParNew: 35874K->3058K(39296K), 0.0054899 secs] 63544K->30728K(126720K), 0.0060724 secs] [Times: user=0.00 sys=0.00, real=0.01 secs] 
2014-07-09T16:27:19.138+0200: 116.106: [GC (Allocation Failure) 116.106: [ParNew: 37997K->4135K(39296K), 0.0033029 secs] 65667K->31819K(126720K), 0.0034082 secs] [Times: user=0.00 sys=0.00, real=0.00 secs] 
2014-07-09T16:27:19.289+0200: 116.257: [GC (Allocation Failure) 116.257: [ParNew: 39068K->4327K(39296K), 0.0041993 secs] 66752K->33937K(126720K), 0.0043181 secs] [Times: user=0.00 sys=0.00, real=0.00 secs] 
2014-07-09T16:27:19.394+0200: 116.362: [GC (Allocation Failure) 116.362: [ParNew: 39242K->4329K(39296K), 0.0060541 secs] 68852K->36281K(126720K), 0.0061747 secs] [Times: user=0.03 sys=0.00, real=0.01 secs] 
2014-07-09T16:27:19.540+0200: 116.509: [GC (Allocation Failure) 116.509: [ParNew: 39273K->590K(39296K), 0.0009030 secs] 71225K->32548K(126720K), 0.0009991 secs] [Times: user=0.00 sys=0.00, real=0.00 secs] 
2014-07-09T16:27:19.690+0200: 116.658: [GC (Allocation Failure) 116.658: [ParNew: 35522K->1163K(39296K), 0.0018181 secs] 67479K->33121K(126720K), 0.0019248 secs] [Times: user=0.03 sys=0.00, real=0.00 secs] 
2014-07-09T16:27:19.837+0200: 116.805: [GC (Allocation Failure) 116.805: [ParNew: 36105K->1746K(39296K), 0.0015655 secs] 68063K->33704K(126720K), 0.0016480 secs] [Times: user=0.00 sys=0.00, real=0.00 secs] 
2014-07-09T16:27:19.988+0200: 116.957: [GC (Allocation Failure) 116.957: [ParNew: 36679K->3862K(39296K), 0.0026371 secs] 68637K->35820K(126720K), 0.0027501 secs] [Times: user=0.00 sys=0.00, real=0.00 secs] 
2014-07-09T16:27:20.092+0200: 117.060: [GC (Allocation Failure) 117.060: [ParNew: 38801K->4327K(39296K), 0.0039805 secs] 70759K->36909K(126720K), 0.0041099 secs] [Times: user=0.00 sys=0.00, real=0.00 secs] 
2014-07-09T16:27:20.240+0200: 117.208: [GC (Allocation Failure) 117.208: [ParNew: 39260K->4327K(39296K), 0.0045964 secs] 71842K->39635K(126720K), 0.0047137 secs] [Times: user=0.00 sys=0.00, real=0.00 secs] 
2014-07-09T16:27:20.390+0200: 117.357: [GC (Allocation Failure) 117.358: [ParNew: 39249K->4329K(39296K), 0.0047309 secs] 74557K->42267K(126720K), 0.0048516 secs] [Times: user=0.03 sys=0.00, real=0.00 secs] 
2014-07-09T16:27:20.537+0200: 117.504: [GC (Allocation Failure) 117.504: [ParNew: 39262K->870K(39296K), 0.0008286 secs] 77200K->38815K(126720K), 0.0009118 secs] [Times: user=0.00 sys=0.00, real=0.00 secs] 
2014-07-09T16:27:20.687+0200: 117.654: [GC (Allocation Failure) 117.655: [ParNew: 35807K->1964K(39296K), 0.0016949 secs] 73751K->39908K(126720K), 0.0017880 secs] [Times: user=0.00 sys=0.00, real=0.00 secs] 
2014-07-09T16:27:20.793+0200: 117.760: [GC (Allocation Failure) 117.760: [ParNew: 36897K->4081K(39296K), 0.0032047 secs] 74841K->42025K(126720K), 0.0033147 secs] [Times: user=0.00 sys=0.00, real=0.00 secs] 
2014-07-09T16:27:20.938+0200: 117.906: [GC (Allocation Failure) 117.906: [ParNew: 39023K->4329K(39296K), 0.0033282 secs] 76968K->42608K(126720K), 0.0034408 secs] [Times: user=0.03 sys=0.00, real=0.00 secs] 
2014-07-09T16:27:21.089+0200: 118.056: [GC (Allocation Failure) 118.056: [ParNew: 39271K->4327K(39296K), 0.0038250 secs] 77550K->43508K(126720K), 0.0039361 secs] [Times: user=0.00 sys=0.00, real=0.00 secs] 
2014-07-09T16:27:21.194+0200: 118.161: [GC (Allocation Failure) 118.161: [ParNew: 39260K->4327K(39296K), 0.0055181 secs] 78441K->46523K(126720K), 0.0056328 secs] [Times: user=0.00 sys=0.00, real=0.00 secs] 
2014-07-09T16:27:21.340+0200: 118.307: [GC (Allocation Failure) 118.308: [ParNew: 39245K->4329K(39296K), 0.0049293 secs] 81441K->49955K(126720K), 0.0050499 secs] [Times: user=0.00 sys=0.00, real=0.01 secs] 
2014-07-09T16:27:21.491+0200: 118.458: [GC (Allocation Failure) 118.458: [ParNew: 39262K->1670K(39296K), 0.0017741 secs] 84888K->47302K(126720K), 0.0018859 secs] [Times: user=0.00 sys=0.00, real=0.00 secs] 
2014-07-09T16:27:21.652+0200: 118.619: [GC (Allocation Failure) 118.619: [ParNew: 36609K->2764K(39296K), 0.0020986 secs] 82241K->48396K(126720K), 0.0022133 secs] [Times: user=0.00 sys=0.00, real=0.00 secs] 
2014-07-09T16:27:21.790+0200: 118.758: [GC (Allocation Failure) 118.758: [ParNew: 37697K->4327K(39296K), 0.0034496 secs] 83329K->50513K(126720K), 0.0035409 secs] [Times: user=0.00 sys=0.00, real=0.00 secs] 
2014-07-09T16:27:21.893+0200: 118.860: [GC (Allocation Failure) 118.860: [ParNew: 39243K->4329K(39296K), 0.0036696 secs] 85429K->51096K(126720K), 0.0038257 secs] [Times: user=0.00 sys=0.00, real=0.00 secs] 
2014-07-09T16:27:22.040+0200: 119.007: [GC (Allocation Failure) 119.007: [ParNew: 39262K->4327K(39296K), 0.0046081 secs] 86029K->53789K(126720K), 0.0047394 secs] [Times: user=0.00 sys=0.00, real=0.01 secs] 
2014-07-09T16:27:22.191+0200: 119.158: [GC (Allocation Failure) 119.158: [ParNew: 39263K->4327K(39296K), 0.0060541 secs] 88725K->57571K(126720K), 0.0061901 secs] [Times: user=0.00 sys=0.00, real=0.01 secs] 
2014-07-09T16:27:22.337+0200: 119.304: [GC (Allocation Failure) 119.304: [ParNew: 39245K->328K(39296K), 0.0006977 secs] 92489K->53577K(126720K), 0.0008014 secs] [Times: user=0.00 sys=0.00, real=0.00 secs] 
2014-07-09T16:27:22.487+0200: 119.455: [GC (Allocation Failure) 119.455: [ParNew: 35261K->2446K(39296K), 0.0019900 secs] 88510K->55695K(126720K), 0.0021022 secs] [Times: user=0.00 sys=0.00, real=0.00 secs] 
2014-07-09T16:27:22.592+0200: 119.559: [GC (Allocation Failure) 119.560: [ParNew: 37388K->3015K(39296K), 0.0027827 secs] 90637K->56275K(126720K), 0.0029048 secs] [Times: user=0.03 sys=0.00, real=0.00 secs] 
2014-07-09T16:27:22.739+0200: 119.706: [GC (Allocation Failure) 119.706: [ParNew: 37948K->4327K(39296K), 0.0036175 secs] 91208K->58393K(126720K), 0.0037169 secs] [Times: user=0.00 sys=0.00, real=0.00 secs] 
2014-07-09T16:27:22.889+0200: 119.856: [GC (Allocation Failure) 119.856: [ParNew: 39269K->4329K(39296K), 0.0040124 secs] 93335K->59776K(126720K), 0.0041242 secs] [Times: user=0.03 sys=0.00, real=0.00 secs] 
2014-07-09T16:27:22.993+0200: 119.960: [GC (Allocation Failure) 119.960: [ParNew: 39262K->4327K(39296K), 0.0060163 secs] 94709K->63269K(126720K), 0.0061527 secs] [Times: user=0.03 sys=0.00, real=0.01 secs] 
2014-07-09T16:27:23.218+0200: 120.185: [GC (Allocation Failure) 120.185: [ParNew: 39265K->710K(39296K), 0.0009749 secs] 98208K->59657K(126720K), 0.0010841 secs] [Times: user=0.00 sys=0.00, real=0.00 secs] 
2014-07-09T16:27:23.292+0200: 120.259: [GC (Allocation Failure) 120.259: [ParNew: 35626K->1134K(39296K), 0.0014958 secs] 94573K->60080K(126720K), 0.0016055 secs] [Times: user=0.00 sys=0.00, real=0.00 secs] 
Heap
 par new generation   total 39296K, used 9092K [0x00000000f8000000, 0x00000000faaa0000, 0x00000000faaa0000)
  eden space 34944K,  22% used [0x00000000f8000000, 0x00000000f87c57f8, 0x00000000fa220000)
  from space 4352K,  26% used [0x00000000fa220000, 0x00000000fa33b8d0, 0x00000000fa660000)
  to   space 4352K,   0% used [0x00000000fa660000, 0x00000000fa660000, 0x00000000faaa0000)
 concurrent mark-sweep generation total 87424K, used 58946K [0x00000000faaa0000, 0x0000000100000000, 0x0000000100000000)
 Metaspace       used 2463K, capacity 4490K, committed 4864K, reserved 1056768K
  class space    used 269K, capacity 386K, committed 512K, reserved 1048576K
