Java HotSpot(TM) 64-Bit Server VM (25.5-b02) for windows-amd64 JRE (1.8.0_05-b13), built on Mar 18 2014 01:08:39 by "java_re" with MS VC++ 10.0 (VS2010)
Memory: 4k page, physical 8376184k(4965800k free), swap 16750504k(12232096k free)
CommandLine flags: -XX:InitialHeapSize=134018944 -XX:LogFile=jvm.log -XX:MaxHeapSize=536870912 -XX:MaxNewSize=174485504 -XX:MaxTenuringThreshold=6 -XX:OldPLABSize=16 -XX:+PrintFlagsFinal -XX:+PrintGC -XX:+PrintGCDateStamps -XX:+PrintGCDetails -XX:+PrintGCTimeStamps -XX:+UnlockDiagnosticVMOptions -XX:+UseCompressedClassPointers -XX:+UseCompressedOops -XX:+UseConcMarkSweepGC -XX:-UseLargePagesIndividualAllocation -XX:+UseParNewGC 
2014-07-10T12:34:14.744+0200: 0.242: [GC (Allocation Failure) 0.242: [ParNew: 1018K->128K(1152K), 0.0058312 secs] 1018K->779K(130944K), 0.0063580 secs] [Times: user=0.00 sys=0.00, real=0.01 secs] 
2014-07-10T12:34:14.752+0200: 0.249: [GC (Allocation Failure) 0.249: [ParNew: 1130K->96K(1152K), 0.0054455 secs] 1782K->1771K(130944K), 0.0056061 secs] [Times: user=0.00 sys=0.00, real=0.00 secs] 
2014-07-10T12:34:14.758+0200: 0.256: [GC (Allocation Failure) 0.256: [ParNew: 1095K->96K(1152K), 0.0031017 secs] 2770K->2764K(130944K), 0.0032516 secs] [Times: user=0.03 sys=0.00, real=0.00 secs] 
2014-07-10T12:34:14.762+0200: 0.259: [GC (Allocation Failure) 0.260: [ParNew: 1093K->96K(1152K), 0.0017371 secs] 3761K->3756K(130944K), 0.0018192 secs] [Times: user=0.00 sys=0.00, real=0.00 secs] 
2014-07-10T12:34:14.764+0200: 0.262: [GC (Allocation Failure) 0.262: [ParNew: 1091K->96K(1152K), 0.0015274 secs] 4752K->4749K(130944K), 0.0015985 secs] [Times: user=0.00 sys=0.00, real=0.00 secs] 
2014-07-10T12:34:14.766+0200: 0.264: [GC (Allocation Failure) 0.264: [ParNew: 1090K->96K(1152K), 0.0015490 secs] 5743K->5741K(130944K), 0.0016187 secs] [Times: user=0.00 sys=0.00, real=0.00 secs] 
2014-07-10T12:34:14.768+0200: 0.266: [GC (Allocation Failure) 0.266: [ParNew: 1090K->96K(1152K), 0.0015662 secs] 6736K->6734K(130944K), 0.0016403 secs] [Times: user=0.00 sys=0.00, real=0.00 secs] 
2014-07-10T12:34:14.770+0200: 0.268: [GC (Allocation Failure) 0.268: [ParNew: 1090K->96K(1152K), 0.0020087 secs] 7728K->7726K(130944K), 0.0020967 secs] [Times: user=0.00 sys=0.00, real=0.00 secs] 
2014-07-10T12:34:14.773+0200: 0.270: [GC (Allocation Failure) 0.270: [ParNew: 1090K->96K(1152K), 0.0019197 secs] 8721K->8719K(130944K), 0.0020047 secs] [Times: user=0.02 sys=0.02, real=0.00 secs] 
2014-07-10T12:34:14.775+0200: 0.273: [GC (Allocation Failure) 0.273: [ParNew: 1090K->96K(1152K), 0.0015274 secs] 9713K->9711K(130944K), 0.0015956 secs] [Times: user=0.00 sys=0.00, real=0.00 secs] 
2014-07-10T12:34:14.777+0200: 0.275: [GC (Allocation Failure) 0.275: [ParNew: 1090K->96K(1152K), 0.0015197 secs] 10706K->10704K(130944K), 0.0015886 secs] [Times: user=0.00 sys=0.00, real=0.00 secs] 
2014-07-10T12:34:14.779+0200: 0.277: [GC (Allocation Failure) 0.277: [ParNew: 1090K->96K(1152K), 0.0015981 secs] 11698K->11696K(130944K), 0.0016692 secs] [Times: user=0.00 sys=0.00, real=0.00 secs] 
2014-07-10T12:34:14.781+0200: 0.279: [GC (Allocation Failure) 0.279: [ParNew: 1090K->96K(1152K), 0.0018273 secs] 12690K->12688K(130944K), 0.0019024 secs] [Times: user=0.00 sys=0.00, real=0.00 secs] 
2014-07-10T12:34:14.784+0200: 0.281: [GC (Allocation Failure) 0.281: [ParNew: 1090K->96K(1152K), 0.0017125 secs] 13683K->13681K(130944K), 0.0017840 secs] [Times: user=0.00 sys=0.00, real=0.00 secs] 
2014-07-10T12:34:14.786+0200: 0.283: [GC (Allocation Failure) 0.283: [ParNew: 1090K->96K(1152K), 0.0031412 secs] 14675K->14673K(130944K), 0.0032494 secs] [Times: user=0.00 sys=0.00, real=0.00 secs] 
2014-07-10T12:34:14.791+0200: 0.288: [GC (Allocation Failure) 0.288: [ParNew: 1090K->96K(1152K), 0.0019677 secs] 15668K->15666K(130944K), 0.0020608 secs] [Times: user=0.00 sys=0.00, real=0.00 secs] 
2014-07-10T12:34:14.794+0200: 0.291: [GC (Allocation Failure) 0.291: [ParNew: 1090K->96K(1152K), 0.0012872 secs] 16660K->16658K(130944K), 0.0013503 secs] [Times: user=0.00 sys=0.00, real=0.00 secs] 
2014-07-10T12:34:14.796+0200: 0.294: [GC (Allocation Failure) 0.294: [ParNew: 1090K->96K(1152K), 0.0012722 secs] 17653K->17651K(130944K), 0.0014115 secs] [Times: user=0.00 sys=0.00, real=0.00 secs] 
2014-07-10T12:34:14.798+0200: 0.296: [GC (Allocation Failure) 0.296: [ParNew: 1090K->96K(1152K), 0.0012722 secs] 18645K->18643K(130944K), 0.0013356 secs] [Times: user=0.00 sys=0.00, real=0.00 secs] 
2014-07-10T12:34:14.800+0200: 0.297: [GC (Allocation Failure) 0.297: [ParNew: 1090K->96K(1152K), 0.0011941 secs] 19638K->19636K(130944K), 0.0012476 secs] [Times: user=0.00 sys=0.00, real=0.00 secs] 
2014-07-10T12:34:14.801+0200: 0.299: [GC (Allocation Failure) 0.299: [ParNew: 1090K->96K(1152K), 0.0018753 secs] 20630K->20628K(130944K), 0.0019680 secs] [Times: user=0.00 sys=0.00, real=0.00 secs] 
2014-07-10T12:34:14.804+0200: 0.301: [GC (Allocation Failure) 0.301: [ParNew: 1090K->96K(1152K), 0.0013048 secs] 21623K->21621K(130944K), 0.0013649 secs] [Times: user=0.02 sys=0.01, real=0.00 secs] 
2014-07-10T12:34:14.806+0200: 0.303: [GC (Allocation Failure) 0.303: [ParNew: 1090K->96K(1152K), 0.0012476 secs] 22615K->22613K(130944K), 0.0013100 secs] [Times: user=0.00 sys=0.00, real=0.00 secs] 
2014-07-10T12:34:14.807+0200: 0.305: [GC (Allocation Failure) 0.305: [ParNew: 1090K->96K(1152K), 0.0011241 secs] 23608K->23606K(130944K), 0.0011754 secs] [Times: user=0.00 sys=0.00, real=0.00 secs] 
2014-07-10T12:34:14.811+0200: 0.308: [GC (Allocation Failure) 0.308: [ParNew: 1090K->96K(1152K), 0.0012143 secs] 24600K->24598K(130944K), 0.0012971 secs] [Times: user=0.00 sys=0.00, real=0.00 secs] 
2014-07-10T12:34:14.812+0200: 0.310: [GC (Allocation Failure) 0.310: [ParNew: 1090K->96K(1152K), 0.0010383 secs] 25593K->25591K(130944K), 0.0010889 secs] [Times: user=0.00 sys=0.00, real=0.00 secs] 
2014-07-10T12:34:14.813+0200: 0.311: [GC (Allocation Failure) 0.311: [ParNew: 1090K->96K(1152K), 0.0012154 secs] 26585K->26583K(130944K), 0.0012942 secs] [Times: user=0.00 sys=0.00, real=0.00 secs] 
2014-07-10T12:34:14.815+0200: 0.313: [GC (Allocation Failure) 0.313: [ParNew: 1090K->96K(1152K), 0.0011131 secs] 27578K->27576K(130944K), 0.0011626 secs] [Times: user=0.00 sys=0.00, real=0.00 secs] 
2014-07-10T12:34:14.816+0200: 0.314: [GC (Allocation Failure) 0.314: [ParNew: 1090K->96K(1152K), 0.0010911 secs] 28570K->28568K(130944K), 0.0011402 secs] [Times: user=0.00 sys=0.00, real=0.00 secs] 
2014-07-10T12:34:14.819+0200: 0.317: [GC (Allocation Failure) 0.317: [ParNew: 1090K->96K(1152K), 0.0012315 secs] 29563K->29561K(130944K), 0.0012898 secs] [Times: user=0.00 sys=0.00, real=0.00 secs] 
2014-07-10T12:34:14.821+0200: 0.318: [GC (Allocation Failure) 0.318: [ParNew: 1090K->96K(1152K), 0.0013631 secs] 30555K->30553K(130944K), 0.0014214 secs] [Times: user=0.00 sys=0.00, real=0.00 secs] 
2014-07-10T12:34:14.823+0200: 0.320: [GC (Allocation Failure) 0.320: [ParNew: 1090K->96K(1152K), 0.0010771 secs] 31548K->31546K(130944K), 0.0011215 secs] [Times: user=0.00 sys=0.00, real=0.00 secs] 
2014-07-10T12:34:14.824+0200: 0.322: [GC (Allocation Failure) 0.322: [ParNew: 1090K->96K(1152K), 0.0011604 secs] 32540K->32538K(130944K), 0.0012099 secs] [Times: user=0.00 sys=0.00, real=0.00 secs] 
2014-07-10T12:34:14.826+0200: 0.323: [GC (Allocation Failure) 0.323: [ParNew: 1090K->96K(1152K), 0.0010940 secs] 33533K->33531K(130944K), 0.0011424 secs] [Times: user=0.00 sys=0.00, real=0.00 secs] 
2014-07-10T12:34:14.827+0200: 0.324: [GC (Allocation Failure) 0.324: [ParNew: 1090K->96K(1152K), 0.0011791 secs] 34525K->34523K(130944K), 0.0012260 secs] [Times: user=0.00 sys=0.00, real=0.00 secs] 
2014-07-10T12:34:14.828+0200: 0.326: [GC (Allocation Failure) 0.326: [ParNew: 1090K->96K(1152K), 0.0010438 secs] 35518K->35516K(130944K), 0.0010870 secs] [Times: user=0.00 sys=0.00, real=0.00 secs] 
2014-07-10T12:34:14.830+0200: 0.327: [GC (Allocation Failure) 0.327: [ParNew: 1090K->96K(1152K), 0.0015079 secs] 36510K->36508K(130944K), 0.0015747 secs] [Times: user=0.00 sys=0.00, real=0.00 secs] 
2014-07-10T12:34:14.832+0200: 0.329: [GC (Allocation Failure) 0.329: [ParNew: 1090K->96K(1152K), 0.0013877 secs] 37503K->37501K(130944K), 0.0014449 secs] [Times: user=0.00 sys=0.00, real=0.00 secs] 
2014-07-10T12:34:14.833+0200: 0.331: [GC (Allocation Failure) 0.331: [ParNew: 1090K->96K(1152K), 0.0010163 secs] 38495K->38493K(130944K), 0.0010625 secs] [Times: user=0.00 sys=0.00, real=0.00 secs] 
2014-07-10T12:34:14.836+0200: 0.333: [GC (Allocation Failure) 0.333: [ParNew: 1090K->96K(1152K), 0.0020252 secs] 39488K->39486K(130944K), 0.0021312 secs] [Times: user=0.00 sys=0.00, real=0.00 secs] 
2014-07-10T12:34:14.839+0200: 0.337: [GC (Allocation Failure) 0.337: [ParNew: 1090K->96K(1152K), 0.0013902 secs] 40480K->40478K(130944K), 0.0014716 secs] [Times: user=0.00 sys=0.00, real=0.00 secs] 
2014-07-10T12:34:14.842+0200: 0.339: [GC (Allocation Failure) 0.339: [ParNew: 1090K->96K(1152K), 0.0011490 secs] 41473K->41471K(130944K), 0.0012135 secs] [Times: user=0.00 sys=0.00, real=0.00 secs] 
2014-07-10T12:34:14.843+0200: 0.341: [GC (Allocation Failure) 0.341: [ParNew: 1090K->96K(1152K), 0.0009587 secs] 42465K->42463K(130944K), 0.0010079 secs] [Times: user=0.00 sys=0.00, real=0.00 secs] 
2014-07-10T12:34:14.845+0200: 0.342: [GC (Allocation Failure) 0.342: [ParNew: 1090K->96K(1152K), 0.0010467 secs] 43457K->43455K(130944K), 0.0010999 secs] [Times: user=0.00 sys=0.00, real=0.00 secs] 
2014-07-10T12:34:14.846+0200: 0.343: [GC (Allocation Failure) 0.344: [ParNew: 1090K->96K(1152K), 0.0010658 secs] 44450K->44448K(130944K), 0.0011149 secs] [Times: user=0.00 sys=0.00, real=0.00 secs] 
2014-07-10T12:34:14.847+0200: 0.345: [GC (Allocation Failure) 0.345: [ParNew: 1090K->96K(1152K), 0.0011739 secs] 45442K->45440K(130944K), 0.0012223 secs] [Times: user=0.00 sys=0.00, real=0.00 secs] 
2014-07-10T12:34:14.849+0200: 0.346: [GC (Allocation Failure) 0.346: [ParNew: 1090K->96K(1152K), 0.0011728 secs] 46435K->46433K(130944K), 0.0012176 secs] [Times: user=0.00 sys=0.00, real=0.00 secs] 
2014-07-10T12:34:14.850+0200: 0.348: [GC (Allocation Failure) 0.348: [ParNew: 1090K->96K(1152K), 0.0010332 secs] 47427K->47425K(130944K), 0.0010793 secs] [Times: user=0.00 sys=0.00, real=0.00 secs] 
2014-07-10T12:34:14.852+0200: 0.349: [GC (Allocation Failure) 0.349: [ParNew: 1090K->96K(1152K), 0.0015248 secs] 48420K->48418K(130944K), 0.0015846 secs] [Times: user=0.00 sys=0.00, real=0.00 secs] 
2014-07-10T12:34:14.854+0200: 0.351: [GC (Allocation Failure) 0.351: [ParNew: 1090K->96K(1152K), 0.0012641 secs] 49412K->49410K(130944K), 0.0013144 secs] [Times: user=0.00 sys=0.00, real=0.00 secs] 
2014-07-10T12:34:14.855+0200: 0.353: [GC (Allocation Failure) 0.353: [ParNew: 1090K->96K(1152K), 0.0010086 secs] 50405K->50403K(130944K), 0.0010533 secs] [Times: user=0.00 sys=0.00, real=0.00 secs] 
2014-07-10T12:34:14.857+0200: 0.354: [GC (Allocation Failure) 0.354: [ParNew: 1090K->96K(1152K), 0.0010540 secs] 51397K->51395K(130944K), 0.0011035 secs] [Times: user=0.00 sys=0.00, real=0.00 secs] 
2014-07-10T12:34:14.858+0200: 0.355: [GC (Allocation Failure) 0.355: [ParNew: 1090K->96K(1152K), 0.0012227 secs] 52390K->52388K(130944K), 0.0012733 secs] [Times: user=0.00 sys=0.00, real=0.00 secs] 
2014-07-10T12:34:14.859+0200: 0.357: [GC (Allocation Failure) 0.357: [ParNew: 1090K->96K(1152K), 0.0011853 secs] 53382K->53380K(130944K), 0.0012377 secs] [Times: user=0.00 sys=0.00, real=0.00 secs] 
2014-07-10T12:34:14.861+0200: 0.358: [GC (Allocation Failure) 0.358: [ParNew: 1090K->96K(1152K), 0.0012803 secs] 54375K->54373K(130944K), 0.0013448 secs] [Times: user=0.00 sys=0.00, real=0.00 secs] 
2014-07-10T12:34:14.863+0200: 0.360: [GC (Allocation Failure) 0.360: [ParNew: 1090K->96K(1152K), 0.0010412 secs] 55367K->55365K(130944K), 0.0010874 secs] [Times: user=0.00 sys=0.00, real=0.00 secs] 
2014-07-10T12:34:14.864+0200: 0.361: [GC (Allocation Failure) 0.361: [ParNew: 1090K->96K(1152K), 0.0012374 secs] 56360K->56358K(130944K), 0.0012997 secs] [Times: user=0.00 sys=0.00, real=0.00 secs] 
2014-07-10T12:34:14.866+0200: 0.363: [GC (Allocation Failure) 0.363: [ParNew: 1090K->96K(1152K), 0.0011028 secs] 57352K->57350K(130944K), 0.0011508 secs] [Times: user=0.00 sys=0.00, real=0.00 secs] 
2014-07-10T12:34:14.867+0200: 0.365: [GC (Allocation Failure) 0.365: [ParNew: 1090K->96K(1152K), 0.0012003 secs] 58345K->58343K(130944K), 0.0012608 secs] [Times: user=0.02 sys=0.02, real=0.00 secs] 
2014-07-10T12:34:14.869+0200: 0.366: [GC (Allocation Failure) 0.366: [ParNew: 1090K->96K(1152K), 0.0025700 secs] 59337K->59335K(130944K), 0.0026566 secs] [Times: user=0.00 sys=0.00, real=0.00 secs] 
2014-07-10T12:34:14.872+0200: 0.369: [GC (Allocation Failure) 0.369: [ParNew: 1090K->96K(1152K), 0.0011835 secs] 60330K->60328K(130944K), 0.0012385 secs] [Times: user=0.00 sys=0.00, real=0.00 secs] 
2014-07-10T12:34:14.873+0200: 0.371: [GC (Allocation Failure) 0.371: [ParNew: 1090K->96K(1152K), 0.0010240 secs] 61322K->61320K(130944K), 0.0010749 secs] [Times: user=0.00 sys=0.00, real=0.00 secs] 
2014-07-10T12:34:14.875+0200: 0.372: [GC (Allocation Failure) 0.372: [ParNew: 1090K->96K(1152K), 0.0011857 secs] 62315K->62313K(130944K), 0.0012385 secs] [Times: user=0.00 sys=0.00, real=0.00 secs] 
2014-07-10T12:34:14.876+0200: 0.374: [GC (Allocation Failure) 0.374: [ParNew: 1090K->96K(1152K), 0.0010262 secs] 63307K->63305K(130944K), 0.0010779 secs] [Times: user=0.00 sys=0.00, real=0.00 secs] 
2014-07-10T12:34:14.878+0200: 0.375: [GC (Allocation Failure) 0.375: [ParNew: 1090K->96K(1152K), 0.0010614 secs] 64300K->64298K(130944K), 0.0011065 secs] [Times: user=0.00 sys=0.00, real=0.00 secs] 
2014-07-10T12:34:14.879+0200: 0.377: [GC (Allocation Failure) 0.377: [ParNew: 1090K->96K(1152K), 0.0010918 secs] 65292K->65290K(130944K), 0.0011354 secs] [Times: user=0.00 sys=0.00, real=0.00 secs] 
2014-07-10T12:34:14.880+0200: 0.378: [GC (CMS Initial Mark) [1 CMS-initial-mark: 65194K(129792K)] 65420K(130944K), 0.0001478 secs] [Times: user=0.00 sys=0.00, real=0.00 secs] 
2014-07-10T12:34:14.881+0200: 0.378: [CMS-concurrent-mark-start]
2014-07-10T12:34:14.881+0200: 0.378: [GC (Allocation Failure) 0.378: [ParNew: 1098K->108K(1152K), 0.0007453 secs] 66293K->65622K(130944K), 0.0007897 secs] [Times: user=0.00 sys=0.00, real=0.00 secs] 
2014-07-10T12:34:14.886+0200: 0.383: [CMS-concurrent-mark: 0.004/0.005 secs] [Times: user=0.00 sys=0.01, real=0.00 secs] 
2014-07-10T12:34:14.886+0200: 0.383: [CMS-concurrent-preclean-start]
2014-07-10T12:34:14.886+0200: 0.384: [CMS-concurrent-preclean: 0.000/0.000 secs] [Times: user=0.00 sys=0.00, real=0.00 secs] 
2014-07-10T12:34:14.886+0200: 0.384: [GC (Allocation Failure) 0.384: [ParNew: 1102K->96K(1152K), 0.0013550 secs] 66617K->66611K(130944K), 0.0014170 secs] [Times: user=0.00 sys=0.00, real=0.00 secs] 
2014-07-10T12:34:14.888+0200: 0.386: [GC (Allocation Failure) 0.386: [ParNew: 1090K->96K(1152K), 0.0009910 secs] 67606K->67604K(130944K), 0.0010416 secs] [Times: user=0.00 sys=0.00, real=0.00 secs] 
2014-07-10T12:34:14.890+0200: 0.387: [GC (Allocation Failure) 0.387: [ParNew: 1090K->96K(1152K), 0.0035269 secs] 68598K->68596K(130944K), 0.0036131 secs] [Times: user=0.00 sys=0.00, real=0.00 secs] 
2014-07-10T12:34:14.894+0200: 0.391: [GC (Allocation Failure) 0.391: [ParNew: 1090K->96K(1152K), 0.0014731 secs] 69591K->69589K(130944K), 0.0015376 secs] [Times: user=0.00 sys=0.00, real=0.00 secs] 
2014-07-10T12:34:14.896+0200: 0.393: [GC (Allocation Failure) 0.393: [ParNew: 1090K->96K(1152K), 0.0010702 secs] 70583K->70581K(130944K), 0.0011197 secs] [Times: user=0.00 sys=0.00, real=0.00 secs] 
2014-07-10T12:34:14.897+0200: 0.395: [GC (Allocation Failure) 0.395: [ParNew: 1090K->96K(1152K), 0.0009749 secs] 71576K->71574K(130944K), 0.0010236 secs] [Times: user=0.00 sys=0.00, real=0.00 secs] 
2014-07-10T12:34:14.898+0200: 0.396: [GC (Allocation Failure) 0.396: [ParNew: 1090K->96K(1152K), 0.0012110 secs] 72568K->72566K(130944K), 0.0014350 secs] [Times: user=0.01 sys=0.00, real=0.00 secs] 
2014-07-10T12:34:14.900+0200: 0.398: [GC (Allocation Failure) 0.398: [ParNew: 1090K->96K(1152K), 0.0011384 secs] 73560K->73558K(130944K), 0.0011853 secs] [Times: user=0.00 sys=0.00, real=0.00 secs] 
2014-07-10T12:34:14.902+0200: 0.399: [GC (Allocation Failure) 0.399: [ParNew: 1090K->96K(1152K), 0.0009910 secs] 74553K->74551K(130944K), 0.0010343 secs] [Times: user=0.00 sys=0.00, real=0.00 secs] 
2014-07-10T12:34:14.903+0200: 0.400: [GC (Allocation Failure) 0.400: [ParNew: 1090K->96K(1152K), 0.0012227 secs] 75545K->75543K(130944K), 0.0012755 secs] [Times: user=0.00 sys=0.00, real=0.00 secs] 
2014-07-10T12:34:14.904+0200: 0.402: [GC (CMS Final Remark) [YG occupancy: 226 K (1152 K)]0.402: [Rescan (parallel) , 0.0002764 secs]0.402: [weak refs processing, 0.0000297 secs]0.402: [class unloading, 0.0004605 secs]0.403: [scrub symbol table, 0.0005532 secs]0.403: [scrub string table, 0.0001565 secs][1 CMS-remark: 75447K(129792K)] 75674K(130944K), 0.0015853 secs] [Times: user=0.00 sys=0.00, real=0.00 secs] 
2014-07-10T12:34:14.906+0200: 0.404: [CMS-concurrent-sweep-start]
2014-07-10T12:34:14.907+0200: 0.404: [GC (Allocation Failure) 0.404: [ParNew: 1111K->98K(1152K), 0.0010185 secs] 76559K->76538K(130944K), 0.0010694 secs] [Times: user=0.00 sys=0.00, real=0.00 secs] 
2014-07-10T12:34:14.908+0200: 0.405: [GC (Allocation Failure) 0.405: [ParNew: 1092K->96K(1152K), 0.0008374 secs] 77052K->77048K(130944K), 0.0008821 secs] [Times: user=0.00 sys=0.00, real=0.00 secs] 
2014-07-10T12:34:14.909+0200: 0.406: [GC (Allocation Failure) 0.406: [ParNew: 1090K->96K(1152K), 0.0007432 secs] 64275K->64273K(130944K), 0.0007864 secs] [Times: user=0.00 sys=0.00, real=0.00 secs] 
2014-07-10T12:34:14.910+0200: 0.407: [GC (Allocation Failure) 0.407: [ParNew: 1090K->96K(1152K), 0.0007377 secs] 42376K->42374K(130944K), 0.0007791 secs] [Times: user=0.00 sys=0.00, real=0.00 secs] 
2014-07-10T12:34:14.911+0200: 0.408: [GC (Allocation Failure) 0.408: [ParNew: 1090K->96K(1152K), 0.0007622 secs] 22335K->22333K(130944K), 0.0008029 secs] [Times: user=0.00 sys=0.00, real=0.00 secs] 
2014-07-10T12:34:14.912+0200: 0.409: [CMS-concurrent-sweep: 0.001/0.006 secs] [Times: user=0.00 sys=0.00, real=0.01 secs] 
2014-07-10T12:34:14.912+0200: 0.410: [GC (Allocation Failure) 0.410: [ParNew: 1090K->96K(1152K), 0.0007432 secs] 16604K->16602K(130944K), 0.0007835 secs] [Times: user=0.00 sys=0.00, real=0.00 secs] 
2014-07-10T12:34:14.913+0200: 0.410: [CMS-concurrent-reset-start]
2014-07-10T12:34:14.913+0200: 0.411: [GC (Allocation Failure) 0.411: [ParNew: 1090K->96K(1152K), 0.0008146 secs] 17596K->17594K(130944K), 0.0008649 secs] [Times: user=0.03 sys=0.00, real=0.00 secs] 
2014-07-10T12:34:14.914+0200: 0.412: [GC (Allocation Failure) 0.412: [ParNew: 1090K->96K(1152K), 0.0007736 secs] 18589K->18587K(130944K), 0.0008333 secs] [Times: user=0.00 sys=0.00, real=0.00 secs] 
2014-07-10T12:34:14.916+0200: 0.413: [GC (Allocation Failure) 0.413: [ParNew: 1090K->96K(1152K), 0.0008729 secs] 19581K->19579K(130944K), 0.0009144 secs] [Times: user=0.00 sys=0.00, real=0.00 secs] 
2014-07-10T12:34:14.917+0200: 0.414: [GC (Allocation Failure) 0.414: [ParNew: 1090K->96K(1152K), 0.0007677 secs] 20574K->20572K(130944K), 0.0008106 secs] [Times: user=0.00 sys=0.00, real=0.00 secs] 
2014-07-10T12:34:14.918+0200: 0.415: [CMS-concurrent-reset: 0.001/0.005 secs] [Times: user=0.03 sys=0.00, real=0.00 secs] 
2014-07-10T12:34:14.918+0200: 0.416: [GC (Allocation Failure) 0.416: [ParNew: 1090K->96K(1152K), 0.0008044 secs] 21566K->21564K(130944K), 0.0008454 secs] [Times: user=0.00 sys=0.00, real=0.00 secs] 
2014-07-10T12:34:14.919+0200: 0.417: [GC (Allocation Failure) 0.417: [ParNew: 1090K->96K(1152K), 0.0008201 secs] 22559K->22557K(130944K), 0.0008619 secs] [Times: user=0.00 sys=0.00, real=0.00 secs] 
2014-07-10T12:34:14.920+0200: 0.418: [GC (Allocation Failure) 0.418: [ParNew: 1090K->96K(1152K), 0.0007835 secs] 23551K->23549K(130944K), 0.0008289 secs] [Times: user=0.00 sys=0.00, real=0.00 secs] 
2014-07-10T12:34:14.921+0200: 0.419: [GC (Allocation Failure) 0.419: [ParNew: 1090K->96K(1152K), 0.0007838 secs] 24544K->24542K(130944K), 0.0008231 secs] [Times: user=0.00 sys=0.00, real=0.00 secs] 
2014-07-10T12:34:14.922+0200: 0.420: [GC (Allocation Failure) 0.420: [ParNew: 1090K->96K(1152K), 0.0007714 secs] 25536K->25534K(130944K), 0.0008150 secs] [Times: user=0.00 sys=0.00, real=0.00 secs] 
2014-07-10T12:34:14.923+0200: 0.421: [GC (Allocation Failure) 0.421: [ParNew: 1090K->96K(1152K), 0.0008110 secs] 26529K->26527K(130944K), 0.0008579 secs] [Times: user=0.00 sys=0.00, real=0.00 secs] 
2014-07-10T12:34:14.924+0200: 0.422: [GC (Allocation Failure) 0.422: [ParNew: 1090K->96K(1152K), 0.0008044 secs] 27521K->27519K(130944K), 0.0008480 secs] [Times: user=0.00 sys=0.00, real=0.00 secs] 
2014-07-10T12:34:14.926+0200: 0.423: [GC (Allocation Failure) 0.423: [ParNew: 1090K->96K(1152K), 0.0007846 secs] 28514K->28512K(130944K), 0.0008271 secs] [Times: user=0.00 sys=0.00, real=0.00 secs] 
2014-07-10T12:34:14.927+0200: 0.424: [GC (Allocation Failure) 0.424: [ParNew: 1090K->96K(1152K), 0.0007666 secs] 29506K->29504K(130944K), 0.0008058 secs] [Times: user=0.00 sys=0.00, real=0.00 secs] 
2014-07-10T12:34:14.928+0200: 0.425: [GC (Allocation Failure) 0.425: [ParNew: 1090K->96K(1152K), 0.0007857 secs] 30499K->30497K(130944K), 0.0008238 secs] [Times: user=0.00 sys=0.00, real=0.00 secs] 
2014-07-10T12:34:14.929+0200: 0.426: [GC (Allocation Failure) 0.426: [ParNew: 1090K->96K(1152K), 0.0007761 secs] 31491K->31489K(130944K), 0.0008176 secs] [Times: user=0.00 sys=0.00, real=0.00 secs] 
2014-07-10T12:34:14.930+0200: 0.427: [GC (Allocation Failure) 0.427: [ParNew: 1090K->96K(1152K), 0.0007981 secs] 32484K->32482K(130944K), 0.0008436 secs] [Times: user=0.00 sys=0.00, real=0.00 secs] 
2014-07-10T12:34:14.931+0200: 0.428: [GC (Allocation Failure) 0.428: [ParNew: 1090K->96K(1152K), 0.0008150 secs] 33476K->33474K(130944K), 0.0008649 secs] [Times: user=0.00 sys=0.00, real=0.00 secs] 
2014-07-10T12:34:14.932+0200: 0.430: [GC (Allocation Failure) 0.430: [ParNew: 1090K->96K(1152K), 0.0008755 secs] 34469K->34467K(130944K), 0.0009312 secs] [Times: user=0.00 sys=0.00, real=0.00 secs] 
2014-07-10T12:34:14.933+0200: 0.431: [GC (Allocation Failure) 0.431: [ParNew: 1090K->96K(1152K), 0.0008040 secs] 35461K->35459K(130944K), 0.0008509 secs] [Times: user=0.00 sys=0.00, real=0.00 secs] 
2014-07-10T12:34:14.934+0200: 0.432: [GC (Allocation Failure) 0.432: [ParNew: 1090K->96K(1152K), 0.0007937 secs] 36453K->36451K(130944K), 0.0008432 secs] [Times: user=0.00 sys=0.00, real=0.00 secs] 
2014-07-10T12:34:14.936+0200: 0.433: [GC (Allocation Failure) 0.433: [ParNew: 1090K->96K(1152K), 0.0007824 secs] 37446K->37444K(130944K), 0.0008304 secs] [Times: user=0.00 sys=0.00, real=0.00 secs] 
2014-07-10T12:34:14.937+0200: 0.434: [GC (Allocation Failure) 0.434: [ParNew: 1090K->96K(1152K), 0.0007380 secs] 38438K->38436K(130944K), 0.0007794 secs] [Times: user=0.00 sys=0.00, real=0.00 secs] 
2014-07-10T12:34:14.938+0200: 0.435: [GC (Allocation Failure) 0.435: [ParNew: 1090K->96K(1152K), 0.0008260 secs] 39431K->39429K(130944K), 0.0008678 secs] [Times: user=0.00 sys=0.00, real=0.00 secs] 
2014-07-10T12:34:14.939+0200: 0.436: [GC (Allocation Failure) 0.436: [ParNew: 1090K->96K(1152K), 0.0007758 secs] 40423K->40421K(130944K), 0.0008190 secs] [Times: user=0.00 sys=0.00, real=0.00 secs] 
2014-07-10T12:34:14.940+0200: 0.438: [GC (Allocation Failure) 0.438: [ParNew: 1090K->96K(1152K), 0.0007721 secs] 41416K->41414K(130944K), 0.0008124 secs] [Times: user=0.00 sys=0.00, real=0.00 secs] 
2014-07-10T12:34:14.941+0200: 0.439: [GC (Allocation Failure) 0.439: [ParNew: 1090K->96K(1152K), 0.0008227 secs] 42408K->42406K(130944K), 0.0008634 secs] [Times: user=0.00 sys=0.00, real=0.00 secs] 
2014-07-10T12:34:14.942+0200: 0.440: [GC (Allocation Failure) 0.440: [ParNew: 1090K->96K(1152K), 0.0007886 secs] 43401K->43399K(130944K), 0.0008333 secs] [Times: user=0.00 sys=0.00, real=0.00 secs] 
2014-07-10T12:34:14.943+0200: 0.441: [GC (Allocation Failure) 0.441: [ParNew: 1090K->96K(1152K), 0.0007912 secs] 44393K->44391K(130944K), 0.0008311 secs] [Times: user=0.00 sys=0.00, real=0.00 secs] 
2014-07-10T12:34:14.944+0200: 0.442: [GC (Allocation Failure) 0.442: [ParNew: 1090K->96K(1152K), 0.0008781 secs] 45386K->45384K(130944K), 0.0009228 secs] [Times: user=0.00 sys=0.00, real=0.00 secs] 
2014-07-10T12:34:14.945+0200: 0.443: [GC (Allocation Failure) 0.443: [ParNew: 1090K->96K(1152K), 0.0007912 secs] 46378K->46376K(130944K), 0.0008322 secs] [Times: user=0.03 sys=0.00, real=0.00 secs] 
2014-07-10T12:34:14.946+0200: 0.444: [GC (Allocation Failure) 0.444: [ParNew: 1090K->96K(1152K), 0.0007926 secs] 47371K->47369K(130944K), 0.0008396 secs] [Times: user=0.00 sys=0.00, real=0.00 secs] 
2014-07-10T12:34:14.948+0200: 0.445: [GC (Allocation Failure) 0.445: [ParNew: 1090K->96K(1152K), 0.0008308 secs] 48363K->48361K(130944K), 0.0008792 secs] [Times: user=0.00 sys=0.00, real=0.00 secs] 
2014-07-10T12:34:14.949+0200: 0.446: [GC (Allocation Failure) 0.446: [ParNew: 1090K->96K(1152K), 0.0007747 secs] 49356K->49354K(130944K), 0.0008150 secs] [Times: user=0.00 sys=0.00, real=0.00 secs] 
2014-07-10T12:34:14.950+0200: 0.447: [GC (Allocation Failure) 0.447: [ParNew: 1090K->96K(1152K), 0.0008520 secs] 50348K->50346K(130944K), 0.0009045 secs] [Times: user=0.00 sys=0.00, real=0.00 secs] 
2014-07-10T12:34:14.951+0200: 0.449: [GC (Allocation Failure) 0.449: [ParNew: 1090K->96K(1152K), 0.0008370 secs] 51341K->51339K(130944K), 0.0008854 secs] [Times: user=0.00 sys=0.00, real=0.00 secs] 
2014-07-10T12:34:14.952+0200: 0.450: [GC (Allocation Failure) 0.450: [ParNew: 1090K->96K(1152K), 0.0007527 secs] 52333K->52331K(130944K), 0.0007978 secs] [Times: user=0.00 sys=0.00, real=0.00 secs] 
2014-07-10T12:34:14.953+0200: 0.451: [GC (Allocation Failure) 0.451: [ParNew: 1090K->96K(1152K), 0.0009004 secs] 53326K->53324K(130944K), 0.0009455 secs] [Times: user=0.00 sys=0.00, real=0.00 secs] 
2014-07-10T12:34:14.954+0200: 0.452: [GC (Allocation Failure) 0.452: [ParNew: 1090K->96K(1152K), 0.0007765 secs] 54318K->54316K(130944K), 0.0008209 secs] [Times: user=0.00 sys=0.00, real=0.00 secs] 
2014-07-10T12:34:14.955+0200: 0.453: [GC (Allocation Failure) 0.453: [ParNew: 1090K->96K(1152K), 0.0007776 secs] 55311K->55309K(130944K), 0.0008187 secs] [Times: user=0.00 sys=0.00, real=0.00 secs] 
2014-07-10T12:34:14.956+0200: 0.454: [GC (Allocation Failure) 0.454: [ParNew: 1090K->96K(1152K), 0.0007853 secs] 56303K->56301K(130944K), 0.0008249 secs] [Times: user=0.00 sys=0.00, real=0.00 secs] 
2014-07-10T12:34:14.957+0200: 0.455: [GC (Allocation Failure) 0.455: [ParNew: 1090K->96K(1152K), 0.0008014 secs] 57296K->57294K(130944K), 0.0008506 secs] [Times: user=0.00 sys=0.00, real=0.00 secs] 
2014-07-10T12:34:14.959+0200: 0.456: [GC (Allocation Failure) 0.456: [ParNew: 1090K->96K(1152K), 0.0007912 secs] 58288K->58286K(130944K), 0.0008319 secs] [Times: user=0.00 sys=0.00, real=0.00 secs] 
2014-07-10T12:34:14.960+0200: 0.457: [GC (Allocation Failure) 0.457: [ParNew: 1090K->96K(1152K), 0.0007761 secs] 59281K->59279K(130944K), 0.0008179 secs] [Times: user=0.00 sys=0.00, real=0.00 secs] 
2014-07-10T12:34:14.961+0200: 0.458: [GC (Allocation Failure) 0.458: [ParNew: 1090K->96K(1152K), 0.0008077 secs] 60273K->60271K(130944K), 0.0008495 secs] [Times: user=0.00 sys=0.00, real=0.00 secs] 
2014-07-10T12:34:14.962+0200: 0.459: [GC (Allocation Failure) 0.459: [ParNew: 1090K->96K(1152K), 0.0007684 secs] 61266K->61264K(130944K), 0.0008113 secs] [Times: user=0.00 sys=0.00, real=0.00 secs] 
2014-07-10T12:34:14.963+0200: 0.460: [GC (Allocation Failure) 0.460: [ParNew: 1090K->96K(1152K), 0.0007728 secs] 62258K->62256K(130944K), 0.0008139 secs] [Times: user=0.00 sys=0.00, real=0.00 secs] 
2014-07-10T12:34:14.964+0200: 0.461: [GC (Allocation Failure) 0.461: [ParNew: 1090K->96K(1152K), 0.0008000 secs] 63251K->63249K(130944K), 0.0008425 secs] [Times: user=0.00 sys=0.00, real=0.00 secs] 
2014-07-10T12:34:14.965+0200: 0.463: [GC (Allocation Failure) 0.463: [ParNew: 1090K->96K(1152K), 0.0007875 secs] 64243K->64241K(130944K), 0.0008286 secs] [Times: user=0.00 sys=0.00, real=0.00 secs] 
2014-07-10T12:34:14.966+0200: 0.464: [GC (Allocation Failure) 0.464: [ParNew: 1090K->96K(1152K), 0.0009272 secs] 65236K->65234K(130944K), 0.0009690 secs] [Times: user=0.00 sys=0.00, real=0.00 secs] 
2014-07-10T12:34:14.967+0200: 0.465: [GC (Allocation Failure) 0.465: [ParNew: 1098K->106K(1152K), 0.0005206 secs] 66236K->65500K(130944K), 0.0005584 secs] [Times: user=0.00 sys=0.00, real=0.00 secs] 
2014-07-10T12:34:14.968+0200: 0.466: [GC (Allocation Failure) 0.466: [ParNew: 1100K->96K(1152K), 0.0008275 secs] 66494K->66490K(130944K), 0.0008740 secs] [Times: user=0.00 sys=0.00, real=0.00 secs] 
2014-07-10T12:34:14.969+0200: 0.467: [GC (Allocation Failure) 0.467: [ParNew: 1090K->96K(1152K), 0.0008293 secs] 67485K->67483K(130944K), 0.0009950 secs] [Times: user=0.00 sys=0.00, real=0.00 secs] 
2014-07-10T12:34:14.970+0200: 0.468: [GC (Allocation Failure) 0.468: [ParNew: 1090K->96K(1152K), 0.0007882 secs] 68477K->68475K(130944K), 0.0008436 secs] [Times: user=0.00 sys=0.00, real=0.00 secs] 
2014-07-10T12:34:14.972+0200: 0.469: [GC (Allocation Failure) 0.469: [ParNew: 1090K->96K(1152K), 0.0007769 secs] 69470K->69468K(130944K), 0.0008194 secs] [Times: user=0.00 sys=0.00, real=0.00 secs] 
2014-07-10T12:34:14.973+0200: 0.470: [GC (Allocation Failure) 0.470: [ParNew: 1090K->96K(1152K), 0.0007637 secs] 70462K->70460K(130944K), 0.0008055 secs] [Times: user=0.00 sys=0.00, real=0.00 secs] 
2014-07-10T12:34:14.974+0200: 0.471: [GC (Allocation Failure) 0.471: [ParNew: 1090K->96K(1152K), 0.0007739 secs] 71455K->71453K(130944K), 0.0008135 secs] [Times: user=0.00 sys=0.00, real=0.00 secs] 
2014-07-10T12:34:14.975+0200: 0.472: [GC (Allocation Failure) 0.472: [ParNew: 1090K->96K(1152K), 0.0007813 secs] 72447K->72445K(130944K), 0.0008238 secs] [Times: user=0.00 sys=0.00, real=0.00 secs] 
2014-07-10T12:34:14.976+0200: 0.473: [GC (Allocation Failure) 0.473: [ParNew: 1090K->96K(1152K), 0.0007901 secs] 73440K->73438K(130944K), 0.0008370 secs] [Times: user=0.00 sys=0.02, real=0.00 secs] 
2014-07-10T12:34:14.977+0200: 0.474: [GC (Allocation Failure) 0.474: [ParNew: 1090K->96K(1152K), 0.0013393 secs] 74432K->74430K(130944K), 0.0014064 secs] [Times: user=0.00 sys=0.00, real=0.00 secs] 
2014-07-10T12:34:14.979+0200: 0.476: [GC (Allocation Failure) 0.476: [ParNew: 1090K->96K(1152K), 0.0011343 secs] 75425K->75423K(130944K), 0.0011882 secs] [Times: user=0.00 sys=0.00, real=0.00 secs] 
2014-07-10T12:34:14.980+0200: 0.478: [GC (Allocation Failure) 0.478: [ParNew: 1090K->96K(1152K), 0.0007186 secs] 76417K->76415K(130944K), 0.0007648 secs] [Times: user=0.00 sys=0.00, real=0.00 secs] 
2014-07-10T12:34:14.981+0200: 0.479: [GC (Allocation Failure) 0.479: [ParNew: 1090K->96K(1152K), 0.0008623 secs] 77410K->77408K(130944K), 0.0009037 secs] [Times: user=0.00 sys=0.00, real=0.00 secs] 
2014-07-10T12:34:14.982+0200: 0.480: [GC (Allocation Failure) 0.480: [ParNew: 1090K->96K(1152K), 0.0011772 secs] 78402K->78400K(130944K), 0.0012363 secs] [Times: user=0.00 sys=0.00, real=0.00 secs] 
2014-07-10T12:34:14.984+0200: 0.481: [GC (Allocation Failure) 0.481: [ParNew: 1090K->96K(1152K), 0.0010233 secs] 79394K->79392K(130944K), 0.0010779 secs] [Times: user=0.00 sys=0.00, real=0.00 secs] 
2014-07-10T12:34:14.985+0200: 0.483: [GC (Allocation Failure) 0.483: [ParNew: 1090K->96K(1152K), 0.0009224 secs] 80387K->80385K(130944K), 0.0009701 secs] [Times: user=0.00 sys=0.00, real=0.00 secs] 
2014-07-10T12:34:14.986+0200: 0.484: [GC (Allocation Failure) 0.484: [ParNew: 1090K->96K(1152K), 0.0012425 secs] 81379K->81377K(130944K), 0.0012924 secs] [Times: user=0.00 sys=0.00, real=0.00 secs] 
2014-07-10T12:34:14.988+0200: 0.485: [GC (Allocation Failure) 0.485: [ParNew: 1090K->96K(1152K), 0.0010482 secs] 82372K->82370K(130944K), 0.0010922 secs] [Times: user=0.00 sys=0.00, real=0.00 secs] 
2014-07-10T12:34:14.989+0200: 0.487: [GC (Allocation Failure) 0.487: [ParNew: 1090K->96K(1152K), 0.0010027 secs] 83364K->83362K(130944K), 0.0010482 secs] [Times: user=0.00 sys=0.00, real=0.00 secs] 
2014-07-10T12:34:14.991+0200: 0.488: [GC (Allocation Failure) 0.488: [ParNew: 1090K->96K(1152K), 0.0009774 secs] 84357K->84355K(130944K), 0.0011406 secs] [Times: user=0.00 sys=0.02, real=0.00 secs] 
2014-07-10T12:34:14.992+0200: 0.489: [GC (Allocation Failure) 0.489: [ParNew: 1090K->96K(1152K), 0.0021693 secs] 85349K->85347K(130944K), 0.0022393 secs] [Times: user=0.00 sys=0.00, real=0.00 secs] 
2014-07-10T12:34:14.995+0200: 0.492: [GC (Allocation Failure) 0.492: [ParNew: 1090K->96K(1152K), 0.0010474 secs] 86342K->86340K(130944K), 0.0010980 secs] [Times: user=0.00 sys=0.00, real=0.00 secs] 
2014-07-10T12:34:14.996+0200: 0.494: [GC (Allocation Failure) 0.494: [ParNew: 1090K->96K(1152K), 0.0009778 secs] 87334K->87332K(130944K), 0.0010266 secs] [Times: user=0.00 sys=0.00, real=0.00 secs] 
2014-07-10T12:34:14.997+0200: 0.495: [GC (Allocation Failure) 0.495: [ParNew: 1090K->96K(1152K), 0.0008982 secs] 88327K->88325K(130944K), 0.0009419 secs] [Times: user=0.00 sys=0.00, real=0.00 secs] 
2014-07-10T12:34:14.998+0200: 0.496: [GC (Allocation Failure) 0.496: [ParNew: 1090K->96K(1152K), 0.0009481 secs] 89319K->89317K(130944K), 0.0009969 secs] [Times: user=0.00 sys=0.00, real=0.00 secs] 
2014-07-10T12:34:15.000+0200: 0.497: [GC (Allocation Failure) 0.497: [ParNew: 1090K->96K(1152K), 0.0011347 secs] 90312K->90310K(130944K), 0.0011882 secs] [Times: user=0.00 sys=0.00, real=0.00 secs] 
2014-07-10T12:34:15.001+0200: 0.499: [GC (Allocation Failure) 0.499: [ParNew: 1090K->96K(1152K), 0.0010610 secs] 91304K->91302K(130944K), 0.0011087 secs] [Times: user=0.00 sys=0.00, real=0.00 secs] 
2014-07-10T12:34:15.003+0200: 0.500: [GC (Allocation Failure) 0.500: [ParNew: 1090K->96K(1152K), 0.0011596 secs] 92297K->92295K(130944K), 0.0012209 secs] [Times: user=0.00 sys=0.00, real=0.00 secs] 
2014-07-10T12:34:15.004+0200: 0.502: [GC (Allocation Failure) 0.502: [ParNew: 1090K->96K(1152K), 0.0012205 secs] 93289K->93287K(130944K), 0.0012795 secs] [Times: user=0.00 sys=0.00, real=0.00 secs] 
2014-07-10T12:34:15.006+0200: 0.503: [GC (Allocation Failure) 0.503: [ParNew: 1090K->96K(1152K), 0.0009408 secs] 94282K->94280K(130944K), 0.0009899 secs] [Times: user=0.00 sys=0.00, real=0.00 secs] 
2014-07-10T12:34:15.007+0200: 0.504: [GC (Allocation Failure) 0.504: [ParNew: 1090K->96K(1152K), 0.0012205 secs] 95274K->95272K(130944K), 0.0012770 secs] [Times: user=0.03 sys=0.00, real=0.00 secs] 
2014-07-10T12:34:15.008+0200: 0.506: [GC (Allocation Failure) 0.506: [ParNew: 1090K->96K(1152K), 0.0010046 secs] 96267K->96265K(130944K), 0.0010526 secs] [Times: user=0.00 sys=0.00, real=0.00 secs] 
2014-07-10T12:34:15.010+0200: 0.507: [GC (Allocation Failure) 0.507: [ParNew: 1090K->96K(1152K), 0.0009349 secs] 97259K->97257K(130944K), 0.0009778 secs] [Times: user=0.00 sys=0.00, real=0.00 secs] 
2014-07-10T12:34:15.011+0200: 0.508: [GC (Allocation Failure) 0.508: [ParNew: 1090K->96K(1152K), 0.0009881 secs] 98252K->98250K(130944K), 0.0010328 secs] [Times: user=0.00 sys=0.00, real=0.00 secs] 
2014-07-10T12:34:15.012+0200: 0.510: [GC (CMS Initial Mark) [1 CMS-initial-mark: 98154K(129792K)] 98380K(130944K), 0.0001177 secs] [Times: user=0.00 sys=0.00, real=0.00 secs] 
2014-07-10T12:34:15.012+0200: 0.510: [CMS-concurrent-mark-start]
2014-07-10T12:34:15.012+0200: 0.510: [GC (Allocation Failure) 0.510: [ParNew: 1090K->96K(1152K), 0.0009826 secs] 99244K->99242K(130944K), 0.0010262 secs] [Times: user=0.00 sys=0.00, real=0.00 secs] 
2014-07-10T12:34:15.014+0200: 0.511: [GC (Allocation Failure) 0.511: [ParNew: 1090K->96K(1152K), 0.0010911 secs] 100237K->100235K(130944K), 0.0011398 secs] [Times: user=0.00 sys=0.00, real=0.00 secs] 
2014-07-10T12:34:15.015+0200: 0.513: [GC (Allocation Failure) 0.513: [ParNew: 1090K->96K(1152K), 0.0009448 secs] 101229K->101227K(130944K), 0.0009906 secs] [Times: user=0.00 sys=0.00, real=0.00 secs] 
2014-07-10T12:34:15.016+0200: 0.514: [GC (Allocation Failure) 0.514: [ParNew: 1090K->96K(1152K), 0.0009716 secs] 102222K->102220K(130944K), 0.0010152 secs] [Times: user=0.00 sys=0.00, real=0.00 secs] 
2014-07-10T12:34:15.018+0200: 0.515: [GC (Allocation Failure) 0.515: [ParNew: 1090K->96K(1152K), 0.0010046 secs] 103214K->103212K(130944K), 0.0010496 secs] [Times: user=0.00 sys=0.00, real=0.00 secs] 
2014-07-10T12:34:15.019+0200: 0.516: [GC (Allocation Failure) 0.517: [ParNew: 1090K->96K(1152K), 0.0010526 secs] 104207K->104205K(130944K), 0.0012190 secs] [Times: user=0.00 sys=0.00, real=0.00 secs] 
2014-07-10T12:34:15.021+0200: 0.518: [GC (Allocation Failure) 0.518: [ParNew: 1090K->96K(1152K), 0.0010101 secs] 105199K->105197K(130944K), 0.0010588 secs] [Times: user=0.00 sys=0.00, real=0.00 secs] 
2014-07-10T12:34:15.022+0200: 0.519: [GC (Allocation Failure) 0.519: [ParNew: 1090K->96K(1152K), 0.0009389 secs] 106192K->106190K(130944K), 0.0009873 secs] [Times: user=0.00 sys=0.00, real=0.00 secs] 
2014-07-10T12:34:15.023+0200: 0.521: [GC (Allocation Failure) 0.521: [ParNew: 1090K->96K(1152K), 0.0010922 secs] 107184K->107182K(130944K), 0.0011486 secs] [Times: user=0.03 sys=0.00, real=0.00 secs] 
2014-07-10T12:34:15.025+0200: 0.522: [GC (Allocation Failure) 0.522: [ParNew: 1090K->96K(1152K), 0.0010269 secs] 108177K->108175K(130944K), 0.0010749 secs] [Times: user=0.00 sys=0.00, real=0.00 secs] 
2014-07-10T12:34:15.027+0200: 0.524: [CMS-concurrent-mark: 0.003/0.015 secs] [Times: user=0.03 sys=0.00, real=0.01 secs] 
2014-07-10T12:34:15.027+0200: 0.525: [GC (Allocation Failure) 0.525: [ParNew: 1090K->96K(1152K), 0.0012062 secs] 109169K->109167K(130944K), 0.0012608 secs] [Times: user=0.00 sys=0.00, real=0.00 secs] 
2014-07-10T12:34:15.028+0200: 0.526: [CMS-concurrent-preclean-start]
2014-07-10T12:34:15.029+0200: 0.526: [GC (Allocation Failure) 0.526: [ParNew: 1090K->96K(1152K), 0.0008733 secs] 110162K->110160K(130944K), 0.0009217 secs] [Times: user=0.00 sys=0.00, real=0.00 secs] 
2014-07-10T12:34:15.030+0200: 0.527: [GC (Allocation Failure) 0.527: [ParNew: 1090K->96K(1152K), 0.0009521 secs] 111154K->111152K(130944K), 0.0010057 secs] [Times: user=0.00 sys=0.00, real=0.00 secs] 
2014-07-10T12:34:15.031+0200: 0.529: [GC (Allocation Failure) 0.529: [ParNew: 1090K->96K(1152K), 0.0016117 secs] 112146K->112144K(130944K), 0.0016861 secs] [Times: user=0.00 sys=0.00, real=0.00 secs] 
2014-07-10T12:34:15.033+0200: 0.531: [GC (Allocation Failure) 0.531: [ParNew: 1090K->96K(1152K), 0.0011802 secs] 113139K->113137K(130944K), 0.0012421 secs] [Times: user=0.00 sys=0.00, real=0.00 secs] 
2014-07-10T12:34:15.035+0200: 0.532: [CMS-concurrent-preclean: 0.001/0.007 secs] [Times: user=0.00 sys=0.00, real=0.01 secs] 
2014-07-10T12:34:15.035+0200: 0.533: [GC (Allocation Failure) 0.533: [ParNew: 1090K->96K(1152K), 0.0011222 secs] 114131K->114129K(130944K), 0.0011831 secs] [Times: user=0.00 sys=0.00, real=0.00 secs] 
2014-07-10T12:34:15.036+0200: 0.534: [GC (CMS Final Remark) [YG occupancy: 128 K (1152 K)]0.534: [Rescan (parallel) , 0.0002438 secs]0.534: [weak refs processing, 0.0000271 secs]0.534: [class unloading, 0.0004337 secs]0.535: [scrub symbol table, 0.0007285 secs]0.535: [scrub string table, 0.0002038 secs][1 CMS-remark: 114033K(129792K)] 114161K(130944K), 0.0017532 secs] [Times: user=0.00 sys=0.00, real=0.00 secs] 
2014-07-10T12:34:15.038+0200: 0.536: [CMS-concurrent-sweep-start]
2014-07-10T12:34:15.039+0200: 0.536: [GC (Allocation Failure) 0.536: [ParNew: 1090K->96K(1152K), 0.0008341 secs] 85605K->85603K(130944K), 0.0008891 secs] [Times: user=0.00 sys=0.00, real=0.00 secs] 
2014-07-10T12:34:15.040+0200: 0.537: [GC (Allocation Failure) 0.537: [ParNew: 1090K->96K(1152K), 0.0008187 secs] 57367K->57365K(130944K), 0.0008737 secs] [Times: user=0.00 sys=0.00, real=0.00 secs] 
2014-07-10T12:34:15.041+0200: 0.539: [GC (Allocation Failure) 0.539: [ParNew: 1090K->96K(1152K), 0.0007593 secs] 52277K->52275K(130944K), 0.0008227 secs] [Times: user=0.00 sys=0.00, real=0.00 secs] 
2014-07-10T12:34:15.042+0200: 0.540: [CMS-concurrent-sweep: 0.002/0.004 secs] [Times: user=0.03 sys=0.00, real=0.00 secs] 
2014-07-10T12:34:15.042+0200: 0.540: [CMS-concurrent-reset-start]
2014-07-10T12:34:15.042+0200: 0.540: [GC (Allocation Failure) 0.540: [ParNew: 1090K->96K(1152K), 0.0007494 secs] 53269K->53267K(130944K), 0.0008410 secs] [Times: user=0.00 sys=0.00, real=0.00 secs] 
2014-07-10T12:34:15.044+0200: 0.541: [GC (Allocation Failure) 0.541: [ParNew: 1090K->96K(1152K), 0.0007864 secs] 54262K->54260K(130944K), 0.0008388 secs] [Times: user=0.00 sys=0.00, real=0.00 secs] 
2014-07-10T12:34:15.045+0200: 0.543: [GC (Allocation Failure) 0.543: [ParNew: 1090K->96K(1152K), 0.0007483 secs] 55254K->55252K(130944K), 0.0007956 secs] [Times: user=0.00 sys=0.00, real=0.00 secs] 
2014-07-10T12:34:15.046+0200: 0.544: [GC (Allocation Failure) 0.544: [ParNew: 1090K->96K(1152K), 0.0007725 secs] 56247K->56245K(130944K), 0.0008297 secs] [Times: user=0.00 sys=0.00, real=0.00 secs] 
2014-07-10T12:34:15.047+0200: 0.545: [CMS-concurrent-reset: 0.001/0.005 secs] [Times: user=0.00 sys=0.00, real=0.00 secs] 
2014-07-10T12:34:15.047+0200: 0.545: [GC (Allocation Failure) 0.545: [ParNew: 1090K->96K(1152K), 0.0007857 secs] 57239K->57237K(130944K), 0.0008333 secs] [Times: user=0.00 sys=0.00, real=0.00 secs] 
2014-07-10T12:34:15.049+0200: 0.546: [GC (Allocation Failure) 0.546: [ParNew: 1090K->96K(1152K), 0.0007607 secs] 58232K->58230K(130944K), 0.0008091 secs] [Times: user=0.00 sys=0.00, real=0.00 secs] 
2014-07-10T12:34:15.050+0200: 0.547: [GC (Allocation Failure) 0.547: [ParNew: 1090K->96K(1152K), 0.0007662 secs] 59224K->59222K(130944K), 0.0008132 secs] [Times: user=0.00 sys=0.00, real=0.00 secs] 
2014-07-10T12:34:15.051+0200: 0.548: [GC (Allocation Failure) 0.548: [ParNew: 1090K->96K(1152K), 0.0007479 secs] 60217K->60215K(130944K), 0.0008044 secs] [Times: user=0.00 sys=0.00, real=0.00 secs] 
2014-07-10T12:34:15.052+0200: 0.549: [GC (Allocation Failure) 0.549: [ParNew: 1090K->96K(1152K), 0.0007688 secs] 61209K->61207K(130944K), 0.0008154 secs] [Times: user=0.00 sys=0.00, real=0.00 secs] 
2014-07-10T12:34:15.053+0200: 0.550: [GC (Allocation Failure) 0.550: [ParNew: 1090K->96K(1152K), 0.0009727 secs] 62202K->62200K(130944K), 0.0010189 secs] [Times: user=0.00 sys=0.00, real=0.00 secs] 
2014-07-10T12:34:15.054+0200: 0.552: [GC (Allocation Failure) 0.552: [ParNew: 1090K->96K(1152K), 0.0008176 secs] 63194K->63192K(130944K), 0.0008678 secs] [Times: user=0.03 sys=0.00, real=0.00 secs] 
2014-07-10T12:34:15.055+0200: 0.553: [GC (Allocation Failure) 0.553: [ParNew: 1090K->96K(1152K), 0.0012843 secs] 64187K->64185K(130944K), 0.0013367 secs] [Times: user=0.00 sys=0.00, real=0.00 secs] 
2014-07-10T12:34:15.057+0200: 0.554: [GC (Allocation Failure) 0.554: [ParNew: 1090K->96K(1152K), 0.0016659 secs] 65179K->65177K(130944K), 0.0017224 secs] [Times: user=0.00 sys=0.00, real=0.00 secs] 
2014-07-10T12:34:15.059+0200: 0.556: [GC (Allocation Failure) 0.556: [ParNew: 1098K->106K(1152K), 0.0005503 secs] 66180K->65379K(130944K), 0.0005899 secs] [Times: user=0.00 sys=0.00, real=0.00 secs] 
2014-07-10T12:34:15.060+0200: 0.557: [GC (Allocation Failure) 0.557: [ParNew: 1100K->96K(1152K), 0.0018060 secs] 66374K->66370K(130944K), 0.0018698 secs] [Times: user=0.00 sys=0.00, real=0.00 secs] 
2014-07-10T12:34:15.062+0200: 0.559: [GC (Allocation Failure) 0.560: [ParNew: 1090K->96K(1152K), 0.0018302 secs] 67364K->67362K(130944K), 0.0018911 secs] [Times: user=0.00 sys=0.00, real=0.00 secs] 
2014-07-10T12:34:15.064+0200: 0.562: [GC (Allocation Failure) 0.562: [ParNew: 1090K->96K(1152K), 0.0010365 secs] 68357K->68355K(130944K), 0.0010867 secs] [Times: user=0.00 sys=0.00, real=0.00 secs] 
2014-07-10T12:34:15.066+0200: 0.563: [GC (Allocation Failure) 0.563: [ParNew: 1090K->96K(1152K), 0.0010203 secs] 69349K->69347K(130944K), 0.0010694 secs] [Times: user=0.00 sys=0.00, real=0.00 secs] 
2014-07-10T12:34:15.067+0200: 0.564: [GC (Allocation Failure) 0.564: [ParNew: 1090K->96K(1152K), 0.0009078 secs] 70342K->70340K(130944K), 0.0009554 secs] [Times: user=0.00 sys=0.00, real=0.00 secs] 
2014-07-10T12:34:15.068+0200: 0.566: [GC (Allocation Failure) 0.566: [ParNew: 1090K->96K(1152K), 0.0010522 secs] 71334K->71332K(130944K), 0.0011002 secs] [Times: user=0.00 sys=0.00, real=0.00 secs] 
2014-07-10T12:34:15.069+0200: 0.567: [GC (Allocation Failure) 0.567: [ParNew: 1090K->96K(1152K), 0.0012902 secs] 72327K->72325K(130944K), 0.0013789 secs] [Times: user=0.00 sys=0.02, real=0.00 secs] 
2014-07-10T12:34:15.071+0200: 0.569: [GC (Allocation Failure) 0.569: [ParNew: 1090K->96K(1152K), 0.0010141 secs] 73319K->73317K(130944K), 0.0010610 secs] [Times: user=0.00 sys=0.00, real=0.00 secs] 
2014-07-10T12:34:15.072+0200: 0.570: [GC (Allocation Failure) 0.570: [ParNew: 1090K->96K(1152K), 0.0012355 secs] 74312K->74310K(130944K), 0.0012924 secs] [Times: user=0.00 sys=0.00, real=0.00 secs] 
2014-07-10T12:34:15.074+0200: 0.572: [GC (Allocation Failure) 0.572: [ParNew: 1090K->96K(1152K), 0.0009613 secs] 75304K->75302K(130944K), 0.0010137 secs] [Times: user=0.00 sys=0.00, real=0.00 secs] 
2014-07-10T12:34:15.075+0200: 0.573: [GC (Allocation Failure) 0.573: [ParNew: 1090K->96K(1152K), 0.0009301 secs] 76297K->76295K(130944K), 0.0009756 secs] [Times: user=0.00 sys=0.00, real=0.00 secs] 
2014-07-10T12:34:15.077+0200: 0.574: [GC (Allocation Failure) 0.574: [ParNew: 1090K->96K(1152K), 0.0011219 secs] 77289K->77287K(130944K), 0.0011736 secs] [Times: user=0.00 sys=0.00, real=0.00 secs] 
2014-07-10T12:34:15.078+0200: 0.576: [GC (Allocation Failure) 0.576: [ParNew: 1090K->96K(1152K), 0.0010090 secs] 78282K->78280K(130944K), 0.0010606 secs] [Times: user=0.00 sys=0.00, real=0.00 secs] 
2014-07-10T12:34:15.079+0200: 0.577: [GC (Allocation Failure) 0.577: [ParNew: 1090K->96K(1152K), 0.0009393 secs] 79274K->79272K(130944K), 0.0009881 secs] [Times: user=0.00 sys=0.00, real=0.00 secs] 
2014-07-10T12:34:15.081+0200: 0.578: [GC (Allocation Failure) 0.578: [ParNew: 1090K->96K(1152K), 0.0010500 secs] 80267K->80265K(130944K), 0.0011046 secs] [Times: user=0.00 sys=0.00, real=0.00 secs] 
2014-07-10T12:34:15.082+0200: 0.580: [GC (Allocation Failure) 0.580: [ParNew: 1090K->96K(1152K), 0.0010456 secs] 81259K->81257K(130944K), 0.0011054 secs] [Times: user=0.00 sys=0.00, real=0.00 secs] 
2014-07-10T12:34:15.083+0200: 0.581: [GC (Allocation Failure) 0.581: [ParNew: 1090K->96K(1152K), 0.0007688 secs] 82251K->82249K(130944K), 0.0008216 secs] [Times: user=0.00 sys=0.00, real=0.00 secs] 
2014-07-10T12:34:15.085+0200: 0.582: [GC (Allocation Failure) 0.582: [ParNew: 1090K->96K(1152K), 0.0007648 secs] 83244K->83242K(130944K), 0.0008113 secs] [Times: user=0.00 sys=0.00, real=0.00 secs] 
2014-07-10T12:34:15.086+0200: 0.583: [GC (Allocation Failure) 0.583: [ParNew: 1090K->96K(1152K), 0.0007549 secs] 84236K->84234K(130944K), 0.0008033 secs] [Times: user=0.00 sys=0.00, real=0.00 secs] 
2014-07-10T12:34:15.087+0200: 0.584: [GC (Allocation Failure) 0.584: [ParNew: 1090K->96K(1152K), 0.0008502 secs] 85229K->85227K(130944K), 0.0008960 secs] [Times: user=0.00 sys=0.00, real=0.00 secs] 
2014-07-10T12:34:15.088+0200: 0.585: [GC (Allocation Failure) 0.585: [ParNew: 1090K->96K(1152K), 0.0008029 secs] 86221K->86219K(130944K), 0.0008531 secs] [Times: user=0.00 sys=0.00, real=0.00 secs] 
2014-07-10T12:34:15.089+0200: 0.586: [GC (Allocation Failure) 0.586: [ParNew: 1090K->96K(1152K), 0.0007662 secs] 87214K->87212K(130944K), 0.0008073 secs] [Times: user=0.00 sys=0.00, real=0.00 secs] 
2014-07-10T12:34:15.090+0200: 0.587: [GC (Allocation Failure) 0.587: [ParNew: 1090K->96K(1152K), 0.0007530 secs] 88206K->88204K(130944K), 0.0007952 secs] [Times: user=0.00 sys=0.00, real=0.00 secs] 
2014-07-10T12:34:15.091+0200: 0.588: [GC (Allocation Failure) 0.589: [ParNew: 1090K->96K(1152K), 0.0008975 secs] 89199K->89197K(130944K), 0.0009422 secs] [Times: user=0.00 sys=0.00, real=0.00 secs] 
2014-07-10T12:34:15.092+0200: 0.590: [GC (CMS Initial Mark) [1 CMS-initial-mark: 89101K(129792K)] 89327K(130944K), 0.0001243 secs] [Times: user=0.00 sys=0.00, real=0.00 secs] 
2014-07-10T12:34:15.092+0200: 0.590: [CMS-concurrent-mark-start]
2014-07-10T12:34:15.092+0200: 0.590: [GC (Allocation Failure) 0.590: [ParNew: 1090K->96K(1152K), 0.0007765 secs] 90191K->90189K(130944K), 0.0008198 secs] [Times: user=0.00 sys=0.00, real=0.00 secs] 
2014-07-10T12:34:15.093+0200: 0.591: [GC (Allocation Failure) 0.591: [ParNew: 1090K->96K(1152K), 0.0007908 secs] 91184K->91182K(130944K), 0.0008352 secs] [Times: user=0.00 sys=0.00, real=0.00 secs] 
2014-07-10T12:34:15.095+0200: 0.592: [GC (Allocation Failure) 0.592: [ParNew: 1090K->96K(1152K), 0.0007747 secs] 92176K->92174K(130944K), 0.0008194 secs] [Times: user=0.00 sys=0.00, real=0.00 secs] 
2014-07-10T12:34:15.096+0200: 0.593: [GC (Allocation Failure) 0.593: [ParNew: 1090K->96K(1152K), 0.0007596 secs] 93169K->93167K(130944K), 0.0008011 secs] [Times: user=0.00 sys=0.00, real=0.00 secs] 
2014-07-10T12:34:15.097+0200: 0.594: [GC (Allocation Failure) 0.594: [ParNew: 1090K->96K(1152K), 0.0008476 secs] 94161K->94159K(130944K), 0.0009019 secs] [Times: user=0.00 sys=0.00, real=0.00 secs] 
2014-07-10T12:34:15.098+0200: 0.595: [GC (Allocation Failure) 0.596: [ParNew: 1090K->96K(1152K), 0.0007516 secs] 95154K->95152K(130944K), 0.0007978 secs] [Times: user=0.00 sys=0.00, real=0.00 secs] 
2014-07-10T12:34:15.099+0200: 0.597: [GC (Allocation Failure) 0.597: [ParNew: 1090K->96K(1152K), 0.0008803 secs] 96146K->96144K(130944K), 0.0009276 secs] [Times: user=0.00 sys=0.00, real=0.00 secs] 
2014-07-10T12:34:15.100+0200: 0.598: [GC (Allocation Failure) 0.598: [ParNew: 1090K->96K(1152K), 0.0007589 secs] 97139K->97137K(130944K), 0.0008040 secs] [Times: user=0.00 sys=0.00, real=0.00 secs] 
2014-07-10T12:34:15.101+0200: 0.599: [GC (Allocation Failure) 0.599: [ParNew: 1090K->96K(1152K), 0.0007340 secs] 98131K->98129K(130944K), 0.0007758 secs] [Times: user=0.03 sys=0.00, real=0.00 secs] 
2014-07-10T12:34:15.103+0200: 0.601: [CMS-concurrent-mark: 0.003/0.011 secs] [Times: user=0.03 sys=0.00, real=0.01 secs] 
2014-07-10T12:34:15.104+0200: 0.601: [GC (Allocation Failure) 0.601: [ParNew: 1090K->96K(1152K), 0.0010244 secs] 99124K->99122K(130944K), 0.0010804 secs] [Times: user=0.00 sys=0.00, real=0.00 secs] 
2014-07-10T12:34:15.105+0200: 0.602: [CMS-concurrent-preclean-start]
2014-07-10T12:34:15.105+0200: 0.603: [GC (Allocation Failure) 0.603: [ParNew: 1090K->96K(1152K), 0.0006801 secs] 100116K->100114K(130944K), 0.0007226 secs] [Times: user=0.00 sys=0.00, real=0.00 secs] 
2014-07-10T12:34:15.106+0200: 0.604: [GC (Allocation Failure) 0.604: [ParNew: 1090K->96K(1152K), 0.0007267 secs] 101109K->101107K(130944K), 0.0007695 secs] [Times: user=0.00 sys=0.00, real=0.00 secs] 
2014-07-10T12:34:15.107+0200: 0.605: [GC (Allocation Failure) 0.605: [ParNew: 1090K->96K(1152K), 0.0007659 secs] 102101K->102099K(130944K), 0.0008121 secs] [Times: user=0.00 sys=0.00, real=0.00 secs] 
2014-07-10T12:34:15.108+0200: 0.606: [GC (Allocation Failure) 0.606: [ParNew: 1090K->96K(1152K), 0.0007930 secs] 103094K->103092K(130944K), 0.0008410 secs] [Times: user=0.00 sys=0.00, real=0.00 secs] 
2014-07-10T12:34:15.109+0200: 0.607: [GC (Allocation Failure) 0.607: [ParNew: 1090K->96K(1152K), 0.0007875 secs] 104086K->104084K(130944K), 0.0008315 secs] [Times: user=0.00 sys=0.00, real=0.00 secs] 
2014-07-10T12:34:15.110+0200: 0.608: [GC (Allocation Failure) 0.608: [ParNew: 1090K->96K(1152K), 0.0008055 secs] 105079K->105077K(130944K), 0.0008498 secs] [Times: user=0.00 sys=0.00, real=0.00 secs] 
2014-07-10T12:34:15.111+0200: 0.609: [GC (Allocation Failure) 0.609: [ParNew: 1090K->96K(1152K), 0.0007923 secs] 106071K->106069K(130944K), 0.0008352 secs] [Times: user=0.00 sys=0.00, real=0.00 secs] 
2014-07-10T12:34:15.112+0200: 0.610: [GC (Allocation Failure) 0.610: [ParNew: 1090K->96K(1152K), 0.0008000 secs] 107064K->107062K(130944K), 0.0008451 secs] [Times: user=0.00 sys=0.00, real=0.00 secs] 
2014-07-10T12:34:15.113+0200: 0.611: [GC (Allocation Failure) 0.611: [ParNew: 1090K->96K(1152K), 0.0007912 secs] 108056K->108054K(130944K), 0.0008517 secs] [Times: user=0.00 sys=0.00, real=0.00 secs] 
2014-07-10T12:34:15.115+0200: 0.612: [GC (Allocation Failure) 0.612: [ParNew: 1090K->96K(1152K), 0.0007725 secs] 109049K->109047K(130944K), 0.0008165 secs] [Times: user=0.00 sys=0.00, real=0.00 secs] 
2014-07-10T12:34:15.116+0200: 0.613: [GC (Allocation Failure) 0.613: [ParNew: 1090K->96K(1152K), 0.0008051 secs] 110041K->110039K(130944K), 0.0008528 secs] [Times: user=0.00 sys=0.01, real=0.00 secs] 
2014-07-10T12:34:15.117+0200: 0.615: [CMS-concurrent-preclean: 0.001/0.012 secs] [Times: user=0.00 sys=0.01, real=0.01 secs] 
2014-07-10T12:34:15.117+0200: 0.615: [GC (Allocation Failure) 0.615: [ParNew: 1090K->96K(1152K), 0.0007809 secs] 111034K->111032K(130944K), 0.0008297 secs] [Times: user=0.00 sys=0.00, real=0.00 secs] 
2014-07-10T12:34:15.118+0200: 0.616: [GC (CMS Final Remark) [YG occupancy: 194 K (1152 K)]0.616: [Rescan (parallel) , 0.0002519 secs]0.616: [weak refs processing, 0.0000271 secs]0.616: [class unloading, 0.0003806 secs]0.617: [scrub symbol table, 0.0005782 secs]0.617: [scrub string table, 0.0001547 secs][1 CMS-remark: 110935K(129792K)] 111130K(130944K), 0.0014988 secs] [Times: user=0.00 sys=0.00, real=0.00 secs] 
2014-07-10T12:34:15.120+0200: 0.617: [CMS-concurrent-sweep-start]
2014-07-10T12:34:15.120+0200: 0.618: [GC (Allocation Failure) 0.618: [ParNew: 1090K->96K(1152K), 0.0008352 secs] 111514K->111512K(130944K), 0.0008968 secs] [Times: user=0.00 sys=0.00, real=0.00 secs] 
2014-07-10T12:34:15.121+0200: 0.619: [GC (Allocation Failure) 0.619: [ParNew: 1090K->96K(1152K), 0.0013221 secs] 112506K->112504K(130944K), 0.0013873 secs] [Times: user=0.00 sys=0.00, real=0.00 secs] 
2014-07-10T12:34:15.123+0200: 0.621: [GC (Allocation Failure) 0.621: [ParNew: 1090K->96K(1152K), 0.0011538 secs] 113499K->113497K(130944K), 0.0012095 secs] [Times: user=0.00 sys=0.00, real=0.00 secs] 
2014-07-10T12:34:15.125+0200: 0.622: [GC (Allocation Failure) 0.622: [ParNew: 1090K->96K(1152K), 0.0007080 secs] 98483K->98481K(130944K), 0.0007527 secs] [Times: user=0.00 sys=0.00, real=0.00 secs] 
2014-07-10T12:34:15.126+0200: 0.623: [GC (Allocation Failure) 0.623: [ParNew: 1090K->96K(1152K), 0.0007142 secs] 74023K->74021K(130944K), 0.0007585 secs] [Times: user=0.00 sys=0.00, real=0.00 secs] 
2014-07-10T12:34:15.127+0200: 0.624: [GC (Allocation Failure) 0.624: [ParNew: 1090K->96K(1152K), 0.0007226 secs] 52221K->52219K(130944K), 0.0007688 secs] [Times: user=0.00 sys=0.00, real=0.00 secs] 
2014-07-10T12:34:15.128+0200: 0.625: [CMS-concurrent-sweep: 0.001/0.008 secs] [Times: user=0.00 sys=0.00, real=0.01 secs] 
2014-07-10T12:34:15.128+0200: 0.625: [CMS-concurrent-reset-start]
2014-07-10T12:34:15.128+0200: 0.625: [GC (Allocation Failure) 0.625: [ParNew: 1090K->96K(1152K), 0.0007787 secs] 53213K->53211K(130944K), 0.0008223 secs] [Times: user=0.00 sys=0.00, real=0.00 secs] 
2014-07-10T12:34:15.129+0200: 0.627: [GC (Allocation Failure) 0.627: [ParNew: 1090K->96K(1152K), 0.0007340 secs] 54206K->54204K(130944K), 0.0007758 secs] [Times: user=0.00 sys=0.00, real=0.00 secs] 
2014-07-10T12:34:15.130+0200: 0.628: [GC (Allocation Failure) 0.628: [ParNew: 1090K->96K(1152K), 0.0007527 secs] 55198K->55196K(130944K), 0.0007923 secs] [Times: user=0.00 sys=0.00, real=0.00 secs] 
2014-07-10T12:34:15.131+0200: 0.629: [GC (Allocation Failure) 0.629: [ParNew: 1090K->96K(1152K), 0.0007985 secs] 56191K->56189K(130944K), 0.0008443 secs] [Times: user=0.00 sys=0.00, real=0.00 secs] 
2014-07-10T12:34:15.132+0200: 0.630: [CMS-concurrent-reset: 0.001/0.005 secs] [Times: user=0.00 sys=0.00, real=0.00 secs] 
2014-07-10T12:34:15.133+0200: 0.630: [GC (Allocation Failure) 0.630: [ParNew: 1090K->96K(1152K), 0.0011101 secs] 57183K->57181K(130944K), 0.0011684 secs] [Times: user=0.00 sys=0.00, real=0.00 secs] 
2014-07-10T12:34:15.134+0200: 0.632: [GC (Allocation Failure) 0.632: [ParNew: 1090K->96K(1152K), 0.0008773 secs] 58176K->58174K(130944K), 0.0009309 secs] [Times: user=0.00 sys=0.00, real=0.00 secs] 
2014-07-10T12:34:15.135+0200: 0.633: [GC (Allocation Failure) 0.633: [ParNew: 1090K->96K(1152K), 0.0007278 secs] 59168K->59166K(130944K), 0.0007714 secs] [Times: user=0.00 sys=0.00, real=0.00 secs] 
2014-07-10T12:34:15.136+0200: 0.634: [GC (Allocation Failure) 0.634: [ParNew: 1090K->96K(1152K), 0.0009540 secs] 60161K->60159K(130944K), 0.0010005 secs] [Times: user=0.00 sys=0.00, real=0.00 secs] 
2014-07-10T12:34:15.138+0200: 0.635: [GC (Allocation Failure) 0.635: [ParNew: 1090K->96K(1152K), 0.0007399 secs] 61153K->61151K(130944K), 0.0007809 secs] [Times: user=0.00 sys=0.00, real=0.00 secs] 
2014-07-10T12:34:15.139+0200: 0.636: [GC (Allocation Failure) 0.636: [ParNew: 1090K->96K(1152K), 0.0007611 secs] 62146K->62144K(130944K), 0.0008066 secs] [Times: user=0.00 sys=0.00, real=0.00 secs] 
2014-07-10T12:34:15.140+0200: 0.637: [GC (Allocation Failure) 0.637: [ParNew: 1090K->96K(1152K), 0.0007607 secs] 63138K->63136K(130944K), 0.0008003 secs] [Times: user=0.00 sys=0.00, real=0.00 secs] 
2014-07-10T12:34:15.141+0200: 0.638: [GC (Allocation Failure) 0.638: [ParNew: 1090K->96K(1152K), 0.0007556 secs] 64131K->64129K(130944K), 0.0007970 secs] [Times: user=0.00 sys=0.00, real=0.00 secs] 
2014-07-10T12:34:15.142+0200: 0.639: [GC (Allocation Failure) 0.639: [ParNew: 1090K->96K(1152K), 0.0007717 secs] 65123K->65121K(130944K), 0.0008132 secs] [Times: user=0.00 sys=0.00, real=0.00 secs] 
2014-07-10T12:34:15.143+0200: 0.640: [GC (Allocation Failure) 0.640: [ParNew: 1098K->106K(1152K), 0.0004590 secs] 66124K->65259K(130944K), 0.0004979 secs] [Times: user=0.00 sys=0.00, real=0.00 secs] 
2014-07-10T12:34:15.144+0200: 0.641: [GC (Allocation Failure) 0.641: [ParNew: 1100K->96K(1152K), 0.0007607 secs] 66254K->66250K(130944K), 0.0008018 secs] [Times: user=0.00 sys=0.00, real=0.00 secs] 
2014-07-10T12:34:15.145+0200: 0.642: [GC (Allocation Failure) 0.642: [ParNew: 1090K->96K(1152K), 0.0008487 secs] 67244K->67242K(130944K), 0.0008982 secs] [Times: user=0.00 sys=0.00, real=0.00 secs] 
2014-07-10T12:34:15.146+0200: 0.643: [GC (Allocation Failure) 0.643: [ParNew: 1090K->96K(1152K), 0.0008792 secs] 68237K->68235K(130944K), 0.0009239 secs] [Times: user=0.00 sys=0.00, real=0.00 secs] 
2014-07-10T12:34:15.147+0200: 0.644: [GC (Allocation Failure) 0.645: [ParNew: 1090K->96K(1152K), 0.0008289 secs] 69229K->69227K(130944K), 0.0008737 secs] [Times: user=0.03 sys=0.00, real=0.00 secs] 
2014-07-10T12:34:15.148+0200: 0.646: [GC (Allocation Failure) 0.646: [ParNew: 1090K->96K(1152K), 0.0008363 secs] 70222K->70220K(130944K), 0.0008832 secs] [Times: user=0.00 sys=0.00, real=0.00 secs] 
2014-07-10T12:34:15.149+0200: 0.647: [GC (Allocation Failure) 0.647: [ParNew: 1090K->96K(1152K), 0.0009111 secs] 71214K->71212K(130944K), 0.0009598 secs] [Times: user=0.00 sys=0.00, real=0.00 secs] 
2014-07-10T12:34:15.151+0200: 0.648: [GC (Allocation Failure) 0.648: [ParNew: 1090K->96K(1152K), 0.0009441 secs] 72207K->72205K(130944K), 0.0009950 secs] [Times: user=0.00 sys=0.00, real=0.00 secs] 
2014-07-10T12:34:15.152+0200: 0.650: [GC (Allocation Failure) 0.650: [ParNew: 1090K->96K(1152K), 0.0008018 secs] 73199K->73197K(130944K), 0.0008451 secs] [Times: user=0.00 sys=0.00, real=0.00 secs] 
2014-07-10T12:34:15.153+0200: 0.651: [GC (Allocation Failure) 0.651: [ParNew: 1090K->96K(1152K), 0.0008586 secs] 74192K->74190K(130944K), 0.0009052 secs] [Times: user=0.00 sys=0.00, real=0.00 secs] 
2014-07-10T12:34:15.154+0200: 0.652: [GC (Allocation Failure) 0.652: [ParNew: 1090K->96K(1152K), 0.0007996 secs] 75184K->75182K(130944K), 0.0008436 secs] [Times: user=0.00 sys=0.00, real=0.00 secs] 
2014-07-10T12:34:15.155+0200: 0.653: [GC (Allocation Failure) 0.653: [ParNew: 1090K->96K(1152K), 0.0007864 secs] 76177K->76175K(130944K), 0.0008293 secs] [Times: user=0.00 sys=0.00, real=0.00 secs] 
2014-07-10T12:34:15.157+0200: 0.654: [GC (Allocation Failure) 0.654: [ParNew: 1090K->96K(1152K), 0.0008205 secs] 77169K->77167K(130944K), 0.0008623 secs] [Times: user=0.00 sys=0.00, real=0.00 secs] 
2014-07-10T12:34:15.158+0200: 0.655: [GC (Allocation Failure) 0.655: [ParNew: 1090K->96K(1152K), 0.0008425 secs] 78162K->78160K(130944K), 0.0008931 secs] [Times: user=0.00 sys=0.00, real=0.00 secs] 
2014-07-10T12:34:15.159+0200: 0.656: [GC (Allocation Failure) 0.656: [ParNew: 1090K->96K(1152K), 0.0008289 secs] 79154K->79152K(130944K), 0.0008704 secs] [Times: user=0.00 sys=0.00, real=0.00 secs] 
2014-07-10T12:34:15.160+0200: 0.657: [GC (Allocation Failure) 0.657: [ParNew: 1090K->96K(1152K), 0.0008297 secs] 80146K->80144K(130944K), 0.0008718 secs] [Times: user=0.00 sys=0.00, real=0.00 secs] 
2014-07-10T12:34:15.161+0200: 0.658: [GC (Allocation Failure) 0.658: [ParNew: 1090K->96K(1152K), 0.0008205 secs] 81139K->81137K(130944K), 0.0008623 secs] [Times: user=0.00 sys=0.00, real=0.00 secs] 
2014-07-10T12:34:15.162+0200: 0.660: [GC (Allocation Failure) 0.660: [ParNew: 1090K->96K(1152K), 0.0008619 secs] 82131K->82129K(130944K), 0.0009041 secs] [Times: user=0.00 sys=0.00, real=0.00 secs] 
2014-07-10T12:34:15.163+0200: 0.661: [GC (Allocation Failure) 0.661: [ParNew: 1090K->96K(1152K), 0.0008289 secs] 83124K->83122K(130944K), 0.0008704 secs] [Times: user=0.03 sys=0.00, real=0.00 secs] 
2014-07-10T12:34:15.164+0200: 0.662: [GC (Allocation Failure) 0.662: [ParNew: 1090K->96K(1152K), 0.0008715 secs] 84116K->84114K(130944K), 0.0009276 secs] [Times: user=0.00 sys=0.00, real=0.00 secs] 
2014-07-10T12:34:15.165+0200: 0.663: [GC (Allocation Failure) 0.663: [ParNew: 1090K->96K(1152K), 0.0008374 secs] 85109K->85107K(130944K), 0.0008803 secs] [Times: user=0.00 sys=0.00, real=0.00 secs] 
2014-07-10T12:34:15.167+0200: 0.664: [GC (Allocation Failure) 0.664: [ParNew: 1090K->96K(1152K), 0.0008300 secs] 86101K->86099K(130944K), 0.0008704 secs] [Times: user=0.00 sys=0.00, real=0.00 secs] 
2014-07-10T12:34:15.168+0200: 0.665: [GC (Allocation Failure) 0.665: [ParNew: 1090K->96K(1152K), 0.0008190 secs] 87094K->87092K(130944K), 0.0008663 secs] [Times: user=0.00 sys=0.00, real=0.00 secs] 
2014-07-10T12:34:15.169+0200: 0.666: [GC (Allocation Failure) 0.666: [ParNew: 1090K->96K(1152K), 0.0008176 secs] 88086K->88084K(130944K), 0.0008608 secs] [Times: user=0.00 sys=0.00, real=0.00 secs] 
2014-07-10T12:34:15.170+0200: 0.667: [GC (Allocation Failure) 0.667: [ParNew: 1090K->96K(1152K), 0.0010614 secs] 89079K->89077K(130944K), 0.0011061 secs] [Times: user=0.00 sys=0.00, real=0.00 secs] 
2014-07-10T12:34:15.171+0200: 0.669: [GC (CMS Initial Mark) [1 CMS-initial-mark: 88981K(129792K)] 89207K(130944K), 0.0001236 secs] [Times: user=0.00 sys=0.00, real=0.00 secs] 
2014-07-10T12:34:15.171+0200: 0.669: [CMS-concurrent-mark-start]
2014-07-10T12:34:15.171+0200: 0.669: [GC (Allocation Failure) 0.669: [ParNew: 1090K->96K(1152K), 0.0008282 secs] 90071K->90069K(130944K), 0.0008733 secs] [Times: user=0.00 sys=0.00, real=0.00 secs] 
2014-07-10T12:34:15.172+0200: 0.670: [GC (Allocation Failure) 0.670: [ParNew: 1090K->96K(1152K), 0.0008084 secs] 91064K->91062K(130944K), 0.0008491 secs] [Times: user=0.00 sys=0.00, real=0.00 secs] 
2014-07-10T12:34:15.174+0200: 0.671: [GC (Allocation Failure) 0.671: [ParNew: 1090K->96K(1152K), 0.0008293 secs] 92056K->92054K(130944K), 0.0008707 secs] [Times: user=0.00 sys=0.00, real=0.00 secs] 
2014-07-10T12:34:15.175+0200: 0.672: [GC (Allocation Failure) 0.672: [ParNew: 1090K->96K(1152K), 0.0008212 secs] 93049K->93047K(130944K), 0.0008660 secs] [Times: user=0.00 sys=0.00, real=0.00 secs] 
2014-07-10T12:34:15.176+0200: 0.674: [GC (Allocation Failure) 0.674: [ParNew: 1090K->96K(1152K), 0.0009173 secs] 94041K->94039K(130944K), 0.0009690 secs] [Times: user=0.00 sys=0.00, real=0.00 secs] 
2014-07-10T12:34:15.177+0200: 0.675: [GC (Allocation Failure) 0.675: [ParNew: 1090K->96K(1152K), 0.0007838 secs] 95034K->95032K(130944K), 0.0008264 secs] [Times: user=0.00 sys=0.00, real=0.00 secs] 
2014-07-10T12:34:15.178+0200: 0.676: [GC (Allocation Failure) 0.676: [ParNew: 1090K->96K(1152K), 0.0007868 secs] 96026K->96024K(130944K), 0.0008311 secs] [Times: user=0.00 sys=0.00, real=0.00 secs] 
2014-07-10T12:34:15.179+0200: 0.677: [GC (Allocation Failure) 0.677: [ParNew: 1090K->96K(1152K), 0.0008832 secs] 97019K->97017K(130944K), 0.0009312 secs] [Times: user=0.03 sys=0.00, real=0.00 secs] 
2014-07-10T12:34:15.182+0200: 0.679: [CMS-concurrent-mark: 0.003/0.011 secs] [Times: user=0.03 sys=0.00, real=0.01 secs] 
2014-07-10T12:34:15.182+0200: 0.680: [GC (Allocation Failure) 0.680: [ParNew: 1090K->96K(1152K), 0.0012418 secs] 98011K->98009K(130944K), 0.0013015 secs] [Times: user=0.00 sys=0.00, real=0.00 secs] 
2014-07-10T12:34:15.183+0200: 0.681: [CMS-concurrent-preclean-start]
2014-07-10T12:34:15.184+0200: 0.681: [GC (Allocation Failure) 0.681: [ParNew: 1090K->96K(1152K), 0.0007215 secs] 99004K->99002K(130944K), 0.0007651 secs] [Times: user=0.00 sys=0.00, real=0.00 secs] 
2014-07-10T12:34:15.185+0200: 0.682: [GC (Allocation Failure) 0.682: [ParNew: 1090K->96K(1152K), 0.0007541 secs] 99996K->99994K(130944K), 0.0007985 secs] [Times: user=0.00 sys=0.00, real=0.00 secs] 
2014-07-10T12:34:15.186+0200: 0.683: [CMS-concurrent-preclean: 0.001/0.002 secs] [Times: user=0.00 sys=0.00, real=0.00 secs] 
2014-07-10T12:34:15.186+0200: 0.683: [GC (Allocation Failure) 0.683: [ParNew: 1090K->96K(1152K), 0.0008429 secs] 100989K->100987K(130944K), 0.0008913 secs] [Times: user=0.00 sys=0.00, real=0.00 secs] 
2014-07-10T12:34:15.187+0200: 0.685: [GC (Allocation Failure) 0.685: [ParNew: 1090K->96K(1152K), 0.0008520 secs] 101981K->101979K(130944K), 0.0009026 secs] [Times: user=0.00 sys=0.00, real=0.00 secs] 
2014-07-10T12:34:15.188+0200: 0.686: [GC (CMS Final Remark) [YG occupancy: 226 K (1152 K)]0.686: [Rescan (parallel) , 0.0002258 secs]0.686: [weak refs processing, 0.0000257 secs]0.686: [class unloading, 0.0004051 secs]0.686: [scrub symbol table, 0.0005503 secs]0.687: [scrub string table, 0.0001620 secs][1 CMS-remark: 101883K(129792K)] 102109K(130944K), 0.0014647 secs] [Times: user=0.00 sys=0.00, real=0.00 secs] 
2014-07-10T12:34:15.190+0200: 0.687: [CMS-concurrent-sweep-start]
2014-07-10T12:34:15.190+0200: 0.687: [GC (Allocation Failure) 0.687: [ParNew: 1090K->96K(1152K), 0.0008509 secs] 102493K->102491K(130944K), 0.0008975 secs] [Times: user=0.00 sys=0.00, real=0.00 secs] 
2014-07-10T12:34:15.191+0200: 0.689: [GC (Allocation Failure) 0.689: [ParNew: 1090K->96K(1152K), 0.0007516 secs] 82420K->82418K(130944K), 0.0007963 secs] [Times: user=0.00 sys=0.00, real=0.00 secs] 
2014-07-10T12:34:15.192+0200: 0.690: [GC (Allocation Failure) 0.690: [ParNew: 1090K->96K(1152K), 0.0007948 secs] 60553K->60551K(130944K), 0.0008359 secs] [Times: user=0.00 sys=0.00, real=0.00 secs] 
2014-07-10T12:34:15.193+0200: 0.691: [GC (Allocation Failure) 0.691: [ParNew: 1090K->96K(1152K), 0.0008898 secs] 56679K->56677K(130944K), 0.0009360 secs] [Times: user=0.00 sys=0.00, real=0.00 secs] 
2014-07-10T12:34:15.194+0200: 0.692: [GC (Allocation Failure) 0.692: [ParNew: 1090K->96K(1152K), 0.0008663 secs] 42336K->42334K(130944K), 0.0009129 secs] [Times: user=0.03 sys=0.00, real=0.00 secs] 
2014-07-10T12:34:15.195+0200: 0.693: [CMS-concurrent-sweep: 0.001/0.006 secs] [Times: user=0.03 sys=0.00, real=0.00 secs] 
2014-07-10T12:34:15.195+0200: 0.693: [CMS-concurrent-reset-start]
2014-07-10T12:34:15.196+0200: 0.693: [GC (Allocation Failure) 0.693: [ParNew: 1090K->96K(1152K), 0.0008344 secs] 43232K->43230K(130944K), 0.0008762 secs] [Times: user=0.00 sys=0.00, real=0.00 secs] 
2014-07-10T12:34:15.197+0200: 0.694: [GC (Allocation Failure) 0.694: [ParNew: 1090K->96K(1152K), 0.0008583 secs] 44225K->44223K(130944K), 0.0009012 secs] [Times: user=0.00 sys=0.00, real=0.00 secs] 
2014-07-10T12:34:15.198+0200: 0.696: [GC (Allocation Failure) 0.696: [ParNew: 1090K->96K(1152K), 0.0008641 secs] 45217K->45215K(130944K), 0.0009074 secs] [Times: user=0.00 sys=0.00, real=0.00 secs] 
2014-07-10T12:34:15.199+0200: 0.697: [GC (Allocation Failure) 0.697: [ParNew: 1090K->96K(1152K), 0.0008762 secs] 46210K->46208K(130944K), 0.0009287 secs] [Times: user=0.00 sys=0.00, real=0.00 secs] 
2014-07-10T12:34:15.201+0200: 0.698: [CMS-concurrent-reset: 0.001/0.005 secs] [Times: user=0.00 sys=0.00, real=0.01 secs] 
2014-07-10T12:34:15.201+0200: 0.698: [GC (Allocation Failure) 0.698: [ParNew: 1090K->96K(1152K), 0.0009353 secs] 47202K->47200K(130944K), 0.0009844 secs] [Times: user=0.00 sys=0.00, real=0.00 secs] 
2014-07-10T12:34:15.202+0200: 0.700: [GC (Allocation Failure) 0.700: [ParNew: 1090K->96K(1152K), 0.0009096 secs] 48195K->48193K(130944K), 0.0009569 secs] [Times: user=0.00 sys=0.00, real=0.00 secs] 
2014-07-10T12:34:15.203+0200: 0.701: [GC (Allocation Failure) 0.701: [ParNew: 1090K->96K(1152K), 0.0009657 secs] 49187K->49185K(130944K), 0.0010152 secs] [Times: user=0.00 sys=0.00, real=0.00 secs] 
2014-07-10T12:34:15.204+0200: 0.702: [GC (Allocation Failure) 0.702: [ParNew: 1090K->96K(1152K), 0.0008135 secs] 50180K->50178K(130944K), 0.0008531 secs] [Times: user=0.00 sys=0.00, real=0.00 secs] 
2014-07-10T12:34:15.206+0200: 0.703: [GC (Allocation Failure) 0.703: [ParNew: 1090K->96K(1152K), 0.0008223 secs] 51172K->51170K(130944K), 0.0008623 secs] [Times: user=0.00 sys=0.00, real=0.00 secs] 
2014-07-10T12:34:15.207+0200: 0.704: [GC (Allocation Failure) 0.704: [ParNew: 1090K->96K(1152K), 0.0008451 secs] 52165K->52163K(130944K), 0.0008872 secs] [Times: user=0.00 sys=0.00, real=0.00 secs] 
2014-07-10T12:34:15.208+0200: 0.705: [GC (Allocation Failure) 0.705: [ParNew: 1090K->96K(1152K), 0.0008927 secs] 53157K->53155K(130944K), 0.0009485 secs] [Times: user=0.00 sys=0.00, real=0.00 secs] 
2014-07-10T12:34:15.209+0200: 0.706: [GC (Allocation Failure) 0.706: [ParNew: 1090K->96K(1152K), 0.0008861 secs] 54150K->54148K(130944K), 0.0009257 secs] [Times: user=0.00 sys=0.00, real=0.00 secs] 
2014-07-10T12:34:15.210+0200: 0.708: [GC (Allocation Failure) 0.708: [ParNew: 1090K->96K(1152K), 0.0009947 secs] 55142K->55140K(130944K), 0.0010467 secs] [Times: user=0.03 sys=0.00, real=0.00 secs] 
2014-07-10T12:34:15.211+0200: 0.709: [GC (Allocation Failure) 0.709: [ParNew: 1090K->96K(1152K), 0.0008542 secs] 56135K->56133K(130944K), 0.0008964 secs] [Times: user=0.00 sys=0.00, real=0.00 secs] 
2014-07-10T12:34:15.212+0200: 0.710: [GC (Allocation Failure) 0.710: [ParNew: 1090K->96K(1152K), 0.0008293 secs] 57127K->57125K(130944K), 0.0008696 secs] [Times: user=0.00 sys=0.00, real=0.00 secs] 
2014-07-10T12:34:15.214+0200: 0.711: [GC (Allocation Failure) 0.711: [ParNew: 1090K->96K(1152K), 0.0008447 secs] 58120K->58118K(130944K), 0.0008854 secs] [Times: user=0.00 sys=0.00, real=0.00 secs] 
2014-07-10T12:34:15.215+0200: 0.712: [GC (Allocation Failure) 0.712: [ParNew: 1090K->96K(1152K), 0.0008682 secs] 59112K->59110K(130944K), 0.0009129 secs] [Times: user=0.00 sys=0.00, real=0.00 secs] 
2014-07-10T12:34:15.216+0200: 0.713: [GC (Allocation Failure) 0.713: [ParNew: 1090K->96K(1152K), 0.0009309 secs] 60105K->60103K(130944K), 0.0009818 secs] [Times: user=0.00 sys=0.00, real=0.00 secs] 
2014-07-10T12:34:15.217+0200: 0.714: [GC (Allocation Failure) 0.714: [ParNew: 1090K->96K(1152K), 0.0008583 secs] 61097K->61095K(130944K), 0.0009001 secs] [Times: user=0.00 sys=0.00, real=0.00 secs] 
2014-07-10T12:34:15.218+0200: 0.716: [GC (Allocation Failure) 0.716: [ParNew: 1090K->96K(1152K), 0.0008480 secs] 62090K->62088K(130944K), 0.0008909 secs] [Times: user=0.00 sys=0.00, real=0.00 secs] 
2014-07-10T12:34:15.219+0200: 0.717: [GC (Allocation Failure) 0.717: [ParNew: 1090K->96K(1152K), 0.0008520 secs] 63082K->63080K(130944K), 0.0008942 secs] [Times: user=0.00 sys=0.00, real=0.00 secs] 
2014-07-10T12:34:15.220+0200: 0.718: [GC (Allocation Failure) 0.718: [ParNew: 1090K->96K(1152K), 0.0008792 secs] 64075K->64073K(130944K), 0.0009217 secs] [Times: user=0.00 sys=0.00, real=0.00 secs] 
2014-07-10T12:34:15.222+0200: 0.719: [GC (Allocation Failure) 0.719: [ParNew: 1090K->96K(1152K), 0.0008333 secs] 65067K->65065K(130944K), 0.0008733 secs] [Times: user=0.00 sys=0.00, real=0.00 secs] 
2014-07-10T12:34:15.223+0200: 0.720: [GC (Allocation Failure) 0.720: [ParNew: 1098K->106K(1152K), 0.0004319 secs] 66068K->65139K(130944K), 0.0004711 secs] [Times: user=0.00 sys=0.00, real=0.00 secs] 
2014-07-10T12:34:15.223+0200: 0.721: [GC (Allocation Failure) 0.721: [ParNew: 1100K->96K(1152K), 0.0008066 secs] 66134K->66130K(130944K), 0.0008469 secs] [Times: user=0.00 sys=0.00, real=0.00 secs] 
2014-07-10T12:34:15.224+0200: 0.722: [GC (Allocation Failure) 0.722: [ParNew: 1090K->96K(1152K), 0.0008627 secs] 67124K->67122K(130944K), 0.0009048 secs] [Times: user=0.00 sys=0.00, real=0.00 secs] 
2014-07-10T12:34:15.226+0200: 0.723: [GC (Allocation Failure) 0.723: [ParNew: 1090K->96K(1152K), 0.0009393 secs] 68117K->68115K(130944K), 0.0009906 secs] [Times: user=0.00 sys=0.00, real=0.00 secs] 
2014-07-10T12:34:15.227+0200: 0.725: [GC (Allocation Failure) 0.725: [ParNew: 1090K->96K(1152K), 0.0008003 secs] 69109K->69107K(130944K), 0.0008407 secs] [Times: user=0.00 sys=0.00, real=0.00 secs] 
2014-07-10T12:34:15.228+0200: 0.726: [GC (Allocation Failure) 0.726: [ParNew: 1090K->96K(1152K), 0.0008253 secs] 70102K->70100K(130944K), 0.0008707 secs] [Times: user=0.00 sys=0.00, real=0.00 secs] 
2014-07-10T12:34:15.229+0200: 0.727: [GC (Allocation Failure) 0.727: [ParNew: 1090K->96K(1152K), 0.0008660 secs] 71094K->71092K(130944K), 0.0009078 secs] [Times: user=0.00 sys=0.00, real=0.00 secs] 
2014-07-10T12:34:15.230+0200: 0.728: [GC (Allocation Failure) 0.728: [ParNew: 1090K->96K(1152K), 0.0008546 secs] 72087K->72085K(130944K), 0.0008993 secs] [Times: user=0.00 sys=0.00, real=0.00 secs] 
2014-07-10T12:34:15.232+0200: 0.729: [GC (Allocation Failure) 0.729: [ParNew: 1090K->96K(1152K), 0.0008891 secs] 73079K->73077K(130944K), 0.0009419 secs] [Times: user=0.00 sys=0.00, real=0.00 secs] 
2014-07-10T12:34:15.233+0200: 0.730: [GC (Allocation Failure) 0.730: [ParNew: 1090K->96K(1152K), 0.0009785 secs] 74072K->74070K(130944K), 0.0010339 secs] [Times: user=0.00 sys=0.00, real=0.00 secs] 
2014-07-10T12:34:15.234+0200: 0.732: [GC (Allocation Failure) 0.732: [ParNew: 1090K->96K(1152K), 0.0008737 secs] 75064K->75062K(130944K), 0.0009228 secs] [Times: user=0.00 sys=0.00, real=0.00 secs] 
2014-07-10T12:34:15.235+0200: 0.733: [GC (Allocation Failure) 0.733: [ParNew: 1090K->96K(1152K), 0.0008363 secs] 76057K->76055K(130944K), 0.0008872 secs] [Times: user=0.00 sys=0.00, real=0.00 secs] 
2014-07-10T12:34:15.237+0200: 0.734: [GC (Allocation Failure) 0.734: [ParNew: 1090K->96K(1152K), 0.0009873 secs] 77049K->77047K(130944K), 0.0010471 secs] [Times: user=0.00 sys=0.00, real=0.00 secs] 
2014-07-10T12:34:15.238+0200: 0.736: [GC (Allocation Failure) 0.736: [ParNew: 1090K->96K(1152K), 0.0008619 secs] 78042K->78040K(130944K), 0.0009140 secs] [Times: user=0.00 sys=0.00, real=0.00 secs] 
2014-07-10T12:34:15.239+0200: 0.737: [GC (Allocation Failure) 0.737: [ParNew: 1090K->96K(1152K), 0.0008036 secs] 79034K->79032K(130944K), 0.0008473 secs] [Times: user=0.00 sys=0.00, real=0.00 secs] 
2014-07-10T12:34:15.240+0200: 0.738: [GC (Allocation Failure) 0.738: [ParNew: 1090K->96K(1152K), 0.0008139 secs] 80026K->80024K(130944K), 0.0008564 secs] [Times: user=0.00 sys=0.00, real=0.00 secs] 
2014-07-10T12:34:15.241+0200: 0.739: [GC (Allocation Failure) 0.739: [ParNew: 1090K->96K(1152K), 0.0008656 secs] 81019K->81017K(130944K), 0.0009144 secs] [Times: user=0.03 sys=0.00, real=0.00 secs] 
2014-07-10T12:34:15.242+0200: 0.740: [GC (Allocation Failure) 0.740: [ParNew: 1090K->96K(1152K), 0.0008359 secs] 82011K->82009K(130944K), 0.0008858 secs] [Times: user=0.00 sys=0.00, real=0.00 secs] 
2014-07-10T12:34:15.244+0200: 0.741: [GC (Allocation Failure) 0.741: [ParNew: 1090K->96K(1152K), 0.0008187 secs] 83004K->83002K(130944K), 0.0008597 secs] [Times: user=0.00 sys=0.00, real=0.00 secs] 
2014-07-10T12:34:15.245+0200: 0.742: [GC (Allocation Failure) 0.742: [ParNew: 1090K->96K(1152K), 0.0009925 secs] 83996K->83994K(130944K), 0.0010383 secs] [Times: user=0.00 sys=0.00, real=0.00 secs] 
2014-07-10T12:34:15.246+0200: 0.743: [GC (Allocation Failure) 0.743: [ParNew: 1090K->96K(1152K), 0.0008590 secs] 84989K->84987K(130944K), 0.0009078 secs] [Times: user=0.00 sys=0.00, real=0.00 secs] 
2014-07-10T12:34:15.247+0200: 0.745: [GC (Allocation Failure) 0.745: [ParNew: 1090K->96K(1152K), 0.0008502 secs] 85981K->85979K(130944K), 0.0008938 secs] [Times: user=0.00 sys=0.00, real=0.00 secs] 
2014-07-10T12:34:15.248+0200: 0.746: [GC (Allocation Failure) 0.746: [ParNew: 1090K->96K(1152K), 0.0008623 secs] 86974K->86972K(130944K), 0.0009059 secs] [Times: user=0.00 sys=0.00, real=0.00 secs] 
2014-07-10T12:34:15.249+0200: 0.747: [GC (Allocation Failure) 0.747: [ParNew: 1090K->96K(1152K), 0.0009870 secs] 87966K->87964K(130944K), 0.0010387 secs] [Times: user=0.00 sys=0.00, real=0.00 secs] 
2014-07-10T12:34:15.251+0200: 0.748: [GC (Allocation Failure) 0.748: [ParNew: 1090K->96K(1152K), 0.0009004 secs] 88959K->88957K(130944K), 0.0009543 secs] [Times: user=0.00 sys=0.00, real=0.00 secs] 
2014-07-10T12:34:15.252+0200: 0.749: [GC (Allocation Failure) 0.749: [ParNew: 1090K->96K(1152K), 0.0008168 secs] 89951K->89949K(130944K), 0.0008645 secs] [Times: user=0.00 sys=0.00, real=0.00 secs] 
2014-07-10T12:34:15.253+0200: 0.750: [GC (Allocation Failure) 0.750: [ParNew: 1090K->96K(1152K), 0.0010273 secs] 90944K->90942K(130944K), 0.0010845 secs] [Times: user=0.00 sys=0.00, real=0.00 secs] 
2014-07-10T12:34:15.254+0200: 0.752: [GC (Allocation Failure) 0.752: [ParNew: 1090K->96K(1152K), 0.0008374 secs] 91936K->91934K(130944K), 0.0008850 secs] [Times: user=0.00 sys=0.00, real=0.00 secs] 
2014-07-10T12:34:15.255+0200: 0.753: [GC (Allocation Failure) 0.753: [ParNew: 1090K->96K(1152K), 0.0008091 secs] 92929K->92927K(130944K), 0.0008575 secs] [Times: user=0.00 sys=0.00, real=0.00 secs] 
2014-07-10T12:34:15.256+0200: 0.754: [GC (Allocation Failure) 0.754: [ParNew: 1090K->96K(1152K), 0.0008161 secs] 93921K->93919K(130944K), 0.0008711 secs] [Times: user=0.00 sys=0.00, real=0.00 secs] 
2014-07-10T12:34:15.258+0200: 0.755: [GC (Allocation Failure) 0.755: [ParNew: 1090K->96K(1152K), 0.0008656 secs] 94914K->94912K(130944K), 0.0009136 secs] [Times: user=0.00 sys=0.00, real=0.00 secs] 
2014-07-10T12:34:15.259+0200: 0.756: [GC (Allocation Failure) 0.756: [ParNew: 1090K->96K(1152K), 0.0008128 secs] 95906K->95904K(130944K), 0.0008597 secs] [Times: user=0.00 sys=0.00, real=0.00 secs] 
2014-07-10T12:34:15.260+0200: 0.757: [GC (CMS Initial Mark) [1 CMS-initial-mark: 95808K(129792K)] 96034K(130944K), 0.0001195 secs] [Times: user=0.00 sys=0.00, real=0.00 secs] 
2014-07-10T12:34:15.260+0200: 0.757: [CMS-concurrent-mark-start]
2014-07-10T12:34:15.260+0200: 0.758: [GC (Allocation Failure) 0.758: [ParNew: 1090K->96K(1152K), 0.0008553 secs] 96899K->96897K(130944K), 0.0009001 secs] [Times: user=0.00 sys=0.00, real=0.00 secs] 
2014-07-10T12:34:15.261+0200: 0.759: [GC (Allocation Failure) 0.759: [ParNew: 1090K->96K(1152K), 0.0008476 secs] 97891K->97889K(130944K), 0.0008916 secs] [Times: user=0.00 sys=0.00, real=0.00 secs] 
2014-07-10T12:34:15.262+0200: 0.760: [GC (Allocation Failure) 0.760: [ParNew: 1090K->96K(1152K), 0.0008451 secs] 98884K->98882K(130944K), 0.0008865 secs] [Times: user=0.00 sys=0.00, real=0.00 secs] 
2014-07-10T12:34:15.264+0200: 0.761: [GC (Allocation Failure) 0.761: [ParNew: 1090K->96K(1152K), 0.0008509 secs] 99876K->99874K(130944K), 0.0008931 secs] [Times: user=0.00 sys=0.00, real=0.00 secs] 
2014-07-10T12:34:15.265+0200: 0.762: [GC (Allocation Failure) 0.762: [ParNew: 1090K->96K(1152K), 0.0008359 secs] 100869K->100867K(130944K), 0.0008817 secs] [Times: user=0.00 sys=0.00, real=0.00 secs] 
2014-07-10T12:34:15.266+0200: 0.763: [GC (Allocation Failure) 0.763: [ParNew: 1090K->96K(1152K), 0.0010071 secs] 101861K->101859K(130944K), 0.0010562 secs] [Times: user=0.00 sys=0.00, real=0.00 secs] 
2014-07-10T12:34:15.267+0200: 0.765: [GC (Allocation Failure) 0.765: [ParNew: 1090K->96K(1152K), 0.0007794 secs] 102854K->102852K(130944K), 0.0008231 secs] [Times: user=0.00 sys=0.00, real=0.00 secs] 
2014-07-10T12:34:15.268+0200: 0.766: [GC (Allocation Failure) 0.766: [ParNew: 1090K->96K(1152K), 0.0008330 secs] 103846K->103844K(130944K), 0.0008942 secs] [Times: user=0.00 sys=0.00, real=0.00 secs] 
2014-07-10T12:34:15.270+0200: 0.767: [GC (Allocation Failure) 0.767: [ParNew: 1090K->96K(1152K), 0.0008106 secs] 104839K->104837K(130944K), 0.0008755 secs] [Times: user=0.00 sys=0.00, real=0.00 secs] 
2014-07-10T12:34:15.272+0200: 0.769: [CMS-concurrent-mark: 0.003/0.012 secs] [Times: user=0.00 sys=0.00, real=0.01 secs] 
2014-07-10T12:34:15.272+0200: 0.769: [GC (Allocation Failure) 0.769: [ParNew: 1090K->96K(1152K), 0.0013968 secs] 105831K->105829K(130944K), 0.0014614 secs] [Times: user=0.03 sys=0.00, real=0.00 secs] 
2014-07-10T12:34:15.273+0200: 0.771: [CMS-concurrent-preclean-start]
2014-07-10T12:34:15.274+0200: 0.771: [GC (Allocation Failure) 0.771: [ParNew: 1090K->96K(1152K), 0.0008080 secs] 106824K->106822K(130944K), 0.0008550 secs] [Times: user=0.00 sys=0.00, real=0.00 secs] 
2014-07-10T12:34:15.275+0200: 0.772: [GC (Allocation Failure) 0.772: [ParNew: 1090K->96K(1152K), 0.0007816 secs] 107816K->107814K(130944K), 0.0008253 secs] [Times: user=0.00 sys=0.00, real=0.00 secs] 
2014-07-10T12:34:15.276+0200: 0.773: [GC (Allocation Failure) 0.773: [ParNew: 1090K->96K(1152K), 0.0008227 secs] 108809K->108807K(130944K), 0.0008722 secs] [Times: user=0.00 sys=0.00, real=0.00 secs] 
2014-07-10T12:34:15.277+0200: 0.774: [GC (Allocation Failure) 0.774: [ParNew: 1090K->96K(1152K), 0.0008227 secs] 109801K->109799K(130944K), 0.0008682 secs] [Times: user=0.00 sys=0.00, real=0.00 secs] 
2014-07-10T12:34:15.278+0200: 0.776: [GC (Allocation Failure) 0.776: [ParNew: 1090K->96K(1152K), 0.0008469 secs] 110793K->110791K(130944K), 0.0009052 secs] [Times: user=0.00 sys=0.00, real=0.00 secs] 
2014-07-10T12:34:15.279+0200: 0.777: [GC (Allocation Failure) 0.777: [ParNew: 1090K->96K(1152K), 0.0008421 secs] 111786K->111784K(130944K), 0.0008850 secs] [Times: user=0.00 sys=0.00, real=0.00 secs] 
2014-07-10T12:34:15.280+0200: 0.778: [GC (Allocation Failure) 0.778: [ParNew: 1090K->96K(1152K), 0.0008278 secs] 112778K->112776K(130944K), 0.0008704 secs] [Times: user=0.00 sys=0.00, real=0.00 secs] 
2014-07-10T12:34:15.281+0200: 0.779: [GC (Allocation Failure) 0.779: [ParNew: 1090K->96K(1152K), 0.0008473 secs] 113771K->113769K(130944K), 0.0008898 secs] [Times: user=0.00 sys=0.00, real=0.00 secs] 
2014-07-10T12:34:15.282+0200: 0.780: [GC (Allocation Failure) 0.780: [ParNew: 1090K->96K(1152K), 0.0009129 secs] 114763K->114761K(130944K), 0.0009664 secs] [Times: user=0.00 sys=0.00, real=0.00 secs] 
2014-07-10T12:34:15.284+0200: 0.781: [GC (Allocation Failure) 0.781: [ParNew: 1090K->96K(1152K), 0.0008773 secs] 115756K->115754K(130944K), 0.0009327 secs] [Times: user=0.00 sys=0.00, real=0.00 secs] 
2014-07-10T12:34:15.285+0200: 0.782: [GC (Allocation Failure) 0.782: [ParNew: 1090K->96K(1152K), 0.0008528 secs] 116748K->116746K(130944K), 0.0009037 secs] [Times: user=0.00 sys=0.00, real=0.00 secs] 
2014-07-10T12:34:15.286+0200: 0.784: [GC (Allocation Failure) 0.784: [ParNew: 1090K->96K(1152K), 0.0008755 secs] 117741K->117739K(130944K), 0.0009254 secs] [Times: user=0.00 sys=0.00, real=0.00 secs] 
2014-07-10T12:34:15.287+0200: 0.785: [GC (Allocation Failure) 0.785: [ParNew: 1090K->96K(1152K), 0.0008337 secs] 118733K->118731K(130944K), 0.0008836 secs] [Times: user=0.00 sys=0.00, real=0.00 secs] 
2014-07-10T12:34:15.288+0200: 0.786: [GC (Allocation Failure) 0.786: [ParNew: 1090K->96K(1152K), 0.0008003 secs] 119726K->119724K(130944K), 0.0008480 secs] [Times: user=0.03 sys=0.00, real=0.00 secs] 
2014-07-10T12:34:15.289+0200: 0.787: [GC (Allocation Failure) 0.787: [ParNew: 1090K->96K(1152K), 0.0008429 secs] 120718K->120716K(130944K), 0.0008931 secs] [Times: user=0.00 sys=0.00, real=0.00 secs] 
2014-07-10T12:34:15.291+0200: 0.788: [GC (Allocation Failure) 0.788: [ParNew: 1090K->96K(1152K), 0.0008685 secs] 121711K->121709K(130944K), 0.0009221 secs] [Times: user=0.00 sys=0.00, real=0.00 secs] 
2014-07-10T12:34:15.292+0200: 0.789: [GC (Allocation Failure) 0.789: [ParNew: 1090K->96K(1152K), 0.0009184 secs] 122703K->122701K(130944K), 0.0009672 secs] [Times: user=0.00 sys=0.00, real=0.00 secs] 
2014-07-10T12:34:15.293+0200: 0.791: [GC (Allocation Failure) 0.791: [ParNew: 1090K->96K(1152K), 0.0008693 secs] 123696K->123694K(130944K), 0.0009162 secs] [Times: user=0.00 sys=0.00, real=0.00 secs] 
2014-07-10T12:34:15.294+0200: 0.792: [GC (Allocation Failure) 0.792: [ParNew: 1090K->96K(1152K), 0.0008506 secs] 124688K->124686K(130944K), 0.0008960 secs] [Times: user=0.00 sys=0.00, real=0.00 secs] 
2014-07-10T12:34:15.295+0200: 0.793: [GC (Allocation Failure) 0.793: [ParNew: 1090K->96K(1152K), 0.0008388 secs] 125681K->125679K(130944K), 0.0008854 secs] [Times: user=0.00 sys=0.00, real=0.00 secs] 
2014-07-10T12:34:15.297+0200: 0.794: [GC (Allocation Failure) 0.794: [ParNew: 1090K->96K(1152K), 0.0009001 secs] 126673K->126671K(130944K), 0.0009474 secs] [Times: user=0.00 sys=0.00, real=0.00 secs] 
2014-07-10T12:34:15.298+0200: 0.795: [GC (Allocation Failure) 0.795: [ParNew: 1090K->96K(1152K), 0.0008436 secs] 127666K->127664K(130944K), 0.0008891 secs] [Times: user=0.00 sys=0.00, real=0.00 secs] 
2014-07-10T12:34:15.299+0200: 0.796: [GC (Allocation Failure) 0.796: [ParNew: 1090K->96K(1152K), 0.0009316 secs] 128658K->128656K(130944K), 0.0009785 secs] [Times: user=0.00 sys=0.00, real=0.00 secs] 
2014-07-10T12:34:15.300+0200: 0.798: [GC (Allocation Failure) 0.798: [ParNew: 1090K->96K(1152K), 0.0008707 secs] 129651K->129649K(131136K), 0.0009162 secs] [Times: user=0.00 sys=0.00, real=0.00 secs] 
2014-07-10T12:34:15.301+0200: 0.799: [GC (Allocation Failure) 0.799: [ParNew: 1098K->106K(1152K), 0.0004630 secs] 130651K->129659K(131136K), 0.0005008 secs] [Times: user=0.00 sys=0.00, real=0.00 secs] 
2014-07-10T12:34:15.302+0200: 0.800: [GC (Allocation Failure) 0.800: [ParNew: 1100K->96K(1152K), 0.0010716 secs] 130653K->130649K(132096K), 0.0011208 secs] [Times: user=0.00 sys=0.00, real=0.00 secs] 
2014-07-10T12:34:15.303+0200: 0.801: [GC (Allocation Failure) 0.801: [ParNew: 1090K->96K(1152K), 0.0011189 secs] 131644K->131642K(133056K), 0.0011875 secs] [Times: user=0.02 sys=0.00, real=0.00 secs] 
2014-07-10T12:34:15.305+0200: 0.802: [GC (Allocation Failure) 0.802: [ParNew: 1090K->96K(1152K), 0.0010170 secs] 132636K->132634K(134016K), 0.0010639 secs] [Times: user=0.00 sys=0.00, real=0.00 secs] 
2014-07-10T12:34:15.306+0200: 0.804: [GC (Allocation Failure) 0.804: [ParNew: 1090K->96K(1152K), 0.0010317 secs] 133629K->133627K(134976K), 0.0010834 secs] [Times: user=0.00 sys=0.00, real=0.00 secs] 
2014-07-10T12:34:15.308+0200: 0.805: [GC (Allocation Failure) 0.805: [ParNew: 1090K->96K(1152K), 0.0011270 secs] 134621K->134619K(136128K), 0.0011794 secs] [Times: user=0.00 sys=0.00, real=0.00 secs] 
2014-07-10T12:34:15.309+0200: 0.806: [GC (Allocation Failure) 0.806: [ParNew: 1090K->96K(1152K), 0.0010713 secs] 135614K->135612K(137088K), 0.0011193 secs] [Times: user=0.00 sys=0.00, real=0.00 secs] 
2014-07-10T12:34:15.310+0200: 0.808: [GC (Allocation Failure) 0.808: [ParNew: 1090K->96K(1152K), 0.0009932 secs] 136606K->136604K(138048K), 0.0010409 secs] [Times: user=0.00 sys=0.00, real=0.00 secs] 
2014-07-10T12:34:15.312+0200: 0.809: [GC (Allocation Failure) 0.809: [ParNew: 1090K->96K(1152K), 0.0010156 secs] 137599K->137597K(139008K), 0.0010632 secs] [Times: user=0.00 sys=0.00, real=0.00 secs] 
2014-07-10T12:34:15.313+0200: 0.810: [GC (Allocation Failure) 0.810: [ParNew: 1090K->96K(1152K), 0.0011057 secs] 138591K->138589K(139968K), 0.0011545 secs] [Times: user=0.00 sys=0.00, real=0.00 secs] 
2014-07-10T12:34:15.314+0200: 0.812: [GC (Allocation Failure) 0.812: [ParNew: 1090K->96K(1152K), 0.0010735 secs] 139584K->139582K(140928K), 0.0011215 secs] [Times: user=0.00 sys=0.00, real=0.00 secs] 
2014-07-10T12:34:15.316+0200: 0.813: [GC (Allocation Failure) 0.813: [ParNew: 1090K->96K(1152K), 0.0010709 secs] 140576K->140574K(142080K), 0.0011200 secs] [Times: user=0.00 sys=0.00, real=0.00 secs] 
2014-07-10T12:34:15.317+0200: 0.814: [GC (Allocation Failure) 0.815: [ParNew: 1090K->96K(1152K), 0.0010159 secs] 141569K->141567K(143040K), 0.0010621 secs] [Times: user=0.00 sys=0.00, real=0.00 secs] 
2014-07-10T12:34:15.318+0200: 0.816: [GC (Allocation Failure) 0.816: [ParNew: 1090K->96K(1152K), 0.0010559 secs] 142561K->142559K(144000K), 0.0011035 secs] [Times: user=0.00 sys=0.00, real=0.00 secs] 
2014-07-10T12:34:15.320+0200: 0.817: [GC (Allocation Failure) 0.817: [ParNew: 1090K->96K(1152K), 0.0012542 secs] 143554K->143552K(144960K), 0.0013140 secs] [Times: user=0.00 sys=0.00, real=0.00 secs] 
2014-07-10T12:34:15.321+0200: 0.819: [GC (Allocation Failure) 0.819: [ParNew: 1090K->96K(1152K), 0.0009540 secs] 144546K->144544K(145920K), 0.0010009 secs] [Times: user=0.00 sys=0.00, real=0.00 secs] 
2014-07-10T12:34:15.323+0200: 0.820: [GC (Allocation Failure) 0.820: [ParNew: 1090K->96K(1152K), 0.0010152 secs] 145538K->145536K(147072K), 0.0010661 secs] [Times: user=0.00 sys=0.00, real=0.00 secs] 
2014-07-10T12:34:15.324+0200: 0.821: [GC (Allocation Failure) 0.821: [ParNew: 1090K->96K(1152K), 0.0010306 secs] 146531K->146529K(148032K), 0.0010782 secs] [Times: user=0.00 sys=0.00, real=0.00 secs] 
2014-07-10T12:34:15.325+0200: 0.823: [GC (Allocation Failure) 0.823: [ParNew: 1090K->96K(1152K), 0.0011446 secs] 147523K->147521K(148992K), 0.0011934 secs] [Times: user=0.00 sys=0.00, real=0.00 secs] 
2014-07-10T12:34:15.327+0200: 0.824: [GC (Allocation Failure) 0.824: [ParNew: 1090K->96K(1152K), 0.0010321 secs] 148516K->148514K(149952K), 0.0010837 secs] [Times: user=0.00 sys=0.00, real=0.00 secs] 
2014-07-10T12:34:15.328+0200: 0.826: [GC (Allocation Failure) 0.826: [ParNew: 1090K->96K(1152K), 0.0010343 secs] 149508K->149506K(150912K), 0.0010837 secs] [Times: user=0.00 sys=0.00, real=0.00 secs] 
2014-07-10T12:34:15.329+0200: 0.827: [GC (Allocation Failure) 0.827: [ParNew: 1090K->96K(1152K), 0.0010834 secs] 150501K->150499K(151872K), 0.0011373 secs] [Times: user=0.00 sys=0.00, real=0.00 secs] 
2014-07-10T12:34:15.331+0200: 0.828: [GC (Allocation Failure) 0.828: [ParNew: 1090K->96K(1152K), 0.0022819 secs] 151493K->151491K(153024K), 0.0054833 secs] [Times: user=0.00 sys=0.00, real=0.00 secs] 
2014-07-10T12:34:15.337+0200: 0.834: [GC (Allocation Failure) 0.834: [ParNew: 1090K->96K(1152K), 0.0015934 secs] 152486K->152484K(153984K), 0.0016582 secs] [Times: user=0.00 sys=0.00, real=0.00 secs] 
2014-07-10T12:34:15.338+0200: 0.836: [GC (Allocation Failure) 0.836: [ParNew: 1090K->96K(1152K), 0.0010559 secs] 153478K->153476K(154944K), 0.0011079 secs] [Times: user=0.00 sys=0.00, real=0.00 secs] 
2014-07-10T12:34:15.340+0200: 0.837: [GC (Allocation Failure) 0.837: [ParNew: 1090K->96K(1152K), 0.0009738 secs] 154471K->154469K(155904K), 0.0010218 secs] [Times: user=0.00 sys=0.00, real=0.00 secs] 
2014-07-10T12:34:15.341+0200: 0.839: [GC (Allocation Failure) 0.839: [ParNew: 1090K->96K(1152K), 0.0010603 secs] 155463K->155461K(156864K), 0.0011076 secs] [Times: user=0.00 sys=0.00, real=0.00 secs] 
2014-07-10T12:34:15.342+0200: 0.840: [GC (Allocation Failure) 0.840: [ParNew: 1090K->96K(1152K), 0.0011501 secs] 156456K->156454K(157824K), 0.0011989 secs] [Times: user=0.00 sys=0.00, real=0.00 secs] 
2014-07-10T12:34:15.344+0200: 0.841: [GC (Allocation Failure) 0.841: [ParNew: 1090K->96K(1152K), 0.0010515 secs] 157448K->157446K(158976K), 0.0010977 secs] [Times: user=0.00 sys=0.00, real=0.00 secs] 
2014-07-10T12:34:15.345+0200: 0.843: [GC (Allocation Failure) 0.843: [ParNew: 1090K->96K(1152K), 0.0011494 secs] 158441K->158439K(159936K), 0.0012084 secs] [Times: user=0.00 sys=0.00, real=0.00 secs] 
2014-07-10T12:34:15.347+0200: 0.844: [GC (Allocation Failure) 0.844: [ParNew: 1090K->96K(1152K), 0.0011904 secs] 159433K->159431K(160896K), 0.0012421 secs] [Times: user=0.00 sys=0.00, real=0.00 secs] 
2014-07-10T12:34:15.348+0200: 0.846: [GC (Allocation Failure) 0.846: [ParNew: 1090K->96K(1152K), 0.0011347 secs] 160426K->160424K(161856K), 0.0011871 secs] [Times: user=0.00 sys=0.00, real=0.00 secs] 
2014-07-10T12:34:15.350+0200: 0.847: [GC (Allocation Failure) 0.847: [ParNew: 1090K->96K(1152K), 0.0011296 secs] 161418K->161416K(162816K), 0.0011827 secs] [Times: user=0.03 sys=0.00, real=0.00 secs] 
2014-07-10T12:34:15.351+0200: 0.849: [GC (Allocation Failure) 0.849: [ParNew: 1090K->96K(1152K), 0.0010988 secs] 162411K->162409K(163776K), 0.0011585 secs] [Times: user=0.00 sys=0.00, real=0.00 secs] 
2014-07-10T12:34:15.352+0200: 0.850: [GC (Allocation Failure) 0.850: [ParNew: 1090K->96K(1152K), 0.0011299 secs] 163403K->163401K(164928K), 0.0013019 secs] [Times: user=0.00 sys=0.00, real=0.00 secs] 
2014-07-10T12:34:15.354+0200: 0.851: [GC (Allocation Failure) 0.852: [ParNew: 1090K->96K(1152K), 0.0011193 secs] 164396K->164394K(165888K), 0.0011692 secs] [Times: user=0.00 sys=0.00, real=0.00 secs] 
2014-07-10T12:34:15.355+0200: 0.853: [GC (Allocation Failure) 0.853: [ParNew: 1090K->96K(1152K), 0.0011065 secs] 165388K->165386K(166848K), 0.0011593 secs] [Times: user=0.00 sys=0.00, real=0.00 secs] 
2014-07-10T12:34:15.357+0200: 0.854: [GC (Allocation Failure) 0.854: [ParNew: 1090K->96K(1152K), 0.0010313 secs] 166381K->166379K(167808K), 0.0010782 secs] [Times: user=0.00 sys=0.00, real=0.00 secs] 
2014-07-10T12:34:15.358+0200: 0.856: [GC (Allocation Failure) 0.856: [ParNew: 1090K->96K(1152K), 0.0010515 secs] 167373K->167371K(168768K), 0.0010995 secs] [Times: user=0.00 sys=0.00, real=0.00 secs] 
2014-07-10T12:34:15.359+0200: 0.857: [GC (Allocation Failure) 0.857: [ParNew: 1090K->96K(1152K), 0.0011677 secs] 168366K->168364K(169728K), 0.0012231 secs] [Times: user=0.00 sys=0.00, real=0.00 secs] 
2014-07-10T12:34:15.361+0200: 0.858: [GC (Allocation Failure) 0.858: [ParNew: 1090K->96K(1152K), 0.0011717 secs] 169358K->169356K(170880K), 0.0012242 secs] [Times: user=0.00 sys=0.00, real=0.00 secs] 
2014-07-10T12:34:15.362+0200: 0.860: [GC (Allocation Failure) 0.860: [ParNew: 1090K->96K(1152K), 0.0010328 secs] 170351K->170349K(171840K), 0.0010896 secs] [Times: user=0.00 sys=0.00, real=0.00 secs] 
2014-07-10T12:34:15.364+0200: 0.861: [GC (Allocation Failure) 0.861: [ParNew: 1090K->96K(1152K), 0.0011864 secs] 171343K->171341K(172800K), 0.0012480 secs] [Times: user=0.00 sys=0.00, real=0.00 secs] 
2014-07-10T12:34:15.365+0200: 0.863: [GC (Allocation Failure) 0.863: [ParNew: 1090K->96K(1152K), 0.0010819 secs] 172336K->172334K(173760K), 0.0011347 secs] [Times: user=0.00 sys=0.00, real=0.00 secs] 
2014-07-10T12:34:15.367+0200: 0.864: [GC (Allocation Failure) 0.864: [ParNew: 1090K->96K(1152K), 0.0016663 secs] 173328K->173326K(174720K), 0.0017616 secs] [Times: user=0.00 sys=0.00, real=0.00 secs] 
2014-07-10T12:34:15.371+0200: 0.868: [GC (Allocation Failure) 0.869: [ParNew: 1090K->96K(1152K), 0.0024018 secs] 174321K->174319K(175680K), 0.0024901 secs] [Times: user=0.00 sys=0.00, real=0.00 secs] 
2014-07-10T12:34:15.374+0200: 0.871: [GC (Allocation Failure) 0.871: [ParNew: 1090K->96K(1152K), 0.0138346 secs] 175313K->175311K(176832K), 0.0139131 secs] [Times: user=0.02 sys=0.00, real=0.01 secs] 
2014-07-10T12:34:15.388+0200: 0.886: [GC (Allocation Failure) 0.886: [ParNew: 1090K->96K(1152K), 0.0013503 secs] 176306K->176304K(177792K), 0.0014060 secs] [Times: user=0.00 sys=0.00, real=0.00 secs] 
2014-07-10T12:34:15.390+0200: 0.887: [GC (Allocation Failure) 0.887: [ParNew: 1090K->96K(1152K), 0.0011406 secs] 177298K->177296K(178752K), 0.0011970 secs] [Times: user=0.00 sys=0.00, real=0.00 secs] 
2014-07-10T12:34:15.391+0200: 0.889: [GC (Allocation Failure) 0.889: [ParNew: 1090K->96K(1152K), 0.0011391 secs] 178290K->178288K(179712K), 0.0011967 secs] [Times: user=0.00 sys=0.00, real=0.00 secs] 
2014-07-10T12:34:15.393+0200: 0.890: [GC (Allocation Failure) 0.890: [ParNew: 1090K->96K(1152K), 0.0011153 secs] 179283K->179281K(180672K), 0.0011714 secs] [Times: user=0.00 sys=0.00, real=0.00 secs] 
2014-07-10T12:34:15.394+0200: 0.892: [GC (Allocation Failure) 0.892: [ParNew: 1090K->96K(1152K), 0.0010482 secs] 180275K->180273K(181632K), 0.0010988 secs] [Times: user=0.00 sys=0.00, real=0.00 secs] 
2014-07-10T12:34:15.396+0200: 0.893: [GC (Allocation Failure) 0.893: [ParNew: 1090K->96K(1152K), 0.0012198 secs] 181268K->181266K(182784K), 0.0012755 secs] [Times: user=0.00 sys=0.00, real=0.00 secs] 
2014-07-10T12:34:15.397+0200: 0.895: [GC (Allocation Failure) 0.895: [ParNew: 1090K->96K(1152K), 0.0013455 secs] 182260K->182258K(183744K), 0.0014247 secs] [Times: user=0.02 sys=0.01, real=0.00 secs] 
2014-07-10T12:34:15.399+0200: 0.897: [GC (Allocation Failure) 0.897: [ParNew: 1090K->96K(1152K), 0.0013316 secs] 183253K->183251K(184704K), 0.0013943 secs] [Times: user=0.00 sys=0.00, real=0.00 secs] 
2014-07-10T12:34:15.401+0200: 0.898: [GC (Allocation Failure) 0.898: [ParNew: 1090K->96K(1152K), 0.0023240 secs] 184245K->184243K(185664K), 0.0023988 secs] [Times: user=0.00 sys=0.00, real=0.00 secs] 
2014-07-10T12:34:15.404+0200: 0.901: [GC (Allocation Failure) 0.901: [ParNew: 1090K->96K(1152K), 0.0016670 secs] 185238K->185236K(186624K), 0.0017378 secs] [Times: user=0.00 sys=0.00, real=0.00 secs] 
2014-07-10T12:34:15.406+0200: 0.903: [GC (Allocation Failure) 0.903: [ParNew: 1090K->96K(1152K), 0.0012759 secs] 186230K->186228K(187584K), 0.0013367 secs] [Times: user=0.00 sys=0.00, real=0.00 secs] 
2014-07-10T12:34:15.407+0200: 0.905: [GC (Allocation Failure) 0.905: [ParNew: 1090K->96K(1152K), 0.0011497 secs] 187223K->187221K(188736K), 0.0012088 secs] [Times: user=0.00 sys=0.00, real=0.00 secs] 
2014-07-10T12:34:15.409+0200: 0.906: [GC (Allocation Failure) 0.906: [ParNew: 1090K->96K(1152K), 0.0011450 secs] 188215K->188213K(189696K), 0.0011974 secs] [Times: user=0.00 sys=0.00, real=0.00 secs] 
2014-07-10T12:34:15.410+0200: 0.908: [GC (Allocation Failure) 0.908: [ParNew: 1090K->96K(1152K), 0.0010603 secs] 189208K->189206K(190656K), 0.0011105 secs] [Times: user=0.00 sys=0.00, real=0.00 secs] 
2014-07-10T12:34:15.412+0200: 0.909: [GC (Allocation Failure) 0.909: [ParNew: 1090K->96K(1152K), 0.0012238 secs] 190200K->190198K(191616K), 0.0012828 secs] [Times: user=0.00 sys=0.00, real=0.00 secs] 
2014-07-10T12:34:15.413+0200: 0.911: [GC (Allocation Failure) 0.911: [ParNew: 1090K->96K(1152K), 0.0011131 secs] 191193K->191191K(192576K), 0.0011655 secs] [Times: user=0.02 sys=0.02, real=0.00 secs] 
2014-07-10T12:34:15.414+0200: 0.912: [GC (Allocation Failure) 0.912: [ParNew: 1090K->96K(1152K), 0.0013770 secs] 192185K->192183K(193536K), 0.0014394 secs] [Times: user=0.00 sys=0.00, real=0.00 secs] 
2014-07-10T12:34:15.416+0200: 0.914: [GC (Allocation Failure) 0.914: [ParNew: 1090K->96K(1152K), 0.0011985 secs] 193178K->193176K(194688K), 0.0012605 secs] [Times: user=0.00 sys=0.00, real=0.00 secs] 
2014-07-10T12:34:15.418+0200: 0.915: [GC (Allocation Failure) 0.915: [ParNew: 1090K->96K(1152K), 0.0012212 secs] 194170K->194168K(195648K), 0.0012821 secs] [Times: user=0.00 sys=0.00, real=0.00 secs] 
2014-07-10T12:34:15.419+0200: 0.917: [GC (Allocation Failure) 0.917: [ParNew: 1118K->62K(1152K), 0.0006592 secs] 195191K->194134K(195648K), 0.0007058 secs] [Times: user=0.00 sys=0.00, real=0.00 secs] 
2014-07-10T12:34:15.421+0200: 0.918: [GC (Allocation Failure) 0.918: [ParNew: 1084K->126K(1152K), 0.0010870 secs] 195156K->195152K(196608K), 0.0011387 secs] [Times: user=0.00 sys=0.00, real=0.00 secs] 
2014-07-10T12:34:15.422+0200: 0.920: [GC (Allocation Failure) 0.920: [ParNew: 1148K->120K(1152K), 0.0010845 secs] 196174K->196168K(197568K), 0.0011395 secs] [Times: user=0.00 sys=0.00, real=0.00 secs] 
2014-07-10T12:34:15.423+0200: 0.921: [GC (Allocation Failure) 0.921: [ParNew: 1142K->120K(1152K), 0.0013444 secs] 197190K->197186K(198720K), 0.0013987 secs] [Times: user=0.00 sys=0.00, real=0.00 secs] 
2014-07-10T12:34:15.425+0200: 0.923: [GC (Allocation Failure) 0.923: [ParNew: 1142K->120K(1152K), 0.0014192 secs] 198208K->198204K(199680K), 0.0014797 secs] [Times: user=0.00 sys=0.00, real=0.00 secs] 
2014-07-10T12:34:15.427+0200: 0.924: [GC (Allocation Failure) 0.924: [ParNew: 1142K->120K(1152K), 0.0014390 secs] 199226K->199222K(200640K), 0.0014940 secs] [Times: user=0.00 sys=0.00, real=0.00 secs] 
2014-07-10T12:34:15.429+0200: 0.926: [GC (Allocation Failure) 0.926: [ParNew: 1142K->120K(1152K), 0.0013034 secs] 200244K->200240K(201792K), 0.0013591 secs] [Times: user=0.00 sys=0.00, real=0.00 secs] 
2014-07-10T12:34:15.430+0200: 0.928: [GC (Allocation Failure) 0.928: [ParNew: 1142K->120K(1152K), 0.0014320 secs] 201262K->201258K(202752K), 0.0014966 secs] [Times: user=0.00 sys=0.00, real=0.00 secs] 
2014-07-10T12:34:15.432+0200: 0.930: [GC (Allocation Failure) 0.930: [ParNew: 1142K->120K(1152K), 0.0015167 secs] 202280K->202276K(203712K), 0.0015893 secs] [Times: user=0.00 sys=0.00, real=0.00 secs] 
2014-07-10T12:34:15.434+0200: 0.932: [GC (Allocation Failure) 0.932: [ParNew: 1130K->106K(1152K), 0.0012894 secs] 203287K->203158K(204672K), 0.0013481 secs] [Times: user=0.00 sys=0.00, real=0.00 secs] 
2014-07-10T12:34:15.436+0200: 0.933: [GC (Allocation Failure) 0.933: [ParNew: 1100K->96K(1152K), 0.0011974 secs] 204153K->204149K(205632K), 0.0012586 secs] [Times: user=0.00 sys=0.00, real=0.00 secs] 
2014-07-10T12:34:15.437+0200: 0.935: [GC (Allocation Failure) 0.935: [ParNew: 1090K->96K(1152K), 0.0012803 secs] 205144K->205142K(206592K), 0.0013429 secs] [Times: user=0.00 sys=0.00, real=0.00 secs] 
2014-07-10T12:34:15.439+0200: 0.936: [GC (Allocation Failure) 0.936: [ParNew: 1090K->96K(1152K), 0.0011941 secs] 206136K->206134K(207744K), 0.0012557 secs] [Times: user=0.00 sys=0.00, real=0.00 secs] 
2014-07-10T12:34:15.440+0200: 0.938: [GC (Allocation Failure) 0.938: [ParNew: 1090K->96K(1152K), 0.0012564 secs] 207129K->207127K(208704K), 0.0013180 secs] [Times: user=0.00 sys=0.00, real=0.00 secs] 
2014-07-10T12:34:15.442+0200: 0.940: [GC (Allocation Failure) 0.940: [ParNew: 1090K->96K(1152K), 0.0012656 secs] 208121K->208119K(209664K), 0.0013268 secs] [Times: user=0.00 sys=0.00, real=0.00 secs] 
2014-07-10T12:34:15.444+0200: 0.941: [GC (Allocation Failure) 0.941: [ParNew: 1090K->96K(1152K), 0.0013734 secs] 209113K->209111K(210624K), 0.0014427 secs] [Times: user=0.03 sys=0.00, real=0.00 secs] 
2014-07-10T12:34:15.445+0200: 0.943: [GC (Allocation Failure) 0.943: [ParNew: 1090K->96K(1152K), 0.0012828 secs] 210106K->210104K(211584K), 0.0013433 secs] [Times: user=0.00 sys=0.00, real=0.00 secs] 
2014-07-10T12:34:15.447+0200: 0.944: [GC (Allocation Failure) 0.944: [ParNew: 1090K->96K(1152K), 0.0011380 secs] 211098K->211096K(212544K), 0.0011934 secs] [Times: user=0.00 sys=0.00, real=0.00 secs] 
2014-07-10T12:34:15.448+0200: 0.946: [GC (Allocation Failure) 0.946: [ParNew: 1090K->96K(1152K), 0.0013210 secs] 212091K->212089K(213696K), 0.0013785 secs] [Times: user=0.00 sys=0.00, real=0.00 secs] 
2014-07-10T12:34:15.450+0200: 0.948: [GC (Allocation Failure) 0.948: [ParNew: 1090K->96K(1152K), 0.0012542 secs] 213083K->213081K(214656K), 0.0013151 secs] [Times: user=0.00 sys=0.00, real=0.00 secs] 
2014-07-10T12:34:15.452+0200: 0.949: [GC (Allocation Failure) 0.949: [ParNew: 1090K->96K(1152K), 0.0011992 secs] 214076K->214074K(215616K), 0.0012612 secs] [Times: user=0.00 sys=0.00, real=0.00 secs] 
2014-07-10T12:34:15.453+0200: 0.951: [GC (Allocation Failure) 0.951: [ParNew: 1090K->96K(1152K), 0.0014075 secs] 215068K->215066K(216576K), 0.0014680 secs] [Times: user=0.00 sys=0.00, real=0.00 secs] 
2014-07-10T12:34:15.455+0200: 0.953: [GC (Allocation Failure) 0.953: [ParNew: 1090K->96K(1152K), 0.0012201 secs] 216061K->216059K(217536K), 0.0012718 secs] [Times: user=0.00 sys=0.00, real=0.00 secs] 
2014-07-10T12:34:15.457+0200: 0.954: [GC (Allocation Failure) 0.954: [ParNew: 1090K->96K(1152K), 0.0011842 secs] 217053K->217051K(218496K), 0.0012432 secs] [Times: user=0.00 sys=0.00, real=0.00 secs] 
2014-07-10T12:34:15.458+0200: 0.956: [GC (Allocation Failure) 0.956: [ParNew: 1090K->96K(1152K), 0.0011706 secs] 218046K->218044K(219648K), 0.0012242 secs] [Times: user=0.00 sys=0.00, real=0.00 secs] 
2014-07-10T12:34:15.460+0200: 0.957: [GC (Allocation Failure) 0.957: [ParNew: 1090K->96K(1152K), 0.0012102 secs] 219038K->219036K(220608K), 0.0012773 secs] [Times: user=0.00 sys=0.00, real=0.00 secs] 
2014-07-10T12:34:15.461+0200: 0.959: [GC (Allocation Failure) 0.959: [ParNew: 1090K->96K(1152K), 0.0013778 secs] 220031K->220029K(221568K), 0.0014441 secs] [Times: user=0.00 sys=0.00, real=0.00 secs] 
2014-07-10T12:34:15.463+0200: 0.960: [GC (Allocation Failure) 0.960: [ParNew: 1090K->96K(1152K), 0.0011941 secs] 221023K->221021K(222528K), 0.0012484 secs] [Times: user=0.00 sys=0.00, real=0.00 secs] 
2014-07-10T12:34:15.464+0200: 0.962: [GC (Allocation Failure) 0.962: [ParNew: 1090K->96K(1152K), 0.0011369 secs] 222016K->222014K(223488K), 0.0011893 secs] [Times: user=0.00 sys=0.00, real=0.00 secs] 
2014-07-10T12:34:15.466+0200: 0.963: [GC (Allocation Failure) 0.963: [ParNew: 1090K->96K(1152K), 0.0011882 secs] 223008K->223006K(224640K), 0.0012443 secs] [Times: user=0.00 sys=0.00, real=0.00 secs] 
2014-07-10T12:34:15.467+0200: 0.965: [GC (Allocation Failure) 0.965: [ParNew: 1090K->96K(1152K), 0.0012113 secs] 224001K->223999K(225600K), 0.0012693 secs] [Times: user=0.00 sys=0.00, real=0.00 secs] 
2014-07-10T12:34:15.469+0200: 0.966: [GC (Allocation Failure) 0.966: [ParNew: 1090K->96K(1152K), 0.0012674 secs] 224993K->224991K(226560K), 0.0013257 secs] [Times: user=0.00 sys=0.00, real=0.00 secs] 
2014-07-10T12:34:15.470+0200: 0.968: [GC (Allocation Failure) 0.968: [ParNew: 1090K->96K(1152K), 0.0012308 secs] 225986K->225984K(227520K), 0.0012865 secs] [Times: user=0.00 sys=0.00, real=0.00 secs] 
2014-07-10T12:34:15.472+0200: 0.969: [GC (Allocation Failure) 0.969: [ParNew: 1090K->96K(1152K), 0.0011695 secs] 226978K->226976K(228480K), 0.0012264 secs] [Times: user=0.00 sys=0.00, real=0.00 secs] 
2014-07-10T12:34:15.473+0200: 0.971: [GC (Allocation Failure) 0.971: [ParNew: 1090K->96K(1152K), 0.0012055 secs] 227971K->227969K(229440K), 0.0012594 secs] [Times: user=0.00 sys=0.00, real=0.00 secs] 
2014-07-10T12:34:15.475+0200: 0.972: [GC (Allocation Failure) 0.972: [ParNew: 1090K->96K(1152K), 0.0012553 secs] 228963K->228961K(230592K), 0.0013100 secs] [Times: user=0.03 sys=0.00, real=0.00 secs] 
2014-07-10T12:34:15.476+0200: 0.974: [GC (Allocation Failure) 0.974: [ParNew: 1090K->96K(1152K), 0.0012909 secs] 229956K->229954K(231552K), 0.0013558 secs] [Times: user=0.00 sys=0.00, real=0.00 secs] 
2014-07-10T12:34:15.478+0200: 0.976: [GC (Allocation Failure) 0.976: [ParNew: 1090K->96K(1152K), 0.0011802 secs] 230948K->230946K(232512K), 0.0012341 secs] [Times: user=0.00 sys=0.00, real=0.00 secs] 
2014-07-10T12:34:15.480+0200: 0.977: [GC (Allocation Failure) 0.977: [ParNew: 1090K->96K(1152K), 0.0012113 secs] 231941K->231939K(233472K), 0.0012674 secs] [Times: user=0.00 sys=0.00, real=0.00 secs] 
2014-07-10T12:34:15.481+0200: 0.979: [GC (Allocation Failure) 0.979: [ParNew: 1090K->96K(1152K), 0.0012304 secs] 232933K->232931K(234432K), 0.0012858 secs] [Times: user=0.00 sys=0.00, real=0.00 secs] 
2014-07-10T12:34:15.483+0200: 0.980: [GC (Allocation Failure) 0.980: [ParNew: 1090K->96K(1152K), 0.0014207 secs] 233926K->233924K(235392K), 0.0014797 secs] [Times: user=0.00 sys=0.00, real=0.00 secs] 
2014-07-10T12:34:15.484+0200: 0.982: [GC (Allocation Failure) 0.982: [ParNew: 1090K->96K(1152K), 0.0012465 secs] 234918K->234916K(236544K), 0.0013305 secs] [Times: user=0.00 sys=0.00, real=0.00 secs] 
2014-07-10T12:34:15.486+0200: 0.983: [GC (Allocation Failure) 0.984: [ParNew: 1090K->96K(1152K), 0.0013092 secs] 235911K->235909K(237504K), 0.0013939 secs] [Times: user=0.00 sys=0.00, real=0.00 secs] 
2014-07-10T12:34:15.488+0200: 0.985: [GC (Allocation Failure) 0.985: [ParNew: 1090K->96K(1152K), 0.0013177 secs] 236903K->236901K(238464K), 0.0013767 secs] [Times: user=0.00 sys=0.00, real=0.00 secs] 
2014-07-10T12:34:15.489+0200: 0.987: [GC (Allocation Failure) 0.987: [ParNew: 1090K->96K(1152K), 0.0012755 secs] 237896K->237894K(239424K), 0.0013353 secs] [Times: user=0.00 sys=0.00, real=0.00 secs] 
2014-07-10T12:34:15.491+0200: 0.988: [GC (Allocation Failure) 0.988: [ParNew: 1090K->96K(1152K), 0.0012546 secs] 238888K->238886K(240384K), 0.0013151 secs] [Times: user=0.03 sys=0.00, real=0.00 secs] 
2014-07-10T12:34:15.493+0200: 0.990: [GC (Allocation Failure) 0.990: [ParNew: 1090K->96K(1152K), 0.0012440 secs] 239881K->239879K(241344K), 0.0013063 secs] [Times: user=0.00 sys=0.00, real=0.00 secs] 
2014-07-10T12:34:15.494+0200: 0.992: [GC (Allocation Failure) 0.992: [ParNew: 1090K->96K(1152K), 0.0011560 secs] 240873K->240871K(242496K), 0.0012113 secs] [Times: user=0.00 sys=0.00, real=0.00 secs] 
2014-07-10T12:34:15.496+0200: 0.993: [GC (Allocation Failure) 0.993: [ParNew: 1090K->96K(1152K), 0.0013232 secs] 241865K->241863K(243456K), 0.0013811 secs] [Times: user=0.00 sys=0.00, real=0.00 secs] 
2014-07-10T12:34:15.497+0200: 0.995: [GC (Allocation Failure) 0.995: [ParNew: 1090K->96K(1152K), 0.0012429 secs] 242858K->242856K(244416K), 0.0012968 secs] [Times: user=0.00 sys=0.00, real=0.00 secs] 
2014-07-10T12:34:15.499+0200: 0.996: [GC (Allocation Failure) 0.996: [ParNew: 1090K->96K(1152K), 0.0013089 secs] 243850K->243848K(245376K), 0.0013679 secs] [Times: user=0.00 sys=0.00, real=0.00 secs] 
2014-07-10T12:34:15.500+0200: 0.998: [GC (Allocation Failure) 0.998: [ParNew: 1090K->96K(1152K), 0.0013943 secs] 244843K->244841K(246336K), 0.0014823 secs] [Times: user=0.00 sys=0.00, real=0.00 secs] 
2014-07-10T12:34:15.502+0200: 1.000: [GC (Allocation Failure) 1.000: [ParNew: 1090K->96K(1152K), 0.0015574 secs] 245835K->245833K(247296K), 0.0016293 secs] [Times: user=0.00 sys=0.00, real=0.00 secs] 
2014-07-10T12:34:15.504+0200: 1.002: [GC (Allocation Failure) 1.002: [ParNew: 1090K->96K(1152K), 0.0013268 secs] 246828K->246826K(248448K), 0.0013869 secs] [Times: user=0.00 sys=0.00, real=0.00 secs] 
2014-07-10T12:34:15.506+0200: 1.003: [GC (Allocation Failure) 1.003: [ParNew: 1090K->96K(1152K), 0.0012293 secs] 247820K->247818K(249408K), 0.0012865 secs] [Times: user=0.02 sys=0.02, real=0.00 secs] 
2014-07-10T12:34:15.507+0200: 1.005: [GC (Allocation Failure) 1.005: [ParNew: 1090K->96K(1152K), 0.0027783 secs] 248813K->248811K(250368K), 0.0028476 secs] [Times: user=0.00 sys=0.00, real=0.00 secs] 
2014-07-10T12:34:15.511+0200: 1.008: [GC (Allocation Failure) 1.008: [ParNew: 1090K->96K(1152K), 0.0012726 secs] 249805K->249803K(251328K), 0.0013371 secs] [Times: user=0.00 sys=0.00, real=0.00 secs] 
2014-07-10T12:34:15.512+0200: 1.010: [GC (Allocation Failure) 1.010: [ParNew: 1090K->96K(1152K), 0.0013052 secs] 250798K->250796K(252288K), 0.0013668 secs] [Times: user=0.00 sys=0.00, real=0.00 secs] 
2014-07-10T12:34:15.514+0200: 1.011: [GC (Allocation Failure) 1.011: [ParNew: 1090K->96K(1152K), 0.0011827 secs] 251790K->251788K(253248K), 0.0012396 secs] [Times: user=0.00 sys=0.00, real=0.00 secs] 
2014-07-10T12:34:15.515+0200: 1.013: [GC (Allocation Failure) 1.013: [ParNew: 1090K->96K(1152K), 0.0011794 secs] 252783K->252781K(254400K), 0.0012432 secs] [Times: user=0.00 sys=0.00, real=0.00 secs] 
2014-07-10T12:34:15.517+0200: 1.014: [GC (Allocation Failure) 1.014: [ParNew: 1090K->96K(1152K), 0.0012744 secs] 253775K->253773K(255360K), 0.0013349 secs] [Times: user=0.00 sys=0.00, real=0.00 secs] 
2014-07-10T12:34:15.518+0200: 1.016: [GC (Allocation Failure) 1.016: [ParNew: 1090K->96K(1152K), 0.0013089 secs] 254768K->254766K(256320K), 0.0013675 secs] [Times: user=0.00 sys=0.00, real=0.00 secs] 
2014-07-10T12:34:15.520+0200: 1.018: [GC (Allocation Failure) 1.018: [ParNew: 1090K->96K(1152K), 0.0013367 secs] 255760K->255758K(257280K), 0.0014177 secs] [Times: user=0.00 sys=0.00, real=0.00 secs] 
2014-07-10T12:34:15.522+0200: 1.019: [GC (Allocation Failure) 1.019: [ParNew: 1090K->96K(1152K), 0.0013477 secs] 256753K->256751K(258240K), 0.0014152 secs] [Times: user=0.03 sys=0.00, real=0.00 secs] 
2014-07-10T12:34:15.524+0200: 1.022: [GC (Allocation Failure) 1.022: [ParNew: 1090K->96K(1152K), 0.0016817 secs] 257745K->257743K(259200K), 0.0017492 secs] [Times: user=0.00 sys=0.00, real=0.00 secs] 
2014-07-10T12:34:15.526+0200: 1.024: [GC (Allocation Failure) 1.024: [ParNew: 1090K->96K(1152K), 0.0017602 secs] 258738K->258736K(260352K), 0.0018284 secs] [Times: user=0.00 sys=0.00, real=0.00 secs] 
2014-07-10T12:34:15.529+0200: 1.027: [GC (Allocation Failure) 1.027: [ParNew: 1090K->96K(1152K), 0.0031907 secs] 259730K->259728K(261312K), 0.0032831 secs] [Times: user=0.00 sys=0.00, real=0.00 secs] 
2014-07-10T12:34:15.533+0200: 1.031: [GC (Allocation Failure) 1.031: [ParNew: 1090K->96K(1152K), 0.0138606 secs] 260723K->260721K(262272K), 0.0139479 secs] [Times: user=0.01 sys=0.00, real=0.01 secs] 
2014-07-10T12:34:15.548+0200: 1.045: [GC (Allocation Failure) 1.045: [ParNew: 1090K->96K(1152K), 0.0015750 secs] 261715K->261713K(263232K), 0.0016425 secs] [Times: user=0.00 sys=0.00, real=0.00 secs] 
2014-07-10T12:34:15.550+0200: 1.047: [GC (Allocation Failure) 1.047: [ParNew: 1090K->96K(1152K), 0.0014500 secs] 262708K->262706K(264192K), 0.0015145 secs] [Times: user=0.00 sys=0.00, real=0.00 secs] 
2014-07-10T12:34:15.552+0200: 1.049: [GC (Allocation Failure) 1.049: [ParNew: 1090K->96K(1152K), 0.0016308 secs] 263700K->263698K(265152K), 0.0016975 secs] [Times: user=0.00 sys=0.00, real=0.00 secs] 
2014-07-10T12:34:15.554+0200: 1.051: [GC (Allocation Failure) 1.051: [ParNew: 1090K->96K(1152K), 0.0017030 secs] 264693K->264691K(266304K), 0.0017781 secs] [Times: user=0.00 sys=0.00, real=0.00 secs] 
2014-07-10T12:34:15.556+0200: 1.053: [GC (Allocation Failure) 1.053: [ParNew: 1090K->96K(1152K), 0.0013649 secs] 265685K->265683K(267264K), 0.0014269 secs] [Times: user=0.00 sys=0.00, real=0.00 secs] 
2014-07-10T12:34:15.558+0200: 1.055: [GC (Allocation Failure) 1.055: [ParNew: 1090K->96K(1152K), 0.0013506 secs] 266678K->266676K(268224K), 0.0014159 secs] [Times: user=0.00 sys=0.00, real=0.00 secs] 
2014-07-10T12:34:15.559+0200: 1.057: [GC (Allocation Failure) 1.057: [ParNew: 1090K->96K(1152K), 0.0014573 secs] 267670K->267668K(269184K), 0.0015186 secs] [Times: user=0.00 sys=0.00, real=0.00 secs] 
2014-07-10T12:34:15.561+0200: 1.059: [GC (Allocation Failure) 1.059: [ParNew: 1098K->106K(1152K), 0.0014922 secs] 268671K->268510K(269952K), 0.0015574 secs] [Times: user=0.00 sys=0.00, real=0.00 secs] 
2014-07-10T12:34:15.563+0200: 1.061: [GC (Allocation Failure) 1.061: [ParNew: 1100K->96K(1152K), 0.0014474 secs] 269505K->269501K(271104K), 0.0015134 secs] [Times: user=0.00 sys=0.00, real=0.00 secs] 
2014-07-10T12:34:15.566+0200: 1.063: [GC (Allocation Failure) 1.063: [ParNew: 1090K->96K(1152K), 0.0019175 secs] 270495K->270493K(272064K), 0.0020010 secs] [Times: user=0.00 sys=0.00, real=0.00 secs] 
2014-07-10T12:34:15.568+0200: 1.066: [GC (Allocation Failure) 1.066: [ParNew: 1090K->96K(1152K), 0.0016359 secs] 271488K->271486K(273024K), 0.0016945 secs] [Times: user=0.03 sys=0.00, real=0.00 secs] 
2014-07-10T12:34:15.571+0200: 1.069: [GC (Allocation Failure) 1.069: [ParNew: 1090K->96K(1152K), 0.0020267 secs] 272480K->272478K(273984K), 0.0021976 secs] [Times: user=0.00 sys=0.00, real=0.00 secs] 
2014-07-10T12:34:15.574+0200: 1.072: [GC (Allocation Failure) 1.072: [ParNew: 1090K->96K(1152K), 0.0016341 secs] 273473K->273471K(274944K), 0.0017022 secs] [Times: user=0.00 sys=0.00, real=0.00 secs] 
2014-07-10T12:34:15.576+0200: 1.074: [GC (Allocation Failure) 1.074: [ParNew: 1090K->96K(1152K), 0.0019900 secs] 274465K->274463K(276096K), 0.0020634 secs] [Times: user=0.00 sys=0.00, real=0.00 secs] 
2014-07-10T12:34:15.579+0200: 1.076: [GC (Allocation Failure) 1.076: [ParNew: 1090K->96K(1152K), 0.0016612 secs] 275458K->275456K(277056K), 0.0017319 secs] [Times: user=0.00 sys=0.00, real=0.00 secs] 
2014-07-10T12:34:15.581+0200: 1.078: [GC (Allocation Failure) 1.078: [ParNew: 1090K->96K(1152K), 0.0017965 secs] 276450K->276448K(278016K), 0.0018694 secs] [Times: user=0.00 sys=0.00, real=0.00 secs] 
2014-07-10T12:34:15.583+0200: 1.081: [GC (Allocation Failure) 1.081: [ParNew: 1090K->96K(1152K), 0.0017833 secs] 277443K->277441K(278976K), 0.0018544 secs] [Times: user=0.03 sys=0.00, real=0.00 secs] 
2014-07-10T12:34:15.586+0200: 1.084: [GC (Allocation Failure) 1.084: [ParNew: 1090K->96K(1152K), 0.0018958 secs] 278435K->278433K(279936K), 0.0019721 secs] [Times: user=0.00 sys=0.00, real=0.00 secs] 
2014-07-10T12:34:15.589+0200: 1.086: [GC (Allocation Failure) 1.086: [ParNew: 1090K->96K(1152K), 0.0016568 secs] 279428K->279426K(280896K), 0.0017268 secs] [Times: user=0.00 sys=0.00, real=0.00 secs] 
2014-07-10T12:34:15.591+0200: 1.088: [GC (Allocation Failure) 1.088: [ParNew: 1090K->96K(1152K), 0.0017418 secs] 280420K->280418K(282048K), 0.0018141 secs] [Times: user=0.00 sys=0.00, real=0.00 secs] 
2014-07-10T12:34:15.596+0200: 1.093: [GC (Allocation Failure) 1.093: [ParNew: 1090K->96K(1152K), 0.0018870 secs] 281413K->281411K(283008K), 0.0019614 secs] [Times: user=0.00 sys=0.00, real=0.00 secs] 
2014-07-10T12:34:15.598+0200: 1.095: [GC (Allocation Failure) 1.095: [ParNew: 1090K->96K(1152K), 0.0015600 secs] 282405K->282403K(283968K), 0.0016330 secs] [Times: user=0.00 sys=0.00, real=0.00 secs] 
2014-07-10T12:34:15.603+0200: 1.100: [CMS-concurrent-preclean: 0.020/0.329 secs] [Times: user=0.42 sys=0.11, real=0.33 secs] 
2014-07-10T12:34:15.603+0200: 1.101: [GC (Allocation Failure) 1.101: [ParNew: 1090K->96K(1152K), 0.0019596 secs] 283398K->283396K(284928K), 0.0020381 secs] [Times: user=0.00 sys=0.00, real=0.00 secs] 
2014-07-10T12:34:15.613+0200: 1.111: [GC (Allocation Failure) 1.111: [ParNew: 1090K->96K(1152K), 0.0019867 secs] 284390K->284388K(285888K), 0.0020806 secs] [Times: user=0.00 sys=0.00, real=0.00 secs] 
2014-07-10T12:34:15.616+0200: 1.113: [GC (CMS Final Remark) [YG occupancy: 354 K (1152 K)]1.113: [Rescan (parallel) , 0.0004330 secs]1.114: [weak refs processing, 0.0000279 secs]1.114: [class unloading, 0.0004982 secs]1.114: [scrub symbol table, 0.0005675 secs]1.115: [scrub string table, 0.0002229 secs][1 CMS-remark: 284292K(284736K)] 284646K(285888K), 0.0018790 secs] [Times: user=0.00 sys=0.00, real=0.00 secs] 
2014-07-10T12:34:15.619+0200: 1.116: [CMS-concurrent-sweep-start]
2014-07-10T12:34:15.620+0200: 1.117: [CMS-concurrent-sweep: 0.001/0.001 secs] [Times: user=0.00 sys=0.00, real=0.00 secs] 
2014-07-10T12:34:15.620+0200: 1.118: [CMS-concurrent-reset-start]
2014-07-10T12:34:15.621+0200: 1.119: [CMS-concurrent-reset: 0.001/0.001 secs] [Times: user=0.00 sys=0.00, real=0.00 secs] 
2014-07-10T12:34:15.622+0200: 1.120: [GC (Allocation Failure) 1.120: [ParNew: 1090K->96K(1152K), 0.0018900 secs] 220743K->220741K(355072K), 0.0019702 secs] [Times: user=0.00 sys=0.00, real=0.00 secs] 
2014-07-10T12:34:15.625+0200: 1.122: [GC (Allocation Failure) 1.122: [ParNew: 1090K->96K(1152K), 0.0016187 secs] 221736K->221734K(355072K), 0.0016876 secs] [Times: user=0.00 sys=0.00, real=0.00 secs] 
2014-07-10T12:34:15.627+0200: 1.124: [GC (Allocation Failure) 1.124: [ParNew: 1090K->96K(1152K), 0.0014533 secs] 222728K->222726K(355072K), 0.0015189 secs] [Times: user=0.00 sys=0.00, real=0.00 secs] 
2014-07-10T12:34:15.629+0200: 1.126: [GC (Allocation Failure) 1.126: [ParNew: 1090K->96K(1152K), 0.0015604 secs] 223721K->223719K(355072K), 0.0016286 secs] [Times: user=0.00 sys=0.00, real=0.00 secs] 
2014-07-10T12:34:15.631+0200: 1.128: [GC (Allocation Failure) 1.128: [ParNew: 1090K->96K(1152K), 0.0020366 secs] 224713K->224711K(355072K), 0.0021198 secs] [Times: user=0.03 sys=0.00, real=0.00 secs] 
2014-07-10T12:34:15.634+0200: 1.131: [GC (Allocation Failure) 1.131: [ParNew: 1090K->96K(1152K), 0.0018826 secs] 225706K->225704K(355072K), 0.0019662 secs] [Times: user=0.00 sys=0.00, real=0.00 secs] 
2014-07-10T12:34:15.636+0200: 1.134: [GC (Allocation Failure) 1.134: [ParNew: 1090K->96K(1152K), 0.0017844 secs] 226698K->226696K(355072K), 0.0018588 secs] [Times: user=0.00 sys=0.00, real=0.00 secs] 
2014-07-10T12:34:15.638+0200: 1.136: [GC (Allocation Failure) 1.136: [ParNew: 1090K->96K(1152K), 0.0015193 secs] 227691K->227689K(355072K), 0.0015849 secs] [Times: user=0.00 sys=0.00, real=0.00 secs] 
2014-07-10T12:34:15.640+0200: 1.138: [GC (Allocation Failure) 1.138: [ParNew: 1090K->96K(1152K), 0.0016975 secs] 228683K->228681K(355072K), 0.0017686 secs] [Times: user=0.00 sys=0.00, real=0.00 secs] 
2014-07-10T12:34:15.642+0200: 1.140: [GC (Allocation Failure) 1.140: [ParNew: 1090K->96K(1152K), 0.0017928 secs] 229676K->229674K(355072K), 0.0018614 secs] [Times: user=0.00 sys=0.00, real=0.00 secs] 
2014-07-10T12:34:15.644+0200: 1.142: [GC (Allocation Failure) 1.142: [ParNew: 1090K->96K(1152K), 0.0015692 secs] 230668K->230666K(355072K), 0.0016333 secs] [Times: user=0.00 sys=0.00, real=0.00 secs] 
2014-07-10T12:34:15.646+0200: 1.144: [GC (Allocation Failure) 1.144: [ParNew: 1090K->96K(1152K), 0.0015200 secs] 231661K->231659K(355072K), 0.0015886 secs] [Times: user=0.03 sys=0.00, real=0.00 secs] 
2014-07-10T12:34:15.648+0200: 1.146: [GC (Allocation Failure) 1.146: [ParNew: 1090K->96K(1152K), 0.0015200 secs] 232653K->232651K(355072K), 0.0015846 secs] [Times: user=0.00 sys=0.00, real=0.00 secs] 
2014-07-10T12:34:15.650+0200: 1.148: [GC (Allocation Failure) 1.148: [ParNew: 1090K->96K(1152K), 0.0015655 secs] 233646K->233644K(355072K), 0.0016337 secs] [Times: user=0.00 sys=0.00, real=0.00 secs] 
2014-07-10T12:34:15.652+0200: 1.150: [GC (Allocation Failure) 1.150: [ParNew: 1090K->96K(1152K), 0.0015475 secs] 234638K->234636K(355072K), 0.0016143 secs] [Times: user=0.00 sys=0.00, real=0.00 secs] 
2014-07-10T12:34:15.654+0200: 1.152: [GC (Allocation Failure) 1.152: [ParNew: 1090K->96K(1152K), 0.0020813 secs] 235630K->235628K(355072K), 0.0021539 secs] [Times: user=0.00 sys=0.00, real=0.00 secs] 
2014-07-10T12:34:15.656+0200: 1.154: [GC (Allocation Failure) 1.154: [ParNew: 1090K->96K(1152K), 0.0015288 secs] 236623K->236621K(355072K), 0.0015919 secs] [Times: user=0.00 sys=0.00, real=0.00 secs] 
2014-07-10T12:34:15.658+0200: 1.156: [GC (Allocation Failure) 1.156: [ParNew: 1090K->96K(1152K), 0.0014551 secs] 237615K->237613K(355072K), 0.0015142 secs] [Times: user=0.00 sys=0.00, real=0.00 secs] 
2014-07-10T12:34:15.660+0200: 1.158: [GC (Allocation Failure) 1.158: [ParNew: 1090K->96K(1152K), 0.0039141 secs] 238608K->238606K(355072K), 0.0040032 secs] [Times: user=0.01 sys=0.00, real=0.00 secs] 
2014-07-10T12:34:15.673+0200: 1.171: [GC (CMS Initial Mark) [1 CMS-initial-mark: 238510K(353920K)] 238672K(355072K), 0.0001921 secs] [Times: user=0.00 sys=0.00, real=0.00 secs] 
2014-07-10T12:34:15.674+0200: 1.171: [CMS-concurrent-mark-start]
2014-07-10T12:34:15.676+0200: 1.174: [CMS-concurrent-mark: 0.003/0.003 secs] [Times: user=0.00 sys=0.00, real=0.00 secs] 
2014-07-10T12:34:15.676+0200: 1.174: [GC (Allocation Failure) 1.174: [ParNew: 1090K->96K(1152K), 0.0018430 secs] 239600K->239598K(355072K), 0.0019241 secs] [Times: user=0.00 sys=0.00, real=0.00 secs] 
2014-07-10T12:34:15.678+0200: 1.176: [CMS-concurrent-preclean-start]
2014-07-10T12:34:15.680+0200: 1.177: [CMS-concurrent-preclean: 0.001/0.001 secs] [Times: user=0.00 sys=0.02, real=0.00 secs] 
2014-07-10T12:34:15.682+0200: 1.180: [GC (Allocation Failure) 1.180: [ParNew: 1090K->96K(1152K), 0.0018515 secs] 240593K->240591K(355072K), 0.0019270 secs] [Times: user=0.00 sys=0.00, real=0.00 secs] 
2014-07-10T12:34:15.685+0200: 1.183: [GC (Allocation Failure) 1.183: [ParNew: 1090K->96K(1152K), 0.0016714 secs] 241585K->241583K(355072K), 0.0017455 secs] [Times: user=0.00 sys=0.00, real=0.00 secs] 
2014-07-10T12:34:15.695+0200: 1.193: [GC (CMS Final Remark) [YG occupancy: 128 K (1152 K)]1.193: [Rescan (parallel) , 0.0055129 secs]1.198: [weak refs processing, 0.0000312 secs]1.198: [class unloading, 0.0003736 secs]1.199: [scrub symbol table, 0.0008264 secs]1.199: [scrub string table, 0.0001888 secs][1 CMS-remark: 241487K(353920K)] 241615K(355072K), 0.0071085 secs] [Times: user=0.00 sys=0.00, real=0.01 secs] 
2014-07-10T12:34:15.702+0200: 1.200: [CMS-concurrent-sweep-start]
2014-07-10T12:34:15.703+0200: 1.200: [GC (Allocation Failure) 1.200: [ParNew: 1090K->96K(1152K), 0.0033693 secs] 193818K->193816K(355072K), 0.0034591 secs] [Times: user=0.00 sys=0.00, real=0.00 secs] 
2014-07-10T12:34:15.707+0200: 1.204: [GC (Allocation Failure) 1.204: [ParNew: 1090K->96K(1152K), 0.0015714 secs] 147780K->147778K(355072K), 0.0016384 secs] [Times: user=0.00 sys=0.00, real=0.00 secs] 
2014-07-10T12:34:15.709+0200: 1.206: [GC (Allocation Failure) 1.206: [ParNew: 1090K->96K(1152K), 0.0016399 secs] 113969K->113967K(355072K), 0.0017198 secs] [Times: user=0.03 sys=0.00, real=0.00 secs] 
2014-07-10T12:34:15.711+0200: 1.208: [GC (Allocation Failure) 1.208: [ParNew: 1090K->96K(1152K), 0.0014001 secs] 107012K->107010K(355072K), 0.0014606 secs] [Times: user=0.00 sys=0.00, real=0.00 secs] 
2014-07-10T12:34:15.713+0200: 1.210: [GC (Allocation Failure) 1.210: [ParNew: 1090K->96K(1152K), 0.0013473 secs] 67825K->67823K(355072K), 0.0013990 secs] [Times: user=0.00 sys=0.00, real=0.00 secs] 
2014-07-10T12:34:15.714+0200: 1.212: [GC (Allocation Failure) 1.212: [ParNew: 1090K->96K(1152K), 0.0012759 secs] 47079K->47077K(355072K), 0.0013294 secs] [Times: user=0.00 sys=0.00, real=0.00 secs] 
2014-07-10T12:34:15.716+0200: 1.213: [CMS-concurrent-sweep: 0.002/0.014 secs] [Times: user=0.03 sys=0.00, real=0.01 secs] 
2014-07-10T12:34:15.716+0200: 1.214: [GC (Allocation Failure) 1.214: [ParNew: 1090K->96K(1152K), 0.0019321 secs] 45958K->45956K(355072K), 0.0019889 secs] [Times: user=0.00 sys=0.00, real=0.00 secs] 
2014-07-10T12:34:15.718+0200: 1.216: [CMS-concurrent-reset-start]
2014-07-10T12:34:15.719+0200: 1.216: [GC (Allocation Failure) 1.216: [ParNew: 1090K->96K(1152K), 0.0013660 secs] 46951K->46949K(355072K), 0.0014214 secs] [Times: user=0.00 sys=0.00, real=0.00 secs] 
2014-07-10T12:34:15.720+0200: 1.218: [GC (Allocation Failure) 1.218: [ParNew: 1090K->96K(1152K), 0.0023996 secs] 47943K->47941K(355072K), 0.0024659 secs] [Times: user=0.00 sys=0.00, real=0.00 secs] 
2014-07-10T12:34:15.723+0200: 1.221: [GC (Allocation Failure) 1.221: [ParNew: 1090K->96K(1152K), 0.0018170 secs] 48936K->48934K(355072K), 0.0018771 secs] [Times: user=0.00 sys=0.00, real=0.00 secs] 
2014-07-10T12:34:15.725+0200: 1.223: [GC (Allocation Failure) 1.223: [ParNew: 1090K->96K(1152K), 0.0013836 secs] 49928K->49926K(355072K), 0.0014445 secs] [Times: user=0.03 sys=0.00, real=0.00 secs] 
2014-07-10T12:34:15.727+0200: 1.225: [GC (Allocation Failure) 1.225: [ParNew: 1090K->96K(1152K), 0.0013213 secs] 50921K->50919K(355072K), 0.0013737 secs] [Times: user=0.00 sys=0.00, real=0.00 secs] 
2014-07-10T12:34:15.729+0200: 1.226: [CMS-concurrent-reset: 0.001/0.011 secs] [Times: user=0.03 sys=0.00, real=0.01 secs] 
2014-07-10T12:34:15.729+0200: 1.226: [GC (Allocation Failure) 1.226: [ParNew: 1090K->96K(1152K), 0.0013789 secs] 51913K->51911K(355072K), 0.0014331 secs] [Times: user=0.00 sys=0.00, real=0.00 secs] 
2014-07-10T12:34:15.731+0200: 1.228: [GC (Allocation Failure) 1.228: [ParNew: 1090K->96K(1152K), 0.0013932 secs] 52905K->52903K(355072K), 0.0014526 secs] [Times: user=0.00 sys=0.00, real=0.00 secs] 
2014-07-10T12:34:15.732+0200: 1.230: [GC (Allocation Failure) 1.230: [ParNew: 1090K->96K(1152K), 0.0015934 secs] 53898K->53896K(355072K), 0.0016619 secs] [Times: user=0.00 sys=0.00, real=0.00 secs] 
2014-07-10T12:34:15.734+0200: 1.232: [GC (Allocation Failure) 1.232: [ParNew: 1090K->96K(1152K), 0.0015428 secs] 54890K->54888K(355072K), 0.0016080 secs] [Times: user=0.00 sys=0.00, real=0.00 secs] 
2014-07-10T12:34:15.736+0200: 1.234: [GC (Allocation Failure) 1.234: [ParNew: 1090K->96K(1152K), 0.0015952 secs] 55883K->55881K(355072K), 0.0016575 secs] [Times: user=0.00 sys=0.00, real=0.00 secs] 
2014-07-10T12:34:15.738+0200: 1.236: [GC (Allocation Failure) 1.236: [ParNew: 1090K->96K(1152K), 0.0013778 secs] 56875K->56873K(355072K), 0.0014357 secs] [Times: user=0.00 sys=0.00, real=0.00 secs] 
2014-07-10T12:34:15.740+0200: 1.238: [GC (Allocation Failure) 1.238: [ParNew: 1090K->96K(1152K), 0.0014192 secs] 57868K->57866K(355072K), 0.0014764 secs] [Times: user=0.03 sys=0.00, real=0.00 secs] 
2014-07-10T12:34:15.742+0200: 1.239: [GC (Allocation Failure) 1.239: [ParNew: 1090K->96K(1152K), 0.0013873 secs] 58860K->58858K(355072K), 0.0014474 secs] [Times: user=0.00 sys=0.00, real=0.00 secs] 
2014-07-10T12:34:15.744+0200: 1.241: [GC (Allocation Failure) 1.241: [ParNew: 1090K->96K(1152K), 0.0013873 secs] 59853K->59851K(355072K), 0.0014434 secs] [Times: user=0.00 sys=0.00, real=0.00 secs] 
2014-07-10T12:34:15.745+0200: 1.243: [GC (Allocation Failure) 1.243: [ParNew: 1090K->96K(1152K), 0.0013202 secs] 60845K->60843K(355072K), 0.0013704 secs] [Times: user=0.00 sys=0.00, real=0.00 secs] 
2014-07-10T12:34:15.747+0200: 1.244: [GC (Allocation Failure) 1.244: [ParNew: 1090K->96K(1152K), 0.0013155 secs] 61838K->61836K(355072K), 0.0013723 secs] [Times: user=0.00 sys=0.00, real=0.00 secs] 
2014-07-10T12:34:15.748+0200: 1.246: [GC (Allocation Failure) 1.246: [ParNew: 1090K->96K(1152K), 0.0013561 secs] 62830K->62828K(355072K), 0.0014119 secs] [Times: user=0.00 sys=0.00, real=0.00 secs] 
2014-07-10T12:34:15.750+0200: 1.248: [GC (Allocation Failure) 1.248: [ParNew: 1090K->96K(1152K), 0.0013833 secs] 63823K->63821K(355072K), 0.0014434 secs] [Times: user=0.00 sys=0.00, real=0.00 secs] 
2014-07-10T12:34:15.752+0200: 1.249: [GC (Allocation Failure) 1.249: [ParNew: 1090K->96K(1152K), 0.0013734 secs] 64815K->64813K(355072K), 0.0014269 secs] [Times: user=0.00 sys=0.00, real=0.00 secs] 
2014-07-10T12:34:15.754+0200: 1.251: [GC (Allocation Failure) 1.251: [ParNew: 1090K->96K(1152K), 0.0015666 secs] 65808K->65806K(355072K), 0.0016216 secs] [Times: user=0.00 sys=0.00, real=0.00 secs] 
2014-07-10T12:34:15.756+0200: 1.253: [GC (Allocation Failure) 1.253: [ParNew: 1098K->106K(1152K), 0.0013833 secs] 66808K->66584K(355072K), 0.0014460 secs] [Times: user=0.03 sys=0.00, real=0.00 secs] 
2014-07-10T12:34:15.757+0200: 1.255: [GC (Allocation Failure) 1.255: [ParNew: 1100K->96K(1152K), 0.0014298 secs] 67579K->67575K(355072K), 0.0014922 secs] [Times: user=0.00 sys=0.00, real=0.00 secs] 
2014-07-10T12:34:15.759+0200: 1.257: [GC (Allocation Failure) 1.257: [ParNew: 1090K->96K(1152K), 0.0015582 secs] 68569K->68567K(355072K), 0.0016187 secs] [Times: user=0.00 sys=0.00, real=0.00 secs] 
2014-07-10T12:34:15.761+0200: 1.259: [GC (Allocation Failure) 1.259: [ParNew: 1090K->96K(1152K), 0.0013954 secs] 69562K->69560K(355072K), 0.0014504 secs] [Times: user=0.00 sys=0.00, real=0.00 secs] 
2014-07-10T12:34:15.763+0200: 1.261: [GC (Allocation Failure) 1.261: [ParNew: 1090K->96K(1152K), 0.0013125 secs] 70554K->70552K(355072K), 0.0013631 secs] [Times: user=0.00 sys=0.00, real=0.00 secs] 
2014-07-10T12:34:15.765+0200: 1.262: [GC (Allocation Failure) 1.262: [ParNew: 1090K->96K(1152K), 0.0015655 secs] 71547K->71545K(355072K), 0.0016242 secs] [Times: user=0.00 sys=0.00, real=0.00 secs] 
2014-07-10T12:34:15.767+0200: 1.264: [GC (Allocation Failure) 1.264: [ParNew: 1090K->96K(1152K), 0.0014067 secs] 72539K->72537K(355072K), 0.0014614 secs] [Times: user=0.00 sys=0.00, real=0.00 secs] 
2014-07-10T12:34:15.769+0200: 1.266: [GC (Allocation Failure) 1.266: [ParNew: 1090K->96K(1152K), 0.0012429 secs] 73532K->73530K(355072K), 0.0012927 secs] [Times: user=0.00 sys=0.00, real=0.00 secs] 
2014-07-10T12:34:15.770+0200: 1.268: [GC (Allocation Failure) 1.268: [ParNew: 1090K->96K(1152K), 0.0021891 secs] 74524K->74522K(355072K), 0.0022459 secs] [Times: user=0.02 sys=0.00, real=0.00 secs] 
2014-07-10T12:34:15.773+0200: 1.271: [GC (Allocation Failure) 1.271: [ParNew: 1090K->96K(1152K), 0.0014830 secs] 75517K->75515K(355072K), 0.0015428 secs] [Times: user=0.00 sys=0.00, real=0.00 secs] 
2014-07-10T12:34:15.775+0200: 1.273: [GC (Allocation Failure) 1.273: [ParNew: 1090K->96K(1152K), 0.0014364 secs] 76509K->76507K(355072K), 0.0014936 secs] [Times: user=0.00 sys=0.00, real=0.00 secs] 
2014-07-10T12:34:15.777+0200: 1.275: [GC (Allocation Failure) 1.275: [ParNew: 1090K->96K(1152K), 0.0013309 secs] 77502K->77500K(355072K), 0.0013895 secs] [Times: user=0.00 sys=0.00, real=0.00 secs] 
2014-07-10T12:34:15.779+0200: 1.277: [GC (Allocation Failure) 1.277: [ParNew: 1090K->96K(1152K), 0.0013521 secs] 78494K->78492K(355072K), 0.0014093 secs] [Times: user=0.00 sys=0.00, real=0.00 secs] 
2014-07-10T12:34:15.781+0200: 1.278: [GC (Allocation Failure) 1.278: [ParNew: 1090K->96K(1152K), 0.0013609 secs] 79487K->79485K(355072K), 0.0014152 secs] [Times: user=0.00 sys=0.00, real=0.00 secs] 
2014-07-10T12:34:15.783+0200: 1.281: [GC (Allocation Failure) 1.281: [ParNew: 1090K->96K(1152K), 0.0016766 secs] 80479K->80477K(355072K), 0.0017437 secs] [Times: user=0.00 sys=0.00, real=0.00 secs] 
2014-07-10T12:34:15.788+0200: 1.286: [GC (Allocation Failure) 1.286: [ParNew: 1090K->96K(1152K), 0.0016000 secs] 81471K->81469K(355072K), 0.0016828 secs] [Times: user=0.00 sys=0.00, real=0.00 secs] 
2014-07-10T12:34:15.790+0200: 1.288: [GC (Allocation Failure) 1.288: [ParNew: 1090K->96K(1152K), 0.0013019 secs] 82464K->82462K(355072K), 0.0013565 secs] [Times: user=0.00 sys=0.00, real=0.00 secs] 
2014-07-10T12:34:15.792+0200: 1.289: [GC (Allocation Failure) 1.289: [ParNew: 1090K->96K(1152K), 0.0013946 secs] 83456K->83454K(355072K), 0.0014500 secs] [Times: user=0.00 sys=0.00, real=0.00 secs] 
2014-07-10T12:34:15.794+0200: 1.291: [GC (Allocation Failure) 1.291: [ParNew: 1090K->96K(1152K), 0.0014584 secs] 84449K->84447K(355072K), 0.0015131 secs] [Times: user=0.00 sys=0.00, real=0.00 secs] 
2014-07-10T12:34:15.796+0200: 1.293: [GC (Allocation Failure) 1.293: [ParNew: 1090K->96K(1152K), 0.0013943 secs] 85441K->85439K(355072K), 0.0014507 secs] [Times: user=0.00 sys=0.00, real=0.00 secs] 
2014-07-10T12:34:15.797+0200: 1.295: [GC (Allocation Failure) 1.295: [ParNew: 1090K->96K(1152K), 0.0014511 secs] 86434K->86432K(355072K), 0.0015171 secs] [Times: user=0.00 sys=0.00, real=0.00 secs] 
2014-07-10T12:34:15.800+0200: 1.297: [GC (Allocation Failure) 1.297: [ParNew: 1090K->96K(1152K), 0.0021792 secs] 87426K->87424K(355072K), 0.0022701 secs] [Times: user=0.00 sys=0.00, real=0.00 secs] 
2014-07-10T12:34:15.802+0200: 1.300: [GC (Allocation Failure) 1.300: [ParNew: 1090K->96K(1152K), 0.0016868 secs] 88419K->88417K(355072K), 0.0017723 secs] [Times: user=0.03 sys=0.00, real=0.00 secs] 
2014-07-10T12:34:15.806+0200: 1.303: [GC (Allocation Failure) 1.303: [ParNew: 1090K->96K(1152K), 0.0016876 secs] 89411K->89409K(355072K), 0.0017756 secs] [Times: user=0.00 sys=0.00, real=0.00 secs] 
2014-07-10T12:34:15.808+0200: 1.306: [GC (Allocation Failure) 1.306: [ParNew: 1090K->96K(1152K), 0.0015266 secs] 90404K->90402K(355072K), 0.0015919 secs] [Times: user=0.00 sys=0.00, real=0.00 secs] 
2014-07-10T12:34:15.810+0200: 1.307: [GC (Allocation Failure) 1.307: [ParNew: 1090K->96K(1152K), 0.0013503 secs] 91396K->91394K(355072K), 0.0014045 secs] [Times: user=0.00 sys=0.00, real=0.00 secs] 
2014-07-10T12:34:15.812+0200: 1.309: [GC (Allocation Failure) 1.309: [ParNew: 1090K->96K(1152K), 0.0013202 secs] 92389K->92387K(355072K), 0.0013767 secs] [Times: user=0.00 sys=0.00, real=0.00 secs] 
2014-07-10T12:34:15.813+0200: 1.311: [GC (Allocation Failure) 1.311: [ParNew: 1090K->96K(1152K), 0.0012792 secs] 93381K->93379K(355072K), 0.0013356 secs] [Times: user=0.00 sys=0.00, real=0.00 secs] 
2014-07-10T12:34:15.815+0200: 1.312: [GC (Allocation Failure) 1.312: [ParNew: 1090K->96K(1152K), 0.0013386 secs] 94374K->94372K(355072K), 0.0014005 secs] [Times: user=0.00 sys=0.00, real=0.00 secs] 
2014-07-10T12:34:15.817+0200: 1.314: [GC (Allocation Failure) 1.314: [ParNew: 1090K->96K(1152K), 0.0014298 secs] 95366K->95364K(355072K), 0.0014870 secs] [Times: user=0.00 sys=0.00, real=0.00 secs] 
2014-07-10T12:34:15.818+0200: 1.316: [GC (Allocation Failure) 1.316: [ParNew: 1090K->96K(1152K), 0.0013078 secs] 96359K->96357K(355072K), 0.0013642 secs] [Times: user=0.01 sys=0.00, real=0.00 secs] 
2014-07-10T12:34:15.820+0200: 1.318: [GC (Allocation Failure) 1.318: [ParNew: 1090K->96K(1152K), 0.0025539 secs] 97351K->97349K(355072K), 0.0026269 secs] [Times: user=0.00 sys=0.00, real=0.00 secs] 
2014-07-10T12:34:15.823+0200: 1.321: [GC (Allocation Failure) 1.321: [ParNew: 1090K->96K(1152K), 0.0012766 secs] 98344K->98342K(355072K), 0.0013323 secs] [Times: user=0.00 sys=0.00, real=0.00 secs] 
2014-07-10T12:34:15.825+0200: 1.322: [GC (Allocation Failure) 1.322: [ParNew: 1090K->96K(1152K), 0.0012715 secs] 99336K->99334K(355072K), 0.0013199 secs] [Times: user=0.00 sys=0.00, real=0.00 secs] 
2014-07-10T12:34:15.826+0200: 1.324: [GC (Allocation Failure) 1.324: [ParNew: 1090K->96K(1152K), 0.0012682 secs] 100329K->100327K(355072K), 0.0013180 secs] [Times: user=0.00 sys=0.00, real=0.00 secs] 
2014-07-10T12:34:15.828+0200: 1.325: [GC (Allocation Failure) 1.325: [ParNew: 1090K->96K(1152K), 0.0012025 secs] 101321K->101319K(355072K), 0.0012579 secs] [Times: user=0.00 sys=0.00, real=0.00 secs] 
2014-07-10T12:34:15.829+0200: 1.327: [GC (Allocation Failure) 1.327: [ParNew: 1090K->96K(1152K), 0.0012942 secs] 102314K->102312K(355072K), 0.0013481 secs] [Times: user=0.00 sys=0.00, real=0.00 secs] 
2014-07-10T12:34:15.831+0200: 1.329: [GC (Allocation Failure) 1.329: [ParNew: 1090K->96K(1152K), 0.0012308 secs] 103306K->103304K(355072K), 0.0012982 secs] [Times: user=0.00 sys=0.00, real=0.00 secs] 
2014-07-10T12:34:15.833+0200: 1.330: [GC (Allocation Failure) 1.330: [ParNew: 1090K->96K(1152K), 0.0014724 secs] 104299K->104297K(355072K), 0.0015402 secs] [Times: user=0.00 sys=0.00, real=0.00 secs] 
2014-07-10T12:34:15.835+0200: 1.332: [GC (Allocation Failure) 1.332: [ParNew: 1090K->96K(1152K), 0.0015549 secs] 105291K->105289K(355072K), 0.0016267 secs] [Times: user=0.00 sys=0.00, real=0.00 secs] 
2014-07-10T12:34:15.837+0200: 1.334: [GC (Allocation Failure) 1.334: [ParNew: 1090K->96K(1152K), 0.0016736 secs] 106284K->106282K(355072K), 0.0017477 secs] [Times: user=0.00 sys=0.00, real=0.00 secs] 
2014-07-10T12:34:15.839+0200: 1.337: [GC (Allocation Failure) 1.337: [ParNew: 1090K->96K(1152K), 0.0014471 secs] 107276K->107274K(355072K), 0.0015164 secs] [Times: user=0.00 sys=0.00, real=0.00 secs] 
2014-07-10T12:34:15.841+0200: 1.338: [GC (Allocation Failure) 1.338: [ParNew: 1090K->96K(1152K), 0.0014251 secs] 108269K->108267K(355072K), 0.0014958 secs] [Times: user=0.00 sys=0.00, real=0.00 secs] 
2014-07-10T12:34:15.843+0200: 1.340: [GC (Allocation Failure) 1.340: [ParNew: 1090K->96K(1152K), 0.0014449 secs] 109261K->109259K(355072K), 0.0015105 secs] [Times: user=0.00 sys=0.00, real=0.00 secs] 
2014-07-10T12:34:15.845+0200: 1.342: [GC (Allocation Failure) 1.342: [ParNew: 1090K->96K(1152K), 0.0013572 secs] 110254K->110252K(355072K), 0.0014133 secs] [Times: user=0.00 sys=0.00, real=0.00 secs] 
2014-07-10T12:34:15.846+0200: 1.344: [GC (Allocation Failure) 1.344: [ParNew: 1090K->96K(1152K), 0.0014155 secs] 111246K->111244K(355072K), 0.0014830 secs] [Times: user=0.00 sys=0.00, real=0.00 secs] 
2014-07-10T12:34:15.848+0200: 1.346: [GC (Allocation Failure) 1.346: [ParNew: 1090K->96K(1152K), 0.0016483 secs] 112238K->112236K(355072K), 0.0017290 secs] [Times: user=0.03 sys=0.00, real=0.00 secs] 
2014-07-10T12:34:15.850+0200: 1.348: [GC (Allocation Failure) 1.348: [ParNew: 1090K->96K(1152K), 0.0014423 secs] 113231K->113229K(355072K), 0.0015153 secs] [Times: user=0.00 sys=0.00, real=0.00 secs] 
2014-07-10T12:34:15.852+0200: 1.350: [GC (Allocation Failure) 1.350: [ParNew: 1090K->96K(1152K), 0.0013902 secs] 114223K->114221K(355072K), 0.0015967 secs] [Times: user=0.00 sys=0.00, real=0.00 secs] 
2014-07-10T12:34:15.854+0200: 1.352: [GC (Allocation Failure) 1.352: [ParNew: 1090K->96K(1152K), 0.0014669 secs] 115216K->115214K(355072K), 0.0015281 secs] [Times: user=0.00 sys=0.00, real=0.00 secs] 
2014-07-10T12:34:15.856+0200: 1.354: [GC (Allocation Failure) 1.354: [ParNew: 1090K->96K(1152K), 0.0013096 secs] 116208K->116206K(355072K), 0.0014020 secs] [Times: user=0.00 sys=0.00, real=0.00 secs] 
2014-07-10T12:34:15.858+0200: 1.355: [GC (Allocation Failure) 1.355: [ParNew: 1090K->96K(1152K), 0.0013081 secs] 117201K->117199K(355072K), 0.0013653 secs] [Times: user=0.00 sys=0.00, real=0.00 secs] 
2014-07-10T12:34:15.860+0200: 1.357: [GC (Allocation Failure) 1.357: [ParNew: 1090K->96K(1152K), 0.0013635 secs] 118193K->118191K(355072K), 0.0014262 secs] [Times: user=0.00 sys=0.00, real=0.00 secs] 
2014-07-10T12:34:15.861+0200: 1.359: [GC (Allocation Failure) 1.359: [ParNew: 1090K->96K(1152K), 0.0013517 secs] 119186K->119184K(355072K), 0.0014137 secs] [Times: user=0.00 sys=0.00, real=0.00 secs] 
2014-07-10T12:34:15.863+0200: 1.361: [GC (Allocation Failure) 1.361: [ParNew: 1090K->96K(1152K), 0.0014210 secs] 120178K->120176K(355072K), 0.0014782 secs] [Times: user=0.00 sys=0.00, real=0.00 secs] 
2014-07-10T12:34:15.865+0200: 1.362: [GC (Allocation Failure) 1.362: [ParNew: 1090K->96K(1152K), 0.0013279 secs] 121171K->121169K(355072K), 0.0013957 secs] [Times: user=0.03 sys=0.00, real=0.00 secs] 
2014-07-10T12:34:15.866+0200: 1.364: [GC (Allocation Failure) 1.364: [ParNew: 1090K->96K(1152K), 0.0013228 secs] 122163K->122161K(355072K), 0.0013851 secs] [Times: user=0.00 sys=0.00, real=0.00 secs] 
2014-07-10T12:34:15.868+0200: 1.366: [GC (Allocation Failure) 1.366: [ParNew: 1090K->96K(1152K), 0.0014533 secs] 123156K->123154K(355072K), 0.0015186 secs] [Times: user=0.00 sys=0.00, real=0.00 secs] 
2014-07-10T12:34:15.870+0200: 1.368: [GC (Allocation Failure) 1.368: [ParNew: 1090K->96K(1152K), 0.0014177 secs] 124148K->124146K(355072K), 0.0014753 secs] [Times: user=0.00 sys=0.00, real=0.00 secs] 
2014-07-10T12:34:15.872+0200: 1.369: [GC (Allocation Failure) 1.369: [ParNew: 1090K->96K(1152K), 0.0012825 secs] 125141K->125139K(355072K), 0.0013375 secs] [Times: user=0.00 sys=0.00, real=0.00 secs] 
2014-07-10T12:34:15.873+0200: 1.371: [GC (Allocation Failure) 1.371: [ParNew: 1090K->96K(1152K), 0.0012693 secs] 126133K->126131K(355072K), 0.0013213 secs] [Times: user=0.00 sys=0.00, real=0.00 secs] 
2014-07-10T12:34:15.875+0200: 1.372: [GC (Allocation Failure) 1.372: [ParNew: 1090K->96K(1152K), 0.0011941 secs] 127126K->127124K(355072K), 0.0012458 secs] [Times: user=0.00 sys=0.00, real=0.00 secs] 
2014-07-10T12:34:15.876+0200: 1.374: [GC (Allocation Failure) 1.374: [ParNew: 1090K->96K(1152K), 0.0012850 secs] 128118K->128116K(355072K), 0.0013473 secs] [Times: user=0.00 sys=0.00, real=0.00 secs] 
2014-07-10T12:34:15.878+0200: 1.376: [GC (Allocation Failure) 1.376: [ParNew: 1090K->96K(1152K), 0.0012458 secs] 129111K->129109K(355072K), 0.0012968 secs] [Times: user=0.00 sys=0.00, real=0.00 secs] 
2014-07-10T12:34:15.880+0200: 1.377: [GC (Allocation Failure) 1.377: [ParNew: 1090K->96K(1152K), 0.0012407 secs] 130103K->130101K(355072K), 0.0012913 secs] [Times: user=0.00 sys=0.00, real=0.00 secs] 
2014-07-10T12:34:15.881+0200: 1.379: [GC (Allocation Failure) 1.379: [ParNew: 1090K->96K(1152K), 0.0017066 secs] 131096K->131094K(355072K), 0.0017792 secs] [Times: user=0.03 sys=0.00, real=0.00 secs] 
2014-07-10T12:34:15.883+0200: 1.381: [GC (Allocation Failure) 1.381: [ParNew: 1098K->106K(1152K), 0.0015560 secs] 132096K->131808K(355072K), 0.0016223 secs] [Times: user=0.00 sys=0.00, real=0.00 secs] 
2014-07-10T12:34:15.885+0200: 1.383: [GC (Allocation Failure) 1.383: [ParNew: 1100K->96K(1152K), 0.0014009 secs] 132803K->132799K(355072K), 0.0014665 secs] [Times: user=0.00 sys=0.00, real=0.00 secs] 
2014-07-10T12:34:15.887+0200: 1.385: [GC (Allocation Failure) 1.385: [ParNew: 1090K->96K(1152K), 0.0017506 secs] 133793K->133791K(355072K), 0.0018471 secs] [Times: user=0.00 sys=0.00, real=0.00 secs] 
2014-07-10T12:34:15.889+0200: 1.387: [GC (Allocation Failure) 1.387: [ParNew: 1090K->96K(1152K), 0.0013265 secs] 134786K->134784K(355072K), 0.0013833 secs] [Times: user=0.00 sys=0.00, real=0.00 secs] 
2014-07-10T12:34:15.891+0200: 1.388: [GC (Allocation Failure) 1.388: [ParNew: 1090K->96K(1152K), 0.0012667 secs] 135778K->135776K(355072K), 0.0013224 secs] [Times: user=0.00 sys=0.00, real=0.00 secs] 
2014-07-10T12:34:15.892+0200: 1.390: [GC (Allocation Failure) 1.390: [ParNew: 1090K->96K(1152K), 0.0012432 secs] 136771K->136769K(355072K), 0.0013144 secs] [Times: user=0.00 sys=0.00, real=0.00 secs] 
2014-07-10T12:34:15.894+0200: 1.392: [GC (Allocation Failure) 1.392: [ParNew: 1090K->96K(1152K), 0.0012608 secs] 137763K->137761K(355072K), 0.0013118 secs] [Times: user=0.00 sys=0.00, real=0.00 secs] 
2014-07-10T12:34:15.896+0200: 1.393: [GC (Allocation Failure) 1.393: [ParNew: 1090K->96K(1152K), 0.0013726 secs] 138755K->138753K(355072K), 0.0014449 secs] [Times: user=0.03 sys=0.00, real=0.00 secs] 
2014-07-10T12:34:15.898+0200: 1.395: [GC (Allocation Failure) 1.395: [ParNew: 1090K->96K(1152K), 0.0013657 secs] 139748K->139746K(355072K), 0.0014295 secs] [Times: user=0.00 sys=0.00, real=0.00 secs] 
2014-07-10T12:34:15.899+0200: 1.397: [GC (Allocation Failure) 1.397: [ParNew: 1090K->96K(1152K), 0.0013906 secs] 140740K->140738K(355072K), 0.0014529 secs] [Times: user=0.00 sys=0.00, real=0.00 secs] 
2014-07-10T12:34:15.901+0200: 1.399: [GC (Allocation Failure) 1.399: [ParNew: 1090K->96K(1152K), 0.0014207 secs] 141733K->141731K(355072K), 0.0014793 secs] [Times: user=0.00 sys=0.00, real=0.00 secs] 
2014-07-10T12:34:15.903+0200: 1.400: [GC (Allocation Failure) 1.400: [ParNew: 1090K->96K(1152K), 0.0012539 secs] 142725K->142723K(355072K), 0.0013125 secs] [Times: user=0.00 sys=0.00, real=0.00 secs] 
2014-07-10T12:34:15.904+0200: 1.402: [GC (Allocation Failure) 1.402: [ParNew: 1090K->96K(1152K), 0.0012704 secs] 143718K->143716K(355072K), 0.0013265 secs] [Times: user=0.00 sys=0.00, real=0.00 secs] 
2014-07-10T12:34:15.906+0200: 1.403: [GC (Allocation Failure) 1.403: [ParNew: 1090K->96K(1152K), 0.0012689 secs] 144710K->144708K(355072K), 0.0013265 secs] [Times: user=0.00 sys=0.00, real=0.00 secs] 
2014-07-10T12:34:15.908+0200: 1.405: [GC (Allocation Failure) 1.405: [ParNew: 1090K->96K(1152K), 0.0013008 secs] 145703K->145701K(355072K), 0.0013583 secs] [Times: user=0.00 sys=0.00, real=0.00 secs] 
2014-07-10T12:34:15.909+0200: 1.407: [GC (Allocation Failure) 1.407: [ParNew: 1090K->96K(1152K), 0.0012458 secs] 146695K->146693K(355072K), 0.0012971 secs] [Times: user=0.00 sys=0.00, real=0.00 secs] 
2014-07-10T12:34:15.911+0200: 1.408: [GC (Allocation Failure) 1.408: [ParNew: 1090K->96K(1152K), 0.0013162 secs] 147688K->147686K(355072K), 0.0013715 secs] [Times: user=0.00 sys=0.00, real=0.00 secs] 
2014-07-10T12:34:15.912+0200: 1.410: [GC (Allocation Failure) 1.410: [ParNew: 1090K->96K(1152K), 0.0013539 secs] 148680K->148678K(355072K), 0.0014148 secs] [Times: user=0.03 sys=0.00, real=0.00 secs] 
2014-07-10T12:34:15.914+0200: 1.412: [GC (Allocation Failure) 1.412: [ParNew: 1090K->96K(1152K), 0.0012660 secs] 149673K->149671K(355072K), 0.0013210 secs] [Times: user=0.00 sys=0.00, real=0.00 secs] 
2014-07-10T12:34:15.916+0200: 1.413: [GC (Allocation Failure) 1.413: [ParNew: 1090K->96K(1152K), 0.0011692 secs] 150665K->150663K(355072K), 0.0012212 secs] [Times: user=0.00 sys=0.00, real=0.00 secs] 
2014-07-10T12:34:15.917+0200: 1.415: [GC (Allocation Failure) 1.415: [ParNew: 1090K->96K(1152K), 0.0012473 secs] 151658K->151656K(355072K), 0.0013030 secs] [Times: user=0.00 sys=0.00, real=0.00 secs] 
2014-07-10T12:34:15.919+0200: 1.416: [GC (Allocation Failure) 1.416: [ParNew: 1090K->96K(1152K), 0.0012077 secs] 152650K->152648K(355072K), 0.0012685 secs] [Times: user=0.00 sys=0.00, real=0.00 secs] 
2014-07-10T12:34:15.920+0200: 1.418: [GC (Allocation Failure) 1.418: [ParNew: 1090K->96K(1152K), 0.0014108 secs] 153643K->153641K(355072K), 0.0014650 secs] [Times: user=0.00 sys=0.00, real=0.00 secs] 
2014-07-10T12:34:15.922+0200: 1.419: [GC (Allocation Failure) 1.419: [ParNew: 1090K->96K(1152K), 0.0012979 secs] 154635K->154633K(355072K), 0.0013506 secs] [Times: user=0.00 sys=0.00, real=0.00 secs] 
2014-07-10T12:34:15.924+0200: 1.421: [GC (Allocation Failure) 1.421: [ParNew: 1090K->96K(1152K), 0.0012271 secs] 155628K->155626K(355072K), 0.0012821 secs] [Times: user=0.00 sys=0.00, real=0.00 secs] 
2014-07-10T12:34:15.925+0200: 1.423: [GC (Allocation Failure) 1.423: [ParNew: 1090K->96K(1152K), 0.0011970 secs] 156620K->156618K(355072K), 0.0012487 secs] [Times: user=0.00 sys=0.00, real=0.00 secs] 
2014-07-10T12:34:15.927+0200: 1.424: [GC (Allocation Failure) 1.424: [ParNew: 1090K->96K(1152K), 0.0011948 secs] 157613K->157611K(355072K), 0.0012531 secs] [Times: user=0.03 sys=0.00, real=0.00 secs] 
2014-07-10T12:34:15.928+0200: 1.426: [GC (Allocation Failure) 1.426: [ParNew: 1090K->96K(1152K), 0.0012880 secs] 158605K->158603K(355072K), 0.0013429 secs] [Times: user=0.00 sys=0.00, real=0.00 secs] 
2014-07-10T12:34:15.930+0200: 1.427: [GC (Allocation Failure) 1.427: [ParNew: 1090K->96K(1152K), 0.0012564 secs] 159598K->159596K(355072K), 0.0013114 secs] [Times: user=0.00 sys=0.00, real=0.00 secs] 
2014-07-10T12:34:15.931+0200: 1.429: [GC (Allocation Failure) 1.429: [ParNew: 1090K->96K(1152K), 0.0013265 secs] 160590K->160588K(355072K), 0.0013935 secs] [Times: user=0.00 sys=0.00, real=0.00 secs] 
2014-07-10T12:34:15.933+0200: 1.431: [GC (Allocation Failure) 1.431: [ParNew: 1090K->96K(1152K), 0.0015464 secs] 161583K->161581K(355072K), 0.0016253 secs] [Times: user=0.00 sys=0.00, real=0.00 secs] 
2014-07-10T12:34:15.935+0200: 1.433: [GC (Allocation Failure) 1.433: [ParNew: 1090K->96K(1152K), 0.0017070 secs] 162575K->162573K(355072K), 0.0017913 secs] [Times: user=0.00 sys=0.00, real=0.00 secs] 
2014-07-10T12:34:15.937+0200: 1.435: [GC (Allocation Failure) 1.435: [ParNew: 1090K->96K(1152K), 0.0014188 secs] 163568K->163566K(355072K), 0.0014793 secs] [Times: user=0.00 sys=0.00, real=0.00 secs] 
2014-07-10T12:34:15.939+0200: 1.437: [GC (Allocation Failure) 1.437: [ParNew: 1090K->96K(1152K), 0.0012333 secs] 164560K->164558K(355072K), 0.0012891 secs] [Times: user=0.00 sys=0.00, real=0.00 secs] 
2014-07-10T12:34:15.941+0200: 1.438: [GC (Allocation Failure) 1.438: [ParNew: 1090K->96K(1152K), 0.0011717 secs] 165553K->165551K(355072K), 0.0012238 secs] [Times: user=0.00 sys=0.00, real=0.00 secs] 
2014-07-10T12:34:15.942+0200: 1.440: [GC (Allocation Failure) 1.440: [ParNew: 1090K->96K(1152K), 0.0012212 secs] 166545K->166543K(355072K), 0.0012766 secs] [Times: user=0.00 sys=0.00, real=0.00 secs] 
2014-07-10T12:34:15.944+0200: 1.441: [GC (Allocation Failure) 1.441: [ParNew: 1090K->96K(1152K), 0.0012850 secs] 167538K->167536K(355072K), 0.0013407 secs] [Times: user=0.00 sys=0.00, real=0.00 secs] 
2014-07-10T12:34:15.945+0200: 1.443: [GC (Allocation Failure) 1.443: [ParNew: 1090K->96K(1152K), 0.0012381 secs] 168530K->168528K(355072K), 0.0012927 secs] [Times: user=0.00 sys=0.00, real=0.00 secs] 
2014-07-10T12:34:15.947+0200: 1.445: [GC (Allocation Failure) 1.445: [ParNew: 1090K->96K(1152K), 0.0012715 secs] 169522K->169520K(355072K), 0.0013232 secs] [Times: user=0.00 sys=0.00, real=0.00 secs] 
2014-07-10T12:34:15.949+0200: 1.446: [GC (Allocation Failure) 1.446: [ParNew: 1090K->96K(1152K), 0.0012872 secs] 170515K->170513K(355072K), 0.0013484 secs] [Times: user=0.00 sys=0.00, real=0.00 secs] 
2014-07-10T12:34:15.950+0200: 1.448: [GC (Allocation Failure) 1.448: [ParNew: 1090K->96K(1152K), 0.0014449 secs] 171507K->171505K(355072K), 0.0015153 secs] [Times: user=0.00 sys=0.00, real=0.00 secs] 
2014-07-10T12:34:15.952+0200: 1.450: [GC (Allocation Failure) 1.450: [ParNew: 1090K->96K(1152K), 0.0013917 secs] 172500K->172498K(355072K), 0.0014581 secs] [Times: user=0.00 sys=0.00, real=0.00 secs] 
2014-07-10T12:34:15.954+0200: 1.452: [GC (Allocation Failure) 1.452: [ParNew: 1090K->96K(1152K), 0.0013111 secs] 173492K->173490K(355072K), 0.0013704 secs] [Times: user=0.00 sys=0.00, real=0.00 secs] 
2014-07-10T12:34:15.956+0200: 1.453: [GC (Allocation Failure) 1.453: [ParNew: 1090K->96K(1152K), 0.0012667 secs] 174485K->174483K(355072K), 0.0013199 secs] [Times: user=0.00 sys=0.00, real=0.00 secs] 
2014-07-10T12:34:15.957+0200: 1.455: [GC (Allocation Failure) 1.455: [ParNew: 1090K->96K(1152K), 0.0012355 secs] 175477K->175475K(355072K), 0.0013012 secs] [Times: user=0.00 sys=0.00, real=0.00 secs] 
2014-07-10T12:34:15.959+0200: 1.456: [GC (Allocation Failure) 1.456: [ParNew: 1090K->96K(1152K), 0.0013899 secs] 176470K->176468K(355072K), 0.0014537 secs] [Times: user=0.03 sys=0.00, real=0.00 secs] 
2014-07-10T12:34:15.961+0200: 1.458: [GC (Allocation Failure) 1.458: [ParNew: 1090K->96K(1152K), 0.0014889 secs] 177462K->177460K(355072K), 0.0015604 secs] [Times: user=0.00 sys=0.00, real=0.00 secs] 
2014-07-10T12:34:15.962+0200: 1.460: [GC (Allocation Failure) 1.460: [ParNew: 1090K->96K(1152K), 0.0021224 secs] 178455K->178453K(355072K), 0.0022042 secs] [Times: user=0.00 sys=0.00, real=0.00 secs] 
2014-07-10T12:34:15.965+0200: 1.463: [GC (Allocation Failure) 1.463: [ParNew: 1090K->96K(1152K), 0.0012315 secs] 179447K->179445K(355072K), 0.0012836 secs] [Times: user=0.00 sys=0.00, real=0.00 secs] 
2014-07-10T12:34:15.967+0200: 1.464: [GC (Allocation Failure) 1.464: [ParNew: 1090K->96K(1152K), 0.0013789 secs] 180440K->180438K(355072K), 0.0014408 secs] [Times: user=0.00 sys=0.00, real=0.00 secs] 
2014-07-10T12:34:15.968+0200: 1.466: [GC (Allocation Failure) 1.466: [ParNew: 1090K->96K(1152K), 0.0012403 secs] 181432K->181430K(355072K), 0.0012993 secs] [Times: user=0.00 sys=0.00, real=0.00 secs] 
2014-07-10T12:34:15.970+0200: 1.467: [GC (Allocation Failure) 1.467: [ParNew: 1090K->96K(1152K), 0.0013364 secs] 182425K->182423K(355072K), 0.0013935 secs] [Times: user=0.00 sys=0.00, real=0.00 secs] 
2014-07-10T12:34:15.972+0200: 1.469: [GC (Allocation Failure) 1.469: [ParNew: 1090K->96K(1152K), 0.0012689 secs] 183417K->183415K(355072K), 0.0013202 secs] [Times: user=0.00 sys=0.00, real=0.00 secs] 
2014-07-10T12:34:15.973+0200: 1.471: [GC (Allocation Failure) 1.471: [ParNew: 1090K->96K(1152K), 0.0012480 secs] 184410K->184408K(355072K), 0.0013056 secs] [Times: user=0.00 sys=0.00, real=0.00 secs] 
2014-07-10T12:34:15.975+0200: 1.472: [GC (Allocation Failure) 1.472: [ParNew: 1090K->96K(1152K), 0.0012517 secs] 185402K->185400K(355072K), 0.0013100 secs] [Times: user=0.00 sys=0.00, real=0.00 secs] 
2014-07-10T12:34:15.976+0200: 1.474: [GC (Allocation Failure) 1.474: [ParNew: 1090K->96K(1152K), 0.0011886 secs] 186395K->186393K(355072K), 0.0012454 secs] [Times: user=0.00 sys=0.00, real=0.00 secs] 
2014-07-10T12:34:15.978+0200: 1.475: [GC (Allocation Failure) 1.475: [ParNew: 1090K->96K(1152K), 0.0011831 secs] 187387K->187385K(355072K), 0.0012403 secs] [Times: user=0.00 sys=0.00, real=0.00 secs] 
2014-07-10T12:34:15.979+0200: 1.477: [GC (Allocation Failure) 1.477: [ParNew: 1090K->96K(1152K), 0.0012561 secs] 188380K->188378K(355072K), 0.0013125 secs] [Times: user=0.00 sys=0.00, real=0.00 secs] 
2014-07-10T12:34:15.981+0200: 1.478: [GC (Allocation Failure) 1.478: [ParNew: 1090K->96K(1152K), 0.0012055 secs] 189372K->189370K(355072K), 0.0012605 secs] [Times: user=0.00 sys=0.00, real=0.00 secs] 
2014-07-10T12:34:15.982+0200: 1.480: [GC (Allocation Failure) 1.480: [ParNew: 1090K->96K(1152K), 0.0012726 secs] 190365K->190363K(355072K), 0.0013393 secs] [Times: user=0.00 sys=0.00, real=0.00 secs] 
2014-07-10T12:34:15.984+0200: 1.482: [GC (Allocation Failure) 1.482: [ParNew: 1090K->96K(1152K), 0.0013741 secs] 191357K->191355K(355072K), 0.0014320 secs] [Times: user=0.00 sys=0.00, real=0.00 secs] 
2014-07-10T12:34:15.986+0200: 1.483: [GC (Allocation Failure) 1.483: [ParNew: 1090K->96K(1152K), 0.0012341 secs] 192350K->192348K(355072K), 0.0012916 secs] [Times: user=0.00 sys=0.00, real=0.00 secs] 
2014-07-10T12:34:15.987+0200: 1.485: [GC (Allocation Failure) 1.485: [ParNew: 1090K->96K(1152K), 0.0013023 secs] 193342K->193340K(355072K), 0.0013602 secs] [Times: user=0.00 sys=0.00, real=0.00 secs] 
2014-07-10T12:34:15.989+0200: 1.487: [GC (Allocation Failure) 1.487: [ParNew: 1090K->96K(1152K), 0.0012528 secs] 194335K->194333K(355072K), 0.0013085 secs] [Times: user=0.00 sys=0.00, real=0.00 secs] 
2014-07-10T12:34:15.991+0200: 1.488: [GC (Allocation Failure) 1.488: [ParNew: 1090K->96K(1152K), 0.0013756 secs] 195327K->195325K(355072K), 0.0014353 secs] [Times: user=0.00 sys=0.00, real=0.00 secs] 
2014-07-10T12:34:15.992+0200: 1.490: [GC (Allocation Failure) 1.490: [ParNew: 1090K->96K(1152K), 0.0012297 secs] 196320K->196318K(355072K), 0.0012843 secs] [Times: user=0.00 sys=0.00, real=0.00 secs] 
2014-07-10T12:34:15.994+0200: 1.492: [GC (Allocation Failure) 1.492: [ParNew: 1098K->106K(1152K), 0.0011310 secs] 197320K->196968K(355072K), 0.0011824 secs] [Times: user=0.00 sys=0.00, real=0.00 secs] 
2014-07-10T12:34:15.996+0200: 1.493: [GC (Allocation Failure) 1.493: [ParNew: 1100K->96K(1152K), 0.0012579 secs] 197962K->197958K(355072K), 0.0013188 secs] [Times: user=0.00 sys=0.00, real=0.00 secs] 
2014-07-10T12:34:15.997+0200: 1.495: [GC (Allocation Failure) 1.495: [ParNew: 1090K->96K(1152K), 0.0014687 secs] 198953K->198951K(355072K), 0.0015259 secs] [Times: user=0.00 sys=0.00, real=0.00 secs] 
2014-07-10T12:34:15.999+0200: 1.496: [GC (Allocation Failure) 1.496: [ParNew: 1090K->96K(1152K), 0.0012814 secs] 199945K->199943K(355072K), 0.0016069 secs] [Times: user=0.00 sys=0.00, real=0.00 secs] 
2014-07-10T12:34:16.001+0200: 1.498: [GC (Allocation Failure) 1.498: [ParNew: 1090K->96K(1152K), 0.0014207 secs] 200938K->200936K(355072K), 0.0014782 secs] [Times: user=0.00 sys=0.00, real=0.00 secs] 
2014-07-10T12:34:16.003+0200: 1.500: [GC (Allocation Failure) 1.500: [ParNew: 1090K->96K(1152K), 0.0012253 secs] 201930K->201928K(355072K), 0.0012803 secs] [Times: user=0.00 sys=0.00, real=0.00 secs] 
2014-07-10T12:34:16.004+0200: 1.502: [GC (Allocation Failure) 1.502: [ParNew: 1090K->96K(1152K), 0.0013393 secs] 202923K->202921K(355072K), 0.0013961 secs] [Times: user=0.03 sys=0.00, real=0.00 secs] 
2014-07-10T12:34:16.006+0200: 1.503: [GC (Allocation Failure) 1.503: [ParNew: 1090K->96K(1152K), 0.0012773 secs] 203915K->203913K(355072K), 0.0013448 secs] [Times: user=0.00 sys=0.00, real=0.00 secs] 
2014-07-10T12:34:16.008+0200: 1.505: [GC (Allocation Failure) 1.505: [ParNew: 1090K->96K(1152K), 0.0013107 secs] 204908K->204906K(355072K), 0.0013682 secs] [Times: user=0.00 sys=0.00, real=0.00 secs] 
2014-07-10T12:34:16.009+0200: 1.507: [GC (Allocation Failure) 1.507: [ParNew: 1090K->96K(1152K), 0.0012183 secs] 205900K->205898K(355072K), 0.0012887 secs] [Times: user=0.00 sys=0.00, real=0.00 secs] 
2014-07-10T12:34:16.011+0200: 1.508: [GC (Allocation Failure) 1.508: [ParNew: 1090K->96K(1152K), 0.0012366 secs] 206893K->206891K(355072K), 0.0012920 secs] [Times: user=0.00 sys=0.00, real=0.00 secs] 
2014-07-10T12:34:16.012+0200: 1.510: [GC (Allocation Failure) 1.510: [ParNew: 1090K->96K(1152K), 0.0013364 secs] 207885K->207883K(355072K), 0.0013950 secs] [Times: user=0.00 sys=0.00, real=0.00 secs] 
2014-07-10T12:34:16.014+0200: 1.512: [GC (Allocation Failure) 1.512: [ParNew: 1090K->96K(1152K), 0.0012718 secs] 208878K->208876K(355072K), 0.0013265 secs] [Times: user=0.00 sys=0.00, real=0.00 secs] 
2014-07-10T12:34:16.016+0200: 1.513: [GC (Allocation Failure) 1.513: [ParNew: 1090K->96K(1152K), 0.0012568 secs] 209870K->209868K(355072K), 0.0014342 secs] [Times: user=0.00 sys=0.00, real=0.00 secs] 
2014-07-10T12:34:16.017+0200: 1.515: [GC (Allocation Failure) 1.515: [ParNew: 1090K->96K(1152K), 0.0012513 secs] 210863K->210861K(355072K), 0.0013063 secs] [Times: user=0.00 sys=0.00, real=0.00 secs] 
2014-07-10T12:34:16.019+0200: 1.516: [GC (Allocation Failure) 1.516: [ParNew: 1090K->96K(1152K), 0.0012766 secs] 211855K->211853K(355072K), 0.0013331 secs] [Times: user=0.00 sys=0.00, real=0.00 secs] 
2014-07-10T12:34:16.020+0200: 1.518: [GC (Allocation Failure) 1.518: [ParNew: 1090K->96K(1152K), 0.0015545 secs] 212848K->212846K(355072K), 0.0016403 secs] [Times: user=0.03 sys=0.00, real=0.00 secs] 
2014-07-10T12:34:16.022+0200: 1.520: [GC (Allocation Failure) 1.520: [ParNew: 1090K->96K(1152K), 0.0015028 secs] 213840K->213838K(355072K), 0.0015739 secs] [Times: user=0.00 sys=0.00, real=0.00 secs] 
2014-07-10T12:34:16.024+0200: 1.522: [GC (Allocation Failure) 1.522: [ParNew: 1090K->96K(1152K), 0.0012847 secs] 214833K->214831K(355072K), 0.0013451 secs] [Times: user=0.00 sys=0.00, real=0.00 secs] 
2014-07-10T12:34:16.026+0200: 1.523: [GC (Allocation Failure) 1.524: [ParNew: 1090K->96K(1152K), 0.0012212 secs] 215825K->215823K(355072K), 0.0012825 secs] [Times: user=0.00 sys=0.00, real=0.00 secs] 
2014-07-10T12:34:16.028+0200: 1.525: [GC (Allocation Failure) 1.525: [ParNew: 1090K->96K(1152K), 0.0012872 secs] 216818K->216816K(355072K), 0.0013466 secs] [Times: user=0.00 sys=0.00, real=0.00 secs] 
2014-07-10T12:34:16.029+0200: 1.527: [GC (Allocation Failure) 1.527: [ParNew: 1090K->96K(1152K), 0.0012792 secs] 217810K->217808K(355072K), 0.0013342 secs] [Times: user=0.00 sys=0.00, real=0.00 secs] 
2014-07-10T12:34:16.031+0200: 1.528: [GC (Allocation Failure) 1.528: [ParNew: 1090K->96K(1152K), 0.0013276 secs] 218803K->218801K(355072K), 0.0013961 secs] [Times: user=0.00 sys=0.00, real=0.00 secs] 
2014-07-10T12:34:16.033+0200: 1.530: [GC (Allocation Failure) 1.530: [ParNew: 1090K->96K(1152K), 0.0015835 secs] 219795K->219793K(355072K), 0.0016542 secs] [Times: user=0.00 sys=0.00, real=0.00 secs] 
2014-07-10T12:34:16.035+0200: 1.532: [GC (Allocation Failure) 1.532: [ParNew: 1090K->96K(1152K), 0.0014507 secs] 220788K->220786K(355072K), 0.0015164 secs] [Times: user=0.00 sys=0.00, real=0.00 secs] 
2014-07-10T12:34:16.037+0200: 1.534: [GC (Allocation Failure) 1.534: [ParNew: 1090K->96K(1152K), 0.0013210 secs] 221780K->221778K(355072K), 0.0013818 secs] [Times: user=0.03 sys=0.00, real=0.00 secs] 
2014-07-10T12:34:16.038+0200: 1.536: [GC (Allocation Failure) 1.536: [ParNew: 1090K->96K(1152K), 0.0013668 secs] 222773K->222771K(355072K), 0.0014353 secs] [Times: user=0.00 sys=0.00, real=0.00 secs] 
2014-07-10T12:34:16.040+0200: 1.537: [GC (Allocation Failure) 1.538: [ParNew: 1090K->96K(1152K), 0.0013356 secs] 223765K->223763K(355072K), 0.0013950 secs] [Times: user=0.00 sys=0.00, real=0.00 secs] 
2014-07-10T12:34:16.042+0200: 1.539: [GC (Allocation Failure) 1.539: [ParNew: 1090K->96K(1152K), 0.0012685 secs] 224757K->224755K(355072K), 0.0013239 secs] [Times: user=0.00 sys=0.00, real=0.00 secs] 
2014-07-10T12:34:16.043+0200: 1.541: [GC (Allocation Failure) 1.541: [ParNew: 1090K->96K(1152K), 0.0012920 secs] 225750K->225748K(355072K), 0.0013503 secs] [Times: user=0.00 sys=0.00, real=0.00 secs] 
2014-07-10T12:34:16.045+0200: 1.542: [GC (Allocation Failure) 1.542: [ParNew: 1090K->96K(1152K), 0.0012979 secs] 226742K->226740K(355072K), 0.0013554 secs] [Times: user=0.00 sys=0.00, real=0.00 secs] 
2014-07-10T12:34:16.046+0200: 1.544: [GC (Allocation Failure) 1.544: [ParNew: 1090K->96K(1152K), 0.0012297 secs] 227735K->227733K(355072K), 0.0012869 secs] [Times: user=0.00 sys=0.00, real=0.00 secs] 
2014-07-10T12:34:16.048+0200: 1.546: [GC (Allocation Failure) 1.546: [ParNew: 1090K->96K(1152K), 0.0012172 secs] 228727K->228725K(355072K), 0.0012737 secs] [Times: user=0.00 sys=0.00, real=0.00 secs] 
2014-07-10T12:34:16.050+0200: 1.547: [GC (Allocation Failure) 1.547: [ParNew: 1090K->96K(1152K), 0.0014357 secs] 229720K->229718K(355072K), 0.0014958 secs] [Times: user=0.00 sys=0.00, real=0.00 secs] 
2014-07-10T12:34:16.051+0200: 1.549: [GC (Allocation Failure) 1.549: [ParNew: 1090K->96K(1152K), 0.0012755 secs] 230712K->230710K(355072K), 0.0013338 secs] [Times: user=0.03 sys=0.00, real=0.00 secs] 
2014-07-10T12:34:16.053+0200: 1.551: [GC (Allocation Failure) 1.551: [ParNew: 1090K->96K(1152K), 0.0014401 secs] 231705K->231703K(355072K), 0.0015127 secs] [Times: user=0.00 sys=0.00, real=0.00 secs] 
2014-07-10T12:34:16.055+0200: 1.552: [GC (Allocation Failure) 1.552: [ParNew: 1090K->96K(1152K), 0.0013371 secs] 232697K->232695K(355072K), 0.0014016 secs] [Times: user=0.00 sys=0.00, real=0.00 secs] 
2014-07-10T12:34:16.056+0200: 1.554: [GC (Allocation Failure) 1.554: [ParNew: 1090K->96K(1152K), 0.0013422 secs] 233690K->233688K(355072K), 0.0014119 secs] [Times: user=0.00 sys=0.00, real=0.00 secs] 
2014-07-10T12:34:16.058+0200: 1.556: [GC (Allocation Failure) 1.556: [ParNew: 1090K->96K(1152K), 0.0012663 secs] 234682K->234680K(355072K), 0.0013290 secs] [Times: user=0.00 sys=0.00, real=0.00 secs] 
2014-07-10T12:34:16.060+0200: 1.557: [GC (Allocation Failure) 1.557: [ParNew: 1090K->96K(1152K), 0.0013166 secs] 235675K->235673K(355072K), 0.0013752 secs] [Times: user=0.00 sys=0.00, real=0.00 secs] 
2014-07-10T12:34:16.061+0200: 1.559: [GC (Allocation Failure) 1.559: [ParNew: 1090K->96K(1152K), 0.0013041 secs] 236667K->236665K(355072K), 0.0013609 secs] [Times: user=0.00 sys=0.00, real=0.00 secs] 
2014-07-10T12:34:16.063+0200: 1.561: [GC (Allocation Failure) 1.561: [ParNew: 1090K->96K(1152K), 0.0013708 secs] 237660K->237658K(355072K), 0.0014302 secs] [Times: user=0.00 sys=0.00, real=0.00 secs] 
2014-07-10T12:34:16.065+0200: 1.562: [GC (Allocation Failure) 1.562: [ParNew: 1090K->96K(1152K), 0.0013638 secs] 238652K->238650K(355072K), 0.0014247 secs] [Times: user=0.00 sys=0.00, real=0.00 secs] 
2014-07-10T12:34:16.067+0200: 1.564: [GC (Allocation Failure) 1.564: [ParNew: 1090K->96K(1152K), 0.0013869 secs] 239645K->239643K(355072K), 0.0014449 secs] [Times: user=0.00 sys=0.00, real=0.00 secs] 
2014-07-10T12:34:16.068+0200: 1.566: [GC (Allocation Failure) 1.566: [ParNew: 1090K->96K(1152K), 0.0012293 secs] 240637K->240635K(355072K), 0.0012964 secs] [Times: user=0.03 sys=0.00, real=0.00 secs] 
2014-07-10T12:34:16.070+0200: 1.567: [GC (Allocation Failure) 1.567: [ParNew: 1090K->96K(1152K), 0.0015123 secs] 241630K->241628K(355072K), 0.0015849 secs] [Times: user=0.00 sys=0.00, real=0.00 secs] 
2014-07-10T12:34:16.072+0200: 1.569: [GC (Allocation Failure) 1.569: [ParNew: 1090K->96K(1152K), 0.0013877 secs] 242622K->242620K(355072K), 0.0014463 secs] [Times: user=0.00 sys=0.00, real=0.00 secs] 
2014-07-10T12:34:16.073+0200: 1.571: [GC (Allocation Failure) 1.571: [ParNew: 1090K->96K(1152K), 0.0012795 secs] 243615K->243613K(355072K), 0.0013382 secs] [Times: user=0.00 sys=0.00, real=0.00 secs] 
2014-07-10T12:34:16.075+0200: 1.573: [GC (Allocation Failure) 1.573: [ParNew: 1090K->96K(1152K), 0.0013048 secs] 244607K->244605K(355072K), 0.0013591 secs] [Times: user=0.00 sys=0.00, real=0.00 secs] 
2014-07-10T12:34:16.077+0200: 1.574: [GC (Allocation Failure) 1.574: [ParNew: 1090K->96K(1152K), 0.0013243 secs] 245600K->245598K(355072K), 0.0013807 secs] [Times: user=0.00 sys=0.00, real=0.00 secs] 
2014-07-10T12:34:16.078+0200: 1.576: [GC (Allocation Failure) 1.576: [ParNew: 1090K->96K(1152K), 0.0013499 secs] 246592K->246590K(355072K), 0.0014144 secs] [Times: user=0.00 sys=0.00, real=0.00 secs] 
2014-07-10T12:34:16.080+0200: 1.578: [GC (Allocation Failure) 1.578: [ParNew: 1090K->96K(1152K), 0.0015673 secs] 247585K->247583K(355072K), 0.0016384 secs] [Times: user=0.00 sys=0.00, real=0.00 secs] 
2014-07-10T12:34:16.082+0200: 1.580: [GC (Allocation Failure) 1.580: [ParNew: 1090K->96K(1152K), 0.0016058 secs] 248577K->248575K(355072K), 0.0016784 secs] [Times: user=0.02 sys=0.00, real=0.00 secs] 
2014-07-10T12:34:16.084+0200: 1.582: [GC (Allocation Failure) 1.582: [ParNew: 1090K->96K(1152K), 0.0015992 secs] 249570K->249568K(355072K), 0.0016689 secs] [Times: user=0.00 sys=0.00, real=0.00 secs] 
2014-07-10T12:34:16.086+0200: 1.584: [GC (Allocation Failure) 1.584: [ParNew: 1090K->96K(1152K), 0.0015321 secs] 250562K->250560K(355072K), 0.0015970 secs] [Times: user=0.00 sys=0.00, real=0.00 secs] 
2014-07-10T12:34:16.088+0200: 1.586: [GC (Allocation Failure) 1.586: [ParNew: 1090K->96K(1152K), 0.0015761 secs] 251555K->251553K(355072K), 0.0016392 secs] [Times: user=0.00 sys=0.00, real=0.00 secs] 
2014-07-10T12:34:16.091+0200: 1.588: [GC (Allocation Failure) 1.588: [ParNew: 1090K->96K(1152K), 0.0016436 secs] 252547K->252545K(355072K), 0.0017176 secs] [Times: user=0.00 sys=0.00, real=0.00 secs] 
2014-07-10T12:34:16.093+0200: 1.590: [GC (Allocation Failure) 1.590: [ParNew: 1090K->96K(1152K), 0.0015802 secs] 253540K->253538K(355072K), 0.0016443 secs] [Times: user=0.00 sys=0.00, real=0.00 secs] 
2014-07-10T12:34:16.095+0200: 1.592: [GC (Allocation Failure) 1.592: [ParNew: 1090K->96K(1152K), 0.0014218 secs] 254532K->254530K(355072K), 0.0014819 secs] [Times: user=0.00 sys=0.00, real=0.00 secs] 
2014-07-10T12:34:16.097+0200: 1.594: [GC (Allocation Failure) 1.594: [ParNew: 1090K->96K(1152K), 0.0014214 secs] 255525K->255523K(355072K), 0.0014885 secs] [Times: user=0.00 sys=0.00, real=0.00 secs] 
2014-07-10T12:34:16.098+0200: 1.596: [GC (Allocation Failure) 1.596: [ParNew: 1090K->96K(1152K), 0.0017103 secs] 256517K->256515K(355072K), 0.0017774 secs] [Times: user=0.02 sys=0.00, real=0.00 secs] 
2014-07-10T12:34:16.101+0200: 1.598: [GC (Allocation Failure) 1.598: [ParNew: 1090K->96K(1152K), 0.0014562 secs] 257509K->257507K(355072K), 0.0015164 secs] [Times: user=0.00 sys=0.00, real=0.00 secs] 
2014-07-10T12:34:16.102+0200: 1.600: [GC (Allocation Failure) 1.600: [ParNew: 1090K->96K(1152K), 0.0013525 secs] 258502K->258500K(355072K), 0.0014496 secs] [Times: user=0.00 sys=0.00, real=0.00 secs] 
2014-07-10T12:34:16.104+0200: 1.602: [GC (Allocation Failure) 1.602: [ParNew: 1090K->96K(1152K), 0.0014379 secs] 259494K->259492K(355072K), 0.0014977 secs] [Times: user=0.00 sys=0.00, real=0.00 secs] 
2014-07-10T12:34:16.106+0200: 1.604: [GC (Allocation Failure) 1.604: [ParNew: 1090K->96K(1152K), 0.0014731 secs] 260487K->260485K(355072K), 0.0015413 secs] [Times: user=0.00 sys=0.00, real=0.00 secs] 
2014-07-10T12:34:16.108+0200: 1.605: [GC (Allocation Failure) 1.605: [ParNew: 1090K->96K(1152K), 0.0013602 secs] 261479K->261477K(355072K), 0.0014166 secs] [Times: user=0.00 sys=0.00, real=0.00 secs] 
2014-07-10T12:34:16.110+0200: 1.607: [GC (Allocation Failure) 1.607: [ParNew: 1098K->106K(1152K), 0.0010859 secs] 262480K->262064K(355072K), 0.0011376 secs] [Times: user=0.00 sys=0.00, real=0.00 secs] 
2014-07-10T12:34:16.111+0200: 1.609: [GC (Allocation Failure) 1.609: [ParNew: 1100K->96K(1152K), 0.0012799 secs] 263058K->263054K(355072K), 0.0013433 secs] [Times: user=0.00 sys=0.00, real=0.00 secs] 
2014-07-10T12:34:16.113+0200: 1.610: [GC (Allocation Failure) 1.610: [ParNew: 1090K->96K(1152K), 0.0014401 secs] 264049K->264047K(355072K), 0.0015021 secs] [Times: user=0.00 sys=0.00, real=0.00 secs] 
2014-07-10T12:34:16.114+0200: 1.612: [GC (Allocation Failure) 1.612: [ParNew: 1090K->96K(1152K), 0.0014159 secs] 265041K->265039K(355072K), 0.0014951 secs] [Times: user=0.02 sys=0.00, real=0.00 secs] 
2014-07-10T12:34:16.116+0200: 1.614: [GC (Allocation Failure) 1.614: [ParNew: 1090K->96K(1152K), 0.0016242 secs] 266034K->266032K(355072K), 0.0017004 secs] [Times: user=0.00 sys=0.00, real=0.00 secs] 
2014-07-10T12:34:16.118+0200: 1.616: [GC (Allocation Failure) 1.616: [ParNew: 1090K->96K(1152K), 0.0014049 secs] 267026K->267024K(355072K), 0.0014709 secs] [Times: user=0.00 sys=0.00, real=0.00 secs] 
2014-07-10T12:34:16.120+0200: 1.618: [GC (Allocation Failure) 1.618: [ParNew: 1090K->96K(1152K), 0.0014889 secs] 268019K->268017K(355072K), 0.0015534 secs] [Times: user=0.00 sys=0.00, real=0.00 secs] 
2014-07-10T12:34:16.122+0200: 1.620: [GC (Allocation Failure) 1.620: [ParNew: 1090K->96K(1152K), 0.0013265 secs] 269011K->269009K(355072K), 0.0013844 secs] [Times: user=0.00 sys=0.00, real=0.00 secs] 
2014-07-10T12:34:16.124+0200: 1.621: [GC (Allocation Failure) 1.621: [ParNew: 1090K->96K(1152K), 0.0012876 secs] 270004K->270002K(355072K), 0.0013455 secs] [Times: user=0.00 sys=0.00, real=0.00 secs] 
2014-07-10T12:34:16.125+0200: 1.623: [GC (Allocation Failure) 1.623: [ParNew: 1090K->96K(1152K), 0.0013583 secs] 270996K->270994K(355072K), 0.0014181 secs] [Times: user=0.00 sys=0.00, real=0.00 secs] 
2014-07-10T12:34:16.127+0200: 1.624: [GC (CMS Initial Mark) [1 CMS-initial-mark: 270898K(353920K)] 271092K(355072K), 0.0001368 secs] [Times: user=0.00 sys=0.00, real=0.00 secs] 
2014-07-10T12:34:16.127+0200: 1.625: [CMS-concurrent-mark-start]
2014-07-10T12:34:16.127+0200: 1.625: [GC (Allocation Failure) 1.625: [ParNew: 1090K->96K(1152K), 0.0014298 secs] 271989K->271987K(355072K), 0.0014958 secs] [Times: user=0.00 sys=0.00, real=0.00 secs] 
2014-07-10T12:34:16.129+0200: 1.627: [GC (Allocation Failure) 1.627: [ParNew: 1090K->96K(1152K), 0.0013261 secs] 272981K->272979K(355072K), 0.0013862 secs] [Times: user=0.00 sys=0.02, real=0.00 secs] 
2014-07-10T12:34:16.131+0200: 1.629: [GC (Allocation Failure) 1.629: [ParNew: 1090K->96K(1152K), 0.0017228 secs] 273974K->273972K(355072K), 0.0018045 secs] [Times: user=0.00 sys=0.00, real=0.00 secs] 
2014-07-10T12:34:16.133+0200: 1.631: [GC (Allocation Failure) 1.631: [ParNew: 1090K->96K(1152K), 0.0015310 secs] 274966K->274964K(355072K), 0.0015937 secs] [Times: user=0.00 sys=0.00, real=0.00 secs] 
2014-07-10T12:34:16.136+0200: 1.633: [GC (Allocation Failure) 1.633: [ParNew: 1090K->96K(1152K), 0.0017613 secs] 275959K->275957K(355072K), 0.0018353 secs] [Times: user=0.00 sys=0.00, real=0.00 secs] 
2014-07-10T12:34:16.138+0200: 1.636: [GC (Allocation Failure) 1.636: [ParNew: 1090K->96K(1152K), 0.0016172 secs] 276951K->276949K(355072K), 0.0016843 secs] [Times: user=0.00 sys=0.00, real=0.00 secs] 
2014-07-10T12:34:16.140+0200: 1.638: [CMS-concurrent-mark: 0.003/0.013 secs] [Times: user=0.00 sys=0.02, real=0.01 secs] 
2014-07-10T12:34:16.140+0200: 1.638: [GC (Allocation Failure) 1.638: [ParNew: 1090K->96K(1152K), 0.0016154 secs] 277943K->277941K(355072K), 0.0016780 secs] [Times: user=0.00 sys=0.00, real=0.00 secs] 
2014-07-10T12:34:16.142+0200: 1.640: [CMS-concurrent-preclean-start]
2014-07-10T12:34:16.142+0200: 1.640: [GC (Allocation Failure) 1.640: [ParNew: 1090K->96K(1152K), 0.0013660 secs] 278936K->278934K(355072K), 0.0014287 secs] [Times: user=0.00 sys=0.00, real=0.00 secs] 
2014-07-10T12:34:16.144+0200: 1.642: [GC (Allocation Failure) 1.642: [ParNew: 1090K->96K(1152K), 0.0013631 secs] 279928K->279926K(355072K), 0.0014262 secs] [Times: user=0.00 sys=0.00, real=0.00 secs] 
2014-07-10T12:34:16.146+0200: 1.643: [GC (Allocation Failure) 1.643: [ParNew: 1090K->96K(1152K), 0.0013924 secs] 280921K->280919K(355072K), 0.0014617 secs] [Times: user=0.03 sys=0.00, real=0.00 secs] 
2014-07-10T12:34:16.148+0200: 1.645: [GC (Allocation Failure) 1.645: [ParNew: 1090K->96K(1152K), 0.0015292 secs] 281913K->281911K(355072K), 0.0015930 secs] [Times: user=0.00 sys=0.00, real=0.00 secs] 
2014-07-10T12:34:16.150+0200: 1.647: [GC (Allocation Failure) 1.647: [ParNew: 1090K->96K(1152K), 0.0015387 secs] 282906K->282904K(355072K), 0.0016403 secs] [Times: user=0.00 sys=0.00, real=0.00 secs] 
2014-07-10T12:34:16.152+0200: 1.649: [GC (Allocation Failure) 1.649: [ParNew: 1090K->96K(1152K), 0.0014969 secs] 283898K->283896K(355072K), 0.0015611 secs] [Times: user=0.00 sys=0.00, real=0.00 secs] 
2014-07-10T12:34:16.153+0200: 1.651: [GC (Allocation Failure) 1.651: [ParNew: 1090K->96K(1152K), 0.0015468 secs] 284891K->284889K(355072K), 0.0016091 secs] [Times: user=0.00 sys=0.00, real=0.00 secs] 
2014-07-10T12:34:16.155+0200: 1.653: [GC (Allocation Failure) 1.653: [ParNew: 1090K->96K(1152K), 0.0013488 secs] 285883K->285881K(355072K), 0.0014082 secs] [Times: user=0.00 sys=0.00, real=0.00 secs] 
2014-07-10T12:34:16.157+0200: 1.655: [GC (Allocation Failure) 1.655: [ParNew: 1090K->96K(1152K), 0.0013682 secs] 286876K->286874K(355072K), 0.0014295 secs] [Times: user=0.00 sys=0.00, real=0.00 secs] 
2014-07-10T12:34:16.159+0200: 1.656: [GC (Allocation Failure) 1.656: [ParNew: 1090K->96K(1152K), 0.0014874 secs] 287868K->287866K(355072K), 0.0015479 secs] [Times: user=0.00 sys=0.00, real=0.00 secs] 
2014-07-10T12:34:16.161+0200: 1.658: [GC (Allocation Failure) 1.658: [ParNew: 1090K->96K(1152K), 0.0014680 secs] 288861K->288859K(355072K), 0.0015358 secs] [Times: user=0.03 sys=0.00, real=0.00 secs] 
2014-07-10T12:34:16.162+0200: 1.660: [GC (Allocation Failure) 1.660: [ParNew: 1090K->96K(1152K), 0.0022859 secs] 289853K->289851K(355072K), 0.0023618 secs] [Times: user=0.00 sys=0.00, real=0.00 secs] 
2014-07-10T12:34:16.165+0200: 1.663: [GC (Allocation Failure) 1.663: [ParNew: 1090K->96K(1152K), 0.0014955 secs] 290846K->290844K(355072K), 0.0015754 secs] [Times: user=0.00 sys=0.00, real=0.00 secs] 
2014-07-10T12:34:16.167+0200: 1.665: [GC (Allocation Failure) 1.665: [ParNew: 1090K->96K(1152K), 0.0014628 secs] 291838K->291836K(355072K), 0.0015285 secs] [Times: user=0.00 sys=0.00, real=0.00 secs] 
2014-07-10T12:34:16.169+0200: 1.667: [GC (Allocation Failure) 1.667: [ParNew: 1090K->96K(1152K), 0.0014185 secs] 292831K->292829K(355072K), 0.0014782 secs] [Times: user=0.00 sys=0.00, real=0.00 secs] 
2014-07-10T12:34:16.171+0200: 1.668: [GC (Allocation Failure) 1.668: [ParNew: 1090K->96K(1152K), 0.0014793 secs] 293823K->293821K(355072K), 0.0015428 secs] [Times: user=0.00 sys=0.00, real=0.00 secs] 
2014-07-10T12:34:16.173+0200: 1.670: [GC (Allocation Failure) 1.670: [ParNew: 1090K->96K(1152K), 0.0013569 secs] 294816K->294814K(355072K), 0.0014181 secs] [Times: user=0.00 sys=0.00, real=0.00 secs] 
2014-07-10T12:34:16.174+0200: 1.672: [GC (Allocation Failure) 1.672: [ParNew: 1090K->96K(1152K), 0.0013675 secs] 295808K->295806K(355072K), 0.0014291 secs] [Times: user=0.00 sys=0.00, real=0.00 secs] 
2014-07-10T12:34:16.176+0200: 1.674: [GC (Allocation Failure) 1.674: [ParNew: 1090K->96K(1152K), 0.0014973 secs] 296801K->296799K(355072K), 0.0015659 secs] [Times: user=0.01 sys=0.02, real=0.00 secs] 
2014-07-10T12:34:16.178+0200: 1.676: [GC (Allocation Failure) 1.676: [ParNew: 1090K->96K(1152K), 0.0014599 secs] 297793K->297791K(355072K), 0.0015237 secs] [Times: user=0.00 sys=0.00, real=0.00 secs] 
2014-07-10T12:34:16.180+0200: 1.677: [GC (Allocation Failure) 1.677: [ParNew: 1090K->96K(1152K), 0.0013616 secs] 298786K->298784K(355072K), 0.0014243 secs] [Times: user=0.00 sys=0.00, real=0.00 secs] 
2014-07-10T12:34:16.182+0200: 1.679: [GC (Allocation Failure) 1.679: [ParNew: 1090K->96K(1152K), 0.0014196 secs] 299778K->299776K(355072K), 0.0015164 secs] [Times: user=0.00 sys=0.00, real=0.00 secs] 
2014-07-10T12:34:16.184+0200: 1.681: [GC (Allocation Failure) 1.681: [ParNew: 1090K->96K(1152K), 0.0016212 secs] 300771K->300769K(355072K), 0.0016865 secs] [Times: user=0.00 sys=0.00, real=0.00 secs] 
2014-07-10T12:34:16.185+0200: 1.683: [GC (Allocation Failure) 1.683: [ParNew: 1090K->96K(1152K), 0.0013825 secs] 301763K->301761K(355072K), 0.0014559 secs] [Times: user=0.00 sys=0.00, real=0.00 secs] 
2014-07-10T12:34:16.187+0200: 1.685: [GC (Allocation Failure) 1.685: [ParNew: 1090K->96K(1152K), 0.0015365 secs] 302756K->302754K(355072K), 0.0015996 secs] [Times: user=0.00 sys=0.00, real=0.00 secs] 
2014-07-10T12:34:16.189+0200: 1.687: [GC (Allocation Failure) 1.687: [ParNew: 1090K->96K(1152K), 0.0013320 secs] 303748K->303746K(355072K), 0.0014115 secs] [Times: user=0.00 sys=0.00, real=0.00 secs] 
2014-07-10T12:34:16.191+0200: 1.688: [GC (Allocation Failure) 1.688: [ParNew: 1090K->96K(1152K), 0.0014416 secs] 304741K->304739K(355072K), 0.0015032 secs] [Times: user=0.00 sys=0.00, real=0.00 secs] 
2014-07-10T12:34:16.193+0200: 1.690: [GC (Allocation Failure) 1.690: [ParNew: 1090K->96K(1152K), 0.0016018 secs] 305733K->305731K(355072K), 0.0016674 secs] [Times: user=0.03 sys=0.00, real=0.00 secs] 
2014-07-10T12:34:16.195+0200: 1.692: [GC (Allocation Failure) 1.692: [ParNew: 1090K->96K(1152K), 0.0015035 secs] 306726K->306724K(355072K), 0.0015648 secs] [Times: user=0.00 sys=0.00, real=0.00 secs] 
2014-07-10T12:34:16.197+0200: 1.694: [GC (Allocation Failure) 1.694: [ParNew: 1090K->96K(1152K), 0.0013686 secs] 307718K->307716K(355072K), 0.0014331 secs] [Times: user=0.00 sys=0.00, real=0.00 secs] 
2014-07-10T12:34:16.198+0200: 1.696: [GC (Allocation Failure) 1.696: [ParNew: 1090K->96K(1152K), 0.0014775 secs] 308711K->308709K(355072K), 0.0015527 secs] [Times: user=0.00 sys=0.00, real=0.00 secs] 
2014-07-10T12:34:16.200+0200: 1.698: [GC (Allocation Failure) 1.698: [ParNew: 1090K->96K(1152K), 0.0016777 secs] 309703K->309701K(355072K), 0.0017558 secs] [Times: user=0.00 sys=0.00, real=0.00 secs] 
2014-07-10T12:34:16.202+0200: 1.700: [GC (Allocation Failure) 1.700: [ParNew: 1090K->96K(1152K), 0.0015743 secs] 310695K->310693K(355072K), 0.0016546 secs] [Times: user=0.00 sys=0.00, real=0.00 secs] 
2014-07-10T12:34:16.204+0200: 1.702: [GC (Allocation Failure) 1.702: [ParNew: 1090K->96K(1152K), 0.0014452 secs] 311688K->311686K(355072K), 0.0015083 secs] [Times: user=0.00 sys=0.00, real=0.00 secs] 
2014-07-10T12:34:16.206+0200: 1.704: [GC (Allocation Failure) 1.704: [ParNew: 1090K->96K(1152K), 0.0014236 secs] 312680K->312678K(355072K), 0.0014933 secs] [Times: user=0.00 sys=0.00, real=0.00 secs] 
2014-07-10T12:34:16.208+0200: 1.706: [GC (Allocation Failure) 1.706: [ParNew: 1090K->96K(1152K), 0.0018698 secs] 313673K->313671K(355072K), 0.0019449 secs] [Times: user=0.03 sys=0.00, real=0.00 secs] 
2014-07-10T12:34:16.211+0200: 1.708: [GC (Allocation Failure) 1.708: [ParNew: 1090K->96K(1152K), 0.0016846 secs] 314665K->314663K(355072K), 0.0017616 secs] [Times: user=0.00 sys=0.00, real=0.00 secs] 
2014-07-10T12:34:16.213+0200: 1.711: [CMS-concurrent-preclean: 0.005/0.071 secs] [Times: user=0.14 sys=0.02, real=0.07 secs] 
2014-07-10T12:34:16.213+0200: 1.711: [GC (Allocation Failure) 1.711: [ParNew: 1090K->96K(1152K), 0.0015435 secs] 315658K->315656K(355072K), 0.0016146 secs] [Times: user=0.00 sys=0.00, real=0.00 secs] 
2014-07-10T12:34:16.215+0200: 1.712: [GC (CMS Final Remark) [YG occupancy: 128 K (1152 K)]1.712: [Rescan (parallel) , 0.0004968 secs]1.713: [weak refs processing, 0.0000264 secs]1.713: [class unloading, 0.0003736 secs]1.713: [scrub symbol table, 0.0005705 secs]1.714: [scrub string table, 0.0001661 secs][1 CMS-remark: 315560K(353920K)] 315688K(355072K), 0.0017396 secs] [Times: user=0.00 sys=0.00, real=0.00 secs] 
2014-07-10T12:34:16.217+0200: 1.714: [CMS-concurrent-sweep-start]
2014-07-10T12:34:16.217+0200: 1.715: [GC (Allocation Failure) 1.715: [ParNew: 1090K->96K(1152K), 0.0016421 secs] 300643K->300641K(355072K), 0.0017107 secs] [Times: user=0.00 sys=0.00, real=0.00 secs] 
2014-07-10T12:34:16.219+0200: 1.717: [GC (Allocation Failure) 1.717: [ParNew: 1090K->96K(1152K), 0.0015109 secs] 261776K->261774K(355072K), 0.0015761 secs] [Times: user=0.00 sys=0.00, real=0.00 secs] 
2014-07-10T12:34:16.221+0200: 1.719: [GC (Allocation Failure) 1.719: [ParNew: 1090K->96K(1152K), 0.0013444 secs] 227967K->227965K(355072K), 0.0014020 secs] [Times: user=0.00 sys=0.00, real=0.00 secs] 
2014-07-10T12:34:16.223+0200: 1.720: [GC (Allocation Failure) 1.721: [ParNew: 1090K->96K(1152K), 0.0012876 secs] 206805K->206803K(355072K), 0.0013448 secs] [Times: user=0.00 sys=0.00, real=0.00 secs] 
2014-07-10T12:34:16.225+0200: 1.722: [GC (Allocation Failure) 1.722: [ParNew: 1090K->96K(1152K), 0.0012608 secs] 172836K->172834K(355072K), 0.0013158 secs] [Times: user=0.00 sys=0.00, real=0.00 secs] 
2014-07-10T12:34:16.226+0200: 1.724: [GC (Allocation Failure) 1.724: [ParNew: 1090K->96K(1152K), 0.0012234 secs] 143094K->143092K(355072K), 0.0012880 secs] [Times: user=0.00 sys=0.00, real=0.00 secs] 
2014-07-10T12:34:16.228+0200: 1.725: [GC (Allocation Failure) 1.725: [ParNew: 1090K->96K(1152K), 0.0011941 secs] 112583K->112581K(355072K), 0.0012473 secs] [Times: user=0.00 sys=0.00, real=0.00 secs] 
2014-07-10T12:34:16.229+0200: 1.727: [GC (Allocation Failure) 1.727: [ParNew: 1090K->96K(1152K), 0.0012396 secs] 84985K->84983K(355072K), 0.0012905 secs] [Times: user=0.00 sys=0.00, real=0.00 secs] 
2014-07-10T12:34:16.231+0200: 1.729: [GC (Allocation Failure) 1.729: [ParNew: 1090K->96K(1152K), 0.0012267 secs] 63599K->63597K(355072K), 0.0012847 secs] [Times: user=0.00 sys=0.00, real=0.00 secs] 
2014-07-10T12:34:16.232+0200: 1.730: [CMS-concurrent-sweep: 0.002/0.016 secs] [Times: user=0.03 sys=0.00, real=0.02 secs] 
2014-07-10T12:34:16.233+0200: 1.730: [CMS-concurrent-reset-start]
2014-07-10T12:34:16.233+0200: 1.731: [GC (Allocation Failure) 1.731: [ParNew: 1090K->96K(1152K), 0.0013730 secs] 64591K->64589K(355072K), 0.0014401 secs] [Times: user=0.00 sys=0.00, real=0.00 secs] 
2014-07-10T12:34:16.235+0200: 1.732: [GC (Allocation Failure) 1.733: [ParNew: 1090K->96K(1152K), 0.0014702 secs] 65584K->65582K(355072K), 0.0015820 secs] [Times: user=0.00 sys=0.00, real=0.00 secs] 
2014-07-10T12:34:16.237+0200: 1.735: [GC (Allocation Failure) 1.735: [ParNew: 1098K->106K(1152K), 0.0014075 secs] 66584K->66104K(355072K), 0.0015178 secs] [Times: user=0.00 sys=0.00, real=0.00 secs] 
2014-07-10T12:34:16.239+0200: 1.737: [GC (Allocation Failure) 1.737: [ParNew: 1100K->96K(1152K), 0.0012737 secs] 67099K->67095K(355072K), 0.0013371 secs] [Times: user=0.03 sys=0.00, real=0.00 secs] 
2014-07-10T12:34:16.241+0200: 1.738: [CMS-concurrent-reset: 0.002/0.008 secs] [Times: user=0.03 sys=0.00, real=0.01 secs] 
2014-07-10T12:34:16.241+0200: 1.738: [GC (Allocation Failure) 1.738: [ParNew: 1090K->96K(1152K), 0.0014049 secs] 68089K->68087K(355072K), 0.0014581 secs] [Times: user=0.00 sys=0.00, real=0.00 secs] 
2014-07-10T12:34:16.243+0200: 1.740: [GC (Allocation Failure) 1.740: [ParNew: 1090K->96K(1152K), 0.0013375 secs] 69082K->69080K(355072K), 0.0013946 secs] [Times: user=0.00 sys=0.00, real=0.00 secs] 
2014-07-10T12:34:16.244+0200: 1.742: [GC (Allocation Failure) 1.742: [ParNew: 1090K->96K(1152K), 0.0013697 secs] 70074K->70072K(355072K), 0.0014287 secs] [Times: user=0.00 sys=0.00, real=0.00 secs] 
2014-07-10T12:34:16.246+0200: 1.744: [GC (Allocation Failure) 1.744: [ParNew: 1090K->96K(1152K), 0.0012847 secs] 71067K->71065K(355072K), 0.0013415 secs] [Times: user=0.00 sys=0.00, real=0.00 secs] 
2014-07-10T12:34:16.248+0200: 1.745: [GC (Allocation Failure) 1.745: [ParNew: 1090K->96K(1152K), 0.0014808 secs] 72059K->72057K(355072K), 0.0015490 secs] [Times: user=0.00 sys=0.00, real=0.00 secs] 
2014-07-10T12:34:16.249+0200: 1.747: [GC (Allocation Failure) 1.747: [ParNew: 1090K->96K(1152K), 0.0017998 secs] 73052K->73050K(355072K), 0.0018735 secs] [Times: user=0.00 sys=0.00, real=0.00 secs] 
2014-07-10T12:34:16.252+0200: 1.749: [GC (Allocation Failure) 1.749: [ParNew: 1090K->96K(1152K), 0.0014471 secs] 74044K->74042K(355072K), 0.0015101 secs] [Times: user=0.00 sys=0.00, real=0.00 secs] 
2014-07-10T12:34:16.253+0200: 1.751: [GC (Allocation Failure) 1.751: [ParNew: 1090K->96K(1152K), 0.0014357 secs] 75037K->75035K(355072K), 0.0014940 secs] [Times: user=0.00 sys=0.00, real=0.00 secs] 
2014-07-10T12:34:16.255+0200: 1.753: [GC (Allocation Failure) 1.753: [ParNew: 1090K->96K(1152K), 0.0012157 secs] 76029K->76027K(355072K), 0.0012689 secs] [Times: user=0.03 sys=0.00, real=0.00 secs] 
2014-07-10T12:34:16.257+0200: 1.754: [GC (Allocation Failure) 1.754: [ParNew: 1090K->96K(1152K), 0.0012557 secs] 77021K->77019K(355072K), 0.0013067 secs] [Times: user=0.00 sys=0.00, real=0.00 secs] 
2014-07-10T12:34:16.258+0200: 1.756: [GC (Allocation Failure) 1.756: [ParNew: 1090K->96K(1152K), 0.0012458 secs] 78014K->78012K(355072K), 0.0012946 secs] [Times: user=0.00 sys=0.00, real=0.00 secs] 
2014-07-10T12:34:16.260+0200: 1.757: [GC (Allocation Failure) 1.757: [ParNew: 1090K->96K(1152K), 0.0012553 secs] 79006K->79004K(355072K), 0.0013100 secs] [Times: user=0.00 sys=0.00, real=0.00 secs] 
2014-07-10T12:34:16.261+0200: 1.759: [GC (Allocation Failure) 1.759: [ParNew: 1090K->96K(1152K), 0.0012924 secs] 79999K->79997K(355072K), 0.0013433 secs] [Times: user=0.00 sys=0.00, real=0.00 secs] 
2014-07-10T12:34:16.263+0200: 1.760: [GC (Allocation Failure) 1.760: [ParNew: 1090K->96K(1152K), 0.0012553 secs] 80991K->80989K(355072K), 0.0013034 secs] [Times: user=0.00 sys=0.00, real=0.00 secs] 
2014-07-10T12:34:16.264+0200: 1.762: [GC (Allocation Failure) 1.762: [ParNew: 1090K->96K(1152K), 0.0013202 secs] 81984K->81982K(355072K), 0.0013704 secs] [Times: user=0.00 sys=0.00, real=0.00 secs] 
2014-07-10T12:34:16.266+0200: 1.764: [GC (Allocation Failure) 1.764: [ParNew: 1090K->96K(1152K), 0.0013309 secs] 82976K->82974K(355072K), 0.0013873 secs] [Times: user=0.00 sys=0.00, real=0.00 secs] 
2014-07-10T12:34:16.268+0200: 1.765: [GC (Allocation Failure) 1.765: [ParNew: 1090K->96K(1152K), 0.0012975 secs] 83969K->83967K(355072K), 0.0013473 secs] [Times: user=0.00 sys=0.00, real=0.00 secs] 
2014-07-10T12:34:16.269+0200: 1.767: [GC (Allocation Failure) 1.767: [ParNew: 1090K->96K(1152K), 0.0013015 secs] 84961K->84959K(355072K), 0.0013605 secs] [Times: user=0.00 sys=0.00, real=0.00 secs] 
2014-07-10T12:34:16.271+0200: 1.769: [GC (Allocation Failure) 1.769: [ParNew: 1090K->96K(1152K), 0.0013056 secs] 85954K->85952K(355072K), 0.0013671 secs] [Times: user=0.03 sys=0.00, real=0.00 secs] 
2014-07-10T12:34:16.273+0200: 1.770: [GC (Allocation Failure) 1.770: [ParNew: 1090K->96K(1152K), 0.0012777 secs] 86946K->86944K(355072K), 0.0013290 secs] [Times: user=0.00 sys=0.00, real=0.00 secs] 
2014-07-10T12:34:16.274+0200: 1.772: [GC (Allocation Failure) 1.772: [ParNew: 1090K->96K(1152K), 0.0012319 secs] 87939K->87937K(355072K), 0.0012821 secs] [Times: user=0.00 sys=0.00, real=0.00 secs] 
2014-07-10T12:34:16.276+0200: 1.773: [GC (Allocation Failure) 1.773: [ParNew: 1090K->96K(1152K), 0.0012858 secs] 88931K->88929K(355072K), 0.0013367 secs] [Times: user=0.00 sys=0.00, real=0.00 secs] 
2014-07-10T12:34:16.277+0200: 1.775: [GC (Allocation Failure) 1.775: [ParNew: 1090K->96K(1152K), 0.0012755 secs] 89924K->89922K(355072K), 0.0013243 secs] [Times: user=0.00 sys=0.00, real=0.00 secs] 
2014-07-10T12:34:16.279+0200: 1.776: [GC (Allocation Failure) 1.776: [ParNew: 1090K->96K(1152K), 0.0012909 secs] 90916K->90914K(355072K), 0.0013422 secs] [Times: user=0.00 sys=0.00, real=0.00 secs] 
2014-07-10T12:34:16.280+0200: 1.778: [GC (Allocation Failure) 1.778: [ParNew: 1090K->96K(1152K), 0.0012854 secs] 91909K->91907K(355072K), 0.0013345 secs] [Times: user=0.00 sys=0.00, real=0.00 secs] 
2014-07-10T12:34:16.282+0200: 1.780: [GC (Allocation Failure) 1.780: [ParNew: 1090K->96K(1152K), 0.0013232 secs] 92901K->92899K(355072K), 0.0013873 secs] [Times: user=0.00 sys=0.00, real=0.00 secs] 
2014-07-10T12:34:16.284+0200: 1.781: [GC (Allocation Failure) 1.781: [ParNew: 1090K->96K(1152K), 0.0014727 secs] 93894K->93892K(355072K), 0.0015340 secs] [Times: user=0.00 sys=0.00, real=0.00 secs] 
2014-07-10T12:34:16.286+0200: 1.783: [GC (Allocation Failure) 1.783: [ParNew: 1090K->96K(1152K), 0.0013638 secs] 94886K->94884K(355072K), 0.0014258 secs] [Times: user=0.03 sys=0.00, real=0.00 secs] 
2014-07-10T12:34:16.287+0200: 1.785: [GC (Allocation Failure) 1.785: [ParNew: 1090K->96K(1152K), 0.0014581 secs] 95879K->95877K(355072K), 0.0015226 secs] [Times: user=0.00 sys=0.00, real=0.00 secs] 
2014-07-10T12:34:16.289+0200: 1.787: [GC (Allocation Failure) 1.787: [ParNew: 1090K->96K(1152K), 0.0013323 secs] 96871K->96869K(355072K), 0.0013862 secs] [Times: user=0.00 sys=0.00, real=0.00 secs] 
2014-07-10T12:34:16.291+0200: 1.788: [GC (Allocation Failure) 1.788: [ParNew: 1090K->96K(1152K), 0.0012825 secs] 97864K->97862K(355072K), 0.0013342 secs] [Times: user=0.00 sys=0.00, real=0.00 secs] 
2014-07-10T12:34:16.292+0200: 1.790: [GC (Allocation Failure) 1.790: [ParNew: 1090K->96K(1152K), 0.0012682 secs] 98856K->98854K(355072K), 0.0013499 secs] [Times: user=0.00 sys=0.00, real=0.00 secs] 
2014-07-10T12:34:16.294+0200: 1.791: [GC (Allocation Failure) 1.791: [ParNew: 1090K->96K(1152K), 0.0012546 secs] 99849K->99847K(355072K), 0.0013045 secs] [Times: user=0.00 sys=0.00, real=0.00 secs] 
2014-07-10T12:34:16.295+0200: 1.793: [GC (Allocation Failure) 1.793: [ParNew: 1090K->96K(1152K), 0.0012953 secs] 100841K->100839K(355072K), 0.0013554 secs] [Times: user=0.00 sys=0.00, real=0.00 secs] 
2014-07-10T12:34:16.297+0200: 1.794: [GC (Allocation Failure) 1.794: [ParNew: 1090K->96K(1152K), 0.0013023 secs] 101834K->101832K(355072K), 0.0013565 secs] [Times: user=0.00 sys=0.00, real=0.00 secs] 
2014-07-10T12:34:16.298+0200: 1.796: [GC (Allocation Failure) 1.796: [ParNew: 1090K->96K(1152K), 0.0013184 secs] 102826K->102824K(355072K), 0.0013836 secs] [Times: user=0.00 sys=0.00, real=0.00 secs] 
2014-07-10T12:34:16.300+0200: 1.798: [GC (Allocation Failure) 1.798: [ParNew: 1090K->96K(1152K), 0.0013265 secs] 103819K->103817K(355072K), 0.0013792 secs] [Times: user=0.00 sys=0.00, real=0.00 secs] 
2014-07-10T12:34:16.302+0200: 1.799: [GC (Allocation Failure) 1.799: [ParNew: 1090K->96K(1152K), 0.0012674 secs] 104811K->104809K(355072K), 0.0013217 secs] [Times: user=0.03 sys=0.00, real=0.00 secs] 
2014-07-10T12:34:16.303+0200: 1.801: [GC (Allocation Failure) 1.801: [ParNew: 1090K->96K(1152K), 0.0015571 secs] 105804K->105802K(355072K), 0.0016176 secs] [Times: user=0.00 sys=0.00, real=0.00 secs] 
2014-07-10T12:34:16.305+0200: 1.803: [GC (Allocation Failure) 1.803: [ParNew: 1090K->96K(1152K), 0.0012839 secs] 106796K->106794K(355072K), 0.0013382 secs] [Times: user=0.00 sys=0.00, real=0.00 secs] 
2014-07-10T12:34:16.307+0200: 1.804: [GC (Allocation Failure) 1.804: [ParNew: 1090K->96K(1152K), 0.0012616 secs] 107788K->107786K(355072K), 0.0013147 secs] [Times: user=0.00 sys=0.00, real=0.00 secs] 
2014-07-10T12:34:16.308+0200: 1.806: [GC (Allocation Failure) 1.806: [ParNew: 1090K->96K(1152K), 0.0013081 secs] 108781K->108779K(355072K), 0.0013594 secs] [Times: user=0.00 sys=0.00, real=0.00 secs] 
2014-07-10T12:34:16.310+0200: 1.807: [GC (Allocation Failure) 1.807: [ParNew: 1090K->96K(1152K), 0.0012568 secs] 109773K->109771K(355072K), 0.0013059 secs] [Times: user=0.00 sys=0.00, real=0.00 secs] 
2014-07-10T12:34:16.311+0200: 1.809: [GC (Allocation Failure) 1.809: [ParNew: 1090K->96K(1152K), 0.0012773 secs] 110766K->110764K(355072K), 0.0013276 secs] [Times: user=0.00 sys=0.00, real=0.00 secs] 
2014-07-10T12:34:16.313+0200: 1.811: [GC (Allocation Failure) 1.811: [ParNew: 1090K->96K(1152K), 0.0012839 secs] 111758K->111756K(355072K), 0.0013349 secs] [Times: user=0.00 sys=0.00, real=0.00 secs] 
2014-07-10T12:34:16.315+0200: 1.812: [GC (Allocation Failure) 1.812: [ParNew: 1090K->96K(1152K), 0.0012707 secs] 112751K->112749K(355072K), 0.0013202 secs] [Times: user=0.00 sys=0.00, real=0.00 secs] 
2014-07-10T12:34:16.316+0200: 1.814: [GC (Allocation Failure) 1.814: [ParNew: 1090K->96K(1152K), 0.0014397 secs] 113743K->113741K(355072K), 0.0014955 secs] [Times: user=0.03 sys=0.00, real=0.00 secs] 
2014-07-10T12:34:16.318+0200: 1.815: [GC (Allocation Failure) 1.815: [ParNew: 1090K->96K(1152K), 0.0017389 secs] 114736K->114734K(355072K), 0.0018159 secs] [Times: user=0.00 sys=0.00, real=0.00 secs] 
2014-07-10T12:34:16.320+0200: 1.817: [GC (Allocation Failure) 1.817: [ParNew: 1090K->96K(1152K), 0.0015992 secs] 115728K->115726K(355072K), 0.0016601 secs] [Times: user=0.00 sys=0.00, real=0.00 secs] 
2014-07-10T12:34:16.322+0200: 1.819: [GC (Allocation Failure) 1.819: [ParNew: 1090K->96K(1152K), 0.0012678 secs] 116721K->116719K(355072K), 0.0013184 secs] [Times: user=0.00 sys=0.00, real=0.00 secs] 
2014-07-10T12:34:16.323+0200: 1.821: [GC (Allocation Failure) 1.821: [ParNew: 1090K->96K(1152K), 0.0012685 secs] 117713K->117711K(355072K), 0.0013195 secs] [Times: user=0.00 sys=0.00, real=0.00 secs] 
2014-07-10T12:34:16.325+0200: 1.822: [GC (Allocation Failure) 1.822: [ParNew: 1090K->96K(1152K), 0.0014397 secs] 118706K->118704K(355072K), 0.0015065 secs] [Times: user=0.00 sys=0.00, real=0.00 secs] 
2014-07-10T12:34:16.327+0200: 1.824: [GC (Allocation Failure) 1.824: [ParNew: 1090K->96K(1152K), 0.0013888 secs] 119698K->119696K(355072K), 0.0014478 secs] [Times: user=0.00 sys=0.00, real=0.00 secs] 
2014-07-10T12:34:16.328+0200: 1.826: [GC (Allocation Failure) 1.826: [ParNew: 1090K->96K(1152K), 0.0012403 secs] 120691K->120689K(355072K), 0.0013052 secs] [Times: user=0.00 sys=0.00, real=0.00 secs] 
2014-07-10T12:34:16.330+0200: 1.828: [GC (Allocation Failure) 1.828: [ParNew: 1090K->96K(1152K), 0.0012630 secs] 121683K->121681K(355072K), 0.0013140 secs] [Times: user=0.00 sys=0.00, real=0.00 secs] 
2014-07-10T12:34:16.332+0200: 1.829: [GC (Allocation Failure) 1.829: [ParNew: 1090K->96K(1152K), 0.0045249 secs] 122676K->122674K(355072K), 0.0046096 secs] [Times: user=0.02 sys=0.00, real=0.00 secs] 
2014-07-10T12:34:16.337+0200: 1.834: [GC (Allocation Failure) 1.834: [ParNew: 1090K->96K(1152K), 0.0015732 secs] 123668K->123666K(355072K), 0.0016352 secs] [Times: user=0.00 sys=0.00, real=0.00 secs] 
2014-07-10T12:34:16.339+0200: 1.836: [GC (Allocation Failure) 1.836: [ParNew: 1090K->96K(1152K), 0.0012278 secs] 124661K->124659K(355072K), 0.0012850 secs] [Times: user=0.00 sys=0.00, real=0.00 secs] 
2014-07-10T12:34:16.340+0200: 1.838: [GC (Allocation Failure) 1.838: [ParNew: 1090K->96K(1152K), 0.0012865 secs] 125653K->125651K(355072K), 0.0014045 secs] [Times: user=0.00 sys=0.00, real=0.00 secs] 
2014-07-10T12:34:16.342+0200: 1.839: [GC (Allocation Failure) 1.840: [ParNew: 1090K->96K(1152K), 0.0014815 secs] 126646K->126644K(355072K), 0.0015446 secs] [Times: user=0.00 sys=0.00, real=0.00 secs] 
2014-07-10T12:34:16.344+0200: 1.841: [GC (Allocation Failure) 1.841: [ParNew: 1090K->96K(1152K), 0.0012770 secs] 127638K->127636K(355072K), 0.0013316 secs] [Times: user=0.00 sys=0.00, real=0.00 secs] 
2014-07-10T12:34:16.345+0200: 1.843: [GC (Allocation Failure) 1.843: [ParNew: 1090K->96K(1152K), 0.0013331 secs] 128631K->128629K(355072K), 0.0013998 secs] [Times: user=0.00 sys=0.00, real=0.00 secs] 
2014-07-10T12:34:16.347+0200: 1.845: [GC (Allocation Failure) 1.845: [ParNew: 1090K->96K(1152K), 0.0012726 secs] 129623K->129621K(355072K), 0.0013246 secs] [Times: user=0.00 sys=0.00, real=0.00 secs] 
2014-07-10T12:34:16.349+0200: 1.846: [GC (Allocation Failure) 1.846: [ParNew: 1090K->96K(1152K), 0.0015028 secs] 130616K->130614K(355072K), 0.0015714 secs] [Times: user=0.03 sys=0.00, real=0.00 secs] 
2014-07-10T12:34:16.351+0200: 1.848: [GC (Allocation Failure) 1.848: [ParNew: 1113K->126K(1152K), 0.0012099 secs] 131631K->131085K(355072K), 0.0012619 secs] [Times: user=0.00 sys=0.00, real=0.00 secs] 
2014-07-10T12:34:16.352+0200: 1.850: [GC (Allocation Failure) 1.850: [ParNew: 1148K->120K(1152K), 0.0011648 secs] 132107K->132101K(355072K), 0.0012183 secs] [Times: user=0.00 sys=0.00, real=0.00 secs] 
2014-07-10T12:34:16.354+0200: 1.851: [GC (Allocation Failure) 1.851: [ParNew: 1142K->120K(1152K), 0.0015299 secs] 133123K->133119K(355072K), 0.0015901 secs] [Times: user=0.00 sys=0.00, real=0.00 secs] 
2014-07-10T12:34:16.356+0200: 1.853: [GC (Allocation Failure) 1.853: [ParNew: 1142K->120K(1152K), 0.0013701 secs] 134141K->134137K(355072K), 0.0014328 secs] [Times: user=0.00 sys=0.00, real=0.00 secs] 
2014-07-10T12:34:16.357+0200: 1.855: [GC (Allocation Failure) 1.855: [ParNew: 1142K->120K(1152K), 0.0015483 secs] 135159K->135155K(355072K), 0.0016154 secs] [Times: user=0.00 sys=0.00, real=0.00 secs] 
2014-07-10T12:34:16.359+0200: 1.857: [GC (Allocation Failure) 1.857: [ParNew: 1142K->120K(1152K), 0.0013686 secs] 136177K->136173K(355072K), 0.0014225 secs] [Times: user=0.00 sys=0.00, real=0.00 secs] 
2014-07-10T12:34:16.361+0200: 1.858: [GC (Allocation Failure) 1.858: [ParNew: 1142K->120K(1152K), 0.0013206 secs] 137195K->137191K(355072K), 0.0013737 secs] [Times: user=0.00 sys=0.00, real=0.00 secs] 
2014-07-10T12:34:16.362+0200: 1.860: [GC (Allocation Failure) 1.860: [ParNew: 1142K->120K(1152K), 0.0013528 secs] 138213K->138209K(355072K), 0.0014133 secs] [Times: user=0.00 sys=0.00, real=0.00 secs] 
2014-07-10T12:34:16.364+0200: 1.862: [GC (Allocation Failure) 1.862: [ParNew: 1141K->126K(1152K), 0.0010918 secs] 139230K->138584K(355072K), 0.0011450 secs] [Times: user=0.03 sys=0.00, real=0.00 secs] 
2014-07-10T12:34:16.366+0200: 1.863: [GC (Allocation Failure) 1.863: [ParNew: 1150K->124K(1152K), 0.0017844 secs] 139608K->139598K(355072K), 0.0018570 secs] [Times: user=0.00 sys=0.00, real=0.00 secs] 
2014-07-10T12:34:16.368+0200: 1.866: [GC (Allocation Failure) 1.866: [ParNew: 1148K->124K(1152K), 0.0015171 secs] 140622K->140614K(355072K), 0.0015897 secs] [Times: user=0.00 sys=0.00, real=0.00 secs] 
2014-07-10T12:34:16.370+0200: 1.868: [GC (Allocation Failure) 1.868: [ParNew: 1148K->124K(1152K), 0.0016176 secs] 141638K->141630K(355072K), 0.0016843 secs] [Times: user=0.00 sys=0.00, real=0.00 secs] 
2014-07-10T12:34:16.372+0200: 1.870: [GC (Allocation Failure) 1.870: [ParNew: 1128K->106K(1152K), 0.0010610 secs] 142635K->141932K(355072K), 0.0011116 secs] [Times: user=0.00 sys=0.00, real=0.00 secs] 
2014-07-10T12:34:16.374+0200: 1.871: [GC (Allocation Failure) 1.871: [ParNew: 1100K->96K(1152K), 0.0013382 secs] 142926K->142923K(355072K), 0.0015442 secs] [Times: user=0.00 sys=0.00, real=0.00 secs] 
2014-07-10T12:34:16.375+0200: 1.873: [GC (Allocation Failure) 1.873: [ParNew: 1090K->96K(1152K), 0.0013968 secs] 143917K->143915K(355072K), 0.0014753 secs] [Times: user=0.00 sys=0.00, real=0.00 secs] 
2014-07-10T12:34:16.377+0200: 1.875: [GC (Allocation Failure) 1.875: [ParNew: 1090K->96K(1152K), 0.0013539 secs] 144910K->144908K(355072K), 0.0014115 secs] [Times: user=0.00 sys=0.00, real=0.00 secs] 
2014-07-10T12:34:16.379+0200: 1.876: [GC (Allocation Failure) 1.876: [ParNew: 1090K->96K(1152K), 0.0014797 secs] 145902K->145900K(355072K), 0.0015395 secs] [Times: user=0.00 sys=0.00, real=0.00 secs] 
2014-07-10T12:34:16.381+0200: 1.878: [GC (Allocation Failure) 1.879: [ParNew: 1090K->96K(1152K), 0.0015626 secs] 146894K->146892K(355072K), 0.0016348 secs] [Times: user=0.00 sys=0.00, real=0.00 secs] 
2014-07-10T12:34:16.383+0200: 1.880: [GC (Allocation Failure) 1.880: [ParNew: 1090K->96K(1152K), 0.0015178 secs] 147887K->147885K(355072K), 0.0015967 secs] [Times: user=0.00 sys=0.00, real=0.00 secs] 
2014-07-10T12:34:16.385+0200: 1.882: [GC (Allocation Failure) 1.882: [ParNew: 1090K->96K(1152K), 0.0013473 secs] 148879K->148877K(355072K), 0.0014086 secs] [Times: user=0.00 sys=0.00, real=0.00 secs] 
2014-07-10T12:34:16.386+0200: 1.884: [GC (Allocation Failure) 1.884: [ParNew: 1090K->96K(1152K), 0.0014397 secs] 149872K->149870K(355072K), 0.0015109 secs] [Times: user=0.00 sys=0.00, real=0.00 secs] 
2014-07-10T12:34:16.388+0200: 1.886: [GC (Allocation Failure) 1.886: [ParNew: 1090K->96K(1152K), 0.0013781 secs] 150864K->150862K(355072K), 0.0016190 secs] [Times: user=0.00 sys=0.00, real=0.00 secs] 
2014-07-10T12:34:16.390+0200: 1.888: [GC (Allocation Failure) 1.888: [ParNew: 1090K->96K(1152K), 0.0014177 secs] 151857K->151855K(355072K), 0.0014764 secs] [Times: user=0.00 sys=0.00, real=0.00 secs] 
2014-07-10T12:34:16.392+0200: 1.889: [GC (Allocation Failure) 1.889: [ParNew: 1090K->96K(1152K), 0.0013030 secs] 152849K->152847K(355072K), 0.0013572 secs] [Times: user=0.00 sys=0.00, real=0.00 secs] 
2014-07-10T12:34:16.394+0200: 1.891: [GC (Allocation Failure) 1.891: [ParNew: 1090K->96K(1152K), 0.0013206 secs] 153842K->153840K(355072K), 0.0013774 secs] [Times: user=0.00 sys=0.00, real=0.00 secs] 
2014-07-10T12:34:16.395+0200: 1.893: [GC (Allocation Failure) 1.893: [ParNew: 1090K->96K(1152K), 0.0012990 secs] 154834K->154832K(355072K), 0.0013528 secs] [Times: user=0.03 sys=0.00, real=0.00 secs] 
2014-07-10T12:34:16.397+0200: 1.894: [GC (Allocation Failure) 1.894: [ParNew: 1090K->96K(1152K), 0.0015200 secs] 155827K->155825K(355072K), 0.0015871 secs] [Times: user=0.00 sys=0.00, real=0.00 secs] 
2014-07-10T12:34:16.399+0200: 1.896: [GC (Allocation Failure) 1.896: [ParNew: 1090K->96K(1152K), 0.0014977 secs] 156819K->156817K(355072K), 0.0015637 secs] [Times: user=0.00 sys=0.00, real=0.00 secs] 
2014-07-10T12:34:16.401+0200: 1.898: [GC (Allocation Failure) 1.898: [ParNew: 1090K->96K(1152K), 0.0014845 secs] 157812K->157810K(355072K), 0.0016234 secs] [Times: user=0.00 sys=0.00, real=0.00 secs] 
2014-07-10T12:34:16.403+0200: 1.900: [GC (Allocation Failure) 1.900: [ParNew: 1090K->96K(1152K), 0.0015578 secs] 158804K->158802K(355072K), 0.0016220 secs] [Times: user=0.00 sys=0.00, real=0.00 secs] 
2014-07-10T12:34:16.405+0200: 1.902: [GC (Allocation Failure) 1.902: [ParNew: 1090K->96K(1152K), 0.0015611 secs] 159797K->159795K(355072K), 0.0016300 secs] [Times: user=0.00 sys=0.00, real=0.00 secs] 
2014-07-10T12:34:16.407+0200: 1.904: [GC (Allocation Failure) 1.904: [ParNew: 1090K->96K(1152K), 0.0013994 secs] 160789K->160787K(355072K), 0.0014566 secs] [Times: user=0.00 sys=0.00, real=0.00 secs] 
2014-07-10T12:34:16.408+0200: 1.906: [GC (Allocation Failure) 1.906: [ParNew: 1090K->96K(1152K), 0.0013012 secs] 161782K->161780K(355072K), 0.0013609 secs] [Times: user=0.00 sys=0.00, real=0.00 secs] 
2014-07-10T12:34:16.410+0200: 1.908: [GC (Allocation Failure) 1.908: [ParNew: 1090K->96K(1152K), 0.0013162 secs] 162774K->162772K(355072K), 0.0013701 secs] [Times: user=0.00 sys=0.00, real=0.00 secs] 
2014-07-10T12:34:16.412+0200: 1.909: [GC (Allocation Failure) 1.909: [ParNew: 1090K->96K(1152K), 0.0014764 secs] 163767K->163765K(355072K), 0.0015494 secs] [Times: user=0.00 sys=0.00, real=0.00 secs] 
2014-07-10T12:34:16.413+0200: 1.911: [GC (Allocation Failure) 1.911: [ParNew: 1090K->96K(1152K), 0.0016601 secs] 164759K->164757K(355072K), 0.0017294 secs] [Times: user=0.00 sys=0.00, real=0.00 secs] 
2014-07-10T12:34:16.415+0200: 1.913: [GC (Allocation Failure) 1.913: [ParNew: 1090K->96K(1152K), 0.0014449 secs] 165752K->165750K(355072K), 0.0015043 secs] [Times: user=0.00 sys=0.00, real=0.00 secs] 
2014-07-10T12:34:16.417+0200: 1.915: [GC (Allocation Failure) 1.915: [ParNew: 1090K->96K(1152K), 0.0013569 secs] 166744K->166742K(355072K), 0.0014254 secs] [Times: user=0.00 sys=0.00, real=0.00 secs] 
2014-07-10T12:34:16.419+0200: 1.916: [GC (Allocation Failure) 1.916: [ParNew: 1090K->96K(1152K), 0.0012935 secs] 167737K->167735K(355072K), 0.0013510 secs] [Times: user=0.00 sys=0.00, real=0.00 secs] 
2014-07-10T12:34:16.420+0200: 1.918: [GC (Allocation Failure) 1.918: [ParNew: 1090K->96K(1152K), 0.0016102 secs] 168729K->168727K(355072K), 0.0016810 secs] [Times: user=0.00 sys=0.00, real=0.00 secs] 
2014-07-10T12:34:16.422+0200: 1.920: [GC (Allocation Failure) 1.920: [ParNew: 1090K->96K(1152K), 0.0015321 secs] 169722K->169720K(355072K), 0.0015915 secs] [Times: user=0.00 sys=0.00, real=0.00 secs] 
2014-07-10T12:34:16.424+0200: 1.922: [GC (Allocation Failure) 1.922: [ParNew: 1090K->96K(1152K), 0.0013210 secs] 170714K->170712K(355072K), 0.0013778 secs] [Times: user=0.00 sys=0.00, real=0.00 secs] 
2014-07-10T12:34:16.426+0200: 1.923: [GC (Allocation Failure) 1.923: [ParNew: 1090K->96K(1152K), 0.0013045 secs] 171707K->171705K(355072K), 0.0013613 secs] [Times: user=0.00 sys=0.00, real=0.00 secs] 
2014-07-10T12:34:16.428+0200: 1.925: [GC (Allocation Failure) 1.925: [ParNew: 1090K->96K(1152K), 0.0015021 secs] 172699K->172697K(355072K), 0.0015824 secs] [Times: user=0.00 sys=0.00, real=0.00 secs] 
2014-07-10T12:34:16.429+0200: 1.927: [GC (Allocation Failure) 1.927: [ParNew: 1090K->96K(1152K), 0.0014933 secs] 173692K->173690K(355072K), 0.0015618 secs] [Times: user=0.00 sys=0.00, real=0.00 secs] 
2014-07-10T12:34:16.431+0200: 1.929: [GC (Allocation Failure) 1.929: [ParNew: 1090K->96K(1152K), 0.0020964 secs] 174684K->174682K(355072K), 0.0021789 secs] [Times: user=0.00 sys=0.00, real=0.00 secs] 
2014-07-10T12:34:16.434+0200: 1.932: [GC (Allocation Failure) 1.932: [ParNew: 1090K->96K(1152K), 0.0017466 secs] 175677K->175675K(355072K), 0.0018177 secs] [Times: user=0.00 sys=0.00, real=0.00 secs] 
2014-07-10T12:34:16.436+0200: 1.934: [GC (Allocation Failure) 1.934: [ParNew: 1090K->96K(1152K), 0.0014834 secs] 176669K->176667K(355072K), 0.0015486 secs] [Times: user=0.00 sys=0.00, real=0.00 secs] 
2014-07-10T12:34:16.438+0200: 1.935: [GC (Allocation Failure) 1.936: [ParNew: 1090K->96K(1152K), 0.0015439 secs] 177661K->177659K(355072K), 0.0016066 secs] [Times: user=0.00 sys=0.00, real=0.00 secs] 
2014-07-10T12:34:16.440+0200: 1.937: [GC (Allocation Failure) 1.937: [ParNew: 1090K->96K(1152K), 0.0012872 secs] 178654K->178652K(355072K), 0.0013440 secs] [Times: user=0.00 sys=0.00, real=0.00 secs] 
2014-07-10T12:34:16.441+0200: 1.939: [GC (Allocation Failure) 1.939: [ParNew: 1090K->96K(1152K), 0.0013664 secs] 179646K->179644K(355072K), 0.0014247 secs] [Times: user=0.03 sys=0.00, real=0.00 secs] 
2014-07-10T12:34:16.443+0200: 1.941: [GC (Allocation Failure) 1.941: [ParNew: 1090K->96K(1152K), 0.0013440 secs] 180639K->180637K(355072K), 0.0014016 secs] [Times: user=0.00 sys=0.00, real=0.00 secs] 
2014-07-10T12:34:16.445+0200: 1.942: [GC (Allocation Failure) 1.942: [ParNew: 1090K->96K(1152K), 0.0014731 secs] 181631K->181629K(355072K), 0.0015413 secs] [Times: user=0.00 sys=0.00, real=0.00 secs] 
2014-07-10T12:34:16.447+0200: 1.944: [GC (Allocation Failure) 1.944: [ParNew: 1090K->96K(1152K), 0.0014698 secs] 182624K->182622K(355072K), 0.0015307 secs] [Times: user=0.00 sys=0.00, real=0.00 secs] 
2014-07-10T12:34:16.448+0200: 1.946: [GC (Allocation Failure) 1.946: [ParNew: 1090K->96K(1152K), 0.0013305 secs] 183616K->183614K(355072K), 0.0013844 secs] [Times: user=0.00 sys=0.00, real=0.00 secs] 
2014-07-10T12:34:16.450+0200: 1.948: [GC (Allocation Failure) 1.948: [ParNew: 1090K->96K(1152K), 0.0015637 secs] 184609K->184607K(355072K), 0.0016363 secs] [Times: user=0.00 sys=0.00, real=0.00 secs] 
2014-07-10T12:34:16.452+0200: 1.950: [GC (Allocation Failure) 1.950: [ParNew: 1090K->96K(1152K), 0.0015468 secs] 185601K->185599K(355072K), 0.0016099 secs] [Times: user=0.00 sys=0.00, real=0.00 secs] 
2014-07-10T12:34:16.454+0200: 1.952: [GC (Allocation Failure) 1.952: [ParNew: 1090K->96K(1152K), 0.0016253 secs] 186594K->186592K(355072K), 0.0016887 secs] [Times: user=0.00 sys=0.00, real=0.00 secs] 
2014-07-10T12:34:16.456+0200: 1.954: [GC (Allocation Failure) 1.954: [ParNew: 1090K->96K(1152K), 0.0013276 secs] 187586K->187584K(355072K), 0.0013862 secs] [Times: user=0.00 sys=0.00, real=0.00 secs] 
2014-07-10T12:34:16.458+0200: 1.955: [GC (Allocation Failure) 1.955: [ParNew: 1090K->96K(1152K), 0.0014889 secs] 188579K->188577K(355072K), 0.0015516 secs] [Times: user=0.03 sys=0.00, real=0.00 secs] 
2014-07-10T12:34:16.459+0200: 1.957: [GC (Allocation Failure) 1.957: [ParNew: 1090K->96K(1152K), 0.0013906 secs] 189571K->189569K(355072K), 0.0014478 secs] [Times: user=0.00 sys=0.00, real=0.00 secs] 
2014-07-10T12:34:16.461+0200: 1.959: [GC (Allocation Failure) 1.959: [ParNew: 1090K->96K(1152K), 0.0014812 secs] 190564K->190562K(355072K), 0.0015611 secs] [Times: user=0.00 sys=0.00, real=0.00 secs] 
2014-07-10T12:34:16.463+0200: 1.961: [GC (Allocation Failure) 1.961: [ParNew: 1090K->96K(1152K), 0.0014764 secs] 191556K->191554K(355072K), 0.0015446 secs] [Times: user=0.00 sys=0.00, real=0.00 secs] 
2014-07-10T12:34:16.465+0200: 1.962: [GC (Allocation Failure) 1.962: [ParNew: 1090K->96K(1152K), 0.0013928 secs] 192549K->192547K(355072K), 0.0014515 secs] [Times: user=0.00 sys=0.00, real=0.00 secs] 
2014-07-10T12:34:16.467+0200: 1.964: [GC (Allocation Failure) 1.964: [ParNew: 1090K->96K(1152K), 0.0015901 secs] 193541K->193539K(355072K), 0.0016535 secs] [Times: user=0.00 sys=0.00, real=0.00 secs] 
2014-07-10T12:34:16.468+0200: 1.966: [GC (Allocation Failure) 1.966: [ParNew: 1090K->96K(1152K), 0.0016659 secs] 194534K->194532K(355072K), 0.0017697 secs] [Times: user=0.00 sys=0.00, real=0.00 secs] 
2014-07-10T12:34:16.471+0200: 1.968: [GC (Allocation Failure) 1.968: [ParNew: 1090K->96K(1152K), 0.0029407 secs] 195526K->195524K(355072K), 0.0030188 secs] [Times: user=0.00 sys=0.00, real=0.00 secs] 
2014-07-10T12:34:16.474+0200: 1.971: [GC (Allocation Failure) 1.972: [ParNew: 1090K->96K(1152K), 0.0018078 secs] 196519K->196517K(355072K), 0.0018771 secs] [Times: user=0.00 sys=0.00, real=0.00 secs] 
2014-07-10T12:34:16.476+0200: 1.974: [GC (Allocation Failure) 1.974: [ParNew: 1090K->96K(1152K), 0.0013664 secs] 197511K->197509K(355072K), 0.0014254 secs] [Times: user=0.00 sys=0.00, real=0.00 secs] 
2014-07-10T12:34:16.478+0200: 1.975: [GC (Allocation Failure) 1.975: [ParNew: 1090K->96K(1152K), 0.0021965 secs] 198504K->198502K(355072K), 0.0022705 secs] [Times: user=0.00 sys=0.00, real=0.00 secs] 
2014-07-10T12:34:16.480+0200: 1.978: [GC (Allocation Failure) 1.978: [ParNew: 1090K->96K(1152K), 0.0013338 secs] 199496K->199494K(355072K), 0.0013902 secs] [Times: user=0.00 sys=0.00, real=0.00 secs] 
2014-07-10T12:34:16.482+0200: 1.980: [GC (Allocation Failure) 1.980: [ParNew: 1090K->96K(1152K), 0.0013561 secs] 200489K->200487K(355072K), 0.0014192 secs] [Times: user=0.00 sys=0.00, real=0.00 secs] 
2014-07-10T12:34:16.484+0200: 1.982: [GC (Allocation Failure) 1.982: [ParNew: 1090K->96K(1152K), 0.0014859 secs] 201481K->201479K(355072K), 0.0015593 secs] [Times: user=0.00 sys=0.00, real=0.00 secs] 
2014-07-10T12:34:16.486+0200: 1.983: [GC (Allocation Failure) 1.983: [ParNew: 1090K->96K(1152K), 0.0031453 secs] 202474K->202472K(355072K), 0.0032439 secs] [Times: user=0.00 sys=0.00, real=0.00 secs] 
2014-07-10T12:34:16.489+0200: 1.987: [GC (Allocation Failure) 1.987: [ParNew: 1090K->96K(1152K), 0.0016593 secs] 203466K->203464K(355072K), 0.0017297 secs] [Times: user=0.00 sys=0.01, real=0.00 secs] 
2014-07-10T12:34:16.492+0200: 1.989: [GC (Allocation Failure) 1.989: [ParNew: 1090K->96K(1152K), 0.0027413 secs] 204459K->204457K(355072K), 0.0028197 secs] [Times: user=0.00 sys=0.00, real=0.00 secs] 
2014-07-10T12:34:16.495+0200: 1.992: [GC (Allocation Failure) 1.992: [ParNew: 1090K->96K(1152K), 0.0072280 secs] 205451K->205449K(355072K), 0.0073270 secs] [Times: user=0.00 sys=0.00, real=0.01 secs] 
2014-07-10T12:34:16.502+0200: 2.000: [GC (Allocation Failure) 2.000: [ParNew: 1090K->96K(1152K), 0.0033623 secs] 206444K->206442K(355072K), 0.0034565 secs] [Times: user=0.00 sys=0.00, real=0.00 secs] 
2014-07-10T12:34:16.506+0200: 2.004: [GC (Allocation Failure) 2.004: [ParNew: 1098K->106K(1152K), 0.0025642 secs] 207444K->206708K(355072K), 0.0026478 secs] [Times: user=0.00 sys=0.00, real=0.00 secs] 
2014-07-10T12:34:16.510+0200: 2.007: [GC (Allocation Failure) 2.007: [ParNew: 1100K->96K(1152K), 0.0024241 secs] 207702K->207698K(355072K), 0.0024931 secs] [Times: user=0.00 sys=0.00, real=0.00 secs] 
2014-07-10T12:34:16.512+0200: 2.010: [GC (Allocation Failure) 2.010: [ParNew: 1090K->96K(1152K), 0.0056083 secs] 208693K->208691K(355072K), 0.0056787 secs] [Times: user=0.00 sys=0.00, real=0.01 secs] 
2014-07-10T12:34:16.520+0200: 2.017: [GC (Allocation Failure) 2.017: [ParNew: 1090K->96K(1152K), 0.0021279 secs] 209685K->209683K(355072K), 0.0022284 secs] [Times: user=0.03 sys=0.00, real=0.00 secs] 
2014-07-10T12:34:16.523+0200: 2.020: [GC (Allocation Failure) 2.020: [ParNew: 1090K->96K(1152K), 0.0029106 secs] 210678K->210676K(355072K), 0.0029939 secs] [Times: user=0.00 sys=0.00, real=0.00 secs] 
2014-07-10T12:34:16.526+0200: 2.024: [GC (Allocation Failure) 2.024: [ParNew: 1090K->96K(1152K), 0.0016073 secs] 211670K->211668K(355072K), 0.0016813 secs] [Times: user=0.00 sys=0.00, real=0.00 secs] 
2014-07-10T12:34:16.528+0200: 2.026: [GC (Allocation Failure) 2.026: [ParNew: 1090K->96K(1152K), 0.0025037 secs] 212663K->212661K(355072K), 0.0025704 secs] [Times: user=0.00 sys=0.00, real=0.00 secs] 
2014-07-10T12:34:16.531+0200: 2.029: [GC (Allocation Failure) 2.029: [ParNew: 1090K->96K(1152K), 0.0032190 secs] 213655K->213653K(355072K), 0.0032956 secs] [Times: user=0.00 sys=0.00, real=0.00 secs] 
2014-07-10T12:34:16.535+0200: 2.032: [GC (Allocation Failure) 2.032: [ParNew: 1090K->96K(1152K), 0.0019186 secs] 214648K->214646K(355072K), 0.0019937 secs] [Times: user=0.02 sys=0.00, real=0.00 secs] 
2014-07-10T12:34:16.538+0200: 2.035: [GC (Allocation Failure) 2.035: [ParNew: 1090K->96K(1152K), 0.0021099 secs] 215640K->215638K(355072K), 0.0022027 secs] [Times: user=0.00 sys=0.00, real=0.00 secs] 
2014-07-10T12:34:16.541+0200: 2.039: [GC (Allocation Failure) 2.039: [ParNew: 1090K->96K(1152K), 0.0016634 secs] 216633K->216631K(355072K), 0.0017433 secs] [Times: user=0.00 sys=0.00, real=0.00 secs] 
2014-07-10T12:34:16.543+0200: 2.041: [GC (Allocation Failure) 2.041: [ParNew: 1090K->96K(1152K), 0.0027508 secs] 217625K->217623K(355072K), 0.0028271 secs] [Times: user=0.00 sys=0.00, real=0.00 secs] 
2014-07-10T12:34:16.546+0200: 2.044: [GC (Allocation Failure) 2.044: [ParNew: 1090K->96K(1152K), 0.0019391 secs] 218618K->218616K(355072K), 0.0020065 secs] [Times: user=0.00 sys=0.00, real=0.00 secs] 
2014-07-10T12:34:16.549+0200: 2.046: [GC (Allocation Failure) 2.046: [ParNew: 1090K->96K(1152K), 0.0022306 secs] 219610K->219608K(355072K), 0.0023138 secs] [Times: user=0.00 sys=0.00, real=0.00 secs] 
2014-07-10T12:34:16.552+0200: 2.049: [GC (Allocation Failure) 2.049: [ParNew: 1090K->96K(1152K), 0.0014933 secs] 220602K->220600K(355072K), 0.0015673 secs] [Times: user=0.00 sys=0.00, real=0.00 secs] 
2014-07-10T12:34:16.554+0200: 2.051: [GC (Allocation Failure) 2.051: [ParNew: 1090K->96K(1152K), 0.0020124 secs] 221595K->221593K(355072K), 0.0020923 secs] [Times: user=0.00 sys=0.00, real=0.00 secs] 
2014-07-10T12:34:16.556+0200: 2.054: [GC (Allocation Failure) 2.054: [ParNew: 1090K->96K(1152K), 0.0017077 secs] 222587K->222585K(355072K), 0.0017847 secs] [Times: user=0.00 sys=0.00, real=0.00 secs] 
2014-07-10T12:34:16.558+0200: 2.056: [GC (Allocation Failure) 2.056: [ParNew: 1090K->96K(1152K), 0.0016436 secs] 223580K->223578K(355072K), 0.0017132 secs] [Times: user=0.00 sys=0.00, real=0.00 secs] 
2014-07-10T12:34:16.560+0200: 2.058: [GC (Allocation Failure) 2.058: [ParNew: 1090K->96K(1152K), 0.0015479 secs] 224572K->224570K(355072K), 0.0016619 secs] [Times: user=0.00 sys=0.00, real=0.00 secs] 
2014-07-10T12:34:16.563+0200: 2.060: [GC (Allocation Failure) 2.060: [ParNew: 1090K->96K(1152K), 0.0015072 secs] 225565K->225563K(355072K), 0.0015780 secs] [Times: user=0.00 sys=0.00, real=0.00 secs] 
2014-07-10T12:34:16.565+0200: 2.062: [GC (Allocation Failure) 2.062: [ParNew: 1090K->96K(1152K), 0.0016168 secs] 226557K->226555K(355072K), 0.0016909 secs] [Times: user=0.00 sys=0.00, real=0.00 secs] 
2014-07-10T12:34:16.567+0200: 2.064: [GC (Allocation Failure) 2.064: [ParNew: 1090K->96K(1152K), 0.0015373 secs] 227550K->227548K(355072K), 0.0016077 secs] [Times: user=0.03 sys=0.00, real=0.00 secs] 
2014-07-10T12:34:16.569+0200: 2.067: [GC (Allocation Failure) 2.067: [ParNew: 1090K->96K(1152K), 0.0025370 secs] 228542K->228540K(355072K), 0.0027028 secs] [Times: user=0.00 sys=0.00, real=0.00 secs] 
2014-07-10T12:34:16.573+0200: 2.070: [GC (Allocation Failure) 2.070: [ParNew: 1090K->96K(1152K), 0.0015186 secs] 229535K->229533K(355072K), 0.0015897 secs] [Times: user=0.00 sys=0.00, real=0.00 secs] 
2014-07-10T12:34:16.575+0200: 2.073: [GC (Allocation Failure) 2.073: [ParNew: 1090K->96K(1152K), 0.0017778 secs] 230527K->230525K(355072K), 0.0018533 secs] [Times: user=0.00 sys=0.00, real=0.00 secs] 
2014-07-10T12:34:16.577+0200: 2.075: [GC (Allocation Failure) 2.075: [ParNew: 1090K->96K(1152K), 0.0015318 secs] 231520K->231518K(355072K), 0.0016014 secs] [Times: user=0.00 sys=0.00, real=0.00 secs] 
2014-07-10T12:34:16.579+0200: 2.077: [GC (Allocation Failure) 2.077: [ParNew: 1090K->96K(1152K), 0.0015618 secs] 232512K->232510K(355072K), 0.0016359 secs] [Times: user=0.00 sys=0.00, real=0.00 secs] 
2014-07-10T12:34:16.581+0200: 2.079: [GC (Allocation Failure) 2.079: [ParNew: 1090K->96K(1152K), 0.0017682 secs] 233505K->233503K(355072K), 0.0018405 secs] [Times: user=0.00 sys=0.00, real=0.00 secs] 
2014-07-10T12:34:16.584+0200: 2.081: [GC (Allocation Failure) 2.082: [ParNew: 1090K->96K(1152K), 0.0017213 secs] 234497K->234495K(355072K), 0.0018038 secs] [Times: user=0.00 sys=0.00, real=0.00 secs] 
2014-07-10T12:34:16.586+0200: 2.084: [GC (Allocation Failure) 2.084: [ParNew: 1090K->96K(1152K), 0.0019120 secs] 235490K->235488K(355072K), 0.0019944 secs] [Times: user=0.00 sys=0.00, real=0.00 secs] 
2014-07-10T12:34:16.589+0200: 2.086: [GC (Allocation Failure) 2.086: [ParNew: 1090K->96K(1152K), 0.0019435 secs] 236482K->236480K(355072K), 0.0020183 secs] [Times: user=0.00 sys=0.00, real=0.00 secs] 
2014-07-10T12:34:16.592+0200: 2.090: [GC (Allocation Failure) 2.090: [ParNew: 1090K->96K(1152K), 0.0016865 secs] 237475K->237473K(355072K), 0.0017730 secs] [Times: user=0.00 sys=0.00, real=0.00 secs] 
2014-07-10T12:34:16.594+0200: 2.092: [GC (Allocation Failure) 2.092: [ParNew: 1090K->96K(1152K), 0.0015879 secs] 238467K->238465K(355072K), 0.0016623 secs] [Times: user=0.00 sys=0.00, real=0.00 secs] 
2014-07-10T12:34:16.597+0200: 2.094: [GC (Allocation Failure) 2.094: [ParNew: 1090K->96K(1152K), 0.0018768 secs] 239460K->239458K(355072K), 0.0020773 secs] [Times: user=0.01 sys=0.00, real=0.00 secs] 
2014-07-10T12:34:16.600+0200: 2.097: [GC (Allocation Failure) 2.097: [ParNew: 1090K->96K(1152K), 0.0016289 secs] 240452K->240450K(355072K), 0.0017151 secs] [Times: user=0.00 sys=0.00, real=0.00 secs] 
2014-07-10T12:34:16.602+0200: 2.100: [GC (Allocation Failure) 2.100: [ParNew: 1090K->96K(1152K), 0.0014852 secs] 241445K->241443K(355072K), 0.0015574 secs] [Times: user=0.00 sys=0.00, real=0.00 secs] 
2014-07-10T12:34:16.604+0200: 2.101: [GC (Allocation Failure) 2.102: [ParNew: 1090K->96K(1152K), 0.0023270 secs] 242437K->242435K(355072K), 0.0024073 secs] [Times: user=0.00 sys=0.00, real=0.00 secs] 
2014-07-10T12:34:16.607+0200: 2.104: [GC (Allocation Failure) 2.104: [ParNew: 1090K->96K(1152K), 0.0014841 secs] 243430K->243428K(355072K), 0.0015552 secs] [Times: user=0.00 sys=0.00, real=0.00 secs] 
2014-07-10T12:34:16.609+0200: 2.106: [GC (Allocation Failure) 2.106: [ParNew: 1090K->96K(1152K), 0.0014353 secs] 244422K->244420K(355072K), 0.0015021 secs] [Times: user=0.00 sys=0.00, real=0.00 secs] 
2014-07-10T12:34:16.611+0200: 2.108: [GC (Allocation Failure) 2.108: [ParNew: 1090K->96K(1152K), 0.0014001 secs] 245415K->245413K(355072K), 0.0014639 secs] [Times: user=0.00 sys=0.00, real=0.00 secs] 
2014-07-10T12:34:16.613+0200: 2.110: [GC (Allocation Failure) 2.110: [ParNew: 1090K->96K(1152K), 0.0016476 secs] 246407K->246405K(355072K), 0.0017242 secs] [Times: user=0.00 sys=0.00, real=0.00 secs] 
2014-07-10T12:34:16.615+0200: 2.112: [GC (Allocation Failure) 2.112: [ParNew: 1090K->96K(1152K), 0.0017154 secs] 247400K->247398K(355072K), 0.0017888 secs] [Times: user=0.00 sys=0.00, real=0.00 secs] 
2014-07-10T12:34:16.617+0200: 2.115: [GC (Allocation Failure) 2.115: [ParNew: 1090K->96K(1152K), 0.0015857 secs] 248392K->248390K(355072K), 0.0016601 secs] [Times: user=0.00 sys=0.00, real=0.00 secs] 
2014-07-10T12:34:16.619+0200: 2.117: [GC (Allocation Failure) 2.117: [ParNew: 1090K->96K(1152K), 0.0017719 secs] 249385K->249383K(355072K), 0.0018493 secs] [Times: user=0.00 sys=0.00, real=0.00 secs] 
2014-07-10T12:34:16.622+0200: 2.119: [GC (Allocation Failure) 2.119: [ParNew: 1090K->96K(1152K), 0.0019493 secs] 250377K->250375K(355072K), 0.0020322 secs] [Times: user=0.00 sys=0.00, real=0.00 secs] 
2014-07-10T12:34:16.624+0200: 2.122: [GC (Allocation Failure) 2.122: [ParNew: 1090K->96K(1152K), 0.0015002 secs] 251370K->251368K(355072K), 0.0015736 secs] [Times: user=0.00 sys=0.00, real=0.00 secs] 
2014-07-10T12:34:16.626+0200: 2.124: [GC (Allocation Failure) 2.124: [ParNew: 1090K->96K(1152K), 0.0016143 secs] 252362K->252360K(355072K), 0.0016931 secs] [Times: user=0.00 sys=0.00, real=0.00 secs] 
2014-07-10T12:34:16.628+0200: 2.126: [GC (Allocation Failure) 2.126: [ParNew: 1090K->96K(1152K), 0.0019072 secs] 253354K->253352K(355072K), 0.0019974 secs] [Times: user=0.01 sys=0.00, real=0.00 secs] 
2014-07-10T12:34:16.631+0200: 2.128: [GC (Allocation Failure) 2.128: [ParNew: 1090K->96K(1152K), 0.0015178 secs] 254347K->254345K(355072K), 0.0015919 secs] [Times: user=0.00 sys=0.00, real=0.00 secs] 
2014-07-10T12:34:16.633+0200: 2.130: [GC (Allocation Failure) 2.130: [ParNew: 1090K->96K(1152K), 0.0015970 secs] 255339K->255337K(355072K), 0.0016718 secs] [Times: user=0.00 sys=0.00, real=0.00 secs] 
2014-07-10T12:34:16.635+0200: 2.132: [GC (Allocation Failure) 2.132: [ParNew: 1090K->96K(1152K), 0.0015666 secs] 256332K->256330K(355072K), 0.0016663 secs] [Times: user=0.00 sys=0.00, real=0.00 secs] 
2014-07-10T12:34:16.637+0200: 2.134: [GC (Allocation Failure) 2.134: [ParNew: 1090K->96K(1152K), 0.0019376 secs] 257324K->257322K(355072K), 0.0020146 secs] [Times: user=0.00 sys=0.00, real=0.00 secs] 
2014-07-10T12:34:16.639+0200: 2.137: [GC (Allocation Failure) 2.137: [ParNew: 1090K->96K(1152K), 0.0015758 secs] 258317K->258315K(355072K), 0.0016480 secs] [Times: user=0.00 sys=0.00, real=0.00 secs] 
2014-07-10T12:34:16.641+0200: 2.139: [GC (Allocation Failure) 2.139: [ParNew: 1090K->96K(1152K), 0.0016461 secs] 259309K->259307K(355072K), 0.0017195 secs] [Times: user=0.00 sys=0.00, real=0.00 secs] 
2014-07-10T12:34:16.643+0200: 2.141: [GC (Allocation Failure) 2.141: [ParNew: 1090K->96K(1152K), 0.0015010 secs] 260302K->260300K(355072K), 0.0015952 secs] [Times: user=0.00 sys=0.00, real=0.00 secs] 
2014-07-10T12:34:16.645+0200: 2.143: [GC (Allocation Failure) 2.143: [ParNew: 1090K->96K(1152K), 0.0019629 secs] 261294K->261292K(355072K), 0.0020414 secs] [Times: user=0.03 sys=0.00, real=0.00 secs] 
2014-07-10T12:34:16.648+0200: 2.145: [GC (Allocation Failure) 2.145: [ParNew: 1090K->96K(1152K), 0.0015010 secs] 262287K->262285K(355072K), 0.0015655 secs] [Times: user=0.00 sys=0.00, real=0.00 secs] 
2014-07-10T12:34:16.650+0200: 2.147: [GC (Allocation Failure) 2.147: [ParNew: 1090K->96K(1152K), 0.0015475 secs] 263279K->263277K(355072K), 0.0016234 secs] [Times: user=0.00 sys=0.00, real=0.00 secs] 
2014-07-10T12:34:16.652+0200: 2.150: [GC (Allocation Failure) 2.150: [ParNew: 1090K->96K(1152K), 0.0015541 secs] 264272K->264270K(355072K), 0.0016319 secs] [Times: user=0.00 sys=0.00, real=0.00 secs] 
2014-07-10T12:34:16.654+0200: 2.152: [GC (Allocation Failure) 2.152: [ParNew: 1090K->96K(1152K), 0.0018716 secs] 265264K->265262K(355072K), 0.0019504 secs] [Times: user=0.00 sys=0.00, real=0.00 secs] 
2014-07-10T12:34:16.656+0200: 2.154: [GC (Allocation Failure) 2.154: [ParNew: 1090K->96K(1152K), 0.0015571 secs] 266257K->266255K(355072K), 0.0016304 secs] [Times: user=0.00 sys=0.00, real=0.00 secs] 
2014-07-10T12:34:16.658+0200: 2.156: [GC (Allocation Failure) 2.156: [ParNew: 1090K->96K(1152K), 0.0015145 secs] 267249K->267247K(355072K), 0.0015875 secs] [Times: user=0.00 sys=0.00, real=0.00 secs] 
2014-07-10T12:34:16.661+0200: 2.158: [GC (Allocation Failure) 2.158: [ParNew: 1090K->96K(1152K), 0.0019241 secs] 268242K->268240K(355072K), 0.0020054 secs] [Times: user=0.03 sys=0.00, real=0.00 secs] 
2014-07-10T12:34:16.663+0200: 2.161: [GC (Allocation Failure) 2.161: [ParNew: 1090K->96K(1152K), 0.0015684 secs] 269234K->269232K(355072K), 0.0016410 secs] [Times: user=0.00 sys=0.00, real=0.00 secs] 
2014-07-10T12:34:16.665+0200: 2.163: [GC (Allocation Failure) 2.163: [ParNew: 1090K->96K(1152K), 0.0015314 secs] 270227K->270225K(355072K), 0.0016000 secs] [Times: user=0.00 sys=0.00, real=0.00 secs] 
2014-07-10T12:34:16.667+0200: 2.165: [GC (Allocation Failure) 2.165: [ParNew: 1090K->96K(1152K), 0.0015732 secs] 271219K->271217K(355072K), 0.0016450 secs] [Times: user=0.00 sys=0.00, real=0.00 secs] 
2014-07-10T12:34:16.669+0200: 2.167: [GC (Allocation Failure) 2.167: [ParNew: 1098K->106K(1152K), 0.0012949 secs] 272220K->271419K(355072K), 0.0013569 secs] [Times: user=0.00 sys=0.00, real=0.00 secs] 
2014-07-10T12:34:16.671+0200: 2.168: [GC (Allocation Failure) 2.168: [ParNew: 1100K->96K(1152K), 0.0019281 secs] 272414K->272410K(355072K), 0.0020018 secs] [Times: user=0.00 sys=0.00, real=0.00 secs] 
2014-07-10T12:34:16.673+0200: 2.171: [GC (Allocation Failure) 2.171: [ParNew: 1090K->96K(1152K), 0.0016110 secs] 273404K->273402K(355072K), 0.0016850 secs] [Times: user=0.00 sys=0.00, real=0.00 secs] 
2014-07-10T12:34:16.675+0200: 2.173: [GC (Allocation Failure) 2.173: [ParNew: 1090K->96K(1152K), 0.0015413 secs] 274397K->274395K(355072K), 0.0016110 secs] [Times: user=0.01 sys=0.00, real=0.00 secs] 
2014-07-10T12:34:16.678+0200: 2.175: [GC (Allocation Failure) 2.175: [ParNew: 1090K->96K(1152K), 0.0019065 secs] 275389K->275387K(355072K), 0.0019864 secs] [Times: user=0.00 sys=0.00, real=0.00 secs] 
2014-07-10T12:34:16.680+0200: 2.178: [GC (Allocation Failure) 2.178: [ParNew: 1090K->96K(1152K), 0.0015523 secs] 276382K->276380K(355072K), 0.0016220 secs] [Times: user=0.00 sys=0.00, real=0.00 secs] 
2014-07-10T12:34:16.682+0200: 2.180: [GC (Allocation Failure) 2.180: [ParNew: 1090K->96K(1152K), 0.0014973 secs] 277374K->277372K(355072K), 0.0015688 secs] [Times: user=0.00 sys=0.00, real=0.00 secs] 
2014-07-10T12:34:16.684+0200: 2.182: [GC (Allocation Failure) 2.182: [ParNew: 1090K->96K(1152K), 0.0018958 secs] 278367K->278365K(355072K), 0.0019739 secs] [Times: user=0.00 sys=0.00, real=0.00 secs] 
2014-07-10T12:34:16.687+0200: 2.184: [GC (Allocation Failure) 2.184: [ParNew: 1090K->96K(1152K), 0.0016989 secs] 279359K->279357K(355072K), 0.0017715 secs] [Times: user=0.00 sys=0.00, real=0.00 secs] 
2014-07-10T12:34:16.689+0200: 2.186: [GC (Allocation Failure) 2.186: [ParNew: 1090K->96K(1152K), 0.0017767 secs] 280352K->280350K(355072K), 0.0018489 secs] [Times: user=0.00 sys=0.00, real=0.00 secs] 
2014-07-10T12:34:16.691+0200: 2.189: [GC (Allocation Failure) 2.189: [ParNew: 1090K->96K(1152K), 0.0016465 secs] 281344K->281342K(355072K), 0.0017173 secs] [Times: user=0.02 sys=0.00, real=0.00 secs] 
2014-07-10T12:34:16.693+0200: 2.191: [GC (Allocation Failure) 2.191: [ParNew: 1090K->96K(1152K), 0.0017345 secs] 282337K->282335K(355072K), 0.0018082 secs] [Times: user=0.00 sys=0.00, real=0.00 secs] 
2014-07-10T12:34:16.695+0200: 2.193: [GC (Allocation Failure) 2.193: [ParNew: 1090K->96K(1152K), 0.0016491 secs] 283329K->283327K(355072K), 0.0017272 secs] [Times: user=0.00 sys=0.00, real=0.00 secs] 
2014-07-10T12:34:16.698+0200: 2.195: [GC (Allocation Failure) 2.195: [ParNew: 1090K->96K(1152K), 0.0017884 secs] 284322K->284320K(355072K), 0.0018617 secs] [Times: user=0.00 sys=0.00, real=0.00 secs] 
2014-07-10T12:34:16.700+0200: 2.197: [GC (Allocation Failure) 2.197: [ParNew: 1090K->96K(1152K), 0.0015879 secs] 285314K->285312K(355072K), 0.0016762 secs] [Times: user=0.00 sys=0.00, real=0.00 secs] 
2014-07-10T12:34:16.702+0200: 2.200: [GC (Allocation Failure) 2.200: [ParNew: 1090K->96K(1152K), 0.0018243 secs] 286307K->286305K(355072K), 0.0019054 secs] [Times: user=0.00 sys=0.00, real=0.00 secs] 
2014-07-10T12:34:16.705+0200: 2.202: [GC (Allocation Failure) 2.202: [ParNew: 1090K->96K(1152K), 0.0017217 secs] 287299K->287297K(355072K), 0.0017990 secs] [Times: user=0.00 sys=0.00, real=0.00 secs] 
2014-07-10T12:34:16.707+0200: 2.205: [GC (Allocation Failure) 2.205: [ParNew: 1090K->96K(1152K), 0.0018669 secs] 288292K->288290K(355072K), 0.0019563 secs] [Times: user=0.03 sys=0.00, real=0.00 secs] 
2014-07-10T12:34:16.709+0200: 2.207: [GC (Allocation Failure) 2.207: [ParNew: 1090K->96K(1152K), 0.0017290 secs] 289284K->289282K(355072K), 0.0018020 secs] [Times: user=0.00 sys=0.00, real=0.00 secs] 
2014-07-10T12:34:16.712+0200: 2.209: [GC (Allocation Failure) 2.209: [ParNew: 1090K->96K(1152K), 0.0016714 secs] 290277K->290275K(355072K), 0.0017448 secs] [Times: user=0.00 sys=0.00, real=0.00 secs] 
2014-07-10T12:34:16.714+0200: 2.211: [GC (Allocation Failure) 2.211: [ParNew: 1090K->96K(1152K), 0.0016755 secs] 291269K->291267K(355072K), 0.0017642 secs] [Times: user=0.00 sys=0.00, real=0.00 secs] 
2014-07-10T12:34:16.716+0200: 2.214: [GC (Allocation Failure) 2.214: [ParNew: 1090K->96K(1152K), 0.0017968 secs] 292262K->292260K(355072K), 0.0018753 secs] [Times: user=0.00 sys=0.00, real=0.00 secs] 
2014-07-10T12:34:16.718+0200: 2.216: [GC (Allocation Failure) 2.216: [ParNew: 1090K->96K(1152K), 0.0019329 secs] 293254K->293252K(355072K), 0.0020117 secs] [Times: user=0.00 sys=0.00, real=0.00 secs] 
2014-07-10T12:34:16.721+0200: 2.218: [GC (Allocation Failure) 2.219: [ParNew: 1090K->96K(1152K), 0.0021052 secs] 294246K->294244K(355072K), 0.0023002 secs] [Times: user=0.00 sys=0.00, real=0.00 secs] 
2014-07-10T12:34:16.724+0200: 2.221: [GC (Allocation Failure) 2.221: [ParNew: 1090K->96K(1152K), 0.0020025 secs] 295239K->295237K(355072K), 0.0020865 secs] [Times: user=0.00 sys=0.00, real=0.00 secs] 
2014-07-10T12:34:16.727+0200: 2.224: [GC (Allocation Failure) 2.224: [ParNew: 1090K->96K(1152K), 0.0017539 secs] 296231K->296229K(355072K), 0.0018471 secs] [Times: user=0.00 sys=0.00, real=0.00 secs] 
2014-07-10T12:34:16.731+0200: 2.229: [GC (Allocation Failure) 2.229: [ParNew: 1090K->96K(1152K), 0.0021074 secs] 297224K->297222K(355072K), 0.0021994 secs] [Times: user=0.00 sys=0.00, real=0.00 secs] 
2014-07-10T12:34:16.734+0200: 2.231: [GC (Allocation Failure) 2.231: [ParNew: 1090K->96K(1152K), 0.0017719 secs] 298216K->298214K(355072K), 0.0021070 secs] [Times: user=0.00 sys=0.00, real=0.00 secs] 
2014-07-10T12:34:16.737+0200: 2.235: [GC (Allocation Failure) 2.235: [ParNew: 1090K->96K(1152K), 0.0025928 secs] 299209K->299207K(355072K), 0.0026811 secs] [Times: user=0.03 sys=0.00, real=0.00 secs] 
2014-07-10T12:34:16.740+0200: 2.238: [GC (Allocation Failure) 2.238: [ParNew: 1090K->96K(1152K), 0.0019761 secs] 300201K->300199K(355072K), 0.0020582 secs] [Times: user=0.00 sys=0.00, real=0.00 secs] 
2014-07-10T12:34:16.743+0200: 2.240: [GC (Allocation Failure) 2.240: [ParNew: 1090K->96K(1152K), 0.0017613 secs] 301194K->301192K(355072K), 0.0018397 secs] [Times: user=0.00 sys=0.00, real=0.00 secs] 
2014-07-10T12:34:16.745+0200: 2.243: [GC (Allocation Failure) 2.243: [ParNew: 1090K->96K(1152K), 0.0016194 secs] 302186K->302184K(355072K), 0.0016912 secs] [Times: user=0.00 sys=0.00, real=0.00 secs] 
2014-07-10T12:34:16.747+0200: 2.245: [GC (CMS Initial Mark) [1 CMS-initial-mark: 302088K(353920K)] 302216K(355072K), 0.0001481 secs] [Times: user=0.00 sys=0.00, real=0.00 secs] 
2014-07-10T12:34:16.747+0200: 2.245: [CMS-concurrent-mark-start]
2014-07-10T12:34:16.747+0200: 2.245: [GC (Allocation Failure) 2.245: [ParNew: 1090K->96K(1152K), 0.0016421 secs] 303179K->303177K(355072K), 0.0017495 secs] [Times: user=0.00 sys=0.00, real=0.00 secs] 
2014-07-10T12:34:16.750+0200: 2.248: [GC (Allocation Failure) 2.248: [ParNew: 1090K->96K(1152K), 0.0021220 secs] 304171K->304169K(355072K), 0.0022152 secs] [Times: user=0.00 sys=0.00, real=0.00 secs] 
2014-07-10T12:34:16.753+0200: 2.251: [GC (Allocation Failure) 2.251: [ParNew: 1090K->96K(1152K), 0.0018412 secs] 305164K->305162K(355072K), 0.0019189 secs] [Times: user=0.02 sys=0.02, real=0.00 secs] 
2014-07-10T12:34:16.757+0200: 2.254: [GC (Allocation Failure) 2.254: [ParNew: 1090K->96K(1152K), 0.0022932 secs] 306156K->306154K(355072K), 0.0024051 secs] [Times: user=0.00 sys=0.00, real=0.00 secs] 
2014-07-10T12:34:16.759+0200: 2.257: [CMS-concurrent-mark: 0.003/0.012 secs] [Times: user=0.02 sys=0.02, real=0.01 secs] 
2014-07-10T12:34:16.760+0200: 2.257: [CMS-concurrent-preclean-start]
2014-07-10T12:34:16.760+0200: 2.258: [CMS-concurrent-preclean: 0.001/0.001 secs] [Times: user=0.00 sys=0.00, real=0.00 secs] 
2014-07-10T12:34:16.763+0200: 2.261: [GC (Allocation Failure) 2.261: [ParNew: 1090K->96K(1152K), 0.0019875 secs] 307149K->307147K(355072K), 0.0020905 secs] [Times: user=0.00 sys=0.00, real=0.00 secs] 
2014-07-10T12:34:16.766+0200: 2.264: [GC (Allocation Failure) 2.264: [ParNew: 1090K->96K(1152K), 0.0020318 secs] 308141K->308139K(355072K), 0.0021338 secs] [Times: user=0.00 sys=0.00, real=0.00 secs] 
2014-07-10T12:34:16.769+0200: 2.267: [GC (Allocation Failure) 2.267: [ParNew: 1090K->96K(1152K), 0.0027537 secs] 309134K->309132K(355072K), 0.0028329 secs] [Times: user=0.00 sys=0.01, real=0.00 secs] 
2014-07-10T12:34:16.775+0200: 2.272: [GC (CMS Final Remark) [YG occupancy: 162 K (1152 K)]2.272: [Rescan (parallel) , 0.0006427 secs]2.273: [weak refs processing, 0.0000297 secs]2.273: [class unloading, 0.0003828 secs]2.273: [scrub symbol table, 0.0005617 secs]2.274: [scrub string table, 0.0002178 secs][1 CMS-remark: 309036K(353920K)] 309198K(355072K), 0.0019875 secs] [Times: user=0.00 sys=0.00, real=0.00 secs] 
2014-07-10T12:34:16.777+0200: 2.275: [CMS-concurrent-sweep-start]
2014-07-10T12:34:16.779+0200: 2.277: [CMS-concurrent-sweep: 0.002/0.002 secs] [Times: user=0.00 sys=0.00, real=0.00 secs] 
2014-07-10T12:34:16.779+0200: 2.277: [CMS-concurrent-reset-start]
2014-07-10T12:34:16.781+0200: 2.278: [CMS-concurrent-reset: 0.001/0.001 secs] [Times: user=0.00 sys=0.00, real=0.00 secs] 
2014-07-10T12:34:16.791+0200: 2.289: [GC (Allocation Failure) 2.289: [ParNew: 1090K->96K(1152K), 0.0021701 secs] 39435K->39433K(355072K), 0.0022742 secs] [Times: user=0.00 sys=0.00, real=0.00 secs] 
2014-07-10T12:34:16.794+0200: 2.292: [GC (Allocation Failure) 2.292: [ParNew: 1090K->96K(1152K), 0.0013895 secs] 40428K->40426K(355072K), 0.0014566 secs] [Times: user=0.00 sys=0.00, real=0.00 secs] 
2014-07-10T12:34:16.796+0200: 2.293: [GC (Allocation Failure) 2.293: [ParNew: 1090K->96K(1152K), 0.0013444 secs] 41420K->41418K(355072K), 0.0014020 secs] [Times: user=0.00 sys=0.00, real=0.00 secs] 
2014-07-10T12:34:16.798+0200: 2.296: [GC (Allocation Failure) 2.296: [ParNew: 1090K->96K(1152K), 0.0015043 secs] 42413K->42411K(355072K), 0.0015684 secs] [Times: user=0.00 sys=0.00, real=0.00 secs] 
2014-07-10T12:34:16.800+0200: 2.298: [GC (Allocation Failure) 2.298: [ParNew: 1090K->96K(1152K), 0.0016293 secs] 43405K->43403K(355072K), 0.0017008 secs] [Times: user=0.01 sys=0.00, real=0.00 secs] 
2014-07-10T12:34:16.802+0200: 2.300: [GC (Allocation Failure) 2.300: [ParNew: 1090K->96K(1152K), 0.0032109 secs] 44398K->44396K(355072K), 0.0033125 secs] [Times: user=0.00 sys=0.00, real=0.00 secs] 
2014-07-10T12:34:16.807+0200: 2.305: [GC (Allocation Failure) 2.305: [ParNew: 1090K->96K(1152K), 0.0020491 secs] 45390K->45388K(355072K), 0.0021345 secs] [Times: user=0.00 sys=0.00, real=0.00 secs] 
2014-07-10T12:34:16.810+0200: 2.307: [GC (Allocation Failure) 2.307: [ParNew: 1090K->96K(1152K), 0.0015068 secs] 46383K->46381K(355072K), 0.0015706 secs] [Times: user=0.00 sys=0.00, real=0.00 secs] 
2014-07-10T12:34:16.812+0200: 2.309: [GC (Allocation Failure) 2.309: [ParNew: 1090K->96K(1152K), 0.0013778 secs] 47375K->47373K(355072K), 0.0014353 secs] [Times: user=0.00 sys=0.00, real=0.00 secs] 
2014-07-10T12:34:16.813+0200: 2.311: [GC (Allocation Failure) 2.311: [ParNew: 1090K->96K(1152K), 0.0014537 secs] 48368K->48366K(355072K), 0.0015186 secs] [Times: user=0.00 sys=0.00, real=0.00 secs] 
2014-07-10T12:34:16.815+0200: 2.313: [GC (Allocation Failure) 2.313: [ParNew: 1090K->96K(1152K), 0.0014408 secs] 49360K->49358K(355072K), 0.0015039 secs] [Times: user=0.00 sys=0.00, real=0.00 secs] 
2014-07-10T12:34:16.817+0200: 2.315: [GC (Allocation Failure) 2.315: [ParNew: 1090K->96K(1152K), 0.0015182 secs] 50353K->50351K(355072K), 0.0015879 secs] [Times: user=0.00 sys=0.00, real=0.00 secs] 
2014-07-10T12:34:16.820+0200: 2.318: [GC (Allocation Failure) 2.318: [ParNew: 1090K->96K(1152K), 0.0016428 secs] 51345K->51343K(355072K), 0.0018548 secs] [Times: user=0.00 sys=0.00, real=0.00 secs] 
2014-07-10T12:34:16.822+0200: 2.320: [GC (Allocation Failure) 2.320: [ParNew: 1090K->96K(1152K), 0.0019519 secs] 52338K->52336K(355072K), 0.0020238 secs] [Times: user=0.00 sys=0.00, real=0.00 secs] 
2014-07-10T12:34:16.825+0200: 2.322: [GC (Allocation Failure) 2.322: [ParNew: 1090K->96K(1152K), 0.0014533 secs] 53330K->53328K(355072K), 0.0015123 secs] [Times: user=0.00 sys=0.00, real=0.00 secs] 
2014-07-10T12:34:16.827+0200: 2.325: [GC (Allocation Failure) 2.325: [ParNew: 1090K->96K(1152K), 0.0015761 secs] 54323K->54321K(355072K), 0.0016509 secs] [Times: user=0.00 sys=0.00, real=0.00 secs] 
2014-07-10T12:34:16.829+0200: 2.327: [GC (Allocation Failure) 2.327: [ParNew: 1090K->96K(1152K), 0.0014900 secs] 55315K->55313K(355072K), 0.0015574 secs] [Times: user=0.00 sys=0.00, real=0.00 secs] 
2014-07-10T12:34:16.833+0200: 2.331: [GC (Allocation Failure) 2.331: [ParNew: 1090K->96K(1152K), 0.0017044 secs] 56308K->56306K(355072K), 0.0018034 secs] [Times: user=0.00 sys=0.00, real=0.00 secs] 
2014-07-10T12:34:16.835+0200: 2.333: [GC (Allocation Failure) 2.333: [ParNew: 1090K->96K(1152K), 0.0017224 secs] 57300K->57298K(355072K), 0.0017943 secs] [Times: user=0.00 sys=0.00, real=0.00 secs] 
2014-07-10T12:34:16.838+0200: 2.335: [GC (Allocation Failure) 2.335: [ParNew: 1090K->96K(1152K), 0.0020307 secs] 58293K->58291K(355072K), 0.0021041 secs] [Times: user=0.00 sys=0.00, real=0.00 secs] 
2014-07-10T12:34:16.840+0200: 2.338: [GC (Allocation Failure) 2.338: [ParNew: 1090K->96K(1152K), 0.0014896 secs] 59285K->59283K(355072K), 0.0015589 secs] [Times: user=0.00 sys=0.00, real=0.00 secs] 
2014-07-10T12:34:16.842+0200: 2.340: [GC (Allocation Failure) 2.340: [ParNew: 1090K->96K(1152K), 0.0014826 secs] 60278K->60276K(355072K), 0.0015468 secs] [Times: user=0.00 sys=0.00, real=0.00 secs] 
2014-07-10T12:34:16.844+0200: 2.342: [GC (Allocation Failure) 2.342: [ParNew: 1090K->96K(1152K), 0.0013935 secs] 61270K->61268K(355072K), 0.0015923 secs] [Times: user=0.00 sys=0.00, real=0.00 secs] 
2014-07-10T12:34:16.846+0200: 2.344: [GC (Allocation Failure) 2.344: [ParNew: 1090K->96K(1152K), 0.0015083 secs] 62263K->62261K(355072K), 0.0015688 secs] [Times: user=0.00 sys=0.00, real=0.00 secs] 
2014-07-10T12:34:16.848+0200: 2.346: [GC (Allocation Failure) 2.346: [ParNew: 1090K->96K(1152K), 0.0015805 secs] 63255K->63253K(355072K), 0.0016443 secs] [Times: user=0.03 sys=0.00, real=0.00 secs] 
2014-07-10T12:34:16.850+0200: 2.348: [GC (Allocation Failure) 2.348: [ParNew: 1090K->96K(1152K), 0.0014636 secs] 64248K->64246K(355072K), 0.0015248 secs] [Times: user=0.00 sys=0.00, real=0.00 secs] 
2014-07-10T12:34:16.852+0200: 2.350: [GC (Allocation Failure) 2.350: [ParNew: 1090K->96K(1152K), 0.0016388 secs] 65240K->65238K(355072K), 0.0017096 secs] [Times: user=0.00 sys=0.00, real=0.00 secs] 
2014-07-10T12:34:16.855+0200: 2.353: [GC (Allocation Failure) 2.353: [ParNew: 1098K->106K(1152K), 0.0012652 secs] 66241K->65376K(355072K), 0.0013393 secs] [Times: user=0.00 sys=0.00, real=0.00 secs] 
2014-07-10T12:34:16.857+0200: 2.355: [GC (Allocation Failure) 2.355: [ParNew: 1100K->96K(1152K), 0.0012363 secs] 66371K->66367K(355072K), 0.0012902 secs] [Times: user=0.00 sys=0.00, real=0.00 secs] 
2014-07-10T12:34:16.859+0200: 2.356: [GC (Allocation Failure) 2.356: [ParNew: 1090K->96K(1152K), 0.0016179 secs] 67361K->67359K(355072K), 0.0016883 secs] [Times: user=0.00 sys=0.00, real=0.00 secs] 
2014-07-10T12:34:16.861+0200: 2.359: [GC (Allocation Failure) 2.359: [ParNew: 1090K->96K(1152K), 0.0018181 secs] 68354K->68352K(355072K), 0.0019006 secs] [Times: user=0.00 sys=0.00, real=0.00 secs] 
2014-07-10T12:34:16.864+0200: 2.362: [GC (Allocation Failure) 2.362: [ParNew: 1090K->96K(1152K), 0.0016714 secs] 69346K->69344K(355072K), 0.0017481 secs] [Times: user=0.00 sys=0.00, real=0.00 secs] 
2014-07-10T12:34:16.867+0200: 2.364: [GC (Allocation Failure) 2.364: [ParNew: 1090K->96K(1152K), 0.0014562 secs] 70339K->70337K(355072K), 0.0015171 secs] [Times: user=0.00 sys=0.00, real=0.00 secs] 
2014-07-10T12:34:16.868+0200: 2.366: [GC (Allocation Failure) 2.366: [ParNew: 1090K->96K(1152K), 0.0018214 secs] 71331K->71329K(355072K), 0.0018896 secs] [Times: user=0.00 sys=0.00, real=0.00 secs] 
2014-07-10T12:34:16.871+0200: 2.368: [GC (Allocation Failure) 2.368: [ParNew: 1090K->96K(1152K), 0.0017162 secs] 72324K->72322K(355072K), 0.0017851 secs] [Times: user=0.00 sys=0.00, real=0.00 secs] 
2014-07-10T12:34:16.873+0200: 2.371: [GC (Allocation Failure) 2.371: [ParNew: 1090K->96K(1152K), 0.0016121 secs] 73316K->73314K(355072K), 0.0016810 secs] [Times: user=0.00 sys=0.00, real=0.00 secs] 
2014-07-10T12:34:16.875+0200: 2.373: [GC (Allocation Failure) 2.373: [ParNew: 1090K->96K(1152K), 0.0015167 secs] 74309K->74307K(355072K), 0.0015813 secs] [Times: user=0.00 sys=0.00, real=0.00 secs] 
2014-07-10T12:34:16.877+0200: 2.375: [GC (Allocation Failure) 2.375: [ParNew: 1090K->96K(1152K), 0.0015732 secs] 75301K->75299K(355072K), 0.0016436 secs] [Times: user=0.00 sys=0.00, real=0.00 secs] 
2014-07-10T12:34:16.880+0200: 2.377: [GC (Allocation Failure) 2.377: [ParNew: 1090K->96K(1152K), 0.0020278 secs] 76293K->76291K(355072K), 0.0021033 secs] [Times: user=0.00 sys=0.00, real=0.00 secs] 
2014-07-10T12:34:16.882+0200: 2.380: [GC (Allocation Failure) 2.380: [ParNew: 1090K->96K(1152K), 0.0016861 secs] 77286K->77284K(355072K), 0.0017514 secs] [Times: user=0.00 sys=0.00, real=0.00 secs] 
2014-07-10T12:34:16.884+0200: 2.382: [GC (Allocation Failure) 2.382: [ParNew: 1090K->96K(1152K), 0.0017253 secs] 78278K->78276K(355072K), 0.0017954 secs] [Times: user=0.00 sys=0.00, real=0.00 secs] 
2014-07-10T12:34:16.887+0200: 2.384: [GC (Allocation Failure) 2.384: [ParNew: 1090K->96K(1152K), 0.0015805 secs] 79271K->79269K(355072K), 0.0016564 secs] [Times: user=0.00 sys=0.00, real=0.00 secs] 
2014-07-10T12:34:16.889+0200: 2.386: [GC (Allocation Failure) 2.386: [ParNew: 1090K->96K(1152K), 0.0014346 secs] 80263K->80261K(355072K), 0.0014955 secs] [Times: user=0.00 sys=0.00, real=0.00 secs] 
2014-07-10T12:34:16.890+0200: 2.388: [GC (Allocation Failure) 2.388: [ParNew: 1090K->96K(1152K), 0.0014771 secs] 81256K->81254K(355072K), 0.0015417 secs] [Times: user=0.00 sys=0.00, real=0.00 secs] 
2014-07-10T12:34:16.892+0200: 2.390: [GC (Allocation Failure) 2.390: [ParNew: 1090K->96K(1152K), 0.0015549 secs] 82248K->82246K(355072K), 0.0016190 secs] [Times: user=0.00 sys=0.00, real=0.00 secs] 
2014-07-10T12:34:16.894+0200: 2.392: [GC (Allocation Failure) 2.392: [ParNew: 1090K->96K(1152K), 0.0016384 secs] 83241K->83239K(355072K), 0.0017044 secs] [Times: user=0.02 sys=0.00, real=0.00 secs] 
2014-07-10T12:34:16.896+0200: 2.394: [GC (Allocation Failure) 2.394: [ParNew: 1090K->96K(1152K), 0.0015153 secs] 84233K->84231K(355072K), 0.0015923 secs] [Times: user=0.00 sys=0.00, real=0.00 secs] 
2014-07-10T12:34:16.900+0200: 2.398: [GC (Allocation Failure) 2.398: [ParNew: 1090K->96K(1152K), 0.0018559 secs] 85226K->85224K(355072K), 0.0019380 secs] [Times: user=0.00 sys=0.00, real=0.00 secs] 
2014-07-10T12:34:16.903+0200: 2.400: [GC (Allocation Failure) 2.400: [ParNew: 1090K->96K(1152K), 0.0015930 secs] 86218K->86216K(355072K), 0.0016648 secs] [Times: user=0.00 sys=0.00, real=0.00 secs] 
2014-07-10T12:34:16.905+0200: 2.402: [GC (Allocation Failure) 2.402: [ParNew: 1090K->96K(1152K), 0.0028567 secs] 87211K->87209K(355072K), 0.0029389 secs] [Times: user=0.00 sys=0.00, real=0.00 secs] 
2014-07-10T12:34:16.908+0200: 2.405: [GC (Allocation Failure) 2.406: [ParNew: 1090K->96K(1152K), 0.0013803 secs] 88203K->88201K(355072K), 0.0014383 secs] [Times: user=0.00 sys=0.00, real=0.00 secs] 
2014-07-10T12:34:16.910+0200: 2.407: [GC (Allocation Failure) 2.407: [ParNew: 1090K->96K(1152K), 0.0016674 secs] 89196K->89194K(355072K), 0.0017389 secs] [Times: user=0.03 sys=0.00, real=0.00 secs] 
2014-07-10T12:34:16.912+0200: 2.409: [GC (Allocation Failure) 2.409: [ParNew: 1090K->96K(1152K), 0.0014012 secs] 90188K->90186K(355072K), 0.0014581 secs] [Times: user=0.00 sys=0.00, real=0.00 secs] 
2014-07-10T12:34:16.914+0200: 2.411: [GC (Allocation Failure) 2.411: [ParNew: 1090K->96K(1152K), 0.0013440 secs] 91181K->91179K(355072K), 0.0013994 secs] [Times: user=0.00 sys=0.00, real=0.00 secs] 
2014-07-10T12:34:16.915+0200: 2.413: [GC (Allocation Failure) 2.413: [ParNew: 1090K->96K(1152K), 0.0013418 secs] 92173K->92171K(355072K), 0.0014001 secs] [Times: user=0.00 sys=0.00, real=0.00 secs] 
2014-07-10T12:34:16.917+0200: 2.415: [GC (Allocation Failure) 2.415: [ParNew: 1090K->96K(1152K), 0.0016689 secs] 93166K->93164K(355072K), 0.0017462 secs] [Times: user=0.00 sys=0.00, real=0.00 secs] 
2014-07-10T12:34:16.919+0200: 2.417: [GC (Allocation Failure) 2.417: [ParNew: 1090K->96K(1152K), 0.0015083 secs] 94158K->94156K(355072K), 0.0015776 secs] [Times: user=0.00 sys=0.00, real=0.00 secs] 
2014-07-10T12:34:16.921+0200: 2.419: [GC (Allocation Failure) 2.419: [ParNew: 1090K->96K(1152K), 0.0015545 secs] 95151K->95149K(355072K), 0.0016256 secs] [Times: user=0.00 sys=0.00, real=0.00 secs] 
2014-07-10T12:34:16.923+0200: 2.421: [GC (Allocation Failure) 2.421: [ParNew: 1090K->96K(1152K), 0.0026393 secs] 96143K->96141K(355072K), 0.0027097 secs] [Times: user=0.00 sys=0.00, real=0.00 secs] 
2014-07-10T12:34:16.926+0200: 2.424: [GC (Allocation Failure) 2.424: [ParNew: 1090K->96K(1152K), 0.0027075 secs] 97136K->97134K(355072K), 0.0027757 secs] [Times: user=0.02 sys=0.00, real=0.00 secs] 
2014-07-10T12:34:16.929+0200: 2.427: [GC (Allocation Failure) 2.427: [ParNew: 1090K->96K(1152K), 0.0014955 secs] 98128K->98126K(355072K), 0.0015574 secs] [Times: user=0.00 sys=0.00, real=0.00 secs] 
2014-07-10T12:34:16.931+0200: 2.429: [GC (Allocation Failure) 2.429: [ParNew: 1090K->96K(1152K), 0.0014815 secs] 99121K->99119K(355072K), 0.0015442 secs] [Times: user=0.00 sys=0.00, real=0.00 secs] 
2014-07-10T12:34:16.933+0200: 2.431: [GC (Allocation Failure) 2.431: [ParNew: 1090K->96K(1152K), 0.0015912 secs] 100113K->100111K(355072K), 0.0016586 secs] [Times: user=0.00 sys=0.00, real=0.00 secs] 
2014-07-10T12:34:16.935+0200: 2.433: [GC (Allocation Failure) 2.433: [ParNew: 1090K->96K(1152K), 0.0014207 secs] 101106K->101104K(355072K), 0.0014797 secs] [Times: user=0.00 sys=0.00, real=0.00 secs] 
2014-07-10T12:34:16.937+0200: 2.435: [GC (Allocation Failure) 2.435: [ParNew: 1090K->96K(1152K), 0.0013851 secs] 102098K->102096K(355072K), 0.0014471 secs] [Times: user=0.00 sys=0.00, real=0.00 secs] 
2014-07-10T12:34:16.939+0200: 2.436: [GC (Allocation Failure) 2.436: [ParNew: 1090K->96K(1152K), 0.0014375 secs] 103091K->103089K(355072K), 0.0015006 secs] [Times: user=0.00 sys=0.00, real=0.00 secs] 
2014-07-10T12:34:16.941+0200: 2.438: [GC (Allocation Failure) 2.438: [ParNew: 1090K->96K(1152K), 0.0016509 secs] 104083K->104081K(355072K), 0.0017268 secs] [Times: user=0.03 sys=0.00, real=0.00 secs] 
2014-07-10T12:34:16.943+0200: 2.441: [GC (Allocation Failure) 2.441: [ParNew: 1090K->96K(1152K), 0.0014460 secs] 105076K->105074K(355072K), 0.0015079 secs] [Times: user=0.00 sys=0.00, real=0.00 secs] 
2014-07-10T12:34:16.945+0200: 2.443: [GC (Allocation Failure) 2.443: [ParNew: 1090K->96K(1152K), 0.0021151 secs] 106068K->106066K(355072K), 0.0022042 secs] [Times: user=0.00 sys=0.00, real=0.00 secs] 
2014-07-10T12:34:16.948+0200: 2.446: [GC (Allocation Failure) 2.446: [ParNew: 1090K->96K(1152K), 0.0015376 secs] 107060K->107058K(355072K), 0.0016000 secs] [Times: user=0.00 sys=0.00, real=0.00 secs] 
2014-07-10T12:34:16.950+0200: 2.448: [GC (Allocation Failure) 2.448: [ParNew: 1090K->96K(1152K), 0.0015508 secs] 108053K->108051K(355072K), 0.0016176 secs] [Times: user=0.00 sys=0.00, real=0.00 secs] 
2014-07-10T12:34:16.952+0200: 2.450: [GC (Allocation Failure) 2.450: [ParNew: 1090K->96K(1152K), 0.0013976 secs] 109045K->109043K(355072K), 0.0015013 secs] [Times: user=0.00 sys=0.00, real=0.00 secs] 
2014-07-10T12:34:16.954+0200: 2.452: [GC (Allocation Failure) 2.452: [ParNew: 1090K->96K(1152K), 0.0018368 secs] 110038K->110036K(355072K), 0.0019083 secs] [Times: user=0.00 sys=0.00, real=0.00 secs] 
2014-07-10T12:34:16.956+0200: 2.454: [GC (Allocation Failure) 2.454: [ParNew: 1090K->96K(1152K), 0.0016055 secs] 111030K->111028K(355072K), 0.0016821 secs] [Times: user=0.03 sys=0.00, real=0.00 secs] 
2014-07-10T12:34:16.958+0200: 2.456: [GC (Allocation Failure) 2.456: [ParNew: 1090K->96K(1152K), 0.0016854 secs] 112023K->112021K(355072K), 0.0017591 secs] [Times: user=0.00 sys=0.00, real=0.00 secs] 
2014-07-10T12:34:16.961+0200: 2.458: [GC (Allocation Failure) 2.458: [ParNew: 1090K->96K(1152K), 0.0014727 secs] 113015K->113013K(355072K), 0.0015358 secs] [Times: user=0.00 sys=0.00, real=0.00 secs] 
2014-07-10T12:34:16.963+0200: 2.461: [GC (Allocation Failure) 2.461: [ParNew: 1090K->96K(1152K), 0.0015714 secs] 114008K->114006K(355072K), 0.0016498 secs] [Times: user=0.00 sys=0.00, real=0.00 secs] 
2014-07-10T12:34:16.965+0200: 2.463: [GC (Allocation Failure) 2.463: [ParNew: 1090K->96K(1152K), 0.0013759 secs] 115000K->114998K(355072K), 0.0014372 secs] [Times: user=0.00 sys=0.00, real=0.00 secs] 
2014-07-10T12:34:16.967+0200: 2.465: [GC (Allocation Failure) 2.465: [ParNew: 1090K->96K(1152K), 0.0013968 secs] 115993K->115991K(355072K), 0.0014581 secs] [Times: user=0.00 sys=0.00, real=0.00 secs] 
2014-07-10T12:34:16.969+0200: 2.466: [GC (Allocation Failure) 2.466: [ParNew: 1090K->96K(1152K), 0.0013532 secs] 116985K->116983K(355072K), 0.0014148 secs] [Times: user=0.00 sys=0.00, real=0.00 secs] 
2014-07-10T12:34:16.971+0200: 2.468: [GC (Allocation Failure) 2.468: [ParNew: 1090K->96K(1152K), 0.0015277 secs] 117978K->117976K(355072K), 0.0015967 secs] [Times: user=0.00 sys=0.00, real=0.00 secs] 
2014-07-10T12:34:16.973+0200: 2.470: [GC (Allocation Failure) 2.470: [ParNew: 1090K->96K(1152K), 0.0015494 secs] 118970K->118968K(355072K), 0.0016201 secs] [Times: user=0.03 sys=0.00, real=0.00 secs] 
2014-07-10T12:34:16.975+0200: 2.472: [GC (Allocation Failure) 2.472: [ParNew: 1090K->96K(1152K), 0.0014533 secs] 119963K->119961K(355072K), 0.0015332 secs] [Times: user=0.00 sys=0.00, real=0.00 secs] 
2014-07-10T12:34:16.977+0200: 2.475: [GC (Allocation Failure) 2.475: [ParNew: 1090K->96K(1152K), 0.0015277 secs] 120955K->120953K(355072K), 0.0015981 secs] [Times: user=0.00 sys=0.00, real=0.00 secs] 
2014-07-10T12:34:16.979+0200: 2.477: [GC (Allocation Failure) 2.477: [ParNew: 1090K->96K(1152K), 0.0014804 secs] 121948K->121946K(355072K), 0.0015461 secs] [Times: user=0.00 sys=0.00, real=0.00 secs] 
2014-07-10T12:34:16.981+0200: 2.479: [GC (Allocation Failure) 2.479: [ParNew: 1090K->96K(1152K), 0.0014221 secs] 122940K->122938K(355072K), 0.0014977 secs] [Times: user=0.00 sys=0.00, real=0.00 secs] 
2014-07-10T12:34:16.983+0200: 2.480: [GC (Allocation Failure) 2.480: [ParNew: 1090K->96K(1152K), 0.0014078 secs] 123933K->123931K(355072K), 0.0014694 secs] [Times: user=0.00 sys=0.00, real=0.00 secs] 
2014-07-10T12:34:16.985+0200: 2.482: [GC (Allocation Failure) 2.482: [ParNew: 1090K->96K(1152K), 0.0014141 secs] 124925K->124923K(355072K), 0.0014812 secs] [Times: user=0.00 sys=0.00, real=0.00 secs] 
2014-07-10T12:34:16.987+0200: 2.484: [GC (Allocation Failure) 2.484: [ParNew: 1090K->96K(1152K), 0.0020300 secs] 125918K->125916K(355072K), 0.0021129 secs] [Times: user=0.03 sys=0.00, real=0.00 secs] 
2014-07-10T12:34:16.989+0200: 2.487: [GC (Allocation Failure) 2.487: [ParNew: 1090K->96K(1152K), 0.0015215 secs] 126910K->126908K(355072K), 0.0015864 secs] [Times: user=0.00 sys=0.00, real=0.00 secs] 
2014-07-10T12:34:16.991+0200: 2.489: [GC (Allocation Failure) 2.489: [ParNew: 1090K->96K(1152K), 0.0013866 secs] 127903K->127901K(355072K), 0.0014463 secs] [Times: user=0.00 sys=0.00, real=0.00 secs] 
2014-07-10T12:34:16.993+0200: 2.491: [GC (Allocation Failure) 2.491: [ParNew: 1090K->96K(1152K), 0.0013569 secs] 128895K->128893K(355072K), 0.0014174 secs] [Times: user=0.00 sys=0.00, real=0.00 secs] 
2014-07-10T12:34:16.995+0200: 2.492: [GC (Allocation Failure) 2.492: [ParNew: 1090K->96K(1152K), 0.0013503 secs] 129888K->129886K(355072K), 0.0014104 secs] [Times: user=0.00 sys=0.00, real=0.00 secs] 
2014-07-10T12:34:16.997+0200: 2.494: [GC (Allocation Failure) 2.494: [ParNew: 1098K->106K(1152K), 0.0010038 secs] 130888K->129960K(355072K), 0.0010500 secs] [Times: user=0.00 sys=0.00, real=0.00 secs] 
2014-07-10T12:34:16.998+0200: 2.496: [GC (Allocation Failure) 2.496: [ParNew: 1100K->96K(1152K), 0.0012275 secs] 130954K->130950K(355072K), 0.0012836 secs] [Times: user=0.00 sys=0.00, real=0.00 secs] 
2014-07-10T12:34:17.000+0200: 2.497: [GC (Allocation Failure) 2.497: [ParNew: 1090K->96K(1152K), 0.0017242 secs] 131945K->131943K(355072K), 0.0017921 secs] [Times: user=0.00 sys=0.00, real=0.00 secs] 
2014-07-10T12:34:17.002+0200: 2.499: [GC (Allocation Failure) 2.499: [ParNew: 1090K->96K(1152K), 0.0015109 secs] 132937K->132935K(355072K), 0.0015699 secs] [Times: user=0.00 sys=0.00, real=0.00 secs] 
2014-07-10T12:34:17.004+0200: 2.501: [GC (Allocation Failure) 2.501: [ParNew: 1090K->96K(1152K), 0.0018163 secs] 133930K->133928K(355072K), 0.0018870 secs] [Times: user=0.02 sys=0.00, real=0.00 secs] 
2014-07-10T12:34:17.006+0200: 2.503: [GC (Allocation Failure) 2.503: [ParNew: 1090K->96K(1152K), 0.0015043 secs] 134922K->134920K(355072K), 0.0015640 secs] [Times: user=0.00 sys=0.00, real=0.00 secs] 
2014-07-10T12:34:17.008+0200: 2.505: [GC (Allocation Failure) 2.505: [ParNew: 1090K->96K(1152K), 0.0013917 secs] 135915K->135913K(355072K), 0.0014522 secs] [Times: user=0.00 sys=0.00, real=0.00 secs] 
2014-07-10T12:34:17.009+0200: 2.507: [GC (Allocation Failure) 2.507: [ParNew: 1090K->96K(1152K), 0.0014797 secs] 136907K->136905K(355072K), 0.0015417 secs] [Times: user=0.00 sys=0.00, real=0.00 secs] 
2014-07-10T12:34:17.011+0200: 2.509: [GC (Allocation Failure) 2.509: [ParNew: 1090K->96K(1152K), 0.0013928 secs] 137900K->137898K(355072K), 0.0014515 secs] [Times: user=0.00 sys=0.00, real=0.00 secs] 
2014-07-10T12:34:17.013+0200: 2.510: [GC (Allocation Failure) 2.510: [ParNew: 1090K->96K(1152K), 0.0014885 secs] 138892K->138890K(355072K), 0.0015523 secs] [Times: user=0.00 sys=0.00, real=0.00 secs] 
2014-07-10T12:34:17.015+0200: 2.512: [GC (Allocation Failure) 2.512: [ParNew: 1090K->96K(1152K), 0.0014958 secs] 139885K->139883K(355072K), 0.0015593 secs] [Times: user=0.00 sys=0.00, real=0.00 secs] 
2014-07-10T12:34:17.017+0200: 2.514: [GC (Allocation Failure) 2.514: [ParNew: 1090K->96K(1152K), 0.0015600 secs] 140877K->140875K(355072K), 0.0016242 secs] [Times: user=0.00 sys=0.00, real=0.00 secs] 
2014-07-10T12:34:17.019+0200: 2.516: [GC (Allocation Failure) 2.516: [ParNew: 1090K->96K(1152K), 0.0019787 secs] 141870K->141868K(355072K), 0.0020571 secs] [Times: user=0.03 sys=0.00, real=0.00 secs] 
2014-07-10T12:34:17.021+0200: 2.519: [GC (Allocation Failure) 2.519: [ParNew: 1090K->96K(1152K), 0.0016949 secs] 142862K->142860K(355072K), 0.0017657 secs] [Times: user=0.00 sys=0.00, real=0.00 secs] 
2014-07-10T12:34:17.023+0200: 2.521: [GC (Allocation Failure) 2.521: [ParNew: 1090K->96K(1152K), 0.0016608 secs] 143854K->143852K(355072K), 0.0017294 secs] [Times: user=0.00 sys=0.00, real=0.00 secs] 
2014-07-10T12:34:17.025+0200: 2.523: [GC (Allocation Failure) 2.523: [ParNew: 1090K->96K(1152K), 0.0014947 secs] 144847K->144845K(355072K), 0.0015596 secs] [Times: user=0.00 sys=0.00, real=0.00 secs] 
2014-07-10T12:34:17.027+0200: 2.525: [GC (Allocation Failure) 2.525: [ParNew: 1090K->96K(1152K), 0.0014210 secs] 145839K->145837K(355072K), 0.0014837 secs] [Times: user=0.00 sys=0.00, real=0.00 secs] 
2014-07-10T12:34:17.029+0200: 2.526: [GC (Allocation Failure) 2.526: [ParNew: 1090K->96K(1152K), 0.0014819 secs] 146832K->146830K(355072K), 0.0015468 secs] [Times: user=0.00 sys=0.00, real=0.00 secs] 
2014-07-10T12:34:17.031+0200: 2.529: [GC (Allocation Failure) 2.529: [ParNew: 1090K->96K(1152K), 0.0016656 secs] 147824K->147822K(355072K), 0.0017356 secs] [Times: user=0.00 sys=0.00, real=0.00 secs] 
2014-07-10T12:34:17.033+0200: 2.531: [GC (Allocation Failure) 2.531: [ParNew: 1090K->96K(1152K), 0.0016384 secs] 148817K->148815K(355072K), 0.0017019 secs] [Times: user=0.00 sys=0.00, real=0.00 secs] 
2014-07-10T12:34:17.035+0200: 2.533: [GC (Allocation Failure) 2.533: [ParNew: 1090K->96K(1152K), 0.0015703 secs] 149809K->149807K(355072K), 0.0016352 secs] [Times: user=0.03 sys=0.00, real=0.00 secs] 
2014-07-10T12:34:17.037+0200: 2.534: [GC (Allocation Failure) 2.534: [ParNew: 1090K->96K(1152K), 0.0020982 secs] 150802K->150800K(355072K), 0.0021781 secs] [Times: user=0.00 sys=0.00, real=0.00 secs] 
2014-07-10T12:34:17.039+0200: 2.537: [GC (Allocation Failure) 2.537: [ParNew: 1090K->96K(1152K), 0.0015292 secs] 151794K->151792K(355072K), 0.0015941 secs] [Times: user=0.00 sys=0.00, real=0.00 secs] 
2014-07-10T12:34:17.041+0200: 2.539: [GC (Allocation Failure) 2.539: [ParNew: 1090K->96K(1152K), 0.0014251 secs] 152787K->152785K(355072K), 0.0014845 secs] [Times: user=0.00 sys=0.00, real=0.00 secs] 
2014-07-10T12:34:17.043+0200: 2.541: [GC (Allocation Failure) 2.541: [ParNew: 1090K->96K(1152K), 0.0014577 secs] 153779K->153777K(355072K), 0.0015215 secs] [Times: user=0.00 sys=0.00, real=0.00 secs] 
2014-07-10T12:34:17.045+0200: 2.542: [GC (Allocation Failure) 2.542: [ParNew: 1090K->96K(1152K), 0.0018060 secs] 154772K->154770K(355072K), 0.0018760 secs] [Times: user=0.00 sys=0.00, real=0.00 secs] 
2014-07-10T12:34:17.047+0200: 2.545: [GC (Allocation Failure) 2.545: [ParNew: 1090K->96K(1152K), 0.0015651 secs] 155764K->155762K(355072K), 0.0016286 secs] [Times: user=0.00 sys=0.00, real=0.00 secs] 
2014-07-10T12:34:17.049+0200: 2.547: [GC (Allocation Failure) 2.547: [ParNew: 1090K->96K(1152K), 0.0013987 secs] 156757K->156755K(355072K), 0.0014562 secs] [Times: user=0.00 sys=0.00, real=0.00 secs] 
2014-07-10T12:34:17.051+0200: 2.548: [GC (Allocation Failure) 2.548: [ParNew: 1090K->96K(1152K), 0.0014947 secs] 157749K->157747K(355072K), 0.0015604 secs] [Times: user=0.03 sys=0.00, real=0.00 secs] 
2014-07-10T12:34:17.053+0200: 2.550: [GC (Allocation Failure) 2.550: [ParNew: 1090K->96K(1152K), 0.0017140 secs] 158742K->158740K(355072K), 0.0017829 secs] [Times: user=0.00 sys=0.00, real=0.00 secs] 
2014-07-10T12:34:17.055+0200: 2.552: [GC (Allocation Failure) 2.552: [ParNew: 1090K->96K(1152K), 0.0015875 secs] 159734K->159732K(355072K), 0.0016799 secs] [Times: user=0.00 sys=0.00, real=0.00 secs] 
2014-07-10T12:34:17.058+0200: 2.556: [GC (Allocation Failure) 2.556: [ParNew: 1090K->96K(1152K), 0.0016659 secs] 160727K->160725K(355072K), 0.0017400 secs] [Times: user=0.00 sys=0.00, real=0.00 secs] 
2014-07-10T12:34:17.060+0200: 2.558: [GC (Allocation Failure) 2.558: [ParNew: 1090K->96K(1152K), 0.0014449 secs] 161719K->161717K(355072K), 0.0015105 secs] [Times: user=0.00 sys=0.00, real=0.00 secs] 
2014-07-10T12:34:17.062+0200: 2.560: [GC (Allocation Failure) 2.560: [ParNew: 1090K->96K(1152K), 0.0015622 secs] 162712K->162710K(355072K), 0.0016282 secs] [Times: user=0.00 sys=0.00, real=0.00 secs] 
2014-07-10T12:34:17.064+0200: 2.562: [GC (Allocation Failure) 2.562: [ParNew: 1090K->96K(1152K), 0.0014636 secs] 163704K->163702K(355072K), 0.0015508 secs] [Times: user=0.00 sys=0.00, real=0.00 secs] 
2014-07-10T12:34:17.066+0200: 2.563: [GC (Allocation Failure) 2.563: [ParNew: 1090K->96K(1152K), 0.0015585 secs] 164697K->164695K(355072K), 0.0016271 secs] [Times: user=0.03 sys=0.00, real=0.00 secs] 
2014-07-10T12:34:17.068+0200: 2.566: [GC (Allocation Failure) 2.566: [ParNew: 1090K->96K(1152K), 0.0020263 secs] 165689K->165687K(355072K), 0.0022251 secs] [Times: user=0.00 sys=0.00, real=0.00 secs] 
2014-07-10T12:34:17.070+0200: 2.568: [GC (Allocation Failure) 2.568: [ParNew: 1090K->96K(1152K), 0.0017327 secs] 166682K->166680K(355072K), 0.0018027 secs] [Times: user=0.00 sys=0.00, real=0.00 secs] 
2014-07-10T12:34:17.073+0200: 2.570: [GC (Allocation Failure) 2.570: [ParNew: 1090K->96K(1152K), 0.0014119 secs] 167674K->167672K(355072K), 0.0014746 secs] [Times: user=0.00 sys=0.00, real=0.00 secs] 
2014-07-10T12:34:17.074+0200: 2.572: [GC (Allocation Failure) 2.572: [ParNew: 1090K->96K(1152K), 0.0016066 secs] 168667K->168665K(355072K), 0.0016729 secs] [Times: user=0.00 sys=0.00, real=0.00 secs] 
2014-07-10T12:34:17.076+0200: 2.574: [GC (Allocation Failure) 2.574: [ParNew: 1090K->96K(1152K), 0.0014944 secs] 169659K->169657K(355072K), 0.0015560 secs] [Times: user=0.00 sys=0.00, real=0.00 secs] 
2014-07-10T12:34:17.078+0200: 2.576: [GC (Allocation Failure) 2.576: [ParNew: 1090K->96K(1152K), 0.0014643 secs] 170652K->170650K(355072K), 0.0015274 secs] [Times: user=0.00 sys=0.00, real=0.00 secs] 
2014-07-10T12:34:17.080+0200: 2.577: [GC (Allocation Failure) 2.577: [ParNew: 1090K->96K(1152K), 0.0014243 secs] 171644K->171642K(355072K), 0.0014900 secs] [Times: user=0.00 sys=0.00, real=0.00 secs] 
2014-07-10T12:34:17.082+0200: 2.579: [GC (Allocation Failure) 2.579: [ParNew: 1090K->96K(1152K), 0.0016011 secs] 172637K->172635K(355072K), 0.0016722 secs] [Times: user=0.03 sys=0.00, real=0.00 secs] 
2014-07-10T12:34:17.084+0200: 2.582: [GC (Allocation Failure) 2.582: [ParNew: 1090K->96K(1152K), 0.0022654 secs] 173629K->173627K(355072K), 0.0023468 secs] [Times: user=0.00 sys=0.00, real=0.00 secs] 
2014-07-10T12:34:17.087+0200: 2.584: [GC (Allocation Failure) 2.584: [ParNew: 1090K->96K(1152K), 0.0025913 secs] 174622K->174620K(355072K), 0.0026654 secs] [Times: user=0.00 sys=0.00, real=0.00 secs] 
2014-07-10T12:34:17.090+0200: 2.587: [GC (Allocation Failure) 2.587: [ParNew: 1090K->96K(1152K), 0.0015292 secs] 175614K->175612K(355072K), 0.0015926 secs] [Times: user=0.00 sys=0.00, real=0.00 secs] 
2014-07-10T12:34:17.092+0200: 2.589: [GC (Allocation Failure) 2.589: [ParNew: 1090K->96K(1152K), 0.0014665 secs] 176606K->176604K(355072K), 0.0016201 secs] [Times: user=0.00 sys=0.00, real=0.00 secs] 
2014-07-10T12:34:17.094+0200: 2.592: [GC (Allocation Failure) 2.592: [ParNew: 1090K->96K(1152K), 0.0016912 secs] 177599K->177597K(355072K), 0.0017693 secs] [Times: user=0.00 sys=0.00, real=0.00 secs] 
2014-07-10T12:34:17.096+0200: 2.594: [GC (Allocation Failure) 2.594: [ParNew: 1090K->96K(1152K), 0.0015391 secs] 178591K->178589K(355072K), 0.0016135 secs] [Times: user=0.03 sys=0.00, real=0.00 secs] 
2014-07-10T12:34:17.098+0200: 2.596: [GC (Allocation Failure) 2.596: [ParNew: 1090K->96K(1152K), 0.0121756 secs] 179584K->179582K(355072K), 0.0122644 secs] [Times: user=0.00 sys=0.00, real=0.01 secs] 
2014-07-10T12:34:17.111+0200: 2.609: [GC (Allocation Failure) 2.609: [ParNew: 1090K->96K(1152K), 0.0017451 secs] 180576K->180574K(355072K), 0.0018141 secs] [Times: user=0.00 sys=0.00, real=0.00 secs] 
2014-07-10T12:34:17.113+0200: 2.611: [GC (Allocation Failure) 2.611: [ParNew: 1090K->96K(1152K), 0.0014493 secs] 181569K->181567K(355072K), 0.0015120 secs] [Times: user=0.03 sys=0.00, real=0.00 secs] 
2014-07-10T12:34:17.115+0200: 2.613: [GC (Allocation Failure) 2.613: [ParNew: 1090K->96K(1152K), 0.0014665 secs] 182561K->182559K(355072K), 0.0015314 secs] [Times: user=0.00 sys=0.00, real=0.00 secs] 
2014-07-10T12:34:17.117+0200: 2.615: [GC (Allocation Failure) 2.615: [ParNew: 1090K->96K(1152K), 0.0015831 secs] 183554K->183552K(355072K), 0.0016447 secs] [Times: user=0.00 sys=0.00, real=0.00 secs] 
2014-07-10T12:34:17.119+0200: 2.617: [GC (Allocation Failure) 2.617: [ParNew: 1090K->96K(1152K), 0.0014900 secs] 184546K->184544K(355072K), 0.0015527 secs] [Times: user=0.00 sys=0.00, real=0.00 secs] 
2014-07-10T12:34:17.121+0200: 2.619: [GC (Allocation Failure) 2.619: [ParNew: 1090K->96K(1152K), 0.0023875 secs] 185539K->185537K(355072K), 0.0024648 secs] [Times: user=0.00 sys=0.00, real=0.00 secs] 
2014-07-10T12:34:17.124+0200: 2.621: [GC (Allocation Failure) 2.622: [ParNew: 1090K->96K(1152K), 0.0016524 secs] 186531K->186529K(355072K), 0.0017235 secs] [Times: user=0.00 sys=0.00, real=0.00 secs] 
2014-07-10T12:34:17.126+0200: 2.624: [GC (Allocation Failure) 2.624: [ParNew: 1090K->96K(1152K), 0.0016179 secs] 187524K->187522K(355072K), 0.0016835 secs] [Times: user=0.00 sys=0.00, real=0.00 secs] 
2014-07-10T12:34:17.128+0200: 2.626: [GC (Allocation Failure) 2.626: [ParNew: 1090K->96K(1152K), 0.0016399 secs] 188516K->188514K(355072K), 0.0017074 secs] [Times: user=0.03 sys=0.00, real=0.00 secs] 
2014-07-10T12:34:17.131+0200: 2.628: [GC (Allocation Failure) 2.628: [ParNew: 1090K->96K(1152K), 0.0016058 secs] 189509K->189507K(355072K), 0.0016703 secs] [Times: user=0.00 sys=0.00, real=0.00 secs] 
2014-07-10T12:34:17.133+0200: 2.630: [GC (Allocation Failure) 2.630: [ParNew: 1090K->96K(1152K), 0.0018911 secs] 190501K->190499K(355072K), 0.0019592 secs] [Times: user=0.00 sys=0.00, real=0.00 secs] 
2014-07-10T12:34:17.135+0200: 2.633: [GC (Allocation Failure) 2.633: [ParNew: 1090K->96K(1152K), 0.0015956 secs] 191494K->191492K(355072K), 0.0016586 secs] [Times: user=0.00 sys=0.00, real=0.00 secs] 
2014-07-10T12:34:17.137+0200: 2.635: [GC (Allocation Failure) 2.635: [ParNew: 1090K->96K(1152K), 0.0022734 secs] 192486K->192484K(355072K), 0.0023486 secs] [Times: user=0.00 sys=0.00, real=0.00 secs] 
2014-07-10T12:34:17.140+0200: 2.637: [GC (Allocation Failure) 2.637: [ParNew: 1090K->96K(1152K), 0.0015934 secs] 193479K->193477K(355072K), 0.0016681 secs] [Times: user=0.00 sys=0.00, real=0.00 secs] 
2014-07-10T12:34:17.142+0200: 2.639: [GC (Allocation Failure) 2.639: [ParNew: 1090K->96K(1152K), 0.0013884 secs] 194471K->194469K(355072K), 0.0014511 secs] [Times: user=0.00 sys=0.00, real=0.00 secs] 
2014-07-10T12:34:17.144+0200: 2.641: [GC (Allocation Failure) 2.641: [ParNew: 1098K->106K(1152K), 0.0010889 secs] 195472K->194479K(355072K), 0.0011380 secs] [Times: user=0.00 sys=0.02, real=0.00 secs] 
2014-07-10T12:34:17.145+0200: 2.643: [GC (Allocation Failure) 2.643: [ParNew: 1100K->96K(1152K), 0.0012773 secs] 195474K->195470K(355072K), 0.0013411 secs] [Times: user=0.00 sys=0.00, real=0.00 secs] 
2014-07-10T12:34:17.147+0200: 2.644: [GC (Allocation Failure) 2.644: [ParNew: 1090K->96K(1152K), 0.0014874 secs] 196464K->196462K(355072K), 0.0015519 secs] [Times: user=0.00 sys=0.00, real=0.00 secs] 
2014-07-10T12:34:17.149+0200: 2.646: [GC (Allocation Failure) 2.646: [ParNew: 1090K->96K(1152K), 0.0015659 secs] 197457K->197455K(355072K), 0.0016363 secs] [Times: user=0.00 sys=0.00, real=0.00 secs] 
2014-07-10T12:34:17.151+0200: 2.648: [GC (Allocation Failure) 2.648: [ParNew: 1090K->96K(1152K), 0.0016436 secs] 198449K->198447K(355072K), 0.0017154 secs] [Times: user=0.00 sys=0.00, real=0.00 secs] 
2014-07-10T12:34:17.153+0200: 2.650: [GC (Allocation Failure) 2.650: [ParNew: 1090K->96K(1152K), 0.0015061 secs] 199442K->199440K(355072K), 0.0015791 secs] [Times: user=0.00 sys=0.00, real=0.00 secs] 
2014-07-10T12:34:17.155+0200: 2.652: [GC (Allocation Failure) 2.652: [ParNew: 1090K->96K(1152K), 0.0014625 secs] 200434K->200432K(355072K), 0.0015237 secs] [Times: user=0.00 sys=0.00, real=0.00 secs] 
2014-07-10T12:34:17.157+0200: 2.654: [GC (Allocation Failure) 2.654: [ParNew: 1090K->96K(1152K), 0.0015717 secs] 201427K->201425K(355072K), 0.0016465 secs] [Times: user=0.00 sys=0.00, real=0.00 secs] 
2014-07-10T12:34:17.158+0200: 2.656: [GC (Allocation Failure) 2.656: [ParNew: 1090K->96K(1152K), 0.0015101 secs] 202419K->202417K(355072K), 0.0015732 secs] [Times: user=0.00 sys=0.00, real=0.00 secs] 
2014-07-10T12:34:17.160+0200: 2.658: [GC (Allocation Failure) 2.658: [ParNew: 1090K->96K(1152K), 0.0015523 secs] 203412K->203410K(355072K), 0.0016201 secs] [Times: user=0.03 sys=0.00, real=0.00 secs] 
2014-07-10T12:34:17.162+0200: 2.660: [GC (Allocation Failure) 2.660: [ParNew: 1090K->96K(1152K), 0.0014265 secs] 204404K->204402K(355072K), 0.0014870 secs] [Times: user=0.00 sys=0.00, real=0.00 secs] 
2014-07-10T12:34:17.164+0200: 2.661: [GC (Allocation Failure) 2.662: [ParNew: 1090K->96K(1152K), 0.0013851 secs] 205397K->205395K(355072K), 0.0014419 secs] [Times: user=0.00 sys=0.00, real=0.00 secs] 
2014-07-10T12:34:17.166+0200: 2.663: [GC (Allocation Failure) 2.663: [ParNew: 1090K->96K(1152K), 0.0014929 secs] 206389K->206387K(355072K), 0.0015593 secs] [Times: user=0.00 sys=0.00, real=0.00 secs] 
2014-07-10T12:34:17.167+0200: 2.665: [GC (Allocation Failure) 2.665: [ParNew: 1090K->96K(1152K), 0.0016659 secs] 207382K->207380K(355072K), 0.0017407 secs] [Times: user=0.00 sys=0.00, real=0.00 secs] 
2014-07-10T12:34:17.170+0200: 2.667: [GC (Allocation Failure) 2.667: [ParNew: 1090K->96K(1152K), 0.0014632 secs] 208374K->208372K(355072K), 0.0015259 secs] [Times: user=0.00 sys=0.00, real=0.00 secs] 
2014-07-10T12:34:17.171+0200: 2.669: [GC (Allocation Failure) 2.669: [ParNew: 1090K->96K(1152K), 0.0014185 secs] 209367K->209365K(355072K), 0.0014823 secs] [Times: user=0.00 sys=0.00, real=0.00 secs] 
2014-07-10T12:34:17.173+0200: 2.671: [GC (Allocation Failure) 2.671: [ParNew: 1090K->96K(1152K), 0.0015321 secs] 210359K->210357K(355072K), 0.0015978 secs] [Times: user=0.00 sys=0.00, real=0.00 secs] 
2014-07-10T12:34:17.175+0200: 2.673: [GC (Allocation Failure) 2.673: [ParNew: 1090K->96K(1152K), 0.0014537 secs] 211352K->211350K(355072K), 0.0015131 secs] [Times: user=0.03 sys=0.00, real=0.00 secs] 
2014-07-10T12:34:17.177+0200: 2.674: [GC (Allocation Failure) 2.674: [ParNew: 1090K->96K(1152K), 0.0014390 secs] 212344K->212342K(355072K), 0.0015017 secs] [Times: user=0.00 sys=0.00, real=0.00 secs] 
2014-07-10T12:34:17.179+0200: 2.676: [GC (Allocation Failure) 2.676: [ParNew: 1090K->96K(1152K), 0.0013660 secs] 213337K->213335K(355072K), 0.0014232 secs] [Times: user=0.00 sys=0.00, real=0.00 secs] 
2014-07-10T12:34:17.180+0200: 2.678: [GC (Allocation Failure) 2.678: [ParNew: 1090K->96K(1152K), 0.0015802 secs] 214329K->214327K(355072K), 0.0016575 secs] [Times: user=0.00 sys=0.00, real=0.00 secs] 
2014-07-10T12:34:17.182+0200: 2.680: [GC (Allocation Failure) 2.680: [ParNew: 1090K->96K(1152K), 0.0014804 secs] 215322K->215320K(355072K), 0.0015398 secs] [Times: user=0.00 sys=0.00, real=0.00 secs] 
2014-07-10T12:34:17.184+0200: 2.682: [GC (Allocation Failure) 2.682: [ParNew: 1090K->96K(1152K), 0.0015105 secs] 216314K->216312K(355072K), 0.0015956 secs] [Times: user=0.00 sys=0.00, real=0.00 secs] 
2014-07-10T12:34:17.186+0200: 2.683: [GC (Allocation Failure) 2.683: [ParNew: 1090K->96K(1152K), 0.0013965 secs] 217307K->217305K(355072K), 0.0014562 secs] [Times: user=0.00 sys=0.00, real=0.00 secs] 
2014-07-10T12:34:17.187+0200: 2.685: [GC (Allocation Failure) 2.685: [ParNew: 1090K->96K(1152K), 0.0015314 secs] 218299K->218297K(355072K), 0.0016014 secs] [Times: user=0.00 sys=0.00, real=0.00 secs] 
2014-07-10T12:34:17.189+0200: 2.687: [GC (Allocation Failure) 2.687: [ParNew: 1090K->96K(1152K), 0.0015875 secs] 219291K->219289K(355072K), 0.0016608 secs] [Times: user=0.00 sys=0.00, real=0.00 secs] 
2014-07-10T12:34:17.191+0200: 2.689: [GC (Allocation Failure) 2.689: [ParNew: 1090K->96K(1152K), 0.0016923 secs] 220284K->220282K(355072K), 0.0017620 secs] [Times: user=0.03 sys=0.00, real=0.00 secs] 
2014-07-10T12:34:17.193+0200: 2.691: [GC (Allocation Failure) 2.691: [ParNew: 1090K->96K(1152K), 0.0015937 secs] 221276K->221274K(355072K), 0.0016579 secs] [Times: user=0.00 sys=0.00, real=0.00 secs] 
2014-07-10T12:34:17.195+0200: 2.693: [GC (Allocation Failure) 2.693: [ParNew: 1090K->96K(1152K), 0.0014075 secs] 222269K->222267K(355072K), 0.0014716 secs] [Times: user=0.00 sys=0.00, real=0.00 secs] 
2014-07-10T12:34:17.197+0200: 2.695: [GC (Allocation Failure) 2.695: [ParNew: 1090K->96K(1152K), 0.0015989 secs] 223261K->223259K(355072K), 0.0016740 secs] [Times: user=0.00 sys=0.00, real=0.00 secs] 
2014-07-10T12:34:17.199+0200: 2.697: [GC (Allocation Failure) 2.697: [ParNew: 1090K->96K(1152K), 0.0014570 secs] 224254K->224252K(355072K), 0.0015244 secs] [Times: user=0.00 sys=0.00, real=0.00 secs] 
2014-07-10T12:34:17.201+0200: 2.698: [GC (Allocation Failure) 2.698: [ParNew: 1090K->96K(1152K), 0.0016333 secs] 225246K->225244K(355072K), 0.0017231 secs] [Times: user=0.00 sys=0.00, real=0.00 secs] 
2014-07-10T12:34:17.203+0200: 2.700: [GC (Allocation Failure) 2.700: [ParNew: 1090K->96K(1152K), 0.0014716 secs] 226239K->226237K(355072K), 0.0015347 secs] [Times: user=0.00 sys=0.00, real=0.00 secs] 
2014-07-10T12:34:17.205+0200: 2.702: [GC (Allocation Failure) 2.702: [ParNew: 1090K->96K(1152K), 0.0015296 secs] 227231K->227229K(355072K), 0.0015974 secs] [Times: user=0.00 sys=0.00, real=0.00 secs] 
2014-07-10T12:34:17.207+0200: 2.704: [GC (Allocation Failure) 2.704: [ParNew: 1090K->96K(1152K), 0.0015431 secs] 228224K->228222K(355072K), 0.0016132 secs] [Times: user=0.03 sys=0.00, real=0.00 secs] 
2014-07-10T12:34:17.208+0200: 2.706: [GC (Allocation Failure) 2.706: [ParNew: 1090K->96K(1152K), 0.0014709 secs] 229216K->229214K(355072K), 0.0015321 secs] [Times: user=0.00 sys=0.00, real=0.00 secs] 
2014-07-10T12:34:17.210+0200: 2.708: [GC (Allocation Failure) 2.708: [ParNew: 1090K->96K(1152K), 0.0014049 secs] 230209K->230207K(355072K), 0.0014639 secs] [Times: user=0.00 sys=0.00, real=0.00 secs] 
2014-07-10T12:34:17.212+0200: 2.709: [GC (Allocation Failure) 2.710: [ParNew: 1090K->96K(1152K), 0.0014163 secs] 231201K->231199K(355072K), 0.0014764 secs] [Times: user=0.00 sys=0.00, real=0.00 secs] 
2014-07-10T12:34:17.214+0200: 2.711: [GC (Allocation Failure) 2.711: [ParNew: 1090K->96K(1152K), 0.0018115 secs] 232194K->232192K(355072K), 0.0018753 secs] [Times: user=0.00 sys=0.00, real=0.00 secs] 
2014-07-10T12:34:17.216+0200: 2.713: [GC (Allocation Failure) 2.713: [ParNew: 1090K->96K(1152K), 0.0013862 secs] 233186K->233184K(355072K), 0.0014474 secs] [Times: user=0.00 sys=0.00, real=0.00 secs] 
2014-07-10T12:34:17.217+0200: 2.715: [GC (Allocation Failure) 2.715: [ParNew: 1090K->96K(1152K), 0.0014903 secs] 234179K->234177K(355072K), 0.0015512 secs] [Times: user=0.00 sys=0.00, real=0.00 secs] 
2014-07-10T12:34:17.219+0200: 2.717: [GC (Allocation Failure) 2.717: [ParNew: 1090K->96K(1152K), 0.0014346 secs] 235171K->235169K(355072K), 0.0014929 secs] [Times: user=0.00 sys=0.00, real=0.00 secs] 
2014-07-10T12:34:17.221+0200: 2.719: [GC (Allocation Failure) 2.719: [ParNew: 1090K->96K(1152K), 0.0015549 secs] 236164K->236162K(355072K), 0.0016143 secs] [Times: user=0.02 sys=0.00, real=0.00 secs] 
2014-07-10T12:34:17.223+0200: 2.720: [GC (Allocation Failure) 2.720: [ParNew: 1090K->96K(1152K), 0.0015934 secs] 237156K->237154K(355072K), 0.0016637 secs] [Times: user=0.00 sys=0.00, real=0.00 secs] 
2014-07-10T12:34:17.225+0200: 2.722: [GC (Allocation Failure) 2.722: [ParNew: 1090K->96K(1152K), 0.0014797 secs] 238149K->238147K(355072K), 0.0015428 secs] [Times: user=0.00 sys=0.00, real=0.00 secs] 
2014-07-10T12:34:17.227+0200: 2.724: [GC (Allocation Failure) 2.724: [ParNew: 1090K->96K(1152K), 0.0014614 secs] 239141K->239139K(355072K), 0.0015274 secs] [Times: user=0.00 sys=0.00, real=0.00 secs] 
2014-07-10T12:34:17.228+0200: 2.726: [GC (Allocation Failure) 2.726: [ParNew: 1090K->96K(1152K), 0.0016014 secs] 240134K->240132K(355072K), 0.0016696 secs] [Times: user=0.00 sys=0.00, real=0.00 secs] 
2014-07-10T12:34:17.230+0200: 2.728: [GC (Allocation Failure) 2.728: [ParNew: 1090K->96K(1152K), 0.0015838 secs] 241126K->241124K(355072K), 0.0016509 secs] [Times: user=0.00 sys=0.00, real=0.00 secs] 
2014-07-10T12:34:17.232+0200: 2.730: [GC (Allocation Failure) 2.730: [ParNew: 1090K->96K(1152K), 0.0017554 secs] 242119K->242117K(355072K), 0.0018284 secs] [Times: user=0.00 sys=0.00, real=0.00 secs] 
2014-07-10T12:34:17.234+0200: 2.732: [GC (Allocation Failure) 2.732: [ParNew: 1090K->96K(1152K), 0.0017099 secs] 243111K->243109K(355072K), 0.0019633 secs] [Times: user=0.00 sys=0.00, real=0.00 secs] 
2014-07-10T12:34:17.237+0200: 2.734: [GC (Allocation Failure) 2.734: [ParNew: 1090K->96K(1152K), 0.0017393 secs] 244104K->244102K(355072K), 0.0018328 secs] [Times: user=0.01 sys=0.00, real=0.00 secs] 
2014-07-10T12:34:17.239+0200: 2.737: [GC (Allocation Failure) 2.737: [ParNew: 1090K->96K(1152K), 0.0016179 secs] 245096K->245094K(355072K), 0.0016916 secs] [Times: user=0.00 sys=0.00, real=0.00 secs] 
2014-07-10T12:34:17.241+0200: 2.739: [GC (Allocation Failure) 2.739: [ParNew: 1090K->96K(1152K), 0.0014823 secs] 246089K->246087K(355072K), 0.0015439 secs] [Times: user=0.00 sys=0.00, real=0.00 secs] 
2014-07-10T12:34:17.243+0200: 2.740: [GC (Allocation Failure) 2.740: [ParNew: 1090K->96K(1152K), 0.0013950 secs] 247081K->247079K(355072K), 0.0014570 secs] [Times: user=0.00 sys=0.00, real=0.00 secs] 
2014-07-10T12:34:17.244+0200: 2.742: [GC (Allocation Failure) 2.742: [ParNew: 1090K->96K(1152K), 0.0017070 secs] 248074K->248072K(355072K), 0.0017939 secs] [Times: user=0.00 sys=0.00, real=0.00 secs] 
2014-07-10T12:34:17.247+0200: 2.744: [GC (Allocation Failure) 2.744: [ParNew: 1090K->96K(1152K), 0.0015805 secs] 249066K->249064K(355072K), 0.0016454 secs] [Times: user=0.00 sys=0.00, real=0.00 secs] 
2014-07-10T12:34:17.248+0200: 2.746: [GC (Allocation Failure) 2.746: [ParNew: 1090K->96K(1152K), 0.0014196 secs] 250059K->250057K(355072K), 0.0014812 secs] [Times: user=0.00 sys=0.00, real=0.00 secs] 
2014-07-10T12:34:17.250+0200: 2.748: [GC (Allocation Failure) 2.748: [ParNew: 1090K->96K(1152K), 0.0016718 secs] 251051K->251049K(355072K), 0.0017407 secs] [Times: user=0.00 sys=0.00, real=0.00 secs] 
2014-07-10T12:34:17.252+0200: 2.750: [GC (Allocation Failure) 2.750: [ParNew: 1090K->96K(1152K), 0.0014452 secs] 252043K->252041K(355072K), 0.0015068 secs] [Times: user=0.03 sys=0.00, real=0.00 secs] 
2014-07-10T12:34:17.254+0200: 2.752: [GC (Allocation Failure) 2.752: [ParNew: 1090K->96K(1152K), 0.0016575 secs] 253036K->253034K(355072K), 0.0017217 secs] [Times: user=0.00 sys=0.00, real=0.00 secs] 
2014-07-10T12:34:17.256+0200: 2.754: [GC (Allocation Failure) 2.754: [ParNew: 1090K->96K(1152K), 0.0014500 secs] 254028K->254026K(355072K), 0.0015156 secs] [Times: user=0.00 sys=0.00, real=0.00 secs] 
2014-07-10T12:34:17.258+0200: 2.755: [GC (Allocation Failure) 2.755: [ParNew: 1090K->96K(1152K), 0.0014731 secs] 255021K->255019K(355072K), 0.0015321 secs] [Times: user=0.00 sys=0.00, real=0.00 secs] 
2014-07-10T12:34:17.259+0200: 2.757: [GC (Allocation Failure) 2.757: [ParNew: 1090K->96K(1152K), 0.0015024 secs] 256013K->256011K(355072K), 0.0015629 secs] [Times: user=0.00 sys=0.00, real=0.00 secs] 
2014-07-10T12:34:17.261+0200: 2.759: [GC (Allocation Failure) 2.759: [ParNew: 1090K->96K(1152K), 0.0014522 secs] 257006K->257004K(355072K), 0.0015160 secs] [Times: user=0.00 sys=0.00, real=0.00 secs] 
2014-07-10T12:34:17.263+0200: 2.761: [GC (Allocation Failure) 2.761: [ParNew: 1090K->96K(1152K), 0.0014034 secs] 257998K->257996K(355072K), 0.0014848 secs] [Times: user=0.00 sys=0.00, real=0.00 secs] 
2014-07-10T12:34:17.265+0200: 2.762: [GC (Allocation Failure) 2.762: [ParNew: 1090K->96K(1152K), 0.0014119 secs] 258991K->258989K(355072K), 0.0014709 secs] [Times: user=0.00 sys=0.00, real=0.00 secs] 
2014-07-10T12:34:17.267+0200: 2.764: [GC (Allocation Failure) 2.764: [ParNew: 1098K->42K(1152K), 0.0010159 secs] 259991K->258935K(355072K), 0.0010665 secs] [Times: user=0.00 sys=0.00, real=0.00 secs] 
2014-07-10T12:34:17.268+0200: 2.766: [GC (Allocation Failure) 2.766: [ParNew: 1036K->106K(1152K), 0.0011655 secs] 259929K->259927K(355072K), 0.0012234 secs] [Times: user=0.00 sys=0.00, real=0.00 secs] 
2014-07-10T12:34:17.269+0200: 2.767: [GC (Allocation Failure) 2.767: [ParNew: 1100K->96K(1152K), 0.0013701 secs] 260922K->260918K(355072K), 0.0014364 secs] [Times: user=0.00 sys=0.02, real=0.00 secs] 
2014-07-10T12:34:17.271+0200: 2.769: [GC (Allocation Failure) 2.769: [ParNew: 1090K->96K(1152K), 0.0015362 secs] 261912K->261910K(355072K), 0.0016062 secs] [Times: user=0.00 sys=0.00, real=0.00 secs] 
2014-07-10T12:34:17.273+0200: 2.771: [GC (Allocation Failure) 2.771: [ParNew: 1090K->96K(1152K), 0.0012751 secs] 262905K->262903K(355072K), 0.0013342 secs] [Times: user=0.00 sys=0.00, real=0.00 secs] 
2014-07-10T12:34:17.275+0200: 2.772: [GC (Allocation Failure) 2.772: [ParNew: 1090K->96K(1152K), 0.0012711 secs] 263897K->263895K(355072K), 0.0013334 secs] [Times: user=0.00 sys=0.00, real=0.00 secs] 
2014-07-10T12:34:17.276+0200: 2.774: [GC (Allocation Failure) 2.774: [ParNew: 1090K->96K(1152K), 0.0013679 secs] 264890K->264888K(355072K), 0.0014273 secs] [Times: user=0.00 sys=0.00, real=0.00 secs] 
2014-07-10T12:34:17.278+0200: 2.776: [GC (Allocation Failure) 2.776: [ParNew: 1090K->96K(1152K), 0.0013224 secs] 265882K->265880K(355072K), 0.0013811 secs] [Times: user=0.00 sys=0.00, real=0.00 secs] 
2014-07-10T12:34:17.280+0200: 2.777: [GC (Allocation Failure) 2.777: [ParNew: 1090K->96K(1152K), 0.0013133 secs] 266875K->266873K(355072K), 0.0013737 secs] [Times: user=0.00 sys=0.00, real=0.00 secs] 
2014-07-10T12:34:17.281+0200: 2.779: [GC (Allocation Failure) 2.779: [ParNew: 1090K->96K(1152K), 0.0013078 secs] 267867K->267865K(355072K), 0.0013770 secs] [Times: user=0.00 sys=0.00, real=0.00 secs] 
2014-07-10T12:34:17.283+0200: 2.781: [GC (Allocation Failure) 2.781: [ParNew: 1090K->96K(1152K), 0.0015974 secs] 268860K->268858K(355072K), 0.0016725 secs] [Times: user=0.00 sys=0.00, real=0.00 secs] 
2014-07-10T12:34:17.285+0200: 2.783: [GC (Allocation Failure) 2.783: [ParNew: 1090K->96K(1152K), 0.0016887 secs] 269852K->269850K(355072K), 0.0017675 secs] [Times: user=0.03 sys=0.00, real=0.00 secs] 
2014-07-10T12:34:17.287+0200: 2.785: [GC (Allocation Failure) 2.785: [ParNew: 1090K->96K(1152K), 0.0015699 secs] 270845K->270843K(355072K), 0.0016388 secs] [Times: user=0.00 sys=0.00, real=0.00 secs] 
2014-07-10T12:34:17.289+0200: 2.787: [GC (Allocation Failure) 2.787: [ParNew: 1090K->96K(1152K), 0.0013210 secs] 271837K->271835K(355072K), 0.0013829 secs] [Times: user=0.00 sys=0.00, real=0.00 secs] 
2014-07-10T12:34:17.291+0200: 2.789: [GC (Allocation Failure) 2.789: [ParNew: 1090K->96K(1152K), 0.0012810 secs] 272830K->272828K(355072K), 0.0013429 secs] [Times: user=0.00 sys=0.00, real=0.00 secs] 
2014-07-10T12:34:17.293+0200: 2.790: [GC (Allocation Failure) 2.790: [ParNew: 1090K->96K(1152K), 0.0014229 secs] 273822K->273820K(355072K), 0.0014859 secs] [Times: user=0.00 sys=0.00, real=0.00 secs] 
2014-07-10T12:34:17.294+0200: 2.792: [GC (Allocation Failure) 2.792: [ParNew: 1090K->96K(1152K), 0.0013243 secs] 274815K->274813K(355072K), 0.0013829 secs] [Times: user=0.00 sys=0.00, real=0.00 secs] 
2014-07-10T12:34:17.296+0200: 2.794: [GC (Allocation Failure) 2.794: [ParNew: 1090K->96K(1152K), 0.0013129 secs] 275807K->275805K(355072K), 0.0013921 secs] [Times: user=0.00 sys=0.00, real=0.00 secs] 
2014-07-10T12:34:17.298+0200: 2.795: [GC (Allocation Failure) 2.795: [ParNew: 1090K->96K(1152K), 0.0012924 secs] 276800K->276798K(355072K), 0.0013532 secs] [Times: user=0.00 sys=0.00, real=0.00 secs] 
2014-07-10T12:34:17.299+0200: 2.797: [GC (Allocation Failure) 2.797: [ParNew: 1090K->96K(1152K), 0.0014801 secs] 277792K->277790K(355072K), 0.0015472 secs] [Times: user=0.03 sys=0.00, real=0.00 secs] 
2014-07-10T12:34:17.301+0200: 2.799: [GC (Allocation Failure) 2.799: [ParNew: 1090K->96K(1152K), 0.0014819 secs] 278785K->278783K(355072K), 0.0015648 secs] [Times: user=0.00 sys=0.00, real=0.00 secs] 
2014-07-10T12:34:17.303+0200: 2.801: [GC (Allocation Failure) 2.801: [ParNew: 1090K->96K(1152K), 0.0013983 secs] 279777K->279775K(355072K), 0.0014606 secs] [Times: user=0.00 sys=0.00, real=0.00 secs] 
2014-07-10T12:34:17.305+0200: 2.803: [GC (Allocation Failure) 2.803: [ParNew: 1090K->96K(1152K), 0.0013660 secs] 280770K->280768K(355072K), 0.0014342 secs] [Times: user=0.00 sys=0.00, real=0.00 secs] 
2014-07-10T12:34:17.307+0200: 2.804: [GC (Allocation Failure) 2.804: [ParNew: 1090K->96K(1152K), 0.0013268 secs] 281762K->281760K(355072K), 0.0013873 secs] [Times: user=0.00 sys=0.00, real=0.00 secs] 
2014-07-10T12:34:17.308+0200: 2.806: [GC (Allocation Failure) 2.806: [ParNew: 1090K->96K(1152K), 0.0013561 secs] 282755K->282753K(355072K), 0.0014166 secs] [Times: user=0.00 sys=0.00, real=0.00 secs] 
2014-07-10T12:34:17.310+0200: 2.808: [GC (Allocation Failure) 2.808: [ParNew: 1090K->96K(1152K), 0.0013921 secs] 283747K->283745K(355072K), 0.0014537 secs] [Times: user=0.00 sys=0.00, real=0.00 secs] 
2014-07-10T12:34:17.312+0200: 2.810: [GC (Allocation Failure) 2.810: [ParNew: 1090K->96K(1152K), 0.0013342 secs] 284739K->284737K(355072K), 0.0013954 secs] [Times: user=0.00 sys=0.00, real=0.00 secs] 
2014-07-10T12:34:17.314+0200: 2.811: [GC (Allocation Failure) 2.811: [ParNew: 1090K->96K(1152K), 0.0013473 secs] 285732K->285730K(355072K), 0.0014086 secs] [Times: user=0.00 sys=0.00, real=0.00 secs] 
2014-07-10T12:34:17.315+0200: 2.813: [GC (Allocation Failure) 2.813: [ParNew: 1090K->96K(1152K), 0.0013994 secs] 286724K->286722K(355072K), 0.0014705 secs] [Times: user=0.03 sys=0.00, real=0.00 secs] 
2014-07-10T12:34:17.317+0200: 2.815: [GC (Allocation Failure) 2.815: [ParNew: 1090K->96K(1152K), 0.0015277 secs] 287717K->287715K(355072K), 0.0015959 secs] [Times: user=0.00 sys=0.00, real=0.00 secs] 
2014-07-10T12:34:17.319+0200: 2.817: [GC (Allocation Failure) 2.817: [ParNew: 1090K->96K(1152K), 0.0013118 secs] 288709K->288707K(355072K), 0.0013748 secs] [Times: user=0.00 sys=0.00, real=0.00 secs] 
2014-07-10T12:34:17.321+0200: 2.818: [GC (Allocation Failure) 2.818: [ParNew: 1090K->96K(1152K), 0.0014467 secs] 289702K->289700K(355072K), 0.0015083 secs] [Times: user=0.00 sys=0.00, real=0.00 secs] 
2014-07-10T12:34:17.323+0200: 2.820: [GC (Allocation Failure) 2.820: [ParNew: 1090K->96K(1152K), 0.0013067 secs] 290694K->290692K(355072K), 0.0013675 secs] [Times: user=0.00 sys=0.00, real=0.00 secs] 
2014-07-10T12:34:17.324+0200: 2.822: [GC (Allocation Failure) 2.822: [ParNew: 1090K->96K(1152K), 0.0013473 secs] 291687K->291685K(355072K), 0.0014078 secs] [Times: user=0.00 sys=0.00, real=0.00 secs] 
2014-07-10T12:34:17.326+0200: 2.824: [GC (Allocation Failure) 2.824: [ParNew: 1090K->96K(1152K), 0.0013202 secs] 292679K->292677K(355072K), 0.0013814 secs] [Times: user=0.00 sys=0.00, real=0.00 secs] 
2014-07-10T12:34:17.328+0200: 2.825: [GC (Allocation Failure) 2.825: [ParNew: 1090K->96K(1152K), 0.0013008 secs] 293672K->293670K(355072K), 0.0013598 secs] [Times: user=0.00 sys=0.00, real=0.00 secs] 
2014-07-10T12:34:17.329+0200: 2.827: [GC (Allocation Failure) 2.827: [ParNew: 1090K->96K(1152K), 0.0012843 secs] 294664K->294662K(355072K), 0.0013539 secs] [Times: user=0.00 sys=0.00, real=0.00 secs] 
2014-07-10T12:34:17.331+0200: 2.829: [GC (Allocation Failure) 2.829: [ParNew: 1090K->96K(1152K), 0.0019633 secs] 295657K->295655K(355072K), 0.0020659 secs] [Times: user=0.03 sys=0.00, real=0.00 secs] 
2014-07-10T12:34:17.334+0200: 2.831: [GC (Allocation Failure) 2.831: [ParNew: 1090K->96K(1152K), 0.0027431 secs] 296649K->296647K(355072K), 0.0028369 secs] [Times: user=0.00 sys=0.00, real=0.00 secs] 
2014-07-10T12:34:17.337+0200: 2.835: [GC (Allocation Failure) 2.835: [ParNew: 1090K->96K(1152K), 0.0017968 secs] 297642K->297640K(355072K), 0.0018764 secs] [Times: user=0.00 sys=0.00, real=0.00 secs] 
2014-07-10T12:34:17.339+0200: 2.837: [GC (Allocation Failure) 2.837: [ParNew: 1090K->96K(1152K), 0.0016619 secs] 298634K->298632K(355072K), 0.0017385 secs] [Times: user=0.00 sys=0.00, real=0.00 secs] 
2014-07-10T12:34:17.341+0200: 2.839: [GC (Allocation Failure) 2.839: [ParNew: 1090K->96K(1152K), 0.0019325 secs] 299627K->299625K(355072K), 0.0057230 secs] [Times: user=0.00 sys=0.00, real=0.01 secs] 
2014-07-10T12:34:17.348+0200: 2.845: [GC (Allocation Failure) 2.845: [ParNew: 1090K->96K(1152K), 0.0018291 secs] 300619K->300617K(355072K), 0.0018859 secs] [Times: user=0.00 sys=0.00, real=0.00 secs] 
2014-07-10T12:34:17.350+0200: 2.848: [GC (Allocation Failure) 2.848: [ParNew: 1090K->96K(1152K), 0.0016095 secs] 301612K->301610K(355072K), 0.0016817 secs] [Times: user=0.00 sys=0.00, real=0.00 secs] 
2014-07-10T12:34:17.352+0200: 2.850: [GC (Allocation Failure) 2.850: [ParNew: 1090K->96K(1152K), 0.0014830 secs] 302604K->302602K(355072K), 0.0015534 secs] [Times: user=0.00 sys=0.00, real=0.00 secs] 
2014-07-10T12:34:17.355+0200: 2.852: [GC (Allocation Failure) 2.852: [ParNew: 1090K->96K(1152K), 0.0016454 secs] 303597K->303595K(355072K), 0.0017290 secs] [Times: user=0.00 sys=0.00, real=0.00 secs] 
2014-07-10T12:34:17.357+0200: 2.854: [GC (Allocation Failure) 2.855: [ParNew: 1090K->96K(1152K), 0.0015145 secs] 304589K->304587K(355072K), 0.0015934 secs] [Times: user=0.00 sys=0.00, real=0.00 secs] 
2014-07-10T12:34:17.359+0200: 2.856: [GC (Allocation Failure) 2.856: [ParNew: 1090K->96K(1152K), 0.0015160 secs] 305582K->305580K(355072K), 0.0015937 secs] [Times: user=0.00 sys=0.00, real=0.00 secs] 
2014-07-10T12:34:17.361+0200: 2.858: [GC (Allocation Failure) 2.858: [ParNew: 1090K->96K(1152K), 0.0015457 secs] 306574K->306572K(355072K), 0.0016154 secs] [Times: user=0.00 sys=0.00, real=0.00 secs] 
2014-07-10T12:34:17.363+0200: 2.860: [GC (Allocation Failure) 2.860: [ParNew: 1090K->96K(1152K), 0.0015087 secs] 307567K->307565K(355072K), 0.0015831 secs] [Times: user=0.03 sys=0.00, real=0.00 secs] 
2014-07-10T12:34:17.365+0200: 2.863: [GC (Allocation Failure) 2.863: [ParNew: 1090K->96K(1152K), 0.0015453 secs] 308559K->308557K(355072K), 0.0016194 secs] [Times: user=0.00 sys=0.00, real=0.00 secs] 
2014-07-10T12:34:17.367+0200: 2.865: [GC (Allocation Failure) 2.865: [ParNew: 1090K->96K(1152K), 0.0016205 secs] 309552K->309550K(355072K), 0.0016982 secs] [Times: user=0.00 sys=0.00, real=0.00 secs] 
2014-07-10T12:34:17.369+0200: 2.867: [GC (Allocation Failure) 2.867: [ParNew: 1090K->96K(1152K), 0.0017338 secs] 310544K->310542K(355072K), 0.0018031 secs] [Times: user=0.00 sys=0.00, real=0.00 secs] 
2014-07-10T12:34:17.372+0200: 2.869: [GC (Allocation Failure) 2.869: [ParNew: 1090K->96K(1152K), 0.0014716 secs] 311537K->311535K(355072K), 0.0015406 secs] [Times: user=0.00 sys=0.00, real=0.00 secs] 
2014-07-10T12:34:17.373+0200: 2.871: [GC (Allocation Failure) 2.871: [ParNew: 1090K->96K(1152K), 0.0014617 secs] 312529K->312527K(355072K), 0.0015501 secs] [Times: user=0.00 sys=0.00, real=0.00 secs] 
2014-07-10T12:34:17.375+0200: 2.873: [GC (CMS Initial Mark) [1 CMS-initial-mark: 312431K(353920K)] 312593K(355072K), 0.0001397 secs] [Times: user=0.00 sys=0.00, real=0.00 secs] 
2014-07-10T12:34:17.375+0200: 2.873: [CMS-concurrent-mark-start]
2014-07-10T12:34:17.376+0200: 2.873: [GC (Allocation Failure) 2.873: [ParNew: 1090K->96K(1152K), 0.0013895 secs] 313522K->313520K(355072K), 0.0014566 secs] [Times: user=0.00 sys=0.00, real=0.00 secs] 
2014-07-10T12:34:17.377+0200: 2.875: [GC (Allocation Failure) 2.875: [ParNew: 1090K->96K(1152K), 0.0014075 secs] 314514K->314512K(355072K), 0.0014771 secs] [Times: user=0.03 sys=0.00, real=0.00 secs] 
2014-07-10T12:34:17.380+0200: 2.877: [GC (Allocation Failure) 2.877: [ParNew: 1090K->96K(1152K), 0.0017323 secs] 315506K->315504K(355072K), 0.0018177 secs] [Times: user=0.00 sys=0.00, real=0.00 secs] 
2014-07-10T12:34:17.382+0200: 2.880: [GC (Allocation Failure) 2.880: [ParNew: 1090K->96K(1152K), 0.0017686 secs] 316499K->316497K(355072K), 0.0018405 secs] [Times: user=0.00 sys=0.00, real=0.00 secs] 
2014-07-10T12:34:17.384+0200: 2.882: [GC (Allocation Failure) 2.882: [ParNew: 1090K->96K(1152K), 0.0015061 secs] 317491K->317489K(355072K), 0.0015725 secs] [Times: user=0.00 sys=0.00, real=0.00 secs] 
2014-07-10T12:34:17.386+0200: 2.884: [GC (Allocation Failure) 2.884: [ParNew: 1090K->96K(1152K), 0.0014614 secs] 318484K->318482K(355072K), 0.0015270 secs] [Times: user=0.00 sys=0.00, real=0.00 secs] 
2014-07-10T12:34:17.388+0200: 2.886: [GC (Allocation Failure) 2.886: [ParNew: 1090K->96K(1152K), 0.0015332 secs] 319476K->319474K(355072K), 0.0016000 secs] [Times: user=0.00 sys=0.00, real=0.00 secs] 
2014-07-10T12:34:17.390+0200: 2.888: [GC (Allocation Failure) 2.888: [ParNew: 1090K->96K(1152K), 0.0014302 secs] 320469K->320467K(355072K), 0.0014929 secs] [Times: user=0.00 sys=0.00, real=0.00 secs] 
2014-07-10T12:34:17.392+0200: 2.890: [GC (Allocation Failure) 2.890: [ParNew: 1090K->96K(1152K), 0.0014020 secs] 321461K->321459K(355072K), 0.0014669 secs] [Times: user=0.00 sys=0.00, real=0.00 secs] 
2014-07-10T12:34:17.394+0200: 2.891: [GC (Allocation Failure) 2.891: [ParNew: 1090K->96K(1152K), 0.0016641 secs] 322454K->322452K(355072K), 0.0017444 secs] [Times: user=0.03 sys=0.00, real=0.00 secs] 
2014-07-10T12:34:17.396+0200: 2.894: [GC (Allocation Failure) 2.894: [ParNew: 1090K->96K(1152K), 0.0016388 secs] 323446K->323444K(355072K), 0.0017129 secs] [Times: user=0.00 sys=0.00, real=0.00 secs] 
2014-07-10T12:34:17.398+0200: 2.896: [CMS-concurrent-mark: 0.003/0.023 secs] [Times: user=0.06 sys=0.00, real=0.02 secs] 
2014-07-10T12:34:17.398+0200: 2.896: [CMS-concurrent-preclean-start]
2014-07-10T12:34:17.398+0200: 2.896: [GC (Allocation Failure) 2.896: [ParNew: 1090K->96K(1152K), 0.0014023 secs] 324439K->324437K(355072K), 0.0014691 secs] [Times: user=0.00 sys=0.00, real=0.00 secs] 
2014-07-10T12:34:17.400+0200: 2.898: [GC (Allocation Failure) 2.898: [ParNew: 1098K->106K(1152K), 0.0016575 secs] 325439K->325311K(355072K), 0.0017330 secs] [Times: user=0.00 sys=0.00, real=0.00 secs] 
2014-07-10T12:34:17.402+0200: 2.900: [GC (Allocation Failure) 2.900: [ParNew: 1100K->96K(1152K), 0.0016931 secs] 326306K->326302K(355072K), 0.0017957 secs] [Times: user=0.00 sys=0.00, real=0.00 secs] 
2014-07-10T12:34:17.404+0200: 2.902: [GC (Allocation Failure) 2.902: [ParNew: 1090K->96K(1152K), 0.0022705 secs] 327296K->327294K(355072K), 0.0023545 secs] [Times: user=0.00 sys=0.00, real=0.00 secs] 
2014-07-10T12:34:17.407+0200: 2.905: [GC (Allocation Failure) 2.905: [ParNew: 1090K->96K(1152K), 0.0014687 secs] 328289K->328287K(355072K), 0.0015325 secs] [Times: user=0.00 sys=0.00, real=0.00 secs] 
2014-07-10T12:34:17.409+0200: 2.906: [GC (Allocation Failure) 2.906: [ParNew: 1090K->96K(1152K), 0.0013602 secs] 329281K->329279K(355072K), 0.0014331 secs] [Times: user=0.03 sys=0.00, real=0.00 secs] 
2014-07-10T12:34:17.411+0200: 2.908: [GC (Allocation Failure) 2.908: [ParNew: 1090K->96K(1152K), 0.0016319 secs] 330274K->330272K(355072K), 0.0017114 secs] [Times: user=0.00 sys=0.00, real=0.00 secs] 
2014-07-10T12:34:17.413+0200: 2.910: [GC (Allocation Failure) 2.910: [ParNew: 1090K->96K(1152K), 0.0014705 secs] 331266K->331264K(355072K), 0.0015358 secs] [Times: user=0.00 sys=0.00, real=0.00 secs] 
2014-07-10T12:34:17.415+0200: 2.912: [GC (Allocation Failure) 2.912: [ParNew: 1090K->96K(1152K), 0.0013737 secs] 332259K->332257K(355072K), 0.0014375 secs] [Times: user=0.00 sys=0.00, real=0.00 secs] 
2014-07-10T12:34:17.416+0200: 2.914: [GC (Allocation Failure) 2.914: [ParNew: 1090K->96K(1152K), 0.0013224 secs] 333251K->333249K(355072K), 0.0013891 secs] [Times: user=0.00 sys=0.00, real=0.00 secs] 
2014-07-10T12:34:17.418+0200: 2.916: [GC (Allocation Failure) 2.916: [ParNew: 1090K->96K(1152K), 0.0014533 secs] 334244K->334242K(355072K), 0.0015164 secs] [Times: user=0.00 sys=0.00, real=0.00 secs] 
2014-07-10T12:34:17.420+0200: 2.918: [GC (Allocation Failure) 2.918: [ParNew: 1090K->96K(1152K), 0.0013796 secs] 335236K->335234K(355072K), 0.0014430 secs] [Times: user=0.00 sys=0.00, real=0.00 secs] 
2014-07-10T12:34:17.422+0200: 2.920: [CMS-concurrent-preclean: 0.004/0.024 secs] [Times: user=0.03 sys=0.00, real=0.02 secs] 
2014-07-10T12:34:17.422+0200: 2.920: [GC (Allocation Failure) 2.920: [ParNew: 1090K->96K(1152K), 0.0013943 secs] 336229K->336227K(355072K), 0.0014566 secs] [Times: user=0.00 sys=0.00, real=0.00 secs] 
2014-07-10T12:34:17.424+0200: 2.921: [GC (CMS Final Remark) [YG occupancy: 162 K (1152 K)]2.921: [Rescan (parallel) , 0.0005092 secs]2.922: [weak refs processing, 0.0000264 secs]2.922: [class unloading, 0.0004026 secs]2.922: [scrub symbol table, 0.0005400 secs]2.923: [scrub string table, 0.0001595 secs][1 CMS-remark: 336131K(353920K)] 336293K(355072K), 0.0017415 secs] [Times: user=0.02 sys=0.00, real=0.00 secs] 
2014-07-10T12:34:17.426+0200: 2.923: [CMS-concurrent-sweep-start]
2014-07-10T12:34:17.426+0200: 2.924: [GC (Allocation Failure) 2.924: [ParNew: 1090K->96K(1152K), 0.0015622 secs] 324607K->324605K(355072K), 0.0016359 secs] [Times: user=0.00 sys=0.00, real=0.00 secs] 
2014-07-10T12:34:17.428+0200: 2.926: [GC (Allocation Failure) 2.926: [ParNew: 1090K->96K(1152K), 0.0014254 secs] 302324K->302322K(355072K), 0.0014900 secs] [Times: user=0.00 sys=0.00, real=0.00 secs] 
2014-07-10T12:34:17.430+0200: 2.927: [GC (Allocation Failure) 2.928: [ParNew: 1090K->96K(1152K), 0.0013532 secs] 267299K->267297K(355072K), 0.0014192 secs] [Times: user=0.00 sys=0.00, real=0.00 secs] 
2014-07-10T12:34:17.432+0200: 2.929: [GC (Allocation Failure) 2.929: [ParNew: 1090K->96K(1152K), 0.0018485 secs] 224782K->224780K(355072K), 0.0019460 secs] [Times: user=0.00 sys=0.00, real=0.00 secs] 
2014-07-10T12:34:17.434+0200: 2.932: [GC (Allocation Failure) 2.932: [ParNew: 1090K->96K(1152K), 0.0015545 secs] 175350K->175348K(355072K), 0.0016238 secs] [Times: user=0.00 sys=0.00, real=0.00 secs] 
2014-07-10T12:34:17.437+0200: 2.934: [GC (Allocation Failure) 2.934: [ParNew: 1090K->96K(1152K), 0.0015461 secs] 86283K->86281K(355072K), 0.0016432 secs] [Times: user=0.00 sys=0.00, real=0.00 secs] 
2014-07-10T12:34:17.439+0200: 2.936: [CMS-concurrent-sweep: 0.002/0.013 secs] [Times: user=0.00 sys=0.00, real=0.01 secs] 
2014-07-10T12:34:17.439+0200: 2.936: [CMS-concurrent-reset-start]
2014-07-10T12:34:17.439+0200: 2.937: [GC (Allocation Failure) 2.937: [ParNew: 1090K->96K(1152K), 0.0013059 secs] 84746K->84744K(355072K), 0.0013627 secs] [Times: user=0.00 sys=0.00, real=0.00 secs] 
2014-07-10T12:34:17.441+0200: 2.938: [GC (Allocation Failure) 2.938: [ParNew: 1090K->96K(1152K), 0.0012979 secs] 85738K->85736K(355072K), 0.0013521 secs] [Times: user=0.03 sys=0.00, real=0.00 secs] 
2014-07-10T12:34:17.443+0200: 2.940: [GC (Allocation Failure) 2.940: [ParNew: 1090K->96K(1152K), 0.0012759 secs] 86731K->86729K(355072K), 0.0013254 secs] [Times: user=0.00 sys=0.00, real=0.00 secs] 
2014-07-10T12:34:17.444+0200: 2.942: [GC (Allocation Failure) 2.942: [ParNew: 1090K->96K(1152K), 0.0011941 secs] 87723K->87721K(355072K), 0.0012458 secs] [Times: user=0.00 sys=0.00, real=0.00 secs] 
2014-07-10T12:34:17.446+0200: 2.943: [CMS-concurrent-reset: 0.001/0.007 secs] [Times: user=0.03 sys=0.00, real=0.01 secs] 
2014-07-10T12:34:17.446+0200: 2.943: [GC (Allocation Failure) 2.943: [ParNew: 1090K->96K(1152K), 0.0013202 secs] 88716K->88714K(355072K), 0.0013745 secs] [Times: user=0.00 sys=0.00, real=0.00 secs] 
2014-07-10T12:34:17.447+0200: 2.945: [GC (Allocation Failure) 2.945: [ParNew: 1090K->96K(1152K), 0.0012473 secs] 89708K->89706K(355072K), 0.0013081 secs] [Times: user=0.00 sys=0.00, real=0.00 secs] 
2014-07-10T12:34:17.449+0200: 2.947: [GC (Allocation Failure) 2.947: [ParNew: 1090K->96K(1152K), 0.0012568 secs] 90701K->90699K(355072K), 0.0013422 secs] [Times: user=0.00 sys=0.00, real=0.00 secs] 
2014-07-10T12:34:17.451+0200: 2.948: [GC (Allocation Failure) 2.948: [ParNew: 1090K->96K(1152K), 0.0013701 secs] 91693K->91691K(355072K), 0.0014317 secs] [Times: user=0.00 sys=0.00, real=0.00 secs] 
2014-07-10T12:34:17.453+0200: 2.950: [GC (Allocation Failure) 2.950: [ParNew: 1090K->96K(1152K), 0.0012487 secs] 92686K->92684K(355072K), 0.0013015 secs] [Times: user=0.00 sys=0.00, real=0.00 secs] 
2014-07-10T12:34:17.454+0200: 2.952: [GC (Allocation Failure) 2.952: [ParNew: 1090K->96K(1152K), 0.0014243 secs] 93678K->93676K(355072K), 0.0014823 secs] [Times: user=0.00 sys=0.00, real=0.00 secs] 
2014-07-10T12:34:17.456+0200: 2.953: [GC (Allocation Failure) 2.953: [ParNew: 1090K->96K(1152K), 0.0012308 secs] 94671K->94669K(355072K), 0.0012942 secs] [Times: user=0.03 sys=0.00, real=0.00 secs] 
2014-07-10T12:34:17.457+0200: 2.955: [GC (Allocation Failure) 2.955: [ParNew: 1090K->96K(1152K), 0.0013221 secs] 95663K->95661K(355072K), 0.0013792 secs] [Times: user=0.00 sys=0.00, real=0.00 secs] 
2014-07-10T12:34:17.459+0200: 2.957: [GC (Allocation Failure) 2.957: [ParNew: 1090K->96K(1152K), 0.0012616 secs] 96656K->96654K(355072K), 0.0013158 secs] [Times: user=0.00 sys=0.00, real=0.00 secs] 
2014-07-10T12:34:17.461+0200: 2.958: [GC (Allocation Failure) 2.958: [ParNew: 1090K->96K(1152K), 0.0011794 secs] 97648K->97646K(355072K), 0.0012370 secs] [Times: user=0.00 sys=0.00, real=0.00 secs] 
2014-07-10T12:34:17.462+0200: 2.960: [GC (Allocation Failure) 2.960: [ParNew: 1090K->96K(1152K), 0.0012561 secs] 98641K->98639K(355072K), 0.0013074 secs] [Times: user=0.00 sys=0.00, real=0.00 secs] 
2014-07-10T12:34:17.464+0200: 2.961: [GC (Allocation Failure) 2.961: [ParNew: 1090K->96K(1152K), 0.0011897 secs] 99633K->99631K(355072K), 0.0012484 secs] [Times: user=0.00 sys=0.00, real=0.00 secs] 
2014-07-10T12:34:17.465+0200: 2.963: [GC (Allocation Failure) 2.963: [ParNew: 1090K->96K(1152K), 0.0011846 secs] 100626K->100624K(355072K), 0.0012363 secs] [Times: user=0.00 sys=0.00, real=0.00 secs] 
2014-07-10T12:34:17.467+0200: 2.964: [GC (Allocation Failure) 2.964: [ParNew: 1090K->96K(1152K), 0.0013180 secs] 101618K->101616K(355072K), 0.0013726 secs] [Times: user=0.00 sys=0.00, real=0.00 secs] 
2014-07-10T12:34:17.468+0200: 2.966: [GC (Allocation Failure) 2.966: [ParNew: 1090K->96K(1152K), 0.0012165 secs] 102611K->102609K(355072K), 0.0012711 secs] [Times: user=0.00 sys=0.00, real=0.00 secs] 
2014-07-10T12:34:17.470+0200: 2.968: [GC (Allocation Failure) 2.968: [ParNew: 1090K->96K(1152K), 0.0011952 secs] 103603K->103601K(355072K), 0.0012469 secs] [Times: user=0.00 sys=0.00, real=0.00 secs] 
2014-07-10T12:34:17.472+0200: 2.969: [GC (Allocation Failure) 2.969: [ParNew: 1090K->96K(1152K), 0.0012480 secs] 104596K->104594K(355072K), 0.0013136 secs] [Times: user=0.03 sys=0.00, real=0.00 secs] 
2014-07-10T12:34:17.473+0200: 2.971: [GC (Allocation Failure) 2.971: [ParNew: 1090K->96K(1152K), 0.0012359 secs] 105588K->105586K(355072K), 0.0012850 secs] [Times: user=0.00 sys=0.00, real=0.00 secs] 
2014-07-10T12:34:17.475+0200: 2.972: [GC (Allocation Failure) 2.972: [ParNew: 1090K->96K(1152K), 0.0011703 secs] 106580K->106578K(355072K), 0.0012209 secs] [Times: user=0.00 sys=0.00, real=0.00 secs] 
2014-07-10T12:34:17.476+0200: 2.974: [GC (Allocation Failure) 2.974: [ParNew: 1090K->96K(1152K), 0.0012755 secs] 107573K->107571K(355072K), 0.0013506 secs] [Times: user=0.00 sys=0.00, real=0.00 secs] 
2014-07-10T12:34:17.478+0200: 2.975: [GC (Allocation Failure) 2.975: [ParNew: 1090K->96K(1152K), 0.0013316 secs] 108565K->108563K(355072K), 0.0013924 secs] [Times: user=0.00 sys=0.00, real=0.00 secs] 
2014-07-10T12:34:17.480+0200: 2.977: [GC (Allocation Failure) 2.977: [ParNew: 1090K->96K(1152K), 0.0013972 secs] 109558K->109556K(355072K), 0.0014584 secs] [Times: user=0.00 sys=0.00, real=0.00 secs] 
2014-07-10T12:34:17.481+0200: 2.979: [GC (Allocation Failure) 2.979: [ParNew: 1090K->96K(1152K), 0.0013356 secs] 110550K->110548K(355072K), 0.0013932 secs] [Times: user=0.00 sys=0.00, real=0.00 secs] 
2014-07-10T12:34:17.483+0200: 2.981: [GC (Allocation Failure) 2.981: [ParNew: 1090K->96K(1152K), 0.0011952 secs] 111543K->111541K(355072K), 0.0012916 secs] [Times: user=0.00 sys=0.00, real=0.00 secs] 
2014-07-10T12:34:17.485+0200: 2.982: [GC (Allocation Failure) 2.982: [ParNew: 1090K->96K(1152K), 0.0013822 secs] 112535K->112533K(355072K), 0.0014412 secs] [Times: user=0.00 sys=0.00, real=0.00 secs] 
2014-07-10T12:34:17.486+0200: 2.984: [GC (Allocation Failure) 2.984: [ParNew: 1090K->96K(1152K), 0.0012352 secs] 113528K->113526K(355072K), 0.0012858 secs] [Times: user=0.03 sys=0.00, real=0.00 secs] 
2014-07-10T12:34:17.488+0200: 2.986: [GC (Allocation Failure) 2.986: [ParNew: 1090K->96K(1152K), 0.0013814 secs] 114520K->114518K(355072K), 0.0014760 secs] [Times: user=0.00 sys=0.00, real=0.00 secs] 
2014-07-10T12:34:17.490+0200: 2.987: [GC (Allocation Failure) 2.988: [ParNew: 1090K->96K(1152K), 0.0013364 secs] 115513K->115511K(355072K), 0.0013957 secs] [Times: user=0.00 sys=0.00, real=0.00 secs] 
2014-07-10T12:34:17.492+0200: 2.989: [GC (Allocation Failure) 2.989: [ParNew: 1090K->96K(1152K), 0.0012891 secs] 116505K->116503K(355072K), 0.0013426 secs] [Times: user=0.00 sys=0.00, real=0.00 secs] 
2014-07-10T12:34:17.493+0200: 2.991: [GC (Allocation Failure) 2.991: [ParNew: 1090K->96K(1152K), 0.0012649 secs] 117498K->117496K(355072K), 0.0013177 secs] [Times: user=0.00 sys=0.00, real=0.00 secs] 
2014-07-10T12:34:17.495+0200: 2.992: [GC (Allocation Failure) 2.992: [ParNew: 1090K->96K(1152K), 0.0012509 secs] 118490K->118488K(355072K), 0.0013026 secs] [Times: user=0.00 sys=0.00, real=0.00 secs] 
2014-07-10T12:34:17.496+0200: 2.994: [GC (Allocation Failure) 2.994: [ParNew: 1090K->96K(1152K), 0.0012927 secs] 119483K->119481K(355072K), 0.0013481 secs] [Times: user=0.00 sys=0.00, real=0.00 secs] 
2014-07-10T12:34:17.498+0200: 2.996: [GC (Allocation Failure) 2.996: [ParNew: 1090K->96K(1152K), 0.0013089 secs] 120475K->120473K(355072K), 0.0013646 secs] [Times: user=0.00 sys=0.00, real=0.00 secs] 
2014-07-10T12:34:17.500+0200: 2.997: [GC (Allocation Failure) 2.997: [ParNew: 1090K->96K(1152K), 0.0014071 secs] 121468K->121466K(355072K), 0.0014716 secs] [Times: user=0.00 sys=0.00, real=0.00 secs] 
2014-07-10T12:34:17.501+0200: 2.999: [GC (Allocation Failure) 2.999: [ParNew: 1090K->96K(1152K), 0.0012953 secs] 122460K->122458K(355072K), 0.0013726 secs] [Times: user=0.00 sys=0.00, real=0.00 secs] 
2014-07-10T12:34:17.503+0200: 3.001: [GC (Allocation Failure) 3.001: [ParNew: 1090K->96K(1152K), 0.0012293 secs] 123453K->123451K(355072K), 0.0012806 secs] [Times: user=0.03 sys=0.00, real=0.00 secs] 
2014-07-10T12:34:17.505+0200: 3.002: [GC (Allocation Failure) 3.002: [ParNew: 1090K->96K(1152K), 0.0013591 secs] 124445K->124443K(355072K), 0.0014188 secs] [Times: user=0.00 sys=0.00, real=0.00 secs] 
2014-07-10T12:34:17.506+0200: 3.004: [GC (Allocation Failure) 3.004: [ParNew: 1090K->96K(1152K), 0.0013646 secs] 125438K->125436K(355072K), 0.0014225 secs] [Times: user=0.00 sys=0.00, real=0.00 secs] 
2014-07-10T12:34:17.508+0200: 3.006: [GC (Allocation Failure) 3.006: [ParNew: 1090K->96K(1152K), 0.0011629 secs] 126430K->126428K(355072K), 0.0012168 secs] [Times: user=0.00 sys=0.00, real=0.00 secs] 
2014-07-10T12:34:17.510+0200: 3.007: [GC (Allocation Failure) 3.007: [ParNew: 1090K->96K(1152K), 0.0011816 secs] 127423K->127421K(355072K), 0.0012366 secs] [Times: user=0.00 sys=0.00, real=0.00 secs] 
2014-07-10T12:34:17.511+0200: 3.009: [GC (Allocation Failure) 3.009: [ParNew: 1090K->96K(1152K), 0.0012066 secs] 128415K->128413K(355072K), 0.0012601 secs] [Times: user=0.00 sys=0.00, real=0.00 secs] 
2014-07-10T12:34:17.513+0200: 3.010: [GC (Allocation Failure) 3.010: [ParNew: 1090K->96K(1152K), 0.0012220 secs] 129408K->129406K(355072K), 0.0012729 secs] [Times: user=0.00 sys=0.00, real=0.00 secs] 
2014-07-10T12:34:17.514+0200: 3.012: [GC (Allocation Failure) 3.012: [ParNew: 1090K->96K(1152K), 0.0012183 secs] 130400K->130398K(355072K), 0.0012733 secs] [Times: user=0.00 sys=0.00, real=0.00 secs] 
2014-07-10T12:34:17.516+0200: 3.013: [GC (Allocation Failure) 3.013: [ParNew: 1090K->96K(1152K), 0.0012847 secs] 131393K->131391K(355072K), 0.0013378 secs] [Times: user=0.00 sys=0.00, real=0.00 secs] 
2014-07-10T12:34:17.517+0200: 3.015: [GC (Allocation Failure) 3.015: [ParNew: 1117K->126K(1152K), 0.0012088 secs] 132412K->132214K(355072K), 0.0012594 secs] [Times: user=0.00 sys=0.00, real=0.00 secs] 
2014-07-10T12:34:17.519+0200: 3.016: [GC (Allocation Failure) 3.016: [ParNew: 1150K->120K(1152K), 0.0014496 secs] 133238K->133230K(355072K), 0.0015105 secs] [Times: user=0.03 sys=0.00, real=0.00 secs] 
2014-07-10T12:34:17.521+0200: 3.018: [GC (Allocation Failure) 3.018: [ParNew: 1144K->120K(1152K), 0.0015688 secs] 134254K->134248K(355072K), 0.0016333 secs] [Times: user=0.00 sys=0.00, real=0.00 secs] 
2014-07-10T12:34:17.523+0200: 3.020: [GC (Allocation Failure) 3.020: [ParNew: 1144K->120K(1152K), 0.0013902 secs] 135272K->135266K(355072K), 0.0014449 secs] [Times: user=0.00 sys=0.00, real=0.00 secs] 
2014-07-10T12:34:17.524+0200: 3.022: [GC (Allocation Failure) 3.022: [ParNew: 1144K->120K(1152K), 0.0014265 secs] 136290K->136284K(355072K), 0.0014815 secs] [Times: user=0.00 sys=0.00, real=0.00 secs] 
2014-07-10T12:34:17.526+0200: 3.024: [GC (Allocation Failure) 3.024: [ParNew: 1144K->120K(1152K), 0.0014229 secs] 137308K->137302K(355072K), 0.0014834 secs] [Times: user=0.00 sys=0.00, real=0.00 secs] 
2014-07-10T12:34:17.528+0200: 3.025: [GC (Allocation Failure) 3.025: [ParNew: 1144K->120K(1152K), 0.0014361 secs] 138326K->138320K(355072K), 0.0014936 secs] [Times: user=0.00 sys=0.00, real=0.00 secs] 
2014-07-10T12:34:17.530+0200: 3.027: [GC (Allocation Failure) 3.027: [ParNew: 1144K->120K(1152K), 0.0014251 secs] 139344K->139338K(355072K), 0.0014808 secs] [Times: user=0.00 sys=0.00, real=0.00 secs] 
2014-07-10T12:34:17.531+0200: 3.029: [GC (Allocation Failure) 3.029: [ParNew: 1143K->126K(1152K), 0.0022232 secs] 140362K->140059K(355072K), 0.0023035 secs] [Times: user=0.00 sys=0.00, real=0.00 secs] 
2014-07-10T12:34:17.534+0200: 3.032: [GC (Allocation Failure) 3.032: [ParNew: 1148K->124K(1152K), 0.0016670 secs] 141081K->141065K(355072K), 0.0017422 secs] [Times: user=0.03 sys=0.00, real=0.00 secs] 
2014-07-10T12:34:17.536+0200: 3.034: [GC (Allocation Failure) 3.034: [ParNew: 1146K->124K(1152K), 0.0016124 secs] 142087K->142073K(355072K), 0.0016920 secs] [Times: user=0.00 sys=0.00, real=0.00 secs] 
2014-07-10T12:34:17.538+0200: 3.036: [GC (Allocation Failure) 3.036: [ParNew: 1146K->124K(1152K), 0.0013397 secs] 143095K->143081K(355072K), 0.0014012 secs] [Times: user=0.00 sys=0.00, real=0.00 secs] 
2014-07-10T12:34:17.540+0200: 3.038: [GC (Allocation Failure) 3.038: [ParNew: 1129K->106K(1152K), 0.0011090 secs] 144086K->143703K(355072K), 0.0011589 secs] [Times: user=0.00 sys=0.00, real=0.00 secs] 
2014-07-10T12:34:17.541+0200: 3.039: [GC (Allocation Failure) 3.039: [ParNew: 1100K->96K(1152K), 0.0013034 secs] 144697K->144694K(355072K), 0.0013587 secs] [Times: user=0.00 sys=0.00, real=0.00 secs] 
2014-07-10T12:34:17.543+0200: 3.041: [GC (Allocation Failure) 3.041: [ParNew: 1090K->96K(1152K), 0.0013466 secs] 145688K->145686K(355072K), 0.0014016 secs] [Times: user=0.00 sys=0.00, real=0.00 secs] 
2014-07-10T12:34:17.545+0200: 3.042: [GC (Allocation Failure) 3.042: [ParNew: 1090K->96K(1152K), 0.0013756 secs] 146681K->146679K(355072K), 0.0014309 secs] [Times: user=0.00 sys=0.00, real=0.00 secs] 
2014-07-10T12:34:17.546+0200: 3.044: [GC (Allocation Failure) 3.044: [ParNew: 1090K->96K(1152K), 0.0013847 secs] 147673K->147671K(355072K), 0.0014390 secs] [Times: user=0.00 sys=0.00, real=0.00 secs] 
2014-07-10T12:34:17.548+0200: 3.046: [GC (Allocation Failure) 3.046: [ParNew: 1090K->96K(1152K), 0.0014089 secs] 148666K->148664K(355072K), 0.0014918 secs] [Times: user=0.00 sys=0.00, real=0.00 secs] 
2014-07-10T12:34:17.550+0200: 3.047: [GC (Allocation Failure) 3.047: [ParNew: 1090K->96K(1152K), 0.0014621 secs] 149658K->149656K(355072K), 0.0015263 secs] [Times: user=0.03 sys=0.00, real=0.00 secs] 
2014-07-10T12:34:17.552+0200: 3.049: [GC (Allocation Failure) 3.049: [ParNew: 1090K->96K(1152K), 0.0016139 secs] 150651K->150649K(355072K), 0.0016733 secs] [Times: user=0.00 sys=0.00, real=0.00 secs] 
2014-07-10T12:34:17.554+0200: 3.051: [GC (Allocation Failure) 3.051: [ParNew: 1090K->96K(1152K), 0.0015409 secs] 151643K->151641K(355072K), 0.0016025 secs] [Times: user=0.00 sys=0.00, real=0.00 secs] 
2014-07-10T12:34:17.556+0200: 3.053: [GC (Allocation Failure) 3.053: [ParNew: 1090K->96K(1152K), 0.0013704 secs] 152635K->152633K(355072K), 0.0014309 secs] [Times: user=0.00 sys=0.00, real=0.00 secs] 
2014-07-10T12:34:17.557+0200: 3.055: [GC (Allocation Failure) 3.055: [ParNew: 1090K->96K(1152K), 0.0013437 secs] 153628K->153626K(355072K), 0.0013987 secs] [Times: user=0.00 sys=0.00, real=0.00 secs] 
2014-07-10T12:34:17.559+0200: 3.057: [GC (Allocation Failure) 3.057: [ParNew: 1090K->96K(1152K), 0.0013455 secs] 154620K->154618K(355072K), 0.0013968 secs] [Times: user=0.00 sys=0.00, real=0.00 secs] 
2014-07-10T12:34:17.561+0200: 3.058: [GC (Allocation Failure) 3.058: [ParNew: 1090K->96K(1152K), 0.0013825 secs] 155613K->155611K(355072K), 0.0014357 secs] [Times: user=0.00 sys=0.00, real=0.00 secs] 
2014-07-10T12:34:17.562+0200: 3.060: [GC (Allocation Failure) 3.060: [ParNew: 1090K->96K(1152K), 0.0013503 secs] 156605K->156603K(355072K), 0.0014034 secs] [Times: user=0.00 sys=0.00, real=0.00 secs] 
2014-07-10T12:34:17.564+0200: 3.062: [GC (Allocation Failure) 3.062: [ParNew: 1090K->96K(1152K), 0.0013558 secs] 157598K->157596K(355072K), 0.0014100 secs] [Times: user=0.00 sys=0.00, real=0.00 secs] 
2014-07-10T12:34:17.566+0200: 3.063: [GC (Allocation Failure) 3.063: [ParNew: 1090K->96K(1152K), 0.0014331 secs] 158590K->158588K(355072K), 0.0014900 secs] [Times: user=0.00 sys=0.00, real=0.00 secs] 
2014-07-10T12:34:17.567+0200: 3.065: [GC (Allocation Failure) 3.065: [ParNew: 1090K->96K(1152K), 0.0015211 secs] 159583K->159581K(355072K), 0.0015989 secs] [Times: user=0.00 sys=0.00, real=0.00 secs] 
2014-07-10T12:34:17.569+0200: 3.067: [GC (Allocation Failure) 3.067: [ParNew: 1090K->96K(1152K), 0.0013921 secs] 160575K->160573K(355072K), 0.0014493 secs] [Times: user=0.00 sys=0.00, real=0.00 secs] 
2014-07-10T12:34:17.571+0200: 3.069: [GC (Allocation Failure) 3.069: [ParNew: 1090K->96K(1152K), 0.0014155 secs] 161568K->161566K(355072K), 0.0014746 secs] [Times: user=0.00 sys=0.00, real=0.00 secs] 
2014-07-10T12:34:17.573+0200: 3.070: [GC (Allocation Failure) 3.070: [ParNew: 1090K->96K(1152K), 0.0013653 secs] 162560K->162558K(355072K), 0.0014207 secs] [Times: user=0.00 sys=0.00, real=0.00 secs] 
2014-07-10T12:34:17.574+0200: 3.072: [GC (Allocation Failure) 3.072: [ParNew: 1090K->96K(1152K), 0.0013789 secs] 163553K->163551K(355072K), 0.0014364 secs] [Times: user=0.00 sys=0.00, real=0.00 secs] 
2014-07-10T12:34:17.576+0200: 3.074: [GC (Allocation Failure) 3.074: [ParNew: 1090K->96K(1152K), 0.0013342 secs] 164545K->164543K(355072K), 0.0013884 secs] [Times: user=0.00 sys=0.00, real=0.00 secs] 
2014-07-10T12:34:17.578+0200: 3.075: [GC (Allocation Failure) 3.075: [ParNew: 1090K->96K(1152K), 0.0013517 secs] 165538K->165536K(355072K), 0.0014086 secs] [Times: user=0.00 sys=0.00, real=0.00 secs] 
2014-07-10T12:34:17.579+0200: 3.077: [GC (Allocation Failure) 3.077: [ParNew: 1090K->96K(1152K), 0.0013642 secs] 166530K->166528K(355072K), 0.0014196 secs] [Times: user=0.00 sys=0.00, real=0.00 secs] 
2014-07-10T12:34:17.581+0200: 3.079: [GC (Allocation Failure) 3.079: [ParNew: 1090K->96K(1152K), 0.0014731 secs] 167523K->167521K(355072K), 0.0015626 secs] [Times: user=0.03 sys=0.00, real=0.00 secs] 
2014-07-10T12:34:17.583+0200: 3.080: [GC (Allocation Failure) 3.081: [ParNew: 1090K->96K(1152K), 0.0015307 secs] 168515K->168513K(355072K), 0.0016000 secs] [Times: user=0.00 sys=0.00, real=0.00 secs] 
2014-07-10T12:34:17.585+0200: 3.082: [GC (Allocation Failure) 3.082: [ParNew: 1090K->96K(1152K), 0.0014958 secs] 169508K->169506K(355072K), 0.0015607 secs] [Times: user=0.00 sys=0.00, real=0.00 secs] 
2014-07-10T12:34:17.587+0200: 3.084: [GC (Allocation Failure) 3.084: [ParNew: 1090K->96K(1152K), 0.0016040 secs] 170500K->170498K(355072K), 0.0016667 secs] [Times: user=0.00 sys=0.00, real=0.00 secs] 
2014-07-10T12:34:17.589+0200: 3.086: [GC (Allocation Failure) 3.086: [ParNew: 1090K->96K(1152K), 0.0013954 secs] 171493K->171491K(355072K), 0.0014529 secs] [Times: user=0.00 sys=0.00, real=0.00 secs] 
2014-07-10T12:34:17.590+0200: 3.088: [GC (Allocation Failure) 3.088: [ParNew: 1090K->96K(1152K), 0.0013704 secs] 172485K->172483K(355072K), 0.0014273 secs] [Times: user=0.00 sys=0.00, real=0.00 secs] 
2014-07-10T12:34:17.592+0200: 3.090: [GC (Allocation Failure) 3.090: [ParNew: 1090K->96K(1152K), 0.0013532 secs] 173478K->173476K(355072K), 0.0014089 secs] [Times: user=0.00 sys=0.00, real=0.00 secs] 
2014-07-10T12:34:17.594+0200: 3.091: [GC (Allocation Failure) 3.091: [ParNew: 1090K->96K(1152K), 0.0013759 secs] 174470K->174468K(355072K), 0.0014331 secs] [Times: user=0.00 sys=0.00, real=0.00 secs] 
2014-07-10T12:34:17.595+0200: 3.093: [GC (Allocation Failure) 3.093: [ParNew: 1090K->96K(1152K), 0.0013605 secs] 175463K->175461K(355072K), 0.0014155 secs] [Times: user=0.00 sys=0.00, real=0.00 secs] 
2014-07-10T12:34:17.597+0200: 3.095: [GC (Allocation Failure) 3.095: [ParNew: 1090K->96K(1152K), 0.0014027 secs] 176455K->176453K(355072K), 0.0014702 secs] [Times: user=0.03 sys=0.00, real=0.00 secs] 
2014-07-10T12:34:17.599+0200: 3.096: [GC (Allocation Failure) 3.096: [ParNew: 1090K->96K(1152K), 0.0014100 secs] 177448K->177446K(355072K), 0.0014694 secs] [Times: user=0.00 sys=0.00, real=0.00 secs] 
2014-07-10T12:34:17.600+0200: 3.098: [GC (Allocation Failure) 3.098: [ParNew: 1090K->96K(1152K), 0.0015494 secs] 178440K->178438K(355072K), 0.0016084 secs] [Times: user=0.00 sys=0.00, real=0.00 secs] 
2014-07-10T12:34:17.602+0200: 3.100: [GC (Allocation Failure) 3.100: [ParNew: 1090K->96K(1152K), 0.0013869 secs] 179433K->179431K(355072K), 0.0014485 secs] [Times: user=0.00 sys=0.00, real=0.00 secs] 
2014-07-10T12:34:17.604+0200: 3.102: [GC (Allocation Failure) 3.102: [ParNew: 1090K->96K(1152K), 0.0014977 secs] 180425K->180423K(355072K), 0.0015750 secs] [Times: user=0.00 sys=0.00, real=0.00 secs] 
2014-07-10T12:34:17.606+0200: 3.103: [GC (Allocation Failure) 3.103: [ParNew: 1090K->96K(1152K), 0.0013668 secs] 181418K->181416K(355072K), 0.0014207 secs] [Times: user=0.00 sys=0.00, real=0.00 secs] 
2014-07-10T12:34:17.607+0200: 3.105: [GC (Allocation Failure) 3.105: [ParNew: 1090K->96K(1152K), 0.0013576 secs] 182410K->182408K(355072K), 0.0014152 secs] [Times: user=0.00 sys=0.00, real=0.00 secs] 
2014-07-10T12:34:17.609+0200: 3.107: [GC (Allocation Failure) 3.107: [ParNew: 1090K->96K(1152K), 0.0014298 secs] 183403K->183401K(355072K), 0.0014889 secs] [Times: user=0.00 sys=0.00, real=0.00 secs] 
2014-07-10T12:34:17.611+0200: 3.108: [GC (Allocation Failure) 3.108: [ParNew: 1090K->96K(1152K), 0.0013792 secs] 184395K->184393K(355072K), 0.0014357 secs] [Times: user=0.00 sys=0.00, real=0.00 secs] 
2014-07-10T12:34:17.612+0200: 3.110: [GC (Allocation Failure) 3.110: [ParNew: 1090K->96K(1152K), 0.0014232 secs] 185387K->185385K(355072K), 0.0014881 secs] [Times: user=0.02 sys=0.00, real=0.00 secs] 
2014-07-10T12:34:17.614+0200: 3.112: [GC (Allocation Failure) 3.112: [ParNew: 1090K->96K(1152K), 0.0015794 secs] 186380K->186378K(355072K), 0.0016498 secs] [Times: user=0.00 sys=0.00, real=0.00 secs] 
2014-07-10T12:34:17.616+0200: 3.114: [GC (Allocation Failure) 3.114: [ParNew: 1090K->96K(1152K), 0.0015494 secs] 187372K->187370K(355072K), 0.0016205 secs] [Times: user=0.00 sys=0.00, real=0.00 secs] 
2014-07-10T12:34:17.618+0200: 3.116: [GC (Allocation Failure) 3.116: [ParNew: 1090K->96K(1152K), 0.0013939 secs] 188365K->188363K(355072K), 0.0014540 secs] [Times: user=0.00 sys=0.00, real=0.00 secs] 
2014-07-10T12:34:17.620+0200: 3.118: [GC (Allocation Failure) 3.118: [ParNew: 1090K->96K(1152K), 0.0013298 secs] 189357K->189355K(355072K), 0.0015098 secs] [Times: user=0.00 sys=0.00, real=0.00 secs] 
2014-07-10T12:34:17.622+0200: 3.119: [GC (Allocation Failure) 3.119: [ParNew: 1090K->96K(1152K), 0.0014075 secs] 190350K->190348K(355072K), 0.0014647 secs] [Times: user=0.00 sys=0.00, real=0.00 secs] 
2014-07-10T12:34:17.623+0200: 3.121: [GC (Allocation Failure) 3.121: [ParNew: 1090K->96K(1152K), 0.0013715 secs] 191342K->191340K(355072K), 0.0014262 secs] [Times: user=0.00 sys=0.00, real=0.00 secs] 
2014-07-10T12:34:17.625+0200: 3.123: [GC (Allocation Failure) 3.123: [ParNew: 1090K->96K(1152K), 0.0014163 secs] 192335K->192333K(355072K), 0.0014753 secs] [Times: user=0.00 sys=0.00, real=0.00 secs] 
2014-07-10T12:34:17.627+0200: 3.124: [GC (Allocation Failure) 3.124: [ParNew: 1090K->96K(1152K), 0.0013444 secs] 193327K->193325K(355072K), 0.0013983 secs] [Times: user=0.00 sys=0.00, real=0.00 secs] 
2014-07-10T12:34:17.628+0200: 3.126: [GC (Allocation Failure) 3.126: [ParNew: 1090K->96K(1152K), 0.0015120 secs] 194320K->194318K(355072K), 0.0015761 secs] [Times: user=0.01 sys=0.01, real=0.00 secs] 
2014-07-10T12:34:17.630+0200: 3.128: [GC (Allocation Failure) 3.128: [ParNew: 1090K->96K(1152K), 0.0014812 secs] 195312K->195310K(355072K), 0.0015483 secs] [Times: user=0.00 sys=0.00, real=0.00 secs] 
2014-07-10T12:34:17.632+0200: 3.130: [GC (Allocation Failure) 3.130: [ParNew: 1090K->96K(1152K), 0.0015193 secs] 196305K->196303K(355072K), 0.0015879 secs] [Times: user=0.00 sys=0.00, real=0.00 secs] 
2014-07-10T12:34:17.634+0200: 3.132: [GC (Allocation Failure) 3.132: [ParNew: 1090K->96K(1152K), 0.0014441 secs] 197297K->197295K(355072K), 0.0015039 secs] [Times: user=0.00 sys=0.00, real=0.00 secs] 
2014-07-10T12:34:17.636+0200: 3.133: [GC (Allocation Failure) 3.133: [ParNew: 1090K->96K(1152K), 0.0013803 secs] 198290K->198288K(355072K), 0.0014357 secs] [Times: user=0.00 sys=0.00, real=0.00 secs] 
2014-07-10T12:34:17.637+0200: 3.135: [GC (Allocation Failure) 3.135: [ParNew: 1090K->96K(1152K), 0.0014782 secs] 199282K->199280K(355072K), 0.0015384 secs] [Times: user=0.00 sys=0.00, real=0.00 secs] 
2014-07-10T12:34:17.639+0200: 3.137: [GC (Allocation Failure) 3.137: [ParNew: 1090K->96K(1152K), 0.0014346 secs] 200275K->200273K(355072K), 0.0014936 secs] [Times: user=0.00 sys=0.00, real=0.00 secs] 
2014-07-10T12:34:17.641+0200: 3.139: [GC (Allocation Failure) 3.139: [ParNew: 1090K->96K(1152K), 0.0014027 secs] 201267K->201265K(355072K), 0.0014599 secs] [Times: user=0.00 sys=0.00, real=0.00 secs] 
2014-07-10T12:34:17.643+0200: 3.140: [GC (Allocation Failure) 3.140: [ParNew: 1090K->96K(1152K), 0.0014562 secs] 202260K->202258K(355072K), 0.0015178 secs] [Times: user=0.03 sys=0.00, real=0.00 secs] 
2014-07-10T12:34:17.644+0200: 3.142: [GC (Allocation Failure) 3.142: [ParNew: 1090K->96K(1152K), 0.0014782 secs] 203252K->203250K(355072K), 0.0015369 secs] [Times: user=0.00 sys=0.00, real=0.00 secs] 
2014-07-10T12:34:17.646+0200: 3.144: [GC (Allocation Failure) 3.144: [ParNew: 1090K->96K(1152K), 0.0014152 secs] 204245K->204243K(355072K), 0.0014779 secs] [Times: user=0.00 sys=0.00, real=0.00 secs] 
2014-07-10T12:34:17.648+0200: 3.146: [GC (Allocation Failure) 3.146: [ParNew: 1090K->96K(1152K), 0.0014093 secs] 205237K->205235K(355072K), 0.0014680 secs] [Times: user=0.00 sys=0.00, real=0.00 secs] 
2014-07-10T12:34:17.650+0200: 3.147: [GC (Allocation Failure) 3.147: [ParNew: 1090K->96K(1152K), 0.0013844 secs] 206230K->206228K(355072K), 0.0014463 secs] [Times: user=0.00 sys=0.00, real=0.00 secs] 
2014-07-10T12:34:17.651+0200: 3.149: [GC (Allocation Failure) 3.149: [ParNew: 1090K->96K(1152K), 0.0016773 secs] 207222K->207220K(355072K), 0.0017477 secs] [Times: user=0.00 sys=0.00, real=0.00 secs] 
2014-07-10T12:34:17.653+0200: 3.151: [GC (Allocation Failure) 3.151: [ParNew: 1090K->96K(1152K), 0.0017275 secs] 208215K->208213K(355072K), 0.0017983 secs] [Times: user=0.00 sys=0.00, real=0.00 secs] 
2014-07-10T12:34:17.660+0200: 3.158: [GC (Allocation Failure) 3.158: [ParNew: 1098K->106K(1152K), 0.0026111 secs] 209215K->208799K(355072K), 0.0027090 secs] [Times: user=0.00 sys=0.00, real=0.00 secs] 
2014-07-10T12:34:17.663+0200: 3.161: [GC (Allocation Failure) 3.161: [ParNew: 1100K->96K(1152K), 0.0022496 secs] 209793K->209789K(355072K), 0.0023141 secs] [Times: user=0.00 sys=0.00, real=0.00 secs] 
2014-07-10T12:34:17.666+0200: 3.163: [GC (Allocation Failure) 3.163: [ParNew: 1090K->96K(1152K), 0.0017015 secs] 210784K->210782K(355072K), 0.0017664 secs] [Times: user=0.00 sys=0.00, real=0.00 secs] 
2014-07-10T12:34:17.668+0200: 3.165: [GC (Allocation Failure) 3.165: [ParNew: 1090K->96K(1152K), 0.0015167 secs] 211776K->211774K(355072K), 0.0015820 secs] [Times: user=0.00 sys=0.00, real=0.00 secs] 
2014-07-10T12:34:17.670+0200: 3.167: [GC (Allocation Failure) 3.167: [ParNew: 1090K->96K(1152K), 0.0013726 secs] 212769K->212767K(355072K), 0.0014309 secs] [Times: user=0.00 sys=0.00, real=0.00 secs] 
2014-07-10T12:34:17.671+0200: 3.169: [GC (Allocation Failure) 3.169: [ParNew: 1090K->96K(1152K), 0.0015046 secs] 213761K->213759K(355072K), 0.0015655 secs] [Times: user=0.00 sys=0.00, real=0.00 secs] 
2014-07-10T12:34:17.673+0200: 3.171: [GC (Allocation Failure) 3.171: [ParNew: 1090K->96K(1152K), 0.0014012 secs] 214754K->214752K(355072K), 0.0014581 secs] [Times: user=0.00 sys=0.00, real=0.00 secs] 
2014-07-10T12:34:17.675+0200: 3.173: [GC (Allocation Failure) 3.173: [ParNew: 1090K->96K(1152K), 0.0013715 secs] 215746K->215744K(355072K), 0.0014269 secs] [Times: user=0.03 sys=0.00, real=0.00 secs] 
2014-07-10T12:34:17.677+0200: 3.174: [GC (Allocation Failure) 3.174: [ParNew: 1090K->96K(1152K), 0.0014797 secs] 216739K->216737K(355072K), 0.0015439 secs] [Times: user=0.00 sys=0.00, real=0.00 secs] 
2014-07-10T12:34:17.678+0200: 3.176: [GC (Allocation Failure) 3.176: [ParNew: 1090K->96K(1152K), 0.0014339 secs] 217731K->217729K(355072K), 0.0014914 secs] [Times: user=0.00 sys=0.00, real=0.00 secs] 
2014-07-10T12:34:17.680+0200: 3.178: [GC (Allocation Failure) 3.178: [ParNew: 1090K->96K(1152K), 0.0014119 secs] 218724K->218722K(355072K), 0.0014764 secs] [Times: user=0.00 sys=0.00, real=0.00 secs] 
2014-07-10T12:34:17.682+0200: 3.180: [GC (Allocation Failure) 3.180: [ParNew: 1090K->96K(1152K), 0.0015758 secs] 219716K->219714K(355072K), 0.0017019 secs] [Times: user=0.00 sys=0.00, real=0.00 secs] 
2014-07-10T12:34:17.684+0200: 3.182: [GC (Allocation Failure) 3.182: [ParNew: 1090K->96K(1152K), 0.0015138 secs] 220709K->220707K(355072K), 0.0015732 secs] [Times: user=0.00 sys=0.00, real=0.00 secs] 
2014-07-10T12:34:17.686+0200: 3.183: [GC (Allocation Failure) 3.183: [ParNew: 1090K->96K(1152K), 0.0013664 secs] 221701K->221699K(355072K), 0.0014225 secs] [Times: user=0.00 sys=0.00, real=0.00 secs] 
2014-07-10T12:34:17.688+0200: 3.185: [GC (Allocation Failure) 3.185: [ParNew: 1090K->96K(1152K), 0.0015523 secs] 222694K->222692K(355072K), 0.0016102 secs] [Times: user=0.00 sys=0.00, real=0.00 secs] 
2014-07-10T12:34:17.689+0200: 3.187: [GC (Allocation Failure) 3.187: [ParNew: 1090K->96K(1152K), 0.0014159 secs] 223686K->223684K(355072K), 0.0014804 secs] [Times: user=0.03 sys=0.00, real=0.00 secs] 
2014-07-10T12:34:17.691+0200: 3.189: [GC (Allocation Failure) 3.189: [ParNew: 1090K->96K(1152K), 0.0014760 secs] 224679K->224677K(355072K), 0.0015409 secs] [Times: user=0.00 sys=0.00, real=0.00 secs] 
2014-07-10T12:34:17.693+0200: 3.191: [GC (Allocation Failure) 3.191: [ParNew: 1090K->96K(1152K), 0.0014126 secs] 225671K->225669K(355072K), 0.0014720 secs] [Times: user=0.00 sys=0.00, real=0.00 secs] 
2014-07-10T12:34:17.695+0200: 3.192: [GC (Allocation Failure) 3.192: [ParNew: 1090K->96K(1152K), 0.0014115 secs] 226664K->226662K(355072K), 0.0014683 secs] [Times: user=0.00 sys=0.00, real=0.00 secs] 
2014-07-10T12:34:17.696+0200: 3.194: [GC (Allocation Failure) 3.194: [ParNew: 1090K->96K(1152K), 0.0014236 secs] 227656K->227654K(355072K), 0.0014812 secs] [Times: user=0.00 sys=0.00, real=0.00 secs] 
2014-07-10T12:34:17.698+0200: 3.196: [GC (Allocation Failure) 3.196: [ParNew: 1090K->96K(1152K), 0.0014515 secs] 228649K->228647K(355072K), 0.0015134 secs] [Times: user=0.00 sys=0.00, real=0.00 secs] 
2014-07-10T12:34:17.700+0200: 3.198: [GC (Allocation Failure) 3.198: [ParNew: 1090K->96K(1152K), 0.0016139 secs] 229641K->229639K(355072K), 0.0016857 secs] [Times: user=0.00 sys=0.00, real=0.00 secs] 
2014-07-10T12:34:17.702+0200: 3.200: [GC (Allocation Failure) 3.200: [ParNew: 1090K->96K(1152K), 0.0015886 secs] 230634K->230632K(355072K), 0.0016535 secs] [Times: user=0.00 sys=0.00, real=0.00 secs] 
2014-07-10T12:34:17.704+0200: 3.202: [GC (Allocation Failure) 3.202: [ParNew: 1090K->96K(1152K), 0.0015714 secs] 231626K->231624K(355072K), 0.0016392 secs] [Times: user=0.00 sys=0.00, real=0.00 secs] 
2014-07-10T12:34:17.706+0200: 3.203: [GC (Allocation Failure) 3.203: [ParNew: 1090K->96K(1152K), 0.0013792 secs] 232619K->232617K(355072K), 0.0014449 secs] [Times: user=0.03 sys=0.00, real=0.00 secs] 
2014-07-10T12:34:17.708+0200: 3.205: [GC (Allocation Failure) 3.205: [ParNew: 1090K->96K(1152K), 0.0014460 secs] 233611K->233609K(355072K), 0.0015054 secs] [Times: user=0.00 sys=0.00, real=0.00 secs] 
2014-07-10T12:34:17.709+0200: 3.207: [GC (Allocation Failure) 3.207: [ParNew: 1090K->96K(1152K), 0.0014265 secs] 234604K->234602K(355072K), 0.0014856 secs] [Times: user=0.00 sys=0.00, real=0.00 secs] 
2014-07-10T12:34:17.711+0200: 3.209: [GC (Allocation Failure) 3.209: [ParNew: 1090K->96K(1152K), 0.0013888 secs] 235596K->235594K(355072K), 0.0014537 secs] [Times: user=0.00 sys=0.00, real=0.00 secs] 
2014-07-10T12:34:17.713+0200: 3.210: [GC (Allocation Failure) 3.210: [ParNew: 1090K->96K(1152K), 0.0013943 secs] 236589K->236587K(355072K), 0.0014533 secs] [Times: user=0.00 sys=0.00, real=0.00 secs] 
2014-07-10T12:34:17.714+0200: 3.212: [GC (Allocation Failure) 3.212: [ParNew: 1090K->96K(1152K), 0.0014566 secs] 237581K->237579K(355072K), 0.0015314 secs] [Times: user=0.00 sys=0.00, real=0.00 secs] 
2014-07-10T12:34:17.716+0200: 3.214: [GC (Allocation Failure) 3.214: [ParNew: 1090K->96K(1152K), 0.0014254 secs] 238573K->238571K(355072K), 0.0014841 secs] [Times: user=0.00 sys=0.00, real=0.00 secs] 
2014-07-10T12:34:17.718+0200: 3.216: [GC (Allocation Failure) 3.216: [ParNew: 1090K->96K(1152K), 0.0014962 secs] 239566K->239564K(355072K), 0.0015666 secs] [Times: user=0.00 sys=0.00, real=0.00 secs] 
2014-07-10T12:34:17.720+0200: 3.217: [GC (Allocation Failure) 3.218: [ParNew: 1090K->96K(1152K), 0.0014060 secs] 240558K->240556K(355072K), 0.0015824 secs] [Times: user=0.00 sys=0.00, real=0.00 secs] 
2014-07-10T12:34:17.722+0200: 3.220: [GC (Allocation Failure) 3.220: [ParNew: 1090K->96K(1152K), 0.0015512 secs] 241551K->241549K(355072K), 0.0016674 secs] [Times: user=0.00 sys=0.00, real=0.00 secs] 
2014-07-10T12:34:17.724+0200: 3.221: [GC (Allocation Failure) 3.222: [ParNew: 1090K->96K(1152K), 0.0014042 secs] 242543K->242541K(355072K), 0.0014654 secs] [Times: user=0.00 sys=0.00, real=0.00 secs] 
2014-07-10T12:34:17.726+0200: 3.223: [GC (Allocation Failure) 3.223: [ParNew: 1090K->96K(1152K), 0.0013950 secs] 243536K->243534K(355072K), 0.0014544 secs] [Times: user=0.00 sys=0.00, real=0.00 secs] 
2014-07-10T12:34:17.727+0200: 3.225: [GC (Allocation Failure) 3.225: [ParNew: 1090K->96K(1152K), 0.0013429 secs] 244528K->244526K(355072K), 0.0014034 secs] [Times: user=0.00 sys=0.00, real=0.00 secs] 
2014-07-10T12:34:17.729+0200: 3.227: [GC (Allocation Failure) 3.227: [ParNew: 1090K->96K(1152K), 0.0013290 secs] 245521K->245519K(355072K), 0.0013858 secs] [Times: user=0.00 sys=0.00, real=0.00 secs] 
2014-07-10T12:34:17.731+0200: 3.228: [GC (Allocation Failure) 3.228: [ParNew: 1090K->96K(1152K), 0.0013781 secs] 246513K->246511K(355072K), 0.0014456 secs] [Times: user=0.00 sys=0.00, real=0.00 secs] 
2014-07-10T12:34:17.733+0200: 3.230: [GC (Allocation Failure) 3.230: [ParNew: 1090K->96K(1152K), 0.0016894 secs] 247506K->247504K(355072K), 0.0018133 secs] [Times: user=0.00 sys=0.00, real=0.00 secs] 
2014-07-10T12:34:17.735+0200: 3.233: [GC (Allocation Failure) 3.233: [ParNew: 1090K->96K(1152K), 0.0016670 secs] 248498K->248496K(355072K), 0.0017484 secs] [Times: user=0.00 sys=0.00, real=0.00 secs] 
2014-07-10T12:34:17.737+0200: 3.235: [GC (Allocation Failure) 3.235: [ParNew: 1090K->96K(1152K), 0.0019299 secs] 249491K->249489K(355072K), 0.0020168 secs] [Times: user=0.03 sys=0.00, real=0.00 secs] 
2014-07-10T12:34:17.740+0200: 3.238: [GC (Allocation Failure) 3.238: [ParNew: 1090K->96K(1152K), 0.0014746 secs] 250483K->250481K(355072K), 0.0015384 secs] [Times: user=0.00 sys=0.00, real=0.00 secs] 
2014-07-10T12:34:17.742+0200: 3.240: [GC (Allocation Failure) 3.240: [ParNew: 1090K->96K(1152K), 0.0013946 secs] 251476K->251474K(355072K), 0.0014720 secs] [Times: user=0.00 sys=0.00, real=0.00 secs] 
2014-07-10T12:34:17.744+0200: 3.241: [GC (Allocation Failure) 3.241: [ParNew: 1090K->96K(1152K), 0.0013063 secs] 252468K->252466K(355072K), 0.0013646 secs] [Times: user=0.00 sys=0.00, real=0.00 secs] 
2014-07-10T12:34:17.745+0200: 3.243: [GC (Allocation Failure) 3.243: [ParNew: 1090K->96K(1152K), 0.0012803 secs] 253461K->253459K(355072K), 0.0013375 secs] [Times: user=0.00 sys=0.00, real=0.00 secs] 
2014-07-10T12:34:17.747+0200: 3.245: [GC (Allocation Failure) 3.245: [ParNew: 1090K->96K(1152K), 0.0012810 secs] 254453K->254451K(355072K), 0.0013367 secs] [Times: user=0.00 sys=0.00, real=0.00 secs] 
2014-07-10T12:34:17.749+0200: 3.246: [GC (Allocation Failure) 3.246: [ParNew: 1090K->96K(1152K), 0.0013902 secs] 255446K->255444K(355072K), 0.0014647 secs] [Times: user=0.00 sys=0.00, real=0.00 secs] 
2014-07-10T12:34:17.751+0200: 3.248: [GC (Allocation Failure) 3.248: [ParNew: 1090K->96K(1152K), 0.0014856 secs] 256438K->256436K(355072K), 0.0015618 secs] [Times: user=0.00 sys=0.00, real=0.00 secs] 
2014-07-10T12:34:17.753+0200: 3.250: [GC (Allocation Failure) 3.250: [ParNew: 1090K->96K(1152K), 0.0014309 secs] 257431K->257429K(355072K), 0.0014925 secs] [Times: user=0.03 sys=0.00, real=0.00 secs] 
2014-07-10T12:34:17.755+0200: 3.252: [GC (Allocation Failure) 3.252: [ParNew: 1090K->96K(1152K), 0.0014434 secs] 258423K->258421K(355072K), 0.0015101 secs] [Times: user=0.00 sys=0.00, real=0.00 secs] 
2014-07-10T12:34:17.756+0200: 3.254: [GC (Allocation Failure) 3.254: [ParNew: 1090K->96K(1152K), 0.0015600 secs] 259416K->259414K(355072K), 0.0016311 secs] [Times: user=0.00 sys=0.00, real=0.00 secs] 
2014-07-10T12:34:17.758+0200: 3.256: [GC (Allocation Failure) 3.256: [ParNew: 1090K->96K(1152K), 0.0013609 secs] 260408K->260406K(355072K), 0.0014188 secs] [Times: user=0.00 sys=0.00, real=0.00 secs] 
2014-07-10T12:34:17.760+0200: 3.258: [GC (Allocation Failure) 3.258: [ParNew: 1090K->96K(1152K), 0.0013008 secs] 261401K->261399K(355072K), 0.0013605 secs] [Times: user=0.00 sys=0.00, real=0.00 secs] 
2014-07-10T12:34:17.762+0200: 3.259: [GC (Allocation Failure) 3.259: [ParNew: 1090K->96K(1152K), 0.0012832 secs] 262393K->262391K(355072K), 0.0013415 secs] [Times: user=0.00 sys=0.00, real=0.00 secs] 
2014-07-10T12:34:17.763+0200: 3.261: [GC (Allocation Failure) 3.261: [ParNew: 1090K->96K(1152K), 0.0012920 secs] 263386K->263384K(355072K), 0.0013558 secs] [Times: user=0.00 sys=0.00, real=0.00 secs] 
2014-07-10T12:34:17.765+0200: 3.263: [GC (Allocation Failure) 3.263: [ParNew: 1090K->96K(1152K), 0.0014606 secs] 264378K->264376K(355072K), 0.0015692 secs] [Times: user=0.00 sys=0.00, real=0.00 secs] 
2014-07-10T12:34:17.767+0200: 3.265: [GC (Allocation Failure) 3.265: [ParNew: 1090K->96K(1152K), 0.0013664 secs] 265371K->265369K(355072K), 0.0014302 secs] [Times: user=0.00 sys=0.00, real=0.00 secs] 
2014-07-10T12:34:17.769+0200: 3.266: [GC (Allocation Failure) 3.266: [ParNew: 1090K->96K(1152K), 0.0012938 secs] 266363K->266361K(355072K), 0.0013536 secs] [Times: user=0.00 sys=0.00, real=0.00 secs] 
2014-07-10T12:34:17.770+0200: 3.268: [GC (Allocation Failure) 3.268: [ParNew: 1090K->96K(1152K), 0.0013620 secs] 267356K->267354K(355072K), 0.0014353 secs] [Times: user=0.00 sys=0.00, real=0.00 secs] 
2014-07-10T12:34:17.772+0200: 3.270: [GC (Allocation Failure) 3.270: [ParNew: 1090K->96K(1152K), 0.0013833 secs] 268348K->268346K(355072K), 0.0014441 secs] [Times: user=0.00 sys=0.00, real=0.00 secs] 
2014-07-10T12:34:17.774+0200: 3.272: [GC (Allocation Failure) 3.272: [ParNew: 1090K->96K(1152K), 0.0013591 secs] 269340K->269338K(355072K), 0.0014221 secs] [Times: user=0.00 sys=0.00, real=0.00 secs] 
2014-07-10T12:34:17.776+0200: 3.273: [GC (Allocation Failure) 3.273: [ParNew: 1090K->96K(1152K), 0.0013092 secs] 270333K->270331K(355072K), 0.0013693 secs] [Times: user=0.00 sys=0.00, real=0.00 secs] 
2014-07-10T12:34:17.777+0200: 3.275: [GC (Allocation Failure) 3.275: [ParNew: 1090K->96K(1152K), 0.0012733 secs] 271325K->271323K(355072K), 0.0013298 secs] [Times: user=0.00 sys=0.00, real=0.00 secs] 
2014-07-10T12:34:17.779+0200: 3.277: [GC (Allocation Failure) 3.277: [ParNew: 1090K->96K(1152K), 0.0012935 secs] 272318K->272316K(355072K), 0.0013495 secs] [Times: user=0.00 sys=0.00, real=0.00 secs] 
2014-07-10T12:34:17.781+0200: 3.278: [GC (Allocation Failure) 3.278: [ParNew: 1090K->96K(1152K), 0.0013356 secs] 273310K->273308K(355072K), 0.0014082 secs] [Times: user=0.00 sys=0.00, real=0.00 secs] 
2014-07-10T12:34:17.782+0200: 3.280: [GC (Allocation Failure) 3.280: [ParNew: 1098K->106K(1152K), 0.0011706 secs] 274311K->273831K(355072K), 0.0012374 secs] [Times: user=0.00 sys=0.00, real=0.00 secs] 
2014-07-10T12:34:17.784+0200: 3.282: [GC (Allocation Failure) 3.282: [ParNew: 1100K->96K(1152K), 0.0015710 secs] 274825K->274821K(355072K), 0.0016483 secs] [Times: user=0.03 sys=0.00, real=0.00 secs] 
2014-07-10T12:34:17.786+0200: 3.284: [GC (Allocation Failure) 3.284: [ParNew: 1090K->96K(1152K), 0.0014012 secs] 275816K->275814K(355072K), 0.0014687 secs] [Times: user=0.00 sys=0.00, real=0.00 secs] 
2014-07-10T12:34:17.788+0200: 3.286: [GC (Allocation Failure) 3.286: [ParNew: 1090K->96K(1152K), 0.0013781 secs] 276808K->276806K(355072K), 0.0014412 secs] [Times: user=0.00 sys=0.00, real=0.00 secs] 
2014-07-10T12:34:17.790+0200: 3.287: [GC (Allocation Failure) 3.287: [ParNew: 1090K->96K(1152K), 0.0013858 secs] 277801K->277799K(355072K), 0.0014639 secs] [Times: user=0.00 sys=0.00, real=0.00 secs] 
2014-07-10T12:34:17.792+0200: 3.289: [GC (Allocation Failure) 3.289: [ParNew: 1090K->96K(1152K), 0.0013389 secs] 278793K->278791K(355072K), 0.0014075 secs] [Times: user=0.00 sys=0.00, real=0.00 secs] 
2014-07-10T12:34:17.793+0200: 3.291: [GC (Allocation Failure) 3.291: [ParNew: 1090K->96K(1152K), 0.0014196 secs] 279786K->279784K(355072K), 0.0014911 secs] [Times: user=0.00 sys=0.00, real=0.00 secs] 
2014-07-10T12:34:17.795+0200: 3.293: [GC (Allocation Failure) 3.293: [ParNew: 1090K->96K(1152K), 0.0014053 secs] 280778K->280776K(355072K), 0.0014731 secs] [Times: user=0.00 sys=0.00, real=0.00 secs] 
2014-07-10T12:34:17.797+0200: 3.295: [GC (Allocation Failure) 3.295: [ParNew: 1090K->96K(1152K), 0.0014148 secs] 281771K->281769K(355072K), 0.0014779 secs] [Times: user=0.00 sys=0.00, real=0.00 secs] 
2014-07-10T12:34:17.799+0200: 3.297: [GC (Allocation Failure) 3.297: [ParNew: 1090K->96K(1152K), 0.0014273 secs] 282763K->282761K(355072K), 0.0014991 secs] [Times: user=0.03 sys=0.00, real=0.00 secs] 
2014-07-10T12:34:17.801+0200: 3.299: [GC (Allocation Failure) 3.299: [ParNew: 1090K->96K(1152K), 0.0014573 secs] 283756K->283754K(355072K), 0.0015512 secs] [Times: user=0.00 sys=0.00, real=0.00 secs] 
2014-07-10T12:34:17.803+0200: 3.301: [GC (Allocation Failure) 3.301: [ParNew: 1090K->96K(1152K), 0.0014214 secs] 284748K->284746K(355072K), 0.0014925 secs] [Times: user=0.00 sys=0.00, real=0.00 secs] 
2014-07-10T12:34:17.805+0200: 3.303: [GC (Allocation Failure) 3.303: [ParNew: 1090K->96K(1152K), 0.0015428 secs] 285741K->285739K(355072K), 0.0016450 secs] [Times: user=0.00 sys=0.00, real=0.00 secs] 
2014-07-10T12:34:17.807+0200: 3.305: [GC (Allocation Failure) 3.305: [ParNew: 1090K->96K(1152K), 0.0014317 secs] 286733K->286731K(355072K), 0.0015028 secs] [Times: user=0.00 sys=0.00, real=0.00 secs] 
2014-07-10T12:34:17.809+0200: 3.307: [GC (Allocation Failure) 3.307: [ParNew: 1090K->96K(1152K), 0.0013726 secs] 287726K->287724K(355072K), 0.0014397 secs] [Times: user=0.00 sys=0.00, real=0.00 secs] 
2014-07-10T12:34:17.811+0200: 3.308: [GC (Allocation Failure) 3.308: [ParNew: 1090K->96K(1152K), 0.0014192 secs] 288718K->288716K(355072K), 0.0014870 secs] [Times: user=0.00 sys=0.00, real=0.00 secs] 
2014-07-10T12:34:17.813+0200: 3.310: [GC (Allocation Failure) 3.310: [ParNew: 1090K->96K(1152K), 0.0014859 secs] 289710K->289708K(355072K), 0.0015644 secs] [Times: user=0.00 sys=0.00, real=0.00 secs] 
2014-07-10T12:34:17.815+0200: 3.312: [GC (Allocation Failure) 3.312: [ParNew: 1090K->96K(1152K), 0.0013994 secs] 290703K->290701K(355072K), 0.0014716 secs] [Times: user=0.03 sys=0.00, real=0.00 secs] 
2014-07-10T12:34:17.816+0200: 3.314: [GC (Allocation Failure) 3.314: [ParNew: 1090K->96K(1152K), 0.0013393 secs] 291695K->291693K(355072K), 0.0014159 secs] [Times: user=0.00 sys=0.00, real=0.00 secs] 
2014-07-10T12:34:17.818+0200: 3.316: [GC (Allocation Failure) 3.316: [ParNew: 1090K->96K(1152K), 0.0013136 secs] 292688K->292686K(355072K), 0.0013730 secs] [Times: user=0.00 sys=0.00, real=0.00 secs] 
2014-07-10T12:34:17.820+0200: 3.318: [GC (Allocation Failure) 3.318: [ParNew: 1090K->96K(1152K), 0.0012854 secs] 293680K->293678K(355072K), 0.0013451 secs] [Times: user=0.00 sys=0.00, real=0.00 secs] 
2014-07-10T12:34:17.822+0200: 3.320: [GC (Allocation Failure) 3.320: [ParNew: 1090K->96K(1152K), 0.0013569 secs] 294673K->294671K(355072K), 0.0014265 secs] [Times: user=0.00 sys=0.00, real=0.00 secs] 
2014-07-10T12:34:17.824+0200: 3.321: [GC (Allocation Failure) 3.321: [ParNew: 1090K->96K(1152K), 0.0012931 secs] 295665K->295663K(355072K), 0.0013547 secs] [Times: user=0.00 sys=0.00, real=0.00 secs] 
2014-07-10T12:34:17.825+0200: 3.323: [GC (Allocation Failure) 3.323: [ParNew: 1090K->96K(1152K), 0.0012700 secs] 296658K->296656K(355072K), 0.0013309 secs] [Times: user=0.00 sys=0.00, real=0.00 secs] 
2014-07-10T12:34:17.827+0200: 3.325: [GC (Allocation Failure) 3.325: [ParNew: 1090K->96K(1152K), 0.0012770 secs] 297650K->297648K(355072K), 0.0013367 secs] [Times: user=0.00 sys=0.00, real=0.00 secs] 
2014-07-10T12:34:17.829+0200: 3.326: [GC (Allocation Failure) 3.326: [ParNew: 1090K->96K(1152K), 0.0013957 secs] 298643K->298641K(355072K), 0.0015340 secs] [Times: user=0.00 sys=0.00, real=0.00 secs] 
2014-07-10T12:34:17.831+0200: 3.328: [GC (Allocation Failure) 3.328: [ParNew: 1090K->96K(1152K), 0.0014067 secs] 299635K->299633K(355072K), 0.0014834 secs] [Times: user=0.03 sys=0.00, real=0.00 secs] 
2014-07-10T12:34:17.832+0200: 3.330: [GC (Allocation Failure) 3.330: [ParNew: 1090K->96K(1152K), 0.0013191 secs] 300628K->300626K(355072K), 0.0013877 secs] [Times: user=0.00 sys=0.00, real=0.00 secs] 
2014-07-10T12:34:17.834+0200: 3.332: [GC (Allocation Failure) 3.332: [ParNew: 1090K->96K(1152K), 0.0014845 secs] 301620K->301618K(355072K), 0.0015505 secs] [Times: user=0.00 sys=0.00, real=0.00 secs] 
2014-07-10T12:34:17.836+0200: 3.334: [GC (Allocation Failure) 3.334: [ParNew: 1090K->96K(1152K), 0.0012432 secs] 302613K->302611K(355072K), 0.0013030 secs] [Times: user=0.00 sys=0.00, real=0.00 secs] 
2014-07-10T12:34:17.838+0200: 3.335: [GC (Allocation Failure) 3.335: [ParNew: 1090K->96K(1152K), 0.0016337 secs] 303605K->303603K(355072K), 0.0017407 secs] [Times: user=0.00 sys=0.00, real=0.00 secs] 
2014-07-10T12:34:17.840+0200: 3.337: [GC (Allocation Failure) 3.338: [ParNew: 1090K->96K(1152K), 0.0013254 secs] 304598K->304596K(355072K), 0.0013873 secs] [Times: user=0.00 sys=0.00, real=0.00 secs] 
2014-07-10T12:34:17.842+0200: 3.339: [GC (Allocation Failure) 3.339: [ParNew: 1090K->96K(1152K), 0.0012711 secs] 305590K->305588K(355072K), 0.0013331 secs] [Times: user=0.00 sys=0.00, real=0.00 secs] 
2014-07-10T12:34:17.843+0200: 3.341: [GC (Allocation Failure) 3.341: [ParNew: 1090K->96K(1152K), 0.0012674 secs] 306583K->306581K(355072K), 0.0013254 secs] [Times: user=0.00 sys=0.00, real=0.00 secs] 
2014-07-10T12:34:17.845+0200: 3.342: [GC (CMS Initial Mark) [1 CMS-initial-mark: 306485K(353920K)] 306647K(355072K), 0.0001371 secs] [Times: user=0.00 sys=0.00, real=0.00 secs] 
2014-07-10T12:34:17.845+0200: 3.342: [CMS-concurrent-mark-start]
2014-07-10T12:34:17.845+0200: 3.343: [GC (Allocation Failure) 3.343: [ParNew: 1090K->96K(1152K), 0.0014533 secs] 307575K->307573K(355072K), 0.0015398 secs] [Times: user=0.00 sys=0.00, real=0.00 secs] 
2014-07-10T12:34:17.847+0200: 3.345: [GC (Allocation Failure) 3.345: [ParNew: 1090K->96K(1152K), 0.0015871 secs] 308568K->308566K(355072K), 0.0016744 secs] [Times: user=0.00 sys=0.00, real=0.00 secs] 
2014-07-10T12:34:17.851+0200: 3.349: [CMS-concurrent-mark: 0.003/0.006 secs] [Times: user=0.00 sys=0.00, real=0.01 secs] 
2014-07-10T12:34:17.851+0200: 3.349: [CMS-concurrent-preclean-start]
2014-07-10T12:34:17.852+0200: 3.350: [CMS-concurrent-preclean: 0.001/0.001 secs] [Times: user=0.00 sys=0.00, real=0.00 secs] 
2014-07-10T12:34:17.853+0200: 3.351: [GC (Allocation Failure) 3.351: [ParNew: 1090K->96K(1152K), 0.0018353 secs] 309560K->309558K(355072K), 0.0019274 secs] [Times: user=0.00 sys=0.00, real=0.00 secs] 
2014-07-10T12:34:17.856+0200: 3.354: [GC (Allocation Failure) 3.354: [ParNew: 1090K->96K(1152K), 0.0015615 secs] 310553K->310551K(355072K), 0.0016564 secs] [Times: user=0.00 sys=0.00, real=0.00 secs] 
2014-07-10T12:34:17.858+0200: 3.356: [GC (Allocation Failure) 3.356: [ParNew: 1090K->96K(1152K), 0.0013433 secs] 311545K->311543K(355072K), 0.0014100 secs] [Times: user=0.00 sys=0.00, real=0.00 secs] 
2014-07-10T12:34:17.860+0200: 3.357: [GC (Allocation Failure) 3.357: [ParNew: 1090K->96K(1152K), 0.0013484 secs] 312538K->312536K(355072K), 0.0014111 secs] [Times: user=0.00 sys=0.00, real=0.00 secs] 
2014-07-10T12:34:17.862+0200: 3.359: [GC (Allocation Failure) 3.359: [ParNew: 1090K->96K(1152K), 0.0015215 secs] 313530K->313528K(355072K), 0.0017330 secs] [Times: user=0.03 sys=0.00, real=0.00 secs] 
2014-07-10T12:34:17.863+0200: 3.361: [GC (CMS Final Remark) [YG occupancy: 162 K (1152 K)]3.361: [Rescan (parallel) , 0.0005617 secs]3.362: [weak refs processing, 0.0000271 secs]3.362: [class unloading, 0.0004539 secs]3.362: [scrub symbol table, 0.0007043 secs]3.363: [scrub string table, 0.0002013 secs][1 CMS-remark: 313432K(353920K)] 313594K(355072K), 0.0021085 secs] [Times: user=0.00 sys=0.00, real=0.00 secs] 
2014-07-10T12:34:17.866+0200: 3.364: [CMS-concurrent-sweep-start]
2014-07-10T12:34:17.866+0200: 3.364: [GC (Allocation Failure) 3.364: [ParNew: 1090K->96K(1152K), 0.0015596 secs] 314523K->314521K(355072K), 0.0016399 secs] [Times: user=0.00 sys=0.00, real=0.00 secs] 
2014-07-10T12:34:17.868+0200: 3.366: [GC (Allocation Failure) 3.366: [ParNew: 1090K->96K(1152K), 0.0014317 secs] 298723K->298721K(355072K), 0.0015043 secs] [Times: user=0.00 sys=0.00, real=0.00 secs] 
2014-07-10T12:34:17.872+0200: 3.370: [GC (Allocation Failure) 3.370: [ParNew: 1090K->96K(1152K), 0.0031372 secs] 46331K->46329K(355072K), 0.0032325 secs] [Times: user=0.00 sys=0.00, real=0.00 secs] 
2014-07-10T12:34:17.876+0200: 3.373: [CMS-concurrent-sweep: 0.004/0.010 secs] [Times: user=0.00 sys=0.00, real=0.01 secs] 
2014-07-10T12:34:17.876+0200: 3.373: [CMS-concurrent-reset-start]
2014-07-10T12:34:17.877+0200: 3.375: [CMS-concurrent-reset: 0.001/0.001 secs] [Times: user=0.00 sys=0.00, real=0.00 secs] 
2014-07-10T12:34:17.877+0200: 3.375: [GC (Allocation Failure) 3.375: [ParNew: 1090K->96K(1152K), 0.0032751 secs] 44791K->44789K(355072K), 0.0033440 secs] [Times: user=0.01 sys=0.00, real=0.00 secs] 
2014-07-10T12:34:17.881+0200: 3.379: [GC (Allocation Failure) 3.379: [ParNew: 1090K->96K(1152K), 0.0047133 secs] 45783K->45781K(355072K), 0.0047955 secs] [Times: user=0.00 sys=0.00, real=0.00 secs] 
2014-07-10T12:34:17.887+0200: 3.385: [GC (Allocation Failure) 3.385: [ParNew: 1090K->96K(1152K), 0.0017899 secs] 46776K->46774K(355072K), 0.0018830 secs] [Times: user=0.00 sys=0.00, real=0.00 secs] 
2014-07-10T12:34:17.889+0200: 3.387: [GC (Allocation Failure) 3.387: [ParNew: 1090K->96K(1152K), 0.0016740 secs] 47768K->47766K(355072K), 0.0017319 secs] [Times: user=0.00 sys=0.00, real=0.00 secs] 
2014-07-10T12:34:17.891+0200: 3.389: [GC (Allocation Failure) 3.389: [ParNew: 1090K->96K(1152K), 0.0014159 secs] 48761K->48759K(355072K), 0.0014826 secs] [Times: user=0.00 sys=0.00, real=0.00 secs] 
2014-07-10T12:34:17.893+0200: 3.391: [GC (Allocation Failure) 3.391: [ParNew: 1090K->96K(1152K), 0.0013550 secs] 49753K->49751K(355072K), 0.0014177 secs] [Times: user=0.03 sys=0.00, real=0.00 secs] 
2014-07-10T12:34:17.895+0200: 3.393: [GC (Allocation Failure) 3.393: [ParNew: 1090K->96K(1152K), 0.0013085 secs] 50746K->50744K(355072K), 0.0013631 secs] [Times: user=0.00 sys=0.00, real=0.00 secs] 
2014-07-10T12:34:17.897+0200: 3.394: [GC (Allocation Failure) 3.394: [ParNew: 1090K->96K(1152K), 0.0012212 secs] 51738K->51736K(355072K), 0.0012693 secs] [Times: user=0.00 sys=0.00, real=0.00 secs] 
2014-07-10T12:34:17.898+0200: 3.396: [GC (Allocation Failure) 3.396: [ParNew: 1090K->96K(1152K), 0.0012091 secs] 52731K->52729K(355072K), 0.0012638 secs] [Times: user=0.00 sys=0.00, real=0.00 secs] 
2014-07-10T12:34:17.900+0200: 3.398: [GC (Allocation Failure) 3.398: [ParNew: 1090K->96K(1152K), 0.0013477 secs] 53723K->53721K(355072K), 0.0014082 secs] [Times: user=0.00 sys=0.00, real=0.00 secs] 
2014-07-10T12:34:17.902+0200: 3.399: [GC (Allocation Failure) 3.399: [ParNew: 1090K->96K(1152K), 0.0014797 secs] 54716K->54714K(355072K), 0.0015409 secs] [Times: user=0.00 sys=0.00, real=0.00 secs] 
2014-07-10T12:34:17.904+0200: 3.401: [GC (Allocation Failure) 3.401: [ParNew: 1090K->96K(1152K), 0.0012275 secs] 55708K->55706K(355072K), 0.0012821 secs] [Times: user=0.00 sys=0.00, real=0.00 secs] 
2014-07-10T12:34:17.905+0200: 3.403: [GC (Allocation Failure) 3.403: [ParNew: 1090K->96K(1152K), 0.0024373 secs] 56700K->56698K(355072K), 0.0025000 secs] [Times: user=0.00 sys=0.00, real=0.00 secs] 
2014-07-10T12:34:17.908+0200: 3.406: [GC (Allocation Failure) 3.406: [ParNew: 1090K->96K(1152K), 0.0014089 secs] 57693K->57691K(355072K), 0.0014738 secs] [Times: user=0.01 sys=0.00, real=0.00 secs] 
2014-07-10T12:34:17.910+0200: 3.408: [GC (Allocation Failure) 3.408: [ParNew: 1090K->96K(1152K), 0.0013254 secs] 58685K->58683K(355072K), 0.0013844 secs] [Times: user=0.00 sys=0.00, real=0.00 secs] 
2014-07-10T12:34:17.912+0200: 3.409: [GC (Allocation Failure) 3.410: [ParNew: 1090K->96K(1152K), 0.0014053 secs] 59678K->59676K(355072K), 0.0014720 secs] [Times: user=0.00 sys=0.00, real=0.00 secs] 
2014-07-10T12:34:17.914+0200: 3.411: [GC (Allocation Failure) 3.411: [ParNew: 1090K->96K(1152K), 0.0013305 secs] 60670K->60668K(355072K), 0.0013994 secs] [Times: user=0.00 sys=0.00, real=0.00 secs] 
2014-07-10T12:34:17.915+0200: 3.413: [GC (Allocation Failure) 3.413: [ParNew: 1090K->96K(1152K), 0.0013943 secs] 61663K->61661K(355072K), 0.0014566 secs] [Times: user=0.00 sys=0.00, real=0.00 secs] 
2014-07-10T12:34:17.917+0200: 3.415: [GC (Allocation Failure) 3.415: [ParNew: 1090K->96K(1152K), 0.0014716 secs] 62655K->62653K(355072K), 0.0015318 secs] [Times: user=0.00 sys=0.00, real=0.00 secs] 
2014-07-10T12:34:17.919+0200: 3.417: [GC (Allocation Failure) 3.417: [ParNew: 1090K->96K(1152K), 0.0012968 secs] 63648K->63646K(355072K), 0.0013481 secs] [Times: user=0.00 sys=0.00, real=0.00 secs] 
2014-07-10T12:34:17.921+0200: 3.418: [GC (Allocation Failure) 3.418: [ParNew: 1090K->96K(1152K), 0.0013756 secs] 64640K->64638K(355072K), 0.0014357 secs] [Times: user=0.00 sys=0.00, real=0.00 secs] 
2014-07-10T12:34:17.923+0200: 3.420: [GC (Allocation Failure) 3.420: [ParNew: 1090K->96K(1152K), 0.0013342 secs] 65633K->65631K(355072K), 0.0013939 secs] [Times: user=0.00 sys=0.00, real=0.00 secs] 
2014-07-10T12:34:17.925+0200: 3.422: [GC (Allocation Failure) 3.422: [ParNew: 1098K->106K(1152K), 0.0012656 secs] 66633K->66089K(355072K), 0.0013195 secs] [Times: user=0.00 sys=0.00, real=0.00 secs] 
2014-07-10T12:34:17.931+0200: 3.429: [GC (Allocation Failure) 3.429: [ParNew: 1100K->96K(1152K), 0.0033220 secs] 67084K->67080K(355072K), 0.0034148 secs] [Times: user=0.00 sys=0.00, real=0.00 secs] 
2014-07-10T12:34:17.935+0200: 3.432: [GC (Allocation Failure) 3.432: [ParNew: 1090K->96K(1152K), 0.0023094 secs] 68074K->68072K(355072K), 0.0023805 secs] [Times: user=0.00 sys=0.00, real=0.00 secs] 
2014-07-10T12:34:17.938+0200: 3.436: [GC (Allocation Failure) 3.436: [ParNew: 1090K->96K(1152K), 0.0016124 secs] 69067K->69065K(355072K), 0.0017055 secs] [Times: user=0.00 sys=0.00, real=0.00 secs] 
2014-07-10T12:34:17.940+0200: 3.438: [GC (Allocation Failure) 3.438: [ParNew: 1090K->96K(1152K), 0.0012502 secs] 70059K->70057K(355072K), 0.0013107 secs] [Times: user=0.03 sys=0.00, real=0.00 secs] 
2014-07-10T12:34:17.942+0200: 3.440: [GC (Allocation Failure) 3.440: [ParNew: 1090K->96K(1152K), 0.0012869 secs] 71052K->71050K(355072K), 0.0013440 secs] [Times: user=0.00 sys=0.00, real=0.00 secs] 
2014-07-10T12:34:17.944+0200: 3.441: [GC (Allocation Failure) 3.441: [ParNew: 1090K->96K(1152K), 0.0011985 secs] 72044K->72042K(355072K), 0.0012502 secs] [Times: user=0.00 sys=0.00, real=0.00 secs] 
2014-07-10T12:34:17.945+0200: 3.443: [GC (Allocation Failure) 3.443: [ParNew: 1090K->96K(1152K), 0.0011336 secs] 73036K->73034K(355072K), 0.0011846 secs] [Times: user=0.00 sys=0.00, real=0.00 secs] 
2014-07-10T12:34:17.947+0200: 3.444: [GC (Allocation Failure) 3.444: [ParNew: 1090K->96K(1152K), 0.0012550 secs] 74029K->74027K(355072K), 0.0013092 secs] [Times: user=0.00 sys=0.00, real=0.00 secs] 
2014-07-10T12:34:17.948+0200: 3.446: [GC (Allocation Failure) 3.446: [ParNew: 1090K->96K(1152K), 0.0012029 secs] 75021K->75019K(355072K), 0.0012553 secs] [Times: user=0.00 sys=0.00, real=0.00 secs] 
2014-07-10T12:34:17.950+0200: 3.447: [GC (Allocation Failure) 3.447: [ParNew: 1090K->96K(1152K), 0.0012557 secs] 76014K->76012K(355072K), 0.0013455 secs] [Times: user=0.00 sys=0.00, real=0.00 secs] 
2014-07-10T12:34:17.951+0200: 3.449: [GC (Allocation Failure) 3.449: [ParNew: 1090K->96K(1152K), 0.0014456 secs] 77006K->77004K(355072K), 0.0015028 secs] [Times: user=0.00 sys=0.00, real=0.00 secs] 
2014-07-10T12:34:17.953+0200: 3.451: [GC (Allocation Failure) 3.451: [ParNew: 1090K->96K(1152K), 0.0011732 secs] 77999K->77997K(355072K), 0.0012249 secs] [Times: user=0.00 sys=0.00, real=0.00 secs] 
2014-07-10T12:34:17.955+0200: 3.452: [GC (Allocation Failure) 3.452: [ParNew: 1090K->96K(1152K), 0.0013268 secs] 78991K->78989K(355072K), 0.0013792 secs] [Times: user=0.03 sys=0.00, real=0.00 secs] 
2014-07-10T12:34:17.956+0200: 3.454: [GC (Allocation Failure) 3.454: [ParNew: 1090K->96K(1152K), 0.0015772 secs] 79984K->79982K(355072K), 0.0016549 secs] [Times: user=0.00 sys=0.00, real=0.00 secs] 
2014-07-10T12:34:17.958+0200: 3.456: [GC (Allocation Failure) 3.456: [ParNew: 1090K->96K(1152K), 0.0014122 secs] 80976K->80974K(355072K), 0.0014720 secs] [Times: user=0.00 sys=0.00, real=0.00 secs] 
2014-07-10T12:34:17.960+0200: 3.458: [GC (Allocation Failure) 3.458: [ParNew: 1090K->96K(1152K), 0.0011479 secs] 81969K->81967K(355072K), 0.0011992 secs] [Times: user=0.00 sys=0.00, real=0.00 secs] 
2014-07-10T12:34:17.961+0200: 3.459: [GC (Allocation Failure) 3.459: [ParNew: 1090K->96K(1152K), 0.0011637 secs] 82961K->82959K(355072K), 0.0012157 secs] [Times: user=0.00 sys=0.00, real=0.00 secs] 
2014-07-10T12:34:17.963+0200: 3.461: [GC (Allocation Failure) 3.461: [ParNew: 1090K->96K(1152K), 0.0012095 secs] 83954K->83952K(355072K), 0.0012608 secs] [Times: user=0.00 sys=0.00, real=0.00 secs] 
2014-07-10T12:34:17.964+0200: 3.462: [GC (Allocation Failure) 3.462: [ParNew: 1090K->96K(1152K), 0.0014423 secs] 84946K->84944K(355072K), 0.0015120 secs] [Times: user=0.00 sys=0.00, real=0.00 secs] 
2014-07-10T12:34:17.966+0200: 3.464: [GC (Allocation Failure) 3.464: [ParNew: 1090K->96K(1152K), 0.0013224 secs] 85939K->85937K(355072K), 0.0013803 secs] [Times: user=0.00 sys=0.00, real=0.00 secs] 
2014-07-10T12:34:17.968+0200: 3.466: [GC (Allocation Failure) 3.466: [ParNew: 1090K->96K(1152K), 0.0013451 secs] 86931K->86929K(355072K), 0.0013994 secs] [Times: user=0.00 sys=0.00, real=0.00 secs] 
2014-07-10T12:34:17.970+0200: 3.467: [GC (Allocation Failure) 3.467: [ParNew: 1090K->96K(1152K), 0.0011923 secs] 87924K->87922K(355072K), 0.0012436 secs] [Times: user=0.00 sys=0.00, real=0.00 secs] 
2014-07-10T12:34:17.971+0200: 3.469: [GC (Allocation Failure) 3.469: [ParNew: 1090K->96K(1152K), 0.0012374 secs] 88916K->88914K(355072K), 0.0012898 secs] [Times: user=0.02 sys=0.00, real=0.00 secs] 
2014-07-10T12:34:17.973+0200: 3.470: [GC (Allocation Failure) 3.470: [ParNew: 1090K->96K(1152K), 0.0014240 secs] 89909K->89907K(355072K), 0.0014914 secs] [Times: user=0.00 sys=0.00, real=0.00 secs] 
2014-07-10T12:34:17.975+0200: 3.472: [GC (Allocation Failure) 3.472: [ParNew: 1090K->96K(1152K), 0.0014067 secs] 90901K->90899K(355072K), 0.0014676 secs] [Times: user=0.00 sys=0.00, real=0.00 secs] 
2014-07-10T12:34:17.976+0200: 3.474: [GC (Allocation Failure) 3.474: [ParNew: 1090K->96K(1152K), 0.0012388 secs] 91894K->91892K(355072K), 0.0013041 secs] [Times: user=0.00 sys=0.00, real=0.00 secs] 
2014-07-10T12:34:17.978+0200: 3.476: [GC (Allocation Failure) 3.476: [ParNew: 1090K->96K(1152K), 0.0012322 secs] 92886K->92884K(355072K), 0.0012843 secs] [Times: user=0.00 sys=0.00, real=0.00 secs] 
2014-07-10T12:34:17.979+0200: 3.477: [GC (Allocation Failure) 3.477: [ParNew: 1090K->96K(1152K), 0.0011578 secs] 93879K->93877K(355072K), 0.0012102 secs] [Times: user=0.00 sys=0.00, real=0.00 secs] 
2014-07-10T12:34:17.981+0200: 3.479: [GC (Allocation Failure) 3.479: [ParNew: 1090K->96K(1152K), 0.0014621 secs] 94871K->94869K(355072K), 0.0015219 secs] [Times: user=0.00 sys=0.00, real=0.00 secs] 
2014-07-10T12:34:17.983+0200: 3.481: [GC (Allocation Failure) 3.481: [ParNew: 1090K->96K(1152K), 0.0013847 secs] 95864K->95862K(355072K), 0.0014485 secs] [Times: user=0.00 sys=0.00, real=0.00 secs] 
2014-07-10T12:34:17.985+0200: 3.482: [GC (Allocation Failure) 3.482: [ParNew: 1090K->96K(1152K), 0.0013191 secs] 96856K->96854K(355072K), 0.0013719 secs] [Times: user=0.00 sys=0.00, real=0.00 secs] 
2014-07-10T12:34:17.986+0200: 3.484: [GC (Allocation Failure) 3.484: [ParNew: 1090K->96K(1152K), 0.0012084 secs] 97849K->97847K(355072K), 0.0012568 secs] [Times: user=0.00 sys=0.00, real=0.00 secs] 
2014-07-10T12:34:17.988+0200: 3.486: [GC (Allocation Failure) 3.486: [ParNew: 1090K->96K(1152K), 0.0013459 secs] 98841K->98839K(355072K), 0.0014067 secs] [Times: user=0.00 sys=0.00, real=0.00 secs] 
2014-07-10T12:34:17.990+0200: 3.487: [GC (Allocation Failure) 3.487: [ParNew: 1090K->96K(1152K), 0.0016121 secs] 99834K->99832K(355072K), 0.0016733 secs] [Times: user=0.00 sys=0.00, real=0.00 secs] 
2014-07-10T12:34:17.991+0200: 3.489: [GC (Allocation Failure) 3.489: [ParNew: 1090K->96K(1152K), 0.0012458 secs] 100826K->100824K(355072K), 0.0013085 secs] [Times: user=0.00 sys=0.00, real=0.00 secs] 
2014-07-10T12:34:17.993+0200: 3.491: [GC (Allocation Failure) 3.491: [ParNew: 1090K->96K(1152K), 0.0011846 secs] 101819K->101817K(355072K), 0.0012366 secs] [Times: user=0.00 sys=0.00, real=0.00 secs] 
2014-07-10T12:34:17.995+0200: 3.492: [GC (Allocation Failure) 3.492: [ParNew: 1090K->96K(1152K), 0.0012458 secs] 102811K->102809K(355072K), 0.0012964 secs] [Times: user=0.00 sys=0.00, real=0.00 secs] 
2014-07-10T12:34:17.996+0200: 3.494: [GC (Allocation Failure) 3.494: [ParNew: 1090K->96K(1152K), 0.0012212 secs] 103804K->103802K(355072K), 0.0012726 secs] [Times: user=0.00 sys=0.00, real=0.00 secs] 
2014-07-10T12:34:17.998+0200: 3.495: [GC (Allocation Failure) 3.495: [ParNew: 1090K->96K(1152K), 0.0015820 secs] 104796K->104794K(355072K), 0.0016472 secs] [Times: user=0.00 sys=0.00, real=0.00 secs] 
2014-07-10T12:34:18.000+0200: 3.497: [GC (Allocation Failure) 3.497: [ParNew: 1090K->96K(1152K), 0.0012517 secs] 105788K->105786K(355072K), 0.0013173 secs] [Times: user=0.00 sys=0.00, real=0.00 secs] 
2014-07-10T12:34:18.001+0200: 3.499: [GC (Allocation Failure) 3.499: [ParNew: 1090K->96K(1152K), 0.0014141 secs] 106781K->106779K(355072K), 0.0014757 secs] [Times: user=0.03 sys=0.00, real=0.00 secs] 
2014-07-10T12:34:18.003+0200: 3.501: [GC (Allocation Failure) 3.501: [ParNew: 1090K->96K(1152K), 0.0011578 secs] 107773K->107771K(355072K), 0.0012088 secs] [Times: user=0.00 sys=0.00, real=0.00 secs] 
2014-07-10T12:34:18.004+0200: 3.502: [GC (Allocation Failure) 3.502: [ParNew: 1090K->96K(1152K), 0.0018298 secs] 108766K->108764K(355072K), 0.0018944 secs] [Times: user=0.00 sys=0.00, real=0.00 secs] 
2014-07-10T12:34:18.007+0200: 3.504: [GC (Allocation Failure) 3.504: [ParNew: 1090K->96K(1152K), 0.0013525 secs] 109758K->109756K(355072K), 0.0014111 secs] [Times: user=0.00 sys=0.00, real=0.00 secs] 
2014-07-10T12:34:18.008+0200: 3.506: [GC (Allocation Failure) 3.506: [ParNew: 1090K->96K(1152K), 0.0012095 secs] 110751K->110749K(355072K), 0.0012630 secs] [Times: user=0.00 sys=0.00, real=0.00 secs] 
2014-07-10T12:34:18.010+0200: 3.508: [GC (Allocation Failure) 3.508: [ParNew: 1090K->96K(1152K), 0.0011967 secs] 111743K->111741K(355072K), 0.0012528 secs] [Times: user=0.00 sys=0.00, real=0.00 secs] 
2014-07-10T12:34:18.011+0200: 3.509: [GC (Allocation Failure) 3.509: [ParNew: 1090K->96K(1152K), 0.0011666 secs] 112736K->112734K(355072K), 0.0012198 secs] [Times: user=0.00 sys=0.00, real=0.00 secs] 
2014-07-10T12:34:18.013+0200: 3.511: [GC (Allocation Failure) 3.511: [ParNew: 1090K->96K(1152K), 0.0011710 secs] 113728K->113726K(355072K), 0.0012234 secs] [Times: user=0.00 sys=0.00, real=0.00 secs] 
2014-07-10T12:34:18.014+0200: 3.512: [GC (Allocation Failure) 3.512: [ParNew: 1090K->96K(1152K), 0.0012260 secs] 114721K->114719K(355072K), 0.0012773 secs] [Times: user=0.00 sys=0.00, real=0.00 secs] 
2014-07-10T12:34:18.016+0200: 3.514: [GC (Allocation Failure) 3.514: [ParNew: 1090K->96K(1152K), 0.0012095 secs] 115713K->115711K(355072K), 0.0012641 secs] [Times: user=0.00 sys=0.00, real=0.00 secs] 
2014-07-10T12:34:18.017+0200: 3.515: [GC (Allocation Failure) 3.515: [ParNew: 1090K->96K(1152K), 0.0014771 secs] 116706K->116704K(355072K), 0.0015468 secs] [Times: user=0.01 sys=0.00, real=0.00 secs] 
2014-07-10T12:34:18.019+0200: 3.517: [GC (Allocation Failure) 3.517: [ParNew: 1090K->96K(1152K), 0.0012924 secs] 117698K->117696K(355072K), 0.0013488 secs] [Times: user=0.00 sys=0.00, real=0.00 secs] 
2014-07-10T12:34:18.021+0200: 3.518: [GC (Allocation Failure) 3.519: [ParNew: 1090K->96K(1152K), 0.0015028 secs] 118691K->118689K(355072K), 0.0015992 secs] [Times: user=0.00 sys=0.00, real=0.00 secs] 
2014-07-10T12:34:18.023+0200: 3.520: [GC (Allocation Failure) 3.520: [ParNew: 1090K->96K(1152K), 0.0012946 secs] 119683K->119681K(355072K), 0.0013510 secs] [Times: user=0.00 sys=0.00, real=0.00 secs] 
2014-07-10T12:34:18.024+0200: 3.522: [GC (Allocation Failure) 3.522: [ParNew: 1090K->96K(1152K), 0.0011967 secs] 120676K->120674K(355072K), 0.0012546 secs] [Times: user=0.00 sys=0.00, real=0.00 secs] 
2014-07-10T12:34:18.026+0200: 3.524: [GC (Allocation Failure) 3.524: [ParNew: 1090K->96K(1152K), 0.0012407 secs] 121668K->121666K(355072K), 0.0012935 secs] [Times: user=0.00 sys=0.00, real=0.00 secs] 
2014-07-10T12:34:18.027+0200: 3.525: [GC (Allocation Failure) 3.525: [ParNew: 1090K->96K(1152K), 0.0011644 secs] 122661K->122659K(355072K), 0.0012205 secs] [Times: user=0.00 sys=0.00, real=0.00 secs] 
2014-07-10T12:34:18.029+0200: 3.527: [GC (Allocation Failure) 3.527: [ParNew: 1090K->96K(1152K), 0.0012157 secs] 123653K->123651K(355072K), 0.0012667 secs] [Times: user=0.00 sys=0.00, real=0.00 secs] 
2014-07-10T12:34:18.030+0200: 3.528: [GC (Allocation Failure) 3.528: [ParNew: 1090K->96K(1152K), 0.0012623 secs] 124646K->124644K(355072K), 0.0013268 secs] [Times: user=0.00 sys=0.00, real=0.00 secs] 
2014-07-10T12:34:18.032+0200: 3.530: [GC (Allocation Failure) 3.530: [ParNew: 1090K->96K(1152K), 0.0014119 secs] 125638K->125636K(355072K), 0.0015065 secs] [Times: user=0.00 sys=0.00, real=0.00 secs] 
2014-07-10T12:34:18.034+0200: 3.532: [GC (Allocation Failure) 3.532: [ParNew: 1090K->96K(1152K), 0.0014097 secs] 126631K->126629K(355072K), 0.0014779 secs] [Times: user=0.00 sys=0.00, real=0.00 secs] 
2014-07-10T12:34:18.036+0200: 3.533: [GC (Allocation Failure) 3.534: [ParNew: 1090K->96K(1152K), 0.0013151 secs] 127623K->127621K(355072K), 0.0013745 secs] [Times: user=0.00 sys=0.00, real=0.00 secs] 
2014-07-10T12:34:18.037+0200: 3.535: [GC (Allocation Failure) 3.535: [ParNew: 1090K->96K(1152K), 0.0016018 secs] 128616K->128614K(355072K), 0.0016689 secs] [Times: user=0.00 sys=0.00, real=0.00 secs] 
2014-07-10T12:34:18.039+0200: 3.537: [GC (Allocation Failure) 3.537: [ParNew: 1090K->96K(1152K), 0.0013122 secs] 129608K->129606K(355072K), 0.0013671 secs] [Times: user=0.00 sys=0.00, real=0.00 secs] 
2014-07-10T12:34:18.041+0200: 3.539: [GC (Allocation Failure) 3.539: [ParNew: 1090K->96K(1152K), 0.0011391 secs] 130601K->130599K(355072K), 0.0011901 secs] [Times: user=0.00 sys=0.00, real=0.00 secs] 
2014-07-10T12:34:18.043+0200: 3.540: [GC (Allocation Failure) 3.540: [ParNew: 1098K->106K(1152K), 0.0009910 secs] 131601K->130993K(355072K), 0.0010365 secs] [Times: user=0.00 sys=0.00, real=0.00 secs] 
2014-07-10T12:34:18.044+0200: 3.542: [GC (Allocation Failure) 3.542: [ParNew: 1100K->96K(1152K), 0.0011846 secs] 131987K->131983K(355072K), 0.0012363 secs] [Times: user=0.00 sys=0.00, real=0.00 secs] 
2014-07-10T12:34:18.045+0200: 3.543: [GC (Allocation Failure) 3.543: [ParNew: 1090K->96K(1152K), 0.0014522 secs] 132978K->132976K(355072K), 0.0015541 secs] [Times: user=0.00 sys=0.00, real=0.00 secs] 
2014-07-10T12:34:18.047+0200: 3.545: [GC (Allocation Failure) 3.545: [ParNew: 1090K->96K(1152K), 0.0013422 secs] 133970K->133968K(355072K), 0.0014001 secs] [Times: user=0.00 sys=0.00, real=0.00 secs] 
2014-07-10T12:34:18.049+0200: 3.547: [GC (Allocation Failure) 3.547: [ParNew: 1090K->96K(1152K), 0.0012623 secs] 134963K->134961K(355072K), 0.0013166 secs] [Times: user=0.03 sys=0.00, real=0.00 secs] 
2014-07-10T12:34:18.050+0200: 3.548: [GC (Allocation Failure) 3.548: [ParNew: 1090K->96K(1152K), 0.0014225 secs] 135955K->135953K(355072K), 0.0014826 secs] [Times: user=0.00 sys=0.00, real=0.00 secs] 
2014-07-10T12:34:18.052+0200: 3.550: [GC (Allocation Failure) 3.550: [ParNew: 1090K->96K(1152K), 0.0013404 secs] 136948K->136946K(355072K), 0.0013976 secs] [Times: user=0.00 sys=0.00, real=0.00 secs] 
2014-07-10T12:34:18.054+0200: 3.552: [GC (Allocation Failure) 3.552: [ParNew: 1090K->96K(1152K), 0.0015585 secs] 137940K->137938K(355072K), 0.0016366 secs] [Times: user=0.00 sys=0.00, real=0.00 secs] 
2014-07-10T12:34:18.056+0200: 3.553: [GC (Allocation Failure) 3.553: [ParNew: 1090K->96K(1152K), 0.0012887 secs] 138933K->138931K(355072K), 0.0013415 secs] [Times: user=0.00 sys=0.00, real=0.00 secs] 
2014-07-10T12:34:18.057+0200: 3.555: [GC (Allocation Failure) 3.555: [ParNew: 1090K->96K(1152K), 0.0013001 secs] 139925K->139923K(355072K), 0.0013543 secs] [Times: user=0.00 sys=0.00, real=0.00 secs] 
2014-07-10T12:34:18.059+0200: 3.557: [GC (Allocation Failure) 3.557: [ParNew: 1090K->96K(1152K), 0.0013305 secs] 140918K->140916K(355072K), 0.0013847 secs] [Times: user=0.00 sys=0.00, real=0.00 secs] 
2014-07-10T12:34:18.061+0200: 3.558: [GC (Allocation Failure) 3.558: [ParNew: 1090K->96K(1152K), 0.0015655 secs] 141910K->141908K(355072K), 0.0016546 secs] [Times: user=0.00 sys=0.00, real=0.00 secs] 
2014-07-10T12:34:18.063+0200: 3.560: [GC (Allocation Failure) 3.560: [ParNew: 1090K->96K(1152K), 0.0013693 secs] 142903K->142901K(355072K), 0.0014254 secs] [Times: user=0.00 sys=0.00, real=0.00 secs] 
2014-07-10T12:34:18.064+0200: 3.562: [GC (Allocation Failure) 3.562: [ParNew: 1090K->96K(1152K), 0.0014152 secs] 143895K->143893K(355072K), 0.0014768 secs] [Times: user=0.03 sys=0.00, real=0.00 secs] 
2014-07-10T12:34:18.066+0200: 3.564: [GC (Allocation Failure) 3.564: [ParNew: 1090K->96K(1152K), 0.0013924 secs] 144888K->144886K(355072K), 0.0014570 secs] [Times: user=0.00 sys=0.00, real=0.00 secs] 
2014-07-10T12:34:18.068+0200: 3.566: [GC (Allocation Failure) 3.566: [ParNew: 1090K->96K(1152K), 0.0013990 secs] 145880K->145878K(355072K), 0.0014603 secs] [Times: user=0.00 sys=0.00, real=0.00 secs] 
2014-07-10T12:34:18.070+0200: 3.567: [GC (Allocation Failure) 3.567: [ParNew: 1090K->96K(1152K), 0.0016315 secs] 146873K->146871K(355072K), 0.0016949 secs] [Times: user=0.00 sys=0.00, real=0.00 secs] 
2014-07-10T12:34:18.072+0200: 3.569: [GC (Allocation Failure) 3.569: [ParNew: 1090K->96K(1152K), 0.0013397 secs] 147865K->147863K(355072K), 0.0014368 secs] [Times: user=0.00 sys=0.00, real=0.00 secs] 
2014-07-10T12:34:18.073+0200: 3.571: [GC (Allocation Failure) 3.571: [ParNew: 1090K->96K(1152K), 0.0012777 secs] 148858K->148856K(355072K), 0.0013323 secs] [Times: user=0.00 sys=0.00, real=0.00 secs] 
2014-07-10T12:34:18.075+0200: 3.572: [GC (Allocation Failure) 3.573: [ParNew: 1090K->96K(1152K), 0.0013136 secs] 149850K->149848K(355072K), 0.0013668 secs] [Times: user=0.00 sys=0.00, real=0.00 secs] 
2014-07-10T12:34:18.076+0200: 3.574: [GC (Allocation Failure) 3.574: [ParNew: 1090K->96K(1152K), 0.0013495 secs] 150843K->150841K(355072K), 0.0014412 secs] [Times: user=0.00 sys=0.00, real=0.00 secs] 
2014-07-10T12:34:18.078+0200: 3.576: [GC (Allocation Failure) 3.576: [ParNew: 1090K->96K(1152K), 0.0013734 secs] 151835K->151833K(355072K), 0.0014331 secs] [Times: user=0.00 sys=0.00, real=0.00 secs] 
2014-07-10T12:34:18.080+0200: 3.578: [GC (Allocation Failure) 3.578: [ParNew: 1090K->96K(1152K), 0.0014438 secs] 152827K->152825K(355072K), 0.0015043 secs] [Times: user=0.03 sys=0.00, real=0.00 secs] 
2014-07-10T12:34:18.082+0200: 3.579: [GC (Allocation Failure) 3.579: [ParNew: 1090K->96K(1152K), 0.0014335 secs] 153820K->153818K(355072K), 0.0014995 secs] [Times: user=0.00 sys=0.00, real=0.00 secs] 
2014-07-10T12:34:18.084+0200: 3.581: [GC (Allocation Failure) 3.581: [ParNew: 1090K->96K(1152K), 0.0015596 secs] 154812K->154810K(355072K), 0.0016293 secs] [Times: user=0.00 sys=0.00, real=0.00 secs] 
2014-07-10T12:34:18.086+0200: 3.583: [GC (Allocation Failure) 3.583: [ParNew: 1090K->96K(1152K), 0.0014049 secs] 155805K->155803K(355072K), 0.0014647 secs] [Times: user=0.00 sys=0.00, real=0.00 secs] 
2014-07-10T12:34:18.087+0200: 3.585: [GC (Allocation Failure) 3.585: [ParNew: 1090K->96K(1152K), 0.0013144 secs] 156797K->156795K(355072K), 0.0013708 secs] [Times: user=0.00 sys=0.00, real=0.00 secs] 
2014-07-10T12:34:18.089+0200: 3.587: [GC (Allocation Failure) 3.587: [ParNew: 1090K->96K(1152K), 0.0013473 secs] 157790K->157788K(355072K), 0.0014045 secs] [Times: user=0.00 sys=0.00, real=0.00 secs] 
2014-07-10T12:34:18.091+0200: 3.588: [GC (Allocation Failure) 3.588: [ParNew: 1090K->96K(1152K), 0.0013125 secs] 158782K->158780K(355072K), 0.0013690 secs] [Times: user=0.00 sys=0.00, real=0.00 secs] 
2014-07-10T12:34:18.092+0200: 3.590: [GC (Allocation Failure) 3.590: [ParNew: 1090K->96K(1152K), 0.0015274 secs] 159775K->159773K(355072K), 0.0016011 secs] [Times: user=0.00 sys=0.00, real=0.00 secs] 
2014-07-10T12:34:18.094+0200: 3.592: [GC (Allocation Failure) 3.592: [ParNew: 1090K->96K(1152K), 0.0014137 secs] 160767K->160765K(355072K), 0.0014797 secs] [Times: user=0.00 sys=0.00, real=0.00 secs] 
2014-07-10T12:34:18.096+0200: 3.594: [GC (Allocation Failure) 3.594: [ParNew: 1090K->96K(1152K), 0.0012748 secs] 161760K->161758K(355072K), 0.0013349 secs] [Times: user=0.03 sys=0.00, real=0.00 secs] 
2014-07-10T12:34:18.098+0200: 3.595: [GC (Allocation Failure) 3.595: [ParNew: 1090K->96K(1152K), 0.0013950 secs] 162752K->162750K(355072K), 0.0014577 secs] [Times: user=0.00 sys=0.00, real=0.00 secs] 
2014-07-10T12:34:18.099+0200: 3.597: [GC (Allocation Failure) 3.597: [ParNew: 1090K->96K(1152K), 0.0013448 secs] 163745K->163743K(355072K), 0.0014016 secs] [Times: user=0.00 sys=0.00, real=0.00 secs] 
2014-07-10T12:34:18.101+0200: 3.599: [GC (Allocation Failure) 3.599: [ParNew: 1090K->96K(1152K), 0.0015985 secs] 164737K->164735K(355072K), 0.0016689 secs] [Times: user=0.00 sys=0.00, real=0.00 secs] 
2014-07-10T12:34:18.103+0200: 3.601: [GC (Allocation Failure) 3.601: [ParNew: 1090K->96K(1152K), 0.0013580 secs] 165730K->165728K(355072K), 0.0014148 secs] [Times: user=0.00 sys=0.00, real=0.00 secs] 
2014-07-10T12:34:18.105+0200: 3.602: [GC (Allocation Failure) 3.602: [ParNew: 1090K->96K(1152K), 0.0013774 secs] 166722K->166720K(355072K), 0.0014346 secs] [Times: user=0.00 sys=0.00, real=0.00 secs] 
2014-07-10T12:34:18.106+0200: 3.604: [GC (Allocation Failure) 3.604: [ParNew: 1090K->96K(1152K), 0.0012990 secs] 167715K->167713K(355072K), 0.0013521 secs] [Times: user=0.00 sys=0.00, real=0.00 secs] 
2014-07-10T12:34:18.108+0200: 3.605: [GC (Allocation Failure) 3.605: [ParNew: 1090K->96K(1152K), 0.0013162 secs] 168707K->168705K(355072K), 0.0013726 secs] [Times: user=0.00 sys=0.00, real=0.00 secs] 
2014-07-10T12:34:18.109+0200: 3.607: [GC (Allocation Failure) 3.607: [ParNew: 1090K->96K(1152K), 0.0015582 secs] 169700K->169698K(355072K), 0.0016253 secs] [Times: user=0.00 sys=0.00, real=0.00 secs] 
2014-07-10T12:34:18.111+0200: 3.609: [GC (Allocation Failure) 3.609: [ParNew: 1090K->96K(1152K), 0.0015464 secs] 170692K->170690K(355072K), 0.0016157 secs] [Times: user=0.03 sys=0.00, real=0.00 secs] 
2014-07-10T12:34:18.113+0200: 3.611: [GC (Allocation Failure) 3.611: [ParNew: 1090K->96K(1152K), 0.0013565 secs] 171685K->171683K(355072K), 0.0014111 secs] [Times: user=0.00 sys=0.00, real=0.00 secs] 
2014-07-10T12:34:18.115+0200: 3.613: [GC (Allocation Failure) 3.613: [ParNew: 1090K->96K(1152K), 0.0012561 secs] 172677K->172675K(355072K), 0.0013180 secs] [Times: user=0.00 sys=0.00, real=0.00 secs] 
2014-07-10T12:34:18.117+0200: 3.614: [GC (Allocation Failure) 3.614: [ParNew: 1090K->96K(1152K), 0.0013994 secs] 173670K->173668K(355072K), 0.0014584 secs] [Times: user=0.00 sys=0.00, real=0.00 secs] 
2014-07-10T12:34:18.118+0200: 3.616: [GC (Allocation Failure) 3.616: [ParNew: 1090K->96K(1152K), 0.0014445 secs] 174662K->174660K(355072K), 0.0015002 secs] [Times: user=0.00 sys=0.00, real=0.00 secs] 
2014-07-10T12:34:18.120+0200: 3.618: [GC (Allocation Failure) 3.618: [ParNew: 1090K->96K(1152K), 0.0013279 secs] 175655K->175653K(355072K), 0.0013829 secs] [Times: user=0.00 sys=0.00, real=0.00 secs] 
2014-07-10T12:34:18.122+0200: 3.619: [GC (Allocation Failure) 3.619: [ParNew: 1090K->96K(1152K), 0.0013532 secs] 176647K->176645K(355072K), 0.0014111 secs] [Times: user=0.00 sys=0.00, real=0.00 secs] 
2014-07-10T12:34:18.123+0200: 3.621: [GC (Allocation Failure) 3.621: [ParNew: 1090K->96K(1152K), 0.0013309 secs] 177640K->177638K(355072K), 0.0013855 secs] [Times: user=0.00 sys=0.00, real=0.00 secs] 
2014-07-10T12:34:18.125+0200: 3.623: [GC (Allocation Failure) 3.623: [ParNew: 1090K->96K(1152K), 0.0014342 secs] 178632K->178630K(355072K), 0.0015178 secs] [Times: user=0.00 sys=0.00, real=0.00 secs] 
2014-07-10T12:34:18.127+0200: 3.625: [GC (Allocation Failure) 3.625: [ParNew: 1090K->96K(1152K), 0.0013855 secs] 179625K->179623K(355072K), 0.0014438 secs] [Times: user=0.03 sys=0.00, real=0.00 secs] 
2014-07-10T12:34:18.129+0200: 3.626: [GC (Allocation Failure) 3.626: [ParNew: 1090K->96K(1152K), 0.0013169 secs] 180617K->180615K(355072K), 0.0013855 secs] [Times: user=0.00 sys=0.00, real=0.00 secs] 
2014-07-10T12:34:18.130+0200: 3.628: [GC (Allocation Failure) 3.628: [ParNew: 1090K->96K(1152K), 0.0014504 secs] 181610K->181608K(355072K), 0.0015189 secs] [Times: user=0.00 sys=0.00, real=0.00 secs] 
2014-07-10T12:34:18.132+0200: 3.630: [GC (Allocation Failure) 3.630: [ParNew: 1090K->96K(1152K), 0.0015160 secs] 182602K->182600K(355072K), 0.0015809 secs] [Times: user=0.00 sys=0.00, real=0.00 secs] 
2014-07-10T12:34:18.134+0200: 3.632: [GC (Allocation Failure) 3.632: [ParNew: 1090K->96K(1152K), 0.0014826 secs] 183594K->183592K(355072K), 0.0015453 secs] [Times: user=0.00 sys=0.00, real=0.00 secs] 
2014-07-10T12:34:18.136+0200: 3.634: [GC (Allocation Failure) 3.634: [ParNew: 1090K->96K(1152K), 0.0012755 secs] 184587K->184585K(355072K), 0.0013327 secs] [Times: user=0.00 sys=0.00, real=0.00 secs] 
2014-07-10T12:34:18.138+0200: 3.635: [GC (Allocation Failure) 3.635: [ParNew: 1090K->96K(1152K), 0.0014573 secs] 185579K->185577K(355072K), 0.0015164 secs] [Times: user=0.00 sys=0.00, real=0.00 secs] 
2014-07-10T12:34:18.139+0200: 3.637: [GC (Allocation Failure) 3.637: [ParNew: 1090K->96K(1152K), 0.0013191 secs] 186572K->186570K(355072K), 0.0013774 secs] [Times: user=0.00 sys=0.00, real=0.00 secs] 
2014-07-10T12:34:18.141+0200: 3.639: [GC (Allocation Failure) 3.639: [ParNew: 1090K->96K(1152K), 0.0015974 secs] 187564K->187562K(355072K), 0.0016619 secs] [Times: user=0.00 sys=0.00, real=0.00 secs] 
2014-07-10T12:34:18.143+0200: 3.641: [GC (Allocation Failure) 3.641: [ParNew: 1090K->96K(1152K), 0.0014383 secs] 188557K->188555K(355072K), 0.0015050 secs] [Times: user=0.03 sys=0.00, real=0.00 secs] 
2014-07-10T12:34:18.145+0200: 3.642: [GC (Allocation Failure) 3.643: [ParNew: 1090K->96K(1152K), 0.0013825 secs] 189549K->189547K(355072K), 0.0014412 secs] [Times: user=0.00 sys=0.00, real=0.00 secs] 
2014-07-10T12:34:18.147+0200: 3.644: [GC (Allocation Failure) 3.644: [ParNew: 1090K->96K(1152K), 0.0013140 secs] 190542K->190540K(355072K), 0.0013763 secs] [Times: user=0.00 sys=0.00, real=0.00 secs] 
2014-07-10T12:34:18.148+0200: 3.646: [GC (Allocation Failure) 3.646: [ParNew: 1090K->96K(1152K), 0.0015127 secs] 191534K->191532K(355072K), 0.0015754 secs] [Times: user=0.00 sys=0.00, real=0.00 secs] 
2014-07-10T12:34:18.151+0200: 3.648: [GC (Allocation Failure) 3.648: [ParNew: 1090K->96K(1152K), 0.0017360 secs] 192527K->192525K(355072K), 0.0018038 secs] [Times: user=0.00 sys=0.00, real=0.00 secs] 
2014-07-10T12:34:18.153+0200: 3.650: [GC (Allocation Failure) 3.650: [ParNew: 1090K->96K(1152K), 0.0015611 secs] 193519K->193517K(355072K), 0.0016242 secs] [Times: user=0.00 sys=0.00, real=0.00 secs] 
2014-07-10T12:34:18.155+0200: 3.652: [GC (Allocation Failure) 3.652: [ParNew: 1090K->96K(1152K), 0.0015101 secs] 194512K->194510K(355072K), 0.0015714 secs] [Times: user=0.00 sys=0.00, real=0.00 secs] 
2014-07-10T12:34:18.157+0200: 3.654: [GC (Allocation Failure) 3.654: [ParNew: 1090K->96K(1152K), 0.0014808 secs] 195504K->195502K(355072K), 0.0015659 secs] [Times: user=0.00 sys=0.00, real=0.00 secs] 
2014-07-10T12:34:18.159+0200: 3.657: [GC (Allocation Failure) 3.657: [ParNew: 1098K->106K(1152K), 0.0012590 secs] 196505K->195832K(355072K), 0.0013254 secs] [Times: user=0.00 sys=0.00, real=0.00 secs] 
2014-07-10T12:34:18.161+0200: 3.658: [GC (Allocation Failure) 3.658: [ParNew: 1100K->96K(1152K), 0.0013129 secs] 196827K->196823K(355072K), 0.0013675 secs] [Times: user=0.00 sys=0.00, real=0.00 secs] 
2014-07-10T12:34:18.162+0200: 3.660: [GC (Allocation Failure) 3.660: [ParNew: 1090K->96K(1152K), 0.0017147 secs] 197817K->197815K(355072K), 0.0017730 secs] [Times: user=0.00 sys=0.00, real=0.00 secs] 
2014-07-10T12:34:18.165+0200: 3.662: [GC (Allocation Failure) 3.662: [ParNew: 1090K->96K(1152K), 0.0018515 secs] 198810K->198808K(355072K), 0.0019200 secs] [Times: user=0.00 sys=0.00, real=0.00 secs] 
2014-07-10T12:34:18.167+0200: 3.665: [GC (Allocation Failure) 3.665: [ParNew: 1090K->96K(1152K), 0.0014808 secs] 199802K->199800K(355072K), 0.0016788 secs] [Times: user=0.00 sys=0.00, real=0.00 secs] 
2014-07-10T12:34:18.169+0200: 3.667: [GC (Allocation Failure) 3.667: [ParNew: 1090K->96K(1152K), 0.0013558 secs] 200795K->200793K(355072K), 0.0014144 secs] [Times: user=0.00 sys=0.00, real=0.00 secs] 
2014-07-10T12:34:18.171+0200: 3.668: [GC (Allocation Failure) 3.668: [ParNew: 1090K->96K(1152K), 0.0014100 secs] 201787K->201785K(355072K), 0.0014709 secs] [Times: user=0.00 sys=0.00, real=0.00 secs] 
2014-07-10T12:34:18.172+0200: 3.670: [GC (Allocation Failure) 3.670: [ParNew: 1090K->96K(1152K), 0.0016707 secs] 202780K->202778K(355072K), 0.0017363 secs] [Times: user=0.00 sys=0.00, real=0.00 secs] 
2014-07-10T12:34:18.175+0200: 3.672: [GC (Allocation Failure) 3.672: [ParNew: 1090K->96K(1152K), 0.0015090 secs] 203772K->203770K(355072K), 0.0015736 secs] [Times: user=0.00 sys=0.00, real=0.00 secs] 
2014-07-10T12:34:18.177+0200: 3.674: [GC (Allocation Failure) 3.674: [ParNew: 1090K->96K(1152K), 0.0013473 secs] 204765K->204763K(355072K), 0.0014056 secs] [Times: user=0.00 sys=0.00, real=0.00 secs] 
2014-07-10T12:34:18.178+0200: 3.676: [GC (Allocation Failure) 3.676: [ParNew: 1090K->96K(1152K), 0.0013708 secs] 205757K->205755K(355072K), 0.0014309 secs] [Times: user=0.00 sys=0.00, real=0.00 secs] 
2014-07-10T12:34:18.180+0200: 3.678: [GC (Allocation Failure) 3.678: [ParNew: 1090K->96K(1152K), 0.0013635 secs] 206750K->206748K(355072K), 0.0014207 secs] [Times: user=0.00 sys=0.00, real=0.00 secs] 
2014-07-10T12:34:18.182+0200: 3.680: [GC (Allocation Failure) 3.680: [ParNew: 1090K->96K(1152K), 0.0014643 secs] 207742K->207740K(355072K), 0.0015285 secs] [Times: user=0.00 sys=0.00, real=0.00 secs] 
2014-07-10T12:34:18.184+0200: 3.682: [GC (Allocation Failure) 3.682: [ParNew: 1090K->96K(1152K), 0.0013268 secs] 208735K->208733K(355072K), 0.0014045 secs] [Times: user=0.00 sys=0.00, real=0.00 secs] 
2014-07-10T12:34:18.186+0200: 3.684: [GC (Allocation Failure) 3.684: [ParNew: 1090K->96K(1152K), 0.0013858 secs] 209727K->209725K(355072K), 0.0014452 secs] [Times: user=0.00 sys=0.00, real=0.00 secs] 
2014-07-10T12:34:18.188+0200: 3.685: [GC (Allocation Failure) 3.685: [ParNew: 1090K->96K(1152K), 0.0015347 secs] 210720K->210718K(355072K), 0.0016036 secs] [Times: user=0.00 sys=0.00, real=0.00 secs] 
2014-07-10T12:34:18.190+0200: 3.688: [GC (Allocation Failure) 3.688: [ParNew: 1090K->96K(1152K), 0.0016997 secs] 211712K->211710K(355072K), 0.0017748 secs] [Times: user=0.00 sys=0.00, real=0.00 secs] 
2014-07-10T12:34:18.192+0200: 3.690: [GC (Allocation Failure) 3.690: [ParNew: 1090K->96K(1152K), 0.0013136 secs] 212705K->212703K(355072K), 0.0013679 secs] [Times: user=0.00 sys=0.00, real=0.00 secs] 
2014-07-10T12:34:18.194+0200: 3.691: [GC (Allocation Failure) 3.691: [ParNew: 1090K->96K(1152K), 0.0012832 secs] 213697K->213695K(355072K), 0.0013426 secs] [Times: user=0.00 sys=0.00, real=0.00 secs] 
2014-07-10T12:34:18.195+0200: 3.693: [GC (Allocation Failure) 3.693: [ParNew: 1090K->96K(1152K), 0.0012982 secs] 214690K->214688K(355072K), 0.0013576 secs] [Times: user=0.00 sys=0.00, real=0.00 secs] 
2014-07-10T12:34:18.197+0200: 3.695: [GC (Allocation Failure) 3.695: [ParNew: 1090K->96K(1152K), 0.0014768 secs] 215682K->215680K(355072K), 0.0015453 secs] [Times: user=0.00 sys=0.00, real=0.00 secs] 
2014-07-10T12:34:18.199+0200: 3.697: [GC (Allocation Failure) 3.697: [ParNew: 1090K->96K(1152K), 0.0013528 secs] 216675K->216673K(355072K), 0.0014185 secs] [Times: user=0.00 sys=0.00, real=0.00 secs] 
2014-07-10T12:34:18.201+0200: 3.698: [GC (Allocation Failure) 3.698: [ParNew: 1090K->96K(1152K), 0.0015486 secs] 217667K->217665K(355072K), 0.0016161 secs] [Times: user=0.00 sys=0.00, real=0.00 secs] 
2014-07-10T12:34:18.203+0200: 3.700: [GC (Allocation Failure) 3.700: [ParNew: 1090K->96K(1152K), 0.0013155 secs] 218660K->218658K(355072K), 0.0013730 secs] [Times: user=0.00 sys=0.00, real=0.00 secs] 
2014-07-10T12:34:18.204+0200: 3.702: [GC (Allocation Failure) 3.702: [ParNew: 1090K->96K(1152K), 0.0014856 secs] 219652K->219650K(355072K), 0.0015604 secs] [Times: user=0.03 sys=0.00, real=0.00 secs] 
2014-07-10T12:34:18.206+0200: 3.704: [GC (Allocation Failure) 3.704: [ParNew: 1090K->96K(1152K), 0.0014133 secs] 220645K->220643K(355072K), 0.0014731 secs] [Times: user=0.00 sys=0.00, real=0.00 secs] 
2014-07-10T12:34:18.208+0200: 3.706: [GC (Allocation Failure) 3.706: [ParNew: 1090K->96K(1152K), 0.0013067 secs] 221637K->221635K(355072K), 0.0013627 secs] [Times: user=0.00 sys=0.00, real=0.00 secs] 
2014-07-10T12:34:18.210+0200: 3.707: [GC (Allocation Failure) 3.707: [ParNew: 1090K->96K(1152K), 0.0013059 secs] 222630K->222628K(355072K), 0.0013642 secs] [Times: user=0.00 sys=0.00, real=0.00 secs] 
2014-07-10T12:34:18.211+0200: 3.709: [GC (Allocation Failure) 3.709: [ParNew: 1090K->96K(1152K), 0.0012913 secs] 223622K->223620K(355072K), 0.0013462 secs] [Times: user=0.00 sys=0.00, real=0.00 secs] 
2014-07-10T12:34:18.213+0200: 3.711: [GC (Allocation Failure) 3.711: [ParNew: 1090K->96K(1152K), 0.0015362 secs] 224615K->224613K(355072K), 0.0016187 secs] [Times: user=0.00 sys=0.00, real=0.00 secs] 
2014-07-10T12:34:18.215+0200: 3.713: [GC (Allocation Failure) 3.713: [ParNew: 1090K->96K(1152K), 0.0013624 secs] 225607K->225605K(355072K), 0.0014192 secs] [Times: user=0.00 sys=0.00, real=0.00 secs] 
2014-07-10T12:34:18.217+0200: 3.714: [GC (Allocation Failure) 3.714: [ParNew: 1090K->96K(1152K), 0.0013162 secs] 226600K->226598K(355072K), 0.0013752 secs] [Times: user=0.00 sys=0.00, real=0.00 secs] 
2014-07-10T12:34:18.218+0200: 3.716: [GC (Allocation Failure) 3.716: [ParNew: 1090K->96K(1152K), 0.0013506 secs] 227592K->227590K(355072K), 0.0014097 secs] [Times: user=0.00 sys=0.00, real=0.00 secs] 
2014-07-10T12:34:18.220+0200: 3.718: [GC (Allocation Failure) 3.718: [ParNew: 1090K->96K(1152K), 0.0012990 secs] 228584K->228582K(355072K), 0.0013558 secs] [Times: user=0.00 sys=0.00, real=0.00 secs] 
2014-07-10T12:34:18.222+0200: 3.720: [GC (Allocation Failure) 3.720: [ParNew: 1090K->96K(1152K), 0.0014705 secs] 229577K->229575K(355072K), 0.0015611 secs] [Times: user=0.00 sys=0.00, real=0.00 secs] 
2014-07-10T12:34:18.224+0200: 3.722: [GC (Allocation Failure) 3.722: [ParNew: 1090K->96K(1152K), 0.0014144 secs] 230569K->230567K(355072K), 0.0014746 secs] [Times: user=0.00 sys=0.00, real=0.00 secs] 
2014-07-10T12:34:18.226+0200: 3.723: [GC (Allocation Failure) 3.723: [ParNew: 1090K->96K(1152K), 0.0013180 secs] 231562K->231560K(355072K), 0.0013752 secs] [Times: user=0.00 sys=0.00, real=0.00 secs] 
2014-07-10T12:34:18.227+0200: 3.725: [GC (Allocation Failure) 3.725: [ParNew: 1090K->96K(1152K), 0.0013232 secs] 232554K->232552K(355072K), 0.0013796 secs] [Times: user=0.00 sys=0.00, real=0.00 secs] 
2014-07-10T12:34:18.229+0200: 3.727: [GC (Allocation Failure) 3.727: [ParNew: 1090K->96K(1152K), 0.0013048 secs] 233547K->233545K(355072K), 0.0013668 secs] [Times: user=0.00 sys=0.00, real=0.00 secs] 
2014-07-10T12:34:18.231+0200: 3.728: [GC (Allocation Failure) 3.728: [ParNew: 1090K->96K(1152K), 0.0013712 secs] 234539K->234537K(355072K), 0.0014412 secs] [Times: user=0.00 sys=0.00, real=0.00 secs] 
2014-07-10T12:34:18.233+0200: 3.730: [GC (Allocation Failure) 3.730: [ParNew: 1090K->96K(1152K), 0.0016066 secs] 235532K->235530K(355072K), 0.0016927 secs] [Times: user=0.00 sys=0.00, real=0.00 secs] 
2014-07-10T12:34:18.235+0200: 3.732: [GC (Allocation Failure) 3.732: [ParNew: 1090K->96K(1152K), 0.0015200 secs] 236524K->236522K(355072K), 0.0015904 secs] [Times: user=0.00 sys=0.00, real=0.00 secs] 
2014-07-10T12:34:18.237+0200: 3.735: [GC (Allocation Failure) 3.735: [ParNew: 1090K->96K(1152K), 0.0018973 secs] 237517K->237515K(355072K), 0.0019820 secs] [Times: user=0.00 sys=0.00, real=0.00 secs] 
2014-07-10T12:34:18.239+0200: 3.737: [GC (Allocation Failure) 3.737: [ParNew: 1090K->96K(1152K), 0.0015428 secs] 238509K->238507K(355072K), 0.0016381 secs] [Times: user=0.00 sys=0.00, real=0.00 secs] 
2014-07-10T12:34:18.241+0200: 3.739: [GC (Allocation Failure) 3.739: [ParNew: 1090K->96K(1152K), 0.0013338 secs] 239502K->239500K(355072K), 0.0013921 secs] [Times: user=0.00 sys=0.00, real=0.00 secs] 
2014-07-10T12:34:18.243+0200: 3.741: [GC (Allocation Failure) 3.741: [ParNew: 1090K->96K(1152K), 0.0012788 secs] 240494K->240492K(355072K), 0.0013393 secs] [Times: user=0.00 sys=0.00, real=0.00 secs] 
2014-07-10T12:34:18.245+0200: 3.742: [GC (Allocation Failure) 3.742: [ParNew: 1090K->96K(1152K), 0.0012931 secs] 241487K->241485K(355072K), 0.0013492 secs] [Times: user=0.00 sys=0.00, real=0.00 secs] 
2014-07-10T12:34:18.246+0200: 3.744: [GC (Allocation Failure) 3.744: [ParNew: 1090K->96K(1152K), 0.0013100 secs] 242479K->242477K(355072K), 0.0013763 secs] [Times: user=0.00 sys=0.00, real=0.00 secs] 
2014-07-10T12:34:18.248+0200: 3.746: [GC (Allocation Failure) 3.746: [ParNew: 1090K->96K(1152K), 0.0012942 secs] 243472K->243470K(355072K), 0.0013525 secs] [Times: user=0.00 sys=0.00, real=0.00 secs] 
2014-07-10T12:34:18.250+0200: 3.747: [GC (Allocation Failure) 3.747: [ParNew: 1090K->96K(1152K), 0.0014848 secs] 244464K->244462K(355072K), 0.0015582 secs] [Times: user=0.00 sys=0.00, real=0.00 secs] 
2014-07-10T12:34:18.252+0200: 3.749: [GC (Allocation Failure) 3.749: [ParNew: 1090K->96K(1152K), 0.0014658 secs] 245457K->245455K(355072K), 0.0015362 secs] [Times: user=0.03 sys=0.00, real=0.00 secs] 
2014-07-10T12:34:18.253+0200: 3.751: [GC (Allocation Failure) 3.751: [ParNew: 1090K->96K(1152K), 0.0013675 secs] 246449K->246447K(355072K), 0.0014280 secs] [Times: user=0.00 sys=0.00, real=0.00 secs] 
2014-07-10T12:34:18.255+0200: 3.753: [GC (Allocation Failure) 3.753: [ParNew: 1090K->96K(1152K), 0.0013272 secs] 247442K->247440K(355072K), 0.0013855 secs] [Times: user=0.00 sys=0.00, real=0.00 secs] 
2014-07-10T12:34:18.257+0200: 3.755: [GC (Allocation Failure) 3.755: [ParNew: 1090K->96K(1152K), 0.0013147 secs] 248434K->248432K(355072K), 0.0013697 secs] [Times: user=0.00 sys=0.00, real=0.00 secs] 
2014-07-10T12:34:18.258+0200: 3.756: [GC (Allocation Failure) 3.756: [ParNew: 1090K->96K(1152K), 0.0012865 secs] 249427K->249425K(355072K), 0.0013459 secs] [Times: user=0.00 sys=0.00, real=0.00 secs] 
2014-07-10T12:34:18.260+0200: 3.758: [GC (Allocation Failure) 3.758: [ParNew: 1090K->96K(1152K), 0.0013037 secs] 250419K->250417K(355072K), 0.0013660 secs] [Times: user=0.00 sys=0.00, real=0.00 secs] 
2014-07-10T12:34:18.262+0200: 3.760: [GC (Allocation Failure) 3.760: [ParNew: 1090K->96K(1152K), 0.0014698 secs] 251412K->251410K(355072K), 0.0015351 secs] [Times: user=0.00 sys=0.00, real=0.00 secs] 
2014-07-10T12:34:18.264+0200: 3.762: [GC (Allocation Failure) 3.762: [ParNew: 1090K->96K(1152K), 0.0012887 secs] 252404K->252402K(355072K), 0.0013459 secs] [Times: user=0.00 sys=0.00, real=0.00 secs] 
2014-07-10T12:34:18.265+0200: 3.763: [GC (Allocation Failure) 3.763: [ParNew: 1090K->96K(1152K), 0.0013748 secs] 253397K->253395K(355072K), 0.0014353 secs] [Times: user=0.00 sys=0.00, real=0.00 secs] 
2014-07-10T12:34:18.267+0200: 3.765: [GC (Allocation Failure) 3.765: [ParNew: 1090K->96K(1152K), 0.0014819 secs] 254389K->254387K(355072K), 0.0015457 secs] [Times: user=0.03 sys=0.00, real=0.00 secs] 
2014-07-10T12:34:18.269+0200: 3.767: [GC (Allocation Failure) 3.767: [ParNew: 1090K->96K(1152K), 0.0015948 secs] 255382K->255380K(355072K), 0.0016670 secs] [Times: user=0.00 sys=0.00, real=0.00 secs] 
2014-07-10T12:34:18.271+0200: 3.769: [GC (Allocation Failure) 3.769: [ParNew: 1090K->96K(1152K), 0.0015314 secs] 256374K->256372K(355072K), 0.0015959 secs] [Times: user=0.00 sys=0.00, real=0.00 secs] 
2014-07-10T12:34:18.273+0200: 3.771: [GC (Allocation Failure) 3.771: [ParNew: 1090K->96K(1152K), 0.0013243 secs] 257367K->257365K(355072K), 0.0013822 secs] [Times: user=0.00 sys=0.00, real=0.00 secs] 
2014-07-10T12:34:18.275+0200: 3.772: [GC (Allocation Failure) 3.772: [ParNew: 1090K->96K(1152K), 0.0013166 secs] 258359K->258357K(355072K), 0.0013741 secs] [Times: user=0.00 sys=0.00, real=0.00 secs] 
2014-07-10T12:34:18.276+0200: 3.774: [GC (Allocation Failure) 3.774: [ParNew: 1090K->96K(1152K), 0.0013726 secs] 259352K->259350K(355072K), 0.0014350 secs] [Times: user=0.00 sys=0.00, real=0.00 secs] 
2014-07-10T12:34:18.278+0200: 3.776: [GC (Allocation Failure) 3.776: [ParNew: 1090K->96K(1152K), 0.0013778 secs] 260344K->260342K(355072K), 0.0015171 secs] [Times: user=0.00 sys=0.00, real=0.00 secs] 
2014-07-10T12:34:18.280+0200: 3.778: [GC (Allocation Failure) 3.778: [ParNew: 1098K->106K(1152K), 0.0009345 secs] 261344K->260608K(355072K), 0.0009833 secs] [Times: user=0.00 sys=0.00, real=0.00 secs] 
2014-07-10T12:34:18.281+0200: 3.779: [GC (Allocation Failure) 3.779: [ParNew: 1100K->96K(1152K), 0.0011963 secs] 261603K->261599K(355072K), 0.0012553 secs] [Times: user=0.00 sys=0.00, real=0.00 secs] 
2014-07-10T12:34:18.283+0200: 3.780: [GC (Allocation Failure) 3.780: [ParNew: 1090K->96K(1152K), 0.0015479 secs] 262593K->262591K(355072K), 0.0016395 secs] [Times: user=0.03 sys=0.00, real=0.00 secs] 
2014-07-10T12:34:18.285+0200: 3.782: [GC (Allocation Failure) 3.782: [ParNew: 1090K->96K(1152K), 0.0020194 secs] 263586K->263584K(355072K), 0.0021004 secs] [Times: user=0.00 sys=0.00, real=0.00 secs] 
2014-07-10T12:34:18.287+0200: 3.785: [GC (Allocation Failure) 3.785: [ParNew: 1090K->96K(1152K), 0.0017789 secs] 264578K->264576K(355072K), 0.0018460 secs] [Times: user=0.00 sys=0.00, real=0.00 secs] 
2014-07-10T12:34:18.289+0200: 3.787: [GC (Allocation Failure) 3.787: [ParNew: 1090K->96K(1152K), 0.0014185 secs] 265571K->265569K(355072K), 0.0014786 secs] [Times: user=0.00 sys=0.00, real=0.00 secs] 
2014-07-10T12:34:18.291+0200: 3.789: [GC (Allocation Failure) 3.789: [ParNew: 1090K->96K(1152K), 0.0013928 secs] 266563K->266561K(355072K), 0.0014507 secs] [Times: user=0.00 sys=0.00, real=0.00 secs] 
2014-07-10T12:34:18.293+0200: 3.790: [GC (Allocation Failure) 3.790: [ParNew: 1090K->96K(1152K), 0.0017620 secs] 267556K->267554K(355072K), 0.0018265 secs] [Times: user=0.00 sys=0.00, real=0.00 secs] 
2014-07-10T12:34:18.295+0200: 3.792: [GC (Allocation Failure) 3.792: [ParNew: 1090K->96K(1152K), 0.0015109 secs] 268548K->268546K(355072K), 0.0015754 secs] [Times: user=0.00 sys=0.00, real=0.00 secs] 
2014-07-10T12:34:18.297+0200: 3.794: [GC (Allocation Failure) 3.794: [ParNew: 1090K->96K(1152K), 0.0014148 secs] 269541K->269539K(355072K), 0.0014753 secs] [Times: user=0.00 sys=0.00, real=0.00 secs] 
2014-07-10T12:34:18.298+0200: 3.796: [GC (Allocation Failure) 3.796: [ParNew: 1090K->96K(1152K), 0.0014801 secs] 270533K->270531K(355072K), 0.0015402 secs] [Times: user=0.03 sys=0.00, real=0.00 secs] 
2014-07-10T12:34:18.300+0200: 3.798: [GC (Allocation Failure) 3.798: [ParNew: 1090K->96K(1152K), 0.0016663 secs] 271525K->271523K(355072K), 0.0017385 secs] [Times: user=0.00 sys=0.00, real=0.00 secs] 
2014-07-10T12:34:18.302+0200: 3.800: [GC (Allocation Failure) 3.800: [ParNew: 1090K->96K(1152K), 0.0015582 secs] 272518K->272516K(355072K), 0.0016220 secs] [Times: user=0.00 sys=0.00, real=0.00 secs] 
2014-07-10T12:34:18.304+0200: 3.802: [GC (Allocation Failure) 3.802: [ParNew: 1090K->96K(1152K), 0.0015039 secs] 273510K->273508K(355072K), 0.0015648 secs] [Times: user=0.00 sys=0.00, real=0.00 secs] 
2014-07-10T12:34:18.306+0200: 3.804: [GC (Allocation Failure) 3.804: [ParNew: 1090K->96K(1152K), 0.0014258 secs] 274503K->274501K(355072K), 0.0014936 secs] [Times: user=0.00 sys=0.00, real=0.00 secs] 
2014-07-10T12:34:18.308+0200: 3.805: [GC (Allocation Failure) 3.805: [ParNew: 1090K->96K(1152K), 0.0014361 secs] 275495K->275493K(355072K), 0.0014966 secs] [Times: user=0.00 sys=0.00, real=0.00 secs] 
2014-07-10T12:34:18.309+0200: 3.807: [GC (Allocation Failure) 3.807: [ParNew: 1090K->96K(1152K), 0.0014460 secs] 276488K->276486K(355072K), 0.0015046 secs] [Times: user=0.00 sys=0.00, real=0.00 secs] 
2014-07-10T12:34:18.311+0200: 3.809: [GC (Allocation Failure) 3.809: [ParNew: 1090K->96K(1152K), 0.0014086 secs] 277480K->277478K(355072K), 0.0014669 secs] [Times: user=0.00 sys=0.00, real=0.00 secs] 
2014-07-10T12:34:18.313+0200: 3.811: [GC (Allocation Failure) 3.811: [ParNew: 1090K->96K(1152K), 0.0014119 secs] 278473K->278471K(355072K), 0.0014694 secs] [Times: user=0.00 sys=0.00, real=0.00 secs] 
2014-07-10T12:34:18.315+0200: 3.812: [GC (Allocation Failure) 3.812: [ParNew: 1090K->96K(1152K), 0.0015090 secs] 279465K->279463K(355072K), 0.0016117 secs] [Times: user=0.00 sys=0.00, real=0.00 secs] 
2014-07-10T12:34:18.317+0200: 3.814: [GC (Allocation Failure) 3.814: [ParNew: 1090K->96K(1152K), 0.0018991 secs] 280458K->280456K(355072K), 0.0019735 secs] [Times: user=0.00 sys=0.00, real=0.00 secs] 
2014-07-10T12:34:18.319+0200: 3.817: [GC (Allocation Failure) 3.817: [ParNew: 1090K->96K(1152K), 0.0014460 secs] 281450K->281448K(355072K), 0.0015054 secs] [Times: user=0.00 sys=0.00, real=0.00 secs] 
2014-07-10T12:34:18.321+0200: 3.818: [GC (Allocation Failure) 3.818: [ParNew: 1090K->96K(1152K), 0.0015226 secs] 282443K->282441K(355072K), 0.0015871 secs] [Times: user=0.00 sys=0.00, real=0.00 secs] 
2014-07-10T12:34:18.323+0200: 3.820: [GC (Allocation Failure) 3.820: [ParNew: 1090K->96K(1152K), 0.0014779 secs] 283435K->283433K(355072K), 0.0015409 secs] [Times: user=0.00 sys=0.00, real=0.00 secs] 
2014-07-10T12:34:18.324+0200: 3.822: [GC (Allocation Failure) 3.822: [ParNew: 1090K->96K(1152K), 0.0013935 secs] 284428K->284426K(355072K), 0.0014537 secs] [Times: user=0.00 sys=0.00, real=0.00 secs] 
2014-07-10T12:34:18.326+0200: 3.824: [GC (Allocation Failure) 3.824: [ParNew: 1090K->96K(1152K), 0.0014606 secs] 285420K->285418K(355072K), 0.0015237 secs] [Times: user=0.00 sys=0.00, real=0.00 secs] 
2014-07-10T12:34:18.328+0200: 3.825: [GC (Allocation Failure) 3.825: [ParNew: 1090K->96K(1152K), 0.0014097 secs] 286413K->286411K(355072K), 0.0014705 secs] [Times: user=0.00 sys=0.00, real=0.00 secs] 
2014-07-10T12:34:18.330+0200: 3.827: [GC (Allocation Failure) 3.827: [ParNew: 1090K->96K(1152K), 0.0014639 secs] 287405K->287403K(355072K), 0.0015244 secs] [Times: user=0.03 sys=0.00, real=0.00 secs] 
2014-07-10T12:34:18.331+0200: 3.829: [GC (Allocation Failure) 3.829: [ParNew: 1090K->96K(1152K), 0.0020417 secs] 288398K->288396K(355072K), 0.0021147 secs] [Times: user=0.00 sys=0.00, real=0.00 secs] 
2014-07-10T12:34:18.334+0200: 3.831: [GC (Allocation Failure) 3.832: [ParNew: 1090K->96K(1152K), 0.0018192 secs] 289390K->289388K(355072K), 0.0018969 secs] [Times: user=0.00 sys=0.00, real=0.00 secs] 
2014-07-10T12:34:18.336+0200: 3.834: [GC (Allocation Failure) 3.834: [ParNew: 1090K->96K(1152K), 0.0015728 secs] 290383K->290381K(355072K), 0.0016417 secs] [Times: user=0.00 sys=0.00, real=0.00 secs] 
2014-07-10T12:34:18.338+0200: 3.836: [GC (Allocation Failure) 3.836: [ParNew: 1090K->96K(1152K), 0.0016150 secs] 291375K->291373K(355072K), 0.0016802 secs] [Times: user=0.00 sys=0.00, real=0.00 secs] 
2014-07-10T12:34:18.340+0200: 3.838: [GC (Allocation Failure) 3.838: [ParNew: 1090K->96K(1152K), 0.0013895 secs] 292368K->292366K(355072K), 0.0014518 secs] [Times: user=0.00 sys=0.00, real=0.00 secs] 
2014-07-10T12:34:18.342+0200: 3.839: [GC (Allocation Failure) 3.839: [ParNew: 1090K->96K(1152K), 0.0014174 secs] 293360K->293358K(355072K), 0.0014815 secs] [Times: user=0.00 sys=0.00, real=0.00 secs] 
2014-07-10T12:34:18.343+0200: 3.841: [GC (Allocation Failure) 3.841: [ParNew: 1090K->96K(1152K), 0.0014632 secs] 294353K->294351K(355072K), 0.0015215 secs] [Times: user=0.00 sys=0.00, real=0.00 secs] 
2014-07-10T12:34:18.345+0200: 3.843: [GC (Allocation Failure) 3.843: [ParNew: 1090K->96K(1152K), 0.0017679 secs] 295345K->295343K(355072K), 0.0018419 secs] [Times: user=0.02 sys=0.00, real=0.00 secs] 
2014-07-10T12:34:18.347+0200: 3.845: [GC (Allocation Failure) 3.845: [ParNew: 1090K->96K(1152K), 0.0015541 secs] 296338K->296336K(355072K), 0.0016179 secs] [Times: user=0.00 sys=0.00, real=0.00 secs] 
2014-07-10T12:34:18.349+0200: 3.847: [GC (Allocation Failure) 3.847: [ParNew: 1090K->96K(1152K), 0.0013858 secs] 297330K->297328K(355072K), 0.0014496 secs] [Times: user=0.00 sys=0.00, real=0.00 secs] 
2014-07-10T12:34:18.351+0200: 3.848: [GC (Allocation Failure) 3.848: [ParNew: 1090K->96K(1152K), 0.0015244 secs] 298323K->298321K(355072K), 0.0015879 secs] [Times: user=0.00 sys=0.00, real=0.00 secs] 
2014-07-10T12:34:18.353+0200: 3.850: [GC (Allocation Failure) 3.850: [ParNew: 1090K->96K(1152K), 0.0014617 secs] 299315K->299313K(355072K), 0.0015215 secs] [Times: user=0.00 sys=0.00, real=0.00 secs] 
2014-07-10T12:34:18.354+0200: 3.852: [GC (Allocation Failure) 3.852: [ParNew: 1090K->96K(1152K), 0.0015076 secs] 300308K->300306K(355072K), 0.0015769 secs] [Times: user=0.00 sys=0.00, real=0.00 secs] 
2014-07-10T12:34:18.356+0200: 3.854: [GC (Allocation Failure) 3.854: [ParNew: 1090K->96K(1152K), 0.0014427 secs] 301300K->301298K(355072K), 0.0015021 secs] [Times: user=0.00 sys=0.00, real=0.00 secs] 
2014-07-10T12:34:18.358+0200: 3.856: [GC (Allocation Failure) 3.856: [ParNew: 1090K->96K(1152K), 0.0014251 secs] 302293K->302291K(355072K), 0.0014863 secs] [Times: user=0.00 sys=0.00, real=0.00 secs] 
2014-07-10T12:34:18.360+0200: 3.857: [GC (Allocation Failure) 3.857: [ParNew: 1090K->96K(1152K), 0.0014331 secs] 303285K->303283K(355072K), 0.0014914 secs] [Times: user=0.00 sys=0.00, real=0.00 secs] 
2014-07-10T12:34:18.361+0200: 3.859: [GC (Allocation Failure) 3.859: [ParNew: 1090K->96K(1152K), 0.0015604 secs] 304277K->304275K(355072K), 0.0016308 secs] [Times: user=0.02 sys=0.00, real=0.00 secs] 
2014-07-10T12:34:18.363+0200: 3.861: [GC (Allocation Failure) 3.861: [ParNew: 1090K->96K(1152K), 0.0015153 secs] 305270K->305268K(355072K), 0.0015765 secs] [Times: user=0.00 sys=0.00, real=0.00 secs] 
2014-07-10T12:34:18.365+0200: 3.863: [GC (Allocation Failure) 3.863: [ParNew: 1090K->96K(1152K), 0.0014276 secs] 306262K->306260K(355072K), 0.0014922 secs] [Times: user=0.00 sys=0.00, real=0.00 secs] 
2014-07-10T12:34:18.367+0200: 3.865: [GC (Allocation Failure) 3.865: [ParNew: 1090K->96K(1152K), 0.0015013 secs] 307255K->307253K(355072K), 0.0015666 secs] [Times: user=0.00 sys=0.00, real=0.00 secs] 
2014-07-10T12:34:18.369+0200: 3.867: [GC (Allocation Failure) 3.867: [ParNew: 1090K->96K(1152K), 0.0016542 secs] 308247K->308245K(355072K), 0.0017154 secs] [Times: user=0.00 sys=0.00, real=0.00 secs] 
2014-07-10T12:34:18.371+0200: 3.869: [GC (Allocation Failure) 3.869: [ParNew: 1090K->96K(1152K), 0.0015754 secs] 309240K->309238K(355072K), 0.0016406 secs] [Times: user=0.00 sys=0.00, real=0.00 secs] 
2014-07-10T12:34:18.373+0200: 3.870: [GC (Allocation Failure) 3.870: [ParNew: 1090K->96K(1152K), 0.0014874 secs] 310232K->310230K(355072K), 0.0015479 secs] [Times: user=0.00 sys=0.00, real=0.00 secs] 
2014-07-10T12:34:18.375+0200: 3.872: [GC (Allocation Failure) 3.872: [ParNew: 1090K->96K(1152K), 0.0014427 secs] 311225K->311223K(355072K), 0.0015021 secs] [Times: user=0.00 sys=0.00, real=0.00 secs] 
2014-07-10T12:34:18.376+0200: 3.874: [GC (Allocation Failure) 3.874: [ParNew: 1090K->96K(1152K), 0.0016245 secs] 312217K->312215K(355072K), 0.0016927 secs] [Times: user=0.03 sys=0.00, real=0.00 secs] 
2014-07-10T12:34:18.378+0200: 3.876: [GC (Allocation Failure) 3.876: [ParNew: 1090K->96K(1152K), 0.0015354 secs] 313210K->313208K(355072K), 0.0015970 secs] [Times: user=0.00 sys=0.00, real=0.00 secs] 
2014-07-10T12:34:18.380+0200: 3.878: [GC (Allocation Failure) 3.878: [ParNew: 1090K->96K(1152K), 0.0014786 secs] 314202K->314200K(355072K), 0.0015655 secs] [Times: user=0.00 sys=0.00, real=0.00 secs] 
2014-07-10T12:34:18.382+0200: 3.880: [GC (Allocation Failure) 3.880: [ParNew: 1090K->96K(1152K), 0.0017536 secs] 315195K->315193K(355072K), 0.0018225 secs] [Times: user=0.00 sys=0.00, real=0.00 secs] 
2014-07-10T12:34:18.384+0200: 3.882: [GC (Allocation Failure) 3.882: [ParNew: 1090K->96K(1152K), 0.0016593 secs] 316187K->316185K(355072K), 0.0017272 secs] [Times: user=0.00 sys=0.00, real=0.00 secs] 
2014-07-10T12:34:18.386+0200: 3.884: [GC (Allocation Failure) 3.884: [ParNew: 1090K->96K(1152K), 0.0015006 secs] 317180K->317178K(355072K), 0.0015637 secs] [Times: user=0.00 sys=0.00, real=0.00 secs] 
2014-07-10T12:34:18.388+0200: 3.886: [GC (Allocation Failure) 3.886: [ParNew: 1090K->96K(1152K), 0.0015310 secs] 318172K->318170K(355072K), 0.0015952 secs] [Times: user=0.00 sys=0.00, real=0.00 secs] 
2014-07-10T12:34:18.390+0200: 3.887: [GC (Allocation Failure) 3.887: [ParNew: 1090K->96K(1152K), 0.0014551 secs] 319165K->319163K(355072K), 0.0015171 secs] [Times: user=0.00 sys=0.00, real=0.00 secs] 
2014-07-10T12:34:18.392+0200: 3.889: [GC (Allocation Failure) 3.889: [ParNew: 1090K->96K(1152K), 0.0014914 secs] 320157K->320155K(355072K), 0.0015622 secs] [Times: user=0.03 sys=0.00, real=0.00 secs] 
2014-07-10T12:34:18.393+0200: 3.891: [GC (CMS Initial Mark) [1 CMS-initial-mark: 320059K(353920K)] 320221K(355072K), 0.0001360 secs] [Times: user=0.00 sys=0.00, real=0.00 secs] 
2014-07-10T12:34:18.393+0200: 3.891: [CMS-concurrent-mark-start]
2014-07-10T12:34:18.394+0200: 3.892: [GC (Allocation Failure) 3.892: [ParNew: 1090K->96K(1152K), 0.0017851 secs] 321150K->321148K(355072K), 0.0018599 secs] [Times: user=0.00 sys=0.00, real=0.00 secs] 
2014-07-10T12:34:18.396+0200: 3.894: [GC (Allocation Failure) 3.894: [ParNew: 1090K->96K(1152K), 0.0017484 secs] 322142K->322140K(355072K), 0.0018199 secs] [Times: user=0.00 sys=0.00, real=0.00 secs] 
2014-07-10T12:34:18.398+0200: 3.896: [GC (Allocation Failure) 3.896: [ParNew: 1090K->96K(1152K), 0.0017055 secs] 323135K->323133K(355072K), 0.0017785 secs] [Times: user=0.00 sys=0.00, real=0.00 secs] 
2014-07-10T12:34:18.400+0200: 3.898: [GC (Allocation Failure) 3.898: [ParNew: 1090K->96K(1152K), 0.0018324 secs] 324127K->324125K(355072K), 0.0019098 secs] [Times: user=0.00 sys=0.00, real=0.00 secs] 
2014-07-10T12:34:18.403+0200: 3.901: [GC (Allocation Failure) 3.901: [ParNew: 1090K->96K(1152K), 0.0021455 secs] 325120K->325118K(355072K), 0.0022401 secs] [Times: user=0.00 sys=0.00, real=0.00 secs] 
2014-07-10T12:34:18.406+0200: 3.904: [GC (Allocation Failure) 3.904: [ParNew: 1098K->106K(1152K), 0.0015384 secs] 326120K->325320K(355072K), 0.0016058 secs] [Times: user=0.00 sys=0.00, real=0.00 secs] 
2014-07-10T12:34:18.408+0200: 3.906: [GC (Allocation Failure) 3.906: [ParNew: 1100K->96K(1152K), 0.0017972 secs] 326314K->326310K(355072K), 0.0018757 secs] [Times: user=0.03 sys=0.00, real=0.00 secs] 
2014-07-10T12:34:18.410+0200: 3.908: [CMS-concurrent-mark: 0.003/0.017 secs] [Times: user=0.03 sys=0.00, real=0.02 secs] 
2014-07-10T12:34:18.410+0200: 3.908: [CMS-concurrent-preclean-start]
2014-07-10T12:34:18.411+0200: 3.908: [GC (Allocation Failure) 3.908: [ParNew: 1090K->96K(1152K), 0.0017224 secs] 327305K->327303K(355072K), 0.0018302 secs] [Times: user=0.00 sys=0.00, real=0.00 secs] 
2014-07-10T12:34:18.413+0200: 3.911: [GC (Allocation Failure) 3.911: [ParNew: 1090K->96K(1152K), 0.0015197 secs] 328297K->328295K(355072K), 0.0015868 secs] [Times: user=0.00 sys=0.00, real=0.00 secs] 
2014-07-10T12:34:18.415+0200: 3.912: [GC (Allocation Failure) 3.913: [ParNew: 1090K->96K(1152K), 0.0014672 secs] 329290K->329288K(355072K), 0.0015325 secs] [Times: user=0.00 sys=0.00, real=0.00 secs] 
2014-07-10T12:34:18.417+0200: 3.914: [GC (Allocation Failure) 3.914: [ParNew: 1090K->96K(1152K), 0.0014790 secs] 330282K->330280K(355072K), 0.0015461 secs] [Times: user=0.00 sys=0.00, real=0.00 secs] 
2014-07-10T12:34:18.419+0200: 3.916: [GC (Allocation Failure) 3.916: [ParNew: 1090K->96K(1152K), 0.0016194 secs] 331275K->331273K(355072K), 0.0018130 secs] [Times: user=0.00 sys=0.00, real=0.00 secs] 
2014-07-10T12:34:18.421+0200: 3.918: [GC (Allocation Failure) 3.918: [ParNew: 1090K->96K(1152K), 0.0015860 secs] 332267K->332265K(355072K), 0.0016524 secs] [Times: user=0.00 sys=0.00, real=0.00 secs] 
2014-07-10T12:34:18.423+0200: 3.920: [GC (Allocation Failure) 3.920: [ParNew: 1090K->96K(1152K), 0.0014210 secs] 333260K->333258K(355072K), 0.0014889 secs] [Times: user=0.03 sys=0.00, real=0.00 secs] 
2014-07-10T12:34:18.424+0200: 3.922: [GC (Allocation Failure) 3.922: [ParNew: 1090K->96K(1152K), 0.0014364 secs] 334252K->334250K(355072K), 0.0014999 secs] [Times: user=0.00 sys=0.00, real=0.00 secs] 
2014-07-10T12:34:18.426+0200: 3.924: [GC (Allocation Failure) 3.924: [ParNew: 1090K->96K(1152K), 0.0013778 secs] 335245K->335243K(355072K), 0.0014482 secs] [Times: user=0.00 sys=0.00, real=0.00 secs] 
2014-07-10T12:34:18.428+0200: 3.926: [GC (Allocation Failure) 3.926: [ParNew: 1090K->96K(1152K), 0.0015849 secs] 336237K->336235K(355072K), 0.0016531 secs] [Times: user=0.00 sys=0.00, real=0.00 secs] 
2014-07-10T12:34:18.430+0200: 3.928: [GC (Allocation Failure) 3.928: [ParNew: 1090K->96K(1152K), 0.0013759 secs] 337230K->337228K(355072K), 0.0014427 secs] [Times: user=0.00 sys=0.00, real=0.00 secs] 
2014-07-10T12:34:18.432+0200: 3.930: [GC (Allocation Failure) 3.930: [ParNew: 1090K->96K(1152K), 0.0020736 secs] 338222K->338220K(355072K), 0.0021525 secs] [Times: user=0.00 sys=0.00, real=0.00 secs] 
2014-07-10T12:34:18.434+0200: 3.932: [GC (Allocation Failure) 3.932: [ParNew: 1090K->96K(1152K), 0.0017682 secs] 339215K->339213K(355072K), 0.0018559 secs] [Times: user=0.00 sys=0.00, real=0.00 secs] 
2014-07-10T12:34:18.437+0200: 3.934: [GC (Allocation Failure) 3.934: [ParNew: 1090K->96K(1152K), 0.0018225 secs] 340207K->340205K(355072K), 0.0019394 secs] [Times: user=0.00 sys=0.00, real=0.00 secs] 
2014-07-10T12:34:18.439+0200: 3.937: [GC (Allocation Failure) 3.937: [ParNew: 1090K->96K(1152K), 0.0015992 secs] 341200K->341198K(355072K), 0.0016707 secs] [Times: user=0.03 sys=0.00, real=0.00 secs] 
2014-07-10T12:34:18.441+0200: 3.939: [GC (Allocation Failure) 3.939: [ParNew: 1090K->96K(1152K), 0.0014240 secs] 342192K->342190K(355072K), 0.0014870 secs] [Times: user=0.00 sys=0.00, real=0.00 secs] 
2014-07-10T12:34:18.443+0200: 3.940: [GC (Allocation Failure) 3.940: [ParNew: 1090K->96K(1152K), 0.0013448 secs] 343185K->343183K(355072K), 0.0014082 secs] [Times: user=0.00 sys=0.00, real=0.00 secs] 
2014-07-10T12:34:18.444+0200: 3.942: [GC (Allocation Failure) 3.942: [ParNew: 1090K->96K(1152K), 0.0014045 secs] 344177K->344175K(355072K), 0.0014683 secs] [Times: user=0.00 sys=0.00, real=0.00 secs] 
2014-07-10T12:34:18.446+0200: 3.944: [GC (Allocation Failure) 3.944: [ParNew: 1090K->96K(1152K), 0.0014361 secs] 345169K->345167K(355072K), 0.0014991 secs] [Times: user=0.00 sys=0.00, real=0.00 secs] 
2014-07-10T12:34:18.448+0200: 3.946: [GC (Allocation Failure) 3.946: [ParNew: 1090K->96K(1152K), 0.0013693 secs] 346162K->346160K(355072K), 0.0014331 secs] [Times: user=0.00 sys=0.00, real=0.00 secs] 
2014-07-10T12:34:18.450+0200: 3.947: [GC (Allocation Failure) 3.947: [ParNew: 1090K->96K(1152K), 0.0015563 secs] 347154K->347152K(355072K), 0.0016315 secs] [Times: user=0.00 sys=0.00, real=0.00 secs] 
2014-07-10T12:34:18.452+0200: 3.950: [GC (Allocation Failure) 3.950: [ParNew: 1090K->96K(1152K), 0.0017426 secs] 348147K->348145K(355072K), 0.0018119 secs] [Times: user=0.00 sys=0.00, real=0.00 secs] 
2014-07-10T12:34:18.454+0200: 3.952: [GC (Allocation Failure) 3.952: [ParNew: 1090K->96K(1152K), 0.0016322 secs] 349139K->349137K(355072K), 0.0017030 secs] [Times: user=0.03 sys=0.00, real=0.00 secs] 
2014-07-10T12:34:18.456+0200: 3.954: [CMS-concurrent-preclean: 0.003/0.046 secs] [Times: user=0.09 sys=0.00, real=0.05 secs] 
2014-07-10T12:34:18.457+0200: 3.954: [GC (Allocation Failure) 3.954: [ParNew: 1090K->96K(1152K), 0.0015336 secs] 350132K->350130K(355072K), 0.0015967 secs] [Times: user=0.00 sys=0.00, real=0.00 secs] 
2014-07-10T12:34:18.458+0200: 3.956: [GC (CMS Final Remark) [YG occupancy: 162 K (1152 K)]3.956: [Rescan (parallel) , 0.0005184 secs]3.957: [weak refs processing, 0.0000260 secs]3.957: [class unloading, 0.0003795 secs]3.957: [scrub symbol table, 0.0005507 secs]3.957: [scrub string table, 0.0001558 secs][1 CMS-remark: 350034K(353920K)] 350196K(355072K), 0.0017334 secs] [Times: user=0.00 sys=0.00, real=0.00 secs] 
2014-07-10T12:34:18.460+0200: 3.958: [CMS-concurrent-sweep-start]
2014-07-10T12:34:18.460+0200: 3.958: [GC (Allocation Failure) 3.958: [ParNew: 1090K->96K(1152K), 0.0016531 secs] 338862K->338860K(355072K), 0.0017191 secs] [Times: user=0.00 sys=0.00, real=0.00 secs] 
2014-07-10T12:34:18.462+0200: 3.960: [GC (Allocation Failure) 3.960: [ParNew: 1090K->96K(1152K), 0.0013899 secs] 304350K->304348K(355072K), 0.0014643 secs] [Times: user=0.00 sys=0.00, real=0.00 secs] 
2014-07-10T12:34:18.464+0200: 3.962: [GC (Allocation Failure) 3.962: [ParNew: 1090K->96K(1152K), 0.0013561 secs] 273583K->273581K(355072K), 0.0014159 secs] [Times: user=0.00 sys=0.00, real=0.00 secs] 
2014-07-10T12:34:18.466+0200: 3.964: [GC (Allocation Failure) 3.964: [ParNew: 1090K->96K(1152K), 0.0012850 secs] 258407K->258405K(355072K), 0.0013510 secs] [Times: user=0.00 sys=0.00, real=0.00 secs] 
2014-07-10T12:34:18.468+0200: 3.965: [GC (Allocation Failure) 3.966: [ParNew: 1090K->96K(1152K), 0.0013364 secs] 225911K->225909K(355072K), 0.0013965 secs] [Times: user=0.00 sys=0.00, real=0.00 secs] 
2014-07-10T12:34:18.470+0200: 3.967: [GC (Allocation Failure) 3.967: [ParNew: 1090K->96K(1152K), 0.0014159 secs] 196553K->196551K(355072K), 0.0014782 secs] [Times: user=0.03 sys=0.00, real=0.00 secs] 
2014-07-10T12:34:18.471+0200: 3.969: [GC (Allocation Failure) 3.969: [ParNew: 1090K->96K(1152K), 0.0014610 secs] 163577K->163575K(355072K), 0.0015248 secs] [Times: user=0.00 sys=0.00, real=0.00 secs] 
2014-07-10T12:34:18.473+0200: 3.971: [GC (Allocation Failure) 3.971: [ParNew: 1090K->96K(1152K), 0.0012623 secs] 135211K->135209K(355072K), 0.0013162 secs] [Times: user=0.00 sys=0.00, real=0.00 secs] 
2014-07-10T12:34:18.475+0200: 3.973: [GC (Allocation Failure) 3.973: [ParNew: 1090K->96K(1152K), 0.0012590 secs] 111071K->111069K(355072K), 0.0013202 secs] [Times: user=0.00 sys=0.00, real=0.00 secs] 
2014-07-10T12:34:18.477+0200: 3.974: [GC (Allocation Failure) 3.974: [ParNew: 1090K->96K(1152K), 0.0011890 secs] 84690K->84688K(355072K), 0.0012443 secs] [Times: user=0.00 sys=0.00, real=0.00 secs] 
2014-07-10T12:34:18.478+0200: 3.976: [GC (Allocation Failure) 3.976: [ParNew: 1090K->96K(1152K), 0.0011314 secs] 59782K->59780K(355072K), 0.0011816 secs] [Times: user=0.00 sys=0.00, real=0.00 secs] 
2014-07-10T12:34:18.479+0200: 3.977: [CMS-concurrent-sweep: 0.002/0.019 secs] [Times: user=0.03 sys=0.00, real=0.02 secs] 
2014-07-10T12:34:18.480+0200: 3.977: [GC (Allocation Failure) 3.977: [ParNew: 1090K->96K(1152K), 0.0011552 secs] 42526K->42524K(355072K), 0.0012044 secs] [Times: user=0.00 sys=0.00, real=0.00 secs] 
2014-07-10T12:34:18.481+0200: 3.978: [CMS-concurrent-reset-start]
2014-07-10T12:34:18.481+0200: 3.979: [GC (Allocation Failure) 3.979: [ParNew: 1090K->96K(1152K), 0.0011094 secs] 43518K->43516K(355072K), 0.0011585 secs] [Times: user=0.00 sys=0.00, real=0.00 secs] 
2014-07-10T12:34:18.483+0200: 3.980: [GC (Allocation Failure) 3.980: [ParNew: 1090K->96K(1152K), 0.0013305 secs] 44511K->44509K(355072K), 0.0013866 secs] [Times: user=0.00 sys=0.00, real=0.00 secs] 
2014-07-10T12:34:18.485+0200: 3.982: [GC (Allocation Failure) 3.982: [ParNew: 1090K->96K(1152K), 0.0011666 secs] 45503K->45501K(355072K), 0.0012205 secs] [Times: user=0.00 sys=0.00, real=0.00 secs] 
2014-07-10T12:34:18.486+0200: 3.984: [GC (Allocation Failure) 3.984: [ParNew: 1090K->96K(1152K), 0.0013144 secs] 46496K->46494K(355072K), 0.0013778 secs] [Times: user=0.03 sys=0.00, real=0.00 secs] 
2014-07-10T12:34:18.488+0200: 3.985: [CMS-concurrent-reset: 0.001/0.007 secs] [Times: user=0.03 sys=0.00, real=0.01 secs] 
2014-07-10T12:34:18.488+0200: 3.986: [GC (Allocation Failure) 3.986: [ParNew: 1090K->96K(1152K), 0.0014746 secs] 47488K->47486K(355072K), 0.0015252 secs] [Times: user=0.00 sys=0.00, real=0.00 secs] 
2014-07-10T12:34:18.490+0200: 3.987: [GC (Allocation Failure) 3.987: [ParNew: 1090K->96K(1152K), 0.0011387 secs] 48481K->48479K(355072K), 0.0011901 secs] [Times: user=0.00 sys=0.00, real=0.00 secs] 
2014-07-10T12:34:18.491+0200: 3.989: [GC (Allocation Failure) 3.989: [ParNew: 1090K->96K(1152K), 0.0011105 secs] 49473K->49471K(355072K), 0.0011607 secs] [Times: user=0.00 sys=0.00, real=0.00 secs] 
2014-07-10T12:34:18.493+0200: 3.990: [GC (Allocation Failure) 3.990: [ParNew: 1090K->96K(1152K), 0.0011794 secs] 50466K->50464K(355072K), 0.0012275 secs] [Times: user=0.00 sys=0.00, real=0.00 secs] 
2014-07-10T12:34:18.494+0200: 3.992: [GC (Allocation Failure) 3.992: [ParNew: 1090K->96K(1152K), 0.0011171 secs] 51458K->51456K(355072K), 0.0011684 secs] [Times: user=0.00 sys=0.00, real=0.00 secs] 
2014-07-10T12:34:18.495+0200: 3.993: [GC (Allocation Failure) 3.993: [ParNew: 1090K->96K(1152K), 0.0011607 secs] 52451K->52449K(355072K), 0.0012099 secs] [Times: user=0.00 sys=0.00, real=0.00 secs] 
2014-07-10T12:34:18.497+0200: 3.995: [GC (Allocation Failure) 3.995: [ParNew: 1090K->96K(1152K), 0.0011714 secs] 53443K->53441K(355072K), 0.0012333 secs] [Times: user=0.00 sys=0.00, real=0.00 secs] 
2014-07-10T12:34:18.498+0200: 3.996: [GC (Allocation Failure) 3.996: [ParNew: 1090K->96K(1152K), 0.0011655 secs] 54436K->54434K(355072K), 0.0012154 secs] [Times: user=0.00 sys=0.00, real=0.00 secs] 
2014-07-10T12:34:18.500+0200: 3.997: [GC (Allocation Failure) 3.997: [ParNew: 1090K->96K(1152K), 0.0011446 secs] 55428K->55426K(355072K), 0.0012011 secs] [Times: user=0.00 sys=0.00, real=0.00 secs] 
2014-07-10T12:34:18.501+0200: 3.999: [GC (Allocation Failure) 3.999: [ParNew: 1090K->96K(1152K), 0.0014401 secs] 56421K->56419K(355072K), 0.0015127 secs] [Times: user=0.03 sys=0.00, real=0.00 secs] 
2014-07-10T12:34:18.503+0200: 4.001: [GC (Allocation Failure) 4.001: [ParNew: 1090K->96K(1152K), 0.0013034 secs] 57413K->57411K(355072K), 0.0013671 secs] [Times: user=0.00 sys=0.00, real=0.00 secs] 
2014-07-10T12:34:18.505+0200: 4.003: [GC (Allocation Failure) 4.003: [ParNew: 1090K->96K(1152K), 0.0012304 secs] 58406K->58404K(355072K), 0.0012924 secs] [Times: user=0.00 sys=0.00, real=0.00 secs] 
2014-07-10T12:34:18.506+0200: 4.004: [GC (Allocation Failure) 4.004: [ParNew: 1090K->96K(1152K), 0.0012047 secs] 59398K->59396K(355072K), 0.0012579 secs] [Times: user=0.00 sys=0.00, real=0.00 secs] 
2014-07-10T12:34:18.508+0200: 4.006: [GC (Allocation Failure) 4.006: [ParNew: 1090K->96K(1152K), 0.0011629 secs] 60390K->60388K(355072K), 0.0012150 secs] [Times: user=0.00 sys=0.00, real=0.00 secs] 
2014-07-10T12:34:18.509+0200: 4.007: [GC (Allocation Failure) 4.007: [ParNew: 1090K->96K(1152K), 0.0011622 secs] 61383K->61381K(355072K), 0.0012128 secs] [Times: user=0.00 sys=0.00, real=0.00 secs] 
2014-07-10T12:34:18.511+0200: 4.009: [GC (Allocation Failure) 4.009: [ParNew: 1090K->96K(1152K), 0.0011666 secs] 62375K->62373K(355072K), 0.0012157 secs] [Times: user=0.00 sys=0.00, real=0.00 secs] 
2014-07-10T12:34:18.512+0200: 4.010: [GC (Allocation Failure) 4.010: [ParNew: 1090K->96K(1152K), 0.0011501 secs] 63368K->63366K(355072K), 0.0012165 secs] [Times: user=0.00 sys=0.00, real=0.00 secs] 
2014-07-10T12:34:18.514+0200: 4.011: [GC (Allocation Failure) 4.011: [ParNew: 1090K->96K(1152K), 0.0011519 secs] 64360K->64358K(355072K), 0.0012000 secs] [Times: user=0.00 sys=0.00, real=0.00 secs] 
2014-07-10T12:34:18.515+0200: 4.013: [GC (Allocation Failure) 4.013: [ParNew: 1090K->96K(1152K), 0.0011413 secs] 65353K->65351K(355072K), 0.0011912 secs] [Times: user=0.00 sys=0.00, real=0.00 secs] 
2014-07-10T12:34:18.517+0200: 4.014: [GC (Allocation Failure) 4.014: [ParNew: 1090K->96K(1152K), 0.0011985 secs] 66345K->66343K(355072K), 0.0012627 secs] [Times: user=0.03 sys=0.00, real=0.00 secs] 
2014-07-10T12:34:18.518+0200: 4.016: [GC (Allocation Failure) 4.016: [ParNew: 1090K->96K(1152K), 0.0013404 secs] 67338K->67336K(355072K), 0.0013950 secs] [Times: user=0.00 sys=0.00, real=0.00 secs] 
2014-07-10T12:34:18.520+0200: 4.018: [GC (Allocation Failure) 4.018: [ParNew: 1090K->96K(1152K), 0.0011307 secs] 68330K->68328K(355072K), 0.0011816 secs] [Times: user=0.00 sys=0.00, real=0.00 secs] 
2014-07-10T12:34:18.521+0200: 4.019: [GC (Allocation Failure) 4.019: [ParNew: 1090K->96K(1152K), 0.0015178 secs] 69323K->69321K(355072K), 0.0015743 secs] [Times: user=0.00 sys=0.00, real=0.00 secs] 
2014-07-10T12:34:18.523+0200: 4.021: [GC (Allocation Failure) 4.021: [ParNew: 1090K->96K(1152K), 0.0011391 secs] 70315K->70313K(355072K), 0.0011904 secs] [Times: user=0.00 sys=0.00, real=0.00 secs] 
2014-07-10T12:34:18.525+0200: 4.022: [GC (Allocation Failure) 4.022: [ParNew: 1118K->126K(1152K), 0.0008781 secs] 71336K->70472K(355072K), 0.0009213 secs] [Times: user=0.00 sys=0.00, real=0.00 secs] 
2014-07-10T12:34:18.526+0200: 4.023: [GC (Allocation Failure) 4.023: [ParNew: 1148K->120K(1152K), 0.0011567 secs] 71494K->71488K(355072K), 0.0012062 secs] [Times: user=0.00 sys=0.00, real=0.00 secs] 
2014-07-10T12:34:18.527+0200: 4.025: [GC (Allocation Failure) 4.025: [ParNew: 1142K->120K(1152K), 0.0013602 secs] 72510K->72506K(355072K), 0.0014148 secs] [Times: user=0.00 sys=0.00, real=0.00 secs] 
2014-07-10T12:34:18.529+0200: 4.027: [GC (Allocation Failure) 4.027: [ParNew: 1142K->120K(1152K), 0.0012432 secs] 73528K->73524K(355072K), 0.0012957 secs] [Times: user=0.00 sys=0.00, real=0.00 secs] 
2014-07-10T12:34:18.530+0200: 4.028: [GC (Allocation Failure) 4.028: [ParNew: 1142K->120K(1152K), 0.0025722 secs] 74546K->74542K(355072K), 0.0026800 secs] [Times: user=0.00 sys=0.00, real=0.00 secs] 
2014-07-10T12:34:18.534+0200: 4.032: [GC (Allocation Failure) 4.032: [ParNew: 1142K->120K(1152K), 0.0016483 secs] 75564K->75560K(355072K), 0.0017231 secs] [Times: user=0.00 sys=0.00, real=0.00 secs] 
2014-07-10T12:34:18.536+0200: 4.034: [GC (Allocation Failure) 4.034: [ParNew: 1142K->120K(1152K), 0.0012869 secs] 76582K->76578K(355072K), 0.0013411 secs] [Times: user=0.00 sys=0.00, real=0.00 secs] 
2014-07-10T12:34:18.538+0200: 4.035: [GC (Allocation Failure) 4.035: [ParNew: 1142K->120K(1152K), 0.0013712 secs] 77600K->77596K(355072K), 0.0014273 secs] [Times: user=0.00 sys=0.00, real=0.00 secs] 
2014-07-10T12:34:18.539+0200: 4.037: [GC (Allocation Failure) 4.037: [ParNew: 1140K->126K(1152K), 0.0008432 secs] 78616K->77658K(355072K), 0.0008847 secs] [Times: user=0.00 sys=0.00, real=0.00 secs] 
2014-07-10T12:34:18.541+0200: 4.038: [GC (Allocation Failure) 4.038: [ParNew: 1150K->124K(1152K), 0.0011541 secs] 78682K->78672K(355072K), 0.0012044 secs] [Times: user=0.00 sys=0.00, real=0.00 secs] 
2014-07-10T12:34:18.542+0200: 4.040: [GC (Allocation Failure) 4.040: [ParNew: 1148K->124K(1152K), 0.0012414 secs] 79696K->79688K(355072K), 0.0012949 secs] [Times: user=0.00 sys=0.00, real=0.00 secs] 
2014-07-10T12:34:18.544+0200: 4.041: [GC (Allocation Failure) 4.041: [ParNew: 1148K->124K(1152K), 0.0012209 secs] 80712K->80704K(355072K), 0.0012711 secs] [Times: user=0.00 sys=0.00, real=0.00 secs] 
2014-07-10T12:34:18.545+0200: 4.043: [GC (Allocation Failure) 4.043: [ParNew: 1147K->125K(1152K), 0.0007974 secs] 81727K->80705K(355072K), 0.0008355 secs] [Times: user=0.00 sys=0.00, real=0.00 secs] 
2014-07-10T12:34:18.546+0200: 4.044: [GC (Allocation Failure) 4.044: [ParNew: 1145K->74K(1152K), 0.0007527 secs] 81725K->80658K(355072K), 0.0008058 secs] [Times: user=0.00 sys=0.00, real=0.00 secs] 
2014-07-10T12:34:18.548+0200: 4.045: [GC (Allocation Failure) 4.045: [ParNew: 1068K->96K(1152K), 0.0012971 secs] 81652K->81648K(355072K), 0.0013554 secs] [Times: user=0.01 sys=0.02, real=0.00 secs] 
2014-07-10T12:34:18.549+0200: 4.047: [GC (Allocation Failure) 4.047: [ParNew: 1090K->96K(1152K), 0.0013693 secs] 82643K->82641K(355072K), 0.0014295 secs] [Times: user=0.00 sys=0.00, real=0.00 secs] 
2014-07-10T12:34:18.551+0200: 4.049: [GC (Allocation Failure) 4.049: [ParNew: 1090K->96K(1152K), 0.0013646 secs] 83635K->83633K(355072K), 0.0014214 secs] [Times: user=0.00 sys=0.00, real=0.00 secs] 
2014-07-10T12:34:18.553+0200: 4.050: [GC (Allocation Failure) 4.050: [ParNew: 1090K->96K(1152K), 0.0012502 secs] 84628K->84626K(355072K), 0.0013100 secs] [Times: user=0.00 sys=0.00, real=0.00 secs] 
2014-07-10T12:34:18.554+0200: 4.052: [GC (Allocation Failure) 4.052: [ParNew: 1090K->96K(1152K), 0.0012634 secs] 85620K->85618K(355072K), 0.0013188 secs] [Times: user=0.00 sys=0.00, real=0.00 secs] 
2014-07-10T12:34:18.556+0200: 4.054: [GC (Allocation Failure) 4.054: [ParNew: 1090K->96K(1152K), 0.0012319 secs] 86613K->86611K(355072K), 0.0012806 secs] [Times: user=0.00 sys=0.00, real=0.00 secs] 
2014-07-10T12:34:18.557+0200: 4.055: [GC (Allocation Failure) 4.055: [ParNew: 1090K->96K(1152K), 0.0011651 secs] 87605K->87603K(355072K), 0.0012161 secs] [Times: user=0.00 sys=0.00, real=0.00 secs] 
2014-07-10T12:34:18.559+0200: 4.057: [GC (Allocation Failure) 4.057: [ParNew: 1090K->96K(1152K), 0.0012322 secs] 88598K->88596K(355072K), 0.0012821 secs] [Times: user=0.00 sys=0.00, real=0.00 secs] 
2014-07-10T12:34:18.560+0200: 4.058: [GC (Allocation Failure) 4.058: [ParNew: 1090K->96K(1152K), 0.0012238 secs] 89590K->89588K(355072K), 0.0012806 secs] [Times: user=0.00 sys=0.00, real=0.00 secs] 
2014-07-10T12:34:18.562+0200: 4.060: [GC (Allocation Failure) 4.060: [ParNew: 1090K->96K(1152K), 0.0012843 secs] 90583K->90581K(355072K), 0.0013495 secs] [Times: user=0.00 sys=0.00, real=0.00 secs] 
2014-07-10T12:34:18.564+0200: 4.061: [GC (Allocation Failure) 4.061: [ParNew: 1090K->96K(1152K), 0.0012975 secs] 91575K->91573K(355072K), 0.0013503 secs] [Times: user=0.03 sys=0.00, real=0.00 secs] 
2014-07-10T12:34:18.565+0200: 4.063: [GC (Allocation Failure) 4.063: [ParNew: 1090K->96K(1152K), 0.0013140 secs] 92568K->92566K(355072K), 0.0013697 secs] [Times: user=0.00 sys=0.00, real=0.00 secs] 
2014-07-10T12:34:18.567+0200: 4.065: [GC (Allocation Failure) 4.065: [ParNew: 1090K->96K(1152K), 0.0012968 secs] 93560K->93558K(355072K), 0.0013525 secs] [Times: user=0.00 sys=0.00, real=0.00 secs] 
2014-07-10T12:34:18.569+0200: 4.066: [GC (Allocation Failure) 4.066: [ParNew: 1090K->96K(1152K), 0.0012608 secs] 94553K->94551K(355072K), 0.0013136 secs] [Times: user=0.00 sys=0.00, real=0.00 secs] 
2014-07-10T12:34:18.570+0200: 4.068: [GC (Allocation Failure) 4.068: [ParNew: 1090K->96K(1152K), 0.0011743 secs] 95545K->95543K(355072K), 0.0012242 secs] [Times: user=0.00 sys=0.00, real=0.00 secs] 
2014-07-10T12:34:18.572+0200: 4.070: [GC (Allocation Failure) 4.070: [ParNew: 1090K->96K(1152K), 0.0013998 secs] 96538K->96536K(355072K), 0.0014595 secs] [Times: user=0.00 sys=0.00, real=0.00 secs] 
2014-07-10T12:34:18.574+0200: 4.071: [GC (Allocation Failure) 4.071: [ParNew: 1090K->96K(1152K), 0.0012113 secs] 97530K->97528K(355072K), 0.0012619 secs] [Times: user=0.00 sys=0.00, real=0.00 secs] 
2014-07-10T12:34:18.575+0200: 4.073: [GC (Allocation Failure) 4.073: [ParNew: 1090K->96K(1152K), 0.0011886 secs] 98523K->98521K(355072K), 0.0012366 secs] [Times: user=0.00 sys=0.00, real=0.00 secs] 
2014-07-10T12:34:18.577+0200: 4.074: [GC (Allocation Failure) 4.074: [ParNew: 1090K->96K(1152K), 0.0012421 secs] 99515K->99513K(355072K), 0.0012946 secs] [Times: user=0.00 sys=0.00, real=0.00 secs] 
2014-07-10T12:34:18.578+0200: 4.076: [GC (Allocation Failure) 4.076: [ParNew: 1090K->96K(1152K), 0.0012597 secs] 100508K->100506K(355072K), 0.0013129 secs] [Times: user=0.02 sys=0.00, real=0.00 secs] 
2014-07-10T12:34:18.580+0200: 4.077: [GC (Allocation Failure) 4.078: [ParNew: 1090K->96K(1152K), 0.0013298 secs] 101500K->101498K(355072K), 0.0013935 secs] [Times: user=0.00 sys=0.00, real=0.00 secs] 
2014-07-10T12:34:18.581+0200: 4.079: [GC (Allocation Failure) 4.079: [ParNew: 1090K->96K(1152K), 0.0012172 secs] 102492K->102490K(355072K), 0.0012920 secs] [Times: user=0.00 sys=0.00, real=0.00 secs] 
2014-07-10T12:34:18.583+0200: 4.081: [GC (Allocation Failure) 4.081: [ParNew: 1090K->96K(1152K), 0.0013067 secs] 103485K->103483K(355072K), 0.0013598 secs] [Times: user=0.00 sys=0.00, real=0.00 secs] 
2014-07-10T12:34:18.585+0200: 4.082: [GC (Allocation Failure) 4.082: [ParNew: 1090K->96K(1152K), 0.0012663 secs] 104477K->104475K(355072K), 0.0013235 secs] [Times: user=0.00 sys=0.00, real=0.00 secs] 
2014-07-10T12:34:18.586+0200: 4.084: [GC (Allocation Failure) 4.084: [ParNew: 1090K->96K(1152K), 0.0011714 secs] 105470K->105468K(355072K), 0.0012209 secs] [Times: user=0.00 sys=0.00, real=0.00 secs] 
2014-07-10T12:34:18.588+0200: 4.085: [GC (Allocation Failure) 4.086: [ParNew: 1090K->96K(1152K), 0.0013089 secs] 106462K->106460K(355072K), 0.0013675 secs] [Times: user=0.00 sys=0.00, real=0.00 secs] 
2014-07-10T12:34:18.589+0200: 4.087: [GC (Allocation Failure) 4.087: [ParNew: 1090K->96K(1152K), 0.0012363 secs] 107455K->107453K(355072K), 0.0012880 secs] [Times: user=0.00 sys=0.00, real=0.00 secs] 
2014-07-10T12:34:18.591+0200: 4.089: [GC (Allocation Failure) 4.089: [ParNew: 1090K->96K(1152K), 0.0011343 secs] 108447K->108445K(355072K), 0.0011875 secs] [Times: user=0.00 sys=0.00, real=0.00 secs] 
2014-07-10T12:34:18.592+0200: 4.090: [GC (Allocation Failure) 4.090: [ParNew: 1090K->96K(1152K), 0.0012374 secs] 109440K->109438K(355072K), 0.0012883 secs] [Times: user=0.00 sys=0.00, real=0.00 secs] 
2014-07-10T12:34:18.594+0200: 4.092: [GC (Allocation Failure) 4.092: [ParNew: 1090K->96K(1152K), 0.0011266 secs] 110432K->110430K(355072K), 0.0011846 secs] [Times: user=0.00 sys=0.00, real=0.00 secs] 
2014-07-10T12:34:18.595+0200: 4.093: [GC (Allocation Failure) 4.093: [ParNew: 1090K->96K(1152K), 0.0011816 secs] 111425K->111423K(355072K), 0.0012399 secs] [Times: user=0.03 sys=0.00, real=0.00 secs] 
2014-07-10T12:34:18.597+0200: 4.095: [GC (Allocation Failure) 4.095: [ParNew: 1090K->96K(1152K), 0.0011574 secs] 112417K->112415K(355072K), 0.0012102 secs] [Times: user=0.00 sys=0.00, real=0.00 secs] 
2014-07-10T12:34:18.598+0200: 4.096: [GC (Allocation Failure) 4.096: [ParNew: 1090K->96K(1152K), 0.0011798 secs] 113410K->113408K(355072K), 0.0012322 secs] [Times: user=0.00 sys=0.00, real=0.00 secs] 
2014-07-10T12:34:18.600+0200: 4.098: [GC (Allocation Failure) 4.098: [ParNew: 1090K->96K(1152K), 0.0011640 secs] 114402K->114400K(355072K), 0.0012154 secs] [Times: user=0.00 sys=0.00, real=0.00 secs] 
2014-07-10T12:34:18.601+0200: 4.099: [GC (Allocation Failure) 4.099: [ParNew: 1090K->96K(1152K), 0.0013129 secs] 115395K->115393K(355072K), 0.0013660 secs] [Times: user=0.00 sys=0.00, real=0.00 secs] 
2014-07-10T12:34:18.603+0200: 4.101: [GC (Allocation Failure) 4.101: [ParNew: 1090K->96K(1152K), 0.0011409 secs] 116387K->116385K(355072K), 0.0011948 secs] [Times: user=0.00 sys=0.00, real=0.00 secs] 
2014-07-10T12:34:18.604+0200: 4.102: [GC (Allocation Failure) 4.102: [ParNew: 1090K->96K(1152K), 0.0012421 secs] 117380K->117378K(355072K), 0.0012982 secs] [Times: user=0.00 sys=0.00, real=0.00 secs] 
2014-07-10T12:34:18.606+0200: 4.104: [GC (Allocation Failure) 4.104: [ParNew: 1090K->96K(1152K), 0.0011695 secs] 118372K->118370K(355072K), 0.0012297 secs] [Times: user=0.00 sys=0.00, real=0.00 secs] 
2014-07-10T12:34:18.607+0200: 4.105: [GC (Allocation Failure) 4.105: [ParNew: 1090K->96K(1152K), 0.0012238 secs] 119365K->119363K(355072K), 0.0012773 secs] [Times: user=0.00 sys=0.00, real=0.00 secs] 
2014-07-10T12:34:18.609+0200: 4.107: [GC (Allocation Failure) 4.107: [ParNew: 1090K->96K(1152K), 0.0011857 secs] 120357K->120355K(355072K), 0.0012355 secs] [Times: user=0.00 sys=0.00, real=0.00 secs] 
2014-07-10T12:34:18.610+0200: 4.108: [GC (Allocation Failure) 4.108: [ParNew: 1090K->96K(1152K), 0.0012256 secs] 121350K->121348K(355072K), 0.0012894 secs] [Times: user=0.03 sys=0.00, real=0.00 secs] 
2014-07-10T12:34:18.612+0200: 4.110: [GC (Allocation Failure) 4.110: [ParNew: 1090K->96K(1152K), 0.0011805 secs] 122342K->122340K(355072K), 0.0012293 secs] [Times: user=0.00 sys=0.00, real=0.00 secs] 
2014-07-10T12:34:18.614+0200: 4.111: [GC (Allocation Failure) 4.111: [ParNew: 1090K->96K(1152K), 0.0014753 secs] 123335K->123333K(355072K), 0.0015384 secs] [Times: user=0.00 sys=0.00, real=0.00 secs] 
2014-07-10T12:34:18.615+0200: 4.113: [GC (Allocation Failure) 4.113: [ParNew: 1090K->96K(1152K), 0.0012454 secs] 124327K->124325K(355072K), 0.0012990 secs] [Times: user=0.00 sys=0.00, real=0.00 secs] 
2014-07-10T12:34:18.617+0200: 4.115: [GC (Allocation Failure) 4.115: [ParNew: 1090K->96K(1152K), 0.0011538 secs] 125320K->125318K(355072K), 0.0012051 secs] [Times: user=0.00 sys=0.00, real=0.00 secs] 
2014-07-10T12:34:18.618+0200: 4.116: [GC (Allocation Failure) 4.116: [ParNew: 1090K->96K(1152K), 0.0012931 secs] 126312K->126310K(355072K), 0.0013547 secs] [Times: user=0.00 sys=0.00, real=0.00 secs] 
2014-07-10T12:34:18.620+0200: 4.118: [GC (Allocation Failure) 4.118: [ParNew: 1090K->96K(1152K), 0.0012124 secs] 127305K->127303K(355072K), 0.0012638 secs] [Times: user=0.00 sys=0.00, real=0.00 secs] 
2014-07-10T12:34:18.622+0200: 4.119: [GC (Allocation Failure) 4.119: [ParNew: 1090K->96K(1152K), 0.0012150 secs] 128297K->128295K(355072K), 0.0012707 secs] [Times: user=0.00 sys=0.00, real=0.00 secs] 
2014-07-10T12:34:18.623+0200: 4.121: [GC (Allocation Failure) 4.121: [ParNew: 1090K->96K(1152K), 0.0013649 secs] 129290K->129288K(355072K), 0.0014199 secs] [Times: user=0.00 sys=0.00, real=0.00 secs] 
2014-07-10T12:34:18.625+0200: 4.122: [GC (Allocation Failure) 4.122: [ParNew: 1090K->96K(1152K), 0.0012201 secs] 130282K->130280K(355072K), 0.0012759 secs] [Times: user=0.00 sys=0.00, real=0.00 secs] 
2014-07-10T12:34:18.626+0200: 4.124: [GC (Allocation Failure) 4.124: [ParNew: 1090K->96K(1152K), 0.0012821 secs] 131275K->131273K(355072K), 0.0013532 secs] [Times: user=0.03 sys=0.00, real=0.00 secs] 
2014-07-10T12:34:18.628+0200: 4.126: [GC (Allocation Failure) 4.126: [ParNew: 1090K->96K(1152K), 0.0013037 secs] 132267K->132265K(355072K), 0.0013591 secs] [Times: user=0.00 sys=0.00, real=0.00 secs] 
2014-07-10T12:34:18.630+0200: 4.127: [GC (Allocation Failure) 4.127: [ParNew: 1090K->96K(1152K), 0.0012377 secs] 133260K->133258K(355072K), 0.0012920 secs] [Times: user=0.00 sys=0.00, real=0.00 secs] 
2014-07-10T12:34:18.631+0200: 4.129: [GC (Allocation Failure) 4.129: [ParNew: 1090K->96K(1152K), 0.0012909 secs] 134252K->134250K(355072K), 0.0013514 secs] [Times: user=0.00 sys=0.00, real=0.00 secs] 
2014-07-10T12:34:18.633+0200: 4.131: [GC (Allocation Failure) 4.131: [ParNew: 1090K->96K(1152K), 0.0013074 secs] 135244K->135242K(355072K), 0.0013814 secs] [Times: user=0.00 sys=0.00, real=0.00 secs] 
2014-07-10T12:34:18.635+0200: 4.132: [GC (Allocation Failure) 4.132: [ParNew: 1090K->96K(1152K), 0.0012183 secs] 136237K->136235K(355072K), 0.0012718 secs] [Times: user=0.00 sys=0.00, real=0.00 secs] 
2014-07-10T12:34:18.636+0200: 4.134: [GC (Allocation Failure) 4.134: [ParNew: 1090K->96K(1152K), 0.0011725 secs] 137229K->137227K(355072K), 0.0012278 secs] [Times: user=0.00 sys=0.00, real=0.00 secs] 
2014-07-10T12:34:18.638+0200: 4.135: [GC (Allocation Failure) 4.135: [ParNew: 1090K->96K(1152K), 0.0013100 secs] 138222K->138220K(355072K), 0.0013642 secs] [Times: user=0.00 sys=0.00, real=0.00 secs] 
2014-07-10T12:34:18.639+0200: 4.137: [GC (Allocation Failure) 4.137: [ParNew: 1090K->96K(1152K), 0.0011582 secs] 139214K->139212K(355072K), 0.0012117 secs] [Times: user=0.00 sys=0.00, real=0.00 secs] 
2014-07-10T12:34:18.641+0200: 4.139: [GC (Allocation Failure) 4.139: [ParNew: 1090K->96K(1152K), 0.0011648 secs] 140207K->140205K(355072K), 0.0012146 secs] [Times: user=0.00 sys=0.00, real=0.00 secs] 
2014-07-10T12:34:18.642+0200: 4.140: [GC (Allocation Failure) 4.140: [ParNew: 1090K->96K(1152K), 0.0013290 secs] 141199K->141197K(355072K), 0.0013880 secs] [Times: user=0.03 sys=0.00, real=0.00 secs] 
2014-07-10T12:34:18.644+0200: 4.142: [GC (Allocation Failure) 4.142: [ParNew: 1090K->96K(1152K), 0.0011633 secs] 142192K->142190K(355072K), 0.0012161 secs] [Times: user=0.00 sys=0.00, real=0.00 secs] 
2014-07-10T12:34:18.645+0200: 4.143: [GC (Allocation Failure) 4.143: [ParNew: 1090K->96K(1152K), 0.0012264 secs] 143184K->143182K(355072K), 0.0012762 secs] [Times: user=0.00 sys=0.00, real=0.00 secs] 
2014-07-10T12:34:18.647+0200: 4.145: [GC (Allocation Failure) 4.145: [ParNew: 1090K->96K(1152K), 0.0011501 secs] 144177K->144175K(355072K), 0.0012011 secs] [Times: user=0.00 sys=0.00, real=0.00 secs] 
2014-07-10T12:34:18.648+0200: 4.146: [GC (Allocation Failure) 4.146: [ParNew: 1090K->96K(1152K), 0.0012231 secs] 145169K->145167K(355072K), 0.0012839 secs] [Times: user=0.00 sys=0.00, real=0.00 secs] 
2014-07-10T12:34:18.650+0200: 4.148: [GC (Allocation Failure) 4.148: [ParNew: 1098K->10K(1152K), 0.0009166 secs] 146170K->145081K(355072K), 0.0009635 secs] [Times: user=0.00 sys=0.00, real=0.00 secs] 
2014-07-10T12:34:18.651+0200: 4.149: [GC (Allocation Failure) 4.149: [ParNew: 1004K->106K(1152K), 0.0011186 secs] 146076K->146074K(355072K), 0.0011728 secs] [Times: user=0.00 sys=0.00, real=0.00 secs] 
2014-07-10T12:34:18.653+0200: 4.151: [GC (Allocation Failure) 4.151: [ParNew: 1100K->96K(1152K), 0.0011981 secs] 147068K->147064K(355072K), 0.0012524 secs] [Times: user=0.00 sys=0.00, real=0.00 secs] 
2014-07-10T12:34:18.654+0200: 4.152: [GC (Allocation Failure) 4.152: [ParNew: 1090K->96K(1152K), 0.0014324 secs] 148059K->148057K(355072K), 0.0014929 secs] [Times: user=0.00 sys=0.00, real=0.00 secs] 
2014-07-10T12:34:18.656+0200: 4.154: [GC (Allocation Failure) 4.154: [ParNew: 1090K->96K(1152K), 0.0012421 secs] 149051K->149049K(355072K), 0.0012924 secs] [Times: user=0.00 sys=0.00, real=0.00 secs] 
2014-07-10T12:34:18.658+0200: 4.155: [GC (Allocation Failure) 4.155: [ParNew: 1090K->96K(1152K), 0.0012726 secs] 150044K->150042K(355072K), 0.0013397 secs] [Times: user=0.00 sys=0.00, real=0.00 secs] 
2014-07-10T12:34:18.659+0200: 4.157: [GC (Allocation Failure) 4.157: [ParNew: 1090K->96K(1152K), 0.0012627 secs] 151036K->151034K(355072K), 0.0013206 secs] [Times: user=0.00 sys=0.00, real=0.00 secs] 
2014-07-10T12:34:18.661+0200: 4.159: [GC (Allocation Failure) 4.159: [ParNew: 1090K->96K(1152K), 0.0012055 secs] 152029K->152027K(355072K), 0.0012594 secs] [Times: user=0.00 sys=0.00, real=0.00 secs] 
2014-07-10T12:34:18.662+0200: 4.160: [GC (Allocation Failure) 4.160: [ParNew: 1090K->96K(1152K), 0.0011523 secs] 153021K->153019K(355072K), 0.0012029 secs] [Times: user=0.00 sys=0.00, real=0.00 secs] 
2014-07-10T12:34:18.664+0200: 4.162: [GC (Allocation Failure) 4.162: [ParNew: 1090K->96K(1152K), 0.0012755 secs] 154014K->154012K(355072K), 0.0013279 secs] [Times: user=0.00 sys=0.00, real=0.00 secs] 
2014-07-10T12:34:18.665+0200: 4.163: [GC (Allocation Failure) 4.163: [ParNew: 1090K->96K(1152K), 0.0012814 secs] 155006K->155004K(355072K), 0.0013437 secs] [Times: user=0.00 sys=0.00, real=0.00 secs] 
2014-07-10T12:34:18.667+0200: 4.165: [GC (Allocation Failure) 4.165: [ParNew: 1090K->96K(1152K), 0.0012660 secs] 155999K->155997K(355072K), 0.0013184 secs] [Times: user=0.00 sys=0.00, real=0.00 secs] 
2014-07-10T12:34:18.669+0200: 4.166: [GC (Allocation Failure) 4.166: [ParNew: 1090K->96K(1152K), 0.0013547 secs] 156991K->156989K(355072K), 0.0014500 secs] [Times: user=0.00 sys=0.00, real=0.00 secs] 
2014-07-10T12:34:18.670+0200: 4.168: [GC (Allocation Failure) 4.168: [ParNew: 1090K->96K(1152K), 0.0014650 secs] 157984K->157982K(355072K), 0.0015281 secs] [Times: user=0.00 sys=0.00, real=0.00 secs] 
2014-07-10T12:34:18.672+0200: 4.170: [GC (Allocation Failure) 4.170: [ParNew: 1090K->96K(1152K), 0.0012630 secs] 158976K->158974K(355072K), 0.0013169 secs] [Times: user=0.03 sys=0.00, real=0.00 secs] 
2014-07-10T12:34:18.674+0200: 4.172: [GC (Allocation Failure) 4.172: [ParNew: 1090K->96K(1152K), 0.0012869 secs] 159969K->159967K(355072K), 0.0013481 secs] [Times: user=0.00 sys=0.00, real=0.00 secs] 
2014-07-10T12:34:18.676+0200: 4.173: [GC (Allocation Failure) 4.173: [ParNew: 1090K->96K(1152K), 0.0013279 secs] 160961K->160959K(355072K), 0.0013862 secs] [Times: user=0.00 sys=0.00, real=0.00 secs] 
2014-07-10T12:34:18.677+0200: 4.175: [GC (Allocation Failure) 4.175: [ParNew: 1090K->96K(1152K), 0.0014456 secs] 161954K->161952K(355072K), 0.0015134 secs] [Times: user=0.00 sys=0.00, real=0.00 secs] 
2014-07-10T12:34:18.679+0200: 4.177: [GC (Allocation Failure) 4.177: [ParNew: 1090K->96K(1152K), 0.0012975 secs] 162946K->162944K(355072K), 0.0013539 secs] [Times: user=0.00 sys=0.00, real=0.00 secs] 
2014-07-10T12:34:18.681+0200: 4.178: [GC (Allocation Failure) 4.178: [ParNew: 1090K->96K(1152K), 0.0012333 secs] 163939K->163937K(355072K), 0.0012946 secs] [Times: user=0.00 sys=0.00, real=0.00 secs] 
2014-07-10T12:34:18.682+0200: 4.180: [GC (Allocation Failure) 4.180: [ParNew: 1090K->96K(1152K), 0.0013506 secs] 164931K->164929K(355072K), 0.0014174 secs] [Times: user=0.00 sys=0.00, real=0.00 secs] 
2014-07-10T12:34:18.684+0200: 4.182: [GC (Allocation Failure) 4.182: [ParNew: 1090K->96K(1152K), 0.0012304 secs] 165923K->165921K(355072K), 0.0012843 secs] [Times: user=0.00 sys=0.00, real=0.00 secs] 
2014-07-10T12:34:18.686+0200: 4.184: [GC (Allocation Failure) 4.184: [ParNew: 1090K->96K(1152K), 0.0014082 secs] 166916K->166914K(355072K), 0.0014716 secs] [Times: user=0.00 sys=0.00, real=0.00 secs] 
2014-07-10T12:34:18.688+0200: 4.185: [GC (Allocation Failure) 4.185: [ParNew: 1090K->96K(1152K), 0.0013221 secs] 167908K->167906K(355072K), 0.0013807 secs] [Times: user=0.00 sys=0.00, real=0.00 secs] 
2014-07-10T12:34:18.689+0200: 4.187: [GC (Allocation Failure) 4.187: [ParNew: 1090K->96K(1152K), 0.0013466 secs] 168901K->168899K(355072K), 0.0014119 secs] [Times: user=0.03 sys=0.00, real=0.00 secs] 
2014-07-10T12:34:18.691+0200: 4.189: [GC (Allocation Failure) 4.189: [ParNew: 1090K->96K(1152K), 0.0012975 secs] 169893K->169891K(355072K), 0.0013598 secs] [Times: user=0.00 sys=0.00, real=0.00 secs] 
2014-07-10T12:34:18.693+0200: 4.190: [GC (Allocation Failure) 4.190: [ParNew: 1090K->96K(1152K), 0.0012528 secs] 170886K->170884K(355072K), 0.0013473 secs] [Times: user=0.00 sys=0.00, real=0.00 secs] 
2014-07-10T12:34:18.694+0200: 4.192: [GC (Allocation Failure) 4.192: [ParNew: 1090K->96K(1152K), 0.0013342 secs] 171878K->171876K(355072K), 0.0013902 secs] [Times: user=0.00 sys=0.00, real=0.00 secs] 
2014-07-10T12:34:18.696+0200: 4.194: [GC (Allocation Failure) 4.194: [ParNew: 1090K->96K(1152K), 0.0012319 secs] 172871K->172869K(355072K), 0.0012861 secs] [Times: user=0.00 sys=0.00, real=0.00 secs] 
2014-07-10T12:34:18.698+0200: 4.195: [GC (Allocation Failure) 4.195: [ParNew: 1090K->96K(1152K), 0.0012792 secs] 173863K->173861K(355072K), 0.0013327 secs] [Times: user=0.00 sys=0.00, real=0.00 secs] 
2014-07-10T12:34:18.699+0200: 4.197: [GC (Allocation Failure) 4.197: [ParNew: 1090K->96K(1152K), 0.0012722 secs] 174856K->174854K(355072K), 0.0013342 secs] [Times: user=0.00 sys=0.00, real=0.00 secs] 
2014-07-10T12:34:18.701+0200: 4.199: [GC (Allocation Failure) 4.199: [ParNew: 1090K->96K(1152K), 0.0017448 secs] 175848K->175846K(355072K), 0.0018214 secs] [Times: user=0.00 sys=0.00, real=0.00 secs] 
2014-07-10T12:34:18.703+0200: 4.201: [GC (Allocation Failure) 4.201: [ParNew: 1090K->96K(1152K), 0.0013067 secs] 176841K->176839K(355072K), 0.0013767 secs] [Times: user=0.00 sys=0.02, real=0.00 secs] 
2014-07-10T12:34:18.705+0200: 4.203: [GC (Allocation Failure) 4.203: [ParNew: 1090K->96K(1152K), 0.0013877 secs] 177833K->177831K(355072K), 0.0014478 secs] [Times: user=0.00 sys=0.00, real=0.00 secs] 
2014-07-10T12:34:18.707+0200: 4.204: [GC (Allocation Failure) 4.204: [ParNew: 1090K->96K(1152K), 0.0012143 secs] 178826K->178824K(355072K), 0.0012704 secs] [Times: user=0.00 sys=0.00, real=0.00 secs] 
2014-07-10T12:34:18.708+0200: 4.206: [GC (Allocation Failure) 4.206: [ParNew: 1090K->96K(1152K), 0.0012528 secs] 179818K->179816K(355072K), 0.0013092 secs] [Times: user=0.00 sys=0.00, real=0.00 secs] 
2014-07-10T12:34:18.710+0200: 4.207: [GC (Allocation Failure) 4.208: [ParNew: 1090K->96K(1152K), 0.0014760 secs] 180811K->180809K(355072K), 0.0015629 secs] [Times: user=0.00 sys=0.00, real=0.00 secs] 
2014-07-10T12:34:18.712+0200: 4.209: [GC (Allocation Failure) 4.209: [ParNew: 1090K->96K(1152K), 0.0012264 secs] 181803K->181801K(355072K), 0.0012806 secs] [Times: user=0.00 sys=0.00, real=0.00 secs] 
2014-07-10T12:34:18.713+0200: 4.211: [GC (Allocation Failure) 4.211: [ParNew: 1090K->96K(1152K), 0.0012275 secs] 182796K->182794K(355072K), 0.0012832 secs] [Times: user=0.00 sys=0.00, real=0.00 secs] 
2014-07-10T12:34:18.715+0200: 4.212: [GC (Allocation Failure) 4.212: [ParNew: 1090K->96K(1152K), 0.0012234 secs] 183788K->183786K(355072K), 0.0012803 secs] [Times: user=0.00 sys=0.00, real=0.00 secs] 
2014-07-10T12:34:18.716+0200: 4.214: [GC (Allocation Failure) 4.214: [ParNew: 1090K->96K(1152K), 0.0012894 secs] 184781K->184779K(355072K), 0.0013532 secs] [Times: user=0.00 sys=0.00, real=0.00 secs] 
2014-07-10T12:34:18.718+0200: 4.216: [GC (Allocation Failure) 4.216: [ParNew: 1090K->96K(1152K), 0.0014716 secs] 185773K->185771K(355072K), 0.0015376 secs] [Times: user=0.00 sys=0.00, real=0.00 secs] 
2014-07-10T12:34:18.720+0200: 4.218: [GC (Allocation Failure) 4.218: [ParNew: 1090K->96K(1152K), 0.0013627 secs] 186766K->186764K(355072K), 0.0014350 secs] [Times: user=0.03 sys=0.00, real=0.00 secs] 
2014-07-10T12:34:18.722+0200: 4.219: [GC (Allocation Failure) 4.219: [ParNew: 1090K->96K(1152K), 0.0013880 secs] 187758K->187756K(355072K), 0.0014493 secs] [Times: user=0.00 sys=0.00, real=0.00 secs] 
2014-07-10T12:34:18.723+0200: 4.221: [GC (Allocation Failure) 4.221: [ParNew: 1090K->96K(1152K), 0.0012421 secs] 188751K->188749K(355072K), 0.0012979 secs] [Times: user=0.00 sys=0.00, real=0.00 secs] 
2014-07-10T12:34:18.725+0200: 4.223: [GC (Allocation Failure) 4.223: [ParNew: 1090K->96K(1152K), 0.0014324 secs] 189743K->189741K(355072K), 0.0015021 secs] [Times: user=0.00 sys=0.00, real=0.00 secs] 
2014-07-10T12:34:18.727+0200: 4.225: [GC (Allocation Failure) 4.225: [ParNew: 1090K->96K(1152K), 0.0013759 secs] 190736K->190734K(355072K), 0.0014368 secs] [Times: user=0.00 sys=0.00, real=0.00 secs] 
2014-07-10T12:34:18.729+0200: 4.226: [GC (Allocation Failure) 4.226: [ParNew: 1090K->96K(1152K), 0.0012187 secs] 191728K->191726K(355072K), 0.0012722 secs] [Times: user=0.00 sys=0.00, real=0.00 secs] 
2014-07-10T12:34:18.730+0200: 4.228: [GC (Allocation Failure) 4.228: [ParNew: 1090K->96K(1152K), 0.0012282 secs] 192721K->192719K(355072K), 0.0012858 secs] [Times: user=0.00 sys=0.00, real=0.00 secs] 
2014-07-10T12:34:18.732+0200: 4.230: [GC (Allocation Failure) 4.230: [ParNew: 1090K->96K(1152K), 0.0015926 secs] 193713K->193711K(355072K), 0.0016703 secs] [Times: user=0.00 sys=0.00, real=0.00 secs] 
2014-07-10T12:34:18.734+0200: 4.232: [GC (Allocation Failure) 4.232: [ParNew: 1090K->96K(1152K), 0.0016597 secs] 194706K->194704K(355072K), 0.0017517 secs] [Times: user=0.02 sys=0.00, real=0.00 secs] 
2014-07-10T12:34:18.736+0200: 4.234: [GC (Allocation Failure) 4.234: [ParNew: 1090K->96K(1152K), 0.0015453 secs] 195698K->195696K(355072K), 0.0016297 secs] [Times: user=0.00 sys=0.00, real=0.00 secs] 
2014-07-10T12:34:18.738+0200: 4.236: [GC (Allocation Failure) 4.236: [ParNew: 1090K->96K(1152K), 0.0015761 secs] 196691K->196689K(355072K), 0.0016465 secs] [Times: user=0.00 sys=0.00, real=0.00 secs] 
2014-07-10T12:34:18.740+0200: 4.238: [GC (Allocation Failure) 4.238: [ParNew: 1090K->96K(1152K), 0.0013697 secs] 197683K->197681K(355072K), 0.0014577 secs] [Times: user=0.00 sys=0.00, real=0.00 secs] 
2014-07-10T12:34:18.742+0200: 4.240: [GC (Allocation Failure) 4.240: [ParNew: 1090K->96K(1152K), 0.0013748 secs] 198675K->198673K(355072K), 0.0014361 secs] [Times: user=0.00 sys=0.00, real=0.00 secs] 
2014-07-10T12:34:18.744+0200: 4.242: [GC (Allocation Failure) 4.242: [ParNew: 1090K->96K(1152K), 0.0012282 secs] 199668K->199666K(355072K), 0.0012825 secs] [Times: user=0.00 sys=0.00, real=0.00 secs] 
2014-07-10T12:34:18.745+0200: 4.243: [GC (Allocation Failure) 4.243: [ParNew: 1090K->96K(1152K), 0.0012619 secs] 200660K->200658K(355072K), 0.0013162 secs] [Times: user=0.00 sys=0.00, real=0.00 secs] 
2014-07-10T12:34:18.747+0200: 4.245: [GC (Allocation Failure) 4.245: [ParNew: 1090K->96K(1152K), 0.0012458 secs] 201653K->201651K(355072K), 0.0013019 secs] [Times: user=0.00 sys=0.00, real=0.00 secs] 
2014-07-10T12:34:18.749+0200: 4.246: [GC (Allocation Failure) 4.246: [ParNew: 1090K->96K(1152K), 0.0013565 secs] 202645K->202643K(355072K), 0.0014511 secs] [Times: user=0.00 sys=0.00, real=0.00 secs] 
2014-07-10T12:34:18.750+0200: 4.248: [GC (Allocation Failure) 4.248: [ParNew: 1090K->96K(1152K), 0.0014863 secs] 203638K->203636K(355072K), 0.0015626 secs] [Times: user=0.03 sys=0.00, real=0.00 secs] 
2014-07-10T12:34:18.752+0200: 4.250: [GC (Allocation Failure) 4.250: [ParNew: 1090K->96K(1152K), 0.0014621 secs] 204630K->204628K(355072K), 0.0015321 secs] [Times: user=0.00 sys=0.00, real=0.00 secs] 
2014-07-10T12:34:18.754+0200: 4.252: [GC (Allocation Failure) 4.252: [ParNew: 1090K->96K(1152K), 0.0014353 secs] 205623K->205621K(355072K), 0.0014991 secs] [Times: user=0.00 sys=0.00, real=0.00 secs] 
2014-07-10T12:34:18.756+0200: 4.254: [GC (Allocation Failure) 4.254: [ParNew: 1090K->96K(1152K), 0.0012564 secs] 206615K->206613K(355072K), 0.0015050 secs] [Times: user=0.00 sys=0.00, real=0.00 secs] 
2014-07-10T12:34:18.758+0200: 4.256: [GC (Allocation Failure) 4.256: [ParNew: 1090K->96K(1152K), 0.0013598 secs] 207608K->207606K(355072K), 0.0014254 secs] [Times: user=0.00 sys=0.00, real=0.00 secs] 
2014-07-10T12:34:18.760+0200: 4.257: [GC (Allocation Failure) 4.258: [ParNew: 1090K->96K(1152K), 0.0012396 secs] 208600K->208598K(355072K), 0.0012935 secs] [Times: user=0.00 sys=0.00, real=0.00 secs] 
2014-07-10T12:34:18.761+0200: 4.259: [GC (Allocation Failure) 4.259: [ParNew: 1090K->96K(1152K), 0.0012722 secs] 209593K->209591K(355072K), 0.0013301 secs] [Times: user=0.00 sys=0.00, real=0.00 secs] 
2014-07-10T12:34:18.763+0200: 4.261: [GC (Allocation Failure) 4.261: [ParNew: 1090K->96K(1152K), 0.0012715 secs] 210585K->210583K(355072K), 0.0013327 secs] [Times: user=0.00 sys=0.00, real=0.00 secs] 
2014-07-10T12:34:18.765+0200: 4.262: [GC (Allocation Failure) 4.262: [ParNew: 1098K->106K(1152K), 0.0012960 secs] 211586K->211426K(355072K), 0.0013770 secs] [Times: user=0.00 sys=0.00, real=0.00 secs] 
2014-07-10T12:34:18.766+0200: 4.264: [GC (Allocation Failure) 4.264: [ParNew: 1100K->96K(1152K), 0.0015013 secs] 212420K->212416K(355072K), 0.0015644 secs] [Times: user=0.00 sys=0.02, real=0.00 secs] 
2014-07-10T12:34:18.768+0200: 4.266: [GC (Allocation Failure) 4.266: [ParNew: 1090K->96K(1152K), 0.0013726 secs] 213411K->213409K(355072K), 0.0014379 secs] [Times: user=0.00 sys=0.00, real=0.00 secs] 
2014-07-10T12:34:18.770+0200: 4.268: [GC (Allocation Failure) 4.268: [ParNew: 1090K->96K(1152K), 0.0012759 secs] 214403K->214401K(355072K), 0.0013309 secs] [Times: user=0.00 sys=0.00, real=0.00 secs] 
2014-07-10T12:34:18.772+0200: 4.269: [GC (Allocation Failure) 4.269: [ParNew: 1090K->96K(1152K), 0.0013448 secs] 215396K->215394K(355072K), 0.0014056 secs] [Times: user=0.00 sys=0.00, real=0.00 secs] 
2014-07-10T12:34:18.773+0200: 4.271: [GC (Allocation Failure) 4.271: [ParNew: 1090K->96K(1152K), 0.0014060 secs] 216388K->216386K(355072K), 0.0014760 secs] [Times: user=0.00 sys=0.00, real=0.00 secs] 
2014-07-10T12:34:18.775+0200: 4.273: [GC (Allocation Failure) 4.273: [ParNew: 1090K->96K(1152K), 0.0013800 secs] 217381K->217379K(355072K), 0.0014438 secs] [Times: user=0.00 sys=0.00, real=0.00 secs] 
2014-07-10T12:34:18.777+0200: 4.275: [GC (Allocation Failure) 4.275: [ParNew: 1090K->96K(1152K), 0.0012645 secs] 218373K->218371K(355072K), 0.0013246 secs] [Times: user=0.00 sys=0.00, real=0.00 secs] 
2014-07-10T12:34:18.778+0200: 4.276: [GC (Allocation Failure) 4.276: [ParNew: 1090K->96K(1152K), 0.0013037 secs] 219366K->219364K(355072K), 0.0013572 secs] [Times: user=0.00 sys=0.00, real=0.00 secs] 
2014-07-10T12:34:18.780+0200: 4.278: [GC (Allocation Failure) 4.278: [ParNew: 1090K->96K(1152K), 0.0012509 secs] 220358K->220356K(355072K), 0.0013089 secs] [Times: user=0.00 sys=0.00, real=0.00 secs] 
2014-07-10T12:34:18.782+0200: 4.279: [GC (Allocation Failure) 4.280: [ParNew: 1090K->96K(1152K), 0.0015292 secs] 221351K->221349K(355072K), 0.0016245 secs] [Times: user=0.03 sys=0.00, real=0.00 secs] 
2014-07-10T12:34:18.784+0200: 4.282: [GC (Allocation Failure) 4.282: [ParNew: 1090K->96K(1152K), 0.0015002 secs] 222343K->222341K(355072K), 0.0015893 secs] [Times: user=0.00 sys=0.00, real=0.00 secs] 
2014-07-10T12:34:18.786+0200: 4.284: [GC (Allocation Failure) 4.284: [ParNew: 1090K->96K(1152K), 0.0013213 secs] 223336K->223334K(355072K), 0.0013822 secs] [Times: user=0.00 sys=0.00, real=0.00 secs] 
2014-07-10T12:34:18.788+0200: 4.285: [GC (Allocation Failure) 4.285: [ParNew: 1090K->96K(1152K), 0.0013686 secs] 224328K->224326K(355072K), 0.0014313 secs] [Times: user=0.00 sys=0.00, real=0.00 secs] 
2014-07-10T12:34:18.789+0200: 4.287: [GC (Allocation Failure) 4.287: [ParNew: 1090K->96K(1152K), 0.0014735 secs] 225321K->225319K(355072K), 0.0015376 secs] [Times: user=0.00 sys=0.00, real=0.00 secs] 
2014-07-10T12:34:18.791+0200: 4.289: [GC (Allocation Failure) 4.289: [ParNew: 1090K->96K(1152K), 0.0013767 secs] 226313K->226311K(355072K), 0.0014383 secs] [Times: user=0.00 sys=0.00, real=0.00 secs] 
2014-07-10T12:34:18.793+0200: 4.291: [GC (Allocation Failure) 4.291: [ParNew: 1090K->96K(1152K), 0.0012454 secs] 227305K->227303K(355072K), 0.0013026 secs] [Times: user=0.00 sys=0.00, real=0.00 secs] 
2014-07-10T12:34:18.794+0200: 4.292: [GC (Allocation Failure) 4.292: [ParNew: 1090K->96K(1152K), 0.0012843 secs] 228298K->228296K(355072K), 0.0013437 secs] [Times: user=0.00 sys=0.00, real=0.00 secs] 
2014-07-10T12:34:18.796+0200: 4.294: [GC (Allocation Failure) 4.294: [ParNew: 1090K->96K(1152K), 0.0013107 secs] 229290K->229288K(355072K), 0.0013693 secs] [Times: user=0.00 sys=0.00, real=0.00 secs] 
2014-07-10T12:34:18.798+0200: 4.296: [GC (Allocation Failure) 4.296: [ParNew: 1090K->96K(1152K), 0.0014078 secs] 230283K->230281K(355072K), 0.0014757 secs] [Times: user=0.03 sys=0.00, real=0.00 secs] 
2014-07-10T12:34:18.800+0200: 4.297: [GC (Allocation Failure) 4.297: [ParNew: 1090K->96K(1152K), 0.0012832 secs] 231275K->231273K(355072K), 0.0013470 secs] [Times: user=0.00 sys=0.00, real=0.00 secs] 
2014-07-10T12:34:18.801+0200: 4.299: [GC (Allocation Failure) 4.299: [ParNew: 1090K->96K(1152K), 0.0013536 secs] 232268K->232266K(355072K), 0.0014240 secs] [Times: user=0.00 sys=0.00, real=0.00 secs] 
2014-07-10T12:34:18.803+0200: 4.301: [GC (Allocation Failure) 4.301: [ParNew: 1090K->96K(1152K), 0.0014298 secs] 233260K->233258K(355072K), 0.0014995 secs] [Times: user=0.00 sys=0.00, real=0.00 secs] 
2014-07-10T12:34:18.805+0200: 4.303: [GC (Allocation Failure) 4.303: [ParNew: 1090K->96K(1152K), 0.0018573 secs] 234253K->234251K(355072K), 0.0019277 secs] [Times: user=0.00 sys=0.00, real=0.00 secs] 
2014-07-10T12:34:18.807+0200: 4.305: [GC (Allocation Failure) 4.305: [ParNew: 1090K->96K(1152K), 0.0015912 secs] 235245K->235243K(355072K), 0.0016615 secs] [Times: user=0.00 sys=0.00, real=0.00 secs] 
2014-07-10T12:34:18.809+0200: 4.307: [GC (Allocation Failure) 4.307: [ParNew: 1090K->96K(1152K), 0.0014672 secs] 236238K->236236K(355072K), 0.0015358 secs] [Times: user=0.00 sys=0.00, real=0.00 secs] 
2014-07-10T12:34:18.811+0200: 4.309: [GC (Allocation Failure) 4.309: [ParNew: 1090K->96K(1152K), 0.0014573 secs] 237230K->237228K(355072K), 0.0015248 secs] [Times: user=0.00 sys=0.00, real=0.00 secs] 
2014-07-10T12:34:18.813+0200: 4.311: [GC (Allocation Failure) 4.311: [ParNew: 1090K->96K(1152K), 0.0015281 secs] 238223K->238221K(355072K), 0.0015996 secs] [Times: user=0.03 sys=0.00, real=0.00 secs] 
2014-07-10T12:34:18.815+0200: 4.313: [GC (Allocation Failure) 4.313: [ParNew: 1090K->96K(1152K), 0.0016179 secs] 239215K->239213K(355072K), 0.0016989 secs] [Times: user=0.00 sys=0.00, real=0.00 secs] 
2014-07-10T12:34:18.818+0200: 4.315: [GC (Allocation Failure) 4.315: [ParNew: 1090K->96K(1152K), 0.0014804 secs] 240208K->240206K(355072K), 0.0015508 secs] [Times: user=0.00 sys=0.00, real=0.00 secs] 
2014-07-10T12:34:18.819+0200: 4.317: [GC (Allocation Failure) 4.317: [ParNew: 1090K->96K(1152K), 0.0014045 secs] 241200K->241198K(355072K), 0.0014698 secs] [Times: user=0.00 sys=0.00, real=0.00 secs] 
2014-07-10T12:34:18.821+0200: 4.319: [GC (Allocation Failure) 4.319: [ParNew: 1090K->96K(1152K), 0.0019200 secs] 242193K->242191K(355072K), 0.0020018 secs] [Times: user=0.00 sys=0.00, real=0.00 secs] 
2014-07-10T12:34:18.824+0200: 4.321: [GC (Allocation Failure) 4.321: [ParNew: 1090K->96K(1152K), 0.0014500 secs] 243185K->243183K(355072K), 0.0015156 secs] [Times: user=0.00 sys=0.00, real=0.00 secs] 
2014-07-10T12:34:18.825+0200: 4.323: [GC (Allocation Failure) 4.323: [ParNew: 1090K->96K(1152K), 0.0013484 secs] 244178K->244176K(355072K), 0.0014163 secs] [Times: user=0.00 sys=0.00, real=0.00 secs] 
2014-07-10T12:34:18.827+0200: 4.325: [GC (Allocation Failure) 4.325: [ParNew: 1090K->96K(1152K), 0.0012616 secs] 245170K->245168K(355072K), 0.0013213 secs] [Times: user=0.00 sys=0.00, real=0.00 secs] 
2014-07-10T12:34:18.829+0200: 4.326: [GC (Allocation Failure) 4.326: [ParNew: 1090K->96K(1152K), 0.0016278 secs] 246163K->246161K(355072K), 0.0016964 secs] [Times: user=0.03 sys=0.00, real=0.00 secs] 
2014-07-10T12:34:18.831+0200: 4.329: [GC (Allocation Failure) 4.329: [ParNew: 1090K->96K(1152K), 0.0014595 secs] 247155K->247153K(355072K), 0.0015303 secs] [Times: user=0.00 sys=0.00, real=0.00 secs] 
2014-07-10T12:34:18.833+0200: 4.331: [GC (Allocation Failure) 4.331: [ParNew: 1090K->96K(1152K), 0.0016711 secs] 248148K->248146K(355072K), 0.0017536 secs] [Times: user=0.00 sys=0.00, real=0.00 secs] 
2014-07-10T12:34:18.835+0200: 4.333: [GC (Allocation Failure) 4.333: [ParNew: 1090K->96K(1152K), 0.0014720 secs] 249140K->249138K(355072K), 0.0015450 secs] [Times: user=0.00 sys=0.00, real=0.00 secs] 
2014-07-10T12:34:18.837+0200: 4.335: [GC (Allocation Failure) 4.335: [ParNew: 1090K->96K(1152K), 0.0020872 secs] 250133K->250131K(355072K), 0.0022514 secs] [Times: user=0.00 sys=0.00, real=0.00 secs] 
2014-07-10T12:34:18.840+0200: 4.338: [GC (Allocation Failure) 4.338: [ParNew: 1090K->96K(1152K), 0.0016916 secs] 251125K->251123K(355072K), 0.0017668 secs] [Times: user=0.00 sys=0.00, real=0.00 secs] 
2014-07-10T12:34:18.842+0200: 4.340: [GC (Allocation Failure) 4.340: [ParNew: 1090K->96K(1152K), 0.0014753 secs] 252118K->252116K(355072K), 0.0015439 secs] [Times: user=0.00 sys=0.00, real=0.00 secs] 
2014-07-10T12:34:18.844+0200: 4.342: [GC (Allocation Failure) 4.342: [ParNew: 1090K->96K(1152K), 0.0013792 secs] 253110K->253108K(355072K), 0.0016593 secs] [Times: user=0.03 sys=0.00, real=0.00 secs] 
2014-07-10T12:34:18.847+0200: 4.344: [GC (Allocation Failure) 4.344: [ParNew: 1090K->96K(1152K), 0.0017165 secs] 254103K->254101K(355072K), 0.0017998 secs] [Times: user=0.00 sys=0.00, real=0.00 secs] 
2014-07-10T12:34:18.849+0200: 4.346: [GC (Allocation Failure) 4.346: [ParNew: 1090K->96K(1152K), 0.0015244 secs] 255095K->255093K(355072K), 0.0015805 secs] [Times: user=0.00 sys=0.00, real=0.00 secs] 
2014-07-10T12:34:18.851+0200: 4.348: [GC (Allocation Failure) 4.348: [ParNew: 1090K->96K(1152K), 0.0014163 secs] 256088K->256086K(355072K), 0.0015996 secs] [Times: user=0.00 sys=0.00, real=0.00 secs] 
2014-07-10T12:34:18.853+0200: 4.350: [GC (Allocation Failure) 4.350: [ParNew: 1090K->96K(1152K), 0.0015703 secs] 257080K->257078K(355072K), 0.0016483 secs] [Times: user=0.00 sys=0.00, real=0.00 secs] 
2014-07-10T12:34:18.855+0200: 4.352: [GC (Allocation Failure) 4.352: [ParNew: 1090K->96K(1152K), 0.0016198 secs] 258073K->258071K(355072K), 0.0016964 secs] [Times: user=0.00 sys=0.00, real=0.00 secs] 
2014-07-10T12:34:18.857+0200: 4.355: [GC (Allocation Failure) 4.355: [ParNew: 1090K->96K(1152K), 0.0014298 secs] 259065K->259063K(355072K), 0.0014947 secs] [Times: user=0.00 sys=0.00, real=0.00 secs] 
2014-07-10T12:34:18.859+0200: 4.356: [GC (Allocation Failure) 4.356: [ParNew: 1090K->96K(1152K), 0.0012828 secs] 260057K->260055K(355072K), 0.0013404 secs] [Times: user=0.00 sys=0.00, real=0.00 secs] 
2014-07-10T12:34:18.860+0200: 4.358: [GC (Allocation Failure) 4.358: [ParNew: 1090K->96K(1152K), 0.0014287 secs] 261050K->261048K(355072K), 0.0015090 secs] [Times: user=0.03 sys=0.00, real=0.00 secs] 
2014-07-10T12:34:18.862+0200: 4.360: [GC (Allocation Failure) 4.360: [ParNew: 1090K->96K(1152K), 0.0014280 secs] 262042K->262040K(355072K), 0.0014914 secs] [Times: user=0.00 sys=0.00, real=0.00 secs] 
2014-07-10T12:34:18.864+0200: 4.362: [GC (Allocation Failure) 4.362: [ParNew: 1090K->96K(1152K), 0.0013158 secs] 263035K->263033K(355072K), 0.0013745 secs] [Times: user=0.00 sys=0.00, real=0.00 secs] 
2014-07-10T12:34:18.866+0200: 4.363: [GC (Allocation Failure) 4.363: [ParNew: 1090K->96K(1152K), 0.0012971 secs] 264027K->264025K(355072K), 0.0013653 secs] [Times: user=0.00 sys=0.00, real=0.00 secs] 
2014-07-10T12:34:18.867+0200: 4.365: [GC (Allocation Failure) 4.365: [ParNew: 1090K->96K(1152K), 0.0014361 secs] 265020K->265018K(355072K), 0.0015167 secs] [Times: user=0.00 sys=0.00, real=0.00 secs] 
2014-07-10T12:34:18.869+0200: 4.367: [GC (Allocation Failure) 4.367: [ParNew: 1090K->96K(1152K), 0.0073750 secs] 266012K->266010K(355072K), 0.0074443 secs] [Times: user=0.02 sys=0.01, real=0.01 secs] 
2014-07-10T12:34:18.877+0200: 4.375: [GC (Allocation Failure) 4.375: [ParNew: 1090K->96K(1152K), 0.0019548 secs] 267005K->267003K(355072K), 0.0020315 secs] [Times: user=0.00 sys=0.00, real=0.00 secs] 
2014-07-10T12:34:18.880+0200: 4.377: [GC (Allocation Failure) 4.377: [ParNew: 1090K->96K(1152K), 0.0015728 secs] 267997K->267995K(355072K), 0.0016443 secs] [Times: user=0.00 sys=0.00, real=0.00 secs] 
2014-07-10T12:34:18.882+0200: 4.380: [GC (Allocation Failure) 4.380: [ParNew: 1090K->96K(1152K), 0.0014434 secs] 268990K->268988K(355072K), 0.0015134 secs] [Times: user=0.00 sys=0.00, real=0.00 secs] 
2014-07-10T12:34:18.884+0200: 4.382: [GC (Allocation Failure) 4.382: [ParNew: 1090K->96K(1152K), 0.0018353 secs] 269982K->269980K(355072K), 0.0019109 secs] [Times: user=0.00 sys=0.00, real=0.00 secs] 
2014-07-10T12:34:18.886+0200: 4.384: [GC (Allocation Failure) 4.384: [ParNew: 1090K->96K(1152K), 0.0016432 secs] 270975K->270973K(355072K), 0.0017147 secs] [Times: user=0.00 sys=0.00, real=0.00 secs] 
2014-07-10T12:34:18.888+0200: 4.386: [GC (Allocation Failure) 4.386: [ParNew: 1090K->96K(1152K), 0.0016392 secs] 271967K->271965K(355072K), 0.0017070 secs] [Times: user=0.00 sys=0.00, real=0.00 secs] 
2014-07-10T12:34:18.890+0200: 4.388: [GC (Allocation Failure) 4.388: [ParNew: 1090K->96K(1152K), 0.0014760 secs] 272960K->272958K(355072K), 0.0015519 secs] [Times: user=0.03 sys=0.00, real=0.00 secs] 
2014-07-10T12:34:18.892+0200: 4.390: [GC (Allocation Failure) 4.390: [ParNew: 1090K->96K(1152K), 0.0016667 secs] 273952K->273950K(355072K), 0.0017444 secs] [Times: user=0.00 sys=0.00, real=0.00 secs] 
2014-07-10T12:34:18.894+0200: 4.392: [GC (Allocation Failure) 4.392: [ParNew: 1090K->96K(1152K), 0.0014383 secs] 274945K->274943K(355072K), 0.0014962 secs] [Times: user=0.00 sys=0.00, real=0.00 secs] 
2014-07-10T12:34:18.896+0200: 4.394: [GC (Allocation Failure) 4.394: [ParNew: 1090K->96K(1152K), 0.0012883 secs] 275937K->275935K(355072K), 0.0013455 secs] [Times: user=0.00 sys=0.00, real=0.00 secs] 
2014-07-10T12:34:18.898+0200: 4.396: [GC (Allocation Failure) 4.396: [ParNew: 1098K->106K(1152K), 0.0011805 secs] 276938K->276714K(355072K), 0.0012403 secs] [Times: user=0.00 sys=0.00, real=0.00 secs] 
2014-07-10T12:34:18.899+0200: 4.397: [GC (Allocation Failure) 4.397: [ParNew: 1100K->96K(1152K), 0.0014009 secs] 277708K->277704K(355072K), 0.0014676 secs] [Times: user=0.00 sys=0.00, real=0.00 secs] 
2014-07-10T12:34:18.901+0200: 4.399: [GC (Allocation Failure) 4.399: [ParNew: 1090K->96K(1152K), 0.0016436 secs] 278699K->278697K(355072K), 0.0017099 secs] [Times: user=0.00 sys=0.00, real=0.00 secs] 
2014-07-10T12:34:18.903+0200: 4.401: [GC (Allocation Failure) 4.401: [ParNew: 1090K->96K(1152K), 0.0014339 secs] 279691K->279689K(355072K), 0.0015010 secs] [Times: user=0.00 sys=0.00, real=0.00 secs] 
2014-07-10T12:34:18.905+0200: 4.403: [GC (Allocation Failure) 4.403: [ParNew: 1090K->96K(1152K), 0.0015769 secs] 280684K->280682K(355072K), 0.0016399 secs] [Times: user=0.00 sys=0.00, real=0.00 secs] 
2014-07-10T12:34:18.907+0200: 4.404: [GC (Allocation Failure) 4.404: [ParNew: 1090K->96K(1152K), 0.0016762 secs] 281676K->281674K(355072K), 0.0017554 secs] [Times: user=0.03 sys=0.00, real=0.00 secs] 
2014-07-10T12:34:18.909+0200: 4.406: [GC (Allocation Failure) 4.407: [ParNew: 1090K->96K(1152K), 0.0015123 secs] 282669K->282667K(355072K), 0.0015747 secs] [Times: user=0.00 sys=0.00, real=0.00 secs] 
2014-07-10T12:34:18.911+0200: 4.408: [GC (Allocation Failure) 4.408: [ParNew: 1090K->96K(1152K), 0.0014122 secs] 283661K->283659K(355072K), 0.0014698 secs] [Times: user=0.00 sys=0.00, real=0.00 secs] 
2014-07-10T12:34:18.912+0200: 4.410: [GC (Allocation Failure) 4.410: [ParNew: 1090K->96K(1152K), 0.0014364 secs] 284654K->284652K(355072K), 0.0014958 secs] [Times: user=0.00 sys=0.00, real=0.00 secs] 
2014-07-10T12:34:18.914+0200: 4.412: [GC (Allocation Failure) 4.412: [ParNew: 1090K->96K(1152K), 0.0014262 secs] 285646K->285644K(355072K), 0.0014874 secs] [Times: user=0.00 sys=0.00, real=0.00 secs] 
2014-07-10T12:34:18.916+0200: 4.413: [GC (Allocation Failure) 4.414: [ParNew: 1090K->96K(1152K), 0.0014430 secs] 286638K->286636K(355072K), 0.0015039 secs] [Times: user=0.00 sys=0.00, real=0.00 secs] 
2014-07-10T12:34:18.918+0200: 4.415: [GC (Allocation Failure) 4.415: [ParNew: 1090K->96K(1152K), 0.0015563 secs] 287631K->287629K(355072K), 0.0016194 secs] [Times: user=0.00 sys=0.00, real=0.00 secs] 
2014-07-10T12:34:18.919+0200: 4.417: [GC (Allocation Failure) 4.417: [ParNew: 1090K->96K(1152K), 0.0014731 secs] 288623K->288621K(355072K), 0.0015343 secs] [Times: user=0.00 sys=0.00, real=0.00 secs] 
2014-07-10T12:34:18.921+0200: 4.419: [GC (Allocation Failure) 4.419: [ParNew: 1090K->96K(1152K), 0.0016824 secs] 289616K->289614K(355072K), 0.0017517 secs] [Times: user=0.02 sys=0.02, real=0.00 secs] 
2014-07-10T12:34:18.923+0200: 4.421: [GC (Allocation Failure) 4.421: [ParNew: 1090K->96K(1152K), 0.0016901 secs] 290608K->290606K(355072K), 0.0017675 secs] [Times: user=0.00 sys=0.00, real=0.00 secs] 
2014-07-10T12:34:18.925+0200: 4.423: [GC (Allocation Failure) 4.423: [ParNew: 1090K->96K(1152K), 0.0016201 secs] 291601K->291599K(355072K), 0.0016876 secs] [Times: user=0.00 sys=0.00, real=0.00 secs] 
2014-07-10T12:34:18.927+0200: 4.425: [GC (Allocation Failure) 4.425: [ParNew: 1090K->96K(1152K), 0.0015996 secs] 292593K->292591K(355072K), 0.0016700 secs] [Times: user=0.00 sys=0.00, real=0.00 secs] 
2014-07-10T12:34:18.929+0200: 4.427: [GC (Allocation Failure) 4.427: [ParNew: 1090K->96K(1152K), 0.0016308 secs] 293586K->293584K(355072K), 0.0017004 secs] [Times: user=0.00 sys=0.00, real=0.00 secs] 
2014-07-10T12:34:18.931+0200: 4.429: [GC (Allocation Failure) 4.429: [ParNew: 1090K->96K(1152K), 0.0016971 secs] 294578K->294576K(355072K), 0.0017664 secs] [Times: user=0.00 sys=0.00, real=0.00 secs] 
2014-07-10T12:34:18.933+0200: 4.431: [GC (Allocation Failure) 4.431: [ParNew: 1090K->96K(1152K), 0.0018493 secs] 295571K->295569K(355072K), 0.0019266 secs] [Times: user=0.00 sys=0.00, real=0.00 secs] 
2014-07-10T12:34:18.935+0200: 4.433: [GC (Allocation Failure) 4.433: [ParNew: 1090K->96K(1152K), 0.0018962 secs] 296563K->296561K(355072K), 0.0019944 secs] [Times: user=0.00 sys=0.00, real=0.00 secs] 
2014-07-10T12:34:18.938+0200: 4.436: [GC (Allocation Failure) 4.436: [ParNew: 1090K->96K(1152K), 0.0023996 secs] 297556K->297554K(355072K), 0.0024872 secs] [Times: user=0.03 sys=0.00, real=0.00 secs] 
2014-07-10T12:34:18.942+0200: 4.440: [GC (Allocation Failure) 4.440: [ParNew: 1090K->96K(1152K), 0.0018273 secs] 298548K->298546K(355072K), 0.0019032 secs] [Times: user=0.00 sys=0.00, real=0.00 secs] 
2014-07-10T12:34:18.944+0200: 4.442: [GC (Allocation Failure) 4.442: [ParNew: 1090K->96K(1152K), 0.0015805 secs] 299541K->299539K(355072K), 0.0016480 secs] [Times: user=0.00 sys=0.00, real=0.00 secs] 
2014-07-10T12:34:18.946+0200: 4.444: [GC (Allocation Failure) 4.444: [ParNew: 1090K->96K(1152K), 0.0019585 secs] 300533K->300531K(355072K), 0.0020388 secs] [Times: user=0.00 sys=0.00, real=0.00 secs] 
2014-07-10T12:34:18.948+0200: 4.446: [GC (Allocation Failure) 4.446: [ParNew: 1090K->96K(1152K), 0.0021701 secs] 301526K->301524K(355072K), 0.0022489 secs] [Times: user=0.00 sys=0.00, real=0.00 secs] 
2014-07-10T12:34:18.951+0200: 4.449: [GC (Allocation Failure) 4.449: [ParNew: 1090K->96K(1152K), 0.0018020 secs] 302518K->302516K(355072K), 0.0018742 secs] [Times: user=0.00 sys=0.00, real=0.00 secs] 
2014-07-10T12:34:18.953+0200: 4.451: [GC (Allocation Failure) 4.451: [ParNew: 1090K->96K(1152K), 0.0018995 secs] 303511K->303509K(355072K), 0.0019772 secs] [Times: user=0.03 sys=0.00, real=0.00 secs] 
2014-07-10T12:34:18.956+0200: 4.453: [GC (Allocation Failure) 4.453: [ParNew: 1090K->96K(1152K), 0.0017202 secs] 304503K->304501K(355072K), 0.0017880 secs] [Times: user=0.00 sys=0.00, real=0.00 secs] 
2014-07-10T12:34:18.958+0200: 4.455: [GC (Allocation Failure) 4.455: [ParNew: 1090K->96K(1152K), 0.0015831 secs] 305496K->305494K(355072K), 0.0016505 secs] [Times: user=0.00 sys=0.00, real=0.00 secs] 
2014-07-10T12:34:18.960+0200: 4.457: [GC (Allocation Failure) 4.457: [ParNew: 1090K->96K(1152K), 0.0016000 secs] 306488K->306486K(355072K), 0.0016711 secs] [Times: user=0.00 sys=0.00, real=0.00 secs] 
2014-07-10T12:34:18.962+0200: 4.459: [GC (Allocation Failure) 4.459: [ParNew: 1090K->96K(1152K), 0.0016560 secs] 307481K->307479K(355072K), 0.0017279 secs] [Times: user=0.00 sys=0.00, real=0.00 secs] 
2014-07-10T12:34:18.964+0200: 4.461: [GC (Allocation Failure) 4.461: [ParNew: 1090K->96K(1152K), 0.0016132 secs] 308473K->308471K(355072K), 0.0016810 secs] [Times: user=0.00 sys=0.00, real=0.00 secs] 
2014-07-10T12:34:18.966+0200: 4.463: [GC (Allocation Failure) 4.463: [ParNew: 1090K->96K(1152K), 0.0015747 secs] 309466K->309464K(355072K), 0.0016428 secs] [Times: user=0.00 sys=0.00, real=0.00 secs] 
2014-07-10T12:34:18.967+0200: 4.465: [GC (Allocation Failure) 4.465: [ParNew: 1090K->96K(1152K), 0.0016832 secs] 310458K->310456K(355072K), 0.0017576 secs] [Times: user=0.00 sys=0.00, real=0.00 secs] 
2014-07-10T12:34:18.969+0200: 4.467: [GC (CMS Initial Mark) [1 CMS-initial-mark: 310360K(353920K)] 310522K(355072K), 0.0001375 secs] [Times: user=0.02 sys=0.00, real=0.00 secs] 
2014-07-10T12:34:18.970+0200: 4.467: [CMS-concurrent-mark-start]
2014-07-10T12:34:18.970+0200: 4.467: [GC (Allocation Failure) 4.467: [ParNew: 1090K->96K(1152K), 0.0017136 secs] 311451K->311449K(355072K), 0.0017847 secs] [Times: user=0.00 sys=0.00, real=0.00 secs] 
2014-07-10T12:34:18.972+0200: 4.469: [GC (Allocation Failure) 4.469: [ParNew: 1090K->96K(1152K), 0.0016872 secs] 312443K->312441K(355072K), 0.0017679 secs] [Times: user=0.00 sys=0.00, real=0.00 secs] 
2014-07-10T12:34:18.974+0200: 4.472: [GC (Allocation Failure) 4.472: [ParNew: 1090K->96K(1152K), 0.0018815 secs] 313436K->313434K(355072K), 0.0019592 secs] [Times: user=0.00 sys=0.00, real=0.00 secs] 
2014-07-10T12:34:18.976+0200: 4.474: [GC (Allocation Failure) 4.474: [ParNew: 1090K->96K(1152K), 0.0017814 secs] 314428K->314426K(355072K), 0.0018551 secs] [Times: user=0.00 sys=0.00, real=0.00 secs] 
2014-07-10T12:34:18.978+0200: 4.476: [GC (Allocation Failure) 4.476: [ParNew: 1090K->96K(1152K), 0.0016813 secs] 315421K->315419K(355072K), 0.0017543 secs] [Times: user=0.00 sys=0.00, real=0.00 secs] 
2014-07-10T12:34:18.980+0200: 4.478: [GC (Allocation Failure) 4.478: [ParNew: 1090K->96K(1152K), 0.0018122 secs] 316413K->316411K(355072K), 0.0018874 secs] [Times: user=0.00 sys=0.00, real=0.00 secs] 
2014-07-10T12:34:18.983+0200: 4.481: [GC (Allocation Failure) 4.481: [ParNew: 1090K->96K(1152K), 0.0020788 secs] 317406K->317404K(355072K), 0.0021598 secs] [Times: user=0.00 sys=0.00, real=0.00 secs] 
2014-07-10T12:34:18.987+0200: 4.484: [CMS-concurrent-mark: 0.003/0.017 secs] [Times: user=0.01 sys=0.00, real=0.02 secs] 
2014-07-10T12:34:18.987+0200: 4.485: [GC (Allocation Failure) 4.485: [ParNew: 1090K->96K(1152K), 0.0021495 secs] 318398K->318396K(355072K), 0.0022302 secs] [Times: user=0.00 sys=0.00, real=0.00 secs] 
2014-07-10T12:34:18.989+0200: 4.487: [GC (Allocation Failure) 4.487: [ParNew: 1090K->96K(1152K), 0.0034045 secs] 319390K->319388K(355072K), 0.0034793 secs] [Times: user=0.00 sys=0.00, real=0.00 secs] 
2014-07-10T12:34:18.993+0200: 4.491: [GC (Allocation Failure) 4.491: [ParNew: 1090K->96K(1152K), 0.0018100 secs] 320383K->320381K(355072K), 0.0019017 secs] [Times: user=0.00 sys=0.00, real=0.00 secs] 
2014-07-10T12:34:18.995+0200: 4.493: [GC (Allocation Failure) 4.493: [ParNew: 1090K->96K(1152K), 0.0024854 secs] 321375K->321373K(355072K), 0.0025568 secs] [Times: user=0.00 sys=0.00, real=0.00 secs] 
2014-07-10T12:34:18.998+0200: 4.496: [CMS-concurrent-preclean-start]
2014-07-10T12:34:19.000+0200: 4.497: [CMS-concurrent-preclean: 0.001/0.002 secs] [Times: user=0.00 sys=0.00, real=0.00 secs] 
2014-07-10T12:34:19.000+0200: 4.498: [GC (Allocation Failure) 4.498: [ParNew: 1090K->96K(1152K), 0.0028314 secs] 322368K->322366K(355072K), 0.0029029 secs] [Times: user=0.02 sys=0.00, real=0.00 secs] 
2014-07-10T12:34:19.004+0200: 4.501: [GC (Allocation Failure) 4.501: [ParNew: 1090K->96K(1152K), 0.0023189 secs] 323360K->323358K(355072K), 0.0024087 secs] [Times: user=0.00 sys=0.00, real=0.00 secs] 
2014-07-10T12:34:19.006+0200: 4.504: [GC (Allocation Failure) 4.504: [ParNew: 1090K->96K(1152K), 0.0021176 secs] 324353K->324351K(355072K), 0.0021987 secs] [Times: user=0.00 sys=0.00, real=0.00 secs] 
2014-07-10T12:34:19.009+0200: 4.507: [GC (CMS Final Remark) [YG occupancy: 290 K (1152 K)]4.507: [Rescan (parallel) , 0.0005133 secs]4.507: [weak refs processing, 0.0000260 secs]4.507: [class unloading, 0.0004015 secs]4.508: [scrub symbol table, 0.0005470 secs]4.508: [scrub string table, 0.0001609 secs][1 CMS-remark: 324255K(353920K)] 324545K(355072K), 0.0017598 secs] [Times: user=0.00 sys=0.00, real=0.00 secs] 
2014-07-10T12:34:19.011+0200: 4.508: [CMS-concurrent-sweep-start]
2014-07-10T12:34:19.011+0200: 4.509: [GC (Allocation Failure) 4.509: [ParNew: 1090K->96K(1152K), 0.0017389 secs] 323796K->323794K(355072K), 0.0018284 secs] [Times: user=0.00 sys=0.00, real=0.00 secs] 
2014-07-10T12:34:19.013+0200: 4.511: [GC (Allocation Failure) 4.511: [ParNew: 1090K->96K(1152K), 0.0015523 secs] 314401K->314399K(355072K), 0.0016146 secs] [Times: user=0.00 sys=0.00, real=0.00 secs] 
2014-07-10T12:34:19.015+0200: 4.513: [GC (Allocation Failure) 4.513: [ParNew: 1090K->96K(1152K), 0.0014705 secs] 294343K->294341K(355072K), 0.0015310 secs] [Times: user=0.01 sys=0.00, real=0.00 secs] 
2014-07-10T12:34:19.017+0200: 4.515: [GC (Allocation Failure) 4.515: [ParNew: 1090K->96K(1152K), 0.0017253 secs] 204853K->204851K(355072K), 0.0017976 secs] [Times: user=0.00 sys=0.00, real=0.00 secs] 
2014-07-10T12:34:19.019+0200: 4.517: [GC (Allocation Failure) 4.517: [ParNew: 1090K->96K(1152K), 0.0013734 secs] 186541K->186539K(355072K), 0.0014570 secs] [Times: user=0.00 sys=0.00, real=0.00 secs] 
2014-07-10T12:34:19.021+0200: 4.519: [GC (Allocation Failure) 4.519: [ParNew: 1090K->96K(1152K), 0.0016458 secs] 168644K->168642K(355072K), 0.0017081 secs] [Times: user=0.00 sys=0.00, real=0.00 secs] 
2014-07-10T12:34:19.023+0200: 4.521: [GC (Allocation Failure) 4.521: [ParNew: 1090K->96K(1152K), 0.0013565 secs] 150839K->150837K(355072K), 0.0014141 secs] [Times: user=0.00 sys=0.00, real=0.00 secs] 
2014-07-10T12:34:19.025+0200: 4.523: [GC (Allocation Failure) 4.523: [ParNew: 1090K->96K(1152K), 0.0012997 secs] 138737K->138735K(355072K), 0.0013543 secs] [Times: user=0.00 sys=0.00, real=0.00 secs] 
2014-07-10T12:34:19.026+0200: 4.524: [GC (Allocation Failure) 4.524: [ParNew: 1090K->96K(1152K), 0.0013583 secs] 134307K->134305K(355072K), 0.0014137 secs] [Times: user=0.00 sys=0.00, real=0.00 secs] 
2014-07-10T12:34:19.028+0200: 4.526: [GC (Allocation Failure) 4.526: [ParNew: 1090K->96K(1152K), 0.0013166 secs] 115778K->115776K(355072K), 0.0013690 secs] [Times: user=0.00 sys=0.00, real=0.00 secs] 
2014-07-10T12:34:19.030+0200: 4.527: [GC (Allocation Failure) 4.527: [ParNew: 1090K->96K(1152K), 0.0012605 secs] 104156K->104154K(355072K), 0.0013129 secs] [Times: user=0.00 sys=0.00, real=0.00 secs] 
2014-07-10T12:34:19.031+0200: 4.529: [GC (Allocation Failure) 4.529: [ParNew: 1090K->96K(1152K), 0.0012931 secs] 90582K->90580K(355072K), 0.0013495 secs] [Times: user=0.03 sys=0.00, real=0.00 secs] 
2014-07-10T12:34:19.033+0200: 4.531: [GC (Allocation Failure) 4.531: [ParNew: 1090K->96K(1152K), 0.0014713 secs] 69867K->69865K(355072K), 0.0015354 secs] [Times: user=0.00 sys=0.00, real=0.00 secs] 
2014-07-10T12:34:19.035+0200: 4.532: [CMS-concurrent-sweep: 0.002/0.024 secs] [Times: user=0.05 sys=0.00, real=0.02 secs] 
2014-07-10T12:34:19.035+0200: 4.532: [CMS-concurrent-reset-start]
2014-07-10T12:34:19.035+0200: 4.533: [GC (Allocation Failure) 4.533: [ParNew: 1090K->96K(1152K), 0.0015787 secs] 62980K->62978K(355072K), 0.0016465 secs] [Times: user=0.00 sys=0.00, real=0.00 secs] 
2014-07-10T12:34:19.037+0200: 4.535: [GC (Allocation Failure) 4.535: [ParNew: 1090K->96K(1152K), 0.0014544 secs] 63973K->63971K(355072K), 0.0015175 secs] [Times: user=0.00 sys=0.00, real=0.00 secs] 
2014-07-10T12:34:19.039+0200: 4.537: [GC (Allocation Failure) 4.537: [ParNew: 1090K->96K(1152K), 0.0017455 secs] 64965K->64963K(355072K), 0.0018119 secs] [Times: user=0.00 sys=0.00, real=0.00 secs] 
2014-07-10T12:34:19.041+0200: 4.539: [GC (Allocation Failure) 4.539: [ParNew: 1090K->96K(1152K), 0.0012249 secs] 65958K->65956K(355072K), 0.0012792 secs] [Times: user=0.00 sys=0.00, real=0.00 secs] 
2014-07-10T12:34:19.043+0200: 4.541: [GC (Allocation Failure) 4.541: [ParNew: 1098K->106K(1152K), 0.0010933 secs] 66958K->66670K(355072K), 0.0011406 secs] [Times: user=0.00 sys=0.00, real=0.00 secs] 
2014-07-10T12:34:19.044+0200: 4.542: [CMS-concurrent-reset: 0.001/0.010 secs] [Times: user=0.00 sys=0.00, real=0.01 secs] 
2014-07-10T12:34:19.044+0200: 4.542: [GC (Allocation Failure) 4.542: [ParNew: 1100K->96K(1152K), 0.0012854 secs] 67664K->67660K(355072K), 0.0013353 secs] [Times: user=0.00 sys=0.00, real=0.00 secs] 
2014-07-10T12:34:19.046+0200: 4.544: [GC (Allocation Failure) 4.544: [ParNew: 1090K->96K(1152K), 0.0012997 secs] 68655K->68653K(355072K), 0.0013609 secs] [Times: user=0.00 sys=0.00, real=0.00 secs] 
2014-07-10T12:34:19.048+0200: 4.545: [GC (Allocation Failure) 4.545: [ParNew: 1090K->96K(1152K), 0.0014489 secs] 69647K->69645K(355072K), 0.0015116 secs] [Times: user=0.00 sys=0.00, real=0.00 secs] 
2014-07-10T12:34:19.049+0200: 4.547: [GC (Allocation Failure) 4.547: [ParNew: 1090K->96K(1152K), 0.0013081 secs] 70640K->70638K(355072K), 0.0013613 secs] [Times: user=0.00 sys=0.00, real=0.00 secs] 
2014-07-10T12:34:19.051+0200: 4.549: [GC (Allocation Failure) 4.549: [ParNew: 1090K->96K(1152K), 0.0012311 secs] 71632K->71630K(355072K), 0.0012828 secs] [Times: user=0.00 sys=0.00, real=0.00 secs] 
2014-07-10T12:34:19.053+0200: 4.550: [GC (Allocation Failure) 4.550: [ParNew: 1090K->96K(1152K), 0.0012597 secs] 72625K->72623K(355072K), 0.0013129 secs] [Times: user=0.00 sys=0.00, real=0.00 secs] 
2014-07-10T12:34:19.054+0200: 4.552: [GC (Allocation Failure) 4.552: [ParNew: 1090K->96K(1152K), 0.0013037 secs] 73617K->73615K(355072K), 0.0013624 secs] [Times: user=0.00 sys=0.00, real=0.00 secs] 
2014-07-10T12:34:19.056+0200: 4.553: [GC (Allocation Failure) 4.553: [ParNew: 1090K->96K(1152K), 0.0012986 secs] 74610K->74608K(355072K), 0.0013572 secs] [Times: user=0.00 sys=0.00, real=0.00 secs] 
2014-07-10T12:34:19.057+0200: 4.555: [GC (Allocation Failure) 4.555: [ParNew: 1090K->96K(1152K), 0.0012557 secs] 75602K->75600K(355072K), 0.0013074 secs] [Times: user=0.00 sys=0.00, real=0.00 secs] 
2014-07-10T12:34:19.059+0200: 4.557: [GC (Allocation Failure) 4.557: [ParNew: 1090K->96K(1152K), 0.0012275 secs] 76595K->76593K(355072K), 0.0012781 secs] [Times: user=0.00 sys=0.00, real=0.00 secs] 
2014-07-10T12:34:19.060+0200: 4.558: [GC (Allocation Failure) 4.558: [ParNew: 1090K->96K(1152K), 0.0012447 secs] 77587K->77585K(355072K), 0.0012975 secs] [Times: user=0.00 sys=0.00, real=0.00 secs] 
2014-07-10T12:34:19.062+0200: 4.560: [GC (Allocation Failure) 4.560: [ParNew: 1090K->96K(1152K), 0.0012388 secs] 78580K->78578K(355072K), 0.0012887 secs] [Times: user=0.00 sys=0.00, real=0.00 secs] 
2014-07-10T12:34:19.063+0200: 4.561: [GC (Allocation Failure) 4.561: [ParNew: 1090K->96K(1152K), 0.0012568 secs] 79572K->79570K(355072K), 0.0013096 secs] [Times: user=0.02 sys=0.00, real=0.00 secs] 
2014-07-10T12:34:19.065+0200: 4.563: [GC (Allocation Failure) 4.563: [ParNew: 1090K->96K(1152K), 0.0012388 secs] 80565K->80563K(355072K), 0.0012902 secs] [Times: user=0.00 sys=0.00, real=0.00 secs] 
2014-07-10T12:34:19.067+0200: 4.564: [GC (Allocation Failure) 4.564: [ParNew: 1090K->96K(1152K), 0.0013052 secs] 81557K->81555K(355072K), 0.0013561 secs] [Times: user=0.00 sys=0.00, real=0.00 secs] 
2014-07-10T12:34:19.068+0200: 4.566: [GC (Allocation Failure) 4.566: [ParNew: 1090K->96K(1152K), 0.0013873 secs] 82550K->82548K(355072K), 0.0014504 secs] [Times: user=0.00 sys=0.00, real=0.00 secs] 
2014-07-10T12:34:19.070+0200: 4.568: [GC (Allocation Failure) 4.568: [ParNew: 1090K->96K(1152K), 0.0012920 secs] 83542K->83540K(355072K), 0.0013459 secs] [Times: user=0.00 sys=0.00, real=0.00 secs] 
2014-07-10T12:34:19.071+0200: 4.569: [GC (Allocation Failure) 4.569: [ParNew: 1090K->96K(1152K), 0.0013554 secs] 84535K->84533K(355072K), 0.0014119 secs] [Times: user=0.00 sys=0.00, real=0.00 secs] 
2014-07-10T12:34:19.073+0200: 4.571: [GC (Allocation Failure) 4.571: [ParNew: 1090K->96K(1152K), 0.0012392 secs] 85527K->85525K(355072K), 0.0012880 secs] [Times: user=0.00 sys=0.00, real=0.00 secs] 
2014-07-10T12:34:19.075+0200: 4.572: [GC (Allocation Failure) 4.572: [ParNew: 1090K->96K(1152K), 0.0012363 secs] 86520K->86518K(355072K), 0.0012883 secs] [Times: user=0.00 sys=0.00, real=0.00 secs] 
2014-07-10T12:34:19.076+0200: 4.574: [GC (Allocation Failure) 4.574: [ParNew: 1090K->96K(1152K), 0.0012597 secs] 87512K->87510K(355072K), 0.0013265 secs] [Times: user=0.00 sys=0.00, real=0.00 secs] 
2014-07-10T12:34:19.078+0200: 4.575: [GC (Allocation Failure) 4.575: [ParNew: 1090K->96K(1152K), 0.0012480 secs] 88505K->88503K(355072K), 0.0012982 secs] [Times: user=0.03 sys=0.00, real=0.00 secs] 
2014-07-10T12:34:19.079+0200: 4.577: [GC (Allocation Failure) 4.577: [ParNew: 1090K->96K(1152K), 0.0013891 secs] 89497K->89495K(355072K), 0.0014460 secs] [Times: user=0.00 sys=0.00, real=0.00 secs] 
2014-07-10T12:34:19.081+0200: 4.579: [GC (Allocation Failure) 4.579: [ParNew: 1090K->96K(1152K), 0.0013349 secs] 90490K->90488K(355072K), 0.0013961 secs] [Times: user=0.00 sys=0.00, real=0.00 secs] 
2014-07-10T12:34:19.083+0200: 4.581: [GC (Allocation Failure) 4.581: [ParNew: 1090K->96K(1152K), 0.0014749 secs] 91482K->91480K(355072K), 0.0015406 secs] [Times: user=0.00 sys=0.00, real=0.00 secs] 
2014-07-10T12:34:19.085+0200: 4.582: [GC (Allocation Failure) 4.582: [ParNew: 1090K->96K(1152K), 0.0015959 secs] 92475K->92473K(355072K), 0.0016564 secs] [Times: user=0.00 sys=0.00, real=0.00 secs] 
2014-07-10T12:34:19.087+0200: 4.584: [GC (Allocation Failure) 4.584: [ParNew: 1090K->96K(1152K), 0.0012608 secs] 93467K->93465K(355072K), 0.0013144 secs] [Times: user=0.00 sys=0.00, real=0.00 secs] 
2014-07-10T12:34:19.088+0200: 4.586: [GC (Allocation Failure) 4.586: [ParNew: 1090K->96K(1152K), 0.0012964 secs] 94460K->94458K(355072K), 0.0013517 secs] [Times: user=0.00 sys=0.00, real=0.00 secs] 
2014-07-10T12:34:19.090+0200: 4.588: [GC (Allocation Failure) 4.588: [ParNew: 1090K->96K(1152K), 0.0012271 secs] 95452K->95450K(355072K), 0.0012792 secs] [Times: user=0.00 sys=0.00, real=0.00 secs] 
2014-07-10T12:34:19.091+0200: 4.589: [GC (Allocation Failure) 4.589: [ParNew: 1090K->96K(1152K), 0.0012803 secs] 96444K->96442K(355072K), 0.0013331 secs] [Times: user=0.00 sys=0.00, real=0.00 secs] 
2014-07-10T12:34:19.093+0200: 4.591: [GC (Allocation Failure) 4.591: [ParNew: 1090K->96K(1152K), 0.0012861 secs] 97437K->97435K(355072K), 0.0013407 secs] [Times: user=0.00 sys=0.00, real=0.00 secs] 
2014-07-10T12:34:19.095+0200: 4.592: [GC (Allocation Failure) 4.592: [ParNew: 1090K->96K(1152K), 0.0016036 secs] 98429K->98427K(355072K), 0.0016736 secs] [Times: user=0.00 sys=0.00, real=0.00 secs] 
2014-07-10T12:34:19.097+0200: 4.594: [GC (Allocation Failure) 4.594: [ParNew: 1090K->96K(1152K), 0.0013627 secs] 99422K->99420K(355072K), 0.0014240 secs] [Times: user=0.00 sys=0.00, real=0.00 secs] 
2014-07-10T12:34:19.098+0200: 4.596: [GC (Allocation Failure) 4.596: [ParNew: 1090K->96K(1152K), 0.0013309 secs] 100414K->100412K(355072K), 0.0013888 secs] [Times: user=0.00 sys=0.00, real=0.00 secs] 
2014-07-10T12:34:19.100+0200: 4.598: [GC (Allocation Failure) 4.598: [ParNew: 1090K->96K(1152K), 0.0012374 secs] 101407K->101405K(355072K), 0.0012916 secs] [Times: user=0.00 sys=0.00, real=0.00 secs] 
2014-07-10T12:34:19.101+0200: 4.599: [GC (Allocation Failure) 4.599: [ParNew: 1090K->96K(1152K), 0.0014214 secs] 102399K->102397K(355072K), 0.0014727 secs] [Times: user=0.00 sys=0.00, real=0.00 secs] 
2014-07-10T12:34:19.103+0200: 4.601: [GC (Allocation Failure) 4.601: [ParNew: 1090K->96K(1152K), 0.0012630 secs] 103392K->103390K(355072K), 0.0013133 secs] [Times: user=0.00 sys=0.00, real=0.00 secs] 
2014-07-10T12:34:19.105+0200: 4.602: [GC (Allocation Failure) 4.602: [ParNew: 1090K->96K(1152K), 0.0013561 secs] 104384K->104382K(355072K), 0.0014108 secs] [Times: user=0.00 sys=0.00, real=0.00 secs] 
2014-07-10T12:34:19.106+0200: 4.604: [GC (Allocation Failure) 4.604: [ParNew: 1090K->96K(1152K), 0.0012524 secs] 105377K->105375K(355072K), 0.0013070 secs] [Times: user=0.00 sys=0.00, real=0.00 secs] 
2014-07-10T12:34:19.108+0200: 4.606: [GC (Allocation Failure) 4.606: [ParNew: 1090K->96K(1152K), 0.0012557 secs] 106369K->106367K(355072K), 0.0013070 secs] [Times: user=0.00 sys=0.00, real=0.00 secs] 
2014-07-10T12:34:19.109+0200: 4.607: [GC (Allocation Failure) 4.607: [ParNew: 1090K->96K(1152K), 0.0012737 secs] 107362K->107360K(355072K), 0.0013624 secs] [Times: user=0.03 sys=0.00, real=0.00 secs] 
2014-07-10T12:34:19.111+0200: 4.609: [GC (Allocation Failure) 4.609: [ParNew: 1090K->96K(1152K), 0.0013386 secs] 108354K->108352K(355072K), 0.0013950 secs] [Times: user=0.00 sys=0.00, real=0.00 secs] 
2014-07-10T12:34:19.113+0200: 4.610: [GC (Allocation Failure) 4.611: [ParNew: 1090K->96K(1152K), 0.0012616 secs] 109347K->109345K(355072K), 0.0013184 secs] [Times: user=0.00 sys=0.00, real=0.00 secs] 
2014-07-10T12:34:19.114+0200: 4.612: [GC (Allocation Failure) 4.612: [ParNew: 1090K->96K(1152K), 0.0012480 secs] 110339K->110337K(355072K), 0.0012990 secs] [Times: user=0.00 sys=0.00, real=0.00 secs] 
2014-07-10T12:34:19.116+0200: 4.614: [GC (Allocation Failure) 4.614: [ParNew: 1090K->96K(1152K), 0.0013048 secs] 111332K->111330K(355072K), 0.0013561 secs] [Times: user=0.00 sys=0.00, real=0.00 secs] 
2014-07-10T12:34:19.118+0200: 4.615: [GC (Allocation Failure) 4.615: [ParNew: 1090K->96K(1152K), 0.0012814 secs] 112324K->112322K(355072K), 0.0013367 secs] [Times: user=0.00 sys=0.00, real=0.00 secs] 
2014-07-10T12:34:19.119+0200: 4.617: [GC (Allocation Failure) 4.617: [ParNew: 1090K->96K(1152K), 0.0013371 secs] 113317K->113315K(355072K), 0.0013913 secs] [Times: user=0.00 sys=0.00, real=0.00 secs] 
2014-07-10T12:34:19.121+0200: 4.618: [GC (Allocation Failure) 4.618: [ParNew: 1090K->96K(1152K), 0.0014210 secs] 114309K->114307K(355072K), 0.0014771 secs] [Times: user=0.00 sys=0.00, real=0.00 secs] 
2014-07-10T12:34:19.122+0200: 4.620: [GC (Allocation Failure) 4.620: [ParNew: 1090K->96K(1152K), 0.0012751 secs] 115302K->115300K(355072K), 0.0013272 secs] [Times: user=0.00 sys=0.00, real=0.00 secs] 
2014-07-10T12:34:19.124+0200: 4.622: [GC (Allocation Failure) 4.622: [ParNew: 1090K->96K(1152K), 0.0012304 secs] 116294K->116292K(355072K), 0.0012821 secs] [Times: user=0.00 sys=0.00, real=0.00 secs] 
2014-07-10T12:34:19.126+0200: 4.623: [GC (Allocation Failure) 4.623: [ParNew: 1090K->96K(1152K), 0.0013140 secs] 117287K->117285K(355072K), 0.0013708 secs] [Times: user=0.00 sys=0.00, real=0.00 secs] 
2014-07-10T12:34:19.127+0200: 4.625: [GC (Allocation Failure) 4.625: [ParNew: 1090K->96K(1152K), 0.0013400 secs] 118279K->118277K(355072K), 0.0014067 secs] [Times: user=0.00 sys=0.00, real=0.00 secs] 
2014-07-10T12:34:19.129+0200: 4.627: [GC (Allocation Failure) 4.627: [ParNew: 1090K->96K(1152K), 0.0013173 secs] 119272K->119270K(355072K), 0.0013723 secs] [Times: user=0.00 sys=0.00, real=0.00 secs] 
2014-07-10T12:34:19.131+0200: 4.628: [GC (Allocation Failure) 4.628: [ParNew: 1090K->96K(1152K), 0.0012605 secs] 120264K->120262K(355072K), 0.0013199 secs] [Times: user=0.00 sys=0.00, real=0.00 secs] 
2014-07-10T12:34:19.132+0200: 4.630: [GC (Allocation Failure) 4.630: [ParNew: 1090K->96K(1152K), 0.0014265 secs] 121257K->121255K(355072K), 0.0014914 secs] [Times: user=0.00 sys=0.00, real=0.00 secs] 
2014-07-10T12:34:19.134+0200: 4.632: [GC (Allocation Failure) 4.632: [ParNew: 1090K->96K(1152K), 0.0013070 secs] 122249K->122247K(355072K), 0.0013635 secs] [Times: user=0.00 sys=0.00, real=0.00 secs] 
2014-07-10T12:34:19.136+0200: 4.633: [GC (Allocation Failure) 4.633: [ParNew: 1090K->96K(1152K), 0.0014104 secs] 123242K->123240K(355072K), 0.0014702 secs] [Times: user=0.00 sys=0.00, real=0.00 secs] 
2014-07-10T12:34:19.137+0200: 4.635: [GC (Allocation Failure) 4.635: [ParNew: 1090K->96K(1152K), 0.0012586 secs] 124234K->124232K(355072K), 0.0013184 secs] [Times: user=0.00 sys=0.00, real=0.00 secs] 
2014-07-10T12:34:19.139+0200: 4.637: [GC (Allocation Failure) 4.637: [ParNew: 1090K->96K(1152K), 0.0012817 secs] 125227K->125225K(355072K), 0.0013382 secs] [Times: user=0.00 sys=0.00, real=0.00 secs] 
2014-07-10T12:34:19.141+0200: 4.638: [GC (Allocation Failure) 4.638: [ParNew: 1090K->96K(1152K), 0.0012645 secs] 126219K->126217K(355072K), 0.0013217 secs] [Times: user=0.03 sys=0.00, real=0.00 secs] 
2014-07-10T12:34:19.142+0200: 4.640: [GC (Allocation Failure) 4.640: [ParNew: 1090K->96K(1152K), 0.0013569 secs] 127211K->127209K(355072K), 0.0014394 secs] [Times: user=0.00 sys=0.00, real=0.00 secs] 
2014-07-10T12:34:19.144+0200: 4.642: [GC (Allocation Failure) 4.642: [ParNew: 1090K->96K(1152K), 0.0012872 secs] 128204K->128202K(355072K), 0.0013415 secs] [Times: user=0.00 sys=0.00, real=0.00 secs] 
2014-07-10T12:34:19.145+0200: 4.643: [GC (Allocation Failure) 4.643: [ParNew: 1090K->96K(1152K), 0.0012718 secs] 129196K->129194K(355072K), 0.0013378 secs] [Times: user=0.00 sys=0.00, real=0.00 secs] 
2014-07-10T12:34:19.147+0200: 4.645: [GC (Allocation Failure) 4.645: [ParNew: 1090K->96K(1152K), 0.0012986 secs] 130189K->130187K(355072K), 0.0013521 secs] [Times: user=0.00 sys=0.00, real=0.00 secs] 
2014-07-10T12:34:19.149+0200: 4.646: [GC (Allocation Failure) 4.646: [ParNew: 1090K->96K(1152K), 0.0012949 secs] 131181K->131179K(355072K), 0.0013576 secs] [Times: user=0.00 sys=0.00, real=0.00 secs] 
2014-07-10T12:34:19.150+0200: 4.648: [GC (Allocation Failure) 4.648: [ParNew: 1098K->106K(1152K), 0.0011732 secs] 132182K->131830K(355072K), 0.0012355 secs] [Times: user=0.00 sys=0.00, real=0.00 secs] 
2014-07-10T12:34:19.152+0200: 4.650: [GC (Allocation Failure) 4.650: [ParNew: 1100K->96K(1152K), 0.0012286 secs] 132824K->132820K(355072K), 0.0012825 secs] [Times: user=0.00 sys=0.00, real=0.00 secs] 
2014-07-10T12:34:19.153+0200: 4.651: [GC (Allocation Failure) 4.651: [ParNew: 1090K->96K(1152K), 0.0013052 secs] 133815K->133813K(355072K), 0.0013627 secs] [Times: user=0.00 sys=0.00, real=0.00 secs] 
2014-07-10T12:34:19.155+0200: 4.653: [GC (Allocation Failure) 4.653: [ParNew: 1090K->96K(1152K), 0.0013455 secs] 134807K->134805K(355072K), 0.0014163 secs] [Times: user=0.00 sys=0.02, real=0.00 secs] 
2014-07-10T12:34:19.157+0200: 4.655: [GC (Allocation Failure) 4.655: [ParNew: 1090K->96K(1152K), 0.0013488 secs] 135800K->135798K(355072K), 0.0014196 secs] [Times: user=0.00 sys=0.00, real=0.00 secs] 
2014-07-10T12:34:19.159+0200: 4.656: [GC (Allocation Failure) 4.656: [ParNew: 1090K->96K(1152K), 0.0013349 secs] 136792K->136790K(355072K), 0.0013935 secs] [Times: user=0.00 sys=0.00, real=0.00 secs] 
2014-07-10T12:34:19.160+0200: 4.658: [GC (Allocation Failure) 4.658: [ParNew: 1090K->96K(1152K), 0.0011420 secs] 137785K->137783K(355072K), 0.0011959 secs] [Times: user=0.00 sys=0.00, real=0.00 secs] 
2014-07-10T12:34:19.162+0200: 4.659: [GC (Allocation Failure) 4.659: [ParNew: 1090K->96K(1152K), 0.0012381 secs] 138777K->138775K(355072K), 0.0012913 secs] [Times: user=0.00 sys=0.00, real=0.00 secs] 
2014-07-10T12:34:19.163+0200: 4.661: [GC (Allocation Failure) 4.661: [ParNew: 1090K->96K(1152K), 0.0011662 secs] 139770K->139768K(355072K), 0.0012172 secs] [Times: user=0.00 sys=0.00, real=0.00 secs] 
2014-07-10T12:34:19.165+0200: 4.662: [GC (Allocation Failure) 4.662: [ParNew: 1090K->96K(1152K), 0.0011739 secs] 140762K->140760K(355072K), 0.0012260 secs] [Times: user=0.00 sys=0.00, real=0.00 secs] 
2014-07-10T12:34:19.166+0200: 4.664: [GC (Allocation Failure) 4.664: [ParNew: 1090K->96K(1152K), 0.0011200 secs] 141755K->141753K(355072K), 0.0011747 secs] [Times: user=0.00 sys=0.00, real=0.00 secs] 
2014-07-10T12:34:19.168+0200: 4.665: [GC (Allocation Failure) 4.665: [ParNew: 1090K->96K(1152K), 0.0012051 secs] 142747K->142745K(355072K), 0.0012605 secs] [Times: user=0.00 sys=0.00, real=0.00 secs] 
2014-07-10T12:34:19.169+0200: 4.667: [GC (Allocation Failure) 4.667: [ParNew: 1090K->96K(1152K), 0.0012696 secs] 143740K->143738K(355072K), 0.0013224 secs] [Times: user=0.00 sys=0.00, real=0.00 secs] 
2014-07-10T12:34:19.171+0200: 4.668: [GC (Allocation Failure) 4.668: [ParNew: 1090K->96K(1152K), 0.0011897 secs] 144732K->144730K(355072K), 0.0012429 secs] [Times: user=0.00 sys=0.00, real=0.00 secs] 
2014-07-10T12:34:19.172+0200: 4.670: [GC (Allocation Failure) 4.670: [ParNew: 1090K->96K(1152K), 0.0012847 secs] 145725K->145723K(355072K), 0.0013459 secs] [Times: user=0.03 sys=0.00, real=0.00 secs] 
2014-07-10T12:34:19.174+0200: 4.672: [GC (Allocation Failure) 4.672: [ParNew: 1090K->96K(1152K), 0.0012707 secs] 146717K->146715K(355072K), 0.0013254 secs] [Times: user=0.00 sys=0.00, real=0.00 secs] 
2014-07-10T12:34:19.176+0200: 4.673: [GC (Allocation Failure) 4.673: [ParNew: 1090K->96K(1152K), 0.0012113 secs] 147710K->147708K(355072K), 0.0012700 secs] [Times: user=0.00 sys=0.00, real=0.00 secs] 
2014-07-10T12:34:19.177+0200: 4.675: [GC (Allocation Failure) 4.675: [ParNew: 1090K->96K(1152K), 0.0011600 secs] 148702K->148700K(355072K), 0.0012143 secs] [Times: user=0.00 sys=0.00, real=0.00 secs] 
2014-07-10T12:34:19.179+0200: 4.676: [GC (Allocation Failure) 4.676: [ParNew: 1090K->96K(1152K), 0.0012465 secs] 149695K->149693K(355072K), 0.0013008 secs] [Times: user=0.00 sys=0.00, real=0.00 secs] 
2014-07-10T12:34:19.180+0200: 4.678: [GC (Allocation Failure) 4.678: [ParNew: 1090K->96K(1152K), 0.0011805 secs] 150687K->150685K(355072K), 0.0012363 secs] [Times: user=0.00 sys=0.00, real=0.00 secs] 
2014-07-10T12:34:19.182+0200: 4.679: [GC (Allocation Failure) 4.679: [ParNew: 1090K->96K(1152K), 0.0012498 secs] 151679K->151677K(355072K), 0.0013144 secs] [Times: user=0.00 sys=0.00, real=0.00 secs] 
2014-07-10T12:34:19.183+0200: 4.681: [GC (Allocation Failure) 4.681: [ParNew: 1090K->96K(1152K), 0.0012880 secs] 152672K->152670K(355072K), 0.0013440 secs] [Times: user=0.00 sys=0.00, real=0.00 secs] 
2014-07-10T12:34:19.185+0200: 4.683: [GC (Allocation Failure) 4.683: [ParNew: 1090K->96K(1152K), 0.0013334 secs] 153664K->153662K(355072K), 0.0013910 secs] [Times: user=0.00 sys=0.00, real=0.00 secs] 
2014-07-10T12:34:19.187+0200: 4.684: [GC (Allocation Failure) 4.684: [ParNew: 1090K->96K(1152K), 0.0013690 secs] 154657K->154655K(355072K), 0.0014232 secs] [Times: user=0.00 sys=0.00, real=0.00 secs] 
2014-07-10T12:34:19.188+0200: 4.686: [GC (Allocation Failure) 4.686: [ParNew: 1090K->96K(1152K), 0.0015362 secs] 155649K->155647K(355072K), 0.0015974 secs] [Times: user=0.03 sys=0.00, real=0.00 secs] 
2014-07-10T12:34:19.190+0200: 4.688: [GC (Allocation Failure) 4.688: [ParNew: 1090K->96K(1152K), 0.0014075 secs] 156642K->156640K(355072K), 0.0014680 secs] [Times: user=0.00 sys=0.00, real=0.00 secs] 
2014-07-10T12:34:19.192+0200: 4.690: [GC (Allocation Failure) 4.690: [ParNew: 1090K->96K(1152K), 0.0012421 secs] 157634K->157632K(355072K), 0.0013008 secs] [Times: user=0.00 sys=0.00, real=0.00 secs] 
2014-07-10T12:34:19.194+0200: 4.691: [GC (Allocation Failure) 4.691: [ParNew: 1090K->96K(1152K), 0.0012546 secs] 158627K->158625K(355072K), 0.0013136 secs] [Times: user=0.00 sys=0.00, real=0.00 secs] 
2014-07-10T12:34:19.195+0200: 4.693: [GC (Allocation Failure) 4.693: [ParNew: 1090K->96K(1152K), 0.0012150 secs] 159619K->159617K(355072K), 0.0012968 secs] [Times: user=0.00 sys=0.00, real=0.00 secs] 
2014-07-10T12:34:19.197+0200: 4.695: [GC (Allocation Failure) 4.695: [ParNew: 1090K->96K(1152K), 0.0012253 secs] 160612K->160610K(355072K), 0.0012814 secs] [Times: user=0.00 sys=0.00, real=0.00 secs] 
2014-07-10T12:34:19.198+0200: 4.696: [GC (Allocation Failure) 4.696: [ParNew: 1090K->96K(1152K), 0.0013609 secs] 161604K->161602K(355072K), 0.0014236 secs] [Times: user=0.00 sys=0.00, real=0.00 secs] 
2014-07-10T12:34:19.200+0200: 4.698: [GC (Allocation Failure) 4.698: [ParNew: 1090K->96K(1152K), 0.0013913 secs] 162597K->162595K(355072K), 0.0014705 secs] [Times: user=0.00 sys=0.00, real=0.00 secs] 
2014-07-10T12:34:19.202+0200: 4.700: [GC (Allocation Failure) 4.700: [ParNew: 1090K->96K(1152K), 0.0014265 secs] 163589K->163587K(355072K), 0.0016165 secs] [Times: user=0.02 sys=0.00, real=0.00 secs] 
2014-07-10T12:34:19.204+0200: 4.702: [GC (Allocation Failure) 4.702: [ParNew: 1090K->96K(1152K), 0.0015710 secs] 164582K->164580K(355072K), 0.0016355 secs] [Times: user=0.00 sys=0.00, real=0.00 secs] 
2014-07-10T12:34:19.206+0200: 4.704: [GC (Allocation Failure) 4.704: [ParNew: 1090K->96K(1152K), 0.0013059 secs] 165574K->165572K(355072K), 0.0013638 secs] [Times: user=0.00 sys=0.00, real=0.00 secs] 
2014-07-10T12:34:19.208+0200: 4.705: [GC (Allocation Failure) 4.705: [ParNew: 1090K->96K(1152K), 0.0012737 secs] 166567K->166565K(355072K), 0.0013309 secs] [Times: user=0.00 sys=0.00, real=0.00 secs] 
2014-07-10T12:34:19.209+0200: 4.707: [GC (Allocation Failure) 4.707: [ParNew: 1090K->96K(1152K), 0.0012975 secs] 167559K->167557K(355072K), 0.0013587 secs] [Times: user=0.00 sys=0.00, real=0.00 secs] 
2014-07-10T12:34:19.211+0200: 4.709: [GC (Allocation Failure) 4.709: [ParNew: 1090K->96K(1152K), 0.0012315 secs] 168552K->168550K(355072K), 0.0012876 secs] [Times: user=0.00 sys=0.00, real=0.00 secs] 
2014-07-10T12:34:19.213+0200: 4.710: [GC (Allocation Failure) 4.710: [ParNew: 1090K->96K(1152K), 0.0012506 secs] 169544K->169542K(355072K), 0.0013118 secs] [Times: user=0.00 sys=0.00, real=0.00 secs] 
2014-07-10T12:34:19.214+0200: 4.712: [GC (Allocation Failure) 4.712: [ParNew: 1090K->96K(1152K), 0.0012095 secs] 170537K->170535K(355072K), 0.0013070 secs] [Times: user=0.00 sys=0.00, real=0.00 secs] 
2014-07-10T12:34:19.216+0200: 4.714: [GC (Allocation Failure) 4.714: [ParNew: 1090K->96K(1152K), 0.0012447 secs] 171529K->171527K(355072K), 0.0013004 secs] [Times: user=0.00 sys=0.00, real=0.00 secs] 
2014-07-10T12:34:19.217+0200: 4.715: [GC (Allocation Failure) 4.715: [ParNew: 1090K->96K(1152K), 0.0012381 secs] 172522K->172520K(355072K), 0.0012949 secs] [Times: user=0.00 sys=0.00, real=0.00 secs] 
2014-07-10T12:34:19.219+0200: 4.717: [GC (Allocation Failure) 4.717: [ParNew: 1090K->96K(1152K), 0.0013283 secs] 173514K->173512K(355072K), 0.0013910 secs] [Times: user=0.03 sys=0.00, real=0.00 secs] 
2014-07-10T12:34:19.221+0200: 4.718: [GC (Allocation Failure) 4.718: [ParNew: 1090K->96K(1152K), 0.0013781 secs] 174507K->174505K(355072K), 0.0014507 secs] [Times: user=0.00 sys=0.00, real=0.00 secs] 
2014-07-10T12:34:19.222+0200: 4.720: [GC (Allocation Failure) 4.720: [ParNew: 1090K->96K(1152K), 0.0013199 secs] 175499K->175497K(355072K), 0.0013807 secs] [Times: user=0.00 sys=0.00, real=0.00 secs] 
2014-07-10T12:34:19.224+0200: 4.722: [GC (Allocation Failure) 4.722: [ParNew: 1090K->96K(1152K), 0.0011519 secs] 176492K->176490K(355072K), 0.0012091 secs] [Times: user=0.00 sys=0.00, real=0.00 secs] 
2014-07-10T12:34:19.226+0200: 4.723: [GC (Allocation Failure) 4.723: [ParNew: 1090K->96K(1152K), 0.0011673 secs] 177484K->177482K(355072K), 0.0012234 secs] [Times: user=0.00 sys=0.00, real=0.00 secs] 
2014-07-10T12:34:19.227+0200: 4.725: [GC (Allocation Failure) 4.725: [ParNew: 1090K->96K(1152K), 0.0012124 secs] 178477K->178475K(355072K), 0.0012671 secs] [Times: user=0.00 sys=0.00, real=0.00 secs] 
2014-07-10T12:34:19.229+0200: 4.726: [GC (Allocation Failure) 4.726: [ParNew: 1090K->96K(1152K), 0.0011849 secs] 179469K->179467K(355072K), 0.0012396 secs] [Times: user=0.00 sys=0.00, real=0.00 secs] 
2014-07-10T12:34:19.230+0200: 4.728: [GC (Allocation Failure) 4.728: [ParNew: 1090K->96K(1152K), 0.0012425 secs] 180462K->180460K(355072K), 0.0012997 secs] [Times: user=0.00 sys=0.00, real=0.00 secs] 
2014-07-10T12:34:19.232+0200: 4.729: [GC (Allocation Failure) 4.729: [ParNew: 1090K->96K(1152K), 0.0016264 secs] 181454K->181452K(355072K), 0.0017041 secs] [Times: user=0.00 sys=0.00, real=0.00 secs] 
2014-07-10T12:34:19.234+0200: 4.732: [GC (Allocation Failure) 4.732: [ParNew: 1090K->96K(1152K), 0.0017220 secs] 182446K->182444K(355072K), 0.0017957 secs] [Times: user=0.03 sys=0.00, real=0.00 secs] 
2014-07-10T12:34:19.236+0200: 4.734: [GC (Allocation Failure) 4.734: [ParNew: 1090K->96K(1152K), 0.0014584 secs] 183439K->183437K(355072K), 0.0015340 secs] [Times: user=0.00 sys=0.00, real=0.00 secs] 
2014-07-10T12:34:19.238+0200: 4.736: [GC (Allocation Failure) 4.736: [ParNew: 1090K->96K(1152K), 0.0015336 secs] 184431K->184429K(355072K), 0.0016025 secs] [Times: user=0.00 sys=0.00, real=0.00 secs] 
2014-07-10T12:34:19.240+0200: 4.738: [GC (Allocation Failure) 4.738: [ParNew: 1090K->96K(1152K), 0.0012473 secs] 185424K->185422K(355072K), 0.0013045 secs] [Times: user=0.00 sys=0.00, real=0.00 secs] 
2014-07-10T12:34:19.242+0200: 4.739: [GC (Allocation Failure) 4.739: [ParNew: 1090K->96K(1152K), 0.0012245 secs] 186416K->186414K(355072K), 0.0012792 secs] [Times: user=0.00 sys=0.00, real=0.00 secs] 
2014-07-10T12:34:19.243+0200: 4.741: [GC (Allocation Failure) 4.741: [ParNew: 1090K->96K(1152K), 0.0011618 secs] 187409K->187407K(355072K), 0.0012168 secs] [Times: user=0.00 sys=0.00, real=0.00 secs] 
2014-07-10T12:34:19.245+0200: 4.742: [GC (Allocation Failure) 4.742: [ParNew: 1090K->96K(1152K), 0.0012502 secs] 188401K->188399K(355072K), 0.0013074 secs] [Times: user=0.00 sys=0.00, real=0.00 secs] 
2014-07-10T12:34:19.246+0200: 4.744: [GC (Allocation Failure) 4.744: [ParNew: 1090K->96K(1152K), 0.0012275 secs] 189394K->189392K(355072K), 0.0012902 secs] [Times: user=0.00 sys=0.00, real=0.00 secs] 
2014-07-10T12:34:19.248+0200: 4.746: [GC (Allocation Failure) 4.746: [ParNew: 1090K->96K(1152K), 0.0012095 secs] 190386K->190384K(355072K), 0.0012630 secs] [Times: user=0.00 sys=0.00, real=0.00 secs] 
2014-07-10T12:34:19.249+0200: 4.747: [GC (Allocation Failure) 4.747: [ParNew: 1090K->96K(1152K), 0.0012084 secs] 191379K->191377K(355072K), 0.0012755 secs] [Times: user=0.03 sys=0.00, real=0.00 secs] 
2014-07-10T12:34:19.251+0200: 4.749: [GC (Allocation Failure) 4.749: [ParNew: 1090K->96K(1152K), 0.0013627 secs] 192371K->192369K(355072K), 0.0014262 secs] [Times: user=0.00 sys=0.00, real=0.00 secs] 
2014-07-10T12:34:19.253+0200: 4.750: [GC (Allocation Failure) 4.751: [ParNew: 1090K->96K(1152K), 0.0012088 secs] 193364K->193362K(355072K), 0.0012671 secs] [Times: user=0.00 sys=0.00, real=0.00 secs] 
2014-07-10T12:34:19.254+0200: 4.752: [GC (Allocation Failure) 4.752: [ParNew: 1090K->96K(1152K), 0.0014544 secs] 194356K->194354K(355072K), 0.0015153 secs] [Times: user=0.00 sys=0.00, real=0.00 secs] 
2014-07-10T12:34:19.256+0200: 4.754: [GC (Allocation Failure) 4.754: [ParNew: 1090K->96K(1152K), 0.0012513 secs] 195349K->195347K(355072K), 0.0013092 secs] [Times: user=0.00 sys=0.00, real=0.00 secs] 
2014-07-10T12:34:19.258+0200: 4.755: [GC (Allocation Failure) 4.755: [ParNew: 1090K->96K(1152K), 0.0011879 secs] 196341K->196339K(355072K), 0.0012443 secs] [Times: user=0.00 sys=0.00, real=0.00 secs] 
2014-07-10T12:34:19.259+0200: 4.757: [GC (Allocation Failure) 4.757: [ParNew: 1098K->106K(1152K), 0.0010867 secs] 197342K->196926K(355072K), 0.0011336 secs] [Times: user=0.00 sys=0.00, real=0.00 secs] 
2014-07-10T12:34:19.261+0200: 4.758: [GC (Allocation Failure) 4.758: [ParNew: 1100K->96K(1152K), 0.0012887 secs] 197920K->197916K(355072K), 0.0013470 secs] [Times: user=0.00 sys=0.00, real=0.00 secs] 
2014-07-10T12:34:19.262+0200: 4.760: [GC (Allocation Failure) 4.760: [ParNew: 1090K->96K(1152K), 0.0012880 secs] 198911K->198909K(355072K), 0.0013433 secs] [Times: user=0.00 sys=0.00, real=0.00 secs] 
2014-07-10T12:34:19.264+0200: 4.762: [GC (Allocation Failure) 4.762: [ParNew: 1090K->96K(1152K), 0.0012506 secs] 199903K->199901K(355072K), 0.0013037 secs] [Times: user=0.00 sys=0.00, real=0.00 secs] 
2014-07-10T12:34:19.265+0200: 4.763: [GC (Allocation Failure) 4.763: [ParNew: 1090K->96K(1152K), 0.0015626 secs] 200896K->200894K(355072K), 0.0016330 secs] [Times: user=0.03 sys=0.00, real=0.00 secs] 
2014-07-10T12:34:19.267+0200: 4.765: [GC (Allocation Failure) 4.765: [ParNew: 1090K->96K(1152K), 0.0012715 secs] 201888K->201886K(355072K), 0.0013312 secs] [Times: user=0.00 sys=0.00, real=0.00 secs] 
2014-07-10T12:34:19.269+0200: 4.767: [GC (Allocation Failure) 4.767: [ParNew: 1090K->96K(1152K), 0.0012927 secs] 202881K->202879K(355072K), 0.0013477 secs] [Times: user=0.00 sys=0.00, real=0.00 secs] 
2014-07-10T12:34:19.271+0200: 4.768: [GC (Allocation Failure) 4.768: [ParNew: 1090K->96K(1152K), 0.0012726 secs] 203873K->203871K(355072K), 0.0014430 secs] [Times: user=0.00 sys=0.00, real=0.00 secs] 
2014-07-10T12:34:19.272+0200: 4.770: [GC (Allocation Failure) 4.770: [ParNew: 1090K->96K(1152K), 0.0012858 secs] 204865K->204863K(355072K), 0.0013418 secs] [Times: user=0.00 sys=0.00, real=0.00 secs] 
2014-07-10T12:34:19.274+0200: 4.772: [GC (Allocation Failure) 4.772: [ParNew: 1090K->96K(1152K), 0.0012183 secs] 205858K->205856K(355072K), 0.0012733 secs] [Times: user=0.00 sys=0.00, real=0.00 secs] 
2014-07-10T12:34:19.276+0200: 4.773: [GC (Allocation Failure) 4.773: [ParNew: 1090K->96K(1152K), 0.0012553 secs] 206850K->206848K(355072K), 0.0013100 secs] [Times: user=0.00 sys=0.00, real=0.00 secs] 
2014-07-10T12:34:19.277+0200: 4.775: [GC (Allocation Failure) 4.775: [ParNew: 1090K->96K(1152K), 0.0012506 secs] 207843K->207841K(355072K), 0.0013074 secs] [Times: user=0.00 sys=0.00, real=0.00 secs] 
2014-07-10T12:34:19.279+0200: 4.776: [GC (Allocation Failure) 4.777: [ParNew: 1090K->96K(1152K), 0.0012572 secs] 208835K->208833K(355072K), 0.0013184 secs] [Times: user=0.00 sys=0.00, real=0.00 secs] 
2014-07-10T12:34:19.280+0200: 4.778: [GC (Allocation Failure) 4.778: [ParNew: 1090K->96K(1152K), 0.0012671 secs] 209828K->209826K(355072K), 0.0013327 secs] [Times: user=0.03 sys=0.00, real=0.00 secs] 
2014-07-10T12:34:19.282+0200: 4.780: [GC (Allocation Failure) 4.780: [ParNew: 1090K->96K(1152K), 0.0013202 secs] 210820K->210818K(355072K), 0.0013851 secs] [Times: user=0.00 sys=0.00, real=0.00 secs] 
2014-07-10T12:34:19.284+0200: 4.782: [GC (Allocation Failure) 4.782: [ParNew: 1090K->96K(1152K), 0.0013173 secs] 211813K->211811K(355072K), 0.0013873 secs] [Times: user=0.00 sys=0.00, real=0.00 secs] 
2014-07-10T12:34:19.286+0200: 4.783: [GC (Allocation Failure) 4.783: [ParNew: 1090K->96K(1152K), 0.0013356 secs] 212805K->212803K(355072K), 0.0013961 secs] [Times: user=0.00 sys=0.00, real=0.00 secs] 
2014-07-10T12:34:19.287+0200: 4.785: [GC (Allocation Failure) 4.785: [ParNew: 1090K->96K(1152K), 0.0011934 secs] 213798K->213796K(355072K), 0.0012462 secs] [Times: user=0.00 sys=0.00, real=0.00 secs] 
2014-07-10T12:34:19.289+0200: 4.787: [GC (Allocation Failure) 4.787: [ParNew: 1090K->96K(1152K), 0.0013635 secs] 214790K->214788K(355072K), 0.0014229 secs] [Times: user=0.00 sys=0.00, real=0.00 secs] 
2014-07-10T12:34:19.291+0200: 4.789: [GC (Allocation Failure) 4.789: [ParNew: 1090K->96K(1152K), 0.0012524 secs] 215783K->215781K(355072K), 0.0013056 secs] [Times: user=0.00 sys=0.00, real=0.00 secs] 
2014-07-10T12:34:19.292+0200: 4.790: [GC (Allocation Failure) 4.790: [ParNew: 1090K->96K(1152K), 0.0012843 secs] 216775K->216773K(355072K), 0.0013393 secs] [Times: user=0.00 sys=0.00, real=0.00 secs] 
2014-07-10T12:34:19.294+0200: 4.792: [GC (Allocation Failure) 4.792: [ParNew: 1090K->96K(1152K), 0.0012872 secs] 217768K->217766K(355072K), 0.0013415 secs] [Times: user=0.00 sys=0.00, real=0.00 secs] 
2014-07-10T12:34:19.296+0200: 4.793: [GC (Allocation Failure) 4.793: [ParNew: 1090K->96K(1152K), 0.0012788 secs] 218760K->218758K(355072K), 0.0013440 secs] [Times: user=0.00 sys=0.00, real=0.00 secs] 
2014-07-10T12:34:19.297+0200: 4.795: [GC (Allocation Failure) 4.795: [ParNew: 1090K->96K(1152K), 0.0012707 secs] 219753K->219751K(355072K), 0.0013301 secs] [Times: user=0.03 sys=0.00, real=0.00 secs] 
2014-07-10T12:34:19.299+0200: 4.797: [GC (Allocation Failure) 4.797: [ParNew: 1090K->96K(1152K), 0.0012762 secs] 220745K->220743K(355072K), 0.0013294 secs] [Times: user=0.00 sys=0.00, real=0.00 secs] 
2014-07-10T12:34:19.300+0200: 4.798: [GC (Allocation Failure) 4.798: [ParNew: 1090K->96K(1152K), 0.0015794 secs] 221738K->221736K(355072K), 0.0016612 secs] [Times: user=0.00 sys=0.00, real=0.00 secs] 
2014-07-10T12:34:19.302+0200: 4.800: [GC (Allocation Failure) 4.800: [ParNew: 1090K->96K(1152K), 0.0013466 secs] 222730K->222728K(355072K), 0.0014100 secs] [Times: user=0.00 sys=0.00, real=0.00 secs] 
2014-07-10T12:34:19.304+0200: 4.802: [GC (Allocation Failure) 4.802: [ParNew: 1090K->96K(1152K), 0.0014713 secs] 223723K->223721K(355072K), 0.0015318 secs] [Times: user=0.00 sys=0.00, real=0.00 secs] 
2014-07-10T12:34:19.306+0200: 4.804: [GC (Allocation Failure) 4.804: [ParNew: 1090K->96K(1152K), 0.0013125 secs] 224715K->224713K(355072K), 0.0013682 secs] [Times: user=0.00 sys=0.00, real=0.00 secs] 
2014-07-10T12:34:19.308+0200: 4.805: [GC (Allocation Failure) 4.805: [ParNew: 1090K->96K(1152K), 0.0012344 secs] 225708K->225706K(355072K), 0.0012894 secs] [Times: user=0.00 sys=0.00, real=0.00 secs] 
2014-07-10T12:34:19.309+0200: 4.807: [GC (Allocation Failure) 4.807: [ParNew: 1090K->96K(1152K), 0.0014456 secs] 226700K->226698K(355072K), 0.0015123 secs] [Times: user=0.00 sys=0.00, real=0.00 secs] 
2014-07-10T12:34:19.311+0200: 4.809: [GC (Allocation Failure) 4.809: [ParNew: 1090K->96K(1152K), 0.0013151 secs] 227693K->227691K(355072K), 0.0013756 secs] [Times: user=0.00 sys=0.02, real=0.00 secs] 
2014-07-10T12:34:19.313+0200: 4.811: [GC (Allocation Failure) 4.811: [ParNew: 1090K->96K(1152K), 0.0012806 secs] 228685K->228683K(355072K), 0.0013422 secs] [Times: user=0.00 sys=0.00, real=0.00 secs] 
2014-07-10T12:34:19.315+0200: 4.812: [GC (Allocation Failure) 4.812: [ParNew: 1090K->96K(1152K), 0.0012605 secs] 229678K->229676K(355072K), 0.0013155 secs] [Times: user=0.00 sys=0.00, real=0.00 secs] 
2014-07-10T12:34:19.316+0200: 4.814: [GC (Allocation Failure) 4.814: [ParNew: 1090K->96K(1152K), 0.0012806 secs] 230670K->230668K(355072K), 0.0015567 secs] [Times: user=0.00 sys=0.00, real=0.00 secs] 
2014-07-10T12:34:19.318+0200: 4.816: [GC (Allocation Failure) 4.816: [ParNew: 1090K->96K(1152K), 0.0013133 secs] 231663K->231661K(355072K), 0.0013723 secs] [Times: user=0.00 sys=0.00, real=0.00 secs] 
2014-07-10T12:34:19.320+0200: 4.818: [GC (Allocation Failure) 4.818: [ParNew: 1090K->96K(1152K), 0.0012671 secs] 232655K->232653K(355072K), 0.0013217 secs] [Times: user=0.00 sys=0.00, real=0.00 secs] 
2014-07-10T12:34:19.321+0200: 4.819: [GC (Allocation Failure) 4.819: [ParNew: 1090K->96K(1152K), 0.0013034 secs] 233648K->233646K(355072K), 0.0013605 secs] [Times: user=0.00 sys=0.00, real=0.00 secs] 
2014-07-10T12:34:19.323+0200: 4.821: [GC (Allocation Failure) 4.821: [ParNew: 1090K->96K(1152K), 0.0012634 secs] 234640K->234638K(355072K), 0.0013202 secs] [Times: user=0.00 sys=0.00, real=0.00 secs] 
2014-07-10T12:34:19.325+0200: 4.822: [GC (Allocation Failure) 4.822: [ParNew: 1090K->96K(1152K), 0.0013884 secs] 235632K->235630K(355072K), 0.0014548 secs] [Times: user=0.00 sys=0.00, real=0.00 secs] 
2014-07-10T12:34:19.326+0200: 4.824: [GC (Allocation Failure) 4.824: [ParNew: 1090K->96K(1152K), 0.0013987 secs] 236625K->236623K(355072K), 0.0014643 secs] [Times: user=0.00 sys=0.00, real=0.00 secs] 
2014-07-10T12:34:19.328+0200: 4.826: [GC (Allocation Failure) 4.826: [ParNew: 1090K->96K(1152K), 0.0012183 secs] 237617K->237615K(355072K), 0.0012935 secs] [Times: user=0.03 sys=0.00, real=0.00 secs] 
2014-07-10T12:34:19.330+0200: 4.828: [GC (Allocation Failure) 4.828: [ParNew: 1090K->96K(1152K), 0.0013063 secs] 238610K->238608K(355072K), 0.0013631 secs] [Times: user=0.00 sys=0.00, real=0.00 secs] 
2014-07-10T12:34:19.331+0200: 4.829: [GC (Allocation Failure) 4.830: [ParNew: 1090K->96K(1152K), 0.0023783 secs] 239602K->239600K(355072K), 0.0062004 secs] [Times: user=0.00 sys=0.00, real=0.01 secs] 
2014-07-10T12:34:19.338+0200: 4.836: [GC (Allocation Failure) 4.836: [ParNew: 1090K->96K(1152K), 0.0015193 secs] 240595K->240593K(355072K), 0.0016011 secs] [Times: user=0.00 sys=0.00, real=0.00 secs] 
2014-07-10T12:34:19.340+0200: 4.838: [GC (Allocation Failure) 4.838: [ParNew: 1090K->96K(1152K), 0.0013144 secs] 241587K->241585K(355072K), 0.0013745 secs] [Times: user=0.00 sys=0.00, real=0.00 secs] 
2014-07-10T12:34:19.342+0200: 4.840: [GC (Allocation Failure) 4.840: [ParNew: 1090K->96K(1152K), 0.0013059 secs] 242580K->242578K(355072K), 0.0013682 secs] [Times: user=0.00 sys=0.00, real=0.00 secs] 
2014-07-10T12:34:19.344+0200: 4.841: [GC (Allocation Failure) 4.841: [ParNew: 1090K->96K(1152K), 0.0012286 secs] 243572K->243570K(355072K), 0.0012847 secs] [Times: user=0.03 sys=0.00, real=0.00 secs] 
2014-07-10T12:34:19.345+0200: 4.843: [GC (Allocation Failure) 4.843: [ParNew: 1090K->96K(1152K), 0.0014016 secs] 244565K->244563K(355072K), 0.0014801 secs] [Times: user=0.00 sys=0.00, real=0.00 secs] 
2014-07-10T12:34:19.347+0200: 4.845: [GC (Allocation Failure) 4.845: [ParNew: 1090K->96K(1152K), 0.0012726 secs] 245557K->245555K(355072K), 0.0013312 secs] [Times: user=0.00 sys=0.00, real=0.00 secs] 
2014-07-10T12:34:19.349+0200: 4.846: [GC (Allocation Failure) 4.846: [ParNew: 1090K->96K(1152K), 0.0014126 secs] 246550K->246548K(355072K), 0.0014808 secs] [Times: user=0.00 sys=0.00, real=0.00 secs] 
2014-07-10T12:34:19.350+0200: 4.848: [GC (Allocation Failure) 4.848: [ParNew: 1090K->96K(1152K), 0.0013558 secs] 247542K->247540K(355072K), 0.0014163 secs] [Times: user=0.00 sys=0.00, real=0.00 secs] 
2014-07-10T12:34:19.352+0200: 4.850: [GC (Allocation Failure) 4.850: [ParNew: 1090K->96K(1152K), 0.0012326 secs] 248535K->248533K(355072K), 0.0013048 secs] [Times: user=0.00 sys=0.00, real=0.00 secs] 
2014-07-10T12:34:19.354+0200: 4.852: [GC (Allocation Failure) 4.852: [ParNew: 1090K->96K(1152K), 0.0012249 secs] 249527K->249525K(355072K), 0.0012847 secs] [Times: user=0.00 sys=0.00, real=0.00 secs] 
2014-07-10T12:34:19.355+0200: 4.853: [GC (Allocation Failure) 4.853: [ParNew: 1090K->96K(1152K), 0.0013829 secs] 250520K->250518K(355072K), 0.0014474 secs] [Times: user=0.00 sys=0.00, real=0.00 secs] 
2014-07-10T12:34:19.357+0200: 4.855: [GC (Allocation Failure) 4.855: [ParNew: 1090K->96K(1152K), 0.0013653 secs] 251512K->251510K(355072K), 0.0014566 secs] [Times: user=0.00 sys=0.00, real=0.00 secs] 
2014-07-10T12:34:19.359+0200: 4.857: [GC (Allocation Failure) 4.857: [ParNew: 1090K->96K(1152K), 0.0013199 secs] 252505K->252503K(355072K), 0.0013803 secs] [Times: user=0.03 sys=0.00, real=0.00 secs] 
2014-07-10T12:34:19.361+0200: 4.859: [GC (Allocation Failure) 4.859: [ParNew: 1090K->96K(1152K), 0.0013114 secs] 253497K->253495K(355072K), 0.0013701 secs] [Times: user=0.00 sys=0.00, real=0.00 secs] 
2014-07-10T12:34:19.363+0200: 4.860: [GC (Allocation Failure) 4.860: [ParNew: 1090K->96K(1152K), 0.0012850 secs] 254490K->254488K(355072K), 0.0013393 secs] [Times: user=0.00 sys=0.00, real=0.00 secs] 
2014-07-10T12:34:19.364+0200: 4.862: [GC (Allocation Failure) 4.862: [ParNew: 1090K->96K(1152K), 0.0012597 secs] 255482K->255480K(355072K), 0.0013177 secs] [Times: user=0.00 sys=0.00, real=0.00 secs] 
2014-07-10T12:34:19.366+0200: 4.864: [GC (Allocation Failure) 4.864: [ParNew: 1090K->96K(1152K), 0.0013807 secs] 256475K->256473K(355072K), 0.0014768 secs] [Times: user=0.00 sys=0.00, real=0.00 secs] 
2014-07-10T12:34:19.368+0200: 4.865: [GC (Allocation Failure) 4.865: [ParNew: 1090K->96K(1152K), 0.0013257 secs] 257467K->257465K(355072K), 0.0013891 secs] [Times: user=0.00 sys=0.00, real=0.00 secs] 
2014-07-10T12:34:19.370+0200: 4.867: [GC (Allocation Failure) 4.867: [ParNew: 1090K->96K(1152K), 0.0012487 secs] 258460K->258458K(355072K), 0.0013067 secs] [Times: user=0.00 sys=0.00, real=0.00 secs] 
2014-07-10T12:34:19.371+0200: 4.869: [GC (Allocation Failure) 4.869: [ParNew: 1090K->96K(1152K), 0.0013334 secs] 259452K->259450K(355072K), 0.0013990 secs] [Times: user=0.00 sys=0.00, real=0.00 secs] 
2014-07-10T12:34:19.373+0200: 4.871: [GC (Allocation Failure) 4.871: [ParNew: 1090K->96K(1152K), 0.0013715 secs] 260445K->260443K(355072K), 0.0014434 secs] [Times: user=0.00 sys=0.00, real=0.00 secs] 
2014-07-10T12:34:19.375+0200: 4.872: [GC (Allocation Failure) 4.872: [ParNew: 1090K->96K(1152K), 0.0012858 secs] 261437K->261435K(355072K), 0.0013481 secs] [Times: user=0.03 sys=0.00, real=0.00 secs] 
2014-07-10T12:34:19.376+0200: 4.874: [GC (Allocation Failure) 4.874: [ParNew: 1113K->126K(1152K), 0.0012319 secs] 262453K->261970K(355072K), 0.0012957 secs] [Times: user=0.00 sys=0.00, real=0.00 secs] 
2014-07-10T12:34:19.378+0200: 4.876: [GC (Allocation Failure) 4.876: [ParNew: 1148K->120K(1152K), 0.0013305 secs] 262992K->262986K(355072K), 0.0013921 secs] [Times: user=0.00 sys=0.00, real=0.00 secs] 
2014-07-10T12:34:19.380+0200: 4.877: [GC (Allocation Failure) 4.877: [ParNew: 1142K->120K(1152K), 0.0014005 secs] 264008K->264004K(355072K), 0.0014654 secs] [Times: user=0.00 sys=0.00, real=0.00 secs] 
2014-07-10T12:34:19.381+0200: 4.879: [GC (Allocation Failure) 4.879: [ParNew: 1142K->120K(1152K), 0.0016326 secs] 265026K->265022K(355072K), 0.0016997 secs] [Times: user=0.00 sys=0.00, real=0.00 secs] 
2014-07-10T12:34:19.383+0200: 4.881: [GC (Allocation Failure) 4.881: [ParNew: 1142K->120K(1152K), 0.0013327 secs] 266044K->266040K(355072K), 0.0013921 secs] [Times: user=0.00 sys=0.00, real=0.00 secs] 
2014-07-10T12:34:19.385+0200: 4.883: [GC (Allocation Failure) 4.883: [ParNew: 1142K->120K(1152K), 0.0014467 secs] 267062K->267058K(355072K), 0.0015175 secs] [Times: user=0.00 sys=0.00, real=0.00 secs] 
2014-07-10T12:34:19.387+0200: 4.885: [GC (Allocation Failure) 4.885: [ParNew: 1142K->120K(1152K), 0.0013759 secs] 268080K->268076K(355072K), 0.0014588 secs] [Times: user=0.00 sys=0.00, real=0.00 secs] 
2014-07-10T12:34:19.389+0200: 4.887: [GC (Allocation Failure) 4.887: [ParNew: 1142K->120K(1152K), 0.0013613 secs] 269098K->269094K(355072K), 0.0014243 secs] [Times: user=0.00 sys=0.00, real=0.00 secs] 
2014-07-10T12:34:19.391+0200: 4.889: [GC (Allocation Failure) 4.889: [ParNew: 1133K->106K(1152K), 0.0011545 secs] 270107K->269528K(355072K), 0.0012146 secs] [Times: user=0.00 sys=0.00, real=0.00 secs] 
2014-07-10T12:34:19.392+0200: 4.890: [GC (Allocation Failure) 4.890: [ParNew: 1100K->96K(1152K), 0.0014973 secs] 270523K->270519K(355072K), 0.0015648 secs] [Times: user=0.00 sys=0.00, real=0.00 secs] 
2014-07-10T12:34:19.394+0200: 4.892: [GC (Allocation Failure) 4.892: [ParNew: 1090K->96K(1152K), 0.0014969 secs] 271513K->271511K(355072K), 0.0015692 secs] [Times: user=0.00 sys=0.00, real=0.00 secs] 
2014-07-10T12:34:19.396+0200: 4.894: [GC (Allocation Failure) 4.894: [ParNew: 1090K->96K(1152K), 0.0014672 secs] 272506K->272504K(355072K), 0.0015303 secs] [Times: user=0.00 sys=0.00, real=0.00 secs] 
2014-07-10T12:34:19.398+0200: 4.896: [GC (Allocation Failure) 4.896: [ParNew: 1090K->96K(1152K), 0.0013712 secs] 273498K->273496K(355072K), 0.0014313 secs] [Times: user=0.00 sys=0.00, real=0.00 secs] 
2014-07-10T12:34:19.400+0200: 4.897: [GC (Allocation Failure) 4.897: [ParNew: 1090K->96K(1152K), 0.0016421 secs] 274491K->274489K(355072K), 0.0017125 secs] [Times: user=0.00 sys=0.00, real=0.00 secs] 
2014-07-10T12:34:19.402+0200: 4.899: [GC (Allocation Failure) 4.899: [ParNew: 1090K->96K(1152K), 0.0015178 secs] 275483K->275481K(355072K), 0.0015780 secs] [Times: user=0.00 sys=0.00, real=0.00 secs] 
2014-07-10T12:34:19.403+0200: 4.901: [GC (Allocation Failure) 4.901: [ParNew: 1090K->96K(1152K), 0.0014034 secs] 276476K->276474K(355072K), 0.0014610 secs] [Times: user=0.00 sys=0.00, real=0.00 secs] 
2014-07-10T12:34:19.405+0200: 4.903: [GC (Allocation Failure) 4.903: [ParNew: 1090K->96K(1152K), 0.0018720 secs] 277468K->277466K(355072K), 0.0019446 secs] [Times: user=0.03 sys=0.00, real=0.00 secs] 
2014-07-10T12:34:19.408+0200: 4.905: [GC (Allocation Failure) 4.905: [ParNew: 1090K->96K(1152K), 0.0015824 secs] 278461K->278459K(355072K), 0.0016480 secs] [Times: user=0.00 sys=0.00, real=0.00 secs] 
2014-07-10T12:34:19.409+0200: 4.907: [GC (Allocation Failure) 4.907: [ParNew: 1090K->96K(1152K), 0.0014408 secs] 279453K->279451K(355072K), 0.0015010 secs] [Times: user=0.00 sys=0.00, real=0.00 secs] 
2014-07-10T12:34:19.411+0200: 4.909: [GC (Allocation Failure) 4.909: [ParNew: 1090K->96K(1152K), 0.0014089 secs] 280446K->280444K(355072K), 0.0014672 secs] [Times: user=0.00 sys=0.00, real=0.00 secs] 
2014-07-10T12:34:19.413+0200: 4.911: [GC (Allocation Failure) 4.911: [ParNew: 1090K->96K(1152K), 0.0015805 secs] 281438K->281436K(355072K), 0.0016524 secs] [Times: user=0.00 sys=0.00, real=0.00 secs] 
2014-07-10T12:34:19.415+0200: 4.913: [GC (Allocation Failure) 4.913: [ParNew: 1090K->96K(1152K), 0.0014804 secs] 282431K->282429K(355072K), 0.0015486 secs] [Times: user=0.00 sys=0.00, real=0.00 secs] 
2014-07-10T12:34:19.417+0200: 4.914: [GC (Allocation Failure) 4.914: [ParNew: 1090K->96K(1152K), 0.0015321 secs] 283423K->283421K(355072K), 0.0015952 secs] [Times: user=0.00 sys=0.00, real=0.00 secs] 
2014-07-10T12:34:19.419+0200: 4.916: [GC (Allocation Failure) 4.916: [ParNew: 1090K->96K(1152K), 0.0014460 secs] 284416K->284414K(355072K), 0.0015083 secs] [Times: user=0.00 sys=0.00, real=0.00 secs] 
2014-07-10T12:34:19.420+0200: 4.918: [GC (Allocation Failure) 4.918: [ParNew: 1090K->96K(1152K), 0.0013983 secs] 285408K->285406K(355072K), 0.0014570 secs] [Times: user=0.00 sys=0.00, real=0.00 secs] 
2014-07-10T12:34:19.422+0200: 4.920: [GC (Allocation Failure) 4.920: [ParNew: 1090K->96K(1152K), 0.0015457 secs] 286401K->286399K(355072K), 0.0016183 secs] [Times: user=0.03 sys=0.00, real=0.00 secs] 
2014-07-10T12:34:19.424+0200: 4.922: [GC (Allocation Failure) 4.922: [ParNew: 1090K->96K(1152K), 0.0014254 secs] 287393K->287391K(355072K), 0.0014874 secs] [Times: user=0.00 sys=0.00, real=0.00 secs] 
2014-07-10T12:34:19.426+0200: 4.924: [GC (Allocation Failure) 4.924: [ParNew: 1090K->96K(1152K), 0.0013715 secs] 288385K->288383K(355072K), 0.0015420 secs] [Times: user=0.00 sys=0.00, real=0.00 secs] 
2014-07-10T12:34:19.428+0200: 4.925: [GC (Allocation Failure) 4.925: [ParNew: 1090K->96K(1152K), 0.0014562 secs] 289378K->289376K(355072K), 0.0015153 secs] [Times: user=0.00 sys=0.00, real=0.00 secs] 
2014-07-10T12:34:19.429+0200: 4.927: [GC (Allocation Failure) 4.927: [ParNew: 1090K->96K(1152K), 0.0016165 secs] 290370K->290368K(355072K), 0.0016887 secs] [Times: user=0.00 sys=0.00, real=0.00 secs] 
2014-07-10T12:34:19.431+0200: 4.929: [GC (Allocation Failure) 4.929: [ParNew: 1090K->96K(1152K), 0.0015420 secs] 291363K->291361K(355072K), 0.0016110 secs] [Times: user=0.00 sys=0.00, real=0.00 secs] 
2014-07-10T12:34:19.433+0200: 4.931: [GC (Allocation Failure) 4.931: [ParNew: 1090K->96K(1152K), 0.0016022 secs] 292355K->292353K(355072K), 0.0016788 secs] [Times: user=0.00 sys=0.00, real=0.00 secs] 
2014-07-10T12:34:19.435+0200: 4.933: [GC (Allocation Failure) 4.933: [ParNew: 1090K->96K(1152K), 0.0017246 secs] 293348K->293346K(355072K), 0.0018001 secs] [Times: user=0.00 sys=0.00, real=0.00 secs] 
2014-07-10T12:34:19.438+0200: 4.936: [GC (Allocation Failure) 4.936: [ParNew: 1090K->96K(1152K), 0.0018768 secs] 294340K->294338K(355072K), 0.0019537 secs] [Times: user=0.00 sys=0.00, real=0.00 secs] 
2014-07-10T12:34:19.440+0200: 4.938: [GC (Allocation Failure) 4.938: [ParNew: 1090K->96K(1152K), 0.0014474 secs] 295333K->295331K(355072K), 0.0015112 secs] [Times: user=0.00 sys=0.00, real=0.00 secs] 
2014-07-10T12:34:19.442+0200: 4.940: [GC (Allocation Failure) 4.940: [ParNew: 1090K->96K(1152K), 0.0014958 secs] 296325K->296323K(355072K), 0.0015732 secs] [Times: user=0.00 sys=0.00, real=0.00 secs] 
2014-07-10T12:34:19.444+0200: 4.942: [GC (Allocation Failure) 4.942: [ParNew: 1090K->96K(1152K), 0.0014141 secs] 297318K->297316K(355072K), 0.0014786 secs] [Times: user=0.00 sys=0.00, real=0.00 secs] 
2014-07-10T12:34:19.446+0200: 4.943: [GC (Allocation Failure) 4.943: [ParNew: 1090K->96K(1152K), 0.0018229 secs] 298310K->298308K(355072K), 0.0018988 secs] [Times: user=0.00 sys=0.00, real=0.00 secs] 
2014-07-10T12:34:19.448+0200: 4.946: [GC (Allocation Failure) 4.946: [ParNew: 1090K->96K(1152K), 0.0015644 secs] 299303K->299301K(355072K), 0.0016315 secs] [Times: user=0.00 sys=0.00, real=0.00 secs] 
2014-07-10T12:34:19.450+0200: 4.948: [GC (Allocation Failure) 4.948: [ParNew: 1090K->96K(1152K), 0.0015615 secs] 300295K->300293K(355072K), 0.0016406 secs] [Times: user=0.00 sys=0.00, real=0.00 secs] 
2014-07-10T12:34:19.452+0200: 4.950: [GC (Allocation Failure) 4.950: [ParNew: 1090K->96K(1152K), 0.0016165 secs] 301288K->301286K(355072K), 0.0017363 secs] [Times: user=0.02 sys=0.00, real=0.00 secs] 
2014-07-10T12:34:19.454+0200: 4.952: [GC (Allocation Failure) 4.952: [ParNew: 1090K->96K(1152K), 0.0019988 secs] 302280K->302278K(355072K), 0.0020674 secs] [Times: user=0.00 sys=0.00, real=0.00 secs] 
2014-07-10T12:34:19.457+0200: 4.955: [GC (Allocation Failure) 4.955: [ParNew: 1090K->96K(1152K), 0.0016106 secs] 303273K->303271K(355072K), 0.0016934 secs] [Times: user=0.00 sys=0.00, real=0.00 secs] 
2014-07-10T12:34:19.459+0200: 4.957: [GC (Allocation Failure) 4.957: [ParNew: 1090K->96K(1152K), 0.0014104 secs] 304265K->304263K(355072K), 0.0014713 secs] [Times: user=0.00 sys=0.00, real=0.00 secs] 
2014-07-10T12:34:19.461+0200: 4.958: [GC (Allocation Failure) 4.958: [ParNew: 1090K->96K(1152K), 0.0014320 secs] 305258K->305256K(355072K), 0.0014936 secs] [Times: user=0.00 sys=0.00, real=0.00 secs] 
2014-07-10T12:34:19.462+0200: 4.960: [GC (Allocation Failure) 4.960: [ParNew: 1090K->96K(1152K), 0.0014390 secs] 306250K->306248K(355072K), 0.0015013 secs] [Times: user=0.00 sys=0.00, real=0.00 secs] 
2014-07-10T12:34:19.464+0200: 4.962: [GC (Allocation Failure) 4.962: [ParNew: 1090K->96K(1152K), 0.0014005 secs] 307243K->307241K(355072K), 0.0014687 secs] [Times: user=0.00 sys=0.00, real=0.00 secs] 
2014-07-10T12:34:19.466+0200: 4.963: [GC (CMS Initial Mark) [1 CMS-initial-mark: 307145K(353920K)] 307371K(355072K), 0.0001342 secs] [Times: user=0.00 sys=0.00, real=0.00 secs] 
2014-07-10T12:34:19.466+0200: 4.964: [CMS-concurrent-mark-start]
2014-07-10T12:34:19.466+0200: 4.964: [GC (Allocation Failure) 4.964: [ParNew: 1090K->96K(1152K), 0.0014295 secs] 308235K->308233K(355072K), 0.0014903 secs] [Times: user=0.00 sys=0.00, real=0.00 secs] 
2014-07-10T12:34:19.468+0200: 4.966: [GC (Allocation Failure) 4.966: [ParNew: 1090K->96K(1152K), 0.0018082 secs] 309228K->309226K(355072K), 0.0018786 secs] [Times: user=0.03 sys=0.00, real=0.00 secs] 
2014-07-10T12:34:19.470+0200: 4.968: [GC (Allocation Failure) 4.968: [ParNew: 1090K->96K(1152K), 0.0017136 secs] 310220K->310218K(355072K), 0.0017825 secs] [Times: user=0.00 sys=0.00, real=0.00 secs] 
2014-07-10T12:34:19.473+0200: 4.970: [GC (Allocation Failure) 4.970: [ParNew: 1090K->96K(1152K), 0.0015670 secs] 311213K->311211K(355072K), 0.0016308 secs] [Times: user=0.00 sys=0.00, real=0.00 secs] 
2014-07-10T12:34:19.475+0200: 4.973: [GC (Allocation Failure) 4.973: [ParNew: 1090K->96K(1152K), 0.0016461 secs] 312205K->312203K(355072K), 0.0017154 secs] [Times: user=0.00 sys=0.00, real=0.00 secs] 
2014-07-10T12:34:19.477+0200: 4.975: [GC (Allocation Failure) 4.975: [ParNew: 1090K->96K(1152K), 0.0017033 secs] 313198K->313196K(355072K), 0.0017785 secs] [Times: user=0.00 sys=0.00, real=0.00 secs] 
2014-07-10T12:34:19.479+0200: 4.977: [GC (Allocation Failure) 4.977: [ParNew: 1090K->96K(1152K), 0.0015435 secs] 314190K->314188K(355072K), 0.0016227 secs] [Times: user=0.00 sys=0.00, real=0.00 secs] 
2014-07-10T12:34:19.481+0200: 4.979: [GC (Allocation Failure) 4.979: [ParNew: 1090K->96K(1152K), 0.0014650 secs] 315183K->315181K(355072K), 0.0015296 secs] [Times: user=0.00 sys=0.00, real=0.00 secs] 
2014-07-10T12:34:19.483+0200: 4.981: [GC (Allocation Failure) 4.981: [ParNew: 1090K->96K(1152K), 0.0017580 secs] 316175K->316173K(355072K), 0.0018353 secs] [Times: user=0.03 sys=0.00, real=0.00 secs] 
2014-07-10T12:34:19.485+0200: 4.983: [GC (Allocation Failure) 4.983: [ParNew: 1090K->96K(1152K), 0.0017635 secs] 317168K->317166K(355072K), 0.0018500 secs] [Times: user=0.00 sys=0.00, real=0.00 secs] 
2014-07-10T12:34:19.487+0200: 4.985: [CMS-concurrent-mark: 0.003/0.022 secs] [Times: user=0.06 sys=0.00, real=0.02 secs] 
2014-07-10T12:34:19.488+0200: 4.985: [GC (Allocation Failure) 4.985: [ParNew: 1090K->96K(1152K), 0.0021044 secs] 318160K->318158K(355072K), 0.0021785 secs] [Times: user=0.00 sys=0.00, real=0.00 secs] 
2014-07-10T12:34:19.490+0200: 4.988: [CMS-concurrent-preclean-start]
2014-07-10T12:34:19.490+0200: 4.988: [GC (Allocation Failure) 4.988: [ParNew: 1090K->96K(1152K), 0.0015087 secs] 319152K->319150K(355072K), 0.0015688 secs] [Times: user=0.00 sys=0.00, real=0.00 secs] 
2014-07-10T12:34:19.492+0200: 4.990: [GC (Allocation Failure) 4.990: [ParNew: 1090K->96K(1152K), 0.0014086 secs] 320145K->320143K(355072K), 0.0014702 secs] [Times: user=0.00 sys=0.00, real=0.00 secs] 
2014-07-10T12:34:19.494+0200: 4.991: [GC (Allocation Failure) 4.991: [ParNew: 1090K->96K(1152K), 0.0015945 secs] 321137K->321135K(355072K), 0.0016637 secs] [Times: user=0.00 sys=0.00, real=0.00 secs] 
2014-07-10T12:34:19.496+0200: 4.993: [GC (Allocation Failure) 4.993: [ParNew: 1090K->96K(1152K), 0.0014738 secs] 322130K->322128K(355072K), 0.0015347 secs] [Times: user=0.00 sys=0.00, real=0.00 secs] 
2014-07-10T12:34:19.497+0200: 4.995: [GC (Allocation Failure) 4.995: [ParNew: 1090K->96K(1152K), 0.0014544 secs] 323122K->323120K(355072K), 0.0015145 secs] [Times: user=0.00 sys=0.00, real=0.00 secs] 
2014-07-10T12:34:19.499+0200: 4.997: [GC (Allocation Failure) 4.997: [ParNew: 1090K->96K(1152K), 0.0016766 secs] 324115K->324113K(355072K), 0.0017510 secs] [Times: user=0.03 sys=0.00, real=0.00 secs] 
2014-07-10T12:34:19.501+0200: 4.999: [GC (Allocation Failure) 4.999: [ParNew: 1090K->96K(1152K), 0.0018493 secs] 325107K->325105K(355072K), 0.0019233 secs] [Times: user=0.00 sys=0.00, real=0.00 secs] 
2014-07-10T12:34:19.504+0200: 5.001: [GC (Allocation Failure) 5.001: [ParNew: 1090K->96K(1152K), 0.0015875 secs] 326100K->326098K(355072K), 0.0016557 secs] [Times: user=0.00 sys=0.00, real=0.00 secs] 
2014-07-10T12:34:19.505+0200: 5.003: [GC (Allocation Failure) 5.003: [ParNew: 1090K->96K(1152K), 0.0016883 secs] 327092K->327090K(355072K), 0.0017580 secs] [Times: user=0.00 sys=0.00, real=0.00 secs] 
2014-07-10T12:34:19.507+0200: 5.005: [GC (Allocation Failure) 5.005: [ParNew: 1090K->96K(1152K), 0.0015068 secs] 328085K->328083K(355072K), 0.0015736 secs] [Times: user=0.00 sys=0.00, real=0.00 secs] 
2014-07-10T12:34:19.509+0200: 5.007: [GC (Allocation Failure) 5.007: [ParNew: 1090K->96K(1152K), 0.0014746 secs] 329077K->329075K(355072K), 0.0015369 secs] [Times: user=0.00 sys=0.00, real=0.00 secs] 
2014-07-10T12:34:19.511+0200: 5.009: [GC (Allocation Failure) 5.009: [ParNew: 1090K->96K(1152K), 0.0014518 secs] 330070K->330068K(355072K), 0.0015149 secs] [Times: user=0.00 sys=0.00, real=0.00 secs] 
2014-07-10T12:34:19.513+0200: 5.011: [GC (Allocation Failure) 5.011: [ParNew: 1090K->96K(1152K), 0.0014606 secs] 331062K->331060K(355072K), 0.0015230 secs] [Times: user=0.00 sys=0.00, real=0.00 secs] 
2014-07-10T12:34:19.515+0200: 5.012: [GC (Allocation Failure) 5.012: [ParNew: 1090K->96K(1152K), 0.0014328 secs] 332055K->332053K(355072K), 0.0014951 secs] [Times: user=0.03 sys=0.00, real=0.00 secs] 
2014-07-10T12:34:19.516+0200: 5.014: [GC (Allocation Failure) 5.014: [ParNew: 1090K->96K(1152K), 0.0020703 secs] 333047K->333045K(355072K), 0.0021440 secs] [Times: user=0.00 sys=0.00, real=0.00 secs] 
2014-07-10T12:34:19.519+0200: 5.017: [GC (Allocation Failure) 5.017: [ParNew: 1090K->96K(1152K), 0.0016586 secs] 334040K->334038K(355072K), 0.0017220 secs] [Times: user=0.00 sys=0.00, real=0.00 secs] 
2014-07-10T12:34:19.521+0200: 5.019: [GC (Allocation Failure) 5.019: [ParNew: 1098K->106K(1152K), 0.0012535 secs] 335040K->334432K(355072K), 0.0013111 secs] [Times: user=0.00 sys=0.00, real=0.00 secs] 
2014-07-10T12:34:19.523+0200: 5.020: [GC (Allocation Failure) 5.020: [ParNew: 1100K->96K(1152K), 0.0013517 secs] 335426K->335423K(355072K), 0.0014126 secs] [Times: user=0.00 sys=0.00, real=0.00 secs] 
2014-07-10T12:34:19.524+0200: 5.022: [GC (Allocation Failure) 5.022: [ParNew: 1090K->96K(1152K), 0.0016711 secs] 336417K->336415K(355072K), 0.0017495 secs] [Times: user=0.00 sys=0.00, real=0.00 secs] 
2014-07-10T12:34:19.526+0200: 5.024: [GC (Allocation Failure) 5.024: [ParNew: 1090K->96K(1152K), 0.0014540 secs] 337410K->337408K(355072K), 0.0015189 secs] [Times: user=0.00 sys=0.00, real=0.00 secs] 
2014-07-10T12:34:19.528+0200: 5.026: [GC (Allocation Failure) 5.026: [ParNew: 1090K->96K(1152K), 0.0013792 secs] 338402K->338400K(355072K), 0.0014390 secs] [Times: user=0.00 sys=0.00, real=0.00 secs] 
2014-07-10T12:34:19.530+0200: 5.028: [GC (Allocation Failure) 5.028: [ParNew: 1090K->96K(1152K), 0.0013602 secs] 339395K->339393K(355072K), 0.0014203 secs] [Times: user=0.00 sys=0.00, real=0.00 secs] 
2014-07-10T12:34:19.532+0200: 5.030: [GC (Allocation Failure) 5.030: [ParNew: 1090K->96K(1152K), 0.0025081 secs] 340387K->340385K(355072K), 0.0026166 secs] [Times: user=0.00 sys=0.00, real=0.00 secs] 
2014-07-10T12:34:19.536+0200: 5.033: [GC (Allocation Failure) 5.033: [ParNew: 1090K->96K(1152K), 0.0015816 secs] 341380K->341378K(355072K), 0.0016590 secs] [Times: user=0.00 sys=0.00, real=0.00 secs] 
2014-07-10T12:34:19.538+0200: 5.035: [GC (Allocation Failure) 5.035: [ParNew: 1090K->96K(1152K), 0.0016011 secs] 342372K->342370K(355072K), 0.0016784 secs] [Times: user=0.00 sys=0.00, real=0.00 secs] 
2014-07-10T12:34:19.540+0200: 5.038: [GC (Allocation Failure) 5.038: [ParNew: 1090K->96K(1152K), 0.0015417 secs] 343364K->343362K(355072K), 0.0016128 secs] [Times: user=0.00 sys=0.00, real=0.00 secs] 
2014-07-10T12:34:19.542+0200: 5.040: [GC (Allocation Failure) 5.040: [ParNew: 1090K->96K(1152K), 0.0014566 secs] 344357K->344355K(355072K), 0.0015219 secs] [Times: user=0.00 sys=0.00, real=0.00 secs] 
2014-07-10T12:34:19.544+0200: 5.042: [GC (Allocation Failure) 5.042: [ParNew: 1090K->96K(1152K), 0.0013778 secs] 345349K->345347K(355072K), 0.0014383 secs] [Times: user=0.00 sys=0.00, real=0.00 secs] 
2014-07-10T12:34:19.546+0200: 5.044: [GC (Allocation Failure) 5.044: [ParNew: 1090K->96K(1152K), 0.0014207 secs] 346342K->346340K(355072K), 0.0014955 secs] [Times: user=0.03 sys=0.00, real=0.00 secs] 
2014-07-10T12:34:19.548+0200: 5.045: [GC (Allocation Failure) 5.045: [ParNew: 1090K->96K(1152K), 0.0014713 secs] 347334K->347332K(355072K), 0.0015604 secs] [Times: user=0.00 sys=0.00, real=0.00 secs] 
2014-07-10T12:34:19.550+0200: 5.047: [GC (Allocation Failure) 5.047: [ParNew: 1090K->96K(1152K), 0.0016601 secs] 348327K->348325K(355072K), 0.0017330 secs] [Times: user=0.00 sys=0.00, real=0.00 secs] 
2014-07-10T12:34:19.552+0200: 5.049: [GC (Allocation Failure) 5.050: [ParNew: 1090K->96K(1152K), 0.0015849 secs] 349319K->349317K(355072K), 0.0016670 secs] [Times: user=0.00 sys=0.00, real=0.00 secs] 
2014-07-10T12:34:19.554+0200: 5.052: [GC (Allocation Failure) 5.052: [ParNew: 1090K->96K(1152K), 0.0015626 secs] 350312K->350310K(355072K), 0.0016337 secs] [Times: user=0.00 sys=0.00, real=0.00 secs] 
2014-07-10T12:34:19.557+0200: 5.055: [CMS-concurrent-preclean: 0.005/0.068 secs] [Times: user=0.11 sys=0.02, real=0.07 secs] 
2014-07-10T12:34:19.558+0200: 5.056: [GC (Allocation Failure) 5.056: [ParNew: 1090K->96K(1152K), 0.0018848 secs] 351304K->351302K(355072K), 0.0019757 secs] [Times: user=0.00 sys=0.00, real=0.00 secs] 
2014-07-10T12:34:19.561+0200: 5.058: [GC (Allocation Failure) 5.058: [ParNew: 1090K->96K(1152K), 0.0016773 secs] 352297K->352295K(355072K), 0.0017609 secs] [Times: user=0.00 sys=0.00, real=0.00 secs] 
2014-07-10T12:34:19.563+0200: 5.061: [GC (Allocation Failure) 5.061: [ParNew: 1090K->96K(1152K), 0.0017906 secs] 353289K->353287K(355072K), 0.0018779 secs] [Times: user=0.00 sys=0.00, real=0.00 secs] 
2014-07-10T12:34:19.566+0200: 5.063: [GC (Allocation Failure) 5.063: [ParNew: 1090K->1090K(1152K), 0.0000356 secs]5.063: [CMS (concurrent mode failure): 353191K->20926K(353920K), 0.0258915 secs] 354282K->20926K(355072K), [Metaspace: 2449K->2449K(1056768K)], 0.0264227 secs] [Times: user=0.02 sys=0.00, real=0.03 secs] 
2014-07-10T12:34:19.692+0200: 5.190: [GC (Allocation Failure) 5.190: [ParNew: 136315K->17018K(153344K), 0.0189527 secs] 157241K->46304K(507264K), 0.0191049 secs] [Times: user=0.02 sys=0.02, real=0.02 secs] 
2014-07-10T12:34:19.784+0200: 5.281: [GC (Allocation Failure) 5.282: [ParNew: 153332K->17018K(153344K), 0.0207404 secs] 182618K->59703K(507264K), 0.0208922 secs] [Times: user=0.03 sys=0.00, real=0.02 secs] 
2014-07-10T12:34:19.871+0200: 5.368: [GC (Allocation Failure) 5.368: [ParNew: 153325K->16994K(153344K), 0.0160938 secs] 196010K->65746K(507264K), 0.0162595 secs] [Times: user=0.03 sys=0.00, real=0.02 secs] 
2014-07-10T12:34:19.959+0200: 5.457: [GC (Allocation Failure) 5.457: [ParNew: 153292K->17022K(153344K), 0.0162126 secs] 202044K->72681K(507264K), 0.0164054 secs] [Times: user=0.03 sys=0.00, real=0.02 secs] 
2014-07-10T12:34:20.044+0200: 5.542: [GC (Allocation Failure) 5.542: [ParNew: 153336K->17018K(153344K), 0.0188310 secs] 208995K->84607K(507264K), 0.0189978 secs] [Times: user=0.06 sys=0.00, real=0.02 secs] 
2014-07-10T12:34:20.140+0200: 5.638: [GC (Allocation Failure) 5.638: [ParNew: 153333K->17018K(153344K), 0.0222549 secs] 220922K->101560K(507264K), 0.0224463 secs] [Times: user=0.03 sys=0.00, real=0.02 secs] 
2014-07-10T12:34:20.234+0200: 5.732: [GC (Allocation Failure) 5.732: [ParNew: 153307K->16992K(153344K), 0.0200977 secs] 237849K->115285K(507264K), 0.0202487 secs] [Times: user=0.03 sys=0.00, real=0.02 secs] 
2014-07-10T12:34:20.321+0200: 5.819: [GC (Allocation Failure) 5.819: [ParNew: 153305K->17018K(153344K), 0.0231418 secs] 251598K->134060K(507264K), 0.0233192 secs] [Times: user=0.06 sys=0.00, real=0.02 secs] 
2014-07-10T12:34:20.416+0200: 5.914: [GC (Allocation Failure) 5.914: [ParNew: 153331K->17018K(153344K), 0.0265950 secs] 270373K->157832K(507264K), 0.0267626 secs] [Times: user=0.06 sys=0.00, real=0.03 secs] 
2014-07-10T12:34:20.517+0200: 6.015: [GC (Allocation Failure) 6.015: [ParNew: 153331K->17020K(153344K), 0.0301139 secs] 294145K->186632K(507264K), 0.0302730 secs] [Times: user=0.06 sys=0.00, real=0.03 secs] 
2014-07-10T12:34:20.619+0200: 6.117: [GC (Allocation Failure) 6.117: [ParNew: 153337K->17000K(153344K), 0.0241603 secs] 322949K->207022K(507264K), 0.0243278 secs] [Times: user=0.06 sys=0.00, real=0.02 secs] 
2014-07-10T12:34:20.728+0200: 6.226: [GC (Allocation Failure) 6.226: [ParNew: 153314K->17018K(153344K), 0.0308559 secs] 343336K->232456K(507264K), 0.0309634 secs] [Times: user=0.06 sys=0.00, real=0.03 secs] 
2014-07-10T12:34:20.836+0200: 6.334: [GC (Allocation Failure) 6.334: [ParNew: 153332K->17018K(153344K), 0.0318524 secs] 368770K->262887K(507264K), 0.0319910 secs] [Times: user=0.06 sys=0.00, real=0.03 secs] 
2014-07-10T12:34:20.942+0200: 6.440: [GC (Allocation Failure) 6.440: [ParNew: 153331K->17018K(153344K), 0.0341930 secs] 399200K->298345K(507264K), 0.0343547 secs] [Times: user=0.06 sys=0.00, real=0.03 secs] 
2014-07-10T12:34:20.976+0200: 6.474: [GC (CMS Initial Mark) [1 CMS-initial-mark: 281326K(353920K)] 298377K(507264K), 0.0003395 secs] [Times: user=0.00 sys=0.00, real=0.00 secs] 
2014-07-10T12:34:20.977+0200: 6.475: [CMS-concurrent-mark-start]
2014-07-10T12:34:20.982+0200: 6.479: [CMS-concurrent-mark: 0.005/0.005 secs] [Times: user=0.00 sys=0.00, real=0.01 secs] 
2014-07-10T12:34:20.982+0200: 6.480: [CMS-concurrent-preclean-start]
2014-07-10T12:34:20.983+0200: 6.481: [CMS-concurrent-preclean: 0.001/0.001 secs] [Times: user=0.03 sys=0.00, real=0.00 secs] 
2014-07-10T12:34:20.983+0200: 6.481: [CMS-concurrent-abortable-preclean-start]
2014-07-10T12:34:21.051+0200: 6.549: [GC (Allocation Failure) 6.549: [ParNew: 153322K->16994K(153344K), 0.0293392 secs] 434649K->326447K(507264K), 0.0295046 secs] [Times: user=0.06 sys=0.00, real=0.03 secs] 
2014-07-10T12:34:21.162+0200: 6.660: [GC (Allocation Failure) 6.660: [ParNew2014-07-10T12:34:21.197+0200: 6.694: [CMS-concurrent-abortable-preclean: 0.007/0.214 secs] [Times: user=0.22 sys=0.00, real=0.21 secs] 
: 153307K->17018K(153344K), 0.0348452 secs] 462759K->359599K(507264K), 0.0349534 secs] [Times: user=0.05 sys=0.00, real=0.04 secs] 
2014-07-10T12:34:21.197+0200: 6.695: [GC (CMS Final Remark) [YG occupancy: 17050 K (153344 K)]6.695: [Rescan (parallel) , 0.0006970 secs]6.696: [weak refs processing, 0.0000282 secs]6.696: [class unloading, 0.0004733 secs]6.696: [scrub symbol table, 0.0006016 secs]6.697: [scrub string table, 0.0001807 secs][1 CMS-remark: 342581K(353920K)] 359631K(507264K), 0.0021063 secs] [Times: user=0.00 sys=0.00, real=0.00 secs] 
2014-07-10T12:34:21.200+0200: 6.697: [CMS-concurrent-sweep-start]
2014-07-10T12:34:21.202+0200: 6.700: [CMS-concurrent-sweep: 0.003/0.003 secs] [Times: user=0.03 sys=0.00, real=0.00 secs] 
2014-07-10T12:34:21.202+0200: 6.700: [CMS-concurrent-reset-start]
2014-07-10T12:34:21.205+0200: 6.702: [CMS-concurrent-reset: 0.002/0.002 secs] [Times: user=0.00 sys=0.00, real=0.00 secs] 
2014-07-10T12:34:21.274+0200: 6.772: [GC (Allocation Failure) 6.772: [ParNew: 153331K->17020K(153344K), 0.0379960 secs] 250696K->152531K(507264K), 0.0381606 secs] [Times: user=0.06 sys=0.00, real=0.04 secs] 
2014-07-10T12:34:21.381+0200: 6.878: [GC (Allocation Failure) 6.879: [ParNew: 153333K->17018K(153344K), 0.0384297 secs] 288845K->195702K(507264K), 0.0386255 secs] [Times: user=0.08 sys=0.00, real=0.04 secs] 
2014-07-10T12:34:21.493+0200: 6.991: [GC (Allocation Failure) 6.991: [ParNew: 153323K->16996K(153344K), 0.0343481 secs] 332007K->231522K(507264K), 0.0344987 secs] [Times: user=0.06 sys=0.00, real=0.04 secs] 
2014-07-10T12:34:21.528+0200: 7.026: [GC (CMS Initial Mark) [1 CMS-initial-mark: 214525K(353920K)] 231554K(507264K), 0.0003278 secs] [Times: user=0.00 sys=0.00, real=0.00 secs] 
2014-07-10T12:34:21.528+0200: 7.026: [CMS-concurrent-mark-start]
2014-07-10T12:34:21.535+0200: 7.033: [CMS-concurrent-mark: 0.007/0.007 secs] [Times: user=0.03 sys=0.00, real=0.01 secs] 
2014-07-10T12:34:21.535+0200: 7.033: [CMS-concurrent-preclean-start]
2014-07-10T12:34:21.536+0200: 7.034: [CMS-concurrent-preclean: 0.001/0.001 secs] [Times: user=0.00 sys=0.00, real=0.00 secs] 
2014-07-10T12:34:21.537+0200: 7.034: [CMS-concurrent-abortable-preclean-start]
2014-07-10T12:34:21.610+0200: 7.108: [GC (Allocation Failure) 7.108: [ParNew2014-07-10T12:34:21.647+0200: 7.145: [CMS-concurrent-abortable-preclean: 0.001/0.110 secs] [Times: user=0.13 sys=0.00, real=0.11 secs] 
: 153311K->17020K(153344K), 0.0382218 secs] 367837K->272390K(507264K), 0.0383454 secs] [Times: user=0.05 sys=0.00, real=0.04 secs] 
2014-07-10T12:34:21.660+0200: 7.158: [GC (CMS Final Remark) [YG occupancy: 39207 K (153344 K)]7.158: [Rescan (parallel) , 0.0010742 secs]7.159: [weak refs processing, 0.0000308 secs]7.159: [class unloading, 0.0004803 secs]7.160: [scrub symbol table, 0.0006123 secs]7.160: [scrub string table, 0.0001954 secs][1 CMS-remark: 255370K(353920K)] 294577K(507264K), 0.0026100 secs] [Times: user=0.00 sys=0.00, real=0.00 secs] 
2014-07-10T12:34:21.663+0200: 7.161: [CMS-concurrent-sweep-start]
2014-07-10T12:34:21.665+0200: 7.162: [CMS-concurrent-sweep: 0.002/0.002 secs] [Times: user=0.00 sys=0.00, real=0.00 secs] 
2014-07-10T12:34:21.665+0200: 7.163: [CMS-concurrent-reset-start]
2014-07-10T12:34:21.667+0200: 7.165: [CMS-concurrent-reset: 0.002/0.002 secs] [Times: user=0.00 sys=0.00, real=0.00 secs] 
2014-07-10T12:34:21.734+0200: 7.232: [GC (Allocation Failure) 7.232: [ParNew: 153334K->17018K(153344K), 0.0405143 secs] 230681K->140227K(507264K), 0.0407677 secs] [Times: user=0.06 sys=0.00, real=0.04 secs] 
2014-07-10T12:34:21.854+0200: 7.351: [GC (Allocation Failure) 7.352: [ParNew: 153308K->16992K(153344K), 0.0387388 secs] 276517K->182862K(507264K), 0.0389151 secs] [Times: user=0.08 sys=0.00, real=0.04 secs] 
2014-07-10T12:34:21.965+0200: 7.463: [GC (Allocation Failure) 7.463: [ParNew: 153306K->17020K(153344K), 0.0413510 secs] 319176K->230549K(507264K), 0.0415101 secs] [Times: user=0.06 sys=0.00, real=0.04 secs] 
2014-07-10T12:34:22.007+0200: 7.505: [GC (CMS Initial Mark) [1 CMS-initial-mark: 213529K(353920K)] 231033K(507264K), 0.0003710 secs] [Times: user=0.00 sys=0.00, real=0.00 secs] 
2014-07-10T12:34:22.007+0200: 7.505: [CMS-concurrent-mark-start]
2014-07-10T12:34:22.012+0200: 7.510: [CMS-concurrent-mark: 0.005/0.005 secs] [Times: user=0.03 sys=0.00, real=0.01 secs] 
2014-07-10T12:34:22.012+0200: 7.510: [CMS-concurrent-preclean-start]
2014-07-10T12:34:22.013+0200: 7.511: [CMS-concurrent-preclean: 0.001/0.001 secs] [Times: user=0.00 sys=0.00, real=0.00 secs] 
2014-07-10T12:34:22.013+0200: 7.511: [CMS-concurrent-abortable-preclean-start]
2014-07-10T12:34:22.077+0200: 7.575: [GC (Allocation Failure) 7.575: [ParNew: 153311K->4094K(153344K), 0.0041553 secs] 366840K->217639K(507264K), 0.0043229 secs] [Times: user=0.00 sys=0.00, real=0.01 secs] 
2014-07-10T12:34:22.162+0200: 7.660: [GC (Allocation Failure) 7.660: [ParNew: 140413K->3907K(153344K), 0.0036443 secs] 353959K->217452K(507264K), 0.0038210 secs] [Times: user=0.00 sys=0.00, real=0.00 secs] 
2014-07-10T12:34:22.269+0200: 7.767: [GC (Allocation Failure) 7.767: [ParNew: 140195K->17004K(153344K), 0.0401543 secs] 353741K->275692K(507264K), 0.0403197 secs] [Times: user=0.09 sys=0.00, real=0.04 secs] 
2014-07-10T12:34:22.310+0200: 7.808: [CMS-concurrent-abortable-preclean: 0.006/0.297 secs] [Times: user=0.34 sys=0.00, real=0.30 secs] 
2014-07-10T12:34:22.310+0200: 7.808: [GC (CMS Final Remark) [YG occupancy: 17104 K (153344 K)]7.808: [Rescan (parallel) , 0.0008040 secs]7.809: [weak refs processing, 0.0000301 secs]7.809: [class unloading, 0.0003809 secs]7.809: [scrub symbol table, 0.0005510 secs]7.810: [scrub string table, 0.0001573 secs][1 CMS-remark: 258687K(353920K)] 275791K(507264K), 0.0020399 secs] [Times: user=0.00 sys=0.00, real=0.00 secs] 
2014-07-10T12:34:22.312+0200: 7.810: [CMS-concurrent-sweep-start]
2014-07-10T12:34:22.314+0200: 7.812: [CMS-concurrent-sweep: 0.002/0.002 secs] [Times: user=0.00 sys=0.00, real=0.00 secs] 
2014-07-10T12:34:22.314+0200: 7.812: [CMS-concurrent-reset-start]
2014-07-10T12:34:22.316+0200: 7.814: [CMS-concurrent-reset: 0.002/0.002 secs] [Times: user=0.00 sys=0.00, real=0.00 secs] 
2014-07-10T12:34:22.379+0200: 7.877: [GC (Allocation Failure) 7.877: [ParNew: 153295K->1532K(153344K), 0.0024087 secs] 246773K->95076K(507264K), 0.0025462 secs] [Times: user=0.00 sys=0.00, real=0.00 secs] 
2014-07-10T12:34:22.447+0200: 7.945: [GC (Allocation Failure) 7.946: [ParNew: 137848K->6573K(153344K), 0.0055162 secs] 231391K->100116K(507264K), 0.0057062 secs] [Times: user=0.03 sys=0.00, real=0.01 secs] 
2014-07-10T12:34:22.519+0200: 8.017: [GC (Allocation Failure) 8.017: [ParNew: 142863K->3361K(153344K), 0.0033268 secs] 236406K->96905K(507264K), 0.0034771 secs] [Times: user=0.00 sys=0.00, real=0.00 secs] 
2014-07-10T12:34:22.588+0200: 8.086: [GC (Allocation Failure) 8.087: [ParNew: 139675K->8404K(153344K), 0.0066726 secs] 233219K->101947K(507264K), 0.0068621 secs] [Times: user=0.00 sys=0.00, real=0.01 secs] 
2014-07-10T12:34:22.661+0200: 8.159: [GC (Allocation Failure) 8.159: [ParNew: 144717K->13446K(153344K), 0.0097365 secs] 238260K->106989K(507264K), 0.0099128 secs] [Times: user=0.03 sys=0.00, real=0.01 secs] 
2014-07-10T12:34:22.736+0200: 8.234: [GC (Allocation Failure) 8.234: [ParNew: 149761K->17020K(153344K), 0.0127769 secs] 243304K->112032K(507264K), 0.0129382 secs] [Times: user=0.03 sys=0.00, real=0.01 secs] 
2014-07-10T12:34:22.816+0200: 8.314: [GC (Allocation Failure) 8.314: [ParNew: 153323K->11041K(153344K), 0.0081666 secs] 248336K->106070K(507264K), 0.0083690 secs] [Times: user=0.03 sys=0.00, real=0.01 secs] 
2014-07-10T12:34:22.891+0200: 8.389: [GC (Allocation Failure) 8.389: [ParNew: 147355K->16057K(153344K), 0.0112965 secs] 242384K->111110K(507264K), 0.0114563 secs] [Times: user=0.03 sys=0.00, real=0.01 secs] 
2014-07-10T12:34:22.968+0200: 8.466: [GC (Allocation Failure) 8.466: [ParNew: 152370K->17018K(153344K), 0.0145022 secs] 247423K->116153K(507264K), 0.0146665 secs] [Times: user=0.03 sys=0.00, real=0.02 secs] 
2014-07-10T12:34:23.049+0200: 8.547: [GC (Allocation Failure) 8.547: [ParNew: 153332K->17020K(153344K), 0.0174990 secs] 252467K->125263K(507264K), 0.0176684 secs] [Times: user=0.03 sys=0.00, real=0.02 secs] 
2014-07-10T12:34:23.133+0200: 8.631: [GC (Allocation Failure) 8.631: [ParNew: 153322K->16994K(153344K), 0.0128788 secs] 261566K->127014K(507264K), 0.0130339 secs] [Times: user=0.02 sys=0.00, real=0.01 secs] 
2014-07-10T12:34:23.211+0200: 8.709: [GC (Allocation Failure) 8.709: [ParNew: 153307K->17020K(153344K), 0.0161216 secs] 263328K->133820K(507264K), 0.0163317 secs] [Times: user=0.03 sys=0.00, real=0.02 secs] 
2014-07-10T12:34:23.293+0200: 8.791: [GC (Allocation Failure) 8.791: [ParNew: 153332K->17020K(153344K), 0.0191536 secs] 270132K->145618K(507264K), 0.0193153 secs] [Times: user=0.03 sys=0.00, real=0.02 secs] 
2014-07-10T12:34:23.396+0200: 8.894: [GC (Allocation Failure) 8.894: [ParNew: 153333K->17018K(153344K), 0.0223007 secs] 281931K->162440K(507264K), 0.0224657 secs] [Times: user=0.06 sys=0.00, real=0.02 secs] 
2014-07-10T12:34:23.488+0200: 8.985: [GC (Allocation Failure) 8.986: [ParNew: 153337K->17000K(153344K), 0.0177718 secs] 298759K->170858K(507264K), 0.0179335 secs] [Times: user=0.03 sys=0.00, real=0.02 secs] 
2014-07-10T12:34:23.576+0200: 9.074: [GC (Allocation Failure) 9.074: [ParNew: 153314K->17020K(153344K), 0.0199987 secs] 307172K->184321K(507264K), 0.0201582 secs] [Times: user=0.03 sys=0.00, real=0.02 secs] 
2014-07-10T12:34:23.672+0200: 9.170: [GC (Allocation Failure) 9.170: [ParNew: 153334K->17018K(153344K), 0.0236045 secs] 320635K->202776K(507264K), 0.0237665 secs] [Times: user=0.03 sys=0.00, real=0.02 secs] 
2014-07-10T12:34:23.761+0200: 9.259: [GC (Allocation Failure) 9.259: [ParNew: 153308K->16992K(153344K), 0.0211554 secs] 339066K->218006K(507264K), 0.0213046 secs] [Times: user=0.03 sys=0.00, real=0.02 secs] 
2014-07-10T12:34:23.851+0200: 9.349: [GC (Allocation Failure) 9.349: [ParNew: 153305K->17020K(153344K), 0.0391248 secs] 354318K->238288K(507264K), 0.0392638 secs] [Times: user=0.08 sys=0.00, real=0.04 secs] 
2014-07-10T12:34:23.955+0200: 9.453: [GC (Allocation Failure) 9.453: [ParNew: 153334K->17018K(153344K), 0.0280399 secs] 374602K->263562K(507264K), 0.0282082 secs] [Times: user=0.06 sys=0.00, real=0.03 secs] 
2014-07-10T12:34:23.984+0200: 9.482: [GC (CMS Initial Mark) [1 CMS-initial-mark: 246544K(353920K)] 263594K(507264K), 0.0002845 secs] [Times: user=0.00 sys=0.00, real=0.00 secs] 
2014-07-10T12:34:23.984+0200: 9.482: [CMS-concurrent-mark-start]
2014-07-10T12:34:23.989+0200: 9.487: [CMS-concurrent-mark: 0.004/0.004 secs] [Times: user=0.00 sys=0.00, real=0.01 secs] 
2014-07-10T12:34:23.989+0200: 9.487: [CMS-concurrent-preclean-start]
2014-07-10T12:34:23.990+0200: 9.488: [CMS-concurrent-preclean: 0.001/0.001 secs] [Times: user=0.00 sys=0.00, real=0.00 secs] 
2014-07-10T12:34:23.990+0200: 9.488: [CMS-concurrent-abortable-preclean-start]
2014-07-10T12:34:24.055+0200: 9.553: [GC (Allocation Failure) 9.553: [ParNew: 153330K->17020K(153344K), 0.0310697 secs] 399874K->293867K(507264K), 0.0312369 secs] [Times: user=0.06 sys=0.00, real=0.03 secs] 
2014-07-10T12:34:24.159+0200: 9.657: [GC (Allocation Failure) 9.657: [ParNew: 153337K->17000K(153344K), 0.0228573 secs] 430184K->312688K(507264K), 0.0233980 secs] [Times: user=0.06 sys=0.00, real=0.02 secs] 
2014-07-10T12:34:24.251+0200: 9.749: [GC (Allocation Failure) 9.750: [ParNew: 153315K->17018K(153344K), 0.0269503 secs] 449004K->336554K(507264K), 0.0271501 secs] [Times: user=0.06 sys=0.00, real=0.03 secs] 
2014-07-10T12:34:24.345+0200: 9.843: [GC (Allocation Failure) 9.843: [ParNew: 153331K->17020K(153344K), 0.0299680 secs] 472867K->365418K(507264K), 0.0301319 secs] [Times: user=0.06 sys=0.00, real=0.03 secs] 
2014-07-10T12:34:24.375+0200: 9.873: [CMS-concurrent-abortable-preclean: 0.017/0.386 secs] [Times: user=0.50 sys=0.00, real=0.38 secs] 
2014-07-10T12:34:24.376+0200: 9.874: [GC (CMS Final Remark) [YG occupancy: 17052 K (153344 K)]9.874: [Rescan (parallel) , 0.0006695 secs]9.874: [weak refs processing, 0.0000275 secs]9.874: [class unloading, 0.0004491 secs]9.875: [scrub symbol table, 0.0005565 secs]9.875: [scrub string table, 0.0002082 secs][1 CMS-remark: 348398K(353920K)] 365450K(507264K), 0.0020293 secs] [Times: user=0.00 sys=0.00, real=0.00 secs] 
2014-07-10T12:34:24.378+0200: 9.876: [CMS-concurrent-sweep-start]
2014-07-10T12:34:24.381+0200: 9.879: [CMS-concurrent-sweep: 0.003/0.003 secs] [Times: user=0.00 sys=0.00, real=0.00 secs] 
2014-07-10T12:34:24.381+0200: 9.879: [CMS-concurrent-reset-start]
2014-07-10T12:34:24.383+0200: 9.881: [CMS-concurrent-reset: 0.002/0.002 secs] [Times: user=0.03 sys=0.00, real=0.00 secs] 
2014-07-10T12:34:24.451+0200: 9.949: [GC (Allocation Failure) 9.949: [ParNew: 153332K->17018K(153344K), 0.0335858 secs] 281189K->178763K(507264K), 0.0337560 secs] [Times: user=0.06 sys=0.00, real=0.03 secs] 
2014-07-10T12:34:24.551+0200: 10.049: [GC (Allocation Failure) 10.049: [ParNew: 153309K->17022K(153344K), 0.0312559 secs] 315054K->209422K(507264K), 0.0314231 secs] [Times: user=0.06 sys=0.00, real=0.03 secs] 
2014-07-10T12:34:24.583+0200: 10.081: [GC (CMS Initial Mark) [1 CMS-initial-mark: 192400K(353920K)] 209454K(507264K), 0.0003190 secs] [Times: user=0.00 sys=0.00, real=0.00 secs] 
2014-07-10T12:34:24.583+0200: 10.081: [CMS-concurrent-mark-start]
2014-07-10T12:34:24.588+0200: 10.086: [CMS-concurrent-mark: 0.004/0.004 secs] [Times: user=0.03 sys=0.00, real=0.01 secs] 
2014-07-10T12:34:24.588+0200: 10.086: [CMS-concurrent-preclean-start]
2014-07-10T12:34:24.589+0200: 10.087: [CMS-concurrent-preclean: 0.001/0.001 secs] [Times: user=0.00 sys=0.00, real=0.00 secs] 
2014-07-10T12:34:24.589+0200: 10.087: [CMS-concurrent-abortable-preclean-start]
2014-07-10T12:34:24.651+0200: 10.149: [GC (Allocation Failure) 10.149: [ParNew: 153335K->17020K(153344K), 0.0335943 secs] 345735K->245106K(507264K), 0.0337732 secs] [Times: user=0.06 sys=0.00, real=0.03 secs] 
2014-07-10T12:34:24.754+0200: 10.252: [GC (Allocation Failure) 10.252: [ParNew: 153334K->17020K(153344K), 0.0380990 secs] 381420K->285814K(507264K), 0.0382523 secs] [Times: user=0.09 sys=0.00, real=0.04 secs] 
2014-07-10T12:34:24.861+0200: 10.359: [GC (Allocation Failure) 10.359: [ParNew: 153334K->17018K(153344K), 0.0411658 secs] 422128K->331546K(507264K), 0.0413282 secs] [Times: user=0.09 sys=0.00, real=0.04 secs] 
2014-07-10T12:34:24.971+0200: 10.468: [GC (Allocation Failure) 10.468: [ParNew: 153306K->153306K(153344K), 0.0000458 secs]10.468: [CMS2014-07-10T12:34:24.971+0200: 10.468: [CMS-concurrent-abortable-preclean: 0.022/0.381 secs] [Times: user=0.53 sys=0.00, real=0.38 secs] 
 (concurrent mode failure): 314528K->55049K(353920K), 0.0401195 secs] 467835K->55049K(507264K), [Metaspace: 2453K->2453K(1056768K)], 0.0403373 secs] [Times: user=0.05 sys=0.00, real=0.04 secs] 
2014-07-10T12:34:25.084+0200: 10.581: [GC (Allocation Failure) 10.581: [ParNew: 136314K->17018K(153344K), 0.0384414 secs] 191363K->114364K(507264K), 0.0386068 secs] [Times: user=0.09 sys=0.00, real=0.04 secs] 
2014-07-10T12:34:25.194+0200: 10.691: [GC (Allocation Failure) 10.691: [ParNew: 153332K->17018K(153344K), 0.0409715 secs] 250678K->161699K(507264K), 0.0411237 secs] [Times: user=0.08 sys=0.00, real=0.04 secs] 
2014-07-10T12:34:25.236+0200: 10.733: [GC (CMS Initial Mark) [1 CMS-initial-mark: 144681K(353920K)] 161731K(507264K), 0.0004044 secs] [Times: user=0.00 sys=0.00, real=0.00 secs] 
2014-07-10T12:34:25.236+0200: 10.733: [CMS-concurrent-mark-start]
2014-07-10T12:34:25.241+0200: 10.738: [CMS-concurrent-mark: 0.004/0.004 secs] [Times: user=0.00 sys=0.00, real=0.00 secs] 
2014-07-10T12:34:25.241+0200: 10.738: [CMS-concurrent-preclean-start]
2014-07-10T12:34:25.242+0200: 10.739: [CMS-concurrent-preclean: 0.001/0.001 secs] [Times: user=0.03 sys=0.00, real=0.00 secs] 
2014-07-10T12:34:25.242+0200: 10.739: [CMS-concurrent-abortable-preclean-start]
2014-07-10T12:34:25.305+0200: 10.802: [GC (Allocation Failure) 10.802: [ParNew: 153324K->16996K(153344K), 0.0373672 secs] 298005K->201681K(507264K), 0.0375278 secs] [Times: user=0.06 sys=0.00, real=0.04 secs] 
2014-07-10T12:34:25.412+0200: 10.909: [GC (Allocation Failure) 10.909: [ParNew: 153311K->17018K(153344K), 0.0398100 secs] 337996K->246709K(507264K), 0.0399501 secs] [Times: user=0.09 sys=0.00, real=0.04 secs] 
2014-07-10T12:34:25.543+0200: 11.040: [GC (Allocation Failure) 11.040: [ParNew: 153309K->1434K(153344K), 0.0020531 secs] 383000K->231141K(507264K), 0.0021796 secs] [Times: user=0.00 sys=0.00, real=0.00 secs] 
2014-07-10T12:34:25.697+0200: 11.194: [GC (Allocation Failure) 11.194: [ParNew: 137730K->2321K(153344K), 0.0031731 secs] 367437K->232028K(507264K), 0.0033048 secs] [Times: user=0.00 sys=0.00, real=0.00 secs] 
2014-07-10T12:34:25.700+0200: 11.197: [CMS-concurrent-abortable-preclean: 0.021/0.458 secs] [Times: user=0.47 sys=0.02, real=0.46 secs] 
2014-07-10T12:34:25.700+0200: 11.197: [GC (CMS Final Remark) [YG occupancy: 2580 K (153344 K)]11.197: [Rescan (parallel) , 0.0009441 secs]11.198: [weak refs processing, 0.0000367 secs]11.198: [class unloading, 0.0006456 secs]11.199: [scrub symbol table, 0.0007399 secs]11.200: [scrub string table, 0.0002343 secs][1 CMS-remark: 229707K(353920K)] 232287K(507264K), 0.0027882 secs] [Times: user=0.00 sys=0.00, real=0.00 secs] 
2014-07-10T12:34:25.703+0200: 11.200: [CMS-concurrent-sweep-start]
2014-07-10T12:34:25.705+0200: 11.202: [CMS-concurrent-sweep: 0.002/0.002 secs] [Times: user=0.00 sys=0.00, real=0.00 secs] 
2014-07-10T12:34:25.705+0200: 11.202: [CMS-concurrent-reset-start]
2014-07-10T12:34:25.707+0200: 11.204: [CMS-concurrent-reset: 0.002/0.002 secs] [Times: user=0.00 sys=0.00, real=0.00 secs] 
2014-07-10T12:34:25.774+0200: 11.271: [GC (Allocation Failure) 11.271: [ParNew: 138633K->16996K(153344K), 0.0414280 secs] 271749K->197815K(507264K), 0.0416230 secs] [Times: user=0.06 sys=0.00, real=0.04 secs] 
2014-07-10T12:34:25.816+0200: 11.313: [GC (CMS Initial Mark) [1 CMS-initial-mark: 180819K(353920K)] 197847K(507264K), 0.0010914 secs] [Times: user=0.00 sys=0.00, real=0.00 secs] 
2014-07-10T12:34:25.818+0200: 11.315: [CMS-concurrent-mark-start]
2014-07-10T12:34:25.822+0200: 11.319: [CMS-concurrent-mark: 0.004/0.004 secs] [Times: user=0.01 sys=0.00, real=0.00 secs] 
2014-07-10T12:34:25.822+0200: 11.319: [CMS-concurrent-preclean-start]
2014-07-10T12:34:25.823+0200: 11.320: [CMS-concurrent-preclean: 0.001/0.001 secs] [Times: user=0.00 sys=0.00, real=0.00 secs] 
2014-07-10T12:34:25.823+0200: 11.320: [GC (CMS Final Remark) [YG occupancy: 17927 K (153344 K)]11.320: [Rescan (parallel) , 0.0005503 secs]11.321: [weak refs processing, 0.0000290 secs]11.321: [class unloading, 0.0003872 secs]11.321: [scrub symbol table, 0.0005624 secs]11.322: [scrub string table, 0.0001690 secs][1 CMS-remark: 180819K(353920K)] 198747K(507264K), 0.0018284 secs] [Times: user=0.00 sys=0.00, real=0.00 secs] 
2014-07-10T12:34:25.825+0200: 11.322: [CMS-concurrent-sweep-start]
2014-07-10T12:34:25.826+0200: 11.323: [CMS-concurrent-sweep: 0.001/0.001 secs] [Times: user=0.00 sys=0.00, real=0.00 secs] 
2014-07-10T12:34:25.826+0200: 11.323: [CMS-concurrent-reset-start]
2014-07-10T12:34:25.827+0200: 11.325: [CMS-concurrent-reset: 0.001/0.001 secs] [Times: user=0.00 sys=0.00, real=0.00 secs] 
2014-07-10T12:34:25.944+0200: 11.441: [GC (Allocation Failure) 11.441: [ParNew: 153284K->4092K(153344K), 0.0038397 secs] 201726K->52590K(507264K), 0.0039878 secs] [Times: user=0.00 sys=0.00, real=0.00 secs] 
2014-07-10T12:34:26.093+0200: 11.590: [GC (Allocation Failure) 11.590: [ParNew: 140404K->9134K(153344K), 0.0073769 secs] 188902K->57633K(507264K), 0.0075327 secs] [Times: user=0.03 sys=0.00, real=0.01 secs] 
2014-07-10T12:34:26.246+0200: 11.743: [GC (Allocation Failure) 11.743: [ParNew: 145425K->5882K(153344K), 0.0080434 secs] 193923K->54421K(507264K), 0.0082898 secs] [Times: user=0.00 sys=0.00, real=0.01 secs] 
2014-07-10T12:34:26.346+0200: 11.844: [GC (Allocation Failure) 11.844: [ParNew: 142195K->10925K(153344K), 0.0083415 secs] 190734K->59464K(507264K), 0.0085163 secs] [Times: user=0.03 sys=0.00, real=0.01 secs] 
2014-07-10T12:34:26.482+0200: 11.979: [GC (Allocation Failure) 11.979: [ParNew: 147239K->15929K(153344K), 0.0128576 secs] 195777K->64504K(507264K), 0.0129991 secs] [Times: user=0.03 sys=0.00, real=0.01 secs] 
2014-07-10T12:34:26.652+0200: 12.149: [GC (Allocation Failure) 12.149: [ParNew: 152243K->17018K(153344K), 0.0142533 secs] 200818K->69547K(507264K), 0.0144073 secs] [Times: user=0.03 sys=0.00, real=0.02 secs] 
2014-07-10T12:34:26.746+0200: 12.243: [GC (Allocation Failure) 12.243: [ParNew: 153321K->8392K(153344K), 0.0069204 secs] 205850K->60937K(507264K), 0.0070847 secs] [Times: user=0.00 sys=0.00, real=0.01 secs] 
2014-07-10T12:34:26.888+0200: 12.386: [GC (Allocation Failure) 12.386: [ParNew: 144706K->13434K(153344K), 0.0096074 secs] 197251K->65979K(507264K), 0.0097673 secs] [Times: user=0.03 sys=0.00, real=0.01 secs] 
2014-07-10T12:34:27.059+0200: 12.556: [GC (Allocation Failure) 12.556: [ParNew: 149750K->17018K(153344K), 0.0143596 secs] 202295K->71020K(507264K), 0.0145990 secs] [Times: user=0.03 sys=0.00, real=0.01 secs] 
2014-07-10T12:34:27.154+0200: 12.651: [GC (Allocation Failure) 12.651: [ParNew: 153332K->17018K(153344K), 0.0159423 secs] 207335K->77472K(507264K), 0.0161055 secs] [Times: user=0.03 sys=0.00, real=0.02 secs] 
2014-07-10T12:34:27.299+0200: 12.796: [GC (Allocation Failure) 12.796: [ParNew: 153306K->17022K(153344K), 0.0144806 secs] 213760K->80694K(507264K), 0.0146581 secs] [Times: user=0.03 sys=0.00, real=0.01 secs] 
2014-07-10T12:34:27.454+0200: 12.951: [GC (Allocation Failure) 12.951: [ParNew: 153335K->17018K(153344K), 0.0185146 secs] 217006K->88938K(507264K), 0.0186942 secs] [Times: user=0.03 sys=0.02, real=0.02 secs] 
2014-07-10T12:34:27.556+0200: 13.053: [GC (Allocation Failure) 13.053: [ParNew: 153330K->17018K(153344K), 0.0202861 secs] 225250K->102208K(507264K), 0.0204463 secs] [Times: user=0.03 sys=0.00, real=0.02 secs] 
2014-07-10T12:34:27.731+0200: 13.228: [GC (Allocation Failure) 13.228: [ParNew: 153324K->16994K(153344K), 0.0181164 secs] 238514K->108123K(507264K), 0.0182800 secs] [Times: user=0.02 sys=0.00, real=0.02 secs] 
2014-07-10T12:34:27.867+0200: 13.364: [GC (Allocation Failure) 13.364: [ParNew: 153309K->17018K(153344K), 0.0214007 secs] 244439K->119089K(507264K), 0.0216368 secs] [Times: user=0.03 sys=0.00, real=0.02 secs] 
2014-07-10T12:34:27.959+0200: 13.456: [GC (Allocation Failure) 13.456: [ParNew: 153333K->17018K(153344K), 0.0217457 secs] 255404K->135049K(507264K), 0.0219220 secs] [Times: user=0.03 sys=0.00, real=0.02 secs] 
2014-07-10T12:34:28.111+0200: 13.608: [GC (Allocation Failure) 13.608: [ParNew: 153331K->17018K(153344K), 0.0254123 secs] 271362K->156035K(507264K), 0.0255622 secs] [Times: user=0.06 sys=0.00, real=0.03 secs] 
2014-07-10T12:34:28.269+0200: 13.767: [GC (Allocation Failure) 13.767: [ParNew: 153321K->16996K(153344K), 0.0297238 secs] 292339K->169668K(507264K), 0.0299874 secs] [Times: user=0.03 sys=0.00, real=0.03 secs] 
2014-07-10T12:34:28.366+0200: 13.864: [GC (Allocation Failure) 13.864: [ParNew: 153310K->17018K(153344K), 0.0237067 secs] 305982K->188348K(507264K), 0.0239201 secs] [Times: user=0.03 sys=0.00, real=0.02 secs] 
2014-07-10T12:34:28.494+0200: 13.992: [GC (Allocation Failure) 13.992: [ParNew: 153331K->17018K(153344K), 0.0266277 secs] 324661K->212023K(507264K), 0.0267860 secs] [Times: user=0.06 sys=0.00, real=0.03 secs] 
2014-07-10T12:34:28.685+0200: 14.182: [GC (Allocation Failure) 14.182: [ParNew: 153332K->17018K(153344K), 0.0300897 secs] 348338K->240725K(507264K), 0.0302726 secs] [Times: user=0.06 sys=0.00, real=0.03 secs] 
2014-07-10T12:34:28.791+0200: 14.288: [GC (Allocation Failure) 14.288: [ParNew: 153337K->17000K(153344K), 0.0240708 secs] 377044K->261021K(507264K), 0.0242252 secs] [Times: user=0.05 sys=0.00, real=0.02 secs] 
2014-07-10T12:34:28.899+0200: 14.397: [GC (Allocation Failure) 14.397: [ParNew: 153315K->17018K(153344K), 0.0278907 secs] 397336K->286360K(507264K), 0.0280516 secs] [Times: user=0.06 sys=0.00, real=0.03 secs] 
2014-07-10T12:34:28.928+0200: 14.425: [GC (CMS Initial Mark) [1 CMS-initial-mark: 269342K(353920K)] 286392K(507264K), 0.0002856 secs] [Times: user=0.00 sys=0.00, real=0.00 secs] 
2014-07-10T12:34:28.928+0200: 14.425: [CMS-concurrent-mark-start]
2014-07-10T12:34:28.933+0200: 14.430: [CMS-concurrent-mark: 0.005/0.005 secs] [Times: user=0.00 sys=0.00, real=0.01 secs] 
2014-07-10T12:34:28.933+0200: 14.430: [CMS-concurrent-preclean-start]
2014-07-10T12:34:28.934+0200: 14.431: [CMS-concurrent-preclean: 0.001/0.001 secs] [Times: user=0.00 sys=0.00, real=0.00 secs] 
2014-07-10T12:34:28.934+0200: 14.431: [CMS-concurrent-abortable-preclean-start]
2014-07-10T12:34:29.081+0200: 14.578: [GC (Allocation Failure) 14.578: [ParNew: 153332K->17018K(153344K), 0.0401752 secs] 422674K->316695K(507264K), 0.0403497 secs] [Times: user=0.00 sys=0.00, real=0.04 secs] 
2014-07-10T12:34:29.121+0200: 14.618: [CMS-concurrent-abortable-preclean: 0.005/0.187 secs] [Times: user=0.09 sys=0.00, real=0.19 secs] 
2014-07-10T12:34:29.129+0200: 14.626: [GC (CMS Final Remark) [YG occupancy: 31601 K (153344 K)]14.627: [Rescan (parallel) , 0.0009705 secs]14.628: [weak refs processing, 0.0000315 secs]14.628: [class unloading, 0.0005499 secs]14.628: [scrub symbol table, 0.0006486 secs]14.629: [scrub string table, 0.0002343 secs][1 CMS-remark: 299677K(353920K)] 331278K(507264K), 0.0026456 secs] [Times: user=0.00 sys=0.00, real=0.00 secs] 
2014-07-10T12:34:29.132+0200: 14.629: [CMS-concurrent-sweep-start]
2014-07-10T12:34:29.134+0200: 14.632: [CMS-concurrent-sweep: 0.002/0.002 secs] [Times: user=0.00 sys=0.00, real=0.00 secs] 
2014-07-10T12:34:29.135+0200: 14.632: [CMS-concurrent-reset-start]
2014-07-10T12:34:29.137+0200: 14.634: [CMS-concurrent-reset: 0.002/0.002 secs] [Times: user=0.00 sys=0.00, real=0.00 secs] 
2014-07-10T12:34:29.192+0200: 14.690: [GC (Allocation Failure) 14.690: [ParNew: 153332K->17018K(153344K), 0.0376961 secs] 209799K->108847K(507264K), 0.0378185 secs] [Times: user=0.06 sys=0.00, real=0.04 secs] 
2014-07-10T12:34:29.298+0200: 14.795: [GC (Allocation Failure) 14.795: [ParNew: 153306K->16992K(153344K), 0.0318161 secs] 245136K->140981K(507264K), 0.0319793 secs] [Times: user=0.06 sys=0.00, real=0.03 secs] 
2014-07-10T12:34:29.477+0200: 14.974: [GC (Allocation Failure) 14.974: [ParNew: 153306K->17018K(153344K), 0.0352470 secs] 277295K->178165K(507264K), 0.0354292 secs] [Times: user=0.06 sys=0.00, real=0.04 secs] 
2014-07-10T12:34:29.582+0200: 15.079: [GC (Allocation Failure) 15.079: [ParNew: 153332K->17018K(153344K), 0.0379285 secs] 314479K->220346K(507264K), 0.0381162 secs] [Times: user=0.06 sys=0.00, real=0.04 secs] 
2014-07-10T12:34:29.620+0200: 15.118: [GC (CMS Initial Mark) [1 CMS-initial-mark: 203328K(353920K)] 220378K(507264K), 0.0003674 secs] [Times: user=0.00 sys=0.00, real=0.00 secs] 
2014-07-10T12:34:29.621+0200: 15.118: [CMS-concurrent-mark-start]
2014-07-10T12:34:29.625+0200: 15.122: [CMS-concurrent-mark: 0.004/0.004 secs] [Times: user=0.00 sys=0.00, real=0.00 secs] 
2014-07-10T12:34:29.625+0200: 15.122: [CMS-concurrent-preclean-start]
2014-07-10T12:34:29.626+0200: 15.123: [CMS-concurrent-preclean: 0.001/0.001 secs] [Times: user=0.02 sys=0.00, real=0.00 secs] 
2014-07-10T12:34:29.626+0200: 15.123: [CMS-concurrent-abortable-preclean-start]
2014-07-10T12:34:29.705+0200: 15.203: [GC (Allocation Failure) 15.203: [ParNew2014-07-10T12:34:29.727+0200: 15.224: [CMS-concurrent-abortable-preclean: 0.001/0.101 secs] [Times: user=0.09 sys=0.00, real=0.10 secs] 
: 153323K->16996K(153344K), 0.0334502 secs] 356651K->255173K(507264K), 0.0336045 secs] [Times: user=0.06 sys=0.00, real=0.03 secs] 
2014-07-10T12:34:29.739+0200: 15.237: [GC (CMS Final Remark) [YG occupancy: 17028 K (153344 K)]15.237: [Rescan (parallel) , 0.0009598 secs]15.238: [weak refs processing, 0.0000286 secs]15.238: [class unloading, 0.0004619 secs]15.238: [scrub symbol table, 0.0005727 secs]15.239: [scrub string table, 0.0001804 secs][1 CMS-remark: 238177K(353920K)] 255205K(507264K), 0.0023563 secs] [Times: user=0.00 sys=0.00, real=0.00 secs] 
2014-07-10T12:34:29.742+0200: 15.239: [CMS-concurrent-sweep-start]
2014-07-10T12:34:29.744+0200: 15.241: [CMS-concurrent-sweep: 0.002/0.002 secs] [Times: user=0.00 sys=0.00, real=0.00 secs] 
2014-07-10T12:34:29.744+0200: 15.241: [CMS-concurrent-reset-start]
2014-07-10T12:34:29.746+0200: 15.243: [CMS-concurrent-reset: 0.002/0.002 secs] [Times: user=0.00 sys=0.00, real=0.00 secs] 
2014-07-10T12:34:29.867+0200: 15.364: [GC (Allocation Failure) 15.364: [ParNew: 153294K->16992K(153344K), 0.0343308 secs] 231152K->130572K(507264K), 0.0344914 secs] [Times: user=0.06 sys=0.00, real=0.03 secs] 
2014-07-10T12:34:29.973+0200: 15.470: [GC (Allocation Failure) 15.470: [ParNew: 153306K->17018K(153344K), 0.0371806 secs] 266886K->171310K(507264K), 0.0373346 secs] [Times: user=0.06 sys=0.00, real=0.04 secs] 
2014-07-10T12:34:30.106+0200: 15.603: [GC (Allocation Failure) 15.603: [ParNew: 153330K->17018K(153344K), 0.0423563 secs] 307622K->217044K(507264K), 0.0425124 secs] [Times: user=0.08 sys=0.00, real=0.04 secs] 
2014-07-10T12:34:30.149+0200: 15.646: [GC (CMS Initial Mark) [1 CMS-initial-mark: 200026K(353920K)] 217111K(507264K), 0.0003626 secs] [Times: user=0.00 sys=0.00, real=0.00 secs] 
2014-07-10T12:34:30.149+0200: 15.646: [CMS-concurrent-mark-start]
2014-07-10T12:34:30.154+0200: 15.651: [CMS-concurrent-mark: 0.005/0.005 secs] [Times: user=0.00 sys=0.00, real=0.01 secs] 
2014-07-10T12:34:30.154+0200: 15.651: [CMS-concurrent-preclean-start]
2014-07-10T12:34:30.155+0200: 15.652: [CMS-concurrent-preclean: 0.001/0.001 secs] [Times: user=0.00 sys=0.00, real=0.00 secs] 
2014-07-10T12:34:30.155+0200: 15.652: [CMS-concurrent-abortable-preclean-start]
2014-07-10T12:34:30.271+0200: 15.768: [GC (Allocation Failure) 15.768: [ParNew: 153309K->16992K(153344K), 0.0384480 secs] 353335K->259551K(507264K), 0.0385983 secs] [Times: user=0.06 sys=0.00, real=0.04 secs] 
2014-07-10T12:34:30.309+0200: 15.807: [CMS-concurrent-abortable-preclean: 0.003/0.154 secs] [Times: user=0.16 sys=0.00, real=0.15 secs] 
2014-07-10T12:34:30.309+0200: 15.807: [GC (CMS Final Remark) [YG occupancy: 17024 K (153344 K)]15.807: [Rescan (parallel) , 0.0007300 secs]15.808: [weak refs processing, 0.0000282 secs]15.808: [class unloading, 0.0004403 secs]15.808: [scrub symbol table, 0.0008355 secs]15.809: [scrub string table, 0.0002119 secs][1 CMS-remark: 242559K(353920K)] 259583K(507264K), 0.0024245 secs] [Times: user=0.02 sys=0.00, real=0.00 secs] 
2014-07-10T12:34:30.312+0200: 15.809: [CMS-concurrent-sweep-start]
2014-07-10T12:34:30.314+0200: 15.811: [CMS-concurrent-sweep: 0.002/0.002 secs] [Times: user=0.00 sys=0.00, real=0.00 secs] 
2014-07-10T12:34:30.314+0200: 15.811: [CMS-concurrent-reset-start]
2014-07-10T12:34:30.316+0200: 15.813: [CMS-concurrent-reset: 0.002/0.002 secs] [Times: user=0.00 sys=0.00, real=0.00 secs] 
2014-07-10T12:34:30.380+0200: 15.877: [GC (Allocation Failure) 15.877: [ParNew: 153306K->17018K(153344K), 0.0411963 secs] 242414K->153657K(507264K), 0.0413444 secs] [Times: user=0.09 sys=0.00, real=0.04 secs] 
2014-07-10T12:34:30.545+0200: 16.043: [GC (Allocation Failure) 16.043: [ParNew: 153306K->3963K(153344K), 0.0068449 secs] 289946K->140619K(507264K), 0.0071166 secs] [Times: user=0.03 sys=0.00, real=0.01 secs] 
2014-07-10T12:34:30.689+0200: 16.186: [GC (Allocation Failure) 16.186: [ParNew: 140278K->9006K(153344K), 0.0076049 secs] 276933K->145662K(507264K), 0.0077835 secs] [Times: user=0.00 sys=0.00, real=0.01 secs] 
2014-07-10T12:34:30.843+0200: 16.341: [GC (Allocation Failure) 16.341: [ParNew: 145324K->576K(153344K), 0.0039020 secs] 281980K->137272K(507264K), 0.0040868 secs] [Times: user=0.00 sys=0.00, real=0.00 secs] 
2014-07-10T12:34:30.945+0200: 16.442: [GC (Allocation Failure) 16.442: [ParNew: 136891K->5618K(153344K), 0.0048622 secs] 273586K->142314K(507264K), 0.0050154 secs] [Times: user=0.00 sys=0.00, real=0.01 secs] 
2014-07-10T12:34:31.098+0200: 16.595: [GC (Allocation Failure) 16.595: [ParNew: 141933K->10661K(153344K), 0.0087107 secs] 278629K->147357K(507264K), 0.0088980 secs] [Times: user=0.03 sys=0.00, real=0.01 secs] 
2014-07-10T12:34:31.245+0200: 16.742: [GC (Allocation Failure) 16.742: [ParNew: 146967K->3261K(153344K), 0.0062132 secs] 283663K->140018K(507264K), 0.0064709 secs] [Times: user=0.03 sys=0.00, real=0.01 secs] 
2014-07-10T12:34:31.346+0200: 16.843: [GC (Allocation Failure) 16.843: [ParNew: 139576K->8304K(153344K), 0.0067008 secs] 276333K->145060K(507264K), 0.0068673 secs] [Times: user=0.00 sys=0.00, real=0.01 secs] 
2014-07-10T12:34:31.483+0200: 16.980: [GC (Allocation Failure) 16.980: [ParNew: 144619K->13346K(153344K), 0.0094784 secs] 281375K->150103K(507264K), 0.0096756 secs] [Times: user=0.00 sys=0.00, real=0.01 secs] 
2014-07-10T12:34:31.656+0200: 17.153: [GC (Allocation Failure) 17.153: [ParNew: 149660K->17018K(153344K), 0.0144766 secs] 286417K->155144K(507264K), 0.0146584 secs] [Times: user=0.03 sys=0.00, real=0.02 secs] 
2014-07-10T12:34:31.747+0200: 17.244: [GC (Allocation Failure) 17.245: [ParNew: 153320K->10977K(153344K), 0.0081296 secs] 291446K->149119K(507264K), 0.0082857 secs] [Times: user=0.00 sys=0.00, real=0.01 secs] 
2014-07-10T12:34:31.895+0200: 17.392: [GC (Allocation Failure) 17.392: [ParNew: 147290K->15993K(153344K), 0.0109969 secs] 285431K->154159K(507264K), 0.0111623 secs] [Times: user=0.03 sys=0.00, real=0.01 secs] 
2014-07-10T12:34:32.060+0200: 17.558: [GC (Allocation Failure) 17.558: [ParNew: 152308K->17018K(153344K), 0.0200819 secs] 290474K->159202K(507264K), 0.0203074 secs] [Times: user=0.03 sys=0.00, real=0.02 secs] 
2014-07-10T12:34:32.156+0200: 17.654: [GC (Allocation Failure) 17.654: [ParNew: 153330K->17018K(153344K), 0.0177593 secs] 295514K->168247K(507264K), 0.0179159 secs] [Times: user=0.03 sys=0.00, real=0.02 secs] 
2014-07-10T12:34:32.285+0200: 17.783: [GC (Allocation Failure) 17.783: [ParNew: 153306K->16992K(153344K), 0.0155061 secs] 304535K->174063K(507264K), 0.0156674 secs] [Times: user=0.03 sys=0.00, real=0.02 secs] 
2014-07-10T12:34:32.467+0200: 17.965: [GC (Allocation Failure) 17.965: [ParNew: 153305K->17018K(153344K), 0.0284516 secs] 310377K->184931K(507264K), 0.0286811 secs] [Times: user=0.06 sys=0.00, real=0.03 secs] 
2014-07-10T12:34:32.563+0200: 18.061: [GC (Allocation Failure) 18.061: [ParNew: 153331K->17018K(153344K), 0.0217416 secs] 321244K->200795K(507264K), 0.0219029 secs] [Times: user=0.03 sys=0.00, real=0.02 secs] 
2014-07-10T12:34:32.711+0200: 18.209: [GC (Allocation Failure) 18.209: [ParNew: 153331K->17018K(153344K), 0.0258874 secs] 337108K->221685K(507264K), 0.0260403 secs] [Times: user=0.05 sys=0.00, real=0.03 secs] 
2014-07-10T12:34:32.853+0200: 18.351: [GC (Allocation Failure) 18.351: [ParNew: 153319K->17004K(153344K), 0.0174873 secs] 357986K->230011K(507264K), 0.0176589 secs] [Times: user=0.06 sys=0.00, real=0.02 secs] 
2014-07-10T12:34:32.957+0200: 18.454: [GC (Allocation Failure) 18.454: [ParNew: 153317K->17018K(153344K), 0.0203001 secs] 366325K->243376K(507264K), 0.0204665 secs] [Times: user=0.03 sys=0.00, real=0.02 secs] 
2014-07-10T12:34:33.116+0200: 18.614: [GC (Allocation Failure) 18.614: [ParNew: 153333K->17018K(153344K), 0.0229570 secs] 379692K->261737K(507264K), 0.0231139 secs] [Times: user=0.06 sys=0.00, real=0.02 secs] 
2014-07-10T12:34:33.271+0200: 18.769: [GC (Allocation Failure) 18.769: [ParNew: 153307K->16992K(153344K), 0.0232580 secs] 398026K->276871K(507264K), 0.0234831 secs] [Times: user=0.06 sys=0.00, real=0.02 secs] 
2014-07-10T12:34:33.362+0200: 18.860: [GC (Allocation Failure) 18.860: [ParNew: 153307K->17018K(153344K), 0.0245973 secs] 413186K->297055K(507264K), 0.0247538 secs] [Times: user=0.06 sys=0.00, real=0.03 secs] 
2014-07-10T12:34:33.494+0200: 18.991: [GC (Allocation Failure) 18.991: [ParNew: 153331K->17018K(153344K), 0.0275153 secs] 433368K->322235K(507264K), 0.0276945 secs] [Times: user=0.03 sys=0.00, real=0.03 secs] 
2014-07-10T12:34:33.522+0200: 19.019: [GC (CMS Initial Mark) [1 CMS-initial-mark: 305217K(353920K)] 322302K(507264K), 0.0002812 secs] [Times: user=0.00 sys=0.00, real=0.00 secs] 
2014-07-10T12:34:33.522+0200: 19.020: [CMS-concurrent-mark-start]
2014-07-10T12:34:33.527+0200: 19.025: [CMS-concurrent-mark: 0.005/0.005 secs] [Times: user=0.03 sys=0.00, real=0.00 secs] 
2014-07-10T12:34:33.527+0200: 19.025: [CMS-concurrent-preclean-start]
2014-07-10T12:34:33.528+0200: 19.026: [CMS-concurrent-preclean: 0.001/0.001 secs] [Times: user=0.00 sys=0.00, real=0.00 secs] 
2014-07-10T12:34:33.528+0200: 19.026: [CMS-concurrent-abortable-preclean-start]
2014-07-10T12:34:33.674+0200: 19.172: [GC (Allocation Failure) 19.172: [ParNew: 153331K->17018K(153344K), 0.0317952 secs] 458549K->352442K(507264K), 0.0319753 secs] [Times: user=0.06 sys=0.00, real=0.03 secs] 
2014-07-10T12:34:33.706+0200: 19.204: [CMS-concurrent-abortable-preclean: 0.006/0.178 secs] [Times: user=0.13 sys=0.00, real=0.18 secs] 
2014-07-10T12:34:33.707+0200: 19.204: [GC (CMS Final Remark) [YG occupancy: 18013 K (153344 K)]19.204: [Rescan (parallel) , 0.0007223 secs]19.205: [weak refs processing, 0.0000260 secs]19.205: [class unloading, 0.0004466 secs]19.206: [scrub symbol table, 0.0005488 secs]19.206: [scrub string table, 0.0001602 secs][1 CMS-remark: 335424K(353920K)] 353437K(507264K), 0.0020414 secs] [Times: user=0.00 sys=0.00, real=0.00 secs] 
2014-07-10T12:34:33.709+0200: 19.207: [CMS-concurrent-sweep-start]
2014-07-10T12:34:33.712+0200: 19.210: [CMS-concurrent-sweep: 0.003/0.003 secs] [Times: user=0.00 sys=0.00, real=0.00 secs] 
2014-07-10T12:34:33.712+0200: 19.210: [CMS-concurrent-reset-start]
2014-07-10T12:34:33.715+0200: 19.212: [CMS-concurrent-reset: 0.002/0.002 secs] [Times: user=0.03 sys=0.00, real=0.00 secs] 
2014-07-10T12:34:33.776+0200: 19.274: [GC (Allocation Failure) 19.274: [ParNew: 153323K->16996K(153344K), 0.0262522 secs] 209608K->96156K(507264K), 0.0264099 secs] [Times: user=0.03 sys=0.00, real=0.03 secs] 
2014-07-10T12:34:33.896+0200: 19.393: [GC (Allocation Failure) 19.393: [ParNew: 153311K->17018K(153344K), 0.0291046 secs] 232471K->124056K(507264K), 0.0292593 secs] [Times: user=0.06 sys=0.00, real=0.03 secs] 
2014-07-10T12:34:34.086+0200: 19.583: [GC (Allocation Failure) 19.584: [ParNew: 153332K->17018K(153344K), 0.0437733 secs] 260370K->156952K(507264K), 0.0439866 secs] [Times: user=0.09 sys=0.00, real=0.04 secs] 
2014-07-10T12:34:34.198+0200: 19.696: [GC (Allocation Failure) 19.696: [ParNew: 153330K->17018K(153344K), 0.0358806 secs] 293264K->194875K(507264K), 0.0360375 secs] [Times: user=0.06 sys=0.00, real=0.04 secs] 
2014-07-10T12:34:34.306+0200: 19.804: [GC (Allocation Failure) 19.804: [ParNew: 153321K->16996K(153344K), 0.0315360 secs] 331178K->225444K(507264K), 0.0316937 secs] [Times: user=0.06 sys=0.00, real=0.03 secs] 
2014-07-10T12:34:34.482+0200: 19.980: [GC (Allocation Failure) 19.980: [ParNew: 153309K->17018K(153344K), 0.0356965 secs] 361757K->261060K(507264K), 0.0358641 secs] [Times: user=0.06 sys=0.00, real=0.04 secs] 
2014-07-10T12:34:34.518+0200: 20.016: [GC (CMS Initial Mark) [1 CMS-initial-mark: 244041K(353920K)] 261092K(507264K), 0.0003366 secs] [Times: user=0.00 sys=0.00, real=0.00 secs] 
2014-07-10T12:34:34.519+0200: 20.016: [CMS-concurrent-mark-start]
2014-07-10T12:34:34.523+0200: 20.021: [CMS-concurrent-mark: 0.005/0.005 secs] [Times: user=0.03 sys=0.00, real=0.00 secs] 
2014-07-10T12:34:34.524+0200: 20.021: [CMS-concurrent-preclean-start]
2014-07-10T12:34:34.525+0200: 20.022: [CMS-concurrent-preclean: 0.001/0.001 secs] [Times: user=0.00 sys=0.00, real=0.00 secs] 
2014-07-10T12:34:34.525+0200: 20.022: [CMS-concurrent-abortable-preclean-start]
2014-07-10T12:34:34.589+0200: 20.087: [GC (Allocation Failure) 20.087: [ParNew2014-07-10T12:34:34.626+0200: 20.124: [CMS-concurrent-abortable-preclean: 0.002/0.102 secs] [Times: user=0.12 sys=0.00, real=0.10 secs] 
: 153331K->17018K(153344K), 0.0375612 secs] 397372K->301672K(507264K), 0.0376712 secs] [Times: user=0.06 sys=0.00, real=0.04 secs] 
2014-07-10T12:34:34.627+0200: 20.125: [GC (CMS Final Remark) [YG occupancy: 17050 K (153344 K)]20.125: [Rescan (parallel) , 0.0007523 secs]20.125: [weak refs processing, 0.0000271 secs]20.125: [class unloading, 0.0004246 secs]20.126: [scrub symbol table, 0.0005433 secs]20.126: [scrub string table, 0.0001598 secs][1 CMS-remark: 284653K(353920K)] 301704K(507264K), 0.0020216 secs] [Times: user=0.00 sys=0.00, real=0.00 secs] 
2014-07-10T12:34:34.629+0200: 20.127: [CMS-concurrent-sweep-start]
2014-07-10T12:34:34.631+0200: 20.129: [CMS-concurrent-sweep: 0.002/0.002 secs] [Times: user=0.00 sys=0.00, real=0.00 secs] 
2014-07-10T12:34:34.632+0200: 20.129: [CMS-concurrent-reset-start]
2014-07-10T12:34:34.634+0200: 20.131: [CMS-concurrent-reset: 0.002/0.002 secs] [Times: user=0.03 sys=0.00, real=0.00 secs] 
2014-07-10T12:34:34.703+0200: 20.201: [GC (Allocation Failure) 20.201: [ParNew: 153330K->16996K(153344K), 0.0368389 secs] 230441K->134559K(507264K), 0.0369955 secs] [Times: user=0.06 sys=0.00, real=0.04 secs] 
2014-07-10T12:34:34.868+0200: 20.366: [GC (Allocation Failure) 20.366: [ParNew: 153287K->16992K(153344K), 0.0352111 secs] 270850K->171782K(507264K), 0.0353867 secs] [Times: user=0.06 sys=0.00, real=0.04 secs] 
2014-07-10T12:34:34.972+0200: 20.469: [GC (Allocation Failure) 20.469: [ParNew: 153305K->17018K(153344K), 0.0382295 secs] 308095K->214024K(507264K), 0.0383912 secs] [Times: user=0.09 sys=0.00, real=0.04 secs] 
2014-07-10T12:34:35.119+0200: 20.616: [GC (Allocation Failure) 20.616: [ParNew: 153332K->17018K(153344K), 0.0407636 secs] 350339K->261264K(507264K), 0.0409165 secs] [Times: user=0.05 sys=0.00, real=0.04 secs] 
2014-07-10T12:34:35.161+0200: 20.657: [GC (CMS Initial Mark) [1 CMS-initial-mark: 244245K(353920K)] 261296K(507264K), 0.0003663 secs] [Times: user=0.00 sys=0.00, real=0.00 secs] 
2014-07-10T12:34:35.161+0200: 20.658: [CMS-concurrent-mark-start]
2014-07-10T12:34:35.166+0200: 20.662: [CMS-concurrent-mark: 0.005/0.005 secs] [Times: user=0.03 sys=0.00, real=0.00 secs] 
2014-07-10T12:34:35.166+0200: 20.662: [CMS-concurrent-preclean-start]
2014-07-10T12:34:35.167+0200: 20.663: [CMS-concurrent-preclean: 0.001/0.001 secs] [Times: user=0.00 sys=0.00, real=0.00 secs] 
2014-07-10T12:34:35.167+0200: 20.664: [CMS-concurrent-abortable-preclean-start]
2014-07-10T12:34:35.271+0200: 20.768: [GC (Allocation Failure) 20.768: [ParNew: 153308K->16992K(153344K), 0.0395380 secs] 397553K->305275K(507264K), 0.0396953 secs] [Times: user=0.09 sys=0.00, real=0.04 secs] 
2014-07-10T12:34:35.311+0200: 20.808: [CMS-concurrent-abortable-preclean: 0.003/0.144 secs] [Times: user=0.14 sys=0.00, real=0.14 secs] 
2014-07-10T12:34:35.311+0200: 20.808: [GC (CMS Final Remark) [YG occupancy: 17123 K (153344 K)]20.808: [Rescan (parallel) , 0.0007435 secs]20.809: [weak refs processing, 0.0000330 secs]20.809: [class unloading, 0.0004169 secs]20.809: [scrub symbol table, 0.0005595 secs]20.810: [scrub string table, 0.0001580 secs][1 CMS-remark: 288283K(353920K)] 305406K(507264K), 0.0020293 secs] [Times: user=0.00 sys=0.00, real=0.00 secs] 
2014-07-10T12:34:35.313+0200: 20.810: [CMS-concurrent-sweep-start]
2014-07-10T12:34:35.316+0200: 20.812: [CMS-concurrent-sweep: 0.003/0.003 secs] [Times: user=0.00 sys=0.00, real=0.00 secs] 
2014-07-10T12:34:35.316+0200: 20.813: [CMS-concurrent-reset-start]
2014-07-10T12:34:35.318+0200: 20.815: [CMS-concurrent-reset: 0.002/0.002 secs] [Times: user=0.00 sys=0.00, real=0.00 secs] 
2014-07-10T12:34:35.443+0200: 20.940: [GC (Allocation Failure) 20.940: [ParNew: 153283K->442K(153344K), 0.0032996 secs] 245486K->92665K(507264K), 0.0035434 secs] [Times: user=0.03 sys=0.00, real=0.00 secs] 
2014-07-10T12:34:35.544+0200: 21.041: [GC (Allocation Failure) 21.041: [ParNew: 136754K->5484K(153344K), 0.0047691 secs] 228977K->97708K(507264K), 0.0049062 secs] [Times: user=0.00 sys=0.00, real=0.01 secs] 
2014-07-10T12:34:35.697+0200: 21.193: [GC (Allocation Failure) 21.193: [ParNew: 141797K->10527K(153344K), 0.0081999 secs] 234021K->102750K(507264K), 0.0083675 secs] [Times: user=0.00 sys=0.00, real=0.01 secs] 
2014-07-10T12:34:35.774+0200: 21.271: [GC (Allocation Failure) 21.271: [ParNew: 146837K->16992K(153344K), 0.0420054 secs] 239060K->156847K(507264K), 0.0421546 secs] [Times: user=0.06 sys=0.00, real=0.04 secs] 
2014-07-10T12:34:35.946+0200: 21.442: [GC (Allocation Failure) 21.442: [ParNew: 153283K->3995K(153344K), 0.0070403 secs] 293138K->143871K(507264K), 0.0073178 secs] [Times: user=0.00 sys=0.00, real=0.01 secs] 
2014-07-10T12:34:36.090+0200: 21.587: [GC (Allocation Failure) 21.587: [ParNew: 140311K->9038K(153344K), 0.0074744 secs] 280187K->148913K(507264K), 0.0076485 secs] [Times: user=0.00 sys=0.00, real=0.01 secs] 
2014-07-10T12:34:36.246+0200: 21.743: [GC (Allocation Failure) 21.743: [ParNew: 145327K->5786K(153344K), 0.0093255 secs] 285202K->145702K(507264K), 0.0096595 secs] [Times: user=0.00 sys=0.02, real=0.01 secs] 
2014-07-10T12:34:36.347+0200: 21.843: [GC (Allocation Failure) 21.843: [ParNew: 142099K->10829K(153344K), 0.0081937 secs] 282015K->150744K(507264K), 0.0083558 secs] [Times: user=0.03 sys=0.00, real=0.01 secs] 
2014-07-10T12:34:36.490+0200: 21.987: [GC (Allocation Failure) 21.987: [ParNew: 147142K->15833K(153344K), 0.0114178 secs] 287057K->155785K(507264K), 0.0115854 secs] [Times: user=0.00 sys=0.00, real=0.01 secs] 
2014-07-10T12:34:36.661+0200: 22.158: [GC (Allocation Failure) 22.158: [ParNew: 152145K->17018K(153344K), 0.0154217 secs] 292097K->160828K(507264K), 0.0156564 secs] [Times: user=0.03 sys=0.02, real=0.02 secs] 
2014-07-10T12:34:36.748+0200: 22.245: [GC (Allocation Failure) 22.245: [ParNew: 153336K->12454K(153344K), 0.0095374 secs] 297146K->156280K(507264K), 0.0096987 secs] [Times: user=0.03 sys=0.00, real=0.01 secs] 
2014-07-10T12:34:36.883+0200: 22.380: [GC (Allocation Failure) 22.380: [ParNew: 148768K->17018K(153344K), 0.0119373 secs] 292594K->161320K(507264K), 0.0121305 secs] [Times: user=0.00 sys=0.00, real=0.01 secs] 
2014-07-10T12:34:37.058+0200: 22.555: [GC (Allocation Failure) 22.555: [ParNew: 153332K->17018K(153344K), 0.0156582 secs] 297635K->166811K(507264K), 0.0158360 secs] [Times: user=0.03 sys=0.00, real=0.02 secs] 
2014-07-10T12:34:37.155+0200: 22.652: [GC (Allocation Failure) 22.652: [ParNew: 153331K->17018K(153344K), 0.0184567 secs] 303125K->177329K(507264K), 0.0186198 secs] [Times: user=0.03 sys=0.00, real=0.02 secs] 
2014-07-10T12:34:37.295+0200: 22.792: [GC (Allocation Failure) 22.792: [ParNew: 153322K->16996K(153344K), 0.0138068 secs] 313633K->180492K(507264K), 0.0139670 secs] [Times: user=0.03 sys=0.00, real=0.01 secs] 
2014-07-10T12:34:37.463+0200: 22.960: [GC (Allocation Failure) 22.960: [ParNew: 153309K->17018K(153344K), 0.0219290 secs] 316805K->188702K(507264K), 0.0221658 secs] [Times: user=0.03 sys=0.00, real=0.02 secs] 
2014-07-10T12:34:37.557+0200: 23.054: [GC (Allocation Failure) 23.054: [ParNew: 153332K->17018K(153344K), 0.0203349 secs] 325016K->201909K(507264K), 0.0206051 secs] [Times: user=0.03 sys=0.00, real=0.02 secs] 
2014-07-10T12:34:37.710+0200: 23.207: [GC (Allocation Failure) 23.207: [ParNew: 153332K->17018K(153344K), 0.0233075 secs] 338223K->220142K(507264K), 0.0234662 secs] [Times: user=0.03 sys=0.00, real=0.02 secs] 
2014-07-10T12:34:37.868+0200: 23.364: [GC (Allocation Failure) 23.365: [ParNew: 153323K->16996K(153344K), 0.0322337 secs] 356447K->231022K(507264K), 0.0324332 secs] [Times: user=0.05 sys=0.00, real=0.03 secs] 
2014-07-10T12:34:37.966+0200: 23.463: [GC (Allocation Failure) 23.463: [ParNew: 153311K->17018K(153344K), 0.0217893 secs] 367337K->246948K(507264K), 0.0219788 secs] [Times: user=0.06 sys=0.00, real=0.02 secs] 
2014-07-10T12:34:38.109+0200: 23.605: [GC (Allocation Failure) 23.606: [ParNew: 153332K->17018K(153344K), 0.0250035 secs] 383262K->267870K(507264K), 0.0251773 secs] [Times: user=0.06 sys=0.00, real=0.03 secs] 
2014-07-10T12:34:38.272+0200: 23.769: [GC (Allocation Failure) 23.769: [ParNew: 153309K->16992K(153344K), 0.0281279 secs] 404161K->285565K(507264K), 0.0283310 secs] [Times: user=0.05 sys=0.00, real=0.03 secs] 
2014-07-10T12:34:38.370+0200: 23.866: [GC (Allocation Failure) 23.867: [ParNew: 153306K->17018K(153344K), 0.0259010 secs] 421879K->308310K(507264K), 0.0260565 secs] [Times: user=0.06 sys=0.00, real=0.03 secs] 
2014-07-10T12:34:38.397+0200: 23.893: [GC (CMS Initial Mark) [1 CMS-initial-mark: 291292K(353920K)] 309497K(507264K), 0.0004619 secs] [Times: user=0.00 sys=0.00, real=0.00 secs] 
2014-07-10T12:34:38.397+0200: 23.894: [CMS-concurrent-mark-start]
2014-07-10T12:34:38.402+0200: 23.899: [CMS-concurrent-mark: 0.005/0.005 secs] [Times: user=0.00 sys=0.00, real=0.00 secs] 
2014-07-10T12:34:38.402+0200: 23.899: [CMS-concurrent-preclean-start]
2014-07-10T12:34:38.403+0200: 23.900: [CMS-concurrent-preclean: 0.001/0.001 secs] [Times: user=0.00 sys=0.00, real=0.00 secs] 
2014-07-10T12:34:38.403+0200: 23.900: [CMS-concurrent-abortable-preclean-start]
2014-07-10T12:34:38.495+0200: 23.992: [GC (Allocation Failure) 23.992: [ParNew: 153330K->17018K(153344K), 0.0291321 secs] 444622K->336052K(507264K), 0.0292919 secs] [Times: user=0.05 sys=0.00, real=0.03 secs] 
2014-07-10T12:34:38.670+0200: 24.167: [GC (Allocation Failure) 24.167: [ParNew: 153332K->17018K(153344K), 0.0332870 secs] 472366K->368820K(507264K), 0.0334696 secs] [Times: user=0.06 sys=0.00, real=0.03 secs] 
2014-07-10T12:34:38.704+0200: 24.200: [CMS-concurrent-abortable-preclean: 0.014/0.300 secs] [Times: user=0.23 sys=0.00, real=0.30 secs] 
2014-07-10T12:34:38.704+0200: 24.201: [GC (CMS Final Remark) [YG occupancy: 17117 K (153344 K)]24.201: [Rescan (parallel) , 0.0006893 secs]24.201: [weak refs processing, 0.0000275 secs]24.201: [class unloading, 0.0004744 secs]24.202: [scrub symbol table, 0.0005873 secs]24.202: [scrub string table, 0.0001595 secs][1 CMS-remark: 351801K(353920K)] 368919K(507264K), 0.0020586 secs] [Times: user=0.03 sys=0.00, real=0.00 secs] 
2014-07-10T12:34:38.706+0200: 24.203: [CMS-concurrent-sweep-start]
2014-07-10T12:34:38.709+0200: 24.206: [CMS-concurrent-sweep: 0.003/0.003 secs] [Times: user=0.00 sys=0.00, real=0.00 secs] 
2014-07-10T12:34:38.709+0200: 24.206: [CMS-concurrent-reset-start]
2014-07-10T12:34:38.711+0200: 24.208: [CMS-concurrent-reset: 0.002/0.002 secs] [Times: user=0.00 sys=0.00, real=0.00 secs] 
2014-07-10T12:34:38.775+0200: 24.272: [GC (Allocation Failure) 24.272: [ParNew: 153319K->17004K(153344K), 0.0249023 secs] 237523K->121426K(507264K), 0.0250526 secs] [Times: user=0.06 sys=0.00, real=0.02 secs] 
2014-07-10T12:34:38.897+0200: 24.395: [GC (Allocation Failure) 24.395: [ParNew: 153317K->17018K(153344K), 0.0277631 secs] 257740K->146669K(507264K), 0.0279383 secs] [Times: user=0.06 sys=0.00, real=0.03 secs] 
2014-07-10T12:34:39.074+0200: 24.572: [GC (Allocation Failure) 24.572: [ParNew: 153333K->17018K(153344K), 0.0317281 secs] 282984K->176908K(507264K), 0.0319382 secs] [Times: user=0.06 sys=0.00, real=0.03 secs] 
2014-07-10T12:34:39.175+0200: 24.673: [GC (Allocation Failure) 24.673: [ParNew: 153310K->17022K(153344K), 0.0281162 secs] 313200K->203918K(507264K), 0.0282679 secs] [Times: user=0.05 sys=0.00, real=0.03 secs] 
2014-07-10T12:34:39.314+0200: 24.812: [GC (Allocation Failure) 24.812: [ParNew: 153335K->17018K(153344K), 0.0329025 secs] 340230K->235950K(507264K), 0.0367190 secs] [Times: user=0.06 sys=0.00, real=0.04 secs] 
2014-07-10T12:34:39.474+0200: 24.972: [GC (Allocation Failure) 24.972: [ParNew: 153331K->17018K(153344K), 0.0356774 secs] 372263K->273008K(507264K), 0.0358516 secs] [Times: user=0.05 sys=0.00, real=0.04 secs] 
2014-07-10T12:34:39.510+0200: 25.008: [GC (CMS Initial Mark) [1 CMS-initial-mark: 255990K(353920K)] 273075K(507264K), 0.0003369 secs] [Times: user=0.00 sys=0.00, real=0.00 secs] 
2014-07-10T12:34:39.511+0200: 25.008: [CMS-concurrent-mark-start]
2014-07-10T12:34:39.516+0200: 25.014: [CMS-concurrent-mark: 0.005/0.005 secs] [Times: user=0.02 sys=0.00, real=0.01 secs] 
2014-07-10T12:34:39.516+0200: 25.014: [CMS-concurrent-preclean-start]
2014-07-10T12:34:39.517+0200: 25.015: [CMS-concurrent-preclean: 0.001/0.001 secs] [Times: user=0.00 sys=0.00, real=0.00 secs] 
2014-07-10T12:34:39.517+0200: 25.015: [CMS-concurrent-abortable-preclean-start]
2014-07-10T12:34:39.577+0200: 25.075: [GC (Allocation Failure) 25.075: [ParNew: 153331K->17018K(153344K), 0.0386068 secs] 409321K->315093K(507264K), 0.0387710 secs] [Times: user=0.09 sys=0.00, real=0.04 secs] 
2014-07-10T12:34:39.705+0200: 25.203: [GC (Allocation Failure) 25.203: [ParNew2014-07-10T12:34:39.739+0200: 25.236: [CMS-concurrent-abortable-preclean: 0.008/0.222 secs] [Times: user=0.26 sys=0.00, real=0.22 secs] 
: 153330K->17018K(153344K), 0.0408062 secs] 451405K->362204K(507264K), 0.0409887 secs] [Times: user=0.05 sys=0.00, real=0.04 secs] 
2014-07-10T12:34:39.754+0200: 25.252: [GC (CMS Final Remark) [YG occupancy: 30894 K (153344 K)]25.252: [Rescan (parallel) , 0.0010749 secs]25.253: [weak refs processing, 0.0000315 secs]25.253: [class unloading, 0.0005111 secs]25.254: [scrub symbol table, 0.0006445 secs]25.254: [scrub string table, 0.0001727 secs][1 CMS-remark: 345185K(353920K)] 376079K(507264K), 0.0026452 secs] [Times: user=0.00 sys=0.00, real=0.00 secs] 
2014-07-10T12:34:39.757+0200: 25.255: [CMS-concurrent-sweep-start]
2014-07-10T12:34:39.760+0200: 25.258: [CMS-concurrent-sweep: 0.003/0.003 secs] [Times: user=0.00 sys=0.00, real=0.00 secs] 
2014-07-10T12:34:39.760+0200: 25.258: [CMS-concurrent-reset-start]
2014-07-10T12:34:39.762+0200: 25.260: [CMS-concurrent-reset: 0.002/0.002 secs] [Times: user=0.00 sys=0.00, real=0.00 secs] 
2014-07-10T12:34:39.870+0200: 25.368: [GC (Allocation Failure) 25.368: [ParNew: 153321K->16994K(153344K), 0.0368187 secs] 280575K->184028K(507264K), 0.0369702 secs] [Times: user=0.09 sys=0.00, real=0.04 secs] 
2014-07-10T12:34:39.972+0200: 25.470: [GC (Allocation Failure) 25.470: [ParNew: 153307K->17018K(153344K), 0.0395864 secs] 320341K->228834K(507264K), 0.0397452 secs] [Times: user=0.06 sys=0.00, real=0.04 secs] 
2014-07-10T12:34:40.012+0200: 25.510: [GC (CMS Initial Mark) [1 CMS-initial-mark: 211816K(353920K)] 228901K(507264K), 0.0004011 secs] [Times: user=0.00 sys=0.00, real=0.00 secs] 
2014-07-10T12:34:40.013+0200: 25.511: [CMS-concurrent-mark-start]
2014-07-10T12:34:40.016+0200: 25.514: [CMS-concurrent-mark: 0.003/0.003 secs] [Times: user=0.02 sys=0.00, real=0.00 secs] 
2014-07-10T12:34:40.016+0200: 25.514: [CMS-concurrent-preclean-start]
2014-07-10T12:34:40.017+0200: 25.515: [CMS-concurrent-preclean: 0.001/0.001 secs] [Times: user=0.00 sys=0.00, real=0.00 secs] 
2014-07-10T12:34:40.017+0200: 25.515: [CMS-concurrent-abortable-preclean-start]
2014-07-10T12:34:40.143+0200: 25.641: [GC (Allocation Failure) 25.642: [ParNew: 153306K->1210K(153344K), 0.0040230 secs] 365122K->213042K(507264K), 0.0042433 secs] [Times: user=0.00 sys=0.00, real=0.00 secs] 
2014-07-10T12:34:40.148+0200: 25.646: [CMS-concurrent-abortable-preclean: 0.002/0.131 secs] [Times: user=0.06 sys=0.00, real=0.13 secs] 
2014-07-10T12:34:40.148+0200: 25.646: [GC (CMS Final Remark) [YG occupancy: 1437 K (153344 K)]25.646: [Rescan (parallel) , 0.0019043 secs]25.648: [weak refs processing, 0.0000631 secs]25.648: [class unloading, 0.0011153 secs]25.649: [scrub symbol table, 0.0013166 secs]25.651: [scrub string table, 0.0004458 secs][1 CMS-remark: 211832K(353920K)] 213269K(507264K), 0.0052468 secs] [Times: user=0.00 sys=0.00, real=0.01 secs] 
2014-07-10T12:34:40.154+0200: 25.652: [CMS-concurrent-sweep-start]
2014-07-10T12:34:40.157+0200: 25.655: [CMS-concurrent-sweep: 0.004/0.004 secs] [Times: user=0.03 sys=0.00, real=0.00 secs] 
2014-07-10T12:34:40.158+0200: 25.656: [CMS-concurrent-reset-start]
2014-07-10T12:34:40.162+0200: 25.660: [CMS-concurrent-reset: 0.004/0.004 secs] [Times: user=0.00 sys=0.00, real=0.00 secs] 
2014-07-10T12:34:40.282+0200: 25.780: [GC (Allocation Failure) 25.780: [ParNew: 137508K->17012K(153344K), 0.0382402 secs] 183306K->105231K(507264K), 0.0384073 secs] [Times: user=0.06 sys=0.00, real=0.04 secs] 
2014-07-10T12:34:40.386+0200: 25.884: [GC (Allocation Failure) 25.884: [ParNew: 153327K->17018K(153344K), 0.0412271 secs] 241547K->152693K(507264K), 0.0414019 secs] [Times: user=0.09 sys=0.00, real=0.04 secs] 
2014-07-10T12:34:40.545+0200: 26.043: [GC (Allocation Failure) 26.043: [ParNew: 153309K->3867K(153344K), 0.0069278 secs] 288984K->139559K(507264K), 0.0073816 secs] [Times: user=0.03 sys=0.00, real=0.01 secs] 
2014-07-10T12:34:40.690+0200: 26.188: [GC (Allocation Failure) 26.188: [ParNew: 140180K->8910K(153344K), 0.0070157 secs] 275871K->144601K(507264K), 0.0071672 secs] [Times: user=0.00 sys=0.00, real=0.01 secs] 
2014-07-10T12:34:40.843+0200: 26.341: [GC (Allocation Failure) 26.341: [ParNew: 145230K->478K(153344K), 0.0014086 secs] 280921K->136209K(507264K), 0.0014914 secs] [Times: user=0.00 sys=0.00, real=0.00 secs] 
2014-07-10T12:34:40.945+0200: 26.443: [GC (Allocation Failure) 26.443: [ParNew: 136793K->5520K(153344K), 0.0050393 secs] 272524K->141252K(507264K), 0.0051874 secs] [Times: user=0.00 sys=0.00, real=0.01 secs] 
2014-07-10T12:34:41.093+0200: 26.591: [GC (Allocation Failure) 26.591: [ParNew: 141835K->10565K(153344K), 0.0082538 secs] 277567K->146296K(507264K), 0.0084170 secs] [Times: user=0.00 sys=0.00, real=0.01 secs] 
2014-07-10T12:34:41.247+0200: 26.745: [GC (Allocation Failure) 26.745: [ParNew: 146853K->7289K(153344K), 0.0086439 secs] 282585K->143081K(507264K), 0.0088782 secs] [Times: user=0.03 sys=0.00, real=0.01 secs] 
2014-07-10T12:34:41.348+0200: 26.846: [GC (Allocation Failure) 26.846: [ParNew: 143602K->12332K(153344K), 0.0088276 secs] 279394K->148124K(507264K), 0.0104059 secs] [Times: user=0.03 sys=0.00, real=0.01 secs] 
2014-07-10T12:34:41.493+0200: 26.991: [GC (Allocation Failure) 26.991: [ParNew: 148646K->17018K(153344K), 0.0121346 secs] 284438K->153167K(507264K), 0.0122911 secs] [Times: user=0.03 sys=0.00, real=0.01 secs] 
2014-07-10T12:34:41.662+0200: 27.160: [GC (Allocation Failure) 27.160: [ParNew: 153330K->17018K(153344K), 0.0195056 secs] 289479K->158529K(507264K), 0.0197373 secs] [Times: user=0.03 sys=0.00, real=0.02 secs] 
2014-07-10T12:34:41.751+0200: 27.249: [GC (Allocation Failure) 27.249: [ParNew: 153336K->10885K(153344K), 0.0078964 secs] 294847K->152412K(507264K), 0.0080412 secs] [Times: user=0.00 sys=0.00, real=0.01 secs] 
2014-07-10T12:34:41.915+0200: 27.413: [GC (Allocation Failure) 27.413: [ParNew: 147197K->15897K(153344K), 0.0110809 secs] 288725K->157453K(507264K), 0.0112620 secs] [Times: user=0.03 sys=0.00, real=0.01 secs] 
2014-07-10T12:34:42.062+0200: 27.560: [GC (Allocation Failure) 27.560: [ParNew: 152213K->17018K(153344K), 0.0148967 secs] 293769K->162496K(507264K), 0.0150441 secs] [Times: user=0.03 sys=0.00, real=0.01 secs] 
2014-07-10T12:34:42.155+0200: 27.653: [GC (Allocation Failure) 27.653: [ParNew: 153306K->17022K(153344K), 0.0123952 secs] 298784K->163188K(507264K), 0.0125393 secs] [Times: user=0.00 sys=0.00, real=0.01 secs] 
2014-07-10T12:34:42.298+0200: 27.796: [GC (Allocation Failure) 27.796: [ParNew: 153334K->17018K(153344K), 0.0153510 secs] 299501K->168903K(507264K), 0.0155460 secs] [Times: user=0.03 sys=0.00, real=0.02 secs] 
2014-07-10T12:34:42.460+0200: 27.958: [GC (Allocation Failure) 27.958: [ParNew: 153330K->17018K(153344K), 0.0198205 secs] 305216K->179645K(507264K), 0.0200024 secs] [Times: user=0.06 sys=0.00, real=0.02 secs] 
2014-07-10T12:34:42.557+0200: 28.055: [GC (Allocation Failure) 28.055: [ParNew: 153332K->17018K(153344K), 0.0216610 secs] 315959K->195413K(507264K), 0.0218216 secs] [Times: user=0.06 sys=0.00, real=0.02 secs] 
2014-07-10T12:34:42.718+0200: 28.216: [GC (Allocation Failure) 28.216: [ParNew: 153330K->17018K(153344K), 0.0260048 secs] 331725K->216207K(507264K), 0.0261719 secs] [Times: user=0.03 sys=0.00, real=0.03 secs] 
2014-07-10T12:34:42.856+0200: 28.354: [GC (Allocation Failure) 28.354: [ParNew: 153336K->17000K(153344K), 0.0198326 secs] 352525K->228595K(507264K), 0.0199969 secs] [Times: user=0.03 sys=0.00, real=0.02 secs] 
2014-07-10T12:34:42.958+0200: 28.456: [GC (Allocation Failure) 28.456: [ParNew: 153314K->17018K(153344K), 0.0228767 secs] 364909K->246026K(507264K), 0.0230355 secs] [Times: user=0.06 sys=0.00, real=0.02 secs] 
2014-07-10T12:34:43.093+0200: 28.591: [GC (Allocation Failure) 28.591: [ParNew: 153332K->17018K(153344K), 0.0258706 secs] 382340K->268453K(507264K), 0.0260238 secs] [Times: user=0.03 sys=0.00, real=0.03 secs] 
2014-07-10T12:34:43.269+0200: 28.768: [GC (Allocation Failure) 28.768: [ParNew: 153323K->16996K(153344K), 0.0302345 secs] 404758K->283526K(507264K), 0.0305029 secs] [Times: user=0.06 sys=0.00, real=0.03 secs] 
2014-07-10T12:34:43.367+0200: 28.866: [GC (Allocation Failure) 28.866: [ParNew: 153311K->17018K(153344K), 0.0247054 secs] 419841K->303646K(507264K), 0.0248939 secs] [Times: user=0.06 sys=0.00, real=0.02 secs] 
2014-07-10T12:34:43.393+0200: 28.891: [GC (CMS Initial Mark) [1 CMS-initial-mark: 286628K(353920K)] 303714K(507264K), 0.0002614 secs] [Times: user=0.00 sys=0.00, real=0.00 secs] 
2014-07-10T12:34:43.393+0200: 28.891: [CMS-concurrent-mark-start]
2014-07-10T12:34:43.398+0200: 28.896: [CMS-concurrent-mark: 0.005/0.005 secs] [Times: user=0.00 sys=0.00, real=0.01 secs] 
2014-07-10T12:34:43.398+0200: 28.896: [CMS-concurrent-preclean-start]
2014-07-10T12:34:43.399+0200: 28.897: [CMS-concurrent-preclean: 0.001/0.001 secs] [Times: user=0.00 sys=0.00, real=0.00 secs] 
2014-07-10T12:34:43.399+0200: 28.897: [CMS-concurrent-abortable-preclean-start]
2014-07-10T12:34:43.508+0200: 29.007: [GC (Allocation Failure) 29.007: [ParNew: 153332K->17018K(153344K), 0.0279127 secs] 439961K->328763K(507264K), 0.0280755 secs] [Times: user=0.06 sys=0.00, real=0.03 secs] 
2014-07-10T12:34:43.537+0200: 29.035: [CMS-concurrent-abortable-preclean: 0.003/0.138 secs] [Times: user=0.14 sys=0.00, real=0.14 secs] 
2014-07-10T12:34:43.537+0200: 29.035: [GC (CMS Final Remark) [YG occupancy: 17437 K (153344 K)]29.035: [Rescan (parallel) , 0.0007541 secs]29.036: [weak refs processing, 0.0000293 secs]29.036: [class unloading, 0.0004795 secs]29.036: [scrub symbol table, 0.0006522 secs]29.037: [scrub string table, 0.0001727 secs][1 CMS-remark: 311745K(353920K)] 329182K(507264K), 0.0022214 secs] [Times: user=0.00 sys=0.00, real=0.00 secs] 
2014-07-10T12:34:43.539+0200: 29.037: [CMS-concurrent-sweep-start]
2014-07-10T12:34:43.542+0200: 29.040: [CMS-concurrent-sweep: 0.003/0.003 secs] [Times: user=0.03 sys=0.00, real=0.00 secs] 
2014-07-10T12:34:43.542+0200: 29.040: [CMS-concurrent-reset-start]
2014-07-10T12:34:43.544+0200: 29.042: [CMS-concurrent-reset: 0.002/0.002 secs] [Times: user=0.00 sys=0.00, real=0.00 secs] 
2014-07-10T12:34:43.683+0200: 29.181: [GC (Allocation Failure) 29.181: [ParNew: 153332K->17018K(153344K), 0.0319778 secs] 199608K->93437K(507264K), 0.0321688 secs] [Times: user=0.06 sys=0.00, real=0.03 secs] 
2014-07-10T12:34:43.785+0200: 29.284: [GC (Allocation Failure) 29.284: [ParNew: 153323K->16994K(153344K), 0.0255930 secs] 229742K->116224K(507264K), 0.0257441 secs] [Times: user=0.06 sys=0.00, real=0.03 secs] 
2014-07-10T12:34:43.895+0200: 29.393: [GC (Allocation Failure) 29.393: [ParNew: 153307K->17018K(153344K), 0.0289832 secs] 252537K->144062K(507264K), 0.0291416 secs] [Times: user=0.06 sys=0.00, real=0.03 secs] 
2014-07-10T12:34:44.081+0200: 29.579: [GC (Allocation Failure) 29.580: [ParNew: 153332K->17018K(153344K), 0.0328379 secs] 280376K->176894K(507264K), 0.0330176 secs] [Times: user=0.06 sys=0.00, real=0.03 secs] 
2014-07-10T12:34:44.183+0200: 29.682: [GC (Allocation Failure) 29.682: [ParNew: 153330K->17018K(153344K), 0.0353955 secs] 313206K->214753K(507264K), 0.0355458 secs] [Times: user=0.06 sys=0.00, real=0.04 secs] 
2014-07-10T12:34:44.299+0200: 29.798: [GC (Allocation Failure) 29.798: [ParNew: 153307K->17022K(153344K), 0.0344034 secs] 351042K->249382K(507264K), 0.0345673 secs] [Times: user=0.06 sys=0.00, real=0.04 secs] 
2014-07-10T12:34:44.334+0200: 29.833: [GC (CMS Initial Mark) [1 CMS-initial-mark: 232359K(353920K)] 249449K(507264K), 0.0003267 secs] [Times: user=0.00 sys=0.00, real=0.00 secs] 
2014-07-10T12:34:44.335+0200: 29.833: [CMS-concurrent-mark-start]
2014-07-10T12:34:44.340+0200: 29.838: [CMS-concurrent-mark: 0.005/0.005 secs] [Times: user=0.03 sys=0.00, real=0.00 secs] 
2014-07-10T12:34:44.340+0200: 29.838: [CMS-concurrent-preclean-start]
2014-07-10T12:34:44.341+0200: 29.839: [CMS-concurrent-preclean: 0.001/0.001 secs] [Times: user=0.00 sys=0.00, real=0.00 secs] 
2014-07-10T12:34:44.341+0200: 29.839: [CMS-concurrent-abortable-preclean-start]
2014-07-10T12:34:44.479+0200: 29.977: [GC (Allocation Failure) 29.977: [ParNew: 153336K->17018K(153344K), 0.0379421 secs] 385696K->289033K(507264K), 0.0381170 secs] [Times: user=0.06 sys=0.00, real=0.04 secs] 
2014-07-10T12:34:44.517+0200: 30.016: [CMS-concurrent-abortable-preclean: 0.005/0.177 secs] [Times: user=0.14 sys=0.00, real=0.18 secs] 
2014-07-10T12:34:44.517+0200: 30.016: [GC (CMS Final Remark) [YG occupancy: 17050 K (153344 K)]30.016: [Rescan (parallel) , 0.0008223 secs]30.016: [weak refs processing, 0.0000271 secs]30.017: [class unloading, 0.0004960 secs]30.017: [scrub symbol table, 0.0005503 secs]30.018: [scrub string table, 0.0001939 secs][1 CMS-remark: 272015K(353920K)] 289065K(507264K), 0.0022152 secs] [Times: user=0.00 sys=0.00, real=0.00 secs] 
2014-07-10T12:34:44.520+0200: 30.018: [CMS-concurrent-sweep-start]
2014-07-10T12:34:44.522+0200: 30.020: [CMS-concurrent-sweep: 0.002/0.002 secs] [Times: user=0.00 sys=0.00, real=0.00 secs] 
2014-07-10T12:34:44.522+0200: 30.020: [CMS-concurrent-reset-start]
2014-07-10T12:34:44.524+0200: 30.022: [CMS-concurrent-reset: 0.002/0.002 secs] [Times: user=0.03 sys=0.00, real=0.00 secs] 
2014-07-10T12:34:44.589+0200: 30.087: [GC (Allocation Failure) 30.087: [ParNew: 153331K->17018K(153344K), 0.0393195 secs] 228689K->137054K(507264K), 0.0394610 secs] [Times: user=0.06 sys=0.00, real=0.04 secs] 
2014-07-10T12:34:44.706+0200: 30.204: [GC (Allocation Failure) 30.204: [ParNew: 153311K->17000K(153344K), 0.0379604 secs] 273348K->177392K(507264K), 0.0381060 secs] [Times: user=0.08 sys=0.00, real=0.04 secs] 
2014-07-10T12:34:44.889+0200: 30.387: [GC (Allocation Failure) 30.387: [ParNew: 153292K->17022K(153344K), 0.0349497 secs] 313684K->214516K(507264K), 0.0350802 secs] [Times: user=0.06 sys=0.00, real=0.04 secs] 
2014-07-10T12:34:44.991+0200: 30.489: [GC (Allocation Failure) 30.489: [ParNew: 153337K->17018K(153344K), 0.0382185 secs] 350832K->256633K(507264K), 0.0383707 secs] [Times: user=0.09 sys=0.00, real=0.04 secs] 
2014-07-10T12:34:45.030+0200: 30.527: [GC (CMS Initial Mark) [1 CMS-initial-mark: 239615K(353920K)] 256665K(507264K), 0.0003714 secs] [Times: user=0.00 sys=0.00, real=0.00 secs] 
2014-07-10T12:34:45.030+0200: 30.528: [CMS-concurrent-mark-start]
2014-07-10T12:34:45.035+0200: 30.532: [CMS-concurrent-mark: 0.005/0.005 secs] [Times: user=0.00 sys=0.00, real=0.01 secs] 
2014-07-10T12:34:45.035+0200: 30.532: [CMS-concurrent-preclean-start]
2014-07-10T12:34:45.036+0200: 30.533: [CMS-concurrent-preclean: 0.001/0.001 secs] [Times: user=0.00 sys=0.00, real=0.00 secs] 
2014-07-10T12:34:45.036+0200: 30.533: [CMS-concurrent-abortable-preclean-start]
2014-07-10T12:34:45.105+0200: 30.602: [GC (Allocation Failure) 30.602: [ParNew2014-07-10T12:34:45.139+0200: 30.636: [CMS-concurrent-abortable-preclean: 0.001/0.103 secs] [Times: user=0.13 sys=0.00, real=0.10 secs] 
: 153331K->17018K(153344K), 0.0412252 secs] 392946K->303776K(507264K), 0.0413953 secs] [Times: user=0.06 sys=0.00, real=0.04 secs] 
2014-07-10T12:34:45.147+0200: 30.644: [GC (CMS Final Remark) [YG occupancy: 17050 K (153344 K)]30.644: [Rescan (parallel) , 0.0007270 secs]30.645: [weak refs processing, 0.0000275 secs]30.645: [class unloading, 0.0004847 secs]30.645: [scrub symbol table, 0.0005639 secs]30.646: [scrub string table, 0.0002262 secs][1 CMS-remark: 286758K(353920K)] 303808K(507264K), 0.0021664 secs] [Times: user=0.02 sys=0.00, real=0.00 secs] 
2014-07-10T12:34:45.149+0200: 30.646: [CMS-concurrent-sweep-start]
2014-07-10T12:34:45.151+0200: 30.648: [CMS-concurrent-sweep: 0.002/0.002 secs] [Times: user=0.00 sys=0.00, real=0.00 secs] 
2014-07-10T12:34:45.151+0200: 30.648: [CMS-concurrent-reset-start]
2014-07-10T12:34:45.153+0200: 30.651: [CMS-concurrent-reset: 0.002/0.002 secs] [Times: user=0.00 sys=0.00, real=0.00 secs] 
2014-07-10T12:34:45.271+0200: 30.768: [GC (Allocation Failure) 30.768: [ParNew: 153308K->17022K(153344K), 0.0392953 secs] 243666K->151289K(507264K), 0.0394541 secs] [Times: user=0.09 sys=0.00, real=0.04 secs] 
2014-07-10T12:34:45.443+0200: 30.940: [GC (Allocation Failure) 30.940: [ParNew: 153311K->346K(153344K), 0.0032413 secs] 287579K->134633K(507264K), 0.0034444 secs] [Times: user=0.03 sys=0.00, real=0.00 secs] 
2014-07-10T12:34:45.544+0200: 31.042: [GC (Allocation Failure) 31.042: [ParNew: 136658K->5388K(153344K), 0.0045971 secs] 270946K->139676K(507264K), 0.0047493 secs] [Times: user=0.00 sys=0.00, real=0.01 secs] 
2014-07-10T12:34:45.702+0200: 31.200: [GC (Allocation Failure) 31.200: [ParNew: 141702K->10431K(153344K), 0.0084185 secs] 275990K->144718K(507264K), 0.0087492 secs] [Times: user=0.02 sys=0.00, real=0.01 secs] 
2014-07-10T12:34:45.845+0200: 31.342: [GC (Allocation Failure) 31.342: [ParNew: 146733K->3035K(153344K), 0.0054961 secs] 281021K->137379K(507264K), 0.0057513 secs] [Times: user=0.00 sys=0.02, real=0.01 secs] 
2014-07-10T12:34:45.946+0200: 31.443: [GC (Allocation Failure) 31.443: [ParNew: 139348K->8078K(153344K), 0.0063467 secs] 273693K->142422K(507264K), 0.0065065 secs] [Times: user=0.00 sys=0.00, real=0.01 secs] 
2014-07-10T12:34:46.100+0200: 31.598: [GC (Allocation Failure) 31.598: [ParNew: 144390K->13120K(153344K), 0.0102270 secs] 278734K->147464K(507264K), 0.0104125 secs] [Times: user=0.00 sys=0.00, real=0.01 secs] 
2014-07-10T12:34:46.246+0200: 31.744: [GC (Allocation Failure) 31.744: [ParNew: 149423K->5726K(153344K), 0.0091594 secs] 283768K->140127K(507264K), 0.0094487 secs] [Times: user=0.01 sys=0.00, real=0.01 secs] 
2014-07-10T12:34:46.346+0200: 31.844: [GC (Allocation Failure) 31.844: [ParNew: 142041K->10769K(153344K), 0.0082934 secs] 276442K->145170K(507264K), 0.0084570 secs] [Times: user=0.03 sys=0.00, real=0.01 secs] 
2014-07-10T12:34:46.495+0200: 31.993: [GC (Allocation Failure) 31.993: [ParNew: 147083K->15769K(153344K), 0.0114215 secs] 281484K->150210K(507264K), 0.0117533 secs] [Times: user=0.03 sys=0.00, real=0.01 secs] 
2014-07-10T12:34:46.657+0200: 32.154: [GC (Allocation Failure) 32.154: [ParNew: 152081K->17018K(153344K), 0.0152326 secs] 286523K->155253K(507264K), 0.0154276 secs] [Times: user=0.03 sys=0.00, real=0.01 secs] 
2014-07-10T12:34:46.748+0200: 32.245: [GC (Allocation Failure) 32.245: [ParNew: 153308K->12358K(153344K), 0.0091392 secs] 291543K->150609K(507264K), 0.0093031 secs] [Times: user=0.03 sys=0.00, real=0.01 secs] 
2014-07-10T12:34:46.898+0200: 32.395: [GC (Allocation Failure) 32.395: [ParNew: 148673K->17018K(153344K), 0.0121287 secs] 286924K->155650K(507264K), 0.0122886 secs] [Times: user=0.00 sys=0.00, real=0.01 secs] 
2014-07-10T12:34:47.060+0200: 32.558: [GC (Allocation Failure) 32.558: [ParNew: 153333K->17018K(153344K), 0.0209057 secs] 291965K->161045K(507264K), 0.0211745 secs] [Times: user=0.03 sys=0.00, real=0.02 secs] 
2014-07-10T12:34:47.156+0200: 32.654: [GC (Allocation Failure) 32.654: [ParNew: 153332K->17018K(153344K), 0.0185795 secs] 297359K->171466K(507264K), 0.0187474 secs] [Times: user=0.03 sys=0.00, real=0.02 secs] 
2014-07-10T12:34:47.293+0200: 32.791: [GC (Allocation Failure) 32.791: [ParNew: 153307K->17022K(153344K), 0.0175185 secs] 307755K->178657K(507264K), 0.0177146 secs] [Times: user=0.03 sys=0.00, real=0.02 secs] 
2014-07-10T12:34:47.465+0200: 32.962: [GC (Allocation Failure) 32.963: [ParNew: 153336K->17018K(153344K), 0.0206986 secs] 314972K->190872K(507264K), 0.0208812 secs] [Times: user=0.03 sys=0.00, real=0.02 secs] 
2014-07-10T12:34:47.558+0200: 33.055: [GC (Allocation Failure) 33.055: [ParNew: 153332K->17018K(153344K), 0.0224958 secs] 327186K->208112K(507264K), 0.0226659 secs] [Times: user=0.03 sys=0.00, real=0.02 secs] 
2014-07-10T12:34:47.709+0200: 33.207: [GC (Allocation Failure) 33.207: [ParNew: 153336K->17000K(153344K), 0.0154089 secs] 344430K->213873K(507264K), 0.0155710 secs] [Times: user=0.03 sys=0.00, real=0.02 secs] 
2014-07-10T12:34:47.867+0200: 33.364: [GC (Allocation Failure) 33.365: [ParNew: 153313K->17018K(153344K), 0.0252367 secs] 350187K->224677K(507264K), 0.0254596 secs] [Times: user=0.03 sys=0.00, real=0.02 secs] 
2014-07-10T12:34:47.958+0200: 33.456: [GC (Allocation Failure) 33.456: [ParNew: 153331K->17018K(153344K), 0.0215642 secs] 360990K->240476K(507264K), 0.0217284 secs] [Times: user=0.03 sys=0.00, real=0.02 secs] 
2014-07-10T12:34:48.116+0200: 33.613: [GC (Allocation Failure) 33.613: [ParNew: 153331K->17018K(153344K), 0.0252271 secs] 376789K->261303K(507264K), 0.0255366 secs] [Times: user=0.03 sys=0.00, real=0.03 secs] 
2014-07-10T12:34:48.258+0200: 33.755: [GC (Allocation Failure) 33.755: [ParNew: 153306K->17022K(153344K), 0.0229350 secs] 397591K->278900K(507264K), 0.0230842 secs] [Times: user=0.03 sys=0.00, real=0.02 secs] 
2014-07-10T12:34:48.361+0200: 33.858: [GC (Allocation Failure) 33.858: [ParNew: 153334K->17018K(153344K), 0.0259454 secs] 415212K->301519K(507264K), 0.0261026 secs] [Times: user=0.06 sys=0.00, real=0.03 secs] 
2014-07-10T12:34:48.387+0200: 33.885: [GC (CMS Initial Mark) [1 CMS-initial-mark: 284500K(353920K)] 301551K(507264K), 0.0002896 secs] [Times: user=0.00 sys=0.00, real=0.00 secs] 
2014-07-10T12:34:48.388+0200: 33.885: [CMS-concurrent-mark-start]
2014-07-10T12:34:48.393+0200: 33.890: [CMS-concurrent-mark: 0.005/0.005 secs] [Times: user=0.03 sys=0.00, real=0.00 secs] 
2014-07-10T12:34:48.393+0200: 33.890: [CMS-concurrent-preclean-start]
2014-07-10T12:34:48.394+0200: 33.891: [CMS-concurrent-preclean: 0.001/0.001 secs] [Times: user=0.00 sys=0.00, real=0.00 secs] 
2014-07-10T12:34:48.394+0200: 33.891: [CMS-concurrent-abortable-preclean-start]
2014-07-10T12:34:48.499+0200: 33.996: [GC (Allocation Failure) 33.996: [ParNew: 153331K->17018K(153344K), 0.0290892 secs] 437832K->329164K(507264K), 0.0292831 secs] [Times: user=0.06 sys=0.00, real=0.03 secs] 
2014-07-10T12:34:48.528+0200: 34.025: [CMS-concurrent-abortable-preclean: 0.003/0.134 secs] [Times: user=0.09 sys=0.00, real=0.13 secs] 
2014-07-10T12:34:48.528+0200: 34.026: [GC (CMS Final Remark) [YG occupancy: 17149 K (153344 K)]34.026: [Rescan (parallel) , 0.0006940 secs]34.026: [weak refs processing, 0.0000293 secs]34.026: [class unloading, 0.0005023 secs]34.027: [scrub symbol table, 0.0006599 secs]34.028: [scrub string table, 0.0001576 secs][1 CMS-remark: 312146K(353920K)] 329295K(507264K), 0.0021774 secs] [Times: user=0.00 sys=0.00, real=0.00 secs] 
2014-07-10T12:34:48.531+0200: 34.028: [CMS-concurrent-sweep-start]
2014-07-10T12:34:48.536+0200: 34.034: [CMS-concurrent-sweep: 0.006/0.006 secs] [Times: user=0.01 sys=0.00, real=0.01 secs] 
2014-07-10T12:34:48.536+0200: 34.034: [CMS-concurrent-reset-start]
2014-07-10T12:34:48.539+0200: 34.036: [CMS-concurrent-reset: 0.002/0.002 secs] [Times: user=0.00 sys=0.00, real=0.00 secs] 
2014-07-10T12:34:48.686+0200: 34.184: [GC (Allocation Failure) 34.184: [ParNew: 153331K->17018K(153344K), 0.0354369 secs] 204747K->101106K(507264K), 0.0356261 secs] [Times: user=0.08 sys=0.00, real=0.04 secs] 
2014-07-10T12:34:48.789+0200: 34.286: [GC (Allocation Failure) 34.286: [ParNew: 153306K->17000K(153344K), 0.0265448 secs] 237394K->125340K(507264K), 0.0266878 secs] [Times: user=0.06 sys=0.00, real=0.03 secs] 
2014-07-10T12:34:48.897+0200: 34.394: [GC (Allocation Failure) 34.394: [ParNew: 153315K->17018K(153344K), 0.0302811 secs] 261655K->154616K(507264K), 0.0304391 secs] [Times: user=0.06 sys=0.00, real=0.03 secs] 
2014-07-10T12:34:49.086+0200: 34.583: [GC (Allocation Failure) 34.583: [ParNew: 153333K->17018K(153344K), 0.0345614 secs] 290931K->188889K(507264K), 0.0347319 secs] [Times: user=0.06 sys=0.00, real=0.04 secs] 
2014-07-10T12:34:49.186+0200: 34.684: [GC (Allocation Failure) 34.684: [ParNew: 153332K->17018K(153344K), 0.0365551 secs] 325203K->228189K(507264K), 0.0367161 secs] [Times: user=0.09 sys=0.00, real=0.04 secs] 
2014-07-10T12:34:49.297+0200: 34.794: [GC (Allocation Failure) 34.795: [ParNew: 153323K->16996K(153344K), 0.0317930 secs] 364493K->260134K(507264K), 0.0319507 secs] [Times: user=0.09 sys=0.00, real=0.03 secs] 
2014-07-10T12:34:49.329+0200: 34.827: [GC (CMS Initial Mark) [1 CMS-initial-mark: 243138K(353920K)] 260166K(507264K), 0.0003424 secs] [Times: user=0.00 sys=0.00, real=0.00 secs] 
2014-07-10T12:34:49.330+0200: 34.827: [CMS-concurrent-mark-start]
2014-07-10T12:34:49.336+0200: 34.833: [CMS-concurrent-mark: 0.006/0.006 secs] [Times: user=0.00 sys=0.00, real=0.01 secs] 
2014-07-10T12:34:49.336+0200: 34.833: [CMS-concurrent-preclean-start]
2014-07-10T12:34:49.337+0200: 34.834: [CMS-concurrent-preclean: 0.001/0.001 secs] [Times: user=0.00 sys=0.00, real=0.00 secs] 
2014-07-10T12:34:49.337+0200: 34.834: [CMS-concurrent-abortable-preclean-start]
2014-07-10T12:34:49.482+0200: 34.979: [GC (Allocation Failure) 34.979: [ParNew: 153310K->17018K(153344K), 0.0355851 secs] 396448K->297127K(507264K), 0.0357464 secs] [Times: user=0.09 sys=0.00, real=0.03 secs] 
2014-07-10T12:34:49.517+0200: 35.015: [CMS-concurrent-abortable-preclean: 0.005/0.181 secs] [Times: user=0.16 sys=0.00, real=0.18 secs] 
2014-07-10T12:34:49.518+0200: 35.015: [GC (CMS Final Remark) [YG occupancy: 17181 K (153344 K)]35.015: [Rescan (parallel) , 0.0007025 secs]35.016: [weak refs processing, 0.0000264 secs]35.016: [class unloading, 0.0004286 secs]35.016: [scrub symbol table, 0.0005375 secs]35.017: [scrub string table, 0.0001591 secs][1 CMS-remark: 280108K(353920K)] 297290K(507264K), 0.0019798 secs] [Times: user=0.00 sys=0.00, real=0.00 secs] 
2014-07-10T12:34:49.520+0200: 35.017: [CMS-concurrent-sweep-start]
2014-07-10T12:34:49.522+0200: 35.020: [CMS-concurrent-sweep: 0.003/0.003 secs] [Times: user=0.00 sys=0.00, real=0.00 secs] 
2014-07-10T12:34:49.522+0200: 35.020: [CMS-concurrent-reset-start]
2014-07-10T12:34:49.524+0200: 35.022: [CMS-concurrent-reset: 0.002/0.002 secs] [Times: user=0.00 sys=0.00, real=0.00 secs] 
2014-07-10T12:34:49.607+0200: 35.105: [GC (Allocation Failure) 35.105: [ParNew: 153332K->17018K(153344K), 0.0377503 secs] 223433K->129108K(507264K), 0.0379095 secs] [Times: user=0.09 sys=0.00, real=0.04 secs] 
2014-07-10T12:34:49.711+0200: 35.208: [GC (Allocation Failure) 35.208: [ParNew: 153313K->17022K(153344K), 0.0384301 secs] 265403K->171965K(507264K), 0.0385961 secs] [Times: user=0.06 sys=0.00, real=0.04 secs] 
2014-07-10T12:34:49.869+0200: 35.367: [GC (Allocation Failure) 35.367: [ParNew: 153311K->17022K(153344K), 0.0365089 secs] 308254K->211588K(507264K), 0.0366644 secs] [Times: user=0.06 sys=0.00, real=0.04 secs] 
2014-07-10T12:34:49.973+0200: 35.471: [GC (Allocation Failure) 35.471: [ParNew: 153337K->17018K(153344K), 0.0397591 secs] 347903K->256234K(507264K), 0.0399116 secs] [Times: user=0.06 sys=0.00, real=0.04 secs] 
2014-07-10T12:34:50.013+0200: 35.511: [GC (CMS Initial Mark) [1 CMS-initial-mark: 239216K(353920K)] 256266K(507264K), 0.0003659 secs] [Times: user=0.00 sys=0.00, real=0.00 secs] 
2014-07-10T12:34:50.014+0200: 35.511: [CMS-concurrent-mark-start]
2014-07-10T12:34:50.017+0200: 35.515: [CMS-concurrent-mark: 0.004/0.004 secs] [Times: user=0.03 sys=0.00, real=0.00 secs] 
2014-07-10T12:34:50.018+0200: 35.515: [CMS-concurrent-preclean-start]
2014-07-10T12:34:50.018+0200: 35.516: [CMS-concurrent-preclean: 0.001/0.001 secs] [Times: user=0.00 sys=0.00, real=0.00 secs] 
2014-07-10T12:34:50.018+0200: 35.516: [CMS-concurrent-abortable-preclean-start]
2014-07-10T12:34:50.144+0200: 35.641: [GC (Allocation Failure) 35.641: [ParNew: 153330K->1104K(153344K), 0.0039156 secs] 392547K->240336K(507264K), 0.0041381 secs] [Times: user=0.00 sys=0.00, real=0.00 secs] 
2014-07-10T12:34:50.148+0200: 35.646: [CMS-concurrent-abortable-preclean: 0.002/0.130 secs] [Times: user=0.06 sys=0.00, real=0.13 secs] 
2014-07-10T12:34:50.148+0200: 35.646: [GC (CMS Final Remark) [YG occupancy: 1283 K (153344 K)]35.646: [Rescan (parallel) , 0.0017129 secs]35.648: [weak refs processing, 0.0000620 secs]35.648: [class unloading, 0.0010339 secs]35.649: [scrub symbol table, 0.0013543 secs]35.650: [scrub string table, 0.0004455 secs][1 CMS-remark: 239232K(353920K)] 240516K(507264K), 0.0049623 secs] [Times: user=0.00 sys=0.00, real=0.01 secs] 
2014-07-10T12:34:50.153+0200: 35.651: [CMS-concurrent-sweep-start]
2014-07-10T12:34:50.158+0200: 35.656: [CMS-concurrent-sweep: 0.005/0.005 secs] [Times: user=0.03 sys=0.00, real=0.01 secs] 
2014-07-10T12:34:50.159+0200: 35.656: [CMS-concurrent-reset-start]
2014-07-10T12:34:50.163+0200: 35.660: [CMS-concurrent-reset: 0.004/0.004 secs] [Times: user=0.00 sys=0.00, real=0.00 secs] 
2014-07-10T12:34:50.272+0200: 35.770: [GC (Allocation Failure) 35.770: [ParNew: 137392K->17006K(153344K), 0.0407680 secs] 183234K->109302K(507264K), 0.0409217 secs] [Times: user=0.09 sys=0.00, real=0.04 secs] 
2014-07-10T12:34:50.444+0200: 35.942: [GC (Allocation Failure) 35.942: [ParNew: 153297K->2875K(153344K), 0.0053285 secs] 245593K->95208K(507264K), 0.0056259 secs] [Times: user=0.00 sys=0.00, real=0.01 secs] 
2014-07-10T12:34:50.545+0200: 36.043: [GC (Allocation Failure) 36.043: [ParNew: 139189K->7917K(153344K), 0.0064629 secs] 231521K->100250K(507264K), 0.0066227 secs] [Times: user=0.00 sys=0.00, real=0.01 secs] 
2014-07-10T12:34:50.684+0200: 36.182: [GC (Allocation Failure) 36.182: [ParNew: 144231K->12960K(153344K), 0.0094439 secs] 236564K->105293K(507264K), 0.0095983 secs] [Times: user=0.03 sys=0.00, real=0.01 secs] 
2014-07-10T12:34:50.843+0200: 36.341: [GC (Allocation Failure) 36.341: [ParNew: 149263K->356K(153344K), 0.0035284 secs] 241595K->92745K(507264K), 0.0037128 secs] [Times: user=0.00 sys=0.00, real=0.00 secs] 
2014-07-10T12:34:50.946+0200: 36.444: [GC (Allocation Failure) 36.444: [ParNew: 136670K->5398K(153344K), 0.0094116 secs] 229059K->97787K(507264K), 0.0096873 secs] [Times: user=0.03 sys=0.00, real=0.01 secs] 
2014-07-10T12:34:51.080+0200: 36.577: [GC (Allocation Failure) 36.577: [ParNew: 141714K->10441K(153344K), 0.0081571 secs] 234103K->102830K(507264K), 0.0083319 secs] [Times: user=0.00 sys=0.00, real=0.01 secs] 
2014-07-10T12:34:51.246+0200: 36.743: [GC (Allocation Failure) 36.744: [ParNew: 146730K->7161K(153344K), 0.0062480 secs] 239119K->99615K(507264K), 0.0064508 secs] [Times: user=0.03 sys=0.00, real=0.01 secs] 
2014-07-10T12:34:51.347+0200: 36.845: [GC (Allocation Failure) 36.845: [ParNew: 143473K->12204K(153344K), 0.0091165 secs] 235927K->104657K(507264K), 0.0092962 secs] [Times: user=0.03 sys=0.00, real=0.01 secs] 
2014-07-10T12:34:51.489+0200: 36.986: [GC (Allocation Failure) 36.987: [ParNew: 148517K->17018K(153344K), 0.0120869 secs] 240971K->109700K(507264K), 0.0122457 secs] [Times: user=0.03 sys=0.00, real=0.01 secs] 
2014-07-10T12:34:51.661+0200: 37.158: [GC (Allocation Failure) 37.159: [ParNew: 153331K->17018K(153344K), 0.0169454 secs] 246013K->114935K(507264K), 0.0172171 secs] [Times: user=0.03 sys=0.00, real=0.02 secs] 
2014-07-10T12:34:51.750+0200: 37.248: [GC (Allocation Failure) 37.248: [ParNew: 153322K->14881K(153344K), 0.0106541 secs] 251239K->112814K(507264K), 0.0108037 secs] [Times: user=0.00 sys=0.00, real=0.01 secs] 
2014-07-10T12:34:51.884+0200: 37.382: [GC (Allocation Failure) 37.382: [ParNew: 151195K->17018K(153344K), 0.0134189 secs] 249129K->117857K(507264K), 0.0135886 secs] [Times: user=0.03 sys=0.00, real=0.01 secs] 
2014-07-10T12:34:52.059+0200: 37.556: [GC (Allocation Failure) 37.557: [ParNew: 153332K->17018K(153344K), 0.0176871 secs] 254171K->125781K(507264K), 0.0179243 secs] [Times: user=0.03 sys=0.00, real=0.02 secs] 
2014-07-10T12:34:52.157+0200: 37.654: [GC (Allocation Failure) 37.654: [ParNew: 153333K->17018K(153344K), 0.0197670 secs] 262095K->138731K(507264K), 0.0199056 secs] [Times: user=0.03 sys=0.00, real=0.02 secs] 
2014-07-10T12:34:52.308+0200: 37.806: [GC (Allocation Failure) 37.806: [ParNew: 153321K->16996K(153344K), 0.0163097 secs] 275035K->144328K(507264K), 0.0164608 secs] [Times: user=0.06 sys=0.00, real=0.02 secs] 
2014-07-10T12:34:52.467+0200: 37.964: [GC (Allocation Failure) 37.964: [ParNew: 153310K->17018K(153344K), 0.0212661 secs] 280642K->154972K(507264K), 0.0214989 secs] [Times: user=0.03 sys=0.00, real=0.02 secs] 
2014-07-10T12:34:52.558+0200: 38.055: [GC (Allocation Failure) 38.056: [ParNew: 153331K->17018K(153344K), 0.0215613 secs] 291285K->170611K(507264K), 0.0217317 secs] [Times: user=0.03 sys=0.00, real=0.02 secs] 
2014-07-10T12:34:52.713+0200: 38.210: [GC (Allocation Failure) 38.210: [ParNew: 153332K->17018K(153344K), 0.0245449 secs] 306926K->191278K(507264K), 0.0246966 secs] [Times: user=0.06 sys=0.00, real=0.02 secs] 
2014-07-10T12:34:52.856+0200: 38.353: [GC (Allocation Failure) 38.354: [ParNew: 153337K->17000K(153344K), 0.0208390 secs] 327597K->203538K(507264K), 0.0214425 secs] [Times: user=0.03 sys=0.00, real=0.02 secs] 
2014-07-10T12:34:52.958+0200: 38.456: [GC (Allocation Failure) 38.456: [ParNew: 153315K->17018K(153344K), 0.0226842 secs] 339853K->220841K(507264K), 0.0228540 secs] [Times: user=0.05 sys=0.00, real=0.02 secs] 
2014-07-10T12:34:53.109+0200: 38.606: [GC (Allocation Failure) 38.606: [ParNew: 153332K->17018K(153344K), 0.0256612 secs] 357155K->243140K(507264K), 0.0258163 secs] [Times: user=0.03 sys=0.00, real=0.03 secs] 
2014-07-10T12:34:53.273+0200: 38.771: [GC (Allocation Failure) 38.771: [ParNew: 153309K->17022K(153344K), 0.0281195 secs] 379431K->262209K(507264K), 0.0283783 secs] [Times: user=0.06 sys=0.00, real=0.03 secs] 
2014-07-10T12:34:53.370+0200: 38.868: [GC (Allocation Failure) 38.868: [ParNew: 153336K->17018K(153344K), 0.0269979 secs] 398523K->286301K(507264K), 0.0272267 secs] [Times: user=0.03 sys=0.00, real=0.03 secs] 
2014-07-10T12:34:53.522+0200: 39.019: [GC (Allocation Failure) 39.020: [ParNew: 153330K->17018K(153344K), 0.0304791 secs] 422613K->315419K(507264K), 0.0306569 secs] [Times: user=0.06 sys=0.00, real=0.03 secs] 
2014-07-10T12:34:53.553+0200: 39.050: [GC (CMS Initial Mark) [1 CMS-initial-mark: 298401K(353920K)] 315486K(507264K), 0.0003465 secs] [Times: user=0.00 sys=0.00, real=0.00 secs] 
2014-07-10T12:34:53.553+0200: 39.051: [CMS-concurrent-mark-start]
2014-07-10T12:34:53.558+0200: 39.056: [CMS-concurrent-mark: 0.005/0.005 secs] [Times: user=0.03 sys=0.00, real=0.01 secs] 
2014-07-10T12:34:53.558+0200: 39.056: [CMS-concurrent-preclean-start]
2014-07-10T12:34:53.559+0200: 39.057: [CMS-concurrent-preclean: 0.001/0.001 secs] [Times: user=0.00 sys=0.00, real=0.00 secs] 
2014-07-10T12:34:53.560+0200: 39.057: [CMS-concurrent-abortable-preclean-start]
2014-07-10T12:34:53.681+0200: 39.179: [GC (Allocation Failure) 39.179: [ParNew: 153330K->17018K(153344K), 0.0337321 secs] 451732K->349564K(507264K), 0.0338964 secs] [Times: user=0.09 sys=0.00, real=0.03 secs] 
2014-07-10T12:34:53.715+0200: 39.213: [CMS-concurrent-abortable-preclean: 0.005/0.155 secs] [Times: user=0.16 sys=0.00, real=0.15 secs] 
2014-07-10T12:34:53.715+0200: 39.213: [GC (CMS Final Remark) [YG occupancy: 17149 K (153344 K)]39.213: [Rescan (parallel) , 0.0006907 secs]39.213: [weak refs processing, 0.0000271 secs]39.213: [class unloading, 0.0004828 secs]39.214: [scrub symbol table, 0.0005664 secs]39.215: [scrub string table, 0.0001580 secs][1 CMS-remark: 332546K(353920K)] 349695K(507264K), 0.0020443 secs] [Times: user=0.00 sys=0.00, real=0.00 secs] 
2014-07-10T12:34:53.717+0200: 39.215: [CMS-concurrent-sweep-start]
2014-07-10T12:34:53.720+0200: 39.218: [CMS-concurrent-sweep: 0.003/0.003 secs] [Times: user=0.00 sys=0.00, real=0.00 secs] 
2014-07-10T12:34:53.720+0200: 39.218: [CMS-concurrent-reset-start]
2014-07-10T12:34:53.722+0200: 39.220: [CMS-concurrent-reset: 0.002/0.002 secs] [Times: user=0.00 sys=0.00, real=0.00 secs] 
2014-07-10T12:34:53.784+0200: 39.282: [GC (Allocation Failure) 39.282: [ParNew: 153335K->17000K(153344K), 0.0257936 secs] 217835K->104183K(507264K), 0.0259578 secs] [Times: user=0.06 sys=0.00, real=0.03 secs] 
2014-07-10T12:34:53.896+0200: 39.394: [GC (Allocation Failure) 39.394: [ParNew: 153315K->17018K(153344K), 0.0290331 secs] 240498K->131891K(507264K), 0.0292149 secs] [Times: user=0.06 sys=0.00, real=0.03 secs] 
2014-07-10T12:34:54.086+0200: 39.583: [GC (Allocation Failure) 39.584: [ParNew: 153334K->17018K(153344K), 0.0369727 secs] 268207K->164595K(507264K), 0.0371850 secs] [Times: user=0.09 sys=0.00, real=0.04 secs] 
2014-07-10T12:34:54.188+0200: 39.686: [GC (Allocation Failure) 39.686: [ParNew: 153307K->17022K(153344K), 0.0303874 secs] 300884K->194069K(507264K), 0.0305491 secs] [Times: user=0.06 sys=0.00, real=0.03 secs] 
2014-07-10T12:34:54.301+0200: 39.799: [GC (Allocation Failure) 39.799: [ParNew: 153335K->17018K(153344K), 0.0340419 secs] 330382K->228566K(507264K), 0.0342014 secs] [Times: user=0.06 sys=0.00, real=0.03 secs] 
2014-07-10T12:34:54.488+0200: 39.986: [GC (Allocation Failure) 39.986: [ParNew: 153331K->17018K(153344K), 0.0380480 secs] 364879K->268090K(507264K), 0.0382314 secs] [Times: user=0.09 sys=0.00, real=0.04 secs] 
2014-07-10T12:34:54.527+0200: 40.025: [GC (CMS Initial Mark) [1 CMS-initial-mark: 251071K(353920K)] 268122K(507264K), 0.0003512 secs] [Times: user=0.00 sys=0.00, real=0.00 secs] 
2014-07-10T12:34:54.527+0200: 40.025: [CMS-concurrent-mark-start]
2014-07-10T12:34:54.532+0200: 40.030: [CMS-concurrent-mark: 0.005/0.005 secs] [Times: user=0.00 sys=0.00, real=0.01 secs] 
2014-07-10T12:34:54.535+0200: 40.033: [CMS-concurrent-preclean-start]
2014-07-10T12:34:54.536+0200: 40.034: [CMS-concurrent-preclean: 0.001/0.001 secs] [Times: user=0.00 sys=0.00, real=0.00 secs] 
2014-07-10T12:34:54.536+0200: 40.034: [CMS-concurrent-abortable-preclean-start]
2014-07-10T12:34:54.594+0200: 40.091: [GC (Allocation Failure) 40.091: [ParNew: 153330K->17018K(153344K), 0.0397488 secs] 404402K->312640K(507264K), 0.0399156 secs] [Times: user=0.09 sys=0.00, real=0.04 secs] 
2014-07-10T12:34:54.706+0200: 40.203: [GC (Allocation Failure) 40.203: [ParNew: 153338K->1009K(153344K), 0.0024267 secs] 448959K->296647K(507264K), 0.0025550 secs] [Times: user=0.00 sys=0.00, real=0.00 secs] 
2014-07-10T12:34:54.886+0200: 40.384: [GC (Allocation Failure) 40.384: [ParNew2014-07-10T12:34:54.919+0200: 40.416: [CMS-concurrent-abortable-preclean: 0.010/0.383 secs] [Times: user=0.38 sys=0.00, real=0.38 secs] 
: 137322K->17016K(153344K), 0.0375234 secs] 432960K->353826K(507264K), 0.0376770 secs] [Times: user=0.06 sys=0.00, real=0.04 secs] 
2014-07-10T12:34:54.924+0200: 40.422: [GC (CMS Final Remark) [YG occupancy: 17180 K (153344 K)]40.422: [Rescan (parallel) , 0.0008007 secs]40.423: [weak refs processing, 0.0000282 secs]40.423: [class unloading, 0.0004539 secs]40.423: [scrub symbol table, 0.0005587 secs]40.424: [scrub string table, 0.0001650 secs][1 CMS-remark: 336810K(353920K)] 353990K(507264K), 0.0021349 secs] [Times: user=0.00 sys=0.00, real=0.00 secs] 
2014-07-10T12:34:54.926+0200: 40.424: [CMS-concurrent-sweep-start]
2014-07-10T12:34:54.929+0200: 40.427: [CMS-concurrent-sweep: 0.003/0.003 secs] [Times: user=0.03 sys=0.00, real=0.00 secs] 
2014-07-10T12:34:54.929+0200: 40.427: [CMS-concurrent-reset-start]
2014-07-10T12:34:54.932+0200: 40.429: [CMS-concurrent-reset: 0.002/0.002 secs] [Times: user=0.00 sys=0.00, real=0.00 secs] 
2014-07-10T12:34:54.998+0200: 40.495: [GC (Allocation Failure) 40.495: [ParNew: 153329K->17018K(153344K), 0.0400473 secs] 279844K->189743K(507264K), 0.0402295 secs] [Times: user=0.06 sys=0.00, real=0.04 secs] 
2014-07-10T12:34:55.038+0200: 40.535: [GC (CMS Initial Mark) [1 CMS-initial-mark: 172725K(353920K)] 189843K(507264K), 0.0003883 secs] [Times: user=0.00 sys=0.00, real=0.00 secs] 
2014-07-10T12:34:55.039+0200: 40.536: [CMS-concurrent-mark-start]
2014-07-10T12:34:55.043+0200: 40.539: [CMS-concurrent-mark: 0.004/0.004 secs] [Times: user=0.03 sys=0.00, real=0.00 secs] 
2014-07-10T12:34:55.043+0200: 40.539: [CMS-concurrent-preclean-start]
2014-07-10T12:34:55.043+0200: 40.540: [CMS-concurrent-preclean: 0.001/0.001 secs] [Times: user=0.00 sys=0.00, real=0.00 secs] 
2014-07-10T12:34:55.044+0200: 40.540: [CMS-concurrent-abortable-preclean-start]
2014-07-10T12:34:55.143+0200: 40.640: [GC (Allocation Failure) 40.640: [ParNew: 153307K->2619K(153344K), 0.0052875 secs] 326032K->175360K(507264K), 0.0054767 secs] [Times: user=0.03 sys=0.00, real=0.01 secs] 
2014-07-10T12:34:55.271+0200: 40.767: [GC (Allocation Failure) 40.767: [ParNew: 138915K->17012K(153344K), 0.0389822 secs] 311657K->233583K(507264K), 0.0391377 secs] [Times: user=0.09 sys=0.00, real=0.04 secs] 
2014-07-10T12:34:55.310+0200: 40.807: [CMS-concurrent-abortable-preclean: 0.006/0.266 secs] [Times: user=0.25 sys=0.00, real=0.27 secs] 
2014-07-10T12:34:55.311+0200: 40.807: [GC (CMS Final Remark) [YG occupancy: 18232 K (153344 K)]40.807: [Rescan (parallel) , 0.0007446 secs]40.808: [weak refs processing, 0.0000286 secs]40.808: [class unloading, 0.0005045 secs]40.809: [scrub symbol table, 0.0005408 secs]40.809: [scrub string table, 0.0001650 secs][1 CMS-remark: 216571K(353920K)] 234803K(507264K), 0.0021235 secs] [Times: user=0.00 sys=0.00, real=0.00 secs] 
2014-07-10T12:34:55.313+0200: 40.810: [CMS-concurrent-sweep-start]
2014-07-10T12:34:55.314+0200: 40.811: [CMS-concurrent-sweep: 0.002/0.002 secs] [Times: user=0.00 sys=0.00, real=0.00 secs] 
2014-07-10T12:34:55.315+0200: 40.811: [CMS-concurrent-reset-start]
2014-07-10T12:34:55.316+0200: 40.813: [CMS-concurrent-reset: 0.002/0.002 secs] [Times: user=0.00 sys=0.00, real=0.00 secs] 
2014-07-10T12:34:55.443+0200: 40.940: [GC (Allocation Failure) 40.940: [ParNew: 153302K->250K(153344K), 0.0013052 secs] 244595K->91583K(507264K), 0.0013906 secs] [Times: user=0.00 sys=0.00, real=0.00 secs] 
2014-07-10T12:34:55.544+0200: 41.041: [GC (Allocation Failure) 41.041: [ParNew: 136563K->5292K(153344K), 0.0046217 secs] 227897K->96626K(507264K), 0.0047544 secs] [Times: user=0.00 sys=0.00, real=0.01 secs] 
2014-07-10T12:34:55.686+0200: 41.183: [GC (Allocation Failure) 41.183: [ParNew: 141605K->10335K(153344K), 0.0079239 secs] 232939K->101668K(507264K), 0.0080625 secs] [Times: user=0.00 sys=0.00, real=0.01 secs] 
2014-07-10T12:34:55.844+0200: 41.341: [GC (Allocation Failure) 41.341: [ParNew: 146638K->2939K(153344K), 0.0030980 secs] 237972K->94329K(507264K), 0.0032435 secs] [Times: user=0.00 sys=0.00, real=0.00 secs] 
2014-07-10T12:34:55.946+0200: 41.443: [GC (Allocation Failure) 41.443: [ParNew: 139254K->7981K(153344K), 0.0062587 secs] 230645K->99372K(507264K), 0.0063976 secs] [Times: user=0.00 sys=0.00, real=0.01 secs] 
2014-07-10T12:34:56.082+0200: 41.578: [GC (Allocation Failure) 41.579: [ParNew: 144296K->13026K(153344K), 0.0095018 secs] 235686K->104416K(507264K), 0.0096679 secs] [Times: user=0.03 sys=0.00, real=0.01 secs] 
2014-07-10T12:34:56.249+0200: 41.746: [GC (Allocation Failure) 41.746: [ParNew: 149317K->9754K(153344K), 0.0132843 secs] 240707K->101201K(507264K), 0.0136443 secs] [Times: user=0.03 sys=0.00, real=0.01 secs] 
2014-07-10T12:34:56.348+0200: 41.845: [GC (Allocation Failure) 41.845: [ParNew: 146068K->14777K(153344K), 0.0108162 secs] 237515K->106244K(507264K), 0.0109779 secs] [Times: user=0.03 sys=0.00, real=0.01 secs] 
2014-07-10T12:34:56.496+0200: 41.993: [GC (Allocation Failure) 41.993: [ParNew: 151089K->17018K(153344K), 0.0138878 secs] 242556K->111286K(507264K), 0.0140462 secs] [Times: user=0.03 sys=0.00, real=0.01 secs] 
2014-07-10T12:34:56.663+0200: 42.160: [GC (Allocation Failure) 42.160: [ParNew: 153332K->17018K(153344K), 0.0213240 secs] 247601K->119114K(507264K), 0.0215723 secs] [Times: user=0.03 sys=0.00, real=0.02 secs] 
2014-07-10T12:34:56.753+0200: 42.250: [GC (Allocation Failure) 42.250: [ParNew: 153319K->12266K(153344K), 0.0089937 secs] 255415K->114378K(507264K), 0.0091609 secs] [Times: user=0.03 sys=0.00, real=0.01 secs] 
2014-07-10T12:34:56.901+0200: 42.398: [GC (Allocation Failure) 42.398: [ParNew: 148579K->17018K(153344K), 0.0121804 secs] 250692K->119419K(507264K), 0.0123362 secs] [Times: user=0.03 sys=0.00, real=0.01 secs] 
2014-07-10T12:34:57.060+0200: 42.557: [GC (Allocation Failure) 42.557: [ParNew: 153333K->17018K(153344K), 0.0174686 secs] 255734K->124718K(507264K), 0.0177047 secs] [Times: user=0.03 sys=0.00, real=0.02 secs] 
2014-07-10T12:34:57.155+0200: 42.652: [GC (Allocation Failure) 42.652: [ParNew: 153331K->17018K(153344K), 0.0182745 secs] 261031K->135043K(507264K), 0.0184457 secs] [Times: user=0.03 sys=0.00, real=0.02 secs] 
2014-07-10T12:34:57.303+0200: 42.800: [GC (Allocation Failure) 42.800: [ParNew: 153309K->17022K(153344K), 0.0161227 secs] 271334K->142139K(507264K), 0.0162826 secs] [Times: user=0.03 sys=0.00, real=0.02 secs] 
2014-07-10T12:34:57.461+0200: 42.958: [GC (Allocation Failure) 42.958: [ParNew: 153335K->17018K(153344K), 0.0205362 secs] 278452K->154257K(507264K), 0.0207198 secs] [Times: user=0.03 sys=0.00, real=0.02 secs] 
2014-07-10T12:34:57.559+0200: 43.056: [GC (Allocation Failure) 43.056: [ParNew: 153330K->17018K(153344K), 0.0226146 secs] 290569K->171401K(507264K), 0.0227686 secs] [Times: user=0.05 sys=0.00, real=0.02 secs] 
2014-07-10T12:34:57.704+0200: 43.201: [GC (Allocation Failure) 43.201: [ParNew: 153331K->17018K(153344K), 0.0255725 secs] 307715K->193572K(507264K), 0.0257287 secs] [Times: user=0.06 sys=0.00, real=0.03 secs] 
2014-07-10T12:34:57.860+0200: 43.357: [GC (Allocation Failure) 43.357: [ParNew: 153320K->16994K(153344K), 0.0216826 secs] 329874K->208388K(507264K), 0.0218494 secs] [Times: user=0.06 sys=0.00, real=0.02 secs] 
2014-07-10T12:34:57.960+0200: 43.457: [GC (Allocation Failure) 43.457: [ParNew: 153310K->17018K(153344K), 0.0246215 secs] 344703K->228253K(507264K), 0.0247469 secs] [Times: user=0.03 sys=0.00, real=0.02 secs] 
2014-07-10T12:34:58.093+0200: 43.590: [GC (Allocation Failure) 43.590: [ParNew: 153331K->17018K(153344K), 0.0274841 secs] 364567K->253114K(507264K), 0.0276311 secs] [Times: user=0.06 sys=0.00, real=0.03 secs] 
2014-07-10T12:34:58.268+0200: 43.765: [GC (Allocation Failure) 43.765: [ParNew: 153322K->16996K(153344K), 0.0240649 secs] 389418K->270620K(507264K), 0.0242560 secs] [Times: user=0.06 sys=0.00, real=0.02 secs] 
2014-07-10T12:34:58.362+0200: 43.859: [GC (Allocation Failure) 43.859: [ParNew: 153311K->17018K(153344K), 0.0258581 secs] 406936K->293174K(507264K), 0.0260242 secs] [Times: user=0.03 sys=0.00, real=0.03 secs] 
2014-07-10T12:34:58.389+0200: 43.886: [GC (CMS Initial Mark) [1 CMS-initial-mark: 276155K(353920K)] 293241K(507264K), 0.0002915 secs] [Times: user=0.00 sys=0.00, real=0.00 secs] 
2014-07-10T12:34:58.389+0200: 43.886: [CMS-concurrent-mark-start]
2014-07-10T12:34:58.394+0200: 43.891: [CMS-concurrent-mark: 0.005/0.005 secs] [Times: user=0.02 sys=0.00, real=0.01 secs] 
2014-07-10T12:34:58.394+0200: 43.891: [CMS-concurrent-preclean-start]
2014-07-10T12:34:58.395+0200: 43.892: [CMS-concurrent-preclean: 0.001/0.001 secs] [Times: user=0.00 sys=0.00, real=0.00 secs] 
2014-07-10T12:34:58.395+0200: 43.892: [CMS-concurrent-abortable-preclean-start]
2014-07-10T12:34:58.512+0200: 44.009: [GC (Allocation Failure) 44.009: [ParNew: 153333K->17018K(153344K), 0.0294866 secs] 429489K->320723K(507264K), 0.0296468 secs] [Times: user=0.05 sys=0.00, real=0.03 secs] 
2014-07-10T12:34:58.541+0200: 44.038: [CMS-concurrent-abortable-preclean: 0.003/0.146 secs] [Times: user=0.11 sys=0.00, real=0.15 secs] 
2014-07-10T12:34:58.542+0200: 44.039: [GC (CMS Final Remark) [YG occupancy: 17050 K (153344 K)]44.039: [Rescan (parallel) , 0.0007952 secs]44.040: [weak refs processing, 0.0000286 secs]44.040: [class unloading, 0.0004517 secs]44.040: [scrub symbol table, 0.0005804 secs]44.041: [scrub string table, 0.0001675 secs][1 CMS-remark: 303705K(353920K)] 320755K(507264K), 0.0021525 secs] [Times: user=0.00 sys=0.00, real=0.00 secs] 
2014-07-10T12:34:58.544+0200: 44.041: [CMS-concurrent-sweep-start]
2014-07-10T12:34:58.547+0200: 44.044: [CMS-concurrent-sweep: 0.003/0.003 secs] [Times: user=0.00 sys=0.00, real=0.00 secs] 
2014-07-10T12:34:58.547+0200: 44.044: [CMS-concurrent-reset-start]
2014-07-10T12:34:58.549+0200: 44.046: [CMS-concurrent-reset: 0.002/0.002 secs] [Times: user=0.03 sys=0.00, real=0.00 secs] 
2014-07-10T12:34:58.672+0200: 44.169: [GC (Allocation Failure) 44.169: [ParNew: 153331K->17018K(153344K), 0.0331617 secs] 204726K->100989K(507264K), 0.0333318 secs] [Times: user=0.09 sys=0.00, real=0.03 secs] 
2014-07-10T12:34:58.771+0200: 44.268: [GC (Allocation Failure) 44.268: [ParNew: 153338K->17000K(153344K), 0.0267288 secs] 237308K->125159K(507264K), 0.0268880 secs] [Times: user=0.03 sys=0.00, real=0.03 secs] 
2014-07-10T12:34:58.896+0200: 44.393: [GC (Allocation Failure) 44.393: [ParNew: 153315K->17018K(153344K), 0.0299713 secs] 261474K->154371K(507264K), 0.0301242 secs] [Times: user=0.03 sys=0.00, real=0.03 secs] 
2014-07-10T12:34:59.081+0200: 44.578: [GC (Allocation Failure) 44.578: [ParNew: 153333K->17018K(153344K), 0.0332683 secs] 290686K->188580K(507264K), 0.0334300 secs] [Times: user=0.06 sys=0.00, real=0.03 secs] 
2014-07-10T12:34:59.180+0200: 44.677: [GC (Allocation Failure) 44.677: [ParNew: 153306K->17022K(153344K), 0.0311228 secs] 324869K->219559K(507264K), 0.0313263 secs] [Times: user=0.06 sys=0.00, real=0.03 secs] 
2014-07-10T12:34:59.299+0200: 44.796: [GC (Allocation Failure) 44.796: [ParNew: 153335K->17018K(153344K), 0.0353676 secs] 355872K->255561K(507264K), 0.0355191 secs] [Times: user=0.06 sys=0.00, real=0.04 secs] 
2014-07-10T12:34:59.335+0200: 44.832: [GC (CMS Initial Mark) [1 CMS-initial-mark: 238543K(353920K)] 255628K(507264K), 0.0003039 secs] [Times: user=0.00 sys=0.00, real=0.00 secs] 
2014-07-10T12:34:59.335+0200: 44.832: [CMS-concurrent-mark-start]
2014-07-10T12:34:59.340+0200: 44.837: [CMS-concurrent-mark: 0.005/0.005 secs] [Times: user=0.00 sys=0.00, real=0.00 secs] 
2014-07-10T12:34:59.340+0200: 44.837: [CMS-concurrent-preclean-start]
2014-07-10T12:34:59.341+0200: 44.838: [CMS-concurrent-preclean: 0.001/0.001 secs] [Times: user=0.00 sys=0.00, real=0.00 secs] 
2014-07-10T12:34:59.341+0200: 44.838: [CMS-concurrent-abortable-preclean-start]
2014-07-10T12:34:59.482+0200: 44.979: [GC (Allocation Failure) 44.979: [ParNew: 153332K->17018K(153344K), 0.0380235 secs] 391876K->296589K(507264K), 0.0381976 secs] [Times: user=0.09 sys=0.00, real=0.04 secs] 
2014-07-10T12:34:59.520+0200: 45.017: [CMS-concurrent-abortable-preclean: 0.005/0.179 secs] [Times: user=0.17 sys=0.00, real=0.18 secs] 
2014-07-10T12:34:59.521+0200: 45.018: [GC (CMS Final Remark) [YG occupancy: 17469 K (153344 K)]45.018: [Rescan (parallel) , 0.0007644 secs]45.018: [weak refs processing, 0.0000301 secs]45.018: [class unloading, 0.0004671 secs]45.019: [scrub symbol table, 0.0005437 secs]45.019: [scrub string table, 0.0001708 secs][1 CMS-remark: 279571K(353920K)] 297040K(507264K), 0.0021074 secs] [Times: user=0.00 sys=0.00, real=0.00 secs] 
2014-07-10T12:34:59.523+0200: 45.020: [CMS-concurrent-sweep-start]
2014-07-10T12:34:59.525+0200: 45.022: [CMS-concurrent-sweep: 0.002/0.002 secs] [Times: user=0.00 sys=0.00, real=0.00 secs] 
2014-07-10T12:34:59.525+0200: 45.022: [CMS-concurrent-reset-start]
2014-07-10T12:34:59.527+0200: 45.024: [CMS-concurrent-reset: 0.002/0.002 secs] [Times: user=0.00 sys=0.00, real=0.00 secs] 
2014-07-10T12:34:59.590+0200: 45.087: [GC (Allocation Failure) 45.087: [ParNew: 153330K->17018K(153344K), 0.0410210 secs] 231699K->141441K(507264K), 0.0411673 secs] [Times: user=0.09 sys=0.00, real=0.04 secs] 
2014-07-10T12:34:59.707+0200: 45.204: [GC (Allocation Failure) 45.204: [ParNew: 153334K->2499K(153344K), 0.0027999 secs] 277757K->126938K(507264K), 0.0029422 secs] [Times: user=0.00 sys=0.00, real=0.00 secs] 
2014-07-10T12:34:59.888+0200: 45.385: [GC (Allocation Failure) 45.385: [ParNew: 138815K->17016K(153344K), 0.0379842 secs] 263254K->181058K(507264K), 0.0383087 secs] [Times: user=0.09 sys=0.00, real=0.04 secs] 
2014-07-10T12:34:59.994+0200: 45.491: [GC (Allocation Failure) 45.491: [ParNew: 153329K->17018K(153344K), 0.0394830 secs] 317371K->225702K(507264K), 0.0396293 secs] [Times: user=0.09 sys=0.00, real=0.04 secs] 
2014-07-10T12:35:00.034+0200: 45.531: [GC (CMS Initial Mark) [1 CMS-initial-mark: 208684K(353920K)] 225735K(507264K), 0.0003659 secs] [Times: user=0.00 sys=0.00, real=0.00 secs] 
2014-07-10T12:35:00.034+0200: 45.531: [CMS-concurrent-mark-start]
2014-07-10T12:35:00.038+0200: 45.535: [CMS-concurrent-mark: 0.004/0.004 secs] [Times: user=0.00 sys=0.00, real=0.00 secs] 
2014-07-10T12:35:00.038+0200: 45.535: [CMS-concurrent-preclean-start]
2014-07-10T12:35:00.039+0200: 45.536: [CMS-concurrent-preclean: 0.001/0.001 secs] [Times: user=0.00 sys=0.00, real=0.00 secs] 
2014-07-10T12:35:00.039+0200: 45.536: [CMS-concurrent-abortable-preclean-start]
2014-07-10T12:35:00.143+0200: 45.640: [GC (Allocation Failure) 45.640: [ParNew: 153307K->1050K(153344K), 0.0017682 secs] 361992K->209751K(507264K), 0.0018533 secs] [Times: user=0.00 sys=0.00, real=0.00 secs] 
2014-07-10T12:35:00.145+0200: 45.642: [CMS-concurrent-abortable-preclean: 0.002/0.106 secs] [Times: user=0.08 sys=0.00, real=0.11 secs] 
2014-07-10T12:35:00.145+0200: 45.642: [GC (CMS Final Remark) [YG occupancy: 1213 K (153344 K)]45.642: [Rescan (parallel) , 0.0005041 secs]45.643: [weak refs processing, 0.0000367 secs]45.643: [class unloading, 0.0004022 secs]45.643: [scrub symbol table, 0.0005353 secs]45.644: [scrub string table, 0.0001672 secs][1 CMS-remark: 208700K(353920K)] 209914K(507264K), 0.0017594 secs] [Times: user=0.00 sys=0.00, real=0.00 secs] 
2014-07-10T12:35:00.147+0200: 45.644: [CMS-concurrent-sweep-start]
2014-07-10T12:35:00.149+0200: 45.646: [CMS-concurrent-sweep: 0.002/0.002 secs] [Times: user=0.00 sys=0.00, real=0.00 secs] 
2014-07-10T12:35:00.149+0200: 45.646: [CMS-concurrent-reset-start]
2014-07-10T12:35:00.151+0200: 45.648: [CMS-concurrent-reset: 0.002/0.002 secs] [Times: user=0.00 sys=0.00, real=0.00 secs] 
2014-07-10T12:35:00.288+0200: 45.785: [GC (Allocation Failure) 45.785: [ParNew: 137363K->17006K(153344K), 0.0411677 secs] 183344K->109409K(507264K), 0.0413081 secs] [Times: user=0.09 sys=0.00, real=0.04 secs] 
2014-07-10T12:35:00.445+0200: 45.942: [GC (Allocation Failure) 45.942: [ParNew: 153296K->2843K(153344K), 0.0052559 secs] 245700K->95283K(507264K), 0.0054866 secs] [Times: user=0.00 sys=0.00, real=0.01 secs] 
2014-07-10T12:35:00.547+0200: 46.044: [GC (Allocation Failure) 46.044: [ParNew: 139155K->7885K(153344K), 0.0059533 secs] 231595K->100325K(507264K), 0.0061234 secs] [Times: user=0.00 sys=0.00, real=0.01 secs] 
2014-07-10T12:35:00.696+0200: 46.193: [GC (Allocation Failure) 46.193: [ParNew: 144200K->12928K(153344K), 0.0087712 secs] 236639K->105368K(507264K), 0.0089625 secs] [Times: user=0.02 sys=0.00, real=0.01 secs] 
2014-07-10T12:35:00.845+0200: 46.342: [GC (Allocation Failure) 46.342: [ParNew: 149247K->4482K(153344K), 0.0047060 secs] 241687K->96978K(507264K), 0.0048970 secs] [Times: user=0.00 sys=0.00, real=0.00 secs] 
2014-07-10T12:35:00.946+0200: 46.443: [GC (Allocation Failure) 46.443: [ParNew: 140797K->9524K(153344K), 0.0073684 secs] 233293K->102020K(507264K), 0.0075312 secs] [Times: user=0.03 sys=0.00, real=0.01 secs] 
2014-07-10T12:35:01.102+0200: 46.599: [GC (Allocation Failure) 46.599: [ParNew: 145839K->14521K(153344K), 0.0100045 secs] 238335K->107061K(507264K), 0.0101933 secs] [Times: user=0.03 sys=0.00, real=0.01 secs] 
2014-07-10T12:35:01.248+0200: 46.745: [GC (Allocation Failure) 46.745: [ParNew: 150827K->7167K(153344K), 0.0101031 secs] 243368K->99724K(507264K), 0.0104393 secs] [Times: user=0.00 sys=0.00, real=0.01 secs] 
2014-07-10T12:35:01.347+0200: 46.844: [GC (Allocation Failure) 46.845: [ParNew: 143482K->12210K(153344K), 0.0089856 secs] 236039K->104766K(507264K), 0.0091671 secs] [Times: user=0.02 sys=0.00, real=0.01 secs] 
2014-07-10T12:35:01.481+0200: 46.978: [GC (Allocation Failure) 46.978: [ParNew: 148525K->17018K(153344K), 0.0120689 secs] 241082K->109807K(507264K), 0.0122358 secs] [Times: user=0.03 sys=0.00, real=0.01 secs] 
2014-07-10T12:35:01.662+0200: 47.159: [GC (Allocation Failure) 47.159: [ParNew: 153332K->17018K(153344K), 0.0233467 secs] 246122K->115042K(507264K), 0.0236386 secs] [Times: user=0.06 sys=0.00, real=0.02 secs] 
2014-07-10T12:35:01.754+0200: 47.251: [GC (Allocation Failure) 47.251: [ParNew: 153321K->14881K(153344K), 0.0105804 secs] 251345K->112921K(507264K), 0.0107359 secs] [Times: user=0.03 sys=0.00, real=0.01 secs] 
2014-07-10T12:35:01.882+0200: 47.379: [GC (Allocation Failure) 47.379: [ParNew: 151194K->17018K(153344K), 0.0138837 secs] 249234K->117964K(507264K), 0.0140425 secs] [Times: user=0.03 sys=0.00, real=0.01 secs] 
2014-07-10T12:35:02.063+0200: 47.560: [GC (Allocation Failure) 47.560: [ParNew: 153332K->17018K(153344K), 0.0224881 secs] 254278K->125888K(507264K), 0.0227326 secs] [Times: user=0.03 sys=0.00, real=0.02 secs] 
2014-07-10T12:35:02.157+0200: 47.654: [GC (Allocation Failure) 47.654: [ParNew: 153330K->17018K(153344K), 0.0198297 secs] 262200K->138838K(507264K), 0.0199837 secs] [Times: user=0.03 sys=0.00, real=0.02 secs] 
2014-07-10T12:35:02.292+0200: 47.790: [GC (Allocation Failure) 47.790: [ParNew: 153307K->17022K(153344K), 0.0175214 secs] 275127K->148559K(507264K), 0.0176890 secs] [Times: user=0.03 sys=0.01, real=0.02 secs] 
2014-07-10T12:35:02.459+0200: 47.956: [GC (Allocation Failure) 47.956: [ParNew: 153336K->17018K(153344K), 0.0206062 secs] 284873K->163302K(507264K), 0.0207646 secs] [Times: user=0.03 sys=0.00, real=0.02 secs] 
2014-07-10T12:35:02.561+0200: 48.058: [GC (Allocation Failure) 48.059: [ParNew: 153331K->17018K(153344K), 0.0235773 secs] 299615K->183072K(507264K), 0.0237353 secs] [Times: user=0.03 sys=0.00, real=0.02 secs] 
2014-07-10T12:35:02.702+0200: 48.199: [GC (Allocation Failure) 48.199: [ParNew: 153338K->17000K(153344K), 0.0184746 secs] 319392K->194436K(507264K), 0.0186524 secs] [Times: user=0.03 sys=0.00, real=0.02 secs] 
2014-07-10T12:35:02.869+0200: 48.366: [GC (Allocation Failure) 48.366: [ParNew: 153297K->16992K(153344K), 0.0191104 secs] 330733K->206686K(507264K), 0.0192948 secs] [Times: user=0.06 sys=0.00, real=0.02 secs] 
2014-07-10T12:35:02.961+0200: 48.458: [GC (Allocation Failure) 48.458: [ParNew: 153307K->17018K(153344K), 0.0224100 secs] 343001K->223957K(507264K), 0.0225812 secs] [Times: user=0.06 sys=0.00, real=0.02 secs] 
2014-07-10T12:35:03.098+0200: 48.596: [GC (Allocation Failure) 48.596: [ParNew: 153331K->17018K(153344K), 0.0253225 secs] 360270K->246224K(507264K), 0.0255072 secs] [Times: user=0.06 sys=0.00, real=0.03 secs] 
2014-07-10T12:35:03.261+0200: 48.759: [GC (Allocation Failure) 48.759: [ParNew: 153310K->17023K(153344K), 0.0232323 secs] 382516K->265262K(507264K), 0.0234010 secs] [Times: user=0.03 sys=0.00, real=0.02 secs] 
2014-07-10T12:35:03.365+0200: 48.862: [GC (Allocation Failure) 48.862: [ParNew: 153337K->17018K(153344K), 0.0265679 secs] 401577K->289322K(507264K), 0.0267428 secs] [Times: user=0.06 sys=0.00, real=0.03 secs] 
2014-07-10T12:35:03.392+0200: 48.890: [GC (CMS Initial Mark) [1 CMS-initial-mark: 272304K(353920K)] 289354K(507264K), 0.0002966 secs] [Times: user=0.00 sys=0.00, real=0.00 secs] 
2014-07-10T12:35:03.393+0200: 48.890: [CMS-concurrent-mark-start]
2014-07-10T12:35:03.398+0200: 48.895: [CMS-concurrent-mark: 0.005/0.005 secs] [Times: user=0.00 sys=0.00, real=0.01 secs] 
2014-07-10T12:35:03.398+0200: 48.895: [CMS-concurrent-preclean-start]
2014-07-10T12:35:03.399+0200: 48.896: [CMS-concurrent-preclean: 0.001/0.001 secs] [Times: user=0.00 sys=0.00, real=0.00 secs] 
2014-07-10T12:35:03.399+0200: 48.896: [CMS-concurrent-abortable-preclean-start]
2014-07-10T12:35:03.503+0200: 49.001: [GC (Allocation Failure) 49.001: [ParNew: 153332K->17018K(153344K), 0.0312519 secs] 425636K->318409K(507264K), 0.0314334 secs] [Times: user=0.06 sys=0.00, real=0.03 secs] 
2014-07-10T12:35:03.535+0200: 49.032: [CMS-concurrent-abortable-preclean: 0.003/0.136 secs] [Times: user=0.14 sys=0.00, real=0.14 secs] 
2014-07-10T12:35:03.535+0200: 49.033: [GC (CMS Final Remark) [YG occupancy: 17373 K (153344 K)]49.033: [Rescan (parallel) , 0.0006849 secs]49.033: [weak refs processing, 0.0000323 secs]49.033: [class unloading, 0.0004711 secs]49.034: [scrub symbol table, 0.0007131 secs]49.035: [scrub string table, 0.0001855 secs][1 CMS-remark: 301390K(353920K)] 318764K(507264K), 0.0022866 secs] [Times: user=0.00 sys=0.00, real=0.00 secs] 
2014-07-10T12:35:03.538+0200: 49.035: [CMS-concurrent-sweep-start]
2014-07-10T12:35:03.540+0200: 49.038: [CMS-concurrent-sweep: 0.003/0.003 secs] [Times: user=0.03 sys=0.00, real=0.00 secs] 
2014-07-10T12:35:03.541+0200: 49.038: [CMS-concurrent-reset-start]
2014-07-10T12:35:03.543+0200: 49.040: [CMS-concurrent-reset: 0.002/0.002 secs] [Times: user=0.00 sys=0.00, real=0.00 secs] 
2014-07-10T12:35:03.671+0200: 49.168: [GC (Allocation Failure) 49.168: [ParNew: 153333K->17018K(153344K), 0.0325054 secs] 207887K->105685K(507264K), 0.0326843 secs] [Times: user=0.06 sys=0.00, real=0.03 secs] 
2014-07-10T12:35:03.780+0200: 49.278: [GC (Allocation Failure) 49.278: [ParNew: 153321K->16996K(153344K), 0.0276421 secs] 241989K->132445K(507264K), 0.0277968 secs] [Times: user=0.06 sys=0.00, real=0.03 secs] 
2014-07-10T12:35:03.904+0200: 49.402: [GC (Allocation Failure) 49.402: [ParNew: 153311K->17018K(153344K), 0.0310074 secs] 268759K->164250K(507264K), 0.0311661 secs] [Times: user=0.06 sys=0.00, real=0.03 secs] 
2014-07-10T12:35:04.495+0200: 49.992: [GC (Allocation Failure) 49.992: [ParNew: 153331K->17018K(153344K), 0.0454004 secs] 300564K->201053K(507264K), 0.0455595 secs] [Times: user=0.05 sys=0.05, real=0.05 secs] 
2014-07-10T12:35:04.634+0200: 50.131: [GC (Allocation Failure) 50.131: [ParNew: 153332K->17018K(153344K), 0.0421202 secs] 337367K->242881K(507264K), 0.0422826 secs] [Times: user=0.05 sys=0.02, real=0.04 secs] 
2014-07-10T12:35:04.752+0200: 50.249: [GC (Allocation Failure) 50.250: [ParNew: 153321K->16996K(153344K), 0.0352170 secs] 379184K->277356K(507264K), 0.0353988 secs] [Times: user=0.06 sys=0.00, real=0.04 secs] 
2014-07-10T12:35:04.788+0200: 50.286: [GC (CMS Initial Mark) [1 CMS-initial-mark: 260360K(353920K)] 277423K(507264K), 0.0004506 secs] [Times: user=0.00 sys=0.02, real=0.00 secs] 
2014-07-10T12:35:04.789+0200: 50.286: [CMS-concurrent-mark-start]
2014-07-10T12:35:04.796+0200: 50.294: [CMS-concurrent-mark: 0.007/0.007 secs] [Times: user=0.00 sys=0.00, real=0.01 secs] 
2014-07-10T12:35:04.797+0200: 50.294: [CMS-concurrent-preclean-start]
2014-07-10T12:35:04.798+0200: 50.295: [CMS-concurrent-preclean: 0.001/0.001 secs] [Times: user=0.00 sys=0.00, real=0.00 secs] 
2014-07-10T12:35:04.798+0200: 50.295: [CMS-concurrent-abortable-preclean-start]
2014-07-10T12:35:04.873+0200: 50.370: [GC (Allocation Failure) 50.370: [ParNew2014-07-10T12:35:04.910+0200: 50.407: [CMS-concurrent-abortable-preclean: 0.001/0.112 secs] [Times: user=0.12 sys=0.00, real=0.11 secs] 
: 153310K->17018K(153344K), 0.0416754 secs] 413670K->316878K(507264K), 0.0418386 secs] [Times: user=0.06 sys=0.03, real=0.04 secs] 
2014-07-10T12:35:04.915+0200: 50.413: [GC (CMS Final Remark) [YG occupancy: 17050 K (153344 K)]50.413: [Rescan (parallel) , 0.0007219 secs]50.414: [weak refs processing, 0.0000271 secs]50.414: [class unloading, 0.0010390 secs]50.415: [scrub symbol table, 0.0007912 secs]50.416: [scrub string table, 0.0001690 secs][1 CMS-remark: 299859K(353920K)] 316910K(507264K), 0.0028956 secs] [Times: user=0.00 sys=0.00, real=0.00 secs] 
2014-07-10T12:35:04.918+0200: 50.416: [CMS-concurrent-sweep-start]
2014-07-10T12:35:04.926+0200: 50.423: [CMS-concurrent-sweep: 0.008/0.008 secs] [Times: user=0.00 sys=0.00, real=0.01 secs] 
2014-07-10T12:35:04.926+0200: 50.424: [CMS-concurrent-reset-start]
2014-07-10T12:35:04.928+0200: 50.426: [CMS-concurrent-reset: 0.002/0.002 secs] [Times: user=0.00 sys=0.00, real=0.00 secs] 
2014-07-10T12:35:04.995+0200: 50.492: [GC (Allocation Failure) 50.492: [ParNew: 153331K->17018K(153344K), 0.0421022 secs] 228744K->136949K(507264K), 0.0422620 secs] [Times: user=0.05 sys=0.02, real=0.04 secs] 
2014-07-10T12:35:05.116+0200: 50.612: [GC (Allocation Failure) 50.612: [ParNew: 153332K->975K(153344K), 0.0018610 secs] 273263K->120922K(507264K), 0.0020131 secs] [Times: user=0.03 sys=0.00, real=0.00 secs] 
2014-07-10T12:35:05.197+0200: 50.693: [GC (Allocation Failure) 50.693: [ParNew: 137295K->17016K(153344K), 0.0390185 secs] 257242K->178103K(507264K), 0.0391681 secs] [Times: user=0.06 sys=0.00, real=0.04 secs] 
2014-07-10T12:35:05.319+0200: 50.815: [GC (Allocation Failure) 50.815: [ParNew: 153330K->17018K(153344K), 0.0477332 secs] 314417K->224284K(507264K), 0.0478677 secs] [Times: user=0.11 sys=0.00, real=0.05 secs] 
2014-07-10T12:35:05.368+0200: 50.864: [GC (CMS Initial Mark) [1 CMS-initial-mark: 207266K(353920K)] 225536K(507264K), 0.0008451 secs] [Times: user=0.00 sys=0.00, real=0.00 secs] 
2014-07-10T12:35:05.369+0200: 50.865: [CMS-concurrent-mark-start]
2014-07-10T12:35:05.374+0200: 50.870: [CMS-concurrent-mark: 0.005/0.005 secs] [Times: user=0.00 sys=0.00, real=0.01 secs] 
2014-07-10T12:35:05.374+0200: 50.871: [CMS-concurrent-preclean-start]
2014-07-10T12:35:05.375+0200: 50.872: [CMS-concurrent-preclean: 0.001/0.001 secs] [Times: user=0.00 sys=0.00, real=0.00 secs] 
2014-07-10T12:35:05.375+0200: 50.872: [CMS-concurrent-abortable-preclean-start]
2014-07-10T12:35:05.445+0200: 50.941: [GC (Allocation Failure) 50.941: [ParNew: 153308K->2587K(153344K), 0.0027713 secs] 360574K->209869K(507264K), 0.0029202 secs] [Times: user=0.00 sys=0.00, real=0.00 secs] 
2014-07-10T12:35:05.530+0200: 51.026: [GC (Allocation Failure) 51.026: [ParNew2014-07-10T12:35:05.566+0200: 51.062: [CMS-concurrent-abortable-preclean: 0.002/0.190 secs] [Times: user=0.22 sys=0.00, real=0.19 secs] 
: 138901K->17006K(153344K), 0.0424281 secs] 346184K->272248K(507264K), 0.0425993 secs] [Times: user=0.08 sys=0.01, real=0.04 secs] 
2014-07-10T12:35:05.585+0200: 51.082: [GC (CMS Final Remark) [YG occupancy: 41660 K (153344 K)]51.082: [Rescan (parallel) , 0.0020274 secs]51.084: [weak refs processing, 0.0000330 secs]51.084: [class unloading, 0.0005107 secs]51.084: [scrub symbol table, 0.0006207 secs]51.085: [scrub string table, 0.0001800 secs][1 CMS-remark: 255241K(353920K)] 296901K(507264K), 0.0036171 secs] [Times: user=0.03 sys=0.00, real=0.00 secs] 
2014-07-10T12:35:05.589+0200: 51.085: [CMS-concurrent-sweep-start]
2014-07-10T12:35:05.591+0200: 51.088: [CMS-concurrent-sweep: 0.002/0.002 secs] [Times: user=0.00 sys=0.00, real=0.00 secs] 
2014-07-10T12:35:05.591+0200: 51.088: [CMS-concurrent-reset-start]
2014-07-10T12:35:05.593+0200: 51.090: [CMS-concurrent-reset: 0.002/0.002 secs] [Times: user=0.00 sys=0.00, real=0.00 secs] 
2014-07-10T12:35:05.651+0200: 51.147: [GC (Allocation Failure) 51.147: [ParNew: 153295K->4380K(153344K), 0.0037762 secs] 248858K->99979K(507264K), 0.0039493 secs] [Times: user=0.00 sys=0.00, real=0.00 secs] 
2014-07-10T12:35:05.731+0200: 51.227: [GC (Allocation Failure) 51.227: [ParNew: 140694K->9422K(153344K), 0.0068306 secs] 236294K->105022K(507264K), 0.0070121 secs] [Times: user=0.00 sys=0.00, real=0.01 secs] 
2014-07-10T12:35:05.812+0200: 51.309: [GC (Allocation Failure) 51.309: [ParNew: 145725K->2045K(153344K), 0.0024601 secs] 241325K->97684K(507264K), 0.0026210 secs] [Times: user=0.00 sys=0.00, real=0.00 secs] 
2014-07-10T12:35:05.891+0200: 51.387: [GC (Allocation Failure) 51.387: [ParNew: 138340K->2929K(153344K), 0.0027321 secs] 233980K->98569K(507264K), 0.0029044 secs] [Times: user=0.00 sys=0.00, real=0.00 secs] 
2014-07-10T12:35:05.989+0200: 51.486: [GC (Allocation Failure) 51.486: [ParNew: 139243K->7972K(153344K), 0.0059789 secs] 234883K->103611K(507264K), 0.0061714 secs] [Times: user=0.03 sys=0.00, real=0.01 secs] 
2014-07-10T12:35:06.087+0200: 51.583: [GC (Allocation Failure) 51.583: [ParNew: 144284K->13014K(153344K), 0.0087338 secs] 239924K->108654K(507264K), 0.0089020 secs] [Times: user=0.00 sys=0.00, real=0.01 secs] 
2014-07-10T12:35:06.246+0200: 51.742: [GC (Allocation Failure) 51.742: [ParNew: 149304K->9722K(153344K), 0.0076537 secs] 244944K->105439K(507264K), 0.0078176 secs] [Times: user=0.00 sys=0.00, real=0.01 secs] 
2014-07-10T12:35:06.349+0200: 51.845: [GC (Allocation Failure) 51.845: [ParNew: 146036K->14745K(153344K), 0.0106171 secs] 241753K->110482K(507264K), 0.0107869 secs] [Times: user=0.03 sys=0.00, real=0.01 secs] 
2014-07-10T12:35:06.483+0200: 51.979: [GC (Allocation Failure) 51.979: [ParNew: 151059K->17018K(153344K), 0.0135516 secs] 246796K->115524K(507264K), 0.0137305 secs] [Times: user=0.03 sys=0.00, real=0.01 secs] 
2014-07-10T12:35:06.664+0200: 52.160: [GC (Allocation Failure) 52.160: [ParNew: 153332K->17018K(153344K), 0.0283215 secs] 251839K->123320K(507264K), 0.0286555 secs] [Times: user=0.05 sys=0.00, real=0.03 secs] 
2014-07-10T12:35:06.760+0200: 52.257: [GC (Allocation Failure) 52.257: [ParNew: 153338K->16392K(153344K), 0.0114259 secs] 259640K->122710K(507264K), 0.0115920 secs] [Times: user=0.03 sys=0.00, real=0.01 secs] 
2014-07-10T12:35:06.884+0200: 52.381: [GC (Allocation Failure) 52.381: [ParNew: 152707K->17018K(153344K), 0.0146621 secs] 259026K->127751K(507264K), 0.0148630 secs] [Times: user=0.03 sys=0.00, real=0.01 secs] 
2014-07-10T12:35:07.054+0200: 52.551: [GC (Allocation Failure) 52.551: [ParNew: 153333K->17018K(153344K), 0.0177216 secs] 264066K->137180K(507264K), 0.0178880 secs] [Times: user=0.01 sys=0.00, real=0.02 secs] 
2014-07-10T12:35:07.157+0200: 52.653: [GC (Allocation Failure) 52.653: [ParNew: 153332K->17018K(153344K), 0.0210062 secs] 273494K->151635K(507264K), 0.0211631 secs] [Times: user=0.06 sys=0.00, real=0.02 secs] 
2014-07-10T12:35:07.310+0200: 52.807: [GC (Allocation Failure) 52.807: [ParNew: 153323K->16996K(153344K), 0.0171621 secs] 287940K->158736K(507264K), 0.0173429 secs] [Times: user=0.03 sys=0.00, real=0.02 secs] 
2014-07-10T12:35:07.468+0200: 52.965: [GC (Allocation Failure) 52.965: [ParNew: 153310K->17018K(153344K), 0.0221907 secs] 295050K->170885K(507264K), 0.0224188 secs] [Times: user=0.06 sys=0.00, real=0.02 secs] 
2014-07-10T12:35:07.562+0200: 53.059: [GC (Allocation Failure) 53.059: [ParNew: 153332K->17018K(153344K), 0.0225951 secs] 307199K->188029K(507264K), 0.0227550 secs] [Times: user=0.06 sys=0.00, real=0.02 secs] 
2014-07-10T12:35:07.693+0200: 53.190: [GC (Allocation Failure) 53.190: [ParNew: 153333K->17018K(153344K), 0.0258192 secs] 324344K->210200K(507264K), 0.0259769 secs] [Times: user=0.03 sys=0.00, real=0.03 secs] 
2014-07-10T12:35:07.870+0200: 53.366: [GC (Allocation Failure) 53.366: [ParNew: 153321K->16996K(153344K), 0.0309766 secs] 346503K->225017K(507264K), 0.0311892 secs] [Times: user=0.06 sys=0.00, real=0.03 secs] 
2014-07-10T12:35:07.968+0200: 53.464: [GC (Allocation Failure) 53.464: [ParNew: 153311K->17018K(153344K), 0.0243964 secs] 361333K->244881K(507264K), 0.0245559 secs] [Times: user=0.06 sys=0.00, real=0.02 secs] 
2014-07-10T12:35:08.110+0200: 53.607: [GC (Allocation Failure) 53.607: [ParNew: 153332K->17018K(153344K), 0.0273723 secs] 381196K->269742K(507264K), 0.0275435 secs] [Times: user=0.06 sys=0.00, real=0.03 secs] 
2014-07-10T12:35:08.275+0200: 53.771: [GC (Allocation Failure) 53.772: [ParNew: 153309K->17022K(153344K), 0.0314895 secs] 406032K->291372K(507264K), 0.0317025 secs] [Times: user=0.05 sys=0.00, real=0.03 secs] 
2014-07-10T12:35:08.307+0200: 53.803: [GC (CMS Initial Mark) [1 CMS-initial-mark: 274350K(353920K)] 291439K(507264K), 0.0003014 secs] [Times: user=0.00 sys=0.00, real=0.00 secs] 
2014-07-10T12:35:08.307+0200: 53.804: [CMS-concurrent-mark-start]
2014-07-10T12:35:08.313+0200: 53.809: [CMS-concurrent-mark: 0.005/0.005 secs] [Times: user=0.00 sys=0.00, real=0.01 secs] 
2014-07-10T12:35:08.313+0200: 53.809: [CMS-concurrent-preclean-start]
2014-07-10T12:35:08.314+0200: 53.810: [CMS-concurrent-preclean: 0.001/0.001 secs] [Times: user=0.00 sys=0.00, real=0.00 secs] 
2014-07-10T12:35:08.314+0200: 53.810: [CMS-concurrent-abortable-preclean-start]
2014-07-10T12:35:08.376+0200: 53.872: [GC (Allocation Failure) 53.873: [ParNew: 153336K->17018K(153344K), 0.0311621 secs] 427686K->318025K(507264K), 0.0313007 secs] [Times: user=0.06 sys=0.00, real=0.03 secs] 
2014-07-10T12:35:08.497+0200: 53.994: [GC (Allocation Failure) 53.994: [ParNew2014-07-10T12:35:08.519+0200: 54.019: [CMS-concurrent-abortable-preclean: 0.010/0.205 secs] [Times: user=0.25 sys=0.02, real=0.21 secs] 
: 153330K->17018K(153344K), 0.0349699 secs] 454338K->349705K(507264K), 0.0351268 secs] [Times: user=0.06 sys=0.00, real=0.04 secs] 
2014-07-10T12:35:08.533+0200: 54.029: [GC (CMS Final Remark) [YG occupancy: 17501 K (153344 K)]54.029: [Rescan (parallel) , 0.0006849 secs]54.030: [weak refs processing, 0.0000268 secs]54.030: [class unloading, 0.0005169 secs]54.031: [scrub symbol table, 0.0009265 secs]54.031: [scrub string table, 0.0002101 secs][1 CMS-remark: 332687K(353920K)] 350188K(507264K), 0.0025169 secs] [Times: user=0.01 sys=0.00, real=0.00 secs] 
2014-07-10T12:35:08.540+0200: 54.037: [CMS-concurrent-sweep-start]
2014-07-10T12:35:08.545+0200: 54.041: [CMS-concurrent-sweep: 0.005/0.005 secs] [Times: user=0.00 sys=0.00, real=0.01 secs] 
2014-07-10T12:35:08.545+0200: 54.042: [CMS-concurrent-reset-start]
2014-07-10T12:35:08.547+0200: 54.044: [CMS-concurrent-reset: 0.002/0.002 secs] [Times: user=0.00 sys=0.00, real=0.00 secs] 
2014-07-10T12:35:08.682+0200: 54.179: [GC (Allocation Failure) 54.179: [ParNew: 153332K->17018K(153344K), 0.0348617 secs] 234781K->135173K(507264K), 0.0350230 secs] [Times: user=0.06 sys=0.00, real=0.04 secs] 
2014-07-10T12:35:08.784+0200: 54.281: [GC (Allocation Failure) 54.281: [ParNew: 153319K->17004K(153344K), 0.0269565 secs] 271474K->159315K(507264K), 0.0271112 secs] [Times: user=0.03 sys=0.00, real=0.03 secs] 
2014-07-10T12:35:08.896+0200: 54.392: [GC (Allocation Failure) 54.393: [ParNew: 153317K->17018K(153344K), 0.0299632 secs] 295629K->188496K(507264K), 0.0301190 secs] [Times: user=0.06 sys=0.00, real=0.03 secs] 
2014-07-10T12:35:09.077+0200: 54.574: [GC (Allocation Failure) 54.574: [ParNew: 153333K->17018K(153344K), 0.0345651 secs] 324811K->222673K(507264K), 0.0347370 secs] [Times: user=0.09 sys=0.00, real=0.04 secs] 
2014-07-10T12:35:09.177+0200: 54.674: [GC (Allocation Failure) 54.674: [ParNew: 153307K->17022K(153344K), 0.0343162 secs] 358961K->253620K(507264K), 0.0344657 secs] [Times: user=0.05 sys=0.00, real=0.03 secs] 
2014-07-10T12:35:09.212+0200: 54.708: [GC (CMS Initial Mark) [1 CMS-initial-mark: 236598K(353920K)] 253652K(507264K), 0.0004257 secs] [Times: user=0.00 sys=0.00, real=0.00 secs] 
2014-07-10T12:35:09.212+0200: 54.709: [CMS-concurrent-mark-start]
2014-07-10T12:35:09.216+0200: 54.712: [CMS-concurrent-mark: 0.003/0.003 secs] [Times: user=0.00 sys=0.00, real=0.00 secs] 
2014-07-10T12:35:09.216+0200: 54.712: [CMS-concurrent-preclean-start]
2014-07-10T12:35:09.217+0200: 54.713: [CMS-concurrent-preclean: 0.001/0.001 secs] [Times: user=0.00 sys=0.00, real=0.00 secs] 
2014-07-10T12:35:09.217+0200: 54.713: [GC (CMS Final Remark) [YG occupancy: 17054 K (153344 K)]54.713: [Rescan (parallel) , 0.0079935 secs]54.721: [weak refs processing, 0.0000334 secs]54.721: [class unloading, 0.0004458 secs]54.722: [scrub symbol table, 0.0005910 secs]54.722: [scrub string table, 0.0001760 secs][1 CMS-remark: 236598K(353920K)] 253652K(507264K), 0.0094490 secs] [Times: user=0.02 sys=0.00, real=0.01 secs] 
2014-07-10T12:35:09.226+0200: 54.723: [CMS-concurrent-sweep-start]
2014-07-10T12:35:09.228+0200: 54.725: [CMS-concurrent-sweep: 0.002/0.002 secs] [Times: user=0.00 sys=0.00, real=0.00 secs] 
2014-07-10T12:35:09.228+0200: 54.725: [CMS-concurrent-reset-start]
2014-07-10T12:35:09.230+0200: 54.727: [CMS-concurrent-reset: 0.002/0.002 secs] [Times: user=0.00 sys=0.00, real=0.00 secs] 
2014-07-10T12:35:09.300+0200: 54.797: [GC (Allocation Failure) 54.797: [ParNew: 153337K->17018K(153344K), 0.0349717 secs] 185786K->85441K(507264K), 0.0351048 secs] [Times: user=0.06 sys=0.00, real=0.04 secs] 
2014-07-10T12:35:09.477+0200: 54.973: [GC (Allocation Failure) 54.973: [ParNew: 153331K->17018K(153344K), 0.0366552 secs] 221755K->126437K(507264K), 0.0368180 secs] [Times: user=0.06 sys=0.00, real=0.04 secs] 
2014-07-10T12:35:09.590+0200: 55.086: [GC (Allocation Failure) 55.086: [ParNew: 153331K->17018K(153344K), 0.0402841 secs] 262751K->172460K(507264K), 0.0404480 secs] [Times: user=0.08 sys=0.00, real=0.04 secs] 
2014-07-10T12:35:09.707+0200: 55.204: [GC (Allocation Failure) 55.204: [ParNew: 153336K->2471K(153344K), 0.0027746 secs] 308778K->157929K(507264K), 0.0029271 secs] [Times: user=0.00 sys=0.00, real=0.00 secs] 
2014-07-10T12:35:09.887+0200: 55.383: [GC (Allocation Failure) 55.383: [ParNew: 138768K->17012K(153344K), 0.0392271 secs] 294226K->216171K(507264K), 0.0393697 secs] [Times: user=0.09 sys=0.00, real=0.04 secs] 
2014-07-10T12:35:10.044+0200: 55.541: [GC (Allocation Failure) 55.541: [ParNew: 153302K->124K(153344K), 0.0034642 secs] 352461K->199323K(507264K), 0.0037150 secs] [Times: user=0.03 sys=0.00, real=0.00 secs] 
2014-07-10T12:35:10.144+0200: 55.641: [GC (Allocation Failure) 55.641: [ParNew: 136438K->5164K(153344K), 0.0046330 secs] 335637K->204364K(507264K), 0.0047782 secs] [Times: user=0.00 sys=0.00, real=0.00 secs] 
2014-07-10T12:35:10.287+0200: 55.783: [GC (Allocation Failure) 55.783: [ParNew: 141461K->16996K(153344K), 0.0406899 secs] 340661K->262586K(507264K), 0.0409788 secs] [Times: user=0.06 sys=0.01, real=0.04 secs] 
2014-07-10T12:35:10.328+0200: 55.825: [GC (CMS Initial Mark) [1 CMS-initial-mark: 245590K(353920K)] 262618K(507264K), 0.0003674 secs] [Times: user=0.00 sys=0.00, real=0.00 secs] 
2014-07-10T12:35:10.329+0200: 55.825: [CMS-concurrent-mark-start]
2014-07-10T12:35:10.335+0200: 55.832: [CMS-concurrent-mark: 0.006/0.006 secs] [Times: user=0.00 sys=0.00, real=0.01 secs] 
2014-07-10T12:35:10.335+0200: 55.832: [CMS-concurrent-preclean-start]
2014-07-10T12:35:10.336+0200: 55.833: [CMS-concurrent-preclean: 0.001/0.001 secs] [Times: user=0.00 sys=0.00, real=0.00 secs] 
2014-07-10T12:35:10.336+0200: 55.833: [CMS-concurrent-abortable-preclean-start]
2014-07-10T12:35:10.443+0200: 55.940: [GC (Allocation Failure) 55.940: [ParNew: 153287K->2779K(153344K), 0.0058308 secs] 398878K->248426K(507264K), 0.0061226 secs] [Times: user=0.00 sys=0.00, real=0.01 secs] 
2014-07-10T12:35:10.450+0200: 55.946: [CMS-concurrent-abortable-preclean: 0.003/0.114 secs] [Times: user=0.06 sys=0.00, real=0.11 secs] 
2014-07-10T12:35:10.450+0200: 55.947: [GC (CMS Final Remark) [YG occupancy: 3006 K (153344 K)]55.947: [Rescan (parallel) , 0.0018478 secs]55.949: [weak refs processing, 0.0000616 secs]55.949: [class unloading, 0.0011725 secs]55.950: [scrub symbol table, 0.0013276 secs]55.951: [scrub string table, 0.0004469 secs][1 CMS-remark: 245647K(353920K)] 248653K(507264K), 0.0052215 secs] [Times: user=0.01 sys=0.00, real=0.00 secs] 
2014-07-10T12:35:10.456+0200: 55.952: [CMS-concurrent-sweep-start]
2014-07-10T12:35:10.461+0200: 55.958: [CMS-concurrent-sweep: 0.005/0.005 secs] [Times: user=0.00 sys=0.00, real=0.00 secs] 
2014-07-10T12:35:10.461+0200: 55.958: [CMS-concurrent-reset-start]
2014-07-10T12:35:10.465+0200: 55.962: [CMS-concurrent-reset: 0.004/0.004 secs] [Times: user=0.00 sys=0.00, real=0.00 secs] 
2014-07-10T12:35:10.545+0200: 56.042: [GC (Allocation Failure) 56.042: [ParNew: 139093K->7821K(153344K), 0.0063577 secs] 187043K->55771K(507264K), 0.0065201 secs] [Times: user=0.00 sys=0.00, real=0.01 secs] 
2014-07-10T12:35:10.699+0200: 56.195: [GC (Allocation Failure) 56.195: [ParNew: 144134K->12864K(153344K), 0.0096012 secs] 192083K->60813K(507264K), 0.0097746 secs] [Times: user=0.03 sys=0.00, real=0.01 secs] 
2014-07-10T12:35:10.845+0200: 56.342: [GC (Allocation Failure) 56.342: [ParNew: 149154K->4386K(153344K), 0.0076559 secs] 197104K->52392K(507264K), 0.0079341 secs] [Times: user=0.00 sys=0.00, real=0.01 secs] 
2014-07-10T12:35:10.946+0200: 56.443: [GC (Allocation Failure) 56.443: [ParNew: 140701K->9428K(153344K), 0.0074047 secs] 188707K->57434K(507264K), 0.0075705 secs] [Times: user=0.03 sys=0.00, real=0.01 secs] 
2014-07-10T12:35:11.097+0200: 56.594: [GC (Allocation Failure) 56.594: [ParNew: 145743K->14425K(153344K), 0.0109977 secs] 193749K->62475K(507264K), 0.0111740 secs] [Times: user=0.03 sys=0.00, real=0.01 secs] 
2014-07-10T12:35:11.252+0200: 56.749: [GC (Allocation Failure) 56.749: [ParNew: 150714K->11195K(153344K), 0.0092852 secs] 198764K->59262K(507264K), 0.0094996 secs] [Times: user=0.00 sys=0.00, real=0.01 secs] 
2014-07-10T12:35:11.350+0200: 56.847: [GC (Allocation Failure) 56.847: [ParNew: 147508K->16217K(153344K), 0.0116514 secs] 195575K->64304K(507264K), 0.0118050 secs] [Times: user=0.03 sys=0.00, real=0.01 secs] 
2014-07-10T12:35:11.507+0200: 57.004: [GC (Allocation Failure) 57.004: [ParNew: 152532K->17018K(153344K), 0.0147882 secs] 200619K->69347K(507264K), 0.0149613 secs] [Times: user=0.03 sys=0.00, real=0.02 secs] 
2014-07-10T12:35:11.664+0200: 57.161: [GC (Allocation Failure) 57.161: [ParNew: 153331K->17018K(153344K), 0.0222241 secs] 205660K->78616K(507264K), 0.0224569 secs] [Times: user=0.05 sys=0.00, real=0.02 secs] 
2014-07-10T12:35:11.754+0200: 57.251: [GC (Allocation Failure) 57.251: [ParNew: 153334K->14791K(153344K), 0.0100290 secs] 214931K->76405K(507264K), 0.0101827 secs] [Times: user=0.03 sys=0.00, real=0.01 secs] 
2014-07-10T12:35:11.883+0200: 57.379: [GC (Allocation Failure) 57.380: [ParNew: 151106K->17018K(153344K), 0.0136458 secs] 212720K->81445K(507264K), 0.0138914 secs] [Times: user=0.03 sys=0.00, real=0.01 secs] 
2014-07-10T12:35:12.065+0200: 57.562: [GC (Allocation Failure) 57.562: [ParNew: 153334K->17018K(153344K), 0.0216580 secs] 217761K->89273K(507264K), 0.0217897 secs] [Times: user=0.02 sys=0.00, real=0.02 secs] 
2014-07-10T12:35:12.157+0200: 57.654: [GC (Allocation Failure) 57.654: [ParNew: 153331K->17018K(153344K), 0.0202792 secs] 225586K->102128K(507264K), 0.0205516 secs] [Times: user=0.03 sys=0.00, real=0.02 secs] 
2014-07-10T12:35:12.304+0200: 57.800: [GC (Allocation Failure) 57.800: [ParNew: 153307K->17022K(153344K), 0.0177703 secs] 238417K->111753K(507264K), 0.0179588 secs] [Times: user=0.03 sys=0.00, real=0.02 secs] 
2014-07-10T12:35:12.464+0200: 57.961: [GC (Allocation Failure) 57.961: [ParNew: 153335K->17018K(153344K), 0.0222439 secs] 248065K->126400K(507264K), 0.0224082 secs] [Times: user=0.06 sys=0.00, real=0.02 secs] 
2014-07-10T12:35:12.560+0200: 58.057: [GC (Allocation Failure) 58.057: [ParNew: 153332K->17018K(153344K), 0.0246292 secs] 262714K->146074K(507264K), 0.0248052 secs] [Times: user=0.02 sys=0.00, real=0.03 secs] 
2014-07-10T12:35:12.718+0200: 58.215: [GC (Allocation Failure) 58.215: [ParNew: 153332K->17018K(153344K), 0.0274991 secs] 282388K->170774K(507264K), 0.0276568 secs] [Times: user=0.05 sys=0.00, real=0.03 secs] 
2014-07-10T12:35:12.873+0200: 58.369: [GC (Allocation Failure) 58.369: [ParNew: 153336K->17000K(153344K), 0.0222472 secs] 307092K->187068K(507264K), 0.0224895 secs] [Times: user=0.03 sys=0.00, real=0.02 secs] 
2014-07-10T12:35:12.962+0200: 58.459: [GC (Allocation Failure) 58.459: [ParNew: 153315K->17018K(153344K), 0.0249716 secs] 323383K->208405K(507264K), 0.0251329 secs] [Times: user=0.06 sys=0.00, real=0.03 secs] 
2014-07-10T12:35:13.094+0200: 58.591: [GC (Allocation Failure) 58.591: [ParNew: 153332K->17018K(153344K), 0.0284296 secs] 344719K->234738K(507264K), 0.0286016 secs] [Times: user=0.06 sys=0.00, real=0.03 secs] 
2014-07-10T12:35:13.269+0200: 58.765: [GC (Allocation Failure) 58.766: [ParNew: 153324K->16996K(153344K), 0.0264102 secs] 371044K->253717K(507264K), 0.0265844 secs] [Times: user=0.05 sys=0.00, real=0.03 secs] 
2014-07-10T12:35:13.362+0200: 58.859: [GC (Allocation Failure) 58.859: [ParNew: 153311K->17018K(153344K), 0.0267552 secs] 390032K->277743K(507264K), 0.0269276 secs] [Times: user=0.06 sys=0.00, real=0.03 secs] 
2014-07-10T12:35:13.512+0200: 59.009: [GC (Allocation Failure) 59.009: [ParNew: 153333K->17018K(153344K), 0.0309520 secs] 414058K->306765K(507264K), 0.0310906 secs] [Times: user=0.05 sys=0.00, real=0.03 secs] 
2014-07-10T12:35:13.544+0200: 59.041: [GC (CMS Initial Mark) [1 CMS-initial-mark: 289747K(353920K)] 306797K(507264K), 0.0002856 secs] [Times: user=0.00 sys=0.00, real=0.00 secs] 
2014-07-10T12:35:13.544+0200: 59.041: [CMS-concurrent-mark-start]
2014-07-10T12:35:13.549+0200: 59.046: [CMS-concurrent-mark: 0.005/0.005 secs] [Times: user=0.00 sys=0.00, real=0.01 secs] 
2014-07-10T12:35:13.549+0200: 59.046: [CMS-concurrent-preclean-start]
2014-07-10T12:35:13.551+0200: 59.047: [CMS-concurrent-preclean: 0.001/0.001 secs] [Times: user=0.00 sys=0.00, real=0.00 secs] 
2014-07-10T12:35:13.551+0200: 59.047: [CMS-concurrent-abortable-preclean-start]
2014-07-10T12:35:13.667+0200: 59.163: [GC (Allocation Failure) 59.164: [ParNew: 153332K->17018K(153344K), 0.0329582 secs] 443080K->340814K(507264K), 0.0331202 secs] [Times: user=0.06 sys=0.00, real=0.03 secs] 
2014-07-10T12:35:13.700+0200: 59.197: [CMS-concurrent-abortable-preclean: 0.003/0.149 secs] [Times: user=0.13 sys=0.00, real=0.15 secs] 
2014-07-10T12:35:13.700+0200: 59.197: [GC (CMS Final Remark) [YG occupancy: 17245 K (153344 K)]59.197: [Rescan (parallel) , 0.0008271 secs]59.198: [weak refs processing, 0.0000286 secs]59.198: [class unloading, 0.0004411 secs]59.198: [scrub symbol table, 0.0005481 secs]59.199: [scrub string table, 0.0001573 secs][1 CMS-remark: 323796K(353920K)] 341041K(507264K), 0.0021297 secs] [Times: user=0.00 sys=0.00, real=0.00 secs] 
2014-07-10T12:35:13.702+0200: 59.199: [CMS-concurrent-sweep-start]
2014-07-10T12:35:13.705+0200: 59.202: [CMS-concurrent-sweep: 0.003/0.003 secs] [Times: user=0.00 sys=0.00, real=0.00 secs] 
2014-07-10T12:35:13.705+0200: 59.202: [CMS-concurrent-reset-start]
2014-07-10T12:35:13.707+0200: 59.204: [CMS-concurrent-reset: 0.002/0.002 secs] [Times: user=0.00 sys=0.00, real=0.00 secs] 
2014-07-10T12:35:13.769+0200: 59.266: [GC (Allocation Failure) 59.266: [ParNew: 153320K->16996K(153344K), 0.0282338 secs] 217971K->108364K(507264K), 0.0284058 secs] [Times: user=0.06 sys=0.00, real=0.03 secs] 
2014-07-10T12:35:13.897+0200: 59.393: [GC (Allocation Failure) 59.393: [ParNew: 153311K->17018K(153344K), 0.0313751 secs] 244679K->140105K(507264K), 0.0315225 secs] [Times: user=0.06 sys=0.00, real=0.03 secs] 
2014-07-10T12:35:14.082+0200: 59.579: [GC (Allocation Failure) 59.579: [ParNew: 153333K->17018K(153344K), 0.0351821 secs] 276420K->176843K(507264K), 0.0353445 secs] [Times: user=0.06 sys=0.00, real=0.04 secs] 
2014-07-10T12:35:14.183+0200: 59.679: [GC (Allocation Failure) 59.680: [ParNew: 153309K->17022K(153344K), 0.0325765 secs] 313135K->210352K(507264K), 0.0327771 secs] [Times: user=0.06 sys=0.00, real=0.03 secs] 
2014-07-10T12:35:14.301+0200: 59.798: [GC (Allocation Failure) 59.798: [ParNew: 153336K->17018K(153344K), 0.0362956 secs] 346666K->248883K(507264K), 0.0364540 secs] [Times: user=0.09 sys=0.00, real=0.04 secs] 
2014-07-10T12:35:14.338+0200: 59.835: [GC (CMS Initial Mark) [1 CMS-initial-mark: 231865K(353920K)] 248950K(507264K), 0.0003278 secs] [Times: user=0.00 sys=0.00, real=0.00 secs] 
2014-07-10T12:35:14.338+0200: 59.835: [CMS-concurrent-mark-start]
2014-07-10T12:35:14.343+0200: 59.840: [CMS-concurrent-mark: 0.005/0.005 secs] [Times: user=0.00 sys=0.00, real=0.00 secs] 
2014-07-10T12:35:14.343+0200: 59.840: [CMS-concurrent-preclean-start]
2014-07-10T12:35:14.344+0200: 59.841: [CMS-concurrent-preclean: 0.001/0.001 secs] [Times: user=0.00 sys=0.00, real=0.00 secs] 
2014-07-10T12:35:14.344+0200: 59.841: [CMS-concurrent-abortable-preclean-start]
2014-07-10T12:35:14.482+0200: 59.979: [GC (Allocation Failure) 59.979: [ParNew: 153330K->17018K(153344K), 0.0397290 secs] 385195K->292440K(507264K), 0.0399039 secs] [Times: user=0.06 sys=0.00, real=0.04 secs] 
2014-07-10T12:35:14.522+0200: 60.019: [CMS-concurrent-abortable-preclean: 0.005/0.178 secs] [Times: user=0.13 sys=0.00, real=0.18 secs] 
2014-07-10T12:35:14.522+0200: 60.019: [GC (CMS Final Remark) [YG occupancy: 17050 K (153344 K)]60.019: [Rescan (parallel) , 0.0007439 secs]60.020: [weak refs processing, 0.0000290 secs]60.020: [class unloading, 0.0004773 secs]60.020: [scrub symbol table, 0.0005371 secs]60.021: [scrub string table, 0.0001573 secs][1 CMS-remark: 275422K(353920K)] 292472K(507264K), 0.0020887 secs] [Times: user=0.02 sys=0.00, real=0.00 secs] 
2014-07-10T12:35:14.524+0200: 60.021: [CMS-concurrent-sweep-start]
2014-07-10T12:35:14.527+0200: 60.024: [CMS-concurrent-sweep: 0.002/0.002 secs] [Times: user=0.00 sys=0.00, real=0.00 secs] 
2014-07-10T12:35:14.527+0200: 60.024: [CMS-concurrent-reset-start]
2014-07-10T12:35:14.529+0200: 60.026: [CMS-concurrent-reset: 0.002/0.002 secs] [Times: user=0.00 sys=0.00, real=0.00 secs] 
2014-07-10T12:35:14.643+0200: 60.140: [GC (Allocation Failure) 60.140: [ParNew: 153332K->20K(153344K), 0.0031533 secs] 237012K->83716K(507264K), 0.0033517 secs] [Times: user=0.00 sys=0.00, real=0.00 secs] 
2014-07-10T12:35:14.729+0200: 60.226: [GC (Allocation Failure) 60.226: [ParNew: 136339K->904K(153344K), 0.0019721 secs] 220035K->84600K(507264K), 0.0020905 secs] [Times: user=0.00 sys=0.00, real=0.00 secs] 
2014-07-10T12:35:14.889+0200: 60.386: [GC (Allocation Failure) 60.386: [ParNew: 137198K->17004K(153344K), 0.0386537 secs] 220894K->141776K(507264K), 0.0388352 secs] [Times: user=0.06 sys=0.00, real=0.04 secs] 
2014-07-10T12:35:14.994+0200: 60.490: [GC (Allocation Failure) 60.490: [ParNew: 153318K->17018K(153344K), 0.0404619 secs] 278090K->187893K(507264K), 0.0406225 secs] [Times: user=0.06 sys=0.00, real=0.04 secs] 
2014-07-10T12:35:15.143+0200: 60.639: [GC (Allocation Failure) 60.639: [ParNew: 153307K->2491K(153344K), 0.0024403 secs] 324183K->173382K(507264K), 0.0025726 secs] [Times: user=0.00 sys=0.00, real=0.00 secs] 
2014-07-10T12:35:15.288+0200: 60.784: [GC (Allocation Failure) 60.784: [ParNew: 138805K->17006K(153344K), 0.0417224 secs] 309697K->235761K(507264K), 0.0418782 secs] [Times: user=0.09 sys=0.00, real=0.04 secs] 
2014-07-10T12:35:15.330+0200: 60.826: [GC (CMS Initial Mark) [1 CMS-initial-mark: 218754K(353920K)] 235828K(507264K), 0.0003850 secs] [Times: user=0.00 sys=0.00, real=0.00 secs] 
2014-07-10T12:35:15.330+0200: 60.826: [CMS-concurrent-mark-start]
2014-07-10T12:35:15.335+0200: 60.831: [CMS-concurrent-mark: 0.005/0.005 secs] [Times: user=0.00 sys=0.00, real=0.01 secs] 
2014-07-10T12:35:15.335+0200: 60.831: [CMS-concurrent-preclean-start]
2014-07-10T12:35:15.336+0200: 60.832: [CMS-concurrent-preclean: 0.001/0.001 secs] [Times: user=0.03 sys=0.00, real=0.00 secs] 
2014-07-10T12:35:15.336+0200: 60.832: [CMS-concurrent-abortable-preclean-start]
2014-07-10T12:35:15.444+0200: 60.940: [GC (Allocation Failure) 60.940: [ParNew: 153295K->4284K(153344K), 0.0038679 secs] 372049K->223075K(507264K), 0.0040061 secs] [Times: user=0.03 sys=0.00, real=0.00 secs] 
2014-07-10T12:35:15.448+0200: 60.944: [CMS-concurrent-abortable-preclean: 0.002/0.111 secs] [Times: user=0.08 sys=0.00, real=0.11 secs] 
2014-07-10T12:35:15.448+0200: 60.944: [GC (CMS Final Remark) [YG occupancy: 4543 K (153344 K)]60.944: [Rescan (parallel) , 0.0005925 secs]60.945: [weak refs processing, 0.0000286 secs]60.945: [class unloading, 0.0004444 secs]60.945: [scrub symbol table, 0.0005554 secs]60.946: [scrub string table, 0.0001620 secs][1 CMS-remark: 218791K(353920K)] 223334K(507264K), 0.0018962 secs] [Times: user=0.00 sys=0.00, real=0.00 secs] 
2014-07-10T12:35:15.450+0200: 60.946: [CMS-concurrent-sweep-start]
2014-07-10T12:35:15.452+0200: 60.948: [CMS-concurrent-sweep: 0.002/0.002 secs] [Times: user=0.00 sys=0.00, real=0.00 secs] 
2014-07-10T12:35:15.452+0200: 60.948: [CMS-concurrent-reset-start]
2014-07-10T12:35:15.454+0200: 60.950: [CMS-concurrent-reset: 0.002/0.002 secs] [Times: user=0.00 sys=0.00, real=0.00 secs] 
2014-07-10T12:35:15.546+0200: 61.042: [GC (Allocation Failure) 61.042: [ParNew: 140598K->9326K(153344K), 0.0073175 secs] 190093K->58822K(507264K), 0.0074740 secs] [Times: user=0.00 sys=0.00, real=0.01 secs] 
2014-07-10T12:35:15.680+0200: 61.176: [GC (Allocation Failure) 61.176: [ParNew: 145629K->1949K(153344K), 0.0024597 secs] 195124K->51484K(507264K), 0.0025928 secs] [Times: user=0.00 sys=0.00, real=0.00 secs] 
2014-07-10T12:35:15.845+0200: 61.341: [GC (Allocation Failure) 61.341: [ParNew: 138264K->6991K(153344K), 0.0059745 secs] 187800K->56527K(507264K), 0.0061289 secs] [Times: user=0.03 sys=0.00, real=0.01 secs] 
2014-07-10T12:35:15.948+0200: 61.444: [GC (Allocation Failure) 61.444: [ParNew: 143306K->12033K(153344K), 0.0087547 secs] 192842K->61569K(507264K), 0.0089112 secs] [Times: user=0.00 sys=0.00, real=0.01 secs] 
2014-07-10T12:35:16.090+0200: 61.586: [GC (Allocation Failure) 61.586: [ParNew: 148346K->17018K(153344K), 0.0119285 secs] 197882K->66610K(507264K), 0.0120840 secs] [Times: user=0.03 sys=0.00, real=0.01 secs] 
2014-07-10T12:35:16.250+0200: 61.746: [GC (Allocation Failure) 61.746: [ParNew: 153322K->9664K(153344K), 0.0127366 secs] 202914K->59273K(507264K), 0.0130398 secs] [Times: user=0.03 sys=0.00, real=0.01 secs] 
2014-07-10T12:35:16.349+0200: 61.845: [GC (Allocation Failure) 61.845: [ParNew: 145978K->14681K(153344K), 0.0106512 secs] 195587K->64314K(507264K), 0.0108188 secs] [Times: user=0.03 sys=0.00, real=0.01 secs] 
2014-07-10T12:35:16.499+0200: 61.995: [GC (Allocation Failure) 61.995: [ParNew: 150994K->17018K(153344K), 0.0142012 secs] 200627K->69356K(507264K), 0.0143802 secs] [Times: user=0.03 sys=0.00, real=0.01 secs] 
2014-07-10T12:35:16.660+0200: 62.156: [GC (Allocation Failure) 62.156: [ParNew: 153333K->17018K(153344K), 0.0176978 secs] 205671K->77088K(507264K), 0.0179045 secs] [Times: user=0.03 sys=0.02, real=0.02 secs] 
2014-07-10T12:35:16.750+0200: 62.246: [GC (Allocation Failure) 62.246: [ParNew: 153338K->16328K(153344K), 0.0113947 secs] 213408K->76414K(507264K), 0.0115546 secs] [Times: user=0.03 sys=0.00, real=0.01 secs] 
2014-07-10T12:35:16.897+0200: 62.393: [GC (Allocation Failure) 62.393: [ParNew: 152643K->17018K(153344K), 0.0150170 secs] 212729K->81455K(507264K), 0.0151750 secs] [Times: user=0.03 sys=0.00, real=0.01 secs] 
2014-07-10T12:35:17.064+0200: 62.560: [GC (Allocation Failure) 62.561: [ParNew: 153333K->17018K(153344K), 0.0220599 secs] 217769K->90819K(507264K), 0.0223246 secs] [Times: user=0.06 sys=0.00, real=0.02 secs] 
2014-07-10T12:35:17.157+0200: 62.653: [GC (Allocation Failure) 62.654: [ParNew: 153332K->17018K(153344K), 0.0208595 secs] 227133K->105211K(507264K), 0.0210744 secs] [Times: user=0.06 sys=0.00, real=0.02 secs] 
2014-07-10T12:35:17.297+0200: 62.793: [GC (Allocation Failure) 62.793: [ParNew: 153306K->17022K(153344K), 0.0199345 secs] 241499K->116372K(507264K), 0.0201123 secs] [Times: user=0.05 sys=0.00, real=0.02 secs] 
2014-07-10T12:35:17.468+0200: 62.965: [GC (Allocation Failure) 62.965: [ParNew: 153336K->17018K(153344K), 0.0285554 secs] 252686K->132556K(507264K), 0.0287321 secs] [Times: user=0.03 sys=0.00, real=0.03 secs] 
2014-07-10T12:35:17.564+0200: 63.060: [GC (Allocation Failure) 63.060: [ParNew: 153332K->17018K(153344K), 0.0250427 secs] 268871K->153767K(507264K), 0.0252026 secs] [Times: user=0.06 sys=0.00, real=0.03 secs] 
2014-07-10T12:35:17.710+0200: 63.206: [GC (Allocation Failure) 63.206: [ParNew: 153324K->16996K(153344K), 0.0204284 secs] 290072K->167624K(507264K), 0.0205871 secs] [Times: user=0.03 sys=0.00, real=0.02 secs] 
2014-07-10T12:35:17.870+0200: 63.366: [GC (Allocation Failure) 63.366: [ParNew: 153294K->16992K(153344K), 0.0272626 secs] 303922K->182371K(507264K), 0.0274929 secs] [Times: user=0.06 sys=0.00, real=0.03 secs] 
2014-07-10T12:35:17.969+0200: 63.465: [GC (Allocation Failure) 63.465: [ParNew: 153306K->17018K(153344K), 0.0246178 secs] 318685K->202139K(507264K), 0.0247791 secs] [Times: user=0.05 sys=0.00, real=0.02 secs] 
2014-07-10T12:35:18.106+0200: 63.602: [GC (Allocation Failure) 63.603: [ParNew: 153330K->17018K(153344K), 0.0274493 secs] 338451K->226903K(507264K), 0.0276025 secs] [Times: user=0.06 sys=0.00, real=0.03 secs] 
2014-07-10T12:35:18.275+0200: 63.771: [GC (Allocation Failure) 63.771: [ParNew: 153309K->17022K(153344K), 0.0268913 secs] 363194K->248438K(507264K), 0.0270709 secs] [Times: user=0.05 sys=0.00, real=0.03 secs] 
2014-07-10T12:35:18.368+0200: 63.864: [GC (Allocation Failure) 63.865: [ParNew: 153336K->17018K(153344K), 0.0282888 secs] 384752K->274995K(507264K), 0.0284454 secs] [Times: user=0.06 sys=0.00, real=0.03 secs] 
2014-07-10T12:35:18.500+0200: 63.996: [GC (Allocation Failure) 63.996: [ParNew: 153330K->17018K(153344K), 0.0313912 secs] 411307K->306579K(507264K), 0.0315936 secs] [Times: user=0.06 sys=0.00, real=0.03 secs] 
2014-07-10T12:35:18.532+0200: 64.028: [GC (CMS Initial Mark) [1 CMS-initial-mark: 289560K(353920K)] 306709K(507264K), 0.0002984 secs] [Times: user=0.00 sys=0.00, real=0.00 secs] 
2014-07-10T12:35:18.532+0200: 64.028: [CMS-concurrent-mark-start]
2014-07-10T12:35:18.540+0200: 64.036: [CMS-concurrent-mark: 0.008/0.008 secs] [Times: user=0.03 sys=0.00, real=0.01 secs] 
2014-07-10T12:35:18.540+0200: 64.036: [CMS-concurrent-preclean-start]
2014-07-10T12:35:18.541+0200: 64.037: [CMS-concurrent-preclean: 0.001/0.001 secs] [Times: user=0.00 sys=0.00, real=0.00 secs] 
2014-07-10T12:35:18.541+0200: 64.037: [CMS-concurrent-abortable-preclean-start]
2014-07-10T12:35:18.679+0200: 64.175: [GC (Allocation Failure) 64.175: [ParNew: 153332K->17018K(153344K), 0.0354351 secs] 442893K->343189K(507264K), 0.0355759 secs] [Times: user=0.06 sys=0.00, real=0.04 secs] 
2014-07-10T12:35:18.723+0200: 64.219: [CMS-concurrent-abortable-preclean: 0.010/0.182 secs] [Times: user=0.16 sys=0.02, real=0.18 secs] 
2014-07-10T12:35:18.724+0200: 64.220: [GC (CMS Final Remark) [YG occupancy: 35582 K (153344 K)]64.220: [Rescan (parallel) , 0.0006632 secs]64.220: [weak refs processing, 0.0000297 secs]64.220: [class unloading, 0.0006387 secs]64.221: [scrub symbol table, 0.0005980 secs]64.222: [scrub string table, 0.0001818 secs][1 CMS-remark: 326170K(353920K)] 361753K(507264K), 0.0022445 secs] [Times: user=0.00 sys=0.00, real=0.00 secs] 
2014-07-10T12:35:18.726+0200: 64.222: [CMS-concurrent-sweep-start]
2014-07-10T12:35:18.729+0200: 64.225: [CMS-concurrent-sweep: 0.003/0.003 secs] [Times: user=0.00 sys=0.00, real=0.00 secs] 
2014-07-10T12:35:18.729+0200: 64.225: [CMS-concurrent-reset-start]
2014-07-10T12:35:18.731+0200: 64.227: [CMS-concurrent-reset: 0.002/0.002 secs] [Times: user=0.00 sys=0.00, real=0.00 secs] 
2014-07-10T12:35:18.786+0200: 64.282: [GC (Allocation Failure) 64.282: [ParNew: 153337K->16998K(153344K), 0.0290320 secs] 223163K->115046K(507264K), 0.0291805 secs] [Times: user=0.06 sys=0.00, real=0.03 secs] 
2014-07-10T12:35:18.899+0200: 64.395: [GC (Allocation Failure) 64.395: [ParNew: 153313K->17018K(153344K), 0.0325802 secs] 251361K->148294K(507264K), 0.0327389 secs] [Times: user=0.06 sys=0.00, real=0.03 secs] 
2014-07-10T12:35:19.077+0200: 64.573: [GC (Allocation Failure) 64.573: [ParNew: 153333K->17018K(153344K), 0.0363594 secs] 284609K->186537K(507264K), 0.0365306 secs] [Times: user=0.09 sys=0.00, real=0.04 secs] 
2014-07-10T12:35:19.179+0200: 64.675: [GC (Allocation Failure) 64.675: [ParNew: 153332K->17018K(153344K), 0.0388953 secs] 322851K->229806K(507264K), 0.0390453 secs] [Times: user=0.06 sys=0.00, real=0.04 secs] 
2014-07-10T12:35:19.218+0200: 64.715: [GC (CMS Initial Mark) [1 CMS-initial-mark: 212788K(353920K)] 229874K(507264K), 0.0003626 secs] [Times: user=0.00 sys=0.00, real=0.00 secs] 
2014-07-10T12:35:19.219+0200: 64.715: [CMS-concurrent-mark-start]
2014-07-10T12:35:19.225+0200: 64.721: [CMS-concurrent-mark: 0.006/0.006 secs] [Times: user=0.03 sys=0.00, real=0.01 secs] 
2014-07-10T12:35:19.225+0200: 64.721: [CMS-concurrent-preclean-start]
2014-07-10T12:35:19.226+0200: 64.722: [CMS-concurrent-preclean: 0.001/0.001 secs] [Times: user=0.00 sys=0.00, real=0.00 secs] 
2014-07-10T12:35:19.226+0200: 64.722: [CMS-concurrent-abortable-preclean-start]
2014-07-10T12:35:19.299+0200: 64.795: [GC (Allocation Failure) 64.795: [ParNew2014-07-10T12:35:19.332+0200: 64.828: [CMS-concurrent-abortable-preclean: 0.001/0.106 secs] [Times: user=0.13 sys=0.00, real=0.11 secs] 
: 153323K->16996K(153344K), 0.0341402 secs] 366111K->265722K(507264K), 0.0342535 secs] [Times: user=0.06 sys=0.00, real=0.03 secs] 
2014-07-10T12:35:19.333+0200: 64.829: [GC (CMS Final Remark) [YG occupancy: 17028 K (153344 K)]64.829: [Rescan (parallel) , 0.0016377 secs]64.831: [weak refs processing, 0.0000279 secs]64.831: [class unloading, 0.0023152 secs]64.833: [scrub symbol table, 0.0005525 secs]64.834: [scrub string table, 0.0001789 secs][1 CMS-remark: 248726K(353920K)] 265754K(507264K), 0.0049238 secs] [Times: user=0.00 sys=0.00, real=0.01 secs] 
2014-07-10T12:35:19.338+0200: 64.834: [CMS-concurrent-sweep-start]
2014-07-10T12:35:19.340+0200: 64.836: [CMS-concurrent-sweep: 0.002/0.002 secs] [Times: user=0.00 sys=0.00, real=0.00 secs] 
2014-07-10T12:35:19.340+0200: 64.837: [CMS-concurrent-reset-start]
2014-07-10T12:35:19.342+0200: 64.839: [CMS-concurrent-reset: 0.002/0.002 secs] [Times: user=0.00 sys=0.00, real=0.00 secs] 
2014-07-10T12:35:19.484+0200: 64.981: [GC (Allocation Failure) 64.981: [ParNew: 153309K->17018K(153344K), 0.0377448 secs] 234157K->138806K(507264K), 0.0379509 secs] [Times: user=0.09 sys=0.00, real=0.04 secs] 
2014-07-10T12:35:19.590+0200: 65.086: [GC (Allocation Failure) 65.086: [ParNew: 153332K->17018K(153344K), 0.0402724 secs] 275120K->184764K(507264K), 0.0404370 secs] [Times: user=0.09 sys=0.00, real=0.04 secs] 
2014-07-10T12:35:19.706+0200: 65.203: [GC (Allocation Failure) 65.203: [ParNew: 153335K->2407K(153344K), 0.0028468 secs] 321081K->170169K(507264K), 0.0029818 secs] [Times: user=0.00 sys=0.00, real=0.00 secs] 
2014-07-10T12:35:19.873+0200: 65.370: [GC (Allocation Failure) 65.370: [ParNew: 138704K->17012K(153344K), 0.0409748 secs] 306467K->228412K(507264K), 0.0411845 secs] [Times: user=0.09 sys=0.00, real=0.04 secs] 
2014-07-10T12:35:20.043+0200: 65.539: [GC (Allocation Failure) 65.539: [ParNew: 153304K->60K(153344K), 0.0035515 secs] 364703K->211500K(507264K), 0.0037509 secs] [Times: user=0.01 sys=0.00, real=0.00 secs] 
2014-07-10T12:35:20.144+0200: 65.641: [GC (Allocation Failure) 65.641: [ParNew: 136372K->5100K(153344K), 0.0043984 secs] 347813K->216540K(507264K), 0.0045480 secs] [Times: user=0.00 sys=0.00, real=0.00 secs] 
2014-07-10T12:35:20.294+0200: 65.790: [GC (Allocation Failure) 65.790: [ParNew: 141389K->1887K(153344K), 0.0028549 secs] 352829K->213327K(507264K), 0.0030074 secs] [Times: user=0.02 sys=0.00, real=0.00 secs] 
2014-07-10T12:35:20.447+0200: 65.943: [GC (Allocation Failure) 65.944: [ParNew: 138199K->6929K(153344K), 0.0101636 secs] 349639K->218369K(507264K), 0.0105013 secs] [Times: user=0.03 sys=0.00, real=0.01 secs] 
2014-07-10T12:35:20.548+0200: 66.044: [GC (Allocation Failure) 66.045: [ParNew: 143243K->11971K(153344K), 0.0088738 secs] 354683K->223412K(507264K), 0.0090300 secs] [Times: user=0.00 sys=0.00, real=0.01 secs] 
2014-07-10T12:35:20.698+0200: 66.194: [GC (Allocation Failure) 66.194: [ParNew: 148285K->16922K(153344K), 0.0124741 secs] 359725K->228455K(507264K), 0.0126772 secs] [Times: user=0.03 sys=0.00, real=0.01 secs] 
2014-07-10T12:35:20.845+0200: 66.341: [GC (Allocation Failure) 66.341: [ParNew: 153224K->4358K(153344K), 0.0074898 secs] 364758K->215907K(507264K), 0.0077659 secs] [Times: user=0.00 sys=0.00, real=0.01 secs] 
2014-07-10T12:35:20.946+0200: 66.442: [GC (Allocation Failure) 66.442: [ParNew: 140672K->9400K(153344K), 0.0073288 secs] 352221K->220949K(507264K), 0.0074916 secs] [Times: user=0.03 sys=0.00, real=0.01 secs] 
2014-07-10T12:35:21.092+0200: 66.589: [GC (Allocation Failure) 66.589: [ParNew: 145716K->14393K(153344K), 0.0106087 secs] 357265K->225990K(507264K), 0.0107975 secs] [Times: user=0.00 sys=0.00, real=0.01 secs] 
2014-07-10T12:35:21.247+0200: 66.743: [GC (Allocation Failure) 66.743: [ParNew: 150682K->11163K(153344K), 0.0094307 secs] 362280K->222777K(507264K), 0.0095843 secs] [Times: user=0.03 sys=0.00, real=0.01 secs] 
2014-07-10T12:35:21.349+0200: 66.846: [GC (Allocation Failure) 66.846: [ParNew: 147475K->16185K(153344K), 0.0115329 secs] 359089K->227820K(507264K), 0.0116976 secs] [Times: user=0.03 sys=0.00, real=0.01 secs] 
2014-07-10T12:35:21.507+0200: 67.003: [GC (Allocation Failure) 67.003: [ParNew: 152499K->17018K(153344K), 0.0148843 secs] 364133K->232862K(507264K), 0.0150687 secs] [Times: user=0.03 sys=0.00, real=0.02 secs] 
2014-07-10T12:35:21.664+0200: 67.161: [GC (Allocation Failure) 67.161: [ParNew: 153331K->17018K(153344K), 0.0295075 secs] 369175K->242099K(507264K), 0.0297517 secs] [Times: user=0.06 sys=0.00, real=0.03 secs] 
2014-07-10T12:35:21.761+0200: 67.257: [GC (Allocation Failure) 67.258: [ParNew: 153322K->16994K(153344K), 0.0129437 secs] 378403K->243980K(507264K), 0.0130874 secs] [Times: user=0.03 sys=0.00, real=0.01 secs] 
2014-07-10T12:35:21.900+0200: 67.396: [GC (Allocation Failure) 67.396: [ParNew: 153308K->17018K(153344K), 0.0163390 secs] 380294K->250912K(507264K), 0.0165227 secs] [Times: user=0.03 sys=0.00, real=0.02 secs] 
2014-07-10T12:35:22.067+0200: 67.563: [GC (Allocation Failure) 67.563: [ParNew: 153332K->17018K(153344K), 0.0266478 secs] 387225K->262838K(507264K), 0.0268711 secs] [Times: user=0.06 sys=0.00, real=0.03 secs] 
2014-07-10T12:35:22.161+0200: 67.657: [GC (Allocation Failure) 67.657: [ParNew: 153333K->17018K(153344K), 0.0224448 secs] 399152K->279790K(507264K), 0.0226208 secs] [Times: user=0.05 sys=0.00, real=0.02 secs] 
2014-07-10T12:35:22.286+0200: 67.783: [GC (Allocation Failure) 67.783: [ParNew: 153321K->16996K(153344K), 0.0177590 secs] 416094K->289389K(507264K), 0.0179122 secs] [Times: user=0.03 sys=0.00, real=0.02 secs] 
2014-07-10T12:35:22.469+0200: 67.965: [GC (Allocation Failure) 67.965: [ParNew: 153310K->17018K(153344K), 0.0241929 secs] 425703K->304034K(507264K), 0.0244712 secs] [Times: user=0.03 sys=0.00, real=0.02 secs] 
2014-07-10T12:35:22.561+0200: 68.058: [GC (Allocation Failure) 68.058: [ParNew: 153331K->17018K(153344K), 0.0242384 secs] 440348K->323676K(507264K), 0.0243960 secs] [Times: user=0.03 sys=0.00, real=0.02 secs] 
2014-07-10T12:35:22.586+0200: 68.082: [GC (CMS Initial Mark) [1 CMS-initial-mark: 306658K(353920K)] 323708K(507264K), 0.0002603 secs] [Times: user=0.00 sys=0.00, real=0.00 secs] 
2014-07-10T12:35:22.586+0200: 68.083: [CMS-concurrent-mark-start]
2014-07-10T12:35:22.591+0200: 68.088: [CMS-concurrent-mark: 0.005/0.005 secs] [Times: user=0.03 sys=0.00, real=0.01 secs] 
2014-07-10T12:35:22.591+0200: 68.088: [CMS-concurrent-preclean-start]
2014-07-10T12:35:22.592+0200: 68.089: [CMS-concurrent-preclean: 0.001/0.001 secs] [Times: user=0.00 sys=0.00, real=0.00 secs] 
2014-07-10T12:35:22.592+0200: 68.089: [CMS-concurrent-abortable-preclean-start]
2014-07-10T12:35:22.693+0200: 68.190: [GC (Allocation Failure) 68.190: [ParNew: 153331K->16996K(153344K), 0.0240877 secs] 459990K->343136K(507264K), 0.0242735 secs] [Times: user=0.06 sys=0.00, real=0.02 secs] 
2014-07-10T12:35:22.869+0200: 68.365: [GC (Allocation Failure) 68.365: [ParNew: 153288K->17022K(153344K), 0.0234864 secs] 479428K->359386K(507264K), 0.0236789 secs] [Times: user=0.05 sys=0.02, real=0.02 secs] 
2014-07-10T12:35:22.892+0200: 68.389: [CMS-concurrent-abortable-preclean: 0.007/0.300 secs] [Times: user=0.22 sys=0.02, real=0.30 secs] 
2014-07-10T12:35:22.896+0200: 68.392: [GC (CMS Final Remark) [YG occupancy: 23432 K (153344 K)]68.392: [Rescan (parallel) , 0.0007846 secs]68.393: [weak refs processing, 0.0000319 secs]68.393: [class unloading, 0.0006277 secs]68.394: [scrub symbol table, 0.0007637 secs]68.394: [scrub string table, 0.0001708 secs][1 CMS-remark: 342363K(353920K)] 365796K(507264K), 0.0026118 secs] [Times: user=0.00 sys=0.00, real=0.00 secs] 
2014-07-10T12:35:22.898+0200: 68.395: [CMS-concurrent-sweep-start]
2014-07-10T12:35:22.902+0200: 68.398: [CMS-concurrent-sweep: 0.003/0.003 secs] [Times: user=0.03 sys=0.00, real=0.00 secs] 
2014-07-10T12:35:22.902+0200: 68.398: [CMS-concurrent-reset-start]
2014-07-10T12:35:22.904+0200: 68.400: [CMS-concurrent-reset: 0.002/0.002 secs] [Times: user=0.00 sys=0.00, real=0.00 secs] 
2014-07-10T12:35:22.964+0200: 68.460: [GC (Allocation Failure) 68.460: [ParNew: 153336K->17018K(153344K), 0.0249225 secs] 210353K->95281K(507264K), 0.0250809 secs] [Times: user=0.03 sys=0.00, real=0.03 secs] 
2014-07-10T12:35:23.124+0200: 68.620: [GC (Allocation Failure) 68.620: [ParNew: 153331K->17018K(153344K), 0.0286577 secs] 231594K->121550K(507264K), 0.0288285 secs] [Times: user=0.06 sys=0.00, real=0.03 secs] 
2014-07-10T12:35:23.261+0200: 68.758: [GC (Allocation Failure) 68.758: [ParNew: 153308K->17022K(153344K), 0.0258324 secs] 257840K->144589K(507264K), 0.0260081 secs] [Times: user=0.03 sys=0.00, real=0.03 secs] 
2014-07-10T12:35:23.365+0200: 68.862: [GC (Allocation Failure) 68.862: [ParNew: 153337K->17018K(153344K), 0.0295174 secs] 280905K->172651K(507264K), 0.0296794 secs] [Times: user=0.05 sys=0.00, real=0.03 secs] 
2014-07-10T12:35:23.497+0200: 68.994: [GC (Allocation Failure) 68.994: [ParNew: 153330K->17018K(153344K), 0.0323371 secs] 308964K->205740K(507264K), 0.0325032 secs] [Times: user=0.06 sys=0.00, real=0.03 secs] 
2014-07-10T12:35:23.673+0200: 69.169: [GC (Allocation Failure) 69.169: [ParNew: 153331K->17018K(153344K), 0.0364114 secs] 342053K->243854K(507264K), 0.0365683 secs] [Times: user=0.05 sys=0.02, real=0.04 secs] 
2014-07-10T12:35:23.710+0200: 69.206: [GC (CMS Initial Mark) [1 CMS-initial-mark: 226836K(353920K)] 243886K(507264K), 0.0003483 secs] [Times: user=0.00 sys=0.00, real=0.00 secs] 
2014-07-10T12:35:23.710+0200: 69.207: [CMS-concurrent-mark-start]
2014-07-10T12:35:23.715+0200: 69.211: [CMS-concurrent-mark: 0.005/0.005 secs] [Times: user=0.03 sys=0.00, real=0.00 secs] 
2014-07-10T12:35:23.715+0200: 69.211: [CMS-concurrent-preclean-start]
2014-07-10T12:35:23.716+0200: 69.212: [CMS-concurrent-preclean: 0.001/0.001 secs] [Times: user=0.00 sys=0.00, real=0.00 secs] 
2014-07-10T12:35:23.716+0200: 69.212: [CMS-concurrent-abortable-preclean-start]
2014-07-10T12:35:23.777+0200: 69.274: [GC (Allocation Failure) 69.274: [ParNew: 153336K->17000K(153344K), 0.0283666 secs] 380173K->270490K(507264K), 0.0284974 secs] [Times: user=0.03 sys=0.00, real=0.03 secs] 
2014-07-10T12:35:23.896+0200: 69.393: [GC (Allocation Failure) 69.393: [ParNew: 153315K->17018K(153344K), 0.0315155 secs] 406805K->302167K(507264K), 0.0316783 secs] [Times: user=0.06 sys=0.00, real=0.03 secs] 
2014-07-10T12:35:24.078+0200: 69.575: [GC (Allocation Failure) 69.575: [ParNew: 153334K->17018K(153344K), 0.0363634 secs] 438483K->338841K(507264K), 0.0365394 secs] [Times: user=0.06 sys=0.00, real=0.04 secs] 
2014-07-10T12:35:24.115+0200: 69.611: [CMS-concurrent-abortable-preclean: 0.017/0.399 secs] [Times: user=0.38 sys=0.03, real=0.40 secs] 
2014-07-10T12:35:24.115+0200: 69.612: [GC (CMS Final Remark) [YG occupancy: 17629 K (153344 K)]69.612: [Rescan (parallel) , 0.0007197 secs]69.612: [weak refs processing, 0.0000275 secs]69.612: [class unloading, 0.0004293 secs]69.613: [scrub symbol table, 0.0005811 secs]69.613: [scrub string table, 0.0001580 secs][1 CMS-remark: 321823K(353920K)] 339453K(507264K), 0.0020403 secs] [Times: user=0.00 sys=0.00, real=0.00 secs] 
2014-07-10T12:35:24.117+0200: 69.614: [CMS-concurrent-sweep-start]
2014-07-10T12:35:24.120+0200: 69.616: [CMS-concurrent-sweep: 0.003/0.003 secs] [Times: user=0.03 sys=0.00, real=0.00 secs] 
2014-07-10T12:35:24.120+0200: 69.617: [CMS-concurrent-reset-start]
2014-07-10T12:35:24.122+0200: 69.618: [CMS-concurrent-reset: 0.002/0.002 secs] [Times: user=0.00 sys=0.00, real=0.00 secs] 
2014-07-10T12:35:24.184+0200: 69.680: [GC (Allocation Failure) 69.680: [ParNew: 153331K->17018K(153344K), 0.0375403 secs] 288110K->193497K(507264K), 0.0377353 secs] [Times: user=0.06 sys=0.00, real=0.04 secs] 
2014-07-10T12:35:24.222+0200: 69.718: [GC (CMS Initial Mark) [1 CMS-initial-mark: 176479K(353920K)] 193529K(507264K), 0.0003538 secs] [Times: user=0.00 sys=0.00, real=0.00 secs] 
2014-07-10T12:35:24.222+0200: 69.719: [CMS-concurrent-mark-start]
2014-07-10T12:35:24.228+0200: 69.724: [CMS-concurrent-mark: 0.006/0.006 secs] [Times: user=0.03 sys=0.00, real=0.01 secs] 
2014-07-10T12:35:24.228+0200: 69.724: [CMS-concurrent-preclean-start]
2014-07-10T12:35:24.229+0200: 69.725: [CMS-concurrent-preclean: 0.001/0.001 secs] [Times: user=0.00 sys=0.00, real=0.00 secs] 
2014-07-10T12:35:24.229+0200: 69.725: [CMS-concurrent-abortable-preclean-start]
2014-07-10T12:35:24.300+0200: 69.797: [GC (Allocation Failure) 69.797: [ParNew2014-07-10T12:35:24.335+0200: 69.831: [CMS-concurrent-abortable-preclean: 0.001/0.106 secs] [Times: user=0.11 sys=0.00, real=0.11 secs] 
: 153307K->17022K(153344K), 0.0360969 secs] 329786K->231968K(507264K), 0.0362442 secs] [Times: user=0.08 sys=0.00, real=0.04 secs] 
2014-07-10T12:35:24.337+0200: 69.833: [GC (CMS Final Remark) [YG occupancy: 17377 K (153344 K)]69.833: [Rescan (parallel) , 0.0007578 secs]69.834: [weak refs processing, 0.0000268 secs]69.834: [class unloading, 0.0004839 secs]69.835: [scrub symbol table, 0.0005851 secs]69.835: [scrub string table, 0.0001573 secs][1 CMS-remark: 214946K(353920K)] 232323K(507264K), 0.0021429 secs] [Times: user=0.00 sys=0.00, real=0.00 secs] 
2014-07-10T12:35:24.339+0200: 69.836: [CMS-concurrent-sweep-start]
2014-07-10T12:35:24.341+0200: 69.837: [CMS-concurrent-sweep: 0.002/0.002 secs] [Times: user=0.00 sys=0.00, real=0.00 secs] 
2014-07-10T12:35:24.341+0200: 69.838: [CMS-concurrent-reset-start]
2014-07-10T12:35:24.343+0200: 69.840: [CMS-concurrent-reset: 0.002/0.002 secs] [Times: user=0.00 sys=0.00, real=0.00 secs] 
2014-07-10T12:35:24.492+0200: 69.988: [GC (Allocation Failure) 69.988: [ParNew: 153335K->17018K(153344K), 0.0533605 secs] 235187K->142368K(507264K), 0.0535189 secs] [Times: user=0.11 sys=0.00, real=0.05 secs] 
2014-07-10T12:35:24.619+0200: 70.116: [GC (Allocation Failure) 70.116: [ParNew: 153331K->17018K(153344K), 0.0421334 secs] 278682K->190888K(507264K), 0.0422848 secs] [Times: user=0.06 sys=0.00, real=0.04 secs] 
2014-07-10T12:35:24.662+0200: 70.158: [GC (CMS Initial Mark) [1 CMS-initial-mark: 173870K(353920K)] 190955K(507264K), 0.0003912 secs] [Times: user=0.00 sys=0.00, real=0.00 secs] 
2014-07-10T12:35:24.662+0200: 70.159: [CMS-concurrent-mark-start]
2014-07-10T12:35:24.668+0200: 70.164: [CMS-concurrent-mark: 0.005/0.005 secs] [Times: user=0.03 sys=0.00, real=0.01 secs] 
2014-07-10T12:35:24.668+0200: 70.164: [CMS-concurrent-preclean-start]
2014-07-10T12:35:24.669+0200: 70.165: [CMS-concurrent-preclean: 0.001/0.001 secs] [Times: user=0.00 sys=0.00, real=0.00 secs] 
2014-07-10T12:35:24.669+0200: 70.165: [CMS-concurrent-abortable-preclean-start]
2014-07-10T12:35:24.729+0200: 70.225: [GC (Allocation Failure) 70.225: [ParNew: 153333K->4967K(153344K), 0.0043812 secs] 327203K->178853K(507264K), 0.0045179 secs] [Times: user=0.00 sys=0.00, real=0.00 secs] 
2014-07-10T12:35:24.880+0200: 70.376: [GC (Allocation Failure) 70.376: [ParNew: 141285K->17016K(153344K), 0.0397668 secs] 315171K->236044K(507264K), 0.0399252 secs] [Times: user=0.09 sys=0.00, real=0.04 secs] 
2014-07-10T12:35:24.920+0200: 70.416: [CMS-concurrent-abortable-preclean: 0.006/0.251 secs] [Times: user=0.23 sys=0.00, real=0.25 secs] 
2014-07-10T12:35:24.920+0200: 70.417: [GC (CMS Final Remark) [YG occupancy: 17084 K (153344 K)]70.417: [Rescan (parallel) , 0.0008227 secs]70.417: [weak refs processing, 0.0000275 secs]70.417: [class unloading, 0.0004788 secs]70.418: [scrub symbol table, 0.0005470 secs]70.419: [scrub string table, 0.0001558 secs][1 CMS-remark: 219028K(353920K)] 236112K(507264K), 0.0021642 secs] [Times: user=0.00 sys=0.00, real=0.00 secs] 
2014-07-10T12:35:24.922+0200: 70.419: [CMS-concurrent-sweep-start]
2014-07-10T12:35:24.924+0200: 70.421: [CMS-concurrent-sweep: 0.002/0.002 secs] [Times: user=0.00 sys=0.00, real=0.00 secs] 
2014-07-10T12:35:24.924+0200: 70.421: [CMS-concurrent-reset-start]
2014-07-10T12:35:24.926+0200: 70.423: [CMS-concurrent-reset: 0.002/0.002 secs] [Times: user=0.00 sys=0.00, real=0.00 secs] 
2014-07-10T12:35:25.044+0200: 70.539: [GC (Allocation Failure) 70.539: [ParNew: 153307K->1562K(153344K), 0.0043009 secs] 248662K->96962K(507264K), 0.0045209 secs] [Times: user=0.00 sys=0.00, real=0.00 secs] 
2014-07-10T12:35:25.145+0200: 70.641: [GC (Allocation Failure) 70.641: [ParNew: 137878K->6605K(153344K), 0.0054921 secs] 233278K->102005K(507264K), 0.0056702 secs] [Times: user=0.03 sys=0.00, real=0.01 secs] 
2014-07-10T12:35:25.285+0200: 70.780: [GC (Allocation Failure) 70.780: [ParNew: 142901K->16996K(153344K), 0.0422257 secs] 238301K->160227K(507264K), 0.0424413 secs] [Times: user=0.09 sys=0.00, real=0.04 secs] 
2014-07-10T12:35:25.444+0200: 70.939: [GC (Allocation Failure) 70.939: [ParNew: 153286K->4220K(153344K), 0.0037319 secs] 296517K->147507K(507264K), 0.0038756 secs] [Times: user=0.03 sys=0.00, real=0.00 secs] 
2014-07-10T12:35:25.550+0200: 71.045: [GC (Allocation Failure) 71.045: [ParNew: 140533K->9262K(153344K), 0.0127655 secs] 283821K->152550K(507264K), 0.0130709 secs] [Times: user=0.03 sys=0.00, real=0.01 secs] 
2014-07-10T12:35:25.679+0200: 71.175: [GC (Allocation Failure) 71.175: [ParNew: 145575K->14264K(153344K), 0.0105456 secs] 288863K->157593K(507264K), 0.0107168 secs] [Times: user=0.00 sys=0.01, real=0.01 secs] 
2014-07-10T12:35:25.845+0200: 71.341: [GC (Allocation Failure) 71.341: [ParNew: 150568K->6911K(153344K), 0.0057516 secs] 293896K->150255K(507264K), 0.0060306 secs] [Times: user=0.00 sys=0.02, real=0.01 secs] 
2014-07-10T12:35:25.947+0200: 71.444: [GC (Allocation Failure) 71.444: [ParNew: 143226K->11953K(153344K), 0.0089801 secs] 286570K->155298K(507264K), 0.0091429 secs] [Times: user=0.00 sys=0.00, real=0.01 secs] 
2014-07-10T12:35:26.084+0200: 71.581: [GC (Allocation Failure) 71.581: [ParNew: 148268K->16954K(153344K), 0.0121423 secs] 291612K->160339K(507264K), 0.0123095 secs] [Times: user=0.02 sys=0.00, real=0.01 secs] 
2014-07-10T12:35:26.253+0200: 71.750: [GC (Allocation Failure) 71.750: [ParNew: 153245K->13724K(153344K), 0.0111084 secs] 296629K->157125K(507264K), 0.0113478 secs] [Times: user=0.03 sys=0.00, real=0.01 secs] 
2014-07-10T12:35:26.350+0200: 71.847: [GC (Allocation Failure) 71.847: [ParNew: 150038K->17018K(153344K), 0.0141829 secs] 293439K->162168K(507264K), 0.0143490 secs] [Times: user=0.00 sys=0.00, real=0.02 secs] 
2014-07-10T12:35:26.498+0200: 71.995: [GC (Allocation Failure) 71.995: [ParNew: 153330K->17018K(153344K), 0.0159215 secs] 298480K->168939K(507264K), 0.0160872 secs] [Times: user=0.03 sys=0.00, real=0.02 secs] 
2014-07-10T12:35:26.658+0200: 72.154: [GC (Allocation Failure) 72.154: [ParNew: 153332K->17018K(153344K), 0.0234923 secs] 305253K->180737K(507264K), 0.0236595 secs] [Times: user=0.05 sys=0.00, real=0.02 secs] 
2014-07-10T12:35:26.751+0200: 72.247: [GC (Allocation Failure) 72.248: [ParNew: 153321K->16236K(153344K), 0.0113423 secs] 317040K->179971K(507264K), 0.0115564 secs] [Times: user=0.03 sys=0.00, real=0.01 secs] 
2014-07-10T12:35:26.905+0200: 72.401: [GC (Allocation Failure) 72.401: [ParNew: 152549K->17018K(153344K), 0.0147614 secs] 316284K->185012K(507264K), 0.0149187 secs] [Times: user=0.03 sys=0.00, real=0.01 secs] 
2014-07-10T12:35:27.064+0200: 72.561: [GC (Allocation Failure) 72.561: [ParNew: 153333K->17018K(153344K), 0.0191969 secs] 321327K->194280K(507264K), 0.0194488 secs] [Times: user=0.06 sys=0.00, real=0.02 secs] 
2014-07-10T12:35:27.157+0200: 72.654: [GC (Allocation Failure) 72.654: [ParNew: 153307K->17022K(153344K), 0.0158052 secs] 330569K->200319K(507264K), 0.0160531 secs] [Times: user=0.03 sys=0.00, real=0.02 secs] 
2014-07-10T12:35:27.303+0200: 72.799: [GC (Allocation Failure) 72.800: [ParNew: 153337K->17018K(153344K), 0.0189311 secs] 336634K->211381K(507264K), 0.0191005 secs] [Times: user=0.03 sys=0.00, real=0.02 secs] 
2014-07-10T12:35:27.468+0200: 72.965: [GC (Allocation Failure) 72.965: [ParNew: 153331K->17018K(153344K), 0.0242926 secs] 347695K->227469K(507264K), 0.0244356 secs] [Times: user=0.06 sys=0.00, real=0.03 secs] 
2014-07-10T12:35:27.579+0200: 73.075: [GC (Allocation Failure) 73.075: [ParNew: 153331K->17018K(153344K), 0.0248231 secs] 363783K->248583K(507264K), 0.0249716 secs] [Times: user=0.06 sys=0.00, real=0.03 secs] 
2014-07-10T12:35:27.695+0200: 73.192: [GC (Allocation Failure) 73.192: [ParNew: 153330K->17018K(153344K), 0.0281407 secs] 384896K->274724K(507264K), 0.0283031 secs] [Times: user=0.03 sys=0.00, real=0.03 secs] 
2014-07-10T12:35:27.724+0200: 73.220: [GC (CMS Initial Mark) [1 CMS-initial-mark: 257706K(353920K)] 274756K(507264K), 0.0003630 secs] [Times: user=0.00 sys=0.00, real=0.00 secs] 
2014-07-10T12:35:27.724+0200: 73.221: [CMS-concurrent-mark-start]
2014-07-10T12:35:27.729+0200: 73.226: [CMS-concurrent-mark: 0.005/0.005 secs] [Times: user=0.00 sys=0.00, real=0.01 secs] 
2014-07-10T12:35:27.730+0200: 73.226: [CMS-concurrent-preclean-start]
2014-07-10T12:35:27.730+0200: 73.227: [CMS-concurrent-preclean: 0.001/0.001 secs] [Times: user=0.00 sys=0.00, real=0.00 secs] 
2014-07-10T12:35:27.731+0200: 73.227: [CMS-concurrent-abortable-preclean-start]
2014-07-10T12:35:27.860+0200: 73.356: [GC (Allocation Failure) 73.356: [ParNew: 153321K->16996K(153344K), 0.0238494 secs] 411028K->293512K(507264K), 0.0240132 secs] [Times: user=0.06 sys=0.00, real=0.02 secs] 
2014-07-10T12:35:27.884+0200: 73.380: [CMS-concurrent-abortable-preclean: 0.003/0.153 secs] [Times: user=0.13 sys=0.00, real=0.15 secs] 
2014-07-10T12:35:27.885+0200: 73.382: [GC (CMS Final Remark) [YG occupancy: 20201 K (153344 K)]73.382: [Rescan (parallel) , 0.0007080 secs]73.382: [weak refs processing, 0.0000297 secs]73.382: [class unloading, 0.0005767 secs]73.383: [scrub symbol table, 0.0005609 secs]73.383: [scrub string table, 0.0001650 secs][1 CMS-remark: 276515K(353920K)] 296716K(507264K), 0.0022053 secs] [Times: user=0.00 sys=0.00, real=0.00 secs] 
2014-07-10T12:35:27.887+0200: 73.384: [CMS-concurrent-sweep-start]
2014-07-10T12:35:27.890+0200: 73.386: [CMS-concurrent-sweep: 0.003/0.003 secs] [Times: user=0.00 sys=0.00, real=0.00 secs] 
2014-07-10T12:35:27.890+0200: 73.387: [CMS-concurrent-reset-start]
2014-07-10T12:35:27.892+0200: 73.389: [CMS-concurrent-reset: 0.002/0.002 secs] [Times: user=0.00 sys=0.00, real=0.00 secs] 
2014-07-10T12:35:27.961+0200: 73.458: [GC (Allocation Failure) 73.458: [ParNew: 153312K->17018K(153344K), 0.0265191 secs] 199976K->87494K(507264K), 0.0267468 secs] [Times: user=0.06 sys=0.00, real=0.03 secs] 
2014-07-10T12:35:28.118+0200: 73.615: [GC (Allocation Failure) 73.615: [ParNew: 153331K->17018K(153344K), 0.0296560 secs] 223807K->116324K(507264K), 0.0298081 secs] [Times: user=0.06 sys=0.00, real=0.03 secs] 
2014-07-10T12:35:28.271+0200: 73.768: [GC (Allocation Failure) 73.768: [ParNew: 153322K->16994K(153344K), 0.0265998 secs] 252628K->137799K(507264K), 0.0267677 secs] [Times: user=0.03 sys=0.00, real=0.03 secs] 
2014-07-10T12:35:28.364+0200: 73.861: [GC (Allocation Failure) 73.861: [ParNew: 153310K->17018K(153344K), 0.0281048 secs] 274115K->164324K(507264K), 0.0282665 secs] [Times: user=0.03 sys=0.00, real=0.03 secs] 
2014-07-10T12:35:28.511+0200: 74.008: [GC (Allocation Failure) 74.008: [ParNew: 153333K->17018K(153344K), 0.0318719 secs] 300639K->195844K(507264K), 0.0320134 secs] [Times: user=0.06 sys=0.00, real=0.03 secs] 
2014-07-10T12:35:28.671+0200: 74.168: [GC (Allocation Failure) 74.168: [ParNew: 153331K->17018K(153344K), 0.0345482 secs] 332157K->232390K(507264K), 0.0347037 secs] [Times: user=0.08 sys=0.00, real=0.04 secs] 
2014-07-10T12:35:28.773+0200: 74.269: [GC (Allocation Failure) 74.269: [ParNew: 153338K->17000K(153344K), 0.0293048 secs] 368710K->260530K(507264K), 0.0294664 secs] [Times: user=0.06 sys=0.00, real=0.03 secs] 
2014-07-10T12:35:28.802+0200: 74.299: [GC (CMS Initial Mark) [1 CMS-initial-mark: 243529K(353920K)] 260562K(507264K), 0.0003135 secs] [Times: user=0.00 sys=0.00, real=0.00 secs] 
2014-07-10T12:35:28.803+0200: 74.300: [CMS-concurrent-mark-start]
2014-07-10T12:35:28.808+0200: 74.305: [CMS-concurrent-mark: 0.005/0.005 secs] [Times: user=0.00 sys=0.00, real=0.01 secs] 
2014-07-10T12:35:28.808+0200: 74.305: [CMS-concurrent-preclean-start]
2014-07-10T12:35:28.809+0200: 74.306: [CMS-concurrent-preclean: 0.001/0.001 secs] [Times: user=0.00 sys=0.00, real=0.00 secs] 
2014-07-10T12:35:28.809+0200: 74.306: [CMS-concurrent-abortable-preclean-start]
2014-07-10T12:35:28.904+0200: 74.401: [GC (Allocation Failure) 74.401: [ParNew2014-07-10T12:35:28.936+0200: 74.433: [CMS-concurrent-abortable-preclean: 0.001/0.118 secs] [Times: user=0.11 sys=0.00, real=0.13 secs] 
: 153315K->17018K(153344K), 0.0325168 secs] 396845K->293712K(507264K), 0.0326084 secs] [Times: user=0.05 sys=0.00, real=0.03 secs] 
2014-07-10T12:35:28.937+0200: 74.434: [GC (CMS Final Remark) [YG occupancy: 17117 K (153344 K)]74.434: [Rescan (parallel) , 0.0007091 secs]74.435: [weak refs processing, 0.0000279 secs]74.435: [class unloading, 0.0004348 secs]74.435: [scrub symbol table, 0.0005613 secs]74.436: [scrub string table, 0.0001642 secs][1 CMS-remark: 276694K(353920K)] 293812K(507264K), 0.0020201 secs] [Times: user=0.00 sys=0.00, real=0.00 secs] 
2014-07-10T12:35:28.939+0200: 74.436: [CMS-concurrent-sweep-start]
2014-07-10T12:35:28.942+0200: 74.439: [CMS-concurrent-sweep: 0.003/0.003 secs] [Times: user=0.03 sys=0.00, real=0.00 secs] 
2014-07-10T12:35:28.942+0200: 74.439: [CMS-concurrent-reset-start]
2014-07-10T12:35:28.944+0200: 74.441: [CMS-concurrent-reset: 0.002/0.002 secs] [Times: user=0.00 sys=0.00, real=0.00 secs] 
2014-07-10T12:35:29.070+0200: 74.567: [GC (Allocation Failure) 74.567: [ParNew: 153333K->17018K(153344K), 0.0398141 secs] 216374K->118237K(507264K), 0.0399596 secs] [Times: user=0.05 sys=0.00, real=0.04 secs] 
2014-07-10T12:35:29.178+0200: 74.675: [GC (Allocation Failure) 74.675: [ParNew: 153332K->17018K(153344K), 0.0387996 secs] 254551K->161443K(507264K), 0.0389584 secs] [Times: user=0.06 sys=0.00, real=0.04 secs] 
2014-07-10T12:35:29.305+0200: 74.802: [GC (Allocation Failure) 74.802: [ParNew: 153307K->17022K(153344K), 0.0370717 secs] 297731K->201418K(507264K), 0.0372312 secs] [Times: user=0.06 sys=0.00, real=0.04 secs] 
2014-07-10T12:35:29.471+0200: 74.968: [GC (Allocation Failure) 74.968: [ParNew: 153336K->17018K(153344K), 0.0409242 secs] 337732K->246416K(507264K), 0.0410892 secs] [Times: user=0.05 sys=0.00, real=0.04 secs] 
2014-07-10T12:35:29.513+0200: 75.010: [GC (CMS Initial Mark) [1 CMS-initial-mark: 229398K(353920K)] 246448K(507264K), 0.0003784 secs] [Times: user=0.00 sys=0.00, real=0.00 secs] 
2014-07-10T12:35:29.513+0200: 75.010: [CMS-concurrent-mark-start]
2014-07-10T12:35:29.518+0200: 75.015: [CMS-concurrent-mark: 0.005/0.005 secs] [Times: user=0.03 sys=0.00, real=0.00 secs] 
2014-07-10T12:35:29.519+0200: 75.015: [CMS-concurrent-preclean-start]
2014-07-10T12:35:29.520+0200: 75.016: [CMS-concurrent-preclean: 0.001/0.001 secs] [Times: user=0.00 sys=0.00, real=0.00 secs] 
2014-07-10T12:35:29.520+0200: 75.016: [CMS-concurrent-abortable-preclean-start]
2014-07-10T12:35:29.644+0200: 75.140: [GC (Allocation Failure) 75.140: [ParNew: 153308K->1434K(153344K), 0.0042873 secs] 382707K->230849K(507264K), 0.0045007 secs] [Times: user=0.00 sys=0.00, real=0.00 secs] 
2014-07-10T12:35:29.648+0200: 75.145: [CMS-concurrent-abortable-preclean: 0.005/0.129 secs] [Times: user=0.06 sys=0.00, real=0.13 secs] 
2014-07-10T12:35:29.649+0200: 75.145: [GC (CMS Final Remark) [YG occupancy: 1661 K (153344 K)]75.145: [Rescan (parallel) , 0.0017162 secs]75.147: [weak refs processing, 0.0000609 secs]75.147: [class unloading, 0.0010236 secs]75.148: [scrub symbol table, 0.0012656 secs]75.150: [scrub string table, 0.0004444 secs][1 CMS-remark: 229414K(353920K)] 231076K(507264K), 0.0048776 secs] [Times: user=0.00 sys=0.00, real=0.01 secs] 
2014-07-10T12:35:29.654+0200: 75.150: [CMS-concurrent-sweep-start]
2014-07-10T12:35:29.659+0200: 75.156: [CMS-concurrent-sweep: 0.005/0.005 secs] [Times: user=0.03 sys=0.00, real=0.00 secs] 
2014-07-10T12:35:29.659+0200: 75.156: [CMS-concurrent-reset-start]
2014-07-10T12:35:29.663+0200: 75.160: [CMS-concurrent-reset: 0.004/0.004 secs] [Times: user=0.00 sys=0.00, real=0.00 secs] 
2014-07-10T12:35:29.735+0200: 75.232: [GC (Allocation Failure) 75.232: [ParNew: 137732K->17010K(153344K), 0.0380810 secs] 184477K->106399K(507264K), 0.0382849 secs] [Times: user=0.06 sys=0.00, real=0.04 secs] 
2014-07-10T12:35:29.872+0200: 75.369: [GC (Allocation Failure) 75.369: [ParNew: 153308K->16992K(153344K), 0.0388455 secs] 242698K->149931K(507264K), 0.0390031 secs] [Times: user=0.09 sys=0.00, real=0.04 secs] 
2014-07-10T12:35:29.995+0200: 75.491: [GC (Allocation Failure) 75.491: [ParNew: 153306K->17018K(153344K), 0.0413466 secs] 286245K->198481K(507264K), 0.0414617 secs] [Times: user=0.09 sys=0.00, real=0.04 secs] 
2014-07-10T12:35:30.036+0200: 75.533: [GC (CMS Initial Mark) [1 CMS-initial-mark: 181463K(353920K)] 198513K(507264K), 0.0003908 secs] [Times: user=0.00 sys=0.00, real=0.00 secs] 
2014-07-10T12:35:30.037+0200: 75.534: [CMS-concurrent-mark-start]
2014-07-10T12:35:30.040+0200: 75.537: [CMS-concurrent-mark: 0.003/0.003 secs] [Times: user=0.00 sys=0.00, real=0.00 secs] 
2014-07-10T12:35:30.040+0200: 75.537: [CMS-concurrent-preclean-start]
2014-07-10T12:35:30.041+0200: 75.538: [CMS-concurrent-preclean: 0.001/0.001 secs] [Times: user=0.00 sys=0.00, real=0.00 secs] 
2014-07-10T12:35:30.041+0200: 75.538: [GC (CMS Final Remark) [YG occupancy: 17085 K (153344 K)]75.538: [Rescan (parallel) , 0.0006130 secs]75.539: [weak refs processing, 0.0000293 secs]75.539: [class unloading, 0.0004022 secs]75.539: [scrub symbol table, 0.0005587 secs]75.540: [scrub string table, 0.0001565 secs][1 CMS-remark: 181463K(353920K)] 198548K(507264K), 0.0018914 secs] [Times: user=0.00 sys=0.00, real=0.00 secs] 
2014-07-10T12:35:30.043+0200: 75.540: [CMS-concurrent-sweep-start]
2014-07-10T12:35:30.045+0200: 75.541: [CMS-concurrent-sweep: 0.001/0.001 secs] [Times: user=0.00 sys=0.00, real=0.00 secs] 
2014-07-10T12:35:30.045+0200: 75.542: [CMS-concurrent-reset-start]
2014-07-10T12:35:30.046+0200: 75.543: [CMS-concurrent-reset: 0.001/0.001 secs] [Times: user=0.00 sys=0.00, real=0.00 secs] 
2014-07-10T12:35:30.144+0200: 75.641: [GC (Allocation Failure) 75.641: [ParNew: 153333K->4967K(153344K), 0.0041788 secs] 203583K->55234K(507264K), 0.0043522 secs] [Times: user=0.00 sys=0.00, real=0.00 secs] 
2014-07-10T12:35:30.274+0200: 75.770: [GC (Allocation Failure) 75.770: [ParNew: 141264K->1774K(153344K), 0.0024190 secs] 191530K->52041K(507264K), 0.0025462 secs] [Times: user=0.00 sys=0.00, real=0.00 secs] 
2014-07-10T12:35:30.445+0200: 75.942: [GC (Allocation Failure) 75.942: [ParNew: 138087K->6817K(153344K), 0.0055797 secs] 188354K->57083K(507264K), 0.0057230 secs] [Times: user=0.00 sys=0.00, real=0.01 secs] 
2014-07-10T12:35:30.548+0200: 76.045: [GC (Allocation Failure) 76.045: [ParNew: 143131K->11859K(153344K), 0.0085904 secs] 193397K->62126K(507264K), 0.0087657 secs] [Times: user=0.00 sys=0.00, real=0.01 secs] 
2014-07-10T12:35:30.681+0200: 76.178: [GC (Allocation Failure) 76.178: [ParNew: 148173K->16826K(153344K), 0.0118578 secs] 198439K->67169K(507264K), 0.0120184 secs] [Times: user=0.03 sys=0.00, real=0.01 secs] 
2014-07-10T12:35:30.848+0200: 76.344: [GC (Allocation Failure) 76.345: [ParNew: 153115K->8388K(153344K), 0.0067111 secs] 203458K->58747K(507264K), 0.0069714 secs] [Times: user=0.00 sys=0.00, real=0.01 secs] 
2014-07-10T12:35:30.948+0200: 76.445: [GC (Allocation Failure) 76.445: [ParNew: 144703K->13430K(153344K), 0.0097566 secs] 195063K->63790K(507264K), 0.0099161 secs] [Times: user=0.03 sys=0.00, real=0.01 secs] 
2014-07-10T12:35:31.110+0200: 76.607: [GC (Allocation Failure) 76.607: [ParNew: 149745K->17018K(153344K), 0.0122713 secs] 200105K->68830K(507264K), 0.0125324 secs] [Times: user=0.00 sys=0.00, real=0.01 secs] 
2014-07-10T12:35:31.252+0200: 76.749: [GC (Allocation Failure) 76.749: [ParNew: 153322K->11071K(153344K), 0.0131982 secs] 205134K->62900K(507264K), 0.0134475 secs] [Times: user=0.03 sys=0.00, real=0.01 secs] 
2014-07-10T12:35:31.349+0200: 76.846: [GC (Allocation Failure) 76.846: [ParNew: 147386K->16089K(153344K), 0.0115139 secs] 199215K->67942K(507264K), 0.0116748 secs] [Times: user=0.03 sys=0.00, real=0.01 secs] 
2014-07-10T12:35:31.499+0200: 76.996: [GC (Allocation Failure) 76.996: [ParNew: 152404K->17018K(153344K), 0.0145033 secs] 204257K->72985K(507264K), 0.0147281 secs] [Times: user=0.00 sys=0.02, real=0.01 secs] 
2014-07-10T12:35:31.660+0200: 77.157: [GC (Allocation Failure) 77.157: [ParNew: 153332K->17018K(153344K), 0.0187525 secs] 209299K->82126K(507264K), 0.0189263 secs] [Times: user=0.03 sys=0.00, real=0.02 secs] 
2014-07-10T12:35:31.751+0200: 77.248: [GC (Allocation Failure) 77.248: [ParNew: 153320K->16996K(153344K), 0.0128180 secs] 218428K->83913K(507264K), 0.0130060 secs] [Times: user=0.03 sys=0.00, real=0.01 secs] 
2014-07-10T12:35:31.899+0200: 77.396: [GC (Allocation Failure) 77.396: [ParNew: 153309K->17018K(153344K), 0.0164047 secs] 220225K->90746K(507264K), 0.0165649 secs] [Times: user=0.03 sys=0.00, real=0.02 secs] 
2014-07-10T12:35:32.068+0200: 77.565: [GC (Allocation Failure) 77.565: [ParNew: 153332K->17018K(153344K), 0.0219158 secs] 227060K->102576K(507264K), 0.0221174 secs] [Times: user=0.03 sys=0.00, real=0.02 secs] 
2014-07-10T12:35:32.163+0200: 77.660: [GC (Allocation Failure) 77.660: [ParNew: 153330K->17018K(153344K), 0.0226842 secs] 238888K->119432K(507264K), 0.0228430 secs] [Times: user=0.06 sys=0.00, real=0.02 secs] 
2014-07-10T12:35:32.290+0200: 77.787: [GC (Allocation Failure) 77.787: [ParNew: 153306K->17022K(153344K), 0.0243498 secs] 255721K->133059K(507264K), 0.0245317 secs] [Times: user=0.03 sys=0.00, real=0.02 secs] 
2014-07-10T12:35:32.469+0200: 77.966: [GC (Allocation Failure) 77.966: [ParNew: 153335K->17018K(153344K), 0.0250303 secs] 269373K->151708K(507264K), 0.0251949 secs] [Times: user=0.03 sys=0.00, real=0.02 secs] 
2014-07-10T12:35:32.563+0200: 78.060: [GC (Allocation Failure) 78.060: [ParNew: 153331K->17018K(153344K), 0.0267556 secs] 288021K->175384K(507264K), 0.0269096 secs] [Times: user=0.05 sys=0.00, real=0.03 secs] 
2014-07-10T12:35:32.712+0200: 78.209: [GC (Allocation Failure) 78.209: [ParNew: 153313K->17000K(153344K), 0.0236862 secs] 311680K->194720K(507264K), 0.0238512 secs] [Times: user=0.06 sys=0.00, real=0.02 secs] 
2014-07-10T12:35:32.864+0200: 78.360: [GC (Allocation Failure) 78.361: [ParNew: 153288K->17022K(153344K), 0.0233284 secs] 331008K->210842K(507264K), 0.0235003 secs] [Times: user=0.06 sys=0.00, real=0.02 secs] 
2014-07-10T12:35:32.960+0200: 78.457: [GC (Allocation Failure) 78.457: [ParNew: 153336K->17018K(153344K), 0.0248635 secs] 347156K->231956K(507264K), 0.0250244 secs] [Times: user=0.06 sys=0.00, real=0.02 secs] 
2014-07-10T12:35:33.122+0200: 78.619: [GC (Allocation Failure) 78.619: [ParNew: 153333K->17018K(153344K), 0.0290261 secs] 368272K->258097K(507264K), 0.0291893 secs] [Times: user=0.03 sys=0.00, real=0.03 secs] 
2014-07-10T12:35:33.262+0200: 78.759: [GC (Allocation Failure) 78.759: [ParNew: 153308K->17022K(153344K), 0.0255875 secs] 394387K->281009K(507264K), 0.0257701 secs] [Times: user=0.03 sys=0.00, real=0.02 secs] 
2014-07-10T12:35:33.364+0200: 78.861: [GC (Allocation Failure) 78.861: [ParNew: 153336K->17018K(153344K), 0.0298246 secs] 417323K->308943K(507264K), 0.0299918 secs] [Times: user=0.06 sys=0.00, real=0.03 secs] 
2014-07-10T12:35:33.394+0200: 78.891: [GC (CMS Initial Mark) [1 CMS-initial-mark: 291924K(353920K)] 310546K(507264K), 0.0005796 secs] [Times: user=0.00 sys=0.00, real=0.00 secs] 
2014-07-10T12:35:33.397+0200: 78.894: [CMS-concurrent-mark-start]
2014-07-10T12:35:33.403+0200: 78.900: [CMS-concurrent-mark: 0.006/0.006 secs] [Times: user=0.03 sys=0.00, real=0.01 secs] 
2014-07-10T12:35:33.403+0200: 78.900: [CMS-concurrent-preclean-start]
2014-07-10T12:35:33.404+0200: 78.901: [CMS-concurrent-preclean: 0.001/0.001 secs] [Times: user=0.00 sys=0.00, real=0.00 secs] 
2014-07-10T12:35:33.404+0200: 78.901: [CMS-concurrent-abortable-preclean-start]
2014-07-10T12:35:33.498+0200: 78.995: [GC (Allocation Failure) 78.995: [ParNew2014-07-10T12:35:33.522+0200: 79.019: [CMS-concurrent-abortable-preclean: 0.001/0.117 secs] [Times: user=0.09 sys=0.00, real=0.12 secs] 
: 153331K->17018K(153344K), 0.0326902 secs] 445256K->341903K(507264K), 0.0328654 secs] [Times: user=0.06 sys=0.00, real=0.03 secs] 
2014-07-10T12:35:33.531+0200: 79.028: [GC (CMS Final Remark) [YG occupancy: 17085 K (153344 K)]79.028: [Rescan (parallel) , 0.0007098 secs]79.029: [weak refs processing, 0.0000282 secs]79.029: [class unloading, 0.0004249 secs]79.029: [scrub symbol table, 0.0005565 secs]79.030: [scrub string table, 0.0001580 secs][1 CMS-remark: 324884K(353920K)] 341970K(507264K), 0.0019985 secs] [Times: user=0.00 sys=0.00, real=0.00 secs] 
2014-07-10T12:35:33.533+0200: 79.030: [CMS-concurrent-sweep-start]
2014-07-10T12:35:33.539+0200: 79.036: [CMS-concurrent-sweep: 0.006/0.006 secs] [Times: user=0.00 sys=0.00, real=0.01 secs] 
2014-07-10T12:35:33.539+0200: 79.036: [CMS-concurrent-reset-start]
2014-07-10T12:35:33.541+0200: 79.038: [CMS-concurrent-reset: 0.002/0.002 secs] [Times: user=0.00 sys=0.00, real=0.00 secs] 
2014-07-10T12:35:33.680+0200: 79.177: [GC (Allocation Failure) 79.177: [ParNew: 153332K->17018K(153344K), 0.0359469 secs] 215993K->117666K(507264K), 0.0361394 secs] [Times: user=0.09 sys=0.00, real=0.04 secs] 
2014-07-10T12:35:33.784+0200: 79.281: [GC (Allocation Failure) 79.281: [ParNew: 153320K->16996K(153344K), 0.0308611 secs] 253968K->148299K(507264K), 0.0310693 secs] [Times: user=0.06 sys=0.00, real=0.03 secs] 
2014-07-10T12:35:33.899+0200: 79.396: [GC (Allocation Failure) 79.396: [ParNew: 153309K->17018K(153344K), 0.0338267 secs] 284612K->183978K(507264K), 0.0340126 secs] [Times: user=0.09 sys=0.00, real=0.03 secs] 
2014-07-10T12:35:34.089+0200: 79.586: [GC (Allocation Failure) 79.586: [ParNew: 153330K->17018K(153344K), 0.0375612 secs] 320291K->224654K(507264K), 0.0377067 secs] [Times: user=0.06 sys=0.00, real=0.04 secs] 
2014-07-10T12:35:34.193+0200: 79.690: [GC (Allocation Failure) 79.690: [ParNew: 153331K->17018K(153344K), 0.0401429 secs] 360968K->270357K(507264K), 0.0403035 secs] [Times: user=0.09 sys=0.00, real=0.04 secs] 
2014-07-10T12:35:34.234+0200: 79.731: [GC (CMS Initial Mark) [1 CMS-initial-mark: 253338K(353920K)] 270389K(507264K), 0.0003677 secs] [Times: user=0.00 sys=0.00, real=0.00 secs] 
2014-07-10T12:35:34.234+0200: 79.731: [CMS-concurrent-mark-start]
2014-07-10T12:35:34.240+0200: 79.737: [CMS-concurrent-mark: 0.005/0.005 secs] [Times: user=0.00 sys=0.00, real=0.01 secs] 
2014-07-10T12:35:34.240+0200: 79.737: [CMS-concurrent-preclean-start]
2014-07-10T12:35:34.241+0200: 79.738: [CMS-concurrent-preclean: 0.001/0.001 secs] [Times: user=0.00 sys=0.00, real=0.00 secs] 
2014-07-10T12:35:34.241+0200: 79.738: [CMS-concurrent-abortable-preclean-start]
2014-07-10T12:35:34.302+0200: 79.799: [GC (Allocation Failure) 79.799: [ParNew: 153320K->16994K(153344K), 0.0363722 secs] 406659K->308704K(507264K), 0.0365317 secs] [Times: user=0.09 sys=0.00, real=0.04 secs] 
2014-07-10T12:35:34.487+0200: 79.984: [GC (Allocation Failure) 79.984: [ParNew: 153310K->17018K(153344K), 0.0399450 secs] 445020K->352101K(507264K), 0.0401158 secs] [Times: user=0.09 sys=0.00, real=0.04 secs] 
2014-07-10T12:35:34.527+0200: 80.024: [CMS-concurrent-abortable-preclean: 0.012/0.286 secs] [Times: user=0.31 sys=0.00, real=0.29 secs] 
2014-07-10T12:35:34.527+0200: 80.024: [GC (CMS Final Remark) [YG occupancy: 17245 K (153344 K)]80.024: [Rescan (parallel) , 0.0008722 secs]80.025: [weak refs processing, 0.0000286 secs]80.025: [class unloading, 0.0004411 secs]80.025: [scrub symbol table, 0.0005631 secs]80.026: [scrub string table, 0.0001536 secs][1 CMS-remark: 335083K(353920K)] 352328K(507264K), 0.0021770 secs] [Times: user=0.00 sys=0.00, real=0.00 secs] 
2014-07-10T12:35:34.529+0200: 80.026: [CMS-concurrent-sweep-start]
2014-07-10T12:35:34.532+0200: 80.029: [CMS-concurrent-sweep: 0.003/0.003 secs] [Times: user=0.00 sys=0.00, real=0.00 secs] 
2014-07-10T12:35:34.532+0200: 80.029: [CMS-concurrent-reset-start]
2014-07-10T12:35:34.537+0200: 80.034: [CMS-concurrent-reset: 0.005/0.005 secs] [Times: user=0.00 sys=0.00, real=0.00 secs] 
2014-07-10T12:35:34.597+0200: 80.094: [GC (Allocation Failure) 80.094: [ParNew: 153331K->17018K(153344K), 0.0420223 secs] 282549K->194628K(507264K), 0.0421773 secs] [Times: user=0.09 sys=0.00, real=0.04 secs] 
2014-07-10T12:35:34.639+0200: 80.136: [GC (CMS Initial Mark) [1 CMS-initial-mark: 177609K(353920K)] 194660K(507264K), 0.0003949 secs] [Times: user=0.00 sys=0.00, real=0.00 secs] 
2014-07-10T12:35:34.640+0200: 80.137: [CMS-concurrent-mark-start]
2014-07-10T12:35:34.643+0200: 80.140: [CMS-concurrent-mark: 0.003/0.003 secs] [Times: user=0.00 sys=0.00, real=0.00 secs] 
2014-07-10T12:35:34.643+0200: 80.140: [CMS-concurrent-preclean-start]
2014-07-10T12:35:34.644+0200: 80.141: [CMS-concurrent-preclean: 0.001/0.001 secs] [Times: user=0.00 sys=0.00, real=0.00 secs] 
2014-07-10T12:35:34.644+0200: 80.141: [CMS-concurrent-abortable-preclean-start]
2014-07-10T12:35:34.708+0200: 80.205: [GC (Allocation Failure) 80.205: [ParNew: 153335K->3777K(153344K), 0.0038045 secs] 330944K->181403K(507264K), 0.0039607 secs] [Times: user=0.03 sys=0.00, real=0.00 secs] 
2014-07-10T12:35:34.895+0200: 80.392: [GC (Allocation Failure) 80.392: [ParNew2014-07-10T12:35:34.936+0200: 80.433: [CMS-concurrent-abortable-preclean: 0.004/0.292 secs] [Times: user=0.27 sys=0.00, real=0.29 secs] 
: 140093K->17016K(153344K), 0.0410382 secs] 317719K->239656K(507264K), 0.0411614 secs] [Times: user=0.09 sys=0.00, real=0.04 secs] 
2014-07-10T12:35:34.937+0200: 80.434: [GC (CMS Final Remark) [YG occupancy: 17660 K (153344 K)]80.434: [Rescan (parallel) , 0.0007717 secs]80.435: [weak refs processing, 0.0000286 secs]80.435: [class unloading, 0.0004872 secs]80.435: [scrub symbol table, 0.0006178 secs]80.436: [scrub string table, 0.0001782 secs][1 CMS-remark: 222639K(353920K)] 240300K(507264K), 0.0022306 secs] [Times: user=0.00 sys=0.00, real=0.00 secs] 
2014-07-10T12:35:34.939+0200: 80.436: [CMS-concurrent-sweep-start]
2014-07-10T12:35:34.941+0200: 80.438: [CMS-concurrent-sweep: 0.002/0.002 secs] [Times: user=0.00 sys=0.00, real=0.00 secs] 
2014-07-10T12:35:34.941+0200: 80.438: [CMS-concurrent-reset-start]
2014-07-10T12:35:34.943+0200: 80.440: [CMS-concurrent-reset: 0.002/0.002 secs] [Times: user=0.00 sys=0.00, real=0.00 secs] 
2014-07-10T12:35:35.043+0200: 80.539: [GC (Allocation Failure) 80.539: [ParNew: 153307K->1434K(153344K), 0.0031174 secs] 248496K->96668K(507264K), 0.0032828 secs] [Times: user=0.00 sys=0.00, real=0.00 secs] 
2014-07-10T12:35:35.145+0200: 80.641: [GC (Allocation Failure) 80.641: [ParNew: 137748K->6477K(153344K), 0.0053051 secs] 232981K->101710K(507264K), 0.0054613 secs] [Times: user=0.03 sys=0.00, real=0.01 secs] 
2014-07-10T12:35:35.283+0200: 80.779: [GC (Allocation Failure) 80.779: [ParNew: 142767K->3263K(153344K), 0.0035698 secs] 238001K->98497K(507264K), 0.0037418 secs] [Times: user=0.00 sys=0.00, real=0.00 secs] 
2014-07-10T12:35:35.446+0200: 80.942: [GC (Allocation Failure) 80.942: [ParNew: 139579K->8306K(153344K), 0.0066513 secs] 234812K->103539K(507264K), 0.0068607 secs] [Times: user=0.00 sys=0.00, real=0.01 secs] 
2014-07-10T12:35:35.548+0200: 81.044: [GC (Allocation Failure) 81.044: [ParNew: 144618K->13348K(153344K), 0.0095638 secs] 239852K->108582K(507264K), 0.0097310 secs] [Times: user=0.03 sys=0.00, real=0.01 secs] 
2014-07-10T12:35:35.699+0200: 81.195: [GC (Allocation Failure) 81.196: [ParNew: 149667K->1792K(153344K), 0.0028798 secs] 244900K->97119K(507264K), 0.0030397 secs] [Times: user=0.00 sys=0.00, real=0.00 secs] 
2014-07-10T12:35:35.847+0200: 81.343: [GC (Allocation Failure) 81.343: [ParNew: 138106K->6835K(153344K), 0.0095477 secs] 233433K->102161K(507264K), 0.0097889 secs] [Times: user=0.03 sys=0.00, real=0.01 secs] 
2014-07-10T12:35:35.948+0200: 81.444: [GC (Allocation Failure) 81.444: [ParNew: 143149K->11877K(153344K), 0.0086986 secs] 238475K->107204K(507264K), 0.0088588 secs] [Times: user=0.00 sys=0.00, real=0.01 secs] 
2014-07-10T12:35:36.094+0200: 81.590: [GC (Allocation Failure) 81.590: [ParNew: 148191K->16858K(153344K), 0.0127538 secs] 243517K->112245K(507264K), 0.0129437 secs] [Times: user=0.03 sys=0.00, real=0.01 secs] 
2014-07-10T12:35:36.249+0200: 81.745: [GC (Allocation Failure) 81.746: [ParNew: 153147K->13628K(153344K), 0.0106472 secs] 248534K->109031K(507264K), 0.0108393 secs] [Times: user=0.03 sys=0.00, real=0.01 secs] 
2014-07-10T12:35:36.351+0200: 81.847: [GC (Allocation Failure) 81.847: [ParNew: 149941K->17018K(153344K), 0.0128414 secs] 245344K->114074K(507264K), 0.0130511 secs] [Times: user=0.00 sys=0.00, real=0.01 secs] 
2014-07-10T12:35:36.493+0200: 81.990: [GC (Allocation Failure) 81.990: [ParNew: 153331K->17018K(153344K), 0.0154918 secs] 250388K->120749K(507264K), 0.0156835 secs] [Times: user=0.03 sys=0.00, real=0.02 secs] 
2014-07-10T12:35:36.666+0200: 82.162: [GC (Allocation Failure) 82.162: [ParNew: 153331K->17018K(153344K), 0.0206575 secs] 257063K->132451K(507264K), 0.0208379 secs] [Times: user=0.03 sys=0.00, real=0.02 secs] 
2014-07-10T12:35:36.756+0200: 82.252: [GC (Allocation Failure) 82.252: [ParNew: 153307K->16998K(153344K), 0.0138944 secs] 268740K->135713K(507264K), 0.0140557 secs] [Times: user=0.00 sys=0.00, real=0.01 secs] 
2014-07-10T12:35:36.900+0200: 82.397: [GC (Allocation Failure) 82.397: [ParNew: 153314K->17018K(153344K), 0.0171749 secs] 272029K->144021K(507264K), 0.0173396 secs] [Times: user=0.03 sys=0.00, real=0.02 secs] 
2014-07-10T12:35:37.069+0200: 82.565: [GC (Allocation Failure) 82.565: [ParNew: 153333K->17018K(153344K), 0.0264876 secs] 280337K->157324K(507264K), 0.0267277 secs] [Times: user=0.03 sys=0.00, real=0.03 secs] 
2014-07-10T12:35:37.164+0200: 82.660: [GC (Allocation Failure) 82.660: [ParNew: 153332K->17018K(153344K), 0.0226179 secs] 293638K->175653K(507264K), 0.0227363 secs] [Times: user=0.03 sys=0.00, real=0.02 secs] 
2014-07-10T12:35:37.300+0200: 82.797: [GC (Allocation Failure) 82.797: [ParNew: 153324K->16994K(153344K), 0.0183855 secs] 311959K->186627K(507264K), 0.0185252 secs] [Times: user=0.06 sys=0.00, real=0.02 secs] 
2014-07-10T12:35:37.470+0200: 82.967: [GC (Allocation Failure) 82.967: [ParNew: 153308K->17018K(153344K), 0.0247271 secs] 322941K->202651K(507264K), 0.0249793 secs] [Times: user=0.06 sys=0.00, real=0.02 secs] 
2014-07-10T12:35:37.563+0200: 83.059: [GC (Allocation Failure) 83.059: [ParNew: 153330K->17018K(153344K), 0.0251919 secs] 338962K->223669K(507264K), 0.0253500 secs] [Times: user=0.06 sys=0.00, real=0.03 secs] 
2014-07-10T12:35:37.694+0200: 83.191: [GC (Allocation Failure) 83.191: [ParNew: 153312K->16992K(153344K), 0.0252785 secs] 359963K->245558K(507264K), 0.0254299 secs] [Times: user=0.03 sys=0.00, real=0.03 secs] 
2014-07-10T12:35:37.870+0200: 83.366: [GC (Allocation Failure) 83.366: [ParNew: 153281K->17022K(153344K), 0.0247586 secs] 381847K->264241K(507264K), 0.0249144 secs] [Times: user=0.06 sys=0.00, real=0.03 secs] 
2014-07-10T12:35:37.963+0200: 83.459: [GC (Allocation Failure) 83.459: [ParNew: 153336K->17018K(153344K), 0.0268348 secs] 400555K->287917K(507264K), 0.0271578 secs] [Times: user=0.06 sys=0.00, real=0.03 secs] 
2014-07-10T12:35:37.990+0200: 83.487: [GC (CMS Initial Mark) [1 CMS-initial-mark: 270899K(353920K)] 287949K(507264K), 0.0003230 secs] [Times: user=0.00 sys=0.00, real=0.00 secs] 
2014-07-10T12:35:37.991+0200: 83.487: [CMS-concurrent-mark-start]
2014-07-10T12:35:37.996+0200: 83.492: [CMS-concurrent-mark: 0.005/0.005 secs] [Times: user=0.00 sys=0.00, real=0.01 secs] 
2014-07-10T12:35:37.996+0200: 83.492: [CMS-concurrent-preclean-start]
2014-07-10T12:35:37.997+0200: 83.493: [CMS-concurrent-preclean: 0.001/0.001 secs] [Times: user=0.00 sys=0.00, real=0.00 secs] 
2014-07-10T12:35:37.997+0200: 83.494: [CMS-concurrent-abortable-preclean-start]
2014-07-10T12:35:38.110+0200: 83.606: [GC (Allocation Failure) 83.606: [ParNew: 153333K->17018K(153344K), 0.0302785 secs] 424232K->316619K(507264K), 0.0304219 secs] [Times: user=0.06 sys=0.00, real=0.03 secs] 
2014-07-10T12:35:38.140+0200: 83.637: [CMS-concurrent-abortable-preclean: 0.003/0.143 secs] [Times: user=0.13 sys=0.00, real=0.14 secs] 
2014-07-10T12:35:38.140+0200: 83.637: [GC (CMS Final Remark) [YG occupancy: 17117 K (153344 K)]83.637: [Rescan (parallel) , 0.0006786 secs]83.637: [weak refs processing, 0.0000392 secs]83.638: [class unloading, 0.0004491 secs]83.638: [scrub symbol table, 0.0005331 secs]83.639: [scrub string table, 0.0001554 secs][1 CMS-remark: 299601K(353920K)] 316718K(507264K), 0.0020109 secs] [Times: user=0.00 sys=0.00, real=0.00 secs] 
2014-07-10T12:35:38.143+0200: 83.639: [CMS-concurrent-sweep-start]
2014-07-10T12:35:38.145+0200: 83.642: [CMS-concurrent-sweep: 0.003/0.003 secs] [Times: user=0.03 sys=0.00, real=0.00 secs] 
2014-07-10T12:35:38.145+0200: 83.642: [CMS-concurrent-reset-start]
2014-07-10T12:35:38.148+0200: 83.644: [CMS-concurrent-reset: 0.002/0.002 secs] [Times: user=0.00 sys=0.00, real=0.00 secs] 
2014-07-10T12:35:38.262+0200: 83.758: [GC (Allocation Failure) 83.758: [ParNew: 153306K->17022K(153344K), 0.0275178 secs] 207492K->96676K(507264K), 0.0277195 secs] [Times: user=0.06 sys=0.00, real=0.03 secs] 
2014-07-10T12:35:38.365+0200: 83.862: [GC (Allocation Failure) 83.862: [ParNew: 153334K->17018K(153344K), 0.0308094 secs] 232989K->127171K(507264K), 0.0309751 secs] [Times: user=0.06 sys=0.00, real=0.03 secs] 
2014-07-10T12:35:38.499+0200: 83.995: [GC (Allocation Failure) 83.995: [ParNew: 153331K->17018K(153344K), 0.0338942 secs] 263484K->162693K(507264K), 0.0340320 secs] [Times: user=0.06 sys=0.00, real=0.03 secs] 
2014-07-10T12:35:38.686+0200: 84.183: [GC (Allocation Failure) 84.183: [ParNew: 153331K->17018K(153344K), 0.0376635 secs] 299006K->203241K(507264K), 0.0378548 secs] [Times: user=0.09 sys=0.00, real=0.04 secs] 
2014-07-10T12:35:38.795+0200: 84.291: [GC (Allocation Failure) 84.291: [ParNew: 153320K->17004K(153344K), 0.0295489 secs] 339542K->231224K(507264K), 0.0297293 secs] [Times: user=0.06 sys=0.00, real=0.03 secs] 
2014-07-10T12:35:38.899+0200: 84.396: [GC (Allocation Failure) 84.396: [ParNew: 153318K->17018K(153344K), 0.0321949 secs] 367538K->264247K(507264K), 0.0323514 secs] [Times: user=0.06 sys=0.00, real=0.03 secs] 
2014-07-10T12:35:38.932+0200: 84.428: [GC (CMS Initial Mark) [1 CMS-initial-mark: 247229K(353920K)] 264279K(507264K), 0.0003223 secs] [Times: user=0.00 sys=0.00, real=0.00 secs] 
2014-07-10T12:35:38.932+0200: 84.429: [CMS-concurrent-mark-start]
2014-07-10T12:35:38.938+0200: 84.434: [CMS-concurrent-mark: 0.005/0.005 secs] [Times: user=0.00 sys=0.00, real=0.01 secs] 
2014-07-10T12:35:38.938+0200: 84.434: [CMS-concurrent-preclean-start]
2014-07-10T12:35:38.939+0200: 84.435: [CMS-concurrent-preclean: 0.001/0.001 secs] [Times: user=0.00 sys=0.00, real=0.00 secs] 
2014-07-10T12:35:38.939+0200: 84.435: [CMS-concurrent-abortable-preclean-start]
2014-07-10T12:35:39.079+0200: 84.575: [GC (Allocation Failure) 84.575: [ParNew: 153333K->17018K(153344K), 0.0368913 secs] 400562K->302266K(507264K), 0.0370681 secs] [Times: user=0.09 sys=0.00, real=0.04 secs] 
2014-07-10T12:35:39.116+0200: 84.613: [CMS-concurrent-abortable-preclean: 0.005/0.178 secs] [Times: user=0.19 sys=0.00, real=0.18 secs] 
2014-07-10T12:35:39.117+0200: 84.613: [GC (CMS Final Remark) [YG occupancy: 17661 K (153344 K)]84.613: [Rescan (parallel) , 0.0007083 secs]84.614: [weak refs processing, 0.0000282 secs]84.614: [class unloading, 0.0004909 secs]84.614: [scrub symbol table, 0.0005624 secs]84.615: [scrub string table, 0.0001613 secs][1 CMS-remark: 285247K(353920K)] 302909K(507264K), 0.0020868 secs] [Times: user=0.00 sys=0.00, real=0.00 secs] 
2014-07-10T12:35:39.119+0200: 84.615: [CMS-concurrent-sweep-start]
2014-07-10T12:35:39.121+0200: 84.618: [CMS-concurrent-sweep: 0.003/0.003 secs] [Times: user=0.00 sys=0.00, real=0.00 secs] 
2014-07-10T12:35:39.122+0200: 84.618: [CMS-concurrent-reset-start]
2014-07-10T12:35:39.124+0200: 84.620: [CMS-concurrent-reset: 0.002/0.002 secs] [Times: user=0.00 sys=0.00, real=0.00 secs] 
2014-07-10T12:35:39.186+0200: 84.682: [GC (Allocation Failure) 84.682: [ParNew: 153332K->17018K(153344K), 0.0385650 secs] 226163K->132894K(507264K), 0.0387006 secs] [Times: user=0.09 sys=0.00, real=0.04 secs] 
2014-07-10T12:35:39.301+0200: 84.797: [GC (Allocation Failure) 84.797: [ParNew: 153309K->17022K(153344K), 0.0371084 secs] 269185K->172710K(507264K), 0.0377804 secs] [Times: user=0.06 sys=0.00, real=0.04 secs] 
2014-07-10T12:35:39.491+0200: 84.988: [GC (Allocation Failure) 84.988: [ParNew: 153335K->17018K(153344K), 0.0412919 secs] 309023K->217548K(507264K), 0.0414577 secs] [Times: user=0.08 sys=0.00, real=0.04 secs] 
2014-07-10T12:35:39.533+0200: 85.029: [GC (CMS Initial Mark) [1 CMS-initial-mark: 200529K(353920K)] 217580K(507264K), 0.0004905 secs] [Times: user=0.00 sys=0.00, real=0.00 secs] 
2014-07-10T12:35:39.534+0200: 85.030: [CMS-concurrent-mark-start]
2014-07-10T12:35:39.542+0200: 85.039: [CMS-concurrent-mark: 0.009/0.009 secs] [Times: user=0.00 sys=0.00, real=0.01 secs] 
2014-07-10T12:35:39.542+0200: 85.039: [CMS-concurrent-preclean-start]
2014-07-10T12:35:39.543+0200: 85.040: [CMS-concurrent-preclean: 0.001/0.001 secs] [Times: user=0.00 sys=0.00, real=0.00 secs] 
2014-07-10T12:35:39.543+0200: 85.040: [CMS-concurrent-abortable-preclean-start]
2014-07-10T12:35:39.644+0200: 85.140: [GC (Allocation Failure) 85.140: [ParNew2014-07-10T12:35:39.648+0200: 85.145: [CMS-concurrent-abortable-preclean: 0.001/0.105 secs] [Times: user=0.06 sys=0.00, real=0.11 secs] 
: 153307K->1274K(153344K), 0.0047786 secs] 353836K->201820K(507264K), 0.0049681 secs] [Times: user=0.00 sys=0.00, real=0.00 secs] 
2014-07-10T12:35:39.649+0200: 85.145: [GC (CMS Final Remark) [YG occupancy: 1341 K (153344 K)]85.146: [Rescan (parallel) , 0.0017543 secs]85.147: [weak refs processing, 0.0000590 secs]85.147: [class unloading, 0.0010071 secs]85.148: [scrub symbol table, 0.0013910 secs]85.150: [scrub string table, 0.0004535 secs][1 CMS-remark: 200545K(353920K)] 201887K(507264K), 0.0050290 secs] [Times: user=0.00 sys=0.00, real=0.01 secs] 
2014-07-10T12:35:39.654+0200: 85.151: [CMS-concurrent-sweep-start]
2014-07-10T12:35:39.658+0200: 85.155: [CMS-concurrent-sweep: 0.004/0.004 secs] [Times: user=0.03 sys=0.00, real=0.00 secs] 
2014-07-10T12:35:39.659+0200: 85.155: [CMS-concurrent-reset-start]
2014-07-10T12:35:39.662+0200: 85.159: [CMS-concurrent-reset: 0.004/0.004 secs] [Times: user=0.00 sys=0.00, real=0.00 secs] 
2014-07-10T12:35:39.732+0200: 85.228: [GC (Allocation Failure) 85.228: [ParNew: 137569K->17010K(153344K), 0.0378369 secs] 184244K->106169K(507264K), 0.0380733 secs] [Times: user=0.09 sys=0.00, real=0.04 secs] 
2014-07-10T12:35:39.874+0200: 85.370: [GC (Allocation Failure) 85.370: [ParNew: 153325K->17018K(153344K), 0.0419970 secs] 242484K->153696K(507264K), 0.0421568 secs] [Times: user=0.09 sys=0.00, real=0.04 secs] 
2014-07-10T12:35:40.044+0200: 85.540: [GC (Allocation Failure) 85.540: [ParNew: 153308K->3931K(153344K), 0.0034305 secs] 289987K->140626K(507264K), 0.0035669 secs] [Times: user=0.03 sys=0.00, real=0.00 secs] 
2014-07-10T12:35:40.147+0200: 85.644: [GC (Allocation Failure) 85.644: [ParNew: 140244K->8974K(153344K), 0.0122222 secs] 276939K->145669K(507264K), 0.0125676 secs] [Times: user=0.03 sys=0.00, real=0.01 secs] 
2014-07-10T12:35:40.285+0200: 85.782: [GC (Allocation Failure) 85.782: [ParNew: 145277K->1594K(153344K), 0.0025414 secs] 281972K->138329K(507264K), 0.0027006 secs] [Times: user=0.00 sys=0.00, real=0.00 secs] 
2014-07-10T12:35:40.446+0200: 85.943: [GC (Allocation Failure) 85.943: [ParNew: 137908K->6637K(153344K), 0.0057751 secs] 274643K->143372K(507264K), 0.0060321 secs] [Times: user=0.00 sys=0.00, real=0.01 secs] 
2014-07-10T12:35:40.547+0200: 86.043: [GC (Allocation Failure) 86.044: [ParNew: 142950K->11679K(153344K), 0.0087077 secs] 279685K->148414K(507264K), 0.0088533 secs] [Times: user=0.00 sys=0.00, real=0.01 secs] 
2014-07-10T12:35:40.691+0200: 86.187: [GC (Allocation Failure) 86.187: [ParNew: 147993K->16666K(153344K), 0.0118028 secs] 284728K->153457K(507264K), 0.0119604 secs] [Times: user=0.03 sys=0.00, real=0.01 secs] 
2014-07-10T12:35:40.848+0200: 86.345: [GC (Allocation Failure) 86.345: [ParNew: 152984K->8260K(153344K), 0.0071675 secs] 289775K->145067K(507264K), 0.0073376 secs] [Times: user=0.00 sys=0.00, real=0.01 secs] 
2014-07-10T12:35:40.950+0200: 86.446: [GC (Allocation Failure) 86.446: [ParNew: 144574K->13302K(153344K), 0.0095689 secs] 281382K->150110K(507264K), 0.0097365 secs] [Times: user=0.03 sys=0.00, real=0.01 secs] 
2014-07-10T12:35:41.100+0200: 86.596: [GC (Allocation Failure) 86.596: [ParNew: 149616K->17018K(153344K), 0.0132004 secs] 286424K->155151K(507264K), 0.0133811 secs] [Times: user=0.03 sys=0.00, real=0.01 secs] 
2014-07-10T12:35:41.255+0200: 86.751: [GC (Allocation Failure) 86.751: [ParNew: 153309K->15069K(153344K), 0.0183130 secs] 291442K->153218K(507264K), 0.0186161 secs] [Times: user=0.03 sys=0.00, real=0.02 secs] 
2014-07-10T12:35:41.352+0200: 86.849: [GC (Allocation Failure) 86.849: [ParNew: 151382K->17018K(153344K), 0.0133705 secs] 289531K->158261K(507264K), 0.0135439 secs] [Times: user=0.03 sys=0.00, real=0.01 secs] 
2014-07-10T12:35:41.511+0200: 87.008: [GC (Allocation Failure) 87.008: [ParNew: 153333K->17018K(153344K), 0.0180567 secs] 294575K->166377K(507264K), 0.0182220 secs] [Times: user=0.06 sys=0.00, real=0.02 secs] 
2014-07-10T12:35:41.669+0200: 87.165: [GC (Allocation Failure) 87.165: [ParNew: 153331K->17018K(153344K), 0.0233544 secs] 302690K->179519K(507264K), 0.0236100 secs] [Times: user=0.06 sys=0.00, real=0.02 secs] 
2014-07-10T12:35:41.759+0200: 87.256: [GC (Allocation Failure) 87.256: [ParNew: 153336K->17000K(153344K), 0.0130376 secs] 315837K->181182K(507264K), 0.0132110 secs] [Times: user=0.03 sys=0.00, real=0.01 secs] 
2014-07-10T12:35:41.906+0200: 87.402: [GC (Allocation Failure) 87.402: [ParNew: 153312K->17018K(153344K), 0.0165986 secs] 317495K->187888K(507264K), 0.0167801 secs] [Times: user=0.03 sys=0.00, real=0.02 secs] 
2014-07-10T12:35:42.065+0200: 87.562: [GC (Allocation Failure) 87.562: [ParNew: 153333K->17018K(153344K), 0.0204320 secs] 324203K->199590K(507264K), 0.0206212 secs] [Times: user=0.03 sys=0.00, real=0.02 secs] 
2014-07-10T12:35:42.159+0200: 87.655: [GC (Allocation Failure) 87.655: [ParNew: 153306K->17022K(153344K), 0.0172017 secs] 335878K->208062K(507264K), 0.0173674 secs] [Times: user=0.03 sys=0.00, real=0.02 secs] 
2014-07-10T12:35:42.289+0200: 87.785: [GC (Allocation Failure) 87.785: [ParNew: 153334K->17018K(153344K), 0.0211495 secs] 344374K->221557K(507264K), 0.0212870 secs] [Times: user=0.05 sys=0.00, real=0.02 secs] 
2014-07-10T12:35:42.465+0200: 87.962: [GC (Allocation Failure) 87.962: [ParNew: 153330K->17018K(153344K), 0.0244675 secs] 357869K->240078K(507264K), 0.0246358 secs] [Times: user=0.03 sys=0.00, real=0.03 secs] 
2014-07-10T12:35:42.561+0200: 88.058: [GC (Allocation Failure) 88.058: [ParNew: 153332K->17018K(153344K), 0.0264201 secs] 376392K->263625K(507264K), 0.0265796 secs] [Times: user=0.03 sys=0.00, real=0.03 secs] 
2014-07-10T12:35:42.723+0200: 88.219: [GC (Allocation Failure) 88.220: [ParNew: 153331K->17018K(153344K), 0.0294782 secs] 399938K->292199K(507264K), 0.0296798 secs] [Times: user=0.06 sys=0.00, real=0.03 secs] 
2014-07-10T12:35:42.754+0200: 88.250: [GC (CMS Initial Mark) [1 CMS-initial-mark: 275181K(353920K)] 292266K(507264K), 0.0002790 secs] [Times: user=0.00 sys=0.00, real=0.00 secs] 
2014-07-10T12:35:42.754+0200: 88.250: [CMS-concurrent-mark-start]
2014-07-10T12:35:42.759+0200: 88.256: [CMS-concurrent-mark: 0.005/0.005 secs] [Times: user=0.00 sys=0.00, real=0.01 secs] 
2014-07-10T12:35:42.759+0200: 88.256: [CMS-concurrent-preclean-start]
2014-07-10T12:35:42.760+0200: 88.257: [CMS-concurrent-preclean: 0.001/0.001 secs] [Times: user=0.00 sys=0.00, real=0.00 secs] 
2014-07-10T12:35:42.760+0200: 88.257: [CMS-concurrent-abortable-preclean-start]
2014-07-10T12:35:42.860+0200: 88.357: [GC (Allocation Failure) 88.357: [ParNew2014-07-10T12:35:42.872+0200: 88.369: [CMS-concurrent-abortable-preclean: 0.001/0.112 secs] [Times: user=0.11 sys=0.00, real=0.11 secs] 
: 153336K->17000K(153344K), 0.0243124 secs] 428518K->312368K(507264K), 0.0244554 secs] [Times: user=0.03 sys=0.00, real=0.03 secs] 
2014-07-10T12:35:42.885+0200: 88.382: [GC (CMS Final Remark) [YG occupancy: 17164 K (153344 K)]88.382: [Rescan (parallel) , 0.0006728 secs]88.383: [weak refs processing, 0.0000260 secs]88.383: [class unloading, 0.0005367 secs]88.383: [scrub symbol table, 0.0006090 secs]88.384: [scrub string table, 0.0001771 secs][1 CMS-remark: 295367K(353920K)] 312531K(507264K), 0.0021473 secs] [Times: user=0.03 sys=0.00, real=0.00 secs] 
2014-07-10T12:35:42.888+0200: 88.384: [CMS-concurrent-sweep-start]
2014-07-10T12:35:42.891+0200: 88.387: [CMS-concurrent-sweep: 0.003/0.003 secs] [Times: user=0.00 sys=0.00, real=0.00 secs] 
2014-07-10T12:35:42.891+0200: 88.387: [CMS-concurrent-reset-start]
2014-07-10T12:35:42.893+0200: 88.389: [CMS-concurrent-reset: 0.002/0.002 secs] [Times: user=0.00 sys=0.00, real=0.00 secs] 
2014-07-10T12:35:42.962+0200: 88.459: [GC (Allocation Failure) 88.459: [ParNew: 153315K->17018K(153344K), 0.0273646 secs] 203919K->92815K(507264K), 0.0275255 secs] [Times: user=0.06 sys=0.00, real=0.03 secs] 
2014-07-10T12:35:43.101+0200: 88.598: [GC (Allocation Failure) 88.598: [ParNew: 153332K->17018K(153344K), 0.0302228 secs] 229129K->123022K(507264K), 0.0303896 secs] [Times: user=0.06 sys=0.00, real=0.03 secs] 
2014-07-10T12:35:43.277+0200: 88.773: [GC (Allocation Failure) 88.774: [ParNew: 153324K->16994K(153344K), 0.0332537 secs] 259328K->145873K(507264K), 0.0335198 secs] [Times: user=0.06 sys=0.00, real=0.03 secs] 
2014-07-10T12:35:43.378+0200: 88.875: [GC (Allocation Failure) 88.875: [ParNew: 153309K->17018K(153344K), 0.0290060 secs] 282188K->173775K(507264K), 0.0291823 secs] [Times: user=0.06 sys=0.00, real=0.03 secs] 
2014-07-10T12:35:43.514+0200: 89.010: [GC (Allocation Failure) 89.011: [ParNew: 153333K->17018K(153344K), 0.0342190 secs] 310090K->206671K(507264K), 0.0343902 secs] [Times: user=0.05 sys=0.00, real=0.03 secs] 
2014-07-10T12:35:43.688+0200: 89.185: [GC (Allocation Failure) 89.185: [ParNew: 153332K->17018K(153344K), 0.0370259 secs] 342985K->244594K(507264K), 0.0372088 secs] [Times: user=0.06 sys=0.00, real=0.04 secs] 
2014-07-10T12:35:43.793+0200: 89.290: [GC (Allocation Failure) 89.290: [ParNew: 153320K->16996K(153344K), 0.0310158 secs] 380896K->275163K(507264K), 0.0311921 secs] [Times: user=0.06 sys=0.00, real=0.03 secs] 
2014-07-10T12:35:43.825+0200: 89.321: [GC (CMS Initial Mark) [1 CMS-initial-mark: 258167K(353920K)] 275195K(507264K), 0.0003069 secs] [Times: user=0.00 sys=0.00, real=0.00 secs] 
2014-07-10T12:35:43.825+0200: 89.322: [CMS-concurrent-mark-start]
2014-07-10T12:35:43.830+0200: 89.327: [CMS-concurrent-mark: 0.005/0.005 secs] [Times: user=0.00 sys=0.00, real=0.00 secs] 
2014-07-10T12:35:43.831+0200: 89.327: [CMS-concurrent-preclean-start]
2014-07-10T12:35:43.831+0200: 89.328: [CMS-concurrent-preclean: 0.001/0.001 secs] [Times: user=0.00 sys=0.00, real=0.00 secs] 
2014-07-10T12:35:43.832+0200: 89.328: [CMS-concurrent-abortable-preclean-start]
2014-07-10T12:35:43.899+0200: 89.395: [GC (Allocation Failure) 89.395: [ParNew: 153311K->17018K(153344K), 0.0353541 secs] 411478K->310779K(507264K), 0.0355033 secs] [Times: user=0.08 sys=0.00, real=0.04 secs] 
2014-07-10T12:35:44.087+0200: 89.584: [GC (Allocation Failure) 89.584: [ParNew: 153333K->17018K(153344K), 0.0406727 secs] 447093K->351391K(507264K), 0.0408139 secs] [Times: user=0.08 sys=0.00, real=0.04 secs] 
2014-07-10T12:35:44.128+0200: 89.625: [CMS-concurrent-abortable-preclean: 0.011/0.296 secs] [Times: user=0.26 sys=0.00, real=0.30 secs] 
2014-07-10T12:35:44.128+0200: 89.625: [GC (CMS Final Remark) [YG occupancy: 17149 K (153344 K)]89.625: [Rescan (parallel) , 0.0007497 secs]89.626: [weak refs processing, 0.0000279 secs]89.626: [class unloading, 0.0004682 secs]89.626: [scrub symbol table, 0.0005338 secs]89.627: [scrub string table, 0.0001551 secs][1 CMS-remark: 334372K(353920K)] 351522K(507264K), 0.0020626 secs] [Times: user=0.00 sys=0.00, real=0.00 secs] 
2014-07-10T12:35:44.131+0200: 89.627: [CMS-concurrent-sweep-start]
2014-07-10T12:35:44.134+0200: 89.630: [CMS-concurrent-sweep: 0.003/0.003 secs] [Times: user=0.03 sys=0.00, real=0.00 secs] 
2014-07-10T12:35:44.134+0200: 89.630: [CMS-concurrent-reset-start]
2014-07-10T12:35:44.136+0200: 89.633: [CMS-concurrent-reset: 0.002/0.002 secs] [Times: user=0.00 sys=0.00, real=0.00 secs] 
2014-07-10T12:35:44.203+0200: 89.699: [GC (Allocation Failure) 89.700: [ParNew: 153331K->17018K(153344K), 0.0400817 secs] 261980K->171306K(507264K), 0.0402254 secs] [Times: user=0.06 sys=0.00, real=0.04 secs] 
2014-07-10T12:35:44.310+0200: 89.807: [GC (Allocation Failure) 89.807: [ParNew: 153308K->17022K(153344K), 0.0388396 secs] 307595K->213714K(507264K), 0.0390009 secs] [Times: user=0.06 sys=0.00, real=0.04 secs] 
2014-07-10T12:35:44.350+0200: 89.846: [GC (CMS Initial Mark) [1 CMS-initial-mark: 196692K(353920K)] 213781K(507264K), 0.0003527 secs] [Times: user=0.00 sys=0.00, real=0.00 secs] 
2014-07-10T12:35:44.350+0200: 89.847: [CMS-concurrent-mark-start]
2014-07-10T12:35:44.353+0200: 89.850: [CMS-concurrent-mark: 0.003/0.003 secs] [Times: user=0.01 sys=0.00, real=0.00 secs] 
2014-07-10T12:35:44.354+0200: 89.850: [CMS-concurrent-preclean-start]
2014-07-10T12:35:44.354+0200: 89.851: [CMS-concurrent-preclean: 0.001/0.001 secs] [Times: user=0.00 sys=0.00, real=0.00 secs] 
2014-07-10T12:35:44.356+0200: 89.853: [GC (CMS Final Remark) [YG occupancy: 21926 K (153344 K)]89.853: [Rescan (parallel) , 0.0008685 secs]89.854: [weak refs processing, 0.0000326 secs]89.854: [class unloading, 0.0006790 secs]89.855: [scrub symbol table, 0.0006449 secs]89.855: [scrub string table, 0.0002328 secs][1 CMS-remark: 196692K(353920K)] 218619K(507264K), 0.0026309 secs] [Times: user=0.00 sys=0.00, real=0.00 secs] 
2014-07-10T12:35:44.359+0200: 89.856: [CMS-concurrent-sweep-start]
2014-07-10T12:35:44.361+0200: 89.858: [CMS-concurrent-sweep: 0.002/0.002 secs] [Times: user=0.00 sys=0.00, real=0.00 secs] 
2014-07-10T12:35:44.361+0200: 89.858: [CMS-concurrent-reset-start]
2014-07-10T12:35:44.363+0200: 89.860: [CMS-concurrent-reset: 0.002/0.002 secs] [Times: user=0.00 sys=0.00, real=0.00 secs] 
2014-07-10T12:35:44.497+0200: 89.993: [GC (Allocation Failure) 89.993: [ParNew: 153337K->17018K(153344K), 0.0435687 secs] 197598K->108715K(507264K), 0.0437747 secs] [Times: user=0.09 sys=0.00, real=0.04 secs] 
2014-07-10T12:35:44.644+0200: 90.141: [GC (Allocation Failure) 90.141: [ParNew: 153307K->3867K(153344K), 0.0066858 secs] 245004K->95580K(507264K), 0.0068724 secs] [Times: user=0.03 sys=0.00, real=0.01 secs] 
2014-07-10T12:35:44.728+0200: 90.225: [GC (Allocation Failure) 90.225: [ParNew: 140187K->680K(153344K), 0.0017547 secs] 231900K->92393K(507264K), 0.0018676 secs] [Times: user=0.00 sys=0.00, real=0.00 secs] 
2014-07-10T12:35:44.891+0200: 90.388: [GC (Allocation Failure) 90.388: [ParNew: 136996K->17004K(153344K), 0.0415640 secs] 228709K->153667K(507264K), 0.0417308 secs] [Times: user=0.09 sys=0.00, real=0.04 secs] 
2014-07-10T12:35:45.044+0200: 90.539: [GC (Allocation Failure) 90.539: [ParNew: 153294K->1338K(153344K), 0.0041777 secs] 289957K->138066K(507264K), 0.0043885 secs] [Times: user=0.00 sys=0.00, real=0.00 secs] 
2014-07-10T12:35:45.145+0200: 90.641: [GC (Allocation Failure) 90.641: [ParNew: 137652K->6381K(153344K), 0.0053304 secs] 274380K->143108K(507264K), 0.0056622 secs] [Times: user=0.03 sys=0.00, real=0.01 secs] 
2014-07-10T12:35:45.282+0200: 90.777: [GC (Allocation Failure) 90.778: [ParNew: 142671K->3167K(153344K), 0.0035024 secs] 279399K->139895K(507264K), 0.0036454 secs] [Times: user=0.00 sys=0.00, real=0.00 secs] 
2014-07-10T12:35:45.448+0200: 90.944: [GC (Allocation Failure) 90.944: [ParNew: 139480K->8210K(153344K), 0.0098982 secs] 276208K->144937K(507264K), 0.0101453 secs] [Times: user=0.00 sys=0.00, real=0.01 secs] 
2014-07-10T12:35:45.549+0200: 91.044: [GC (Allocation Failure) 91.044: [ParNew: 144524K->13252K(153344K), 0.0093259 secs] 281252K->149980K(507264K), 0.0095040 secs] [Times: user=0.03 sys=0.00, real=0.01 secs] 
2014-07-10T12:35:45.707+0200: 91.203: [GC (Allocation Failure) 91.203: [ParNew: 149565K->17018K(153344K), 0.0136748 secs] 286292K->155023K(507264K), 0.0138988 secs] [Times: user=0.03 sys=0.00, real=0.01 secs] 
2014-07-10T12:35:45.846+0200: 91.342: [GC (Allocation Failure) 91.342: [ParNew: 153321K->10849K(153344K), 0.0093970 secs] 291327K->148870K(507264K), 0.0095301 secs] [Times: user=0.03 sys=0.00, real=0.01 secs] 
2014-07-10T12:35:45.950+0200: 91.446: [GC (Allocation Failure) 91.446: [ParNew: 147163K->15865K(153344K), 0.0109126 secs] 285184K->153911K(507264K), 0.0110435 secs] [Times: user=0.03 sys=0.00, real=0.01 secs] 
2014-07-10T12:35:46.104+0200: 91.600: [GC (Allocation Failure) 91.600: [ParNew: 152178K->17018K(153344K), 0.0145972 secs] 290224K->158953K(507264K), 0.0147530 secs] [Times: user=0.03 sys=0.00, real=0.01 secs] 
2014-07-10T12:35:46.254+0200: 91.750: [GC (Allocation Failure) 91.750: [ParNew: 153322K->13536K(153344K), 0.0146870 secs] 295258K->155488K(507264K), 0.0149268 secs] [Times: user=0.03 sys=0.00, real=0.02 secs] 
2014-07-10T12:35:46.351+0200: 91.847: [GC (Allocation Failure) 91.847: [ParNew: 149852K->17018K(153344K), 0.0125617 secs] 291803K->160531K(507264K), 0.0129536 secs] [Times: user=0.00 sys=0.00, real=0.01 secs] 
2014-07-10T12:35:46.499+0200: 91.995: [GC (Allocation Failure) 91.995: [ParNew: 153333K->17018K(153344K), 0.0161711 secs] 296845K->167110K(507264K), 0.0163812 secs] [Times: user=0.03 sys=0.00, real=0.02 secs] 
2014-07-10T12:35:46.663+0200: 92.158: [GC (Allocation Failure) 92.158: [ParNew: 153331K->17018K(153344K), 0.0202091 secs] 303423K->178716K(507264K), 0.0203895 secs] [Times: user=0.03 sys=0.00, real=0.02 secs] 
2014-07-10T12:35:46.752+0200: 92.248: [GC (Allocation Failure) 92.248: [ParNew: 153335K->17000K(153344K), 0.0137367 secs] 315033K->181915K(507264K), 0.0139490 secs] [Times: user=0.03 sys=0.00, real=0.01 secs] 
2014-07-10T12:35:46.899+0200: 92.395: [GC (Allocation Failure) 92.395: [ParNew: 153314K->17018K(153344K), 0.0168479 secs] 318230K->190158K(507264K), 0.0170122 secs] [Times: user=0.03 sys=0.00, real=0.02 secs] 
2014-07-10T12:35:47.069+0200: 92.564: [GC (Allocation Failure) 92.565: [ParNew: 153332K->17018K(153344K), 0.0232320 secs] 326471K->203396K(507264K), 0.0235553 secs] [Times: user=0.03 sys=0.00, real=0.02 secs] 
2014-07-10T12:35:47.160+0200: 92.656: [GC (Allocation Failure) 92.656: [ParNew: 153308K->17022K(153344K), 0.0181986 secs] 339687K->213405K(507264K), 0.0183606 secs] [Times: user=0.06 sys=0.00, real=0.02 secs] 
2014-07-10T12:35:47.311+0200: 92.807: [GC (Allocation Failure) 92.807: [ParNew: 153335K->17018K(153344K), 0.0217618 secs] 349718K->228437K(507264K), 0.0219392 secs] [Times: user=0.06 sys=0.00, real=0.02 secs] 
2014-07-10T12:35:47.460+0200: 92.955: [GC (Allocation Failure) 92.956: [ParNew: 153332K->17018K(153344K), 0.0239883 secs] 364751K->248495K(507264K), 0.0241427 secs] [Times: user=0.03 sys=0.00, real=0.02 secs] 
2014-07-10T12:35:47.563+0200: 93.059: [GC (Allocation Failure) 93.059: [ParNew: 153330K->17018K(153344K), 0.0274108 secs] 384807K->273579K(507264K), 0.0275622 secs] [Times: user=0.06 sys=0.00, real=0.03 secs] 
2014-07-10T12:35:47.713+0200: 93.209: [GC (Allocation Failure) 93.209: [ParNew: 153332K->17018K(153344K), 0.0307672 secs] 409893K->303690K(507264K), 0.0309194 secs] [Times: user=0.06 sys=0.00, real=0.03 secs] 
2014-07-10T12:35:47.744+0200: 93.240: [GC (CMS Initial Mark) [1 CMS-initial-mark: 286672K(353920K)] 303917K(507264K), 0.0003098 secs] [Times: user=0.00 sys=0.00, real=0.00 secs] 
2014-07-10T12:35:47.744+0200: 93.240: [CMS-concurrent-mark-start]
2014-07-10T12:35:47.750+0200: 93.246: [CMS-concurrent-mark: 0.005/0.005 secs] [Times: user=0.00 sys=0.00, real=0.01 secs] 
2014-07-10T12:35:47.750+0200: 93.246: [CMS-concurrent-preclean-start]
2014-07-10T12:35:47.751+0200: 93.247: [CMS-concurrent-preclean: 0.001/0.001 secs] [Times: user=0.00 sys=0.00, real=0.00 secs] 
2014-07-10T12:35:47.751+0200: 93.247: [CMS-concurrent-abortable-preclean-start]
2014-07-10T12:35:47.875+0200: 93.370: [GC (Allocation Failure) 93.371: [ParNew: 153335K->17000K(153344K), 0.0286236 secs] 440007K->322321K(507264K), 0.0288564 secs] [Times: user=0.06 sys=0.00, real=0.03 secs] 
2014-07-10T12:35:47.904+0200: 93.399: [CMS-concurrent-abortable-preclean: 0.006/0.153 secs] [Times: user=0.16 sys=0.00, real=0.15 secs] 
2014-07-10T12:35:47.904+0200: 93.400: [GC (CMS Final Remark) [YG occupancy: 17740 K (153344 K)]93.400: [Rescan (parallel) , 0.0008286 secs]93.401: [weak refs processing, 0.0000326 secs]93.401: [class unloading, 0.0006878 secs]93.401: [scrub symbol table, 0.0006057 secs]93.402: [scrub string table, 0.0001840 secs][1 CMS-remark: 305321K(353920K)] 323061K(507264K), 0.0025066 secs] [Times: user=0.00 sys=0.00, real=0.00 secs] 
2014-07-10T12:35:47.907+0200: 93.402: [CMS-concurrent-sweep-start]
2014-07-10T12:35:47.910+0200: 93.406: [CMS-concurrent-sweep: 0.003/0.003 secs] [Times: user=0.03 sys=0.00, real=0.00 secs] 
2014-07-10T12:35:47.910+0200: 93.406: [CMS-concurrent-reset-start]
2014-07-10T12:35:47.912+0200: 93.408: [CMS-concurrent-reset: 0.002/0.002 secs] [Times: user=0.00 sys=0.00, real=0.00 secs] 
2014-07-10T12:35:47.974+0200: 93.470: [GC (Allocation Failure) 93.470: [ParNew: 153314K->17018K(153344K), 0.0264627 secs] 203963K->91323K(507264K), 0.0266225 secs] [Times: user=0.03 sys=0.00, real=0.03 secs] 
2014-07-10T12:35:48.122+0200: 93.618: [GC (Allocation Failure) 93.618: [ParNew: 153333K->17018K(153344K), 0.0305014 secs] 227638K->119993K(507264K), 0.0306968 secs] [Times: user=0.06 sys=0.00, real=0.03 secs] 
2014-07-10T12:35:48.275+0200: 93.771: [GC (Allocation Failure) 93.771: [ParNew: 153338K->17022K(153344K), 0.0287119 secs] 256313K->145466K(507264K), 0.0288886 secs] [Times: user=0.06 sys=0.00, real=0.03 secs] 
2014-07-10T12:35:48.371+0200: 93.867: [GC (Allocation Failure) 93.867: [ParNew: 153337K->17018K(153344K), 0.0306627 secs] 281781K->175961K(507264K), 0.0308251 secs] [Times: user=0.06 sys=0.00, real=0.03 secs] 
2014-07-10T12:35:48.498+0200: 93.994: [GC (Allocation Failure) 93.994: [ParNew: 153331K->17018K(153344K), 0.0438671 secs] 312274K->211482K(507264K), 0.0440072 secs] [Times: user=0.06 sys=0.00, real=0.04 secs] 
2014-07-10T12:35:48.692+0200: 94.188: [GC (Allocation Failure) 94.188: [ParNew: 153330K->17018K(153344K), 0.0389848 secs] 347794K->252030K(507264K), 0.0392066 secs] [Times: user=0.06 sys=0.00, real=0.04 secs] 
2014-07-10T12:35:48.731+0200: 94.227: [GC (CMS Initial Mark) [1 CMS-initial-mark: 235012K(353920K)] 252062K(507264K), 0.0003582 secs] [Times: user=0.00 sys=0.00, real=0.00 secs] 
2014-07-10T12:35:48.732+0200: 94.227: [CMS-concurrent-mark-start]
2014-07-10T12:35:48.737+0200: 94.233: [CMS-concurrent-mark: 0.006/0.006 secs] [Times: user=0.03 sys=0.00, real=0.00 secs] 
2014-07-10T12:35:48.737+0200: 94.233: [CMS-concurrent-preclean-start]
2014-07-10T12:35:48.738+0200: 94.234: [CMS-concurrent-preclean: 0.001/0.001 secs] [Times: user=0.00 sys=0.00, real=0.00 secs] 
2014-07-10T12:35:48.739+0200: 94.234: [CMS-concurrent-abortable-preclean-start]
2014-07-10T12:35:48.801+0200: 94.297: [GC (Allocation Failure) 94.297: [ParNew: 153336K->16998K(153344K), 0.0317358 secs] 388348K->284170K(507264K), 0.0318884 secs] [Times: user=0.06 sys=0.00, real=0.03 secs] 
2014-07-10T12:35:48.904+0200: 94.400: [GC (Allocation Failure) 94.400: [ParNew: 153313K->17018K(153344K), 0.0354149 secs] 420485K->321356K(507264K), 0.0355477 secs] [Times: user=0.06 sys=0.00, real=0.04 secs] 
2014-07-10T12:35:49.091+0200: 94.587: [GC (Allocation Failure) 94.587: [ParNew: 153332K->17018K(153344K), 0.0398826 secs] 457671K->363537K(507264K), 0.0400469 secs] [Times: user=0.09 sys=0.00, real=0.04 secs] 
2014-07-10T12:35:49.131+0200: 94.627: [CMS-concurrent-abortable-preclean: 0.018/0.393 secs] [Times: user=0.42 sys=0.00, real=0.39 secs] 
2014-07-10T12:35:49.131+0200: 94.627: [GC (CMS Final Remark) [YG occupancy: 17117 K (153344 K)]94.627: [Rescan (parallel) , 0.0007366 secs]94.628: [weak refs processing, 0.0000275 secs]94.628: [class unloading, 0.0004429 secs]94.628: [scrub symbol table, 0.0005367 secs]94.629: [scrub string table, 0.0001591 secs][1 CMS-remark: 346519K(353920K)] 363636K(507264K), 0.0020216 secs] [Times: user=0.00 sys=0.00, real=0.00 secs] 
2014-07-10T12:35:49.133+0200: 94.629: [CMS-concurrent-sweep-start]
2014-07-10T12:35:49.136+0200: 94.632: [CMS-concurrent-sweep: 0.003/0.003 secs] [Times: user=0.00 sys=0.00, real=0.00 secs] 
2014-07-10T12:35:49.137+0200: 94.632: [CMS-concurrent-reset-start]
2014-07-10T12:35:49.139+0200: 94.634: [CMS-concurrent-reset: 0.002/0.002 secs] [Times: user=0.00 sys=0.00, real=0.00 secs] 
2014-07-10T12:35:49.200+0200: 94.696: [GC (Allocation Failure) 94.696: [ParNew: 153331K->17018K(153344K), 0.0414287 secs] 307284K->218177K(507264K), 0.0415830 secs] [Times: user=0.09 sys=0.00, real=0.04 secs] 
2014-07-10T12:35:49.242+0200: 94.738: [GC (CMS Initial Mark) [1 CMS-initial-mark: 201159K(353920K)] 218209K(507264K), 0.0003765 secs] [Times: user=0.00 sys=0.00, real=0.00 secs] 
2014-07-10T12:35:49.242+0200: 94.738: [CMS-concurrent-mark-start]
2014-07-10T12:35:49.247+0200: 94.743: [CMS-concurrent-mark: 0.005/0.005 secs] [Times: user=0.00 sys=0.00, real=0.00 secs] 
2014-07-10T12:35:49.248+0200: 94.743: [CMS-concurrent-preclean-start]
2014-07-10T12:35:49.249+0200: 94.744: [CMS-concurrent-preclean: 0.001/0.001 secs] [Times: user=0.00 sys=0.00, real=0.00 secs] 
2014-07-10T12:35:49.249+0200: 94.744: [CMS-concurrent-abortable-preclean-start]
2014-07-10T12:35:49.308+0200: 94.804: [GC (Allocation Failure) 94.804: [ParNew: 153322K->16994K(153344K), 0.0371920 secs] 354482K->258029K(507264K), 0.0373581 secs] [Times: user=0.09 sys=0.00, real=0.04 secs] 
2014-07-10T12:35:49.475+0200: 94.971: [GC (Allocation Failure) 94.971: [ParNew: 153307K->17018K(153344K), 0.0401242 secs] 394342K->302931K(507264K), 0.0402892 secs] [Times: user=0.06 sys=0.00, real=0.04 secs] 
2014-07-10T12:35:49.516+0200: 95.011: [CMS-concurrent-abortable-preclean: 0.010/0.267 secs] [Times: user=0.28 sys=0.00, real=0.27 secs] 
2014-07-10T12:35:49.516+0200: 95.012: [GC (CMS Final Remark) [YG occupancy: 17341 K (153344 K)]95.012: [Rescan (parallel) , 0.0007626 secs]95.012: [weak refs processing, 0.0000282 secs]95.013: [class unloading, 0.0004902 secs]95.013: [scrub symbol table, 0.0005892 secs]95.014: [scrub string table, 0.0001573 secs][1 CMS-remark: 285913K(353920K)] 303254K(507264K), 0.0021558 secs] [Times: user=0.03 sys=0.00, real=0.00 secs] 
2014-07-10T12:35:49.518+0200: 95.014: [CMS-concurrent-sweep-start]
2014-07-10T12:35:49.520+0200: 95.016: [CMS-concurrent-sweep: 0.002/0.002 secs] [Times: user=0.00 sys=0.00, real=0.00 secs] 
2014-07-10T12:35:49.520+0200: 95.016: [CMS-concurrent-reset-start]
2014-07-10T12:35:49.522+0200: 95.018: [CMS-concurrent-reset: 0.002/0.002 secs] [Times: user=0.00 sys=0.00, real=0.00 secs] 
2014-07-10T12:35:49.643+0200: 95.139: [GC (Allocation Failure) 95.139: [ParNew: 153308K->1306K(153344K), 0.0016516 secs] 287174K->135189K(507264K), 0.0017521 secs] [Times: user=0.00 sys=0.00, real=0.00 secs] 
2014-07-10T12:35:49.710+0200: 95.206: [GC (Allocation Failure) 95.206: [ParNew: 137619K->6330K(153344K), 0.0053920 secs] 271502K->140212K(507264K), 0.0055401 secs] [Times: user=0.00 sys=0.00, real=0.00 secs] 
2014-07-10T12:35:49.875+0200: 95.371: [GC (Allocation Failure) 95.371: [ParNew: 142627K->16996K(153344K), 0.0421803 secs] 276510K->198454K(507264K), 0.0423354 secs] [Times: user=0.08 sys=0.00, real=0.04 secs] 
2014-07-10T12:35:50.045+0200: 95.541: [GC (Allocation Failure) 95.541: [ParNew: 153285K->3963K(153344K), 0.0068431 secs] 334743K->185478K(507264K), 0.0070865 secs] [Times: user=0.03 sys=0.00, real=0.01 secs] 
2014-07-10T12:35:50.147+0200: 95.643: [GC (Allocation Failure) 95.643: [ParNew: 140276K->9006K(153344K), 0.0070022 secs] 321790K->190520K(507264K), 0.0071587 secs] [Times: user=0.00 sys=0.00, real=0.01 secs] 
2014-07-10T12:35:50.284+0200: 95.780: [GC (Allocation Failure) 95.780: [ParNew: 145297K->5752K(153344K), 0.0056567 secs] 326811K->187307K(507264K), 0.0058469 secs] [Times: user=0.00 sys=0.00, real=0.01 secs] 
2014-07-10T12:35:50.451+0200: 95.947: [GC (Allocation Failure) 95.947: [ParNew: 142065K->10795K(153344K), 0.0140308 secs] 323620K->192350K(507264K), 0.0142548 secs] [Times: user=0.03 sys=0.00, real=0.01 secs] 
2014-07-10T12:35:50.550+0200: 96.046: [GC (Allocation Failure) 96.046: [ParNew: 147109K->15801K(153344K), 0.0110607 secs] 328664K->197392K(507264K), 0.0112129 secs] [Times: user=0.00 sys=0.00, real=0.01 secs] 
2014-07-10T12:35:50.703+0200: 96.199: [GC (Allocation Failure) 96.199: [ParNew: 152119K->7395K(153344K), 0.0062935 secs] 333710K->189002K(507264K), 0.0064599 secs] [Times: user=0.00 sys=0.00, real=0.01 secs] 
2014-07-10T12:35:50.848+0200: 96.344: [GC (Allocation Failure) 96.344: [ParNew: 143691K->8280K(153344K), 0.0121478 secs] 325298K->189887K(507264K), 0.0124422 secs] [Times: user=0.03 sys=0.00, real=0.01 secs] 
2014-07-10T12:35:50.948+0200: 96.444: [GC (Allocation Failure) 96.444: [ParNew: 144594K->13322K(153344K), 0.0097489 secs] 326201K->194929K(507264K), 0.0099136 secs] [Times: user=0.03 sys=0.00, real=0.01 secs] 
2014-07-10T12:35:51.096+0200: 96.592: [GC (Allocation Failure) 96.592: [ParNew: 149637K->17018K(153344K), 0.0128352 secs] 331244K->199970K(507264K), 0.0129936 secs] [Times: user=0.03 sys=0.00, real=0.01 secs] 
2014-07-10T12:35:51.255+0200: 96.751: [GC (Allocation Failure) 96.752: [ParNew: 153307K->15069K(153344K), 0.0181469 secs] 336260K->198038K(507264K), 0.0184765 secs] [Times: user=0.03 sys=0.00, real=0.02 secs] 
2014-07-10T12:35:51.352+0200: 96.848: [GC (Allocation Failure) 96.848: [ParNew: 151382K->17018K(153344K), 0.0138837 secs] 334351K->203080K(507264K), 0.0140502 secs] [Times: user=0.03 sys=0.00, real=0.01 secs] 
2014-07-10T12:35:51.506+0200: 97.002: [GC (Allocation Failure) 97.003: [ParNew: 153331K->17018K(153344K), 0.0169968 secs] 339393K->211196K(507264K), 0.0171665 secs] [Times: user=0.03 sys=0.00, real=0.02 secs] 
2014-07-10T12:35:51.667+0200: 97.163: [GC (Allocation Failure) 97.163: [ParNew: 153331K->17018K(153344K), 0.0313997 secs] 347510K->224339K(507264K), 0.0316501 secs] [Times: user=0.06 sys=0.00, real=0.03 secs] 
2014-07-10T12:35:51.765+0200: 97.261: [GC (Allocation Failure) 97.261: [ParNew: 153323K->16995K(153344K), 0.0155024 secs] 360644K->230127K(507264K), 0.0156685 secs] [Times: user=0.03 sys=0.00, real=0.02 secs] 
2014-07-10T12:35:51.893+0200: 97.389: [GC (Allocation Failure) 97.389: [ParNew: 153309K->17018K(153344K), 0.0185183 secs] 366441K->240964K(507264K), 0.0187243 secs] [Times: user=0.03 sys=0.00, real=0.02 secs] 
2014-07-10T12:35:52.071+0200: 97.567: [GC (Allocation Failure) 97.567: [ParNew: 153331K->17018K(153344K), 0.0280641 secs] 377278K->256796K(507264K), 0.0283020 secs] [Times: user=0.06 sys=0.00, real=0.03 secs] 
2014-07-10T12:35:52.168+0200: 97.664: [GC (Allocation Failure) 97.664: [ParNew: 153332K->17018K(153344K), 0.0250768 secs] 393110K->277655K(507264K), 0.0252429 secs] [Times: user=0.06 sys=0.00, real=0.03 secs] 
2014-07-10T12:35:52.288+0200: 97.784: [GC (Allocation Failure) 97.785: [ParNew: 153320K->16994K(153344K), 0.0203598 secs] 413957K->291157K(507264K), 0.0205123 secs] [Times: user=0.03 sys=0.00, real=0.02 secs] 
2014-07-10T12:35:52.473+0200: 97.969: [GC (Allocation Failure) 97.969: [ParNew: 153307K->17018K(153344K), 0.0254409 secs] 427471K->309711K(507264K), 0.0256880 secs] [Times: user=0.06 sys=0.00, real=0.02 secs] 
2014-07-10T12:35:52.499+0200: 97.995: [GC (CMS Initial Mark) [1 CMS-initial-mark: 292692K(353920K)] 309778K(507264K), 0.0003527 secs] [Times: user=0.00 sys=0.00, real=0.00 secs] 
2014-07-10T12:35:52.499+0200: 97.995: [CMS-concurrent-mark-start]
2014-07-10T12:35:52.506+0200: 98.002: [CMS-concurrent-mark: 0.007/0.007 secs] [Times: user=0.00 sys=0.00, real=0.01 secs] 
2014-07-10T12:35:52.506+0200: 98.002: [CMS-concurrent-preclean-start]
2014-07-10T12:35:52.507+0200: 98.003: [CMS-concurrent-preclean: 0.001/0.001 secs] [Times: user=0.00 sys=0.00, real=0.00 secs] 
2014-07-10T12:35:52.507+0200: 98.003: [CMS-concurrent-abortable-preclean-start]
2014-07-10T12:35:52.568+0200: 98.064: [GC (Allocation Failure) 98.064: [ParNew: 153331K->17018K(153344K), 0.0264135 secs] 446023K->333258K(507264K), 0.0265683 secs] [Times: user=0.06 sys=0.00, real=0.03 secs] 
2014-07-10T12:35:52.696+0200: 98.192: [GC (Allocation Failure) 98.193: [ParNew2014-07-10T12:35:52.716+0200: 98.212: [CMS-concurrent-abortable-preclean: 0.006/0.209 secs] [Times: user=0.25 sys=0.00, real=0.21 secs] 
: 153331K->17018K(153344K), 0.0297091 secs] 469572K->361832K(507264K), 0.0298606 secs] [Times: user=0.06 sys=0.00, real=0.03 secs] 
2014-07-10T12:35:52.727+0200: 98.223: [GC (CMS Final Remark) [YG occupancy: 17117 K (153344 K)]98.223: [Rescan (parallel) , 0.0006797 secs]98.223: [weak refs processing, 0.0000275 secs]98.223: [class unloading, 0.0005063 secs]98.224: [scrub symbol table, 0.0005521 secs]98.224: [scrub string table, 0.0001697 secs][1 CMS-remark: 344814K(353920K)] 361931K(507264K), 0.0020634 secs] [Times: user=0.00 sys=0.00, real=0.00 secs] 
2014-07-10T12:35:52.729+0200: 98.225: [CMS-concurrent-sweep-start]
2014-07-10T12:35:52.732+0200: 98.228: [CMS-concurrent-sweep: 0.003/0.003 secs] [Times: user=0.03 sys=0.00, real=0.00 secs] 
2014-07-10T12:35:52.732+0200: 98.228: [CMS-concurrent-reset-start]
2014-07-10T12:35:52.734+0200: 98.230: [CMS-concurrent-reset: 0.002/0.002 secs] [Times: user=0.00 sys=0.00, real=0.00 secs] 
2014-07-10T12:35:52.876+0200: 98.372: [GC (Allocation Failure) 98.372: [ParNew: 153335K->17000K(153344K), 0.0320332 secs] 225912K->109764K(507264K), 0.0322642 secs] [Times: user=0.06 sys=0.00, real=0.03 secs] 
2014-07-10T12:35:52.980+0200: 98.476: [GC (Allocation Failure) 98.476: [ParNew: 153314K->17018K(153344K), 0.0272894 secs] 246078K->134974K(507264K), 0.0275340 secs] [Times: user=0.03 sys=0.00, real=0.03 secs] 
2014-07-10T12:35:53.097+0200: 98.593: [GC (Allocation Failure) 98.593: [ParNew: 153332K->17018K(153344K), 0.0302250 secs] 271288K->165181K(507264K), 0.0304259 secs] [Times: user=0.06 sys=0.00, real=0.03 secs] 
2014-07-10T12:35:53.280+0200: 98.777: [GC (Allocation Failure) 98.777: [ParNew: 153308K->17022K(153344K), 0.0316834 secs] 301472K->192159K(507264K), 0.0319588 secs] [Times: user=0.06 sys=0.00, real=0.03 secs] 
2014-07-10T12:35:53.381+0200: 98.877: [GC (Allocation Failure) 98.877: [ParNew: 153335K->17018K(153344K), 0.0318220 secs] 328472K->224158K(507264K), 0.0319797 secs] [Times: user=0.06 sys=0.00, real=0.03 secs] 
2014-07-10T12:35:53.499+0200: 98.995: [GC (Allocation Failure) 98.996: [ParNew: 153332K->17018K(153344K), 0.0374790 secs] 360473K->261185K(507264K), 0.0376722 secs] [Times: user=0.06 sys=0.00, real=0.04 secs] 
2014-07-10T12:35:53.538+0200: 99.034: [GC (CMS Initial Mark) [1 CMS-initial-mark: 244166K(353920K)] 261251K(507264K), 0.0002962 secs] [Times: user=0.00 sys=0.00, real=0.00 secs] 
2014-07-10T12:35:53.538+0200: 99.034: [CMS-concurrent-mark-start]
2014-07-10T12:35:53.544+0200: 99.040: [CMS-concurrent-mark: 0.006/0.006 secs] [Times: user=0.03 sys=0.00, real=0.01 secs] 
2014-07-10T12:35:53.544+0200: 99.040: [CMS-concurrent-preclean-start]
2014-07-10T12:35:53.545+0200: 99.041: [CMS-concurrent-preclean: 0.001/0.001 secs] [Times: user=0.00 sys=0.00, real=0.00 secs] 
2014-07-10T12:35:53.545+0200: 99.041: [CMS-concurrent-abortable-preclean-start]
2014-07-10T12:35:53.686+0200: 99.182: [GC (Allocation Failure) 99.182: [ParNew: 153330K->17018K(153344K), 0.0382625 secs] 397497K->303237K(507264K), 0.0384264 secs] [Times: user=0.06 sys=0.00, real=0.04 secs] 
2014-07-10T12:35:53.724+0200: 99.221: [CMS-concurrent-abortable-preclean: 0.005/0.180 secs] [Times: user=0.14 sys=0.00, real=0.18 secs] 
2014-07-10T12:35:53.725+0200: 99.221: [GC (CMS Final Remark) [YG occupancy: 17050 K (153344 K)]99.221: [Rescan (parallel) , 0.0007186 secs]99.222: [weak refs processing, 0.0000286 secs]99.222: [class unloading, 0.0005213 secs]99.222: [scrub symbol table, 0.0007142 secs]99.223: [scrub string table, 0.0001829 secs][1 CMS-remark: 286219K(353920K)] 303269K(507264K), 0.0023079 secs] [Times: user=0.00 sys=0.00, real=0.00 secs] 
2014-07-10T12:35:53.727+0200: 99.223: [CMS-concurrent-sweep-start]
2014-07-10T12:35:53.729+0200: 99.226: [CMS-concurrent-sweep: 0.002/0.002 secs] [Times: user=0.03 sys=0.00, real=0.00 secs] 
2014-07-10T12:35:53.730+0200: 99.226: [CMS-concurrent-reset-start]
2014-07-10T12:35:53.732+0200: 99.228: [CMS-concurrent-reset: 0.002/0.002 secs] [Times: user=0.00 sys=0.00, real=0.00 secs] 
2014-07-10T12:35:53.795+0200: 99.291: [GC (Allocation Failure) 99.291: [ParNew: 153335K->17000K(153344K), 0.0311221 secs] 234357K->128613K(507264K), 0.0312952 secs] [Times: user=0.06 sys=0.00, real=0.03 secs] 
2014-07-10T12:35:53.899+0200: 99.395: [GC (Allocation Failure) 99.396: [ParNew: 153315K->17018K(153344K), 0.0338293 secs] 264928K->164228K(507264K), 0.0339884 secs] [Times: user=0.09 sys=0.00, real=0.03 secs] 
2014-07-10T12:35:54.093+0200: 99.589: [GC (Allocation Failure) 99.589: [ParNew: 153331K->17018K(153344K), 0.0382676 secs] 300542K->204840K(507264K), 0.0384862 secs] [Times: user=0.06 sys=0.00, real=0.04 secs] 
2014-07-10T12:35:54.197+0200: 99.693: [GC (Allocation Failure) 99.693: [ParNew: 153306K->17022K(153344K), 0.0348771 secs] 341129K->242223K(507264K), 0.0350751 secs] [Times: user=0.06 sys=0.00, real=0.04 secs] 
2014-07-10T12:35:54.232+0200: 99.728: [GC (CMS Initial Mark) [1 CMS-initial-mark: 225200K(353920K)] 242255K(507264K), 0.0003479 secs] [Times: user=0.00 sys=0.00, real=0.00 secs] 
2014-07-10T12:35:54.233+0200: 99.729: [CMS-concurrent-mark-start]
2014-07-10T12:35:54.238+0200: 99.734: [CMS-concurrent-mark: 0.006/0.006 secs] [Times: user=0.00 sys=0.00, real=0.00 secs] 
2014-07-10T12:35:54.238+0200: 99.735: [CMS-concurrent-preclean-start]
2014-07-10T12:35:54.239+0200: 99.736: [CMS-concurrent-preclean: 0.001/0.001 secs] [Times: user=0.00 sys=0.00, real=0.00 secs] 
2014-07-10T12:35:54.239+0200: 99.736: [CMS-concurrent-abortable-preclean-start]
2014-07-10T12:35:54.302+0200: 99.798: [GC (Allocation Failure) 99.798: [ParNew: 153334K->17018K(153344K), 0.0385884 secs] 378535K->284628K(507264K), 0.0387428 secs] [Times: user=0.06 sys=0.00, real=0.04 secs] 
2014-07-10T12:35:54.493+0200: 99.990: [GC (Allocation Failure) 99.990: [ParNew: 153330K->17018K(153344K), 0.0441172 secs] 420940K->332059K(507264K), 0.0442994 secs] [Times: user=0.06 sys=0.00, real=0.05 secs] 
2014-07-10T12:35:54.538+0200: 100.034: [CMS-concurrent-abortable-preclean: 0.013/0.298 secs] [Times: user=0.28 sys=0.00, real=0.30 secs] 
2014-07-10T12:35:54.542+0200: 100.039: [GC (CMS Final Remark) [YG occupancy: 27410 K (153344 K)]100.039: [Rescan (parallel) , 0.0011629 secs]100.040: [weak refs processing, 0.0000286 secs]100.040: [class unloading, 0.0005708 secs]100.041: [scrub symbol table, 0.0005833 secs]100.041: [scrub string table, 0.0001723 secs][1 CMS-remark: 315041K(353920K)] 342451K(507264K), 0.0027460 secs] [Times: user=0.00 sys=0.00, real=0.00 secs] 
2014-07-10T12:35:54.549+0200: 100.045: [CMS-concurrent-sweep-start]
2014-07-10T12:35:54.553+0200: 100.049: [CMS-concurrent-sweep: 0.004/0.004 secs] [Times: user=0.00 sys=0.00, real=0.00 secs] 
2014-07-10T12:35:54.553+0200: 100.049: [CMS-concurrent-reset-start]
2014-07-10T12:35:54.555+0200: 100.051: [CMS-concurrent-reset: 0.002/0.002 secs] [Times: user=0.00 sys=0.00, real=0.00 secs] 
2014-07-10T12:35:54.646+0200: 100.142: [GC (Allocation Failure) 100.142: [ParNew: 153308K->3867K(153344K), 0.0068101 secs] 282474K->133049K(507264K), 0.0070913 secs] [Times: user=0.03 sys=0.00, real=0.01 secs] 
2014-07-10T12:35:54.728+0200: 100.225: [GC (Allocation Failure) 100.225: [ParNew: 140182K->3695K(153344K), 0.0034822 secs] 269364K->132876K(507264K), 0.0036553 secs] [Times: user=0.00 sys=0.00, real=0.00 secs] 
2014-07-10T12:35:54.892+0200: 100.389: [GC (Allocation Failure) 100.389: [ParNew: 140012K->520K(153344K), 0.0017796 secs] 269194K->129702K(507264K), 0.0019468 secs] [Times: user=0.00 sys=0.00, real=0.00 secs] 
2014-07-10T12:35:55.047+0200: 100.542: [GC (Allocation Failure) 100.543: [ParNew: 136835K->5562K(153344K), 0.0087418 secs] 266017K->134744K(507264K), 0.0089600 secs] [Times: user=0.03 sys=0.00, real=0.01 secs] 
2014-07-10T12:35:55.147+0200: 100.642: [GC (Allocation Failure) 100.642: [ParNew: 141877K->10605K(153344K), 0.0079558 secs] 271058K->139787K(507264K), 0.0081285 secs] [Times: user=0.03 sys=0.00, real=0.01 secs] 
2014-07-10T12:35:55.288+0200: 100.783: [GC (Allocation Failure) 100.783: [ParNew: 146911K->3163K(153344K), 0.0038169 secs] 276092K->132446K(507264K), 0.0039937 secs] [Times: user=0.01 sys=0.00, real=0.00 secs] 
2014-07-10T12:35:55.446+0200: 100.941: [GC (Allocation Failure) 100.941: [ParNew: 139477K->8206K(153344K), 0.0064075 secs] 268760K->137488K(507264K), 0.0065666 secs] [Times: user=0.00 sys=0.00, real=0.01 secs] 
2014-07-10T12:35:55.549+0200: 101.044: [GC (Allocation Failure) 101.044: [ParNew: 144521K->13248K(153344K), 0.0094930 secs] 273803K->142531K(507264K), 0.0096533 secs] [Times: user=0.03 sys=0.00, real=0.01 secs] 
2014-07-10T12:35:55.704+0200: 101.199: [GC (Allocation Failure) 101.199: [ParNew: 149560K->17018K(153344K), 0.0132608 secs] 278843K->147574K(507264K), 0.0134332 secs] [Times: user=0.03 sys=0.00, real=0.01 secs] 
2014-07-10T12:35:55.850+0200: 101.346: [GC (Allocation Failure) 101.346: [ParNew: 153324K->10881K(153344K), 0.0143347 secs] 283879K->141453K(507264K), 0.0146694 secs] [Times: user=0.00 sys=0.02, real=0.02 secs] 
2014-07-10T12:35:55.950+0200: 101.445: [GC (Allocation Failure) 101.445: [ParNew: 147196K->15897K(153344K), 0.0112591 secs] 277768K->146494K(507264K), 0.0114266 secs] [Times: user=0.03 sys=0.00, real=0.01 secs] 
2014-07-10T12:35:56.099+0200: 101.594: [GC (Allocation Failure) 101.594: [ParNew: 152212K->17018K(153344K), 0.0149961 secs] 282808K->151536K(507264K), 0.0151732 secs] [Times: user=0.03 sys=0.00, real=0.02 secs] 
2014-07-10T12:35:56.257+0200: 101.752: [GC (Allocation Failure) 101.753: [ParNew: 153309K->17022K(153344K), 0.0207642 secs] 287827K->152229K(507264K), 0.0214458 secs] [Times: user=0.03 sys=0.00, real=0.02 secs] 
2014-07-10T12:35:56.353+0200: 101.848: [GC (Allocation Failure) 101.848: [ParNew: 153336K->17018K(153344K), 0.0153290 secs] 288543K->157944K(507264K), 0.0155163 secs] [Times: user=0.03 sys=0.00, real=0.02 secs] 
2014-07-10T12:35:56.500+0200: 101.995: [GC (Allocation Failure) 101.995: [ParNew: 153330K->17018K(153344K), 0.0184442 secs] 294256K->168685K(507264K), 0.0186092 secs] [Times: user=0.03 sys=0.00, real=0.02 secs] 
2014-07-10T12:35:56.667+0200: 102.163: [GC (Allocation Failure) 102.163: [ParNew: 153332K->17018K(153344K), 0.0254790 secs] 305000K->184453K(507264K), 0.0257463 secs] [Times: user=0.03 sys=0.00, real=0.03 secs] 
2014-07-10T12:35:56.760+0200: 102.255: [GC (Allocation Failure) 102.255: [ParNew: 153321K->17004K(153344K), 0.0140139 secs] 320756K->187657K(507264K), 0.0141671 secs] [Times: user=0.03 sys=0.00, real=0.01 secs] 
2014-07-10T12:35:56.908+0200: 102.403: [GC (Allocation Failure) 102.403: [ParNew: 153318K->17018K(153344K), 0.0175522 secs] 323970K->195899K(507264K), 0.0177304 secs] [Times: user=0.03 sys=0.00, real=0.02 secs] 
2014-07-10T12:35:57.067+0200: 102.562: [GC (Allocation Failure) 102.562: [ParNew: 153333K->17018K(153344K), 0.0213391 secs] 332215K->209137K(507264K), 0.0215253 secs] [Times: user=0.06 sys=0.00, real=0.02 secs] 
2014-07-10T12:35:57.159+0200: 102.655: [GC (Allocation Failure) 102.655: [ParNew: 153307K->17022K(153344K), 0.0181109 secs] 345427K->219147K(507264K), 0.0182833 secs] [Times: user=0.06 sys=0.00, real=0.02 secs] 
2014-07-10T12:35:57.307+0200: 102.803: [GC (Allocation Failure) 102.803: [ParNew: 153334K->17018K(153344K), 0.0212826 secs] 355459K->234178K(507264K), 0.0214931 secs] [Times: user=0.03 sys=0.00, real=0.02 secs] 
2014-07-10T12:35:57.477+0200: 102.972: [GC (Allocation Failure) 102.973: [ParNew: 153331K->17018K(153344K), 0.0282474 secs] 370491K->254236K(507264K), 0.0284982 secs] [Times: user=0.06 sys=0.00, real=0.03 secs] 
2014-07-10T12:35:57.574+0200: 103.070: [GC (Allocation Failure) 103.070: [ParNew: 153331K->17018K(153344K), 0.0275702 secs] 390549K->279320K(507264K), 0.0277114 secs] [Times: user=0.06 sys=0.00, real=0.03 secs] 
2014-07-10T12:35:57.602+0200: 103.098: [GC (CMS Initial Mark) [1 CMS-initial-mark: 262302K(353920K)] 279387K(507264K), 0.0003256 secs] [Times: user=0.00 sys=0.00, real=0.00 secs] 
2014-07-10T12:35:57.603+0200: 103.098: [CMS-concurrent-mark-start]
2014-07-10T12:35:57.608+0200: 103.104: [CMS-concurrent-mark: 0.006/0.006 secs] [Times: user=0.00 sys=0.00, real=0.01 secs] 
2014-07-10T12:35:57.609+0200: 103.104: [CMS-concurrent-preclean-start]
2014-07-10T12:35:57.610+0200: 103.105: [CMS-concurrent-preclean: 0.001/0.001 secs] [Times: user=0.00 sys=0.00, real=0.00 secs] 
2014-07-10T12:35:57.610+0200: 103.105: [CMS-concurrent-abortable-preclean-start]
2014-07-10T12:35:57.696+0200: 103.192: [GC (Allocation Failure) 103.192: [ParNew2014-07-10T12:35:57.727+0200: 103.222: [CMS-concurrent-abortable-preclean: 0.001/0.117 secs] [Times: user=0.14 sys=0.00, real=0.12 secs] 
: 153332K->17018K(153344K), 0.0307273 secs] 415635K->309431K(507264K), 0.0308431 secs] [Times: user=0.06 sys=0.00, real=0.03 secs] 
2014-07-10T12:35:57.728+0200: 103.223: [GC (CMS Final Remark) [YG occupancy: 17949 K (153344 K)]103.223: [Rescan (parallel) , 0.0006889 secs]103.224: [weak refs processing, 0.0000297 secs]103.224: [class unloading, 0.0005067 secs]103.224: [scrub symbol table, 0.0005463 secs]103.225: [scrub string table, 0.0001617 secs][1 CMS-remark: 292413K(353920K)] 310362K(507264K), 0.0020670 secs] [Times: user=0.00 sys=0.00, real=0.00 secs] 
2014-07-10T12:35:57.730+0200: 103.225: [CMS-concurrent-sweep-start]
2014-07-10T12:35:57.733+0200: 103.228: [CMS-concurrent-sweep: 0.003/0.003 secs] [Times: user=0.00 sys=0.00, real=0.00 secs] 
2014-07-10T12:35:57.733+0200: 103.228: [CMS-concurrent-reset-start]
2014-07-10T12:35:57.735+0200: 103.230: [CMS-concurrent-reset: 0.002/0.002 secs] [Times: user=0.00 sys=0.00, real=0.00 secs] 
2014-07-10T12:35:57.877+0200: 103.372: [GC (Allocation Failure) 103.372: [ParNew: 153322K->16996K(153344K), 0.0275523 secs] 210496K->96950K(507264K), 0.0277316 secs] [Times: user=0.06 sys=0.00, real=0.03 secs] 
2014-07-10T12:35:57.974+0200: 103.469: [GC (Allocation Failure) 103.469: [ParNew: 153312K->17018K(153344K), 0.0288571 secs] 233266K->124754K(507264K), 0.0291618 secs] [Times: user=0.03 sys=0.00, real=0.03 secs] 
2014-07-10T12:35:58.097+0200: 103.593: [GC (Allocation Failure) 103.593: [ParNew: 153331K->17018K(153344K), 0.0323001 secs] 261067K->157554K(507264K), 0.0324625 secs] [Times: user=0.09 sys=0.00, real=0.03 secs] 
2014-07-10T12:35:58.273+0200: 103.769: [GC (Allocation Failure) 103.769: [ParNew: 153322K->16994K(153344K), 0.0292534 secs] 293858K->182998K(507264K), 0.0294151 secs] [Times: user=0.06 sys=0.00, real=0.03 secs] 
2014-07-10T12:35:58.373+0200: 103.868: [GC (Allocation Failure) 103.868: [ParNew: 153309K->17018K(153344K), 0.0310822 secs] 319314K->213493K(507264K), 0.0312475 secs] [Times: user=0.06 sys=0.00, real=0.03 secs] 
2014-07-10T12:35:58.498+0200: 103.993: [GC (Allocation Failure) 103.993: [ParNew: 153333K->17018K(153344K), 0.0340397 secs] 349808K->248983K(507264K), 0.0342007 secs] [Times: user=0.06 sys=0.00, real=0.03 secs] 
2014-07-10T12:35:58.532+0200: 104.027: [GC (CMS Initial Mark) [1 CMS-initial-mark: 231965K(353920K)] 249015K(507264K), 0.0003355 secs] [Times: user=0.00 sys=0.00, real=0.00 secs] 
2014-07-10T12:35:58.532+0200: 104.028: [CMS-concurrent-mark-start]
2014-07-10T12:35:58.540+0200: 104.036: [CMS-concurrent-mark: 0.008/0.008 secs] [Times: user=0.03 sys=0.00, real=0.01 secs] 
2014-07-10T12:35:58.540+0200: 104.036: [CMS-concurrent-preclean-start]
2014-07-10T12:35:58.542+0200: 104.037: [CMS-concurrent-preclean: 0.001/0.001 secs] [Times: user=0.00 sys=0.00, real=0.00 secs] 
2014-07-10T12:35:58.542+0200: 104.037: [CMS-concurrent-abortable-preclean-start]
2014-07-10T12:35:58.669+0200: 104.165: [GC (Allocation Failure) 104.165: [ParNew: 153331K->17018K(153344K), 0.0371615 secs] 385296K->289499K(507264K), 0.0373229 secs] [Times: user=0.08 sys=0.00, real=0.04 secs] 
2014-07-10T12:35:58.707+0200: 104.202: [CMS-concurrent-abortable-preclean: 0.002/0.165 secs] [Times: user=0.16 sys=0.00, real=0.16 secs] 
2014-07-10T12:35:58.707+0200: 104.202: [GC (CMS Final Remark) [YG occupancy: 17213 K (153344 K)]104.202: [Rescan (parallel) , 0.0008399 secs]104.203: [weak refs processing, 0.0000264 secs]104.203: [class unloading, 0.0004319 secs]104.204: [scrub symbol table, 0.0005481 secs]104.204: [scrub string table, 0.0001576 secs][1 CMS-remark: 272481K(353920K)] 289694K(507264K), 0.0021338 secs] [Times: user=0.00 sys=0.00, real=0.00 secs] 
2014-07-10T12:35:58.709+0200: 104.205: [CMS-concurrent-sweep-start]
2014-07-10T12:35:58.712+0200: 104.207: [CMS-concurrent-sweep: 0.003/0.003 secs] [Times: user=0.00 sys=0.00, real=0.00 secs] 
2014-07-10T12:35:58.712+0200: 104.207: [CMS-concurrent-reset-start]
2014-07-10T12:35:58.714+0200: 104.209: [CMS-concurrent-reset: 0.002/0.002 secs] [Times: user=0.00 sys=0.00, real=0.00 secs] 
2014-07-10T12:35:58.776+0200: 104.272: [GC (Allocation Failure) 104.272: [ParNew: 153338K->17000K(153344K), 0.0320112 secs] 231331K->127121K(507264K), 0.0321677 secs] [Times: user=0.06 sys=0.00, real=0.03 secs] 
2014-07-10T12:35:58.900+0200: 104.395: [GC (Allocation Failure) 104.395: [ParNew: 153315K->17018K(153344K), 0.0348833 secs] 263436K->164273K(507264K), 0.0350399 secs] [Times: user=0.06 sys=0.00, real=0.03 secs] 
2014-07-10T12:35:59.095+0200: 104.590: [GC (Allocation Failure) 104.590: [ParNew: 153332K->17018K(153344K), 0.0432358 secs] 300588K->206422K(507264K), 0.0435001 secs] [Times: user=0.08 sys=0.00, real=0.04 secs] 
2014-07-10T12:35:59.204+0200: 104.700: [GC (Allocation Failure) 104.700: [ParNew: 153332K->17018K(153344K), 0.0410203 secs] 342736K->253597K(507264K), 0.0411680 secs] [Times: user=0.09 sys=0.00, real=0.04 secs] 
2014-07-10T12:35:59.246+0200: 104.741: [GC (CMS Initial Mark) [1 CMS-initial-mark: 236579K(353920K)] 253629K(507264K), 0.0003886 secs] [Times: user=0.00 sys=0.00, real=0.00 secs] 
2014-07-10T12:35:59.246+0200: 104.742: [CMS-concurrent-mark-start]
2014-07-10T12:35:59.252+0200: 104.747: [CMS-concurrent-mark: 0.006/0.006 secs] [Times: user=0.03 sys=0.00, real=0.01 secs] 
2014-07-10T12:35:59.252+0200: 104.747: [CMS-concurrent-preclean-start]
2014-07-10T12:35:59.253+0200: 104.748: [CMS-concurrent-preclean: 0.001/0.001 secs] [Times: user=0.00 sys=0.00, real=0.00 secs] 
2014-07-10T12:35:59.253+0200: 104.748: [CMS-concurrent-abortable-preclean-start]
2014-07-10T12:35:59.312+0200: 104.807: [GC (Allocation Failure) 104.807: [ParNew: 153309K->17022K(153344K), 0.0412776 secs] 389888K->297543K(507264K), 0.0414038 secs] [Times: user=0.09 sys=0.00, real=0.04 secs] 
2014-07-10T12:35:59.474+0200: 104.969: [GC (Allocation Failure) 104.969: [ParNew: 153312K->380K(153344K), 0.0027893 secs] 433833K->280921K(507264K), 0.0029205 secs] [Times: user=0.00 sys=0.00, real=0.00 secs] 
2014-07-10T12:35:59.477+0200: 104.972: [CMS-concurrent-abortable-preclean: 0.010/0.224 secs] [Times: user=0.20 sys=0.01, real=0.22 secs] 
2014-07-10T12:35:59.477+0200: 104.972: [GC (CMS Final Remark) [YG occupancy: 543 K (153344 K)]104.972: [Rescan (parallel) , 0.0005085 secs]104.973: [weak refs processing, 0.0000268 secs]104.973: [class unloading, 0.0004238 secs]104.973: [scrub symbol table, 0.0005349 secs]104.974: [scrub string table, 0.0001620 secs][1 CMS-remark: 280540K(353920K)] 281084K(507264K), 0.0017679 secs] [Times: user=0.00 sys=0.00, real=0.00 secs] 
2014-07-10T12:35:59.479+0200: 104.974: [CMS-concurrent-sweep-start]
2014-07-10T12:35:59.481+0200: 104.977: [CMS-concurrent-sweep: 0.003/0.003 secs] [Times: user=0.00 sys=0.00, real=0.00 secs] 
2014-07-10T12:35:59.481+0200: 104.977: [CMS-concurrent-reset-start]
2014-07-10T12:35:59.483+0200: 104.979: [CMS-concurrent-reset: 0.002/0.002 secs] [Times: user=0.00 sys=0.00, real=0.00 secs] 
2014-07-10T12:35:59.647+0200: 105.142: [GC (Allocation Failure) 105.142: [ParNew: 136694K->5420K(153344K), 0.0050022 secs] 229827K->98553K(507264K), 0.0051654 secs] [Times: user=0.00 sys=0.00, real=0.00 secs] 
2014-07-10T12:35:59.721+0200: 105.217: [GC (Allocation Failure) 105.217: [ParNew: 141730K->17000K(153344K), 0.0388590 secs] 234863K->152649K(507264K), 0.0390500 secs] [Times: user=0.05 sys=0.00, real=0.04 secs] 
2014-07-10T12:35:59.894+0200: 105.389: [GC (Allocation Failure) 105.389: [ParNew: 153314K->17018K(153344K), 0.0423394 secs] 288963K->200207K(507264K), 0.0425033 secs] [Times: user=0.06 sys=0.00, real=0.04 secs] 
2014-07-10T12:35:59.936+0200: 105.432: [GC (CMS Initial Mark) [1 CMS-initial-mark: 183189K(353920K)] 200239K(507264K), 0.0004403 secs] [Times: user=0.00 sys=0.00, real=0.00 secs] 
2014-07-10T12:35:59.937+0200: 105.432: [CMS-concurrent-mark-start]
2014-07-10T12:35:59.942+0200: 105.438: [CMS-concurrent-mark: 0.005/0.005 secs] [Times: user=0.03 sys=0.00, real=0.00 secs] 
2014-07-10T12:35:59.943+0200: 105.438: [CMS-concurrent-preclean-start]
2014-07-10T12:35:59.943+0200: 105.439: [CMS-concurrent-preclean: 0.001/0.001 secs] [Times: user=0.00 sys=0.00, real=0.00 secs] 
2014-07-10T12:35:59.944+0200: 105.439: [CMS-concurrent-abortable-preclean-start]
2014-07-10T12:36:00.045+0200: 105.541: [GC (Allocation Failure) 105.541: [ParNew: 153307K->3931K(153344K), 0.0068310 secs] 336497K->187137K(507264K), 0.0071023 secs] [Times: user=0.03 sys=0.00, real=0.01 secs] 
2014-07-10T12:36:00.146+0200: 105.642: [GC (Allocation Failure) 105.642: [ParNew: 140244K->8974K(153344K), 0.0070187 secs] 323450K->192179K(507264K), 0.0071763 secs] [Times: user=0.00 sys=0.00, real=0.01 secs] 
2014-07-10T12:36:00.153+0200: 105.649: [CMS-concurrent-abortable-preclean: 0.005/0.210 secs] [Times: user=0.16 sys=0.00, real=0.21 secs] 
2014-07-10T12:36:00.154+0200: 105.649: [GC (CMS Final Remark) [YG occupancy: 9233 K (153344 K)]105.649: [Rescan (parallel) , 0.0005690 secs]105.650: [weak refs processing, 0.0000282 secs]105.650: [class unloading, 0.0004696 secs]105.650: [scrub symbol table, 0.0005393 secs]105.651: [scrub string table, 0.0001598 secs][1 CMS-remark: 183205K(353920K)] 192438K(507264K), 0.0018863 secs] [Times: user=0.00 sys=0.00, real=0.00 secs] 
2014-07-10T12:36:00.156+0200: 105.651: [CMS-concurrent-sweep-start]
2014-07-10T12:36:00.158+0200: 105.653: [CMS-concurrent-sweep: 0.002/0.002 secs] [Times: user=0.03 sys=0.00, real=0.00 secs] 
2014-07-10T12:36:00.158+0200: 105.653: [CMS-concurrent-reset-start]
2014-07-10T12:36:00.160+0200: 105.655: [CMS-concurrent-reset: 0.002/0.002 secs] [Times: user=0.00 sys=0.00, real=0.00 secs] 
2014-07-10T12:36:00.293+0200: 105.788: [GC (Allocation Failure) 105.788: [ParNew: 145263K->5720K(153344K), 0.0054583 secs] 194778K->55276K(507264K), 0.0059767 secs] [Times: user=0.03 sys=0.00, real=0.01 secs] 
2014-07-10T12:36:00.450+0200: 105.946: [GC (Allocation Failure) 105.946: [ParNew: 142033K->10763K(153344K), 0.0108199 secs] 191589K->60319K(507264K), 0.0110585 secs] [Times: user=0.03 sys=0.00, real=0.01 secs] 
2014-07-10T12:36:00.552+0200: 106.047: [GC (Allocation Failure) 106.047: [ParNew: 147076K->15769K(153344K), 0.0112297 secs] 196632K->65361K(507264K), 0.0113859 secs] [Times: user=0.03 sys=0.00, real=0.01 secs] 
2014-07-10T12:36:00.698+0200: 106.193: [GC (Allocation Failure) 106.194: [ParNew: 152083K->17018K(153344K), 0.0141411 secs] 201675K->70404K(507264K), 0.0142911 secs] [Times: user=0.03 sys=0.00, real=0.01 secs] 
2014-07-10T12:36:00.853+0200: 106.348: [GC (Allocation Failure) 106.348: [ParNew: 153307K->12356K(153344K), 0.0183727 secs] 206693K->65758K(507264K), 0.0186810 secs] [Times: user=0.02 sys=0.00, real=0.02 secs] 
2014-07-10T12:36:00.950+0200: 106.445: [GC (Allocation Failure) 106.445: [ParNew: 148671K->17018K(153344K), 0.0122772 secs] 202073K->70801K(507264K), 0.0124451 secs] [Times: user=0.03 sys=0.00, real=0.01 secs] 
2014-07-10T12:36:01.084+0200: 106.579: [GC (Allocation Failure) 106.580: [ParNew: 153333K->17018K(153344K), 0.0152289 secs] 207116K->76195K(507264K), 0.0153891 secs] [Times: user=0.03 sys=0.00, real=0.01 secs] 
2014-07-10T12:36:01.254+0200: 106.750: [GC (Allocation Failure) 106.750: [ParNew: 153322K->15041K(153344K), 0.0154624 secs] 212499K->74235K(507264K), 0.0157004 secs] [Times: user=0.03 sys=0.00, real=0.01 secs] 
2014-07-10T12:36:01.351+0200: 106.847: [GC (Allocation Failure) 106.847: [ParNew: 151356K->17018K(153344K), 0.0139182 secs] 210550K->79277K(507264K), 0.0140777 secs] [Times: user=0.03 sys=0.00, real=0.01 secs] 
2014-07-10T12:36:01.503+0200: 106.999: [GC (Allocation Failure) 106.999: [ParNew: 153333K->17018K(153344K), 0.0170122 secs] 215592K->87361K(507264K), 0.0171870 secs] [Times: user=0.03 sys=0.00, real=0.02 secs] 
2014-07-10T12:36:01.657+0200: 107.153: [GC (Allocation Failure) 107.153: [ParNew: 153332K->17018K(153344K), 0.0203932 secs] 223676K->100472K(507264K), 0.0205703 secs] [Times: user=0.03 sys=0.00, real=0.02 secs] 
2014-07-10T12:36:01.753+0200: 107.249: [GC (Allocation Failure) 107.249: [ParNew: 153320K->16996K(153344K), 0.0151699 secs] 236774K->106229K(507264K), 0.0153264 secs] [Times: user=0.03 sys=0.00, real=0.01 secs] 
2014-07-10T12:36:01.911+0200: 107.407: [GC (Allocation Failure) 107.407: [ParNew: 153309K->17018K(153344K), 0.0188644 secs] 242542K->117032K(507264K), 0.0190180 secs] [Times: user=0.03 sys=0.00, real=0.02 secs] 
2014-07-10T12:36:02.072+0200: 107.567: [GC (Allocation Failure) 107.568: [ParNew: 153332K->17018K(153344K), 0.0236807 secs] 253347K->132832K(507264K), 0.0239033 secs] [Times: user=0.06 sys=0.00, real=0.02 secs] 
2014-07-10T12:36:02.163+0200: 107.658: [GC (Allocation Failure) 107.659: [ParNew: 153308K->17022K(153344K), 0.0196258 secs] 269123K->145402K(507264K), 0.0197890 secs] [Times: user=0.03 sys=0.00, real=0.02 secs] 
2014-07-10T12:36:02.300+0200: 107.795: [GC (Allocation Failure) 107.795: [ParNew: 153336K->17018K(153344K), 0.0227594 secs] 281716K->162995K(507264K), 0.0229258 secs] [Times: user=0.03 sys=0.00, real=0.02 secs] 
2014-07-10T12:36:02.472+0200: 107.967: [GC (Allocation Failure) 107.968: [ParNew: 153333K->17018K(153344K), 0.0275886 secs] 299310K->185614K(507264K), 0.0277737 secs] [Times: user=0.06 sys=0.00, real=0.03 secs] 
2014-07-10T12:36:02.567+0200: 108.062: [GC (Allocation Failure) 108.062: [ParNew: 153332K->17018K(153344K), 0.0291775 secs] 321929K->213260K(507264K), 0.0293451 secs] [Times: user=0.06 sys=0.00, real=0.03 secs] 
2014-07-10T12:36:02.715+0200: 108.211: [GC (Allocation Failure) 108.211: [ParNew: 153331K->17018K(153344K), 0.0318964 secs] 349573K->245932K(507264K), 0.0320874 secs] [Times: user=0.06 sys=0.00, real=0.03 secs] 
2014-07-10T12:36:02.859+0200: 108.355: [GC (Allocation Failure) 108.355: [ParNew: 153319K->17004K(153344K), 0.0244429 secs] 382233K->266040K(507264K), 0.0246094 secs] [Times: user=0.03 sys=0.00, real=0.03 secs] 
2014-07-10T12:36:02.962+0200: 108.457: [GC (Allocation Failure) 108.458: [ParNew: 153317K->17018K(153344K), 0.0275395 secs] 402353K->291187K(507264K), 0.0276927 secs] [Times: user=0.06 sys=0.00, real=0.03 secs] 
2014-07-10T12:36:02.990+0200: 108.485: [GC (CMS Initial Mark) [1 CMS-initial-mark: 274168K(353920K)] 291219K(507264K), 0.0002937 secs] [Times: user=0.00 sys=0.00, real=0.00 secs] 
2014-07-10T12:36:02.990+0200: 108.486: [CMS-concurrent-mark-start]
2014-07-10T12:36:02.996+0200: 108.491: [CMS-concurrent-mark: 0.005/0.005 secs] [Times: user=0.03 sys=0.00, real=0.01 secs] 
2014-07-10T12:36:02.996+0200: 108.491: [CMS-concurrent-preclean-start]
2014-07-10T12:36:02.997+0200: 108.492: [CMS-concurrent-preclean: 0.001/0.001 secs] [Times: user=0.00 sys=0.00, real=0.00 secs] 
2014-07-10T12:36:02.997+0200: 108.492: [CMS-concurrent-abortable-preclean-start]
2014-07-10T12:36:03.110+0200: 108.606: [GC (Allocation Failure) 108.606: [ParNew: 153333K->17018K(153344K), 0.0310789 secs] 427502K->321330K(507264K), 0.0312255 secs] [Times: user=0.06 sys=0.00, real=0.03 secs] 
2014-07-10T12:36:03.142+0200: 108.637: [CMS-concurrent-abortable-preclean: 0.003/0.145 secs] [Times: user=0.13 sys=0.00, real=0.14 secs] 
2014-07-10T12:36:03.142+0200: 108.638: [GC (CMS Final Remark) [YG occupancy: 17373 K (153344 K)]108.638: [Rescan (parallel) , 0.0007234 secs]108.638: [weak refs processing, 0.0000282 secs]108.638: [class unloading, 0.0006009 secs]108.639: [scrub symbol table, 0.0005609 secs]108.640: [scrub string table, 0.0001562 secs][1 CMS-remark: 304311K(353920K)] 321685K(507264K), 0.0021990 secs] [Times: user=0.00 sys=0.00, real=0.00 secs] 
2014-07-10T12:36:03.144+0200: 108.640: [CMS-concurrent-sweep-start]
2014-07-10T12:36:03.147+0200: 108.643: [CMS-concurrent-sweep: 0.003/0.003 secs] [Times: user=0.00 sys=0.00, real=0.00 secs] 
2014-07-10T12:36:03.147+0200: 108.643: [CMS-concurrent-reset-start]
2014-07-10T12:36:03.149+0200: 108.645: [CMS-concurrent-reset: 0.002/0.002 secs] [Times: user=0.00 sys=0.00, real=0.00 secs] 
2014-07-10T12:36:03.279+0200: 108.775: [GC (Allocation Failure) 108.775: [ParNew: 153307K->17022K(153344K), 0.0295885 secs] 210598K->101223K(507264K), 0.0297425 secs] [Times: user=0.06 sys=0.00, real=0.03 secs] 
2014-07-10T12:36:03.375+0200: 108.871: [GC (Allocation Failure) 108.871: [ParNew: 153337K->17018K(153344K), 0.0315998 secs] 237538K->133159K(507264K), 0.0317622 secs] [Times: user=0.06 sys=0.00, real=0.03 secs] 
2014-07-10T12:36:03.499+0200: 108.995: [GC (Allocation Failure) 108.995: [ParNew: 153331K->17018K(153344K), 0.0346799 secs] 269472K->170121K(507264K), 0.0348368 secs] [Times: user=0.06 sys=0.00, real=0.03 secs] 
2014-07-10T12:36:03.694+0200: 109.189: [GC (Allocation Failure) 109.190: [ParNew: 153331K->17018K(153344K), 0.0400945 secs] 306434K->212109K(507264K), 0.0403285 secs] [Times: user=0.09 sys=0.00, real=0.04 secs] 
2014-07-10T12:36:03.803+0200: 109.299: [GC (Allocation Failure) 109.299: [ParNew: 153323K->16996K(153344K), 0.0346795 secs] 348414K->246744K(507264K), 0.0348397 secs] [Times: user=0.08 sys=0.00, real=0.04 secs] 
2014-07-10T12:36:03.846+0200: 109.342: [GC (CMS Initial Mark) [1 CMS-initial-mark: 229748K(353920K)] 255398K(507264K), 0.0005048 secs] [Times: user=0.00 sys=0.00, real=0.00 secs] 
2014-07-10T12:36:03.847+0200: 109.343: [CMS-concurrent-mark-start]
2014-07-10T12:36:03.852+0200: 109.348: [CMS-concurrent-mark: 0.005/0.005 secs] [Times: user=0.00 sys=0.00, real=0.01 secs] 
2014-07-10T12:36:03.852+0200: 109.348: [CMS-concurrent-preclean-start]
2014-07-10T12:36:03.853+0200: 109.349: [CMS-concurrent-preclean: 0.001/0.001 secs] [Times: user=0.00 sys=0.00, real=0.00 secs] 
2014-07-10T12:36:03.853+0200: 109.349: [CMS-concurrent-abortable-preclean-start]
2014-07-10T12:36:03.915+0200: 109.411: [GC (Allocation Failure) 109.411: [ParNew: 153311K->17018K(153344K), 0.0361112 secs] 383059K->286426K(507264K), 0.0362750 secs] [Times: user=0.09 sys=0.00, real=0.04 secs] 
2014-07-10T12:36:04.092+0200: 109.588: [GC (Allocation Failure) 109.588: [ParNew: 153332K->17018K(153344K), 0.0411724 secs] 422740K->331104K(507264K), 0.0413359 secs] [Times: user=0.06 sys=0.00, real=0.04 secs] 
2014-07-10T12:36:04.133+0200: 109.629: [CMS-concurrent-abortable-preclean: 0.012/0.280 secs] [Times: user=0.31 sys=0.00, real=0.28 secs] 
2014-07-10T12:36:04.134+0200: 109.629: [GC (CMS Final Remark) [YG occupancy: 17245 K (153344 K)]109.629: [Rescan (parallel) , 0.0007223 secs]109.630: [weak refs processing, 0.0000271 secs]109.630: [class unloading, 0.0006064 secs]109.631: [scrub symbol table, 0.0007747 secs]109.632: [scrub string table, 0.0001558 secs][1 CMS-remark: 314086K(353920K)] 331331K(507264K), 0.0024142 secs] [Times: user=0.00 sys=0.00, real=0.00 secs] 
2014-07-10T12:36:04.136+0200: 109.632: [CMS-concurrent-sweep-start]
2014-07-10T12:36:04.139+0200: 109.635: [CMS-concurrent-sweep: 0.003/0.003 secs] [Times: user=0.00 sys=0.00, real=0.00 secs] 
2014-07-10T12:36:04.139+0200: 109.635: [CMS-concurrent-reset-start]
2014-07-10T12:36:04.141+0200: 109.637: [CMS-concurrent-reset: 0.002/0.002 secs] [Times: user=0.00 sys=0.00, real=0.00 secs] 
2014-07-10T12:36:04.204+0200: 109.699: [GC (Allocation Failure) 109.700: [ParNew: 153335K->1134K(153344K), 0.0019717 secs] 274358K->122173K(507264K), 0.0020865 secs] [Times: user=0.00 sys=0.00, real=0.00 secs] 
2014-07-10T12:36:04.314+0200: 109.810: [GC (Allocation Failure) 109.810: [ParNew: 137433K->17010K(153344K), 0.0385679 secs] 258472K->180406K(507264K), 0.0387417 secs] [Times: user=0.05 sys=0.02, real=0.04 secs] 
2014-07-10T12:36:04.477+0200: 109.973: [GC (Allocation Failure) 109.973: [ParNew: 153326K->17018K(153344K), 0.0413803 secs] 316722K->227805K(507264K), 0.0416168 secs] [Times: user=0.09 sys=0.00, real=0.04 secs] 
2014-07-10T12:36:04.519+0200: 110.015: [GC (CMS Initial Mark) [1 CMS-initial-mark: 210787K(353920K)] 227872K(507264K), 0.0003806 secs] [Times: user=0.00 sys=0.00, real=0.00 secs] 
2014-07-10T12:36:04.519+0200: 110.015: [CMS-concurrent-mark-start]
2014-07-10T12:36:04.525+0200: 110.021: [CMS-concurrent-mark: 0.006/0.006 secs] [Times: user=0.03 sys=0.00, real=0.01 secs] 
2014-07-10T12:36:04.525+0200: 110.021: [CMS-concurrent-preclean-start]
2014-07-10T12:36:04.526+0200: 110.022: [CMS-concurrent-preclean: 0.001/0.001 secs] [Times: user=0.00 sys=0.00, real=0.00 secs] 
2014-07-10T12:36:04.526+0200: 110.022: [CMS-concurrent-abortable-preclean-start]
2014-07-10T12:36:04.645+0200: 110.141: [GC (Allocation Failure) 110.141: [ParNew: 153307K->3803K(153344K), 0.0067602 secs] 364094K->214607K(507264K), 0.0070355 secs] [Times: user=0.03 sys=0.00, real=0.01 secs] 
2014-07-10T12:36:04.653+0200: 110.148: [CMS-concurrent-abortable-preclean: 0.005/0.126 secs] [Times: user=0.09 sys=0.00, real=0.13 secs] 
2014-07-10T12:36:04.653+0200: 110.149: [GC (CMS Final Remark) [YG occupancy: 4607 K (153344 K)]110.149: [Rescan (parallel) , 0.0017855 secs]110.151: [weak refs processing, 0.0000634 secs]110.151: [class unloading, 0.0007146 secs]110.152: [scrub symbol table, 0.0007285 secs]110.153: [scrub string table, 0.0002343 secs][1 CMS-remark: 210803K(353920K)] 215410K(507264K), 0.0038103 secs] [Times: user=0.00 sys=0.00, real=0.00 secs] 
2014-07-10T12:36:04.657+0200: 110.153: [CMS-concurrent-sweep-start]
2014-07-10T12:36:04.660+0200: 110.156: [CMS-concurrent-sweep: 0.003/0.003 secs] [Times: user=0.00 sys=0.00, real=0.00 secs] 
2014-07-10T12:36:04.660+0200: 110.156: [CMS-concurrent-reset-start]
2014-07-10T12:36:04.663+0200: 110.158: [CMS-concurrent-reset: 0.002/0.002 secs] [Times: user=0.00 sys=0.00, real=0.00 secs] 
2014-07-10T12:36:04.725+0200: 110.221: [GC (Allocation Failure) 110.221: [ParNew: 140123K->616K(153344K), 0.0018698 secs] 189547K->50040K(507264K), 0.0019974 secs] [Times: user=0.03 sys=0.00, real=0.00 secs] 
2014-07-10T12:36:04.876+0200: 110.372: [GC (Allocation Failure) 110.372: [ParNew: 136931K->456K(153344K), 0.0022393 secs] 186355K->49880K(507264K), 0.0023897 secs] [Times: user=0.00 sys=0.00, real=0.00 secs] 
2014-07-10T12:36:05.047+0200: 110.542: [GC (Allocation Failure) 110.542: [ParNew: 136769K->5498K(153344K), 0.0085116 secs] 186193K->54922K(507264K), 0.0087752 secs] [Times: user=0.00 sys=0.02, real=0.01 secs] 
2014-07-10T12:36:05.147+0200: 110.642: [GC (Allocation Failure) 110.642: [ParNew: 141812K->10541K(153344K), 0.0077468 secs] 191236K->59965K(507264K), 0.0079470 secs] [Times: user=0.03 sys=0.00, real=0.01 secs] 
2014-07-10T12:36:05.276+0200: 110.771: [GC (Allocation Failure) 110.771: [ParNew: 146831K->7225K(153344K), 0.0060614 secs] 196255K->56750K(507264K), 0.0062469 secs] [Times: user=0.00 sys=0.00, real=0.01 secs] 
2014-07-10T12:36:05.452+0200: 110.947: [GC (Allocation Failure) 110.947: [ParNew: 143539K->12268K(153344K), 0.0150569 secs] 193064K->61793K(507264K), 0.0152854 secs] [Times: user=0.03 sys=0.00, real=0.02 secs] 
2014-07-10T12:36:05.551+0200: 111.046: [GC (Allocation Failure) 111.046: [ParNew: 148581K->17018K(153344K), 0.0117331 secs] 198106K->66835K(507264K), 0.0119135 secs] [Times: user=0.03 sys=0.00, real=0.01 secs] 
2014-07-10T12:36:05.702+0200: 111.197: [GC (Allocation Failure) 111.197: [ParNew: 153323K->9918K(153344K), 0.0079917 secs] 203140K->59752K(507264K), 0.0081919 secs] [Times: user=0.00 sys=0.01, real=0.01 secs] 
2014-07-10T12:36:05.850+0200: 111.345: [GC (Allocation Failure) 111.345: [ParNew: 146214K->10781K(153344K), 0.0110182 secs] 196048K->60639K(507264K), 0.0112983 secs] [Times: user=0.00 sys=0.00, real=0.01 secs] 
2014-07-10T12:36:05.950+0200: 111.444: [GC (Allocation Failure) 111.445: [ParNew: 147094K->15801K(153344K), 0.0111146 secs] 196952K->65679K(507264K), 0.0112778 secs] [Times: user=0.03 sys=0.00, real=0.01 secs] 
2014-07-10T12:36:06.098+0200: 111.593: [GC (Allocation Failure) 111.593: [ParNew: 152113K->17018K(153344K), 0.0143692 secs] 201992K->70722K(507264K), 0.0145250 secs] [Times: user=0.03 sys=0.00, real=0.01 secs] 
2014-07-10T12:36:06.257+0200: 111.752: [GC (Allocation Failure) 111.752: [ParNew: 153309K->17022K(153344K), 0.0196456 secs] 207013K->71318K(507264K), 0.0198773 secs] [Times: user=0.03 sys=0.00, real=0.02 secs] 
2014-07-10T12:36:06.352+0200: 111.847: [GC (Allocation Failure) 111.847: [ParNew: 153336K->17018K(153344K), 0.0151662 secs] 207633K->76937K(507264K), 0.0153480 secs] [Times: user=0.03 sys=0.00, real=0.02 secs] 
2014-07-10T12:36:06.508+0200: 112.003: [GC (Allocation Failure) 112.003: [ParNew: 153330K->17018K(153344K), 0.0190026 secs] 213249K->87583K(507264K), 0.0192262 secs] [Times: user=0.03 sys=0.00, real=0.02 secs] 
2014-07-10T12:36:06.670+0200: 112.165: [GC (Allocation Failure) 112.165: [ParNew: 153332K->17018K(153344K), 0.0226743 secs] 223896K->103254K(507264K), 0.0228477 secs] [Times: user=0.03 sys=0.00, real=0.02 secs] 
2014-07-10T12:36:06.759+0200: 112.254: [GC (Allocation Failure) 112.254: [ParNew: 153306K->17000K(153344K), 0.0168607 secs] 239543K->110488K(507264K), 0.0169883 secs] [Times: user=0.03 sys=0.00, real=0.02 secs] 
2014-07-10T12:36:06.889+0200: 112.383: [GC (Allocation Failure) 112.383: [ParNew: 153315K->17018K(153344K), 0.0193373 secs] 246803K->122764K(507264K), 0.0194909 secs] [Times: user=0.03 sys=0.00, real=0.02 secs] 
2014-07-10T12:36:07.073+0200: 112.568: [GC (Allocation Failure) 112.568: [ParNew: 153332K->17018K(153344K), 0.0278438 secs] 259079K->140037K(507264K), 0.0280795 secs] [Times: user=0.06 sys=0.00, real=0.03 secs] 
2014-07-10T12:36:07.172+0200: 112.667: [GC (Allocation Failure) 112.667: [ParNew: 153331K->17018K(153344K), 0.0255263 secs] 276350K->162336K(507264K), 0.0256796 secs] [Times: user=0.06 sys=0.00, real=0.03 secs] 
2014-07-10T12:36:07.289+0200: 112.784: [GC (Allocation Failure) 112.784: [ParNew: 153322K->16994K(153344K), 0.0211558 secs] 298640K->177279K(507264K), 0.0213105 secs] [Times: user=0.03 sys=0.00, real=0.02 secs] 
2014-07-10T12:36:07.475+0200: 112.970: [GC (Allocation Failure) 112.970: [ParNew: 153307K->17018K(153344K), 0.0249756 secs] 313592K->197273K(507264K), 0.0252202 secs] [Times: user=0.03 sys=0.00, real=0.03 secs] 
2014-07-10T12:36:07.567+0200: 113.062: [GC (Allocation Failure) 113.062: [ParNew: 153332K->17018K(153344K), 0.0273209 secs] 333587K->222262K(507264K), 0.0274834 secs] [Times: user=0.03 sys=0.00, real=0.03 secs] 
2014-07-10T12:36:07.696+0200: 113.191: [GC (Allocation Failure) 113.191: [ParNew: 153332K->17018K(153344K), 0.0305080 secs] 358576K->252277K(507264K), 0.0307034 secs] [Times: user=0.06 sys=0.00, real=0.03 secs] 
2014-07-10T12:36:07.876+0200: 113.371: [GC (Allocation Failure) 113.371: [ParNew: 153323K->16996K(153344K), 0.0345292 secs] 388582K->274938K(507264K), 0.0347554 secs] [Times: user=0.08 sys=0.00, real=0.04 secs] 
2014-07-10T12:36:07.977+0200: 113.472: [GC (Allocation Failure) 113.472: [ParNew: 153311K->17018K(153344K), 0.0291387 secs] 411253K->302646K(507264K), 0.0293000 secs] [Times: user=0.06 sys=0.00, real=0.03 secs] 
2014-07-10T12:36:08.006+0200: 113.501: [GC (CMS Initial Mark) [1 CMS-initial-mark: 285627K(353920K)] 302713K(507264K), 0.0003193 secs] [Times: user=0.00 sys=0.00, real=0.00 secs] 
2014-07-10T12:36:08.007+0200: 113.502: [CMS-concurrent-mark-start]
2014-07-10T12:36:08.012+0200: 113.507: [CMS-concurrent-mark: 0.006/0.006 secs] [Times: user=0.00 sys=0.00, real=0.01 secs] 
2014-07-10T12:36:08.012+0200: 113.507: [CMS-concurrent-preclean-start]
2014-07-10T12:36:08.013+0200: 113.508: [CMS-concurrent-preclean: 0.001/0.001 secs] [Times: user=0.00 sys=0.00, real=0.00 secs] 
2014-07-10T12:36:08.013+0200: 113.508: [CMS-concurrent-abortable-preclean-start]
2014-07-10T12:36:08.113+0200: 113.608: [GC (Allocation Failure) 113.608: [ParNew2014-07-10T12:36:08.146+0200: 113.641: [CMS-concurrent-abortable-preclean: 0.001/0.132 secs] [Times: user=0.14 sys=0.00, real=0.13 secs] 
: 153332K->17018K(153344K), 0.0330234 secs] 438960K->335350K(507264K), 0.0331338 secs] [Times: user=0.06 sys=0.00, real=0.03 secs] 
2014-07-10T12:36:08.147+0200: 113.642: [GC (CMS Final Remark) [YG occupancy: 17789 K (153344 K)]113.642: [Rescan (parallel) , 0.0006929 secs]113.642: [weak refs processing, 0.0000671 secs]113.643: [class unloading, 0.0005103 secs]113.643: [scrub symbol table, 0.0006365 secs]113.644: [scrub string table, 0.0001573 secs][1 CMS-remark: 318331K(353920K)] 336121K(507264K), 0.0021976 secs] [Times: user=0.00 sys=0.00, real=0.00 secs] 
2014-07-10T12:36:08.149+0200: 113.644: [CMS-concurrent-sweep-start]
2014-07-10T12:36:08.152+0200: 113.647: [CMS-concurrent-sweep: 0.003/0.003 secs] [Times: user=0.00 sys=0.00, real=0.00 secs] 
2014-07-10T12:36:08.152+0200: 113.647: [CMS-concurrent-reset-start]
2014-07-10T12:36:08.154+0200: 113.649: [CMS-concurrent-reset: 0.002/0.002 secs] [Times: user=0.00 sys=0.00, real=0.00 secs] 
2014-07-10T12:36:08.284+0200: 113.779: [GC (Allocation Failure) 113.779: [ParNew: 153309K->17022K(153344K), 0.0312537 secs] 215763K->108947K(507264K), 0.0314726 secs] [Times: user=0.06 sys=0.00, real=0.03 secs] 
2014-07-10T12:36:08.388+0200: 113.883: [GC (Allocation Failure) 113.883: [ParNew: 153336K->17018K(153344K), 0.0331078 secs] 245261K->143444K(507264K), 0.0332658 secs] [Times: user=0.06 sys=0.00, real=0.03 secs] 
2014-07-10T12:36:08.501+0200: 113.996: [GC (Allocation Failure) 113.996: [ParNew: 153330K->17018K(153344K), 0.0376788 secs] 279756K->182968K(507264K), 0.0378167 secs] [Times: user=0.08 sys=0.00, real=0.04 secs] 
2014-07-10T12:36:08.688+0200: 114.183: [GC (Allocation Failure) 114.183: [ParNew: 153332K->17018K(153344K), 0.0408432 secs] 319282K->227518K(507264K), 0.0410151 secs] [Times: user=0.06 sys=0.00, real=0.04 secs] 
2014-07-10T12:36:08.729+0200: 114.224: [GC (CMS Initial Mark) [1 CMS-initial-mark: 210499K(353920K)] 227550K(507264K), 0.0003674 secs] [Times: user=0.00 sys=0.00, real=0.00 secs] 
2014-07-10T12:36:08.729+0200: 114.224: [CMS-concurrent-mark-start]
2014-07-10T12:36:08.735+0200: 114.230: [CMS-concurrent-mark: 0.006/0.006 secs] [Times: user=0.00 sys=0.00, real=0.01 secs] 
2014-07-10T12:36:08.735+0200: 114.230: [CMS-concurrent-preclean-start]
2014-07-10T12:36:08.736+0200: 114.231: [CMS-concurrent-preclean: 0.001/0.001 secs] [Times: user=0.00 sys=0.00, real=0.00 secs] 
2014-07-10T12:36:08.736+0200: 114.231: [CMS-concurrent-abortable-preclean-start]
2014-07-10T12:36:08.798+0200: 114.293: [GC (Allocation Failure) 114.293: [ParNew: 153321K->17004K(153344K), 0.0315159 secs] 363821K->259503K(507264K), 0.0316853 secs] [Times: user=0.06 sys=0.00, real=0.03 secs] 
2014-07-10T12:36:08.899+0200: 114.394: [GC (Allocation Failure) 114.394: [ParNew: 153317K->17018K(153344K), 0.0348408 secs] 395817K->296528K(507264K), 0.0349984 secs] [Times: user=0.06 sys=0.00, real=0.04 secs] 
2014-07-10T12:36:09.082+0200: 114.577: [GC (Allocation Failure) 114.577: [ParNew: 153333K->17018K(153344K), 0.0391014 secs] 432843K->338548K(507264K), 0.0392740 secs] [Times: user=0.06 sys=0.00, real=0.04 secs] 
2014-07-10T12:36:09.122+0200: 114.617: [CMS-concurrent-abortable-preclean: 0.018/0.385 secs] [Times: user=0.42 sys=0.02, real=0.39 secs] 
2014-07-10T12:36:09.122+0200: 114.617: [GC (CMS Final Remark) [YG occupancy: 17181 K (153344 K)]114.617: [Rescan (parallel) , 0.0007875 secs]114.618: [weak refs processing, 0.0000290 secs]114.618: [class unloading, 0.0004524 secs]114.618: [scrub symbol table, 0.0005485 secs]114.619: [scrub string table, 0.0001573 secs][1 CMS-remark: 321530K(353920K)] 338712K(507264K), 0.0020978 secs] [Times: user=0.00 sys=0.00, real=0.00 secs] 
2014-07-10T12:36:09.124+0200: 114.619: [CMS-concurrent-sweep-start]
2014-07-10T12:36:09.126+0200: 114.621: [CMS-concurrent-sweep: 0.003/0.003 secs] [Times: user=0.00 sys=0.00, real=0.00 secs] 
2014-07-10T12:36:09.127+0200: 114.622: [CMS-concurrent-reset-start]
2014-07-10T12:36:09.129+0200: 114.624: [CMS-concurrent-reset: 0.002/0.002 secs] [Times: user=0.00 sys=0.00, real=0.00 secs] 
2014-07-10T12:36:09.191+0200: 114.686: [GC (Allocation Failure) 114.686: [ParNew: 153331K->17018K(153344K), 0.0411207 secs] 310985K->221719K(507264K), 0.0413033 secs] [Times: user=0.06 sys=0.00, real=0.04 secs] 
2014-07-10T12:36:09.232+0200: 114.727: [GC (CMS Initial Mark) [1 CMS-initial-mark: 204700K(353920K)] 221786K(507264K), 0.0004202 secs] [Times: user=0.00 sys=0.00, real=0.00 secs] 
2014-07-10T12:36:09.233+0200: 114.728: [CMS-concurrent-mark-start]
2014-07-10T12:36:09.238+0200: 114.733: [CMS-concurrent-mark: 0.005/0.005 secs] [Times: user=0.03 sys=0.00, real=0.00 secs] 
2014-07-10T12:36:09.238+0200: 114.733: [CMS-concurrent-preclean-start]
2014-07-10T12:36:09.239+0200: 114.734: [CMS-concurrent-preclean: 0.001/0.001 secs] [Times: user=0.00 sys=0.00, real=0.00 secs] 
2014-07-10T12:36:09.239+0200: 114.734: [CMS-concurrent-abortable-preclean-start]
2014-07-10T12:36:09.307+0200: 114.802: [GC (Allocation Failure) 114.802: [ParNew2014-07-10T12:36:09.342+0200: 114.837: [CMS-concurrent-abortable-preclean: 0.001/0.102 secs] [Times: user=0.11 sys=0.00, real=0.10 secs] 
: 153309K->17022K(153344K), 0.0397730 secs] 358010K->265536K(507264K), 0.0399604 secs] [Times: user=0.08 sys=0.00, real=0.04 secs] 
2014-07-10T12:36:09.347+0200: 114.842: [GC (CMS Final Remark) [YG occupancy: 17473 K (153344 K)]114.842: [Rescan (parallel) , 0.0008238 secs]114.843: [weak refs processing, 0.0000275 secs]114.843: [class unloading, 0.0005411 secs]114.844: [scrub symbol table, 0.0006218 secs]114.845: [scrub string table, 0.0001994 secs][1 CMS-remark: 248514K(353920K)] 265988K(507264K), 0.0023508 secs] [Times: user=0.00 sys=0.00, real=0.00 secs] 
2014-07-10T12:36:09.350+0200: 114.845: [CMS-concurrent-sweep-start]
2014-07-10T12:36:09.352+0200: 114.847: [CMS-concurrent-sweep: 0.002/0.002 secs] [Times: user=0.00 sys=0.00, real=0.00 secs] 
2014-07-10T12:36:09.352+0200: 114.847: [CMS-concurrent-reset-start]
2014-07-10T12:36:09.354+0200: 114.849: [CMS-concurrent-reset: 0.002/0.002 secs] [Times: user=0.00 sys=0.00, real=0.00 secs] 
2014-07-10T12:36:09.493+0200: 114.989: [GC (Allocation Failure) 114.989: [ParNew: 153311K->250K(153344K), 0.0018203 secs] 246257K->93216K(507264K), 0.0019589 secs] [Times: user=0.00 sys=0.00, real=0.00 secs] 
2014-07-10T12:36:09.646+0200: 115.141: [GC (Allocation Failure) 115.141: [ParNew: 136562K->5292K(153344K), 0.0082802 secs] 229528K->98258K(507264K), 0.0085974 secs] [Times: user=0.00 sys=0.00, real=0.01 secs] 
2014-07-10T12:36:09.727+0200: 115.223: [GC (Allocation Failure) 115.223: [ParNew: 141610K->2094K(153344K), 0.0025022 secs] 234576K->95060K(507264K), 0.0027856 secs] [Times: user=0.00 sys=0.00, real=0.00 secs] 
2014-07-10T12:36:09.881+0200: 115.376: [GC (Allocation Failure) 115.376: [ParNew: 138394K->2997K(153344K), 0.0029854 secs] 231360K->95963K(507264K), 0.0031237 secs] [Times: user=0.00 sys=0.00, real=0.00 secs] 
2014-07-10T12:36:10.045+0200: 115.540: [GC (Allocation Failure) 115.540: [ParNew: 139310K->8040K(153344K), 0.0065864 secs] 232276K->101006K(507264K), 0.0067477 secs] [Times: user=0.03 sys=0.00, real=0.01 secs] 
2014-07-10T12:36:10.151+0200: 115.646: [GC (Allocation Failure) 115.646: [ParNew: 144352K->13082K(153344K), 0.0163522 secs] 237319K->106048K(507264K), 0.0166499 secs] [Times: user=0.02 sys=0.00, real=0.02 secs] 
2014-07-10T12:36:10.288+0200: 115.783: [GC (Allocation Failure) 115.783: [ParNew: 149386K->5628K(153344K), 0.0049758 secs] 242352K->98708K(507264K), 0.0051474 secs] [Times: user=0.00 sys=0.00, real=0.00 secs] 
2014-07-10T12:36:10.450+0200: 115.945: [GC (Allocation Failure) 115.945: [ParNew: 141943K->10671K(153344K), 0.0142192 secs] 235022K->103750K(507264K), 0.0145187 secs] [Times: user=0.03 sys=0.00, real=0.01 secs] 
2014-07-10T12:36:10.549+0200: 116.045: [GC (Allocation Failure) 116.045: [ParNew: 146984K->15673K(153344K), 0.0109925 secs] 240064K->108793K(507264K), 0.0111630 secs] [Times: user=0.00 sys=0.00, real=0.01 secs] 
2014-07-10T12:36:10.704+0200: 116.199: [GC (Allocation Failure) 116.199: [ParNew: 151987K->15491K(153344K), 0.0108965 secs] 245106K->108627K(507264K), 0.0110637 secs] [Times: user=0.00 sys=0.00, real=0.01 secs] 
2014-07-10T12:36:10.848+0200: 116.343: [GC (Allocation Failure) 116.343: [ParNew: 151783K->12252K(153344K), 0.0088797 secs] 244919K->105412K(507264K), 0.0091554 secs] [Times: user=0.00 sys=0.00, real=0.01 secs] 
2014-07-10T12:36:10.950+0200: 116.445: [GC (Allocation Failure) 116.445: [ParNew: 148566K->17018K(153344K), 0.0120569 secs] 241726K->110454K(507264K), 0.0122185 secs] [Times: user=0.03 sys=0.00, real=0.01 secs] 
2014-07-10T12:36:11.090+0200: 116.585: [GC (Allocation Failure) 116.585: [ParNew: 153331K->17018K(153344K), 0.0147424 secs] 246767K->115753K(507264K), 0.0148777 secs] [Times: user=0.03 sys=0.00, real=0.02 secs] 
2014-07-10T12:36:11.258+0200: 116.753: [GC (Allocation Failure) 116.753: [ParNew: 153308K->17022K(153344K), 0.0234710 secs] 252043K->117822K(507264K), 0.0237368 secs] [Times: user=0.05 sys=0.00, real=0.02 secs] 
2014-07-10T12:36:11.355+0200: 116.850: [GC (Allocation Failure) 116.851: [ParNew: 153337K->17018K(153344K), 0.0159658 secs] 254137K->124914K(507264K), 0.0161044 secs] [Times: user=0.03 sys=0.00, real=0.02 secs] 
2014-07-10T12:36:11.499+0200: 116.994: [GC (Allocation Failure) 116.994: [ParNew: 153330K->17018K(153344K), 0.0194176 secs] 261226K->137032K(507264K), 0.0195738 secs] [Times: user=0.03 sys=0.00, real=0.02 secs] 
2014-07-10T12:36:11.671+0200: 117.167: [GC (Allocation Failure) 117.167: [ParNew: 153331K->17018K(153344K), 0.0252895 secs] 273345K->154176K(507264K), 0.0255523 secs] [Times: user=0.03 sys=0.00, real=0.03 secs] 
2014-07-10T12:36:11.765+0200: 117.260: [GC (Allocation Failure) 117.260: [ParNew: 153336K->17000K(153344K), 0.0150009 secs] 290495K->159841K(507264K), 0.0151589 secs] [Times: user=0.03 sys=0.00, real=0.01 secs] 
2014-07-10T12:36:11.888+0200: 117.383: [GC (Allocation Failure) 117.383: [ParNew: 153315K->17018K(153344K), 0.0182239 secs] 296157K->170549K(507264K), 0.0183621 secs] [Times: user=0.00 sys=0.03, real=0.02 secs] 
2014-07-10T12:36:12.068+0200: 117.563: [GC (Allocation Failure) 117.563: [ParNew: 153334K->17018K(153344K), 0.0233398 secs] 306865K->186253K(507264K), 0.0235238 secs] [Times: user=0.06 sys=0.00, real=0.02 secs] 
2014-07-10T12:36:12.161+0200: 117.656: [GC (Allocation Failure) 117.656: [ParNew: 153331K->17018K(153344K), 0.0250548 secs] 322566K->206983K(507264K), 0.0252224 secs] [Times: user=0.06 sys=0.00, real=0.03 secs] 
2014-07-10T12:36:12.305+0200: 117.800: [GC (Allocation Failure) 117.800: [ParNew: 153307K->17022K(153344K), 0.0228059 secs] 343272K->224484K(507264K), 0.0229720 secs] [Times: user=0.06 sys=0.00, real=0.02 secs] 
2014-07-10T12:36:12.476+0200: 117.971: [GC (Allocation Failure) 117.972: [ParNew: 153335K->17018K(153344K), 0.0308556 secs] 360796K->247007K(507264K), 0.0311082 secs] [Times: user=0.06 sys=0.00, real=0.03 secs] 
2014-07-10T12:36:12.584+0200: 118.079: [GC (Allocation Failure) 118.079: [ParNew: 153331K->17018K(153344K), 0.0291537 secs] 383320K->274556K(507264K), 0.0293004 secs] [Times: user=0.06 sys=0.00, real=0.03 secs] 
2014-07-10T12:36:12.614+0200: 118.109: [GC (CMS Initial Mark) [1 CMS-initial-mark: 257538K(353920K)] 274783K(507264K), 0.0003014 secs] [Times: user=0.00 sys=0.00, real=0.00 secs] 
2014-07-10T12:36:12.614+0200: 118.109: [CMS-concurrent-mark-start]
2014-07-10T12:36:12.620+0200: 118.115: [CMS-concurrent-mark: 0.006/0.006 secs] [Times: user=0.00 sys=0.00, real=0.01 secs] 
2014-07-10T12:36:12.620+0200: 118.116: [CMS-concurrent-preclean-start]
2014-07-10T12:36:12.621+0200: 118.117: [CMS-concurrent-preclean: 0.001/0.001 secs] [Times: user=0.00 sys=0.00, real=0.00 secs] 
2014-07-10T12:36:12.621+0200: 118.117: [CMS-concurrent-abortable-preclean-start]
2014-07-10T12:36:12.698+0200: 118.193: [GC (Allocation Failure) 118.193: [ParNew2014-07-10T12:36:12.730+0200: 118.225: [CMS-concurrent-abortable-preclean: 0.001/0.108 secs] [Times: user=0.14 sys=0.00, real=0.11 secs] 
: 153331K->17018K(153344K), 0.0324537 secs] 410870K->307132K(507264K), 0.0325696 secs] [Times: user=0.06 sys=0.00, real=0.03 secs] 
2014-07-10T12:36:12.730+0200: 118.226: [GC (CMS Final Remark) [YG occupancy: 17050 K (153344 K)]118.226: [Rescan (parallel) , 0.0006962 secs]118.226: [weak refs processing, 0.0000290 secs]118.226: [class unloading, 0.0004542 secs]118.227: [scrub symbol table, 0.0006669 secs]118.227: [scrub string table, 0.0001565 secs][1 CMS-remark: 290114K(353920K)] 307164K(507264K), 0.0021290 secs] [Times: user=0.02 sys=0.01, real=0.00 secs] 
2014-07-10T12:36:12.733+0200: 118.228: [CMS-concurrent-sweep-start]
2014-07-10T12:36:12.735+0200: 118.231: [CMS-concurrent-sweep: 0.003/0.003 secs] [Times: user=0.00 sys=0.00, real=0.00 secs] 
2014-07-10T12:36:12.735+0200: 118.231: [CMS-concurrent-reset-start]
2014-07-10T12:36:12.737+0200: 118.233: [CMS-concurrent-reset: 0.002/0.002 secs] [Times: user=0.00 sys=0.00, real=0.00 secs] 
2014-07-10T12:36:12.877+0200: 118.373: [GC (Allocation Failure) 118.373: [ParNew: 153308K->17000K(153344K), 0.0278712 secs] 215543K->103391K(507264K), 0.0280799 secs] [Times: user=0.06 sys=0.00, real=0.03 secs] 
2014-07-10T12:36:12.972+0200: 118.468: [GC (Allocation Failure) 118.468: [ParNew: 153316K->17018K(153344K), 0.0298188 secs] 239707K->132572K(507264K), 0.0300475 secs] [Times: user=0.05 sys=0.00, real=0.03 secs] 
2014-07-10T12:36:13.099+0200: 118.594: [GC (Allocation Failure) 118.594: [ParNew: 153333K->17018K(153344K), 0.0327749 secs] 268887K->166749K(507264K), 0.0330759 secs] [Times: user=0.06 sys=0.00, real=0.03 secs] 
2014-07-10T12:36:13.274+0200: 118.769: [GC (Allocation Failure) 118.769: [ParNew: 153322K->16994K(153344K), 0.0297275 secs] 303053K->193570K(507264K), 0.0298980 secs] [Times: user=0.06 sys=0.00, real=0.03 secs] 
2014-07-10T12:36:13.370+0200: 118.866: [GC (Allocation Failure) 118.866: [ParNew: 153309K->17018K(153344K), 0.0316387 secs] 329885K->225442K(507264K), 0.0317941 secs] [Times: user=0.06 sys=0.00, real=0.03 secs] 
2014-07-10T12:36:13.516+0200: 119.011: [GC (Allocation Failure) 119.011: [ParNew: 153333K->17018K(153344K), 0.0356928 secs] 361756K->262308K(507264K), 0.0358483 secs] [Times: user=0.05 sys=0.00, real=0.04 secs] 
2014-07-10T12:36:13.552+0200: 119.047: [GC (CMS Initial Mark) [1 CMS-initial-mark: 245289K(353920K)] 262340K(507264K), 0.0003435 secs] [Times: user=0.00 sys=0.00, real=0.00 secs] 
2014-07-10T12:36:13.552+0200: 119.048: [CMS-concurrent-mark-start]
2014-07-10T12:36:13.558+0200: 119.053: [CMS-concurrent-mark: 0.006/0.006 secs] [Times: user=0.03 sys=0.00, real=0.01 secs] 
2014-07-10T12:36:13.558+0200: 119.053: [CMS-concurrent-preclean-start]
2014-07-10T12:36:13.559+0200: 119.054: [CMS-concurrent-preclean: 0.001/0.001 secs] [Times: user=0.00 sys=0.00, real=0.00 secs] 
2014-07-10T12:36:13.559+0200: 119.055: [CMS-concurrent-abortable-preclean-start]
2014-07-10T12:36:13.671+0200: 119.166: [GC (Allocation Failure) 119.166: [ParNew: 153332K->17018K(153344K), 0.0379714 secs] 398622K->304200K(507264K), 0.0381606 secs] [Times: user=0.06 sys=0.00, real=0.04 secs] 
2014-07-10T12:36:13.709+0200: 119.204: [CMS-concurrent-abortable-preclean: 0.003/0.150 secs] [Times: user=0.13 sys=0.00, real=0.15 secs] 
2014-07-10T12:36:13.710+0200: 119.205: [GC (CMS Final Remark) [YG occupancy: 17853 K (153344 K)]119.205: [Rescan (parallel) , 0.0007358 secs]119.206: [weak refs processing, 0.0000301 secs]119.206: [class unloading, 0.0004744 secs]119.206: [scrub symbol table, 0.0005474 secs]119.207: [scrub string table, 0.0001580 secs][1 CMS-remark: 287182K(353920K)] 305036K(507264K), 0.0021026 secs] [Times: user=0.00 sys=0.00, real=0.00 secs] 
2014-07-10T12:36:13.712+0200: 119.207: [CMS-concurrent-sweep-start]
2014-07-10T12:36:13.715+0200: 119.210: [CMS-concurrent-sweep: 0.003/0.003 secs] [Times: user=0.03 sys=0.00, real=0.00 secs] 
2014-07-10T12:36:13.715+0200: 119.210: [CMS-concurrent-reset-start]
2014-07-10T12:36:13.717+0200: 119.212: [CMS-concurrent-reset: 0.002/0.002 secs] [Times: user=0.00 sys=0.00, real=0.00 secs] 
2014-07-10T12:36:13.780+0200: 119.275: [GC (Allocation Failure) 119.275: [ParNew: 153320K->16996K(153344K), 0.0334469 secs] 234201K->132438K(507264K), 0.0335935 secs] [Times: user=0.06 sys=0.00, real=0.03 secs] 
2014-07-10T12:36:13.901+0200: 119.396: [GC (Allocation Failure) 119.396: [ParNew: 153309K->17018K(153344K), 0.0361130 secs] 268750K->172023K(507264K), 0.0362461 secs] [Times: user=0.05 sys=0.00, real=0.04 secs] 
2014-07-10T12:36:14.088+0200: 119.584: [GC (Allocation Failure) 119.584: [ParNew: 153332K->17018K(153344K), 0.0398753 secs] 308337K->216605K(507264K), 0.0400458 secs] [Times: user=0.06 sys=0.00, real=0.04 secs] 
2014-07-10T12:36:14.195+0200: 119.690: [GC (Allocation Failure) 119.690: [ParNew: 153330K->1040K(153344K), 0.0022144 secs] 352918K->200643K(507264K), 0.0023380 secs] [Times: user=0.03 sys=0.00, real=0.00 secs] 
2014-07-10T12:36:14.304+0200: 119.799: [GC (Allocation Failure) 119.799: [ParNew: 137329K->17006K(153344K), 0.0414250 secs] 336932K->263000K(507264K), 0.0415614 secs] [Times: user=0.08 sys=0.00, real=0.04 secs] 
2014-07-10T12:36:14.346+0200: 119.841: [GC (CMS Initial Mark) [1 CMS-initial-mark: 245993K(353920K)] 263067K(507264K), 0.0003765 secs] [Times: user=0.00 sys=0.00, real=0.00 secs] 
2014-07-10T12:36:14.346+0200: 119.841: [CMS-concurrent-mark-start]
2014-07-10T12:36:14.352+0200: 119.847: [CMS-concurrent-mark: 0.006/0.006 secs] [Times: user=0.00 sys=0.00, real=0.01 secs] 
2014-07-10T12:36:14.352+0200: 119.847: [CMS-concurrent-preclean-start]
2014-07-10T12:36:14.353+0200: 119.848: [CMS-concurrent-preclean: 0.001/0.001 secs] [Times: user=0.03 sys=0.00, real=0.00 secs] 
2014-07-10T12:36:14.353+0200: 119.848: [CMS-concurrent-abortable-preclean-start]
2014-07-10T12:36:14.488+0200: 119.984: [GC (Allocation Failure) 119.984: [ParNew: 153296K->2811K(153344K), 0.0035412 secs] 399290K->248841K(507264K), 0.0037169 secs] [Times: user=0.00 sys=0.00, real=0.00 secs] 
2014-07-10T12:36:14.492+0200: 119.987: [CMS-concurrent-abortable-preclean: 0.005/0.139 secs] [Times: user=0.06 sys=0.00, real=0.14 secs] 
2014-07-10T12:36:14.492+0200: 119.988: [GC (CMS Final Remark) [YG occupancy: 3390 K (153344 K)]119.988: [Rescan (parallel) , 0.0013583 secs]119.989: [weak refs processing, 0.0000385 secs]119.989: [class unloading, 0.0006057 secs]119.990: [scrub symbol table, 0.0007149 secs]119.991: [scrub string table, 0.0002533 secs][1 CMS-remark: 246030K(353920K)] 249420K(507264K), 0.0031673 secs] [Times: user=0.00 sys=0.02, real=0.00 secs] 
2014-07-10T12:36:14.496+0200: 119.991: [CMS-concurrent-sweep-start]
2014-07-10T12:36:14.498+0200: 119.993: [CMS-concurrent-sweep: 0.002/0.002 secs] [Times: user=0.00 sys=0.00, real=0.00 secs] 
2014-07-10T12:36:14.498+0200: 119.994: [CMS-concurrent-reset-start]
2014-07-10T12:36:14.501+0200: 119.996: [CMS-concurrent-reset: 0.002/0.002 secs] [Times: user=0.00 sys=0.00, real=0.00 secs] 
2014-07-10T12:36:14.648+0200: 120.143: [GC (Allocation Failure) 120.143: [ParNew: 139124K->7853K(153344K), 0.0112242 secs] 187673K->56402K(507264K), 0.0115076 secs] [Times: user=0.03 sys=0.00, real=0.01 secs] 
Heap
 par new generation   total 153344K, used 67059K [0x00000000e0000000, 0x00000000ea660000, 0x00000000ea660000)
  eden space 136320K,  43% used [0x00000000e0000000, 0x00000000e39d15b8, 0x00000000e8520000)
  from space 17024K,  46% used [0x00000000e95c0000, 0x00000000e9d6b790, 0x00000000ea660000)
  to   space 17024K,   0% used [0x00000000e8520000, 0x00000000e8520000, 0x00000000e95c0000)
 concurrent mark-sweep generation total 353920K, used 48548K [0x00000000ea660000, 0x0000000100000000, 0x0000000100000000)
 Metaspace       used 2464K, capacity 4490K, committed 4864K, reserved 1056768K
  class space    used 269K, capacity 386K, committed 512K, reserved 1048576K
