Java HotSpot(TM) 64-Bit Server VM (25.5-b02) for windows-amd64 JRE (1.8.0_05-b13), built on Mar 18 2014 01:08:39 by "java_re" with MS VC++ 10.0 (VS2010)
Memory: 4k page, physical 8376184k(4968616k free), swap 16750504k(12229024k free)
CommandLine flags: -XX:GCPauseIntervalMillis=100 -XX:InitialHeapSize=134018944 -XX:LogFile=jvm.log -XX:MaxGCPauseMillis=20 -XX:MaxHeapSize=536870912 -XX:+PrintFlagsFinal -XX:+PrintGC -XX:+PrintGCDateStamps -XX:+PrintGCDetails -XX:+PrintGCTimeStamps -XX:+UnlockDiagnosticVMOptions -XX:+UseCompressedClassPointers -XX:+UseCompressedOops -XX:+UseG1GC -XX:-UseLargePagesIndividualAllocation 
2014-07-10T12:28:07.063+0200: 0.239: [GC pause (G1 Evacuation Pause) (young), 0.0101955 secs]
   [Parallel Time: 9.6 ms, GC Workers: 2]
      [GC Worker Start (ms): Min: 239.1, Avg: 239.1, Max: 239.2, Diff: 0.1]
      [Ext Root Scanning (ms): Min: 1.2, Avg: 1.2, Max: 1.3, Diff: 0.1, Sum: 2.4]
      [Update RS (ms): Min: 0.0, Avg: 0.0, Max: 0.0, Diff: 0.0, Sum: 0.0]
         [Processed Buffers: Min: 0, Avg: 0.0, Max: 0, Diff: 0, Sum: 0]
      [Scan RS (ms): Min: 0.0, Avg: 0.0, Max: 0.0, Diff: 0.0, Sum: 0.0]
      [Code Root Scanning (ms): Min: 0.0, Avg: 0.0, Max: 0.0, Diff: 0.0, Sum: 0.0]
      [Object Copy (ms): Min: 8.1, Avg: 8.1, Max: 8.1, Diff: 0.1, Sum: 16.2]
      [Termination (ms): Min: 0.0, Avg: 0.0, Max: 0.0, Diff: 0.0, Sum: 0.0]
      [GC Worker Other (ms): Min: 0.1, Avg: 0.1, Max: 0.1, Diff: 0.0, Sum: 0.1]
      [GC Worker Total (ms): Min: 9.4, Avg: 9.4, Max: 9.5, Diff: 0.1, Sum: 18.9]
      [GC Worker End (ms): Min: 248.5, Avg: 248.5, Max: 248.5, Diff: 0.0]
   [Code Root Fixup: 0.0 ms]
   [Code Root Migration: 0.0 ms]
   [Clear CT: 0.0 ms]
   [Other: 0.6 ms]
      [Choose CSet: 0.0 ms]
      [Ref Proc: 0.2 ms]
      [Ref Enq: 0.0 ms]
      [Free CSet: 0.0 ms]
   [Eden: 6144.0K(6144.0K)->0.0B(5120.0K) Survivors: 0.0B->1024.0K Heap: 6144.0K(128.0M)->5920.4K(128.0M)]
 [Times: user=0.00 sys=0.03, real=0.01 secs] 
2014-07-10T12:28:07.079+0200: 0.254: [GC pause (G1 Evacuation Pause) (young), 0.0094182 secs]
   [Parallel Time: 9.0 ms, GC Workers: 2]
      [GC Worker Start (ms): Min: 254.5, Avg: 254.5, Max: 254.5, Diff: 0.0]
      [Ext Root Scanning (ms): Min: 0.6, Avg: 0.6, Max: 0.6, Diff: 0.0, Sum: 1.1]
      [Update RS (ms): Min: 0.0, Avg: 0.0, Max: 0.0, Diff: 0.0, Sum: 0.0]
         [Processed Buffers: Min: 0, Avg: 0.0, Max: 0, Diff: 0, Sum: 0]
      [Scan RS (ms): Min: 0.0, Avg: 0.0, Max: 0.0, Diff: 0.0, Sum: 0.0]
      [Code Root Scanning (ms): Min: 0.0, Avg: 0.0, Max: 0.0, Diff: 0.0, Sum: 0.0]
      [Object Copy (ms): Min: 8.2, Avg: 8.2, Max: 8.3, Diff: 0.1, Sum: 16.5]
      [Termination (ms): Min: 0.0, Avg: 0.0, Max: 0.0, Diff: 0.0, Sum: 0.0]
      [GC Worker Other (ms): Min: 0.0, Avg: 0.0, Max: 0.0, Diff: 0.0, Sum: 0.1]
      [GC Worker Total (ms): Min: 8.9, Avg: 8.9, Max: 8.9, Diff: 0.0, Sum: 17.8]
      [GC Worker End (ms): Min: 263.4, Avg: 263.4, Max: 263.4, Diff: 0.0]
   [Code Root Fixup: 0.0 ms]
   [Code Root Migration: 0.0 ms]
   [Clear CT: 0.0 ms]
   [Other: 0.4 ms]
      [Choose CSet: 0.0 ms]
      [Ref Proc: 0.3 ms]
      [Ref Enq: 0.0 ms]
      [Free CSet: 0.0 ms]
   [Eden: 5120.0K(5120.0K)->0.0B(5120.0K) Survivors: 1024.0K->1024.0K Heap: 10.8M(128.0M)->10.8M(128.0M)]
 [Times: user=0.01 sys=0.01, real=0.01 secs] 
2014-07-10T12:28:07.091+0200: 0.266: [GC pause (G1 Evacuation Pause) (young), 0.0053373 secs]
   [Parallel Time: 5.1 ms, GC Workers: 2]
      [GC Worker Start (ms): Min: 266.2, Avg: 266.2, Max: 266.2, Diff: 0.0]
      [Ext Root Scanning (ms): Min: 0.3, Avg: 0.3, Max: 0.3, Diff: 0.0, Sum: 0.5]
      [Update RS (ms): Min: 0.1, Avg: 0.2, Max: 0.4, Diff: 0.3, Sum: 0.4]
         [Processed Buffers: Min: 1, Avg: 2.0, Max: 3, Diff: 2, Sum: 4]
      [Scan RS (ms): Min: 0.0, Avg: 0.0, Max: 0.0, Diff: 0.0, Sum: 0.0]
      [Code Root Scanning (ms): Min: 0.0, Avg: 0.0, Max: 0.0, Diff: 0.0, Sum: 0.0]
      [Object Copy (ms): Min: 4.5, Avg: 4.6, Max: 4.7, Diff: 0.2, Sum: 9.2]
      [Termination (ms): Min: 0.0, Avg: 0.0, Max: 0.0, Diff: 0.0, Sum: 0.0]
      [GC Worker Other (ms): Min: 0.0, Avg: 0.0, Max: 0.0, Diff: 0.0, Sum: 0.1]
      [GC Worker Total (ms): Min: 5.1, Avg: 5.1, Max: 5.1, Diff: 0.0, Sum: 10.2]
      [GC Worker End (ms): Min: 271.3, Avg: 271.3, Max: 271.3, Diff: 0.0]
   [Code Root Fixup: 0.0 ms]
   [Code Root Migration: 0.0 ms]
   [Clear CT: 0.0 ms]
   [Other: 0.2 ms]
      [Choose CSet: 0.0 ms]
      [Ref Proc: 0.1 ms]
      [Ref Enq: 0.0 ms]
      [Free CSet: 0.0 ms]
   [Eden: 5120.0K(5120.0K)->0.0B(5120.0K) Survivors: 1024.0K->1024.0K Heap: 15.8M(128.0M)->15.8M(128.0M)]
 [Times: user=0.00 sys=0.00, real=0.00 secs] 
2014-07-10T12:28:07.098+0200: 0.273: [GC pause (G1 Evacuation Pause) (young), 0.0051933 secs]
   [Parallel Time: 5.0 ms, GC Workers: 2]
      [GC Worker Start (ms): Min: 273.5, Avg: 273.5, Max: 273.5, Diff: 0.0]
      [Ext Root Scanning (ms): Min: 0.3, Avg: 0.3, Max: 0.3, Diff: 0.0, Sum: 0.6]
      [Update RS (ms): Min: 0.0, Avg: 0.0, Max: 0.0, Diff: 0.0, Sum: 0.1]
         [Processed Buffers: Min: 1, Avg: 2.0, Max: 3, Diff: 2, Sum: 4]
      [Scan RS (ms): Min: 0.0, Avg: 0.0, Max: 0.0, Diff: 0.0, Sum: 0.0]
      [Code Root Scanning (ms): Min: 0.0, Avg: 0.0, Max: 0.0, Diff: 0.0, Sum: 0.0]
      [Object Copy (ms): Min: 4.5, Avg: 4.6, Max: 4.6, Diff: 0.0, Sum: 9.1]
      [Termination (ms): Min: 0.0, Avg: 0.0, Max: 0.0, Diff: 0.0, Sum: 0.0]
      [GC Worker Other (ms): Min: 0.0, Avg: 0.0, Max: 0.0, Diff: 0.0, Sum: 0.1]
      [GC Worker Total (ms): Min: 5.0, Avg: 5.0, Max: 5.0, Diff: 0.0, Sum: 9.9]
      [GC Worker End (ms): Min: 278.5, Avg: 278.5, Max: 278.5, Diff: 0.0]
   [Code Root Fixup: 0.0 ms]
   [Code Root Migration: 0.0 ms]
   [Clear CT: 0.0 ms]
   [Other: 0.2 ms]
      [Choose CSet: 0.0 ms]
      [Ref Proc: 0.1 ms]
      [Ref Enq: 0.0 ms]
      [Free CSet: 0.0 ms]
   [Eden: 5120.0K(5120.0K)->0.0B(142.0M) Survivors: 1024.0K->1024.0K Heap: 20.8M(128.0M)->20.8M(128.0M)]
 [Times: user=0.03 sys=0.00, real=0.00 secs] 
2014-07-10T12:28:07.198+0200: 0.373: [GC pause (G1 Evacuation Pause) (young), 0.0457508 secs]
   [Parallel Time: 44.8 ms, GC Workers: 2]
      [GC Worker Start (ms): Min: 373.2, Avg: 373.2, Max: 373.2, Diff: 0.0]
      [Ext Root Scanning (ms): Min: 0.3, Avg: 0.3, Max: 0.3, Diff: 0.0, Sum: 0.6]
      [Update RS (ms): Min: 0.0, Avg: 0.0, Max: 0.1, Diff: 0.0, Sum: 0.1]
         [Processed Buffers: Min: 0, Avg: 2.0, Max: 4, Diff: 4, Sum: 4]
      [Scan RS (ms): Min: 0.1, Avg: 0.2, Max: 0.2, Diff: 0.0, Sum: 0.3]
      [Code Root Scanning (ms): Min: 0.1, Avg: 0.1, Max: 0.1, Diff: 0.0, Sum: 0.1]
      [Object Copy (ms): Min: 44.1, Avg: 44.1, Max: 44.1, Diff: 0.0, Sum: 88.1]
      [Termination (ms): Min: 0.0, Avg: 0.1, Max: 0.1, Diff: 0.1, Sum: 0.1]
      [GC Worker Other (ms): Min: 0.0, Avg: 0.0, Max: 0.0, Diff: 0.0, Sum: 0.1]
      [GC Worker Total (ms): Min: 44.7, Avg: 44.7, Max: 44.7, Diff: 0.0, Sum: 89.4]
      [GC Worker End (ms): Min: 417.9, Avg: 417.9, Max: 417.9, Diff: 0.0]
   [Code Root Fixup: 0.0 ms]
   [Code Root Migration: 0.0 ms]
   [Clear CT: 0.1 ms]
   [Other: 0.9 ms]
      [Choose CSet: 0.0 ms]
      [Ref Proc: 0.1 ms]
      [Ref Enq: 0.0 ms]
      [Free CSet: 0.2 ms]
   [Eden: 107.0M(142.0M)->0.0B(132.0M) Survivors: 1024.0K->18.0M Heap: 127.8M(128.0M)->81.2M(255.0M)]
 [Times: user=0.05 sys=0.02, real=0.05 secs] 
2014-07-10T12:28:07.312+0200: 0.487: [GC pause (G1 Evacuation Pause) (young), 0.0447225 secs]
   [Parallel Time: 43.5 ms, GC Workers: 2]
      [GC Worker Start (ms): Min: 487.3, Avg: 487.3, Max: 487.3, Diff: 0.0]
      [Ext Root Scanning (ms): Min: 0.4, Avg: 0.4, Max: 0.4, Diff: 0.0, Sum: 0.7]
      [Update RS (ms): Min: 0.0, Avg: 0.0, Max: 0.0, Diff: 0.0, Sum: 0.0]
         [Processed Buffers: Min: 1, Avg: 1.5, Max: 2, Diff: 1, Sum: 3]
      [Scan RS (ms): Min: 0.2, Avg: 0.2, Max: 0.2, Diff: 0.0, Sum: 0.4]
      [Code Root Scanning (ms): Min: 0.1, Avg: 0.1, Max: 0.1, Diff: 0.0, Sum: 0.2]
      [Object Copy (ms): Min: 42.8, Avg: 42.8, Max: 42.8, Diff: 0.0, Sum: 85.5]
      [Termination (ms): Min: 0.0, Avg: 0.0, Max: 0.0, Diff: 0.0, Sum: 0.0]
      [GC Worker Other (ms): Min: 0.0, Avg: 0.0, Max: 0.0, Diff: 0.0, Sum: 0.1]
      [GC Worker Total (ms): Min: 43.5, Avg: 43.5, Max: 43.5, Diff: 0.0, Sum: 87.0]
      [GC Worker End (ms): Min: 530.9, Avg: 530.9, Max: 530.9, Diff: 0.0]
   [Code Root Fixup: 0.0 ms]
   [Code Root Migration: 0.0 ms]
   [Clear CT: 0.2 ms]
   [Other: 1.0 ms]
      [Choose CSet: 0.0 ms]
      [Ref Proc: 0.1 ms]
      [Ref Enq: 0.0 ms]
      [Free CSet: 0.2 ms]
   [Eden: 132.0M(132.0M)->0.0B(145.0M) Survivors: 18.0M->19.0M Heap: 213.2M(255.0M)->124.4M(323.0M)]
 [Times: user=0.06 sys=0.03, real=0.05 secs] 
2014-07-10T12:28:07.460+0200: 0.635: [GC pause (G1 Evacuation Pause) (young), 0.0069945 secs]
   [Parallel Time: 6.1 ms, GC Workers: 2]
      [GC Worker Start (ms): Min: 635.1, Avg: 635.1, Max: 635.1, Diff: 0.0]
      [Ext Root Scanning (ms): Min: 0.3, Avg: 0.3, Max: 0.3, Diff: 0.0, Sum: 0.6]
      [Update RS (ms): Min: 0.0, Avg: 0.0, Max: 0.0, Diff: 0.0, Sum: 0.0]
         [Processed Buffers: Min: 1, Avg: 1.5, Max: 2, Diff: 1, Sum: 3]
      [Scan RS (ms): Min: 0.2, Avg: 0.2, Max: 0.2, Diff: 0.0, Sum: 0.5]
      [Code Root Scanning (ms): Min: 0.1, Avg: 0.1, Max: 0.1, Diff: 0.0, Sum: 0.2]
      [Object Copy (ms): Min: 5.4, Avg: 5.4, Max: 5.4, Diff: 0.0, Sum: 10.8]
      [Termination (ms): Min: 0.0, Avg: 0.0, Max: 0.0, Diff: 0.0, Sum: 0.0]
      [GC Worker Other (ms): Min: 0.0, Avg: 0.0, Max: 0.0, Diff: 0.0, Sum: 0.1]
      [GC Worker Total (ms): Min: 6.1, Avg: 6.1, Max: 6.1, Diff: 0.0, Sum: 12.2]
      [GC Worker End (ms): Min: 641.2, Avg: 641.2, Max: 641.2, Diff: 0.0]
   [Code Root Fixup: 0.0 ms]
   [Code Root Migration: 0.0 ms]
   [Clear CT: 0.1 ms]
   [Other: 0.7 ms]
      [Choose CSet: 0.0 ms]
      [Ref Proc: 0.1 ms]
      [Ref Enq: 0.0 ms]
      [Free CSet: 0.2 ms]
   [Eden: 145.0M(145.0M)->0.0B(139.0M) Survivors: 19.0M->9216.0K Heap: 269.4M(323.0M)->113.5M(361.0M)]
 [Times: user=0.00 sys=0.00, real=0.01 secs] 
2014-07-10T12:28:07.591+0200: 0.767: [GC pause (G1 Evacuation Pause) (young), 0.0055569 secs]
   [Parallel Time: 4.7 ms, GC Workers: 2]
      [GC Worker Start (ms): Min: 766.8, Avg: 766.9, Max: 766.9, Diff: 0.1]
      [Ext Root Scanning (ms): Min: 0.2, Avg: 0.2, Max: 0.3, Diff: 0.1, Sum: 0.5]
      [Update RS (ms): Min: 0.0, Avg: 0.0, Max: 0.0, Diff: 0.0, Sum: 0.0]
         [Processed Buffers: Min: 1, Avg: 1.5, Max: 2, Diff: 1, Sum: 3]
      [Scan RS (ms): Min: 0.2, Avg: 0.2, Max: 0.2, Diff: 0.0, Sum: 0.4]
      [Code Root Scanning (ms): Min: 0.1, Avg: 0.1, Max: 0.1, Diff: 0.0, Sum: 0.2]
      [Object Copy (ms): Min: 4.0, Avg: 4.0, Max: 4.0, Diff: 0.0, Sum: 8.1]
      [Termination (ms): Min: 0.0, Avg: 0.0, Max: 0.0, Diff: 0.0, Sum: 0.0]
      [GC Worker Other (ms): Min: 0.0, Avg: 0.0, Max: 0.0, Diff: 0.0, Sum: 0.1]
      [GC Worker Total (ms): Min: 4.6, Avg: 4.7, Max: 4.7, Diff: 0.1, Sum: 9.3]
      [GC Worker End (ms): Min: 771.5, Avg: 771.5, Max: 771.5, Diff: 0.0]
   [Code Root Fixup: 0.0 ms]
   [Code Root Migration: 0.0 ms]
   [Clear CT: 0.1 ms]
   [Other: 0.7 ms]
      [Choose CSet: 0.0 ms]
      [Ref Proc: 0.1 ms]
      [Ref Enq: 0.0 ms]
      [Free CSet: 0.2 ms]
   [Eden: 139.0M(139.0M)->0.0B(128.0M) Survivors: 9216.0K->7168.0K Heap: 252.5M(361.0M)->112.4M(392.0M)]
 [Times: user=0.00 sys=0.00, real=0.01 secs] 
2014-07-10T12:28:07.756+0200: 0.932: [GC pause (G1 Evacuation Pause) (young), 0.0027475 secs]
   [Parallel Time: 1.8 ms, GC Workers: 2]
      [GC Worker Start (ms): Min: 931.9, Avg: 931.9, Max: 931.9, Diff: 0.0]
      [Ext Root Scanning (ms): Min: 0.2, Avg: 0.3, Max: 0.3, Diff: 0.1, Sum: 0.5]
      [Update RS (ms): Min: 0.0, Avg: 0.1, Max: 0.1, Diff: 0.1, Sum: 0.1]
         [Processed Buffers: Min: 1, Avg: 1.5, Max: 2, Diff: 1, Sum: 3]
      [Scan RS (ms): Min: 0.2, Avg: 0.2, Max: 0.2, Diff: 0.0, Sum: 0.3]
      [Code Root Scanning (ms): Min: 0.1, Avg: 0.1, Max: 0.1, Diff: 0.0, Sum: 0.2]
      [Object Copy (ms): Min: 1.2, Avg: 1.2, Max: 1.2, Diff: 0.0, Sum: 2.3]
      [Termination (ms): Min: 0.0, Avg: 0.0, Max: 0.0, Diff: 0.0, Sum: 0.0]
      [GC Worker Other (ms): Min: 0.0, Avg: 0.0, Max: 0.0, Diff: 0.0, Sum: 0.0]
      [GC Worker Total (ms): Min: 1.8, Avg: 1.8, Max: 1.8, Diff: 0.0, Sum: 3.6]
      [GC Worker End (ms): Min: 933.7, Avg: 933.7, Max: 933.7, Diff: 0.0]
   [Code Root Fixup: 0.0 ms]
   [Code Root Migration: 0.0 ms]
   [Clear CT: 0.1 ms]
   [Other: 0.8 ms]
      [Choose CSet: 0.0 ms]
      [Ref Proc: 0.1 ms]
      [Ref Enq: 0.0 ms]
      [Free CSet: 0.3 ms]
   [Eden: 128.0M(128.0M)->0.0B(114.0M) Survivors: 7168.0K->3072.0K Heap: 240.4M(392.0M)->108.3M(416.0M)]
 [Times: user=0.03 sys=0.00, real=0.00 secs] 
2014-07-10T12:28:07.818+0200: 0.994: [GC pause (G1 Evacuation Pause) (young), 0.0340969 secs]
   [Parallel Time: 33.3 ms, GC Workers: 2]
      [GC Worker Start (ms): Min: 993.6, Avg: 993.7, Max: 993.7, Diff: 0.0]
      [Ext Root Scanning (ms): Min: 0.3, Avg: 0.3, Max: 0.3, Diff: 0.0, Sum: 0.6]
      [Update RS (ms): Min: 0.0, Avg: 0.0, Max: 0.0, Diff: 0.0, Sum: 0.0]
         [Processed Buffers: Min: 1, Avg: 1.5, Max: 2, Diff: 1, Sum: 3]
      [Scan RS (ms): Min: 0.2, Avg: 0.2, Max: 0.2, Diff: 0.0, Sum: 0.4]
      [Code Root Scanning (ms): Min: 0.1, Avg: 0.1, Max: 0.1, Diff: 0.0, Sum: 0.2]
      [Object Copy (ms): Min: 32.3, Avg: 32.4, Max: 32.4, Diff: 0.0, Sum: 64.7]
      [Termination (ms): Min: 0.0, Avg: 0.0, Max: 0.0, Diff: 0.0, Sum: 0.0]
      [GC Worker Other (ms): Min: 0.0, Avg: 0.0, Max: 0.0, Diff: 0.0, Sum: 0.1]
      [GC Worker Total (ms): Min: 33.0, Avg: 33.0, Max: 33.0, Diff: 0.0, Sum: 66.0]
      [GC Worker End (ms): Min: 1026.6, Avg: 1026.6, Max: 1026.6, Diff: 0.0]
   [Code Root Fixup: 0.0 ms]
   [Code Root Migration: 0.0 ms]
   [Clear CT: 0.1 ms]
   [Other: 0.7 ms]
      [Choose CSet: 0.0 ms]
      [Ref Proc: 0.1 ms]
      [Ref Enq: 0.0 ms]
      [Free CSet: 0.2 ms]
   [Eden: 114.0M(114.0M)->0.0B(132.0M) Survivors: 3072.0K->15.0M Heap: 222.3M(416.0M)->156.2M(436.0M)]
 [Times: user=0.08 sys=0.01, real=0.03 secs] 
2014-07-10T12:28:07.998+0200: 1.173: [GC pause (G1 Evacuation Pause) (young), 0.0363513 secs]
   [Parallel Time: 35.4 ms, GC Workers: 2]
      [GC Worker Start (ms): Min: 1173.1, Avg: 1173.1, Max: 1173.1, Diff: 0.0]
      [Ext Root Scanning (ms): Min: 0.3, Avg: 0.3, Max: 0.3, Diff: 0.0, Sum: 0.5]
      [Update RS (ms): Min: 0.0, Avg: 0.0, Max: 0.0, Diff: 0.0, Sum: 0.0]
         [Processed Buffers: Min: 1, Avg: 1.5, Max: 2, Diff: 1, Sum: 3]
      [Scan RS (ms): Min: 0.2, Avg: 0.2, Max: 0.2, Diff: 0.0, Sum: 0.4]
      [Code Root Scanning (ms): Min: 0.1, Avg: 0.1, Max: 0.1, Diff: 0.0, Sum: 0.2]
      [Object Copy (ms): Min: 34.7, Avg: 34.7, Max: 34.7, Diff: 0.0, Sum: 69.5]
      [Termination (ms): Min: 0.0, Avg: 0.0, Max: 0.0, Diff: 0.0, Sum: 0.0]
      [GC Worker Other (ms): Min: 0.0, Avg: 0.0, Max: 0.0, Diff: 0.0, Sum: 0.1]
      [GC Worker Total (ms): Min: 35.4, Avg: 35.4, Max: 35.4, Diff: 0.0, Sum: 70.7]
      [GC Worker End (ms): Min: 1208.5, Avg: 1208.5, Max: 1208.5, Diff: 0.0]
   [Code Root Fixup: 0.0 ms]
   [Code Root Migration: 0.0 ms]
   [Clear CT: 0.2 ms]
   [Other: 0.8 ms]
      [Choose CSet: 0.0 ms]
      [Ref Proc: 0.2 ms]
      [Ref Enq: 0.0 ms]
      [Free CSet: 0.2 ms]
   [Eden: 132.0M(132.0M)->0.0B(119.0M) Survivors: 15.0M->19.0M Heap: 288.2M(436.0M)->191.8M(452.0M)]
 [Times: user=0.01 sys=0.05, real=0.04 secs] 
2014-07-10T12:28:08.097+0200: 1.272: [GC pause (G1 Evacuation Pause) (young), 0.0173777 secs]
   [Parallel Time: 16.7 ms, GC Workers: 2]
      [GC Worker Start (ms): Min: 1272.5, Avg: 1272.5, Max: 1272.5, Diff: 0.0]
      [Ext Root Scanning (ms): Min: 0.3, Avg: 0.3, Max: 0.3, Diff: 0.0, Sum: 0.6]
      [Update RS (ms): Min: 0.0, Avg: 0.0, Max: 0.0, Diff: 0.0, Sum: 0.1]
         [Processed Buffers: Min: 1, Avg: 1.5, Max: 2, Diff: 1, Sum: 3]
      [Scan RS (ms): Min: 0.2, Avg: 0.2, Max: 0.2, Diff: 0.0, Sum: 0.5]
      [Code Root Scanning (ms): Min: 0.1, Avg: 0.1, Max: 0.1, Diff: 0.0, Sum: 0.2]
      [Object Copy (ms): Min: 15.8, Avg: 15.8, Max: 15.8, Diff: 0.0, Sum: 31.6]
      [Termination (ms): Min: 0.0, Avg: 0.0, Max: 0.0, Diff: 0.0, Sum: 0.0]
      [GC Worker Other (ms): Min: 0.1, Avg: 0.1, Max: 0.1, Diff: 0.0, Sum: 0.1]
      [GC Worker Total (ms): Min: 16.6, Avg: 16.6, Max: 16.6, Diff: 0.0, Sum: 33.1]
      [GC Worker End (ms): Min: 1289.0, Avg: 1289.0, Max: 1289.0, Diff: 0.0]
   [Code Root Fixup: 0.0 ms]
   [Code Root Migration: 0.0 ms]
   [Clear CT: 0.1 ms]
   [Other: 0.6 ms]
      [Choose CSet: 0.0 ms]
      [Ref Proc: 0.1 ms]
      [Ref Enq: 0.0 ms]
      [Free CSet: 0.2 ms]
   [Eden: 119.0M(119.0M)->0.0B(134.0M) Survivors: 19.0M->18.0M Heap: 310.8M(452.0M)->198.2M(464.0M)]
 [Times: user=0.03 sys=0.00, real=0.02 secs] 
2014-07-10T12:28:08.200+0200: 1.376: [GC pause (G1 Evacuation Pause) (young), 0.0199958 secs]
   [Parallel Time: 19.0 ms, GC Workers: 2]
      [GC Worker Start (ms): Min: 1375.8, Avg: 1375.8, Max: 1375.8, Diff: 0.0]
      [Ext Root Scanning (ms): Min: 0.4, Avg: 0.4, Max: 0.4, Diff: 0.0, Sum: 0.7]
      [Update RS (ms): Min: 0.0, Avg: 0.0, Max: 0.0, Diff: 0.0, Sum: 0.1]
         [Processed Buffers: Min: 1, Avg: 1.5, Max: 2, Diff: 1, Sum: 3]
      [Scan RS (ms): Min: 0.2, Avg: 0.2, Max: 0.2, Diff: 0.0, Sum: 0.4]
      [Code Root Scanning (ms): Min: 0.1, Avg: 0.1, Max: 0.1, Diff: 0.0, Sum: 0.2]
      [Object Copy (ms): Min: 18.3, Avg: 18.3, Max: 18.3, Diff: 0.0, Sum: 36.5]
      [Termination (ms): Min: 0.0, Avg: 0.0, Max: 0.0, Diff: 0.0, Sum: 0.0]
      [GC Worker Other (ms): Min: 0.0, Avg: 0.0, Max: 0.0, Diff: 0.0, Sum: 0.1]
      [GC Worker Total (ms): Min: 19.0, Avg: 19.0, Max: 19.0, Diff: 0.0, Sum: 38.0]
      [GC Worker End (ms): Min: 1394.8, Avg: 1394.8, Max: 1394.8, Diff: 0.0]
   [Code Root Fixup: 0.0 ms]
   [Code Root Migration: 0.1 ms]
   [Clear CT: 0.1 ms]
   [Other: 0.8 ms]
      [Choose CSet: 0.0 ms]
      [Ref Proc: 0.1 ms]
      [Ref Enq: 0.0 ms]
      [Free CSet: 0.4 ms]
   [Eden: 134.0M(134.0M)->0.0B(134.0M) Survivors: 18.0M->19.0M Heap: 332.2M(464.0M)->207.4M(474.0M)]
 [Times: user=0.03 sys=0.00, real=0.02 secs] 
2014-07-10T12:28:08.381+0200: 1.556: [GC pause (G1 Evacuation Pause) (young), 0.0214960 secs]
   [Parallel Time: 20.5 ms, GC Workers: 2]
      [GC Worker Start (ms): Min: 1556.2, Avg: 1556.3, Max: 1556.5, Diff: 0.2]
      [Ext Root Scanning (ms): Min: 0.2, Avg: 0.3, Max: 0.4, Diff: 0.2, Sum: 0.7]
      [Update RS (ms): Min: 0.0, Avg: 0.0, Max: 0.0, Diff: 0.0, Sum: 0.1]
         [Processed Buffers: Min: 1, Avg: 2.0, Max: 3, Diff: 2, Sum: 4]
      [Scan RS (ms): Min: 0.3, Avg: 0.3, Max: 0.3, Diff: 0.0, Sum: 0.6]
      [Code Root Scanning (ms): Min: 0.1, Avg: 0.1, Max: 0.1, Diff: 0.0, Sum: 0.2]
      [Object Copy (ms): Min: 19.6, Avg: 19.6, Max: 19.6, Diff: 0.0, Sum: 39.1]
      [Termination (ms): Min: 0.0, Avg: 0.0, Max: 0.0, Diff: 0.0, Sum: 0.0]
      [GC Worker Other (ms): Min: 0.0, Avg: 0.0, Max: 0.0, Diff: 0.0, Sum: 0.1]
      [GC Worker Total (ms): Min: 20.3, Avg: 20.4, Max: 20.5, Diff: 0.2, Sum: 40.8]
      [GC Worker End (ms): Min: 1576.7, Avg: 1576.7, Max: 1576.7, Diff: 0.0]
   [Code Root Fixup: 0.0 ms]
   [Code Root Migration: 0.0 ms]
   [Clear CT: 0.2 ms]
   [Other: 0.8 ms]
      [Choose CSet: 0.0 ms]
      [Ref Proc: 0.1 ms]
      [Ref Enq: 0.0 ms]
      [Free CSet: 0.3 ms]
   [Eden: 134.0M(134.0M)->0.0B(119.0M) Survivors: 19.0M->20.0M Heap: 341.4M(474.0M)->217.4M(482.0M)]
 [Times: user=0.02 sys=0.00, real=0.02 secs] 
2014-07-10T12:28:08.463+0200: 1.639: [GC pause (G1 Evacuation Pause) (young), 0.0114893 secs]
   [Parallel Time: 10.8 ms, GC Workers: 2]
      [GC Worker Start (ms): Min: 1639.1, Avg: 1639.1, Max: 1639.1, Diff: 0.0]
      [Ext Root Scanning (ms): Min: 0.3, Avg: 0.3, Max: 0.3, Diff: 0.0, Sum: 0.7]
      [Update RS (ms): Min: 0.0, Avg: 0.0, Max: 0.0, Diff: 0.0, Sum: 0.1]
         [Processed Buffers: Min: 1, Avg: 1.5, Max: 2, Diff: 1, Sum: 3]
      [Scan RS (ms): Min: 0.2, Avg: 0.2, Max: 0.2, Diff: 0.0, Sum: 0.4]
      [Code Root Scanning (ms): Min: 0.1, Avg: 0.1, Max: 0.1, Diff: 0.0, Sum: 0.2]
      [Object Copy (ms): Min: 10.1, Avg: 10.1, Max: 10.1, Diff: 0.0, Sum: 20.2]
      [Termination (ms): Min: 0.0, Avg: 0.0, Max: 0.0, Diff: 0.0, Sum: 0.0]
      [GC Worker Other (ms): Min: 0.0, Avg: 0.0, Max: 0.0, Diff: 0.0, Sum: 0.1]
      [GC Worker Total (ms): Min: 10.8, Avg: 10.8, Max: 10.8, Diff: 0.0, Sum: 21.6]
      [GC Worker End (ms): Min: 1649.9, Avg: 1649.9, Max: 1649.9, Diff: 0.0]
   [Code Root Fixup: 0.0 ms]
   [Code Root Migration: 0.0 ms]
   [Clear CT: 0.1 ms]
   [Other: 0.5 ms]
      [Choose CSet: 0.0 ms]
      [Ref Proc: 0.1 ms]
      [Ref Enq: 0.0 ms]
      [Free CSet: 0.2 ms]
   [Eden: 119.0M(119.0M)->0.0B(136.0M) Survivors: 20.0M->16.0M Heap: 336.4M(482.0M)->213.4M(488.0M)]
 [Times: user=0.03 sys=0.00, real=0.01 secs] 
2014-07-10T12:28:08.607+0200: 1.782: [GC pause (G1 Evacuation Pause) (young), 0.0076760 secs]
   [Parallel Time: 7.0 ms, GC Workers: 2]
      [GC Worker Start (ms): Min: 1782.2, Avg: 1785.3, Max: 1788.3, Diff: 6.1]
      [Ext Root Scanning (ms): Min: 0.0, Avg: 0.2, Max: 0.5, Diff: 0.4, Sum: 0.5]
      [Update RS (ms): Min: 0.0, Avg: 0.0, Max: 0.1, Diff: 0.1, Sum: 0.1]
         [Processed Buffers: Min: 0, Avg: 2.0, Max: 4, Diff: 4, Sum: 4]
      [Scan RS (ms): Min: 0.0, Avg: 0.3, Max: 0.5, Diff: 0.5, Sum: 0.5]
      [Code Root Scanning (ms): Min: 0.0, Avg: 0.1, Max: 0.2, Diff: 0.2, Sum: 0.2]
      [Object Copy (ms): Min: 0.7, Avg: 3.2, Max: 5.7, Diff: 5.0, Sum: 6.4]
      [Termination (ms): Min: 0.0, Avg: 0.0, Max: 0.0, Diff: 0.0, Sum: 0.0]
      [GC Worker Other (ms): Min: 0.0, Avg: 0.0, Max: 0.0, Diff: 0.0, Sum: 0.1]
      [GC Worker Total (ms): Min: 0.8, Avg: 3.9, Max: 7.0, Diff: 6.1, Sum: 7.8]
      [GC Worker End (ms): Min: 1789.2, Avg: 1789.2, Max: 1789.2, Diff: 0.0]
   [Code Root Fixup: 0.0 ms]
   [Code Root Migration: 0.0 ms]
   [Clear CT: 0.1 ms]
   [Other: 0.5 ms]
      [Choose CSet: 0.0 ms]
      [Ref Proc: 0.1 ms]
      [Ref Enq: 0.0 ms]
      [Free CSet: 0.3 ms]
   [Eden: 136.0M(136.0M)->0.0B(124.0M) Survivors: 16.0M->8192.0K Heap: 349.4M(488.0M)->205.1M(493.0M)]
 [Times: user=0.03 sys=0.00, real=0.01 secs] 
2014-07-10T12:28:08.687+0200: 1.863: [GC pause (G1 Evacuation Pause) (young), 0.0434558 secs]
   [Parallel Time: 42.9 ms, GC Workers: 2]
      [GC Worker Start (ms): Min: 1862.7, Avg: 1862.7, Max: 1862.7, Diff: 0.0]
      [Ext Root Scanning (ms): Min: 0.3, Avg: 0.3, Max: 0.3, Diff: 0.0, Sum: 0.6]
      [Update RS (ms): Min: 0.0, Avg: 0.0, Max: 0.0, Diff: 0.0, Sum: 0.1]
         [Processed Buffers: Min: 1, Avg: 1.0, Max: 1, Diff: 0, Sum: 2]
      [Scan RS (ms): Min: 0.2, Avg: 0.2, Max: 0.2, Diff: 0.0, Sum: 0.5]
      [Code Root Scanning (ms): Min: 0.1, Avg: 0.1, Max: 0.1, Diff: 0.0, Sum: 0.2]
      [Object Copy (ms): Min: 42.1, Avg: 42.1, Max: 42.1, Diff: 0.0, Sum: 84.2]
      [Termination (ms): Min: 0.0, Avg: 0.0, Max: 0.0, Diff: 0.0, Sum: 0.0]
      [GC Worker Other (ms): Min: 0.0, Avg: 0.0, Max: 0.0, Diff: 0.0, Sum: 0.1]
      [GC Worker Total (ms): Min: 42.8, Avg: 42.8, Max: 42.8, Diff: 0.0, Sum: 85.7]
      [GC Worker End (ms): Min: 1905.5, Avg: 1905.5, Max: 1905.5, Diff: 0.0]
   [Code Root Fixup: 0.0 ms]
   [Code Root Migration: 0.0 ms]
   [Clear CT: 0.1 ms]
   [Other: 0.5 ms]
      [Choose CSet: 0.0 ms]
      [Ref Proc: 0.1 ms]
      [Ref Enq: 0.0 ms]
      [Free CSet: 0.2 ms]
   [Eden: 124.0M(124.0M)->0.0B(131.0M) Survivors: 8192.0K->17.0M Heap: 329.1M(493.0M)->263.1M(497.0M)]
 [Times: user=0.08 sys=0.02, real=0.04 secs] 
2014-07-10T12:28:08.819+0200: 1.995: [GC pause (G1 Evacuation Pause) (young) (initial-mark), 0.0454979 secs]
   [Parallel Time: 44.3 ms, GC Workers: 2]
      [GC Worker Start (ms): Min: 1994.7, Avg: 1994.7, Max: 1994.7, Diff: 0.0]
      [Ext Root Scanning (ms): Min: 0.4, Avg: 0.4, Max: 0.4, Diff: 0.0, Sum: 0.8]
      [Code Root Marking (ms): Min: 0.0, Avg: 0.1, Max: 0.1, Diff: 0.0, Sum: 0.1]
      [Update RS (ms): Min: 0.0, Avg: 0.0, Max: 0.0, Diff: 0.0, Sum: 0.0]
         [Processed Buffers: Min: 1, Avg: 1.0, Max: 1, Diff: 0, Sum: 2]
      [Scan RS (ms): Min: 0.2, Avg: 0.2, Max: 0.2, Diff: 0.0, Sum: 0.4]
      [Code Root Scanning (ms): Min: 0.1, Avg: 0.1, Max: 0.1, Diff: 0.0, Sum: 0.2]
      [Object Copy (ms): Min: 43.5, Avg: 43.5, Max: 43.5, Diff: 0.0, Sum: 87.0]
      [Termination (ms): Min: 0.0, Avg: 0.0, Max: 0.0, Diff: 0.0, Sum: 0.0]
      [GC Worker Other (ms): Min: 0.0, Avg: 0.0, Max: 0.0, Diff: 0.0, Sum: 0.1]
      [GC Worker Total (ms): Min: 44.3, Avg: 44.3, Max: 44.3, Diff: 0.0, Sum: 88.6]
      [GC Worker End (ms): Min: 2039.0, Avg: 2039.0, Max: 2039.0, Diff: 0.0]
   [Code Root Fixup: 0.0 ms]
   [Code Root Migration: 0.0 ms]
   [Clear CT: 0.5 ms]
   [Other: 0.6 ms]
      [Choose CSet: 0.0 ms]
      [Ref Proc: 0.1 ms]
      [Ref Enq: 0.0 ms]
      [Free CSet: 0.2 ms]
   [Eden: 131.0M(131.0M)->0.0B(129.0M) Survivors: 17.0M->19.0M Heap: 394.1M(497.0M)->310.6M(500.0M)]
 [Times: user=0.08 sys=0.00, real=0.05 secs] 
2014-07-10T12:28:08.865+0200: 2.040: [GC concurrent-root-region-scan-start]
2014-07-10T12:28:08.865+0200: 2.041: [GC concurrent-root-region-scan-end, 0.0006750 secs]
2014-07-10T12:28:08.865+0200: 2.041: [GC concurrent-mark-start]
2014-07-10T12:28:08.944+0200: 2.119: [GC concurrent-mark-end, 0.0058385 secs]
2014-07-10T12:28:08.945+0200: 2.121: [GC remark 2.121: [GC ref-proc, 0.0000568 secs], 0.0014064 secs]
 [Times: user=0.00 sys=0.00, real=0.00 secs] 
2014-07-10T12:28:08.984+0200: 2.159: [GC pause (G1 Evacuation Pause) (young), 0.0419445 secs]
   [Parallel Time: 41.3 ms, GC Workers: 2]
      [GC Worker Start (ms): Min: 2159.2, Avg: 2159.2, Max: 2159.2, Diff: 0.0]
      [Ext Root Scanning (ms): Min: 0.3, Avg: 0.3, Max: 0.3, Diff: 0.0, Sum: 0.7]
      [SATB Filtering (ms): Min: 0.0, Avg: 0.0, Max: 0.0, Diff: 0.0, Sum: 0.0]
      [Update RS (ms): Min: 0.0, Avg: 0.0, Max: 0.0, Diff: 0.0, Sum: 0.1]
         [Processed Buffers: Min: 1, Avg: 1.0, Max: 1, Diff: 0, Sum: 2]
      [Scan RS (ms): Min: 0.2, Avg: 0.2, Max: 0.2, Diff: 0.0, Sum: 0.4]
      [Code Root Scanning (ms): Min: 0.1, Avg: 0.1, Max: 0.1, Diff: 0.0, Sum: 0.2]
      [Object Copy (ms): Min: 40.5, Avg: 40.5, Max: 40.6, Diff: 0.0, Sum: 81.1]
      [Termination (ms): Min: 0.0, Avg: 0.0, Max: 0.0, Diff: 0.0, Sum: 0.0]
      [GC Worker Other (ms): Min: 0.0, Avg: 0.0, Max: 0.0, Diff: 0.0, Sum: 0.1]
      [GC Worker Total (ms): Min: 41.3, Avg: 41.3, Max: 41.3, Diff: 0.0, Sum: 82.5]
      [GC Worker End (ms): Min: 2200.4, Avg: 2200.4, Max: 2200.4, Diff: 0.0]
   [Code Root Fixup: 0.0 ms]
   [Code Root Migration: 0.0 ms]
   [Clear CT: 0.1 ms]
   [Other: 0.5 ms]
      [Choose CSet: 0.0 ms]
      [Ref Proc: 0.1 ms]
      [Ref Enq: 0.0 ms]
      [Free CSet: 0.2 ms]
   [Eden: 129.0M(129.0M)->0.0B(120.0M) Survivors: 19.0M->19.0M Heap: 439.6M(500.0M)->353.0M(504.0M)]
 [Times: user=0.08 sys=0.02, real=0.04 secs] 
2014-07-10T12:28:09.026+0200: 2.201: [GC cleanup 353M->117M(504M), 0.0012531 secs]
 [Times: user=0.00 sys=0.00, real=0.00 secs] 
2014-07-10T12:28:09.027+0200: 2.203: [GC concurrent-cleanup-start]
2014-07-10T12:28:09.028+0200: 2.203: [GC concurrent-cleanup-end, 0.0004957 secs]
2014-07-10T12:28:09.089+0200: 2.265: [GC pause (G1 Evacuation Pause) (young), 0.0232822 secs]
   [Parallel Time: 22.7 ms, GC Workers: 2]
      [GC Worker Start (ms): Min: 2264.8, Avg: 2264.8, Max: 2264.8, Diff: 0.0]
      [Ext Root Scanning (ms): Min: 0.3, Avg: 0.3, Max: 0.3, Diff: 0.0, Sum: 0.7]
      [Update RS (ms): Min: 0.0, Avg: 0.0, Max: 0.0, Diff: 0.0, Sum: 0.1]
         [Processed Buffers: Min: 1, Avg: 1.5, Max: 2, Diff: 1, Sum: 3]
      [Scan RS (ms): Min: 0.2, Avg: 0.2, Max: 0.2, Diff: 0.0, Sum: 0.4]
      [Code Root Scanning (ms): Min: 0.1, Avg: 0.1, Max: 0.1, Diff: 0.0, Sum: 0.2]
      [Object Copy (ms): Min: 21.9, Avg: 21.9, Max: 21.9, Diff: 0.0, Sum: 43.8]
      [Termination (ms): Min: 0.0, Avg: 0.0, Max: 0.0, Diff: 0.0, Sum: 0.0]
      [GC Worker Other (ms): Min: 0.0, Avg: 0.1, Max: 0.1, Diff: 0.1, Sum: 0.1]
      [GC Worker Total (ms): Min: 22.6, Avg: 22.6, Max: 22.6, Diff: 0.1, Sum: 45.2]
      [GC Worker End (ms): Min: 2287.4, Avg: 2287.4, Max: 2287.4, Diff: 0.1]
   [Code Root Fixup: 0.0 ms]
   [Code Root Migration: 0.0 ms]
   [Clear CT: 0.1 ms]
   [Other: 0.5 ms]
      [Choose CSet: 0.0 ms]
      [Ref Proc: 0.1 ms]
      [Ref Enq: 0.0 ms]
      [Free CSet: 0.2 ms]
   [Eden: 120.0M(120.0M)->0.0B(135.0M) Survivors: 19.0M->18.0M Heap: 237.0M(504.0M)->134.1M(506.0M)]
 [Times: user=0.03 sys=0.00, real=0.02 secs] 
2014-07-10T12:28:09.205+0200: 2.380: [GC pause (G1 Evacuation Pause) (young), 0.0255556 secs]
   [Parallel Time: 24.8 ms, GC Workers: 2]
      [GC Worker Start (ms): Min: 2380.5, Avg: 2380.5, Max: 2380.5, Diff: 0.0]
      [Ext Root Scanning (ms): Min: 0.3, Avg: 0.3, Max: 0.3, Diff: 0.0, Sum: 0.7]
      [Update RS (ms): Min: 0.0, Avg: 0.0, Max: 0.0, Diff: 0.0, Sum: 0.1]
         [Processed Buffers: Min: 1, Avg: 1.5, Max: 2, Diff: 1, Sum: 3]
      [Scan RS (ms): Min: 0.3, Avg: 0.3, Max: 0.3, Diff: 0.0, Sum: 0.5]
      [Code Root Scanning (ms): Min: 0.1, Avg: 0.1, Max: 0.1, Diff: 0.0, Sum: 0.2]
      [Object Copy (ms): Min: 24.0, Avg: 24.0, Max: 24.0, Diff: 0.0, Sum: 48.0]
      [Termination (ms): Min: 0.0, Avg: 0.0, Max: 0.0, Diff: 0.0, Sum: 0.0]
      [GC Worker Other (ms): Min: 0.0, Avg: 0.0, Max: 0.0, Diff: 0.0, Sum: 0.1]
      [GC Worker Total (ms): Min: 24.8, Avg: 24.8, Max: 24.8, Diff: 0.0, Sum: 49.6]
      [GC Worker End (ms): Min: 2405.3, Avg: 2405.3, Max: 2405.3, Diff: 0.0]
   [Code Root Fixup: 0.0 ms]
   [Code Root Migration: 0.0 ms]
   [Clear CT: 0.1 ms]
   [Other: 0.6 ms]
      [Choose CSet: 0.0 ms]
      [Ref Proc: 0.1 ms]
      [Ref Enq: 0.0 ms]
      [Free CSet: 0.3 ms]
   [Eden: 135.0M(135.0M)->0.0B(132.0M) Survivors: 18.0M->20.0M Heap: 269.1M(506.0M)->155.1M(508.0M)]
 [Times: user=0.06 sys=0.00, real=0.03 secs] 
2014-07-10T12:28:09.383+0200: 2.559: [GC pause (G1 Evacuation Pause) (young), 0.0262145 secs]
   [Parallel Time: 24.7 ms, GC Workers: 2]
      [GC Worker Start (ms): Min: 2558.7, Avg: 2558.7, Max: 2558.7, Diff: 0.0]
      [Ext Root Scanning (ms): Min: 0.3, Avg: 0.3, Max: 0.3, Diff: 0.0, Sum: 0.6]
      [Update RS (ms): Min: 0.0, Avg: 0.0, Max: 0.0, Diff: 0.0, Sum: 0.1]
         [Processed Buffers: Min: 1, Avg: 1.5, Max: 2, Diff: 1, Sum: 3]
      [Scan RS (ms): Min: 0.2, Avg: 0.2, Max: 0.3, Diff: 0.0, Sum: 0.5]
      [Code Root Scanning (ms): Min: 0.1, Avg: 0.1, Max: 0.1, Diff: 0.0, Sum: 0.2]
      [Object Copy (ms): Min: 23.9, Avg: 23.9, Max: 23.9, Diff: 0.0, Sum: 47.8]
      [Termination (ms): Min: 0.0, Avg: 0.0, Max: 0.0, Diff: 0.0, Sum: 0.0]
      [GC Worker Other (ms): Min: 0.0, Avg: 0.0, Max: 0.0, Diff: 0.0, Sum: 0.1]
      [GC Worker Total (ms): Min: 24.7, Avg: 24.7, Max: 24.7, Diff: 0.0, Sum: 49.3]
      [GC Worker End (ms): Min: 2583.3, Avg: 2583.3, Max: 2583.3, Diff: 0.0]
   [Code Root Fixup: 0.0 ms]
   [Code Root Migration: 0.0 ms]
   [Clear CT: 0.1 ms]
   [Other: 1.4 ms]
      [Choose CSet: 0.0 ms]
      [Ref Proc: 1.0 ms]
      [Ref Enq: 0.0 ms]
      [Free CSet: 0.2 ms]
   [Eden: 132.0M(132.0M)->0.0B(119.0M) Survivors: 20.0M->19.0M Heap: 287.1M(508.0M)->173.9M(509.0M)]
 [Times: user=0.03 sys=0.00, real=0.03 secs] 
2014-07-10T12:28:09.478+0200: 2.654: [GC pause (G1 Evacuation Pause) (young), 0.0172794 secs]
   [Parallel Time: 16.1 ms, GC Workers: 2]
      [GC Worker Start (ms): Min: 2654.0, Avg: 2654.0, Max: 2654.0, Diff: 0.0]
      [Ext Root Scanning (ms): Min: 0.2, Avg: 0.2, Max: 0.2, Diff: 0.0, Sum: 0.5]
      [Update RS (ms): Min: 0.0, Avg: 0.0, Max: 0.0, Diff: 0.0, Sum: 0.0]
         [Processed Buffers: Min: 1, Avg: 1.0, Max: 1, Diff: 0, Sum: 2]
      [Scan RS (ms): Min: 0.2, Avg: 0.2, Max: 0.2, Diff: 0.0, Sum: 0.5]
      [Code Root Scanning (ms): Min: 0.1, Avg: 0.1, Max: 0.1, Diff: 0.0, Sum: 0.2]
      [Object Copy (ms): Min: 15.4, Avg: 15.4, Max: 15.4, Diff: 0.0, Sum: 30.8]
      [Termination (ms): Min: 0.0, Avg: 0.0, Max: 0.0, Diff: 0.0, Sum: 0.0]
      [GC Worker Other (ms): Min: 0.0, Avg: 0.0, Max: 0.0, Diff: 0.0, Sum: 0.1]
      [GC Worker Total (ms): Min: 16.0, Avg: 16.0, Max: 16.0, Diff: 0.0, Sum: 32.1]
      [GC Worker End (ms): Min: 2670.0, Avg: 2670.0, Max: 2670.0, Diff: 0.0]
   [Code Root Fixup: 0.0 ms]
   [Code Root Migration: 0.0 ms]
   [Clear CT: 0.1 ms]
   [Other: 1.1 ms]
      [Choose CSet: 0.0 ms]
      [Ref Proc: 0.7 ms]
      [Ref Enq: 0.0 ms]
      [Free CSet: 0.2 ms]
   [Eden: 119.0M(119.0M)->0.0B(128.0M) Survivors: 19.0M->18.0M Heap: 292.9M(509.0M)->180.7M(510.0M)]
 [Times: user=0.03 sys=0.00, real=0.02 secs] 
2014-07-10T12:28:09.594+0200: 2.770: [GC pause (G1 Evacuation Pause) (young), 0.0100862 secs]
   [Parallel Time: 9.5 ms, GC Workers: 2]
      [GC Worker Start (ms): Min: 2769.9, Avg: 2769.9, Max: 2769.9, Diff: 0.0]
      [Ext Root Scanning (ms): Min: 0.4, Avg: 0.4, Max: 0.4, Diff: 0.0, Sum: 0.7]
      [Update RS (ms): Min: 0.0, Avg: 0.0, Max: 0.0, Diff: 0.0, Sum: 0.1]
         [Processed Buffers: Min: 1, Avg: 1.5, Max: 2, Diff: 1, Sum: 3]
      [Scan RS (ms): Min: 0.4, Avg: 0.4, Max: 0.4, Diff: 0.1, Sum: 0.8]
      [Code Root Scanning (ms): Min: 0.1, Avg: 0.1, Max: 0.1, Diff: 0.1, Sum: 0.2]
      [Object Copy (ms): Min: 8.5, Avg: 8.5, Max: 8.5, Diff: 0.0, Sum: 17.0]
      [Termination (ms): Min: 0.0, Avg: 0.0, Max: 0.0, Diff: 0.0, Sum: 0.0]
      [GC Worker Other (ms): Min: 0.0, Avg: 0.0, Max: 0.0, Diff: 0.0, Sum: 0.1]
      [GC Worker Total (ms): Min: 9.4, Avg: 9.4, Max: 9.4, Diff: 0.0, Sum: 18.9]
      [GC Worker End (ms): Min: 2779.3, Avg: 2779.3, Max: 2779.3, Diff: 0.0]
   [Code Root Fixup: 0.0 ms]
   [Code Root Migration: 0.0 ms]
   [Clear CT: 0.1 ms]
   [Other: 0.5 ms]
      [Choose CSet: 0.0 ms]
      [Ref Proc: 0.1 ms]
      [Ref Enq: 0.0 ms]
      [Free CSet: 0.2 ms]
   [Eden: 128.0M(128.0M)->0.0B(123.0M) Survivors: 18.0M->14.0M Heap: 308.7M(510.0M)->176.2M(511.0M)]
 [Times: user=0.03 sys=0.00, real=0.01 secs] 
2014-07-10T12:28:09.758+0200: 2.934: [GC pause (G1 Evacuation Pause) (young), 0.0072830 secs]
   [Parallel Time: 5.7 ms, GC Workers: 2]
      [GC Worker Start (ms): Min: 2933.9, Avg: 2933.9, Max: 2933.9, Diff: 0.0]
      [Ext Root Scanning (ms): Min: 0.5, Avg: 0.5, Max: 0.5, Diff: 0.0, Sum: 1.1]
      [Update RS (ms): Min: 0.0, Avg: 0.1, Max: 0.1, Diff: 0.0, Sum: 0.1]
         [Processed Buffers: Min: 1, Avg: 1.5, Max: 2, Diff: 1, Sum: 3]
      [Scan RS (ms): Min: 0.3, Avg: 0.4, Max: 0.4, Diff: 0.0, Sum: 0.7]
      [Code Root Scanning (ms): Min: 0.1, Avg: 0.1, Max: 0.1, Diff: 0.0, Sum: 0.3]
      [Object Copy (ms): Min: 4.5, Avg: 4.5, Max: 4.6, Diff: 0.0, Sum: 9.1]
      [Termination (ms): Min: 0.0, Avg: 0.0, Max: 0.0, Diff: 0.0, Sum: 0.0]
      [GC Worker Other (ms): Min: 0.0, Avg: 0.0, Max: 0.0, Diff: 0.0, Sum: 0.1]
      [GC Worker Total (ms): Min: 5.7, Avg: 5.7, Max: 5.7, Diff: 0.0, Sum: 11.3]
      [GC Worker End (ms): Min: 2939.6, Avg: 2939.6, Max: 2939.6, Diff: 0.0]
   [Code Root Fixup: 0.0 ms]
   [Code Root Migration: 0.1 ms]
   [Clear CT: 0.3 ms]
   [Other: 1.2 ms]
      [Choose CSet: 0.0 ms]
      [Ref Proc: 0.5 ms]
      [Ref Enq: 0.0 ms]
      [Free CSet: 0.5 ms]
   [Eden: 123.0M(123.0M)->0.0B(111.0M) Survivors: 14.0M->5120.0K Heap: 299.2M(511.0M)->167.1M(512.0M)]
 [Times: user=0.00 sys=0.00, real=0.01 secs] 
2014-07-10T12:28:09.832+0200: 3.008: [GC pause (G1 Evacuation Pause) (young), 0.0313098 secs]
   [Parallel Time: 30.7 ms, GC Workers: 2]
      [GC Worker Start (ms): Min: 3008.0, Avg: 3008.0, Max: 3008.0, Diff: 0.0]
      [Ext Root Scanning (ms): Min: 0.4, Avg: 0.4, Max: 0.4, Diff: 0.0, Sum: 0.8]
      [Update RS (ms): Min: 0.0, Avg: 0.0, Max: 0.0, Diff: 0.0, Sum: 0.1]
         [Processed Buffers: Min: 1, Avg: 1.5, Max: 2, Diff: 1, Sum: 3]
      [Scan RS (ms): Min: 0.2, Avg: 0.2, Max: 0.2, Diff: 0.0, Sum: 0.3]
      [Code Root Scanning (ms): Min: 0.1, Avg: 0.1, Max: 0.1, Diff: 0.0, Sum: 0.1]
      [Object Copy (ms): Min: 30.0, Avg: 30.0, Max: 30.0, Diff: 0.0, Sum: 59.9]
      [Termination (ms): Min: 0.0, Avg: 0.0, Max: 0.0, Diff: 0.0, Sum: 0.0]
      [GC Worker Other (ms): Min: 0.0, Avg: 0.0, Max: 0.0, Diff: 0.0, Sum: 0.1]
      [GC Worker Total (ms): Min: 30.7, Avg: 30.7, Max: 30.7, Diff: 0.0, Sum: 61.3]
      [GC Worker End (ms): Min: 3038.7, Avg: 3038.7, Max: 3038.7, Diff: 0.0]
   [Code Root Fixup: 0.0 ms]
   [Code Root Migration: 0.0 ms]
   [Clear CT: 0.1 ms]
   [Other: 0.4 ms]
      [Choose CSet: 0.0 ms]
      [Ref Proc: 0.1 ms]
      [Ref Enq: 0.0 ms]
      [Free CSet: 0.2 ms]
   [Eden: 111.0M(111.0M)->0.0B(121.0M) Survivors: 5120.0K->15.0M Heap: 278.1M(512.0M)->212.1M(512.0M)]
 [Times: user=0.05 sys=0.00, real=0.03 secs] 
2014-07-10T12:28:09.979+0200: 3.155: [GC pause (G1 Evacuation Pause) (young), 0.0258808 secs]
   [Parallel Time: 25.2 ms, GC Workers: 2]
      [GC Worker Start (ms): Min: 3155.2, Avg: 3155.2, Max: 3155.2, Diff: 0.0]
      [Ext Root Scanning (ms): Min: 0.4, Avg: 0.4, Max: 0.4, Diff: 0.0, Sum: 0.7]
      [Update RS (ms): Min: 0.0, Avg: 0.0, Max: 0.0, Diff: 0.0, Sum: 0.1]
         [Processed Buffers: Min: 1, Avg: 1.5, Max: 2, Diff: 1, Sum: 3]
      [Scan RS (ms): Min: 0.2, Avg: 0.3, Max: 0.3, Diff: 0.0, Sum: 0.5]
      [Code Root Scanning (ms): Min: 0.1, Avg: 0.1, Max: 0.1, Diff: 0.0, Sum: 0.2]
      [Object Copy (ms): Min: 24.3, Avg: 24.3, Max: 24.3, Diff: 0.0, Sum: 48.7]
      [Termination (ms): Min: 0.0, Avg: 0.0, Max: 0.0, Diff: 0.0, Sum: 0.0]
      [GC Worker Other (ms): Min: 0.0, Avg: 0.1, Max: 0.1, Diff: 0.0, Sum: 0.1]
      [GC Worker Total (ms): Min: 25.1, Avg: 25.2, Max: 25.2, Diff: 0.0, Sum: 50.3]
      [GC Worker End (ms): Min: 3180.3, Avg: 3180.3, Max: 3180.3, Diff: 0.0]
   [Code Root Fixup: 0.0 ms]
   [Code Root Migration: 0.0 ms]
   [Clear CT: 0.2 ms]
   [Other: 0.5 ms]
      [Choose CSet: 0.0 ms]
      [Ref Proc: 0.1 ms]
      [Ref Enq: 0.0 ms]
      [Free CSet: 0.2 ms]
   [Eden: 121.0M(121.0M)->0.0B(113.0M) Survivors: 15.0M->17.0M Heap: 333.1M(512.0M)->235.3M(512.0M)]
 [Times: user=0.06 sys=0.00, real=0.03 secs] 
2014-07-10T12:28:10.059+0200: 3.235: [GC pause (G1 Evacuation Pause) (young), 0.0029587 secs]
   [Parallel Time: 2.5 ms, GC Workers: 2]
      [GC Worker Start (ms): Min: 3234.9, Avg: 3234.9, Max: 3234.9, Diff: 0.0]
      [Ext Root Scanning (ms): Min: 0.4, Avg: 0.4, Max: 0.4, Diff: 0.0, Sum: 0.8]
      [Update RS (ms): Min: 0.0, Avg: 0.0, Max: 0.0, Diff: 0.0, Sum: 0.1]
         [Processed Buffers: Min: 2, Avg: 2.0, Max: 2, Diff: 0, Sum: 4]
      [Scan RS (ms): Min: 0.2, Avg: 0.2, Max: 0.2, Diff: 0.0, Sum: 0.4]
      [Code Root Scanning (ms): Min: 0.1, Avg: 0.1, Max: 0.1, Diff: 0.0, Sum: 0.2]
      [Object Copy (ms): Min: 1.5, Avg: 1.6, Max: 1.7, Diff: 0.2, Sum: 3.1]
      [Termination (ms): Min: 0.0, Avg: 0.1, Max: 0.2, Diff: 0.2, Sum: 0.2]
      [GC Worker Other (ms): Min: 0.0, Avg: 0.0, Max: 0.0, Diff: 0.0, Sum: 0.1]
      [GC Worker Total (ms): Min: 2.4, Avg: 2.4, Max: 2.5, Diff: 0.1, Sum: 4.9]
      [GC Worker End (ms): Min: 3237.3, Avg: 3237.4, Max: 3237.4, Diff: 0.1]
   [Code Root Fixup: 0.0 ms]
   [Code Root Migration: 0.0 ms]
   [Clear CT: 0.1 ms]
   [Other: 0.3 ms]
      [Choose CSet: 0.0 ms]
      [Ref Proc: 0.0 ms]
      [Ref Enq: 0.0 ms]
      [Free CSet: 0.2 ms]
   [Eden: 113.0M(113.0M)->0.0B(137.0M) Survivors: 17.0M->3072.0K Heap: 348.3M(512.0M)->221.2M(512.0M)]
 [Times: user=0.00 sys=0.00, real=0.00 secs] 
2014-07-10T12:28:10.207+0200: 3.383: [GC pause (G1 Evacuation Pause) (young), 0.0064170 secs]
   [Parallel Time: 5.9 ms, GC Workers: 2]
      [GC Worker Start (ms): Min: 3383.1, Avg: 3383.1, Max: 3383.1, Diff: 0.0]
      [Ext Root Scanning (ms): Min: 0.4, Avg: 0.4, Max: 0.4, Diff: 0.0, Sum: 0.8]
      [Update RS (ms): Min: 0.0, Avg: 0.1, Max: 0.1, Diff: 0.0, Sum: 0.1]
         [Processed Buffers: Min: 1, Avg: 1.5, Max: 2, Diff: 1, Sum: 3]
      [Scan RS (ms): Min: 0.2, Avg: 0.2, Max: 0.2, Diff: 0.0, Sum: 0.4]
      [Code Root Scanning (ms): Min: 0.1, Avg: 0.1, Max: 0.1, Diff: 0.0, Sum: 0.2]
      [Object Copy (ms): Min: 5.0, Avg: 5.0, Max: 5.1, Diff: 0.0, Sum: 10.1]
      [Termination (ms): Min: 0.0, Avg: 0.0, Max: 0.0, Diff: 0.0, Sum: 0.0]
      [GC Worker Other (ms): Min: 0.0, Avg: 0.0, Max: 0.0, Diff: 0.0, Sum: 0.1]
      [GC Worker Total (ms): Min: 5.8, Avg: 5.8, Max: 5.8, Diff: 0.0, Sum: 11.7]
      [GC Worker End (ms): Min: 3388.9, Avg: 3388.9, Max: 3388.9, Diff: 0.0]
   [Code Root Fixup: 0.0 ms]
   [Code Root Migration: 0.0 ms]
   [Clear CT: 0.1 ms]
   [Other: 0.4 ms]
      [Choose CSet: 0.0 ms]
      [Ref Proc: 0.0 ms]
      [Ref Enq: 0.0 ms]
      [Free CSet: 0.2 ms]
   [Eden: 137.0M(137.0M)->0.0B(124.0M) Survivors: 3072.0K->8192.0K Heap: 358.2M(512.0M)->226.1M(512.0M)]
 [Times: user=0.00 sys=0.00, real=0.01 secs] 
2014-07-10T12:28:10.287+0200: 3.462: [GC pause (G1 Evacuation Pause) (young), 0.0421685 secs]
   [Parallel Time: 41.3 ms, GC Workers: 2]
      [GC Worker Start (ms): Min: 3462.4, Avg: 3462.4, Max: 3462.4, Diff: 0.0]
      [Ext Root Scanning (ms): Min: 0.3, Avg: 0.3, Max: 0.3, Diff: 0.0, Sum: 0.6]
      [Update RS (ms): Min: 0.0, Avg: 0.0, Max: 0.0, Diff: 0.0, Sum: 0.1]
         [Processed Buffers: Min: 1, Avg: 1.5, Max: 2, Diff: 1, Sum: 3]
      [Scan RS (ms): Min: 0.2, Avg: 0.2, Max: 0.2, Diff: 0.0, Sum: 0.4]
      [Code Root Scanning (ms): Min: 0.1, Avg: 0.1, Max: 0.1, Diff: 0.0, Sum: 0.2]
      [Object Copy (ms): Min: 40.6, Avg: 40.6, Max: 40.7, Diff: 0.0, Sum: 81.3]
      [Termination (ms): Min: 0.0, Avg: 0.0, Max: 0.0, Diff: 0.0, Sum: 0.0]
      [GC Worker Other (ms): Min: 0.0, Avg: 0.0, Max: 0.0, Diff: 0.0, Sum: 0.1]
      [GC Worker Total (ms): Min: 41.3, Avg: 41.3, Max: 41.3, Diff: 0.0, Sum: 82.6]
      [GC Worker End (ms): Min: 3503.7, Avg: 3503.7, Max: 3503.7, Diff: 0.0]
   [Code Root Fixup: 0.0 ms]
   [Code Root Migration: 0.0 ms]
   [Clear CT: 0.1 ms]
   [Other: 0.7 ms]
      [Choose CSet: 0.0 ms]
      [Ref Proc: 0.1 ms]
      [Ref Enq: 0.0 ms]
      [Free CSet: 0.5 ms]
   [Eden: 124.0M(124.0M)->0.0B(131.0M) Survivors: 8192.0K->17.0M Heap: 350.1M(512.0M)->284.0M(512.0M)]
 [Times: user=0.06 sys=0.00, real=0.04 secs] 
2014-07-10T12:28:10.433+0200: 3.609: [GC pause (G1 Evacuation Pause) (young) (initial-mark), 0.0409785 secs]
   [Parallel Time: 40.2 ms, GC Workers: 2]
      [GC Worker Start (ms): Min: 3608.9, Avg: 3608.9, Max: 3608.9, Diff: 0.0]
      [Ext Root Scanning (ms): Min: 0.4, Avg: 0.4, Max: 0.4, Diff: 0.0, Sum: 0.8]
      [Code Root Marking (ms): Min: 0.1, Avg: 0.1, Max: 0.1, Diff: 0.0, Sum: 0.1]
      [Update RS (ms): Min: 0.0, Avg: 0.0, Max: 0.0, Diff: 0.0, Sum: 0.1]
         [Processed Buffers: Min: 1, Avg: 1.5, Max: 2, Diff: 1, Sum: 3]
      [Scan RS (ms): Min: 0.2, Avg: 0.2, Max: 0.2, Diff: 0.0, Sum: 0.4]
      [Code Root Scanning (ms): Min: 0.1, Avg: 0.1, Max: 0.1, Diff: 0.0, Sum: 0.2]
      [Object Copy (ms): Min: 39.3, Avg: 39.3, Max: 39.4, Diff: 0.0, Sum: 78.7]
      [Termination (ms): Min: 0.0, Avg: 0.0, Max: 0.0, Diff: 0.0, Sum: 0.0]
      [GC Worker Other (ms): Min: 0.0, Avg: 0.0, Max: 0.0, Diff: 0.0, Sum: 0.1]
      [GC Worker Total (ms): Min: 40.2, Avg: 40.2, Max: 40.2, Diff: 0.0, Sum: 80.3]
      [GC Worker End (ms): Min: 3649.1, Avg: 3649.1, Max: 3649.1, Diff: 0.0]
   [Code Root Fixup: 0.0 ms]
   [Code Root Migration: 0.0 ms]
   [Clear CT: 0.2 ms]
   [Other: 0.6 ms]
      [Choose CSet: 0.0 ms]
      [Ref Proc: 0.1 ms]
      [Ref Enq: 0.0 ms]
      [Free CSet: 0.3 ms]
   [Eden: 131.0M(131.0M)->0.0B(124.0M) Survivors: 17.0M->19.0M Heap: 415.0M(512.0M)->331.6M(512.0M)]
 [Times: user=0.09 sys=0.00, real=0.04 secs] 
2014-07-10T12:28:10.474+0200: 3.650: [GC concurrent-root-region-scan-start]
2014-07-10T12:28:10.475+0200: 3.651: [GC concurrent-root-region-scan-end, 0.0006764 secs]
2014-07-10T12:28:10.475+0200: 3.651: [GC concurrent-mark-start]
2014-07-10T12:28:10.554+0200: 3.729: [GC concurrent-mark-end, 0.0048340 secs]
2014-07-10T12:28:10.554+0200: 3.729: [GC remark 3.730: [GC ref-proc, 0.0001664 secs], 0.0035137 secs]
 [Times: user=0.00 sys=0.00, real=0.00 secs] 
2014-07-10T12:28:10.598+0200: 3.774: [GC pause (G1 Evacuation Pause) (young), 0.0317593 secs]
   [Parallel Time: 31.1 ms, GC Workers: 2]
      [GC Worker Start (ms): Min: 3774.0, Avg: 3774.0, Max: 3774.0, Diff: 0.0]
      [Ext Root Scanning (ms): Min: 0.3, Avg: 0.3, Max: 0.3, Diff: 0.0, Sum: 0.7]
      [SATB Filtering (ms): Min: 0.0, Avg: 0.0, Max: 0.0, Diff: 0.0, Sum: 0.0]
      [Update RS (ms): Min: 0.0, Avg: 0.0, Max: 0.1, Diff: 0.0, Sum: 0.1]
         [Processed Buffers: Min: 1, Avg: 1.5, Max: 2, Diff: 1, Sum: 3]
      [Scan RS (ms): Min: 0.2, Avg: 0.2, Max: 0.2, Diff: 0.0, Sum: 0.4]
      [Code Root Scanning (ms): Min: 0.1, Avg: 0.1, Max: 0.1, Diff: 0.0, Sum: 0.2]
      [Object Copy (ms): Min: 30.4, Avg: 30.4, Max: 30.4, Diff: 0.0, Sum: 60.8]
      [Termination (ms): Min: 0.0, Avg: 0.0, Max: 0.0, Diff: 0.0, Sum: 0.0]
      [GC Worker Other (ms): Min: 0.0, Avg: 0.0, Max: 0.0, Diff: 0.0, Sum: 0.1]
      [GC Worker Total (ms): Min: 31.1, Avg: 31.1, Max: 31.1, Diff: 0.0, Sum: 62.2]
      [GC Worker End (ms): Min: 3805.1, Avg: 3805.1, Max: 3805.1, Diff: 0.0]
   [Code Root Fixup: 0.0 ms]
   [Code Root Migration: 0.0 ms]
   [Clear CT: 0.1 ms]
   [Other: 0.5 ms]
      [Choose CSet: 0.0 ms]
      [Ref Proc: 0.1 ms]
      [Ref Enq: 0.0 ms]
      [Free CSet: 0.2 ms]
   [Eden: 124.0M(124.0M)->0.0B(115.0M) Survivors: 19.0M->18.0M Heap: 455.6M(512.0M)->361.1M(512.0M)]
 [Times: user=0.06 sys=0.00, real=0.03 secs] 
2014-07-10T12:28:10.636+0200: 3.811: [GC cleanup 374M->126M(512M), 0.0017323 secs]
 [Times: user=0.00 sys=0.00, real=0.00 secs] 
2014-07-10T12:28:10.637+0200: 3.813: [GC concurrent-cleanup-start]
2014-07-10T12:28:10.638+0200: 3.814: [GC concurrent-cleanup-end, 0.0008733 secs]
2014-07-10T12:28:10.691+0200: 3.866: [GC pause (G1 Evacuation Pause) (young), 0.0210949 secs]
   [Parallel Time: 20.1 ms, GC Workers: 2]
      [GC Worker Start (ms): Min: 3866.4, Avg: 3866.4, Max: 3866.4, Diff: 0.0]
      [Ext Root Scanning (ms): Min: 0.3, Avg: 0.3, Max: 0.3, Diff: 0.0, Sum: 0.7]
      [Update RS (ms): Min: 0.0, Avg: 0.0, Max: 0.1, Diff: 0.0, Sum: 0.1]
         [Processed Buffers: Min: 1, Avg: 1.5, Max: 2, Diff: 1, Sum: 3]
      [Scan RS (ms): Min: 0.2, Avg: 0.2, Max: 0.2, Diff: 0.0, Sum: 0.4]
      [Code Root Scanning (ms): Min: 0.1, Avg: 0.1, Max: 0.1, Diff: 0.0, Sum: 0.2]
      [Object Copy (ms): Min: 19.4, Avg: 19.4, Max: 19.4, Diff: 0.0, Sum: 38.8]
      [Termination (ms): Min: 0.0, Avg: 0.0, Max: 0.0, Diff: 0.0, Sum: 0.0]
      [GC Worker Other (ms): Min: 0.0, Avg: 0.0, Max: 0.0, Diff: 0.0, Sum: 0.1]
      [GC Worker Total (ms): Min: 20.1, Avg: 20.1, Max: 20.1, Diff: 0.0, Sum: 40.2]
      [GC Worker End (ms): Min: 3886.5, Avg: 3886.5, Max: 3886.5, Diff: 0.0]
   [Code Root Fixup: 0.0 ms]
   [Code Root Migration: 0.0 ms]
   [Clear CT: 0.1 ms]
   [Other: 0.8 ms]
      [Choose CSet: 0.0 ms]
      [Ref Proc: 0.5 ms]
      [Ref Enq: 0.0 ms]
      [Free CSet: 0.2 ms]
   [Eden: 115.0M(115.0M)->0.0B(133.0M) Survivors: 18.0M->17.0M Heap: 228.1M(512.0M)->126.3M(512.0M)]
 [Times: user=0.03 sys=0.00, real=0.02 secs] 
2014-07-10T12:28:10.807+0200: 3.983: [GC pause (G1 Evacuation Pause) (young), 0.0210322 secs]
   [Parallel Time: 20.2 ms, GC Workers: 2]
      [GC Worker Start (ms): Min: 3982.8, Avg: 3982.8, Max: 3982.8, Diff: 0.0]
      [Ext Root Scanning (ms): Min: 0.3, Avg: 0.3, Max: 0.3, Diff: 0.0, Sum: 0.5]
      [Update RS (ms): Min: 0.0, Avg: 0.0, Max: 0.0, Diff: 0.0, Sum: 0.1]
         [Processed Buffers: Min: 1, Avg: 1.5, Max: 2, Diff: 1, Sum: 3]
      [Scan RS (ms): Min: 0.2, Avg: 0.2, Max: 0.2, Diff: 0.0, Sum: 0.5]
      [Code Root Scanning (ms): Min: 0.1, Avg: 0.1, Max: 0.1, Diff: 0.0, Sum: 0.2]
      [Object Copy (ms): Min: 19.5, Avg: 19.5, Max: 19.5, Diff: 0.0, Sum: 39.0]
      [Termination (ms): Min: 0.0, Avg: 0.0, Max: 0.0, Diff: 0.0, Sum: 0.0]
      [GC Worker Other (ms): Min: 0.0, Avg: 0.0, Max: 0.0, Diff: 0.0, Sum: 0.1]
      [GC Worker Total (ms): Min: 20.2, Avg: 20.2, Max: 20.2, Diff: 0.0, Sum: 40.3]
      [GC Worker End (ms): Min: 4003.0, Avg: 4003.0, Max: 4003.0, Diff: 0.0]
   [Code Root Fixup: 0.0 ms]
   [Code Root Migration: 0.0 ms]
   [Clear CT: 0.3 ms]
   [Other: 0.5 ms]
      [Choose CSet: 0.0 ms]
      [Ref Proc: 0.1 ms]
      [Ref Enq: 0.0 ms]
      [Free CSet: 0.2 ms]
   [Eden: 133.0M(133.0M)->0.0B(129.0M) Survivors: 17.0M->19.0M Heap: 259.3M(512.0M)->141.5M(512.0M)]
 [Times: user=0.03 sys=0.00, real=0.02 secs] 
2014-07-10T12:28:10.975+0200: 4.150: [GC pause (G1 Evacuation Pause) (young), 0.0200412 secs]
   [Parallel Time: 19.4 ms, GC Workers: 2]
      [GC Worker Start (ms): Min: 4150.3, Avg: 4150.3, Max: 4150.3, Diff: 0.0]
      [Ext Root Scanning (ms): Min: 0.3, Avg: 0.3, Max: 0.3, Diff: 0.0, Sum: 0.6]
      [Update RS (ms): Min: 0.0, Avg: 0.0, Max: 0.0, Diff: 0.0, Sum: 0.1]
         [Processed Buffers: Min: 1, Avg: 1.5, Max: 2, Diff: 1, Sum: 3]
      [Scan RS (ms): Min: 0.2, Avg: 0.3, Max: 0.3, Diff: 0.0, Sum: 0.5]
      [Code Root Scanning (ms): Min: 0.1, Avg: 0.1, Max: 0.1, Diff: 0.0, Sum: 0.2]
      [Object Copy (ms): Min: 18.6, Avg: 18.6, Max: 18.6, Diff: 0.0, Sum: 37.2]
      [Termination (ms): Min: 0.0, Avg: 0.0, Max: 0.0, Diff: 0.0, Sum: 0.0]
      [GC Worker Other (ms): Min: 0.0, Avg: 0.0, Max: 0.0, Diff: 0.0, Sum: 0.1]
      [GC Worker Total (ms): Min: 19.4, Avg: 19.4, Max: 19.4, Diff: 0.0, Sum: 38.8]
      [GC Worker End (ms): Min: 4169.7, Avg: 4169.7, Max: 4169.7, Diff: 0.0]
   [Code Root Fixup: 0.0 ms]
   [Code Root Migration: 0.0 ms]
   [Clear CT: 0.1 ms]
   [Other: 0.5 ms]
      [Choose CSet: 0.0 ms]
      [Ref Proc: 0.1 ms]
      [Ref Enq: 0.0 ms]
      [Free CSet: 0.2 ms]
   [Eden: 129.0M(129.0M)->0.0B(116.0M) Survivors: 19.0M->19.0M Heap: 270.5M(512.0M)->151.5M(512.0M)]
 [Times: user=0.03 sys=0.00, real=0.02 secs] 
2014-07-10T12:28:11.050+0200: 4.226: [GC pause (G1 Evacuation Pause) (young), 0.0066143 secs]
   [Parallel Time: 6.1 ms, GC Workers: 2]
      [GC Worker Start (ms): Min: 4225.8, Avg: 4225.8, Max: 4225.8, Diff: 0.0]
      [Ext Root Scanning (ms): Min: 0.3, Avg: 0.3, Max: 0.3, Diff: 0.0, Sum: 0.7]
      [Update RS (ms): Min: 0.1, Avg: 0.1, Max: 0.1, Diff: 0.0, Sum: 0.1]
         [Processed Buffers: Min: 2, Avg: 2.0, Max: 2, Diff: 0, Sum: 4]
      [Scan RS (ms): Min: 0.2, Avg: 0.2, Max: 0.2, Diff: 0.0, Sum: 0.4]
      [Code Root Scanning (ms): Min: 0.1, Avg: 0.1, Max: 0.1, Diff: 0.0, Sum: 0.2]
      [Object Copy (ms): Min: 5.4, Avg: 5.4, Max: 5.4, Diff: 0.0, Sum: 10.8]
      [Termination (ms): Min: 0.0, Avg: 0.0, Max: 0.0, Diff: 0.0, Sum: 0.0]
      [GC Worker Other (ms): Min: 0.0, Avg: 0.0, Max: 0.0, Diff: 0.0, Sum: 0.1]
      [GC Worker Total (ms): Min: 6.1, Avg: 6.1, Max: 6.1, Diff: 0.0, Sum: 12.2]
      [GC Worker End (ms): Min: 4231.9, Avg: 4231.9, Max: 4231.9, Diff: 0.0]
   [Code Root Fixup: 0.0 ms]
   [Code Root Migration: 0.0 ms]
   [Clear CT: 0.1 ms]
   [Other: 0.3 ms]
      [Choose CSet: 0.0 ms]
      [Ref Proc: 0.1 ms]
      [Ref Enq: 0.0 ms]
      [Free CSet: 0.2 ms]
   [Eden: 116.0M(116.0M)->0.0B(139.0M) Survivors: 19.0M->8192.0K Heap: 267.5M(512.0M)->140.4M(512.0M)]
 [Times: user=0.00 sys=0.00, real=0.01 secs] 
2014-07-10T12:28:11.211+0200: 4.387: [GC pause (G1 Evacuation Pause) (young), 0.0059617 secs]
   [Parallel Time: 5.4 ms, GC Workers: 2]
      [GC Worker Start (ms): Min: 4387.1, Avg: 4387.1, Max: 4387.1, Diff: 0.0]
      [Ext Root Scanning (ms): Min: 0.4, Avg: 0.4, Max: 0.4, Diff: 0.0, Sum: 0.7]
      [Update RS (ms): Min: 0.1, Avg: 0.1, Max: 0.1, Diff: 0.0, Sum: 0.1]
         [Processed Buffers: Min: 1, Avg: 2.0, Max: 3, Diff: 2, Sum: 4]
      [Scan RS (ms): Min: 0.3, Avg: 0.3, Max: 0.4, Diff: 0.1, Sum: 0.7]
      [Code Root Scanning (ms): Min: 0.1, Avg: 0.2, Max: 0.3, Diff: 0.2, Sum: 0.4]
      [Object Copy (ms): Min: 4.3, Avg: 4.4, Max: 4.4, Diff: 0.1, Sum: 8.7]
      [Termination (ms): Min: 0.0, Avg: 0.0, Max: 0.0, Diff: 0.0, Sum: 0.0]
      [GC Worker Other (ms): Min: 0.0, Avg: 0.0, Max: 0.0, Diff: 0.0, Sum: 0.1]
      [GC Worker Total (ms): Min: 5.3, Avg: 5.3, Max: 5.3, Diff: 0.0, Sum: 10.7]
      [GC Worker End (ms): Min: 4392.4, Avg: 4392.4, Max: 4392.4, Diff: 0.0]
   [Code Root Fixup: 0.0 ms]
   [Code Root Migration: 0.0 ms]
   [Clear CT: 0.1 ms]
   [Other: 0.4 ms]
      [Choose CSet: 0.0 ms]
      [Ref Proc: 0.1 ms]
      [Ref Enq: 0.0 ms]
      [Free CSet: 0.2 ms]
   [Eden: 139.0M(139.0M)->0.0B(124.0M) Survivors: 8192.0K->7168.0K Heap: 279.4M(512.0M)->139.2M(512.0M)]
 [Times: user=0.00 sys=0.00, real=0.01 secs] 
2014-07-10T12:28:11.286+0200: 4.462: [GC pause (G1 Evacuation Pause) (young), 0.0408172 secs]
   [Parallel Time: 40.3 ms, GC Workers: 2]
      [GC Worker Start (ms): Min: 4461.8, Avg: 4461.8, Max: 4461.8, Diff: 0.0]
      [Ext Root Scanning (ms): Min: 0.3, Avg: 0.3, Max: 0.3, Diff: 0.0, Sum: 0.6]
      [Update RS (ms): Min: 0.0, Avg: 0.1, Max: 0.1, Diff: 0.0, Sum: 0.1]
         [Processed Buffers: Min: 1, Avg: 1.5, Max: 2, Diff: 1, Sum: 3]
      [Scan RS (ms): Min: 0.2, Avg: 0.2, Max: 0.2, Diff: 0.0, Sum: 0.4]
      [Code Root Scanning (ms): Min: 0.1, Avg: 0.1, Max: 0.1, Diff: 0.0, Sum: 0.2]
      [Object Copy (ms): Min: 39.5, Avg: 39.5, Max: 39.6, Diff: 0.0, Sum: 79.1]
      [Termination (ms): Min: 0.0, Avg: 0.0, Max: 0.0, Diff: 0.0, Sum: 0.0]
      [GC Worker Other (ms): Min: 0.0, Avg: 0.0, Max: 0.0, Diff: 0.0, Sum: 0.1]
      [GC Worker Total (ms): Min: 40.2, Avg: 40.2, Max: 40.2, Diff: 0.0, Sum: 80.5]
      [GC Worker End (ms): Min: 4502.1, Avg: 4502.1, Max: 4502.1, Diff: 0.0]
   [Code Root Fixup: 0.0 ms]
   [Code Root Migration: 0.0 ms]
   [Clear CT: 0.1 ms]
   [Other: 0.4 ms]
      [Choose CSet: 0.0 ms]
      [Ref Proc: 0.1 ms]
      [Ref Enq: 0.0 ms]
      [Free CSet: 0.2 ms]
   [Eden: 124.0M(124.0M)->0.0B(134.0M) Survivors: 7168.0K->17.0M Heap: 263.2M(512.0M)->197.2M(512.0M)]
 [Times: user=0.06 sys=0.00, real=0.04 secs] 
2014-07-10T12:28:11.456+0200: 4.631: [GC pause (G1 Evacuation Pause) (young), 0.0011270 secs]
   [Parallel Time: 0.7 ms, GC Workers: 2]
      [GC Worker Start (ms): Min: 4631.6, Avg: 4631.6, Max: 4631.6, Diff: 0.0]
      [Ext Root Scanning (ms): Min: 0.2, Avg: 0.2, Max: 0.2, Diff: 0.0, Sum: 0.4]
      [Update RS (ms): Min: 0.0, Avg: 0.0, Max: 0.0, Diff: 0.0, Sum: 0.1]
         [Processed Buffers: Min: 1, Avg: 1.5, Max: 2, Diff: 1, Sum: 3]
      [Scan RS (ms): Min: 0.2, Avg: 0.2, Max: 0.2, Diff: 0.0, Sum: 0.4]
      [Code Root Scanning (ms): Min: 0.1, Avg: 0.1, Max: 0.1, Diff: 0.0, Sum: 0.2]
      [Object Copy (ms): Min: 0.2, Avg: 0.2, Max: 0.2, Diff: 0.0, Sum: 0.3]
      [Termination (ms): Min: 0.0, Avg: 0.0, Max: 0.0, Diff: 0.0, Sum: 0.0]
      [GC Worker Other (ms): Min: 0.0, Avg: 0.0, Max: 0.0, Diff: 0.0, Sum: 0.0]
      [GC Worker Total (ms): Min: 0.7, Avg: 0.7, Max: 0.7, Diff: 0.0, Sum: 1.4]
      [GC Worker End (ms): Min: 4632.3, Avg: 4632.3, Max: 4632.3, Diff: 0.0]
   [Code Root Fixup: 0.0 ms]
   [Code Root Migration: 0.0 ms]
   [Clear CT: 0.1 ms]
   [Other: 0.3 ms]
      [Choose CSet: 0.0 ms]
      [Ref Proc: 0.1 ms]
      [Ref Enq: 0.0 ms]
      [Free CSet: 0.1 ms]
   [Eden: 134.0M(134.0M)->0.0B(123.0M) Survivors: 17.0M->1024.0K Heap: 331.2M(512.0M)->180.6M(512.0M)]
 [Times: user=0.00 sys=0.00, real=0.00 secs] 
2014-07-10T12:28:11.576+0200: 4.751: [GC pause (G1 Evacuation Pause) (young), 0.0293550 secs]
   [Parallel Time: 28.7 ms, GC Workers: 2]
      [GC Worker Start (ms): Min: 4751.4, Avg: 4751.4, Max: 4751.4, Diff: 0.0]
      [Ext Root Scanning (ms): Min: 0.3, Avg: 0.3, Max: 0.3, Diff: 0.0, Sum: 0.7]
      [Update RS (ms): Min: 0.0, Avg: 0.1, Max: 0.1, Diff: 0.0, Sum: 0.1]
         [Processed Buffers: Min: 2, Avg: 2.0, Max: 2, Diff: 0, Sum: 4]
      [Scan RS (ms): Min: 0.2, Avg: 0.2, Max: 0.2, Diff: 0.0, Sum: 0.4]
      [Code Root Scanning (ms): Min: 0.1, Avg: 0.1, Max: 0.1, Diff: 0.0, Sum: 0.2]
      [Object Copy (ms): Min: 28.0, Avg: 28.0, Max: 28.0, Diff: 0.0, Sum: 56.0]
      [Termination (ms): Min: 0.0, Avg: 0.0, Max: 0.0, Diff: 0.0, Sum: 0.0]
      [GC Worker Other (ms): Min: 0.0, Avg: 0.0, Max: 0.0, Diff: 0.0, Sum: 0.1]
      [GC Worker Total (ms): Min: 28.7, Avg: 28.7, Max: 28.7, Diff: 0.0, Sum: 57.4]
      [GC Worker End (ms): Min: 4780.1, Avg: 4780.1, Max: 4780.1, Diff: 0.0]
   [Code Root Fixup: 0.0 ms]
   [Code Root Migration: 0.0 ms]
   [Clear CT: 0.2 ms]
   [Other: 0.4 ms]
      [Choose CSet: 0.0 ms]
      [Ref Proc: 0.1 ms]
      [Ref Enq: 0.0 ms]
      [Free CSet: 0.2 ms]
   [Eden: 123.0M(123.0M)->0.0B(114.0M) Survivors: 1024.0K->16.0M Heap: 303.6M(512.0M)->225.4M(512.0M)]
 [Times: user=0.06 sys=0.00, real=0.03 secs] 
2014-07-10T12:28:11.668+0200: 4.844: [GC pause (G1 Evacuation Pause) (young), 0.0182448 secs]
   [Parallel Time: 17.7 ms, GC Workers: 2]
      [GC Worker Start (ms): Min: 4844.3, Avg: 4844.3, Max: 4844.3, Diff: 0.0]
      [Ext Root Scanning (ms): Min: 0.3, Avg: 0.3, Max: 0.3, Diff: 0.0, Sum: 0.7]
      [Update RS (ms): Min: 0.0, Avg: 0.0, Max: 0.0, Diff: 0.0, Sum: 0.1]
         [Processed Buffers: Min: 1, Avg: 1.5, Max: 2, Diff: 1, Sum: 3]
      [Scan RS (ms): Min: 0.2, Avg: 0.2, Max: 0.2, Diff: 0.0, Sum: 0.4]
      [Code Root Scanning (ms): Min: 0.1, Avg: 0.1, Max: 0.1, Diff: 0.0, Sum: 0.2]
      [Object Copy (ms): Min: 16.9, Avg: 17.0, Max: 17.0, Diff: 0.0, Sum: 33.9]
      [Termination (ms): Min: 0.0, Avg: 0.0, Max: 0.0, Diff: 0.0, Sum: 0.0]
      [GC Worker Other (ms): Min: 0.0, Avg: 0.0, Max: 0.0, Diff: 0.0, Sum: 0.1]
      [GC Worker Total (ms): Min: 17.7, Avg: 17.7, Max: 17.7, Diff: 0.0, Sum: 35.3]
      [GC Worker End (ms): Min: 4861.9, Avg: 4861.9, Max: 4861.9, Diff: 0.0]
   [Code Root Fixup: 0.0 ms]
   [Code Root Migration: 0.0 ms]
   [Clear CT: 0.1 ms]
   [Other: 0.4 ms]
      [Choose CSet: 0.0 ms]
      [Ref Proc: 0.1 ms]
      [Ref Enq: 0.0 ms]
      [Free CSet: 0.2 ms]
   [Eden: 114.0M(114.0M)->0.0B(128.0M) Survivors: 16.0M->17.0M Heap: 339.4M(512.0M)->236.5M(512.0M)]
 [Times: user=0.03 sys=0.00, real=0.02 secs] 
2014-07-10T12:28:11.818+0200: 4.994: [GC pause (G1 Evacuation Pause) (young), 0.0164384 secs]
   [Parallel Time: 15.7 ms, GC Workers: 2]
      [GC Worker Start (ms): Min: 4994.3, Avg: 4994.3, Max: 4994.3, Diff: 0.0]
      [Ext Root Scanning (ms): Min: 0.4, Avg: 0.4, Max: 0.4, Diff: 0.0, Sum: 0.7]
      [Update RS (ms): Min: 0.0, Avg: 0.0, Max: 0.0, Diff: 0.0, Sum: 0.1]
         [Processed Buffers: Min: 1, Avg: 1.5, Max: 2, Diff: 1, Sum: 3]
      [Scan RS (ms): Min: 0.3, Avg: 0.3, Max: 0.3, Diff: 0.0, Sum: 0.5]
      [Code Root Scanning (ms): Min: 0.1, Avg: 0.1, Max: 0.1, Diff: 0.0, Sum: 0.2]
      [Object Copy (ms): Min: 14.7, Avg: 14.7, Max: 14.7, Diff: 0.0, Sum: 29.4]
      [Termination (ms): Min: 0.0, Avg: 0.0, Max: 0.0, Diff: 0.0, Sum: 0.0]
      [GC Worker Other (ms): Min: 0.0, Avg: 0.1, Max: 0.2, Diff: 0.2, Sum: 0.3]
      [GC Worker Total (ms): Min: 15.6, Avg: 15.6, Max: 15.7, Diff: 0.2, Sum: 31.3]
      [GC Worker End (ms): Min: 5009.8, Avg: 5009.9, Max: 5010.0, Diff: 0.2]
   [Code Root Fixup: 0.0 ms]
   [Code Root Migration: 0.0 ms]
   [Clear CT: 0.2 ms]
   [Other: 0.5 ms]
      [Choose CSet: 0.0 ms]
      [Ref Proc: 0.1 ms]
      [Ref Enq: 0.0 ms]
      [Free CSet: 0.2 ms]
   [Eden: 128.0M(128.0M)->0.0B(116.0M) Survivors: 17.0M->19.0M Heap: 364.5M(512.0M)->242.4M(512.0M)]
 [Times: user=0.03 sys=0.00, real=0.02 secs] 
2014-07-10T12:28:11.961+0200: 5.136: [GC pause (G1 Evacuation Pause) (young), 0.0097599 secs]
   [Parallel Time: 8.5 ms, GC Workers: 2]
      [GC Worker Start (ms): Min: 5136.5, Avg: 5136.5, Max: 5136.5, Diff: 0.0]
      [Ext Root Scanning (ms): Min: 0.5, Avg: 0.5, Max: 0.5, Diff: 0.0, Sum: 1.1]
      [Update RS (ms): Min: 0.1, Avg: 0.1, Max: 0.1, Diff: 0.0, Sum: 0.1]
         [Processed Buffers: Min: 1, Avg: 1.5, Max: 2, Diff: 1, Sum: 3]
      [Scan RS (ms): Min: 0.3, Avg: 0.3, Max: 0.4, Diff: 0.0, Sum: 0.7]
      [Code Root Scanning (ms): Min: 0.1, Avg: 0.1, Max: 0.2, Diff: 0.0, Sum: 0.3]
      [Object Copy (ms): Min: 7.3, Avg: 7.3, Max: 7.3, Diff: 0.0, Sum: 14.6]
      [Termination (ms): Min: 0.0, Avg: 0.0, Max: 0.0, Diff: 0.0, Sum: 0.0]
      [GC Worker Other (ms): Min: 0.0, Avg: 0.1, Max: 0.1, Diff: 0.0, Sum: 0.1]
      [GC Worker Total (ms): Min: 8.4, Avg: 8.4, Max: 8.4, Diff: 0.0, Sum: 16.9]
      [GC Worker End (ms): Min: 5145.0, Avg: 5145.0, Max: 5145.0, Diff: 0.0]
   [Code Root Fixup: 0.0 ms]
   [Code Root Migration: 0.1 ms]
   [Clear CT: 0.2 ms]
   [Other: 1.0 ms]
      [Choose CSet: 0.0 ms]
      [Ref Proc: 0.4 ms]
      [Ref Enq: 0.0 ms]
      [Free CSet: 0.4 ms]
   [Eden: 116.0M(116.0M)->0.0B(107.0M) Survivors: 19.0M->7168.0K Heap: 358.4M(512.0M)->230.2M(512.0M)]
 [Times: user=0.03 sys=0.00, real=0.01 secs] 
2014-07-10T12:28:12.028+0200: 5.204: [GC pause (G1 Evacuation Pause) (young), 0.0300699 secs]
   [Parallel Time: 29.5 ms, GC Workers: 2]
      [GC Worker Start (ms): Min: 5204.2, Avg: 5204.2, Max: 5204.2, Diff: 0.0]
      [Ext Root Scanning (ms): Min: 0.3, Avg: 0.3, Max: 0.3, Diff: 0.0, Sum: 0.6]
      [Update RS (ms): Min: 0.0, Avg: 0.0, Max: 0.0, Diff: 0.0, Sum: 0.1]
         [Processed Buffers: Min: 1, Avg: 1.5, Max: 2, Diff: 1, Sum: 3]
      [Scan RS (ms): Min: 0.2, Avg: 0.2, Max: 0.2, Diff: 0.0, Sum: 0.3]
      [Code Root Scanning (ms): Min: 0.1, Avg: 0.1, Max: 0.1, Diff: 0.0, Sum: 0.2]
      [Object Copy (ms): Min: 28.8, Avg: 28.8, Max: 28.8, Diff: 0.0, Sum: 57.7]
      [Termination (ms): Min: 0.0, Avg: 0.0, Max: 0.0, Diff: 0.0, Sum: 0.0]
      [GC Worker Other (ms): Min: 0.0, Avg: 0.1, Max: 0.1, Diff: 0.0, Sum: 0.1]
      [GC Worker Total (ms): Min: 29.4, Avg: 29.5, Max: 29.5, Diff: 0.0, Sum: 58.9]
      [GC Worker End (ms): Min: 5233.7, Avg: 5233.7, Max: 5233.7, Diff: 0.0]
   [Code Root Fixup: 0.0 ms]
   [Code Root Migration: 0.0 ms]
   [Clear CT: 0.1 ms]
   [Other: 0.4 ms]
      [Choose CSet: 0.0 ms]
      [Ref Proc: 0.1 ms]
      [Ref Enq: 0.0 ms]
      [Free CSet: 0.2 ms]
   [Eden: 107.0M(107.0M)->0.0B(125.0M) Survivors: 7168.0K->15.0M Heap: 337.2M(512.0M)->271.2M(512.0M)]
 [Times: user=0.05 sys=0.00, real=0.03 secs] 
2014-07-10T12:28:12.179+0200: 5.355: [GC pause (G1 Evacuation Pause) (young) (initial-mark), 0.0227539 secs]
   [Parallel Time: 21.8 ms, GC Workers: 2]
      [GC Worker Start (ms): Min: 5355.2, Avg: 5355.3, Max: 5355.4, Diff: 0.3]
      [Ext Root Scanning (ms): Min: 0.5, Avg: 0.6, Max: 0.8, Diff: 0.3, Sum: 1.3]
      [Code Root Marking (ms): Min: 0.1, Avg: 0.1, Max: 0.1, Diff: 0.0, Sum: 0.2]
      [Update RS (ms): Min: 0.1, Avg: 0.1, Max: 0.1, Diff: 0.0, Sum: 0.1]
         [Processed Buffers: Min: 2, Avg: 2.0, Max: 2, Diff: 0, Sum: 4]
      [Scan RS (ms): Min: 0.4, Avg: 0.5, Max: 0.5, Diff: 0.0, Sum: 0.9]
      [Code Root Scanning (ms): Min: 0.1, Avg: 0.1, Max: 0.2, Diff: 0.1, Sum: 0.3]
      [Object Copy (ms): Min: 19.9, Avg: 19.9, Max: 19.9, Diff: 0.0, Sum: 39.8]
      [Termination (ms): Min: 0.0, Avg: 0.0, Max: 0.0, Diff: 0.0, Sum: 0.0]
      [GC Worker Other (ms): Min: 0.0, Avg: 0.0, Max: 0.0, Diff: 0.0, Sum: 0.1]
      [GC Worker Total (ms): Min: 21.2, Avg: 21.3, Max: 21.5, Diff: 0.3, Sum: 42.7]
      [GC Worker End (ms): Min: 5376.6, Avg: 5376.6, Max: 5376.6, Diff: 0.0]
   [Code Root Fixup: 0.0 ms]
   [Code Root Migration: 0.0 ms]
   [Clear CT: 0.1 ms]
   [Other: 0.9 ms]
      [Choose CSet: 0.0 ms]
      [Ref Proc: 0.3 ms]
      [Ref Enq: 0.0 ms]
      [Free CSet: 0.2 ms]
   [Eden: 125.0M(125.0M)->0.0B(116.0M) Survivors: 15.0M->18.0M Heap: 396.2M(512.0M)->284.7M(512.0M)]
 [Times: user=0.05 sys=0.00, real=0.02 secs] 
2014-07-10T12:28:12.202+0200: 5.378: [GC concurrent-root-region-scan-start]
2014-07-10T12:28:12.202+0200: 5.378: [GC concurrent-root-region-scan-end, 0.0002794 secs]
2014-07-10T12:28:12.202+0200: 5.378: [GC concurrent-mark-start]
2014-07-10T12:28:12.262+0200: 5.437: [GC pause (G1 Evacuation Pause) (young), 0.0092412 secs]
   [Parallel Time: 8.7 ms, GC Workers: 2]
      [GC Worker Start (ms): Min: 5437.5, Avg: 5437.5, Max: 5437.5, Diff: 0.0]
      [Ext Root Scanning (ms): Min: 0.3, Avg: 0.3, Max: 0.3, Diff: 0.0, Sum: 0.7]
      [SATB Filtering (ms): Min: 0.0, Avg: 0.0, Max: 0.0, Diff: 0.0, Sum: 0.0]
      [Update RS (ms): Min: 0.0, Avg: 0.1, Max: 0.1, Diff: 0.0, Sum: 0.1]
         [Processed Buffers: Min: 1, Avg: 1.5, Max: 2, Diff: 1, Sum: 3]
      [Scan RS (ms): Min: 0.2, Avg: 0.2, Max: 0.2, Diff: 0.0, Sum: 0.4]
      [Code Root Scanning (ms): Min: 0.1, Avg: 0.1, Max: 0.1, Diff: 0.0, Sum: 0.2]
      [Object Copy (ms): Min: 7.9, Avg: 7.9, Max: 7.9, Diff: 0.0, Sum: 15.9]
      [Termination (ms): Min: 0.0, Avg: 0.0, Max: 0.0, Diff: 0.0, Sum: 0.0]
      [GC Worker Other (ms): Min: 0.0, Avg: 0.0, Max: 0.0, Diff: 0.0, Sum: 0.1]
      [GC Worker Total (ms): Min: 8.7, Avg: 8.7, Max: 8.7, Diff: 0.0, Sum: 17.3]
      [GC Worker End (ms): Min: 5446.1, Avg: 5446.1, Max: 5446.1, Diff: 0.0]
   [Code Root Fixup: 0.0 ms]
   [Code Root Migration: 0.0 ms]
   [Clear CT: 0.1 ms]
   [Other: 0.4 ms]
      [Choose CSet: 0.0 ms]
      [Ref Proc: 0.1 ms]
      [Ref Enq: 0.0 ms]
      [Free CSet: 0.2 ms]
   [Eden: 116.0M(116.0M)->0.0B(133.0M) Survivors: 18.0M->13.0M Heap: 400.7M(512.0M)->279.0M(512.0M)]
 [Times: user=0.03 sys=0.00, real=0.01 secs] 
2014-07-10T12:28:12.281+0200: 5.456: [GC concurrent-mark-end, 0.0047724 secs]
2014-07-10T12:28:12.281+0200: 5.457: [GC remark 5.457: [GC ref-proc, 0.0000693 secs], 0.0014463 secs]
 [Times: user=0.00 sys=0.00, real=0.00 secs] 
2014-07-10T12:28:12.367+0200: 5.543: [GC cleanup 346M->117M(512M), 0.0025118 secs]
 [Times: user=0.00 sys=0.00, real=0.00 secs] 
2014-07-10T12:28:12.370+0200: 5.546: [GC concurrent-cleanup-start]
2014-07-10T12:28:12.370+0200: 5.546: [GC concurrent-cleanup-end, 0.0004872 secs]
2014-07-10T12:28:12.407+0200: 5.582: [GC pause (G1 Evacuation Pause) (young), 0.0093922 secs]
   [Parallel Time: 8.8 ms, GC Workers: 2]
      [GC Worker Start (ms): Min: 5582.4, Avg: 5582.4, Max: 5582.4, Diff: 0.0]
      [Ext Root Scanning (ms): Min: 0.3, Avg: 0.3, Max: 0.3, Diff: 0.0, Sum: 0.6]
      [Update RS (ms): Min: 0.0, Avg: 0.0, Max: 0.1, Diff: 0.0, Sum: 0.1]
         [Processed Buffers: Min: 1, Avg: 1.5, Max: 2, Diff: 1, Sum: 3]
      [Scan RS (ms): Min: 0.2, Avg: 0.2, Max: 0.2, Diff: 0.0, Sum: 0.4]
      [Code Root Scanning (ms): Min: 0.1, Avg: 0.1, Max: 0.1, Diff: 0.0, Sum: 0.2]
      [Object Copy (ms): Min: 8.1, Avg: 8.1, Max: 8.1, Diff: 0.0, Sum: 16.1]
      [Termination (ms): Min: 0.0, Avg: 0.0, Max: 0.0, Diff: 0.0, Sum: 0.0]
      [GC Worker Other (ms): Min: 0.0, Avg: 0.0, Max: 0.0, Diff: 0.0, Sum: 0.1]
      [GC Worker Total (ms): Min: 8.7, Avg: 8.7, Max: 8.7, Diff: 0.0, Sum: 17.5]
      [GC Worker End (ms): Min: 5591.2, Avg: 5591.2, Max: 5591.2, Diff: 0.0]
   [Code Root Fixup: 0.0 ms]
   [Code Root Migration: 0.0 ms]
   [Clear CT: 0.1 ms]
   [Other: 0.5 ms]
      [Choose CSet: 0.0 ms]
      [Ref Proc: 0.1 ms]
      [Ref Enq: 0.0 ms]
      [Free CSet: 0.2 ms]
   [Eden: 133.0M(133.0M)->0.0B(121.0M) Survivors: 13.0M->14.0M Heap: 183.0M(512.0M)->50.9M(512.0M)]
 [Times: user=0.00 sys=0.00, real=0.01 secs] 
2014-07-10T12:28:12.488+0200: 5.664: [GC pause (G1 Evacuation Pause) (young), 0.0021550 secs]
   [Parallel Time: 1.7 ms, GC Workers: 2]
      [GC Worker Start (ms): Min: 5663.7, Avg: 5663.7, Max: 5663.7, Diff: 0.0]
      [Ext Root Scanning (ms): Min: 0.3, Avg: 0.3, Max: 0.3, Diff: 0.0, Sum: 0.7]
      [Update RS (ms): Min: 0.0, Avg: 0.0, Max: 0.1, Diff: 0.0, Sum: 0.1]
         [Processed Buffers: Min: 1, Avg: 1.5, Max: 2, Diff: 1, Sum: 3]
      [Scan RS (ms): Min: 0.2, Avg: 0.2, Max: 0.2, Diff: 0.0, Sum: 0.4]
      [Code Root Scanning (ms): Min: 0.1, Avg: 0.1, Max: 0.1, Diff: 0.0, Sum: 0.2]
      [Object Copy (ms): Min: 1.0, Avg: 1.0, Max: 1.0, Diff: 0.0, Sum: 2.0]
      [Termination (ms): Min: 0.0, Avg: 0.0, Max: 0.0, Diff: 0.0, Sum: 0.0]
      [GC Worker Other (ms): Min: 0.0, Avg: 0.0, Max: 0.0, Diff: 0.0, Sum: 0.1]
      [GC Worker Total (ms): Min: 1.7, Avg: 1.7, Max: 1.7, Diff: 0.0, Sum: 3.4]
      [GC Worker End (ms): Min: 5665.5, Avg: 5665.5, Max: 5665.5, Diff: 0.0]
   [Code Root Fixup: 0.0 ms]
   [Code Root Migration: 0.0 ms]
   [Clear CT: 0.1 ms]
   [Other: 0.3 ms]
      [Choose CSet: 0.0 ms]
      [Ref Proc: 0.0 ms]
      [Ref Enq: 0.0 ms]
      [Free CSet: 0.2 ms]
   [Eden: 121.0M(121.0M)->0.0B(304.0M) Survivors: 14.0M->3072.0K Heap: 171.9M(512.0M)->39.9M(512.0M)]
 [Times: user=0.00 sys=0.00, real=0.00 secs] 
2014-07-10T12:28:12.806+0200: 5.982: [GC pause (G1 Evacuation Pause) (young), 0.0224316 secs]
   [Parallel Time: 21.5 ms, GC Workers: 2]
      [GC Worker Start (ms): Min: 5981.7, Avg: 5981.7, Max: 5981.8, Diff: 0.0]
      [Ext Root Scanning (ms): Min: 0.3, Avg: 0.3, Max: 0.3, Diff: 0.0, Sum: 0.6]
      [Update RS (ms): Min: 0.0, Avg: 0.0, Max: 0.0, Diff: 0.0, Sum: 0.1]
         [Processed Buffers: Min: 2, Avg: 2.0, Max: 2, Diff: 0, Sum: 4]
      [Scan RS (ms): Min: 0.4, Avg: 0.4, Max: 0.4, Diff: 0.0, Sum: 0.9]
      [Code Root Scanning (ms): Min: 0.2, Avg: 0.2, Max: 0.2, Diff: 0.0, Sum: 0.4]
      [Object Copy (ms): Min: 20.4, Avg: 20.4, Max: 20.4, Diff: 0.0, Sum: 40.7]
      [Termination (ms): Min: 0.0, Avg: 0.0, Max: 0.0, Diff: 0.0, Sum: 0.0]
      [GC Worker Other (ms): Min: 0.0, Avg: 0.1, Max: 0.1, Diff: 0.1, Sum: 0.1]
      [GC Worker Total (ms): Min: 21.4, Avg: 21.4, Max: 21.5, Diff: 0.1, Sum: 42.9]
      [GC Worker End (ms): Min: 6003.2, Avg: 6003.2, Max: 6003.2, Diff: 0.0]
   [Code Root Fixup: 0.0 ms]
   [Code Root Migration: 0.1 ms]
   [Clear CT: 0.2 ms]
   [Other: 0.7 ms]
      [Choose CSet: 0.0 ms]
      [Ref Proc: 0.1 ms]
      [Ref Enq: 0.0 ms]
      [Free CSet: 0.4 ms]
   [Eden: 304.0M(304.0M)->0.0B(194.0M) Survivors: 3072.0K->34.0M Heap: 343.9M(512.0M)->71.5M(512.0M)]
 [Times: user=0.06 sys=0.00, real=0.02 secs] 
2014-07-10T12:28:13.012+0200: 6.188: [GC pause (G1 Evacuation Pause) (young), 0.0149587 secs]
   [Parallel Time: 14.1 ms, GC Workers: 2]
      [GC Worker Start (ms): Min: 6188.1, Avg: 6188.1, Max: 6188.1, Diff: 0.0]
      [Ext Root Scanning (ms): Min: 0.4, Avg: 0.5, Max: 0.6, Diff: 0.2, Sum: 0.9]
      [Update RS (ms): Min: 0.0, Avg: 0.1, Max: 0.1, Diff: 0.1, Sum: 0.1]
         [Processed Buffers: Min: 0, Avg: 2.0, Max: 4, Diff: 4, Sum: 4]
      [Scan RS (ms): Min: 1.0, Avg: 1.2, Max: 1.4, Diff: 0.4, Sum: 2.4]
      [Code Root Scanning (ms): Min: 0.1, Avg: 0.2, Max: 0.2, Diff: 0.2, Sum: 0.3]
      [Object Copy (ms): Min: 12.0, Avg: 12.1, Max: 12.3, Diff: 0.4, Sum: 24.3]
      [Termination (ms): Min: 0.0, Avg: 0.0, Max: 0.0, Diff: 0.0, Sum: 0.0]
      [GC Worker Other (ms): Min: 0.0, Avg: 0.0, Max: 0.0, Diff: 0.0, Sum: 0.1]
      [GC Worker Total (ms): Min: 14.0, Avg: 14.1, Max: 14.1, Diff: 0.0, Sum: 28.1]
      [GC Worker End (ms): Min: 6202.1, Avg: 6202.1, Max: 6202.1, Diff: 0.0]
   [Code Root Fixup: 0.0 ms]
   [Code Root Migration: 0.0 ms]
   [Clear CT: 0.2 ms]
   [Other: 0.7 ms]
      [Choose CSet: 0.0 ms]
      [Ref Proc: 0.2 ms]
      [Ref Enq: 0.0 ms]
      [Free CSet: 0.3 ms]
   [Eden: 194.0M(194.0M)->0.0B(286.0M) Survivors: 34.0M->21.0M Heap: 265.5M(512.0M)->58.3M(512.0M)]
 [Times: user=0.03 sys=0.00, real=0.01 secs] 
2014-07-10T12:28:13.271+0200: 6.447: [GC pause (G1 Evacuation Pause) (young), 0.0232532 secs]
   [Parallel Time: 22.0 ms, GC Workers: 2]
      [GC Worker Start (ms): Min: 6447.1, Avg: 6447.1, Max: 6447.1, Diff: 0.0]
      [Ext Root Scanning (ms): Min: 0.3, Avg: 0.3, Max: 0.3, Diff: 0.0, Sum: 0.6]
      [Update RS (ms): Min: 0.0, Avg: 0.0, Max: 0.1, Diff: 0.0, Sum: 0.1]
         [Processed Buffers: Min: 1, Avg: 1.0, Max: 1, Diff: 0, Sum: 2]
      [Scan RS (ms): Min: 0.4, Avg: 0.4, Max: 0.4, Diff: 0.0, Sum: 0.9]
      [Code Root Scanning (ms): Min: 0.2, Avg: 0.2, Max: 0.2, Diff: 0.0, Sum: 0.4]
      [Object Copy (ms): Min: 20.9, Avg: 21.0, Max: 21.0, Diff: 0.0, Sum: 41.9]
      [Termination (ms): Min: 0.0, Avg: 0.0, Max: 0.0, Diff: 0.0, Sum: 0.0]
      [GC Worker Other (ms): Min: 0.0, Avg: 0.0, Max: 0.0, Diff: 0.0, Sum: 0.1]
      [GC Worker Total (ms): Min: 22.0, Avg: 22.0, Max: 22.0, Diff: 0.0, Sum: 44.0]
      [GC Worker End (ms): Min: 6469.1, Avg: 6469.1, Max: 6469.1, Diff: 0.0]
   [Code Root Fixup: 0.0 ms]
   [Code Root Migration: 0.1 ms]
   [Clear CT: 0.4 ms]
   [Other: 0.7 ms]
      [Choose CSet: 0.0 ms]
      [Ref Proc: 0.1 ms]
      [Ref Enq: 0.0 ms]
      [Free CSet: 0.4 ms]
   [Eden: 286.0M(286.0M)->0.0B(107.0M) Survivors: 21.0M->35.0M Heap: 344.3M(512.0M)->72.0M(512.0M)]
 [Times: user=0.05 sys=0.00, real=0.02 secs] 
2014-07-10T12:28:13.391+0200: 6.567: [GC pause (G1 Evacuation Pause) (young), 0.0072196 secs]
   [Parallel Time: 6.5 ms, GC Workers: 2]
      [GC Worker Start (ms): Min: 6567.4, Avg: 6567.4, Max: 6567.4, Diff: 0.0]
      [Ext Root Scanning (ms): Min: 0.3, Avg: 0.3, Max: 0.3, Diff: 0.0, Sum: 0.5]
      [Update RS (ms): Min: 0.0, Avg: 0.0, Max: 0.1, Diff: 0.1, Sum: 0.1]
         [Processed Buffers: Min: 1, Avg: 1.0, Max: 1, Diff: 0, Sum: 2]
      [Scan RS (ms): Min: 0.2, Avg: 0.2, Max: 0.2, Diff: 0.0, Sum: 0.4]
      [Code Root Scanning (ms): Min: 0.1, Avg: 0.1, Max: 0.1, Diff: 0.0, Sum: 0.2]
      [Object Copy (ms): Min: 5.9, Avg: 5.9, Max: 5.9, Diff: 0.0, Sum: 11.7]
      [Termination (ms): Min: 0.0, Avg: 0.0, Max: 0.0, Diff: 0.0, Sum: 0.0]
      [GC Worker Other (ms): Min: 0.0, Avg: 0.0, Max: 0.0, Diff: 0.0, Sum: 0.1]
      [GC Worker Total (ms): Min: 6.5, Avg: 6.5, Max: 6.5, Diff: 0.0, Sum: 13.0]
      [GC Worker End (ms): Min: 6573.9, Avg: 6573.9, Max: 6573.9, Diff: 0.0]
   [Code Root Fixup: 0.0 ms]
   [Code Root Migration: 0.0 ms]
   [Clear CT: 0.1 ms]
   [Other: 0.6 ms]
      [Choose CSet: 0.0 ms]
      [Ref Proc: 0.2 ms]
      [Ref Enq: 0.0 ms]
      [Free CSet: 0.2 ms]
   [Eden: 107.0M(107.0M)->0.0B(297.0M) Survivors: 35.0M->10.0M Heap: 179.0M(512.0M)->46.9M(512.0M)]
 [Times: user=0.00 sys=0.00, real=0.01 secs] 
2014-07-10T12:28:13.674+0200: 6.850: [GC pause (G1 Evacuation Pause) (young), 0.0225801 secs]
   [Parallel Time: 21.5 ms, GC Workers: 2]
      [GC Worker Start (ms): Min: 6850.1, Avg: 6850.1, Max: 6850.1, Diff: 0.0]
      [Ext Root Scanning (ms): Min: 0.3, Avg: 0.3, Max: 0.3, Diff: 0.0, Sum: 0.6]
      [Update RS (ms): Min: 0.0, Avg: 0.0, Max: 0.0, Diff: 0.0, Sum: 0.1]
         [Processed Buffers: Min: 1, Avg: 1.5, Max: 2, Diff: 1, Sum: 3]
      [Scan RS (ms): Min: 0.4, Avg: 0.4, Max: 0.4, Diff: 0.0, Sum: 0.8]
      [Code Root Scanning (ms): Min: 0.2, Avg: 0.2, Max: 0.2, Diff: 0.0, Sum: 0.4]
      [Object Copy (ms): Min: 20.4, Avg: 20.4, Max: 20.4, Diff: 0.0, Sum: 40.7]
      [Termination (ms): Min: 0.0, Avg: 0.0, Max: 0.0, Diff: 0.0, Sum: 0.0]
      [GC Worker Other (ms): Min: 0.0, Avg: 0.0, Max: 0.0, Diff: 0.0, Sum: 0.1]
      [GC Worker Total (ms): Min: 21.4, Avg: 21.4, Max: 21.4, Diff: 0.0, Sum: 42.8]
      [GC Worker End (ms): Min: 6871.5, Avg: 6871.5, Max: 6871.5, Diff: 0.0]
   [Code Root Fixup: 0.0 ms]
   [Code Root Migration: 0.1 ms]
   [Clear CT: 0.2 ms]
   [Other: 0.8 ms]
      [Choose CSet: 0.0 ms]
      [Ref Proc: 0.2 ms]
      [Ref Enq: 0.0 ms]
      [Free CSet: 0.5 ms]
   [Eden: 297.0M(297.0M)->0.0B(99.0M) Survivors: 10.0M->34.0M Heap: 343.9M(512.0M)->71.6M(512.0M)]
 [Times: user=0.03 sys=0.00, real=0.02 secs] 
2014-07-10T12:28:13.800+0200: 6.976: [GC pause (G1 Evacuation Pause) (young), 0.0015017 secs]
   [Parallel Time: 1.0 ms, GC Workers: 2]
      [GC Worker Start (ms): Min: 6975.8, Avg: 6975.9, Max: 6975.9, Diff: 0.0]
      [Ext Root Scanning (ms): Min: 0.3, Avg: 0.3, Max: 0.3, Diff: 0.0, Sum: 0.6]
      [Update RS (ms): Min: 0.0, Avg: 0.0, Max: 0.0, Diff: 0.0, Sum: 0.1]
         [Processed Buffers: Min: 1, Avg: 1.5, Max: 2, Diff: 1, Sum: 3]
      [Scan RS (ms): Min: 0.2, Avg: 0.2, Max: 0.2, Diff: 0.0, Sum: 0.4]
      [Code Root Scanning (ms): Min: 0.1, Avg: 0.1, Max: 0.1, Diff: 0.0, Sum: 0.2]
      [Object Copy (ms): Min: 0.3, Avg: 0.3, Max: 0.3, Diff: 0.0, Sum: 0.6]
      [Termination (ms): Min: 0.0, Avg: 0.0, Max: 0.0, Diff: 0.0, Sum: 0.0]
      [GC Worker Other (ms): Min: 0.0, Avg: 0.0, Max: 0.0, Diff: 0.0, Sum: 0.1]
      [GC Worker Total (ms): Min: 1.0, Avg: 1.0, Max: 1.0, Diff: 0.0, Sum: 1.9]
      [GC Worker End (ms): Min: 6976.8, Avg: 6976.8, Max: 6976.8, Diff: 0.0]
   [Code Root Fixup: 0.0 ms]
   [Code Root Migration: 0.0 ms]
   [Clear CT: 0.1 ms]
   [Other: 0.4 ms]
      [Choose CSet: 0.0 ms]
      [Ref Proc: 0.1 ms]
      [Ref Enq: 0.0 ms]
      [Free CSet: 0.2 ms]
   [Eden: 99.0M(99.0M)->0.0B(306.0M) Survivors: 34.0M->1024.0K Heap: 170.6M(512.0M)->38.5M(512.0M)]
 [Times: user=0.00 sys=0.00, real=0.00 secs] 
2014-07-10T12:28:14.071+0200: 7.246: [GC pause (G1 Evacuation Pause) (young), 0.0206033 secs]
   [Parallel Time: 19.4 ms, GC Workers: 2]
      [GC Worker Start (ms): Min: 7246.2, Avg: 7246.2, Max: 7246.2, Diff: 0.0]
      [Ext Root Scanning (ms): Min: 0.3, Avg: 0.3, Max: 0.3, Diff: 0.0, Sum: 0.6]
      [Update RS (ms): Min: 0.0, Avg: 0.0, Max: 0.0, Diff: 0.0, Sum: 0.1]
         [Processed Buffers: Min: 2, Avg: 2.0, Max: 2, Diff: 0, Sum: 4]
      [Scan RS (ms): Min: 0.4, Avg: 0.4, Max: 0.4, Diff: 0.0, Sum: 0.8]
      [Code Root Scanning (ms): Min: 0.2, Avg: 0.2, Max: 0.2, Diff: 0.0, Sum: 0.4]
      [Object Copy (ms): Min: 18.4, Avg: 18.4, Max: 18.4, Diff: 0.0, Sum: 36.8]
      [Termination (ms): Min: 0.0, Avg: 0.0, Max: 0.0, Diff: 0.0, Sum: 0.0]
      [GC Worker Other (ms): Min: 0.0, Avg: 0.0, Max: 0.0, Diff: 0.0, Sum: 0.1]
      [GC Worker Total (ms): Min: 19.4, Avg: 19.4, Max: 19.4, Diff: 0.0, Sum: 38.8]
      [GC Worker End (ms): Min: 7265.6, Avg: 7265.6, Max: 7265.6, Diff: 0.0]
   [Code Root Fixup: 0.0 ms]
   [Code Root Migration: 0.1 ms]
   [Clear CT: 0.3 ms]
   [Other: 0.8 ms]
      [Choose CSet: 0.0 ms]
      [Ref Proc: 0.2 ms]
      [Ref Enq: 0.0 ms]
      [Free CSet: 0.4 ms]
   [Eden: 306.0M(306.0M)->0.0B(276.0M) Survivors: 1024.0K->31.0M Heap: 344.5M(512.0M)->68.2M(512.0M)]
 [Times: user=0.06 sys=0.00, real=0.02 secs] 
2014-07-10T12:28:14.377+0200: 7.552: [GC pause (G1 Evacuation Pause) (young), 0.0284010 secs]
   [Parallel Time: 27.2 ms, GC Workers: 2]
      [GC Worker Start (ms): Min: 7551.9, Avg: 7551.9, Max: 7551.9, Diff: 0.0]
      [Ext Root Scanning (ms): Min: 0.3, Avg: 0.3, Max: 0.3, Diff: 0.0, Sum: 0.6]
      [Update RS (ms): Min: 0.0, Avg: 0.0, Max: 0.0, Diff: 0.0, Sum: 0.1]
         [Processed Buffers: Min: 1, Avg: 2.0, Max: 3, Diff: 2, Sum: 4]
      [Scan RS (ms): Min: 0.5, Avg: 0.5, Max: 0.5, Diff: 0.0, Sum: 1.0]
      [Code Root Scanning (ms): Min: 0.2, Avg: 0.2, Max: 0.2, Diff: 0.0, Sum: 0.4]
      [Object Copy (ms): Min: 26.1, Avg: 26.1, Max: 26.1, Diff: 0.0, Sum: 52.3]
      [Termination (ms): Min: 0.0, Avg: 0.0, Max: 0.0, Diff: 0.0, Sum: 0.0]
      [GC Worker Other (ms): Min: 0.0, Avg: 0.0, Max: 0.0, Diff: 0.0, Sum: 0.1]
      [GC Worker Total (ms): Min: 27.2, Avg: 27.2, Max: 27.2, Diff: 0.0, Sum: 54.4]
      [GC Worker End (ms): Min: 7579.1, Avg: 7579.1, Max: 7579.1, Diff: 0.0]
   [Code Root Fixup: 0.0 ms]
   [Code Root Migration: 0.1 ms]
   [Clear CT: 0.2 ms]
   [Other: 0.9 ms]
      [Choose CSet: 0.0 ms]
      [Ref Proc: 0.3 ms]
      [Ref Enq: 0.0 ms]
      [Free CSet: 0.4 ms]
   [Eden: 276.0M(276.0M)->0.0B(91.0M) Survivors: 31.0M->39.0M Heap: 344.2M(512.0M)->80.0M(512.0M)]
 [Times: user=0.06 sys=0.00, real=0.03 secs] 
2014-07-10T12:28:14.456+0200: 7.631: [GC pause (G1 Evacuation Pause) (young), 0.0014122 secs]
   [Parallel Time: 1.0 ms, GC Workers: 2]
      [GC Worker Start (ms): Min: 7631.0, Avg: 7631.0, Max: 7631.0, Diff: 0.0]
      [Ext Root Scanning (ms): Min: 0.3, Avg: 0.3, Max: 0.3, Diff: 0.0, Sum: 0.6]
      [Update RS (ms): Min: 0.0, Avg: 0.0, Max: 0.0, Diff: 0.0, Sum: 0.1]
         [Processed Buffers: Min: 1, Avg: 1.5, Max: 2, Diff: 1, Sum: 3]
      [Scan RS (ms): Min: 0.2, Avg: 0.2, Max: 0.2, Diff: 0.0, Sum: 0.4]
      [Code Root Scanning (ms): Min: 0.1, Avg: 0.1, Max: 0.1, Diff: 0.0, Sum: 0.2]
      [Object Copy (ms): Min: 0.3, Avg: 0.3, Max: 0.4, Diff: 0.0, Sum: 0.7]
      [Termination (ms): Min: 0.0, Avg: 0.0, Max: 0.0, Diff: 0.0, Sum: 0.0]
      [GC Worker Other (ms): Min: 0.0, Avg: 0.0, Max: 0.0, Diff: 0.0, Sum: 0.0]
      [GC Worker Total (ms): Min: 1.0, Avg: 1.0, Max: 1.0, Diff: 0.0, Sum: 2.0]
      [GC Worker End (ms): Min: 7632.0, Avg: 7632.0, Max: 7632.0, Diff: 0.0]
   [Code Root Fixup: 0.0 ms]
   [Code Root Migration: 0.0 ms]
   [Clear CT: 0.1 ms]
   [Other: 0.3 ms]
      [Choose CSet: 0.0 ms]
      [Ref Proc: 0.1 ms]
      [Ref Enq: 0.0 ms]
      [Free CSet: 0.1 ms]
   [Eden: 91.0M(91.0M)->0.0B(306.0M) Survivors: 39.0M->1024.0K Heap: 171.0M(512.0M)->41.9M(512.0M)]
 [Times: user=0.00 sys=0.00, real=0.00 secs] 
2014-07-10T12:28:14.771+0200: 7.946: [GC pause (G1 Evacuation Pause) (young), 0.0212826 secs]
   [Parallel Time: 20.4 ms, GC Workers: 2]
      [GC Worker Start (ms): Min: 7945.6, Avg: 7945.6, Max: 7945.6, Diff: 0.0]
      [Ext Root Scanning (ms): Min: 0.3, Avg: 0.3, Max: 0.3, Diff: 0.0, Sum: 0.6]
      [Update RS (ms): Min: 0.0, Avg: 0.0, Max: 0.1, Diff: 0.0, Sum: 0.1]
         [Processed Buffers: Min: 2, Avg: 2.0, Max: 2, Diff: 0, Sum: 4]
      [Scan RS (ms): Min: 0.4, Avg: 0.4, Max: 0.4, Diff: 0.0, Sum: 0.9]
      [Code Root Scanning (ms): Min: 0.2, Avg: 0.2, Max: 0.2, Diff: 0.0, Sum: 0.4]
      [Object Copy (ms): Min: 18.7, Avg: 18.8, Max: 18.9, Diff: 0.2, Sum: 37.6]
      [Termination (ms): Min: 0.0, Avg: 0.3, Max: 0.7, Diff: 0.7, Sum: 0.7]
      [GC Worker Other (ms): Min: 0.0, Avg: 0.0, Max: 0.0, Diff: 0.0, Sum: 0.1]
      [GC Worker Total (ms): Min: 19.9, Avg: 20.2, Max: 20.4, Diff: 0.5, Sum: 40.3]
      [GC Worker End (ms): Min: 7965.6, Avg: 7965.8, Max: 7966.0, Diff: 0.5]
   [Code Root Fixup: 0.0 ms]
   [Code Root Migration: 0.1 ms]
   [Clear CT: 0.2 ms]
   [Other: 0.6 ms]
      [Choose CSet: 0.0 ms]
      [Ref Proc: 0.1 ms]
      [Ref Enq: 0.0 ms]
      [Free CSet: 0.4 ms]
   [Eden: 306.0M(306.0M)->0.0B(276.0M) Survivors: 1024.0K->31.0M Heap: 347.9M(512.0M)->71.5M(512.0M)]
 [Times: user=0.03 sys=0.00, real=0.02 secs] 
2014-07-10T12:28:15.018+0200: 8.193: [GC pause (G1 Evacuation Pause) (young), 0.0280062 secs]
   [Parallel Time: 26.9 ms, GC Workers: 2]
      [GC Worker Start (ms): Min: 8193.2, Avg: 8193.2, Max: 8193.2, Diff: 0.0]
      [Ext Root Scanning (ms): Min: 0.3, Avg: 0.3, Max: 0.3, Diff: 0.0, Sum: 0.6]
      [Update RS (ms): Min: 0.0, Avg: 0.0, Max: 0.0, Diff: 0.0, Sum: 0.1]
         [Processed Buffers: Min: 1, Avg: 1.5, Max: 2, Diff: 1, Sum: 3]
      [Scan RS (ms): Min: 0.4, Avg: 0.4, Max: 0.4, Diff: 0.0, Sum: 0.9]
      [Code Root Scanning (ms): Min: 0.2, Avg: 0.2, Max: 0.2, Diff: 0.0, Sum: 0.4]
      [Object Copy (ms): Min: 25.9, Avg: 25.9, Max: 25.9, Diff: 0.0, Sum: 51.8]
      [Termination (ms): Min: 0.0, Avg: 0.0, Max: 0.0, Diff: 0.0, Sum: 0.0]
      [GC Worker Other (ms): Min: 0.0, Avg: 0.0, Max: 0.0, Diff: 0.0, Sum: 0.1]
      [GC Worker Total (ms): Min: 26.9, Avg: 26.9, Max: 26.9, Diff: 0.0, Sum: 53.8]
      [GC Worker End (ms): Min: 8220.1, Avg: 8220.1, Max: 8220.1, Diff: 0.0]
   [Code Root Fixup: 0.0 ms]
   [Code Root Migration: 0.1 ms]
   [Clear CT: 0.3 ms]
   [Other: 0.7 ms]
      [Choose CSet: 0.0 ms]
      [Ref Proc: 0.2 ms]
      [Ref Enq: 0.0 ms]
      [Free CSet: 0.4 ms]
   [Eden: 276.0M(276.0M)->0.0B(106.0M) Survivors: 31.0M->39.0M Heap: 347.5M(512.0M)->83.3M(512.0M)]
 [Times: user=0.06 sys=0.00, real=0.03 secs] 
2014-07-10T12:28:15.156+0200: 8.331: [GC pause (G1 Evacuation Pause) (young), 0.0024450 secs]
   [Parallel Time: 1.7 ms, GC Workers: 2]
      [GC Worker Start (ms): Min: 8331.3, Avg: 8331.3, Max: 8331.3, Diff: 0.0]
      [Ext Root Scanning (ms): Min: 0.2, Avg: 0.2, Max: 0.2, Diff: 0.0, Sum: 0.4]
      [Update RS (ms): Min: 0.0, Avg: 0.0, Max: 0.0, Diff: 0.0, Sum: 0.1]
         [Processed Buffers: Min: 1, Avg: 2.0, Max: 3, Diff: 2, Sum: 4]
      [Scan RS (ms): Min: 0.2, Avg: 0.2, Max: 0.2, Diff: 0.0, Sum: 0.4]
      [Code Root Scanning (ms): Min: 0.1, Avg: 0.1, Max: 0.1, Diff: 0.0, Sum: 0.2]
      [Object Copy (ms): Min: 1.1, Avg: 1.1, Max: 1.1, Diff: 0.0, Sum: 2.2]
      [Termination (ms): Min: 0.0, Avg: 0.0, Max: 0.0, Diff: 0.0, Sum: 0.0]
      [GC Worker Other (ms): Min: 0.0, Avg: 0.0, Max: 0.0, Diff: 0.0, Sum: 0.1]
      [GC Worker Total (ms): Min: 1.6, Avg: 1.6, Max: 1.6, Diff: 0.0, Sum: 3.3]
      [GC Worker End (ms): Min: 8332.9, Avg: 8332.9, Max: 8332.9, Diff: 0.0]
   [Code Root Fixup: 0.0 ms]
   [Code Root Migration: 0.0 ms]
   [Clear CT: 0.1 ms]
   [Other: 0.6 ms]
      [Choose CSet: 0.0 ms]
      [Ref Proc: 0.0 ms]
      [Ref Enq: 0.0 ms]
      [Free CSet: 0.5 ms]
   [Eden: 106.0M(106.0M)->0.0B(304.0M) Survivors: 39.0M->3072.0K Heap: 189.3M(512.0M)->47.3M(512.0M)]
 [Times: user=0.00 sys=0.00, real=0.00 secs] 
2014-07-10T12:28:15.412+0200: 8.587: [GC pause (G1 Evacuation Pause) (young), 0.0303969 secs]
   [Parallel Time: 29.4 ms, GC Workers: 2]
      [GC Worker Start (ms): Min: 8586.9, Avg: 8586.9, Max: 8586.9, Diff: 0.0]
      [Ext Root Scanning (ms): Min: 0.3, Avg: 0.3, Max: 0.3, Diff: 0.0, Sum: 0.5]
      [Update RS (ms): Min: 0.0, Avg: 0.0, Max: 0.0, Diff: 0.0, Sum: 0.1]
         [Processed Buffers: Min: 1, Avg: 1.5, Max: 2, Diff: 1, Sum: 3]
      [Scan RS (ms): Min: 0.4, Avg: 0.4, Max: 0.5, Diff: 0.0, Sum: 0.9]
      [Code Root Scanning (ms): Min: 0.2, Avg: 0.2, Max: 0.2, Diff: 0.0, Sum: 0.4]
      [Object Copy (ms): Min: 28.3, Avg: 28.3, Max: 28.3, Diff: 0.0, Sum: 56.6]
      [Termination (ms): Min: 0.0, Avg: 0.0, Max: 0.0, Diff: 0.0, Sum: 0.0]
      [GC Worker Other (ms): Min: 0.0, Avg: 0.1, Max: 0.1, Diff: 0.0, Sum: 0.1]
      [GC Worker Total (ms): Min: 29.3, Avg: 29.3, Max: 29.3, Diff: 0.0, Sum: 58.6]
      [GC Worker End (ms): Min: 8616.1, Avg: 8616.2, Max: 8616.2, Diff: 0.0]
   [Code Root Fixup: 0.0 ms]
   [Code Root Migration: 0.1 ms]
   [Clear CT: 0.2 ms]
   [Other: 0.8 ms]
      [Choose CSet: 0.0 ms]
      [Ref Proc: 0.2 ms]
      [Ref Enq: 0.0 ms]
      [Free CSet: 0.4 ms]
   [Eden: 304.0M(304.0M)->0.0B(100.0M) Survivors: 3072.0K->39.0M Heap: 351.3M(512.0M)->87.1M(512.0M)]
 [Times: user=0.06 sys=0.00, real=0.03 secs] 
2014-07-10T12:28:15.557+0200: 8.732: [GC pause (G1 Evacuation Pause) (young), 0.0039632 secs]
   [Parallel Time: 2.7 ms, GC Workers: 2]
      [GC Worker Start (ms): Min: 8732.1, Avg: 8732.1, Max: 8732.1, Diff: 0.0]
      [Ext Root Scanning (ms): Min: 0.5, Avg: 0.5, Max: 0.5, Diff: 0.0, Sum: 0.9]
      [Update RS (ms): Min: 0.0, Avg: 0.1, Max: 0.1, Diff: 0.0, Sum: 0.1]
         [Processed Buffers: Min: 1, Avg: 1.5, Max: 2, Diff: 1, Sum: 3]
      [Scan RS (ms): Min: 0.3, Avg: 0.3, Max: 0.3, Diff: 0.0, Sum: 0.6]
      [Code Root Scanning (ms): Min: 0.1, Avg: 0.1, Max: 0.1, Diff: 0.0, Sum: 0.3]
      [Object Copy (ms): Min: 1.6, Avg: 1.6, Max: 1.7, Diff: 0.0, Sum: 3.3]
      [Termination (ms): Min: 0.0, Avg: 0.0, Max: 0.0, Diff: 0.0, Sum: 0.0]
      [GC Worker Other (ms): Min: 0.0, Avg: 0.0, Max: 0.0, Diff: 0.0, Sum: 0.1]
      [GC Worker Total (ms): Min: 2.7, Avg: 2.7, Max: 2.7, Diff: 0.0, Sum: 5.3]
      [GC Worker End (ms): Min: 8734.8, Avg: 8734.8, Max: 8734.8, Diff: 0.0]
   [Code Root Fixup: 0.0 ms]
   [Code Root Migration: 0.0 ms]
   [Clear CT: 0.2 ms]
   [Other: 1.0 ms]
      [Choose CSet: 0.0 ms]
      [Ref Proc: 0.4 ms]
      [Ref Enq: 0.0 ms]
      [Free CSet: 0.4 ms]
   [Eden: 100.0M(100.0M)->0.0B(304.0M) Survivors: 39.0M->3072.0K Heap: 187.1M(512.0M)->50.7M(512.0M)]
 [Times: user=0.00 sys=0.00, real=0.00 secs] 
2014-07-10T12:28:15.815+0200: 8.990: [GC pause (G1 Evacuation Pause) (young), 0.0280278 secs]
   [Parallel Time: 27.1 ms, GC Workers: 2]
      [GC Worker Start (ms): Min: 8990.5, Avg: 8990.5, Max: 8990.5, Diff: 0.0]
      [Ext Root Scanning (ms): Min: 0.3, Avg: 0.3, Max: 0.3, Diff: 0.0, Sum: 0.6]
      [Update RS (ms): Min: 0.0, Avg: 0.0, Max: 0.1, Diff: 0.0, Sum: 0.1]
         [Processed Buffers: Min: 1, Avg: 1.5, Max: 2, Diff: 1, Sum: 3]
      [Scan RS (ms): Min: 0.4, Avg: 0.4, Max: 0.4, Diff: 0.0, Sum: 0.9]
      [Code Root Scanning (ms): Min: 0.2, Avg: 0.2, Max: 0.2, Diff: 0.0, Sum: 0.4]
      [Object Copy (ms): Min: 26.0, Avg: 26.0, Max: 26.1, Diff: 0.0, Sum: 52.1]
      [Termination (ms): Min: 0.0, Avg: 0.0, Max: 0.0, Diff: 0.0, Sum: 0.0]
      [GC Worker Other (ms): Min: 0.0, Avg: 0.0, Max: 0.0, Diff: 0.0, Sum: 0.1]
      [GC Worker Total (ms): Min: 27.1, Avg: 27.1, Max: 27.1, Diff: 0.0, Sum: 54.1]
      [GC Worker End (ms): Min: 9017.5, Avg: 9017.5, Max: 9017.5, Diff: 0.0]
   [Code Root Fixup: 0.0 ms]
   [Code Root Migration: 0.1 ms]
   [Clear CT: 0.2 ms]
   [Other: 0.6 ms]
      [Choose CSet: 0.0 ms]
      [Ref Proc: 0.1 ms]
      [Ref Enq: 0.0 ms]
      [Free CSet: 0.4 ms]
   [Eden: 304.0M(304.0M)->0.0B(95.0M) Survivors: 3072.0K->39.0M Heap: 354.7M(512.0M)->90.4M(512.0M)]
 [Times: user=0.06 sys=0.00, real=0.03 secs] 
2014-07-10T12:28:15.958+0200: 9.133: [GC pause (G1 Evacuation Pause) (young), 0.0087510 secs]
   [Parallel Time: 6.5 ms, GC Workers: 2]
      [GC Worker Start (ms): Min: 9133.5, Avg: 9133.5, Max: 9133.6, Diff: 0.1]
      [Ext Root Scanning (ms): Min: 0.5, Avg: 0.5, Max: 0.6, Diff: 0.1, Sum: 1.0]
      [Update RS (ms): Min: 0.0, Avg: 0.1, Max: 0.1, Diff: 0.0, Sum: 0.1]
         [Processed Buffers: Min: 1, Avg: 2.0, Max: 3, Diff: 2, Sum: 4]
      [Scan RS (ms): Min: 0.3, Avg: 0.4, Max: 0.4, Diff: 0.0, Sum: 0.7]
      [Code Root Scanning (ms): Min: 0.1, Avg: 0.1, Max: 0.1, Diff: 0.0, Sum: 0.3]
      [Object Copy (ms): Min: 5.3, Avg: 5.3, Max: 5.3, Diff: 0.0, Sum: 10.6]
      [Termination (ms): Min: 0.0, Avg: 0.0, Max: 0.0, Diff: 0.0, Sum: 0.0]
      [GC Worker Other (ms): Min: 0.1, Avg: 0.1, Max: 0.1, Diff: 0.0, Sum: 0.1]
      [GC Worker Total (ms): Min: 6.4, Avg: 6.4, Max: 6.5, Diff: 0.1, Sum: 12.9]
      [GC Worker End (ms): Min: 9140.0, Avg: 9140.0, Max: 9140.0, Diff: 0.0]
   [Code Root Fixup: 0.0 ms]
   [Code Root Migration: 0.1 ms]
   [Clear CT: 0.3 ms]
   [Other: 1.8 ms]
      [Choose CSet: 0.0 ms]
      [Ref Proc: 1.0 ms]
      [Ref Enq: 0.0 ms]
      [Free CSet: 0.6 ms]
   [Eden: 95.0M(95.0M)->0.0B(89.0M) Survivors: 39.0M->6144.0K Heap: 185.4M(512.0M)->56.6M(512.0M)]
 [Times: user=0.03 sys=0.00, real=0.01 secs] 
2014-07-10T12:28:16.027+0200: 9.202: [GC pause (G1 Evacuation Pause) (young), 0.0091689 secs]
   [Parallel Time: 8.6 ms, GC Workers: 2]
      [GC Worker Start (ms): Min: 9202.4, Avg: 9202.4, Max: 9202.4, Diff: 0.0]
      [Ext Root Scanning (ms): Min: 0.3, Avg: 0.4, Max: 0.4, Diff: 0.0, Sum: 0.7]
      [Update RS (ms): Min: 0.0, Avg: 0.1, Max: 0.1, Diff: 0.0, Sum: 0.1]
         [Processed Buffers: Min: 2, Avg: 2.0, Max: 2, Diff: 0, Sum: 4]
      [Scan RS (ms): Min: 0.1, Avg: 0.1, Max: 0.1, Diff: 0.0, Sum: 0.3]
      [Code Root Scanning (ms): Min: 0.1, Avg: 0.1, Max: 0.1, Diff: 0.0, Sum: 0.1]
      [Object Copy (ms): Min: 7.9, Avg: 7.9, Max: 7.9, Diff: 0.0, Sum: 15.8]
      [Termination (ms): Min: 0.0, Avg: 0.0, Max: 0.0, Diff: 0.0, Sum: 0.0]
      [GC Worker Other (ms): Min: 0.0, Avg: 0.0, Max: 0.0, Diff: 0.0, Sum: 0.1]
      [GC Worker Total (ms): Min: 8.5, Avg: 8.5, Max: 8.5, Diff: 0.0, Sum: 17.1]
      [GC Worker End (ms): Min: 9210.9, Avg: 9210.9, Max: 9210.9, Diff: 0.0]
   [Code Root Fixup: 0.0 ms]
   [Code Root Migration: 0.0 ms]
   [Clear CT: 0.1 ms]
   [Other: 0.4 ms]
      [Choose CSet: 0.0 ms]
      [Ref Proc: 0.1 ms]
      [Ref Enq: 0.0 ms]
      [Free CSet: 0.2 ms]
   [Eden: 89.0M(89.0M)->0.0B(102.0M) Survivors: 6144.0K->12.0M Heap: 145.6M(512.0M)->63.4M(512.0M)]
 [Times: user=0.00 sys=0.00, real=0.01 secs] 
2014-07-10T12:28:16.086+0200: 9.261: [GC pause (G1 Evacuation Pause) (young), 0.0307892 secs]
   [Parallel Time: 30.2 ms, GC Workers: 2]
      [GC Worker Start (ms): Min: 9261.0, Avg: 9261.0, Max: 9261.0, Diff: 0.0]
      [Ext Root Scanning (ms): Min: 0.5, Avg: 0.5, Max: 0.5, Diff: 0.0, Sum: 0.9]
      [Update RS (ms): Min: 0.1, Avg: 0.1, Max: 0.2, Diff: 0.1, Sum: 0.2]
         [Processed Buffers: Min: 1, Avg: 1.5, Max: 2, Diff: 1, Sum: 3]
      [Scan RS (ms): Min: 0.1, Avg: 0.2, Max: 0.3, Diff: 0.1, Sum: 0.4]
      [Code Root Scanning (ms): Min: 0.1, Avg: 0.2, Max: 0.3, Diff: 0.2, Sum: 0.4]
      [Object Copy (ms): Min: 29.1, Avg: 29.1, Max: 29.1, Diff: 0.0, Sum: 58.3]
      [Termination (ms): Min: 0.0, Avg: 0.0, Max: 0.0, Diff: 0.0, Sum: 0.0]
      [GC Worker Other (ms): Min: 0.0, Avg: 0.0, Max: 0.0, Diff: 0.0, Sum: 0.1]
      [GC Worker Total (ms): Min: 30.2, Avg: 30.2, Max: 30.2, Diff: 0.0, Sum: 60.3]
      [GC Worker End (ms): Min: 9291.2, Avg: 9291.2, Max: 9291.2, Diff: 0.0]
   [Code Root Fixup: 0.0 ms]
   [Code Root Migration: 0.0 ms]
   [Clear CT: 0.1 ms]
   [Other: 0.5 ms]
      [Choose CSet: 0.0 ms]
      [Ref Proc: 0.2 ms]
      [Ref Enq: 0.0 ms]
      [Free CSet: 0.2 ms]
   [Eden: 102.0M(102.0M)->0.0B(131.0M) Survivors: 12.0M->15.0M Heap: 165.4M(512.0M)->99.4M(512.0M)]
 [Times: user=0.06 sys=0.00, real=0.03 secs] 
2014-07-10T12:28:16.212+0200: 9.387: [GC pause (G1 Evacuation Pause) (young), 0.0304021 secs]
   [Parallel Time: 29.5 ms, GC Workers: 2]
      [GC Worker Start (ms): Min: 9386.9, Avg: 9386.9, Max: 9386.9, Diff: 0.0]
      [Ext Root Scanning (ms): Min: 0.3, Avg: 0.3, Max: 0.3, Diff: 0.0, Sum: 0.5]
      [Update RS (ms): Min: 0.0, Avg: 0.0, Max: 0.0, Diff: 0.0, Sum: 0.1]
         [Processed Buffers: Min: 1, Avg: 1.5, Max: 2, Diff: 1, Sum: 3]
      [Scan RS (ms): Min: 0.2, Avg: 0.2, Max: 0.2, Diff: 0.0, Sum: 0.4]
      [Code Root Scanning (ms): Min: 0.1, Avg: 0.1, Max: 0.1, Diff: 0.0, Sum: 0.2]
      [Object Copy (ms): Min: 28.8, Avg: 28.9, Max: 28.9, Diff: 0.0, Sum: 57.7]
      [Termination (ms): Min: 0.0, Avg: 0.0, Max: 0.0, Diff: 0.0, Sum: 0.0]
      [GC Worker Other (ms): Min: 0.0, Avg: 0.0, Max: 0.0, Diff: 0.0, Sum: 0.1]
      [GC Worker Total (ms): Min: 29.5, Avg: 29.5, Max: 29.5, Diff: 0.0, Sum: 59.0]
      [GC Worker End (ms): Min: 9416.4, Avg: 9416.4, Max: 9416.4, Diff: 0.0]
   [Code Root Fixup: 0.0 ms]
   [Code Root Migration: 0.0 ms]
   [Clear CT: 0.2 ms]
   [Other: 0.7 ms]
      [Choose CSet: 0.0 ms]
      [Ref Proc: 0.3 ms]
      [Ref Enq: 0.0 ms]
      [Free CSet: 0.3 ms]
   [Eden: 131.0M(131.0M)->0.0B(127.0M) Survivors: 15.0M->19.0M Heap: 230.4M(512.0M)->131.1M(512.0M)]
 [Times: user=0.03 sys=0.00, real=0.03 secs] 
2014-07-10T12:28:16.392+0200: 9.567: [GC pause (G1 Evacuation Pause) (young), 0.0290881 secs]
   [Parallel Time: 27.2 ms, GC Workers: 2]
      [GC Worker Start (ms): Min: 9567.1, Avg: 9567.1, Max: 9567.1, Diff: 0.0]
      [Ext Root Scanning (ms): Min: 0.3, Avg: 0.3, Max: 0.3, Diff: 0.0, Sum: 0.6]
      [Update RS (ms): Min: 0.0, Avg: 0.0, Max: 0.0, Diff: 0.0, Sum: 0.1]
         [Processed Buffers: Min: 1, Avg: 1.5, Max: 2, Diff: 1, Sum: 3]
      [Scan RS (ms): Min: 0.3, Avg: 0.3, Max: 0.3, Diff: 0.0, Sum: 0.7]
      [Code Root Scanning (ms): Min: 0.1, Avg: 0.1, Max: 0.1, Diff: 0.1, Sum: 0.2]
      [Object Copy (ms): Min: 26.4, Avg: 26.4, Max: 26.4, Diff: 0.0, Sum: 52.8]
      [Termination (ms): Min: 0.0, Avg: 0.0, Max: 0.0, Diff: 0.0, Sum: 0.0]
      [GC Worker Other (ms): Min: 0.0, Avg: 0.0, Max: 0.1, Diff: 0.0, Sum: 0.1]
      [GC Worker Total (ms): Min: 27.2, Avg: 27.2, Max: 27.2, Diff: 0.0, Sum: 54.4]
      [GC Worker End (ms): Min: 9594.3, Avg: 9594.3, Max: 9594.3, Diff: 0.0]
   [Code Root Fixup: 0.0 ms]
   [Code Root Migration: 0.0 ms]
   [Clear CT: 0.1 ms]
   [Other: 1.7 ms]
      [Choose CSet: 0.0 ms]
      [Ref Proc: 1.3 ms]
      [Ref Enq: 0.0 ms]
      [Free CSet: 0.2 ms]
   [Eden: 127.0M(127.0M)->0.0B(114.0M) Survivors: 19.0M->19.0M Heap: 258.1M(512.0M)->153.7M(512.0M)]
 [Times: user=0.06 sys=0.00, real=0.03 secs] 
2014-07-10T12:28:16.482+0200: 9.657: [GC pause (G1 Evacuation Pause) (young), 0.0164333 secs]
   [Parallel Time: 15.7 ms, GC Workers: 2]
      [GC Worker Start (ms): Min: 9656.8, Avg: 9656.8, Max: 9656.8, Diff: 0.0]
      [Ext Root Scanning (ms): Min: 0.4, Avg: 0.5, Max: 0.6, Diff: 0.2, Sum: 0.9]
      [Update RS (ms): Min: 0.0, Avg: 0.0, Max: 0.1, Diff: 0.1, Sum: 0.1]
         [Processed Buffers: Min: 0, Avg: 1.5, Max: 3, Diff: 3, Sum: 3]
      [Scan RS (ms): Min: 0.2, Avg: 0.2, Max: 0.2, Diff: 0.0, Sum: 0.4]
      [Code Root Scanning (ms): Min: 0.1, Avg: 0.1, Max: 0.2, Diff: 0.1, Sum: 0.2]
      [Object Copy (ms): Min: 14.7, Avg: 14.7, Max: 14.7, Diff: 0.0, Sum: 29.4]
      [Termination (ms): Min: 0.0, Avg: 0.0, Max: 0.0, Diff: 0.0, Sum: 0.0]
      [GC Worker Other (ms): Min: 0.0, Avg: 0.0, Max: 0.0, Diff: 0.0, Sum: 0.1]
      [GC Worker Total (ms): Min: 15.6, Avg: 15.6, Max: 15.6, Diff: 0.0, Sum: 31.1]
      [GC Worker End (ms): Min: 9672.4, Avg: 9672.4, Max: 9672.4, Diff: 0.0]
   [Code Root Fixup: 0.0 ms]
   [Code Root Migration: 0.0 ms]
   [Clear CT: 0.1 ms]
   [Other: 0.6 ms]
      [Choose CSet: 0.0 ms]
      [Ref Proc: 0.2 ms]
      [Ref Enq: 0.0 ms]
      [Free CSet: 0.2 ms]
   [Eden: 114.0M(114.0M)->0.0B(130.0M) Survivors: 19.0M->17.0M Heap: 267.7M(512.0M)->158.1M(512.0M)]
 [Times: user=0.03 sys=0.00, real=0.02 secs] 
2014-07-10T12:28:16.593+0200: 9.768: [GC pause (G1 Evacuation Pause) (young), 0.0100591 secs]
   [Parallel Time: 9.3 ms, GC Workers: 2]
      [GC Worker Start (ms): Min: 9768.3, Avg: 9768.3, Max: 9768.3, Diff: 0.0]
      [Ext Root Scanning (ms): Min: 0.3, Avg: 0.3, Max: 0.3, Diff: 0.0, Sum: 0.6]
      [Update RS (ms): Min: 0.0, Avg: 0.0, Max: 0.1, Diff: 0.0, Sum: 0.1]
         [Processed Buffers: Min: 1, Avg: 1.5, Max: 2, Diff: 1, Sum: 3]
      [Scan RS (ms): Min: 0.2, Avg: 0.2, Max: 0.2, Diff: 0.0, Sum: 0.4]
      [Code Root Scanning (ms): Min: 0.1, Avg: 0.1, Max: 0.1, Diff: 0.0, Sum: 0.2]
      [Object Copy (ms): Min: 8.6, Avg: 8.6, Max: 8.6, Diff: 0.0, Sum: 17.1]
      [Termination (ms): Min: 0.0, Avg: 0.0, Max: 0.0, Diff: 0.0, Sum: 0.0]
      [GC Worker Other (ms): Min: 0.0, Avg: 0.0, Max: 0.0, Diff: 0.0, Sum: 0.1]
      [GC Worker Total (ms): Min: 9.3, Avg: 9.3, Max: 9.3, Diff: 0.0, Sum: 18.5]
      [GC Worker End (ms): Min: 9777.6, Avg: 9777.6, Max: 9777.6, Diff: 0.0]
   [Code Root Fixup: 0.0 ms]
   [Code Root Migration: 0.0 ms]
   [Clear CT: 0.1 ms]
   [Other: 0.6 ms]
      [Choose CSet: 0.0 ms]
      [Ref Proc: 0.3 ms]
      [Ref Enq: 0.0 ms]
      [Free CSet: 0.2 ms]
   [Eden: 130.0M(130.0M)->0.0B(126.0M) Survivors: 17.0M->14.0M Heap: 288.1M(512.0M)->154.4M(512.0M)]
 [Times: user=0.01 sys=0.00, real=0.01 secs] 
2014-07-10T12:28:16.759+0200: 9.934: [GC pause (G1 Evacuation Pause) (young), 0.0062048 secs]
   [Parallel Time: 5.5 ms, GC Workers: 2]
      [GC Worker Start (ms): Min: 9933.9, Avg: 9934.1, Max: 9934.2, Diff: 0.3]
      [Ext Root Scanning (ms): Min: 0.2, Avg: 0.3, Max: 0.5, Diff: 0.4, Sum: 0.7]
      [Update RS (ms): Min: 0.0, Avg: 0.0, Max: 0.1, Diff: 0.0, Sum: 0.1]
         [Processed Buffers: Min: 1, Avg: 1.5, Max: 2, Diff: 1, Sum: 3]
      [Scan RS (ms): Min: 0.2, Avg: 0.2, Max: 0.3, Diff: 0.0, Sum: 0.5]
      [Code Root Scanning (ms): Min: 0.1, Avg: 0.1, Max: 0.1, Diff: 0.0, Sum: 0.2]
      [Object Copy (ms): Min: 4.5, Avg: 4.5, Max: 4.5, Diff: 0.0, Sum: 9.0]
      [Termination (ms): Min: 0.0, Avg: 0.0, Max: 0.0, Diff: 0.0, Sum: 0.0]
      [GC Worker Other (ms): Min: 0.0, Avg: 0.0, Max: 0.0, Diff: 0.0, Sum: 0.1]
      [GC Worker Total (ms): Min: 5.1, Avg: 5.3, Max: 5.5, Diff: 0.3, Sum: 10.6]
      [GC Worker End (ms): Min: 9939.3, Avg: 9939.3, Max: 9939.3, Diff: 0.0]
   [Code Root Fixup: 0.0 ms]
   [Code Root Migration: 0.0 ms]
   [Clear CT: 0.1 ms]
   [Other: 0.6 ms]
      [Choose CSet: 0.0 ms]
      [Ref Proc: 0.1 ms]
      [Ref Enq: 0.0 ms]
      [Free CSet: 0.3 ms]
   [Eden: 126.0M(126.0M)->0.0B(136.0M) Survivors: 14.0M->8192.0K Heap: 280.4M(512.0M)->148.3M(512.0M)]
 [Times: user=0.00 sys=0.00, real=0.01 secs] 
2014-07-10T12:28:16.859+0200: 10.034: [GC pause (G1 Evacuation Pause) (young), 0.0092551 secs]
   [Parallel Time: 8.0 ms, GC Workers: 2]
      [GC Worker Start (ms): Min: 10034.5, Avg: 10034.5, Max: 10034.5, Diff: 0.0]
      [Ext Root Scanning (ms): Min: 0.3, Avg: 0.3, Max: 0.4, Diff: 0.0, Sum: 0.7]
      [Update RS (ms): Min: 0.0, Avg: 0.0, Max: 0.1, Diff: 0.0, Sum: 0.1]
         [Processed Buffers: Min: 1, Avg: 1.5, Max: 2, Diff: 1, Sum: 3]
      [Scan RS (ms): Min: 0.2, Avg: 0.2, Max: 0.2, Diff: 0.0, Sum: 0.5]
      [Code Root Scanning (ms): Min: 0.1, Avg: 0.1, Max: 0.1, Diff: 0.0, Sum: 0.2]
      [Object Copy (ms): Min: 7.2, Avg: 7.2, Max: 7.2, Diff: 0.0, Sum: 14.3]
      [Termination (ms): Min: 0.0, Avg: 0.0, Max: 0.0, Diff: 0.0, Sum: 0.0]
      [GC Worker Other (ms): Min: 0.0, Avg: 0.0, Max: 0.0, Diff: 0.0, Sum: 0.1]
      [GC Worker Total (ms): Min: 7.9, Avg: 7.9, Max: 7.9, Diff: 0.0, Sum: 15.9]
      [GC Worker End (ms): Min: 10042.4, Avg: 10042.4, Max: 10042.4, Diff: 0.0]
   [Code Root Fixup: 0.0 ms]
   [Code Root Migration: 0.0 ms]
   [Clear CT: 0.2 ms]
   [Other: 1.0 ms]
      [Choose CSet: 0.0 ms]
      [Ref Proc: 0.7 ms]
      [Ref Enq: 0.0 ms]
      [Free CSet: 0.2 ms]
   [Eden: 136.0M(136.0M)->0.0B(281.0M) Survivors: 8192.0K->12.0M Heap: 284.3M(512.0M)->152.2M(512.0M)]
 [Times: user=0.03 sys=0.00, real=0.01 secs] 
2014-07-10T12:28:17.167+0200: 10.343: [GC pause (G1 Evacuation Pause) (young), 0.0190246 secs]
   [Parallel Time: 17.2 ms, GC Workers: 2]
      [GC Worker Start (ms): Min: 10342.7, Avg: 10342.7, Max: 10342.8, Diff: 0.1]
      [Ext Root Scanning (ms): Min: 0.5, Avg: 0.6, Max: 0.6, Diff: 0.0, Sum: 1.1]
      [Update RS (ms): Min: 0.1, Avg: 0.1, Max: 0.1, Diff: 0.0, Sum: 0.1]
         [Processed Buffers: Min: 1, Avg: 1.5, Max: 2, Diff: 1, Sum: 3]
      [Scan RS (ms): Min: 0.7, Avg: 0.8, Max: 0.9, Diff: 0.2, Sum: 1.6]
      [Code Root Scanning (ms): Min: 0.3, Avg: 0.4, Max: 0.5, Diff: 0.2, Sum: 0.8]
      [Object Copy (ms): Min: 15.3, Avg: 15.3, Max: 15.3, Diff: 0.0, Sum: 30.5]
      [Termination (ms): Min: 0.0, Avg: 0.0, Max: 0.0, Diff: 0.0, Sum: 0.0]
      [GC Worker Other (ms): Min: 0.1, Avg: 0.1, Max: 0.1, Diff: 0.0, Sum: 0.1]
      [GC Worker Total (ms): Min: 17.1, Avg: 17.1, Max: 17.2, Diff: 0.1, Sum: 34.3]
      [GC Worker End (ms): Min: 10359.9, Avg: 10359.9, Max: 10359.9, Diff: 0.0]
   [Code Root Fixup: 0.0 ms]
   [Code Root Migration: 0.1 ms]
   [Clear CT: 0.5 ms]
   [Other: 1.2 ms]
      [Choose CSet: 0.1 ms]
      [Ref Proc: 0.1 ms]
      [Ref Enq: 0.0 ms]
      [Free CSet: 0.8 ms]
   [Eden: 281.0M(281.0M)->0.0B(107.0M) Survivors: 12.0M->15.0M Heap: 433.2M(512.0M)->155.9M(512.0M)]
 [Times: user=0.03 sys=0.00, real=0.02 secs] 
2014-07-10T12:28:17.246+0200: 10.421: [GC pause (G1 Evacuation Pause) (young), 0.0360239 secs]
   [Parallel Time: 35.2 ms, GC Workers: 2]
      [GC Worker Start (ms): Min: 10420.9, Avg: 10422.4, Max: 10423.9, Diff: 2.9]
      [Ext Root Scanning (ms): Min: 0.0, Avg: 0.3, Max: 0.5, Diff: 0.5, Sum: 0.5]
      [Update RS (ms): Min: 0.0, Avg: 0.0, Max: 0.1, Diff: 0.1, Sum: 0.1]
         [Processed Buffers: Min: 0, Avg: 1.5, Max: 3, Diff: 3, Sum: 3]
      [Scan RS (ms): Min: 0.0, Avg: 0.2, Max: 0.3, Diff: 0.3, Sum: 0.3]
      [Code Root Scanning (ms): Min: 0.0, Avg: 0.1, Max: 0.1, Diff: 0.1, Sum: 0.1]
      [Object Copy (ms): Min: 32.2, Avg: 33.1, Max: 34.1, Diff: 1.9, Sum: 66.2]
      [Termination (ms): Min: 0.0, Avg: 0.0, Max: 0.0, Diff: 0.0, Sum: 0.0]
      [GC Worker Other (ms): Min: 0.0, Avg: 0.0, Max: 0.0, Diff: 0.0, Sum: 0.1]
      [GC Worker Total (ms): Min: 32.2, Avg: 33.7, Max: 35.2, Diff: 2.9, Sum: 67.4]
      [GC Worker End (ms): Min: 10456.1, Avg: 10456.1, Max: 10456.1, Diff: 0.0]
   [Code Root Fixup: 0.0 ms]
   [Code Root Migration: 0.0 ms]
   [Clear CT: 0.1 ms]
   [Other: 0.7 ms]
      [Choose CSet: 0.0 ms]
      [Ref Proc: 0.4 ms]
      [Ref Enq: 0.0 ms]
      [Free CSet: 0.2 ms]
   [Eden: 107.0M(107.0M)->0.0B(124.0M) Survivors: 15.0M->16.0M Heap: 262.9M(512.0M)->196.8M(512.0M)]
 [Times: user=0.06 sys=0.00, real=0.04 secs] 
2014-07-10T12:28:17.377+0200: 10.552: [GC pause (G1 Evacuation Pause) (young), 0.0308076 secs]
   [Parallel Time: 29.9 ms, GC Workers: 2]
      [GC Worker Start (ms): Min: 10552.6, Avg: 10552.6, Max: 10552.6, Diff: 0.1]
      [Ext Root Scanning (ms): Min: 0.3, Avg: 0.3, Max: 0.3, Diff: 0.0, Sum: 0.6]
      [Update RS (ms): Min: 0.0, Avg: 0.0, Max: 0.1, Diff: 0.1, Sum: 0.1]
         [Processed Buffers: Min: 1, Avg: 1.0, Max: 1, Diff: 0, Sum: 2]
      [Scan RS (ms): Min: 0.2, Avg: 0.2, Max: 0.2, Diff: 0.0, Sum: 0.4]
      [Code Root Scanning (ms): Min: 0.1, Avg: 0.1, Max: 0.1, Diff: 0.0, Sum: 0.2]
      [Object Copy (ms): Min: 29.2, Avg: 29.2, Max: 29.2, Diff: 0.0, Sum: 58.4]
      [Termination (ms): Min: 0.0, Avg: 0.0, Max: 0.0, Diff: 0.0, Sum: 0.0]
      [GC Worker Other (ms): Min: 0.0, Avg: 0.0, Max: 0.0, Diff: 0.0, Sum: 0.1]
      [GC Worker Total (ms): Min: 29.8, Avg: 29.9, Max: 29.9, Diff: 0.1, Sum: 59.7]
      [GC Worker End (ms): Min: 10582.5, Avg: 10582.5, Max: 10582.5, Diff: 0.0]
   [Code Root Fixup: 0.0 ms]
   [Code Root Migration: 0.0 ms]
   [Clear CT: 0.1 ms]
   [Other: 0.7 ms]
      [Choose CSet: 0.0 ms]
      [Ref Proc: 0.4 ms]
      [Ref Enq: 0.0 ms]
      [Free CSet: 0.2 ms]
   [Eden: 124.0M(124.0M)->0.0B(120.0M) Survivors: 16.0M->18.0M Heap: 320.8M(512.0M)->228.3M(512.0M)]
 [Times: user=0.06 sys=0.00, real=0.03 secs] 
2014-07-10T12:28:17.473+0200: 10.648: [GC pause (G1 Evacuation Pause) (young), 0.0249665 secs]
   [Parallel Time: 22.7 ms, GC Workers: 2]
      [GC Worker Start (ms): Min: 10648.2, Avg: 10648.2, Max: 10648.2, Diff: 0.0]
      [Ext Root Scanning (ms): Min: 0.3, Avg: 0.5, Max: 0.6, Diff: 0.2, Sum: 0.9]
      [Update RS (ms): Min: 0.0, Avg: 0.0, Max: 0.1, Diff: 0.1, Sum: 0.1]
         [Processed Buffers: Min: 0, Avg: 1.0, Max: 2, Diff: 2, Sum: 2]
      [Scan RS (ms): Min: 0.2, Avg: 0.2, Max: 0.3, Diff: 0.1, Sum: 0.4]
      [Code Root Scanning (ms): Min: 0.1, Avg: 0.1, Max: 0.1, Diff: 0.0, Sum: 0.2]
      [Object Copy (ms): Min: 21.7, Avg: 21.8, Max: 21.8, Diff: 0.0, Sum: 43.5]
      [Termination (ms): Min: 0.0, Avg: 0.0, Max: 0.0, Diff: 0.0, Sum: 0.0]
      [GC Worker Other (ms): Min: 0.0, Avg: 0.0, Max: 0.0, Diff: 0.0, Sum: 0.1]
      [GC Worker Total (ms): Min: 22.6, Avg: 22.6, Max: 22.6, Diff: 0.0, Sum: 45.2]
      [GC Worker End (ms): Min: 10670.8, Avg: 10670.8, Max: 10670.8, Diff: 0.0]
   [Code Root Fixup: 0.0 ms]
   [Code Root Migration: 0.0 ms]
   [Clear CT: 0.1 ms]
   [Other: 2.2 ms]
      [Choose CSet: 0.0 ms]
      [Ref Proc: 1.9 ms]
      [Ref Enq: 0.0 ms]
      [Free CSet: 0.2 ms]
   [Eden: 120.0M(120.0M)->0.0B(133.0M) Survivors: 18.0M->18.0M Heap: 348.3M(512.0M)->245.6M(512.0M)]
 [Times: user=0.06 sys=0.00, real=0.02 secs] 
2014-07-10T12:28:17.599+0200: 10.774: [GC pause (G1 Evacuation Pause) (young), 0.0161425 secs]
   [Parallel Time: 15.2 ms, GC Workers: 2]
      [GC Worker Start (ms): Min: 10774.1, Avg: 10774.1, Max: 10774.1, Diff: 0.0]
      [Ext Root Scanning (ms): Min: 0.4, Avg: 0.4, Max: 0.4, Diff: 0.0, Sum: 0.8]
      [Update RS (ms): Min: 0.0, Avg: 0.1, Max: 0.2, Diff: 0.2, Sum: 0.3]
         [Processed Buffers: Min: 1, Avg: 1.5, Max: 2, Diff: 1, Sum: 3]
      [Scan RS (ms): Min: 0.2, Avg: 0.2, Max: 0.3, Diff: 0.1, Sum: 0.4]
      [Code Root Scanning (ms): Min: 0.1, Avg: 0.1, Max: 0.1, Diff: 0.0, Sum: 0.2]
      [Object Copy (ms): Min: 14.3, Avg: 14.3, Max: 14.3, Diff: 0.0, Sum: 28.6]
      [Termination (ms): Min: 0.0, Avg: 0.0, Max: 0.0, Diff: 0.0, Sum: 0.0]
      [GC Worker Other (ms): Min: 0.0, Avg: 0.0, Max: 0.0, Diff: 0.0, Sum: 0.1]
      [GC Worker Total (ms): Min: 15.2, Avg: 15.2, Max: 15.2, Diff: 0.0, Sum: 30.4]
      [GC Worker End (ms): Min: 10789.2, Avg: 10789.3, Max: 10789.3, Diff: 0.0]
   [Code Root Fixup: 0.0 ms]
   [Code Root Migration: 0.0 ms]
   [Clear CT: 0.1 ms]
   [Other: 0.8 ms]
      [Choose CSet: 0.0 ms]
      [Ref Proc: 0.4 ms]
      [Ref Enq: 0.0 ms]
      [Free CSet: 0.2 ms]
   [Eden: 133.0M(133.0M)->0.0B(127.0M) Survivors: 18.0M->19.0M Heap: 378.6M(512.0M)->251.7M(512.0M)]
 [Times: user=0.03 sys=0.00, real=0.02 secs] 
2014-07-10T12:28:17.770+0200: 10.945: [GC pause (G1 Evacuation Pause) (young) (initial-mark), 0.0147691 secs]
   [Parallel Time: 13.6 ms, GC Workers: 2]
      [GC Worker Start (ms): Min: 10945.5, Avg: 10945.5, Max: 10945.5, Diff: 0.0]
      [Ext Root Scanning (ms): Min: 0.4, Avg: 0.4, Max: 0.4, Diff: 0.0, Sum: 0.7]
      [Code Root Marking (ms): Min: 0.1, Avg: 0.1, Max: 0.1, Diff: 0.0, Sum: 0.1]
      [Update RS (ms): Min: 0.0, Avg: 0.0, Max: 0.0, Diff: 0.0, Sum: 0.1]
         [Processed Buffers: Min: 1, Avg: 1.5, Max: 2, Diff: 1, Sum: 3]
      [Scan RS (ms): Min: 0.2, Avg: 0.2, Max: 0.2, Diff: 0.0, Sum: 0.5]
      [Code Root Scanning (ms): Min: 0.1, Avg: 0.1, Max: 0.1, Diff: 0.0, Sum: 0.2]
      [Object Copy (ms): Min: 12.5, Avg: 12.5, Max: 12.5, Diff: 0.0, Sum: 25.1]
      [Termination (ms): Min: 0.0, Avg: 0.0, Max: 0.0, Diff: 0.0, Sum: 0.0]
      [GC Worker Other (ms): Min: 0.0, Avg: 0.0, Max: 0.1, Diff: 0.0, Sum: 0.1]
      [GC Worker Total (ms): Min: 13.4, Avg: 13.4, Max: 13.4, Diff: 0.0, Sum: 26.8]
      [GC Worker End (ms): Min: 10958.9, Avg: 10958.9, Max: 10958.9, Diff: 0.0]
   [Code Root Fixup: 0.0 ms]
   [Code Root Migration: 0.0 ms]
   [Clear CT: 0.2 ms]
   [Other: 1.0 ms]
      [Choose CSet: 0.0 ms]
      [Ref Proc: 0.5 ms]
      [Ref Enq: 0.0 ms]
      [Free CSet: 0.3 ms]
   [Eden: 127.0M(127.0M)->0.0B(114.0M) Survivors: 19.0M->19.0M Heap: 378.7M(512.0M)->251.6M(512.0M)]
 [Times: user=0.03 sys=0.00, real=0.02 secs] 
2014-07-10T12:28:17.785+0200: 10.960: [GC concurrent-root-region-scan-start]
2014-07-10T12:28:17.786+0200: 10.961: [GC concurrent-root-region-scan-end, 0.0003556 secs]
2014-07-10T12:28:17.786+0200: 10.961: [GC concurrent-mark-start]
2014-07-10T12:28:17.856+0200: 11.031: [GC pause (G1 Evacuation Pause) (young), 0.0013345 secs]
   [Parallel Time: 1.0 ms, GC Workers: 2]
      [GC Worker Start (ms): Min: 11031.2, Avg: 11031.2, Max: 11031.2, Diff: 0.0]
      [Ext Root Scanning (ms): Min: 0.3, Avg: 0.3, Max: 0.3, Diff: 0.0, Sum: 0.6]
      [SATB Filtering (ms): Min: 0.0, Avg: 0.0, Max: 0.0, Diff: 0.0, Sum: 0.0]
      [Update RS (ms): Min: 0.0, Avg: 0.0, Max: 0.0, Diff: 0.0, Sum: 0.1]
         [Processed Buffers: Min: 1, Avg: 1.5, Max: 2, Diff: 1, Sum: 3]
      [Scan RS (ms): Min: 0.2, Avg: 0.2, Max: 0.2, Diff: 0.0, Sum: 0.4]
      [Code Root Scanning (ms): Min: 0.1, Avg: 0.1, Max: 0.1, Diff: 0.0, Sum: 0.2]
      [Object Copy (ms): Min: 0.3, Avg: 0.3, Max: 0.3, Diff: 0.0, Sum: 0.6]
      [Termination (ms): Min: 0.0, Avg: 0.0, Max: 0.0, Diff: 0.0, Sum: 0.0]
      [GC Worker Other (ms): Min: 0.0, Avg: 0.0, Max: 0.0, Diff: 0.0, Sum: 0.0]
      [GC Worker Total (ms): Min: 0.9, Avg: 0.9, Max: 0.9, Diff: 0.0, Sum: 1.9]
      [GC Worker End (ms): Min: 11032.1, Avg: 11032.1, Max: 11032.1, Diff: 0.0]
   [Code Root Fixup: 0.0 ms]
   [Code Root Migration: 0.0 ms]
   [Clear CT: 0.1 ms]
   [Other: 0.3 ms]
      [Choose CSet: 0.0 ms]
      [Ref Proc: 0.0 ms]
      [Ref Enq: 0.0 ms]
      [Free CSet: 0.1 ms]
   [Eden: 114.0M(114.0M)->0.0B(197.0M) Survivors: 19.0M->1024.0K Heap: 365.6M(512.0M)->233.5M(512.0M)]
 [Times: user=0.00 sys=0.00, real=0.00 secs] 
2014-07-10T12:28:17.865+0200: 11.040: [GC concurrent-mark-end, 0.0051368 secs]
2014-07-10T12:28:17.865+0200: 11.040: [GC remark 11.040: [GC ref-proc, 0.0000620 secs], 0.0012377 secs]
 [Times: user=0.02 sys=0.00, real=0.00 secs] 
2014-07-10T12:28:17.945+0200: 11.120: [GC cleanup 298M->93M(512M), 0.0022328 secs]
 [Times: user=0.00 sys=0.00, real=0.00 secs] 
2014-07-10T12:28:17.947+0200: 11.122: [GC concurrent-cleanup-start]
2014-07-10T12:28:17.948+0200: 11.123: [GC concurrent-cleanup-end, 0.0007347 secs]
2014-07-10T12:28:18.032+0200: 11.207: [GC pause (G1 Evacuation Pause) (young), 0.0393518 secs]
   [Parallel Time: 38.6 ms, GC Workers: 2]
      [GC Worker Start (ms): Min: 11207.4, Avg: 11207.5, Max: 11207.5, Diff: 0.0]
      [Ext Root Scanning (ms): Min: 0.3, Avg: 0.3, Max: 0.3, Diff: 0.0, Sum: 0.7]
      [Update RS (ms): Min: 0.1, Avg: 0.2, Max: 0.3, Diff: 0.2, Sum: 0.4]
         [Processed Buffers: Min: 1, Avg: 1.5, Max: 2, Diff: 1, Sum: 3]
      [Scan RS (ms): Min: 0.2, Avg: 0.3, Max: 0.4, Diff: 0.2, Sum: 0.6]
      [Code Root Scanning (ms): Min: 0.1, Avg: 0.1, Max: 0.2, Diff: 0.1, Sum: 0.3]
      [Object Copy (ms): Min: 37.5, Avg: 37.5, Max: 37.5, Diff: 0.0, Sum: 75.0]
      [Termination (ms): Min: 0.0, Avg: 0.0, Max: 0.0, Diff: 0.0, Sum: 0.0]
      [GC Worker Other (ms): Min: 0.0, Avg: 0.0, Max: 0.0, Diff: 0.0, Sum: 0.1]
      [GC Worker Total (ms): Min: 38.5, Avg: 38.5, Max: 38.5, Diff: 0.0, Sum: 77.1]
      [GC Worker End (ms): Min: 11246.0, Avg: 11246.0, Max: 11246.0, Diff: 0.0]
   [Code Root Fixup: 0.0 ms]
   [Code Root Migration: 0.0 ms]
   [Clear CT: 0.1 ms]
   [Other: 0.6 ms]
      [Choose CSet: 0.0 ms]
      [Ref Proc: 0.1 ms]
      [Ref Enq: 0.0 ms]
      [Free CSet: 0.3 ms]
   [Eden: 197.0M(197.0M)->0.0B(115.0M) Survivors: 1024.0K->25.0M Heap: 225.5M(512.0M)->89.4M(512.0M)]
 [Times: user=0.08 sys=0.00, real=0.04 secs] 
2014-07-10T12:28:18.189+0200: 11.364: [GC pause (G1 Evacuation Pause) (young), 0.0240598 secs]
   [Parallel Time: 23.3 ms, GC Workers: 2]
      [GC Worker Start (ms): Min: 11364.5, Avg: 11364.5, Max: 11364.5, Diff: 0.0]
      [Ext Root Scanning (ms): Min: 0.3, Avg: 0.3, Max: 0.3, Diff: 0.0, Sum: 0.6]
      [Update RS (ms): Min: 0.0, Avg: 0.0, Max: 0.0, Diff: 0.0, Sum: 0.1]
         [Processed Buffers: Min: 2, Avg: 2.0, Max: 2, Diff: 0, Sum: 4]
      [Scan RS (ms): Min: 0.2, Avg: 0.2, Max: 0.2, Diff: 0.0, Sum: 0.4]
      [Code Root Scanning (ms): Min: 0.1, Avg: 0.1, Max: 0.1, Diff: 0.0, Sum: 0.2]
      [Object Copy (ms): Min: 22.6, Avg: 22.6, Max: 22.6, Diff: 0.0, Sum: 45.2]
      [Termination (ms): Min: 0.0, Avg: 0.0, Max: 0.0, Diff: 0.0, Sum: 0.0]
      [GC Worker Other (ms): Min: 0.0, Avg: 0.0, Max: 0.0, Diff: 0.0, Sum: 0.1]
      [GC Worker Total (ms): Min: 23.3, Avg: 23.3, Max: 23.3, Diff: 0.0, Sum: 46.6]
      [GC Worker End (ms): Min: 11387.8, Avg: 11387.8, Max: 11387.8, Diff: 0.0]
   [Code Root Fixup: 0.0 ms]
   [Code Root Migration: 0.0 ms]
   [Clear CT: 0.2 ms]
   [Other: 0.5 ms]
      [Choose CSet: 0.0 ms]
      [Ref Proc: 0.1 ms]
      [Ref Enq: 0.0 ms]
      [Free CSet: 0.3 ms]
   [Eden: 115.0M(115.0M)->0.0B(107.0M) Survivors: 25.0M->18.0M Heap: 204.4M(512.0M)->100.9M(512.0M)]
 [Times: user=0.06 sys=0.00, real=0.03 secs] 
2014-07-10T12:28:18.270+0200: 11.445: [GC pause (G1 Evacuation Pause) (young), 0.0086106 secs]
   [Parallel Time: 8.0 ms, GC Workers: 2]
      [GC Worker Start (ms): Min: 11445.1, Avg: 11445.1, Max: 11445.1, Diff: 0.0]
      [Ext Root Scanning (ms): Min: 0.3, Avg: 0.3, Max: 0.3, Diff: 0.0, Sum: 0.7]
      [Update RS (ms): Min: 0.0, Avg: 0.0, Max: 0.1, Diff: 0.0, Sum: 0.1]
         [Processed Buffers: Min: 1, Avg: 1.5, Max: 2, Diff: 1, Sum: 3]
      [Scan RS (ms): Min: 0.2, Avg: 0.2, Max: 0.2, Diff: 0.0, Sum: 0.4]
      [Code Root Scanning (ms): Min: 0.1, Avg: 0.1, Max: 0.1, Diff: 0.0, Sum: 0.2]
      [Object Copy (ms): Min: 7.2, Avg: 7.3, Max: 7.3, Diff: 0.0, Sum: 14.5]
      [Termination (ms): Min: 0.0, Avg: 0.0, Max: 0.0, Diff: 0.0, Sum: 0.0]
      [GC Worker Other (ms): Min: 0.0, Avg: 0.0, Max: 0.0, Diff: 0.0, Sum: 0.1]
      [GC Worker Total (ms): Min: 8.0, Avg: 8.0, Max: 8.0, Diff: 0.0, Sum: 16.0]
      [GC Worker End (ms): Min: 11453.1, Avg: 11453.1, Max: 11453.1, Diff: 0.0]
   [Code Root Fixup: 0.0 ms]
   [Code Root Migration: 0.0 ms]
   [Clear CT: 0.1 ms]
   [Other: 0.5 ms]
      [Choose CSet: 0.0 ms]
      [Ref Proc: 0.1 ms]
      [Ref Enq: 0.0 ms]
      [Free CSet: 0.2 ms]
   [Eden: 107.0M(107.0M)->0.0B(127.0M) Survivors: 18.0M->12.0M Heap: 207.9M(512.0M)->94.2M(512.0M)]
 [Times: user=0.02 sys=0.01, real=0.01 secs] 
2014-07-10T12:28:18.422+0200: 11.597: [GC pause (G1 Evacuation Pause) (young), 0.0054048 secs]
   [Parallel Time: 4.8 ms, GC Workers: 2]
      [GC Worker Start (ms): Min: 11597.4, Avg: 11597.4, Max: 11597.4, Diff: 0.0]
      [Ext Root Scanning (ms): Min: 0.3, Avg: 0.3, Max: 0.3, Diff: 0.0, Sum: 0.7]
      [Update RS (ms): Min: 0.0, Avg: 0.0, Max: 0.0, Diff: 0.0, Sum: 0.1]
         [Processed Buffers: Min: 1, Avg: 1.5, Max: 2, Diff: 1, Sum: 3]
      [Scan RS (ms): Min: 0.2, Avg: 0.2, Max: 0.2, Diff: 0.0, Sum: 0.4]
      [Code Root Scanning (ms): Min: 0.1, Avg: 0.1, Max: 0.1, Diff: 0.0, Sum: 0.2]
      [Object Copy (ms): Min: 4.1, Avg: 4.1, Max: 4.1, Diff: 0.0, Sum: 8.2]
      [Termination (ms): Min: 0.0, Avg: 0.0, Max: 0.0, Diff: 0.0, Sum: 0.0]
      [GC Worker Other (ms): Min: 0.0, Avg: 0.0, Max: 0.0, Diff: 0.0, Sum: 0.1]
      [GC Worker Total (ms): Min: 4.8, Avg: 4.8, Max: 4.8, Diff: 0.0, Sum: 9.6]
      [GC Worker End (ms): Min: 11602.2, Avg: 11602.2, Max: 11602.3, Diff: 0.0]
   [Code Root Fixup: 0.0 ms]
   [Code Root Migration: 0.0 ms]
   [Clear CT: 0.1 ms]
   [Other: 0.4 ms]
      [Choose CSet: 0.0 ms]
      [Ref Proc: 0.0 ms]
      [Ref Enq: 0.0 ms]
      [Free CSet: 0.3 ms]
   [Eden: 127.0M(127.0M)->0.0B(114.0M) Survivors: 12.0M->7168.0K Heap: 221.2M(512.0M)->89.1M(512.0M)]
 [Times: user=0.03 sys=0.00, real=0.01 secs] 
2014-07-10T12:28:18.484+0200: 11.659: [GC pause (G1 Evacuation Pause) (young), 0.0297231 secs]
   [Parallel Time: 29.1 ms, GC Workers: 2]
      [GC Worker Start (ms): Min: 11659.4, Avg: 11659.4, Max: 11659.4, Diff: 0.0]
      [Ext Root Scanning (ms): Min: 0.3, Avg: 0.3, Max: 0.3, Diff: 0.0, Sum: 0.7]
      [Update RS (ms): Min: 0.0, Avg: 0.0, Max: 0.0, Diff: 0.0, Sum: 0.1]
         [Processed Buffers: Min: 1, Avg: 1.5, Max: 2, Diff: 1, Sum: 3]
      [Scan RS (ms): Min: 0.2, Avg: 0.2, Max: 0.2, Diff: 0.0, Sum: 0.3]
      [Code Root Scanning (ms): Min: 0.1, Avg: 0.1, Max: 0.1, Diff: 0.0, Sum: 0.2]
      [Object Copy (ms): Min: 28.4, Avg: 28.4, Max: 28.4, Diff: 0.0, Sum: 56.8]
      [Termination (ms): Min: 0.0, Avg: 0.0, Max: 0.0, Diff: 0.0, Sum: 0.0]
      [GC Worker Other (ms): Min: 0.0, Avg: 0.0, Max: 0.0, Diff: 0.0, Sum: 0.1]
      [GC Worker Total (ms): Min: 29.1, Avg: 29.1, Max: 29.1, Diff: 0.0, Sum: 58.1]
      [GC Worker End (ms): Min: 11688.5, Avg: 11688.5, Max: 11688.5, Diff: 0.0]
   [Code Root Fixup: 0.0 ms]
   [Code Root Migration: 0.0 ms]
   [Clear CT: 0.1 ms]
   [Other: 0.5 ms]
      [Choose CSet: 0.0 ms]
      [Ref Proc: 0.2 ms]
      [Ref Enq: 0.0 ms]
      [Free CSet: 0.2 ms]
   [Eden: 114.0M(114.0M)->0.0B(135.0M) Survivors: 7168.0K->16.0M Heap: 203.1M(512.0M)->129.1M(512.0M)]
 [Times: user=0.06 sys=0.00, real=0.03 secs] 
2014-07-10T12:28:18.622+0200: 11.797: [GC pause (G1 Evacuation Pause) (young), 0.0316119 secs]
   [Parallel Time: 31.0 ms, GC Workers: 2]
      [GC Worker Start (ms): Min: 11797.2, Avg: 11797.2, Max: 11797.2, Diff: 0.0]
      [Ext Root Scanning (ms): Min: 0.3, Avg: 0.3, Max: 0.3, Diff: 0.0, Sum: 0.6]
      [Update RS (ms): Min: 0.0, Avg: 0.0, Max: 0.0, Diff: 0.0, Sum: 0.1]
         [Processed Buffers: Min: 1, Avg: 1.5, Max: 2, Diff: 1, Sum: 3]
      [Scan RS (ms): Min: 0.2, Avg: 0.2, Max: 0.2, Diff: 0.0, Sum: 0.4]
      [Code Root Scanning (ms): Min: 0.1, Avg: 0.1, Max: 0.1, Diff: 0.0, Sum: 0.2]
      [Object Copy (ms): Min: 30.2, Avg: 30.2, Max: 30.2, Diff: 0.0, Sum: 60.4]
      [Termination (ms): Min: 0.0, Avg: 0.0, Max: 0.0, Diff: 0.0, Sum: 0.0]
      [GC Worker Other (ms): Min: 0.0, Avg: 0.1, Max: 0.1, Diff: 0.1, Sum: 0.1]
      [GC Worker Total (ms): Min: 31.0, Avg: 31.0, Max: 31.0, Diff: 0.0, Sum: 61.9]
      [GC Worker End (ms): Min: 11828.2, Avg: 11828.2, Max: 11828.2, Diff: 0.0]
   [Code Root Fixup: 0.0 ms]
   [Code Root Migration: 0.0 ms]
   [Clear CT: 0.1 ms]
   [Other: 0.5 ms]
      [Choose CSet: 0.0 ms]
      [Ref Proc: 0.1 ms]
      [Ref Enq: 0.0 ms]
      [Free CSet: 0.3 ms]
   [Eden: 135.0M(135.0M)->0.0B(128.0M) Survivors: 16.0M->19.0M Heap: 264.1M(512.0M)->162.1M(512.0M)]
 [Times: user=0.06 sys=0.00, real=0.03 secs] 
2014-07-10T12:28:18.791+0200: 11.966: [GC pause (G1 Evacuation Pause) (young), 0.0329648 secs]
   [Parallel Time: 32.1 ms, GC Workers: 2]
      [GC Worker Start (ms): Min: 11966.0, Avg: 11966.0, Max: 11966.0, Diff: 0.0]
      [Ext Root Scanning (ms): Min: 0.4, Avg: 0.4, Max: 0.4, Diff: 0.0, Sum: 0.7]
      [Update RS (ms): Min: 0.0, Avg: 0.0, Max: 0.1, Diff: 0.0, Sum: 0.1]
         [Processed Buffers: Min: 1, Avg: 1.5, Max: 2, Diff: 1, Sum: 3]
      [Scan RS (ms): Min: 0.3, Avg: 0.3, Max: 0.3, Diff: 0.0, Sum: 0.6]
      [Code Root Scanning (ms): Min: 0.1, Avg: 0.1, Max: 0.1, Diff: 0.0, Sum: 0.2]
      [Object Copy (ms): Min: 30.7, Avg: 30.7, Max: 30.7, Diff: 0.0, Sum: 61.4]
      [Termination (ms): Min: 0.0, Avg: 0.3, Max: 0.6, Diff: 0.6, Sum: 0.6]
      [GC Worker Other (ms): Min: 0.0, Avg: 0.0, Max: 0.0, Diff: 0.0, Sum: 0.1]
      [GC Worker Total (ms): Min: 31.5, Avg: 31.8, Max: 32.1, Diff: 0.6, Sum: 63.7]
      [GC Worker End (ms): Min: 11997.6, Avg: 11997.9, Max: 11998.2, Diff: 0.6]
   [Code Root Fixup: 0.0 ms]
   [Code Root Migration: 0.0 ms]
   [Clear CT: 0.4 ms]
   [Other: 0.4 ms]
      [Choose CSet: 0.0 ms]
      [Ref Proc: 0.1 ms]
      [Ref Enq: 0.0 ms]
      [Free CSet: 0.2 ms]
   [Eden: 128.0M(128.0M)->0.0B(116.0M) Survivors: 19.0M->19.0M Heap: 290.1M(512.0M)->188.0M(512.0M)]
 [Times: user=0.03 sys=0.00, real=0.03 secs] 
2014-07-10T12:28:18.887+0200: 12.062: [GC pause (G1 Evacuation Pause) (young), 0.0191536 secs]
   [Parallel Time: 18.5 ms, GC Workers: 2]
      [GC Worker Start (ms): Min: 12062.0, Avg: 12062.0, Max: 12062.0, Diff: 0.0]
      [Ext Root Scanning (ms): Min: 0.3, Avg: 0.3, Max: 0.3, Diff: 0.0, Sum: 0.6]
      [Update RS (ms): Min: 0.0, Avg: 0.0, Max: 0.1, Diff: 0.0, Sum: 0.1]
         [Processed Buffers: Min: 1, Avg: 1.0, Max: 1, Diff: 0, Sum: 2]
      [Scan RS (ms): Min: 0.2, Avg: 0.2, Max: 0.2, Diff: 0.0, Sum: 0.4]
      [Code Root Scanning (ms): Min: 0.1, Avg: 0.1, Max: 0.1, Diff: 0.0, Sum: 0.2]
      [Object Copy (ms): Min: 17.7, Avg: 17.7, Max: 17.8, Diff: 0.0, Sum: 35.5]
      [Termination (ms): Min: 0.0, Avg: 0.0, Max: 0.0, Diff: 0.0, Sum: 0.0]
      [GC Worker Other (ms): Min: 0.0, Avg: 0.0, Max: 0.0, Diff: 0.0, Sum: 0.0]
      [GC Worker Total (ms): Min: 18.4, Avg: 18.4, Max: 18.4, Diff: 0.0, Sum: 36.8]
      [GC Worker End (ms): Min: 12080.4, Avg: 12080.4, Max: 12080.4, Diff: 0.0]
   [Code Root Fixup: 0.0 ms]
   [Code Root Migration: 0.0 ms]
   [Clear CT: 0.1 ms]
   [Other: 0.6 ms]
      [Choose CSet: 0.0 ms]
      [Ref Proc: 0.2 ms]
      [Ref Enq: 0.0 ms]
      [Free CSet: 0.2 ms]
   [Eden: 116.0M(116.0M)->0.0B(130.0M) Survivors: 19.0M->17.0M Heap: 304.0M(512.0M)->197.7M(512.0M)]
 [Times: user=0.03 sys=0.00, real=0.02 secs] 
2014-07-10T12:28:19.005+0200: 12.180: [GC pause (G1 Evacuation Pause) (young), 0.0175203 secs]
   [Parallel Time: 16.9 ms, GC Workers: 2]
      [GC Worker Start (ms): Min: 12179.8, Avg: 12179.8, Max: 12179.8, Diff: 0.0]
      [Ext Root Scanning (ms): Min: 0.3, Avg: 0.3, Max: 0.3, Diff: 0.0, Sum: 0.6]
      [Update RS (ms): Min: 0.0, Avg: 0.0, Max: 0.0, Diff: 0.0, Sum: 0.1]
         [Processed Buffers: Min: 1, Avg: 1.0, Max: 1, Diff: 0, Sum: 2]
      [Scan RS (ms): Min: 0.2, Avg: 0.2, Max: 0.2, Diff: 0.0, Sum: 0.4]
      [Code Root Scanning (ms): Min: 0.1, Avg: 0.1, Max: 0.1, Diff: 0.0, Sum: 0.2]
      [Object Copy (ms): Min: 16.2, Avg: 16.2, Max: 16.2, Diff: 0.0, Sum: 32.4]
      [Termination (ms): Min: 0.0, Avg: 0.0, Max: 0.0, Diff: 0.0, Sum: 0.0]
      [GC Worker Other (ms): Min: 0.0, Avg: 0.0, Max: 0.0, Diff: 0.0, Sum: 0.1]
      [GC Worker Total (ms): Min: 16.8, Avg: 16.9, Max: 16.9, Diff: 0.0, Sum: 33.7]
      [GC Worker End (ms): Min: 12196.6, Avg: 12196.6, Max: 12196.6, Diff: 0.0]
   [Code Root Fixup: 0.0 ms]
   [Code Root Migration: 0.0 ms]
   [Clear CT: 0.2 ms]
   [Other: 0.5 ms]
      [Choose CSet: 0.0 ms]
      [Ref Proc: 0.1 ms]
      [Ref Enq: 0.0 ms]
      [Free CSet: 0.2 ms]
   [Eden: 130.0M(130.0M)->0.0B(125.0M) Survivors: 17.0M->19.0M Heap: 327.7M(512.0M)->207.3M(512.0M)]
 [Times: user=0.03 sys=0.00, real=0.02 secs] 
2014-07-10T12:28:19.157+0200: 12.332: [GC pause (G1 Evacuation Pause) (young), 0.0037454 secs]
   [Parallel Time: 2.6 ms, GC Workers: 2]
      [GC Worker Start (ms): Min: 12332.2, Avg: 12332.2, Max: 12332.3, Diff: 0.0]
      [Ext Root Scanning (ms): Min: 0.6, Avg: 0.6, Max: 0.6, Diff: 0.0, Sum: 1.1]
      [Update RS (ms): Min: 0.1, Avg: 0.1, Max: 0.1, Diff: 0.0, Sum: 0.1]
         [Processed Buffers: Min: 1, Avg: 1.5, Max: 2, Diff: 1, Sum: 3]
      [Scan RS (ms): Min: 0.3, Avg: 0.3, Max: 0.3, Diff: 0.0, Sum: 0.7]
      [Code Root Scanning (ms): Min: 0.1, Avg: 0.1, Max: 0.1, Diff: 0.0, Sum: 0.3]
      [Object Copy (ms): Min: 1.4, Avg: 1.4, Max: 1.4, Diff: 0.0, Sum: 2.8]
      [Termination (ms): Min: 0.0, Avg: 0.0, Max: 0.0, Diff: 0.0, Sum: 0.0]
      [GC Worker Other (ms): Min: 0.0, Avg: 0.0, Max: 0.0, Diff: 0.0, Sum: 0.1]
      [GC Worker Total (ms): Min: 2.5, Avg: 2.5, Max: 2.6, Diff: 0.0, Sum: 5.1]
      [GC Worker End (ms): Min: 12334.8, Avg: 12334.8, Max: 12334.8, Diff: 0.0]
   [Code Root Fixup: 0.0 ms]
   [Code Root Migration: 0.0 ms]
   [Clear CT: 0.3 ms]
   [Other: 0.8 ms]
      [Choose CSet: 0.0 ms]
      [Ref Proc: 0.1 ms]
      [Ref Enq: 0.0 ms]
      [Free CSet: 0.5 ms]
   [Eden: 125.0M(125.0M)->0.0B(114.0M) Survivors: 19.0M->3072.0K Heap: 332.3M(512.0M)->190.6M(512.0M)]
 [Times: user=0.02 sys=0.00, real=0.00 secs] 
2014-07-10T12:28:19.230+0200: 12.405: [GC pause (G1 Evacuation Pause) (young), 0.0339774 secs]
   [Parallel Time: 33.4 ms, GC Workers: 2]
      [GC Worker Start (ms): Min: 12404.9, Avg: 12404.9, Max: 12404.9, Diff: 0.0]
      [Ext Root Scanning (ms): Min: 0.4, Avg: 0.4, Max: 0.4, Diff: 0.0, Sum: 0.7]
      [Update RS (ms): Min: 0.1, Avg: 0.1, Max: 0.1, Diff: 0.0, Sum: 0.1]
         [Processed Buffers: Min: 1, Avg: 1.5, Max: 2, Diff: 1, Sum: 3]
      [Scan RS (ms): Min: 0.2, Avg: 0.2, Max: 0.2, Diff: 0.0, Sum: 0.4]
      [Code Root Scanning (ms): Min: 0.1, Avg: 0.1, Max: 0.1, Diff: 0.0, Sum: 0.2]
      [Object Copy (ms): Min: 32.6, Avg: 32.6, Max: 32.6, Diff: 0.0, Sum: 65.1]
      [Termination (ms): Min: 0.0, Avg: 0.0, Max: 0.0, Diff: 0.0, Sum: 0.0]
      [GC Worker Other (ms): Min: 0.0, Avg: 0.0, Max: 0.0, Diff: 0.0, Sum: 0.1]
      [GC Worker Total (ms): Min: 33.3, Avg: 33.3, Max: 33.3, Diff: 0.0, Sum: 66.6]
      [GC Worker End (ms): Min: 12438.2, Avg: 12438.2, Max: 12438.2, Diff: 0.0]
   [Code Root Fixup: 0.0 ms]
   [Code Root Migration: 0.0 ms]
   [Clear CT: 0.1 ms]
   [Other: 0.4 ms]
      [Choose CSet: 0.0 ms]
      [Ref Proc: 0.0 ms]
      [Ref Enq: 0.0 ms]
      [Free CSet: 0.2 ms]
   [Eden: 114.0M(114.0M)->0.0B(123.0M) Survivors: 3072.0K->15.0M Heap: 304.6M(512.0M)->238.6M(512.0M)]
 [Times: user=0.06 sys=0.00, real=0.03 secs] 
2014-07-10T12:28:19.374+0200: 12.549: [GC pause (G1 Evacuation Pause) (young), 0.0272311 secs]
   [Parallel Time: 26.6 ms, GC Workers: 2]
      [GC Worker Start (ms): Min: 12549.1, Avg: 12549.1, Max: 12549.1, Diff: 0.0]
      [Ext Root Scanning (ms): Min: 0.3, Avg: 0.3, Max: 0.3, Diff: 0.0, Sum: 0.7]
      [Update RS (ms): Min: 0.0, Avg: 0.0, Max: 0.1, Diff: 0.0, Sum: 0.1]
         [Processed Buffers: Min: 1, Avg: 1.5, Max: 2, Diff: 1, Sum: 3]
      [Scan RS (ms): Min: 0.2, Avg: 0.2, Max: 0.2, Diff: 0.0, Sum: 0.4]
      [Code Root Scanning (ms): Min: 0.1, Avg: 0.1, Max: 0.1, Diff: 0.0, Sum: 0.2]
      [Object Copy (ms): Min: 25.4, Avg: 25.5, Max: 25.6, Diff: 0.1, Sum: 51.0]
      [Termination (ms): Min: 0.0, Avg: 0.2, Max: 0.4, Diff: 0.4, Sum: 0.4]
      [GC Worker Other (ms): Min: 0.0, Avg: 0.0, Max: 0.0, Diff: 0.0, Sum: 0.1]
      [GC Worker Total (ms): Min: 26.3, Avg: 26.4, Max: 26.6, Diff: 0.3, Sum: 52.9]
      [GC Worker End (ms): Min: 12575.4, Avg: 12575.5, Max: 12575.6, Diff: 0.3]
   [Code Root Fixup: 0.0 ms]
   [Code Root Migration: 0.0 ms]
   [Clear CT: 0.1 ms]
   [Other: 0.5 ms]
      [Choose CSet: 0.0 ms]
      [Ref Proc: 0.1 ms]
      [Ref Enq: 0.0 ms]
      [Free CSet: 0.2 ms]
   [Eden: 123.0M(123.0M)->0.0B(115.0M) Survivors: 15.0M->18.0M Heap: 361.6M(512.0M)->264.7M(512.0M)]
 [Times: user=0.06 sys=0.00, real=0.03 secs] 
2014-07-10T12:28:19.467+0200: 12.643: [GC pause (G1 Evacuation Pause) (young) (initial-mark), 0.0160967 secs]
   [Parallel Time: 15.4 ms, GC Workers: 2]
      [GC Worker Start (ms): Min: 12642.8, Avg: 12643.0, Max: 12643.3, Diff: 0.5]
      [Ext Root Scanning (ms): Min: 0.2, Avg: 0.4, Max: 0.7, Diff: 0.5, Sum: 0.8]
      [Code Root Marking (ms): Min: 0.0, Avg: 0.1, Max: 0.1, Diff: 0.0, Sum: 0.1]
      [Update RS (ms): Min: 0.0, Avg: 0.0, Max: 0.0, Diff: 0.0, Sum: 0.1]
         [Processed Buffers: Min: 1, Avg: 1.5, Max: 2, Diff: 1, Sum: 3]
      [Scan RS (ms): Min: 0.2, Avg: 0.2, Max: 0.2, Diff: 0.0, Sum: 0.4]
      [Code Root Scanning (ms): Min: 0.1, Avg: 0.1, Max: 0.1, Diff: 0.0, Sum: 0.2]
      [Object Copy (ms): Min: 14.2, Avg: 14.3, Max: 14.3, Diff: 0.1, Sum: 28.5]
      [Termination (ms): Min: 0.0, Avg: 0.0, Max: 0.0, Diff: 0.0, Sum: 0.0]
      [GC Worker Other (ms): Min: 0.0, Avg: 0.0, Max: 0.0, Diff: 0.0, Sum: 0.1]
      [GC Worker Total (ms): Min: 14.8, Avg: 15.1, Max: 15.3, Diff: 0.5, Sum: 30.2]
      [GC Worker End (ms): Min: 12658.1, Avg: 12658.1, Max: 12658.1, Diff: 0.0]
   [Code Root Fixup: 0.0 ms]
   [Code Root Migration: 0.0 ms]
   [Clear CT: 0.1 ms]
   [Other: 0.6 ms]
      [Choose CSet: 0.0 ms]
      [Ref Proc: 0.1 ms]
      [Ref Enq: 0.0 ms]
      [Free CSet: 0.2 ms]
   [Eden: 115.0M(115.0M)->0.0B(126.0M) Survivors: 18.0M->17.0M Heap: 379.7M(512.0M)->270.6M(512.0M)]
 [Times: user=0.03 sys=0.00, real=0.02 secs] 
2014-07-10T12:28:19.484+0200: 12.659: [GC concurrent-root-region-scan-start]
2014-07-10T12:28:19.484+0200: 12.659: [GC concurrent-root-region-scan-end, 0.0002222 secs]
2014-07-10T12:28:19.484+0200: 12.659: [GC concurrent-mark-start]
2014-07-10T12:28:19.563+0200: 12.738: [GC concurrent-mark-end, 0.0049201 secs]
2014-07-10T12:28:19.563+0200: 12.738: [GC remark 12.738: [GC ref-proc, 0.0000656 secs], 0.0012124 secs]
 [Times: user=0.00 sys=0.00, real=0.00 secs] 
2014-07-10T12:28:19.597+0200: 12.773: [GC pause (G1 Evacuation Pause) (young), 0.0076727 secs]
   [Parallel Time: 7.1 ms, GC Workers: 2]
      [GC Worker Start (ms): Min: 12772.7, Avg: 12772.7, Max: 12772.7, Diff: 0.0]
      [Ext Root Scanning (ms): Min: 0.3, Avg: 0.3, Max: 0.3, Diff: 0.0, Sum: 0.7]
      [SATB Filtering (ms): Min: 0.0, Avg: 0.0, Max: 0.0, Diff: 0.0, Sum: 0.0]
      [Update RS (ms): Min: 0.0, Avg: 0.0, Max: 0.1, Diff: 0.0, Sum: 0.1]
         [Processed Buffers: Min: 1, Avg: 1.5, Max: 2, Diff: 1, Sum: 3]
      [Scan RS (ms): Min: 0.2, Avg: 0.2, Max: 0.2, Diff: 0.0, Sum: 0.5]
      [Code Root Scanning (ms): Min: 0.1, Avg: 0.1, Max: 0.1, Diff: 0.0, Sum: 0.2]
      [Object Copy (ms): Min: 6.3, Avg: 6.3, Max: 6.3, Diff: 0.0, Sum: 12.6]
      [Termination (ms): Min: 0.0, Avg: 0.0, Max: 0.0, Diff: 0.0, Sum: 0.0]
      [GC Worker Other (ms): Min: 0.0, Avg: 0.0, Max: 0.0, Diff: 0.0, Sum: 0.1]
      [GC Worker Total (ms): Min: 7.1, Avg: 7.1, Max: 7.1, Diff: 0.0, Sum: 14.1]
      [GC Worker End (ms): Min: 12779.8, Avg: 12779.8, Max: 12779.8, Diff: 0.0]
   [Code Root Fixup: 0.0 ms]
   [Code Root Migration: 0.0 ms]
   [Clear CT: 0.1 ms]
   [Other: 0.4 ms]
      [Choose CSet: 0.0 ms]
      [Ref Proc: 0.1 ms]
      [Ref Enq: 0.0 ms]
      [Free CSet: 0.2 ms]
   [Eden: 126.0M(126.0M)->0.0B(118.0M) Survivors: 17.0M->10.0M Heap: 396.6M(512.0M)->263.4M(512.0M)]
 [Times: user=0.00 sys=0.00, real=0.01 secs] 
2014-07-10T12:28:19.643+0200: 12.818: [GC cleanup 319M->107M(512M), 0.0016088 secs]
 [Times: user=0.01 sys=0.02, real=0.00 secs] 
2014-07-10T12:28:19.644+0200: 12.819: [GC concurrent-cleanup-start]
2014-07-10T12:28:19.645+0200: 12.820: [GC concurrent-cleanup-end, 0.0004242 secs]
2014-07-10T12:28:19.688+0200: 12.863: [GC pause (G1 Evacuation Pause) (young), 0.0385873 secs]
   [Parallel Time: 38.0 ms, GC Workers: 2]
      [GC Worker Start (ms): Min: 12862.9, Avg: 12862.9, Max: 12862.9, Diff: 0.0]
      [Ext Root Scanning (ms): Min: 0.3, Avg: 0.3, Max: 0.3, Diff: 0.0, Sum: 0.5]
      [Update RS (ms): Min: 0.0, Avg: 0.0, Max: 0.0, Diff: 0.0, Sum: 0.1]
         [Processed Buffers: Min: 1, Avg: 1.5, Max: 2, Diff: 1, Sum: 3]
      [Scan RS (ms): Min: 0.2, Avg: 0.2, Max: 0.2, Diff: 0.0, Sum: 0.4]
      [Code Root Scanning (ms): Min: 0.1, Avg: 0.1, Max: 0.1, Diff: 0.0, Sum: 0.2]
      [Object Copy (ms): Min: 37.4, Avg: 37.4, Max: 37.4, Diff: 0.0, Sum: 74.8]
      [Termination (ms): Min: 0.0, Avg: 0.0, Max: 0.0, Diff: 0.0, Sum: 0.0]
      [GC Worker Other (ms): Min: 0.0, Avg: 0.0, Max: 0.0, Diff: 0.0, Sum: 0.1]
      [GC Worker Total (ms): Min: 38.0, Avg: 38.0, Max: 38.0, Diff: 0.0, Sum: 76.0]
      [GC Worker End (ms): Min: 12900.9, Avg: 12900.9, Max: 12900.9, Diff: 0.0]
   [Code Root Fixup: 0.0 ms]
   [Code Root Migration: 0.0 ms]
   [Clear CT: 0.1 ms]
   [Other: 0.4 ms]
      [Choose CSet: 0.0 ms]
      [Ref Proc: 0.1 ms]
      [Ref Enq: 0.0 ms]
      [Free CSet: 0.2 ms]
   [Eden: 118.0M(118.0M)->0.0B(119.0M) Survivors: 10.0M->16.0M Heap: 169.4M(512.0M)->103.3M(512.0M)]
 [Times: user=0.09 sys=0.00, real=0.04 secs] 
2014-07-10T12:28:19.810+0200: 12.986: [GC pause (G1 Evacuation Pause) (young), 0.0309960 secs]
   [Parallel Time: 30.4 ms, GC Workers: 2]
      [GC Worker Start (ms): Min: 12985.7, Avg: 12985.7, Max: 12985.7, Diff: 0.0]
      [Ext Root Scanning (ms): Min: 0.3, Avg: 0.3, Max: 0.3, Diff: 0.0, Sum: 0.6]
      [Update RS (ms): Min: 0.0, Avg: 0.1, Max: 0.1, Diff: 0.0, Sum: 0.1]
         [Processed Buffers: Min: 1, Avg: 1.5, Max: 2, Diff: 1, Sum: 3]
      [Scan RS (ms): Min: 0.2, Avg: 0.2, Max: 0.2, Diff: 0.0, Sum: 0.4]
      [Code Root Scanning (ms): Min: 0.1, Avg: 0.1, Max: 0.1, Diff: 0.0, Sum: 0.2]
      [Object Copy (ms): Min: 29.6, Avg: 29.6, Max: 29.6, Diff: 0.0, Sum: 59.3]
      [Termination (ms): Min: 0.0, Avg: 0.0, Max: 0.0, Diff: 0.0, Sum: 0.0]
      [GC Worker Other (ms): Min: 0.0, Avg: 0.0, Max: 0.0, Diff: 0.0, Sum: 0.1]
      [GC Worker Total (ms): Min: 30.3, Avg: 30.3, Max: 30.3, Diff: 0.0, Sum: 60.7]
      [GC Worker End (ms): Min: 13016.0, Avg: 13016.0, Max: 13016.0, Diff: 0.0]
   [Code Root Fixup: 0.0 ms]
   [Code Root Migration: 0.0 ms]
   [Clear CT: 0.1 ms]
   [Other: 0.4 ms]
      [Choose CSet: 0.0 ms]
      [Ref Proc: 0.1 ms]
      [Ref Enq: 0.0 ms]
      [Free CSet: 0.2 ms]
   [Eden: 119.0M(119.0M)->0.0B(119.0M) Survivors: 16.0M->17.0M Heap: 222.3M(512.0M)->135.9M(512.0M)]
 [Times: user=0.06 sys=0.00, real=0.03 secs] 
2014-07-10T12:28:19.988+0200: 13.164: [GC pause (G1 Evacuation Pause) (young), 0.0235502 secs]
   [Parallel Time: 22.9 ms, GC Workers: 2]
      [GC Worker Start (ms): Min: 13163.8, Avg: 13164.8, Max: 13165.9, Diff: 2.1]
      [Ext Root Scanning (ms): Min: 0.0, Avg: 0.2, Max: 0.3, Diff: 0.3, Sum: 0.3]
      [Update RS (ms): Min: 0.0, Avg: 0.0, Max: 0.0, Diff: 0.0, Sum: 0.1]
         [Processed Buffers: Min: 0, Avg: 1.5, Max: 3, Diff: 3, Sum: 3]
      [Scan RS (ms): Min: 0.0, Avg: 0.2, Max: 0.4, Diff: 0.3, Sum: 0.4]
      [Code Root Scanning (ms): Min: 0.0, Avg: 0.1, Max: 0.2, Diff: 0.2, Sum: 0.2]
      [Object Copy (ms): Min: 20.7, Avg: 21.3, Max: 21.9, Diff: 1.2, Sum: 42.7]
      [Termination (ms): Min: 0.0, Avg: 0.0, Max: 0.0, Diff: 0.0, Sum: 0.0]
      [GC Worker Other (ms): Min: 0.0, Avg: 0.0, Max: 0.0, Diff: 0.0, Sum: 0.1]
      [GC Worker Total (ms): Min: 20.8, Avg: 21.9, Max: 22.9, Diff: 2.1, Sum: 43.7]
      [GC Worker End (ms): Min: 13186.7, Avg: 13186.7, Max: 13186.7, Diff: 0.0]
   [Code Root Fixup: 0.0 ms]
   [Code Root Migration: 0.0 ms]
   [Clear CT: 0.1 ms]
   [Other: 0.5 ms]
      [Choose CSet: 0.0 ms]
      [Ref Proc: 0.1 ms]
      [Ref Enq: 0.0 ms]
      [Free CSet: 0.3 ms]
   [Eden: 119.0M(119.0M)->0.0B(108.0M) Survivors: 17.0M->17.0M Heap: 254.9M(512.0M)->154.4M(512.0M)]
 [Times: user=0.03 sys=0.00, real=0.02 secs] 
2014-07-10T12:28:20.065+0200: 13.240: [GC pause (G1 Evacuation Pause) (young), 0.0423192 secs]
   [Parallel Time: 41.5 ms, GC Workers: 2]
      [GC Worker Start (ms): Min: 13239.9, Avg: 13239.9, Max: 13239.9, Diff: 0.0]
      [Ext Root Scanning (ms): Min: 0.3, Avg: 0.3, Max: 0.3, Diff: 0.0, Sum: 0.7]
      [Update RS (ms): Min: 0.0, Avg: 0.0, Max: 0.1, Diff: 0.0, Sum: 0.1]
         [Processed Buffers: Min: 1, Avg: 1.5, Max: 2, Diff: 1, Sum: 3]
      [Scan RS (ms): Min: 0.2, Avg: 0.2, Max: 0.2, Diff: 0.0, Sum: 0.4]
      [Code Root Scanning (ms): Min: 0.1, Avg: 0.1, Max: 0.1, Diff: 0.0, Sum: 0.2]
      [Object Copy (ms): Min: 40.7, Avg: 40.7, Max: 40.8, Diff: 0.0, Sum: 81.5]
      [Termination (ms): Min: 0.0, Avg: 0.0, Max: 0.0, Diff: 0.0, Sum: 0.0]
      [GC Worker Other (ms): Min: 0.0, Avg: 0.0, Max: 0.0, Diff: 0.0, Sum: 0.1]
      [GC Worker Total (ms): Min: 41.4, Avg: 41.4, Max: 41.4, Diff: 0.0, Sum: 82.9]
      [GC Worker End (ms): Min: 13281.4, Avg: 13281.4, Max: 13281.4, Diff: 0.0]
   [Code Root Fixup: 0.0 ms]
   [Code Root Migration: 0.0 ms]
   [Clear CT: 0.1 ms]
   [Other: 0.7 ms]
      [Choose CSet: 0.0 ms]
      [Ref Proc: 0.4 ms]
      [Ref Enq: 0.0 ms]
      [Free CSet: 0.2 ms]
   [Eden: 108.0M(108.0M)->0.0B(133.0M) Survivors: 17.0M->16.0M Heap: 262.4M(512.0M)->202.6M(512.0M)]
 [Times: user=0.06 sys=0.00, real=0.04 secs] 
2014-07-10T12:28:20.187+0200: 13.362: [GC pause (G1 Evacuation Pause) (young), 0.0015281 secs]
   [Parallel Time: 0.9 ms, GC Workers: 2]
      [GC Worker Start (ms): Min: 13362.4, Avg: 13362.4, Max: 13362.4, Diff: 0.0]
      [Ext Root Scanning (ms): Min: 0.4, Avg: 0.4, Max: 0.4, Diff: 0.0, Sum: 0.8]
      [Update RS (ms): Min: 0.0, Avg: 0.0, Max: 0.1, Diff: 0.0, Sum: 0.1]
         [Processed Buffers: Min: 1, Avg: 1.5, Max: 2, Diff: 1, Sum: 3]
      [Scan RS (ms): Min: 0.2, Avg: 0.2, Max: 0.2, Diff: 0.0, Sum: 0.5]
      [Code Root Scanning (ms): Min: 0.1, Avg: 0.1, Max: 0.1, Diff: 0.0, Sum: 0.2]
      [Object Copy (ms): Min: 0.1, Avg: 0.1, Max: 0.1, Diff: 0.0, Sum: 0.2]
      [Termination (ms): Min: 0.0, Avg: 0.0, Max: 0.0, Diff: 0.0, Sum: 0.0]
      [GC Worker Other (ms): Min: 0.0, Avg: 0.0, Max: 0.0, Diff: 0.0, Sum: 0.1]
      [GC Worker Total (ms): Min: 0.9, Avg: 0.9, Max: 0.9, Diff: 0.0, Sum: 1.8]
      [GC Worker End (ms): Min: 13363.3, Avg: 13363.3, Max: 13363.3, Diff: 0.0]
   [Code Root Fixup: 0.0 ms]
   [Code Root Migration: 0.0 ms]
   [Clear CT: 0.1 ms]
   [Other: 0.4 ms]
      [Choose CSet: 0.0 ms]
      [Ref Proc: 0.1 ms]
      [Ref Enq: 0.0 ms]
      [Free CSet: 0.2 ms]
   [Eden: 133.0M(133.0M)->0.0B(136.0M) Survivors: 16.0M->1024.0K Heap: 335.6M(512.0M)->186.7M(512.0M)]
 [Times: user=0.00 sys=0.00, real=0.00 secs] 
2014-07-10T12:28:20.357+0200: 13.532: [GC pause (G1 Evacuation Pause) (young), 0.0035137 secs]
   [Parallel Time: 2.8 ms, GC Workers: 2]
      [GC Worker Start (ms): Min: 13532.2, Avg: 13532.3, Max: 13532.3, Diff: 0.0]
      [Ext Root Scanning (ms): Min: 0.2, Avg: 0.3, Max: 0.3, Diff: 0.0, Sum: 0.5]
      [Update RS (ms): Min: 0.1, Avg: 0.1, Max: 0.1, Diff: 0.0, Sum: 0.1]
         [Processed Buffers: Min: 1, Avg: 1.5, Max: 2, Diff: 1, Sum: 3]
      [Scan RS (ms): Min: 0.2, Avg: 0.2, Max: 0.2, Diff: 0.0, Sum: 0.4]
      [Code Root Scanning (ms): Min: 0.1, Avg: 0.1, Max: 0.1, Diff: 0.0, Sum: 0.2]
      [Object Copy (ms): Min: 2.1, Avg: 2.1, Max: 2.2, Diff: 0.0, Sum: 4.3]
      [Termination (ms): Min: 0.0, Avg: 0.0, Max: 0.0, Diff: 0.0, Sum: 0.0]
      [GC Worker Other (ms): Min: 0.0, Avg: 0.0, Max: 0.0, Diff: 0.0, Sum: 0.1]
      [GC Worker Total (ms): Min: 2.8, Avg: 2.8, Max: 2.8, Diff: 0.0, Sum: 5.6]
      [GC Worker End (ms): Min: 13535.0, Avg: 13535.0, Max: 13535.0, Diff: 0.0]
   [Code Root Fixup: 0.0 ms]
   [Code Root Migration: 0.0 ms]
   [Clear CT: 0.1 ms]
   [Other: 0.5 ms]
      [Choose CSet: 0.0 ms]
      [Ref Proc: 0.1 ms]
      [Ref Enq: 0.0 ms]
      [Free CSet: 0.3 ms]
   [Eden: 136.0M(136.0M)->0.0B(121.0M) Survivors: 1024.0K->4096.0K Heap: 322.7M(512.0M)->190.6M(512.0M)]
 [Times: user=0.00 sys=0.00, real=0.00 secs] 
2014-07-10T12:28:20.420+0200: 13.595: [GC pause (G1 Evacuation Pause) (young), 0.0372902 secs]
   [Parallel Time: 36.8 ms, GC Workers: 2]
      [GC Worker Start (ms): Min: 13595.4, Avg: 13595.4, Max: 13595.4, Diff: 0.0]
      [Ext Root Scanning (ms): Min: 0.3, Avg: 0.3, Max: 0.4, Diff: 0.0, Sum: 0.7]
      [Update RS (ms): Min: 0.0, Avg: 0.0, Max: 0.0, Diff: 0.0, Sum: 0.1]
         [Processed Buffers: Min: 1, Avg: 1.0, Max: 1, Diff: 0, Sum: 2]
      [Scan RS (ms): Min: 0.2, Avg: 0.2, Max: 0.3, Diff: 0.1, Sum: 0.4]
      [Code Root Scanning (ms): Min: 0.1, Avg: 0.2, Max: 0.2, Diff: 0.1, Sum: 0.3]
      [Object Copy (ms): Min: 35.9, Avg: 35.9, Max: 35.9, Diff: 0.0, Sum: 71.8]
      [Termination (ms): Min: 0.0, Avg: 0.0, Max: 0.0, Diff: 0.0, Sum: 0.0]
      [GC Worker Other (ms): Min: 0.0, Avg: 0.0, Max: 0.0, Diff: 0.0, Sum: 0.1]
      [GC Worker Total (ms): Min: 36.7, Avg: 36.7, Max: 36.7, Diff: 0.0, Sum: 73.4]
      [GC Worker End (ms): Min: 13632.1, Avg: 13632.1, Max: 13632.1, Diff: 0.0]
   [Code Root Fixup: 0.0 ms]
   [Code Root Migration: 0.0 ms]
   [Clear CT: 0.1 ms]
   [Other: 0.4 ms]
      [Choose CSet: 0.0 ms]
      [Ref Proc: 0.1 ms]
      [Ref Enq: 0.0 ms]
      [Free CSet: 0.2 ms]
   [Eden: 121.0M(121.0M)->0.0B(140.0M) Survivors: 4096.0K->16.0M Heap: 311.6M(512.0M)->245.5M(512.0M)]
 [Times: user=0.09 sys=0.00, real=0.04 secs] 
2014-07-10T12:28:20.597+0200: 13.772: [GC pause (G1 Evacuation Pause) (young), 0.0357654 secs]
   [Parallel Time: 35.0 ms, GC Workers: 2]
      [GC Worker Start (ms): Min: 13771.9, Avg: 13771.9, Max: 13772.0, Diff: 0.0]
      [Ext Root Scanning (ms): Min: 0.4, Avg: 0.4, Max: 0.4, Diff: 0.0, Sum: 0.7]
      [Update RS (ms): Min: 0.1, Avg: 0.1, Max: 0.1, Diff: 0.0, Sum: 0.1]
         [Processed Buffers: Min: 1, Avg: 1.5, Max: 2, Diff: 1, Sum: 3]
      [Scan RS (ms): Min: 0.3, Avg: 0.3, Max: 0.3, Diff: 0.0, Sum: 0.6]
      [Code Root Scanning (ms): Min: 0.1, Avg: 0.1, Max: 0.1, Diff: 0.0, Sum: 0.2]
      [Object Copy (ms): Min: 34.1, Avg: 34.1, Max: 34.1, Diff: 0.0, Sum: 68.2]
      [Termination (ms): Min: 0.0, Avg: 0.0, Max: 0.0, Diff: 0.0, Sum: 0.0]
      [GC Worker Other (ms): Min: 0.0, Avg: 0.1, Max: 0.1, Diff: 0.0, Sum: 0.1]
      [GC Worker Total (ms): Min: 34.9, Avg: 35.0, Max: 35.0, Diff: 0.0, Sum: 69.9]
      [GC Worker End (ms): Min: 13806.9, Avg: 13806.9, Max: 13806.9, Diff: 0.0]
   [Code Root Fixup: 0.0 ms]
   [Code Root Migration: 0.0 ms]
   [Clear CT: 0.2 ms]
   [Other: 0.5 ms]
      [Choose CSet: 0.0 ms]
      [Ref Proc: 0.1 ms]
      [Ref Enq: 0.0 ms]
      [Free CSet: 0.2 ms]
   [Eden: 140.0M(140.0M)->0.0B(126.0M) Survivors: 16.0M->20.0M Heap: 385.5M(512.0M)->284.2M(512.0M)]
 [Times: user=0.06 sys=0.00, real=0.04 secs] 
2014-07-10T12:28:20.692+0200: 13.868: [GC pause (G1 Evacuation Pause) (young) (initial-mark), 0.0311738 secs]
   [Parallel Time: 30.4 ms, GC Workers: 2]
      [GC Worker Start (ms): Min: 13867.9, Avg: 13867.9, Max: 13867.9, Diff: 0.0]
      [Ext Root Scanning (ms): Min: 0.4, Avg: 0.4, Max: 0.4, Diff: 0.0, Sum: 0.8]
      [Code Root Marking (ms): Min: 0.1, Avg: 0.1, Max: 0.1, Diff: 0.0, Sum: 0.1]
      [Update RS (ms): Min: 0.1, Avg: 0.1, Max: 0.2, Diff: 0.2, Sum: 0.3]
         [Processed Buffers: Min: 1, Avg: 2.0, Max: 3, Diff: 2, Sum: 4]
      [Scan RS (ms): Min: 0.2, Avg: 0.2, Max: 0.3, Diff: 0.1, Sum: 0.5]
      [Code Root Scanning (ms): Min: 0.1, Avg: 0.1, Max: 0.1, Diff: 0.0, Sum: 0.2]
      [Object Copy (ms): Min: 29.4, Avg: 29.4, Max: 29.4, Diff: 0.0, Sum: 58.8]
      [Termination (ms): Min: 0.0, Avg: 0.0, Max: 0.0, Diff: 0.0, Sum: 0.0]
      [GC Worker Other (ms): Min: 0.0, Avg: 0.0, Max: 0.0, Diff: 0.0, Sum: 0.1]
      [GC Worker Total (ms): Min: 30.4, Avg: 30.4, Max: 30.4, Diff: 0.0, Sum: 60.7]
      [GC Worker End (ms): Min: 13898.3, Avg: 13898.3, Max: 13898.3, Diff: 0.0]
   [Code Root Fixup: 0.0 ms]
   [Code Root Migration: 0.0 ms]
   [Clear CT: 0.1 ms]
   [Other: 0.6 ms]
      [Choose CSet: 0.0 ms]
      [Ref Proc: 0.0 ms]
      [Ref Enq: 0.0 ms]
      [Free CSet: 0.3 ms]
   [Eden: 126.0M(126.0M)->0.0B(145.0M) Survivors: 20.0M->19.0M Heap: 410.2M(512.0M)->312.7M(512.0M)]
 [Times: user=0.06 sys=0.00, real=0.03 secs] 
2014-07-10T12:28:20.724+0200: 13.899: [GC concurrent-root-region-scan-start]
2014-07-10T12:28:20.724+0200: 13.900: [GC concurrent-root-region-scan-end, 0.0004242 secs]
2014-07-10T12:28:20.724+0200: 13.900: [GC concurrent-mark-start]
2014-07-10T12:28:20.803+0200: 13.978: [GC concurrent-mark-end, 0.0047001 secs]
2014-07-10T12:28:20.803+0200: 13.978: [GC remark 13.978: [GC ref-proc, 0.0000583 secs], 0.0015277 secs]
 [Times: user=0.00 sys=0.00, real=0.00 secs] 
2014-07-10T12:28:20.822+0200: 13.998: [GC pause (G1 Evacuation Pause) (young) (to-space exhausted), 0.0356177 secs]
   [Parallel Time: 34.9 ms, GC Workers: 2]
      [GC Worker Start (ms): Min: 13997.6, Avg: 13997.7, Max: 13997.7, Diff: 0.0]
      [Ext Root Scanning (ms): Min: 0.3, Avg: 0.3, Max: 0.3, Diff: 0.0, Sum: 0.7]
      [SATB Filtering (ms): Min: 0.0, Avg: 0.0, Max: 0.0, Diff: 0.0, Sum: 0.0]
      [Update RS (ms): Min: 0.0, Avg: 0.1, Max: 0.1, Diff: 0.0, Sum: 0.1]
         [Processed Buffers: Min: 1, Avg: 1.5, Max: 2, Diff: 1, Sum: 3]
      [Scan RS (ms): Min: 0.3, Avg: 0.3, Max: 0.3, Diff: 0.0, Sum: 0.5]
      [Code Root Scanning (ms): Min: 0.1, Avg: 0.1, Max: 0.1, Diff: 0.0, Sum: 0.2]
      [Object Copy (ms): Min: 34.0, Avg: 34.0, Max: 34.0, Diff: 0.0, Sum: 68.0]
      [Termination (ms): Min: 0.0, Avg: 0.1, Max: 0.1, Diff: 0.1, Sum: 0.1]
      [GC Worker Other (ms): Min: 0.0, Avg: 0.0, Max: 0.0, Diff: 0.0, Sum: 0.1]
      [GC Worker Total (ms): Min: 34.8, Avg: 34.8, Max: 34.9, Diff: 0.1, Sum: 69.7]
      [GC Worker End (ms): Min: 14032.5, Avg: 14032.5, Max: 14032.5, Diff: 0.1]
   [Code Root Fixup: 0.0 ms]
   [Code Root Migration: 0.1 ms]
   [Clear CT: 0.1 ms]
   [Other: 0.5 ms]
      [Choose CSet: 0.0 ms]
      [Ref Proc: 0.1 ms]
      [Ref Enq: 0.0 ms]
      [Free CSet: 0.3 ms]
   [Eden: 145.0M(145.0M)->0.0B(145.0M) Survivors: 19.0M->21.0M Heap: 457.7M(512.0M)->358.0M(512.0M)]
 [Times: user=0.06 sys=0.00, real=0.04 secs] 
2014-07-10T12:28:20.884+0200: 14.059: [GC cleanup 412M->186M(512M), 0.0018793 secs]
 [Times: user=0.00 sys=0.00, real=0.00 secs] 
2014-07-10T12:28:20.886+0200: 14.061: [GC concurrent-cleanup-start]
2014-07-10T12:28:20.886+0200: 14.062: [GC concurrent-cleanup-end, 0.0006878 secs]
2014-07-10T12:28:21.015+0200: 14.191: [GC pause (G1 Evacuation Pause) (young), 0.0073860 secs]
   [Parallel Time: 6.6 ms, GC Workers: 2]
      [GC Worker Start (ms): Min: 14190.8, Avg: 14190.8, Max: 14190.8, Diff: 0.0]
      [Ext Root Scanning (ms): Min: 0.3, Avg: 0.4, Max: 0.4, Diff: 0.1, Sum: 0.7]
      [Update RS (ms): Min: 0.0, Avg: 0.0, Max: 0.1, Diff: 0.0, Sum: 0.1]
         [Processed Buffers: Min: 1, Avg: 1.5, Max: 2, Diff: 1, Sum: 3]
      [Scan RS (ms): Min: 0.3, Avg: 0.3, Max: 0.3, Diff: 0.0, Sum: 0.6]
      [Code Root Scanning (ms): Min: 0.1, Avg: 0.1, Max: 0.1, Diff: 0.0, Sum: 0.2]
      [Object Copy (ms): Min: 5.6, Avg: 5.6, Max: 5.6, Diff: 0.0, Sum: 11.2]
      [Termination (ms): Min: 0.0, Avg: 0.0, Max: 0.0, Diff: 0.0, Sum: 0.0]
      [GC Worker Other (ms): Min: 0.0, Avg: 0.1, Max: 0.2, Diff: 0.1, Sum: 0.2]
      [GC Worker Total (ms): Min: 6.5, Avg: 6.6, Max: 6.6, Diff: 0.0, Sum: 13.1]
      [GC Worker End (ms): Min: 14197.4, Avg: 14197.4, Max: 14197.4, Diff: 0.0]
   [Code Root Fixup: 0.0 ms]
   [Code Root Migration: 0.0 ms]
   [Clear CT: 0.2 ms]
   [Other: 0.5 ms]
      [Choose CSet: 0.0 ms]
      [Ref Proc: 0.1 ms]
      [Ref Enq: 0.0 ms]
      [Free CSet: 0.3 ms]
   [Eden: 145.0M(145.0M)->0.0B(124.0M) Survivors: 21.0M->9216.0K Heap: 277.0M(512.0M)->119.2M(512.0M)]
 [Times: user=0.03 sys=0.00, real=0.01 secs] 
2014-07-10T12:28:21.083+0200: 14.258: [GC pause (G1 Evacuation Pause) (young), 0.0340126 secs]
   [Parallel Time: 33.4 ms, GC Workers: 2]
      [GC Worker Start (ms): Min: 14258.4, Avg: 14258.4, Max: 14258.4, Diff: 0.0]
      [Ext Root Scanning (ms): Min: 0.3, Avg: 0.3, Max: 0.3, Diff: 0.0, Sum: 0.7]
      [Update RS (ms): Min: 0.1, Avg: 0.1, Max: 0.1, Diff: 0.0, Sum: 0.1]
         [Processed Buffers: Min: 2, Avg: 2.0, Max: 2, Diff: 0, Sum: 4]
      [Scan RS (ms): Min: 0.2, Avg: 0.2, Max: 0.2, Diff: 0.0, Sum: 0.4]
      [Code Root Scanning (ms): Min: 0.1, Avg: 0.1, Max: 0.1, Diff: 0.0, Sum: 0.2]
      [Object Copy (ms): Min: 32.6, Avg: 32.6, Max: 32.6, Diff: 0.0, Sum: 65.2]
      [Termination (ms): Min: 0.0, Avg: 0.0, Max: 0.0, Diff: 0.0, Sum: 0.0]
      [GC Worker Other (ms): Min: 0.0, Avg: 0.0, Max: 0.0, Diff: 0.0, Sum: 0.1]
      [GC Worker Total (ms): Min: 33.3, Avg: 33.3, Max: 33.3, Diff: 0.0, Sum: 66.6]
      [GC Worker End (ms): Min: 14291.7, Avg: 14291.7, Max: 14291.7, Diff: 0.0]
   [Code Root Fixup: 0.0 ms]
   [Code Root Migration: 0.0 ms]
   [Clear CT: 0.1 ms]
   [Other: 0.5 ms]
      [Choose CSet: 0.0 ms]
      [Ref Proc: 0.1 ms]
      [Ref Enq: 0.0 ms]
      [Free CSet: 0.2 ms]
   [Eden: 124.0M(124.0M)->0.0B(143.0M) Survivors: 9216.0K->17.0M Heap: 243.2M(512.0M)->164.0M(512.0M)]
 [Times: user=0.06 sys=0.00, real=0.03 secs] 
2014-07-10T12:28:21.220+0200: 14.395: [GC pause (G1 Evacuation Pause) (young), 0.0411453 secs]
   [Parallel Time: 40.4 ms, GC Workers: 2]
      [GC Worker Start (ms): Min: 14395.5, Avg: 14395.5, Max: 14395.5, Diff: 0.0]
      [Ext Root Scanning (ms): Min: 0.4, Avg: 0.4, Max: 0.4, Diff: 0.0, Sum: 0.7]
      [Update RS (ms): Min: 0.0, Avg: 0.1, Max: 0.1, Diff: 0.0, Sum: 0.1]
         [Processed Buffers: Min: 1, Avg: 1.5, Max: 2, Diff: 1, Sum: 3]
      [Scan RS (ms): Min: 0.2, Avg: 0.2, Max: 0.2, Diff: 0.0, Sum: 0.5]
      [Code Root Scanning (ms): Min: 0.1, Avg: 0.1, Max: 0.1, Diff: 0.0, Sum: 0.2]
      [Object Copy (ms): Min: 39.5, Avg: 39.5, Max: 39.6, Diff: 0.0, Sum: 79.1]
      [Termination (ms): Min: 0.0, Avg: 0.0, Max: 0.0, Diff: 0.0, Sum: 0.0]
      [GC Worker Other (ms): Min: 0.0, Avg: 0.0, Max: 0.0, Diff: 0.0, Sum: 0.1]
      [GC Worker Total (ms): Min: 40.3, Avg: 40.3, Max: 40.3, Diff: 0.0, Sum: 80.7]
      [GC Worker End (ms): Min: 14435.9, Avg: 14435.9, Max: 14435.9, Diff: 0.0]
   [Code Root Fixup: 0.0 ms]
   [Code Root Migration: 0.0 ms]
   [Clear CT: 0.1 ms]
   [Other: 0.6 ms]
      [Choose CSet: 0.0 ms]
      [Ref Proc: 0.2 ms]
      [Ref Enq: 0.0 ms]
      [Free CSet: 0.3 ms]
   [Eden: 143.0M(143.0M)->0.0B(136.0M) Survivors: 17.0M->20.0M Heap: 307.0M(512.0M)->210.8M(512.0M)]
 [Times: user=0.06 sys=0.00, real=0.04 secs] 
2014-07-10T12:28:21.387+0200: 14.563: [GC pause (G1 Evacuation Pause) (young), 0.0023090 secs]
   [Parallel Time: 1.7 ms, GC Workers: 2]
      [GC Worker Start (ms): Min: 14562.6, Avg: 14562.6, Max: 14562.6, Diff: 0.0]
      [Ext Root Scanning (ms): Min: 0.4, Avg: 0.4, Max: 0.4, Diff: 0.0, Sum: 0.8]
      [Update RS (ms): Min: 0.0, Avg: 0.0, Max: 0.1, Diff: 0.0, Sum: 0.1]
         [Processed Buffers: Min: 1, Avg: 1.5, Max: 2, Diff: 1, Sum: 3]
      [Scan RS (ms): Min: 0.3, Avg: 0.3, Max: 0.4, Diff: 0.2, Sum: 0.7]
      [Code Root Scanning (ms): Min: 0.1, Avg: 0.1, Max: 0.1, Diff: 0.0, Sum: 0.2]
      [Object Copy (ms): Min: 0.7, Avg: 0.8, Max: 0.8, Diff: 0.1, Sum: 1.5]
      [Termination (ms): Min: 0.0, Avg: 0.0, Max: 0.0, Diff: 0.0, Sum: 0.0]
      [GC Worker Other (ms): Min: 0.0, Avg: 0.0, Max: 0.0, Diff: 0.0, Sum: 0.1]
      [GC Worker Total (ms): Min: 1.6, Avg: 1.6, Max: 1.7, Diff: 0.0, Sum: 3.3]
      [GC Worker End (ms): Min: 14564.3, Avg: 14564.3, Max: 14564.3, Diff: 0.0]
   [Code Root Fixup: 0.0 ms]
   [Code Root Migration: 0.0 ms]
   [Clear CT: 0.1 ms]
   [Other: 0.5 ms]
      [Choose CSet: 0.0 ms]
      [Ref Proc: 0.1 ms]
      [Ref Enq: 0.0 ms]
      [Free CSet: 0.3 ms]
   [Eden: 136.0M(136.0M)->0.0B(125.0M) Survivors: 20.0M->2048.0K Heap: 346.8M(512.0M)->192.5M(512.0M)]
 [Times: user=0.00 sys=0.00, real=0.00 secs] 
2014-07-10T12:28:21.499+0200: 14.674: [GC pause (G1 Evacuation Pause) (young), 0.0411061 secs]
   [Parallel Time: 40.6 ms, GC Workers: 2]
      [GC Worker Start (ms): Min: 14674.2, Avg: 14674.2, Max: 14674.2, Diff: 0.0]
      [Ext Root Scanning (ms): Min: 0.4, Avg: 0.4, Max: 0.4, Diff: 0.0, Sum: 0.7]
      [Update RS (ms): Min: 0.0, Avg: 0.0, Max: 0.1, Diff: 0.0, Sum: 0.1]
         [Processed Buffers: Min: 1, Avg: 1.5, Max: 2, Diff: 1, Sum: 3]
      [Scan RS (ms): Min: 0.3, Avg: 0.3, Max: 0.3, Diff: 0.0, Sum: 0.5]
      [Code Root Scanning (ms): Min: 0.1, Avg: 0.1, Max: 0.1, Diff: 0.0, Sum: 0.2]
      [Object Copy (ms): Min: 38.7, Avg: 39.2, Max: 39.7, Diff: 1.0, Sum: 78.5]
      [Termination (ms): Min: 0.0, Avg: 0.5, Max: 1.0, Diff: 1.0, Sum: 1.0]
      [GC Worker Other (ms): Min: 0.0, Avg: 0.0, Max: 0.0, Diff: 0.0, Sum: 0.1]
      [GC Worker Total (ms): Min: 40.5, Avg: 40.5, Max: 40.6, Diff: 0.0, Sum: 81.1]
      [GC Worker End (ms): Min: 14714.7, Avg: 14714.7, Max: 14714.7, Diff: 0.0]
   [Code Root Fixup: 0.0 ms]
   [Code Root Migration: 0.0 ms]
   [Clear CT: 0.1 ms]
   [Other: 0.4 ms]
      [Choose CSet: 0.0 ms]
      [Ref Proc: 0.1 ms]
      [Ref Enq: 0.0 ms]
      [Free CSet: 0.2 ms]
   [Eden: 125.0M(125.0M)->0.0B(118.0M) Survivors: 2048.0K->16.0M Heap: 317.5M(512.0M)->251.4M(512.0M)]
 [Times: user=0.09 sys=0.00, real=0.04 secs] 
2014-07-10T12:28:21.606+0200: 14.781: [GC pause (G1 Evacuation Pause) (young) (initial-mark), 0.0252627 secs]
   [Parallel Time: 24.6 ms, GC Workers: 2]
      [GC Worker Start (ms): Min: 14781.4, Avg: 14781.4, Max: 14781.4, Diff: 0.0]
      [Ext Root Scanning (ms): Min: 0.4, Avg: 0.4, Max: 0.4, Diff: 0.0, Sum: 0.8]
      [Code Root Marking (ms): Min: 0.1, Avg: 0.1, Max: 0.1, Diff: 0.0, Sum: 0.1]
      [Update RS (ms): Min: 0.0, Avg: 0.0, Max: 0.0, Diff: 0.0, Sum: 0.1]
         [Processed Buffers: Min: 2, Avg: 2.0, Max: 2, Diff: 0, Sum: 4]
      [Scan RS (ms): Min: 0.2, Avg: 0.2, Max: 0.2, Diff: 0.0, Sum: 0.4]
      [Code Root Scanning (ms): Min: 0.1, Avg: 0.1, Max: 0.1, Diff: 0.0, Sum: 0.2]
      [Object Copy (ms): Min: 23.7, Avg: 23.7, Max: 23.8, Diff: 0.0, Sum: 47.5]
      [Termination (ms): Min: 0.0, Avg: 0.0, Max: 0.0, Diff: 0.0, Sum: 0.0]
      [GC Worker Other (ms): Min: 0.0, Avg: 0.0, Max: 0.0, Diff: 0.0, Sum: 0.1]
      [GC Worker Total (ms): Min: 24.5, Avg: 24.5, Max: 24.5, Diff: 0.0, Sum: 49.1]
      [GC Worker End (ms): Min: 14805.9, Avg: 14805.9, Max: 14805.9, Diff: 0.0]
   [Code Root Fixup: 0.0 ms]
   [Code Root Migration: 0.0 ms]
   [Clear CT: 0.1 ms]
   [Other: 0.6 ms]
      [Choose CSet: 0.0 ms]
      [Ref Proc: 0.1 ms]
      [Ref Enq: 0.0 ms]
      [Free CSet: 0.2 ms]
   [Eden: 118.0M(118.0M)->0.0B(130.0M) Survivors: 16.0M->17.0M Heap: 369.4M(512.0M)->273.9M(512.0M)]
 [Times: user=0.06 sys=0.00, real=0.03 secs] 
2014-07-10T12:28:21.631+0200: 14.807: [GC concurrent-root-region-scan-start]
2014-07-10T12:28:21.632+0200: 14.807: [GC concurrent-root-region-scan-end, 0.0004308 secs]
2014-07-10T12:28:21.632+0200: 14.807: [GC concurrent-mark-start]
2014-07-10T12:28:21.711+0200: 14.886: [GC concurrent-mark-end, 0.0047346 secs]
2014-07-10T12:28:21.711+0200: 14.886: [GC remark 14.886: [GC ref-proc, 0.0000598 secs], 0.0011827 secs]
 [Times: user=0.00 sys=0.00, real=0.00 secs] 
2014-07-10T12:28:21.788+0200: 14.963: [GC pause (G1 Evacuation Pause) (young), 0.0253753 secs]
   [Parallel Time: 24.2 ms, GC Workers: 2]
      [GC Worker Start (ms): Min: 14963.1, Avg: 14963.1, Max: 14963.1, Diff: 0.0]
      [Ext Root Scanning (ms): Min: 0.3, Avg: 0.3, Max: 0.3, Diff: 0.0, Sum: 0.7]
      [SATB Filtering (ms): Min: 0.0, Avg: 0.0, Max: 0.0, Diff: 0.0, Sum: 0.0]
      [Update RS (ms): Min: 0.0, Avg: 0.1, Max: 0.1, Diff: 0.0, Sum: 0.1]
         [Processed Buffers: Min: 1, Avg: 1.5, Max: 2, Diff: 1, Sum: 3]
      [Scan RS (ms): Min: 0.2, Avg: 0.2, Max: 0.3, Diff: 0.1, Sum: 0.5]
      [Code Root Scanning (ms): Min: 0.1, Avg: 0.2, Max: 0.2, Diff: 0.1, Sum: 0.4]
      [Object Copy (ms): Min: 23.3, Avg: 23.3, Max: 23.3, Diff: 0.0, Sum: 46.6]
      [Termination (ms): Min: 0.0, Avg: 0.0, Max: 0.0, Diff: 0.0, Sum: 0.0]
      [GC Worker Other (ms): Min: 0.0, Avg: 0.0, Max: 0.0, Diff: 0.0, Sum: 0.1]
      [GC Worker Total (ms): Min: 24.1, Avg: 24.1, Max: 24.1, Diff: 0.0, Sum: 48.3]
      [GC Worker End (ms): Min: 14987.2, Avg: 14987.2, Max: 14987.2, Diff: 0.0]
   [Code Root Fixup: 0.0 ms]
   [Code Root Migration: 0.0 ms]
   [Clear CT: 0.3 ms]
   [Other: 0.8 ms]
      [Choose CSet: 0.0 ms]
      [Ref Proc: 0.4 ms]
      [Ref Enq: 0.0 ms]
      [Free CSet: 0.3 ms]
   [Eden: 130.0M(130.0M)->0.0B(116.0M) Survivors: 17.0M->19.0M Heap: 403.9M(512.0M)->293.2M(512.0M)]
 [Times: user=0.06 sys=0.00, real=0.02 secs] 
2014-07-10T12:28:21.814+0200: 14.989: [GC cleanup 293M->99M(512M), 0.0023515 secs]
 [Times: user=0.00 sys=0.00, real=0.00 secs] 
2014-07-10T12:28:21.816+0200: 14.992: [GC concurrent-cleanup-start]
2014-07-10T12:28:21.817+0200: 14.992: [GC concurrent-cleanup-end, 0.0004656 secs]
2014-07-10T12:28:21.888+0200: 15.064: [GC pause (G1 Evacuation Pause) (young), 0.0145099 secs]
   [Parallel Time: 13.0 ms, GC Workers: 2]
      [GC Worker Start (ms): Min: 15063.7, Avg: 15063.7, Max: 15063.7, Diff: 0.0]
      [Ext Root Scanning (ms): Min: 0.3, Avg: 0.3, Max: 0.3, Diff: 0.0, Sum: 0.6]
      [Update RS (ms): Min: 0.0, Avg: 0.0, Max: 0.1, Diff: 0.0, Sum: 0.1]
         [Processed Buffers: Min: 1, Avg: 1.5, Max: 2, Diff: 1, Sum: 3]
      [Scan RS (ms): Min: 0.2, Avg: 0.2, Max: 0.2, Diff: 0.0, Sum: 0.4]
      [Code Root Scanning (ms): Min: 0.1, Avg: 0.1, Max: 0.1, Diff: 0.0, Sum: 0.2]
      [Object Copy (ms): Min: 12.1, Avg: 12.2, Max: 12.3, Diff: 0.1, Sum: 24.4]
      [Termination (ms): Min: 0.0, Avg: 0.1, Max: 0.2, Diff: 0.2, Sum: 0.2]
      [GC Worker Other (ms): Min: 0.0, Avg: 0.0, Max: 0.0, Diff: 0.0, Sum: 0.0]
      [GC Worker Total (ms): Min: 12.9, Avg: 13.0, Max: 13.0, Diff: 0.1, Sum: 25.9]
      [GC Worker End (ms): Min: 15076.6, Avg: 15076.7, Max: 15076.7, Diff: 0.1]
   [Code Root Fixup: 0.0 ms]
   [Code Root Migration: 0.0 ms]
   [Clear CT: 0.2 ms]
   [Other: 1.3 ms]
      [Choose CSet: 0.0 ms]
      [Ref Proc: 1.0 ms]
      [Ref Enq: 0.0 ms]
      [Free CSet: 0.2 ms]
   [Eden: 116.0M(116.0M)->0.0B(123.0M) Survivors: 19.0M->17.0M Heap: 215.2M(512.0M)->100.3M(512.0M)]
 [Times: user=0.03 sys=0.00, real=0.02 secs] 
2014-07-10T12:28:21.992+0200: 15.168: [GC pause (G1 Evacuation Pause) (young), 0.0030203 secs]
   [Parallel Time: 2.4 ms, GC Workers: 2]
      [GC Worker Start (ms): Min: 15167.7, Avg: 15167.7, Max: 15167.7, Diff: 0.0]
      [Ext Root Scanning (ms): Min: 0.3, Avg: 0.3, Max: 0.3, Diff: 0.0, Sum: 0.7]
      [Update RS (ms): Min: 0.1, Avg: 0.1, Max: 0.1, Diff: 0.0, Sum: 0.1]
         [Processed Buffers: Min: 2, Avg: 2.0, Max: 2, Diff: 0, Sum: 4]
      [Scan RS (ms): Min: 0.2, Avg: 0.2, Max: 0.2, Diff: 0.0, Sum: 0.4]
      [Code Root Scanning (ms): Min: 0.1, Avg: 0.1, Max: 0.1, Diff: 0.0, Sum: 0.2]
      [Object Copy (ms): Min: 1.6, Avg: 1.6, Max: 1.6, Diff: 0.0, Sum: 3.2]
      [Termination (ms): Min: 0.0, Avg: 0.0, Max: 0.0, Diff: 0.0, Sum: 0.0]
      [GC Worker Other (ms): Min: 0.0, Avg: 0.0, Max: 0.0, Diff: 0.0, Sum: 0.1]
      [GC Worker Total (ms): Min: 2.3, Avg: 2.3, Max: 2.3, Diff: 0.0, Sum: 4.7]
      [GC Worker End (ms): Min: 15170.1, Avg: 15170.1, Max: 15170.1, Diff: 0.0]
   [Code Root Fixup: 0.0 ms]
   [Code Root Migration: 0.0 ms]
   [Clear CT: 0.2 ms]
   [Other: 0.4 ms]
      [Choose CSet: 0.0 ms]
      [Ref Proc: 0.0 ms]
      [Ref Enq: 0.0 ms]
      [Free CSet: 0.2 ms]
   [Eden: 123.0M(123.0M)->0.0B(121.0M) Survivors: 17.0M->3072.0K Heap: 223.3M(512.0M)->86.4M(512.0M)]
 [Times: user=0.00 sys=0.00, real=0.00 secs] 
2014-07-10T12:28:22.095+0200: 15.271: [GC pause (G1 Evacuation Pause) (young), 0.0326095 secs]
   [Parallel Time: 32.1 ms, GC Workers: 2]
      [GC Worker Start (ms): Min: 15270.7, Avg: 15270.7, Max: 15270.7, Diff: 0.0]
      [Ext Root Scanning (ms): Min: 0.3, Avg: 0.3, Max: 0.3, Diff: 0.0, Sum: 0.6]
      [Update RS (ms): Min: 0.0, Avg: 0.0, Max: 0.1, Diff: 0.0, Sum: 0.1]
         [Processed Buffers: Min: 2, Avg: 2.0, Max: 2, Diff: 0, Sum: 4]
      [Scan RS (ms): Min: 0.2, Avg: 0.2, Max: 0.2, Diff: 0.0, Sum: 0.4]
      [Code Root Scanning (ms): Min: 0.1, Avg: 0.1, Max: 0.1, Diff: 0.0, Sum: 0.2]
      [Object Copy (ms): Min: 31.3, Avg: 31.3, Max: 31.3, Diff: 0.0, Sum: 62.6]
      [Termination (ms): Min: 0.0, Avg: 0.0, Max: 0.0, Diff: 0.0, Sum: 0.0]
      [GC Worker Other (ms): Min: 0.0, Avg: 0.0, Max: 0.0, Diff: 0.0, Sum: 0.1]
      [GC Worker Total (ms): Min: 32.0, Avg: 32.0, Max: 32.0, Diff: 0.0, Sum: 64.0]
      [GC Worker End (ms): Min: 15302.7, Avg: 15302.7, Max: 15302.7, Diff: 0.0]
   [Code Root Fixup: 0.0 ms]
   [Code Root Migration: 0.0 ms]
   [Clear CT: 0.1 ms]
   [Other: 0.4 ms]
      [Choose CSet: 0.0 ms]
      [Ref Proc: 0.1 ms]
      [Ref Enq: 0.0 ms]
      [Free CSet: 0.2 ms]
   [Eden: 121.0M(121.0M)->0.0B(116.0M) Survivors: 3072.0K->16.0M Heap: 207.4M(512.0M)->133.2M(512.0M)]
 [Times: user=0.06 sys=0.00, real=0.03 secs] 
2014-07-10T12:28:22.203+0200: 15.378: [GC pause (G1 Evacuation Pause) (young), 0.0301924 secs]
   [Parallel Time: 29.7 ms, GC Workers: 2]
      [GC Worker Start (ms): Min: 15378.4, Avg: 15378.4, Max: 15378.4, Diff: 0.0]
      [Ext Root Scanning (ms): Min: 0.3, Avg: 0.3, Max: 0.3, Diff: 0.0, Sum: 0.7]
      [Update RS (ms): Min: 0.0, Avg: 0.1, Max: 0.1, Diff: 0.0, Sum: 0.1]
         [Processed Buffers: Min: 1, Avg: 1.5, Max: 2, Diff: 1, Sum: 3]
      [Scan RS (ms): Min: 0.2, Avg: 0.2, Max: 0.2, Diff: 0.0, Sum: 0.4]
      [Code Root Scanning (ms): Min: 0.1, Avg: 0.1, Max: 0.1, Diff: 0.0, Sum: 0.2]
      [Object Copy (ms): Min: 22.8, Avg: 25.9, Max: 28.9, Diff: 6.1, Sum: 51.7]
      [Termination (ms): Min: 0.0, Avg: 3.1, Max: 6.1, Diff: 6.1, Sum: 6.1]
      [GC Worker Other (ms): Min: 0.0, Avg: 0.0, Max: 0.0, Diff: 0.0, Sum: 0.1]
      [GC Worker Total (ms): Min: 29.6, Avg: 29.6, Max: 29.6, Diff: 0.0, Sum: 59.3]
      [GC Worker End (ms): Min: 15408.0, Avg: 15408.0, Max: 15408.0, Diff: 0.0]
   [Code Root Fixup: 0.0 ms]
   [Code Root Migration: 0.0 ms]
   [Clear CT: 0.1 ms]
   [Other: 0.4 ms]
      [Choose CSet: 0.0 ms]
      [Ref Proc: 0.1 ms]
      [Ref Enq: 0.0 ms]
      [Free CSet: 0.2 ms]
   [Eden: 116.0M(116.0M)->0.0B(120.0M) Survivors: 16.0M->17.0M Heap: 249.2M(512.0M)->150.9M(512.0M)]
 [Times: user=0.01 sys=0.00, real=0.03 secs] 
2014-07-10T12:28:22.365+0200: 15.540: [GC pause (G1 Evacuation Pause) (young), 0.0148736 secs]
   [Parallel Time: 14.3 ms, GC Workers: 2]
      [GC Worker Start (ms): Min: 15540.0, Avg: 15540.0, Max: 15540.0, Diff: 0.0]
      [Ext Root Scanning (ms): Min: 0.3, Avg: 0.3, Max: 0.3, Diff: 0.0, Sum: 0.7]
      [Update RS (ms): Min: 0.0, Avg: 0.1, Max: 0.1, Diff: 0.0, Sum: 0.1]
         [Processed Buffers: Min: 1, Avg: 2.0, Max: 3, Diff: 2, Sum: 4]
      [Scan RS (ms): Min: 0.2, Avg: 0.2, Max: 0.2, Diff: 0.0, Sum: 0.4]
      [Code Root Scanning (ms): Min: 0.1, Avg: 0.1, Max: 0.1, Diff: 0.0, Sum: 0.2]
      [Object Copy (ms): Min: 13.5, Avg: 13.5, Max: 13.5, Diff: 0.0, Sum: 27.0]
      [Termination (ms): Min: 0.0, Avg: 0.0, Max: 0.0, Diff: 0.0, Sum: 0.0]
      [GC Worker Other (ms): Min: 0.0, Avg: 0.0, Max: 0.0, Diff: 0.0, Sum: 0.1]
      [GC Worker Total (ms): Min: 14.3, Avg: 14.3, Max: 14.3, Diff: 0.0, Sum: 28.5]
      [GC Worker End (ms): Min: 15554.3, Avg: 15554.3, Max: 15554.3, Diff: 0.0]
   [Code Root Fixup: 0.0 ms]
   [Code Root Migration: 0.0 ms]
   [Clear CT: 0.1 ms]
   [Other: 0.4 ms]
      [Choose CSet: 0.0 ms]
      [Ref Proc: 0.1 ms]
      [Ref Enq: 0.0 ms]
      [Free CSet: 0.2 ms]
   [Eden: 120.0M(120.0M)->0.0B(110.0M) Survivors: 17.0M->18.0M Heap: 270.9M(512.0M)->155.5M(512.0M)]
 [Times: user=0.03 sys=0.00, real=0.02 secs] 
2014-07-10T12:28:22.433+0200: 15.608: [GC pause (G1 Evacuation Pause) (young), 0.0417345 secs]
   [Parallel Time: 41.2 ms, GC Workers: 2]
      [GC Worker Start (ms): Min: 15608.5, Avg: 15608.5, Max: 15608.5, Diff: 0.0]
      [Ext Root Scanning (ms): Min: 0.4, Avg: 0.4, Max: 0.4, Diff: 0.0, Sum: 0.7]
      [Update RS (ms): Min: 0.0, Avg: 0.0, Max: 0.0, Diff: 0.0, Sum: 0.1]
         [Processed Buffers: Min: 1, Avg: 1.5, Max: 2, Diff: 1, Sum: 3]
      [Scan RS (ms): Min: 0.2, Avg: 0.2, Max: 0.2, Diff: 0.0, Sum: 0.4]
      [Code Root Scanning (ms): Min: 0.1, Avg: 0.1, Max: 0.1, Diff: 0.0, Sum: 0.2]
      [Object Copy (ms): Min: 40.3, Avg: 40.3, Max: 40.3, Diff: 0.0, Sum: 80.7]
      [Termination (ms): Min: 0.0, Avg: 0.0, Max: 0.0, Diff: 0.0, Sum: 0.0]
      [GC Worker Other (ms): Min: 0.0, Avg: 0.0, Max: 0.0, Diff: 0.0, Sum: 0.1]
      [GC Worker Total (ms): Min: 41.1, Avg: 41.1, Max: 41.1, Diff: 0.0, Sum: 82.1]
      [GC Worker End (ms): Min: 15649.6, Avg: 15649.6, Max: 15649.6, Diff: 0.0]
   [Code Root Fixup: 0.0 ms]
   [Code Root Migration: 0.0 ms]
   [Clear CT: 0.1 ms]
   [Other: 0.4 ms]
      [Choose CSet: 0.0 ms]
      [Ref Proc: 0.0 ms]
      [Ref Enq: 0.0 ms]
      [Free CSet: 0.2 ms]
   [Eden: 110.0M(110.0M)->0.0B(134.0M) Survivors: 18.0M->16.0M Heap: 265.5M(512.0M)->203.1M(512.0M)]
 [Times: user=0.08 sys=0.00, real=0.04 secs] 
2014-07-10T12:28:22.583+0200: 15.758: [GC pause (G1 Evacuation Pause) (young), 0.0383069 secs]
   [Parallel Time: 37.7 ms, GC Workers: 2]
      [GC Worker Start (ms): Min: 15758.4, Avg: 15758.4, Max: 15758.4, Diff: 0.0]
      [Ext Root Scanning (ms): Min: 0.3, Avg: 0.3, Max: 0.4, Diff: 0.0, Sum: 0.7]
      [Update RS (ms): Min: 0.0, Avg: 0.0, Max: 0.0, Diff: 0.0, Sum: 0.1]
         [Processed Buffers: Min: 2, Avg: 2.0, Max: 2, Diff: 0, Sum: 4]
      [Scan RS (ms): Min: 0.2, Avg: 0.2, Max: 0.2, Diff: 0.0, Sum: 0.5]
      [Code Root Scanning (ms): Min: 0.1, Avg: 0.1, Max: 0.1, Diff: 0.0, Sum: 0.2]
      [Object Copy (ms): Min: 36.9, Avg: 36.9, Max: 36.9, Diff: 0.0, Sum: 73.9]
      [Termination (ms): Min: 0.0, Avg: 0.0, Max: 0.0, Diff: 0.0, Sum: 0.0]
      [GC Worker Other (ms): Min: 0.0, Avg: 0.0, Max: 0.0, Diff: 0.0, Sum: 0.1]
      [GC Worker Total (ms): Min: 37.7, Avg: 37.7, Max: 37.7, Diff: 0.0, Sum: 75.4]
      [GC Worker End (ms): Min: 15796.1, Avg: 15796.1, Max: 15796.1, Diff: 0.0]
   [Code Root Fixup: 0.0 ms]
   [Code Root Migration: 0.0 ms]
   [Clear CT: 0.1 ms]
   [Other: 0.4 ms]
      [Choose CSet: 0.0 ms]
      [Ref Proc: 0.0 ms]
      [Ref Enq: 0.0 ms]
      [Free CSet: 0.3 ms]
   [Eden: 134.0M(134.0M)->0.0B(127.0M) Survivors: 16.0M->19.0M Heap: 337.1M(512.0M)->246.4M(512.0M)]
 [Times: user=0.06 sys=0.00, real=0.04 secs] 
2014-07-10T12:28:22.684+0200: 15.860: [GC pause (G1 Evacuation Pause) (young), 0.0350619 secs]
   [Parallel Time: 34.5 ms, GC Workers: 2]
      [GC Worker Start (ms): Min: 15859.8, Avg: 15859.8, Max: 15859.8, Diff: 0.0]
      [Ext Root Scanning (ms): Min: 0.4, Avg: 0.5, Max: 0.6, Diff: 0.2, Sum: 1.1]
      [Update RS (ms): Min: 0.0, Avg: 0.0, Max: 0.1, Diff: 0.1, Sum: 0.1]
         [Processed Buffers: Min: 0, Avg: 1.5, Max: 3, Diff: 3, Sum: 3]
      [Scan RS (ms): Min: 0.2, Avg: 0.2, Max: 0.3, Diff: 0.1, Sum: 0.5]
      [Code Root Scanning (ms): Min: 0.1, Avg: 0.1, Max: 0.1, Diff: 0.0, Sum: 0.2]
      [Object Copy (ms): Min: 33.5, Avg: 33.5, Max: 33.6, Diff: 0.0, Sum: 67.1]
      [Termination (ms): Min: 0.0, Avg: 0.0, Max: 0.0, Diff: 0.0, Sum: 0.0]
      [GC Worker Other (ms): Min: 0.0, Avg: 0.0, Max: 0.0, Diff: 0.0, Sum: 0.1]
      [GC Worker Total (ms): Min: 34.5, Avg: 34.5, Max: 34.5, Diff: 0.0, Sum: 69.0]
      [GC Worker End (ms): Min: 15894.3, Avg: 15894.3, Max: 15894.3, Diff: 0.0]
   [Code Root Fixup: 0.0 ms]
   [Code Root Migration: 0.0 ms]
   [Clear CT: 0.1 ms]
   [Other: 0.4 ms]
      [Choose CSet: 0.0 ms]
      [Ref Proc: 0.0 ms]
      [Ref Enq: 0.0 ms]
      [Free CSet: 0.2 ms]
   [Eden: 127.0M(127.0M)->0.0B(142.0M) Survivors: 19.0M->19.0M Heap: 373.4M(512.0M)->281.6M(512.0M)]
 [Times: user=0.08 sys=0.00, real=0.04 secs] 
2014-07-10T12:28:22.817+0200: 15.993: [GC pause (G1 Evacuation Pause) (young) (initial-mark), 0.0413356 secs]
   [Parallel Time: 40.6 ms, GC Workers: 2]
      [GC Worker Start (ms): Min: 15992.8, Avg: 15992.8, Max: 15992.8, Diff: 0.0]
      [Ext Root Scanning (ms): Min: 0.4, Avg: 0.4, Max: 0.4, Diff: 0.0, Sum: 0.9]
      [Code Root Marking (ms): Min: 0.1, Avg: 0.1, Max: 0.1, Diff: 0.0, Sum: 0.1]
      [Update RS (ms): Min: 0.0, Avg: 0.0, Max: 0.0, Diff: 0.0, Sum: 0.1]
         [Processed Buffers: Min: 1, Avg: 1.0, Max: 1, Diff: 0, Sum: 2]
      [Scan RS (ms): Min: 0.3, Avg: 0.3, Max: 0.4, Diff: 0.1, Sum: 0.6]
      [Code Root Scanning (ms): Min: 0.1, Avg: 0.2, Max: 0.3, Diff: 0.1, Sum: 0.4]
      [Object Copy (ms): Min: 39.5, Avg: 39.5, Max: 39.5, Diff: 0.0, Sum: 79.0]
      [Termination (ms): Min: 0.0, Avg: 0.0, Max: 0.0, Diff: 0.0, Sum: 0.0]
      [GC Worker Other (ms): Min: 0.0, Avg: 0.0, Max: 0.0, Diff: 0.0, Sum: 0.1]
      [GC Worker Total (ms): Min: 40.6, Avg: 40.6, Max: 40.6, Diff: 0.0, Sum: 81.1]
      [GC Worker End (ms): Min: 16033.4, Avg: 16033.4, Max: 16033.4, Diff: 0.0]
   [Code Root Fixup: 0.0 ms]
   [Code Root Migration: 0.0 ms]
   [Clear CT: 0.1 ms]
   [Other: 0.6 ms]
      [Choose CSet: 0.0 ms]
      [Ref Proc: 0.1 ms]
      [Ref Enq: 0.0 ms]
      [Free CSet: 0.3 ms]
   [Eden: 142.0M(142.0M)->0.0B(137.0M) Survivors: 19.0M->21.0M Heap: 423.6M(512.0M)->326.6M(512.0M)]
 [Times: user=0.09 sys=0.00, real=0.04 secs] 
2014-07-10T12:28:22.859+0200: 16.034: [GC concurrent-root-region-scan-start]
2014-07-10T12:28:22.860+0200: 16.035: [GC concurrent-root-region-scan-end, 0.0009129 secs]
2014-07-10T12:28:22.860+0200: 16.035: [GC concurrent-mark-start]
2014-07-10T12:28:22.938+0200: 16.113: [GC concurrent-mark-end, 0.0050022 secs]
2014-07-10T12:28:22.938+0200: 16.113: [GC remark 16.114: [GC ref-proc, 0.0004213 secs], 0.0040190 secs]
 [Times: user=0.00 sys=0.00, real=0.00 secs] 
2014-07-10T12:28:23.006+0200: 16.182: [GC pause (G1 Evacuation Pause) (young), 0.0031218 secs]
   [Parallel Time: 2.4 ms, GC Workers: 2]
      [GC Worker Start (ms): Min: 16182.0, Avg: 16182.0, Max: 16182.0, Diff: 0.0]
      [Ext Root Scanning (ms): Min: 0.3, Avg: 0.3, Max: 0.3, Diff: 0.0, Sum: 0.6]
      [SATB Filtering (ms): Min: 0.0, Avg: 0.0, Max: 0.0, Diff: 0.0, Sum: 0.0]
      [Update RS (ms): Min: 0.0, Avg: 0.0, Max: 0.0, Diff: 0.0, Sum: 0.1]
         [Processed Buffers: Min: 1, Avg: 1.0, Max: 1, Diff: 0, Sum: 2]
      [Scan RS (ms): Min: 0.2, Avg: 0.3, Max: 0.3, Diff: 0.0, Sum: 0.5]
      [Code Root Scanning (ms): Min: 0.1, Avg: 0.1, Max: 0.1, Diff: 0.0, Sum: 0.2]
      [Object Copy (ms): Min: 1.3, Avg: 1.3, Max: 1.3, Diff: 0.0, Sum: 2.5]
      [Termination (ms): Min: 0.0, Avg: 0.0, Max: 0.0, Diff: 0.0, Sum: 0.0]
      [GC Worker Other (ms): Min: 0.0, Avg: 0.0, Max: 0.0, Diff: 0.0, Sum: 0.1]
      [GC Worker Total (ms): Min: 2.0, Avg: 2.0, Max: 2.0, Diff: 0.0, Sum: 4.0]
      [GC Worker End (ms): Min: 16184.0, Avg: 16184.0, Max: 16184.0, Diff: 0.0]
   [Code Root Fixup: 0.0 ms]
   [Code Root Migration: 0.0 ms]
   [Clear CT: 0.1 ms]
   [Other: 0.6 ms]
      [Choose CSet: 0.0 ms]
      [Ref Proc: 0.1 ms]
      [Ref Enq: 0.0 ms]
      [Free CSet: 0.3 ms]
   [Eden: 137.0M(137.0M)->0.0B(124.0M) Survivors: 21.0M->3072.0K Heap: 463.6M(512.0M)->308.5M(512.0M)]
 [Times: user=0.00 sys=0.00, real=0.00 secs] 
2014-07-10T12:28:23.021+0200: 16.196: [GC cleanup 330M->115M(512M), 0.0016223 secs]
 [Times: user=0.00 sys=0.00, real=0.00 secs] 
2014-07-10T12:28:23.022+0200: 16.198: [GC concurrent-cleanup-start]
2014-07-10T12:28:23.023+0200: 16.199: [GC concurrent-cleanup-end, 0.0008275 secs]
2014-07-10T12:28:23.079+0200: 16.254: [GC pause (G1 Evacuation Pause) (young), 0.0305773 secs]
   [Parallel Time: 29.9 ms, GC Workers: 2]
      [GC Worker Start (ms): Min: 16254.2, Avg: 16254.2, Max: 16254.2, Diff: 0.0]
      [Ext Root Scanning (ms): Min: 0.3, Avg: 0.3, Max: 0.3, Diff: 0.0, Sum: 0.6]
      [Update RS (ms): Min: 0.1, Avg: 0.1, Max: 0.1, Diff: 0.0, Sum: 0.1]
         [Processed Buffers: Min: 1, Avg: 1.5, Max: 2, Diff: 1, Sum: 3]
      [Scan RS (ms): Min: 0.2, Avg: 0.2, Max: 0.2, Diff: 0.0, Sum: 0.4]
      [Code Root Scanning (ms): Min: 0.1, Avg: 0.1, Max: 0.1, Diff: 0.0, Sum: 0.2]
      [Object Copy (ms): Min: 29.2, Avg: 29.2, Max: 29.2, Diff: 0.1, Sum: 58.4]
      [Termination (ms): Min: 0.0, Avg: 0.0, Max: 0.0, Diff: 0.0, Sum: 0.0]
      [GC Worker Other (ms): Min: 0.0, Avg: 0.1, Max: 0.1, Diff: 0.1, Sum: 0.1]
      [GC Worker Total (ms): Min: 29.9, Avg: 29.9, Max: 29.9, Diff: 0.0, Sum: 59.8]
      [GC Worker End (ms): Min: 16284.1, Avg: 16284.1, Max: 16284.1, Diff: 0.0]
   [Code Root Fixup: 0.0 ms]
   [Code Root Migration: 0.0 ms]
   [Clear CT: 0.1 ms]
   [Other: 0.5 ms]
      [Choose CSet: 0.0 ms]
      [Ref Proc: 0.2 ms]
      [Ref Enq: 0.0 ms]
      [Free CSet: 0.2 ms]
   [Eden: 124.0M(124.0M)->0.0B(134.0M) Survivors: 3072.0K->16.0M Heap: 217.5M(512.0M)->138.3M(512.0M)]
 [Times: user=0.06 sys=0.00, real=0.03 secs] 
2014-07-10T12:28:23.211+0200: 16.386: [GC pause (G1 Evacuation Pause) (young), 0.0319602 secs]
   [Parallel Time: 31.2 ms, GC Workers: 2]
      [GC Worker Start (ms): Min: 16386.6, Avg: 16386.6, Max: 16386.6, Diff: 0.0]
      [Ext Root Scanning (ms): Min: 0.3, Avg: 0.3, Max: 0.3, Diff: 0.0, Sum: 0.6]
      [Update RS (ms): Min: 0.1, Avg: 0.1, Max: 0.1, Diff: 0.0, Sum: 0.1]
         [Processed Buffers: Min: 1, Avg: 1.5, Max: 2, Diff: 1, Sum: 3]
      [Scan RS (ms): Min: 0.2, Avg: 0.2, Max: 0.2, Diff: 0.0, Sum: 0.4]
      [Code Root Scanning (ms): Min: 0.1, Avg: 0.1, Max: 0.1, Diff: 0.0, Sum: 0.2]
      [Object Copy (ms): Min: 30.5, Avg: 30.5, Max: 30.5, Diff: 0.0, Sum: 60.9]
      [Termination (ms): Min: 0.0, Avg: 0.0, Max: 0.0, Diff: 0.0, Sum: 0.0]
      [GC Worker Other (ms): Min: 0.0, Avg: 0.0, Max: 0.0, Diff: 0.0, Sum: 0.1]
      [GC Worker Total (ms): Min: 31.2, Avg: 31.2, Max: 31.2, Diff: 0.0, Sum: 62.4]
      [GC Worker End (ms): Min: 16417.8, Avg: 16417.8, Max: 16417.8, Diff: 0.0]
   [Code Root Fixup: 0.0 ms]
   [Code Root Migration: 0.0 ms]
   [Clear CT: 0.1 ms]
   [Other: 0.6 ms]
      [Choose CSet: 0.0 ms]
      [Ref Proc: 0.2 ms]
      [Ref Enq: 0.0 ms]
      [Free CSet: 0.2 ms]
   [Eden: 134.0M(134.0M)->0.0B(128.0M) Survivors: 16.0M->19.0M Heap: 272.3M(512.0M)->171.8M(512.0M)]
 [Times: user=0.06 sys=0.00, real=0.03 secs] 
2014-07-10T12:28:23.390+0200: 16.565: [GC pause (G1 Evacuation Pause) (young), 0.0295827 secs]
   [Parallel Time: 29.0 ms, GC Workers: 2]
      [GC Worker Start (ms): Min: 16565.3, Avg: 16565.3, Max: 16565.3, Diff: 0.0]
      [Ext Root Scanning (ms): Min: 0.3, Avg: 0.3, Max: 0.3, Diff: 0.0, Sum: 0.6]
      [Update RS (ms): Min: 0.0, Avg: 0.0, Max: 0.1, Diff: 0.0, Sum: 0.1]
         [Processed Buffers: Min: 1, Avg: 1.5, Max: 2, Diff: 1, Sum: 3]
      [Scan RS (ms): Min: 0.2, Avg: 0.2, Max: 0.2, Diff: 0.0, Sum: 0.5]
      [Code Root Scanning (ms): Min: 0.1, Avg: 0.1, Max: 0.1, Diff: 0.0, Sum: 0.2]
      [Object Copy (ms): Min: 28.0, Avg: 28.1, Max: 28.1, Diff: 0.1, Sum: 56.2]
      [Termination (ms): Min: 0.0, Avg: 0.1, Max: 0.2, Diff: 0.2, Sum: 0.2]
      [GC Worker Other (ms): Min: 0.0, Avg: 0.0, Max: 0.0, Diff: 0.0, Sum: 0.1]
      [GC Worker Total (ms): Min: 28.9, Avg: 28.9, Max: 28.9, Diff: 0.1, Sum: 57.8]
      [GC Worker End (ms): Min: 16594.2, Avg: 16594.2, Max: 16594.3, Diff: 0.1]
   [Code Root Fixup: 0.0 ms]
   [Code Root Migration: 0.0 ms]
   [Clear CT: 0.1 ms]
   [Other: 0.4 ms]
      [Choose CSet: 0.0 ms]
      [Ref Proc: 0.0 ms]
      [Ref Enq: 0.0 ms]
      [Free CSet: 0.2 ms]
   [Eden: 128.0M(128.0M)->0.0B(116.0M) Survivors: 19.0M->19.0M Heap: 299.8M(512.0M)->198.3M(512.0M)]
 [Times: user=0.05 sys=0.00, real=0.03 secs] 
2014-07-10T12:28:23.477+0200: 16.652: [GC pause (G1 Evacuation Pause) (young), 0.0199939 secs]
   [Parallel Time: 19.3 ms, GC Workers: 2]
      [GC Worker Start (ms): Min: 16652.3, Avg: 16652.4, Max: 16652.4, Diff: 0.0]
      [Ext Root Scanning (ms): Min: 0.3, Avg: 0.3, Max: 0.3, Diff: 0.0, Sum: 0.7]
      [Update RS (ms): Min: 0.0, Avg: 0.0, Max: 0.1, Diff: 0.0, Sum: 0.1]
         [Processed Buffers: Min: 1, Avg: 1.0, Max: 1, Diff: 0, Sum: 2]
      [Scan RS (ms): Min: 0.2, Avg: 0.2, Max: 0.2, Diff: 0.0, Sum: 0.4]
      [Code Root Scanning (ms): Min: 0.1, Avg: 0.1, Max: 0.1, Diff: 0.0, Sum: 0.2]
      [Object Copy (ms): Min: 18.5, Avg: 18.5, Max: 18.5, Diff: 0.0, Sum: 37.0]
      [Termination (ms): Min: 0.0, Avg: 0.0, Max: 0.0, Diff: 0.0, Sum: 0.0]
      [GC Worker Other (ms): Min: 0.0, Avg: 0.0, Max: 0.0, Diff: 0.0, Sum: 0.1]
      [GC Worker Total (ms): Min: 19.2, Avg: 19.2, Max: 19.2, Diff: 0.0, Sum: 38.5]
      [GC Worker End (ms): Min: 16671.6, Avg: 16671.6, Max: 16671.6, Diff: 0.0]
   [Code Root Fixup: 0.0 ms]
   [Code Root Migration: 0.0 ms]
   [Clear CT: 0.1 ms]
   [Other: 0.5 ms]
      [Choose CSet: 0.0 ms]
      [Ref Proc: 0.2 ms]
      [Ref Enq: 0.0 ms]
      [Free CSet: 0.2 ms]
   [Eden: 116.0M(116.0M)->0.0B(136.0M) Survivors: 19.0M->17.0M Heap: 314.3M(512.0M)->208.5M(512.0M)]
 [Times: user=0.05 sys=0.00, real=0.02 secs] 
2014-07-10T12:28:23.615+0200: 16.790: [GC pause (G1 Evacuation Pause) (young), 0.0142647 secs]
   [Parallel Time: 13.6 ms, GC Workers: 2]
      [GC Worker Start (ms): Min: 16790.0, Avg: 16790.0, Max: 16790.0, Diff: 0.0]
      [Ext Root Scanning (ms): Min: 0.3, Avg: 0.3, Max: 0.3, Diff: 0.0, Sum: 0.6]
      [Update RS (ms): Min: 0.0, Avg: 0.0, Max: 0.1, Diff: 0.0, Sum: 0.1]
         [Processed Buffers: Min: 1, Avg: 1.5, Max: 2, Diff: 1, Sum: 3]
      [Scan RS (ms): Min: 0.2, Avg: 0.2, Max: 0.2, Diff: 0.0, Sum: 0.5]
      [Code Root Scanning (ms): Min: 0.1, Avg: 0.1, Max: 0.1, Diff: 0.0, Sum: 0.2]
      [Object Copy (ms): Min: 12.9, Avg: 12.9, Max: 12.9, Diff: 0.0, Sum: 25.8]
      [Termination (ms): Min: 0.0, Avg: 0.0, Max: 0.0, Diff: 0.0, Sum: 0.0]
      [GC Worker Other (ms): Min: 0.0, Avg: 0.0, Max: 0.0, Diff: 0.0, Sum: 0.1]
      [GC Worker Total (ms): Min: 13.6, Avg: 13.6, Max: 13.6, Diff: 0.0, Sum: 27.2]
      [GC Worker End (ms): Min: 16803.7, Avg: 16803.7, Max: 16803.7, Diff: 0.0]
   [Code Root Fixup: 0.0 ms]
   [Code Root Migration: 0.0 ms]
   [Clear CT: 0.1 ms]
   [Other: 0.5 ms]
      [Choose CSet: 0.0 ms]
      [Ref Proc: 0.1 ms]
      [Ref Enq: 0.0 ms]
      [Free CSet: 0.3 ms]
   [Eden: 136.0M(136.0M)->0.0B(126.0M) Survivors: 17.0M->20.0M Heap: 344.5M(512.0M)->212.5M(512.0M)]
 [Times: user=0.03 sys=0.00, real=0.01 secs] 
2014-07-10T12:28:23.768+0200: 16.943: [GC pause (G1 Evacuation Pause) (young), 0.0183602 secs]
   [Parallel Time: 16.5 ms, GC Workers: 2]
      [GC Worker Start (ms): Min: 16943.6, Avg: 16943.6, Max: 16943.6, Diff: 0.0]
      [Ext Root Scanning (ms): Min: 0.7, Avg: 0.7, Max: 0.7, Diff: 0.1, Sum: 1.4]
      [Update RS (ms): Min: 0.1, Avg: 0.2, Max: 0.3, Diff: 0.2, Sum: 0.4]
         [Processed Buffers: Min: 1, Avg: 1.5, Max: 2, Diff: 1, Sum: 3]
      [Scan RS (ms): Min: 0.3, Avg: 0.4, Max: 0.5, Diff: 0.1, Sum: 0.8]
      [Code Root Scanning (ms): Min: 0.1, Avg: 0.1, Max: 0.1, Diff: 0.0, Sum: 0.3]
      [Object Copy (ms): Min: 14.9, Avg: 14.9, Max: 14.9, Diff: 0.0, Sum: 29.9]
      [Termination (ms): Min: 0.0, Avg: 0.0, Max: 0.1, Diff: 0.1, Sum: 0.1]
      [GC Worker Other (ms): Min: 0.0, Avg: 0.0, Max: 0.1, Diff: 0.0, Sum: 0.1]
      [GC Worker Total (ms): Min: 16.4, Avg: 16.4, Max: 16.4, Diff: 0.0, Sum: 32.9]
      [GC Worker End (ms): Min: 16960.0, Avg: 16960.0, Max: 16960.0, Diff: 0.0]
   [Code Root Fixup: 0.0 ms]
   [Code Root Migration: 0.1 ms]
   [Clear CT: 0.2 ms]
   [Other: 1.6 ms]
      [Choose CSet: 0.0 ms]
      [Ref Proc: 0.3 ms]
      [Ref Enq: 0.0 ms]
      [Free CSet: 0.5 ms]
   [Eden: 126.0M(126.0M)->0.0B(114.0M) Survivors: 20.0M->15.0M Heap: 338.5M(512.0M)->207.4M(512.0M)]
 [Times: user=0.03 sys=0.00, real=0.02 secs] 
2014-07-10T12:28:23.849+0200: 17.024: [GC pause (G1 Evacuation Pause) (young), 0.0401943 secs]
   [Parallel Time: 39.7 ms, GC Workers: 2]
      [GC Worker Start (ms): Min: 17024.1, Avg: 17024.1, Max: 17024.1, Diff: 0.0]
      [Ext Root Scanning (ms): Min: 0.3, Avg: 0.3, Max: 0.3, Diff: 0.0, Sum: 0.7]
      [Update RS (ms): Min: 0.0, Avg: 0.1, Max: 0.1, Diff: 0.0, Sum: 0.1]
         [Processed Buffers: Min: 1, Avg: 1.5, Max: 2, Diff: 1, Sum: 3]
      [Scan RS (ms): Min: 0.2, Avg: 0.2, Max: 0.2, Diff: 0.0, Sum: 0.4]
      [Code Root Scanning (ms): Min: 0.1, Avg: 0.1, Max: 0.1, Diff: 0.0, Sum: 0.2]
      [Object Copy (ms): Min: 38.9, Avg: 38.9, Max: 38.9, Diff: 0.0, Sum: 77.8]
      [Termination (ms): Min: 0.0, Avg: 0.0, Max: 0.0, Diff: 0.0, Sum: 0.0]
      [GC Worker Other (ms): Min: 0.0, Avg: 0.0, Max: 0.0, Diff: 0.0, Sum: 0.1]
      [GC Worker Total (ms): Min: 39.6, Avg: 39.6, Max: 39.6, Diff: 0.0, Sum: 79.3]
      [GC Worker End (ms): Min: 17063.8, Avg: 17063.8, Max: 17063.8, Diff: 0.0]
   [Code Root Fixup: 0.0 ms]
   [Code Root Migration: 0.0 ms]
   [Clear CT: 0.1 ms]
   [Other: 0.4 ms]
      [Choose CSet: 0.0 ms]
      [Ref Proc: 0.1 ms]
      [Ref Enq: 0.0 ms]
      [Free CSet: 0.2 ms]
   [Eden: 114.0M(114.0M)->0.0B(129.0M) Survivors: 15.0M->17.0M Heap: 321.4M(512.0M)->255.3M(512.0M)]
 [Times: user=0.09 sys=0.00, real=0.04 secs] 
2014-07-10T12:28:23.997+0200: 17.171: [GC pause (G1 Evacuation Pause) (young) (initial-mark), 0.0390372 secs]
   [Parallel Time: 38.3 ms, GC Workers: 2]
      [GC Worker Start (ms): Min: 17171.5, Avg: 17171.5, Max: 17171.5, Diff: 0.0]
      [Ext Root Scanning (ms): Min: 0.4, Avg: 0.4, Max: 0.4, Diff: 0.0, Sum: 0.9]
      [Code Root Marking (ms): Min: 0.0, Avg: 0.1, Max: 0.1, Diff: 0.1, Sum: 0.1]
      [Update RS (ms): Min: 0.0, Avg: 0.0, Max: 0.0, Diff: 0.0, Sum: 0.1]
         [Processed Buffers: Min: 1, Avg: 1.0, Max: 1, Diff: 0, Sum: 2]
      [Scan RS (ms): Min: 0.2, Avg: 0.2, Max: 0.3, Diff: 0.0, Sum: 0.5]
      [Code Root Scanning (ms): Min: 0.1, Avg: 0.1, Max: 0.1, Diff: 0.0, Sum: 0.2]
      [Object Copy (ms): Min: 37.3, Avg: 37.3, Max: 37.3, Diff: 0.0, Sum: 74.6]
      [Termination (ms): Min: 0.0, Avg: 0.0, Max: 0.0, Diff: 0.0, Sum: 0.0]
      [GC Worker Other (ms): Min: 0.0, Avg: 0.0, Max: 0.0, Diff: 0.0, Sum: 0.1]
      [GC Worker Total (ms): Min: 38.2, Avg: 38.2, Max: 38.2, Diff: 0.0, Sum: 76.4]
      [GC Worker End (ms): Min: 17209.7, Avg: 17209.7, Max: 17209.7, Diff: 0.0]
   [Code Root Fixup: 0.0 ms]
   [Code Root Migration: 0.0 ms]
   [Clear CT: 0.2 ms]
   [Other: 0.6 ms]
      [Choose CSet: 0.0 ms]
      [Ref Proc: 0.1 ms]
      [Ref Enq: 0.0 ms]
      [Free CSet: 0.3 ms]
   [Eden: 129.0M(129.0M)->0.0B(122.0M) Survivors: 17.0M->19.0M Heap: 384.3M(512.0M)->298.0M(512.0M)]
 [Times: user=0.06 sys=0.00, real=0.04 secs] 
2014-07-10T12:28:24.036+0200: 17.211: [GC concurrent-root-region-scan-start]
2014-07-10T12:28:24.037+0200: 17.211: [GC concurrent-root-region-scan-end, 0.0006027 secs]
2014-07-10T12:28:24.037+0200: 17.211: [GC concurrent-mark-start]
2014-07-10T12:28:24.100+0200: 17.274: [GC pause (G1 Evacuation Pause) (young)2014-07-10T12:28:24.125+0200: 17.299: [GC concurrent-mark-end, 0.0049040 secs]
, 0.0254449 secs]
   [Parallel Time: 24.7 ms, GC Workers: 2]
      [GC Worker Start (ms): Min: 17274.4, Avg: 17274.4, Max: 17274.4, Diff: 0.0]
      [Ext Root Scanning (ms): Min: 0.4, Avg: 0.4, Max: 0.4, Diff: 0.0, Sum: 0.7]
      [SATB Filtering (ms): Min: 0.0, Avg: 0.0, Max: 0.0, Diff: 0.0, Sum: 0.0]
      [Update RS (ms): Min: 0.0, Avg: 0.1, Max: 0.1, Diff: 0.0, Sum: 0.1]
         [Processed Buffers: Min: 1, Avg: 1.5, Max: 2, Diff: 1, Sum: 3]
      [Scan RS (ms): Min: 0.2, Avg: 0.2, Max: 0.2, Diff: 0.0, Sum: 0.5]
      [Code Root Scanning (ms): Min: 0.1, Avg: 0.1, Max: 0.1, Diff: 0.0, Sum: 0.2]
      [Object Copy (ms): Min: 23.8, Avg: 23.9, Max: 23.9, Diff: 0.0, Sum: 47.7]
      [Termination (ms): Min: 0.0, Avg: 0.0, Max: 0.0, Diff: 0.0, Sum: 0.0]
      [GC Worker Other (ms): Min: 0.0, Avg: 0.0, Max: 0.0, Diff: 0.0, Sum: 0.1]
      [GC Worker Total (ms): Min: 24.6, Avg: 24.7, Max: 24.7, Diff: 0.0, Sum: 49.3]
      [GC Worker End (ms): Min: 17299.1, Avg: 17299.1, Max: 17299.1, Diff: 0.0]
   [Code Root Fixup: 0.0 ms]
   [Code Root Migration: 0.0 ms]
   [Clear CT: 0.1 ms]
   [Other: 0.6 ms]
      [Choose CSet: 0.0 ms]
      [Ref Proc: 0.3 ms]
      [Ref Enq: 0.0 ms]
      [Free CSet: 0.2 ms]
   [Eden: 122.0M(122.0M)->0.0B(136.0M) Survivors: 19.0M->18.0M Heap: 420.0M(512.0M)->316.4M(512.0M)]
 [Times: user=0.05 sys=0.00, real=0.03 secs] 
2014-07-10T12:28:24.126+0200: 17.300: [GC remark 17.300: [GC ref-proc, 0.0000517 secs], 0.0011780 secs]
 [Times: user=0.00 sys=0.00, real=0.00 secs] 
2014-07-10T12:28:24.206+0200: 17.380: [GC cleanup 450M->259M(512M), 0.0017140 secs]
 [Times: user=0.00 sys=0.00, real=0.00 secs] 
2014-07-10T12:28:24.207+0200: 17.382: [GC concurrent-cleanup-start]
2014-07-10T12:28:24.208+0200: 17.382: [GC concurrent-cleanup-end, 0.0006024 secs]
2014-07-10T12:28:24.209+0200: 17.383: [GC pause (G1 Evacuation Pause) (young), 0.0265591 secs]
   [Parallel Time: 25.8 ms, GC Workers: 2]
      [GC Worker Start (ms): Min: 17383.4, Avg: 17383.4, Max: 17383.4, Diff: 0.0]
      [Ext Root Scanning (ms): Min: 0.3, Avg: 0.3, Max: 0.3, Diff: 0.0, Sum: 0.5]
      [Update RS (ms): Min: 0.0, Avg: 0.0, Max: 0.0, Diff: 0.0, Sum: 0.1]
         [Processed Buffers: Min: 1, Avg: 1.5, Max: 2, Diff: 1, Sum: 3]
      [Scan RS (ms): Min: 0.2, Avg: 0.2, Max: 0.2, Diff: 0.0, Sum: 0.4]
      [Code Root Scanning (ms): Min: 0.1, Avg: 0.1, Max: 0.1, Diff: 0.0, Sum: 0.2]
      [Object Copy (ms): Min: 25.1, Avg: 25.2, Max: 25.2, Diff: 0.0, Sum: 50.3]
      [Termination (ms): Min: 0.0, Avg: 0.0, Max: 0.0, Diff: 0.0, Sum: 0.0]
      [GC Worker Other (ms): Min: 0.0, Avg: 0.0, Max: 0.0, Diff: 0.0, Sum: 0.1]
      [GC Worker Total (ms): Min: 25.8, Avg: 25.8, Max: 25.8, Diff: 0.0, Sum: 51.6]
      [GC Worker End (ms): Min: 17409.2, Avg: 17409.2, Max: 17409.2, Diff: 0.0]
   [Code Root Fixup: 0.0 ms]
   [Code Root Migration: 0.0 ms]
   [Clear CT: 0.1 ms]
   [Other: 0.6 ms]
      [Choose CSet: 0.0 ms]
      [Ref Proc: 0.2 ms]
      [Ref Enq: 0.0 ms]
      [Free CSet: 0.2 ms]
   [Eden: 136.0M(136.0M)->0.0B(138.0M) Survivors: 18.0M->20.0M Heap: 261.4M(512.0M)->148.7M(512.0M)]
 [Times: user=0.06 sys=0.00, real=0.03 secs] 
2014-07-10T12:28:24.396+0200: 17.570: [GC pause (G1 Evacuation Pause) (young), 0.0320020 secs]
   [Parallel Time: 31.3 ms, GC Workers: 2]
      [GC Worker Start (ms): Min: 17570.3, Avg: 17570.3, Max: 17570.3, Diff: 0.0]
      [Ext Root Scanning (ms): Min: 0.6, Avg: 0.6, Max: 0.6, Diff: 0.0, Sum: 1.2]
      [Update RS (ms): Min: 0.1, Avg: 0.1, Max: 0.1, Diff: 0.0, Sum: 0.3]
         [Processed Buffers: Min: 1, Avg: 1.5, Max: 2, Diff: 1, Sum: 3]
      [Scan RS (ms): Min: 0.4, Avg: 0.4, Max: 0.4, Diff: 0.0, Sum: 0.9]
      [Code Root Scanning (ms): Min: 0.1, Avg: 0.1, Max: 0.2, Diff: 0.0, Sum: 0.3]
      [Object Copy (ms): Min: 29.9, Avg: 29.9, Max: 29.9, Diff: 0.0, Sum: 59.7]
      [Termination (ms): Min: 0.0, Avg: 0.0, Max: 0.0, Diff: 0.0, Sum: 0.0]
      [GC Worker Other (ms): Min: 0.1, Avg: 0.1, Max: 0.1, Diff: 0.0, Sum: 0.1]
      [GC Worker Total (ms): Min: 31.2, Avg: 31.2, Max: 31.2, Diff: 0.0, Sum: 62.5]
      [GC Worker End (ms): Min: 17601.5, Avg: 17601.5, Max: 17601.5, Diff: 0.0]
   [Code Root Fixup: 0.0 ms]
   [Code Root Migration: 0.0 ms]
   [Clear CT: 0.1 ms]
   [Other: 0.5 ms]
      [Choose CSet: 0.0 ms]
      [Ref Proc: 0.1 ms]
      [Ref Enq: 0.0 ms]
      [Free CSet: 0.3 ms]
   [Eden: 138.0M(138.0M)->0.0B(124.0M) Survivors: 20.0M->20.0M Heap: 286.7M(512.0M)->175.9M(512.0M)]
 [Times: user=0.06 sys=0.00, real=0.03 secs] 
2014-07-10T12:28:24.493+0200: 17.667: [GC pause (G1 Evacuation Pause) (young), 0.0252946 secs]
   [Parallel Time: 24.6 ms, GC Workers: 2]
      [GC Worker Start (ms): Min: 17667.4, Avg: 17667.4, Max: 17667.4, Diff: 0.0]
      [Ext Root Scanning (ms): Min: 0.3, Avg: 0.3, Max: 0.3, Diff: 0.0, Sum: 0.6]
      [Update RS (ms): Min: 0.0, Avg: 0.0, Max: 0.1, Diff: 0.0, Sum: 0.1]
         [Processed Buffers: Min: 1, Avg: 1.0, Max: 1, Diff: 0, Sum: 2]
      [Scan RS (ms): Min: 0.2, Avg: 0.2, Max: 0.2, Diff: 0.0, Sum: 0.4]
      [Code Root Scanning (ms): Min: 0.1, Avg: 0.1, Max: 0.1, Diff: 0.0, Sum: 0.2]
      [Object Copy (ms): Min: 23.8, Avg: 23.8, Max: 23.8, Diff: 0.0, Sum: 47.7]
      [Termination (ms): Min: 0.0, Avg: 0.0, Max: 0.0, Diff: 0.0, Sum: 0.0]
      [GC Worker Other (ms): Min: 0.0, Avg: 0.0, Max: 0.0, Diff: 0.0, Sum: 0.1]
      [GC Worker Total (ms): Min: 24.5, Avg: 24.5, Max: 24.5, Diff: 0.0, Sum: 49.1]
      [GC Worker End (ms): Min: 17691.9, Avg: 17691.9, Max: 17691.9, Diff: 0.0]
   [Code Root Fixup: 0.0 ms]
   [Code Root Migration: 0.0 ms]
   [Clear CT: 0.1 ms]
   [Other: 0.6 ms]
      [Choose CSet: 0.0 ms]
      [Ref Proc: 0.2 ms]
      [Ref Enq: 0.0 ms]
      [Free CSet: 0.2 ms]
   [Eden: 124.0M(124.0M)->0.0B(137.0M) Survivors: 20.0M->18.0M Heap: 299.9M(512.0M)->194.9M(512.0M)]
 [Times: user=0.06 sys=0.00, real=0.02 secs] 
2014-07-10T12:28:24.605+0200: 17.779: [GC pause (G1 Evacuation Pause) (young), 0.0237005 secs]
   [Parallel Time: 23.0 ms, GC Workers: 2]
      [GC Worker Start (ms): Min: 17779.4, Avg: 17779.4, Max: 17779.4, Diff: 0.0]
      [Ext Root Scanning (ms): Min: 0.3, Avg: 0.3, Max: 0.3, Diff: 0.0, Sum: 0.7]
      [Update RS (ms): Min: 0.0, Avg: 0.1, Max: 0.1, Diff: 0.0, Sum: 0.1]
         [Processed Buffers: Min: 1, Avg: 1.5, Max: 2, Diff: 1, Sum: 3]
      [Scan RS (ms): Min: 0.3, Avg: 0.3, Max: 0.3, Diff: 0.0, Sum: 0.6]
      [Code Root Scanning (ms): Min: 0.1, Avg: 0.1, Max: 0.1, Diff: 0.0, Sum: 0.2]
      [Object Copy (ms): Min: 22.0, Avg: 22.1, Max: 22.1, Diff: 0.0, Sum: 44.1]
      [Termination (ms): Min: 0.0, Avg: 0.0, Max: 0.0, Diff: 0.0, Sum: 0.0]
      [GC Worker Other (ms): Min: 0.0, Avg: 0.0, Max: 0.0, Diff: 0.0, Sum: 0.1]
      [GC Worker Total (ms): Min: 22.9, Avg: 22.9, Max: 22.9, Diff: 0.0, Sum: 45.8]
      [GC Worker End (ms): Min: 17802.3, Avg: 17802.3, Max: 17802.3, Diff: 0.0]
   [Code Root Fixup: 0.0 ms]
   [Code Root Migration: 0.0 ms]
   [Clear CT: 0.2 ms]
   [Other: 0.4 ms]
      [Choose CSet: 0.0 ms]
      [Ref Proc: 0.0 ms]
      [Ref Enq: 0.0 ms]
      [Free CSet: 0.2 ms]
   [Eden: 137.0M(137.0M)->0.0B(136.0M) Survivors: 18.0M->20.0M Heap: 331.9M(512.0M)->212.8M(512.0M)]
 [Times: user=0.03 sys=0.03, real=0.02 secs] 
2014-07-10T12:28:24.789+0200: 17.964: [GC pause (G1 Evacuation Pause) (young), 0.0270852 secs]
   [Parallel Time: 26.4 ms, GC Workers: 2]
      [GC Worker Start (ms): Min: 17963.9, Avg: 17963.9, Max: 17963.9, Diff: 0.0]
      [Ext Root Scanning (ms): Min: 0.3, Avg: 0.3, Max: 0.3, Diff: 0.0, Sum: 0.7]
      [Update RS (ms): Min: 0.0, Avg: 0.0, Max: 0.1, Diff: 0.0, Sum: 0.1]
         [Processed Buffers: Min: 1, Avg: 1.5, Max: 2, Diff: 1, Sum: 3]
      [Scan RS (ms): Min: 0.3, Avg: 0.3, Max: 0.4, Diff: 0.0, Sum: 0.7]
      [Code Root Scanning (ms): Min: 0.1, Avg: 0.1, Max: 0.1, Diff: 0.0, Sum: 0.2]
      [Object Copy (ms): Min: 25.4, Avg: 25.4, Max: 25.5, Diff: 0.0, Sum: 50.9]
      [Termination (ms): Min: 0.0, Avg: 0.0, Max: 0.0, Diff: 0.0, Sum: 0.0]
      [GC Worker Other (ms): Min: 0.0, Avg: 0.0, Max: 0.0, Diff: 0.0, Sum: 0.1]
      [GC Worker Total (ms): Min: 26.3, Avg: 26.3, Max: 26.3, Diff: 0.0, Sum: 52.6]
      [GC Worker End (ms): Min: 17990.2, Avg: 17990.2, Max: 17990.2, Diff: 0.0]
   [Code Root Fixup: 0.0 ms]
   [Code Root Migration: 0.0 ms]
   [Clear CT: 0.1 ms]
   [Other: 0.5 ms]
      [Choose CSet: 0.0 ms]
      [Ref Proc: 0.1 ms]
      [Ref Enq: 0.0 ms]
      [Free CSet: 0.3 ms]
   [Eden: 136.0M(136.0M)->0.0B(122.0M) Survivors: 20.0M->20.0M Heap: 348.8M(512.0M)->232.5M(512.0M)]
 [Times: user=0.06 sys=0.00, real=0.03 secs] 
2014-07-10T12:28:24.878+0200: 18.053: [GC pause (G1 Evacuation Pause) (young), 0.0200695 secs]
   [Parallel Time: 19.4 ms, GC Workers: 2]
      [GC Worker Start (ms): Min: 18052.7, Avg: 18052.7, Max: 18052.7, Diff: 0.0]
      [Ext Root Scanning (ms): Min: 0.4, Avg: 0.4, Max: 0.4, Diff: 0.0, Sum: 0.7]
      [Update RS (ms): Min: 0.0, Avg: 0.0, Max: 0.0, Diff: 0.0, Sum: 0.1]
         [Processed Buffers: Min: 1, Avg: 1.5, Max: 2, Diff: 1, Sum: 3]
      [Scan RS (ms): Min: 0.2, Avg: 0.2, Max: 0.2, Diff: 0.0, Sum: 0.4]
      [Code Root Scanning (ms): Min: 0.1, Avg: 0.1, Max: 0.1, Diff: 0.0, Sum: 0.2]
      [Object Copy (ms): Min: 18.5, Avg: 18.5, Max: 18.5, Diff: 0.0, Sum: 37.1]
      [Termination (ms): Min: 0.0, Avg: 0.0, Max: 0.0, Diff: 0.0, Sum: 0.0]
      [GC Worker Other (ms): Min: 0.0, Avg: 0.1, Max: 0.1, Diff: 0.1, Sum: 0.2]
      [GC Worker Total (ms): Min: 19.3, Avg: 19.3, Max: 19.4, Diff: 0.1, Sum: 38.7]
      [GC Worker End (ms): Min: 18072.0, Avg: 18072.0, Max: 18072.1, Diff: 0.1]
   [Code Root Fixup: 0.0 ms]
   [Code Root Migration: 0.0 ms]
   [Clear CT: 0.2 ms]
   [Other: 0.5 ms]
      [Choose CSet: 0.0 ms]
      [Ref Proc: 0.1 ms]
      [Ref Enq: 0.0 ms]
      [Free CSet: 0.3 ms]
   [Eden: 122.0M(122.0M)->0.0B(138.0M) Survivors: 20.0M->18.0M Heap: 354.5M(512.0M)->242.2M(512.0M)]
 [Times: user=0.03 sys=0.00, real=0.02 secs] 
2014-07-10T12:28:25.006+0200: 18.181: [GC pause (G1 Evacuation Pause) (young), 0.0233541 secs]
   [Parallel Time: 22.8 ms, GC Workers: 2]
      [GC Worker Start (ms): Min: 18180.6, Avg: 18180.6, Max: 18180.6, Diff: 0.0]
      [Ext Root Scanning (ms): Min: 0.3, Avg: 0.3, Max: 0.3, Diff: 0.0, Sum: 0.7]
      [Update RS (ms): Min: 0.0, Avg: 0.0, Max: 0.1, Diff: 0.0, Sum: 0.1]
         [Processed Buffers: Min: 1, Avg: 1.0, Max: 1, Diff: 0, Sum: 2]
      [Scan RS (ms): Min: 0.3, Avg: 0.3, Max: 0.3, Diff: 0.0, Sum: 0.5]
      [Code Root Scanning (ms): Min: 0.1, Avg: 0.1, Max: 0.1, Diff: 0.0, Sum: 0.2]
      [Object Copy (ms): Min: 22.0, Avg: 22.0, Max: 22.0, Diff: 0.0, Sum: 44.0]
      [Termination (ms): Min: 0.0, Avg: 0.0, Max: 0.0, Diff: 0.0, Sum: 0.0]
      [GC Worker Other (ms): Min: 0.0, Avg: 0.0, Max: 0.0, Diff: 0.0, Sum: 0.1]
      [GC Worker Total (ms): Min: 22.7, Avg: 22.7, Max: 22.7, Diff: 0.0, Sum: 45.5]
      [GC Worker End (ms): Min: 18203.3, Avg: 18203.3, Max: 18203.3, Diff: 0.0]
   [Code Root Fixup: 0.0 ms]
   [Code Root Migration: 0.0 ms]
   [Clear CT: 0.1 ms]
   [Other: 0.4 ms]
      [Choose CSet: 0.0 ms]
      [Ref Proc: 0.0 ms]
      [Ref Enq: 0.0 ms]
      [Free CSet: 0.3 ms]
   [Eden: 138.0M(138.0M)->0.0B(130.0M) Survivors: 18.0M->20.0M Heap: 380.2M(512.0M)->259.6M(512.0M)]
 [Times: user=0.06 sys=0.00, real=0.02 secs] 
2014-07-10T12:28:25.170+0200: 18.345: [GC pause (G1 Evacuation Pause) (young) (initial-mark), 0.0179760 secs]
   [Parallel Time: 16.5 ms, GC Workers: 2]
      [GC Worker Start (ms): Min: 18346.1, Avg: 18353.9, Max: 18361.8, Diff: 15.7]
      [Ext Root Scanning (ms): Min: 0.0, Avg: 0.5, Max: 1.0, Diff: 1.0, Sum: 1.0]
      [Code Root Marking (ms): Min: 0.0, Avg: 0.1, Max: 0.2, Diff: 0.2, Sum: 0.2]
      [Update RS (ms): Min: 0.0, Avg: 0.1, Max: 0.1, Diff: 0.1, Sum: 0.1]
         [Processed Buffers: Min: 0, Avg: 1.5, Max: 3, Diff: 3, Sum: 3]
      [Scan RS (ms): Min: 0.0, Avg: 0.3, Max: 0.6, Diff: 0.6, Sum: 0.7]
      [Code Root Scanning (ms): Min: 0.0, Avg: 0.1, Max: 0.2, Diff: 0.2, Sum: 0.2]
      [Object Copy (ms): Min: 0.0, Avg: 6.6, Max: 13.2, Diff: 13.2, Sum: 13.2]
      [Termination (ms): Min: 0.0, Avg: 0.3, Max: 0.5, Diff: 0.5, Sum: 0.5]
      [GC Worker Other (ms): Min: 0.0, Avg: 0.0, Max: 0.0, Diff: 0.0, Sum: 0.1]
      [GC Worker Total (ms): Min: 0.1, Avg: 8.0, Max: 15.9, Diff: 15.8, Sum: 16.0]
      [GC Worker End (ms): Min: 18361.8, Avg: 18361.9, Max: 18361.9, Diff: 0.1]
   [Code Root Fixup: 0.0 ms]
   [Code Root Migration: 0.0 ms]
   [Clear CT: 0.3 ms]
   [Other: 1.1 ms]
      [Choose CSet: 0.0 ms]
      [Ref Proc: 0.1 ms]
      [Ref Enq: 0.0 ms]
      [Free CSet: 0.2 ms]
   [Eden: 130.0M(130.0M)->0.0B(118.0M) Survivors: 20.0M->17.0M Heap: 389.6M(512.0M)->255.8M(512.0M)]
 [Times: user=0.02 sys=0.00, real=0.02 secs] 
2014-07-10T12:28:25.189+0200: 18.363: [GC concurrent-root-region-scan-start]
2014-07-10T12:28:25.192+0200: 18.367: [GC concurrent-root-region-scan-end, 0.0035588 secs]
2014-07-10T12:28:25.192+0200: 18.367: [GC concurrent-mark-start]
2014-07-10T12:28:25.257+0200: 18.431: [GC pause (G1 Evacuation Pause) (young), 0.0020527 secs]
   [Parallel Time: 1.6 ms, GC Workers: 2]
      [GC Worker Start (ms): Min: 18431.2, Avg: 18431.2, Max: 18431.2, Diff: 0.0]
      [Ext Root Scanning (ms): Min: 0.3, Avg: 0.3, Max: 0.3, Diff: 0.0, Sum: 0.6]
      [SATB Filtering (ms): Min: 0.0, Avg: 0.0, Max: 0.0, Diff: 0.0, Sum: 0.0]
      [Update RS (ms): Min: 0.0, Avg: 0.1, Max: 0.1, Diff: 0.1, Sum: 0.1]
         [Processed Buffers: Min: 1, Avg: 1.0, Max: 1, Diff: 0, Sum: 2]
      [Scan RS (ms): Min: 0.2, Avg: 0.2, Max: 0.2, Diff: 0.0, Sum: 0.4]
      [Code Root Scanning (ms): Min: 0.1, Avg: 0.1, Max: 0.1, Diff: 0.0, Sum: 0.2]
      [Object Copy (ms): Min: 0.8, Avg: 0.8, Max: 0.9, Diff: 0.0, Sum: 1.7]
      [Termination (ms): Min: 0.0, Avg: 0.0, Max: 0.0, Diff: 0.0, Sum: 0.0]
      [GC Worker Other (ms): Min: 0.0, Avg: 0.0, Max: 0.0, Diff: 0.0, Sum: 0.0]
      [GC Worker Total (ms): Min: 1.5, Avg: 1.5, Max: 1.5, Diff: 0.0, Sum: 3.0]
      [GC Worker End (ms): Min: 18432.7, Avg: 18432.7, Max: 18432.7, Diff: 0.0]
   [Code Root Fixup: 0.0 ms]
   [Code Root Migration: 0.0 ms]
   [Clear CT: 0.1 ms]
   [Other: 0.4 ms]
      [Choose CSet: 0.0 ms]
      [Ref Proc: 0.0 ms]
      [Ref Enq: 0.0 ms]
      [Free CSet: 0.2 ms]
   [Eden: 118.0M(118.0M)->0.0B(128.0M) Survivors: 17.0M->2048.0K Heap: 373.8M(512.0M)->241.6M(512.0M)]
 [Times: user=0.00 sys=0.00, real=0.00 secs] 
2014-07-10T12:28:25.268+0200: 18.442: [GC concurrent-mark-end, 0.0069435 secs]
2014-07-10T12:28:25.268+0200: 18.442: [GC remark 18.442: [GC ref-proc, 0.0000664 secs], 0.0013147 secs]
 [Times: user=0.00 sys=0.00, real=0.00 secs] 
2014-07-10T12:28:25.348+0200: 18.522: [GC cleanup 305M->119M(512M), 0.0021558 secs]
 [Times: user=0.00 sys=0.00, real=0.00 secs] 
2014-07-10T12:28:25.350+0200: 18.525: [GC concurrent-cleanup-start]
2014-07-10T12:28:25.351+0200: 18.525: [GC concurrent-cleanup-end, 0.0006698 secs]
2014-07-10T12:28:25.392+0200: 18.566: [GC pause (G1 Evacuation Pause) (young), 0.0423643 secs]
   [Parallel Time: 41.7 ms, GC Workers: 2]
      [GC Worker Start (ms): Min: 18566.4, Avg: 18566.4, Max: 18566.4, Diff: 0.0]
      [Ext Root Scanning (ms): Min: 0.2, Avg: 0.3, Max: 0.4, Diff: 0.2, Sum: 0.6]
      [Update RS (ms): Min: 0.0, Avg: 0.1, Max: 0.1, Diff: 0.1, Sum: 0.1]
         [Processed Buffers: Min: 1, Avg: 1.0, Max: 1, Diff: 0, Sum: 2]
      [Scan RS (ms): Min: 0.2, Avg: 0.2, Max: 0.2, Diff: 0.1, Sum: 0.4]
      [Code Root Scanning (ms): Min: 0.1, Avg: 0.1, Max: 0.1, Diff: 0.0, Sum: 0.2]
      [Object Copy (ms): Min: 40.9, Avg: 40.9, Max: 40.9, Diff: 0.0, Sum: 81.8]
      [Termination (ms): Min: 0.0, Avg: 0.0, Max: 0.0, Diff: 0.0, Sum: 0.0]
      [GC Worker Other (ms): Min: 0.0, Avg: 0.1, Max: 0.2, Diff: 0.2, Sum: 0.2]
      [GC Worker Total (ms): Min: 41.7, Avg: 41.7, Max: 41.7, Diff: 0.0, Sum: 83.3]
      [GC Worker End (ms): Min: 18608.1, Avg: 18608.1, Max: 18608.1, Diff: 0.0]
   [Code Root Fixup: 0.0 ms]
   [Code Root Migration: 0.0 ms]
   [Clear CT: 0.2 ms]
   [Other: 0.4 ms]
      [Choose CSet: 0.0 ms]
      [Ref Proc: 0.0 ms]
      [Ref Enq: 0.0 ms]
      [Free CSet: 0.2 ms]
   [Eden: 128.0M(128.0M)->0.0B(117.0M) Survivors: 2048.0K->17.0M Heap: 183.6M(512.0M)->117.6M(512.0M)]
 [Times: user=0.09 sys=0.00, real=0.04 secs] 
2014-07-10T12:28:25.492+0200: 18.666: [GC pause (G1 Evacuation Pause) (mixed), 0.0315657 secs]
   [Parallel Time: 30.9 ms, GC Workers: 2]
      [GC Worker Start (ms): Min: 18666.4, Avg: 18666.4, Max: 18666.4, Diff: 0.0]
      [Ext Root Scanning (ms): Min: 0.4, Avg: 0.4, Max: 0.4, Diff: 0.0, Sum: 0.9]
      [Update RS (ms): Min: 0.0, Avg: 0.0, Max: 0.1, Diff: 0.0, Sum: 0.1]
         [Processed Buffers: Min: 1, Avg: 1.0, Max: 1, Diff: 0, Sum: 2]
      [Scan RS (ms): Min: 0.2, Avg: 0.2, Max: 0.2, Diff: 0.0, Sum: 0.4]
      [Code Root Scanning (ms): Min: 0.1, Avg: 0.1, Max: 0.1, Diff: 0.0, Sum: 0.2]
      [Object Copy (ms): Min: 30.0, Avg: 30.0, Max: 30.0, Diff: 0.0, Sum: 60.0]
      [Termination (ms): Min: 0.0, Avg: 0.0, Max: 0.0, Diff: 0.0, Sum: 0.0]
      [GC Worker Other (ms): Min: 0.0, Avg: 0.0, Max: 0.0, Diff: 0.0, Sum: 0.1]
      [GC Worker Total (ms): Min: 30.8, Avg: 30.8, Max: 30.8, Diff: 0.0, Sum: 61.6]
      [GC Worker End (ms): Min: 18697.3, Avg: 18697.3, Max: 18697.3, Diff: 0.0]
   [Code Root Fixup: 0.0 ms]
   [Code Root Migration: 0.0 ms]
   [Clear CT: 0.2 ms]
   [Other: 0.5 ms]
      [Choose CSet: 0.0 ms]
      [Ref Proc: 0.1 ms]
      [Ref Enq: 0.0 ms]
      [Free CSet: 0.2 ms]
   [Eden: 117.0M(117.0M)->0.0B(137.0M) Survivors: 17.0M->17.0M Heap: 234.6M(512.0M)->148.4M(512.0M)]
 [Times: user=0.06 sys=0.00, real=0.03 secs] 
2014-07-10T12:28:25.612+0200: 18.786: [GC pause (G1 Evacuation Pause) (young), 0.0291973 secs]
   [Parallel Time: 28.5 ms, GC Workers: 2]
      [GC Worker Start (ms): Min: 18786.3, Avg: 18786.3, Max: 18786.3, Diff: 0.0]
      [Ext Root Scanning (ms): Min: 0.3, Avg: 0.3, Max: 0.3, Diff: 0.0, Sum: 0.5]
      [Update RS (ms): Min: 0.0, Avg: 0.0, Max: 0.1, Diff: 0.0, Sum: 0.1]
         [Processed Buffers: Min: 1, Avg: 1.5, Max: 2, Diff: 1, Sum: 3]
      [Scan RS (ms): Min: 0.2, Avg: 0.2, Max: 0.2, Diff: 0.0, Sum: 0.4]
      [Code Root Scanning (ms): Min: 0.1, Avg: 0.1, Max: 0.1, Diff: 0.0, Sum: 0.2]
      [Object Copy (ms): Min: 27.8, Avg: 27.8, Max: 27.8, Diff: 0.0, Sum: 55.6]
      [Termination (ms): Min: 0.0, Avg: 0.0, Max: 0.0, Diff: 0.0, Sum: 0.0]
      [GC Worker Other (ms): Min: 0.0, Avg: 0.0, Max: 0.0, Diff: 0.0, Sum: 0.0]
      [GC Worker Total (ms): Min: 28.4, Avg: 28.4, Max: 28.4, Diff: 0.0, Sum: 56.9]
      [GC Worker End (ms): Min: 18814.8, Avg: 18814.8, Max: 18814.8, Diff: 0.0]
   [Code Root Fixup: 0.0 ms]
   [Code Root Migration: 0.0 ms]
   [Clear CT: 0.1 ms]
   [Other: 0.6 ms]
      [Choose CSet: 0.0 ms]
      [Ref Proc: 0.2 ms]
      [Ref Enq: 0.0 ms]
      [Free CSet: 0.2 ms]
   [Eden: 137.0M(137.0M)->0.0B(136.0M) Survivors: 17.0M->20.0M Heap: 285.4M(512.0M)->177.1M(512.0M)]
 [Times: user=0.06 sys=0.00, real=0.03 secs] 
2014-07-10T12:28:25.790+0200: 18.964: [GC pause (G1 Evacuation Pause) (young), 0.0330579 secs]
   [Parallel Time: 32.4 ms, GC Workers: 2]
      [GC Worker Start (ms): Min: 18964.2, Avg: 18964.3, Max: 18964.3, Diff: 0.0]
      [Ext Root Scanning (ms): Min: 0.4, Avg: 0.4, Max: 0.4, Diff: 0.0, Sum: 0.7]
      [Update RS (ms): Min: 0.1, Avg: 0.1, Max: 0.1, Diff: 0.0, Sum: 0.1]
         [Processed Buffers: Min: 1, Avg: 1.5, Max: 2, Diff: 1, Sum: 3]
      [Scan RS (ms): Min: 0.3, Avg: 0.5, Max: 0.6, Diff: 0.3, Sum: 1.0]
      [Code Root Scanning (ms): Min: 0.1, Avg: 0.1, Max: 0.1, Diff: 0.0, Sum: 0.2]
      [Object Copy (ms): Min: 31.2, Avg: 31.3, Max: 31.5, Diff: 0.3, Sum: 62.7]
      [Termination (ms): Min: 0.0, Avg: 0.0, Max: 0.0, Diff: 0.0, Sum: 0.0]
      [GC Worker Other (ms): Min: 0.0, Avg: 0.0, Max: 0.0, Diff: 0.0, Sum: 0.1]
      [GC Worker Total (ms): Min: 32.4, Avg: 32.4, Max: 32.4, Diff: 0.0, Sum: 64.8]
      [GC Worker End (ms): Min: 18996.7, Avg: 18996.7, Max: 18996.7, Diff: 0.0]
   [Code Root Fixup: 0.0 ms]
   [Code Root Migration: 0.0 ms]
   [Clear CT: 0.1 ms]
   [Other: 0.5 ms]
      [Choose CSet: 0.0 ms]
      [Ref Proc: 0.0 ms]
      [Ref Enq: 0.0 ms]
      [Free CSet: 0.3 ms]
   [Eden: 136.0M(136.0M)->0.0B(122.0M) Survivors: 20.0M->20.0M Heap: 313.1M(512.0M)->206.6M(512.0M)]
 [Times: user=0.08 sys=0.02, real=0.03 secs] 
2014-07-10T12:28:25.884+0200: 19.059: [GC pause (G1 Evacuation Pause) (young), 0.0258904 secs]
   [Parallel Time: 25.3 ms, GC Workers: 2]
      [GC Worker Start (ms): Min: 19058.9, Avg: 19058.9, Max: 19058.9, Diff: 0.0]
      [Ext Root Scanning (ms): Min: 0.4, Avg: 0.4, Max: 0.4, Diff: 0.0, Sum: 0.8]
      [Update RS (ms): Min: 0.0, Avg: 0.0, Max: 0.0, Diff: 0.0, Sum: 0.1]
         [Processed Buffers: Min: 1, Avg: 1.5, Max: 2, Diff: 1, Sum: 3]
      [Scan RS (ms): Min: 0.2, Avg: 0.2, Max: 0.2, Diff: 0.0, Sum: 0.4]
      [Code Root Scanning (ms): Min: 0.1, Avg: 0.1, Max: 0.1, Diff: 0.0, Sum: 0.2]
      [Object Copy (ms): Min: 24.4, Avg: 24.5, Max: 24.5, Diff: 0.0, Sum: 48.9]
      [Termination (ms): Min: 0.0, Avg: 0.0, Max: 0.0, Diff: 0.0, Sum: 0.0]
      [GC Worker Other (ms): Min: 0.0, Avg: 0.0, Max: 0.0, Diff: 0.0, Sum: 0.1]
      [GC Worker Total (ms): Min: 25.2, Avg: 25.2, Max: 25.2, Diff: 0.0, Sum: 50.5]
      [GC Worker End (ms): Min: 19084.1, Avg: 19084.1, Max: 19084.1, Diff: 0.0]
   [Code Root Fixup: 0.0 ms]
   [Code Root Migration: 0.0 ms]
   [Clear CT: 0.2 ms]
   [Other: 0.4 ms]
      [Choose CSet: 0.0 ms]
      [Ref Proc: 0.1 ms]
      [Ref Enq: 0.0 ms]
      [Free CSet: 0.2 ms]
   [Eden: 122.0M(122.0M)->0.0B(139.0M) Survivors: 20.0M->18.0M Heap: 328.6M(512.0M)->226.0M(512.0M)]
 [Times: user=0.06 sys=0.00, real=0.03 secs] 
2014-07-10T12:28:26.010+0200: 19.184: [GC pause (G1 Evacuation Pause) (young), 0.0296857 secs]
   [Parallel Time: 29.1 ms, GC Workers: 2]
      [GC Worker Start (ms): Min: 19184.3, Avg: 19184.5, Max: 19184.6, Diff: 0.3]
      [Ext Root Scanning (ms): Min: 0.2, Avg: 0.3, Max: 0.4, Diff: 0.3, Sum: 0.6]
      [Update RS (ms): Min: 0.0, Avg: 0.0, Max: 0.1, Diff: 0.0, Sum: 0.1]
         [Processed Buffers: Min: 1, Avg: 1.0, Max: 1, Diff: 0, Sum: 2]
      [Scan RS (ms): Min: 0.2, Avg: 0.3, Max: 0.3, Diff: 0.0, Sum: 0.5]
      [Code Root Scanning (ms): Min: 0.1, Avg: 0.1, Max: 0.1, Diff: 0.0, Sum: 0.2]
      [Object Copy (ms): Min: 28.0, Avg: 28.0, Max: 28.0, Diff: 0.0, Sum: 56.0]
      [Termination (ms): Min: 0.0, Avg: 0.0, Max: 0.0, Diff: 0.0, Sum: 0.0]
      [GC Worker Other (ms): Min: 0.0, Avg: 0.1, Max: 0.1, Diff: 0.1, Sum: 0.1]
      [GC Worker Total (ms): Min: 28.6, Avg: 28.8, Max: 29.0, Diff: 0.4, Sum: 57.6]
      [GC Worker End (ms): Min: 19213.2, Avg: 19213.3, Max: 19213.3, Diff: 0.1]
   [Code Root Fixup: 0.0 ms]
   [Code Root Migration: 0.0 ms]
   [Clear CT: 0.1 ms]
   [Other: 0.5 ms]
      [Choose CSet: 0.0 ms]
      [Ref Proc: 0.0 ms]
      [Ref Enq: 0.0 ms]
      [Free CSet: 0.3 ms]
   [Eden: 139.0M(139.0M)->0.0B(133.0M) Survivors: 18.0M->20.0M Heap: 365.0M(512.0M)->254.3M(512.0M)]
 [Times: user=0.03 sys=0.00, real=0.03 secs] 
2014-07-10T12:28:26.185+0200: 19.360: [GC pause (G1 Evacuation Pause) (young) (initial-mark), 0.0287504 secs]
   [Parallel Time: 27.9 ms, GC Workers: 2]
      [GC Worker Start (ms): Min: 19360.4, Avg: 19360.4, Max: 19360.4, Diff: 0.0]
      [Ext Root Scanning (ms): Min: 0.6, Avg: 0.6, Max: 0.7, Diff: 0.0, Sum: 1.3]
      [Code Root Marking (ms): Min: 0.1, Avg: 0.1, Max: 0.1, Diff: 0.0, Sum: 0.2]
      [Update RS (ms): Min: 0.1, Avg: 0.1, Max: 0.1, Diff: 0.0, Sum: 0.2]
         [Processed Buffers: Min: 1, Avg: 1.5, Max: 2, Diff: 1, Sum: 3]
      [Scan RS (ms): Min: 0.4, Avg: 0.4, Max: 0.4, Diff: 0.0, Sum: 0.8]
      [Code Root Scanning (ms): Min: 0.1, Avg: 0.4, Max: 0.7, Diff: 0.6, Sum: 0.9]
      [Object Copy (ms): Min: 25.8, Avg: 26.1, Max: 26.4, Diff: 0.6, Sum: 52.1]
      [Termination (ms): Min: 0.0, Avg: 0.0, Max: 0.0, Diff: 0.0, Sum: 0.0]
      [GC Worker Other (ms): Min: 0.0, Avg: 0.0, Max: 0.1, Diff: 0.0, Sum: 0.1]
      [GC Worker Total (ms): Min: 27.8, Avg: 27.8, Max: 27.8, Diff: 0.0, Sum: 55.6]
      [GC Worker End (ms): Min: 19388.2, Avg: 19388.2, Max: 19388.2, Diff: 0.0]
   [Code Root Fixup: 0.0 ms]
   [Code Root Migration: 0.0 ms]
   [Clear CT: 0.1 ms]
   [Other: 0.7 ms]
      [Choose CSet: 0.0 ms]
      [Ref Proc: 0.1 ms]
      [Ref Enq: 0.0 ms]
      [Free CSet: 0.3 ms]
   [Eden: 133.0M(133.0M)->0.0B(120.0M) Survivors: 20.0M->20.0M Heap: 387.3M(512.0M)->269.3M(512.0M)]
 [Times: user=0.06 sys=0.00, real=0.03 secs] 
2014-07-10T12:28:26.215+0200: 19.389: [GC concurrent-root-region-scan-start]
2014-07-10T12:28:26.215+0200: 19.389: [GC concurrent-root-region-scan-end, 0.0003659 secs]
2014-07-10T12:28:26.215+0200: 19.389: [GC concurrent-mark-start]
2014-07-10T12:28:26.279+0200: 19.453: [GC pause (G1 Evacuation Pause) (young), 0.0157293 secs]
   [Parallel Time: 15.1 ms, GC Workers: 2]
      [GC Worker Start (ms): Min: 19453.3, Avg: 19453.3, Max: 19453.3, Diff: 0.0]
      [Ext Root Scanning (ms): Min: 0.3, Avg: 0.3, Max: 0.3, Diff: 0.0, Sum: 0.5]
      [SATB Filtering (ms): Min: 0.0, Avg: 0.0, Max: 0.0, Diff: 0.0, Sum: 0.0]
      [Update RS (ms): Min: 0.0, Avg: 0.0, Max: 0.1, Diff: 0.0, Sum: 0.1]
         [Processed Buffers: Min: 1, Avg: 1.5, Max: 2, Diff: 1, Sum: 3]
      [Scan RS (ms): Min: 0.2, Avg: 0.2, Max: 0.2, Diff: 0.0, Sum: 0.4]
      [Code Root Scanning (ms): Min: 0.1, Avg: 0.1, Max: 0.1, Diff: 0.0, Sum: 0.2]
      [Object Copy (ms): Min: 14.4, Avg: 14.4, Max: 14.4, Diff: 0.0, Sum: 28.8]
      [Termination (ms): Min: 0.0, Avg: 0.0, Max: 0.0, Diff: 0.0, Sum: 0.0]
      [GC Worker Other (ms): Min: 0.0, Avg: 0.0, Max: 0.0, Diff: 0.0, Sum: 0.0]
      [GC Worker Total (ms): Min: 15.0, Avg: 15.0, Max: 15.0, Diff: 0.0, Sum: 30.1]
      [GC Worker End (ms): Min: 19468.3, Avg: 19468.3, Max: 19468.3, Diff: 0.0]
   [Code Root Fixup: 0.0 ms]
   [Code Root Migration: 0.0 ms]
   [Clear CT: 0.1 ms]
   [Other: 0.5 ms]
      [Choose CSet: 0.0 ms]
      [Ref Proc: 0.2 ms]
      [Ref Enq: 0.0 ms]
      [Free CSet: 0.2 ms]
   [Eden: 120.0M(120.0M)->0.0B(133.0M) Survivors: 20.0M->18.0M Heap: 389.3M(512.0M)->272.1M(512.0M)]
 [Times: user=0.02 sys=0.00, real=0.02 secs] 
2014-07-10T12:28:26.295+0200: 19.469: [GC concurrent-mark-end, 0.0048182 secs]
2014-07-10T12:28:26.295+0200: 19.470: [GC remark 19.470: [GC ref-proc, 0.0000700 secs], 0.0011204 secs]
 [Times: user=0.00 sys=0.00, real=0.00 secs] 
2014-07-10T12:28:26.376+0200: 19.550: [GC cleanup 358M->179M(512M), 0.0019299 secs]
 [Times: user=0.00 sys=0.00, real=0.00 secs] 
2014-07-10T12:28:26.378+0200: 19.552: [GC concurrent-cleanup-start]
2014-07-10T12:28:26.378+0200: 19.553: [GC concurrent-cleanup-end, 0.0005529 secs]
2014-07-10T12:28:26.404+0200: 19.579: [GC pause (G1 Evacuation Pause) (young), 0.0163112 secs]
   [Parallel Time: 15.7 ms, GC Workers: 2]
      [GC Worker Start (ms): Min: 19578.7, Avg: 19578.7, Max: 19578.7, Diff: 0.0]
      [Ext Root Scanning (ms): Min: 0.2, Avg: 0.4, Max: 0.6, Diff: 0.4, Sum: 0.8]
      [Update RS (ms): Min: 0.1, Avg: 0.1, Max: 0.1, Diff: 0.0, Sum: 0.1]
         [Processed Buffers: Min: 1, Avg: 1.5, Max: 2, Diff: 1, Sum: 3]
      [Scan RS (ms): Min: 0.3, Avg: 0.3, Max: 0.3, Diff: 0.0, Sum: 0.5]
      [Code Root Scanning (ms): Min: 0.1, Avg: 0.1, Max: 0.1, Diff: 0.0, Sum: 0.2]
      [Object Copy (ms): Min: 14.6, Avg: 14.6, Max: 14.6, Diff: 0.0, Sum: 29.2]
      [Termination (ms): Min: 0.0, Avg: 0.0, Max: 0.0, Diff: 0.0, Sum: 0.0]
      [GC Worker Other (ms): Min: 0.0, Avg: 0.2, Max: 0.4, Diff: 0.4, Sum: 0.5]
      [GC Worker Total (ms): Min: 15.7, Avg: 15.7, Max: 15.7, Diff: 0.0, Sum: 31.3]
      [GC Worker End (ms): Min: 19594.4, Avg: 19594.4, Max: 19594.4, Diff: 0.0]
   [Code Root Fixup: 0.0 ms]
   [Code Root Migration: 0.0 ms]
   [Clear CT: 0.1 ms]
   [Other: 0.5 ms]
      [Choose CSet: 0.0 ms]
      [Ref Proc: 0.1 ms]
      [Ref Enq: 0.0 ms]
      [Free CSet: 0.3 ms]
   [Eden: 133.0M(133.0M)->0.0B(126.0M) Survivors: 18.0M->19.0M Heap: 226.1M(512.0M)->98.8M(512.0M)]
 [Times: user=0.03 sys=0.00, real=0.02 secs] 
2014-07-10T12:28:26.560+0200: 19.734: [GC pause (G1 Evacuation Pause) (mixed), 0.0103418 secs]
   [Parallel Time: 9.0 ms, GC Workers: 2]
      [GC Worker Start (ms): Min: 19734.5, Avg: 19738.9, Max: 19743.3, Diff: 8.8]
      [Ext Root Scanning (ms): Min: 0.0, Avg: 0.4, Max: 0.9, Diff: 0.8, Sum: 0.9]
      [Update RS (ms): Min: 0.0, Avg: 0.1, Max: 0.2, Diff: 0.2, Sum: 0.2]
         [Processed Buffers: Min: 0, Avg: 1.5, Max: 3, Diff: 3, Sum: 3]
      [Scan RS (ms): Min: 0.0, Avg: 0.4, Max: 0.7, Diff: 0.7, Sum: 0.7]
      [Code Root Scanning (ms): Min: 0.0, Avg: 0.1, Max: 0.3, Diff: 0.3, Sum: 0.3]
      [Object Copy (ms): Min: 0.0, Avg: 3.4, Max: 6.7, Diff: 6.7, Sum: 6.7]
      [Termination (ms): Min: 0.0, Avg: 0.1, Max: 0.3, Diff: 0.3, Sum: 0.3]
      [GC Worker Other (ms): Min: 0.0, Avg: 0.0, Max: 0.0, Diff: 0.0, Sum: 0.1]
      [GC Worker Total (ms): Min: 0.1, Avg: 4.5, Max: 9.0, Diff: 8.9, Sum: 9.1]
      [GC Worker End (ms): Min: 19743.4, Avg: 19743.5, Max: 19743.5, Diff: 0.0]
   [Code Root Fixup: 0.1 ms]
   [Code Root Migration: 0.1 ms]
   [Clear CT: 0.2 ms]
   [Other: 1.0 ms]
      [Choose CSet: 0.0 ms]
      [Ref Proc: 0.2 ms]
      [Ref Enq: 0.0 ms]
      [Free CSet: 0.5 ms]
   [Eden: 126.0M(126.0M)->0.0B(114.0M) Survivors: 19.0M->6144.0K Heap: 224.8M(512.0M)->82.4M(512.0M)]
 [Times: user=0.00 sys=0.01, real=0.01 secs] 
2014-07-10T12:28:26.637+0200: 19.812: [GC pause (G1 Evacuation Pause) (young), 0.0356184 secs]
   [Parallel Time: 35.1 ms, GC Workers: 2]
      [GC Worker Start (ms): Min: 19811.7, Avg: 19811.7, Max: 19811.7, Diff: 0.0]
      [Ext Root Scanning (ms): Min: 0.3, Avg: 0.3, Max: 0.3, Diff: 0.0, Sum: 0.7]
      [Update RS (ms): Min: 0.0, Avg: 0.1, Max: 0.1, Diff: 0.1, Sum: 0.1]
         [Processed Buffers: Min: 1, Avg: 1.0, Max: 1, Diff: 0, Sum: 2]
      [Scan RS (ms): Min: 0.3, Avg: 0.4, Max: 0.4, Diff: 0.1, Sum: 0.7]
      [Code Root Scanning (ms): Min: 0.1, Avg: 0.1, Max: 0.1, Diff: 0.1, Sum: 0.2]
      [Object Copy (ms): Min: 33.6, Avg: 33.9, Max: 34.2, Diff: 0.6, Sum: 67.9]
      [Termination (ms): Min: 0.0, Avg: 0.3, Max: 0.6, Diff: 0.6, Sum: 0.6]
      [GC Worker Other (ms): Min: 0.0, Avg: 0.0, Max: 0.0, Diff: 0.0, Sum: 0.1]
      [GC Worker Total (ms): Min: 35.1, Avg: 35.1, Max: 35.1, Diff: 0.0, Sum: 70.2]
      [GC Worker End (ms): Min: 19846.8, Avg: 19846.8, Max: 19846.8, Diff: 0.0]
   [Code Root Fixup: 0.0 ms]
   [Code Root Migration: 0.0 ms]
   [Clear CT: 0.1 ms]
   [Other: 0.4 ms]
      [Choose CSet: 0.0 ms]
      [Ref Proc: 0.0 ms]
      [Ref Enq: 0.0 ms]
      [Free CSet: 0.2 ms]
   [Eden: 114.0M(114.0M)->0.0B(125.0M) Survivors: 6144.0K->15.0M Heap: 196.4M(512.0M)->130.3M(512.0M)]
 [Times: user=0.06 sys=0.00, real=0.04 secs] 
2014-07-10T12:28:26.784+0200: 19.959: [GC pause (G1 Evacuation Pause) (young), 0.0307911 secs]
   [Parallel Time: 30.1 ms, GC Workers: 2]
      [GC Worker Start (ms): Min: 19958.8, Avg: 19958.8, Max: 19958.8, Diff: 0.0]
      [Ext Root Scanning (ms): Min: 0.4, Avg: 0.4, Max: 0.4, Diff: 0.0, Sum: 0.8]
      [Update RS (ms): Min: 0.0, Avg: 0.0, Max: 0.1, Diff: 0.1, Sum: 0.1]
         [Processed Buffers: Min: 1, Avg: 1.0, Max: 1, Diff: 0, Sum: 2]
      [Scan RS (ms): Min: 0.2, Avg: 0.3, Max: 0.3, Diff: 0.0, Sum: 0.5]
      [Code Root Scanning (ms): Min: 0.1, Avg: 0.1, Max: 0.1, Diff: 0.0, Sum: 0.2]
      [Object Copy (ms): Min: 29.2, Avg: 29.2, Max: 29.2, Diff: 0.0, Sum: 58.4]
      [Termination (ms): Min: 0.0, Avg: 0.0, Max: 0.0, Diff: 0.0, Sum: 0.0]
      [GC Worker Other (ms): Min: 0.0, Avg: 0.0, Max: 0.0, Diff: 0.0, Sum: 0.1]
      [GC Worker Total (ms): Min: 30.0, Avg: 30.0, Max: 30.0, Diff: 0.0, Sum: 60.0]
      [GC Worker End (ms): Min: 19988.8, Avg: 19988.9, Max: 19988.9, Diff: 0.0]
   [Code Root Fixup: 0.0 ms]
   [Code Root Migration: 0.0 ms]
   [Clear CT: 0.1 ms]
   [Other: 0.6 ms]
      [Choose CSet: 0.0 ms]
      [Ref Proc: 0.2 ms]
      [Ref Enq: 0.0 ms]
      [Free CSet: 0.2 ms]
   [Eden: 125.0M(125.0M)->0.0B(117.0M) Survivors: 15.0M->18.0M Heap: 255.3M(512.0M)->161.7M(512.0M)]
 [Times: user=0.05 sys=0.00, real=0.03 secs] 
2014-07-10T12:28:26.873+0200: 20.047: [GC pause (G1 Evacuation Pause) (young), 0.0211319 secs]
   [Parallel Time: 20.6 ms, GC Workers: 2]
      [GC Worker Start (ms): Min: 20047.2, Avg: 20047.2, Max: 20047.2, Diff: 0.0]
      [Ext Root Scanning (ms): Min: 0.3, Avg: 0.3, Max: 0.3, Diff: 0.0, Sum: 0.6]
      [Update RS (ms): Min: 0.0, Avg: 0.1, Max: 0.1, Diff: 0.1, Sum: 0.1]
         [Processed Buffers: Min: 1, Avg: 1.0, Max: 1, Diff: 0, Sum: 2]
      [Scan RS (ms): Min: 0.2, Avg: 0.2, Max: 0.2, Diff: 0.1, Sum: 0.4]
      [Code Root Scanning (ms): Min: 0.1, Avg: 0.1, Max: 0.1, Diff: 0.0, Sum: 0.2]
      [Object Copy (ms): Min: 19.7, Avg: 19.8, Max: 19.8, Diff: 0.1, Sum: 39.5]
      [Termination (ms): Min: 0.0, Avg: 0.1, Max: 0.2, Diff: 0.2, Sum: 0.2]
      [GC Worker Other (ms): Min: 0.0, Avg: 0.0, Max: 0.0, Diff: 0.0, Sum: 0.1]
      [GC Worker Total (ms): Min: 20.5, Avg: 20.5, Max: 20.6, Diff: 0.1, Sum: 41.1]
      [GC Worker End (ms): Min: 20067.7, Avg: 20067.8, Max: 20067.8, Diff: 0.1]
   [Code Root Fixup: 0.0 ms]
   [Code Root Migration: 0.0 ms]
   [Clear CT: 0.1 ms]
   [Other: 0.4 ms]
      [Choose CSet: 0.0 ms]
      [Ref Proc: 0.0 ms]
      [Ref Enq: 0.0 ms]
      [Free CSet: 0.2 ms]
   [Eden: 117.0M(117.0M)->0.0B(137.0M) Survivors: 18.0M->17.0M Heap: 278.7M(512.0M)->174.8M(512.0M)]
 [Times: user=0.03 sys=0.00, real=0.02 secs] 
2014-07-10T12:28:27.017+0200: 20.192: [GC pause (G1 Evacuation Pause) (young), 0.0205640 secs]
   [Parallel Time: 19.8 ms, GC Workers: 2]
      [GC Worker Start (ms): Min: 20192.1, Avg: 20192.1, Max: 20192.1, Diff: 0.0]
      [Ext Root Scanning (ms): Min: 0.3, Avg: 0.3, Max: 0.3, Diff: 0.0, Sum: 0.7]
      [Update RS (ms): Min: 0.0, Avg: 0.1, Max: 0.1, Diff: 0.0, Sum: 0.1]
         [Processed Buffers: Min: 1, Avg: 1.5, Max: 2, Diff: 1, Sum: 3]
      [Scan RS (ms): Min: 0.2, Avg: 0.2, Max: 0.2, Diff: 0.0, Sum: 0.5]
      [Code Root Scanning (ms): Min: 0.1, Avg: 0.1, Max: 0.1, Diff: 0.0, Sum: 0.2]
      [Object Copy (ms): Min: 19.0, Avg: 19.1, Max: 19.1, Diff: 0.0, Sum: 38.1]
      [Termination (ms): Min: 0.0, Avg: 0.0, Max: 0.0, Diff: 0.0, Sum: 0.0]
      [GC Worker Other (ms): Min: 0.0, Avg: 0.0, Max: 0.0, Diff: 0.0, Sum: 0.1]
      [GC Worker Total (ms): Min: 19.8, Avg: 19.8, Max: 19.8, Diff: 0.0, Sum: 39.6]
      [GC Worker End (ms): Min: 20211.9, Avg: 20211.9, Max: 20211.9, Diff: 0.0]
   [Code Root Fixup: 0.0 ms]
   [Code Root Migration: 0.0 ms]
   [Clear CT: 0.1 ms]
   [Other: 0.6 ms]
      [Choose CSet: 0.0 ms]
      [Ref Proc: 0.0 ms]
      [Ref Enq: 0.0 ms]
      [Free CSet: 0.3 ms]
   [Eden: 137.0M(137.0M)->0.0B(126.0M) Survivors: 17.0M->20.0M Heap: 311.8M(512.0M)->188.8M(512.0M)]
 [Times: user=0.03 sys=0.00, real=0.02 secs] 
2014-07-10T12:28:27.172+0200: 20.347: [GC pause (G1 Evacuation Pause) (young), 0.0182602 secs]
   [Parallel Time: 17.4 ms, GC Workers: 2]
      [GC Worker Start (ms): Min: 20347.0, Avg: 20347.0, Max: 20347.0, Diff: 0.0]
      [Ext Root Scanning (ms): Min: 0.6, Avg: 0.6, Max: 0.6, Diff: 0.0, Sum: 1.1]
      [Update RS (ms): Min: 0.1, Avg: 0.1, Max: 0.1, Diff: 0.0, Sum: 0.2]
         [Processed Buffers: Min: 2, Avg: 2.0, Max: 2, Diff: 0, Sum: 4]
      [Scan RS (ms): Min: 0.4, Avg: 0.4, Max: 0.4, Diff: 0.1, Sum: 0.8]
      [Code Root Scanning (ms): Min: 0.1, Avg: 0.2, Max: 0.2, Diff: 0.1, Sum: 0.4]
      [Object Copy (ms): Min: 16.0, Avg: 16.1, Max: 16.1, Diff: 0.0, Sum: 32.1]
      [Termination (ms): Min: 0.0, Avg: 0.0, Max: 0.0, Diff: 0.0, Sum: 0.0]
      [GC Worker Other (ms): Min: 0.0, Avg: 0.0, Max: 0.0, Diff: 0.0, Sum: 0.1]
      [GC Worker Total (ms): Min: 17.3, Avg: 17.3, Max: 17.3, Diff: 0.0, Sum: 34.7]
      [GC Worker End (ms): Min: 20364.4, Avg: 20364.4, Max: 20364.4, Diff: 0.0]
   [Code Root Fixup: 0.0 ms]
   [Code Root Migration: 0.0 ms]
   [Clear CT: 0.1 ms]
   [Other: 0.7 ms]
      [Choose CSet: 0.0 ms]
      [Ref Proc: 0.3 ms]
      [Ref Enq: 0.0 ms]
      [Free CSet: 0.2 ms]
   [Eden: 126.0M(126.0M)->0.0B(115.0M) Survivors: 20.0M->17.0M Heap: 314.8M(512.0M)->185.6M(512.0M)]
 [Times: user=0.03 sys=0.00, real=0.02 secs] 
2014-07-10T12:28:27.247+0200: 20.422: [GC pause (G1 Evacuation Pause) (young), 0.0420036 secs]
   [Parallel Time: 41.4 ms, GC Workers: 2]
      [GC Worker Start (ms): Min: 20421.9, Avg: 20421.9, Max: 20421.9, Diff: 0.0]
      [Ext Root Scanning (ms): Min: 0.5, Avg: 0.5, Max: 0.5, Diff: 0.0, Sum: 1.0]
      [Update RS (ms): Min: 0.1, Avg: 0.1, Max: 0.1, Diff: 0.0, Sum: 0.1]
         [Processed Buffers: Min: 1, Avg: 1.5, Max: 2, Diff: 1, Sum: 3]
      [Scan RS (ms): Min: 0.2, Avg: 0.2, Max: 0.2, Diff: 0.0, Sum: 0.4]
      [Code Root Scanning (ms): Min: 0.1, Avg: 0.1, Max: 0.1, Diff: 0.0, Sum: 0.2]
      [Object Copy (ms): Min: 40.5, Avg: 40.5, Max: 40.5, Diff: 0.0, Sum: 80.9]
      [Termination (ms): Min: 0.0, Avg: 0.0, Max: 0.0, Diff: 0.0, Sum: 0.0]
      [GC Worker Other (ms): Min: 0.0, Avg: 0.0, Max: 0.0, Diff: 0.0, Sum: 0.1]
      [GC Worker Total (ms): Min: 41.3, Avg: 41.3, Max: 41.3, Diff: 0.0, Sum: 82.7]
      [GC Worker End (ms): Min: 20463.3, Avg: 20463.3, Max: 20463.3, Diff: 0.0]
   [Code Root Fixup: 0.0 ms]
   [Code Root Migration: 0.0 ms]
   [Clear CT: 0.1 ms]
   [Other: 0.5 ms]
      [Choose CSet: 0.0 ms]
      [Ref Proc: 0.1 ms]
      [Ref Enq: 0.0 ms]
      [Free CSet: 0.2 ms]
   [Eden: 115.0M(115.0M)->0.0B(136.0M) Survivors: 17.0M->17.0M Heap: 300.6M(512.0M)->234.6M(512.0M)]
 [Times: user=0.08 sys=0.00, real=0.04 secs] 
2014-07-10T12:28:27.388+0200: 20.562: [GC pause (G1 Evacuation Pause) (young), 0.0036311 secs]
   [Parallel Time: 2.9 ms, GC Workers: 2]
      [GC Worker Start (ms): Min: 20562.4, Avg: 20562.4, Max: 20562.4, Diff: 0.0]
      [Ext Root Scanning (ms): Min: 0.5, Avg: 0.5, Max: 0.5, Diff: 0.0, Sum: 1.0]
      [Update RS (ms): Min: 0.0, Avg: 0.0, Max: 0.1, Diff: 0.0, Sum: 0.1]
         [Processed Buffers: Min: 1, Avg: 1.5, Max: 2, Diff: 1, Sum: 3]
      [Scan RS (ms): Min: 0.3, Avg: 0.3, Max: 0.3, Diff: 0.0, Sum: 0.5]
      [Code Root Scanning (ms): Min: 0.1, Avg: 0.1, Max: 0.1, Diff: 0.0, Sum: 0.2]
      [Object Copy (ms): Min: 2.0, Avg: 2.0, Max: 2.0, Diff: 0.0, Sum: 3.9]
      [Termination (ms): Min: 0.0, Avg: 0.0, Max: 0.0, Diff: 0.0, Sum: 0.0]
      [GC Worker Other (ms): Min: 0.0, Avg: 0.0, Max: 0.0, Diff: 0.0, Sum: 0.1]
      [GC Worker Total (ms): Min: 2.9, Avg: 2.9, Max: 2.9, Diff: 0.0, Sum: 5.8]
      [GC Worker End (ms): Min: 20565.3, Avg: 20565.3, Max: 20565.3, Diff: 0.0]
   [Code Root Fixup: 0.0 ms]
   [Code Root Migration: 0.0 ms]
   [Clear CT: 0.1 ms]
   [Other: 0.5 ms]
      [Choose CSet: 0.0 ms]
      [Ref Proc: 0.1 ms]
      [Ref Enq: 0.0 ms]
      [Free CSet: 0.3 ms]
   [Eden: 136.0M(136.0M)->0.0B(131.0M) Survivors: 17.0M->4096.0K Heap: 370.6M(512.0M)->221.1M(512.0M)]
 [Times: user=0.00 sys=0.00, real=0.00 secs] 
2014-07-10T12:28:27.490+0200: 20.664: [GC pause (G1 Evacuation Pause) (young), 0.0385052 secs]
   [Parallel Time: 38.0 ms, GC Workers: 2]
      [GC Worker Start (ms): Min: 20664.3, Avg: 20664.3, Max: 20664.3, Diff: 0.0]
      [Ext Root Scanning (ms): Min: 0.3, Avg: 0.3, Max: 0.3, Diff: 0.0, Sum: 0.7]
      [Update RS (ms): Min: 0.0, Avg: 0.0, Max: 0.1, Diff: 0.0, Sum: 0.1]
         [Processed Buffers: Min: 2, Avg: 2.0, Max: 2, Diff: 0, Sum: 4]
      [Scan RS (ms): Min: 0.2, Avg: 0.2, Max: 0.2, Diff: 0.0, Sum: 0.4]
      [Code Root Scanning (ms): Min: 0.1, Avg: 0.1, Max: 0.1, Diff: 0.0, Sum: 0.2]
      [Object Copy (ms): Min: 37.2, Avg: 37.2, Max: 37.3, Diff: 0.0, Sum: 74.5]
      [Termination (ms): Min: 0.0, Avg: 0.0, Max: 0.0, Diff: 0.0, Sum: 0.0]
      [GC Worker Other (ms): Min: 0.0, Avg: 0.0, Max: 0.0, Diff: 0.0, Sum: 0.1]
      [GC Worker Total (ms): Min: 37.9, Avg: 37.9, Max: 37.9, Diff: 0.0, Sum: 75.9]
      [GC Worker End (ms): Min: 20702.3, Avg: 20702.3, Max: 20702.3, Diff: 0.0]
   [Code Root Fixup: 0.0 ms]
   [Code Root Migration: 0.0 ms]
   [Clear CT: 0.1 ms]
   [Other: 0.4 ms]
      [Choose CSet: 0.0 ms]
      [Ref Proc: 0.0 ms]
      [Ref Enq: 0.0 ms]
      [Free CSet: 0.2 ms]
   [Eden: 131.0M(131.0M)->0.0B(126.0M) Survivors: 4096.0K->17.0M Heap: 352.1M(512.0M)->278.1M(512.0M)]
 [Times: user=0.09 sys=0.00, real=0.04 secs] 
2014-07-10T12:28:27.613+0200: 20.788: [GC pause (G1 Evacuation Pause) (young) (initial-mark), 0.0354567 secs]
   [Parallel Time: 34.8 ms, GC Workers: 2]
      [GC Worker Start (ms): Min: 20787.8, Avg: 20787.8, Max: 20787.8, Diff: 0.0]
      [Ext Root Scanning (ms): Min: 0.4, Avg: 0.4, Max: 0.4, Diff: 0.0, Sum: 0.8]
      [Code Root Marking (ms): Min: 0.1, Avg: 0.1, Max: 0.1, Diff: 0.0, Sum: 0.1]
      [Update RS (ms): Min: 0.0, Avg: 0.0, Max: 0.0, Diff: 0.0, Sum: 0.1]
         [Processed Buffers: Min: 1, Avg: 1.5, Max: 2, Diff: 1, Sum: 3]
      [Scan RS (ms): Min: 0.2, Avg: 0.2, Max: 0.2, Diff: 0.0, Sum: 0.4]
      [Code Root Scanning (ms): Min: 0.1, Avg: 0.1, Max: 0.1, Diff: 0.0, Sum: 0.2]
      [Object Copy (ms): Min: 34.0, Avg: 34.0, Max: 34.0, Diff: 0.0, Sum: 67.9]
      [Termination (ms): Min: 0.0, Avg: 0.0, Max: 0.0, Diff: 0.0, Sum: 0.0]
      [GC Worker Other (ms): Min: 0.0, Avg: 0.0, Max: 0.0, Diff: 0.0, Sum: 0.1]
      [GC Worker Total (ms): Min: 34.8, Avg: 34.8, Max: 34.8, Diff: 0.0, Sum: 69.6]
      [GC Worker End (ms): Min: 20822.6, Avg: 20822.6, Max: 20822.6, Diff: 0.0]
   [Code Root Fixup: 0.0 ms]
   [Code Root Migration: 0.0 ms]
   [Clear CT: 0.1 ms]
   [Other: 0.5 ms]
      [Choose CSet: 0.0 ms]
      [Ref Proc: 0.0 ms]
      [Ref Enq: 0.0 ms]
      [Free CSet: 0.2 ms]
   [Eden: 126.0M(126.0M)->0.0B(125.0M) Survivors: 17.0M->18.0M Heap: 404.1M(512.0M)->315.4M(512.0M)]
 [Times: user=0.09 sys=0.00, real=0.04 secs] 
2014-07-10T12:28:27.649+0200: 20.823: [GC concurrent-root-region-scan-start]
2014-07-10T12:28:27.649+0200: 20.824: [GC concurrent-root-region-scan-end, 0.0004854 secs]
2014-07-10T12:28:27.649+0200: 20.824: [GC concurrent-mark-start]
2014-07-10T12:28:27.728+0200: 20.902: [GC concurrent-mark-end, 0.0057267 secs]
2014-07-10T12:28:27.728+0200: 20.902: [GC remark 20.902: [GC ref-proc, 0.0000598 secs], 0.0012110 secs]
 [Times: user=0.00 sys=0.00, real=0.00 secs] 
2014-07-10T12:28:27.778+0200: 20.953: [GC pause (G1 Evacuation Pause) (young), 0.0306829 secs]
   [Parallel Time: 30.0 ms, GC Workers: 2]
      [GC Worker Start (ms): Min: 20953.2, Avg: 20953.2, Max: 20953.2, Diff: 0.0]
      [Ext Root Scanning (ms): Min: 0.3, Avg: 0.3, Max: 0.3, Diff: 0.0, Sum: 0.7]
      [SATB Filtering (ms): Min: 0.0, Avg: 0.0, Max: 0.0, Diff: 0.0, Sum: 0.0]
      [Update RS (ms): Min: 0.0, Avg: 0.0, Max: 0.1, Diff: 0.0, Sum: 0.1]
         [Processed Buffers: Min: 1, Avg: 1.5, Max: 2, Diff: 1, Sum: 3]
      [Scan RS (ms): Min: 0.2, Avg: 0.2, Max: 0.2, Diff: 0.0, Sum: 0.4]
      [Code Root Scanning (ms): Min: 0.1, Avg: 0.1, Max: 0.1, Diff: 0.0, Sum: 0.2]
      [Object Copy (ms): Min: 29.3, Avg: 29.3, Max: 29.3, Diff: 0.0, Sum: 58.6]
      [Termination (ms): Min: 0.0, Avg: 0.0, Max: 0.0, Diff: 0.0, Sum: 0.0]
      [GC Worker Other (ms): Min: 0.0, Avg: 0.0, Max: 0.0, Diff: 0.0, Sum: 0.1]
      [GC Worker Total (ms): Min: 30.0, Avg: 30.0, Max: 30.0, Diff: 0.0, Sum: 60.0]
      [GC Worker End (ms): Min: 20983.2, Avg: 20983.2, Max: 20983.2, Diff: 0.0]
   [Code Root Fixup: 0.0 ms]
   [Code Root Migration: 0.0 ms]
   [Clear CT: 0.1 ms]
   [Other: 0.5 ms]
      [Choose CSet: 0.0 ms]
      [Ref Proc: 0.1 ms]
      [Ref Enq: 0.0 ms]
      [Free CSet: 0.3 ms]
   [Eden: 125.0M(125.0M)->0.0B(115.0M) Survivors: 18.0M->18.0M Heap: 440.4M(512.0M)->344.6M(512.0M)]
 [Times: user=0.06 sys=0.00, real=0.03 secs] 
2014-07-10T12:28:27.810+0200: 20.984: [GC cleanup 344M->140M(512M), 0.0019849 secs]
 [Times: user=0.00 sys=0.00, real=0.00 secs] 
2014-07-10T12:28:27.812+0200: 20.986: [GC concurrent-cleanup-start]
2014-07-10T12:28:27.812+0200: 20.987: [GC concurrent-cleanup-end, 0.0003069 secs]
2014-07-10T12:28:27.874+0200: 21.049: [GC pause (G1 Evacuation Pause) (young), 0.0200313 secs]
   [Parallel Time: 19.2 ms, GC Workers: 2]
      [GC Worker Start (ms): Min: 21049.0, Avg: 21049.0, Max: 21049.0, Diff: 0.0]
      [Ext Root Scanning (ms): Min: 0.3, Avg: 0.3, Max: 0.3, Diff: 0.0, Sum: 0.6]
      [Update RS (ms): Min: 0.0, Avg: 0.0, Max: 0.0, Diff: 0.0, Sum: 0.1]
         [Processed Buffers: Min: 1, Avg: 1.5, Max: 2, Diff: 1, Sum: 3]
      [Scan RS (ms): Min: 0.2, Avg: 0.2, Max: 0.2, Diff: 0.0, Sum: 0.4]
      [Code Root Scanning (ms): Min: 0.1, Avg: 0.1, Max: 0.1, Diff: 0.0, Sum: 0.2]
      [Object Copy (ms): Min: 18.5, Avg: 18.6, Max: 18.6, Diff: 0.0, Sum: 37.1]
      [Termination (ms): Min: 0.0, Avg: 0.0, Max: 0.0, Diff: 0.0, Sum: 0.0]
      [GC Worker Other (ms): Min: 0.0, Avg: 0.0, Max: 0.0, Diff: 0.0, Sum: 0.1]
      [GC Worker Total (ms): Min: 19.2, Avg: 19.2, Max: 19.2, Diff: 0.0, Sum: 38.3]
      [GC Worker End (ms): Min: 21068.2, Avg: 21068.2, Max: 21068.2, Diff: 0.0]
   [Code Root Fixup: 0.0 ms]
   [Code Root Migration: 0.0 ms]
   [Clear CT: 0.1 ms]
   [Other: 0.7 ms]
      [Choose CSet: 0.0 ms]
      [Ref Proc: 0.3 ms]
      [Ref Enq: 0.0 ms]
      [Free CSet: 0.2 ms]
   [Eden: 115.0M(115.0M)->0.0B(129.0M) Survivors: 18.0M->17.0M Heap: 255.6M(512.0M)->152.7M(512.0M)]
 [Times: user=0.03 sys=0.00, real=0.02 secs] 
2014-07-10T12:28:28.021+0200: 21.196: [GC pause (G1 Evacuation Pause) (mixed), 0.0184270 secs]
   [Parallel Time: 17.6 ms, GC Workers: 2]
      [GC Worker Start (ms): Min: 21195.9, Avg: 21195.9, Max: 21195.9, Diff: 0.0]
      [Ext Root Scanning (ms): Min: 0.4, Avg: 0.4, Max: 0.4, Diff: 0.1, Sum: 0.8]
      [Update RS (ms): Min: 0.0, Avg: 0.5, Max: 1.0, Diff: 1.0, Sum: 1.1]
         [Processed Buffers: Min: 1, Avg: 1.5, Max: 2, Diff: 1, Sum: 3]
      [Scan RS (ms): Min: 0.0, Avg: 0.3, Max: 0.6, Diff: 0.6, Sum: 0.6]
      [Code Root Scanning (ms): Min: 0.0, Avg: 0.1, Max: 0.2, Diff: 0.2, Sum: 0.2]
      [Object Copy (ms): Min: 16.1, Avg: 16.2, Max: 16.3, Diff: 0.2, Sum: 32.4]
      [Termination (ms): Min: 0.0, Avg: 0.0, Max: 0.0, Diff: 0.0, Sum: 0.0]
      [GC Worker Other (ms): Min: 0.0, Avg: 0.0, Max: 0.0, Diff: 0.0, Sum: 0.1]
      [GC Worker Total (ms): Min: 17.6, Avg: 17.6, Max: 17.6, Diff: 0.0, Sum: 35.1]
      [GC Worker End (ms): Min: 21213.5, Avg: 21213.5, Max: 21213.5, Diff: 0.0]
   [Code Root Fixup: 0.0 ms]
   [Code Root Migration: 0.0 ms]
   [Clear CT: 0.1 ms]
   [Other: 0.7 ms]
      [Choose CSet: 0.0 ms]
      [Ref Proc: 0.3 ms]
      [Ref Enq: 0.0 ms]
      [Free CSet: 0.2 ms]
   [Eden: 129.0M(129.0M)->0.0B(118.0M) Survivors: 17.0M->19.0M Heap: 281.7M(512.0M)->157.7M(512.0M)]
 [Times: user=0.06 sys=0.00, real=0.02 secs] 
2014-07-10T12:28:28.096+0200: 21.271: [GC pause (G1 Evacuation Pause) (young), 0.0400421 secs]
   [Parallel Time: 39.4 ms, GC Workers: 2]
      [GC Worker Start (ms): Min: 21271.2, Avg: 21271.2, Max: 21271.2, Diff: 0.1]
      [Ext Root Scanning (ms): Min: 0.3, Avg: 0.3, Max: 0.3, Diff: 0.0, Sum: 0.7]
      [Update RS (ms): Min: 0.1, Avg: 0.1, Max: 0.1, Diff: 0.1, Sum: 0.2]
         [Processed Buffers: Min: 2, Avg: 2.0, Max: 2, Diff: 0, Sum: 4]
      [Scan RS (ms): Min: 0.2, Avg: 0.2, Max: 0.2, Diff: 0.0, Sum: 0.4]
      [Code Root Scanning (ms): Min: 0.1, Avg: 0.1, Max: 0.1, Diff: 0.0, Sum: 0.2]
      [Object Copy (ms): Min: 38.5, Avg: 38.6, Max: 38.6, Diff: 0.0, Sum: 77.1]
      [Termination (ms): Min: 0.0, Avg: 0.0, Max: 0.0, Diff: 0.0, Sum: 0.0]
      [GC Worker Other (ms): Min: 0.0, Avg: 0.1, Max: 0.1, Diff: 0.1, Sum: 0.1]
      [GC Worker Total (ms): Min: 39.3, Avg: 39.4, Max: 39.4, Diff: 0.1, Sum: 78.7]
      [GC Worker End (ms): Min: 21310.6, Avg: 21310.6, Max: 21310.6, Diff: 0.0]
   [Code Root Fixup: 0.0 ms]
   [Code Root Migration: 0.0 ms]
   [Clear CT: 0.1 ms]
   [Other: 0.5 ms]
      [Choose CSet: 0.0 ms]
      [Ref Proc: 0.1 ms]
      [Ref Enq: 0.0 ms]
      [Free CSet: 0.2 ms]
   [Eden: 118.0M(118.0M)->0.0B(140.0M) Survivors: 19.0M->18.0M Heap: 275.7M(512.0M)->201.3M(512.0M)]
 [Times: user=0.09 sys=0.00, real=0.04 secs] 
2014-07-10T12:28:28.257+0200: 21.432: [GC pause (G1 Evacuation Pause) (young), 0.0042213 secs]
   [Parallel Time: 3.4 ms, GC Workers: 2]
      [GC Worker Start (ms): Min: 21431.8, Avg: 21431.8, Max: 21431.8, Diff: 0.0]
      [Ext Root Scanning (ms): Min: 0.2, Avg: 0.2, Max: 0.2, Diff: 0.0, Sum: 0.5]
      [Update RS (ms): Min: 0.0, Avg: 0.1, Max: 0.1, Diff: 0.0, Sum: 0.1]
         [Processed Buffers: Min: 1, Avg: 1.5, Max: 2, Diff: 1, Sum: 3]
      [Scan RS (ms): Min: 0.2, Avg: 0.2, Max: 0.2, Diff: 0.0, Sum: 0.4]
      [Code Root Scanning (ms): Min: 0.1, Avg: 0.1, Max: 0.1, Diff: 0.0, Sum: 0.2]
      [Object Copy (ms): Min: 2.7, Avg: 2.7, Max: 2.7, Diff: 0.0, Sum: 5.4]
      [Termination (ms): Min: 0.0, Avg: 0.0, Max: 0.0, Diff: 0.0, Sum: 0.0]
      [GC Worker Other (ms): Min: 0.0, Avg: 0.0, Max: 0.0, Diff: 0.0, Sum: 0.0]
      [GC Worker Total (ms): Min: 3.3, Avg: 3.3, Max: 3.3, Diff: 0.0, Sum: 6.6]
      [GC Worker End (ms): Min: 21435.1, Avg: 21435.1, Max: 21435.1, Diff: 0.0]
   [Code Root Fixup: 0.0 ms]
   [Code Root Migration: 0.0 ms]
   [Clear CT: 0.2 ms]
   [Other: 0.7 ms]
      [Choose CSet: 0.0 ms]
      [Ref Proc: 0.3 ms]
      [Ref Enq: 0.0 ms]
      [Free CSet: 0.3 ms]
   [Eden: 140.0M(140.0M)->0.0B(129.0M) Survivors: 18.0M->5120.0K Heap: 341.3M(512.0M)->187.8M(512.0M)]
 [Times: user=0.00 sys=0.00, real=0.00 secs] 
2014-07-10T12:28:28.402+0200: 21.577: [GC pause (G1 Evacuation Pause) (young), 0.0019237 secs]
   [Parallel Time: 1.4 ms, GC Workers: 2]
      [GC Worker Start (ms): Min: 21577.0, Avg: 21577.0, Max: 21577.1, Diff: 0.0]
      [Ext Root Scanning (ms): Min: 0.4, Avg: 0.4, Max: 0.4, Diff: 0.0, Sum: 0.7]
      [Update RS (ms): Min: 0.0, Avg: 0.1, Max: 0.1, Diff: 0.1, Sum: 0.1]
         [Processed Buffers: Min: 1, Avg: 1.5, Max: 2, Diff: 1, Sum: 3]
      [Scan RS (ms): Min: 0.2, Avg: 0.2, Max: 0.2, Diff: 0.0, Sum: 0.4]
      [Code Root Scanning (ms): Min: 0.1, Avg: 0.1, Max: 0.1, Diff: 0.0, Sum: 0.2]
      [Object Copy (ms): Min: 0.7, Avg: 0.7, Max: 0.7, Diff: 0.0, Sum: 1.3]
      [Termination (ms): Min: 0.0, Avg: 0.0, Max: 0.0, Diff: 0.0, Sum: 0.0]
      [GC Worker Other (ms): Min: 0.0, Avg: 0.0, Max: 0.0, Diff: 0.0, Sum: 0.0]
      [GC Worker Total (ms): Min: 1.4, Avg: 1.4, Max: 1.4, Diff: 0.0, Sum: 2.8]
      [GC Worker End (ms): Min: 21578.5, Avg: 21578.5, Max: 21578.5, Diff: 0.0]
   [Code Root Fixup: 0.0 ms]
   [Code Root Migration: 0.0 ms]
   [Clear CT: 0.1 ms]
   [Other: 0.3 ms]
      [Choose CSet: 0.0 ms]
      [Ref Proc: 0.0 ms]
      [Ref Enq: 0.0 ms]
      [Free CSet: 0.2 ms]
   [Eden: 129.0M(129.0M)->0.0B(117.0M) Survivors: 5120.0K->2048.0K Heap: 316.8M(512.0M)->184.7M(512.0M)]
 [Times: user=0.00 sys=0.00, real=0.00 secs] 
2014-07-10T12:28:28.480+0200: 21.655: [GC pause (G1 Evacuation Pause) (young), 0.0335448 secs]
   [Parallel Time: 32.8 ms, GC Workers: 2]
      [GC Worker Start (ms): Min: 21655.3, Avg: 21655.3, Max: 21655.3, Diff: 0.0]
      [Ext Root Scanning (ms): Min: 0.3, Avg: 0.3, Max: 0.3, Diff: 0.0, Sum: 0.6]
      [Update RS (ms): Min: 0.0, Avg: 0.0, Max: 0.0, Diff: 0.0, Sum: 0.1]
         [Processed Buffers: Min: 1, Avg: 1.5, Max: 2, Diff: 1, Sum: 3]
      [Scan RS (ms): Min: 0.2, Avg: 0.2, Max: 0.2, Diff: 0.0, Sum: 0.3]
      [Code Root Scanning (ms): Min: 0.1, Avg: 0.1, Max: 0.1, Diff: 0.0, Sum: 0.2]
      [Object Copy (ms): Min: 32.1, Avg: 32.1, Max: 32.1, Diff: 0.0, Sum: 64.2]
      [Termination (ms): Min: 0.0, Avg: 0.0, Max: 0.0, Diff: 0.0, Sum: 0.0]
      [GC Worker Other (ms): Min: 0.0, Avg: 0.0, Max: 0.0, Diff: 0.0, Sum: 0.1]
      [GC Worker Total (ms): Min: 32.7, Avg: 32.7, Max: 32.7, Diff: 0.0, Sum: 65.4]
      [GC Worker End (ms): Min: 21688.0, Avg: 21688.0, Max: 21688.0, Diff: 0.0]
   [Code Root Fixup: 0.0 ms]
   [Code Root Migration: 0.0 ms]
   [Clear CT: 0.1 ms]
   [Other: 0.7 ms]
      [Choose CSet: 0.0 ms]
      [Ref Proc: 0.3 ms]
      [Ref Enq: 0.0 ms]
      [Free CSet: 0.2 ms]
   [Eden: 117.0M(117.0M)->0.0B(121.0M) Survivors: 2048.0K->15.0M Heap: 301.7M(512.0M)->235.7M(512.0M)]
 [Times: user=0.06 sys=0.00, real=0.03 secs] 
2014-07-10T12:28:28.603+0200: 21.778: [GC pause (G1 Evacuation Pause) (young), 0.0220056 secs]
   [Parallel Time: 21.3 ms, GC Workers: 2]
      [GC Worker Start (ms): Min: 21777.8, Avg: 21777.8, Max: 21777.8, Diff: 0.0]
      [Ext Root Scanning (ms): Min: 0.3, Avg: 0.3, Max: 0.3, Diff: 0.0, Sum: 0.7]
      [Update RS (ms): Min: 0.0, Avg: 0.0, Max: 0.1, Diff: 0.0, Sum: 0.1]
         [Processed Buffers: Min: 2, Avg: 2.0, Max: 2, Diff: 0, Sum: 4]
      [Scan RS (ms): Min: 0.2, Avg: 0.2, Max: 0.2, Diff: 0.0, Sum: 0.4]
      [Code Root Scanning (ms): Min: 0.1, Avg: 0.1, Max: 0.1, Diff: 0.0, Sum: 0.2]
      [Object Copy (ms): Min: 20.5, Avg: 20.5, Max: 20.5, Diff: 0.0, Sum: 41.0]
      [Termination (ms): Min: 0.0, Avg: 0.0, Max: 0.0, Diff: 0.0, Sum: 0.0]
      [GC Worker Other (ms): Min: 0.0, Avg: 0.0, Max: 0.0, Diff: 0.0, Sum: 0.1]
      [GC Worker Total (ms): Min: 21.2, Avg: 21.2, Max: 21.2, Diff: 0.0, Sum: 42.5]
      [GC Worker End (ms): Min: 21799.0, Avg: 21799.0, Max: 21799.0, Diff: 0.0]
   [Code Root Fixup: 0.0 ms]
   [Code Root Migration: 0.0 ms]
   [Clear CT: 0.1 ms]
   [Other: 0.6 ms]
      [Choose CSet: 0.0 ms]
      [Ref Proc: 0.2 ms]
      [Ref Enq: 0.0 ms]
      [Free CSet: 0.2 ms]
   [Eden: 121.0M(121.0M)->0.0B(119.0M) Survivors: 15.0M->17.0M Heap: 356.7M(512.0M)->253.8M(512.0M)]
 [Times: user=0.03 sys=0.00, real=0.02 secs] 
2014-07-10T12:28:28.765+0200: 21.940: [GC pause (G1 Evacuation Pause) (young) (initial-mark), 0.0140971 secs]
   [Parallel Time: 13.3 ms, GC Workers: 2]
      [GC Worker Start (ms): Min: 21939.9, Avg: 21939.9, Max: 21939.9, Diff: 0.0]
      [Ext Root Scanning (ms): Min: 0.4, Avg: 0.4, Max: 0.4, Diff: 0.0, Sum: 0.8]
      [Code Root Marking (ms): Min: 0.1, Avg: 0.1, Max: 0.1, Diff: 0.0, Sum: 0.1]
      [Update RS (ms): Min: 0.0, Avg: 0.0, Max: 0.0, Diff: 0.0, Sum: 0.1]
         [Processed Buffers: Min: 1, Avg: 2.0, Max: 3, Diff: 2, Sum: 4]
      [Scan RS (ms): Min: 0.2, Avg: 0.2, Max: 0.2, Diff: 0.0, Sum: 0.4]
      [Code Root Scanning (ms): Min: 0.1, Avg: 0.1, Max: 0.1, Diff: 0.0, Sum: 0.2]
      [Object Copy (ms): Min: 12.5, Avg: 12.5, Max: 12.5, Diff: 0.0, Sum: 25.0]
      [Termination (ms): Min: 0.0, Avg: 0.0, Max: 0.0, Diff: 0.0, Sum: 0.0]
      [GC Worker Other (ms): Min: 0.0, Avg: 0.0, Max: 0.0, Diff: 0.0, Sum: 0.1]
      [GC Worker Total (ms): Min: 13.3, Avg: 13.3, Max: 13.3, Diff: 0.0, Sum: 26.6]
      [GC Worker End (ms): Min: 21953.2, Avg: 21953.2, Max: 21953.2, Diff: 0.0]
   [Code Root Fixup: 0.0 ms]
   [Code Root Migration: 0.0 ms]
   [Clear CT: 0.1 ms]
   [Other: 0.6 ms]
      [Choose CSet: 0.0 ms]
      [Ref Proc: 0.2 ms]
      [Ref Enq: 0.0 ms]
      [Free CSet: 0.2 ms]
   [Eden: 119.0M(119.0M)->0.0B(109.0M) Survivors: 17.0M->17.0M Heap: 372.8M(512.0M)->256.8M(512.0M)]
 [Times: user=0.03 sys=0.00, real=0.01 secs] 
2014-07-10T12:28:28.779+0200: 21.954: [GC concurrent-root-region-scan-start]
2014-07-10T12:28:28.779+0200: 21.954: [GC concurrent-root-region-scan-end, 0.0001778 secs]
2014-07-10T12:28:28.779+0200: 21.954: [GC concurrent-mark-start]
2014-07-10T12:28:28.832+0200: 22.007: [GC pause (G1 Evacuation Pause) (young)2014-07-10T12:28:28.865+0200: 22.040: [GC concurrent-mark-end, 0.0047152 secs]
, 0.0404395 secs]
   [Parallel Time: 39.6 ms, GC Workers: 2]
      [GC Worker Start (ms): Min: 22006.8, Avg: 22006.8, Max: 22006.8, Diff: 0.0]
      [Ext Root Scanning (ms): Min: 0.3, Avg: 0.3, Max: 0.3, Diff: 0.0, Sum: 0.7]
      [SATB Filtering (ms): Min: 0.0, Avg: 0.0, Max: 0.0, Diff: 0.0, Sum: 0.0]
      [Update RS (ms): Min: 0.1, Avg: 0.1, Max: 0.1, Diff: 0.0, Sum: 0.1]
         [Processed Buffers: Min: 1, Avg: 1.5, Max: 2, Diff: 1, Sum: 3]
      [Scan RS (ms): Min: 0.2, Avg: 0.2, Max: 0.2, Diff: 0.0, Sum: 0.4]
      [Code Root Scanning (ms): Min: 0.1, Avg: 0.1, Max: 0.1, Diff: 0.0, Sum: 0.2]
      [Object Copy (ms): Min: 38.9, Avg: 38.9, Max: 38.9, Diff: 0.0, Sum: 77.7]
      [Termination (ms): Min: 0.0, Avg: 0.0, Max: 0.0, Diff: 0.0, Sum: 0.0]
      [GC Worker Other (ms): Min: 0.0, Avg: 0.0, Max: 0.0, Diff: 0.0, Sum: 0.1]
      [GC Worker Total (ms): Min: 39.6, Avg: 39.6, Max: 39.6, Diff: 0.0, Sum: 79.2]
      [GC Worker End (ms): Min: 22046.4, Avg: 22046.4, Max: 22046.4, Diff: 0.0]
   [Code Root Fixup: 0.0 ms]
   [Code Root Migration: 0.0 ms]
   [Clear CT: 0.4 ms]
   [Other: 0.4 ms]
      [Choose CSet: 0.0 ms]
      [Ref Proc: 0.0 ms]
      [Ref Enq: 0.0 ms]
      [Free CSet: 0.2 ms]
   [Eden: 109.0M(109.0M)->0.0B(134.0M) Survivors: 17.0M->16.0M Heap: 365.8M(512.0M)->302.8M(512.0M)]
 [Times: user=0.09 sys=0.00, real=0.04 secs] 
2014-07-10T12:28:28.873+0200: 22.048: [GC remark 22.048: [GC ref-proc, 0.0000528 secs], 0.0010229 secs]
 [Times: user=0.00 sys=0.00, real=0.00 secs] 
2014-07-10T12:28:28.953+0200: 22.127: [GC cleanup 371M->190M(512M), 0.0012209 secs]
 [Times: user=0.00 sys=0.00, real=0.00 secs] 
2014-07-10T12:28:28.954+0200: 22.129: [GC concurrent-cleanup-start]
2014-07-10T12:28:28.954+0200: 22.129: [GC concurrent-cleanup-end, 0.0002522 secs]
2014-07-10T12:28:28.989+0200: 22.164: [GC pause (G1 Evacuation Pause) (young), 0.0422917 secs]
   [Parallel Time: 41.4 ms, GC Workers: 2]
      [GC Worker Start (ms): Min: 22164.1, Avg: 22164.1, Max: 22164.1, Diff: 0.0]
      [Ext Root Scanning (ms): Min: 0.4, Avg: 0.4, Max: 0.4, Diff: 0.0, Sum: 0.7]
      [Update RS (ms): Min: 0.0, Avg: 0.0, Max: 0.0, Diff: 0.0, Sum: 0.1]
         [Processed Buffers: Min: 1, Avg: 1.5, Max: 2, Diff: 1, Sum: 3]
      [Scan RS (ms): Min: 0.2, Avg: 0.2, Max: 0.2, Diff: 0.0, Sum: 0.5]
      [Code Root Scanning (ms): Min: 0.1, Avg: 0.1, Max: 0.1, Diff: 0.0, Sum: 0.2]
      [Object Copy (ms): Min: 40.5, Avg: 40.6, Max: 40.6, Diff: 0.1, Sum: 81.2]
      [Termination (ms): Min: 0.0, Avg: 0.0, Max: 0.1, Diff: 0.1, Sum: 0.1]
      [GC Worker Other (ms): Min: 0.0, Avg: 0.0, Max: 0.0, Diff: 0.0, Sum: 0.1]
      [GC Worker Total (ms): Min: 41.4, Avg: 41.4, Max: 41.4, Diff: 0.0, Sum: 82.8]
      [GC Worker End (ms): Min: 22205.5, Avg: 22205.5, Max: 22205.6, Diff: 0.0]
   [Code Root Fixup: 0.0 ms]
   [Code Root Migration: 0.0 ms]
   [Clear CT: 0.1 ms]
   [Other: 0.7 ms]
      [Choose CSet: 0.0 ms]
      [Ref Proc: 0.3 ms]
      [Ref Enq: 0.0 ms]
      [Free CSet: 0.3 ms]
   [Eden: 134.0M(134.0M)->0.0B(125.0M) Survivors: 16.0M->19.0M Heap: 255.8M(512.0M)->170.6M(512.0M)]
 [Times: user=0.06 sys=0.00, real=0.04 secs] 
2014-07-10T12:28:29.094+0200: 22.269: [GC pause (G1 Evacuation Pause) (mixed), 0.0293682 secs]
   [Parallel Time: 28.5 ms, GC Workers: 2]
      [GC Worker Start (ms): Min: 22269.1, Avg: 22269.1, Max: 22269.1, Diff: 0.0]
      [Ext Root Scanning (ms): Min: 0.6, Avg: 0.6, Max: 0.6, Diff: 0.0, Sum: 1.2]
      [Update RS (ms): Min: 0.1, Avg: 0.1, Max: 0.1, Diff: 0.0, Sum: 0.1]
         [Processed Buffers: Min: 2, Avg: 2.0, Max: 2, Diff: 0, Sum: 4]
      [Scan RS (ms): Min: 0.2, Avg: 0.2, Max: 0.3, Diff: 0.0, Sum: 0.5]
      [Code Root Scanning (ms): Min: 0.1, Avg: 0.1, Max: 0.1, Diff: 0.0, Sum: 0.2]
      [Object Copy (ms): Min: 27.4, Avg: 27.4, Max: 27.4, Diff: 0.0, Sum: 54.9]
      [Termination (ms): Min: 0.0, Avg: 0.0, Max: 0.0, Diff: 0.0, Sum: 0.0]
      [GC Worker Other (ms): Min: 0.0, Avg: 0.0, Max: 0.0, Diff: 0.0, Sum: 0.1]
      [GC Worker Total (ms): Min: 28.4, Avg: 28.4, Max: 28.4, Diff: 0.0, Sum: 56.9]
      [GC Worker End (ms): Min: 22297.6, Avg: 22297.6, Max: 22297.6, Diff: 0.0]
   [Code Root Fixup: 0.0 ms]
   [Code Root Migration: 0.0 ms]
   [Clear CT: 0.2 ms]
   [Other: 0.7 ms]
      [Choose CSet: 0.0 ms]
      [Ref Proc: 0.3 ms]
      [Ref Enq: 0.0 ms]
      [Free CSet: 0.3 ms]
   [Eden: 125.0M(125.0M)->0.0B(140.0M) Survivors: 19.0M->18.0M Heap: 295.6M(512.0M)->192.2M(512.0M)]
 [Times: user=0.06 sys=0.00, real=0.03 secs] 
2014-07-10T12:28:29.214+0200: 22.388: [GC pause (G1 Evacuation Pause) (young), 0.0345226 secs]
   [Parallel Time: 33.5 ms, GC Workers: 2]
      [GC Worker Start (ms): Min: 22388.5, Avg: 22388.5, Max: 22388.5, Diff: 0.0]
      [Ext Root Scanning (ms): Min: 0.3, Avg: 0.3, Max: 0.3, Diff: 0.0, Sum: 0.7]
      [Update RS (ms): Min: 0.1, Avg: 0.1, Max: 0.1, Diff: 0.0, Sum: 0.1]
         [Processed Buffers: Min: 1, Avg: 1.5, Max: 2, Diff: 1, Sum: 3]
      [Scan RS (ms): Min: 0.2, Avg: 0.3, Max: 0.4, Diff: 0.2, Sum: 0.5]
      [Code Root Scanning (ms): Min: 0.1, Avg: 0.2, Max: 0.3, Diff: 0.2, Sum: 0.4]
      [Object Copy (ms): Min: 32.5, Avg: 32.5, Max: 32.5, Diff: 0.0, Sum: 65.0]
      [Termination (ms): Min: 0.0, Avg: 0.0, Max: 0.0, Diff: 0.0, Sum: 0.0]
      [GC Worker Other (ms): Min: 0.0, Avg: 0.0, Max: 0.0, Diff: 0.0, Sum: 0.1]
      [GC Worker Total (ms): Min: 33.4, Avg: 33.4, Max: 33.4, Diff: 0.0, Sum: 66.9]
      [GC Worker End (ms): Min: 22422.0, Avg: 22422.0, Max: 22422.0, Diff: 0.0]
   [Code Root Fixup: 0.0 ms]
   [Code Root Migration: 0.0 ms]
   [Clear CT: 0.1 ms]
   [Other: 0.9 ms]
      [Choose CSet: 0.0 ms]
      [Ref Proc: 0.5 ms]
      [Ref Enq: 0.0 ms]
      [Free CSet: 0.3 ms]
   [Eden: 140.0M(140.0M)->0.0B(138.0M) Survivors: 18.0M->20.0M Heap: 332.2M(512.0M)->226.6M(512.0M)]
 [Times: user=0.06 sys=0.00, real=0.03 secs] 
2014-07-10T12:28:29.396+0200: 22.570: [GC pause (G1 Evacuation Pause) (young), 0.0377393 secs]
   [Parallel Time: 37.0 ms, GC Workers: 2]
      [GC Worker Start (ms): Min: 22570.5, Avg: 22570.5, Max: 22570.5, Diff: 0.0]
      [Ext Root Scanning (ms): Min: 0.4, Avg: 0.4, Max: 0.4, Diff: 0.0, Sum: 0.7]
      [Update RS (ms): Min: 0.0, Avg: 0.1, Max: 0.1, Diff: 0.0, Sum: 0.1]
         [Processed Buffers: Min: 1, Avg: 1.5, Max: 2, Diff: 1, Sum: 3]
      [Scan RS (ms): Min: 0.3, Avg: 0.3, Max: 0.3, Diff: 0.0, Sum: 0.6]
      [Code Root Scanning (ms): Min: 0.1, Avg: 0.1, Max: 0.1, Diff: 0.0, Sum: 0.2]
      [Object Copy (ms): Min: 36.0, Avg: 36.0, Max: 36.1, Diff: 0.0, Sum: 72.1]
      [Termination (ms): Min: 0.0, Avg: 0.0, Max: 0.0, Diff: 0.0, Sum: 0.0]
      [GC Worker Other (ms): Min: 0.0, Avg: 0.0, Max: 0.0, Diff: 0.0, Sum: 0.1]
      [GC Worker Total (ms): Min: 36.9, Avg: 36.9, Max: 36.9, Diff: 0.0, Sum: 73.9]
      [GC Worker End (ms): Min: 22607.4, Avg: 22607.4, Max: 22607.4, Diff: 0.0]
   [Code Root Fixup: 0.0 ms]
   [Code Root Migration: 0.0 ms]
   [Clear CT: 0.1 ms]
   [Other: 0.6 ms]
      [Choose CSet: 0.0 ms]
      [Ref Proc: 0.2 ms]
      [Ref Enq: 0.0 ms]
      [Free CSet: 0.3 ms]
   [Eden: 138.0M(138.0M)->0.0B(124.0M) Survivors: 20.0M->20.0M Heap: 364.6M(512.0M)->264.9M(512.0M)]
 [Times: user=0.06 sys=0.00, real=0.04 secs] 
2014-07-10T12:28:29.495+0200: 22.670: [GC pause (G1 Evacuation Pause) (young) (initial-mark), 0.0326454 secs]
   [Parallel Time: 31.5 ms, GC Workers: 2]
      [GC Worker Start (ms): Min: 22670.1, Avg: 22670.1, Max: 22670.1, Diff: 0.0]
      [Ext Root Scanning (ms): Min: 0.4, Avg: 0.4, Max: 0.4, Diff: 0.0, Sum: 0.7]
      [Code Root Marking (ms): Min: 0.0, Avg: 0.1, Max: 0.1, Diff: 0.0, Sum: 0.1]
      [Update RS (ms): Min: 0.0, Avg: 0.0, Max: 0.0, Diff: 0.0, Sum: 0.0]
         [Processed Buffers: Min: 1, Avg: 1.5, Max: 2, Diff: 1, Sum: 3]
      [Scan RS (ms): Min: 0.2, Avg: 0.2, Max: 0.2, Diff: 0.0, Sum: 0.4]
      [Code Root Scanning (ms): Min: 0.1, Avg: 0.1, Max: 0.1, Diff: 0.0, Sum: 0.2]
      [Object Copy (ms): Min: 30.6, Avg: 30.6, Max: 30.6, Diff: 0.1, Sum: 61.2]
      [Termination (ms): Min: 0.0, Avg: 0.0, Max: 0.0, Diff: 0.0, Sum: 0.0]
      [GC Worker Other (ms): Min: 0.0, Avg: 0.0, Max: 0.0, Diff: 0.0, Sum: 0.1]
      [GC Worker Total (ms): Min: 31.4, Avg: 31.4, Max: 31.4, Diff: 0.0, Sum: 62.7]
      [GC Worker End (ms): Min: 22701.5, Avg: 22701.5, Max: 22701.5, Diff: 0.0]
   [Code Root Fixup: 0.0 ms]
   [Code Root Migration: 0.0 ms]
   [Clear CT: 0.4 ms]
   [Other: 0.7 ms]
      [Choose CSet: 0.0 ms]
      [Ref Proc: 0.1 ms]
      [Ref Enq: 0.0 ms]
      [Free CSet: 0.3 ms]
   [Eden: 124.0M(124.0M)->0.0B(141.0M) Survivors: 20.0M->18.0M Heap: 388.9M(512.0M)->295.1M(512.0M)]
 [Times: user=0.06 sys=0.00, real=0.03 secs] 
2014-07-10T12:28:29.528+0200: 22.703: [GC concurrent-root-region-scan-start]
2014-07-10T12:28:29.529+0200: 22.703: [GC concurrent-root-region-scan-end, 0.0004436 secs]
2014-07-10T12:28:29.529+0200: 22.703: [GC concurrent-mark-start]
2014-07-10T12:28:29.608+0200: 22.782: [GC concurrent-mark-end, 0.0030327 secs]
2014-07-10T12:28:29.608+0200: 22.783: [GC remark 22.783: [GC ref-proc, 0.0000616 secs], 0.0013147 secs]
 [Times: user=0.00 sys=0.00, real=0.00 secs] 
2014-07-10T12:28:29.614+0200: 22.789: [GC pause (G1 Evacuation Pause) (young), 0.0308017 secs]
   [Parallel Time: 30.0 ms, GC Workers: 2]
      [GC Worker Start (ms): Min: 22789.2, Avg: 22789.2, Max: 22789.2, Diff: 0.0]
      [Ext Root Scanning (ms): Min: 0.5, Avg: 0.5, Max: 0.5, Diff: 0.0, Sum: 1.0]
      [SATB Filtering (ms): Min: 0.0, Avg: 0.0, Max: 0.0, Diff: 0.0, Sum: 0.0]
      [Update RS (ms): Min: 0.0, Avg: 0.1, Max: 0.1, Diff: 0.0, Sum: 0.1]
         [Processed Buffers: Min: 2, Avg: 2.0, Max: 2, Diff: 0, Sum: 4]
      [Scan RS (ms): Min: 0.2, Avg: 0.2, Max: 0.3, Diff: 0.0, Sum: 0.5]
      [Code Root Scanning (ms): Min: 0.1, Avg: 0.1, Max: 0.1, Diff: 0.0, Sum: 0.2]
      [Object Copy (ms): Min: 29.0, Avg: 29.0, Max: 29.0, Diff: 0.0, Sum: 58.0]
      [Termination (ms): Min: 0.0, Avg: 0.0, Max: 0.0, Diff: 0.0, Sum: 0.0]
      [GC Worker Other (ms): Min: 0.0, Avg: 0.0, Max: 0.0, Diff: 0.0, Sum: 0.1]
      [GC Worker Total (ms): Min: 29.9, Avg: 29.9, Max: 30.0, Diff: 0.0, Sum: 59.9]
      [GC Worker End (ms): Min: 22819.1, Avg: 22819.1, Max: 22819.1, Diff: 0.0]
   [Code Root Fixup: 0.0 ms]
   [Code Root Migration: 0.0 ms]
   [Clear CT: 0.1 ms]
   [Other: 0.7 ms]
      [Choose CSet: 0.0 ms]
      [Ref Proc: 0.3 ms]
      [Ref Enq: 0.0 ms]
      [Free CSet: 0.3 ms]
   [Eden: 141.0M(141.0M)->0.0B(141.0M) Survivors: 18.0M->20.0M Heap: 436.1M(512.0M)->324.0M(512.0M)]
 [Times: user=0.06 sys=0.00, real=0.03 secs] 
2014-07-10T12:28:29.688+0200: 22.862: [GC cleanup 405M->215M(512M), 0.0019640 secs]
 [Times: user=0.00 sys=0.00, real=0.00 secs] 
2014-07-10T12:28:29.690+0200: 22.864: [GC concurrent-cleanup-start]
2014-07-10T12:28:29.690+0200: 22.865: [GC concurrent-cleanup-end, 0.0003648 secs]
2014-07-10T12:28:29.792+0200: 22.967: [GC pause (G1 Evacuation Pause) (young), 0.0363084 secs]
   [Parallel Time: 35.7 ms, GC Workers: 2]
      [GC Worker Start (ms): Min: 22966.7, Avg: 22966.7, Max: 22966.7, Diff: 0.0]
      [Ext Root Scanning (ms): Min: 0.3, Avg: 0.3, Max: 0.3, Diff: 0.0, Sum: 0.7]
      [Update RS (ms): Min: 0.0, Avg: 0.1, Max: 0.1, Diff: 0.1, Sum: 0.1]
         [Processed Buffers: Min: 1, Avg: 1.5, Max: 2, Diff: 1, Sum: 3]
      [Scan RS (ms): Min: 0.2, Avg: 0.3, Max: 0.3, Diff: 0.0, Sum: 0.5]
      [Code Root Scanning (ms): Min: 0.1, Avg: 0.1, Max: 0.1, Diff: 0.0, Sum: 0.2]
      [Object Copy (ms): Min: 34.9, Avg: 34.9, Max: 34.9, Diff: 0.0, Sum: 69.8]
      [Termination (ms): Min: 0.0, Avg: 0.0, Max: 0.0, Diff: 0.0, Sum: 0.0]
      [GC Worker Other (ms): Min: 0.0, Avg: 0.0, Max: 0.0, Diff: 0.0, Sum: 0.1]
      [GC Worker Total (ms): Min: 35.7, Avg: 35.7, Max: 35.7, Diff: 0.0, Sum: 71.4]
      [GC Worker End (ms): Min: 23002.4, Avg: 23002.4, Max: 23002.4, Diff: 0.0]
   [Code Root Fixup: 0.0 ms]
   [Code Root Migration: 0.0 ms]
   [Clear CT: 0.1 ms]
   [Other: 0.4 ms]
      [Choose CSet: 0.0 ms]
      [Ref Proc: 0.0 ms]
      [Ref Enq: 0.0 ms]
      [Free CSet: 0.2 ms]
   [Eden: 141.0M(141.0M)->0.0B(127.0M) Survivors: 20.0M->21.0M Heap: 275.0M(512.0M)->169.8M(512.0M)]
 [Times: user=0.06 sys=0.00, real=0.04 secs] 
2014-07-10T12:28:29.892+0200: 23.067: [GC pause (G1 Evacuation Pause) (mixed), 0.0332045 secs]
   [Parallel Time: 32.1 ms, GC Workers: 2]
      [GC Worker Start (ms): Min: 23066.9, Avg: 23066.9, Max: 23066.9, Diff: 0.0]
      [Ext Root Scanning (ms): Min: 0.3, Avg: 0.3, Max: 0.3, Diff: 0.0, Sum: 0.7]
      [Update RS (ms): Min: 0.0, Avg: 0.1, Max: 0.1, Diff: 0.0, Sum: 0.1]
         [Processed Buffers: Min: 1, Avg: 1.5, Max: 2, Diff: 1, Sum: 3]
      [Scan RS (ms): Min: 0.2, Avg: 0.2, Max: 0.2, Diff: 0.0, Sum: 0.5]
      [Code Root Scanning (ms): Min: 0.1, Avg: 0.1, Max: 0.1, Diff: 0.0, Sum: 0.2]
      [Object Copy (ms): Min: 31.3, Avg: 31.3, Max: 31.3, Diff: 0.0, Sum: 62.5]
      [Termination (ms): Min: 0.0, Avg: 0.0, Max: 0.0, Diff: 0.0, Sum: 0.0]
      [GC Worker Other (ms): Min: 0.0, Avg: 0.0, Max: 0.0, Diff: 0.0, Sum: 0.1]
      [GC Worker Total (ms): Min: 32.0, Avg: 32.0, Max: 32.0, Diff: 0.0, Sum: 64.1]
      [GC Worker End (ms): Min: 23099.0, Avg: 23099.0, Max: 23099.0, Diff: 0.0]
   [Code Root Fixup: 0.0 ms]
   [Code Root Migration: 0.0 ms]
   [Clear CT: 0.1 ms]
   [Other: 1.0 ms]
      [Choose CSet: 0.0 ms]
      [Ref Proc: 0.6 ms]
      [Ref Enq: 0.0 ms]
      [Free CSet: 0.2 ms]
   [Eden: 127.0M(127.0M)->0.0B(142.0M) Survivors: 21.0M->19.0M Heap: 296.8M(512.0M)->196.5M(512.0M)]
 [Times: user=0.06 sys=0.00, real=0.03 secs] 
2014-07-10T12:28:30.019+0200: 23.193: [GC pause (G1 Evacuation Pause) (young), 0.0394456 secs]
   [Parallel Time: 38.8 ms, GC Workers: 2]
      [GC Worker Start (ms): Min: 23193.5, Avg: 23193.5, Max: 23193.5, Diff: 0.0]
      [Ext Root Scanning (ms): Min: 0.3, Avg: 0.3, Max: 0.3, Diff: 0.0, Sum: 0.7]
      [Update RS (ms): Min: 0.1, Avg: 0.1, Max: 0.1, Diff: 0.0, Sum: 0.1]
         [Processed Buffers: Min: 1, Avg: 1.5, Max: 2, Diff: 1, Sum: 3]
      [Scan RS (ms): Min: 0.3, Avg: 0.3, Max: 0.3, Diff: 0.0, Sum: 0.5]
      [Code Root Scanning (ms): Min: 0.1, Avg: 0.1, Max: 0.1, Diff: 0.0, Sum: 0.2]
      [Object Copy (ms): Min: 38.0, Avg: 38.0, Max: 38.0, Diff: 0.0, Sum: 76.0]
      [Termination (ms): Min: 0.0, Avg: 0.0, Max: 0.0, Diff: 0.0, Sum: 0.0]
      [GC Worker Other (ms): Min: 0.0, Avg: 0.0, Max: 0.0, Diff: 0.0, Sum: 0.1]
      [GC Worker Total (ms): Min: 38.8, Avg: 38.8, Max: 38.8, Diff: 0.0, Sum: 77.6]
      [GC Worker End (ms): Min: 23232.3, Avg: 23232.3, Max: 23232.3, Diff: 0.0]
   [Code Root Fixup: 0.0 ms]
   [Code Root Migration: 0.0 ms]
   [Clear CT: 0.1 ms]
   [Other: 0.5 ms]
      [Choose CSet: 0.0 ms]
      [Ref Proc: 0.1 ms]
      [Ref Enq: 0.0 ms]
      [Free CSet: 0.3 ms]
   [Eden: 142.0M(142.0M)->0.0B(138.0M) Survivors: 19.0M->21.0M Heap: 338.5M(512.0M)->238.1M(512.0M)]
 [Times: user=0.06 sys=0.00, real=0.04 secs] 
2014-07-10T12:28:30.198+0200: 23.373: [GC pause (G1 Evacuation Pause) (young), 0.0446128 secs]
   [Parallel Time: 44.1 ms, GC Workers: 2]
      [GC Worker Start (ms): Min: 23373.1, Avg: 23373.1, Max: 23373.1, Diff: 0.0]
      [Ext Root Scanning (ms): Min: 0.3, Avg: 0.3, Max: 0.3, Diff: 0.0, Sum: 0.7]
      [Update RS (ms): Min: 0.0, Avg: 0.1, Max: 0.1, Diff: 0.0, Sum: 0.1]
         [Processed Buffers: Min: 2, Avg: 2.0, Max: 2, Diff: 0, Sum: 4]
      [Scan RS (ms): Min: 0.2, Avg: 0.2, Max: 0.2, Diff: 0.0, Sum: 0.5]
      [Code Root Scanning (ms): Min: 0.1, Avg: 0.1, Max: 0.1, Diff: 0.0, Sum: 0.2]
      [Object Copy (ms): Min: 34.2, Avg: 38.7, Max: 43.3, Diff: 9.1, Sum: 77.5]
      [Termination (ms): Min: 0.0, Avg: 4.5, Max: 9.1, Diff: 9.1, Sum: 9.1]
      [GC Worker Other (ms): Min: 0.0, Avg: 0.0, Max: 0.0, Diff: 0.0, Sum: 0.1]
      [GC Worker Total (ms): Min: 44.0, Avg: 44.0, Max: 44.1, Diff: 0.0, Sum: 88.1]
      [GC Worker End (ms): Min: 23417.2, Avg: 23417.2, Max: 23417.2, Diff: 0.0]
   [Code Root Fixup: 0.0 ms]
   [Code Root Migration: 0.0 ms]
   [Clear CT: 0.1 ms]
   [Other: 0.4 ms]
      [Choose CSet: 0.0 ms]
      [Ref Proc: 0.1 ms]
      [Ref Enq: 0.0 ms]
      [Free CSet: 0.2 ms]
   [Eden: 138.0M(138.0M)->0.0B(125.0M) Survivors: 21.0M->20.0M Heap: 376.1M(512.0M)->271.4M(512.0M)]
 [Times: user=0.08 sys=0.00, real=0.05 secs] 
2014-07-10T12:28:30.311+0200: 23.486: [GC pause (G1 Evacuation Pause) (young) (initial-mark), 0.0316464 secs]
   [Parallel Time: 30.8 ms, GC Workers: 2]
      [GC Worker Start (ms): Min: 23485.8, Avg: 23485.8, Max: 23485.8, Diff: 0.0]
      [Ext Root Scanning (ms): Min: 0.4, Avg: 0.4, Max: 0.4, Diff: 0.0, Sum: 0.8]
      [Code Root Marking (ms): Min: 0.1, Avg: 0.1, Max: 0.1, Diff: 0.0, Sum: 0.1]
      [Update RS (ms): Min: 0.0, Avg: 0.1, Max: 0.1, Diff: 0.0, Sum: 0.1]
         [Processed Buffers: Min: 1, Avg: 1.5, Max: 2, Diff: 1, Sum: 3]
      [Scan RS (ms): Min: 0.2, Avg: 0.2, Max: 0.2, Diff: 0.0, Sum: 0.4]
      [Code Root Scanning (ms): Min: 0.1, Avg: 0.1, Max: 0.1, Diff: 0.0, Sum: 0.2]
      [Object Copy (ms): Min: 30.0, Avg: 30.0, Max: 30.0, Diff: 0.0, Sum: 59.9]
      [Termination (ms): Min: 0.0, Avg: 0.0, Max: 0.0, Diff: 0.0, Sum: 0.0]
      [GC Worker Other (ms): Min: 0.0, Avg: 0.0, Max: 0.0, Diff: 0.0, Sum: 0.1]
      [GC Worker Total (ms): Min: 30.8, Avg: 30.8, Max: 30.8, Diff: 0.0, Sum: 61.6]
      [GC Worker End (ms): Min: 23516.6, Avg: 23516.6, Max: 23516.6, Diff: 0.0]
   [Code Root Fixup: 0.0 ms]
   [Code Root Migration: 0.0 ms]
   [Clear CT: 0.3 ms]
   [Other: 0.5 ms]
      [Choose CSet: 0.0 ms]
      [Ref Proc: 0.0 ms]
      [Ref Enq: 0.0 ms]
      [Free CSet: 0.2 ms]
   [Eden: 125.0M(125.0M)->0.0B(136.0M) Survivors: 20.0M->19.0M Heap: 396.4M(512.0M)->298.5M(512.0M)]
 [Times: user=0.06 sys=0.00, real=0.03 secs] 
2014-07-10T12:28:30.343+0200: 23.518: [GC concurrent-root-region-scan-start]
2014-07-10T12:28:30.343+0200: 23.518: [GC concurrent-root-region-scan-end, 0.0004345 secs]
2014-07-10T12:28:30.343+0200: 23.518: [GC concurrent-mark-start]
2014-07-10T12:28:30.413+0200: 23.588: [GC pause (G1 Evacuation Pause) (young)2014-07-10T12:28:30.445+0200: 23.620: [GC concurrent-mark-end, 0.0051280 secs]
, 0.0332559 secs]
   [Parallel Time: 32.1 ms, GC Workers: 2]
      [GC Worker Start (ms): Min: 23587.9, Avg: 23587.9, Max: 23587.9, Diff: 0.0]
      [Ext Root Scanning (ms): Min: 0.3, Avg: 0.3, Max: 0.3, Diff: 0.0, Sum: 0.6]
      [SATB Filtering (ms): Min: 0.0, Avg: 0.0, Max: 0.0, Diff: 0.0, Sum: 0.0]
      [Update RS (ms): Min: 0.1, Avg: 0.1, Max: 0.1, Diff: 0.0, Sum: 0.1]
         [Processed Buffers: Min: 1, Avg: 1.5, Max: 2, Diff: 1, Sum: 3]
      [Scan RS (ms): Min: 0.2, Avg: 0.2, Max: 0.3, Diff: 0.0, Sum: 0.5]
      [Code Root Scanning (ms): Min: 0.1, Avg: 0.1, Max: 0.1, Diff: 0.0, Sum: 0.2]
      [Object Copy (ms): Min: 31.3, Avg: 31.3, Max: 31.3, Diff: 0.0, Sum: 62.7]
      [Termination (ms): Min: 0.0, Avg: 0.0, Max: 0.0, Diff: 0.0, Sum: 0.0]
      [GC Worker Other (ms): Min: 0.0, Avg: 0.0, Max: 0.0, Diff: 0.0, Sum: 0.1]
      [GC Worker Total (ms): Min: 32.1, Avg: 32.1, Max: 32.1, Diff: 0.0, Sum: 64.2]
      [GC Worker End (ms): Min: 23620.0, Avg: 23620.0, Max: 23620.0, Diff: 0.0]
   [Code Root Fixup: 0.0 ms]
   [Code Root Migration: 0.0 ms]
   [Clear CT: 0.1 ms]
   [Other: 1.0 ms]
      [Choose CSet: 0.0 ms]
      [Ref Proc: 0.7 ms]
      [Ref Enq: 0.0 ms]
      [Free CSet: 0.2 ms]
   [Eden: 136.0M(136.0M)->0.0B(145.0M) Survivors: 19.0M->20.0M Heap: 434.5M(512.0M)->330.6M(512.0M)]
 [Times: user=0.05 sys=0.00, real=0.03 secs] 
2014-07-10T12:28:30.447+0200: 23.621: [GC remark 23.621: [GC ref-proc, 0.0000513 secs], 0.0012564 secs]
 [Times: user=0.00 sys=0.00, real=0.00 secs] 
2014-07-10T12:28:30.527+0200: 23.702: [GC cleanup 419M->223M(512M), 0.0024784 secs]
 [Times: user=0.00 sys=0.00, real=0.00 secs] 
2014-07-10T12:28:30.529+0200: 23.704: [GC concurrent-cleanup-start]
2014-07-10T12:28:30.530+0200: 23.705: [GC concurrent-cleanup-end, 0.0007333 secs]
2014-07-10T12:28:30.594+0200: 23.768: [GC pause (G1 Evacuation Pause) (young), 0.0366747 secs]
   [Parallel Time: 36.1 ms, GC Workers: 2]
      [GC Worker Start (ms): Min: 23768.5, Avg: 23768.5, Max: 23768.5, Diff: 0.0]
      [Ext Root Scanning (ms): Min: 0.3, Avg: 0.3, Max: 0.3, Diff: 0.0, Sum: 0.6]
      [Update RS (ms): Min: 0.0, Avg: 0.1, Max: 0.1, Diff: 0.0, Sum: 0.1]
         [Processed Buffers: Min: 2, Avg: 2.0, Max: 2, Diff: 0, Sum: 4]
      [Scan RS (ms): Min: 0.2, Avg: 0.2, Max: 0.3, Diff: 0.0, Sum: 0.5]
      [Code Root Scanning (ms): Min: 0.1, Avg: 0.1, Max: 0.1, Diff: 0.0, Sum: 0.2]
      [Object Copy (ms): Min: 35.3, Avg: 35.3, Max: 35.3, Diff: 0.0, Sum: 70.6]
      [Termination (ms): Min: 0.0, Avg: 0.0, Max: 0.0, Diff: 0.0, Sum: 0.0]
      [GC Worker Other (ms): Min: 0.0, Avg: 0.0, Max: 0.0, Diff: 0.0, Sum: 0.1]
      [GC Worker Total (ms): Min: 36.0, Avg: 36.0, Max: 36.0, Diff: 0.0, Sum: 72.1]
      [GC Worker End (ms): Min: 23804.6, Avg: 23804.6, Max: 23804.6, Diff: 0.0]
   [Code Root Fixup: 0.0 ms]
   [Code Root Migration: 0.0 ms]
   [Clear CT: 0.1 ms]
   [Other: 0.4 ms]
      [Choose CSet: 0.0 ms]
      [Ref Proc: 0.0 ms]
      [Ref Enq: 0.0 ms]
      [Free CSet: 0.3 ms]
   [Eden: 145.0M(145.0M)->0.0B(131.0M) Survivors: 20.0M->21.0M Heap: 279.6M(512.0M)->170.4M(512.0M)]
 [Times: user=0.08 sys=0.00, real=0.04 secs] 
2014-07-10T12:28:30.699+0200: 23.874: [GC pause (G1 Evacuation Pause) (mixed), 0.0363337 secs]
   [Parallel Time: 35.8 ms, GC Workers: 2]
      [GC Worker Start (ms): Min: 23874.2, Avg: 23874.2, Max: 23874.2, Diff: 0.0]
      [Ext Root Scanning (ms): Min: 0.4, Avg: 0.4, Max: 0.4, Diff: 0.0, Sum: 0.8]
      [Update RS (ms): Min: 0.0, Avg: 0.0, Max: 0.0, Diff: 0.0, Sum: 0.1]
         [Processed Buffers: Min: 1, Avg: 1.5, Max: 2, Diff: 1, Sum: 3]
      [Scan RS (ms): Min: 0.3, Avg: 0.3, Max: 0.3, Diff: 0.0, Sum: 0.5]
      [Code Root Scanning (ms): Min: 0.1, Avg: 0.1, Max: 0.1, Diff: 0.0, Sum: 0.2]
      [Object Copy (ms): Min: 34.9, Avg: 34.9, Max: 34.9, Diff: 0.0, Sum: 69.8]
      [Termination (ms): Min: 0.0, Avg: 0.0, Max: 0.0, Diff: 0.0, Sum: 0.0]
      [GC Worker Other (ms): Min: 0.0, Avg: 0.0, Max: 0.0, Diff: 0.0, Sum: 0.1]
      [GC Worker Total (ms): Min: 35.7, Avg: 35.7, Max: 35.7, Diff: 0.0, Sum: 71.5]
      [GC Worker End (ms): Min: 23910.0, Avg: 23910.0, Max: 23910.0, Diff: 0.0]
   [Code Root Fixup: 0.0 ms]
   [Code Root Migration: 0.0 ms]
   [Clear CT: 0.1 ms]
   [Other: 0.4 ms]
      [Choose CSet: 0.0 ms]
      [Ref Proc: 0.0 ms]
      [Ref Enq: 0.0 ms]
      [Free CSet: 0.3 ms]
   [Eden: 131.0M(131.0M)->0.0B(141.0M) Survivors: 21.0M->19.0M Heap: 301.4M(512.0M)->200.3M(512.0M)]
 [Times: user=0.08 sys=0.00, real=0.04 secs] 
2014-07-10T12:28:30.820+0200: 23.994: [GC pause (G1 Evacuation Pause) (young), 0.0407985 secs]
   [Parallel Time: 40.2 ms, GC Workers: 2]
      [GC Worker Start (ms): Min: 23994.5, Avg: 23994.5, Max: 23994.5, Diff: 0.0]
      [Ext Root Scanning (ms): Min: 0.3, Avg: 0.3, Max: 0.3, Diff: 0.0, Sum: 0.7]
      [Update RS (ms): Min: 0.1, Avg: 0.1, Max: 0.1, Diff: 0.0, Sum: 0.1]
         [Processed Buffers: Min: 1, Avg: 1.5, Max: 2, Diff: 1, Sum: 3]
      [Scan RS (ms): Min: 0.2, Avg: 0.2, Max: 0.2, Diff: 0.0, Sum: 0.5]
      [Code Root Scanning (ms): Min: 0.1, Avg: 0.1, Max: 0.1, Diff: 0.0, Sum: 0.2]
      [Object Copy (ms): Min: 39.4, Avg: 39.4, Max: 39.4, Diff: 0.0, Sum: 78.7]
      [Termination (ms): Min: 0.0, Avg: 0.0, Max: 0.0, Diff: 0.0, Sum: 0.0]
      [GC Worker Other (ms): Min: 0.0, Avg: 0.0, Max: 0.0, Diff: 0.0, Sum: 0.1]
      [GC Worker Total (ms): Min: 40.2, Avg: 40.2, Max: 40.2, Diff: 0.0, Sum: 80.3]
      [GC Worker End (ms): Min: 24034.7, Avg: 24034.7, Max: 24034.7, Diff: 0.0]
   [Code Root Fixup: 0.0 ms]
   [Code Root Migration: 0.0 ms]
   [Clear CT: 0.1 ms]
   [Other: 0.4 ms]
      [Choose CSet: 0.0 ms]
      [Ref Proc: 0.0 ms]
      [Ref Enq: 0.0 ms]
      [Free CSet: 0.3 ms]
   [Eden: 141.0M(141.0M)->0.0B(141.0M) Survivors: 19.0M->20.0M Heap: 341.3M(512.0M)->244.8M(512.0M)]
 [Times: user=0.06 sys=0.01, real=0.04 secs] 
2014-07-10T12:28:31.011+0200: 24.185: [GC pause (G1 Evacuation Pause) (young), 0.0059254 secs]
   [Parallel Time: 5.2 ms, GC Workers: 2]
      [GC Worker Start (ms): Min: 24185.5, Avg: 24185.5, Max: 24185.5, Diff: 0.0]
      [Ext Root Scanning (ms): Min: 0.4, Avg: 0.4, Max: 0.4, Diff: 0.0, Sum: 0.7]
      [Update RS (ms): Min: 0.0, Avg: 0.0, Max: 0.0, Diff: 0.0, Sum: 0.1]
         [Processed Buffers: Min: 1, Avg: 1.5, Max: 2, Diff: 1, Sum: 3]
      [Scan RS (ms): Min: 0.3, Avg: 0.3, Max: 0.3, Diff: 0.0, Sum: 0.6]
      [Code Root Scanning (ms): Min: 0.1, Avg: 0.1, Max: 0.1, Diff: 0.0, Sum: 0.2]
      [Object Copy (ms): Min: 4.3, Avg: 4.3, Max: 4.3, Diff: 0.0, Sum: 8.7]
      [Termination (ms): Min: 0.0, Avg: 0.0, Max: 0.0, Diff: 0.0, Sum: 0.0]
      [GC Worker Other (ms): Min: 0.0, Avg: 0.0, Max: 0.0, Diff: 0.0, Sum: 0.1]
      [GC Worker Total (ms): Min: 5.2, Avg: 5.2, Max: 5.2, Diff: 0.0, Sum: 10.3]
      [GC Worker End (ms): Min: 24190.7, Avg: 24190.7, Max: 24190.7, Diff: 0.0]
   [Code Root Fixup: 0.0 ms]
   [Code Root Migration: 0.0 ms]
   [Clear CT: 0.2 ms]
   [Other: 0.5 ms]
      [Choose CSet: 0.0 ms]
      [Ref Proc: 0.1 ms]
      [Ref Enq: 0.0 ms]
      [Free CSet: 0.3 ms]
   [Eden: 141.0M(141.0M)->0.0B(128.0M) Survivors: 20.0M->7168.0K Heap: 385.8M(512.0M)->231.3M(512.0M)]
 [Times: user=0.01 sys=0.00, real=0.01 secs] 
2014-07-10T12:28:31.081+0200: 24.255: [GC pause (G1 Evacuation Pause) (young), 0.0327536 secs]
   [Parallel Time: 32.2 ms, GC Workers: 2]
      [GC Worker Start (ms): Min: 24255.4, Avg: 24255.4, Max: 24255.4, Diff: 0.0]
      [Ext Root Scanning (ms): Min: 0.3, Avg: 0.3, Max: 0.3, Diff: 0.0, Sum: 0.5]
      [Update RS (ms): Min: 0.0, Avg: 0.1, Max: 0.1, Diff: 0.0, Sum: 0.1]
         [Processed Buffers: Min: 1, Avg: 1.5, Max: 2, Diff: 1, Sum: 3]
      [Scan RS (ms): Min: 0.2, Avg: 0.2, Max: 0.2, Diff: 0.0, Sum: 0.4]
      [Code Root Scanning (ms): Min: 0.1, Avg: 0.1, Max: 0.1, Diff: 0.0, Sum: 0.2]
      [Object Copy (ms): Min: 31.4, Avg: 31.5, Max: 31.5, Diff: 0.1, Sum: 63.0]
      [Termination (ms): Min: 0.0, Avg: 0.1, Max: 0.1, Diff: 0.1, Sum: 0.1]
      [GC Worker Other (ms): Min: 0.0, Avg: 0.0, Max: 0.0, Diff: 0.0, Sum: 0.0]
      [GC Worker Total (ms): Min: 32.2, Avg: 32.2, Max: 32.2, Diff: 0.0, Sum: 64.3]
      [GC Worker End (ms): Min: 24287.6, Avg: 24287.6, Max: 24287.6, Diff: 0.0]
   [Code Root Fixup: 0.0 ms]
   [Code Root Migration: 0.0 ms]
   [Clear CT: 0.1 ms]
   [Other: 0.4 ms]
      [Choose CSet: 0.0 ms]
      [Ref Proc: 0.0 ms]
      [Ref Enq: 0.0 ms]
      [Free CSet: 0.2 ms]
   [Eden: 128.0M(128.0M)->0.0B(142.0M) Survivors: 7168.0K->17.0M Heap: 359.3M(512.0M)->276.1M(512.0M)]
 [Times: user=0.05 sys=0.00, real=0.03 secs] 
2014-07-10T12:28:31.229+0200: 24.404: [GC pause (G1 Evacuation Pause) (young) (initial-mark), 0.0394533 secs]
   [Parallel Time: 38.5 ms, GC Workers: 2]
      [GC Worker Start (ms): Min: 24403.7, Avg: 24403.7, Max: 24403.7, Diff: 0.0]
      [Ext Root Scanning (ms): Min: 0.4, Avg: 0.4, Max: 0.4, Diff: 0.0, Sum: 0.8]
      [Code Root Marking (ms): Min: 0.1, Avg: 0.1, Max: 0.1, Diff: 0.0, Sum: 0.1]
      [Update RS (ms): Min: 0.1, Avg: 0.2, Max: 0.2, Diff: 0.1, Sum: 0.3]
         [Processed Buffers: Min: 1, Avg: 1.5, Max: 2, Diff: 1, Sum: 3]
      [Scan RS (ms): Min: 0.2, Avg: 0.2, Max: 0.3, Diff: 0.1, Sum: 0.5]
      [Code Root Scanning (ms): Min: 0.1, Avg: 0.1, Max: 0.1, Diff: 0.1, Sum: 0.2]
      [Object Copy (ms): Min: 37.5, Avg: 37.5, Max: 37.5, Diff: 0.0, Sum: 75.0]
      [Termination (ms): Min: 0.0, Avg: 0.0, Max: 0.0, Diff: 0.0, Sum: 0.0]
      [GC Worker Other (ms): Min: 0.0, Avg: 0.0, Max: 0.0, Diff: 0.0, Sum: 0.1]
      [GC Worker Total (ms): Min: 38.5, Avg: 38.5, Max: 38.5, Diff: 0.0, Sum: 77.0]
      [GC Worker End (ms): Min: 24442.2, Avg: 24442.2, Max: 24442.2, Diff: 0.0]
   [Code Root Fixup: 0.0 ms]
   [Code Root Migration: 0.0 ms]
   [Clear CT: 0.1 ms]
   [Other: 0.8 ms]
      [Choose CSet: 0.0 ms]
      [Ref Proc: 0.3 ms]
      [Ref Enq: 0.0 ms]
      [Free CSet: 0.3 ms]
   [Eden: 142.0M(142.0M)->0.0B(133.0M) Survivors: 17.0M->20.0M Heap: 418.1M(512.0M)->320.1M(512.0M)]
 [Times: user=0.09 sys=0.00, real=0.04 secs] 
2014-07-10T12:28:31.268+0200: 24.443: [GC concurrent-root-region-scan-start]
2014-07-10T12:28:31.269+0200: 24.444: [GC concurrent-root-region-scan-end, 0.0006115 secs]
2014-07-10T12:28:31.269+0200: 24.444: [GC concurrent-mark-start]
2014-07-10T12:28:31.347+0200: 24.521: [GC concurrent-mark-end, 0.0053498 secs]
2014-07-10T12:28:31.347+0200: 24.522: [GC remark 24.522: [GC ref-proc, 0.0000554 secs], 0.0012348 secs]
 [Times: user=0.00 sys=0.00, real=0.00 secs] 
2014-07-10T12:28:31.399+0200: 24.574: [GC pause (G1 Evacuation Pause) (young) (to-space exhausted), 0.0380334 secs]
   [Parallel Time: 37.3 ms, GC Workers: 2]
      [GC Worker Start (ms): Min: 24573.6, Avg: 24573.6, Max: 24573.6, Diff: 0.0]
      [Ext Root Scanning (ms): Min: 0.3, Avg: 0.3, Max: 0.4, Diff: 0.0, Sum: 0.7]
      [SATB Filtering (ms): Min: 0.0, Avg: 0.0, Max: 0.0, Diff: 0.0, Sum: 0.0]
      [Update RS (ms): Min: 0.1, Avg: 0.1, Max: 0.1, Diff: 0.0, Sum: 0.2]
         [Processed Buffers: Min: 1, Avg: 1.5, Max: 2, Diff: 1, Sum: 3]
      [Scan RS (ms): Min: 0.2, Avg: 0.2, Max: 0.3, Diff: 0.0, Sum: 0.5]
      [Code Root Scanning (ms): Min: 0.1, Avg: 0.1, Max: 0.1, Diff: 0.0, Sum: 0.2]
      [Object Copy (ms): Min: 36.4, Avg: 36.4, Max: 36.5, Diff: 0.0, Sum: 72.9]
      [Termination (ms): Min: 0.0, Avg: 0.0, Max: 0.0, Diff: 0.0, Sum: 0.0]
      [GC Worker Other (ms): Min: 0.0, Avg: 0.0, Max: 0.0, Diff: 0.0, Sum: 0.1]
      [GC Worker Total (ms): Min: 37.2, Avg: 37.3, Max: 37.3, Diff: 0.0, Sum: 74.5]
      [GC Worker End (ms): Min: 24610.9, Avg: 24610.9, Max: 24610.9, Diff: 0.0]
   [Code Root Fixup: 0.0 ms]
   [Code Root Migration: 0.0 ms]
   [Clear CT: 0.2 ms]
   [Other: 0.5 ms]
      [Choose CSet: 0.0 ms]
      [Ref Proc: 0.0 ms]
      [Ref Enq: 0.0 ms]
      [Free CSet: 0.3 ms]
   [Eden: 133.0M(133.0M)->0.0B(133.0M) Survivors: 20.0M->20.0M Heap: 453.1M(512.0M)->363.0M(512.0M)]
 [Times: user=0.05 sys=0.00, real=0.04 secs] 
2014-07-10T12:28:31.437+0200: 24.612: [GC cleanup 363M->160M(512M), 0.0014625 secs]
 [Times: user=0.02 sys=0.00, real=0.00 secs] 
2014-07-10T12:28:31.439+0200: 24.613: [GC concurrent-cleanup-start]
2014-07-10T12:28:31.439+0200: 24.614: [GC concurrent-cleanup-end, 0.0003714 secs]
2014-07-10T12:28:31.508+0200: 24.682: [GC pause (G1 Evacuation Pause) (young), 0.0354215 secs]
   [Parallel Time: 34.6 ms, GC Workers: 2]
      [GC Worker Start (ms): Min: 24682.5, Avg: 24682.5, Max: 24682.5, Diff: 0.0]
      [Ext Root Scanning (ms): Min: 0.3, Avg: 0.3, Max: 0.3, Diff: 0.0, Sum: 0.7]
      [Update RS (ms): Min: 0.0, Avg: 0.0, Max: 0.0, Diff: 0.0, Sum: 0.1]
         [Processed Buffers: Min: 2, Avg: 2.0, Max: 2, Diff: 0, Sum: 4]
      [Scan RS (ms): Min: 0.2, Avg: 0.2, Max: 0.2, Diff: 0.0, Sum: 0.5]
      [Code Root Scanning (ms): Min: 0.1, Avg: 0.1, Max: 0.1, Diff: 0.0, Sum: 0.2]
      [Object Copy (ms): Min: 33.8, Avg: 33.8, Max: 33.8, Diff: 0.0, Sum: 67.6]
      [Termination (ms): Min: 0.0, Avg: 0.0, Max: 0.0, Diff: 0.0, Sum: 0.0]
      [GC Worker Other (ms): Min: 0.0, Avg: 0.0, Max: 0.0, Diff: 0.0, Sum: 0.1]
      [GC Worker Total (ms): Min: 34.5, Avg: 34.5, Max: 34.5, Diff: 0.0, Sum: 69.1]
      [GC Worker End (ms): Min: 24717.0, Avg: 24717.0, Max: 24717.0, Diff: 0.0]
   [Code Root Fixup: 0.0 ms]
   [Code Root Migration: 0.0 ms]
   [Clear CT: 0.2 ms]
   [Other: 0.6 ms]
      [Choose CSet: 0.0 ms]
      [Ref Proc: 0.3 ms]
      [Ref Enq: 0.0 ms]
      [Free CSet: 0.2 ms]
   [Eden: 133.0M(133.0M)->0.0B(115.0M) Survivors: 20.0M->20.0M Heap: 293.0M(512.0M)->194.7M(512.0M)]
 [Times: user=0.06 sys=0.00, real=0.04 secs] 
2014-07-10T12:28:31.606+0200: 24.781: [GC pause (G1 Evacuation Pause) (mixed), 0.0249177 secs]
   [Parallel Time: 24.3 ms, GC Workers: 2]
      [GC Worker Start (ms): Min: 24781.0, Avg: 24781.0, Max: 24781.0, Diff: 0.0]
      [Ext Root Scanning (ms): Min: 0.4, Avg: 0.5, Max: 0.6, Diff: 0.2, Sum: 1.0]
      [Update RS (ms): Min: 0.0, Avg: 0.1, Max: 0.1, Diff: 0.1, Sum: 0.1]
         [Processed Buffers: Min: 0, Avg: 1.5, Max: 3, Diff: 3, Sum: 3]
      [Scan RS (ms): Min: 0.3, Avg: 0.3, Max: 0.4, Diff: 0.1, Sum: 0.6]
      [Code Root Scanning (ms): Min: 0.1, Avg: 0.1, Max: 0.1, Diff: 0.0, Sum: 0.2]
      [Object Copy (ms): Min: 23.2, Avg: 23.2, Max: 23.2, Diff: 0.0, Sum: 46.3]
      [Termination (ms): Min: 0.0, Avg: 0.0, Max: 0.0, Diff: 0.0, Sum: 0.0]
      [GC Worker Other (ms): Min: 0.0, Avg: 0.0, Max: 0.0, Diff: 0.0, Sum: 0.1]
      [GC Worker Total (ms): Min: 24.1, Avg: 24.1, Max: 24.1, Diff: 0.0, Sum: 48.2]
      [GC Worker End (ms): Min: 24805.1, Avg: 24805.1, Max: 24805.1, Diff: 0.0]
   [Code Root Fixup: 0.0 ms]
   [Code Root Migration: 0.0 ms]
   [Clear CT: 0.2 ms]
   [Other: 0.4 ms]
      [Choose CSet: 0.0 ms]
      [Ref Proc: 0.0 ms]
      [Ref Enq: 0.0 ms]
      [Free CSet: 0.2 ms]
   [Eden: 115.0M(115.0M)->0.0B(130.0M) Survivors: 20.0M->17.0M Heap: 309.7M(512.0M)->208.4M(512.0M)]
 [Times: user=0.06 sys=0.00, real=0.03 secs] 
2014-07-10T12:28:31.771+0200: 24.946: [GC pause (G1 Evacuation Pause) (young), 0.0241064 secs]
   [Parallel Time: 23.6 ms, GC Workers: 2]
      [GC Worker Start (ms): Min: 24946.0, Avg: 24946.0, Max: 24946.0, Diff: 0.0]
      [Ext Root Scanning (ms): Min: 0.3, Avg: 0.3, Max: 0.3, Diff: 0.0, Sum: 0.7]
      [Update RS (ms): Min: 0.1, Avg: 0.1, Max: 0.1, Diff: 0.1, Sum: 0.2]
         [Processed Buffers: Min: 1, Avg: 1.5, Max: 2, Diff: 1, Sum: 3]
      [Scan RS (ms): Min: 0.2, Avg: 0.2, Max: 0.3, Diff: 0.1, Sum: 0.5]
      [Code Root Scanning (ms): Min: 0.1, Avg: 0.1, Max: 0.1, Diff: 0.0, Sum: 0.2]
      [Object Copy (ms): Min: 22.6, Avg: 22.6, Max: 22.6, Diff: 0.0, Sum: 45.2]
      [Termination (ms): Min: 0.0, Avg: 0.1, Max: 0.2, Diff: 0.2, Sum: 0.2]
      [GC Worker Other (ms): Min: 0.0, Avg: 0.0, Max: 0.1, Diff: 0.0, Sum: 0.1]
      [GC Worker Total (ms): Min: 23.4, Avg: 23.5, Max: 23.5, Diff: 0.1, Sum: 47.0]
      [GC Worker End (ms): Min: 24969.4, Avg: 24969.4, Max: 24969.5, Diff: 0.1]
   [Code Root Fixup: 0.0 ms]
   [Code Root Migration: 0.0 ms]
   [Clear CT: 0.1 ms]
   [Other: 0.4 ms]
      [Choose CSet: 0.0 ms]
      [Ref Proc: 0.1 ms]
      [Ref Enq: 0.0 ms]
      [Free CSet: 0.2 ms]
   [Eden: 130.0M(130.0M)->0.0B(117.0M) Survivors: 17.0M->19.0M Heap: 338.4M(512.0M)->226.9M(512.0M)]
 [Times: user=0.03 sys=0.00, real=0.02 secs] 
2014-07-10T12:28:31.865+0200: 25.040: [GC pause (G1 Evacuation Pause) (young), 0.0141569 secs]
   [Parallel Time: 13.5 ms, GC Workers: 2]
      [GC Worker Start (ms): Min: 25039.8, Avg: 25039.8, Max: 25039.8, Diff: 0.0]
      [Ext Root Scanning (ms): Min: 0.3, Avg: 0.3, Max: 0.3, Diff: 0.0, Sum: 0.7]
      [Update RS (ms): Min: 0.0, Avg: 0.0, Max: 0.0, Diff: 0.0, Sum: 0.1]
         [Processed Buffers: Min: 1, Avg: 1.5, Max: 2, Diff: 1, Sum: 3]
      [Scan RS (ms): Min: 0.2, Avg: 0.2, Max: 0.2, Diff: 0.0, Sum: 0.4]
      [Code Root Scanning (ms): Min: 0.1, Avg: 0.1, Max: 0.1, Diff: 0.0, Sum: 0.2]
      [Object Copy (ms): Min: 12.7, Avg: 12.7, Max: 12.7, Diff: 0.0, Sum: 25.5]
      [Termination (ms): Min: 0.0, Avg: 0.0, Max: 0.0, Diff: 0.0, Sum: 0.0]
      [GC Worker Other (ms): Min: 0.0, Avg: 0.0, Max: 0.0, Diff: 0.0, Sum: 0.1]
      [GC Worker Total (ms): Min: 13.5, Avg: 13.5, Max: 13.5, Diff: 0.0, Sum: 26.9]
      [GC Worker End (ms): Min: 25053.3, Avg: 25053.3, Max: 25053.3, Diff: 0.0]
   [Code Root Fixup: 0.0 ms]
   [Code Root Migration: 0.0 ms]
   [Clear CT: 0.1 ms]
   [Other: 0.5 ms]
      [Choose CSet: 0.0 ms]
      [Ref Proc: 0.2 ms]
      [Ref Enq: 0.0 ms]
      [Free CSet: 0.2 ms]
   [Eden: 117.0M(117.0M)->0.0B(126.0M) Survivors: 19.0M->17.0M Heap: 343.9M(512.0M)->228.3M(512.0M)]
 [Times: user=0.03 sys=0.00, real=0.01 secs] 
2014-07-10T12:28:32.008+0200: 25.183: [GC pause (G1 Evacuation Pause) (young), 0.0106791 secs]
   [Parallel Time: 10.0 ms, GC Workers: 2]
      [GC Worker Start (ms): Min: 25183.1, Avg: 25183.1, Max: 25183.1, Diff: 0.0]
      [Ext Root Scanning (ms): Min: 0.3, Avg: 0.4, Max: 0.4, Diff: 0.0, Sum: 0.7]
      [Update RS (ms): Min: 0.0, Avg: 0.0, Max: 0.0, Diff: 0.0, Sum: 0.1]
         [Processed Buffers: Min: 1, Avg: 1.5, Max: 2, Diff: 1, Sum: 3]
      [Scan RS (ms): Min: 0.3, Avg: 0.3, Max: 0.4, Diff: 0.1, Sum: 0.7]
      [Code Root Scanning (ms): Min: 0.1, Avg: 0.1, Max: 0.1, Diff: 0.1, Sum: 0.2]
      [Object Copy (ms): Min: 9.1, Avg: 9.1, Max: 9.1, Diff: 0.0, Sum: 18.2]
      [Termination (ms): Min: 0.0, Avg: 0.0, Max: 0.0, Diff: 0.0, Sum: 0.0]
      [GC Worker Other (ms): Min: 0.0, Avg: 0.0, Max: 0.0, Diff: 0.0, Sum: 0.1]
      [GC Worker Total (ms): Min: 9.9, Avg: 10.0, Max: 10.0, Diff: 0.0, Sum: 19.9]
      [GC Worker End (ms): Min: 25193.1, Avg: 25193.1, Max: 25193.1, Diff: 0.0]
   [Code Root Fixup: 0.0 ms]
   [Code Root Migration: 0.0 ms]
   [Clear CT: 0.1 ms]
   [Other: 0.6 ms]
      [Choose CSet: 0.0 ms]
      [Ref Proc: 0.2 ms]
      [Ref Enq: 0.0 ms]
      [Free CSet: 0.3 ms]
   [Eden: 126.0M(126.0M)->0.0B(115.0M) Survivors: 17.0M->15.0M Heap: 354.3M(512.0M)->225.5M(512.0M)]
 [Times: user=0.03 sys=0.00, real=0.01 secs] 
2014-07-10T12:28:32.080+0200: 25.255: [GC pause (G1 Evacuation Pause) (young), 0.0324929 secs]
   [Parallel Time: 31.9 ms, GC Workers: 2]
      [GC Worker Start (ms): Min: 25255.4, Avg: 25255.4, Max: 25255.4, Diff: 0.0]
      [Ext Root Scanning (ms): Min: 0.3, Avg: 0.3, Max: 0.3, Diff: 0.0, Sum: 0.7]
      [Update RS (ms): Min: 0.0, Avg: 0.1, Max: 0.1, Diff: 0.0, Sum: 0.1]
         [Processed Buffers: Min: 2, Avg: 2.0, Max: 2, Diff: 0, Sum: 4]
      [Scan RS (ms): Min: 0.2, Avg: 0.2, Max: 0.2, Diff: 0.0, Sum: 0.4]
      [Code Root Scanning (ms): Min: 0.1, Avg: 0.1, Max: 0.1, Diff: 0.0, Sum: 0.2]
      [Object Copy (ms): Min: 31.1, Avg: 31.1, Max: 31.1, Diff: 0.0, Sum: 62.3]
      [Termination (ms): Min: 0.0, Avg: 0.0, Max: 0.0, Diff: 0.0, Sum: 0.0]
      [GC Worker Other (ms): Min: 0.0, Avg: 0.0, Max: 0.0, Diff: 0.0, Sum: 0.0]
      [GC Worker Total (ms): Min: 31.8, Avg: 31.8, Max: 31.8, Diff: 0.0, Sum: 63.7]
      [GC Worker End (ms): Min: 25287.2, Avg: 25287.2, Max: 25287.2, Diff: 0.0]
   [Code Root Fixup: 0.0 ms]
   [Code Root Migration: 0.0 ms]
   [Clear CT: 0.1 ms]
   [Other: 0.5 ms]
      [Choose CSet: 0.0 ms]
      [Ref Proc: 0.1 ms]
      [Ref Enq: 0.0 ms]
      [Free CSet: 0.2 ms]
   [Eden: 115.0M(115.0M)->0.0B(131.0M) Survivors: 15.0M->17.0M Heap: 340.5M(512.0M)->262.3M(512.0M)]
 [Times: user=0.06 sys=0.00, real=0.03 secs] 
2014-07-10T12:28:32.211+0200: 25.386: [GC pause (G1 Evacuation Pause) (young) (initial-mark), 0.0323477 secs]
   [Parallel Time: 31.5 ms, GC Workers: 2]
      [GC Worker Start (ms): Min: 25386.0, Avg: 25386.0, Max: 25386.0, Diff: 0.0]
      [Ext Root Scanning (ms): Min: 0.3, Avg: 0.3, Max: 0.3, Diff: 0.0, Sum: 0.7]
      [Code Root Marking (ms): Min: 0.1, Avg: 0.1, Max: 0.1, Diff: 0.0, Sum: 0.2]
      [Update RS (ms): Min: 0.0, Avg: 0.0, Max: 0.0, Diff: 0.0, Sum: 0.1]
         [Processed Buffers: Min: 1, Avg: 1.5, Max: 2, Diff: 1, Sum: 3]
      [Scan RS (ms): Min: 0.2, Avg: 0.2, Max: 0.2, Diff: 0.0, Sum: 0.4]
      [Code Root Scanning (ms): Min: 0.1, Avg: 0.1, Max: 0.1, Diff: 0.0, Sum: 0.2]
      [Object Copy (ms): Min: 30.7, Avg: 30.7, Max: 30.7, Diff: 0.0, Sum: 61.4]
      [Termination (ms): Min: 0.0, Avg: 0.0, Max: 0.0, Diff: 0.0, Sum: 0.0]
      [GC Worker Other (ms): Min: 0.0, Avg: 0.0, Max: 0.1, Diff: 0.0, Sum: 0.1]
      [GC Worker Total (ms): Min: 31.5, Avg: 31.5, Max: 31.5, Diff: 0.0, Sum: 62.9]
      [GC Worker End (ms): Min: 25417.4, Avg: 25417.4, Max: 25417.4, Diff: 0.0]
   [Code Root Fixup: 0.0 ms]
   [Code Root Migration: 0.0 ms]
   [Clear CT: 0.2 ms]
   [Other: 0.6 ms]
      [Choose CSet: 0.0 ms]
      [Ref Proc: 0.1 ms]
      [Ref Enq: 0.0 ms]
      [Free CSet: 0.2 ms]
   [Eden: 131.0M(131.0M)->0.0B(126.0M) Survivors: 17.0M->19.0M Heap: 393.3M(512.0M)->295.2M(512.0M)]
 [Times: user=0.06 sys=0.00, real=0.03 secs] 
2014-07-10T12:28:32.243+0200: 25.418: [GC concurrent-root-region-scan-start]
2014-07-10T12:28:32.244+0200: 25.419: [GC concurrent-root-region-scan-end, 0.0005037 secs]
2014-07-10T12:28:32.244+0200: 25.419: [GC concurrent-mark-start]
2014-07-10T12:28:32.323+0200: 25.497: [GC concurrent-mark-end, 0.0050616 secs]
2014-07-10T12:28:32.323+0200: 25.498: [GC remark 25.498: [GC ref-proc, 0.0001540 secs], 0.0032061 secs]
 [Times: user=0.00 sys=0.00, real=0.00 secs] 
2014-07-10T12:28:32.387+0200: 25.562: [GC pause (G1 Evacuation Pause) (young), 0.0295068 secs]
   [Parallel Time: 28.9 ms, GC Workers: 2]
      [GC Worker Start (ms): Min: 25561.6, Avg: 25561.6, Max: 25561.6, Diff: 0.0]
      [Ext Root Scanning (ms): Min: 0.4, Avg: 0.4, Max: 0.4, Diff: 0.0, Sum: 0.7]
      [SATB Filtering (ms): Min: 0.0, Avg: 0.0, Max: 0.0, Diff: 0.0, Sum: 0.0]
      [Update RS (ms): Min: 0.1, Avg: 0.1, Max: 0.1, Diff: 0.1, Sum: 0.2]
         [Processed Buffers: Min: 1, Avg: 1.5, Max: 2, Diff: 1, Sum: 3]
      [Scan RS (ms): Min: 0.3, Avg: 0.3, Max: 0.3, Diff: 0.0, Sum: 0.5]
      [Code Root Scanning (ms): Min: 0.1, Avg: 0.1, Max: 0.1, Diff: 0.0, Sum: 0.2]
      [Object Copy (ms): Min: 27.8, Avg: 27.9, Max: 27.9, Diff: 0.0, Sum: 55.7]
      [Termination (ms): Min: 0.0, Avg: 0.0, Max: 0.0, Diff: 0.0, Sum: 0.0]
      [GC Worker Other (ms): Min: 0.0, Avg: 0.0, Max: 0.0, Diff: 0.0, Sum: 0.1]
      [GC Worker Total (ms): Min: 28.7, Avg: 28.8, Max: 28.8, Diff: 0.0, Sum: 57.5]
      [GC Worker End (ms): Min: 25590.4, Avg: 25590.4, Max: 25590.4, Diff: 0.0]
   [Code Root Fixup: 0.0 ms]
   [Code Root Migration: 0.0 ms]
   [Clear CT: 0.1 ms]
   [Other: 0.5 ms]
      [Choose CSet: 0.0 ms]
      [Ref Proc: 0.1 ms]
      [Ref Enq: 0.0 ms]
      [Free CSet: 0.2 ms]
   [Eden: 126.0M(126.0M)->0.0B(114.0M) Survivors: 19.0M->19.0M Heap: 421.2M(512.0M)->320.0M(512.0M)]
 [Times: user=0.06 sys=0.00, real=0.03 secs] 
2014-07-10T12:28:32.417+0200: 25.592: [GC cleanup 320M->133M(512M), 0.0013924 secs]
 [Times: user=0.00 sys=0.00, real=0.00 secs] 
2014-07-10T12:28:32.418+0200: 25.593: [GC concurrent-cleanup-start]
2014-07-10T12:28:32.419+0200: 25.594: [GC concurrent-cleanup-end, 0.0005503 secs]
2014-07-10T12:28:32.482+0200: 25.657: [GC pause (G1 Evacuation Pause) (young), 0.0172057 secs]
   [Parallel Time: 16.7 ms, GC Workers: 2]
      [GC Worker Start (ms): Min: 25657.3, Avg: 25657.3, Max: 25657.3, Diff: 0.0]
      [Ext Root Scanning (ms): Min: 0.4, Avg: 0.4, Max: 0.4, Diff: 0.0, Sum: 0.7]
      [Update RS (ms): Min: 0.0, Avg: 0.0, Max: 0.1, Diff: 0.0, Sum: 0.1]
         [Processed Buffers: Min: 1, Avg: 1.5, Max: 2, Diff: 1, Sum: 3]
      [Scan RS (ms): Min: 0.2, Avg: 0.2, Max: 0.2, Diff: 0.0, Sum: 0.4]
      [Code Root Scanning (ms): Min: 0.1, Avg: 0.1, Max: 0.1, Diff: 0.0, Sum: 0.2]
      [Object Copy (ms): Min: 15.9, Avg: 15.9, Max: 15.9, Diff: 0.0, Sum: 31.8]
      [Termination (ms): Min: 0.0, Avg: 0.0, Max: 0.0, Diff: 0.0, Sum: 0.0]
      [GC Worker Other (ms): Min: 0.0, Avg: 0.0, Max: 0.0, Diff: 0.0, Sum: 0.0]
      [GC Worker Total (ms): Min: 16.6, Avg: 16.6, Max: 16.6, Diff: 0.0, Sum: 33.3]
      [GC Worker End (ms): Min: 25673.9, Avg: 25673.9, Max: 25673.9, Diff: 0.0]
   [Code Root Fixup: 0.0 ms]
   [Code Root Migration: 0.0 ms]
   [Clear CT: 0.1 ms]
   [Other: 0.4 ms]
      [Choose CSet: 0.0 ms]
      [Ref Proc: 0.0 ms]
      [Ref Enq: 0.0 ms]
      [Free CSet: 0.2 ms]
   [Eden: 114.0M(114.0M)->0.0B(126.0M) Survivors: 19.0M->17.0M Heap: 247.0M(512.0M)->139.6M(512.0M)]
 [Times: user=0.06 sys=0.00, real=0.02 secs] 
2014-07-10T12:28:32.591+0200: 25.766: [GC pause (G1 Evacuation Pause) (mixed), 0.0059214 secs]
   [Parallel Time: 5.2 ms, GC Workers: 2]
      [GC Worker Start (ms): Min: 25765.7, Avg: 25765.7, Max: 25765.7, Diff: 0.0]
      [Ext Root Scanning (ms): Min: 0.3, Avg: 0.3, Max: 0.3, Diff: 0.0, Sum: 0.6]
      [Update RS (ms): Min: 0.0, Avg: 0.1, Max: 0.1, Diff: 0.0, Sum: 0.1]
         [Processed Buffers: Min: 2, Avg: 2.0, Max: 2, Diff: 0, Sum: 4]
      [Scan RS (ms): Min: 0.2, Avg: 0.2, Max: 0.2, Diff: 0.0, Sum: 0.4]
      [Code Root Scanning (ms): Min: 0.1, Avg: 0.1, Max: 0.1, Diff: 0.0, Sum: 0.2]
      [Object Copy (ms): Min: 4.5, Avg: 4.5, Max: 4.5, Diff: 0.0, Sum: 9.0]
      [Termination (ms): Min: 0.0, Avg: 0.0, Max: 0.0, Diff: 0.0, Sum: 0.0]
      [GC Worker Other (ms): Min: 0.0, Avg: 0.0, Max: 0.0, Diff: 0.0, Sum: 0.1]
      [GC Worker Total (ms): Min: 5.2, Avg: 5.2, Max: 5.2, Diff: 0.0, Sum: 10.4]
      [GC Worker End (ms): Min: 25770.9, Avg: 25770.9, Max: 25770.9, Diff: 0.0]
   [Code Root Fixup: 0.0 ms]
   [Code Root Migration: 0.0 ms]
   [Clear CT: 0.1 ms]
   [Other: 0.5 ms]
      [Choose CSet: 0.0 ms]
      [Ref Proc: 0.1 ms]
      [Ref Enq: 0.0 ms]
      [Free CSet: 0.3 ms]
   [Eden: 126.0M(126.0M)->0.0B(124.0M) Survivors: 17.0M->8192.0K Heap: 265.6M(512.0M)->124.1M(512.0M)]
 [Times: user=0.03 sys=0.00, real=0.01 secs] 
2014-07-10T12:28:32.687+0200: 25.862: [GC pause (G1 Evacuation Pause) (young), 0.0413990 secs]
   [Parallel Time: 40.9 ms, GC Workers: 2]
      [GC Worker Start (ms): Min: 25861.7, Avg: 25861.7, Max: 25861.7, Diff: 0.0]
      [Ext Root Scanning (ms): Min: 0.3, Avg: 0.3, Max: 0.3, Diff: 0.0, Sum: 0.7]
      [Update RS (ms): Min: 0.0, Avg: 0.1, Max: 0.1, Diff: 0.0, Sum: 0.1]
         [Processed Buffers: Min: 1, Avg: 1.5, Max: 2, Diff: 1, Sum: 3]
      [Scan RS (ms): Min: 0.2, Avg: 0.2, Max: 0.2, Diff: 0.0, Sum: 0.4]
      [Code Root Scanning (ms): Min: 0.1, Avg: 0.1, Max: 0.1, Diff: 0.0, Sum: 0.2]
      [Object Copy (ms): Min: 40.1, Avg: 40.1, Max: 40.1, Diff: 0.0, Sum: 80.2]
      [Termination (ms): Min: 0.0, Avg: 0.0, Max: 0.0, Diff: 0.0, Sum: 0.0]
      [GC Worker Other (ms): Min: 0.0, Avg: 0.0, Max: 0.0, Diff: 0.0, Sum: 0.1]
      [GC Worker Total (ms): Min: 40.8, Avg: 40.8, Max: 40.8, Diff: 0.0, Sum: 81.6]
      [GC Worker End (ms): Min: 25902.5, Avg: 25902.5, Max: 25902.5, Diff: 0.0]
   [Code Root Fixup: 0.0 ms]
   [Code Root Migration: 0.0 ms]
   [Clear CT: 0.1 ms]
   [Other: 0.4 ms]
      [Choose CSet: 0.0 ms]
      [Ref Proc: 0.0 ms]
      [Ref Enq: 0.0 ms]
      [Free CSet: 0.2 ms]
   [Eden: 124.0M(124.0M)->0.0B(121.0M) Survivors: 8192.0K->17.0M Heap: 248.1M(512.0M)->182.0M(512.0M)]
 [Times: user=0.06 sys=0.00, real=0.04 secs] 
2014-07-10T12:28:32.817+0200: 25.992: [GC pause (G1 Evacuation Pause) (young), 0.0349281 secs]
   [Parallel Time: 34.4 ms, GC Workers: 2]
      [GC Worker Start (ms): Min: 25991.8, Avg: 25991.8, Max: 25991.8, Diff: 0.0]
      [Ext Root Scanning (ms): Min: 0.3, Avg: 0.3, Max: 0.3, Diff: 0.0, Sum: 0.7]
      [Update RS (ms): Min: 0.0, Avg: 0.1, Max: 0.1, Diff: 0.0, Sum: 0.1]
         [Processed Buffers: Min: 1, Avg: 1.5, Max: 2, Diff: 1, Sum: 3]
      [Scan RS (ms): Min: 0.2, Avg: 0.2, Max: 0.2, Diff: 0.0, Sum: 0.4]
      [Code Root Scanning (ms): Min: 0.1, Avg: 0.1, Max: 0.1, Diff: 0.0, Sum: 0.2]
      [Object Copy (ms): Min: 33.6, Avg: 33.6, Max: 33.6, Diff: 0.0, Sum: 67.3]
      [Termination (ms): Min: 0.0, Avg: 0.0, Max: 0.0, Diff: 0.0, Sum: 0.0]
      [GC Worker Other (ms): Min: 0.0, Avg: 0.0, Max: 0.0, Diff: 0.0, Sum: 0.1]
      [GC Worker Total (ms): Min: 34.3, Avg: 34.4, Max: 34.4, Diff: 0.0, Sum: 68.7]
      [GC Worker End (ms): Min: 26026.2, Avg: 26026.2, Max: 26026.2, Diff: 0.0]
   [Code Root Fixup: 0.0 ms]
   [Code Root Migration: 0.0 ms]
   [Clear CT: 0.1 ms]
   [Other: 0.4 ms]
      [Choose CSet: 0.0 ms]
      [Ref Proc: 0.0 ms]
      [Ref Enq: 0.0 ms]
      [Free CSet: 0.2 ms]
   [Eden: 121.0M(121.0M)->0.0B(119.0M) Survivors: 17.0M->18.0M Heap: 303.0M(512.0M)->219.3M(512.0M)]
 [Times: user=0.05 sys=0.00, real=0.04 secs] 
2014-07-10T12:28:32.990+0200: 26.165: [GC pause (G1 Evacuation Pause) (young), 0.0342153 secs]
   [Parallel Time: 33.5 ms, GC Workers: 2]
      [GC Worker Start (ms): Min: 26165.6, Avg: 26165.8, Max: 26166.0, Diff: 0.3]
      [Ext Root Scanning (ms): Min: 0.4, Avg: 0.6, Max: 0.8, Diff: 0.3, Sum: 1.2]
      [Update RS (ms): Min: 0.1, Avg: 0.2, Max: 0.2, Diff: 0.1, Sum: 0.3]
         [Processed Buffers: Min: 1, Avg: 1.5, Max: 2, Diff: 1, Sum: 3]
      [Scan RS (ms): Min: 0.4, Avg: 0.4, Max: 0.4, Diff: 0.0, Sum: 0.8]
      [Code Root Scanning (ms): Min: 0.1, Avg: 0.1, Max: 0.2, Diff: 0.0, Sum: 0.3]
      [Object Copy (ms): Min: 31.8, Avg: 31.8, Max: 31.8, Diff: 0.0, Sum: 63.6]
      [Termination (ms): Min: 0.0, Avg: 0.1, Max: 0.1, Diff: 0.1, Sum: 0.1]
      [GC Worker Other (ms): Min: 0.0, Avg: 0.0, Max: 0.0, Diff: 0.0, Sum: 0.1]
      [GC Worker Total (ms): Min: 33.0, Avg: 33.2, Max: 33.4, Diff: 0.4, Sum: 66.4]
      [GC Worker End (ms): Min: 26199.0, Avg: 26199.0, Max: 26199.0, Diff: 0.1]
   [Code Root Fixup: 0.0 ms]
   [Code Root Migration: 0.0 ms]
   [Clear CT: 0.1 ms]
   [Other: 0.5 ms]
      [Choose CSet: 0.0 ms]
      [Ref Proc: 0.1 ms]
      [Ref Enq: 0.0 ms]
      [Free CSet: 0.3 ms]
   [Eden: 119.0M(119.0M)->0.0B(109.0M) Survivors: 18.0M->18.0M Heap: 338.3M(512.0M)->242.3M(512.0M)]
 [Times: user=0.05 sys=0.00, real=0.04 secs] 
2014-07-10T12:28:33.078+0200: 26.253: [GC pause (G1 Evacuation Pause) (young), 0.0040912 secs]
   [Parallel Time: 3.4 ms, GC Workers: 2]
      [GC Worker Start (ms): Min: 26252.8, Avg: 26252.8, Max: 26252.8, Diff: 0.0]
      [Ext Root Scanning (ms): Min: 0.3, Avg: 0.3, Max: 0.3, Diff: 0.0, Sum: 0.5]
      [Update RS (ms): Min: 0.0, Avg: 0.1, Max: 0.1, Diff: 0.0, Sum: 0.1]
         [Processed Buffers: Min: 2, Avg: 2.0, Max: 2, Diff: 0, Sum: 4]
      [Scan RS (ms): Min: 0.2, Avg: 0.2, Max: 0.2, Diff: 0.0, Sum: 0.3]
      [Code Root Scanning (ms): Min: 0.1, Avg: 0.1, Max: 0.1, Diff: 0.0, Sum: 0.2]
      [Object Copy (ms): Min: 2.8, Avg: 2.8, Max: 2.8, Diff: 0.0, Sum: 5.6]
      [Termination (ms): Min: 0.0, Avg: 0.0, Max: 0.0, Diff: 0.0, Sum: 0.0]
      [GC Worker Other (ms): Min: 0.0, Avg: 0.0, Max: 0.0, Diff: 0.0, Sum: 0.1]
      [GC Worker Total (ms): Min: 3.4, Avg: 3.4, Max: 3.4, Diff: 0.0, Sum: 6.8]
      [GC Worker End (ms): Min: 26256.2, Avg: 26256.2, Max: 26256.2, Diff: 0.0]
   [Code Root Fixup: 0.0 ms]
   [Code Root Migration: 0.0 ms]
   [Clear CT: 0.1 ms]
   [Other: 0.5 ms]
      [Choose CSet: 0.0 ms]
      [Ref Proc: 0.2 ms]
      [Ref Enq: 0.0 ms]
      [Free CSet: 0.2 ms]
   [Eden: 109.0M(109.0M)->0.0B(134.0M) Survivors: 18.0M->5120.0K Heap: 351.3M(512.0M)->229.1M(512.0M)]
 [Times: user=0.00 sys=0.00, real=0.00 secs] 
2014-07-10T12:28:33.204+0200: 26.379: [GC pause (G1 Evacuation Pause) (young), 0.0060138 secs]
   [Parallel Time: 5.3 ms, GC Workers: 2]
      [GC Worker Start (ms): Min: 26378.8, Avg: 26378.8, Max: 26378.8, Diff: 0.0]
      [Ext Root Scanning (ms): Min: 0.3, Avg: 0.3, Max: 0.3, Diff: 0.0, Sum: 0.7]
      [Update RS (ms): Min: 0.1, Avg: 0.1, Max: 0.1, Diff: 0.0, Sum: 0.1]
         [Processed Buffers: Min: 1, Avg: 1.5, Max: 2, Diff: 1, Sum: 3]
      [Scan RS (ms): Min: 0.2, Avg: 0.2, Max: 0.3, Diff: 0.0, Sum: 0.5]
      [Code Root Scanning (ms): Min: 0.1, Avg: 0.1, Max: 0.1, Diff: 0.0, Sum: 0.2]
      [Object Copy (ms): Min: 4.5, Avg: 4.5, Max: 4.5, Diff: 0.0, Sum: 9.0]
      [Termination (ms): Min: 0.0, Avg: 0.0, Max: 0.0, Diff: 0.0, Sum: 0.0]
      [GC Worker Other (ms): Min: 0.0, Avg: 0.0, Max: 0.0, Diff: 0.0, Sum: 0.1]
      [GC Worker Total (ms): Min: 5.3, Avg: 5.3, Max: 5.3, Diff: 0.0, Sum: 10.6]
      [GC Worker End (ms): Min: 26384.1, Avg: 26384.1, Max: 26384.1, Diff: 0.0]
   [Code Root Fixup: 0.0 ms]
   [Code Root Migration: 0.0 ms]
   [Clear CT: 0.1 ms]
   [Other: 0.5 ms]
      [Choose CSet: 0.0 ms]
      [Ref Proc: 0.1 ms]
      [Ref Enq: 0.0 ms]
      [Free CSet: 0.3 ms]
   [Eden: 134.0M(134.0M)->0.0B(123.0M) Survivors: 5120.0K->7168.0K Heap: 363.1M(512.0M)->231.0M(512.0M)]
 [Times: user=0.00 sys=0.00, real=0.01 secs] 
2014-07-10T12:28:33.286+0200: 26.461: [GC pause (G1 Evacuation Pause) (young), 0.0400879 secs]
   [Parallel Time: 39.5 ms, GC Workers: 2]
      [GC Worker Start (ms): Min: 26461.0, Avg: 26461.0, Max: 26461.0, Diff: 0.0]
      [Ext Root Scanning (ms): Min: 0.3, Avg: 0.3, Max: 0.3, Diff: 0.0, Sum: 0.7]
      [Update RS (ms): Min: 0.0, Avg: 0.1, Max: 0.1, Diff: 0.1, Sum: 0.1]
         [Processed Buffers: Min: 1, Avg: 1.5, Max: 2, Diff: 1, Sum: 3]
      [Scan RS (ms): Min: 0.2, Avg: 0.3, Max: 0.3, Diff: 0.0, Sum: 0.5]
      [Code Root Scanning (ms): Min: 0.1, Avg: 0.1, Max: 0.1, Diff: 0.0, Sum: 0.2]
      [Object Copy (ms): Min: 38.7, Avg: 38.7, Max: 38.7, Diff: 0.0, Sum: 77.5]
      [Termination (ms): Min: 0.0, Avg: 0.0, Max: 0.0, Diff: 0.0, Sum: 0.0]
      [GC Worker Other (ms): Min: 0.0, Avg: 0.0, Max: 0.0, Diff: 0.0, Sum: 0.1]
      [GC Worker Total (ms): Min: 39.5, Avg: 39.5, Max: 39.5, Diff: 0.0, Sum: 79.0]
      [GC Worker End (ms): Min: 26500.5, Avg: 26500.5, Max: 26500.5, Diff: 0.0]
   [Code Root Fixup: 0.0 ms]
   [Code Root Migration: 0.0 ms]
   [Clear CT: 0.1 ms]
   [Other: 0.4 ms]
      [Choose CSet: 0.0 ms]
      [Ref Proc: 0.0 ms]
      [Ref Enq: 0.0 ms]
      [Free CSet: 0.2 ms]
   [Eden: 123.0M(123.0M)->0.0B(128.0M) Survivors: 7168.0K->17.0M Heap: 354.0M(512.0M)->287.9M(512.0M)]
 [Times: user=0.09 sys=0.00, real=0.04 secs] 
2014-07-10T12:28:33.415+0200: 26.590: [GC pause (G1 Evacuation Pause) (young) (initial-mark), 0.0383175 secs]
   [Parallel Time: 37.6 ms, GC Workers: 2]
      [GC Worker Start (ms): Min: 26589.9, Avg: 26589.9, Max: 26589.9, Diff: 0.0]
      [Ext Root Scanning (ms): Min: 0.4, Avg: 0.4, Max: 0.4, Diff: 0.0, Sum: 0.8]
      [Code Root Marking (ms): Min: 0.1, Avg: 0.1, Max: 0.1, Diff: 0.0, Sum: 0.1]
      [Update RS (ms): Min: 0.0, Avg: 0.1, Max: 0.1, Diff: 0.0, Sum: 0.1]
         [Processed Buffers: Min: 1, Avg: 2.0, Max: 3, Diff: 2, Sum: 4]
      [Scan RS (ms): Min: 0.2, Avg: 0.2, Max: 0.2, Diff: 0.0, Sum: 0.4]
      [Code Root Scanning (ms): Min: 0.1, Avg: 0.1, Max: 0.1, Diff: 0.0, Sum: 0.2]
      [Object Copy (ms): Min: 36.7, Avg: 36.7, Max: 36.7, Diff: 0.0, Sum: 73.4]
      [Termination (ms): Min: 0.0, Avg: 0.0, Max: 0.1, Diff: 0.1, Sum: 0.1]
      [GC Worker Other (ms): Min: 0.0, Avg: 0.0, Max: 0.0, Diff: 0.0, Sum: 0.1]
      [GC Worker Total (ms): Min: 37.6, Avg: 37.6, Max: 37.6, Diff: 0.0, Sum: 75.2]
      [GC Worker End (ms): Min: 26627.5, Avg: 26627.5, Max: 26627.5, Diff: 0.0]
   [Code Root Fixup: 0.0 ms]
   [Code Root Migration: 0.0 ms]
   [Clear CT: 0.1 ms]
   [Other: 0.5 ms]
      [Choose CSet: 0.0 ms]
      [Ref Proc: 0.0 ms]
      [Ref Enq: 0.0 ms]
      [Free CSet: 0.3 ms]
   [Eden: 128.0M(128.0M)->0.0B(126.0M) Survivors: 17.0M->19.0M Heap: 415.9M(512.0M)->330.5M(512.0M)]
 [Times: user=0.09 sys=0.00, real=0.04 secs] 
2014-07-10T12:28:33.453+0200: 26.628: [GC concurrent-root-region-scan-start]
2014-07-10T12:28:33.454+0200: 26.629: [GC concurrent-root-region-scan-end, 0.0005595 secs]
2014-07-10T12:28:33.454+0200: 26.629: [GC concurrent-mark-start]
2014-07-10T12:28:33.532+0200: 26.707: [GC concurrent-mark-end, 0.0051988 secs]
2014-07-10T12:28:33.532+0200: 26.707: [GC remark 26.707: [GC ref-proc, 0.0000565 secs], 0.0012931 secs]
 [Times: user=0.00 sys=0.00, real=0.00 secs] 
2014-07-10T12:28:33.587+0200: 26.762: [GC pause (G1 Evacuation Pause) (young), 0.0313916 secs]
   [Parallel Time: 30.7 ms, GC Workers: 2]
      [GC Worker Start (ms): Min: 26761.9, Avg: 26761.9, Max: 26761.9, Diff: 0.0]
      [Ext Root Scanning (ms): Min: 0.4, Avg: 0.4, Max: 0.4, Diff: 0.0, Sum: 0.7]
      [SATB Filtering (ms): Min: 0.0, Avg: 0.0, Max: 0.0, Diff: 0.0, Sum: 0.0]
      [Update RS (ms): Min: 0.1, Avg: 0.1, Max: 0.1, Diff: 0.0, Sum: 0.2]
         [Processed Buffers: Min: 1, Avg: 2.0, Max: 3, Diff: 2, Sum: 4]
      [Scan RS (ms): Min: 0.3, Avg: 0.3, Max: 0.3, Diff: 0.0, Sum: 0.5]
      [Code Root Scanning (ms): Min: 0.1, Avg: 0.1, Max: 0.1, Diff: 0.0, Sum: 0.2]
      [Object Copy (ms): Min: 29.7, Avg: 29.7, Max: 29.7, Diff: 0.0, Sum: 59.5]
      [Termination (ms): Min: 0.0, Avg: 0.0, Max: 0.0, Diff: 0.0, Sum: 0.0]
      [GC Worker Other (ms): Min: 0.0, Avg: 0.0, Max: 0.0, Diff: 0.0, Sum: 0.1]
      [GC Worker Total (ms): Min: 30.6, Avg: 30.6, Max: 30.6, Diff: 0.0, Sum: 61.2]
      [GC Worker End (ms): Min: 26792.5, Avg: 26792.5, Max: 26792.5, Diff: 0.0]
   [Code Root Fixup: 0.0 ms]
   [Code Root Migration: 0.0 ms]
   [Clear CT: 0.3 ms]
   [Other: 0.4 ms]
      [Choose CSet: 0.0 ms]
      [Ref Proc: 0.0 ms]
      [Ref Enq: 0.0 ms]
      [Free CSet: 0.2 ms]
   [Eden: 126.0M(126.0M)->0.0B(115.0M) Survivors: 19.0M->19.0M Heap: 456.5M(512.0M)->356.8M(512.0M)]
 [Times: user=0.06 sys=0.00, real=0.03 secs] 
2014-07-10T12:28:33.619+0200: 26.793: [GC cleanup 356M->145M(512M), 0.0017433 secs]
 [Times: user=0.00 sys=0.00, real=0.00 secs] 
2014-07-10T12:28:33.620+0200: 26.795: [GC concurrent-cleanup-start]
2014-07-10T12:28:33.621+0200: 26.796: [GC concurrent-cleanup-end, 0.0003413 secs]
2014-07-10T12:28:33.681+0200: 26.856: [GC pause (G1 Evacuation Pause) (young), 0.0190323 secs]
   [Parallel Time: 18.4 ms, GC Workers: 2]
      [GC Worker Start (ms): Min: 26856.3, Avg: 26856.3, Max: 26856.3, Diff: 0.0]
      [Ext Root Scanning (ms): Min: 0.4, Avg: 0.4, Max: 0.4, Diff: 0.0, Sum: 0.7]
      [Update RS (ms): Min: 0.1, Avg: 0.1, Max: 0.1, Diff: 0.0, Sum: 0.2]
         [Processed Buffers: Min: 1, Avg: 1.5, Max: 2, Diff: 1, Sum: 3]
      [Scan RS (ms): Min: 0.2, Avg: 0.2, Max: 0.2, Diff: 0.0, Sum: 0.4]
      [Code Root Scanning (ms): Min: 0.1, Avg: 0.1, Max: 0.1, Diff: 0.0, Sum: 0.2]
      [Object Copy (ms): Min: 17.5, Avg: 17.5, Max: 17.6, Diff: 0.0, Sum: 35.1]
      [Termination (ms): Min: 0.0, Avg: 0.0, Max: 0.0, Diff: 0.0, Sum: 0.0]
      [GC Worker Other (ms): Min: 0.0, Avg: 0.0, Max: 0.0, Diff: 0.0, Sum: 0.1]
      [GC Worker Total (ms): Min: 18.3, Avg: 18.3, Max: 18.3, Diff: 0.0, Sum: 36.6]
      [GC Worker End (ms): Min: 26874.6, Avg: 26874.6, Max: 26874.6, Diff: 0.0]
   [Code Root Fixup: 0.0 ms]
   [Code Root Migration: 0.0 ms]
   [Clear CT: 0.1 ms]
   [Other: 0.5 ms]
      [Choose CSet: 0.0 ms]
      [Ref Proc: 0.1 ms]
      [Ref Enq: 0.0 ms]
      [Free CSet: 0.2 ms]
   [Eden: 115.0M(115.0M)->0.0B(131.0M) Survivors: 19.0M->17.0M Heap: 260.8M(512.0M)->155.0M(512.0M)]
 [Times: user=0.06 sys=0.00, real=0.02 secs] 
2014-07-10T12:28:33.815+0200: 26.990: [GC pause (G1 Evacuation Pause) (mixed), 0.0186572 secs]
   [Parallel Time: 17.8 ms, GC Workers: 2]
      [GC Worker Start (ms): Min: 26990.0, Avg: 26990.0, Max: 26990.0, Diff: 0.0]
      [Ext Root Scanning (ms): Min: 0.4, Avg: 0.4, Max: 0.4, Diff: 0.0, Sum: 0.7]
      [Update RS (ms): Min: 0.1, Avg: 0.1, Max: 0.1, Diff: 0.0, Sum: 0.2]
         [Processed Buffers: Min: 1, Avg: 2.0, Max: 3, Diff: 2, Sum: 4]
      [Scan RS (ms): Min: 0.3, Avg: 0.3, Max: 0.3, Diff: 0.0, Sum: 0.5]
      [Code Root Scanning (ms): Min: 0.1, Avg: 0.1, Max: 0.1, Diff: 0.0, Sum: 0.2]
      [Object Copy (ms): Min: 16.9, Avg: 16.9, Max: 16.9, Diff: 0.0, Sum: 33.9]
      [Termination (ms): Min: 0.0, Avg: 0.0, Max: 0.0, Diff: 0.0, Sum: 0.0]
      [GC Worker Other (ms): Min: 0.0, Avg: 0.0, Max: 0.0, Diff: 0.0, Sum: 0.1]
      [GC Worker Total (ms): Min: 17.8, Avg: 17.8, Max: 17.8, Diff: 0.0, Sum: 35.6]
      [GC Worker End (ms): Min: 27007.8, Avg: 27007.8, Max: 27007.8, Diff: 0.0]
   [Code Root Fixup: 0.0 ms]
   [Code Root Migration: 0.0 ms]
   [Clear CT: 0.1 ms]
   [Other: 0.7 ms]
      [Choose CSet: 0.0 ms]
      [Ref Proc: 0.2 ms]
      [Ref Enq: 0.0 ms]
      [Free CSet: 0.3 ms]
   [Eden: 131.0M(131.0M)->0.0B(122.0M) Survivors: 17.0M->19.0M Heap: 286.0M(512.0M)->157.1M(512.0M)]
 [Times: user=0.03 sys=0.00, real=0.02 secs] 
2014-07-10T12:28:33.970+0200: 27.144: [GC pause (G1 Evacuation Pause) (young), 0.0202271 secs]
   [Parallel Time: 18.9 ms, GC Workers: 2]
      [GC Worker Start (ms): Min: 27144.2, Avg: 27144.2, Max: 27144.2, Diff: 0.0]
      [Ext Root Scanning (ms): Min: 0.6, Avg: 0.6, Max: 0.6, Diff: 0.0, Sum: 1.3]
      [Update RS (ms): Min: 0.0, Avg: 0.1, Max: 0.2, Diff: 0.1, Sum: 0.2]
         [Processed Buffers: Min: 1, Avg: 1.0, Max: 1, Diff: 0, Sum: 2]
      [Scan RS (ms): Min: 0.4, Avg: 0.4, Max: 0.4, Diff: 0.1, Sum: 0.8]
      [Code Root Scanning (ms): Min: 0.1, Avg: 0.1, Max: 0.1, Diff: 0.0, Sum: 0.3]
      [Object Copy (ms): Min: 17.6, Avg: 17.6, Max: 17.6, Diff: 0.0, Sum: 35.2]
      [Termination (ms): Min: 0.0, Avg: 0.0, Max: 0.0, Diff: 0.0, Sum: 0.0]
      [GC Worker Other (ms): Min: 0.0, Avg: 0.0, Max: 0.1, Diff: 0.0, Sum: 0.1]
      [GC Worker Total (ms): Min: 18.9, Avg: 18.9, Max: 18.9, Diff: 0.0, Sum: 37.8]
      [GC Worker End (ms): Min: 27163.1, Avg: 27163.1, Max: 27163.1, Diff: 0.0]
   [Code Root Fixup: 0.0 ms]
   [Code Root Migration: 0.1 ms]
   [Clear CT: 0.2 ms]
   [Other: 1.0 ms]
      [Choose CSet: 0.0 ms]
      [Ref Proc: 0.3 ms]
      [Ref Enq: 0.0 ms]
      [Free CSet: 0.5 ms]
   [Eden: 122.0M(122.0M)->0.0B(111.0M) Survivors: 19.0M->17.0M Heap: 279.1M(512.0M)->155.0M(512.0M)]
 [Times: user=0.03 sys=0.00, real=0.02 secs] 
2014-07-10T12:28:34.048+0200: 27.222: [GC pause (G1 Evacuation Pause) (young), 0.0325105 secs]
   [Parallel Time: 31.4 ms, GC Workers: 2]
      [GC Worker Start (ms): Min: 27221.8, Avg: 27221.9, Max: 27221.9, Diff: 0.0]
      [Ext Root Scanning (ms): Min: 0.3, Avg: 0.3, Max: 0.3, Diff: 0.0, Sum: 0.7]
      [Update RS (ms): Min: 0.1, Avg: 0.1, Max: 0.1, Diff: 0.0, Sum: 0.1]
         [Processed Buffers: Min: 1, Avg: 1.5, Max: 2, Diff: 1, Sum: 3]
      [Scan RS (ms): Min: 0.2, Avg: 0.2, Max: 0.2, Diff: 0.0, Sum: 0.4]
      [Code Root Scanning (ms): Min: 0.1, Avg: 0.1, Max: 0.1, Diff: 0.0, Sum: 0.2]
      [Object Copy (ms): Min: 30.6, Avg: 30.6, Max: 30.6, Diff: 0.0, Sum: 61.2]
      [Termination (ms): Min: 0.0, Avg: 0.0, Max: 0.0, Diff: 0.0, Sum: 0.0]
      [GC Worker Other (ms): Min: 0.0, Avg: 0.0, Max: 0.0, Diff: 0.0, Sum: 0.1]
      [GC Worker Total (ms): Min: 31.3, Avg: 31.3, Max: 31.3, Diff: 0.0, Sum: 62.7]
      [GC Worker End (ms): Min: 27253.2, Avg: 27253.2, Max: 27253.2, Diff: 0.0]
   [Code Root Fixup: 0.0 ms]
   [Code Root Migration: 0.0 ms]
   [Clear CT: 0.1 ms]
   [Other: 1.0 ms]
      [Choose CSet: 0.0 ms]
      [Ref Proc: 0.7 ms]
      [Ref Enq: 0.0 ms]
      [Free CSet: 0.2 ms]
   [Eden: 111.0M(111.0M)->0.0B(130.0M) Survivors: 17.0M->16.0M Heap: 266.0M(512.0M)->187.9M(512.0M)]
 [Times: user=0.06 sys=0.00, real=0.03 secs] 
2014-07-10T12:28:34.188+0200: 27.362: [GC pause (G1 Evacuation Pause) (young), 0.0294400 secs]
   [Parallel Time: 28.9 ms, GC Workers: 2]
      [GC Worker Start (ms): Min: 27362.0, Avg: 27362.1, Max: 27362.1, Diff: 0.0]
      [Ext Root Scanning (ms): Min: 0.4, Avg: 0.4, Max: 0.4, Diff: 0.0, Sum: 0.7]
      [Update RS (ms): Min: 0.1, Avg: 0.1, Max: 0.1, Diff: 0.0, Sum: 0.2]
         [Processed Buffers: Min: 1, Avg: 2.0, Max: 3, Diff: 2, Sum: 4]
      [Scan RS (ms): Min: 0.2, Avg: 0.3, Max: 0.3, Diff: 0.0, Sum: 0.5]
      [Code Root Scanning (ms): Min: 0.1, Avg: 0.1, Max: 0.1, Diff: 0.0, Sum: 0.2]
      [Object Copy (ms): Min: 27.9, Avg: 27.9, Max: 27.9, Diff: 0.0, Sum: 55.8]
      [Termination (ms): Min: 0.0, Avg: 0.0, Max: 0.0, Diff: 0.0, Sum: 0.0]
      [GC Worker Other (ms): Min: 0.0, Avg: 0.0, Max: 0.0, Diff: 0.0, Sum: 0.1]
      [GC Worker Total (ms): Min: 28.8, Avg: 28.8, Max: 28.8, Diff: 0.0, Sum: 57.6]
      [GC Worker End (ms): Min: 27390.8, Avg: 27390.8, Max: 27390.8, Diff: 0.0]
   [Code Root Fixup: 0.0 ms]
   [Code Root Migration: 0.0 ms]
   [Clear CT: 0.1 ms]
   [Other: 0.4 ms]
      [Choose CSet: 0.0 ms]
      [Ref Proc: 0.0 ms]
      [Ref Enq: 0.0 ms]
      [Free CSet: 0.2 ms]
   [Eden: 130.0M(130.0M)->0.0B(123.0M) Survivors: 16.0M->19.0M Heap: 317.9M(512.0M)->215.4M(512.0M)]
 [Times: user=0.06 sys=0.00, real=0.03 secs] 
2014-07-10T12:28:34.277+0200: 27.451: [GC pause (G1 Evacuation Pause) (young), 0.0231029 secs]
   [Parallel Time: 22.2 ms, GC Workers: 2]
      [GC Worker Start (ms): Min: 27451.3, Avg: 27451.3, Max: 27451.3, Diff: 0.0]
      [Ext Root Scanning (ms): Min: 0.4, Avg: 0.4, Max: 0.4, Diff: 0.0, Sum: 0.9]
      [Update RS (ms): Min: 0.1, Avg: 0.2, Max: 0.3, Diff: 0.3, Sum: 0.4]
         [Processed Buffers: Min: 1, Avg: 1.5, Max: 2, Diff: 1, Sum: 3]
      [Scan RS (ms): Min: 0.1, Avg: 0.2, Max: 0.3, Diff: 0.2, Sum: 0.5]
      [Code Root Scanning (ms): Min: 0.1, Avg: 0.1, Max: 0.1, Diff: 0.1, Sum: 0.2]
      [Object Copy (ms): Min: 21.1, Avg: 21.1, Max: 21.1, Diff: 0.0, Sum: 42.3]
      [Termination (ms): Min: 0.0, Avg: 0.0, Max: 0.0, Diff: 0.0, Sum: 0.0]
      [GC Worker Other (ms): Min: 0.0, Avg: 0.0, Max: 0.0, Diff: 0.0, Sum: 0.1]
      [GC Worker Total (ms): Min: 22.1, Avg: 22.1, Max: 22.1, Diff: 0.0, Sum: 44.3]
      [GC Worker End (ms): Min: 27473.4, Avg: 27473.4, Max: 27473.4, Diff: 0.0]
   [Code Root Fixup: 0.0 ms]
   [Code Root Migration: 0.0 ms]
   [Clear CT: 0.4 ms]
   [Other: 0.4 ms]
      [Choose CSet: 0.0 ms]
      [Ref Proc: 0.1 ms]
      [Ref Enq: 0.0 ms]
      [Free CSet: 0.2 ms]
   [Eden: 123.0M(123.0M)->0.0B(142.0M) Survivors: 19.0M->18.0M Heap: 338.4M(512.0M)->230.8M(512.0M)]
 [Times: user=0.05 sys=0.00, real=0.02 secs] 
2014-07-10T12:28:34.424+0200: 27.598: [GC pause (G1 Evacuation Pause) (young), 0.0287350 secs]
   [Parallel Time: 28.1 ms, GC Workers: 2]
      [GC Worker Start (ms): Min: 27597.7, Avg: 27597.7, Max: 27597.7, Diff: 0.0]
      [Ext Root Scanning (ms): Min: 0.3, Avg: 0.3, Max: 0.3, Diff: 0.0, Sum: 0.7]
      [Update RS (ms): Min: 0.0, Avg: 0.0, Max: 0.1, Diff: 0.1, Sum: 0.1]
         [Processed Buffers: Min: 1, Avg: 1.0, Max: 1, Diff: 0, Sum: 2]
      [Scan RS (ms): Min: 0.2, Avg: 0.3, Max: 0.3, Diff: 0.0, Sum: 0.5]
      [Code Root Scanning (ms): Min: 0.1, Avg: 0.1, Max: 0.1, Diff: 0.0, Sum: 0.2]
      [Object Copy (ms): Min: 27.3, Avg: 27.3, Max: 27.3, Diff: 0.0, Sum: 54.5]
      [Termination (ms): Min: 0.0, Avg: 0.0, Max: 0.0, Diff: 0.0, Sum: 0.0]
      [GC Worker Other (ms): Min: 0.0, Avg: 0.0, Max: 0.0, Diff: 0.0, Sum: 0.1]
      [GC Worker Total (ms): Min: 28.0, Avg: 28.0, Max: 28.0, Diff: 0.0, Sum: 56.1]
      [GC Worker End (ms): Min: 27625.7, Avg: 27625.7, Max: 27625.7, Diff: 0.0]
   [Code Root Fixup: 0.0 ms]
   [Code Root Migration: 0.0 ms]
   [Clear CT: 0.1 ms]
   [Other: 0.5 ms]
      [Choose CSet: 0.0 ms]
      [Ref Proc: 0.1 ms]
      [Ref Enq: 0.0 ms]
      [Free CSet: 0.3 ms]
   [Eden: 142.0M(142.0M)->0.0B(131.0M) Survivors: 18.0M->20.0M Heap: 372.8M(512.0M)->257.2M(512.0M)]
 [Times: user=0.06 sys=0.00, real=0.03 secs] 
2014-07-10T12:28:34.584+0200: 27.759: [GC pause (G1 Evacuation Pause) (young) (initial-mark), 0.0291291 secs]
   [Parallel Time: 28.2 ms, GC Workers: 2]
      [GC Worker Start (ms): Min: 27758.9, Avg: 27758.9, Max: 27758.9, Diff: 0.0]
      [Ext Root Scanning (ms): Min: 0.7, Avg: 0.7, Max: 0.7, Diff: 0.0, Sum: 1.4]
      [Code Root Marking (ms): Min: 0.1, Avg: 0.1, Max: 0.1, Diff: 0.1, Sum: 0.2]
      [Update RS (ms): Min: 0.1, Avg: 0.1, Max: 0.1, Diff: 0.0, Sum: 0.1]
         [Processed Buffers: Min: 1, Avg: 1.5, Max: 2, Diff: 1, Sum: 3]
      [Scan RS (ms): Min: 0.4, Avg: 0.4, Max: 0.4, Diff: 0.0, Sum: 0.8]
      [Code Root Scanning (ms): Min: 0.1, Avg: 0.1, Max: 0.1, Diff: 0.0, Sum: 0.3]
      [Object Copy (ms): Min: 26.6, Avg: 26.6, Max: 26.6, Diff: 0.0, Sum: 53.2]
      [Termination (ms): Min: 0.0, Avg: 0.0, Max: 0.0, Diff: 0.0, Sum: 0.0]
      [GC Worker Other (ms): Min: 0.1, Avg: 0.1, Max: 0.1, Diff: 0.1, Sum: 0.2]
      [GC Worker Total (ms): Min: 28.1, Avg: 28.1, Max: 28.1, Diff: 0.1, Sum: 56.2]
      [GC Worker End (ms): Min: 27786.9, Avg: 27787.0, Max: 27787.0, Diff: 0.1]
   [Code Root Fixup: 0.0 ms]
   [Code Root Migration: 0.0 ms]
   [Clear CT: 0.2 ms]
   [Other: 0.7 ms]
      [Choose CSet: 0.0 ms]
      [Ref Proc: 0.1 ms]
      [Ref Enq: 0.0 ms]
      [Free CSet: 0.3 ms]
   [Eden: 131.0M(131.0M)->0.0B(119.0M) Survivors: 20.0M->19.0M Heap: 388.2M(512.0M)->272.3M(512.0M)]
 [Times: user=0.06 sys=0.00, real=0.03 secs] 
2014-07-10T12:28:34.614+0200: 27.788: [GC concurrent-root-region-scan-start]
2014-07-10T12:28:34.614+0200: 27.788: [GC concurrent-root-region-scan-end, 0.0003593 secs]
2014-07-10T12:28:34.614+0200: 27.788: [GC concurrent-mark-start]
2014-07-10T12:28:34.679+0200: 27.853: [GC pause (G1 Evacuation Pause) (young), 0.0150782 secs]
   [Parallel Time: 14.5 ms, GC Workers: 2]
      [GC Worker Start (ms): Min: 27853.0, Avg: 27853.1, Max: 27853.1, Diff: 0.0]
      [Ext Root Scanning (ms): Min: 0.3, Avg: 0.3, Max: 0.3, Diff: 0.0, Sum: 0.6]
      [SATB Filtering (ms): Min: 0.0, Avg: 0.0, Max: 0.0, Diff: 0.0, Sum: 0.0]
      [Update RS (ms): Min: 0.1, Avg: 0.1, Max: 0.1, Diff: 0.0, Sum: 0.1]
         [Processed Buffers: Min: 1, Avg: 1.5, Max: 2, Diff: 1, Sum: 3]
      [Scan RS (ms): Min: 0.2, Avg: 0.2, Max: 0.2, Diff: 0.0, Sum: 0.5]
      [Code Root Scanning (ms): Min: 0.1, Avg: 0.1, Max: 0.1, Diff: 0.0, Sum: 0.2]
      [Object Copy (ms): Min: 13.7, Avg: 13.7, Max: 13.7, Diff: 0.0, Sum: 27.5]
      [Termination (ms): Min: 0.0, Avg: 0.0, Max: 0.0, Diff: 0.0, Sum: 0.0]
      [GC Worker Other (ms): Min: 0.0, Avg: 0.0, Max: 0.0, Diff: 0.0, Sum: 0.1]
      [GC Worker Total (ms): Min: 14.4, Avg: 14.5, Max: 14.5, Diff: 0.0, Sum: 28.9]
      [GC Worker End (ms): Min: 27867.5, Avg: 27867.5, Max: 27867.5, Diff: 0.0]
   [Code Root Fixup: 0.0 ms]
   [Code Root Migration: 0.0 ms]
   [Clear CT: 0.1 ms]
   [Other: 0.5 ms]
      [Choose CSet: 0.0 ms]
      [Ref Proc: 0.1 ms]
      [Ref Enq: 0.0 ms]
      [Free CSet: 0.3 ms]
   [Eden: 119.0M(119.0M)->0.0B(132.0M) Survivors: 19.0M->18.0M Heap: 391.3M(512.0M)->275.3M(512.0M)]
 [Times: user=0.03 sys=0.00, real=0.02 secs] 
2014-07-10T12:28:34.694+0200: 27.868: [GC concurrent-mark-end, 0.0044805 secs]
2014-07-10T12:28:34.695+0200: 27.869: [GC remark 27.869: [GC ref-proc, 0.0000528 secs], 0.0010398 secs]
 [Times: user=0.00 sys=0.00, real=0.00 secs] 
2014-07-10T12:28:34.775+0200: 27.949: [GC cleanup 343M->166M(512M), 0.0038976 secs]
 [Times: user=0.00 sys=0.03, real=0.00 secs] 
2014-07-10T12:28:34.779+0200: 27.953: [GC concurrent-cleanup-start]
2014-07-10T12:28:34.779+0200: 27.953: [GC concurrent-cleanup-end, 0.0004209 secs]
2014-07-10T12:28:34.816+0200: 27.990: [GC pause (G1 Evacuation Pause) (young), 0.0151768 secs]
   [Parallel Time: 14.6 ms, GC Workers: 2]
      [GC Worker Start (ms): Min: 27989.8, Avg: 27989.8, Max: 27989.8, Diff: 0.0]
      [Ext Root Scanning (ms): Min: 0.3, Avg: 0.3, Max: 0.3, Diff: 0.0, Sum: 0.7]
      [Update RS (ms): Min: 0.1, Avg: 0.1, Max: 0.1, Diff: 0.0, Sum: 0.1]
         [Processed Buffers: Min: 1, Avg: 1.5, Max: 2, Diff: 1, Sum: 3]
      [Scan RS (ms): Min: 0.3, Avg: 0.3, Max: 0.4, Diff: 0.1, Sum: 0.7]
      [Code Root Scanning (ms): Min: 0.1, Avg: 0.1, Max: 0.2, Diff: 0.1, Sum: 0.2]
      [Object Copy (ms): Min: 13.6, Avg: 13.7, Max: 13.7, Diff: 0.0, Sum: 27.3]
      [Termination (ms): Min: 0.0, Avg: 0.0, Max: 0.0, Diff: 0.0, Sum: 0.0]
      [GC Worker Other (ms): Min: 0.0, Avg: 0.0, Max: 0.0, Diff: 0.0, Sum: 0.1]
      [GC Worker Total (ms): Min: 14.6, Avg: 14.6, Max: 14.6, Diff: 0.0, Sum: 29.1]
      [GC Worker End (ms): Min: 28004.4, Avg: 28004.4, Max: 28004.4, Diff: 0.0]
   [Code Root Fixup: 0.0 ms]
   [Code Root Migration: 0.0 ms]
   [Clear CT: 0.1 ms]
   [Other: 0.4 ms]
      [Choose CSet: 0.0 ms]
      [Ref Proc: 0.0 ms]
      [Ref Enq: 0.0 ms]
      [Free CSet: 0.3 ms]
   [Eden: 132.0M(132.0M)->0.0B(122.0M) Survivors: 18.0M->19.0M Heap: 230.3M(512.0M)->102.2M(512.0M)]
 [Times: user=0.03 sys=0.00, real=0.02 secs] 
2014-07-10T12:28:34.965+0200: 28.139: [GC pause (G1 Evacuation Pause) (mixed), 0.0150320 secs]
   [Parallel Time: 13.5 ms, GC Workers: 2]
      [GC Worker Start (ms): Min: 28139.4, Avg: 28139.4, Max: 28139.4, Diff: 0.0]
      [Ext Root Scanning (ms): Min: 0.6, Avg: 0.6, Max: 0.6, Diff: 0.0, Sum: 1.2]
      [Update RS (ms): Min: 0.0, Avg: 0.1, Max: 0.1, Diff: 0.1, Sum: 0.1]
         [Processed Buffers: Min: 1, Avg: 1.0, Max: 1, Diff: 0, Sum: 2]
      [Scan RS (ms): Min: 0.6, Avg: 0.7, Max: 0.7, Diff: 0.1, Sum: 1.3]
      [Code Root Scanning (ms): Min: 0.1, Avg: 0.1, Max: 0.2, Diff: 0.0, Sum: 0.3]
      [Object Copy (ms): Min: 11.9, Avg: 11.9, Max: 11.9, Diff: 0.0, Sum: 23.9]
      [Termination (ms): Min: 0.0, Avg: 0.0, Max: 0.0, Diff: 0.0, Sum: 0.0]
      [GC Worker Other (ms): Min: 0.0, Avg: 0.0, Max: 0.1, Diff: 0.0, Sum: 0.1]
      [GC Worker Total (ms): Min: 13.5, Avg: 13.5, Max: 13.5, Diff: 0.0, Sum: 26.9]
      [GC Worker End (ms): Min: 28152.9, Avg: 28152.9, Max: 28152.9, Diff: 0.0]
   [Code Root Fixup: 0.0 ms]
   [Code Root Migration: 0.1 ms]
   [Clear CT: 0.5 ms]
   [Other: 0.9 ms]
      [Choose CSet: 0.0 ms]
      [Ref Proc: 0.1 ms]
      [Ref Enq: 0.0 ms]
      [Free CSet: 0.5 ms]
   [Eden: 122.0M(122.0M)->0.0B(111.0M) Survivors: 19.0M->12.0M Heap: 224.2M(512.0M)->86.9M(512.0M)]
 [Times: user=0.02 sys=0.00, real=0.02 secs] 
2014-07-10T12:28:35.041+0200: 28.215: [GC pause (G1 Evacuation Pause) (young), 0.0367432 secs]
   [Parallel Time: 36.2 ms, GC Workers: 2]
      [GC Worker Start (ms): Min: 28215.5, Avg: 28215.5, Max: 28215.5, Diff: 0.0]
      [Ext Root Scanning (ms): Min: 0.4, Avg: 0.4, Max: 0.4, Diff: 0.0, Sum: 0.8]
      [Update RS (ms): Min: 0.0, Avg: 0.1, Max: 0.1, Diff: 0.1, Sum: 0.2]
         [Processed Buffers: Min: 1, Avg: 1.0, Max: 1, Diff: 0, Sum: 2]
      [Scan RS (ms): Min: 0.2, Avg: 0.2, Max: 0.2, Diff: 0.1, Sum: 0.4]
      [Code Root Scanning (ms): Min: 0.1, Avg: 0.1, Max: 0.1, Diff: 0.0, Sum: 0.2]
      [Object Copy (ms): Min: 35.4, Avg: 35.4, Max: 35.4, Diff: 0.0, Sum: 70.8]
      [Termination (ms): Min: 0.0, Avg: 0.0, Max: 0.0, Diff: 0.0, Sum: 0.0]
      [GC Worker Other (ms): Min: 0.0, Avg: 0.0, Max: 0.0, Diff: 0.0, Sum: 0.1]
      [GC Worker Total (ms): Min: 36.2, Avg: 36.2, Max: 36.2, Diff: 0.0, Sum: 72.4]
      [GC Worker End (ms): Min: 28251.7, Avg: 28251.7, Max: 28251.7, Diff: 0.0]
   [Code Root Fixup: 0.0 ms]
   [Code Root Migration: 0.0 ms]
   [Clear CT: 0.1 ms]
   [Other: 0.4 ms]
      [Choose CSet: 0.0 ms]
      [Ref Proc: 0.0 ms]
      [Ref Enq: 0.0 ms]
      [Free CSet: 0.2 ms]
   [Eden: 111.0M(111.0M)->0.0B(127.0M) Survivors: 12.0M->16.0M Heap: 197.9M(512.0M)->131.9M(512.0M)]
 [Times: user=0.08 sys=0.00, real=0.04 secs] 
2014-07-10T12:28:35.173+0200: 28.347: [GC pause (G1 Evacuation Pause) (young), 0.0252598 secs]
   [Parallel Time: 24.7 ms, GC Workers: 2]
      [GC Worker Start (ms): Min: 28347.3, Avg: 28347.3, Max: 28347.3, Diff: 0.0]
      [Ext Root Scanning (ms): Min: 0.4, Avg: 0.4, Max: 0.4, Diff: 0.0, Sum: 0.8]
      [Update RS (ms): Min: 0.1, Avg: 0.1, Max: 0.1, Diff: 0.0, Sum: 0.1]
         [Processed Buffers: Min: 1, Avg: 1.5, Max: 2, Diff: 1, Sum: 3]
      [Scan RS (ms): Min: 0.2, Avg: 0.2, Max: 0.2, Diff: 0.0, Sum: 0.5]
      [Code Root Scanning (ms): Min: 0.1, Avg: 0.1, Max: 0.1, Diff: 0.0, Sum: 0.2]
      [Object Copy (ms): Min: 23.8, Avg: 23.8, Max: 23.8, Diff: 0.0, Sum: 47.6]
      [Termination (ms): Min: 0.0, Avg: 0.0, Max: 0.0, Diff: 0.0, Sum: 0.0]
      [GC Worker Other (ms): Min: 0.0, Avg: 0.0, Max: 0.0, Diff: 0.0, Sum: 0.1]
      [GC Worker Total (ms): Min: 24.6, Avg: 24.6, Max: 24.6, Diff: 0.0, Sum: 49.2]
      [GC Worker End (ms): Min: 28372.0, Avg: 28372.0, Max: 28372.0, Diff: 0.0]
   [Code Root Fixup: 0.0 ms]
   [Code Root Migration: 0.0 ms]
   [Clear CT: 0.1 ms]
   [Other: 0.5 ms]
      [Choose CSet: 0.0 ms]
      [Ref Proc: 0.1 ms]
      [Ref Enq: 0.0 ms]
      [Free CSet: 0.3 ms]
   [Eden: 127.0M(127.0M)->0.0B(123.0M) Survivors: 16.0M->18.0M Heap: 258.9M(512.0M)->154.3M(512.0M)]
 [Times: user=0.05 sys=0.00, real=0.03 secs] 
2014-07-10T12:28:35.270+0200: 28.444: [GC pause (G1 Evacuation Pause) (young), 0.0194741 secs]
   [Parallel Time: 18.9 ms, GC Workers: 2]
      [GC Worker Start (ms): Min: 28443.7, Avg: 28443.7, Max: 28443.7, Diff: 0.0]
      [Ext Root Scanning (ms): Min: 0.3, Avg: 0.3, Max: 0.3, Diff: 0.0, Sum: 0.7]
      [Update RS (ms): Min: 0.0, Avg: 0.1, Max: 0.1, Diff: 0.0, Sum: 0.1]
         [Processed Buffers: Min: 1, Avg: 1.5, Max: 2, Diff: 1, Sum: 3]
      [Scan RS (ms): Min: 0.2, Avg: 0.2, Max: 0.2, Diff: 0.0, Sum: 0.4]
      [Code Root Scanning (ms): Min: 0.1, Avg: 0.1, Max: 0.1, Diff: 0.0, Sum: 0.2]
      [Object Copy (ms): Min: 18.1, Avg: 18.1, Max: 18.1, Diff: 0.0, Sum: 36.2]
      [Termination (ms): Min: 0.0, Avg: 0.0, Max: 0.0, Diff: 0.0, Sum: 0.0]
      [GC Worker Other (ms): Min: 0.0, Avg: 0.0, Max: 0.0, Diff: 0.0, Sum: 0.1]
      [GC Worker Total (ms): Min: 18.8, Avg: 18.8, Max: 18.8, Diff: 0.0, Sum: 37.7]
      [GC Worker End (ms): Min: 28462.5, Avg: 28462.5, Max: 28462.5, Diff: 0.0]
   [Code Root Fixup: 0.0 ms]
   [Code Root Migration: 0.0 ms]
   [Clear CT: 0.1 ms]
   [Other: 0.4 ms]
      [Choose CSet: 0.0 ms]
      [Ref Proc: 0.1 ms]
      [Ref Enq: 0.0 ms]
      [Free CSet: 0.2 ms]
   [Eden: 123.0M(123.0M)->0.0B(131.0M) Survivors: 18.0M->18.0M Heap: 277.3M(512.0M)->165.6M(512.0M)]
 [Times: user=0.03 sys=0.00, real=0.02 secs] 
2014-07-10T12:28:35.400+0200: 28.574: [GC pause (G1 Evacuation Pause) (young), 0.0191368 secs]
   [Parallel Time: 18.3 ms, GC Workers: 2]
      [GC Worker Start (ms): Min: 28574.0, Avg: 28574.0, Max: 28574.0, Diff: 0.0]
      [Ext Root Scanning (ms): Min: 0.4, Avg: 0.4, Max: 0.4, Diff: 0.0, Sum: 0.8]
      [Update RS (ms): Min: 0.0, Avg: 0.1, Max: 0.1, Diff: 0.1, Sum: 0.1]
         [Processed Buffers: Min: 1, Avg: 1.5, Max: 2, Diff: 1, Sum: 3]
      [Scan RS (ms): Min: 0.2, Avg: 0.3, Max: 0.3, Diff: 0.0, Sum: 0.5]
      [Code Root Scanning (ms): Min: 0.1, Avg: 0.1, Max: 0.1, Diff: 0.0, Sum: 0.2]
      [Object Copy (ms): Min: 17.4, Avg: 17.4, Max: 17.4, Diff: 0.0, Sum: 34.8]
      [Termination (ms): Min: 0.0, Avg: 0.0, Max: 0.0, Diff: 0.0, Sum: 0.0]
      [GC Worker Other (ms): Min: 0.0, Avg: 0.0, Max: 0.0, Diff: 0.0, Sum: 0.1]
      [GC Worker Total (ms): Min: 18.3, Avg: 18.3, Max: 18.3, Diff: 0.0, Sum: 36.6]
      [GC Worker End (ms): Min: 28592.3, Avg: 28592.3, Max: 28592.3, Diff: 0.0]
   [Code Root Fixup: 0.0 ms]
   [Code Root Migration: 0.0 ms]
   [Clear CT: 0.1 ms]
   [Other: 0.6 ms]
      [Choose CSet: 0.0 ms]
      [Ref Proc: 0.2 ms]
      [Ref Enq: 0.0 ms]
      [Free CSet: 0.3 ms]
   [Eden: 131.0M(131.0M)->0.0B(122.0M) Survivors: 18.0M->19.0M Heap: 296.6M(512.0M)->175.7M(512.0M)]
 [Times: user=0.05 sys=0.01, real=0.02 secs] 
2014-07-10T12:28:35.559+0200: 28.733: [GC pause (G1 Evacuation Pause) (young), 0.0086608 secs]
   [Parallel Time: 7.3 ms, GC Workers: 2]
      [GC Worker Start (ms): Min: 28733.5, Avg: 28733.6, Max: 28733.7, Diff: 0.2]
      [Ext Root Scanning (ms): Min: 0.4, Avg: 0.5, Max: 0.6, Diff: 0.2, Sum: 1.0]
      [Update RS (ms): Min: 0.1, Avg: 0.1, Max: 0.1, Diff: 0.1, Sum: 0.2]
         [Processed Buffers: Min: 2, Avg: 2.0, Max: 2, Diff: 0, Sum: 4]
      [Scan RS (ms): Min: 0.3, Avg: 0.4, Max: 0.4, Diff: 0.0, Sum: 0.7]
      [Code Root Scanning (ms): Min: 0.1, Avg: 0.1, Max: 0.2, Diff: 0.0, Sum: 0.3]
      [Object Copy (ms): Min: 6.0, Avg: 6.0, Max: 6.0, Diff: 0.0, Sum: 11.9]
      [Termination (ms): Min: 0.0, Avg: 0.0, Max: 0.0, Diff: 0.0, Sum: 0.0]
      [GC Worker Other (ms): Min: 0.0, Avg: 0.0, Max: 0.0, Diff: 0.0, Sum: 0.1]
      [GC Worker Total (ms): Min: 7.0, Avg: 7.1, Max: 7.3, Diff: 0.2, Sum: 14.3]
      [GC Worker End (ms): Min: 28740.8, Avg: 28740.8, Max: 28740.8, Diff: 0.0]
   [Code Root Fixup: 0.0 ms]
   [Code Root Migration: 0.1 ms]
   [Clear CT: 0.2 ms]
   [Other: 1.1 ms]
      [Choose CSet: 0.0 ms]
      [Ref Proc: 0.4 ms]
      [Ref Enq: 0.0 ms]
      [Free CSet: 0.5 ms]
   [Eden: 122.0M(122.0M)->0.0B(111.0M) Survivors: 19.0M->6144.0K Heap: 297.7M(512.0M)->162.6M(512.0M)]
 [Times: user=0.00 sys=0.00, real=0.01 secs] 
2014-07-10T12:28:35.632+0200: 28.806: [GC pause (G1 Evacuation Pause) (young), 0.0326242 secs]
   [Parallel Time: 32.0 ms, GC Workers: 2]
      [GC Worker Start (ms): Min: 28805.9, Avg: 28805.9, Max: 28805.9, Diff: 0.0]
      [Ext Root Scanning (ms): Min: 0.3, Avg: 0.3, Max: 0.3, Diff: 0.0, Sum: 0.6]
      [Update RS (ms): Min: 0.0, Avg: 0.1, Max: 0.1, Diff: 0.0, Sum: 0.1]
         [Processed Buffers: Min: 1, Avg: 1.5, Max: 2, Diff: 1, Sum: 3]
      [Scan RS (ms): Min: 0.2, Avg: 0.2, Max: 0.2, Diff: 0.0, Sum: 0.4]
      [Code Root Scanning (ms): Min: 0.1, Avg: 0.1, Max: 0.1, Diff: 0.0, Sum: 0.1]
      [Object Copy (ms): Min: 31.2, Avg: 31.2, Max: 31.2, Diff: 0.0, Sum: 62.5]
      [Termination (ms): Min: 0.0, Avg: 0.0, Max: 0.0, Diff: 0.0, Sum: 0.0]
      [GC Worker Other (ms): Min: 0.0, Avg: 0.0, Max: 0.0, Diff: 0.0, Sum: 0.1]
      [GC Worker Total (ms): Min: 31.9, Avg: 31.9, Max: 31.9, Diff: 0.0, Sum: 63.8]
      [GC Worker End (ms): Min: 28837.8, Avg: 28837.8, Max: 28837.8, Diff: 0.0]
   [Code Root Fixup: 0.0 ms]
   [Code Root Migration: 0.0 ms]
   [Clear CT: 0.1 ms]
   [Other: 0.5 ms]
      [Choose CSet: 0.0 ms]
      [Ref Proc: 0.2 ms]
      [Ref Enq: 0.0 ms]
      [Free CSet: 0.2 ms]
   [Eden: 111.0M(111.0M)->0.0B(124.0M) Survivors: 6144.0K->15.0M Heap: 273.6M(512.0M)->207.6M(512.0M)]
 [Times: user=0.06 sys=0.00, real=0.03 secs] 
2014-07-10T12:28:35.782+0200: 28.956: [GC pause (G1 Evacuation Pause) (young), 0.0287706 secs]
   [Parallel Time: 28.2 ms, GC Workers: 2]
      [GC Worker Start (ms): Min: 28956.4, Avg: 28956.4, Max: 28956.4, Diff: 0.0]
      [Ext Root Scanning (ms): Min: 0.4, Avg: 0.4, Max: 0.4, Diff: 0.0, Sum: 0.8]
      [Update RS (ms): Min: 0.0, Avg: 0.1, Max: 0.1, Diff: 0.0, Sum: 0.1]
         [Processed Buffers: Min: 1, Avg: 1.5, Max: 2, Diff: 1, Sum: 3]
      [Scan RS (ms): Min: 0.2, Avg: 0.3, Max: 0.3, Diff: 0.0, Sum: 0.5]
      [Code Root Scanning (ms): Min: 0.1, Avg: 0.1, Max: 0.1, Diff: 0.0, Sum: 0.2]
      [Object Copy (ms): Min: 27.3, Avg: 27.3, Max: 27.3, Diff: 0.0, Sum: 54.5]
      [Termination (ms): Min: 0.0, Avg: 0.0, Max: 0.0, Diff: 0.0, Sum: 0.0]
      [GC Worker Other (ms): Min: 0.0, Avg: 0.0, Max: 0.0, Diff: 0.0, Sum: 0.1]
      [GC Worker Total (ms): Min: 28.1, Avg: 28.1, Max: 28.2, Diff: 0.0, Sum: 56.3]
      [GC Worker End (ms): Min: 28984.6, Avg: 28984.6, Max: 28984.6, Diff: 0.0]
   [Code Root Fixup: 0.0 ms]
   [Code Root Migration: 0.0 ms]
   [Clear CT: 0.1 ms]
   [Other: 0.4 ms]
      [Choose CSet: 0.0 ms]
      [Ref Proc: 0.1 ms]
      [Ref Enq: 0.0 ms]
      [Free CSet: 0.3 ms]
   [Eden: 124.0M(124.0M)->0.0B(115.0M) Survivors: 15.0M->18.0M Heap: 331.6M(512.0M)->235.3M(512.0M)]
 [Times: user=0.06 sys=0.00, real=0.03 secs] 
2014-07-10T12:28:35.868+0200: 29.043: [GC pause (G1 Evacuation Pause) (young), 0.0173344 secs]
   [Parallel Time: 16.6 ms, GC Workers: 2]
      [GC Worker Start (ms): Min: 29042.7, Avg: 29042.7, Max: 29042.7, Diff: 0.0]
      [Ext Root Scanning (ms): Min: 0.3, Avg: 0.3, Max: 0.3, Diff: 0.0, Sum: 0.6]
      [Update RS (ms): Min: 0.0, Avg: 0.1, Max: 0.1, Diff: 0.0, Sum: 0.1]
         [Processed Buffers: Min: 1, Avg: 1.5, Max: 2, Diff: 1, Sum: 3]
      [Scan RS (ms): Min: 0.2, Avg: 0.2, Max: 0.2, Diff: 0.0, Sum: 0.4]
      [Code Root Scanning (ms): Min: 0.1, Avg: 0.1, Max: 0.1, Diff: 0.0, Sum: 0.2]
      [Object Copy (ms): Min: 15.9, Avg: 15.9, Max: 15.9, Diff: 0.0, Sum: 31.7]
      [Termination (ms): Min: 0.0, Avg: 0.0, Max: 0.0, Diff: 0.0, Sum: 0.0]
      [GC Worker Other (ms): Min: 0.0, Avg: 0.0, Max: 0.0, Diff: 0.0, Sum: 0.1]
      [GC Worker Total (ms): Min: 16.5, Avg: 16.5, Max: 16.5, Diff: 0.0, Sum: 33.1]
      [GC Worker End (ms): Min: 29059.2, Avg: 29059.2, Max: 29059.2, Diff: 0.0]
   [Code Root Fixup: 0.0 ms]
   [Code Root Migration: 0.0 ms]
   [Clear CT: 0.1 ms]
   [Other: 0.6 ms]
      [Choose CSet: 0.0 ms]
      [Ref Proc: 0.3 ms]
      [Ref Enq: 0.0 ms]
      [Free CSet: 0.2 ms]
   [Eden: 115.0M(115.0M)->0.0B(135.0M) Survivors: 18.0M->17.0M Heap: 350.3M(512.0M)->242.9M(512.0M)]
 [Times: user=0.05 sys=0.00, real=0.02 secs] 
2014-07-10T12:28:36.026+0200: 29.200: [GC pause (G1 Evacuation Pause) (young), 0.0201857 secs]
   [Parallel Time: 19.4 ms, GC Workers: 2]
      [GC Worker Start (ms): Min: 29200.4, Avg: 29200.5, Max: 29200.5, Diff: 0.1]
      [Ext Root Scanning (ms): Min: 0.3, Avg: 0.4, Max: 0.4, Diff: 0.1, Sum: 0.7]
      [Update RS (ms): Min: 0.0, Avg: 0.0, Max: 0.0, Diff: 0.0, Sum: 0.1]
         [Processed Buffers: Min: 1, Avg: 1.5, Max: 2, Diff: 1, Sum: 3]
      [Scan RS (ms): Min: 0.3, Avg: 0.3, Max: 0.3, Diff: 0.0, Sum: 0.5]
      [Code Root Scanning (ms): Min: 0.1, Avg: 0.1, Max: 0.1, Diff: 0.0, Sum: 0.2]
      [Object Copy (ms): Min: 18.3, Avg: 18.3, Max: 18.4, Diff: 0.1, Sum: 36.7]
      [Termination (ms): Min: 0.0, Avg: 0.1, Max: 0.3, Diff: 0.3, Sum: 0.3]
      [GC Worker Other (ms): Min: 0.0, Avg: 0.0, Max: 0.0, Diff: 0.0, Sum: 0.1]
      [GC Worker Total (ms): Min: 19.2, Avg: 19.3, Max: 19.4, Diff: 0.2, Sum: 38.5]
      [GC Worker End (ms): Min: 29219.7, Avg: 29219.7, Max: 29219.8, Diff: 0.1]
   [Code Root Fixup: 0.0 ms]
   [Code Root Migration: 0.0 ms]
   [Clear CT: 0.1 ms]
   [Other: 0.6 ms]
      [Choose CSet: 0.0 ms]
      [Ref Proc: 0.1 ms]
      [Ref Enq: 0.0 ms]
      [Free CSet: 0.3 ms]
   [Eden: 135.0M(135.0M)->0.0B(122.0M) Survivors: 17.0M->19.0M Heap: 377.9M(512.0M)->254.4M(512.0M)]
 [Times: user=0.03 sys=0.00, real=0.02 secs] 
2014-07-10T12:28:36.158+0200: 29.332: [GC pause (G1 Evacuation Pause) (young) (initial-mark), 0.0088628 secs]
   [Parallel Time: 7.6 ms, GC Workers: 2]
      [GC Worker Start (ms): Min: 29332.1, Avg: 29332.1, Max: 29332.1, Diff: 0.0]
      [Ext Root Scanning (ms): Min: 0.3, Avg: 0.4, Max: 0.4, Diff: 0.0, Sum: 0.7]
      [Code Root Marking (ms): Min: 0.1, Avg: 0.1, Max: 0.1, Diff: 0.0, Sum: 0.1]
      [Update RS (ms): Min: 0.0, Avg: 0.1, Max: 0.2, Diff: 0.2, Sum: 0.2]
         [Processed Buffers: Min: 2, Avg: 2.0, Max: 2, Diff: 0, Sum: 4]
      [Scan RS (ms): Min: 0.3, Avg: 0.4, Max: 0.4, Diff: 0.1, Sum: 0.7]
      [Code Root Scanning (ms): Min: 0.1, Avg: 0.2, Max: 0.2, Diff: 0.1, Sum: 0.3]
      [Object Copy (ms): Min: 6.4, Avg: 6.4, Max: 6.4, Diff: 0.0, Sum: 12.8]
      [Termination (ms): Min: 0.0, Avg: 0.0, Max: 0.0, Diff: 0.0, Sum: 0.0]
      [GC Worker Other (ms): Min: 0.0, Avg: 0.0, Max: 0.0, Diff: 0.0, Sum: 0.1]
      [GC Worker Total (ms): Min: 7.5, Avg: 7.5, Max: 7.5, Diff: 0.0, Sum: 15.0]
      [GC Worker End (ms): Min: 29339.6, Avg: 29339.6, Max: 29339.6, Diff: 0.0]
   [Code Root Fixup: 0.0 ms]
   [Code Root Migration: 0.1 ms]
   [Clear CT: 0.2 ms]
   [Other: 1.0 ms]
      [Choose CSet: 0.0 ms]
      [Ref Proc: 0.1 ms]
      [Ref Enq: 0.0 ms]
      [Free CSet: 0.6 ms]
   [Eden: 122.0M(122.0M)->0.0B(115.0M) Survivors: 19.0M->7168.0K Heap: 376.4M(512.0M)->241.6M(512.0M)]
 [Times: user=0.03 sys=0.00, real=0.01 secs] 
2014-07-10T12:28:36.168+0200: 29.342: [GC concurrent-root-region-scan-start]
2014-07-10T12:28:36.168+0200: 29.342: [GC concurrent-root-region-scan-end, 0.0002064 secs]
2014-07-10T12:28:36.168+0200: 29.342: [GC concurrent-mark-start]
2014-07-10T12:28:36.233+0200: 29.407: [GC pause (G1 Evacuation Pause) (young)2014-07-10T12:28:36.248+0200: 29.422: [GC concurrent-mark-end, 0.0107979 secs]
, 0.0355227 secs]
   [Parallel Time: 35.0 ms, GC Workers: 2]
      [GC Worker Start (ms): Min: 29407.5, Avg: 29407.5, Max: 29407.5, Diff: 0.0]
      [Ext Root Scanning (ms): Min: 0.4, Avg: 0.4, Max: 0.4, Diff: 0.0, Sum: 0.7]
      [SATB Filtering (ms): Min: 0.0, Avg: 0.0, Max: 0.0, Diff: 0.0, Sum: 0.0]
      [Update RS (ms): Min: 0.0, Avg: 0.1, Max: 0.1, Diff: 0.0, Sum: 0.1]
         [Processed Buffers: Min: 1, Avg: 1.5, Max: 2, Diff: 1, Sum: 3]
      [Scan RS (ms): Min: 0.3, Avg: 0.3, Max: 0.3, Diff: 0.1, Sum: 0.6]
      [Code Root Scanning (ms): Min: 0.1, Avg: 0.1, Max: 0.1, Diff: 0.1, Sum: 0.2]
      [Object Copy (ms): Min: 34.0, Avg: 34.0, Max: 34.1, Diff: 0.0, Sum: 68.1]
      [Termination (ms): Min: 0.0, Avg: 0.0, Max: 0.0, Diff: 0.0, Sum: 0.0]
      [GC Worker Other (ms): Min: 0.0, Avg: 0.0, Max: 0.0, Diff: 0.0, Sum: 0.1]
      [GC Worker Total (ms): Min: 34.9, Avg: 34.9, Max: 34.9, Diff: 0.0, Sum: 69.8]
      [GC Worker End (ms): Min: 29442.4, Avg: 29442.4, Max: 29442.4, Diff: 0.0]
   [Code Root Fixup: 0.0 ms]
   [Code Root Migration: 0.0 ms]
   [Clear CT: 0.1 ms]
   [Other: 0.4 ms]
      [Choose CSet: 0.0 ms]
      [Ref Proc: 0.1 ms]
      [Ref Enq: 0.0 ms]
      [Free CSet: 0.2 ms]
   [Eden: 115.0M(115.0M)->0.0B(126.0M) Survivors: 7168.0K->16.0M Heap: 356.6M(512.0M)->290.5M(512.0M)]
 [Times: user=0.06 sys=0.00, real=0.04 secs] 
2014-07-10T12:28:36.270+0200: 29.444: [GC remark 29.444: [GC ref-proc, 0.0000620 secs], 0.0010621 secs]
 [Times: user=0.00 sys=0.00, real=0.00 secs] 
2014-07-10T12:28:36.350+0200: 29.524: [GC cleanup 367M->194M(512M), 0.0025953 secs]
 [Times: user=0.00 sys=0.00, real=0.00 secs] 
2014-07-10T12:28:36.352+0200: 29.527: [GC concurrent-cleanup-start]
2014-07-10T12:28:36.353+0200: 29.527: [GC concurrent-cleanup-end, 0.0006614 secs]
2014-07-10T12:28:36.391+0200: 29.565: [GC pause (G1 Evacuation Pause) (young), 0.0316431 secs]
   [Parallel Time: 30.9 ms, GC Workers: 2]
      [GC Worker Start (ms): Min: 29564.9, Avg: 29564.9, Max: 29564.9, Diff: 0.0]
      [Ext Root Scanning (ms): Min: 0.3, Avg: 0.3, Max: 0.3, Diff: 0.0, Sum: 0.6]
      [Update RS (ms): Min: 0.0, Avg: 0.1, Max: 0.1, Diff: 0.1, Sum: 0.1]
         [Processed Buffers: Min: 1, Avg: 1.5, Max: 2, Diff: 1, Sum: 3]
      [Scan RS (ms): Min: 0.2, Avg: 0.2, Max: 0.3, Diff: 0.1, Sum: 0.5]
      [Code Root Scanning (ms): Min: 0.1, Avg: 0.1, Max: 0.1, Diff: 0.0, Sum: 0.2]
      [Object Copy (ms): Min: 30.1, Avg: 30.1, Max: 30.2, Diff: 0.0, Sum: 60.3]
      [Termination (ms): Min: 0.0, Avg: 0.0, Max: 0.0, Diff: 0.0, Sum: 0.0]
      [GC Worker Other (ms): Min: 0.0, Avg: 0.0, Max: 0.0, Diff: 0.0, Sum: 0.1]
      [GC Worker Total (ms): Min: 30.9, Avg: 30.9, Max: 30.9, Diff: 0.0, Sum: 61.8]
      [GC Worker End (ms): Min: 29595.8, Avg: 29595.8, Max: 29595.8, Diff: 0.0]
   [Code Root Fixup: 0.0 ms]
   [Code Root Migration: 0.0 ms]
   [Clear CT: 0.2 ms]
   [Other: 0.5 ms]
      [Choose CSet: 0.0 ms]
      [Ref Proc: 0.1 ms]
      [Ref Enq: 0.0 ms]
      [Free CSet: 0.2 ms]
   [Eden: 126.0M(126.0M)->0.0B(117.0M) Survivors: 16.0M->18.0M Heap: 243.5M(512.0M)->150.6M(512.0M)]
 [Times: user=0.06 sys=0.00, real=0.03 secs] 
2014-07-10T12:28:36.479+0200: 29.653: [GC pause (G1 Evacuation Pause) (mixed), 0.0227931 secs]
   [Parallel Time: 21.9 ms, GC Workers: 2]
      [GC Worker Start (ms): Min: 29652.9, Avg: 29652.9, Max: 29652.9, Diff: 0.0]
      [Ext Root Scanning (ms): Min: 0.3, Avg: 0.3, Max: 0.3, Diff: 0.0, Sum: 0.7]
      [Update RS (ms): Min: 0.0, Avg: 0.1, Max: 0.1, Diff: 0.0, Sum: 0.1]
         [Processed Buffers: Min: 1, Avg: 1.5, Max: 2, Diff: 1, Sum: 3]
      [Scan RS (ms): Min: 0.2, Avg: 0.3, Max: 0.3, Diff: 0.0, Sum: 0.5]
      [Code Root Scanning (ms): Min: 0.1, Avg: 0.1, Max: 0.1, Diff: 0.0, Sum: 0.2]
      [Object Copy (ms): Min: 21.1, Avg: 21.1, Max: 21.1, Diff: 0.0, Sum: 42.2]
      [Termination (ms): Min: 0.0, Avg: 0.0, Max: 0.0, Diff: 0.0, Sum: 0.0]
      [GC Worker Other (ms): Min: 0.0, Avg: 0.0, Max: 0.0, Diff: 0.0, Sum: 0.1]
      [GC Worker Total (ms): Min: 21.9, Avg: 21.9, Max: 21.9, Diff: 0.0, Sum: 43.8]
      [GC Worker End (ms): Min: 29674.8, Avg: 29674.8, Max: 29674.8, Diff: 0.0]
   [Code Root Fixup: 0.0 ms]
   [Code Root Migration: 0.0 ms]
   [Clear CT: 0.2 ms]
   [Other: 0.6 ms]
      [Choose CSet: 0.0 ms]
      [Ref Proc: 0.2 ms]
      [Ref Enq: 0.0 ms]
      [Free CSet: 0.3 ms]
   [Eden: 117.0M(117.0M)->0.0B(139.0M) Survivors: 18.0M->17.0M Heap: 267.6M(512.0M)->158.5M(512.0M)]
 [Times: user=0.03 sys=0.00, real=0.02 secs] 
2014-07-10T12:28:36.603+0200: 29.777: [GC pause (G1 Evacuation Pause) (mixed), 0.0215961 secs]
   [Parallel Time: 20.9 ms, GC Workers: 2]
      [GC Worker Start (ms): Min: 29777.2, Avg: 29777.2, Max: 29777.2, Diff: 0.0]
      [Ext Root Scanning (ms): Min: 0.4, Avg: 0.4, Max: 0.4, Diff: 0.0, Sum: 0.7]
      [Update RS (ms): Min: 0.1, Avg: 0.1, Max: 0.1, Diff: 0.0, Sum: 0.1]
         [Processed Buffers: Min: 1, Avg: 2.0, Max: 3, Diff: 2, Sum: 4]
      [Scan RS (ms): Min: 0.3, Avg: 0.3, Max: 0.3, Diff: 0.0, Sum: 0.5]
      [Code Root Scanning (ms): Min: 0.1, Avg: 0.1, Max: 0.1, Diff: 0.0, Sum: 0.2]
      [Object Copy (ms): Min: 20.0, Avg: 20.0, Max: 20.0, Diff: 0.0, Sum: 40.0]
      [Termination (ms): Min: 0.0, Avg: 0.0, Max: 0.0, Diff: 0.0, Sum: 0.0]
      [GC Worker Other (ms): Min: 0.0, Avg: 0.0, Max: 0.0, Diff: 0.0, Sum: 0.1]
      [GC Worker Total (ms): Min: 20.8, Avg: 20.8, Max: 20.8, Diff: 0.0, Sum: 41.7]
      [GC Worker End (ms): Min: 29798.0, Avg: 29798.0, Max: 29798.0, Diff: 0.0]
   [Code Root Fixup: 0.0 ms]
   [Code Root Migration: 0.0 ms]
   [Clear CT: 0.2 ms]
   [Other: 0.5 ms]
      [Choose CSet: 0.0 ms]
      [Ref Proc: 0.1 ms]
      [Ref Enq: 0.0 ms]
      [Free CSet: 0.2 ms]
   [Eden: 139.0M(139.0M)->0.0B(132.0M) Survivors: 17.0M->20.0M Heap: 297.5M(512.0M)->171.3M(512.0M)]
 [Times: user=0.00 sys=0.00, real=0.02 secs] 
2014-07-10T12:28:36.770+0200: 29.944: [GC pause (G1 Evacuation Pause) (young), 0.0216320 secs]
   [Parallel Time: 21.0 ms, GC Workers: 2]
      [GC Worker Start (ms): Min: 29944.0, Avg: 29944.0, Max: 29944.0, Diff: 0.0]
      [Ext Root Scanning (ms): Min: 0.3, Avg: 0.3, Max: 0.3, Diff: 0.0, Sum: 0.7]
      [Update RS (ms): Min: 0.1, Avg: 0.1, Max: 0.1, Diff: 0.0, Sum: 0.1]
         [Processed Buffers: Min: 1, Avg: 1.5, Max: 2, Diff: 1, Sum: 3]
      [Scan RS (ms): Min: 0.2, Avg: 0.3, Max: 0.3, Diff: 0.0, Sum: 0.5]
      [Code Root Scanning (ms): Min: 0.1, Avg: 0.1, Max: 0.1, Diff: 0.0, Sum: 0.2]
      [Object Copy (ms): Min: 20.2, Avg: 20.2, Max: 20.2, Diff: 0.0, Sum: 40.4]
      [Termination (ms): Min: 0.0, Avg: 0.0, Max: 0.0, Diff: 0.0, Sum: 0.0]
      [GC Worker Other (ms): Min: 0.0, Avg: 0.0, Max: 0.0, Diff: 0.0, Sum: 0.1]
      [GC Worker Total (ms): Min: 21.0, Avg: 21.0, Max: 21.0, Diff: 0.0, Sum: 41.9]
      [GC Worker End (ms): Min: 29965.0, Avg: 29965.0, Max: 29965.0, Diff: 0.0]
   [Code Root Fixup: 0.0 ms]
   [Code Root Migration: 0.0 ms]
   [Clear CT: 0.1 ms]
   [Other: 0.5 ms]
      [Choose CSet: 0.0 ms]
      [Ref Proc: 0.1 ms]
      [Ref Enq: 0.0 ms]
      [Free CSet: 0.3 ms]
   [Eden: 132.0M(132.0M)->0.0B(120.0M) Survivors: 20.0M->19.0M Heap: 303.3M(512.0M)->183.8M(512.0M)]
 [Times: user=0.06 sys=0.00, real=0.02 secs] 
2014-07-10T12:28:36.866+0200: 30.040: [GC pause (G1 Evacuation Pause) (young), 0.0134849 secs]
   [Parallel Time: 12.9 ms, GC Workers: 2]
      [GC Worker Start (ms): Min: 30040.2, Avg: 30040.2, Max: 30040.2, Diff: 0.0]
      [Ext Root Scanning (ms): Min: 0.2, Avg: 0.2, Max: 0.2, Diff: 0.0, Sum: 0.5]
      [Update RS (ms): Min: 0.0, Avg: 0.0, Max: 0.1, Diff: 0.0, Sum: 0.1]
         [Processed Buffers: Min: 1, Avg: 1.5, Max: 2, Diff: 1, Sum: 3]
      [Scan RS (ms): Min: 0.2, Avg: 0.2, Max: 0.2, Diff: 0.0, Sum: 0.4]
      [Code Root Scanning (ms): Min: 0.1, Avg: 0.1, Max: 0.1, Diff: 0.0, Sum: 0.2]
      [Object Copy (ms): Min: 12.2, Avg: 12.2, Max: 12.2, Diff: 0.0, Sum: 24.5]
      [Termination (ms): Min: 0.0, Avg: 0.0, Max: 0.0, Diff: 0.0, Sum: 0.0]
      [GC Worker Other (ms): Min: 0.0, Avg: 0.0, Max: 0.0, Diff: 0.0, Sum: 0.1]
      [GC Worker Total (ms): Min: 12.8, Avg: 12.8, Max: 12.8, Diff: 0.0, Sum: 25.7]
      [GC Worker End (ms): Min: 30053.0, Avg: 30053.0, Max: 30053.0, Diff: 0.0]
   [Code Root Fixup: 0.0 ms]
   [Code Root Migration: 0.0 ms]
   [Clear CT: 0.1 ms]
   [Other: 0.5 ms]
      [Choose CSet: 0.0 ms]
      [Ref Proc: 0.1 ms]
      [Ref Enq: 0.0 ms]
      [Free CSet: 0.3 ms]
   [Eden: 120.0M(120.0M)->0.0B(125.0M) Survivors: 19.0M->18.0M Heap: 303.8M(512.0M)->185.3M(512.0M)]
 [Times: user=0.03 sys=0.00, real=0.01 secs] 
2014-07-10T12:28:37.004+0200: 30.178: [GC pause (G1 Evacuation Pause) (young), 0.0039933 secs]
   [Parallel Time: 3.3 ms, GC Workers: 2]
      [GC Worker Start (ms): Min: 30178.0, Avg: 30178.0, Max: 30178.0, Diff: 0.0]
      [Ext Root Scanning (ms): Min: 0.3, Avg: 0.3, Max: 0.3, Diff: 0.0, Sum: 0.7]
      [Update RS (ms): Min: 0.1, Avg: 0.1, Max: 0.1, Diff: 0.0, Sum: 0.1]
         [Processed Buffers: Min: 2, Avg: 2.0, Max: 2, Diff: 0, Sum: 4]
      [Scan RS (ms): Min: 0.3, Avg: 0.3, Max: 0.3, Diff: 0.0, Sum: 0.5]
      [Code Root Scanning (ms): Min: 0.1, Avg: 0.1, Max: 0.1, Diff: 0.0, Sum: 0.2]
      [Object Copy (ms): Min: 2.5, Avg: 2.5, Max: 2.5, Diff: 0.0, Sum: 5.0]
      [Termination (ms): Min: 0.0, Avg: 0.0, Max: 0.0, Diff: 0.0, Sum: 0.0]
      [GC Worker Other (ms): Min: 0.0, Avg: 0.0, Max: 0.0, Diff: 0.0, Sum: 0.1]
      [GC Worker Total (ms): Min: 3.3, Avg: 3.3, Max: 3.3, Diff: 0.0, Sum: 6.6]
      [GC Worker End (ms): Min: 30181.3, Avg: 30181.3, Max: 30181.3, Diff: 0.0]
   [Code Root Fixup: 0.0 ms]
   [Code Root Migration: 0.0 ms]
   [Clear CT: 0.1 ms]
   [Other: 0.5 ms]
      [Choose CSet: 0.0 ms]
      [Ref Proc: 0.1 ms]
      [Ref Enq: 0.0 ms]
      [Free CSet: 0.3 ms]
   [Eden: 125.0M(125.0M)->0.0B(115.0M) Survivors: 18.0M->5120.0K Heap: 310.3M(512.0M)->171.5M(512.0M)]
 [Times: user=0.02 sys=0.00, real=0.00 secs] 
2014-07-10T12:28:37.076+0200: 30.251: [GC pause (G1 Evacuation Pause) (young), 0.0291885 secs]
   [Parallel Time: 28.6 ms, GC Workers: 2]
      [GC Worker Start (ms): Min: 30250.6, Avg: 30250.6, Max: 30250.6, Diff: 0.0]
      [Ext Root Scanning (ms): Min: 0.5, Avg: 0.5, Max: 0.5, Diff: 0.0, Sum: 1.0]
      [Update RS (ms): Min: 0.1, Avg: 0.1, Max: 0.1, Diff: 0.0, Sum: 0.1]
         [Processed Buffers: Min: 1, Avg: 2.0, Max: 3, Diff: 2, Sum: 4]
      [Scan RS (ms): Min: 0.2, Avg: 0.2, Max: 0.2, Diff: 0.0, Sum: 0.4]
      [Code Root Scanning (ms): Min: 0.1, Avg: 0.1, Max: 0.1, Diff: 0.0, Sum: 0.2]
      [Object Copy (ms): Min: 27.7, Avg: 27.7, Max: 27.7, Diff: 0.0, Sum: 55.4]
      [Termination (ms): Min: 0.0, Avg: 0.0, Max: 0.0, Diff: 0.0, Sum: 0.0]
      [GC Worker Other (ms): Min: 0.0, Avg: 0.0, Max: 0.0, Diff: 0.0, Sum: 0.1]
      [GC Worker Total (ms): Min: 28.6, Avg: 28.6, Max: 28.6, Diff: 0.0, Sum: 57.1]
      [GC Worker End (ms): Min: 30279.2, Avg: 30279.2, Max: 30279.2, Diff: 0.0]
   [Code Root Fixup: 0.0 ms]
   [Code Root Migration: 0.0 ms]
   [Clear CT: 0.1 ms]
   [Other: 0.5 ms]
      [Choose CSet: 0.0 ms]
      [Ref Proc: 0.1 ms]
      [Ref Enq: 0.0 ms]
      [Free CSet: 0.2 ms]
   [Eden: 115.0M(115.0M)->0.0B(124.0M) Survivors: 5120.0K->15.0M Heap: 286.5M(512.0M)->212.4M(512.0M)]
 [Times: user=0.06 sys=0.00, real=0.03 secs] 
2014-07-10T12:28:37.206+0200: 30.380: [GC pause (G1 Evacuation Pause) (young), 0.0242699 secs]
   [Parallel Time: 23.7 ms, GC Workers: 2]
      [GC Worker Start (ms): Min: 30380.2, Avg: 30380.2, Max: 30380.2, Diff: 0.0]
      [Ext Root Scanning (ms): Min: 0.3, Avg: 0.3, Max: 0.3, Diff: 0.0, Sum: 0.7]
      [Update RS (ms): Min: 0.1, Avg: 0.1, Max: 0.1, Diff: 0.0, Sum: 0.2]
         [Processed Buffers: Min: 1, Avg: 1.5, Max: 2, Diff: 1, Sum: 3]
      [Scan RS (ms): Min: 0.2, Avg: 0.2, Max: 0.3, Diff: 0.0, Sum: 0.5]
      [Code Root Scanning (ms): Min: 0.1, Avg: 0.1, Max: 0.1, Diff: 0.0, Sum: 0.2]
      [Object Copy (ms): Min: 22.8, Avg: 22.8, Max: 22.8, Diff: 0.0, Sum: 45.7]
      [Termination (ms): Min: 0.0, Avg: 0.0, Max: 0.0, Diff: 0.0, Sum: 0.0]
      [GC Worker Other (ms): Min: 0.0, Avg: 0.0, Max: 0.0, Diff: 0.0, Sum: 0.1]
      [GC Worker Total (ms): Min: 23.6, Avg: 23.6, Max: 23.6, Diff: 0.0, Sum: 47.2]
      [GC Worker End (ms): Min: 30403.8, Avg: 30403.8, Max: 30403.8, Diff: 0.0]
   [Code Root Fixup: 0.0 ms]
   [Code Root Migration: 0.0 ms]
   [Clear CT: 0.1 ms]
   [Other: 0.5 ms]
      [Choose CSet: 0.0 ms]
      [Ref Proc: 0.1 ms]
      [Ref Enq: 0.0 ms]
      [Free CSet: 0.3 ms]
   [Eden: 124.0M(124.0M)->0.0B(119.0M) Survivors: 15.0M->18.0M Heap: 336.4M(512.0M)->234.4M(512.0M)]
 [Times: user=0.06 sys=0.00, real=0.02 secs] 
2014-07-10T12:28:37.374+0200: 30.549: [GC pause (G1 Evacuation Pause) (young), 0.0222010 secs]
   [Parallel Time: 21.5 ms, GC Workers: 2]
      [GC Worker Start (ms): Min: 30548.7, Avg: 30548.7, Max: 30548.7, Diff: 0.0]
      [Ext Root Scanning (ms): Min: 0.6, Avg: 0.6, Max: 0.6, Diff: 0.1, Sum: 1.2]
      [Update RS (ms): Min: 0.1, Avg: 0.2, Max: 0.2, Diff: 0.1, Sum: 0.3]
         [Processed Buffers: Min: 1, Avg: 1.5, Max: 2, Diff: 1, Sum: 3]
      [Scan RS (ms): Min: 0.4, Avg: 0.4, Max: 0.4, Diff: 0.0, Sum: 0.8]
      [Code Root Scanning (ms): Min: 0.1, Avg: 0.1, Max: 0.1, Diff: 0.0, Sum: 0.3]
      [Object Copy (ms): Min: 20.1, Avg: 20.1, Max: 20.1, Diff: 0.0, Sum: 40.2]
      [Termination (ms): Min: 0.0, Avg: 0.0, Max: 0.0, Diff: 0.0, Sum: 0.0]
      [GC Worker Other (ms): Min: 0.0, Avg: 0.1, Max: 0.1, Diff: 0.1, Sum: 0.2]
      [GC Worker Total (ms): Min: 21.5, Avg: 21.5, Max: 21.5, Diff: 0.0, Sum: 43.0]
      [GC Worker End (ms): Min: 30570.2, Avg: 30570.2, Max: 30570.2, Diff: 0.0]
   [Code Root Fixup: 0.0 ms]
   [Code Root Migration: 0.0 ms]
   [Clear CT: 0.1 ms]
   [Other: 0.5 ms]
      [Choose CSet: 0.0 ms]
      [Ref Proc: 0.1 ms]
      [Ref Enq: 0.0 ms]
      [Free CSet: 0.3 ms]
   [Eden: 119.0M(119.0M)->0.0B(108.0M) Survivors: 18.0M->18.0M Heap: 353.4M(512.0M)->240.2M(512.0M)]
 [Times: user=0.03 sys=0.00, real=0.02 secs] 
2014-07-10T12:28:37.456+0200: 30.630: [GC pause (G1 Evacuation Pause) (young), 0.0414877 secs]
   [Parallel Time: 40.9 ms, GC Workers: 2]
      [GC Worker Start (ms): Min: 30630.3, Avg: 30630.3, Max: 30630.3, Diff: 0.0]
      [Ext Root Scanning (ms): Min: 0.3, Avg: 0.3, Max: 0.3, Diff: 0.0, Sum: 0.7]
      [Update RS (ms): Min: 0.0, Avg: 0.0, Max: 0.0, Diff: 0.0, Sum: 0.1]
         [Processed Buffers: Min: 1, Avg: 1.5, Max: 2, Diff: 1, Sum: 3]
      [Scan RS (ms): Min: 0.2, Avg: 0.2, Max: 0.2, Diff: 0.0, Sum: 0.4]
      [Code Root Scanning (ms): Min: 0.1, Avg: 0.1, Max: 0.1, Diff: 0.0, Sum: 0.2]
      [Object Copy (ms): Min: 40.2, Avg: 40.2, Max: 40.2, Diff: 0.0, Sum: 80.4]
      [Termination (ms): Min: 0.0, Avg: 0.0, Max: 0.0, Diff: 0.0, Sum: 0.0]
      [GC Worker Other (ms): Min: 0.0, Avg: 0.0, Max: 0.0, Diff: 0.0, Sum: 0.1]
      [GC Worker Total (ms): Min: 40.9, Avg: 40.9, Max: 40.9, Diff: 0.0, Sum: 81.8]
      [GC Worker End (ms): Min: 30671.2, Avg: 30671.2, Max: 30671.2, Diff: 0.0]
   [Code Root Fixup: 0.0 ms]
   [Code Root Migration: 0.0 ms]
   [Clear CT: 0.1 ms]
   [Other: 0.4 ms]
      [Choose CSet: 0.0 ms]
      [Ref Proc: 0.0 ms]
      [Ref Enq: 0.0 ms]
      [Free CSet: 0.2 ms]
   [Eden: 108.0M(108.0M)->0.0B(125.0M) Survivors: 18.0M->16.0M Heap: 348.2M(512.0M)->287.9M(512.0M)]
 [Times: user=0.09 sys=0.00, real=0.04 secs] 
2014-07-10T12:28:37.582+0200: 30.757: [GC pause (G1 Evacuation Pause) (young) (initial-mark), 0.0322158 secs]
   [Parallel Time: 31.3 ms, GC Workers: 2]
      [GC Worker Start (ms): Min: 30756.8, Avg: 30756.8, Max: 30756.8, Diff: 0.0]
      [Ext Root Scanning (ms): Min: 0.3, Avg: 0.3, Max: 0.3, Diff: 0.0, Sum: 0.6]
      [Code Root Marking (ms): Min: 0.1, Avg: 0.1, Max: 0.1, Diff: 0.0, Sum: 0.1]
      [Update RS (ms): Min: 0.0, Avg: 0.0, Max: 0.1, Diff: 0.0, Sum: 0.1]
         [Processed Buffers: Min: 2, Avg: 2.0, Max: 2, Diff: 0, Sum: 4]
      [Scan RS (ms): Min: 0.2, Avg: 0.2, Max: 0.2, Diff: 0.0, Sum: 0.4]
      [Code Root Scanning (ms): Min: 0.1, Avg: 0.1, Max: 0.1, Diff: 0.0, Sum: 0.2]
      [Object Copy (ms): Min: 30.6, Avg: 30.6, Max: 30.6, Diff: 0.0, Sum: 61.2]
      [Termination (ms): Min: 0.0, Avg: 0.0, Max: 0.0, Diff: 0.0, Sum: 0.0]
      [GC Worker Other (ms): Min: 0.0, Avg: 0.0, Max: 0.0, Diff: 0.0, Sum: 0.1]
      [GC Worker Total (ms): Min: 31.3, Avg: 31.3, Max: 31.3, Diff: 0.0, Sum: 62.6]
      [GC Worker End (ms): Min: 30788.1, Avg: 30788.1, Max: 30788.1, Diff: 0.0]
   [Code Root Fixup: 0.0 ms]
   [Code Root Migration: 0.0 ms]
   [Clear CT: 0.3 ms]
   [Other: 0.5 ms]
      [Choose CSet: 0.0 ms]
      [Ref Proc: 0.0 ms]
      [Ref Enq: 0.0 ms]
      [Free CSet: 0.3 ms]
   [Eden: 125.0M(125.0M)->0.0B(125.0M) Survivors: 16.0M->18.0M Heap: 412.9M(512.0M)->322.5M(512.0M)]
 [Times: user=0.06 sys=0.00, real=0.03 secs] 
2014-07-10T12:28:37.615+0200: 30.789: [GC concurrent-root-region-scan-start]
2014-07-10T12:28:37.615+0200: 30.790: [GC concurrent-root-region-scan-end, 0.0005001 secs]
2014-07-10T12:28:37.615+0200: 30.790: [GC concurrent-mark-start]
2014-07-10T12:28:37.677+0200: 30.851: [GC pause (G1 Evacuation Pause) (young)2014-07-10T12:28:37.705+0200: 30.879: [GC concurrent-mark-end, 0.0053091 secs]
, 0.0290052 secs]
   [Parallel Time: 27.7 ms, GC Workers: 2]
      [GC Worker Start (ms): Min: 30850.9, Avg: 30850.9, Max: 30850.9, Diff: 0.0]
      [Ext Root Scanning (ms): Min: 0.5, Avg: 0.5, Max: 0.5, Diff: 0.0, Sum: 1.0]
      [SATB Filtering (ms): Min: 0.0, Avg: 0.0, Max: 0.0, Diff: 0.0, Sum: 0.0]
      [Update RS (ms): Min: 0.0, Avg: 0.1, Max: 0.1, Diff: 0.0, Sum: 0.1]
         [Processed Buffers: Min: 1, Avg: 1.5, Max: 2, Diff: 1, Sum: 3]
      [Scan RS (ms): Min: 0.2, Avg: 0.2, Max: 0.2, Diff: 0.0, Sum: 0.5]
      [Code Root Scanning (ms): Min: 0.1, Avg: 0.1, Max: 0.1, Diff: 0.0, Sum: 0.2]
      [Object Copy (ms): Min: 26.8, Avg: 26.8, Max: 26.8, Diff: 0.0, Sum: 53.5]
      [Termination (ms): Min: 0.0, Avg: 0.0, Max: 0.0, Diff: 0.0, Sum: 0.0]
      [GC Worker Other (ms): Min: 0.0, Avg: 0.0, Max: 0.0, Diff: 0.0, Sum: 0.1]
      [GC Worker Total (ms): Min: 27.7, Avg: 27.7, Max: 27.7, Diff: 0.0, Sum: 55.4]
      [GC Worker End (ms): Min: 30878.6, Avg: 30878.6, Max: 30878.6, Diff: 0.0]
   [Code Root Fixup: 0.0 ms]
   [Code Root Migration: 0.0 ms]
   [Clear CT: 0.1 ms]
   [Other: 1.2 ms]
      [Choose CSet: 0.0 ms]
      [Ref Proc: 0.8 ms]
      [Ref Enq: 0.0 ms]
      [Free CSet: 0.2 ms]
   [Eden: 125.0M(125.0M)->0.0B(141.0M) Survivors: 18.0M->18.0M Heap: 447.5M(512.0M)->347.9M(512.0M)]
 [Times: user=0.05 sys=0.00, real=0.03 secs] 
2014-07-10T12:28:37.727+0200: 30.901: [GC remark 30.901: [GC ref-proc, 0.0000554 secs], 0.0012388 secs]
 [Times: user=0.00 sys=0.00, real=0.00 secs] 
2014-07-10T12:28:37.808+0200: 30.982: [GC cleanup 480M->269M(512M), 0.0016575 secs]
 [Times: user=0.00 sys=0.00, real=0.00 secs] 
2014-07-10T12:28:37.809+0200: 30.984: [GC concurrent-cleanup-start]
2014-07-10T12:28:37.810+0200: 30.984: [GC concurrent-cleanup-end, 0.0003952 secs]
2014-07-10T12:28:37.817+0200: 30.992: [GC pause (G1 Evacuation Pause) (young), 0.0339154 secs]
   [Parallel Time: 33.1 ms, GC Workers: 2]
      [GC Worker Start (ms): Min: 30991.6, Avg: 30991.6, Max: 30991.6, Diff: 0.0]
      [Ext Root Scanning (ms): Min: 0.4, Avg: 0.4, Max: 0.4, Diff: 0.0, Sum: 0.8]
      [Update RS (ms): Min: 0.0, Avg: 0.1, Max: 0.1, Diff: 0.1, Sum: 0.1]
         [Processed Buffers: Min: 1, Avg: 1.5, Max: 2, Diff: 1, Sum: 3]
      [Scan RS (ms): Min: 0.2, Avg: 0.2, Max: 0.3, Diff: 0.0, Sum: 0.5]
      [Code Root Scanning (ms): Min: 0.1, Avg: 0.1, Max: 0.1, Diff: 0.0, Sum: 0.2]
      [Object Copy (ms): Min: 32.3, Avg: 32.3, Max: 32.3, Diff: 0.0, Sum: 64.6]
      [Termination (ms): Min: 0.0, Avg: 0.0, Max: 0.0, Diff: 0.0, Sum: 0.0]
      [GC Worker Other (ms): Min: 0.0, Avg: 0.0, Max: 0.0, Diff: 0.0, Sum: 0.1]
      [GC Worker Total (ms): Min: 33.1, Avg: 33.1, Max: 33.1, Diff: 0.0, Sum: 66.2]
      [GC Worker End (ms): Min: 31024.7, Avg: 31024.7, Max: 31024.7, Diff: 0.0]
   [Code Root Fixup: 0.0 ms]
   [Code Root Migration: 0.0 ms]
   [Clear CT: 0.2 ms]
   [Other: 0.5 ms]
      [Choose CSet: 0.0 ms]
      [Ref Proc: 0.1 ms]
      [Ref Enq: 0.0 ms]
      [Free CSet: 0.3 ms]
   [Eden: 141.0M(141.0M)->0.0B(133.0M) Survivors: 18.0M->20.0M Heap: 277.9M(512.0M)->171.2M(512.0M)]
 [Times: user=0.08 sys=0.00, real=0.03 secs] 
2014-07-10T12:28:37.998+0200: 31.173: [GC pause (G1 Evacuation Pause) (mixed), 0.0362237 secs]
   [Parallel Time: 35.6 ms, GC Workers: 2]
      [GC Worker Start (ms): Min: 31172.7, Avg: 31172.7, Max: 31172.7, Diff: 0.0]
      [Ext Root Scanning (ms): Min: 0.3, Avg: 0.4, Max: 0.4, Diff: 0.0, Sum: 0.7]
      [Update RS (ms): Min: 0.0, Avg: 0.0, Max: 0.0, Diff: 0.0, Sum: 0.1]
         [Processed Buffers: Min: 1, Avg: 1.5, Max: 2, Diff: 1, Sum: 3]
      [Scan RS (ms): Min: 0.3, Avg: 0.3, Max: 0.3, Diff: 0.0, Sum: 0.6]
      [Code Root Scanning (ms): Min: 0.1, Avg: 0.1, Max: 0.1, Diff: 0.0, Sum: 0.2]
      [Object Copy (ms): Min: 33.1, Avg: 34.0, Max: 34.8, Diff: 1.7, Sum: 68.0]
      [Termination (ms): Min: 0.0, Avg: 0.8, Max: 1.7, Diff: 1.7, Sum: 1.7]
      [GC Worker Other (ms): Min: 0.0, Avg: 0.0, Max: 0.0, Diff: 0.0, Sum: 0.1]
      [GC Worker Total (ms): Min: 35.6, Avg: 35.6, Max: 35.6, Diff: 0.0, Sum: 71.2]
      [GC Worker End (ms): Min: 31208.3, Avg: 31208.3, Max: 31208.3, Diff: 0.0]
   [Code Root Fixup: 0.0 ms]
   [Code Root Migration: 0.0 ms]
   [Clear CT: 0.1 ms]
   [Other: 0.4 ms]
      [Choose CSet: 0.0 ms]
      [Ref Proc: 0.0 ms]
      [Ref Enq: 0.0 ms]
      [Free CSet: 0.2 ms]
   [Eden: 133.0M(133.0M)->0.0B(120.0M) Survivors: 20.0M->20.0M Heap: 304.2M(512.0M)->196.5M(512.0M)]
 [Times: user=0.06 sys=0.00, real=0.04 secs] 
2014-07-10T12:28:38.092+0200: 31.266: [GC pause (G1 Evacuation Pause) (mixed), 0.0193769 secs]
   [Parallel Time: 18.8 ms, GC Workers: 2]
      [GC Worker Start (ms): Min: 31266.1, Avg: 31266.1, Max: 31266.1, Diff: 0.0]
      [Ext Root Scanning (ms): Min: 0.3, Avg: 0.3, Max: 0.3, Diff: 0.0, Sum: 0.6]
      [Update RS (ms): Min: 0.1, Avg: 0.1, Max: 0.1, Diff: 0.1, Sum: 0.2]
         [Processed Buffers: Min: 1, Avg: 2.0, Max: 3, Diff: 2, Sum: 4]
      [Scan RS (ms): Min: 0.2, Avg: 0.2, Max: 0.2, Diff: 0.0, Sum: 0.5]
      [Code Root Scanning (ms): Min: 0.1, Avg: 0.1, Max: 0.1, Diff: 0.0, Sum: 0.2]
      [Object Copy (ms): Min: 17.8, Avg: 17.9, Max: 18.0, Diff: 0.1, Sum: 35.8]
      [Termination (ms): Min: 0.0, Avg: 0.1, Max: 0.2, Diff: 0.2, Sum: 0.2]
      [GC Worker Other (ms): Min: 0.0, Avg: 0.0, Max: 0.0, Diff: 0.0, Sum: 0.1]
      [GC Worker Total (ms): Min: 18.7, Avg: 18.7, Max: 18.8, Diff: 0.1, Sum: 37.5]
      [GC Worker End (ms): Min: 31284.8, Avg: 31284.8, Max: 31284.9, Diff: 0.1]
   [Code Root Fixup: 0.0 ms]
   [Code Root Migration: 0.0 ms]
   [Clear CT: 0.1 ms]
   [Other: 0.4 ms]
      [Choose CSet: 0.0 ms]
      [Ref Proc: 0.1 ms]
      [Ref Enq: 0.0 ms]
      [Free CSet: 0.2 ms]
   [Eden: 120.0M(120.0M)->0.0B(141.0M) Survivors: 20.0M->18.0M Heap: 316.5M(512.0M)->204.4M(512.0M)]
 [Times: user=0.03 sys=0.00, real=0.02 secs] 
2014-07-10T12:28:38.218+0200: 31.392: [GC pause (G1 Evacuation Pause) (young), 0.0240547 secs]
   [Parallel Time: 23.4 ms, GC Workers: 2]
      [GC Worker Start (ms): Min: 31392.4, Avg: 31392.4, Max: 31392.4, Diff: 0.0]
      [Ext Root Scanning (ms): Min: 0.2, Avg: 0.2, Max: 0.2, Diff: 0.0, Sum: 0.5]
      [Update RS (ms): Min: 0.0, Avg: 0.0, Max: 0.1, Diff: 0.0, Sum: 0.1]
         [Processed Buffers: Min: 1, Avg: 1.5, Max: 2, Diff: 1, Sum: 3]
      [Scan RS (ms): Min: 0.3, Avg: 0.3, Max: 0.4, Diff: 0.1, Sum: 0.6]
      [Code Root Scanning (ms): Min: 0.1, Avg: 0.1, Max: 0.1, Diff: 0.0, Sum: 0.2]
      [Object Copy (ms): Min: 22.6, Avg: 22.6, Max: 22.6, Diff: 0.0, Sum: 45.2]
      [Termination (ms): Min: 0.0, Avg: 0.0, Max: 0.0, Diff: 0.0, Sum: 0.0]
      [GC Worker Other (ms): Min: 0.0, Avg: 0.0, Max: 0.0, Diff: 0.0, Sum: 0.1]
      [GC Worker Total (ms): Min: 23.3, Avg: 23.3, Max: 23.3, Diff: 0.0, Sum: 46.7]
      [GC Worker End (ms): Min: 31415.7, Avg: 31415.7, Max: 31415.7, Diff: 0.0]
   [Code Root Fixup: 0.0 ms]
   [Code Root Migration: 0.0 ms]
   [Clear CT: 0.1 ms]
   [Other: 0.5 ms]
      [Choose CSet: 0.0 ms]
      [Ref Proc: 0.1 ms]
      [Ref Enq: 0.0 ms]
      [Free CSet: 0.3 ms]
   [Eden: 141.0M(141.0M)->0.0B(133.0M) Survivors: 18.0M->20.0M Heap: 345.4M(512.0M)->224.3M(512.0M)]
 [Times: user=0.06 sys=0.00, real=0.02 secs] 
2014-07-10T12:28:38.373+0200: 31.547: [GC pause (G1 Evacuation Pause) (young), 0.0253386 secs]
   [Parallel Time: 24.7 ms, GC Workers: 2]
      [GC Worker Start (ms): Min: 31547.0, Avg: 31547.0, Max: 31547.0, Diff: 0.0]
      [Ext Root Scanning (ms): Min: 0.3, Avg: 0.3, Max: 0.3, Diff: 0.0, Sum: 0.7]
      [Update RS (ms): Min: 0.0, Avg: 0.1, Max: 0.1, Diff: 0.0, Sum: 0.1]
         [Processed Buffers: Min: 1, Avg: 1.5, Max: 2, Diff: 1, Sum: 3]
      [Scan RS (ms): Min: 0.2, Avg: 0.3, Max: 0.3, Diff: 0.0, Sum: 0.5]
      [Code Root Scanning (ms): Min: 0.1, Avg: 0.1, Max: 0.1, Diff: 0.0, Sum: 0.2]
      [Object Copy (ms): Min: 23.8, Avg: 23.8, Max: 23.8, Diff: 0.0, Sum: 47.7]
      [Termination (ms): Min: 0.0, Avg: 0.0, Max: 0.0, Diff: 0.0, Sum: 0.0]
      [GC Worker Other (ms): Min: 0.0, Avg: 0.0, Max: 0.0, Diff: 0.0, Sum: 0.1]
      [GC Worker Total (ms): Min: 24.6, Avg: 24.6, Max: 24.6, Diff: 0.0, Sum: 49.2]
      [GC Worker End (ms): Min: 31571.6, Avg: 31571.6, Max: 31571.6, Diff: 0.0]
   [Code Root Fixup: 0.0 ms]
   [Code Root Migration: 0.0 ms]
   [Clear CT: 0.1 ms]
   [Other: 0.5 ms]
      [Choose CSet: 0.0 ms]
      [Ref Proc: 0.1 ms]
      [Ref Enq: 0.0 ms]
      [Free CSet: 0.3 ms]
   [Eden: 133.0M(133.0M)->0.0B(122.0M) Survivors: 20.0M->20.0M Heap: 357.3M(512.0M)->242.9M(512.0M)]
 [Times: user=0.06 sys=0.00, real=0.03 secs] 
2014-07-10T12:28:38.469+0200: 31.644: [GC pause (G1 Evacuation Pause) (young), 0.0190898 secs]
   [Parallel Time: 18.5 ms, GC Workers: 2]
      [GC Worker Start (ms): Min: 31643.7, Avg: 31643.7, Max: 31643.7, Diff: 0.0]
      [Ext Root Scanning (ms): Min: 0.4, Avg: 0.4, Max: 0.4, Diff: 0.0, Sum: 0.7]
      [Update RS (ms): Min: 0.0, Avg: 0.0, Max: 0.1, Diff: 0.0, Sum: 0.1]
         [Processed Buffers: Min: 1, Avg: 1.0, Max: 1, Diff: 0, Sum: 2]
      [Scan RS (ms): Min: 0.2, Avg: 0.2, Max: 0.2, Diff: 0.0, Sum: 0.5]
      [Code Root Scanning (ms): Min: 0.1, Avg: 0.1, Max: 0.1, Diff: 0.0, Sum: 0.2]
      [Object Copy (ms): Min: 17.7, Avg: 17.7, Max: 17.7, Diff: 0.0, Sum: 35.5]
      [Termination (ms): Min: 0.0, Avg: 0.0, Max: 0.0, Diff: 0.0, Sum: 0.0]
      [GC Worker Other (ms): Min: 0.0, Avg: 0.0, Max: 0.0, Diff: 0.0, Sum: 0.1]
      [GC Worker Total (ms): Min: 18.5, Avg: 18.5, Max: 18.5, Diff: 0.0, Sum: 37.0]
      [GC Worker End (ms): Min: 31662.1, Avg: 31662.1, Max: 31662.1, Diff: 0.0]
   [Code Root Fixup: 0.0 ms]
   [Code Root Migration: 0.0 ms]
   [Clear CT: 0.1 ms]
   [Other: 0.4 ms]
      [Choose CSet: 0.0 ms]
      [Ref Proc: 0.0 ms]
      [Ref Enq: 0.0 ms]
      [Free CSet: 0.3 ms]
   [Eden: 122.0M(122.0M)->0.0B(130.0M) Survivors: 20.0M->18.0M Heap: 364.9M(512.0M)->251.5M(512.0M)]
 [Times: user=0.03 sys=0.00, real=0.02 secs] 
2014-07-10T12:28:38.601+0200: 31.775: [GC pause (G1 Evacuation Pause) (young) (initial-mark), 0.0103363 secs]
   [Parallel Time: 9.4 ms, GC Workers: 2]
      [GC Worker Start (ms): Min: 31775.0, Avg: 31775.0, Max: 31775.0, Diff: 0.0]
      [Ext Root Scanning (ms): Min: 0.3, Avg: 0.3, Max: 0.3, Diff: 0.0, Sum: 0.6]
      [Code Root Marking (ms): Min: 0.1, Avg: 0.1, Max: 0.1, Diff: 0.0, Sum: 0.1]
      [Update RS (ms): Min: 0.0, Avg: 0.0, Max: 0.0, Diff: 0.0, Sum: 0.1]
         [Processed Buffers: Min: 1, Avg: 1.5, Max: 2, Diff: 1, Sum: 3]
      [Scan RS (ms): Min: 0.2, Avg: 0.2, Max: 0.2, Diff: 0.0, Sum: 0.4]
      [Code Root Scanning (ms): Min: 0.1, Avg: 0.1, Max: 0.1, Diff: 0.1, Sum: 0.2]
      [Object Copy (ms): Min: 8.6, Avg: 8.6, Max: 8.7, Diff: 0.0, Sum: 17.3]
      [Termination (ms): Min: 0.0, Avg: 0.0, Max: 0.0, Diff: 0.0, Sum: 0.0]
      [GC Worker Other (ms): Min: 0.0, Avg: 0.0, Max: 0.0, Diff: 0.0, Sum: 0.1]
      [GC Worker Total (ms): Min: 9.4, Avg: 9.4, Max: 9.4, Diff: 0.0, Sum: 18.8]
      [GC Worker End (ms): Min: 31784.4, Avg: 31784.4, Max: 31784.4, Diff: 0.0]
   [Code Root Fixup: 0.0 ms]
   [Code Root Migration: 0.0 ms]
   [Clear CT: 0.1 ms]
   [Other: 0.7 ms]
      [Choose CSet: 0.0 ms]
      [Ref Proc: 0.0 ms]
      [Ref Enq: 0.0 ms]
      [Free CSet: 0.5 ms]
   [Eden: 130.0M(130.0M)->0.0B(121.0M) Survivors: 18.0M->15.0M Heap: 381.5M(512.0M)->247.8M(512.0M)]
 [Times: user=0.00 sys=0.00, real=0.01 secs] 
2014-07-10T12:28:38.611+0200: 31.785: [GC concurrent-root-region-scan-start]
2014-07-10T12:28:38.611+0200: 31.786: [GC concurrent-root-region-scan-end, 0.0001386 secs]
2014-07-10T12:28:38.611+0200: 31.786: [GC concurrent-mark-start]
2014-07-10T12:28:38.690+0200: 31.864: [GC concurrent-mark-end, 0.0047474 secs]
2014-07-10T12:28:38.690+0200: 31.864: [GC remark 31.864: [GC ref-proc, 0.0000653 secs], 0.0015941 secs]
 [Times: user=0.00 sys=0.00, real=0.00 secs] 
2014-07-10T12:28:38.756+0200: 31.931: [GC pause (G1 Evacuation Pause) (young), 0.0024032 secs]
   [Parallel Time: 1.8 ms, GC Workers: 2]
      [GC Worker Start (ms): Min: 31930.7, Avg: 31930.7, Max: 31930.7, Diff: 0.0]
      [Ext Root Scanning (ms): Min: 0.2, Avg: 0.2, Max: 0.2, Diff: 0.0, Sum: 0.4]
      [SATB Filtering (ms): Min: 0.0, Avg: 0.0, Max: 0.0, Diff: 0.0, Sum: 0.0]
      [Update RS (ms): Min: 0.0, Avg: 0.0, Max: 0.1, Diff: 0.0, Sum: 0.1]
         [Processed Buffers: Min: 1, Avg: 1.5, Max: 2, Diff: 1, Sum: 3]
      [Scan RS (ms): Min: 0.2, Avg: 0.2, Max: 0.2, Diff: 0.0, Sum: 0.3]
      [Code Root Scanning (ms): Min: 0.1, Avg: 0.1, Max: 0.1, Diff: 0.0, Sum: 0.2]
      [Object Copy (ms): Min: 1.2, Avg: 1.2, Max: 1.3, Diff: 0.0, Sum: 2.5]
      [Termination (ms): Min: 0.0, Avg: 0.0, Max: 0.0, Diff: 0.0, Sum: 0.0]
      [GC Worker Other (ms): Min: 0.0, Avg: 0.0, Max: 0.0, Diff: 0.0, Sum: 0.0]
      [GC Worker Total (ms): Min: 1.8, Avg: 1.8, Max: 1.8, Diff: 0.0, Sum: 3.6]
      [GC Worker End (ms): Min: 31932.5, Avg: 31932.5, Max: 31932.5, Diff: 0.0]
   [Code Root Fixup: 0.0 ms]
   [Code Root Migration: 0.0 ms]
   [Clear CT: 0.1 ms]
   [Other: 0.4 ms]
      [Choose CSet: 0.0 ms]
      [Ref Proc: 0.1 ms]
      [Ref Enq: 0.0 ms]
      [Free CSet: 0.2 ms]
   [Eden: 121.0M(121.0M)->0.0B(191.0M) Survivors: 15.0M->4096.0K Heap: 368.8M(512.0M)->236.7M(512.0M)]
 [Times: user=0.00 sys=0.00, real=0.00 secs] 
2014-07-10T12:28:38.770+0200: 31.944: [GC cleanup 259M->85M(512M), 0.0016630 secs]
 [Times: user=0.01 sys=0.02, real=0.00 secs] 
2014-07-10T12:28:38.771+0200: 31.946: [GC concurrent-cleanup-start]
2014-07-10T12:28:38.772+0200: 31.946: [GC concurrent-cleanup-end, 0.0004913 secs]
2014-07-10T12:28:38.884+0200: 32.059: [GC pause (G1 Evacuation Pause) (young), 0.0399028 secs]
   [Parallel Time: 39.1 ms, GC Workers: 2]
      [GC Worker Start (ms): Min: 32058.6, Avg: 32058.6, Max: 32058.6, Diff: 0.0]
      [Ext Root Scanning (ms): Min: 0.3, Avg: 0.3, Max: 0.3, Diff: 0.0, Sum: 0.7]
      [Update RS (ms): Min: 0.1, Avg: 0.1, Max: 0.1, Diff: 0.0, Sum: 0.1]
         [Processed Buffers: Min: 1, Avg: 1.5, Max: 2, Diff: 1, Sum: 3]
      [Scan RS (ms): Min: 0.3, Avg: 0.3, Max: 0.3, Diff: 0.0, Sum: 0.6]
      [Code Root Scanning (ms): Min: 0.1, Avg: 0.1, Max: 0.1, Diff: 0.0, Sum: 0.2]
      [Object Copy (ms): Min: 38.2, Avg: 38.2, Max: 38.2, Diff: 0.0, Sum: 76.4]
      [Termination (ms): Min: 0.0, Avg: 0.0, Max: 0.0, Diff: 0.0, Sum: 0.0]
      [GC Worker Other (ms): Min: 0.0, Avg: 0.0, Max: 0.0, Diff: 0.0, Sum: 0.1]
      [GC Worker Total (ms): Min: 39.1, Avg: 39.1, Max: 39.1, Diff: 0.0, Sum: 78.1]
      [GC Worker End (ms): Min: 32097.7, Avg: 32097.7, Max: 32097.7, Diff: 0.0]
   [Code Root Fixup: 0.0 ms]
   [Code Root Migration: 0.0 ms]
   [Clear CT: 0.2 ms]
   [Other: 0.6 ms]
      [Choose CSet: 0.0 ms]
      [Ref Proc: 0.1 ms]
      [Ref Enq: 0.0 ms]
      [Free CSet: 0.3 ms]
   [Eden: 191.0M(191.0M)->0.0B(117.0M) Survivors: 4096.0K->25.0M Heap: 253.7M(512.0M)->121.6M(512.0M)]
 [Times: user=0.06 sys=0.00, real=0.04 secs] 
2014-07-10T12:28:39.009+0200: 32.183: [GC pause (G1 Evacuation Pause) (mixed), 0.0305634 secs]
   [Parallel Time: 30.0 ms, GC Workers: 2]
      [GC Worker Start (ms): Min: 32183.5, Avg: 32183.5, Max: 32183.5, Diff: 0.0]
      [Ext Root Scanning (ms): Min: 0.4, Avg: 0.4, Max: 0.4, Diff: 0.0, Sum: 0.7]
      [Update RS (ms): Min: 0.0, Avg: 0.0, Max: 0.0, Diff: 0.0, Sum: 0.1]
         [Processed Buffers: Min: 1, Avg: 1.0, Max: 1, Diff: 0, Sum: 2]
      [Scan RS (ms): Min: 0.3, Avg: 0.3, Max: 0.3, Diff: 0.0, Sum: 0.6]
      [Code Root Scanning (ms): Min: 0.1, Avg: 0.1, Max: 0.1, Diff: 0.0, Sum: 0.2]
      [Object Copy (ms): Min: 29.1, Avg: 29.1, Max: 29.1, Diff: 0.0, Sum: 58.1]
      [Termination (ms): Min: 0.0, Avg: 0.0, Max: 0.0, Diff: 0.0, Sum: 0.0]
      [GC Worker Other (ms): Min: 0.0, Avg: 0.0, Max: 0.0, Diff: 0.0, Sum: 0.1]
      [GC Worker Total (ms): Min: 29.9, Avg: 29.9, Max: 29.9, Diff: 0.0, Sum: 59.7]
      [GC Worker End (ms): Min: 32213.3, Avg: 32213.3, Max: 32213.3, Diff: 0.0]
   [Code Root Fixup: 0.0 ms]
   [Code Root Migration: 0.0 ms]
   [Clear CT: 0.1 ms]
   [Other: 0.4 ms]
      [Choose CSet: 0.0 ms]
      [Ref Proc: 0.0 ms]
      [Ref Enq: 0.0 ms]
      [Free CSet: 0.3 ms]
   [Eden: 117.0M(117.0M)->0.0B(117.0M) Survivors: 25.0M->18.0M Heap: 238.6M(512.0M)->136.6M(512.0M)]
 [Times: user=0.06 sys=0.00, real=0.03 secs] 
2014-07-10T12:28:39.170+0200: 32.345: [GC pause (G1 Evacuation Pause) (young), 0.0204130 secs]
   [Parallel Time: 19.7 ms, GC Workers: 2]
      [GC Worker Start (ms): Min: 32344.9, Avg: 32344.9, Max: 32344.9, Diff: 0.0]
      [Ext Root Scanning (ms): Min: 0.6, Avg: 0.6, Max: 0.6, Diff: 0.0, Sum: 1.2]
      [Update RS (ms): Min: 0.1, Avg: 0.2, Max: 0.2, Diff: 0.1, Sum: 0.3]
         [Processed Buffers: Min: 1, Avg: 2.0, Max: 3, Diff: 2, Sum: 4]
      [Scan RS (ms): Min: 0.3, Avg: 0.4, Max: 0.4, Diff: 0.1, Sum: 0.8]
      [Code Root Scanning (ms): Min: 0.1, Avg: 0.1, Max: 0.1, Diff: 0.0, Sum: 0.2]
      [Object Copy (ms): Min: 18.3, Avg: 18.3, Max: 18.3, Diff: 0.0, Sum: 36.5]
      [Termination (ms): Min: 0.0, Avg: 0.0, Max: 0.0, Diff: 0.0, Sum: 0.0]
      [GC Worker Other (ms): Min: 0.0, Avg: 0.0, Max: 0.0, Diff: 0.0, Sum: 0.1]
      [GC Worker Total (ms): Min: 19.6, Avg: 19.6, Max: 19.6, Diff: 0.0, Sum: 39.2]
      [GC Worker End (ms): Min: 32364.5, Avg: 32364.5, Max: 32364.5, Diff: 0.0]
   [Code Root Fixup: 0.0 ms]
   [Code Root Migration: 0.0 ms]
   [Clear CT: 0.1 ms]
   [Other: 0.6 ms]
      [Choose CSet: 0.0 ms]
      [Ref Proc: 0.1 ms]
      [Ref Enq: 0.0 ms]
      [Free CSet: 0.3 ms]
   [Eden: 117.0M(117.0M)->0.0B(107.0M) Survivors: 18.0M->17.0M Heap: 253.6M(512.0M)->137.2M(512.0M)]
 [Times: user=0.03 sys=0.00, real=0.02 secs] 
2014-07-10T12:28:39.244+0200: 32.418: [GC pause (G1 Evacuation Pause) (young), 0.0376799 secs]
   [Parallel Time: 37.1 ms, GC Workers: 2]
      [GC Worker Start (ms): Min: 32417.9, Avg: 32417.9, Max: 32417.9, Diff: 0.0]
      [Ext Root Scanning (ms): Min: 0.3, Avg: 0.3, Max: 0.3, Diff: 0.0, Sum: 0.6]
      [Update RS (ms): Min: 0.1, Avg: 0.1, Max: 0.1, Diff: 0.0, Sum: 0.1]
         [Processed Buffers: Min: 1, Avg: 1.5, Max: 2, Diff: 1, Sum: 3]
      [Scan RS (ms): Min: 0.3, Avg: 0.3, Max: 0.4, Diff: 0.1, Sum: 0.7]
      [Code Root Scanning (ms): Min: 0.1, Avg: 0.1, Max: 0.1, Diff: 0.1, Sum: 0.2]
      [Object Copy (ms): Min: 36.3, Avg: 36.3, Max: 36.3, Diff: 0.0, Sum: 72.6]
      [Termination (ms): Min: 0.0, Avg: 0.0, Max: 0.0, Diff: 0.0, Sum: 0.0]
      [GC Worker Other (ms): Min: 0.0, Avg: 0.0, Max: 0.0, Diff: 0.0, Sum: 0.1]
      [GC Worker Total (ms): Min: 37.1, Avg: 37.1, Max: 37.1, Diff: 0.0, Sum: 74.2]
      [GC Worker End (ms): Min: 32455.0, Avg: 32455.0, Max: 32455.0, Diff: 0.0]
   [Code Root Fixup: 0.0 ms]
   [Code Root Migration: 0.0 ms]
   [Clear CT: 0.1 ms]
   [Other: 0.4 ms]
      [Choose CSet: 0.0 ms]
      [Ref Proc: 0.1 ms]
      [Ref Enq: 0.0 ms]
      [Free CSet: 0.2 ms]
   [Eden: 107.0M(107.0M)->0.0B(132.0M) Survivors: 17.0M->16.0M Heap: 244.2M(512.0M)->179.8M(512.0M)]
 [Times: user=0.05 sys=0.00, real=0.04 secs] 
2014-07-10T12:28:39.387+0200: 32.561: [GC pause (G1 Evacuation Pause) (young), 0.0374867 secs]
   [Parallel Time: 36.9 ms, GC Workers: 2]
      [GC Worker Start (ms): Min: 32561.1, Avg: 32561.1, Max: 32561.1, Diff: 0.0]
      [Ext Root Scanning (ms): Min: 0.3, Avg: 0.3, Max: 0.3, Diff: 0.0, Sum: 0.6]
      [Update RS (ms): Min: 0.0, Avg: 0.1, Max: 0.1, Diff: 0.0, Sum: 0.1]
         [Processed Buffers: Min: 1, Avg: 1.5, Max: 2, Diff: 1, Sum: 3]
      [Scan RS (ms): Min: 0.2, Avg: 0.2, Max: 0.2, Diff: 0.0, Sum: 0.4]
      [Code Root Scanning (ms): Min: 0.1, Avg: 0.1, Max: 0.1, Diff: 0.0, Sum: 0.2]
      [Object Copy (ms): Min: 36.2, Avg: 36.2, Max: 36.2, Diff: 0.0, Sum: 72.4]
      [Termination (ms): Min: 0.0, Avg: 0.0, Max: 0.0, Diff: 0.0, Sum: 0.0]
      [GC Worker Other (ms): Min: 0.0, Avg: 0.0, Max: 0.0, Diff: 0.0, Sum: 0.0]
      [GC Worker Total (ms): Min: 36.9, Avg: 36.9, Max: 36.9, Diff: 0.0, Sum: 73.8]
      [GC Worker End (ms): Min: 32597.9, Avg: 32598.0, Max: 32598.0, Diff: 0.0]
   [Code Root Fixup: 0.0 ms]
   [Code Root Migration: 0.0 ms]
   [Clear CT: 0.1 ms]
   [Other: 0.4 ms]
      [Choose CSet: 0.0 ms]
      [Ref Proc: 0.0 ms]
      [Ref Enq: 0.0 ms]
      [Free CSet: 0.2 ms]
   [Eden: 132.0M(132.0M)->0.0B(125.0M) Survivors: 16.0M->19.0M Heap: 311.8M(512.0M)->223.2M(512.0M)]
 [Times: user=0.05 sys=0.00, real=0.04 secs] 
2014-07-10T12:28:39.487+0200: 32.661: [GC pause (G1 Evacuation Pause) (young), 0.0337021 secs]
   [Parallel Time: 33.1 ms, GC Workers: 2]
      [GC Worker Start (ms): Min: 32661.1, Avg: 32661.1, Max: 32661.1, Diff: 0.0]
      [Ext Root Scanning (ms): Min: 0.3, Avg: 0.3, Max: 0.3, Diff: 0.0, Sum: 0.7]
      [Update RS (ms): Min: 0.0, Avg: 0.0, Max: 0.0, Diff: 0.0, Sum: 0.1]
         [Processed Buffers: Min: 1, Avg: 1.5, Max: 2, Diff: 1, Sum: 3]
      [Scan RS (ms): Min: 0.2, Avg: 0.2, Max: 0.2, Diff: 0.0, Sum: 0.5]
      [Code Root Scanning (ms): Min: 0.1, Avg: 0.1, Max: 0.1, Diff: 0.0, Sum: 0.2]
      [Object Copy (ms): Min: 32.3, Avg: 32.4, Max: 32.4, Diff: 0.0, Sum: 64.7]
      [Termination (ms): Min: 0.0, Avg: 0.0, Max: 0.0, Diff: 0.0, Sum: 0.0]
      [GC Worker Other (ms): Min: 0.0, Avg: 0.0, Max: 0.0, Diff: 0.0, Sum: 0.1]
      [GC Worker Total (ms): Min: 33.1, Avg: 33.1, Max: 33.1, Diff: 0.0, Sum: 66.1]
      [GC Worker End (ms): Min: 32694.2, Avg: 32694.2, Max: 32694.2, Diff: 0.0]
   [Code Root Fixup: 0.0 ms]
   [Code Root Migration: 0.0 ms]
   [Clear CT: 0.1 ms]
   [Other: 0.4 ms]
      [Choose CSet: 0.0 ms]
      [Ref Proc: 0.0 ms]
      [Ref Enq: 0.0 ms]
      [Free CSet: 0.3 ms]
   [Eden: 125.0M(125.0M)->0.0B(141.0M) Survivors: 19.0M->18.0M Heap: 348.2M(512.0M)->256.5M(512.0M)]
 [Times: user=0.09 sys=0.00, real=0.03 secs] 
2014-07-10T12:28:39.612+0200: 32.786: [GC pause (G1 Evacuation Pause) (young) (initial-mark), 0.0342109 secs]
   [Parallel Time: 33.5 ms, GC Workers: 2]
      [GC Worker Start (ms): Min: 32786.3, Avg: 32786.3, Max: 32786.3, Diff: 0.0]
      [Ext Root Scanning (ms): Min: 0.4, Avg: 0.4, Max: 0.4, Diff: 0.0, Sum: 0.8]
      [Code Root Marking (ms): Min: 0.1, Avg: 0.1, Max: 0.1, Diff: 0.0, Sum: 0.1]
      [Update RS (ms): Min: 0.0, Avg: 0.0, Max: 0.1, Diff: 0.0, Sum: 0.1]
         [Processed Buffers: Min: 2, Avg: 2.0, Max: 2, Diff: 0, Sum: 4]
      [Scan RS (ms): Min: 0.2, Avg: 0.2, Max: 0.3, Diff: 0.0, Sum: 0.5]
      [Code Root Scanning (ms): Min: 0.1, Avg: 0.1, Max: 0.1, Diff: 0.0, Sum: 0.2]
      [Object Copy (ms): Min: 32.6, Avg: 32.6, Max: 32.6, Diff: 0.0, Sum: 65.2]
      [Termination (ms): Min: 0.0, Avg: 0.0, Max: 0.0, Diff: 0.0, Sum: 0.0]
      [GC Worker Other (ms): Min: 0.0, Avg: 0.0, Max: 0.0, Diff: 0.0, Sum: 0.1]
      [GC Worker Total (ms): Min: 33.5, Avg: 33.5, Max: 33.5, Diff: 0.0, Sum: 67.0]
      [GC Worker End (ms): Min: 32819.7, Avg: 32819.7, Max: 32819.7, Diff: 0.0]
   [Code Root Fixup: 0.0 ms]
   [Code Root Migration: 0.0 ms]
   [Clear CT: 0.1 ms]
   [Other: 0.6 ms]
      [Choose CSet: 0.0 ms]
      [Ref Proc: 0.0 ms]
      [Ref Enq: 0.0 ms]
      [Free CSet: 0.3 ms]
   [Eden: 141.0M(141.0M)->0.0B(138.0M) Survivors: 18.0M->20.0M Heap: 397.5M(512.0M)->291.6M(512.0M)]
 [Times: user=0.06 sys=0.03, real=0.03 secs] 
2014-07-10T12:28:39.646+0200: 32.821: [GC concurrent-root-region-scan-start]
2014-07-10T12:28:39.647+0200: 32.821: [GC concurrent-root-region-scan-end, 0.0005338 secs]
2014-07-10T12:28:39.647+0200: 32.821: [GC concurrent-mark-start]
2014-07-10T12:28:39.725+0200: 32.899: [GC concurrent-mark-end, 0.0051885 secs]
2014-07-10T12:28:39.725+0200: 32.899: [GC remark 32.899: [GC ref-proc, 0.0000594 secs], 0.0012627 secs]
 [Times: user=0.00 sys=0.00, real=0.00 secs] 
2014-07-10T12:28:39.788+0200: 32.963: [GC pause (G1 Evacuation Pause) (young), 0.0377096 secs]
   [Parallel Time: 37.1 ms, GC Workers: 2]
      [GC Worker Start (ms): Min: 32962.7, Avg: 32962.7, Max: 32962.7, Diff: 0.0]
      [Ext Root Scanning (ms): Min: 0.4, Avg: 0.4, Max: 0.4, Diff: 0.0, Sum: 0.7]
      [SATB Filtering (ms): Min: 0.0, Avg: 0.0, Max: 0.0, Diff: 0.0, Sum: 0.0]
      [Update RS (ms): Min: 0.0, Avg: 0.1, Max: 0.1, Diff: 0.0, Sum: 0.1]
         [Processed Buffers: Min: 1, Avg: 1.5, Max: 2, Diff: 1, Sum: 3]
      [Scan RS (ms): Min: 0.2, Avg: 0.2, Max: 0.2, Diff: 0.0, Sum: 0.4]
      [Code Root Scanning (ms): Min: 0.1, Avg: 0.1, Max: 0.1, Diff: 0.0, Sum: 0.2]
      [Object Copy (ms): Min: 36.3, Avg: 36.3, Max: 36.3, Diff: 0.0, Sum: 72.6]
      [Termination (ms): Min: 0.0, Avg: 0.0, Max: 0.0, Diff: 0.0, Sum: 0.0]
      [GC Worker Other (ms): Min: 0.0, Avg: 0.0, Max: 0.0, Diff: 0.0, Sum: 0.1]
      [GC Worker Total (ms): Min: 37.1, Avg: 37.1, Max: 37.1, Diff: 0.0, Sum: 74.2]
      [GC Worker End (ms): Min: 32999.8, Avg: 32999.8, Max: 32999.8, Diff: 0.0]
   [Code Root Fixup: 0.0 ms]
   [Code Root Migration: 0.0 ms]
   [Clear CT: 0.1 ms]
   [Other: 0.4 ms]
      [Choose CSet: 0.0 ms]
      [Ref Proc: 0.0 ms]
      [Ref Enq: 0.0 ms]
      [Free CSet: 0.2 ms]
   [Eden: 138.0M(138.0M)->0.0B(125.0M) Survivors: 20.0M->20.0M Heap: 429.6M(512.0M)->330.6M(512.0M)]
 [Times: user=0.06 sys=0.00, real=0.04 secs] 
2014-07-10T12:28:39.826+0200: 33.001: [GC cleanup 330M->150M(512M), 0.0012454 secs]
 [Times: user=0.00 sys=0.00, real=0.00 secs] 
2014-07-10T12:28:39.828+0200: 33.002: [GC concurrent-cleanup-start]
2014-07-10T12:28:39.828+0200: 33.003: [GC concurrent-cleanup-end, 0.0004913 secs]
2014-07-10T12:28:39.896+0200: 33.070: [GC pause (G1 Evacuation Pause) (young), 0.0328159 secs]
   [Parallel Time: 32.1 ms, GC Workers: 2]
      [GC Worker Start (ms): Min: 33070.1, Avg: 33070.3, Max: 33070.5, Diff: 0.4]
      [Ext Root Scanning (ms): Min: 0.1, Avg: 0.2, Max: 0.4, Diff: 0.4, Sum: 0.5]
      [Update RS (ms): Min: 0.0, Avg: 0.1, Max: 0.1, Diff: 0.0, Sum: 0.1]
         [Processed Buffers: Min: 1, Avg: 2.0, Max: 3, Diff: 2, Sum: 4]
      [Scan RS (ms): Min: 0.2, Avg: 0.2, Max: 0.2, Diff: 0.0, Sum: 0.4]
      [Code Root Scanning (ms): Min: 0.1, Avg: 0.1, Max: 0.1, Diff: 0.0, Sum: 0.2]
      [Object Copy (ms): Min: 31.2, Avg: 31.2, Max: 31.2, Diff: 0.0, Sum: 62.4]
      [Termination (ms): Min: 0.0, Avg: 0.0, Max: 0.0, Diff: 0.0, Sum: 0.0]
      [GC Worker Other (ms): Min: 0.0, Avg: 0.1, Max: 0.1, Diff: 0.1, Sum: 0.1]
      [GC Worker Total (ms): Min: 31.7, Avg: 31.8, Max: 32.0, Diff: 0.3, Sum: 63.7]
      [GC Worker End (ms): Min: 33102.1, Avg: 33102.1, Max: 33102.2, Diff: 0.1]
   [Code Root Fixup: 0.0 ms]
   [Code Root Migration: 0.0 ms]
   [Clear CT: 0.1 ms]
   [Other: 0.6 ms]
      [Choose CSet: 0.0 ms]
      [Ref Proc: 0.2 ms]
      [Ref Enq: 0.0 ms]
      [Free CSet: 0.2 ms]
   [Eden: 125.0M(125.0M)->0.0B(135.0M) Survivors: 20.0M->19.0M Heap: 275.6M(512.0M)->182.5M(512.0M)]
 [Times: user=0.06 sys=0.00, real=0.03 secs] 
2014-07-10T12:28:40.013+0200: 33.187: [GC pause (G1 Evacuation Pause) (mixed), 0.0253001 secs]
   [Parallel Time: 24.4 ms, GC Workers: 2]
      [GC Worker Start (ms): Min: 33187.4, Avg: 33187.4, Max: 33187.4, Diff: 0.0]
      [Ext Root Scanning (ms): Min: 0.3, Avg: 0.3, Max: 0.3, Diff: 0.0, Sum: 0.6]
      [Update RS (ms): Min: 0.1, Avg: 0.1, Max: 0.1, Diff: 0.0, Sum: 0.1]
         [Processed Buffers: Min: 1, Avg: 1.5, Max: 2, Diff: 1, Sum: 3]
      [Scan RS (ms): Min: 0.3, Avg: 0.3, Max: 0.3, Diff: 0.0, Sum: 0.5]
      [Code Root Scanning (ms): Min: 0.1, Avg: 0.1, Max: 0.1, Diff: 0.0, Sum: 0.2]
      [Object Copy (ms): Min: 23.6, Avg: 23.6, Max: 23.6, Diff: 0.0, Sum: 47.2]
      [Termination (ms): Min: 0.0, Avg: 0.0, Max: 0.0, Diff: 0.0, Sum: 0.0]
      [GC Worker Other (ms): Min: 0.0, Avg: 0.0, Max: 0.0, Diff: 0.0, Sum: 0.1]
      [GC Worker Total (ms): Min: 24.4, Avg: 24.4, Max: 24.4, Diff: 0.0, Sum: 48.8]
      [GC Worker End (ms): Min: 33211.8, Avg: 33211.8, Max: 33211.8, Diff: 0.0]
   [Code Root Fixup: 0.0 ms]
   [Code Root Migration: 0.0 ms]
   [Clear CT: 0.2 ms]
   [Other: 0.6 ms]
      [Choose CSet: 0.0 ms]
      [Ref Proc: 0.3 ms]
      [Ref Enq: 0.0 ms]
      [Free CSet: 0.2 ms]
   [Eden: 135.0M(135.0M)->0.0B(135.0M) Survivors: 19.0M->20.0M Heap: 317.5M(512.0M)->195.2M(512.0M)]
 [Times: user=0.06 sys=0.00, real=0.03 secs] 
2014-07-10T12:28:40.190+0200: 33.365: [GC pause (G1 Evacuation Pause) (young), 0.0344188 secs]
   [Parallel Time: 33.6 ms, GC Workers: 2]
      [GC Worker Start (ms): Min: 33364.6, Avg: 33364.6, Max: 33364.6, Diff: 0.0]
      [Ext Root Scanning (ms): Min: 0.6, Avg: 0.6, Max: 0.6, Diff: 0.0, Sum: 1.3]
      [Update RS (ms): Min: 0.1, Avg: 0.2, Max: 0.2, Diff: 0.1, Sum: 0.3]
         [Processed Buffers: Min: 1, Avg: 1.5, Max: 2, Diff: 1, Sum: 3]
      [Scan RS (ms): Min: 0.4, Avg: 0.4, Max: 0.5, Diff: 0.1, Sum: 0.9]
      [Code Root Scanning (ms): Min: 0.1, Avg: 0.1, Max: 0.2, Diff: 0.0, Sum: 0.3]
      [Object Copy (ms): Min: 32.1, Avg: 32.2, Max: 32.2, Diff: 0.0, Sum: 64.3]
      [Termination (ms): Min: 0.0, Avg: 0.0, Max: 0.0, Diff: 0.0, Sum: 0.0]
      [GC Worker Other (ms): Min: 0.0, Avg: 0.0, Max: 0.0, Diff: 0.0, Sum: 0.1]
      [GC Worker Total (ms): Min: 33.6, Avg: 33.6, Max: 33.6, Diff: 0.0, Sum: 67.2]
      [GC Worker End (ms): Min: 33398.2, Avg: 33398.2, Max: 33398.2, Diff: 0.0]
   [Code Root Fixup: 0.0 ms]
   [Code Root Migration: 0.0 ms]
   [Clear CT: 0.1 ms]
   [Other: 0.6 ms]
      [Choose CSet: 0.0 ms]
      [Ref Proc: 0.1 ms]
      [Ref Enq: 0.0 ms]
      [Free CSet: 0.3 ms]
   [Eden: 135.0M(135.0M)->0.0B(122.0M) Survivors: 20.0M->20.0M Heap: 330.2M(512.0M)->216.6M(512.0M)]
 [Times: user=0.06 sys=0.00, real=0.03 secs] 
2014-07-10T12:28:40.283+0200: 33.457: [GC pause (G1 Evacuation Pause) (young), 0.0208647 secs]
   [Parallel Time: 20.2 ms, GC Workers: 2]
      [GC Worker Start (ms): Min: 33457.2, Avg: 33457.2, Max: 33457.2, Diff: 0.0]
      [Ext Root Scanning (ms): Min: 0.3, Avg: 0.3, Max: 0.3, Diff: 0.0, Sum: 0.7]
      [Update RS (ms): Min: 0.1, Avg: 0.1, Max: 0.1, Diff: 0.0, Sum: 0.1]
         [Processed Buffers: Min: 1, Avg: 2.0, Max: 3, Diff: 2, Sum: 4]
      [Scan RS (ms): Min: 0.2, Avg: 0.2, Max: 0.3, Diff: 0.0, Sum: 0.5]
      [Code Root Scanning (ms): Min: 0.1, Avg: 0.1, Max: 0.1, Diff: 0.0, Sum: 0.2]
      [Object Copy (ms): Min: 19.4, Avg: 19.4, Max: 19.4, Diff: 0.0, Sum: 38.8]
      [Termination (ms): Min: 0.0, Avg: 0.0, Max: 0.0, Diff: 0.0, Sum: 0.0]
      [GC Worker Other (ms): Min: 0.0, Avg: 0.0, Max: 0.0, Diff: 0.0, Sum: 0.1]
      [GC Worker Total (ms): Min: 20.2, Avg: 20.2, Max: 20.2, Diff: 0.0, Sum: 40.4]
      [GC Worker End (ms): Min: 33477.4, Avg: 33477.4, Max: 33477.4, Diff: 0.0]
   [Code Root Fixup: 0.0 ms]
   [Code Root Migration: 0.0 ms]
   [Clear CT: 0.1 ms]
   [Other: 0.5 ms]
      [Choose CSet: 0.0 ms]
      [Ref Proc: 0.1 ms]
      [Ref Enq: 0.0 ms]
      [Free CSet: 0.2 ms]
   [Eden: 122.0M(122.0M)->0.0B(142.0M) Survivors: 20.0M->18.0M Heap: 338.6M(512.0M)->227.9M(512.0M)]
 [Times: user=0.06 sys=0.00, real=0.02 secs] 
2014-07-10T12:28:40.435+0200: 33.610: [GC pause (G1 Evacuation Pause) (young), 0.0269492 secs]
   [Parallel Time: 25.8 ms, GC Workers: 2]
      [GC Worker Start (ms): Min: 33609.8, Avg: 33609.8, Max: 33609.8, Diff: 0.0]
      [Ext Root Scanning (ms): Min: 0.3, Avg: 0.3, Max: 0.3, Diff: 0.0, Sum: 0.6]
      [Update RS (ms): Min: 0.0, Avg: 0.0, Max: 0.0, Diff: 0.0, Sum: 0.1]
         [Processed Buffers: Min: 1, Avg: 1.5, Max: 2, Diff: 1, Sum: 3]
      [Scan RS (ms): Min: 0.2, Avg: 0.2, Max: 0.2, Diff: 0.0, Sum: 0.5]
      [Code Root Scanning (ms): Min: 0.1, Avg: 0.1, Max: 0.1, Diff: 0.0, Sum: 0.2]
      [Object Copy (ms): Min: 25.1, Avg: 25.1, Max: 25.1, Diff: 0.0, Sum: 50.1]
      [Termination (ms): Min: 0.0, Avg: 0.0, Max: 0.0, Diff: 0.0, Sum: 0.0]
      [GC Worker Other (ms): Min: 0.0, Avg: 0.0, Max: 0.0, Diff: 0.0, Sum: 0.1]
      [GC Worker Total (ms): Min: 25.8, Avg: 25.8, Max: 25.8, Diff: 0.0, Sum: 51.5]
      [GC Worker End (ms): Min: 33635.6, Avg: 33635.6, Max: 33635.6, Diff: 0.0]
   [Code Root Fixup: 0.0 ms]
   [Code Root Migration: 0.0 ms]
   [Clear CT: 0.1 ms]
   [Other: 1.0 ms]
      [Choose CSet: 0.0 ms]
      [Ref Proc: 0.6 ms]
      [Ref Enq: 0.0 ms]
      [Free CSet: 0.3 ms]
   [Eden: 142.0M(142.0M)->0.0B(130.0M) Survivors: 18.0M->20.0M Heap: 369.9M(512.0M)->251.1M(512.0M)]
 [Times: user=0.06 sys=0.00, real=0.03 secs] 
2014-07-10T12:28:40.569+0200: 33.743: [GC pause (G1 Evacuation Pause) (young) (initial-mark), 0.0207748 secs]
   [Parallel Time: 19.9 ms, GC Workers: 2]
      [GC Worker Start (ms): Min: 33743.6, Avg: 33743.6, Max: 33743.6, Diff: 0.0]
      [Ext Root Scanning (ms): Min: 0.4, Avg: 0.4, Max: 0.4, Diff: 0.0, Sum: 0.8]
      [Code Root Marking (ms): Min: 0.0, Avg: 0.1, Max: 0.1, Diff: 0.0, Sum: 0.1]
      [Update RS (ms): Min: 0.0, Avg: 0.1, Max: 0.1, Diff: 0.0, Sum: 0.1]
         [Processed Buffers: Min: 2, Avg: 2.0, Max: 2, Diff: 0, Sum: 4]
      [Scan RS (ms): Min: 0.2, Avg: 0.2, Max: 0.2, Diff: 0.0, Sum: 0.4]
      [Code Root Scanning (ms): Min: 0.1, Avg: 0.1, Max: 0.1, Diff: 0.0, Sum: 0.2]
      [Object Copy (ms): Min: 19.1, Avg: 19.1, Max: 19.1, Diff: 0.0, Sum: 38.1]
      [Termination (ms): Min: 0.0, Avg: 0.0, Max: 0.0, Diff: 0.0, Sum: 0.0]
      [GC Worker Other (ms): Min: 0.0, Avg: 0.0, Max: 0.0, Diff: 0.0, Sum: 0.1]
      [GC Worker Total (ms): Min: 19.9, Avg: 19.9, Max: 19.9, Diff: 0.0, Sum: 39.8]
      [GC Worker End (ms): Min: 33763.5, Avg: 33763.5, Max: 33763.5, Diff: 0.0]
   [Code Root Fixup: 0.0 ms]
   [Code Root Migration: 0.0 ms]
   [Clear CT: 0.1 ms]
   [Other: 0.7 ms]
      [Choose CSet: 0.0 ms]
      [Ref Proc: 0.2 ms]
      [Ref Enq: 0.0 ms]
      [Free CSet: 0.2 ms]
   [Eden: 130.0M(130.0M)->0.0B(123.0M) Survivors: 20.0M->19.0M Heap: 381.1M(512.0M)->262.1M(512.0M)]
 [Times: user=0.03 sys=0.00, real=0.02 secs] 
2014-07-10T12:28:40.590+0200: 33.764: [GC concurrent-root-region-scan-start]
2014-07-10T12:28:40.590+0200: 33.765: [GC concurrent-root-region-scan-end, 0.0002904 secs]
2014-07-10T12:28:40.590+0200: 33.765: [GC concurrent-mark-start]
2014-07-10T12:28:40.665+0200: 33.840: [GC pause (G1 Evacuation Pause) (young)2014-07-10T12:28:40.680+0200: 33.854: [GC concurrent-mark-end, 0.0047357 secs]
, 0.0151545 secs]
   [Parallel Time: 14.5 ms, GC Workers: 2]
      [GC Worker Start (ms): Min: 33839.8, Avg: 33839.8, Max: 33839.8, Diff: 0.0]
      [Ext Root Scanning (ms): Min: 0.4, Avg: 0.4, Max: 0.4, Diff: 0.0, Sum: 0.8]
      [SATB Filtering (ms): Min: 0.0, Avg: 0.0, Max: 0.0, Diff: 0.0, Sum: 0.0]
      [Update RS (ms): Min: 0.1, Avg: 0.1, Max: 0.1, Diff: 0.0, Sum: 0.1]
         [Processed Buffers: Min: 1, Avg: 1.5, Max: 2, Diff: 1, Sum: 3]
      [Scan RS (ms): Min: 0.2, Avg: 0.2, Max: 0.2, Diff: 0.0, Sum: 0.5]
      [Code Root Scanning (ms): Min: 0.1, Avg: 0.1, Max: 0.1, Diff: 0.0, Sum: 0.2]
      [Object Copy (ms): Min: 13.7, Avg: 13.7, Max: 13.7, Diff: 0.0, Sum: 27.3]
      [Termination (ms): Min: 0.0, Avg: 0.0, Max: 0.0, Diff: 0.0, Sum: 0.0]
      [GC Worker Other (ms): Min: 0.0, Avg: 0.0, Max: 0.0, Diff: 0.0, Sum: 0.1]
      [GC Worker Total (ms): Min: 14.5, Avg: 14.5, Max: 14.5, Diff: 0.0, Sum: 28.9]
      [GC Worker End (ms): Min: 33854.3, Avg: 33854.3, Max: 33854.3, Diff: 0.0]
   [Code Root Fixup: 0.0 ms]
   [Code Root Migration: 0.0 ms]
   [Clear CT: 0.1 ms]
   [Other: 0.5 ms]
      [Choose CSet: 0.0 ms]
      [Ref Proc: 0.1 ms]
      [Ref Enq: 0.0 ms]
      [Free CSet: 0.2 ms]
   [Eden: 123.0M(123.0M)->0.0B(128.0M) Survivors: 19.0M->18.0M Heap: 385.1M(512.0M)->264.9M(512.0M)]
 [Times: user=0.03 sys=0.00, real=0.02 secs] 
2014-07-10T12:28:40.681+0200: 33.855: [GC remark 33.855: [GC ref-proc, 0.0000513 secs], 0.0009826 secs]
 [Times: user=0.00 sys=0.00, real=0.00 secs] 
2014-07-10T12:28:40.761+0200: 33.935: [GC cleanup 316M->142M(512M), 0.0030562 secs]
 [Times: user=0.00 sys=0.00, real=0.00 secs] 
2014-07-10T12:28:40.764+0200: 33.938: [GC concurrent-cleanup-start]
2014-07-10T12:28:40.765+0200: 33.939: [GC concurrent-cleanup-end, 0.0009125 secs]
2014-07-10T12:28:40.817+0200: 33.991: [GC pause (G1 Evacuation Pause) (young), 0.0123208 secs]
   [Parallel Time: 11.5 ms, GC Workers: 2]
      [GC Worker Start (ms): Min: 33991.1, Avg: 33991.1, Max: 33991.1, Diff: 0.0]
      [Ext Root Scanning (ms): Min: 0.3, Avg: 0.3, Max: 0.3, Diff: 0.0, Sum: 0.6]
      [Update RS (ms): Min: 0.0, Avg: 0.1, Max: 0.1, Diff: 0.1, Sum: 0.1]
         [Processed Buffers: Min: 1, Avg: 1.5, Max: 2, Diff: 1, Sum: 3]
      [Scan RS (ms): Min: 0.2, Avg: 0.3, Max: 0.4, Diff: 0.1, Sum: 0.6]
      [Code Root Scanning (ms): Min: 0.1, Avg: 0.2, Max: 0.3, Diff: 0.2, Sum: 0.4]
      [Object Copy (ms): Min: 10.6, Avg: 10.6, Max: 10.6, Diff: 0.0, Sum: 21.2]
      [Termination (ms): Min: 0.0, Avg: 0.0, Max: 0.0, Diff: 0.0, Sum: 0.0]
      [GC Worker Other (ms): Min: 0.0, Avg: 0.0, Max: 0.0, Diff: 0.0, Sum: 0.1]
      [GC Worker Total (ms): Min: 11.5, Avg: 11.5, Max: 11.5, Diff: 0.0, Sum: 23.0]
      [GC Worker End (ms): Min: 34002.6, Avg: 34002.6, Max: 34002.6, Diff: 0.0]
   [Code Root Fixup: 0.0 ms]
   [Code Root Migration: 0.0 ms]
   [Clear CT: 0.1 ms]
   [Other: 0.7 ms]
      [Choose CSet: 0.0 ms]
      [Ref Proc: 0.3 ms]
      [Ref Enq: 0.0 ms]
      [Free CSet: 0.2 ms]
   [Eden: 128.0M(128.0M)->0.0B(117.0M) Survivors: 18.0M->18.0M Heap: 218.9M(512.0M)->90.6M(512.0M)]
 [Times: user=0.00 sys=0.00, real=0.01 secs] 
2014-07-10T12:28:40.957+0200: 34.132: [GC pause (G1 Evacuation Pause) (mixed), 0.0040567 secs]
   [Parallel Time: 3.0 ms, GC Workers: 2]
      [GC Worker Start (ms): Min: 34131.8, Avg: 34131.8, Max: 34131.8, Diff: 0.0]
      [Ext Root Scanning (ms): Min: 0.5, Avg: 0.5, Max: 0.5, Diff: 0.0, Sum: 1.0]
      [Update RS (ms): Min: 0.0, Avg: 0.0, Max: 0.0, Diff: 0.0, Sum: 0.1]
         [Processed Buffers: Min: 1, Avg: 1.5, Max: 2, Diff: 1, Sum: 3]
      [Scan RS (ms): Min: 0.3, Avg: 0.3, Max: 0.3, Diff: 0.0, Sum: 0.7]
      [Code Root Scanning (ms): Min: 0.1, Avg: 0.1, Max: 0.1, Diff: 0.0, Sum: 0.3]
      [Object Copy (ms): Min: 1.9, Avg: 1.9, Max: 1.9, Diff: 0.0, Sum: 3.7]
      [Termination (ms): Min: 0.0, Avg: 0.0, Max: 0.0, Diff: 0.0, Sum: 0.0]
      [GC Worker Other (ms): Min: 0.0, Avg: 0.0, Max: 0.0, Diff: 0.0, Sum: 0.1]
      [GC Worker Total (ms): Min: 2.9, Avg: 2.9, Max: 2.9, Diff: 0.0, Sum: 5.8]
      [GC Worker End (ms): Min: 34134.7, Avg: 34134.7, Max: 34134.7, Diff: 0.0]
   [Code Root Fixup: 0.0 ms]
   [Code Root Migration: 0.0 ms]
   [Clear CT: 0.2 ms]
   [Other: 0.8 ms]
      [Choose CSet: 0.0 ms]
      [Ref Proc: 0.1 ms]
      [Ref Enq: 0.0 ms]
      [Free CSet: 0.5 ms]
   [Eden: 117.0M(117.0M)->0.0B(107.0M) Survivors: 18.0M->3072.0K Heap: 207.6M(512.0M)->70.6M(512.0M)]
 [Times: user=0.00 sys=0.00, real=0.00 secs] 
2014-07-10T12:28:41.025+0200: 34.200: [GC pause (G1 Evacuation Pause) (young), 0.0282118 secs]
   [Parallel Time: 27.5 ms, GC Workers: 2]
      [GC Worker Start (ms): Min: 34199.7, Avg: 34199.7, Max: 34199.7, Diff: 0.0]
      [Ext Root Scanning (ms): Min: 0.4, Avg: 0.4, Max: 0.4, Diff: 0.0, Sum: 0.7]
      [Update RS (ms): Min: 0.0, Avg: 0.1, Max: 0.1, Diff: 0.0, Sum: 0.1]
         [Processed Buffers: Min: 1, Avg: 1.5, Max: 2, Diff: 1, Sum: 3]
      [Scan RS (ms): Min: 0.2, Avg: 0.2, Max: 0.2, Diff: 0.0, Sum: 0.4]
      [Code Root Scanning (ms): Min: 0.1, Avg: 0.1, Max: 0.1, Diff: 0.0, Sum: 0.1]
      [Object Copy (ms): Min: 26.7, Avg: 26.8, Max: 26.8, Diff: 0.0, Sum: 53.5]
      [Termination (ms): Min: 0.0, Avg: 0.0, Max: 0.0, Diff: 0.0, Sum: 0.0]
      [GC Worker Other (ms): Min: 0.0, Avg: 0.0, Max: 0.0, Diff: 0.0, Sum: 0.1]
      [GC Worker Total (ms): Min: 27.5, Avg: 27.5, Max: 27.5, Diff: 0.0, Sum: 54.9]
      [GC Worker End (ms): Min: 34227.2, Avg: 34227.2, Max: 34227.2, Diff: 0.0]
   [Code Root Fixup: 0.0 ms]
   [Code Root Migration: 0.0 ms]
   [Clear CT: 0.2 ms]
   [Other: 0.4 ms]
      [Choose CSet: 0.0 ms]
      [Ref Proc: 0.1 ms]
      [Ref Enq: 0.0 ms]
      [Free CSet: 0.2 ms]
   [Eden: 107.0M(107.0M)->0.0B(119.0M) Survivors: 3072.0K->14.0M Heap: 177.6M(512.0M)->111.6M(512.0M)]
 [Times: user=0.06 sys=0.00, real=0.03 secs] 
2014-07-10T12:28:41.170+0200: 34.344: [GC pause (G1 Evacuation Pause) (young), 0.0201607 secs]
   [Parallel Time: 19.0 ms, GC Workers: 2]
      [GC Worker Start (ms): Min: 34344.5, Avg: 34344.7, Max: 34345.0, Diff: 0.5]
      [Ext Root Scanning (ms): Min: 0.4, Avg: 0.6, Max: 0.8, Diff: 0.5, Sum: 1.2]
      [Update RS (ms): Min: 0.1, Avg: 0.1, Max: 0.2, Diff: 0.1, Sum: 0.2]
         [Processed Buffers: Min: 2, Avg: 2.0, Max: 2, Diff: 0, Sum: 4]
      [Scan RS (ms): Min: 0.3, Avg: 0.4, Max: 0.4, Diff: 0.1, Sum: 0.7]
      [Code Root Scanning (ms): Min: 0.1, Avg: 0.1, Max: 0.1, Diff: 0.0, Sum: 0.3]
      [Object Copy (ms): Min: 17.4, Avg: 17.4, Max: 17.4, Diff: 0.0, Sum: 34.8]
      [Termination (ms): Min: 0.0, Avg: 0.0, Max: 0.0, Diff: 0.0, Sum: 0.0]
      [GC Worker Other (ms): Min: 0.0, Avg: 0.1, Max: 0.1, Diff: 0.0, Sum: 0.1]
      [GC Worker Total (ms): Min: 18.4, Avg: 18.7, Max: 18.9, Diff: 0.5, Sum: 37.4]
      [GC Worker End (ms): Min: 34363.4, Avg: 34363.4, Max: 34363.4, Diff: 0.0]
   [Code Root Fixup: 0.0 ms]
   [Code Root Migration: 0.1 ms]
   [Clear CT: 0.2 ms]
   [Other: 0.9 ms]
      [Choose CSet: 0.0 ms]
      [Ref Proc: 0.2 ms]
      [Ref Enq: 0.0 ms]
      [Free CSet: 0.5 ms]
   [Eden: 119.0M(119.0M)->0.0B(111.0M) Survivors: 14.0M->17.0M Heap: 230.6M(512.0M)->114.9M(512.0M)]
 [Times: user=0.06 sys=0.00, real=0.02 secs] 
2014-07-10T12:28:41.249+0200: 34.424: [GC pause (G1 Evacuation Pause) (young), 0.0396487 secs]
   [Parallel Time: 38.8 ms, GC Workers: 2]
      [GC Worker Start (ms): Min: 34423.8, Avg: 34423.8, Max: 34423.8, Diff: 0.0]
      [Ext Root Scanning (ms): Min: 0.3, Avg: 0.3, Max: 0.3, Diff: 0.0, Sum: 0.7]
      [Update RS (ms): Min: 0.0, Avg: 0.1, Max: 0.1, Diff: 0.1, Sum: 0.1]
         [Processed Buffers: Min: 1, Avg: 1.5, Max: 2, Diff: 1, Sum: 3]
      [Scan RS (ms): Min: 0.2, Avg: 0.2, Max: 0.2, Diff: 0.0, Sum: 0.4]
      [Code Root Scanning (ms): Min: 0.1, Avg: 0.1, Max: 0.1, Diff: 0.0, Sum: 0.2]
      [Object Copy (ms): Min: 38.1, Avg: 38.1, Max: 38.1, Diff: 0.0, Sum: 76.2]
      [Termination (ms): Min: 0.0, Avg: 0.0, Max: 0.0, Diff: 0.0, Sum: 0.0]
      [GC Worker Other (ms): Min: 0.0, Avg: 0.0, Max: 0.0, Diff: 0.0, Sum: 0.1]
      [GC Worker Total (ms): Min: 38.8, Avg: 38.8, Max: 38.8, Diff: 0.0, Sum: 77.6]
      [GC Worker End (ms): Min: 34462.6, Avg: 34462.6, Max: 34462.6, Diff: 0.0]
   [Code Root Fixup: 0.0 ms]
   [Code Root Migration: 0.0 ms]
   [Clear CT: 0.2 ms]
   [Other: 0.6 ms]
      [Choose CSet: 0.0 ms]
      [Ref Proc: 0.2 ms]
      [Ref Enq: 0.0 ms]
      [Free CSet: 0.2 ms]
   [Eden: 111.0M(111.0M)->0.0B(128.0M) Survivors: 17.0M->16.0M Heap: 225.9M(512.0M)->160.2M(512.0M)]
 [Times: user=0.09 sys=0.00, real=0.04 secs] 
2014-07-10T12:28:41.383+0200: 34.557: [GC pause (G1 Evacuation Pause) (young), 0.0369027 secs]
   [Parallel Time: 36.3 ms, GC Workers: 2]
      [GC Worker Start (ms): Min: 34557.2, Avg: 34557.2, Max: 34557.2, Diff: 0.0]
      [Ext Root Scanning (ms): Min: 0.3, Avg: 0.3, Max: 0.3, Diff: 0.0, Sum: 0.7]
      [Update RS (ms): Min: 0.0, Avg: 0.1, Max: 0.1, Diff: 0.1, Sum: 0.1]
         [Processed Buffers: Min: 1, Avg: 1.5, Max: 2, Diff: 1, Sum: 3]
      [Scan RS (ms): Min: 0.2, Avg: 0.2, Max: 0.3, Diff: 0.0, Sum: 0.5]
      [Code Root Scanning (ms): Min: 0.1, Avg: 0.1, Max: 0.1, Diff: 0.0, Sum: 0.2]
      [Object Copy (ms): Min: 35.5, Avg: 35.5, Max: 35.5, Diff: 0.0, Sum: 71.0]
      [Termination (ms): Min: 0.0, Avg: 0.0, Max: 0.0, Diff: 0.0, Sum: 0.0]
      [GC Worker Other (ms): Min: 0.0, Avg: 0.0, Max: 0.0, Diff: 0.0, Sum: 0.1]
      [GC Worker Total (ms): Min: 36.3, Avg: 36.3, Max: 36.3, Diff: 0.0, Sum: 72.6]
      [GC Worker End (ms): Min: 34593.5, Avg: 34593.5, Max: 34593.5, Diff: 0.0]
   [Code Root Fixup: 0.0 ms]
   [Code Root Migration: 0.0 ms]
   [Clear CT: 0.1 ms]
   [Other: 0.4 ms]
      [Choose CSet: 0.0 ms]
      [Ref Proc: 0.1 ms]
      [Ref Enq: 0.0 ms]
      [Free CSet: 0.3 ms]
   [Eden: 128.0M(128.0M)->0.0B(125.0M) Survivors: 16.0M->18.0M Heap: 288.2M(512.0M)->202.3M(512.0M)]
 [Times: user=0.06 sys=0.00, real=0.04 secs] 
2014-07-10T12:28:41.480+0200: 34.655: [GC pause (G1 Evacuation Pause) (young), 0.0325952 secs]
   [Parallel Time: 31.9 ms, GC Workers: 2]
      [GC Worker Start (ms): Min: 34654.8, Avg: 34654.8, Max: 34654.8, Diff: 0.0]
      [Ext Root Scanning (ms): Min: 0.3, Avg: 0.3, Max: 0.3, Diff: 0.0, Sum: 0.7]
      [Update RS (ms): Min: 0.0, Avg: 0.0, Max: 0.0, Diff: 0.0, Sum: 0.1]
         [Processed Buffers: Min: 2, Avg: 2.0, Max: 2, Diff: 0, Sum: 4]
      [Scan RS (ms): Min: 0.2, Avg: 0.2, Max: 0.2, Diff: 0.0, Sum: 0.5]
      [Code Root Scanning (ms): Min: 0.1, Avg: 0.1, Max: 0.1, Diff: 0.0, Sum: 0.2]
      [Object Copy (ms): Min: 31.2, Avg: 31.2, Max: 31.2, Diff: 0.0, Sum: 62.4]
      [Termination (ms): Min: 0.0, Avg: 0.0, Max: 0.0, Diff: 0.0, Sum: 0.0]
      [GC Worker Other (ms): Min: 0.0, Avg: 0.0, Max: 0.0, Diff: 0.0, Sum: 0.1]
      [GC Worker Total (ms): Min: 31.9, Avg: 31.9, Max: 31.9, Diff: 0.0, Sum: 63.8]
      [GC Worker End (ms): Min: 34686.8, Avg: 34686.8, Max: 34686.8, Diff: 0.0]
   [Code Root Fixup: 0.0 ms]
   [Code Root Migration: 0.0 ms]
   [Clear CT: 0.1 ms]
   [Other: 0.5 ms]
      [Choose CSet: 0.0 ms]
      [Ref Proc: 0.1 ms]
      [Ref Enq: 0.0 ms]
      [Free CSet: 0.2 ms]
   [Eden: 125.0M(125.0M)->0.0B(143.0M) Survivors: 18.0M->18.0M Heap: 327.3M(512.0M)->235.2M(512.0M)]
 [Times: user=0.06 sys=0.00, real=0.03 secs] 
2014-07-10T12:28:41.610+0200: 34.785: [GC pause (G1 Evacuation Pause) (young), 0.0318312 secs]
   [Parallel Time: 31.2 ms, GC Workers: 2]
      [GC Worker Start (ms): Min: 34784.9, Avg: 34784.9, Max: 34784.9, Diff: 0.0]
      [Ext Root Scanning (ms): Min: 0.4, Avg: 0.4, Max: 0.4, Diff: 0.0, Sum: 0.7]
      [Update RS (ms): Min: 0.0, Avg: 0.1, Max: 0.1, Diff: 0.1, Sum: 0.1]
         [Processed Buffers: Min: 2, Avg: 2.0, Max: 2, Diff: 0, Sum: 4]
      [Scan RS (ms): Min: 0.2, Avg: 0.2, Max: 0.3, Diff: 0.0, Sum: 0.5]
      [Code Root Scanning (ms): Min: 0.1, Avg: 0.1, Max: 0.1, Diff: 0.0, Sum: 0.2]
      [Object Copy (ms): Min: 30.3, Avg: 30.3, Max: 30.3, Diff: 0.0, Sum: 60.5]
      [Termination (ms): Min: 0.0, Avg: 0.0, Max: 0.1, Diff: 0.1, Sum: 0.1]
      [GC Worker Other (ms): Min: 0.0, Avg: 0.0, Max: 0.0, Diff: 0.0, Sum: 0.1]
      [GC Worker Total (ms): Min: 31.1, Avg: 31.1, Max: 31.1, Diff: 0.1, Sum: 62.2]
      [GC Worker End (ms): Min: 34816.0, Avg: 34816.0, Max: 34816.0, Diff: 0.1]
   [Code Root Fixup: 0.0 ms]
   [Code Root Migration: 0.0 ms]
   [Clear CT: 0.1 ms]
   [Other: 0.4 ms]
      [Choose CSet: 0.0 ms]
      [Ref Proc: 0.1 ms]
      [Ref Enq: 0.0 ms]
      [Free CSet: 0.3 ms]
   [Eden: 143.0M(143.0M)->0.0B(137.0M) Survivors: 18.0M->21.0M Heap: 378.2M(512.0M)->266.9M(512.0M)]
 [Times: user=0.06 sys=0.00, real=0.03 secs] 
2014-07-10T12:28:41.790+0200: 34.964: [GC pause (G1 Evacuation Pause) (young) (initial-mark), 0.0350105 secs]
   [Parallel Time: 34.3 ms, GC Workers: 2]
      [GC Worker Start (ms): Min: 34964.2, Avg: 34964.2, Max: 34964.2, Diff: 0.0]
      [Ext Root Scanning (ms): Min: 0.3, Avg: 0.3, Max: 0.3, Diff: 0.0, Sum: 0.7]
      [Code Root Marking (ms): Min: 0.0, Avg: 0.1, Max: 0.1, Diff: 0.0, Sum: 0.1]
      [Update RS (ms): Min: 0.0, Avg: 0.0, Max: 0.1, Diff: 0.0, Sum: 0.1]
         [Processed Buffers: Min: 1, Avg: 1.5, Max: 2, Diff: 1, Sum: 3]
      [Scan RS (ms): Min: 0.2, Avg: 0.2, Max: 0.2, Diff: 0.0, Sum: 0.4]
      [Code Root Scanning (ms): Min: 0.1, Avg: 0.1, Max: 0.1, Diff: 0.0, Sum: 0.2]
      [Object Copy (ms): Min: 33.4, Avg: 33.4, Max: 33.4, Diff: 0.0, Sum: 66.9]
      [Termination (ms): Min: 0.0, Avg: 0.0, Max: 0.0, Diff: 0.0, Sum: 0.0]
      [GC Worker Other (ms): Min: 0.0, Avg: 0.0, Max: 0.0, Diff: 0.0, Sum: 0.1]
      [GC Worker Total (ms): Min: 34.3, Avg: 34.3, Max: 34.3, Diff: 0.0, Sum: 68.5]
      [GC Worker End (ms): Min: 34998.4, Avg: 34998.4, Max: 34998.4, Diff: 0.0]
   [Code Root Fixup: 0.0 ms]
   [Code Root Migration: 0.0 ms]
   [Clear CT: 0.1 ms]
   [Other: 0.6 ms]
      [Choose CSet: 0.0 ms]
      [Ref Proc: 0.1 ms]
      [Ref Enq: 0.0 ms]
      [Free CSet: 0.3 ms]
   [Eden: 137.0M(137.0M)->0.0B(124.0M) Survivors: 21.0M->20.0M Heap: 403.9M(512.0M)->300.5M(512.0M)]
 [Times: user=0.06 sys=0.00, real=0.04 secs] 
2014-07-10T12:28:41.825+0200: 34.999: [GC concurrent-root-region-scan-start]
2014-07-10T12:28:41.825+0200: 35.000: [GC concurrent-root-region-scan-end, 0.0004682 secs]
2014-07-10T12:28:41.825+0200: 35.000: [GC concurrent-mark-start]
2014-07-10T12:28:41.886+0200: 35.060: [GC pause (G1 Evacuation Pause) (young)2014-07-10T12:28:41.915+0200: 35.090: [GC concurrent-mark-end, 0.0059195 secs]
, 0.0300358 secs]
   [Parallel Time: 29.3 ms, GC Workers: 2]
      [GC Worker Start (ms): Min: 35060.5, Avg: 35060.5, Max: 35060.5, Diff: 0.0]
      [Ext Root Scanning (ms): Min: 0.3, Avg: 0.3, Max: 0.3, Diff: 0.0, Sum: 0.7]
      [SATB Filtering (ms): Min: 0.0, Avg: 0.0, Max: 0.0, Diff: 0.0, Sum: 0.0]
      [Update RS (ms): Min: 0.0, Avg: 0.1, Max: 0.1, Diff: 0.0, Sum: 0.1]
         [Processed Buffers: Min: 1, Avg: 1.5, Max: 2, Diff: 1, Sum: 3]
      [Scan RS (ms): Min: 0.2, Avg: 0.2, Max: 0.2, Diff: 0.0, Sum: 0.5]
      [Code Root Scanning (ms): Min: 0.1, Avg: 0.1, Max: 0.1, Diff: 0.0, Sum: 0.2]
      [Object Copy (ms): Min: 28.5, Avg: 28.5, Max: 28.5, Diff: 0.0, Sum: 57.0]
      [Termination (ms): Min: 0.0, Avg: 0.0, Max: 0.0, Diff: 0.0, Sum: 0.0]
      [GC Worker Other (ms): Min: 0.0, Avg: 0.0, Max: 0.0, Diff: 0.0, Sum: 0.1]
      [GC Worker Total (ms): Min: 29.3, Avg: 29.3, Max: 29.3, Diff: 0.0, Sum: 58.6]
      [GC Worker End (ms): Min: 35089.8, Avg: 35089.8, Max: 35089.8, Diff: 0.0]
   [Code Root Fixup: 0.0 ms]
   [Code Root Migration: 0.0 ms]
   [Clear CT: 0.2 ms]
   [Other: 0.5 ms]
      [Choose CSet: 0.0 ms]
      [Ref Proc: 0.1 ms]
      [Ref Enq: 0.0 ms]
      [Free CSet: 0.2 ms]
   [Eden: 124.0M(124.0M)->0.0B(141.0M) Survivors: 20.0M->18.0M Heap: 424.5M(512.0M)->326.9M(512.0M)]
 [Times: user=0.06 sys=0.00, real=0.03 secs] 
2014-07-10T12:28:41.918+0200: 35.092: [GC remark 35.092: [GC ref-proc, 0.0000576 secs], 0.0016315 secs]
 [Times: user=0.00 sys=0.00, real=0.00 secs] 
2014-07-10T12:28:41.998+0200: 35.172: [GC cleanup 437M->252M(512M), 0.0016769 secs]
 [Times: user=0.00 sys=0.00, real=0.00 secs] 
2014-07-10T12:28:41.999+0200: 35.174: [GC concurrent-cleanup-start]
2014-07-10T12:28:42.000+0200: 35.175: [GC concurrent-cleanup-end, 0.0005734 secs]
2014-07-10T12:28:42.018+0200: 35.193: [GC pause (G1 Evacuation Pause) (young), 0.0329010 secs]
   [Parallel Time: 32.0 ms, GC Workers: 2]
      [GC Worker Start (ms): Min: 35192.7, Avg: 35192.7, Max: 35192.7, Diff: 0.0]
      [Ext Root Scanning (ms): Min: 0.3, Avg: 0.3, Max: 0.3, Diff: 0.0, Sum: 0.7]
      [Update RS (ms): Min: 0.1, Avg: 0.1, Max: 0.1, Diff: 0.0, Sum: 0.1]
         [Processed Buffers: Min: 2, Avg: 2.0, Max: 2, Diff: 0, Sum: 4]
      [Scan RS (ms): Min: 0.2, Avg: 0.2, Max: 0.2, Diff: 0.0, Sum: 0.5]
      [Code Root Scanning (ms): Min: 0.1, Avg: 0.1, Max: 0.1, Diff: 0.0, Sum: 0.2]
      [Object Copy (ms): Min: 31.2, Avg: 31.2, Max: 31.3, Diff: 0.0, Sum: 62.5]
      [Termination (ms): Min: 0.0, Avg: 0.0, Max: 0.0, Diff: 0.0, Sum: 0.0]
      [GC Worker Other (ms): Min: 0.0, Avg: 0.0, Max: 0.0, Diff: 0.0, Sum: 0.1]
      [GC Worker Total (ms): Min: 32.0, Avg: 32.0, Max: 32.0, Diff: 0.0, Sum: 64.0]
      [GC Worker End (ms): Min: 35224.7, Avg: 35224.7, Max: 35224.7, Diff: 0.0]
   [Code Root Fixup: 0.0 ms]
   [Code Root Migration: 0.0 ms]
   [Clear CT: 0.1 ms]
   [Other: 0.7 ms]
      [Choose CSet: 0.0 ms]
      [Ref Proc: 0.3 ms]
      [Ref Enq: 0.0 ms]
      [Free CSet: 0.3 ms]
   [Eden: 141.0M(141.0M)->0.0B(135.0M) Survivors: 18.0M->20.0M Heap: 282.9M(512.0M)->175.2M(512.0M)]
 [Times: user=0.06 sys=0.00, real=0.03 secs] 
2014-07-10T12:28:42.193+0200: 35.367: [GC pause (G1 Evacuation Pause) (mixed), 0.0311987 secs]
   [Parallel Time: 30.4 ms, GC Workers: 2]
      [GC Worker Start (ms): Min: 35367.3, Avg: 35367.3, Max: 35367.3, Diff: 0.0]
      [Ext Root Scanning (ms): Min: 0.4, Avg: 0.4, Max: 0.4, Diff: 0.0, Sum: 0.7]
      [Update RS (ms): Min: 0.1, Avg: 0.1, Max: 0.1, Diff: 0.0, Sum: 0.2]
         [Processed Buffers: Min: 2, Avg: 2.0, Max: 2, Diff: 0, Sum: 4]
      [Scan RS (ms): Min: 0.3, Avg: 0.3, Max: 0.3, Diff: 0.1, Sum: 0.6]
      [Code Root Scanning (ms): Min: 0.1, Avg: 0.1, Max: 0.2, Diff: 0.0, Sum: 0.3]
      [Object Copy (ms): Min: 29.4, Avg: 29.4, Max: 29.5, Diff: 0.0, Sum: 58.9]
      [Termination (ms): Min: 0.0, Avg: 0.0, Max: 0.0, Diff: 0.0, Sum: 0.0]
      [GC Worker Other (ms): Min: 0.0, Avg: 0.0, Max: 0.0, Diff: 0.0, Sum: 0.1]
      [GC Worker Total (ms): Min: 30.4, Avg: 30.4, Max: 30.4, Diff: 0.0, Sum: 60.8]
      [GC Worker End (ms): Min: 35397.7, Avg: 35397.7, Max: 35397.7, Diff: 0.0]
   [Code Root Fixup: 0.0 ms]
   [Code Root Migration: 0.0 ms]
   [Clear CT: 0.1 ms]
   [Other: 0.6 ms]
      [Choose CSet: 0.0 ms]
      [Ref Proc: 0.2 ms]
      [Ref Enq: 0.0 ms]
      [Free CSet: 0.2 ms]
   [Eden: 135.0M(135.0M)->0.0B(123.0M) Survivors: 20.0M->20.0M Heap: 310.2M(512.0M)->193.4M(512.0M)]
 [Times: user=0.06 sys=0.00, real=0.03 secs] 
2014-07-10T12:28:42.283+0200: 35.458: [GC pause (G1 Evacuation Pause) (mixed), 0.0241830 secs]
   [Parallel Time: 23.6 ms, GC Workers: 2]
      [GC Worker Start (ms): Min: 35457.9, Avg: 35457.9, Max: 35457.9, Diff: 0.0]
      [Ext Root Scanning (ms): Min: 0.3, Avg: 0.3, Max: 0.4, Diff: 0.0, Sum: 0.7]
      [Update RS (ms): Min: 0.0, Avg: 0.1, Max: 0.1, Diff: 0.1, Sum: 0.1]
         [Processed Buffers: Min: 1, Avg: 1.5, Max: 2, Diff: 1, Sum: 3]
      [Scan RS (ms): Min: 0.2, Avg: 0.2, Max: 0.2, Diff: 0.0, Sum: 0.5]
      [Code Root Scanning (ms): Min: 0.1, Avg: 0.1, Max: 0.1, Diff: 0.0, Sum: 0.2]
      [Object Copy (ms): Min: 22.8, Avg: 22.8, Max: 22.8, Diff: 0.0, Sum: 45.6]
      [Termination (ms): Min: 0.0, Avg: 0.0, Max: 0.0, Diff: 0.0, Sum: 0.0]
      [GC Worker Other (ms): Min: 0.0, Avg: 0.0, Max: 0.0, Diff: 0.0, Sum: 0.1]
      [GC Worker Total (ms): Min: 23.6, Avg: 23.6, Max: 23.6, Diff: 0.0, Sum: 47.2]
      [GC Worker End (ms): Min: 35481.5, Avg: 35481.5, Max: 35481.5, Diff: 0.0]
   [Code Root Fixup: 0.0 ms]
   [Code Root Migration: 0.0 ms]
   [Clear CT: 0.1 ms]
   [Other: 0.4 ms]
      [Choose CSet: 0.0 ms]
      [Ref Proc: 0.0 ms]
      [Ref Enq: 0.0 ms]
      [Free CSet: 0.2 ms]
   [Eden: 123.0M(123.0M)->0.0B(142.0M) Survivors: 20.0M->18.0M Heap: 316.4M(512.0M)->209.4M(512.0M)]
 [Times: user=0.03 sys=0.00, real=0.03 secs] 
2014-07-10T12:28:42.411+0200: 35.586: [GC pause (G1 Evacuation Pause) (young), 0.0302433 secs]
   [Parallel Time: 29.5 ms, GC Workers: 2]
      [GC Worker Start (ms): Min: 35585.7, Avg: 35585.7, Max: 35585.7, Diff: 0.0]
      [Ext Root Scanning (ms): Min: 0.3, Avg: 0.3, Max: 0.3, Diff: 0.0, Sum: 0.6]
      [Update RS (ms): Min: 0.0, Avg: 0.0, Max: 0.1, Diff: 0.0, Sum: 0.1]
         [Processed Buffers: Min: 1, Avg: 1.5, Max: 2, Diff: 1, Sum: 3]
      [Scan RS (ms): Min: 0.2, Avg: 0.2, Max: 0.3, Diff: 0.0, Sum: 0.5]
      [Code Root Scanning (ms): Min: 0.1, Avg: 0.1, Max: 0.1, Diff: 0.0, Sum: 0.2]
      [Object Copy (ms): Min: 28.7, Avg: 28.7, Max: 28.7, Diff: 0.0, Sum: 57.5]
      [Termination (ms): Min: 0.0, Avg: 0.0, Max: 0.0, Diff: 0.0, Sum: 0.0]
      [GC Worker Other (ms): Min: 0.0, Avg: 0.0, Max: 0.0, Diff: 0.0, Sum: 0.1]
      [GC Worker Total (ms): Min: 29.5, Avg: 29.5, Max: 29.5, Diff: 0.0, Sum: 58.9]
      [GC Worker End (ms): Min: 35615.2, Avg: 35615.2, Max: 35615.2, Diff: 0.0]
   [Code Root Fixup: 0.0 ms]
   [Code Root Migration: 0.0 ms]
   [Clear CT: 0.2 ms]
   [Other: 0.5 ms]
      [Choose CSet: 0.0 ms]
      [Ref Proc: 0.1 ms]
      [Ref Enq: 0.0 ms]
      [Free CSet: 0.3 ms]
   [Eden: 142.0M(142.0M)->0.0B(135.0M) Survivors: 18.0M->20.0M Heap: 351.4M(512.0M)->238.3M(512.0M)]
 [Times: user=0.06 sys=0.00, real=0.03 secs] 
2014-07-10T12:28:42.591+0200: 35.765: [GC pause (G1 Evacuation Pause) (young), 0.0341295 secs]
   [Parallel Time: 33.1 ms, GC Workers: 2]
      [GC Worker Start (ms): Min: 35765.6, Avg: 35765.6, Max: 35765.6, Diff: 0.0]
      [Ext Root Scanning (ms): Min: 0.6, Avg: 0.6, Max: 0.7, Diff: 0.0, Sum: 1.3]
      [Update RS (ms): Min: 0.1, Avg: 0.1, Max: 0.2, Diff: 0.1, Sum: 0.2]
         [Processed Buffers: Min: 2, Avg: 2.0, Max: 2, Diff: 0, Sum: 4]
      [Scan RS (ms): Min: 0.4, Avg: 0.4, Max: 0.4, Diff: 0.1, Sum: 0.8]
      [Code Root Scanning (ms): Min: 0.1, Avg: 0.1, Max: 0.2, Diff: 0.0, Sum: 0.3]
      [Object Copy (ms): Min: 31.7, Avg: 31.7, Max: 31.7, Diff: 0.0, Sum: 63.3]
      [Termination (ms): Min: 0.0, Avg: 0.0, Max: 0.0, Diff: 0.0, Sum: 0.0]
      [GC Worker Other (ms): Min: 0.0, Avg: 0.1, Max: 0.1, Diff: 0.1, Sum: 0.1]
      [GC Worker Total (ms): Min: 33.0, Avg: 33.0, Max: 33.1, Diff: 0.0, Sum: 66.1]
      [GC Worker End (ms): Min: 35798.7, Avg: 35798.7, Max: 35798.7, Diff: 0.0]
   [Code Root Fixup: 0.0 ms]
   [Code Root Migration: 0.0 ms]
   [Clear CT: 0.1 ms]
   [Other: 0.9 ms]
      [Choose CSet: 0.0 ms]
      [Ref Proc: 0.4 ms]
      [Ref Enq: 0.0 ms]
      [Free CSet: 0.3 ms]
   [Eden: 135.0M(135.0M)->0.0B(121.0M) Survivors: 20.0M->20.0M Heap: 373.3M(512.0M)->259.9M(512.0M)]
 [Times: user=0.08 sys=0.02, real=0.03 secs] 
2014-07-10T12:28:42.688+0200: 35.863: [GC pause (G1 Evacuation Pause) (young) (initial-mark), 0.0202766 secs]
   [Parallel Time: 19.6 ms, GC Workers: 2]
      [GC Worker Start (ms): Min: 35862.8, Avg: 35862.8, Max: 35862.8, Diff: 0.0]
      [Ext Root Scanning (ms): Min: 0.4, Avg: 0.4, Max: 0.4, Diff: 0.0, Sum: 0.9]
      [Code Root Marking (ms): Min: 0.1, Avg: 0.1, Max: 0.1, Diff: 0.0, Sum: 0.1]
      [Update RS (ms): Min: 0.0, Avg: 0.0, Max: 0.0, Diff: 0.0, Sum: 0.1]
         [Processed Buffers: Min: 1, Avg: 1.5, Max: 2, Diff: 1, Sum: 3]
      [Scan RS (ms): Min: 0.2, Avg: 0.2, Max: 0.2, Diff: 0.0, Sum: 0.4]
      [Code Root Scanning (ms): Min: 0.1, Avg: 0.1, Max: 0.1, Diff: 0.0, Sum: 0.2]
      [Object Copy (ms): Min: 18.6, Avg: 18.7, Max: 18.7, Diff: 0.0, Sum: 37.3]
      [Termination (ms): Min: 0.0, Avg: 0.0, Max: 0.0, Diff: 0.0, Sum: 0.0]
      [GC Worker Other (ms): Min: 0.0, Avg: 0.0, Max: 0.0, Diff: 0.0, Sum: 0.1]
      [GC Worker Total (ms): Min: 19.5, Avg: 19.5, Max: 19.5, Diff: 0.0, Sum: 39.1]
      [GC Worker End (ms): Min: 35882.3, Avg: 35882.3, Max: 35882.3, Diff: 0.0]
   [Code Root Fixup: 0.0 ms]
   [Code Root Migration: 0.0 ms]
   [Clear CT: 0.1 ms]
   [Other: 0.6 ms]
      [Choose CSet: 0.0 ms]
      [Ref Proc: 0.1 ms]
      [Ref Enq: 0.0 ms]
      [Free CSet: 0.2 ms]
   [Eden: 121.0M(121.0M)->0.0B(136.0M) Survivors: 20.0M->18.0M Heap: 380.9M(512.0M)->270.5M(512.0M)]
 [Times: user=0.03 sys=0.00, real=0.02 secs] 
2014-07-10T12:28:42.709+0200: 35.883: [GC concurrent-root-region-scan-start]
2014-07-10T12:28:42.709+0200: 35.883: [GC concurrent-root-region-scan-end, 0.0002871 secs]
2014-07-10T12:28:42.709+0200: 35.884: [GC concurrent-mark-start]
2014-07-10T12:28:42.788+0200: 35.962: [GC concurrent-mark-end, 0.0049978 secs]
2014-07-10T12:28:42.788+0200: 35.962: [GC remark 35.962: [GC ref-proc, 0.0000583 secs], 0.0015252 secs]
 [Times: user=0.00 sys=0.00, real=0.00 secs] 
2014-07-10T12:28:42.805+0200: 35.979: [GC pause (G1 Evacuation Pause) (young), 0.0228408 secs]
   [Parallel Time: 22.1 ms, GC Workers: 2]
      [GC Worker Start (ms): Min: 35979.4, Avg: 35979.4, Max: 35979.4, Diff: 0.0]
      [Ext Root Scanning (ms): Min: 0.4, Avg: 0.4, Max: 0.5, Diff: 0.1, Sum: 0.9]
      [SATB Filtering (ms): Min: 0.0, Avg: 0.0, Max: 0.0, Diff: 0.0, Sum: 0.0]
      [Update RS (ms): Min: 0.0, Avg: 0.0, Max: 0.1, Diff: 0.1, Sum: 0.1]
         [Processed Buffers: Min: 0, Avg: 1.5, Max: 3, Diff: 3, Sum: 3]
      [Scan RS (ms): Min: 0.2, Avg: 0.2, Max: 0.3, Diff: 0.0, Sum: 0.5]
      [Code Root Scanning (ms): Min: 0.1, Avg: 0.1, Max: 0.1, Diff: 0.0, Sum: 0.2]
      [Object Copy (ms): Min: 21.2, Avg: 21.2, Max: 21.2, Diff: 0.0, Sum: 42.4]
      [Termination (ms): Min: 0.0, Avg: 0.0, Max: 0.0, Diff: 0.0, Sum: 0.0]
      [GC Worker Other (ms): Min: 0.0, Avg: 0.0, Max: 0.0, Diff: 0.0, Sum: 0.1]
      [GC Worker Total (ms): Min: 22.1, Avg: 22.1, Max: 22.1, Diff: 0.0, Sum: 44.2]
      [GC Worker End (ms): Min: 36001.5, Avg: 36001.5, Max: 36001.5, Diff: 0.0]
   [Code Root Fixup: 0.0 ms]
   [Code Root Migration: 0.0 ms]
   [Clear CT: 0.2 ms]
   [Other: 0.5 ms]
      [Choose CSet: 0.0 ms]
      [Ref Proc: 0.1 ms]
      [Ref Enq: 0.0 ms]
      [Free CSet: 0.3 ms]
   [Eden: 136.0M(136.0M)->0.0B(132.0M) Survivors: 18.0M->20.0M Heap: 406.5M(512.0M)->286.9M(512.0M)]
 [Times: user=0.06 sys=0.00, real=0.02 secs] 
2014-07-10T12:28:42.868+0200: 36.042: [GC cleanup 346M->165M(512M), 0.0017099 secs]
 [Times: user=0.00 sys=0.00, real=0.00 secs] 
2014-07-10T12:28:42.869+0200: 36.044: [GC concurrent-cleanup-start]
2014-07-10T12:28:42.870+0200: 36.045: [GC concurrent-cleanup-end, 0.0006097 secs]
2014-07-10T12:28:42.984+0200: 36.159: [GC pause (G1 Evacuation Pause) (young), 0.0286672 secs]
   [Parallel Time: 27.7 ms, GC Workers: 2]
      [GC Worker Start (ms): Min: 36158.9, Avg: 36158.9, Max: 36158.9, Diff: 0.0]
      [Ext Root Scanning (ms): Min: 0.6, Avg: 0.7, Max: 0.7, Diff: 0.0, Sum: 1.3]
      [Update RS (ms): Min: 0.0, Avg: 0.1, Max: 0.1, Diff: 0.1, Sum: 0.1]
         [Processed Buffers: Min: 1, Avg: 1.0, Max: 1, Diff: 0, Sum: 2]
      [Scan RS (ms): Min: 0.4, Avg: 0.4, Max: 0.5, Diff: 0.1, Sum: 0.9]
      [Code Root Scanning (ms): Min: 0.1, Avg: 0.1, Max: 0.1, Diff: 0.0, Sum: 0.3]
      [Object Copy (ms): Min: 26.3, Avg: 26.3, Max: 26.3, Diff: 0.0, Sum: 52.7]
      [Termination (ms): Min: 0.0, Avg: 0.0, Max: 0.0, Diff: 0.0, Sum: 0.0]
      [GC Worker Other (ms): Min: 0.0, Avg: 0.0, Max: 0.1, Diff: 0.0, Sum: 0.1]
      [GC Worker Total (ms): Min: 27.7, Avg: 27.7, Max: 27.7, Diff: 0.0, Sum: 55.4]
      [GC Worker End (ms): Min: 36186.6, Avg: 36186.6, Max: 36186.6, Diff: 0.0]
   [Code Root Fixup: 0.0 ms]
   [Code Root Migration: 0.0 ms]
   [Clear CT: 0.1 ms]
   [Other: 0.8 ms]
      [Choose CSet: 0.0 ms]
      [Ref Proc: 0.1 ms]
      [Ref Enq: 0.0 ms]
      [Free CSet: 0.5 ms]
   [Eden: 132.0M(132.0M)->0.0B(118.0M) Survivors: 20.0M->19.0M Heap: 237.9M(512.0M)->120.2M(512.0M)]
 [Times: user=0.03 sys=0.00, real=0.03 secs] 
2014-07-10T12:28:43.069+0200: 36.244: [GC pause (G1 Evacuation Pause) (mixed), 0.0029972 secs]
   [Parallel Time: 2.4 ms, GC Workers: 2]
      [GC Worker Start (ms): Min: 36243.8, Avg: 36243.8, Max: 36243.8, Diff: 0.0]
      [Ext Root Scanning (ms): Min: 0.4, Avg: 0.4, Max: 0.4, Diff: 0.0, Sum: 0.7]
      [Update RS (ms): Min: 0.1, Avg: 0.1, Max: 0.1, Diff: 0.0, Sum: 0.2]
         [Processed Buffers: Min: 1, Avg: 1.5, Max: 2, Diff: 1, Sum: 3]
      [Scan RS (ms): Min: 0.2, Avg: 0.2, Max: 0.2, Diff: 0.0, Sum: 0.5]
      [Code Root Scanning (ms): Min: 0.1, Avg: 0.1, Max: 0.1, Diff: 0.0, Sum: 0.2]
      [Object Copy (ms): Min: 1.6, Avg: 1.6, Max: 1.6, Diff: 0.0, Sum: 3.2]
      [Termination (ms): Min: 0.0, Avg: 0.0, Max: 0.0, Diff: 0.0, Sum: 0.0]
      [GC Worker Other (ms): Min: 0.0, Avg: 0.0, Max: 0.0, Diff: 0.0, Sum: 0.1]
      [GC Worker Total (ms): Min: 2.4, Avg: 2.4, Max: 2.4, Diff: 0.0, Sum: 4.8]
      [GC Worker End (ms): Min: 36246.2, Avg: 36246.2, Max: 36246.2, Diff: 0.0]
   [Code Root Fixup: 0.0 ms]
   [Code Root Migration: 0.0 ms]
   [Clear CT: 0.1 ms]
   [Other: 0.4 ms]
      [Choose CSet: 0.0 ms]
      [Ref Proc: 0.1 ms]
      [Ref Enq: 0.0 ms]
      [Free CSet: 0.2 ms]
   [Eden: 118.0M(118.0M)->0.0B(140.0M) Survivors: 19.0M->3072.0K Heap: 238.2M(512.0M)->97.3M(512.0M)]
 [Times: user=0.00 sys=0.00, real=0.00 secs] 
2014-07-10T12:28:43.204+0200: 36.378: [GC pause (G1 Evacuation Pause) (young), 0.0085816 secs]
   [Parallel Time: 8.0 ms, GC Workers: 2]
      [GC Worker Start (ms): Min: 36378.3, Avg: 36378.4, Max: 36378.4, Diff: 0.0]
      [Ext Root Scanning (ms): Min: 0.3, Avg: 0.4, Max: 0.4, Diff: 0.0, Sum: 0.7]
      [Update RS (ms): Min: 0.1, Avg: 0.1, Max: 0.1, Diff: 0.1, Sum: 0.2]
         [Processed Buffers: Min: 1, Avg: 1.5, Max: 2, Diff: 1, Sum: 3]
      [Scan RS (ms): Min: 0.2, Avg: 0.3, Max: 0.3, Diff: 0.1, Sum: 0.5]
      [Code Root Scanning (ms): Min: 0.1, Avg: 0.1, Max: 0.1, Diff: 0.0, Sum: 0.3]
      [Object Copy (ms): Min: 7.1, Avg: 7.1, Max: 7.1, Diff: 0.0, Sum: 14.2]
      [Termination (ms): Min: 0.0, Avg: 0.0, Max: 0.0, Diff: 0.0, Sum: 0.0]
      [GC Worker Other (ms): Min: 0.0, Avg: 0.0, Max: 0.0, Diff: 0.0, Sum: 0.1]
      [GC Worker Total (ms): Min: 7.9, Avg: 7.9, Max: 8.0, Diff: 0.0, Sum: 15.9]
      [GC Worker End (ms): Min: 36386.3, Avg: 36386.3, Max: 36386.3, Diff: 0.0]
   [Code Root Fixup: 0.0 ms]
   [Code Root Migration: 0.0 ms]
   [Clear CT: 0.1 ms]
   [Other: 0.4 ms]
      [Choose CSet: 0.0 ms]
      [Ref Proc: 0.0 ms]
      [Ref Enq: 0.0 ms]
      [Free CSet: 0.3 ms]
   [Eden: 140.0M(140.0M)->0.0B(128.0M) Survivors: 3072.0K->11.0M Heap: 237.3M(512.0M)->105.1M(512.0M)]
 [Times: user=0.00 sys=0.00, real=0.01 secs] 
2014-07-10T12:28:43.360+0200: 36.534: [GC pause (G1 Evacuation Pause) (young), 0.0060541 secs]
   [Parallel Time: 5.4 ms, GC Workers: 2]
      [GC Worker Start (ms): Min: 36534.2, Avg: 36534.2, Max: 36534.2, Diff: 0.0]
      [Ext Root Scanning (ms): Min: 0.3, Avg: 0.3, Max: 0.3, Diff: 0.0, Sum: 0.6]
      [Update RS (ms): Min: 0.0, Avg: 0.1, Max: 0.1, Diff: 0.1, Sum: 0.1]
         [Processed Buffers: Min: 1, Avg: 1.5, Max: 2, Diff: 1, Sum: 3]
      [Scan RS (ms): Min: 0.2, Avg: 0.2, Max: 0.3, Diff: 0.0, Sum: 0.5]
      [Code Root Scanning (ms): Min: 0.1, Avg: 0.1, Max: 0.1, Diff: 0.0, Sum: 0.2]
      [Object Copy (ms): Min: 4.6, Avg: 4.6, Max: 4.6, Diff: 0.0, Sum: 9.2]
      [Termination (ms): Min: 0.0, Avg: 0.0, Max: 0.0, Diff: 0.0, Sum: 0.0]
      [GC Worker Other (ms): Min: 0.0, Avg: 0.0, Max: 0.0, Diff: 0.0, Sum: 0.1]
      [GC Worker Total (ms): Min: 5.4, Avg: 5.4, Max: 5.4, Diff: 0.0, Sum: 10.7]
      [GC Worker End (ms): Min: 36539.6, Avg: 36539.6, Max: 36539.6, Diff: 0.0]
   [Code Root Fixup: 0.0 ms]
   [Code Root Migration: 0.0 ms]
   [Clear CT: 0.1 ms]
   [Other: 0.5 ms]
      [Choose CSet: 0.0 ms]
      [Ref Proc: 0.1 ms]
      [Ref Enq: 0.0 ms]
      [Free CSet: 0.3 ms]
   [Eden: 128.0M(128.0M)->0.0B(300.0M) Survivors: 11.0M->7168.0K Heap: 233.1M(512.0M)->101.0M(512.0M)]
 [Times: user=0.00 sys=0.00, real=0.01 secs] 
2014-07-10T12:28:43.611+0200: 36.786: [GC pause (G1 Evacuation Pause) (young), 0.0232972 secs]
   [Parallel Time: 22.3 ms, GC Workers: 2]
      [GC Worker Start (ms): Min: 36786.0, Avg: 36786.1, Max: 36786.1, Diff: 0.0]
      [Ext Root Scanning (ms): Min: 0.3, Avg: 0.3, Max: 0.3, Diff: 0.0, Sum: 0.7]
      [Update RS (ms): Min: 0.1, Avg: 0.1, Max: 0.1, Diff: 0.0, Sum: 0.1]
         [Processed Buffers: Min: 1, Avg: 1.5, Max: 2, Diff: 1, Sum: 3]
      [Scan RS (ms): Min: 0.4, Avg: 0.5, Max: 0.5, Diff: 0.0, Sum: 0.9]
      [Code Root Scanning (ms): Min: 0.2, Avg: 0.2, Max: 0.2, Diff: 0.0, Sum: 0.4]
      [Object Copy (ms): Min: 21.1, Avg: 21.1, Max: 21.2, Diff: 0.0, Sum: 42.3]
      [Termination (ms): Min: 0.0, Avg: 0.0, Max: 0.0, Diff: 0.0, Sum: 0.0]
      [GC Worker Other (ms): Min: 0.0, Avg: 0.0, Max: 0.0, Diff: 0.0, Sum: 0.1]
      [GC Worker Total (ms): Min: 22.2, Avg: 22.2, Max: 22.3, Diff: 0.0, Sum: 44.5]
      [GC Worker End (ms): Min: 36808.3, Avg: 36808.3, Max: 36808.3, Diff: 0.0]
   [Code Root Fixup: 0.0 ms]
   [Code Root Migration: 0.1 ms]
   [Clear CT: 0.2 ms]
   [Other: 0.7 ms]
      [Choose CSet: 0.0 ms]
      [Ref Proc: 0.2 ms]
      [Ref Enq: 0.0 ms]
      [Free CSet: 0.4 ms]
   [Eden: 300.0M(300.0M)->0.0B(112.0M) Survivors: 7168.0K->35.0M Heap: 401.0M(512.0M)->128.8M(512.0M)]
 [Times: user=0.03 sys=0.00, real=0.02 secs] 
2014-07-10T12:28:43.761+0200: 36.936: [GC pause (G1 Evacuation Pause) (young), 0.0106134 secs]
   [Parallel Time: 9.9 ms, GC Workers: 2]
      [GC Worker Start (ms): Min: 36935.9, Avg: 36935.9, Max: 36935.9, Diff: 0.0]
      [Ext Root Scanning (ms): Min: 0.3, Avg: 0.3, Max: 0.3, Diff: 0.0, Sum: 0.6]
      [Update RS (ms): Min: 0.0, Avg: 0.0, Max: 0.0, Diff: 0.0, Sum: 0.1]
         [Processed Buffers: Min: 1, Avg: 1.5, Max: 2, Diff: 1, Sum: 3]
      [Scan RS (ms): Min: 0.2, Avg: 0.2, Max: 0.2, Diff: 0.0, Sum: 0.4]
      [Code Root Scanning (ms): Min: 0.1, Avg: 0.1, Max: 0.1, Diff: 0.0, Sum: 0.2]
      [Object Copy (ms): Min: 9.1, Avg: 9.1, Max: 9.1, Diff: 0.0, Sum: 18.3]
      [Termination (ms): Min: 0.0, Avg: 0.0, Max: 0.0, Diff: 0.0, Sum: 0.0]
      [GC Worker Other (ms): Min: 0.0, Avg: 0.0, Max: 0.0, Diff: 0.0, Sum: 0.1]
      [GC Worker Total (ms): Min: 9.8, Avg: 9.8, Max: 9.8, Diff: 0.0, Sum: 19.6]
      [GC Worker End (ms): Min: 36945.7, Avg: 36945.7, Max: 36945.7, Diff: 0.0]
   [Code Root Fixup: 0.0 ms]
   [Code Root Migration: 0.0 ms]
   [Clear CT: 0.2 ms]
   [Other: 0.5 ms]
      [Choose CSet: 0.0 ms]
      [Ref Proc: 0.1 ms]
      [Ref Enq: 0.0 ms]
      [Free CSet: 0.3 ms]
   [Eden: 112.0M(112.0M)->0.0B(292.0M) Survivors: 35.0M->15.0M Heap: 240.8M(512.0M)->108.7M(512.0M)]
 [Times: user=0.03 sys=0.00, real=0.01 secs] 
2014-07-10T12:28:44.012+0200: 37.185: [GC pause (G1 Evacuation Pause) (young), 0.0208221 secs]
   [Parallel Time: 19.6 ms, GC Workers: 2]
      [GC Worker Start (ms): Min: 37185.3, Avg: 37185.3, Max: 37185.3, Diff: 0.0]
      [Ext Root Scanning (ms): Min: 0.3, Avg: 0.3, Max: 0.3, Diff: 0.0, Sum: 0.6]
      [Update RS (ms): Min: 0.0, Avg: 0.1, Max: 0.1, Diff: 0.0, Sum: 0.1]
         [Processed Buffers: Min: 2, Avg: 2.0, Max: 2, Diff: 0, Sum: 4]
      [Scan RS (ms): Min: 0.4, Avg: 0.4, Max: 0.4, Diff: 0.0, Sum: 0.9]
      [Code Root Scanning (ms): Min: 0.2, Avg: 0.2, Max: 0.2, Diff: 0.0, Sum: 0.4]
      [Object Copy (ms): Min: 18.5, Avg: 18.5, Max: 18.5, Diff: 0.0, Sum: 37.0]
      [Termination (ms): Min: 0.0, Avg: 0.0, Max: 0.0, Diff: 0.0, Sum: 0.0]
      [GC Worker Other (ms): Min: 0.0, Avg: 0.0, Max: 0.0, Diff: 0.0, Sum: 0.1]
      [GC Worker Total (ms): Min: 19.5, Avg: 19.5, Max: 19.5, Diff: 0.0, Sum: 39.0]
      [GC Worker End (ms): Min: 37204.8, Avg: 37204.8, Max: 37204.8, Diff: 0.0]
   [Code Root Fixup: 0.0 ms]
   [Code Root Migration: 0.1 ms]
   [Clear CT: 0.2 ms]
   [Other: 1.0 ms]
      [Choose CSet: 0.0 ms]
      [Ref Proc: 0.5 ms]
      [Ref Enq: 0.0 ms]
      [Free CSet: 0.4 ms]
   [Eden: 292.0M(292.0M)->0.0B(103.0M) Survivors: 15.0M->30.0M Heap: 400.7M(512.0M)->124.3M(512.0M)]
 [Times: user=0.05 sys=0.01, real=0.02 secs] 
2014-07-10T12:28:44.156+0200: 37.330: [GC pause (G1 Evacuation Pause) (young), 0.0027134 secs]
   [Parallel Time: 1.7 ms, GC Workers: 2]
      [GC Worker Start (ms): Min: 37330.1, Avg: 37330.2, Max: 37330.2, Diff: 0.0]
      [Ext Root Scanning (ms): Min: 0.5, Avg: 0.5, Max: 0.5, Diff: 0.0, Sum: 0.9]
      [Update RS (ms): Min: 0.1, Avg: 0.1, Max: 0.1, Diff: 0.0, Sum: 0.1]
         [Processed Buffers: Min: 1, Avg: 1.5, Max: 2, Diff: 1, Sum: 3]
      [Scan RS (ms): Min: 0.3, Avg: 0.3, Max: 0.4, Diff: 0.1, Sum: 0.7]
      [Code Root Scanning (ms): Min: 0.2, Avg: 0.2, Max: 0.3, Diff: 0.1, Sum: 0.5]
      [Object Copy (ms): Min: 0.5, Avg: 0.5, Max: 0.5, Diff: 0.0, Sum: 1.0]
      [Termination (ms): Min: 0.0, Avg: 0.0, Max: 0.0, Diff: 0.0, Sum: 0.0]
      [GC Worker Other (ms): Min: 0.0, Avg: 0.0, Max: 0.0, Diff: 0.0, Sum: 0.1]
      [GC Worker Total (ms): Min: 1.6, Avg: 1.6, Max: 1.6, Diff: 0.0, Sum: 3.3]
      [GC Worker End (ms): Min: 37331.8, Avg: 37331.8, Max: 37331.8, Diff: 0.0]
   [Code Root Fixup: 0.0 ms]
   [Code Root Migration: 0.0 ms]
   [Clear CT: 0.2 ms]
   [Other: 0.8 ms]
      [Choose CSet: 0.0 ms]
      [Ref Proc: 0.2 ms]
      [Ref Enq: 0.0 ms]
      [Free CSet: 0.4 ms]
   [Eden: 103.0M(103.0M)->0.0B(306.0M) Survivors: 30.0M->1024.0K Heap: 227.3M(512.0M)->95.3M(512.0M)]
 [Times: user=0.00 sys=0.00, real=0.00 secs] 
2014-07-10T12:28:44.410+0200: 37.583: [GC pause (G1 Evacuation Pause) (young), 0.0278555 secs]
   [Parallel Time: 26.8 ms, GC Workers: 2]
      [GC Worker Start (ms): Min: 37583.3, Avg: 37583.3, Max: 37583.3, Diff: 0.0]
      [Ext Root Scanning (ms): Min: 0.3, Avg: 0.3, Max: 0.3, Diff: 0.0, Sum: 0.6]
      [Update RS (ms): Min: 0.0, Avg: 0.0, Max: 0.1, Diff: 0.0, Sum: 0.1]
         [Processed Buffers: Min: 1, Avg: 1.5, Max: 2, Diff: 1, Sum: 3]
      [Scan RS (ms): Min: 0.5, Avg: 0.5, Max: 0.5, Diff: 0.0, Sum: 1.0]
      [Code Root Scanning (ms): Min: 0.2, Avg: 0.2, Max: 0.2, Diff: 0.0, Sum: 0.4]
      [Object Copy (ms): Min: 25.7, Avg: 25.7, Max: 25.7, Diff: 0.0, Sum: 51.4]
      [Termination (ms): Min: 0.0, Avg: 0.0, Max: 0.0, Diff: 0.0, Sum: 0.0]
      [GC Worker Other (ms): Min: 0.0, Avg: 0.0, Max: 0.0, Diff: 0.0, Sum: 0.1]
      [GC Worker Total (ms): Min: 26.8, Avg: 26.8, Max: 26.8, Diff: 0.0, Sum: 53.6]
      [GC Worker End (ms): Min: 37610.1, Avg: 37610.1, Max: 37610.1, Diff: 0.0]
   [Code Root Fixup: 0.0 ms]
   [Code Root Migration: 0.1 ms]
   [Clear CT: 0.2 ms]
   [Other: 0.7 ms]
      [Choose CSet: 0.0 ms]
      [Ref Proc: 0.1 ms]
      [Ref Enq: 0.0 ms]
      [Free CSet: 0.4 ms]
   [Eden: 306.0M(306.0M)->0.0B(98.0M) Survivors: 1024.0K->39.0M Heap: 401.3M(512.0M)->137.1M(512.0M)]
 [Times: user=0.06 sys=0.00, real=0.03 secs] 
2014-07-10T12:28:44.491+0200: 37.665: [GC pause (G1 Evacuation Pause) (young), 0.0043148 secs]
   [Parallel Time: 3.7 ms, GC Workers: 2]
      [GC Worker Start (ms): Min: 37665.1, Avg: 37665.1, Max: 37665.1, Diff: 0.0]
      [Ext Root Scanning (ms): Min: 0.3, Avg: 0.3, Max: 0.3, Diff: 0.0, Sum: 0.7]
      [Update RS (ms): Min: 0.0, Avg: 0.0, Max: 0.0, Diff: 0.0, Sum: 0.1]
         [Processed Buffers: Min: 1, Avg: 1.5, Max: 2, Diff: 1, Sum: 3]
      [Scan RS (ms): Min: 0.2, Avg: 0.2, Max: 0.2, Diff: 0.0, Sum: 0.4]
      [Code Root Scanning (ms): Min: 0.1, Avg: 0.1, Max: 0.1, Diff: 0.0, Sum: 0.2]
      [Object Copy (ms): Min: 2.9, Avg: 2.9, Max: 2.9, Diff: 0.0, Sum: 5.8]
      [Termination (ms): Min: 0.0, Avg: 0.0, Max: 0.0, Diff: 0.0, Sum: 0.0]
      [GC Worker Other (ms): Min: 0.0, Avg: 0.0, Max: 0.0, Diff: 0.0, Sum: 0.1]
      [GC Worker Total (ms): Min: 3.6, Avg: 3.6, Max: 3.6, Diff: 0.0, Sum: 7.3]
      [GC Worker End (ms): Min: 37668.7, Avg: 37668.7, Max: 37668.7, Diff: 0.0]
   [Code Root Fixup: 0.0 ms]
   [Code Root Migration: 0.0 ms]
   [Clear CT: 0.1 ms]
   [Other: 0.5 ms]
      [Choose CSet: 0.0 ms]
      [Ref Proc: 0.1 ms]
      [Ref Enq: 0.0 ms]
      [Free CSet: 0.3 ms]
   [Eden: 98.0M(98.0M)->0.0B(302.0M) Survivors: 39.0M->5120.0K Heap: 235.1M(512.0M)->102.5M(512.0M)]
 [Times: user=0.00 sys=0.00, real=0.01 secs] 
2014-07-10T12:28:44.834+0200: 38.007: [GC pause (G1 Evacuation Pause) (young), 0.0247938 secs]
   [Parallel Time: 23.7 ms, GC Workers: 2]
      [GC Worker Start (ms): Min: 38007.5, Avg: 38013.6, Max: 38019.7, Diff: 12.2]
      [Ext Root Scanning (ms): Min: 0.0, Avg: 0.2, Max: 0.3, Diff: 0.3, Sum: 0.4]
      [Update RS (ms): Min: 0.0, Avg: 0.0, Max: 0.1, Diff: 0.1, Sum: 0.1]
         [Processed Buffers: Min: 0, Avg: 2.0, Max: 4, Diff: 4, Sum: 4]
      [Scan RS (ms): Min: 0.1, Avg: 0.5, Max: 0.8, Diff: 0.8, Sum: 0.9]
      [Code Root Scanning (ms): Min: 0.0, Avg: 0.2, Max: 0.4, Diff: 0.4, Sum: 0.4]
      [Object Copy (ms): Min: 11.1, Avg: 16.5, Max: 21.8, Diff: 10.7, Sum: 32.9]
      [Termination (ms): Min: 0.0, Avg: 0.0, Max: 0.0, Diff: 0.0, Sum: 0.0]
      [GC Worker Other (ms): Min: 0.0, Avg: 0.0, Max: 0.0, Diff: 0.0, Sum: 0.1]
      [GC Worker Total (ms): Min: 11.2, Avg: 17.4, Max: 23.5, Diff: 12.2, Sum: 34.7]
      [GC Worker End (ms): Min: 38030.9, Avg: 38030.9, Max: 38030.9, Diff: 0.0]
   [Code Root Fixup: 0.0 ms]
   [Code Root Migration: 0.1 ms]
   [Clear CT: 0.3 ms]
   [Other: 0.7 ms]
      [Choose CSet: 0.0 ms]
      [Ref Proc: 0.1 ms]
      [Ref Enq: 0.0 ms]
      [Free CSet: 0.5 ms]
   [Eden: 302.0M(302.0M)->0.0B(109.0M) Survivors: 5120.0K->35.0M Heap: 404.5M(512.0M)->132.2M(512.0M)]
 [Times: user=0.05 sys=0.00, real=0.02 secs] 
2014-07-10T12:28:44.965+0200: 38.138: [GC pause (G1 Evacuation Pause) (young), 0.0157150 secs]
   [Parallel Time: 14.8 ms, GC Workers: 2]
      [GC Worker Start (ms): Min: 38138.5, Avg: 38144.1, Max: 38149.6, Diff: 11.1]
      [Ext Root Scanning (ms): Min: 0.0, Avg: 0.5, Max: 1.0, Diff: 1.0, Sum: 1.0]
      [Update RS (ms): Min: 0.0, Avg: 0.1, Max: 0.1, Diff: 0.1, Sum: 0.1]
         [Processed Buffers: Min: 0, Avg: 1.0, Max: 2, Diff: 2, Sum: 2]
      [Scan RS (ms): Min: 0.1, Avg: 0.4, Max: 0.7, Diff: 0.7, Sum: 0.8]
      [Code Root Scanning (ms): Min: 0.0, Avg: 0.1, Max: 0.3, Diff: 0.3, Sum: 0.3]
      [Object Copy (ms): Min: 3.3, Avg: 7.8, Max: 12.3, Diff: 9.0, Sum: 15.6]
      [Termination (ms): Min: 0.0, Avg: 0.0, Max: 0.0, Diff: 0.0, Sum: 0.0]
      [GC Worker Other (ms): Min: 0.1, Avg: 0.1, Max: 0.1, Diff: 0.0, Sum: 0.1]
      [GC Worker Total (ms): Min: 3.5, Avg: 9.0, Max: 14.6, Diff: 11.1, Sum: 18.1]
      [GC Worker End (ms): Min: 38153.1, Avg: 38153.1, Max: 38153.1, Diff: 0.0]
   [Code Root Fixup: 0.0 ms]
   [Code Root Migration: 0.0 ms]
   [Clear CT: 0.1 ms]
   [Other: 0.8 ms]
      [Choose CSet: 0.0 ms]
      [Ref Proc: 0.2 ms]
      [Ref Enq: 0.0 ms]
      [Free CSet: 0.3 ms]
   [Eden: 109.0M(109.0M)->0.0B(103.0M) Survivors: 35.0M->11.0M Heap: 241.2M(512.0M)->109.0M(512.0M)]
 [Times: user=0.02 sys=0.00, real=0.02 secs] 
2014-07-10T12:28:45.031+0200: 38.205: [GC pause (G1 Evacuation Pause) (young), 0.0307977 secs]
   [Parallel Time: 30.3 ms, GC Workers: 2]
      [GC Worker Start (ms): Min: 38204.7, Avg: 38204.8, Max: 38204.9, Diff: 0.2]
      [Ext Root Scanning (ms): Min: 0.3, Avg: 0.4, Max: 0.5, Diff: 0.2, Sum: 0.8]
      [Update RS (ms): Min: 0.0, Avg: 0.1, Max: 0.1, Diff: 0.1, Sum: 0.1]
         [Processed Buffers: Min: 1, Avg: 1.0, Max: 1, Diff: 0, Sum: 2]
      [Scan RS (ms): Min: 0.2, Avg: 0.2, Max: 0.2, Diff: 0.1, Sum: 0.4]
      [Code Root Scanning (ms): Min: 0.1, Avg: 0.1, Max: 0.1, Diff: 0.0, Sum: 0.1]
      [Object Copy (ms): Min: 29.3, Avg: 29.3, Max: 29.3, Diff: 0.0, Sum: 58.6]
      [Termination (ms): Min: 0.0, Avg: 0.0, Max: 0.0, Diff: 0.0, Sum: 0.0]
      [GC Worker Other (ms): Min: 0.0, Avg: 0.0, Max: 0.0, Diff: 0.0, Sum: 0.1]
      [GC Worker Total (ms): Min: 30.0, Avg: 30.1, Max: 30.2, Diff: 0.2, Sum: 60.1]
      [GC Worker End (ms): Min: 38234.9, Avg: 38234.9, Max: 38234.9, Diff: 0.0]
   [Code Root Fixup: 0.0 ms]
   [Code Root Migration: 0.1 ms]
   [Clear CT: 0.1 ms]
   [Other: 0.4 ms]
      [Choose CSet: 0.0 ms]
      [Ref Proc: 0.1 ms]
      [Ref Enq: 0.0 ms]
      [Free CSet: 0.2 ms]
   [Eden: 103.0M(103.0M)->0.0B(129.0M) Survivors: 11.0M->15.0M Heap: 212.0M(512.0M)->146.0M(512.0M)]
 [Times: user=0.06 sys=0.00, real=0.03 secs] 
2014-07-10T12:28:45.178+0200: 38.352: [GC pause (G1 Evacuation Pause) (young), 0.0267208 secs]
   [Parallel Time: 25.6 ms, GC Workers: 2]
      [GC Worker Start (ms): Min: 38352.2, Avg: 38352.2, Max: 38352.2, Diff: 0.0]
      [Ext Root Scanning (ms): Min: 0.6, Avg: 0.6, Max: 0.6, Diff: 0.0, Sum: 1.2]
      [Update RS (ms): Min: 0.1, Avg: 0.1, Max: 0.1, Diff: 0.1, Sum: 0.2]
         [Processed Buffers: Min: 1, Avg: 1.5, Max: 2, Diff: 1, Sum: 3]
      [Scan RS (ms): Min: 0.4, Avg: 0.4, Max: 0.5, Diff: 0.1, Sum: 0.9]
      [Code Root Scanning (ms): Min: 0.1, Avg: 0.1, Max: 0.1, Diff: 0.0, Sum: 0.3]
      [Object Copy (ms): Min: 24.1, Avg: 24.1, Max: 24.1, Diff: 0.0, Sum: 48.3]
      [Termination (ms): Min: 0.0, Avg: 0.0, Max: 0.0, Diff: 0.0, Sum: 0.0]
      [GC Worker Other (ms): Min: 0.0, Avg: 0.0, Max: 0.0, Diff: 0.0, Sum: 0.1]
      [GC Worker Total (ms): Min: 25.5, Avg: 25.5, Max: 25.5, Diff: 0.0, Sum: 51.0]
      [GC Worker End (ms): Min: 38377.7, Avg: 38377.7, Max: 38377.7, Diff: 0.0]
   [Code Root Fixup: 0.0 ms]
   [Code Root Migration: 0.0 ms]
   [Clear CT: 0.1 ms]
   [Other: 1.0 ms]
      [Choose CSet: 0.0 ms]
      [Ref Proc: 0.5 ms]
      [Ref Enq: 0.0 ms]
      [Free CSet: 0.3 ms]
   [Eden: 129.0M(129.0M)->0.0B(120.0M) Survivors: 15.0M->18.0M Heap: 275.0M(512.0M)->162.6M(512.0M)]
 [Times: user=0.06 sys=0.00, real=0.03 secs] 
2014-07-10T12:28:45.265+0200: 38.439: [GC pause (G1 Evacuation Pause) (young), 0.0135838 secs]
   [Parallel Time: 13.0 ms, GC Workers: 2]
      [GC Worker Start (ms): Min: 38439.0, Avg: 38439.0, Max: 38439.0, Diff: 0.0]
      [Ext Root Scanning (ms): Min: 0.4, Avg: 0.4, Max: 0.4, Diff: 0.0, Sum: 0.7]
      [Update RS (ms): Min: 0.0, Avg: 0.1, Max: 0.1, Diff: 0.0, Sum: 0.1]
         [Processed Buffers: Min: 1, Avg: 1.5, Max: 2, Diff: 1, Sum: 3]
      [Scan RS (ms): Min: 0.2, Avg: 0.2, Max: 0.2, Diff: 0.0, Sum: 0.4]
      [Code Root Scanning (ms): Min: 0.1, Avg: 0.1, Max: 0.1, Diff: 0.0, Sum: 0.2]
      [Object Copy (ms): Min: 12.2, Avg: 12.2, Max: 12.2, Diff: 0.0, Sum: 24.4]
      [Termination (ms): Min: 0.0, Avg: 0.0, Max: 0.0, Diff: 0.0, Sum: 0.0]
      [GC Worker Other (ms): Min: 0.0, Avg: 0.0, Max: 0.0, Diff: 0.0, Sum: 0.1]
      [GC Worker Total (ms): Min: 13.0, Avg: 13.0, Max: 13.0, Diff: 0.0, Sum: 26.0]
      [GC Worker End (ms): Min: 38452.0, Avg: 38452.0, Max: 38452.0, Diff: 0.0]
   [Code Root Fixup: 0.0 ms]
   [Code Root Migration: 0.0 ms]
   [Clear CT: 0.1 ms]
   [Other: 0.4 ms]
      [Choose CSet: 0.0 ms]
      [Ref Proc: 0.1 ms]
      [Ref Enq: 0.0 ms]
      [Free CSet: 0.2 ms]
   [Eden: 120.0M(120.0M)->0.0B(138.0M) Survivors: 18.0M->18.0M Heap: 282.6M(512.0M)->164.1M(512.0M)]
 [Times: user=0.03 sys=0.00, real=0.01 secs] 
2014-07-10T12:28:45.412+0200: 38.585: [GC pause (G1 Evacuation Pause) (young), 0.0165931 secs]
   [Parallel Time: 16.0 ms, GC Workers: 2]
      [GC Worker Start (ms): Min: 38585.5, Avg: 38585.5, Max: 38585.5, Diff: 0.0]
      [Ext Root Scanning (ms): Min: 0.3, Avg: 0.3, Max: 0.3, Diff: 0.0, Sum: 0.5]
      [Update RS (ms): Min: 0.0, Avg: 0.1, Max: 0.1, Diff: 0.0, Sum: 0.1]
         [Processed Buffers: Min: 1, Avg: 1.5, Max: 2, Diff: 1, Sum: 3]
      [Scan RS (ms): Min: 0.2, Avg: 0.2, Max: 0.2, Diff: 0.0, Sum: 0.4]
      [Code Root Scanning (ms): Min: 0.1, Avg: 0.1, Max: 0.1, Diff: 0.0, Sum: 0.2]
      [Object Copy (ms): Min: 15.3, Avg: 15.3, Max: 15.3, Diff: 0.0, Sum: 30.5]
      [Termination (ms): Min: 0.0, Avg: 0.0, Max: 0.0, Diff: 0.0, Sum: 0.0]
      [GC Worker Other (ms): Min: 0.0, Avg: 0.0, Max: 0.0, Diff: 0.0, Sum: 0.1]
      [GC Worker Total (ms): Min: 15.9, Avg: 15.9, Max: 15.9, Diff: 0.0, Sum: 31.9]
      [GC Worker End (ms): Min: 38601.4, Avg: 38601.4, Max: 38601.4, Diff: 0.0]
   [Code Root Fixup: 0.0 ms]
   [Code Root Migration: 0.0 ms]
   [Clear CT: 0.1 ms]
   [Other: 0.5 ms]
      [Choose CSet: 0.0 ms]
      [Ref Proc: 0.1 ms]
      [Ref Enq: 0.0 ms]
      [Free CSet: 0.2 ms]
   [Eden: 138.0M(138.0M)->0.0B(126.0M) Survivors: 18.0M->20.0M Heap: 302.1M(512.0M)->171.4M(512.0M)]
 [Times: user=0.03 sys=0.00, real=0.02 secs] 
2014-07-10T12:28:45.564+0200: 38.737: [GC pause (G1 Evacuation Pause) (young), 0.0144513 secs]
   [Parallel Time: 13.3 ms, GC Workers: 2]
      [GC Worker Start (ms): Min: 38737.4, Avg: 38737.4, Max: 38737.5, Diff: 0.0]
      [Ext Root Scanning (ms): Min: 0.6, Avg: 0.6, Max: 0.6, Diff: 0.0, Sum: 1.2]
      [Update RS (ms): Min: 0.1, Avg: 0.1, Max: 0.2, Diff: 0.1, Sum: 0.3]
         [Processed Buffers: Min: 1, Avg: 1.5, Max: 2, Diff: 1, Sum: 3]
      [Scan RS (ms): Min: 0.4, Avg: 0.4, Max: 0.5, Diff: 0.1, Sum: 0.9]
      [Code Root Scanning (ms): Min: 0.4, Avg: 0.4, Max: 0.4, Diff: 0.0, Sum: 0.8]
      [Object Copy (ms): Min: 11.6, Avg: 11.6, Max: 11.6, Diff: 0.0, Sum: 23.2]
      [Termination (ms): Min: 0.0, Avg: 0.0, Max: 0.0, Diff: 0.0, Sum: 0.0]
      [GC Worker Other (ms): Min: 0.0, Avg: 0.0, Max: 0.1, Diff: 0.0, Sum: 0.1]
      [GC Worker Total (ms): Min: 13.2, Avg: 13.2, Max: 13.2, Diff: 0.0, Sum: 26.4]
      [GC Worker End (ms): Min: 38750.6, Avg: 38750.6, Max: 38750.6, Diff: 0.0]
   [Code Root Fixup: 0.0 ms]
   [Code Root Migration: 0.1 ms]
   [Clear CT: 0.2 ms]
   [Other: 0.9 ms]
      [Choose CSet: 0.0 ms]
      [Ref Proc: 0.2 ms]
      [Ref Enq: 0.0 ms]
      [Free CSet: 0.5 ms]
   [Eden: 126.0M(126.0M)->0.0B(114.0M) Survivors: 20.0M->12.0M Heap: 297.4M(512.0M)->162.6M(512.0M)]
 [Times: user=0.03 sys=0.00, real=0.02 secs] 
2014-07-10T12:28:45.635+0200: 38.809: [GC pause (G1 Evacuation Pause) (young), 0.0376829 secs]
   [Parallel Time: 37.1 ms, GC Workers: 2]
      [GC Worker Start (ms): Min: 38809.0, Avg: 38809.0, Max: 38809.1, Diff: 0.0]
      [Ext Root Scanning (ms): Min: 0.4, Avg: 0.4, Max: 0.4, Diff: 0.0, Sum: 0.8]
      [Update RS (ms): Min: 0.0, Avg: 0.0, Max: 0.1, Diff: 0.0, Sum: 0.1]
         [Processed Buffers: Min: 1, Avg: 1.5, Max: 2, Diff: 1, Sum: 3]
      [Scan RS (ms): Min: 0.2, Avg: 0.2, Max: 0.2, Diff: 0.0, Sum: 0.4]
      [Code Root Scanning (ms): Min: 0.1, Avg: 0.1, Max: 0.1, Diff: 0.0, Sum: 0.2]
      [Object Copy (ms): Min: 36.3, Avg: 36.3, Max: 36.3, Diff: 0.0, Sum: 72.6]
      [Termination (ms): Min: 0.0, Avg: 0.0, Max: 0.0, Diff: 0.0, Sum: 0.0]
      [GC Worker Other (ms): Min: 0.0, Avg: 0.0, Max: 0.0, Diff: 0.0, Sum: 0.1]
      [GC Worker Total (ms): Min: 37.1, Avg: 37.1, Max: 37.1, Diff: 0.0, Sum: 74.2]
      [GC Worker End (ms): Min: 38846.1, Avg: 38846.1, Max: 38846.1, Diff: 0.0]
   [Code Root Fixup: 0.0 ms]
   [Code Root Migration: 0.0 ms]
   [Clear CT: 0.1 ms]
   [Other: 0.4 ms]
      [Choose CSet: 0.0 ms]
      [Ref Proc: 0.1 ms]
      [Ref Enq: 0.0 ms]
      [Free CSet: 0.2 ms]
   [Eden: 114.0M(114.0M)->0.0B(134.0M) Survivors: 12.0M->16.0M Heap: 276.6M(512.0M)->210.5M(512.0M)]
 [Times: user=0.06 sys=0.00, real=0.04 secs] 
2014-07-10T12:28:45.785+0200: 38.959: [GC pause (G1 Evacuation Pause) (young), 0.0384667 secs]
   [Parallel Time: 37.9 ms, GC Workers: 2]
      [GC Worker Start (ms): Min: 38958.6, Avg: 38958.6, Max: 38958.6, Diff: 0.0]
      [Ext Root Scanning (ms): Min: 0.2, Avg: 0.3, Max: 0.3, Diff: 0.0, Sum: 0.5]
      [Update RS (ms): Min: 0.0, Avg: 0.0, Max: 0.0, Diff: 0.0, Sum: 0.1]
         [Processed Buffers: Min: 1, Avg: 1.5, Max: 2, Diff: 1, Sum: 3]
      [Scan RS (ms): Min: 0.2, Avg: 0.2, Max: 0.2, Diff: 0.0, Sum: 0.4]
      [Code Root Scanning (ms): Min: 0.1, Avg: 0.1, Max: 0.1, Diff: 0.0, Sum: 0.2]
      [Object Copy (ms): Min: 37.2, Avg: 37.2, Max: 37.2, Diff: 0.0, Sum: 74.5]
      [Termination (ms): Min: 0.0, Avg: 0.0, Max: 0.0, Diff: 0.0, Sum: 0.0]
      [GC Worker Other (ms): Min: 0.0, Avg: 0.0, Max: 0.0, Diff: 0.0, Sum: 0.0]
      [GC Worker Total (ms): Min: 37.9, Avg: 37.9, Max: 37.9, Diff: 0.0, Sum: 75.7]
      [GC Worker End (ms): Min: 38996.5, Avg: 38996.5, Max: 38996.5, Diff: 0.0]
   [Code Root Fixup: 0.0 ms]
   [Code Root Migration: 0.0 ms]
   [Clear CT: 0.1 ms]
   [Other: 0.4 ms]
      [Choose CSet: 0.0 ms]
      [Ref Proc: 0.0 ms]
      [Ref Enq: 0.0 ms]
      [Free CSet: 0.2 ms]
   [Eden: 134.0M(134.0M)->0.0B(126.0M) Survivors: 16.0M->19.0M Heap: 344.5M(512.0M)->255.5M(512.0M)]
 [Times: user=0.09 sys=0.00, real=0.04 secs] 
2014-07-10T12:28:45.890+0200: 39.064: [GC pause (G1 Evacuation Pause) (young) (initial-mark), 0.0349655 secs]
   [Parallel Time: 34.1 ms, GC Workers: 2]
      [GC Worker Start (ms): Min: 39064.2, Avg: 39064.2, Max: 39064.2, Diff: 0.0]
      [Ext Root Scanning (ms): Min: 0.3, Avg: 0.3, Max: 0.3, Diff: 0.0, Sum: 0.6]
      [Code Root Marking (ms): Min: 0.1, Avg: 0.1, Max: 0.1, Diff: 0.0, Sum: 0.1]
      [Update RS (ms): Min: 0.0, Avg: 0.0, Max: 0.0, Diff: 0.0, Sum: 0.0]
         [Processed Buffers: Min: 1, Avg: 1.0, Max: 1, Diff: 0, Sum: 2]
      [Scan RS (ms): Min: 0.2, Avg: 0.2, Max: 0.2, Diff: 0.0, Sum: 0.4]
      [Code Root Scanning (ms): Min: 0.1, Avg: 0.1, Max: 0.1, Diff: 0.0, Sum: 0.2]
      [Object Copy (ms): Min: 33.4, Avg: 33.4, Max: 33.4, Diff: 0.0, Sum: 66.7]
      [Termination (ms): Min: 0.0, Avg: 0.0, Max: 0.0, Diff: 0.0, Sum: 0.0]
      [GC Worker Other (ms): Min: 0.0, Avg: 0.0, Max: 0.0, Diff: 0.0, Sum: 0.1]
      [GC Worker Total (ms): Min: 34.1, Avg: 34.1, Max: 34.1, Diff: 0.0, Sum: 68.1]
      [GC Worker End (ms): Min: 39098.3, Avg: 39098.3, Max: 39098.3, Diff: 0.0]
   [Code Root Fixup: 0.0 ms]
   [Code Root Migration: 0.0 ms]
   [Clear CT: 0.1 ms]
   [Other: 0.7 ms]
      [Choose CSet: 0.0 ms]
      [Ref Proc: 0.1 ms]
      [Ref Enq: 0.0 ms]
      [Free CSet: 0.4 ms]
   [Eden: 126.0M(126.0M)->0.0B(137.0M) Survivors: 19.0M->19.0M Heap: 381.5M(512.0M)->291.3M(512.0M)]
 [Times: user=0.06 sys=0.00, real=0.04 secs] 
2014-07-10T12:28:45.926+0200: 39.099: [GC concurrent-root-region-scan-start]
2014-07-10T12:28:45.926+0200: 39.100: [GC concurrent-root-region-scan-end, 0.0005213 secs]
2014-07-10T12:28:45.926+0200: 39.100: [GC concurrent-mark-start]
2014-07-10T12:28:46.004+0200: 39.177: [GC concurrent-mark-end, 0.0053377 secs]
2014-07-10T12:28:46.004+0200: 39.177: [GC remark 39.178: [GC ref-proc, 0.0000623 secs], 0.0014031 secs]
 [Times: user=0.00 sys=0.00, real=0.00 secs] 
2014-07-10T12:28:46.017+0200: 39.191: [GC pause (G1 Evacuation Pause) (young), 0.0307119 secs]
   [Parallel Time: 30.1 ms, GC Workers: 2]
      [GC Worker Start (ms): Min: 39191.0, Avg: 39191.0, Max: 39191.0, Diff: 0.0]
      [Ext Root Scanning (ms): Min: 0.3, Avg: 0.3, Max: 0.3, Diff: 0.0, Sum: 0.7]
      [SATB Filtering (ms): Min: 0.0, Avg: 0.0, Max: 0.0, Diff: 0.0, Sum: 0.0]
      [Update RS (ms): Min: 0.1, Avg: 0.1, Max: 0.1, Diff: 0.0, Sum: 0.1]
         [Processed Buffers: Min: 1, Avg: 1.5, Max: 2, Diff: 1, Sum: 3]
      [Scan RS (ms): Min: 0.2, Avg: 0.2, Max: 0.2, Diff: 0.0, Sum: 0.5]
      [Code Root Scanning (ms): Min: 0.1, Avg: 0.1, Max: 0.1, Diff: 0.0, Sum: 0.2]
      [Object Copy (ms): Min: 29.2, Avg: 29.2, Max: 29.2, Diff: 0.0, Sum: 58.5]
      [Termination (ms): Min: 0.0, Avg: 0.0, Max: 0.0, Diff: 0.0, Sum: 0.0]
      [GC Worker Other (ms): Min: 0.0, Avg: 0.0, Max: 0.0, Diff: 0.0, Sum: 0.1]
      [GC Worker Total (ms): Min: 30.0, Avg: 30.0, Max: 30.0, Diff: 0.0, Sum: 60.1]
      [GC Worker End (ms): Min: 39221.1, Avg: 39221.1, Max: 39221.1, Diff: 0.0]
   [Code Root Fixup: 0.0 ms]
   [Code Root Migration: 0.0 ms]
   [Clear CT: 0.1 ms]
   [Other: 0.5 ms]
      [Choose CSet: 0.0 ms]
      [Ref Proc: 0.1 ms]
      [Ref Enq: 0.0 ms]
      [Free CSet: 0.3 ms]
   [Eden: 137.0M(137.0M)->0.0B(135.0M) Survivors: 19.0M->20.0M Heap: 428.3M(512.0M)->319.9M(512.0M)]
 [Times: user=0.06 sys=0.00, real=0.03 secs] 
2014-07-10T12:28:46.084+0200: 39.257: [GC cleanup 396M->221M(512M), 0.0016920 secs]
 [Times: user=0.00 sys=0.00, real=0.00 secs] 
2014-07-10T12:28:46.085+0200: 39.259: [GC concurrent-cleanup-start]
2014-07-10T12:28:46.086+0200: 39.260: [GC concurrent-cleanup-end, 0.0005954 secs]
2014-07-10T12:28:46.189+0200: 39.363: [GC pause (G1 Evacuation Pause) (young), 0.0312226 secs]
   [Parallel Time: 30.5 ms, GC Workers: 2]
      [GC Worker Start (ms): Min: 39362.9, Avg: 39362.9, Max: 39362.9, Diff: 0.0]
      [Ext Root Scanning (ms): Min: 0.4, Avg: 0.4, Max: 0.4, Diff: 0.0, Sum: 0.8]
      [Update RS (ms): Min: 0.1, Avg: 0.1, Max: 0.1, Diff: 0.0, Sum: 0.2]
         [Processed Buffers: Min: 1, Avg: 2.0, Max: 3, Diff: 2, Sum: 4]
      [Scan RS (ms): Min: 0.3, Avg: 0.3, Max: 0.3, Diff: 0.0, Sum: 0.5]
      [Code Root Scanning (ms): Min: 0.1, Avg: 0.1, Max: 0.1, Diff: 0.0, Sum: 0.2]
      [Object Copy (ms): Min: 29.6, Avg: 29.6, Max: 29.6, Diff: 0.0, Sum: 59.1]
      [Termination (ms): Min: 0.0, Avg: 0.0, Max: 0.0, Diff: 0.0, Sum: 0.0]
      [GC Worker Other (ms): Min: 0.0, Avg: 0.0, Max: 0.0, Diff: 0.0, Sum: 0.1]
      [GC Worker Total (ms): Min: 30.5, Avg: 30.5, Max: 30.5, Diff: 0.0, Sum: 61.0]
      [GC Worker End (ms): Min: 39393.4, Avg: 39393.4, Max: 39393.4, Diff: 0.0]
   [Code Root Fixup: 0.0 ms]
   [Code Root Migration: 0.0 ms]
   [Clear CT: 0.1 ms]
   [Other: 0.6 ms]
      [Choose CSet: 0.0 ms]
      [Ref Proc: 0.2 ms]
      [Ref Enq: 0.0 ms]
      [Free CSet: 0.3 ms]
   [Eden: 135.0M(135.0M)->0.0B(122.0M) Survivors: 20.0M->20.0M Heap: 279.9M(512.0M)->171.3M(512.0M)]
 [Times: user=0.06 sys=0.00, real=0.03 secs] 
2014-07-10T12:28:46.279+0200: 39.453: [GC pause (G1 Evacuation Pause) (mixed), 0.0240660 secs]
   [Parallel Time: 23.4 ms, GC Workers: 2]
      [GC Worker Start (ms): Min: 39452.7, Avg: 39452.7, Max: 39452.7, Diff: 0.0]
      [Ext Root Scanning (ms): Min: 0.4, Avg: 0.4, Max: 0.4, Diff: 0.0, Sum: 0.7]
      [Update RS (ms): Min: 0.0, Avg: 0.1, Max: 0.1, Diff: 0.0, Sum: 0.1]
         [Processed Buffers: Min: 1, Avg: 2.0, Max: 3, Diff: 2, Sum: 4]
      [Scan RS (ms): Min: 0.2, Avg: 0.3, Max: 0.3, Diff: 0.0, Sum: 0.5]
      [Code Root Scanning (ms): Min: 0.1, Avg: 0.1, Max: 0.1, Diff: 0.0, Sum: 0.2]
      [Object Copy (ms): Min: 22.6, Avg: 22.6, Max: 22.6, Diff: 0.0, Sum: 45.2]
      [Termination (ms): Min: 0.0, Avg: 0.0, Max: 0.0, Diff: 0.0, Sum: 0.0]
      [GC Worker Other (ms): Min: 0.0, Avg: 0.0, Max: 0.0, Diff: 0.0, Sum: 0.1]
      [GC Worker Total (ms): Min: 23.4, Avg: 23.4, Max: 23.4, Diff: 0.0, Sum: 46.8]
      [GC Worker End (ms): Min: 39476.1, Avg: 39476.1, Max: 39476.1, Diff: 0.0]
   [Code Root Fixup: 0.0 ms]
   [Code Root Migration: 0.0 ms]
   [Clear CT: 0.1 ms]
   [Other: 0.4 ms]
      [Choose CSet: 0.0 ms]
      [Ref Proc: 0.0 ms]
      [Ref Enq: 0.0 ms]
      [Free CSet: 0.3 ms]
   [Eden: 122.0M(122.0M)->0.0B(142.0M) Survivors: 20.0M->18.0M Heap: 293.3M(512.0M)->179.6M(512.0M)]
 [Times: user=0.03 sys=0.00, real=0.02 secs] 
2014-07-10T12:28:46.408+0200: 39.582: [GC pause (G1 Evacuation Pause) (mixed), 0.0305377 secs]
   [Parallel Time: 29.9 ms, GC Workers: 2]
      [GC Worker Start (ms): Min: 39581.8, Avg: 39581.8, Max: 39581.8, Diff: 0.0]
      [Ext Root Scanning (ms): Min: 0.4, Avg: 0.4, Max: 0.4, Diff: 0.0, Sum: 0.7]
      [Update RS (ms): Min: 0.1, Avg: 0.1, Max: 0.1, Diff: 0.1, Sum: 0.2]
         [Processed Buffers: Min: 1, Avg: 1.5, Max: 2, Diff: 1, Sum: 3]
      [Scan RS (ms): Min: 0.3, Avg: 0.3, Max: 0.4, Diff: 0.0, Sum: 0.7]
      [Code Root Scanning (ms): Min: 0.1, Avg: 0.1, Max: 0.1, Diff: 0.1, Sum: 0.2]
      [Object Copy (ms): Min: 28.9, Avg: 28.9, Max: 28.9, Diff: 0.0, Sum: 57.8]
      [Termination (ms): Min: 0.0, Avg: 0.0, Max: 0.0, Diff: 0.0, Sum: 0.0]
      [GC Worker Other (ms): Min: 0.0, Avg: 0.0, Max: 0.0, Diff: 0.0, Sum: 0.1]
      [GC Worker Total (ms): Min: 29.8, Avg: 29.8, Max: 29.8, Diff: 0.0, Sum: 59.7]
      [GC Worker End (ms): Min: 39611.6, Avg: 39611.6, Max: 39611.6, Diff: 0.0]
   [Code Root Fixup: 0.0 ms]
   [Code Root Migration: 0.0 ms]
   [Clear CT: 0.1 ms]
   [Other: 0.5 ms]
      [Choose CSet: 0.0 ms]
      [Ref Proc: 0.1 ms]
      [Ref Enq: 0.0 ms]
      [Free CSet: 0.3 ms]
   [Eden: 142.0M(142.0M)->0.0B(135.0M) Survivors: 18.0M->20.0M Heap: 321.6M(512.0M)->205.8M(512.0M)]
 [Times: user=0.06 sys=0.00, real=0.03 secs] 
2014-07-10T12:28:46.581+0200: 39.755: [GC pause (G1 Evacuation Pause) (young), 0.0283688 secs]
   [Parallel Time: 27.5 ms, GC Workers: 2]
      [GC Worker Start (ms): Min: 39754.9, Avg: 39754.9, Max: 39755.0, Diff: 0.0]
      [Ext Root Scanning (ms): Min: 0.4, Avg: 0.4, Max: 0.4, Diff: 0.0, Sum: 0.8]
      [Update RS (ms): Min: 0.1, Avg: 0.1, Max: 0.1, Diff: 0.0, Sum: 0.2]
         [Processed Buffers: Min: 1, Avg: 1.5, Max: 2, Diff: 1, Sum: 3]
      [Scan RS (ms): Min: 0.4, Avg: 0.5, Max: 0.5, Diff: 0.1, Sum: 0.9]
      [Code Root Scanning (ms): Min: 0.1, Avg: 0.1, Max: 0.2, Diff: 0.1, Sum: 0.2]
      [Object Copy (ms): Min: 26.3, Avg: 26.3, Max: 26.4, Diff: 0.0, Sum: 52.7]
      [Termination (ms): Min: 0.0, Avg: 0.0, Max: 0.0, Diff: 0.0, Sum: 0.0]
      [GC Worker Other (ms): Min: 0.0, Avg: 0.0, Max: 0.0, Diff: 0.0, Sum: 0.1]
      [GC Worker Total (ms): Min: 27.4, Avg: 27.4, Max: 27.5, Diff: 0.0, Sum: 54.9]
      [GC Worker End (ms): Min: 39782.4, Avg: 39782.4, Max: 39782.4, Diff: 0.0]
   [Code Root Fixup: 0.0 ms]
   [Code Root Migration: 0.0 ms]
   [Clear CT: 0.1 ms]
   [Other: 0.7 ms]
      [Choose CSet: 0.0 ms]
      [Ref Proc: 0.2 ms]
      [Ref Enq: 0.0 ms]
      [Free CSet: 0.3 ms]
   [Eden: 135.0M(135.0M)->0.0B(122.0M) Survivors: 20.0M->20.0M Heap: 340.8M(512.0M)->226.8M(512.0M)]
 [Times: user=0.06 sys=0.00, real=0.03 secs] 
2014-07-10T12:28:46.671+0200: 39.845: [GC pause (G1 Evacuation Pause) (young), 0.0205079 secs]
   [Parallel Time: 19.8 ms, GC Workers: 2]
      [GC Worker Start (ms): Min: 39844.7, Avg: 39844.7, Max: 39844.7, Diff: 0.0]
      [Ext Root Scanning (ms): Min: 0.3, Avg: 0.3, Max: 0.3, Diff: 0.0, Sum: 0.7]
      [Update RS (ms): Min: 0.0, Avg: 0.1, Max: 0.1, Diff: 0.0, Sum: 0.1]
         [Processed Buffers: Min: 1, Avg: 1.5, Max: 2, Diff: 1, Sum: 3]
      [Scan RS (ms): Min: 0.2, Avg: 0.2, Max: 0.2, Diff: 0.0, Sum: 0.5]
      [Code Root Scanning (ms): Min: 0.1, Avg: 0.1, Max: 0.1, Diff: 0.0, Sum: 0.2]
      [Object Copy (ms): Min: 19.1, Avg: 19.1, Max: 19.1, Diff: 0.0, Sum: 38.1]
      [Termination (ms): Min: 0.0, Avg: 0.0, Max: 0.0, Diff: 0.0, Sum: 0.0]
      [GC Worker Other (ms): Min: 0.0, Avg: 0.0, Max: 0.0, Diff: 0.0, Sum: 0.1]
      [GC Worker Total (ms): Min: 19.8, Avg: 19.8, Max: 19.8, Diff: 0.0, Sum: 39.6]
      [GC Worker End (ms): Min: 39864.5, Avg: 39864.5, Max: 39864.5, Diff: 0.0]
   [Code Root Fixup: 0.0 ms]
   [Code Root Migration: 0.0 ms]
   [Clear CT: 0.2 ms]
   [Other: 0.4 ms]
      [Choose CSet: 0.0 ms]
      [Ref Proc: 0.1 ms]
      [Ref Enq: 0.0 ms]
      [Free CSet: 0.3 ms]
   [Eden: 122.0M(122.0M)->0.0B(139.0M) Survivors: 20.0M->18.0M Heap: 348.8M(512.0M)->237.6M(512.0M)]
 [Times: user=0.03 sys=0.00, real=0.02 secs] 
2014-07-10T12:28:46.820+0200: 39.994: [GC pause (G1 Evacuation Pause) (young), 0.0247146 secs]
   [Parallel Time: 24.1 ms, GC Workers: 2]
      [GC Worker Start (ms): Min: 39994.3, Avg: 39994.3, Max: 39994.3, Diff: 0.0]
      [Ext Root Scanning (ms): Min: 0.3, Avg: 0.3, Max: 0.3, Diff: 0.0, Sum: 0.7]
      [Update RS (ms): Min: 0.0, Avg: 0.0, Max: 0.1, Diff: 0.0, Sum: 0.1]
         [Processed Buffers: Min: 1, Avg: 1.5, Max: 2, Diff: 1, Sum: 3]
      [Scan RS (ms): Min: 0.2, Avg: 0.2, Max: 0.2, Diff: 0.0, Sum: 0.5]
      [Code Root Scanning (ms): Min: 0.1, Avg: 0.1, Max: 0.1, Diff: 0.0, Sum: 0.2]
      [Object Copy (ms): Min: 23.3, Avg: 23.3, Max: 23.3, Diff: 0.0, Sum: 46.6]
      [Termination (ms): Min: 0.0, Avg: 0.0, Max: 0.0, Diff: 0.0, Sum: 0.0]
      [GC Worker Other (ms): Min: 0.0, Avg: 0.0, Max: 0.0, Diff: 0.0, Sum: 0.1]
      [GC Worker Total (ms): Min: 24.0, Avg: 24.0, Max: 24.0, Diff: 0.0, Sum: 48.1]
      [GC Worker End (ms): Min: 40018.3, Avg: 40018.3, Max: 40018.3, Diff: 0.0]
   [Code Root Fixup: 0.0 ms]
   [Code Root Migration: 0.0 ms]
   [Clear CT: 0.1 ms]
   [Other: 0.5 ms]
      [Choose CSet: 0.0 ms]
      [Ref Proc: 0.1 ms]
      [Ref Enq: 0.0 ms]
      [Free CSet: 0.3 ms]
   [Eden: 139.0M(139.0M)->0.0B(127.0M) Survivors: 18.0M->20.0M Heap: 376.6M(512.0M)->257.3M(512.0M)]
 [Times: user=0.05 sys=0.00, real=0.03 secs] 
2014-07-10T12:28:46.985+0200: 40.159: [GC pause (G1 Evacuation Pause) (young) (initial-mark), 0.0259164 secs]
   [Parallel Time: 24.8 ms, GC Workers: 2]
      [GC Worker Start (ms): Min: 40159.3, Avg: 40159.3, Max: 40159.3, Diff: 0.0]
      [Ext Root Scanning (ms): Min: 0.6, Avg: 0.6, Max: 0.6, Diff: 0.0, Sum: 1.2]
      [Code Root Marking (ms): Min: 0.1, Avg: 0.1, Max: 0.1, Diff: 0.1, Sum: 0.2]
      [Update RS (ms): Min: 0.1, Avg: 0.1, Max: 0.1, Diff: 0.0, Sum: 0.1]
         [Processed Buffers: Min: 1, Avg: 1.5, Max: 2, Diff: 1, Sum: 3]
      [Scan RS (ms): Min: 0.4, Avg: 0.4, Max: 0.4, Diff: 0.0, Sum: 0.7]
      [Code Root Scanning (ms): Min: 0.1, Avg: 0.1, Max: 0.1, Diff: 0.0, Sum: 0.3]
      [Object Copy (ms): Min: 23.4, Avg: 23.4, Max: 23.5, Diff: 0.1, Sum: 46.9]
      [Termination (ms): Min: 0.0, Avg: 0.0, Max: 0.0, Diff: 0.0, Sum: 0.0]
      [GC Worker Other (ms): Min: 0.0, Avg: 0.0, Max: 0.0, Diff: 0.0, Sum: 0.1]
      [GC Worker Total (ms): Min: 24.7, Avg: 24.7, Max: 24.8, Diff: 0.0, Sum: 49.5]
      [GC Worker End (ms): Min: 40184.0, Avg: 40184.0, Max: 40184.0, Diff: 0.0]
   [Code Root Fixup: 0.0 ms]
   [Code Root Migration: 0.0 ms]
   [Clear CT: 0.3 ms]
   [Other: 0.7 ms]
      [Choose CSet: 0.0 ms]
      [Ref Proc: 0.1 ms]
      [Ref Enq: 0.0 ms]
      [Free CSet: 0.3 ms]
   [Eden: 127.0M(127.0M)->0.0B(115.0M) Survivors: 20.0M->19.0M Heap: 384.3M(512.0M)->269.9M(512.0M)]
 [Times: user=0.05 sys=0.00, real=0.03 secs] 
2014-07-10T12:28:47.011+0200: 40.185: [GC concurrent-root-region-scan-start]
2014-07-10T12:28:47.012+0200: 40.186: [GC concurrent-root-region-scan-end, 0.0004480 secs]
2014-07-10T12:28:47.012+0200: 40.186: [GC concurrent-mark-start]
2014-07-10T12:28:47.085+0200: 40.258: [GC pause (G1 Evacuation Pause) (young), 0.0027783 secs]
   [Parallel Time: 2.1 ms, GC Workers: 2]
      [GC Worker Start (ms): Min: 40258.5, Avg: 40258.5, Max: 40258.5, Diff: 0.0]
      [Ext Root Scanning (ms): Min: 0.3, Avg: 0.3, Max: 0.3, Diff: 0.0, Sum: 0.6]
      [SATB Filtering (ms): Min: 0.0, Avg: 0.0, Max: 0.0, Diff: 0.0, Sum: 0.0]
      [Update RS (ms): Min: 0.1, Avg: 0.1, Max: 0.1, Diff: 0.1, Sum: 0.2]
         [Processed Buffers: Min: 2, Avg: 2.0, Max: 2, Diff: 0, Sum: 4]
      [Scan RS (ms): Min: 0.2, Avg: 0.2, Max: 0.2, Diff: 0.0, Sum: 0.4]
      [Code Root Scanning (ms): Min: 0.1, Avg: 0.1, Max: 0.1, Diff: 0.1, Sum: 0.2]
      [Object Copy (ms): Min: 1.2, Avg: 1.3, Max: 1.4, Diff: 0.2, Sum: 2.6]
      [Termination (ms): Min: 0.0, Avg: 0.1, Max: 0.2, Diff: 0.2, Sum: 0.2]
      [GC Worker Other (ms): Min: 0.0, Avg: 0.0, Max: 0.0, Diff: 0.0, Sum: 0.1]
      [GC Worker Total (ms): Min: 2.1, Avg: 2.1, Max: 2.1, Diff: 0.0, Sum: 4.3]
      [GC Worker End (ms): Min: 40260.6, Avg: 40260.6, Max: 40260.6, Diff: 0.0]
   [Code Root Fixup: 0.0 ms]
   [Code Root Migration: 0.0 ms]
   [Clear CT: 0.1 ms]
   [Other: 0.5 ms]
      [Choose CSet: 0.0 ms]
      [Ref Proc: 0.1 ms]
      [Ref Enq: 0.0 ms]
      [Free CSet: 0.3 ms]
   [Eden: 115.0M(115.0M)->0.0B(121.0M) Survivors: 19.0M->3072.0K Heap: 384.9M(512.0M)->253.2M(512.0M)]
 [Times: user=0.03 sys=0.00, real=0.00 secs] 
2014-07-10T12:28:47.091+0200: 40.264: [GC concurrent-mark-end, 0.0040453 secs]
2014-07-10T12:28:47.091+0200: 40.264: [GC remark 40.265: [GC ref-proc, 0.0000590 secs], 0.0012209 secs]
 [Times: user=0.00 sys=0.00, real=0.00 secs] 
2014-07-10T12:28:47.171+0200: 40.344: [GC cleanup 350M->172M(512M), 0.0017099 secs]
 [Times: user=0.00 sys=0.00, real=0.00 secs] 
2014-07-10T12:28:47.172+0200: 40.346: [GC concurrent-cleanup-start]
2014-07-10T12:28:47.173+0200: 40.347: [GC concurrent-cleanup-end, 0.0005921 secs]
2014-07-10T12:28:47.188+0200: 40.362: [GC pause (G1 Evacuation Pause) (young), 0.0370640 secs]
   [Parallel Time: 36.2 ms, GC Workers: 2]
      [GC Worker Start (ms): Min: 40361.8, Avg: 40361.8, Max: 40361.9, Diff: 0.0]
      [Ext Root Scanning (ms): Min: 0.3, Avg: 0.3, Max: 0.3, Diff: 0.0, Sum: 0.7]
      [Update RS (ms): Min: 0.0, Avg: 0.1, Max: 0.1, Diff: 0.1, Sum: 0.2]
         [Processed Buffers: Min: 1, Avg: 1.5, Max: 2, Diff: 1, Sum: 3]
      [Scan RS (ms): Min: 0.2, Avg: 0.2, Max: 0.2, Diff: 0.1, Sum: 0.4]
      [Code Root Scanning (ms): Min: 0.1, Avg: 0.1, Max: 0.1, Diff: 0.0, Sum: 0.2]
      [Object Copy (ms): Min: 35.4, Avg: 35.4, Max: 35.4, Diff: 0.0, Sum: 70.7]
      [Termination (ms): Min: 0.0, Avg: 0.0, Max: 0.0, Diff: 0.0, Sum: 0.0]
      [GC Worker Other (ms): Min: 0.0, Avg: 0.0, Max: 0.0, Diff: 0.0, Sum: 0.1]
      [GC Worker Total (ms): Min: 36.1, Avg: 36.1, Max: 36.1, Diff: 0.0, Sum: 72.2]
      [GC Worker End (ms): Min: 40398.0, Avg: 40398.0, Max: 40398.0, Diff: 0.0]
   [Code Root Fixup: 0.0 ms]
   [Code Root Migration: 0.0 ms]
   [Clear CT: 0.1 ms]
   [Other: 0.8 ms]
      [Choose CSet: 0.0 ms]
      [Ref Proc: 0.4 ms]
      [Ref Enq: 0.0 ms]
      [Free CSet: 0.2 ms]
   [Eden: 121.0M(121.0M)->0.0B(116.0M) Survivors: 3072.0K->16.0M Heap: 196.2M(512.0M)->130.2M(512.0M)]
 [Times: user=0.06 sys=0.00, real=0.04 secs] 
2014-07-10T12:28:47.281+0200: 40.455: [GC pause (G1 Evacuation Pause) (mixed), 0.0272901 secs]
   [Parallel Time: 26.7 ms, GC Workers: 2]
      [GC Worker Start (ms): Min: 40454.8, Avg: 40454.8, Max: 40454.8, Diff: 0.0]
      [Ext Root Scanning (ms): Min: 0.4, Avg: 0.4, Max: 0.4, Diff: 0.0, Sum: 0.7]
      [Update RS (ms): Min: 0.0, Avg: 0.1, Max: 0.2, Diff: 0.1, Sum: 0.2]
         [Processed Buffers: Min: 1, Avg: 1.5, Max: 2, Diff: 1, Sum: 3]
      [Scan RS (ms): Min: 0.2, Avg: 0.2, Max: 0.3, Diff: 0.1, Sum: 0.5]
      [Code Root Scanning (ms): Min: 0.1, Avg: 0.1, Max: 0.1, Diff: 0.0, Sum: 0.2]
      [Object Copy (ms): Min: 25.8, Avg: 25.8, Max: 25.8, Diff: 0.0, Sum: 51.7]
      [Termination (ms): Min: 0.0, Avg: 0.0, Max: 0.0, Diff: 0.0, Sum: 0.0]
      [GC Worker Other (ms): Min: 0.0, Avg: 0.0, Max: 0.0, Diff: 0.0, Sum: 0.1]
      [GC Worker Total (ms): Min: 26.7, Avg: 26.7, Max: 26.7, Diff: 0.0, Sum: 53.3]
      [GC Worker End (ms): Min: 40481.5, Avg: 40481.5, Max: 40481.5, Diff: 0.0]
   [Code Root Fixup: 0.0 ms]
   [Code Root Migration: 0.0 ms]
   [Clear CT: 0.1 ms]
   [Other: 0.4 ms]
      [Choose CSet: 0.0 ms]
      [Ref Proc: 0.0 ms]
      [Ref Enq: 0.0 ms]
      [Free CSet: 0.2 ms]
   [Eden: 116.0M(116.0M)->0.0B(139.0M) Survivors: 16.0M->17.0M Heap: 246.2M(512.0M)->148.4M(512.0M)]
 [Times: user=0.06 sys=0.00, real=0.03 secs] 
2014-07-10T12:28:47.410+0200: 40.584: [GC pause (G1 Evacuation Pause) (young), 0.0307779 secs]
   [Parallel Time: 30.1 ms, GC Workers: 2]
      [GC Worker Start (ms): Min: 40584.3, Avg: 40584.3, Max: 40584.3, Diff: 0.1]
      [Ext Root Scanning (ms): Min: 0.3, Avg: 0.3, Max: 0.4, Diff: 0.1, Sum: 0.7]
      [Update RS (ms): Min: 0.0, Avg: 0.1, Max: 0.1, Diff: 0.1, Sum: 0.2]
         [Processed Buffers: Min: 1, Avg: 1.5, Max: 2, Diff: 1, Sum: 3]
      [Scan RS (ms): Min: 0.2, Avg: 0.2, Max: 0.3, Diff: 0.1, Sum: 0.5]
      [Code Root Scanning (ms): Min: 0.1, Avg: 0.1, Max: 0.1, Diff: 0.0, Sum: 0.2]
      [Object Copy (ms): Min: 29.2, Avg: 29.2, Max: 29.3, Diff: 0.0, Sum: 58.5]
      [Termination (ms): Min: 0.0, Avg: 0.0, Max: 0.0, Diff: 0.0, Sum: 0.0]
      [GC Worker Other (ms): Min: 0.0, Avg: 0.0, Max: 0.0, Diff: 0.0, Sum: 0.1]
      [GC Worker Total (ms): Min: 30.0, Avg: 30.1, Max: 30.1, Diff: 0.1, Sum: 60.1]
      [GC Worker End (ms): Min: 40614.4, Avg: 40614.4, Max: 40614.4, Diff: 0.0]
   [Code Root Fixup: 0.0 ms]
   [Code Root Migration: 0.0 ms]
   [Clear CT: 0.1 ms]
   [Other: 0.5 ms]
      [Choose CSet: 0.0 ms]
      [Ref Proc: 0.1 ms]
      [Ref Enq: 0.0 ms]
      [Free CSet: 0.3 ms]
   [Eden: 139.0M(139.0M)->0.0B(132.0M) Survivors: 17.0M->20.0M Heap: 287.4M(512.0M)->179.4M(512.0M)]
 [Times: user=0.06 sys=0.00, real=0.03 secs] 
2014-07-10T12:28:47.576+0200: 40.750: [GC pause (G1 Evacuation Pause) (young), 0.0242285 secs]
   [Parallel Time: 23.6 ms, GC Workers: 2]
      [GC Worker Start (ms): Min: 40750.2, Avg: 40750.2, Max: 40750.2, Diff: 0.0]
      [Ext Root Scanning (ms): Min: 0.4, Avg: 0.4, Max: 0.4, Diff: 0.0, Sum: 0.7]
      [Update RS (ms): Min: 0.0, Avg: 0.1, Max: 0.1, Diff: 0.1, Sum: 0.2]
         [Processed Buffers: Min: 2, Avg: 2.0, Max: 2, Diff: 0, Sum: 4]
      [Scan RS (ms): Min: 0.2, Avg: 0.3, Max: 0.3, Diff: 0.1, Sum: 0.5]
      [Code Root Scanning (ms): Min: 0.1, Avg: 0.1, Max: 0.1, Diff: 0.0, Sum: 0.2]
      [Object Copy (ms): Min: 22.5, Avg: 22.5, Max: 22.5, Diff: 0.0, Sum: 45.1]
      [Termination (ms): Min: 0.0, Avg: 0.0, Max: 0.0, Diff: 0.0, Sum: 0.0]
      [GC Worker Other (ms): Min: 0.0, Avg: 0.0, Max: 0.0, Diff: 0.0, Sum: 0.1]
      [GC Worker Total (ms): Min: 23.4, Avg: 23.4, Max: 23.4, Diff: 0.0, Sum: 46.8]
      [GC Worker End (ms): Min: 40773.6, Avg: 40773.6, Max: 40773.6, Diff: 0.0]
   [Code Root Fixup: 0.0 ms]
   [Code Root Migration: 0.0 ms]
   [Clear CT: 0.1 ms]
   [Other: 0.5 ms]
      [Choose CSet: 0.0 ms]
      [Ref Proc: 0.1 ms]
      [Ref Enq: 0.0 ms]
      [Free CSet: 0.3 ms]
   [Eden: 132.0M(132.0M)->0.0B(120.0M) Survivors: 20.0M->19.0M Heap: 311.4M(512.0M)->195.1M(512.0M)]
 [Times: user=0.03 sys=0.02, real=0.03 secs] 
2014-07-10T12:28:47.667+0200: 40.841: [GC pause (G1 Evacuation Pause) (young), 0.0161422 secs]
   [Parallel Time: 15.5 ms, GC Workers: 2]
      [GC Worker Start (ms): Min: 40840.8, Avg: 40840.8, Max: 40840.8, Diff: 0.0]
      [Ext Root Scanning (ms): Min: 0.3, Avg: 0.3, Max: 0.3, Diff: 0.0, Sum: 0.7]
      [Update RS (ms): Min: 0.0, Avg: 0.1, Max: 0.1, Diff: 0.0, Sum: 0.1]
         [Processed Buffers: Min: 1, Avg: 1.5, Max: 2, Diff: 1, Sum: 3]
      [Scan RS (ms): Min: 0.2, Avg: 0.2, Max: 0.2, Diff: 0.0, Sum: 0.4]
      [Code Root Scanning (ms): Min: 0.1, Avg: 0.1, Max: 0.1, Diff: 0.0, Sum: 0.2]
      [Object Copy (ms): Min: 14.6, Avg: 14.7, Max: 14.7, Diff: 0.0, Sum: 29.3]
      [Termination (ms): Min: 0.0, Avg: 0.1, Max: 0.1, Diff: 0.1, Sum: 0.1]
      [GC Worker Other (ms): Min: 0.0, Avg: 0.0, Max: 0.0, Diff: 0.0, Sum: 0.1]
      [GC Worker Total (ms): Min: 15.4, Avg: 15.5, Max: 15.5, Diff: 0.1, Sum: 30.9]
      [GC Worker End (ms): Min: 40856.2, Avg: 40856.3, Max: 40856.4, Diff: 0.1]
   [Code Root Fixup: 0.0 ms]
   [Code Root Migration: 0.0 ms]
   [Clear CT: 0.1 ms]
   [Other: 0.5 ms]
      [Choose CSet: 0.0 ms]
      [Ref Proc: 0.1 ms]
      [Ref Enq: 0.0 ms]
      [Free CSet: 0.2 ms]
   [Eden: 120.0M(120.0M)->0.0B(132.0M) Survivors: 19.0M->18.0M Heap: 315.1M(512.0M)->199.7M(512.0M)]
 [Times: user=0.03 sys=0.00, real=0.02 secs] 
2014-07-10T12:28:47.821+0200: 40.994: [GC pause (G1 Evacuation Pause) (young), 0.0164952 secs]
   [Parallel Time: 15.9 ms, GC Workers: 2]
      [GC Worker Start (ms): Min: 40994.5, Avg: 40994.5, Max: 40994.5, Diff: 0.0]
      [Ext Root Scanning (ms): Min: 0.3, Avg: 0.3, Max: 0.3, Diff: 0.0, Sum: 0.7]
      [Update RS (ms): Min: 0.0, Avg: 0.1, Max: 0.1, Diff: 0.1, Sum: 0.1]
         [Processed Buffers: Min: 1, Avg: 1.5, Max: 2, Diff: 1, Sum: 3]
      [Scan RS (ms): Min: 0.2, Avg: 0.3, Max: 0.3, Diff: 0.1, Sum: 0.6]
      [Code Root Scanning (ms): Min: 0.1, Avg: 0.1, Max: 0.1, Diff: 0.0, Sum: 0.3]
      [Object Copy (ms): Min: 14.9, Avg: 14.9, Max: 14.9, Diff: 0.0, Sum: 29.8]
      [Termination (ms): Min: 0.0, Avg: 0.0, Max: 0.0, Diff: 0.0, Sum: 0.0]
      [GC Worker Other (ms): Min: 0.0, Avg: 0.0, Max: 0.0, Diff: 0.0, Sum: 0.1]
      [GC Worker Total (ms): Min: 15.7, Avg: 15.8, Max: 15.8, Diff: 0.0, Sum: 31.5]
      [GC Worker End (ms): Min: 41010.3, Avg: 41010.3, Max: 41010.3, Diff: 0.0]
   [Code Root Fixup: 0.0 ms]
   [Code Root Migration: 0.0 ms]
   [Clear CT: 0.1 ms]
   [Other: 0.4 ms]
      [Choose CSet: 0.0 ms]
      [Ref Proc: 0.0 ms]
      [Ref Enq: 0.0 ms]
      [Free CSet: 0.3 ms]
   [Eden: 132.0M(132.0M)->0.0B(120.0M) Survivors: 18.0M->19.0M Heap: 331.7M(512.0M)->205.2M(512.0M)]
 [Times: user=0.03 sys=0.00, real=0.02 secs] 
2014-07-10T12:28:47.965+0200: 41.139: [GC pause (G1 Evacuation Pause) (young), 0.0139413 secs]
   [Parallel Time: 12.9 ms, GC Workers: 2]
      [GC Worker Start (ms): Min: 41138.7, Avg: 41138.7, Max: 41138.7, Diff: 0.0]
      [Ext Root Scanning (ms): Min: 0.5, Avg: 0.5, Max: 0.6, Diff: 0.0, Sum: 1.1]
      [Update RS (ms): Min: 0.1, Avg: 0.1, Max: 0.1, Diff: 0.0, Sum: 0.2]
         [Processed Buffers: Min: 2, Avg: 2.0, Max: 2, Diff: 0, Sum: 4]
      [Scan RS (ms): Min: 0.5, Avg: 0.6, Max: 0.6, Diff: 0.1, Sum: 1.2]
      [Code Root Scanning (ms): Min: 0.1, Avg: 0.1, Max: 0.2, Diff: 0.1, Sum: 0.3]
      [Object Copy (ms): Min: 11.4, Avg: 11.4, Max: 11.4, Diff: 0.0, Sum: 22.8]
      [Termination (ms): Min: 0.0, Avg: 0.0, Max: 0.0, Diff: 0.0, Sum: 0.0]
      [GC Worker Other (ms): Min: 0.0, Avg: 0.0, Max: 0.0, Diff: 0.0, Sum: 0.1]
      [GC Worker Total (ms): Min: 12.8, Avg: 12.8, Max: 12.8, Diff: 0.0, Sum: 25.6]
      [GC Worker End (ms): Min: 41151.5, Avg: 41151.5, Max: 41151.5, Diff: 0.0]
   [Code Root Fixup: 0.0 ms]
   [Code Root Migration: 0.1 ms]
   [Clear CT: 0.2 ms]
   [Other: 0.8 ms]
      [Choose CSet: 0.0 ms]
      [Ref Proc: 0.1 ms]
      [Ref Enq: 0.0 ms]
      [Free CSet: 0.5 ms]
   [Eden: 120.0M(120.0M)->0.0B(110.0M) Survivors: 19.0M->12.0M Heap: 325.2M(512.0M)->197.6M(512.0M)]
 [Times: user=0.03 sys=0.00, real=0.01 secs] 
2014-07-10T12:28:48.034+0200: 41.208: [GC pause (G1 Evacuation Pause) (young), 0.0355953 secs]
   [Parallel Time: 34.9 ms, GC Workers: 2]
      [GC Worker Start (ms): Min: 41208.4, Avg: 41208.4, Max: 41208.4, Diff: 0.0]
      [Ext Root Scanning (ms): Min: 0.3, Avg: 0.3, Max: 0.3, Diff: 0.0, Sum: 0.6]
      [Update RS (ms): Min: 0.0, Avg: 0.0, Max: 0.0, Diff: 0.0, Sum: 0.1]
         [Processed Buffers: Min: 1, Avg: 1.5, Max: 2, Diff: 1, Sum: 3]
      [Scan RS (ms): Min: 0.2, Avg: 0.2, Max: 0.2, Diff: 0.0, Sum: 0.4]
      [Code Root Scanning (ms): Min: 0.1, Avg: 0.1, Max: 0.1, Diff: 0.0, Sum: 0.2]
      [Object Copy (ms): Min: 34.2, Avg: 34.2, Max: 34.2, Diff: 0.0, Sum: 68.4]
      [Termination (ms): Min: 0.0, Avg: 0.0, Max: 0.0, Diff: 0.0, Sum: 0.0]
      [GC Worker Other (ms): Min: 0.0, Avg: 0.0, Max: 0.0, Diff: 0.0, Sum: 0.1]
      [GC Worker Total (ms): Min: 34.8, Avg: 34.9, Max: 34.9, Diff: 0.0, Sum: 69.7]
      [GC Worker End (ms): Min: 41243.3, Avg: 41243.3, Max: 41243.3, Diff: 0.0]
   [Code Root Fixup: 0.0 ms]
   [Code Root Migration: 0.0 ms]
   [Clear CT: 0.1 ms]
   [Other: 0.6 ms]
      [Choose CSet: 0.0 ms]
      [Ref Proc: 0.2 ms]
      [Ref Enq: 0.0 ms]
      [Free CSet: 0.2 ms]
   [Eden: 110.0M(110.0M)->0.0B(131.0M) Survivors: 12.0M->16.0M Heap: 307.6M(512.0M)->241.5M(512.0M)]
 [Times: user=0.09 sys=0.00, real=0.04 secs] 
2014-07-10T12:28:48.187+0200: 41.361: [GC pause (G1 Evacuation Pause) (young), 0.0290983 secs]
   [Parallel Time: 28.0 ms, GC Workers: 2]
      [GC Worker Start (ms): Min: 41361.5, Avg: 41361.5, Max: 41361.5, Diff: 0.0]
      [Ext Root Scanning (ms): Min: 0.6, Avg: 0.6, Max: 0.6, Diff: 0.0, Sum: 1.2]
      [Update RS (ms): Min: 0.1, Avg: 0.1, Max: 0.2, Diff: 0.1, Sum: 0.2]
         [Processed Buffers: Min: 2, Avg: 2.0, Max: 2, Diff: 0, Sum: 4]
      [Scan RS (ms): Min: 0.4, Avg: 0.4, Max: 0.4, Diff: 0.1, Sum: 0.8]
      [Code Root Scanning (ms): Min: 0.1, Avg: 0.1, Max: 0.2, Diff: 0.0, Sum: 0.3]
      [Object Copy (ms): Min: 26.6, Avg: 26.7, Max: 26.7, Diff: 0.0, Sum: 53.3]
      [Termination (ms): Min: 0.0, Avg: 0.0, Max: 0.0, Diff: 0.0, Sum: 0.0]
      [GC Worker Other (ms): Min: 0.0, Avg: 0.0, Max: 0.0, Diff: 0.0, Sum: 0.1]
      [GC Worker Total (ms): Min: 27.9, Avg: 28.0, Max: 28.0, Diff: 0.0, Sum: 55.9]
      [GC Worker End (ms): Min: 41389.5, Avg: 41389.5, Max: 41389.5, Diff: 0.0]
   [Code Root Fixup: 0.0 ms]
   [Code Root Migration: 0.0 ms]
   [Clear CT: 0.4 ms]
   [Other: 0.6 ms]
      [Choose CSet: 0.0 ms]
      [Ref Proc: 0.1 ms]
      [Ref Enq: 0.0 ms]
      [Free CSet: 0.3 ms]
   [Eden: 131.0M(131.0M)->0.0B(122.0M) Survivors: 16.0M->19.0M Heap: 372.5M(512.0M)->267.6M(512.0M)]
 [Times: user=0.06 sys=0.00, real=0.03 secs] 
2014-07-10T12:28:48.275+0200: 41.449: [GC pause (G1 Evacuation Pause) (young) (initial-mark), 0.0215514 secs]
   [Parallel Time: 20.8 ms, GC Workers: 2]
      [GC Worker Start (ms): Min: 41449.4, Avg: 41449.4, Max: 41449.4, Diff: 0.0]
      [Ext Root Scanning (ms): Min: 0.4, Avg: 0.4, Max: 0.4, Diff: 0.0, Sum: 0.8]
      [Code Root Marking (ms): Min: 0.1, Avg: 0.1, Max: 0.1, Diff: 0.0, Sum: 0.1]
      [Update RS (ms): Min: 0.0, Avg: 0.1, Max: 0.1, Diff: 0.0, Sum: 0.1]
         [Processed Buffers: Min: 1, Avg: 1.5, Max: 2, Diff: 1, Sum: 3]
      [Scan RS (ms): Min: 0.2, Avg: 0.2, Max: 0.2, Diff: 0.0, Sum: 0.4]
      [Code Root Scanning (ms): Min: 0.1, Avg: 0.1, Max: 0.1, Diff: 0.0, Sum: 0.2]
      [Object Copy (ms): Min: 19.8, Avg: 19.9, Max: 19.9, Diff: 0.0, Sum: 39.7]
      [Termination (ms): Min: 0.0, Avg: 0.0, Max: 0.0, Diff: 0.0, Sum: 0.0]
      [GC Worker Other (ms): Min: 0.0, Avg: 0.0, Max: 0.0, Diff: 0.0, Sum: 0.1]
      [GC Worker Total (ms): Min: 20.7, Avg: 20.7, Max: 20.7, Diff: 0.0, Sum: 41.3]
      [GC Worker End (ms): Min: 41470.1, Avg: 41470.1, Max: 41470.1, Diff: 0.0]
   [Code Root Fixup: 0.0 ms]
   [Code Root Migration: 0.0 ms]
   [Clear CT: 0.1 ms]
   [Other: 0.6 ms]
      [Choose CSet: 0.0 ms]
      [Ref Proc: 0.1 ms]
      [Ref Enq: 0.0 ms]
      [Free CSet: 0.3 ms]
   [Eden: 122.0M(122.0M)->0.0B(141.0M) Survivors: 19.0M->18.0M Heap: 389.6M(512.0M)->280.5M(512.0M)]
 [Times: user=0.03 sys=0.00, real=0.02 secs] 
2014-07-10T12:28:48.297+0200: 41.471: [GC concurrent-root-region-scan-start]
2014-07-10T12:28:48.298+0200: 41.471: [GC concurrent-root-region-scan-end, 0.0003160 secs]
2014-07-10T12:28:48.298+0200: 41.471: [GC concurrent-mark-start]
2014-07-10T12:28:48.377+0200: 41.550: [GC concurrent-mark-end, 0.0071221 secs]
2014-07-10T12:28:48.377+0200: 41.551: [GC remark 41.551: [GC ref-proc, 0.0000579 secs], 0.0014137 secs]
 [Times: user=0.00 sys=0.00, real=0.00 secs] 
2014-07-10T12:28:48.407+0200: 41.581: [GC pause (G1 Evacuation Pause) (young), 0.0268286 secs]
   [Parallel Time: 26.2 ms, GC Workers: 2]
      [GC Worker Start (ms): Min: 41580.8, Avg: 41580.8, Max: 41580.8, Diff: 0.0]
      [Ext Root Scanning (ms): Min: 0.6, Avg: 0.6, Max: 0.6, Diff: 0.0, Sum: 1.1]
      [SATB Filtering (ms): Min: 0.0, Avg: 0.0, Max: 0.0, Diff: 0.0, Sum: 0.0]
      [Update RS (ms): Min: 0.1, Avg: 0.1, Max: 0.1, Diff: 0.0, Sum: 0.1]
         [Processed Buffers: Min: 1, Avg: 1.5, Max: 2, Diff: 1, Sum: 3]
      [Scan RS (ms): Min: 0.2, Avg: 0.2, Max: 0.2, Diff: 0.0, Sum: 0.5]
      [Code Root Scanning (ms): Min: 0.1, Avg: 0.1, Max: 0.1, Diff: 0.0, Sum: 0.2]
      [Object Copy (ms): Min: 25.1, Avg: 25.1, Max: 25.1, Diff: 0.0, Sum: 50.2]
      [Termination (ms): Min: 0.0, Avg: 0.0, Max: 0.0, Diff: 0.0, Sum: 0.0]
      [GC Worker Other (ms): Min: 0.0, Avg: 0.0, Max: 0.0, Diff: 0.0, Sum: 0.1]
      [GC Worker Total (ms): Min: 26.1, Avg: 26.1, Max: 26.1, Diff: 0.0, Sum: 52.3]
      [GC Worker End (ms): Min: 41606.9, Avg: 41606.9, Max: 41606.9, Diff: 0.0]
   [Code Root Fixup: 0.0 ms]
   [Code Root Migration: 0.0 ms]
   [Clear CT: 0.1 ms]
   [Other: 0.5 ms]
      [Choose CSet: 0.0 ms]
      [Ref Proc: 0.1 ms]
      [Ref Enq: 0.0 ms]
      [Free CSet: 0.3 ms]
   [Eden: 141.0M(141.0M)->0.0B(133.0M) Survivors: 18.0M->20.0M Heap: 421.5M(512.0M)->303.3M(512.0M)]
 [Times: user=0.06 sys=0.00, real=0.03 secs] 
2014-07-10T12:28:48.457+0200: 41.630: [GC cleanup 331M->144M(512M), 0.0013576 secs]
 [Times: user=0.00 sys=0.00, real=0.00 secs] 
2014-07-10T12:28:48.458+0200: 41.632: [GC concurrent-cleanup-start]
2014-07-10T12:28:48.459+0200: 41.632: [GC concurrent-cleanup-end, 0.0005301 secs]
2014-07-10T12:28:48.581+0200: 41.755: [GC pause (G1 Evacuation Pause) (young), 0.0238457 secs]
   [Parallel Time: 23.0 ms, GC Workers: 2]
      [GC Worker Start (ms): Min: 41755.4, Avg: 41755.4, Max: 41755.4, Diff: 0.0]
      [Ext Root Scanning (ms): Min: 0.4, Avg: 0.4, Max: 0.4, Diff: 0.0, Sum: 0.7]
      [Update RS (ms): Min: 0.1, Avg: 0.1, Max: 0.1, Diff: 0.1, Sum: 0.2]
         [Processed Buffers: Min: 2, Avg: 2.0, Max: 2, Diff: 0, Sum: 4]
      [Scan RS (ms): Min: 0.2, Avg: 0.3, Max: 0.3, Diff: 0.0, Sum: 0.5]
      [Code Root Scanning (ms): Min: 0.1, Avg: 0.1, Max: 0.1, Diff: 0.0, Sum: 0.2]
      [Object Copy (ms): Min: 22.1, Avg: 22.1, Max: 22.1, Diff: 0.0, Sum: 44.2]
      [Termination (ms): Min: 0.0, Avg: 0.0, Max: 0.0, Diff: 0.0, Sum: 0.0]
      [GC Worker Other (ms): Min: 0.0, Avg: 0.0, Max: 0.0, Diff: 0.0, Sum: 0.1]
      [GC Worker Total (ms): Min: 23.0, Avg: 23.0, Max: 23.0, Diff: 0.0, Sum: 45.9]
      [GC Worker End (ms): Min: 41778.3, Avg: 41778.3, Max: 41778.3, Diff: 0.0]
   [Code Root Fixup: 0.0 ms]
   [Code Root Migration: 0.0 ms]
   [Clear CT: 0.1 ms]
   [Other: 0.6 ms]
      [Choose CSet: 0.0 ms]
      [Ref Proc: 0.2 ms]
      [Ref Enq: 0.0 ms]
      [Free CSet: 0.3 ms]
   [Eden: 133.0M(133.0M)->0.0B(120.0M) Survivors: 20.0M->20.0M Heap: 249.3M(512.0M)->129.8M(512.0M)]
 [Times: user=0.06 sys=0.00, real=0.02 secs] 
2014-07-10T12:28:48.666+0200: 41.840: [GC pause (G1 Evacuation Pause) (mixed), 0.0150302 secs]
   [Parallel Time: 14.4 ms, GC Workers: 2]
      [GC Worker Start (ms): Min: 41840.0, Avg: 41840.1, Max: 41840.2, Diff: 0.2]
      [Ext Root Scanning (ms): Min: 0.3, Avg: 0.3, Max: 0.4, Diff: 0.2, Sum: 0.7]
      [Update RS (ms): Min: 0.0, Avg: 0.1, Max: 0.1, Diff: 0.1, Sum: 0.1]
         [Processed Buffers: Min: 1, Avg: 1.5, Max: 2, Diff: 1, Sum: 3]
      [Scan RS (ms): Min: 0.2, Avg: 0.2, Max: 0.3, Diff: 0.0, Sum: 0.5]
      [Code Root Scanning (ms): Min: 0.1, Avg: 0.1, Max: 0.1, Diff: 0.0, Sum: 0.2]
      [Object Copy (ms): Min: 13.4, Avg: 13.4, Max: 13.4, Diff: 0.0, Sum: 26.8]
      [Termination (ms): Min: 0.0, Avg: 0.0, Max: 0.0, Diff: 0.0, Sum: 0.0]
      [GC Worker Other (ms): Min: 0.0, Avg: 0.0, Max: 0.0, Diff: 0.0, Sum: 0.1]
      [GC Worker Total (ms): Min: 14.1, Avg: 14.2, Max: 14.3, Diff: 0.2, Sum: 28.4]
      [GC Worker End (ms): Min: 41854.3, Avg: 41854.3, Max: 41854.3, Diff: 0.0]
   [Code Root Fixup: 0.0 ms]
   [Code Root Migration: 0.0 ms]
   [Clear CT: 0.2 ms]
   [Other: 0.5 ms]
      [Choose CSet: 0.0 ms]
      [Ref Proc: 0.1 ms]
      [Ref Enq: 0.0 ms]
      [Free CSet: 0.2 ms]
   [Eden: 120.0M(120.0M)->0.0B(137.0M) Survivors: 20.0M->18.0M Heap: 249.8M(512.0M)->123.5M(512.0M)]
 [Times: user=0.03 sys=0.00, real=0.02 secs] 
2014-07-10T12:28:48.804+0200: 41.978: [GC pause (G1 Evacuation Pause) (mixed), 0.0178954 secs]
   [Parallel Time: 17.2 ms, GC Workers: 2]
      [GC Worker Start (ms): Min: 41978.2, Avg: 41978.3, Max: 41978.3, Diff: 0.0]
      [Ext Root Scanning (ms): Min: 0.3, Avg: 0.3, Max: 0.4, Diff: 0.0, Sum: 0.7]
      [Update RS (ms): Min: 0.1, Avg: 0.1, Max: 0.1, Diff: 0.0, Sum: 0.2]
         [Processed Buffers: Min: 1, Avg: 1.5, Max: 2, Diff: 1, Sum: 3]
      [Scan RS (ms): Min: 0.2, Avg: 0.2, Max: 0.2, Diff: 0.0, Sum: 0.5]
      [Code Root Scanning (ms): Min: 0.1, Avg: 0.1, Max: 0.1, Diff: 0.0, Sum: 0.2]
      [Object Copy (ms): Min: 16.4, Avg: 16.4, Max: 16.4, Diff: 0.0, Sum: 32.8]
      [Termination (ms): Min: 0.0, Avg: 0.0, Max: 0.0, Diff: 0.0, Sum: 0.0]
      [GC Worker Other (ms): Min: 0.0, Avg: 0.0, Max: 0.0, Diff: 0.0, Sum: 0.1]
      [GC Worker Total (ms): Min: 17.2, Avg: 17.2, Max: 17.2, Diff: 0.0, Sum: 34.4]
      [GC Worker End (ms): Min: 41995.5, Avg: 41995.5, Max: 41995.5, Diff: 0.0]
   [Code Root Fixup: 0.0 ms]
   [Code Root Migration: 0.0 ms]
   [Clear CT: 0.1 ms]
   [Other: 0.5 ms]
      [Choose CSet: 0.0 ms]
      [Ref Proc: 0.1 ms]
      [Ref Enq: 0.0 ms]
      [Free CSet: 0.3 ms]
   [Eden: 137.0M(137.0M)->0.0B(126.0M) Survivors: 18.0M->20.0M Heap: 260.5M(512.0M)->129.8M(512.0M)]
 [Times: user=0.03 sys=0.00, real=0.02 secs] 
2014-07-10T12:28:48.970+0200: 42.144: [GC pause (G1 Evacuation Pause) (young), 0.0153125 secs]
   [Parallel Time: 14.3 ms, GC Workers: 2]
      [GC Worker Start (ms): Min: 42144.5, Avg: 42144.5, Max: 42144.5, Diff: 0.0]
      [Ext Root Scanning (ms): Min: 0.4, Avg: 0.4, Max: 0.4, Diff: 0.0, Sum: 0.7]
      [Update RS (ms): Min: 0.0, Avg: 0.1, Max: 0.1, Diff: 0.1, Sum: 0.2]
         [Processed Buffers: Min: 1, Avg: 1.5, Max: 2, Diff: 1, Sum: 3]
      [Scan RS (ms): Min: 0.2, Avg: 0.3, Max: 0.3, Diff: 0.0, Sum: 0.5]
      [Code Root Scanning (ms): Min: 0.1, Avg: 0.1, Max: 0.1, Diff: 0.0, Sum: 0.2]
      [Object Copy (ms): Min: 13.4, Avg: 13.4, Max: 13.4, Diff: 0.0, Sum: 26.7]
      [Termination (ms): Min: 0.0, Avg: 0.0, Max: 0.0, Diff: 0.0, Sum: 0.0]
      [GC Worker Other (ms): Min: 0.0, Avg: 0.0, Max: 0.0, Diff: 0.0, Sum: 0.1]
      [GC Worker Total (ms): Min: 14.2, Avg: 14.2, Max: 14.2, Diff: 0.0, Sum: 28.4]
      [GC Worker End (ms): Min: 42158.7, Avg: 42158.7, Max: 42158.7, Diff: 0.0]
   [Code Root Fixup: 0.0 ms]
   [Code Root Migration: 0.0 ms]
   [Clear CT: 0.1 ms]
   [Other: 0.9 ms]
      [Choose CSet: 0.0 ms]
      [Ref Proc: 0.3 ms]
      [Ref Enq: 0.0 ms]
      [Free CSet: 0.4 ms]
   [Eden: 126.0M(126.0M)->0.0B(113.0M) Survivors: 20.0M->19.0M Heap: 255.8M(512.0M)->130.1M(512.0M)]
 [Times: user=0.03 sys=0.00, real=0.02 secs] 
2014-07-10T12:28:49.041+0200: 42.215: [GC pause (G1 Evacuation Pause) (young), 0.0018500 secs]
   [Parallel Time: 1.3 ms, GC Workers: 2]
      [GC Worker Start (ms): Min: 42215.4, Avg: 42215.4, Max: 42215.4, Diff: 0.0]
      [Ext Root Scanning (ms): Min: 0.3, Avg: 0.4, Max: 0.4, Diff: 0.0, Sum: 0.7]
      [Update RS (ms): Min: 0.0, Avg: 0.0, Max: 0.0, Diff: 0.0, Sum: 0.1]
         [Processed Buffers: Min: 1, Avg: 1.5, Max: 2, Diff: 1, Sum: 3]
      [Scan RS (ms): Min: 0.2, Avg: 0.2, Max: 0.2, Diff: 0.0, Sum: 0.4]
      [Code Root Scanning (ms): Min: 0.1, Avg: 0.1, Max: 0.1, Diff: 0.0, Sum: 0.2]
      [Object Copy (ms): Min: 0.6, Avg: 0.6, Max: 0.6, Diff: 0.0, Sum: 1.2]
      [Termination (ms): Min: 0.0, Avg: 0.0, Max: 0.0, Diff: 0.0, Sum: 0.0]
      [GC Worker Other (ms): Min: 0.0, Avg: 0.0, Max: 0.0, Diff: 0.0, Sum: 0.0]
      [GC Worker Total (ms): Min: 1.3, Avg: 1.3, Max: 1.3, Diff: 0.0, Sum: 2.6]
      [GC Worker End (ms): Min: 42216.7, Avg: 42216.7, Max: 42216.7, Diff: 0.0]
   [Code Root Fixup: 0.0 ms]
   [Code Root Migration: 0.0 ms]
   [Clear CT: 0.1 ms]
   [Other: 0.4 ms]
      [Choose CSet: 0.0 ms]
      [Ref Proc: 0.0 ms]
      [Ref Enq: 0.0 ms]
      [Free CSet: 0.2 ms]
   [Eden: 113.0M(113.0M)->0.0B(305.0M) Survivors: 19.0M->2048.0K Heap: 243.1M(512.0M)->112.3M(512.0M)]
 [Times: user=0.00 sys=0.00, real=0.00 secs] 
2014-07-10T12:28:49.369+0200: 42.543: [GC pause (G1 Evacuation Pause) (young), 0.0183811 secs]
   [Parallel Time: 17.2 ms, GC Workers: 2]
      [GC Worker Start (ms): Min: 42542.7, Avg: 42542.7, Max: 42542.8, Diff: 0.0]
      [Ext Root Scanning (ms): Min: 0.3, Avg: 0.3, Max: 0.3, Diff: 0.0, Sum: 0.7]
      [Update RS (ms): Min: 0.0, Avg: 0.1, Max: 0.1, Diff: 0.1, Sum: 0.2]
         [Processed Buffers: Min: 2, Avg: 2.0, Max: 2, Diff: 0, Sum: 4]
      [Scan RS (ms): Min: 0.5, Avg: 0.5, Max: 0.5, Diff: 0.1, Sum: 1.0]
      [Code Root Scanning (ms): Min: 0.2, Avg: 0.2, Max: 0.2, Diff: 0.0, Sum: 0.4]
      [Object Copy (ms): Min: 15.9, Avg: 16.0, Max: 16.0, Diff: 0.0, Sum: 31.9]
      [Termination (ms): Min: 0.0, Avg: 0.0, Max: 0.0, Diff: 0.0, Sum: 0.0]
      [GC Worker Other (ms): Min: 0.0, Avg: 0.0, Max: 0.0, Diff: 0.0, Sum: 0.1]
      [GC Worker Total (ms): Min: 17.1, Avg: 17.2, Max: 17.2, Diff: 0.0, Sum: 34.3]
      [GC Worker End (ms): Min: 42559.9, Avg: 42559.9, Max: 42559.9, Diff: 0.0]
   [Code Root Fixup: 0.0 ms]
   [Code Root Migration: 0.1 ms]
   [Clear CT: 0.2 ms]
   [Other: 0.9 ms]
      [Choose CSet: 0.0 ms]
      [Ref Proc: 0.2 ms]
      [Ref Enq: 0.0 ms]
      [Free CSet: 0.5 ms]
   [Eden: 305.0M(305.0M)->0.0B(282.0M) Survivors: 2048.0K->25.0M Heap: 417.3M(512.0M)->135.8M(512.0M)]
 [Times: user=0.03 sys=0.00, real=0.02 secs] 
2014-07-10T12:28:49.625+0200: 42.798: [GC pause (G1 Evacuation Pause) (young), 0.0236144 secs]
   [Parallel Time: 22.6 ms, GC Workers: 2]
      [GC Worker Start (ms): Min: 42798.6, Avg: 42798.6, Max: 42798.6, Diff: 0.0]
      [Ext Root Scanning (ms): Min: 0.3, Avg: 0.3, Max: 0.4, Diff: 0.0, Sum: 0.7]
      [Update RS (ms): Min: 0.0, Avg: 0.1, Max: 0.1, Diff: 0.1, Sum: 0.2]
         [Processed Buffers: Min: 1, Avg: 1.5, Max: 2, Diff: 1, Sum: 3]
      [Scan RS (ms): Min: 0.5, Avg: 0.5, Max: 0.6, Diff: 0.1, Sum: 1.1]
      [Code Root Scanning (ms): Min: 0.2, Avg: 0.2, Max: 0.2, Diff: 0.0, Sum: 0.4]
      [Object Copy (ms): Min: 21.3, Avg: 21.3, Max: 21.3, Diff: 0.0, Sum: 42.5]
      [Termination (ms): Min: 0.0, Avg: 0.0, Max: 0.0, Diff: 0.0, Sum: 0.0]
      [GC Worker Other (ms): Min: 0.0, Avg: 0.1, Max: 0.1, Diff: 0.1, Sum: 0.1]
      [GC Worker Total (ms): Min: 22.5, Avg: 22.5, Max: 22.5, Diff: 0.0, Sum: 45.0]
      [GC Worker End (ms): Min: 42821.0, Avg: 42821.1, Max: 42821.1, Diff: 0.1]
   [Code Root Fixup: 0.0 ms]
   [Code Root Migration: 0.1 ms]
   [Clear CT: 0.2 ms]
   [Other: 0.8 ms]
      [Choose CSet: 0.0 ms]
      [Ref Proc: 0.0 ms]
      [Ref Enq: 0.0 ms]
      [Free CSet: 0.6 ms]
   [Eden: 282.0M(282.0M)->0.0B(116.0M) Survivors: 25.0M->35.0M Heap: 417.8M(512.0M)->145.6M(512.0M)]
 [Times: user=0.06 sys=0.00, real=0.02 secs] 
2014-07-10T12:28:49.770+0200: 42.944: [GC pause (G1 Evacuation Pause) (young), 0.0167383 secs]
   [Parallel Time: 15.9 ms, GC Workers: 2]
      [GC Worker Start (ms): Min: 42944.1, Avg: 42944.1, Max: 42944.1, Diff: 0.0]
      [Ext Root Scanning (ms): Min: 0.6, Avg: 0.6, Max: 0.6, Diff: 0.0, Sum: 1.2]
      [Update RS (ms): Min: 0.0, Avg: 0.1, Max: 0.2, Diff: 0.2, Sum: 0.3]
         [Processed Buffers: Min: 1, Avg: 1.5, Max: 2, Diff: 1, Sum: 3]
      [Scan RS (ms): Min: 0.4, Avg: 0.5, Max: 0.5, Diff: 0.1, Sum: 0.9]
      [Code Root Scanning (ms): Min: 0.1, Avg: 0.1, Max: 0.2, Diff: 0.0, Sum: 0.3]
      [Object Copy (ms): Min: 14.4, Avg: 14.4, Max: 14.4, Diff: 0.0, Sum: 28.8]
      [Termination (ms): Min: 0.0, Avg: 0.0, Max: 0.0, Diff: 0.0, Sum: 0.0]
      [GC Worker Other (ms): Min: 0.0, Avg: 0.0, Max: 0.0, Diff: 0.0, Sum: 0.1]
      [GC Worker Total (ms): Min: 15.8, Avg: 15.8, Max: 15.8, Diff: 0.0, Sum: 31.6]
      [GC Worker End (ms): Min: 42959.9, Avg: 42959.9, Max: 42959.9, Diff: 0.0]
   [Code Root Fixup: 0.0 ms]
   [Code Root Migration: 0.0 ms]
   [Clear CT: 0.1 ms]
   [Other: 0.7 ms]
      [Choose CSet: 0.0 ms]
      [Ref Proc: 0.2 ms]
      [Ref Enq: 0.0 ms]
      [Free CSet: 0.3 ms]
   [Eden: 116.0M(116.0M)->0.0B(107.0M) Survivors: 35.0M->19.0M Heap: 261.6M(512.0M)->129.4M(512.0M)]
 [Times: user=0.03 sys=0.00, real=0.02 secs] 
2014-07-10T12:28:49.841+0200: 43.015: [GC pause (G1 Evacuation Pause) (young), 0.0378570 secs]
   [Parallel Time: 37.3 ms, GC Workers: 2]
      [GC Worker Start (ms): Min: 43014.8, Avg: 43014.8, Max: 43014.8, Diff: 0.0]
      [Ext Root Scanning (ms): Min: 0.3, Avg: 0.3, Max: 0.3, Diff: 0.0, Sum: 0.6]
      [Update RS (ms): Min: 0.0, Avg: 0.0, Max: 0.1, Diff: 0.0, Sum: 0.1]
         [Processed Buffers: Min: 1, Avg: 1.5, Max: 2, Diff: 1, Sum: 3]
      [Scan RS (ms): Min: 0.2, Avg: 0.2, Max: 0.2, Diff: 0.0, Sum: 0.4]
      [Code Root Scanning (ms): Min: 0.1, Avg: 0.1, Max: 0.1, Diff: 0.0, Sum: 0.2]
      [Object Copy (ms): Min: 36.6, Avg: 36.6, Max: 36.6, Diff: 0.0, Sum: 73.2]
      [Termination (ms): Min: 0.0, Avg: 0.0, Max: 0.0, Diff: 0.0, Sum: 0.0]
      [GC Worker Other (ms): Min: 0.0, Avg: 0.0, Max: 0.0, Diff: 0.0, Sum: 0.1]
      [GC Worker Total (ms): Min: 37.2, Avg: 37.2, Max: 37.2, Diff: 0.0, Sum: 74.5]
      [GC Worker End (ms): Min: 43052.0, Avg: 43052.0, Max: 43052.0, Diff: 0.0]
   [Code Root Fixup: 0.0 ms]
   [Code Root Migration: 0.0 ms]
   [Clear CT: 0.1 ms]
   [Other: 0.5 ms]
      [Choose CSet: 0.0 ms]
      [Ref Proc: 0.0 ms]
      [Ref Enq: 0.0 ms]
      [Free CSet: 0.3 ms]
   [Eden: 107.0M(107.0M)->0.0B(130.0M) Survivors: 19.0M->16.0M Heap: 236.4M(512.0M)->170.4M(512.0M)]
 [Times: user=0.09 sys=0.00, real=0.04 secs] 
2014-07-10T12:28:49.996+0200: 43.170: [GC pause (G1 Evacuation Pause) (young), 0.0377500 secs]
   [Parallel Time: 36.8 ms, GC Workers: 2]
      [GC Worker Start (ms): Min: 43170.0, Avg: 43170.0, Max: 43170.0, Diff: 0.0]
      [Ext Root Scanning (ms): Min: 0.3, Avg: 0.3, Max: 0.3, Diff: 0.0, Sum: 0.7]
      [Update RS (ms): Min: 0.0, Avg: 0.0, Max: 0.1, Diff: 0.0, Sum: 0.1]
         [Processed Buffers: Min: 1, Avg: 1.5, Max: 2, Diff: 1, Sum: 3]
      [Scan RS (ms): Min: 0.2, Avg: 0.3, Max: 0.3, Diff: 0.0, Sum: 0.5]
      [Code Root Scanning (ms): Min: 0.1, Avg: 0.1, Max: 0.1, Diff: 0.0, Sum: 0.2]
      [Object Copy (ms): Min: 36.0, Avg: 36.0, Max: 36.0, Diff: 0.0, Sum: 72.0]
      [Termination (ms): Min: 0.0, Avg: 0.0, Max: 0.0, Diff: 0.0, Sum: 0.0]
      [GC Worker Other (ms): Min: 0.0, Avg: 0.0, Max: 0.0, Diff: 0.0, Sum: 0.1]
      [GC Worker Total (ms): Min: 36.8, Avg: 36.8, Max: 36.8, Diff: 0.0, Sum: 73.6]
      [GC Worker End (ms): Min: 43206.8, Avg: 43206.8, Max: 43206.8, Diff: 0.0]
   [Code Root Fixup: 0.0 ms]
   [Code Root Migration: 0.0 ms]
   [Clear CT: 0.1 ms]
   [Other: 0.8 ms]
      [Choose CSet: 0.0 ms]
      [Ref Proc: 0.2 ms]
      [Ref Enq: 0.0 ms]
      [Free CSet: 0.5 ms]
   [Eden: 130.0M(130.0M)->0.0B(121.0M) Survivors: 16.0M->19.0M Heap: 300.4M(512.0M)->211.4M(512.0M)]
 [Times: user=0.06 sys=0.00, real=0.04 secs] 
2014-07-10T12:28:50.093+0200: 43.267: [GC pause (G1 Evacuation Pause) (young), 0.0226142 secs]
   [Parallel Time: 21.7 ms, GC Workers: 2]
      [GC Worker Start (ms): Min: 43266.7, Avg: 43266.7, Max: 43266.7, Diff: 0.0]
      [Ext Root Scanning (ms): Min: 0.3, Avg: 0.3, Max: 0.3, Diff: 0.0, Sum: 0.6]
      [Update RS (ms): Min: 0.0, Avg: 0.1, Max: 0.1, Diff: 0.1, Sum: 0.1]
         [Processed Buffers: Min: 2, Avg: 2.0, Max: 2, Diff: 0, Sum: 4]
      [Scan RS (ms): Min: 0.2, Avg: 0.2, Max: 0.3, Diff: 0.0, Sum: 0.5]
      [Code Root Scanning (ms): Min: 0.1, Avg: 0.1, Max: 0.1, Diff: 0.0, Sum: 0.2]
      [Object Copy (ms): Min: 20.9, Avg: 21.0, Max: 21.0, Diff: 0.0, Sum: 41.9]
      [Termination (ms): Min: 0.0, Avg: 0.0, Max: 0.0, Diff: 0.0, Sum: 0.0]
      [GC Worker Other (ms): Min: 0.0, Avg: 0.0, Max: 0.0, Diff: 0.0, Sum: 0.1]
      [GC Worker Total (ms): Min: 21.7, Avg: 21.7, Max: 21.7, Diff: 0.0, Sum: 43.4]
      [GC Worker End (ms): Min: 43288.3, Avg: 43288.3, Max: 43288.3, Diff: 0.0]
   [Code Root Fixup: 0.0 ms]
   [Code Root Migration: 0.0 ms]
   [Clear CT: 0.1 ms]
   [Other: 0.7 ms]
      [Choose CSet: 0.0 ms]
      [Ref Proc: 0.3 ms]
      [Ref Enq: 0.0 ms]
      [Free CSet: 0.3 ms]
   [Eden: 121.0M(121.0M)->0.0B(140.0M) Survivors: 19.0M->18.0M Heap: 332.4M(512.0M)->226.2M(512.0M)]
 [Times: user=0.06 sys=0.00, real=0.02 secs] 
2014-07-10T12:28:50.207+0200: 43.381: [GC pause (G1 Evacuation Pause) (young), 0.0273180 secs]
   [Parallel Time: 26.7 ms, GC Workers: 2]
      [GC Worker Start (ms): Min: 43381.4, Avg: 43381.4, Max: 43381.4, Diff: 0.0]
      [Ext Root Scanning (ms): Min: 0.3, Avg: 0.3, Max: 0.4, Diff: 0.0, Sum: 0.7]
      [Update RS (ms): Min: 0.0, Avg: 0.1, Max: 0.1, Diff: 0.1, Sum: 0.1]
         [Processed Buffers: Min: 1, Avg: 1.5, Max: 2, Diff: 1, Sum: 3]
      [Scan RS (ms): Min: 0.2, Avg: 0.2, Max: 0.3, Diff: 0.0, Sum: 0.5]
      [Code Root Scanning (ms): Min: 0.1, Avg: 0.1, Max: 0.1, Diff: 0.0, Sum: 0.2]
      [Object Copy (ms): Min: 25.8, Avg: 25.8, Max: 25.8, Diff: 0.0, Sum: 51.6]
      [Termination (ms): Min: 0.0, Avg: 0.0, Max: 0.0, Diff: 0.0, Sum: 0.0]
      [GC Worker Other (ms): Min: 0.0, Avg: 0.0, Max: 0.1, Diff: 0.0, Sum: 0.1]
      [GC Worker Total (ms): Min: 26.6, Avg: 26.6, Max: 26.6, Diff: 0.0, Sum: 53.3]
      [GC Worker End (ms): Min: 43408.0, Avg: 43408.0, Max: 43408.0, Diff: 0.0]
   [Code Root Fixup: 0.0 ms]
   [Code Root Migration: 0.0 ms]
   [Clear CT: 0.1 ms]
   [Other: 0.5 ms]
      [Choose CSet: 0.0 ms]
      [Ref Proc: 0.0 ms]
      [Ref Enq: 0.0 ms]
      [Free CSet: 0.3 ms]
   [Eden: 140.0M(140.0M)->0.0B(137.0M) Survivors: 18.0M->20.0M Heap: 366.2M(512.0M)->249.8M(512.0M)]
 [Times: user=0.03 sys=0.00, real=0.03 secs] 
2014-07-10T12:28:50.389+0200: 43.563: [GC pause (G1 Evacuation Pause) (young), 0.0310246 secs]
   [Parallel Time: 30.3 ms, GC Workers: 2]
      [GC Worker Start (ms): Min: 43563.2, Avg: 43563.3, Max: 43563.4, Diff: 0.2]
      [Ext Root Scanning (ms): Min: 0.3, Avg: 0.4, Max: 0.5, Diff: 0.2, Sum: 0.8]
      [Update RS (ms): Min: 0.0, Avg: 0.1, Max: 0.1, Diff: 0.1, Sum: 0.1]
         [Processed Buffers: Min: 1, Avg: 1.5, Max: 2, Diff: 1, Sum: 3]
      [Scan RS (ms): Min: 0.3, Avg: 0.3, Max: 0.3, Diff: 0.0, Sum: 0.6]
      [Code Root Scanning (ms): Min: 0.1, Avg: 0.1, Max: 0.1, Diff: 0.0, Sum: 0.2]
      [Object Copy (ms): Min: 29.3, Avg: 29.3, Max: 29.3, Diff: 0.0, Sum: 58.6]
      [Termination (ms): Min: 0.0, Avg: 0.0, Max: 0.0, Diff: 0.0, Sum: 0.0]
      [GC Worker Other (ms): Min: 0.0, Avg: 0.0, Max: 0.0, Diff: 0.0, Sum: 0.1]
      [GC Worker Total (ms): Min: 30.1, Avg: 30.2, Max: 30.3, Diff: 0.2, Sum: 60.4]
      [GC Worker End (ms): Min: 43593.5, Avg: 43593.5, Max: 43593.5, Diff: 0.0]
   [Code Root Fixup: 0.0 ms]
   [Code Root Migration: 0.0 ms]
   [Clear CT: 0.1 ms]
   [Other: 0.5 ms]
      [Choose CSet: 0.0 ms]
      [Ref Proc: 0.1 ms]
      [Ref Enq: 0.0 ms]
      [Free CSet: 0.3 ms]
   [Eden: 137.0M(137.0M)->0.0B(123.0M) Survivors: 20.0M->20.0M Heap: 386.8M(512.0M)->276.3M(512.0M)]
 [Times: user=0.06 sys=0.00, real=0.03 secs] 
2014-07-10T12:28:50.481+0200: 43.654: [GC pause (G1 Evacuation Pause) (young) (initial-mark), 0.0246706 secs]
   [Parallel Time: 23.9 ms, GC Workers: 2]
      [GC Worker Start (ms): Min: 43654.7, Avg: 43654.7, Max: 43654.7, Diff: 0.0]
      [Ext Root Scanning (ms): Min: 0.4, Avg: 0.4, Max: 0.4, Diff: 0.0, Sum: 0.8]
      [Code Root Marking (ms): Min: 0.1, Avg: 0.1, Max: 0.1, Diff: 0.0, Sum: 0.1]
      [Update RS (ms): Min: 0.0, Avg: 0.0, Max: 0.0, Diff: 0.0, Sum: 0.1]
         [Processed Buffers: Min: 1, Avg: 1.5, Max: 2, Diff: 1, Sum: 3]
      [Scan RS (ms): Min: 0.2, Avg: 0.2, Max: 0.2, Diff: 0.0, Sum: 0.4]
      [Code Root Scanning (ms): Min: 0.1, Avg: 0.1, Max: 0.1, Diff: 0.0, Sum: 0.2]
      [Object Copy (ms): Min: 23.0, Avg: 23.0, Max: 23.0, Diff: 0.0, Sum: 46.0]
      [Termination (ms): Min: 0.0, Avg: 0.0, Max: 0.0, Diff: 0.0, Sum: 0.0]
      [GC Worker Other (ms): Min: 0.0, Avg: 0.0, Max: 0.0, Diff: 0.0, Sum: 0.1]
      [GC Worker Total (ms): Min: 23.8, Avg: 23.8, Max: 23.8, Diff: 0.0, Sum: 47.7]
      [GC Worker End (ms): Min: 43678.5, Avg: 43678.5, Max: 43678.5, Diff: 0.0]
   [Code Root Fixup: 0.0 ms]
   [Code Root Migration: 0.0 ms]
   [Clear CT: 0.1 ms]
   [Other: 0.6 ms]
      [Choose CSet: 0.0 ms]
      [Ref Proc: 0.1 ms]
      [Ref Enq: 0.0 ms]
      [Free CSet: 0.3 ms]
   [Eden: 123.0M(123.0M)->0.0B(141.0M) Survivors: 20.0M->18.0M Heap: 399.3M(512.0M)->293.7M(512.0M)]
 [Times: user=0.06 sys=0.00, real=0.02 secs] 
2014-07-10T12:28:50.505+0200: 43.679: [GC concurrent-root-region-scan-start]
2014-07-10T12:28:50.506+0200: 43.680: [GC concurrent-root-region-scan-end, 0.0003963 secs]
2014-07-10T12:28:50.506+0200: 43.680: [GC concurrent-mark-start]
2014-07-10T12:28:50.585+0200: 43.759: [GC concurrent-mark-end, 0.0053186 secs]
2014-07-10T12:28:50.585+0200: 43.759: [GC remark 43.759: [GC ref-proc, 0.0001543 secs], 0.0028637 secs]
 [Times: user=0.00 sys=0.00, real=0.00 secs] 
2014-07-10T12:28:50.620+0200: 43.794: [GC pause (G1 Evacuation Pause) (young), 0.0227557 secs]
   [Parallel Time: 21.8 ms, GC Workers: 2]
      [GC Worker Start (ms): Min: 43794.0, Avg: 43794.0, Max: 43794.0, Diff: 0.0]
      [Ext Root Scanning (ms): Min: 0.3, Avg: 0.3, Max: 0.3, Diff: 0.0, Sum: 0.7]
      [SATB Filtering (ms): Min: 0.0, Avg: 0.0, Max: 0.0, Diff: 0.0, Sum: 0.0]
      [Update RS (ms): Min: 0.1, Avg: 0.1, Max: 0.1, Diff: 0.1, Sum: 0.2]
         [Processed Buffers: Min: 2, Avg: 2.0, Max: 2, Diff: 0, Sum: 4]
      [Scan RS (ms): Min: 0.2, Avg: 0.2, Max: 0.3, Diff: 0.0, Sum: 0.5]
      [Code Root Scanning (ms): Min: 0.1, Avg: 0.1, Max: 0.1, Diff: 0.0, Sum: 0.2]
      [Object Copy (ms): Min: 21.0, Avg: 21.0, Max: 21.0, Diff: 0.0, Sum: 42.0]
      [Termination (ms): Min: 0.0, Avg: 0.0, Max: 0.0, Diff: 0.0, Sum: 0.0]
      [GC Worker Other (ms): Min: 0.0, Avg: 0.0, Max: 0.0, Diff: 0.0, Sum: 0.1]
      [GC Worker Total (ms): Min: 21.8, Avg: 21.8, Max: 21.8, Diff: 0.0, Sum: 43.6]
      [GC Worker End (ms): Min: 43815.8, Avg: 43815.8, Max: 43815.8, Diff: 0.0]
   [Code Root Fixup: 0.0 ms]
   [Code Root Migration: 0.0 ms]
   [Clear CT: 0.1 ms]
   [Other: 0.8 ms]
      [Choose CSet: 0.0 ms]
      [Ref Proc: 0.2 ms]
      [Ref Enq: 0.0 ms]
      [Free CSet: 0.3 ms]
   [Eden: 141.0M(141.0M)->0.0B(132.0M) Survivors: 18.0M->20.0M Heap: 434.7M(512.0M)->309.8M(512.0M)]
 [Times: user=0.05 sys=0.00, real=0.02 secs] 
2014-07-10T12:28:50.667+0200: 43.841: [GC cleanup 360M->167M(512M), 0.0018973 secs]
 [Times: user=0.00 sys=0.00, real=0.00 secs] 
2014-07-10T12:28:50.669+0200: 43.843: [GC concurrent-cleanup-start]
2014-07-10T12:28:50.669+0200: 43.843: [GC concurrent-cleanup-end, 0.0006042 secs]
2014-07-10T12:28:50.783+0200: 43.957: [GC pause (G1 Evacuation Pause) (young), 0.0296809 secs]
   [Parallel Time: 28.6 ms, GC Workers: 2]
      [GC Worker Start (ms): Min: 43957.4, Avg: 43957.4, Max: 43957.4, Diff: 0.0]
      [Ext Root Scanning (ms): Min: 0.9, Avg: 0.9, Max: 0.9, Diff: 0.0, Sum: 1.7]
      [Update RS (ms): Min: 0.1, Avg: 0.2, Max: 0.3, Diff: 0.2, Sum: 0.3]
         [Processed Buffers: Min: 1, Avg: 1.5, Max: 2, Diff: 1, Sum: 3]
      [Scan RS (ms): Min: 0.4, Avg: 0.4, Max: 0.5, Diff: 0.1, Sum: 0.8]
      [Code Root Scanning (ms): Min: 0.1, Avg: 0.1, Max: 0.2, Diff: 0.0, Sum: 0.3]
      [Object Copy (ms): Min: 26.6, Avg: 26.7, Max: 26.7, Diff: 0.2, Sum: 53.3]
      [Termination (ms): Min: 0.0, Avg: 0.2, Max: 0.4, Diff: 0.4, Sum: 0.4]
      [GC Worker Other (ms): Min: 0.0, Avg: 0.0, Max: 0.0, Diff: 0.0, Sum: 0.1]
      [GC Worker Total (ms): Min: 28.4, Avg: 28.5, Max: 28.6, Diff: 0.2, Sum: 57.0]
      [GC Worker End (ms): Min: 43985.8, Avg: 43985.9, Max: 43986.0, Diff: 0.2]
   [Code Root Fixup: 0.0 ms]
   [Code Root Migration: 0.0 ms]
   [Clear CT: 0.5 ms]
   [Other: 0.5 ms]
      [Choose CSet: 0.0 ms]
      [Ref Proc: 0.1 ms]
      [Ref Enq: 0.0 ms]
      [Free CSet: 0.3 ms]
   [Eden: 132.0M(132.0M)->0.0B(120.0M) Survivors: 20.0M->19.0M Heap: 248.8M(512.0M)->130.8M(512.0M)]
 [Times: user=0.03 sys=0.00, real=0.03 secs] 
2014-07-10T12:28:50.871+0200: 44.045: [GC pause (G1 Evacuation Pause) (mixed), 0.0153151 secs]
   [Parallel Time: 14.5 ms, GC Workers: 2]
      [GC Worker Start (ms): Min: 44045.5, Avg: 44045.5, Max: 44045.5, Diff: 0.0]
      [Ext Root Scanning (ms): Min: 0.3, Avg: 0.4, Max: 0.4, Diff: 0.0, Sum: 0.7]
      [Update RS (ms): Min: 0.0, Avg: 0.1, Max: 0.1, Diff: 0.1, Sum: 0.1]
         [Processed Buffers: Min: 1, Avg: 1.5, Max: 2, Diff: 1, Sum: 3]
      [Scan RS (ms): Min: 0.2, Avg: 0.2, Max: 0.3, Diff: 0.0, Sum: 0.5]
      [Code Root Scanning (ms): Min: 0.1, Avg: 0.1, Max: 0.1, Diff: 0.0, Sum: 0.2]
      [Object Copy (ms): Min: 13.7, Avg: 13.7, Max: 13.7, Diff: 0.0, Sum: 27.4]
      [Termination (ms): Min: 0.0, Avg: 0.0, Max: 0.0, Diff: 0.0, Sum: 0.0]
      [GC Worker Other (ms): Min: 0.0, Avg: 0.0, Max: 0.0, Diff: 0.0, Sum: 0.1]
      [GC Worker Total (ms): Min: 14.5, Avg: 14.5, Max: 14.5, Diff: 0.0, Sum: 29.0]
      [GC Worker End (ms): Min: 44060.0, Avg: 44060.0, Max: 44060.0, Diff: 0.0]
   [Code Root Fixup: 0.0 ms]
   [Code Root Migration: 0.0 ms]
   [Clear CT: 0.1 ms]
   [Other: 0.6 ms]
      [Choose CSet: 0.0 ms]
      [Ref Proc: 0.3 ms]
      [Ref Enq: 0.0 ms]
      [Free CSet: 0.2 ms]
   [Eden: 120.0M(120.0M)->0.0B(140.0M) Survivors: 19.0M->18.0M Heap: 250.8M(512.0M)->125.8M(512.0M)]
 [Times: user=0.03 sys=0.00, real=0.02 secs] 
2014-07-10T12:28:51.000+0200: 44.174: [GC pause (G1 Evacuation Pause) (mixed), 0.0170591 secs]
   [Parallel Time: 16.4 ms, GC Workers: 2]
      [GC Worker Start (ms): Min: 44173.7, Avg: 44173.7, Max: 44173.7, Diff: 0.0]
      [Ext Root Scanning (ms): Min: 0.4, Avg: 0.4, Max: 0.4, Diff: 0.0, Sum: 0.7]
      [Update RS (ms): Min: 0.1, Avg: 0.1, Max: 0.1, Diff: 0.0, Sum: 0.2]
         [Processed Buffers: Min: 1, Avg: 2.0, Max: 3, Diff: 2, Sum: 4]
      [Scan RS (ms): Min: 0.4, Avg: 0.5, Max: 0.5, Diff: 0.0, Sum: 0.9]
      [Code Root Scanning (ms): Min: 0.1, Avg: 0.1, Max: 0.1, Diff: 0.0, Sum: 0.2]
      [Object Copy (ms): Min: 15.3, Avg: 15.3, Max: 15.3, Diff: 0.0, Sum: 30.6]
      [Termination (ms): Min: 0.0, Avg: 0.0, Max: 0.0, Diff: 0.0, Sum: 0.0]
      [GC Worker Other (ms): Min: 0.0, Avg: 0.0, Max: 0.0, Diff: 0.0, Sum: 0.1]
      [GC Worker Total (ms): Min: 16.4, Avg: 16.4, Max: 16.4, Diff: 0.0, Sum: 32.8]
      [GC Worker End (ms): Min: 44190.1, Avg: 44190.1, Max: 44190.1, Diff: 0.0]
   [Code Root Fixup: 0.0 ms]
   [Code Root Migration: 0.0 ms]
   [Clear CT: 0.1 ms]
   [Other: 0.5 ms]
      [Choose CSet: 0.0 ms]
      [Ref Proc: 0.0 ms]
      [Ref Enq: 0.0 ms]
      [Free CSet: 0.3 ms]
   [Eden: 140.0M(140.0M)->0.0B(131.0M) Survivors: 18.0M->20.0M Heap: 265.8M(512.0M)->128.6M(512.0M)]
 [Times: user=0.05 sys=0.00, real=0.02 secs] 
2014-07-10T12:28:51.168+0200: 44.342: [GC pause (G1 Evacuation Pause) (young), 0.0196339 secs]
   [Parallel Time: 18.2 ms, GC Workers: 2]
      [GC Worker Start (ms): Min: 44342.1, Avg: 44342.1, Max: 44342.1, Diff: 0.0]
      [Ext Root Scanning (ms): Min: 0.7, Avg: 0.7, Max: 0.7, Diff: 0.0, Sum: 1.4]
      [Update RS (ms): Min: 0.1, Avg: 0.1, Max: 0.2, Diff: 0.1, Sum: 0.3]
         [Processed Buffers: Min: 1, Avg: 1.5, Max: 2, Diff: 1, Sum: 3]
      [Scan RS (ms): Min: 0.4, Avg: 0.5, Max: 0.5, Diff: 0.0, Sum: 0.9]
      [Code Root Scanning (ms): Min: 0.1, Avg: 0.1, Max: 0.1, Diff: 0.0, Sum: 0.3]
      [Object Copy (ms): Min: 16.6, Avg: 16.6, Max: 16.6, Diff: 0.0, Sum: 33.3]
      [Termination (ms): Min: 0.0, Avg: 0.0, Max: 0.0, Diff: 0.0, Sum: 0.0]
      [GC Worker Other (ms): Min: 0.0, Avg: 0.1, Max: 0.1, Diff: 0.0, Sum: 0.1]
      [GC Worker Total (ms): Min: 18.1, Avg: 18.1, Max: 18.1, Diff: 0.0, Sum: 36.3]
      [GC Worker End (ms): Min: 44360.3, Avg: 44360.3, Max: 44360.3, Diff: 0.0]
   [Code Root Fixup: 0.0 ms]
   [Code Root Migration: 0.1 ms]
   [Clear CT: 0.2 ms]
   [Other: 1.2 ms]
      [Choose CSet: 0.0 ms]
      [Ref Proc: 0.4 ms]
      [Ref Enq: 0.0 ms]
      [Free CSet: 0.5 ms]
   [Eden: 131.0M(131.0M)->0.0B(117.0M) Survivors: 20.0M->16.0M Heap: 259.6M(512.0M)->124.1M(512.0M)]
 [Times: user=0.03 sys=0.00, real=0.02 secs] 
2014-07-10T12:28:51.256+0200: 44.430: [GC pause (G1 Evacuation Pause) (young), 0.0013521 secs]
   [Parallel Time: 0.9 ms, GC Workers: 2]
      [GC Worker Start (ms): Min: 44430.0, Avg: 44430.0, Max: 44430.0, Diff: 0.0]
      [Ext Root Scanning (ms): Min: 0.3, Avg: 0.3, Max: 0.3, Diff: 0.0, Sum: 0.6]
      [Update RS (ms): Min: 0.1, Avg: 0.1, Max: 0.1, Diff: 0.0, Sum: 0.2]
         [Processed Buffers: Min: 1, Avg: 1.5, Max: 2, Diff: 1, Sum: 3]
      [Scan RS (ms): Min: 0.2, Avg: 0.2, Max: 0.2, Diff: 0.0, Sum: 0.4]
      [Code Root Scanning (ms): Min: 0.1, Avg: 0.1, Max: 0.1, Diff: 0.0, Sum: 0.2]
      [Object Copy (ms): Min: 0.2, Avg: 0.2, Max: 0.2, Diff: 0.0, Sum: 0.4]
      [Termination (ms): Min: 0.0, Avg: 0.0, Max: 0.0, Diff: 0.0, Sum: 0.0]
      [GC Worker Other (ms): Min: 0.0, Avg: 0.0, Max: 0.0, Diff: 0.0, Sum: 0.1]
      [GC Worker Total (ms): Min: 0.9, Avg: 0.9, Max: 0.9, Diff: 0.0, Sum: 1.8]
      [GC Worker End (ms): Min: 44430.9, Avg: 44430.9, Max: 44430.9, Diff: 0.0]
   [Code Root Fixup: 0.0 ms]
   [Code Root Migration: 0.0 ms]
   [Clear CT: 0.1 ms]
   [Other: 0.3 ms]
      [Choose CSet: 0.0 ms]
      [Ref Proc: 0.0 ms]
      [Ref Enq: 0.0 ms]
      [Free CSet: 0.2 ms]
   [Eden: 117.0M(117.0M)->0.0B(127.0M) Survivors: 16.0M->1024.0K Heap: 241.1M(512.0M)->109.0M(512.0M)]
 [Times: user=0.00 sys=0.00, real=0.00 secs] 
2014-07-10T12:28:51.394+0200: 44.568: [GC pause (G1 Evacuation Pause) (young), 0.0419500 secs]
   [Parallel Time: 41.2 ms, GC Workers: 2]
      [GC Worker Start (ms): Min: 44568.3, Avg: 44572.6, Max: 44576.9, Diff: 8.6]
      [Ext Root Scanning (ms): Min: 0.0, Avg: 0.2, Max: 0.4, Diff: 0.4, Sum: 0.5]
      [Update RS (ms): Min: 0.0, Avg: 0.1, Max: 0.1, Diff: 0.1, Sum: 0.1]
         [Processed Buffers: Min: 0, Avg: 1.5, Max: 3, Diff: 3, Sum: 3]
      [Scan RS (ms): Min: 0.0, Avg: 0.2, Max: 0.4, Diff: 0.4, Sum: 0.4]
      [Code Root Scanning (ms): Min: 0.0, Avg: 0.1, Max: 0.2, Diff: 0.2, Sum: 0.2]
      [Object Copy (ms): Min: 31.6, Avg: 35.8, Max: 39.9, Diff: 8.3, Sum: 71.5]
      [Termination (ms): Min: 0.0, Avg: 0.4, Max: 0.8, Diff: 0.8, Sum: 0.8]
      [GC Worker Other (ms): Min: 0.0, Avg: 0.0, Max: 0.0, Diff: 0.0, Sum: 0.1]
      [GC Worker Total (ms): Min: 32.5, Avg: 36.8, Max: 41.1, Diff: 8.6, Sum: 73.5]
      [GC Worker End (ms): Min: 44609.4, Avg: 44609.4, Max: 44609.4, Diff: 0.0]
   [Code Root Fixup: 0.0 ms]
   [Code Root Migration: 0.0 ms]
   [Clear CT: 0.1 ms]
   [Other: 0.6 ms]
      [Choose CSet: 0.0 ms]
      [Ref Proc: 0.2 ms]
      [Ref Enq: 0.0 ms]
      [Free CSet: 0.2 ms]
   [Eden: 127.0M(127.0M)->0.0B(115.0M) Survivors: 1024.0K->16.0M Heap: 236.0M(512.0M)->169.9M(512.0M)]
 [Times: user=0.06 sys=0.00, real=0.04 secs] 
2014-07-10T12:28:51.494+0200: 44.668: [GC pause (G1 Evacuation Pause) (young), 0.0241056 secs]
   [Parallel Time: 23.5 ms, GC Workers: 2]
      [GC Worker Start (ms): Min: 44668.4, Avg: 44668.4, Max: 44668.4, Diff: 0.0]
      [Ext Root Scanning (ms): Min: 0.3, Avg: 0.3, Max: 0.3, Diff: 0.0, Sum: 0.7]
      [Update RS (ms): Min: 0.0, Avg: 0.0, Max: 0.1, Diff: 0.0, Sum: 0.1]
         [Processed Buffers: Min: 1, Avg: 1.5, Max: 2, Diff: 1, Sum: 3]
      [Scan RS (ms): Min: 0.2, Avg: 0.2, Max: 0.2, Diff: 0.0, Sum: 0.4]
      [Code Root Scanning (ms): Min: 0.1, Avg: 0.1, Max: 0.1, Diff: 0.0, Sum: 0.2]
      [Object Copy (ms): Min: 22.5, Avg: 22.5, Max: 22.5, Diff: 0.0, Sum: 45.0]
      [Termination (ms): Min: 0.0, Avg: 0.1, Max: 0.2, Diff: 0.2, Sum: 0.3]
      [GC Worker Other (ms): Min: 0.0, Avg: 0.0, Max: 0.0, Diff: 0.0, Sum: 0.1]
      [GC Worker Total (ms): Min: 23.2, Avg: 23.3, Max: 23.4, Diff: 0.2, Sum: 46.7]
      [GC Worker End (ms): Min: 44691.6, Avg: 44691.7, Max: 44691.8, Diff: 0.2]
   [Code Root Fixup: 0.0 ms]
   [Code Root Migration: 0.0 ms]
   [Clear CT: 0.2 ms]
   [Other: 0.4 ms]
      [Choose CSet: 0.0 ms]
      [Ref Proc: 0.0 ms]
      [Ref Enq: 0.0 ms]
      [Free CSet: 0.2 ms]
   [Eden: 115.0M(115.0M)->0.0B(134.0M) Survivors: 16.0M->17.0M Heap: 284.9M(512.0M)->190.1M(512.0M)]
 [Times: user=0.06 sys=0.00, real=0.03 secs] 
2014-07-10T12:28:51.605+0200: 44.779: [GC pause (G1 Evacuation Pause) (young), 0.0250809 secs]
   [Parallel Time: 24.4 ms, GC Workers: 2]
      [GC Worker Start (ms): Min: 44779.4, Avg: 44779.4, Max: 44779.4, Diff: 0.0]
      [Ext Root Scanning (ms): Min: 0.3, Avg: 0.3, Max: 0.3, Diff: 0.0, Sum: 0.7]
      [Update RS (ms): Min: 0.0, Avg: 0.1, Max: 0.1, Diff: 0.0, Sum: 0.1]
         [Processed Buffers: Min: 1, Avg: 1.5, Max: 2, Diff: 1, Sum: 3]
      [Scan RS (ms): Min: 0.2, Avg: 0.2, Max: 0.2, Diff: 0.0, Sum: 0.5]
      [Code Root Scanning (ms): Min: 0.1, Avg: 0.1, Max: 0.1, Diff: 0.0, Sum: 0.2]
      [Object Copy (ms): Min: 23.6, Avg: 23.6, Max: 23.6, Diff: 0.0, Sum: 47.1]
      [Termination (ms): Min: 0.0, Avg: 0.0, Max: 0.0, Diff: 0.0, Sum: 0.0]
      [GC Worker Other (ms): Min: 0.0, Avg: 0.0, Max: 0.0, Diff: 0.0, Sum: 0.1]
      [GC Worker Total (ms): Min: 24.3, Avg: 24.4, Max: 24.4, Diff: 0.0, Sum: 48.7]
      [GC Worker End (ms): Min: 44803.7, Avg: 44803.7, Max: 44803.7, Diff: 0.0]
   [Code Root Fixup: 0.0 ms]
   [Code Root Migration: 0.0 ms]
   [Clear CT: 0.1 ms]
   [Other: 0.5 ms]
      [Choose CSet: 0.0 ms]
      [Ref Proc: 0.2 ms]
      [Ref Enq: 0.0 ms]
      [Free CSet: 0.3 ms]
   [Eden: 134.0M(134.0M)->0.0B(133.0M) Survivors: 17.0M->19.0M Heap: 324.1M(512.0M)->211.1M(512.0M)]
 [Times: user=0.06 sys=0.00, real=0.03 secs] 
2014-07-10T12:28:51.788+0200: 44.962: [GC pause (G1 Evacuation Pause) (young), 0.0271417 secs]
   [Parallel Time: 26.3 ms, GC Workers: 2]
      [GC Worker Start (ms): Min: 44962.4, Avg: 44962.4, Max: 44962.4, Diff: 0.0]
      [Ext Root Scanning (ms): Min: 0.5, Avg: 0.5, Max: 0.5, Diff: 0.0, Sum: 1.0]
      [Update RS (ms): Min: 0.1, Avg: 0.1, Max: 0.1, Diff: 0.0, Sum: 0.1]
         [Processed Buffers: Min: 1, Avg: 1.5, Max: 2, Diff: 1, Sum: 3]
      [Scan RS (ms): Min: 0.3, Avg: 0.3, Max: 0.3, Diff: 0.0, Sum: 0.5]
      [Code Root Scanning (ms): Min: 0.1, Avg: 0.1, Max: 0.1, Diff: 0.0, Sum: 0.2]
      [Object Copy (ms): Min: 25.3, Avg: 25.3, Max: 25.3, Diff: 0.0, Sum: 50.6]
      [Termination (ms): Min: 0.0, Avg: 0.0, Max: 0.0, Diff: 0.0, Sum: 0.0]
      [GC Worker Other (ms): Min: 0.0, Avg: 0.0, Max: 0.0, Diff: 0.0, Sum: 0.1]
      [GC Worker Total (ms): Min: 26.3, Avg: 26.3, Max: 26.3, Diff: 0.0, Sum: 52.6]
      [GC Worker End (ms): Min: 44988.6, Avg: 44988.6, Max: 44988.6, Diff: 0.0]
   [Code Root Fixup: 0.0 ms]
   [Code Root Migration: 0.0 ms]
   [Clear CT: 0.1 ms]
   [Other: 0.6 ms]
      [Choose CSet: 0.0 ms]
      [Ref Proc: 0.1 ms]
      [Ref Enq: 0.0 ms]
      [Free CSet: 0.3 ms]
   [Eden: 133.0M(133.0M)->0.0B(119.0M) Survivors: 19.0M->19.0M Heap: 344.1M(512.0M)->231.0M(512.0M)]
 [Times: user=0.06 sys=0.00, real=0.03 secs] 
2014-07-10T12:28:51.878+0200: 45.052: [GC pause (G1 Evacuation Pause) (young), 0.0176886 secs]
   [Parallel Time: 17.0 ms, GC Workers: 2]
      [GC Worker Start (ms): Min: 45052.0, Avg: 45052.0, Max: 45052.0, Diff: 0.0]
      [Ext Root Scanning (ms): Min: 0.3, Avg: 0.3, Max: 0.3, Diff: 0.0, Sum: 0.6]
      [Update RS (ms): Min: 0.0, Avg: 0.0, Max: 0.1, Diff: 0.0, Sum: 0.1]
         [Processed Buffers: Min: 1, Avg: 1.0, Max: 1, Diff: 0, Sum: 2]
      [Scan RS (ms): Min: 0.2, Avg: 0.2, Max: 0.2, Diff: 0.0, Sum: 0.4]
      [Code Root Scanning (ms): Min: 0.1, Avg: 0.1, Max: 0.1, Diff: 0.0, Sum: 0.2]
      [Object Copy (ms): Min: 16.2, Avg: 16.2, Max: 16.2, Diff: 0.0, Sum: 32.4]
      [Termination (ms): Min: 0.0, Avg: 0.1, Max: 0.2, Diff: 0.2, Sum: 0.2]
      [GC Worker Other (ms): Min: 0.0, Avg: 0.0, Max: 0.0, Diff: 0.0, Sum: 0.1]
      [GC Worker Total (ms): Min: 16.9, Avg: 17.0, Max: 17.0, Diff: 0.1, Sum: 33.9]
      [GC Worker End (ms): Min: 45068.9, Avg: 45069.0, Max: 45069.1, Diff: 0.1]
   [Code Root Fixup: 0.0 ms]
   [Code Root Migration: 0.1 ms]
   [Clear CT: 0.2 ms]
   [Other: 0.4 ms]
      [Choose CSet: 0.0 ms]
      [Ref Proc: 0.0 ms]
      [Ref Enq: 0.0 ms]
      [Free CSet: 0.2 ms]
   [Eden: 119.0M(119.0M)->0.0B(134.0M) Survivors: 19.0M->18.0M Heap: 350.0M(512.0M)->237.8M(512.0M)]
 [Times: user=0.03 sys=0.00, real=0.02 secs] 
2014-07-10T12:28:51.999+0200: 45.173: [GC pause (G1 Evacuation Pause) (young), 0.0188603 secs]
   [Parallel Time: 18.1 ms, GC Workers: 2]
      [GC Worker Start (ms): Min: 45173.5, Avg: 45173.5, Max: 45173.5, Diff: 0.0]
      [Ext Root Scanning (ms): Min: 0.5, Avg: 0.5, Max: 0.6, Diff: 0.1, Sum: 1.1]
      [Update RS (ms): Min: 0.0, Avg: 0.0, Max: 0.1, Diff: 0.1, Sum: 0.1]
         [Processed Buffers: Min: 0, Avg: 1.0, Max: 2, Diff: 2, Sum: 2]
      [Scan RS (ms): Min: 0.2, Avg: 0.2, Max: 0.2, Diff: 0.0, Sum: 0.5]
      [Code Root Scanning (ms): Min: 0.1, Avg: 0.1, Max: 0.1, Diff: 0.0, Sum: 0.2]
      [Object Copy (ms): Min: 17.0, Avg: 17.1, Max: 17.1, Diff: 0.0, Sum: 34.1]
      [Termination (ms): Min: 0.0, Avg: 0.0, Max: 0.0, Diff: 0.0, Sum: 0.0]
      [GC Worker Other (ms): Min: 0.0, Avg: 0.0, Max: 0.0, Diff: 0.0, Sum: 0.1]
      [GC Worker Total (ms): Min: 18.0, Avg: 18.0, Max: 18.0, Diff: 0.0, Sum: 36.1]
      [GC Worker End (ms): Min: 45191.5, Avg: 45191.5, Max: 45191.5, Diff: 0.0]
   [Code Root Fixup: 0.0 ms]
   [Code Root Migration: 0.0 ms]
   [Clear CT: 0.2 ms]
   [Other: 0.5 ms]
      [Choose CSet: 0.0 ms]
      [Ref Proc: 0.1 ms]
      [Ref Enq: 0.0 ms]
      [Free CSet: 0.3 ms]
   [Eden: 134.0M(134.0M)->0.0B(128.0M) Survivors: 18.0M->19.0M Heap: 371.8M(512.0M)->247.4M(512.0M)]
 [Times: user=0.06 sys=0.00, real=0.02 secs] 
2014-07-10T12:28:52.161+0200: 45.335: [GC pause (G1 Evacuation Pause) (young), 0.0102043 secs]
   [Parallel Time: 9.1 ms, GC Workers: 2]
      [GC Worker Start (ms): Min: 45335.1, Avg: 45335.1, Max: 45335.1, Diff: 0.0]
      [Ext Root Scanning (ms): Min: 0.6, Avg: 0.6, Max: 0.6, Diff: 0.0, Sum: 1.2]
      [Update RS (ms): Min: 0.1, Avg: 0.1, Max: 0.1, Diff: 0.0, Sum: 0.2]
         [Processed Buffers: Min: 1, Avg: 1.5, Max: 2, Diff: 1, Sum: 3]
      [Scan RS (ms): Min: 0.4, Avg: 0.4, Max: 0.4, Diff: 0.0, Sum: 0.8]
      [Code Root Scanning (ms): Min: 0.1, Avg: 0.1, Max: 0.1, Diff: 0.0, Sum: 0.3]
      [Object Copy (ms): Min: 7.6, Avg: 7.6, Max: 7.7, Diff: 0.0, Sum: 15.3]
      [Termination (ms): Min: 0.0, Avg: 0.0, Max: 0.0, Diff: 0.0, Sum: 0.0]
      [GC Worker Other (ms): Min: 0.0, Avg: 0.0, Max: 0.1, Diff: 0.0, Sum: 0.1]
      [GC Worker Total (ms): Min: 9.0, Avg: 9.0, Max: 9.0, Diff: 0.0, Sum: 18.0]
      [GC Worker End (ms): Min: 45344.1, Avg: 45344.1, Max: 45344.1, Diff: 0.0]
   [Code Root Fixup: 0.0 ms]
   [Code Root Migration: 0.1 ms]
   [Clear CT: 0.2 ms]
   [Other: 0.9 ms]
      [Choose CSet: 0.0 ms]
      [Ref Proc: 0.1 ms]
      [Ref Enq: 0.0 ms]
      [Free CSet: 0.5 ms]
   [Eden: 128.0M(128.0M)->0.0B(115.0M) Survivors: 19.0M->8192.0K Heap: 375.4M(512.0M)->235.8M(512.0M)]
 [Times: user=0.02 sys=0.00, real=0.01 secs] 
2014-07-10T12:28:52.231+0200: 45.406: [GC pause (G1 Evacuation Pause) (young), 0.0364939 secs]
   [Parallel Time: 35.7 ms, GC Workers: 2]
      [GC Worker Start (ms): Min: 45405.6, Avg: 45405.6, Max: 45405.6, Diff: 0.0]
      [Ext Root Scanning (ms): Min: 0.3, Avg: 0.3, Max: 0.3, Diff: 0.0, Sum: 0.7]
      [Update RS (ms): Min: 0.1, Avg: 0.1, Max: 0.1, Diff: 0.0, Sum: 0.1]
         [Processed Buffers: Min: 1, Avg: 1.5, Max: 2, Diff: 1, Sum: 3]
      [Scan RS (ms): Min: 0.2, Avg: 0.2, Max: 0.2, Diff: 0.0, Sum: 0.4]
      [Code Root Scanning (ms): Min: 0.1, Avg: 0.1, Max: 0.1, Diff: 0.0, Sum: 0.2]
      [Object Copy (ms): Min: 35.0, Avg: 35.0, Max: 35.0, Diff: 0.0, Sum: 70.0]
      [Termination (ms): Min: 0.0, Avg: 0.0, Max: 0.0, Diff: 0.0, Sum: 0.0]
      [GC Worker Other (ms): Min: 0.0, Avg: 0.0, Max: 0.0, Diff: 0.0, Sum: 0.1]
      [GC Worker Total (ms): Min: 35.7, Avg: 35.7, Max: 35.7, Diff: 0.0, Sum: 71.4]
      [GC Worker End (ms): Min: 45441.3, Avg: 45441.3, Max: 45441.3, Diff: 0.0]
   [Code Root Fixup: 0.0 ms]
   [Code Root Migration: 0.0 ms]
   [Clear CT: 0.1 ms]
   [Other: 0.6 ms]
      [Choose CSet: 0.0 ms]
      [Ref Proc: 0.0 ms]
      [Ref Enq: 0.0 ms]
      [Free CSet: 0.4 ms]
   [Eden: 115.0M(115.0M)->0.0B(132.0M) Survivors: 8192.0K->16.0M Heap: 350.8M(512.0M)->284.7M(512.0M)]
 [Times: user=0.09 sys=0.00, real=0.04 secs] 
2014-07-10T12:28:52.398+0200: 45.572: [GC pause (G1 Evacuation Pause) (young) (initial-mark), 0.0374607 secs]
   [Parallel Time: 36.7 ms, GC Workers: 2]
      [GC Worker Start (ms): Min: 45572.3, Avg: 45572.3, Max: 45572.3, Diff: 0.0]
      [Ext Root Scanning (ms): Min: 0.4, Avg: 0.5, Max: 0.5, Diff: 0.0, Sum: 0.9]
      [Code Root Marking (ms): Min: 0.1, Avg: 0.1, Max: 0.1, Diff: 0.0, Sum: 0.2]
      [Update RS (ms): Min: 0.0, Avg: 0.1, Max: 0.1, Diff: 0.0, Sum: 0.1]
         [Processed Buffers: Min: 1, Avg: 1.5, Max: 2, Diff: 1, Sum: 3]
      [Scan RS (ms): Min: 0.2, Avg: 0.2, Max: 0.3, Diff: 0.0, Sum: 0.5]
      [Code Root Scanning (ms): Min: 0.1, Avg: 0.1, Max: 0.1, Diff: 0.0, Sum: 0.2]
      [Object Copy (ms): Min: 35.7, Avg: 35.7, Max: 35.7, Diff: 0.0, Sum: 71.3]
      [Termination (ms): Min: 0.0, Avg: 0.0, Max: 0.0, Diff: 0.0, Sum: 0.0]
      [GC Worker Other (ms): Min: 0.0, Avg: 0.0, Max: 0.0, Diff: 0.0, Sum: 0.1]
      [GC Worker Total (ms): Min: 36.6, Avg: 36.7, Max: 36.7, Diff: 0.0, Sum: 73.3]
      [GC Worker End (ms): Min: 45608.9, Avg: 45608.9, Max: 45608.9, Diff: 0.0]
   [Code Root Fixup: 0.0 ms]
   [Code Root Migration: 0.0 ms]
   [Clear CT: 0.1 ms]
   [Other: 0.6 ms]
      [Choose CSet: 0.0 ms]
      [Ref Proc: 0.1 ms]
      [Ref Enq: 0.0 ms]
      [Free CSet: 0.3 ms]
   [Eden: 132.0M(132.0M)->0.0B(121.0M) Survivors: 16.0M->19.0M Heap: 416.7M(512.0M)->324.9M(512.0M)]
 [Times: user=0.06 sys=0.00, real=0.04 secs] 
2014-07-10T12:28:52.436+0200: 45.610: [GC concurrent-root-region-scan-start]
2014-07-10T12:28:52.436+0200: 45.610: [GC concurrent-root-region-scan-end, 0.0005364 secs]
2014-07-10T12:28:52.436+0200: 45.610: [GC concurrent-mark-start]
2014-07-10T12:28:52.500+0200: 45.674: [GC pause (G1 Evacuation Pause) (young), 0.0290463 secs]
   [Parallel Time: 28.3 ms, GC Workers: 2]
      [GC Worker Start (ms): Min: 45673.8, Avg: 45673.8, Max: 45673.8, Diff: 0.0]
      [Ext Root Scanning (ms): Min: 0.3, Avg: 0.3, Max: 0.3, Diff: 0.0, Sum: 0.6]
      [SATB Filtering (ms): Min: 0.0, Avg: 0.0, Max: 0.0, Diff: 0.0, Sum: 0.0]
      [Update RS (ms): Min: 0.1, Avg: 0.1, Max: 0.1, Diff: 0.0, Sum: 0.1]
         [Processed Buffers: Min: 1, Avg: 1.5, Max: 2, Diff: 1, Sum: 3]
      [Scan RS (ms): Min: 0.2, Avg: 0.2, Max: 0.2, Diff: 0.0, Sum: 0.4]
      [Code Root Scanning (ms): Min: 0.1, Avg: 0.1, Max: 0.1, Diff: 0.0, Sum: 0.2]
      [Object Copy (ms): Min: 27.5, Avg: 27.5, Max: 27.6, Diff: 0.0, Sum: 55.1]
2014-07-10T12:28:52.529+0200: 45.703:       [Termination (ms): Min: 0.0, Avg: 0.0, Max: 0.0, Diff: 0.0, Sum: 0.0]
[GC concurrent-mark-end, 0.0068984 secs]
      [GC Worker Other (ms): Min: 0.0, Avg: 0.0, Max: 0.0, Diff: 0.0, Sum: 0.1]
      [GC Worker Total (ms): Min: 28.3, Avg: 28.3, Max: 28.3, Diff: 0.0, Sum: 56.6]
      [GC Worker End (ms): Min: 45702.1, Avg: 45702.1, Max: 45702.1, Diff: 0.0]
   [Code Root Fixup: 0.0 ms]
   [Code Root Migration: 0.0 ms]
   [Clear CT: 0.2 ms]
   [Other: 0.5 ms]
      [Choose CSet: 0.0 ms]
      [Ref Proc: 0.1 ms]
      [Ref Enq: 0.0 ms]
      [Free CSet: 0.3 ms]
   [Eden: 121.0M(121.0M)->0.0B(135.0M) Survivors: 19.0M->18.0M Heap: 445.9M(512.0M)->350.9M(512.0M)]
 [Times: user=0.03 sys=0.00, real=0.03 secs] 
2014-07-10T12:28:52.530+0200: 45.704: [GC remark 45.704: [GC ref-proc, 0.0000543 secs], 0.0012920 secs]
 [Times: user=0.00 sys=0.00, real=0.00 secs] 
2014-07-10T12:28:52.605+0200: 45.779: [GC pause (G1 Evacuation Pause) (young) (to-space exhausted), 0.0180336 secs]
   [Parallel Time: 17.3 ms, GC Workers: 2]
      [GC Worker Start (ms): Min: 45779.3, Avg: 45779.3, Max: 45779.3, Diff: 0.0]
      [Ext Root Scanning (ms): Min: 0.4, Avg: 0.4, Max: 0.4, Diff: 0.0, Sum: 0.8]
      [SATB Filtering (ms): Min: 0.0, Avg: 0.0, Max: 0.0, Diff: 0.0, Sum: 0.0]
      [Update RS (ms): Min: 0.0, Avg: 0.1, Max: 0.1, Diff: 0.0, Sum: 0.1]
         [Processed Buffers: Min: 1, Avg: 1.5, Max: 2, Diff: 1, Sum: 3]
      [Scan RS (ms): Min: 0.2, Avg: 0.2, Max: 0.2, Diff: 0.0, Sum: 0.5]
      [Code Root Scanning (ms): Min: 0.1, Avg: 0.1, Max: 0.1, Diff: 0.0, Sum: 0.2]
      [Object Copy (ms): Min: 16.5, Avg: 16.5, Max: 16.5, Diff: 0.0, Sum: 33.0]
      [Termination (ms): Min: 0.0, Avg: 0.0, Max: 0.0, Diff: 0.0, Sum: 0.0]
      [GC Worker Other (ms): Min: 0.0, Avg: 0.0, Max: 0.0, Diff: 0.0, Sum: 0.1]
      [GC Worker Total (ms): Min: 17.3, Avg: 17.3, Max: 17.3, Diff: 0.0, Sum: 34.6]
      [GC Worker End (ms): Min: 45796.6, Avg: 45796.6, Max: 45796.6, Diff: 0.0]
   [Code Root Fixup: 0.0 ms]
   [Code Root Migration: 0.0 ms]
   [Clear CT: 0.1 ms]
   [Other: 0.6 ms]
      [Choose CSet: 0.0 ms]
      [Ref Proc: 0.1 ms]
      [Ref Enq: 0.0 ms]
      [Free CSet: 0.2 ms]
   [Eden: 135.0M(135.0M)->0.0B(135.0M) Survivors: 18.0M->20.0M Heap: 485.9M(512.0M)->375.0M(512.0M)]
 [Times: user=0.03 sys=0.00, real=0.02 secs] 
2014-07-10T12:28:52.623+0200: 45.798: [GC cleanup 375M->170M(512M), 0.0012513 secs]
 [Times: user=0.03 sys=0.00, real=0.00 secs] 
2014-07-10T12:28:52.625+0200: 45.799: [GC concurrent-cleanup-start]
2014-07-10T12:28:52.625+0200: 45.799: [GC concurrent-cleanup-end, 0.0004469 secs]
2014-07-10T12:28:52.788+0200: 45.962: [GC pause (G1 Evacuation Pause) (young), 0.0285843 secs]
   [Parallel Time: 27.8 ms, GC Workers: 2]
      [GC Worker Start (ms): Min: 45961.8, Avg: 45961.8, Max: 45961.8, Diff: 0.0]
      [Ext Root Scanning (ms): Min: 0.4, Avg: 0.4, Max: 0.4, Diff: 0.0, Sum: 0.7]
      [Update RS (ms): Min: 0.1, Avg: 0.1, Max: 0.1, Diff: 0.0, Sum: 0.2]
         [Processed Buffers: Min: 1, Avg: 3.0, Max: 5, Diff: 4, Sum: 6]
      [Scan RS (ms): Min: 0.3, Avg: 0.3, Max: 0.3, Diff: 0.1, Sum: 0.6]
      [Code Root Scanning (ms): Min: 0.1, Avg: 0.1, Max: 0.2, Diff: 0.0, Sum: 0.3]
      [Object Copy (ms): Min: 26.8, Avg: 26.9, Max: 26.9, Diff: 0.0, Sum: 53.7]
      [Termination (ms): Min: 0.0, Avg: 0.0, Max: 0.0, Diff: 0.0, Sum: 0.0]
      [GC Worker Other (ms): Min: 0.0, Avg: 0.0, Max: 0.0, Diff: 0.0, Sum: 0.1]
      [GC Worker Total (ms): Min: 27.8, Avg: 27.8, Max: 27.8, Diff: 0.0, Sum: 55.5]
      [GC Worker End (ms): Min: 45989.6, Avg: 45989.6, Max: 45989.6, Diff: 0.0]
   [Code Root Fixup: 0.0 ms]
   [Code Root Migration: 0.0 ms]
   [Clear CT: 0.1 ms]
   [Other: 0.6 ms]
      [Choose CSet: 0.0 ms]
      [Ref Proc: 0.2 ms]
      [Ref Enq: 0.0 ms]
      [Free CSet: 0.3 ms]
   [Eden: 135.0M(135.0M)->0.0B(116.0M) Survivors: 20.0M->20.0M Heap: 305.0M(512.0M)->192.7M(512.0M)]
 [Times: user=0.06 sys=0.00, real=0.03 secs] 
2014-07-10T12:28:52.872+0200: 46.046: [GC pause (G1 Evacuation Pause) (mixed), 0.0181945 secs]
   [Parallel Time: 17.5 ms, GC Workers: 2]
      [GC Worker Start (ms): Min: 46046.3, Avg: 46046.3, Max: 46046.3, Diff: 0.0]
      [Ext Root Scanning (ms): Min: 0.4, Avg: 0.4, Max: 0.4, Diff: 0.0, Sum: 0.7]
      [Update RS (ms): Min: 0.1, Avg: 0.1, Max: 0.1, Diff: 0.0, Sum: 0.2]
         [Processed Buffers: Min: 1, Avg: 1.5, Max: 2, Diff: 1, Sum: 3]
      [Scan RS (ms): Min: 0.2, Avg: 0.2, Max: 0.2, Diff: 0.0, Sum: 0.4]
      [Code Root Scanning (ms): Min: 0.1, Avg: 0.1, Max: 0.1, Diff: 0.0, Sum: 0.2]
      [Object Copy (ms): Min: 16.7, Avg: 16.7, Max: 16.7, Diff: 0.0, Sum: 33.4]
      [Termination (ms): Min: 0.0, Avg: 0.0, Max: 0.0, Diff: 0.0, Sum: 0.0]
      [GC Worker Other (ms): Min: 0.0, Avg: 0.0, Max: 0.0, Diff: 0.0, Sum: 0.1]
      [GC Worker Total (ms): Min: 17.5, Avg: 17.5, Max: 17.5, Diff: 0.0, Sum: 34.9]
      [GC Worker End (ms): Min: 46063.8, Avg: 46063.8, Max: 46063.8, Diff: 0.0]
   [Code Root Fixup: 0.0 ms]
   [Code Root Migration: 0.0 ms]
   [Clear CT: 0.1 ms]
   [Other: 0.5 ms]
      [Choose CSet: 0.0 ms]
      [Ref Proc: 0.2 ms]
      [Ref Enq: 0.0 ms]
      [Free CSet: 0.3 ms]
   [Eden: 116.0M(116.0M)->0.0B(138.0M) Survivors: 20.0M->17.0M Heap: 308.7M(512.0M)->191.4M(512.0M)]
 [Times: user=0.06 sys=0.00, real=0.02 secs] 
2014-07-10T12:28:53.004+0200: 46.178: [GC pause (G1 Evacuation Pause) (mixed), 0.0216397 secs]
   [Parallel Time: 20.9 ms, GC Workers: 2]
      [GC Worker Start (ms): Min: 46178.4, Avg: 46178.4, Max: 46178.4, Diff: 0.0]
      [Ext Root Scanning (ms): Min: 0.3, Avg: 0.3, Max: 0.3, Diff: 0.0, Sum: 0.7]
      [Update RS (ms): Min: 0.0, Avg: 0.1, Max: 0.1, Diff: 0.0, Sum: 0.1]
         [Processed Buffers: Min: 1, Avg: 1.5, Max: 2, Diff: 1, Sum: 3]
      [Scan RS (ms): Min: 0.3, Avg: 0.3, Max: 0.3, Diff: 0.0, Sum: 0.5]
      [Code Root Scanning (ms): Min: 0.1, Avg: 0.1, Max: 0.1, Diff: 0.0, Sum: 0.2]
      [Object Copy (ms): Min: 20.0, Avg: 20.0, Max: 20.0, Diff: 0.0, Sum: 40.0]
      [Termination (ms): Min: 0.0, Avg: 0.0, Max: 0.0, Diff: 0.0, Sum: 0.0]
      [GC Worker Other (ms): Min: 0.0, Avg: 0.0, Max: 0.0, Diff: 0.0, Sum: 0.1]
      [GC Worker Total (ms): Min: 20.8, Avg: 20.8, Max: 20.8, Diff: 0.0, Sum: 41.6]
      [GC Worker End (ms): Min: 46199.2, Avg: 46199.2, Max: 46199.2, Diff: 0.0]
   [Code Root Fixup: 0.0 ms]
   [Code Root Migration: 0.0 ms]
   [Clear CT: 0.2 ms]
   [Other: 0.5 ms]
      [Choose CSet: 0.0 ms]
      [Ref Proc: 0.1 ms]
      [Ref Enq: 0.0 ms]
      [Free CSet: 0.3 ms]
   [Eden: 138.0M(138.0M)->0.0B(129.0M) Survivors: 17.0M->20.0M Heap: 329.4M(512.0M)->202.9M(512.0M)]
 [Times: user=0.02 sys=0.00, real=0.02 secs] 
2014-07-10T12:28:53.168+0200: 46.342: [GC pause (G1 Evacuation Pause) (young), 0.0198770 secs]
   [Parallel Time: 18.4 ms, GC Workers: 2]
      [GC Worker Start (ms): Min: 46342.4, Avg: 46342.5, Max: 46342.7, Diff: 0.3]
      [Ext Root Scanning (ms): Min: 0.5, Avg: 0.6, Max: 0.8, Diff: 0.3, Sum: 1.3]
      [Update RS (ms): Min: 0.1, Avg: 0.1, Max: 0.2, Diff: 0.1, Sum: 0.3]
         [Processed Buffers: Min: 2, Avg: 2.0, Max: 2, Diff: 0, Sum: 4]
      [Scan RS (ms): Min: 0.4, Avg: 0.4, Max: 0.4, Diff: 0.0, Sum: 0.8]
      [Code Root Scanning (ms): Min: 0.1, Avg: 0.1, Max: 0.1, Diff: 0.0, Sum: 0.3]
      [Object Copy (ms): Min: 16.7, Avg: 16.7, Max: 16.7, Diff: 0.0, Sum: 33.3]
      [Termination (ms): Min: 0.0, Avg: 0.0, Max: 0.0, Diff: 0.0, Sum: 0.0]
      [GC Worker Other (ms): Min: 0.1, Avg: 0.1, Max: 0.1, Diff: 0.0, Sum: 0.1]
      [GC Worker Total (ms): Min: 17.9, Avg: 18.1, Max: 18.2, Diff: 0.3, Sum: 36.1]
      [GC Worker End (ms): Min: 46360.6, Avg: 46360.6, Max: 46360.6, Diff: 0.0]
   [Code Root Fixup: 0.0 ms]
   [Code Root Migration: 0.1 ms]
   [Clear CT: 0.2 ms]
   [Other: 1.2 ms]
      [Choose CSet: 0.0 ms]
      [Ref Proc: 0.3 ms]
      [Ref Enq: 0.0 ms]
      [Free CSet: 0.6 ms]
   [Eden: 129.0M(129.0M)->0.0B(117.0M) Survivors: 20.0M->17.0M Heap: 331.9M(512.0M)->199.1M(512.0M)]
 [Times: user=0.05 sys=0.02, real=0.02 secs] 
2014-07-10T12:28:53.257+0200: 46.431: [GC pause (G1 Evacuation Pause) (young), 0.0015626 secs]
   [Parallel Time: 1.1 ms, GC Workers: 2]
      [GC Worker Start (ms): Min: 46431.5, Avg: 46431.5, Max: 46431.5, Diff: 0.0]
      [Ext Root Scanning (ms): Min: 0.3, Avg: 0.3, Max: 0.3, Diff: 0.1, Sum: 0.6]
      [Update RS (ms): Min: 0.0, Avg: 0.1, Max: 0.1, Diff: 0.1, Sum: 0.1]
         [Processed Buffers: Min: 1, Avg: 1.5, Max: 2, Diff: 1, Sum: 3]
      [Scan RS (ms): Min: 0.2, Avg: 0.2, Max: 0.2, Diff: 0.0, Sum: 0.4]
      [Code Root Scanning (ms): Min: 0.1, Avg: 0.1, Max: 0.1, Diff: 0.0, Sum: 0.2]
      [Object Copy (ms): Min: 0.4, Avg: 0.4, Max: 0.4, Diff: 0.0, Sum: 0.8]
      [Termination (ms): Min: 0.0, Avg: 0.0, Max: 0.0, Diff: 0.0, Sum: 0.0]
      [GC Worker Other (ms): Min: 0.0, Avg: 0.0, Max: 0.0, Diff: 0.0, Sum: 0.0]
      [GC Worker Total (ms): Min: 1.0, Avg: 1.0, Max: 1.0, Diff: 0.0, Sum: 2.1]
      [GC Worker End (ms): Min: 46432.5, Avg: 46432.5, Max: 46432.5, Diff: 0.0]
   [Code Root Fixup: 0.0 ms]
   [Code Root Migration: 0.0 ms]
   [Clear CT: 0.1 ms]
   [Other: 0.4 ms]
      [Choose CSet: 0.0 ms]
      [Ref Proc: 0.1 ms]
      [Ref Enq: 0.0 ms]
      [Free CSet: 0.2 ms]
   [Eden: 117.0M(117.0M)->0.0B(126.0M) Survivors: 17.0M->2048.0K Heap: 316.1M(512.0M)->184.0M(512.0M)]
 [Times: user=0.00 sys=0.00, real=0.00 secs] 
2014-07-10T12:28:53.384+0200: 46.558: [GC pause (G1 Evacuation Pause) (young), 0.0393122 secs]
   [Parallel Time: 38.8 ms, GC Workers: 2]
      [GC Worker Start (ms): Min: 46558.4, Avg: 46558.4, Max: 46558.4, Diff: 0.0]
      [Ext Root Scanning (ms): Min: 0.3, Avg: 0.3, Max: 0.3, Diff: 0.0, Sum: 0.7]
      [Update RS (ms): Min: 0.1, Avg: 0.1, Max: 0.1, Diff: 0.0, Sum: 0.1]
         [Processed Buffers: Min: 1, Avg: 1.5, Max: 2, Diff: 1, Sum: 3]
      [Scan RS (ms): Min: 0.3, Avg: 0.3, Max: 0.4, Diff: 0.1, Sum: 0.6]
      [Code Root Scanning (ms): Min: 0.1, Avg: 0.2, Max: 0.2, Diff: 0.2, Sum: 0.3]
      [Object Copy (ms): Min: 37.8, Avg: 37.8, Max: 37.8, Diff: 0.0, Sum: 75.6]
      [Termination (ms): Min: 0.0, Avg: 0.0, Max: 0.0, Diff: 0.0, Sum: 0.0]
      [GC Worker Other (ms): Min: 0.0, Avg: 0.0, Max: 0.0, Diff: 0.0, Sum: 0.1]
      [GC Worker Total (ms): Min: 38.7, Avg: 38.7, Max: 38.7, Diff: 0.0, Sum: 77.5]
      [GC Worker End (ms): Min: 46597.1, Avg: 46597.1, Max: 46597.1, Diff: 0.0]
   [Code Root Fixup: 0.0 ms]
   [Code Root Migration: 0.0 ms]
   [Clear CT: 0.1 ms]
   [Other: 0.4 ms]
      [Choose CSet: 0.0 ms]
      [Ref Proc: 0.0 ms]
      [Ref Enq: 0.0 ms]
      [Free CSet: 0.2 ms]
   [Eden: 126.0M(126.0M)->0.0B(116.0M) Survivors: 2048.0K->16.0M Heap: 310.0M(512.0M)->243.9M(512.0M)]
 [Times: user=0.09 sys=0.00, real=0.04 secs] 
2014-07-10T12:28:53.481+0200: 46.655: [GC pause (G1 Evacuation Pause) (young), 0.0289972 secs]
   [Parallel Time: 28.4 ms, GC Workers: 2]
      [GC Worker Start (ms): Min: 46654.8, Avg: 46654.8, Max: 46654.8, Diff: 0.0]
      [Ext Root Scanning (ms): Min: 0.3, Avg: 0.3, Max: 0.3, Diff: 0.0, Sum: 0.7]
      [Update RS (ms): Min: 0.0, Avg: 0.0, Max: 0.0, Diff: 0.0, Sum: 0.1]
         [Processed Buffers: Min: 1, Avg: 1.0, Max: 1, Diff: 0, Sum: 2]
      [Scan RS (ms): Min: 0.2, Avg: 0.2, Max: 0.2, Diff: 0.0, Sum: 0.4]
      [Code Root Scanning (ms): Min: 0.1, Avg: 0.1, Max: 0.1, Diff: 0.0, Sum: 0.2]
      [Object Copy (ms): Min: 27.6, Avg: 27.6, Max: 27.7, Diff: 0.0, Sum: 55.3]
      [Termination (ms): Min: 0.0, Avg: 0.0, Max: 0.0, Diff: 0.0, Sum: 0.0]
      [GC Worker Other (ms): Min: 0.0, Avg: 0.0, Max: 0.0, Diff: 0.0, Sum: 0.1]
      [GC Worker Total (ms): Min: 28.4, Avg: 28.4, Max: 28.4, Diff: 0.0, Sum: 56.7]
      [GC Worker End (ms): Min: 46683.1, Avg: 46683.1, Max: 46683.1, Diff: 0.0]
   [Code Root Fixup: 0.0 ms]
   [Code Root Migration: 0.0 ms]
   [Clear CT: 0.1 ms]
   [Other: 0.5 ms]
      [Choose CSet: 0.0 ms]
      [Ref Proc: 0.1 ms]
      [Ref Enq: 0.0 ms]
      [Free CSet: 0.3 ms]
   [Eden: 116.0M(116.0M)->0.0B(137.0M) Survivors: 16.0M->17.0M Heap: 359.9M(512.0M)->272.7M(512.0M)]
 [Times: user=0.06 sys=0.00, real=0.03 secs] 
2014-07-10T12:28:53.606+0200: 46.780: [GC pause (G1 Evacuation Pause) (young) (initial-mark), 0.0249973 secs]
   [Parallel Time: 24.1 ms, GC Workers: 2]
      [GC Worker Start (ms): Min: 46780.1, Avg: 46780.1, Max: 46780.1, Diff: 0.0]
      [Ext Root Scanning (ms): Min: 0.4, Avg: 0.4, Max: 0.4, Diff: 0.0, Sum: 0.8]
      [Code Root Marking (ms): Min: 0.1, Avg: 0.1, Max: 0.1, Diff: 0.0, Sum: 0.2]
      [Update RS (ms): Min: 0.0, Avg: 0.1, Max: 0.1, Diff: 0.0, Sum: 0.1]
         [Processed Buffers: Min: 1, Avg: 1.5, Max: 2, Diff: 1, Sum: 3]
      [Scan RS (ms): Min: 0.2, Avg: 0.2, Max: 0.2, Diff: 0.0, Sum: 0.4]
      [Code Root Scanning (ms): Min: 0.1, Avg: 0.1, Max: 0.1, Diff: 0.0, Sum: 0.2]
      [Object Copy (ms): Min: 23.2, Avg: 23.2, Max: 23.2, Diff: 0.0, Sum: 46.3]
      [Termination (ms): Min: 0.0, Avg: 0.0, Max: 0.0, Diff: 0.0, Sum: 0.0]
      [GC Worker Other (ms): Min: 0.0, Avg: 0.0, Max: 0.0, Diff: 0.0, Sum: 0.1]
      [GC Worker Total (ms): Min: 24.0, Avg: 24.0, Max: 24.0, Diff: 0.0, Sum: 48.1]
      [GC Worker End (ms): Min: 46804.2, Avg: 46804.2, Max: 46804.2, Diff: 0.0]
   [Code Root Fixup: 0.0 ms]
   [Code Root Migration: 0.0 ms]
   [Clear CT: 0.1 ms]
   [Other: 0.8 ms]
      [Choose CSet: 0.0 ms]
      [Ref Proc: 0.2 ms]
      [Ref Enq: 0.0 ms]
      [Free CSet: 0.4 ms]
   [Eden: 137.0M(137.0M)->0.0B(132.0M) Survivors: 17.0M->20.0M Heap: 409.7M(512.0M)->293.3M(512.0M)]
 [Times: user=0.06 sys=0.00, real=0.03 secs] 
2014-07-10T12:28:53.631+0200: 46.805: [GC concurrent-root-region-scan-start]
2014-07-10T12:28:53.631+0200: 46.806: [GC concurrent-root-region-scan-end, 0.0003597 secs]
2014-07-10T12:28:53.631+0200: 46.806: [GC concurrent-mark-start]
2014-07-10T12:28:53.710+0200: 46.884: [GC concurrent-mark-end, 0.0056196 secs]
2014-07-10T12:28:53.710+0200: 46.884: [GC remark 46.884: [GC ref-proc, 0.0000616 secs], 0.0012088 secs]
 [Times: user=0.00 sys=0.00, real=0.00 secs] 
2014-07-10T12:28:53.782+0200: 46.956: [GC pause (G1 Evacuation Pause) (young), 0.0252180 secs]
   [Parallel Time: 24.5 ms, GC Workers: 2]
      [GC Worker Start (ms): Min: 46956.0, Avg: 46956.0, Max: 46956.0, Diff: 0.0]
      [Ext Root Scanning (ms): Min: 0.3, Avg: 0.3, Max: 0.3, Diff: 0.0, Sum: 0.7]
      [SATB Filtering (ms): Min: 0.0, Avg: 0.0, Max: 0.0, Diff: 0.0, Sum: 0.0]
      [Update RS (ms): Min: 0.1, Avg: 0.1, Max: 0.1, Diff: 0.0, Sum: 0.2]
         [Processed Buffers: Min: 1, Avg: 1.5, Max: 2, Diff: 1, Sum: 3]
      [Scan RS (ms): Min: 0.3, Avg: 0.3, Max: 0.3, Diff: 0.0, Sum: 0.5]
      [Code Root Scanning (ms): Min: 0.1, Avg: 0.1, Max: 0.1, Diff: 0.0, Sum: 0.2]
      [Object Copy (ms): Min: 23.7, Avg: 23.7, Max: 23.7, Diff: 0.0, Sum: 47.4]
      [Termination (ms): Min: 0.0, Avg: 0.0, Max: 0.0, Diff: 0.0, Sum: 0.0]
      [GC Worker Other (ms): Min: 0.0, Avg: 0.0, Max: 0.0, Diff: 0.0, Sum: 0.1]
      [GC Worker Total (ms): Min: 24.5, Avg: 24.5, Max: 24.5, Diff: 0.0, Sum: 49.0]
      [GC Worker End (ms): Min: 46980.5, Avg: 46980.5, Max: 46980.5, Diff: 0.0]
   [Code Root Fixup: 0.0 ms]
   [Code Root Migration: 0.0 ms]
   [Clear CT: 0.1 ms]
   [Other: 0.5 ms]
      [Choose CSet: 0.0 ms]
      [Ref Proc: 0.1 ms]
      [Ref Enq: 0.0 ms]
      [Free CSet: 0.3 ms]
   [Eden: 132.0M(132.0M)->0.0B(119.0M) Survivors: 20.0M->19.0M Heap: 425.3M(512.0M)->310.8M(512.0M)]
 [Times: user=0.03 sys=0.00, real=0.02 secs] 
2014-07-10T12:28:53.808+0200: 46.982: [GC cleanup 310M->114M(512M), 0.0014716 secs]
 [Times: user=0.02 sys=0.00, real=0.00 secs] 
2014-07-10T12:28:53.809+0200: 46.983: [GC concurrent-cleanup-start]
2014-07-10T12:28:53.809+0200: 46.984: [GC concurrent-cleanup-end, 0.0003124 secs]
2014-07-10T12:28:53.871+0200: 47.045: [GC pause (G1 Evacuation Pause) (young), 0.0167625 secs]
   [Parallel Time: 16.1 ms, GC Workers: 2]
      [GC Worker Start (ms): Min: 47045.5, Avg: 47045.5, Max: 47045.5, Diff: 0.0]
      [Ext Root Scanning (ms): Min: 0.4, Avg: 0.4, Max: 0.4, Diff: 0.0, Sum: 0.7]
      [Update RS (ms): Min: 0.1, Avg: 0.1, Max: 0.1, Diff: 0.0, Sum: 0.2]
         [Processed Buffers: Min: 1, Avg: 1.5, Max: 2, Diff: 1, Sum: 3]
      [Scan RS (ms): Min: 0.3, Avg: 0.3, Max: 0.4, Diff: 0.1, Sum: 0.6]
      [Code Root Scanning (ms): Min: 0.1, Avg: 0.1, Max: 0.1, Diff: 0.0, Sum: 0.2]
      [Object Copy (ms): Min: 15.2, Avg: 15.2, Max: 15.2, Diff: 0.0, Sum: 30.4]
      [Termination (ms): Min: 0.0, Avg: 0.0, Max: 0.0, Diff: 0.0, Sum: 0.0]
      [GC Worker Other (ms): Min: 0.0, Avg: 0.0, Max: 0.0, Diff: 0.0, Sum: 0.1]
      [GC Worker Total (ms): Min: 16.1, Avg: 16.1, Max: 16.1, Diff: 0.0, Sum: 32.2]
      [GC Worker End (ms): Min: 47061.6, Avg: 47061.6, Max: 47061.6, Diff: 0.0]
   [Code Root Fixup: 0.0 ms]
   [Code Root Migration: 0.0 ms]
   [Clear CT: 0.2 ms]
   [Other: 0.4 ms]
      [Choose CSet: 0.0 ms]
      [Ref Proc: 0.1 ms]
      [Ref Enq: 0.0 ms]
      [Free CSet: 0.2 ms]
   [Eden: 119.0M(119.0M)->0.0B(134.0M) Survivors: 19.0M->18.0M Heap: 233.8M(512.0M)->120.1M(512.0M)]
 [Times: user=0.06 sys=0.00, real=0.02 secs] 
2014-07-10T12:28:54.017+0200: 47.190: [GC pause (G1 Evacuation Pause) (mixed), 0.0181395 secs]
   [Parallel Time: 17.3 ms, GC Workers: 2]
      [GC Worker Start (ms): Min: 47190.3, Avg: 47190.3, Max: 47190.3, Diff: 0.0]
      [Ext Root Scanning (ms): Min: 0.4, Avg: 0.4, Max: 0.4, Diff: 0.0, Sum: 0.7]
      [Update RS (ms): Min: 0.0, Avg: 0.0, Max: 0.1, Diff: 0.0, Sum: 0.1]
         [Processed Buffers: Min: 1, Avg: 1.0, Max: 1, Diff: 0, Sum: 2]
      [Scan RS (ms): Min: 0.3, Avg: 0.3, Max: 0.3, Diff: 0.0, Sum: 0.5]
      [Code Root Scanning (ms): Min: 0.1, Avg: 0.1, Max: 0.1, Diff: 0.0, Sum: 0.2]
      [Object Copy (ms): Min: 16.5, Avg: 16.5, Max: 16.5, Diff: 0.0, Sum: 32.9]
      [Termination (ms): Min: 0.0, Avg: 0.0, Max: 0.0, Diff: 0.0, Sum: 0.0]
      [GC Worker Other (ms): Min: 0.0, Avg: 0.0, Max: 0.0, Diff: 0.0, Sum: 0.1]
      [GC Worker Total (ms): Min: 17.3, Avg: 17.3, Max: 17.3, Diff: 0.0, Sum: 34.5]
      [GC Worker End (ms): Min: 47207.6, Avg: 47207.6, Max: 47207.6, Diff: 0.0]
   [Code Root Fixup: 0.0 ms]
   [Code Root Migration: 0.0 ms]
   [Clear CT: 0.1 ms]
   [Other: 0.7 ms]
      [Choose CSet: 0.0 ms]
      [Ref Proc: 0.3 ms]
      [Ref Enq: 0.0 ms]
      [Free CSet: 0.3 ms]
   [Eden: 134.0M(134.0M)->0.0B(123.0M) Survivors: 18.0M->19.0M Heap: 254.1M(512.0M)->120.4M(512.0M)]
 [Times: user=0.03 sys=0.00, real=0.02 secs] 
2014-07-10T12:28:54.159+0200: 47.332: [GC pause (G1 Evacuation Pause) (young), 0.0074484 secs]
   [Parallel Time: 6.2 ms, GC Workers: 2]
      [GC Worker Start (ms): Min: 47331.9, Avg: 47331.9, Max: 47331.9, Diff: 0.0]
      [Ext Root Scanning (ms): Min: 0.5, Avg: 0.5, Max: 0.5, Diff: 0.0, Sum: 1.0]
      [Update RS (ms): Min: 0.0, Avg: 0.2, Max: 0.3, Diff: 0.3, Sum: 0.3]
         [Processed Buffers: Min: 1, Avg: 1.0, Max: 1, Diff: 0, Sum: 2]
      [Scan RS (ms): Min: 0.3, Avg: 0.4, Max: 0.6, Diff: 0.2, Sum: 0.9]
      [Code Root Scanning (ms): Min: 0.1, Avg: 0.1, Max: 0.1, Diff: 0.0, Sum: 0.3]
      [Object Copy (ms): Min: 4.8, Avg: 4.8, Max: 4.8, Diff: 0.0, Sum: 9.6]
      [Termination (ms): Min: 0.0, Avg: 0.0, Max: 0.0, Diff: 0.0, Sum: 0.0]
      [GC Worker Other (ms): Min: 0.1, Avg: 0.1, Max: 0.1, Diff: 0.0, Sum: 0.1]
      [GC Worker Total (ms): Min: 6.1, Avg: 6.1, Max: 6.1, Diff: 0.0, Sum: 12.3]
      [GC Worker End (ms): Min: 47338.0, Avg: 47338.1, Max: 47338.1, Diff: 0.0]
   [Code Root Fixup: 0.0 ms]
   [Code Root Migration: 0.1 ms]
   [Clear CT: 0.4 ms]
   [Other: 0.8 ms]
      [Choose CSet: 0.0 ms]
      [Ref Proc: 0.1 ms]
      [Ref Enq: 0.0 ms]
      [Free CSet: 0.5 ms]
   [Eden: 123.0M(123.0M)->0.0B(113.0M) Survivors: 19.0M->5120.0K Heap: 243.4M(512.0M)->106.3M(512.0M)]
 [Times: user=0.00 sys=0.00, real=0.01 secs] 
2014-07-10T12:28:54.233+0200: 47.406: [GC pause (G1 Evacuation Pause) (young), 0.0331961 secs]
   [Parallel Time: 32.7 ms, GC Workers: 2]
      [GC Worker Start (ms): Min: 47406.3, Avg: 47406.3, Max: 47406.3, Diff: 0.0]
      [Ext Root Scanning (ms): Min: 0.3, Avg: 0.3, Max: 0.3, Diff: 0.0, Sum: 0.6]
      [Update RS (ms): Min: 0.0, Avg: 0.1, Max: 0.1, Diff: 0.1, Sum: 0.1]
         [Processed Buffers: Min: 1, Avg: 1.0, Max: 1, Diff: 0, Sum: 2]
      [Scan RS (ms): Min: 0.1, Avg: 0.2, Max: 0.2, Diff: 0.1, Sum: 0.3]
      [Code Root Scanning (ms): Min: 0.1, Avg: 0.1, Max: 0.1, Diff: 0.0, Sum: 0.1]
      [Object Copy (ms): Min: 31.9, Avg: 31.9, Max: 31.9, Diff: 0.0, Sum: 63.9]
      [Termination (ms): Min: 0.0, Avg: 0.0, Max: 0.0, Diff: 0.0, Sum: 0.0]
      [GC Worker Other (ms): Min: 0.0, Avg: 0.0, Max: 0.1, Diff: 0.0, Sum: 0.1]
      [GC Worker Total (ms): Min: 32.6, Avg: 32.6, Max: 32.6, Diff: 0.0, Sum: 65.2]
      [GC Worker End (ms): Min: 47438.9, Avg: 47438.9, Max: 47438.9, Diff: 0.0]
   [Code Root Fixup: 0.0 ms]
   [Code Root Migration: 0.0 ms]
   [Clear CT: 0.1 ms]
   [Other: 0.4 ms]
      [Choose CSet: 0.0 ms]
      [Ref Proc: 0.1 ms]
      [Ref Enq: 0.0 ms]
      [Free CSet: 0.2 ms]
   [Eden: 113.0M(113.0M)->0.0B(123.0M) Survivors: 5120.0K->15.0M Heap: 219.3M(512.0M)->153.3M(512.0M)]
 [Times: user=0.06 sys=0.00, real=0.03 secs] 
2014-07-10T12:28:54.393+0200: 47.566: [GC pause (G1 Evacuation Pause) (young), 0.0319261 secs]
   [Parallel Time: 31.1 ms, GC Workers: 2]
      [GC Worker Start (ms): Min: 47566.3, Avg: 47566.4, Max: 47566.4, Diff: 0.0]
      [Ext Root Scanning (ms): Min: 0.5, Avg: 0.6, Max: 0.6, Diff: 0.0, Sum: 1.1]
      [Update RS (ms): Min: 0.0, Avg: 0.1, Max: 0.2, Diff: 0.2, Sum: 0.2]
         [Processed Buffers: Min: 1, Avg: 1.5, Max: 2, Diff: 1, Sum: 3]
      [Scan RS (ms): Min: 0.3, Avg: 0.3, Max: 0.4, Diff: 0.1, Sum: 0.7]
      [Code Root Scanning (ms): Min: 0.1, Avg: 0.1, Max: 0.1, Diff: 0.0, Sum: 0.2]
      [Object Copy (ms): Min: 29.4, Avg: 29.4, Max: 29.4, Diff: 0.0, Sum: 58.8]
      [Termination (ms): Min: 0.0, Avg: 0.0, Max: 0.0, Diff: 0.0, Sum: 0.0]
      [GC Worker Other (ms): Min: 0.0, Avg: 0.0, Max: 0.0, Diff: 0.0, Sum: 0.1]
      [GC Worker Total (ms): Min: 30.6, Avg: 30.6, Max: 30.6, Diff: 0.0, Sum: 61.3]
      [GC Worker End (ms): Min: 47597.0, Avg: 47597.0, Max: 47597.0, Diff: 0.0]
   [Code Root Fixup: 0.0 ms]
   [Code Root Migration: 0.0 ms]
   [Clear CT: 0.2 ms]
   [Other: 0.6 ms]
      [Choose CSet: 0.0 ms]
      [Ref Proc: 0.1 ms]
      [Ref Enq: 0.0 ms]
      [Free CSet: 0.3 ms]
   [Eden: 123.0M(123.0M)->0.0B(113.0M) Survivors: 15.0M->18.0M Heap: 276.3M(512.0M)->181.1M(512.0M)]
 [Times: user=0.06 sys=0.00, real=0.03 secs] 
2014-07-10T12:28:54.483+0200: 47.656: [GC pause (G1 Evacuation Pause) (young), 0.0156186 secs]
   [Parallel Time: 15.1 ms, GC Workers: 2]
      [GC Worker Start (ms): Min: 47656.0, Avg: 47656.0, Max: 47656.1, Diff: 0.0]
      [Ext Root Scanning (ms): Min: 0.3, Avg: 0.3, Max: 0.3, Diff: 0.0, Sum: 0.6]
      [Update RS (ms): Min: 0.0, Avg: 0.1, Max: 0.1, Diff: 0.1, Sum: 0.1]
         [Processed Buffers: Min: 1, Avg: 1.5, Max: 2, Diff: 1, Sum: 3]
      [Scan RS (ms): Min: 0.2, Avg: 0.2, Max: 0.2, Diff: 0.0, Sum: 0.4]
      [Code Root Scanning (ms): Min: 0.1, Avg: 0.1, Max: 0.1, Diff: 0.0, Sum: 0.2]
      [Object Copy (ms): Min: 14.3, Avg: 14.3, Max: 14.3, Diff: 0.0, Sum: 28.7]
      [Termination (ms): Min: 0.0, Avg: 0.0, Max: 0.0, Diff: 0.0, Sum: 0.0]
      [GC Worker Other (ms): Min: 0.0, Avg: 0.0, Max: 0.0, Diff: 0.0, Sum: 0.1]
      [GC Worker Total (ms): Min: 15.0, Avg: 15.0, Max: 15.0, Diff: 0.0, Sum: 30.0]
      [GC Worker End (ms): Min: 47671.1, Avg: 47671.1, Max: 47671.1, Diff: 0.0]
   [Code Root Fixup: 0.0 ms]
   [Code Root Migration: 0.0 ms]
   [Clear CT: 0.1 ms]
   [Other: 0.4 ms]
      [Choose CSet: 0.0 ms]
      [Ref Proc: 0.0 ms]
      [Ref Enq: 0.0 ms]
      [Free CSet: 0.2 ms]
   [Eden: 113.0M(113.0M)->0.0B(132.0M) Survivors: 18.0M->17.0M Heap: 294.1M(512.0M)->186.7M(512.0M)]
 [Times: user=0.03 sys=0.00, real=0.02 secs] 
2014-07-10T12:28:54.619+0200: 47.793: [GC pause (G1 Evacuation Pause) (young), 0.0119648 secs]
   [Parallel Time: 11.2 ms, GC Workers: 2]
      [GC Worker Start (ms): Min: 47792.7, Avg: 47792.7, Max: 47792.8, Diff: 0.0]
      [Ext Root Scanning (ms): Min: 0.5, Avg: 0.5, Max: 0.5, Diff: 0.0, Sum: 1.0]
      [Update RS (ms): Min: 0.0, Avg: 0.1, Max: 0.1, Diff: 0.0, Sum: 0.1]
         [Processed Buffers: Min: 2, Avg: 2.0, Max: 2, Diff: 0, Sum: 4]
      [Scan RS (ms): Min: 0.2, Avg: 0.3, Max: 0.3, Diff: 0.0, Sum: 0.5]
      [Code Root Scanning (ms): Min: 0.1, Avg: 0.1, Max: 0.1, Diff: 0.0, Sum: 0.2]
      [Object Copy (ms): Min: 10.2, Avg: 10.2, Max: 10.2, Diff: 0.0, Sum: 20.5]
      [Termination (ms): Min: 0.0, Avg: 0.0, Max: 0.0, Diff: 0.0, Sum: 0.0]
      [GC Worker Other (ms): Min: 0.0, Avg: 0.0, Max: 0.0, Diff: 0.0, Sum: 0.1]
      [GC Worker Total (ms): Min: 11.2, Avg: 11.2, Max: 11.2, Diff: 0.0, Sum: 22.3]
      [GC Worker End (ms): Min: 47803.9, Avg: 47803.9, Max: 47803.9, Diff: 0.0]
   [Code Root Fixup: 0.0 ms]
   [Code Root Migration: 0.0 ms]
   [Clear CT: 0.1 ms]
   [Other: 0.6 ms]
      [Choose CSet: 0.0 ms]
      [Ref Proc: 0.1 ms]
      [Ref Enq: 0.0 ms]
      [Free CSet: 0.3 ms]
   [Eden: 132.0M(132.0M)->0.0B(122.0M) Survivors: 17.0M->16.0M Heap: 318.7M(512.0M)->185.1M(512.0M)]
 [Times: user=0.03 sys=0.00, real=0.01 secs] 
2014-07-10T12:28:54.759+0200: 47.932: [GC pause (G1 Evacuation Pause) (young), 0.0053810 secs]
   [Parallel Time: 4.6 ms, GC Workers: 2]
      [GC Worker Start (ms): Min: 47932.0, Avg: 47932.1, Max: 47932.1, Diff: 0.0]
      [Ext Root Scanning (ms): Min: 0.5, Avg: 0.5, Max: 0.5, Diff: 0.0, Sum: 0.9]
      [Update RS (ms): Min: 0.1, Avg: 0.1, Max: 0.1, Diff: 0.0, Sum: 0.2]
         [Processed Buffers: Min: 1, Avg: 1.5, Max: 2, Diff: 1, Sum: 3]
      [Scan RS (ms): Min: 0.3, Avg: 0.3, Max: 0.3, Diff: 0.0, Sum: 0.6]
      [Code Root Scanning (ms): Min: 0.1, Avg: 0.1, Max: 0.1, Diff: 0.0, Sum: 0.2]
      [Object Copy (ms): Min: 3.5, Avg: 3.5, Max: 3.5, Diff: 0.0, Sum: 7.0]
      [Termination (ms): Min: 0.0, Avg: 0.0, Max: 0.0, Diff: 0.0, Sum: 0.0]
      [GC Worker Other (ms): Min: 0.0, Avg: 0.0, Max: 0.0, Diff: 0.0, Sum: 0.1]
      [GC Worker Total (ms): Min: 4.5, Avg: 4.5, Max: 4.5, Diff: 0.0, Sum: 9.0]
      [GC Worker End (ms): Min: 47936.5, Avg: 47936.5, Max: 47936.5, Diff: 0.0]
   [Code Root Fixup: 0.0 ms]
   [Code Root Migration: 0.0 ms]
   [Clear CT: 0.2 ms]
   [Other: 0.5 ms]
      [Choose CSet: 0.0 ms]
      [Ref Proc: 0.1 ms]
      [Ref Enq: 0.0 ms]
      [Free CSet: 0.3 ms]
   [Eden: 122.0M(122.0M)->0.0B(112.0M) Survivors: 16.0M->6144.0K Heap: 307.1M(512.0M)->175.0M(512.0M)]
 [Times: user=0.03 sys=0.00, real=0.00 secs] 
2014-07-10T12:28:54.820+0200: 47.993: [GC pause (G1 Evacuation Pause) (young), 0.0332933 secs]
   [Parallel Time: 32.5 ms, GC Workers: 2]
      [GC Worker Start (ms): Min: 47993.1, Avg: 47993.2, Max: 47993.3, Diff: 0.2]
      [Ext Root Scanning (ms): Min: 0.2, Avg: 0.3, Max: 0.4, Diff: 0.2, Sum: 0.7]
      [Update RS (ms): Min: 0.0, Avg: 0.1, Max: 0.1, Diff: 0.0, Sum: 0.1]
         [Processed Buffers: Min: 1, Avg: 1.5, Max: 2, Diff: 1, Sum: 3]
      [Scan RS (ms): Min: 0.2, Avg: 0.2, Max: 0.2, Diff: 0.0, Sum: 0.4]
      [Code Root Scanning (ms): Min: 0.1, Avg: 0.1, Max: 0.1, Diff: 0.0, Sum: 0.2]
      [Object Copy (ms): Min: 31.5, Avg: 31.5, Max: 31.5, Diff: 0.0, Sum: 63.1]
      [Termination (ms): Min: 0.0, Avg: 0.0, Max: 0.0, Diff: 0.0, Sum: 0.0]
      [GC Worker Other (ms): Min: 0.0, Avg: 0.0, Max: 0.0, Diff: 0.0, Sum: 0.1]
      [GC Worker Total (ms): Min: 32.2, Avg: 32.2, Max: 32.3, Diff: 0.2, Sum: 64.5]
      [GC Worker End (ms): Min: 48025.5, Avg: 48025.5, Max: 48025.5, Diff: 0.0]
   [Code Root Fixup: 0.0 ms]
   [Code Root Migration: 0.0 ms]
   [Clear CT: 0.1 ms]
   [Other: 0.7 ms]
      [Choose CSet: 0.0 ms]
      [Ref Proc: 0.2 ms]
      [Ref Enq: 0.0 ms]
      [Free CSet: 0.3 ms]
   [Eden: 112.0M(112.0M)->0.0B(134.0M) Survivors: 6144.0K->15.0M Heap: 287.0M(512.0M)->220.9M(512.0M)]
 [Times: user=0.06 sys=0.00, real=0.03 secs] 
2014-07-10T12:28:54.995+0200: 48.168: [GC pause (G1 Evacuation Pause) (young), 0.0335895 secs]
   [Parallel Time: 32.9 ms, GC Workers: 2]
      [GC Worker Start (ms): Min: 48168.1, Avg: 48168.1, Max: 48168.1, Diff: 0.0]
      [Ext Root Scanning (ms): Min: 0.3, Avg: 0.3, Max: 0.3, Diff: 0.0, Sum: 0.5]
      [Update RS (ms): Min: 0.0, Avg: 0.0, Max: 0.0, Diff: 0.0, Sum: 0.0]
         [Processed Buffers: Min: 1, Avg: 1.5, Max: 2, Diff: 1, Sum: 3]
      [Scan RS (ms): Min: 0.2, Avg: 0.2, Max: 0.2, Diff: 0.0, Sum: 0.4]
      [Code Root Scanning (ms): Min: 0.1, Avg: 0.1, Max: 0.1, Diff: 0.0, Sum: 0.2]
      [Object Copy (ms): Min: 32.1, Avg: 32.1, Max: 32.2, Diff: 0.1, Sum: 64.3]
      [Termination (ms): Min: 0.0, Avg: 0.1, Max: 0.2, Diff: 0.2, Sum: 0.2]
      [GC Worker Other (ms): Min: 0.0, Avg: 0.0, Max: 0.0, Diff: 0.0, Sum: 0.0]
      [GC Worker Total (ms): Min: 32.9, Avg: 32.9, Max: 32.9, Diff: 0.0, Sum: 65.8]
      [GC Worker End (ms): Min: 48201.0, Avg: 48201.0, Max: 48201.0, Diff: 0.0]
   [Code Root Fixup: 0.0 ms]
   [Code Root Migration: 0.0 ms]
   [Clear CT: 0.1 ms]
   [Other: 0.5 ms]
      [Choose CSet: 0.0 ms]
      [Ref Proc: 0.1 ms]
      [Ref Enq: 0.0 ms]
      [Free CSet: 0.3 ms]
   [Eden: 134.0M(134.0M)->0.0B(121.0M) Survivors: 15.0M->19.0M Heap: 354.9M(512.0M)->259.1M(512.0M)]
 [Times: user=0.06 sys=0.03, real=0.03 secs] 
2014-07-10T12:28:55.086+0200: 48.260: [GC pause (G1 Evacuation Pause) (young) (initial-mark), 0.0173788 secs]
   [Parallel Time: 16.5 ms, GC Workers: 2]
      [GC Worker Start (ms): Min: 48259.8, Avg: 48259.9, Max: 48259.9, Diff: 0.2]
      [Ext Root Scanning (ms): Min: 0.4, Avg: 0.4, Max: 0.5, Diff: 0.2, Sum: 0.9]
      [Code Root Marking (ms): Min: 0.1, Avg: 0.1, Max: 0.1, Diff: 0.0, Sum: 0.1]
      [Update RS (ms): Min: 0.0, Avg: 0.1, Max: 0.1, Diff: 0.1, Sum: 0.1]
         [Processed Buffers: Min: 2, Avg: 2.0, Max: 2, Diff: 0, Sum: 4]
      [Scan RS (ms): Min: 0.2, Avg: 0.2, Max: 0.2, Diff: 0.1, Sum: 0.4]
      [Code Root Scanning (ms): Min: 0.1, Avg: 0.1, Max: 0.1, Diff: 0.0, Sum: 0.2]
      [Object Copy (ms): Min: 15.4, Avg: 15.4, Max: 15.4, Diff: 0.0, Sum: 30.9]
      [Termination (ms): Min: 0.0, Avg: 0.0, Max: 0.0, Diff: 0.0, Sum: 0.0]
      [GC Worker Other (ms): Min: 0.0, Avg: 0.0, Max: 0.0, Diff: 0.0, Sum: 0.1]
      [GC Worker Total (ms): Min: 16.3, Avg: 16.3, Max: 16.4, Diff: 0.2, Sum: 32.7]
      [GC Worker End (ms): Min: 48276.2, Avg: 48276.2, Max: 48276.2, Diff: 0.0]
   [Code Root Fixup: 0.0 ms]
   [Code Root Migration: 0.0 ms]
   [Clear CT: 0.2 ms]
   [Other: 0.7 ms]
      [Choose CSet: 0.0 ms]
      [Ref Proc: 0.1 ms]
      [Ref Enq: 0.0 ms]
      [Free CSet: 0.3 ms]
   [Eden: 121.0M(121.0M)->0.0B(142.0M) Survivors: 19.0M->18.0M Heap: 380.1M(512.0M)->264.9M(512.0M)]
 [Times: user=0.03 sys=0.00, real=0.02 secs] 
2014-07-10T12:28:55.104+0200: 48.277: [GC concurrent-root-region-scan-start]
2014-07-10T12:28:55.104+0200: 48.278: [GC concurrent-root-region-scan-end, 0.0003281 secs]
2014-07-10T12:28:55.104+0200: 48.278: [GC concurrent-mark-start]
2014-07-10T12:28:55.183+0200: 48.356: [GC concurrent-mark-end, 0.0071470 secs]
2014-07-10T12:28:55.183+0200: 48.356: [GC remark 48.357: [GC ref-proc, 0.0001782 secs], 0.0027086 secs]
 [Times: user=0.00 sys=0.00, real=0.00 secs] 
2014-07-10T12:28:55.231+0200: 48.404: [GC pause (G1 Evacuation Pause) (young), 0.0240202 secs]
   [Parallel Time: 23.3 ms, GC Workers: 2]
      [GC Worker Start (ms): Min: 48404.2, Avg: 48404.2, Max: 48404.2, Diff: 0.0]
      [Ext Root Scanning (ms): Min: 0.4, Avg: 0.4, Max: 0.4, Diff: 0.0, Sum: 0.7]
      [SATB Filtering (ms): Min: 0.0, Avg: 0.0, Max: 0.0, Diff: 0.0, Sum: 0.0]
      [Update RS (ms): Min: 0.1, Avg: 0.1, Max: 0.2, Diff: 0.1, Sum: 0.3]
         [Processed Buffers: Min: 1, Avg: 1.5, Max: 2, Diff: 1, Sum: 3]
      [Scan RS (ms): Min: 0.2, Avg: 0.3, Max: 0.3, Diff: 0.1, Sum: 0.6]
      [Code Root Scanning (ms): Min: 0.1, Avg: 0.1, Max: 0.1, Diff: 0.0, Sum: 0.2]
      [Object Copy (ms): Min: 22.4, Avg: 22.4, Max: 22.4, Diff: 0.0, Sum: 44.8]
      [Termination (ms): Min: 0.0, Avg: 0.0, Max: 0.0, Diff: 0.0, Sum: 0.0]
      [GC Worker Other (ms): Min: 0.0, Avg: 0.0, Max: 0.0, Diff: 0.0, Sum: 0.1]
      [GC Worker Total (ms): Min: 23.3, Avg: 23.3, Max: 23.3, Diff: 0.0, Sum: 46.6]
      [GC Worker End (ms): Min: 48427.5, Avg: 48427.5, Max: 48427.5, Diff: 0.0]
   [Code Root Fixup: 0.0 ms]
   [Code Root Migration: 0.0 ms]
   [Clear CT: 0.2 ms]
   [Other: 0.4 ms]
      [Choose CSet: 0.0 ms]
      [Ref Proc: 0.0 ms]
      [Ref Enq: 0.0 ms]
      [Free CSet: 0.3 ms]
   [Eden: 142.0M(142.0M)->0.0B(130.0M) Survivors: 18.0M->20.0M Heap: 406.9M(512.0M)->281.7M(512.0M)]
 [Times: user=0.03 sys=0.00, real=0.02 secs] 
2014-07-10T12:28:55.265+0200: 48.438: [GC cleanup 302M->122M(512M), 0.0017910 secs]
 [Times: user=0.00 sys=0.00, real=0.00 secs] 
2014-07-10T12:28:55.267+0200: 48.440: [GC concurrent-cleanup-start]
2014-07-10T12:28:55.267+0200: 48.440: [GC concurrent-cleanup-end, 0.0005947 secs]
2014-07-10T12:28:55.370+0200: 48.543: [GC pause (G1 Evacuation Pause) (young), 0.0225467 secs]
   [Parallel Time: 21.1 ms, GC Workers: 2]
      [GC Worker Start (ms): Min: 48543.4, Avg: 48543.5, Max: 48543.5, Diff: 0.2]
      [Ext Root Scanning (ms): Min: 0.3, Avg: 0.4, Max: 0.5, Diff: 0.2, Sum: 0.8]
      [Update RS (ms): Min: 0.1, Avg: 0.1, Max: 0.1, Diff: 0.1, Sum: 0.2]
         [Processed Buffers: Min: 1, Avg: 1.5, Max: 2, Diff: 1, Sum: 3]
      [Scan RS (ms): Min: 0.2, Avg: 0.2, Max: 0.3, Diff: 0.1, Sum: 0.5]
      [Code Root Scanning (ms): Min: 0.1, Avg: 0.1, Max: 0.1, Diff: 0.0, Sum: 0.2]
      [Object Copy (ms): Min: 20.1, Avg: 20.1, Max: 20.1, Diff: 0.0, Sum: 40.2]
      [Termination (ms): Min: 0.0, Avg: 0.0, Max: 0.0, Diff: 0.0, Sum: 0.0]
      [GC Worker Other (ms): Min: 0.0, Avg: 0.0, Max: 0.0, Diff: 0.0, Sum: 0.1]
      [GC Worker Total (ms): Min: 20.9, Avg: 21.0, Max: 21.0, Diff: 0.2, Sum: 41.9]
      [GC Worker End (ms): Min: 48564.4, Avg: 48564.4, Max: 48564.4, Diff: 0.0]
   [Code Root Fixup: 0.0 ms]
   [Code Root Migration: 0.0 ms]
   [Clear CT: 0.1 ms]
   [Other: 1.3 ms]
      [Choose CSet: 0.0 ms]
      [Ref Proc: 0.9 ms]
      [Ref Enq: 0.0 ms]
      [Free CSet: 0.2 ms]
   [Eden: 130.0M(130.0M)->0.0B(122.0M) Survivors: 20.0M->19.0M Heap: 231.7M(512.0M)->114.3M(512.0M)]
 [Times: user=0.03 sys=0.00, real=0.02 secs] 
2014-07-10T12:28:55.466+0200: 48.640: [GC pause (G1 Evacuation Pause) (mixed), 0.0104298 secs]
   [Parallel Time: 9.7 ms, GC Workers: 2]
      [GC Worker Start (ms): Min: 48639.9, Avg: 48639.9, Max: 48639.9, Diff: 0.0]
      [Ext Root Scanning (ms): Min: 0.3, Avg: 0.3, Max: 0.3, Diff: 0.0, Sum: 0.6]
      [Update RS (ms): Min: 0.0, Avg: 0.0, Max: 0.0, Diff: 0.0, Sum: 0.1]
         [Processed Buffers: Min: 2, Avg: 2.0, Max: 2, Diff: 0, Sum: 4]
      [Scan RS (ms): Min: 0.2, Avg: 0.2, Max: 0.2, Diff: 0.0, Sum: 0.4]
      [Code Root Scanning (ms): Min: 0.1, Avg: 0.1, Max: 0.1, Diff: 0.0, Sum: 0.2]
      [Object Copy (ms): Min: 8.8, Avg: 8.8, Max: 8.8, Diff: 0.0, Sum: 17.6]
      [Termination (ms): Min: 0.0, Avg: 0.0, Max: 0.0, Diff: 0.0, Sum: 0.0]
      [GC Worker Other (ms): Min: 0.0, Avg: 0.0, Max: 0.0, Diff: 0.0, Sum: 0.1]
      [GC Worker Total (ms): Min: 9.5, Avg: 9.5, Max: 9.5, Diff: 0.0, Sum: 19.0]
      [GC Worker End (ms): Min: 48649.4, Avg: 48649.4, Max: 48649.4, Diff: 0.0]
   [Code Root Fixup: 0.0 ms]
   [Code Root Migration: 0.1 ms]
   [Clear CT: 0.1 ms]
   [Other: 0.6 ms]
      [Choose CSet: 0.0 ms]
      [Ref Proc: 0.2 ms]
      [Ref Enq: 0.0 ms]
      [Free CSet: 0.3 ms]
   [Eden: 122.0M(122.0M)->0.0B(128.0M) Survivors: 19.0M->15.0M Heap: 236.3M(512.0M)->101.9M(512.0M)]
 [Times: user=0.00 sys=0.00, real=0.01 secs] 
2014-07-10T12:28:55.592+0200: 48.765: [GC pause (G1 Evacuation Pause) (young), 0.0077391 secs]
   [Parallel Time: 7.1 ms, GC Workers: 2]
      [GC Worker Start (ms): Min: 48765.4, Avg: 48765.4, Max: 48765.4, Diff: 0.0]
      [Ext Root Scanning (ms): Min: 0.3, Avg: 0.3, Max: 0.3, Diff: 0.0, Sum: 0.6]
      [Update RS (ms): Min: 0.0, Avg: 0.1, Max: 0.1, Diff: 0.1, Sum: 0.2]
         [Processed Buffers: Min: 1, Avg: 1.5, Max: 2, Diff: 1, Sum: 3]
      [Scan RS (ms): Min: 0.2, Avg: 0.2, Max: 0.3, Diff: 0.1, Sum: 0.4]
      [Code Root Scanning (ms): Min: 0.1, Avg: 0.1, Max: 0.1, Diff: 0.0, Sum: 0.2]
      [Object Copy (ms): Min: 6.4, Avg: 6.4, Max: 6.4, Diff: 0.0, Sum: 12.8]
      [Termination (ms): Min: 0.0, Avg: 0.0, Max: 0.0, Diff: 0.0, Sum: 0.0]
      [GC Worker Other (ms): Min: 0.0, Avg: 0.0, Max: 0.0, Diff: 0.0, Sum: 0.1]
      [GC Worker Total (ms): Min: 7.1, Avg: 7.1, Max: 7.1, Diff: 0.0, Sum: 14.2]
      [GC Worker End (ms): Min: 48772.5, Avg: 48772.5, Max: 48772.5, Diff: 0.0]
   [Code Root Fixup: 0.0 ms]
   [Code Root Migration: 0.0 ms]
   [Clear CT: 0.1 ms]
   [Other: 0.4 ms]
      [Choose CSet: 0.0 ms]
      [Ref Proc: 0.0 ms]
      [Ref Enq: 0.0 ms]
      [Free CSet: 0.3 ms]
   [Eden: 128.0M(128.0M)->0.0B(119.0M) Survivors: 15.0M->11.0M Heap: 229.9M(512.0M)->97.8M(512.0M)]
 [Times: user=0.00 sys=0.00, real=0.01 secs] 
2014-07-10T12:28:55.700+0200: 48.873: [GC pause (G1 Evacuation Pause) (young), 0.0407105 secs]
   [Parallel Time: 40.0 ms, GC Workers: 2]
      [GC Worker Start (ms): Min: 48873.1, Avg: 48873.1, Max: 48873.1, Diff: 0.0]
      [Ext Root Scanning (ms): Min: 0.4, Avg: 0.4, Max: 0.4, Diff: 0.0, Sum: 0.7]
      [Update RS (ms): Min: 0.1, Avg: 0.1, Max: 0.1, Diff: 0.0, Sum: 0.2]
         [Processed Buffers: Min: 1, Avg: 1.5, Max: 2, Diff: 1, Sum: 3]
      [Scan RS (ms): Min: 0.2, Avg: 0.3, Max: 0.3, Diff: 0.1, Sum: 0.5]
      [Code Root Scanning (ms): Min: 0.1, Avg: 0.1, Max: 0.1, Diff: 0.0, Sum: 0.2]
      [Object Copy (ms): Min: 39.1, Avg: 39.1, Max: 39.1, Diff: 0.0, Sum: 78.3]
      [Termination (ms): Min: 0.0, Avg: 0.0, Max: 0.0, Diff: 0.0, Sum: 0.0]
      [GC Worker Other (ms): Min: 0.0, Avg: 0.0, Max: 0.0, Diff: 0.0, Sum: 0.1]
      [GC Worker Total (ms): Min: 40.0, Avg: 40.0, Max: 40.0, Diff: 0.0, Sum: 79.9]
      [GC Worker End (ms): Min: 48913.0, Avg: 48913.0, Max: 48913.0, Diff: 0.0]
   [Code Root Fixup: 0.0 ms]
   [Code Root Migration: 0.0 ms]
   [Clear CT: 0.2 ms]
   [Other: 0.4 ms]
      [Choose CSet: 0.0 ms]
      [Ref Proc: 0.0 ms]
      [Ref Enq: 0.0 ms]
      [Free CSet: 0.2 ms]
   [Eden: 119.0M(119.0M)->0.0B(114.0M) Survivors: 11.0M->17.0M Heap: 216.8M(512.0M)->150.7M(512.0M)]
 [Times: user=0.06 sys=0.00, real=0.04 secs] 
2014-07-10T12:28:55.809+0200: 48.983: [GC pause (G1 Evacuation Pause) (young), 0.0294195 secs]
   [Parallel Time: 28.6 ms, GC Workers: 2]
      [GC Worker Start (ms): Min: 48982.6, Avg: 48982.6, Max: 48982.6, Diff: 0.0]
      [Ext Root Scanning (ms): Min: 0.4, Avg: 0.4, Max: 0.4, Diff: 0.0, Sum: 0.7]
      [Update RS (ms): Min: 0.0, Avg: 0.0, Max: 0.0, Diff: 0.0, Sum: 0.0]
         [Processed Buffers: Min: 1, Avg: 1.0, Max: 1, Diff: 0, Sum: 2]
      [Scan RS (ms): Min: 0.2, Avg: 0.2, Max: 0.2, Diff: 0.0, Sum: 0.4]
      [Code Root Scanning (ms): Min: 0.1, Avg: 0.1, Max: 0.1, Diff: 0.0, Sum: 0.2]
      [Object Copy (ms): Min: 27.9, Avg: 27.9, Max: 27.9, Diff: 0.0, Sum: 55.8]
      [Termination (ms): Min: 0.0, Avg: 0.0, Max: 0.0, Diff: 0.0, Sum: 0.0]
      [GC Worker Other (ms): Min: 0.0, Avg: 0.0, Max: 0.0, Diff: 0.0, Sum: 0.1]
      [GC Worker Total (ms): Min: 28.6, Avg: 28.6, Max: 28.6, Diff: 0.0, Sum: 57.2]
      [GC Worker End (ms): Min: 49011.2, Avg: 49011.2, Max: 49011.2, Diff: 0.0]
   [Code Root Fixup: 0.0 ms]
   [Code Root Migration: 0.0 ms]
   [Clear CT: 0.1 ms]
   [Other: 0.7 ms]
      [Choose CSet: 0.0 ms]
      [Ref Proc: 0.3 ms]
      [Ref Enq: 0.0 ms]
      [Free CSet: 0.2 ms]
   [Eden: 114.0M(114.0M)->0.0B(123.0M) Survivors: 17.0M->17.0M Heap: 264.7M(512.0M)->178.8M(512.0M)]
 [Times: user=0.06 sys=0.00, real=0.03 secs] 
2014-07-10T12:28:55.986+0200: 49.159: [GC pause (G1 Evacuation Pause) (young), 0.0262035 secs]
   [Parallel Time: 25.4 ms, GC Workers: 2]
      [GC Worker Start (ms): Min: 49159.5, Avg: 49159.5, Max: 49159.6, Diff: 0.0]
      [Ext Root Scanning (ms): Min: 0.6, Avg: 0.6, Max: 0.6, Diff: 0.0, Sum: 1.2]
      [Update RS (ms): Min: 0.1, Avg: 0.3, Max: 0.4, Diff: 0.4, Sum: 0.5]
         [Processed Buffers: Min: 1, Avg: 1.0, Max: 1, Diff: 0, Sum: 2]
      [Scan RS (ms): Min: 0.3, Avg: 0.4, Max: 0.5, Diff: 0.2, Sum: 0.8]
      [Code Root Scanning (ms): Min: 0.1, Avg: 0.2, Max: 0.2, Diff: 0.1, Sum: 0.3]
      [Object Copy (ms): Min: 23.8, Avg: 23.8, Max: 23.8, Diff: 0.0, Sum: 47.6]
      [Termination (ms): Min: 0.0, Avg: 0.0, Max: 0.0, Diff: 0.0, Sum: 0.0]
      [GC Worker Other (ms): Min: 0.0, Avg: 0.0, Max: 0.0, Diff: 0.0, Sum: 0.1]
      [GC Worker Total (ms): Min: 25.3, Avg: 25.3, Max: 25.3, Diff: 0.0, Sum: 50.6]
      [GC Worker End (ms): Min: 49184.8, Avg: 49184.8, Max: 49184.8, Diff: 0.0]
   [Code Root Fixup: 0.0 ms]
   [Code Root Migration: 0.0 ms]
   [Clear CT: 0.2 ms]
   [Other: 0.6 ms]
      [Choose CSet: 0.0 ms]
      [Ref Proc: 0.1 ms]
      [Ref Enq: 0.0 ms]
      [Free CSet: 0.3 ms]
   [Eden: 123.0M(123.0M)->0.0B(111.0M) Survivors: 17.0M->18.0M Heap: 301.8M(512.0M)->197.8M(512.0M)]
 [Times: user=0.06 sys=0.00, real=0.03 secs] 
2014-07-10T12:28:56.068+0200: 49.241: [GC pause (G1 Evacuation Pause) (young), 0.0025059 secs]
   [Parallel Time: 2.0 ms, GC Workers: 2]
      [GC Worker Start (ms): Min: 49241.0, Avg: 49241.1, Max: 49241.1, Diff: 0.0]
      [Ext Root Scanning (ms): Min: 0.3, Avg: 0.3, Max: 0.3, Diff: 0.0, Sum: 0.7]
      [Update RS (ms): Min: 0.1, Avg: 0.1, Max: 0.1, Diff: 0.0, Sum: 0.1]
         [Processed Buffers: Min: 1, Avg: 1.5, Max: 2, Diff: 1, Sum: 3]
      [Scan RS (ms): Min: 0.2, Avg: 0.2, Max: 0.2, Diff: 0.0, Sum: 0.4]
      [Code Root Scanning (ms): Min: 0.1, Avg: 0.1, Max: 0.1, Diff: 0.0, Sum: 0.2]
      [Object Copy (ms): Min: 1.3, Avg: 1.3, Max: 1.3, Diff: 0.0, Sum: 2.6]
      [Termination (ms): Min: 0.0, Avg: 0.0, Max: 0.0, Diff: 0.0, Sum: 0.0]
      [GC Worker Other (ms): Min: 0.0, Avg: 0.0, Max: 0.0, Diff: 0.0, Sum: 0.1]
      [GC Worker Total (ms): Min: 2.0, Avg: 2.0, Max: 2.0, Diff: 0.0, Sum: 4.0]
      [GC Worker End (ms): Min: 49243.0, Avg: 49243.0, Max: 49243.0, Diff: 0.0]
   [Code Root Fixup: 0.0 ms]
   [Code Root Migration: 0.0 ms]
   [Clear CT: 0.1 ms]
   [Other: 0.4 ms]
      [Choose CSet: 0.0 ms]
      [Ref Proc: 0.0 ms]
      [Ref Enq: 0.0 ms]
      [Free CSet: 0.2 ms]
   [Eden: 111.0M(111.0M)->0.0B(133.0M) Survivors: 18.0M->3072.0K Heap: 308.8M(512.0M)->182.5M(512.0M)]
 [Times: user=0.00 sys=0.00, real=0.00 secs] 
2014-07-10T12:28:56.210+0200: 49.383: [GC pause (G1 Evacuation Pause) (young), 0.0038961 secs]
   [Parallel Time: 3.0 ms, GC Workers: 2]
      [GC Worker Start (ms): Min: 49383.2, Avg: 49383.3, Max: 49383.3, Diff: 0.0]
      [Ext Root Scanning (ms): Min: 0.4, Avg: 0.4, Max: 0.4, Diff: 0.0, Sum: 0.7]
      [Update RS (ms): Min: 0.0, Avg: 0.1, Max: 0.1, Diff: 0.0, Sum: 0.1]
         [Processed Buffers: Min: 1, Avg: 1.5, Max: 2, Diff: 1, Sum: 3]
      [Scan RS (ms): Min: 0.3, Avg: 0.3, Max: 0.3, Diff: 0.0, Sum: 0.6]
      [Code Root Scanning (ms): Min: 0.1, Avg: 0.1, Max: 0.1, Diff: 0.0, Sum: 0.2]
      [Object Copy (ms): Min: 2.1, Avg: 2.1, Max: 2.1, Diff: 0.0, Sum: 4.3]
      [Termination (ms): Min: 0.0, Avg: 0.0, Max: 0.0, Diff: 0.0, Sum: 0.0]
      [GC Worker Other (ms): Min: 0.0, Avg: 0.0, Max: 0.0, Diff: 0.0, Sum: 0.1]
      [GC Worker Total (ms): Min: 3.0, Avg: 3.0, Max: 3.0, Diff: 0.0, Sum: 6.0]
      [GC Worker End (ms): Min: 49386.2, Avg: 49386.2, Max: 49386.2, Diff: 0.0]
   [Code Root Fixup: 0.0 ms]
   [Code Root Migration: 0.0 ms]
   [Clear CT: 0.1 ms]
   [Other: 0.7 ms]
      [Choose CSet: 0.0 ms]
      [Ref Proc: 0.1 ms]
      [Ref Enq: 0.0 ms]
      [Free CSet: 0.4 ms]
   [Eden: 133.0M(133.0M)->0.0B(228.0M) Survivors: 3072.0K->4096.0K Heap: 315.5M(512.0M)->183.4M(512.0M)]
 [Times: user=0.03 sys=0.00, real=0.00 secs] 
2014-07-10T12:28:56.406+0200: 49.579: [GC pause (G1 Evacuation Pause) (young), 0.0223502 secs]
   [Parallel Time: 21.5 ms, GC Workers: 2]
      [GC Worker Start (ms): Min: 49579.0, Avg: 49579.0, Max: 49579.0, Diff: 0.0]
      [Ext Root Scanning (ms): Min: 0.3, Avg: 0.3, Max: 0.3, Diff: 0.0, Sum: 0.6]
      [Update RS (ms): Min: 0.0, Avg: 0.0, Max: 0.0, Diff: 0.0, Sum: 0.1]
         [Processed Buffers: Min: 1, Avg: 1.5, Max: 2, Diff: 1, Sum: 3]
      [Scan RS (ms): Min: 0.3, Avg: 0.3, Max: 0.4, Diff: 0.0, Sum: 0.7]
      [Code Root Scanning (ms): Min: 0.2, Avg: 0.2, Max: 0.2, Diff: 0.0, Sum: 0.3]
      [Object Copy (ms): Min: 20.5, Avg: 20.5, Max: 20.5, Diff: 0.0, Sum: 41.0]
      [Termination (ms): Min: 0.0, Avg: 0.0, Max: 0.0, Diff: 0.0, Sum: 0.0]
      [GC Worker Other (ms): Min: 0.0, Avg: 0.0, Max: 0.0, Diff: 0.0, Sum: 0.1]
      [GC Worker Total (ms): Min: 21.4, Avg: 21.4, Max: 21.4, Diff: 0.0, Sum: 42.8]
      [GC Worker End (ms): Min: 49600.4, Avg: 49600.4, Max: 49600.4, Diff: 0.0]
   [Code Root Fixup: 0.0 ms]
   [Code Root Migration: 0.1 ms]
   [Clear CT: 0.3 ms]
   [Other: 0.5 ms]
      [Choose CSet: 0.0 ms]
      [Ref Proc: 0.1 ms]
      [Ref Enq: 0.0 ms]
      [Free CSet: 0.3 ms]
   [Eden: 228.0M(228.0M)->0.0B(115.0M) Survivors: 4096.0K->29.0M Heap: 411.4M(512.0M)->213.3M(512.0M)]
 [Times: user=0.03 sys=0.00, real=0.02 secs] 
2014-07-10T12:28:56.559+0200: 49.732: [GC pause (G1 Evacuation Pause) (young), 0.0061307 secs]
   [Parallel Time: 5.0 ms, GC Workers: 2]
      [GC Worker Start (ms): Min: 49732.1, Avg: 49732.1, Max: 49732.1, Diff: 0.0]
      [Ext Root Scanning (ms): Min: 0.5, Avg: 0.5, Max: 0.5, Diff: 0.0, Sum: 1.0]
      [Update RS (ms): Min: 0.1, Avg: 0.1, Max: 0.2, Diff: 0.1, Sum: 0.3]
         [Processed Buffers: Min: 1, Avg: 2.0, Max: 3, Diff: 2, Sum: 4]
      [Scan RS (ms): Min: 0.3, Avg: 0.4, Max: 0.4, Diff: 0.1, Sum: 0.7]
      [Code Root Scanning (ms): Min: 0.1, Avg: 0.1, Max: 0.1, Diff: 0.0, Sum: 0.3]
      [Object Copy (ms): Min: 3.8, Avg: 3.8, Max: 3.8, Diff: 0.0, Sum: 7.6]
      [Termination (ms): Min: 0.0, Avg: 0.0, Max: 0.0, Diff: 0.0, Sum: 0.0]
      [GC Worker Other (ms): Min: 0.0, Avg: 0.0, Max: 0.0, Diff: 0.0, Sum: 0.1]
      [GC Worker Total (ms): Min: 5.0, Avg: 5.0, Max: 5.0, Diff: 0.0, Sum: 9.9]
      [GC Worker End (ms): Min: 49737.0, Avg: 49737.0, Max: 49737.0, Diff: 0.0]
   [Code Root Fixup: 0.0 ms]
   [Code Root Migration: 0.1 ms]
   [Clear CT: 0.2 ms]
   [Other: 0.8 ms]
      [Choose CSet: 0.0 ms]
      [Ref Proc: 0.1 ms]
      [Ref Enq: 0.0 ms]
      [Free CSet: 0.5 ms]
   [Eden: 115.0M(115.0M)->0.0B(105.0M) Survivors: 29.0M->5120.0K Heap: 328.3M(512.0M)->188.5M(512.0M)]
 [Times: user=0.00 sys=0.00, real=0.01 secs] 
2014-07-10T12:28:56.630+0200: 49.804: [GC pause (G1 Evacuation Pause) (young), 0.0281638 secs]
   [Parallel Time: 27.6 ms, GC Workers: 2]
      [GC Worker Start (ms): Min: 49803.7, Avg: 49803.7, Max: 49803.7, Diff: 0.0]
      [Ext Root Scanning (ms): Min: 0.4, Avg: 0.4, Max: 0.4, Diff: 0.0, Sum: 0.8]
      [Update RS (ms): Min: 0.1, Avg: 0.1, Max: 0.1, Diff: 0.1, Sum: 0.2]
         [Processed Buffers: Min: 1, Avg: 1.5, Max: 2, Diff: 1, Sum: 3]
      [Scan RS (ms): Min: 0.2, Avg: 0.2, Max: 0.2, Diff: 0.0, Sum: 0.3]
      [Code Root Scanning (ms): Min: 0.1, Avg: 0.1, Max: 0.1, Diff: 0.0, Sum: 0.1]
      [Object Copy (ms): Min: 26.8, Avg: 26.8, Max: 26.8, Diff: 0.0, Sum: 53.6]
      [Termination (ms): Min: 0.0, Avg: 0.0, Max: 0.0, Diff: 0.0, Sum: 0.0]
      [GC Worker Other (ms): Min: 0.0, Avg: 0.0, Max: 0.0, Diff: 0.0, Sum: 0.1]
      [GC Worker Total (ms): Min: 27.5, Avg: 27.5, Max: 27.5, Diff: 0.0, Sum: 55.1]
      [GC Worker End (ms): Min: 49831.2, Avg: 49831.2, Max: 49831.2, Diff: 0.0]
   [Code Root Fixup: 0.0 ms]
   [Code Root Migration: 0.0 ms]
   [Clear CT: 0.1 ms]
   [Other: 0.5 ms]
      [Choose CSet: 0.0 ms]
      [Ref Proc: 0.1 ms]
      [Ref Enq: 0.0 ms]
      [Free CSet: 0.2 ms]
   [Eden: 105.0M(105.0M)->0.0B(116.0M) Survivors: 5120.0K->14.0M Heap: 293.5M(512.0M)->227.4M(512.0M)]
 [Times: user=0.06 sys=0.00, real=0.03 secs] 
2014-07-10T12:28:56.774+0200: 49.948: [GC pause (G1 Evacuation Pause) (young), 0.0194088 secs]
   [Parallel Time: 18.5 ms, GC Workers: 2]
      [GC Worker Start (ms): Min: 49947.9, Avg: 49947.9, Max: 49947.9, Diff: 0.0]
      [Ext Root Scanning (ms): Min: 0.4, Avg: 0.4, Max: 0.4, Diff: 0.0, Sum: 0.7]
      [Update RS (ms): Min: 0.1, Avg: 0.1, Max: 0.1, Diff: 0.0, Sum: 0.2]
         [Processed Buffers: Min: 1, Avg: 1.5, Max: 2, Diff: 1, Sum: 3]
      [Scan RS (ms): Min: 0.2, Avg: 0.2, Max: 0.3, Diff: 0.0, Sum: 0.5]
      [Code Root Scanning (ms): Min: 0.1, Avg: 0.1, Max: 0.1, Diff: 0.0, Sum: 0.2]
      [Object Copy (ms): Min: 17.6, Avg: 17.6, Max: 17.6, Diff: 0.0, Sum: 35.3]
      [Termination (ms): Min: 0.0, Avg: 0.0, Max: 0.0, Diff: 0.0, Sum: 0.0]
      [GC Worker Other (ms): Min: 0.0, Avg: 0.0, Max: 0.0, Diff: 0.0, Sum: 0.1]
      [GC Worker Total (ms): Min: 18.4, Avg: 18.5, Max: 18.5, Diff: 0.0, Sum: 36.9]
      [GC Worker End (ms): Min: 49966.4, Avg: 49966.4, Max: 49966.4, Diff: 0.0]
   [Code Root Fixup: 0.0 ms]
   [Code Root Migration: 0.0 ms]
   [Clear CT: 0.1 ms]
   [Other: 0.7 ms]
      [Choose CSet: 0.0 ms]
      [Ref Proc: 0.2 ms]
      [Ref Enq: 0.0 ms]
      [Free CSet: 0.3 ms]
   [Eden: 116.0M(116.0M)->0.0B(108.0M) Survivors: 14.0M->17.0M Heap: 343.4M(512.0M)->240.4M(512.0M)]
 [Times: user=0.03 sys=0.00, real=0.02 secs] 
2014-07-10T12:28:56.857+0200: 50.030: [GC pause (G1 Evacuation Pause) (young), 0.0023306 secs]
   [Parallel Time: 1.8 ms, GC Workers: 2]
      [GC Worker Start (ms): Min: 50030.1, Avg: 50030.1, Max: 50030.2, Diff: 0.0]
      [Ext Root Scanning (ms): Min: 0.2, Avg: 0.2, Max: 0.2, Diff: 0.0, Sum: 0.5]
      [Update RS (ms): Min: 0.0, Avg: 0.0, Max: 0.0, Diff: 0.0, Sum: 0.1]
         [Processed Buffers: Min: 1, Avg: 1.5, Max: 2, Diff: 1, Sum: 3]
      [Scan RS (ms): Min: 0.2, Avg: 0.2, Max: 0.2, Diff: 0.0, Sum: 0.3]
      [Code Root Scanning (ms): Min: 0.1, Avg: 0.1, Max: 0.1, Diff: 0.0, Sum: 0.2]
      [Object Copy (ms): Min: 1.2, Avg: 1.2, Max: 1.2, Diff: 0.0, Sum: 2.4]
      [Termination (ms): Min: 0.0, Avg: 0.0, Max: 0.0, Diff: 0.0, Sum: 0.0]
      [GC Worker Other (ms): Min: 0.0, Avg: 0.0, Max: 0.0, Diff: 0.0, Sum: 0.0]
      [GC Worker Total (ms): Min: 1.8, Avg: 1.8, Max: 1.8, Diff: 0.0, Sum: 3.6]
      [GC Worker End (ms): Min: 50031.9, Avg: 50031.9, Max: 50031.9, Diff: 0.0]
   [Code Root Fixup: 0.0 ms]
   [Code Root Migration: 0.0 ms]
   [Clear CT: 0.1 ms]
   [Other: 0.4 ms]
      [Choose CSet: 0.0 ms]
      [Ref Proc: 0.1 ms]
      [Ref Enq: 0.0 ms]
      [Free CSet: 0.2 ms]
   [Eden: 108.0M(108.0M)->0.0B(205.0M) Survivors: 17.0M->3072.0K Heap: 348.4M(512.0M)->226.3M(512.0M)]
 [Times: user=0.00 sys=0.00, real=0.00 secs] 
2014-07-10T12:28:57.049+0200: 50.223: [GC pause (G1 Evacuation Pause) (young), 0.0023570 secs]
   [Parallel Time: 1.7 ms, GC Workers: 2]
      [GC Worker Start (ms): Min: 50222.9, Avg: 50222.9, Max: 50222.9, Diff: 0.0]
      [Ext Root Scanning (ms): Min: 0.3, Avg: 0.3, Max: 0.3, Diff: 0.0, Sum: 0.6]
      [Update RS (ms): Min: 0.0, Avg: 0.0, Max: 0.1, Diff: 0.0, Sum: 0.1]
         [Processed Buffers: Min: 1, Avg: 1.5, Max: 2, Diff: 1, Sum: 3]
      [Scan RS (ms): Min: 0.3, Avg: 0.3, Max: 0.3, Diff: 0.0, Sum: 0.6]
      [Code Root Scanning (ms): Min: 0.1, Avg: 0.1, Max: 0.1, Diff: 0.0, Sum: 0.3]
      [Object Copy (ms): Min: 0.8, Avg: 0.8, Max: 0.8, Diff: 0.0, Sum: 1.6]
      [Termination (ms): Min: 0.0, Avg: 0.0, Max: 0.0, Diff: 0.0, Sum: 0.0]
      [GC Worker Other (ms): Min: 0.0, Avg: 0.0, Max: 0.0, Diff: 0.0, Sum: 0.1]
      [GC Worker Total (ms): Min: 1.6, Avg: 1.6, Max: 1.6, Diff: 0.0, Sum: 3.3]
      [GC Worker End (ms): Min: 50224.6, Avg: 50224.6, Max: 50224.6, Diff: 0.0]
   [Code Root Fixup: 0.0 ms]
   [Code Root Migration: 0.0 ms]
   [Clear CT: 0.1 ms]
   [Other: 0.5 ms]
      [Choose CSet: 0.0 ms]
      [Ref Proc: 0.1 ms]
      [Ref Enq: 0.0 ms]
      [Free CSet: 0.3 ms]
   [Eden: 205.0M(205.0M)->0.0B(212.0M) Survivors: 3072.0K->2048.0K Heap: 431.3M(512.0M)->225.1M(512.0M)]
 [Times: user=0.00 sys=0.00, real=0.00 secs] 
2014-07-10T12:28:57.260+0200: 50.433: [GC pause (G1 Evacuation Pause) (young), 0.0080665 secs]
   [Parallel Time: 7.2 ms, GC Workers: 2]
      [GC Worker Start (ms): Min: 50433.4, Avg: 50433.4, Max: 50433.4, Diff: 0.0]
      [Ext Root Scanning (ms): Min: 0.3, Avg: 0.3, Max: 0.3, Diff: 0.0, Sum: 0.6]
      [Update RS (ms): Min: 0.0, Avg: 0.1, Max: 0.1, Diff: 0.0, Sum: 0.1]
         [Processed Buffers: Min: 2, Avg: 2.0, Max: 2, Diff: 0, Sum: 4]
      [Scan RS (ms): Min: 0.3, Avg: 0.3, Max: 0.3, Diff: 0.0, Sum: 0.7]
      [Code Root Scanning (ms): Min: 0.1, Avg: 0.1, Max: 0.1, Diff: 0.0, Sum: 0.3]
      [Object Copy (ms): Min: 6.3, Avg: 6.3, Max: 6.3, Diff: 0.0, Sum: 12.6]
      [Termination (ms): Min: 0.0, Avg: 0.0, Max: 0.0, Diff: 0.0, Sum: 0.0]
      [GC Worker Other (ms): Min: 0.0, Avg: 0.0, Max: 0.0, Diff: 0.0, Sum: 0.1]
      [GC Worker Total (ms): Min: 7.2, Avg: 7.2, Max: 7.2, Diff: 0.0, Sum: 14.4]
      [GC Worker End (ms): Min: 50440.6, Avg: 50440.6, Max: 50440.6, Diff: 0.0]
   [Code Root Fixup: 0.0 ms]
   [Code Root Migration: 0.0 ms]
   [Clear CT: 0.2 ms]
   [Other: 0.6 ms]
      [Choose CSet: 0.0 ms]
      [Ref Proc: 0.1 ms]
      [Ref Enq: 0.0 ms]
      [Free CSet: 0.3 ms]
   [Eden: 212.0M(212.0M)->0.0B(205.0M) Survivors: 2048.0K->11.0M Heap: 437.1M(512.0M)->233.8M(512.0M)]
 [Times: user=0.00 sys=0.00, real=0.01 secs] 
2014-07-10T12:28:57.463+0200: 50.637: [GC pause (G1 Evacuation Pause) (young), 0.0123065 secs]
   [Parallel Time: 11.6 ms, GC Workers: 2]
      [GC Worker Start (ms): Min: 50636.8, Avg: 50636.8, Max: 50636.8, Diff: 0.0]
      [Ext Root Scanning (ms): Min: 0.3, Avg: 0.3, Max: 0.3, Diff: 0.0, Sum: 0.7]
      [Update RS (ms): Min: 0.0, Avg: 0.0, Max: 0.0, Diff: 0.0, Sum: 0.1]
         [Processed Buffers: Min: 1, Avg: 1.5, Max: 2, Diff: 1, Sum: 3]
      [Scan RS (ms): Min: 0.3, Avg: 0.3, Max: 0.3, Diff: 0.0, Sum: 0.6]
      [Code Root Scanning (ms): Min: 0.1, Avg: 0.1, Max: 0.1, Diff: 0.0, Sum: 0.3]
      [Object Copy (ms): Min: 10.7, Avg: 10.7, Max: 10.7, Diff: 0.0, Sum: 21.4]
      [Termination (ms): Min: 0.0, Avg: 0.0, Max: 0.0, Diff: 0.0, Sum: 0.0]
      [GC Worker Other (ms): Min: 0.0, Avg: 0.0, Max: 0.0, Diff: 0.0, Sum: 0.1]
      [GC Worker Total (ms): Min: 11.6, Avg: 11.6, Max: 11.6, Diff: 0.0, Sum: 23.1]
      [GC Worker End (ms): Min: 50648.4, Avg: 50648.4, Max: 50648.4, Diff: 0.0]
   [Code Root Fixup: 0.0 ms]
   [Code Root Migration: 0.0 ms]
   [Clear CT: 0.2 ms]
   [Other: 0.5 ms]
      [Choose CSet: 0.0 ms]
      [Ref Proc: 0.1 ms]
      [Ref Enq: 0.0 ms]
      [Free CSet: 0.3 ms]
   [Eden: 205.0M(205.0M)->0.0B(197.0M) Survivors: 11.0M->18.0M Heap: 438.8M(512.0M)->240.7M(512.0M)]
 [Times: user=0.01 sys=0.00, real=0.01 secs] 
2014-07-10T12:28:57.658+0200: 50.832: [GC pause (G1 Evacuation Pause) (young), 0.0074997 secs]
   [Parallel Time: 6.5 ms, GC Workers: 2]
      [GC Worker Start (ms): Min: 50831.9, Avg: 50831.9, Max: 50831.9, Diff: 0.0]
      [Ext Root Scanning (ms): Min: 0.3, Avg: 0.3, Max: 0.3, Diff: 0.0, Sum: 0.6]
      [Update RS (ms): Min: 0.0, Avg: 0.1, Max: 0.1, Diff: 0.0, Sum: 0.1]
         [Processed Buffers: Min: 1, Avg: 1.5, Max: 2, Diff: 1, Sum: 3]
      [Scan RS (ms): Min: 0.4, Avg: 0.4, Max: 0.4, Diff: 0.0, Sum: 0.8]
      [Code Root Scanning (ms): Min: 0.1, Avg: 0.2, Max: 0.2, Diff: 0.0, Sum: 0.3]
      [Object Copy (ms): Min: 5.5, Avg: 5.5, Max: 5.5, Diff: 0.0, Sum: 11.0]
      [Termination (ms): Min: 0.0, Avg: 0.0, Max: 0.0, Diff: 0.0, Sum: 0.0]
      [GC Worker Other (ms): Min: 0.0, Avg: 0.0, Max: 0.0, Diff: 0.0, Sum: 0.1]
      [GC Worker Total (ms): Min: 6.4, Avg: 6.4, Max: 6.5, Diff: 0.0, Sum: 12.9]
      [GC Worker End (ms): Min: 50838.4, Avg: 50838.4, Max: 50838.4, Diff: 0.0]
   [Code Root Fixup: 0.0 ms]
   [Code Root Migration: 0.1 ms]
   [Clear CT: 0.2 ms]
   [Other: 0.8 ms]
      [Choose CSet: 0.0 ms]
      [Ref Proc: 0.2 ms]
      [Ref Enq: 0.0 ms]
      [Free CSet: 0.4 ms]
   [Eden: 197.0M(197.0M)->0.0B(210.0M) Survivors: 18.0M->8192.0K Heap: 437.7M(512.0M)->231.5M(512.0M)]
 [Times: user=0.03 sys=0.00, real=0.01 secs] 
2014-07-10T12:28:57.865+0200: 51.038: [GC pause (G1 Evacuation Pause) (young), 0.0135948 secs]
   [Parallel Time: 12.8 ms, GC Workers: 2]
      [GC Worker Start (ms): Min: 51038.3, Avg: 51038.3, Max: 51038.3, Diff: 0.0]
      [Ext Root Scanning (ms): Min: 0.3, Avg: 0.3, Max: 0.3, Diff: 0.0, Sum: 0.5]
      [Update RS (ms): Min: 0.0, Avg: 0.1, Max: 0.1, Diff: 0.0, Sum: 0.1]
         [Processed Buffers: Min: 1, Avg: 1.5, Max: 2, Diff: 1, Sum: 3]
      [Scan RS (ms): Min: 0.3, Avg: 0.3, Max: 0.3, Diff: 0.0, Sum: 0.6]
      [Code Root Scanning (ms): Min: 0.1, Avg: 0.1, Max: 0.1, Diff: 0.0, Sum: 0.3]
      [Object Copy (ms): Min: 11.9, Avg: 11.9, Max: 11.9, Diff: 0.0, Sum: 23.9]
      [Termination (ms): Min: 0.0, Avg: 0.0, Max: 0.0, Diff: 0.0, Sum: 0.0]
      [GC Worker Other (ms): Min: 0.0, Avg: 0.0, Max: 0.0, Diff: 0.0, Sum: 0.1]
      [GC Worker Total (ms): Min: 12.8, Avg: 12.8, Max: 12.8, Diff: 0.0, Sum: 25.5]
      [GC Worker End (ms): Min: 51051.1, Avg: 51051.1, Max: 51051.1, Diff: 0.0]
   [Code Root Fixup: 0.0 ms]
   [Code Root Migration: 0.1 ms]
   [Clear CT: 0.2 ms]
   [Other: 0.6 ms]
      [Choose CSet: 0.0 ms]
      [Ref Proc: 0.1 ms]
      [Ref Enq: 0.0 ms]
      [Free CSet: 0.3 ms]
   [Eden: 210.0M(210.0M)->0.0B(196.0M) Survivors: 8192.0K->20.0M Heap: 441.5M(512.0M)->243.3M(512.0M)]
 [Times: user=0.02 sys=0.01, real=0.01 secs] 
2014-07-10T12:28:58.056+0200: 51.230: [GC pause (G1 Evacuation Pause) (young), 0.0019622 secs]
   [Parallel Time: 1.2 ms, GC Workers: 2]
      [GC Worker Start (ms): Min: 51229.6, Avg: 51229.6, Max: 51229.6, Diff: 0.0]
      [Ext Root Scanning (ms): Min: 0.2, Avg: 0.2, Max: 0.2, Diff: 0.0, Sum: 0.4]
      [Update RS (ms): Min: 0.0, Avg: 0.0, Max: 0.1, Diff: 0.0, Sum: 0.1]
         [Processed Buffers: Min: 2, Avg: 2.0, Max: 2, Diff: 0, Sum: 4]
      [Scan RS (ms): Min: 0.3, Avg: 0.3, Max: 0.3, Diff: 0.0, Sum: 0.6]
      [Code Root Scanning (ms): Min: 0.1, Avg: 0.1, Max: 0.1, Diff: 0.0, Sum: 0.3]
      [Object Copy (ms): Min: 0.5, Avg: 0.5, Max: 0.5, Diff: 0.0, Sum: 0.9]
      [Termination (ms): Min: 0.0, Avg: 0.0, Max: 0.0, Diff: 0.0, Sum: 0.0]
      [GC Worker Other (ms): Min: 0.0, Avg: 0.0, Max: 0.0, Diff: 0.0, Sum: 0.0]
      [GC Worker Total (ms): Min: 1.2, Avg: 1.2, Max: 1.2, Diff: 0.0, Sum: 2.4]
      [GC Worker End (ms): Min: 51230.8, Avg: 51230.8, Max: 51230.8, Diff: 0.0]
   [Code Root Fixup: 0.0 ms]
   [Code Root Migration: 0.0 ms]
   [Clear CT: 0.2 ms]
   [Other: 0.5 ms]
      [Choose CSet: 0.0 ms]
      [Ref Proc: 0.0 ms]
      [Ref Enq: 0.0 ms]
      [Free CSet: 0.4 ms]
   [Eden: 196.0M(196.0M)->0.0B(218.0M) Survivors: 20.0M->2048.0K Heap: 439.3M(512.0M)->225.0M(512.0M)]
 [Times: user=0.00 sys=0.00, real=0.00 secs] 
2014-07-10T12:28:58.265+0200: 51.438: [GC pause (G1 Evacuation Pause) (young), 0.0148238 secs]
   [Parallel Time: 14.1 ms, GC Workers: 2]
      [GC Worker Start (ms): Min: 51438.0, Avg: 51438.0, Max: 51438.0, Diff: 0.0]
      [Ext Root Scanning (ms): Min: 0.3, Avg: 0.3, Max: 0.3, Diff: 0.0, Sum: 0.7]
      [Update RS (ms): Min: 0.0, Avg: 0.1, Max: 0.1, Diff: 0.0, Sum: 0.1]
         [Processed Buffers: Min: 1, Avg: 1.5, Max: 2, Diff: 1, Sum: 3]
      [Scan RS (ms): Min: 0.3, Avg: 0.3, Max: 0.3, Diff: 0.0, Sum: 0.7]
      [Code Root Scanning (ms): Min: 0.1, Avg: 0.1, Max: 0.1, Diff: 0.0, Sum: 0.3]
      [Object Copy (ms): Min: 13.2, Avg: 13.2, Max: 13.2, Diff: 0.0, Sum: 26.4]
      [Termination (ms): Min: 0.0, Avg: 0.0, Max: 0.0, Diff: 0.0, Sum: 0.0]
      [GC Worker Other (ms): Min: 0.0, Avg: 0.0, Max: 0.0, Diff: 0.0, Sum: 0.1]
      [GC Worker Total (ms): Min: 14.1, Avg: 14.1, Max: 14.1, Diff: 0.0, Sum: 28.2]
      [GC Worker End (ms): Min: 51452.1, Avg: 51452.1, Max: 51452.1, Diff: 0.0]
   [Code Root Fixup: 0.0 ms]
   [Code Root Migration: 0.0 ms]
   [Clear CT: 0.2 ms]
   [Other: 0.5 ms]
      [Choose CSet: 0.0 ms]
      [Ref Proc: 0.1 ms]
      [Ref Enq: 0.0 ms]
      [Free CSet: 0.3 ms]
   [Eden: 218.0M(218.0M)->0.0B(192.0M) Survivors: 2048.0K->22.0M Heap: 443.0M(512.0M)->244.8M(512.0M)]
 [Times: user=0.02 sys=0.00, real=0.01 secs] 
2014-07-10T12:28:58.463+0200: 51.636: [GC pause (G1 Evacuation Pause) (young), 0.0061417 secs]
   [Parallel Time: 5.4 ms, GC Workers: 2]
      [GC Worker Start (ms): Min: 51636.4, Avg: 51636.4, Max: 51636.4, Diff: 0.0]
      [Ext Root Scanning (ms): Min: 0.3, Avg: 0.3, Max: 0.3, Diff: 0.0, Sum: 0.6]
      [Update RS (ms): Min: 0.1, Avg: 0.1, Max: 0.1, Diff: 0.0, Sum: 0.2]
         [Processed Buffers: Min: 1, Avg: 1.5, Max: 2, Diff: 1, Sum: 3]
      [Scan RS (ms): Min: 0.3, Avg: 0.3, Max: 0.3, Diff: 0.0, Sum: 0.6]
      [Code Root Scanning (ms): Min: 0.1, Avg: 0.1, Max: 0.1, Diff: 0.0, Sum: 0.3]
      [Object Copy (ms): Min: 4.4, Avg: 4.5, Max: 4.5, Diff: 0.1, Sum: 8.9]
      [Termination (ms): Min: 0.0, Avg: 0.1, Max: 0.1, Diff: 0.1, Sum: 0.1]
      [GC Worker Other (ms): Min: 0.0, Avg: 0.0, Max: 0.0, Diff: 0.0, Sum: 0.1]
      [GC Worker Total (ms): Min: 5.4, Avg: 5.4, Max: 5.4, Diff: 0.0, Sum: 10.8]
      [GC Worker End (ms): Min: 51641.8, Avg: 51641.8, Max: 51641.8, Diff: 0.0]
   [Code Root Fixup: 0.0 ms]
   [Code Root Migration: 0.1 ms]
   [Clear CT: 0.2 ms]
   [Other: 0.5 ms]
      [Choose CSet: 0.0 ms]
      [Ref Proc: 0.1 ms]
      [Ref Enq: 0.0 ms]
      [Free CSet: 0.3 ms]
   [Eden: 192.0M(192.0M)->0.0B(212.0M) Survivors: 22.0M->7168.0K Heap: 436.8M(512.0M)->230.6M(512.0M)]
 [Times: user=0.00 sys=0.00, real=0.01 secs] 
2014-07-10T12:28:58.670+0200: 51.843: [GC pause (G1 Evacuation Pause) (young), 0.0226751 secs]
   [Parallel Time: 21.8 ms, GC Workers: 2]
      [GC Worker Start (ms): Min: 51843.4, Avg: 51843.4, Max: 51843.4, Diff: 0.0]
      [Ext Root Scanning (ms): Min: 0.6, Avg: 0.6, Max: 0.6, Diff: 0.0, Sum: 1.3]
      [Update RS (ms): Min: 0.1, Avg: 0.1, Max: 0.1, Diff: 0.0, Sum: 0.2]
         [Processed Buffers: Min: 1, Avg: 1.5, Max: 2, Diff: 1, Sum: 3]
      [Scan RS (ms): Min: 0.8, Avg: 0.8, Max: 0.9, Diff: 0.1, Sum: 1.7]
      [Code Root Scanning (ms): Min: 0.2, Avg: 0.2, Max: 0.2, Diff: 0.1, Sum: 0.4]
      [Object Copy (ms): Min: 19.8, Avg: 19.9, Max: 20.0, Diff: 0.2, Sum: 39.8]
      [Termination (ms): Min: 0.0, Avg: 0.0, Max: 0.0, Diff: 0.0, Sum: 0.0]
      [GC Worker Other (ms): Min: 0.1, Avg: 0.1, Max: 0.1, Diff: 0.0, Sum: 0.1]
      [GC Worker Total (ms): Min: 21.7, Avg: 21.7, Max: 21.7, Diff: 0.0, Sum: 43.4]
      [GC Worker End (ms): Min: 51865.1, Avg: 51865.1, Max: 51865.1, Diff: 0.0]
   [Code Root Fixup: 0.0 ms]
   [Code Root Migration: 0.0 ms]
   [Clear CT: 0.2 ms]
   [Other: 0.6 ms]
      [Choose CSet: 0.0 ms]
      [Ref Proc: 0.1 ms]
      [Ref Enq: 0.0 ms]
      [Free CSet: 0.4 ms]
   [Eden: 212.0M(212.0M)->0.0B(194.0M) Survivors: 7168.0K->21.0M Heap: 442.6M(512.0M)->244.4M(512.0M)]
 [Times: user=0.05 sys=0.00, real=0.02 secs] 
2014-07-10T12:28:58.863+0200: 52.036: [GC pause (G1 Evacuation Pause) (young), 0.0121034 secs]
   [Parallel Time: 11.4 ms, GC Workers: 2]
      [GC Worker Start (ms): Min: 52036.1, Avg: 52036.1, Max: 52036.1, Diff: 0.0]
      [Ext Root Scanning (ms): Min: 0.3, Avg: 0.3, Max: 0.3, Diff: 0.0, Sum: 0.7]
      [Update RS (ms): Min: 0.0, Avg: 0.0, Max: 0.0, Diff: 0.0, Sum: 0.1]
         [Processed Buffers: Min: 1, Avg: 1.5, Max: 2, Diff: 1, Sum: 3]
      [Scan RS (ms): Min: 0.3, Avg: 0.3, Max: 0.3, Diff: 0.0, Sum: 0.6]
      [Code Root Scanning (ms): Min: 0.1, Avg: 0.1, Max: 0.1, Diff: 0.0, Sum: 0.3]
      [Object Copy (ms): Min: 10.4, Avg: 10.4, Max: 10.4, Diff: 0.0, Sum: 20.8]
      [Termination (ms): Min: 0.0, Avg: 0.0, Max: 0.0, Diff: 0.0, Sum: 0.0]
      [GC Worker Other (ms): Min: 0.0, Avg: 0.0, Max: 0.0, Diff: 0.0, Sum: 0.1]
      [GC Worker Total (ms): Min: 11.3, Avg: 11.3, Max: 11.3, Diff: 0.0, Sum: 22.6]
      [GC Worker End (ms): Min: 52047.3, Avg: 52047.3, Max: 52047.3, Diff: 0.0]
   [Code Root Fixup: 0.0 ms]
   [Code Root Migration: 0.0 ms]
   [Clear CT: 0.1 ms]
   [Other: 0.5 ms]
      [Choose CSet: 0.0 ms]
      [Ref Proc: 0.1 ms]
      [Ref Enq: 0.0 ms]
      [Free CSet: 0.3 ms]
   [Eden: 194.0M(194.0M)->0.0B(200.0M) Survivors: 21.0M->17.0M Heap: 438.4M(512.0M)->240.2M(512.0M)]
 [Times: user=0.03 sys=0.00, real=0.01 secs] 
2014-07-10T12:28:59.057+0200: 52.231: [GC pause (G1 Evacuation Pause) (young), 0.0047141 secs]
   [Parallel Time: 4.1 ms, GC Workers: 2]
      [GC Worker Start (ms): Min: 52230.7, Avg: 52230.7, Max: 52230.7, Diff: 0.0]
      [Ext Root Scanning (ms): Min: 0.2, Avg: 0.2, Max: 0.2, Diff: 0.0, Sum: 0.5]
      [Update RS (ms): Min: 0.1, Avg: 0.1, Max: 0.1, Diff: 0.0, Sum: 0.2]
         [Processed Buffers: Min: 1, Avg: 2.0, Max: 3, Diff: 2, Sum: 4]
      [Scan RS (ms): Min: 0.3, Avg: 0.3, Max: 0.3, Diff: 0.0, Sum: 0.6]
      [Code Root Scanning (ms): Min: 0.1, Avg: 0.1, Max: 0.1, Diff: 0.0, Sum: 0.3]
      [Object Copy (ms): Min: 3.2, Avg: 3.2, Max: 3.2, Diff: 0.0, Sum: 6.4]
      [Termination (ms): Min: 0.0, Avg: 0.0, Max: 0.0, Diff: 0.0, Sum: 0.0]
      [GC Worker Other (ms): Min: 0.0, Avg: 0.0, Max: 0.0, Diff: 0.0, Sum: 0.1]
      [GC Worker Total (ms): Min: 4.0, Avg: 4.0, Max: 4.0, Diff: 0.0, Sum: 8.0]
      [GC Worker End (ms): Min: 52234.7, Avg: 52234.7, Max: 52234.7, Diff: 0.0]
   [Code Root Fixup: 0.0 ms]
   [Code Root Migration: 0.0 ms]
   [Clear CT: 0.2 ms]
   [Other: 0.4 ms]
      [Choose CSet: 0.0 ms]
      [Ref Proc: 0.1 ms]
      [Ref Enq: 0.0 ms]
      [Free CSet: 0.3 ms]
   [Eden: 200.0M(200.0M)->0.0B(214.0M) Survivors: 17.0M->6144.0K Heap: 440.2M(512.0M)->229.0M(512.0M)]
 [Times: user=0.00 sys=0.00, real=0.01 secs] 
2014-07-10T12:28:59.265+0200: 52.439: [GC pause (G1 Evacuation Pause) (young), 0.0147702 secs]
   [Parallel Time: 14.0 ms, GC Workers: 2]
      [GC Worker Start (ms): Min: 52438.9, Avg: 52438.9, Max: 52438.9, Diff: 0.0]
      [Ext Root Scanning (ms): Min: 0.3, Avg: 0.3, Max: 0.4, Diff: 0.0, Sum: 0.7]
      [Update RS (ms): Min: 0.1, Avg: 0.1, Max: 0.1, Diff: 0.0, Sum: 0.1]
         [Processed Buffers: Min: 1, Avg: 1.5, Max: 2, Diff: 1, Sum: 3]
      [Scan RS (ms): Min: 0.3, Avg: 0.3, Max: 0.3, Diff: 0.0, Sum: 0.7]
      [Code Root Scanning (ms): Min: 0.1, Avg: 0.1, Max: 0.1, Diff: 0.0, Sum: 0.3]
      [Object Copy (ms): Min: 13.0, Avg: 13.0, Max: 13.0, Diff: 0.0, Sum: 26.1]
      [Termination (ms): Min: 0.0, Avg: 0.0, Max: 0.0, Diff: 0.0, Sum: 0.0]
      [GC Worker Other (ms): Min: 0.0, Avg: 0.0, Max: 0.0, Diff: 0.0, Sum: 0.1]
      [GC Worker Total (ms): Min: 13.9, Avg: 13.9, Max: 14.0, Diff: 0.0, Sum: 27.9]
      [GC Worker End (ms): Min: 52452.9, Avg: 52452.9, Max: 52452.9, Diff: 0.0]
   [Code Root Fixup: 0.0 ms]
   [Code Root Migration: 0.1 ms]
   [Clear CT: 0.2 ms]
   [Other: 0.5 ms]
      [Choose CSet: 0.0 ms]
      [Ref Proc: 0.1 ms]
      [Ref Enq: 0.0 ms]
      [Free CSet: 0.3 ms]
   [Eden: 214.0M(214.0M)->0.0B(192.0M) Survivors: 6144.0K->22.0M Heap: 443.0M(512.0M)->244.8M(512.0M)]
 [Times: user=0.03 sys=0.00, real=0.01 secs] 
2014-07-10T12:28:59.464+0200: 52.637: [GC pause (G1 Evacuation Pause) (young), 0.0106901 secs]
   [Parallel Time: 9.9 ms, GC Workers: 2]
      [GC Worker Start (ms): Min: 52637.5, Avg: 52637.6, Max: 52637.6, Diff: 0.0]
      [Ext Root Scanning (ms): Min: 0.3, Avg: 0.3, Max: 0.3, Diff: 0.0, Sum: 0.6]
      [Update RS (ms): Min: 0.1, Avg: 0.1, Max: 0.1, Diff: 0.0, Sum: 0.1]
         [Processed Buffers: Min: 1, Avg: 1.5, Max: 2, Diff: 1, Sum: 3]
      [Scan RS (ms): Min: 0.3, Avg: 0.3, Max: 0.3, Diff: 0.0, Sum: 0.6]
      [Code Root Scanning (ms): Min: 0.1, Avg: 0.1, Max: 0.1, Diff: 0.0, Sum: 0.3]
      [Object Copy (ms): Min: 9.1, Avg: 9.1, Max: 9.1, Diff: 0.0, Sum: 18.1]
      [Termination (ms): Min: 0.0, Avg: 0.0, Max: 0.0, Diff: 0.0, Sum: 0.0]
      [GC Worker Other (ms): Min: 0.0, Avg: 0.0, Max: 0.0, Diff: 0.0, Sum: 0.1]
      [GC Worker Total (ms): Min: 9.9, Avg: 9.9, Max: 9.9, Diff: 0.0, Sum: 19.8]
      [GC Worker End (ms): Min: 52647.5, Avg: 52647.5, Max: 52647.5, Diff: 0.0]
   [Code Root Fixup: 0.0 ms]
   [Code Root Migration: 0.0 ms]
   [Clear CT: 0.1 ms]
   [Other: 0.5 ms]
      [Choose CSet: 0.0 ms]
      [Ref Proc: 0.1 ms]
      [Ref Enq: 0.0 ms]
      [Free CSet: 0.3 ms]
   [Eden: 192.0M(192.0M)->0.0B(203.0M) Survivors: 22.0M->15.0M Heap: 436.8M(512.0M)->238.6M(512.0M)]
 [Times: user=0.03 sys=0.00, real=0.01 secs] 
2014-07-10T12:28:59.659+0200: 52.832: [GC pause (G1 Evacuation Pause) (young), 0.0064607 secs]
   [Parallel Time: 5.7 ms, GC Workers: 2]
      [GC Worker Start (ms): Min: 52832.4, Avg: 52832.4, Max: 52832.5, Diff: 0.0]
      [Ext Root Scanning (ms): Min: 0.3, Avg: 0.3, Max: 0.3, Diff: 0.0, Sum: 0.7]
      [Update RS (ms): Min: 0.1, Avg: 0.1, Max: 0.1, Diff: 0.0, Sum: 0.1]
         [Processed Buffers: Min: 2, Avg: 2.0, Max: 2, Diff: 0, Sum: 4]
      [Scan RS (ms): Min: 0.4, Avg: 0.4, Max: 0.4, Diff: 0.0, Sum: 0.8]
      [Code Root Scanning (ms): Min: 0.1, Avg: 0.1, Max: 0.1, Diff: 0.0, Sum: 0.3]
      [Object Copy (ms): Min: 4.6, Avg: 4.7, Max: 4.7, Diff: 0.0, Sum: 9.3]
      [Termination (ms): Min: 0.0, Avg: 0.0, Max: 0.0, Diff: 0.0, Sum: 0.0]
      [GC Worker Other (ms): Min: 0.0, Avg: 0.0, Max: 0.0, Diff: 0.0, Sum: 0.1]
      [GC Worker Total (ms): Min: 5.6, Avg: 5.6, Max: 5.6, Diff: 0.0, Sum: 11.2]
      [GC Worker End (ms): Min: 52838.1, Avg: 52838.1, Max: 52838.1, Diff: 0.0]
   [Code Root Fixup: 0.0 ms]
   [Code Root Migration: 0.0 ms]
   [Clear CT: 0.1 ms]
   [Other: 0.6 ms]
      [Choose CSet: 0.0 ms]
      [Ref Proc: 0.1 ms]
      [Ref Enq: 0.0 ms]
      [Free CSet: 0.3 ms]
   [Eden: 203.0M(203.0M)->0.0B(212.0M) Survivors: 15.0M->8192.0K Heap: 441.6M(512.0M)->231.3M(512.0M)]
 [Times: user=0.01 sys=0.02, real=0.01 secs] 
2014-07-10T12:28:59.865+0200: 53.039: [GC pause (G1 Evacuation Pause) (young), 0.0148469 secs]
   [Parallel Time: 14.1 ms, GC Workers: 2]
      [GC Worker Start (ms): Min: 53039.0, Avg: 53039.0, Max: 53039.0, Diff: 0.0]
      [Ext Root Scanning (ms): Min: 0.3, Avg: 0.3, Max: 0.3, Diff: 0.0, Sum: 0.6]
      [Update RS (ms): Min: 0.1, Avg: 0.1, Max: 0.1, Diff: 0.0, Sum: 0.1]
         [Processed Buffers: Min: 1, Avg: 1.5, Max: 2, Diff: 1, Sum: 3]
      [Scan RS (ms): Min: 0.3, Avg: 0.3, Max: 0.3, Diff: 0.0, Sum: 0.6]
      [Code Root Scanning (ms): Min: 0.1, Avg: 0.1, Max: 0.1, Diff: 0.0, Sum: 0.3]
      [Object Copy (ms): Min: 13.2, Avg: 13.2, Max: 13.2, Diff: 0.0, Sum: 26.5]
      [Termination (ms): Min: 0.0, Avg: 0.0, Max: 0.0, Diff: 0.0, Sum: 0.0]
      [GC Worker Other (ms): Min: 0.0, Avg: 0.0, Max: 0.0, Diff: 0.0, Sum: 0.1]
      [GC Worker Total (ms): Min: 14.1, Avg: 14.1, Max: 14.1, Diff: 0.0, Sum: 28.2]
      [GC Worker End (ms): Min: 53053.0, Avg: 53053.0, Max: 53053.0, Diff: 0.0]
   [Code Root Fixup: 0.0 ms]
   [Code Root Migration: 0.1 ms]
   [Clear CT: 0.2 ms]
   [Other: 0.5 ms]
      [Choose CSet: 0.0 ms]
      [Ref Proc: 0.1 ms]
      [Ref Enq: 0.0 ms]
      [Free CSet: 0.3 ms]
   [Eden: 212.0M(212.0M)->0.0B(192.0M) Survivors: 8192.0K->22.0M Heap: 443.3M(512.0M)->245.2M(512.0M)]
 [Times: user=0.03 sys=0.00, real=0.02 secs] 
2014-07-10T12:29:00.057+0200: 53.230: [GC pause (G1 Evacuation Pause) (young), 0.0029627 secs]
   [Parallel Time: 2.2 ms, GC Workers: 2]
      [GC Worker Start (ms): Min: 53230.5, Avg: 53230.5, Max: 53230.5, Diff: 0.0]
      [Ext Root Scanning (ms): Min: 0.3, Avg: 0.3, Max: 0.3, Diff: 0.0, Sum: 0.5]
      [Update RS (ms): Min: 0.0, Avg: 0.0, Max: 0.1, Diff: 0.0, Sum: 0.1]
         [Processed Buffers: Min: 2, Avg: 2.0, Max: 2, Diff: 0, Sum: 4]
      [Scan RS (ms): Min: 0.3, Avg: 0.3, Max: 0.3, Diff: 0.0, Sum: 0.6]
      [Code Root Scanning (ms): Min: 0.1, Avg: 0.1, Max: 0.1, Diff: 0.0, Sum: 0.3]
      [Object Copy (ms): Min: 1.4, Avg: 1.4, Max: 1.4, Diff: 0.0, Sum: 2.7]
      [Termination (ms): Min: 0.0, Avg: 0.0, Max: 0.0, Diff: 0.0, Sum: 0.0]
      [GC Worker Other (ms): Min: 0.0, Avg: 0.0, Max: 0.0, Diff: 0.0, Sum: 0.1]
      [GC Worker Total (ms): Min: 2.1, Avg: 2.1, Max: 2.2, Diff: 0.0, Sum: 4.3]
      [GC Worker End (ms): Min: 53232.7, Avg: 53232.7, Max: 53232.7, Diff: 0.0]
   [Code Root Fixup: 0.0 ms]
   [Code Root Migration: 0.0 ms]
   [Clear CT: 0.2 ms]
   [Other: 0.5 ms]
      [Choose CSet: 0.0 ms]
      [Ref Proc: 0.1 ms]
      [Ref Enq: 0.0 ms]
      [Free CSet: 0.3 ms]
   [Eden: 192.0M(192.0M)->0.0B(216.0M) Survivors: 22.0M->4096.0K Heap: 437.2M(512.0M)->226.9M(512.0M)]
 [Times: user=0.00 sys=0.00, real=0.00 secs] 
2014-07-10T12:29:00.273+0200: 53.447: [GC pause (G1 Evacuation Pause) (young), 0.0174649 secs]
   [Parallel Time: 16.6 ms, GC Workers: 2]
      [GC Worker Start (ms): Min: 53446.7, Avg: 53446.8, Max: 53446.8, Diff: 0.0]
      [Ext Root Scanning (ms): Min: 0.6, Avg: 0.6, Max: 0.6, Diff: 0.0, Sum: 1.2]
      [Update RS (ms): Min: 0.1, Avg: 0.1, Max: 0.1, Diff: 0.0, Sum: 0.2]
         [Processed Buffers: Min: 1, Avg: 1.5, Max: 2, Diff: 1, Sum: 3]
      [Scan RS (ms): Min: 0.6, Avg: 0.6, Max: 0.6, Diff: 0.0, Sum: 1.2]
      [Code Root Scanning (ms): Min: 0.2, Avg: 0.2, Max: 0.2, Diff: 0.0, Sum: 0.4]
      [Object Copy (ms): Min: 14.9, Avg: 14.9, Max: 14.9, Diff: 0.0, Sum: 29.8]
      [Termination (ms): Min: 0.0, Avg: 0.0, Max: 0.0, Diff: 0.0, Sum: 0.0]
      [GC Worker Other (ms): Min: 0.0, Avg: 0.0, Max: 0.0, Diff: 0.0, Sum: 0.1]
      [GC Worker Total (ms): Min: 16.5, Avg: 16.5, Max: 16.5, Diff: 0.0, Sum: 33.0]
      [GC Worker End (ms): Min: 53463.2, Avg: 53463.3, Max: 53463.3, Diff: 0.0]
   [Code Root Fixup: 0.0 ms]
   [Code Root Migration: 0.0 ms]
   [Clear CT: 0.2 ms]
   [Other: 0.7 ms]
      [Choose CSet: 0.0 ms]
      [Ref Proc: 0.1 ms]
      [Ref Enq: 0.0 ms]
      [Free CSet: 0.4 ms]
   [Eden: 216.0M(216.0M)->0.0B(194.0M) Survivors: 4096.0K->21.0M Heap: 442.9M(512.0M)->244.7M(512.0M)]
 [Times: user=0.03 sys=0.00, real=0.02 secs] 
2014-07-10T12:29:00.466+0200: 53.640: [GC pause (G1 Evacuation Pause) (young), 0.0201959 secs]
   [Parallel Time: 18.6 ms, GC Workers: 2]
      [GC Worker Start (ms): Min: 53639.7, Avg: 53639.7, Max: 53639.7, Diff: 0.0]
      [Ext Root Scanning (ms): Min: 0.6, Avg: 0.6, Max: 0.6, Diff: 0.0, Sum: 1.2]
      [Update RS (ms): Min: 0.1, Avg: 0.1, Max: 0.1, Diff: 0.0, Sum: 0.3]
         [Processed Buffers: Min: 1, Avg: 1.5, Max: 2, Diff: 1, Sum: 3]
      [Scan RS (ms): Min: 0.6, Avg: 0.6, Max: 0.6, Diff: 0.0, Sum: 1.2]
      [Code Root Scanning (ms): Min: 0.2, Avg: 0.2, Max: 0.2, Diff: 0.0, Sum: 0.4]
      [Object Copy (ms): Min: 16.8, Avg: 16.8, Max: 16.9, Diff: 0.0, Sum: 33.7]
      [Termination (ms): Min: 0.0, Avg: 0.0, Max: 0.0, Diff: 0.0, Sum: 0.0]
      [GC Worker Other (ms): Min: 0.0, Avg: 0.0, Max: 0.0, Diff: 0.0, Sum: 0.1]
      [GC Worker Total (ms): Min: 18.4, Avg: 18.5, Max: 18.5, Diff: 0.0, Sum: 36.9]
      [GC Worker End (ms): Min: 53658.2, Avg: 53658.2, Max: 53658.2, Diff: 0.0]
   [Code Root Fixup: 0.0 ms]
   [Code Root Migration: 0.1 ms]
   [Clear CT: 0.3 ms]
   [Other: 1.2 ms]
      [Choose CSet: 0.0 ms]
      [Ref Proc: 0.2 ms]
      [Ref Enq: 0.1 ms]
      [Free CSet: 0.7 ms]
   [Eden: 194.0M(194.0M)->0.0B(200.0M) Survivors: 21.0M->17.0M Heap: 438.7M(512.0M)->240.6M(512.0M)]
 [Times: user=0.05 sys=0.00, real=0.02 secs] 
2014-07-10T12:29:00.660+0200: 53.834: [GC pause (G1 Evacuation Pause) (young), 0.0079220 secs]
   [Parallel Time: 7.2 ms, GC Workers: 2]
      [GC Worker Start (ms): Min: 53833.8, Avg: 53833.8, Max: 53833.9, Diff: 0.0]
      [Ext Root Scanning (ms): Min: 0.3, Avg: 0.3, Max: 0.3, Diff: 0.0, Sum: 0.6]
      [Update RS (ms): Min: 0.0, Avg: 0.0, Max: 0.0, Diff: 0.0, Sum: 0.1]
         [Processed Buffers: Min: 1, Avg: 2.0, Max: 3, Diff: 2, Sum: 4]
      [Scan RS (ms): Min: 0.3, Avg: 0.3, Max: 0.3, Diff: 0.0, Sum: 0.6]
      [Code Root Scanning (ms): Min: 0.1, Avg: 0.1, Max: 0.1, Diff: 0.0, Sum: 0.3]
      [Object Copy (ms): Min: 6.2, Avg: 6.2, Max: 6.2, Diff: 0.0, Sum: 12.5]
      [Termination (ms): Min: 0.0, Avg: 0.0, Max: 0.0, Diff: 0.0, Sum: 0.0]
      [GC Worker Other (ms): Min: 0.0, Avg: 0.0, Max: 0.0, Diff: 0.0, Sum: 0.1]
      [GC Worker Total (ms): Min: 7.1, Avg: 7.1, Max: 7.1, Diff: 0.0, Sum: 14.2]
      [GC Worker End (ms): Min: 53840.9, Avg: 53841.0, Max: 53841.0, Diff: 0.0]
   [Code Root Fixup: 0.0 ms]
   [Code Root Migration: 0.1 ms]
   [Clear CT: 0.2 ms]
   [Other: 0.5 ms]
      [Choose CSet: 0.0 ms]
      [Ref Proc: 0.0 ms]
      [Ref Enq: 0.0 ms]
      [Free CSet: 0.4 ms]
   [Eden: 200.0M(200.0M)->0.0B(208.0M) Survivors: 17.0M->11.0M Heap: 440.6M(512.0M)->234.4M(512.0M)]
 [Times: user=0.00 sys=0.00, real=0.01 secs] 
2014-07-10T12:29:00.865+0200: 54.038: [GC pause (G1 Evacuation Pause) (young), 0.0140051 secs]
   [Parallel Time: 13.1 ms, GC Workers: 2]
      [GC Worker Start (ms): Min: 54038.4, Avg: 54038.4, Max: 54038.4, Diff: 0.0]
      [Ext Root Scanning (ms): Min: 0.3, Avg: 0.3, Max: 0.3, Diff: 0.0, Sum: 0.6]
      [Update RS (ms): Min: 0.0, Avg: 0.0, Max: 0.1, Diff: 0.0, Sum: 0.1]
         [Processed Buffers: Min: 1, Avg: 1.5, Max: 2, Diff: 1, Sum: 3]
      [Scan RS (ms): Min: 0.3, Avg: 0.3, Max: 0.4, Diff: 0.0, Sum: 0.7]
      [Code Root Scanning (ms): Min: 0.1, Avg: 0.1, Max: 0.1, Diff: 0.0, Sum: 0.3]
      [Object Copy (ms): Min: 12.2, Avg: 12.2, Max: 12.2, Diff: 0.0, Sum: 24.5]
      [Termination (ms): Min: 0.0, Avg: 0.0, Max: 0.0, Diff: 0.0, Sum: 0.0]
      [GC Worker Other (ms): Min: 0.0, Avg: 0.0, Max: 0.0, Diff: 0.0, Sum: 0.1]
      [GC Worker Total (ms): Min: 13.1, Avg: 13.1, Max: 13.1, Diff: 0.0, Sum: 26.2]
      [GC Worker End (ms): Min: 54051.5, Avg: 54051.5, Max: 54051.5, Diff: 0.0]
   [Code Root Fixup: 0.0 ms]
   [Code Root Migration: 0.1 ms]
   [Clear CT: 0.1 ms]
   [Other: 0.7 ms]
      [Choose CSet: 0.0 ms]
      [Ref Proc: 0.3 ms]
      [Ref Enq: 0.0 ms]
      [Free CSet: 0.3 ms]
   [Eden: 208.0M(208.0M)->0.0B(194.0M) Survivors: 11.0M->21.0M Heap: 442.4M(512.0M)->244.2M(512.0M)]
 [Times: user=0.03 sys=0.00, real=0.01 secs] 
2014-07-10T12:29:01.047+0200: 54.220: [GC pause (G1 Evacuation Pause) (young), 0.0063221 secs]
   [Parallel Time: 5.5 ms, GC Workers: 2]
      [GC Worker Start (ms): Min: 54220.4, Avg: 54220.4, Max: 54220.5, Diff: 0.0]
      [Ext Root Scanning (ms): Min: 0.3, Avg: 0.3, Max: 0.3, Diff: 0.0, Sum: 0.7]
      [Update RS (ms): Min: 0.0, Avg: 0.1, Max: 0.1, Diff: 0.1, Sum: 0.2]
         [Processed Buffers: Min: 2, Avg: 2.0, Max: 2, Diff: 0, Sum: 4]
      [Scan RS (ms): Min: 0.3, Avg: 0.3, Max: 0.4, Diff: 0.0, Sum: 0.7]
      [Code Root Scanning (ms): Min: 0.1, Avg: 0.1, Max: 0.2, Diff: 0.0, Sum: 0.3]
      [Object Copy (ms): Min: 4.6, Avg: 4.6, Max: 4.6, Diff: 0.0, Sum: 9.1]
      [Termination (ms): Min: 0.0, Avg: 0.0, Max: 0.0, Diff: 0.0, Sum: 0.0]
      [GC Worker Other (ms): Min: 0.0, Avg: 0.0, Max: 0.0, Diff: 0.0, Sum: 0.1]
      [GC Worker Total (ms): Min: 5.5, Avg: 5.5, Max: 5.5, Diff: 0.0, Sum: 11.0]
      [GC Worker End (ms): Min: 54225.9, Avg: 54225.9, Max: 54225.9, Diff: 0.0]
   [Code Root Fixup: 0.0 ms]
   [Code Root Migration: 0.1 ms]
   [Clear CT: 0.2 ms]
   [Other: 0.6 ms]
      [Choose CSet: 0.0 ms]
      [Ref Proc: 0.1 ms]
      [Ref Enq: 0.0 ms]
      [Free CSet: 0.3 ms]
   [Eden: 194.0M(194.0M)->0.0B(212.0M) Survivors: 21.0M->7168.0K Heap: 438.2M(512.0M)->231.0M(512.0M)]
 [Times: user=0.02 sys=0.02, real=0.01 secs] 
2014-07-10T12:29:01.261+0200: 54.435: [GC pause (G1 Evacuation Pause) (young), 0.0092804 secs]
   [Parallel Time: 8.5 ms, GC Workers: 2]
      [GC Worker Start (ms): Min: 54435.0, Avg: 54435.0, Max: 54435.0, Diff: 0.0]
      [Ext Root Scanning (ms): Min: 0.3, Avg: 0.3, Max: 0.3, Diff: 0.0, Sum: 0.5]
      [Update RS (ms): Min: 0.0, Avg: 0.1, Max: 0.1, Diff: 0.0, Sum: 0.1]
         [Processed Buffers: Min: 1, Avg: 1.5, Max: 2, Diff: 1, Sum: 3]
      [Scan RS (ms): Min: 0.3, Avg: 0.3, Max: 0.3, Diff: 0.0, Sum: 0.6]
      [Code Root Scanning (ms): Min: 0.1, Avg: 0.1, Max: 0.1, Diff: 0.0, Sum: 0.3]
      [Object Copy (ms): Min: 7.7, Avg: 7.7, Max: 7.7, Diff: 0.0, Sum: 15.4]
      [Termination (ms): Min: 0.0, Avg: 0.0, Max: 0.0, Diff: 0.0, Sum: 0.0]
      [GC Worker Other (ms): Min: 0.0, Avg: 0.0, Max: 0.0, Diff: 0.0, Sum: 0.0]
      [GC Worker Total (ms): Min: 8.5, Avg: 8.5, Max: 8.5, Diff: 0.0, Sum: 17.0]
      [GC Worker End (ms): Min: 54443.5, Avg: 54443.5, Max: 54443.5, Diff: 0.0]
   [Code Root Fixup: 0.0 ms]
   [Code Root Migration: 0.1 ms]
   [Clear CT: 0.2 ms]
   [Other: 0.5 ms]
      [Choose CSet: 0.0 ms]
      [Ref Proc: 0.1 ms]
      [Ref Enq: 0.0 ms]
      [Free CSet: 0.3 ms]
   [Eden: 212.0M(212.0M)->0.0B(206.0M) Survivors: 7168.0K->13.0M Heap: 443.0M(512.0M)->236.7M(512.0M)]
 [Times: user=0.03 sys=0.00, real=0.01 secs] 
2014-07-10T12:29:01.465+0200: 54.638: [GC pause (G1 Evacuation Pause) (young), 0.0096320 secs]
   [Parallel Time: 8.8 ms, GC Workers: 2]
      [GC Worker Start (ms): Min: 54638.4, Avg: 54638.4, Max: 54638.5, Diff: 0.0]
      [Ext Root Scanning (ms): Min: 0.3, Avg: 0.3, Max: 0.3, Diff: 0.0, Sum: 0.6]
      [Update RS (ms): Min: 0.1, Avg: 0.1, Max: 0.1, Diff: 0.0, Sum: 0.2]
         [Processed Buffers: Min: 1, Avg: 1.5, Max: 2, Diff: 1, Sum: 3]
      [Scan RS (ms): Min: 0.3, Avg: 0.3, Max: 0.3, Diff: 0.0, Sum: 0.6]
      [Code Root Scanning (ms): Min: 0.1, Avg: 0.1, Max: 0.1, Diff: 0.0, Sum: 0.3]
      [Object Copy (ms): Min: 7.9, Avg: 7.9, Max: 7.9, Diff: 0.0, Sum: 15.8]
      [Termination (ms): Min: 0.0, Avg: 0.0, Max: 0.0, Diff: 0.0, Sum: 0.0]
      [GC Worker Other (ms): Min: 0.0, Avg: 0.0, Max: 0.1, Diff: 0.0, Sum: 0.1]
      [GC Worker Total (ms): Min: 8.8, Avg: 8.8, Max: 8.8, Diff: 0.0, Sum: 17.5]
      [GC Worker End (ms): Min: 54647.2, Avg: 54647.2, Max: 54647.2, Diff: 0.0]
   [Code Root Fixup: 0.0 ms]
   [Code Root Migration: 0.1 ms]
   [Clear CT: 0.1 ms]
   [Other: 0.6 ms]
      [Choose CSet: 0.0 ms]
      [Ref Proc: 0.1 ms]
      [Ref Enq: 0.0 ms]
      [Free CSet: 0.4 ms]
   [Eden: 206.0M(206.0M)->0.0B(207.0M) Survivors: 13.0M->13.0M Heap: 442.7M(512.0M)->236.5M(512.0M)]
 [Times: user=0.03 sys=0.00, real=0.01 secs] 
2014-07-10T12:29:01.666+0200: 54.839: [GC pause (G1 Evacuation Pause) (young), 0.0148593 secs]
   [Parallel Time: 14.1 ms, GC Workers: 2]
      [GC Worker Start (ms): Min: 54839.2, Avg: 54839.2, Max: 54839.2, Diff: 0.0]
      [Ext Root Scanning (ms): Min: 0.3, Avg: 0.3, Max: 0.3, Diff: 0.0, Sum: 0.7]
      [Update RS (ms): Min: 0.0, Avg: 0.1, Max: 0.1, Diff: 0.0, Sum: 0.1]
         [Processed Buffers: Min: 1, Avg: 1.5, Max: 2, Diff: 1, Sum: 3]
      [Scan RS (ms): Min: 0.3, Avg: 0.3, Max: 0.3, Diff: 0.0, Sum: 0.7]
      [Code Root Scanning (ms): Min: 0.1, Avg: 0.1, Max: 0.1, Diff: 0.0, Sum: 0.3]
      [Object Copy (ms): Min: 13.2, Avg: 13.2, Max: 13.2, Diff: 0.0, Sum: 26.3]
      [Termination (ms): Min: 0.0, Avg: 0.0, Max: 0.0, Diff: 0.0, Sum: 0.0]
      [GC Worker Other (ms): Min: 0.0, Avg: 0.0, Max: 0.0, Diff: 0.0, Sum: 0.1]
      [GC Worker Total (ms): Min: 14.1, Avg: 14.1, Max: 14.1, Diff: 0.0, Sum: 28.1]
      [GC Worker End (ms): Min: 54853.3, Avg: 54853.3, Max: 54853.3, Diff: 0.0]
   [Code Root Fixup: 0.0 ms]
   [Code Root Migration: 0.1 ms]
   [Clear CT: 0.2 ms]
   [Other: 0.5 ms]
      [Choose CSet: 0.0 ms]
      [Ref Proc: 0.1 ms]
      [Ref Enq: 0.0 ms]
      [Free CSet: 0.3 ms]
   [Eden: 207.0M(207.0M)->0.0B(191.0M) Survivors: 13.0M->22.0M Heap: 443.5M(512.0M)->245.4M(512.0M)]
 [Times: user=0.03 sys=0.00, real=0.02 secs] 
2014-07-10T12:29:01.862+0200: 55.036: [GC pause (G1 Evacuation Pause) (young), 0.0102857 secs]
   [Parallel Time: 9.6 ms, GC Workers: 2]
      [GC Worker Start (ms): Min: 55036.0, Avg: 55036.0, Max: 55036.0, Diff: 0.0]
      [Ext Root Scanning (ms): Min: 0.3, Avg: 0.3, Max: 0.3, Diff: 0.0, Sum: 0.6]
      [Update RS (ms): Min: 0.0, Avg: 0.1, Max: 0.1, Diff: 0.0, Sum: 0.1]
         [Processed Buffers: Min: 1, Avg: 1.5, Max: 2, Diff: 1, Sum: 3]
      [Scan RS (ms): Min: 0.3, Avg: 0.3, Max: 0.3, Diff: 0.0, Sum: 0.6]
      [Code Root Scanning (ms): Min: 0.1, Avg: 0.1, Max: 0.1, Diff: 0.0, Sum: 0.3]
      [Object Copy (ms): Min: 8.7, Avg: 8.8, Max: 8.8, Diff: 0.0, Sum: 17.5]
      [Termination (ms): Min: 0.0, Avg: 0.0, Max: 0.0, Diff: 0.0, Sum: 0.0]
      [GC Worker Other (ms): Min: 0.0, Avg: 0.0, Max: 0.1, Diff: 0.0, Sum: 0.1]
      [GC Worker Total (ms): Min: 9.6, Avg: 9.6, Max: 9.6, Diff: 0.0, Sum: 19.2]
      [GC Worker End (ms): Min: 55045.5, Avg: 55045.6, Max: 55045.6, Diff: 0.0]
   [Code Root Fixup: 0.0 ms]
   [Code Root Migration: 0.1 ms]
   [Clear CT: 0.1 ms]
   [Other: 0.4 ms]
      [Choose CSet: 0.0 ms]
      [Ref Proc: 0.1 ms]
      [Ref Enq: 0.0 ms]
      [Free CSet: 0.3 ms]
   [Eden: 191.0M(191.0M)->0.0B(202.0M) Survivors: 22.0M->15.0M Heap: 436.4M(512.0M)->238.2M(512.0M)]
 [Times: user=0.00 sys=0.00, real=0.01 secs] 
2014-07-10T12:29:02.057+0200: 55.231: [GC pause (G1 Evacuation Pause) (young), 0.0052526 secs]
   [Parallel Time: 4.5 ms, GC Workers: 2]
      [GC Worker Start (ms): Min: 55231.2, Avg: 55231.2, Max: 55231.2, Diff: 0.0]
      [Ext Root Scanning (ms): Min: 0.3, Avg: 0.3, Max: 0.3, Diff: 0.0, Sum: 0.6]
      [Update RS (ms): Min: 0.0, Avg: 0.1, Max: 0.1, Diff: 0.0, Sum: 0.1]
         [Processed Buffers: Min: 1, Avg: 1.5, Max: 2, Diff: 1, Sum: 3]
      [Scan RS (ms): Min: 0.3, Avg: 0.3, Max: 0.3, Diff: 0.0, Sum: 0.6]
      [Code Root Scanning (ms): Min: 0.1, Avg: 0.1, Max: 0.1, Diff: 0.0, Sum: 0.3]
      [Object Copy (ms): Min: 3.6, Avg: 3.6, Max: 3.6, Diff: 0.0, Sum: 7.2]
      [Termination (ms): Min: 0.0, Avg: 0.0, Max: 0.0, Diff: 0.0, Sum: 0.0]
      [GC Worker Other (ms): Min: 0.0, Avg: 0.0, Max: 0.0, Diff: 0.0, Sum: 0.1]
      [GC Worker Total (ms): Min: 4.5, Avg: 4.5, Max: 4.5, Diff: 0.0, Sum: 8.9]
      [GC Worker End (ms): Min: 55235.6, Avg: 55235.6, Max: 55235.6, Diff: 0.0]
   [Code Root Fixup: 0.0 ms]
   [Code Root Migration: 0.1 ms]
   [Clear CT: 0.2 ms]
   [Other: 0.5 ms]
      [Choose CSet: 0.0 ms]
      [Ref Proc: 0.1 ms]
      [Ref Enq: 0.0 ms]
      [Free CSet: 0.4 ms]
   [Eden: 202.0M(202.0M)->0.0B(214.0M) Survivors: 15.0M->6144.0K Heap: 440.2M(512.0M)->229.9M(512.0M)]
 [Times: user=0.03 sys=0.00, real=0.01 secs] 
2014-07-10T12:29:02.265+0200: 55.438: [GC pause (G1 Evacuation Pause) (young), 0.0153022 secs]
   [Parallel Time: 14.4 ms, GC Workers: 2]
      [GC Worker Start (ms): Min: 55438.6, Avg: 55438.6, Max: 55438.6, Diff: 0.0]
      [Ext Root Scanning (ms): Min: 0.3, Avg: 0.3, Max: 0.4, Diff: 0.0, Sum: 0.7]
      [Update RS (ms): Min: 0.0, Avg: 0.0, Max: 0.0, Diff: 0.0, Sum: 0.1]
         [Processed Buffers: Min: 1, Avg: 1.5, Max: 2, Diff: 1, Sum: 3]
      [Scan RS (ms): Min: 0.5, Avg: 0.5, Max: 0.6, Diff: 0.1, Sum: 1.0]
      [Code Root Scanning (ms): Min: 0.1, Avg: 0.1, Max: 0.2, Diff: 0.1, Sum: 0.3]
      [Object Copy (ms): Min: 13.3, Avg: 13.3, Max: 13.3, Diff: 0.0, Sum: 26.6]
      [Termination (ms): Min: 0.0, Avg: 0.0, Max: 0.0, Diff: 0.0, Sum: 0.0]
      [GC Worker Other (ms): Min: 0.0, Avg: 0.0, Max: 0.0, Diff: 0.0, Sum: 0.1]
      [GC Worker Total (ms): Min: 14.4, Avg: 14.4, Max: 14.4, Diff: 0.0, Sum: 28.8]
      [GC Worker End (ms): Min: 55453.0, Avg: 55453.0, Max: 55453.0, Diff: 0.0]
   [Code Root Fixup: 0.0 ms]
   [Code Root Migration: 0.1 ms]
   [Clear CT: 0.3 ms]
   [Other: 0.5 ms]
      [Choose CSet: 0.0 ms]
      [Ref Proc: 0.1 ms]
      [Ref Enq: 0.0 ms]
      [Free CSet: 0.3 ms]
   [Eden: 214.0M(214.0M)->0.0B(191.0M) Survivors: 6144.0K->22.0M Heap: 443.9M(512.0M)->245.7M(512.0M)]
 [Times: user=0.00 sys=0.00, real=0.01 secs] 
2014-07-10T12:29:02.462+0200: 55.635: [GC pause (G1 Evacuation Pause) (young), 0.0106134 secs]
   [Parallel Time: 9.8 ms, GC Workers: 2]
      [GC Worker Start (ms): Min: 55635.5, Avg: 55635.5, Max: 55635.5, Diff: 0.0]
      [Ext Root Scanning (ms): Min: 0.3, Avg: 0.3, Max: 0.3, Diff: 0.0, Sum: 0.6]
      [Update RS (ms): Min: 0.1, Avg: 0.1, Max: 0.1, Diff: 0.0, Sum: 0.1]
         [Processed Buffers: Min: 1, Avg: 1.5, Max: 2, Diff: 1, Sum: 3]
      [Scan RS (ms): Min: 0.3, Avg: 0.3, Max: 0.3, Diff: 0.0, Sum: 0.6]
      [Code Root Scanning (ms): Min: 0.1, Avg: 0.1, Max: 0.1, Diff: 0.0, Sum: 0.3]
      [Object Copy (ms): Min: 8.9, Avg: 8.9, Max: 8.9, Diff: 0.0, Sum: 17.8]
      [Termination (ms): Min: 0.0, Avg: 0.0, Max: 0.0, Diff: 0.0, Sum: 0.0]
      [GC Worker Other (ms): Min: 0.0, Avg: 0.0, Max: 0.0, Diff: 0.0, Sum: 0.1]
      [GC Worker Total (ms): Min: 9.8, Avg: 9.8, Max: 9.8, Diff: 0.0, Sum: 19.6]
      [GC Worker End (ms): Min: 55645.3, Avg: 55645.3, Max: 55645.3, Diff: 0.0]
   [Code Root Fixup: 0.0 ms]
   [Code Root Migration: 0.0 ms]
   [Clear CT: 0.1 ms]
   [Other: 0.6 ms]
      [Choose CSet: 0.0 ms]
      [Ref Proc: 0.2 ms]
      [Ref Enq: 0.0 ms]
      [Free CSet: 0.3 ms]
   [Eden: 191.0M(191.0M)->0.0B(202.0M) Survivors: 22.0M->15.0M Heap: 436.7M(512.0M)->238.6M(512.0M)]
 [Times: user=0.03 sys=0.00, real=0.01 secs] 
2014-07-10T12:29:02.658+0200: 55.832: [GC pause (G1 Evacuation Pause) (young), 0.0054759 secs]
   [Parallel Time: 4.7 ms, GC Workers: 2]
      [GC Worker Start (ms): Min: 55831.7, Avg: 55831.7, Max: 55831.7, Diff: 0.0]
      [Ext Root Scanning (ms): Min: 0.3, Avg: 0.3, Max: 0.3, Diff: 0.0, Sum: 0.6]
      [Update RS (ms): Min: 0.0, Avg: 0.1, Max: 0.1, Diff: 0.0, Sum: 0.1]
         [Processed Buffers: Min: 2, Avg: 2.0, Max: 2, Diff: 0, Sum: 4]
      [Scan RS (ms): Min: 0.3, Avg: 0.3, Max: 0.3, Diff: 0.0, Sum: 0.6]
      [Code Root Scanning (ms): Min: 0.1, Avg: 0.1, Max: 0.1, Diff: 0.0, Sum: 0.3]
      [Object Copy (ms): Min: 3.8, Avg: 3.8, Max: 3.8, Diff: 0.0, Sum: 7.6]
      [Termination (ms): Min: 0.0, Avg: 0.0, Max: 0.0, Diff: 0.0, Sum: 0.0]
      [GC Worker Other (ms): Min: 0.0, Avg: 0.0, Max: 0.0, Diff: 0.0, Sum: 0.1]
      [GC Worker Total (ms): Min: 4.6, Avg: 4.7, Max: 4.7, Diff: 0.0, Sum: 9.3]
      [GC Worker End (ms): Min: 55836.3, Avg: 55836.3, Max: 55836.3, Diff: 0.0]
   [Code Root Fixup: 0.0 ms]
   [Code Root Migration: 0.1 ms]
   [Clear CT: 0.2 ms]
   [Other: 0.6 ms]
      [Choose CSet: 0.0 ms]
      [Ref Proc: 0.1 ms]
      [Ref Enq: 0.0 ms]
      [Free CSet: 0.3 ms]
   [Eden: 202.0M(202.0M)->0.0B(213.0M) Survivors: 15.0M->7168.0K Heap: 440.6M(512.0M)->230.3M(512.0M)]
 [Times: user=0.00 sys=0.00, real=0.01 secs] 
2014-07-10T12:29:02.869+0200: 56.043: [GC pause (G1 Evacuation Pause) (young), 0.0230043 secs]
   [Parallel Time: 22.1 ms, GC Workers: 2]
      [GC Worker Start (ms): Min: 56042.9, Avg: 56043.0, Max: 56043.0, Diff: 0.0]
      [Ext Root Scanning (ms): Min: 0.6, Avg: 0.6, Max: 0.7, Diff: 0.0, Sum: 1.3]
      [Update RS (ms): Min: 0.1, Avg: 0.1, Max: 0.1, Diff: 0.0, Sum: 0.2]
         [Processed Buffers: Min: 1, Avg: 1.5, Max: 2, Diff: 1, Sum: 3]
      [Scan RS (ms): Min: 0.6, Avg: 0.6, Max: 0.7, Diff: 0.1, Sum: 1.2]
      [Code Root Scanning (ms): Min: 0.2, Avg: 0.2, Max: 0.3, Diff: 0.1, Sum: 0.5]
      [Object Copy (ms): Min: 20.4, Avg: 20.4, Max: 20.4, Diff: 0.0, Sum: 40.8]
      [Termination (ms): Min: 0.0, Avg: 0.0, Max: 0.0, Diff: 0.0, Sum: 0.0]
      [GC Worker Other (ms): Min: 0.0, Avg: 0.0, Max: 0.0, Diff: 0.0, Sum: 0.1]
      [GC Worker Total (ms): Min: 22.0, Avg: 22.0, Max: 22.0, Diff: 0.0, Sum: 44.0]
      [GC Worker End (ms): Min: 56065.0, Avg: 56065.0, Max: 56065.0, Diff: 0.0]
   [Code Root Fixup: 0.0 ms]
   [Code Root Migration: 0.1 ms]
   [Clear CT: 0.2 ms]
   [Other: 0.7 ms]
      [Choose CSet: 0.0 ms]
      [Ref Proc: 0.1 ms]
      [Ref Enq: 0.0 ms]
      [Free CSet: 0.4 ms]
   [Eden: 213.0M(213.0M)->0.0B(193.0M) Survivors: 7168.0K->21.0M Heap: 443.3M(512.0M)->245.1M(512.0M)]
 [Times: user=0.05 sys=0.00, real=0.02 secs] 
2014-07-10T12:29:03.056+0200: 56.230: [GC pause (G1 Evacuation Pause) (young), 0.0024377 secs]
   [Parallel Time: 1.8 ms, GC Workers: 2]
      [GC Worker Start (ms): Min: 56230.2, Avg: 56230.2, Max: 56230.2, Diff: 0.0]
      [Ext Root Scanning (ms): Min: 0.2, Avg: 0.3, Max: 0.3, Diff: 0.1, Sum: 0.5]
      [Update RS (ms): Min: 0.0, Avg: 0.1, Max: 0.2, Diff: 0.1, Sum: 0.2]
         [Processed Buffers: Min: 2, Avg: 2.0, Max: 2, Diff: 0, Sum: 4]
      [Scan RS (ms): Min: 0.3, Avg: 0.3, Max: 0.3, Diff: 0.0, Sum: 0.6]
      [Code Root Scanning (ms): Min: 0.1, Avg: 0.1, Max: 0.1, Diff: 0.0, Sum: 0.3]
      [Object Copy (ms): Min: 1.0, Avg: 1.0, Max: 1.0, Diff: 0.0, Sum: 1.9]
      [Termination (ms): Min: 0.0, Avg: 0.0, Max: 0.0, Diff: 0.0, Sum: 0.0]
      [GC Worker Other (ms): Min: 0.0, Avg: 0.0, Max: 0.0, Diff: 0.0, Sum: 0.0]
      [GC Worker Total (ms): Min: 1.8, Avg: 1.8, Max: 1.8, Diff: 0.0, Sum: 3.5]
      [GC Worker End (ms): Min: 56232.0, Avg: 56232.0, Max: 56232.0, Diff: 0.0]
   [Code Root Fixup: 0.0 ms]
   [Code Root Migration: 0.0 ms]
   [Clear CT: 0.2 ms]
   [Other: 0.4 ms]
      [Choose CSet: 0.0 ms]
      [Ref Proc: 0.0 ms]
      [Ref Enq: 0.0 ms]
      [Free CSet: 0.3 ms]
   [Eden: 193.0M(193.0M)->0.0B(217.0M) Survivors: 21.0M->3072.0K Heap: 438.1M(512.0M)->226.8M(512.0M)]
 [Times: user=0.00 sys=0.00, real=0.00 secs] 
2014-07-10T12:29:03.265+0200: 56.439: [GC pause (G1 Evacuation Pause) (young), 0.0149778 secs]
   [Parallel Time: 14.1 ms, GC Workers: 2]
      [GC Worker Start (ms): Min: 56438.6, Avg: 56438.6, Max: 56438.6, Diff: 0.0]
      [Ext Root Scanning (ms): Min: 0.3, Avg: 0.3, Max: 0.3, Diff: 0.0, Sum: 0.7]
      [Update RS (ms): Min: 0.1, Avg: 0.1, Max: 0.1, Diff: 0.0, Sum: 0.2]
         [Processed Buffers: Min: 1, Avg: 1.5, Max: 2, Diff: 1, Sum: 3]
      [Scan RS (ms): Min: 0.3, Avg: 0.3, Max: 0.3, Diff: 0.0, Sum: 0.7]
      [Code Root Scanning (ms): Min: 0.1, Avg: 0.1, Max: 0.1, Diff: 0.0, Sum: 0.3]
      [Object Copy (ms): Min: 13.1, Avg: 13.1, Max: 13.2, Diff: 0.0, Sum: 26.3]
      [Termination (ms): Min: 0.0, Avg: 0.0, Max: 0.0, Diff: 0.0, Sum: 0.0]
      [GC Worker Other (ms): Min: 0.0, Avg: 0.0, Max: 0.0, Diff: 0.0, Sum: 0.1]
      [GC Worker Total (ms): Min: 14.1, Avg: 14.1, Max: 14.1, Diff: 0.0, Sum: 28.1]
      [GC Worker End (ms): Min: 56452.7, Avg: 56452.7, Max: 56452.7, Diff: 0.0]
   [Code Root Fixup: 0.0 ms]
   [Code Root Migration: 0.0 ms]
   [Clear CT: 0.2 ms]
   [Other: 0.7 ms]
      [Choose CSet: 0.0 ms]
      [Ref Proc: 0.2 ms]
      [Ref Enq: 0.0 ms]
      [Free CSet: 0.4 ms]
   [Eden: 217.0M(217.0M)->0.0B(191.0M) Survivors: 3072.0K->22.0M Heap: 443.8M(512.0M)->245.7M(512.0M)]
 [Times: user=0.03 sys=0.00, real=0.01 secs] 
2014-07-10T12:29:03.462+0200: 56.635: [GC pause (G1 Evacuation Pause) (young), 0.0105903 secs]
   [Parallel Time: 9.7 ms, GC Workers: 2]
      [GC Worker Start (ms): Min: 56635.4, Avg: 56635.4, Max: 56635.4, Diff: 0.0]
      [Ext Root Scanning (ms): Min: 0.3, Avg: 0.3, Max: 0.3, Diff: 0.0, Sum: 0.6]
      [Update RS (ms): Min: 0.1, Avg: 0.1, Max: 0.1, Diff: 0.0, Sum: 0.1]
         [Processed Buffers: Min: 1, Avg: 1.5, Max: 2, Diff: 1, Sum: 3]
      [Scan RS (ms): Min: 0.3, Avg: 0.3, Max: 0.3, Diff: 0.0, Sum: 0.6]
      [Code Root Scanning (ms): Min: 0.1, Avg: 0.1, Max: 0.1, Diff: 0.0, Sum: 0.3]
      [Object Copy (ms): Min: 8.8, Avg: 8.8, Max: 8.8, Diff: 0.0, Sum: 17.7]
      [Termination (ms): Min: 0.0, Avg: 0.0, Max: 0.0, Diff: 0.0, Sum: 0.0]
      [GC Worker Other (ms): Min: 0.0, Avg: 0.0, Max: 0.0, Diff: 0.0, Sum: 0.1]
      [GC Worker Total (ms): Min: 9.7, Avg: 9.7, Max: 9.7, Diff: 0.0, Sum: 19.3]
      [GC Worker End (ms): Min: 56645.0, Avg: 56645.0, Max: 56645.0, Diff: 0.0]
   [Code Root Fixup: 0.0 ms]
   [Code Root Migration: 0.1 ms]
   [Clear CT: 0.1 ms]
   [Other: 0.7 ms]
      [Choose CSet: 0.0 ms]
      [Ref Proc: 0.2 ms]
      [Ref Enq: 0.0 ms]
      [Free CSet: 0.3 ms]
   [Eden: 191.0M(191.0M)->0.0B(202.0M) Survivors: 22.0M->15.0M Heap: 436.7M(512.0M)->238.5M(512.0M)]
 [Times: user=0.03 sys=0.00, real=0.01 secs] 
2014-07-10T12:29:03.660+0200: 56.833: [GC pause (G1 Evacuation Pause) (young), 0.0079158 secs]
   [Parallel Time: 7.1 ms, GC Workers: 2]
      [GC Worker Start (ms): Min: 56833.5, Avg: 56833.5, Max: 56833.5, Diff: 0.0]
      [Ext Root Scanning (ms): Min: 0.3, Avg: 0.3, Max: 0.3, Diff: 0.0, Sum: 0.7]
      [Update RS (ms): Min: 0.1, Avg: 0.1, Max: 0.1, Diff: 0.0, Sum: 0.1]
         [Processed Buffers: Min: 1, Avg: 1.5, Max: 2, Diff: 1, Sum: 3]
      [Scan RS (ms): Min: 0.3, Avg: 0.3, Max: 0.3, Diff: 0.0, Sum: 0.7]
      [Code Root Scanning (ms): Min: 0.1, Avg: 0.1, Max: 0.2, Diff: 0.0, Sum: 0.3]
      [Object Copy (ms): Min: 6.1, Avg: 6.2, Max: 6.2, Diff: 0.0, Sum: 12.3]
      [Termination (ms): Min: 0.0, Avg: 0.0, Max: 0.0, Diff: 0.0, Sum: 0.0]
      [GC Worker Other (ms): Min: 0.0, Avg: 0.0, Max: 0.0, Diff: 0.0, Sum: 0.1]
      [GC Worker Total (ms): Min: 7.1, Avg: 7.1, Max: 7.1, Diff: 0.0, Sum: 14.1]
      [GC Worker End (ms): Min: 56840.5, Avg: 56840.5, Max: 56840.5, Diff: 0.0]
   [Code Root Fixup: 0.0 ms]
   [Code Root Migration: 0.1 ms]
   [Clear CT: 0.2 ms]
   [Other: 0.5 ms]
      [Choose CSet: 0.0 ms]
      [Ref Proc: 0.1 ms]
      [Ref Enq: 0.0 ms]
      [Free CSet: 0.3 ms]
   [Eden: 202.0M(202.0M)->0.0B(209.0M) Survivors: 15.0M->10.0M Heap: 440.5M(512.0M)->234.3M(512.0M)]
 [Times: user=0.00 sys=0.00, real=0.01 secs] 
2014-07-10T12:29:03.864+0200: 57.038: [GC pause (G1 Evacuation Pause) (young), 0.0150661 secs]
   [Parallel Time: 13.8 ms, GC Workers: 2]
      [GC Worker Start (ms): Min: 57037.7, Avg: 57037.7, Max: 57037.7, Diff: 0.0]
      [Ext Root Scanning (ms): Min: 0.3, Avg: 0.3, Max: 0.3, Diff: 0.0, Sum: 0.7]
      [Update RS (ms): Min: 0.0, Avg: 0.0, Max: 0.1, Diff: 0.0, Sum: 0.1]
         [Processed Buffers: Min: 1, Avg: 1.0, Max: 1, Diff: 0, Sum: 2]
      [Scan RS (ms): Min: 0.4, Avg: 0.4, Max: 0.4, Diff: 0.0, Sum: 0.8]
      [Code Root Scanning (ms): Min: 0.1, Avg: 0.1, Max: 0.2, Diff: 0.0, Sum: 0.3]
      [Object Copy (ms): Min: 12.8, Avg: 12.8, Max: 12.8, Diff: 0.0, Sum: 25.7]
      [Termination (ms): Min: 0.0, Avg: 0.0, Max: 0.0, Diff: 0.0, Sum: 0.0]
      [GC Worker Other (ms): Min: 0.0, Avg: 0.0, Max: 0.0, Diff: 0.0, Sum: 0.1]
      [GC Worker Total (ms): Min: 13.8, Avg: 13.8, Max: 13.8, Diff: 0.0, Sum: 27.6]
      [GC Worker End (ms): Min: 57051.5, Avg: 57051.5, Max: 57051.5, Diff: 0.0]
   [Code Root Fixup: 0.0 ms]
   [Code Root Migration: 0.1 ms]
   [Clear CT: 0.2 ms]
   [Other: 0.9 ms]
      [Choose CSet: 0.0 ms]
      [Ref Proc: 0.5 ms]
      [Ref Enq: 0.0 ms]
      [Free CSet: 0.3 ms]
   [Eden: 209.0M(209.0M)->0.0B(193.0M) Survivors: 10.0M->21.0M Heap: 443.3M(512.0M)->245.1M(512.0M)]
 [Times: user=0.03 sys=0.00, real=0.01 secs] 
2014-07-10T12:29:04.057+0200: 57.230: [GC pause (G1 Evacuation Pause) (young), 0.0420054 secs]
   [Parallel Time: 41.2 ms, GC Workers: 2]
      [GC Worker Start (ms): Min: 57230.3, Avg: 57230.3, Max: 57230.3, Diff: 0.0]
      [Ext Root Scanning (ms): Min: 0.3, Avg: 0.3, Max: 0.3, Diff: 0.0, Sum: 0.7]
      [Update RS (ms): Min: 0.1, Avg: 0.1, Max: 0.1, Diff: 0.0, Sum: 0.2]
         [Processed Buffers: Min: 1, Avg: 1.5, Max: 2, Diff: 1, Sum: 3]
      [Scan RS (ms): Min: 0.3, Avg: 0.4, Max: 0.5, Diff: 0.2, Sum: 0.8]
      [Code Root Scanning (ms): Min: 0.2, Avg: 0.3, Max: 0.4, Diff: 0.2, Sum: 0.5]
      [Object Copy (ms): Min: 40.1, Avg: 40.1, Max: 40.1, Diff: 0.0, Sum: 80.2]
      [Termination (ms): Min: 0.0, Avg: 0.0, Max: 0.0, Diff: 0.0, Sum: 0.0]
      [GC Worker Other (ms): Min: 0.0, Avg: 0.0, Max: 0.0, Diff: 0.0, Sum: 0.1]
      [GC Worker Total (ms): Min: 41.2, Avg: 41.2, Max: 41.2, Diff: 0.0, Sum: 82.4]
      [GC Worker End (ms): Min: 57271.5, Avg: 57271.5, Max: 57271.5, Diff: 0.0]
   [Code Root Fixup: 0.0 ms]
   [Code Root Migration: 0.1 ms]
   [Clear CT: 0.2 ms]
   [Other: 0.6 ms]
      [Choose CSet: 0.0 ms]
      [Ref Proc: 0.1 ms]
      [Ref Enq: 0.0 ms]
      [Free CSet: 0.3 ms]
   [Eden: 193.0M(193.0M)->0.0B(87.0M) Survivors: 21.0M->27.0M Heap: 438.1M(512.0M)->289.8M(512.0M)]
 [Times: user=0.09 sys=0.00, real=0.04 secs] 
2014-07-10T12:29:04.165+0200: 57.338: [GC pause (G1 Evacuation Pause) (young) (initial-mark), 0.0140946 secs]
   [Parallel Time: 13.5 ms, GC Workers: 2]
      [GC Worker Start (ms): Min: 57338.1, Avg: 57338.1, Max: 57338.1, Diff: 0.0]
      [Ext Root Scanning (ms): Min: 0.4, Avg: 0.4, Max: 0.4, Diff: 0.0, Sum: 0.8]
      [Code Root Marking (ms): Min: 0.1, Avg: 0.1, Max: 0.1, Diff: 0.0, Sum: 0.1]
      [Update RS (ms): Min: 0.0, Avg: 0.0, Max: 0.0, Diff: 0.0, Sum: 0.1]
         [Processed Buffers: Min: 1, Avg: 1.5, Max: 2, Diff: 1, Sum: 3]
      [Scan RS (ms): Min: 0.2, Avg: 0.2, Max: 0.2, Diff: 0.0, Sum: 0.3]
      [Code Root Scanning (ms): Min: 0.1, Avg: 0.1, Max: 0.1, Diff: 0.0, Sum: 0.1]
      [Object Copy (ms): Min: 12.6, Avg: 12.6, Max: 12.6, Diff: 0.0, Sum: 25.3]
      [Termination (ms): Min: 0.0, Avg: 0.0, Max: 0.0, Diff: 0.0, Sum: 0.0]
      [GC Worker Other (ms): Min: 0.0, Avg: 0.0, Max: 0.0, Diff: 0.0, Sum: 0.1]
      [GC Worker Total (ms): Min: 13.4, Avg: 13.4, Max: 13.4, Diff: 0.0, Sum: 26.9]
      [GC Worker End (ms): Min: 57351.5, Avg: 57351.5, Max: 57351.5, Diff: 0.0]
   [Code Root Fixup: 0.0 ms]
   [Code Root Migration: 0.0 ms]
   [Clear CT: 0.1 ms]
   [Other: 0.5 ms]
      [Choose CSet: 0.0 ms]
      [Ref Proc: 0.0 ms]
      [Ref Enq: 0.0 ms]
      [Free CSet: 0.2 ms]
   [Eden: 87.0M(87.0M)->0.0B(96.0M) Survivors: 27.0M->15.0M Heap: 376.8M(512.0M)->283.1M(512.0M)]
 [Times: user=0.03 sys=0.00, real=0.01 secs] 
2014-07-10T12:29:04.179+0200: 57.352: [GC concurrent-root-region-scan-start]
2014-07-10T12:29:04.180+0200: 57.352: [GC concurrent-root-region-scan-end, 0.0002152 secs]
2014-07-10T12:29:04.180+0200: 57.352: [GC concurrent-mark-start]
2014-07-10T12:29:04.226+0200: 57.399: [GC pause (G1 Evacuation Pause) (young)2014-07-10T12:29:04.258+0200: 57.431: [GC concurrent-mark-end, 0.0057212 secs]
, 0.0323767 secs]
   [Parallel Time: 31.5 ms, GC Workers: 2]
      [GC Worker Start (ms): Min: 57399.2, Avg: 57399.2, Max: 57399.3, Diff: 0.0]
      [Ext Root Scanning (ms): Min: 0.3, Avg: 0.3, Max: 0.3, Diff: 0.0, Sum: 0.7]
      [SATB Filtering (ms): Min: 0.0, Avg: 0.0, Max: 0.0, Diff: 0.0, Sum: 0.0]
      [Update RS (ms): Min: 0.1, Avg: 0.1, Max: 0.1, Diff: 0.0, Sum: 0.1]
         [Processed Buffers: Min: 1, Avg: 1.5, Max: 2, Diff: 1, Sum: 3]
      [Scan RS (ms): Min: 0.2, Avg: 0.2, Max: 0.2, Diff: 0.0, Sum: 0.3]
      [Code Root Scanning (ms): Min: 0.1, Avg: 0.1, Max: 0.1, Diff: 0.0, Sum: 0.1]
      [Object Copy (ms): Min: 30.8, Avg: 30.8, Max: 30.8, Diff: 0.0, Sum: 61.6]
      [Termination (ms): Min: 0.0, Avg: 0.0, Max: 0.0, Diff: 0.0, Sum: 0.0]
      [GC Worker Other (ms): Min: 0.0, Avg: 0.0, Max: 0.0, Diff: 0.0, Sum: 0.1]
      [GC Worker Total (ms): Min: 31.5, Avg: 31.5, Max: 31.5, Diff: 0.0, Sum: 62.9]
      [GC Worker End (ms): Min: 57430.7, Avg: 57430.7, Max: 57430.7, Diff: 0.0]
   [Code Root Fixup: 0.0 ms]
   [Code Root Migration: 0.2 ms]
   [Clear CT: 0.1 ms]
   [Other: 0.5 ms]
      [Choose CSet: 0.0 ms]
      [Ref Proc: 0.2 ms]
      [Ref Enq: 0.0 ms]
      [Free CSet: 0.2 ms]
   [Eden: 96.0M(96.0M)->0.0B(128.0M) Survivors: 15.0M->14.0M Heap: 379.1M(512.0M)->318.3M(512.0M)]
 [Times: user=0.06 sys=0.00, real=0.03 secs] 
2014-07-10T12:29:04.260+0200: 57.433: [GC remark 57.433: [GC ref-proc, 0.0000627 secs], 0.0011959 secs]
 [Times: user=0.00 sys=0.00, real=0.00 secs] 
2014-07-10T12:29:04.343+0200: 57.515: [GC cleanup 400M->196M(512M), 0.0026258 secs]
 [Times: user=0.00 sys=0.00, real=0.00 secs] 
2014-07-10T12:29:04.345+0200: 57.518: [GC concurrent-cleanup-start]
2014-07-10T12:29:04.346+0200: 57.519: [GC concurrent-cleanup-end, 0.0008333 secs]
2014-07-10T12:29:04.394+0200: 57.567: [GC pause (G1 Evacuation Pause) (young), 0.0311533 secs]
   [Parallel Time: 30.6 ms, GC Workers: 2]
      [GC Worker Start (ms): Min: 57567.0, Avg: 57567.0, Max: 57567.0, Diff: 0.0]
      [Ext Root Scanning (ms): Min: 0.3, Avg: 0.3, Max: 0.3, Diff: 0.0, Sum: 0.7]
      [Update RS (ms): Min: 0.0, Avg: 0.0, Max: 0.0, Diff: 0.0, Sum: 0.1]
         [Processed Buffers: Min: 1, Avg: 1.0, Max: 1, Diff: 0, Sum: 2]
      [Scan RS (ms): Min: 0.3, Avg: 0.3, Max: 0.3, Diff: 0.0, Sum: 0.5]
      [Code Root Scanning (ms): Min: 0.1, Avg: 0.1, Max: 0.1, Diff: 0.0, Sum: 0.2]
      [Object Copy (ms): Min: 29.6, Avg: 29.6, Max: 29.6, Diff: 0.1, Sum: 59.2]
      [Termination (ms): Min: 0.0, Avg: 0.1, Max: 0.2, Diff: 0.2, Sum: 0.2]
      [GC Worker Other (ms): Min: 0.0, Avg: 0.0, Max: 0.0, Diff: 0.0, Sum: 0.1]
      [GC Worker Total (ms): Min: 30.4, Avg: 30.5, Max: 30.5, Diff: 0.1, Sum: 61.0]
      [GC Worker End (ms): Min: 57597.4, Avg: 57597.4, Max: 57597.5, Diff: 0.1]
   [Code Root Fixup: 0.0 ms]
   [Code Root Migration: 0.0 ms]
   [Clear CT: 0.1 ms]
   [Other: 0.4 ms]
      [Choose CSet: 0.0 ms]
      [Ref Proc: 0.0 ms]
      [Ref Enq: 0.0 ms]
      [Free CSet: 0.2 ms]
   [Eden: 128.0M(128.0M)->0.0B(117.0M) Survivors: 14.0M->18.0M Heap: 242.3M(512.0M)->146.3M(512.0M)]
 [Times: user=0.06 sys=0.00, real=0.03 secs] 
2014-07-10T12:29:04.486+0200: 57.659: [GC pause (G1 Evacuation Pause) (mixed), 0.0206231 secs]
   [Parallel Time: 20.0 ms, GC Workers: 2]
      [GC Worker Start (ms): Min: 57658.9, Avg: 57658.9, Max: 57658.9, Diff: 0.0]
      [Ext Root Scanning (ms): Min: 0.3, Avg: 0.3, Max: 0.3, Diff: 0.0, Sum: 0.6]
      [Update RS (ms): Min: 0.0, Avg: 0.0, Max: 0.0, Diff: 0.0, Sum: 0.1]
         [Processed Buffers: Min: 1, Avg: 1.0, Max: 1, Diff: 0, Sum: 2]
      [Scan RS (ms): Min: 0.2, Avg: 0.2, Max: 0.2, Diff: 0.0, Sum: 0.5]
      [Code Root Scanning (ms): Min: 0.1, Avg: 0.1, Max: 0.1, Diff: 0.0, Sum: 0.2]
      [Object Copy (ms): Min: 19.2, Avg: 19.2, Max: 19.2, Diff: 0.0, Sum: 38.5]
      [Termination (ms): Min: 0.0, Avg: 0.0, Max: 0.0, Diff: 0.0, Sum: 0.0]
      [GC Worker Other (ms): Min: 0.0, Avg: 0.0, Max: 0.0, Diff: 0.0, Sum: 0.0]
      [GC Worker Total (ms): Min: 19.9, Avg: 19.9, Max: 19.9, Diff: 0.0, Sum: 39.9]
      [GC Worker End (ms): Min: 57678.8, Avg: 57678.8, Max: 57678.8, Diff: 0.0]
   [Code Root Fixup: 0.0 ms]
   [Code Root Migration: 0.0 ms]
   [Clear CT: 0.1 ms]
   [Other: 0.5 ms]
      [Choose CSet: 0.0 ms]
      [Ref Proc: 0.1 ms]
      [Ref Enq: 0.0 ms]
      [Free CSet: 0.3 ms]
   [Eden: 117.0M(117.0M)->0.0B(133.0M) Survivors: 18.0M->17.0M Heap: 263.3M(512.0M)->152.3M(512.0M)]
 [Times: user=0.03 sys=0.00, real=0.02 secs] 
2014-07-10T12:29:04.598+0200: 57.771: [GC pause (G1 Evacuation Pause) (young), 0.0163687 secs]
   [Parallel Time: 15.6 ms, GC Workers: 2]
      [GC Worker Start (ms): Min: 57770.9, Avg: 57770.9, Max: 57770.9, Diff: 0.0]
      [Ext Root Scanning (ms): Min: 0.3, Avg: 0.3, Max: 0.3, Diff: 0.0, Sum: 0.7]
      [Update RS (ms): Min: 0.0, Avg: 0.1, Max: 0.2, Diff: 0.2, Sum: 0.2]
         [Processed Buffers: Min: 1, Avg: 1.0, Max: 1, Diff: 0, Sum: 2]
      [Scan RS (ms): Min: 0.2, Avg: 0.2, Max: 0.3, Diff: 0.1, Sum: 0.5]
      [Code Root Scanning (ms): Min: 0.1, Avg: 0.1, Max: 0.1, Diff: 0.0, Sum: 0.2]
      [Object Copy (ms): Min: 14.8, Avg: 14.8, Max: 14.8, Diff: 0.0, Sum: 29.6]
      [Termination (ms): Min: 0.0, Avg: 0.0, Max: 0.0, Diff: 0.0, Sum: 0.0]
      [GC Worker Other (ms): Min: 0.0, Avg: 0.0, Max: 0.0, Diff: 0.0, Sum: 0.1]
      [GC Worker Total (ms): Min: 15.6, Avg: 15.6, Max: 15.6, Diff: 0.0, Sum: 31.2]
      [GC Worker End (ms): Min: 57786.5, Avg: 57786.5, Max: 57786.5, Diff: 0.0]
   [Code Root Fixup: 0.0 ms]
   [Code Root Migration: 0.0 ms]
   [Clear CT: 0.1 ms]
   [Other: 0.6 ms]
      [Choose CSet: 0.0 ms]
      [Ref Proc: 0.2 ms]
      [Ref Enq: 0.0 ms]
      [Free CSet: 0.2 ms]
   [Eden: 133.0M(133.0M)->0.0B(131.0M) Survivors: 17.0M->19.0M Heap: 285.3M(512.0M)->159.0M(512.0M)]
 [Times: user=0.03 sys=0.00, real=0.02 secs] 
2014-07-10T12:29:04.774+0200: 57.947: [GC pause (G1 Evacuation Pause) (young), 0.0190290 secs]
   [Parallel Time: 18.2 ms, GC Workers: 2]
      [GC Worker Start (ms): Min: 57946.9, Avg: 57946.9, Max: 57946.9, Diff: 0.0]
      [Ext Root Scanning (ms): Min: 0.6, Avg: 0.6, Max: 0.6, Diff: 0.0, Sum: 1.2]
      [Update RS (ms): Min: 0.0, Avg: 0.1, Max: 0.2, Diff: 0.2, Sum: 0.2]
         [Processed Buffers: Min: 1, Avg: 1.0, Max: 1, Diff: 0, Sum: 2]
      [Scan RS (ms): Min: 0.6, Avg: 0.6, Max: 0.7, Diff: 0.1, Sum: 1.3]
      [Code Root Scanning (ms): Min: 0.1, Avg: 0.1, Max: 0.1, Diff: 0.0, Sum: 0.3]
      [Object Copy (ms): Min: 16.6, Avg: 16.6, Max: 16.6, Diff: 0.0, Sum: 33.3]
      [Termination (ms): Min: 0.0, Avg: 0.0, Max: 0.0, Diff: 0.0, Sum: 0.0]
      [GC Worker Other (ms): Min: 0.0, Avg: 0.0, Max: 0.0, Diff: 0.0, Sum: 0.1]
      [GC Worker Total (ms): Min: 18.2, Avg: 18.2, Max: 18.2, Diff: 0.0, Sum: 36.4]
      [GC Worker End (ms): Min: 57965.1, Avg: 57965.1, Max: 57965.1, Diff: 0.0]
   [Code Root Fixup: 0.0 ms]
   [Code Root Migration: 0.0 ms]
   [Clear CT: 0.1 ms]
   [Other: 0.6 ms]
      [Choose CSet: 0.0 ms]
      [Ref Proc: 0.1 ms]
      [Ref Enq: 0.0 ms]
      [Free CSet: 0.3 ms]
   [Eden: 131.0M(131.0M)->0.0B(117.0M) Survivors: 19.0M->19.0M Heap: 290.0M(512.0M)->162.6M(512.0M)]
 [Times: user=0.06 sys=0.00, real=0.02 secs] 
2014-07-10T12:29:04.860+0200: 58.033: [GC pause (G1 Evacuation Pause) (young), 0.0058653 secs]
   [Parallel Time: 5.3 ms, GC Workers: 2]
      [GC Worker Start (ms): Min: 58032.7, Avg: 58032.7, Max: 58032.7, Diff: 0.0]
      [Ext Root Scanning (ms): Min: 0.3, Avg: 0.3, Max: 0.3, Diff: 0.0, Sum: 0.5]
      [Update RS (ms): Min: 0.0, Avg: 0.0, Max: 0.1, Diff: 0.0, Sum: 0.1]
         [Processed Buffers: Min: 1, Avg: 1.0, Max: 1, Diff: 0, Sum: 2]
      [Scan RS (ms): Min: 0.2, Avg: 0.2, Max: 0.2, Diff: 0.0, Sum: 0.4]
      [Code Root Scanning (ms): Min: 0.1, Avg: 0.1, Max: 0.1, Diff: 0.0, Sum: 0.2]
      [Object Copy (ms): Min: 4.6, Avg: 4.6, Max: 4.6, Diff: 0.0, Sum: 9.2]
      [Termination (ms): Min: 0.0, Avg: 0.0, Max: 0.0, Diff: 0.0, Sum: 0.0]
      [GC Worker Other (ms): Min: 0.0, Avg: 0.0, Max: 0.0, Diff: 0.0, Sum: 0.1]
      [GC Worker Total (ms): Min: 5.2, Avg: 5.2, Max: 5.3, Diff: 0.0, Sum: 10.5]
      [GC Worker End (ms): Min: 58038.0, Avg: 58038.0, Max: 58038.0, Diff: 0.0]
   [Code Root Fixup: 0.0 ms]
   [Code Root Migration: 0.0 ms]
   [Clear CT: 0.1 ms]
   [Other: 0.4 ms]
      [Choose CSet: 0.0 ms]
      [Ref Proc: 0.1 ms]
      [Ref Enq: 0.0 ms]
      [Free CSet: 0.2 ms]
   [Eden: 117.0M(117.0M)->0.0B(128.0M) Survivors: 19.0M->8192.0K Heap: 279.6M(512.0M)->151.1M(512.0M)]
 [Times: user=0.00 sys=0.00, real=0.01 secs] 
2014-07-10T12:29:04.993+0200: 58.165: [GC pause (G1 Evacuation Pause) (young), 0.0031563 secs]
   [Parallel Time: 2.5 ms, GC Workers: 2]
      [GC Worker Start (ms): Min: 58165.5, Avg: 58165.5, Max: 58165.5, Diff: 0.0]
      [Ext Root Scanning (ms): Min: 0.3, Avg: 0.3, Max: 0.3, Diff: 0.0, Sum: 0.7]
      [Update RS (ms): Min: 0.0, Avg: 0.0, Max: 0.0, Diff: 0.0, Sum: 0.1]
         [Processed Buffers: Min: 1, Avg: 1.0, Max: 1, Diff: 0, Sum: 2]
      [Scan RS (ms): Min: 0.2, Avg: 0.2, Max: 0.2, Diff: 0.0, Sum: 0.4]
      [Code Root Scanning (ms): Min: 0.1, Avg: 0.1, Max: 0.1, Diff: 0.0, Sum: 0.2]
      [Object Copy (ms): Min: 1.7, Avg: 1.8, Max: 1.8, Diff: 0.0, Sum: 3.5]
      [Termination (ms): Min: 0.0, Avg: 0.0, Max: 0.0, Diff: 0.0, Sum: 0.0]
      [GC Worker Other (ms): Min: 0.0, Avg: 0.0, Max: 0.0, Diff: 0.0, Sum: 0.1]
      [GC Worker Total (ms): Min: 2.4, Avg: 2.5, Max: 2.5, Diff: 0.0, Sum: 4.9]
      [GC Worker End (ms): Min: 58168.0, Avg: 58168.0, Max: 58168.0, Diff: 0.0]
   [Code Root Fixup: 0.0 ms]
   [Code Root Migration: 0.0 ms]
   [Clear CT: 0.1 ms]
   [Other: 0.5 ms]
      [Choose CSet: 0.0 ms]
      [Ref Proc: 0.0 ms]
      [Ref Enq: 0.0 ms]
      [Free CSet: 0.3 ms]
   [Eden: 128.0M(128.0M)->0.0B(287.0M) Survivors: 8192.0K->4096.0K Heap: 279.1M(512.0M)->147.0M(512.0M)]
 [Times: user=0.01 sys=0.00, real=0.00 secs] 
2014-07-10T12:29:05.261+0200: 58.434: [GC pause (G1 Evacuation Pause) (young), 0.0098395 secs]
   [Parallel Time: 8.8 ms, GC Workers: 2]
      [GC Worker Start (ms): Min: 58434.1, Avg: 58434.1, Max: 58434.1, Diff: 0.0]
      [Ext Root Scanning (ms): Min: 0.3, Avg: 0.3, Max: 0.3, Diff: 0.0, Sum: 0.7]
      [Update RS (ms): Min: 0.0, Avg: 0.1, Max: 0.1, Diff: 0.0, Sum: 0.1]
         [Processed Buffers: Min: 1, Avg: 1.5, Max: 2, Diff: 1, Sum: 3]
      [Scan RS (ms): Min: 0.4, Avg: 0.4, Max: 0.4, Diff: 0.1, Sum: 0.8]
      [Code Root Scanning (ms): Min: 0.2, Avg: 0.2, Max: 0.2, Diff: 0.0, Sum: 0.4]
      [Object Copy (ms): Min: 7.7, Avg: 7.8, Max: 7.8, Diff: 0.0, Sum: 15.5]
      [Termination (ms): Min: 0.0, Avg: 0.0, Max: 0.0, Diff: 0.0, Sum: 0.0]
      [GC Worker Other (ms): Min: 0.0, Avg: 0.0, Max: 0.0, Diff: 0.0, Sum: 0.1]
      [GC Worker Total (ms): Min: 8.8, Avg: 8.8, Max: 8.8, Diff: 0.0, Sum: 17.6]
      [GC Worker End (ms): Min: 58442.9, Avg: 58442.9, Max: 58442.9, Diff: 0.0]
   [Code Root Fixup: 0.0 ms]
   [Code Root Migration: 0.1 ms]
   [Clear CT: 0.2 ms]
   [Other: 0.7 ms]
      [Choose CSet: 0.0 ms]
      [Ref Proc: 0.1 ms]
      [Ref Enq: 0.0 ms]
      [Free CSet: 0.4 ms]
   [Eden: 287.0M(287.0M)->0.0B(280.0M) Survivors: 4096.0K->13.0M Heap: 434.0M(512.0M)->156.5M(512.0M)]
 [Times: user=0.00 sys=0.00, real=0.01 secs] 
2014-07-10T12:29:05.567+0200: 58.740: [GC pause (G1 Evacuation Pause) (young), 0.0232565 secs]
   [Parallel Time: 20.9 ms, GC Workers: 2]
      [GC Worker Start (ms): Min: 58739.9, Avg: 58750.3, Max: 58760.6, Diff: 20.7]
      [Ext Root Scanning (ms): Min: 0.0, Avg: 0.2, Max: 0.4, Diff: 0.4, Sum: 0.4]
      [Update RS (ms): Min: 0.0, Avg: 0.1, Max: 0.2, Diff: 0.2, Sum: 0.2]
         [Processed Buffers: Min: 0, Avg: 2.0, Max: 4, Diff: 4, Sum: 4]
      [Scan RS (ms): Min: 0.0, Avg: 0.4, Max: 0.8, Diff: 0.8, Sum: 0.9]
      [Code Root Scanning (ms): Min: 0.0, Avg: 0.2, Max: 0.4, Diff: 0.4, Sum: 0.4]
      [Object Copy (ms): Min: 0.0, Avg: 6.0, Max: 12.0, Diff: 12.0, Sum: 12.0]
      [Termination (ms): Min: 0.0, Avg: 3.5, Max: 7.0, Diff: 7.0, Sum: 7.0]
      [GC Worker Other (ms): Min: 0.0, Avg: 0.0, Max: 0.0, Diff: 0.0, Sum: 0.1]
      [GC Worker Total (ms): Min: 0.1, Avg: 10.5, Max: 20.8, Diff: 20.7, Sum: 20.9]
      [GC Worker End (ms): Min: 58760.7, Avg: 58760.7, Max: 58760.8, Diff: 0.0]
   [Code Root Fixup: 0.0 ms]
   [Code Root Migration: 0.1 ms]
   [Clear CT: 0.2 ms]
   [Other: 2.2 ms]
      [Choose CSet: 0.0 ms]
      [Ref Proc: 1.6 ms]
      [Ref Enq: 0.0 ms]
      [Free CSet: 0.5 ms]
   [Eden: 280.0M(280.0M)->0.0B(103.0M) Survivors: 13.0M->17.0M Heap: 436.5M(512.0M)->160.2M(512.0M)]
 [Times: user=0.03 sys=0.00, real=0.02 secs] 
2014-07-10T12:29:05.639+0200: 58.812: [GC pause (G1 Evacuation Pause) (young), 0.0346491 secs]
   [Parallel Time: 34.0 ms, GC Workers: 2]
      [GC Worker Start (ms): Min: 58811.9, Avg: 58811.9, Max: 58811.9, Diff: 0.0]
      [Ext Root Scanning (ms): Min: 0.3, Avg: 0.3, Max: 0.3, Diff: 0.0, Sum: 0.7]
      [Update RS (ms): Min: 0.0, Avg: 0.1, Max: 0.2, Diff: 0.2, Sum: 0.2]
         [Processed Buffers: Min: 1, Avg: 1.0, Max: 1, Diff: 0, Sum: 2]
      [Scan RS (ms): Min: 0.2, Avg: 0.2, Max: 0.2, Diff: 0.1, Sum: 0.4]
      [Code Root Scanning (ms): Min: 0.1, Avg: 0.1, Max: 0.1, Diff: 0.0, Sum: 0.2]
      [Object Copy (ms): Min: 33.2, Avg: 33.2, Max: 33.2, Diff: 0.0, Sum: 66.4]
      [Termination (ms): Min: 0.0, Avg: 0.0, Max: 0.0, Diff: 0.0, Sum: 0.0]
      [GC Worker Other (ms): Min: 0.0, Avg: 0.1, Max: 0.1, Diff: 0.1, Sum: 0.1]
      [GC Worker Total (ms): Min: 34.0, Avg: 34.0, Max: 34.0, Diff: 0.0, Sum: 67.9]
      [GC Worker End (ms): Min: 58845.9, Avg: 58845.9, Max: 58845.9, Diff: 0.0]
   [Code Root Fixup: 0.0 ms]
   [Code Root Migration: 0.0 ms]
   [Clear CT: 0.2 ms]
   [Other: 0.4 ms]
      [Choose CSet: 0.0 ms]
      [Ref Proc: 0.0 ms]
      [Ref Enq: 0.0 ms]
      [Free CSet: 0.2 ms]
   [Eden: 103.0M(103.0M)->0.0B(133.0M) Survivors: 17.0M->15.0M Heap: 263.2M(512.0M)->197.2M(512.0M)]
 [Times: user=0.06 sys=0.00, real=0.04 secs] 
2014-07-10T12:29:05.803+0200: 58.975: [GC pause (G1 Evacuation Pause) (young), 0.0350355 secs]
   [Parallel Time: 34.4 ms, GC Workers: 2]
      [GC Worker Start (ms): Min: 58975.4, Avg: 58975.4, Max: 58975.4, Diff: 0.0]
      [Ext Root Scanning (ms): Min: 0.3, Avg: 0.3, Max: 0.3, Diff: 0.0, Sum: 0.7]
      [Update RS (ms): Min: 0.0, Avg: 0.1, Max: 0.2, Diff: 0.1, Sum: 0.2]
         [Processed Buffers: Min: 1, Avg: 1.0, Max: 1, Diff: 0, Sum: 2]
      [Scan RS (ms): Min: 0.2, Avg: 0.2, Max: 0.3, Diff: 0.1, Sum: 0.5]
      [Code Root Scanning (ms): Min: 0.1, Avg: 0.1, Max: 0.1, Diff: 0.0, Sum: 0.2]
      [Object Copy (ms): Min: 33.6, Avg: 33.6, Max: 33.6, Diff: 0.0, Sum: 67.3]
      [Termination (ms): Min: 0.0, Avg: 0.0, Max: 0.0, Diff: 0.0, Sum: 0.0]
      [GC Worker Other (ms): Min: 0.0, Avg: 0.0, Max: 0.0, Diff: 0.0, Sum: 0.1]
      [GC Worker Total (ms): Min: 34.4, Avg: 34.4, Max: 34.4, Diff: 0.0, Sum: 68.8]
      [GC Worker End (ms): Min: 59009.8, Avg: 59009.8, Max: 59009.8, Diff: 0.0]
   [Code Root Fixup: 0.0 ms]
   [Code Root Migration: 0.0 ms]
   [Clear CT: 0.1 ms]
   [Other: 0.4 ms]
      [Choose CSet: 0.0 ms]
      [Ref Proc: 0.0 ms]
      [Ref Enq: 0.0 ms]
      [Free CSet: 0.2 ms]
   [Eden: 133.0M(133.0M)->0.0B(121.0M) Survivors: 15.0M->19.0M Heap: 330.2M(512.0M)->236.5M(512.0M)]
 [Times: user=0.08 sys=0.00, real=0.04 secs] 
2014-07-10T12:29:05.895+0200: 59.068: [GC pause (G1 Evacuation Pause) (young), 0.0278892 secs]
   [Parallel Time: 27.3 ms, GC Workers: 2]
      [GC Worker Start (ms): Min: 59068.4, Avg: 59068.4, Max: 59068.4, Diff: 0.0]
      [Ext Root Scanning (ms): Min: 0.3, Avg: 0.3, Max: 0.3, Diff: 0.0, Sum: 0.7]
      [Update RS (ms): Min: 0.0, Avg: 0.0, Max: 0.0, Diff: 0.0, Sum: 0.1]
         [Processed Buffers: Min: 1, Avg: 1.0, Max: 1, Diff: 0, Sum: 2]
      [Scan RS (ms): Min: 0.2, Avg: 0.2, Max: 0.2, Diff: 0.0, Sum: 0.4]
      [Code Root Scanning (ms): Min: 0.1, Avg: 0.1, Max: 0.1, Diff: 0.0, Sum: 0.2]
      [Object Copy (ms): Min: 26.5, Avg: 26.5, Max: 26.5, Diff: 0.0, Sum: 53.0]
      [Termination (ms): Min: 0.0, Avg: 0.0, Max: 0.0, Diff: 0.0, Sum: 0.0]
      [GC Worker Other (ms): Min: 0.0, Avg: 0.0, Max: 0.0, Diff: 0.0, Sum: 0.1]
      [GC Worker Total (ms): Min: 27.2, Avg: 27.2, Max: 27.2, Diff: 0.0, Sum: 54.4]
      [GC Worker End (ms): Min: 59095.6, Avg: 59095.6, Max: 59095.6, Diff: 0.0]
   [Code Root Fixup: 0.0 ms]
   [Code Root Migration: 0.0 ms]
   [Clear CT: 0.1 ms]
   [Other: 0.4 ms]
      [Choose CSet: 0.0 ms]
      [Ref Proc: 0.0 ms]
      [Ref Enq: 0.0 ms]
      [Free CSet: 0.3 ms]
   [Eden: 121.0M(121.0M)->0.0B(142.0M) Survivors: 19.0M->18.0M Heap: 357.5M(512.0M)->260.7M(512.0M)]
 [Times: user=0.06 sys=0.00, real=0.03 secs] 
2014-07-10T12:29:06.012+0200: 59.185: [GC pause (G1 Evacuation Pause) (young) (initial-mark), 0.0315870 secs]
   [Parallel Time: 30.8 ms, GC Workers: 2]
      [GC Worker Start (ms): Min: 59185.1, Avg: 59185.1, Max: 59185.1, Diff: 0.0]
      [Ext Root Scanning (ms): Min: 0.3, Avg: 0.3, Max: 0.3, Diff: 0.0, Sum: 0.7]
      [Code Root Marking (ms): Min: 0.0, Avg: 0.1, Max: 0.1, Diff: 0.0, Sum: 0.1]
      [Update RS (ms): Min: 0.0, Avg: 0.0, Max: 0.0, Diff: 0.0, Sum: 0.1]
         [Processed Buffers: Min: 1, Avg: 1.5, Max: 2, Diff: 1, Sum: 3]
      [Scan RS (ms): Min: 0.2, Avg: 0.2, Max: 0.2, Diff: 0.0, Sum: 0.4]
      [Code Root Scanning (ms): Min: 0.1, Avg: 0.1, Max: 0.1, Diff: 0.0, Sum: 0.2]
      [Object Copy (ms): Min: 29.9, Avg: 30.0, Max: 30.0, Diff: 0.0, Sum: 59.9]
      [Termination (ms): Min: 0.0, Avg: 0.0, Max: 0.0, Diff: 0.0, Sum: 0.0]
      [GC Worker Other (ms): Min: 0.0, Avg: 0.0, Max: 0.0, Diff: 0.0, Sum: 0.1]
      [GC Worker Total (ms): Min: 30.7, Avg: 30.7, Max: 30.7, Diff: 0.0, Sum: 61.5]
      [GC Worker End (ms): Min: 59215.8, Avg: 59215.8, Max: 59215.8, Diff: 0.0]
   [Code Root Fixup: 0.0 ms]
   [Code Root Migration: 0.0 ms]
   [Clear CT: 0.1 ms]
   [Other: 0.6 ms]
      [Choose CSet: 0.0 ms]
      [Ref Proc: 0.0 ms]
      [Ref Enq: 0.0 ms]
      [Free CSet: 0.3 ms]
   [Eden: 142.0M(142.0M)->0.0B(140.0M) Survivors: 18.0M->20.0M Heap: 402.7M(512.0M)->291.7M(512.0M)]
 [Times: user=0.06 sys=0.00, real=0.03 secs] 
2014-07-10T12:29:06.044+0200: 59.217: [GC concurrent-root-region-scan-start]
2014-07-10T12:29:06.044+0200: 59.217: [GC concurrent-root-region-scan-end, 0.0004968 secs]
2014-07-10T12:29:06.044+0200: 59.217: [GC concurrent-mark-start]
2014-07-10T12:29:06.123+0200: 59.295: [GC concurrent-mark-end, 0.0057982 secs]
2014-07-10T12:29:06.123+0200: 59.295: [GC remark 59.296: [GC ref-proc, 0.0000587 secs], 0.0011783 secs]
 [Times: user=0.00 sys=0.00, real=0.00 secs] 
2014-07-10T12:29:06.198+0200: 59.371: [GC pause (G1 Evacuation Pause) (young), 0.0315797 secs]
   [Parallel Time: 30.4 ms, GC Workers: 2]
      [GC Worker Start (ms): Min: 59371.4, Avg: 59371.4, Max: 59371.4, Diff: 0.0]
      [Ext Root Scanning (ms): Min: 0.3, Avg: 0.3, Max: 0.3, Diff: 0.0, Sum: 0.5]
      [SATB Filtering (ms): Min: 0.0, Avg: 0.0, Max: 0.0, Diff: 0.0, Sum: 0.0]
      [Update RS (ms): Min: 0.1, Avg: 0.1, Max: 0.1, Diff: 0.0, Sum: 0.1]
         [Processed Buffers: Min: 2, Avg: 2.0, Max: 2, Diff: 0, Sum: 4]
      [Scan RS (ms): Min: 0.2, Avg: 0.2, Max: 0.2, Diff: 0.0, Sum: 0.5]
      [Code Root Scanning (ms): Min: 0.1, Avg: 0.1, Max: 0.1, Diff: 0.0, Sum: 0.2]
      [Object Copy (ms): Min: 29.7, Avg: 29.7, Max: 29.7, Diff: 0.0, Sum: 59.3]
      [Termination (ms): Min: 0.0, Avg: 0.0, Max: 0.0, Diff: 0.0, Sum: 0.0]
      [GC Worker Other (ms): Min: 0.0, Avg: 0.0, Max: 0.0, Diff: 0.0, Sum: 0.1]
      [GC Worker Total (ms): Min: 30.4, Avg: 30.4, Max: 30.4, Diff: 0.0, Sum: 60.7]
      [GC Worker End (ms): Min: 59401.7, Avg: 59401.7, Max: 59401.7, Diff: 0.0]
   [Code Root Fixup: 0.0 ms]
   [Code Root Migration: 0.0 ms]
   [Clear CT: 0.1 ms]
   [Other: 1.0 ms]
      [Choose CSet: 0.0 ms]
      [Ref Proc: 0.6 ms]
      [Ref Enq: 0.0 ms]
      [Free CSet: 0.3 ms]
   [Eden: 140.0M(140.0M)->0.0B(126.0M) Survivors: 20.0M->20.0M Heap: 431.7M(512.0M)->320.6M(512.0M)]
 [Times: user=0.06 sys=0.00, real=0.03 secs] 
2014-07-10T12:29:06.230+0200: 59.403: [GC cleanup 320M->138M(512M), 0.0018141 secs]
 [Times: user=0.00 sys=0.00, real=0.00 secs] 
2014-07-10T12:29:06.232+0200: 59.405: [GC concurrent-cleanup-start]
2014-07-10T12:29:06.233+0200: 59.405: [GC concurrent-cleanup-end, 0.0002918 secs]
2014-07-10T12:29:06.299+0200: 59.472: [GC pause (G1 Evacuation Pause) (young), 0.0277807 secs]
   [Parallel Time: 27.2 ms, GC Workers: 2]
      [GC Worker Start (ms): Min: 59472.3, Avg: 59472.3, Max: 59472.3, Diff: 0.0]
      [Ext Root Scanning (ms): Min: 0.3, Avg: 0.3, Max: 0.3, Diff: 0.0, Sum: 0.7]
      [Update RS (ms): Min: 0.1, Avg: 0.1, Max: 0.1, Diff: 0.0, Sum: 0.2]
         [Processed Buffers: Min: 1, Avg: 1.5, Max: 2, Diff: 1, Sum: 3]
      [Scan RS (ms): Min: 0.2, Avg: 0.2, Max: 0.2, Diff: 0.0, Sum: 0.4]
      [Code Root Scanning (ms): Min: 0.1, Avg: 0.1, Max: 0.1, Diff: 0.0, Sum: 0.2]
      [Object Copy (ms): Min: 26.4, Avg: 26.4, Max: 26.4, Diff: 0.0, Sum: 52.8]
      [Termination (ms): Min: 0.0, Avg: 0.0, Max: 0.0, Diff: 0.0, Sum: 0.0]
      [GC Worker Other (ms): Min: 0.0, Avg: 0.0, Max: 0.0, Diff: 0.0, Sum: 0.1]
      [GC Worker Total (ms): Min: 27.2, Avg: 27.2, Max: 27.2, Diff: 0.0, Sum: 54.3]
      [GC Worker End (ms): Min: 59499.5, Avg: 59499.5, Max: 59499.5, Diff: 0.0]
   [Code Root Fixup: 0.0 ms]
   [Code Root Migration: 0.0 ms]
   [Clear CT: 0.1 ms]
   [Other: 0.4 ms]
      [Choose CSet: 0.0 ms]
      [Ref Proc: 0.1 ms]
      [Ref Enq: 0.0 ms]
      [Free CSet: 0.3 ms]
   [Eden: 126.0M(126.0M)->0.0B(137.0M) Survivors: 20.0M->19.0M Heap: 264.6M(512.0M)->161.3M(512.0M)]
 [Times: user=0.06 sys=0.00, real=0.03 secs] 
2014-07-10T12:29:06.410+0200: 59.583: [GC pause (G1 Evacuation Pause) (mixed), 0.0308842 secs]
   [Parallel Time: 30.1 ms, GC Workers: 2]
      [GC Worker Start (ms): Min: 59583.0, Avg: 59583.0, Max: 59583.0, Diff: 0.0]
      [Ext Root Scanning (ms): Min: 0.3, Avg: 0.3, Max: 0.3, Diff: 0.0, Sum: 0.7]
      [Update RS (ms): Min: 0.0, Avg: 0.1, Max: 0.1, Diff: 0.1, Sum: 0.1]
         [Processed Buffers: Min: 1, Avg: 1.0, Max: 1, Diff: 0, Sum: 2]
      [Scan RS (ms): Min: 0.2, Avg: 0.3, Max: 0.3, Diff: 0.1, Sum: 0.6]
      [Code Root Scanning (ms): Min: 0.1, Avg: 0.1, Max: 0.1, Diff: 0.0, Sum: 0.2]
      [Object Copy (ms): Min: 29.2, Avg: 29.2, Max: 29.2, Diff: 0.0, Sum: 58.5]
      [Termination (ms): Min: 0.0, Avg: 0.0, Max: 0.0, Diff: 0.0, Sum: 0.0]
      [GC Worker Other (ms): Min: 0.0, Avg: 0.0, Max: 0.0, Diff: 0.0, Sum: 0.1]
      [GC Worker Total (ms): Min: 30.1, Avg: 30.1, Max: 30.1, Diff: 0.0, Sum: 60.2]
      [GC Worker End (ms): Min: 59613.0, Avg: 59613.0, Max: 59613.0, Diff: 0.0]
   [Code Root Fixup: 0.0 ms]
   [Code Root Migration: 0.0 ms]
   [Clear CT: 0.1 ms]
   [Other: 0.6 ms]
      [Choose CSet: 0.0 ms]
      [Ref Proc: 0.1 ms]
      [Ref Enq: 0.0 ms]
      [Free CSet: 0.4 ms]
   [Eden: 137.0M(137.0M)->0.0B(138.0M) Survivors: 19.0M->20.0M Heap: 298.3M(512.0M)->182.1M(512.0M)]
 [Times: user=0.06 sys=0.00, real=0.03 secs] 
2014-07-10T12:29:06.587+0200: 59.760: [GC pause (G1 Evacuation Pause) (mixed), 0.0307060 secs]
   [Parallel Time: 30.0 ms, GC Workers: 2]
      [GC Worker Start (ms): Min: 59760.5, Avg: 59760.5, Max: 59760.6, Diff: 0.2]
      [Ext Root Scanning (ms): Min: 0.3, Avg: 0.4, Max: 0.5, Diff: 0.2, Sum: 0.8]
      [Update RS (ms): Min: 0.0, Avg: 0.1, Max: 0.2, Diff: 0.1, Sum: 0.2]
         [Processed Buffers: Min: 1, Avg: 1.5, Max: 2, Diff: 1, Sum: 3]
      [Scan RS (ms): Min: 0.2, Avg: 0.3, Max: 0.3, Diff: 0.1, Sum: 0.6]
      [Code Root Scanning (ms): Min: 0.1, Avg: 0.1, Max: 0.1, Diff: 0.0, Sum: 0.2]
      [Object Copy (ms): Min: 28.9, Avg: 28.9, Max: 29.0, Diff: 0.1, Sum: 57.9]
      [Termination (ms): Min: 0.0, Avg: 0.0, Max: 0.0, Diff: 0.0, Sum: 0.0]
      [GC Worker Other (ms): Min: 0.0, Avg: 0.0, Max: 0.0, Diff: 0.0, Sum: 0.1]
      [GC Worker Total (ms): Min: 29.8, Avg: 29.9, Max: 30.0, Diff: 0.2, Sum: 59.8]
      [GC Worker End (ms): Min: 59790.4, Avg: 59790.4, Max: 59790.4, Diff: 0.0]
   [Code Root Fixup: 0.0 ms]
   [Code Root Migration: 0.0 ms]
   [Clear CT: 0.1 ms]
   [Other: 0.5 ms]
      [Choose CSet: 0.0 ms]
      [Ref Proc: 0.1 ms]
      [Ref Enq: 0.0 ms]
      [Free CSet: 0.3 ms]
   [Eden: 138.0M(138.0M)->0.0B(125.0M) Survivors: 20.0M->20.0M Heap: 320.1M(512.0M)->206.5M(512.0M)]
 [Times: user=0.05 sys=0.02, real=0.03 secs] 
2014-07-10T12:29:06.682+0200: 59.855: [GC pause (G1 Evacuation Pause) (young), 0.0252084 secs]
   [Parallel Time: 24.5 ms, GC Workers: 2]
      [GC Worker Start (ms): Min: 59855.5, Avg: 59855.5, Max: 59855.5, Diff: 0.0]
      [Ext Root Scanning (ms): Min: 0.3, Avg: 0.3, Max: 0.3, Diff: 0.0, Sum: 0.7]
      [Update RS (ms): Min: 0.0, Avg: 0.1, Max: 0.1, Diff: 0.1, Sum: 0.2]
         [Processed Buffers: Min: 1, Avg: 1.5, Max: 2, Diff: 1, Sum: 3]
      [Scan RS (ms): Min: 0.2, Avg: 0.2, Max: 0.2, Diff: 0.0, Sum: 0.4]
      [Code Root Scanning (ms): Min: 0.1, Avg: 0.1, Max: 0.1, Diff: 0.0, Sum: 0.2]
      [Object Copy (ms): Min: 23.7, Avg: 23.7, Max: 23.7, Diff: 0.0, Sum: 47.5]
      [Termination (ms): Min: 0.0, Avg: 0.0, Max: 0.0, Diff: 0.0, Sum: 0.0]
      [GC Worker Other (ms): Min: 0.0, Avg: 0.0, Max: 0.0, Diff: 0.0, Sum: 0.1]
      [GC Worker Total (ms): Min: 24.5, Avg: 24.5, Max: 24.5, Diff: 0.0, Sum: 49.0]
      [GC Worker End (ms): Min: 59880.0, Avg: 59880.0, Max: 59880.0, Diff: 0.0]
   [Code Root Fixup: 0.0 ms]
   [Code Root Migration: 0.0 ms]
   [Clear CT: 0.2 ms]
   [Other: 0.5 ms]
      [Choose CSet: 0.0 ms]
      [Ref Proc: 0.0 ms]
      [Ref Enq: 0.0 ms]
      [Free CSet: 0.3 ms]
   [Eden: 125.0M(125.0M)->0.0B(139.0M) Survivors: 20.0M->19.0M Heap: 331.5M(512.0M)->224.8M(512.0M)]
 [Times: user=0.03 sys=0.00, real=0.03 secs] 
2014-07-10T12:29:06.837+0200: 60.010: [GC pause (G1 Evacuation Pause) (young), 0.0294052 secs]
   [Parallel Time: 28.7 ms, GC Workers: 2]
      [GC Worker Start (ms): Min: 60009.7, Avg: 60009.7, Max: 60009.7, Diff: 0.0]
      [Ext Root Scanning (ms): Min: 0.4, Avg: 0.4, Max: 0.4, Diff: 0.0, Sum: 0.7]
      [Update RS (ms): Min: 0.1, Avg: 0.1, Max: 0.1, Diff: 0.0, Sum: 0.1]
         [Processed Buffers: Min: 1, Avg: 1.5, Max: 2, Diff: 1, Sum: 3]
      [Scan RS (ms): Min: 0.3, Avg: 0.3, Max: 0.3, Diff: 0.0, Sum: 0.5]
      [Code Root Scanning (ms): Min: 0.1, Avg: 0.1, Max: 0.1, Diff: 0.0, Sum: 0.2]
      [Object Copy (ms): Min: 27.8, Avg: 27.8, Max: 27.8, Diff: 0.0, Sum: 55.6]
      [Termination (ms): Min: 0.0, Avg: 0.0, Max: 0.0, Diff: 0.0, Sum: 0.0]
      [GC Worker Other (ms): Min: 0.0, Avg: 0.0, Max: 0.0, Diff: 0.0, Sum: 0.1]
      [GC Worker Total (ms): Min: 28.6, Avg: 28.6, Max: 28.6, Diff: 0.0, Sum: 57.3]
      [GC Worker End (ms): Min: 60038.4, Avg: 60038.4, Max: 60038.4, Diff: 0.0]
   [Code Root Fixup: 0.0 ms]
   [Code Root Migration: 0.0 ms]
   [Clear CT: 0.1 ms]
   [Other: 0.5 ms]
      [Choose CSet: 0.0 ms]
      [Ref Proc: 0.0 ms]
      [Ref Enq: 0.0 ms]
      [Free CSet: 0.3 ms]
   [Eden: 139.0M(139.0M)->0.0B(127.0M) Survivors: 19.0M->20.0M Heap: 363.8M(512.0M)->251.0M(512.0M)]
 [Times: user=0.03 sys=0.00, real=0.03 secs] 
2014-07-10T12:29:06.973+0200: 60.146: [GC pause (G1 Evacuation Pause) (young) (initial-mark), 0.0263190 secs]
   [Parallel Time: 25.5 ms, GC Workers: 2]
      [GC Worker Start (ms): Min: 60146.6, Avg: 60146.6, Max: 60146.6, Diff: 0.0]
      [Ext Root Scanning (ms): Min: 0.4, Avg: 0.4, Max: 0.4, Diff: 0.0, Sum: 0.8]
      [Code Root Marking (ms): Min: 0.1, Avg: 0.1, Max: 0.1, Diff: 0.0, Sum: 0.1]
      [Update RS (ms): Min: 0.0, Avg: 0.0, Max: 0.0, Diff: 0.0, Sum: 0.1]
         [Processed Buffers: Min: 1, Avg: 1.0, Max: 1, Diff: 0, Sum: 2]
      [Scan RS (ms): Min: 0.2, Avg: 0.2, Max: 0.2, Diff: 0.0, Sum: 0.4]
      [Code Root Scanning (ms): Min: 0.1, Avg: 0.1, Max: 0.1, Diff: 0.0, Sum: 0.2]
      [Object Copy (ms): Min: 24.6, Avg: 24.6, Max: 24.6, Diff: 0.0, Sum: 49.2]
      [Termination (ms): Min: 0.0, Avg: 0.0, Max: 0.0, Diff: 0.0, Sum: 0.0]
      [GC Worker Other (ms): Min: 0.0, Avg: 0.0, Max: 0.0, Diff: 0.0, Sum: 0.1]
      [GC Worker Total (ms): Min: 25.4, Avg: 25.4, Max: 25.4, Diff: 0.0, Sum: 50.9]
      [GC Worker End (ms): Min: 60172.0, Avg: 60172.0, Max: 60172.0, Diff: 0.0]
   [Code Root Fixup: 0.0 ms]
   [Code Root Migration: 0.0 ms]
   [Clear CT: 0.2 ms]
   [Other: 0.6 ms]
      [Choose CSet: 0.0 ms]
      [Ref Proc: 0.1 ms]
      [Ref Enq: 0.0 ms]
      [Free CSet: 0.3 ms]
   [Eden: 127.0M(127.0M)->0.0B(120.0M) Survivors: 20.0M->19.0M Heap: 378.0M(512.0M)->271.1M(512.0M)]
 [Times: user=0.06 sys=0.00, real=0.03 secs] 
2014-07-10T12:29:07.000+0200: 60.173: [GC concurrent-root-region-scan-start]
2014-07-10T12:29:07.001+0200: 60.173: [GC concurrent-root-region-scan-end, 0.0005360 secs]
2014-07-10T12:29:07.001+0200: 60.173: [GC concurrent-mark-start]
2014-07-10T12:29:07.061+0200: 60.234: [GC pause (G1 Evacuation Pause) (young), 0.0082340 secs]
   [Parallel Time: 7.7 ms, GC Workers: 2]
      [GC Worker Start (ms): Min: 60233.9, Avg: 60233.9, Max: 60233.9, Diff: 0.0]
      [Ext Root Scanning (ms): Min: 0.3, Avg: 0.3, Max: 0.3, Diff: 0.0, Sum: 0.7]
      [SATB Filtering (ms): Min: 0.0, Avg: 0.0, Max: 0.0, Diff: 0.0, Sum: 0.0]
      [Update RS (ms): Min: 0.1, Avg: 0.1, Max: 0.2, Diff: 0.1, Sum: 0.2]
         [Processed Buffers: Min: 1, Avg: 1.5, Max: 2, Diff: 1, Sum: 3]
      [Scan RS (ms): Min: 0.2, Avg: 0.2, Max: 0.3, Diff: 0.1, Sum: 0.4]
      [Code Root Scanning (ms): Min: 0.1, Avg: 0.1, Max: 0.1, Diff: 0.0, Sum: 0.2]
      [Object Copy (ms): Min: 6.9, Avg: 6.9, Max: 6.9, Diff: 0.0, Sum: 13.7]
      [Termination (ms): Min: 0.0, Avg: 0.0, Max: 0.0, Diff: 0.0, Sum: 0.0]
      [GC Worker Other (ms): Min: 0.0, Avg: 0.0, Max: 0.1, Diff: 0.0, Sum: 0.1]
      [GC Worker Total (ms): Min: 7.7, Avg: 7.7, Max: 7.7, Diff: 0.0, Sum: 15.4]
      [GC Worker End (ms): Min: 60241.6, Avg: 60241.6, Max: 60241.6, Diff: 0.0]
   [Code Root Fixup: 0.0 ms]
   [Code Root Migration: 0.0 ms]
   [Clear CT: 0.1 ms]
   [Other: 0.4 ms]
      [Choose CSet: 0.0 ms]
      [Ref Proc: 0.0 ms]
      [Ref Enq: 0.0 ms]
      [Free CSet: 0.2 ms]
   [Eden: 120.0M(120.0M)->0.0B(137.0M) Survivors: 19.0M->11.0M Heap: 391.1M(512.0M)->262.9M(512.0M)]
 [Times: user=0.00 sys=0.00, real=0.01 secs] 
2014-07-10T12:29:07.079+0200: 60.251: [GC concurrent-mark-end, 0.0055764 secs]
2014-07-10T12:29:07.079+0200: 60.252: [GC remark 60.252: [GC ref-proc, 0.0000572 secs], 0.0013166 secs]
 [Times: user=0.00 sys=0.00, real=0.00 secs] 
2014-07-10T12:29:07.159+0200: 60.332: [GC cleanup 323M->150M(512M), 0.0030272 secs]
 [Times: user=0.00 sys=0.00, real=0.00 secs] 
2014-07-10T12:29:07.162+0200: 60.335: [GC concurrent-cleanup-start]
2014-07-10T12:29:07.163+0200: 60.336: [GC concurrent-cleanup-end, 0.0008278 secs]
2014-07-10T12:29:07.213+0200: 60.386: [GC pause (G1 Evacuation Pause) (young), 0.0111542 secs]
   [Parallel Time: 10.6 ms, GC Workers: 2]
      [GC Worker Start (ms): Min: 60386.5, Avg: 60386.5, Max: 60386.5, Diff: 0.0]
      [Ext Root Scanning (ms): Min: 0.3, Avg: 0.3, Max: 0.3, Diff: 0.0, Sum: 0.6]
      [Update RS (ms): Min: 0.0, Avg: 0.1, Max: 0.1, Diff: 0.1, Sum: 0.2]
         [Processed Buffers: Min: 1, Avg: 1.5, Max: 2, Diff: 1, Sum: 3]
      [Scan RS (ms): Min: 0.2, Avg: 0.2, Max: 0.2, Diff: 0.0, Sum: 0.4]
      [Code Root Scanning (ms): Min: 0.1, Avg: 0.1, Max: 0.1, Diff: 0.0, Sum: 0.2]
      [Object Copy (ms): Min: 9.8, Avg: 9.8, Max: 9.8, Diff: 0.0, Sum: 19.6]
      [Termination (ms): Min: 0.0, Avg: 0.0, Max: 0.0, Diff: 0.0, Sum: 0.0]
      [GC Worker Other (ms): Min: 0.0, Avg: 0.0, Max: 0.0, Diff: 0.0, Sum: 0.1]
      [GC Worker Total (ms): Min: 10.5, Avg: 10.5, Max: 10.5, Diff: 0.0, Sum: 21.1]
      [GC Worker End (ms): Min: 60397.0, Avg: 60397.0, Max: 60397.0, Diff: 0.0]
   [Code Root Fixup: 0.0 ms]
   [Code Root Migration: 0.0 ms]
   [Clear CT: 0.1 ms]
   [Other: 0.4 ms]
      [Choose CSet: 0.0 ms]
      [Ref Proc: 0.0 ms]
      [Ref Enq: 0.0 ms]
      [Free CSet: 0.3 ms]
   [Eden: 137.0M(137.0M)->0.0B(124.0M) Survivors: 11.0M->16.0M Heap: 226.9M(512.0M)->94.7M(512.0M)]
 [Times: user=0.00 sys=0.00, real=0.01 secs] 
2014-07-10T12:29:07.362+0200: 60.535: [GC pause (G1 Evacuation Pause) (mixed), 0.0106963 secs]
   [Parallel Time: 9.5 ms, GC Workers: 2]
      [GC Worker Start (ms): Min: 60535.5, Avg: 60535.5, Max: 60535.5, Diff: 0.0]
      [Ext Root Scanning (ms): Min: 0.6, Avg: 0.6, Max: 0.6, Diff: 0.0, Sum: 1.2]
      [Update RS (ms): Min: 0.1, Avg: 0.1, Max: 0.2, Diff: 0.2, Sum: 0.3]
         [Processed Buffers: Min: 1, Avg: 1.5, Max: 2, Diff: 1, Sum: 3]
      [Scan RS (ms): Min: 0.3, Avg: 0.4, Max: 0.5, Diff: 0.2, Sum: 0.9]
      [Code Root Scanning (ms): Min: 0.2, Avg: 0.2, Max: 0.2, Diff: 0.0, Sum: 0.3]
      [Object Copy (ms): Min: 8.0, Avg: 8.1, Max: 8.1, Diff: 0.0, Sum: 16.1]
      [Termination (ms): Min: 0.0, Avg: 0.0, Max: 0.0, Diff: 0.0, Sum: 0.0]
      [GC Worker Other (ms): Min: 0.0, Avg: 0.0, Max: 0.0, Diff: 0.0, Sum: 0.1]
      [GC Worker Total (ms): Min: 9.4, Avg: 9.4, Max: 9.4, Diff: 0.0, Sum: 18.9]
      [GC Worker End (ms): Min: 60545.0, Avg: 60545.0, Max: 60545.0, Diff: 0.0]
   [Code Root Fixup: 0.0 ms]
   [Code Root Migration: 0.1 ms]
   [Clear CT: 0.3 ms]
   [Other: 0.8 ms]
      [Choose CSet: 0.0 ms]
      [Ref Proc: 0.1 ms]
      [Ref Enq: 0.0 ms]
      [Free CSet: 0.5 ms]
   [Eden: 124.0M(124.0M)->0.0B(112.0M) Survivors: 16.0M->8192.0K Heap: 218.7M(512.0M)->80.7M(512.0M)]
 [Times: user=0.03 sys=0.00, real=0.01 secs] 
2014-07-10T12:29:07.436+0200: 60.609: [GC pause (G1 Evacuation Pause) (young), 0.0341959 secs]
   [Parallel Time: 33.6 ms, GC Workers: 2]
      [GC Worker Start (ms): Min: 60608.6, Avg: 60608.6, Max: 60608.6, Diff: 0.0]
      [Ext Root Scanning (ms): Min: 0.3, Avg: 0.3, Max: 0.3, Diff: 0.0, Sum: 0.7]
      [Update RS (ms): Min: 0.1, Avg: 0.1, Max: 0.1, Diff: 0.0, Sum: 0.2]
         [Processed Buffers: Min: 1, Avg: 1.5, Max: 2, Diff: 1, Sum: 3]
      [Scan RS (ms): Min: 0.2, Avg: 0.2, Max: 0.2, Diff: 0.0, Sum: 0.4]
      [Code Root Scanning (ms): Min: 0.1, Avg: 0.1, Max: 0.1, Diff: 0.0, Sum: 0.2]
      [Object Copy (ms): Min: 32.9, Avg: 32.9, Max: 32.9, Diff: 0.0, Sum: 65.7]
      [Termination (ms): Min: 0.0, Avg: 0.0, Max: 0.0, Diff: 0.0, Sum: 0.0]
      [GC Worker Other (ms): Min: 0.0, Avg: 0.0, Max: 0.0, Diff: 0.0, Sum: 0.1]
      [GC Worker Total (ms): Min: 33.6, Avg: 33.6, Max: 33.6, Diff: 0.0, Sum: 67.2]
      [GC Worker End (ms): Min: 60642.2, Avg: 60642.2, Max: 60642.2, Diff: 0.0]
   [Code Root Fixup: 0.0 ms]
   [Code Root Migration: 0.0 ms]
   [Clear CT: 0.1 ms]
   [Other: 0.4 ms]
      [Choose CSet: 0.0 ms]
      [Ref Proc: 0.0 ms]
      [Ref Enq: 0.0 ms]
      [Free CSet: 0.2 ms]
   [Eden: 112.0M(112.0M)->0.0B(127.0M) Survivors: 8192.0K->15.0M Heap: 192.7M(512.0M)->126.7M(512.0M)]
 [Times: user=0.06 sys=0.00, real=0.03 secs] 
2014-07-10T12:29:07.581+0200: 60.754: [GC pause (G1 Evacuation Pause) (young), 0.0271002 secs]
   [Parallel Time: 26.4 ms, GC Workers: 2]
      [GC Worker Start (ms): Min: 60754.3, Avg: 60754.3, Max: 60754.3, Diff: 0.0]
      [Ext Root Scanning (ms): Min: 0.4, Avg: 0.4, Max: 0.4, Diff: 0.0, Sum: 0.8]
      [Update RS (ms): Min: 0.0, Avg: 0.1, Max: 0.1, Diff: 0.1, Sum: 0.1]
         [Processed Buffers: Min: 2, Avg: 2.0, Max: 2, Diff: 0, Sum: 4]
      [Scan RS (ms): Min: 0.2, Avg: 0.2, Max: 0.3, Diff: 0.0, Sum: 0.5]
      [Code Root Scanning (ms): Min: 0.1, Avg: 0.1, Max: 0.1, Diff: 0.0, Sum: 0.2]
      [Object Copy (ms): Min: 25.5, Avg: 25.5, Max: 25.5, Diff: 0.0, Sum: 51.0]
      [Termination (ms): Min: 0.0, Avg: 0.0, Max: 0.0, Diff: 0.0, Sum: 0.0]
      [GC Worker Other (ms): Min: 0.0, Avg: 0.0, Max: 0.0, Diff: 0.0, Sum: 0.1]
      [GC Worker Total (ms): Min: 26.3, Avg: 26.3, Max: 26.3, Diff: 0.0, Sum: 52.7]
      [GC Worker End (ms): Min: 60780.6, Avg: 60780.6, Max: 60780.6, Diff: 0.0]
   [Code Root Fixup: 0.0 ms]
   [Code Root Migration: 0.0 ms]
   [Clear CT: 0.1 ms]
   [Other: 0.6 ms]
      [Choose CSet: 0.0 ms]
      [Ref Proc: 0.2 ms]
      [Ref Enq: 0.0 ms]
      [Free CSet: 0.3 ms]
   [Eden: 127.0M(127.0M)->0.0B(119.0M) Survivors: 15.0M->18.0M Heap: 253.7M(512.0M)->151.9M(512.0M)]
 [Times: user=0.06 sys=0.00, real=0.03 secs] 
2014-07-10T12:29:07.669+0200: 60.842: [GC pause (G1 Evacuation Pause) (young), 0.0182726 secs]
   [Parallel Time: 17.7 ms, GC Workers: 2]
      [GC Worker Start (ms): Min: 60841.8, Avg: 60841.8, Max: 60841.8, Diff: 0.0]
      [Ext Root Scanning (ms): Min: 0.3, Avg: 0.3, Max: 0.3, Diff: 0.0, Sum: 0.7]
      [Update RS (ms): Min: 0.0, Avg: 0.0, Max: 0.1, Diff: 0.0, Sum: 0.1]
         [Processed Buffers: Min: 1, Avg: 1.5, Max: 2, Diff: 1, Sum: 3]
      [Scan RS (ms): Min: 0.2, Avg: 0.2, Max: 0.2, Diff: 0.0, Sum: 0.4]
      [Code Root Scanning (ms): Min: 0.1, Avg: 0.1, Max: 0.1, Diff: 0.0, Sum: 0.2]
      [Object Copy (ms): Min: 16.9, Avg: 16.9, Max: 17.0, Diff: 0.1, Sum: 33.9]
      [Termination (ms): Min: 0.0, Avg: 0.0, Max: 0.1, Diff: 0.1, Sum: 0.1]
      [GC Worker Other (ms): Min: 0.0, Avg: 0.0, Max: 0.0, Diff: 0.0, Sum: 0.1]
      [GC Worker Total (ms): Min: 17.7, Avg: 17.7, Max: 17.7, Diff: 0.0, Sum: 35.4]
      [GC Worker End (ms): Min: 60859.5, Avg: 60859.5, Max: 60859.5, Diff: 0.0]
   [Code Root Fixup: 0.0 ms]
   [Code Root Migration: 0.0 ms]
   [Clear CT: 0.1 ms]
   [Other: 0.4 ms]
      [Choose CSet: 0.0 ms]
      [Ref Proc: 0.1 ms]
      [Ref Enq: 0.0 ms]
      [Free CSet: 0.2 ms]
   [Eden: 119.0M(119.0M)->0.0B(136.0M) Survivors: 18.0M->18.0M Heap: 270.9M(512.0M)->161.1M(512.0M)]
 [Times: user=0.03 sys=0.00, real=0.02 secs] 
2014-07-10T12:29:07.801+0200: 60.974: [GC pause (G1 Evacuation Pause) (young), 0.0206297 secs]
   [Parallel Time: 20.0 ms, GC Workers: 2]
      [GC Worker Start (ms): Min: 60974.4, Avg: 60974.4, Max: 60974.4, Diff: 0.0]
      [Ext Root Scanning (ms): Min: 0.3, Avg: 0.3, Max: 0.3, Diff: 0.0, Sum: 0.7]
      [Update RS (ms): Min: 0.0, Avg: 0.0, Max: 0.1, Diff: 0.0, Sum: 0.1]
         [Processed Buffers: Min: 1, Avg: 1.5, Max: 2, Diff: 1, Sum: 3]
      [Scan RS (ms): Min: 0.2, Avg: 0.2, Max: 0.3, Diff: 0.0, Sum: 0.5]
      [Code Root Scanning (ms): Min: 0.1, Avg: 0.1, Max: 0.1, Diff: 0.0, Sum: 0.2]
      [Object Copy (ms): Min: 19.2, Avg: 19.2, Max: 19.2, Diff: 0.0, Sum: 38.3]
      [Termination (ms): Min: 0.0, Avg: 0.0, Max: 0.0, Diff: 0.0, Sum: 0.0]
      [GC Worker Other (ms): Min: 0.0, Avg: 0.0, Max: 0.0, Diff: 0.0, Sum: 0.1]
      [GC Worker Total (ms): Min: 19.9, Avg: 19.9, Max: 19.9, Diff: 0.0, Sum: 39.9]
      [GC Worker End (ms): Min: 60994.3, Avg: 60994.3, Max: 60994.3, Diff: 0.0]
   [Code Root Fixup: 0.0 ms]
   [Code Root Migration: 0.0 ms]
   [Clear CT: 0.1 ms]
   [Other: 0.4 ms]
      [Choose CSet: 0.0 ms]
      [Ref Proc: 0.0 ms]
      [Ref Enq: 0.0 ms]
      [Free CSet: 0.3 ms]
   [Eden: 136.0M(136.0M)->0.0B(127.0M) Survivors: 18.0M->20.0M Heap: 297.1M(512.0M)->174.1M(512.0M)]
 [Times: user=0.06 sys=0.00, real=0.02 secs] 
2014-07-10T12:29:07.977+0200: 61.150: [GC pause (G1 Evacuation Pause) (young), 0.0223169 secs]
   [Parallel Time: 21.6 ms, GC Workers: 2]
      [GC Worker Start (ms): Min: 61150.4, Avg: 61150.4, Max: 61150.5, Diff: 0.0]
      [Ext Root Scanning (ms): Min: 0.5, Avg: 0.6, Max: 0.6, Diff: 0.1, Sum: 1.2]
      [Update RS (ms): Min: 0.0, Avg: 0.1, Max: 0.1, Diff: 0.0, Sum: 0.1]
         [Processed Buffers: Min: 1, Avg: 1.5, Max: 2, Diff: 1, Sum: 3]
      [Scan RS (ms): Min: 0.4, Avg: 0.4, Max: 0.4, Diff: 0.0, Sum: 0.8]
      [Code Root Scanning (ms): Min: 0.1, Avg: 0.2, Max: 0.2, Diff: 0.0, Sum: 0.3]
      [Object Copy (ms): Min: 20.3, Avg: 20.3, Max: 20.3, Diff: 0.0, Sum: 40.5]
      [Termination (ms): Min: 0.0, Avg: 0.0, Max: 0.0, Diff: 0.0, Sum: 0.0]
      [GC Worker Other (ms): Min: 0.0, Avg: 0.1, Max: 0.1, Diff: 0.1, Sum: 0.1]
      [GC Worker Total (ms): Min: 21.5, Avg: 21.5, Max: 21.6, Diff: 0.0, Sum: 43.1]
      [GC Worker End (ms): Min: 61172.0, Avg: 61172.0, Max: 61172.0, Diff: 0.0]
   [Code Root Fixup: 0.0 ms]
   [Code Root Migration: 0.0 ms]
   [Clear CT: 0.1 ms]
   [Other: 0.6 ms]
      [Choose CSet: 0.0 ms]
      [Ref Proc: 0.1 ms]
      [Ref Enq: 0.0 ms]
      [Free CSet: 0.3 ms]
   [Eden: 127.0M(127.0M)->0.0B(114.0M) Survivors: 20.0M->19.0M Heap: 301.1M(512.0M)->179.9M(512.0M)]
 [Times: user=0.03 sys=0.00, real=0.02 secs] 
2014-07-10T12:29:08.056+0200: 61.229: [GC pause (G1 Evacuation Pause) (young), 0.0390592 secs]
   [Parallel Time: 38.5 ms, GC Workers: 2]
      [GC Worker Start (ms): Min: 61228.9, Avg: 61228.9, Max: 61228.9, Diff: 0.0]
      [Ext Root Scanning (ms): Min: 0.3, Avg: 0.3, Max: 0.3, Diff: 0.0, Sum: 0.6]
      [Update RS (ms): Min: 0.0, Avg: 0.1, Max: 0.1, Diff: 0.1, Sum: 0.1]
         [Processed Buffers: Min: 2, Avg: 2.0, Max: 2, Diff: 0, Sum: 4]
      [Scan RS (ms): Min: 0.2, Avg: 0.2, Max: 0.2, Diff: 0.0, Sum: 0.4]
      [Code Root Scanning (ms): Min: 0.1, Avg: 0.1, Max: 0.1, Diff: 0.0, Sum: 0.2]
      [Object Copy (ms): Min: 37.7, Avg: 37.7, Max: 37.7, Diff: 0.0, Sum: 75.5]
      [Termination (ms): Min: 0.0, Avg: 0.0, Max: 0.0, Diff: 0.0, Sum: 0.0]
      [GC Worker Other (ms): Min: 0.0, Avg: 0.0, Max: 0.0, Diff: 0.0, Sum: 0.1]
      [GC Worker Total (ms): Min: 38.4, Avg: 38.4, Max: 38.4, Diff: 0.0, Sum: 76.9]
      [GC Worker End (ms): Min: 61267.3, Avg: 61267.3, Max: 61267.3, Diff: 0.0]
   [Code Root Fixup: 0.0 ms]
   [Code Root Migration: 0.0 ms]
   [Clear CT: 0.1 ms]
   [Other: 0.4 ms]
      [Choose CSet: 0.0 ms]
      [Ref Proc: 0.0 ms]
      [Ref Enq: 0.0 ms]
      [Free CSet: 0.3 ms]
   [Eden: 114.0M(114.0M)->0.0B(135.0M) Survivors: 19.0M->17.0M Heap: 293.9M(512.0M)->222.6M(512.0M)]
 [Times: user=0.06 sys=0.00, real=0.04 secs] 
2014-07-10T12:29:08.186+0200: 61.359: [GC pause (G1 Evacuation Pause) (young), 0.0414188 secs]
   [Parallel Time: 40.6 ms, GC Workers: 2]
      [GC Worker Start (ms): Min: 61358.9, Avg: 61358.9, Max: 61358.9, Diff: 0.0]
      [Ext Root Scanning (ms): Min: 0.3, Avg: 0.3, Max: 0.3, Diff: 0.0, Sum: 0.7]
      [Update RS (ms): Min: 0.0, Avg: 0.1, Max: 0.1, Diff: 0.1, Sum: 0.1]
         [Processed Buffers: Min: 1, Avg: 1.5, Max: 2, Diff: 1, Sum: 3]
      [Scan RS (ms): Min: 0.2, Avg: 0.2, Max: 0.3, Diff: 0.1, Sum: 0.5]
      [Code Root Scanning (ms): Min: 0.1, Avg: 0.1, Max: 0.1, Diff: 0.0, Sum: 0.2]
      [Object Copy (ms): Min: 39.6, Avg: 39.6, Max: 39.6, Diff: 0.0, Sum: 79.2]
      [Termination (ms): Min: 0.0, Avg: 0.1, Max: 0.2, Diff: 0.2, Sum: 0.2]
      [GC Worker Other (ms): Min: 0.0, Avg: 0.1, Max: 0.1, Diff: 0.1, Sum: 0.1]
      [GC Worker Total (ms): Min: 40.4, Avg: 40.5, Max: 40.6, Diff: 0.2, Sum: 81.0]
      [GC Worker End (ms): Min: 61399.3, Avg: 61399.4, Max: 61399.5, Diff: 0.2]
   [Code Root Fixup: 0.0 ms]
   [Code Root Migration: 0.0 ms]
   [Clear CT: 0.2 ms]
   [Other: 0.5 ms]
      [Choose CSet: 0.0 ms]
      [Ref Proc: 0.1 ms]
      [Ref Enq: 0.0 ms]
      [Free CSet: 0.2 ms]
   [Eden: 135.0M(135.0M)->0.0B(133.0M) Survivors: 17.0M->19.0M Heap: 357.6M(512.0M)->270.2M(512.0M)]
 [Times: user=0.08 sys=0.00, real=0.04 secs] 
2014-07-10T12:29:08.292+0200: 61.465: [GC pause (G1 Evacuation Pause) (young) (initial-mark), 0.0422389 secs]
   [Parallel Time: 41.5 ms, GC Workers: 2]
      [GC Worker Start (ms): Min: 61464.9, Avg: 61464.9, Max: 61464.9, Diff: 0.0]
      [Ext Root Scanning (ms): Min: 0.4, Avg: 0.4, Max: 0.4, Diff: 0.0, Sum: 0.8]
      [Code Root Marking (ms): Min: 0.1, Avg: 0.1, Max: 0.1, Diff: 0.0, Sum: 0.1]
      [Update RS (ms): Min: 0.0, Avg: 0.1, Max: 0.1, Diff: 0.1, Sum: 0.1]
         [Processed Buffers: Min: 1, Avg: 1.5, Max: 2, Diff: 1, Sum: 3]
      [Scan RS (ms): Min: 0.2, Avg: 0.3, Max: 0.5, Diff: 0.3, Sum: 0.7]
      [Code Root Scanning (ms): Min: 0.1, Avg: 0.1, Max: 0.1, Diff: 0.0, Sum: 0.2]
      [Object Copy (ms): Min: 40.4, Avg: 40.5, Max: 40.6, Diff: 0.2, Sum: 81.0]
      [Termination (ms): Min: 0.0, Avg: 0.0, Max: 0.0, Diff: 0.0, Sum: 0.0]
      [GC Worker Other (ms): Min: 0.0, Avg: 0.0, Max: 0.0, Diff: 0.0, Sum: 0.1]
      [GC Worker Total (ms): Min: 41.5, Avg: 41.5, Max: 41.5, Diff: 0.0, Sum: 82.9]
      [GC Worker End (ms): Min: 61506.4, Avg: 61506.4, Max: 61506.4, Diff: 0.0]
   [Code Root Fixup: 0.0 ms]
   [Code Root Migration: 0.0 ms]
   [Clear CT: 0.1 ms]
   [Other: 0.6 ms]
      [Choose CSet: 0.0 ms]
      [Ref Proc: 0.0 ms]
      [Ref Enq: 0.0 ms]
      [Free CSet: 0.3 ms]
   [Eden: 133.0M(133.0M)->0.0B(147.0M) Survivors: 19.0M->19.0M Heap: 403.2M(512.0M)->316.6M(512.0M)]
 [Times: user=0.09 sys=0.00, real=0.04 secs] 
2014-07-10T12:29:08.334+0200: 61.507: [GC concurrent-root-region-scan-start]
2014-07-10T12:29:08.335+0200: 61.508: [GC concurrent-root-region-scan-end, 0.0003377 secs]
2014-07-10T12:29:08.335+0200: 61.508: [GC concurrent-mark-start]
2014-07-10T12:29:08.414+0200: 61.587: [GC concurrent-mark-end, 0.0042400 secs]
2014-07-10T12:29:08.414+0200: 61.587: [GC remark 61.587: [GC ref-proc, 0.0000612 secs], 0.0016553 secs]
 [Times: user=0.00 sys=0.00, real=0.00 secs] 
2014-07-10T12:29:08.462+0200: 61.635: [GC pause (G1 Evacuation Pause) (young), 0.0101724 secs]
   [Parallel Time: 9.5 ms, GC Workers: 2]
      [GC Worker Start (ms): Min: 61634.9, Avg: 61634.9, Max: 61634.9, Diff: 0.0]
      [Ext Root Scanning (ms): Min: 0.3, Avg: 0.3, Max: 0.3, Diff: 0.0, Sum: 0.6]
      [SATB Filtering (ms): Min: 0.0, Avg: 0.0, Max: 0.0, Diff: 0.0, Sum: 0.0]
      [Update RS (ms): Min: 0.0, Avg: 0.0, Max: 0.0, Diff: 0.0, Sum: 0.1]
         [Processed Buffers: Min: 1, Avg: 1.5, Max: 2, Diff: 1, Sum: 3]
      [Scan RS (ms): Min: 0.3, Avg: 0.3, Max: 0.3, Diff: 0.0, Sum: 0.5]
      [Code Root Scanning (ms): Min: 0.1, Avg: 0.1, Max: 0.1, Diff: 0.0, Sum: 0.2]
      [Object Copy (ms): Min: 8.8, Avg: 8.8, Max: 8.8, Diff: 0.0, Sum: 17.6]
      [Termination (ms): Min: 0.0, Avg: 0.0, Max: 0.0, Diff: 0.0, Sum: 0.0]
      [GC Worker Other (ms): Min: 0.0, Avg: 0.0, Max: 0.0, Diff: 0.0, Sum: 0.1]
      [GC Worker Total (ms): Min: 9.5, Avg: 9.5, Max: 9.5, Diff: 0.0, Sum: 19.0]
      [GC Worker End (ms): Min: 61644.4, Avg: 61644.4, Max: 61644.4, Diff: 0.0]
   [Code Root Fixup: 0.0 ms]
   [Code Root Migration: 0.1 ms]
   [Clear CT: 0.1 ms]
   [Other: 0.4 ms]
      [Choose CSet: 0.0 ms]
      [Ref Proc: 0.1 ms]
      [Ref Enq: 0.0 ms]
      [Free CSet: 0.2 ms]
   [Eden: 147.0M(147.0M)->0.0B(135.0M) Survivors: 19.0M->15.0M Heap: 463.6M(512.0M)->311.8M(512.0M)]
 [Times: user=0.00 sys=0.00, real=0.01 secs] 
2014-07-10T12:29:08.494+0200: 61.667: [GC cleanup 357M->166M(512M), 0.0020839 secs]
 [Times: user=0.00 sys=0.00, real=0.00 secs] 
2014-07-10T12:29:08.496+0200: 61.669: [GC concurrent-cleanup-start]
2014-07-10T12:29:08.496+0200: 61.669: [GC concurrent-cleanup-end, 0.0004257 secs]
2014-07-10T12:29:08.603+0200: 61.776: [GC pause (G1 Evacuation Pause) (young), 0.0047295 secs]
   [Parallel Time: 4.1 ms, GC Workers: 2]
      [GC Worker Start (ms): Min: 61776.0, Avg: 61776.0, Max: 61776.0, Diff: 0.0]
      [Ext Root Scanning (ms): Min: 0.3, Avg: 0.3, Max: 0.3, Diff: 0.0, Sum: 0.6]
      [Update RS (ms): Min: 0.0, Avg: 0.1, Max: 0.1, Diff: 0.1, Sum: 0.2]
         [Processed Buffers: Min: 2, Avg: 2.0, Max: 2, Diff: 0, Sum: 4]
      [Scan RS (ms): Min: 0.3, Avg: 0.3, Max: 0.3, Diff: 0.1, Sum: 0.6]
      [Code Root Scanning (ms): Min: 0.1, Avg: 0.1, Max: 0.1, Diff: 0.0, Sum: 0.2]
      [Object Copy (ms): Min: 3.2, Avg: 3.2, Max: 3.2, Diff: 0.0, Sum: 6.3]
      [Termination (ms): Min: 0.0, Avg: 0.0, Max: 0.0, Diff: 0.0, Sum: 0.0]
      [GC Worker Other (ms): Min: 0.0, Avg: 0.0, Max: 0.0, Diff: 0.0, Sum: 0.1]
      [GC Worker Total (ms): Min: 4.0, Avg: 4.0, Max: 4.0, Diff: 0.0, Sum: 8.0]
      [GC Worker End (ms): Min: 61780.0, Avg: 61780.0, Max: 61780.0, Diff: 0.0]
   [Code Root Fixup: 0.0 ms]
   [Code Root Migration: 0.0 ms]
   [Clear CT: 0.1 ms]
   [Other: 0.5 ms]
      [Choose CSet: 0.0 ms]
      [Ref Proc: 0.1 ms]
      [Ref Enq: 0.0 ms]
      [Free CSet: 0.3 ms]
   [Eden: 135.0M(135.0M)->0.0B(124.0M) Survivors: 15.0M->5120.0K Heap: 255.8M(512.0M)->111.5M(512.0M)]
 [Times: user=0.00 sys=0.00, real=0.01 secs] 
2014-07-10T12:29:08.685+0200: 61.858: [GC pause (G1 Evacuation Pause) (mixed), 0.0402020 secs]
   [Parallel Time: 39.6 ms, GC Workers: 2]
      [GC Worker Start (ms): Min: 61858.2, Avg: 61858.2, Max: 61858.2, Diff: 0.0]
      [Ext Root Scanning (ms): Min: 0.4, Avg: 0.4, Max: 0.4, Diff: 0.0, Sum: 0.8]
      [Update RS (ms): Min: 0.0, Avg: 0.1, Max: 0.1, Diff: 0.0, Sum: 0.1]
         [Processed Buffers: Min: 1, Avg: 1.5, Max: 2, Diff: 1, Sum: 3]
      [Scan RS (ms): Min: 0.2, Avg: 0.2, Max: 0.3, Diff: 0.0, Sum: 0.5]
      [Code Root Scanning (ms): Min: 0.1, Avg: 0.1, Max: 0.1, Diff: 0.0, Sum: 0.2]
      [Object Copy (ms): Min: 38.8, Avg: 38.8, Max: 38.8, Diff: 0.0, Sum: 77.5]
      [Termination (ms): Min: 0.0, Avg: 0.0, Max: 0.0, Diff: 0.0, Sum: 0.0]
      [GC Worker Other (ms): Min: 0.0, Avg: 0.0, Max: 0.0, Diff: 0.0, Sum: 0.1]
      [GC Worker Total (ms): Min: 39.6, Avg: 39.6, Max: 39.6, Diff: 0.0, Sum: 79.2]
      [GC Worker End (ms): Min: 61897.8, Avg: 61897.8, Max: 61897.8, Diff: 0.0]
   [Code Root Fixup: 0.0 ms]
   [Code Root Migration: 0.0 ms]
   [Clear CT: 0.1 ms]
   [Other: 0.4 ms]
      [Choose CSet: 0.0 ms]
      [Ref Proc: 0.0 ms]
      [Ref Enq: 0.0 ms]
      [Free CSet: 0.3 ms]
   [Eden: 124.0M(124.0M)->0.0B(128.0M) Survivors: 5120.0K->17.0M Heap: 235.5M(512.0M)->161.7M(512.0M)]
 [Times: user=0.09 sys=0.00, real=0.04 secs] 
2014-07-10T12:29:08.815+0200: 61.988: [GC pause (G1 Evacuation Pause) (young), 0.0378427 secs]
   [Parallel Time: 37.2 ms, GC Workers: 2]
      [GC Worker Start (ms): Min: 61987.7, Avg: 61987.7, Max: 61987.7, Diff: 0.0]
      [Ext Root Scanning (ms): Min: 0.3, Avg: 0.3, Max: 0.4, Diff: 0.0, Sum: 0.7]
      [Update RS (ms): Min: 0.1, Avg: 0.1, Max: 0.1, Diff: 0.0, Sum: 0.3]
         [Processed Buffers: Min: 1, Avg: 1.5, Max: 2, Diff: 1, Sum: 3]
      [Scan RS (ms): Min: 0.2, Avg: 0.2, Max: 0.2, Diff: 0.0, Sum: 0.5]
      [Code Root Scanning (ms): Min: 0.1, Avg: 0.1, Max: 0.1, Diff: 0.0, Sum: 0.2]
      [Object Copy (ms): Min: 36.3, Avg: 36.3, Max: 36.4, Diff: 0.0, Sum: 72.7]
      [Termination (ms): Min: 0.0, Avg: 0.0, Max: 0.0, Diff: 0.0, Sum: 0.0]
      [GC Worker Other (ms): Min: 0.0, Avg: 0.0, Max: 0.0, Diff: 0.0, Sum: 0.1]
      [GC Worker Total (ms): Min: 37.2, Avg: 37.2, Max: 37.2, Diff: 0.0, Sum: 74.4]
      [GC Worker End (ms): Min: 62024.8, Avg: 62024.8, Max: 62024.8, Diff: 0.0]
   [Code Root Fixup: 0.0 ms]
   [Code Root Migration: 0.0 ms]
   [Clear CT: 0.1 ms]
   [Other: 0.5 ms]
      [Choose CSet: 0.0 ms]
      [Ref Proc: 0.1 ms]
      [Ref Enq: 0.0 ms]
      [Free CSet: 0.3 ms]
   [Eden: 128.0M(128.0M)->0.0B(126.0M) Survivors: 17.0M->19.0M Heap: 289.7M(512.0M)->203.5M(512.0M)]
 [Times: user=0.09 sys=0.00, real=0.04 secs] 
2014-07-10T12:29:08.992+0200: 62.165: [GC pause (G1 Evacuation Pause) (young), 0.0346934 secs]
   [Parallel Time: 34.0 ms, GC Workers: 2]
      [GC Worker Start (ms): Min: 62164.8, Avg: 62164.8, Max: 62164.8, Diff: 0.0]
      [Ext Root Scanning (ms): Min: 0.4, Avg: 0.4, Max: 0.4, Diff: 0.0, Sum: 0.7]
      [Update RS (ms): Min: 0.0, Avg: 0.1, Max: 0.1, Diff: 0.0, Sum: 0.1]
         [Processed Buffers: Min: 1, Avg: 1.5, Max: 2, Diff: 1, Sum: 3]
      [Scan RS (ms): Min: 0.2, Avg: 0.3, Max: 0.3, Diff: 0.0, Sum: 0.5]
      [Code Root Scanning (ms): Min: 0.1, Avg: 0.1, Max: 0.1, Diff: 0.0, Sum: 0.3]
      [Object Copy (ms): Min: 33.1, Avg: 33.1, Max: 33.1, Diff: 0.0, Sum: 66.2]
      [Termination (ms): Min: 0.0, Avg: 0.0, Max: 0.0, Diff: 0.0, Sum: 0.0]
      [GC Worker Other (ms): Min: 0.0, Avg: 0.0, Max: 0.0, Diff: 0.0, Sum: 0.1]
      [GC Worker Total (ms): Min: 34.0, Avg: 34.0, Max: 34.0, Diff: 0.0, Sum: 67.9]
      [GC Worker End (ms): Min: 62198.8, Avg: 62198.8, Max: 62198.8, Diff: 0.0]
   [Code Root Fixup: 0.0 ms]
   [Code Root Migration: 0.0 ms]
   [Clear CT: 0.1 ms]
   [Other: 0.5 ms]
      [Choose CSet: 0.0 ms]
      [Ref Proc: 0.1 ms]
      [Ref Enq: 0.0 ms]
      [Free CSet: 0.3 ms]
   [Eden: 126.0M(126.0M)->0.0B(114.0M) Survivors: 19.0M->19.0M Heap: 329.5M(512.0M)->237.2M(512.0M)]
 [Times: user=0.06 sys=0.00, real=0.03 secs] 
2014-07-10T12:29:09.081+0200: 62.254: [GC pause (G1 Evacuation Pause) (young), 0.0149774 secs]
   [Parallel Time: 14.3 ms, GC Workers: 2]
      [GC Worker Start (ms): Min: 62254.4, Avg: 62254.4, Max: 62254.4, Diff: 0.0]
      [Ext Root Scanning (ms): Min: 0.3, Avg: 0.3, Max: 0.3, Diff: 0.0, Sum: 0.7]
      [Update RS (ms): Min: 0.0, Avg: 0.1, Max: 0.1, Diff: 0.1, Sum: 0.2]
         [Processed Buffers: Min: 2, Avg: 2.0, Max: 2, Diff: 0, Sum: 4]
      [Scan RS (ms): Min: 0.2, Avg: 0.2, Max: 0.2, Diff: 0.1, Sum: 0.4]
      [Code Root Scanning (ms): Min: 0.1, Avg: 0.1, Max: 0.1, Diff: 0.0, Sum: 0.2]
      [Object Copy (ms): Min: 13.5, Avg: 13.5, Max: 13.5, Diff: 0.0, Sum: 27.0]
      [Termination (ms): Min: 0.0, Avg: 0.0, Max: 0.0, Diff: 0.0, Sum: 0.0]
      [GC Worker Other (ms): Min: 0.0, Avg: 0.0, Max: 0.0, Diff: 0.0, Sum: 0.1]
      [GC Worker Total (ms): Min: 14.3, Avg: 14.3, Max: 14.3, Diff: 0.0, Sum: 28.5]
      [GC Worker End (ms): Min: 62268.7, Avg: 62268.7, Max: 62268.7, Diff: 0.0]
   [Code Root Fixup: 0.0 ms]
   [Code Root Migration: 0.0 ms]
   [Clear CT: 0.2 ms]
   [Other: 0.5 ms]
      [Choose CSet: 0.0 ms]
      [Ref Proc: 0.1 ms]
      [Ref Enq: 0.0 ms]
      [Free CSet: 0.3 ms]
   [Eden: 114.0M(114.0M)->0.0B(137.0M) Survivors: 19.0M->17.0M Heap: 351.2M(512.0M)->239.6M(512.0M)]
 [Times: user=0.03 sys=0.00, real=0.02 secs] 
2014-07-10T12:29:09.214+0200: 62.387: [GC pause (G1 Evacuation Pause) (young), 0.0177857 secs]
   [Parallel Time: 17.1 ms, GC Workers: 2]
      [GC Worker Start (ms): Min: 62386.8, Avg: 62386.8, Max: 62386.8, Diff: 0.0]
      [Ext Root Scanning (ms): Min: 0.3, Avg: 0.3, Max: 0.3, Diff: 0.0, Sum: 0.6]
      [Update RS (ms): Min: 0.0, Avg: 0.1, Max: 0.1, Diff: 0.1, Sum: 0.1]
         [Processed Buffers: Min: 1, Avg: 1.5, Max: 2, Diff: 1, Sum: 3]
      [Scan RS (ms): Min: 0.2, Avg: 0.3, Max: 0.3, Diff: 0.1, Sum: 0.6]
      [Code Root Scanning (ms): Min: 0.1, Avg: 0.1, Max: 0.1, Diff: 0.0, Sum: 0.2]
      [Object Copy (ms): Min: 16.2, Avg: 16.3, Max: 16.3, Diff: 0.0, Sum: 32.5]
      [Termination (ms): Min: 0.0, Avg: 0.0, Max: 0.0, Diff: 0.0, Sum: 0.0]
      [GC Worker Other (ms): Min: 0.0, Avg: 0.0, Max: 0.0, Diff: 0.0, Sum: 0.1]
      [GC Worker Total (ms): Min: 17.0, Avg: 17.1, Max: 17.1, Diff: 0.0, Sum: 34.1]
      [GC Worker End (ms): Min: 62403.8, Avg: 62403.8, Max: 62403.9, Diff: 0.0]
   [Code Root Fixup: 0.0 ms]
   [Code Root Migration: 0.0 ms]
   [Clear CT: 0.1 ms]
   [Other: 0.5 ms]
      [Choose CSet: 0.0 ms]
      [Ref Proc: 0.2 ms]
      [Ref Enq: 0.0 ms]
      [Free CSet: 0.2 ms]
   [Eden: 137.0M(137.0M)->0.0B(128.0M) Survivors: 17.0M->20.0M Heap: 376.6M(512.0M)->248.9M(512.0M)]
 [Times: user=0.03 sys=0.00, real=0.02 secs] 
2014-07-10T12:29:09.373+0200: 62.546: [GC pause (G1 Evacuation Pause) (young), 0.0261609 secs]
   [Parallel Time: 24.2 ms, GC Workers: 2]
      [GC Worker Start (ms): Min: 62546.1, Avg: 62546.1, Max: 62546.1, Diff: 0.0]
      [Ext Root Scanning (ms): Min: 0.7, Avg: 0.7, Max: 0.7, Diff: 0.0, Sum: 1.3]
      [Update RS (ms): Min: 0.1, Avg: 0.1, Max: 0.2, Diff: 0.2, Sum: 0.3]
         [Processed Buffers: Min: 1, Avg: 1.5, Max: 2, Diff: 1, Sum: 3]
      [Scan RS (ms): Min: 0.4, Avg: 0.4, Max: 0.5, Diff: 0.1, Sum: 0.9]
      [Code Root Scanning (ms): Min: 0.1, Avg: 0.1, Max: 0.2, Diff: 0.0, Sum: 0.3]
      [Object Copy (ms): Min: 22.7, Avg: 22.7, Max: 22.7, Diff: 0.0, Sum: 45.5]
      [Termination (ms): Min: 0.0, Avg: 0.0, Max: 0.0, Diff: 0.0, Sum: 0.0]
      [GC Worker Other (ms): Min: 0.0, Avg: 0.0, Max: 0.1, Diff: 0.0, Sum: 0.1]
      [GC Worker Total (ms): Min: 24.2, Avg: 24.2, Max: 24.2, Diff: 0.0, Sum: 48.3]
      [GC Worker End (ms): Min: 62570.2, Avg: 62570.3, Max: 62570.3, Diff: 0.0]
   [Code Root Fixup: 0.0 ms]
   [Code Root Migration: 0.1 ms]
   [Clear CT: 0.2 ms]
   [Other: 1.6 ms]
      [Choose CSet: 0.0 ms]
      [Ref Proc: 0.4 ms]
      [Ref Enq: 0.0 ms]
      [Free CSet: 0.7 ms]
   [Eden: 128.0M(128.0M)->0.0B(115.0M) Survivors: 20.0M->19.0M Heap: 376.9M(512.0M)->251.0M(512.0M)]
 [Times: user=0.06 sys=0.00, real=0.03 secs] 
2014-07-10T12:29:09.458+0200: 62.631: [GC pause (G1 Evacuation Pause) (young) (initial-mark), 0.0046242 secs]
   [Parallel Time: 3.9 ms, GC Workers: 2]
      [GC Worker Start (ms): Min: 62631.5, Avg: 62631.5, Max: 62631.5, Diff: 0.0]
      [Ext Root Scanning (ms): Min: 0.4, Avg: 0.4, Max: 0.4, Diff: 0.0, Sum: 0.8]
      [Code Root Marking (ms): Min: 0.1, Avg: 0.1, Max: 0.1, Diff: 0.0, Sum: 0.1]
      [Update RS (ms): Min: 0.0, Avg: 0.0, Max: 0.0, Diff: 0.0, Sum: 0.1]
         [Processed Buffers: Min: 1, Avg: 1.5, Max: 2, Diff: 1, Sum: 3]
      [Scan RS (ms): Min: 0.2, Avg: 0.2, Max: 0.2, Diff: 0.0, Sum: 0.4]
      [Code Root Scanning (ms): Min: 0.1, Avg: 0.1, Max: 0.1, Diff: 0.0, Sum: 0.1]
      [Object Copy (ms): Min: 3.1, Avg: 3.1, Max: 3.1, Diff: 0.0, Sum: 6.2]
      [Termination (ms): Min: 0.0, Avg: 0.0, Max: 0.0, Diff: 0.0, Sum: 0.0]
      [GC Worker Other (ms): Min: 0.0, Avg: 0.0, Max: 0.0, Diff: 0.0, Sum: 0.1]
      [GC Worker Total (ms): Min: 3.9, Avg: 3.9, Max: 3.9, Diff: 0.0, Sum: 7.7]
      [GC Worker End (ms): Min: 62635.4, Avg: 62635.4, Max: 62635.4, Diff: 0.0]
   [Code Root Fixup: 0.0 ms]
   [Code Root Migration: 0.0 ms]
   [Clear CT: 0.1 ms]
   [Other: 0.6 ms]
      [Choose CSet: 0.0 ms]
      [Ref Proc: 0.1 ms]
      [Ref Enq: 0.0 ms]
      [Free CSet: 0.3 ms]
   [Eden: 115.0M(115.0M)->0.0B(133.0M) Survivors: 19.0M->5120.0K Heap: 366.0M(512.0M)->237.0M(512.0M)]
 [Times: user=0.00 sys=0.00, real=0.01 secs] 
2014-07-10T12:29:09.463+0200: 62.636: [GC concurrent-root-region-scan-start]
2014-07-10T12:29:09.463+0200: 62.636: [GC concurrent-root-region-scan-end, 0.0000818 secs]
2014-07-10T12:29:09.463+0200: 62.636: [GC concurrent-mark-start]
2014-07-10T12:29:09.543+0200: 62.716: [GC concurrent-mark-end, 0.0053403 secs]
2014-07-10T12:29:09.543+0200: 62.716: [GC remark 62.716: [GC ref-proc, 0.0000554 secs], 0.0009672 secs]
 [Times: user=0.00 sys=0.00, real=0.00 secs] 
2014-07-10T12:29:09.601+0200: 62.774: [GC pause (G1 Evacuation Pause) (young), 0.0403658 secs]
   [Parallel Time: 39.8 ms, GC Workers: 2]
      [GC Worker Start (ms): Min: 62773.7, Avg: 62773.7, Max: 62773.7, Diff: 0.0]
      [Ext Root Scanning (ms): Min: 0.3, Avg: 0.3, Max: 0.3, Diff: 0.0, Sum: 0.5]
      [SATB Filtering (ms): Min: 0.0, Avg: 0.0, Max: 0.0, Diff: 0.0, Sum: 0.0]
      [Update RS (ms): Min: 0.0, Avg: 0.1, Max: 0.1, Diff: 0.0, Sum: 0.1]
         [Processed Buffers: Min: 2, Avg: 2.0, Max: 2, Diff: 0, Sum: 4]
      [Scan RS (ms): Min: 0.2, Avg: 0.2, Max: 0.2, Diff: 0.0, Sum: 0.4]
      [Code Root Scanning (ms): Min: 0.1, Avg: 0.1, Max: 0.1, Diff: 0.0, Sum: 0.2]
      [Object Copy (ms): Min: 39.1, Avg: 39.1, Max: 39.1, Diff: 0.0, Sum: 78.2]
      [Termination (ms): Min: 0.0, Avg: 0.0, Max: 0.0, Diff: 0.0, Sum: 0.0]
      [GC Worker Other (ms): Min: 0.0, Avg: 0.0, Max: 0.0, Diff: 0.0, Sum: 0.1]
      [GC Worker Total (ms): Min: 39.8, Avg: 39.8, Max: 39.8, Diff: 0.0, Sum: 79.5]
      [GC Worker End (ms): Min: 62813.5, Avg: 62813.5, Max: 62813.5, Diff: 0.0]
   [Code Root Fixup: 0.0 ms]
   [Code Root Migration: 0.0 ms]
   [Clear CT: 0.1 ms]
   [Other: 0.4 ms]
      [Choose CSet: 0.0 ms]
      [Ref Proc: 0.1 ms]
      [Ref Enq: 0.0 ms]
      [Free CSet: 0.2 ms]
   [Eden: 133.0M(133.0M)->0.0B(121.0M) Survivors: 5120.0K->18.0M Heap: 370.0M(512.0M)->295.9M(512.0M)]
 [Times: user=0.06 sys=0.00, real=0.04 secs] 
2014-07-10T12:29:09.641+0200: 62.814: [GC cleanup 295M->122M(512M), 0.0012557 secs]
 [Times: user=0.00 sys=0.00, real=0.00 secs] 
2014-07-10T12:29:09.643+0200: 62.816: [GC concurrent-cleanup-start]
2014-07-10T12:29:09.643+0200: 62.816: [GC concurrent-cleanup-end, 0.0003560 secs]
2014-07-10T12:29:09.704+0200: 62.877: [GC pause (G1 Evacuation Pause) (young), 0.0340812 secs]
   [Parallel Time: 33.4 ms, GC Workers: 2]
      [GC Worker Start (ms): Min: 62877.4, Avg: 62877.4, Max: 62877.4, Diff: 0.0]
      [Ext Root Scanning (ms): Min: 0.3, Avg: 0.3, Max: 0.3, Diff: 0.0, Sum: 0.7]
      [Update RS (ms): Min: 0.0, Avg: 0.1, Max: 0.1, Diff: 0.1, Sum: 0.1]
         [Processed Buffers: Min: 1, Avg: 1.5, Max: 2, Diff: 1, Sum: 3]
      [Scan RS (ms): Min: 0.2, Avg: 0.2, Max: 0.2, Diff: 0.1, Sum: 0.4]
      [Code Root Scanning (ms): Min: 0.1, Avg: 0.1, Max: 0.1, Diff: 0.0, Sum: 0.2]
      [Object Copy (ms): Min: 32.7, Avg: 32.7, Max: 32.7, Diff: 0.0, Sum: 65.3]
      [Termination (ms): Min: 0.0, Avg: 0.0, Max: 0.0, Diff: 0.0, Sum: 0.0]
      [GC Worker Other (ms): Min: 0.0, Avg: 0.0, Max: 0.0, Diff: 0.0, Sum: 0.1]
      [GC Worker Total (ms): Min: 33.4, Avg: 33.4, Max: 33.4, Diff: 0.0, Sum: 66.8]
      [GC Worker End (ms): Min: 62910.8, Avg: 62910.8, Max: 62910.8, Diff: 0.0]
   [Code Root Fixup: 0.0 ms]
   [Code Root Migration: 0.0 ms]
   [Clear CT: 0.1 ms]
   [Other: 0.5 ms]
      [Choose CSet: 0.0 ms]
      [Ref Proc: 0.1 ms]
      [Ref Enq: 0.0 ms]
      [Free CSet: 0.3 ms]
   [Eden: 121.0M(121.0M)->0.0B(137.0M) Survivors: 18.0M->18.0M Heap: 243.9M(512.0M)->157.8M(512.0M)]
 [Times: user=0.09 sys=0.00, real=0.04 secs] 
2014-07-10T12:29:09.815+0200: 62.988: [GC pause (G1 Evacuation Pause) (mixed), 0.0372558 secs]
   [Parallel Time: 36.6 ms, GC Workers: 2]
      [GC Worker Start (ms): Min: 62988.0, Avg: 62988.1, Max: 62988.1, Diff: 0.0]
      [Ext Root Scanning (ms): Min: 0.4, Avg: 0.4, Max: 0.4, Diff: 0.0, Sum: 0.7]
      [Update RS (ms): Min: 0.0, Avg: 0.0, Max: 0.1, Diff: 0.0, Sum: 0.1]
         [Processed Buffers: Min: 1, Avg: 1.5, Max: 2, Diff: 1, Sum: 3]
      [Scan RS (ms): Min: 0.3, Avg: 0.3, Max: 0.3, Diff: 0.0, Sum: 0.7]
      [Code Root Scanning (ms): Min: 0.1, Avg: 0.1, Max: 0.1, Diff: 0.0, Sum: 0.2]
      [Object Copy (ms): Min: 35.6, Avg: 35.7, Max: 35.7, Diff: 0.1, Sum: 71.3]
      [Termination (ms): Min: 0.0, Avg: 0.0, Max: 0.0, Diff: 0.0, Sum: 0.0]
      [GC Worker Other (ms): Min: 0.0, Avg: 0.0, Max: 0.0, Diff: 0.0, Sum: 0.1]
      [GC Worker Total (ms): Min: 36.6, Avg: 36.6, Max: 36.6, Diff: 0.0, Sum: 73.1]
      [GC Worker End (ms): Min: 63024.6, Avg: 63024.6, Max: 63024.6, Diff: 0.0]
   [Code Root Fixup: 0.0 ms]
   [Code Root Migration: 0.0 ms]
   [Clear CT: 0.1 ms]
   [Other: 0.5 ms]
      [Choose CSet: 0.0 ms]
      [Ref Proc: 0.1 ms]
      [Ref Enq: 0.0 ms]
      [Free CSet: 0.3 ms]
   [Eden: 137.0M(137.0M)->0.0B(142.0M) Survivors: 18.0M->20.0M Heap: 294.8M(512.0M)->190.5M(512.0M)]
 [Times: user=0.09 sys=0.00, real=0.04 secs] 
2014-07-10T12:29:09.987+0200: 63.160: [GC pause (G1 Evacuation Pause) (young), 0.0022005 secs]
   [Parallel Time: 1.6 ms, GC Workers: 2]
      [GC Worker Start (ms): Min: 63160.0, Avg: 63160.0, Max: 63160.0, Diff: 0.0]
      [Ext Root Scanning (ms): Min: 0.3, Avg: 0.3, Max: 0.4, Diff: 0.0, Sum: 0.7]
      [Update RS (ms): Min: 0.0, Avg: 0.1, Max: 0.2, Diff: 0.1, Sum: 0.2]
         [Processed Buffers: Min: 1, Avg: 1.5, Max: 2, Diff: 1, Sum: 3]
      [Scan RS (ms): Min: 0.2, Avg: 0.3, Max: 0.3, Diff: 0.1, Sum: 0.6]
      [Code Root Scanning (ms): Min: 0.1, Avg: 0.1, Max: 0.1, Diff: 0.0, Sum: 0.2]
      [Object Copy (ms): Min: 0.7, Avg: 0.7, Max: 0.7, Diff: 0.0, Sum: 1.4]
      [Termination (ms): Min: 0.0, Avg: 0.0, Max: 0.0, Diff: 0.0, Sum: 0.0]
      [GC Worker Other (ms): Min: 0.0, Avg: 0.0, Max: 0.0, Diff: 0.0, Sum: 0.0]
      [GC Worker Total (ms): Min: 1.5, Avg: 1.6, Max: 1.6, Diff: 0.0, Sum: 3.1]
      [GC Worker End (ms): Min: 63161.5, Avg: 63161.5, Max: 63161.5, Diff: 0.0]
   [Code Root Fixup: 0.0 ms]
   [Code Root Migration: 0.0 ms]
   [Clear CT: 0.1 ms]
   [Other: 0.5 ms]
      [Choose CSet: 0.0 ms]
      [Ref Proc: 0.1 ms]
      [Ref Enq: 0.0 ms]
      [Free CSet: 0.3 ms]
   [Eden: 142.0M(142.0M)->0.0B(129.0M) Survivors: 20.0M->2048.0K Heap: 332.5M(512.0M)->172.1M(512.0M)]
 [Times: user=0.03 sys=0.00, real=0.00 secs] 
2014-07-10T12:29:10.092+0200: 63.266: [GC pause (G1 Evacuation Pause) (young), 0.0331254 secs]
   [Parallel Time: 32.4 ms, GC Workers: 2]
      [GC Worker Start (ms): Min: 63265.7, Avg: 63265.7, Max: 63265.7, Diff: 0.0]
      [Ext Root Scanning (ms): Min: 0.3, Avg: 0.3, Max: 0.3, Diff: 0.0, Sum: 0.7]
      [Update RS (ms): Min: 0.0, Avg: 0.1, Max: 0.1, Diff: 0.1, Sum: 0.2]
         [Processed Buffers: Min: 2, Avg: 2.0, Max: 2, Diff: 0, Sum: 4]
      [Scan RS (ms): Min: 0.2, Avg: 0.2, Max: 0.2, Diff: 0.1, Sum: 0.4]
      [Code Root Scanning (ms): Min: 0.1, Avg: 0.1, Max: 0.1, Diff: 0.0, Sum: 0.2]
      [Object Copy (ms): Min: 30.9, Avg: 30.9, Max: 31.0, Diff: 0.1, Sum: 61.9]
      [Termination (ms): Min: 0.0, Avg: 0.4, Max: 0.7, Diff: 0.7, Sum: 0.7]
      [GC Worker Other (ms): Min: 0.0, Avg: 0.0, Max: 0.0, Diff: 0.0, Sum: 0.1]
      [GC Worker Total (ms): Min: 31.7, Avg: 32.1, Max: 32.4, Diff: 0.6, Sum: 64.1]
      [GC Worker End (ms): Min: 63297.4, Avg: 63297.7, Max: 63298.1, Diff: 0.6]
   [Code Root Fixup: 0.0 ms]
   [Code Root Migration: 0.0 ms]
   [Clear CT: 0.1 ms]
   [Other: 0.5 ms]
      [Choose CSet: 0.0 ms]
      [Ref Proc: 0.0 ms]
      [Ref Enq: 0.0 ms]
      [Free CSet: 0.3 ms]
   [Eden: 129.0M(129.0M)->0.0B(123.0M) Survivors: 2048.0K->17.0M Heap: 301.1M(512.0M)->218.8M(512.0M)]
 [Times: user=0.06 sys=0.00, real=0.03 secs] 
2014-07-10T12:29:10.205+0200: 63.378: [GC pause (G1 Evacuation Pause) (young), 0.0256667 secs]
   [Parallel Time: 25.0 ms, GC Workers: 2]
      [GC Worker Start (ms): Min: 63378.1, Avg: 63378.1, Max: 63378.1, Diff: 0.0]
      [Ext Root Scanning (ms): Min: 0.3, Avg: 0.3, Max: 0.3, Diff: 0.0, Sum: 0.7]
      [Update RS (ms): Min: 0.0, Avg: 0.1, Max: 0.1, Diff: 0.1, Sum: 0.2]
         [Processed Buffers: Min: 1, Avg: 1.5, Max: 2, Diff: 1, Sum: 3]
      [Scan RS (ms): Min: 0.2, Avg: 0.2, Max: 0.3, Diff: 0.1, Sum: 0.5]
      [Code Root Scanning (ms): Min: 0.1, Avg: 0.1, Max: 0.1, Diff: 0.0, Sum: 0.2]
      [Object Copy (ms): Min: 24.2, Avg: 24.2, Max: 24.2, Diff: 0.0, Sum: 48.3]
      [Termination (ms): Min: 0.0, Avg: 0.0, Max: 0.0, Diff: 0.0, Sum: 0.0]
      [GC Worker Other (ms): Min: 0.0, Avg: 0.0, Max: 0.0, Diff: 0.0, Sum: 0.1]
      [GC Worker Total (ms): Min: 24.9, Avg: 24.9, Max: 24.9, Diff: 0.0, Sum: 49.9]
      [GC Worker End (ms): Min: 63403.0, Avg: 63403.0, Max: 63403.0, Diff: 0.0]
   [Code Root Fixup: 0.0 ms]
   [Code Root Migration: 0.0 ms]
   [Clear CT: 0.1 ms]
   [Other: 0.5 ms]
      [Choose CSet: 0.0 ms]
      [Ref Proc: 0.1 ms]
      [Ref Enq: 0.0 ms]
      [Free CSet: 0.3 ms]
   [Eden: 123.0M(123.0M)->0.0B(125.0M) Survivors: 17.0M->18.0M Heap: 341.8M(512.0M)->240.9M(512.0M)]
 [Times: user=0.05 sys=0.02, real=0.03 secs] 
2014-07-10T12:29:10.381+0200: 63.555: [GC pause (G1 Evacuation Pause) (young), 0.0246809 secs]
   [Parallel Time: 23.9 ms, GC Workers: 2]
      [GC Worker Start (ms): Min: 63554.8, Avg: 63554.8, Max: 63554.8, Diff: 0.0]
      [Ext Root Scanning (ms): Min: 0.6, Avg: 0.6, Max: 0.6, Diff: 0.0, Sum: 1.2]
      [Update RS (ms): Min: 0.0, Avg: 0.1, Max: 0.3, Diff: 0.2, Sum: 0.3]
         [Processed Buffers: Min: 1, Avg: 1.5, Max: 2, Diff: 1, Sum: 3]
      [Scan RS (ms): Min: 0.4, Avg: 0.4, Max: 0.5, Diff: 0.2, Sum: 0.9]
      [Code Root Scanning (ms): Min: 0.1, Avg: 0.1, Max: 0.1, Diff: 0.0, Sum: 0.3]
      [Object Copy (ms): Min: 22.4, Avg: 22.5, Max: 22.5, Diff: 0.0, Sum: 44.9]
      [Termination (ms): Min: 0.0, Avg: 0.0, Max: 0.0, Diff: 0.0, Sum: 0.0]
      [GC Worker Other (ms): Min: 0.0, Avg: 0.0, Max: 0.0, Diff: 0.0, Sum: 0.1]
      [GC Worker Total (ms): Min: 23.8, Avg: 23.8, Max: 23.8, Diff: 0.0, Sum: 47.6]
      [GC Worker End (ms): Min: 63578.6, Avg: 63578.6, Max: 63578.6, Diff: 0.0]
   [Code Root Fixup: 0.0 ms]
   [Code Root Migration: 0.0 ms]
   [Clear CT: 0.1 ms]
   [Other: 0.7 ms]
      [Choose CSet: 0.1 ms]
      [Ref Proc: 0.1 ms]
      [Ref Enq: 0.0 ms]
      [Free CSet: 0.3 ms]
   [Eden: 125.0M(125.0M)->0.0B(113.0M) Survivors: 18.0M->18.0M Heap: 365.9M(512.0M)->254.9M(512.0M)]
 [Times: user=0.03 sys=0.00, real=0.03 secs] 
2014-07-10T12:29:10.463+0200: 63.636: [GC pause (G1 Evacuation Pause) (young) (initial-mark), 0.0042100 secs]
   [Parallel Time: 3.6 ms, GC Workers: 2]
      [GC Worker Start (ms): Min: 63636.3, Avg: 63636.3, Max: 63636.3, Diff: 0.0]
      [Ext Root Scanning (ms): Min: 0.3, Avg: 0.3, Max: 0.3, Diff: 0.0, Sum: 0.6]
      [Code Root Marking (ms): Min: 0.1, Avg: 0.1, Max: 0.1, Diff: 0.0, Sum: 0.1]
      [Update RS (ms): Min: 0.0, Avg: 0.0, Max: 0.0, Diff: 0.0, Sum: 0.1]
         [Processed Buffers: Min: 2, Avg: 2.0, Max: 2, Diff: 0, Sum: 4]
      [Scan RS (ms): Min: 0.2, Avg: 0.2, Max: 0.2, Diff: 0.0, Sum: 0.3]
      [Code Root Scanning (ms): Min: 0.1, Avg: 0.1, Max: 0.1, Diff: 0.0, Sum: 0.2]
      [Object Copy (ms): Min: 2.9, Avg: 2.9, Max: 2.9, Diff: 0.0, Sum: 5.7]
      [Termination (ms): Min: 0.0, Avg: 0.0, Max: 0.0, Diff: 0.0, Sum: 0.0]
      [GC Worker Other (ms): Min: 0.0, Avg: 0.0, Max: 0.0, Diff: 0.0, Sum: 0.1]
      [GC Worker Total (ms): Min: 3.6, Avg: 3.6, Max: 3.6, Diff: 0.0, Sum: 7.1]
      [GC Worker End (ms): Min: 63639.9, Avg: 63639.9, Max: 63639.9, Diff: 0.0]
   [Code Root Fixup: 0.0 ms]
   [Code Root Migration: 0.0 ms]
   [Clear CT: 0.1 ms]
   [Other: 0.4 ms]
      [Choose CSet: 0.0 ms]
      [Ref Proc: 0.1 ms]
      [Ref Enq: 0.0 ms]
      [Free CSet: 0.2 ms]
   [Eden: 113.0M(113.0M)->0.0B(133.0M) Survivors: 18.0M->5120.0K Heap: 367.9M(512.0M)->241.7M(512.0M)]
 [Times: user=0.00 sys=0.00, real=0.00 secs] 
2014-07-10T12:29:10.467+0200: 63.641: [GC concurrent-root-region-scan-start]
2014-07-10T12:29:10.468+0200: 63.641: [GC concurrent-root-region-scan-end, 0.0000719 secs]
2014-07-10T12:29:10.468+0200: 63.641: [GC concurrent-mark-start]
2014-07-10T12:29:10.547+0200: 63.720: [GC concurrent-mark-end, 0.0053315 secs]
2014-07-10T12:29:10.547+0200: 63.720: [GC remark 63.720: [GC ref-proc, 0.0001529 secs], 0.0023372 secs]
 [Times: user=0.02 sys=0.00, real=0.00 secs] 
2014-07-10T12:29:10.610+0200: 63.783: [GC pause (G1 Evacuation Pause) (young), 0.0052757 secs]
   [Parallel Time: 4.7 ms, GC Workers: 2]
      [GC Worker Start (ms): Min: 63782.8, Avg: 63782.8, Max: 63782.8, Diff: 0.0]
      [Ext Root Scanning (ms): Min: 0.3, Avg: 0.3, Max: 0.3, Diff: 0.0, Sum: 0.7]
      [SATB Filtering (ms): Min: 0.0, Avg: 0.0, Max: 0.0, Diff: 0.0, Sum: 0.0]
      [Update RS (ms): Min: 0.1, Avg: 0.1, Max: 0.1, Diff: 0.0, Sum: 0.1]
         [Processed Buffers: Min: 1, Avg: 1.5, Max: 2, Diff: 1, Sum: 3]
      [Scan RS (ms): Min: 0.2, Avg: 0.2, Max: 0.2, Diff: 0.0, Sum: 0.5]
      [Code Root Scanning (ms): Min: 0.1, Avg: 0.1, Max: 0.1, Diff: 0.0, Sum: 0.2]
      [Object Copy (ms): Min: 3.8, Avg: 3.8, Max: 3.8, Diff: 0.0, Sum: 7.7]
      [Termination (ms): Min: 0.0, Avg: 0.0, Max: 0.0, Diff: 0.0, Sum: 0.0]
      [GC Worker Other (ms): Min: 0.0, Avg: 0.0, Max: 0.0, Diff: 0.0, Sum: 0.1]
      [GC Worker Total (ms): Min: 4.6, Avg: 4.6, Max: 4.6, Diff: 0.0, Sum: 9.2]
      [GC Worker End (ms): Min: 63787.4, Avg: 63787.4, Max: 63787.4, Diff: 0.0]
   [Code Root Fixup: 0.0 ms]
   [Code Root Migration: 0.0 ms]
   [Clear CT: 0.1 ms]
   [Other: 0.4 ms]
      [Choose CSet: 0.0 ms]
      [Ref Proc: 0.1 ms]
      [Ref Enq: 0.0 ms]
      [Free CSet: 0.3 ms]
   [Eden: 133.0M(133.0M)->0.0B(121.0M) Survivors: 5120.0K->6144.0K Heap: 374.7M(512.0M)->242.6M(512.0M)]
 [Times: user=0.02 sys=0.00, real=0.01 secs] 
2014-07-10T12:29:10.628+0200: 63.801: [GC cleanup 269M->91M(512M), 0.0020164 secs]
 [Times: user=0.00 sys=0.00, real=0.00 secs] 
2014-07-10T12:29:10.630+0200: 63.803: [GC concurrent-cleanup-start]
2014-07-10T12:29:10.630+0200: 63.803: [GC concurrent-cleanup-end, 0.0005551 secs]
2014-07-10T12:29:10.685+0200: 63.858: [GC pause (G1 Evacuation Pause) (young), 0.0386511 secs]
   [Parallel Time: 38.1 ms, GC Workers: 2]
      [GC Worker Start (ms): Min: 63858.1, Avg: 63858.1, Max: 63858.1, Diff: 0.0]
      [Ext Root Scanning (ms): Min: 0.3, Avg: 0.3, Max: 0.3, Diff: 0.0, Sum: 0.7]
      [Update RS (ms): Min: 0.0, Avg: 0.1, Max: 0.1, Diff: 0.0, Sum: 0.1]
         [Processed Buffers: Min: 1, Avg: 1.5, Max: 2, Diff: 1, Sum: 3]
      [Scan RS (ms): Min: 0.2, Avg: 0.2, Max: 0.2, Diff: 0.0, Sum: 0.4]
      [Code Root Scanning (ms): Min: 0.1, Avg: 0.1, Max: 0.1, Diff: 0.0, Sum: 0.2]
      [Object Copy (ms): Min: 37.3, Avg: 37.3, Max: 37.3, Diff: 0.0, Sum: 74.6]
      [Termination (ms): Min: 0.0, Avg: 0.0, Max: 0.0, Diff: 0.0, Sum: 0.0]
      [GC Worker Other (ms): Min: 0.0, Avg: 0.0, Max: 0.0, Diff: 0.0, Sum: 0.1]
      [GC Worker Total (ms): Min: 38.1, Avg: 38.1, Max: 38.1, Diff: 0.0, Sum: 76.1]
      [GC Worker End (ms): Min: 63896.1, Avg: 63896.1, Max: 63896.1, Diff: 0.0]
   [Code Root Fixup: 0.0 ms]
   [Code Root Migration: 0.0 ms]
   [Clear CT: 0.1 ms]
   [Other: 0.4 ms]
      [Choose CSet: 0.0 ms]
      [Ref Proc: 0.0 ms]
      [Ref Enq: 0.0 ms]
      [Free CSet: 0.2 ms]
   [Eden: 121.0M(121.0M)->0.0B(131.0M) Survivors: 6144.0K->16.0M Heap: 185.6M(512.0M)->119.5M(512.0M)]
 [Times: user=0.09 sys=0.00, real=0.04 secs] 
2014-07-10T12:29:10.815+0200: 63.989: [GC pause (G1 Evacuation Pause) (mixed), 0.0382497 secs]
   [Parallel Time: 37.6 ms, GC Workers: 2]
      [GC Worker Start (ms): Min: 63988.6, Avg: 63988.7, Max: 63988.7, Diff: 0.0]
      [Ext Root Scanning (ms): Min: 0.5, Avg: 0.5, Max: 0.5, Diff: 0.0, Sum: 1.0]
      [Update RS (ms): Min: 0.0, Avg: 0.0, Max: 0.0, Diff: 0.0, Sum: 0.1]
         [Processed Buffers: Min: 1, Avg: 1.5, Max: 2, Diff: 1, Sum: 3]
      [Scan RS (ms): Min: 0.3, Avg: 0.4, Max: 0.5, Diff: 0.2, Sum: 0.9]
      [Code Root Scanning (ms): Min: 0.1, Avg: 0.2, Max: 0.3, Diff: 0.2, Sum: 0.4]
      [Object Copy (ms): Min: 36.4, Avg: 36.4, Max: 36.4, Diff: 0.0, Sum: 72.8]
      [Termination (ms): Min: 0.0, Avg: 0.0, Max: 0.0, Diff: 0.0, Sum: 0.0]
      [GC Worker Other (ms): Min: 0.0, Avg: 0.0, Max: 0.0, Diff: 0.0, Sum: 0.1]
      [GC Worker Total (ms): Min: 37.6, Avg: 37.6, Max: 37.6, Diff: 0.0, Sum: 75.1]
      [GC Worker End (ms): Min: 64026.2, Avg: 64026.2, Max: 64026.2, Diff: 0.0]
   [Code Root Fixup: 0.0 ms]
   [Code Root Migration: 0.0 ms]
   [Clear CT: 0.1 ms]
   [Other: 0.5 ms]
      [Choose CSet: 0.0 ms]
      [Ref Proc: 0.0 ms]
      [Ref Enq: 0.0 ms]
      [Free CSet: 0.3 ms]
   [Eden: 131.0M(131.0M)->0.0B(128.0M) Survivors: 16.0M->19.0M Heap: 250.5M(512.0M)->157.2M(512.0M)]
 [Times: user=0.06 sys=0.00, real=0.04 secs] 
2014-07-10T12:29:10.998+0200: 64.171: [GC pause (G1 Evacuation Pause) (young), 0.0367403 secs]
   [Parallel Time: 36.0 ms, GC Workers: 2]
      [GC Worker Start (ms): Min: 64170.8, Avg: 64170.8, Max: 64170.8, Diff: 0.0]
      [Ext Root Scanning (ms): Min: 0.3, Avg: 0.3, Max: 0.4, Diff: 0.0, Sum: 0.7]
      [Update RS (ms): Min: 0.1, Avg: 0.1, Max: 0.1, Diff: 0.0, Sum: 0.2]
         [Processed Buffers: Min: 1, Avg: 1.5, Max: 2, Diff: 1, Sum: 3]
      [Scan RS (ms): Min: 0.3, Avg: 0.3, Max: 0.3, Diff: 0.0, Sum: 0.5]
      [Code Root Scanning (ms): Min: 0.1, Avg: 0.1, Max: 0.1, Diff: 0.0, Sum: 0.2]
      [Object Copy (ms): Min: 35.1, Avg: 35.1, Max: 35.1, Diff: 0.0, Sum: 70.2]
      [Termination (ms): Min: 0.0, Avg: 0.0, Max: 0.0, Diff: 0.0, Sum: 0.0]
      [GC Worker Other (ms): Min: 0.0, Avg: 0.0, Max: 0.0, Diff: 0.0, Sum: 0.1]
      [GC Worker Total (ms): Min: 36.0, Avg: 36.0, Max: 36.0, Diff: 0.0, Sum: 71.9]
      [GC Worker End (ms): Min: 64206.8, Avg: 64206.8, Max: 64206.8, Diff: 0.0]
   [Code Root Fixup: 0.0 ms]
   [Code Root Migration: 0.0 ms]
   [Clear CT: 0.1 ms]
   [Other: 0.6 ms]
      [Choose CSet: 0.0 ms]
      [Ref Proc: 0.2 ms]
      [Ref Enq: 0.0 ms]
      [Free CSet: 0.3 ms]
   [Eden: 128.0M(128.0M)->0.0B(116.0M) Survivors: 19.0M->19.0M Heap: 285.2M(512.0M)->193.5M(512.0M)]
 [Times: user=0.09 sys=0.00, real=0.04 secs] 
2014-07-10T12:29:11.094+0200: 64.267: [GC pause (G1 Evacuation Pause) (young), 0.0180178 secs]
   [Parallel Time: 17.2 ms, GC Workers: 2]
      [GC Worker Start (ms): Min: 64267.0, Avg: 64267.0, Max: 64267.0, Diff: 0.0]
      [Ext Root Scanning (ms): Min: 0.3, Avg: 0.3, Max: 0.3, Diff: 0.0, Sum: 0.7]
      [Update RS (ms): Min: 0.0, Avg: 0.1, Max: 0.1, Diff: 0.1, Sum: 0.2]
         [Processed Buffers: Min: 2, Avg: 2.0, Max: 2, Diff: 0, Sum: 4]
      [Scan RS (ms): Min: 0.2, Avg: 0.2, Max: 0.3, Diff: 0.1, Sum: 0.4]
      [Code Root Scanning (ms): Min: 0.1, Avg: 0.1, Max: 0.1, Diff: 0.0, Sum: 0.2]
      [Object Copy (ms): Min: 16.4, Avg: 16.4, Max: 16.4, Diff: 0.0, Sum: 32.8]
      [Termination (ms): Min: 0.0, Avg: 0.0, Max: 0.0, Diff: 0.0, Sum: 0.0]
      [GC Worker Other (ms): Min: 0.0, Avg: 0.0, Max: 0.0, Diff: 0.0, Sum: 0.1]
      [GC Worker Total (ms): Min: 17.1, Avg: 17.1, Max: 17.1, Diff: 0.0, Sum: 34.3]
      [GC Worker End (ms): Min: 64284.2, Avg: 64284.2, Max: 64284.2, Diff: 0.0]
   [Code Root Fixup: 0.0 ms]
   [Code Root Migration: 0.0 ms]
   [Clear CT: 0.1 ms]
   [Other: 0.6 ms]
      [Choose CSet: 0.0 ms]
      [Ref Proc: 0.0 ms]
      [Ref Enq: 0.0 ms]
      [Free CSet: 0.4 ms]
   [Eden: 116.0M(116.0M)->0.0B(134.0M) Survivors: 19.0M->17.0M Heap: 309.5M(512.0M)->200.7M(512.0M)]
 [Times: user=0.05 sys=0.02, real=0.02 secs] 
2014-07-10T12:29:11.200+0200: 64.373: [GC pause (G1 Evacuation Pause) (young), 0.0188233 secs]
   [Parallel Time: 18.2 ms, GC Workers: 2]
      [GC Worker Start (ms): Min: 64373.4, Avg: 64373.4, Max: 64373.4, Diff: 0.0]
      [Ext Root Scanning (ms): Min: 0.4, Avg: 0.4, Max: 0.4, Diff: 0.0, Sum: 0.8]
      [Update RS (ms): Min: 0.0, Avg: 0.1, Max: 0.1, Diff: 0.1, Sum: 0.1]
         [Processed Buffers: Min: 1, Avg: 1.5, Max: 2, Diff: 1, Sum: 3]
      [Scan RS (ms): Min: 0.2, Avg: 0.3, Max: 0.3, Diff: 0.0, Sum: 0.5]
      [Code Root Scanning (ms): Min: 0.1, Avg: 0.1, Max: 0.1, Diff: 0.0, Sum: 0.2]
      [Object Copy (ms): Min: 17.3, Avg: 17.3, Max: 17.4, Diff: 0.0, Sum: 34.7]
      [Termination (ms): Min: 0.0, Avg: 0.0, Max: 0.0, Diff: 0.0, Sum: 0.0]
      [GC Worker Other (ms): Min: 0.0, Avg: 0.0, Max: 0.0, Diff: 0.0, Sum: 0.1]
      [GC Worker Total (ms): Min: 18.2, Avg: 18.2, Max: 18.2, Diff: 0.0, Sum: 36.4]
      [GC Worker End (ms): Min: 64391.6, Avg: 64391.6, Max: 64391.6, Diff: 0.0]
   [Code Root Fixup: 0.0 ms]
   [Code Root Migration: 0.0 ms]
   [Clear CT: 0.1 ms]
   [Other: 0.4 ms]
      [Choose CSet: 0.0 ms]
      [Ref Proc: 0.0 ms]
      [Ref Enq: 0.0 ms]
      [Free CSet: 0.3 ms]
   [Eden: 134.0M(134.0M)->0.0B(132.0M) Survivors: 17.0M->19.0M Heap: 334.7M(512.0M)->211.7M(512.0M)]
 [Times: user=0.03 sys=0.00, real=0.02 secs] 
2014-07-10T12:29:11.381+0200: 64.554: [GC pause (G1 Evacuation Pause) (young), 0.0181817 secs]
   [Parallel Time: 17.5 ms, GC Workers: 2]
      [GC Worker Start (ms): Min: 64554.1, Avg: 64554.1, Max: 64554.1, Diff: 0.0]
      [Ext Root Scanning (ms): Min: 0.3, Avg: 0.3, Max: 0.3, Diff: 0.0, Sum: 0.6]
      [Update RS (ms): Min: 0.0, Avg: 0.1, Max: 0.1, Diff: 0.1, Sum: 0.1]
         [Processed Buffers: Min: 1, Avg: 1.5, Max: 2, Diff: 1, Sum: 3]
      [Scan RS (ms): Min: 0.2, Avg: 0.2, Max: 0.3, Diff: 0.0, Sum: 0.5]
      [Code Root Scanning (ms): Min: 0.1, Avg: 0.1, Max: 0.1, Diff: 0.0, Sum: 0.2]
      [Object Copy (ms): Min: 16.8, Avg: 16.8, Max: 16.8, Diff: 0.0, Sum: 33.6]
      [Termination (ms): Min: 0.0, Avg: 0.0, Max: 0.0, Diff: 0.0, Sum: 0.0]
      [GC Worker Other (ms): Min: 0.0, Avg: 0.0, Max: 0.0, Diff: 0.0, Sum: 0.1]
      [GC Worker Total (ms): Min: 17.5, Avg: 17.5, Max: 17.5, Diff: 0.0, Sum: 35.1]
      [GC Worker End (ms): Min: 64571.7, Avg: 64571.7, Max: 64571.7, Diff: 0.0]
   [Code Root Fixup: 0.0 ms]
   [Code Root Migration: 0.0 ms]
   [Clear CT: 0.1 ms]
   [Other: 0.5 ms]
      [Choose CSet: 0.0 ms]
      [Ref Proc: 0.1 ms]
      [Ref Enq: 0.0 ms]
      [Free CSet: 0.3 ms]
   [Eden: 132.0M(132.0M)->0.0B(118.0M) Survivors: 19.0M->19.0M Heap: 343.7M(512.0M)->220.5M(512.0M)]
 [Times: user=0.03 sys=0.00, real=0.02 secs] 
2014-07-10T12:29:11.462+0200: 64.635: [GC pause (G1 Evacuation Pause) (young), 0.0098886 secs]
   [Parallel Time: 9.3 ms, GC Workers: 2]
      [GC Worker Start (ms): Min: 64635.5, Avg: 64635.5, Max: 64635.5, Diff: 0.0]
      [Ext Root Scanning (ms): Min: 0.3, Avg: 0.3, Max: 0.3, Diff: 0.0, Sum: 0.6]
      [Update RS (ms): Min: 0.0, Avg: 0.0, Max: 0.0, Diff: 0.0, Sum: 0.1]
         [Processed Buffers: Min: 1, Avg: 1.5, Max: 2, Diff: 1, Sum: 3]
      [Scan RS (ms): Min: 0.2, Avg: 0.2, Max: 0.2, Diff: 0.0, Sum: 0.4]
      [Code Root Scanning (ms): Min: 0.1, Avg: 0.1, Max: 0.1, Diff: 0.0, Sum: 0.2]
      [Object Copy (ms): Min: 8.5, Avg: 8.5, Max: 8.5, Diff: 0.1, Sum: 17.0]
      [Termination (ms): Min: 0.0, Avg: 0.1, Max: 0.2, Diff: 0.2, Sum: 0.2]
      [GC Worker Other (ms): Min: 0.0, Avg: 0.0, Max: 0.0, Diff: 0.0, Sum: 0.1]
      [GC Worker Total (ms): Min: 9.2, Avg: 9.2, Max: 9.3, Diff: 0.1, Sum: 18.5]
      [GC Worker End (ms): Min: 64644.7, Avg: 64644.8, Max: 64644.9, Diff: 0.1]
   [Code Root Fixup: 0.0 ms]
   [Code Root Migration: 0.0 ms]
   [Clear CT: 0.1 ms]
   [Other: 0.4 ms]
      [Choose CSet: 0.0 ms]
      [Ref Proc: 0.1 ms]
      [Ref Enq: 0.0 ms]
      [Free CSet: 0.2 ms]
   [Eden: 118.0M(118.0M)->0.0B(133.0M) Survivors: 19.0M->14.0M Heap: 338.5M(512.0M)->215.2M(512.0M)]
 [Times: user=0.03 sys=0.00, real=0.01 secs] 
2014-07-10T12:29:11.587+0200: 64.760: [GC pause (G1 Evacuation Pause) (young), 0.0027772 secs]
   [Parallel Time: 2.1 ms, GC Workers: 2]
      [GC Worker Start (ms): Min: 64760.5, Avg: 64760.5, Max: 64760.5, Diff: 0.0]
      [Ext Root Scanning (ms): Min: 0.3, Avg: 0.3, Max: 0.3, Diff: 0.0, Sum: 0.7]
      [Update RS (ms): Min: 0.0, Avg: 0.1, Max: 0.1, Diff: 0.1, Sum: 0.2]
         [Processed Buffers: Min: 2, Avg: 2.0, Max: 2, Diff: 0, Sum: 4]
      [Scan RS (ms): Min: 0.3, Avg: 0.3, Max: 0.4, Diff: 0.1, Sum: 0.7]
      [Code Root Scanning (ms): Min: 0.1, Avg: 0.1, Max: 0.1, Diff: 0.0, Sum: 0.2]
      [Object Copy (ms): Min: 1.1, Avg: 1.1, Max: 1.2, Diff: 0.1, Sum: 2.3]
      [Termination (ms): Min: 0.0, Avg: 0.0, Max: 0.0, Diff: 0.0, Sum: 0.0]
      [GC Worker Other (ms): Min: 0.0, Avg: 0.0, Max: 0.0, Diff: 0.0, Sum: 0.0]
      [GC Worker Total (ms): Min: 2.0, Avg: 2.0, Max: 2.0, Diff: 0.0, Sum: 4.1]
      [GC Worker End (ms): Min: 64762.6, Avg: 64762.6, Max: 64762.6, Diff: 0.0]
   [Code Root Fixup: 0.0 ms]
   [Code Root Migration: 0.0 ms]
   [Clear CT: 0.2 ms]
   [Other: 0.5 ms]
      [Choose CSet: 0.0 ms]
      [Ref Proc: 0.1 ms]
      [Ref Enq: 0.0 ms]
      [Free CSet: 0.3 ms]
   [Eden: 133.0M(133.0M)->0.0B(226.0M) Survivors: 14.0M->3072.0K Heap: 348.2M(512.0M)->204.0M(512.0M)]
 [Times: user=0.00 sys=0.00, real=0.00 secs] 
2014-07-10T12:29:11.810+0200: 64.983: [GC pause (G1 Evacuation Pause) (young), 0.0206315 secs]
   [Parallel Time: 19.7 ms, GC Workers: 2]
      [GC Worker Start (ms): Min: 64983.3, Avg: 64983.3, Max: 64983.3, Diff: 0.0]
      [Ext Root Scanning (ms): Min: 0.3, Avg: 0.3, Max: 0.3, Diff: 0.0, Sum: 0.7]
      [Update RS (ms): Min: 0.0, Avg: 0.1, Max: 0.1, Diff: 0.1, Sum: 0.2]
         [Processed Buffers: Min: 1, Avg: 1.5, Max: 2, Diff: 1, Sum: 3]
      [Scan RS (ms): Min: 0.3, Avg: 0.4, Max: 0.4, Diff: 0.0, Sum: 0.7]
      [Code Root Scanning (ms): Min: 0.1, Avg: 0.1, Max: 0.2, Diff: 0.0, Sum: 0.3]
      [Object Copy (ms): Min: 18.6, Avg: 18.7, Max: 18.7, Diff: 0.1, Sum: 37.4]
      [Termination (ms): Min: 0.0, Avg: 0.0, Max: 0.0, Diff: 0.0, Sum: 0.0]
      [GC Worker Other (ms): Min: 0.0, Avg: 0.0, Max: 0.0, Diff: 0.0, Sum: 0.1]
      [GC Worker Total (ms): Min: 19.6, Avg: 19.6, Max: 19.7, Diff: 0.0, Sum: 39.3]
      [GC Worker End (ms): Min: 65003.0, Avg: 65003.0, Max: 65003.0, Diff: 0.0]
   [Code Root Fixup: 0.0 ms]
   [Code Root Migration: 0.1 ms]
   [Clear CT: 0.2 ms]
   [Other: 0.7 ms]
      [Choose CSet: 0.0 ms]
      [Ref Proc: 0.2 ms]
      [Ref Enq: 0.0 ms]
      [Free CSet: 0.4 ms]
   [Eden: 226.0M(226.0M)->0.0B(114.0M) Survivors: 3072.0K->29.0M Heap: 430.0M(512.0M)->231.8M(512.0M)]
 [Times: user=0.06 sys=0.00, real=0.02 secs] 
2014-07-10T12:29:11.965+0200: 65.138: [GC pause (G1 Evacuation Pause) (young), 0.0149147 secs]
   [Parallel Time: 13.8 ms, GC Workers: 2]
      [GC Worker Start (ms): Min: 65138.4, Avg: 65138.4, Max: 65138.4, Diff: 0.0]
      [Ext Root Scanning (ms): Min: 0.6, Avg: 0.6, Max: 0.6, Diff: 0.0, Sum: 1.2]
      [Update RS (ms): Min: 0.1, Avg: 0.1, Max: 0.2, Diff: 0.1, Sum: 0.2]
         [Processed Buffers: Min: 1, Avg: 2.0, Max: 3, Diff: 2, Sum: 4]
      [Scan RS (ms): Min: 0.4, Avg: 0.4, Max: 0.4, Diff: 0.1, Sum: 0.8]
      [Code Root Scanning (ms): Min: 0.1, Avg: 0.1, Max: 0.1, Diff: 0.0, Sum: 0.3]
      [Object Copy (ms): Min: 12.4, Avg: 12.4, Max: 12.5, Diff: 0.0, Sum: 24.9]
      [Termination (ms): Min: 0.0, Avg: 0.0, Max: 0.0, Diff: 0.0, Sum: 0.0]
      [GC Worker Other (ms): Min: 0.0, Avg: 0.1, Max: 0.1, Diff: 0.0, Sum: 0.1]
      [GC Worker Total (ms): Min: 13.7, Avg: 13.7, Max: 13.7, Diff: 0.0, Sum: 27.5]
      [GC Worker End (ms): Min: 65152.2, Avg: 65152.2, Max: 65152.2, Diff: 0.0]
   [Code Root Fixup: 0.0 ms]
   [Code Root Migration: 0.1 ms]
   [Clear CT: 0.2 ms]
   [Other: 0.9 ms]
      [Choose CSet: 0.0 ms]
      [Ref Proc: 0.1 ms]
      [Ref Enq: 0.0 ms]
      [Free CSet: 0.5 ms]
   [Eden: 114.0M(114.0M)->0.0B(104.0M) Survivors: 29.0M->13.0M Heap: 345.8M(512.0M)->215.0M(512.0M)]
 [Times: user=0.03 sys=0.00, real=0.02 secs] 
2014-07-10T12:29:12.034+0200: 65.207: [GC pause (G1 Evacuation Pause) (young), 0.0320669 secs]
   [Parallel Time: 31.5 ms, GC Workers: 2]
      [GC Worker Start (ms): Min: 65207.0, Avg: 65207.0, Max: 65207.0, Diff: 0.0]
      [Ext Root Scanning (ms): Min: 0.3, Avg: 0.3, Max: 0.3, Diff: 0.0, Sum: 0.7]
      [Update RS (ms): Min: 0.0, Avg: 0.1, Max: 0.1, Diff: 0.1, Sum: 0.1]
         [Processed Buffers: Min: 1, Avg: 1.5, Max: 2, Diff: 1, Sum: 3]
      [Scan RS (ms): Min: 0.2, Avg: 0.3, Max: 0.3, Diff: 0.1, Sum: 0.5]
      [Code Root Scanning (ms): Min: 0.1, Avg: 0.1, Max: 0.1, Diff: 0.0, Sum: 0.2]
      [Object Copy (ms): Min: 30.7, Avg: 30.7, Max: 30.7, Diff: 0.0, Sum: 61.3]
      [Termination (ms): Min: 0.0, Avg: 0.0, Max: 0.0, Diff: 0.0, Sum: 0.0]
      [GC Worker Other (ms): Min: 0.0, Avg: 0.0, Max: 0.0, Diff: 0.0, Sum: 0.1]
      [GC Worker Total (ms): Min: 31.4, Avg: 31.5, Max: 31.5, Diff: 0.0, Sum: 62.9]
      [GC Worker End (ms): Min: 65238.5, Avg: 65238.5, Max: 65238.5, Diff: 0.0]
   [Code Root Fixup: 0.0 ms]
   [Code Root Migration: 0.0 ms]
   [Clear CT: 0.1 ms]
   [Other: 0.4 ms]
      [Choose CSet: 0.0 ms]
      [Ref Proc: 0.0 ms]
      [Ref Enq: 0.0 ms]
      [Free CSet: 0.2 ms]
   [Eden: 104.0M(104.0M)->0.0B(127.0M) Survivors: 13.0M->15.0M Heap: 319.0M(512.0M)->252.9M(512.0M)]
 [Times: user=0.06 sys=0.00, real=0.03 secs] 
2014-07-10T12:29:12.179+0200: 65.352: [GC pause (G1 Evacuation Pause) (young) (initial-mark), 0.0268887 secs]
   [Parallel Time: 25.8 ms, GC Workers: 2]
      [GC Worker Start (ms): Min: 65352.5, Avg: 65352.5, Max: 65352.5, Diff: 0.0]
      [Ext Root Scanning (ms): Min: 0.7, Avg: 0.7, Max: 0.7, Diff: 0.0, Sum: 1.4]
      [Code Root Marking (ms): Min: 0.1, Avg: 0.1, Max: 0.1, Diff: 0.0, Sum: 0.2]
      [Update RS (ms): Min: 0.1, Avg: 0.1, Max: 0.1, Diff: 0.1, Sum: 0.2]
         [Processed Buffers: Min: 2, Avg: 2.0, Max: 2, Diff: 0, Sum: 4]
      [Scan RS (ms): Min: 0.4, Avg: 0.4, Max: 0.4, Diff: 0.0, Sum: 0.8]
      [Code Root Scanning (ms): Min: 0.1, Avg: 0.1, Max: 0.1, Diff: 0.0, Sum: 0.2]
      [Object Copy (ms): Min: 23.8, Avg: 24.0, Max: 24.2, Diff: 0.3, Sum: 48.0]
      [Termination (ms): Min: 0.0, Avg: 0.3, Max: 0.5, Diff: 0.5, Sum: 0.5]
      [GC Worker Other (ms): Min: 0.0, Avg: 0.0, Max: 0.0, Diff: 0.0, Sum: 0.1]
      [GC Worker Total (ms): Min: 25.7, Avg: 25.7, Max: 25.8, Diff: 0.1, Sum: 51.4]
      [GC Worker End (ms): Min: 65378.2, Avg: 65378.2, Max: 65378.3, Diff: 0.1]
   [Code Root Fixup: 0.0 ms]
   [Code Root Migration: 0.0 ms]
   [Clear CT: 0.1 ms]
   [Other: 0.9 ms]
      [Choose CSet: 0.0 ms]
      [Ref Proc: 0.1 ms]
      [Ref Enq: 0.0 ms]
      [Free CSet: 0.3 ms]
   [Eden: 127.0M(127.0M)->0.0B(118.0M) Survivors: 15.0M->18.0M Heap: 379.9M(512.0M)->270.8M(512.0M)]
 [Times: user=0.05 sys=0.00, real=0.03 secs] 
2014-07-10T12:29:12.206+0200: 65.379: [GC concurrent-root-region-scan-start]
2014-07-10T12:29:12.206+0200: 65.379: [GC concurrent-root-region-scan-end, 0.0003439 secs]
2014-07-10T12:29:12.206+0200: 65.379: [GC concurrent-mark-start]
2014-07-10T12:29:12.264+0200: 65.438: [GC pause (G1 Evacuation Pause) (young), 0.0130049 secs]
   [Parallel Time: 12.4 ms, GC Workers: 2]
      [GC Worker Start (ms): Min: 65437.6, Avg: 65437.6, Max: 65437.6, Diff: 0.0]
      [Ext Root Scanning (ms): Min: 0.3, Avg: 0.3, Max: 0.3, Diff: 0.0, Sum: 0.6]
      [SATB Filtering (ms): Min: 0.0, Avg: 0.0, Max: 0.0, Diff: 0.0, Sum: 0.0]
      [Update RS (ms): Min: 0.1, Avg: 0.1, Max: 0.1, Diff: 0.0, Sum: 0.2]
         [Processed Buffers: Min: 1, Avg: 1.5, Max: 2, Diff: 1, Sum: 3]
      [Scan RS (ms): Min: 0.2, Avg: 0.2, Max: 0.2, Diff: 0.0, Sum: 0.4]
      [Code Root Scanning (ms): Min: 0.1, Avg: 0.1, Max: 0.1, Diff: 0.0, Sum: 0.2]
      [Object Copy (ms): Min: 11.6, Avg: 11.6, Max: 11.6, Diff: 0.0, Sum: 23.3]
      [Termination (ms): Min: 0.0, Avg: 0.0, Max: 0.0, Diff: 0.0, Sum: 0.0]
      [GC Worker Other (ms): Min: 0.0, Avg: 0.0, Max: 0.0, Diff: 0.0, Sum: 0.1]
      [GC Worker Total (ms): Min: 12.4, Avg: 12.4, Max: 12.4, Diff: 0.0, Sum: 24.8]
      [GC Worker End (ms): Min: 65450.0, Avg: 65450.0, Max: 65450.0, Diff: 0.0]
   [Code Root Fixup: 0.0 ms]
   [Code Root Migration: 0.0 ms]
   [Clear CT: 0.1 ms]
   [Other: 0.5 ms]
      [Choose CSet: 0.0 ms]
      [Ref Proc: 0.1 ms]
      [Ref Enq: 0.0 ms]
      [Free CSet: 0.2 ms]
   [Eden: 118.0M(118.0M)->0.0B(137.0M) Survivors: 18.0M->17.0M Heap: 388.8M(512.0M)->271.5M(512.0M)]
 [Times: user=0.03 sys=0.00, real=0.01 secs] 
2014-07-10T12:29:12.285+0200: 65.458: [GC concurrent-mark-end, 0.0066660 secs]
2014-07-10T12:29:12.285+0200: 65.458: [GC remark 65.458: [GC ref-proc, 0.0000616 secs], 0.0013217 secs]
 [Times: user=0.00 sys=0.00, real=0.00 secs] 
2014-07-10T12:29:12.365+0200: 65.538: [GC cleanup 330M->153M(512M), 0.0026518 secs]
 [Times: user=0.00 sys=0.00, real=0.00 secs] 
2014-07-10T12:29:12.368+0200: 65.541: [GC concurrent-cleanup-start]
2014-07-10T12:29:12.369+0200: 65.542: [GC concurrent-cleanup-end, 0.0010647 secs]
2014-07-10T12:29:12.424+0200: 65.597: [GC pause (G1 Evacuation Pause) (young), 0.0159856 secs]
   [Parallel Time: 15.4 ms, GC Workers: 2]
      [GC Worker Start (ms): Min: 65597.3, Avg: 65597.3, Max: 65597.3, Diff: 0.0]
      [Ext Root Scanning (ms): Min: 0.3, Avg: 0.3, Max: 0.3, Diff: 0.0, Sum: 0.6]
      [Update RS (ms): Min: 0.0, Avg: 0.1, Max: 0.2, Diff: 0.1, Sum: 0.2]
         [Processed Buffers: Min: 1, Avg: 1.5, Max: 2, Diff: 1, Sum: 3]
      [Scan RS (ms): Min: 0.2, Avg: 0.3, Max: 0.3, Diff: 0.1, Sum: 0.5]
      [Code Root Scanning (ms): Min: 0.1, Avg: 0.1, Max: 0.1, Diff: 0.0, Sum: 0.2]
      [Object Copy (ms): Min: 14.5, Avg: 14.5, Max: 14.5, Diff: 0.0, Sum: 29.0]
      [Termination (ms): Min: 0.0, Avg: 0.0, Max: 0.0, Diff: 0.0, Sum: 0.0]
      [GC Worker Other (ms): Min: 0.0, Avg: 0.0, Max: 0.0, Diff: 0.0, Sum: 0.1]
      [GC Worker Total (ms): Min: 15.3, Avg: 15.3, Max: 15.3, Diff: 0.0, Sum: 30.6]
      [GC Worker End (ms): Min: 65612.6, Avg: 65612.6, Max: 65612.6, Diff: 0.0]
   [Code Root Fixup: 0.0 ms]
   [Code Root Migration: 0.0 ms]
   [Clear CT: 0.1 ms]
   [Other: 0.5 ms]
      [Choose CSet: 0.0 ms]
      [Ref Proc: 0.1 ms]
      [Ref Enq: 0.0 ms]
      [Free CSet: 0.3 ms]
   [Eden: 137.0M(137.0M)->0.0B(124.0M) Survivors: 17.0M->20.0M Heap: 231.5M(512.0M)->101.1M(512.0M)]
 [Times: user=0.03 sys=0.00, real=0.02 secs] 
2014-07-10T12:29:12.561+0200: 65.734: [GC pause (G1 Evacuation Pause) (mixed), 0.0109075 secs]
   [Parallel Time: 9.3 ms, GC Workers: 2]
      [GC Worker Start (ms): Min: 65734.5, Avg: 65734.5, Max: 65734.5, Diff: 0.0]
      [Ext Root Scanning (ms): Min: 0.6, Avg: 0.7, Max: 0.7, Diff: 0.0, Sum: 1.3]
      [Update RS (ms): Min: 0.2, Avg: 0.2, Max: 0.3, Diff: 0.1, Sum: 0.5]
         [Processed Buffers: Min: 1, Avg: 2.0, Max: 3, Diff: 2, Sum: 4]
      [Scan RS (ms): Min: 0.5, Avg: 0.5, Max: 0.6, Diff: 0.1, Sum: 1.1]
      [Code Root Scanning (ms): Min: 0.2, Avg: 0.2, Max: 0.3, Diff: 0.1, Sum: 0.5]
      [Object Copy (ms): Min: 7.5, Avg: 7.5, Max: 7.5, Diff: 0.0, Sum: 14.9]
      [Termination (ms): Min: 0.0, Avg: 0.0, Max: 0.0, Diff: 0.0, Sum: 0.0]
      [GC Worker Other (ms): Min: 0.1, Avg: 0.1, Max: 0.1, Diff: 0.0, Sum: 0.1]
      [GC Worker Total (ms): Min: 9.2, Avg: 9.2, Max: 9.2, Diff: 0.0, Sum: 18.4]
      [GC Worker End (ms): Min: 65743.7, Avg: 65743.7, Max: 65743.7, Diff: 0.0]
   [Code Root Fixup: 0.0 ms]
   [Code Root Migration: 0.1 ms]
   [Clear CT: 0.2 ms]
   [Other: 1.3 ms]
      [Choose CSet: 0.0 ms]
      [Ref Proc: 0.2 ms]
      [Ref Enq: 0.0 ms]
      [Free CSet: 0.6 ms]
   [Eden: 124.0M(124.0M)->0.0B(115.0M) Survivors: 20.0M->8192.0K Heap: 225.1M(512.0M)->80.7M(512.0M)]
 [Times: user=0.03 sys=0.00, real=0.01 secs] 
2014-07-10T12:29:12.634+0200: 65.807: [GC pause (G1 Evacuation Pause) (mixed), 0.0363612 secs]
   [Parallel Time: 35.8 ms, GC Workers: 2]
      [GC Worker Start (ms): Min: 65807.0, Avg: 65807.0, Max: 65807.0, Diff: 0.0]
      [Ext Root Scanning (ms): Min: 0.4, Avg: 0.4, Max: 0.4, Diff: 0.0, Sum: 0.7]
      [Update RS (ms): Min: 0.1, Avg: 0.1, Max: 0.1, Diff: 0.0, Sum: 0.2]
         [Processed Buffers: Min: 1, Avg: 1.5, Max: 2, Diff: 1, Sum: 3]
      [Scan RS (ms): Min: 0.3, Avg: 0.3, Max: 0.3, Diff: 0.0, Sum: 0.5]
      [Code Root Scanning (ms): Min: 0.1, Avg: 0.1, Max: 0.1, Diff: 0.0, Sum: 0.2]
      [Object Copy (ms): Min: 35.0, Avg: 35.0, Max: 35.0, Diff: 0.0, Sum: 70.0]
      [Termination (ms): Min: 0.0, Avg: 0.0, Max: 0.0, Diff: 0.0, Sum: 0.0]
      [GC Worker Other (ms): Min: 0.0, Avg: 0.0, Max: 0.0, Diff: 0.0, Sum: 0.1]
      [GC Worker Total (ms): Min: 35.8, Avg: 35.8, Max: 35.8, Diff: 0.0, Sum: 71.6]
      [GC Worker End (ms): Min: 65842.8, Avg: 65842.8, Max: 65842.8, Diff: 0.0]
   [Code Root Fixup: 0.0 ms]
   [Code Root Migration: 0.0 ms]
   [Clear CT: 0.1 ms]
   [Other: 0.4 ms]
      [Choose CSet: 0.0 ms]
      [Ref Proc: 0.1 ms]
      [Ref Enq: 0.0 ms]
      [Free CSet: 0.2 ms]
   [Eden: 115.0M(115.0M)->0.0B(130.0M) Survivors: 8192.0K->16.0M Heap: 195.7M(512.0M)->128.7M(512.0M)]
 [Times: user=0.06 sys=0.00, real=0.04 secs] 
2014-07-10T12:29:12.798+0200: 65.971: [GC pause (G1 Evacuation Pause) (young), 0.0353214 secs]
   [Parallel Time: 34.7 ms, GC Workers: 2]
      [GC Worker Start (ms): Min: 65971.3, Avg: 65971.3, Max: 65971.3, Diff: 0.0]
      [Ext Root Scanning (ms): Min: 0.3, Avg: 0.3, Max: 0.3, Diff: 0.0, Sum: 0.6]
      [Update RS (ms): Min: 0.1, Avg: 0.1, Max: 0.1, Diff: 0.0, Sum: 0.2]
         [Processed Buffers: Min: 1, Avg: 1.5, Max: 2, Diff: 1, Sum: 3]
      [Scan RS (ms): Min: 0.2, Avg: 0.2, Max: 0.2, Diff: 0.0, Sum: 0.5]
      [Code Root Scanning (ms): Min: 0.1, Avg: 0.1, Max: 0.1, Diff: 0.0, Sum: 0.2]
      [Object Copy (ms): Min: 33.9, Avg: 34.0, Max: 34.0, Diff: 0.0, Sum: 67.9]
      [Termination (ms): Min: 0.0, Avg: 0.0, Max: 0.0, Diff: 0.0, Sum: 0.0]
      [GC Worker Other (ms): Min: 0.0, Avg: 0.0, Max: 0.0, Diff: 0.0, Sum: 0.1]
      [GC Worker Total (ms): Min: 34.7, Avg: 34.7, Max: 34.7, Diff: 0.0, Sum: 69.4]
      [GC Worker End (ms): Min: 66006.0, Avg: 66006.0, Max: 66006.0, Diff: 0.0]
   [Code Root Fixup: 0.0 ms]
   [Code Root Migration: 0.0 ms]
   [Clear CT: 0.1 ms]
   [Other: 0.4 ms]
      [Choose CSet: 0.0 ms]
      [Ref Proc: 0.0 ms]
      [Ref Enq: 0.0 ms]
      [Free CSet: 0.3 ms]
   [Eden: 130.0M(130.0M)->0.0B(119.0M) Survivors: 16.0M->19.0M Heap: 258.7M(512.0M)->166.9M(512.0M)]
 [Times: user=0.06 sys=0.00, real=0.03 secs] 
2014-07-10T12:29:12.894+0200: 66.067: [GC pause (G1 Evacuation Pause) (young), 0.0267116 secs]
   [Parallel Time: 26.1 ms, GC Workers: 2]
      [GC Worker Start (ms): Min: 66066.9, Avg: 66066.9, Max: 66066.9, Diff: 0.0]
      [Ext Root Scanning (ms): Min: 0.3, Avg: 0.3, Max: 0.3, Diff: 0.0, Sum: 0.6]
      [Update RS (ms): Min: 0.0, Avg: 0.0, Max: 0.0, Diff: 0.0, Sum: 0.1]
         [Processed Buffers: Min: 1, Avg: 1.5, Max: 2, Diff: 1, Sum: 3]
      [Scan RS (ms): Min: 0.2, Avg: 0.2, Max: 0.2, Diff: 0.0, Sum: 0.4]
      [Code Root Scanning (ms): Min: 0.1, Avg: 0.1, Max: 0.1, Diff: 0.0, Sum: 0.2]
      [Object Copy (ms): Min: 25.3, Avg: 25.4, Max: 25.4, Diff: 0.0, Sum: 50.7]
      [Termination (ms): Min: 0.0, Avg: 0.0, Max: 0.0, Diff: 0.0, Sum: 0.0]
      [GC Worker Other (ms): Min: 0.0, Avg: 0.0, Max: 0.0, Diff: 0.0, Sum: 0.1]
      [GC Worker Total (ms): Min: 26.0, Avg: 26.0, Max: 26.0, Diff: 0.0, Sum: 52.1]
      [GC Worker End (ms): Min: 66092.9, Avg: 66092.9, Max: 66092.9, Diff: 0.0]
   [Code Root Fixup: 0.0 ms]
   [Code Root Migration: 0.0 ms]
   [Clear CT: 0.1 ms]
   [Other: 0.5 ms]
      [Choose CSet: 0.0 ms]
      [Ref Proc: 0.1 ms]
      [Ref Enq: 0.0 ms]
      [Free CSet: 0.3 ms]
   [Eden: 119.0M(119.0M)->0.0B(137.0M) Survivors: 19.0M->18.0M Heap: 285.9M(512.0M)->189.1M(512.0M)]
 [Times: user=0.06 sys=0.00, real=0.03 secs] 
2014-07-10T12:29:13.012+0200: 66.185: [GC pause (G1 Evacuation Pause) (young), 0.0298972 secs]
   [Parallel Time: 28.8 ms, GC Workers: 2]
      [GC Worker Start (ms): Min: 66185.4, Avg: 66185.4, Max: 66185.4, Diff: 0.0]
      [Ext Root Scanning (ms): Min: 0.4, Avg: 0.4, Max: 0.4, Diff: 0.0, Sum: 0.8]
      [Update RS (ms): Min: 0.0, Avg: 0.0, Max: 0.0, Diff: 0.0, Sum: 0.0]
         [Processed Buffers: Min: 1, Avg: 1.0, Max: 1, Diff: 0, Sum: 2]
      [Scan RS (ms): Min: 0.2, Avg: 0.3, Max: 0.3, Diff: 0.0, Sum: 0.5]
      [Code Root Scanning (ms): Min: 0.1, Avg: 0.1, Max: 0.1, Diff: 0.0, Sum: 0.2]
      [Object Copy (ms): Min: 27.8, Avg: 27.8, Max: 27.8, Diff: 0.0, Sum: 55.6]
      [Termination (ms): Min: 0.0, Avg: 0.0, Max: 0.0, Diff: 0.0, Sum: 0.0]
      [GC Worker Other (ms): Min: 0.0, Avg: 0.0, Max: 0.0, Diff: 0.0, Sum: 0.1]
      [GC Worker Total (ms): Min: 28.6, Avg: 28.7, Max: 28.7, Diff: 0.0, Sum: 57.3]
      [GC Worker End (ms): Min: 66214.0, Avg: 66214.0, Max: 66214.0, Diff: 0.0]
   [Code Root Fixup: 0.0 ms]
   [Code Root Migration: 0.0 ms]
   [Clear CT: 0.1 ms]
   [Other: 1.0 ms]
      [Choose CSet: 0.0 ms]
      [Ref Proc: 0.6 ms]
      [Ref Enq: 0.0 ms]
      [Free CSet: 0.2 ms]
   [Eden: 137.0M(137.0M)->0.0B(134.0M) Survivors: 18.0M->20.0M Heap: 326.1M(512.0M)->217.0M(512.0M)]
 [Times: user=0.06 sys=0.00, real=0.03 secs] 
2014-07-10T12:29:13.181+0200: 66.355: [GC pause (G1 Evacuation Pause) (young), 0.0319639 secs]
   [Parallel Time: 31.2 ms, GC Workers: 2]
      [GC Worker Start (ms): Min: 66354.8, Avg: 66354.8, Max: 66354.8, Diff: 0.0]
      [Ext Root Scanning (ms): Min: 0.6, Avg: 0.6, Max: 0.6, Diff: 0.0, Sum: 1.2]
      [Update RS (ms): Min: 0.1, Avg: 0.2, Max: 0.2, Diff: 0.1, Sum: 0.3]
         [Processed Buffers: Min: 1, Avg: 1.5, Max: 2, Diff: 1, Sum: 3]
      [Scan RS (ms): Min: 0.3, Avg: 0.4, Max: 0.5, Diff: 0.1, Sum: 0.8]
      [Code Root Scanning (ms): Min: 0.2, Avg: 0.2, Max: 0.2, Diff: 0.0, Sum: 0.3]
      [Object Copy (ms): Min: 29.4, Avg: 29.5, Max: 29.5, Diff: 0.1, Sum: 58.9]
      [Termination (ms): Min: 0.0, Avg: 0.2, Max: 0.4, Diff: 0.4, Sum: 0.4]
      [GC Worker Other (ms): Min: 0.0, Avg: 0.0, Max: 0.0, Diff: 0.0, Sum: 0.1]
      [GC Worker Total (ms): Min: 30.9, Avg: 31.0, Max: 31.1, Diff: 0.2, Sum: 62.0]
      [GC Worker End (ms): Min: 66385.7, Avg: 66385.8, Max: 66386.0, Diff: 0.2]
   [Code Root Fixup: 0.0 ms]
   [Code Root Migration: 0.0 ms]
   [Clear CT: 0.1 ms]
   [Other: 0.6 ms]
      [Choose CSet: 0.0 ms]
      [Ref Proc: 0.1 ms]
      [Ref Enq: 0.0 ms]
      [Free CSet: 0.4 ms]
   [Eden: 134.0M(134.0M)->0.0B(121.0M) Survivors: 20.0M->20.0M Heap: 351.0M(512.0M)->227.7M(512.0M)]
 [Times: user=0.06 sys=0.00, real=0.03 secs] 
2014-07-10T12:29:13.276+0200: 66.449: [GC pause (G1 Evacuation Pause) (young), 0.0140953 secs]
   [Parallel Time: 13.5 ms, GC Workers: 2]
      [GC Worker Start (ms): Min: 66449.4, Avg: 66449.4, Max: 66449.4, Diff: 0.0]
      [Ext Root Scanning (ms): Min: 0.4, Avg: 0.4, Max: 0.4, Diff: 0.0, Sum: 0.8]
      [Update RS (ms): Min: 0.0, Avg: 0.1, Max: 0.1, Diff: 0.1, Sum: 0.2]
         [Processed Buffers: Min: 1, Avg: 1.5, Max: 2, Diff: 1, Sum: 3]
      [Scan RS (ms): Min: 0.2, Avg: 0.2, Max: 0.2, Diff: 0.0, Sum: 0.4]
      [Code Root Scanning (ms): Min: 0.1, Avg: 0.1, Max: 0.1, Diff: 0.0, Sum: 0.2]
      [Object Copy (ms): Min: 12.7, Avg: 12.7, Max: 12.7, Diff: 0.0, Sum: 25.3]
      [Termination (ms): Min: 0.0, Avg: 0.0, Max: 0.0, Diff: 0.0, Sum: 0.0]
      [GC Worker Other (ms): Min: 0.0, Avg: 0.0, Max: 0.0, Diff: 0.0, Sum: 0.1]
      [GC Worker Total (ms): Min: 13.5, Avg: 13.5, Max: 13.5, Diff: 0.0, Sum: 26.9]
      [GC Worker End (ms): Min: 66462.9, Avg: 66462.9, Max: 66462.9, Diff: 0.0]
   [Code Root Fixup: 0.0 ms]
   [Code Root Migration: 0.0 ms]
   [Clear CT: 0.1 ms]
   [Other: 0.5 ms]
      [Choose CSet: 0.0 ms]
      [Ref Proc: 0.1 ms]
      [Ref Enq: 0.0 ms]
      [Free CSet: 0.2 ms]
   [Eden: 121.0M(121.0M)->0.0B(136.0M) Survivors: 20.0M->18.0M Heap: 348.7M(512.0M)->227.3M(512.0M)]
 [Times: user=0.03 sys=0.00, real=0.01 secs] 
2014-07-10T12:29:13.397+0200: 66.571: [GC pause (G1 Evacuation Pause) (young), 0.0160945 secs]
   [Parallel Time: 15.4 ms, GC Workers: 2]
      [GC Worker Start (ms): Min: 66570.8, Avg: 66570.8, Max: 66570.8, Diff: 0.0]
      [Ext Root Scanning (ms): Min: 0.3, Avg: 0.3, Max: 0.3, Diff: 0.0, Sum: 0.7]
      [Update RS (ms): Min: 0.1, Avg: 0.1, Max: 0.1, Diff: 0.1, Sum: 0.2]
         [Processed Buffers: Min: 1, Avg: 1.5, Max: 2, Diff: 1, Sum: 3]
      [Scan RS (ms): Min: 0.2, Avg: 0.2, Max: 0.3, Diff: 0.1, Sum: 0.5]
      [Code Root Scanning (ms): Min: 0.1, Avg: 0.1, Max: 0.1, Diff: 0.0, Sum: 0.2]
      [Object Copy (ms): Min: 14.6, Avg: 14.6, Max: 14.6, Diff: 0.0, Sum: 29.2]
      [Termination (ms): Min: 0.0, Avg: 0.0, Max: 0.0, Diff: 0.0, Sum: 0.0]
      [GC Worker Other (ms): Min: 0.0, Avg: 0.0, Max: 0.0, Diff: 0.0, Sum: 0.1]
      [GC Worker Total (ms): Min: 15.4, Avg: 15.4, Max: 15.4, Diff: 0.0, Sum: 30.8]
      [GC Worker End (ms): Min: 66586.2, Avg: 66586.2, Max: 66586.2, Diff: 0.0]
   [Code Root Fixup: 0.0 ms]
   [Code Root Migration: 0.0 ms]
   [Clear CT: 0.1 ms]
   [Other: 0.5 ms]
      [Choose CSet: 0.0 ms]
      [Ref Proc: 0.1 ms]
      [Ref Enq: 0.0 ms]
      [Free CSet: 0.3 ms]
   [Eden: 136.0M(136.0M)->0.0B(129.0M) Survivors: 18.0M->20.0M Heap: 363.3M(512.0M)->232.6M(512.0M)]
 [Times: user=0.03 sys=0.00, real=0.02 secs] 
2014-07-10T12:29:13.566+0200: 66.739: [GC pause (G1 Evacuation Pause) (young), 0.0103953 secs]
   [Parallel Time: 9.7 ms, GC Workers: 2]
      [GC Worker Start (ms): Min: 66739.4, Avg: 66739.4, Max: 66739.4, Diff: 0.0]
      [Ext Root Scanning (ms): Min: 0.5, Avg: 0.5, Max: 0.5, Diff: 0.0, Sum: 1.1]
      [Update RS (ms): Min: 0.1, Avg: 0.1, Max: 0.1, Diff: 0.0, Sum: 0.2]
         [Processed Buffers: Min: 1, Avg: 1.5, Max: 2, Diff: 1, Sum: 3]
      [Scan RS (ms): Min: 0.4, Avg: 0.4, Max: 0.4, Diff: 0.0, Sum: 0.8]
      [Code Root Scanning (ms): Min: 0.1, Avg: 0.1, Max: 0.1, Diff: 0.0, Sum: 0.3]
      [Object Copy (ms): Min: 8.4, Avg: 8.4, Max: 8.4, Diff: 0.0, Sum: 16.8]
      [Termination (ms): Min: 0.0, Avg: 0.0, Max: 0.0, Diff: 0.0, Sum: 0.0]
      [GC Worker Other (ms): Min: 0.0, Avg: 0.0, Max: 0.0, Diff: 0.0, Sum: 0.1]
      [GC Worker Total (ms): Min: 9.6, Avg: 9.6, Max: 9.6, Diff: 0.0, Sum: 19.2]
      [GC Worker End (ms): Min: 66749.0, Avg: 66749.0, Max: 66749.0, Diff: 0.0]
   [Code Root Fixup: 0.0 ms]
   [Code Root Migration: 0.0 ms]
   [Clear CT: 0.1 ms]
   [Other: 0.6 ms]
      [Choose CSet: 0.0 ms]
      [Ref Proc: 0.1 ms]
      [Ref Enq: 0.0 ms]
      [Free CSet: 0.3 ms]
   [Eden: 129.0M(129.0M)->0.0B(116.0M) Survivors: 20.0M->13.0M Heap: 361.6M(512.0M)->224.9M(512.0M)]
 [Times: user=0.03 sys=0.00, real=0.01 secs] 
2014-07-10T12:29:13.632+0200: 66.806: [GC pause (G1 Evacuation Pause) (young), 0.0393899 secs]
   [Parallel Time: 38.8 ms, GC Workers: 2]
      [GC Worker Start (ms): Min: 66805.7, Avg: 66805.8, Max: 66805.8, Diff: 0.0]
      [Ext Root Scanning (ms): Min: 0.3, Avg: 0.3, Max: 0.3, Diff: 0.0, Sum: 0.7]
      [Update RS (ms): Min: 0.0, Avg: 0.0, Max: 0.1, Diff: 0.0, Sum: 0.1]
         [Processed Buffers: Min: 1, Avg: 1.5, Max: 2, Diff: 1, Sum: 3]
      [Scan RS (ms): Min: 0.2, Avg: 0.2, Max: 0.2, Diff: 0.0, Sum: 0.4]
      [Code Root Scanning (ms): Min: 0.1, Avg: 0.1, Max: 0.1, Diff: 0.0, Sum: 0.2]
      [Object Copy (ms): Min: 38.1, Avg: 38.1, Max: 38.1, Diff: 0.0, Sum: 76.1]
      [Termination (ms): Min: 0.0, Avg: 0.0, Max: 0.0, Diff: 0.0, Sum: 0.0]
      [GC Worker Other (ms): Min: 0.0, Avg: 0.0, Max: 0.0, Diff: 0.0, Sum: 0.1]
      [GC Worker Total (ms): Min: 38.8, Avg: 38.8, Max: 38.8, Diff: 0.0, Sum: 77.6]
      [GC Worker End (ms): Min: 66844.5, Avg: 66844.5, Max: 66844.5, Diff: 0.0]
   [Code Root Fixup: 0.0 ms]
   [Code Root Migration: 0.0 ms]
   [Clear CT: 0.1 ms]
   [Other: 0.4 ms]
      [Choose CSet: 0.0 ms]
      [Ref Proc: 0.1 ms]
      [Ref Enq: 0.0 ms]
      [Free CSet: 0.2 ms]
   [Eden: 116.0M(116.0M)->0.0B(138.0M) Survivors: 13.0M->17.0M Heap: 340.9M(512.0M)->274.8M(512.0M)]
 [Times: user=0.09 sys=0.00, real=0.04 secs] 
2014-07-10T12:29:13.801+0200: 66.974: [GC pause (G1 Evacuation Pause) (young) (initial-mark), 0.0026093 secs]
   [Parallel Time: 1.9 ms, GC Workers: 2]
      [GC Worker Start (ms): Min: 66974.1, Avg: 66974.1, Max: 66974.1, Diff: 0.0]
      [Ext Root Scanning (ms): Min: 0.4, Avg: 0.4, Max: 0.4, Diff: 0.0, Sum: 0.8]
      [Code Root Marking (ms): Min: 0.1, Avg: 0.1, Max: 0.1, Diff: 0.0, Sum: 0.1]
      [Update RS (ms): Min: 0.0, Avg: 0.0, Max: 0.0, Diff: 0.0, Sum: 0.1]
         [Processed Buffers: Min: 1, Avg: 1.5, Max: 2, Diff: 1, Sum: 3]
      [Scan RS (ms): Min: 0.2, Avg: 0.3, Max: 0.3, Diff: 0.0, Sum: 0.5]
      [Code Root Scanning (ms): Min: 0.1, Avg: 0.1, Max: 0.1, Diff: 0.0, Sum: 0.2]
      [Object Copy (ms): Min: 1.0, Avg: 1.0, Max: 1.0, Diff: 0.0, Sum: 2.0]
      [Termination (ms): Min: 0.0, Avg: 0.0, Max: 0.0, Diff: 0.0, Sum: 0.0]
      [GC Worker Other (ms): Min: 0.0, Avg: 0.0, Max: 0.0, Diff: 0.0, Sum: 0.1]
      [GC Worker Total (ms): Min: 1.9, Avg: 1.9, Max: 1.9, Diff: 0.0, Sum: 3.7]
      [GC Worker End (ms): Min: 66976.0, Avg: 66976.0, Max: 66976.0, Diff: 0.0]
   [Code Root Fixup: 0.0 ms]
   [Code Root Migration: 0.0 ms]
   [Clear CT: 0.1 ms]
   [Other: 0.6 ms]
      [Choose CSet: 0.0 ms]
      [Ref Proc: 0.1 ms]
      [Ref Enq: 0.0 ms]
      [Free CSet: 0.3 ms]
   [Eden: 138.0M(138.0M)->0.0B(126.0M) Survivors: 17.0M->2048.0K Heap: 412.8M(512.0M)->259.8M(512.0M)]
 [Times: user=0.00 sys=0.00, real=0.00 secs] 
2014-07-10T12:29:13.804+0200: 66.977: [GC concurrent-root-region-scan-start]
2014-07-10T12:29:13.804+0200: 66.977: [GC concurrent-root-region-scan-end, 0.0004308 secs]
2014-07-10T12:29:13.804+0200: 66.977: [GC concurrent-mark-start]
2014-07-10T12:29:13.883+0200: 67.056: [GC concurrent-mark-end, 0.0076551 secs]
2014-07-10T12:29:13.883+0200: 67.056: [GC remark 67.056: [GC ref-proc, 0.0000620 secs], 0.0015013 secs]
 [Times: user=0.00 sys=0.00, real=0.00 secs] 
2014-07-10T12:29:13.886+0200: 67.059: [GC pause (G1 Evacuation Pause) (young), 0.0386962 secs]
   [Parallel Time: 38.1 ms, GC Workers: 2]
      [GC Worker Start (ms): Min: 67059.5, Avg: 67059.5, Max: 67059.5, Diff: 0.0]
      [Ext Root Scanning (ms): Min: 0.3, Avg: 0.3, Max: 0.3, Diff: 0.1, Sum: 0.6]
      [SATB Filtering (ms): Min: 0.0, Avg: 0.0, Max: 0.0, Diff: 0.0, Sum: 0.0]
      [Update RS (ms): Min: 0.0, Avg: 0.0, Max: 0.1, Diff: 0.1, Sum: 0.1]
         [Processed Buffers: Min: 0, Avg: 1.5, Max: 3, Diff: 3, Sum: 3]
      [Scan RS (ms): Min: 0.2, Avg: 0.2, Max: 0.2, Diff: 0.0, Sum: 0.4]
      [Code Root Scanning (ms): Min: 0.1, Avg: 0.1, Max: 0.1, Diff: 0.0, Sum: 0.2]
      [Object Copy (ms): Min: 37.5, Avg: 37.5, Max: 37.5, Diff: 0.0, Sum: 74.9]
      [Termination (ms): Min: 0.0, Avg: 0.0, Max: 0.0, Diff: 0.0, Sum: 0.0]
      [GC Worker Other (ms): Min: 0.0, Avg: 0.0, Max: 0.0, Diff: 0.0, Sum: 0.1]
      [GC Worker Total (ms): Min: 38.1, Avg: 38.1, Max: 38.1, Diff: 0.0, Sum: 76.2]
      [GC Worker End (ms): Min: 67097.6, Avg: 67097.6, Max: 67097.6, Diff: 0.0]
   [Code Root Fixup: 0.0 ms]
   [Code Root Migration: 0.0 ms]
   [Clear CT: 0.1 ms]
   [Other: 0.4 ms]
      [Choose CSet: 0.0 ms]
      [Ref Proc: 0.1 ms]
      [Ref Enq: 0.0 ms]
      [Free CSet: 0.2 ms]
   [Eden: 126.0M(126.0M)->0.0B(128.0M) Survivors: 2048.0K->16.0M Heap: 385.8M(512.0M)->319.8M(512.0M)]
 [Times: user=0.09 sys=0.00, real=0.04 secs] 
2014-07-10T12:29:13.963+0200: 67.136: [GC cleanup 341M->146M(512M), 0.0018100 secs]
 [Times: user=0.00 sys=0.00, real=0.00 secs] 
2014-07-10T12:29:13.965+0200: 67.138: [GC concurrent-cleanup-start]
2014-07-10T12:29:13.965+0200: 67.138: [GC concurrent-cleanup-end, 0.0006244 secs]
2014-07-10T12:29:14.020+0200: 67.193: [GC pause (G1 Evacuation Pause) (young), 0.0370134 secs]
   [Parallel Time: 36.4 ms, GC Workers: 2]
      [GC Worker Start (ms): Min: 67192.7, Avg: 67192.7, Max: 67192.7, Diff: 0.0]
      [Ext Root Scanning (ms): Min: 0.4, Avg: 0.4, Max: 0.4, Diff: 0.0, Sum: 0.8]
      [Update RS (ms): Min: 0.0, Avg: 0.0, Max: 0.0, Diff: 0.0, Sum: 0.1]
         [Processed Buffers: Min: 1, Avg: 1.0, Max: 1, Diff: 0, Sum: 2]
      [Scan RS (ms): Min: 0.2, Avg: 0.2, Max: 0.2, Diff: 0.0, Sum: 0.5]
      [Code Root Scanning (ms): Min: 0.1, Avg: 0.1, Max: 0.1, Diff: 0.0, Sum: 0.2]
      [Object Copy (ms): Min: 35.6, Avg: 35.6, Max: 35.6, Diff: 0.0, Sum: 71.3]
      [Termination (ms): Min: 0.0, Avg: 0.0, Max: 0.0, Diff: 0.0, Sum: 0.0]
      [GC Worker Other (ms): Min: 0.0, Avg: 0.0, Max: 0.0, Diff: 0.0, Sum: 0.1]
      [GC Worker Total (ms): Min: 36.4, Avg: 36.4, Max: 36.4, Diff: 0.0, Sum: 72.8]
      [GC Worker End (ms): Min: 67229.1, Avg: 67229.1, Max: 67229.1, Diff: 0.0]
   [Code Root Fixup: 0.0 ms]
   [Code Root Migration: 0.0 ms]
   [Clear CT: 0.1 ms]
   [Other: 0.4 ms]
      [Choose CSet: 0.0 ms]
      [Ref Proc: 0.0 ms]
      [Ref Enq: 0.0 ms]
      [Free CSet: 0.3 ms]
   [Eden: 128.0M(128.0M)->0.0B(125.0M) Survivors: 16.0M->18.0M Heap: 252.8M(512.0M)->166.6M(512.0M)]
 [Times: user=0.06 sys=0.00, real=0.04 secs] 
2014-07-10T12:29:14.198+0200: 67.370: [GC pause (G1 Evacuation Pause) (mixed), 0.0265459 secs]
   [Parallel Time: 25.7 ms, GC Workers: 2]
      [GC Worker Start (ms): Min: 67370.5, Avg: 67370.5, Max: 67370.5, Diff: 0.0]
      [Ext Root Scanning (ms): Min: 0.6, Avg: 0.6, Max: 0.6, Diff: 0.0, Sum: 1.2]
      [Update RS (ms): Min: 0.1, Avg: 0.1, Max: 0.2, Diff: 0.1, Sum: 0.2]
         [Processed Buffers: Min: 1, Avg: 1.5, Max: 2, Diff: 1, Sum: 3]
      [Scan RS (ms): Min: 0.4, Avg: 0.4, Max: 0.5, Diff: 0.1, Sum: 0.8]
      [Code Root Scanning (ms): Min: 0.1, Avg: 0.2, Max: 0.2, Diff: 0.0, Sum: 0.3]
      [Object Copy (ms): Min: 24.3, Avg: 24.3, Max: 24.3, Diff: 0.0, Sum: 48.6]
      [Termination (ms): Min: 0.0, Avg: 0.0, Max: 0.0, Diff: 0.0, Sum: 0.0]
      [GC Worker Other (ms): Min: 0.0, Avg: 0.0, Max: 0.0, Diff: 0.0, Sum: 0.1]
      [GC Worker Total (ms): Min: 25.6, Avg: 25.6, Max: 25.6, Diff: 0.0, Sum: 51.2]
      [GC Worker End (ms): Min: 67396.1, Avg: 67396.1, Max: 67396.1, Diff: 0.0]
   [Code Root Fixup: 0.0 ms]
   [Code Root Migration: 0.0 ms]
   [Clear CT: 0.1 ms]
   [Other: 0.7 ms]
      [Choose CSet: 0.0 ms]
      [Ref Proc: 0.2 ms]
      [Ref Enq: 0.0 ms]
      [Free CSet: 0.3 ms]
   [Eden: 125.0M(125.0M)->0.0B(113.0M) Survivors: 18.0M->18.0M Heap: 291.6M(512.0M)->179.3M(512.0M)]
 [Times: user=0.05 sys=0.00, real=0.03 secs] 
2014-07-10T12:29:14.282+0200: 67.455: [GC pause (G1 Evacuation Pause) (mixed), 0.0131292 secs]
   [Parallel Time: 12.4 ms, GC Workers: 2]
      [GC Worker Start (ms): Min: 67454.7, Avg: 67454.7, Max: 67454.7, Diff: 0.0]
      [Ext Root Scanning (ms): Min: 0.3, Avg: 0.3, Max: 0.3, Diff: 0.0, Sum: 0.6]
      [Update RS (ms): Min: 0.0, Avg: 0.1, Max: 0.1, Diff: 0.1, Sum: 0.1]
         [Processed Buffers: Min: 1, Avg: 1.5, Max: 2, Diff: 1, Sum: 3]
      [Scan RS (ms): Min: 0.2, Avg: 0.2, Max: 0.2, Diff: 0.0, Sum: 0.4]
      [Code Root Scanning (ms): Min: 0.1, Avg: 0.1, Max: 0.1, Diff: 0.0, Sum: 0.2]
      [Object Copy (ms): Min: 11.7, Avg: 11.7, Max: 11.7, Diff: 0.0, Sum: 23.5]
      [Termination (ms): Min: 0.0, Avg: 0.0, Max: 0.0, Diff: 0.0, Sum: 0.0]
      [GC Worker Other (ms): Min: 0.0, Avg: 0.0, Max: 0.0, Diff: 0.0, Sum: 0.1]
      [GC Worker Total (ms): Min: 12.4, Avg: 12.4, Max: 12.4, Diff: 0.0, Sum: 24.9]
      [GC Worker End (ms): Min: 67467.1, Avg: 67467.1, Max: 67467.1, Diff: 0.0]
   [Code Root Fixup: 0.0 ms]
   [Code Root Migration: 0.0 ms]
   [Clear CT: 0.1 ms]
   [Other: 0.5 ms]
      [Choose CSet: 0.0 ms]
      [Ref Proc: 0.1 ms]
      [Ref Enq: 0.0 ms]
      [Free CSet: 0.3 ms]
   [Eden: 113.0M(113.0M)->0.0B(133.0M) Survivors: 18.0M->17.0M Heap: 292.3M(512.0M)->177.7M(512.0M)]
 [Times: user=0.03 sys=0.00, real=0.01 secs] 
2014-07-10T12:29:14.398+0200: 67.570: [GC pause (G1 Evacuation Pause) (young), 0.0142236 secs]
   [Parallel Time: 13.4 ms, GC Workers: 2]
      [GC Worker Start (ms): Min: 67570.3, Avg: 67570.3, Max: 67570.3, Diff: 0.0]
      [Ext Root Scanning (ms): Min: 0.4, Avg: 0.4, Max: 0.4, Diff: 0.0, Sum: 0.7]
      [Update RS (ms): Min: 0.0, Avg: 0.1, Max: 0.2, Diff: 0.1, Sum: 0.2]
         [Processed Buffers: Min: 1, Avg: 1.5, Max: 2, Diff: 1, Sum: 3]
      [Scan RS (ms): Min: 0.2, Avg: 0.2, Max: 0.3, Diff: 0.1, Sum: 0.5]
      [Code Root Scanning (ms): Min: 0.1, Avg: 0.1, Max: 0.1, Diff: 0.0, Sum: 0.2]
      [Object Copy (ms): Min: 12.5, Avg: 12.5, Max: 12.5, Diff: 0.0, Sum: 25.1]
      [Termination (ms): Min: 0.0, Avg: 0.0, Max: 0.0, Diff: 0.0, Sum: 0.0]
      [GC Worker Other (ms): Min: 0.0, Avg: 0.0, Max: 0.0, Diff: 0.0, Sum: 0.1]
      [GC Worker Total (ms): Min: 13.3, Avg: 13.3, Max: 13.3, Diff: 0.0, Sum: 26.7]
      [GC Worker End (ms): Min: 67583.7, Avg: 67583.7, Max: 67583.7, Diff: 0.0]
   [Code Root Fixup: 0.0 ms]
   [Code Root Migration: 0.0 ms]
   [Clear CT: 0.2 ms]
   [Other: 0.6 ms]
      [Choose CSet: 0.0 ms]
      [Ref Proc: 0.2 ms]
      [Ref Enq: 0.0 ms]
      [Free CSet: 0.3 ms]
   [Eden: 133.0M(133.0M)->0.0B(126.0M) Survivors: 17.0M->19.0M Heap: 310.7M(512.0M)->180.9M(512.0M)]
 [Times: user=0.03 sys=0.00, real=0.01 secs] 
2014-07-10T12:29:14.557+0200: 67.729: [GC pause (G1 Evacuation Pause) (young), 0.0036413 secs]
   [Parallel Time: 2.5 ms, GC Workers: 2]
      [GC Worker Start (ms): Min: 67729.3, Avg: 67729.3, Max: 67729.3, Diff: 0.0]
      [Ext Root Scanning (ms): Min: 0.5, Avg: 0.5, Max: 0.5, Diff: 0.0, Sum: 0.9]
      [Update RS (ms): Min: 0.1, Avg: 0.1, Max: 0.2, Diff: 0.1, Sum: 0.3]
         [Processed Buffers: Min: 2, Avg: 2.0, Max: 2, Diff: 0, Sum: 4]
      [Scan RS (ms): Min: 0.3, Avg: 0.3, Max: 0.4, Diff: 0.1, Sum: 0.7]
      [Code Root Scanning (ms): Min: 0.1, Avg: 0.1, Max: 0.1, Diff: 0.0, Sum: 0.3]
      [Object Copy (ms): Min: 1.3, Avg: 1.3, Max: 1.3, Diff: 0.0, Sum: 2.6]
      [Termination (ms): Min: 0.0, Avg: 0.0, Max: 0.0, Diff: 0.0, Sum: 0.0]
      [GC Worker Other (ms): Min: 0.0, Avg: 0.0, Max: 0.0, Diff: 0.0, Sum: 0.1]
      [GC Worker Total (ms): Min: 2.4, Avg: 2.4, Max: 2.4, Diff: 0.0, Sum: 4.8]
      [GC Worker End (ms): Min: 67731.7, Avg: 67731.7, Max: 67731.7, Diff: 0.0]
   [Code Root Fixup: 0.0 ms]
   [Code Root Migration: 0.0 ms]
   [Clear CT: 0.3 ms]
   [Other: 0.8 ms]
      [Choose CSet: 0.0 ms]
      [Ref Proc: 0.1 ms]
      [Ref Enq: 0.0 ms]
      [Free CSet: 0.5 ms]
   [Eden: 126.0M(126.0M)->0.0B(114.0M) Survivors: 19.0M->2048.0K Heap: 306.9M(512.0M)->163.9M(512.0M)]
 [Times: user=0.03 sys=0.00, real=0.00 secs] 
2014-07-10T12:29:14.618+0200: 67.791: [GC pause (G1 Evacuation Pause) (young), 0.0322920 secs]
   [Parallel Time: 31.6 ms, GC Workers: 2]
      [GC Worker Start (ms): Min: 67790.7, Avg: 67790.7, Max: 67790.7, Diff: 0.0]
      [Ext Root Scanning (ms): Min: 0.3, Avg: 0.4, Max: 0.4, Diff: 0.0, Sum: 0.7]
      [Update RS (ms): Min: 0.0, Avg: 0.1, Max: 0.1, Diff: 0.1, Sum: 0.1]
         [Processed Buffers: Min: 1, Avg: 1.5, Max: 2, Diff: 1, Sum: 3]
      [Scan RS (ms): Min: 0.2, Avg: 0.2, Max: 0.2, Diff: 0.0, Sum: 0.4]
      [Code Root Scanning (ms): Min: 0.1, Avg: 0.1, Max: 0.1, Diff: 0.0, Sum: 0.1]
      [Object Copy (ms): Min: 30.8, Avg: 30.8, Max: 30.8, Diff: 0.0, Sum: 61.6]
      [Termination (ms): Min: 0.0, Avg: 0.0, Max: 0.0, Diff: 0.0, Sum: 0.0]
      [GC Worker Other (ms): Min: 0.0, Avg: 0.0, Max: 0.0, Diff: 0.0, Sum: 0.1]
      [GC Worker Total (ms): Min: 31.5, Avg: 31.5, Max: 31.5, Diff: 0.0, Sum: 63.0]
      [GC Worker End (ms): Min: 67822.2, Avg: 67822.2, Max: 67822.2, Diff: 0.0]
   [Code Root Fixup: 0.0 ms]
   [Code Root Migration: 0.0 ms]
   [Clear CT: 0.1 ms]
   [Other: 0.6 ms]
      [Choose CSet: 0.0 ms]
      [Ref Proc: 0.3 ms]
      [Ref Enq: 0.0 ms]
      [Free CSet: 0.2 ms]
   [Eden: 114.0M(114.0M)->0.0B(134.0M) Survivors: 2048.0K->15.0M Heap: 277.9M(512.0M)->211.9M(512.0M)]
 [Times: user=0.06 sys=0.00, real=0.03 secs] 
2014-07-10T12:29:14.789+0200: 67.961: [GC pause (G1 Evacuation Pause) (young), 0.0342076 secs]
   [Parallel Time: 33.6 ms, GC Workers: 2]
      [GC Worker Start (ms): Min: 67961.6, Avg: 67961.6, Max: 67961.6, Diff: 0.0]
      [Ext Root Scanning (ms): Min: 0.4, Avg: 0.4, Max: 0.4, Diff: 0.0, Sum: 0.8]
      [Update RS (ms): Min: 0.0, Avg: 0.1, Max: 0.1, Diff: 0.1, Sum: 0.1]
         [Processed Buffers: Min: 1, Avg: 1.5, Max: 2, Diff: 1, Sum: 3]
      [Scan RS (ms): Min: 0.2, Avg: 0.3, Max: 0.3, Diff: 0.1, Sum: 0.5]
      [Code Root Scanning (ms): Min: 0.1, Avg: 0.1, Max: 0.1, Diff: 0.0, Sum: 0.2]
      [Object Copy (ms): Min: 32.6, Avg: 32.6, Max: 32.7, Diff: 0.1, Sum: 65.3]
      [Termination (ms): Min: 0.0, Avg: 0.1, Max: 0.1, Diff: 0.1, Sum: 0.1]
      [GC Worker Other (ms): Min: 0.0, Avg: 0.0, Max: 0.0, Diff: 0.0, Sum: 0.1]
      [GC Worker Total (ms): Min: 33.6, Avg: 33.6, Max: 33.6, Diff: 0.0, Sum: 67.2]
      [GC Worker End (ms): Min: 67995.2, Avg: 67995.2, Max: 67995.2, Diff: 0.0]
   [Code Root Fixup: 0.0 ms]
   [Code Root Migration: 0.0 ms]
   [Clear CT: 0.1 ms]
   [Other: 0.4 ms]
      [Choose CSet: 0.0 ms]
      [Ref Proc: 0.0 ms]
      [Ref Enq: 0.0 ms]
      [Free CSet: 0.2 ms]
   [Eden: 134.0M(134.0M)->0.0B(121.0M) Survivors: 15.0M->19.0M Heap: 345.9M(512.0M)->248.8M(512.0M)]
 [Times: user=0.06 sys=0.00, real=0.03 secs] 
2014-07-10T12:29:14.882+0200: 68.054: [GC pause (G1 Evacuation Pause) (young), 0.0264275 secs]
   [Parallel Time: 25.7 ms, GC Workers: 2]
      [GC Worker Start (ms): Min: 68054.1, Avg: 68054.1, Max: 68054.1, Diff: 0.0]
      [Ext Root Scanning (ms): Min: 0.3, Avg: 0.3, Max: 0.3, Diff: 0.0, Sum: 0.7]
      [Update RS (ms): Min: 0.0, Avg: 0.1, Max: 0.1, Diff: 0.0, Sum: 0.1]
         [Processed Buffers: Min: 1, Avg: 1.5, Max: 2, Diff: 1, Sum: 3]
      [Scan RS (ms): Min: 0.2, Avg: 0.2, Max: 0.3, Diff: 0.0, Sum: 0.5]
      [Code Root Scanning (ms): Min: 0.1, Avg: 0.1, Max: 0.1, Diff: 0.0, Sum: 0.2]
      [Object Copy (ms): Min: 24.9, Avg: 24.9, Max: 24.9, Diff: 0.0, Sum: 49.9]
      [Termination (ms): Min: 0.0, Avg: 0.0, Max: 0.0, Diff: 0.0, Sum: 0.0]
      [GC Worker Other (ms): Min: 0.0, Avg: 0.0, Max: 0.0, Diff: 0.0, Sum: 0.1]
      [GC Worker Total (ms): Min: 25.7, Avg: 25.7, Max: 25.7, Diff: 0.0, Sum: 51.4]
      [GC Worker End (ms): Min: 68079.8, Avg: 68079.8, Max: 68079.8, Diff: 0.0]
   [Code Root Fixup: 0.0 ms]
   [Code Root Migration: 0.0 ms]
   [Clear CT: 0.1 ms]
   [Other: 0.6 ms]
      [Choose CSet: 0.0 ms]
      [Ref Proc: 0.2 ms]
      [Ref Enq: 0.0 ms]
      [Free CSet: 0.2 ms]
   [Eden: 121.0M(121.0M)->0.0B(141.0M) Survivors: 19.0M->18.0M Heap: 369.8M(512.0M)->270.4M(512.0M)]
 [Times: user=0.06 sys=0.00, real=0.03 secs] 
2014-07-10T12:29:15.009+0200: 68.182: [GC pause (G1 Evacuation Pause) (young) (initial-mark), 0.0290752 secs]
   [Parallel Time: 28.3 ms, GC Workers: 2]
      [GC Worker Start (ms): Min: 68182.0, Avg: 68182.0, Max: 68182.0, Diff: 0.0]
      [Ext Root Scanning (ms): Min: 0.4, Avg: 0.4, Max: 0.4, Diff: 0.0, Sum: 0.8]
      [Code Root Marking (ms): Min: 0.1, Avg: 0.1, Max: 0.1, Diff: 0.0, Sum: 0.1]
      [Update RS (ms): Min: 0.0, Avg: 0.1, Max: 0.1, Diff: 0.0, Sum: 0.1]
         [Processed Buffers: Min: 2, Avg: 2.0, Max: 2, Diff: 0, Sum: 4]
      [Scan RS (ms): Min: 0.2, Avg: 0.2, Max: 0.3, Diff: 0.1, Sum: 0.5]
      [Code Root Scanning (ms): Min: 0.1, Avg: 0.1, Max: 0.1, Diff: 0.0, Sum: 0.2]
      [Object Copy (ms): Min: 27.3, Avg: 27.3, Max: 27.3, Diff: 0.0, Sum: 54.7]
      [Termination (ms): Min: 0.0, Avg: 0.0, Max: 0.0, Diff: 0.0, Sum: 0.0]
      [GC Worker Other (ms): Min: 0.0, Avg: 0.0, Max: 0.0, Diff: 0.0, Sum: 0.1]
      [GC Worker Total (ms): Min: 28.2, Avg: 28.2, Max: 28.2, Diff: 0.0, Sum: 56.5]
      [GC Worker End (ms): Min: 68210.2, Avg: 68210.2, Max: 68210.2, Diff: 0.0]
   [Code Root Fixup: 0.0 ms]
   [Code Root Migration: 0.0 ms]
   [Clear CT: 0.1 ms]
   [Other: 0.7 ms]
      [Choose CSet: 0.0 ms]
      [Ref Proc: 0.1 ms]
      [Ref Enq: 0.0 ms]
      [Free CSet: 0.3 ms]
   [Eden: 141.0M(141.0M)->0.0B(135.0M) Survivors: 18.0M->20.0M Heap: 411.4M(512.0M)->296.9M(512.0M)]
 [Times: user=0.06 sys=0.00, real=0.03 secs] 
2014-07-10T12:29:15.039+0200: 68.211: [GC concurrent-root-region-scan-start]
2014-07-10T12:29:15.039+0200: 68.212: [GC concurrent-root-region-scan-end, 0.0004513 secs]
2014-07-10T12:29:15.039+0200: 68.212: [GC concurrent-mark-start]
2014-07-10T12:29:15.118+0200: 68.290: [GC concurrent-mark-end, 0.0065842 secs]
2014-07-10T12:29:15.118+0200: 68.290: [GC remark 68.290: [GC ref-proc, 0.0000623 secs], 0.0011908 secs]
 [Times: user=0.00 sys=0.00, real=0.00 secs] 
2014-07-10T12:29:15.190+0200: 68.362: [GC pause (G1 Evacuation Pause) (young), 0.0263640 secs]
   [Parallel Time: 25.6 ms, GC Workers: 2]
      [GC Worker Start (ms): Min: 68362.4, Avg: 68362.4, Max: 68362.4, Diff: 0.0]
      [Ext Root Scanning (ms): Min: 0.6, Avg: 0.6, Max: 0.6, Diff: 0.0, Sum: 1.3]
      [SATB Filtering (ms): Min: 0.0, Avg: 0.0, Max: 0.0, Diff: 0.0, Sum: 0.0]
      [Update RS (ms): Min: 0.1, Avg: 0.1, Max: 0.1, Diff: 0.0, Sum: 0.2]
         [Processed Buffers: Min: 1, Avg: 2.0, Max: 3, Diff: 2, Sum: 4]
      [Scan RS (ms): Min: 0.2, Avg: 0.2, Max: 0.3, Diff: 0.0, Sum: 0.5]
      [Code Root Scanning (ms): Min: 0.1, Avg: 0.1, Max: 0.1, Diff: 0.0, Sum: 0.2]
      [Object Copy (ms): Min: 24.4, Avg: 24.4, Max: 24.4, Diff: 0.0, Sum: 48.9]
      [Termination (ms): Min: 0.0, Avg: 0.0, Max: 0.0, Diff: 0.0, Sum: 0.0]
      [GC Worker Other (ms): Min: 0.0, Avg: 0.0, Max: 0.0, Diff: 0.0, Sum: 0.1]
      [GC Worker Total (ms): Min: 25.5, Avg: 25.5, Max: 25.5, Diff: 0.0, Sum: 51.1]
      [GC Worker End (ms): Min: 68388.0, Avg: 68388.0, Max: 68388.0, Diff: 0.0]
   [Code Root Fixup: 0.0 ms]
   [Code Root Migration: 0.0 ms]
   [Clear CT: 0.1 ms]
   [Other: 0.6 ms]
      [Choose CSet: 0.0 ms]
      [Ref Proc: 0.2 ms]
      [Ref Enq: 0.0 ms]
      [Free CSet: 0.3 ms]
   [Eden: 135.0M(135.0M)->0.0B(121.0M) Survivors: 20.0M->20.0M Heap: 431.9M(512.0M)->316.3M(512.0M)]
 [Times: user=0.06 sys=0.00, real=0.03 secs] 
2014-07-10T12:29:15.217+0200: 68.389: [GC cleanup 316M->123M(512M), 0.0014544 secs]
 [Times: user=0.00 sys=0.00, real=0.00 secs] 
2014-07-10T12:29:15.218+0200: 68.391: [GC concurrent-cleanup-start]
2014-07-10T12:29:15.219+0200: 68.391: [GC concurrent-cleanup-end, 0.0003516 secs]
2014-07-10T12:29:15.287+0200: 68.459: [GC pause (G1 Evacuation Pause) (young), 0.0190726 secs]
   [Parallel Time: 18.4 ms, GC Workers: 2]
      [GC Worker Start (ms): Min: 68459.5, Avg: 68459.5, Max: 68459.5, Diff: 0.0]
      [Ext Root Scanning (ms): Min: 0.3, Avg: 0.3, Max: 0.3, Diff: 0.0, Sum: 0.7]
      [Update RS (ms): Min: 0.0, Avg: 0.1, Max: 0.1, Diff: 0.1, Sum: 0.1]
         [Processed Buffers: Min: 1, Avg: 1.5, Max: 2, Diff: 1, Sum: 3]
      [Scan RS (ms): Min: 0.2, Avg: 0.2, Max: 0.2, Diff: 0.0, Sum: 0.4]
      [Code Root Scanning (ms): Min: 0.1, Avg: 0.1, Max: 0.1, Diff: 0.0, Sum: 0.2]
      [Object Copy (ms): Min: 17.5, Avg: 17.6, Max: 17.6, Diff: 0.0, Sum: 35.1]
      [Termination (ms): Min: 0.0, Avg: 0.0, Max: 0.0, Diff: 0.0, Sum: 0.0]
      [GC Worker Other (ms): Min: 0.0, Avg: 0.0, Max: 0.0, Diff: 0.0, Sum: 0.1]
      [GC Worker Total (ms): Min: 18.3, Avg: 18.3, Max: 18.3, Diff: 0.0, Sum: 36.6]
      [GC Worker End (ms): Min: 68477.8, Avg: 68477.8, Max: 68477.8, Diff: 0.0]
   [Code Root Fixup: 0.0 ms]
   [Code Root Migration: 0.0 ms]
   [Clear CT: 0.2 ms]
   [Other: 0.5 ms]
      [Choose CSet: 0.0 ms]
      [Ref Proc: 0.1 ms]
      [Ref Enq: 0.0 ms]
      [Free CSet: 0.3 ms]
   [Eden: 121.0M(121.0M)->0.0B(131.0M) Survivors: 20.0M->18.0M Heap: 244.3M(512.0M)->131.4M(512.0M)]
 [Times: user=0.03 sys=0.00, real=0.02 secs] 
2014-07-10T12:29:15.404+0200: 68.576: [GC pause (G1 Evacuation Pause) (mixed), 0.0178433 secs]
   [Parallel Time: 17.2 ms, GC Workers: 2]
      [GC Worker Start (ms): Min: 68576.1, Avg: 68576.1, Max: 68576.1, Diff: 0.0]
      [Ext Root Scanning (ms): Min: 0.3, Avg: 0.3, Max: 0.3, Diff: 0.0, Sum: 0.5]
      [Update RS (ms): Min: 0.0, Avg: 0.0, Max: 0.0, Diff: 0.0, Sum: 0.1]
         [Processed Buffers: Min: 1, Avg: 1.5, Max: 2, Diff: 1, Sum: 3]
      [Scan RS (ms): Min: 0.2, Avg: 0.2, Max: 0.2, Diff: 0.0, Sum: 0.5]
      [Code Root Scanning (ms): Min: 0.1, Avg: 0.1, Max: 0.1, Diff: 0.0, Sum: 0.2]
      [Object Copy (ms): Min: 16.5, Avg: 16.5, Max: 16.5, Diff: 0.0, Sum: 33.0]
      [Termination (ms): Min: 0.0, Avg: 0.0, Max: 0.0, Diff: 0.0, Sum: 0.0]
      [GC Worker Other (ms): Min: 0.0, Avg: 0.0, Max: 0.0, Diff: 0.0, Sum: 0.1]
      [GC Worker Total (ms): Min: 17.1, Avg: 17.1, Max: 17.1, Diff: 0.0, Sum: 34.3]
      [GC Worker End (ms): Min: 68593.3, Avg: 68593.3, Max: 68593.3, Diff: 0.0]
   [Code Root Fixup: 0.0 ms]
   [Code Root Migration: 0.0 ms]
   [Clear CT: 0.1 ms]
   [Other: 0.5 ms]
      [Choose CSet: 0.0 ms]
      [Ref Proc: 0.1 ms]
      [Ref Enq: 0.0 ms]
      [Free CSet: 0.3 ms]
   [Eden: 131.0M(131.0M)->0.0B(126.0M) Survivors: 18.0M->19.0M Heap: 262.4M(512.0M)->133.7M(512.0M)]
 [Times: user=0.03 sys=0.00, real=0.02 secs] 
2014-07-10T12:29:15.565+0200: 68.738: [GC pause (G1 Evacuation Pause) (young), 0.0210010 secs]
   [Parallel Time: 20.3 ms, GC Workers: 2]
      [GC Worker Start (ms): Min: 68737.7, Avg: 68737.7, Max: 68737.7, Diff: 0.0]
      [Ext Root Scanning (ms): Min: 0.7, Avg: 0.7, Max: 0.7, Diff: 0.0, Sum: 1.4]
      [Update RS (ms): Min: 0.1, Avg: 0.2, Max: 0.3, Diff: 0.2, Sum: 0.4]
         [Processed Buffers: Min: 1, Avg: 2.0, Max: 3, Diff: 2, Sum: 4]
      [Scan RS (ms): Min: 0.3, Avg: 0.4, Max: 0.5, Diff: 0.2, Sum: 0.9]
      [Code Root Scanning (ms): Min: 0.2, Avg: 0.2, Max: 0.2, Diff: 0.0, Sum: 0.3]
      [Object Copy (ms): Min: 14.2, Avg: 16.5, Max: 18.8, Diff: 4.6, Sum: 32.9]
      [Termination (ms): Min: 0.0, Avg: 2.3, Max: 4.6, Diff: 4.6, Sum: 4.6]
      [GC Worker Other (ms): Min: 0.0, Avg: 0.0, Max: 0.0, Diff: 0.0, Sum: 0.1]
      [GC Worker Total (ms): Min: 20.3, Avg: 20.3, Max: 20.3, Diff: 0.0, Sum: 40.6]
      [GC Worker End (ms): Min: 68758.0, Avg: 68758.0, Max: 68758.0, Diff: 0.0]
   [Code Root Fixup: 0.0 ms]
   [Code Root Migration: 0.0 ms]
   [Clear CT: 0.1 ms]
   [Other: 0.5 ms]
      [Choose CSet: 0.0 ms]
      [Ref Proc: 0.1 ms]
      [Ref Enq: 0.0 ms]
      [Free CSet: 0.3 ms]
   [Eden: 126.0M(126.0M)->0.0B(114.0M) Survivors: 19.0M->13.0M Heap: 259.7M(512.0M)->127.5M(512.0M)]
 [Times: user=0.03 sys=0.00, real=0.02 secs] 
2014-07-10T12:29:15.653+0200: 68.825: [GC pause (G1 Evacuation Pause) (young), 0.0383259 secs]
   [Parallel Time: 37.7 ms, GC Workers: 2]
      [GC Worker Start (ms): Min: 68825.0, Avg: 68825.0, Max: 68825.1, Diff: 0.1]
      [Ext Root Scanning (ms): Min: 0.2, Avg: 0.3, Max: 0.3, Diff: 0.1, Sum: 0.5]
      [Update RS (ms): Min: 0.0, Avg: 0.0, Max: 0.0, Diff: 0.0, Sum: 0.1]
         [Processed Buffers: Min: 1, Avg: 1.5, Max: 2, Diff: 1, Sum: 3]
      [Scan RS (ms): Min: 0.2, Avg: 0.2, Max: 0.2, Diff: 0.0, Sum: 0.4]
      [Code Root Scanning (ms): Min: 0.1, Avg: 0.1, Max: 0.1, Diff: 0.0, Sum: 0.2]
      [Object Copy (ms): Min: 37.1, Avg: 37.1, Max: 37.1, Diff: 0.0, Sum: 74.1]
      [Termination (ms): Min: 0.0, Avg: 0.0, Max: 0.0, Diff: 0.0, Sum: 0.0]
      [GC Worker Other (ms): Min: 0.0, Avg: 0.0, Max: 0.0, Diff: 0.0, Sum: 0.1]
      [GC Worker Total (ms): Min: 37.6, Avg: 37.7, Max: 37.7, Diff: 0.1, Sum: 75.3]
      [GC Worker End (ms): Min: 68862.7, Avg: 68862.7, Max: 68862.7, Diff: 0.0]
   [Code Root Fixup: 0.0 ms]
   [Code Root Migration: 0.0 ms]
   [Clear CT: 0.1 ms]
   [Other: 0.4 ms]
      [Choose CSet: 0.0 ms]
      [Ref Proc: 0.1 ms]
      [Ref Enq: 0.0 ms]
      [Free CSet: 0.2 ms]
   [Eden: 114.0M(114.0M)->0.0B(125.0M) Survivors: 13.0M->16.0M Heap: 241.5M(512.0M)->175.5M(512.0M)]
 [Times: user=0.06 sys=0.00, real=0.04 secs] 
2014-07-10T12:29:15.782+0200: 68.954: [GC pause (G1 Evacuation Pause) (young), 0.0347953 secs]
   [Parallel Time: 34.2 ms, GC Workers: 2]
      [GC Worker Start (ms): Min: 68954.5, Avg: 68954.5, Max: 68954.5, Diff: 0.0]
      [Ext Root Scanning (ms): Min: 0.3, Avg: 0.3, Max: 0.3, Diff: 0.0, Sum: 0.7]
      [Update RS (ms): Min: 0.0, Avg: 0.1, Max: 0.2, Diff: 0.1, Sum: 0.2]
         [Processed Buffers: Min: 1, Avg: 1.5, Max: 2, Diff: 1, Sum: 3]
      [Scan RS (ms): Min: 0.2, Avg: 0.2, Max: 0.3, Diff: 0.1, Sum: 0.5]
      [Code Root Scanning (ms): Min: 0.1, Avg: 0.1, Max: 0.1, Diff: 0.0, Sum: 0.2]
      [Object Copy (ms): Min: 33.3, Avg: 33.3, Max: 33.3, Diff: 0.0, Sum: 66.7]
      [Termination (ms): Min: 0.0, Avg: 0.0, Max: 0.0, Diff: 0.0, Sum: 0.0]
      [GC Worker Other (ms): Min: 0.0, Avg: 0.0, Max: 0.0, Diff: 0.0, Sum: 0.1]
      [GC Worker Total (ms): Min: 34.1, Avg: 34.1, Max: 34.1, Diff: 0.0, Sum: 68.3]
      [GC Worker End (ms): Min: 68988.6, Avg: 68988.6, Max: 68988.6, Diff: 0.0]
   [Code Root Fixup: 0.0 ms]
   [Code Root Migration: 0.0 ms]
   [Clear CT: 0.1 ms]
   [Other: 0.5 ms]
      [Choose CSet: 0.0 ms]
      [Ref Proc: 0.1 ms]
      [Ref Enq: 0.0 ms]
      [Free CSet: 0.2 ms]
   [Eden: 125.0M(125.0M)->0.0B(122.0M) Survivors: 16.0M->18.0M Heap: 300.5M(512.0M)->213.3M(512.0M)]
 [Times: user=0.06 sys=0.00, real=0.03 secs] 
2014-07-10T12:29:15.878+0200: 69.050: [GC pause (G1 Evacuation Pause) (young), 0.0284560 secs]
   [Parallel Time: 27.8 ms, GC Workers: 2]
      [GC Worker Start (ms): Min: 69050.0, Avg: 69050.0, Max: 69050.0, Diff: 0.0]
      [Ext Root Scanning (ms): Min: 0.3, Avg: 0.3, Max: 0.3, Diff: 0.0, Sum: 0.7]
      [Update RS (ms): Min: 0.0, Avg: 0.0, Max: 0.0, Diff: 0.0, Sum: 0.1]
         [Processed Buffers: Min: 1, Avg: 1.5, Max: 2, Diff: 1, Sum: 3]
      [Scan RS (ms): Min: 0.2, Avg: 0.2, Max: 0.2, Diff: 0.0, Sum: 0.4]
      [Code Root Scanning (ms): Min: 0.1, Avg: 0.1, Max: 0.1, Diff: 0.0, Sum: 0.2]
      [Object Copy (ms): Min: 27.0, Avg: 27.0, Max: 27.0, Diff: 0.0, Sum: 54.0]
      [Termination (ms): Min: 0.0, Avg: 0.0, Max: 0.0, Diff: 0.0, Sum: 0.0]
      [GC Worker Other (ms): Min: 0.0, Avg: 0.0, Max: 0.0, Diff: 0.0, Sum: 0.1]
      [GC Worker Total (ms): Min: 27.7, Avg: 27.7, Max: 27.7, Diff: 0.0, Sum: 55.5]
      [GC Worker End (ms): Min: 69077.8, Avg: 69077.8, Max: 69077.8, Diff: 0.0]
   [Code Root Fixup: 0.0 ms]
   [Code Root Migration: 0.0 ms]
   [Clear CT: 0.2 ms]
   [Other: 0.5 ms]
      [Choose CSet: 0.0 ms]
      [Ref Proc: 0.1 ms]
      [Ref Enq: 0.0 ms]
      [Free CSet: 0.3 ms]
   [Eden: 122.0M(122.0M)->0.0B(139.0M) Survivors: 18.0M->18.0M Heap: 335.3M(512.0M)->238.8M(512.0M)]
 [Times: user=0.06 sys=0.00, real=0.03 secs] 
2014-07-10T12:29:16.010+0200: 69.182: [GC pause (G1 Evacuation Pause) (young), 0.0327276 secs]
   [Parallel Time: 31.9 ms, GC Workers: 2]
      [GC Worker Start (ms): Min: 69182.5, Avg: 69182.5, Max: 69182.5, Diff: 0.0]
      [Ext Root Scanning (ms): Min: 0.3, Avg: 0.3, Max: 0.3, Diff: 0.0, Sum: 0.7]
      [Update RS (ms): Min: 0.0, Avg: 0.1, Max: 0.1, Diff: 0.0, Sum: 0.1]
         [Processed Buffers: Min: 1, Avg: 1.5, Max: 2, Diff: 1, Sum: 3]
      [Scan RS (ms): Min: 0.3, Avg: 0.3, Max: 0.3, Diff: 0.0, Sum: 0.5]
      [Code Root Scanning (ms): Min: 0.1, Avg: 0.1, Max: 0.1, Diff: 0.0, Sum: 0.2]
      [Object Copy (ms): Min: 31.1, Avg: 31.1, Max: 31.1, Diff: 0.0, Sum: 62.1]
      [Termination (ms): Min: 0.0, Avg: 0.0, Max: 0.0, Diff: 0.0, Sum: 0.0]
      [GC Worker Other (ms): Min: 0.0, Avg: 0.0, Max: 0.0, Diff: 0.0, Sum: 0.1]
      [GC Worker Total (ms): Min: 31.9, Avg: 31.9, Max: 31.9, Diff: 0.0, Sum: 63.7]
      [GC Worker End (ms): Min: 69214.4, Avg: 69214.4, Max: 69214.4, Diff: 0.0]
   [Code Root Fixup: 0.0 ms]
   [Code Root Migration: 0.0 ms]
   [Clear CT: 0.1 ms]
   [Other: 0.7 ms]
      [Choose CSet: 0.0 ms]
      [Ref Proc: 0.2 ms]
      [Ref Enq: 0.0 ms]
      [Free CSet: 0.3 ms]
   [Eden: 139.0M(139.0M)->0.0B(132.0M) Survivors: 18.0M->20.0M Heap: 377.8M(512.0M)->271.3M(512.0M)]
 [Times: user=0.06 sys=0.00, real=0.03 secs] 
2014-07-10T12:29:16.184+0200: 69.356: [GC pause (G1 Evacuation Pause) (young) (initial-mark), 0.0240154 secs]
   [Parallel Time: 23.1 ms, GC Workers: 2]
      [GC Worker Start (ms): Min: 69356.2, Avg: 69356.3, Max: 69356.3, Diff: 0.0]
      [Ext Root Scanning (ms): Min: 0.4, Avg: 0.4, Max: 0.4, Diff: 0.0, Sum: 0.8]
      [Code Root Marking (ms): Min: 0.1, Avg: 0.1, Max: 0.1, Diff: 0.0, Sum: 0.1]
      [Update RS (ms): Min: 0.0, Avg: 0.1, Max: 0.1, Diff: 0.1, Sum: 0.1]
         [Processed Buffers: Min: 2, Avg: 2.0, Max: 2, Diff: 0, Sum: 4]
      [Scan RS (ms): Min: 0.2, Avg: 0.2, Max: 0.3, Diff: 0.0, Sum: 0.5]
      [Code Root Scanning (ms): Min: 0.1, Avg: 0.1, Max: 0.1, Diff: 0.0, Sum: 0.2]
      [Object Copy (ms): Min: 22.1, Avg: 22.1, Max: 22.1, Diff: 0.0, Sum: 44.2]
      [Termination (ms): Min: 0.0, Avg: 0.0, Max: 0.0, Diff: 0.0, Sum: 0.0]
      [GC Worker Other (ms): Min: 0.0, Avg: 0.0, Max: 0.0, Diff: 0.0, Sum: 0.1]
      [GC Worker Total (ms): Min: 23.0, Avg: 23.0, Max: 23.1, Diff: 0.0, Sum: 46.1]
      [GC Worker End (ms): Min: 69379.3, Avg: 69379.3, Max: 69379.3, Diff: 0.0]
   [Code Root Fixup: 0.0 ms]
   [Code Root Migration: 0.0 ms]
   [Clear CT: 0.1 ms]
   [Other: 0.7 ms]
      [Choose CSet: 0.0 ms]
      [Ref Proc: 0.1 ms]
      [Ref Enq: 0.0 ms]
      [Free CSet: 0.4 ms]
   [Eden: 132.0M(132.0M)->0.0B(120.0M) Survivors: 20.0M->19.0M Heap: 403.3M(512.0M)->285.4M(512.0M)]
 [Times: user=0.03 sys=0.00, real=0.02 secs] 
2014-07-10T12:29:16.208+0200: 69.380: [GC concurrent-root-region-scan-start]
2014-07-10T12:29:16.208+0200: 69.381: [GC concurrent-root-region-scan-end, 0.0004125 secs]
2014-07-10T12:29:16.208+0200: 69.381: [GC concurrent-mark-start]
2014-07-10T12:29:16.267+0200: 69.439: [GC pause (G1 Evacuation Pause) (young), 0.0152304 secs]
   [Parallel Time: 14.4 ms, GC Workers: 2]
      [GC Worker Start (ms): Min: 69439.3, Avg: 69439.3, Max: 69439.3, Diff: 0.0]
      [Ext Root Scanning (ms): Min: 0.3, Avg: 0.3, Max: 0.3, Diff: 0.0, Sum: 0.7]
      [SATB Filtering (ms): Min: 0.0, Avg: 0.0, Max: 0.0, Diff: 0.0, Sum: 0.0]
      [Update RS (ms): Min: 0.0, Avg: 0.1, Max: 0.1, Diff: 0.0, Sum: 0.1]
         [Processed Buffers: Min: 1, Avg: 1.5, Max: 2, Diff: 1, Sum: 3]
      [Scan RS (ms): Min: 0.3, Avg: 0.3, Max: 0.3, Diff: 0.0, Sum: 0.7]
      [Code Root Scanning (ms): Min: 0.1, Avg: 0.1, Max: 0.1, Diff: 0.0, Sum: 0.2]
      [Object Copy (ms): Min: 13.5, Avg: 13.5, Max: 13.5, Diff: 0.0, Sum: 27.0]
      [Termination (ms): Min: 0.0, Avg: 0.0, Max: 0.0, Diff: 0.0, Sum: 0.0]
      [GC Worker Other (ms): Min: 0.0, Avg: 0.0, Max: 0.0, Diff: 0.0, Sum: 0.1]
      [GC Worker Total (ms): Min: 14.4, Avg: 14.4, Max: 14.4, Diff: 0.0, Sum: 28.7]
      [GC Worker End (ms): Min: 69453.7, Avg: 69453.7, Max: 69453.7, Diff: 0.0]
   [Code Root Fixup: 0.0 ms]
   [Code Root Migration: 0.0 ms]
   [Clear CT: 0.2 ms]
   [Other: 0.6 ms]
      [Choose CSet: 0.0 ms]
      [Ref Proc: 0.2 ms]
      [Ref Enq: 0.0 ms]
      [Free CSet: 0.3 ms]
   [Eden: 120.0M(120.0M)->0.0B(139.0M) Survivors: 19.0M->18.0M Heap: 405.4M(512.0M)->288.5M(512.0M)]
 [Times: user=0.03 sys=0.00, real=0.02 secs] 
2014-07-10T12:29:16.287+0200: 69.459: [GC concurrent-mark-end, 0.0068504 secs]
2014-07-10T12:29:16.287+0200: 69.459: [GC remark 69.459: [GC ref-proc, 0.0000627 secs], 0.0012744 secs]
 [Times: user=0.00 sys=0.00, real=0.00 secs] 
2014-07-10T12:29:16.367+0200: 69.539: [GC cleanup 352M->161M(512M), 0.0016901 secs]
 [Times: user=0.00 sys=0.00, real=0.00 secs] 
2014-07-10T12:29:16.368+0200: 69.541: [GC concurrent-cleanup-start]
2014-07-10T12:29:16.369+0200: 69.542: [GC concurrent-cleanup-end, 0.0005980 secs]
2014-07-10T12:29:16.410+0200: 69.583: [GC pause (G1 Evacuation Pause) (young), 0.0192827 secs]
   [Parallel Time: 18.7 ms, GC Workers: 2]
      [GC Worker Start (ms): Min: 69582.7, Avg: 69582.7, Max: 69582.7, Diff: 0.0]
      [Ext Root Scanning (ms): Min: 0.3, Avg: 0.4, Max: 0.4, Diff: 0.0, Sum: 0.7]
      [Update RS (ms): Min: 0.1, Avg: 0.1, Max: 0.1, Diff: 0.1, Sum: 0.2]
         [Processed Buffers: Min: 1, Avg: 1.5, Max: 2, Diff: 1, Sum: 3]
      [Scan RS (ms): Min: 0.2, Avg: 0.2, Max: 0.3, Diff: 0.1, Sum: 0.5]
      [Code Root Scanning (ms): Min: 0.1, Avg: 0.1, Max: 0.1, Diff: 0.0, Sum: 0.2]
      [Object Copy (ms): Min: 17.8, Avg: 17.8, Max: 17.8, Diff: 0.0, Sum: 35.5]
      [Termination (ms): Min: 0.0, Avg: 0.0, Max: 0.0, Diff: 0.0, Sum: 0.0]
      [GC Worker Other (ms): Min: 0.0, Avg: 0.0, Max: 0.0, Diff: 0.0, Sum: 0.1]
      [GC Worker Total (ms): Min: 18.6, Avg: 18.6, Max: 18.6, Diff: 0.0, Sum: 37.2]
      [GC Worker End (ms): Min: 69601.3, Avg: 69601.3, Max: 69601.3, Diff: 0.0]
   [Code Root Fixup: 0.0 ms]
   [Code Root Migration: 0.0 ms]
   [Clear CT: 0.1 ms]
   [Other: 0.5 ms]
      [Choose CSet: 0.0 ms]
      [Ref Proc: 0.1 ms]
      [Ref Enq: 0.0 ms]
      [Free CSet: 0.3 ms]
   [Eden: 139.0M(139.0M)->0.0B(128.0M) Survivors: 18.0M->20.0M Heap: 236.5M(512.0M)->108.3M(512.0M)]
 [Times: user=0.03 sys=0.00, real=0.02 secs] 
2014-07-10T12:29:16.568+0200: 69.741: [GC pause (G1 Evacuation Pause) (mixed), 0.0207140 secs]
   [Parallel Time: 19.0 ms, GC Workers: 2]
      [GC Worker Start (ms): Min: 69741.0, Avg: 69741.0, Max: 69741.0, Diff: 0.1]
      [Ext Root Scanning (ms): Min: 0.6, Avg: 0.6, Max: 0.6, Diff: 0.0, Sum: 1.2]
      [Update RS (ms): Min: 0.1, Avg: 0.1, Max: 0.1, Diff: 0.0, Sum: 0.1]
         [Processed Buffers: Min: 1, Avg: 2.0, Max: 3, Diff: 2, Sum: 4]
      [Scan RS (ms): Min: 0.5, Avg: 0.5, Max: 0.5, Diff: 0.0, Sum: 1.0]
      [Code Root Scanning (ms): Min: 0.1, Avg: 0.2, Max: 0.2, Diff: 0.0, Sum: 0.3]
      [Object Copy (ms): Min: 17.5, Avg: 17.5, Max: 17.5, Diff: 0.0, Sum: 34.9]
      [Termination (ms): Min: 0.0, Avg: 0.0, Max: 0.0, Diff: 0.0, Sum: 0.0]
      [GC Worker Other (ms): Min: 0.1, Avg: 0.1, Max: 0.1, Diff: 0.0, Sum: 0.1]
      [GC Worker Total (ms): Min: 18.8, Avg: 18.9, Max: 18.9, Diff: 0.1, Sum: 37.7]
      [GC Worker End (ms): Min: 69759.9, Avg: 69759.9, Max: 69759.9, Diff: 0.0]
   [Code Root Fixup: 0.0 ms]
   [Code Root Migration: 0.1 ms]
   [Clear CT: 0.2 ms]
   [Other: 1.5 ms]
      [Choose CSet: 0.0 ms]
      [Ref Proc: 0.6 ms]
      [Ref Enq: 0.0 ms]
      [Free CSet: 0.6 ms]
   [Eden: 128.0M(128.0M)->0.0B(116.0M) Survivors: 20.0M->17.0M Heap: 236.3M(512.0M)->97.2M(512.0M)]
 [Times: user=0.06 sys=0.00, real=0.02 secs] 
2014-07-10T12:29:16.656+0200: 69.828: [GC pause (G1 Evacuation Pause) (young), 0.0014313 secs]
   [Parallel Time: 1.0 ms, GC Workers: 2]
      [GC Worker Start (ms): Min: 69828.4, Avg: 69828.4, Max: 69828.5, Diff: 0.0]
      [Ext Root Scanning (ms): Min: 0.3, Avg: 0.3, Max: 0.3, Diff: 0.0, Sum: 0.6]
      [Update RS (ms): Min: 0.0, Avg: 0.1, Max: 0.1, Diff: 0.1, Sum: 0.2]
         [Processed Buffers: Min: 1, Avg: 1.5, Max: 2, Diff: 1, Sum: 3]
      [Scan RS (ms): Min: 0.2, Avg: 0.2, Max: 0.2, Diff: 0.1, Sum: 0.4]
      [Code Root Scanning (ms): Min: 0.1, Avg: 0.1, Max: 0.1, Diff: 0.0, Sum: 0.2]
      [Object Copy (ms): Min: 0.3, Avg: 0.3, Max: 0.3, Diff: 0.0, Sum: 0.5]
      [Termination (ms): Min: 0.0, Avg: 0.0, Max: 0.0, Diff: 0.0, Sum: 0.0]
      [GC Worker Other (ms): Min: 0.0, Avg: 0.0, Max: 0.0, Diff: 0.0, Sum: 0.0]
      [GC Worker Total (ms): Min: 1.0, Avg: 1.0, Max: 1.0, Diff: 0.0, Sum: 2.0]
      [GC Worker End (ms): Min: 69829.4, Avg: 69829.4, Max: 69829.4, Diff: 0.0]
   [Code Root Fixup: 0.0 ms]
   [Code Root Migration: 0.0 ms]
   [Clear CT: 0.1 ms]
   [Other: 0.3 ms]
      [Choose CSet: 0.0 ms]
      [Ref Proc: 0.0 ms]
      [Ref Enq: 0.0 ms]
      [Free CSet: 0.2 ms]
   [Eden: 116.0M(116.0M)->0.0B(127.0M) Survivors: 17.0M->1024.0K Heap: 213.2M(512.0M)->81.1M(512.0M)]
 [Times: user=0.00 sys=0.00, real=0.00 secs] 
2014-07-10T12:29:16.798+0200: 69.970: [GC pause (G1 Evacuation Pause) (young), 0.0392454 secs]
   [Parallel Time: 38.7 ms, GC Workers: 2]
      [GC Worker Start (ms): Min: 69970.5, Avg: 69970.5, Max: 69970.5, Diff: 0.0]
      [Ext Root Scanning (ms): Min: 0.4, Avg: 0.4, Max: 0.5, Diff: 0.1, Sum: 0.9]
      [Update RS (ms): Min: 0.0, Avg: 0.0, Max: 0.0, Diff: 0.0, Sum: 0.1]
         [Processed Buffers: Min: 1, Avg: 1.5, Max: 2, Diff: 1, Sum: 3]
      [Scan RS (ms): Min: 0.2, Avg: 0.2, Max: 0.2, Diff: 0.0, Sum: 0.5]
      [Code Root Scanning (ms): Min: 0.1, Avg: 0.1, Max: 0.1, Diff: 0.0, Sum: 0.2]
      [Object Copy (ms): Min: 37.8, Avg: 37.8, Max: 37.8, Diff: 0.0, Sum: 75.6]
      [Termination (ms): Min: 0.0, Avg: 0.0, Max: 0.0, Diff: 0.0, Sum: 0.0]
      [GC Worker Other (ms): Min: 0.0, Avg: 0.1, Max: 0.1, Diff: 0.1, Sum: 0.1]
      [GC Worker Total (ms): Min: 38.7, Avg: 38.7, Max: 38.7, Diff: 0.0, Sum: 77.3]
      [GC Worker End (ms): Min: 70009.2, Avg: 70009.2, Max: 70009.2, Diff: 0.0]
   [Code Root Fixup: 0.0 ms]
   [Code Root Migration: 0.0 ms]
   [Clear CT: 0.1 ms]
   [Other: 0.4 ms]
      [Choose CSet: 0.0 ms]
      [Ref Proc: 0.1 ms]
      [Ref Enq: 0.0 ms]
      [Free CSet: 0.2 ms]
   [Eden: 127.0M(127.0M)->0.0B(115.0M) Survivors: 1024.0K->16.0M Heap: 208.1M(512.0M)->142.0M(512.0M)]
 [Times: user=0.09 sys=0.00, real=0.04 secs] 
2014-07-10T12:29:16.893+0200: 70.065: [GC pause (G1 Evacuation Pause) (young), 0.0286302 secs]
   [Parallel Time: 28.0 ms, GC Workers: 2]
      [GC Worker Start (ms): Min: 70065.1, Avg: 70065.1, Max: 70065.1, Diff: 0.0]
      [Ext Root Scanning (ms): Min: 0.3, Avg: 0.3, Max: 0.3, Diff: 0.0, Sum: 0.6]
      [Update RS (ms): Min: 0.0, Avg: 0.0, Max: 0.0, Diff: 0.0, Sum: 0.0]
         [Processed Buffers: Min: 1, Avg: 1.5, Max: 2, Diff: 1, Sum: 3]
      [Scan RS (ms): Min: 0.2, Avg: 0.2, Max: 0.2, Diff: 0.0, Sum: 0.4]
      [Code Root Scanning (ms): Min: 0.1, Avg: 0.1, Max: 0.1, Diff: 0.0, Sum: 0.2]
      [Object Copy (ms): Min: 27.3, Avg: 27.3, Max: 27.3, Diff: 0.0, Sum: 54.5]
      [Termination (ms): Min: 0.0, Avg: 0.0, Max: 0.0, Diff: 0.0, Sum: 0.0]
      [GC Worker Other (ms): Min: 0.0, Avg: 0.0, Max: 0.0, Diff: 0.0, Sum: 0.1]
      [GC Worker Total (ms): Min: 27.9, Avg: 27.9, Max: 27.9, Diff: 0.0, Sum: 55.8]
      [GC Worker End (ms): Min: 70093.0, Avg: 70093.0, Max: 70093.0, Diff: 0.0]
   [Code Root Fixup: 0.0 ms]
   [Code Root Migration: 0.0 ms]
   [Clear CT: 0.1 ms]
   [Other: 0.5 ms]
      [Choose CSet: 0.0 ms]
      [Ref Proc: 0.1 ms]
      [Ref Enq: 0.0 ms]
      [Free CSet: 0.2 ms]
   [Eden: 115.0M(115.0M)->0.0B(138.0M) Survivors: 16.0M->17.0M Heap: 257.0M(512.0M)->170.4M(512.0M)]
 [Times: user=0.05 sys=0.00, real=0.03 secs] 
2014-07-10T12:29:17.010+0200: 70.182: [GC pause (G1 Evacuation Pause) (young), 0.0320467 secs]
   [Parallel Time: 31.4 ms, GC Workers: 2]
      [GC Worker Start (ms): Min: 70182.3, Avg: 70182.3, Max: 70182.3, Diff: 0.0]
      [Ext Root Scanning (ms): Min: 0.3, Avg: 0.3, Max: 0.3, Diff: 0.0, Sum: 0.6]
      [Update RS (ms): Min: 0.0, Avg: 0.0, Max: 0.0, Diff: 0.0, Sum: 0.1]
         [Processed Buffers: Min: 1, Avg: 1.5, Max: 2, Diff: 1, Sum: 3]
      [Scan RS (ms): Min: 0.2, Avg: 0.2, Max: 0.2, Diff: 0.0, Sum: 0.5]
      [Code Root Scanning (ms): Min: 0.1, Avg: 0.1, Max: 0.1, Diff: 0.0, Sum: 0.2]
      [Object Copy (ms): Min: 30.7, Avg: 30.7, Max: 30.7, Diff: 0.0, Sum: 61.4]
      [Termination (ms): Min: 0.0, Avg: 0.0, Max: 0.0, Diff: 0.0, Sum: 0.0]
      [GC Worker Other (ms): Min: 0.0, Avg: 0.0, Max: 0.0, Diff: 0.0, Sum: 0.1]
      [GC Worker Total (ms): Min: 31.4, Avg: 31.4, Max: 31.4, Diff: 0.0, Sum: 62.8]
      [GC Worker End (ms): Min: 70213.7, Avg: 70213.7, Max: 70213.7, Diff: 0.0]
   [Code Root Fixup: 0.0 ms]
   [Code Root Migration: 0.0 ms]
   [Clear CT: 0.1 ms]
   [Other: 0.5 ms]
      [Choose CSet: 0.0 ms]
      [Ref Proc: 0.1 ms]
      [Ref Enq: 0.0 ms]
      [Free CSet: 0.3 ms]
   [Eden: 138.0M(138.0M)->0.0B(136.0M) Survivors: 17.0M->20.0M Heap: 308.4M(512.0M)->203.7M(512.0M)]
 [Times: user=0.06 sys=0.00, real=0.03 secs] 
2014-07-10T12:29:17.190+0200: 70.362: [GC pause (G1 Evacuation Pause) (young), 0.0322788 secs]
   [Parallel Time: 31.4 ms, GC Workers: 2]
      [GC Worker Start (ms): Min: 70362.3, Avg: 70362.4, Max: 70362.4, Diff: 0.0]
      [Ext Root Scanning (ms): Min: 0.6, Avg: 0.6, Max: 0.6, Diff: 0.0, Sum: 1.2]
      [Update RS (ms): Min: 0.1, Avg: 0.1, Max: 0.2, Diff: 0.1, Sum: 0.2]
         [Processed Buffers: Min: 2, Avg: 2.0, Max: 2, Diff: 0, Sum: 4]
      [Scan RS (ms): Min: 0.4, Avg: 0.4, Max: 0.5, Diff: 0.1, Sum: 0.9]
      [Code Root Scanning (ms): Min: 0.1, Avg: 0.2, Max: 0.2, Diff: 0.0, Sum: 0.3]
      [Object Copy (ms): Min: 30.0, Avg: 30.0, Max: 30.0, Diff: 0.0, Sum: 59.9]
      [Termination (ms): Min: 0.0, Avg: 0.0, Max: 0.0, Diff: 0.0, Sum: 0.0]
      [GC Worker Other (ms): Min: 0.0, Avg: 0.0, Max: 0.0, Diff: 0.0, Sum: 0.1]
      [GC Worker Total (ms): Min: 31.3, Avg: 31.4, Max: 31.4, Diff: 0.0, Sum: 62.7]
      [GC Worker End (ms): Min: 70393.7, Avg: 70393.7, Max: 70393.7, Diff: 0.0]
   [Code Root Fixup: 0.0 ms]
   [Code Root Migration: 0.0 ms]
   [Clear CT: 0.2 ms]
   [Other: 0.6 ms]
      [Choose CSet: 0.0 ms]
      [Ref Proc: 0.1 ms]
      [Ref Enq: 0.0 ms]
      [Free CSet: 0.3 ms]
   [Eden: 136.0M(136.0M)->0.0B(123.0M) Survivors: 20.0M->20.0M Heap: 339.7M(512.0M)->224.7M(512.0M)]
 [Times: user=0.06 sys=0.00, real=0.03 secs] 
2014-07-10T12:29:17.281+0200: 70.454: [GC pause (G1 Evacuation Pause) (young), 0.0212540 secs]
   [Parallel Time: 20.7 ms, GC Workers: 2]
      [GC Worker Start (ms): Min: 70453.8, Avg: 70453.8, Max: 70453.8, Diff: 0.0]
      [Ext Root Scanning (ms): Min: 0.4, Avg: 0.4, Max: 0.4, Diff: 0.0, Sum: 0.8]
      [Update RS (ms): Min: 0.0, Avg: 0.2, Max: 0.4, Diff: 0.3, Sum: 0.4]
         [Processed Buffers: Min: 1, Avg: 1.5, Max: 2, Diff: 1, Sum: 3]
      [Scan RS (ms): Min: 0.1, Avg: 0.3, Max: 0.4, Diff: 0.2, Sum: 0.5]
      [Code Root Scanning (ms): Min: 0.1, Avg: 0.1, Max: 0.1, Diff: 0.1, Sum: 0.2]
      [Object Copy (ms): Min: 19.6, Avg: 19.6, Max: 19.6, Diff: 0.0, Sum: 39.3]
      [Termination (ms): Min: 0.0, Avg: 0.0, Max: 0.0, Diff: 0.0, Sum: 0.0]
      [GC Worker Other (ms): Min: 0.0, Avg: 0.0, Max: 0.0, Diff: 0.0, Sum: 0.1]
      [GC Worker Total (ms): Min: 20.6, Avg: 20.6, Max: 20.6, Diff: 0.0, Sum: 41.2]
      [GC Worker End (ms): Min: 70474.4, Avg: 70474.4, Max: 70474.4, Diff: 0.0]
   [Code Root Fixup: 0.0 ms]
   [Code Root Migration: 0.0 ms]
   [Clear CT: 0.1 ms]
   [Other: 0.4 ms]
      [Choose CSet: 0.0 ms]
      [Ref Proc: 0.0 ms]
      [Ref Enq: 0.0 ms]
      [Free CSet: 0.2 ms]
   [Eden: 123.0M(123.0M)->0.0B(142.0M) Survivors: 20.0M->18.0M Heap: 347.7M(512.0M)->236.6M(512.0M)]
 [Times: user=0.03 sys=0.00, real=0.02 secs] 
2014-07-10T12:29:17.408+0200: 70.580: [GC pause (G1 Evacuation Pause) (young), 0.0274496 secs]
   [Parallel Time: 26.8 ms, GC Workers: 2]
      [GC Worker Start (ms): Min: 70580.1, Avg: 70580.1, Max: 70580.1, Diff: 0.0]
      [Ext Root Scanning (ms): Min: 0.3, Avg: 0.3, Max: 0.3, Diff: 0.0, Sum: 0.7]
      [Update RS (ms): Min: 0.0, Avg: 0.1, Max: 0.1, Diff: 0.1, Sum: 0.1]
         [Processed Buffers: Min: 1, Avg: 1.5, Max: 2, Diff: 1, Sum: 3]
      [Scan RS (ms): Min: 0.2, Avg: 0.2, Max: 0.3, Diff: 0.0, Sum: 0.5]
      [Code Root Scanning (ms): Min: 0.1, Avg: 0.1, Max: 0.1, Diff: 0.0, Sum: 0.2]
      [Object Copy (ms): Min: 25.9, Avg: 25.9, Max: 26.0, Diff: 0.0, Sum: 51.9]
      [Termination (ms): Min: 0.0, Avg: 0.0, Max: 0.0, Diff: 0.0, Sum: 0.0]
      [GC Worker Other (ms): Min: 0.0, Avg: 0.0, Max: 0.0, Diff: 0.0, Sum: 0.1]
      [GC Worker Total (ms): Min: 26.7, Avg: 26.7, Max: 26.7, Diff: 0.0, Sum: 53.5]
      [GC Worker End (ms): Min: 70606.8, Avg: 70606.8, Max: 70606.8, Diff: 0.0]
   [Code Root Fixup: 0.0 ms]
   [Code Root Migration: 0.0 ms]
   [Clear CT: 0.1 ms]
   [Other: 0.5 ms]
      [Choose CSet: 0.0 ms]
      [Ref Proc: 0.1 ms]
      [Ref Enq: 0.0 ms]
      [Free CSet: 0.3 ms]
   [Eden: 142.0M(142.0M)->0.0B(135.0M) Survivors: 18.0M->20.0M Heap: 378.6M(512.0M)->260.3M(512.0M)]
 [Times: user=0.06 sys=0.00, real=0.03 secs] 
2014-07-10T12:29:17.589+0200: 70.761: [GC pause (G1 Evacuation Pause) (young) (initial-mark), 0.0227103 secs]
   [Parallel Time: 21.8 ms, GC Workers: 2]
      [GC Worker Start (ms): Min: 70761.5, Avg: 70762.0, Max: 70762.5, Diff: 1.0]
      [Ext Root Scanning (ms): Min: 0.1, Avg: 0.5, Max: 0.9, Diff: 0.8, Sum: 0.9]
      [Code Root Marking (ms): Min: 0.1, Avg: 0.1, Max: 0.1, Diff: 0.0, Sum: 0.2]
      [Update RS (ms): Min: 0.1, Avg: 0.1, Max: 0.1, Diff: 0.0, Sum: 0.2]
         [Processed Buffers: Min: 2, Avg: 2.0, Max: 2, Diff: 0, Sum: 4]
      [Scan RS (ms): Min: 0.4, Avg: 0.4, Max: 0.4, Diff: 0.0, Sum: 0.8]
      [Code Root Scanning (ms): Min: 0.1, Avg: 0.1, Max: 0.1, Diff: 0.0, Sum: 0.3]
      [Object Copy (ms): Min: 19.9, Avg: 20.0, Max: 20.1, Diff: 0.2, Sum: 40.1]
      [Termination (ms): Min: 0.0, Avg: 0.0, Max: 0.0, Diff: 0.0, Sum: 0.0]
      [GC Worker Other (ms): Min: 0.0, Avg: 0.0, Max: 0.0, Diff: 0.0, Sum: 0.1]
      [GC Worker Total (ms): Min: 20.8, Avg: 21.3, Max: 21.8, Diff: 1.0, Sum: 42.5]
      [GC Worker End (ms): Min: 70783.3, Avg: 70783.3, Max: 70783.3, Diff: 0.0]
   [Code Root Fixup: 0.0 ms]
   [Code Root Migration: 0.0 ms]
   [Clear CT: 0.1 ms]
   [Other: 0.7 ms]
      [Choose CSet: 0.0 ms]
      [Ref Proc: 0.1 ms]
      [Ref Enq: 0.0 ms]
      [Free CSet: 0.3 ms]
   [Eden: 135.0M(135.0M)->0.0B(121.0M) Survivors: 20.0M->20.0M Heap: 395.3M(512.0M)->272.8M(512.0M)]
 [Times: user=0.02 sys=0.02, real=0.02 secs] 
2014-07-10T12:29:17.612+0200: 70.784: [GC concurrent-root-region-scan-start]
2014-07-10T12:29:17.612+0200: 70.785: [GC concurrent-root-region-scan-end, 0.0003061 secs]
2014-07-10T12:29:17.612+0200: 70.785: [GC concurrent-mark-start]
2014-07-10T12:29:17.673+0200: 70.846: [GC pause (G1 Evacuation Pause) (young), 0.0147882 secs]
   [Parallel Time: 14.2 ms, GC Workers: 2]
      [GC Worker Start (ms): Min: 70845.7, Avg: 70845.7, Max: 70845.7, Diff: 0.0]
      [Ext Root Scanning (ms): Min: 0.4, Avg: 0.4, Max: 0.4, Diff: 0.0, Sum: 0.7]
      [SATB Filtering (ms): Min: 0.0, Avg: 0.0, Max: 0.0, Diff: 0.0, Sum: 0.0]
      [Update RS (ms): Min: 0.1, Avg: 0.1, Max: 0.1, Diff: 0.0, Sum: 0.1]
         [Processed Buffers: Min: 1, Avg: 1.5, Max: 2, Diff: 1, Sum: 3]
      [Scan RS (ms): Min: 0.2, Avg: 0.2, Max: 0.2, Diff: 0.0, Sum: 0.4]
      [Code Root Scanning (ms): Min: 0.1, Avg: 0.1, Max: 0.1, Diff: 0.0, Sum: 0.2]
      [Object Copy (ms): Min: 13.3, Avg: 13.3, Max: 13.4, Diff: 0.0, Sum: 26.7]
      [Termination (ms): Min: 0.0, Avg: 0.0, Max: 0.0, Diff: 0.0, Sum: 0.0]
      [GC Worker Other (ms): Min: 0.0, Avg: 0.0, Max: 0.0, Diff: 0.0, Sum: 0.1]
      [GC Worker Total (ms): Min: 14.1, Avg: 14.1, Max: 14.1, Diff: 0.0, Sum: 28.3]
      [GC Worker End (ms): Min: 70859.8, Avg: 70859.8, Max: 70859.8, Diff: 0.0]
   [Code Root Fixup: 0.0 ms]
   [Code Root Migration: 0.0 ms]
   [Clear CT: 0.1 ms]
   [Other: 0.5 ms]
      [Choose CSet: 0.0 ms]
      [Ref Proc: 0.1 ms]
      [Ref Enq: 0.0 ms]
      [Free CSet: 0.2 ms]
   [Eden: 121.0M(121.0M)->0.0B(137.0M) Survivors: 20.0M->18.0M Heap: 393.8M(512.0M)->274.2M(512.0M)]
 [Times: user=0.03 sys=0.00, real=0.01 secs] 
2014-07-10T12:29:17.691+0200: 70.863: [GC concurrent-mark-end, 0.0070957 secs]
2014-07-10T12:29:17.691+0200: 70.863: [GC remark 70.864: [GC ref-proc, 0.0000686 secs], 0.0014441 secs]
 [Times: user=0.00 sys=0.00, real=0.00 secs] 
2014-07-10T12:29:17.771+0200: 70.943: [GC cleanup 338M->159M(512M), 0.0032853 secs]
 [Times: user=0.02 sys=0.00, real=0.00 secs] 
2014-07-10T12:29:17.774+0200: 70.947: [GC concurrent-cleanup-start]
2014-07-10T12:29:17.775+0200: 70.948: [GC concurrent-cleanup-end, 0.0010247 secs]
2014-07-10T12:29:17.825+0200: 70.998: [GC pause (G1 Evacuation Pause) (young), 0.0179427 secs]
   [Parallel Time: 17.2 ms, GC Workers: 2]
      [GC Worker Start (ms): Min: 70997.8, Avg: 70997.8, Max: 70997.8, Diff: 0.0]
      [Ext Root Scanning (ms): Min: 0.3, Avg: 0.3, Max: 0.3, Diff: 0.0, Sum: 0.7]
      [Update RS (ms): Min: 0.0, Avg: 0.1, Max: 0.1, Diff: 0.1, Sum: 0.1]
         [Processed Buffers: Min: 1, Avg: 1.5, Max: 2, Diff: 1, Sum: 3]
      [Scan RS (ms): Min: 0.2, Avg: 0.2, Max: 0.3, Diff: 0.0, Sum: 0.5]
      [Code Root Scanning (ms): Min: 0.1, Avg: 0.1, Max: 0.1, Diff: 0.0, Sum: 0.2]
      [Object Copy (ms): Min: 16.4, Avg: 16.4, Max: 16.4, Diff: 0.0, Sum: 32.7]
      [Termination (ms): Min: 0.0, Avg: 0.0, Max: 0.0, Diff: 0.0, Sum: 0.0]
      [GC Worker Other (ms): Min: 0.0, Avg: 0.0, Max: 0.0, Diff: 0.0, Sum: 0.1]
      [GC Worker Total (ms): Min: 17.2, Avg: 17.2, Max: 17.2, Diff: 0.0, Sum: 34.3]
      [GC Worker End (ms): Min: 71015.0, Avg: 71015.0, Max: 71015.0, Diff: 0.0]
   [Code Root Fixup: 0.0 ms]
   [Code Root Migration: 0.1 ms]
   [Clear CT: 0.1 ms]
   [Other: 0.5 ms]
      [Choose CSet: 0.0 ms]
      [Ref Proc: 0.1 ms]
      [Ref Enq: 0.0 ms]
      [Free CSet: 0.3 ms]
   [Eden: 137.0M(137.0M)->0.0B(125.0M) Survivors: 18.0M->20.0M Heap: 232.2M(512.0M)->103.4M(512.0M)]
 [Times: user=0.03 sys=0.00, real=0.02 secs] 
2014-07-10T12:29:17.971+0200: 71.143: [GC pause (G1 Evacuation Pause) (mixed), 0.0178682 secs]
   [Parallel Time: 17.0 ms, GC Workers: 2]
      [GC Worker Start (ms): Min: 71143.6, Avg: 71143.6, Max: 71143.6, Diff: 0.0]
      [Ext Root Scanning (ms): Min: 0.6, Avg: 0.6, Max: 0.6, Diff: 0.0, Sum: 1.3]
      [Update RS (ms): Min: 0.1, Avg: 0.1, Max: 0.1, Diff: 0.0, Sum: 0.1]
         [Processed Buffers: Min: 1, Avg: 1.5, Max: 2, Diff: 1, Sum: 3]
      [Scan RS (ms): Min: 0.5, Avg: 0.5, Max: 0.5, Diff: 0.0, Sum: 0.9]
      [Code Root Scanning (ms): Min: 0.1, Avg: 0.1, Max: 0.2, Diff: 0.0, Sum: 0.3]
      [Object Copy (ms): Min: 15.5, Avg: 15.6, Max: 15.6, Diff: 0.0, Sum: 31.1]
      [Termination (ms): Min: 0.0, Avg: 0.0, Max: 0.0, Diff: 0.0, Sum: 0.0]
      [GC Worker Other (ms): Min: 0.0, Avg: 0.0, Max: 0.0, Diff: 0.0, Sum: 0.1]
      [GC Worker Total (ms): Min: 16.9, Avg: 16.9, Max: 16.9, Diff: 0.0, Sum: 33.8]
      [GC Worker End (ms): Min: 71160.5, Avg: 71160.5, Max: 71160.5, Diff: 0.0]
   [Code Root Fixup: 0.0 ms]
   [Code Root Migration: 0.0 ms]
   [Clear CT: 0.2 ms]
   [Other: 0.6 ms]
      [Choose CSet: 0.0 ms]
      [Ref Proc: 0.1 ms]
      [Ref Enq: 0.0 ms]
      [Free CSet: 0.3 ms]
   [Eden: 125.0M(125.0M)->0.0B(114.0M) Survivors: 20.0M->19.0M Heap: 228.4M(512.0M)->94.7M(512.0M)]
 [Times: user=0.03 sys=0.00, real=0.02 secs] 
2014-07-10T12:29:18.045+0200: 71.218: [GC pause (G1 Evacuation Pause) (mixed), 0.0016084 secs]
   [Parallel Time: 1.2 ms, GC Workers: 2]
      [GC Worker Start (ms): Min: 71217.6, Avg: 71217.6, Max: 71217.6, Diff: 0.0]
      [Ext Root Scanning (ms): Min: 0.3, Avg: 0.3, Max: 0.3, Diff: 0.0, Sum: 0.7]
      [Update RS (ms): Min: 0.0, Avg: 0.1, Max: 0.1, Diff: 0.1, Sum: 0.2]
         [Processed Buffers: Min: 1, Avg: 1.5, Max: 2, Diff: 1, Sum: 3]
      [Scan RS (ms): Min: 0.2, Avg: 0.2, Max: 0.2, Diff: 0.1, Sum: 0.4]
      [Code Root Scanning (ms): Min: 0.1, Avg: 0.1, Max: 0.1, Diff: 0.0, Sum: 0.2]
      [Object Copy (ms): Min: 0.4, Avg: 0.4, Max: 0.4, Diff: 0.0, Sum: 0.9]
      [Termination (ms): Min: 0.0, Avg: 0.0, Max: 0.0, Diff: 0.0, Sum: 0.0]
      [GC Worker Other (ms): Min: 0.0, Avg: 0.0, Max: 0.0, Diff: 0.0, Sum: 0.1]
      [GC Worker Total (ms): Min: 1.2, Avg: 1.2, Max: 1.2, Diff: 0.0, Sum: 2.4]
      [GC Worker End (ms): Min: 71218.8, Avg: 71218.8, Max: 71218.8, Diff: 0.0]
   [Code Root Fixup: 0.0 ms]
   [Code Root Migration: 0.0 ms]
   [Clear CT: 0.1 ms]
   [Other: 0.3 ms]
      [Choose CSet: 0.0 ms]
      [Ref Proc: 0.0 ms]
      [Ref Enq: 0.0 ms]
      [Free CSet: 0.2 ms]
   [Eden: 114.0M(114.0M)->0.0B(240.0M) Survivors: 19.0M->1024.0K Heap: 208.7M(512.0M)->75.7M(512.0M)]
 [Times: user=0.00 sys=0.00, real=0.00 secs] 
2014-07-10T12:29:18.270+0200: 71.443: [GC pause (G1 Evacuation Pause) (young), 0.0206539 secs]
   [Parallel Time: 19.9 ms, GC Workers: 2]
      [GC Worker Start (ms): Min: 71442.9, Avg: 71442.9, Max: 71442.9, Diff: 0.0]
      [Ext Root Scanning (ms): Min: 0.3, Avg: 0.4, Max: 0.4, Diff: 0.0, Sum: 0.7]
      [Update RS (ms): Min: 0.1, Avg: 0.1, Max: 0.1, Diff: 0.0, Sum: 0.1]
         [Processed Buffers: Min: 1, Avg: 2.0, Max: 3, Diff: 2, Sum: 4]
      [Scan RS (ms): Min: 0.4, Avg: 0.4, Max: 0.4, Diff: 0.0, Sum: 0.8]
      [Code Root Scanning (ms): Min: 0.2, Avg: 0.2, Max: 0.2, Diff: 0.0, Sum: 0.3]
      [Object Copy (ms): Min: 18.7, Avg: 18.8, Max: 18.8, Diff: 0.0, Sum: 37.5]
      [Termination (ms): Min: 0.0, Avg: 0.0, Max: 0.0, Diff: 0.0, Sum: 0.0]
      [GC Worker Other (ms): Min: 0.0, Avg: 0.1, Max: 0.1, Diff: 0.1, Sum: 0.2]
      [GC Worker Total (ms): Min: 19.8, Avg: 19.8, Max: 19.9, Diff: 0.1, Sum: 39.6]
      [GC Worker End (ms): Min: 71462.7, Avg: 71462.7, Max: 71462.8, Diff: 0.1]
   [Code Root Fixup: 0.0 ms]
   [Code Root Migration: 0.1 ms]
   [Clear CT: 0.2 ms]
   [Other: 0.6 ms]
      [Choose CSet: 0.0 ms]
      [Ref Proc: 0.1 ms]
      [Ref Enq: 0.0 ms]
      [Free CSet: 0.3 ms]
   [Eden: 240.0M(240.0M)->0.0B(125.0M) Survivors: 1024.0K->31.0M Heap: 315.7M(512.0M)->105.4M(512.0M)]
 [Times: user=0.06 sys=0.00, real=0.02 secs] 
2014-07-10T12:29:18.407+0200: 71.580: [GC pause (G1 Evacuation Pause) (young), 0.0161077 secs]
   [Parallel Time: 15.4 ms, GC Workers: 2]
      [GC Worker Start (ms): Min: 71579.8, Avg: 71579.8, Max: 71579.9, Diff: 0.0]
      [Ext Root Scanning (ms): Min: 0.3, Avg: 0.4, Max: 0.4, Diff: 0.0, Sum: 0.7]
      [Update RS (ms): Min: 0.0, Avg: 0.1, Max: 0.1, Diff: 0.0, Sum: 0.1]
         [Processed Buffers: Min: 1, Avg: 1.5, Max: 2, Diff: 1, Sum: 3]
      [Scan RS (ms): Min: 0.2, Avg: 0.3, Max: 0.3, Diff: 0.0, Sum: 0.5]
      [Code Root Scanning (ms): Min: 0.1, Avg: 0.1, Max: 0.1, Diff: 0.0, Sum: 0.2]
      [Object Copy (ms): Min: 14.6, Avg: 14.6, Max: 14.6, Diff: 0.0, Sum: 29.2]
      [Termination (ms): Min: 0.0, Avg: 0.0, Max: 0.0, Diff: 0.0, Sum: 0.0]
      [GC Worker Other (ms): Min: 0.0, Avg: 0.0, Max: 0.0, Diff: 0.0, Sum: 0.1]
      [GC Worker Total (ms): Min: 15.4, Avg: 15.4, Max: 15.4, Diff: 0.0, Sum: 30.8]
      [GC Worker End (ms): Min: 71595.3, Avg: 71595.3, Max: 71595.3, Diff: 0.0]
   [Code Root Fixup: 0.0 ms]
   [Code Root Migration: 0.0 ms]
   [Clear CT: 0.1 ms]
   [Other: 0.5 ms]
      [Choose CSet: 0.0 ms]
      [Ref Proc: 0.1 ms]
      [Ref Enq: 0.0 ms]
      [Free CSet: 0.3 ms]
   [Eden: 125.0M(125.0M)->0.0B(116.0M) Survivors: 31.0M->20.0M Heap: 230.4M(512.0M)->98.3M(512.0M)]
 [Times: user=0.03 sys=0.00, real=0.02 secs] 
2014-07-10T12:29:18.491+0200: 71.664: [GC pause (G1 Evacuation Pause) (young), 0.0061483 secs]
   [Parallel Time: 5.6 ms, GC Workers: 2]
      [GC Worker Start (ms): Min: 71663.8, Avg: 71663.8, Max: 71663.8, Diff: 0.0]
      [Ext Root Scanning (ms): Min: 0.4, Avg: 0.4, Max: 0.4, Diff: 0.0, Sum: 0.7]
      [Update RS (ms): Min: 0.0, Avg: 0.0, Max: 0.0, Diff: 0.0, Sum: 0.1]
         [Processed Buffers: Min: 1, Avg: 1.5, Max: 2, Diff: 1, Sum: 3]
      [Scan RS (ms): Min: 0.2, Avg: 0.2, Max: 0.2, Diff: 0.0, Sum: 0.4]
      [Code Root Scanning (ms): Min: 0.1, Avg: 0.1, Max: 0.1, Diff: 0.0, Sum: 0.2]
      [Object Copy (ms): Min: 4.8, Avg: 4.8, Max: 4.8, Diff: 0.0, Sum: 9.6]
      [Termination (ms): Min: 0.0, Avg: 0.0, Max: 0.0, Diff: 0.0, Sum: 0.0]
      [GC Worker Other (ms): Min: 0.0, Avg: 0.0, Max: 0.0, Diff: 0.0, Sum: 0.1]
      [GC Worker Total (ms): Min: 5.5, Avg: 5.5, Max: 5.5, Diff: 0.0, Sum: 11.0]
      [GC Worker End (ms): Min: 71669.3, Avg: 71669.3, Max: 71669.3, Diff: 0.0]
   [Code Root Fixup: 0.0 ms]
   [Code Root Migration: 0.0 ms]
   [Clear CT: 0.1 ms]
   [Other: 0.4 ms]
      [Choose CSet: 0.0 ms]
      [Ref Proc: 0.0 ms]
      [Ref Enq: 0.0 ms]
      [Free CSet: 0.3 ms]
   [Eden: 116.0M(116.0M)->0.0B(299.0M) Survivors: 20.0M->8192.0K Heap: 214.3M(512.0M)->85.7M(512.0M)]
 [Times: user=0.00 sys=0.00, real=0.01 secs] 
2014-07-10T12:29:18.820+0200: 71.993: [GC pause (G1 Evacuation Pause) (young), 0.0227880 secs]
   [Parallel Time: 21.8 ms, GC Workers: 2]
      [GC Worker Start (ms): Min: 71993.0, Avg: 71993.0, Max: 71993.1, Diff: 0.0]
      [Ext Root Scanning (ms): Min: 0.3, Avg: 0.3, Max: 0.3, Diff: 0.0, Sum: 0.7]
      [Update RS (ms): Min: 0.0, Avg: 0.0, Max: 0.0, Diff: 0.0, Sum: 0.1]
         [Processed Buffers: Min: 1, Avg: 2.0, Max: 3, Diff: 2, Sum: 4]
      [Scan RS (ms): Min: 0.5, Avg: 0.5, Max: 0.5, Diff: 0.0, Sum: 0.9]
      [Code Root Scanning (ms): Min: 0.2, Avg: 0.2, Max: 0.2, Diff: 0.0, Sum: 0.4]
      [Object Copy (ms): Min: 20.7, Avg: 20.7, Max: 20.7, Diff: 0.0, Sum: 41.3]
      [Termination (ms): Min: 0.0, Avg: 0.0, Max: 0.0, Diff: 0.0, Sum: 0.0]
      [GC Worker Other (ms): Min: 0.0, Avg: 0.1, Max: 0.1, Diff: 0.1, Sum: 0.1]
      [GC Worker Total (ms): Min: 21.7, Avg: 21.8, Max: 21.8, Diff: 0.1, Sum: 43.5]
      [GC Worker End (ms): Min: 72014.8, Avg: 72014.8, Max: 72014.8, Diff: 0.1]
   [Code Root Fixup: 0.0 ms]
   [Code Root Migration: 0.1 ms]
   [Clear CT: 0.2 ms]
   [Other: 0.7 ms]
      [Choose CSet: 0.0 ms]
      [Ref Proc: 0.0 ms]
      [Ref Enq: 0.0 ms]
      [Free CSet: 0.5 ms]
   [Eden: 299.0M(299.0M)->0.0B(115.0M) Survivors: 8192.0K->35.0M Heap: 384.7M(512.0M)->112.4M(512.0M)]
 [Times: user=0.03 sys=0.00, real=0.02 secs] 
2014-07-10T12:29:18.969+0200: 72.142: [GC pause (G1 Evacuation Pause) (young), 0.0201761 secs]
   [Parallel Time: 18.8 ms, GC Workers: 2]
      [GC Worker Start (ms): Min: 72141.8, Avg: 72141.8, Max: 72141.8, Diff: 0.0]
      [Ext Root Scanning (ms): Min: 0.6, Avg: 0.6, Max: 0.6, Diff: 0.0, Sum: 1.2]
      [Update RS (ms): Min: 0.0, Avg: 0.0, Max: 0.1, Diff: 0.0, Sum: 0.1]
         [Processed Buffers: Min: 1, Avg: 1.5, Max: 2, Diff: 1, Sum: 3]
      [Scan RS (ms): Min: 0.4, Avg: 0.4, Max: 0.4, Diff: 0.0, Sum: 0.8]
      [Code Root Scanning (ms): Min: 0.1, Avg: 0.1, Max: 0.1, Diff: 0.0, Sum: 0.3]
      [Object Copy (ms): Min: 17.4, Avg: 17.5, Max: 17.5, Diff: 0.0, Sum: 34.9]
      [Termination (ms): Min: 0.0, Avg: 0.0, Max: 0.0, Diff: 0.0, Sum: 0.0]
      [GC Worker Other (ms): Min: 0.0, Avg: 0.0, Max: 0.0, Diff: 0.0, Sum: 0.1]
      [GC Worker Total (ms): Min: 18.7, Avg: 18.7, Max: 18.7, Diff: 0.0, Sum: 37.5]
      [GC Worker End (ms): Min: 72160.5, Avg: 72160.5, Max: 72160.5, Diff: 0.0]
   [Code Root Fixup: 0.0 ms]
   [Code Root Migration: 0.1 ms]
   [Clear CT: 0.4 ms]
   [Other: 0.9 ms]
      [Choose CSet: 0.0 ms]
      [Ref Proc: 0.1 ms]
      [Ref Enq: 0.0 ms]
      [Free CSet: 0.6 ms]
   [Eden: 115.0M(115.0M)->0.0B(105.0M) Survivors: 35.0M->17.0M Heap: 227.4M(512.0M)->95.3M(512.0M)]
 [Times: user=0.05 sys=0.00, real=0.02 secs] 
2014-07-10T12:29:19.045+0200: 72.218: [GC pause (G1 Evacuation Pause) (young), 0.0273316 secs]
   [Parallel Time: 26.8 ms, GC Workers: 2]
      [GC Worker Start (ms): Min: 72218.1, Avg: 72218.1, Max: 72218.1, Diff: 0.0]
      [Ext Root Scanning (ms): Min: 0.3, Avg: 0.3, Max: 0.3, Diff: 0.0, Sum: 0.6]
      [Update RS (ms): Min: 0.0, Avg: 0.1, Max: 0.1, Diff: 0.0, Sum: 0.1]
         [Processed Buffers: Min: 2, Avg: 2.0, Max: 2, Diff: 0, Sum: 4]
      [Scan RS (ms): Min: 0.2, Avg: 0.2, Max: 0.2, Diff: 0.0, Sum: 0.3]
      [Code Root Scanning (ms): Min: 0.1, Avg: 0.1, Max: 0.1, Diff: 0.0, Sum: 0.2]
      [Object Copy (ms): Min: 26.0, Avg: 26.1, Max: 26.1, Diff: 0.0, Sum: 52.1]
      [Termination (ms): Min: 0.0, Avg: 0.0, Max: 0.0, Diff: 0.0, Sum: 0.0]
      [GC Worker Other (ms): Min: 0.0, Avg: 0.0, Max: 0.0, Diff: 0.0, Sum: 0.1]
      [GC Worker Total (ms): Min: 26.7, Avg: 26.7, Max: 26.7, Diff: 0.0, Sum: 53.4]
      [GC Worker End (ms): Min: 72244.8, Avg: 72244.8, Max: 72244.8, Diff: 0.0]
   [Code Root Fixup: 0.0 ms]
   [Code Root Migration: 0.0 ms]
   [Clear CT: 0.1 ms]
   [Other: 0.4 ms]
      [Choose CSet: 0.0 ms]
      [Ref Proc: 0.1 ms]
      [Ref Enq: 0.0 ms]
      [Free CSet: 0.2 ms]
   [Eden: 105.0M(105.0M)->0.0B(125.0M) Survivors: 17.0M->16.0M Heap: 200.3M(512.0M)->121.1M(512.0M)]
 [Times: user=0.05 sys=0.00, real=0.03 secs] 
2014-07-10T12:29:19.182+0200: 72.354: [GC pause (G1 Evacuation Pause) (young), 0.0226824 secs]
   [Parallel Time: 21.4 ms, GC Workers: 2]
      [GC Worker Start (ms): Min: 72354.2, Avg: 72354.2, Max: 72354.3, Diff: 0.0]
      [Ext Root Scanning (ms): Min: 0.4, Avg: 0.4, Max: 0.4, Diff: 0.0, Sum: 0.7]
      [Update RS (ms): Min: 0.1, Avg: 0.1, Max: 0.1, Diff: 0.0, Sum: 0.2]
         [Processed Buffers: Min: 1, Avg: 2.0, Max: 3, Diff: 2, Sum: 4]
      [Scan RS (ms): Min: 0.3, Avg: 0.3, Max: 0.3, Diff: 0.0, Sum: 0.5]
      [Code Root Scanning (ms): Min: 0.1, Avg: 0.1, Max: 0.1, Diff: 0.0, Sum: 0.2]
      [Object Copy (ms): Min: 20.5, Avg: 20.5, Max: 20.5, Diff: 0.0, Sum: 41.0]
      [Termination (ms): Min: 0.0, Avg: 0.0, Max: 0.0, Diff: 0.0, Sum: 0.0]
      [GC Worker Other (ms): Min: 0.0, Avg: 0.1, Max: 0.1, Diff: 0.0, Sum: 0.1]
      [GC Worker Total (ms): Min: 21.4, Avg: 21.4, Max: 21.4, Diff: 0.0, Sum: 42.8]
      [GC Worker End (ms): Min: 72375.6, Avg: 72375.6, Max: 72375.6, Diff: 0.0]
   [Code Root Fixup: 0.0 ms]
   [Code Root Migration: 0.0 ms]
   [Clear CT: 0.1 ms]
   [Other: 1.1 ms]
      [Choose CSet: 0.0 ms]
      [Ref Proc: 0.7 ms]
      [Ref Enq: 0.0 ms]
      [Free CSet: 0.3 ms]
   [Eden: 125.0M(125.0M)->0.0B(118.0M) Survivors: 16.0M->18.0M Heap: 246.1M(512.0M)->136.6M(512.0M)]
 [Times: user=0.03 sys=0.00, real=0.02 secs] 
2014-07-10T12:29:19.265+0200: 72.438: [GC pause (G1 Evacuation Pause) (young), 0.0122889 secs]
   [Parallel Time: 11.7 ms, GC Workers: 2]
      [GC Worker Start (ms): Min: 72438.0, Avg: 72438.0, Max: 72438.0, Diff: 0.0]
      [Ext Root Scanning (ms): Min: 0.4, Avg: 0.4, Max: 0.4, Diff: 0.0, Sum: 0.7]
      [Update RS (ms): Min: 0.1, Avg: 0.1, Max: 0.1, Diff: 0.0, Sum: 0.1]
         [Processed Buffers: Min: 1, Avg: 1.5, Max: 2, Diff: 1, Sum: 3]
      [Scan RS (ms): Min: 0.3, Avg: 0.4, Max: 0.4, Diff: 0.1, Sum: 0.7]
      [Code Root Scanning (ms): Min: 0.1, Avg: 0.1, Max: 0.1, Diff: 0.1, Sum: 0.2]
      [Object Copy (ms): Min: 10.7, Avg: 10.7, Max: 10.7, Diff: 0.0, Sum: 21.5]
      [Termination (ms): Min: 0.0, Avg: 0.0, Max: 0.0, Diff: 0.0, Sum: 0.0]
      [GC Worker Other (ms): Min: 0.0, Avg: 0.0, Max: 0.0, Diff: 0.0, Sum: 0.1]
      [GC Worker Total (ms): Min: 11.7, Avg: 11.7, Max: 11.7, Diff: 0.0, Sum: 23.3]
      [GC Worker End (ms): Min: 72449.7, Avg: 72449.7, Max: 72449.7, Diff: 0.0]
   [Code Root Fixup: 0.0 ms]
   [Code Root Migration: 0.0 ms]
   [Clear CT: 0.1 ms]
   [Other: 0.4 ms]
      [Choose CSet: 0.0 ms]
      [Ref Proc: 0.0 ms]
      [Ref Enq: 0.0 ms]
      [Free CSet: 0.3 ms]
   [Eden: 118.0M(118.0M)->0.0B(134.0M) Survivors: 18.0M->17.0M Heap: 254.6M(512.0M)->136.1M(512.0M)]
 [Times: user=0.03 sys=0.00, real=0.01 secs] 
2014-07-10T12:29:19.415+0200: 72.587: [GC pause (G1 Evacuation Pause) (young), 0.0135666 secs]
   [Parallel Time: 12.8 ms, GC Workers: 2]
      [GC Worker Start (ms): Min: 72587.3, Avg: 72587.4, Max: 72587.4, Diff: 0.0]
      [Ext Root Scanning (ms): Min: 0.3, Avg: 0.3, Max: 0.3, Diff: 0.0, Sum: 0.6]
      [Update RS (ms): Min: 0.0, Avg: 0.0, Max: 0.1, Diff: 0.0, Sum: 0.1]
         [Processed Buffers: Min: 1, Avg: 1.5, Max: 2, Diff: 1, Sum: 3]
      [Scan RS (ms): Min: 0.2, Avg: 0.3, Max: 0.3, Diff: 0.0, Sum: 0.5]
      [Code Root Scanning (ms): Min: 0.1, Avg: 0.1, Max: 0.1, Diff: 0.0, Sum: 0.2]
      [Object Copy (ms): Min: 12.0, Avg: 12.0, Max: 12.0, Diff: 0.0, Sum: 24.1]
      [Termination (ms): Min: 0.0, Avg: 0.0, Max: 0.0, Diff: 0.0, Sum: 0.0]
      [GC Worker Other (ms): Min: 0.0, Avg: 0.0, Max: 0.0, Diff: 0.0, Sum: 0.1]
      [GC Worker Total (ms): Min: 12.8, Avg: 12.8, Max: 12.8, Diff: 0.0, Sum: 25.6]
      [GC Worker End (ms): Min: 72600.1, Avg: 72600.1, Max: 72600.1, Diff: 0.0]
   [Code Root Fixup: 0.0 ms]
   [Code Root Migration: 0.0 ms]
   [Clear CT: 0.2 ms]
   [Other: 0.5 ms]
      [Choose CSet: 0.0 ms]
      [Ref Proc: 0.1 ms]
      [Ref Enq: 0.0 ms]
      [Free CSet: 0.3 ms]
   [Eden: 134.0M(134.0M)->0.0B(122.0M) Survivors: 17.0M->19.0M Heap: 270.1M(512.0M)->138.4M(512.0M)]
 [Times: user=0.03 sys=0.00, real=0.01 secs] 
2014-07-10T12:29:19.557+0200: 72.729: [GC pause (G1 Evacuation Pause) (young), 0.0027350 secs]
   [Parallel Time: 1.8 ms, GC Workers: 2]
      [GC Worker Start (ms): Min: 72729.6, Avg: 72729.6, Max: 72729.6, Diff: 0.0]
      [Ext Root Scanning (ms): Min: 0.4, Avg: 0.5, Max: 0.5, Diff: 0.0, Sum: 0.9]
      [Update RS (ms): Min: 0.0, Avg: 0.0, Max: 0.1, Diff: 0.0, Sum: 0.1]
         [Processed Buffers: Min: 2, Avg: 2.0, Max: 2, Diff: 0, Sum: 4]
      [Scan RS (ms): Min: 0.3, Avg: 0.3, Max: 0.3, Diff: 0.0, Sum: 0.7]
      [Code Root Scanning (ms): Min: 0.1, Avg: 0.1, Max: 0.1, Diff: 0.0, Sum: 0.3]
      [Object Copy (ms): Min: 0.7, Avg: 0.7, Max: 0.7, Diff: 0.0, Sum: 1.5]
      [Termination (ms): Min: 0.0, Avg: 0.0, Max: 0.0, Diff: 0.0, Sum: 0.0]
      [GC Worker Other (ms): Min: 0.0, Avg: 0.0, Max: 0.0, Diff: 0.0, Sum: 0.1]
      [GC Worker Total (ms): Min: 1.7, Avg: 1.8, Max: 1.8, Diff: 0.0, Sum: 3.5]
      [GC Worker End (ms): Min: 72731.4, Avg: 72731.4, Max: 72731.4, Diff: 0.0]
   [Code Root Fixup: 0.0 ms]
   [Code Root Migration: 0.0 ms]
   [Clear CT: 0.2 ms]
   [Other: 0.7 ms]
      [Choose CSet: 0.0 ms]
      [Ref Proc: 0.1 ms]
      [Ref Enq: 0.0 ms]
      [Free CSet: 0.4 ms]
   [Eden: 122.0M(122.0M)->0.0B(305.0M) Survivors: 19.0M->2048.0K Heap: 260.4M(512.0M)->120.5M(512.0M)]
 [Times: user=0.00 sys=0.00, real=0.00 secs] 
2014-07-10T12:29:19.822+0200: 72.994: [GC pause (G1 Evacuation Pause) (young), 0.0277286 secs]
   [Parallel Time: 26.6 ms, GC Workers: 2]
      [GC Worker Start (ms): Min: 72994.5, Avg: 72994.5, Max: 72994.5, Diff: 0.0]
      [Ext Root Scanning (ms): Min: 0.3, Avg: 0.3, Max: 0.3, Diff: 0.0, Sum: 0.7]
      [Update RS (ms): Min: 0.0, Avg: 0.0, Max: 0.0, Diff: 0.0, Sum: 0.1]
         [Processed Buffers: Min: 1, Avg: 1.5, Max: 2, Diff: 1, Sum: 3]
      [Scan RS (ms): Min: 0.5, Avg: 0.5, Max: 0.5, Diff: 0.0, Sum: 1.0]
      [Code Root Scanning (ms): Min: 0.2, Avg: 0.2, Max: 0.2, Diff: 0.0, Sum: 0.4]
      [Object Copy (ms): Min: 25.4, Avg: 25.5, Max: 25.5, Diff: 0.0, Sum: 50.9]
      [Termination (ms): Min: 0.0, Avg: 0.0, Max: 0.0, Diff: 0.0, Sum: 0.0]
      [GC Worker Other (ms): Min: 0.0, Avg: 0.0, Max: 0.0, Diff: 0.0, Sum: 0.1]
      [GC Worker Total (ms): Min: 26.6, Avg: 26.6, Max: 26.6, Diff: 0.0, Sum: 53.1]
      [GC Worker End (ms): Min: 73021.1, Avg: 73021.1, Max: 73021.1, Diff: 0.0]
   [Code Root Fixup: 0.0 ms]
   [Code Root Migration: 0.1 ms]
   [Clear CT: 0.2 ms]
   [Other: 0.9 ms]
      [Choose CSet: 0.0 ms]
      [Ref Proc: 0.3 ms]
      [Ref Enq: 0.0 ms]
      [Free CSet: 0.4 ms]
   [Eden: 305.0M(305.0M)->0.0B(108.0M) Survivors: 2048.0K->39.0M Heap: 425.5M(512.0M)->161.3M(512.0M)]
 [Times: user=0.06 sys=0.00, real=0.03 secs] 
2014-07-10T12:29:19.970+0200: 73.143: [GC pause (G1 Evacuation Pause) (young), 0.0209142 secs]
   [Parallel Time: 19.6 ms, GC Workers: 2]
      [GC Worker Start (ms): Min: 73142.7, Avg: 73142.7, Max: 73142.7, Diff: 0.0]
      [Ext Root Scanning (ms): Min: 0.6, Avg: 0.6, Max: 0.6, Diff: 0.0, Sum: 1.3]
      [Update RS (ms): Min: 0.0, Avg: 0.1, Max: 0.1, Diff: 0.0, Sum: 0.1]
         [Processed Buffers: Min: 2, Avg: 2.0, Max: 2, Diff: 0, Sum: 4]
      [Scan RS (ms): Min: 0.4, Avg: 0.4, Max: 0.4, Diff: 0.0, Sum: 0.8]
      [Code Root Scanning (ms): Min: 0.1, Avg: 0.1, Max: 0.1, Diff: 0.0, Sum: 0.3]
      [Object Copy (ms): Min: 18.1, Avg: 18.1, Max: 18.1, Diff: 0.0, Sum: 36.2]
      [Termination (ms): Min: 0.0, Avg: 0.0, Max: 0.0, Diff: 0.0, Sum: 0.0]
      [GC Worker Other (ms): Min: 0.0, Avg: 0.1, Max: 0.1, Diff: 0.0, Sum: 0.1]
      [GC Worker Total (ms): Min: 19.4, Avg: 19.4, Max: 19.4, Diff: 0.0, Sum: 38.8]
      [GC Worker End (ms): Min: 73162.1, Avg: 73162.1, Max: 73162.1, Diff: 0.0]
   [Code Root Fixup: 0.0 ms]
   [Code Root Migration: 0.1 ms]
   [Clear CT: 0.5 ms]
   [Other: 0.8 ms]
      [Choose CSet: 0.0 ms]
      [Ref Proc: 0.1 ms]
      [Ref Enq: 0.0 ms]
      [Free CSet: 0.5 ms]
   [Eden: 108.0M(108.0M)->0.0B(100.0M) Survivors: 39.0M->18.0M Heap: 269.3M(512.0M)->140.1M(512.0M)]
 [Times: user=0.06 sys=0.00, real=0.02 secs] 
2014-07-10T12:29:20.039+0200: 73.211: [GC pause (G1 Evacuation Pause) (young), 0.0331184 secs]
   [Parallel Time: 32.5 ms, GC Workers: 2]
      [GC Worker Start (ms): Min: 73211.4, Avg: 73211.4, Max: 73211.4, Diff: 0.0]
      [Ext Root Scanning (ms): Min: 0.3, Avg: 0.3, Max: 0.3, Diff: 0.0, Sum: 0.6]
      [Update RS (ms): Min: 0.0, Avg: 0.0, Max: 0.0, Diff: 0.0, Sum: 0.1]
         [Processed Buffers: Min: 1, Avg: 1.5, Max: 2, Diff: 1, Sum: 3]
      [Scan RS (ms): Min: 0.2, Avg: 0.2, Max: 0.2, Diff: 0.0, Sum: 0.4]
      [Code Root Scanning (ms): Min: 0.1, Avg: 0.1, Max: 0.1, Diff: 0.0, Sum: 0.2]
      [Object Copy (ms): Min: 31.8, Avg: 31.8, Max: 31.8, Diff: 0.0, Sum: 63.6]
      [Termination (ms): Min: 0.0, Avg: 0.0, Max: 0.0, Diff: 0.0, Sum: 0.0]
      [GC Worker Other (ms): Min: 0.0, Avg: 0.0, Max: 0.0, Diff: 0.0, Sum: 0.1]
      [GC Worker Total (ms): Min: 32.5, Avg: 32.5, Max: 32.5, Diff: 0.0, Sum: 64.9]
      [GC Worker End (ms): Min: 73243.8, Avg: 73243.8, Max: 73243.8, Diff: 0.0]
   [Code Root Fixup: 0.0 ms]
   [Code Root Migration: 0.0 ms]
   [Clear CT: 0.1 ms]
   [Other: 0.5 ms]
      [Choose CSet: 0.0 ms]
      [Ref Proc: 0.1 ms]
      [Ref Enq: 0.0 ms]
      [Free CSet: 0.2 ms]
   [Eden: 100.0M(100.0M)->0.0B(130.0M) Survivors: 18.0M->15.0M Heap: 240.1M(512.0M)->174.0M(512.0M)]
 [Times: user=0.06 sys=0.00, real=0.03 secs] 
2014-07-10T12:29:20.173+0200: 73.345: [GC pause (G1 Evacuation Pause) (young), 0.0247120 secs]
   [Parallel Time: 24.1 ms, GC Workers: 2]
      [GC Worker Start (ms): Min: 73345.3, Avg: 73345.3, Max: 73345.3, Diff: 0.0]
      [Ext Root Scanning (ms): Min: 0.3, Avg: 0.3, Max: 0.3, Diff: 0.0, Sum: 0.7]
      [Update RS (ms): Min: 0.0, Avg: 0.0, Max: 0.1, Diff: 0.0, Sum: 0.1]
         [Processed Buffers: Min: 2, Avg: 2.0, Max: 2, Diff: 0, Sum: 4]
      [Scan RS (ms): Min: 0.2, Avg: 0.2, Max: 0.2, Diff: 0.0, Sum: 0.5]
      [Code Root Scanning (ms): Min: 0.1, Avg: 0.1, Max: 0.1, Diff: 0.0, Sum: 0.2]
      [Object Copy (ms): Min: 23.3, Avg: 23.3, Max: 23.3, Diff: 0.0, Sum: 46.6]
      [Termination (ms): Min: 0.0, Avg: 0.0, Max: 0.0, Diff: 0.0, Sum: 0.0]
      [GC Worker Other (ms): Min: 0.0, Avg: 0.0, Max: 0.0, Diff: 0.0, Sum: 0.1]
      [GC Worker Total (ms): Min: 24.0, Avg: 24.0, Max: 24.1, Diff: 0.0, Sum: 48.1]
      [GC Worker End (ms): Min: 73369.4, Avg: 73369.4, Max: 73369.4, Diff: 0.0]
   [Code Root Fixup: 0.0 ms]
   [Code Root Migration: 0.0 ms]
   [Clear CT: 0.1 ms]
   [Other: 0.5 ms]
      [Choose CSet: 0.0 ms]
      [Ref Proc: 0.1 ms]
      [Ref Enq: 0.0 ms]
      [Free CSet: 0.2 ms]
   [Eden: 130.0M(130.0M)->0.0B(125.0M) Survivors: 15.0M->19.0M Heap: 304.0M(512.0M)->196.4M(512.0M)]
 [Times: user=0.06 sys=0.00, real=0.02 secs] 
2014-07-10T12:29:20.270+0200: 73.443: [GC pause (G1 Evacuation Pause) (young), 0.0199052 secs]
   [Parallel Time: 19.2 ms, GC Workers: 2]
      [GC Worker Start (ms): Min: 73442.8, Avg: 73442.8, Max: 73442.8, Diff: 0.0]
      [Ext Root Scanning (ms): Min: 0.3, Avg: 0.3, Max: 0.3, Diff: 0.0, Sum: 0.5]
      [Update RS (ms): Min: 0.0, Avg: 0.0, Max: 0.1, Diff: 0.0, Sum: 0.1]
         [Processed Buffers: Min: 1, Avg: 1.5, Max: 2, Diff: 1, Sum: 3]
      [Scan RS (ms): Min: 0.2, Avg: 0.2, Max: 0.2, Diff: 0.0, Sum: 0.4]
      [Code Root Scanning (ms): Min: 0.1, Avg: 0.1, Max: 0.1, Diff: 0.0, Sum: 0.2]
      [Object Copy (ms): Min: 18.4, Avg: 18.4, Max: 18.4, Diff: 0.0, Sum: 36.9]
      [Termination (ms): Min: 0.0, Avg: 0.0, Max: 0.0, Diff: 0.0, Sum: 0.0]
      [GC Worker Other (ms): Min: 0.0, Avg: 0.0, Max: 0.0, Diff: 0.0, Sum: 0.1]
      [GC Worker Total (ms): Min: 19.1, Avg: 19.1, Max: 19.1, Diff: 0.0, Sum: 38.2]
      [GC Worker End (ms): Min: 73461.9, Avg: 73461.9, Max: 73461.9, Diff: 0.0]
   [Code Root Fixup: 0.0 ms]
   [Code Root Migration: 0.0 ms]
   [Clear CT: 0.1 ms]
   [Other: 0.6 ms]
      [Choose CSet: 0.0 ms]
      [Ref Proc: 0.3 ms]
      [Ref Enq: 0.0 ms]
      [Free CSet: 0.2 ms]
   [Eden: 125.0M(125.0M)->0.0B(132.0M) Survivors: 19.0M->18.0M Heap: 321.4M(512.0M)->207.7M(512.0M)]
 [Times: user=0.03 sys=0.00, real=0.02 secs] 
2014-07-10T12:29:20.402+0200: 73.575: [GC pause (G1 Evacuation Pause) (young), 0.0200775 secs]
   [Parallel Time: 19.4 ms, GC Workers: 2]
      [GC Worker Start (ms): Min: 73574.8, Avg: 73574.8, Max: 73574.8, Diff: 0.0]
      [Ext Root Scanning (ms): Min: 0.4, Avg: 0.4, Max: 0.4, Diff: 0.0, Sum: 0.8]
      [Update RS (ms): Min: 0.0, Avg: 0.0, Max: 0.1, Diff: 0.0, Sum: 0.1]
         [Processed Buffers: Min: 1, Avg: 1.5, Max: 2, Diff: 1, Sum: 3]
      [Scan RS (ms): Min: 0.2, Avg: 0.2, Max: 0.2, Diff: 0.0, Sum: 0.5]
      [Code Root Scanning (ms): Min: 0.1, Avg: 0.1, Max: 0.1, Diff: 0.0, Sum: 0.2]
      [Object Copy (ms): Min: 18.5, Avg: 18.6, Max: 18.6, Diff: 0.0, Sum: 37.1]
      [Termination (ms): Min: 0.0, Avg: 0.0, Max: 0.1, Diff: 0.0, Sum: 0.1]
      [GC Worker Other (ms): Min: 0.0, Avg: 0.0, Max: 0.0, Diff: 0.0, Sum: 0.1]
      [GC Worker Total (ms): Min: 19.4, Avg: 19.4, Max: 19.4, Diff: 0.0, Sum: 38.8]
      [GC Worker End (ms): Min: 73594.2, Avg: 73594.2, Max: 73594.2, Diff: 0.0]
   [Code Root Fixup: 0.0 ms]
   [Code Root Migration: 0.0 ms]
   [Clear CT: 0.1 ms]
   [Other: 0.5 ms]
      [Choose CSet: 0.0 ms]
      [Ref Proc: 0.1 ms]
      [Ref Enq: 0.0 ms]
      [Free CSet: 0.3 ms]
   [Eden: 132.0M(132.0M)->0.0B(123.0M) Survivors: 18.0M->19.0M Heap: 339.7M(512.0M)->219.9M(512.0M)]
 [Times: user=0.03 sys=0.00, real=0.02 secs] 
2014-07-10T12:29:20.562+0200: 73.735: [GC pause (G1 Evacuation Pause) (young), 0.0074924 secs]
   [Parallel Time: 6.6 ms, GC Workers: 2]
      [GC Worker Start (ms): Min: 73734.7, Avg: 73734.7, Max: 73734.7, Diff: 0.0]
      [Ext Root Scanning (ms): Min: 0.3, Avg: 0.3, Max: 0.3, Diff: 0.0, Sum: 0.6]
      [Update RS (ms): Min: 0.0, Avg: 0.0, Max: 0.0, Diff: 0.0, Sum: 0.1]
         [Processed Buffers: Min: 2, Avg: 2.0, Max: 2, Diff: 0, Sum: 4]
      [Scan RS (ms): Min: 0.2, Avg: 0.3, Max: 0.3, Diff: 0.0, Sum: 0.5]
      [Code Root Scanning (ms): Min: 0.1, Avg: 0.1, Max: 0.1, Diff: 0.0, Sum: 0.2]
      [Object Copy (ms): Min: 5.7, Avg: 5.7, Max: 5.8, Diff: 0.1, Sum: 11.5]
      [Termination (ms): Min: 0.0, Avg: 0.0, Max: 0.1, Diff: 0.0, Sum: 0.1]
      [GC Worker Other (ms): Min: 0.0, Avg: 0.0, Max: 0.0, Diff: 0.0, Sum: 0.1]
      [GC Worker Total (ms): Min: 6.5, Avg: 6.5, Max: 6.5, Diff: 0.0, Sum: 13.1]
      [GC Worker End (ms): Min: 73741.2, Avg: 73741.2, Max: 73741.2, Diff: 0.0]
   [Code Root Fixup: 0.0 ms]
   [Code Root Migration: 0.0 ms]
   [Clear CT: 0.1 ms]
   [Other: 0.8 ms]
      [Choose CSet: 0.0 ms]
      [Ref Proc: 0.2 ms]
      [Ref Enq: 0.0 ms]
      [Free CSet: 0.4 ms]
   [Eden: 123.0M(123.0M)->0.0B(112.0M) Survivors: 19.0M->9216.0K Heap: 342.9M(512.0M)->209.8M(512.0M)]
 [Times: user=0.03 sys=0.00, real=0.01 secs] 
2014-07-10T12:29:20.624+0200: 73.797: [GC pause (G1 Evacuation Pause) (young), 0.0349735 secs]
   [Parallel Time: 34.4 ms, GC Workers: 2]
      [GC Worker Start (ms): Min: 73797.1, Avg: 73797.1, Max: 73797.1, Diff: 0.0]
      [Ext Root Scanning (ms): Min: 0.3, Avg: 0.3, Max: 0.3, Diff: 0.0, Sum: 0.7]
      [Update RS (ms): Min: 0.0, Avg: 0.0, Max: 0.0, Diff: 0.0, Sum: 0.1]
         [Processed Buffers: Min: 1, Avg: 1.5, Max: 2, Diff: 1, Sum: 3]
      [Scan RS (ms): Min: 0.2, Avg: 0.2, Max: 0.2, Diff: 0.0, Sum: 0.4]
      [Code Root Scanning (ms): Min: 0.1, Avg: 0.1, Max: 0.1, Diff: 0.0, Sum: 0.2]
      [Object Copy (ms): Min: 33.7, Avg: 33.7, Max: 33.7, Diff: 0.0, Sum: 67.4]
      [Termination (ms): Min: 0.0, Avg: 0.0, Max: 0.0, Diff: 0.0, Sum: 0.0]
      [GC Worker Other (ms): Min: 0.0, Avg: 0.0, Max: 0.0, Diff: 0.0, Sum: 0.1]
      [GC Worker Total (ms): Min: 34.4, Avg: 34.4, Max: 34.4, Diff: 0.0, Sum: 68.8]
      [GC Worker End (ms): Min: 73831.5, Avg: 73831.5, Max: 73831.5, Diff: 0.0]
   [Code Root Fixup: 0.0 ms]
   [Code Root Migration: 0.0 ms]
   [Clear CT: 0.1 ms]
   [Other: 0.4 ms]
      [Choose CSet: 0.0 ms]
      [Ref Proc: 0.1 ms]
      [Ref Enq: 0.0 ms]
      [Free CSet: 0.2 ms]
   [Eden: 112.0M(112.0M)->0.0B(135.0M) Survivors: 9216.0K->16.0M Heap: 321.8M(512.0M)->255.8M(512.0M)]
 [Times: user=0.09 sys=0.00, real=0.04 secs] 
2014-07-10T12:29:20.792+0200: 73.964: [GC pause (G1 Evacuation Pause) (young) (initial-mark), 0.0372019 secs]
   [Parallel Time: 36.4 ms, GC Workers: 2]
      [GC Worker Start (ms): Min: 73964.5, Avg: 73964.5, Max: 73964.5, Diff: 0.0]
      [Ext Root Scanning (ms): Min: 0.4, Avg: 0.4, Max: 0.4, Diff: 0.0, Sum: 0.8]
      [Code Root Marking (ms): Min: 0.1, Avg: 0.1, Max: 0.1, Diff: 0.0, Sum: 0.1]
      [Update RS (ms): Min: 0.0, Avg: 0.1, Max: 0.1, Diff: 0.0, Sum: 0.1]
         [Processed Buffers: Min: 1, Avg: 1.5, Max: 2, Diff: 1, Sum: 3]
      [Scan RS (ms): Min: 0.3, Avg: 0.3, Max: 0.3, Diff: 0.0, Sum: 0.5]
      [Code Root Scanning (ms): Min: 0.1, Avg: 0.1, Max: 0.1, Diff: 0.0, Sum: 0.2]
      [Object Copy (ms): Min: 35.4, Avg: 35.5, Max: 35.5, Diff: 0.0, Sum: 70.9]
      [Termination (ms): Min: 0.0, Avg: 0.0, Max: 0.0, Diff: 0.0, Sum: 0.0]
      [GC Worker Other (ms): Min: 0.0, Avg: 0.0, Max: 0.0, Diff: 0.0, Sum: 0.1]
      [GC Worker Total (ms): Min: 36.4, Avg: 36.4, Max: 36.4, Diff: 0.0, Sum: 72.8]
      [GC Worker End (ms): Min: 74000.9, Avg: 74000.9, Max: 74000.9, Diff: 0.0]
   [Code Root Fixup: 0.0 ms]
   [Code Root Migration: 0.0 ms]
   [Clear CT: 0.1 ms]
   [Other: 0.6 ms]
      [Choose CSet: 0.0 ms]
      [Ref Proc: 0.1 ms]
      [Ref Enq: 0.0 ms]
      [Free CSet: 0.3 ms]
   [Eden: 135.0M(135.0M)->0.0B(123.0M) Survivors: 16.0M->19.0M Heap: 390.8M(512.0M)->297.5M(512.0M)]
 [Times: user=0.06 sys=0.00, real=0.04 secs] 
2014-07-10T12:29:20.829+0200: 74.002: [GC concurrent-root-region-scan-start]
2014-07-10T12:29:20.830+0200: 74.002: [GC concurrent-root-region-scan-end, 0.0005569 secs]
2014-07-10T12:29:20.830+0200: 74.002: [GC concurrent-mark-start]
2014-07-10T12:29:20.894+0200: 74.066: [GC pause (G1 Evacuation Pause) (young)2014-07-10T12:29:20.924+0200: 74.097: [GC concurrent-mark-end, 0.0061534 secs]
, 0.0313439 secs]
   [Parallel Time: 30.6 ms, GC Workers: 2]
      [GC Worker Start (ms): Min: 74066.3, Avg: 74066.3, Max: 74066.3, Diff: 0.0]
      [Ext Root Scanning (ms): Min: 0.3, Avg: 0.3, Max: 0.3, Diff: 0.0, Sum: 0.6]
      [SATB Filtering (ms): Min: 0.0, Avg: 0.0, Max: 0.0, Diff: 0.0, Sum: 0.0]
      [Update RS (ms): Min: 0.0, Avg: 0.0, Max: 0.0, Diff: 0.0, Sum: 0.1]
         [Processed Buffers: Min: 1, Avg: 1.5, Max: 2, Diff: 1, Sum: 3]
      [Scan RS (ms): Min: 0.2, Avg: 0.2, Max: 0.2, Diff: 0.0, Sum: 0.4]
      [Code Root Scanning (ms): Min: 0.1, Avg: 0.1, Max: 0.1, Diff: 0.0, Sum: 0.2]
      [Object Copy (ms): Min: 29.9, Avg: 29.9, Max: 29.9, Diff: 0.0, Sum: 59.8]
      [Termination (ms): Min: 0.0, Avg: 0.0, Max: 0.0, Diff: 0.0, Sum: 0.0]
      [GC Worker Other (ms): Min: 0.0, Avg: 0.0, Max: 0.0, Diff: 0.0, Sum: 0.1]
      [GC Worker Total (ms): Min: 30.6, Avg: 30.6, Max: 30.6, Diff: 0.0, Sum: 61.2]
      [GC Worker End (ms): Min: 74096.9, Avg: 74096.9, Max: 74096.9, Diff: 0.0]
   [Code Root Fixup: 0.0 ms]
   [Code Root Migration: 0.1 ms]
   [Clear CT: 0.1 ms]
   [Other: 0.6 ms]
      [Choose CSet: 0.0 ms]
      [Ref Proc: 0.2 ms]
      [Ref Enq: 0.0 ms]
      [Free CSet: 0.3 ms]
   [Eden: 123.0M(123.0M)->0.0B(136.0M) Survivors: 19.0M->18.0M Heap: 420.5M(512.0M)->327.2M(512.0M)]
 [Times: user=0.06 sys=0.00, real=0.03 secs] 
2014-07-10T12:29:20.925+0200: 74.098: [GC remark 74.098: [GC ref-proc, 0.0000506 secs], 0.0011626 secs]
 [Times: user=0.00 sys=0.00, real=0.00 secs] 
2014-07-10T12:29:21.005+0200: 74.177: [GC cleanup 448M->274M(512M), 0.0016311 secs]
 [Times: user=0.00 sys=0.00, real=0.00 secs] 
2014-07-10T12:29:21.006+0200: 74.179: [GC concurrent-cleanup-start]
2014-07-10T12:29:21.007+0200: 74.180: [GC concurrent-cleanup-end, 0.0005635 secs]
2014-07-10T12:29:21.018+0200: 74.190: [GC pause (G1 Evacuation Pause) (young), 0.0334828 secs]
   [Parallel Time: 32.9 ms, GC Workers: 2]
      [GC Worker Start (ms): Min: 74190.6, Avg: 74190.6, Max: 74190.6, Diff: 0.0]
      [Ext Root Scanning (ms): Min: 0.3, Avg: 0.3, Max: 0.3, Diff: 0.0, Sum: 0.6]
      [Update RS (ms): Min: 0.0, Avg: 0.0, Max: 0.0, Diff: 0.0, Sum: 0.1]
         [Processed Buffers: Min: 1, Avg: 1.5, Max: 2, Diff: 1, Sum: 3]
      [Scan RS (ms): Min: 0.2, Avg: 0.3, Max: 0.3, Diff: 0.0, Sum: 0.5]
      [Code Root Scanning (ms): Min: 0.1, Avg: 0.1, Max: 0.1, Diff: 0.0, Sum: 0.2]
      [Object Copy (ms): Min: 32.1, Avg: 32.1, Max: 32.1, Diff: 0.0, Sum: 64.2]
      [Termination (ms): Min: 0.0, Avg: 0.0, Max: 0.0, Diff: 0.0, Sum: 0.0]
      [GC Worker Other (ms): Min: 0.0, Avg: 0.0, Max: 0.0, Diff: 0.0, Sum: 0.1]
      [GC Worker Total (ms): Min: 32.8, Avg: 32.8, Max: 32.8, Diff: 0.0, Sum: 65.7]
      [GC Worker End (ms): Min: 74223.4, Avg: 74223.4, Max: 74223.4, Diff: 0.0]
   [Code Root Fixup: 0.0 ms]
   [Code Root Migration: 0.1 ms]
   [Clear CT: 0.1 ms]
   [Other: 0.4 ms]
      [Choose CSet: 0.0 ms]
      [Ref Proc: 0.0 ms]
      [Ref Enq: 0.0 ms]
      [Free CSet: 0.3 ms]
   [Eden: 136.0M(136.0M)->0.0B(134.0M) Survivors: 18.0M->20.0M Heap: 289.2M(512.0M)->187.6M(512.0M)]
 [Times: user=0.06 sys=0.00, real=0.03 secs] 
2014-07-10T12:29:21.190+0200: 74.363: [GC pause (G1 Evacuation Pause) (mixed), 0.0288259 secs]
   [Parallel Time: 27.8 ms, GC Workers: 2]
      [GC Worker Start (ms): Min: 74363.0, Avg: 74363.0, Max: 74363.0, Diff: 0.0]
      [Ext Root Scanning (ms): Min: 0.5, Avg: 0.5, Max: 0.5, Diff: 0.0, Sum: 1.1]
      [Update RS (ms): Min: 0.0, Avg: 0.1, Max: 0.1, Diff: 0.1, Sum: 0.2]
         [Processed Buffers: Min: 2, Avg: 2.0, Max: 2, Diff: 0, Sum: 4]
      [Scan RS (ms): Min: 0.3, Avg: 0.3, Max: 0.3, Diff: 0.1, Sum: 0.6]
      [Code Root Scanning (ms): Min: 0.1, Avg: 0.1, Max: 0.1, Diff: 0.0, Sum: 0.2]
      [Object Copy (ms): Min: 26.7, Avg: 26.7, Max: 26.7, Diff: 0.0, Sum: 53.4]
      [Termination (ms): Min: 0.0, Avg: 0.0, Max: 0.0, Diff: 0.0, Sum: 0.0]
      [GC Worker Other (ms): Min: 0.0, Avg: 0.0, Max: 0.0, Diff: 0.0, Sum: 0.1]
      [GC Worker Total (ms): Min: 27.8, Avg: 27.8, Max: 27.8, Diff: 0.0, Sum: 55.5]
      [GC Worker End (ms): Min: 74390.8, Avg: 74390.8, Max: 74390.8, Diff: 0.0]
   [Code Root Fixup: 0.0 ms]
   [Code Root Migration: 0.1 ms]
   [Clear CT: 0.1 ms]
   [Other: 0.8 ms]
      [Choose CSet: 0.0 ms]
      [Ref Proc: 0.3 ms]
      [Ref Enq: 0.0 ms]
      [Free CSet: 0.3 ms]
   [Eden: 134.0M(134.0M)->0.0B(122.0M) Survivors: 20.0M->20.0M Heap: 321.6M(512.0M)->200.0M(512.0M)]
 [Times: user=0.03 sys=0.00, real=0.03 secs] 
2014-07-10T12:29:21.278+0200: 74.451: [GC pause (G1 Evacuation Pause) (mixed), 0.0208020 secs]
   [Parallel Time: 20.1 ms, GC Workers: 2]
      [GC Worker Start (ms): Min: 74451.2, Avg: 74451.2, Max: 74451.2, Diff: 0.0]
      [Ext Root Scanning (ms): Min: 0.4, Avg: 0.4, Max: 0.4, Diff: 0.0, Sum: 0.8]
      [Update RS (ms): Min: 0.0, Avg: 0.1, Max: 0.1, Diff: 0.0, Sum: 0.1]
         [Processed Buffers: Min: 1, Avg: 1.5, Max: 2, Diff: 1, Sum: 3]
      [Scan RS (ms): Min: 0.2, Avg: 0.3, Max: 0.3, Diff: 0.0, Sum: 0.5]
      [Code Root Scanning (ms): Min: 0.1, Avg: 0.1, Max: 0.1, Diff: 0.0, Sum: 0.2]
      [Object Copy (ms): Min: 19.2, Avg: 19.3, Max: 19.3, Diff: 0.0, Sum: 38.5]
      [Termination (ms): Min: 0.0, Avg: 0.0, Max: 0.0, Diff: 0.0, Sum: 0.0]
      [GC Worker Other (ms): Min: 0.0, Avg: 0.0, Max: 0.0, Diff: 0.0, Sum: 0.1]
      [GC Worker Total (ms): Min: 20.1, Avg: 20.1, Max: 20.1, Diff: 0.0, Sum: 40.2]
      [GC Worker End (ms): Min: 74471.3, Avg: 74471.3, Max: 74471.3, Diff: 0.0]
   [Code Root Fixup: 0.0 ms]
   [Code Root Migration: 0.0 ms]
   [Clear CT: 0.1 ms]
   [Other: 0.5 ms]
      [Choose CSet: 0.0 ms]
      [Ref Proc: 0.1 ms]
      [Ref Enq: 0.0 ms]
      [Free CSet: 0.3 ms]
   [Eden: 122.0M(122.0M)->0.0B(141.0M) Survivors: 20.0M->18.0M Heap: 322.0M(512.0M)->206.3M(512.0M)]
 [Times: user=0.06 sys=0.00, real=0.02 secs] 
2014-07-10T12:29:21.405+0200: 74.578: [GC pause (G1 Evacuation Pause) (young), 0.0268597 secs]
   [Parallel Time: 26.1 ms, GC Workers: 2]
      [GC Worker Start (ms): Min: 74578.3, Avg: 74578.3, Max: 74578.3, Diff: 0.0]
      [Ext Root Scanning (ms): Min: 0.4, Avg: 0.4, Max: 0.4, Diff: 0.0, Sum: 0.7]
      [Update RS (ms): Min: 0.0, Avg: 0.1, Max: 0.1, Diff: 0.1, Sum: 0.2]
         [Processed Buffers: Min: 1, Avg: 1.5, Max: 2, Diff: 1, Sum: 3]
      [Scan RS (ms): Min: 0.2, Avg: 0.3, Max: 0.3, Diff: 0.1, Sum: 0.5]
      [Code Root Scanning (ms): Min: 0.1, Avg: 0.1, Max: 0.1, Diff: 0.0, Sum: 0.2]
      [Object Copy (ms): Min: 25.2, Avg: 25.2, Max: 25.2, Diff: 0.0, Sum: 50.4]
      [Termination (ms): Min: 0.0, Avg: 0.0, Max: 0.0, Diff: 0.0, Sum: 0.0]
      [GC Worker Other (ms): Min: 0.0, Avg: 0.0, Max: 0.0, Diff: 0.0, Sum: 0.1]
      [GC Worker Total (ms): Min: 26.1, Avg: 26.1, Max: 26.1, Diff: 0.0, Sum: 52.1]
      [GC Worker End (ms): Min: 74604.3, Avg: 74604.3, Max: 74604.3, Diff: 0.0]
   [Code Root Fixup: 0.0 ms]
   [Code Root Migration: 0.0 ms]
   [Clear CT: 0.2 ms]
   [Other: 0.5 ms]
      [Choose CSet: 0.0 ms]
      [Ref Proc: 0.1 ms]
      [Ref Enq: 0.0 ms]
      [Free CSet: 0.3 ms]
   [Eden: 141.0M(141.0M)->0.0B(133.0M) Survivors: 18.0M->20.0M Heap: 347.3M(512.0M)->228.3M(512.0M)]
 [Times: user=0.05 sys=0.00, real=0.03 secs] 
2014-07-10T12:29:21.583+0200: 74.756: [GC pause (G1 Evacuation Pause) (young), 0.0329153 secs]
   [Parallel Time: 32.0 ms, GC Workers: 2]
      [GC Worker Start (ms): Min: 74755.7, Avg: 74755.7, Max: 74755.7, Diff: 0.0]
      [Ext Root Scanning (ms): Min: 0.6, Avg: 0.6, Max: 0.6, Diff: 0.0, Sum: 1.2]
      [Update RS (ms): Min: 0.1, Avg: 0.3, Max: 0.6, Diff: 0.5, Sum: 0.6]
         [Processed Buffers: Min: 1, Avg: 2.0, Max: 3, Diff: 2, Sum: 4]
      [Scan RS (ms): Min: 0.3, Avg: 0.5, Max: 0.7, Diff: 0.4, Sum: 0.9]
      [Code Root Scanning (ms): Min: 0.1, Avg: 0.2, Max: 0.2, Diff: 0.1, Sum: 0.3]
      [Object Copy (ms): Min: 30.4, Avg: 30.4, Max: 30.4, Diff: 0.0, Sum: 60.7]
      [Termination (ms): Min: 0.0, Avg: 0.0, Max: 0.0, Diff: 0.0, Sum: 0.0]
      [GC Worker Other (ms): Min: 0.0, Avg: 0.0, Max: 0.0, Diff: 0.0, Sum: 0.1]
      [GC Worker Total (ms): Min: 32.0, Avg: 32.0, Max: 32.0, Diff: 0.0, Sum: 64.0]
      [GC Worker End (ms): Min: 74787.7, Avg: 74787.7, Max: 74787.7, Diff: 0.0]
   [Code Root Fixup: 0.0 ms]
   [Code Root Migration: 0.0 ms]
   [Clear CT: 0.2 ms]
   [Other: 0.6 ms]
      [Choose CSet: 0.0 ms]
      [Ref Proc: 0.1 ms]
      [Ref Enq: 0.0 ms]
      [Free CSet: 0.3 ms]
   [Eden: 133.0M(133.0M)->0.0B(120.0M) Survivors: 20.0M->20.0M Heap: 361.3M(512.0M)->241.1M(512.0M)]
 [Times: user=0.06 sys=0.00, real=0.03 secs] 
2014-07-10T12:29:21.677+0200: 74.850: [GC pause (G1 Evacuation Pause) (young), 0.0142826 secs]
   [Parallel Time: 13.7 ms, GC Workers: 2]
      [GC Worker Start (ms): Min: 74849.6, Avg: 74849.6, Max: 74849.6, Diff: 0.0]
      [Ext Root Scanning (ms): Min: 0.3, Avg: 0.3, Max: 0.3, Diff: 0.0, Sum: 0.6]
      [Update RS (ms): Min: 0.0, Avg: 0.0, Max: 0.0, Diff: 0.0, Sum: 0.1]
         [Processed Buffers: Min: 1, Avg: 1.5, Max: 2, Diff: 1, Sum: 3]
      [Scan RS (ms): Min: 0.2, Avg: 0.2, Max: 0.2, Diff: 0.0, Sum: 0.5]
      [Code Root Scanning (ms): Min: 0.1, Avg: 0.1, Max: 0.1, Diff: 0.0, Sum: 0.2]
      [Object Copy (ms): Min: 12.9, Avg: 12.9, Max: 13.0, Diff: 0.1, Sum: 25.8]
      [Termination (ms): Min: 0.0, Avg: 0.0, Max: 0.1, Diff: 0.1, Sum: 0.1]
      [GC Worker Other (ms): Min: 0.0, Avg: 0.0, Max: 0.0, Diff: 0.0, Sum: 0.1]
      [GC Worker Total (ms): Min: 13.7, Avg: 13.7, Max: 13.7, Diff: 0.0, Sum: 27.3]
      [GC Worker End (ms): Min: 74863.3, Avg: 74863.3, Max: 74863.3, Diff: 0.0]
   [Code Root Fixup: 0.0 ms]
   [Code Root Migration: 0.0 ms]
   [Clear CT: 0.1 ms]
   [Other: 0.4 ms]
      [Choose CSet: 0.0 ms]
      [Ref Proc: 0.0 ms]
      [Ref Enq: 0.0 ms]
      [Free CSet: 0.3 ms]
   [Eden: 120.0M(120.0M)->0.0B(137.0M) Survivors: 20.0M->18.0M Heap: 361.1M(512.0M)->241.8M(512.0M)]
 [Times: user=0.03 sys=0.00, real=0.01 secs] 
2014-07-10T12:29:21.799+0200: 74.972: [GC pause (G1 Evacuation Pause) (young), 0.0171170 secs]
   [Parallel Time: 16.5 ms, GC Workers: 2]
      [GC Worker Start (ms): Min: 74971.9, Avg: 74971.9, Max: 74971.9, Diff: 0.0]
      [Ext Root Scanning (ms): Min: 0.3, Avg: 0.3, Max: 0.3, Diff: 0.0, Sum: 0.6]
      [Update RS (ms): Min: 0.0, Avg: 0.0, Max: 0.0, Diff: 0.0, Sum: 0.1]
         [Processed Buffers: Min: 1, Avg: 1.5, Max: 2, Diff: 1, Sum: 3]
      [Scan RS (ms): Min: 0.2, Avg: 0.2, Max: 0.2, Diff: 0.0, Sum: 0.5]
      [Code Root Scanning (ms): Min: 0.1, Avg: 0.1, Max: 0.1, Diff: 0.0, Sum: 0.2]
      [Object Copy (ms): Min: 15.8, Avg: 15.8, Max: 15.8, Diff: 0.0, Sum: 31.5]
      [Termination (ms): Min: 0.0, Avg: 0.0, Max: 0.0, Diff: 0.0, Sum: 0.0]
      [GC Worker Other (ms): Min: 0.0, Avg: 0.0, Max: 0.0, Diff: 0.0, Sum: 0.1]
      [GC Worker Total (ms): Min: 16.5, Avg: 16.5, Max: 16.5, Diff: 0.0, Sum: 32.9]
      [GC Worker End (ms): Min: 74988.3, Avg: 74988.3, Max: 74988.3, Diff: 0.0]
   [Code Root Fixup: 0.0 ms]
   [Code Root Migration: 0.0 ms]
   [Clear CT: 0.1 ms]
   [Other: 0.5 ms]
      [Choose CSet: 0.0 ms]
      [Ref Proc: 0.1 ms]
      [Ref Enq: 0.0 ms]
      [Free CSet: 0.3 ms]
   [Eden: 137.0M(137.0M)->0.0B(129.0M) Survivors: 18.0M->20.0M Heap: 378.8M(512.0M)->249.3M(512.0M)]
 [Times: user=0.03 sys=0.00, real=0.02 secs] 
2014-07-10T12:29:21.965+0200: 75.138: [GC pause (G1 Evacuation Pause) (young), 0.0156007 secs]
   [Parallel Time: 15.0 ms, GC Workers: 2]
      [GC Worker Start (ms): Min: 75137.7, Avg: 75137.7, Max: 75137.7, Diff: 0.0]
      [Ext Root Scanning (ms): Min: 0.3, Avg: 0.3, Max: 0.3, Diff: 0.0, Sum: 0.7]
      [Update RS (ms): Min: 0.0, Avg: 0.0, Max: 0.0, Diff: 0.0, Sum: 0.1]
         [Processed Buffers: Min: 1, Avg: 1.5, Max: 2, Diff: 1, Sum: 3]
      [Scan RS (ms): Min: 0.3, Avg: 0.3, Max: 0.3, Diff: 0.0, Sum: 0.5]
      [Code Root Scanning (ms): Min: 0.1, Avg: 0.1, Max: 0.1, Diff: 0.0, Sum: 0.2]
      [Object Copy (ms): Min: 14.1, Avg: 14.1, Max: 14.1, Diff: 0.0, Sum: 28.3]
      [Termination (ms): Min: 0.0, Avg: 0.0, Max: 0.0, Diff: 0.0, Sum: 0.0]
      [GC Worker Other (ms): Min: 0.0, Avg: 0.0, Max: 0.0, Diff: 0.0, Sum: 0.1]
      [GC Worker Total (ms): Min: 14.9, Avg: 14.9, Max: 14.9, Diff: 0.0, Sum: 29.8]
      [GC Worker End (ms): Min: 75152.6, Avg: 75152.6, Max: 75152.6, Diff: 0.0]
   [Code Root Fixup: 0.0 ms]
   [Code Root Migration: 0.0 ms]
   [Clear CT: 0.1 ms]
   [Other: 0.5 ms]
      [Choose CSet: 0.0 ms]
      [Ref Proc: 0.1 ms]
      [Ref Enq: 0.0 ms]
      [Free CSet: 0.3 ms]
   [Eden: 129.0M(129.0M)->0.0B(116.0M) Survivors: 20.0M->19.0M Heap: 378.3M(512.0M)->251.7M(512.0M)]
 [Times: user=0.02 sys=0.00, real=0.02 secs] 
2014-07-10T12:29:22.038+0200: 75.210: [GC pause (G1 Evacuation Pause) (young) (initial-mark), 0.0382277 secs]
   [Parallel Time: 37.5 ms, GC Workers: 2]
      [GC Worker Start (ms): Min: 75210.5, Avg: 75210.5, Max: 75210.6, Diff: 0.0]
      [Ext Root Scanning (ms): Min: 0.4, Avg: 0.4, Max: 0.4, Diff: 0.0, Sum: 0.7]
      [Code Root Marking (ms): Min: 0.1, Avg: 0.1, Max: 0.1, Diff: 0.0, Sum: 0.1]
      [Update RS (ms): Min: 0.0, Avg: 0.0, Max: 0.0, Diff: 0.0, Sum: 0.1]
         [Processed Buffers: Min: 2, Avg: 2.0, Max: 2, Diff: 0, Sum: 4]
      [Scan RS (ms): Min: 0.2, Avg: 0.2, Max: 0.2, Diff: 0.0, Sum: 0.4]
      [Code Root Scanning (ms): Min: 0.1, Avg: 0.1, Max: 0.1, Diff: 0.0, Sum: 0.2]
      [Object Copy (ms): Min: 36.7, Avg: 36.7, Max: 36.7, Diff: 0.0, Sum: 73.4]
      [Termination (ms): Min: 0.0, Avg: 0.0, Max: 0.0, Diff: 0.0, Sum: 0.0]
      [GC Worker Other (ms): Min: 0.0, Avg: 0.0, Max: 0.0, Diff: 0.0, Sum: 0.1]
      [GC Worker Total (ms): Min: 37.5, Avg: 37.5, Max: 37.5, Diff: 0.0, Sum: 75.0]
      [GC Worker End (ms): Min: 75248.0, Avg: 75248.0, Max: 75248.0, Diff: 0.0]
   [Code Root Fixup: 0.0 ms]
   [Code Root Migration: 0.0 ms]
   [Clear CT: 0.2 ms]
   [Other: 0.5 ms]
      [Choose CSet: 0.0 ms]
      [Ref Proc: 0.1 ms]
      [Ref Enq: 0.0 ms]
      [Free CSet: 0.2 ms]
   [Eden: 116.0M(116.0M)->0.0B(137.0M) Survivors: 19.0M->17.0M Heap: 367.7M(512.0M)->292.9M(512.0M)]
 [Times: user=0.06 sys=0.00, real=0.04 secs] 
2014-07-10T12:29:22.076+0200: 75.249: [GC concurrent-root-region-scan-start]
2014-07-10T12:29:22.077+0200: 75.249: [GC concurrent-root-region-scan-end, 0.0006145 secs]
2014-07-10T12:29:22.077+0200: 75.250: [GC concurrent-mark-start]
2014-07-10T12:29:22.155+0200: 75.327: [GC concurrent-mark-end, 0.0062499 secs]
2014-07-10T12:29:22.155+0200: 75.328: [GC remark 75.328: [GC ref-proc, 0.0001661 secs], 0.0034877 secs]
 [Times: user=0.01 sys=0.00, real=0.00 secs] 
2014-07-10T12:29:22.198+0200: 75.371: [GC pause (G1 Evacuation Pause) (young), 0.0395681 secs]
   [Parallel Time: 38.8 ms, GC Workers: 2]
      [GC Worker Start (ms): Min: 75370.7, Avg: 75370.7, Max: 75370.7, Diff: 0.0]
      [Ext Root Scanning (ms): Min: 0.4, Avg: 0.4, Max: 0.4, Diff: 0.0, Sum: 0.7]
      [SATB Filtering (ms): Min: 0.0, Avg: 0.0, Max: 0.0, Diff: 0.0, Sum: 0.0]
      [Update RS (ms): Min: 0.1, Avg: 0.1, Max: 0.1, Diff: 0.0, Sum: 0.3]
         [Processed Buffers: Min: 1, Avg: 2.0, Max: 3, Diff: 2, Sum: 4]
      [Scan RS (ms): Min: 0.3, Avg: 0.3, Max: 0.3, Diff: 0.0, Sum: 0.6]
      [Code Root Scanning (ms): Min: 0.1, Avg: 0.1, Max: 0.1, Diff: 0.0, Sum: 0.2]
      [Object Copy (ms): Min: 37.8, Avg: 37.8, Max: 37.8, Diff: 0.0, Sum: 75.6]
      [Termination (ms): Min: 0.0, Avg: 0.0, Max: 0.0, Diff: 0.0, Sum: 0.0]
      [GC Worker Other (ms): Min: 0.0, Avg: 0.0, Max: 0.0, Diff: 0.0, Sum: 0.1]
      [GC Worker Total (ms): Min: 38.8, Avg: 38.8, Max: 38.8, Diff: 0.0, Sum: 77.5]
      [GC Worker End (ms): Min: 75409.4, Avg: 75409.5, Max: 75409.5, Diff: 0.0]
   [Code Root Fixup: 0.0 ms]
   [Code Root Migration: 0.0 ms]
   [Clear CT: 0.1 ms]
   [Other: 0.6 ms]
      [Choose CSet: 0.0 ms]
      [Ref Proc: 0.1 ms]
      [Ref Enq: 0.0 ms]
      [Free CSet: 0.4 ms]
   [Eden: 137.0M(137.0M)->0.0B(127.0M) Survivors: 17.0M->20.0M Heap: 429.9M(512.0M)->337.0M(512.0M)]
 [Times: user=0.09 sys=0.00, real=0.04 secs] 
2014-07-10T12:29:22.238+0200: 75.411: [GC cleanup 337M->166M(512M), 0.0013048 secs]
 [Times: user=0.00 sys=0.00, real=0.00 secs] 
2014-07-10T12:29:22.239+0200: 75.412: [GC concurrent-cleanup-start]
2014-07-10T12:29:22.240+0200: 75.412: [GC concurrent-cleanup-end, 0.0003208 secs]
2014-07-10T12:29:22.305+0200: 75.477: [GC pause (G1 Evacuation Pause) (young), 0.0357830 secs]
   [Parallel Time: 35.0 ms, GC Workers: 2]
      [GC Worker Start (ms): Min: 75477.4, Avg: 75477.4, Max: 75477.4, Diff: 0.0]
      [Ext Root Scanning (ms): Min: 0.3, Avg: 0.3, Max: 0.3, Diff: 0.0, Sum: 0.7]
      [Update RS (ms): Min: 0.1, Avg: 0.1, Max: 0.1, Diff: 0.0, Sum: 0.2]
         [Processed Buffers: Min: 1, Avg: 1.5, Max: 2, Diff: 1, Sum: 3]
      [Scan RS (ms): Min: 0.2, Avg: 0.2, Max: 0.2, Diff: 0.0, Sum: 0.4]
      [Code Root Scanning (ms): Min: 0.1, Avg: 0.1, Max: 0.1, Diff: 0.0, Sum: 0.2]
      [Object Copy (ms): Min: 34.2, Avg: 34.2, Max: 34.2, Diff: 0.0, Sum: 68.4]
      [Termination (ms): Min: 0.0, Avg: 0.0, Max: 0.0, Diff: 0.0, Sum: 0.0]
      [GC Worker Other (ms): Min: 0.0, Avg: 0.0, Max: 0.0, Diff: 0.0, Sum: 0.1]
      [GC Worker Total (ms): Min: 35.0, Avg: 35.0, Max: 35.0, Diff: 0.0, Sum: 70.0]
      [GC Worker End (ms): Min: 75512.4, Avg: 75512.4, Max: 75512.4, Diff: 0.0]
   [Code Root Fixup: 0.0 ms]
   [Code Root Migration: 0.0 ms]
   [Clear CT: 0.1 ms]
   [Other: 0.6 ms]
      [Choose CSet: 0.0 ms]
      [Ref Proc: 0.3 ms]
      [Ref Enq: 0.0 ms]
      [Free CSet: 0.2 ms]
   [Eden: 127.0M(127.0M)->0.0B(140.0M) Survivors: 20.0M->19.0M Heap: 293.0M(512.0M)->201.9M(512.0M)]
 [Times: user=0.06 sys=0.00, real=0.04 secs] 
2014-07-10T12:29:22.418+0200: 75.591: [GC pause (G1 Evacuation Pause) (mixed), 0.0409865 secs]
   [Parallel Time: 40.2 ms, GC Workers: 2]
      [GC Worker Start (ms): Min: 75591.2, Avg: 75591.2, Max: 75591.2, Diff: 0.0]
      [Ext Root Scanning (ms): Min: 0.4, Avg: 0.4, Max: 0.4, Diff: 0.0, Sum: 0.7]
      [Update RS (ms): Min: 0.0, Avg: 0.0, Max: 0.1, Diff: 0.0, Sum: 0.1]
         [Processed Buffers: Min: 1, Avg: 1.5, Max: 2, Diff: 1, Sum: 3]
      [Scan RS (ms): Min: 0.3, Avg: 0.3, Max: 0.3, Diff: 0.0, Sum: 0.5]
      [Code Root Scanning (ms): Min: 0.1, Avg: 0.1, Max: 0.1, Diff: 0.0, Sum: 0.2]
      [Object Copy (ms): Min: 39.3, Avg: 39.3, Max: 39.3, Diff: 0.0, Sum: 78.6]
      [Termination (ms): Min: 0.0, Avg: 0.0, Max: 0.0, Diff: 0.0, Sum: 0.0]
      [GC Worker Other (ms): Min: 0.0, Avg: 0.0, Max: 0.0, Diff: 0.0, Sum: 0.1]
      [GC Worker Total (ms): Min: 40.1, Avg: 40.1, Max: 40.1, Diff: 0.0, Sum: 80.3]
      [GC Worker End (ms): Min: 75631.4, Avg: 75631.4, Max: 75631.4, Diff: 0.0]
   [Code Root Fixup: 0.0 ms]
   [Code Root Migration: 0.0 ms]
   [Clear CT: 0.2 ms]
   [Other: 0.5 ms]
      [Choose CSet: 0.0 ms]
      [Ref Proc: 0.1 ms]
      [Ref Enq: 0.0 ms]
      [Free CSet: 0.3 ms]
   [Eden: 140.0M(140.0M)->0.0B(143.0M) Survivors: 19.0M->20.0M Heap: 341.9M(512.0M)->238.8M(512.0M)]
 [Times: user=0.06 sys=0.00, real=0.04 secs] 
2014-07-10T12:29:22.597+0200: 75.770: [GC pause (G1 Evacuation Pause) (mixed), 0.0019024 secs]
   [Parallel Time: 1.2 ms, GC Workers: 2]
      [GC Worker Start (ms): Min: 75769.6, Avg: 75769.6, Max: 75769.6, Diff: 0.0]
      [Ext Root Scanning (ms): Min: 0.3, Avg: 0.4, Max: 0.4, Diff: 0.0, Sum: 0.7]
      [Update RS (ms): Min: 0.0, Avg: 0.0, Max: 0.1, Diff: 0.0, Sum: 0.1]
         [Processed Buffers: Min: 1, Avg: 1.5, Max: 2, Diff: 1, Sum: 3]
      [Scan RS (ms): Min: 0.3, Avg: 0.3, Max: 0.3, Diff: 0.0, Sum: 0.6]
      [Code Root Scanning (ms): Min: 0.1, Avg: 0.1, Max: 0.1, Diff: 0.0, Sum: 0.3]
      [Object Copy (ms): Min: 0.3, Avg: 0.3, Max: 0.3, Diff: 0.0, Sum: 0.6]
      [Termination (ms): Min: 0.0, Avg: 0.0, Max: 0.0, Diff: 0.0, Sum: 0.0]
      [GC Worker Other (ms): Min: 0.0, Avg: 0.0, Max: 0.0, Diff: 0.0, Sum: 0.1]
      [GC Worker Total (ms): Min: 1.2, Avg: 1.2, Max: 1.2, Diff: 0.0, Sum: 2.3]
      [GC Worker End (ms): Min: 75770.8, Avg: 75770.8, Max: 75770.8, Diff: 0.0]
   [Code Root Fixup: 0.0 ms]
   [Code Root Migration: 0.0 ms]
   [Clear CT: 0.2 ms]
   [Other: 0.5 ms]
      [Choose CSet: 0.0 ms]
      [Ref Proc: 0.1 ms]
      [Ref Enq: 0.0 ms]
      [Free CSet: 0.3 ms]
   [Eden: 143.0M(143.0M)->0.0B(131.0M) Survivors: 20.0M->1024.0K Heap: 381.8M(512.0M)->218.3M(512.0M)]
 [Times: user=0.00 sys=0.00, real=0.00 secs] 
2014-07-10T12:29:22.689+0200: 75.862: [GC pause (G1 Evacuation Pause) (young), 0.0410606 secs]
   [Parallel Time: 40.5 ms, GC Workers: 2]
      [GC Worker Start (ms): Min: 75861.7, Avg: 75861.7, Max: 75861.7, Diff: 0.0]
      [Ext Root Scanning (ms): Min: 0.3, Avg: 0.3, Max: 0.3, Diff: 0.0, Sum: 0.6]
      [Update RS (ms): Min: 0.0, Avg: 0.1, Max: 0.1, Diff: 0.0, Sum: 0.1]
         [Processed Buffers: Min: 1, Avg: 1.5, Max: 2, Diff: 1, Sum: 3]
      [Scan RS (ms): Min: 0.2, Avg: 0.2, Max: 0.2, Diff: 0.0, Sum: 0.4]
      [Code Root Scanning (ms): Min: 0.1, Avg: 0.1, Max: 0.1, Diff: 0.0, Sum: 0.2]
      [Object Copy (ms): Min: 39.8, Avg: 39.8, Max: 39.8, Diff: 0.0, Sum: 79.5]
      [Termination (ms): Min: 0.0, Avg: 0.0, Max: 0.0, Diff: 0.0, Sum: 0.0]
      [GC Worker Other (ms): Min: 0.0, Avg: 0.0, Max: 0.0, Diff: 0.0, Sum: 0.1]
      [GC Worker Total (ms): Min: 40.4, Avg: 40.4, Max: 40.4, Diff: 0.0, Sum: 80.9]
      [GC Worker End (ms): Min: 75902.1, Avg: 75902.1, Max: 75902.1, Diff: 0.0]
   [Code Root Fixup: 0.0 ms]
   [Code Root Migration: 0.0 ms]
   [Clear CT: 0.2 ms]
   [Other: 0.4 ms]
      [Choose CSet: 0.0 ms]
      [Ref Proc: 0.1 ms]
      [Ref Enq: 0.0 ms]
      [Free CSet: 0.2 ms]
   [Eden: 131.0M(131.0M)->0.0B(128.0M) Survivors: 1024.0K->17.0M Heap: 349.3M(512.0M)->283.3M(512.0M)]
 [Times: user=0.06 sys=0.00, real=0.04 secs] 
2014-07-10T12:29:22.817+0200: 75.990: [GC pause (G1 Evacuation Pause) (young) (initial-mark), 0.0389749 secs]
   [Parallel Time: 38.2 ms, GC Workers: 2]
      [GC Worker Start (ms): Min: 75990.1, Avg: 75990.1, Max: 75990.1, Diff: 0.0]
      [Ext Root Scanning (ms): Min: 0.5, Avg: 0.5, Max: 0.5, Diff: 0.1, Sum: 1.0]
      [Code Root Marking (ms): Min: 0.0, Avg: 0.1, Max: 0.1, Diff: 0.1, Sum: 0.1]
      [Update RS (ms): Min: 0.0, Avg: 0.0, Max: 0.0, Diff: 0.0, Sum: 0.1]
         [Processed Buffers: Min: 1, Avg: 1.5, Max: 2, Diff: 1, Sum: 3]
      [Scan RS (ms): Min: 0.2, Avg: 0.2, Max: 0.2, Diff: 0.0, Sum: 0.4]
      [Code Root Scanning (ms): Min: 0.1, Avg: 0.1, Max: 0.1, Diff: 0.0, Sum: 0.2]
      [Object Copy (ms): Min: 37.2, Avg: 37.2, Max: 37.2, Diff: 0.0, Sum: 74.5]
      [Termination (ms): Min: 0.0, Avg: 0.0, Max: 0.0, Diff: 0.0, Sum: 0.0]
      [GC Worker Other (ms): Min: 0.0, Avg: 0.0, Max: 0.0, Diff: 0.0, Sum: 0.1]
      [GC Worker Total (ms): Min: 38.1, Avg: 38.2, Max: 38.2, Diff: 0.0, Sum: 76.3]
      [GC Worker End (ms): Min: 76028.3, Avg: 76028.3, Max: 76028.3, Diff: 0.0]
   [Code Root Fixup: 0.0 ms]
   [Code Root Migration: 0.0 ms]
   [Clear CT: 0.1 ms]
   [Other: 0.6 ms]
      [Choose CSet: 0.0 ms]
      [Ref Proc: 0.1 ms]
      [Ref Enq: 0.0 ms]
      [Free CSet: 0.2 ms]
   [Eden: 128.0M(128.0M)->0.0B(127.0M) Survivors: 17.0M->19.0M Heap: 411.3M(512.0M)->327.7M(512.0M)]
 [Times: user=0.06 sys=0.00, real=0.04 secs] 
2014-07-10T12:29:22.856+0200: 76.029: [GC concurrent-root-region-scan-start]
2014-07-10T12:29:22.857+0200: 76.030: [GC concurrent-root-region-scan-end, 0.0005584 secs]
2014-07-10T12:29:22.857+0200: 76.030: [GC concurrent-mark-start]
2014-07-10T12:29:22.936+0200: 76.108: [GC concurrent-mark-end, 0.0065806 secs]
2014-07-10T12:29:22.936+0200: 76.108: [GC remark 76.109: [GC ref-proc, 0.0000638 secs], 0.0012828 secs]
 [Times: user=0.00 sys=0.00, real=0.00 secs] 
2014-07-10T12:29:22.981+0200: 76.154: [GC pause (G1 Evacuation Pause) (young), 0.0362853 secs]
   [Parallel Time: 35.7 ms, GC Workers: 2]
      [GC Worker Start (ms): Min: 76153.9, Avg: 76153.9, Max: 76153.9, Diff: 0.0]
      [Ext Root Scanning (ms): Min: 0.4, Avg: 0.5, Max: 0.6, Diff: 0.2, Sum: 1.0]
      [SATB Filtering (ms): Min: 0.0, Avg: 0.0, Max: 0.0, Diff: 0.0, Sum: 0.0]
      [Update RS (ms): Min: 0.0, Avg: 0.0, Max: 0.1, Diff: 0.1, Sum: 0.1]
         [Processed Buffers: Min: 0, Avg: 1.5, Max: 3, Diff: 3, Sum: 3]
      [Scan RS (ms): Min: 0.2, Avg: 0.2, Max: 0.3, Diff: 0.0, Sum: 0.5]
      [Code Root Scanning (ms): Min: 0.1, Avg: 0.1, Max: 0.1, Diff: 0.0, Sum: 0.2]
      [Object Copy (ms): Min: 34.7, Avg: 34.7, Max: 34.7, Diff: 0.0, Sum: 69.4]
      [Termination (ms): Min: 0.0, Avg: 0.0, Max: 0.0, Diff: 0.0, Sum: 0.0]
      [GC Worker Other (ms): Min: 0.0, Avg: 0.0, Max: 0.0, Diff: 0.0, Sum: 0.1]
      [GC Worker Total (ms): Min: 35.6, Avg: 35.6, Max: 35.6, Diff: 0.0, Sum: 71.2]
      [GC Worker End (ms): Min: 76189.6, Avg: 76189.6, Max: 76189.6, Diff: 0.0]
   [Code Root Fixup: 0.0 ms]
   [Code Root Migration: 0.0 ms]
   [Clear CT: 0.1 ms]
   [Other: 0.5 ms]
      [Choose CSet: 0.0 ms]
      [Ref Proc: 0.1 ms]
      [Ref Enq: 0.0 ms]
      [Free CSet: 0.3 ms]
   [Eden: 127.0M(127.0M)->0.0B(117.0M) Survivors: 19.0M->19.0M Heap: 454.7M(512.0M)->364.9M(512.0M)]
 [Times: user=0.09 sys=0.00, real=0.04 secs] 
2014-07-10T12:29:23.018+0200: 76.191: [GC cleanup 364M->156M(512M), 0.0013345 secs]
 [Times: user=0.00 sys=0.00, real=0.00 secs] 
2014-07-10T12:29:23.019+0200: 76.192: [GC concurrent-cleanup-start]
2014-07-10T12:29:23.019+0200: 76.192: [GC concurrent-cleanup-end, 0.0003395 secs]
2014-07-10T12:29:23.083+0200: 76.256: [GC pause (G1 Evacuation Pause) (young), 0.0189637 secs]
   [Parallel Time: 18.4 ms, GC Workers: 2]
      [GC Worker Start (ms): Min: 76256.0, Avg: 76256.0, Max: 76256.0, Diff: 0.0]
      [Ext Root Scanning (ms): Min: 0.3, Avg: 0.3, Max: 0.3, Diff: 0.0, Sum: 0.7]
      [Update RS (ms): Min: 0.1, Avg: 0.1, Max: 0.1, Diff: 0.0, Sum: 0.2]
         [Processed Buffers: Min: 1, Avg: 1.5, Max: 2, Diff: 1, Sum: 3]
      [Scan RS (ms): Min: 0.2, Avg: 0.2, Max: 0.2, Diff: 0.0, Sum: 0.4]
      [Code Root Scanning (ms): Min: 0.1, Avg: 0.1, Max: 0.1, Diff: 0.0, Sum: 0.2]
      [Object Copy (ms): Min: 17.3, Avg: 17.3, Max: 17.4, Diff: 0.1, Sum: 34.7]
      [Termination (ms): Min: 0.0, Avg: 0.2, Max: 0.3, Diff: 0.3, Sum: 0.3]
      [GC Worker Other (ms): Min: 0.0, Avg: 0.0, Max: 0.0, Diff: 0.0, Sum: 0.1]
      [GC Worker Total (ms): Min: 18.2, Avg: 18.2, Max: 18.3, Diff: 0.2, Sum: 36.5]
      [GC Worker End (ms): Min: 76274.1, Avg: 76274.2, Max: 76274.3, Diff: 0.2]
   [Code Root Fixup: 0.0 ms]
   [Code Root Migration: 0.0 ms]
   [Clear CT: 0.1 ms]
   [Other: 0.4 ms]
      [Choose CSet: 0.0 ms]
      [Ref Proc: 0.0 ms]
      [Ref Enq: 0.0 ms]
      [Free CSet: 0.2 ms]
   [Eden: 117.0M(117.0M)->0.0B(130.0M) Survivors: 19.0M->17.0M Heap: 273.9M(512.0M)->165.9M(512.0M)]
 [Times: user=0.03 sys=0.00, real=0.02 secs] 
2014-07-10T12:29:23.199+0200: 76.372: [GC pause (G1 Evacuation Pause) (mixed), 0.0175111 secs]
   [Parallel Time: 16.8 ms, GC Workers: 2]
      [GC Worker Start (ms): Min: 76372.1, Avg: 76372.2, Max: 76372.2, Diff: 0.0]
      [Ext Root Scanning (ms): Min: 0.3, Avg: 0.3, Max: 0.3, Diff: 0.0, Sum: 0.6]
      [Update RS (ms): Min: 0.0, Avg: 0.1, Max: 0.1, Diff: 0.0, Sum: 0.1]
         [Processed Buffers: Min: 1, Avg: 1.5, Max: 2, Diff: 1, Sum: 3]
      [Scan RS (ms): Min: 0.2, Avg: 0.2, Max: 0.3, Diff: 0.0, Sum: 0.5]
      [Code Root Scanning (ms): Min: 0.1, Avg: 0.1, Max: 0.1, Diff: 0.0, Sum: 0.2]
      [Object Copy (ms): Min: 16.1, Avg: 16.1, Max: 16.1, Diff: 0.0, Sum: 32.1]
      [Termination (ms): Min: 0.0, Avg: 0.0, Max: 0.0, Diff: 0.0, Sum: 0.0]
      [GC Worker Other (ms): Min: 0.0, Avg: 0.0, Max: 0.0, Diff: 0.0, Sum: 0.1]
      [GC Worker Total (ms): Min: 16.8, Avg: 16.8, Max: 16.8, Diff: 0.0, Sum: 33.6]
      [GC Worker End (ms): Min: 76389.0, Avg: 76389.0, Max: 76389.0, Diff: 0.0]
   [Code Root Fixup: 0.0 ms]
   [Code Root Migration: 0.0 ms]
   [Clear CT: 0.2 ms]
   [Other: 0.4 ms]
      [Choose CSet: 0.0 ms]
      [Ref Proc: 0.1 ms]
      [Ref Enq: 0.0 ms]
      [Free CSet: 0.3 ms]
   [Eden: 130.0M(130.0M)->0.0B(125.0M) Survivors: 17.0M->19.0M Heap: 295.9M(512.0M)->168.8M(512.0M)]
 [Times: user=0.05 sys=0.00, real=0.02 secs] 
2014-07-10T12:29:23.363+0200: 76.536: [GC pause (G1 Evacuation Pause) (young), 0.0133298 secs]
   [Parallel Time: 12.7 ms, GC Workers: 2]
      [GC Worker Start (ms): Min: 76536.0, Avg: 76536.0, Max: 76536.0, Diff: 0.0]
      [Ext Root Scanning (ms): Min: 0.4, Avg: 0.4, Max: 0.4, Diff: 0.0, Sum: 0.7]
      [Update RS (ms): Min: 0.0, Avg: 0.1, Max: 0.1, Diff: 0.1, Sum: 0.2]
         [Processed Buffers: Min: 1, Avg: 1.5, Max: 2, Diff: 1, Sum: 3]
      [Scan RS (ms): Min: 0.2, Avg: 0.2, Max: 0.3, Diff: 0.1, Sum: 0.4]
      [Code Root Scanning (ms): Min: 0.1, Avg: 0.1, Max: 0.1, Diff: 0.0, Sum: 0.2]
      [Object Copy (ms): Min: 11.9, Avg: 11.9, Max: 11.9, Diff: 0.0, Sum: 23.7]
      [Termination (ms): Min: 0.0, Avg: 0.0, Max: 0.0, Diff: 0.0, Sum: 0.0]
      [GC Worker Other (ms): Min: 0.0, Avg: 0.0, Max: 0.0, Diff: 0.0, Sum: 0.1]
      [GC Worker Total (ms): Min: 12.6, Avg: 12.7, Max: 12.7, Diff: 0.0, Sum: 25.3]
      [GC Worker End (ms): Min: 76548.7, Avg: 76548.7, Max: 76548.7, Diff: 0.0]
   [Code Root Fixup: 0.0 ms]
   [Code Root Migration: 0.0 ms]
   [Clear CT: 0.1 ms]
   [Other: 0.5 ms]
      [Choose CSet: 0.0 ms]
      [Ref Proc: 0.1 ms]
      [Ref Enq: 0.0 ms]
      [Free CSet: 0.2 ms]
   [Eden: 125.0M(125.0M)->0.0B(113.0M) Survivors: 19.0M->18.0M Heap: 293.8M(512.0M)->168.5M(512.0M)]
 [Times: user=0.03 sys=0.00, real=0.01 secs] 
2014-07-10T12:29:23.436+0200: 76.608: [GC pause (G1 Evacuation Pause) (young), 0.0409546 secs]
   [Parallel Time: 40.3 ms, GC Workers: 2]
      [GC Worker Start (ms): Min: 76608.5, Avg: 76608.6, Max: 76608.7, Diff: 0.2]
      [Ext Root Scanning (ms): Min: 0.1, Avg: 0.2, Max: 0.4, Diff: 0.2, Sum: 0.5]
      [Update RS (ms): Min: 0.0, Avg: 0.0, Max: 0.0, Diff: 0.0, Sum: 0.1]
         [Processed Buffers: Min: 1, Avg: 1.0, Max: 1, Diff: 0, Sum: 2]
      [Scan RS (ms): Min: 0.2, Avg: 0.2, Max: 0.2, Diff: 0.0, Sum: 0.4]
      [Code Root Scanning (ms): Min: 0.1, Avg: 0.1, Max: 0.1, Diff: 0.0, Sum: 0.2]
      [Object Copy (ms): Min: 39.6, Avg: 39.6, Max: 39.6, Diff: 0.0, Sum: 79.2]
      [Termination (ms): Min: 0.0, Avg: 0.0, Max: 0.0, Diff: 0.0, Sum: 0.0]
      [GC Worker Other (ms): Min: 0.0, Avg: 0.0, Max: 0.0, Diff: 0.0, Sum: 0.0]
      [GC Worker Total (ms): Min: 40.1, Avg: 40.2, Max: 40.3, Diff: 0.2, Sum: 80.4]
      [GC Worker End (ms): Min: 76648.8, Avg: 76648.8, Max: 76648.8, Diff: 0.0]
   [Code Root Fixup: 0.0 ms]
   [Code Root Migration: 0.0 ms]
   [Clear CT: 0.2 ms]
   [Other: 0.4 ms]
      [Choose CSet: 0.0 ms]
      [Ref Proc: 0.1 ms]
      [Ref Enq: 0.0 ms]
      [Free CSet: 0.2 ms]
   [Eden: 113.0M(113.0M)->0.0B(131.0M) Survivors: 18.0M->17.0M Heap: 281.5M(512.0M)->216.2M(512.0M)]
 [Times: user=0.06 sys=0.00, real=0.04 secs] 
2014-07-10T12:29:23.580+0200: 76.753: [GC pause (G1 Evacuation Pause) (young), 0.0328141 secs]
   [Parallel Time: 32.1 ms, GC Workers: 2]
      [GC Worker Start (ms): Min: 76753.1, Avg: 76753.1, Max: 76753.1, Diff: 0.0]
      [Ext Root Scanning (ms): Min: 0.3, Avg: 0.3, Max: 0.3, Diff: 0.0, Sum: 0.5]
      [Update RS (ms): Min: 0.0, Avg: 0.0, Max: 0.0, Diff: 0.0, Sum: 0.1]
         [Processed Buffers: Min: 1, Avg: 1.5, Max: 2, Diff: 1, Sum: 3]
      [Scan RS (ms): Min: 0.2, Avg: 0.2, Max: 0.2, Diff: 0.0, Sum: 0.4]
      [Code Root Scanning (ms): Min: 0.1, Avg: 0.1, Max: 0.1, Diff: 0.0, Sum: 0.2]
      [Object Copy (ms): Min: 31.4, Avg: 31.4, Max: 31.4, Diff: 0.0, Sum: 62.8]
      [Termination (ms): Min: 0.0, Avg: 0.0, Max: 0.0, Diff: 0.0, Sum: 0.0]
      [GC Worker Other (ms): Min: 0.0, Avg: 0.0, Max: 0.0, Diff: 0.0, Sum: 0.0]
      [GC Worker Total (ms): Min: 32.1, Avg: 32.1, Max: 32.1, Diff: 0.0, Sum: 64.1]
      [GC Worker End (ms): Min: 76785.1, Avg: 76785.1, Max: 76785.1, Diff: 0.0]
   [Code Root Fixup: 0.0 ms]
   [Code Root Migration: 0.0 ms]
   [Clear CT: 0.1 ms]
   [Other: 0.6 ms]
      [Choose CSet: 0.0 ms]
      [Ref Proc: 0.2 ms]
      [Ref Enq: 0.0 ms]
      [Free CSet: 0.3 ms]
   [Eden: 131.0M(131.0M)->0.0B(124.0M) Survivors: 17.0M->19.0M Heap: 347.2M(512.0M)->251.6M(512.0M)]
 [Times: user=0.06 sys=0.00, real=0.03 secs] 
2014-07-10T12:29:23.678+0200: 76.851: [GC pause (G1 Evacuation Pause) (young) (initial-mark), 0.0286430 secs]
   [Parallel Time: 28.0 ms, GC Workers: 2]
      [GC Worker Start (ms): Min: 76851.2, Avg: 76851.2, Max: 76851.2, Diff: 0.0]
      [Ext Root Scanning (ms): Min: 0.4, Avg: 0.4, Max: 0.4, Diff: 0.0, Sum: 0.8]
      [Code Root Marking (ms): Min: 0.1, Avg: 0.1, Max: 0.1, Diff: 0.0, Sum: 0.1]
      [Update RS (ms): Min: 0.0, Avg: 0.1, Max: 0.1, Diff: 0.0, Sum: 0.1]
         [Processed Buffers: Min: 1, Avg: 1.5, Max: 2, Diff: 1, Sum: 3]
      [Scan RS (ms): Min: 0.2, Avg: 0.2, Max: 0.2, Diff: 0.0, Sum: 0.4]
      [Code Root Scanning (ms): Min: 0.1, Avg: 0.1, Max: 0.1, Diff: 0.0, Sum: 0.2]
      [Object Copy (ms): Min: 27.0, Avg: 27.0, Max: 27.0, Diff: 0.0, Sum: 54.1]
      [Termination (ms): Min: 0.0, Avg: 0.0, Max: 0.0, Diff: 0.0, Sum: 0.0]
      [GC Worker Other (ms): Min: 0.0, Avg: 0.1, Max: 0.1, Diff: 0.1, Sum: 0.1]
      [GC Worker Total (ms): Min: 27.9, Avg: 27.9, Max: 27.9, Diff: 0.1, Sum: 55.8]
      [GC Worker End (ms): Min: 76879.1, Avg: 76879.1, Max: 76879.1, Diff: 0.1]
   [Code Root Fixup: 0.0 ms]
   [Code Root Migration: 0.0 ms]
   [Clear CT: 0.1 ms]
   [Other: 0.5 ms]
      [Choose CSet: 0.0 ms]
      [Ref Proc: 0.1 ms]
      [Ref Enq: 0.0 ms]
      [Free CSet: 0.2 ms]
   [Eden: 124.0M(124.0M)->0.0B(137.0M) Survivors: 19.0M->18.0M Heap: 375.6M(512.0M)->276.8M(512.0M)]
 [Times: user=0.06 sys=0.00, real=0.03 secs] 
2014-07-10T12:29:23.707+0200: 76.880: [GC concurrent-root-region-scan-start]
2014-07-10T12:29:23.707+0200: 76.880: [GC concurrent-root-region-scan-end, 0.0004271 secs]
2014-07-10T12:29:23.707+0200: 76.880: [GC concurrent-mark-start]
2014-07-10T12:29:23.786+0200: 76.958: [GC concurrent-mark-end, 0.0057832 secs]
2014-07-10T12:29:23.786+0200: 76.959: [GC remark 76.959: [GC ref-proc, 0.0000631 secs], 0.0013448 secs]
 [Times: user=0.00 sys=0.00, real=0.00 secs] 
2014-07-10T12:29:23.811+0200: 76.984: [GC pause (G1 Evacuation Pause) (young), 0.0313348 secs]
   [Parallel Time: 30.5 ms, GC Workers: 2]
      [GC Worker Start (ms): Min: 76984.5, Avg: 76984.5, Max: 76984.5, Diff: 0.0]
      [Ext Root Scanning (ms): Min: 0.3, Avg: 0.3, Max: 0.3, Diff: 0.0, Sum: 0.6]
      [SATB Filtering (ms): Min: 0.0, Avg: 0.0, Max: 0.0, Diff: 0.0, Sum: 0.0]
      [Update RS (ms): Min: 0.0, Avg: 0.1, Max: 0.1, Diff: 0.0, Sum: 0.1]
         [Processed Buffers: Min: 1, Avg: 1.5, Max: 2, Diff: 1, Sum: 3]
      [Scan RS (ms): Min: 0.2, Avg: 0.2, Max: 0.2, Diff: 0.0, Sum: 0.5]
      [Code Root Scanning (ms): Min: 0.1, Avg: 0.1, Max: 0.1, Diff: 0.0, Sum: 0.2]
      [Object Copy (ms): Min: 29.7, Avg: 29.7, Max: 29.7, Diff: 0.0, Sum: 59.3]
      [Termination (ms): Min: 0.0, Avg: 0.0, Max: 0.0, Diff: 0.0, Sum: 0.0]
      [GC Worker Other (ms): Min: 0.0, Avg: 0.0, Max: 0.0, Diff: 0.0, Sum: 0.1]
      [GC Worker Total (ms): Min: 30.4, Avg: 30.4, Max: 30.4, Diff: 0.0, Sum: 60.8]
      [GC Worker End (ms): Min: 77014.9, Avg: 77014.9, Max: 77014.9, Diff: 0.0]
   [Code Root Fixup: 0.0 ms]
   [Code Root Migration: 0.0 ms]
   [Clear CT: 0.1 ms]
   [Other: 0.7 ms]
      [Choose CSet: 0.0 ms]
      [Ref Proc: 0.3 ms]
      [Ref Enq: 0.0 ms]
      [Free CSet: 0.3 ms]
   [Eden: 137.0M(137.0M)->0.0B(130.0M) Survivors: 18.0M->20.0M Heap: 413.8M(512.0M)->307.9M(512.0M)]
 [Times: user=0.06 sys=0.00, real=0.03 secs] 
2014-07-10T12:29:23.893+0200: 77.066: [GC cleanup 390M->218M(512M), 0.0013844 secs]
 [Times: user=0.00 sys=0.00, real=0.00 secs] 
2014-07-10T12:29:23.894+0200: 77.067: [GC concurrent-cleanup-start]
2014-07-10T12:29:23.895+0200: 77.068: [GC concurrent-cleanup-end, 0.0003509 secs]
2014-07-10T12:29:23.978+0200: 77.150: [GC pause (G1 Evacuation Pause) (young), 0.0304541 secs]
   [Parallel Time: 29.8 ms, GC Workers: 2]
      [GC Worker Start (ms): Min: 77149.7, Avg: 77149.7, Max: 77149.7, Diff: 0.0]
      [Ext Root Scanning (ms): Min: 0.3, Avg: 0.3, Max: 0.3, Diff: 0.0, Sum: 0.7]
      [Update RS (ms): Min: 0.0, Avg: 0.0, Max: 0.1, Diff: 0.0, Sum: 0.1]
         [Processed Buffers: Min: 1, Avg: 1.0, Max: 1, Diff: 0, Sum: 2]
      [Scan RS (ms): Min: 0.2, Avg: 0.3, Max: 0.3, Diff: 0.0, Sum: 0.5]
      [Code Root Scanning (ms): Min: 0.1, Avg: 0.1, Max: 0.1, Diff: 0.0, Sum: 0.2]
      [Object Copy (ms): Min: 29.0, Avg: 29.0, Max: 29.0, Diff: 0.0, Sum: 58.0]
      [Termination (ms): Min: 0.0, Avg: 0.0, Max: 0.0, Diff: 0.0, Sum: 0.0]
      [GC Worker Other (ms): Min: 0.0, Avg: 0.0, Max: 0.0, Diff: 0.0, Sum: 0.1]
      [GC Worker Total (ms): Min: 29.7, Avg: 29.8, Max: 29.8, Diff: 0.0, Sum: 59.5]
      [GC Worker End (ms): Min: 77179.5, Avg: 77179.5, Max: 77179.5, Diff: 0.0]
   [Code Root Fixup: 0.0 ms]
   [Code Root Migration: 0.0 ms]
   [Clear CT: 0.2 ms]
   [Other: 0.5 ms]
      [Choose CSet: 0.0 ms]
      [Ref Proc: 0.1 ms]
      [Ref Enq: 0.0 ms]
      [Free CSet: 0.2 ms]
   [Eden: 130.0M(130.0M)->0.0B(119.0M) Survivors: 20.0M->19.0M Heap: 265.9M(512.0M)->162.9M(512.0M)]
 [Times: user=0.06 sys=0.00, real=0.03 secs] 
2014-07-10T12:29:24.071+0200: 77.243: [GC pause (G1 Evacuation Pause) (mixed), 0.0151541 secs]
   [Parallel Time: 14.4 ms, GC Workers: 2]
      [GC Worker Start (ms): Min: 77242.9, Avg: 77242.9, Max: 77242.9, Diff: 0.0]
      [Ext Root Scanning (ms): Min: 0.3, Avg: 0.3, Max: 0.3, Diff: 0.0, Sum: 0.7]
      [Update RS (ms): Min: 0.1, Avg: 0.1, Max: 0.1, Diff: 0.0, Sum: 0.1]
         [Processed Buffers: Min: 1, Avg: 1.5, Max: 2, Diff: 1, Sum: 3]
      [Scan RS (ms): Min: 0.2, Avg: 0.2, Max: 0.2, Diff: 0.0, Sum: 0.5]
      [Code Root Scanning (ms): Min: 0.1, Avg: 0.1, Max: 0.1, Diff: 0.0, Sum: 0.2]
      [Object Copy (ms): Min: 13.6, Avg: 13.6, Max: 13.6, Diff: 0.0, Sum: 27.1]
      [Termination (ms): Min: 0.0, Avg: 0.0, Max: 0.0, Diff: 0.0, Sum: 0.0]
      [GC Worker Other (ms): Min: 0.0, Avg: 0.0, Max: 0.0, Diff: 0.0, Sum: 0.1]
      [GC Worker Total (ms): Min: 14.4, Avg: 14.4, Max: 14.4, Diff: 0.0, Sum: 28.7]
      [GC Worker End (ms): Min: 77257.2, Avg: 77257.2, Max: 77257.2, Diff: 0.0]
   [Code Root Fixup: 0.0 ms]
   [Code Root Migration: 0.0 ms]
   [Clear CT: 0.1 ms]
   [Other: 0.6 ms]
      [Choose CSet: 0.0 ms]
      [Ref Proc: 0.1 ms]
      [Ref Enq: 0.0 ms]
      [Free CSet: 0.4 ms]
   [Eden: 119.0M(119.0M)->0.0B(134.0M) Survivors: 19.0M->18.0M Heap: 281.9M(512.0M)->157.8M(512.0M)]
 [Times: user=0.03 sys=0.00, real=0.01 secs] 
2014-07-10T12:29:24.203+0200: 77.375: [GC pause (G1 Evacuation Pause) (young), 0.0159273 secs]
   [Parallel Time: 14.8 ms, GC Workers: 2]
      [GC Worker Start (ms): Min: 77375.4, Avg: 77375.4, Max: 77375.4, Diff: 0.0]
      [Ext Root Scanning (ms): Min: 0.3, Avg: 0.3, Max: 0.3, Diff: 0.0, Sum: 0.5]
      [Update RS (ms): Min: 0.0, Avg: 0.0, Max: 0.1, Diff: 0.0, Sum: 0.1]
         [Processed Buffers: Min: 1, Avg: 1.5, Max: 2, Diff: 1, Sum: 3]
      [Scan RS (ms): Min: 0.2, Avg: 0.2, Max: 0.2, Diff: 0.0, Sum: 0.4]
      [Code Root Scanning (ms): Min: 0.1, Avg: 0.1, Max: 0.1, Diff: 0.0, Sum: 0.2]
      [Object Copy (ms): Min: 14.2, Avg: 14.2, Max: 14.2, Diff: 0.0, Sum: 28.3]
      [Termination (ms): Min: 0.0, Avg: 0.0, Max: 0.0, Diff: 0.0, Sum: 0.0]
      [GC Worker Other (ms): Min: 0.0, Avg: 0.0, Max: 0.0, Diff: 0.0, Sum: 0.1]
      [GC Worker Total (ms): Min: 14.8, Avg: 14.8, Max: 14.8, Diff: 0.0, Sum: 29.6]
      [GC Worker End (ms): Min: 77390.2, Avg: 77390.2, Max: 77390.2, Diff: 0.0]
   [Code Root Fixup: 0.0 ms]
   [Code Root Migration: 0.0 ms]
   [Clear CT: 0.1 ms]
   [Other: 1.0 ms]
      [Choose CSet: 0.0 ms]
      [Ref Proc: 0.5 ms]
      [Ref Enq: 0.0 ms]
      [Free CSet: 0.3 ms]
   [Eden: 134.0M(134.0M)->0.0B(124.0M) Survivors: 18.0M->19.0M Heap: 291.8M(512.0M)->163.5M(512.0M)]
 [Times: user=0.03 sys=0.00, real=0.02 secs] 
2014-07-10T12:29:24.362+0200: 77.534: [GC pause (G1 Evacuation Pause) (young), 0.0112554 secs]
   [Parallel Time: 10.6 ms, GC Workers: 2]
      [GC Worker Start (ms): Min: 77533.7, Avg: 77533.7, Max: 77533.7, Diff: 0.0]
      [Ext Root Scanning (ms): Min: 0.3, Avg: 0.3, Max: 0.3, Diff: 0.0, Sum: 0.7]
      [Update RS (ms): Min: 0.0, Avg: 0.0, Max: 0.1, Diff: 0.0, Sum: 0.1]
         [Processed Buffers: Min: 1, Avg: 1.5, Max: 2, Diff: 1, Sum: 3]
      [Scan RS (ms): Min: 0.2, Avg: 0.2, Max: 0.2, Diff: 0.0, Sum: 0.5]
      [Code Root Scanning (ms): Min: 0.1, Avg: 0.1, Max: 0.1, Diff: 0.0, Sum: 0.2]
      [Object Copy (ms): Min: 9.8, Avg: 9.8, Max: 9.8, Diff: 0.0, Sum: 19.6]
      [Termination (ms): Min: 0.0, Avg: 0.0, Max: 0.0, Diff: 0.0, Sum: 0.0]
      [GC Worker Other (ms): Min: 0.0, Avg: 0.0, Max: 0.0, Diff: 0.0, Sum: 0.1]
      [GC Worker Total (ms): Min: 10.6, Avg: 10.6, Max: 10.6, Diff: 0.0, Sum: 21.1]
      [GC Worker End (ms): Min: 77544.3, Avg: 77544.3, Max: 77544.3, Diff: 0.0]
   [Code Root Fixup: 0.0 ms]
   [Code Root Migration: 0.0 ms]
   [Clear CT: 0.1 ms]
   [Other: 0.5 ms]
      [Choose CSet: 0.0 ms]
      [Ref Proc: 0.1 ms]
      [Ref Enq: 0.0 ms]
      [Free CSet: 0.2 ms]
   [Eden: 124.0M(124.0M)->0.0B(113.0M) Survivors: 19.0M->16.0M Heap: 287.5M(512.0M)->160.0M(512.0M)]
 [Times: user=0.03 sys=0.00, real=0.01 secs] 
2014-07-10T12:29:24.429+0200: 77.601: [GC pause (G1 Evacuation Pause) (young), 0.0495337 secs]
   [Parallel Time: 49.1 ms, GC Workers: 2]
      [GC Worker Start (ms): Min: 77600.7, Avg: 77602.2, Max: 77603.8, Diff: 3.1]
      [Ext Root Scanning (ms): Min: 0.0, Avg: 0.2, Max: 0.4, Diff: 0.4, Sum: 0.4]
      [Update RS (ms): Min: 0.0, Avg: 0.0, Max: 0.0, Diff: 0.0, Sum: 0.1]
         [Processed Buffers: Min: 0, Avg: 1.5, Max: 3, Diff: 3, Sum: 3]
      [Scan RS (ms): Min: 0.0, Avg: 0.2, Max: 0.4, Diff: 0.4, Sum: 0.4]
      [Code Root Scanning (ms): Min: 0.0, Avg: 0.1, Max: 0.1, Diff: 0.1, Sum: 0.1]
      [Object Copy (ms): Min: 39.1, Avg: 42.5, Max: 45.9, Diff: 6.7, Sum: 85.0]
      [Termination (ms): Min: 0.0, Avg: 4.5, Max: 8.9, Diff: 8.9, Sum: 8.9]
      [GC Worker Other (ms): Min: 0.0, Avg: 0.0, Max: 0.0, Diff: 0.0, Sum: 0.1]
      [GC Worker Total (ms): Min: 46.0, Avg: 47.5, Max: 49.1, Diff: 3.1, Sum: 95.0]
      [GC Worker End (ms): Min: 77649.8, Avg: 77649.8, Max: 77649.8, Diff: 0.0]
   [Code Root Fixup: 0.0 ms]
   [Code Root Migration: 0.0 ms]
   [Clear CT: 0.1 ms]
   [Other: 0.4 ms]
      [Choose CSet: 0.0 ms]
      [Ref Proc: 0.0 ms]
      [Ref Enq: 0.0 ms]
      [Free CSet: 0.2 ms]
   [Eden: 113.0M(113.0M)->0.0B(135.0M) Survivors: 16.0M->17.0M Heap: 273.0M(512.0M)->206.9M(512.0M)]
 [Times: user=0.09 sys=0.00, real=0.05 secs] 
2014-07-10T12:29:24.581+0200: 77.753: [GC pause (G1 Evacuation Pause) (young), 0.0365522 secs]
   [Parallel Time: 35.8 ms, GC Workers: 2]
      [GC Worker Start (ms): Min: 77753.4, Avg: 77753.4, Max: 77753.4, Diff: 0.0]
      [Ext Root Scanning (ms): Min: 0.3, Avg: 0.3, Max: 0.3, Diff: 0.0, Sum: 0.7]
      [Update RS (ms): Min: 0.0, Avg: 0.0, Max: 0.0, Diff: 0.0, Sum: 0.1]
         [Processed Buffers: Min: 1, Avg: 1.5, Max: 2, Diff: 1, Sum: 3]
      [Scan RS (ms): Min: 0.2, Avg: 0.2, Max: 0.2, Diff: 0.0, Sum: 0.5]
      [Code Root Scanning (ms): Min: 0.1, Avg: 0.1, Max: 0.1, Diff: 0.0, Sum: 0.2]
      [Object Copy (ms): Min: 35.0, Avg: 35.0, Max: 35.0, Diff: 0.0, Sum: 70.1]
      [Termination (ms): Min: 0.0, Avg: 0.0, Max: 0.0, Diff: 0.0, Sum: 0.0]
      [GC Worker Other (ms): Min: 0.0, Avg: 0.0, Max: 0.0, Diff: 0.0, Sum: 0.1]
      [GC Worker Total (ms): Min: 35.8, Avg: 35.8, Max: 35.8, Diff: 0.0, Sum: 71.6]
      [GC Worker End (ms): Min: 77789.2, Avg: 77789.2, Max: 77789.2, Diff: 0.0]
   [Code Root Fixup: 0.0 ms]
   [Code Root Migration: 0.1 ms]
   [Clear CT: 0.2 ms]
   [Other: 0.4 ms]
      [Choose CSet: 0.0 ms]
      [Ref Proc: 0.1 ms]
      [Ref Enq: 0.0 ms]
      [Free CSet: 0.3 ms]
   [Eden: 135.0M(135.0M)->0.0B(128.0M) Survivors: 17.0M->19.0M Heap: 341.9M(512.0M)->247.2M(512.0M)]
 [Times: user=0.06 sys=0.00, real=0.04 secs] 
2014-07-10T12:29:24.689+0200: 77.861: [GC pause (G1 Evacuation Pause) (young), 0.0343176 secs]
   [Parallel Time: 33.4 ms, GC Workers: 2]
      [GC Worker Start (ms): Min: 77861.0, Avg: 77861.0, Max: 77861.0, Diff: 0.0]
      [Ext Root Scanning (ms): Min: 0.3, Avg: 0.3, Max: 0.3, Diff: 0.0, Sum: 0.6]
      [Update RS (ms): Min: 0.0, Avg: 0.0, Max: 0.0, Diff: 0.0, Sum: 0.1]
         [Processed Buffers: Min: 1, Avg: 2.0, Max: 3, Diff: 2, Sum: 4]
      [Scan RS (ms): Min: 0.3, Avg: 0.3, Max: 0.4, Diff: 0.1, Sum: 0.7]
      [Code Root Scanning (ms): Min: 0.1, Avg: 0.1, Max: 0.2, Diff: 0.1, Sum: 0.2]
      [Object Copy (ms): Min: 32.5, Avg: 32.5, Max: 32.5, Diff: 0.0, Sum: 65.0]
      [Termination (ms): Min: 0.0, Avg: 0.0, Max: 0.0, Diff: 0.0, Sum: 0.0]
      [GC Worker Other (ms): Min: 0.0, Avg: 0.0, Max: 0.0, Diff: 0.0, Sum: 0.1]
      [GC Worker Total (ms): Min: 33.4, Avg: 33.4, Max: 33.4, Diff: 0.0, Sum: 66.7]
      [GC Worker End (ms): Min: 77894.4, Avg: 77894.4, Max: 77894.4, Diff: 0.0]
   [Code Root Fixup: 0.0 ms]
   [Code Root Migration: 0.0 ms]
   [Clear CT: 0.1 ms]
   [Other: 0.8 ms]
      [Choose CSet: 0.0 ms]
      [Ref Proc: 0.3 ms]
      [Ref Enq: 0.0 ms]
      [Free CSet: 0.4 ms]
   [Eden: 128.0M(128.0M)->0.0B(136.0M) Survivors: 19.0M->19.0M Heap: 375.2M(512.0M)->281.3M(512.0M)]
 [Times: user=0.06 sys=0.00, real=0.04 secs] 
2014-07-10T12:29:24.817+0200: 77.989: [GC pause (G1 Evacuation Pause) (young) (initial-mark), 0.0457259 secs]
   [Parallel Time: 45.1 ms, GC Workers: 2]
      [GC Worker Start (ms): Min: 77989.5, Avg: 77989.5, Max: 77989.5, Diff: 0.0]
      [Ext Root Scanning (ms): Min: 0.4, Avg: 0.4, Max: 0.4, Diff: 0.0, Sum: 0.7]
      [Code Root Marking (ms): Min: 0.1, Avg: 0.1, Max: 0.1, Diff: 0.0, Sum: 0.1]
      [Update RS (ms): Min: 0.0, Avg: 0.0, Max: 0.0, Diff: 0.0, Sum: 0.1]
         [Processed Buffers: Min: 1, Avg: 1.5, Max: 2, Diff: 1, Sum: 3]
      [Scan RS (ms): Min: 0.2, Avg: 0.2, Max: 0.2, Diff: 0.0, Sum: 0.4]
      [Code Root Scanning (ms): Min: 0.1, Avg: 0.1, Max: 0.1, Diff: 0.0, Sum: 0.2]
      [Object Copy (ms): Min: 35.1, Avg: 39.7, Max: 44.3, Diff: 9.2, Sum: 79.4]
      [Termination (ms): Min: 0.0, Avg: 4.6, Max: 9.2, Diff: 9.2, Sum: 9.2]
      [GC Worker Other (ms): Min: 0.0, Avg: 0.0, Max: 0.0, Diff: 0.0, Sum: 0.1]
      [GC Worker Total (ms): Min: 45.1, Avg: 45.1, Max: 45.1, Diff: 0.0, Sum: 90.1]
      [GC Worker End (ms): Min: 78034.6, Avg: 78034.6, Max: 78034.6, Diff: 0.0]
   [Code Root Fixup: 0.0 ms]
   [Code Root Migration: 0.0 ms]
   [Clear CT: 0.1 ms]
   [Other: 0.5 ms]
      [Choose CSet: 0.0 ms]
      [Ref Proc: 0.0 ms]
      [Ref Enq: 0.0 ms]
      [Free CSet: 0.2 ms]
   [Eden: 136.0M(136.0M)->0.0B(132.0M) Survivors: 19.0M->20.0M Heap: 417.3M(512.0M)->319.3M(512.0M)]
 [Times: user=0.06 sys=0.00, real=0.05 secs] 
2014-07-10T12:29:24.863+0200: 78.035: [GC concurrent-root-region-scan-start]
2014-07-10T12:29:24.864+0200: 78.036: [GC concurrent-root-region-scan-end, 0.0004425 secs]
2014-07-10T12:29:24.864+0200: 78.036: [GC concurrent-mark-start]
2014-07-10T12:29:24.943+0200: 78.114: [GC concurrent-mark-end, 0.0051500 secs]
2014-07-10T12:29:24.943+0200: 78.115: [GC remark 78.115: [GC ref-proc, 0.0000590 secs], 0.0015930 secs]
 [Times: user=0.00 sys=0.00, real=0.00 secs] 
2014-07-10T12:29:24.988+0200: 78.160: [GC pause (G1 Evacuation Pause) (young), 0.0356569 secs]
   [Parallel Time: 35.1 ms, GC Workers: 2]
      [GC Worker Start (ms): Min: 78159.8, Avg: 78159.8, Max: 78159.8, Diff: 0.0]
      [Ext Root Scanning (ms): Min: 0.3, Avg: 0.3, Max: 0.3, Diff: 0.0, Sum: 0.5]
      [SATB Filtering (ms): Min: 0.0, Avg: 0.0, Max: 0.0, Diff: 0.0, Sum: 0.0]
      [Update RS (ms): Min: 0.0, Avg: 0.0, Max: 0.0, Diff: 0.0, Sum: 0.1]
         [Processed Buffers: Min: 1, Avg: 1.5, Max: 2, Diff: 1, Sum: 3]
      [Scan RS (ms): Min: 0.2, Avg: 0.2, Max: 0.2, Diff: 0.0, Sum: 0.4]
      [Code Root Scanning (ms): Min: 0.1, Avg: 0.1, Max: 0.1, Diff: 0.0, Sum: 0.2]
      [Object Copy (ms): Min: 34.3, Avg: 34.3, Max: 34.3, Diff: 0.0, Sum: 68.6]
      [Termination (ms): Min: 0.0, Avg: 0.0, Max: 0.0, Diff: 0.0, Sum: 0.0]
      [GC Worker Other (ms): Min: 0.0, Avg: 0.0, Max: 0.0, Diff: 0.0, Sum: 0.1]
      [GC Worker Total (ms): Min: 34.9, Avg: 34.9, Max: 34.9, Diff: 0.0, Sum: 69.9]
      [GC Worker End (ms): Min: 78194.7, Avg: 78194.7, Max: 78194.7, Diff: 0.0]
   [Code Root Fixup: 0.0 ms]
   [Code Root Migration: 0.0 ms]
   [Clear CT: 0.1 ms]
   [Other: 0.4 ms]
      [Choose CSet: 0.0 ms]
      [Ref Proc: 0.0 ms]
      [Ref Enq: 0.0 ms]
      [Free CSet: 0.3 ms]
   [Eden: 132.0M(132.0M)->0.0B(122.0M) Survivors: 20.0M->19.0M Heap: 451.3M(512.0M)->356.2M(512.0M)]
 [Times: user=0.06 sys=0.00, real=0.04 secs] 
2014-07-10T12:29:25.024+0200: 78.196: [GC cleanup 356M->155M(512M), 0.0013250 secs]
 [Times: user=0.00 sys=0.00, real=0.00 secs] 
2014-07-10T12:29:25.025+0200: 78.197: [GC concurrent-cleanup-start]
2014-07-10T12:29:25.026+0200: 78.198: [GC concurrent-cleanup-end, 0.0004150 secs]
2014-07-10T12:29:25.094+0200: 78.266: [GC pause (G1 Evacuation Pause) (young), 0.0199642 secs]
   [Parallel Time: 19.4 ms, GC Workers: 2]
      [GC Worker Start (ms): Min: 78266.3, Avg: 78266.3, Max: 78266.3, Diff: 0.0]
      [Ext Root Scanning (ms): Min: 0.3, Avg: 0.3, Max: 0.3, Diff: 0.0, Sum: 0.6]
      [Update RS (ms): Min: 0.1, Avg: 0.4, Max: 0.6, Diff: 0.4, Sum: 0.7]
         [Processed Buffers: Min: 1, Avg: 2.0, Max: 3, Diff: 2, Sum: 4]
      [Scan RS (ms): Min: 0.1, Avg: 0.3, Max: 0.4, Diff: 0.3, Sum: 0.5]
      [Code Root Scanning (ms): Min: 0.0, Avg: 0.1, Max: 0.1, Diff: 0.1, Sum: 0.2]
      [Object Copy (ms): Min: 18.3, Avg: 18.3, Max: 18.3, Diff: 0.0, Sum: 36.6]
      [Termination (ms): Min: 0.0, Avg: 0.0, Max: 0.0, Diff: 0.0, Sum: 0.0]
      [GC Worker Other (ms): Min: 0.0, Avg: 0.0, Max: 0.0, Diff: 0.0, Sum: 0.1]
      [GC Worker Total (ms): Min: 19.3, Avg: 19.3, Max: 19.4, Diff: 0.0, Sum: 38.7]
      [GC Worker End (ms): Min: 78285.6, Avg: 78285.6, Max: 78285.6, Diff: 0.0]
   [Code Root Fixup: 0.0 ms]
   [Code Root Migration: 0.0 ms]
   [Clear CT: 0.1 ms]
   [Other: 0.4 ms]
      [Choose CSet: 0.0 ms]
      [Ref Proc: 0.0 ms]
      [Ref Enq: 0.0 ms]
      [Free CSet: 0.2 ms]
   [Eden: 122.0M(122.0M)->0.0B(131.0M) Survivors: 19.0M->18.0M Heap: 277.2M(512.0M)->165.8M(512.0M)]
 [Times: user=0.03 sys=0.00, real=0.02 secs] 
2014-07-10T12:29:25.212+0200: 78.384: [GC pause (G1 Evacuation Pause) (mixed), 0.0209505 secs]
   [Parallel Time: 20.2 ms, GC Workers: 2]
      [GC Worker Start (ms): Min: 78383.9, Avg: 78391.4, Max: 78398.9, Diff: 15.1]
      [Ext Root Scanning (ms): Min: 0.0, Avg: 0.2, Max: 0.4, Diff: 0.3, Sum: 0.4]
      [Update RS (ms): Min: 0.0, Avg: 0.1, Max: 0.1, Diff: 0.1, Sum: 0.1]
         [Processed Buffers: Min: 0, Avg: 1.5, Max: 3, Diff: 3, Sum: 3]
      [Scan RS (ms): Min: 0.0, Avg: 0.2, Max: 0.4, Diff: 0.4, Sum: 0.5]
      [Code Root Scanning (ms): Min: 0.0, Avg: 0.1, Max: 0.2, Diff: 0.2, Sum: 0.2]
      [Object Copy (ms): Min: 4.9, Avg: 12.0, Max: 19.0, Diff: 14.1, Sum: 23.9]
      [Termination (ms): Min: 0.0, Avg: 0.0, Max: 0.0, Diff: 0.0, Sum: 0.0]
      [GC Worker Other (ms): Min: 0.0, Avg: 0.0, Max: 0.0, Diff: 0.0, Sum: 0.1]
      [GC Worker Total (ms): Min: 5.0, Avg: 12.5, Max: 20.1, Diff: 15.1, Sum: 25.1]
      [GC Worker End (ms): Min: 78403.9, Avg: 78403.9, Max: 78403.9, Diff: 0.0]
   [Code Root Fixup: 0.0 ms]
   [Code Root Migration: 0.0 ms]
   [Clear CT: 0.1 ms]
   [Other: 0.6 ms]
      [Choose CSet: 0.0 ms]
      [Ref Proc: 0.1 ms]
      [Ref Enq: 0.0 ms]
      [Free CSet: 0.4 ms]
   [Eden: 131.0M(131.0M)->0.0B(126.0M) Survivors: 18.0M->19.0M Heap: 296.8M(512.0M)->168.4M(512.0M)]
 [Times: user=0.05 sys=0.00, real=0.02 secs] 
2014-07-10T12:29:25.369+0200: 78.541: [GC pause (G1 Evacuation Pause) (mixed), 0.0149734 secs]
   [Parallel Time: 14.3 ms, GC Workers: 2]
      [GC Worker Start (ms): Min: 78540.6, Avg: 78540.6, Max: 78540.6, Diff: 0.0]
      [Ext Root Scanning (ms): Min: 0.3, Avg: 0.3, Max: 0.3, Diff: 0.0, Sum: 0.6]
      [Update RS (ms): Min: 0.0, Avg: 0.1, Max: 0.1, Diff: 0.1, Sum: 0.1]
         [Processed Buffers: Min: 1, Avg: 1.0, Max: 1, Diff: 0, Sum: 2]
      [Scan RS (ms): Min: 0.2, Avg: 0.2, Max: 0.3, Diff: 0.1, Sum: 0.4]
      [Code Root Scanning (ms): Min: 0.1, Avg: 0.1, Max: 0.1, Diff: 0.0, Sum: 0.2]
      [Object Copy (ms): Min: 13.5, Avg: 13.5, Max: 13.5, Diff: 0.0, Sum: 27.1]
      [Termination (ms): Min: 0.0, Avg: 0.0, Max: 0.0, Diff: 0.0, Sum: 0.0]
      [GC Worker Other (ms): Min: 0.0, Avg: 0.0, Max: 0.0, Diff: 0.0, Sum: 0.1]
      [GC Worker Total (ms): Min: 14.3, Avg: 14.3, Max: 14.3, Diff: 0.0, Sum: 28.5]
      [GC Worker End (ms): Min: 78554.9, Avg: 78554.9, Max: 78554.9, Diff: 0.0]
   [Code Root Fixup: 0.0 ms]
   [Code Root Migration: 0.0 ms]
   [Clear CT: 0.1 ms]
   [Other: 0.5 ms]
      [Choose CSet: 0.0 ms]
      [Ref Proc: 0.1 ms]
      [Ref Enq: 0.0 ms]
      [Free CSet: 0.2 ms]
   [Eden: 126.0M(126.0M)->0.0B(115.0M) Survivors: 19.0M->19.0M Heap: 294.4M(512.0M)->170.7M(512.0M)]
 [Times: user=0.03 sys=0.00, real=0.02 secs] 
2014-07-10T12:29:25.459+0200: 78.631: [GC pause (G1 Evacuation Pause) (young), 0.0044175 secs]
   [Parallel Time: 3.8 ms, GC Workers: 2]
      [GC Worker Start (ms): Min: 78631.0, Avg: 78631.0, Max: 78631.0, Diff: 0.0]
      [Ext Root Scanning (ms): Min: 0.3, Avg: 0.3, Max: 0.3, Diff: 0.0, Sum: 0.5]
      [Update RS (ms): Min: 0.1, Avg: 0.1, Max: 0.1, Diff: 0.0, Sum: 0.1]
         [Processed Buffers: Min: 1, Avg: 1.5, Max: 2, Diff: 1, Sum: 3]
      [Scan RS (ms): Min: 0.2, Avg: 0.2, Max: 0.2, Diff: 0.0, Sum: 0.4]
      [Code Root Scanning (ms): Min: 0.1, Avg: 0.1, Max: 0.1, Diff: 0.0, Sum: 0.2]
      [Object Copy (ms): Min: 3.2, Avg: 3.2, Max: 3.2, Diff: 0.0, Sum: 6.3]
      [Termination (ms): Min: 0.0, Avg: 0.0, Max: 0.0, Diff: 0.0, Sum: 0.0]
      [GC Worker Other (ms): Min: 0.0, Avg: 0.0, Max: 0.0, Diff: 0.0, Sum: 0.1]
      [GC Worker Total (ms): Min: 3.8, Avg: 3.8, Max: 3.8, Diff: 0.0, Sum: 7.6]
      [GC Worker End (ms): Min: 78634.8, Avg: 78634.8, Max: 78634.8, Diff: 0.0]
   [Code Root Fixup: 0.0 ms]
   [Code Root Migration: 0.0 ms]
   [Clear CT: 0.2 ms]
   [Other: 0.4 ms]
      [Choose CSet: 0.0 ms]
      [Ref Proc: 0.1 ms]
      [Ref Enq: 0.0 ms]
      [Free CSet: 0.2 ms]
   [Eden: 115.0M(115.0M)->0.0B(119.0M) Survivors: 19.0M->6144.0K Heap: 285.7M(512.0M)->156.9M(512.0M)]
 [Times: user=0.00 sys=0.01, real=0.00 secs] 
2014-07-10T12:29:25.579+0200: 78.751: [GC pause (G1 Evacuation Pause) (young), 0.0319954 secs]
   [Parallel Time: 31.4 ms, GC Workers: 2]
      [GC Worker Start (ms): Min: 78751.4, Avg: 78751.4, Max: 78751.4, Diff: 0.0]
      [Ext Root Scanning (ms): Min: 0.3, Avg: 0.3, Max: 0.3, Diff: 0.0, Sum: 0.7]
      [Update RS (ms): Min: 0.0, Avg: 0.0, Max: 0.0, Diff: 0.0, Sum: 0.1]
         [Processed Buffers: Min: 1, Avg: 1.5, Max: 2, Diff: 1, Sum: 3]
      [Scan RS (ms): Min: 0.2, Avg: 0.2, Max: 0.2, Diff: 0.0, Sum: 0.4]
      [Code Root Scanning (ms): Min: 0.1, Avg: 0.1, Max: 0.1, Diff: 0.0, Sum: 0.2]
      [Object Copy (ms): Min: 30.6, Avg: 30.6, Max: 30.7, Diff: 0.0, Sum: 61.3]
      [Termination (ms): Min: 0.0, Avg: 0.0, Max: 0.0, Diff: 0.0, Sum: 0.0]
      [GC Worker Other (ms): Min: 0.0, Avg: 0.0, Max: 0.0, Diff: 0.0, Sum: 0.1]
      [GC Worker Total (ms): Min: 31.3, Avg: 31.3, Max: 31.3, Diff: 0.0, Sum: 62.6]
      [GC Worker End (ms): Min: 78782.7, Avg: 78782.7, Max: 78782.7, Diff: 0.0]
   [Code Root Fixup: 0.0 ms]
   [Code Root Migration: 0.0 ms]
   [Clear CT: 0.1 ms]
   [Other: 0.5 ms]
      [Choose CSet: 0.0 ms]
      [Ref Proc: 0.2 ms]
      [Ref Enq: 0.0 ms]
      [Free CSet: 0.2 ms]
   [Eden: 119.0M(119.0M)->0.0B(111.0M) Survivors: 6144.0K->16.0M Heap: 275.9M(512.0M)->201.8M(512.0M)]
 [Times: user=0.06 sys=0.00, real=0.03 secs] 
2014-07-10T12:29:25.669+0200: 78.841: [GC pause (G1 Evacuation Pause) (young), 0.0194271 secs]
   [Parallel Time: 18.7 ms, GC Workers: 2]
      [GC Worker Start (ms): Min: 78841.1, Avg: 78841.1, Max: 78841.1, Diff: 0.0]
      [Ext Root Scanning (ms): Min: 0.4, Avg: 0.4, Max: 0.5, Diff: 0.0, Sum: 0.9]
      [Update RS (ms): Min: 0.0, Avg: 0.0, Max: 0.0, Diff: 0.0, Sum: 0.1]
         [Processed Buffers: Min: 1, Avg: 1.5, Max: 2, Diff: 1, Sum: 3]
      [Scan RS (ms): Min: 0.2, Avg: 0.3, Max: 0.3, Diff: 0.1, Sum: 0.5]
      [Code Root Scanning (ms): Min: 0.1, Avg: 0.2, Max: 0.2, Diff: 0.1, Sum: 0.3]
      [Object Copy (ms): Min: 17.7, Avg: 17.7, Max: 17.7, Diff: 0.0, Sum: 35.3]
      [Termination (ms): Min: 0.0, Avg: 0.0, Max: 0.0, Diff: 0.0, Sum: 0.0]
      [GC Worker Other (ms): Min: 0.0, Avg: 0.0, Max: 0.0, Diff: 0.0, Sum: 0.1]
      [GC Worker Total (ms): Min: 18.6, Avg: 18.6, Max: 18.6, Diff: 0.0, Sum: 37.3]
      [GC Worker End (ms): Min: 78859.8, Avg: 78859.8, Max: 78859.8, Diff: 0.0]
   [Code Root Fixup: 0.0 ms]
   [Code Root Migration: 0.0 ms]
   [Clear CT: 0.1 ms]
   [Other: 0.6 ms]
      [Choose CSet: 0.0 ms]
      [Ref Proc: 0.2 ms]
      [Ref Enq: 0.0 ms]
      [Free CSet: 0.2 ms]
   [Eden: 111.0M(111.0M)->0.0B(130.0M) Survivors: 16.0M->16.0M Heap: 312.8M(512.0M)->214.8M(512.0M)]
 [Times: user=0.03 sys=0.00, real=0.02 secs] 
2014-07-10T12:29:25.813+0200: 78.985: [GC pause (G1 Evacuation Pause) (young), 0.0180142 secs]
   [Parallel Time: 17.3 ms, GC Workers: 2]
      [GC Worker Start (ms): Min: 78984.7, Avg: 78984.7, Max: 78984.7, Diff: 0.0]
      [Ext Root Scanning (ms): Min: 0.3, Avg: 0.3, Max: 0.3, Diff: 0.0, Sum: 0.7]
      [Update RS (ms): Min: 0.0, Avg: 0.0, Max: 0.0, Diff: 0.0, Sum: 0.1]
         [Processed Buffers: Min: 1, Avg: 1.5, Max: 2, Diff: 1, Sum: 3]
      [Scan RS (ms): Min: 0.2, Avg: 0.2, Max: 0.2, Diff: 0.0, Sum: 0.5]
      [Code Root Scanning (ms): Min: 0.1, Avg: 0.1, Max: 0.1, Diff: 0.0, Sum: 0.2]
      [Object Copy (ms): Min: 16.6, Avg: 16.6, Max: 16.6, Diff: 0.0, Sum: 33.2]
      [Termination (ms): Min: 0.0, Avg: 0.0, Max: 0.0, Diff: 0.0, Sum: 0.0]
      [GC Worker Other (ms): Min: 0.0, Avg: 0.0, Max: 0.0, Diff: 0.0, Sum: 0.1]
      [GC Worker Total (ms): Min: 17.3, Avg: 17.3, Max: 17.3, Diff: 0.0, Sum: 34.6]
      [GC Worker End (ms): Min: 79002.0, Avg: 79002.0, Max: 79002.0, Diff: 0.0]
   [Code Root Fixup: 0.0 ms]
   [Code Root Migration: 0.0 ms]
   [Clear CT: 0.1 ms]
   [Other: 0.5 ms]
      [Choose CSet: 0.0 ms]
      [Ref Proc: 0.1 ms]
      [Ref Enq: 0.0 ms]
      [Free CSet: 0.3 ms]
   [Eden: 130.0M(130.0M)->0.0B(120.0M) Survivors: 16.0M->19.0M Heap: 344.8M(512.0M)->225.6M(512.0M)]
 [Times: user=0.03 sys=0.00, real=0.02 secs] 
2014-07-10T12:29:25.967+0200: 79.139: [GC pause (G1 Evacuation Pause) (young), 0.0176200 secs]
   [Parallel Time: 16.3 ms, GC Workers: 2]
      [GC Worker Start (ms): Min: 79139.5, Avg: 79139.5, Max: 79139.5, Diff: 0.0]
      [Ext Root Scanning (ms): Min: 0.5, Avg: 0.5, Max: 0.6, Diff: 0.0, Sum: 1.1]
      [Update RS (ms): Min: 0.0, Avg: 0.0, Max: 0.1, Diff: 0.1, Sum: 0.1]
         [Processed Buffers: Min: 1, Avg: 1.0, Max: 1, Diff: 0, Sum: 2]
      [Scan RS (ms): Min: 0.4, Avg: 0.4, Max: 0.4, Diff: 0.0, Sum: 0.8]
      [Code Root Scanning (ms): Min: 0.1, Avg: 0.1, Max: 0.2, Diff: 0.0, Sum: 0.3]
      [Object Copy (ms): Min: 15.0, Avg: 15.0, Max: 15.0, Diff: 0.0, Sum: 30.0]
      [Termination (ms): Min: 0.0, Avg: 0.0, Max: 0.0, Diff: 0.0, Sum: 0.0]
      [GC Worker Other (ms): Min: 0.1, Avg: 0.1, Max: 0.1, Diff: 0.0, Sum: 0.1]
      [GC Worker Total (ms): Min: 16.2, Avg: 16.2, Max: 16.2, Diff: 0.0, Sum: 32.4]
      [GC Worker End (ms): Min: 79155.7, Avg: 79155.7, Max: 79155.7, Diff: 0.0]
   [Code Root Fixup: 0.0 ms]
   [Code Root Migration: 0.1 ms]
   [Clear CT: 0.2 ms]
   [Other: 1.1 ms]
      [Choose CSet: 0.0 ms]
      [Ref Proc: 0.4 ms]
      [Ref Enq: 0.0 ms]
      [Free CSet: 0.5 ms]
   [Eden: 120.0M(120.0M)->0.0B(109.0M) Survivors: 19.0M->15.0M Heap: 345.6M(512.0M)->221.2M(512.0M)]
 [Times: user=0.03 sys=0.00, real=0.02 secs] 
2014-07-10T12:29:26.040+0200: 79.212: [GC pause (G1 Evacuation Pause) (young), 0.0370043 secs]
   [Parallel Time: 36.1 ms, GC Workers: 2]
      [GC Worker Start (ms): Min: 79212.1, Avg: 79212.1, Max: 79212.1, Diff: 0.0]
      [Ext Root Scanning (ms): Min: 0.3, Avg: 0.3, Max: 0.3, Diff: 0.0, Sum: 0.6]
      [Update RS (ms): Min: 0.0, Avg: 0.0, Max: 0.0, Diff: 0.0, Sum: 0.1]
         [Processed Buffers: Min: 1, Avg: 1.0, Max: 1, Diff: 0, Sum: 2]
      [Scan RS (ms): Min: 0.3, Avg: 0.3, Max: 0.3, Diff: 0.1, Sum: 0.6]
      [Code Root Scanning (ms): Min: 0.1, Avg: 0.1, Max: 0.1, Diff: 0.0, Sum: 0.2]
      [Object Copy (ms): Min: 35.3, Avg: 35.3, Max: 35.3, Diff: 0.0, Sum: 70.6]
      [Termination (ms): Min: 0.0, Avg: 0.0, Max: 0.0, Diff: 0.0, Sum: 0.0]
      [GC Worker Other (ms): Min: 0.0, Avg: 0.0, Max: 0.0, Diff: 0.0, Sum: 0.1]
      [GC Worker Total (ms): Min: 36.1, Avg: 36.1, Max: 36.1, Diff: 0.0, Sum: 72.2]
      [GC Worker End (ms): Min: 79248.2, Avg: 79248.2, Max: 79248.2, Diff: 0.0]
   [Code Root Fixup: 0.0 ms]
   [Code Root Migration: 0.0 ms]
   [Clear CT: 0.1 ms]
   [Other: 0.8 ms]
      [Choose CSet: 0.0 ms]
      [Ref Proc: 0.4 ms]
      [Ref Enq: 0.0 ms]
      [Free CSet: 0.2 ms]
   [Eden: 109.0M(109.0M)->0.0B(131.0M) Survivors: 15.0M->16.0M Heap: 330.2M(512.0M)->264.2M(512.0M)]
 [Times: user=0.08 sys=0.02, real=0.04 secs] 
2014-07-10T12:29:26.177+0200: 79.349: [GC pause (G1 Evacuation Pause) (young) (initial-mark), 0.0287621 secs]
   [Parallel Time: 28.1 ms, GC Workers: 2]
      [GC Worker Start (ms): Min: 79349.0, Avg: 79349.1, Max: 79349.1, Diff: 0.0]
      [Ext Root Scanning (ms): Min: 0.4, Avg: 0.4, Max: 0.4, Diff: 0.0, Sum: 0.8]
      [Code Root Marking (ms): Min: 0.1, Avg: 0.1, Max: 0.1, Diff: 0.0, Sum: 0.1]
      [Update RS (ms): Min: 0.0, Avg: 0.0, Max: 0.0, Diff: 0.0, Sum: 0.1]
         [Processed Buffers: Min: 1, Avg: 1.5, Max: 2, Diff: 1, Sum: 3]
      [Scan RS (ms): Min: 0.2, Avg: 0.2, Max: 0.2, Diff: 0.0, Sum: 0.4]
      [Code Root Scanning (ms): Min: 0.1, Avg: 0.1, Max: 0.1, Diff: 0.0, Sum: 0.2]
      [Object Copy (ms): Min: 27.2, Avg: 27.2, Max: 27.2, Diff: 0.0, Sum: 54.3]
      [Termination (ms): Min: 0.0, Avg: 0.0, Max: 0.0, Diff: 0.0, Sum: 0.0]
      [GC Worker Other (ms): Min: 0.0, Avg: 0.0, Max: 0.0, Diff: 0.0, Sum: 0.1]
      [GC Worker Total (ms): Min: 28.0, Avg: 28.0, Max: 28.0, Diff: 0.0, Sum: 56.0]
      [GC Worker End (ms): Min: 79377.1, Avg: 79377.1, Max: 79377.1, Diff: 0.0]
   [Code Root Fixup: 0.0 ms]
   [Code Root Migration: 0.0 ms]
   [Clear CT: 0.1 ms]
   [Other: 0.5 ms]
      [Choose CSet: 0.0 ms]
      [Ref Proc: 0.1 ms]
      [Ref Enq: 0.0 ms]
      [Free CSet: 0.2 ms]
   [Eden: 131.0M(131.0M)->0.0B(126.0M) Survivors: 16.0M->19.0M Heap: 395.2M(512.0M)->292.6M(512.0M)]
 [Times: user=0.06 sys=0.00, real=0.03 secs] 
2014-07-10T12:29:26.206+0200: 79.378: [GC concurrent-root-region-scan-start]
2014-07-10T12:29:26.206+0200: 79.378: [GC concurrent-root-region-scan-end, 0.0004315 secs]
2014-07-10T12:29:26.206+0200: 79.378: [GC concurrent-mark-start]
2014-07-10T12:29:26.274+0200: 79.446: [GC pause (G1 Evacuation Pause) (young), 0.0250981 secs]
   [Parallel Time: 24.4 ms, GC Workers: 2]
      [GC Worker Start (ms): Min: 79446.2, Avg: 79446.2, Max: 79446.2, Diff: 0.0]
      [Ext Root Scanning (ms): Min: 0.2, Avg: 0.3, Max: 0.4, Diff: 0.2, Sum: 0.6]
      [SATB Filtering (ms): Min: 0.0, Avg: 0.0, Max: 0.0, Diff: 0.0, Sum: 0.0]
      [Update RS (ms): Min: 0.0, Avg: 0.1, Max: 0.1, Diff: 0.0, Sum: 0.1]
         [Processed Buffers: Min: 1, Avg: 2.0, Max: 3, Diff: 2, Sum: 4]
      [Scan RS (ms): Min: 0.2, Avg: 0.2, Max: 0.2, Diff: 0.0, Sum: 0.5]
      [Code Root Scanning (ms): Min: 0.1, Avg: 0.1, Max: 0.1, Diff: 0.0, Sum: 0.2]
      [Object Copy (ms): Min: 23.5, Avg: 23.5, Max: 23.5, Diff: 0.0, Sum: 47.0]
      [Termination (ms): Min: 0.0, Avg: 0.0, Max: 0.0, Diff: 0.0, Sum: 0.0]
      [GC Worker Other (ms): Min: 0.0, Avg: 0.1, Max: 0.2, Diff: 0.2, Sum: 0.2]
      [GC Worker Total (ms): Min: 24.3, Avg: 24.3, Max: 24.3, Diff: 0.0, Sum: 48.6]
      [GC Worker End (ms): Min: 79470.5, Avg: 79470.5, Max: 79470.5, Diff: 0.0]
   [Code Root Fixup: 0.0 ms]
   [Code Root Migration: 0.0 ms]
   [Clear CT: 0.2 ms]
   [Other: 0.4 ms]
      [Choose CSet: 0.0 ms]
      [Ref Proc: 0.0 ms]
      [Ref Enq: 0.0 ms]
      [Free CSet: 0.3 ms]
   [Eden: 126.0M(126.0M)->0.0B(136.0M) Survivors: 19.0M->19.0M Heap: 418.6M(512.0M)->311.8M(512.0M)]
 [Times: user=0.06 sys=0.00, real=0.03 secs] 
2014-07-10T12:29:26.300+0200: 79.472: [GC concurrent-mark-end, 0.0059261 secs]
2014-07-10T12:29:26.307+0200: 79.479: [GC remark 79.479: [GC ref-proc, 0.0000616 secs], 0.0016143 secs]
 [Times: user=0.00 sys=0.00, real=0.00 secs] 
2014-07-10T12:29:26.387+0200: 79.559: [GC cleanup 396M->209M(512M), 0.0018027 secs]
 [Times: user=0.00 sys=0.00, real=0.00 secs] 
2014-07-10T12:29:26.388+0200: 79.561: [GC concurrent-cleanup-start]
2014-07-10T12:29:26.389+0200: 79.561: [GC concurrent-cleanup-end, 0.0003461 secs]
2014-07-10T12:29:26.420+0200: 79.592: [GC pause (G1 Evacuation Pause) (young), 0.0271340 secs]
   [Parallel Time: 26.5 ms, GC Workers: 2]
      [GC Worker Start (ms): Min: 79592.0, Avg: 79592.0, Max: 79592.0, Diff: 0.0]
      [Ext Root Scanning (ms): Min: 0.5, Avg: 0.5, Max: 0.5, Diff: 0.0, Sum: 0.9]
      [Update RS (ms): Min: 0.1, Avg: 0.1, Max: 0.1, Diff: 0.0, Sum: 0.1]
         [Processed Buffers: Min: 1, Avg: 1.5, Max: 2, Diff: 1, Sum: 3]
      [Scan RS (ms): Min: 0.2, Avg: 0.2, Max: 0.2, Diff: 0.0, Sum: 0.5]
      [Code Root Scanning (ms): Min: 0.1, Avg: 0.1, Max: 0.1, Diff: 0.0, Sum: 0.2]
      [Object Copy (ms): Min: 25.6, Avg: 25.6, Max: 25.6, Diff: 0.0, Sum: 51.2]
      [Termination (ms): Min: 0.0, Avg: 0.0, Max: 0.0, Diff: 0.0, Sum: 0.0]
      [GC Worker Other (ms): Min: 0.0, Avg: 0.0, Max: 0.0, Diff: 0.0, Sum: 0.1]
      [GC Worker Total (ms): Min: 26.5, Avg: 26.5, Max: 26.5, Diff: 0.0, Sum: 53.0]
      [GC Worker End (ms): Min: 79618.5, Avg: 79618.5, Max: 79618.5, Diff: 0.0]
   [Code Root Fixup: 0.0 ms]
   [Code Root Migration: 0.0 ms]
   [Clear CT: 0.1 ms]
   [Other: 0.4 ms]
      [Choose CSet: 0.0 ms]
      [Ref Proc: 0.0 ms]
      [Ref Enq: 0.0 ms]
      [Free CSet: 0.3 ms]
   [Eden: 136.0M(136.0M)->0.0B(126.0M) Survivors: 19.0M->20.0M Heap: 260.8M(512.0M)->147.9M(512.0M)]
 [Times: user=0.06 sys=0.00, real=0.03 secs] 
2014-07-10T12:29:26.567+0200: 79.739: [GC pause (G1 Evacuation Pause) (mixed), 0.0197083 secs]
   [Parallel Time: 15.4 ms, GC Workers: 2]
      [GC Worker Start (ms): Min: 79738.7, Avg: 79738.7, Max: 79738.7, Diff: 0.0]
      [Ext Root Scanning (ms): Min: 0.3, Avg: 0.3, Max: 0.3, Diff: 0.0, Sum: 0.7]
      [Update RS (ms): Min: 0.0, Avg: 0.1, Max: 0.1, Diff: 0.0, Sum: 0.1]
         [Processed Buffers: Min: 1, Avg: 1.5, Max: 2, Diff: 1, Sum: 3]
      [Scan RS (ms): Min: 0.3, Avg: 0.3, Max: 0.3, Diff: 0.0, Sum: 0.5]
      [Code Root Scanning (ms): Min: 0.1, Avg: 0.1, Max: 0.1, Diff: 0.0, Sum: 0.2]
      [Object Copy (ms): Min: 14.6, Avg: 14.6, Max: 14.6, Diff: 0.0, Sum: 29.1]
      [Termination (ms): Min: 0.0, Avg: 0.0, Max: 0.0, Diff: 0.0, Sum: 0.0]
      [GC Worker Other (ms): Min: 0.0, Avg: 0.0, Max: 0.0, Diff: 0.0, Sum: 0.1]
      [GC Worker Total (ms): Min: 15.4, Avg: 15.4, Max: 15.4, Diff: 0.0, Sum: 30.7]
      [GC Worker End (ms): Min: 79754.1, Avg: 79754.1, Max: 79754.1, Diff: 0.0]
   [Code Root Fixup: 0.0 ms]
   [Code Root Migration: 0.0 ms]
   [Clear CT: 0.1 ms]
   [Other: 4.2 ms]
      [Choose CSet: 0.0 ms]
      [Ref Proc: 3.8 ms]
      [Ref Enq: 0.0 ms]
      [Free CSet: 0.2 ms]
   [Eden: 126.0M(126.0M)->0.0B(117.0M) Survivors: 20.0M->19.0M Heap: 273.9M(512.0M)->143.9M(512.0M)]
 [Times: user=0.03 sys=0.00, real=0.02 secs] 
2014-07-10T12:29:26.660+0200: 79.832: [GC pause (G1 Evacuation Pause) (mixed), 0.0067063 secs]
   [Parallel Time: 6.1 ms, GC Workers: 2]
      [GC Worker Start (ms): Min: 79832.0, Avg: 79832.0, Max: 79832.0, Diff: 0.0]
      [Ext Root Scanning (ms): Min: 0.3, Avg: 0.3, Max: 0.3, Diff: 0.0, Sum: 0.7]
      [Update RS (ms): Min: 0.0, Avg: 0.1, Max: 0.1, Diff: 0.1, Sum: 0.2]
         [Processed Buffers: Min: 1, Avg: 1.5, Max: 2, Diff: 1, Sum: 3]
      [Scan RS (ms): Min: 0.2, Avg: 0.2, Max: 0.3, Diff: 0.1, Sum: 0.4]
      [Code Root Scanning (ms): Min: 0.1, Avg: 0.1, Max: 0.1, Diff: 0.0, Sum: 0.2]
      [Object Copy (ms): Min: 5.3, Avg: 5.3, Max: 5.3, Diff: 0.0, Sum: 10.7]
      [Termination (ms): Min: 0.0, Avg: 0.0, Max: 0.0, Diff: 0.0, Sum: 0.0]
      [GC Worker Other (ms): Min: 0.0, Avg: 0.0, Max: 0.0, Diff: 0.0, Sum: 0.1]
      [GC Worker Total (ms): Min: 6.1, Avg: 6.1, Max: 6.1, Diff: 0.0, Sum: 12.2]
      [GC Worker End (ms): Min: 79838.1, Avg: 79838.1, Max: 79838.1, Diff: 0.0]
   [Code Root Fixup: 0.0 ms]
   [Code Root Migration: 0.0 ms]
   [Clear CT: 0.1 ms]
   [Other: 0.4 ms]
      [Choose CSet: 0.0 ms]
      [Ref Proc: 0.1 ms]
      [Ref Enq: 0.0 ms]
      [Free CSet: 0.2 ms]
   [Eden: 117.0M(117.0M)->0.0B(123.0M) Survivors: 19.0M->9216.0K Heap: 260.9M(512.0M)->132.6M(512.0M)]
 [Times: user=0.03 sys=0.00, real=0.01 secs] 
2014-07-10T12:29:26.787+0200: 79.959: [GC pause (G1 Evacuation Pause) (young), 0.0413667 secs]
   [Parallel Time: 40.4 ms, GC Workers: 2]
      [GC Worker Start (ms): Min: 79959.3, Avg: 79959.3, Max: 79959.3, Diff: 0.0]
      [Ext Root Scanning (ms): Min: 0.3, Avg: 0.3, Max: 0.3, Diff: 0.0, Sum: 0.6]
      [Update RS (ms): Min: 0.0, Avg: 0.1, Max: 0.1, Diff: 0.0, Sum: 0.1]
         [Processed Buffers: Min: 1, Avg: 1.5, Max: 2, Diff: 1, Sum: 3]
      [Scan RS (ms): Min: 0.2, Avg: 0.2, Max: 0.2, Diff: 0.0, Sum: 0.4]
      [Code Root Scanning (ms): Min: 0.1, Avg: 0.1, Max: 0.1, Diff: 0.0, Sum: 0.2]
      [Object Copy (ms): Min: 39.7, Avg: 39.7, Max: 39.7, Diff: 0.0, Sum: 79.4]
      [Termination (ms): Min: 0.0, Avg: 0.0, Max: 0.0, Diff: 0.0, Sum: 0.0]
      [GC Worker Other (ms): Min: 0.0, Avg: 0.0, Max: 0.0, Diff: 0.0, Sum: 0.1]
      [GC Worker Total (ms): Min: 40.4, Avg: 40.4, Max: 40.4, Diff: 0.0, Sum: 80.8]
      [GC Worker End (ms): Min: 79999.7, Avg: 79999.7, Max: 79999.7, Diff: 0.0]
   [Code Root Fixup: 0.0 ms]
   [Code Root Migration: 0.0 ms]
   [Clear CT: 0.1 ms]
   [Other: 0.8 ms]
      [Choose CSet: 0.0 ms]
      [Ref Proc: 0.3 ms]
      [Ref Enq: 0.0 ms]
      [Free CSet: 0.2 ms]
   [Eden: 123.0M(123.0M)->0.0B(114.0M) Survivors: 9216.0K->17.0M Heap: 255.6M(512.0M)->189.6M(512.0M)]
 [Times: user=0.09 sys=0.00, real=0.04 secs] 
2014-07-10T12:29:26.886+0200: 80.058: [GC pause (G1 Evacuation Pause) (young), 0.0301872 secs]
   [Parallel Time: 29.5 ms, GC Workers: 2]
      [GC Worker Start (ms): Min: 80058.1, Avg: 80058.1, Max: 80058.2, Diff: 0.0]
      [Ext Root Scanning (ms): Min: 0.3, Avg: 0.3, Max: 0.3, Diff: 0.0, Sum: 0.6]
      [Update RS (ms): Min: 0.0, Avg: 0.0, Max: 0.0, Diff: 0.0, Sum: 0.1]
         [Processed Buffers: Min: 1, Avg: 1.5, Max: 2, Diff: 1, Sum: 3]
      [Scan RS (ms): Min: 0.2, Avg: 0.2, Max: 0.2, Diff: 0.0, Sum: 0.4]
      [Code Root Scanning (ms): Min: 0.1, Avg: 0.1, Max: 0.1, Diff: 0.0, Sum: 0.2]
      [Object Copy (ms): Min: 28.8, Avg: 28.8, Max: 28.8, Diff: 0.0, Sum: 57.6]
      [Termination (ms): Min: 0.0, Avg: 0.0, Max: 0.0, Diff: 0.0, Sum: 0.0]
      [GC Worker Other (ms): Min: 0.0, Avg: 0.0, Max: 0.0, Diff: 0.0, Sum: 0.1]
      [GC Worker Total (ms): Min: 29.5, Avg: 29.5, Max: 29.5, Diff: 0.0, Sum: 59.0]
      [GC Worker End (ms): Min: 80087.7, Avg: 80087.7, Max: 80087.7, Diff: 0.0]
   [Code Root Fixup: 0.0 ms]
   [Code Root Migration: 0.0 ms]
   [Clear CT: 0.2 ms]
   [Other: 0.4 ms]
      [Choose CSet: 0.0 ms]
      [Ref Proc: 0.0 ms]
      [Ref Enq: 0.0 ms]
      [Free CSet: 0.2 ms]
   [Eden: 114.0M(114.0M)->0.0B(134.0M) Survivors: 17.0M->17.0M Heap: 303.6M(512.0M)->220.1M(512.0M)]
 [Times: user=0.06 sys=0.00, real=0.03 secs] 
2014-07-10T12:29:27.013+0200: 80.185: [GC pause (G1 Evacuation Pause) (young), 0.0313703 secs]
   [Parallel Time: 30.7 ms, GC Workers: 2]
      [GC Worker Start (ms): Min: 80185.2, Avg: 80185.2, Max: 80185.2, Diff: 0.0]
      [Ext Root Scanning (ms): Min: 0.3, Avg: 0.3, Max: 0.3, Diff: 0.0, Sum: 0.6]
      [Update RS (ms): Min: 0.1, Avg: 0.1, Max: 0.1, Diff: 0.0, Sum: 0.1]
         [Processed Buffers: Min: 1, Avg: 1.5, Max: 2, Diff: 1, Sum: 3]
      [Scan RS (ms): Min: 0.2, Avg: 0.2, Max: 0.2, Diff: 0.0, Sum: 0.5]
      [Code Root Scanning (ms): Min: 0.1, Avg: 0.1, Max: 0.1, Diff: 0.0, Sum: 0.2]
      [Object Copy (ms): Min: 29.9, Avg: 29.9, Max: 29.9, Diff: 0.0, Sum: 59.8]
      [Termination (ms): Min: 0.0, Avg: 0.0, Max: 0.0, Diff: 0.0, Sum: 0.0]
      [GC Worker Other (ms): Min: 0.0, Avg: 0.0, Max: 0.0, Diff: 0.0, Sum: 0.1]
      [GC Worker Total (ms): Min: 30.7, Avg: 30.7, Max: 30.7, Diff: 0.0, Sum: 61.3]
      [GC Worker End (ms): Min: 80215.8, Avg: 80215.8, Max: 80215.8, Diff: 0.0]
   [Code Root Fixup: 0.0 ms]
   [Code Root Migration: 0.0 ms]
   [Clear CT: 0.1 ms]
   [Other: 0.5 ms]
      [Choose CSet: 0.0 ms]
      [Ref Proc: 0.1 ms]
      [Ref Enq: 0.0 ms]
      [Free CSet: 0.3 ms]
   [Eden: 134.0M(134.0M)->0.0B(129.0M) Survivors: 17.0M->19.0M Heap: 354.1M(512.0M)->252.5M(512.0M)]
 [Times: user=0.06 sys=0.00, real=0.03 secs] 
2014-07-10T12:29:27.170+0200: 80.342: [GC pause (G1 Evacuation Pause) (young) (initial-mark), 0.0221174 secs]
   [Parallel Time: 21.4 ms, GC Workers: 2]
      [GC Worker Start (ms): Min: 80342.4, Avg: 80342.4, Max: 80342.4, Diff: 0.0]
      [Ext Root Scanning (ms): Min: 0.6, Avg: 0.6, Max: 0.6, Diff: 0.0, Sum: 1.1]
      [Code Root Marking (ms): Min: 0.1, Avg: 0.1, Max: 0.1, Diff: 0.0, Sum: 0.1]
      [Update RS (ms): Min: 0.0, Avg: 0.1, Max: 0.1, Diff: 0.0, Sum: 0.1]
         [Processed Buffers: Min: 2, Avg: 2.0, Max: 2, Diff: 0, Sum: 4]
      [Scan RS (ms): Min: 0.2, Avg: 0.2, Max: 0.2, Diff: 0.0, Sum: 0.4]
      [Code Root Scanning (ms): Min: 0.1, Avg: 0.1, Max: 0.1, Diff: 0.0, Sum: 0.2]
      [Object Copy (ms): Min: 20.3, Avg: 20.3, Max: 20.3, Diff: 0.0, Sum: 40.7]
      [Termination (ms): Min: 0.0, Avg: 0.0, Max: 0.0, Diff: 0.0, Sum: 0.0]
      [GC Worker Other (ms): Min: 0.0, Avg: 0.0, Max: 0.0, Diff: 0.0, Sum: 0.1]
      [GC Worker Total (ms): Min: 21.4, Avg: 21.4, Max: 21.4, Diff: 0.0, Sum: 42.7]
      [GC Worker End (ms): Min: 80363.8, Avg: 80363.8, Max: 80363.8, Diff: 0.0]
   [Code Root Fixup: 0.0 ms]
   [Code Root Migration: 0.0 ms]
   [Clear CT: 0.1 ms]
   [Other: 0.6 ms]
      [Choose CSet: 0.0 ms]
      [Ref Proc: 0.1 ms]
      [Ref Enq: 0.0 ms]
      [Free CSet: 0.3 ms]
   [Eden: 129.0M(129.0M)->0.0B(119.0M) Survivors: 19.0M->19.0M Heap: 381.5M(512.0M)->266.6M(512.0M)]
 [Times: user=0.03 sys=0.00, real=0.02 secs] 
2014-07-10T12:29:27.193+0200: 80.365: [GC concurrent-root-region-scan-start]
2014-07-10T12:29:27.193+0200: 80.365: [GC concurrent-root-region-scan-end, 0.0002698 secs]
2014-07-10T12:29:27.193+0200: 80.365: [GC concurrent-mark-start]
2014-07-10T12:29:27.265+0200: 80.437: [GC pause (G1 Evacuation Pause) (young)2014-07-10T12:29:27.279+0200: 80.451: [GC concurrent-mark-end, 0.0044604 secs]
, 0.0139981 secs]
   [Parallel Time: 13.3 ms, GC Workers: 2]
      [GC Worker Start (ms): Min: 80436.9, Avg: 80436.9, Max: 80437.0, Diff: 0.0]
      [Ext Root Scanning (ms): Min: 0.3, Avg: 0.3, Max: 0.3, Diff: 0.0, Sum: 0.7]
      [SATB Filtering (ms): Min: 0.0, Avg: 0.0, Max: 0.0, Diff: 0.0, Sum: 0.0]
      [Update RS (ms): Min: 0.1, Avg: 0.1, Max: 0.1, Diff: 0.0, Sum: 0.1]
         [Processed Buffers: Min: 1, Avg: 1.5, Max: 2, Diff: 1, Sum: 3]
      [Scan RS (ms): Min: 0.2, Avg: 0.2, Max: 0.3, Diff: 0.0, Sum: 0.5]
      [Code Root Scanning (ms): Min: 0.1, Avg: 0.1, Max: 0.1, Diff: 0.0, Sum: 0.2]
      [Object Copy (ms): Min: 12.6, Avg: 12.6, Max: 12.6, Diff: 0.0, Sum: 25.1]
      [Termination (ms): Min: 0.0, Avg: 0.0, Max: 0.0, Diff: 0.0, Sum: 0.0]
      [GC Worker Other (ms): Min: 0.0, Avg: 0.0, Max: 0.0, Diff: 0.0, Sum: 0.1]
      [GC Worker Total (ms): Min: 13.3, Avg: 13.3, Max: 13.3, Diff: 0.0, Sum: 26.7]
      [GC Worker End (ms): Min: 80450.3, Avg: 80450.3, Max: 80450.3, Diff: 0.0]
   [Code Root Fixup: 0.0 ms]
   [Code Root Migration: 0.0 ms]
   [Clear CT: 0.2 ms]
   [Other: 0.4 ms]
      [Choose CSet: 0.0 ms]
      [Ref Proc: 0.1 ms]
      [Ref Enq: 0.0 ms]
      [Free CSet: 0.2 ms]
   [Eden: 119.0M(119.0M)->0.0B(125.0M) Survivors: 19.0M->18.0M Heap: 385.6M(512.0M)->267.7M(512.0M)]
 [Times: user=0.03 sys=0.00, real=0.01 secs] 
2014-07-10T12:29:27.279+0200: 80.451: [GC remark 80.451: [GC ref-proc, 0.0000543 secs], 0.0010401 secs]
 [Times: user=0.00 sys=0.00, real=0.00 secs] 
2014-07-10T12:29:27.359+0200: 80.531: [GC cleanup 319M->146M(512M), 0.0267270 secs]
 [Times: user=0.00 sys=0.00, real=0.03 secs] 
2014-07-10T12:29:27.386+0200: 80.558: [GC concurrent-cleanup-start]
2014-07-10T12:29:27.386+0200: 80.558: [GC concurrent-cleanup-end, 0.0003791 secs]
2014-07-10T12:29:27.433+0200: 80.605: [GC pause (G1 Evacuation Pause) (young), 0.0089948 secs]
   [Parallel Time: 8.4 ms, GC Workers: 2]
      [GC Worker Start (ms): Min: 80604.8, Avg: 80604.8, Max: 80604.8, Diff: 0.0]
      [Ext Root Scanning (ms): Min: 0.3, Avg: 0.3, Max: 0.3, Diff: 0.0, Sum: 0.5]
      [Update RS (ms): Min: 0.0, Avg: 0.1, Max: 0.1, Diff: 0.1, Sum: 0.1]
         [Processed Buffers: Min: 1, Avg: 1.5, Max: 2, Diff: 1, Sum: 3]
      [Scan RS (ms): Min: 0.2, Avg: 0.2, Max: 0.2, Diff: 0.0, Sum: 0.4]
      [Code Root Scanning (ms): Min: 0.1, Avg: 0.1, Max: 0.1, Diff: 0.0, Sum: 0.2]
      [Object Copy (ms): Min: 7.7, Avg: 7.7, Max: 7.7, Diff: 0.0, Sum: 15.4]
      [Termination (ms): Min: 0.0, Avg: 0.0, Max: 0.0, Diff: 0.0, Sum: 0.0]
      [GC Worker Other (ms): Min: 0.0, Avg: 0.0, Max: 0.0, Diff: 0.0, Sum: 0.1]
      [GC Worker Total (ms): Min: 8.4, Avg: 8.4, Max: 8.4, Diff: 0.0, Sum: 16.7]
      [GC Worker End (ms): Min: 80613.2, Avg: 80613.2, Max: 80613.2, Diff: 0.0]
   [Code Root Fixup: 0.0 ms]
   [Code Root Migration: 0.0 ms]
   [Clear CT: 0.1 ms]
   [Other: 0.5 ms]
      [Choose CSet: 0.0 ms]
      [Ref Proc: 0.0 ms]
      [Ref Enq: 0.0 ms]
      [Free CSet: 0.3 ms]
   [Eden: 125.0M(125.0M)->0.0B(113.0M) Survivors: 18.0M->13.0M Heap: 219.7M(512.0M)->89.5M(512.0M)]
 [Times: user=0.00 sys=0.00, real=0.01 secs] 
2014-07-10T12:29:27.501+0200: 80.673: [GC pause (G1 Evacuation Pause) (mixed), 0.0386104 secs]
   [Parallel Time: 37.9 ms, GC Workers: 2]
      [GC Worker Start (ms): Min: 80672.8, Avg: 80672.8, Max: 80672.8, Diff: 0.0]
      [Ext Root Scanning (ms): Min: 0.4, Avg: 0.4, Max: 0.4, Diff: 0.0, Sum: 0.7]
      [Update RS (ms): Min: 0.0, Avg: 0.0, Max: 0.0, Diff: 0.0, Sum: 0.1]
         [Processed Buffers: Min: 1, Avg: 1.5, Max: 2, Diff: 1, Sum: 3]
      [Scan RS (ms): Min: 0.2, Avg: 0.2, Max: 0.3, Diff: 0.0, Sum: 0.5]
      [Code Root Scanning (ms): Min: 0.1, Avg: 0.1, Max: 0.1, Diff: 0.0, Sum: 0.2]
      [Object Copy (ms): Min: 37.1, Avg: 37.1, Max: 37.1, Diff: 0.0, Sum: 74.2]
      [Termination (ms): Min: 0.0, Avg: 0.0, Max: 0.0, Diff: 0.0, Sum: 0.0]
      [GC Worker Other (ms): Min: 0.0, Avg: 0.0, Max: 0.0, Diff: 0.0, Sum: 0.1]
      [GC Worker Total (ms): Min: 37.9, Avg: 37.9, Max: 37.9, Diff: 0.0, Sum: 75.7]
      [GC Worker End (ms): Min: 80710.6, Avg: 80710.6, Max: 80710.7, Diff: 0.0]
   [Code Root Fixup: 0.0 ms]
   [Code Root Migration: 0.0 ms]
   [Clear CT: 0.2 ms]
   [Other: 0.5 ms]
      [Choose CSet: 0.0 ms]
      [Ref Proc: 0.1 ms]
      [Ref Enq: 0.0 ms]
      [Free CSet: 0.2 ms]
   [Eden: 113.0M(113.0M)->0.0B(131.0M) Survivors: 13.0M->16.0M Heap: 202.5M(512.0M)->128.7M(512.0M)]
 [Times: user=0.09 sys=0.00, real=0.04 secs] 
2014-07-10T12:29:27.613+0200: 80.785: [GC pause (G1 Evacuation Pause) (young), 0.0322891 secs]
   [Parallel Time: 31.6 ms, GC Workers: 2]
      [GC Worker Start (ms): Min: 80784.7, Avg: 80784.7, Max: 80784.7, Diff: 0.0]
      [Ext Root Scanning (ms): Min: 0.3, Avg: 0.3, Max: 0.3, Diff: 0.0, Sum: 0.7]
      [Update RS (ms): Min: 0.0, Avg: 0.1, Max: 0.1, Diff: 0.1, Sum: 0.2]
         [Processed Buffers: Min: 1, Avg: 1.5, Max: 2, Diff: 1, Sum: 3]
      [Scan RS (ms): Min: 0.2, Avg: 0.2, Max: 0.3, Diff: 0.1, Sum: 0.5]
      [Code Root Scanning (ms): Min: 0.1, Avg: 0.1, Max: 0.1, Diff: 0.0, Sum: 0.2]
      [Object Copy (ms): Min: 30.8, Avg: 30.8, Max: 30.8, Diff: 0.0, Sum: 61.6]
      [Termination (ms): Min: 0.0, Avg: 0.0, Max: 0.0, Diff: 0.0, Sum: 0.0]
      [GC Worker Other (ms): Min: 0.0, Avg: 0.0, Max: 0.0, Diff: 0.0, Sum: 0.1]
      [GC Worker Total (ms): Min: 31.6, Avg: 31.6, Max: 31.6, Diff: 0.0, Sum: 63.2]
      [GC Worker End (ms): Min: 80816.3, Avg: 80816.3, Max: 80816.3, Diff: 0.0]
   [Code Root Fixup: 0.0 ms]
   [Code Root Migration: 0.0 ms]
   [Clear CT: 0.1 ms]
   [Other: 0.5 ms]
      [Choose CSet: 0.0 ms]
      [Ref Proc: 0.1 ms]
      [Ref Enq: 0.0 ms]
      [Free CSet: 0.3 ms]
   [Eden: 131.0M(131.0M)->0.0B(138.0M) Survivors: 16.0M->19.0M Heap: 259.7M(512.0M)->163.3M(512.0M)]
 [Times: user=0.06 sys=0.00, real=0.03 secs] 
2014-07-10T12:29:27.800+0200: 80.972: [GC pause (G1 Evacuation Pause) (young), 0.0359704 secs]
   [Parallel Time: 35.4 ms, GC Workers: 2]
      [GC Worker Start (ms): Min: 80972.2, Avg: 80972.2, Max: 80972.2, Diff: 0.0]
      [Ext Root Scanning (ms): Min: 0.3, Avg: 0.3, Max: 0.3, Diff: 0.0, Sum: 0.6]
      [Update RS (ms): Min: 0.0, Avg: 0.0, Max: 0.0, Diff: 0.0, Sum: 0.1]
         [Processed Buffers: Min: 1, Avg: 1.5, Max: 2, Diff: 1, Sum: 3]
      [Scan RS (ms): Min: 0.2, Avg: 0.2, Max: 0.3, Diff: 0.0, Sum: 0.5]
      [Code Root Scanning (ms): Min: 0.1, Avg: 0.1, Max: 0.1, Diff: 0.0, Sum: 0.3]
      [Object Copy (ms): Min: 34.6, Avg: 34.6, Max: 34.6, Diff: 0.0, Sum: 69.2]
      [Termination (ms): Min: 0.0, Avg: 0.0, Max: 0.0, Diff: 0.0, Sum: 0.0]
      [GC Worker Other (ms): Min: 0.0, Avg: 0.0, Max: 0.0, Diff: 0.0, Sum: 0.1]
      [GC Worker Total (ms): Min: 35.3, Avg: 35.3, Max: 35.3, Diff: 0.0, Sum: 70.7]
      [GC Worker End (ms): Min: 81007.5, Avg: 81007.5, Max: 81007.5, Diff: 0.0]
   [Code Root Fixup: 0.0 ms]
   [Code Root Migration: 0.0 ms]
   [Clear CT: 0.1 ms]
   [Other: 0.4 ms]
      [Choose CSet: 0.0 ms]
      [Ref Proc: 0.0 ms]
      [Ref Enq: 0.0 ms]
      [Free CSet: 0.3 ms]
   [Eden: 138.0M(138.0M)->0.0B(124.0M) Survivors: 19.0M->20.0M Heap: 301.3M(512.0M)->200.8M(512.0M)]
 [Times: user=0.09 sys=0.00, real=0.04 secs] 
2014-07-10T12:29:27.903+0200: 81.075: [GC pause (G1 Evacuation Pause) (young), 0.0309120 secs]
   [Parallel Time: 30.2 ms, GC Workers: 2]
      [GC Worker Start (ms): Min: 81075.0, Avg: 81075.0, Max: 81075.0, Diff: 0.0]
      [Ext Root Scanning (ms): Min: 0.3, Avg: 0.3, Max: 0.3, Diff: 0.0, Sum: 0.6]
      [Update RS (ms): Min: 0.0, Avg: 0.0, Max: 0.0, Diff: 0.0, Sum: 0.1]
         [Processed Buffers: Min: 1, Avg: 1.5, Max: 2, Diff: 1, Sum: 3]
      [Scan RS (ms): Min: 0.3, Avg: 0.3, Max: 0.3, Diff: 0.0, Sum: 0.5]
      [Code Root Scanning (ms): Min: 0.1, Avg: 0.1, Max: 0.1, Diff: 0.0, Sum: 0.2]
      [Object Copy (ms): Min: 29.5, Avg: 29.5, Max: 29.5, Diff: 0.0, Sum: 58.9]
      [Termination (ms): Min: 0.0, Avg: 0.0, Max: 0.0, Diff: 0.0, Sum: 0.0]
      [GC Worker Other (ms): Min: 0.0, Avg: 0.0, Max: 0.0, Diff: 0.0, Sum: 0.1]
      [GC Worker Total (ms): Min: 30.2, Avg: 30.2, Max: 30.2, Diff: 0.0, Sum: 60.4]
      [GC Worker End (ms): Min: 81105.2, Avg: 81105.2, Max: 81105.2, Diff: 0.0]
   [Code Root Fixup: 0.0 ms]
   [Code Root Migration: 0.0 ms]
   [Clear CT: 0.2 ms]
   [Other: 0.5 ms]
      [Choose CSet: 0.0 ms]
      [Ref Proc: 0.1 ms]
      [Ref Enq: 0.0 ms]
      [Free CSet: 0.3 ms]
   [Eden: 124.0M(124.0M)->0.0B(135.0M) Survivors: 20.0M->18.0M Heap: 324.8M(512.0M)->229.2M(512.0M)]
 [Times: user=0.06 sys=0.00, real=0.03 secs] 
2014-07-10T12:29:28.018+0200: 81.190: [GC pause (G1 Evacuation Pause) (young), 0.0230743 secs]
   [Parallel Time: 22.5 ms, GC Workers: 2]
      [GC Worker Start (ms): Min: 81190.3, Avg: 81190.3, Max: 81190.3, Diff: 0.0]
      [Ext Root Scanning (ms): Min: 0.3, Avg: 0.3, Max: 0.3, Diff: 0.0, Sum: 0.7]
      [Update RS (ms): Min: 0.0, Avg: 0.1, Max: 0.1, Diff: 0.1, Sum: 0.1]
         [Processed Buffers: Min: 2, Avg: 2.0, Max: 2, Diff: 0, Sum: 4]
      [Scan RS (ms): Min: 0.2, Avg: 0.2, Max: 0.3, Diff: 0.0, Sum: 0.5]
      [Code Root Scanning (ms): Min: 0.1, Avg: 0.1, Max: 0.1, Diff: 0.0, Sum: 0.2]
      [Object Copy (ms): Min: 21.7, Avg: 21.7, Max: 21.7, Diff: 0.0, Sum: 43.3]
      [Termination (ms): Min: 0.0, Avg: 0.0, Max: 0.0, Diff: 0.0, Sum: 0.0]
      [GC Worker Other (ms): Min: 0.0, Avg: 0.0, Max: 0.0, Diff: 0.0, Sum: 0.1]
      [GC Worker Total (ms): Min: 22.4, Avg: 22.4, Max: 22.4, Diff: 0.0, Sum: 44.9]
      [GC Worker End (ms): Min: 81212.7, Avg: 81212.7, Max: 81212.7, Diff: 0.0]
   [Code Root Fixup: 0.0 ms]
   [Code Root Migration: 0.0 ms]
   [Clear CT: 0.1 ms]
   [Other: 0.5 ms]
      [Choose CSet: 0.0 ms]
      [Ref Proc: 0.1 ms]
      [Ref Enq: 0.0 ms]
      [Free CSet: 0.3 ms]
   [Eden: 135.0M(135.0M)->0.0B(135.0M) Survivors: 18.0M->20.0M Heap: 364.2M(512.0M)->246.3M(512.0M)]
 [Times: user=0.06 sys=0.00, real=0.02 secs] 
2014-07-10T12:29:28.184+0200: 81.356: [GC pause (G1 Evacuation Pause) (young), 0.0262394 secs]
   [Parallel Time: 25.4 ms, GC Workers: 2]
      [GC Worker Start (ms): Min: 81356.4, Avg: 81356.4, Max: 81356.4, Diff: 0.0]
      [Ext Root Scanning (ms): Min: 0.4, Avg: 0.4, Max: 0.4, Diff: 0.0, Sum: 0.8]
      [Update RS (ms): Min: 0.1, Avg: 0.1, Max: 0.1, Diff: 0.1, Sum: 0.2]
         [Processed Buffers: Min: 1, Avg: 1.5, Max: 2, Diff: 1, Sum: 3]
      [Scan RS (ms): Min: 0.2, Avg: 0.3, Max: 0.3, Diff: 0.1, Sum: 0.5]
      [Code Root Scanning (ms): Min: 0.1, Avg: 0.1, Max: 0.1, Diff: 0.0, Sum: 0.2]
      [Object Copy (ms): Min: 24.4, Avg: 24.4, Max: 24.4, Diff: 0.0, Sum: 48.9]
      [Termination (ms): Min: 0.0, Avg: 0.0, Max: 0.0, Diff: 0.0, Sum: 0.0]
      [GC Worker Other (ms): Min: 0.0, Avg: 0.0, Max: 0.0, Diff: 0.0, Sum: 0.1]
      [GC Worker Total (ms): Min: 25.3, Avg: 25.3, Max: 25.3, Diff: 0.0, Sum: 50.6]
      [GC Worker End (ms): Min: 81381.7, Avg: 81381.7, Max: 81381.7, Diff: 0.0]
   [Code Root Fixup: 0.0 ms]
   [Code Root Migration: 0.0 ms]
   [Clear CT: 0.2 ms]
   [Other: 0.6 ms]
      [Choose CSet: 0.0 ms]
      [Ref Proc: 0.1 ms]
      [Ref Enq: 0.0 ms]
      [Free CSet: 0.3 ms]
   [Eden: 135.0M(135.0M)->0.0B(123.0M) Survivors: 20.0M->20.0M Heap: 381.3M(512.0M)->264.3M(512.0M)]
 [Times: user=0.06 sys=0.00, real=0.03 secs] 
2014-07-10T12:29:28.269+0200: 81.441: [GC pause (G1 Evacuation Pause) (young) (initial-mark), 0.0193945 secs]
   [Parallel Time: 18.7 ms, GC Workers: 2]
      [GC Worker Start (ms): Min: 81441.6, Avg: 81441.6, Max: 81441.6, Diff: 0.0]
      [Ext Root Scanning (ms): Min: 0.4, Avg: 0.4, Max: 0.4, Diff: 0.0, Sum: 0.8]
      [Code Root Marking (ms): Min: 0.1, Avg: 0.1, Max: 0.1, Diff: 0.0, Sum: 0.1]
      [Update RS (ms): Min: 0.0, Avg: 0.1, Max: 0.1, Diff: 0.0, Sum: 0.1]
         [Processed Buffers: Min: 1, Avg: 1.5, Max: 2, Diff: 1, Sum: 3]
      [Scan RS (ms): Min: 0.2, Avg: 0.2, Max: 0.2, Diff: 0.0, Sum: 0.4]
      [Code Root Scanning (ms): Min: 0.1, Avg: 0.1, Max: 0.1, Diff: 0.0, Sum: 0.2]
      [Object Copy (ms): Min: 17.8, Avg: 17.8, Max: 17.8, Diff: 0.0, Sum: 35.6]
      [Termination (ms): Min: 0.0, Avg: 0.0, Max: 0.0, Diff: 0.0, Sum: 0.0]
      [GC Worker Other (ms): Min: 0.0, Avg: 0.0, Max: 0.0, Diff: 0.0, Sum: 0.1]
      [GC Worker Total (ms): Min: 18.6, Avg: 18.6, Max: 18.6, Diff: 0.0, Sum: 37.3]
      [GC Worker End (ms): Min: 81460.2, Avg: 81460.2, Max: 81460.2, Diff: 0.0]
   [Code Root Fixup: 0.0 ms]
   [Code Root Migration: 0.0 ms]
   [Clear CT: 0.1 ms]
   [Other: 0.6 ms]
      [Choose CSet: 0.0 ms]
      [Ref Proc: 0.1 ms]
      [Ref Enq: 0.0 ms]
      [Free CSet: 0.3 ms]
   [Eden: 123.0M(123.0M)->0.0B(142.0M) Survivors: 20.0M->18.0M Heap: 387.3M(512.0M)->273.1M(512.0M)]
 [Times: user=0.06 sys=0.00, real=0.02 secs] 
2014-07-10T12:29:28.289+0200: 81.461: [GC concurrent-root-region-scan-start]
2014-07-10T12:29:28.289+0200: 81.461: [GC concurrent-root-region-scan-end, 0.0002687 secs]
2014-07-10T12:29:28.289+0200: 81.461: [GC concurrent-mark-start]
2014-07-10T12:29:28.369+0200: 81.541: [GC concurrent-mark-end, 0.0059962 secs]
2014-07-10T12:29:28.369+0200: 81.541: [GC remark 81.541: [GC ref-proc, 0.0001554 secs], 0.0032487 secs]
 [Times: user=0.00 sys=0.00, real=0.00 secs] 
2014-07-10T12:29:28.422+0200: 81.595: [GC pause (G1 Evacuation Pause) (young), 0.0255582 secs]
   [Parallel Time: 24.4 ms, GC Workers: 2]
      [GC Worker Start (ms): Min: 81594.6, Avg: 81594.6, Max: 81594.6, Diff: 0.0]
      [Ext Root Scanning (ms): Min: 0.3, Avg: 0.3, Max: 0.3, Diff: 0.0, Sum: 0.6]
      [SATB Filtering (ms): Min: 0.0, Avg: 0.0, Max: 0.0, Diff: 0.0, Sum: 0.0]
      [Update RS (ms): Min: 0.0, Avg: 0.0, Max: 0.0, Diff: 0.0, Sum: 0.1]
         [Processed Buffers: Min: 1, Avg: 1.5, Max: 2, Diff: 1, Sum: 3]
      [Scan RS (ms): Min: 0.2, Avg: 0.2, Max: 0.2, Diff: 0.0, Sum: 0.5]
      [Code Root Scanning (ms): Min: 0.1, Avg: 0.1, Max: 0.1, Diff: 0.0, Sum: 0.2]
      [Object Copy (ms): Min: 23.6, Avg: 23.6, Max: 23.6, Diff: 0.0, Sum: 47.2]
      [Termination (ms): Min: 0.0, Avg: 0.0, Max: 0.0, Diff: 0.0, Sum: 0.0]
      [GC Worker Other (ms): Min: 0.0, Avg: 0.0, Max: 0.0, Diff: 0.0, Sum: 0.1]
      [GC Worker Total (ms): Min: 24.4, Avg: 24.4, Max: 24.4, Diff: 0.0, Sum: 48.8]
      [GC Worker End (ms): Min: 81619.0, Avg: 81619.0, Max: 81619.0, Diff: 0.0]
   [Code Root Fixup: 0.0 ms]
   [Code Root Migration: 0.0 ms]
   [Clear CT: 0.1 ms]
   [Other: 0.9 ms]
      [Choose CSet: 0.0 ms]
      [Ref Proc: 0.5 ms]
      [Ref Enq: 0.0 ms]
      [Free CSet: 0.3 ms]
   [Eden: 142.0M(142.0M)->0.0B(130.0M) Survivors: 18.0M->20.0M Heap: 415.1M(512.0M)->293.8M(512.0M)]
 [Times: user=0.06 sys=0.00, real=0.03 secs] 
2014-07-10T12:29:28.451+0200: 81.623: [GC cleanup 299M->115M(512M), 0.0015545 secs]
 [Times: user=0.00 sys=0.00, real=0.00 secs] 
2014-07-10T12:29:28.452+0200: 81.624: [GC concurrent-cleanup-start]
2014-07-10T12:29:28.453+0200: 81.625: [GC concurrent-cleanup-end, 0.0005910 secs]
2014-07-10T12:29:28.578+0200: 81.750: [GC pause (G1 Evacuation Pause) (young), 0.0211495 secs]
   [Parallel Time: 20.3 ms, GC Workers: 2]
      [GC Worker Start (ms): Min: 81749.9, Avg: 81754.5, Max: 81759.1, Diff: 9.2]
      [Ext Root Scanning (ms): Min: 0.0, Avg: 0.2, Max: 0.4, Diff: 0.4, Sum: 0.4]
      [Update RS (ms): Min: 0.0, Avg: 0.0, Max: 0.1, Diff: 0.1, Sum: 0.1]
         [Processed Buffers: Min: 0, Avg: 2.0, Max: 4, Diff: 4, Sum: 4]
      [Scan RS (ms): Min: 0.0, Avg: 0.3, Max: 0.5, Diff: 0.4, Sum: 0.5]
      [Code Root Scanning (ms): Min: 0.0, Avg: 0.1, Max: 0.2, Diff: 0.2, Sum: 0.2]
      [Object Copy (ms): Min: 11.0, Avg: 15.0, Max: 19.1, Diff: 8.1, Sum: 30.1]
      [Termination (ms): Min: 0.0, Avg: 0.0, Max: 0.0, Diff: 0.0, Sum: 0.0]
      [GC Worker Other (ms): Min: 0.0, Avg: 0.0, Max: 0.0, Diff: 0.0, Sum: 0.1]
      [GC Worker Total (ms): Min: 11.1, Avg: 15.7, Max: 20.3, Diff: 9.2, Sum: 31.4]
      [GC Worker End (ms): Min: 81770.2, Avg: 81770.2, Max: 81770.2, Diff: 0.0]
   [Code Root Fixup: 0.0 ms]
   [Code Root Migration: 0.0 ms]
   [Clear CT: 0.2 ms]
   [Other: 0.6 ms]
      [Choose CSet: 0.0 ms]
      [Ref Proc: 0.1 ms]
      [Ref Enq: 0.0 ms]
      [Free CSet: 0.3 ms]
   [Eden: 130.0M(130.0M)->0.0B(119.0M) Survivors: 20.0M->19.0M Heap: 239.8M(512.0M)->118.3M(512.0M)]
 [Times: user=0.01 sys=0.00, real=0.02 secs] 
2014-07-10T12:29:28.662+0200: 81.834: [GC pause (G1 Evacuation Pause) (mixed), 0.0109944 secs]
   [Parallel Time: 10.4 ms, GC Workers: 2]
      [GC Worker Start (ms): Min: 81834.4, Avg: 81834.5, Max: 81834.5, Diff: 0.1]
      [Ext Root Scanning (ms): Min: 0.3, Avg: 0.3, Max: 0.4, Diff: 0.1, Sum: 0.7]
      [Update RS (ms): Min: 0.0, Avg: 0.0, Max: 0.1, Diff: 0.0, Sum: 0.1]
         [Processed Buffers: Min: 1, Avg: 1.0, Max: 1, Diff: 0, Sum: 2]
      [Scan RS (ms): Min: 0.2, Avg: 0.2, Max: 0.2, Diff: 0.0, Sum: 0.5]
      [Code Root Scanning (ms): Min: 0.1, Avg: 0.1, Max: 0.1, Diff: 0.0, Sum: 0.2]
      [Object Copy (ms): Min: 9.5, Avg: 9.5, Max: 9.6, Diff: 0.0, Sum: 19.1]
      [Termination (ms): Min: 0.0, Avg: 0.0, Max: 0.0, Diff: 0.0, Sum: 0.0]
      [GC Worker Other (ms): Min: 0.0, Avg: 0.0, Max: 0.0, Diff: 0.0, Sum: 0.1]
      [GC Worker Total (ms): Min: 10.2, Avg: 10.3, Max: 10.3, Diff: 0.1, Sum: 20.6]
      [GC Worker End (ms): Min: 81844.8, Avg: 81844.8, Max: 81844.8, Diff: 0.0]
   [Code Root Fixup: 0.0 ms]
   [Code Root Migration: 0.0 ms]
   [Clear CT: 0.1 ms]
   [Other: 0.4 ms]
      [Choose CSet: 0.0 ms]
      [Ref Proc: 0.1 ms]
      [Ref Enq: 0.0 ms]
      [Free CSet: 0.2 ms]
   [Eden: 119.0M(119.0M)->0.0B(133.0M) Survivors: 19.0M->16.0M Heap: 237.3M(512.0M)->106.8M(512.0M)]
 [Times: user=0.00 sys=0.00, real=0.01 secs] 
2014-07-10T12:29:28.823+0200: 81.996: [GC pause (G1 Evacuation Pause) (young), 0.0116851 secs]
   [Parallel Time: 11.0 ms, GC Workers: 2]
      [GC Worker Start (ms): Min: 81995.6, Avg: 81995.6, Max: 81995.6, Diff: 0.0]
      [Ext Root Scanning (ms): Min: 0.4, Avg: 0.4, Max: 0.4, Diff: 0.0, Sum: 0.7]
      [Update RS (ms): Min: 0.0, Avg: 0.1, Max: 0.1, Diff: 0.1, Sum: 0.2]
         [Processed Buffers: Min: 1, Avg: 1.5, Max: 2, Diff: 1, Sum: 3]
      [Scan RS (ms): Min: 0.2, Avg: 0.2, Max: 0.3, Diff: 0.1, Sum: 0.5]
      [Code Root Scanning (ms): Min: 0.1, Avg: 0.1, Max: 0.1, Diff: 0.0, Sum: 0.2]
      [Object Copy (ms): Min: 10.2, Avg: 10.2, Max: 10.2, Diff: 0.0, Sum: 20.3]
      [Termination (ms): Min: 0.0, Avg: 0.0, Max: 0.0, Diff: 0.0, Sum: 0.0]
      [GC Worker Other (ms): Min: 0.0, Avg: 0.0, Max: 0.0, Diff: 0.0, Sum: 0.1]
      [GC Worker Total (ms): Min: 11.0, Avg: 11.0, Max: 11.0, Diff: 0.0, Sum: 22.0]
      [GC Worker End (ms): Min: 82006.6, Avg: 82006.6, Max: 82006.6, Diff: 0.0]
   [Code Root Fixup: 0.0 ms]
   [Code Root Migration: 0.0 ms]
   [Clear CT: 0.1 ms]
   [Other: 0.5 ms]
      [Choose CSet: 0.0 ms]
      [Ref Proc: 0.1 ms]
      [Ref Enq: 0.0 ms]
      [Free CSet: 0.3 ms]
   [Eden: 133.0M(133.0M)->0.0B(120.0M) Survivors: 16.0M->17.0M Heap: 239.8M(512.0M)->107.7M(512.0M)]
 [Times: user=0.03 sys=0.00, real=0.01 secs] 
2014-07-10T12:29:28.958+0200: 82.130: [GC pause (G1 Evacuation Pause) (young), 0.0064017 secs]
   [Parallel Time: 4.9 ms, GC Workers: 2]
      [GC Worker Start (ms): Min: 82130.4, Avg: 82130.5, Max: 82130.5, Diff: 0.0]
      [Ext Root Scanning (ms): Min: 0.5, Avg: 0.5, Max: 0.5, Diff: 0.0, Sum: 1.0]
      [Update RS (ms): Min: 0.0, Avg: 0.0, Max: 0.0, Diff: 0.0, Sum: 0.1]
         [Processed Buffers: Min: 1, Avg: 1.0, Max: 1, Diff: 0, Sum: 2]
      [Scan RS (ms): Min: 0.3, Avg: 0.3, Max: 0.3, Diff: 0.0, Sum: 0.7]
      [Code Root Scanning (ms): Min: 0.1, Avg: 0.1, Max: 0.1, Diff: 0.0, Sum: 0.3]
      [Object Copy (ms): Min: 3.8, Avg: 3.8, Max: 3.8, Diff: 0.0, Sum: 7.6]
      [Termination (ms): Min: 0.0, Avg: 0.0, Max: 0.0, Diff: 0.0, Sum: 0.0]
      [GC Worker Other (ms): Min: 0.0, Avg: 0.0, Max: 0.0, Diff: 0.0, Sum: 0.1]
      [GC Worker Total (ms): Min: 4.9, Avg: 4.9, Max: 4.9, Diff: 0.0, Sum: 9.8]
      [GC Worker End (ms): Min: 82135.3, Avg: 82135.3, Max: 82135.3, Diff: 0.0]
   [Code Root Fixup: 0.0 ms]
   [Code Root Migration: 0.1 ms]
   [Clear CT: 0.4 ms]
   [Other: 1.0 ms]
      [Choose CSet: 0.0 ms]
      [Ref Proc: 0.2 ms]
      [Ref Enq: 0.0 ms]
      [Free CSet: 0.5 ms]
   [Eden: 120.0M(120.0M)->0.0B(110.0M) Survivors: 17.0M->5120.0K Heap: 227.7M(512.0M)->95.6M(512.0M)]
 [Times: user=0.00 sys=0.00, real=0.01 secs] 
2014-07-10T12:29:29.031+0200: 82.203: [GC pause (G1 Evacuation Pause) (young), 0.0312028 secs]
   [Parallel Time: 30.6 ms, GC Workers: 2]
      [GC Worker Start (ms): Min: 82202.8, Avg: 82202.8, Max: 82202.8, Diff: 0.0]
      [Ext Root Scanning (ms): Min: 0.3, Avg: 0.4, Max: 0.4, Diff: 0.0, Sum: 0.7]
      [Update RS (ms): Min: 0.0, Avg: 0.0, Max: 0.0, Diff: 0.0, Sum: 0.0]
         [Processed Buffers: Min: 1, Avg: 1.0, Max: 1, Diff: 0, Sum: 2]
      [Scan RS (ms): Min: 0.2, Avg: 0.2, Max: 0.2, Diff: 0.0, Sum: 0.4]
      [Code Root Scanning (ms): Min: 0.1, Avg: 0.1, Max: 0.1, Diff: 0.0, Sum: 0.2]
      [Object Copy (ms): Min: 29.8, Avg: 29.9, Max: 29.9, Diff: 0.0, Sum: 59.7]
      [Termination (ms): Min: 0.0, Avg: 0.0, Max: 0.0, Diff: 0.0, Sum: 0.0]
      [GC Worker Other (ms): Min: 0.0, Avg: 0.0, Max: 0.0, Diff: 0.0, Sum: 0.1]
      [GC Worker Total (ms): Min: 30.6, Avg: 30.6, Max: 30.6, Diff: 0.0, Sum: 61.1]
      [GC Worker End (ms): Min: 82233.4, Avg: 82233.4, Max: 82233.4, Diff: 0.0]
   [Code Root Fixup: 0.0 ms]
   [Code Root Migration: 0.0 ms]
   [Clear CT: 0.2 ms]
   [Other: 0.4 ms]
      [Choose CSet: 0.0 ms]
      [Ref Proc: 0.1 ms]
      [Ref Enq: 0.0 ms]
      [Free CSet: 0.2 ms]
   [Eden: 110.0M(110.0M)->0.0B(121.0M) Survivors: 5120.0K->15.0M Heap: 205.6M(512.0M)->139.6M(512.0M)]
 [Times: user=0.06 sys=0.00, real=0.03 secs] 
2014-07-10T12:29:29.176+0200: 82.348: [GC pause (G1 Evacuation Pause) (young), 0.0258431 secs]
   [Parallel Time: 24.6 ms, GC Workers: 2]
      [GC Worker Start (ms): Min: 82348.7, Avg: 82348.7, Max: 82348.7, Diff: 0.0]
      [Ext Root Scanning (ms): Min: 0.5, Avg: 0.5, Max: 0.6, Diff: 0.0, Sum: 1.1]
      [Update RS (ms): Min: 0.1, Avg: 0.1, Max: 0.1, Diff: 0.1, Sum: 0.2]
         [Processed Buffers: Min: 1, Avg: 1.5, Max: 2, Diff: 1, Sum: 3]
      [Scan RS (ms): Min: 0.3, Avg: 0.4, Max: 0.4, Diff: 0.0, Sum: 0.7]
      [Code Root Scanning (ms): Min: 0.1, Avg: 0.2, Max: 0.2, Diff: 0.1, Sum: 0.3]
      [Object Copy (ms): Min: 23.3, Avg: 23.3, Max: 23.3, Diff: 0.0, Sum: 46.6]
      [Termination (ms): Min: 0.0, Avg: 0.0, Max: 0.0, Diff: 0.0, Sum: 0.0]
      [GC Worker Other (ms): Min: 0.0, Avg: 0.0, Max: 0.0, Diff: 0.0, Sum: 0.1]
      [GC Worker Total (ms): Min: 24.5, Avg: 24.5, Max: 24.6, Diff: 0.0, Sum: 49.1]
      [GC Worker End (ms): Min: 82373.2, Avg: 82373.2, Max: 82373.2, Diff: 0.0]
   [Code Root Fixup: 0.0 ms]
   [Code Root Migration: 0.0 ms]
   [Clear CT: 0.1 ms]
   [Other: 1.1 ms]
      [Choose CSet: 0.0 ms]
      [Ref Proc: 0.4 ms]
      [Ref Enq: 0.0 ms]
      [Free CSet: 0.3 ms]
   [Eden: 121.0M(121.0M)->0.0B(113.0M) Survivors: 15.0M->17.0M Heap: 260.6M(512.0M)->148.4M(512.0M)]
 [Times: user=0.05 sys=0.00, real=0.03 secs] 
2014-07-10T12:29:29.258+0200: 82.430: [GC pause (G1 Evacuation Pause) (young), 0.0042301 secs]
   [Parallel Time: 3.7 ms, GC Workers: 2]
      [GC Worker Start (ms): Min: 82430.1, Avg: 82430.1, Max: 82430.1, Diff: 0.0]
      [Ext Root Scanning (ms): Min: 0.3, Avg: 0.3, Max: 0.3, Diff: 0.0, Sum: 0.6]
      [Update RS (ms): Min: 0.1, Avg: 0.1, Max: 0.1, Diff: 0.0, Sum: 0.1]
         [Processed Buffers: Min: 1, Avg: 1.5, Max: 2, Diff: 1, Sum: 3]
      [Scan RS (ms): Min: 0.2, Avg: 0.2, Max: 0.2, Diff: 0.0, Sum: 0.4]
      [Code Root Scanning (ms): Min: 0.1, Avg: 0.1, Max: 0.1, Diff: 0.0, Sum: 0.2]
      [Object Copy (ms): Min: 2.9, Avg: 2.9, Max: 2.9, Diff: 0.0, Sum: 5.8]
      [Termination (ms): Min: 0.0, Avg: 0.0, Max: 0.0, Diff: 0.0, Sum: 0.0]
      [GC Worker Other (ms): Min: 0.0, Avg: 0.0, Max: 0.0, Diff: 0.0, Sum: 0.1]
      [GC Worker Total (ms): Min: 3.6, Avg: 3.6, Max: 3.6, Diff: 0.0, Sum: 7.2]
      [GC Worker End (ms): Min: 82433.7, Avg: 82433.7, Max: 82433.7, Diff: 0.0]
   [Code Root Fixup: 0.0 ms]
   [Code Root Migration: 0.0 ms]
   [Clear CT: 0.1 ms]
   [Other: 0.4 ms]
      [Choose CSet: 0.0 ms]
      [Ref Proc: 0.1 ms]
      [Ref Enq: 0.0 ms]
      [Free CSet: 0.3 ms]
   [Eden: 113.0M(113.0M)->0.0B(135.0M) Survivors: 17.0M->5120.0K Heap: 261.4M(512.0M)->136.1M(512.0M)]
 [Times: user=0.00 sys=0.00, real=0.00 secs] 
2014-07-10T12:29:29.402+0200: 82.574: [GC pause (G1 Evacuation Pause) (young), 0.0065182 secs]
   [Parallel Time: 5.9 ms, GC Workers: 2]
      [GC Worker Start (ms): Min: 82574.5, Avg: 82574.5, Max: 82574.5, Diff: 0.0]
      [Ext Root Scanning (ms): Min: 0.4, Avg: 0.4, Max: 0.4, Diff: 0.0, Sum: 0.7]
      [Update RS (ms): Min: 0.1, Avg: 0.1, Max: 0.1, Diff: 0.0, Sum: 0.1]
         [Processed Buffers: Min: 1, Avg: 1.5, Max: 2, Diff: 1, Sum: 3]
      [Scan RS (ms): Min: 0.2, Avg: 0.2, Max: 0.3, Diff: 0.0, Sum: 0.5]
      [Code Root Scanning (ms): Min: 0.1, Avg: 0.1, Max: 0.1, Diff: 0.0, Sum: 0.2]
      [Object Copy (ms): Min: 5.1, Avg: 5.1, Max: 5.1, Diff: 0.0, Sum: 10.1]
      [Termination (ms): Min: 0.0, Avg: 0.0, Max: 0.0, Diff: 0.0, Sum: 0.0]
      [GC Worker Other (ms): Min: 0.0, Avg: 0.0, Max: 0.0, Diff: 0.0, Sum: 0.1]
      [GC Worker Total (ms): Min: 5.9, Avg: 5.9, Max: 5.9, Diff: 0.0, Sum: 11.7]
      [GC Worker End (ms): Min: 82580.4, Avg: 82580.4, Max: 82580.4, Diff: 0.0]
   [Code Root Fixup: 0.0 ms]
   [Code Root Migration: 0.0 ms]
   [Clear CT: 0.1 ms]
   [Other: 0.5 ms]
      [Choose CSet: 0.0 ms]
      [Ref Proc: 0.1 ms]
      [Ref Enq: 0.0 ms]
      [Free CSet: 0.2 ms]
   [Eden: 135.0M(135.0M)->0.0B(211.0M) Survivors: 5120.0K->8192.0K Heap: 271.1M(512.0M)->139.0M(512.0M)]
 [Times: user=0.00 sys=0.00, real=0.01 secs] 
2014-07-10T12:29:29.611+0200: 82.783: [GC pause (G1 Evacuation Pause) (young), 0.0105519 secs]
   [Parallel Time: 6.8 ms, GC Workers: 2]
      [GC Worker Start (ms): Min: 82782.9, Avg: 82785.1, Max: 82787.3, Diff: 4.4]
      [Ext Root Scanning (ms): Min: 0.0, Avg: 0.2, Max: 0.4, Diff: 0.4, Sum: 0.4]
      [Update RS (ms): Min: 0.0, Avg: 0.0, Max: 0.1, Diff: 0.1, Sum: 0.1]
         [Processed Buffers: Min: 0, Avg: 1.5, Max: 3, Diff: 3, Sum: 3]
      [Scan RS (ms): Min: 0.1, Avg: 0.3, Max: 0.6, Diff: 0.6, Sum: 0.7]
      [Code Root Scanning (ms): Min: 0.0, Avg: 0.1, Max: 0.3, Diff: 0.3, Sum: 0.3]
      [Object Copy (ms): Min: 2.1, Avg: 3.7, Max: 5.3, Diff: 3.2, Sum: 7.4]
      [Termination (ms): Min: 0.0, Avg: 0.0, Max: 0.0, Diff: 0.0, Sum: 0.0]
      [GC Worker Other (ms): Min: 0.0, Avg: 0.0, Max: 0.0, Diff: 0.0, Sum: 0.1]
      [GC Worker Total (ms): Min: 2.2, Avg: 4.5, Max: 6.7, Diff: 4.4, Sum: 8.9]
      [GC Worker End (ms): Min: 82789.5, Avg: 82789.5, Max: 82789.5, Diff: 0.0]
   [Code Root Fixup: 0.0 ms]
   [Code Root Migration: 0.0 ms]
   [Clear CT: 0.1 ms]
   [Other: 3.6 ms]
      [Choose CSet: 0.0 ms]
      [Ref Proc: 3.2 ms]
      [Ref Enq: 0.0 ms]
      [Free CSet: 0.3 ms]
   [Eden: 211.0M(211.0M)->0.0B(298.0M) Survivors: 8192.0K->9216.0K Heap: 350.0M(512.0M)->139.7M(512.0M)]
 [Times: user=0.02 sys=0.00, real=0.01 secs] 
2014-07-10T12:29:29.887+0200: 83.059: [GC pause (G1 Evacuation Pause) (young), 0.0300673 secs]
   [Parallel Time: 28.7 ms, GC Workers: 2]
      [GC Worker Start (ms): Min: 83059.2, Avg: 83059.2, Max: 83059.2, Diff: 0.0]
      [Ext Root Scanning (ms): Min: 0.6, Avg: 0.6, Max: 0.6, Diff: 0.0, Sum: 1.2]
      [Update RS (ms): Min: 0.0, Avg: 0.1, Max: 0.1, Diff: 0.1, Sum: 0.1]
         [Processed Buffers: Min: 1, Avg: 1.0, Max: 1, Diff: 0, Sum: 2]
      [Scan RS (ms): Min: 1.1, Avg: 1.1, Max: 1.1, Diff: 0.1, Sum: 2.2]
      [Code Root Scanning (ms): Min: 0.3, Avg: 0.3, Max: 0.3, Diff: 0.0, Sum: 0.6]
      [Object Copy (ms): Min: 26.5, Avg: 26.5, Max: 26.5, Diff: 0.0, Sum: 53.0]
      [Termination (ms): Min: 0.0, Avg: 0.0, Max: 0.0, Diff: 0.0, Sum: 0.0]
      [GC Worker Other (ms): Min: 0.0, Avg: 0.0, Max: 0.0, Diff: 0.0, Sum: 0.1]
      [GC Worker Total (ms): Min: 28.6, Avg: 28.7, Max: 28.7, Diff: 0.0, Sum: 57.3]
      [GC Worker End (ms): Min: 83087.9, Avg: 83087.9, Max: 83087.9, Diff: 0.0]
   [Code Root Fixup: 0.0 ms]
   [Code Root Migration: 0.1 ms]
   [Clear CT: 0.2 ms]
   [Other: 1.0 ms]
      [Choose CSet: 0.0 ms]
      [Ref Proc: 0.3 ms]
      [Ref Enq: 0.0 ms]
      [Free CSet: 0.5 ms]
   [Eden: 298.0M(298.0M)->0.0B(108.0M) Survivors: 9216.0K->39.0M Heap: 437.7M(512.0M)->173.5M(512.0M)]
 [Times: user=0.05 sys=0.00, real=0.03 secs] 
2014-07-10T12:29:29.995+0200: 83.167: [GC pause (G1 Evacuation Pause) (young), 0.0097948 secs]
   [Parallel Time: 9.3 ms, GC Workers: 2]
      [GC Worker Start (ms): Min: 83167.1, Avg: 83167.2, Max: 83167.2, Diff: 0.0]
      [Ext Root Scanning (ms): Min: 0.3, Avg: 0.3, Max: 0.3, Diff: 0.0, Sum: 0.6]
      [Update RS (ms): Min: 0.1, Avg: 0.1, Max: 0.1, Diff: 0.0, Sum: 0.1]
         [Processed Buffers: Min: 1, Avg: 1.5, Max: 2, Diff: 1, Sum: 3]
      [Scan RS (ms): Min: 0.2, Avg: 0.2, Max: 0.2, Diff: 0.0, Sum: 0.5]
      [Code Root Scanning (ms): Min: 0.1, Avg: 0.1, Max: 0.1, Diff: 0.0, Sum: 0.2]
      [Object Copy (ms): Min: 8.5, Avg: 8.5, Max: 8.5, Diff: 0.0, Sum: 16.9]
      [Termination (ms): Min: 0.0, Avg: 0.0, Max: 0.0, Diff: 0.0, Sum: 0.0]
      [GC Worker Other (ms): Min: 0.0, Avg: 0.0, Max: 0.0, Diff: 0.0, Sum: 0.1]
      [GC Worker Total (ms): Min: 9.2, Avg: 9.2, Max: 9.2, Diff: 0.0, Sum: 18.4]
      [GC Worker End (ms): Min: 83176.4, Avg: 83176.4, Max: 83176.4, Diff: 0.0]
   [Code Root Fixup: 0.0 ms]
   [Code Root Migration: 0.0 ms]
   [Clear CT: 0.1 ms]
   [Other: 0.4 ms]
      [Choose CSet: 0.0 ms]
      [Ref Proc: 0.0 ms]
      [Ref Enq: 0.0 ms]
      [Free CSet: 0.2 ms]
   [Eden: 108.0M(108.0M)->0.0B(111.0M) Survivors: 39.0M->14.0M Heap: 281.5M(512.0M)->148.4M(512.0M)]
 [Times: user=0.03 sys=0.00, real=0.01 secs] 
2014-07-10T12:29:30.079+0200: 83.251: [GC pause (G1 Evacuation Pause) (young), 0.0329593 secs]
   [Parallel Time: 32.1 ms, GC Workers: 2]
      [GC Worker Start (ms): Min: 83251.4, Avg: 83251.4, Max: 83251.4, Diff: 0.0]
      [Ext Root Scanning (ms): Min: 0.4, Avg: 0.4, Max: 0.4, Diff: 0.0, Sum: 0.7]
      [Update RS (ms): Min: 0.1, Avg: 0.1, Max: 0.1, Diff: 0.0, Sum: 0.1]
         [Processed Buffers: Min: 1, Avg: 1.5, Max: 2, Diff: 1, Sum: 3]
      [Scan RS (ms): Min: 0.2, Avg: 0.2, Max: 0.2, Diff: 0.0, Sum: 0.4]
      [Code Root Scanning (ms): Min: 0.1, Avg: 0.1, Max: 0.1, Diff: 0.0, Sum: 0.2]
      [Object Copy (ms): Min: 31.3, Avg: 31.3, Max: 31.3, Diff: 0.0, Sum: 62.6]
      [Termination (ms): Min: 0.0, Avg: 0.0, Max: 0.0, Diff: 0.0, Sum: 0.0]
      [GC Worker Other (ms): Min: 0.0, Avg: 0.0, Max: 0.0, Diff: 0.0, Sum: 0.1]
      [GC Worker Total (ms): Min: 32.0, Avg: 32.0, Max: 32.1, Diff: 0.0, Sum: 64.1]
      [GC Worker End (ms): Min: 83283.4, Avg: 83283.4, Max: 83283.4, Diff: 0.0]
   [Code Root Fixup: 0.0 ms]
   [Code Root Migration: 0.0 ms]
   [Clear CT: 0.4 ms]
   [Other: 0.4 ms]
      [Choose CSet: 0.0 ms]
      [Ref Proc: 0.1 ms]
      [Ref Enq: 0.0 ms]
      [Free CSet: 0.2 ms]
   [Eden: 111.0M(111.0M)->0.0B(116.0M) Survivors: 14.0M->16.0M Heap: 259.4M(512.0M)->185.3M(512.0M)]
 [Times: user=0.06 sys=0.00, real=0.03 secs] 
2014-07-10T12:29:30.219+0200: 83.392: [GC pause (G1 Evacuation Pause) (young), 0.0228950 secs]
   [Parallel Time: 22.3 ms, GC Workers: 2]
      [GC Worker Start (ms): Min: 83391.7, Avg: 83391.7, Max: 83391.7, Diff: 0.0]
      [Ext Root Scanning (ms): Min: 0.4, Avg: 0.4, Max: 0.4, Diff: 0.0, Sum: 0.7]
      [Update RS (ms): Min: 0.1, Avg: 0.1, Max: 0.1, Diff: 0.0, Sum: 0.1]
         [Processed Buffers: Min: 1, Avg: 1.5, Max: 2, Diff: 1, Sum: 3]
      [Scan RS (ms): Min: 0.2, Avg: 0.2, Max: 0.2, Diff: 0.0, Sum: 0.5]
      [Code Root Scanning (ms): Min: 0.1, Avg: 0.1, Max: 0.1, Diff: 0.0, Sum: 0.2]
      [Object Copy (ms): Min: 21.4, Avg: 21.4, Max: 21.4, Diff: 0.0, Sum: 42.9]
      [Termination (ms): Min: 0.0, Avg: 0.0, Max: 0.0, Diff: 0.0, Sum: 0.0]
      [GC Worker Other (ms): Min: 0.0, Avg: 0.0, Max: 0.0, Diff: 0.0, Sum: 0.1]
      [GC Worker Total (ms): Min: 22.2, Avg: 22.2, Max: 22.2, Diff: 0.0, Sum: 44.5]
      [GC Worker End (ms): Min: 83413.9, Avg: 83413.9, Max: 83413.9, Diff: 0.0]
   [Code Root Fixup: 0.0 ms]
   [Code Root Migration: 0.0 ms]
   [Clear CT: 0.1 ms]
   [Other: 0.5 ms]
      [Choose CSet: 0.0 ms]
      [Ref Proc: 0.1 ms]
      [Ref Enq: 0.0 ms]
      [Free CSet: 0.2 ms]
   [Eden: 116.0M(116.0M)->0.0B(109.0M) Survivors: 16.0M->17.0M Heap: 301.3M(512.0M)->203.9M(512.0M)]
 [Times: user=0.06 sys=0.00, real=0.02 secs] 
2014-07-10T12:29:30.363+0200: 83.536: [GC pause (G1 Evacuation Pause) (young), 0.0145231 secs]
   [Parallel Time: 13.2 ms, GC Workers: 2]
      [GC Worker Start (ms): Min: 83535.8, Avg: 83535.9, Max: 83536.0, Diff: 0.1]
      [Ext Root Scanning (ms): Min: 0.5, Avg: 0.6, Max: 0.7, Diff: 0.1, Sum: 1.2]
      [Update RS (ms): Min: 0.0, Avg: 0.1, Max: 0.1, Diff: 0.1, Sum: 0.1]
         [Processed Buffers: Min: 1, Avg: 1.0, Max: 1, Diff: 0, Sum: 2]
      [Scan RS (ms): Min: 0.4, Avg: 0.4, Max: 0.4, Diff: 0.0, Sum: 0.7]
      [Code Root Scanning (ms): Min: 0.1, Avg: 0.1, Max: 0.1, Diff: 0.0, Sum: 0.2]
      [Object Copy (ms): Min: 11.9, Avg: 11.9, Max: 11.9, Diff: 0.0, Sum: 23.7]
      [Termination (ms): Min: 0.0, Avg: 0.0, Max: 0.0, Diff: 0.0, Sum: 0.0]
      [GC Worker Other (ms): Min: 0.0, Avg: 0.0, Max: 0.1, Diff: 0.0, Sum: 0.1]
      [GC Worker Total (ms): Min: 13.0, Avg: 13.1, Max: 13.2, Diff: 0.1, Sum: 26.2]
      [GC Worker End (ms): Min: 83549.0, Avg: 83549.0, Max: 83549.0, Diff: 0.0]
   [Code Root Fixup: 0.0 ms]
   [Code Root Migration: 0.3 ms]
   [Clear CT: 0.2 ms]
   [Other: 0.8 ms]
      [Choose CSet: 0.0 ms]
      [Ref Proc: 0.1 ms]
      [Ref Enq: 0.0 ms]
      [Free CSet: 0.5 ms]
   [Eden: 109.0M(109.0M)->0.0B(101.0M) Survivors: 17.0M->12.0M Heap: 312.9M(512.0M)->198.3M(512.0M)]
 [Times: user=0.01 sys=0.00, real=0.02 secs] 
2014-07-10T12:29:30.439+0200: 83.611: [GC pause (G1 Evacuation Pause) (young), 0.0298455 secs]
   [Parallel Time: 29.2 ms, GC Workers: 2]
      [GC Worker Start (ms): Min: 83611.1, Avg: 83611.1, Max: 83611.2, Diff: 0.2]
      [Ext Root Scanning (ms): Min: 0.2, Avg: 0.3, Max: 0.4, Diff: 0.2, Sum: 0.7]
      [Update RS (ms): Min: 0.0, Avg: 0.0, Max: 0.0, Diff: 0.0, Sum: 0.1]
         [Processed Buffers: Min: 1, Avg: 1.0, Max: 1, Diff: 0, Sum: 2]
      [Scan RS (ms): Min: 0.2, Avg: 0.2, Max: 0.2, Diff: 0.0, Sum: 0.4]
      [Code Root Scanning (ms): Min: 0.1, Avg: 0.1, Max: 0.1, Diff: 0.0, Sum: 0.2]
      [Object Copy (ms): Min: 28.4, Avg: 28.4, Max: 28.4, Diff: 0.0, Sum: 56.8]
      [Termination (ms): Min: 0.0, Avg: 0.0, Max: 0.0, Diff: 0.0, Sum: 0.0]
      [GC Worker Other (ms): Min: 0.0, Avg: 0.0, Max: 0.0, Diff: 0.0, Sum: 0.1]
      [GC Worker Total (ms): Min: 29.0, Avg: 29.1, Max: 29.1, Diff: 0.2, Sum: 58.1]
      [GC Worker End (ms): Min: 83640.2, Avg: 83640.2, Max: 83640.2, Diff: 0.0]
   [Code Root Fixup: 0.0 ms]
   [Code Root Migration: 0.0 ms]
   [Clear CT: 0.1 ms]
   [Other: 0.5 ms]
      [Choose CSet: 0.0 ms]
      [Ref Proc: 0.1 ms]
      [Ref Enq: 0.0 ms]
      [Free CSet: 0.2 ms]
   [Eden: 101.0M(101.0M)->0.0B(115.0M) Survivors: 12.0M->15.0M Heap: 299.3M(512.0M)->233.3M(512.0M)]
 [Times: user=0.03 sys=0.02, real=0.03 secs] 
2014-07-10T12:29:30.573+0200: 83.745: [GC pause (G1 Evacuation Pause) (young), 0.0182836 secs]
   [Parallel Time: 17.6 ms, GC Workers: 2]
      [GC Worker Start (ms): Min: 83745.0, Avg: 83745.0, Max: 83745.0, Diff: 0.0]
      [Ext Root Scanning (ms): Min: 0.6, Avg: 0.6, Max: 0.6, Diff: 0.0, Sum: 1.2]
      [Update RS (ms): Min: 0.1, Avg: 0.1, Max: 0.1, Diff: 0.0, Sum: 0.1]
         [Processed Buffers: Min: 1, Avg: 1.5, Max: 2, Diff: 1, Sum: 3]
      [Scan RS (ms): Min: 0.4, Avg: 0.4, Max: 0.4, Diff: 0.0, Sum: 0.8]
      [Code Root Scanning (ms): Min: 0.1, Avg: 0.1, Max: 0.2, Diff: 0.0, Sum: 0.3]
      [Object Copy (ms): Min: 16.2, Avg: 16.2, Max: 16.2, Diff: 0.0, Sum: 32.5]
      [Termination (ms): Min: 0.0, Avg: 0.0, Max: 0.0, Diff: 0.0, Sum: 0.0]
      [GC Worker Other (ms): Min: 0.0, Avg: 0.0, Max: 0.0, Diff: 0.0, Sum: 0.1]
      [GC Worker Total (ms): Min: 17.5, Avg: 17.5, Max: 17.5, Diff: 0.0, Sum: 34.9]
      [GC Worker End (ms): Min: 83762.5, Avg: 83762.5, Max: 83762.5, Diff: 0.0]
   [Code Root Fixup: 0.0 ms]
   [Code Root Migration: 0.0 ms]
   [Clear CT: 0.1 ms]
   [Other: 0.5 ms]
      [Choose CSet: 0.0 ms]
      [Ref Proc: 0.1 ms]
      [Ref Enq: 0.0 ms]
      [Free CSet: 0.3 ms]
   [Eden: 115.0M(115.0M)->0.0B(109.0M) Survivors: 15.0M->17.0M Heap: 348.3M(512.0M)->239.5M(512.0M)]
 [Times: user=0.03 sys=0.00, real=0.02 secs] 
2014-07-10T12:29:30.647+0200: 83.819: [GC pause (G1 Evacuation Pause) (young), 0.0405752 secs]
   [Parallel Time: 40.0 ms, GC Workers: 2]
      [GC Worker Start (ms): Min: 83819.1, Avg: 83819.1, Max: 83819.2, Diff: 0.0]
      [Ext Root Scanning (ms): Min: 0.3, Avg: 0.3, Max: 0.3, Diff: 0.0, Sum: 0.7]
      [Update RS (ms): Min: 0.0, Avg: 0.0, Max: 0.0, Diff: 0.0, Sum: 0.1]
         [Processed Buffers: Min: 1, Avg: 1.5, Max: 2, Diff: 1, Sum: 3]
      [Scan RS (ms): Min: 0.2, Avg: 0.2, Max: 0.2, Diff: 0.0, Sum: 0.4]
      [Code Root Scanning (ms): Min: 0.1, Avg: 0.1, Max: 0.1, Diff: 0.0, Sum: 0.2]
      [Object Copy (ms): Min: 39.2, Avg: 39.2, Max: 39.2, Diff: 0.0, Sum: 78.4]
      [Termination (ms): Min: 0.0, Avg: 0.0, Max: 0.1, Diff: 0.1, Sum: 0.1]
      [GC Worker Other (ms): Min: 0.0, Avg: 0.0, Max: 0.0, Diff: 0.0, Sum: 0.1]
      [GC Worker Total (ms): Min: 39.9, Avg: 39.9, Max: 40.0, Diff: 0.0, Sum: 79.9]
      [GC Worker End (ms): Min: 83859.1, Avg: 83859.1, Max: 83859.1, Diff: 0.0]
   [Code Root Fixup: 0.0 ms]
   [Code Root Migration: 0.0 ms]
   [Clear CT: 0.1 ms]
   [Other: 0.4 ms]
      [Choose CSet: 0.0 ms]
      [Ref Proc: 0.1 ms]
      [Ref Enq: 0.0 ms]
      [Free CSet: 0.2 ms]
   [Eden: 109.0M(109.0M)->0.0B(130.0M) Survivors: 17.0M->16.0M Heap: 348.5M(512.0M)->286.7M(512.0M)]
 [Times: user=0.06 sys=0.00, real=0.04 secs] 
2014-07-10T12:29:30.784+0200: 83.957: [GC pause (G1 Evacuation Pause) (young) (initial-mark), 0.0393488 secs]
   [Parallel Time: 38.6 ms, GC Workers: 2]
      [GC Worker Start (ms): Min: 83956.9, Avg: 83956.9, Max: 83956.9, Diff: 0.0]
      [Ext Root Scanning (ms): Min: 0.4, Avg: 0.4, Max: 0.4, Diff: 0.0, Sum: 0.8]
      [Code Root Marking (ms): Min: 0.1, Avg: 0.1, Max: 0.1, Diff: 0.0, Sum: 0.1]
      [Update RS (ms): Min: 0.0, Avg: 0.0, Max: 0.0, Diff: 0.0, Sum: 0.1]
         [Processed Buffers: Min: 1, Avg: 1.5, Max: 2, Diff: 1, Sum: 3]
      [Scan RS (ms): Min: 0.2, Avg: 0.2, Max: 0.2, Diff: 0.0, Sum: 0.4]
      [Code Root Scanning (ms): Min: 0.1, Avg: 0.1, Max: 0.1, Diff: 0.0, Sum: 0.2]
      [Object Copy (ms): Min: 37.7, Avg: 37.7, Max: 37.7, Diff: 0.0, Sum: 75.5]
      [Termination (ms): Min: 0.0, Avg: 0.0, Max: 0.0, Diff: 0.0, Sum: 0.0]
      [GC Worker Other (ms): Min: 0.0, Avg: 0.0, Max: 0.0, Diff: 0.0, Sum: 0.1]
      [GC Worker Total (ms): Min: 38.5, Avg: 38.5, Max: 38.5, Diff: 0.0, Sum: 77.1]
      [GC Worker End (ms): Min: 83995.4, Avg: 83995.4, Max: 83995.4, Diff: 0.0]
   [Code Root Fixup: 0.0 ms]
   [Code Root Migration: 0.0 ms]
   [Clear CT: 0.1 ms]
   [Other: 0.6 ms]
      [Choose CSet: 0.0 ms]
      [Ref Proc: 0.1 ms]
      [Ref Enq: 0.0 ms]
      [Free CSet: 0.3 ms]
   [Eden: 130.0M(130.0M)->0.0B(125.0M) Survivors: 16.0M->19.0M Heap: 416.7M(512.0M)->332.7M(512.0M)]
 [Times: user=0.06 sys=0.00, real=0.04 secs] 
2014-07-10T12:29:30.824+0200: 83.996: [GC concurrent-root-region-scan-start]
2014-07-10T12:29:30.825+0200: 83.997: [GC concurrent-root-region-scan-end, 0.0006053 secs]
2014-07-10T12:29:30.825+0200: 83.997: [GC concurrent-mark-start]
2014-07-10T12:29:30.888+0200: 84.060: [GC pause (G1 Evacuation Pause) (young)2014-07-10T12:29:30.911+0200: 84.083: [GC concurrent-mark-end, 0.0066180 secs]
 (to-space exhausted), 0.0351763 secs]
   [Parallel Time: 34.4 ms, GC Workers: 2]
      [GC Worker Start (ms): Min: 84060.3, Avg: 84060.3, Max: 84060.3, Diff: 0.0]
      [Ext Root Scanning (ms): Min: 0.3, Avg: 0.3, Max: 0.3, Diff: 0.0, Sum: 0.7]
      [SATB Filtering (ms): Min: 0.0, Avg: 0.0, Max: 0.0, Diff: 0.0, Sum: 0.0]
      [Update RS (ms): Min: 0.0, Avg: 0.0, Max: 0.0, Diff: 0.0, Sum: 0.1]
         [Processed Buffers: Min: 1, Avg: 1.0, Max: 1, Diff: 0, Sum: 2]
      [Scan RS (ms): Min: 0.2, Avg: 0.2, Max: 0.2, Diff: 0.0, Sum: 0.5]
      [Code Root Scanning (ms): Min: 0.1, Avg: 0.1, Max: 0.1, Diff: 0.0, Sum: 0.2]
      [Object Copy (ms): Min: 33.4, Avg: 33.5, Max: 33.5, Diff: 0.1, Sum: 67.0]
      [Termination (ms): Min: 0.0, Avg: 0.1, Max: 0.2, Diff: 0.2, Sum: 0.2]
      [GC Worker Other (ms): Min: 0.0, Avg: 0.0, Max: 0.0, Diff: 0.0, Sum: 0.1]
      [GC Worker Total (ms): Min: 34.3, Avg: 34.3, Max: 34.3, Diff: 0.0, Sum: 68.6]
      [GC Worker End (ms): Min: 84094.5, Avg: 84094.6, Max: 84094.6, Diff: 0.0]
   [Code Root Fixup: 0.0 ms]
   [Code Root Migration: 0.0 ms]
   [Clear CT: 0.1 ms]
   [Other: 0.6 ms]
      [Choose CSet: 0.0 ms]
      [Ref Proc: 0.1 ms]
      [Ref Enq: 0.0 ms]
      [Free CSet: 0.3 ms]
   [Eden: 125.0M(125.0M)->0.0B(125.0M) Survivors: 19.0M->18.0M Heap: 457.7M(512.0M)->372.0M(512.0M)]
 [Times: user=0.06 sys=0.00, real=0.04 secs] 
2014-07-10T12:29:30.923+0200: 84.096: [GC remark 84.096: [GC ref-proc, 0.0000719 secs], 0.0012502 secs]
 [Times: user=0.03 sys=0.00, real=0.00 secs] 
2014-07-10T12:29:31.004+0200: 84.176: [GC cleanup 485M->278M(512M), 0.0017704 secs]
 [Times: user=0.00 sys=0.00, real=0.00 secs] 
2014-07-10T12:29:31.006+0200: 84.178: [GC concurrent-cleanup-start]
2014-07-10T12:29:31.006+0200: 84.178: [GC concurrent-cleanup-end, 0.0005983 secs]
2014-07-10T12:29:31.015+0200: 84.188: [GC pause (G1 Evacuation Pause) (young), 0.0306437 secs]
   [Parallel Time: 29.9 ms, GC Workers: 2]
      [GC Worker Start (ms): Min: 84187.9, Avg: 84187.9, Max: 84187.9, Diff: 0.0]
      [Ext Root Scanning (ms): Min: 0.3, Avg: 0.3, Max: 0.3, Diff: 0.0, Sum: 0.6]
      [Update RS (ms): Min: 0.0, Avg: 0.0, Max: 0.0, Diff: 0.0, Sum: 0.1]
         [Processed Buffers: Min: 1, Avg: 1.5, Max: 2, Diff: 1, Sum: 3]
      [Scan RS (ms): Min: 0.2, Avg: 0.2, Max: 0.2, Diff: 0.0, Sum: 0.4]
      [Code Root Scanning (ms): Min: 0.1, Avg: 0.1, Max: 0.1, Diff: 0.0, Sum: 0.2]
      [Object Copy (ms): Min: 29.1, Avg: 29.1, Max: 29.1, Diff: 0.0, Sum: 58.3]
      [Termination (ms): Min: 0.0, Avg: 0.0, Max: 0.0, Diff: 0.0, Sum: 0.0]
      [GC Worker Other (ms): Min: 0.0, Avg: 0.0, Max: 0.0, Diff: 0.0, Sum: 0.1]
      [GC Worker Total (ms): Min: 29.8, Avg: 29.8, Max: 29.8, Diff: 0.0, Sum: 59.7]
      [GC Worker End (ms): Min: 84217.7, Avg: 84217.7, Max: 84217.7, Diff: 0.0]
   [Code Root Fixup: 0.0 ms]
   [Code Root Migration: 0.0 ms]
   [Clear CT: 0.1 ms]
   [Other: 0.6 ms]
      [Choose CSet: 0.0 ms]
      [Ref Proc: 0.3 ms]
      [Ref Enq: 0.0 ms]
      [Free CSet: 0.2 ms]
   [Eden: 125.0M(125.0M)->0.0B(111.0M) Survivors: 18.0M->18.0M Heap: 290.0M(512.0M)->194.8M(512.0M)]
 [Times: user=0.06 sys=0.00, real=0.03 secs] 
2014-07-10T12:29:31.163+0200: 84.336: [GC pause (G1 Evacuation Pause) (mixed), 0.0124407 secs]
   [Parallel Time: 11.2 ms, GC Workers: 2]
      [GC Worker Start (ms): Min: 84335.7, Avg: 84335.7, Max: 84335.7, Diff: 0.0]
      [Ext Root Scanning (ms): Min: 0.6, Avg: 0.6, Max: 0.6, Diff: 0.0, Sum: 1.2]
      [Update RS (ms): Min: 0.1, Avg: 0.1, Max: 0.2, Diff: 0.2, Sum: 0.3]
         [Processed Buffers: Min: 2, Avg: 2.0, Max: 2, Diff: 0, Sum: 4]
      [Scan RS (ms): Min: 0.3, Avg: 0.4, Max: 0.5, Diff: 0.1, Sum: 0.8]
      [Code Root Scanning (ms): Min: 0.1, Avg: 0.1, Max: 0.1, Diff: 0.0, Sum: 0.3]
      [Object Copy (ms): Min: 9.8, Avg: 9.8, Max: 9.8, Diff: 0.0, Sum: 19.7]
      [Termination (ms): Min: 0.0, Avg: 0.0, Max: 0.0, Diff: 0.0, Sum: 0.0]
      [GC Worker Other (ms): Min: 0.0, Avg: 0.0, Max: 0.1, Diff: 0.0, Sum: 0.1]
      [GC Worker Total (ms): Min: 11.2, Avg: 11.2, Max: 11.2, Diff: 0.0, Sum: 22.4]
      [GC Worker End (ms): Min: 84346.9, Avg: 84346.9, Max: 84346.9, Diff: 0.0]
   [Code Root Fixup: 0.0 ms]
   [Code Root Migration: 0.1 ms]
   [Clear CT: 0.2 ms]
   [Other: 0.9 ms]
      [Choose CSet: 0.0 ms]
      [Ref Proc: 0.2 ms]
      [Ref Enq: 0.0 ms]
      [Free CSet: 0.5 ms]
   [Eden: 111.0M(111.0M)->0.0B(103.0M) Survivors: 18.0M->10.0M Heap: 305.8M(512.0M)->178.3M(512.0M)]
 [Times: user=0.03 sys=0.00, real=0.01 secs] 
2014-07-10T12:29:31.229+0200: 84.402: [GC pause (G1 Evacuation Pause) (mixed), 0.0298558 secs]
   [Parallel Time: 29.3 ms, GC Workers: 2]
      [GC Worker Start (ms): Min: 84401.7, Avg: 84401.7, Max: 84401.7, Diff: 0.0]
      [Ext Root Scanning (ms): Min: 0.4, Avg: 0.4, Max: 0.4, Diff: 0.0, Sum: 0.7]
      [Update RS (ms): Min: 0.0, Avg: 0.1, Max: 0.1, Diff: 0.1, Sum: 0.1]
         [Processed Buffers: Min: 1, Avg: 1.5, Max: 2, Diff: 1, Sum: 3]
      [Scan RS (ms): Min: 0.2, Avg: 0.2, Max: 0.2, Diff: 0.1, Sum: 0.4]
      [Code Root Scanning (ms): Min: 0.1, Avg: 0.1, Max: 0.1, Diff: 0.0, Sum: 0.1]
      [Object Copy (ms): Min: 28.5, Avg: 28.5, Max: 28.5, Diff: 0.0, Sum: 57.0]
      [Termination (ms): Min: 0.0, Avg: 0.0, Max: 0.0, Diff: 0.0, Sum: 0.0]
      [GC Worker Other (ms): Min: 0.0, Avg: 0.0, Max: 0.0, Diff: 0.0, Sum: 0.1]
      [GC Worker Total (ms): Min: 29.2, Avg: 29.2, Max: 29.2, Diff: 0.0, Sum: 58.5]
      [GC Worker End (ms): Min: 84431.0, Avg: 84431.0, Max: 84431.0, Diff: 0.0]
   [Code Root Fixup: 0.0 ms]
   [Code Root Migration: 0.0 ms]
   [Clear CT: 0.1 ms]
   [Other: 0.5 ms]
      [Choose CSet: 0.0 ms]
      [Ref Proc: 0.1 ms]
      [Ref Enq: 0.0 ms]
      [Free CSet: 0.2 ms]
   [Eden: 103.0M(103.0M)->0.0B(126.0M) Survivors: 10.0M->15.0M Heap: 281.3M(512.0M)->212.3M(512.0M)]
 [Times: user=0.06 sys=0.00, real=0.03 secs] 
2014-07-10T12:29:31.388+0200: 84.561: [GC pause (G1 Evacuation Pause) (young), 0.0284732 secs]
   [Parallel Time: 27.7 ms, GC Workers: 2]
      [GC Worker Start (ms): Min: 84560.8, Avg: 84560.9, Max: 84560.9, Diff: 0.1]
      [Ext Root Scanning (ms): Min: 0.7, Avg: 0.7, Max: 0.7, Diff: 0.0, Sum: 1.4]
      [Update RS (ms): Min: 0.3, Avg: 0.3, Max: 0.4, Diff: 0.1, Sum: 0.6]
         [Processed Buffers: Min: 1, Avg: 1.5, Max: 2, Diff: 1, Sum: 3]
      [Scan RS (ms): Min: 0.4, Avg: 0.4, Max: 0.4, Diff: 0.0, Sum: 0.8]
      [Code Root Scanning (ms): Min: 0.1, Avg: 0.1, Max: 0.1, Diff: 0.0, Sum: 0.3]
      [Object Copy (ms): Min: 26.0, Avg: 26.0, Max: 26.0, Diff: 0.0, Sum: 51.9]
      [Termination (ms): Min: 0.0, Avg: 0.0, Max: 0.0, Diff: 0.0, Sum: 0.0]
      [GC Worker Other (ms): Min: 0.0, Avg: 0.0, Max: 0.0, Diff: 0.0, Sum: 0.1]
      [GC Worker Total (ms): Min: 27.5, Avg: 27.5, Max: 27.6, Diff: 0.1, Sum: 55.1]
      [GC Worker End (ms): Min: 84588.4, Avg: 84588.4, Max: 84588.4, Diff: 0.0]
   [Code Root Fixup: 0.0 ms]
   [Code Root Migration: 0.0 ms]
   [Clear CT: 0.1 ms]
   [Other: 0.6 ms]
      [Choose CSet: 0.0 ms]
      [Ref Proc: 0.1 ms]
      [Ref Enq: 0.0 ms]
      [Free CSet: 0.3 ms]
   [Eden: 126.0M(126.0M)->0.0B(115.0M) Survivors: 15.0M->18.0M Heap: 338.3M(512.0M)->237.5M(512.0M)]
 [Times: user=0.06 sys=0.00, real=0.03 secs] 
2014-07-10T12:29:31.473+0200: 84.645: [GC pause (G1 Evacuation Pause) (young), 0.0157271 secs]
   [Parallel Time: 15.1 ms, GC Workers: 2]
      [GC Worker Start (ms): Min: 84645.0, Avg: 84645.0, Max: 84645.1, Diff: 0.1]
      [Ext Root Scanning (ms): Min: 0.3, Avg: 0.3, Max: 0.4, Diff: 0.1, Sum: 0.6]
      [Update RS (ms): Min: 0.0, Avg: 0.0, Max: 0.0, Diff: 0.0, Sum: 0.1]
         [Processed Buffers: Min: 1, Avg: 1.5, Max: 2, Diff: 1, Sum: 3]
      [Scan RS (ms): Min: 0.2, Avg: 0.2, Max: 0.2, Diff: 0.0, Sum: 0.4]
      [Code Root Scanning (ms): Min: 0.1, Avg: 0.1, Max: 0.1, Diff: 0.0, Sum: 0.2]
      [Object Copy (ms): Min: 14.2, Avg: 14.2, Max: 14.2, Diff: 0.0, Sum: 28.4]
      [Termination (ms): Min: 0.0, Avg: 0.0, Max: 0.0, Diff: 0.0, Sum: 0.0]
      [GC Worker Other (ms): Min: 0.0, Avg: 0.0, Max: 0.0, Diff: 0.0, Sum: 0.1]
      [GC Worker Total (ms): Min: 14.8, Avg: 14.9, Max: 14.9, Diff: 0.1, Sum: 29.8]
      [GC Worker End (ms): Min: 84659.9, Avg: 84659.9, Max: 84659.9, Diff: 0.0]
   [Code Root Fixup: 0.0 ms]
   [Code Root Migration: 0.0 ms]
   [Clear CT: 0.2 ms]
   [Other: 0.5 ms]
      [Choose CSet: 0.0 ms]
      [Ref Proc: 0.1 ms]
      [Ref Enq: 0.0 ms]
      [Free CSet: 0.2 ms]
   [Eden: 115.0M(115.0M)->0.0B(137.0M) Survivors: 18.0M->17.0M Heap: 352.5M(512.0M)->242.6M(512.0M)]
 [Times: user=0.03 sys=0.00, real=0.02 secs] 
2014-07-10T12:29:31.606+0200: 84.778: [GC pause (G1 Evacuation Pause) (young), 0.0136535 secs]
   [Parallel Time: 13.0 ms, GC Workers: 2]
      [GC Worker Start (ms): Min: 84778.0, Avg: 84778.0, Max: 84778.0, Diff: 0.0]
      [Ext Root Scanning (ms): Min: 0.4, Avg: 0.4, Max: 0.4, Diff: 0.0, Sum: 0.8]
      [Update RS (ms): Min: 0.0, Avg: 0.0, Max: 0.0, Diff: 0.0, Sum: 0.1]
         [Processed Buffers: Min: 2, Avg: 2.0, Max: 2, Diff: 0, Sum: 4]
      [Scan RS (ms): Min: 0.2, Avg: 0.2, Max: 0.2, Diff: 0.0, Sum: 0.4]
      [Code Root Scanning (ms): Min: 0.1, Avg: 0.1, Max: 0.1, Diff: 0.0, Sum: 0.2]
      [Object Copy (ms): Min: 12.2, Avg: 12.2, Max: 12.2, Diff: 0.0, Sum: 24.4]
      [Termination (ms): Min: 0.0, Avg: 0.0, Max: 0.0, Diff: 0.0, Sum: 0.0]
      [GC Worker Other (ms): Min: 0.0, Avg: 0.0, Max: 0.0, Diff: 0.0, Sum: 0.1]
      [GC Worker Total (ms): Min: 13.0, Avg: 13.0, Max: 13.0, Diff: 0.0, Sum: 25.9]
      [GC Worker End (ms): Min: 84791.0, Avg: 84791.0, Max: 84791.0, Diff: 0.0]
   [Code Root Fixup: 0.0 ms]
   [Code Root Migration: 0.0 ms]
   [Clear CT: 0.1 ms]
   [Other: 0.5 ms]
      [Choose CSet: 0.0 ms]
      [Ref Proc: 0.1 ms]
      [Ref Enq: 0.0 ms]
      [Free CSet: 0.3 ms]
   [Eden: 137.0M(137.0M)->0.0B(128.0M) Survivors: 17.0M->20.0M Heap: 379.6M(512.0M)->245.6M(512.0M)]
 [Times: user=0.03 sys=0.00, real=0.01 secs] 
2014-07-10T12:29:31.769+0200: 84.942: [GC pause (G1 Evacuation Pause) (young), 0.0158863 secs]
   [Parallel Time: 14.8 ms, GC Workers: 2]
      [GC Worker Start (ms): Min: 84941.9, Avg: 84941.9, Max: 84942.0, Diff: 0.0]
      [Ext Root Scanning (ms): Min: 0.5, Avg: 0.5, Max: 0.5, Diff: 0.0, Sum: 1.1]
      [Update RS (ms): Min: 0.1, Avg: 0.1, Max: 0.1, Diff: 0.0, Sum: 0.1]
         [Processed Buffers: Min: 1, Avg: 1.5, Max: 2, Diff: 1, Sum: 3]
      [Scan RS (ms): Min: 0.4, Avg: 0.4, Max: 0.4, Diff: 0.0, Sum: 0.8]
      [Code Root Scanning (ms): Min: 0.1, Avg: 0.1, Max: 0.2, Diff: 0.0, Sum: 0.3]
      [Object Copy (ms): Min: 13.6, Avg: 13.6, Max: 13.6, Diff: 0.0, Sum: 27.1]
      [Termination (ms): Min: 0.0, Avg: 0.0, Max: 0.0, Diff: 0.0, Sum: 0.0]
      [GC Worker Other (ms): Min: 0.0, Avg: 0.0, Max: 0.0, Diff: 0.0, Sum: 0.1]
      [GC Worker Total (ms): Min: 14.8, Avg: 14.8, Max: 14.8, Diff: 0.0, Sum: 29.5]
      [GC Worker End (ms): Min: 84956.7, Avg: 84956.7, Max: 84956.7, Diff: 0.0]
   [Code Root Fixup: 0.0 ms]
   [Code Root Migration: 0.0 ms]
   [Clear CT: 0.2 ms]
   [Other: 0.9 ms]
      [Choose CSet: 0.0 ms]
      [Ref Proc: 0.4 ms]
      [Ref Enq: 0.0 ms]
      [Free CSet: 0.3 ms]
   [Eden: 128.0M(128.0M)->0.0B(114.0M) Survivors: 20.0M->16.0M Heap: 373.6M(512.0M)->241.4M(512.0M)]
 [Times: user=0.03 sys=0.00, real=0.02 secs] 
2014-07-10T12:29:31.844+0200: 85.016: [GC pause (G1 Evacuation Pause) (young), 0.0403457 secs]
   [Parallel Time: 39.8 ms, GC Workers: 2]
      [GC Worker Start (ms): Min: 85016.3, Avg: 85016.3, Max: 85016.3, Diff: 0.0]
      [Ext Root Scanning (ms): Min: 0.3, Avg: 0.3, Max: 0.3, Diff: 0.0, Sum: 0.6]
      [Update RS (ms): Min: 0.0, Avg: 0.0, Max: 0.0, Diff: 0.0, Sum: 0.1]
         [Processed Buffers: Min: 1, Avg: 1.5, Max: 2, Diff: 1, Sum: 3]
      [Scan RS (ms): Min: 0.2, Avg: 0.2, Max: 0.3, Diff: 0.0, Sum: 0.5]
      [Code Root Scanning (ms): Min: 0.1, Avg: 0.1, Max: 0.1, Diff: 0.0, Sum: 0.2]
      [Object Copy (ms): Min: 39.1, Avg: 39.1, Max: 39.1, Diff: 0.0, Sum: 78.2]
      [Termination (ms): Min: 0.0, Avg: 0.0, Max: 0.0, Diff: 0.0, Sum: 0.0]
      [GC Worker Other (ms): Min: 0.0, Avg: 0.0, Max: 0.0, Diff: 0.0, Sum: 0.1]
      [GC Worker Total (ms): Min: 39.8, Avg: 39.8, Max: 39.8, Diff: 0.0, Sum: 79.6]
      [GC Worker End (ms): Min: 85056.1, Avg: 85056.1, Max: 85056.1, Diff: 0.0]
   [Code Root Fixup: 0.0 ms]
   [Code Root Migration: 0.0 ms]
   [Clear CT: 0.1 ms]
   [Other: 0.4 ms]
      [Choose CSet: 0.0 ms]
      [Ref Proc: 0.1 ms]
      [Ref Enq: 0.0 ms]
      [Free CSet: 0.2 ms]
   [Eden: 114.0M(114.0M)->0.0B(133.0M) Survivors: 16.0M->17.0M Heap: 355.4M(512.0M)->289.4M(512.0M)]
 [Times: user=0.06 sys=0.00, real=0.04 secs] 
2014-07-10T12:29:32.000+0200: 85.172: [GC pause (G1 Evacuation Pause) (young) (initial-mark), 0.0420314 secs]
   [Parallel Time: 41.3 ms, GC Workers: 2]
      [GC Worker Start (ms): Min: 85172.7, Avg: 85172.7, Max: 85172.7, Diff: 0.0]
      [Ext Root Scanning (ms): Min: 0.4, Avg: 0.4, Max: 0.4, Diff: 0.0, Sum: 0.9]
      [Code Root Marking (ms): Min: 0.1, Avg: 0.1, Max: 0.1, Diff: 0.0, Sum: 0.1]
      [Update RS (ms): Min: 0.0, Avg: 0.0, Max: 0.0, Diff: 0.0, Sum: 0.0]
         [Processed Buffers: Min: 1, Avg: 1.5, Max: 2, Diff: 1, Sum: 3]
      [Scan RS (ms): Min: 0.3, Avg: 0.3, Max: 0.3, Diff: 0.0, Sum: 0.5]
      [Code Root Scanning (ms): Min: 0.1, Avg: 0.1, Max: 0.1, Diff: 0.0, Sum: 0.2]
      [Object Copy (ms): Min: 40.3, Avg: 40.4, Max: 40.4, Diff: 0.0, Sum: 80.7]
      [Termination (ms): Min: 0.0, Avg: 0.0, Max: 0.0, Diff: 0.0, Sum: 0.0]
      [GC Worker Other (ms): Min: 0.0, Avg: 0.0, Max: 0.0, Diff: 0.0, Sum: 0.1]
      [GC Worker Total (ms): Min: 41.3, Avg: 41.3, Max: 41.3, Diff: 0.0, Sum: 82.6]
      [GC Worker End (ms): Min: 85213.9, Avg: 85213.9, Max: 85213.9, Diff: 0.0]
   [Code Root Fixup: 0.0 ms]
   [Code Root Migration: 0.0 ms]
   [Clear CT: 0.1 ms]
   [Other: 0.6 ms]
      [Choose CSet: 0.0 ms]
      [Ref Proc: 0.1 ms]
      [Ref Enq: 0.0 ms]
      [Free CSet: 0.3 ms]
   [Eden: 133.0M(133.0M)->0.0B(124.0M) Survivors: 17.0M->19.0M Heap: 422.4M(512.0M)->337.0M(512.0M)]
 [Times: user=0.06 sys=0.00, real=0.04 secs] 
2014-07-10T12:29:32.042+0200: 85.215: [GC concurrent-root-region-scan-start]
2014-07-10T12:29:32.043+0200: 85.215: [GC concurrent-root-region-scan-end, 0.0006643 secs]
2014-07-10T12:29:32.043+0200: 85.215: [GC concurrent-mark-start]
2014-07-10T12:29:32.103+0200: 85.275: [GC pause (G1 Evacuation Pause) (young), 0.0289598 secs]
   [Parallel Time: 28.3 ms, GC Workers: 2]
      [GC Worker Start (ms): Min: 85275.3, Avg: 85275.3, Max: 85275.3, Diff: 0.0]
      [Ext Root Scanning (ms): Min: 0.3, Avg: 0.3, Max: 0.3, Diff: 0.0, Sum: 0.7]
      [SATB Filtering (ms): Min: 0.0, Avg: 0.0, Max: 0.0, Diff: 0.0, Sum: 0.0]
      [Update RS (ms): Min: 0.1, Avg: 0.1, Max: 0.1, Diff: 0.0, Sum: 0.1]
         [Processed Buffers: Min: 1, Avg: 2.0, Max: 3, Diff: 2, Sum: 4]
      [Scan RS (ms): Min: 0.3, Avg: 0.3, Max: 0.3, Diff: 0.0, Sum: 0.5]
      [Code Root Scanning (ms): Min: 0.1, Avg: 0.1, Max: 0.1, Diff: 0.0, Sum: 0.2]
      [Object Copy (ms): Min: 27.5, Avg: 27.5, Max: 27.5, Diff: 0.0, Sum: 55.0]
      [Termination (ms): Min: 0.0, Avg: 0.0, Max: 0.0, Diff: 0.0, Sum: 0.0]
      [GC Worker Other (ms): Min: 0.0, Avg: 0.0, Max: 0.0, Diff: 0.0, Sum: 0.1]
      [GC Worker Total (ms): Min: 28.3, Avg: 28.3, Max: 28.3, Diff: 0.0, Sum: 56.6]
      [GC Worker End (ms): Min: 85303.6, Avg: 85303.6, Max: 85303.6, Diff: 0.0]
   [Code Root Fixup: 0.0 ms]
   [Code Root Migration: 0.1 ms]
   [Clear CT: 0.1 ms]
   [Other: 0.4 ms]
      [Choose CSet: 0.0 ms]
      [Ref Proc: 0.1 ms]
      [Ref Enq: 0.0 ms]
      [Free CSet: 0.2 ms]
   [Eden: 124.0M(124.0M)->0.0B(142.0M) Survivors: 19.0M->18.0M Heap: 461.0M(512.0M)->362.4M(512.0M)]
 [Times: user=0.06 sys=0.00, real=0.03 secs] 
2014-07-10T12:29:32.132+0200: 85.304: [GC concurrent-mark-end, 0.0069435 secs]
2014-07-10T12:29:32.132+0200: 85.305: [GC remark 85.305: [GC ref-proc, 0.0000543 secs], 0.0013675 secs]
 [Times: user=0.00 sys=0.00, real=0.00 secs] 
2014-07-10T12:29:32.213+0200: 85.385: [GC cleanup 503M->290M(512M), 0.0016095 secs]
 [Times: user=0.00 sys=0.00, real=0.00 secs] 
2014-07-10T12:29:32.214+0200: 85.387: [GC concurrent-cleanup-start]
2014-07-10T12:29:32.215+0200: 85.387: [GC pause (G1 Evacuation Pause) (young)2014-07-10T12:29:32.215+0200: 85.387: [GC concurrent-cleanup-end, 0.0005591 secs]
, 0.0344767 secs]
   [Parallel Time: 33.7 ms, GC Workers: 2]
      [GC Worker Start (ms): Min: 85387.1, Avg: 85387.2, Max: 85387.3, Diff: 0.2]
      [Ext Root Scanning (ms): Min: 0.2, Avg: 0.2, Max: 0.3, Diff: 0.2, Sum: 0.5]
      [Update RS (ms): Min: 0.0, Avg: 0.0, Max: 0.0, Diff: 0.0, Sum: 0.1]
         [Processed Buffers: Min: 1, Avg: 1.5, Max: 2, Diff: 1, Sum: 3]
      [Scan RS (ms): Min: 0.2, Avg: 0.2, Max: 0.2, Diff: 0.0, Sum: 0.3]
      [Code Root Scanning (ms): Min: 0.1, Avg: 0.1, Max: 0.1, Diff: 0.0, Sum: 0.2]
      [Object Copy (ms): Min: 32.9, Avg: 32.9, Max: 32.9, Diff: 0.0, Sum: 65.9]
      [Termination (ms): Min: 0.0, Avg: 0.0, Max: 0.0, Diff: 0.0, Sum: 0.0]
      [GC Worker Other (ms): Min: 0.0, Avg: 0.0, Max: 0.0, Diff: 0.0, Sum: 0.1]
      [GC Worker Total (ms): Min: 33.4, Avg: 33.5, Max: 33.6, Diff: 0.2, Sum: 67.1]
      [GC Worker End (ms): Min: 85420.7, Avg: 85420.7, Max: 85420.7, Diff: 0.0]
   [Code Root Fixup: 0.0 ms]
   [Code Root Migration: 0.0 ms]
   [Clear CT: 0.1 ms]
   [Other: 0.6 ms]
      [Choose CSet: 0.0 ms]
      [Ref Proc: 0.1 ms]
      [Ref Enq: 0.0 ms]
      [Free CSet: 0.3 ms]
   [Eden: 142.0M(142.0M)->0.0B(145.0M) Survivors: 18.0M->20.0M Heap: 291.4M(512.0M)->185.6M(512.0M)]
 [Times: user=0.06 sys=0.00, real=0.03 secs] 
2014-07-10T12:29:32.399+0200: 85.572: [GC pause (G1 Evacuation Pause) (young), 0.0019413 secs]
   [Parallel Time: 1.4 ms, GC Workers: 2]
      [GC Worker Start (ms): Min: 85571.8, Avg: 85571.8, Max: 85571.8, Diff: 0.0]
      [Ext Root Scanning (ms): Min: 0.3, Avg: 0.4, Max: 0.4, Diff: 0.0, Sum: 0.7]
      [Update RS (ms): Min: 0.1, Avg: 0.1, Max: 0.1, Diff: 0.0, Sum: 0.1]
         [Processed Buffers: Min: 1, Avg: 1.5, Max: 2, Diff: 1, Sum: 3]
      [Scan RS (ms): Min: 0.3, Avg: 0.3, Max: 0.3, Diff: 0.0, Sum: 0.5]
      [Code Root Scanning (ms): Min: 0.1, Avg: 0.1, Max: 0.1, Diff: 0.0, Sum: 0.2]
      [Object Copy (ms): Min: 0.5, Avg: 0.5, Max: 0.5, Diff: 0.0, Sum: 1.0]
      [Termination (ms): Min: 0.0, Avg: 0.0, Max: 0.0, Diff: 0.0, Sum: 0.0]
      [GC Worker Other (ms): Min: 0.0, Avg: 0.0, Max: 0.0, Diff: 0.0, Sum: 0.0]
      [GC Worker Total (ms): Min: 1.3, Avg: 1.3, Max: 1.3, Diff: 0.0, Sum: 2.7]
      [GC Worker End (ms): Min: 85573.1, Avg: 85573.1, Max: 85573.1, Diff: 0.0]
   [Code Root Fixup: 0.0 ms]
   [Code Root Migration: 0.0 ms]
   [Clear CT: 0.1 ms]
   [Other: 0.4 ms]
      [Choose CSet: 0.0 ms]
      [Ref Proc: 0.1 ms]
      [Ref Enq: 0.0 ms]
      [Free CSet: 0.2 ms]
   [Eden: 145.0M(145.0M)->0.0B(130.0M) Survivors: 20.0M->2048.0K Heap: 330.6M(512.0M)->166.6M(512.0M)]
 [Times: user=0.00 sys=0.00, real=0.00 secs] 
2014-07-10T12:29:32.486+0200: 85.658: [GC pause (G1 Evacuation Pause) (mixed), 0.0411123 secs]
   [Parallel Time: 40.4 ms, GC Workers: 2]
      [GC Worker Start (ms): Min: 85658.5, Avg: 85658.5, Max: 85658.6, Diff: 0.0]
      [Ext Root Scanning (ms): Min: 0.3, Avg: 0.3, Max: 0.4, Diff: 0.0, Sum: 0.7]
      [Update RS (ms): Min: 0.0, Avg: 0.0, Max: 0.0, Diff: 0.0, Sum: 0.1]
         [Processed Buffers: Min: 1, Avg: 1.0, Max: 1, Diff: 0, Sum: 2]
      [Scan RS (ms): Min: 0.2, Avg: 0.2, Max: 0.2, Diff: 0.0, Sum: 0.5]
      [Code Root Scanning (ms): Min: 0.1, Avg: 0.1, Max: 0.1, Diff: 0.0, Sum: 0.2]
      [Object Copy (ms): Min: 39.6, Avg: 39.6, Max: 39.6, Diff: 0.0, Sum: 79.2]
      [Termination (ms): Min: 0.0, Avg: 0.0, Max: 0.0, Diff: 0.0, Sum: 0.0]
      [GC Worker Other (ms): Min: 0.0, Avg: 0.0, Max: 0.0, Diff: 0.0, Sum: 0.1]
      [GC Worker Total (ms): Min: 40.3, Avg: 40.4, Max: 40.4, Diff: 0.0, Sum: 80.7]
      [GC Worker End (ms): Min: 85698.9, Avg: 85698.9, Max: 85698.9, Diff: 0.0]
   [Code Root Fixup: 0.0 ms]
   [Code Root Migration: 0.0 ms]
   [Clear CT: 0.1 ms]
   [Other: 0.6 ms]
      [Choose CSet: 0.0 ms]
      [Ref Proc: 0.1 ms]
      [Ref Enq: 0.0 ms]
      [Free CSet: 0.2 ms]
   [Eden: 130.0M(130.0M)->0.0B(130.0M) Survivors: 2048.0K->17.0M Heap: 296.6M(512.0M)->223.7M(512.0M)]
 [Times: user=0.06 sys=0.00, real=0.04 secs] 
2014-07-10T12:29:32.610+0200: 85.783: [GC pause (G1 Evacuation Pause) (young), 0.0327914 secs]
   [Parallel Time: 31.9 ms, GC Workers: 2]
      [GC Worker Start (ms): Min: 85782.8, Avg: 85782.8, Max: 85782.8, Diff: 0.0]
      [Ext Root Scanning (ms): Min: 0.3, Avg: 0.3, Max: 0.4, Diff: 0.0, Sum: 0.7]
      [Update RS (ms): Min: 0.1, Avg: 0.1, Max: 0.2, Diff: 0.1, Sum: 0.2]
         [Processed Buffers: Min: 1, Avg: 1.5, Max: 2, Diff: 1, Sum: 3]
      [Scan RS (ms): Min: 0.2, Avg: 0.2, Max: 0.3, Diff: 0.1, Sum: 0.4]
      [Code Root Scanning (ms): Min: 0.1, Avg: 0.1, Max: 0.1, Diff: 0.0, Sum: 0.2]
      [Object Copy (ms): Min: 31.1, Avg: 31.1, Max: 31.1, Diff: 0.0, Sum: 62.2]
      [Termination (ms): Min: 0.0, Avg: 0.0, Max: 0.0, Diff: 0.0, Sum: 0.0]
      [GC Worker Other (ms): Min: 0.0, Avg: 0.0, Max: 0.0, Diff: 0.0, Sum: 0.1]
      [GC Worker Total (ms): Min: 31.9, Avg: 31.9, Max: 31.9, Diff: 0.0, Sum: 63.8]
      [GC Worker End (ms): Min: 85814.7, Avg: 85814.7, Max: 85814.7, Diff: 0.0]
   [Code Root Fixup: 0.0 ms]
   [Code Root Migration: 0.0 ms]
   [Clear CT: 0.1 ms]
   [Other: 0.7 ms]
      [Choose CSet: 0.0 ms]
      [Ref Proc: 0.3 ms]
      [Ref Enq: 0.0 ms]
      [Free CSet: 0.2 ms]
   [Eden: 130.0M(130.0M)->0.0B(131.0M) Survivors: 17.0M->19.0M Heap: 353.7M(512.0M)->257.5M(512.0M)]
 [Times: user=0.06 sys=0.00, real=0.03 secs] 
2014-07-10T12:29:32.798+0200: 85.970: [GC pause (G1 Evacuation Pause) (young) (initial-mark), 0.0339514 secs]
   [Parallel Time: 33.0 ms, GC Workers: 2]
      [GC Worker Start (ms): Min: 85970.7, Avg: 85970.7, Max: 85970.7, Diff: 0.0]
      [Ext Root Scanning (ms): Min: 0.6, Avg: 0.6, Max: 0.6, Diff: 0.0, Sum: 1.2]
      [Code Root Marking (ms): Min: 0.1, Avg: 0.1, Max: 0.1, Diff: 0.0, Sum: 0.2]
      [Update RS (ms): Min: 0.1, Avg: 0.1, Max: 0.1, Diff: 0.0, Sum: 0.1]
         [Processed Buffers: Min: 1, Avg: 1.5, Max: 2, Diff: 1, Sum: 3]
      [Scan RS (ms): Min: 0.4, Avg: 0.4, Max: 0.4, Diff: 0.0, Sum: 0.8]
      [Code Root Scanning (ms): Min: 0.1, Avg: 0.1, Max: 0.1, Diff: 0.0, Sum: 0.3]
      [Object Copy (ms): Min: 31.6, Avg: 31.6, Max: 31.7, Diff: 0.0, Sum: 63.3]
      [Termination (ms): Min: 0.0, Avg: 0.0, Max: 0.0, Diff: 0.0, Sum: 0.0]
      [GC Worker Other (ms): Min: 0.0, Avg: 0.0, Max: 0.0, Diff: 0.0, Sum: 0.1]
      [GC Worker Total (ms): Min: 33.0, Avg: 33.0, Max: 33.0, Diff: 0.0, Sum: 66.0]
      [GC Worker End (ms): Min: 86003.7, Avg: 86003.7, Max: 86003.7, Diff: 0.0]
   [Code Root Fixup: 0.0 ms]
   [Code Root Migration: 0.0 ms]
   [Clear CT: 0.1 ms]
   [Other: 0.8 ms]
      [Choose CSet: 0.0 ms]
      [Ref Proc: 0.2 ms]
      [Ref Enq: 0.0 ms]
      [Free CSet: 0.2 ms]
   [Eden: 131.0M(131.0M)->0.0B(118.0M) Survivors: 19.0M->19.0M Heap: 388.5M(512.0M)->288.1M(512.0M)]
 [Times: user=0.06 sys=0.00, real=0.03 secs] 
2014-07-10T12:29:32.832+0200: 86.005: [GC concurrent-root-region-scan-start]
2014-07-10T12:29:32.833+0200: 86.005: [GC concurrent-root-region-scan-end, 0.0004902 secs]
2014-07-10T12:29:32.833+0200: 86.005: [GC concurrent-mark-start]
2014-07-10T12:29:32.898+0200: 86.071: [GC pause (G1 Evacuation Pause) (young), 0.0230501 secs]
   [Parallel Time: 22.5 ms, GC Workers: 2]
      [GC Worker Start (ms): Min: 86070.8, Avg: 86070.8, Max: 86070.8, Diff: 0.0]
      [Ext Root Scanning (ms): Min: 0.4, Avg: 0.4, Max: 0.4, Diff: 0.0, Sum: 0.8]
      [SATB Filtering (ms): Min: 0.0, Avg: 0.0, Max: 0.0, Diff: 0.0, Sum: 0.0]
      [Update RS (ms): Min: 0.1, Avg: 0.1, Max: 0.1, Diff: 0.0, Sum: 0.1]
         [Processed Buffers: Min: 1, Avg: 1.5, Max: 2, Diff: 1, Sum: 3]
      [Scan RS (ms): Min: 0.2, Avg: 0.2, Max: 0.2, Diff: 0.0, Sum: 0.4]
      [Code Root Scanning (ms): Min: 0.1, Avg: 0.1, Max: 0.1, Diff: 0.0, Sum: 0.2]
      [Object Copy (ms): Min: 21.7, Avg: 21.7, Max: 21.7, Diff: 0.0, Sum: 43.3]
      [Termination (ms): Min: 0.0, Avg: 0.0, Max: 0.0, Diff: 0.0, Sum: 0.0]
      [GC Worker Other (ms): Min: 0.0, Avg: 0.0, Max: 0.0, Diff: 0.0, Sum: 0.1]
      [GC Worker Total (ms): Min: 22.4, Avg: 22.4, Max: 22.4, Diff: 0.0, Sum: 44.9]
      [GC Worker End (ms): Min: 86093.3, Avg: 86093.3, Max: 86093.3, Diff: 0.0]
   [Code Root Fixup: 0.0 ms]
2014-07-10T12:29:32.921+0200:    [Code Root Migration: 0.0 ms]
   [Clear CT: 0.1 ms]
   [Other: 0.4 ms]
86.094:       [Choose CSet: 0.0 ms]
      [Ref Proc: 0.1 ms]
[GC concurrent-mark-end, 0.0059672 secs]
      [Ref Enq: 0.0 ms]
      [Free CSet: 0.2 ms]
   [Eden: 118.0M(118.0M)->0.0B(129.0M) Survivors: 19.0M->18.0M Heap: 406.1M(512.0M)->304.5M(512.0M)]
 [Times: user=0.06 sys=0.00, real=0.02 secs] 
2014-07-10T12:29:32.922+0200: 86.094: [GC remark 86.094: [GC ref-proc, 0.0000513 secs], 0.0012040 secs]
 [Times: user=0.00 sys=0.00, real=0.00 secs] 
2014-07-10T12:29:33.002+0200: 86.174: [GC cleanup 433M->252M(512M), 0.0017158 secs]
 [Times: user=0.00 sys=0.00, real=0.00 secs] 
2014-07-10T12:29:33.004+0200: 86.176: [GC concurrent-cleanup-start]
2014-07-10T12:29:33.004+0200: 86.176: [GC pause (G1 Evacuation Pause) (young)2014-07-10T12:29:33.004+0200: 86.176: [GC concurrent-cleanup-end, 0.0005301 secs]
, 0.0210909 secs]
   [Parallel Time: 20.4 ms, GC Workers: 2]
      [GC Worker Start (ms): Min: 86176.3, Avg: 86176.4, Max: 86176.4, Diff: 0.1]
      [Ext Root Scanning (ms): Min: 0.2, Avg: 0.3, Max: 0.3, Diff: 0.1, Sum: 0.6]
      [Update RS (ms): Min: 0.0, Avg: 0.0, Max: 0.0, Diff: 0.0, Sum: 0.0]
         [Processed Buffers: Min: 1, Avg: 1.0, Max: 1, Diff: 0, Sum: 2]
      [Scan RS (ms): Min: 0.1, Avg: 0.2, Max: 0.2, Diff: 0.0, Sum: 0.3]
      [Code Root Scanning (ms): Min: 0.1, Avg: 0.1, Max: 0.1, Diff: 0.0, Sum: 0.2]
      [Object Copy (ms): Min: 19.7, Avg: 19.7, Max: 19.7, Diff: 0.0, Sum: 39.4]
      [Termination (ms): Min: 0.0, Avg: 0.0, Max: 0.0, Diff: 0.0, Sum: 0.0]
      [GC Worker Other (ms): Min: 0.0, Avg: 0.0, Max: 0.0, Diff: 0.0, Sum: 0.1]
      [GC Worker Total (ms): Min: 20.2, Avg: 20.3, Max: 20.3, Diff: 0.1, Sum: 40.6]
      [GC Worker End (ms): Min: 86196.6, Avg: 86196.6, Max: 86196.6, Diff: 0.0]
   [Code Root Fixup: 0.0 ms]
   [Code Root Migration: 0.0 ms]
   [Clear CT: 0.1 ms]
   [Other: 0.5 ms]
      [Choose CSet: 0.0 ms]
      [Ref Proc: 0.2 ms]
      [Ref Enq: 0.0 ms]
      [Free CSet: 0.3 ms]
   [Eden: 129.0M(129.0M)->0.0B(132.0M) Survivors: 18.0M->19.0M Heap: 252.5M(512.0M)->137.8M(512.0M)]
 [Times: user=0.03 sys=0.00, real=0.02 secs] 
2014-07-10T12:29:33.172+0200: 86.344: [GC pause (G1 Evacuation Pause) (young), 0.0205827 secs]
   [Parallel Time: 19.9 ms, GC Workers: 2]
      [GC Worker Start (ms): Min: 86344.3, Avg: 86344.3, Max: 86344.3, Diff: 0.0]
      [Ext Root Scanning (ms): Min: 0.6, Avg: 0.6, Max: 0.6, Diff: 0.0, Sum: 1.2]
      [Update RS (ms): Min: 0.0, Avg: 0.1, Max: 0.3, Diff: 0.3, Sum: 0.3]
         [Processed Buffers: Min: 1, Avg: 1.5, Max: 2, Diff: 1, Sum: 3]
      [Scan RS (ms): Min: 0.5, Avg: 0.6, Max: 0.8, Diff: 0.3, Sum: 1.3]
      [Code Root Scanning (ms): Min: 0.1, Avg: 0.1, Max: 0.2, Diff: 0.0, Sum: 0.3]
      [Object Copy (ms): Min: 18.2, Avg: 18.2, Max: 18.3, Diff: 0.0, Sum: 36.5]
      [Termination (ms): Min: 0.0, Avg: 0.0, Max: 0.0, Diff: 0.0, Sum: 0.0]
      [GC Worker Other (ms): Min: 0.0, Avg: 0.0, Max: 0.0, Diff: 0.0, Sum: 0.1]
      [GC Worker Total (ms): Min: 19.8, Avg: 19.8, Max: 19.8, Diff: 0.0, Sum: 39.7]
      [GC Worker End (ms): Min: 86364.1, Avg: 86364.1, Max: 86364.1, Diff: 0.0]
   [Code Root Fixup: 0.0 ms]
   [Code Root Migration: 0.0 ms]
   [Clear CT: 0.1 ms]
   [Other: 0.5 ms]
      [Choose CSet: 0.0 ms]
      [Ref Proc: 0.1 ms]
      [Ref Enq: 0.0 ms]
      [Free CSet: 0.3 ms]
   [Eden: 132.0M(132.0M)->0.0B(119.0M) Survivors: 19.0M->19.0M Heap: 269.8M(512.0M)->137.9M(512.0M)]
 [Times: user=0.03 sys=0.00, real=0.02 secs] 
2014-07-10T12:29:33.258+0200: 86.430: [GC pause (G1 Evacuation Pause) (mixed), 0.0053227 secs]
   [Parallel Time: 4.7 ms, GC Workers: 2]
      [GC Worker Start (ms): Min: 86430.6, Avg: 86430.6, Max: 86430.6, Diff: 0.0]
      [Ext Root Scanning (ms): Min: 0.3, Avg: 0.3, Max: 0.3, Diff: 0.0, Sum: 0.7]
      [Update RS (ms): Min: 0.0, Avg: 0.1, Max: 0.1, Diff: 0.1, Sum: 0.1]
         [Processed Buffers: Min: 1, Avg: 1.0, Max: 1, Diff: 0, Sum: 2]
      [Scan RS (ms): Min: 0.2, Avg: 0.2, Max: 0.3, Diff: 0.1, Sum: 0.5]
      [Code Root Scanning (ms): Min: 0.1, Avg: 0.1, Max: 0.1, Diff: 0.0, Sum: 0.2]
      [Object Copy (ms): Min: 4.0, Avg: 4.0, Max: 4.0, Diff: 0.0, Sum: 7.9]
      [Termination (ms): Min: 0.0, Avg: 0.0, Max: 0.0, Diff: 0.0, Sum: 0.0]
      [GC Worker Other (ms): Min: 0.0, Avg: 0.0, Max: 0.0, Diff: 0.0, Sum: 0.1]
      [GC Worker Total (ms): Min: 4.7, Avg: 4.7, Max: 4.7, Diff: 0.0, Sum: 9.4]
      [GC Worker End (ms): Min: 86435.3, Avg: 86435.3, Max: 86435.3, Diff: 0.0]
   [Code Root Fixup: 0.0 ms]
   [Code Root Migration: 0.0 ms]
   [Clear CT: 0.1 ms]
   [Other: 0.4 ms]
      [Choose CSet: 0.0 ms]
      [Ref Proc: 0.0 ms]
      [Ref Enq: 0.0 ms]
      [Free CSet: 0.3 ms]
   [Eden: 119.0M(119.0M)->0.0B(131.0M) Survivors: 19.0M->6144.0K Heap: 256.9M(512.0M)->120.0M(512.0M)]
 [Times: user=0.02 sys=0.00, real=0.01 secs] 
2014-07-10T12:29:33.398+0200: 86.570: [GC pause (G1 Evacuation Pause) (young), 0.0046202 secs]
   [Parallel Time: 4.1 ms, GC Workers: 2]
      [GC Worker Start (ms): Min: 86570.0, Avg: 86570.0, Max: 86570.1, Diff: 0.0]
      [Ext Root Scanning (ms): Min: 0.4, Avg: 0.4, Max: 0.4, Diff: 0.0, Sum: 0.7]
      [Update RS (ms): Min: 0.1, Avg: 0.1, Max: 0.1, Diff: 0.0, Sum: 0.2]
         [Processed Buffers: Min: 1, Avg: 1.5, Max: 2, Diff: 1, Sum: 3]
      [Scan RS (ms): Min: 0.3, Avg: 0.3, Max: 0.3, Diff: 0.0, Sum: 0.5]
      [Code Root Scanning (ms): Min: 0.1, Avg: 0.1, Max: 0.1, Diff: 0.0, Sum: 0.2]
      [Object Copy (ms): Min: 3.2, Avg: 3.2, Max: 3.2, Diff: 0.0, Sum: 6.5]
      [Termination (ms): Min: 0.0, Avg: 0.0, Max: 0.0, Diff: 0.0, Sum: 0.0]
      [GC Worker Other (ms): Min: 0.0, Avg: 0.0, Max: 0.0, Diff: 0.0, Sum: 0.1]
      [GC Worker Total (ms): Min: 4.1, Avg: 4.1, Max: 4.1, Diff: 0.0, Sum: 8.2]
      [GC Worker End (ms): Min: 86574.1, Avg: 86574.1, Max: 86574.1, Diff: 0.0]
   [Code Root Fixup: 0.0 ms]
   [Code Root Migration: 0.0 ms]
   [Clear CT: 0.1 ms]
   [Other: 0.4 ms]
      [Choose CSet: 0.0 ms]
      [Ref Proc: 0.1 ms]
      [Ref Enq: 0.0 ms]
      [Free CSet: 0.2 ms]
   [Eden: 131.0M(131.0M)->0.0B(119.0M) Survivors: 6144.0K->5120.0K Heap: 251.0M(512.0M)->118.9M(512.0M)]
 [Times: user=0.00 sys=0.00, real=0.00 secs] 
2014-07-10T12:29:33.482+0200: 86.654: [GC pause (G1 Evacuation Pause) (young), 0.0366303 secs]
   [Parallel Time: 36.1 ms, GC Workers: 2]
      [GC Worker Start (ms): Min: 86654.4, Avg: 86654.4, Max: 86654.4, Diff: 0.0]
      [Ext Root Scanning (ms): Min: 0.3, Avg: 0.3, Max: 0.3, Diff: 0.0, Sum: 0.7]
      [Update RS (ms): Min: 0.0, Avg: 0.0, Max: 0.0, Diff: 0.0, Sum: 0.1]
         [Processed Buffers: Min: 1, Avg: 1.5, Max: 2, Diff: 1, Sum: 3]
      [Scan RS (ms): Min: 0.2, Avg: 0.2, Max: 0.2, Diff: 0.0, Sum: 0.4]
      [Code Root Scanning (ms): Min: 0.1, Avg: 0.1, Max: 0.1, Diff: 0.0, Sum: 0.2]
      [Object Copy (ms): Min: 35.3, Avg: 35.3, Max: 35.3, Diff: 0.0, Sum: 70.6]
      [Termination (ms): Min: 0.0, Avg: 0.0, Max: 0.0, Diff: 0.0, Sum: 0.0]
      [GC Worker Other (ms): Min: 0.0, Avg: 0.0, Max: 0.0, Diff: 0.0, Sum: 0.1]
      [GC Worker Total (ms): Min: 36.0, Avg: 36.0, Max: 36.0, Diff: 0.0, Sum: 72.1]
      [GC Worker End (ms): Min: 86690.4, Avg: 86690.4, Max: 86690.4, Diff: 0.0]
   [Code Root Fixup: 0.0 ms]
   [Code Root Migration: 0.0 ms]
   [Clear CT: 0.1 ms]
   [Other: 0.4 ms]
      [Choose CSet: 0.0 ms]
      [Ref Proc: 0.0 ms]
      [Ref Enq: 0.0 ms]
      [Free CSet: 0.2 ms]
   [Eden: 119.0M(119.0M)->0.0B(122.0M) Survivors: 5120.0K->16.0M Heap: 237.9M(512.0M)->171.8M(512.0M)]
 [Times: user=0.06 sys=0.00, real=0.04 secs] 
2014-07-10T12:29:33.605+0200: 86.777: [GC pause (G1 Evacuation Pause) (young), 0.0258731 secs]
   [Parallel Time: 25.3 ms, GC Workers: 2]
      [GC Worker Start (ms): Min: 86777.2, Avg: 86777.2, Max: 86777.2, Diff: 0.0]
      [Ext Root Scanning (ms): Min: 0.5, Avg: 0.5, Max: 0.5, Diff: 0.0, Sum: 0.9]
      [Update RS (ms): Min: 0.0, Avg: 0.0, Max: 0.0, Diff: 0.0, Sum: 0.1]
         [Processed Buffers: Min: 2, Avg: 2.0, Max: 2, Diff: 0, Sum: 4]
      [Scan RS (ms): Min: 0.2, Avg: 0.2, Max: 0.2, Diff: 0.0, Sum: 0.4]
      [Code Root Scanning (ms): Min: 0.1, Avg: 0.1, Max: 0.1, Diff: 0.0, Sum: 0.2]
      [Object Copy (ms): Min: 24.4, Avg: 24.4, Max: 24.4, Diff: 0.0, Sum: 48.7]
      [Termination (ms): Min: 0.0, Avg: 0.0, Max: 0.0, Diff: 0.0, Sum: 0.0]
      [GC Worker Other (ms): Min: 0.0, Avg: 0.0, Max: 0.0, Diff: 0.0, Sum: 0.1]
      [GC Worker Total (ms): Min: 25.2, Avg: 25.2, Max: 25.2, Diff: 0.0, Sum: 50.4]
      [GC Worker End (ms): Min: 86802.4, Avg: 86802.4, Max: 86802.4, Diff: 0.0]
   [Code Root Fixup: 0.0 ms]
   [Code Root Migration: 0.0 ms]
   [Clear CT: 0.1 ms]
   [Other: 0.5 ms]
      [Choose CSet: 0.0 ms]
      [Ref Proc: 0.1 ms]
      [Ref Enq: 0.0 ms]
      [Free CSet: 0.2 ms]
   [Eden: 122.0M(122.0M)->0.0B(121.0M) Survivors: 16.0M->18.0M Heap: 293.8M(512.0M)->195.4M(512.0M)]
 [Times: user=0.06 sys=0.00, real=0.03 secs] 
2014-07-10T12:29:33.773+0200: 86.945: [GC pause (G1 Evacuation Pause) (young), 0.0198927 secs]
   [Parallel Time: 19.3 ms, GC Workers: 2]
      [GC Worker Start (ms): Min: 86945.2, Avg: 86945.2, Max: 86945.2, Diff: 0.0]
      [Ext Root Scanning (ms): Min: 0.4, Avg: 0.4, Max: 0.4, Diff: 0.0, Sum: 0.7]
      [Update RS (ms): Min: 0.0, Avg: 0.0, Max: 0.0, Diff: 0.0, Sum: 0.1]
         [Processed Buffers: Min: 1, Avg: 1.5, Max: 2, Diff: 1, Sum: 3]
      [Scan RS (ms): Min: 0.4, Avg: 0.5, Max: 0.5, Diff: 0.0, Sum: 0.9]
      [Code Root Scanning (ms): Min: 0.1, Avg: 0.1, Max: 0.1, Diff: 0.0, Sum: 0.2]
      [Object Copy (ms): Min: 18.2, Avg: 18.2, Max: 18.2, Diff: 0.0, Sum: 36.5]
      [Termination (ms): Min: 0.0, Avg: 0.0, Max: 0.0, Diff: 0.0, Sum: 0.0]
      [GC Worker Other (ms): Min: 0.0, Avg: 0.0, Max: 0.0, Diff: 0.0, Sum: 0.1]
      [GC Worker Total (ms): Min: 19.2, Avg: 19.2, Max: 19.3, Diff: 0.0, Sum: 38.5]
      [GC Worker End (ms): Min: 86964.5, Avg: 86964.5, Max: 86964.5, Diff: 0.0]
   [Code Root Fixup: 0.0 ms]
   [Code Root Migration: 0.0 ms]
   [Clear CT: 0.1 ms]
   [Other: 0.5 ms]
      [Choose CSet: 0.0 ms]
      [Ref Proc: 0.1 ms]
      [Ref Enq: 0.0 ms]
      [Free CSet: 0.2 ms]
   [Eden: 121.0M(121.0M)->0.0B(110.0M) Survivors: 18.0M->18.0M Heap: 316.4M(512.0M)->205.8M(512.0M)]
 [Times: user=0.03 sys=0.00, real=0.02 secs] 
2014-07-10T12:29:33.858+0200: 87.031: [GC pause (G1 Evacuation Pause) (young), 0.0049553 secs]
   [Parallel Time: 4.4 ms, GC Workers: 2]
      [GC Worker Start (ms): Min: 87030.8, Avg: 87030.8, Max: 87030.8, Diff: 0.0]
      [Ext Root Scanning (ms): Min: 0.3, Avg: 0.3, Max: 0.3, Diff: 0.0, Sum: 0.6]
      [Update RS (ms): Min: 0.0, Avg: 0.0, Max: 0.0, Diff: 0.0, Sum: 0.1]
         [Processed Buffers: Min: 1, Avg: 1.5, Max: 2, Diff: 1, Sum: 3]
      [Scan RS (ms): Min: 0.2, Avg: 0.2, Max: 0.2, Diff: 0.0, Sum: 0.4]
      [Code Root Scanning (ms): Min: 0.1, Avg: 0.1, Max: 0.1, Diff: 0.0, Sum: 0.2]
      [Object Copy (ms): Min: 3.7, Avg: 3.7, Max: 3.7, Diff: 0.0, Sum: 7.5]
      [Termination (ms): Min: 0.0, Avg: 0.0, Max: 0.0, Diff: 0.0, Sum: 0.0]
      [GC Worker Other (ms): Min: 0.0, Avg: 0.0, Max: 0.0, Diff: 0.0, Sum: 0.1]
      [GC Worker Total (ms): Min: 4.4, Avg: 4.4, Max: 4.4, Diff: 0.0, Sum: 8.7]
      [GC Worker End (ms): Min: 87035.1, Avg: 87035.1, Max: 87035.1, Diff: 0.0]
   [Code Root Fixup: 0.0 ms]
   [Code Root Migration: 0.0 ms]
   [Clear CT: 0.1 ms]
   [Other: 0.4 ms]
      [Choose CSet: 0.0 ms]
      [Ref Proc: 0.1 ms]
      [Ref Enq: 0.0 ms]
      [Free CSet: 0.2 ms]
   [Eden: 110.0M(110.0M)->0.0B(121.0M) Survivors: 18.0M->7168.0K Heap: 315.8M(512.0M)->194.2M(512.0M)]
 [Times: user=0.00 sys=0.00, real=0.00 secs] 
2014-07-10T12:29:33.986+0200: 87.158: [GC pause (G1 Evacuation Pause) (young), 0.0383644 secs]
   [Parallel Time: 37.6 ms, GC Workers: 2]
      [GC Worker Start (ms): Min: 87158.0, Avg: 87158.0, Max: 87158.0, Diff: 0.0]
      [Ext Root Scanning (ms): Min: 0.3, Avg: 0.3, Max: 0.3, Diff: 0.0, Sum: 0.6]
      [Update RS (ms): Min: 0.0, Avg: 0.0, Max: 0.0, Diff: 0.0, Sum: 0.1]
         [Processed Buffers: Min: 1, Avg: 1.5, Max: 2, Diff: 1, Sum: 3]
      [Scan RS (ms): Min: 0.2, Avg: 0.2, Max: 0.2, Diff: 0.0, Sum: 0.4]
      [Code Root Scanning (ms): Min: 0.1, Avg: 0.1, Max: 0.1, Diff: 0.0, Sum: 0.2]
      [Object Copy (ms): Min: 36.9, Avg: 36.9, Max: 36.9, Diff: 0.0, Sum: 73.8]
      [Termination (ms): Min: 0.0, Avg: 0.0, Max: 0.0, Diff: 0.0, Sum: 0.0]
      [GC Worker Other (ms): Min: 0.0, Avg: 0.0, Max: 0.0, Diff: 0.0, Sum: 0.1]
      [GC Worker Total (ms): Min: 37.5, Avg: 37.5, Max: 37.5, Diff: 0.0, Sum: 75.0]
      [GC Worker End (ms): Min: 87195.5, Avg: 87195.5, Max: 87195.5, Diff: 0.0]
   [Code Root Fixup: 0.0 ms]
   [Code Root Migration: 0.0 ms]
   [Clear CT: 0.1 ms]
   [Other: 0.7 ms]
      [Choose CSet: 0.0 ms]
      [Ref Proc: 0.1 ms]
      [Ref Enq: 0.0 ms]
      [Free CSet: 0.2 ms]
   [Eden: 121.0M(121.0M)->0.0B(112.0M) Survivors: 7168.0K->16.0M Heap: 315.2M(512.0M)->249.1M(512.0M)]
 [Times: user=0.06 sys=0.00, real=0.04 secs] 
2014-07-10T12:29:34.079+0200: 87.251: [GC pause (G1 Evacuation Pause) (young) (initial-mark), 0.0168373 secs]
   [Parallel Time: 16.1 ms, GC Workers: 2]
      [GC Worker Start (ms): Min: 87251.0, Avg: 87251.0, Max: 87251.0, Diff: 0.0]
      [Ext Root Scanning (ms): Min: 0.4, Avg: 0.4, Max: 0.4, Diff: 0.0, Sum: 0.7]
      [Code Root Marking (ms): Min: 0.1, Avg: 0.1, Max: 0.1, Diff: 0.0, Sum: 0.1]
      [Update RS (ms): Min: 0.0, Avg: 0.0, Max: 0.1, Diff: 0.1, Sum: 0.1]
         [Processed Buffers: Min: 2, Avg: 2.0, Max: 2, Diff: 0, Sum: 4]
      [Scan RS (ms): Min: 0.2, Avg: 0.2, Max: 0.2, Diff: 0.0, Sum: 0.4]
      [Code Root Scanning (ms): Min: 0.1, Avg: 0.1, Max: 0.1, Diff: 0.0, Sum: 0.2]
      [Object Copy (ms): Min: 15.3, Avg: 15.3, Max: 15.3, Diff: 0.0, Sum: 30.7]
      [Termination (ms): Min: 0.0, Avg: 0.0, Max: 0.0, Diff: 0.0, Sum: 0.0]
      [GC Worker Other (ms): Min: 0.0, Avg: 0.0, Max: 0.0, Diff: 0.0, Sum: 0.1]
      [GC Worker Total (ms): Min: 16.1, Avg: 16.1, Max: 16.1, Diff: 0.0, Sum: 32.2]
      [GC Worker End (ms): Min: 87267.1, Avg: 87267.1, Max: 87267.1, Diff: 0.0]
   [Code Root Fixup: 0.0 ms]
   [Code Root Migration: 0.0 ms]
   [Clear CT: 0.1 ms]
   [Other: 0.5 ms]
      [Choose CSet: 0.0 ms]
      [Ref Proc: 0.1 ms]
      [Ref Enq: 0.0 ms]
      [Free CSet: 0.2 ms]
   [Eden: 112.0M(112.0M)->0.0B(135.0M) Survivors: 16.0M->16.0M Heap: 361.1M(512.0M)->258.1M(512.0M)]
 [Times: user=0.02 sys=0.00, real=0.02 secs] 
2014-07-10T12:29:34.097+0200: 87.268: [GC concurrent-root-region-scan-start]
2014-07-10T12:29:34.097+0200: 87.268: [GC concurrent-root-region-scan-end, 0.0002412 secs]
2014-07-10T12:29:34.097+0200: 87.268: [GC concurrent-mark-start]
2014-07-10T12:29:34.176+0200: 87.347: [GC concurrent-mark-end, 0.0058777 secs]
2014-07-10T12:29:34.176+0200: 87.347: [GC remark 87.348: [GC ref-proc, 0.0001554 secs], 0.0027343 secs]
 [Times: user=0.00 sys=0.00, real=0.00 secs] 
2014-07-10T12:29:34.216+0200: 87.387: [GC pause (G1 Evacuation Pause) (young), 0.0201585 secs]
   [Parallel Time: 19.4 ms, GC Workers: 2]
      [GC Worker Start (ms): Min: 87387.4, Avg: 87387.4, Max: 87387.4, Diff: 0.0]
      [Ext Root Scanning (ms): Min: 0.3, Avg: 0.4, Max: 0.4, Diff: 0.0, Sum: 0.7]
      [SATB Filtering (ms): Min: 0.0, Avg: 0.0, Max: 0.0, Diff: 0.0, Sum: 0.0]
      [Update RS (ms): Min: 0.1, Avg: 0.1, Max: 0.1, Diff: 0.1, Sum: 0.2]
         [Processed Buffers: Min: 1, Avg: 1.5, Max: 2, Diff: 1, Sum: 3]
      [Scan RS (ms): Min: 0.3, Avg: 0.3, Max: 0.3, Diff: 0.0, Sum: 0.6]
      [Code Root Scanning (ms): Min: 0.1, Avg: 0.1, Max: 0.1, Diff: 0.0, Sum: 0.2]
      [Object Copy (ms): Min: 18.5, Avg: 18.5, Max: 18.5, Diff: 0.0, Sum: 36.9]
      [Termination (ms): Min: 0.0, Avg: 0.0, Max: 0.0, Diff: 0.0, Sum: 0.0]
      [GC Worker Other (ms): Min: 0.0, Avg: 0.0, Max: 0.0, Diff: 0.0, Sum: 0.1]
      [GC Worker Total (ms): Min: 19.3, Avg: 19.3, Max: 19.3, Diff: 0.0, Sum: 38.7]
      [GC Worker End (ms): Min: 87406.8, Avg: 87406.8, Max: 87406.8, Diff: 0.0]
   [Code Root Fixup: 0.0 ms]
   [Code Root Migration: 0.0 ms]
   [Clear CT: 0.2 ms]
   [Other: 0.5 ms]
      [Choose CSet: 0.0 ms]
      [Ref Proc: 0.1 ms]
      [Ref Enq: 0.0 ms]
      [Free CSet: 0.3 ms]
   [Eden: 135.0M(135.0M)->0.0B(126.0M) Survivors: 16.0M->19.0M Heap: 393.1M(512.0M)->270.0M(512.0M)]
 [Times: user=0.03 sys=0.00, real=0.02 secs] 
2014-07-10T12:29:34.258+0200: 87.429: [GC cleanup 313M->140M(512M), 0.0018694 secs]
 [Times: user=0.00 sys=0.00, real=0.00 secs] 
2014-07-10T12:29:34.260+0200: 87.431: [GC concurrent-cleanup-start]
2014-07-10T12:29:34.260+0200: 87.432: [GC concurrent-cleanup-end, 0.0005763 secs]
2014-07-10T12:29:34.369+0200: 87.540: [GC pause (G1 Evacuation Pause) (young), 0.0159999 secs]
   [Parallel Time: 15.3 ms, GC Workers: 2]
      [GC Worker Start (ms): Min: 87540.4, Avg: 87540.4, Max: 87540.4, Diff: 0.0]
      [Ext Root Scanning (ms): Min: 0.4, Avg: 0.4, Max: 0.4, Diff: 0.0, Sum: 0.8]
      [Update RS (ms): Min: 0.0, Avg: 0.1, Max: 0.2, Diff: 0.1, Sum: 0.2]
         [Processed Buffers: Min: 1, Avg: 1.5, Max: 2, Diff: 1, Sum: 3]
      [Scan RS (ms): Min: 0.2, Avg: 0.3, Max: 0.3, Diff: 0.1, Sum: 0.5]
      [Code Root Scanning (ms): Min: 0.1, Avg: 0.1, Max: 0.1, Diff: 0.0, Sum: 0.2]
      [Object Copy (ms): Min: 14.3, Avg: 14.3, Max: 14.3, Diff: 0.0, Sum: 28.7]
      [Termination (ms): Min: 0.0, Avg: 0.0, Max: 0.0, Diff: 0.0, Sum: 0.0]
      [GC Worker Other (ms): Min: 0.0, Avg: 0.0, Max: 0.0, Diff: 0.0, Sum: 0.1]
      [GC Worker Total (ms): Min: 15.2, Avg: 15.2, Max: 15.2, Diff: 0.0, Sum: 30.5]
      [GC Worker End (ms): Min: 87555.7, Avg: 87555.7, Max: 87555.7, Diff: 0.0]
   [Code Root Fixup: 0.0 ms]
   [Code Root Migration: 0.0 ms]
   [Clear CT: 0.1 ms]
   [Other: 0.6 ms]
      [Choose CSet: 0.0 ms]
      [Ref Proc: 0.1 ms]
      [Ref Enq: 0.0 ms]
      [Free CSet: 0.3 ms]
   [Eden: 126.0M(126.0M)->0.0B(115.0M) Survivors: 19.0M->19.0M Heap: 223.0M(512.0M)->99.7M(512.0M)]
 [Times: user=0.03 sys=0.00, real=0.02 secs] 
2014-07-10T12:29:34.457+0200: 87.629: [GC pause (G1 Evacuation Pause) (mixed), 0.0044013 secs]
   [Parallel Time: 3.8 ms, GC Workers: 2]
      [GC Worker Start (ms): Min: 87628.8, Avg: 87628.8, Max: 87628.8, Diff: 0.0]
      [Ext Root Scanning (ms): Min: 0.3, Avg: 0.3, Max: 0.3, Diff: 0.0, Sum: 0.6]
      [Update RS (ms): Min: 0.0, Avg: 0.0, Max: 0.0, Diff: 0.0, Sum: 0.0]
         [Processed Buffers: Min: 1, Avg: 1.5, Max: 2, Diff: 1, Sum: 3]
      [Scan RS (ms): Min: 0.2, Avg: 0.2, Max: 0.2, Diff: 0.0, Sum: 0.5]
      [Code Root Scanning (ms): Min: 0.1, Avg: 0.1, Max: 0.1, Diff: 0.0, Sum: 0.2]
      [Object Copy (ms): Min: 3.1, Avg: 3.1, Max: 3.1, Diff: 0.0, Sum: 6.3]
      [Termination (ms): Min: 0.0, Avg: 0.0, Max: 0.0, Diff: 0.0, Sum: 0.0]
      [GC Worker Other (ms): Min: 0.0, Avg: 0.0, Max: 0.0, Diff: 0.0, Sum: 0.1]
      [GC Worker Total (ms): Min: 3.8, Avg: 3.8, Max: 3.8, Diff: 0.0, Sum: 7.6]
      [GC Worker End (ms): Min: 87632.6, Avg: 87632.6, Max: 87632.6, Diff: 0.0]
   [Code Root Fixup: 0.0 ms]
   [Code Root Migration: 0.0 ms]
   [Clear CT: 0.1 ms]
   [Other: 0.4 ms]
      [Choose CSet: 0.0 ms]
      [Ref Proc: 0.1 ms]
      [Ref Enq: 0.0 ms]
      [Free CSet: 0.2 ms]
   [Eden: 115.0M(115.0M)->0.0B(121.0M) Survivors: 19.0M->5120.0K Heap: 214.7M(512.0M)->77.5M(512.0M)]
 [Times: user=0.00 sys=0.00, real=0.00 secs] 
2014-07-10T12:29:34.587+0200: 87.759: [GC pause (G1 Evacuation Pause) (young), 0.0333252 secs]
   [Parallel Time: 32.7 ms, GC Workers: 2]
      [GC Worker Start (ms): Min: 87758.6, Avg: 87758.6, Max: 87758.6, Diff: 0.0]
      [Ext Root Scanning (ms): Min: 0.3, Avg: 0.3, Max: 0.3, Diff: 0.0, Sum: 0.7]
      [Update RS (ms): Min: 0.0, Avg: 0.1, Max: 0.2, Diff: 0.1, Sum: 0.2]
         [Processed Buffers: Min: 1, Avg: 1.5, Max: 2, Diff: 1, Sum: 3]
      [Scan RS (ms): Min: 0.2, Avg: 0.2, Max: 0.3, Diff: 0.1, Sum: 0.4]
      [Code Root Scanning (ms): Min: 0.1, Avg: 0.1, Max: 0.1, Diff: 0.0, Sum: 0.2]
      [Object Copy (ms): Min: 31.8, Avg: 31.8, Max: 31.9, Diff: 0.1, Sum: 63.7]
      [Termination (ms): Min: 0.0, Avg: 0.1, Max: 0.2, Diff: 0.2, Sum: 0.2]
      [GC Worker Other (ms): Min: 0.0, Avg: 0.0, Max: 0.0, Diff: 0.0, Sum: 0.1]
      [GC Worker Total (ms): Min: 32.7, Avg: 32.7, Max: 32.7, Diff: 0.0, Sum: 65.4]
      [GC Worker End (ms): Min: 87791.3, Avg: 87791.3, Max: 87791.3, Diff: 0.0]
   [Code Root Fixup: 0.0 ms]
   [Code Root Migration: 0.0 ms]
   [Clear CT: 0.1 ms]
   [Other: 0.4 ms]
      [Choose CSet: 0.0 ms]
      [Ref Proc: 0.1 ms]
      [Ref Enq: 0.0 ms]
      [Free CSet: 0.2 ms]
   [Eden: 121.0M(121.0M)->0.0B(112.0M) Survivors: 5120.0K->16.0M Heap: 198.5M(512.0M)->124.4M(512.0M)]
 [Times: user=0.06 sys=0.00, real=0.03 secs] 
2014-07-10T12:29:34.676+0200: 87.847: [GC pause (G1 Evacuation Pause) (young), 0.0203389 secs]
   [Parallel Time: 19.7 ms, GC Workers: 2]
      [GC Worker Start (ms): Min: 87847.4, Avg: 87847.4, Max: 87847.4, Diff: 0.0]
      [Ext Root Scanning (ms): Min: 0.3, Avg: 0.3, Max: 0.3, Diff: 0.0, Sum: 0.7]
      [Update RS (ms): Min: 0.0, Avg: 0.0, Max: 0.0, Diff: 0.0, Sum: 0.1]
         [Processed Buffers: Min: 1, Avg: 1.5, Max: 2, Diff: 1, Sum: 3]
      [Scan RS (ms): Min: 0.2, Avg: 0.2, Max: 0.2, Diff: 0.0, Sum: 0.4]
      [Code Root Scanning (ms): Min: 0.1, Avg: 0.1, Max: 0.1, Diff: 0.0, Sum: 0.2]
      [Object Copy (ms): Min: 19.0, Avg: 19.0, Max: 19.0, Diff: 0.0, Sum: 37.9]
      [Termination (ms): Min: 0.0, Avg: 0.0, Max: 0.0, Diff: 0.0, Sum: 0.0]
      [GC Worker Other (ms): Min: 0.0, Avg: 0.0, Max: 0.0, Diff: 0.0, Sum: 0.1]
      [GC Worker Total (ms): Min: 19.7, Avg: 19.7, Max: 19.7, Diff: 0.0, Sum: 39.4]
      [GC Worker End (ms): Min: 87867.1, Avg: 87867.1, Max: 87867.1, Diff: 0.0]
   [Code Root Fixup: 0.0 ms]
   [Code Root Migration: 0.0 ms]
   [Clear CT: 0.1 ms]
   [Other: 0.5 ms]
      [Choose CSet: 0.0 ms]
      [Ref Proc: 0.1 ms]
      [Ref Enq: 0.0 ms]
      [Free CSet: 0.2 ms]
   [Eden: 112.0M(112.0M)->0.0B(134.0M) Survivors: 16.0M->16.0M Heap: 236.4M(512.0M)->139.8M(512.0M)]
 [Times: user=0.03 sys=0.00, real=0.02 secs] 
2014-07-10T12:29:34.817+0200: 87.988: [GC pause (G1 Evacuation Pause) (young), 0.0218806 secs]
   [Parallel Time: 21.2 ms, GC Workers: 2]
      [GC Worker Start (ms): Min: 87988.5, Avg: 87988.5, Max: 87988.5, Diff: 0.0]
      [Ext Root Scanning (ms): Min: 0.3, Avg: 0.3, Max: 0.4, Diff: 0.0, Sum: 0.7]
      [Update RS (ms): Min: 0.0, Avg: 0.0, Max: 0.1, Diff: 0.0, Sum: 0.1]
         [Processed Buffers: Min: 1, Avg: 1.5, Max: 2, Diff: 1, Sum: 3]
      [Scan RS (ms): Min: 0.2, Avg: 0.2, Max: 0.3, Diff: 0.0, Sum: 0.5]
      [Code Root Scanning (ms): Min: 0.1, Avg: 0.1, Max: 0.1, Diff: 0.0, Sum: 0.2]
      [Object Copy (ms): Min: 20.4, Avg: 20.4, Max: 20.4, Diff: 0.0, Sum: 40.8]
      [Termination (ms): Min: 0.0, Avg: 0.0, Max: 0.0, Diff: 0.0, Sum: 0.0]
      [GC Worker Other (ms): Min: 0.0, Avg: 0.0, Max: 0.0, Diff: 0.0, Sum: 0.1]
      [GC Worker Total (ms): Min: 21.2, Avg: 21.2, Max: 21.2, Diff: 0.0, Sum: 42.3]
      [GC Worker End (ms): Min: 88009.7, Avg: 88009.7, Max: 88009.7, Diff: 0.0]
   [Code Root Fixup: 0.0 ms]
   [Code Root Migration: 0.0 ms]
   [Clear CT: 0.1 ms]
   [Other: 0.5 ms]
      [Choose CSet: 0.0 ms]
      [Ref Proc: 0.1 ms]
      [Ref Enq: 0.0 ms]
      [Free CSet: 0.3 ms]
   [Eden: 134.0M(134.0M)->0.0B(124.0M) Survivors: 16.0M->19.0M Heap: 273.8M(512.0M)->157.0M(512.0M)]
 [Times: user=0.03 sys=0.00, real=0.02 secs] 
2014-07-10T12:29:34.976+0200: 88.147: [GC pause (G1 Evacuation Pause) (young), 0.0233966 secs]
   [Parallel Time: 22.6 ms, GC Workers: 2]
      [GC Worker Start (ms): Min: 88147.5, Avg: 88147.5, Max: 88147.5, Diff: 0.0]
      [Ext Root Scanning (ms): Min: 0.6, Avg: 0.6, Max: 0.6, Diff: 0.0, Sum: 1.3]
      [Update RS (ms): Min: 0.0, Avg: 0.1, Max: 0.1, Diff: 0.0, Sum: 0.1]
         [Processed Buffers: Min: 1, Avg: 1.5, Max: 2, Diff: 1, Sum: 3]
      [Scan RS (ms): Min: 0.4, Avg: 0.4, Max: 0.4, Diff: 0.0, Sum: 0.8]
      [Code Root Scanning (ms): Min: 0.1, Avg: 0.1, Max: 0.1, Diff: 0.0, Sum: 0.3]
      [Object Copy (ms): Min: 21.3, Avg: 21.3, Max: 21.3, Diff: 0.0, Sum: 42.5]
      [Termination (ms): Min: 0.0, Avg: 0.0, Max: 0.0, Diff: 0.0, Sum: 0.0]
      [GC Worker Other (ms): Min: 0.0, Avg: 0.0, Max: 0.0, Diff: 0.0, Sum: 0.1]
      [GC Worker Total (ms): Min: 22.5, Avg: 22.5, Max: 22.5, Diff: 0.0, Sum: 45.1]
      [GC Worker End (ms): Min: 88170.1, Avg: 88170.1, Max: 88170.1, Diff: 0.0]
   [Code Root Fixup: 0.0 ms]
   [Code Root Migration: 0.0 ms]
   [Clear CT: 0.1 ms]
   [Other: 0.6 ms]
      [Choose CSet: 0.0 ms]
      [Ref Proc: 0.2 ms]
      [Ref Enq: 0.0 ms]
      [Free CSet: 0.3 ms]
   [Eden: 124.0M(124.0M)->0.0B(112.0M) Survivors: 19.0M->18.0M Heap: 281.0M(512.0M)->163.1M(512.0M)]
 [Times: user=0.06 sys=0.00, real=0.02 secs] 
2014-07-10T12:29:35.056+0200: 88.228: [GC pause (G1 Evacuation Pause) (young), 0.0029425 secs]
   [Parallel Time: 1.9 ms, GC Workers: 2]
      [GC Worker Start (ms): Min: 88227.6, Avg: 88228.5, Max: 88229.4, Diff: 1.8]
      [Ext Root Scanning (ms): Min: 0.0, Avg: 0.2, Max: 0.4, Diff: 0.4, Sum: 0.4]
      [Update RS (ms): Min: 0.0, Avg: 0.0, Max: 0.1, Diff: 0.1, Sum: 0.1]
         [Processed Buffers: Min: 0, Avg: 2.0, Max: 4, Diff: 4, Sum: 4]
      [Scan RS (ms): Min: 0.0, Avg: 0.2, Max: 0.3, Diff: 0.3, Sum: 0.3]
      [Code Root Scanning (ms): Min: 0.0, Avg: 0.1, Max: 0.2, Diff: 0.2, Sum: 0.2]
      [Object Copy (ms): Min: 0.0, Avg: 0.5, Max: 0.9, Diff: 0.9, Sum: 0.9]
      [Termination (ms): Min: 0.0, Avg: 0.0, Max: 0.0, Diff: 0.0, Sum: 0.0]
      [GC Worker Other (ms): Min: 0.0, Avg: 0.0, Max: 0.0, Diff: 0.0, Sum: 0.0]
      [GC Worker Total (ms): Min: 0.1, Avg: 1.0, Max: 1.9, Diff: 1.8, Sum: 1.9]
      [GC Worker End (ms): Min: 88229.5, Avg: 88229.5, Max: 88229.5, Diff: 0.0]
   [Code Root Fixup: 0.0 ms]
   [Code Root Migration: 0.0 ms]
   [Clear CT: 0.5 ms]
   [Other: 0.6 ms]
      [Choose CSet: 0.0 ms]
      [Ref Proc: 0.3 ms]
      [Ref Enq: 0.0 ms]
      [Free CSet: 0.2 ms]
   [Eden: 112.0M(112.0M)->0.0B(133.0M) Survivors: 18.0M->1024.0K Heap: 275.1M(512.0M)->146.1M(512.0M)]
 [Times: user=0.00 sys=0.00, real=0.00 secs] 
2014-07-10T12:29:35.205+0200: 88.376: [GC pause (G1 Evacuation Pause) (young), 0.0402328 secs]
   [Parallel Time: 39.6 ms, GC Workers: 2]
      [GC Worker Start (ms): Min: 88376.4, Avg: 88376.4, Max: 88376.4, Diff: 0.0]
      [Ext Root Scanning (ms): Min: 0.3, Avg: 0.3, Max: 0.3, Diff: 0.0, Sum: 0.6]
      [Update RS (ms): Min: 0.1, Avg: 0.1, Max: 0.1, Diff: 0.0, Sum: 0.1]
         [Processed Buffers: Min: 1, Avg: 1.5, Max: 2, Diff: 1, Sum: 3]
      [Scan RS (ms): Min: 0.2, Avg: 0.2, Max: 0.2, Diff: 0.0, Sum: 0.5]
      [Code Root Scanning (ms): Min: 0.1, Avg: 0.1, Max: 0.1, Diff: 0.0, Sum: 0.2]
      [Object Copy (ms): Min: 38.0, Avg: 38.4, Max: 38.8, Diff: 0.9, Sum: 76.8]
      [Termination (ms): Min: 0.0, Avg: 0.5, Max: 0.9, Diff: 0.9, Sum: 0.9]
      [GC Worker Other (ms): Min: 0.0, Avg: 0.0, Max: 0.0, Diff: 0.0, Sum: 0.1]
      [GC Worker Total (ms): Min: 39.6, Avg: 39.6, Max: 39.6, Diff: 0.0, Sum: 79.2]
      [GC Worker End (ms): Min: 88416.0, Avg: 88416.0, Max: 88416.0, Diff: 0.0]
   [Code Root Fixup: 0.0 ms]
   [Code Root Migration: 0.0 ms]
   [Clear CT: 0.1 ms]
   [Other: 0.5 ms]
      [Choose CSet: 0.0 ms]
      [Ref Proc: 0.1 ms]
      [Ref Enq: 0.0 ms]
      [Free CSet: 0.2 ms]
   [Eden: 133.0M(133.0M)->0.0B(119.0M) Survivors: 1024.0K->17.0M Heap: 279.1M(512.0M)->203.9M(512.0M)]
 [Times: user=0.06 sys=0.00, real=0.04 secs] 
2014-07-10T12:29:35.304+0200: 88.476: [GC pause (G1 Evacuation Pause) (young), 0.0292516 secs]
   [Parallel Time: 28.7 ms, GC Workers: 2]
      [GC Worker Start (ms): Min: 88475.8, Avg: 88475.8, Max: 88475.8, Diff: 0.0]
      [Ext Root Scanning (ms): Min: 0.4, Avg: 0.4, Max: 0.4, Diff: 0.0, Sum: 0.7]
      [Update RS (ms): Min: 0.1, Avg: 0.1, Max: 0.1, Diff: 0.0, Sum: 0.2]
         [Processed Buffers: Min: 1, Avg: 1.5, Max: 2, Diff: 1, Sum: 3]
      [Scan RS (ms): Min: 0.2, Avg: 0.2, Max: 0.2, Diff: 0.0, Sum: 0.4]
      [Code Root Scanning (ms): Min: 0.1, Avg: 0.1, Max: 0.1, Diff: 0.0, Sum: 0.2]
      [Object Copy (ms): Min: 27.8, Avg: 27.8, Max: 27.9, Diff: 0.0, Sum: 55.7]
      [Termination (ms): Min: 0.0, Avg: 0.0, Max: 0.0, Diff: 0.0, Sum: 0.0]
      [GC Worker Other (ms): Min: 0.0, Avg: 0.0, Max: 0.0, Diff: 0.0, Sum: 0.1]
      [GC Worker Total (ms): Min: 28.6, Avg: 28.6, Max: 28.6, Diff: 0.0, Sum: 57.2]
      [GC Worker End (ms): Min: 88504.4, Avg: 88504.4, Max: 88504.4, Diff: 0.0]
   [Code Root Fixup: 0.0 ms]
   [Code Root Migration: 0.0 ms]
   [Clear CT: 0.1 ms]
   [Other: 0.4 ms]
      [Choose CSet: 0.0 ms]
      [Ref Proc: 0.1 ms]
      [Ref Enq: 0.0 ms]
      [Free CSet: 0.2 ms]
   [Eden: 119.0M(119.0M)->0.0B(138.0M) Survivors: 17.0M->17.0M Heap: 322.9M(512.0M)->232.5M(512.0M)]
 [Times: user=0.06 sys=0.00, real=0.03 secs] 
2014-07-10T12:29:35.412+0200: 88.583: [GC pause (G1 Evacuation Pause) (young), 0.0329336 secs]
   [Parallel Time: 32.2 ms, GC Workers: 2]
      [GC Worker Start (ms): Min: 88583.2, Avg: 88583.2, Max: 88583.2, Diff: 0.0]
      [Ext Root Scanning (ms): Min: 0.3, Avg: 0.3, Max: 0.3, Diff: 0.0, Sum: 0.7]
      [Update RS (ms): Min: 0.1, Avg: 0.1, Max: 0.2, Diff: 0.1, Sum: 0.3]
         [Processed Buffers: Min: 1, Avg: 1.5, Max: 2, Diff: 1, Sum: 3]
      [Scan RS (ms): Min: 0.2, Avg: 0.3, Max: 0.3, Diff: 0.1, Sum: 0.5]
      [Code Root Scanning (ms): Min: 0.1, Avg: 0.1, Max: 0.1, Diff: 0.0, Sum: 0.2]
      [Object Copy (ms): Min: 31.3, Avg: 31.3, Max: 31.4, Diff: 0.0, Sum: 62.7]
      [Termination (ms): Min: 0.0, Avg: 0.0, Max: 0.0, Diff: 0.0, Sum: 0.0]
      [GC Worker Other (ms): Min: 0.0, Avg: 0.0, Max: 0.0, Diff: 0.0, Sum: 0.1]
      [GC Worker Total (ms): Min: 32.2, Avg: 32.2, Max: 32.2, Diff: 0.0, Sum: 64.4]
      [GC Worker End (ms): Min: 88615.4, Avg: 88615.4, Max: 88615.4, Diff: 0.0]
   [Code Root Fixup: 0.0 ms]
   [Code Root Migration: 0.0 ms]
   [Clear CT: 0.1 ms]
   [Other: 0.5 ms]
      [Choose CSet: 0.0 ms]
      [Ref Proc: 0.1 ms]
      [Ref Enq: 0.0 ms]
      [Free CSet: 0.3 ms]
   [Eden: 138.0M(138.0M)->0.0B(142.0M) Survivors: 17.0M->20.0M Heap: 370.5M(512.0M)->267.0M(512.0M)]
 [Times: user=0.06 sys=0.00, real=0.03 secs] 
2014-07-10T12:29:35.595+0200: 88.767: [GC pause (G1 Evacuation Pause) (young) (initial-mark), 0.0326476 secs]
   [Parallel Time: 31.9 ms, GC Workers: 2]
      [GC Worker Start (ms): Min: 88767.3, Avg: 88767.3, Max: 88767.3, Diff: 0.0]
      [Ext Root Scanning (ms): Min: 0.4, Avg: 0.4, Max: 0.4, Diff: 0.0, Sum: 0.7]
      [Code Root Marking (ms): Min: 0.1, Avg: 0.1, Max: 0.1, Diff: 0.0, Sum: 0.1]
      [Update RS (ms): Min: 0.0, Avg: 0.1, Max: 0.1, Diff: 0.0, Sum: 0.1]
         [Processed Buffers: Min: 1, Avg: 1.5, Max: 2, Diff: 1, Sum: 3]
      [Scan RS (ms): Min: 0.3, Avg: 0.3, Max: 0.3, Diff: 0.0, Sum: 0.5]
      [Code Root Scanning (ms): Min: 0.1, Avg: 0.1, Max: 0.1, Diff: 0.0, Sum: 0.2]
      [Object Copy (ms): Min: 30.9, Avg: 30.9, Max: 31.0, Diff: 0.0, Sum: 61.9]
      [Termination (ms): Min: 0.0, Avg: 0.0, Max: 0.0, Diff: 0.0, Sum: 0.0]
      [GC Worker Other (ms): Min: 0.0, Avg: 0.0, Max: 0.0, Diff: 0.0, Sum: 0.1]
      [GC Worker Total (ms): Min: 31.8, Avg: 31.8, Max: 31.9, Diff: 0.0, Sum: 63.7]
      [GC Worker End (ms): Min: 88799.1, Avg: 88799.1, Max: 88799.1, Diff: 0.0]
   [Code Root Fixup: 0.0 ms]
   [Code Root Migration: 0.0 ms]
   [Clear CT: 0.1 ms]
   [Other: 0.6 ms]
      [Choose CSet: 0.0 ms]
      [Ref Proc: 0.1 ms]
      [Ref Enq: 0.0 ms]
      [Free CSet: 0.3 ms]
   [Eden: 142.0M(142.0M)->0.0B(128.0M) Survivors: 20.0M->21.0M Heap: 409.0M(512.0M)->296.3M(512.0M)]
 [Times: user=0.06 sys=0.00, real=0.03 secs] 
2014-07-10T12:29:35.628+0200: 88.800: [GC concurrent-root-region-scan-start]
2014-07-10T12:29:35.629+0200: 88.800: [GC concurrent-root-region-scan-end, 0.0004916 secs]
2014-07-10T12:29:35.629+0200: 88.800: [GC concurrent-mark-start]
2014-07-10T12:29:35.691+0200: 88.863: [GC pause (G1 Evacuation Pause) (young), 0.0289770 secs]
   [Parallel Time: 28.2 ms, GC Workers: 2]
      [GC Worker Start (ms): Min: 88863.1, Avg: 88863.1, Max: 88863.1, Diff: 0.0]
      [Ext Root Scanning (ms): Min: 0.4, Avg: 0.4, Max: 0.5, Diff: 0.1, Sum: 0.9]
      [SATB Filtering (ms): Min: 0.0, Avg: 0.0, Max: 0.0, Diff: 0.0, Sum: 0.0]
      [Update RS (ms): Min: 0.0, Avg: 0.1, Max: 0.1, Diff: 0.1, Sum: 0.1]
         [Processed Buffers: Min: 0, Avg: 1.5, Max: 3, Diff: 3, Sum: 3]
      [Scan RS (ms): Min: 0.2, Avg: 0.2, Max: 0.3, Diff: 0.1, Sum: 0.5]
2014-07-10T12:29:35.721+0200:       [Code Root Scanning (ms): Min: 0.1, Avg: 0.2, Max: 0.2, Diff: 0.1, Sum: 0.3]
88.892:       [Object Copy (ms): Min: 27.2, Avg: 27.3, Max: 27.3, Diff: 0.0, Sum: 54.5]
[GC concurrent-mark-end, 0.0060504 secs]
      [Termination (ms): Min: 0.0, Avg: 0.0, Max: 0.0, Diff: 0.0, Sum: 0.0]
      [GC Worker Other (ms): Min: 0.0, Avg: 0.0, Max: 0.0, Diff: 0.0, Sum: 0.1]
      [GC Worker Total (ms): Min: 28.2, Avg: 28.2, Max: 28.2, Diff: 0.0, Sum: 56.4]
      [GC Worker End (ms): Min: 88891.3, Avg: 88891.3, Max: 88891.3, Diff: 0.0]
   [Code Root Fixup: 0.0 ms]
   [Code Root Migration: 0.0 ms]
   [Clear CT: 0.2 ms]
   [Other: 0.5 ms]
      [Choose CSet: 0.0 ms]
      [Ref Proc: 0.0 ms]
      [Ref Enq: 0.0 ms]
      [Free CSet: 0.3 ms]
   [Eden: 128.0M(128.0M)->0.0B(143.0M) Survivors: 21.0M->19.0M Heap: 424.3M(512.0M)->320.3M(512.0M)]
 [Times: user=0.06 sys=0.00, real=0.03 secs] 
2014-07-10T12:29:35.724+0200: 88.895: [GC remark 88.895: [GC ref-proc, 0.0000594 secs], 0.0015189 secs]
 [Times: user=0.00 sys=0.00, real=0.00 secs] 
2014-07-10T12:29:35.805+0200: 88.976: [GC cleanup 444M->259M(512M), 0.0017096 secs]
 [Times: user=0.00 sys=0.00, real=0.00 secs] 
2014-07-10T12:29:35.806+0200: 88.978: [GC concurrent-cleanup-start]
2014-07-10T12:29:35.807+0200: 88.979: [GC concurrent-cleanup-end, 0.0006255 secs]
2014-07-10T12:29:35.820+0200: 88.991: [GC pause (G1 Evacuation Pause) (young), 0.0357233 secs]
   [Parallel Time: 35.1 ms, GC Workers: 2]
      [GC Worker Start (ms): Min: 88991.3, Avg: 88991.3, Max: 88991.3, Diff: 0.0]
      [Ext Root Scanning (ms): Min: 0.3, Avg: 0.3, Max: 0.3, Diff: 0.0, Sum: 0.7]
      [Update RS (ms): Min: 0.0, Avg: 0.1, Max: 0.1, Diff: 0.1, Sum: 0.1]
         [Processed Buffers: Min: 1, Avg: 1.0, Max: 1, Diff: 0, Sum: 2]
      [Scan RS (ms): Min: 0.2, Avg: 0.3, Max: 0.3, Diff: 0.0, Sum: 0.5]
      [Code Root Scanning (ms): Min: 0.1, Avg: 0.1, Max: 0.1, Diff: 0.0, Sum: 0.2]
      [Object Copy (ms): Min: 34.2, Avg: 34.2, Max: 34.2, Diff: 0.0, Sum: 68.5]
      [Termination (ms): Min: 0.0, Avg: 0.0, Max: 0.0, Diff: 0.0, Sum: 0.0]
      [GC Worker Other (ms): Min: 0.0, Avg: 0.0, Max: 0.0, Diff: 0.0, Sum: 0.1]
      [GC Worker Total (ms): Min: 35.1, Avg: 35.1, Max: 35.1, Diff: 0.0, Sum: 70.1]
      [GC Worker End (ms): Min: 89026.4, Avg: 89026.4, Max: 89026.4, Diff: 0.0]
   [Code Root Fixup: 0.0 ms]
   [Code Root Migration: 0.0 ms]
   [Clear CT: 0.1 ms]
   [Other: 0.5 ms]
      [Choose CSet: 0.0 ms]
      [Ref Proc: 0.0 ms]
      [Ref Enq: 0.0 ms]
      [Free CSet: 0.3 ms]
   [Eden: 143.0M(143.0M)->0.0B(138.0M) Survivors: 19.0M->21.0M Heap: 278.3M(512.0M)->172.3M(512.0M)]
 [Times: user=0.09 sys=0.00, real=0.04 secs] 
2014-07-10T12:29:35.998+0200: 89.169: [GC pause (G1 Evacuation Pause) (mixed), 0.0402273 secs]
   [Parallel Time: 39.4 ms, GC Workers: 2]
      [GC Worker Start (ms): Min: 89169.6, Avg: 89169.6, Max: 89169.7, Diff: 0.1]
      [Ext Root Scanning (ms): Min: 0.3, Avg: 0.3, Max: 0.4, Diff: 0.1, Sum: 0.7]
      [Update RS (ms): Min: 0.0, Avg: 0.0, Max: 0.0, Diff: 0.0, Sum: 0.1]
         [Processed Buffers: Min: 1, Avg: 1.0, Max: 1, Diff: 0, Sum: 2]
      [Scan RS (ms): Min: 0.4, Avg: 0.4, Max: 0.5, Diff: 0.1, Sum: 0.8]
      [Code Root Scanning (ms): Min: 0.1, Avg: 0.1, Max: 0.1, Diff: 0.0, Sum: 0.3]
      [Object Copy (ms): Min: 38.3, Avg: 38.4, Max: 38.4, Diff: 0.0, Sum: 76.7]
      [Termination (ms): Min: 0.0, Avg: 0.0, Max: 0.0, Diff: 0.0, Sum: 0.0]
      [GC Worker Other (ms): Min: 0.0, Avg: 0.0, Max: 0.0, Diff: 0.0, Sum: 0.1]
      [GC Worker Total (ms): Min: 39.3, Avg: 39.3, Max: 39.4, Diff: 0.1, Sum: 78.6]
      [GC Worker End (ms): Min: 89208.9, Avg: 89208.9, Max: 89208.9, Diff: 0.0]
   [Code Root Fixup: 0.0 ms]
   [Code Root Migration: 0.0 ms]
   [Clear CT: 0.1 ms]
   [Other: 0.7 ms]
      [Choose CSet: 0.0 ms]
      [Ref Proc: 0.2 ms]
      [Ref Enq: 0.0 ms]
      [Free CSet: 0.3 ms]
   [Eden: 138.0M(138.0M)->0.0B(125.0M) Survivors: 21.0M->20.0M Heap: 310.3M(512.0M)->205.3M(512.0M)]
 [Times: user=0.05 sys=0.00, real=0.04 secs] 
2014-07-10T12:29:36.098+0200: 89.269: [GC pause (G1 Evacuation Pause) (mixed), 0.0282958 secs]
   [Parallel Time: 27.3 ms, GC Workers: 2]
      [GC Worker Start (ms): Min: 89269.6, Avg: 89269.6, Max: 89269.6, Diff: 0.0]
      [Ext Root Scanning (ms): Min: 0.4, Avg: 0.4, Max: 0.4, Diff: 0.0, Sum: 0.7]
      [Update RS (ms): Min: 0.1, Avg: 0.1, Max: 0.1, Diff: 0.0, Sum: 0.2]
         [Processed Buffers: Min: 1, Avg: 1.5, Max: 2, Diff: 1, Sum: 3]
      [Scan RS (ms): Min: 0.3, Avg: 0.3, Max: 0.4, Diff: 0.1, Sum: 0.7]
      [Code Root Scanning (ms): Min: 0.1, Avg: 0.1, Max: 0.1, Diff: 0.0, Sum: 0.2]
      [Object Copy (ms): Min: 26.3, Avg: 26.4, Max: 26.5, Diff: 0.1, Sum: 52.8]
      [Termination (ms): Min: 0.0, Avg: 0.0, Max: 0.0, Diff: 0.0, Sum: 0.0]
      [GC Worker Other (ms): Min: 0.0, Avg: 0.0, Max: 0.0, Diff: 0.0, Sum: 0.1]
      [GC Worker Total (ms): Min: 27.3, Avg: 27.3, Max: 27.3, Diff: 0.0, Sum: 54.6]
      [GC Worker End (ms): Min: 89296.9, Avg: 89296.9, Max: 89296.9, Diff: 0.0]
   [Code Root Fixup: 0.0 ms]
   [Code Root Migration: 0.0 ms]
   [Clear CT: 0.1 ms]
   [Other: 0.8 ms]
      [Choose CSet: 0.0 ms]
      [Ref Proc: 0.4 ms]
      [Ref Enq: 0.0 ms]
      [Free CSet: 0.3 ms]
   [Eden: 125.0M(125.0M)->0.0B(144.0M) Survivors: 20.0M->19.0M Heap: 330.3M(512.0M)->225.9M(512.0M)]
 [Times: user=0.06 sys=0.00, real=0.03 secs] 
2014-07-10T12:29:36.214+0200: 89.386: [GC pause (G1 Evacuation Pause) (young), 0.0350047 secs]
   [Parallel Time: 34.2 ms, GC Workers: 2]
      [GC Worker Start (ms): Min: 89386.1, Avg: 89386.1, Max: 89386.1, Diff: 0.0]
      [Ext Root Scanning (ms): Min: 0.3, Avg: 0.3, Max: 0.3, Diff: 0.0, Sum: 0.7]
      [Update RS (ms): Min: 0.1, Avg: 0.1, Max: 0.2, Diff: 0.1, Sum: 0.2]
         [Processed Buffers: Min: 1, Avg: 1.5, Max: 2, Diff: 1, Sum: 3]
      [Scan RS (ms): Min: 0.2, Avg: 0.2, Max: 0.3, Diff: 0.0, Sum: 0.5]
      [Code Root Scanning (ms): Min: 0.1, Avg: 0.1, Max: 0.1, Diff: 0.0, Sum: 0.2]
      [Object Copy (ms): Min: 33.4, Avg: 33.4, Max: 33.4, Diff: 0.0, Sum: 66.8]
      [Termination (ms): Min: 0.0, Avg: 0.0, Max: 0.0, Diff: 0.0, Sum: 0.0]
      [GC Worker Other (ms): Min: 0.0, Avg: 0.0, Max: 0.0, Diff: 0.0, Sum: 0.1]
      [GC Worker Total (ms): Min: 34.2, Avg: 34.2, Max: 34.2, Diff: 0.0, Sum: 68.5]
      [GC Worker End (ms): Min: 89420.3, Avg: 89420.3, Max: 89420.3, Diff: 0.0]
   [Code Root Fixup: 0.0 ms]
   [Code Root Migration: 0.0 ms]
   [Clear CT: 0.3 ms]
   [Other: 0.4 ms]
      [Choose CSet: 0.0 ms]
      [Ref Proc: 0.0 ms]
      [Ref Enq: 0.0 ms]
      [Free CSet: 0.3 ms]
   [Eden: 144.0M(144.0M)->0.0B(142.0M) Survivors: 19.0M->21.0M Heap: 369.9M(512.0M)->261.4M(512.0M)]
 [Times: user=0.06 sys=0.00, real=0.04 secs] 
2014-07-10T12:29:36.394+0200: 89.566: [GC pause (G1 Evacuation Pause) (young) (initial-mark), 0.0411871 secs]
   [Parallel Time: 40.2 ms, GC Workers: 2]
      [GC Worker Start (ms): Min: 89566.2, Avg: 89566.2, Max: 89566.2, Diff: 0.0]
      [Ext Root Scanning (ms): Min: 0.4, Avg: 0.4, Max: 0.4, Diff: 0.0, Sum: 0.7]
      [Code Root Marking (ms): Min: 0.1, Avg: 0.1, Max: 0.1, Diff: 0.0, Sum: 0.1]
      [Update RS (ms): Min: 0.0, Avg: 0.0, Max: 0.1, Diff: 0.1, Sum: 0.1]
         [Processed Buffers: Min: 1, Avg: 1.0, Max: 1, Diff: 0, Sum: 2]
      [Scan RS (ms): Min: 0.2, Avg: 0.3, Max: 0.3, Diff: 0.0, Sum: 0.5]
      [Code Root Scanning (ms): Min: 0.1, Avg: 0.1, Max: 0.1, Diff: 0.0, Sum: 0.2]
      [Object Copy (ms): Min: 39.3, Avg: 39.3, Max: 39.3, Diff: 0.0, Sum: 78.6]
      [Termination (ms): Min: 0.0, Avg: 0.0, Max: 0.0, Diff: 0.0, Sum: 0.0]
      [GC Worker Other (ms): Min: 0.0, Avg: 0.0, Max: 0.0, Diff: 0.0, Sum: 0.1]
      [GC Worker Total (ms): Min: 40.2, Avg: 40.2, Max: 40.2, Diff: 0.0, Sum: 80.4]
      [GC Worker End (ms): Min: 89606.4, Avg: 89606.4, Max: 89606.4, Diff: 0.0]
   [Code Root Fixup: 0.0 ms]
   [Code Root Migration: 0.0 ms]
   [Clear CT: 0.1 ms]
   [Other: 0.8 ms]
      [Choose CSet: 0.0 ms]
      [Ref Proc: 0.3 ms]
      [Ref Enq: 0.0 ms]
      [Free CSet: 0.3 ms]
   [Eden: 142.0M(142.0M)->0.0B(129.0M) Survivors: 21.0M->21.0M Heap: 403.4M(512.0M)->304.7M(512.0M)]
 [Times: user=0.09 sys=0.00, real=0.04 secs] 
2014-07-10T12:29:36.436+0200: 89.607: [GC concurrent-root-region-scan-start]
2014-07-10T12:29:36.436+0200: 89.608: [GC concurrent-root-region-scan-end, 0.0005866 secs]
2014-07-10T12:29:36.436+0200: 89.608: [GC concurrent-mark-start]
2014-07-10T12:29:36.498+0200: 89.670: [GC pause (G1 Evacuation Pause) (young)2014-07-10T12:29:36.518+0200: 89.689: [GC concurrent-mark-end, 0.0062972 secs]
, 0.0391014 secs]
   [Parallel Time: 38.5 ms, GC Workers: 2]
      [GC Worker Start (ms): Min: 89670.2, Avg: 89670.2, Max: 89670.3, Diff: 0.1]
      [Ext Root Scanning (ms): Min: 0.2, Avg: 0.3, Max: 0.4, Diff: 0.1, Sum: 0.6]
      [SATB Filtering (ms): Min: 0.0, Avg: 0.0, Max: 0.0, Diff: 0.0, Sum: 0.0]
      [Update RS (ms): Min: 0.0, Avg: 0.0, Max: 0.0, Diff: 0.0, Sum: 0.1]
         [Processed Buffers: Min: 1, Avg: 1.0, Max: 1, Diff: 0, Sum: 2]
      [Scan RS (ms): Min: 0.2, Avg: 0.3, Max: 0.3, Diff: 0.1, Sum: 0.5]
      [Code Root Scanning (ms): Min: 0.1, Avg: 0.2, Max: 0.2, Diff: 0.1, Sum: 0.4]
      [Object Copy (ms): Min: 37.6, Avg: 37.6, Max: 37.6, Diff: 0.0, Sum: 75.1]
      [Termination (ms): Min: 0.0, Avg: 0.0, Max: 0.0, Diff: 0.0, Sum: 0.0]
      [GC Worker Other (ms): Min: 0.0, Avg: 0.0, Max: 0.0, Diff: 0.0, Sum: 0.1]
      [GC Worker Total (ms): Min: 38.3, Avg: 38.4, Max: 38.4, Diff: 0.1, Sum: 76.7]
      [GC Worker End (ms): Min: 89708.6, Avg: 89708.6, Max: 89708.6, Diff: 0.0]
   [Code Root Fixup: 0.0 ms]
   [Code Root Migration: 0.0 ms]
   [Clear CT: 0.1 ms]
   [Other: 0.5 ms]
      [Choose CSet: 0.0 ms]
      [Ref Proc: 0.1 ms]
      [Ref Enq: 0.0 ms]
      [Free CSet: 0.3 ms]
   [Eden: 129.0M(129.0M)->0.0B(145.0M) Survivors: 21.0M->19.0M Heap: 433.7M(512.0M)->344.9M(512.0M)]
 [Times: user=0.06 sys=0.00, real=0.04 secs] 
2014-07-10T12:29:36.538+0200: 89.710: [GC remark 89.710: [GC ref-proc, 0.0000532 secs], 0.0012139 secs]
 [Times: user=0.00 sys=0.00, real=0.00 secs] 
2014-07-10T12:29:36.618+0200: 89.789: [GC cleanup 488M->306M(512M), 0.0018430 secs]
 [Times: user=0.00 sys=0.03, real=0.00 secs] 
2014-07-10T12:29:36.620+0200: 89.791: [GC concurrent-cleanup-start]
2014-07-10T12:29:36.620+0200: 89.792: [GC concurrent-cleanup-end, 0.0005378 secs]
2014-07-10T12:29:36.621+0200: 89.792: [GC pause (G1 Evacuation Pause) (young), 0.0413029 secs]
   [Parallel Time: 40.6 ms, GC Workers: 2]
      [GC Worker Start (ms): Min: 89792.4, Avg: 89792.4, Max: 89792.4, Diff: 0.0]
      [Ext Root Scanning (ms): Min: 0.3, Avg: 0.3, Max: 0.3, Diff: 0.0, Sum: 0.5]
      [Update RS (ms): Min: 0.0, Avg: 0.0, Max: 0.0, Diff: 0.0, Sum: 0.1]
         [Processed Buffers: Min: 1, Avg: 1.5, Max: 2, Diff: 1, Sum: 3]
      [Scan RS (ms): Min: 0.2, Avg: 0.2, Max: 0.2, Diff: 0.0, Sum: 0.4]
      [Code Root Scanning (ms): Min: 0.1, Avg: 0.1, Max: 0.1, Diff: 0.0, Sum: 0.2]
      [Object Copy (ms): Min: 39.9, Avg: 39.9, Max: 39.9, Diff: 0.0, Sum: 79.8]
      [Termination (ms): Min: 0.0, Avg: 0.0, Max: 0.0, Diff: 0.0, Sum: 0.0]
      [GC Worker Other (ms): Min: 0.0, Avg: 0.0, Max: 0.0, Diff: 0.0, Sum: 0.1]
      [GC Worker Total (ms): Min: 40.5, Avg: 40.5, Max: 40.5, Diff: 0.0, Sum: 81.1]
      [GC Worker End (ms): Min: 89833.0, Avg: 89833.0, Max: 89833.0, Diff: 0.0]
   [Code Root Fixup: 0.0 ms]
   [Code Root Migration: 0.0 ms]
   [Clear CT: 0.3 ms]
   [Other: 0.4 ms]
      [Choose CSet: 0.0 ms]
      [Ref Proc: 0.1 ms]
      [Ref Enq: 0.0 ms]
      [Free CSet: 0.3 ms]
   [Eden: 145.0M(145.0M)->0.0B(147.0M) Survivors: 19.0M->21.0M Heap: 307.9M(512.0M)->209.9M(512.0M)]
 [Times: user=0.06 sys=0.00, real=0.04 secs] 
2014-07-10T12:29:36.800+0200: 89.972: [GC pause (G1 Evacuation Pause) (mixed), 0.0110857 secs]
   [Parallel Time: 10.3 ms, GC Workers: 2]
      [GC Worker Start (ms): Min: 89972.0, Avg: 89972.0, Max: 89972.0, Diff: 0.0]
      [Ext Root Scanning (ms): Min: 0.4, Avg: 0.4, Max: 0.4, Diff: 0.0, Sum: 0.7]
      [Update RS (ms): Min: 0.0, Avg: 0.0, Max: 0.1, Diff: 0.0, Sum: 0.1]
         [Processed Buffers: Min: 1, Avg: 1.5, Max: 2, Diff: 1, Sum: 3]
      [Scan RS (ms): Min: 0.3, Avg: 0.3, Max: 0.3, Diff: 0.0, Sum: 0.6]
      [Code Root Scanning (ms): Min: 0.1, Avg: 0.1, Max: 0.1, Diff: 0.0, Sum: 0.2]
      [Object Copy (ms): Min: 9.4, Avg: 9.4, Max: 9.4, Diff: 0.0, Sum: 18.8]
      [Termination (ms): Min: 0.0, Avg: 0.0, Max: 0.0, Diff: 0.0, Sum: 0.0]
      [GC Worker Other (ms): Min: 0.0, Avg: 0.0, Max: 0.0, Diff: 0.0, Sum: 0.1]
      [GC Worker Total (ms): Min: 10.2, Avg: 10.2, Max: 10.2, Diff: 0.0, Sum: 20.5]
      [GC Worker End (ms): Min: 89982.3, Avg: 89982.3, Max: 89982.3, Diff: 0.0]
   [Code Root Fixup: 0.0 ms]
   [Code Root Migration: 0.0 ms]
   [Clear CT: 0.2 ms]
   [Other: 0.5 ms]
      [Choose CSet: 0.0 ms]
      [Ref Proc: 0.2 ms]
      [Ref Enq: 0.0 ms]
      [Free CSet: 0.3 ms]
   [Eden: 147.0M(147.0M)->0.0B(134.0M) Survivors: 21.0M->15.0M Heap: 356.9M(512.0M)->197.9M(512.0M)]
 [Times: user=0.03 sys=0.00, real=0.01 secs] 
2014-07-10T12:29:36.969+0200: 90.141: [GC pause (G1 Evacuation Pause) (young), 0.0201615 secs]
   [Parallel Time: 18.6 ms, GC Workers: 2]
      [GC Worker Start (ms): Min: 90141.3, Avg: 90141.3, Max: 90141.3, Diff: 0.0]
      [Ext Root Scanning (ms): Min: 0.6, Avg: 0.6, Max: 0.6, Diff: 0.0, Sum: 1.1]
      [Update RS (ms): Min: 0.0, Avg: 0.2, Max: 0.3, Diff: 0.3, Sum: 0.4]
         [Processed Buffers: Min: 1, Avg: 1.5, Max: 2, Diff: 1, Sum: 3]
      [Scan RS (ms): Min: 0.3, Avg: 0.4, Max: 0.5, Diff: 0.2, Sum: 0.8]
      [Code Root Scanning (ms): Min: 0.1, Avg: 0.1, Max: 0.2, Diff: 0.1, Sum: 0.3]
      [Object Copy (ms): Min: 17.2, Avg: 17.2, Max: 17.2, Diff: 0.0, Sum: 34.3]
      [Termination (ms): Min: 0.0, Avg: 0.0, Max: 0.0, Diff: 0.0, Sum: 0.0]
      [GC Worker Other (ms): Min: 0.0, Avg: 0.0, Max: 0.1, Diff: 0.0, Sum: 0.1]
      [GC Worker Total (ms): Min: 18.5, Avg: 18.5, Max: 18.5, Diff: 0.0, Sum: 37.1]
      [GC Worker End (ms): Min: 90159.8, Avg: 90159.8, Max: 90159.8, Diff: 0.0]
   [Code Root Fixup: 0.0 ms]
   [Code Root Migration: 0.1 ms]
   [Clear CT: 0.2 ms]
   [Other: 1.3 ms]
      [Choose CSet: 0.0 ms]
      [Ref Proc: 0.5 ms]
      [Ref Enq: 0.0 ms]
      [Free CSet: 0.5 ms]
   [Eden: 134.0M(134.0M)->0.0B(120.0M) Survivors: 15.0M->17.0M Heap: 331.9M(512.0M)->199.8M(512.0M)]
 [Times: user=0.03 sys=0.00, real=0.02 secs] 
2014-07-10T12:29:37.053+0200: 90.224: [GC pause (G1 Evacuation Pause) (young), 0.0045179 secs]
   [Parallel Time: 4.0 ms, GC Workers: 2]
      [GC Worker Start (ms): Min: 90224.6, Avg: 90224.6, Max: 90224.6, Diff: 0.0]
      [Ext Root Scanning (ms): Min: 0.3, Avg: 0.3, Max: 0.3, Diff: 0.0, Sum: 0.7]
      [Update RS (ms): Min: 0.0, Avg: 0.0, Max: 0.0, Diff: 0.0, Sum: 0.1]
         [Processed Buffers: Min: 1, Avg: 1.0, Max: 1, Diff: 0, Sum: 2]
      [Scan RS (ms): Min: 0.2, Avg: 0.2, Max: 0.2, Diff: 0.0, Sum: 0.4]
      [Code Root Scanning (ms): Min: 0.1, Avg: 0.1, Max: 0.1, Diff: 0.0, Sum: 0.2]
      [Object Copy (ms): Min: 3.3, Avg: 3.3, Max: 3.3, Diff: 0.0, Sum: 6.6]
      [Termination (ms): Min: 0.0, Avg: 0.0, Max: 0.0, Diff: 0.0, Sum: 0.0]
      [GC Worker Other (ms): Min: 0.0, Avg: 0.0, Max: 0.0, Diff: 0.0, Sum: 0.1]
      [GC Worker Total (ms): Min: 4.0, Avg: 4.0, Max: 4.0, Diff: 0.0, Sum: 7.9]
      [GC Worker End (ms): Min: 90228.6, Avg: 90228.6, Max: 90228.6, Diff: 0.0]
   [Code Root Fixup: 0.0 ms]
   [Code Root Migration: 0.0 ms]
   [Clear CT: 0.1 ms]
   [Other: 0.4 ms]
      [Choose CSet: 0.0 ms]
      [Ref Proc: 0.1 ms]
      [Ref Enq: 0.0 ms]
      [Free CSet: 0.2 ms]
   [Eden: 120.0M(120.0M)->0.0B(134.0M) Survivors: 17.0M->5120.0K Heap: 319.8M(512.0M)->187.7M(512.0M)]
 [Times: user=0.03 sys=0.00, real=0.01 secs] 
2014-07-10T12:29:37.194+0200: 90.366: [GC pause (G1 Evacuation Pause) (young), 0.0360367 secs]
   [Parallel Time: 35.5 ms, GC Workers: 2]
      [GC Worker Start (ms): Min: 90365.8, Avg: 90365.8, Max: 90365.8, Diff: 0.0]
      [Ext Root Scanning (ms): Min: 0.3, Avg: 0.3, Max: 0.3, Diff: 0.0, Sum: 0.7]
      [Update RS (ms): Min: 0.0, Avg: 0.1, Max: 0.1, Diff: 0.1, Sum: 0.2]
         [Processed Buffers: Min: 1, Avg: 1.5, Max: 2, Diff: 1, Sum: 3]
      [Scan RS (ms): Min: 0.2, Avg: 0.2, Max: 0.3, Diff: 0.0, Sum: 0.5]
      [Code Root Scanning (ms): Min: 0.1, Avg: 0.1, Max: 0.1, Diff: 0.0, Sum: 0.2]
      [Object Copy (ms): Min: 34.6, Avg: 34.6, Max: 34.7, Diff: 0.0, Sum: 69.3]
      [Termination (ms): Min: 0.0, Avg: 0.0, Max: 0.0, Diff: 0.0, Sum: 0.0]
      [GC Worker Other (ms): Min: 0.0, Avg: 0.0, Max: 0.0, Diff: 0.0, Sum: 0.1]
      [GC Worker Total (ms): Min: 35.4, Avg: 35.4, Max: 35.4, Diff: 0.0, Sum: 70.9]
      [GC Worker End (ms): Min: 90401.3, Avg: 90401.3, Max: 90401.3, Diff: 0.0]
   [Code Root Fixup: 0.0 ms]
   [Code Root Migration: 0.0 ms]
   [Clear CT: 0.2 ms]
   [Other: 0.4 ms]
      [Choose CSet: 0.0 ms]
      [Ref Proc: 0.0 ms]
      [Ref Enq: 0.0 ms]
      [Free CSet: 0.2 ms]
   [Eden: 134.0M(134.0M)->0.0B(122.0M) Survivors: 5120.0K->18.0M Heap: 321.7M(512.0M)->238.4M(512.0M)]
 [Times: user=0.09 sys=0.00, real=0.04 secs] 
2014-07-10T12:29:37.296+0200: 90.468: [GC pause (G1 Evacuation Pause) (young), 0.0285015 secs]
   [Parallel Time: 27.8 ms, GC Workers: 2]
      [GC Worker Start (ms): Min: 90467.8, Avg: 90467.8, Max: 90467.8, Diff: 0.0]
      [Ext Root Scanning (ms): Min: 0.3, Avg: 0.3, Max: 0.3, Diff: 0.0, Sum: 0.5]
      [Update RS (ms): Min: 0.0, Avg: 0.1, Max: 0.1, Diff: 0.1, Sum: 0.1]
         [Processed Buffers: Min: 1, Avg: 1.5, Max: 2, Diff: 1, Sum: 3]
      [Scan RS (ms): Min: 0.2, Avg: 0.2, Max: 0.2, Diff: 0.0, Sum: 0.4]
      [Code Root Scanning (ms): Min: 0.1, Avg: 0.1, Max: 0.1, Diff: 0.0, Sum: 0.2]
      [Object Copy (ms): Min: 27.1, Avg: 27.1, Max: 27.1, Diff: 0.0, Sum: 54.2]
      [Termination (ms): Min: 0.0, Avg: 0.0, Max: 0.0, Diff: 0.0, Sum: 0.0]
      [GC Worker Other (ms): Min: 0.0, Avg: 0.0, Max: 0.0, Diff: 0.0, Sum: 0.1]
      [GC Worker Total (ms): Min: 27.7, Avg: 27.7, Max: 27.7, Diff: 0.0, Sum: 55.5]
      [GC Worker End (ms): Min: 90495.5, Avg: 90495.5, Max: 90495.5, Diff: 0.0]
   [Code Root Fixup: 0.0 ms]
   [Code Root Migration: 0.0 ms]
   [Clear CT: 0.1 ms]
   [Other: 0.6 ms]
      [Choose CSet: 0.0 ms]
      [Ref Proc: 0.2 ms]
      [Ref Enq: 0.0 ms]
      [Free CSet: 0.2 ms]
   [Eden: 122.0M(122.0M)->0.0B(134.0M) Survivors: 18.0M->18.0M Heap: 360.4M(512.0M)->265.6M(512.0M)]
 [Times: user=0.06 sys=0.00, real=0.03 secs] 
2014-07-10T12:29:37.409+0200: 90.581: [GC pause (G1 Evacuation Pause) (young) (initial-mark), 0.0307441 secs]
   [Parallel Time: 29.7 ms, GC Workers: 2]
      [GC Worker Start (ms): Min: 90580.7, Avg: 90580.7, Max: 90580.7, Diff: 0.0]
      [Ext Root Scanning (ms): Min: 0.5, Avg: 0.5, Max: 0.6, Diff: 0.1, Sum: 1.1]
      [Code Root Marking (ms): Min: 0.0, Avg: 0.1, Max: 0.1, Diff: 0.1, Sum: 0.1]
      [Update RS (ms): Min: 0.0, Avg: 0.1, Max: 0.1, Diff: 0.0, Sum: 0.1]
         [Processed Buffers: Min: 1, Avg: 1.5, Max: 2, Diff: 1, Sum: 3]
      [Scan RS (ms): Min: 0.2, Avg: 0.2, Max: 0.2, Diff: 0.0, Sum: 0.4]
      [Code Root Scanning (ms): Min: 0.1, Avg: 0.1, Max: 0.1, Diff: 0.0, Sum: 0.2]
      [Object Copy (ms): Min: 28.6, Avg: 28.6, Max: 28.6, Diff: 0.0, Sum: 57.2]
      [Termination (ms): Min: 0.0, Avg: 0.0, Max: 0.0, Diff: 0.0, Sum: 0.0]
      [GC Worker Other (ms): Min: 0.0, Avg: 0.0, Max: 0.0, Diff: 0.0, Sum: 0.1]
      [GC Worker Total (ms): Min: 29.6, Avg: 29.6, Max: 29.6, Diff: 0.0, Sum: 59.3]
      [GC Worker End (ms): Min: 90610.3, Avg: 90610.3, Max: 90610.3, Diff: 0.0]
   [Code Root Fixup: 0.0 ms]
   [Code Root Migration: 0.0 ms]
   [Clear CT: 0.2 ms]
   [Other: 0.9 ms]
      [Choose CSet: 0.0 ms]
      [Ref Proc: 0.4 ms]
      [Ref Enq: 0.0 ms]
      [Free CSet: 0.3 ms]
   [Eden: 134.0M(134.0M)->0.0B(134.0M) Survivors: 18.0M->19.0M Heap: 399.6M(512.0M)->294.6M(512.0M)]
 [Times: user=0.06 sys=0.00, real=0.03 secs] 
2014-07-10T12:29:37.440+0200: 90.612: [GC concurrent-root-region-scan-start]
2014-07-10T12:29:37.440+0200: 90.612: [GC concurrent-root-region-scan-end, 0.0004531 secs]
2014-07-10T12:29:37.440+0200: 90.612: [GC concurrent-mark-start]
2014-07-10T12:29:37.519+0200: 90.690: [GC concurrent-mark-end, 0.0063929 secs]
2014-07-10T12:29:37.519+0200: 90.690: [GC remark 90.690: [GC ref-proc, 0.0000594 secs], 0.0011813 secs]
 [Times: user=0.00 sys=0.00, real=0.00 secs] 
2014-07-10T12:29:37.589+0200: 90.761: [GC pause (G1 Evacuation Pause) (young), 0.0317879 secs]
   [Parallel Time: 30.9 ms, GC Workers: 2]
      [GC Worker Start (ms): Min: 90761.0, Avg: 90761.0, Max: 90761.0, Diff: 0.0]
      [Ext Root Scanning (ms): Min: 0.6, Avg: 0.6, Max: 0.6, Diff: 0.0, Sum: 1.2]
      [SATB Filtering (ms): Min: 0.0, Avg: 0.0, Max: 0.0, Diff: 0.0, Sum: 0.0]
      [Update RS (ms): Min: 0.1, Avg: 0.1, Max: 0.1, Diff: 0.0, Sum: 0.2]
         [Processed Buffers: Min: 1, Avg: 1.5, Max: 2, Diff: 1, Sum: 3]
      [Scan RS (ms): Min: 0.4, Avg: 0.4, Max: 0.4, Diff: 0.0, Sum: 0.9]
      [Code Root Scanning (ms): Min: 0.1, Avg: 0.1, Max: 0.2, Diff: 0.0, Sum: 0.3]
      [Object Copy (ms): Min: 29.5, Avg: 29.5, Max: 29.6, Diff: 0.0, Sum: 59.1]
      [Termination (ms): Min: 0.0, Avg: 0.0, Max: 0.0, Diff: 0.0, Sum: 0.0]
      [GC Worker Other (ms): Min: 0.0, Avg: 0.1, Max: 0.1, Diff: 0.0, Sum: 0.1]
      [GC Worker Total (ms): Min: 30.9, Avg: 30.9, Max: 30.9, Diff: 0.0, Sum: 61.7]
      [GC Worker End (ms): Min: 90791.8, Avg: 90791.8, Max: 90791.8, Diff: 0.0]
   [Code Root Fixup: 0.0 ms]
   [Code Root Migration: 0.0 ms]
   [Clear CT: 0.2 ms]
   [Other: 0.6 ms]
      [Choose CSet: 0.0 ms]
      [Ref Proc: 0.1 ms]
      [Ref Enq: 0.0 ms]
      [Free CSet: 0.3 ms]
   [Eden: 134.0M(134.0M)->0.0B(121.0M) Survivors: 19.0M->20.0M Heap: 428.6M(512.0M)->316.5M(512.0M)]
 [Times: user=0.06 sys=0.00, real=0.03 secs] 
2014-07-10T12:29:37.621+0200: 90.793: [GC cleanup 316M->127M(512M), 0.0013056 secs]
 [Times: user=0.00 sys=0.00, real=0.00 secs] 
2014-07-10T12:29:37.623+0200: 90.794: [GC concurrent-cleanup-start]
2014-07-10T12:29:37.623+0200: 90.795: [GC concurrent-cleanup-end, 0.0004081 secs]
2014-07-10T12:29:37.685+0200: 90.856: [GC pause (G1 Evacuation Pause) (young), 0.0197303 secs]
   [Parallel Time: 19.1 ms, GC Workers: 2]
      [GC Worker Start (ms): Min: 90856.3, Avg: 90856.3, Max: 90856.3, Diff: 0.0]
      [Ext Root Scanning (ms): Min: 0.3, Avg: 0.3, Max: 0.3, Diff: 0.0, Sum: 0.7]
      [Update RS (ms): Min: 0.0, Avg: 0.0, Max: 0.1, Diff: 0.0, Sum: 0.1]
         [Processed Buffers: Min: 1, Avg: 1.5, Max: 2, Diff: 1, Sum: 3]
      [Scan RS (ms): Min: 0.2, Avg: 0.2, Max: 0.2, Diff: 0.0, Sum: 0.4]
      [Code Root Scanning (ms): Min: 0.1, Avg: 0.1, Max: 0.1, Diff: 0.0, Sum: 0.2]
      [Object Copy (ms): Min: 18.3, Avg: 18.3, Max: 18.3, Diff: 0.0, Sum: 36.7]
      [Termination (ms): Min: 0.0, Avg: 0.0, Max: 0.0, Diff: 0.0, Sum: 0.0]
      [GC Worker Other (ms): Min: 0.0, Avg: 0.0, Max: 0.0, Diff: 0.0, Sum: 0.1]
      [GC Worker Total (ms): Min: 19.1, Avg: 19.1, Max: 19.1, Diff: 0.0, Sum: 38.1]
      [GC Worker End (ms): Min: 90875.3, Avg: 90875.3, Max: 90875.3, Diff: 0.0]
   [Code Root Fixup: 0.0 ms]
   [Code Root Migration: 0.0 ms]
   [Clear CT: 0.1 ms]
   [Other: 0.5 ms]
      [Choose CSet: 0.0 ms]
      [Ref Proc: 0.1 ms]
      [Ref Enq: 0.0 ms]
      [Free CSet: 0.2 ms]
   [Eden: 121.0M(121.0M)->0.0B(137.0M) Survivors: 20.0M->18.0M Heap: 248.5M(512.0M)->137.3M(512.0M)]
 [Times: user=0.03 sys=0.00, real=0.02 secs] 
2014-07-10T12:29:37.803+0200: 90.975: [GC pause (G1 Evacuation Pause) (mixed), 0.0228899 secs]
   [Parallel Time: 22.2 ms, GC Workers: 2]
      [GC Worker Start (ms): Min: 90974.6, Avg: 90974.6, Max: 90974.6, Diff: 0.0]
      [Ext Root Scanning (ms): Min: 0.4, Avg: 0.4, Max: 0.4, Diff: 0.0, Sum: 0.7]
      [Update RS (ms): Min: 0.0, Avg: 0.0, Max: 0.0, Diff: 0.0, Sum: 0.1]
         [Processed Buffers: Min: 1, Avg: 1.5, Max: 2, Diff: 1, Sum: 3]
      [Scan RS (ms): Min: 0.2, Avg: 0.3, Max: 0.3, Diff: 0.1, Sum: 0.5]
      [Code Root Scanning (ms): Min: 0.1, Avg: 0.2, Max: 0.2, Diff: 0.1, Sum: 0.3]
      [Object Copy (ms): Min: 21.3, Avg: 21.3, Max: 21.3, Diff: 0.0, Sum: 42.7]
      [Termination (ms): Min: 0.0, Avg: 0.0, Max: 0.0, Diff: 0.0, Sum: 0.0]
      [GC Worker Other (ms): Min: 0.0, Avg: 0.0, Max: 0.0, Diff: 0.0, Sum: 0.1]
      [GC Worker Total (ms): Min: 22.2, Avg: 22.2, Max: 22.2, Diff: 0.0, Sum: 44.4]
      [GC Worker End (ms): Min: 90996.8, Avg: 90996.8, Max: 90996.8, Diff: 0.0]
   [Code Root Fixup: 0.0 ms]
   [Code Root Migration: 0.0 ms]
   [Clear CT: 0.1 ms]
   [Other: 0.5 ms]
      [Choose CSet: 0.0 ms]
      [Ref Proc: 0.1 ms]
      [Ref Enq: 0.0 ms]
      [Free CSet: 0.3 ms]
   [Eden: 137.0M(137.0M)->0.0B(131.0M) Survivors: 18.0M->20.0M Heap: 274.3M(512.0M)->148.1M(512.0M)]
 [Times: user=0.03 sys=0.03, real=0.02 secs] 
2014-07-10T12:29:37.984+0200: 91.156: [GC pause (G1 Evacuation Pause) (young), 0.0251725 secs]
   [Parallel Time: 24.3 ms, GC Workers: 2]
      [GC Worker Start (ms): Min: 91156.1, Avg: 91156.1, Max: 91156.1, Diff: 0.0]
      [Ext Root Scanning (ms): Min: 0.6, Avg: 0.6, Max: 0.6, Diff: 0.0, Sum: 1.2]
      [Update RS (ms): Min: 0.1, Avg: 0.2, Max: 0.3, Diff: 0.2, Sum: 0.4]
         [Processed Buffers: Min: 1, Avg: 1.5, Max: 2, Diff: 1, Sum: 3]
      [Scan RS (ms): Min: 0.3, Avg: 0.4, Max: 0.5, Diff: 0.2, Sum: 0.8]
      [Code Root Scanning (ms): Min: 0.2, Avg: 0.2, Max: 0.2, Diff: 0.0, Sum: 0.4]
      [Object Copy (ms): Min: 22.8, Avg: 22.8, Max: 22.8, Diff: 0.0, Sum: 45.5]
      [Termination (ms): Min: 0.0, Avg: 0.1, Max: 0.1, Diff: 0.1, Sum: 0.1]
      [GC Worker Other (ms): Min: 0.0, Avg: 0.0, Max: 0.0, Diff: 0.0, Sum: 0.1]
      [GC Worker Total (ms): Min: 24.2, Avg: 24.2, Max: 24.3, Diff: 0.0, Sum: 48.5]
      [GC Worker End (ms): Min: 91180.3, Avg: 91180.3, Max: 91180.3, Diff: 0.1]
   [Code Root Fixup: 0.0 ms]
   [Code Root Migration: 0.0 ms]
   [Clear CT: 0.2 ms]
   [Other: 0.6 ms]
      [Choose CSet: 0.0 ms]
      [Ref Proc: 0.1 ms]
      [Ref Enq: 0.0 ms]
      [Free CSet: 0.3 ms]
   [Eden: 131.0M(131.0M)->0.0B(118.0M) Survivors: 20.0M->19.0M Heap: 279.1M(512.0M)->161.5M(512.0M)]
 [Times: user=0.06 sys=0.00, real=0.03 secs] 
2014-07-10T12:29:38.066+0200: 91.237: [GC pause (G1 Evacuation Pause) (young), 0.0062183 secs]
   [Parallel Time: 5.6 ms, GC Workers: 2]
      [GC Worker Start (ms): Min: 91237.5, Avg: 91237.5, Max: 91237.5, Diff: 0.0]
      [Ext Root Scanning (ms): Min: 0.3, Avg: 0.3, Max: 0.3, Diff: 0.0, Sum: 0.7]
      [Update RS (ms): Min: 0.0, Avg: 0.0, Max: 0.1, Diff: 0.0, Sum: 0.1]
         [Processed Buffers: Min: 2, Avg: 2.0, Max: 2, Diff: 0, Sum: 4]
      [Scan RS (ms): Min: 0.2, Avg: 0.2, Max: 0.2, Diff: 0.0, Sum: 0.4]
      [Code Root Scanning (ms): Min: 0.1, Avg: 0.1, Max: 0.1, Diff: 0.0, Sum: 0.2]
      [Object Copy (ms): Min: 4.8, Avg: 4.8, Max: 4.8, Diff: 0.0, Sum: 9.6]
      [Termination (ms): Min: 0.0, Avg: 0.0, Max: 0.0, Diff: 0.0, Sum: 0.0]
      [GC Worker Other (ms): Min: 0.0, Avg: 0.0, Max: 0.0, Diff: 0.0, Sum: 0.1]
      [GC Worker Total (ms): Min: 5.5, Avg: 5.5, Max: 5.5, Diff: 0.0, Sum: 11.0]
      [GC Worker End (ms): Min: 91243.0, Avg: 91243.0, Max: 91243.0, Diff: 0.0]
   [Code Root Fixup: 0.0 ms]
   [Code Root Migration: 0.0 ms]
   [Clear CT: 0.1 ms]
   [Other: 0.5 ms]
      [Choose CSet: 0.0 ms]
      [Ref Proc: 0.1 ms]
      [Ref Enq: 0.0 ms]
      [Free CSet: 0.2 ms]
   [Eden: 118.0M(118.0M)->0.0B(140.0M) Survivors: 19.0M->8192.0K Heap: 279.5M(512.0M)->149.8M(512.0M)]
 [Times: user=0.03 sys=0.00, real=0.01 secs] 
2014-07-10T12:29:38.203+0200: 91.375: [GC pause (G1 Evacuation Pause) (young), 0.0117456 secs]
   [Parallel Time: 11.0 ms, GC Workers: 2]
      [GC Worker Start (ms): Min: 91375.0, Avg: 91375.1, Max: 91375.1, Diff: 0.0]
      [Ext Root Scanning (ms): Min: 0.4, Avg: 0.4, Max: 0.4, Diff: 0.0, Sum: 0.8]
      [Update RS (ms): Min: 0.0, Avg: 0.1, Max: 0.1, Diff: 0.1, Sum: 0.1]
         [Processed Buffers: Min: 1, Avg: 1.5, Max: 2, Diff: 1, Sum: 3]
      [Scan RS (ms): Min: 0.2, Avg: 0.3, Max: 0.3, Diff: 0.1, Sum: 0.5]
      [Code Root Scanning (ms): Min: 0.1, Avg: 0.1, Max: 0.1, Diff: 0.0, Sum: 0.2]
      [Object Copy (ms): Min: 10.1, Avg: 10.1, Max: 10.1, Diff: 0.0, Sum: 20.2]
      [Termination (ms): Min: 0.0, Avg: 0.0, Max: 0.0, Diff: 0.0, Sum: 0.0]
      [GC Worker Other (ms): Min: 0.0, Avg: 0.0, Max: 0.0, Diff: 0.0, Sum: 0.1]
      [GC Worker Total (ms): Min: 11.0, Avg: 11.0, Max: 11.0, Diff: 0.0, Sum: 21.9]
      [GC Worker End (ms): Min: 91386.0, Avg: 91386.0, Max: 91386.0, Diff: 0.0]
   [Code Root Fixup: 0.0 ms]
   [Code Root Migration: 0.0 ms]
   [Clear CT: 0.1 ms]
   [Other: 0.5 ms]
      [Choose CSet: 0.0 ms]
      [Ref Proc: 0.1 ms]
      [Ref Enq: 0.0 ms]
      [Free CSet: 0.3 ms]
   [Eden: 140.0M(140.0M)->0.0B(128.0M) Survivors: 8192.0K->16.0M Heap: 289.8M(512.0M)->157.7M(512.0M)]
 [Times: user=0.03 sys=0.00, real=0.01 secs] 
2014-07-10T12:29:38.359+0200: 91.531: [GC pause (G1 Evacuation Pause) (young), 0.0088122 secs]
   [Parallel Time: 8.1 ms, GC Workers: 2]
      [GC Worker Start (ms): Min: 91531.1, Avg: 91531.1, Max: 91531.1, Diff: 0.0]
      [Ext Root Scanning (ms): Min: 0.4, Avg: 0.4, Max: 0.4, Diff: 0.0, Sum: 0.8]
      [Update RS (ms): Min: 0.0, Avg: 0.0, Max: 0.1, Diff: 0.1, Sum: 0.1]
         [Processed Buffers: Min: 0, Avg: 1.5, Max: 3, Diff: 3, Sum: 3]
      [Scan RS (ms): Min: 0.2, Avg: 0.2, Max: 0.3, Diff: 0.2, Sum: 0.5]
      [Code Root Scanning (ms): Min: 0.1, Avg: 0.1, Max: 0.1, Diff: 0.1, Sum: 0.2]
      [Object Copy (ms): Min: 7.1, Avg: 7.2, Max: 7.4, Diff: 0.3, Sum: 14.4]
      [Termination (ms): Min: 0.0, Avg: 0.0, Max: 0.0, Diff: 0.0, Sum: 0.0]
      [GC Worker Other (ms): Min: 0.0, Avg: 0.0, Max: 0.0, Diff: 0.0, Sum: 0.1]
      [GC Worker Total (ms): Min: 8.0, Avg: 8.0, Max: 8.0, Diff: 0.0, Sum: 16.0]
      [GC Worker End (ms): Min: 91539.1, Avg: 91539.1, Max: 91539.1, Diff: 0.0]
   [Code Root Fixup: 0.0 ms]
   [Code Root Migration: 0.0 ms]
   [Clear CT: 0.3 ms]
   [Other: 0.5 ms]
      [Choose CSet: 0.0 ms]
      [Ref Proc: 0.1 ms]
      [Ref Enq: 0.0 ms]
      [Free CSet: 0.2 ms]
   [Eden: 128.0M(128.0M)->0.0B(279.0M) Survivors: 16.0M->11.0M Heap: 285.7M(512.0M)->153.5M(512.0M)]
 [Times: user=0.03 sys=0.00, real=0.01 secs] 
2014-07-10T12:29:38.598+0200: 91.770: [GC pause (G1 Evacuation Pause) (young), 0.0103304 secs]
   [Parallel Time: 9.5 ms, GC Workers: 2]
      [GC Worker Start (ms): Min: 91770.1, Avg: 91770.1, Max: 91770.1, Diff: 0.0]
      [Ext Root Scanning (ms): Min: 0.3, Avg: 0.3, Max: 0.3, Diff: 0.0, Sum: 0.6]
      [Update RS (ms): Min: 0.1, Avg: 0.1, Max: 0.1, Diff: 0.0, Sum: 0.1]
         [Processed Buffers: Min: 1, Avg: 1.5, Max: 2, Diff: 1, Sum: 3]
      [Scan RS (ms): Min: 0.4, Avg: 0.4, Max: 0.4, Diff: 0.0, Sum: 0.9]
      [Code Root Scanning (ms): Min: 0.2, Avg: 0.2, Max: 0.2, Diff: 0.0, Sum: 0.4]
      [Object Copy (ms): Min: 8.4, Avg: 8.4, Max: 8.4, Diff: 0.0, Sum: 16.8]
      [Termination (ms): Min: 0.0, Avg: 0.0, Max: 0.0, Diff: 0.0, Sum: 0.0]
      [GC Worker Other (ms): Min: 0.0, Avg: 0.0, Max: 0.0, Diff: 0.0, Sum: 0.1]
      [GC Worker Total (ms): Min: 9.5, Avg: 9.5, Max: 9.5, Diff: 0.0, Sum: 18.9]
      [GC Worker End (ms): Min: 91779.6, Avg: 91779.6, Max: 91779.6, Diff: 0.0]
   [Code Root Fixup: 0.0 ms]
   [Code Root Migration: 0.1 ms]
   [Clear CT: 0.2 ms]
   [Other: 0.6 ms]
      [Choose CSet: 0.0 ms]
      [Ref Proc: 0.1 ms]
      [Ref Enq: 0.0 ms]
      [Free CSet: 0.4 ms]
   [Eden: 279.0M(279.0M)->0.0B(279.0M) Survivors: 11.0M->14.0M Heap: 432.5M(512.0M)->156.2M(512.0M)]
 [Times: user=0.03 sys=0.00, real=0.01 secs] 
2014-07-10T12:29:38.868+0200: 92.040: [GC pause (G1 Evacuation Pause) (young), 0.0194257 secs]
   [Parallel Time: 18.5 ms, GC Workers: 2]
      [GC Worker Start (ms): Min: 92040.3, Avg: 92040.3, Max: 92040.3, Diff: 0.0]
      [Ext Root Scanning (ms): Min: 0.3, Avg: 0.3, Max: 0.3, Diff: 0.0, Sum: 0.6]
      [Update RS (ms): Min: 0.1, Avg: 0.1, Max: 0.1, Diff: 0.0, Sum: 0.1]
         [Processed Buffers: Min: 1, Avg: 1.5, Max: 2, Diff: 1, Sum: 3]
      [Scan RS (ms): Min: 0.4, Avg: 0.4, Max: 0.4, Diff: 0.0, Sum: 0.9]
      [Code Root Scanning (ms): Min: 0.2, Avg: 0.2, Max: 0.2, Diff: 0.0, Sum: 0.4]
      [Object Copy (ms): Min: 17.4, Avg: 17.4, Max: 17.4, Diff: 0.0, Sum: 34.8]
      [Termination (ms): Min: 0.0, Avg: 0.0, Max: 0.0, Diff: 0.0, Sum: 0.0]
      [GC Worker Other (ms): Min: 0.0, Avg: 0.0, Max: 0.0, Diff: 0.0, Sum: 0.1]
      [GC Worker Total (ms): Min: 18.5, Avg: 18.5, Max: 18.5, Diff: 0.0, Sum: 36.9]
      [GC Worker End (ms): Min: 92058.8, Avg: 92058.8, Max: 92058.8, Diff: 0.0]
   [Code Root Fixup: 0.0 ms]
   [Code Root Migration: 0.1 ms]
   [Clear CT: 0.2 ms]
   [Other: 0.6 ms]
      [Choose CSet: 0.0 ms]
      [Ref Proc: 0.1 ms]
      [Ref Enq: 0.0 ms]
      [Free CSet: 0.4 ms]
   [Eden: 279.0M(279.0M)->0.0B(259.0M) Survivors: 14.0M->29.0M Heap: 435.2M(512.0M)->171.0M(512.0M)]
 [Times: user=0.03 sys=0.00, real=0.02 secs] 
2014-07-10T12:29:39.163+0200: 92.335: [GC pause (G1 Evacuation Pause) (young), 0.0134926 secs]
   [Parallel Time: 11.7 ms, GC Workers: 2]
      [GC Worker Start (ms): Min: 92335.1, Avg: 92335.1, Max: 92335.2, Diff: 0.0]
      [Ext Root Scanning (ms): Min: 0.6, Avg: 0.6, Max: 0.6, Diff: 0.0, Sum: 1.2]
      [Update RS (ms): Min: 0.1, Avg: 0.1, Max: 0.2, Diff: 0.1, Sum: 0.3]
         [Processed Buffers: Min: 2, Avg: 2.0, Max: 2, Diff: 0, Sum: 4]
      [Scan RS (ms): Min: 0.7, Avg: 0.8, Max: 0.8, Diff: 0.0, Sum: 1.5]
      [Code Root Scanning (ms): Min: 0.3, Avg: 0.3, Max: 0.3, Diff: 0.0, Sum: 0.5]
      [Object Copy (ms): Min: 9.8, Avg: 9.8, Max: 9.8, Diff: 0.0, Sum: 19.6]
      [Termination (ms): Min: 0.0, Avg: 0.0, Max: 0.0, Diff: 0.0, Sum: 0.0]
      [GC Worker Other (ms): Min: 0.1, Avg: 0.1, Max: 0.1, Diff: 0.0, Sum: 0.1]
      [GC Worker Total (ms): Min: 11.6, Avg: 11.6, Max: 11.6, Diff: 0.0, Sum: 23.3]
      [GC Worker End (ms): Min: 92346.8, Avg: 92346.8, Max: 92346.8, Diff: 0.0]
   [Code Root Fixup: 0.0 ms]
   [Code Root Migration: 0.1 ms]
   [Clear CT: 0.4 ms]
   [Other: 1.3 ms]
      [Choose CSet: 0.0 ms]
      [Ref Proc: 0.2 ms]
      [Ref Enq: 0.0 ms]
      [Free CSet: 0.8 ms]
   [Eden: 259.0M(259.0M)->0.0B(99.0M) Survivors: 29.0M->10.0M Heap: 430.0M(512.0M)->152.7M(512.0M)]
 [Times: user=0.02 sys=0.00, real=0.01 secs] 
2014-07-10T12:29:39.233+0200: 92.405: [GC pause (G1 Evacuation Pause) (young), 0.0280179 secs]
   [Parallel Time: 27.2 ms, GC Workers: 2]
      [GC Worker Start (ms): Min: 92404.7, Avg: 92404.7, Max: 92404.7, Diff: 0.0]
      [Ext Root Scanning (ms): Min: 0.3, Avg: 0.3, Max: 0.3, Diff: 0.0, Sum: 0.7]
      [Update RS (ms): Min: 0.1, Avg: 0.1, Max: 0.1, Diff: 0.0, Sum: 0.1]
         [Processed Buffers: Min: 1, Avg: 1.5, Max: 2, Diff: 1, Sum: 3]
      [Scan RS (ms): Min: 0.2, Avg: 0.2, Max: 0.2, Diff: 0.0, Sum: 0.4]
      [Code Root Scanning (ms): Min: 0.1, Avg: 0.1, Max: 0.1, Diff: 0.0, Sum: 0.1]
      [Object Copy (ms): Min: 26.4, Avg: 26.4, Max: 26.4, Diff: 0.0, Sum: 52.8]
      [Termination (ms): Min: 0.0, Avg: 0.0, Max: 0.0, Diff: 0.0, Sum: 0.0]
      [GC Worker Other (ms): Min: 0.0, Avg: 0.0, Max: 0.0, Diff: 0.0, Sum: 0.1]
      [GC Worker Total (ms): Min: 27.2, Avg: 27.2, Max: 27.2, Diff: 0.0, Sum: 54.3]
      [GC Worker End (ms): Min: 92431.8, Avg: 92431.8, Max: 92431.8, Diff: 0.0]
   [Code Root Fixup: 0.0 ms]
   [Code Root Migration: 0.0 ms]
   [Clear CT: 0.1 ms]
   [Other: 0.6 ms]
      [Choose CSet: 0.0 ms]
      [Ref Proc: 0.3 ms]
      [Ref Enq: 0.0 ms]
      [Free CSet: 0.2 ms]
   [Eden: 99.0M(99.0M)->0.0B(118.0M) Survivors: 10.0M->14.0M Heap: 251.7M(512.0M)->185.6M(512.0M)]
 [Times: user=0.06 sys=0.00, real=0.03 secs] 
2014-07-10T12:29:39.379+0200: 92.551: [GC pause (G1 Evacuation Pause) (young), 0.0282052 secs]
   [Parallel Time: 27.5 ms, GC Workers: 2]
      [GC Worker Start (ms): Min: 92551.0, Avg: 92551.0, Max: 92551.0, Diff: 0.0]
      [Ext Root Scanning (ms): Min: 0.7, Avg: 0.7, Max: 0.7, Diff: 0.0, Sum: 1.4]
      [Update RS (ms): Min: 0.1, Avg: 0.1, Max: 0.1, Diff: 0.0, Sum: 0.2]
         [Processed Buffers: Min: 1, Avg: 1.5, Max: 2, Diff: 1, Sum: 3]
      [Scan RS (ms): Min: 0.4, Avg: 0.4, Max: 0.4, Diff: 0.0, Sum: 0.8]
      [Code Root Scanning (ms): Min: 0.1, Avg: 0.1, Max: 0.1, Diff: 0.0, Sum: 0.3]
      [Object Copy (ms): Min: 26.1, Avg: 26.1, Max: 26.1, Diff: 0.0, Sum: 52.2]
      [Termination (ms): Min: 0.0, Avg: 0.0, Max: 0.0, Diff: 0.0, Sum: 0.0]
      [GC Worker Other (ms): Min: 0.0, Avg: 0.0, Max: 0.0, Diff: 0.0, Sum: 0.1]
      [GC Worker Total (ms): Min: 27.4, Avg: 27.5, Max: 27.5, Diff: 0.0, Sum: 54.9]
      [GC Worker End (ms): Min: 92578.5, Avg: 92578.5, Max: 92578.5, Diff: 0.0]
   [Code Root Fixup: 0.0 ms]
   [Code Root Migration: 0.0 ms]
   [Clear CT: 0.1 ms]
   [Other: 0.5 ms]
      [Choose CSet: 0.0 ms]
      [Ref Proc: 0.1 ms]
      [Ref Enq: 0.0 ms]
      [Free CSet: 0.3 ms]
   [Eden: 118.0M(118.0M)->0.0B(109.0M) Survivors: 14.0M->17.0M Heap: 303.6M(512.0M)->200.4M(512.0M)]
 [Times: user=0.06 sys=0.00, real=0.03 secs] 
2014-07-10T12:29:39.466+0200: 92.637: [GC pause (G1 Evacuation Pause) (young), 0.0050477 secs]
   [Parallel Time: 4.6 ms, GC Workers: 2]
      [GC Worker Start (ms): Min: 92637.5, Avg: 92637.5, Max: 92637.5, Diff: 0.0]
      [Ext Root Scanning (ms): Min: 0.3, Avg: 0.3, Max: 0.3, Diff: 0.0, Sum: 0.6]
      [Update RS (ms): Min: 0.0, Avg: 0.0, Max: 0.0, Diff: 0.0, Sum: 0.1]
         [Processed Buffers: Min: 1, Avg: 1.0, Max: 1, Diff: 0, Sum: 2]
      [Scan RS (ms): Min: 0.2, Avg: 0.2, Max: 0.2, Diff: 0.0, Sum: 0.4]
      [Code Root Scanning (ms): Min: 0.1, Avg: 0.1, Max: 0.1, Diff: 0.0, Sum: 0.2]
      [Object Copy (ms): Min: 3.9, Avg: 3.9, Max: 3.9, Diff: 0.0, Sum: 7.7]
      [Termination (ms): Min: 0.0, Avg: 0.0, Max: 0.0, Diff: 0.0, Sum: 0.0]
      [GC Worker Other (ms): Min: 0.0, Avg: 0.0, Max: 0.0, Diff: 0.0, Sum: 0.1]
      [GC Worker Total (ms): Min: 4.5, Avg: 4.5, Max: 4.5, Diff: 0.0, Sum: 9.1]
      [GC Worker End (ms): Min: 92642.0, Avg: 92642.0, Max: 92642.0, Diff: 0.0]
   [Code Root Fixup: 0.0 ms]
   [Code Root Migration: 0.0 ms]
   [Clear CT: 0.1 ms]
   [Other: 0.4 ms]
      [Choose CSet: 0.0 ms]
      [Ref Proc: 0.0 ms]
      [Ref Enq: 0.0 ms]
      [Free CSet: 0.2 ms]
   [Eden: 109.0M(109.0M)->0.0B(127.0M) Survivors: 17.0M->6144.0K Heap: 309.4M(512.0M)->189.1M(512.0M)]
 [Times: user=0.00 sys=0.00, real=0.00 secs] 
2014-07-10T12:29:39.597+0200: 92.769: [GC pause (G1 Evacuation Pause) (young), 0.0375718 secs]
   [Parallel Time: 36.9 ms, GC Workers: 2]
      [GC Worker Start (ms): Min: 92768.7, Avg: 92768.7, Max: 92768.7, Diff: 0.0]
      [Ext Root Scanning (ms): Min: 0.3, Avg: 0.3, Max: 0.3, Diff: 0.0, Sum: 0.6]
      [Update RS (ms): Min: 0.0, Avg: 0.0, Max: 0.0, Diff: 0.0, Sum: 0.1]
         [Processed Buffers: Min: 1, Avg: 1.5, Max: 2, Diff: 1, Sum: 3]
      [Scan RS (ms): Min: 0.2, Avg: 0.2, Max: 0.2, Diff: 0.0, Sum: 0.5]
      [Code Root Scanning (ms): Min: 0.1, Avg: 0.1, Max: 0.1, Diff: 0.0, Sum: 0.2]
      [Object Copy (ms): Min: 36.1, Avg: 36.1, Max: 36.1, Diff: 0.0, Sum: 72.2]
      [Termination (ms): Min: 0.0, Avg: 0.0, Max: 0.0, Diff: 0.0, Sum: 0.0]
      [GC Worker Other (ms): Min: 0.0, Avg: 0.0, Max: 0.0, Diff: 0.0, Sum: 0.1]
      [GC Worker Total (ms): Min: 36.8, Avg: 36.8, Max: 36.8, Diff: 0.0, Sum: 73.6]
      [GC Worker End (ms): Min: 92805.6, Avg: 92805.6, Max: 92805.6, Diff: 0.0]
   [Code Root Fixup: 0.0 ms]
   [Code Root Migration: 0.0 ms]
   [Clear CT: 0.1 ms]
   [Other: 0.6 ms]
      [Choose CSet: 0.0 ms]
      [Ref Proc: 0.2 ms]
      [Ref Enq: 0.0 ms]
      [Free CSet: 0.2 ms]
   [Eden: 127.0M(127.0M)->0.0B(117.0M) Survivors: 6144.0K->17.0M Heap: 316.1M(512.0M)->242.0M(512.0M)]
 [Times: user=0.08 sys=0.02, real=0.04 secs] 
2014-07-10T12:29:39.690+0200: 92.862: [GC pause (G1 Evacuation Pause) (young), 0.0282056 secs]
   [Parallel Time: 27.5 ms, GC Workers: 2]
      [GC Worker Start (ms): Min: 92862.0, Avg: 92862.1, Max: 92862.1, Diff: 0.0]
      [Ext Root Scanning (ms): Min: 0.4, Avg: 0.4, Max: 0.4, Diff: 0.0, Sum: 0.7]
      [Update RS (ms): Min: 0.0, Avg: 0.0, Max: 0.0, Diff: 0.0, Sum: 0.1]
         [Processed Buffers: Min: 1, Avg: 1.5, Max: 2, Diff: 1, Sum: 3]
      [Scan RS (ms): Min: 0.2, Avg: 0.2, Max: 0.2, Diff: 0.0, Sum: 0.4]
      [Code Root Scanning (ms): Min: 0.1, Avg: 0.1, Max: 0.1, Diff: 0.0, Sum: 0.2]
      [Object Copy (ms): Min: 26.7, Avg: 26.7, Max: 26.7, Diff: 0.0, Sum: 53.4]
      [Termination (ms): Min: 0.0, Avg: 0.0, Max: 0.0, Diff: 0.0, Sum: 0.0]
      [GC Worker Other (ms): Min: 0.0, Avg: 0.0, Max: 0.1, Diff: 0.0, Sum: 0.1]
      [GC Worker Total (ms): Min: 27.4, Avg: 27.5, Max: 27.5, Diff: 0.0, Sum: 54.9]
      [GC Worker End (ms): Min: 92889.5, Avg: 92889.5, Max: 92889.5, Diff: 0.0]
   [Code Root Fixup: 0.0 ms]
   [Code Root Migration: 0.0 ms]
   [Clear CT: 0.1 ms]
   [Other: 0.6 ms]
      [Choose CSet: 0.0 ms]
      [Ref Proc: 0.1 ms]
      [Ref Enq: 0.0 ms]
      [Free CSet: 0.4 ms]
   [Eden: 117.0M(117.0M)->0.0B(140.0M) Survivors: 17.0M->17.0M Heap: 359.0M(512.0M)->268.4M(512.0M)]
 [Times: user=0.06 sys=0.00, real=0.03 secs] 
2014-07-10T12:29:39.815+0200: 92.987: [GC pause (G1 Evacuation Pause) (young) (initial-mark), 0.0329512 secs]
   [Parallel Time: 32.0 ms, GC Workers: 2]
      [GC Worker Start (ms): Min: 92987.1, Avg: 92987.1, Max: 92987.1, Diff: 0.0]
      [Ext Root Scanning (ms): Min: 0.3, Avg: 0.3, Max: 0.4, Diff: 0.0, Sum: 0.7]
      [Code Root Marking (ms): Min: 0.1, Avg: 0.1, Max: 0.1, Diff: 0.0, Sum: 0.1]
      [Update RS (ms): Min: 0.0, Avg: 0.0, Max: 0.0, Diff: 0.0, Sum: 0.1]
         [Processed Buffers: Min: 1, Avg: 1.5, Max: 2, Diff: 1, Sum: 3]
      [Scan RS (ms): Min: 0.2, Avg: 0.2, Max: 0.2, Diff: 0.0, Sum: 0.4]
      [Code Root Scanning (ms): Min: 0.1, Avg: 0.1, Max: 0.1, Diff: 0.0, Sum: 0.2]
      [Object Copy (ms): Min: 31.2, Avg: 31.2, Max: 31.2, Diff: 0.0, Sum: 62.4]
      [Termination (ms): Min: 0.0, Avg: 0.0, Max: 0.0, Diff: 0.0, Sum: 0.0]
      [GC Worker Other (ms): Min: 0.0, Avg: 0.0, Max: 0.0, Diff: 0.0, Sum: 0.1]
      [GC Worker Total (ms): Min: 31.9, Avg: 31.9, Max: 32.0, Diff: 0.0, Sum: 63.9]
      [GC Worker End (ms): Min: 93019.0, Avg: 93019.0, Max: 93019.0, Diff: 0.0]
   [Code Root Fixup: 0.0 ms]
   [Code Root Migration: 0.0 ms]
   [Clear CT: 0.2 ms]
   [Other: 0.8 ms]
      [Choose CSet: 0.0 ms]
      [Ref Proc: 0.2 ms]
      [Ref Enq: 0.0 ms]
      [Free CSet: 0.3 ms]
   [Eden: 140.0M(140.0M)->0.0B(135.0M) Survivors: 17.0M->20.0M Heap: 408.4M(512.0M)->302.7M(512.0M)]
 [Times: user=0.09 sys=0.00, real=0.03 secs] 
2014-07-10T12:29:39.848+0200: 93.020: [GC concurrent-root-region-scan-start]
2014-07-10T12:29:39.849+0200: 93.021: [GC concurrent-root-region-scan-end, 0.0004425 secs]
2014-07-10T12:29:39.849+0200: 93.021: [GC concurrent-mark-start]
2014-07-10T12:29:39.927+0200: 93.098: [GC concurrent-mark-end, 0.0045561 secs]
2014-07-10T12:29:39.927+0200: 93.098: [GC remark 93.099: [GC ref-proc, 0.0000645 secs], 0.0013657 secs]
 [Times: user=0.00 sys=0.00, real=0.00 secs] 
2014-07-10T12:29:39.980+0200: 93.152: [GC pause (G1 Evacuation Pause) (young), 0.0346340 secs]
   [Parallel Time: 34.0 ms, GC Workers: 2]
      [GC Worker Start (ms): Min: 93152.1, Avg: 93152.1, Max: 93152.1, Diff: 0.0]
      [Ext Root Scanning (ms): Min: 0.3, Avg: 0.3, Max: 0.4, Diff: 0.0, Sum: 0.7]
      [SATB Filtering (ms): Min: 0.0, Avg: 0.0, Max: 0.0, Diff: 0.0, Sum: 0.0]
      [Update RS (ms): Min: 0.0, Avg: 0.0, Max: 0.0, Diff: 0.0, Sum: 0.1]
         [Processed Buffers: Min: 1, Avg: 1.0, Max: 1, Diff: 0, Sum: 2]
      [Scan RS (ms): Min: 0.2, Avg: 0.2, Max: 0.2, Diff: 0.0, Sum: 0.5]
      [Code Root Scanning (ms): Min: 0.1, Avg: 0.1, Max: 0.1, Diff: 0.0, Sum: 0.2]
      [Object Copy (ms): Min: 33.2, Avg: 33.2, Max: 33.3, Diff: 0.0, Sum: 66.5]
      [Termination (ms): Min: 0.0, Avg: 0.0, Max: 0.0, Diff: 0.0, Sum: 0.0]
      [GC Worker Other (ms): Min: 0.0, Avg: 0.0, Max: 0.0, Diff: 0.0, Sum: 0.1]
      [GC Worker Total (ms): Min: 34.0, Avg: 34.0, Max: 34.0, Diff: 0.0, Sum: 68.0]
      [GC Worker End (ms): Min: 93186.1, Avg: 93186.1, Max: 93186.1, Diff: 0.0]
   [Code Root Fixup: 0.0 ms]
   [Code Root Migration: 0.0 ms]
   [Clear CT: 0.1 ms]
   [Other: 0.4 ms]
      [Choose CSet: 0.0 ms]
      [Ref Proc: 0.1 ms]
      [Ref Enq: 0.0 ms]
      [Free CSet: 0.3 ms]
   [Eden: 135.0M(135.0M)->0.0B(123.0M) Survivors: 20.0M->20.0M Heap: 437.7M(512.0M)->336.8M(512.0M)]
 [Times: user=0.06 sys=0.00, real=0.04 secs] 
2014-07-10T12:29:40.015+0200: 93.187: [GC cleanup 336M->147M(512M), 0.0012682 secs]
 [Times: user=0.00 sys=0.00, real=0.00 secs] 
2014-07-10T12:29:40.017+0200: 93.188: [GC concurrent-cleanup-start]
2014-07-10T12:29:40.017+0200: 93.189: [GC concurrent-cleanup-end, 0.0004059 secs]
2014-07-10T12:29:40.080+0200: 93.252: [GC pause (G1 Evacuation Pause) (young), 0.0197094 secs]
   [Parallel Time: 18.6 ms, GC Workers: 2]
      [GC Worker Start (ms): Min: 93251.8, Avg: 93251.8, Max: 93251.8, Diff: 0.0]
      [Ext Root Scanning (ms): Min: 0.3, Avg: 0.3, Max: 0.3, Diff: 0.0, Sum: 0.7]
      [Update RS (ms): Min: 0.1, Avg: 0.1, Max: 0.1, Diff: 0.1, Sum: 0.2]
         [Processed Buffers: Min: 1, Avg: 1.5, Max: 2, Diff: 1, Sum: 3]
      [Scan RS (ms): Min: 0.2, Avg: 0.2, Max: 0.3, Diff: 0.1, Sum: 0.5]
      [Code Root Scanning (ms): Min: 0.1, Avg: 0.1, Max: 0.1, Diff: 0.0, Sum: 0.2]
      [Object Copy (ms): Min: 17.8, Avg: 17.8, Max: 17.8, Diff: 0.0, Sum: 35.6]
      [Termination (ms): Min: 0.0, Avg: 0.0, Max: 0.0, Diff: 0.0, Sum: 0.0]
      [GC Worker Other (ms): Min: 0.0, Avg: 0.0, Max: 0.0, Diff: 0.0, Sum: 0.1]
      [GC Worker Total (ms): Min: 18.6, Avg: 18.6, Max: 18.6, Diff: 0.0, Sum: 37.2]
      [GC Worker End (ms): Min: 93270.4, Avg: 93270.4, Max: 93270.4, Diff: 0.0]
   [Code Root Fixup: 0.0 ms]
   [Code Root Migration: 0.0 ms]
   [Clear CT: 0.5 ms]
   [Other: 0.5 ms]
      [Choose CSet: 0.0 ms]
      [Ref Proc: 0.1 ms]
      [Ref Enq: 0.0 ms]
      [Free CSet: 0.3 ms]
   [Eden: 123.0M(123.0M)->0.0B(137.0M) Survivors: 20.0M->18.0M Heap: 270.8M(512.0M)->156.8M(512.0M)]
 [Times: user=0.06 sys=0.00, real=0.02 secs] 
2014-07-10T12:29:40.231+0200: 93.403: [GC pause (G1 Evacuation Pause) (mixed), 0.0230582 secs]
   [Parallel Time: 22.3 ms, GC Workers: 2]
      [GC Worker Start (ms): Min: 93402.7, Avg: 93402.7, Max: 93402.7, Diff: 0.0]
      [Ext Root Scanning (ms): Min: 0.4, Avg: 0.4, Max: 0.4, Diff: 0.0, Sum: 0.8]
      [Update RS (ms): Min: 0.1, Avg: 0.1, Max: 0.1, Diff: 0.1, Sum: 0.2]
         [Processed Buffers: Min: 1, Avg: 1.5, Max: 2, Diff: 1, Sum: 3]
      [Scan RS (ms): Min: 0.3, Avg: 0.3, Max: 0.3, Diff: 0.1, Sum: 0.6]
      [Code Root Scanning (ms): Min: 0.1, Avg: 0.1, Max: 0.1, Diff: 0.0, Sum: 0.2]
      [Object Copy (ms): Min: 21.3, Avg: 21.3, Max: 21.3, Diff: 0.0, Sum: 42.6]
      [Termination (ms): Min: 0.0, Avg: 0.0, Max: 0.0, Diff: 0.0, Sum: 0.0]
      [GC Worker Other (ms): Min: 0.0, Avg: 0.0, Max: 0.0, Diff: 0.0, Sum: 0.1]
      [GC Worker Total (ms): Min: 22.2, Avg: 22.2, Max: 22.3, Diff: 0.0, Sum: 44.5]
      [GC Worker End (ms): Min: 93425.0, Avg: 93425.0, Max: 93425.0, Diff: 0.0]
   [Code Root Fixup: 0.0 ms]
   [Code Root Migration: 0.1 ms]
   [Clear CT: 0.2 ms]
   [Other: 0.5 ms]
      [Choose CSet: 0.0 ms]
      [Ref Proc: 0.0 ms]
      [Ref Enq: 0.0 ms]
      [Free CSet: 0.3 ms]
   [Eden: 137.0M(137.0M)->0.0B(126.0M) Survivors: 18.0M->20.0M Heap: 293.8M(512.0M)->164.6M(512.0M)]
 [Times: user=0.06 sys=0.00, real=0.02 secs] 
2014-07-10T12:29:40.380+0200: 93.552: [GC pause (G1 Evacuation Pause) (mixed), 0.0234186 secs]
   [Parallel Time: 22.7 ms, GC Workers: 2]
      [GC Worker Start (ms): Min: 93552.0, Avg: 93552.1, Max: 93552.1, Diff: 0.0]
      [Ext Root Scanning (ms): Min: 0.6, Avg: 0.6, Max: 0.6, Diff: 0.0, Sum: 1.2]
      [Update RS (ms): Min: 0.1, Avg: 0.1, Max: 0.2, Diff: 0.1, Sum: 0.3]
         [Processed Buffers: Min: 1, Avg: 1.5, Max: 2, Diff: 1, Sum: 3]
      [Scan RS (ms): Min: 0.5, Avg: 0.8, Max: 1.1, Diff: 0.6, Sum: 1.6]
      [Code Root Scanning (ms): Min: 0.1, Avg: 0.1, Max: 0.1, Diff: 0.0, Sum: 0.3]
      [Object Copy (ms): Min: 20.7, Avg: 20.9, Max: 21.2, Diff: 0.5, Sum: 41.9]
      [Termination (ms): Min: 0.0, Avg: 0.0, Max: 0.0, Diff: 0.0, Sum: 0.0]
      [GC Worker Other (ms): Min: 0.0, Avg: 0.0, Max: 0.0, Diff: 0.0, Sum: 0.1]
      [GC Worker Total (ms): Min: 22.6, Avg: 22.7, Max: 22.7, Diff: 0.0, Sum: 45.3]
      [GC Worker End (ms): Min: 93574.7, Avg: 93574.7, Max: 93574.7, Diff: 0.0]
   [Code Root Fixup: 0.0 ms]
   [Code Root Migration: 0.0 ms]
   [Clear CT: 0.1 ms]
   [Other: 0.5 ms]
      [Choose CSet: 0.0 ms]
      [Ref Proc: 0.1 ms]
      [Ref Enq: 0.0 ms]
      [Free CSet: 0.3 ms]
   [Eden: 126.0M(126.0M)->0.0B(115.0M) Survivors: 20.0M->19.0M Heap: 290.6M(512.0M)->170.3M(512.0M)]
 [Times: user=0.03 sys=0.00, real=0.02 secs] 
2014-07-10T12:29:40.461+0200: 93.633: [GC pause (G1 Evacuation Pause) (young), 0.0082927 secs]
   [Parallel Time: 7.6 ms, GC Workers: 2]
      [GC Worker Start (ms): Min: 93633.0, Avg: 93633.0, Max: 93633.0, Diff: 0.0]
      [Ext Root Scanning (ms): Min: 0.3, Avg: 0.3, Max: 0.3, Diff: 0.0, Sum: 0.7]
      [Update RS (ms): Min: 0.0, Avg: 0.1, Max: 0.1, Diff: 0.1, Sum: 0.1]
         [Processed Buffers: Min: 1, Avg: 1.0, Max: 1, Diff: 0, Sum: 2]
      [Scan RS (ms): Min: 0.2, Avg: 0.2, Max: 0.2, Diff: 0.1, Sum: 0.4]
      [Code Root Scanning (ms): Min: 0.1, Avg: 0.1, Max: 0.1, Diff: 0.0, Sum: 0.2]
      [Object Copy (ms): Min: 6.6, Avg: 6.7, Max: 6.8, Diff: 0.2, Sum: 13.4]
      [Termination (ms): Min: 0.0, Avg: 0.1, Max: 0.2, Diff: 0.2, Sum: 0.2]
      [GC Worker Other (ms): Min: 0.0, Avg: 0.0, Max: 0.0, Diff: 0.0, Sum: 0.1]
      [GC Worker Total (ms): Min: 7.5, Avg: 7.5, Max: 7.5, Diff: 0.0, Sum: 15.1]
      [GC Worker End (ms): Min: 93640.5, Avg: 93640.6, Max: 93640.6, Diff: 0.0]
   [Code Root Fixup: 0.0 ms]
   [Code Root Migration: 0.0 ms]
   [Clear CT: 0.1 ms]
   [Other: 0.6 ms]
      [Choose CSet: 0.0 ms]
      [Ref Proc: 0.2 ms]
      [Ref Enq: 0.0 ms]
      [Free CSet: 0.2 ms]
   [Eden: 115.0M(115.0M)->0.0B(135.0M) Survivors: 19.0M->11.0M Heap: 285.3M(512.0M)->161.8M(512.0M)]
 [Times: user=0.00 sys=0.00, real=0.01 secs] 
2014-07-10T12:29:40.598+0200: 93.770: [GC pause (G1 Evacuation Pause) (young), 0.0047181 secs]
   [Parallel Time: 4.1 ms, GC Workers: 2]
      [GC Worker Start (ms): Min: 93769.6, Avg: 93769.6, Max: 93769.6, Diff: 0.0]
      [Ext Root Scanning (ms): Min: 0.3, Avg: 0.3, Max: 0.3, Diff: 0.0, Sum: 0.6]
      [Update RS (ms): Min: 0.0, Avg: 0.0, Max: 0.0, Diff: 0.0, Sum: 0.1]
         [Processed Buffers: Min: 1, Avg: 1.5, Max: 2, Diff: 1, Sum: 3]
      [Scan RS (ms): Min: 0.2, Avg: 0.2, Max: 0.3, Diff: 0.0, Sum: 0.5]
      [Code Root Scanning (ms): Min: 0.1, Avg: 0.1, Max: 0.1, Diff: 0.0, Sum: 0.2]
      [Object Copy (ms): Min: 3.4, Avg: 3.4, Max: 3.4, Diff: 0.0, Sum: 6.8]
      [Termination (ms): Min: 0.0, Avg: 0.0, Max: 0.0, Diff: 0.0, Sum: 0.0]
      [GC Worker Other (ms): Min: 0.0, Avg: 0.0, Max: 0.0, Diff: 0.0, Sum: 0.1]
      [GC Worker Total (ms): Min: 4.1, Avg: 4.1, Max: 4.1, Diff: 0.0, Sum: 8.2]
      [GC Worker End (ms): Min: 93773.7, Avg: 93773.7, Max: 93773.7, Diff: 0.0]
   [Code Root Fixup: 0.0 ms]
   [Code Root Migration: 0.0 ms]
   [Clear CT: 0.1 ms]
   [Other: 0.4 ms]
      [Choose CSet: 0.0 ms]
      [Ref Proc: 0.1 ms]
      [Ref Enq: 0.0 ms]
      [Free CSet: 0.2 ms]
   [Eden: 135.0M(135.0M)->0.0B(124.0M) Survivors: 11.0M->6144.0K Heap: 296.8M(512.0M)->156.6M(512.0M)]
 [Times: user=0.00 sys=0.00, real=0.00 secs] 
2014-07-10T12:29:40.685+0200: 93.857: [GC pause (G1 Evacuation Pause) (young), 0.0402471 secs]
   [Parallel Time: 39.6 ms, GC Workers: 2]
      [GC Worker Start (ms): Min: 93857.1, Avg: 93857.1, Max: 93857.1, Diff: 0.0]
      [Ext Root Scanning (ms): Min: 0.4, Avg: 0.4, Max: 0.4, Diff: 0.0, Sum: 0.9]
      [Update RS (ms): Min: 0.0, Avg: 0.0, Max: 0.0, Diff: 0.0, Sum: 0.1]
         [Processed Buffers: Min: 1, Avg: 1.5, Max: 2, Diff: 1, Sum: 3]
      [Scan RS (ms): Min: 0.2, Avg: 0.2, Max: 0.2, Diff: 0.0, Sum: 0.4]
      [Code Root Scanning (ms): Min: 0.1, Avg: 0.1, Max: 0.1, Diff: 0.0, Sum: 0.2]
      [Object Copy (ms): Min: 38.7, Avg: 38.8, Max: 38.8, Diff: 0.0, Sum: 77.5]
      [Termination (ms): Min: 0.0, Avg: 0.0, Max: 0.0, Diff: 0.0, Sum: 0.0]
      [GC Worker Other (ms): Min: 0.0, Avg: 0.0, Max: 0.0, Diff: 0.0, Sum: 0.1]
      [GC Worker Total (ms): Min: 39.5, Avg: 39.6, Max: 39.6, Diff: 0.0, Sum: 79.1]
      [GC Worker End (ms): Min: 93896.7, Avg: 93896.7, Max: 93896.7, Diff: 0.0]
   [Code Root Fixup: 0.0 ms]
   [Code Root Migration: 0.0 ms]
   [Clear CT: 0.1 ms]
   [Other: 0.5 ms]
      [Choose CSet: 0.0 ms]
      [Ref Proc: 0.2 ms]
      [Ref Enq: 0.0 ms]
      [Free CSet: 0.2 ms]
   [Eden: 124.0M(124.0M)->0.0B(125.0M) Survivors: 6144.0K->17.0M Heap: 280.6M(512.0M)->214.6M(512.0M)]
 [Times: user=0.09 sys=0.00, real=0.04 secs] 
2014-07-10T12:29:40.815+0200: 93.986: [GC pause (G1 Evacuation Pause) (young), 0.0363469 secs]
   [Parallel Time: 35.6 ms, GC Workers: 2]
      [GC Worker Start (ms): Min: 93986.4, Avg: 93986.4, Max: 93986.4, Diff: 0.0]
      [Ext Root Scanning (ms): Min: 0.3, Avg: 0.3, Max: 0.3, Diff: 0.0, Sum: 0.7]
      [Update RS (ms): Min: 0.0, Avg: 0.0, Max: 0.0, Diff: 0.0, Sum: 0.1]
         [Processed Buffers: Min: 1, Avg: 1.5, Max: 2, Diff: 1, Sum: 3]
      [Scan RS (ms): Min: 0.2, Avg: 0.2, Max: 0.2, Diff: 0.0, Sum: 0.4]
      [Code Root Scanning (ms): Min: 0.1, Avg: 0.1, Max: 0.1, Diff: 0.0, Sum: 0.2]
      [Object Copy (ms): Min: 34.9, Avg: 34.9, Max: 34.9, Diff: 0.0, Sum: 69.7]
      [Termination (ms): Min: 0.0, Avg: 0.0, Max: 0.0, Diff: 0.0, Sum: 0.0]
      [GC Worker Other (ms): Min: 0.0, Avg: 0.0, Max: 0.0, Diff: 0.0, Sum: 0.1]
      [GC Worker Total (ms): Min: 35.6, Avg: 35.6, Max: 35.6, Diff: 0.0, Sum: 71.1]
      [GC Worker End (ms): Min: 94022.0, Avg: 94022.0, Max: 94022.0, Diff: 0.0]
   [Code Root Fixup: 0.0 ms]
   [Code Root Migration: 0.0 ms]
   [Clear CT: 0.2 ms]
   [Other: 0.5 ms]
      [Choose CSet: 0.0 ms]
      [Ref Proc: 0.2 ms]
      [Ref Enq: 0.0 ms]
      [Free CSet: 0.2 ms]
   [Eden: 125.0M(125.0M)->0.0B(123.0M) Survivors: 17.0M->18.0M Heap: 339.6M(512.0M)->253.8M(512.0M)]
 [Times: user=0.06 sys=0.00, real=0.04 secs] 
2014-07-10T12:29:40.993+0200: 94.165: [GC pause (G1 Evacuation Pause) (young) (initial-mark), 0.0310173 secs]
   [Parallel Time: 30.1 ms, GC Workers: 2]
      [GC Worker Start (ms): Min: 94165.5, Avg: 94165.5, Max: 94165.5, Diff: 0.0]
      [Ext Root Scanning (ms): Min: 0.4, Avg: 0.4, Max: 0.4, Diff: 0.0, Sum: 0.8]
      [Code Root Marking (ms): Min: 0.1, Avg: 0.1, Max: 0.1, Diff: 0.0, Sum: 0.1]
      [Update RS (ms): Min: 0.0, Avg: 0.0, Max: 0.0, Diff: 0.0, Sum: 0.1]
         [Processed Buffers: Min: 1, Avg: 1.5, Max: 2, Diff: 1, Sum: 3]
      [Scan RS (ms): Min: 0.3, Avg: 0.4, Max: 0.4, Diff: 0.1, Sum: 0.8]
      [Code Root Scanning (ms): Min: 0.1, Avg: 0.1, Max: 0.2, Diff: 0.1, Sum: 0.2]
      [Object Copy (ms): Min: 29.0, Avg: 29.1, Max: 29.1, Diff: 0.0, Sum: 58.1]
      [Termination (ms): Min: 0.0, Avg: 0.0, Max: 0.0, Diff: 0.0, Sum: 0.0]
      [GC Worker Other (ms): Min: 0.0, Avg: 0.0, Max: 0.0, Diff: 0.0, Sum: 0.1]
      [GC Worker Total (ms): Min: 30.1, Avg: 30.1, Max: 30.1, Diff: 0.0, Sum: 60.2]
      [GC Worker End (ms): Min: 94195.6, Avg: 94195.6, Max: 94195.6, Diff: 0.0]
   [Code Root Fixup: 0.0 ms]
   [Code Root Migration: 0.0 ms]
   [Clear CT: 0.2 ms]
   [Other: 0.7 ms]
      [Choose CSet: 0.0 ms]
      [Ref Proc: 0.1 ms]
      [Ref Enq: 0.0 ms]
      [Free CSet: 0.2 ms]
   [Eden: 123.0M(123.0M)->0.0B(112.0M) Survivors: 18.0M->18.0M Heap: 376.8M(512.0M)->282.8M(512.0M)]
 [Times: user=0.06 sys=0.00, real=0.03 secs] 
2014-07-10T12:29:41.025+0200: 94.197: [GC concurrent-root-region-scan-start]
2014-07-10T12:29:41.025+0200: 94.197: [GC concurrent-root-region-scan-end, 0.0004553 secs]
2014-07-10T12:29:41.025+0200: 94.197: [GC concurrent-mark-start]
2014-07-10T12:29:41.079+0200: 94.250: [GC pause (G1 Evacuation Pause) (young), 0.0100675 secs]
   [Parallel Time: 9.4 ms, GC Workers: 2]
      [GC Worker Start (ms): Min: 94250.6, Avg: 94250.6, Max: 94250.6, Diff: 0.0]
      [Ext Root Scanning (ms): Min: 0.3, Avg: 0.3, Max: 0.3, Diff: 0.0, Sum: 0.7]
      [SATB Filtering (ms): Min: 0.0, Avg: 0.0, Max: 0.0, Diff: 0.0, Sum: 0.0]
      [Update RS (ms): Min: 0.1, Avg: 0.1, Max: 0.1, Diff: 0.0, Sum: 0.2]
         [Processed Buffers: Min: 1, Avg: 1.5, Max: 2, Diff: 1, Sum: 3]
      [Scan RS (ms): Min: 0.2, Avg: 0.2, Max: 0.2, Diff: 0.0, Sum: 0.4]
      [Code Root Scanning (ms): Min: 0.1, Avg: 0.1, Max: 0.1, Diff: 0.0, Sum: 0.2]
      [Object Copy (ms): Min: 8.6, Avg: 8.6, Max: 8.6, Diff: 0.0, Sum: 17.2]
      [Termination (ms): Min: 0.0, Avg: 0.0, Max: 0.0, Diff: 0.0, Sum: 0.0]
      [GC Worker Other (ms): Min: 0.0, Avg: 0.0, Max: 0.0, Diff: 0.0, Sum: 0.1]
      [GC Worker Total (ms): Min: 9.4, Avg: 9.4, Max: 9.4, Diff: 0.0, Sum: 18.7]
      [GC Worker End (ms): Min: 94259.9, Avg: 94259.9, Max: 94259.9, Diff: 0.0]
   [Code Root Fixup: 0.0 ms]
   [Code Root Migration: 0.0 ms]
   [Clear CT: 0.1 ms]
   [Other: 0.5 ms]
      [Choose CSet: 0.0 ms]
      [Ref Proc: 0.1 ms]
      [Ref Enq: 0.0 ms]
      [Free CSet: 0.3 ms]
   [Eden: 112.0M(112.0M)->0.0B(136.0M) Survivors: 18.0M->14.0M Heap: 394.8M(512.0M)->278.5M(512.0M)]
 [Times: user=0.03 sys=0.00, real=0.01 secs] 
2014-07-10T12:29:41.104+0200: 94.275: [GC concurrent-mark-end, 0.0061032 secs]
2014-07-10T12:29:41.104+0200: 94.276: [GC remark 94.276: [GC ref-proc, 0.0000583 secs], 0.0013946 secs]
 [Times: user=0.00 sys=0.00, real=0.00 secs] 
2014-07-10T12:29:41.184+0200: 94.356: [GC cleanup 374M->198M(512M), 0.0018533 secs]
 [Times: user=0.00 sys=0.00, real=0.00 secs] 
2014-07-10T12:29:41.186+0200: 94.358: [GC concurrent-cleanup-start]
2014-07-10T12:29:41.187+0200: 94.358: [GC concurrent-cleanup-end, 0.0008355 secs]
2014-07-10T12:29:41.211+0200: 94.383: [GC pause (G1 Evacuation Pause) (young), 0.0124876 secs]
   [Parallel Time: 11.8 ms, GC Workers: 2]
      [GC Worker Start (ms): Min: 94382.7, Avg: 94382.7, Max: 94382.7, Diff: 0.0]
      [Ext Root Scanning (ms): Min: 0.4, Avg: 0.5, Max: 0.6, Diff: 0.1, Sum: 1.0]
      [Update RS (ms): Min: 0.0, Avg: 0.1, Max: 0.1, Diff: 0.1, Sum: 0.2]
         [Processed Buffers: Min: 1, Avg: 1.5, Max: 2, Diff: 1, Sum: 3]
      [Scan RS (ms): Min: 0.2, Avg: 0.2, Max: 0.3, Diff: 0.0, Sum: 0.5]
      [Code Root Scanning (ms): Min: 0.1, Avg: 0.1, Max: 0.1, Diff: 0.0, Sum: 0.2]
      [Object Copy (ms): Min: 10.8, Avg: 10.8, Max: 10.9, Diff: 0.0, Sum: 21.7]
      [Termination (ms): Min: 0.0, Avg: 0.0, Max: 0.0, Diff: 0.0, Sum: 0.0]
      [GC Worker Other (ms): Min: 0.0, Avg: 0.0, Max: 0.0, Diff: 0.0, Sum: 0.1]
      [GC Worker Total (ms): Min: 11.8, Avg: 11.8, Max: 11.8, Diff: 0.0, Sum: 23.6]
      [GC Worker End (ms): Min: 94394.5, Avg: 94394.5, Max: 94394.5, Diff: 0.0]
   [Code Root Fixup: 0.0 ms]
   [Code Root Migration: 0.0 ms]
   [Clear CT: 0.1 ms]
   [Other: 0.5 ms]
      [Choose CSet: 0.0 ms]
      [Ref Proc: 0.1 ms]
      [Ref Enq: 0.0 ms]
      [Free CSet: 0.3 ms]
   [Eden: 136.0M(136.0M)->0.0B(126.0M) Survivors: 14.0M->18.0M Heap: 238.5M(512.0M)->106.4M(512.0M)]
 [Times: user=0.03 sys=0.00, real=0.01 secs] 
2014-07-10T12:29:41.365+0200: 94.537: [GC pause (G1 Evacuation Pause) (mixed), 0.0149869 secs]
   [Parallel Time: 13.7 ms, GC Workers: 2]
      [GC Worker Start (ms): Min: 94537.5, Avg: 94537.5, Max: 94537.6, Diff: 0.1]
      [Ext Root Scanning (ms): Min: 0.5, Avg: 0.6, Max: 0.6, Diff: 0.1, Sum: 1.1]
      [Update RS (ms): Min: 0.1, Avg: 0.1, Max: 0.1, Diff: 0.0, Sum: 0.2]
         [Processed Buffers: Min: 1, Avg: 1.5, Max: 2, Diff: 1, Sum: 3]
      [Scan RS (ms): Min: 0.4, Avg: 0.4, Max: 0.5, Diff: 0.0, Sum: 0.9]
      [Code Root Scanning (ms): Min: 0.1, Avg: 0.1, Max: 0.2, Diff: 0.0, Sum: 0.3]
      [Object Copy (ms): Min: 12.1, Avg: 12.1, Max: 12.1, Diff: 0.0, Sum: 24.2]
      [Termination (ms): Min: 0.0, Avg: 0.0, Max: 0.0, Diff: 0.0, Sum: 0.0]
      [GC Worker Other (ms): Min: 0.0, Avg: 0.1, Max: 0.1, Diff: 0.0, Sum: 0.1]
      [GC Worker Total (ms): Min: 13.3, Avg: 13.4, Max: 13.5, Diff: 0.1, Sum: 26.8]
      [GC Worker End (ms): Min: 94550.9, Avg: 94550.9, Max: 94550.9, Diff: 0.0]
   [Code Root Fixup: 0.0 ms]
   [Code Root Migration: 0.1 ms]
   [Clear CT: 0.2 ms]
   [Other: 1.0 ms]
      [Choose CSet: 0.0 ms]
      [Ref Proc: 0.2 ms]
      [Ref Enq: 0.0 ms]
      [Free CSet: 0.6 ms]
   [Eden: 126.0M(126.0M)->0.0B(114.0M) Survivors: 18.0M->12.0M Heap: 232.4M(512.0M)->93.5M(512.0M)]
 [Times: user=0.03 sys=0.00, real=0.02 secs] 
2014-07-10T12:29:41.438+0200: 94.610: [GC pause (G1 Evacuation Pause) (young), 0.0381210 secs]
   [Parallel Time: 37.6 ms, GC Workers: 2]
      [GC Worker Start (ms): Min: 94609.6, Avg: 94609.6, Max: 94609.6, Diff: 0.0]
      [Ext Root Scanning (ms): Min: 0.3, Avg: 0.3, Max: 0.3, Diff: 0.0, Sum: 0.7]
      [Update RS (ms): Min: 0.0, Avg: 0.1, Max: 0.1, Diff: 0.1, Sum: 0.2]
         [Processed Buffers: Min: 1, Avg: 1.5, Max: 2, Diff: 1, Sum: 3]
      [Scan RS (ms): Min: 0.2, Avg: 0.2, Max: 0.2, Diff: 0.1, Sum: 0.4]
      [Code Root Scanning (ms): Min: 0.1, Avg: 0.1, Max: 0.1, Diff: 0.0, Sum: 0.2]
      [Object Copy (ms): Min: 36.8, Avg: 36.8, Max: 36.8, Diff: 0.0, Sum: 73.7]
      [Termination (ms): Min: 0.0, Avg: 0.0, Max: 0.0, Diff: 0.0, Sum: 0.0]
      [GC Worker Other (ms): Min: 0.0, Avg: 0.0, Max: 0.0, Diff: 0.0, Sum: 0.1]
      [GC Worker Total (ms): Min: 37.5, Avg: 37.5, Max: 37.5, Diff: 0.0, Sum: 75.1]
      [GC Worker End (ms): Min: 94647.1, Avg: 94647.1, Max: 94647.1, Diff: 0.0]
   [Code Root Fixup: 0.0 ms]
   [Code Root Migration: 0.0 ms]
   [Clear CT: 0.1 ms]
   [Other: 0.4 ms]
      [Choose CSet: 0.0 ms]
      [Ref Proc: 0.1 ms]
      [Ref Enq: 0.0 ms]
      [Free CSet: 0.2 ms]
   [Eden: 114.0M(114.0M)->0.0B(134.0M) Survivors: 12.0M->16.0M Heap: 207.5M(512.0M)->141.4M(512.0M)]
 [Times: user=0.09 sys=0.00, real=0.04 secs] 
2014-07-10T12:29:41.578+0200: 94.749: [GC pause (G1 Evacuation Pause) (young), 0.0316765 secs]
   [Parallel Time: 31.1 ms, GC Workers: 2]
      [GC Worker Start (ms): Min: 94749.6, Avg: 94749.6, Max: 94749.6, Diff: 0.0]
      [Ext Root Scanning (ms): Min: 0.4, Avg: 0.5, Max: 0.5, Diff: 0.1, Sum: 0.9]
      [Update RS (ms): Min: 0.0, Avg: 0.1, Max: 0.1, Diff: 0.1, Sum: 0.1]
         [Processed Buffers: Min: 1, Avg: 1.5, Max: 2, Diff: 1, Sum: 3]
      [Scan RS (ms): Min: 0.2, Avg: 0.3, Max: 0.3, Diff: 0.1, Sum: 0.6]
      [Code Root Scanning (ms): Min: 0.1, Avg: 0.2, Max: 0.3, Diff: 0.2, Sum: 0.4]
      [Object Copy (ms): Min: 29.8, Avg: 29.8, Max: 29.8, Diff: 0.0, Sum: 59.6]
      [Termination (ms): Min: 0.0, Avg: 0.1, Max: 0.2, Diff: 0.2, Sum: 0.2]
      [GC Worker Other (ms): Min: 0.0, Avg: 0.0, Max: 0.0, Diff: 0.0, Sum: 0.1]
      [GC Worker Total (ms): Min: 30.9, Avg: 31.0, Max: 31.0, Diff: 0.1, Sum: 61.9]
      [GC Worker End (ms): Min: 94780.5, Avg: 94780.5, Max: 94780.6, Diff: 0.2]
   [Code Root Fixup: 0.0 ms]
   [Code Root Migration: 0.0 ms]
   [Clear CT: 0.1 ms]
   [Other: 0.5 ms]
      [Choose CSet: 0.0 ms]
      [Ref Proc: 0.0 ms]
      [Ref Enq: 0.0 ms]
      [Free CSet: 0.3 ms]
   [Eden: 134.0M(134.0M)->0.0B(128.0M) Survivors: 16.0M->19.0M Heap: 275.4M(512.0M)->174.6M(512.0M)]
 [Times: user=0.06 sys=0.00, real=0.03 secs] 
2014-07-10T12:29:41.678+0200: 94.850: [GC pause (G1 Evacuation Pause) (young), 0.0287336 secs]
   [Parallel Time: 28.1 ms, GC Workers: 2]
      [GC Worker Start (ms): Min: 94850.3, Avg: 94850.3, Max: 94850.3, Diff: 0.0]
      [Ext Root Scanning (ms): Min: 0.3, Avg: 0.3, Max: 0.3, Diff: 0.0, Sum: 0.7]
      [Update RS (ms): Min: 0.0, Avg: 0.0, Max: 0.1, Diff: 0.1, Sum: 0.1]
         [Processed Buffers: Min: 1, Avg: 1.0, Max: 1, Diff: 0, Sum: 2]
      [Scan RS (ms): Min: 0.2, Avg: 0.2, Max: 0.3, Diff: 0.0, Sum: 0.5]
      [Code Root Scanning (ms): Min: 0.1, Avg: 0.1, Max: 0.1, Diff: 0.0, Sum: 0.2]
      [Object Copy (ms): Min: 27.3, Avg: 27.3, Max: 27.3, Diff: 0.0, Sum: 54.6]
      [Termination (ms): Min: 0.0, Avg: 0.0, Max: 0.0, Diff: 0.0, Sum: 0.0]
      [GC Worker Other (ms): Min: 0.0, Avg: 0.0, Max: 0.0, Diff: 0.0, Sum: 0.1]
      [GC Worker Total (ms): Min: 28.1, Avg: 28.1, Max: 28.1, Diff: 0.0, Sum: 56.2]
      [GC Worker End (ms): Min: 94878.3, Avg: 94878.3, Max: 94878.3, Diff: 0.0]
   [Code Root Fixup: 0.0 ms]
   [Code Root Migration: 0.0 ms]
   [Clear CT: 0.1 ms]
   [Other: 0.5 ms]
      [Choose CSet: 0.0 ms]
      [Ref Proc: 0.1 ms]
      [Ref Enq: 0.0 ms]
      [Free CSet: 0.2 ms]
   [Eden: 128.0M(128.0M)->0.0B(138.0M) Survivors: 19.0M->19.0M Heap: 302.6M(512.0M)->200.6M(512.0M)]
 [Times: user=0.06 sys=0.00, real=0.03 secs] 
2014-07-10T12:29:41.811+0200: 94.983: [GC pause (G1 Evacuation Pause) (young), 0.0326352 secs]
   [Parallel Time: 31.9 ms, GC Workers: 2]
      [GC Worker Start (ms): Min: 94983.4, Avg: 94983.5, Max: 94983.6, Diff: 0.2]
      [Ext Root Scanning (ms): Min: 0.2, Avg: 0.3, Max: 0.4, Diff: 0.2, Sum: 0.6]
      [Update RS (ms): Min: 0.0, Avg: 0.1, Max: 0.1, Diff: 0.1, Sum: 0.1]
         [Processed Buffers: Min: 1, Avg: 1.0, Max: 1, Diff: 0, Sum: 2]
      [Scan RS (ms): Min: 0.2, Avg: 0.2, Max: 0.3, Diff: 0.0, Sum: 0.5]
      [Code Root Scanning (ms): Min: 0.1, Avg: 0.1, Max: 0.1, Diff: 0.0, Sum: 0.2]
      [Object Copy (ms): Min: 30.9, Avg: 30.9, Max: 30.9, Diff: 0.0, Sum: 61.8]
      [Termination (ms): Min: 0.0, Avg: 0.0, Max: 0.0, Diff: 0.0, Sum: 0.0]
      [GC Worker Other (ms): Min: 0.0, Avg: 0.0, Max: 0.0, Diff: 0.0, Sum: 0.1]
      [GC Worker Total (ms): Min: 31.6, Avg: 31.7, Max: 31.8, Diff: 0.2, Sum: 63.4]
      [GC Worker End (ms): Min: 95015.2, Avg: 95015.2, Max: 95015.2, Diff: 0.0]
   [Code Root Fixup: 0.0 ms]
   [Code Root Migration: 0.0 ms]
   [Clear CT: 0.1 ms]
   [Other: 0.6 ms]
      [Choose CSet: 0.0 ms]
      [Ref Proc: 0.2 ms]
      [Ref Enq: 0.0 ms]
      [Free CSet: 0.3 ms]
   [Eden: 138.0M(138.0M)->0.0B(131.0M) Survivors: 19.0M->20.0M Heap: 338.6M(512.0M)->232.5M(512.0M)]
 [Times: user=0.09 sys=0.00, real=0.03 secs] 
2014-07-10T12:29:41.991+0200: 95.163: [GC pause (G1 Evacuation Pause) (young), 0.0330795 secs]
   [Parallel Time: 32.4 ms, GC Workers: 2]
      [GC Worker Start (ms): Min: 95163.2, Avg: 95163.2, Max: 95163.2, Diff: 0.0]
      [Ext Root Scanning (ms): Min: 0.4, Avg: 0.4, Max: 0.4, Diff: 0.0, Sum: 0.8]
      [Update RS (ms): Min: 0.0, Avg: 0.0, Max: 0.1, Diff: 0.0, Sum: 0.1]
         [Processed Buffers: Min: 1, Avg: 1.0, Max: 1, Diff: 0, Sum: 2]
      [Scan RS (ms): Min: 0.3, Avg: 0.3, Max: 0.3, Diff: 0.0, Sum: 0.6]
      [Code Root Scanning (ms): Min: 0.1, Avg: 0.1, Max: 0.1, Diff: 0.0, Sum: 0.2]
      [Object Copy (ms): Min: 31.5, Avg: 31.5, Max: 31.5, Diff: 0.0, Sum: 62.9]
      [Termination (ms): Min: 0.0, Avg: 0.0, Max: 0.0, Diff: 0.0, Sum: 0.0]
      [GC Worker Other (ms): Min: 0.0, Avg: 0.0, Max: 0.0, Diff: 0.0, Sum: 0.1]
      [GC Worker Total (ms): Min: 32.3, Avg: 32.3, Max: 32.3, Diff: 0.0, Sum: 64.6]
      [GC Worker End (ms): Min: 95195.5, Avg: 95195.5, Max: 95195.5, Diff: 0.0]
   [Code Root Fixup: 0.0 ms]
   [Code Root Migration: 0.0 ms]
   [Clear CT: 0.1 ms]
   [Other: 0.5 ms]
      [Choose CSet: 0.0 ms]
      [Ref Proc: 0.1 ms]
      [Ref Enq: 0.0 ms]
      [Free CSet: 0.3 ms]
   [Eden: 131.0M(131.0M)->0.0B(118.0M) Survivors: 20.0M->19.0M Heap: 363.5M(512.0M)->262.3M(512.0M)]
 [Times: user=0.06 sys=0.00, real=0.03 secs] 
2014-07-10T12:29:42.080+0200: 95.252: [GC pause (G1 Evacuation Pause) (young) (initial-mark), 0.0161238 secs]
   [Parallel Time: 15.3 ms, GC Workers: 2]
      [GC Worker Start (ms): Min: 95252.2, Avg: 95252.2, Max: 95252.2, Diff: 0.0]
      [Ext Root Scanning (ms): Min: 0.4, Avg: 0.4, Max: 0.4, Diff: 0.0, Sum: 0.8]
      [Code Root Marking (ms): Min: 0.1, Avg: 0.1, Max: 0.1, Diff: 0.0, Sum: 0.1]
      [Update RS (ms): Min: 0.0, Avg: 0.0, Max: 0.1, Diff: 0.0, Sum: 0.1]
         [Processed Buffers: Min: 1, Avg: 1.5, Max: 2, Diff: 1, Sum: 3]
      [Scan RS (ms): Min: 0.2, Avg: 0.2, Max: 0.2, Diff: 0.0, Sum: 0.4]
      [Code Root Scanning (ms): Min: 0.1, Avg: 0.1, Max: 0.1, Diff: 0.0, Sum: 0.2]
      [Object Copy (ms): Min: 14.4, Avg: 14.4, Max: 14.5, Diff: 0.0, Sum: 28.9]
      [Termination (ms): Min: 0.0, Avg: 0.0, Max: 0.0, Diff: 0.0, Sum: 0.0]
      [GC Worker Other (ms): Min: 0.0, Avg: 0.0, Max: 0.0, Diff: 0.0, Sum: 0.1]
      [GC Worker Total (ms): Min: 15.3, Avg: 15.3, Max: 15.3, Diff: 0.0, Sum: 30.5]
      [GC Worker End (ms): Min: 95267.5, Avg: 95267.5, Max: 95267.5, Diff: 0.0]
   [Code Root Fixup: 0.0 ms]
   [Code Root Migration: 0.0 ms]
   [Clear CT: 0.3 ms]
   [Other: 0.5 ms]
      [Choose CSet: 0.0 ms]
      [Ref Proc: 0.1 ms]
      [Ref Enq: 0.0 ms]
      [Free CSet: 0.2 ms]
   [Eden: 118.0M(118.0M)->0.0B(141.0M) Survivors: 19.0M->18.0M Heap: 380.3M(512.0M)->266.8M(512.0M)]
 [Times: user=0.03 sys=0.00, real=0.02 secs] 
2014-07-10T12:29:42.097+0200: 95.268: [GC concurrent-root-region-scan-start]
2014-07-10T12:29:42.097+0200: 95.269: [GC concurrent-root-region-scan-end, 0.0002137 secs]
2014-07-10T12:29:42.097+0200: 95.269: [GC concurrent-mark-start]
2014-07-10T12:29:42.176+0200: 95.347: [GC concurrent-mark-end, 0.0062788 secs]
2014-07-10T12:29:42.176+0200: 95.348: [GC remark 95.348: [GC ref-proc, 0.0001554 secs], 0.0027464 secs]
 [Times: user=0.00 sys=0.00, real=0.00 secs] 
2014-07-10T12:29:42.219+0200: 95.391: [GC pause (G1 Evacuation Pause) (young), 0.0215627 secs]
   [Parallel Time: 20.9 ms, GC Workers: 2]
      [GC Worker Start (ms): Min: 95391.4, Avg: 95391.4, Max: 95391.4, Diff: 0.0]
      [Ext Root Scanning (ms): Min: 0.4, Avg: 0.5, Max: 0.5, Diff: 0.1, Sum: 1.0]
      [SATB Filtering (ms): Min: 0.0, Avg: 0.0, Max: 0.0, Diff: 0.0, Sum: 0.0]
      [Update RS (ms): Min: 0.0, Avg: 0.1, Max: 0.1, Diff: 0.1, Sum: 0.2]
         [Processed Buffers: Min: 1, Avg: 1.5, Max: 2, Diff: 1, Sum: 3]
      [Scan RS (ms): Min: 0.3, Avg: 0.3, Max: 0.3, Diff: 0.0, Sum: 0.6]
      [Code Root Scanning (ms): Min: 0.1, Avg: 0.1, Max: 0.1, Diff: 0.0, Sum: 0.2]
      [Object Copy (ms): Min: 19.9, Avg: 19.9, Max: 19.9, Diff: 0.0, Sum: 39.7]
      [Termination (ms): Min: 0.0, Avg: 0.0, Max: 0.0, Diff: 0.0, Sum: 0.0]
      [GC Worker Other (ms): Min: 0.0, Avg: 0.0, Max: 0.0, Diff: 0.0, Sum: 0.1]
      [GC Worker Total (ms): Min: 20.9, Avg: 20.9, Max: 20.9, Diff: 0.0, Sum: 41.7]
      [GC Worker End (ms): Min: 95412.2, Avg: 95412.2, Max: 95412.2, Diff: 0.0]
   [Code Root Fixup: 0.0 ms]
   [Code Root Migration: 0.0 ms]
   [Clear CT: 0.1 ms]
   [Other: 0.5 ms]
      [Choose CSet: 0.0 ms]
      [Ref Proc: 0.1 ms]
      [Ref Enq: 0.0 ms]
      [Free CSet: 0.3 ms]
   [Eden: 141.0M(141.0M)->0.0B(130.0M) Survivors: 18.0M->20.0M Heap: 407.8M(512.0M)->281.2M(512.0M)]
 [Times: user=0.03 sys=0.00, real=0.02 secs] 
2014-07-10T12:29:42.258+0200: 95.430: [GC cleanup 315M->131M(512M), 0.0017800 secs]
 [Times: user=0.00 sys=0.00, real=0.00 secs] 
2014-07-10T12:29:42.260+0200: 95.431: [GC concurrent-cleanup-start]
2014-07-10T12:29:42.260+0200: 95.432: [GC concurrent-cleanup-end, 0.0005983 secs]
2014-07-10T12:29:42.380+0200: 95.552: [GC pause (G1 Evacuation Pause) (young), 0.0281173 secs]
   [Parallel Time: 27.4 ms, GC Workers: 2]
      [GC Worker Start (ms): Min: 95552.4, Avg: 95552.4, Max: 95552.4, Diff: 0.0]
      [Ext Root Scanning (ms): Min: 0.6, Avg: 0.6, Max: 0.6, Diff: 0.0, Sum: 1.2]
      [Update RS (ms): Min: 0.1, Avg: 0.1, Max: 0.1, Diff: 0.0, Sum: 0.2]
         [Processed Buffers: Min: 1, Avg: 1.5, Max: 2, Diff: 1, Sum: 3]
      [Scan RS (ms): Min: 0.4, Avg: 0.4, Max: 0.4, Diff: 0.0, Sum: 0.8]
      [Code Root Scanning (ms): Min: 0.1, Avg: 0.1, Max: 0.1, Diff: 0.0, Sum: 0.3]
      [Object Copy (ms): Min: 26.0, Avg: 26.0, Max: 26.0, Diff: 0.0, Sum: 51.9]
      [Termination (ms): Min: 0.0, Avg: 0.0, Max: 0.0, Diff: 0.0, Sum: 0.0]
      [GC Worker Other (ms): Min: 0.0, Avg: 0.1, Max: 0.1, Diff: 0.0, Sum: 0.1]
      [GC Worker Total (ms): Min: 27.3, Avg: 27.3, Max: 27.3, Diff: 0.0, Sum: 54.6]
      [GC Worker End (ms): Min: 95579.7, Avg: 95579.7, Max: 95579.7, Diff: 0.0]
   [Code Root Fixup: 0.0 ms]
   [Code Root Migration: 0.0 ms]
   [Clear CT: 0.1 ms]
   [Other: 0.6 ms]
      [Choose CSet: 0.0 ms]
      [Ref Proc: 0.1 ms]
      [Ref Enq: 0.0 ms]
      [Free CSet: 0.3 ms]
   [Eden: 130.0M(130.0M)->0.0B(118.0M) Survivors: 20.0M->19.0M Heap: 227.2M(512.0M)->107.4M(512.0M)]
 [Times: user=0.06 sys=0.00, real=0.03 secs] 
2014-07-10T12:29:42.466+0200: 95.638: [GC pause (G1 Evacuation Pause) (mixed), 0.0115766 secs]
   [Parallel Time: 11.0 ms, GC Workers: 2]
      [GC Worker Start (ms): Min: 95637.7, Avg: 95637.7, Max: 95637.7, Diff: 0.0]
      [Ext Root Scanning (ms): Min: 0.3, Avg: 0.3, Max: 0.3, Diff: 0.0, Sum: 0.7]
      [Update RS (ms): Min: 0.0, Avg: 0.0, Max: 0.0, Diff: 0.0, Sum: 0.1]
         [Processed Buffers: Min: 1, Avg: 1.0, Max: 1, Diff: 0, Sum: 2]
      [Scan RS (ms): Min: 0.2, Avg: 0.3, Max: 0.3, Diff: 0.0, Sum: 0.5]
      [Code Root Scanning (ms): Min: 0.1, Avg: 0.1, Max: 0.1, Diff: 0.0, Sum: 0.2]
      [Object Copy (ms): Min: 10.2, Avg: 10.2, Max: 10.2, Diff: 0.0, Sum: 20.3]
      [Termination (ms): Min: 0.0, Avg: 0.0, Max: 0.0, Diff: 0.0, Sum: 0.0]
      [GC Worker Other (ms): Min: 0.0, Avg: 0.0, Max: 0.0, Diff: 0.0, Sum: 0.1]
      [GC Worker Total (ms): Min: 10.9, Avg: 10.9, Max: 10.9, Diff: 0.0, Sum: 21.9]
      [GC Worker End (ms): Min: 95648.6, Avg: 95648.6, Max: 95648.6, Diff: 0.0]
   [Code Root Fixup: 0.0 ms]
   [Code Root Migration: 0.0 ms]
   [Clear CT: 0.1 ms]
   [Other: 0.4 ms]
      [Choose CSet: 0.0 ms]
      [Ref Proc: 0.0 ms]
      [Ref Enq: 0.0 ms]
      [Free CSet: 0.2 ms]
   [Eden: 118.0M(118.0M)->0.0B(139.0M) Survivors: 19.0M->17.0M Heap: 225.4M(512.0M)->97.7M(512.0M)]
 [Times: user=0.03 sys=0.00, real=0.01 secs] 
2014-07-10T12:29:42.607+0200: 95.779: [GC pause (G1 Evacuation Pause) (young), 0.0111502 secs]
   [Parallel Time: 10.5 ms, GC Workers: 2]
      [GC Worker Start (ms): Min: 95778.9, Avg: 95778.9, Max: 95778.9, Diff: 0.0]
      [Ext Root Scanning (ms): Min: 0.4, Avg: 0.4, Max: 0.4, Diff: 0.0, Sum: 0.7]
      [Update RS (ms): Min: 0.0, Avg: 0.1, Max: 0.2, Diff: 0.2, Sum: 0.2]
         [Processed Buffers: Min: 1, Avg: 1.0, Max: 1, Diff: 0, Sum: 2]
      [Scan RS (ms): Min: 0.2, Avg: 0.3, Max: 0.4, Diff: 0.1, Sum: 0.6]
      [Code Root Scanning (ms): Min: 0.1, Avg: 0.1, Max: 0.1, Diff: 0.0, Sum: 0.2]
      [Object Copy (ms): Min: 9.5, Avg: 9.5, Max: 9.5, Diff: 0.0, Sum: 19.1]
      [Termination (ms): Min: 0.0, Avg: 0.0, Max: 0.0, Diff: 0.0, Sum: 0.0]
      [GC Worker Other (ms): Min: 0.0, Avg: 0.0, Max: 0.0, Diff: 0.0, Sum: 0.1]
      [GC Worker Total (ms): Min: 10.5, Avg: 10.5, Max: 10.5, Diff: 0.0, Sum: 20.9]
      [GC Worker End (ms): Min: 95789.4, Avg: 95789.4, Max: 95789.4, Diff: 0.0]
   [Code Root Fixup: 0.0 ms]
   [Code Root Migration: 0.0 ms]
   [Clear CT: 0.1 ms]
   [Other: 0.5 ms]
      [Choose CSet: 0.0 ms]
      [Ref Proc: 0.1 ms]
      [Ref Enq: 0.0 ms]
      [Free CSet: 0.3 ms]
   [Eden: 139.0M(139.0M)->0.0B(127.0M) Survivors: 17.0M->15.0M Heap: 236.7M(512.0M)->96.5M(512.0M)]
 [Times: user=0.03 sys=0.00, real=0.01 secs] 
2014-07-10T12:29:42.762+0200: 95.934: [GC pause (G1 Evacuation Pause) (young), 0.0125492 secs]
   [Parallel Time: 11.4 ms, GC Workers: 2]
      [GC Worker Start (ms): Min: 95934.5, Avg: 95934.5, Max: 95934.5, Diff: 0.0]
      [Ext Root Scanning (ms): Min: 0.6, Avg: 0.6, Max: 0.6, Diff: 0.0, Sum: 1.2]
      [Update RS (ms): Min: 0.0, Avg: 0.1, Max: 0.1, Diff: 0.1, Sum: 0.1]
         [Processed Buffers: Min: 1, Avg: 1.0, Max: 1, Diff: 0, Sum: 2]
      [Scan RS (ms): Min: 0.4, Avg: 0.4, Max: 0.4, Diff: 0.0, Sum: 0.8]
      [Code Root Scanning (ms): Min: 0.1, Avg: 0.1, Max: 0.2, Diff: 0.0, Sum: 0.3]
      [Object Copy (ms): Min: 10.0, Avg: 10.0, Max: 10.0, Diff: 0.0, Sum: 20.1]
      [Termination (ms): Min: 0.0, Avg: 0.0, Max: 0.0, Diff: 0.0, Sum: 0.0]
      [GC Worker Other (ms): Min: 0.0, Avg: 0.0, Max: 0.1, Diff: 0.0, Sum: 0.1]
      [GC Worker Total (ms): Min: 11.3, Avg: 11.3, Max: 11.3, Diff: 0.0, Sum: 22.6]
      [GC Worker End (ms): Min: 95945.8, Avg: 95945.8, Max: 95945.8, Diff: 0.0]
   [Code Root Fixup: 0.0 ms]
   [Code Root Migration: 0.1 ms]
   [Clear CT: 0.2 ms]
   [Other: 0.9 ms]
      [Choose CSet: 0.0 ms]
      [Ref Proc: 0.1 ms]
      [Ref Enq: 0.0 ms]
      [Free CSet: 0.5 ms]
   [Eden: 127.0M(127.0M)->0.0B(114.0M) Survivors: 15.0M->10.0M Heap: 223.5M(512.0M)->91.4M(512.0M)]
 [Times: user=0.03 sys=0.00, real=0.01 secs] 
2014-07-10T12:29:42.842+0200: 96.014: [GC pause (G1 Evacuation Pause) (young), 0.0361024 secs]
   [Parallel Time: 35.5 ms, GC Workers: 2]
      [GC Worker Start (ms): Min: 96014.5, Avg: 96014.5, Max: 96014.5, Diff: 0.0]
      [Ext Root Scanning (ms): Min: 0.3, Avg: 0.3, Max: 0.3, Diff: 0.0, Sum: 0.6]
      [Update RS (ms): Min: 0.0, Avg: 0.0, Max: 0.0, Diff: 0.0, Sum: 0.1]
         [Processed Buffers: Min: 1, Avg: 1.0, Max: 1, Diff: 0, Sum: 2]
      [Scan RS (ms): Min: 0.2, Avg: 0.2, Max: 0.2, Diff: 0.0, Sum: 0.4]
      [Code Root Scanning (ms): Min: 0.1, Avg: 0.1, Max: 0.1, Diff: 0.0, Sum: 0.2]
      [Object Copy (ms): Min: 34.8, Avg: 34.8, Max: 34.8, Diff: 0.0, Sum: 69.6]
      [Termination (ms): Min: 0.0, Avg: 0.0, Max: 0.0, Diff: 0.0, Sum: 0.0]
      [GC Worker Other (ms): Min: 0.0, Avg: 0.0, Max: 0.0, Diff: 0.0, Sum: 0.1]
      [GC Worker Total (ms): Min: 35.5, Avg: 35.5, Max: 35.5, Diff: 0.0, Sum: 70.9]
      [GC Worker End (ms): Min: 96050.0, Avg: 96050.0, Max: 96050.0, Diff: 0.0]
   [Code Root Fixup: 0.0 ms]
   [Code Root Migration: 0.0 ms]
   [Clear CT: 0.1 ms]
   [Other: 0.4 ms]
      [Choose CSet: 0.0 ms]
      [Ref Proc: 0.1 ms]
      [Ref Enq: 0.0 ms]
      [Free CSet: 0.3 ms]
   [Eden: 114.0M(114.0M)->0.0B(125.0M) Survivors: 10.0M->16.0M Heap: 205.4M(512.0M)->139.4M(512.0M)]
 [Times: user=0.08 sys=0.00, real=0.04 secs] 
2014-07-10T12:29:42.978+0200: 96.150: [GC pause (G1 Evacuation Pause) (young), 0.0324163 secs]
   [Parallel Time: 31.8 ms, GC Workers: 2]
      [GC Worker Start (ms): Min: 96150.4, Avg: 96150.4, Max: 96150.4, Diff: 0.0]
      [Ext Root Scanning (ms): Min: 0.5, Avg: 0.5, Max: 0.5, Diff: 0.0, Sum: 1.0]
      [Update RS (ms): Min: 0.0, Avg: 0.0, Max: 0.0, Diff: 0.0, Sum: 0.1]
         [Processed Buffers: Min: 1, Avg: 1.5, Max: 2, Diff: 1, Sum: 3]
      [Scan RS (ms): Min: 0.2, Avg: 0.2, Max: 0.2, Diff: 0.0, Sum: 0.4]
      [Code Root Scanning (ms): Min: 0.1, Avg: 0.1, Max: 0.1, Diff: 0.0, Sum: 0.2]
      [Object Copy (ms): Min: 30.9, Avg: 31.0, Max: 31.0, Diff: 0.0, Sum: 61.9]
      [Termination (ms): Min: 0.0, Avg: 0.0, Max: 0.0, Diff: 0.0, Sum: 0.0]
      [GC Worker Other (ms): Min: 0.0, Avg: 0.0, Max: 0.0, Diff: 0.0, Sum: 0.1]
      [GC Worker Total (ms): Min: 31.8, Avg: 31.8, Max: 31.8, Diff: 0.0, Sum: 63.6]
      [GC Worker End (ms): Min: 96182.2, Avg: 96182.2, Max: 96182.2, Diff: 0.0]
   [Code Root Fixup: 0.0 ms]
   [Code Root Migration: 0.0 ms]
   [Clear CT: 0.1 ms]
   [Other: 0.4 ms]
      [Choose CSet: 0.0 ms]
      [Ref Proc: 0.0 ms]
      [Ref Enq: 0.0 ms]
      [Free CSet: 0.3 ms]
   [Eden: 125.0M(125.0M)->0.0B(120.0M) Survivors: 16.0M->18.0M Heap: 264.4M(512.0M)->174.1M(512.0M)]
 [Times: user=0.06 sys=0.00, real=0.03 secs] 
2014-07-10T12:29:43.068+0200: 96.240: [GC pause (G1 Evacuation Pause) (young), 0.0148326 secs]
   [Parallel Time: 14.2 ms, GC Workers: 2]
      [GC Worker Start (ms): Min: 96239.7, Avg: 96239.7, Max: 96239.7, Diff: 0.0]
      [Ext Root Scanning (ms): Min: 0.3, Avg: 0.3, Max: 0.3, Diff: 0.0, Sum: 0.7]
      [Update RS (ms): Min: 0.1, Avg: 0.1, Max: 0.1, Diff: 0.1, Sum: 0.2]
         [Processed Buffers: Min: 2, Avg: 2.0, Max: 2, Diff: 0, Sum: 4]
      [Scan RS (ms): Min: 0.2, Avg: 0.2, Max: 0.2, Diff: 0.1, Sum: 0.4]
      [Code Root Scanning (ms): Min: 0.1, Avg: 0.1, Max: 0.1, Diff: 0.0, Sum: 0.2]
      [Object Copy (ms): Min: 13.4, Avg: 13.4, Max: 13.4, Diff: 0.0, Sum: 26.8]
      [Termination (ms): Min: 0.0, Avg: 0.0, Max: 0.0, Diff: 0.0, Sum: 0.0]
      [GC Worker Other (ms): Min: 0.0, Avg: 0.0, Max: 0.0, Diff: 0.0, Sum: 0.1]
      [GC Worker Total (ms): Min: 14.2, Avg: 14.2, Max: 14.2, Diff: 0.0, Sum: 28.4]
      [GC Worker End (ms): Min: 96253.9, Avg: 96253.9, Max: 96253.9, Diff: 0.0]
   [Code Root Fixup: 0.0 ms]
   [Code Root Migration: 0.0 ms]
   [Clear CT: 0.1 ms]
   [Other: 0.5 ms]
      [Choose CSet: 0.0 ms]
      [Ref Proc: 0.1 ms]
      [Ref Enq: 0.0 ms]
      [Free CSet: 0.3 ms]
   [Eden: 120.0M(120.0M)->0.0B(141.0M) Survivors: 18.0M->18.0M Heap: 294.1M(512.0M)->177.4M(512.0M)]
 [Times: user=0.03 sys=0.00, real=0.01 secs] 
2014-07-10T12:29:43.227+0200: 96.399: [GC pause (G1 Evacuation Pause) (young), 0.0210256 secs]
   [Parallel Time: 20.3 ms, GC Workers: 2]
      [GC Worker Start (ms): Min: 96399.0, Avg: 96399.0, Max: 96399.0, Diff: 0.0]
      [Ext Root Scanning (ms): Min: 0.4, Avg: 0.4, Max: 0.4, Diff: 0.0, Sum: 0.7]
      [Update RS (ms): Min: 0.1, Avg: 0.1, Max: 0.1, Diff: 0.1, Sum: 0.2]
         [Processed Buffers: Min: 1, Avg: 1.5, Max: 2, Diff: 1, Sum: 3]
      [Scan RS (ms): Min: 0.3, Avg: 0.3, Max: 0.3, Diff: 0.1, Sum: 0.6]
      [Code Root Scanning (ms): Min: 0.1, Avg: 0.1, Max: 0.1, Diff: 0.0, Sum: 0.2]
      [Object Copy (ms): Min: 19.3, Avg: 19.3, Max: 19.4, Diff: 0.0, Sum: 38.7]
      [Termination (ms): Min: 0.0, Avg: 0.0, Max: 0.0, Diff: 0.0, Sum: 0.0]
      [GC Worker Other (ms): Min: 0.0, Avg: 0.0, Max: 0.0, Diff: 0.0, Sum: 0.1]
      [GC Worker Total (ms): Min: 20.3, Avg: 20.3, Max: 20.3, Diff: 0.0, Sum: 40.5]
      [GC Worker End (ms): Min: 96419.3, Avg: 96419.3, Max: 96419.3, Diff: 0.0]
   [Code Root Fixup: 0.0 ms]
   [Code Root Migration: 0.0 ms]
   [Clear CT: 0.2 ms]
   [Other: 0.5 ms]
      [Choose CSet: 0.0 ms]
      [Ref Proc: 0.1 ms]
      [Ref Enq: 0.0 ms]
      [Free CSet: 0.3 ms]
   [Eden: 141.0M(141.0M)->0.0B(128.0M) Survivors: 18.0M->20.0M Heap: 318.4M(512.0M)->189.6M(512.0M)]
 [Times: user=0.06 sys=0.00, real=0.02 secs] 
2014-07-10T12:29:43.377+0200: 96.549: [GC pause (G1 Evacuation Pause) (young), 0.0230439 secs]
   [Parallel Time: 22.3 ms, GC Workers: 2]
      [GC Worker Start (ms): Min: 96549.0, Avg: 96549.0, Max: 96549.0, Diff: 0.0]
      [Ext Root Scanning (ms): Min: 0.6, Avg: 0.6, Max: 0.6, Diff: 0.0, Sum: 1.2]
      [Update RS (ms): Min: 0.1, Avg: 0.1, Max: 0.2, Diff: 0.1, Sum: 0.3]
         [Processed Buffers: Min: 1, Avg: 1.5, Max: 2, Diff: 1, Sum: 3]
      [Scan RS (ms): Min: 0.3, Avg: 0.4, Max: 0.5, Diff: 0.1, Sum: 0.8]
      [Code Root Scanning (ms): Min: 0.1, Avg: 0.1, Max: 0.2, Diff: 0.0, Sum: 0.3]
      [Object Copy (ms): Min: 20.9, Avg: 20.9, Max: 20.9, Diff: 0.0, Sum: 41.8]
      [Termination (ms): Min: 0.0, Avg: 0.0, Max: 0.0, Diff: 0.0, Sum: 0.0]
      [GC Worker Other (ms): Min: 0.0, Avg: 0.0, Max: 0.0, Diff: 0.0, Sum: 0.1]
      [GC Worker Total (ms): Min: 22.2, Avg: 22.2, Max: 22.3, Diff: 0.0, Sum: 44.5]
      [GC Worker End (ms): Min: 96571.2, Avg: 96571.2, Max: 96571.2, Diff: 0.0]
   [Code Root Fixup: 0.0 ms]
   [Code Root Migration: 0.0 ms]
   [Clear CT: 0.1 ms]
   [Other: 0.6 ms]
      [Choose CSet: 0.0 ms]
      [Ref Proc: 0.1 ms]
      [Ref Enq: 0.0 ms]
      [Free CSet: 0.3 ms]
   [Eden: 128.0M(128.0M)->0.0B(117.0M) Survivors: 20.0M->19.0M Heap: 317.6M(512.0M)->195.7M(512.0M)]
 [Times: user=0.03 sys=0.00, real=0.02 secs] 
2014-07-10T12:29:43.461+0200: 96.633: [GC pause (G1 Evacuation Pause) (young), 0.0031321 secs]
   [Parallel Time: 2.4 ms, GC Workers: 2]
      [GC Worker Start (ms): Min: 96632.8, Avg: 96632.8, Max: 96632.8, Diff: 0.0]
      [Ext Root Scanning (ms): Min: 0.3, Avg: 0.3, Max: 0.3, Diff: 0.0, Sum: 0.7]
      [Update RS (ms): Min: 0.0, Avg: 0.0, Max: 0.0, Diff: 0.0, Sum: 0.1]
         [Processed Buffers: Min: 2, Avg: 2.0, Max: 2, Diff: 0, Sum: 4]
      [Scan RS (ms): Min: 0.2, Avg: 0.2, Max: 0.2, Diff: 0.0, Sum: 0.4]
      [Code Root Scanning (ms): Min: 0.1, Avg: 0.1, Max: 0.1, Diff: 0.0, Sum: 0.2]
      [Object Copy (ms): Min: 1.6, Avg: 1.6, Max: 1.6, Diff: 0.0, Sum: 3.2]
      [Termination (ms): Min: 0.0, Avg: 0.0, Max: 0.0, Diff: 0.0, Sum: 0.0]
      [GC Worker Other (ms): Min: 0.0, Avg: 0.0, Max: 0.0, Diff: 0.0, Sum: 0.1]
      [GC Worker Total (ms): Min: 2.3, Avg: 2.3, Max: 2.3, Diff: 0.0, Sum: 4.7]
      [GC Worker End (ms): Min: 96635.1, Avg: 96635.1, Max: 96635.1, Diff: 0.0]
   [Code Root Fixup: 0.0 ms]
   [Code Root Migration: 0.0 ms]
   [Clear CT: 0.2 ms]
   [Other: 0.5 ms]
      [Choose CSet: 0.0 ms]
      [Ref Proc: 0.0 ms]
      [Ref Enq: 0.0 ms]
      [Free CSet: 0.3 ms]
   [Eden: 117.0M(117.0M)->0.0B(134.0M) Survivors: 19.0M->3072.0K Heap: 312.7M(512.0M)->179.6M(512.0M)]
 [Times: user=0.00 sys=0.00, real=0.00 secs] 
2014-07-10T12:29:43.601+0200: 96.773: [GC pause (G1 Evacuation Pause) (young), 0.0042910 secs]
   [Parallel Time: 3.8 ms, GC Workers: 2]
      [GC Worker Start (ms): Min: 96773.1, Avg: 96773.2, Max: 96773.2, Diff: 0.0]
      [Ext Root Scanning (ms): Min: 0.3, Avg: 0.3, Max: 0.3, Diff: 0.0, Sum: 0.6]
      [Update RS (ms): Min: 0.0, Avg: 0.0, Max: 0.1, Diff: 0.0, Sum: 0.1]
         [Processed Buffers: Min: 1, Avg: 1.5, Max: 2, Diff: 1, Sum: 3]
      [Scan RS (ms): Min: 0.2, Avg: 0.2, Max: 0.2, Diff: 0.0, Sum: 0.4]
      [Code Root Scanning (ms): Min: 0.1, Avg: 0.1, Max: 0.1, Diff: 0.0, Sum: 0.2]
      [Object Copy (ms): Min: 3.0, Avg: 3.0, Max: 3.0, Diff: 0.0, Sum: 6.1]
      [Termination (ms): Min: 0.0, Avg: 0.0, Max: 0.0, Diff: 0.0, Sum: 0.0]
      [GC Worker Other (ms): Min: 0.0, Avg: 0.0, Max: 0.0, Diff: 0.0, Sum: 0.1]
      [GC Worker Total (ms): Min: 3.7, Avg: 3.7, Max: 3.8, Diff: 0.0, Sum: 7.5]
      [GC Worker End (ms): Min: 96776.9, Avg: 96776.9, Max: 96776.9, Diff: 0.0]
   [Code Root Fixup: 0.0 ms]
   [Code Root Migration: 0.0 ms]
   [Clear CT: 0.1 ms]
   [Other: 0.4 ms]
      [Choose CSet: 0.0 ms]
      [Ref Proc: 0.1 ms]
      [Ref Enq: 0.0 ms]
      [Free CSet: 0.2 ms]
   [Eden: 134.0M(134.0M)->0.0B(253.0M) Survivors: 3072.0K->5120.0K Heap: 313.6M(512.0M)->181.5M(512.0M)]
 [Times: user=0.00 sys=0.00, real=0.00 secs] 
2014-07-10T12:29:43.821+0200: 96.993: [GC pause (G1 Evacuation Pause) (young), 0.0385983 secs]
   [Parallel Time: 37.6 ms, GC Workers: 2]
      [GC Worker Start (ms): Min: 96992.9, Avg: 96992.9, Max: 96992.9, Diff: 0.0]
      [Ext Root Scanning (ms): Min: 0.4, Avg: 0.4, Max: 0.4, Diff: 0.0, Sum: 0.8]
      [Update RS (ms): Min: 0.0, Avg: 0.0, Max: 0.0, Diff: 0.0, Sum: 0.1]
         [Processed Buffers: Min: 1, Avg: 1.5, Max: 2, Diff: 1, Sum: 3]
      [Scan RS (ms): Min: 0.4, Avg: 0.4, Max: 0.4, Diff: 0.0, Sum: 0.8]
      [Code Root Scanning (ms): Min: 0.2, Avg: 0.2, Max: 0.2, Diff: 0.0, Sum: 0.3]
      [Object Copy (ms): Min: 36.5, Avg: 36.5, Max: 36.5, Diff: 0.0, Sum: 73.0]
      [Termination (ms): Min: 0.0, Avg: 0.0, Max: 0.0, Diff: 0.0, Sum: 0.0]
      [GC Worker Other (ms): Min: 0.0, Avg: 0.0, Max: 0.0, Diff: 0.0, Sum: 0.1]
      [GC Worker Total (ms): Min: 37.6, Avg: 37.6, Max: 37.6, Diff: 0.0, Sum: 75.1]
      [GC Worker End (ms): Min: 97030.4, Avg: 97030.4, Max: 97030.4, Diff: 0.0]
   [Code Root Fixup: 0.0 ms]
   [Code Root Migration: 0.1 ms]
   [Clear CT: 0.3 ms]
   [Other: 0.7 ms]
      [Choose CSet: 0.0 ms]
      [Ref Proc: 0.1 ms]
      [Ref Enq: 0.0 ms]
      [Free CSet: 0.4 ms]
   [Eden: 253.0M(253.0M)->0.0B(115.0M) Survivors: 5120.0K->33.0M Heap: 434.5M(512.0M)->236.3M(512.0M)]
 [Times: user=0.09 sys=0.00, real=0.04 secs] 
2014-07-10T12:29:43.987+0200: 97.159: [GC pause (G1 Evacuation Pause) (young), 0.0293630 secs]
   [Parallel Time: 28.5 ms, GC Workers: 2]
      [GC Worker Start (ms): Min: 97159.2, Avg: 97159.2, Max: 97159.2, Diff: 0.0]
      [Ext Root Scanning (ms): Min: 0.6, Avg: 0.7, Max: 0.7, Diff: 0.1, Sum: 1.3]
      [Update RS (ms): Min: 0.0, Avg: 0.1, Max: 0.1, Diff: 0.1, Sum: 0.1]
         [Processed Buffers: Min: 1, Avg: 2.0, Max: 3, Diff: 2, Sum: 4]
      [Scan RS (ms): Min: 0.4, Avg: 0.4, Max: 0.4, Diff: 0.0, Sum: 0.8]
      [Code Root Scanning (ms): Min: 0.1, Avg: 0.2, Max: 0.2, Diff: 0.0, Sum: 0.3]
      [Object Copy (ms): Min: 27.1, Avg: 27.1, Max: 27.1, Diff: 0.0, Sum: 54.2]
      [Termination (ms): Min: 0.0, Avg: 0.0, Max: 0.0, Diff: 0.0, Sum: 0.0]
      [GC Worker Other (ms): Min: 0.0, Avg: 0.0, Max: 0.0, Diff: 0.0, Sum: 0.1]
      [GC Worker Total (ms): Min: 28.4, Avg: 28.5, Max: 28.5, Diff: 0.0, Sum: 56.9]
      [GC Worker End (ms): Min: 97187.7, Avg: 97187.7, Max: 97187.7, Diff: 0.0]
   [Code Root Fixup: 0.0 ms]
   [Code Root Migration: 0.0 ms]
   [Clear CT: 0.1 ms]
   [Other: 0.7 ms]
      [Choose CSet: 0.0 ms]
      [Ref Proc: 0.2 ms]
      [Ref Enq: 0.0 ms]
      [Free CSet: 0.3 ms]
   [Eden: 115.0M(115.0M)->0.0B(106.0M) Survivors: 33.0M->19.0M Heap: 351.3M(512.0M)->245.8M(512.0M)]
 [Times: user=0.05 sys=0.00, real=0.03 secs] 
2014-07-10T12:29:44.071+0200: 97.243: [GC pause (G1 Evacuation Pause) (young), 0.0039790 secs]
   [Parallel Time: 3.4 ms, GC Workers: 2]
      [GC Worker Start (ms): Min: 97243.5, Avg: 97243.5, Max: 97243.5, Diff: 0.0]
      [Ext Root Scanning (ms): Min: 0.3, Avg: 0.3, Max: 0.4, Diff: 0.1, Sum: 0.7]
      [Update RS (ms): Min: 0.0, Avg: 0.0, Max: 0.0, Diff: 0.0, Sum: 0.1]
         [Processed Buffers: Min: 1, Avg: 2.0, Max: 3, Diff: 2, Sum: 4]
      [Scan RS (ms): Min: 0.2, Avg: 0.2, Max: 0.2, Diff: 0.0, Sum: 0.4]
      [Code Root Scanning (ms): Min: 0.1, Avg: 0.1, Max: 0.1, Diff: 0.0, Sum: 0.2]
      [Object Copy (ms): Min: 2.6, Avg: 2.7, Max: 2.7, Diff: 0.0, Sum: 5.3]
      [Termination (ms): Min: 0.0, Avg: 0.0, Max: 0.0, Diff: 0.0, Sum: 0.0]
      [GC Worker Other (ms): Min: 0.0, Avg: 0.1, Max: 0.1, Diff: 0.1, Sum: 0.1]
      [GC Worker Total (ms): Min: 3.4, Avg: 3.4, Max: 3.4, Diff: 0.0, Sum: 6.8]
      [GC Worker End (ms): Min: 97246.9, Avg: 97246.9, Max: 97246.9, Diff: 0.0]
   [Code Root Fixup: 0.0 ms]
   [Code Root Migration: 0.0 ms]
   [Clear CT: 0.1 ms]
   [Other: 0.4 ms]
      [Choose CSet: 0.0 ms]
      [Ref Proc: 0.1 ms]
      [Ref Enq: 0.0 ms]
      [Free CSet: 0.2 ms]
   [Eden: 106.0M(106.0M)->0.0B(127.0M) Survivors: 19.0M->5120.0K Heap: 351.8M(512.0M)->231.1M(512.0M)]
 [Times: user=0.03 sys=0.00, real=0.00 secs] 
2014-07-10T12:29:44.207+0200: 97.379: [GC pause (G1 Evacuation Pause) (young), 0.0424468 secs]
   [Parallel Time: 41.7 ms, GC Workers: 2]
      [GC Worker Start (ms): Min: 97379.1, Avg: 97379.1, Max: 97379.1, Diff: 0.0]
      [Ext Root Scanning (ms): Min: 0.3, Avg: 0.4, Max: 0.4, Diff: 0.0, Sum: 0.7]
      [Update RS (ms): Min: 0.0, Avg: 0.0, Max: 0.0, Diff: 0.0, Sum: 0.1]
         [Processed Buffers: Min: 1, Avg: 1.5, Max: 2, Diff: 1, Sum: 3]
      [Scan RS (ms): Min: 0.2, Avg: 0.3, Max: 0.3, Diff: 0.0, Sum: 0.5]
      [Code Root Scanning (ms): Min: 0.1, Avg: 0.1, Max: 0.1, Diff: 0.0, Sum: 0.2]
      [Object Copy (ms): Min: 40.9, Avg: 40.9, Max: 40.9, Diff: 0.0, Sum: 81.7]
      [Termination (ms): Min: 0.0, Avg: 0.0, Max: 0.0, Diff: 0.0, Sum: 0.0]
      [GC Worker Other (ms): Min: 0.0, Avg: 0.0, Max: 0.0, Diff: 0.0, Sum: 0.1]
      [GC Worker Total (ms): Min: 41.6, Avg: 41.6, Max: 41.7, Diff: 0.0, Sum: 83.3]
      [GC Worker End (ms): Min: 97420.7, Avg: 97420.7, Max: 97420.7, Diff: 0.0]
   [Code Root Fixup: 0.0 ms]
   [Code Root Migration: 0.0 ms]
   [Clear CT: 0.1 ms]
   [Other: 0.6 ms]
      [Choose CSet: 0.0 ms]
      [Ref Proc: 0.2 ms]
      [Ref Enq: 0.0 ms]
      [Free CSet: 0.2 ms]
   [Eden: 127.0M(127.0M)->0.0B(116.0M) Survivors: 5120.0K->17.0M Heap: 358.1M(512.0M)->292.1M(512.0M)]
 [Times: user=0.09 sys=0.00, real=0.04 secs] 
2014-07-10T12:29:44.306+0200: 97.478: [GC pause (G1 Evacuation Pause) (young) (initial-mark), 0.0314975 secs]
   [Parallel Time: 30.8 ms, GC Workers: 2]
      [GC Worker Start (ms): Min: 97477.7, Avg: 97477.7, Max: 97477.7, Diff: 0.0]
      [Ext Root Scanning (ms): Min: 0.4, Avg: 0.5, Max: 0.5, Diff: 0.2, Sum: 0.9]
      [Code Root Marking (ms): Min: 0.0, Avg: 0.1, Max: 0.1, Diff: 0.1, Sum: 0.1]
      [Update RS (ms): Min: 0.0, Avg: 0.0, Max: 0.0, Diff: 0.0, Sum: 0.0]
         [Processed Buffers: Min: 1, Avg: 1.5, Max: 2, Diff: 1, Sum: 3]
      [Scan RS (ms): Min: 0.2, Avg: 0.2, Max: 0.2, Diff: 0.0, Sum: 0.4]
      [Code Root Scanning (ms): Min: 0.1, Avg: 0.1, Max: 0.1, Diff: 0.0, Sum: 0.2]
      [Object Copy (ms): Min: 29.9, Avg: 29.9, Max: 29.9, Diff: 0.0, Sum: 59.7]
      [Termination (ms): Min: 0.0, Avg: 0.0, Max: 0.0, Diff: 0.0, Sum: 0.0]
      [GC Worker Other (ms): Min: 0.0, Avg: 0.0, Max: 0.0, Diff: 0.0, Sum: 0.1]
      [GC Worker Total (ms): Min: 30.7, Avg: 30.7, Max: 30.7, Diff: 0.0, Sum: 61.5]
      [GC Worker End (ms): Min: 97508.5, Avg: 97508.5, Max: 97508.5, Diff: 0.0]
   [Code Root Fixup: 0.0 ms]
   [Code Root Migration: 0.0 ms]
   [Clear CT: 0.1 ms]
   [Other: 0.6 ms]
      [Choose CSet: 0.0 ms]
      [Ref Proc: 0.1 ms]
      [Ref Enq: 0.0 ms]
      [Free CSet: 0.2 ms]
   [Eden: 116.0M(116.0M)->0.0B(138.0M) Survivors: 17.0M->17.0M Heap: 408.1M(512.0M)->324.1M(512.0M)]
 [Times: user=0.06 sys=0.00, real=0.03 secs] 
2014-07-10T12:29:44.337+0200: 97.509: [GC concurrent-root-region-scan-start]
2014-07-10T12:29:44.338+0200: 97.510: [GC concurrent-root-region-scan-end, 0.0004953 secs]
2014-07-10T12:29:44.338+0200: 97.510: [GC concurrent-mark-start]
2014-07-10T12:29:44.415+0200: 97.587: [GC pause (G1 Evacuation Pause) (young)2014-07-10T12:29:44.447+0200: 97.619: [GC concurrent-mark-end, 0.0072123 secs]
 (to-space exhausted), 0.0321069 secs]
   [Parallel Time: 31.4 ms, GC Workers: 2]
      [GC Worker Start (ms): Min: 97587.1, Avg: 97587.1, Max: 97587.1, Diff: 0.0]
      [Ext Root Scanning (ms): Min: 0.3, Avg: 0.3, Max: 0.3, Diff: 0.0, Sum: 0.6]
      [SATB Filtering (ms): Min: 0.0, Avg: 0.0, Max: 0.0, Diff: 0.0, Sum: 0.0]
      [Update RS (ms): Min: 0.0, Avg: 0.1, Max: 0.2, Diff: 0.1, Sum: 0.2]
         [Processed Buffers: Min: 1, Avg: 1.0, Max: 1, Diff: 0, Sum: 2]
      [Scan RS (ms): Min: 0.2, Avg: 0.2, Max: 0.3, Diff: 0.1, Sum: 0.5]
      [Code Root Scanning (ms): Min: 0.1, Avg: 0.1, Max: 0.1, Diff: 0.0, Sum: 0.2]
      [Object Copy (ms): Min: 30.6, Avg: 30.6, Max: 30.6, Diff: 0.0, Sum: 61.1]
      [Termination (ms): Min: 0.0, Avg: 0.0, Max: 0.0, Diff: 0.0, Sum: 0.0]
      [GC Worker Other (ms): Min: 0.0, Avg: 0.1, Max: 0.1, Diff: 0.1, Sum: 0.1]
      [GC Worker Total (ms): Min: 31.3, Avg: 31.4, Max: 31.4, Diff: 0.1, Sum: 62.7]
      [GC Worker End (ms): Min: 97618.5, Avg: 97618.5, Max: 97618.5, Diff: 0.1]
   [Code Root Fixup: 0.0 ms]
   [Code Root Migration: 0.0 ms]
   [Clear CT: 0.1 ms]
   [Other: 0.5 ms]
      [Choose CSet: 0.0 ms]
      [Ref Proc: 0.1 ms]
      [Ref Enq: 0.0 ms]
      [Free CSet: 0.3 ms]
   [Eden: 138.0M(138.0M)->0.0B(138.0M) Survivors: 17.0M->20.0M Heap: 462.1M(512.0M)->363.0M(512.0M)]
 [Times: user=0.06 sys=0.00, real=0.03 secs] 
2014-07-10T12:29:44.448+0200: 97.620: [GC remark 97.620: [GC ref-proc, 0.0000532 secs], 0.0013202 secs]
 [Times: user=0.01 sys=0.00, real=0.00 secs] 
2014-07-10T12:29:44.528+0200: 97.700: [GC cleanup 452M->240M(512M), 0.0014397 secs]
 [Times: user=0.00 sys=0.00, real=0.00 secs] 
2014-07-10T12:29:44.529+0200: 97.701: [GC concurrent-cleanup-start]
2014-07-10T12:29:44.530+0200: 97.702: [GC concurrent-cleanup-end, 0.0003890 secs]
2014-07-10T12:29:44.595+0200: 97.767: [GC pause (G1 Evacuation Pause) (young), 0.0322653 secs]
   [Parallel Time: 31.5 ms, GC Workers: 2]
      [GC Worker Start (ms): Min: 97766.7, Avg: 97766.7, Max: 97766.7, Diff: 0.0]
      [Ext Root Scanning (ms): Min: 0.3, Avg: 0.3, Max: 0.3, Diff: 0.0, Sum: 0.6]
      [Update RS (ms): Min: 0.1, Avg: 0.1, Max: 0.1, Diff: 0.1, Sum: 0.2]
         [Processed Buffers: Min: 2, Avg: 2.0, Max: 2, Diff: 0, Sum: 4]
      [Scan RS (ms): Min: 0.3, Avg: 0.3, Max: 0.3, Diff: 0.0, Sum: 0.6]
      [Code Root Scanning (ms): Min: 0.1, Avg: 0.1, Max: 0.1, Diff: 0.0, Sum: 0.2]
      [Object Copy (ms): Min: 30.6, Avg: 30.6, Max: 30.6, Diff: 0.0, Sum: 61.2]
      [Termination (ms): Min: 0.0, Avg: 0.0, Max: 0.0, Diff: 0.0, Sum: 0.0]
      [GC Worker Other (ms): Min: 0.0, Avg: 0.0, Max: 0.0, Diff: 0.0, Sum: 0.1]
      [GC Worker Total (ms): Min: 31.5, Avg: 31.5, Max: 31.5, Diff: 0.0, Sum: 62.9]
      [GC Worker End (ms): Min: 97798.2, Avg: 97798.2, Max: 97798.2, Diff: 0.0]
   [Code Root Fixup: 0.0 ms]
   [Code Root Migration: 0.0 ms]
   [Clear CT: 0.2 ms]
   [Other: 0.5 ms]
      [Choose CSet: 0.0 ms]
      [Ref Proc: 0.1 ms]
      [Ref Enq: 0.0 ms]
      [Free CSet: 0.3 ms]
   [Eden: 138.0M(138.0M)->0.0B(118.0M) Survivors: 20.0M->20.0M Heap: 289.0M(512.0M)->179.6M(512.0M)]
 [Times: user=0.06 sys=0.00, real=0.03 secs] 
2014-07-10T12:29:44.683+0200: 97.855: [GC pause (G1 Evacuation Pause) (mixed), 0.0228367 secs]
   [Parallel Time: 22.2 ms, GC Workers: 2]
      [GC Worker Start (ms): Min: 97855.4, Avg: 97855.4, Max: 97855.4, Diff: 0.0]
      [Ext Root Scanning (ms): Min: 0.5, Avg: 0.5, Max: 0.5, Diff: 0.0, Sum: 0.9]
      [Update RS (ms): Min: 0.0, Avg: 0.1, Max: 0.1, Diff: 0.1, Sum: 0.1]
         [Processed Buffers: Min: 1, Avg: 1.5, Max: 2, Diff: 1, Sum: 3]
      [Scan RS (ms): Min: 0.2, Avg: 0.2, Max: 0.3, Diff: 0.1, Sum: 0.5]
      [Code Root Scanning (ms): Min: 0.1, Avg: 0.1, Max: 0.1, Diff: 0.0, Sum: 0.2]
      [Object Copy (ms): Min: 21.2, Avg: 21.2, Max: 21.2, Diff: 0.0, Sum: 42.5]
      [Termination (ms): Min: 0.0, Avg: 0.0, Max: 0.0, Diff: 0.0, Sum: 0.0]
      [GC Worker Other (ms): Min: 0.0, Avg: 0.0, Max: 0.0, Diff: 0.0, Sum: 0.1]
      [GC Worker Total (ms): Min: 22.1, Avg: 22.2, Max: 22.2, Diff: 0.0, Sum: 44.3]
      [GC Worker End (ms): Min: 97877.6, Avg: 97877.6, Max: 97877.6, Diff: 0.0]
   [Code Root Fixup: 0.0 ms]
   [Code Root Migration: 0.0 ms]
   [Clear CT: 0.2 ms]
   [Other: 0.5 ms]
      [Choose CSet: 0.0 ms]
      [Ref Proc: 0.0 ms]
      [Ref Enq: 0.0 ms]
      [Free CSet: 0.3 ms]
   [Eden: 118.0M(118.0M)->0.0B(141.0M) Survivors: 20.0M->18.0M Heap: 297.6M(512.0M)->186.3M(512.0M)]
 [Times: user=0.03 sys=0.00, real=0.02 secs] 
2014-07-10T12:29:44.808+0200: 97.980: [GC pause (G1 Evacuation Pause) (mixed), 0.0277613 secs]
   [Parallel Time: 27.1 ms, GC Workers: 2]
      [GC Worker Start (ms): Min: 97979.7, Avg: 97979.7, Max: 97979.7, Diff: 0.0]
      [Ext Root Scanning (ms): Min: 0.3, Avg: 0.3, Max: 0.3, Diff: 0.0, Sum: 0.7]
      [Update RS (ms): Min: 0.1, Avg: 0.1, Max: 0.1, Diff: 0.0, Sum: 0.2]
         [Processed Buffers: Min: 1, Avg: 1.5, Max: 2, Diff: 1, Sum: 3]
      [Scan RS (ms): Min: 0.2, Avg: 0.2, Max: 0.3, Diff: 0.0, Sum: 0.5]
      [Code Root Scanning (ms): Min: 0.1, Avg: 0.1, Max: 0.1, Diff: 0.0, Sum: 0.2]
      [Object Copy (ms): Min: 26.2, Avg: 26.2, Max: 26.3, Diff: 0.0, Sum: 52.5]
      [Termination (ms): Min: 0.0, Avg: 0.0, Max: 0.0, Diff: 0.0, Sum: 0.0]
      [GC Worker Other (ms): Min: 0.0, Avg: 0.0, Max: 0.0, Diff: 0.0, Sum: 0.1]
      [GC Worker Total (ms): Min: 27.0, Avg: 27.1, Max: 27.1, Diff: 0.0, Sum: 54.1]
      [GC Worker End (ms): Min: 98006.8, Avg: 98006.8, Max: 98006.8, Diff: 0.0]
   [Code Root Fixup: 0.0 ms]
   [Code Root Migration: 0.0 ms]
   [Clear CT: 0.1 ms]
   [Other: 0.5 ms]
      [Choose CSet: 0.0 ms]
      [Ref Proc: 0.1 ms]
      [Ref Enq: 0.0 ms]
      [Free CSet: 0.3 ms]
   [Eden: 141.0M(141.0M)->0.0B(135.0M) Survivors: 18.0M->20.0M Heap: 327.3M(512.0M)->208.8M(512.0M)]
 [Times: user=0.03 sys=0.00, real=0.03 secs] 
2014-07-10T12:29:44.989+0200: 98.161: [GC pause (G1 Evacuation Pause) (young), 0.0311049 secs]
   [Parallel Time: 30.2 ms, GC Workers: 2]
      [GC Worker Start (ms): Min: 98161.0, Avg: 98161.0, Max: 98161.0, Diff: 0.0]
      [Ext Root Scanning (ms): Min: 0.4, Avg: 0.4, Max: 0.4, Diff: 0.0, Sum: 0.7]
      [Update RS (ms): Min: 0.1, Avg: 0.1, Max: 0.1, Diff: 0.0, Sum: 0.2]
         [Processed Buffers: Min: 1, Avg: 1.5, Max: 2, Diff: 1, Sum: 3]
      [Scan RS (ms): Min: 0.3, Avg: 0.3, Max: 0.3, Diff: 0.0, Sum: 0.5]
      [Code Root Scanning (ms): Min: 0.1, Avg: 0.1, Max: 0.1, Diff: 0.0, Sum: 0.2]
      [Object Copy (ms): Min: 29.2, Avg: 29.3, Max: 29.3, Diff: 0.0, Sum: 58.5]
      [Termination (ms): Min: 0.0, Avg: 0.0, Max: 0.0, Diff: 0.0, Sum: 0.0]
      [GC Worker Other (ms): Min: 0.0, Avg: 0.0, Max: 0.0, Diff: 0.0, Sum: 0.1]
      [GC Worker Total (ms): Min: 30.2, Avg: 30.2, Max: 30.2, Diff: 0.0, Sum: 60.3]
      [GC Worker End (ms): Min: 98191.1, Avg: 98191.1, Max: 98191.1, Diff: 0.0]
   [Code Root Fixup: 0.0 ms]
   [Code Root Migration: 0.0 ms]
   [Clear CT: 0.1 ms]
   [Other: 0.7 ms]
      [Choose CSet: 0.0 ms]
      [Ref Proc: 0.3 ms]
      [Ref Enq: 0.0 ms]
      [Free CSet: 0.3 ms]
   [Eden: 135.0M(135.0M)->0.0B(121.0M) Survivors: 20.0M->20.0M Heap: 343.8M(512.0M)->235.0M(512.0M)]
 [Times: user=0.06 sys=0.00, real=0.03 secs] 
2014-07-10T12:29:45.077+0200: 98.249: [GC pause (G1 Evacuation Pause) (young), 0.0151805 secs]
   [Parallel Time: 14.6 ms, GC Workers: 2]
      [GC Worker Start (ms): Min: 98249.0, Avg: 98249.0, Max: 98249.0, Diff: 0.0]
      [Ext Root Scanning (ms): Min: 0.3, Avg: 0.3, Max: 0.3, Diff: 0.0, Sum: 0.7]
      [Update RS (ms): Min: 0.0, Avg: 0.1, Max: 0.1, Diff: 0.0, Sum: 0.1]
         [Processed Buffers: Min: 2, Avg: 2.0, Max: 2, Diff: 0, Sum: 4]
      [Scan RS (ms): Min: 0.2, Avg: 0.2, Max: 0.2, Diff: 0.0, Sum: 0.5]
      [Code Root Scanning (ms): Min: 0.1, Avg: 0.1, Max: 0.1, Diff: 0.0, Sum: 0.2]
      [Object Copy (ms): Min: 13.7, Avg: 13.7, Max: 13.7, Diff: 0.0, Sum: 27.4]
      [Termination (ms): Min: 0.0, Avg: 0.0, Max: 0.0, Diff: 0.0, Sum: 0.0]
      [GC Worker Other (ms): Min: 0.0, Avg: 0.0, Max: 0.0, Diff: 0.0, Sum: 0.1]
      [GC Worker Total (ms): Min: 14.4, Avg: 14.4, Max: 14.4, Diff: 0.0, Sum: 28.9]
      [GC Worker End (ms): Min: 98263.4, Avg: 98263.4, Max: 98263.4, Diff: 0.0]
   [Code Root Fixup: 0.0 ms]
   [Code Root Migration: 0.0 ms]
   [Clear CT: 0.1 ms]
   [Other: 0.5 ms]
      [Choose CSet: 0.0 ms]
      [Ref Proc: 0.1 ms]
      [Ref Enq: 0.0 ms]
      [Free CSet: 0.2 ms]
   [Eden: 121.0M(121.0M)->0.0B(143.0M) Survivors: 20.0M->18.0M Heap: 356.0M(512.0M)->237.1M(512.0M)]
 [Times: user=0.02 sys=0.00, real=0.02 secs] 
2014-07-10T12:29:45.217+0200: 98.389: [GC pause (G1 Evacuation Pause) (young), 0.0218245 secs]
   [Parallel Time: 21.2 ms, GC Workers: 2]
      [GC Worker Start (ms): Min: 98388.7, Avg: 98388.7, Max: 98388.7, Diff: 0.0]
      [Ext Root Scanning (ms): Min: 0.3, Avg: 0.3, Max: 0.3, Diff: 0.0, Sum: 0.7]
      [Update RS (ms): Min: 0.0, Avg: 0.0, Max: 0.0, Diff: 0.0, Sum: 0.1]
         [Processed Buffers: Min: 1, Avg: 1.5, Max: 2, Diff: 1, Sum: 3]
      [Scan RS (ms): Min: 0.3, Avg: 0.3, Max: 0.3, Diff: 0.0, Sum: 0.5]
      [Code Root Scanning (ms): Min: 0.1, Avg: 0.1, Max: 0.1, Diff: 0.0, Sum: 0.2]
      [Object Copy (ms): Min: 20.3, Avg: 20.3, Max: 20.3, Diff: 0.0, Sum: 40.7]
      [Termination (ms): Min: 0.0, Avg: 0.0, Max: 0.0, Diff: 0.0, Sum: 0.0]
      [GC Worker Other (ms): Min: 0.0, Avg: 0.0, Max: 0.0, Diff: 0.0, Sum: 0.1]
      [GC Worker Total (ms): Min: 21.1, Avg: 21.1, Max: 21.1, Diff: 0.0, Sum: 42.3]
      [GC Worker End (ms): Min: 98409.9, Avg: 98409.9, Max: 98409.9, Diff: 0.0]
   [Code Root Fixup: 0.0 ms]
   [Code Root Migration: 0.0 ms]
   [Clear CT: 0.1 ms]
   [Other: 0.5 ms]
      [Choose CSet: 0.0 ms]
      [Ref Proc: 0.1 ms]
      [Ref Enq: 0.0 ms]
      [Free CSet: 0.3 ms]
   [Eden: 143.0M(143.0M)->0.0B(131.0M) Survivors: 18.0M->21.0M Heap: 380.1M(512.0M)->251.9M(512.0M)]
 [Times: user=0.03 sys=0.00, real=0.02 secs] 
2014-07-10T12:29:45.377+0200: 98.549: [GC pause (G1 Evacuation Pause) (young) (initial-mark), 0.0225266 secs]
   [Parallel Time: 21.6 ms, GC Workers: 2]
      [GC Worker Start (ms): Min: 98549.1, Avg: 98549.1, Max: 98549.1, Diff: 0.0]
      [Ext Root Scanning (ms): Min: 0.4, Avg: 0.4, Max: 0.4, Diff: 0.0, Sum: 0.8]
      [Code Root Marking (ms): Min: 0.1, Avg: 0.1, Max: 0.1, Diff: 0.0, Sum: 0.2]
      [Update RS (ms): Min: 0.0, Avg: 0.1, Max: 0.1, Diff: 0.1, Sum: 0.1]
         [Processed Buffers: Min: 1, Avg: 1.5, Max: 2, Diff: 1, Sum: 3]
      [Scan RS (ms): Min: 0.2, Avg: 0.2, Max: 0.3, Diff: 0.0, Sum: 0.5]
      [Code Root Scanning (ms): Min: 0.1, Avg: 0.1, Max: 0.1, Diff: 0.0, Sum: 0.2]
      [Object Copy (ms): Min: 20.6, Avg: 20.6, Max: 20.6, Diff: 0.0, Sum: 41.2]
      [Termination (ms): Min: 0.0, Avg: 0.0, Max: 0.0, Diff: 0.0, Sum: 0.0]
      [GC Worker Other (ms): Min: 0.0, Avg: 0.0, Max: 0.0, Diff: 0.0, Sum: 0.1]
      [GC Worker Total (ms): Min: 21.6, Avg: 21.6, Max: 21.6, Diff: 0.0, Sum: 43.2]
      [GC Worker End (ms): Min: 98570.7, Avg: 98570.7, Max: 98570.7, Diff: 0.0]
   [Code Root Fixup: 0.0 ms]
   [Code Root Migration: 0.0 ms]
   [Clear CT: 0.2 ms]
   [Other: 0.7 ms]
      [Choose CSet: 0.0 ms]
      [Ref Proc: 0.1 ms]
      [Ref Enq: 0.0 ms]
      [Free CSet: 0.3 ms]
   [Eden: 131.0M(131.0M)->0.0B(119.0M) Survivors: 21.0M->19.0M Heap: 382.9M(512.0M)->262.7M(512.0M)]
 [Times: user=0.03 sys=0.00, real=0.02 secs] 
2014-07-10T12:29:45.400+0200: 98.572: [GC concurrent-root-region-scan-start]
2014-07-10T12:29:45.400+0200: 98.572: [GC concurrent-root-region-scan-end, 0.0003490 secs]
2014-07-10T12:29:45.400+0200: 98.572: [GC concurrent-mark-start]
2014-07-10T12:29:45.465+0200: 98.637: [GC pause (G1 Evacuation Pause) (young), 0.0126534 secs]
   [Parallel Time: 12.1 ms, GC Workers: 2]
      [GC Worker Start (ms): Min: 98636.9, Avg: 98636.9, Max: 98636.9, Diff: 0.0]
      [Ext Root Scanning (ms): Min: 0.3, Avg: 0.3, Max: 0.3, Diff: 0.0, Sum: 0.5]
      [SATB Filtering (ms): Min: 0.0, Avg: 0.0, Max: 0.0, Diff: 0.0, Sum: 0.0]
      [Update RS (ms): Min: 0.0, Avg: 0.0, Max: 0.0, Diff: 0.0, Sum: 0.1]
         [Processed Buffers: Min: 2, Avg: 2.0, Max: 2, Diff: 0, Sum: 4]
      [Scan RS (ms): Min: 0.2, Avg: 0.2, Max: 0.2, Diff: 0.0, Sum: 0.4]
      [Code Root Scanning (ms): Min: 0.1, Avg: 0.1, Max: 0.1, Diff: 0.0, Sum: 0.2]
      [Object Copy (ms): Min: 11.4, Avg: 11.4, Max: 11.4, Diff: 0.0, Sum: 22.9]
      [Termination (ms): Min: 0.0, Avg: 0.0, Max: 0.0, Diff: 0.0, Sum: 0.0]
      [GC Worker Other (ms): Min: 0.0, Avg: 0.0, Max: 0.0, Diff: 0.0, Sum: 0.1]
      [GC Worker Total (ms): Min: 12.1, Avg: 12.1, Max: 12.1, Diff: 0.0, Sum: 24.1]
      [GC Worker End (ms): Min: 98648.9, Avg: 98648.9, Max: 98648.9, Diff: 0.0]
   [Code Root Fixup: 0.0 ms]
   [Code Root Migration: 0.0 ms]
   [Clear CT: 0.1 ms]
   [Other: 0.4 ms]
      [Choose CSet: 0.0 ms]
      [Ref Proc: 0.1 ms]
      [Ref Enq: 0.0 ms]
      [Free CSet: 0.2 ms]
   [Eden: 119.0M(119.0M)->0.0B(132.0M) Survivors: 19.0M->18.0M Heap: 381.7M(512.0M)->262.3M(512.0M)]
 [Times: user=0.00 sys=0.00, real=0.01 secs] 
2014-07-10T12:29:45.479+0200: 98.651: [GC concurrent-mark-end, 0.0066466 secs]
2014-07-10T12:29:45.479+0200: 98.651: [GC remark 98.651: [GC ref-proc, 0.0000598 secs], 0.0012047 secs]
 [Times: user=0.00 sys=0.00, real=0.00 secs] 
2014-07-10T12:29:45.559+0200: 98.731: [GC cleanup 322M->152M(512M), 0.0024758 secs]
 [Times: user=0.00 sys=0.00, real=0.00 secs] 
2014-07-10T12:29:45.561+0200: 98.733: [GC concurrent-cleanup-start]
2014-07-10T12:29:45.562+0200: 98.734: [GC concurrent-cleanup-end, 0.0010218 secs]
2014-07-10T12:29:45.610+0200: 98.782: [GC pause (G1 Evacuation Pause) (young), 0.0080562 secs]
   [Parallel Time: 7.5 ms, GC Workers: 2]
      [GC Worker Start (ms): Min: 98782.3, Avg: 98782.3, Max: 98782.3, Diff: 0.0]
      [Ext Root Scanning (ms): Min: 0.4, Avg: 0.4, Max: 0.4, Diff: 0.0, Sum: 0.8]
      [Update RS (ms): Min: 0.1, Avg: 0.1, Max: 0.1, Diff: 0.0, Sum: 0.1]
         [Processed Buffers: Min: 1, Avg: 2.0, Max: 3, Diff: 2, Sum: 4]
      [Scan RS (ms): Min: 0.2, Avg: 0.2, Max: 0.2, Diff: 0.0, Sum: 0.5]
      [Code Root Scanning (ms): Min: 0.1, Avg: 0.1, Max: 0.1, Diff: 0.0, Sum: 0.2]
      [Object Copy (ms): Min: 6.6, Avg: 6.6, Max: 6.7, Diff: 0.0, Sum: 13.3]
      [Termination (ms): Min: 0.0, Avg: 0.0, Max: 0.0, Diff: 0.0, Sum: 0.0]
      [GC Worker Other (ms): Min: 0.0, Avg: 0.0, Max: 0.0, Diff: 0.0, Sum: 0.1]
      [GC Worker Total (ms): Min: 7.5, Avg: 7.5, Max: 7.5, Diff: 0.0, Sum: 15.0]
      [GC Worker End (ms): Min: 98789.8, Avg: 98789.8, Max: 98789.8, Diff: 0.0]
   [Code Root Fixup: 0.0 ms]
   [Code Root Migration: 0.0 ms]
   [Clear CT: 0.1 ms]
   [Other: 0.4 ms]
      [Choose CSet: 0.0 ms]
      [Ref Proc: 0.0 ms]
      [Ref Enq: 0.0 ms]
      [Free CSet: 0.2 ms]
   [Eden: 132.0M(132.0M)->0.0B(120.0M) Survivors: 18.0M->11.0M Heap: 224.3M(512.0M)->84.8M(512.0M)]
 [Times: user=0.00 sys=0.00, real=0.01 secs] 
2014-07-10T12:29:45.686+0200: 98.858: [GC pause (G1 Evacuation Pause) (mixed), 0.0409521 secs]
   [Parallel Time: 40.3 ms, GC Workers: 2]
      [GC Worker Start (ms): Min: 98858.0, Avg: 98858.0, Max: 98858.0, Diff: 0.0]
      [Ext Root Scanning (ms): Min: 0.4, Avg: 0.4, Max: 0.4, Diff: 0.0, Sum: 0.7]
      [Update RS (ms): Min: 0.0, Avg: 0.0, Max: 0.0, Diff: 0.0, Sum: 0.1]
         [Processed Buffers: Min: 1, Avg: 1.5, Max: 2, Diff: 1, Sum: 3]
      [Scan RS (ms): Min: 0.3, Avg: 0.3, Max: 0.3, Diff: 0.0, Sum: 0.5]
      [Code Root Scanning (ms): Min: 0.1, Avg: 0.1, Max: 0.1, Diff: 0.0, Sum: 0.2]
      [Object Copy (ms): Min: 39.5, Avg: 39.5, Max: 39.5, Diff: 0.0, Sum: 78.9]
      [Termination (ms): Min: 0.0, Avg: 0.0, Max: 0.0, Diff: 0.0, Sum: 0.0]
      [GC Worker Other (ms): Min: 0.0, Avg: 0.0, Max: 0.0, Diff: 0.0, Sum: 0.1]
      [GC Worker Total (ms): Min: 40.3, Avg: 40.3, Max: 40.3, Diff: 0.0, Sum: 80.5]
      [GC Worker End (ms): Min: 98898.3, Avg: 98898.3, Max: 98898.3, Diff: 0.0]
   [Code Root Fixup: 0.0 ms]
   [Code Root Migration: 0.0 ms]
   [Clear CT: 0.1 ms]
   [Other: 0.5 ms]
      [Choose CSet: 0.0 ms]
      [Ref Proc: 0.1 ms]
      [Ref Enq: 0.0 ms]
      [Free CSet: 0.3 ms]
   [Eden: 120.0M(120.0M)->0.0B(131.0M) Survivors: 11.0M->17.0M Heap: 204.8M(512.0M)->130.9M(512.0M)]
 [Times: user=0.05 sys=0.00, real=0.04 secs] 
2014-07-10T12:29:45.819+0200: 98.992: [GC pause (G1 Evacuation Pause) (mixed), 0.0397147 secs]
   [Parallel Time: 39.1 ms, GC Workers: 2]
      [GC Worker Start (ms): Min: 98991.7, Avg: 98991.7, Max: 98991.7, Diff: 0.0]
      [Ext Root Scanning (ms): Min: 0.3, Avg: 0.3, Max: 0.3, Diff: 0.0, Sum: 0.6]
      [Update RS (ms): Min: 0.0, Avg: 0.1, Max: 0.1, Diff: 0.1, Sum: 0.2]
         [Processed Buffers: Min: 1, Avg: 1.5, Max: 2, Diff: 1, Sum: 3]
      [Scan RS (ms): Min: 0.2, Avg: 0.2, Max: 0.3, Diff: 0.1, Sum: 0.4]
      [Code Root Scanning (ms): Min: 0.1, Avg: 0.1, Max: 0.1, Diff: 0.0, Sum: 0.2]
      [Object Copy (ms): Min: 38.3, Avg: 38.3, Max: 38.3, Diff: 0.0, Sum: 76.7]
      [Termination (ms): Min: 0.0, Avg: 0.0, Max: 0.0, Diff: 0.0, Sum: 0.0]
      [GC Worker Other (ms): Min: 0.0, Avg: 0.0, Max: 0.0, Diff: 0.0, Sum: 0.1]
      [GC Worker Total (ms): Min: 39.1, Avg: 39.1, Max: 39.1, Diff: 0.0, Sum: 78.1]
      [GC Worker End (ms): Min: 99030.7, Avg: 99030.7, Max: 99030.7, Diff: 0.0]
   [Code Root Fixup: 0.0 ms]
   [Code Root Migration: 0.0 ms]
   [Clear CT: 0.1 ms]
   [Other: 0.5 ms]
      [Choose CSet: 0.0 ms]
      [Ref Proc: 0.1 ms]
      [Ref Enq: 0.0 ms]
      [Free CSet: 0.3 ms]
   [Eden: 131.0M(131.0M)->0.0B(128.0M) Survivors: 17.0M->19.0M Heap: 261.9M(512.0M)->176.2M(512.0M)]
 [Times: user=0.09 sys=0.00, real=0.04 secs] 
2014-07-10T12:29:45.993+0200: 99.166: [GC pause (G1 Evacuation Pause) (young), 0.0398936 secs]
   [Parallel Time: 39.1 ms, GC Workers: 2]
      [GC Worker Start (ms): Min: 99166.0, Avg: 99169.4, Max: 99172.9, Diff: 6.8]
      [Ext Root Scanning (ms): Min: 0.0, Avg: 0.2, Max: 0.4, Diff: 0.4, Sum: 0.4]
      [Update RS (ms): Min: 0.0, Avg: 0.0, Max: 0.0, Diff: 0.0, Sum: 0.1]
         [Processed Buffers: Min: 0, Avg: 2.0, Max: 4, Diff: 4, Sum: 4]
      [Scan RS (ms): Min: 0.0, Avg: 0.2, Max: 0.5, Diff: 0.4, Sum: 0.5]
      [Code Root Scanning (ms): Min: 0.0, Avg: 0.1, Max: 0.2, Diff: 0.2, Sum: 0.2]
      [Object Copy (ms): Min: 31.9, Avg: 34.8, Max: 37.7, Diff: 5.8, Sum: 69.6]
      [Termination (ms): Min: 0.0, Avg: 0.0, Max: 0.0, Diff: 0.0, Sum: 0.0]
      [GC Worker Other (ms): Min: 0.0, Avg: 0.0, Max: 0.0, Diff: 0.0, Sum: 0.1]
      [GC Worker Total (ms): Min: 32.0, Avg: 35.4, Max: 38.9, Diff: 6.8, Sum: 70.9]
      [GC Worker End (ms): Min: 99204.9, Avg: 99204.9, Max: 99204.9, Diff: 0.0]
   [Code Root Fixup: 0.0 ms]
   [Code Root Migration: 0.1 ms]
   [Clear CT: 0.1 ms]
   [Other: 0.6 ms]
      [Choose CSet: 0.0 ms]
      [Ref Proc: 0.1 ms]
      [Ref Enq: 0.0 ms]
      [Free CSet: 0.3 ms]
   [Eden: 128.0M(128.0M)->0.0B(116.0M) Survivors: 19.0M->19.0M Heap: 304.2M(512.0M)->216.3M(512.0M)]
 [Times: user=0.08 sys=0.00, real=0.04 secs] 
2014-07-10T12:29:46.089+0200: 99.261: [GC pause (G1 Evacuation Pause) (young), 0.0181681 secs]
   [Parallel Time: 17.6 ms, GC Workers: 2]
      [GC Worker Start (ms): Min: 99260.8, Avg: 99260.9, Max: 99260.9, Diff: 0.0]
      [Ext Root Scanning (ms): Min: 0.3, Avg: 0.3, Max: 0.3, Diff: 0.0, Sum: 0.7]
      [Update RS (ms): Min: 0.1, Avg: 0.2, Max: 0.3, Diff: 0.2, Sum: 0.3]
         [Processed Buffers: Min: 1, Avg: 1.5, Max: 2, Diff: 1, Sum: 3]
      [Scan RS (ms): Min: 0.1, Avg: 0.2, Max: 0.3, Diff: 0.2, Sum: 0.5]
      [Code Root Scanning (ms): Min: 0.1, Avg: 0.1, Max: 0.1, Diff: 0.1, Sum: 0.2]
      [Object Copy (ms): Min: 16.7, Avg: 16.7, Max: 16.7, Diff: 0.0, Sum: 33.4]
      [Termination (ms): Min: 0.0, Avg: 0.0, Max: 0.0, Diff: 0.0, Sum: 0.0]
      [GC Worker Other (ms): Min: 0.0, Avg: 0.0, Max: 0.0, Diff: 0.0, Sum: 0.1]
      [GC Worker Total (ms): Min: 17.5, Avg: 17.5, Max: 17.6, Diff: 0.0, Sum: 35.1]
      [GC Worker End (ms): Min: 99278.4, Avg: 99278.4, Max: 99278.4, Diff: 0.0]
   [Code Root Fixup: 0.0 ms]
   [Code Root Migration: 0.0 ms]
   [Clear CT: 0.1 ms]
   [Other: 0.5 ms]
      [Choose CSet: 0.0 ms]
      [Ref Proc: 0.1 ms]
      [Ref Enq: 0.0 ms]
      [Free CSet: 0.3 ms]
   [Eden: 116.0M(116.0M)->0.0B(139.0M) Survivors: 19.0M->17.0M Heap: 332.3M(512.0M)->224.2M(512.0M)]
 [Times: user=0.03 sys=0.00, real=0.02 secs] 
2014-07-10T12:29:46.219+0200: 99.391: [GC pause (G1 Evacuation Pause) (young), 0.0233145 secs]
   [Parallel Time: 22.7 ms, GC Workers: 2]
      [GC Worker Start (ms): Min: 99391.5, Avg: 99391.5, Max: 99391.6, Diff: 0.0]
      [Ext Root Scanning (ms): Min: 0.4, Avg: 0.4, Max: 0.4, Diff: 0.0, Sum: 0.9]
      [Update RS (ms): Min: 0.1, Avg: 0.1, Max: 0.1, Diff: 0.0, Sum: 0.2]
         [Processed Buffers: Min: 1, Avg: 1.5, Max: 2, Diff: 1, Sum: 3]
      [Scan RS (ms): Min: 0.3, Avg: 0.3, Max: 0.3, Diff: 0.0, Sum: 0.5]
      [Code Root Scanning (ms): Min: 0.1, Avg: 0.1, Max: 0.1, Diff: 0.0, Sum: 0.2]
      [Object Copy (ms): Min: 21.7, Avg: 21.7, Max: 21.7, Diff: 0.0, Sum: 43.4]
      [Termination (ms): Min: 0.0, Avg: 0.0, Max: 0.0, Diff: 0.0, Sum: 0.0]
      [GC Worker Other (ms): Min: 0.0, Avg: 0.0, Max: 0.0, Diff: 0.0, Sum: 0.1]
      [GC Worker Total (ms): Min: 22.6, Avg: 22.6, Max: 22.6, Diff: 0.0, Sum: 45.3]
      [GC Worker End (ms): Min: 99414.2, Avg: 99414.2, Max: 99414.2, Diff: 0.0]
   [Code Root Fixup: 0.0 ms]
   [Code Root Migration: 0.0 ms]
   [Clear CT: 0.1 ms]
   [Other: 0.5 ms]
      [Choose CSet: 0.0 ms]
      [Ref Proc: 0.0 ms]
      [Ref Enq: 0.0 ms]
      [Free CSet: 0.3 ms]
   [Eden: 139.0M(139.0M)->0.0B(130.0M) Survivors: 17.0M->20.0M Heap: 363.2M(512.0M)->240.9M(512.0M)]
 [Times: user=0.05 sys=0.00, real=0.02 secs] 
2014-07-10T12:29:46.382+0200: 99.554: [GC pause (G1 Evacuation Pause) (young), 0.0254255 secs]
   [Parallel Time: 24.6 ms, GC Workers: 2]
      [GC Worker Start (ms): Min: 99554.1, Avg: 99554.1, Max: 99554.1, Diff: 0.0]
      [Ext Root Scanning (ms): Min: 0.6, Avg: 0.6, Max: 0.6, Diff: 0.0, Sum: 1.2]
      [Update RS (ms): Min: 0.1, Avg: 0.1, Max: 0.2, Diff: 0.1, Sum: 0.2]
         [Processed Buffers: Min: 1, Avg: 1.5, Max: 2, Diff: 1, Sum: 3]
      [Scan RS (ms): Min: 0.4, Avg: 0.4, Max: 0.4, Diff: 0.0, Sum: 0.8]
      [Code Root Scanning (ms): Min: 0.1, Avg: 0.1, Max: 0.2, Diff: 0.0, Sum: 0.3]
      [Object Copy (ms): Min: 23.1, Avg: 23.1, Max: 23.2, Diff: 0.0, Sum: 46.3]
      [Termination (ms): Min: 0.0, Avg: 0.0, Max: 0.0, Diff: 0.0, Sum: 0.0]
      [GC Worker Other (ms): Min: 0.0, Avg: 0.0, Max: 0.0, Diff: 0.0, Sum: 0.1]
      [GC Worker Total (ms): Min: 24.5, Avg: 24.5, Max: 24.5, Diff: 0.0, Sum: 49.0]
      [GC Worker End (ms): Min: 99578.6, Avg: 99578.6, Max: 99578.6, Diff: 0.0]
   [Code Root Fixup: 0.0 ms]
   [Code Root Migration: 0.0 ms]
   [Clear CT: 0.1 ms]
   [Other: 0.7 ms]
      [Choose CSet: 0.0 ms]
      [Ref Proc: 0.1 ms]
      [Ref Enq: 0.0 ms]
      [Free CSet: 0.3 ms]
   [Eden: 130.0M(130.0M)->0.0B(118.0M) Survivors: 20.0M->19.0M Heap: 370.9M(512.0M)->252.5M(512.0M)]
 [Times: user=0.06 sys=0.00, real=0.03 secs] 
2014-07-10T12:29:46.465+0200: 99.638: [GC pause (G1 Evacuation Pause) (young) (initial-mark), 0.0075030 secs]
   [Parallel Time: 6.8 ms, GC Workers: 2]
      [GC Worker Start (ms): Min: 99637.8, Avg: 99637.8, Max: 99637.8, Diff: 0.0]
      [Ext Root Scanning (ms): Min: 0.4, Avg: 0.4, Max: 0.4, Diff: 0.0, Sum: 0.7]
      [Code Root Marking (ms): Min: 0.1, Avg: 0.1, Max: 0.1, Diff: 0.0, Sum: 0.1]
      [Update RS (ms): Min: 0.0, Avg: 0.1, Max: 0.1, Diff: 0.1, Sum: 0.1]
         [Processed Buffers: Min: 1, Avg: 1.5, Max: 2, Diff: 1, Sum: 3]
      [Scan RS (ms): Min: 0.2, Avg: 0.2, Max: 0.2, Diff: 0.0, Sum: 0.5]
      [Code Root Scanning (ms): Min: 0.1, Avg: 0.1, Max: 0.1, Diff: 0.0, Sum: 0.2]
      [Object Copy (ms): Min: 5.9, Avg: 5.9, Max: 5.9, Diff: 0.0, Sum: 11.8]
      [Termination (ms): Min: 0.0, Avg: 0.0, Max: 0.0, Diff: 0.0, Sum: 0.0]
      [GC Worker Other (ms): Min: 0.0, Avg: 0.0, Max: 0.0, Diff: 0.0, Sum: 0.1]
      [GC Worker Total (ms): Min: 6.7, Avg: 6.7, Max: 6.7, Diff: 0.0, Sum: 13.4]
      [GC Worker End (ms): Min: 99644.5, Avg: 99644.5, Max: 99644.5, Diff: 0.0]
   [Code Root Fixup: 0.0 ms]
   [Code Root Migration: 0.0 ms]
   [Clear CT: 0.1 ms]
   [Other: 0.6 ms]
      [Choose CSet: 0.0 ms]
      [Ref Proc: 0.1 ms]
      [Ref Enq: 0.0 ms]
      [Free CSet: 0.2 ms]
   [Eden: 118.0M(118.0M)->0.0B(138.0M) Survivors: 19.0M->10.0M Heap: 370.5M(512.0M)->242.9M(512.0M)]
 [Times: user=0.00 sys=0.00, real=0.01 secs] 
2014-07-10T12:29:46.473+0200: 99.645: [GC concurrent-root-region-scan-start]
2014-07-10T12:29:46.473+0200: 99.645: [GC concurrent-root-region-scan-end, 0.0001016 secs]
2014-07-10T12:29:46.473+0200: 99.645: [GC concurrent-mark-start]
2014-07-10T12:29:46.552+0200: 99.724: [GC concurrent-mark-end, 0.0058499 secs]
2014-07-10T12:29:46.552+0200: 99.724: [GC remark 99.724: [GC ref-proc, 0.0001551 secs], 0.0023240 secs]
 [Times: user=0.00 sys=0.00, real=0.00 secs] 
2014-07-10T12:29:46.617+0200: 99.789: [GC pause (G1 Evacuation Pause) (young), 0.0117811 secs]
   [Parallel Time: 11.1 ms, GC Workers: 2]
      [GC Worker Start (ms): Min: 99789.1, Avg: 99789.1, Max: 99789.1, Diff: 0.0]
      [Ext Root Scanning (ms): Min: 0.3, Avg: 0.4, Max: 0.4, Diff: 0.0, Sum: 0.7]
      [SATB Filtering (ms): Min: 0.0, Avg: 0.0, Max: 0.0, Diff: 0.0, Sum: 0.0]
      [Update RS (ms): Min: 0.0, Avg: 0.0, Max: 0.1, Diff: 0.0, Sum: 0.1]
         [Processed Buffers: Min: 1, Avg: 1.5, Max: 2, Diff: 1, Sum: 3]
      [Scan RS (ms): Min: 0.3, Avg: 0.3, Max: 0.3, Diff: 0.0, Sum: 0.5]
      [Code Root Scanning (ms): Min: 0.1, Avg: 0.1, Max: 0.1, Diff: 0.0, Sum: 0.2]
      [Object Copy (ms): Min: 10.2, Avg: 10.2, Max: 10.2, Diff: 0.0, Sum: 20.4]
      [Termination (ms): Min: 0.0, Avg: 0.0, Max: 0.0, Diff: 0.0, Sum: 0.0]
      [GC Worker Other (ms): Min: 0.0, Avg: 0.0, Max: 0.0, Diff: 0.0, Sum: 0.1]
      [GC Worker Total (ms): Min: 11.0, Avg: 11.0, Max: 11.0, Diff: 0.0, Sum: 22.0]
      [GC Worker End (ms): Min: 99800.1, Avg: 99800.1, Max: 99800.1, Diff: 0.0]
   [Code Root Fixup: 0.0 ms]
   [Code Root Migration: 0.0 ms]
   [Clear CT: 0.2 ms]
   [Other: 0.5 ms]
      [Choose CSet: 0.0 ms]
      [Ref Proc: 0.1 ms]
      [Ref Enq: 0.0 ms]
      [Free CSet: 0.3 ms]
   [Eden: 138.0M(138.0M)->0.0B(124.0M) Survivors: 10.0M->16.0M Heap: 380.9M(512.0M)->248.8M(512.0M)]
 [Times: user=0.02 sys=0.01, real=0.01 secs] 
2014-07-10T12:29:46.633+0200: 99.805: [GC cleanup 258M->84M(512M), 0.0017294 secs]
 [Times: user=0.00 sys=0.00, real=0.00 secs] 
2014-07-10T12:29:46.635+0200: 99.807: [GC concurrent-cleanup-start]
2014-07-10T12:29:46.635+0200: 99.807: [GC concurrent-cleanup-end, 0.0005738 secs]
2014-07-10T12:29:46.760+0200: 99.932: [GC pause (G1 Evacuation Pause) (young), 0.0104569 secs]
   [Parallel Time: 9.2 ms, GC Workers: 2]
      [GC Worker Start (ms): Min: 99932.3, Avg: 99932.4, Max: 99932.4, Diff: 0.0]
      [Ext Root Scanning (ms): Min: 0.6, Avg: 0.6, Max: 0.6, Diff: 0.0, Sum: 1.2]
      [Update RS (ms): Min: 0.1, Avg: 0.1, Max: 0.1, Diff: 0.0, Sum: 0.1]
         [Processed Buffers: Min: 1, Avg: 1.5, Max: 2, Diff: 1, Sum: 3]
      [Scan RS (ms): Min: 0.4, Avg: 0.4, Max: 0.4, Diff: 0.0, Sum: 0.8]
      [Code Root Scanning (ms): Min: 0.1, Avg: 0.1, Max: 0.1, Diff: 0.0, Sum: 0.3]
      [Object Copy (ms): Min: 7.8, Avg: 7.9, Max: 7.9, Diff: 0.0, Sum: 15.7]
      [Termination (ms): Min: 0.0, Avg: 0.0, Max: 0.0, Diff: 0.0, Sum: 0.0]
      [GC Worker Other (ms): Min: 0.0, Avg: 0.0, Max: 0.1, Diff: 0.0, Sum: 0.1]
      [GC Worker Total (ms): Min: 9.1, Avg: 9.1, Max: 9.1, Diff: 0.0, Sum: 18.2]
      [GC Worker End (ms): Min: 99941.5, Avg: 99941.5, Max: 99941.5, Diff: 0.0]
   [Code Root Fixup: 0.0 ms]
   [Code Root Migration: 0.1 ms]
   [Clear CT: 0.3 ms]
   [Other: 0.9 ms]
      [Choose CSet: 0.0 ms]
      [Ref Proc: 0.1 ms]
      [Ref Enq: 0.0 ms]
      [Free CSet: 0.5 ms]
   [Eden: 124.0M(124.0M)->0.0B(114.0M) Survivors: 16.0M->8192.0K Heap: 198.8M(512.0M)->66.7M(512.0M)]
 [Times: user=0.00 sys=0.00, real=0.01 secs] 
2014-07-10T12:29:46.832+0200: 100.004: [GC pause (G1 Evacuation Pause) (mixed), 0.0354259 secs]
   [Parallel Time: 34.7 ms, GC Workers: 2]
      [GC Worker Start (ms): Min: 100004.4, Avg: 100004.4, Max: 100004.4, Diff: 0.0]
      [Ext Root Scanning (ms): Min: 0.4, Avg: 0.4, Max: 0.4, Diff: 0.0, Sum: 0.8]
      [Update RS (ms): Min: 0.0, Avg: 0.0, Max: 0.0, Diff: 0.0, Sum: 0.1]
         [Processed Buffers: Min: 1, Avg: 1.5, Max: 2, Diff: 1, Sum: 3]
      [Scan RS (ms): Min: 0.2, Avg: 0.2, Max: 0.2, Diff: 0.0, Sum: 0.4]
      [Code Root Scanning (ms): Min: 0.1, Avg: 0.1, Max: 0.1, Diff: 0.0, Sum: 0.2]
      [Object Copy (ms): Min: 33.9, Avg: 34.0, Max: 34.0, Diff: 0.0, Sum: 67.9]
      [Termination (ms): Min: 0.0, Avg: 0.0, Max: 0.0, Diff: 0.0, Sum: 0.0]
      [GC Worker Other (ms): Min: 0.0, Avg: 0.0, Max: 0.0, Diff: 0.0, Sum: 0.1]
      [GC Worker Total (ms): Min: 34.7, Avg: 34.7, Max: 34.7, Diff: 0.0, Sum: 69.4]
      [GC Worker End (ms): Min: 100039.1, Avg: 100039.1, Max: 100039.1, Diff: 0.0]
   [Code Root Fixup: 0.0 ms]
   [Code Root Migration: 0.0 ms]
   [Clear CT: 0.1 ms]
   [Other: 0.6 ms]
      [Choose CSet: 0.0 ms]
      [Ref Proc: 0.2 ms]
      [Ref Enq: 0.0 ms]
      [Free CSet: 0.2 ms]
   [Eden: 114.0M(114.0M)->0.0B(129.0M) Survivors: 8192.0K->16.0M Heap: 180.7M(512.0M)->107.7M(512.0M)]
 [Times: user=0.08 sys=0.00, real=0.04 secs] 
2014-07-10T12:29:46.995+0200: 100.167: [GC pause (G1 Evacuation Pause) (young), 0.0379542 secs]
   [Parallel Time: 37.3 ms, GC Workers: 2]
      [GC Worker Start (ms): Min: 100167.5, Avg: 100178.7, Max: 100189.9, Diff: 22.4]
      [Ext Root Scanning (ms): Min: 0.0, Avg: 0.2, Max: 0.5, Diff: 0.5, Sum: 0.5]
      [Update RS (ms): Min: 0.0, Avg: 0.1, Max: 0.2, Diff: 0.2, Sum: 0.2]
         [Processed Buffers: Min: 0, Avg: 1.5, Max: 3, Diff: 3, Sum: 3]
      [Scan RS (ms): Min: 0.0, Avg: 0.2, Max: 0.5, Diff: 0.4, Sum: 0.5]
      [Code Root Scanning (ms): Min: 0.0, Avg: 0.1, Max: 0.2, Diff: 0.2, Sum: 0.2]
      [Object Copy (ms): Min: 14.4, Avg: 25.0, Max: 35.6, Diff: 21.1, Sum: 50.0]
      [Termination (ms): Min: 0.0, Avg: 0.0, Max: 0.0, Diff: 0.0, Sum: 0.0]
      [GC Worker Other (ms): Min: 0.0, Avg: 0.0, Max: 0.0, Diff: 0.0, Sum: 0.1]
      [GC Worker Total (ms): Min: 14.6, Avg: 25.8, Max: 37.0, Diff: 22.4, Sum: 51.5]
      [GC Worker End (ms): Min: 100204.5, Avg: 100204.5, Max: 100204.5, Diff: 0.0]
   [Code Root Fixup: 0.0 ms]
   [Code Root Migration: 0.0 ms]
   [Clear CT: 0.1 ms]
   [Other: 0.5 ms]
      [Choose CSet: 0.0 ms]
      [Ref Proc: 0.1 ms]
      [Ref Enq: 0.0 ms]
      [Free CSet: 0.3 ms]
   [Eden: 129.0M(129.0M)->0.0B(118.0M) Survivors: 16.0M->19.0M Heap: 236.7M(512.0M)->143.7M(512.0M)]
 [Times: user=0.05 sys=0.00, real=0.04 secs] 
2014-07-10T12:29:47.094+0200: 100.266: [GC pause (G1 Evacuation Pause) (young), 0.0166224 secs]
   [Parallel Time: 16.0 ms, GC Workers: 2]
      [GC Worker Start (ms): Min: 100266.4, Avg: 100266.4, Max: 100266.4, Diff: 0.0]
      [Ext Root Scanning (ms): Min: 0.3, Avg: 0.3, Max: 0.3, Diff: 0.0, Sum: 0.6]
      [Update RS (ms): Min: 0.0, Avg: 0.1, Max: 0.1, Diff: 0.0, Sum: 0.1]
         [Processed Buffers: Min: 1, Avg: 1.5, Max: 2, Diff: 1, Sum: 3]
      [Scan RS (ms): Min: 0.2, Avg: 0.2, Max: 0.2, Diff: 0.0, Sum: 0.4]
      [Code Root Scanning (ms): Min: 0.1, Avg: 0.1, Max: 0.1, Diff: 0.0, Sum: 0.2]
      [Object Copy (ms): Min: 15.3, Avg: 15.3, Max: 15.3, Diff: 0.0, Sum: 30.6]
      [Termination (ms): Min: 0.0, Avg: 0.0, Max: 0.0, Diff: 0.0, Sum: 0.0]
      [GC Worker Other (ms): Min: 0.0, Avg: 0.0, Max: 0.0, Diff: 0.0, Sum: 0.1]
      [GC Worker Total (ms): Min: 16.0, Avg: 16.0, Max: 16.0, Diff: 0.0, Sum: 32.0]
      [GC Worker End (ms): Min: 100282.4, Avg: 100282.4, Max: 100282.4, Diff: 0.0]
   [Code Root Fixup: 0.0 ms]
   [Code Root Migration: 0.0 ms]
   [Clear CT: 0.1 ms]
   [Other: 0.5 ms]
      [Choose CSet: 0.0 ms]
      [Ref Proc: 0.1 ms]
      [Ref Enq: 0.0 ms]
      [Free CSet: 0.3 ms]
   [Eden: 118.0M(118.0M)->0.0B(135.0M) Survivors: 19.0M->18.0M Heap: 261.7M(512.0M)->149.4M(512.0M)]
 [Times: user=0.03 sys=0.00, real=0.02 secs] 
2014-07-10T12:29:47.199+0200: 100.371: [GC pause (G1 Evacuation Pause) (young), 0.0184713 secs]
   [Parallel Time: 17.8 ms, GC Workers: 2]
      [GC Worker Start (ms): Min: 100371.3, Avg: 100371.3, Max: 100371.3, Diff: 0.0]
      [Ext Root Scanning (ms): Min: 0.3, Avg: 0.3, Max: 0.3, Diff: 0.0, Sum: 0.7]
      [Update RS (ms): Min: 0.0, Avg: 0.0, Max: 0.1, Diff: 0.0, Sum: 0.1]
         [Processed Buffers: Min: 1, Avg: 1.5, Max: 2, Diff: 1, Sum: 3]
      [Scan RS (ms): Min: 0.2, Avg: 0.2, Max: 0.3, Diff: 0.0, Sum: 0.5]
      [Code Root Scanning (ms): Min: 0.1, Avg: 0.1, Max: 0.2, Diff: 0.1, Sum: 0.3]
      [Object Copy (ms): Min: 16.9, Avg: 16.9, Max: 16.9, Diff: 0.0, Sum: 33.8]
      [Termination (ms): Min: 0.0, Avg: 0.0, Max: 0.0, Diff: 0.0, Sum: 0.0]
      [GC Worker Other (ms): Min: 0.0, Avg: 0.0, Max: 0.0, Diff: 0.0, Sum: 0.1]
      [GC Worker Total (ms): Min: 17.7, Avg: 17.7, Max: 17.7, Diff: 0.0, Sum: 35.4]
      [GC Worker End (ms): Min: 100389.0, Avg: 100389.0, Max: 100389.0, Diff: 0.0]
   [Code Root Fixup: 0.0 ms]
   [Code Root Migration: 0.0 ms]
   [Clear CT: 0.2 ms]
   [Other: 0.5 ms]
      [Choose CSet: 0.0 ms]
      [Ref Proc: 0.0 ms]
      [Ref Enq: 0.0 ms]
      [Free CSet: 0.3 ms]
   [Eden: 135.0M(135.0M)->0.0B(133.0M) Survivors: 18.0M->20.0M Heap: 284.4M(512.0M)->159.1M(512.0M)]
 [Times: user=0.03 sys=0.00, real=0.02 secs] 
2014-07-10T12:29:47.369+0200: 100.541: [GC pause (G1 Evacuation Pause) (young), 0.0184607 secs]
   [Parallel Time: 17.8 ms, GC Workers: 2]
      [GC Worker Start (ms): Min: 100541.2, Avg: 100541.2, Max: 100541.2, Diff: 0.0]
      [Ext Root Scanning (ms): Min: 0.3, Avg: 0.3, Max: 0.3, Diff: 0.0, Sum: 0.5]
      [Update RS (ms): Min: 0.0, Avg: 0.0, Max: 0.0, Diff: 0.0, Sum: 0.1]
         [Processed Buffers: Min: 1, Avg: 1.5, Max: 2, Diff: 1, Sum: 3]
      [Scan RS (ms): Min: 0.2, Avg: 0.2, Max: 0.2, Diff: 0.0, Sum: 0.5]
      [Code Root Scanning (ms): Min: 0.1, Avg: 0.1, Max: 0.1, Diff: 0.0, Sum: 0.2]
      [Object Copy (ms): Min: 17.1, Avg: 17.1, Max: 17.1, Diff: 0.0, Sum: 34.2]
      [Termination (ms): Min: 0.0, Avg: 0.0, Max: 0.0, Diff: 0.0, Sum: 0.0]
      [GC Worker Other (ms): Min: 0.0, Avg: 0.0, Max: 0.0, Diff: 0.0, Sum: 0.1]
      [GC Worker Total (ms): Min: 17.7, Avg: 17.7, Max: 17.7, Diff: 0.0, Sum: 35.5]
      [GC Worker End (ms): Min: 100558.9, Avg: 100558.9, Max: 100558.9, Diff: 0.0]
   [Code Root Fixup: 0.0 ms]
   [Code Root Migration: 0.0 ms]
   [Clear CT: 0.1 ms]
   [Other: 0.5 ms]
      [Choose CSet: 0.0 ms]
      [Ref Proc: 0.2 ms]
      [Ref Enq: 0.0 ms]
      [Free CSet: 0.2 ms]
   [Eden: 133.0M(133.0M)->0.0B(120.0M) Survivors: 20.0M->20.0M Heap: 292.1M(512.0M)->167.5M(512.0M)]
 [Times: user=0.03 sys=0.00, real=0.02 secs] 
2014-07-10T12:29:47.463+0200: 100.635: [GC pause (G1 Evacuation Pause) (young), 0.0113614 secs]
   [Parallel Time: 10.8 ms, GC Workers: 2]
      [GC Worker Start (ms): Min: 100635.5, Avg: 100635.5, Max: 100635.5, Diff: 0.0]
      [Ext Root Scanning (ms): Min: 0.3, Avg: 0.3, Max: 0.3, Diff: 0.0, Sum: 0.6]
      [Update RS (ms): Min: 0.0, Avg: 0.0, Max: 0.0, Diff: 0.0, Sum: 0.1]
         [Processed Buffers: Min: 1, Avg: 1.0, Max: 1, Diff: 0, Sum: 2]
      [Scan RS (ms): Min: 0.2, Avg: 0.2, Max: 0.2, Diff: 0.1, Sum: 0.4]
      [Code Root Scanning (ms): Min: 0.2, Avg: 0.3, Max: 0.3, Diff: 0.0, Sum: 0.5]
      [Object Copy (ms): Min: 9.9, Avg: 9.9, Max: 10.0, Diff: 0.1, Sum: 19.9]
      [Termination (ms): Min: 0.0, Avg: 0.0, Max: 0.0, Diff: 0.0, Sum: 0.0]
      [GC Worker Other (ms): Min: 0.0, Avg: 0.0, Max: 0.0, Diff: 0.0, Sum: 0.1]
      [GC Worker Total (ms): Min: 10.8, Avg: 10.8, Max: 10.8, Diff: 0.0, Sum: 21.6]
      [GC Worker End (ms): Min: 100646.2, Avg: 100646.2, Max: 100646.2, Diff: 0.0]
   [Code Root Fixup: 0.0 ms]
   [Code Root Migration: 0.0 ms]
   [Clear CT: 0.1 ms]
   [Other: 0.4 ms]
      [Choose CSet: 0.0 ms]
      [Ref Proc: 0.1 ms]
      [Ref Enq: 0.0 ms]
      [Free CSet: 0.2 ms]
   [Eden: 120.0M(120.0M)->0.0B(125.0M) Survivors: 20.0M->17.0M Heap: 287.5M(512.0M)->163.8M(512.0M)]
 [Times: user=0.00 sys=0.00, real=0.01 secs] 
2014-07-10T12:29:47.602+0200: 100.774: [GC pause (G1 Evacuation Pause) (young), 0.0401814 secs]
   [Parallel Time: 39.6 ms, GC Workers: 2]
      [GC Worker Start (ms): Min: 100774.1, Avg: 100774.1, Max: 100774.1, Diff: 0.0]
      [Ext Root Scanning (ms): Min: 0.3, Avg: 0.3, Max: 0.3, Diff: 0.0, Sum: 0.7]
      [Update RS (ms): Min: 0.1, Avg: 0.1, Max: 0.1, Diff: 0.0, Sum: 0.1]
         [Processed Buffers: Min: 1, Avg: 1.5, Max: 2, Diff: 1, Sum: 3]
      [Scan RS (ms): Min: 0.2, Avg: 0.2, Max: 0.3, Diff: 0.0, Sum: 0.5]
      [Code Root Scanning (ms): Min: 0.1, Avg: 0.1, Max: 0.1, Diff: 0.0, Sum: 0.2]
      [Object Copy (ms): Min: 38.8, Avg: 38.8, Max: 38.8, Diff: 0.0, Sum: 77.5]
      [Termination (ms): Min: 0.0, Avg: 0.0, Max: 0.0, Diff: 0.0, Sum: 0.0]
      [GC Worker Other (ms): Min: 0.0, Avg: 0.0, Max: 0.0, Diff: 0.0, Sum: 0.1]
      [GC Worker Total (ms): Min: 39.5, Avg: 39.5, Max: 39.6, Diff: 0.0, Sum: 79.1]
      [GC Worker End (ms): Min: 100813.6, Avg: 100813.6, Max: 100813.6, Diff: 0.0]
   [Code Root Fixup: 0.0 ms]
   [Code Root Migration: 0.0 ms]
   [Clear CT: 0.1 ms]
   [Other: 0.4 ms]
      [Choose CSet: 0.0 ms]
      [Ref Proc: 0.1 ms]
      [Ref Enq: 0.0 ms]
      [Free CSet: 0.3 ms]
   [Eden: 125.0M(125.0M)->0.0B(114.0M) Survivors: 17.0M->18.0M Heap: 288.8M(512.0M)->210.7M(512.0M)]
 [Times: user=0.06 sys=0.00, real=0.04 secs] 
2014-07-10T12:29:47.697+0200: 100.869: [GC pause (G1 Evacuation Pause) (young), 0.0289033 secs]
   [Parallel Time: 28.3 ms, GC Workers: 2]
      [GC Worker Start (ms): Min: 100869.1, Avg: 100869.1, Max: 100869.1, Diff: 0.0]
      [Ext Root Scanning (ms): Min: 0.3, Avg: 0.3, Max: 0.3, Diff: 0.0, Sum: 0.6]
      [Update RS (ms): Min: 0.0, Avg: 0.0, Max: 0.1, Diff: 0.0, Sum: 0.1]
         [Processed Buffers: Min: 1, Avg: 1.5, Max: 2, Diff: 1, Sum: 3]
      [Scan RS (ms): Min: 0.3, Avg: 0.4, Max: 0.4, Diff: 0.1, Sum: 0.8]
      [Code Root Scanning (ms): Min: 0.1, Avg: 0.1, Max: 0.1, Diff: 0.1, Sum: 0.2]
      [Object Copy (ms): Min: 27.4, Avg: 27.4, Max: 27.4, Diff: 0.0, Sum: 54.8]
      [Termination (ms): Min: 0.0, Avg: 0.0, Max: 0.0, Diff: 0.0, Sum: 0.0]
      [GC Worker Other (ms): Min: 0.0, Avg: 0.0, Max: 0.0, Diff: 0.0, Sum: 0.1]
      [GC Worker Total (ms): Min: 28.3, Avg: 28.3, Max: 28.3, Diff: 0.0, Sum: 56.6]
      [GC Worker End (ms): Min: 100897.4, Avg: 100897.4, Max: 100897.4, Diff: 0.0]
   [Code Root Fixup: 0.0 ms]
   [Code Root Migration: 0.0 ms]
   [Clear CT: 0.1 ms]
   [Other: 0.4 ms]
      [Choose CSet: 0.0 ms]
      [Ref Proc: 0.1 ms]
      [Ref Enq: 0.0 ms]
      [Free CSet: 0.2 ms]
   [Eden: 114.0M(114.0M)->0.0B(138.0M) Survivors: 18.0M->17.0M Heap: 324.7M(512.0M)->237.7M(512.0M)]
 [Times: user=0.06 sys=0.00, real=0.03 secs] 
2014-07-10T12:29:47.811+0200: 100.983: [GC pause (G1 Evacuation Pause) (young), 0.0328343 secs]
   [Parallel Time: 32.0 ms, GC Workers: 2]
      [GC Worker Start (ms): Min: 100983.4, Avg: 100983.4, Max: 100983.4, Diff: 0.0]
      [Ext Root Scanning (ms): Min: 0.4, Avg: 0.4, Max: 0.4, Diff: 0.0, Sum: 0.7]
      [Update RS (ms): Min: 0.1, Avg: 0.1, Max: 0.1, Diff: 0.0, Sum: 0.1]
         [Processed Buffers: Min: 1, Avg: 1.5, Max: 2, Diff: 1, Sum: 3]
      [Scan RS (ms): Min: 0.2, Avg: 0.2, Max: 0.3, Diff: 0.0, Sum: 0.5]
      [Code Root Scanning (ms): Min: 0.1, Avg: 0.1, Max: 0.1, Diff: 0.0, Sum: 0.2]
      [Object Copy (ms): Min: 31.1, Avg: 31.1, Max: 31.2, Diff: 0.0, Sum: 62.3]
      [Termination (ms): Min: 0.0, Avg: 0.0, Max: 0.0, Diff: 0.0, Sum: 0.0]
      [GC Worker Other (ms): Min: 0.0, Avg: 0.0, Max: 0.0, Diff: 0.0, Sum: 0.1]
      [GC Worker Total (ms): Min: 31.9, Avg: 31.9, Max: 31.9, Diff: 0.0, Sum: 63.9]
      [GC Worker End (ms): Min: 101015.4, Avg: 101015.4, Max: 101015.4, Diff: 0.0]
   [Code Root Fixup: 0.0 ms]
   [Code Root Migration: 0.0 ms]
   [Clear CT: 0.1 ms]
   [Other: 0.7 ms]
      [Choose CSet: 0.0 ms]
      [Ref Proc: 0.3 ms]
      [Ref Enq: 0.0 ms]
      [Free CSet: 0.3 ms]
   [Eden: 138.0M(138.0M)->0.0B(138.0M) Survivors: 17.0M->20.0M Heap: 375.7M(512.0M)->271.6M(512.0M)]
 [Times: user=0.06 sys=0.00, real=0.03 secs] 
2014-07-10T12:29:47.984+0200: 101.156: [GC pause (G1 Evacuation Pause) (young) (initial-mark), 0.0363377 secs]
   [Parallel Time: 35.5 ms, GC Workers: 2]
      [GC Worker Start (ms): Min: 101156.0, Avg: 101156.0, Max: 101156.0, Diff: 0.0]
      [Ext Root Scanning (ms): Min: 0.4, Avg: 0.4, Max: 0.4, Diff: 0.0, Sum: 0.8]
      [Code Root Marking (ms): Min: 0.1, Avg: 0.1, Max: 0.1, Diff: 0.0, Sum: 0.1]
      [Update RS (ms): Min: 0.0, Avg: 0.0, Max: 0.0, Diff: 0.0, Sum: 0.0]
         [Processed Buffers: Min: 1, Avg: 1.0, Max: 1, Diff: 0, Sum: 2]
      [Scan RS (ms): Min: 0.2, Avg: 0.2, Max: 0.2, Diff: 0.0, Sum: 0.4]
      [Code Root Scanning (ms): Min: 0.1, Avg: 0.1, Max: 0.1, Diff: 0.0, Sum: 0.2]
      [Object Copy (ms): Min: 34.7, Avg: 34.7, Max: 34.7, Diff: 0.0, Sum: 69.3]
      [Termination (ms): Min: 0.0, Avg: 0.0, Max: 0.0, Diff: 0.0, Sum: 0.0]
      [GC Worker Other (ms): Min: 0.0, Avg: 0.0, Max: 0.0, Diff: 0.0, Sum: 0.1]
      [GC Worker Total (ms): Min: 35.5, Avg: 35.5, Max: 35.5, Diff: 0.0, Sum: 71.0]
      [GC Worker End (ms): Min: 101191.5, Avg: 101191.5, Max: 101191.5, Diff: 0.0]
   [Code Root Fixup: 0.0 ms]
   [Code Root Migration: 0.0 ms]
   [Clear CT: 0.1 ms]
   [Other: 0.6 ms]
      [Choose CSet: 0.0 ms]
      [Ref Proc: 0.1 ms]
      [Ref Enq: 0.0 ms]
      [Free CSet: 0.3 ms]
   [Eden: 138.0M(138.0M)->0.0B(125.0M) Survivors: 20.0M->20.0M Heap: 409.6M(512.0M)->308.4M(512.0M)]
 [Times: user=0.06 sys=0.00, real=0.04 secs] 
2014-07-10T12:29:48.020+0200: 101.192: [GC concurrent-root-region-scan-start]
2014-07-10T12:29:48.021+0200: 101.193: [GC concurrent-root-region-scan-end, 0.0005756 secs]
2014-07-10T12:29:48.021+0200: 101.193: [GC concurrent-mark-start]
2014-07-10T12:29:48.081+0200: 101.253: [GC pause (G1 Evacuation Pause) (young)2014-07-10T12:29:48.105+0200: 101.278: [GC concurrent-mark-end, 0.0073688 secs]
, 0.0249254 secs]
   [Parallel Time: 24.3 ms, GC Workers: 2]
      [GC Worker Start (ms): Min: 101253.2, Avg: 101253.3, Max: 101253.3, Diff: 0.2]
      [Ext Root Scanning (ms): Min: 0.3, Avg: 0.3, Max: 0.4, Diff: 0.1, Sum: 0.7]
      [SATB Filtering (ms): Min: 0.0, Avg: 0.0, Max: 0.0, Diff: 0.0, Sum: 0.0]
      [Update RS (ms): Min: 0.1, Avg: 0.1, Max: 0.1, Diff: 0.0, Sum: 0.1]
         [Processed Buffers: Min: 1, Avg: 1.5, Max: 2, Diff: 1, Sum: 3]
      [Scan RS (ms): Min: 0.2, Avg: 0.2, Max: 0.2, Diff: 0.0, Sum: 0.5]
      [Code Root Scanning (ms): Min: 0.1, Avg: 0.1, Max: 0.1, Diff: 0.0, Sum: 0.2]
      [Object Copy (ms): Min: 23.3, Avg: 23.3, Max: 23.3, Diff: 0.0, Sum: 46.6]
      [Termination (ms): Min: 0.0, Avg: 0.0, Max: 0.0, Diff: 0.0, Sum: 0.0]
      [GC Worker Other (ms): Min: 0.0, Avg: 0.1, Max: 0.1, Diff: 0.0, Sum: 0.1]
      [GC Worker Total (ms): Min: 24.0, Avg: 24.1, Max: 24.1, Diff: 0.1, Sum: 48.2]
      [GC Worker End (ms): Min: 101277.3, Avg: 101277.3, Max: 101277.4, Diff: 0.0]
   [Code Root Fixup: 0.0 ms]
   [Code Root Migration: 0.0 ms]
   [Clear CT: 0.1 ms]
   [Other: 0.4 ms]
      [Choose CSet: 0.0 ms]
      [Ref Proc: 0.0 ms]
      [Ref Enq: 0.0 ms]
      [Free CSet: 0.3 ms]
   [Eden: 125.0M(125.0M)->0.0B(143.0M) Survivors: 20.0M->19.0M Heap: 433.4M(512.0M)->325.9M(512.0M)]
 [Times: user=0.06 sys=0.00, real=0.02 secs] 
2014-07-10T12:29:48.106+0200: 101.278: [GC remark 101.278: [GC ref-proc, 0.0000539 secs], 0.0013774 secs]
 [Times: user=0.00 sys=0.00, real=0.00 secs] 
2014-07-10T12:29:48.187+0200: 101.359: [GC cleanup 419M->228M(512M), 0.0017253 secs]
 [Times: user=0.00 sys=0.00, real=0.00 secs] 
2014-07-10T12:29:48.189+0200: 101.361: [GC concurrent-cleanup-start]
2014-07-10T12:29:48.189+0200: 101.361: [GC concurrent-cleanup-end, 0.0006409 secs]
2014-07-10T12:29:48.219+0200: 101.391: [GC pause (G1 Evacuation Pause) (young), 0.0308864 secs]
   [Parallel Time: 30.2 ms, GC Workers: 2]
      [GC Worker Start (ms): Min: 101391.2, Avg: 101391.2, Max: 101391.2, Diff: 0.0]
      [Ext Root Scanning (ms): Min: 0.3, Avg: 0.3, Max: 0.3, Diff: 0.0, Sum: 0.6]
      [Update RS (ms): Min: 0.0, Avg: 0.1, Max: 0.1, Diff: 0.0, Sum: 0.1]
         [Processed Buffers: Min: 1, Avg: 1.5, Max: 2, Diff: 1, Sum: 3]
      [Scan RS (ms): Min: 0.2, Avg: 0.2, Max: 0.2, Diff: 0.0, Sum: 0.5]
      [Code Root Scanning (ms): Min: 0.1, Avg: 0.1, Max: 0.1, Diff: 0.0, Sum: 0.2]
      [Object Copy (ms): Min: 29.4, Avg: 29.4, Max: 29.4, Diff: 0.0, Sum: 58.8]
      [Termination (ms): Min: 0.0, Avg: 0.0, Max: 0.0, Diff: 0.0, Sum: 0.0]
      [GC Worker Other (ms): Min: 0.0, Avg: 0.0, Max: 0.0, Diff: 0.0, Sum: 0.1]
      [GC Worker Total (ms): Min: 30.1, Avg: 30.1, Max: 30.1, Diff: 0.0, Sum: 60.3]
      [GC Worker End (ms): Min: 101421.4, Avg: 101421.4, Max: 101421.4, Diff: 0.0]
   [Code Root Fixup: 0.0 ms]
   [Code Root Migration: 0.0 ms]
   [Clear CT: 0.2 ms]
   [Other: 0.5 ms]
      [Choose CSet: 0.0 ms]
      [Ref Proc: 0.1 ms]
      [Ref Enq: 0.0 ms]
      [Free CSet: 0.3 ms]
   [Eden: 143.0M(143.0M)->0.0B(134.0M) Survivors: 19.0M->21.0M Heap: 277.9M(512.0M)->164.3M(512.0M)]
 [Times: user=0.06 sys=0.00, real=0.03 secs] 
2014-07-10T12:29:48.387+0200: 101.559: [GC pause (G1 Evacuation Pause) (mixed), 0.0333395 secs]
   [Parallel Time: 32.7 ms, GC Workers: 2]
      [GC Worker Start (ms): Min: 101559.0, Avg: 101559.0, Max: 101559.0, Diff: 0.0]
      [Ext Root Scanning (ms): Min: 0.4, Avg: 0.4, Max: 0.4, Diff: 0.0, Sum: 0.8]
      [Update RS (ms): Min: 0.0, Avg: 0.1, Max: 0.1, Diff: 0.0, Sum: 0.1]
         [Processed Buffers: Min: 1, Avg: 1.5, Max: 2, Diff: 1, Sum: 3]
      [Scan RS (ms): Min: 0.3, Avg: 0.3, Max: 0.3, Diff: 0.0, Sum: 0.6]
      [Code Root Scanning (ms): Min: 0.1, Avg: 0.1, Max: 0.1, Diff: 0.0, Sum: 0.2]
      [Object Copy (ms): Min: 31.7, Avg: 31.7, Max: 31.7, Diff: 0.0, Sum: 63.4]
      [Termination (ms): Min: 0.0, Avg: 0.0, Max: 0.0, Diff: 0.0, Sum: 0.0]
      [GC Worker Other (ms): Min: 0.0, Avg: 0.0, Max: 0.0, Diff: 0.0, Sum: 0.1]
      [GC Worker Total (ms): Min: 32.6, Avg: 32.6, Max: 32.6, Diff: 0.0, Sum: 65.2]
      [GC Worker End (ms): Min: 101591.6, Avg: 101591.6, Max: 101591.6, Diff: 0.0]
   [Code Root Fixup: 0.0 ms]
   [Code Root Migration: 0.0 ms]
   [Clear CT: 0.1 ms]
   [Other: 0.5 ms]
      [Choose CSet: 0.0 ms]
      [Ref Proc: 0.1 ms]
      [Ref Enq: 0.0 ms]
      [Free CSet: 0.3 ms]
   [Eden: 134.0M(134.0M)->0.0B(122.0M) Survivors: 21.0M->20.0M Heap: 298.3M(512.0M)->185.8M(512.0M)]
 [Times: user=0.06 sys=0.00, real=0.03 secs] 
2014-07-10T12:29:48.479+0200: 101.651: [GC pause (G1 Evacuation Pause) (young), 0.0263831 secs]
   [Parallel Time: 25.8 ms, GC Workers: 2]
      [GC Worker Start (ms): Min: 101651.2, Avg: 101651.2, Max: 101651.2, Diff: 0.0]
      [Ext Root Scanning (ms): Min: 0.3, Avg: 0.3, Max: 0.3, Diff: 0.0, Sum: 0.7]
      [Update RS (ms): Min: 0.1, Avg: 0.1, Max: 0.1, Diff: 0.0, Sum: 0.2]
         [Processed Buffers: Min: 1, Avg: 1.5, Max: 2, Diff: 1, Sum: 3]
      [Scan RS (ms): Min: 0.2, Avg: 0.2, Max: 0.3, Diff: 0.0, Sum: 0.5]
      [Code Root Scanning (ms): Min: 0.1, Avg: 0.1, Max: 0.1, Diff: 0.0, Sum: 0.2]
      [Object Copy (ms): Min: 24.7, Avg: 24.7, Max: 24.7, Diff: 0.1, Sum: 49.4]
      [Termination (ms): Min: 0.0, Avg: 0.1, Max: 0.3, Diff: 0.3, Sum: 0.3]
      [GC Worker Other (ms): Min: 0.0, Avg: 0.0, Max: 0.0, Diff: 0.0, Sum: 0.1]
      [GC Worker Total (ms): Min: 25.5, Avg: 25.6, Max: 25.7, Diff: 0.2, Sum: 51.3]
      [GC Worker End (ms): Min: 101676.7, Avg: 101676.8, Max: 101676.9, Diff: 0.2]
   [Code Root Fixup: 0.0 ms]
   [Code Root Migration: 0.0 ms]
   [Clear CT: 0.1 ms]
   [Other: 0.5 ms]
      [Choose CSet: 0.0 ms]
      [Ref Proc: 0.1 ms]
      [Ref Enq: 0.0 ms]
      [Free CSet: 0.3 ms]
   [Eden: 122.0M(122.0M)->0.0B(141.0M) Survivors: 20.0M->18.0M Heap: 307.8M(512.0M)->205.9M(512.0M)]
 [Times: user=0.03 sys=0.00, real=0.03 secs] 
2014-07-10T12:29:48.620+0200: 101.792: [GC pause (G1 Evacuation Pause) (young), 0.0265591 secs]
   [Parallel Time: 25.9 ms, GC Workers: 2]
      [GC Worker Start (ms): Min: 101791.9, Avg: 101791.9, Max: 101791.9, Diff: 0.0]
      [Ext Root Scanning (ms): Min: 0.3, Avg: 0.3, Max: 0.3, Diff: 0.0, Sum: 0.7]
      [Update RS (ms): Min: 0.0, Avg: 0.0, Max: 0.0, Diff: 0.0, Sum: 0.1]
         [Processed Buffers: Min: 1, Avg: 1.5, Max: 2, Diff: 1, Sum: 3]
      [Scan RS (ms): Min: 0.2, Avg: 0.2, Max: 0.2, Diff: 0.0, Sum: 0.5]
      [Code Root Scanning (ms): Min: 0.1, Avg: 0.1, Max: 0.1, Diff: 0.0, Sum: 0.2]
      [Object Copy (ms): Min: 25.0, Avg: 25.1, Max: 25.1, Diff: 0.0, Sum: 50.1]
      [Termination (ms): Min: 0.0, Avg: 0.0, Max: 0.0, Diff: 0.0, Sum: 0.0]
      [GC Worker Other (ms): Min: 0.0, Avg: 0.0, Max: 0.0, Diff: 0.0, Sum: 0.1]
      [GC Worker Total (ms): Min: 25.8, Avg: 25.8, Max: 25.8, Diff: 0.0, Sum: 51.7]
      [GC Worker End (ms): Min: 101817.7, Avg: 101817.7, Max: 101817.7, Diff: 0.0]
   [Code Root Fixup: 0.0 ms]
   [Code Root Migration: 0.0 ms]
   [Clear CT: 0.1 ms]
   [Other: 0.5 ms]
      [Choose CSet: 0.0 ms]
      [Ref Proc: 0.1 ms]
      [Ref Enq: 0.0 ms]
      [Free CSet: 0.3 ms]
   [Eden: 141.0M(141.0M)->0.0B(132.0M) Survivors: 18.0M->20.0M Heap: 346.9M(512.0M)->228.8M(512.0M)]
 [Times: user=0.05 sys=0.00, real=0.03 secs] 
2014-07-10T12:29:48.790+0200: 101.962: [GC pause (G1 Evacuation Pause) (young), 0.0282012 secs]
   [Parallel Time: 27.3 ms, GC Workers: 2]
      [GC Worker Start (ms): Min: 101962.2, Avg: 101962.2, Max: 101962.2, Diff: 0.0]
      [Ext Root Scanning (ms): Min: 0.6, Avg: 0.6, Max: 0.7, Diff: 0.1, Sum: 1.3]
      [Update RS (ms): Min: 0.0, Avg: 0.0, Max: 0.1, Diff: 0.1, Sum: 0.1]
         [Processed Buffers: Min: 1, Avg: 1.5, Max: 2, Diff: 1, Sum: 3]
      [Scan RS (ms): Min: 0.2, Avg: 0.3, Max: 0.3, Diff: 0.0, Sum: 0.5]
      [Code Root Scanning (ms): Min: 0.1, Avg: 0.1, Max: 0.1, Diff: 0.0, Sum: 0.2]
      [Object Copy (ms): Min: 26.1, Avg: 26.2, Max: 26.2, Diff: 0.0, Sum: 52.3]
      [Termination (ms): Min: 0.0, Avg: 0.0, Max: 0.0, Diff: 0.0, Sum: 0.0]
      [GC Worker Other (ms): Min: 0.0, Avg: 0.0, Max: 0.0, Diff: 0.0, Sum: 0.1]
      [GC Worker Total (ms): Min: 27.2, Avg: 27.2, Max: 27.2, Diff: 0.0, Sum: 54.5]
      [GC Worker End (ms): Min: 101989.5, Avg: 101989.5, Max: 101989.5, Diff: 0.0]
   [Code Root Fixup: 0.0 ms]
   [Code Root Migration: 0.0 ms]
   [Clear CT: 0.1 ms]
   [Other: 0.7 ms]
      [Choose CSet: 0.0 ms]
      [Ref Proc: 0.2 ms]
      [Ref Enq: 0.0 ms]
      [Free CSet: 0.3 ms]
   [Eden: 132.0M(132.0M)->0.0B(119.0M) Survivors: 20.0M->19.0M Heap: 360.8M(512.0M)->249.7M(512.0M)]
 [Times: user=0.06 sys=0.00, real=0.03 secs] 
2014-07-10T12:29:48.880+0200: 102.053: [GC pause (G1 Evacuation Pause) (young) (initial-mark), 0.0183789 secs]
   [Parallel Time: 17.8 ms, GC Workers: 2]
      [GC Worker Start (ms): Min: 102052.6, Avg: 102052.6, Max: 102052.6, Diff: 0.0]
      [Ext Root Scanning (ms): Min: 0.3, Avg: 0.3, Max: 0.3, Diff: 0.0, Sum: 0.7]
      [Code Root Marking (ms): Min: 0.1, Avg: 0.1, Max: 0.1, Diff: 0.0, Sum: 0.1]
      [Update RS (ms): Min: 0.0, Avg: 0.0, Max: 0.0, Diff: 0.0, Sum: 0.0]
         [Processed Buffers: Min: 1, Avg: 1.0, Max: 1, Diff: 0, Sum: 2]
      [Scan RS (ms): Min: 0.2, Avg: 0.2, Max: 0.2, Diff: 0.0, Sum: 0.4]
      [Code Root Scanning (ms): Min: 0.1, Avg: 0.1, Max: 0.1, Diff: 0.0, Sum: 0.2]
      [Object Copy (ms): Min: 16.9, Avg: 17.0, Max: 17.0, Diff: 0.2, Sum: 33.9]
      [Termination (ms): Min: 0.0, Avg: 0.1, Max: 0.2, Diff: 0.2, Sum: 0.2]
      [GC Worker Other (ms): Min: 0.0, Avg: 0.0, Max: 0.0, Diff: 0.0, Sum: 0.1]
      [GC Worker Total (ms): Min: 17.8, Avg: 17.8, Max: 17.8, Diff: 0.0, Sum: 35.5]
      [GC Worker End (ms): Min: 102070.4, Avg: 102070.4, Max: 102070.4, Diff: 0.0]
   [Code Root Fixup: 0.0 ms]
   [Code Root Migration: 0.0 ms]
   [Clear CT: 0.1 ms]
   [Other: 0.4 ms]
      [Choose CSet: 0.0 ms]
      [Ref Proc: 0.1 ms]
      [Ref Enq: 0.0 ms]
      [Free CSet: 0.2 ms]
   [Eden: 119.0M(119.0M)->0.0B(135.0M) Survivors: 19.0M->18.0M Heap: 368.7M(512.0M)->258.4M(512.0M)]
 [Times: user=0.03 sys=0.00, real=0.02 secs] 
2014-07-10T12:29:48.899+0200: 102.071: [GC concurrent-root-region-scan-start]
2014-07-10T12:29:48.899+0200: 102.071: [GC concurrent-root-region-scan-end, 0.0002262 secs]
2014-07-10T12:29:48.899+0200: 102.071: [GC concurrent-mark-start]
2014-07-10T12:29:48.978+0200: 102.150: [GC concurrent-mark-end, 0.0058304 secs]
2014-07-10T12:29:48.978+0200: 102.150: [GC remark 102.150: [GC ref-proc, 0.0000583 secs], 0.0012451 secs]
 [Times: user=0.00 sys=0.00, real=0.00 secs] 
2014-07-10T12:29:49.002+0200: 102.175: [GC pause (G1 Evacuation Pause) (young), 0.0150137 secs]
   [Parallel Time: 14.4 ms, GC Workers: 2]
      [GC Worker Start (ms): Min: 102174.7, Avg: 102174.7, Max: 102174.7, Diff: 0.0]
      [Ext Root Scanning (ms): Min: 0.4, Avg: 0.4, Max: 0.4, Diff: 0.0, Sum: 0.7]
      [SATB Filtering (ms): Min: 0.0, Avg: 0.0, Max: 0.0, Diff: 0.0, Sum: 0.0]
      [Update RS (ms): Min: 0.1, Avg: 0.1, Max: 0.1, Diff: 0.0, Sum: 0.2]
         [Processed Buffers: Min: 1, Avg: 1.5, Max: 2, Diff: 1, Sum: 3]
      [Scan RS (ms): Min: 0.2, Avg: 0.2, Max: 0.3, Diff: 0.0, Sum: 0.5]
      [Code Root Scanning (ms): Min: 0.1, Avg: 0.1, Max: 0.1, Diff: 0.0, Sum: 0.2]
      [Object Copy (ms): Min: 13.5, Avg: 13.5, Max: 13.5, Diff: 0.0, Sum: 27.0]
      [Termination (ms): Min: 0.0, Avg: 0.0, Max: 0.0, Diff: 0.0, Sum: 0.0]
      [GC Worker Other (ms): Min: 0.0, Avg: 0.1, Max: 0.1, Diff: 0.0, Sum: 0.1]
      [GC Worker Total (ms): Min: 14.3, Avg: 14.3, Max: 14.4, Diff: 0.0, Sum: 28.7]
      [GC Worker End (ms): Min: 102189.0, Avg: 102189.0, Max: 102189.0, Diff: 0.0]
   [Code Root Fixup: 0.0 ms]
   [Code Root Migration: 0.0 ms]
   [Clear CT: 0.1 ms]
   [Other: 0.4 ms]
      [Choose CSet: 0.0 ms]
      [Ref Proc: 0.0 ms]
      [Ref Enq: 0.0 ms]
      [Free CSet: 0.3 ms]
   [Eden: 135.0M(135.0M)->0.0B(128.0M) Survivors: 18.0M->20.0M Heap: 393.4M(512.0M)->261.8M(512.0M)]
 [Times: user=0.03 sys=0.00, real=0.02 secs] 
2014-07-10T12:29:49.058+0200: 102.230: [GC cleanup 319M->148M(512M), 0.0015655 secs]
 [Times: user=0.00 sys=0.00, real=0.00 secs] 
2014-07-10T12:29:49.059+0200: 102.232: [GC concurrent-cleanup-start]
2014-07-10T12:29:49.060+0200: 102.232: [GC concurrent-cleanup-end, 0.0004084 secs]
2014-07-10T12:29:49.163+0200: 102.335: [GC pause (G1 Evacuation Pause) (young), 0.0123784 secs]
   [Parallel Time: 10.9 ms, GC Workers: 2]
      [GC Worker Start (ms): Min: 102335.2, Avg: 102335.2, Max: 102335.2, Diff: 0.0]
      [Ext Root Scanning (ms): Min: 0.6, Avg: 0.6, Max: 0.6, Diff: 0.0, Sum: 1.2]
      [Update RS (ms): Min: 0.2, Avg: 0.2, Max: 0.2, Diff: 0.0, Sum: 0.3]
         [Processed Buffers: Min: 1, Avg: 2.0, Max: 3, Diff: 2, Sum: 4]
      [Scan RS (ms): Min: 0.4, Avg: 0.4, Max: 0.4, Diff: 0.1, Sum: 0.8]
      [Code Root Scanning (ms): Min: 0.1, Avg: 0.1, Max: 0.1, Diff: 0.0, Sum: 0.3]
      [Object Copy (ms): Min: 9.4, Avg: 9.5, Max: 9.5, Diff: 0.1, Sum: 19.0]
      [Termination (ms): Min: 0.0, Avg: 0.0, Max: 0.0, Diff: 0.0, Sum: 0.0]
      [GC Worker Other (ms): Min: 0.0, Avg: 0.1, Max: 0.1, Diff: 0.0, Sum: 0.1]
      [GC Worker Total (ms): Min: 10.8, Avg: 10.8, Max: 10.8, Diff: 0.0, Sum: 21.7]
      [GC Worker End (ms): Min: 102346.0, Avg: 102346.0, Max: 102346.0, Diff: 0.0]
   [Code Root Fixup: 0.0 ms]
   [Code Root Migration: 0.1 ms]
   [Clear CT: 0.3 ms]
   [Other: 1.1 ms]
      [Choose CSet: 0.0 ms]
      [Ref Proc: 0.1 ms]
      [Ref Enq: 0.0 ms]
      [Free CSet: 0.7 ms]
   [Eden: 128.0M(128.0M)->0.0B(116.0M) Survivors: 20.0M->10.0M Heap: 218.8M(512.0M)->80.1M(512.0M)]
 [Times: user=0.01 sys=0.00, real=0.01 secs] 
2014-07-10T12:29:49.237+0200: 102.409: [GC pause (G1 Evacuation Pause) (mixed), 0.0374057 secs]
   [Parallel Time: 36.8 ms, GC Workers: 2]
      [GC Worker Start (ms): Min: 102409.6, Avg: 102409.6, Max: 102409.6, Diff: 0.0]
      [Ext Root Scanning (ms): Min: 0.3, Avg: 0.3, Max: 0.3, Diff: 0.0, Sum: 0.6]
      [Update RS (ms): Min: 0.1, Avg: 0.1, Max: 0.1, Diff: 0.0, Sum: 0.1]
         [Processed Buffers: Min: 1, Avg: 1.5, Max: 2, Diff: 1, Sum: 3]
      [Scan RS (ms): Min: 0.2, Avg: 0.2, Max: 0.2, Diff: 0.0, Sum: 0.4]
      [Code Root Scanning (ms): Min: 0.1, Avg: 0.1, Max: 0.1, Diff: 0.0, Sum: 0.2]
      [Object Copy (ms): Min: 36.1, Avg: 36.1, Max: 36.1, Diff: 0.0, Sum: 72.2]
      [Termination (ms): Min: 0.0, Avg: 0.0, Max: 0.0, Diff: 0.0, Sum: 0.0]
      [GC Worker Other (ms): Min: 0.0, Avg: 0.0, Max: 0.0, Diff: 0.0, Sum: 0.1]
      [GC Worker Total (ms): Min: 36.8, Avg: 36.8, Max: 36.8, Diff: 0.0, Sum: 73.6]
      [GC Worker End (ms): Min: 102446.3, Avg: 102446.3, Max: 102446.3, Diff: 0.0]
   [Code Root Fixup: 0.0 ms]
   [Code Root Migration: 0.0 ms]
   [Clear CT: 0.1 ms]
   [Other: 0.4 ms]
      [Choose CSet: 0.0 ms]
      [Ref Proc: 0.1 ms]
      [Ref Enq: 0.0 ms]
      [Free CSet: 0.2 ms]
   [Eden: 116.0M(116.0M)->0.0B(131.0M) Survivors: 10.0M->16.0M Heap: 196.1M(512.0M)->123.2M(512.0M)]
 [Times: user=0.09 sys=0.00, real=0.04 secs] 
2014-07-10T12:29:49.382+0200: 102.554: [GC pause (G1 Evacuation Pause) (young), 0.0370607 secs]
   [Parallel Time: 36.1 ms, GC Workers: 2]
      [GC Worker Start (ms): Min: 102554.5, Avg: 102554.5, Max: 102554.5, Diff: 0.0]
      [Ext Root Scanning (ms): Min: 0.3, Avg: 0.4, Max: 0.4, Diff: 0.0, Sum: 0.7]
      [Update RS (ms): Min: 0.1, Avg: 0.1, Max: 0.1, Diff: 0.1, Sum: 0.2]
         [Processed Buffers: Min: 1, Avg: 1.5, Max: 2, Diff: 1, Sum: 3]
      [Scan RS (ms): Min: 0.2, Avg: 0.2, Max: 0.3, Diff: 0.0, Sum: 0.5]
      [Code Root Scanning (ms): Min: 0.1, Avg: 0.1, Max: 0.1, Diff: 0.0, Sum: 0.2]
      [Object Copy (ms): Min: 35.2, Avg: 35.2, Max: 35.2, Diff: 0.0, Sum: 70.5]
      [Termination (ms): Min: 0.0, Avg: 0.0, Max: 0.0, Diff: 0.0, Sum: 0.0]
      [GC Worker Other (ms): Min: 0.0, Avg: 0.0, Max: 0.0, Diff: 0.0, Sum: 0.1]
      [GC Worker Total (ms): Min: 36.0, Avg: 36.1, Max: 36.1, Diff: 0.0, Sum: 72.1]
      [GC Worker End (ms): Min: 102590.6, Avg: 102590.6, Max: 102590.6, Diff: 0.0]
   [Code Root Fixup: 0.0 ms]
   [Code Root Migration: 0.0 ms]
   [Clear CT: 0.1 ms]
   [Other: 0.8 ms]
      [Choose CSet: 0.0 ms]
      [Ref Proc: 0.5 ms]
      [Ref Enq: 0.0 ms]
      [Free CSet: 0.2 ms]
   [Eden: 131.0M(131.0M)->0.0B(124.0M) Survivors: 16.0M->19.0M Heap: 254.2M(512.0M)->165.3M(512.0M)]
 [Times: user=0.06 sys=0.00, real=0.04 secs] 
2014-07-10T12:29:49.480+0200: 102.652: [GC pause (G1 Evacuation Pause) (young), 0.0271563 secs]
   [Parallel Time: 26.4 ms, GC Workers: 2]
      [GC Worker Start (ms): Min: 102651.9, Avg: 102651.9, Max: 102651.9, Diff: 0.0]
      [Ext Root Scanning (ms): Min: 0.3, Avg: 0.3, Max: 0.3, Diff: 0.0, Sum: 0.7]
      [Update RS (ms): Min: 0.0, Avg: 0.0, Max: 0.0, Diff: 0.0, Sum: 0.1]
         [Processed Buffers: Min: 1, Avg: 1.5, Max: 2, Diff: 1, Sum: 3]
      [Scan RS (ms): Min: 0.2, Avg: 0.2, Max: 0.2, Diff: 0.0, Sum: 0.4]
      [Code Root Scanning (ms): Min: 0.1, Avg: 0.1, Max: 0.1, Diff: 0.0, Sum: 0.2]
      [Object Copy (ms): Min: 25.6, Avg: 25.6, Max: 25.6, Diff: 0.0, Sum: 51.3]
      [Termination (ms): Min: 0.0, Avg: 0.0, Max: 0.0, Diff: 0.0, Sum: 0.0]
      [GC Worker Other (ms): Min: 0.0, Avg: 0.0, Max: 0.0, Diff: 0.0, Sum: 0.1]
      [GC Worker Total (ms): Min: 26.3, Avg: 26.3, Max: 26.4, Diff: 0.0, Sum: 52.7]
      [GC Worker End (ms): Min: 102678.3, Avg: 102678.3, Max: 102678.3, Diff: 0.0]
   [Code Root Fixup: 0.0 ms]
   [Code Root Migration: 0.0 ms]
   [Clear CT: 0.2 ms]
   [Other: 0.5 ms]
      [Choose CSet: 0.0 ms]
      [Ref Proc: 0.1 ms]
      [Ref Enq: 0.0 ms]
      [Free CSet: 0.3 ms]
   [Eden: 124.0M(124.0M)->0.0B(142.0M) Survivors: 19.0M->18.0M Heap: 289.3M(512.0M)->188.2M(512.0M)]
 [Times: user=0.06 sys=0.00, real=0.03 secs] 
2014-07-10T12:29:49.611+0200: 102.783: [GC pause (G1 Evacuation Pause) (young), 0.0332815 secs]
   [Parallel Time: 32.6 ms, GC Workers: 2]
      [GC Worker Start (ms): Min: 102783.5, Avg: 102783.5, Max: 102783.5, Diff: 0.0]
      [Ext Root Scanning (ms): Min: 0.4, Avg: 0.4, Max: 0.4, Diff: 0.0, Sum: 0.7]
      [Update RS (ms): Min: 0.0, Avg: 0.0, Max: 0.0, Diff: 0.0, Sum: 0.1]
         [Processed Buffers: Min: 1, Avg: 1.5, Max: 2, Diff: 1, Sum: 3]
      [Scan RS (ms): Min: 0.2, Avg: 0.2, Max: 0.2, Diff: 0.0, Sum: 0.5]
      [Code Root Scanning (ms): Min: 0.1, Avg: 0.1, Max: 0.1, Diff: 0.0, Sum: 0.2]
      [Object Copy (ms): Min: 31.8, Avg: 31.8, Max: 31.8, Diff: 0.0, Sum: 63.6]
      [Termination (ms): Min: 0.0, Avg: 0.0, Max: 0.0, Diff: 0.0, Sum: 0.0]
      [GC Worker Other (ms): Min: 0.0, Avg: 0.0, Max: 0.0, Diff: 0.0, Sum: 0.1]
      [GC Worker Total (ms): Min: 32.6, Avg: 32.6, Max: 32.6, Diff: 0.0, Sum: 65.1]
      [GC Worker End (ms): Min: 102816.1, Avg: 102816.1, Max: 102816.1, Diff: 0.0]
   [Code Root Fixup: 0.0 ms]
   [Code Root Migration: 0.0 ms]
   [Clear CT: 0.1 ms]
   [Other: 0.5 ms]
      [Choose CSet: 0.0 ms]
      [Ref Proc: 0.1 ms]
      [Ref Enq: 0.0 ms]
      [Free CSet: 0.3 ms]
   [Eden: 142.0M(142.0M)->0.0B(135.0M) Survivors: 18.0M->20.0M Heap: 330.2M(512.0M)->221.9M(512.0M)]
 [Times: user=0.09 sys=0.00, real=0.03 secs] 
2014-07-10T12:29:49.803+0200: 102.976: [GC pause (G1 Evacuation Pause) (young), 0.0378721 secs]
   [Parallel Time: 37.2 ms, GC Workers: 2]
      [GC Worker Start (ms): Min: 102975.8, Avg: 102975.8, Max: 102975.8, Diff: 0.0]
      [Ext Root Scanning (ms): Min: 0.6, Avg: 0.6, Max: 0.6, Diff: 0.0, Sum: 1.2]
      [Update RS (ms): Min: 0.1, Avg: 0.1, Max: 0.1, Diff: 0.0, Sum: 0.1]
         [Processed Buffers: Min: 1, Avg: 1.5, Max: 2, Diff: 1, Sum: 3]
      [Scan RS (ms): Min: 0.4, Avg: 0.4, Max: 0.4, Diff: 0.0, Sum: 0.9]
      [Code Root Scanning (ms): Min: 0.1, Avg: 0.2, Max: 0.2, Diff: 0.0, Sum: 0.3]
      [Object Copy (ms): Min: 35.9, Avg: 35.9, Max: 35.9, Diff: 0.0, Sum: 71.9]
      [Termination (ms): Min: 0.0, Avg: 0.0, Max: 0.0, Diff: 0.0, Sum: 0.0]
      [GC Worker Other (ms): Min: 0.0, Avg: 0.0, Max: 0.0, Diff: 0.0, Sum: 0.1]
      [GC Worker Total (ms): Min: 37.2, Avg: 37.2, Max: 37.2, Diff: 0.0, Sum: 74.4]
      [GC Worker End (ms): Min: 103013.0, Avg: 103013.0, Max: 103013.0, Diff: 0.0]
   [Code Root Fixup: 0.0 ms]
   [Code Root Migration: 0.0 ms]
   [Clear CT: 0.1 ms]
   [Other: 0.5 ms]
      [Choose CSet: 0.0 ms]
      [Ref Proc: 0.0 ms]
      [Ref Enq: 0.0 ms]
      [Free CSet: 0.2 ms]
   [Eden: 135.0M(135.0M)->0.0B(121.0M) Survivors: 20.0M->20.0M Heap: 356.9M(512.0M)->256.6M(512.0M)]
 [Times: user=0.06 sys=0.00, real=0.04 secs] 
2014-07-10T12:29:49.899+0200: 103.072: [GC pause (G1 Evacuation Pause) (young) (initial-mark), 0.0281730 secs]
   [Parallel Time: 27.4 ms, GC Workers: 2]
      [GC Worker Start (ms): Min: 103072.0, Avg: 103072.0, Max: 103072.0, Diff: 0.0]
      [Ext Root Scanning (ms): Min: 0.4, Avg: 0.4, Max: 0.4, Diff: 0.0, Sum: 0.8]
      [Code Root Marking (ms): Min: 0.1, Avg: 0.1, Max: 0.1, Diff: 0.0, Sum: 0.1]
      [Update RS (ms): Min: 0.0, Avg: 0.0, Max: 0.0, Diff: 0.0, Sum: 0.0]
         [Processed Buffers: Min: 1, Avg: 1.0, Max: 1, Diff: 0, Sum: 2]
      [Scan RS (ms): Min: 0.2, Avg: 0.2, Max: 0.2, Diff: 0.0, Sum: 0.4]
      [Code Root Scanning (ms): Min: 0.1, Avg: 0.1, Max: 0.1, Diff: 0.0, Sum: 0.2]
      [Object Copy (ms): Min: 26.6, Avg: 26.6, Max: 26.6, Diff: 0.0, Sum: 53.1]
      [Termination (ms): Min: 0.0, Avg: 0.0, Max: 0.0, Diff: 0.0, Sum: 0.0]
      [GC Worker Other (ms): Min: 0.0, Avg: 0.0, Max: 0.0, Diff: 0.0, Sum: 0.1]
      [GC Worker Total (ms): Min: 27.3, Avg: 27.3, Max: 27.3, Diff: 0.0, Sum: 54.7]
      [GC Worker End (ms): Min: 103099.3, Avg: 103099.3, Max: 103099.3, Diff: 0.0]
   [Code Root Fixup: 0.0 ms]
   [Code Root Migration: 0.0 ms]
   [Clear CT: 0.2 ms]
   [Other: 0.6 ms]
      [Choose CSet: 0.0 ms]
      [Ref Proc: 0.1 ms]
      [Ref Enq: 0.0 ms]
      [Free CSet: 0.2 ms]
   [Eden: 121.0M(121.0M)->0.0B(141.0M) Survivors: 20.0M->18.0M Heap: 377.6M(512.0M)->280.1M(512.0M)]
 [Times: user=0.06 sys=0.00, real=0.03 secs] 
2014-07-10T12:29:49.928+0200: 103.100: [GC concurrent-root-region-scan-start]
2014-07-10T12:29:49.928+0200: 103.101: [GC concurrent-root-region-scan-end, 0.0004059 secs]
2014-07-10T12:29:49.928+0200: 103.101: [GC concurrent-mark-start]
2014-07-10T12:29:50.007+0200: 103.179: [GC concurrent-mark-end, 0.0063764 secs]
2014-07-10T12:29:50.007+0200: 103.179: [GC remark 103.179: [GC ref-proc, 0.0000587 secs], 0.0013807 secs]
 [Times: user=0.00 sys=0.00, real=0.00 secs] 
2014-07-10T12:29:50.013+0200: 103.186: [GC pause (G1 Evacuation Pause) (young), 0.0335041 secs]
   [Parallel Time: 32.7 ms, GC Workers: 2]
      [GC Worker Start (ms): Min: 103185.6, Avg: 103185.6, Max: 103185.6, Diff: 0.0]
      [Ext Root Scanning (ms): Min: 0.3, Avg: 0.3, Max: 0.3, Diff: 0.0, Sum: 0.6]
      [SATB Filtering (ms): Min: 0.0, Avg: 0.0, Max: 0.0, Diff: 0.0, Sum: 0.0]
      [Update RS (ms): Min: 0.0, Avg: 0.0, Max: 0.0, Diff: 0.0, Sum: 0.1]
         [Processed Buffers: Min: 1, Avg: 1.0, Max: 1, Diff: 0, Sum: 2]
      [Scan RS (ms): Min: 0.2, Avg: 0.2, Max: 0.2, Diff: 0.0, Sum: 0.5]
      [Code Root Scanning (ms): Min: 0.1, Avg: 0.1, Max: 0.1, Diff: 0.0, Sum: 0.2]
      [Object Copy (ms): Min: 32.0, Avg: 32.0, Max: 32.0, Diff: 0.0, Sum: 64.0]
      [Termination (ms): Min: 0.0, Avg: 0.0, Max: 0.0, Diff: 0.0, Sum: 0.0]
      [GC Worker Other (ms): Min: 0.0, Avg: 0.0, Max: 0.0, Diff: 0.0, Sum: 0.1]
      [GC Worker Total (ms): Min: 32.7, Avg: 32.7, Max: 32.7, Diff: 0.0, Sum: 65.4]
      [GC Worker End (ms): Min: 103218.3, Avg: 103218.3, Max: 103218.3, Diff: 0.0]
   [Code Root Fixup: 0.0 ms]
   [Code Root Migration: 0.0 ms]
   [Clear CT: 0.2 ms]
   [Other: 0.5 ms]
      [Choose CSet: 0.0 ms]
      [Ref Proc: 0.1 ms]
      [Ref Enq: 0.0 ms]
      [Free CSet: 0.3 ms]
   [Eden: 141.0M(141.0M)->0.0B(141.0M) Survivors: 18.0M->20.0M Heap: 421.1M(512.0M)->314.5M(512.0M)]
 [Times: user=0.06 sys=0.00, real=0.03 secs] 
2014-07-10T12:29:50.087+0200: 103.259: [GC cleanup 399M->223M(512M), 0.0017415 secs]
 [Times: user=0.00 sys=0.00, real=0.00 secs] 
2014-07-10T12:29:50.089+0200: 103.261: [GC concurrent-cleanup-start]
2014-07-10T12:29:50.089+0200: 103.262: [GC concurrent-cleanup-end, 0.0005972 secs]
2014-07-10T12:29:50.197+0200: 103.369: [GC pause (G1 Evacuation Pause) (young), 0.0347341 secs]
   [Parallel Time: 33.8 ms, GC Workers: 2]
      [GC Worker Start (ms): Min: 103369.6, Avg: 103369.6, Max: 103369.6, Diff: 0.0]
      [Ext Root Scanning (ms): Min: 0.6, Avg: 0.6, Max: 0.6, Diff: 0.0, Sum: 1.2]
      [Update RS (ms): Min: 0.1, Avg: 0.1, Max: 0.1, Diff: 0.0, Sum: 0.2]
         [Processed Buffers: Min: 1, Avg: 1.5, Max: 2, Diff: 1, Sum: 3]
      [Scan RS (ms): Min: 0.6, Avg: 0.7, Max: 0.8, Diff: 0.2, Sum: 1.4]
      [Code Root Scanning (ms): Min: 0.1, Avg: 0.2, Max: 0.2, Diff: 0.1, Sum: 0.3]
      [Object Copy (ms): Min: 32.1, Avg: 32.2, Max: 32.2, Diff: 0.1, Sum: 64.3]
      [Termination (ms): Min: 0.0, Avg: 0.0, Max: 0.0, Diff: 0.0, Sum: 0.0]
      [GC Worker Other (ms): Min: 0.0, Avg: 0.0, Max: 0.0, Diff: 0.0, Sum: 0.1]
      [GC Worker Total (ms): Min: 33.8, Avg: 33.8, Max: 33.8, Diff: 0.0, Sum: 67.5]
      [GC Worker End (ms): Min: 103403.3, Avg: 103403.3, Max: 103403.3, Diff: 0.0]
   [Code Root Fixup: 0.0 ms]
   [Code Root Migration: 0.0 ms]
   [Clear CT: 0.4 ms]
   [Other: 0.5 ms]
      [Choose CSet: 0.0 ms]
      [Ref Proc: 0.0 ms]
      [Ref Enq: 0.0 ms]
      [Free CSet: 0.3 ms]
   [Eden: 141.0M(141.0M)->0.0B(127.0M) Survivors: 20.0M->21.0M Heap: 279.5M(512.0M)->167.7M(512.0M)]
 [Times: user=0.06 sys=0.00, real=0.04 secs] 
2014-07-10T12:29:50.292+0200: 103.464: [GC pause (G1 Evacuation Pause) (mixed), 0.0287068 secs]
   [Parallel Time: 28.0 ms, GC Workers: 2]
      [GC Worker Start (ms): Min: 103464.4, Avg: 103464.4, Max: 103464.4, Diff: 0.0]
      [Ext Root Scanning (ms): Min: 0.4, Avg: 0.4, Max: 0.4, Diff: 0.0, Sum: 0.9]
      [Update RS (ms): Min: 0.1, Avg: 0.1, Max: 0.1, Diff: 0.0, Sum: 0.1]
         [Processed Buffers: Min: 2, Avg: 2.0, Max: 2, Diff: 0, Sum: 4]
      [Scan RS (ms): Min: 0.2, Avg: 0.3, Max: 0.3, Diff: 0.0, Sum: 0.5]
      [Code Root Scanning (ms): Min: 0.1, Avg: 0.1, Max: 0.1, Diff: 0.0, Sum: 0.2]
      [Object Copy (ms): Min: 27.1, Avg: 27.1, Max: 27.1, Diff: 0.0, Sum: 54.2]
      [Termination (ms): Min: 0.0, Avg: 0.0, Max: 0.0, Diff: 0.0, Sum: 0.0]
      [GC Worker Other (ms): Min: 0.0, Avg: 0.0, Max: 0.0, Diff: 0.0, Sum: 0.1]
      [GC Worker Total (ms): Min: 28.0, Avg: 28.0, Max: 28.0, Diff: 0.0, Sum: 56.0]
      [GC Worker End (ms): Min: 103492.4, Avg: 103492.4, Max: 103492.4, Diff: 0.0]
   [Code Root Fixup: 0.0 ms]
   [Code Root Migration: 0.0 ms]
   [Clear CT: 0.1 ms]
   [Other: 0.5 ms]
      [Choose CSet: 0.0 ms]
      [Ref Proc: 0.1 ms]
      [Ref Enq: 0.0 ms]
      [Free CSet: 0.3 ms]
   [Eden: 127.0M(127.0M)->0.0B(146.0M) Survivors: 21.0M->19.0M Heap: 294.7M(512.0M)->182.8M(512.0M)]
 [Times: user=0.05 sys=0.00, real=0.03 secs] 
2014-07-10T12:29:50.415+0200: 103.587: [GC pause (G1 Evacuation Pause) (young), 0.0372081 secs]
   [Parallel Time: 36.6 ms, GC Workers: 2]
      [GC Worker Start (ms): Min: 103587.4, Avg: 103587.4, Max: 103587.4, Diff: 0.0]
      [Ext Root Scanning (ms): Min: 0.5, Avg: 0.5, Max: 0.5, Diff: 0.0, Sum: 1.0]
      [Update RS (ms): Min: 0.1, Avg: 0.1, Max: 0.2, Diff: 0.1, Sum: 0.2]
         [Processed Buffers: Min: 1, Avg: 1.5, Max: 2, Diff: 1, Sum: 3]
      [Scan RS (ms): Min: 0.2, Avg: 0.3, Max: 0.3, Diff: 0.1, Sum: 0.5]
      [Code Root Scanning (ms): Min: 0.1, Avg: 0.1, Max: 0.1, Diff: 0.0, Sum: 0.2]
      [Object Copy (ms): Min: 35.5, Avg: 35.5, Max: 35.5, Diff: 0.0, Sum: 71.1]
      [Termination (ms): Min: 0.0, Avg: 0.0, Max: 0.1, Diff: 0.1, Sum: 0.1]
      [GC Worker Other (ms): Min: 0.0, Avg: 0.0, Max: 0.0, Diff: 0.0, Sum: 0.1]
      [GC Worker Total (ms): Min: 36.5, Avg: 36.6, Max: 36.6, Diff: 0.0, Sum: 73.1]
      [GC Worker End (ms): Min: 103623.9, Avg: 103623.9, Max: 103623.9, Diff: 0.0]
   [Code Root Fixup: 0.0 ms]
   [Code Root Migration: 0.0 ms]
   [Clear CT: 0.1 ms]
   [Other: 0.5 ms]
      [Choose CSet: 0.0 ms]
      [Ref Proc: 0.0 ms]
      [Ref Enq: 0.0 ms]
      [Free CSet: 0.3 ms]
   [Eden: 146.0M(146.0M)->0.0B(142.0M) Survivors: 19.0M->21.0M Heap: 328.8M(512.0M)->221.8M(512.0M)]
 [Times: user=0.06 sys=0.00, real=0.04 secs] 
2014-07-10T12:29:50.598+0200: 103.770: [GC pause (G1 Evacuation Pause) (young), 0.0359678 secs]
   [Parallel Time: 35.3 ms, GC Workers: 2]
      [GC Worker Start (ms): Min: 103770.2, Avg: 103770.2, Max: 103770.2, Diff: 0.0]
      [Ext Root Scanning (ms): Min: 0.3, Avg: 0.3, Max: 0.3, Diff: 0.0, Sum: 0.7]
      [Update RS (ms): Min: 0.0, Avg: 0.1, Max: 0.1, Diff: 0.1, Sum: 0.1]
         [Processed Buffers: Min: 2, Avg: 2.0, Max: 2, Diff: 0, Sum: 4]
      [Scan RS (ms): Min: 0.3, Avg: 0.4, Max: 0.4, Diff: 0.2, Sum: 0.7]
      [Code Root Scanning (ms): Min: 0.1, Avg: 0.2, Max: 0.3, Diff: 0.1, Sum: 0.4]
      [Object Copy (ms): Min: 34.2, Avg: 34.3, Max: 34.3, Diff: 0.1, Sum: 68.5]
      [Termination (ms): Min: 0.0, Avg: 0.0, Max: 0.0, Diff: 0.0, Sum: 0.0]
      [GC Worker Other (ms): Min: 0.0, Avg: 0.0, Max: 0.0, Diff: 0.0, Sum: 0.1]
      [GC Worker Total (ms): Min: 35.3, Avg: 35.3, Max: 35.3, Diff: 0.0, Sum: 70.5]
      [GC Worker End (ms): Min: 103805.5, Avg: 103805.5, Max: 103805.5, Diff: 0.0]
   [Code Root Fixup: 0.0 ms]
   [Code Root Migration: 0.0 ms]
   [Clear CT: 0.1 ms]
   [Other: 0.5 ms]
      [Choose CSet: 0.0 ms]
      [Ref Proc: 0.1 ms]
      [Ref Enq: 0.0 ms]
      [Free CSet: 0.3 ms]
   [Eden: 142.0M(142.0M)->0.0B(128.0M) Survivors: 21.0M->21.0M Heap: 363.8M(512.0M)->256.4M(512.0M)]
 [Times: user=0.06 sys=0.00, real=0.04 secs] 
2014-07-10T12:29:50.695+0200: 103.867: [GC pause (G1 Evacuation Pause) (young) (initial-mark), 0.0330755 secs]
   [Parallel Time: 32.2 ms, GC Workers: 2]
      [GC Worker Start (ms): Min: 103867.3, Avg: 103867.3, Max: 103867.3, Diff: 0.0]
      [Ext Root Scanning (ms): Min: 0.4, Avg: 0.4, Max: 0.4, Diff: 0.0, Sum: 0.7]
      [Code Root Marking (ms): Min: 0.1, Avg: 0.1, Max: 0.1, Diff: 0.0, Sum: 0.1]
      [Update RS (ms): Min: 0.0, Avg: 0.0, Max: 0.1, Diff: 0.0, Sum: 0.1]
         [Processed Buffers: Min: 1, Avg: 1.5, Max: 2, Diff: 1, Sum: 3]
      [Scan RS (ms): Min: 0.2, Avg: 0.2, Max: 0.2, Diff: 0.0, Sum: 0.4]
      [Code Root Scanning (ms): Min: 0.1, Avg: 0.1, Max: 0.1, Diff: 0.0, Sum: 0.2]
      [Object Copy (ms): Min: 31.4, Avg: 31.4, Max: 31.4, Diff: 0.0, Sum: 62.7]
      [Termination (ms): Min: 0.0, Avg: 0.0, Max: 0.0, Diff: 0.0, Sum: 0.0]
      [GC Worker Other (ms): Min: 0.0, Avg: 0.0, Max: 0.0, Diff: 0.0, Sum: 0.1]
      [GC Worker Total (ms): Min: 32.2, Avg: 32.2, Max: 32.2, Diff: 0.0, Sum: 64.4]
      [GC Worker End (ms): Min: 103899.5, Avg: 103899.5, Max: 103899.5, Diff: 0.0]
   [Code Root Fixup: 0.0 ms]
   [Code Root Migration: 0.0 ms]
   [Clear CT: 0.1 ms]
   [Other: 0.7 ms]
      [Choose CSet: 0.0 ms]
      [Ref Proc: 0.2 ms]
      [Ref Enq: 0.0 ms]
      [Free CSet: 0.3 ms]
   [Eden: 128.0M(128.0M)->0.0B(146.0M) Survivors: 21.0M->19.0M Heap: 384.4M(512.0M)->286.9M(512.0M)]
 [Times: user=0.06 sys=0.00, real=0.03 secs] 
2014-07-10T12:29:50.728+0200: 103.900: [GC concurrent-root-region-scan-start]
2014-07-10T12:29:50.728+0200: 103.901: [GC concurrent-root-region-scan-end, 0.0004110 secs]
2014-07-10T12:29:50.728+0200: 103.901: [GC concurrent-mark-start]
2014-07-10T12:29:50.807+0200: 103.979: [GC concurrent-mark-end, 0.0059445 secs]
2014-07-10T12:29:50.807+0200: 103.979: [GC remark 103.979: [GC ref-proc, 0.0000620 secs], 0.0014537 secs]
 [Times: user=0.00 sys=0.00, real=0.00 secs] 
2014-07-10T12:29:50.819+0200: 103.991: [GC pause (G1 Evacuation Pause) (young), 0.0416652 secs]
   [Parallel Time: 41.0 ms, GC Workers: 2]
      [GC Worker Start (ms): Min: 103991.2, Avg: 103991.2, Max: 103991.2, Diff: 0.0]
      [Ext Root Scanning (ms): Min: 0.3, Avg: 0.3, Max: 0.4, Diff: 0.0, Sum: 0.7]
      [SATB Filtering (ms): Min: 0.0, Avg: 0.0, Max: 0.0, Diff: 0.0, Sum: 0.0]
      [Update RS (ms): Min: 0.1, Avg: 0.1, Max: 0.1, Diff: 0.0, Sum: 0.1]
         [Processed Buffers: Min: 1, Avg: 1.5, Max: 2, Diff: 1, Sum: 3]
      [Scan RS (ms): Min: 0.3, Avg: 0.3, Max: 0.3, Diff: 0.0, Sum: 0.6]
      [Code Root Scanning (ms): Min: 0.1, Avg: 0.1, Max: 0.1, Diff: 0.0, Sum: 0.2]
      [Object Copy (ms): Min: 40.1, Avg: 40.1, Max: 40.1, Diff: 0.0, Sum: 80.3]
      [Termination (ms): Min: 0.0, Avg: 0.0, Max: 0.0, Diff: 0.0, Sum: 0.0]
      [GC Worker Other (ms): Min: 0.0, Avg: 0.0, Max: 0.0, Diff: 0.0, Sum: 0.1]
      [GC Worker Total (ms): Min: 41.0, Avg: 41.0, Max: 41.0, Diff: 0.0, Sum: 82.0]
      [GC Worker End (ms): Min: 104032.2, Avg: 104032.2, Max: 104032.2, Diff: 0.0]
   [Code Root Fixup: 0.0 ms]
   [Code Root Migration: 0.0 ms]
   [Clear CT: 0.1 ms]
   [Other: 0.5 ms]
      [Choose CSet: 0.0 ms]
      [Ref Proc: 0.1 ms]
      [Ref Enq: 0.0 ms]
      [Free CSet: 0.3 ms]
   [Eden: 146.0M(146.0M)->0.0B(144.0M) Survivors: 19.0M->21.0M Heap: 432.9M(512.0M)->333.3M(512.0M)]
 [Times: user=0.08 sys=0.00, real=0.04 secs] 
2014-07-10T12:29:50.888+0200: 104.060: [GC cleanup 391M->214M(512M), 0.0017147 secs]
 [Times: user=0.00 sys=0.00, real=0.00 secs] 
2014-07-10T12:29:50.889+0200: 104.062: [GC concurrent-cleanup-start]
2014-07-10T12:29:50.890+0200: 104.062: [GC concurrent-cleanup-end, 0.0006057 secs]
2014-07-10T12:29:51.008+0200: 104.180: [GC pause (G1 Evacuation Pause) (young), 0.0089130 secs]
   [Parallel Time: 8.3 ms, GC Workers: 2]
      [GC Worker Start (ms): Min: 104180.1, Avg: 104180.1, Max: 104180.1, Diff: 0.0]
      [Ext Root Scanning (ms): Min: 0.3, Avg: 0.4, Max: 0.4, Diff: 0.0, Sum: 0.7]
      [Update RS (ms): Min: 0.0, Avg: 0.0, Max: 0.0, Diff: 0.0, Sum: 0.1]
         [Processed Buffers: Min: 1, Avg: 1.5, Max: 2, Diff: 1, Sum: 3]
      [Scan RS (ms): Min: 0.3, Avg: 0.3, Max: 0.3, Diff: 0.0, Sum: 0.6]
      [Code Root Scanning (ms): Min: 0.1, Avg: 0.1, Max: 0.1, Diff: 0.0, Sum: 0.2]
      [Object Copy (ms): Min: 7.4, Avg: 7.4, Max: 7.4, Diff: 0.0, Sum: 14.8]
      [Termination (ms): Min: 0.0, Avg: 0.0, Max: 0.0, Diff: 0.0, Sum: 0.0]
      [GC Worker Other (ms): Min: 0.0, Avg: 0.0, Max: 0.0, Diff: 0.0, Sum: 0.1]
      [GC Worker Total (ms): Min: 8.2, Avg: 8.2, Max: 8.3, Diff: 0.0, Sum: 16.5]
      [GC Worker End (ms): Min: 104188.4, Avg: 104188.4, Max: 104188.4, Diff: 0.0]
   [Code Root Fixup: 0.0 ms]
   [Code Root Migration: 0.0 ms]
   [Clear CT: 0.1 ms]
   [Other: 0.5 ms]
      [Choose CSet: 0.0 ms]
      [Ref Proc: 0.0 ms]
      [Ref Enq: 0.0 ms]
      [Free CSet: 0.3 ms]
   [Eden: 144.0M(144.0M)->0.0B(130.0M) Survivors: 21.0M->12.0M Heap: 300.3M(512.0M)->146.5M(512.0M)]
 [Times: user=0.02 sys=0.00, real=0.01 secs] 
2014-07-10T12:29:51.085+0200: 104.257: [GC pause (G1 Evacuation Pause) (mixed), 0.0401231 secs]
   [Parallel Time: 39.5 ms, GC Workers: 2]
      [GC Worker Start (ms): Min: 104257.4, Avg: 104257.4, Max: 104257.4, Diff: 0.0]
      [Ext Root Scanning (ms): Min: 0.3, Avg: 0.3, Max: 0.3, Diff: 0.0, Sum: 0.7]
      [Update RS (ms): Min: 0.0, Avg: 0.1, Max: 0.1, Diff: 0.0, Sum: 0.1]
         [Processed Buffers: Min: 2, Avg: 2.0, Max: 2, Diff: 0, Sum: 4]
      [Scan RS (ms): Min: 0.2, Avg: 0.3, Max: 0.3, Diff: 0.1, Sum: 0.5]
      [Code Root Scanning (ms): Min: 0.1, Avg: 0.1, Max: 0.1, Diff: 0.0, Sum: 0.2]
      [Object Copy (ms): Min: 38.7, Avg: 38.7, Max: 38.7, Diff: 0.0, Sum: 77.3]
      [Termination (ms): Min: 0.0, Avg: 0.0, Max: 0.0, Diff: 0.0, Sum: 0.0]
      [GC Worker Other (ms): Min: 0.0, Avg: 0.0, Max: 0.0, Diff: 0.0, Sum: 0.1]
      [GC Worker Total (ms): Min: 39.5, Avg: 39.5, Max: 39.5, Diff: 0.0, Sum: 78.9]
      [GC Worker End (ms): Min: 104296.9, Avg: 104296.9, Max: 104296.9, Diff: 0.0]
   [Code Root Fixup: 0.0 ms]
   [Code Root Migration: 0.0 ms]
   [Clear CT: 0.1 ms]
   [Other: 0.5 ms]
      [Choose CSet: 0.0 ms]
      [Ref Proc: 0.1 ms]
      [Ref Enq: 0.0 ms]
      [Free CSet: 0.2 ms]
   [Eden: 130.0M(130.0M)->0.0B(141.0M) Survivors: 12.0M->18.0M Heap: 276.5M(512.0M)->191.4M(512.0M)]
 [Times: user=0.05 sys=0.00, real=0.04 secs] 
2014-07-10T12:29:51.257+0200: 104.430: [GC pause (G1 Evacuation Pause) (young), 0.0043243 secs]
   [Parallel Time: 3.7 ms, GC Workers: 2]
      [GC Worker Start (ms): Min: 104429.7, Avg: 104429.7, Max: 104429.7, Diff: 0.0]
      [Ext Root Scanning (ms): Min: 0.2, Avg: 0.2, Max: 0.2, Diff: 0.0, Sum: 0.5]
      [Update RS (ms): Min: 0.1, Avg: 0.1, Max: 0.1, Diff: 0.0, Sum: 0.1]
         [Processed Buffers: Min: 1, Avg: 1.5, Max: 2, Diff: 1, Sum: 3]
      [Scan RS (ms): Min: 0.2, Avg: 0.2, Max: 0.2, Diff: 0.0, Sum: 0.5]
      [Code Root Scanning (ms): Min: 0.1, Avg: 0.1, Max: 0.1, Diff: 0.0, Sum: 0.2]
      [Object Copy (ms): Min: 3.0, Avg: 3.0, Max: 3.0, Diff: 0.0, Sum: 5.9]
      [Termination (ms): Min: 0.0, Avg: 0.0, Max: 0.0, Diff: 0.0, Sum: 0.0]
      [GC Worker Other (ms): Min: 0.0, Avg: 0.0, Max: 0.0, Diff: 0.0, Sum: 0.1]
      [GC Worker Total (ms): Min: 3.7, Avg: 3.7, Max: 3.7, Diff: 0.0, Sum: 7.3]
      [GC Worker End (ms): Min: 104433.4, Avg: 104433.4, Max: 104433.4, Diff: 0.0]
   [Code Root Fixup: 0.0 ms]
   [Code Root Migration: 0.0 ms]
   [Clear CT: 0.1 ms]
   [Other: 0.5 ms]
      [Choose CSet: 0.0 ms]
      [Ref Proc: 0.1 ms]
      [Ref Enq: 0.0 ms]
      [Free CSet: 0.3 ms]
   [Eden: 141.0M(141.0M)->0.0B(128.0M) Survivors: 18.0M->5120.0K Heap: 332.4M(512.0M)->178.2M(512.0M)]
 [Times: user=0.00 sys=0.00, real=0.01 secs] 
2014-07-10T12:29:51.396+0200: 104.568: [GC pause (G1 Evacuation Pause) (young), 0.0018302 secs]
   [Parallel Time: 1.2 ms, GC Workers: 2]
      [GC Worker Start (ms): Min: 104568.5, Avg: 104568.5, Max: 104568.5, Diff: 0.0]
      [Ext Root Scanning (ms): Min: 0.4, Avg: 0.4, Max: 0.4, Diff: 0.0, Sum: 0.7]
      [Update RS (ms): Min: 0.0, Avg: 0.1, Max: 0.1, Diff: 0.1, Sum: 0.1]
         [Processed Buffers: Min: 1, Avg: 1.5, Max: 2, Diff: 1, Sum: 3]
      [Scan RS (ms): Min: 0.2, Avg: 0.3, Max: 0.3, Diff: 0.0, Sum: 0.5]
      [Code Root Scanning (ms): Min: 0.1, Avg: 0.1, Max: 0.1, Diff: 0.0, Sum: 0.2]
      [Object Copy (ms): Min: 0.4, Avg: 0.4, Max: 0.4, Diff: 0.0, Sum: 0.8]
      [Termination (ms): Min: 0.0, Avg: 0.0, Max: 0.0, Diff: 0.0, Sum: 0.0]
      [GC Worker Other (ms): Min: 0.0, Avg: 0.0, Max: 0.0, Diff: 0.0, Sum: 0.1]
      [GC Worker Total (ms): Min: 1.2, Avg: 1.2, Max: 1.2, Diff: 0.0, Sum: 2.4]
      [GC Worker End (ms): Min: 104569.6, Avg: 104569.6, Max: 104569.6, Diff: 0.0]
   [Code Root Fixup: 0.0 ms]
   [Code Root Migration: 0.0 ms]
   [Clear CT: 0.1 ms]
   [Other: 0.4 ms]
      [Choose CSet: 0.0 ms]
      [Ref Proc: 0.1 ms]
      [Ref Enq: 0.0 ms]
      [Free CSet: 0.2 ms]
   [Eden: 128.0M(128.0M)->0.0B(117.0M) Survivors: 5120.0K->1024.0K Heap: 306.2M(512.0M)->174.2M(512.0M)]
 [Times: user=0.00 sys=0.00, real=0.00 secs] 
2014-07-10T12:29:51.479+0200: 104.652: [GC pause (G1 Evacuation Pause) (young), 0.0332606 secs]
   [Parallel Time: 32.6 ms, GC Workers: 2]
      [GC Worker Start (ms): Min: 104651.7, Avg: 104651.7, Max: 104651.7, Diff: 0.0]
      [Ext Root Scanning (ms): Min: 0.3, Avg: 0.3, Max: 0.3, Diff: 0.0, Sum: 0.7]
      [Update RS (ms): Min: 0.0, Avg: 0.0, Max: 0.0, Diff: 0.0, Sum: 0.1]
         [Processed Buffers: Min: 1, Avg: 1.5, Max: 2, Diff: 1, Sum: 3]
      [Scan RS (ms): Min: 0.2, Avg: 0.2, Max: 0.2, Diff: 0.0, Sum: 0.4]
      [Code Root Scanning (ms): Min: 0.1, Avg: 0.1, Max: 0.1, Diff: 0.0, Sum: 0.2]
      [Object Copy (ms): Min: 31.7, Avg: 31.8, Max: 31.9, Diff: 0.2, Sum: 63.5]
      [Termination (ms): Min: 0.0, Avg: 0.1, Max: 0.3, Diff: 0.3, Sum: 0.3]
      [GC Worker Other (ms): Min: 0.0, Avg: 0.0, Max: 0.0, Diff: 0.0, Sum: 0.1]
      [GC Worker Total (ms): Min: 32.5, Avg: 32.6, Max: 32.6, Diff: 0.1, Sum: 65.1]
      [GC Worker End (ms): Min: 104684.2, Avg: 104684.3, Max: 104684.3, Diff: 0.1]
   [Code Root Fixup: 0.0 ms]
   [Code Root Migration: 0.0 ms]
   [Clear CT: 0.2 ms]
   [Other: 0.4 ms]
      [Choose CSet: 0.0 ms]
      [Ref Proc: 0.1 ms]
      [Ref Enq: 0.0 ms]
      [Free CSet: 0.2 ms]
   [Eden: 117.0M(117.0M)->0.0B(119.0M) Survivors: 1024.0K->15.0M Heap: 291.2M(512.0M)->225.1M(512.0M)]
 [Times: user=0.06 sys=0.00, real=0.03 secs] 
2014-07-10T12:29:51.615+0200: 104.788: [GC pause (G1 Evacuation Pause) (young), 0.0204155 secs]
   [Parallel Time: 19.7 ms, GC Workers: 2]
      [GC Worker Start (ms): Min: 104787.9, Avg: 104787.9, Max: 104787.9, Diff: 0.0]
      [Ext Root Scanning (ms): Min: 0.4, Avg: 0.5, Max: 0.5, Diff: 0.1, Sum: 1.0]
      [Update RS (ms): Min: 0.0, Avg: 0.0, Max: 0.1, Diff: 0.1, Sum: 0.1]
         [Processed Buffers: Min: 0, Avg: 2.0, Max: 4, Diff: 4, Sum: 4]
      [Scan RS (ms): Min: 0.2, Avg: 0.2, Max: 0.2, Diff: 0.0, Sum: 0.4]
      [Code Root Scanning (ms): Min: 0.1, Avg: 0.1, Max: 0.1, Diff: 0.0, Sum: 0.2]
      [Object Copy (ms): Min: 18.8, Avg: 18.8, Max: 18.8, Diff: 0.0, Sum: 37.6]
      [Termination (ms): Min: 0.0, Avg: 0.0, Max: 0.0, Diff: 0.0, Sum: 0.0]
      [GC Worker Other (ms): Min: 0.0, Avg: 0.0, Max: 0.0, Diff: 0.0, Sum: 0.1]
      [GC Worker Total (ms): Min: 19.6, Avg: 19.6, Max: 19.6, Diff: 0.0, Sum: 39.3]
      [GC Worker End (ms): Min: 104807.6, Avg: 104807.6, Max: 104807.6, Diff: 0.0]
   [Code Root Fixup: 0.0 ms]
   [Code Root Migration: 0.0 ms]
   [Clear CT: 0.1 ms]
   [Other: 0.6 ms]
      [Choose CSet: 0.0 ms]
      [Ref Proc: 0.2 ms]
      [Ref Enq: 0.0 ms]
      [Free CSet: 0.2 ms]
   [Eden: 119.0M(119.0M)->0.0B(113.0M) Survivors: 15.0M->17.0M Heap: 344.1M(512.0M)->240.6M(512.0M)]
 [Times: user=0.03 sys=0.00, real=0.02 secs] 
2014-07-10T12:29:51.764+0200: 104.937: [GC pause (G1 Evacuation Pause) (young), 0.0140055 secs]
   [Parallel Time: 12.7 ms, GC Workers: 2]
      [GC Worker Start (ms): Min: 104937.1, Avg: 104937.1, Max: 104937.1, Diff: 0.0]
      [Ext Root Scanning (ms): Min: 0.6, Avg: 0.6, Max: 0.6, Diff: 0.0, Sum: 1.2]
      [Update RS (ms): Min: 0.0, Avg: 0.1, Max: 0.1, Diff: 0.1, Sum: 0.1]
         [Processed Buffers: Min: 1, Avg: 1.0, Max: 1, Diff: 0, Sum: 2]
      [Scan RS (ms): Min: 0.4, Avg: 0.5, Max: 0.6, Diff: 0.2, Sum: 1.0]
      [Code Root Scanning (ms): Min: 0.1, Avg: 0.1, Max: 0.2, Diff: 0.1, Sum: 0.3]
      [Object Copy (ms): Min: 11.3, Avg: 11.3, Max: 11.3, Diff: 0.0, Sum: 22.6]
      [Termination (ms): Min: 0.0, Avg: 0.0, Max: 0.0, Diff: 0.0, Sum: 0.0]
      [GC Worker Other (ms): Min: 0.0, Avg: 0.0, Max: 0.1, Diff: 0.0, Sum: 0.1]
      [GC Worker Total (ms): Min: 12.6, Avg: 12.6, Max: 12.6, Diff: 0.0, Sum: 25.3]
      [GC Worker End (ms): Min: 104949.7, Avg: 104949.7, Max: 104949.7, Diff: 0.0]
   [Code Root Fixup: 0.0 ms]
   [Code Root Migration: 0.1 ms]
   [Clear CT: 0.3 ms]
   [Other: 0.9 ms]
      [Choose CSet: 0.0 ms]
      [Ref Proc: 0.1 ms]
      [Ref Enq: 0.0 ms]
      [Free CSet: 0.5 ms]
   [Eden: 113.0M(113.0M)->0.0B(104.0M) Survivors: 17.0M->12.0M Heap: 353.6M(512.0M)->234.9M(512.0M)]
 [Times: user=0.00 sys=0.02, real=0.02 secs] 
2014-07-10T12:29:51.835+0200: 105.008: [GC pause (G1 Evacuation Pause) (young), 0.0359645 secs]
   [Parallel Time: 35.5 ms, GC Workers: 2]
      [GC Worker Start (ms): Min: 105008.1, Avg: 105008.1, Max: 105008.1, Diff: 0.0]
      [Ext Root Scanning (ms): Min: 0.3, Avg: 0.3, Max: 0.3, Diff: 0.0, Sum: 0.6]
      [Update RS (ms): Min: 0.0, Avg: 0.0, Max: 0.1, Diff: 0.1, Sum: 0.1]
         [Processed Buffers: Min: 1, Avg: 1.0, Max: 1, Diff: 0, Sum: 2]
      [Scan RS (ms): Min: 0.2, Avg: 0.2, Max: 0.2, Diff: 0.0, Sum: 0.4]
      [Code Root Scanning (ms): Min: 0.1, Avg: 0.1, Max: 0.1, Diff: 0.0, Sum: 0.2]
      [Object Copy (ms): Min: 30.6, Avg: 32.7, Max: 34.8, Diff: 4.2, Sum: 65.3]
      [Termination (ms): Min: 0.0, Avg: 2.1, Max: 4.3, Diff: 4.3, Sum: 4.3]
      [GC Worker Other (ms): Min: 0.0, Avg: 0.0, Max: 0.0, Diff: 0.0, Sum: 0.0]
      [GC Worker Total (ms): Min: 35.4, Avg: 35.4, Max: 35.4, Diff: 0.0, Sum: 70.9]
      [GC Worker End (ms): Min: 105043.5, Avg: 105043.5, Max: 105043.5, Diff: 0.0]
   [Code Root Fixup: 0.0 ms]
   [Code Root Migration: 0.0 ms]
   [Clear CT: 0.1 ms]
   [Other: 0.4 ms]
      [Choose CSet: 0.0 ms]
      [Ref Proc: 0.0 ms]
      [Ref Enq: 0.0 ms]
      [Free CSet: 0.2 ms]
   [Eden: 104.0M(104.0M)->0.0B(122.0M) Survivors: 12.0M->15.0M Heap: 338.9M(512.0M)->272.8M(512.0M)]
 [Times: user=0.06 sys=0.00, real=0.04 secs] 
2014-07-10T12:29:51.973+0200: 105.146: [GC pause (G1 Evacuation Pause) (young) (initial-mark), 0.0254768 secs]
   [Parallel Time: 24.7 ms, GC Workers: 2]
      [GC Worker Start (ms): Min: 105146.1, Avg: 105146.1, Max: 105146.1, Diff: 0.0]
      [Ext Root Scanning (ms): Min: 0.4, Avg: 0.4, Max: 0.4, Diff: 0.0, Sum: 0.8]
      [Code Root Marking (ms): Min: 0.1, Avg: 0.1, Max: 0.1, Diff: 0.0, Sum: 0.1]
      [Update RS (ms): Min: 0.0, Avg: 0.0, Max: 0.0, Diff: 0.0, Sum: 0.0]
         [Processed Buffers: Min: 1, Avg: 1.5, Max: 2, Diff: 1, Sum: 3]
      [Scan RS (ms): Min: 0.2, Avg: 0.2, Max: 0.2, Diff: 0.0, Sum: 0.4]
      [Code Root Scanning (ms): Min: 0.1, Avg: 0.1, Max: 0.1, Diff: 0.0, Sum: 0.2]
      [Object Copy (ms): Min: 23.9, Avg: 23.9, Max: 23.9, Diff: 0.0, Sum: 47.8]
      [Termination (ms): Min: 0.0, Avg: 0.0, Max: 0.0, Diff: 0.0, Sum: 0.0]
      [GC Worker Other (ms): Min: 0.0, Avg: 0.0, Max: 0.0, Diff: 0.0, Sum: 0.1]
      [GC Worker Total (ms): Min: 24.7, Avg: 24.7, Max: 24.7, Diff: 0.0, Sum: 49.4]
      [GC Worker End (ms): Min: 105170.8, Avg: 105170.8, Max: 105170.8, Diff: 0.0]
   [Code Root Fixup: 0.0 ms]
   [Code Root Migration: 0.0 ms]
   [Clear CT: 0.1 ms]
   [Other: 0.6 ms]
      [Choose CSet: 0.0 ms]
      [Ref Proc: 0.1 ms]
      [Ref Enq: 0.0 ms]
      [Free CSet: 0.2 ms]
   [Eden: 122.0M(122.0M)->0.0B(117.0M) Survivors: 15.0M->18.0M Heap: 394.8M(512.0M)->297.0M(512.0M)]
 [Times: user=0.06 sys=0.00, real=0.03 secs] 
2014-07-10T12:29:51.999+0200: 105.172: [GC concurrent-root-region-scan-start]
2014-07-10T12:29:51.999+0200: 105.172: [GC concurrent-root-region-scan-end, 0.0003289 secs]
2014-07-10T12:29:51.999+0200: 105.172: [GC concurrent-mark-start]
2014-07-10T12:29:52.059+0200: 105.232: [GC pause (G1 Evacuation Pause) (young), 0.0068720 secs]
   [Parallel Time: 6.1 ms, GC Workers: 2]
      [GC Worker Start (ms): Min: 105231.8, Avg: 105231.8, Max: 105231.8, Diff: 0.0]
      [Ext Root Scanning (ms): Min: 0.4, Avg: 0.4, Max: 0.4, Diff: 0.0, Sum: 0.7]
      [SATB Filtering (ms): Min: 0.0, Avg: 0.0, Max: 0.0, Diff: 0.0, Sum: 0.0]
      [Update RS (ms): Min: 0.1, Avg: 0.1, Max: 0.1, Diff: 0.1, Sum: 0.2]
         [Processed Buffers: Min: 2, Avg: 2.0, Max: 2, Diff: 0, Sum: 4]
      [Scan RS (ms): Min: 0.2, Avg: 0.3, Max: 0.4, Diff: 0.1, Sum: 0.6]
      [Code Root Scanning (ms): Min: 0.1, Avg: 0.1, Max: 0.1, Diff: 0.0, Sum: 0.2]
      [Object Copy (ms): Min: 5.1, Avg: 5.2, Max: 5.2, Diff: 0.1, Sum: 10.4]
      [Termination (ms): Min: 0.0, Avg: 0.0, Max: 0.0, Diff: 0.0, Sum: 0.0]
      [GC Worker Other (ms): Min: 0.0, Avg: 0.0, Max: 0.0, Diff: 0.0, Sum: 0.1]
      [GC Worker Total (ms): Min: 6.1, Avg: 6.1, Max: 6.1, Diff: 0.0, Sum: 12.2]
      [GC Worker End (ms): Min: 105237.9, Avg: 105237.9, Max: 105237.9, Diff: 0.0]
   [Code Root Fixup: 0.0 ms]
   [Code Root Migration: 0.0 ms]
   [Clear CT: 0.2 ms]
   [Other: 0.5 ms]
      [Choose CSet: 0.0 ms]
      [Ref Proc: 0.0 ms]
      [Ref Enq: 0.0 ms]
      [Free CSet: 0.3 ms]
   [Eden: 117.0M(117.0M)->0.0B(134.0M) Survivors: 18.0M->8192.0K Heap: 414.0M(512.0M)->286.8M(512.0M)]
 [Times: user=0.03 sys=0.00, real=0.01 secs] 
2014-07-10T12:29:52.079+0200: 105.251: [GC concurrent-mark-end, 0.0063742 secs]
2014-07-10T12:29:52.079+0200: 105.251: [GC remark 105.251: [GC ref-proc, 0.0000634 secs], 0.0013375 secs]
 [Times: user=0.00 sys=0.00, real=0.00 secs] 
2014-07-10T12:29:52.159+0200: 105.331: [GC cleanup 350M->151M(512M), 0.0028450 secs]
 [Times: user=0.00 sys=0.00, real=0.00 secs] 
2014-07-10T12:29:52.162+0200: 105.334: [GC concurrent-cleanup-start]
2014-07-10T12:29:52.163+0200: 105.335: [GC concurrent-cleanup-end, 0.0010115 secs]
2014-07-10T12:29:52.210+0200: 105.383: [GC pause (G1 Evacuation Pause) (young), 0.0076280 secs]
   [Parallel Time: 7.0 ms, GC Workers: 2]
      [GC Worker Start (ms): Min: 105382.8, Avg: 105382.8, Max: 105382.8, Diff: 0.0]
      [Ext Root Scanning (ms): Min: 0.4, Avg: 0.4, Max: 0.4, Diff: 0.0, Sum: 0.7]
      [Update RS (ms): Min: 0.0, Avg: 0.1, Max: 0.1, Diff: 0.1, Sum: 0.1]
         [Processed Buffers: Min: 1, Avg: 1.5, Max: 2, Diff: 1, Sum: 3]
      [Scan RS (ms): Min: 0.2, Avg: 0.2, Max: 0.2, Diff: 0.1, Sum: 0.4]
      [Code Root Scanning (ms): Min: 0.1, Avg: 0.1, Max: 0.1, Diff: 0.0, Sum: 0.2]
      [Object Copy (ms): Min: 6.2, Avg: 6.2, Max: 6.2, Diff: 0.0, Sum: 12.3]
      [Termination (ms): Min: 0.0, Avg: 0.0, Max: 0.0, Diff: 0.0, Sum: 0.0]
      [GC Worker Other (ms): Min: 0.0, Avg: 0.0, Max: 0.0, Diff: 0.0, Sum: 0.1]
      [GC Worker Total (ms): Min: 6.9, Avg: 6.9, Max: 7.0, Diff: 0.0, Sum: 13.9]
      [GC Worker End (ms): Min: 105389.8, Avg: 105389.8, Max: 105389.8, Diff: 0.0]
   [Code Root Fixup: 0.0 ms]
   [Code Root Migration: 0.0 ms]
   [Clear CT: 0.1 ms]
   [Other: 0.4 ms]
      [Choose CSet: 0.0 ms]
      [Ref Proc: 0.0 ms]
      [Ref Enq: 0.0 ms]
      [Free CSet: 0.2 ms]
   [Eden: 134.0M(134.0M)->0.0B(121.0M) Survivors: 8192.0K->10.0M Heap: 221.8M(512.0M)->89.7M(512.0M)]
 [Times: user=0.02 sys=0.00, real=0.01 secs] 
2014-07-10T12:29:52.286+0200: 105.458: [GC pause (G1 Evacuation Pause) (mixed), 0.0409158 secs]
   [Parallel Time: 40.3 ms, GC Workers: 2]
      [GC Worker Start (ms): Min: 105458.2, Avg: 105458.2, Max: 105458.2, Diff: 0.0]
      [Ext Root Scanning (ms): Min: 0.3, Avg: 0.3, Max: 0.3, Diff: 0.0, Sum: 0.7]
      [Update RS (ms): Min: 0.0, Avg: 0.1, Max: 0.1, Diff: 0.1, Sum: 0.1]
         [Processed Buffers: Min: 1, Avg: 1.5, Max: 2, Diff: 1, Sum: 3]
      [Scan RS (ms): Min: 0.2, Avg: 0.2, Max: 0.3, Diff: 0.1, Sum: 0.5]
      [Code Root Scanning (ms): Min: 0.1, Avg: 0.1, Max: 0.1, Diff: 0.0, Sum: 0.2]
      [Object Copy (ms): Min: 39.5, Avg: 39.5, Max: 39.5, Diff: 0.0, Sum: 79.0]
      [Termination (ms): Min: 0.0, Avg: 0.0, Max: 0.0, Diff: 0.0, Sum: 0.0]
      [GC Worker Other (ms): Min: 0.0, Avg: 0.0, Max: 0.0, Diff: 0.0, Sum: 0.1]
      [GC Worker Total (ms): Min: 40.3, Avg: 40.3, Max: 40.3, Diff: 0.0, Sum: 80.6]
      [GC Worker End (ms): Min: 105498.5, Avg: 105498.5, Max: 105498.5, Diff: 0.0]
   [Code Root Fixup: 0.0 ms]
   [Code Root Migration: 0.0 ms]
   [Clear CT: 0.1 ms]
   [Other: 0.4 ms]
      [Choose CSet: 0.0 ms]
      [Ref Proc: 0.1 ms]
      [Ref Enq: 0.0 ms]
      [Free CSet: 0.2 ms]
   [Eden: 121.0M(121.0M)->0.0B(132.0M) Survivors: 10.0M->17.0M Heap: 210.7M(512.0M)->138.8M(512.0M)]
 [Times: user=0.08 sys=0.00, real=0.04 secs] 
2014-07-10T12:29:52.418+0200: 105.590: [GC pause (G1 Evacuation Pause) (young), 0.0408656 secs]
   [Parallel Time: 40.2 ms, GC Workers: 2]
      [GC Worker Start (ms): Min: 105590.2, Avg: 105590.2, Max: 105590.2, Diff: 0.0]
      [Ext Root Scanning (ms): Min: 0.3, Avg: 0.3, Max: 0.3, Diff: 0.0, Sum: 0.7]
      [Update RS (ms): Min: 0.0, Avg: 0.1, Max: 0.1, Diff: 0.1, Sum: 0.2]
         [Processed Buffers: Min: 1, Avg: 1.5, Max: 2, Diff: 1, Sum: 3]
      [Scan RS (ms): Min: 0.2, Avg: 0.2, Max: 0.3, Diff: 0.1, Sum: 0.5]
      [Code Root Scanning (ms): Min: 0.1, Avg: 0.1, Max: 0.1, Diff: 0.0, Sum: 0.2]
      [Object Copy (ms): Min: 39.4, Avg: 39.4, Max: 39.4, Diff: 0.0, Sum: 78.7]
      [Termination (ms): Min: 0.0, Avg: 0.0, Max: 0.0, Diff: 0.0, Sum: 0.0]
      [GC Worker Other (ms): Min: 0.0, Avg: 0.0, Max: 0.0, Diff: 0.0, Sum: 0.1]
      [GC Worker Total (ms): Min: 40.2, Avg: 40.2, Max: 40.2, Diff: 0.0, Sum: 80.3]
      [GC Worker End (ms): Min: 105630.3, Avg: 105630.3, Max: 105630.3, Diff: 0.0]
   [Code Root Fixup: 0.0 ms]
   [Code Root Migration: 0.0 ms]
   [Clear CT: 0.1 ms]
   [Other: 0.5 ms]
      [Choose CSet: 0.0 ms]
      [Ref Proc: 0.0 ms]
      [Ref Enq: 0.0 ms]
      [Free CSet: 0.3 ms]
   [Eden: 132.0M(132.0M)->0.0B(129.0M) Survivors: 17.0M->19.0M Heap: 270.8M(512.0M)->186.3M(512.0M)]
 [Times: user=0.09 sys=0.00, real=0.04 secs] 
2014-07-10T12:29:52.580+0200: 105.752: [GC pause (G1 Evacuation Pause) (young), 0.0344155 secs]
   [Parallel Time: 33.5 ms, GC Workers: 2]
      [GC Worker Start (ms): Min: 105752.4, Avg: 105752.4, Max: 105752.4, Diff: 0.0]
      [Ext Root Scanning (ms): Min: 0.3, Avg: 0.3, Max: 0.3, Diff: 0.0, Sum: 0.7]
      [Update RS (ms): Min: 0.0, Avg: 0.0, Max: 0.1, Diff: 0.0, Sum: 0.1]
         [Processed Buffers: Min: 2, Avg: 2.0, Max: 2, Diff: 0, Sum: 4]
      [Scan RS (ms): Min: 0.3, Avg: 0.3, Max: 0.3, Diff: 0.0, Sum: 0.5]
      [Code Root Scanning (ms): Min: 0.1, Avg: 0.1, Max: 0.1, Diff: 0.0, Sum: 0.2]
      [Object Copy (ms): Min: 32.7, Avg: 32.7, Max: 32.7, Diff: 0.0, Sum: 65.4]
      [Termination (ms): Min: 0.0, Avg: 0.0, Max: 0.0, Diff: 0.0, Sum: 0.0]
      [GC Worker Other (ms): Min: 0.0, Avg: 0.0, Max: 0.0, Diff: 0.0, Sum: 0.1]
      [GC Worker Total (ms): Min: 33.5, Avg: 33.5, Max: 33.5, Diff: 0.0, Sum: 66.9]
      [GC Worker End (ms): Min: 105785.8, Avg: 105785.8, Max: 105785.8, Diff: 0.0]
   [Code Root Fixup: 0.0 ms]
   [Code Root Migration: 0.0 ms]
   [Clear CT: 0.1 ms]
   [Other: 0.7 ms]
      [Choose CSet: 0.0 ms]
      [Ref Proc: 0.3 ms]
      [Ref Enq: 0.0 ms]
      [Free CSet: 0.2 ms]
   [Eden: 129.0M(129.0M)->0.0B(119.0M) Survivors: 19.0M->19.0M Heap: 315.3M(512.0M)->220.7M(512.0M)]
 [Times: user=0.06 sys=0.00, real=0.03 secs] 
2014-07-10T12:29:52.675+0200: 105.848: [GC pause (G1 Evacuation Pause) (young), 0.0261998 secs]
   [Parallel Time: 25.4 ms, GC Workers: 2]
      [GC Worker Start (ms): Min: 105847.6, Avg: 105847.6, Max: 105847.6, Diff: 0.0]
      [Ext Root Scanning (ms): Min: 0.3, Avg: 0.3, Max: 0.3, Diff: 0.0, Sum: 0.7]
      [Update RS (ms): Min: 0.0, Avg: 0.0, Max: 0.1, Diff: 0.0, Sum: 0.1]
         [Processed Buffers: Min: 1, Avg: 1.5, Max: 2, Diff: 1, Sum: 3]
      [Scan RS (ms): Min: 0.2, Avg: 0.2, Max: 0.2, Diff: 0.0, Sum: 0.4]
      [Code Root Scanning (ms): Min: 0.1, Avg: 0.1, Max: 0.1, Diff: 0.0, Sum: 0.2]
      [Object Copy (ms): Min: 24.7, Avg: 24.7, Max: 24.7, Diff: 0.0, Sum: 49.3]
      [Termination (ms): Min: 0.0, Avg: 0.0, Max: 0.0, Diff: 0.0, Sum: 0.0]
      [GC Worker Other (ms): Min: 0.0, Avg: 0.0, Max: 0.0, Diff: 0.0, Sum: 0.1]
      [GC Worker Total (ms): Min: 25.4, Avg: 25.4, Max: 25.4, Diff: 0.0, Sum: 50.8]
      [GC Worker End (ms): Min: 105873.0, Avg: 105873.0, Max: 105873.0, Diff: 0.0]
   [Code Root Fixup: 0.0 ms]
   [Code Root Migration: 0.0 ms]
   [Clear CT: 0.1 ms]
   [Other: 0.6 ms]
      [Choose CSet: 0.0 ms]
      [Ref Proc: 0.2 ms]
      [Ref Enq: 0.0 ms]
      [Free CSet: 0.2 ms]
   [Eden: 119.0M(119.0M)->0.0B(136.0M) Survivors: 19.0M->18.0M Heap: 339.7M(512.0M)->241.9M(512.0M)]
 [Times: user=0.05 sys=0.00, real=0.03 secs] 
2014-07-10T12:29:52.835+0200: 106.007: [GC pause (G1 Evacuation Pause) (young), 0.0294987 secs]
   [Parallel Time: 28.1 ms, GC Workers: 2]
      [GC Worker Start (ms): Min: 106007.5, Avg: 106007.5, Max: 106007.5, Diff: 0.0]
      [Ext Root Scanning (ms): Min: 0.3, Avg: 0.4, Max: 0.4, Diff: 0.0, Sum: 0.7]
      [Update RS (ms): Min: 0.0, Avg: 0.0, Max: 0.0, Diff: 0.0, Sum: 0.1]
         [Processed Buffers: Min: 1, Avg: 1.5, Max: 2, Diff: 1, Sum: 3]
      [Scan RS (ms): Min: 0.3, Avg: 0.3, Max: 0.3, Diff: 0.0, Sum: 0.6]
      [Code Root Scanning (ms): Min: 0.1, Avg: 0.1, Max: 0.1, Diff: 0.0, Sum: 0.2]
      [Object Copy (ms): Min: 27.3, Avg: 27.3, Max: 27.3, Diff: 0.0, Sum: 54.5]
      [Termination (ms): Min: 0.0, Avg: 0.0, Max: 0.0, Diff: 0.0, Sum: 0.0]
      [GC Worker Other (ms): Min: 0.0, Avg: 0.0, Max: 0.0, Diff: 0.0, Sum: 0.1]
      [GC Worker Total (ms): Min: 28.1, Avg: 28.1, Max: 28.1, Diff: 0.0, Sum: 56.2]
      [GC Worker End (ms): Min: 106035.6, Avg: 106035.6, Max: 106035.6, Diff: 0.0]
   [Code Root Fixup: 0.0 ms]
   [Code Root Migration: 0.0 ms]
   [Clear CT: 0.1 ms]
   [Other: 1.2 ms]
      [Choose CSet: 0.0 ms]
      [Ref Proc: 0.8 ms]
      [Ref Enq: 0.0 ms]
      [Free CSet: 0.2 ms]
   [Eden: 136.0M(136.0M)->0.0B(124.0M) Survivors: 18.0M->20.0M Heap: 377.9M(512.0M)->268.0M(512.0M)]
 [Times: user=0.06 sys=0.00, real=0.03 secs] 
2014-07-10T12:29:52.987+0200: 106.160: [GC pause (G1 Evacuation Pause) (young) (initial-mark), 0.0250669 secs]
   [Parallel Time: 24.2 ms, GC Workers: 2]
      [GC Worker Start (ms): Min: 106160.0, Avg: 106160.0, Max: 106160.1, Diff: 0.0]
      [Ext Root Scanning (ms): Min: 0.6, Avg: 0.6, Max: 0.7, Diff: 0.0, Sum: 1.3]
      [Code Root Marking (ms): Min: 0.1, Avg: 0.1, Max: 0.1, Diff: 0.1, Sum: 0.2]
      [Update RS (ms): Min: 0.0, Avg: 0.0, Max: 0.0, Diff: 0.0, Sum: 0.1]
         [Processed Buffers: Min: 1, Avg: 1.5, Max: 2, Diff: 1, Sum: 3]
      [Scan RS (ms): Min: 0.4, Avg: 0.4, Max: 0.4, Diff: 0.0, Sum: 0.7]
      [Code Root Scanning (ms): Min: 0.1, Avg: 0.1, Max: 0.1, Diff: 0.0, Sum: 0.3]
      [Object Copy (ms): Min: 22.6, Avg: 22.7, Max: 22.7, Diff: 0.1, Sum: 45.3]
      [Termination (ms): Min: 0.0, Avg: 0.0, Max: 0.0, Diff: 0.0, Sum: 0.0]
      [GC Worker Other (ms): Min: 0.0, Avg: 0.1, Max: 0.1, Diff: 0.0, Sum: 0.1]
      [GC Worker Total (ms): Min: 24.0, Avg: 24.0, Max: 24.0, Diff: 0.1, Sum: 48.0]
      [GC Worker End (ms): Min: 106184.0, Avg: 106184.1, Max: 106184.1, Diff: 0.0]
   [Code Root Fixup: 0.0 ms]
   [Code Root Migration: 0.0 ms]
   [Clear CT: 0.1 ms]
   [Other: 0.7 ms]
      [Choose CSet: 0.0 ms]
      [Ref Proc: 0.1 ms]
      [Ref Enq: 0.0 ms]
      [Free CSet: 0.3 ms]
   [Eden: 124.0M(124.0M)->0.0B(114.0M) Survivors: 20.0M->18.0M Heap: 392.0M(512.0M)->283.9M(512.0M)]
 [Times: user=0.03 sys=0.02, real=0.03 secs] 
2014-07-10T12:29:53.013+0200: 106.185: [GC concurrent-root-region-scan-start]
2014-07-10T12:29:53.013+0200: 106.185: [GC concurrent-root-region-scan-end, 0.0003575 secs]
2014-07-10T12:29:53.013+0200: 106.185: [GC concurrent-mark-start]
2014-07-10T12:29:53.070+0200: 106.243: [GC pause (G1 Evacuation Pause) (young), 0.0044076 secs]
   [Parallel Time: 3.8 ms, GC Workers: 2]
      [GC Worker Start (ms): Min: 106243.0, Avg: 106243.0, Max: 106243.0, Diff: 0.0]
      [Ext Root Scanning (ms): Min: 0.4, Avg: 0.4, Max: 0.4, Diff: 0.0, Sum: 0.7]
      [SATB Filtering (ms): Min: 0.0, Avg: 0.0, Max: 0.0, Diff: 0.0, Sum: 0.0]
      [Update RS (ms): Min: 0.0, Avg: 0.1, Max: 0.1, Diff: 0.0, Sum: 0.1]
         [Processed Buffers: Min: 2, Avg: 2.0, Max: 2, Diff: 0, Sum: 4]
      [Scan RS (ms): Min: 0.2, Avg: 0.2, Max: 0.2, Diff: 0.0, Sum: 0.4]
      [Code Root Scanning (ms): Min: 0.1, Avg: 0.1, Max: 0.1, Diff: 0.0, Sum: 0.2]
      [Object Copy (ms): Min: 3.0, Avg: 3.0, Max: 3.0, Diff: 0.0, Sum: 6.0]
      [Termination (ms): Min: 0.0, Avg: 0.0, Max: 0.0, Diff: 0.0, Sum: 0.0]
      [GC Worker Other (ms): Min: 0.0, Avg: 0.0, Max: 0.0, Diff: 0.0, Sum: 0.1]
      [GC Worker Total (ms): Min: 3.8, Avg: 3.8, Max: 3.8, Diff: 0.0, Sum: 7.5]
      [GC Worker End (ms): Min: 106246.7, Avg: 106246.7, Max: 106246.7, Diff: 0.0]
   [Code Root Fixup: 0.0 ms]
   [Code Root Migration: 0.0 ms]
   [Clear CT: 0.1 ms]
   [Other: 0.5 ms]
      [Choose CSet: 0.0 ms]
      [Ref Proc: 0.1 ms]
      [Ref Enq: 0.0 ms]
      [Free CSet: 0.3 ms]
   [Eden: 114.0M(114.0M)->0.0B(133.0M) Survivors: 18.0M->5120.0K Heap: 397.9M(512.0M)->270.7M(512.0M)]
 [Times: user=0.00 sys=0.00, real=0.01 secs] 
2014-07-10T12:29:53.092+0200: 106.264: [GC concurrent-mark-end, 0.0072372 secs]
2014-07-10T12:29:53.093+0200: 106.266: [GC remark 106.266: [GC ref-proc, 0.0000627 secs], 0.0017917 secs]
 [Times: user=0.00 sys=0.00, real=0.00 secs] 
2014-07-10T12:29:53.174+0200: 106.346: [GC cleanup 353M->165M(512M), 0.0028659 secs]
 [Times: user=0.00 sys=0.00, real=0.00 secs] 
2014-07-10T12:29:53.177+0200: 106.349: [GC concurrent-cleanup-start]
2014-07-10T12:29:53.178+0200: 106.351: [GC concurrent-cleanup-end, 0.0014372 secs]
2014-07-10T12:29:53.215+0200: 106.388: [GC pause (G1 Evacuation Pause) (young), 0.0051786 secs]
   [Parallel Time: 4.5 ms, GC Workers: 2]
      [GC Worker Start (ms): Min: 106387.8, Avg: 106387.8, Max: 106387.8, Diff: 0.0]
      [Ext Root Scanning (ms): Min: 0.3, Avg: 0.3, Max: 0.3, Diff: 0.0, Sum: 0.7]
      [Update RS (ms): Min: 0.0, Avg: 0.1, Max: 0.1, Diff: 0.1, Sum: 0.1]
         [Processed Buffers: Min: 1, Avg: 1.5, Max: 2, Diff: 1, Sum: 3]
      [Scan RS (ms): Min: 0.2, Avg: 0.2, Max: 0.2, Diff: 0.0, Sum: 0.5]
      [Code Root Scanning (ms): Min: 0.1, Avg: 0.1, Max: 0.1, Diff: 0.0, Sum: 0.2]
      [Object Copy (ms): Min: 3.7, Avg: 3.7, Max: 3.7, Diff: 0.0, Sum: 7.3]
      [Termination (ms): Min: 0.0, Avg: 0.0, Max: 0.0, Diff: 0.0, Sum: 0.0]
      [GC Worker Other (ms): Min: 0.0, Avg: 0.0, Max: 0.0, Diff: 0.0, Sum: 0.1]
      [GC Worker Total (ms): Min: 4.4, Avg: 4.4, Max: 4.4, Diff: 0.0, Sum: 8.9]
      [GC Worker End (ms): Min: 106392.2, Avg: 106392.2, Max: 106392.2, Diff: 0.0]
   [Code Root Fixup: 0.0 ms]
   [Code Root Migration: 0.0 ms]
   [Clear CT: 0.1 ms]
   [Other: 0.6 ms]
      [Choose CSet: 0.0 ms]
      [Ref Proc: 0.2 ms]
      [Ref Enq: 0.0 ms]
      [Free CSet: 0.2 ms]
   [Eden: 133.0M(133.0M)->0.0B(121.0M) Survivors: 5120.0K->6144.0K Heap: 215.7M(512.0M)->83.6M(512.0M)]
 [Times: user=0.03 sys=0.00, real=0.01 secs] 
2014-07-10T12:29:53.284+0200: 106.457: [GC pause (G1 Evacuation Pause) (mixed), 0.0384411 secs]
   [Parallel Time: 37.9 ms, GC Workers: 2]
      [GC Worker Start (ms): Min: 106457.0, Avg: 106457.0, Max: 106457.0, Diff: 0.0]
      [Ext Root Scanning (ms): Min: 0.4, Avg: 0.4, Max: 0.4, Diff: 0.0, Sum: 0.7]
      [Update RS (ms): Min: 0.0, Avg: 0.0, Max: 0.1, Diff: 0.1, Sum: 0.1]
         [Processed Buffers: Min: 1, Avg: 1.5, Max: 2, Diff: 1, Sum: 3]
      [Scan RS (ms): Min: 0.2, Avg: 0.2, Max: 0.2, Diff: 0.0, Sum: 0.5]
      [Code Root Scanning (ms): Min: 0.1, Avg: 0.1, Max: 0.1, Diff: 0.0, Sum: 0.2]
      [Object Copy (ms): Min: 37.0, Avg: 37.1, Max: 37.1, Diff: 0.0, Sum: 74.1]
      [Termination (ms): Min: 0.0, Avg: 0.0, Max: 0.0, Diff: 0.0, Sum: 0.0]
      [GC Worker Other (ms): Min: 0.0, Avg: 0.0, Max: 0.0, Diff: 0.0, Sum: 0.1]
      [GC Worker Total (ms): Min: 37.8, Avg: 37.8, Max: 37.8, Diff: 0.0, Sum: 75.6]
      [GC Worker End (ms): Min: 106494.8, Avg: 106494.8, Max: 106494.8, Diff: 0.0]
   [Code Root Fixup: 0.0 ms]
   [Code Root Migration: 0.0 ms]
   [Clear CT: 0.1 ms]
   [Other: 0.4 ms]
      [Choose CSet: 0.0 ms]
      [Ref Proc: 0.1 ms]
      [Ref Enq: 0.0 ms]
      [Free CSet: 0.2 ms]
   [Eden: 121.0M(121.0M)->0.0B(135.0M) Survivors: 6144.0K->16.0M Heap: 204.6M(512.0M)->131.6M(512.0M)]
 [Times: user=0.06 sys=0.00, real=0.04 secs] 
2014-07-10T12:29:53.417+0200: 106.590: [GC pause (G1 Evacuation Pause) (young), 0.0399222 secs]
   [Parallel Time: 39.3 ms, GC Workers: 2]
      [GC Worker Start (ms): Min: 106590.1, Avg: 106590.1, Max: 106590.1, Diff: 0.0]
      [Ext Root Scanning (ms): Min: 0.3, Avg: 0.3, Max: 0.3, Diff: 0.0, Sum: 0.7]
      [Update RS (ms): Min: 0.0, Avg: 0.1, Max: 0.1, Diff: 0.0, Sum: 0.1]
         [Processed Buffers: Min: 1, Avg: 1.5, Max: 2, Diff: 1, Sum: 3]
      [Scan RS (ms): Min: 0.2, Avg: 0.2, Max: 0.3, Diff: 0.0, Sum: 0.5]
      [Code Root Scanning (ms): Min: 0.1, Avg: 0.1, Max: 0.1, Diff: 0.0, Sum: 0.2]
      [Object Copy (ms): Min: 38.5, Avg: 38.5, Max: 38.5, Diff: 0.0, Sum: 77.0]
      [Termination (ms): Min: 0.0, Avg: 0.0, Max: 0.0, Diff: 0.0, Sum: 0.0]
      [GC Worker Other (ms): Min: 0.0, Avg: 0.0, Max: 0.0, Diff: 0.0, Sum: 0.1]
      [GC Worker Total (ms): Min: 39.3, Avg: 39.3, Max: 39.3, Diff: 0.0, Sum: 78.6]
      [GC Worker End (ms): Min: 106629.4, Avg: 106629.4, Max: 106629.4, Diff: 0.0]
   [Code Root Fixup: 0.0 ms]
   [Code Root Migration: 0.0 ms]
   [Clear CT: 0.1 ms]
   [Other: 0.5 ms]
      [Choose CSet: 0.0 ms]
      [Ref Proc: 0.0 ms]
      [Ref Enq: 0.0 ms]
      [Free CSet: 0.3 ms]
   [Eden: 135.0M(135.0M)->0.0B(131.0M) Survivors: 16.0M->19.0M Heap: 266.6M(512.0M)->179.1M(512.0M)]
 [Times: user=0.09 sys=0.00, real=0.04 secs] 
2014-07-10T12:29:53.578+0200: 106.751: [GC pause (G1 Evacuation Pause) (young), 0.0320819 secs]
   [Parallel Time: 31.5 ms, GC Workers: 2]
      [GC Worker Start (ms): Min: 106750.8, Avg: 106750.8, Max: 106750.8, Diff: 0.0]
      [Ext Root Scanning (ms): Min: 0.3, Avg: 0.3, Max: 0.3, Diff: 0.0, Sum: 0.7]
      [Update RS (ms): Min: 0.1, Avg: 0.1, Max: 0.1, Diff: 0.0, Sum: 0.2]
         [Processed Buffers: Min: 1, Avg: 2.0, Max: 3, Diff: 2, Sum: 4]
      [Scan RS (ms): Min: 0.2, Avg: 0.2, Max: 0.2, Diff: 0.0, Sum: 0.5]
      [Code Root Scanning (ms): Min: 0.1, Avg: 0.1, Max: 0.1, Diff: 0.0, Sum: 0.2]
      [Object Copy (ms): Min: 30.6, Avg: 30.6, Max: 30.6, Diff: 0.0, Sum: 61.2]
      [Termination (ms): Min: 0.0, Avg: 0.0, Max: 0.0, Diff: 0.0, Sum: 0.0]
      [GC Worker Other (ms): Min: 0.0, Avg: 0.0, Max: 0.0, Diff: 0.0, Sum: 0.1]
      [GC Worker Total (ms): Min: 31.4, Avg: 31.4, Max: 31.4, Diff: 0.0, Sum: 62.8]
      [GC Worker End (ms): Min: 106782.2, Avg: 106782.2, Max: 106782.2, Diff: 0.0]
   [Code Root Fixup: 0.0 ms]
   [Code Root Migration: 0.0 ms]
   [Clear CT: 0.1 ms]
   [Other: 0.5 ms]
      [Choose CSet: 0.0 ms]
      [Ref Proc: 0.1 ms]
      [Ref Enq: 0.0 ms]
      [Free CSet: 0.3 ms]
   [Eden: 131.0M(131.0M)->0.0B(121.0M) Survivors: 19.0M->19.0M Heap: 310.1M(512.0M)->210.2M(512.0M)]
 [Times: user=0.06 sys=0.00, real=0.03 secs] 
2014-07-10T12:29:53.675+0200: 106.847: [GC pause (G1 Evacuation Pause) (young), 0.0257580 secs]
   [Parallel Time: 25.0 ms, GC Workers: 2]
      [GC Worker Start (ms): Min: 106847.5, Avg: 106847.5, Max: 106847.5, Diff: 0.0]
      [Ext Root Scanning (ms): Min: 0.5, Avg: 0.5, Max: 0.5, Diff: 0.0, Sum: 0.9]
      [Update RS (ms): Min: 0.0, Avg: 0.1, Max: 0.1, Diff: 0.1, Sum: 0.2]
         [Processed Buffers: Min: 1, Avg: 1.5, Max: 2, Diff: 1, Sum: 3]
      [Scan RS (ms): Min: 0.2, Avg: 0.2, Max: 0.3, Diff: 0.1, Sum: 0.5]
      [Code Root Scanning (ms): Min: 0.1, Avg: 0.1, Max: 0.1, Diff: 0.0, Sum: 0.2]
      [Object Copy (ms): Min: 23.8, Avg: 23.9, Max: 24.0, Diff: 0.2, Sum: 47.8]
      [Termination (ms): Min: 0.0, Avg: 0.1, Max: 0.3, Diff: 0.3, Sum: 0.3]
      [GC Worker Other (ms): Min: 0.0, Avg: 0.0, Max: 0.0, Diff: 0.0, Sum: 0.1]
      [GC Worker Total (ms): Min: 24.9, Avg: 24.9, Max: 24.9, Diff: 0.0, Sum: 49.8]
      [GC Worker End (ms): Min: 106872.4, Avg: 106872.5, Max: 106872.5, Diff: 0.1]
   [Code Root Fixup: 0.0 ms]
   [Code Root Migration: 0.0 ms]
   [Clear CT: 0.1 ms]
   [Other: 0.7 ms]
      [Choose CSet: 0.0 ms]
      [Ref Proc: 0.3 ms]
      [Ref Enq: 0.0 ms]
      [Free CSet: 0.3 ms]
   [Eden: 121.0M(121.0M)->0.0B(134.0M) Survivors: 19.0M->18.0M Heap: 331.2M(512.0M)->230.3M(512.0M)]
 [Times: user=0.05 sys=0.00, real=0.03 secs] 
2014-07-10T12:29:53.829+0200: 107.002: [GC pause (G1 Evacuation Pause) (young), 0.0263959 secs]
   [Parallel Time: 25.7 ms, GC Workers: 2]
      [GC Worker Start (ms): Min: 107001.9, Avg: 107001.9, Max: 107001.9, Diff: 0.0]
      [Ext Root Scanning (ms): Min: 0.3, Avg: 0.3, Max: 0.3, Diff: 0.0, Sum: 0.7]
      [Update RS (ms): Min: 0.0, Avg: 0.0, Max: 0.0, Diff: 0.0, Sum: 0.1]
         [Processed Buffers: Min: 1, Avg: 1.5, Max: 2, Diff: 1, Sum: 3]
      [Scan RS (ms): Min: 0.3, Avg: 0.3, Max: 0.3, Diff: 0.0, Sum: 0.5]
      [Code Root Scanning (ms): Min: 0.1, Avg: 0.1, Max: 0.1, Diff: 0.0, Sum: 0.2]
      [Object Copy (ms): Min: 24.8, Avg: 24.8, Max: 24.8, Diff: 0.0, Sum: 49.7]
      [Termination (ms): Min: 0.0, Avg: 0.0, Max: 0.0, Diff: 0.0, Sum: 0.0]
      [GC Worker Other (ms): Min: 0.0, Avg: 0.0, Max: 0.0, Diff: 0.0, Sum: 0.1]
      [GC Worker Total (ms): Min: 25.6, Avg: 25.6, Max: 25.6, Diff: 0.0, Sum: 51.2]
      [GC Worker End (ms): Min: 107027.5, Avg: 107027.5, Max: 107027.5, Diff: 0.0]
   [Code Root Fixup: 0.0 ms]
   [Code Root Migration: 0.0 ms]
   [Clear CT: 0.1 ms]
   [Other: 0.6 ms]
      [Choose CSet: 0.0 ms]
      [Ref Proc: 0.2 ms]
      [Ref Enq: 0.0 ms]
      [Free CSet: 0.3 ms]
   [Eden: 134.0M(134.0M)->0.0B(123.0M) Survivors: 18.0M->19.0M Heap: 364.3M(512.0M)->253.2M(512.0M)]
 [Times: user=0.05 sys=0.00, real=0.03 secs] 
2014-07-10T12:29:53.982+0200: 107.154: [GC pause (G1 Evacuation Pause) (young) (initial-mark), 0.0220635 secs]
   [Parallel Time: 21.3 ms, GC Workers: 2]
      [GC Worker Start (ms): Min: 107154.5, Avg: 107154.5, Max: 107154.5, Diff: 0.0]
      [Ext Root Scanning (ms): Min: 0.5, Avg: 0.5, Max: 0.6, Diff: 0.2, Sum: 1.1]
      [Code Root Marking (ms): Min: 0.0, Avg: 0.1, Max: 0.1, Diff: 0.1, Sum: 0.1]
      [Update RS (ms): Min: 0.0, Avg: 0.0, Max: 0.0, Diff: 0.0, Sum: 0.1]
         [Processed Buffers: Min: 1, Avg: 1.5, Max: 2, Diff: 1, Sum: 3]
      [Scan RS (ms): Min: 0.2, Avg: 0.2, Max: 0.2, Diff: 0.0, Sum: 0.5]
      [Code Root Scanning (ms): Min: 0.1, Avg: 0.1, Max: 0.1, Diff: 0.0, Sum: 0.2]
      [Object Copy (ms): Min: 20.2, Avg: 20.2, Max: 20.2, Diff: 0.0, Sum: 40.4]
      [Termination (ms): Min: 0.0, Avg: 0.0, Max: 0.0, Diff: 0.0, Sum: 0.0]
      [GC Worker Other (ms): Min: 0.0, Avg: 0.0, Max: 0.0, Diff: 0.0, Sum: 0.1]
      [GC Worker Total (ms): Min: 21.2, Avg: 21.2, Max: 21.2, Diff: 0.0, Sum: 42.4]
      [GC Worker End (ms): Min: 107175.8, Avg: 107175.8, Max: 107175.8, Diff: 0.0]
   [Code Root Fixup: 0.0 ms]
   [Code Root Migration: 0.0 ms]
   [Clear CT: 0.1 ms]
   [Other: 0.6 ms]
      [Choose CSet: 0.0 ms]
      [Ref Proc: 0.1 ms]
      [Ref Enq: 0.0 ms]
      [Free CSet: 0.3 ms]
   [Eden: 123.0M(123.0M)->0.0B(113.0M) Survivors: 19.0M->18.0M Heap: 376.2M(512.0M)->265.9M(512.0M)]
 [Times: user=0.03 sys=0.00, real=0.02 secs] 
2014-07-10T12:29:54.004+0200: 107.177: [GC concurrent-root-region-scan-start]
2014-07-10T12:29:54.005+0200: 107.177: [GC concurrent-root-region-scan-end, 0.0003769 secs]
2014-07-10T12:29:54.005+0200: 107.177: [GC concurrent-mark-start]
2014-07-10T12:29:54.060+0200: 107.233: [GC pause (G1 Evacuation Pause) (young), 0.0017426 secs]
   [Parallel Time: 1.2 ms, GC Workers: 2]
      [GC Worker Start (ms): Min: 107233.0, Avg: 107233.0, Max: 107233.0, Diff: 0.0]
      [Ext Root Scanning (ms): Min: 0.4, Avg: 0.4, Max: 0.4, Diff: 0.0, Sum: 0.7]
      [SATB Filtering (ms): Min: 0.0, Avg: 0.0, Max: 0.0, Diff: 0.0, Sum: 0.0]
      [Update RS (ms): Min: 0.0, Avg: 0.1, Max: 0.1, Diff: 0.0, Sum: 0.1]
         [Processed Buffers: Min: 2, Avg: 2.0, Max: 2, Diff: 0, Sum: 4]
      [Scan RS (ms): Min: 0.2, Avg: 0.2, Max: 0.2, Diff: 0.0, Sum: 0.4]
      [Code Root Scanning (ms): Min: 0.1, Avg: 0.1, Max: 0.1, Diff: 0.0, Sum: 0.2]
      [Object Copy (ms): Min: 0.3, Avg: 0.4, Max: 0.4, Diff: 0.1, Sum: 0.8]
      [Termination (ms): Min: 0.0, Avg: 0.1, Max: 0.1, Diff: 0.1, Sum: 0.1]
      [GC Worker Other (ms): Min: 0.0, Avg: 0.0, Max: 0.0, Diff: 0.0, Sum: 0.0]
      [GC Worker Total (ms): Min: 1.2, Avg: 1.2, Max: 1.2, Diff: 0.0, Sum: 2.4]
      [GC Worker End (ms): Min: 107234.2, Avg: 107234.2, Max: 107234.2, Diff: 0.0]
   [Code Root Fixup: 0.0 ms]
   [Code Root Migration: 0.0 ms]
   [Clear CT: 0.1 ms]
   [Other: 0.4 ms]
      [Choose CSet: 0.0 ms]
      [Ref Proc: 0.0 ms]
      [Ref Enq: 0.0 ms]
      [Free CSet: 0.2 ms]
   [Eden: 113.0M(113.0M)->0.0B(134.0M) Survivors: 18.0M->1024.0K Heap: 378.9M(512.0M)->248.5M(512.0M)]
 [Times: user=0.00 sys=0.00, real=0.00 secs] 
2014-07-10T12:29:54.083+0200: 107.255: [GC concurrent-mark-end, 0.0079132 secs]
2014-07-10T12:29:54.083+0200: 107.255: [GC remark 107.255: [GC ref-proc, 0.0000656 secs], 0.0016011 secs]
 [Times: user=0.00 sys=0.00, real=0.00 secs] 
2014-07-10T12:29:54.189+0200: 107.361: [GC cleanup 349M->174M(512M), 0.0022485 secs]
 [Times: user=0.00 sys=0.00, real=0.00 secs] 
2014-07-10T12:29:54.191+0200: 107.364: [GC concurrent-cleanup-start]
2014-07-10T12:29:54.192+0200: 107.364: [GC concurrent-cleanup-end, 0.0004286 secs]
2014-07-10T12:29:54.211+0200: 107.384: [GC pause (G1 Evacuation Pause) (young), 0.0026914 secs]
   [Parallel Time: 2.0 ms, GC Workers: 2]
      [GC Worker Start (ms): Min: 107383.8, Avg: 107383.8, Max: 107383.8, Diff: 0.0]
      [Ext Root Scanning (ms): Min: 0.4, Avg: 0.4, Max: 0.4, Diff: 0.0, Sum: 0.7]
      [Update RS (ms): Min: 0.1, Avg: 0.2, Max: 0.3, Diff: 0.2, Sum: 0.3]
         [Processed Buffers: Min: 1, Avg: 1.5, Max: 2, Diff: 1, Sum: 3]
      [Scan RS (ms): Min: 0.2, Avg: 0.2, Max: 0.3, Diff: 0.2, Sum: 0.5]
      [Code Root Scanning (ms): Min: 0.1, Avg: 0.1, Max: 0.1, Diff: 0.1, Sum: 0.2]
      [Object Copy (ms): Min: 1.1, Avg: 1.1, Max: 1.1, Diff: 0.0, Sum: 2.2]
      [Termination (ms): Min: 0.0, Avg: 0.0, Max: 0.0, Diff: 0.0, Sum: 0.0]
      [GC Worker Other (ms): Min: 0.0, Avg: 0.0, Max: 0.0, Diff: 0.0, Sum: 0.1]
      [GC Worker Total (ms): Min: 2.0, Avg: 2.0, Max: 2.0, Diff: 0.0, Sum: 4.0]
      [GC Worker End (ms): Min: 107385.8, Avg: 107385.8, Max: 107385.8, Diff: 0.0]
   [Code Root Fixup: 0.0 ms]
   [Code Root Migration: 0.0 ms]
   [Clear CT: 0.1 ms]
   [Other: 0.5 ms]
      [Choose CSet: 0.0 ms]
      [Ref Proc: 0.1 ms]
      [Ref Enq: 0.0 ms]
      [Free CSet: 0.3 ms]
   [Eden: 134.0M(134.0M)->0.0B(121.0M) Survivors: 1024.0K->3072.0K Heap: 207.5M(512.0M)->75.4M(512.0M)]
 [Times: user=0.00 sys=0.00, real=0.00 secs] 
2014-07-10T12:29:54.282+0200: 107.455: [GC pause (G1 Evacuation Pause) (mixed), 0.0369896 secs]
   [Parallel Time: 36.2 ms, GC Workers: 2]
      [GC Worker Start (ms): Min: 107454.8, Avg: 107454.8, Max: 107454.8, Diff: 0.0]
      [Ext Root Scanning (ms): Min: 0.4, Avg: 0.4, Max: 0.4, Diff: 0.0, Sum: 0.7]
      [Update RS (ms): Min: 0.0, Avg: 0.1, Max: 0.1, Diff: 0.0, Sum: 0.1]
         [Processed Buffers: Min: 1, Avg: 1.5, Max: 2, Diff: 1, Sum: 3]
      [Scan RS (ms): Min: 0.2, Avg: 0.2, Max: 0.3, Diff: 0.0, Sum: 0.5]
      [Code Root Scanning (ms): Min: 0.1, Avg: 0.1, Max: 0.1, Diff: 0.0, Sum: 0.2]
      [Object Copy (ms): Min: 35.3, Avg: 35.3, Max: 35.3, Diff: 0.0, Sum: 70.7]
      [Termination (ms): Min: 0.0, Avg: 0.0, Max: 0.0, Diff: 0.0, Sum: 0.0]
      [GC Worker Other (ms): Min: 0.0, Avg: 0.0, Max: 0.0, Diff: 0.0, Sum: 0.1]
      [GC Worker Total (ms): Min: 36.1, Avg: 36.1, Max: 36.1, Diff: 0.0, Sum: 72.3]
      [GC Worker End (ms): Min: 107490.9, Avg: 107490.9, Max: 107490.9, Diff: 0.0]
   [Code Root Fixup: 0.0 ms]
   [Code Root Migration: 0.0 ms]
   [Clear CT: 0.1 ms]
   [Other: 0.7 ms]
      [Choose CSet: 0.0 ms]
      [Ref Proc: 0.3 ms]
      [Ref Enq: 0.0 ms]
      [Free CSet: 0.2 ms]
   [Eden: 121.0M(121.0M)->0.0B(131.0M) Survivors: 3072.0K->16.0M Heap: 196.4M(512.0M)->123.6M(512.0M)]
 [Times: user=0.06 sys=0.00, real=0.04 secs] 
2014-07-10T12:29:54.418+0200: 107.591: [GC pause (G1 Evacuation Pause) (young), 0.0355579 secs]
   [Parallel Time: 34.9 ms, GC Workers: 2]
      [GC Worker Start (ms): Min: 107590.6, Avg: 107590.6, Max: 107590.6, Diff: 0.0]
      [Ext Root Scanning (ms): Min: 0.3, Avg: 0.3, Max: 0.3, Diff: 0.0, Sum: 0.6]
      [Update RS (ms): Min: 0.1, Avg: 0.1, Max: 0.1, Diff: 0.0, Sum: 0.2]
         [Processed Buffers: Min: 1, Avg: 1.5, Max: 2, Diff: 1, Sum: 3]
      [Scan RS (ms): Min: 0.2, Avg: 0.2, Max: 0.2, Diff: 0.0, Sum: 0.5]
      [Code Root Scanning (ms): Min: 0.1, Avg: 0.1, Max: 0.1, Diff: 0.0, Sum: 0.2]
      [Object Copy (ms): Min: 34.1, Avg: 34.1, Max: 34.1, Diff: 0.0, Sum: 68.3]
      [Termination (ms): Min: 0.0, Avg: 0.0, Max: 0.0, Diff: 0.0, Sum: 0.0]
      [GC Worker Other (ms): Min: 0.0, Avg: 0.0, Max: 0.0, Diff: 0.0, Sum: 0.1]
      [GC Worker Total (ms): Min: 34.9, Avg: 34.9, Max: 34.9, Diff: 0.0, Sum: 69.8]
      [GC Worker End (ms): Min: 107625.5, Avg: 107625.5, Max: 107625.5, Diff: 0.0]
   [Code Root Fixup: 0.0 ms]
   [Code Root Migration: 0.0 ms]
   [Clear CT: 0.2 ms]
   [Other: 0.4 ms]
      [Choose CSet: 0.0 ms]
      [Ref Proc: 0.0 ms]
      [Ref Enq: 0.0 ms]
      [Free CSet: 0.2 ms]
   [Eden: 131.0M(131.0M)->0.0B(126.0M) Survivors: 16.0M->19.0M Heap: 254.6M(512.0M)->163.8M(512.0M)]
 [Times: user=0.06 sys=0.00, real=0.04 secs] 
2014-07-10T12:29:54.578+0200: 107.751: [GC pause (G1 Evacuation Pause) (young), 0.0268839 secs]
   [Parallel Time: 26.1 ms, GC Workers: 2]
      [GC Worker Start (ms): Min: 107751.3, Avg: 107751.3, Max: 107751.3, Diff: 0.0]
      [Ext Root Scanning (ms): Min: 0.3, Avg: 0.3, Max: 0.3, Diff: 0.0, Sum: 0.5]
      [Update RS (ms): Min: 0.0, Avg: 0.0, Max: 0.1, Diff: 0.0, Sum: 0.1]
         [Processed Buffers: Min: 1, Avg: 1.5, Max: 2, Diff: 1, Sum: 3]
      [Scan RS (ms): Min: 0.2, Avg: 0.2, Max: 0.2, Diff: 0.0, Sum: 0.4]
      [Code Root Scanning (ms): Min: 0.1, Avg: 0.1, Max: 0.1, Diff: 0.0, Sum: 0.2]
      [Object Copy (ms): Min: 25.2, Avg: 25.3, Max: 25.3, Diff: 0.0, Sum: 50.5]
      [Termination (ms): Min: 0.0, Avg: 0.1, Max: 0.2, Diff: 0.2, Sum: 0.2]
      [GC Worker Other (ms): Min: 0.0, Avg: 0.0, Max: 0.0, Diff: 0.0, Sum: 0.1]
      [GC Worker Total (ms): Min: 25.9, Avg: 26.0, Max: 26.1, Diff: 0.2, Sum: 52.0]
      [GC Worker End (ms): Min: 107777.2, Avg: 107777.3, Max: 107777.4, Diff: 0.2]
   [Code Root Fixup: 0.0 ms]
   [Code Root Migration: 0.0 ms]
   [Clear CT: 0.1 ms]
   [Other: 0.6 ms]
      [Choose CSet: 0.2 ms]
      [Ref Proc: 0.0 ms]
      [Ref Enq: 0.0 ms]
      [Free CSet: 0.3 ms]
   [Eden: 126.0M(126.0M)->0.0B(116.0M) Survivors: 19.0M->19.0M Heap: 289.8M(512.0M)->186.9M(512.0M)]
 [Times: user=0.06 sys=0.00, real=0.03 secs] 
2014-07-10T12:29:54.670+0200: 107.843: [GC pause (G1 Evacuation Pause) (young), 0.0169960 secs]
   [Parallel Time: 16.4 ms, GC Workers: 2]
      [GC Worker Start (ms): Min: 107842.7, Avg: 107842.7, Max: 107842.7, Diff: 0.0]
      [Ext Root Scanning (ms): Min: 0.3, Avg: 0.3, Max: 0.3, Diff: 0.0, Sum: 0.5]
      [Update RS (ms): Min: 0.0, Avg: 0.0, Max: 0.0, Diff: 0.0, Sum: 0.1]
         [Processed Buffers: Min: 1, Avg: 1.5, Max: 2, Diff: 1, Sum: 3]
      [Scan RS (ms): Min: 0.2, Avg: 0.2, Max: 0.2, Diff: 0.0, Sum: 0.4]
      [Code Root Scanning (ms): Min: 0.1, Avg: 0.1, Max: 0.1, Diff: 0.0, Sum: 0.2]
      [Object Copy (ms): Min: 15.7, Avg: 15.7, Max: 15.7, Diff: 0.0, Sum: 31.4]
      [Termination (ms): Min: 0.0, Avg: 0.0, Max: 0.0, Diff: 0.0, Sum: 0.0]
      [GC Worker Other (ms): Min: 0.0, Avg: 0.0, Max: 0.0, Diff: 0.0, Sum: 0.1]
      [GC Worker Total (ms): Min: 16.3, Avg: 16.3, Max: 16.3, Diff: 0.0, Sum: 32.7]
      [GC Worker End (ms): Min: 107859.0, Avg: 107859.0, Max: 107859.0, Diff: 0.0]
   [Code Root Fixup: 0.0 ms]
   [Code Root Migration: 0.0 ms]
   [Clear CT: 0.2 ms]
   [Other: 0.4 ms]
      [Choose CSet: 0.0 ms]
      [Ref Proc: 0.1 ms]
      [Ref Enq: 0.0 ms]
      [Free CSet: 0.2 ms]
   [Eden: 116.0M(116.0M)->0.0B(128.0M) Survivors: 19.0M->17.0M Heap: 302.9M(512.0M)->193.8M(512.0M)]
 [Times: user=0.03 sys=0.00, real=0.02 secs] 
2014-07-10T12:29:54.796+0200: 107.969: [GC pause (G1 Evacuation Pause) (young), 0.0146441 secs]
   [Parallel Time: 14.1 ms, GC Workers: 2]
      [GC Worker Start (ms): Min: 107969.2, Avg: 107969.2, Max: 107969.2, Diff: 0.0]
      [Ext Root Scanning (ms): Min: 0.3, Avg: 0.3, Max: 0.3, Diff: 0.0, Sum: 0.6]
      [Update RS (ms): Min: 0.0, Avg: 0.0, Max: 0.0, Diff: 0.0, Sum: 0.1]
         [Processed Buffers: Min: 1, Avg: 1.5, Max: 2, Diff: 1, Sum: 3]
      [Scan RS (ms): Min: 0.2, Avg: 0.2, Max: 0.2, Diff: 0.0, Sum: 0.4]
      [Code Root Scanning (ms): Min: 0.1, Avg: 0.1, Max: 0.1, Diff: 0.0, Sum: 0.2]
      [Object Copy (ms): Min: 13.3, Avg: 13.3, Max: 13.3, Diff: 0.0, Sum: 26.7]
      [Termination (ms): Min: 0.0, Avg: 0.0, Max: 0.0, Diff: 0.0, Sum: 0.0]
      [GC Worker Other (ms): Min: 0.0, Avg: 0.0, Max: 0.0, Diff: 0.0, Sum: 0.1]
      [GC Worker Total (ms): Min: 14.0, Avg: 14.0, Max: 14.0, Diff: 0.0, Sum: 28.1]
      [GC Worker End (ms): Min: 107983.2, Avg: 107983.2, Max: 107983.2, Diff: 0.0]
   [Code Root Fixup: 0.0 ms]
   [Code Root Migration: 0.0 ms]
   [Clear CT: 0.1 ms]
   [Other: 0.4 ms]
      [Choose CSet: 0.0 ms]
      [Ref Proc: 0.0 ms]
      [Ref Enq: 0.0 ms]
      [Free CSet: 0.3 ms]
   [Eden: 128.0M(128.0M)->0.0B(121.0M) Survivors: 17.0M->19.0M Heap: 321.8M(512.0M)->198.6M(512.0M)]
 [Times: user=0.03 sys=0.00, real=0.02 secs] 
2014-07-10T12:29:54.959+0200: 108.132: [GC pause (G1 Evacuation Pause) (young), 0.0084797 secs]
   [Parallel Time: 7.7 ms, GC Workers: 2]
      [GC Worker Start (ms): Min: 108132.0, Avg: 108132.0, Max: 108132.0, Diff: 0.0]
      [Ext Root Scanning (ms): Min: 0.3, Avg: 0.4, Max: 0.4, Diff: 0.0, Sum: 0.7]
      [Update RS (ms): Min: 0.0, Avg: 0.0, Max: 0.0, Diff: 0.0, Sum: 0.1]
         [Processed Buffers: Min: 1, Avg: 1.0, Max: 1, Diff: 0, Sum: 2]
      [Scan RS (ms): Min: 0.2, Avg: 0.2, Max: 0.2, Diff: 0.0, Sum: 0.4]
      [Code Root Scanning (ms): Min: 0.1, Avg: 0.1, Max: 0.1, Diff: 0.0, Sum: 0.2]
      [Object Copy (ms): Min: 6.9, Avg: 6.9, Max: 6.9, Diff: 0.0, Sum: 13.8]
      [Termination (ms): Min: 0.0, Avg: 0.0, Max: 0.0, Diff: 0.0, Sum: 0.0]
      [GC Worker Other (ms): Min: 0.0, Avg: 0.0, Max: 0.0, Diff: 0.0, Sum: 0.1]
      [GC Worker Total (ms): Min: 7.6, Avg: 7.6, Max: 7.6, Diff: 0.0, Sum: 15.3]
      [GC Worker End (ms): Min: 108139.6, Avg: 108139.6, Max: 108139.7, Diff: 0.0]
   [Code Root Fixup: 0.0 ms]
   [Code Root Migration: 0.0 ms]
   [Clear CT: 0.3 ms]
   [Other: 0.5 ms]
      [Choose CSet: 0.0 ms]
      [Ref Proc: 0.1 ms]
      [Ref Enq: 0.0 ms]
      [Free CSet: 0.3 ms]
   [Eden: 121.0M(121.0M)->0.0B(109.0M) Survivors: 19.0M->11.0M Heap: 319.6M(512.0M)->190.3M(512.0M)]
 [Times: user=0.03 sys=0.00, real=0.01 secs] 
2014-07-10T12:29:55.020+0200: 108.192: [GC pause (G1 Evacuation Pause) (young), 0.0358652 secs]
   [Parallel Time: 35.3 ms, GC Workers: 2]
      [GC Worker Start (ms): Min: 108192.5, Avg: 108192.5, Max: 108192.5, Diff: 0.0]
      [Ext Root Scanning (ms): Min: 0.3, Avg: 0.3, Max: 0.3, Diff: 0.0, Sum: 0.6]
      [Update RS (ms): Min: 0.0, Avg: 0.0, Max: 0.0, Diff: 0.0, Sum: 0.1]
         [Processed Buffers: Min: 1, Avg: 1.0, Max: 1, Diff: 0, Sum: 2]
      [Scan RS (ms): Min: 0.2, Avg: 0.2, Max: 0.2, Diff: 0.0, Sum: 0.4]
      [Code Root Scanning (ms): Min: 0.1, Avg: 0.1, Max: 0.1, Diff: 0.0, Sum: 0.2]
      [Object Copy (ms): Min: 34.4, Avg: 34.5, Max: 34.6, Diff: 0.2, Sum: 69.0]
      [Termination (ms): Min: 0.0, Avg: 0.1, Max: 0.2, Diff: 0.2, Sum: 0.2]
      [GC Worker Other (ms): Min: 0.0, Avg: 0.0, Max: 0.0, Diff: 0.0, Sum: 0.1]
      [GC Worker Total (ms): Min: 35.2, Avg: 35.3, Max: 35.3, Diff: 0.0, Sum: 70.5]
      [GC Worker End (ms): Min: 108227.7, Avg: 108227.7, Max: 108227.7, Diff: 0.0]
   [Code Root Fixup: 0.0 ms]
   [Code Root Migration: 0.0 ms]
   [Clear CT: 0.1 ms]
   [Other: 0.4 ms]
      [Choose CSet: 0.0 ms]
      [Ref Proc: 0.0 ms]
      [Ref Enq: 0.0 ms]
      [Free CSet: 0.2 ms]
   [Eden: 109.0M(109.0M)->0.0B(135.0M) Survivors: 11.0M->15.0M Heap: 299.3M(512.0M)->233.3M(512.0M)]
 [Times: user=0.06 sys=0.00, real=0.04 secs] 
2014-07-10T12:29:55.186+0200: 108.358: [GC pause (G1 Evacuation Pause) (young), 0.0271589 secs]
   [Parallel Time: 26.1 ms, GC Workers: 2]
      [GC Worker Start (ms): Min: 108358.5, Avg: 108358.5, Max: 108358.5, Diff: 0.0]
      [Ext Root Scanning (ms): Min: 0.3, Avg: 0.4, Max: 0.4, Diff: 0.0, Sum: 0.7]
      [Update RS (ms): Min: 0.1, Avg: 0.1, Max: 0.1, Diff: 0.1, Sum: 0.2]
         [Processed Buffers: Min: 1, Avg: 1.5, Max: 2, Diff: 1, Sum: 3]
      [Scan RS (ms): Min: 0.3, Avg: 0.3, Max: 0.3, Diff: 0.1, Sum: 0.6]
      [Code Root Scanning (ms): Min: 0.1, Avg: 0.1, Max: 0.1, Diff: 0.0, Sum: 0.2]
      [Object Copy (ms): Min: 25.2, Avg: 25.2, Max: 25.2, Diff: 0.0, Sum: 50.4]
      [Termination (ms): Min: 0.0, Avg: 0.0, Max: 0.0, Diff: 0.0, Sum: 0.0]
      [GC Worker Other (ms): Min: 0.0, Avg: 0.0, Max: 0.0, Diff: 0.0, Sum: 0.1]
      [GC Worker Total (ms): Min: 26.1, Avg: 26.1, Max: 26.1, Diff: 0.0, Sum: 52.1]
      [GC Worker End (ms): Min: 108384.6, Avg: 108384.6, Max: 108384.6, Diff: 0.0]
   [Code Root Fixup: 0.0 ms]
   [Code Root Migration: 0.0 ms]
   [Clear CT: 0.1 ms]
   [Other: 0.9 ms]
      [Choose CSet: 0.0 ms]
      [Ref Proc: 0.4 ms]
      [Ref Enq: 0.0 ms]
      [Free CSet: 0.3 ms]
   [Eden: 135.0M(135.0M)->0.0B(123.0M) Survivors: 15.0M->19.0M Heap: 368.3M(512.0M)->257.6M(512.0M)]
 [Times: user=0.06 sys=0.00, real=0.03 secs] 
2014-07-10T12:29:55.272+0200: 108.444: [GC pause (G1 Evacuation Pause) (young) (initial-mark), 0.0201343 secs]
   [Parallel Time: 19.4 ms, GC Workers: 2]
      [GC Worker Start (ms): Min: 108444.6, Avg: 108444.6, Max: 108444.6, Diff: 0.0]
      [Ext Root Scanning (ms): Min: 0.4, Avg: 0.4, Max: 0.4, Diff: 0.0, Sum: 0.8]
      [Code Root Marking (ms): Min: 0.1, Avg: 0.1, Max: 0.1, Diff: 0.0, Sum: 0.1]
      [Update RS (ms): Min: 0.1, Avg: 0.1, Max: 0.1, Diff: 0.0, Sum: 0.2]
         [Processed Buffers: Min: 1, Avg: 1.5, Max: 2, Diff: 1, Sum: 3]
      [Scan RS (ms): Min: 0.2, Avg: 0.2, Max: 0.2, Diff: 0.0, Sum: 0.4]
      [Code Root Scanning (ms): Min: 0.1, Avg: 0.1, Max: 0.1, Diff: 0.0, Sum: 0.2]
      [Object Copy (ms): Min: 18.5, Avg: 18.5, Max: 18.5, Diff: 0.0, Sum: 36.9]
      [Termination (ms): Min: 0.0, Avg: 0.0, Max: 0.0, Diff: 0.0, Sum: 0.0]
      [GC Worker Other (ms): Min: 0.0, Avg: 0.0, Max: 0.0, Diff: 0.0, Sum: 0.1]
      [GC Worker Total (ms): Min: 19.4, Avg: 19.4, Max: 19.4, Diff: 0.0, Sum: 38.7]
      [GC Worker End (ms): Min: 108464.0, Avg: 108464.0, Max: 108464.0, Diff: 0.0]
   [Code Root Fixup: 0.0 ms]
   [Code Root Migration: 0.0 ms]
   [Clear CT: 0.1 ms]
   [Other: 0.6 ms]
      [Choose CSet: 0.0 ms]
      [Ref Proc: 0.1 ms]
      [Ref Enq: 0.0 ms]
      [Free CSet: 0.2 ms]
   [Eden: 123.0M(123.0M)->0.0B(143.0M) Survivors: 19.0M->18.0M Heap: 380.6M(512.0M)->268.7M(512.0M)]
 [Times: user=0.06 sys=0.00, real=0.02 secs] 
2014-07-10T12:29:55.292+0200: 108.465: [GC concurrent-root-region-scan-start]
2014-07-10T12:29:55.292+0200: 108.465: [GC concurrent-root-region-scan-end, 0.0002808 secs]
2014-07-10T12:29:55.292+0200: 108.465: [GC concurrent-mark-start]
2014-07-10T12:29:55.372+0200: 108.544: [GC concurrent-mark-end, 0.0062081 secs]
2014-07-10T12:29:55.372+0200: 108.544: [GC remark 108.545: [GC ref-proc, 0.0000572 secs], 0.0013411 secs]
 [Times: user=0.00 sys=0.00, real=0.00 secs] 
2014-07-10T12:29:55.409+0200: 108.581: [GC pause (G1 Evacuation Pause) (young), 0.0267919 secs]
   [Parallel Time: 25.7 ms, GC Workers: 2]
      [GC Worker Start (ms): Min: 108581.5, Avg: 108581.5, Max: 108581.5, Diff: 0.0]
      [Ext Root Scanning (ms): Min: 0.3, Avg: 0.3, Max: 0.3, Diff: 0.0, Sum: 0.6]
      [SATB Filtering (ms): Min: 0.0, Avg: 0.0, Max: 0.0, Diff: 0.0, Sum: 0.0]
      [Update RS (ms): Min: 0.1, Avg: 0.1, Max: 0.1, Diff: 0.0, Sum: 0.1]
         [Processed Buffers: Min: 1, Avg: 1.5, Max: 2, Diff: 1, Sum: 3]
      [Scan RS (ms): Min: 0.2, Avg: 0.3, Max: 0.3, Diff: 0.0, Sum: 0.5]
      [Code Root Scanning (ms): Min: 0.1, Avg: 0.1, Max: 0.1, Diff: 0.0, Sum: 0.2]
      [Object Copy (ms): Min: 24.9, Avg: 24.9, Max: 24.9, Diff: 0.0, Sum: 49.8]
      [Termination (ms): Min: 0.0, Avg: 0.0, Max: 0.0, Diff: 0.0, Sum: 0.0]
      [GC Worker Other (ms): Min: 0.0, Avg: 0.0, Max: 0.0, Diff: 0.0, Sum: 0.1]
      [GC Worker Total (ms): Min: 25.7, Avg: 25.7, Max: 25.7, Diff: 0.0, Sum: 51.4]
      [GC Worker End (ms): Min: 108607.1, Avg: 108607.1, Max: 108607.1, Diff: 0.0]
   [Code Root Fixup: 0.0 ms]
   [Code Root Migration: 0.0 ms]
   [Clear CT: 0.1 ms]
   [Other: 0.9 ms]
      [Choose CSet: 0.0 ms]
      [Ref Proc: 0.5 ms]
      [Ref Enq: 0.0 ms]
      [Free CSet: 0.3 ms]
   [Eden: 143.0M(143.0M)->0.0B(133.0M) Survivors: 18.0M->21.0M Heap: 411.7M(512.0M)->291.7M(512.0M)]
 [Times: user=0.06 sys=0.00, real=0.03 secs] 
2014-07-10T12:29:55.453+0200: 108.625: [GC cleanup 316M->139M(512M), 0.0013884 secs]
 [Times: user=0.00 sys=0.00, real=0.00 secs] 
2014-07-10T12:29:55.454+0200: 108.627: [GC concurrent-cleanup-start]
2014-07-10T12:29:55.454+0200: 108.627: [GC concurrent-cleanup-end, 0.0002746 secs]
2014-07-10T12:29:55.570+0200: 108.743: [GC pause (G1 Evacuation Pause) (young), 0.0221842 secs]
   [Parallel Time: 21.5 ms, GC Workers: 2]
      [GC Worker Start (ms): Min: 108743.2, Avg: 108743.2, Max: 108743.2, Diff: 0.0]
      [Ext Root Scanning (ms): Min: 0.3, Avg: 0.3, Max: 0.3, Diff: 0.0, Sum: 0.7]
      [Update RS (ms): Min: 0.0, Avg: 0.0, Max: 0.1, Diff: 0.0, Sum: 0.1]
         [Processed Buffers: Min: 1, Avg: 1.5, Max: 2, Diff: 1, Sum: 3]
      [Scan RS (ms): Min: 0.2, Avg: 0.2, Max: 0.2, Diff: 0.0, Sum: 0.5]
      [Code Root Scanning (ms): Min: 0.1, Avg: 0.1, Max: 0.1, Diff: 0.0, Sum: 0.2]
      [Object Copy (ms): Min: 20.7, Avg: 20.7, Max: 20.7, Diff: 0.0, Sum: 41.4]
      [Termination (ms): Min: 0.0, Avg: 0.0, Max: 0.0, Diff: 0.0, Sum: 0.0]
      [GC Worker Other (ms): Min: 0.0, Avg: 0.0, Max: 0.0, Diff: 0.0, Sum: 0.1]
      [GC Worker Total (ms): Min: 21.5, Avg: 21.5, Max: 21.5, Diff: 0.0, Sum: 42.9]
      [GC Worker End (ms): Min: 108764.7, Avg: 108764.7, Max: 108764.7, Diff: 0.0]
   [Code Root Fixup: 0.0 ms]
   [Code Root Migration: 0.0 ms]
   [Clear CT: 0.1 ms]
   [Other: 0.5 ms]
      [Choose CSet: 0.0 ms]
      [Ref Proc: 0.1 ms]
      [Ref Enq: 0.0 ms]
      [Free CSet: 0.3 ms]
   [Eden: 133.0M(133.0M)->0.0B(121.0M) Survivors: 21.0M->20.0M Heap: 247.7M(512.0M)->127.6M(512.0M)]
 [Times: user=0.06 sys=0.00, real=0.02 secs] 
2014-07-10T12:29:55.666+0200: 108.839: [GC pause (G1 Evacuation Pause) (mixed), 0.0156380 secs]
   [Parallel Time: 15.0 ms, GC Workers: 2]
      [GC Worker Start (ms): Min: 108839.1, Avg: 108839.1, Max: 108839.1, Diff: 0.0]
      [Ext Root Scanning (ms): Min: 0.4, Avg: 0.4, Max: 0.4, Diff: 0.0, Sum: 0.7]
      [Update RS (ms): Min: 0.0, Avg: 0.0, Max: 0.1, Diff: 0.0, Sum: 0.1]
         [Processed Buffers: Min: 1, Avg: 1.5, Max: 2, Diff: 1, Sum: 3]
      [Scan RS (ms): Min: 0.3, Avg: 0.3, Max: 0.3, Diff: 0.0, Sum: 0.5]
      [Code Root Scanning (ms): Min: 0.1, Avg: 0.1, Max: 0.1, Diff: 0.0, Sum: 0.2]
      [Object Copy (ms): Min: 14.1, Avg: 14.1, Max: 14.1, Diff: 0.0, Sum: 28.3]
      [Termination (ms): Min: 0.0, Avg: 0.0, Max: 0.0, Diff: 0.0, Sum: 0.0]
      [GC Worker Other (ms): Min: 0.0, Avg: 0.0, Max: 0.0, Diff: 0.0, Sum: 0.1]
      [GC Worker Total (ms): Min: 14.9, Avg: 14.9, Max: 14.9, Diff: 0.0, Sum: 29.9]
      [GC Worker End (ms): Min: 108854.0, Avg: 108854.0, Max: 108854.0, Diff: 0.0]
   [Code Root Fixup: 0.0 ms]
   [Code Root Migration: 0.0 ms]
   [Clear CT: 0.1 ms]
   [Other: 0.5 ms]
      [Choose CSet: 0.0 ms]
      [Ref Proc: 0.1 ms]
      [Ref Enq: 0.0 ms]
      [Free CSet: 0.3 ms]
   [Eden: 121.0M(121.0M)->0.0B(127.0M) Survivors: 20.0M->18.0M Heap: 248.6M(512.0M)->122.6M(512.0M)]
 [Times: user=0.03 sys=0.00, real=0.02 secs] 
2014-07-10T12:29:55.823+0200: 108.995: [GC pause (G1 Evacuation Pause) (mixed), 0.0143835 secs]
   [Parallel Time: 13.6 ms, GC Workers: 2]
      [GC Worker Start (ms): Min: 108995.4, Avg: 109000.0, Max: 109004.5, Diff: 9.1]
      [Ext Root Scanning (ms): Min: 0.0, Avg: 0.2, Max: 0.4, Diff: 0.4, Sum: 0.4]
      [Update RS (ms): Min: 0.0, Avg: 0.1, Max: 0.1, Diff: 0.1, Sum: 0.1]
         [Processed Buffers: Min: 0, Avg: 1.5, Max: 3, Diff: 3, Sum: 3]
      [Scan RS (ms): Min: 0.0, Avg: 0.2, Max: 0.5, Diff: 0.4, Sum: 0.5]
      [Code Root Scanning (ms): Min: 0.0, Avg: 0.1, Max: 0.2, Diff: 0.2, Sum: 0.2]
      [Object Copy (ms): Min: 4.4, Avg: 8.4, Max: 12.4, Diff: 8.0, Sum: 16.8]
      [Termination (ms): Min: 0.0, Avg: 0.0, Max: 0.0, Diff: 0.0, Sum: 0.0]
      [GC Worker Other (ms): Min: 0.0, Avg: 0.0, Max: 0.0, Diff: 0.0, Sum: 0.1]
      [GC Worker Total (ms): Min: 4.5, Avg: 9.0, Max: 13.6, Diff: 9.1, Sum: 18.1]
      [GC Worker End (ms): Min: 109009.0, Avg: 109009.0, Max: 109009.0, Diff: 0.0]
   [Code Root Fixup: 0.0 ms]
   [Code Root Migration: 0.0 ms]
   [Clear CT: 0.3 ms]
   [Other: 0.5 ms]
      [Choose CSet: 0.0 ms]
      [Ref Proc: 0.1 ms]
      [Ref Enq: 0.0 ms]
      [Free CSet: 0.3 ms]
   [Eden: 127.0M(127.0M)->0.0B(115.0M) Survivors: 18.0M->18.0M Heap: 249.6M(512.0M)->121.2M(512.0M)]
 [Times: user=0.01 sys=0.00, real=0.01 secs] 
2014-07-10T12:29:55.956+0200: 109.129: [GC pause (G1 Evacuation Pause) (young), 0.0022306 secs]
   [Parallel Time: 1.4 ms, GC Workers: 2]
      [GC Worker Start (ms): Min: 109128.9, Avg: 109129.0, Max: 109129.0, Diff: 0.0]
      [Ext Root Scanning (ms): Min: 0.5, Avg: 0.5, Max: 0.5, Diff: 0.0, Sum: 1.0]
      [Update RS (ms): Min: 0.0, Avg: 0.1, Max: 0.2, Diff: 0.2, Sum: 0.2]
         [Processed Buffers: Min: 1, Avg: 1.0, Max: 1, Diff: 0, Sum: 2]
      [Scan RS (ms): Min: 0.2, Avg: 0.3, Max: 0.4, Diff: 0.1, Sum: 0.6]
      [Code Root Scanning (ms): Min: 0.1, Avg: 0.1, Max: 0.2, Diff: 0.1, Sum: 0.3]
      [Object Copy (ms): Min: 0.3, Avg: 0.3, Max: 0.3, Diff: 0.0, Sum: 0.6]
      [Termination (ms): Min: 0.0, Avg: 0.0, Max: 0.0, Diff: 0.0, Sum: 0.0]
      [GC Worker Other (ms): Min: 0.0, Avg: 0.0, Max: 0.0, Diff: 0.0, Sum: 0.1]
      [GC Worker Total (ms): Min: 1.4, Avg: 1.4, Max: 1.4, Diff: 0.0, Sum: 2.7]
      [GC Worker End (ms): Min: 109130.3, Avg: 109130.3, Max: 109130.3, Diff: 0.0]
   [Code Root Fixup: 0.0 ms]
   [Code Root Migration: 0.0 ms]
   [Clear CT: 0.2 ms]
   [Other: 0.6 ms]
      [Choose CSet: 0.0 ms]
      [Ref Proc: 0.1 ms]
      [Ref Enq: 0.0 ms]
      [Free CSet: 0.4 ms]
   [Eden: 115.0M(115.0M)->0.0B(128.0M) Survivors: 18.0M->1024.0K Heap: 236.2M(512.0M)->104.1M(512.0M)]
 [Times: user=0.00 sys=0.00, real=0.00 secs] 
2014-07-10T12:29:56.023+0200: 109.196: [GC pause (G1 Evacuation Pause) (young), 0.0325685 secs]
   [Parallel Time: 31.9 ms, GC Workers: 2]
      [GC Worker Start (ms): Min: 109195.7, Avg: 109195.7, Max: 109195.7, Diff: 0.0]
      [Ext Root Scanning (ms): Min: 0.3, Avg: 0.3, Max: 0.3, Diff: 0.0, Sum: 0.7]
      [Update RS (ms): Min: 0.0, Avg: 0.1, Max: 0.1, Diff: 0.0, Sum: 0.1]
         [Processed Buffers: Min: 1, Avg: 1.5, Max: 2, Diff: 1, Sum: 3]
      [Scan RS (ms): Min: 0.2, Avg: 0.2, Max: 0.3, Diff: 0.0, Sum: 0.5]
      [Code Root Scanning (ms): Min: 0.1, Avg: 0.1, Max: 0.1, Diff: 0.0, Sum: 0.2]
      [Object Copy (ms): Min: 31.0, Avg: 31.0, Max: 31.0, Diff: 0.0, Sum: 62.1]
      [Termination (ms): Min: 0.0, Avg: 0.0, Max: 0.0, Diff: 0.0, Sum: 0.0]
      [GC Worker Other (ms): Min: 0.0, Avg: 0.0, Max: 0.0, Diff: 0.0, Sum: 0.1]
      [GC Worker Total (ms): Min: 31.8, Avg: 31.8, Max: 31.8, Diff: 0.0, Sum: 63.6]
      [GC Worker End (ms): Min: 109227.5, Avg: 109227.5, Max: 109227.5, Diff: 0.0]
   [Code Root Fixup: 0.0 ms]
   [Code Root Migration: 0.1 ms]
   [Clear CT: 0.2 ms]
   [Other: 0.5 ms]
      [Choose CSet: 0.0 ms]
      [Ref Proc: 0.1 ms]
      [Ref Enq: 0.0 ms]
      [Free CSet: 0.3 ms]
   [Eden: 128.0M(128.0M)->0.0B(130.0M) Survivors: 1024.0K->17.0M Heap: 232.1M(512.0M)->153.9M(512.0M)]
 [Times: user=0.06 sys=0.03, real=0.03 secs] 
2014-07-10T12:29:56.199+0200: 109.371: [GC pause (G1 Evacuation Pause) (young), 0.0336027 secs]
   [Parallel Time: 32.5 ms, GC Workers: 2]
      [GC Worker Start (ms): Min: 109371.5, Avg: 109371.6, Max: 109371.6, Diff: 0.0]
      [Ext Root Scanning (ms): Min: 0.6, Avg: 0.6, Max: 0.6, Diff: 0.0, Sum: 1.1]
      [Update RS (ms): Min: 0.1, Avg: 0.1, Max: 0.1, Diff: 0.0, Sum: 0.2]
         [Processed Buffers: Min: 1, Avg: 1.5, Max: 2, Diff: 1, Sum: 3]
      [Scan RS (ms): Min: 0.4, Avg: 0.4, Max: 0.4, Diff: 0.0, Sum: 0.8]
      [Code Root Scanning (ms): Min: 0.1, Avg: 0.1, Max: 0.1, Diff: 0.0, Sum: 0.3]
      [Object Copy (ms): Min: 31.1, Avg: 31.1, Max: 31.1, Diff: 0.0, Sum: 62.2]
      [Termination (ms): Min: 0.0, Avg: 0.0, Max: 0.0, Diff: 0.0, Sum: 0.0]
      [GC Worker Other (ms): Min: 0.0, Avg: 0.0, Max: 0.0, Diff: 0.0, Sum: 0.1]
      [GC Worker Total (ms): Min: 32.4, Avg: 32.4, Max: 32.4, Diff: 0.0, Sum: 64.8]
      [GC Worker End (ms): Min: 109404.0, Avg: 109404.0, Max: 109404.0, Diff: 0.0]
   [Code Root Fixup: 0.0 ms]
   [Code Root Migration: 0.0 ms]
   [Clear CT: 0.1 ms]
   [Other: 1.0 ms]
      [Choose CSet: 0.0 ms]
      [Ref Proc: 0.5 ms]
      [Ref Enq: 0.0 ms]
      [Free CSet: 0.3 ms]
   [Eden: 130.0M(130.0M)->0.0B(117.0M) Survivors: 17.0M->19.0M Heap: 283.9M(512.0M)->185.1M(512.0M)]
 [Times: user=0.06 sys=0.00, real=0.03 secs] 
2014-07-10T12:29:56.288+0200: 109.461: [GC pause (G1 Evacuation Pause) (young), 0.0221831 secs]
   [Parallel Time: 21.1 ms, GC Workers: 2]
      [GC Worker Start (ms): Min: 109460.9, Avg: 109460.9, Max: 109460.9, Diff: 0.0]
      [Ext Root Scanning (ms): Min: 0.3, Avg: 0.3, Max: 0.3, Diff: 0.0, Sum: 0.7]
      [Update RS (ms): Min: 0.0, Avg: 0.1, Max: 0.1, Diff: 0.1, Sum: 0.1]
         [Processed Buffers: Min: 1, Avg: 1.5, Max: 2, Diff: 1, Sum: 3]
      [Scan RS (ms): Min: 0.2, Avg: 0.2, Max: 0.2, Diff: 0.0, Sum: 0.4]
      [Code Root Scanning (ms): Min: 0.1, Avg: 0.1, Max: 0.1, Diff: 0.0, Sum: 0.2]
      [Object Copy (ms): Min: 20.4, Avg: 20.4, Max: 20.4, Diff: 0.1, Sum: 40.8]
      [Termination (ms): Min: 0.0, Avg: 0.0, Max: 0.0, Diff: 0.0, Sum: 0.0]
      [GC Worker Other (ms): Min: 0.0, Avg: 0.0, Max: 0.0, Diff: 0.0, Sum: 0.1]
      [GC Worker Total (ms): Min: 21.1, Avg: 21.1, Max: 21.1, Diff: 0.0, Sum: 42.2]
      [GC Worker End (ms): Min: 109482.0, Avg: 109482.0, Max: 109482.0, Diff: 0.0]
   [Code Root Fixup: 0.0 ms]
   [Code Root Migration: 0.0 ms]
   [Clear CT: 0.1 ms]
   [Other: 0.9 ms]
      [Choose CSet: 0.0 ms]
      [Ref Proc: 0.5 ms]
      [Ref Enq: 0.0 ms]
      [Free CSet: 0.2 ms]
   [Eden: 117.0M(117.0M)->0.0B(140.0M) Survivors: 19.0M->17.0M Heap: 302.1M(512.0M)->199.1M(512.0M)]
 [Times: user=0.06 sys=0.00, real=0.02 secs] 
2014-07-10T12:29:56.407+0200: 109.580: [GC pause (G1 Evacuation Pause) (young), 0.0266826 secs]
   [Parallel Time: 26.0 ms, GC Workers: 2]
      [GC Worker Start (ms): Min: 109579.6, Avg: 109579.6, Max: 109579.6, Diff: 0.0]
      [Ext Root Scanning (ms): Min: 0.3, Avg: 0.3, Max: 0.3, Diff: 0.0, Sum: 0.7]
      [Update RS (ms): Min: 0.0, Avg: 0.0, Max: 0.0, Diff: 0.0, Sum: 0.1]
         [Processed Buffers: Min: 1, Avg: 1.0, Max: 1, Diff: 0, Sum: 2]
      [Scan RS (ms): Min: 0.3, Avg: 0.3, Max: 0.3, Diff: 0.0, Sum: 0.6]
      [Code Root Scanning (ms): Min: 0.1, Avg: 0.1, Max: 0.1, Diff: 0.0, Sum: 0.2]
      [Object Copy (ms): Min: 25.2, Avg: 25.2, Max: 25.2, Diff: 0.0, Sum: 50.3]
      [Termination (ms): Min: 0.0, Avg: 0.0, Max: 0.0, Diff: 0.0, Sum: 0.0]
      [GC Worker Other (ms): Min: 0.0, Avg: 0.0, Max: 0.0, Diff: 0.0, Sum: 0.1]
      [GC Worker Total (ms): Min: 26.0, Avg: 26.0, Max: 26.0, Diff: 0.0, Sum: 51.9]
      [GC Worker End (ms): Min: 109605.5, Avg: 109605.6, Max: 109605.6, Diff: 0.0]
   [Code Root Fixup: 0.0 ms]
   [Code Root Migration: 0.0 ms]
   [Clear CT: 0.1 ms]
   [Other: 0.5 ms]
      [Choose CSet: 0.0 ms]
      [Ref Proc: 0.1 ms]
      [Ref Enq: 0.0 ms]
      [Free CSet: 0.3 ms]
   [Eden: 140.0M(140.0M)->0.0B(135.0M) Survivors: 17.0M->20.0M Heap: 339.1M(512.0M)->222.9M(512.0M)]
 [Times: user=0.06 sys=0.00, real=0.03 secs] 
2014-07-10T12:29:56.582+0200: 109.755: [GC pause (G1 Evacuation Pause) (young), 0.0253962 secs]
   [Parallel Time: 24.6 ms, GC Workers: 2]
      [GC Worker Start (ms): Min: 109754.7, Avg: 109754.7, Max: 109754.7, Diff: 0.0]
      [Ext Root Scanning (ms): Min: 0.7, Avg: 0.7, Max: 0.7, Diff: 0.0, Sum: 1.3]
      [Update RS (ms): Min: 0.1, Avg: 0.1, Max: 0.1, Diff: 0.1, Sum: 0.2]
         [Processed Buffers: Min: 1, Avg: 1.5, Max: 2, Diff: 1, Sum: 3]
      [Scan RS (ms): Min: 0.4, Avg: 0.4, Max: 0.5, Diff: 0.0, Sum: 0.9]
      [Code Root Scanning (ms): Min: 0.1, Avg: 0.2, Max: 0.2, Diff: 0.0, Sum: 0.3]
      [Object Copy (ms): Min: 23.1, Avg: 23.1, Max: 23.1, Diff: 0.0, Sum: 46.1]
      [Termination (ms): Min: 0.0, Avg: 0.0, Max: 0.0, Diff: 0.0, Sum: 0.0]
      [GC Worker Other (ms): Min: 0.0, Avg: 0.0, Max: 0.0, Diff: 0.0, Sum: 0.1]
      [GC Worker Total (ms): Min: 24.5, Avg: 24.5, Max: 24.5, Diff: 0.0, Sum: 49.0]
      [GC Worker End (ms): Min: 109779.2, Avg: 109779.2, Max: 109779.2, Diff: 0.0]
   [Code Root Fixup: 0.0 ms]
   [Code Root Migration: 0.0 ms]
   [Clear CT: 0.1 ms]
   [Other: 0.6 ms]
      [Choose CSet: 0.0 ms]
      [Ref Proc: 0.1 ms]
      [Ref Enq: 0.0 ms]
      [Free CSet: 0.3 ms]
   [Eden: 135.0M(135.0M)->0.0B(122.0M) Survivors: 20.0M->20.0M Heap: 357.9M(512.0M)->234.6M(512.0M)]
 [Times: user=0.06 sys=0.00, real=0.03 secs] 
2014-07-10T12:29:56.667+0200: 109.840: [GC pause (G1 Evacuation Pause) (young), 0.0147985 secs]
   [Parallel Time: 14.2 ms, GC Workers: 2]
      [GC Worker Start (ms): Min: 109839.6, Avg: 109839.6, Max: 109839.6, Diff: 0.0]
      [Ext Root Scanning (ms): Min: 0.3, Avg: 0.3, Max: 0.3, Diff: 0.0, Sum: 0.7]
      [Update RS (ms): Min: 0.1, Avg: 0.1, Max: 0.1, Diff: 0.0, Sum: 0.1]
         [Processed Buffers: Min: 1, Avg: 2.0, Max: 3, Diff: 2, Sum: 4]
      [Scan RS (ms): Min: 0.3, Avg: 0.3, Max: 0.3, Diff: 0.0, Sum: 0.5]
      [Code Root Scanning (ms): Min: 0.1, Avg: 0.1, Max: 0.1, Diff: 0.0, Sum: 0.2]
      [Object Copy (ms): Min: 13.4, Avg: 13.4, Max: 13.4, Diff: 0.0, Sum: 26.8]
      [Termination (ms): Min: 0.0, Avg: 0.0, Max: 0.0, Diff: 0.0, Sum: 0.0]
      [GC Worker Other (ms): Min: 0.0, Avg: 0.0, Max: 0.0, Diff: 0.0, Sum: 0.1]
      [GC Worker Total (ms): Min: 14.2, Avg: 14.2, Max: 14.2, Diff: 0.0, Sum: 28.4]
      [GC Worker End (ms): Min: 109853.8, Avg: 109853.8, Max: 109853.8, Diff: 0.0]
   [Code Root Fixup: 0.0 ms]
   [Code Root Migration: 0.0 ms]
   [Clear CT: 0.1 ms]
   [Other: 0.4 ms]
      [Choose CSet: 0.0 ms]
      [Ref Proc: 0.0 ms]
      [Ref Enq: 0.0 ms]
      [Free CSet: 0.3 ms]
   [Eden: 122.0M(122.0M)->0.0B(141.0M) Survivors: 20.0M->18.0M Heap: 356.6M(512.0M)->236.1M(512.0M)]
 [Times: user=0.03 sys=0.00, real=0.01 secs] 
2014-07-10T12:29:56.811+0200: 109.983: [GC pause (G1 Evacuation Pause) (young), 0.0200863 secs]
   [Parallel Time: 19.1 ms, GC Workers: 2]
      [GC Worker Start (ms): Min: 109983.4, Avg: 109983.4, Max: 109983.4, Diff: 0.0]
      [Ext Root Scanning (ms): Min: 0.3, Avg: 0.3, Max: 0.3, Diff: 0.0, Sum: 0.6]
      [Update RS (ms): Min: 0.1, Avg: 0.1, Max: 0.1, Diff: 0.0, Sum: 0.1]
         [Processed Buffers: Min: 1, Avg: 1.5, Max: 2, Diff: 1, Sum: 3]
      [Scan RS (ms): Min: 0.2, Avg: 0.2, Max: 0.2, Diff: 0.0, Sum: 0.5]
      [Code Root Scanning (ms): Min: 0.1, Avg: 0.1, Max: 0.1, Diff: 0.0, Sum: 0.2]
      [Object Copy (ms): Min: 18.4, Avg: 18.4, Max: 18.4, Diff: 0.0, Sum: 36.7]
      [Termination (ms): Min: 0.0, Avg: 0.0, Max: 0.0, Diff: 0.0, Sum: 0.0]
      [GC Worker Other (ms): Min: 0.0, Avg: 0.0, Max: 0.0, Diff: 0.0, Sum: 0.1]
      [GC Worker Total (ms): Min: 19.1, Avg: 19.1, Max: 19.1, Diff: 0.0, Sum: 38.2]
      [GC Worker End (ms): Min: 110002.5, Avg: 110002.5, Max: 110002.5, Diff: 0.0]
   [Code Root Fixup: 0.0 ms]
   [Code Root Migration: 0.0 ms]
   [Clear CT: 0.2 ms]
   [Other: 0.7 ms]
      [Choose CSet: 0.0 ms]
      [Ref Proc: 0.3 ms]
      [Ref Enq: 0.0 ms]
      [Free CSet: 0.3 ms]
   [Eden: 141.0M(141.0M)->0.0B(129.0M) Survivors: 18.0M->20.0M Heap: 377.1M(512.0M)->248.4M(512.0M)]
 [Times: user=0.03 sys=0.00, real=0.02 secs] 
2014-07-10T12:29:56.978+0200: 110.151: [GC pause (G1 Evacuation Pause) (young), 0.0204815 secs]
   [Parallel Time: 19.7 ms, GC Workers: 2]
      [GC Worker Start (ms): Min: 110151.2, Avg: 110151.2, Max: 110151.2, Diff: 0.0]
      [Ext Root Scanning (ms): Min: 0.6, Avg: 0.6, Max: 0.6, Diff: 0.0, Sum: 1.2]
      [Update RS (ms): Min: 0.0, Avg: 0.1, Max: 0.1, Diff: 0.1, Sum: 0.1]
         [Processed Buffers: Min: 1, Avg: 1.0, Max: 1, Diff: 0, Sum: 2]
      [Scan RS (ms): Min: 0.4, Avg: 0.4, Max: 0.4, Diff: 0.0, Sum: 0.9]
      [Code Root Scanning (ms): Min: 0.1, Avg: 0.1, Max: 0.2, Diff: 0.0, Sum: 0.3]
      [Object Copy (ms): Min: 17.9, Avg: 18.0, Max: 18.1, Diff: 0.1, Sum: 36.0]
      [Termination (ms): Min: 0.0, Avg: 0.1, Max: 0.2, Diff: 0.2, Sum: 0.2]
      [GC Worker Other (ms): Min: 0.0, Avg: 0.1, Max: 0.1, Diff: 0.0, Sum: 0.1]
      [GC Worker Total (ms): Min: 19.3, Avg: 19.4, Max: 19.4, Diff: 0.1, Sum: 38.8]
      [GC Worker End (ms): Min: 110170.6, Avg: 110170.6, Max: 110170.7, Diff: 0.1]
   [Code Root Fixup: 0.0 ms]
   [Code Root Migration: 0.0 ms]
   [Clear CT: 0.1 ms]
   [Other: 0.6 ms]
      [Choose CSet: 0.0 ms]
      [Ref Proc: 0.1 ms]
      [Ref Enq: 0.0 ms]
      [Free CSet: 0.3 ms]
   [Eden: 129.0M(129.0M)->0.0B(116.0M) Survivors: 20.0M->19.0M Heap: 377.4M(512.0M)->255.6M(512.0M)]
 [Times: user=0.03 sys=0.00, real=0.02 secs] 
2014-07-10T12:29:57.057+0200: 110.230: [GC pause (G1 Evacuation Pause) (young) (initial-mark), 0.0029843 secs]
   [Parallel Time: 2.4 ms, GC Workers: 2]
      [GC Worker Start (ms): Min: 110229.9, Avg: 110229.9, Max: 110229.9, Diff: 0.0]
      [Ext Root Scanning (ms): Min: 0.3, Avg: 0.3, Max: 0.3, Diff: 0.0, Sum: 0.6]
      [Code Root Marking (ms): Min: 0.1, Avg: 0.1, Max: 0.1, Diff: 0.0, Sum: 0.2]
      [Update RS (ms): Min: 0.0, Avg: 0.0, Max: 0.0, Diff: 0.0, Sum: 0.1]
         [Processed Buffers: Min: 1, Avg: 1.5, Max: 2, Diff: 1, Sum: 3]
      [Scan RS (ms): Min: 0.2, Avg: 0.2, Max: 0.2, Diff: 0.0, Sum: 0.4]
      [Code Root Scanning (ms): Min: 0.1, Avg: 0.1, Max: 0.1, Diff: 0.0, Sum: 0.2]
      [Object Copy (ms): Min: 1.6, Avg: 1.6, Max: 1.6, Diff: 0.0, Sum: 3.2]
      [Termination (ms): Min: 0.0, Avg: 0.0, Max: 0.0, Diff: 0.0, Sum: 0.0]
      [GC Worker Other (ms): Min: 0.0, Avg: 0.0, Max: 0.0, Diff: 0.0, Sum: 0.1]
      [GC Worker Total (ms): Min: 2.3, Avg: 2.3, Max: 2.3, Diff: 0.0, Sum: 4.6]
      [GC Worker End (ms): Min: 110232.2, Avg: 110232.2, Max: 110232.2, Diff: 0.0]
   [Code Root Fixup: 0.0 ms]
   [Code Root Migration: 0.0 ms]
   [Clear CT: 0.1 ms]
   [Other: 0.5 ms]
      [Choose CSet: 0.0 ms]
      [Ref Proc: 0.1 ms]
      [Ref Enq: 0.0 ms]
      [Free CSet: 0.2 ms]
   [Eden: 116.0M(116.0M)->0.0B(190.0M) Survivors: 19.0M->4096.0K Heap: 371.6M(512.0M)->239.7M(512.0M)]
 [Times: user=0.00 sys=0.00, real=0.00 secs] 
2014-07-10T12:29:57.060+0200: 110.233: [GC concurrent-root-region-scan-start]
2014-07-10T12:29:57.060+0200: 110.233: [GC concurrent-root-region-scan-end, 0.0001206 secs]
2014-07-10T12:29:57.060+0200: 110.233: [GC concurrent-mark-start]
2014-07-10T12:29:57.140+0200: 110.312: [GC concurrent-mark-end, 0.0062374 secs]
2014-07-10T12:29:57.140+0200: 110.313: [GC remark 110.313: [GC ref-proc, 0.0001551 secs], 0.0025693 secs]
 [Times: user=0.00 sys=0.00, real=0.00 secs] 
2014-07-10T12:29:57.222+0200: 110.394: [GC cleanup 409M->237M(512M), 0.0017620 secs]
 [Times: user=0.00 sys=0.00, real=0.00 secs] 
2014-07-10T12:29:57.224+0200: 110.396: [GC concurrent-cleanup-start]
2014-07-10T12:29:57.224+0200: 110.397: [GC concurrent-cleanup-end, 0.0005785 secs]
2014-07-10T12:29:57.237+0200: 110.410: [GC pause (G1 Evacuation Pause) (young), 0.0359630 secs]
   [Parallel Time: 35.3 ms, GC Workers: 2]
      [GC Worker Start (ms): Min: 110409.9, Avg: 110409.9, Max: 110409.9, Diff: 0.0]
      [Ext Root Scanning (ms): Min: 0.3, Avg: 0.3, Max: 0.3, Diff: 0.0, Sum: 0.6]
      [Update RS (ms): Min: 0.1, Avg: 0.1, Max: 0.1, Diff: 0.0, Sum: 0.2]
         [Processed Buffers: Min: 2, Avg: 2.0, Max: 2, Diff: 0, Sum: 4]
      [Scan RS (ms): Min: 0.3, Avg: 0.3, Max: 0.3, Diff: 0.0, Sum: 0.6]
      [Code Root Scanning (ms): Min: 0.1, Avg: 0.1, Max: 0.1, Diff: 0.0, Sum: 0.3]
      [Object Copy (ms): Min: 34.3, Avg: 34.3, Max: 34.4, Diff: 0.0, Sum: 68.7]
      [Termination (ms): Min: 0.0, Avg: 0.0, Max: 0.0, Diff: 0.0, Sum: 0.0]
      [GC Worker Other (ms): Min: 0.0, Avg: 0.0, Max: 0.0, Diff: 0.0, Sum: 0.1]
      [GC Worker Total (ms): Min: 35.2, Avg: 35.2, Max: 35.2, Diff: 0.0, Sum: 70.4]
      [GC Worker End (ms): Min: 110445.1, Avg: 110445.1, Max: 110445.1, Diff: 0.0]
   [Code Root Fixup: 0.0 ms]
   [Code Root Migration: 0.0 ms]
   [Clear CT: 0.1 ms]
   [Other: 0.5 ms]
      [Choose CSet: 0.0 ms]
      [Ref Proc: 0.1 ms]
      [Ref Enq: 0.0 ms]
      [Free CSet: 0.3 ms]
   [Eden: 190.0M(190.0M)->0.0B(125.0M) Survivors: 4096.0K->25.0M Heap: 257.7M(512.0M)->120.5M(512.0M)]
 [Times: user=0.09 sys=0.00, real=0.04 secs] 
2014-07-10T12:29:57.387+0200: 110.560: [GC pause (G1 Evacuation Pause) (mixed), 0.0317128 secs]
   [Parallel Time: 31.0 ms, GC Workers: 2]
      [GC Worker Start (ms): Min: 110560.0, Avg: 110560.0, Max: 110560.0, Diff: 0.0]
      [Ext Root Scanning (ms): Min: 0.3, Avg: 0.3, Max: 0.3, Diff: 0.0, Sum: 0.6]
      [Update RS (ms): Min: 0.0, Avg: 0.0, Max: 0.1, Diff: 0.0, Sum: 0.1]
         [Processed Buffers: Min: 1, Avg: 1.5, Max: 2, Diff: 1, Sum: 3]
      [Scan RS (ms): Min: 0.3, Avg: 0.3, Max: 0.3, Diff: 0.0, Sum: 0.5]
      [Code Root Scanning (ms): Min: 0.1, Avg: 0.1, Max: 0.1, Diff: 0.0, Sum: 0.2]
      [Object Copy (ms): Min: 30.1, Avg: 30.1, Max: 30.1, Diff: 0.0, Sum: 60.2]
      [Termination (ms): Min: 0.0, Avg: 0.0, Max: 0.0, Diff: 0.0, Sum: 0.0]
      [GC Worker Other (ms): Min: 0.0, Avg: 0.0, Max: 0.0, Diff: 0.0, Sum: 0.1]
      [GC Worker Total (ms): Min: 30.9, Avg: 30.9, Max: 30.9, Diff: 0.0, Sum: 61.8]
      [GC Worker End (ms): Min: 110590.9, Avg: 110590.9, Max: 110590.9, Diff: 0.0]
   [Code Root Fixup: 0.0 ms]
   [Code Root Migration: 0.0 ms]
   [Clear CT: 0.3 ms]
   [Other: 0.4 ms]
      [Choose CSet: 0.0 ms]
      [Ref Proc: 0.0 ms]
      [Ref Enq: 0.0 ms]
      [Free CSet: 0.2 ms]
   [Eden: 125.0M(125.0M)->0.0B(116.0M) Survivors: 25.0M->19.0M Heap: 245.5M(512.0M)->136.4M(512.0M)]
 [Times: user=0.06 sys=0.00, real=0.03 secs] 
2014-07-10T12:29:57.476+0200: 110.649: [GC pause (G1 Evacuation Pause) (mixed), 0.0214953 secs]
   [Parallel Time: 20.8 ms, GC Workers: 2]
      [GC Worker Start (ms): Min: 110648.9, Avg: 110648.9, Max: 110648.9, Diff: 0.0]
      [Ext Root Scanning (ms): Min: 0.3, Avg: 0.3, Max: 0.3, Diff: 0.0, Sum: 0.7]
      [Update RS (ms): Min: 0.1, Avg: 0.1, Max: 0.1, Diff: 0.0, Sum: 0.2]
         [Processed Buffers: Min: 1, Avg: 1.5, Max: 2, Diff: 1, Sum: 3]
      [Scan RS (ms): Min: 0.2, Avg: 0.2, Max: 0.2, Diff: 0.0, Sum: 0.5]
      [Code Root Scanning (ms): Min: 0.1, Avg: 0.1, Max: 0.1, Diff: 0.0, Sum: 0.2]
      [Object Copy (ms): Min: 20.0, Avg: 20.0, Max: 20.0, Diff: 0.0, Sum: 39.9]
      [Termination (ms): Min: 0.0, Avg: 0.0, Max: 0.0, Diff: 0.0, Sum: 0.0]
      [GC Worker Other (ms): Min: 0.0, Avg: 0.0, Max: 0.0, Diff: 0.0, Sum: 0.1]
      [GC Worker Total (ms): Min: 20.7, Avg: 20.7, Max: 20.7, Diff: 0.0, Sum: 41.5]
      [GC Worker End (ms): Min: 110669.6, Avg: 110669.6, Max: 110669.6, Diff: 0.0]
   [Code Root Fixup: 0.0 ms]
   [Code Root Migration: 0.0 ms]
   [Clear CT: 0.1 ms]
   [Other: 0.6 ms]
      [Choose CSet: 0.0 ms]
      [Ref Proc: 0.1 ms]
      [Ref Enq: 0.0 ms]
      [Free CSet: 0.4 ms]
   [Eden: 116.0M(116.0M)->0.0B(137.0M) Survivors: 19.0M->17.0M Heap: 252.4M(512.0M)->146.1M(512.0M)]
 [Times: user=0.03 sys=0.00, real=0.02 secs] 
2014-07-10T12:29:57.626+0200: 110.799: [GC pause (G1 Evacuation Pause) (young), 0.0205065 secs]
   [Parallel Time: 19.8 ms, GC Workers: 2]
      [GC Worker Start (ms): Min: 110799.2, Avg: 110799.2, Max: 110799.3, Diff: 0.0]
      [Ext Root Scanning (ms): Min: 0.4, Avg: 0.4, Max: 0.4, Diff: 0.0, Sum: 0.7]
      [Update RS (ms): Min: 0.1, Avg: 0.2, Max: 0.2, Diff: 0.0, Sum: 0.3]
         [Processed Buffers: Min: 1, Avg: 1.5, Max: 2, Diff: 1, Sum: 3]
      [Scan RS (ms): Min: 0.3, Avg: 0.3, Max: 0.3, Diff: 0.0, Sum: 0.6]
      [Code Root Scanning (ms): Min: 0.1, Avg: 0.1, Max: 0.1, Diff: 0.0, Sum: 0.2]
      [Object Copy (ms): Min: 18.8, Avg: 18.8, Max: 18.8, Diff: 0.0, Sum: 37.5]
      [Termination (ms): Min: 0.0, Avg: 0.0, Max: 0.0, Diff: 0.0, Sum: 0.0]
      [GC Worker Other (ms): Min: 0.0, Avg: 0.0, Max: 0.0, Diff: 0.0, Sum: 0.1]
      [GC Worker Total (ms): Min: 19.7, Avg: 19.7, Max: 19.7, Diff: 0.0, Sum: 39.4]
      [GC Worker End (ms): Min: 110819.0, Avg: 110819.0, Max: 110819.0, Diff: 0.0]
   [Code Root Fixup: 0.0 ms]
   [Code Root Migration: 0.0 ms]
   [Clear CT: 0.1 ms]
   [Other: 0.5 ms]
      [Choose CSet: 0.0 ms]
      [Ref Proc: 0.1 ms]
      [Ref Enq: 0.0 ms]
      [Free CSet: 0.3 ms]
   [Eden: 137.0M(137.0M)->0.0B(125.0M) Survivors: 17.0M->20.0M Heap: 283.1M(512.0M)->158.5M(512.0M)]
 [Times: user=0.06 sys=0.00, real=0.02 secs] 
2014-07-10T12:29:57.774+0200: 110.947: [GC pause (G1 Evacuation Pause) (young), 0.0214828 secs]
   [Parallel Time: 20.8 ms, GC Workers: 2]
      [GC Worker Start (ms): Min: 110947.3, Avg: 110947.3, Max: 110947.3, Diff: 0.0]
      [Ext Root Scanning (ms): Min: 0.6, Avg: 0.6, Max: 0.6, Diff: 0.0, Sum: 1.1]
      [Update RS (ms): Min: 0.1, Avg: 0.1, Max: 0.1, Diff: 0.0, Sum: 0.1]
         [Processed Buffers: Min: 1, Avg: 1.5, Max: 2, Diff: 1, Sum: 3]
      [Scan RS (ms): Min: 0.4, Avg: 0.4, Max: 0.4, Diff: 0.0, Sum: 0.8]
      [Code Root Scanning (ms): Min: 0.1, Avg: 0.1, Max: 0.1, Diff: 0.0, Sum: 0.3]
      [Object Copy (ms): Min: 19.5, Avg: 19.5, Max: 19.5, Diff: 0.0, Sum: 38.9]
      [Termination (ms): Min: 0.0, Avg: 0.0, Max: 0.0, Diff: 0.0, Sum: 0.0]
      [GC Worker Other (ms): Min: 0.0, Avg: 0.0, Max: 0.0, Diff: 0.0, Sum: 0.1]
      [GC Worker Total (ms): Min: 20.7, Avg: 20.7, Max: 20.7, Diff: 0.0, Sum: 41.4]
      [GC Worker End (ms): Min: 110968.0, Avg: 110968.0, Max: 110968.0, Diff: 0.0]
   [Code Root Fixup: 0.0 ms]
   [Code Root Migration: 0.0 ms]
   [Clear CT: 0.1 ms]
   [Other: 0.6 ms]
      [Choose CSet: 0.0 ms]
      [Ref Proc: 0.1 ms]
      [Ref Enq: 0.0 ms]
      [Free CSet: 0.3 ms]
   [Eden: 125.0M(125.0M)->0.0B(115.0M) Survivors: 20.0M->19.0M Heap: 283.5M(512.0M)->160.8M(512.0M)]
 [Times: user=0.03 sys=0.00, real=0.02 secs] 
2014-07-10T12:29:57.858+0200: 111.031: [GC pause (G1 Evacuation Pause) (young), 0.0044010 secs]
   [Parallel Time: 3.9 ms, GC Workers: 2]
      [GC Worker Start (ms): Min: 111031.0, Avg: 111031.0, Max: 111031.0, Diff: 0.0]
      [Ext Root Scanning (ms): Min: 0.2, Avg: 0.2, Max: 0.2, Diff: 0.0, Sum: 0.5]
      [Update RS (ms): Min: 0.0, Avg: 0.1, Max: 0.1, Diff: 0.1, Sum: 0.1]
         [Processed Buffers: Min: 1, Avg: 1.5, Max: 2, Diff: 1, Sum: 3]
      [Scan RS (ms): Min: 0.2, Avg: 0.2, Max: 0.2, Diff: 0.0, Sum: 0.4]
      [Code Root Scanning (ms): Min: 0.1, Avg: 0.1, Max: 0.1, Diff: 0.0, Sum: 0.2]
      [Object Copy (ms): Min: 3.2, Avg: 3.2, Max: 3.2, Diff: 0.0, Sum: 6.4]
      [Termination (ms): Min: 0.0, Avg: 0.0, Max: 0.0, Diff: 0.0, Sum: 0.0]
      [GC Worker Other (ms): Min: 0.0, Avg: 0.0, Max: 0.0, Diff: 0.0, Sum: 0.1]
      [GC Worker Total (ms): Min: 3.8, Avg: 3.8, Max: 3.8, Diff: 0.0, Sum: 7.7]
      [GC Worker End (ms): Min: 111034.9, Avg: 111034.9, Max: 111034.9, Diff: 0.0]
   [Code Root Fixup: 0.0 ms]
   [Code Root Migration: 0.0 ms]
   [Clear CT: 0.1 ms]
   [Other: 0.4 ms]
      [Choose CSet: 0.0 ms]
      [Ref Proc: 0.1 ms]
      [Ref Enq: 0.0 ms]
      [Free CSet: 0.2 ms]
   [Eden: 115.0M(115.0M)->0.0B(130.0M) Survivors: 19.0M->6144.0K Heap: 275.8M(512.0M)->147.0M(512.0M)]
 [Times: user=0.00 sys=0.00, real=0.00 secs] 
2014-07-10T12:29:57.992+0200: 111.165: [GC pause (G1 Evacuation Pause) (young), 0.0028362 secs]
   [Parallel Time: 2.1 ms, GC Workers: 2]
      [GC Worker Start (ms): Min: 111164.6, Avg: 111164.6, Max: 111164.6, Diff: 0.0]
      [Ext Root Scanning (ms): Min: 0.2, Avg: 0.2, Max: 0.2, Diff: 0.0, Sum: 0.5]
      [Update RS (ms): Min: 0.0, Avg: 0.0, Max: 0.0, Diff: 0.0, Sum: 0.0]
         [Processed Buffers: Min: 1, Avg: 1.5, Max: 2, Diff: 1, Sum: 3]
      [Scan RS (ms): Min: 0.2, Avg: 0.2, Max: 0.2, Diff: 0.0, Sum: 0.4]
      [Code Root Scanning (ms): Min: 0.1, Avg: 0.1, Max: 0.1, Diff: 0.0, Sum: 0.2]
      [Object Copy (ms): Min: 1.5, Avg: 1.5, Max: 1.5, Diff: 0.0, Sum: 3.1]
      [Termination (ms): Min: 0.0, Avg: 0.0, Max: 0.0, Diff: 0.0, Sum: 0.0]
      [GC Worker Other (ms): Min: 0.0, Avg: 0.0, Max: 0.0, Diff: 0.0, Sum: 0.1]
      [GC Worker Total (ms): Min: 2.1, Avg: 2.1, Max: 2.1, Diff: 0.0, Sum: 4.2]
      [GC Worker End (ms): Min: 111166.7, Avg: 111166.7, Max: 111166.7, Diff: 0.0]
   [Code Root Fixup: 0.0 ms]
   [Code Root Migration: 0.0 ms]
   [Clear CT: 0.1 ms]
   [Other: 0.5 ms]
      [Choose CSet: 0.0 ms]
      [Ref Proc: 0.1 ms]
      [Ref Enq: 0.0 ms]
      [Free CSet: 0.3 ms]
   [Eden: 130.0M(130.0M)->0.0B(289.0M) Survivors: 6144.0K->4096.0K Heap: 277.0M(512.0M)->144.9M(512.0M)]
 [Times: user=0.00 sys=0.00, real=0.00 secs] 
2014-07-10T12:29:58.261+0200: 111.434: [GC pause (G1 Evacuation Pause) (young), 0.0090846 secs]
   [Parallel Time: 8.2 ms, GC Workers: 2]
      [GC Worker Start (ms): Min: 111434.1, Avg: 111434.1, Max: 111434.1, Diff: 0.0]
      [Ext Root Scanning (ms): Min: 0.4, Avg: 0.4, Max: 0.4, Diff: 0.0, Sum: 0.7]
      [Update RS (ms): Min: 0.0, Avg: 0.1, Max: 0.1, Diff: 0.1, Sum: 0.1]
         [Processed Buffers: Min: 2, Avg: 2.0, Max: 2, Diff: 0, Sum: 4]
      [Scan RS (ms): Min: 0.4, Avg: 0.4, Max: 0.5, Diff: 0.0, Sum: 0.9]
      [Code Root Scanning (ms): Min: 0.2, Avg: 0.2, Max: 0.2, Diff: 0.0, Sum: 0.4]
      [Object Copy (ms): Min: 7.1, Avg: 7.1, Max: 7.1, Diff: 0.0, Sum: 14.2]
      [Termination (ms): Min: 0.0, Avg: 0.0, Max: 0.0, Diff: 0.0, Sum: 0.0]
      [GC Worker Other (ms): Min: 0.0, Avg: 0.0, Max: 0.0, Diff: 0.0, Sum: 0.1]
      [GC Worker Total (ms): Min: 8.2, Avg: 8.2, Max: 8.2, Diff: 0.0, Sum: 16.4]
      [GC Worker End (ms): Min: 111442.4, Avg: 111442.4, Max: 111442.4, Diff: 0.0]
   [Code Root Fixup: 0.0 ms]
   [Code Root Migration: 0.1 ms]
   [Clear CT: 0.3 ms]
   [Other: 0.5 ms]
      [Choose CSet: 0.0 ms]
      [Ref Proc: 0.1 ms]
      [Ref Enq: 0.0 ms]
      [Free CSet: 0.3 ms]
   [Eden: 289.0M(289.0M)->0.0B(283.0M) Survivors: 4096.0K->12.0M Heap: 433.9M(512.0M)->153.5M(512.0M)]
 [Times: user=0.03 sys=0.00, real=0.01 secs] 
2014-07-10T12:29:58.572+0200: 111.745: [GC pause (G1 Evacuation Pause) (young), 0.0167174 secs]
   [Parallel Time: 15.7 ms, GC Workers: 2]
      [GC Worker Start (ms): Min: 111744.6, Avg: 111744.6, Max: 111744.7, Diff: 0.0]
      [Ext Root Scanning (ms): Min: 0.3, Avg: 0.3, Max: 0.4, Diff: 0.0, Sum: 0.7]
      [Update RS (ms): Min: 0.0, Avg: 0.1, Max: 0.1, Diff: 0.1, Sum: 0.1]
         [Processed Buffers: Min: 1, Avg: 1.5, Max: 2, Diff: 1, Sum: 3]
      [Scan RS (ms): Min: 0.5, Avg: 0.5, Max: 0.6, Diff: 0.1, Sum: 1.1]
      [Code Root Scanning (ms): Min: 0.2, Avg: 0.2, Max: 0.2, Diff: 0.0, Sum: 0.4]
      [Object Copy (ms): Min: 14.4, Avg: 14.4, Max: 14.4, Diff: 0.0, Sum: 28.9]
      [Termination (ms): Min: 0.0, Avg: 0.0, Max: 0.0, Diff: 0.0, Sum: 0.0]
      [GC Worker Other (ms): Min: 0.0, Avg: 0.0, Max: 0.0, Diff: 0.0, Sum: 0.1]
      [GC Worker Total (ms): Min: 15.6, Avg: 15.6, Max: 15.7, Diff: 0.0, Sum: 31.3]
      [GC Worker End (ms): Min: 111760.3, Avg: 111760.3, Max: 111760.3, Diff: 0.0]
   [Code Root Fixup: 0.0 ms]
   [Code Root Migration: 0.1 ms]
   [Clear CT: 0.2 ms]
   [Other: 0.7 ms]
      [Choose CSet: 0.0 ms]
      [Ref Proc: 0.1 ms]
      [Ref Enq: 0.0 ms]
      [Free CSet: 0.5 ms]
   [Eden: 283.0M(283.0M)->0.0B(271.0M) Survivors: 12.0M->23.0M Heap: 436.5M(512.0M)->164.3M(512.0M)]
 [Times: user=0.03 sys=0.00, real=0.02 secs] 
2014-07-10T12:29:58.825+0200: 111.998: [GC pause (G1 Evacuation Pause) (young), 0.0201871 secs]
   [Parallel Time: 19.3 ms, GC Workers: 2]
      [GC Worker Start (ms): Min: 111998.2, Avg: 111998.2, Max: 111998.2, Diff: 0.0]
      [Ext Root Scanning (ms): Min: 0.3, Avg: 0.3, Max: 0.4, Diff: 0.0, Sum: 0.7]
      [Update RS (ms): Min: 0.0, Avg: 0.1, Max: 0.1, Diff: 0.1, Sum: 0.1]
         [Processed Buffers: Min: 1, Avg: 1.5, Max: 2, Diff: 1, Sum: 3]
      [Scan RS (ms): Min: 0.5, Avg: 0.5, Max: 0.5, Diff: 0.1, Sum: 1.0]
      [Code Root Scanning (ms): Min: 0.2, Avg: 0.2, Max: 0.2, Diff: 0.0, Sum: 0.4]
      [Object Copy (ms): Min: 18.1, Avg: 18.1, Max: 18.1, Diff: 0.0, Sum: 36.2]
      [Termination (ms): Min: 0.0, Avg: 0.0, Max: 0.0, Diff: 0.0, Sum: 0.0]
      [GC Worker Other (ms): Min: 0.0, Avg: 0.0, Max: 0.0, Diff: 0.0, Sum: 0.1]
      [GC Worker Total (ms): Min: 19.2, Avg: 19.2, Max: 19.2, Diff: 0.0, Sum: 38.5]
      [GC Worker End (ms): Min: 112017.4, Avg: 112017.4, Max: 112017.4, Diff: 0.0]
   [Code Root Fixup: 0.0 ms]
   [Code Root Migration: 0.1 ms]
   [Clear CT: 0.2 ms]
   [Other: 0.6 ms]
      [Choose CSet: 0.0 ms]
      [Ref Proc: 0.0 ms]
      [Ref Enq: 0.0 ms]
      [Free CSet: 0.4 ms]
   [Eden: 271.0M(271.0M)->0.0B(258.0M) Survivors: 23.0M->30.0M Heap: 435.3M(512.0M)->171.1M(512.0M)]
 [Times: user=0.02 sys=0.00, real=0.02 secs] 
2014-07-10T12:29:59.060+0200: 112.233: [GC pause (G1 Evacuation Pause) (young), 0.0089552 secs]
   [Parallel Time: 8.0 ms, GC Workers: 2]
      [GC Worker Start (ms): Min: 112232.8, Avg: 112236.6, Max: 112240.5, Diff: 7.7]
      [Ext Root Scanning (ms): Min: 0.0, Avg: 0.2, Max: 0.3, Diff: 0.3, Sum: 0.4]
      [Update RS (ms): Min: 0.0, Avg: 0.1, Max: 0.1, Diff: 0.1, Sum: 0.1]
         [Processed Buffers: Min: 0, Avg: 2.0, Max: 4, Diff: 4, Sum: 4]
      [Scan RS (ms): Min: 0.0, Avg: 0.4, Max: 0.8, Diff: 0.7, Sum: 0.8]
      [Code Root Scanning (ms): Min: 0.0, Avg: 0.2, Max: 0.3, Diff: 0.3, Sum: 0.3]
      [Object Copy (ms): Min: 0.0, Avg: 3.1, Max: 6.1, Diff: 6.1, Sum: 6.1]
      [Termination (ms): Min: 0.0, Avg: 0.1, Max: 0.3, Diff: 0.3, Sum: 0.3]
      [GC Worker Other (ms): Min: 0.0, Avg: 0.0, Max: 0.0, Diff: 0.0, Sum: 0.1]
      [GC Worker Total (ms): Min: 0.1, Avg: 4.0, Max: 8.0, Diff: 7.9, Sum: 8.1]
      [GC Worker End (ms): Min: 112240.6, Avg: 112240.7, Max: 112240.8, Diff: 0.2]
   [Code Root Fixup: 0.0 ms]
   [Code Root Migration: 0.0 ms]
   [Clear CT: 0.4 ms]
   [Other: 0.5 ms]
      [Choose CSet: 0.0 ms]
      [Ref Proc: 0.1 ms]
      [Ref Enq: 0.0 ms]
      [Free CSet: 0.4 ms]
   [Eden: 258.0M(258.0M)->0.0B(284.0M) Survivors: 30.0M->10.0M Heap: 429.1M(512.0M)->151.7M(512.0M)]
 [Times: user=0.02 sys=0.00, real=0.01 secs] 
2014-07-10T12:29:59.380+0200: 112.553: [GC pause (G1 Evacuation Pause) (young), 0.0210883 secs]
   [Parallel Time: 20.0 ms, GC Workers: 2]
      [GC Worker Start (ms): Min: 112553.0, Avg: 112555.1, Max: 112557.3, Diff: 4.3]
      [Ext Root Scanning (ms): Min: 0.0, Avg: 0.3, Max: 0.5, Diff: 0.5, Sum: 0.5]
      [Update RS (ms): Min: 0.0, Avg: 0.1, Max: 0.1, Diff: 0.1, Sum: 0.1]
         [Processed Buffers: Min: 0, Avg: 1.0, Max: 2, Diff: 2, Sum: 2]
      [Scan RS (ms): Min: 0.1, Avg: 0.5, Max: 1.0, Diff: 0.9, Sum: 1.1]
      [Code Root Scanning (ms): Min: 0.0, Avg: 0.2, Max: 0.4, Diff: 0.4, Sum: 0.4]
      [Object Copy (ms): Min: 15.6, Avg: 16.8, Max: 18.0, Diff: 2.4, Sum: 33.5]
      [Termination (ms): Min: 0.0, Avg: 0.0, Max: 0.0, Diff: 0.0, Sum: 0.0]
      [GC Worker Other (ms): Min: 0.0, Avg: 0.0, Max: 0.0, Diff: 0.0, Sum: 0.1]
      [GC Worker Total (ms): Min: 15.7, Avg: 17.8, Max: 20.0, Diff: 4.3, Sum: 35.7]
      [GC Worker End (ms): Min: 112573.0, Avg: 112573.0, Max: 112573.0, Diff: 0.0]
   [Code Root Fixup: 0.0 ms]
   [Code Root Migration: 0.1 ms]
   [Clear CT: 0.2 ms]
   [Other: 0.8 ms]
      [Choose CSet: 0.0 ms]
      [Ref Proc: 0.1 ms]
      [Ref Enq: 0.0 ms]
      [Free CSet: 0.5 ms]
   [Eden: 284.0M(284.0M)->0.0B(258.0M) Survivors: 10.0M->30.0M Heap: 435.7M(512.0M)->171.4M(512.0M)]
 [Times: user=0.03 sys=0.00, real=0.02 secs] 
2014-07-10T12:29:59.609+0200: 112.782: [GC pause (G1 Evacuation Pause) (young), 0.0098707 secs]
   [Parallel Time: 8.7 ms, GC Workers: 2]
      [GC Worker Start (ms): Min: 112782.1, Avg: 112782.2, Max: 112782.2, Diff: 0.0]
      [Ext Root Scanning (ms): Min: 0.4, Avg: 0.4, Max: 0.4, Diff: 0.0, Sum: 0.8]
      [Update RS (ms): Min: 0.1, Avg: 0.1, Max: 0.1, Diff: 0.0, Sum: 0.1]
         [Processed Buffers: Min: 1, Avg: 1.5, Max: 2, Diff: 1, Sum: 3]
      [Scan RS (ms): Min: 0.5, Avg: 0.5, Max: 0.5, Diff: 0.0, Sum: 1.0]
      [Code Root Scanning (ms): Min: 0.2, Avg: 0.2, Max: 0.2, Diff: 0.0, Sum: 0.4]
      [Object Copy (ms): Min: 7.4, Avg: 7.4, Max: 7.4, Diff: 0.0, Sum: 14.8]
      [Termination (ms): Min: 0.0, Avg: 0.0, Max: 0.0, Diff: 0.0, Sum: 0.0]
      [GC Worker Other (ms): Min: 0.0, Avg: 0.0, Max: 0.0, Diff: 0.0, Sum: 0.1]
      [GC Worker Total (ms): Min: 8.6, Avg: 8.6, Max: 8.6, Diff: 0.0, Sum: 17.2]
      [GC Worker End (ms): Min: 112790.8, Avg: 112790.8, Max: 112790.8, Diff: 0.0]
   [Code Root Fixup: 0.0 ms]
   [Code Root Migration: 0.1 ms]
   [Clear CT: 0.2 ms]
   [Other: 0.9 ms]
      [Choose CSet: 0.0 ms]
      [Ref Proc: 0.2 ms]
      [Ref Enq: 0.0 ms]
      [Free CSet: 0.5 ms]
   [Eden: 258.0M(258.0M)->0.0B(281.0M) Survivors: 30.0M->12.0M Heap: 429.4M(512.0M)->153.1M(512.0M)]
 [Times: user=0.03 sys=0.00, real=0.01 secs] 
2014-07-10T12:29:59.868+0200: 113.041: [GC pause (G1 Evacuation Pause) (young), 0.0192112 secs]
   [Parallel Time: 18.1 ms, GC Workers: 2]
      [GC Worker Start (ms): Min: 113040.8, Avg: 113040.8, Max: 113040.8, Diff: 0.0]
      [Ext Root Scanning (ms): Min: 0.3, Avg: 0.3, Max: 0.3, Diff: 0.0, Sum: 0.6]
      [Update RS (ms): Min: 0.1, Avg: 0.1, Max: 0.1, Diff: 0.0, Sum: 0.2]
         [Processed Buffers: Min: 1, Avg: 1.5, Max: 2, Diff: 1, Sum: 3]
      [Scan RS (ms): Min: 0.4, Avg: 0.4, Max: 0.5, Diff: 0.0, Sum: 0.9]
      [Code Root Scanning (ms): Min: 0.2, Avg: 0.2, Max: 0.2, Diff: 0.0, Sum: 0.4]
      [Object Copy (ms): Min: 17.0, Avg: 17.0, Max: 17.0, Diff: 0.0, Sum: 33.9]
      [Termination (ms): Min: 0.0, Avg: 0.0, Max: 0.0, Diff: 0.0, Sum: 0.0]
      [GC Worker Other (ms): Min: 0.0, Avg: 0.0, Max: 0.0, Diff: 0.0, Sum: 0.1]
      [GC Worker Total (ms): Min: 18.0, Avg: 18.0, Max: 18.1, Diff: 0.0, Sum: 36.1]
      [GC Worker End (ms): Min: 113058.9, Avg: 113058.9, Max: 113058.9, Diff: 0.0]
   [Code Root Fixup: 0.0 ms]
   [Code Root Migration: 0.1 ms]
   [Clear CT: 0.2 ms]
   [Other: 0.8 ms]
      [Choose CSet: 0.0 ms]
      [Ref Proc: 0.3 ms]
      [Ref Enq: 0.0 ms]
      [Free CSet: 0.4 ms]
   [Eden: 281.0M(281.0M)->0.0B(261.0M) Survivors: 12.0M->28.0M Heap: 434.1M(512.0M)->169.9M(512.0M)]
 [Times: user=0.03 sys=0.00, real=0.02 secs] 
2014-07-10T12:30:00.161+0200: 113.334: [GC pause (G1 Evacuation Pause) (young), 0.0103432 secs]
   [Parallel Time: 9.4 ms, GC Workers: 2]
      [GC Worker Start (ms): Min: 113334.3, Avg: 113335.3, Max: 113336.3, Diff: 2.0]
      [Ext Root Scanning (ms): Min: 0.0, Avg: 0.3, Max: 0.5, Diff: 0.5, Sum: 0.5]
      [Update RS (ms): Min: 0.0, Avg: 0.1, Max: 0.1, Diff: 0.1, Sum: 0.1]
         [Processed Buffers: Min: 0, Avg: 2.0, Max: 4, Diff: 4, Sum: 4]
      [Scan RS (ms): Min: 0.0, Avg: 0.4, Max: 0.8, Diff: 0.8, Sum: 0.8]
      [Code Root Scanning (ms): Min: 0.0, Avg: 0.2, Max: 0.3, Diff: 0.3, Sum: 0.3]
      [Object Copy (ms): Min: 7.3, Avg: 7.4, Max: 7.5, Diff: 0.2, Sum: 14.8]
      [Termination (ms): Min: 0.0, Avg: 0.0, Max: 0.0, Diff: 0.0, Sum: 0.0]
      [GC Worker Other (ms): Min: 0.0, Avg: 0.0, Max: 0.0, Diff: 0.0, Sum: 0.1]
      [GC Worker Total (ms): Min: 7.4, Avg: 8.3, Max: 9.3, Diff: 2.0, Sum: 16.7]
      [GC Worker End (ms): Min: 113343.7, Avg: 113343.7, Max: 113343.7, Diff: 0.0]
   [Code Root Fixup: 0.0 ms]
   [Code Root Migration: 0.1 ms]
   [Clear CT: 0.2 ms]
   [Other: 0.6 ms]
      [Choose CSet: 0.0 ms]
      [Ref Proc: 0.1 ms]
      [Ref Enq: 0.0 ms]
      [Free CSet: 0.4 ms]
   [Eden: 261.0M(261.0M)->0.0B(281.0M) Survivors: 28.0M->13.0M Heap: 430.9M(512.0M)->154.5M(512.0M)]
 [Times: user=0.00 sys=0.00, real=0.01 secs] 
2014-07-10T12:30:00.423+0200: 113.596: [GC pause (G1 Evacuation Pause) (young), 0.0203078 secs]
   [Parallel Time: 19.3 ms, GC Workers: 2]
      [GC Worker Start (ms): Min: 113595.9, Avg: 113595.9, Max: 113595.9, Diff: 0.0]
      [Ext Root Scanning (ms): Min: 0.3, Avg: 0.4, Max: 0.4, Diff: 0.0, Sum: 0.7]
      [Update RS (ms): Min: 0.0, Avg: 0.1, Max: 0.1, Diff: 0.1, Sum: 0.2]
         [Processed Buffers: Min: 1, Avg: 1.0, Max: 1, Diff: 0, Sum: 2]
      [Scan RS (ms): Min: 0.5, Avg: 0.5, Max: 0.6, Diff: 0.1, Sum: 1.0]
      [Code Root Scanning (ms): Min: 0.2, Avg: 0.2, Max: 0.2, Diff: 0.0, Sum: 0.4]
      [Object Copy (ms): Min: 18.0, Avg: 18.0, Max: 18.0, Diff: 0.0, Sum: 36.0]
      [Termination (ms): Min: 0.0, Avg: 0.0, Max: 0.0, Diff: 0.0, Sum: 0.0]
      [GC Worker Other (ms): Min: 0.1, Avg: 0.1, Max: 0.1, Diff: 0.0, Sum: 0.2]
      [GC Worker Total (ms): Min: 19.2, Avg: 19.2, Max: 19.3, Diff: 0.1, Sum: 38.5]
      [GC Worker End (ms): Min: 113615.1, Avg: 113615.1, Max: 113615.2, Diff: 0.1]
   [Code Root Fixup: 0.0 ms]
   [Code Root Migration: 0.1 ms]
   [Clear CT: 0.2 ms]
   [Other: 0.7 ms]
      [Choose CSet: 0.0 ms]
      [Ref Proc: 0.1 ms]
      [Ref Enq: 0.0 ms]
      [Free CSet: 0.5 ms]
   [Eden: 281.0M(281.0M)->0.0B(257.0M) Survivors: 13.0M->30.0M Heap: 435.5M(512.0M)->171.3M(512.0M)]
 [Times: user=0.03 sys=0.00, real=0.02 secs] 
2014-07-10T12:30:00.662+0200: 113.835: [GC pause (G1 Evacuation Pause) (young), 0.0103370 secs]
   [Parallel Time: 9.5 ms, GC Workers: 2]
      [GC Worker Start (ms): Min: 113835.1, Avg: 113835.1, Max: 113835.1, Diff: 0.0]
      [Ext Root Scanning (ms): Min: 0.3, Avg: 0.3, Max: 0.3, Diff: 0.0, Sum: 0.6]
      [Update RS (ms): Min: 0.0, Avg: 0.1, Max: 0.1, Diff: 0.1, Sum: 0.1]
         [Processed Buffers: Min: 1, Avg: 1.0, Max: 1, Diff: 0, Sum: 2]
      [Scan RS (ms): Min: 0.4, Avg: 0.4, Max: 0.5, Diff: 0.1, Sum: 0.9]
      [Code Root Scanning (ms): Min: 0.2, Avg: 0.2, Max: 0.2, Diff: 0.0, Sum: 0.4]
      [Object Copy (ms): Min: 8.4, Avg: 8.4, Max: 8.5, Diff: 0.0, Sum: 16.9]
      [Termination (ms): Min: 0.0, Avg: 0.0, Max: 0.0, Diff: 0.0, Sum: 0.0]
      [GC Worker Other (ms): Min: 0.0, Avg: 0.0, Max: 0.0, Diff: 0.0, Sum: 0.1]
      [GC Worker Total (ms): Min: 9.5, Avg: 9.5, Max: 9.5, Diff: 0.0, Sum: 18.9]
      [GC Worker End (ms): Min: 113844.6, Avg: 113844.6, Max: 113844.6, Diff: 0.0]
   [Code Root Fixup: 0.0 ms]
   [Code Root Migration: 0.1 ms]
   [Clear CT: 0.2 ms]
   [Other: 0.6 ms]
      [Choose CSet: 0.0 ms]
      [Ref Proc: 0.1 ms]
      [Ref Enq: 0.0 ms]
      [Free CSet: 0.4 ms]
   [Eden: 257.0M(257.0M)->0.0B(279.0M) Survivors: 30.0M->14.0M Heap: 428.3M(512.0M)->156.0M(512.0M)]
 [Times: user=0.00 sys=0.02, real=0.01 secs] 
2014-07-10T12:30:00.975+0200: 114.148: [GC pause (G1 Evacuation Pause) (young), 0.0207059 secs]
   [Parallel Time: 19.6 ms, GC Workers: 2]
      [GC Worker Start (ms): Min: 114147.9, Avg: 114147.9, Max: 114147.9, Diff: 0.0]
      [Ext Root Scanning (ms): Min: 0.4, Avg: 0.4, Max: 0.4, Diff: 0.0, Sum: 0.7]
      [Update RS (ms): Min: 0.0, Avg: 0.1, Max: 0.1, Diff: 0.1, Sum: 0.1]
         [Processed Buffers: Min: 1, Avg: 1.0, Max: 1, Diff: 0, Sum: 2]
      [Scan RS (ms): Min: 0.5, Avg: 0.5, Max: 0.5, Diff: 0.1, Sum: 1.0]
      [Code Root Scanning (ms): Min: 0.2, Avg: 0.2, Max: 0.2, Diff: 0.0, Sum: 0.4]
      [Object Copy (ms): Min: 18.3, Avg: 18.3, Max: 18.3, Diff: 0.0, Sum: 36.7]
      [Termination (ms): Min: 0.0, Avg: 0.0, Max: 0.0, Diff: 0.0, Sum: 0.0]
      [GC Worker Other (ms): Min: 0.0, Avg: 0.0, Max: 0.0, Diff: 0.0, Sum: 0.1]
      [GC Worker Total (ms): Min: 19.5, Avg: 19.5, Max: 19.5, Diff: 0.0, Sum: 39.0]
      [GC Worker End (ms): Min: 114167.4, Avg: 114167.4, Max: 114167.4, Diff: 0.0]
   [Code Root Fixup: 0.0 ms]
   [Code Root Migration: 0.1 ms]
   [Clear CT: 0.2 ms]
   [Other: 0.8 ms]
      [Choose CSet: 0.0 ms]
      [Ref Proc: 0.1 ms]
      [Ref Enq: 0.0 ms]
      [Free CSet: 0.5 ms]
   [Eden: 279.0M(279.0M)->0.0B(259.0M) Survivors: 14.0M->29.0M Heap: 435.0M(512.0M)->170.8M(512.0M)]
 [Times: user=0.03 sys=0.00, real=0.02 secs] 
2014-07-10T12:30:01.192+0200: 114.365: [GC pause (G1 Evacuation Pause) (young), 0.0063694 secs]
   [Parallel Time: 5.3 ms, GC Workers: 2]
      [GC Worker Start (ms): Min: 114365.1, Avg: 114365.2, Max: 114365.2, Diff: 0.0]
      [Ext Root Scanning (ms): Min: 0.3, Avg: 0.3, Max: 0.3, Diff: 0.0, Sum: 0.7]
      [Update RS (ms): Min: 0.1, Avg: 0.1, Max: 0.1, Diff: 0.0, Sum: 0.2]
         [Processed Buffers: Min: 1, Avg: 1.5, Max: 2, Diff: 1, Sum: 3]
      [Scan RS (ms): Min: 0.5, Avg: 0.5, Max: 0.5, Diff: 0.0, Sum: 1.0]
      [Code Root Scanning (ms): Min: 0.2, Avg: 0.2, Max: 0.2, Diff: 0.0, Sum: 0.4]
      [Object Copy (ms): Min: 4.1, Avg: 4.1, Max: 4.1, Diff: 0.0, Sum: 8.2]
      [Termination (ms): Min: 0.0, Avg: 0.0, Max: 0.0, Diff: 0.0, Sum: 0.0]
      [GC Worker Other (ms): Min: 0.0, Avg: 0.0, Max: 0.0, Diff: 0.0, Sum: 0.1]
      [GC Worker Total (ms): Min: 5.3, Avg: 5.3, Max: 5.3, Diff: 0.0, Sum: 10.5]
      [GC Worker End (ms): Min: 114370.4, Avg: 114370.4, Max: 114370.4, Diff: 0.0]
   [Code Root Fixup: 0.0 ms]
   [Code Root Migration: 0.1 ms]
   [Clear CT: 0.2 ms]
   [Other: 0.8 ms]
      [Choose CSet: 0.0 ms]
      [Ref Proc: 0.2 ms]
      [Ref Enq: 0.0 ms]
      [Free CSet: 0.5 ms]
   [Eden: 259.0M(259.0M)->0.0B(288.0M) Survivors: 29.0M->7168.0K Heap: 429.8M(512.0M)->148.4M(512.0M)]
 [Times: user=0.00 sys=0.00, real=0.01 secs] 
2014-07-10T12:30:01.480+0200: 114.653: [GC pause (G1 Evacuation Pause) (young), 0.0217402 secs]
   [Parallel Time: 20.4 ms, GC Workers: 2]
      [GC Worker Start (ms): Min: 114653.1, Avg: 114653.1, Max: 114653.1, Diff: 0.0]
      [Ext Root Scanning (ms): Min: 0.4, Avg: 0.4, Max: 0.4, Diff: 0.0, Sum: 0.7]
      [Update RS (ms): Min: 0.1, Avg: 0.1, Max: 0.1, Diff: 0.0, Sum: 0.2]
         [Processed Buffers: Min: 1, Avg: 1.5, Max: 2, Diff: 1, Sum: 3]
      [Scan RS (ms): Min: 0.5, Avg: 0.5, Max: 0.5, Diff: 0.0, Sum: 1.0]
      [Code Root Scanning (ms): Min: 0.2, Avg: 0.2, Max: 0.2, Diff: 0.0, Sum: 0.4]
      [Object Copy (ms): Min: 19.1, Avg: 19.1, Max: 19.1, Diff: 0.0, Sum: 38.2]
      [Termination (ms): Min: 0.0, Avg: 0.0, Max: 0.0, Diff: 0.0, Sum: 0.0]
      [GC Worker Other (ms): Min: 0.0, Avg: 0.0, Max: 0.1, Diff: 0.0, Sum: 0.1]
      [GC Worker Total (ms): Min: 20.3, Avg: 20.3, Max: 20.3, Diff: 0.0, Sum: 40.7]
      [GC Worker End (ms): Min: 114673.4, Avg: 114673.5, Max: 114673.5, Diff: 0.0]
   [Code Root Fixup: 0.0 ms]
   [Code Root Migration: 0.1 ms]
   [Clear CT: 0.4 ms]
   [Other: 0.8 ms]
      [Choose CSet: 0.0 ms]
      [Ref Proc: 0.1 ms]
      [Ref Enq: 0.0 ms]
      [Free CSet: 0.6 ms]
   [Eden: 288.0M(288.0M)->0.0B(257.0M) Survivors: 7168.0K->30.0M Heap: 436.4M(512.0M)->172.1M(512.0M)]
 [Times: user=0.05 sys=0.00, real=0.02 secs] 
2014-07-10T12:30:01.767+0200: 114.940: [GC pause (G1 Evacuation Pause) (young), 0.0165242 secs]
   [Parallel Time: 15.2 ms, GC Workers: 2]
      [GC Worker Start (ms): Min: 114940.2, Avg: 114940.3, Max: 114940.3, Diff: 0.0]
      [Ext Root Scanning (ms): Min: 0.6, Avg: 0.6, Max: 0.6, Diff: 0.0, Sum: 1.2]
      [Update RS (ms): Min: 0.1, Avg: 0.1, Max: 0.2, Diff: 0.1, Sum: 0.2]
         [Processed Buffers: Min: 1, Avg: 1.5, Max: 2, Diff: 1, Sum: 3]
      [Scan RS (ms): Min: 0.7, Avg: 0.8, Max: 0.8, Diff: 0.1, Sum: 1.5]
      [Code Root Scanning (ms): Min: 0.3, Avg: 0.3, Max: 0.3, Diff: 0.0, Sum: 0.6]
      [Object Copy (ms): Min: 13.3, Avg: 13.3, Max: 13.3, Diff: 0.0, Sum: 26.6]
      [Termination (ms): Min: 0.0, Avg: 0.0, Max: 0.0, Diff: 0.0, Sum: 0.0]
      [GC Worker Other (ms): Min: 0.1, Avg: 0.1, Max: 0.1, Diff: 0.1, Sum: 0.2]
      [GC Worker Total (ms): Min: 15.1, Avg: 15.1, Max: 15.2, Diff: 0.0, Sum: 30.3]
      [GC Worker End (ms): Min: 114955.4, Avg: 114955.4, Max: 114955.4, Diff: 0.1]
   [Code Root Fixup: 0.0 ms]
   [Code Root Migration: 0.1 ms]
   [Clear CT: 0.2 ms]
   [Other: 1.0 ms]
      [Choose CSet: 0.0 ms]
      [Ref Proc: 0.1 ms]
      [Ref Enq: 0.0 ms]
      [Free CSet: 0.5 ms]
   [Eden: 257.0M(257.0M)->0.0B(236.0M) Survivors: 30.0M->15.0M Heap: 429.1M(512.0M)->156.9M(512.0M)]
 [Times: user=0.03 sys=0.00, real=0.02 secs] 
2014-07-10T12:30:01.984+0200: 115.158: [GC pause (G1 Evacuation Pause) (young), 0.0339807 secs]
   [Parallel Time: 33.1 ms, GC Workers: 2]
      [GC Worker Start (ms): Min: 115157.6, Avg: 115157.6, Max: 115157.6, Diff: 0.0]
      [Ext Root Scanning (ms): Min: 0.3, Avg: 0.3, Max: 0.3, Diff: 0.0, Sum: 0.7]
      [Update RS (ms): Min: 0.1, Avg: 0.1, Max: 0.1, Diff: 0.0, Sum: 0.2]
         [Processed Buffers: Min: 1, Avg: 1.5, Max: 2, Diff: 1, Sum: 3]
      [Scan RS (ms): Min: 0.4, Avg: 0.4, Max: 0.4, Diff: 0.0, Sum: 0.9]
      [Code Root Scanning (ms): Min: 0.2, Avg: 0.2, Max: 0.2, Diff: 0.0, Sum: 0.4]
      [Object Copy (ms): Min: 31.6, Avg: 31.6, Max: 31.6, Diff: 0.1, Sum: 63.2]
      [Termination (ms): Min: 0.0, Avg: 0.2, Max: 0.4, Diff: 0.4, Sum: 0.4]
      [GC Worker Other (ms): Min: 0.0, Avg: 0.0, Max: 0.0, Diff: 0.0, Sum: 0.1]
      [GC Worker Total (ms): Min: 32.7, Avg: 32.8, Max: 33.0, Diff: 0.3, Sum: 65.7]
      [GC Worker End (ms): Min: 115190.3, Avg: 115190.5, Max: 115190.6, Diff: 0.3]
   [Code Root Fixup: 0.0 ms]
   [Code Root Migration: 0.1 ms]
   [Clear CT: 0.2 ms]
   [Other: 0.6 ms]
      [Choose CSet: 0.0 ms]
      [Ref Proc: 0.1 ms]
      [Ref Enq: 0.0 ms]
      [Free CSet: 0.4 ms]
   [Eden: 236.0M(236.0M)->0.0B(92.0M) Survivors: 15.0M->32.0M Heap: 392.9M(512.0M)->194.7M(512.0M)]
 [Times: user=0.06 sys=0.00, real=0.04 secs] 
2014-07-10T12:30:02.063+0200: 115.236: [GC pause (G1 Evacuation Pause) (young), 0.0013107 secs]
   [Parallel Time: 0.9 ms, GC Workers: 2]
      [GC Worker Start (ms): Min: 115236.1, Avg: 115236.1, Max: 115236.1, Diff: 0.0]
      [Ext Root Scanning (ms): Min: 0.3, Avg: 0.3, Max: 0.3, Diff: 0.0, Sum: 0.7]
      [Update RS (ms): Min: 0.1, Avg: 0.1, Max: 0.1, Diff: 0.0, Sum: 0.1]
         [Processed Buffers: Min: 1, Avg: 1.5, Max: 2, Diff: 1, Sum: 3]
      [Scan RS (ms): Min: 0.2, Avg: 0.2, Max: 0.2, Diff: 0.0, Sum: 0.5]
      [Code Root Scanning (ms): Min: 0.1, Avg: 0.1, Max: 0.1, Diff: 0.0, Sum: 0.2]
      [Object Copy (ms): Min: 0.1, Avg: 0.1, Max: 0.1, Diff: 0.0, Sum: 0.3]
      [Termination (ms): Min: 0.0, Avg: 0.0, Max: 0.0, Diff: 0.0, Sum: 0.0]
      [GC Worker Other (ms): Min: 0.0, Avg: 0.0, Max: 0.0, Diff: 0.0, Sum: 0.0]
      [GC Worker Total (ms): Min: 0.9, Avg: 0.9, Max: 0.9, Diff: 0.0, Sum: 1.7]
      [GC Worker End (ms): Min: 115237.0, Avg: 115237.0, Max: 115237.0, Diff: 0.0]
   [Code Root Fixup: 0.0 ms]
   [Code Root Migration: 0.0 ms]
   [Clear CT: 0.1 ms]
   [Other: 0.3 ms]
      [Choose CSet: 0.0 ms]
      [Ref Proc: 0.0 ms]
      [Ref Enq: 0.0 ms]
      [Free CSet: 0.2 ms]
   [Eden: 92.0M(92.0M)->0.0B(127.0M) Survivors: 32.0M->1024.0K Heap: 286.7M(512.0M)->162.9M(512.0M)]
 [Times: user=0.00 sys=0.00, real=0.00 secs] 
2014-07-10T12:30:02.192+0200: 115.365: [GC pause (G1 Evacuation Pause) (young), 0.0388275 secs]
   [Parallel Time: 38.2 ms, GC Workers: 2]
      [GC Worker Start (ms): Min: 115364.9, Avg: 115365.0, Max: 115365.0, Diff: 0.0]
      [Ext Root Scanning (ms): Min: 0.3, Avg: 0.3, Max: 0.3, Diff: 0.0, Sum: 0.6]
      [Update RS (ms): Min: 0.0, Avg: 0.0, Max: 0.0, Diff: 0.0, Sum: 0.1]
         [Processed Buffers: Min: 1, Avg: 1.5, Max: 2, Diff: 1, Sum: 3]
      [Scan RS (ms): Min: 0.2, Avg: 0.2, Max: 0.2, Diff: 0.0, Sum: 0.4]
      [Code Root Scanning (ms): Min: 0.1, Avg: 0.1, Max: 0.1, Diff: 0.0, Sum: 0.2]
      [Object Copy (ms): Min: 37.5, Avg: 37.5, Max: 37.5, Diff: 0.0, Sum: 75.0]
      [Termination (ms): Min: 0.0, Avg: 0.0, Max: 0.0, Diff: 0.0, Sum: 0.0]
      [GC Worker Other (ms): Min: 0.0, Avg: 0.0, Max: 0.0, Diff: 0.0, Sum: 0.1]
      [GC Worker Total (ms): Min: 38.2, Avg: 38.2, Max: 38.2, Diff: 0.0, Sum: 76.4]
      [GC Worker End (ms): Min: 115403.2, Avg: 115403.2, Max: 115403.2, Diff: 0.0]
   [Code Root Fixup: 0.0 ms]
   [Code Root Migration: 0.0 ms]
   [Clear CT: 0.1 ms]
   [Other: 0.4 ms]
      [Choose CSet: 0.0 ms]
      [Ref Proc: 0.0 ms]
      [Ref Enq: 0.0 ms]
      [Free CSet: 0.3 ms]
   [Eden: 127.0M(127.0M)->0.0B(116.0M) Survivors: 1024.0K->16.0M Heap: 289.9M(512.0M)->223.8M(512.0M)]
 [Times: user=0.06 sys=0.00, real=0.04 secs] 
2014-07-10T12:30:02.287+0200: 115.460: [GC pause (G1 Evacuation Pause) (young), 0.0290140 secs]
   [Parallel Time: 28.3 ms, GC Workers: 2]
      [GC Worker Start (ms): Min: 115460.0, Avg: 115460.0, Max: 115460.0, Diff: 0.0]
      [Ext Root Scanning (ms): Min: 0.5, Avg: 0.5, Max: 0.5, Diff: 0.0, Sum: 0.9]
      [Update RS (ms): Min: 0.0, Avg: 0.0, Max: 0.0, Diff: 0.0, Sum: 0.1]
         [Processed Buffers: Min: 1, Avg: 1.5, Max: 2, Diff: 1, Sum: 3]
      [Scan RS (ms): Min: 0.2, Avg: 0.2, Max: 0.2, Diff: 0.0, Sum: 0.5]
      [Code Root Scanning (ms): Min: 0.1, Avg: 0.1, Max: 0.1, Diff: 0.0, Sum: 0.2]
      [Object Copy (ms): Min: 27.4, Avg: 27.4, Max: 27.4, Diff: 0.0, Sum: 54.8]
      [Termination (ms): Min: 0.0, Avg: 0.0, Max: 0.0, Diff: 0.0, Sum: 0.0]
      [GC Worker Other (ms): Min: 0.0, Avg: 0.0, Max: 0.0, Diff: 0.0, Sum: 0.1]
      [GC Worker Total (ms): Min: 28.2, Avg: 28.3, Max: 28.3, Diff: 0.0, Sum: 56.5]
      [GC Worker End (ms): Min: 115488.3, Avg: 115488.3, Max: 115488.3, Diff: 0.0]
   [Code Root Fixup: 0.0 ms]
   [Code Root Migration: 0.0 ms]
   [Clear CT: 0.1 ms]
   [Other: 0.6 ms]
      [Choose CSet: 0.0 ms]
      [Ref Proc: 0.2 ms]
      [Ref Enq: 0.0 ms]
      [Free CSet: 0.2 ms]
   [Eden: 116.0M(116.0M)->0.0B(138.0M) Survivors: 16.0M->17.0M Heap: 339.8M(512.0M)->252.8M(512.0M)]
 [Times: user=0.06 sys=0.00, real=0.03 secs] 
2014-07-10T12:30:02.412+0200: 115.585: [GC pause (G1 Evacuation Pause) (young) (initial-mark), 0.0324841 secs]
   [Parallel Time: 31.6 ms, GC Workers: 2]
      [GC Worker Start (ms): Min: 115584.8, Avg: 115584.8, Max: 115584.8, Diff: 0.0]
      [Ext Root Scanning (ms): Min: 0.4, Avg: 0.4, Max: 0.4, Diff: 0.0, Sum: 0.8]
      [Code Root Marking (ms): Min: 0.1, Avg: 0.1, Max: 0.1, Diff: 0.0, Sum: 0.1]
      [Update RS (ms): Min: 0.0, Avg: 0.0, Max: 0.0, Diff: 0.0, Sum: 0.1]
         [Processed Buffers: Min: 1, Avg: 1.5, Max: 2, Diff: 1, Sum: 3]
      [Scan RS (ms): Min: 0.2, Avg: 0.2, Max: 0.2, Diff: 0.0, Sum: 0.4]
      [Code Root Scanning (ms): Min: 0.1, Avg: 0.1, Max: 0.1, Diff: 0.0, Sum: 0.2]
      [Object Copy (ms): Min: 30.7, Avg: 30.7, Max: 30.8, Diff: 0.0, Sum: 61.5]
      [Termination (ms): Min: 0.0, Avg: 0.0, Max: 0.0, Diff: 0.0, Sum: 0.0]
      [GC Worker Other (ms): Min: 0.0, Avg: 0.0, Max: 0.0, Diff: 0.0, Sum: 0.1]
      [GC Worker Total (ms): Min: 31.6, Avg: 31.6, Max: 31.6, Diff: 0.0, Sum: 63.2]
      [GC Worker End (ms): Min: 115616.4, Avg: 115616.4, Max: 115616.4, Diff: 0.0]
   [Code Root Fixup: 0.0 ms]
   [Code Root Migration: 0.0 ms]
   [Clear CT: 0.2 ms]
   [Other: 0.6 ms]
      [Choose CSet: 0.0 ms]
      [Ref Proc: 0.1 ms]
      [Ref Enq: 0.0 ms]
      [Free CSet: 0.3 ms]
   [Eden: 138.0M(138.0M)->0.0B(134.0M) Survivors: 17.0M->20.0M Heap: 390.8M(512.0M)->286.6M(512.0M)]
 [Times: user=0.06 sys=0.00, real=0.03 secs] 
2014-07-10T12:30:02.444+0200: 115.617: [GC concurrent-root-region-scan-start]
2014-07-10T12:30:02.445+0200: 115.618: [GC concurrent-root-region-scan-end, 0.0004594 secs]
2014-07-10T12:30:02.445+0200: 115.618: [GC concurrent-mark-start]
2014-07-10T12:30:02.524+0200: 115.697: [GC concurrent-mark-end, 0.0069509 secs]
2014-07-10T12:30:02.524+0200: 115.697: [GC remark 115.697: [GC ref-proc, 0.0000561 secs], 0.0012333 secs]
 [Times: user=0.00 sys=0.00, real=0.00 secs] 
2014-07-10T12:30:02.589+0200: 115.762: [GC pause (G1 Evacuation Pause) (young), 0.0279548 secs]
   [Parallel Time: 27.1 ms, GC Workers: 2]
      [GC Worker Start (ms): Min: 115762.0, Avg: 115762.1, Max: 115762.1, Diff: 0.0]
      [Ext Root Scanning (ms): Min: 0.7, Avg: 0.7, Max: 0.7, Diff: 0.0, Sum: 1.3]
      [SATB Filtering (ms): Min: 0.0, Avg: 0.0, Max: 0.0, Diff: 0.0, Sum: 0.0]
      [Update RS (ms): Min: 0.1, Avg: 0.1, Max: 0.1, Diff: 0.1, Sum: 0.2]
         [Processed Buffers: Min: 2, Avg: 2.0, Max: 2, Diff: 0, Sum: 4]
      [Scan RS (ms): Min: 0.2, Avg: 0.3, Max: 0.3, Diff: 0.0, Sum: 0.5]
      [Code Root Scanning (ms): Min: 0.1, Avg: 0.1, Max: 0.1, Diff: 0.0, Sum: 0.2]
      [Object Copy (ms): Min: 25.8, Avg: 25.8, Max: 25.8, Diff: 0.0, Sum: 51.6]
      [Termination (ms): Min: 0.0, Avg: 0.0, Max: 0.0, Diff: 0.0, Sum: 0.0]
      [GC Worker Other (ms): Min: 0.0, Avg: 0.0, Max: 0.0, Diff: 0.0, Sum: 0.1]
      [GC Worker Total (ms): Min: 27.0, Avg: 27.0, Max: 27.0, Diff: 0.0, Sum: 54.0]
      [GC Worker End (ms): Min: 115789.0, Avg: 115789.0, Max: 115789.0, Diff: 0.0]
   [Code Root Fixup: 0.0 ms]
   [Code Root Migration: 0.0 ms]
   [Clear CT: 0.2 ms]
   [Other: 0.6 ms]
      [Choose CSet: 0.0 ms]
      [Ref Proc: 0.1 ms]
      [Ref Enq: 0.0 ms]
      [Free CSet: 0.3 ms]
   [Eden: 134.0M(134.0M)->0.0B(121.0M) Survivors: 20.0M->20.0M Heap: 420.6M(512.0M)->307.1M(512.0M)]
 [Times: user=0.06 sys=0.00, real=0.03 secs] 
2014-07-10T12:30:02.617+0200: 115.790: [GC cleanup 307M->131M(512M), 0.0014841 secs]
 [Times: user=0.00 sys=0.00, real=0.00 secs] 
2014-07-10T12:30:02.619+0200: 115.792: [GC concurrent-cleanup-start]
2014-07-10T12:30:02.619+0200: 115.792: [GC concurrent-cleanup-end, 0.0004348 secs]
2014-07-10T12:30:02.681+0200: 115.854: [GC pause (G1 Evacuation Pause) (young), 0.0194561 secs]
   [Parallel Time: 18.8 ms, GC Workers: 2]
      [GC Worker Start (ms): Min: 115854.0, Avg: 115854.0, Max: 115854.0, Diff: 0.0]
      [Ext Root Scanning (ms): Min: 0.3, Avg: 0.3, Max: 0.3, Diff: 0.0, Sum: 0.7]
      [Update RS (ms): Min: 0.0, Avg: 0.1, Max: 0.1, Diff: 0.1, Sum: 0.1]
         [Processed Buffers: Min: 1, Avg: 1.5, Max: 2, Diff: 1, Sum: 3]
      [Scan RS (ms): Min: 0.2, Avg: 0.2, Max: 0.3, Diff: 0.1, Sum: 0.5]
      [Code Root Scanning (ms): Min: 0.1, Avg: 0.1, Max: 0.1, Diff: 0.0, Sum: 0.2]
      [Object Copy (ms): Min: 18.0, Avg: 18.0, Max: 18.0, Diff: 0.0, Sum: 36.0]
      [Termination (ms): Min: 0.0, Avg: 0.0, Max: 0.0, Diff: 0.0, Sum: 0.0]
      [GC Worker Other (ms): Min: 0.0, Avg: 0.0, Max: 0.0, Diff: 0.0, Sum: 0.1]
      [GC Worker Total (ms): Min: 18.8, Avg: 18.8, Max: 18.8, Diff: 0.0, Sum: 37.6]
      [GC Worker End (ms): Min: 115872.8, Avg: 115872.8, Max: 115872.8, Diff: 0.0]
   [Code Root Fixup: 0.0 ms]
   [Code Root Migration: 0.0 ms]
   [Clear CT: 0.1 ms]
   [Other: 0.5 ms]
      [Choose CSet: 0.0 ms]
      [Ref Proc: 0.1 ms]
      [Ref Enq: 0.0 ms]
      [Free CSet: 0.3 ms]
   [Eden: 121.0M(121.0M)->0.0B(136.0M) Survivors: 20.0M->18.0M Heap: 252.1M(512.0M)->140.5M(512.0M)]
 [Times: user=0.03 sys=0.02, real=0.02 secs] 
2014-07-10T12:30:02.802+0200: 115.975: [GC pause (G1 Evacuation Pause) (mixed), 0.0217933 secs]
   [Parallel Time: 21.1 ms, GC Workers: 2]
      [GC Worker Start (ms): Min: 115975.4, Avg: 115975.4, Max: 115975.4, Diff: 0.0]
      [Ext Root Scanning (ms): Min: 0.3, Avg: 0.3, Max: 0.3, Diff: 0.0, Sum: 0.7]
      [Update RS (ms): Min: 0.0, Avg: 0.1, Max: 0.1, Diff: 0.0, Sum: 0.1]
         [Processed Buffers: Min: 1, Avg: 1.5, Max: 2, Diff: 1, Sum: 3]
      [Scan RS (ms): Min: 0.2, Avg: 0.3, Max: 0.3, Diff: 0.1, Sum: 0.5]
      [Code Root Scanning (ms): Min: 0.1, Avg: 0.1, Max: 0.1, Diff: 0.0, Sum: 0.2]
      [Object Copy (ms): Min: 20.2, Avg: 20.2, Max: 20.2, Diff: 0.0, Sum: 40.4]
      [Termination (ms): Min: 0.0, Avg: 0.0, Max: 0.0, Diff: 0.0, Sum: 0.0]
      [GC Worker Other (ms): Min: 0.0, Avg: 0.0, Max: 0.0, Diff: 0.0, Sum: 0.1]
      [GC Worker Total (ms): Min: 21.0, Avg: 21.0, Max: 21.0, Diff: 0.0, Sum: 42.0]
      [GC Worker End (ms): Min: 115996.4, Avg: 115996.4, Max: 115996.4, Diff: 0.0]
   [Code Root Fixup: 0.0 ms]
   [Code Root Migration: 0.0 ms]
   [Clear CT: 0.2 ms]
   [Other: 0.5 ms]
      [Choose CSet: 0.0 ms]
      [Ref Proc: 0.1 ms]
      [Ref Enq: 0.0 ms]
      [Free CSet: 0.3 ms]
   [Eden: 136.0M(136.0M)->0.0B(130.0M) Survivors: 18.0M->20.0M Heap: 276.5M(512.0M)->148.9M(512.0M)]
 [Times: user=0.03 sys=0.00, real=0.02 secs] 
2014-07-10T12:30:02.981+0200: 116.154: [GC pause (G1 Evacuation Pause) (young), 0.0217563 secs]
   [Parallel Time: 21.0 ms, GC Workers: 2]
      [GC Worker Start (ms): Min: 116153.9, Avg: 116153.9, Max: 116153.9, Diff: 0.0]
      [Ext Root Scanning (ms): Min: 0.4, Avg: 0.4, Max: 0.4, Diff: 0.0, Sum: 0.7]
      [Update RS (ms): Min: 0.1, Avg: 0.1, Max: 0.1, Diff: 0.1, Sum: 0.2]
         [Processed Buffers: Min: 1, Avg: 1.5, Max: 2, Diff: 1, Sum: 3]
      [Scan RS (ms): Min: 0.3, Avg: 0.3, Max: 0.3, Diff: 0.1, Sum: 0.6]
      [Code Root Scanning (ms): Min: 0.1, Avg: 0.1, Max: 0.1, Diff: 0.0, Sum: 0.2]
      [Object Copy (ms): Min: 20.0, Avg: 20.0, Max: 20.0, Diff: 0.0, Sum: 40.1]
      [Termination (ms): Min: 0.0, Avg: 0.0, Max: 0.0, Diff: 0.0, Sum: 0.0]
      [GC Worker Other (ms): Min: 0.0, Avg: 0.0, Max: 0.0, Diff: 0.0, Sum: 0.1]
      [GC Worker Total (ms): Min: 20.9, Avg: 20.9, Max: 20.9, Diff: 0.0, Sum: 41.9]
      [GC Worker End (ms): Min: 116174.8, Avg: 116174.8, Max: 116174.8, Diff: 0.0]
   [Code Root Fixup: 0.0 ms]
   [Code Root Migration: 0.0 ms]
   [Clear CT: 0.1 ms]
   [Other: 0.6 ms]
      [Choose CSet: 0.0 ms]
      [Ref Proc: 0.1 ms]
      [Ref Enq: 0.0 ms]
      [Free CSet: 0.3 ms]
   [Eden: 130.0M(130.0M)->0.0B(116.0M) Survivors: 20.0M->19.0M Heap: 278.9M(512.0M)->160.1M(512.0M)]
 [Times: user=0.03 sys=0.00, real=0.02 secs] 
2014-07-10T12:30:03.058+0200: 116.232: [GC pause (G1 Evacuation Pause) (young), 0.0022023 secs]
   [Parallel Time: 1.6 ms, GC Workers: 2]
      [GC Worker Start (ms): Min: 116231.7, Avg: 116231.7, Max: 116231.7, Diff: 0.0]
      [Ext Root Scanning (ms): Min: 0.3, Avg: 0.3, Max: 0.3, Diff: 0.0, Sum: 0.7]
      [Update RS (ms): Min: 0.0, Avg: 0.1, Max: 0.1, Diff: 0.0, Sum: 0.1]
         [Processed Buffers: Min: 2, Avg: 2.0, Max: 2, Diff: 0, Sum: 4]
      [Scan RS (ms): Min: 0.2, Avg: 0.2, Max: 0.2, Diff: 0.0, Sum: 0.4]
      [Code Root Scanning (ms): Min: 0.1, Avg: 0.1, Max: 0.1, Diff: 0.0, Sum: 0.2]
      [Object Copy (ms): Min: 0.9, Avg: 0.9, Max: 0.9, Diff: 0.0, Sum: 1.7]
      [Termination (ms): Min: 0.0, Avg: 0.0, Max: 0.0, Diff: 0.0, Sum: 0.0]
      [GC Worker Other (ms): Min: 0.0, Avg: 0.0, Max: 0.0, Diff: 0.0, Sum: 0.0]
      [GC Worker Total (ms): Min: 1.6, Avg: 1.6, Max: 1.6, Diff: 0.0, Sum: 3.2]
      [GC Worker End (ms): Min: 116233.3, Avg: 116233.3, Max: 116233.3, Diff: 0.0]
   [Code Root Fixup: 0.0 ms]
   [Code Root Migration: 0.0 ms]
   [Clear CT: 0.1 ms]
   [Other: 0.4 ms]
      [Choose CSet: 0.0 ms]
      [Ref Proc: 0.0 ms]
      [Ref Enq: 0.0 ms]
      [Free CSet: 0.3 ms]
   [Eden: 116.0M(116.0M)->0.0B(138.0M) Survivors: 19.0M->2048.0K Heap: 276.1M(512.0M)->143.0M(512.0M)]
 [Times: user=0.02 sys=0.00, real=0.00 secs] 
2014-07-10T12:30:03.207+0200: 116.380: [GC pause (G1 Evacuation Pause) (young), 0.0067202 secs]
   [Parallel Time: 6.0 ms, GC Workers: 2]
      [GC Worker Start (ms): Min: 116380.4, Avg: 116380.4, Max: 116380.4, Diff: 0.0]
      [Ext Root Scanning (ms): Min: 0.4, Avg: 0.4, Max: 0.4, Diff: 0.0, Sum: 0.8]
      [Update RS (ms): Min: 0.1, Avg: 0.1, Max: 0.1, Diff: 0.0, Sum: 0.2]
         [Processed Buffers: Min: 1, Avg: 1.5, Max: 2, Diff: 1, Sum: 3]
      [Scan RS (ms): Min: 0.2, Avg: 0.2, Max: 0.3, Diff: 0.0, Sum: 0.5]
      [Code Root Scanning (ms): Min: 0.1, Avg: 0.1, Max: 0.1, Diff: 0.0, Sum: 0.2]
      [Object Copy (ms): Min: 5.1, Avg: 5.1, Max: 5.1, Diff: 0.0, Sum: 10.3]
      [Termination (ms): Min: 0.0, Avg: 0.0, Max: 0.0, Diff: 0.0, Sum: 0.0]
      [GC Worker Other (ms): Min: 0.0, Avg: 0.0, Max: 0.0, Diff: 0.0, Sum: 0.1]
      [GC Worker Total (ms): Min: 6.0, Avg: 6.0, Max: 6.0, Diff: 0.0, Sum: 11.9]
      [GC Worker End (ms): Min: 116386.4, Avg: 116386.4, Max: 116386.4, Diff: 0.0]
   [Code Root Fixup: 0.0 ms]
   [Code Root Migration: 0.0 ms]
   [Clear CT: 0.1 ms]
   [Other: 0.6 ms]
      [Choose CSet: 0.0 ms]
      [Ref Proc: 0.1 ms]
      [Ref Enq: 0.0 ms]
      [Free CSet: 0.3 ms]
   [Eden: 138.0M(138.0M)->0.0B(238.0M) Survivors: 2048.0K->8192.0K Heap: 281.0M(512.0M)->148.9M(512.0M)]
 [Times: user=0.00 sys=0.00, real=0.01 secs] 
2014-07-10T12:30:03.419+0200: 116.592: [GC pause (G1 Evacuation Pause) (young), 0.0313370 secs]
   [Parallel Time: 30.3 ms, GC Workers: 2]
      [GC Worker Start (ms): Min: 116592.5, Avg: 116592.6, Max: 116592.6, Diff: 0.0]
      [Ext Root Scanning (ms): Min: 0.3, Avg: 0.4, Max: 0.4, Diff: 0.0, Sum: 0.7]
      [Update RS (ms): Min: 0.0, Avg: 0.1, Max: 0.1, Diff: 0.0, Sum: 0.1]
         [Processed Buffers: Min: 1, Avg: 1.5, Max: 2, Diff: 1, Sum: 3]
      [Scan RS (ms): Min: 0.4, Avg: 0.4, Max: 0.4, Diff: 0.0, Sum: 0.8]
      [Code Root Scanning (ms): Min: 0.2, Avg: 0.2, Max: 0.2, Diff: 0.0, Sum: 0.3]
      [Object Copy (ms): Min: 29.2, Avg: 29.2, Max: 29.3, Diff: 0.0, Sum: 58.5]
      [Termination (ms): Min: 0.0, Avg: 0.0, Max: 0.0, Diff: 0.0, Sum: 0.0]
      [GC Worker Other (ms): Min: 0.0, Avg: 0.0, Max: 0.0, Diff: 0.0, Sum: 0.1]
      [GC Worker Total (ms): Min: 30.3, Avg: 30.3, Max: 30.3, Diff: 0.0, Sum: 60.6]
      [GC Worker End (ms): Min: 116622.8, Avg: 116622.8, Max: 116622.8, Diff: 0.0]
   [Code Root Fixup: 0.0 ms]
   [Code Root Migration: 0.1 ms]
   [Clear CT: 0.3 ms]
   [Other: 0.6 ms]
      [Choose CSet: 0.0 ms]
      [Ref Proc: 0.1 ms]
      [Ref Enq: 0.0 ms]
      [Free CSet: 0.4 ms]
   [Eden: 238.0M(238.0M)->0.0B(117.0M) Survivors: 8192.0K->31.0M Heap: 386.9M(512.0M)->188.7M(512.0M)]
 [Times: user=0.06 sys=0.00, real=0.03 secs] 
2014-07-10T12:30:03.576+0200: 116.749: [GC pause (G1 Evacuation Pause) (young), 0.0188145 secs]
   [Parallel Time: 18.0 ms, GC Workers: 2]
      [GC Worker Start (ms): Min: 116748.8, Avg: 116748.9, Max: 116748.9, Diff: 0.0]
      [Ext Root Scanning (ms): Min: 0.6, Avg: 0.6, Max: 0.6, Diff: 0.0, Sum: 1.2]
      [Update RS (ms): Min: 0.0, Avg: 0.1, Max: 0.1, Diff: 0.1, Sum: 0.2]
         [Processed Buffers: Min: 1, Avg: 1.5, Max: 2, Diff: 1, Sum: 3]
      [Scan RS (ms): Min: 0.4, Avg: 0.4, Max: 0.5, Diff: 0.1, Sum: 0.8]
      [Code Root Scanning (ms): Min: 0.1, Avg: 0.1, Max: 0.1, Diff: 0.0, Sum: 0.3]
      [Object Copy (ms): Min: 16.6, Avg: 16.6, Max: 16.6, Diff: 0.0, Sum: 33.2]
      [Termination (ms): Min: 0.0, Avg: 0.0, Max: 0.1, Diff: 0.0, Sum: 0.1]
      [GC Worker Other (ms): Min: 0.0, Avg: 0.0, Max: 0.0, Diff: 0.0, Sum: 0.1]
      [GC Worker Total (ms): Min: 17.9, Avg: 17.9, Max: 17.9, Diff: 0.0, Sum: 35.8]
      [GC Worker End (ms): Min: 116766.8, Avg: 116766.8, Max: 116766.8, Diff: 0.0]
   [Code Root Fixup: 0.0 ms]
   [Code Root Migration: 0.0 ms]
   [Clear CT: 0.1 ms]
   [Other: 0.7 ms]
      [Choose CSet: 0.0 ms]
      [Ref Proc: 0.1 ms]
      [Ref Enq: 0.0 ms]
      [Free CSet: 0.3 ms]
   [Eden: 117.0M(117.0M)->0.0B(108.0M) Survivors: 31.0M->19.0M Heap: 305.7M(512.0M)->182.2M(512.0M)]
 [Times: user=0.03 sys=0.00, real=0.02 secs] 
2014-07-10T12:30:03.656+0200: 116.829: [GC pause (G1 Evacuation Pause) (young), 0.0013517 secs]
   [Parallel Time: 0.9 ms, GC Workers: 2]
      [GC Worker Start (ms): Min: 116829.1, Avg: 116829.1, Max: 116829.1, Diff: 0.0]
      [Ext Root Scanning (ms): Min: 0.3, Avg: 0.3, Max: 0.4, Diff: 0.0, Sum: 0.7]
      [Update RS (ms): Min: 0.0, Avg: 0.1, Max: 0.1, Diff: 0.0, Sum: 0.1]
         [Processed Buffers: Min: 1, Avg: 1.5, Max: 2, Diff: 1, Sum: 3]
      [Scan RS (ms): Min: 0.2, Avg: 0.2, Max: 0.2, Diff: 0.0, Sum: 0.4]
      [Code Root Scanning (ms): Min: 0.1, Avg: 0.1, Max: 0.1, Diff: 0.0, Sum: 0.2]
      [Object Copy (ms): Min: 0.2, Avg: 0.2, Max: 0.2, Diff: 0.0, Sum: 0.3]
      [Termination (ms): Min: 0.0, Avg: 0.0, Max: 0.0, Diff: 0.0, Sum: 0.0]
      [GC Worker Other (ms): Min: 0.0, Avg: 0.0, Max: 0.0, Diff: 0.0, Sum: 0.0]
      [GC Worker Total (ms): Min: 0.9, Avg: 0.9, Max: 0.9, Diff: 0.0, Sum: 1.7]
      [GC Worker End (ms): Min: 116829.9, Avg: 116829.9, Max: 116829.9, Diff: 0.0]
   [Code Root Fixup: 0.0 ms]
   [Code Root Migration: 0.0 ms]
   [Clear CT: 0.1 ms]
   [Other: 0.3 ms]
      [Choose CSet: 0.0 ms]
      [Ref Proc: 0.1 ms]
      [Ref Enq: 0.0 ms]
      [Free CSet: 0.2 ms]
   [Eden: 108.0M(108.0M)->0.0B(267.0M) Survivors: 19.0M->1024.0K Heap: 290.2M(512.0M)->163.5M(512.0M)]
 [Times: user=0.00 sys=0.00, real=0.00 secs] 
2014-07-10T12:30:03.958+0200: 117.131: [GC pause (G1 Evacuation Pause) (young), 0.0059250 secs]
   [Parallel Time: 3.7 ms, GC Workers: 2]
      [GC Worker Start (ms): Min: 117130.8, Avg: 117130.8, Max: 117130.8, Diff: 0.0]
      [Ext Root Scanning (ms): Min: 0.5, Avg: 0.5, Max: 0.5, Diff: 0.0, Sum: 0.9]
      [Update RS (ms): Min: 0.0, Avg: 0.1, Max: 0.1, Diff: 0.0, Sum: 0.1]
         [Processed Buffers: Min: 1, Avg: 1.5, Max: 2, Diff: 1, Sum: 3]
      [Scan RS (ms): Min: 0.6, Avg: 0.6, Max: 0.6, Diff: 0.0, Sum: 1.3]
      [Code Root Scanning (ms): Min: 0.3, Avg: 0.3, Max: 0.3, Diff: 0.0, Sum: 0.6]
      [Object Copy (ms): Min: 2.1, Avg: 2.1, Max: 2.1, Diff: 0.0, Sum: 4.3]
      [Termination (ms): Min: 0.0, Avg: 0.0, Max: 0.0, Diff: 0.0, Sum: 0.0]
      [GC Worker Other (ms): Min: 0.1, Avg: 0.1, Max: 0.1, Diff: 0.0, Sum: 0.1]
      [GC Worker Total (ms): Min: 3.7, Avg: 3.7, Max: 3.7, Diff: 0.0, Sum: 7.3]
      [GC Worker End (ms): Min: 117134.5, Avg: 117134.5, Max: 117134.5, Diff: 0.0]
   [Code Root Fixup: 0.0 ms]
   [Code Root Migration: 0.1 ms]
   [Clear CT: 0.7 ms]
   [Other: 1.4 ms]
      [Choose CSet: 0.0 ms]
      [Ref Proc: 0.3 ms]
      [Ref Enq: 0.0 ms]
      [Free CSet: 1.0 ms]
   [Eden: 267.0M(267.0M)->0.0B(269.0M) Survivors: 1024.0K->4096.0K Heap: 430.5M(512.0M)->166.3M(512.0M)]
 [Times: user=0.02 sys=0.00, real=0.01 secs] 
2014-07-10T12:30:04.194+0200: 117.368: [GC pause (G1 Evacuation Pause) (young), 0.0375443 secs]
   [Parallel Time: 36.5 ms, GC Workers: 2]
      [GC Worker Start (ms): Min: 117367.6, Avg: 117367.6, Max: 117367.6, Diff: 0.0]
      [Ext Root Scanning (ms): Min: 0.3, Avg: 0.4, Max: 0.4, Diff: 0.0, Sum: 0.7]
      [Update RS (ms): Min: 0.0, Avg: 0.1, Max: 0.1, Diff: 0.1, Sum: 0.1]
         [Processed Buffers: Min: 2, Avg: 2.0, Max: 2, Diff: 0, Sum: 4]
      [Scan RS (ms): Min: 0.4, Avg: 0.5, Max: 0.5, Diff: 0.0, Sum: 0.9]
      [Code Root Scanning (ms): Min: 0.2, Avg: 0.2, Max: 0.2, Diff: 0.0, Sum: 0.4]
      [Object Copy (ms): Min: 35.3, Avg: 35.3, Max: 35.3, Diff: 0.0, Sum: 70.7]
      [Termination (ms): Min: 0.0, Avg: 0.0, Max: 0.0, Diff: 0.0, Sum: 0.0]
      [GC Worker Other (ms): Min: 0.0, Avg: 0.0, Max: 0.0, Diff: 0.0, Sum: 0.1]
      [GC Worker Total (ms): Min: 36.4, Avg: 36.4, Max: 36.5, Diff: 0.0, Sum: 72.9]
      [GC Worker End (ms): Min: 117404.1, Avg: 117404.1, Max: 117404.1, Diff: 0.0]
   [Code Root Fixup: 0.0 ms]
   [Code Root Migration: 0.1 ms]
   [Clear CT: 0.2 ms]
   [Other: 0.8 ms]
      [Choose CSet: 0.0 ms]
      [Ref Proc: 0.2 ms]
      [Ref Enq: 0.0 ms]
      [Free CSet: 0.5 ms]
   [Eden: 269.0M(269.0M)->0.0B(108.0M) Survivors: 4096.0K->35.0M Heap: 435.3M(512.0M)->220.9M(512.0M)]
 [Times: user=0.09 sys=0.00, real=0.04 secs] 
2014-07-10T12:30:04.285+0200: 117.458: [GC pause (G1 Evacuation Pause) (young), 0.0318546 secs]
   [Parallel Time: 31.1 ms, GC Workers: 2]
      [GC Worker Start (ms): Min: 117457.8, Avg: 117457.8, Max: 117457.8, Diff: 0.0]
      [Ext Root Scanning (ms): Min: 0.3, Avg: 0.3, Max: 0.3, Diff: 0.0, Sum: 0.7]
      [Update RS (ms): Min: 0.0, Avg: 0.1, Max: 0.1, Diff: 0.0, Sum: 0.1]
         [Processed Buffers: Min: 1, Avg: 1.5, Max: 2, Diff: 1, Sum: 3]
      [Scan RS (ms): Min: 0.3, Avg: 0.3, Max: 0.3, Diff: 0.0, Sum: 0.6]
      [Code Root Scanning (ms): Min: 0.1, Avg: 0.1, Max: 0.1, Diff: 0.1, Sum: 0.2]
      [Object Copy (ms): Min: 25.4, Avg: 27.8, Max: 30.3, Diff: 4.8, Sum: 55.7]
      [Termination (ms): Min: 0.0, Avg: 2.4, Max: 4.8, Diff: 4.8, Sum: 4.8]
      [GC Worker Other (ms): Min: 0.0, Avg: 0.0, Max: 0.0, Diff: 0.0, Sum: 0.1]
      [GC Worker Total (ms): Min: 31.1, Avg: 31.1, Max: 31.1, Diff: 0.0, Sum: 62.2]
      [GC Worker End (ms): Min: 117488.9, Avg: 117488.9, Max: 117488.9, Diff: 0.0]
   [Code Root Fixup: 0.0 ms]
   [Code Root Migration: 0.0 ms]
   [Clear CT: 0.2 ms]
   [Other: 0.5 ms]
      [Choose CSet: 0.0 ms]
      [Ref Proc: 0.1 ms]
      [Ref Enq: 0.0 ms]
      [Free CSet: 0.3 ms]
   [Eden: 108.0M(108.0M)->0.0B(133.0M) Survivors: 35.0M->18.0M Heap: 328.9M(512.0M)->219.5M(512.0M)]
 [Times: user=0.05 sys=0.00, real=0.03 secs] 
2014-07-10T12:30:04.405+0200: 117.578: [GC pause (G1 Evacuation Pause) (young), 0.0226076 secs]
   [Parallel Time: 22.0 ms, GC Workers: 2]
      [GC Worker Start (ms): Min: 117578.4, Avg: 117578.4, Max: 117578.4, Diff: 0.0]
      [Ext Root Scanning (ms): Min: 0.3, Avg: 0.3, Max: 0.4, Diff: 0.0, Sum: 0.7]
      [Update RS (ms): Min: 0.0, Avg: 0.1, Max: 0.1, Diff: 0.1, Sum: 0.1]
         [Processed Buffers: Min: 1, Avg: 1.5, Max: 2, Diff: 1, Sum: 3]
      [Scan RS (ms): Min: 0.2, Avg: 0.2, Max: 0.3, Diff: 0.1, Sum: 0.5]
      [Code Root Scanning (ms): Min: 0.1, Avg: 0.1, Max: 0.1, Diff: 0.0, Sum: 0.2]
      [Object Copy (ms): Min: 21.1, Avg: 21.1, Max: 21.1, Diff: 0.0, Sum: 42.1]
      [Termination (ms): Min: 0.0, Avg: 0.0, Max: 0.0, Diff: 0.0, Sum: 0.0]
      [GC Worker Other (ms): Min: 0.0, Avg: 0.0, Max: 0.0, Diff: 0.0, Sum: 0.1]
      [GC Worker Total (ms): Min: 21.9, Avg: 21.9, Max: 21.9, Diff: 0.0, Sum: 43.7]
      [GC Worker End (ms): Min: 117600.3, Avg: 117600.3, Max: 117600.3, Diff: 0.0]
   [Code Root Fixup: 0.0 ms]
   [Code Root Migration: 0.0 ms]
   [Clear CT: 0.1 ms]
   [Other: 0.5 ms]
      [Choose CSet: 0.0 ms]
      [Ref Proc: 0.0 ms]
      [Ref Enq: 0.0 ms]
      [Free CSet: 0.3 ms]
   [Eden: 133.0M(133.0M)->0.0B(131.0M) Survivors: 18.0M->19.0M Heap: 352.5M(512.0M)->235.8M(512.0M)]
 [Times: user=0.03 sys=0.00, real=0.02 secs] 
2014-07-10T12:30:04.566+0200: 117.739: [GC pause (G1 Evacuation Pause) (young), 0.0171346 secs]
   [Parallel Time: 16.5 ms, GC Workers: 2]
      [GC Worker Start (ms): Min: 117739.6, Avg: 117739.6, Max: 117739.6, Diff: 0.0]
      [Ext Root Scanning (ms): Min: 0.4, Avg: 0.4, Max: 0.4, Diff: 0.0, Sum: 0.7]
      [Update RS (ms): Min: 0.0, Avg: 0.1, Max: 0.1, Diff: 0.0, Sum: 0.1]
         [Processed Buffers: Min: 2, Avg: 2.0, Max: 2, Diff: 0, Sum: 4]
      [Scan RS (ms): Min: 0.2, Avg: 0.2, Max: 0.2, Diff: 0.0, Sum: 0.5]
      [Code Root Scanning (ms): Min: 0.1, Avg: 0.1, Max: 0.1, Diff: 0.0, Sum: 0.2]
      [Object Copy (ms): Min: 15.6, Avg: 15.6, Max: 15.6, Diff: 0.0, Sum: 31.2]
      [Termination (ms): Min: 0.0, Avg: 0.0, Max: 0.0, Diff: 0.0, Sum: 0.0]
      [GC Worker Other (ms): Min: 0.0, Avg: 0.0, Max: 0.0, Diff: 0.0, Sum: 0.1]
      [GC Worker Total (ms): Min: 16.4, Avg: 16.4, Max: 16.4, Diff: 0.0, Sum: 32.9]
      [GC Worker End (ms): Min: 117756.0, Avg: 117756.0, Max: 117756.0, Diff: 0.0]
   [Code Root Fixup: 0.0 ms]
   [Code Root Migration: 0.0 ms]
   [Clear CT: 0.1 ms]
   [Other: 0.5 ms]
      [Choose CSet: 0.0 ms]
      [Ref Proc: 0.2 ms]
      [Ref Enq: 0.0 ms]
      [Free CSet: 0.2 ms]
   [Eden: 131.0M(131.0M)->0.0B(119.0M) Survivors: 19.0M->19.0M Heap: 366.8M(512.0M)->242.1M(512.0M)]
 [Times: user=0.02 sys=0.00, real=0.02 secs] 
2014-07-10T12:30:04.660+0200: 117.833: [GC pause (G1 Evacuation Pause) (young), 0.0092943 secs]
   [Parallel Time: 8.4 ms, GC Workers: 2]
      [GC Worker Start (ms): Min: 117833.3, Avg: 117833.3, Max: 117833.3, Diff: 0.0]
      [Ext Root Scanning (ms): Min: 0.3, Avg: 0.3, Max: 0.3, Diff: 0.0, Sum: 0.7]
      [Update RS (ms): Min: 0.0, Avg: 0.0, Max: 0.0, Diff: 0.0, Sum: 0.1]
         [Processed Buffers: Min: 1, Avg: 2.0, Max: 3, Diff: 2, Sum: 4]
      [Scan RS (ms): Min: 0.2, Avg: 0.2, Max: 0.2, Diff: 0.0, Sum: 0.4]
      [Code Root Scanning (ms): Min: 0.1, Avg: 0.1, Max: 0.1, Diff: 0.0, Sum: 0.2]
      [Object Copy (ms): Min: 7.6, Avg: 7.6, Max: 7.6, Diff: 0.0, Sum: 15.2]
      [Termination (ms): Min: 0.0, Avg: 0.0, Max: 0.0, Diff: 0.0, Sum: 0.0]
      [GC Worker Other (ms): Min: 0.0, Avg: 0.0, Max: 0.0, Diff: 0.0, Sum: 0.1]
      [GC Worker Total (ms): Min: 8.3, Avg: 8.3, Max: 8.3, Diff: 0.0, Sum: 16.7]
      [GC Worker End (ms): Min: 117841.7, Avg: 117841.7, Max: 117841.7, Diff: 0.0]
   [Code Root Fixup: 0.0 ms]
   [Code Root Migration: 0.0 ms]
   [Clear CT: 0.3 ms]
   [Other: 0.6 ms]
      [Choose CSet: 0.0 ms]
      [Ref Proc: 0.1 ms]
      [Ref Enq: 0.0 ms]
      [Free CSet: 0.4 ms]
   [Eden: 119.0M(119.0M)->0.0B(123.0M) Survivors: 19.0M->13.0M Heap: 361.1M(512.0M)->235.2M(512.0M)]
 [Times: user=0.03 sys=0.00, real=0.01 secs] 
2014-07-10T12:30:04.792+0200: 117.965: [GC pause (G1 Evacuation Pause) (young), 0.0027372 secs]
   [Parallel Time: 2.1 ms, GC Workers: 2]
      [GC Worker Start (ms): Min: 117965.4, Avg: 117965.4, Max: 117965.4, Diff: 0.0]
      [Ext Root Scanning (ms): Min: 0.3, Avg: 0.3, Max: 0.3, Diff: 0.0, Sum: 0.6]
      [Update RS (ms): Min: 0.0, Avg: 0.0, Max: 0.0, Diff: 0.0, Sum: 0.1]
         [Processed Buffers: Min: 1, Avg: 1.5, Max: 2, Diff: 1, Sum: 3]
      [Scan RS (ms): Min: 0.2, Avg: 0.2, Max: 0.2, Diff: 0.0, Sum: 0.4]
      [Code Root Scanning (ms): Min: 0.1, Avg: 0.1, Max: 0.1, Diff: 0.0, Sum: 0.2]
      [Object Copy (ms): Min: 1.4, Avg: 1.4, Max: 1.4, Diff: 0.0, Sum: 2.8]
      [Termination (ms): Min: 0.0, Avg: 0.0, Max: 0.0, Diff: 0.0, Sum: 0.0]
      [GC Worker Other (ms): Min: 0.0, Avg: 0.0, Max: 0.0, Diff: 0.0, Sum: 0.1]
      [GC Worker Total (ms): Min: 2.1, Avg: 2.1, Max: 2.1, Diff: 0.0, Sum: 4.1]
      [GC Worker End (ms): Min: 117967.4, Avg: 117967.4, Max: 117967.4, Diff: 0.0]
   [Code Root Fixup: 0.0 ms]
   [Code Root Migration: 0.0 ms]
   [Clear CT: 0.1 ms]
   [Other: 0.5 ms]
      [Choose CSet: 0.0 ms]
      [Ref Proc: 0.0 ms]
      [Ref Enq: 0.0 ms]
      [Free CSet: 0.3 ms]
   [Eden: 123.0M(123.0M)->0.0B(207.0M) Survivors: 13.0M->3072.0K Heap: 358.2M(512.0M)->226.1M(512.0M)]
 [Times: user=0.00 sys=0.00, real=0.00 secs] 
2014-07-10T12:30:05.007+0200: 118.180: [GC pause (G1 Evacuation Pause) (young), 0.0097394 secs]
   [Parallel Time: 8.8 ms, GC Workers: 2]
      [GC Worker Start (ms): Min: 118180.3, Avg: 118180.3, Max: 118180.3, Diff: 0.0]
      [Ext Root Scanning (ms): Min: 0.3, Avg: 0.3, Max: 0.3, Diff: 0.0, Sum: 0.7]
      [Update RS (ms): Min: 0.0, Avg: 0.0, Max: 0.0, Diff: 0.0, Sum: 0.1]
         [Processed Buffers: Min: 1, Avg: 1.5, Max: 2, Diff: 1, Sum: 3]
      [Scan RS (ms): Min: 0.4, Avg: 0.4, Max: 0.4, Diff: 0.0, Sum: 0.8]
      [Code Root Scanning (ms): Min: 0.1, Avg: 0.2, Max: 0.2, Diff: 0.0, Sum: 0.3]
      [Object Copy (ms): Min: 7.8, Avg: 7.8, Max: 7.8, Diff: 0.0, Sum: 15.5]
      [Termination (ms): Min: 0.0, Avg: 0.0, Max: 0.0, Diff: 0.0, Sum: 0.0]
      [GC Worker Other (ms): Min: 0.0, Avg: 0.0, Max: 0.0, Diff: 0.0, Sum: 0.1]
      [GC Worker Total (ms): Min: 8.7, Avg: 8.7, Max: 8.7, Diff: 0.0, Sum: 17.4]
      [GC Worker End (ms): Min: 118189.0, Avg: 118189.0, Max: 118189.0, Diff: 0.0]
   [Code Root Fixup: 0.0 ms]
   [Code Root Migration: 0.1 ms]
   [Clear CT: 0.2 ms]
   [Other: 0.8 ms]
      [Choose CSet: 0.0 ms]
      [Ref Proc: 0.1 ms]
      [Ref Enq: 0.0 ms]
      [Free CSet: 0.5 ms]
   [Eden: 207.0M(207.0M)->0.0B(201.0M) Survivors: 3072.0K->12.0M Heap: 433.1M(512.0M)->234.9M(512.0M)]
 [Times: user=0.03 sys=0.00, real=0.01 secs] 
2014-07-10T12:30:05.190+0200: 118.364: [GC pause (G1 Evacuation Pause) (young), 0.0030111 secs]
   [Parallel Time: 2.3 ms, GC Workers: 2]
      [GC Worker Start (ms): Min: 118363.6, Avg: 118364.7, Max: 118365.8, Diff: 2.2]
      [Ext Root Scanning (ms): Min: 0.0, Avg: 0.2, Max: 0.4, Diff: 0.4, Sum: 0.4]
      [Update RS (ms): Min: 0.0, Avg: 0.0, Max: 0.1, Diff: 0.1, Sum: 0.1]
         [Processed Buffers: Min: 0, Avg: 2.0, Max: 4, Diff: 4, Sum: 4]
      [Scan RS (ms): Min: 0.0, Avg: 0.3, Max: 0.6, Diff: 0.6, Sum: 0.6]
      [Code Root Scanning (ms): Min: 0.0, Avg: 0.1, Max: 0.3, Diff: 0.3, Sum: 0.3]
      [Object Copy (ms): Min: 0.0, Avg: 0.4, Max: 0.9, Diff: 0.9, Sum: 0.9]
      [Termination (ms): Min: 0.0, Avg: 0.0, Max: 0.1, Diff: 0.1, Sum: 0.1]
      [GC Worker Other (ms): Min: 0.0, Avg: 0.0, Max: 0.0, Diff: 0.0, Sum: 0.0]
      [GC Worker Total (ms): Min: 0.1, Avg: 1.2, Max: 2.3, Diff: 2.2, Sum: 2.3]
      [GC Worker End (ms): Min: 118365.9, Avg: 118365.9, Max: 118365.9, Diff: 0.0]
   [Code Root Fixup: 0.0 ms]
   [Code Root Migration: 0.0 ms]
   [Clear CT: 0.2 ms]
   [Other: 0.5 ms]
      [Choose CSet: 0.0 ms]
      [Ref Proc: 0.0 ms]
      [Ref Enq: 0.0 ms]
      [Free CSet: 0.3 ms]
   [Eden: 201.0M(201.0M)->0.0B(215.0M) Survivors: 12.0M->2048.0K Heap: 435.9M(512.0M)->224.6M(512.0M)]
 [Times: user=0.00 sys=0.00, real=0.00 secs] 
2014-07-10T12:30:05.397+0200: 118.571: [GC pause (G1 Evacuation Pause) (young), 0.0132202 secs]
   [Parallel Time: 12.3 ms, GC Workers: 2]
      [GC Worker Start (ms): Min: 118570.7, Avg: 118570.7, Max: 118570.7, Diff: 0.0]
      [Ext Root Scanning (ms): Min: 0.3, Avg: 0.3, Max: 0.4, Diff: 0.0, Sum: 0.7]
      [Update RS (ms): Min: 0.0, Avg: 0.1, Max: 0.1, Diff: 0.1, Sum: 0.1]
         [Processed Buffers: Min: 1, Avg: 1.0, Max: 1, Diff: 0, Sum: 2]
      [Scan RS (ms): Min: 0.3, Avg: 0.3, Max: 0.4, Diff: 0.0, Sum: 0.7]
      [Code Root Scanning (ms): Min: 0.1, Avg: 0.1, Max: 0.2, Diff: 0.0, Sum: 0.3]
      [Object Copy (ms): Min: 11.3, Avg: 11.3, Max: 11.3, Diff: 0.0, Sum: 22.7]
      [Termination (ms): Min: 0.0, Avg: 0.0, Max: 0.0, Diff: 0.0, Sum: 0.0]
      [GC Worker Other (ms): Min: 0.0, Avg: 0.0, Max: 0.0, Diff: 0.0, Sum: 0.1]
      [GC Worker Total (ms): Min: 12.3, Avg: 12.3, Max: 12.3, Diff: 0.0, Sum: 24.5]
      [GC Worker End (ms): Min: 118583.0, Avg: 118583.0, Max: 118583.0, Diff: 0.0]
   [Code Root Fixup: 0.0 ms]
   [Code Root Migration: 0.1 ms]
   [Clear CT: 0.2 ms]
   [Other: 0.7 ms]
      [Choose CSet: 0.0 ms]
      [Ref Proc: 0.2 ms]
      [Ref Enq: 0.0 ms]
      [Free CSet: 0.4 ms]
   [Eden: 215.0M(215.0M)->0.0B(197.0M) Survivors: 2048.0K->19.0M Heap: 439.6M(512.0M)->241.5M(512.0M)]
 [Times: user=0.03 sys=0.00, real=0.01 secs] 
2014-07-10T12:30:05.619+0200: 118.793: [GC pause (G1 Evacuation Pause) (young), 0.0051097 secs]
   [Parallel Time: 3.8 ms, GC Workers: 2]
      [GC Worker Start (ms): Min: 118792.7, Avg: 118792.7, Max: 118792.7, Diff: 0.0]
      [Ext Root Scanning (ms): Min: 0.4, Avg: 0.4, Max: 0.4, Diff: 0.0, Sum: 0.8]
      [Update RS (ms): Min: 0.0, Avg: 0.1, Max: 0.1, Diff: 0.0, Sum: 0.1]
         [Processed Buffers: Min: 1, Avg: 1.5, Max: 2, Diff: 1, Sum: 3]
      [Scan RS (ms): Min: 0.3, Avg: 0.3, Max: 0.3, Diff: 0.0, Sum: 0.6]
      [Code Root Scanning (ms): Min: 0.1, Avg: 0.1, Max: 0.1, Diff: 0.0, Sum: 0.3]
      [Object Copy (ms): Min: 2.8, Avg: 2.9, Max: 2.9, Diff: 0.0, Sum: 5.7]
      [Termination (ms): Min: 0.0, Avg: 0.0, Max: 0.0, Diff: 0.0, Sum: 0.0]
      [GC Worker Other (ms): Min: 0.0, Avg: 0.0, Max: 0.0, Diff: 0.0, Sum: 0.1]
      [GC Worker Total (ms): Min: 3.8, Avg: 3.8, Max: 3.8, Diff: 0.0, Sum: 7.5]
      [GC Worker End (ms): Min: 118796.4, Avg: 118796.4, Max: 118796.4, Diff: 0.0]
   [Code Root Fixup: 0.0 ms]
   [Code Root Migration: 0.1 ms]
   [Clear CT: 0.1 ms]
   [Other: 1.1 ms]
      [Choose CSet: 0.0 ms]
      [Ref Proc: 0.6 ms]
      [Ref Enq: 0.0 ms]
      [Free CSet: 0.3 ms]
   [Eden: 197.0M(197.0M)->0.0B(214.0M) Survivors: 19.0M->5120.0K Heap: 438.5M(512.0M)->228.2M(512.0M)]
 [Times: user=0.00 sys=0.00, real=0.01 secs] 
2014-07-10T12:30:05.795+0200: 118.969: [GC pause (G1 Evacuation Pause) (young), 0.0144634 secs]
   [Parallel Time: 13.7 ms, GC Workers: 2]
      [GC Worker Start (ms): Min: 118968.6, Avg: 118968.6, Max: 118968.6, Diff: 0.0]
      [Ext Root Scanning (ms): Min: 0.3, Avg: 0.3, Max: 0.3, Diff: 0.0, Sum: 0.6]
      [Update RS (ms): Min: 0.1, Avg: 0.1, Max: 0.1, Diff: 0.0, Sum: 0.1]
         [Processed Buffers: Min: 1, Avg: 1.5, Max: 2, Diff: 1, Sum: 3]
      [Scan RS (ms): Min: 0.3, Avg: 0.3, Max: 0.3, Diff: 0.0, Sum: 0.7]
      [Code Root Scanning (ms): Min: 0.1, Avg: 0.1, Max: 0.2, Diff: 0.0, Sum: 0.3]
      [Object Copy (ms): Min: 12.8, Avg: 12.8, Max: 12.8, Diff: 0.0, Sum: 25.5]
      [Termination (ms): Min: 0.0, Avg: 0.0, Max: 0.0, Diff: 0.0, Sum: 0.0]
      [GC Worker Other (ms): Min: 0.0, Avg: 0.0, Max: 0.0, Diff: 0.0, Sum: 0.1]
      [GC Worker Total (ms): Min: 13.6, Avg: 13.6, Max: 13.6, Diff: 0.0, Sum: 27.3]
      [GC Worker End (ms): Min: 118982.2, Avg: 118982.2, Max: 118982.2, Diff: 0.0]
   [Code Root Fixup: 0.0 ms]
   [Code Root Migration: 0.1 ms]
   [Clear CT: 0.2 ms]
   [Other: 0.6 ms]
      [Choose CSet: 0.0 ms]
      [Ref Proc: 0.1 ms]
      [Ref Enq: 0.0 ms]
      [Free CSet: 0.4 ms]
   [Eden: 214.0M(214.0M)->0.0B(194.0M) Survivors: 5120.0K->21.0M Heap: 442.2M(512.0M)->244.0M(512.0M)]
 [Times: user=0.03 sys=0.00, real=0.01 secs] 
2014-07-10T12:30:06.023+0200: 119.196: [GC pause (G1 Evacuation Pause) (young), 0.0117870 secs]
   [Parallel Time: 10.8 ms, GC Workers: 2]
      [GC Worker Start (ms): Min: 119196.6, Avg: 119196.6, Max: 119196.6, Diff: 0.0]
      [Ext Root Scanning (ms): Min: 0.3, Avg: 0.3, Max: 0.3, Diff: 0.0, Sum: 0.7]
      [Update RS (ms): Min: 0.1, Avg: 0.1, Max: 0.1, Diff: 0.0, Sum: 0.2]
         [Processed Buffers: Min: 1, Avg: 1.5, Max: 2, Diff: 1, Sum: 3]
      [Scan RS (ms): Min: 0.3, Avg: 0.3, Max: 0.3, Diff: 0.0, Sum: 0.6]
      [Code Root Scanning (ms): Min: 0.1, Avg: 0.1, Max: 0.2, Diff: 0.0, Sum: 0.3]
      [Object Copy (ms): Min: 9.8, Avg: 9.8, Max: 9.9, Diff: 0.0, Sum: 19.7]
      [Termination (ms): Min: 0.0, Avg: 0.0, Max: 0.0, Diff: 0.0, Sum: 0.0]
      [GC Worker Other (ms): Min: 0.0, Avg: 0.0, Max: 0.0, Diff: 0.0, Sum: 0.1]
      [GC Worker Total (ms): Min: 10.8, Avg: 10.8, Max: 10.8, Diff: 0.0, Sum: 21.5]
      [GC Worker End (ms): Min: 119207.3, Avg: 119207.3, Max: 119207.3, Diff: 0.0]
   [Code Root Fixup: 0.0 ms]
   [Code Root Migration: 0.1 ms]
   [Clear CT: 0.3 ms]
   [Other: 0.6 ms]
      [Choose CSet: 0.0 ms]
      [Ref Proc: 0.1 ms]
      [Ref Enq: 0.0 ms]
      [Free CSet: 0.4 ms]
   [Eden: 194.0M(194.0M)->0.0B(199.0M) Survivors: 21.0M->17.0M Heap: 438.0M(512.0M)->239.9M(512.0M)]
 [Times: user=0.00 sys=0.00, real=0.01 secs] 
2014-07-10T12:30:06.228+0200: 119.401: [GC pause (G1 Evacuation Pause) (young), 0.0046481 secs]
   [Parallel Time: 3.9 ms, GC Workers: 2]
      [GC Worker Start (ms): Min: 119401.4, Avg: 119401.4, Max: 119401.4, Diff: 0.0]
      [Ext Root Scanning (ms): Min: 0.3, Avg: 0.3, Max: 0.3, Diff: 0.0, Sum: 0.5]
      [Update RS (ms): Min: 0.0, Avg: 0.1, Max: 0.1, Diff: 0.0, Sum: 0.1]
         [Processed Buffers: Min: 2, Avg: 2.0, Max: 2, Diff: 0, Sum: 4]
      [Scan RS (ms): Min: 0.3, Avg: 0.3, Max: 0.3, Diff: 0.0, Sum: 0.6]
      [Code Root Scanning (ms): Min: 0.1, Avg: 0.2, Max: 0.2, Diff: 0.0, Sum: 0.3]
      [Object Copy (ms): Min: 3.0, Avg: 3.0, Max: 3.1, Diff: 0.0, Sum: 6.1]
      [Termination (ms): Min: 0.0, Avg: 0.0, Max: 0.0, Diff: 0.0, Sum: 0.0]
      [GC Worker Other (ms): Min: 0.0, Avg: 0.0, Max: 0.0, Diff: 0.0, Sum: 0.1]
      [GC Worker Total (ms): Min: 3.9, Avg: 3.9, Max: 3.9, Diff: 0.0, Sum: 7.7]
      [GC Worker End (ms): Min: 119405.3, Avg: 119405.3, Max: 119405.3, Diff: 0.0]
   [Code Root Fixup: 0.0 ms]
   [Code Root Migration: 0.0 ms]
   [Clear CT: 0.2 ms]
   [Other: 0.5 ms]
      [Choose CSet: 0.0 ms]
      [Ref Proc: 0.0 ms]
      [Ref Enq: 0.0 ms]
      [Free CSet: 0.3 ms]
   [Eden: 199.0M(199.0M)->0.0B(213.0M) Survivors: 17.0M->6144.0K Heap: 438.9M(512.0M)->228.6M(512.0M)]
 [Times: user=0.00 sys=0.00, real=0.01 secs] 
2014-07-10T12:30:06.405+0200: 119.579: [GC pause (G1 Evacuation Pause) (young), 0.0135021 secs]
   [Parallel Time: 12.7 ms, GC Workers: 2]
      [GC Worker Start (ms): Min: 119578.6, Avg: 119578.6, Max: 119578.6, Diff: 0.0]
      [Ext Root Scanning (ms): Min: 0.3, Avg: 0.3, Max: 0.4, Diff: 0.1, Sum: 0.7]
      [Update RS (ms): Min: 0.0, Avg: 0.1, Max: 0.2, Diff: 0.2, Sum: 0.2]
         [Processed Buffers: Min: 1, Avg: 1.5, Max: 2, Diff: 1, Sum: 3]
      [Scan RS (ms): Min: 0.3, Avg: 0.3, Max: 0.3, Diff: 0.1, Sum: 0.6]
      [Code Root Scanning (ms): Min: 0.1, Avg: 0.1, Max: 0.2, Diff: 0.0, Sum: 0.3]
      [Object Copy (ms): Min: 11.7, Avg: 11.7, Max: 11.7, Diff: 0.0, Sum: 23.4]
      [Termination (ms): Min: 0.0, Avg: 0.0, Max: 0.0, Diff: 0.0, Sum: 0.0]
      [GC Worker Other (ms): Min: 0.0, Avg: 0.0, Max: 0.0, Diff: 0.0, Sum: 0.1]
      [GC Worker Total (ms): Min: 12.6, Avg: 12.6, Max: 12.6, Diff: 0.0, Sum: 25.3]
      [GC Worker End (ms): Min: 119591.3, Avg: 119591.3, Max: 119591.3, Diff: 0.0]
   [Code Root Fixup: 0.0 ms]
   [Code Root Migration: 0.1 ms]
   [Clear CT: 0.2 ms]
   [Other: 0.6 ms]
      [Choose CSet: 0.0 ms]
      [Ref Proc: 0.1 ms]
      [Ref Enq: 0.0 ms]
      [Free CSet: 0.4 ms]
   [Eden: 213.0M(213.0M)->0.0B(194.0M) Survivors: 6144.0K->21.0M Heap: 441.6M(512.0M)->243.4M(512.0M)]
 [Times: user=0.03 sys=0.00, real=0.01 secs] 
2014-07-10T12:30:06.603+0200: 119.776: [GC pause (G1 Evacuation Pause) (young), 0.0071870 secs]
   [Parallel Time: 6.4 ms, GC Workers: 2]
      [GC Worker Start (ms): Min: 119776.5, Avg: 119776.5, Max: 119776.5, Diff: 0.0]
      [Ext Root Scanning (ms): Min: 0.3, Avg: 0.3, Max: 0.4, Diff: 0.0, Sum: 0.7]
      [Update RS (ms): Min: 0.0, Avg: 0.1, Max: 0.3, Diff: 0.3, Sum: 0.3]
         [Processed Buffers: Min: 1, Avg: 1.0, Max: 1, Diff: 0, Sum: 2]
      [Scan RS (ms): Min: 0.3, Avg: 0.4, Max: 0.5, Diff: 0.2, Sum: 0.8]
      [Code Root Scanning (ms): Min: 0.1, Avg: 0.2, Max: 0.2, Diff: 0.1, Sum: 0.3]
      [Object Copy (ms): Min: 5.3, Avg: 5.3, Max: 5.3, Diff: 0.0, Sum: 10.5]
      [Termination (ms): Min: 0.0, Avg: 0.0, Max: 0.0, Diff: 0.0, Sum: 0.0]
      [GC Worker Other (ms): Min: 0.0, Avg: 0.0, Max: 0.0, Diff: 0.0, Sum: 0.1]
      [GC Worker Total (ms): Min: 6.3, Avg: 6.3, Max: 6.4, Diff: 0.0, Sum: 12.7]
      [GC Worker End (ms): Min: 119782.9, Avg: 119782.9, Max: 119782.9, Diff: 0.0]
   [Code Root Fixup: 0.0 ms]
   [Code Root Migration: 0.0 ms]
   [Clear CT: 0.1 ms]
   [Other: 0.6 ms]
      [Choose CSet: 0.0 ms]
      [Ref Proc: 0.1 ms]
      [Ref Enq: 0.0 ms]
      [Free CSet: 0.3 ms]
   [Eden: 194.0M(194.0M)->0.0B(211.0M) Survivors: 21.0M->8192.0K Heap: 437.4M(512.0M)->231.2M(512.0M)]
 [Times: user=0.00 sys=0.00, real=0.01 secs] 
2014-07-10T12:30:06.796+0200: 119.969: [GC pause (G1 Evacuation Pause) (young), 0.0144784 secs]
   [Parallel Time: 13.7 ms, GC Workers: 2]
      [GC Worker Start (ms): Min: 119969.4, Avg: 119969.4, Max: 119969.4, Diff: 0.0]
      [Ext Root Scanning (ms): Min: 0.3, Avg: 0.3, Max: 0.3, Diff: 0.0, Sum: 0.6]
      [Update RS (ms): Min: 0.0, Avg: 0.0, Max: 0.1, Diff: 0.1, Sum: 0.1]
         [Processed Buffers: Min: 1, Avg: 1.0, Max: 1, Diff: 0, Sum: 2]
      [Scan RS (ms): Min: 0.3, Avg: 0.3, Max: 0.4, Diff: 0.1, Sum: 0.7]
      [Code Root Scanning (ms): Min: 0.1, Avg: 0.1, Max: 0.1, Diff: 0.0, Sum: 0.3]
      [Object Copy (ms): Min: 12.8, Avg: 12.8, Max: 12.8, Diff: 0.0, Sum: 25.6]
      [Termination (ms): Min: 0.0, Avg: 0.0, Max: 0.0, Diff: 0.0, Sum: 0.0]
      [GC Worker Other (ms): Min: 0.0, Avg: 0.0, Max: 0.0, Diff: 0.0, Sum: 0.1]
      [GC Worker Total (ms): Min: 13.7, Avg: 13.7, Max: 13.7, Diff: 0.0, Sum: 27.3]
      [GC Worker End (ms): Min: 119983.1, Avg: 119983.1, Max: 119983.1, Diff: 0.0]
   [Code Root Fixup: 0.0 ms]
   [Code Root Migration: 0.1 ms]
   [Clear CT: 0.2 ms]
   [Other: 0.5 ms]
      [Choose CSet: 0.0 ms]
      [Ref Proc: 0.1 ms]
      [Ref Enq: 0.0 ms]
      [Free CSet: 0.3 ms]
   [Eden: 211.0M(211.0M)->0.0B(194.0M) Survivors: 8192.0K->21.0M Heap: 442.2M(512.0M)->244.0M(512.0M)]
 [Times: user=0.03 sys=0.00, real=0.02 secs] 
Heap
 garbage-first heap   total 524288K, used 431138K [0x00000000e0000000, 0x0000000100000000, 0x0000000100000000)
  region size 1024K, 199 young (203776K), 21 survivors (21504K)
 Metaspace       used 2464K, capacity 4490K, committed 4864K, reserved 1056768K
  class space    used 269K, capacity 386K, committed 512K, reserved 1048576K
