Java HotSpot(TM) 64-Bit Server VM (25.5-b02) for windows-amd64 JRE (1.8.0_05-b13), built on Mar 18 2014 01:08:39 by "java_re" with MS VC++ 10.0 (VS2010)
Memory: 4k page, physical 8376184k(5127140k free), swap 16750504k(12245680k free)
CommandLine flags: -XX:InitialHeapSize=1073741824 -XX:LogFile=jvm.log -XX:MaxHeapSize=1073741824 -XX:MaxNewSize=174485504 -XX:MaxTenuringThreshold=6 -XX:NewSize=174485504 -XX:OldPLABSize=16 -XX:OldSize=348971008 -XX:+PrintFlagsFinal -XX:+PrintGC -XX:+PrintGCDateStamps -XX:+PrintGCDetails -XX:+PrintGCTimeStamps -XX:+UnlockDiagnosticVMOptions -XX:+UseCompressedClassPointers -XX:+UseCompressedOops -XX:+UseConcMarkSweepGC -XX:-UseLargePagesIndividualAllocation -XX:+UseParNewGC 
2014-07-10T12:08:13.493+0200: 0.374: [GC (Allocation Failure) 0.374: [ParNew: 136320K->17017K(153344K), 0.0454696 secs] 136320K->59858K(1031552K), 0.0457871 secs] [Times: user=0.08 sys=0.00, real=0.05 secs] 
2014-07-10T12:08:13.608+0200: 0.489: [GC (Allocation Failure) 0.489: [ParNew: 153337K->17002K(153344K), 0.0513247 secs] 196178K->103975K(1031552K), 0.0514753 secs] [Times: user=0.08 sys=0.03, real=0.05 secs] 
2014-07-10T12:08:13.727+0200: 0.608: [GC (Allocation Failure) 0.608: [ParNew: 153322K->17010K(153344K), 0.0489170 secs] 240295K->152471K(1031552K), 0.0490688 secs] [Times: user=0.06 sys=0.03, real=0.05 secs] 
2014-07-10T12:08:13.881+0200: 0.762: [GC (Allocation Failure) 0.762: [ParNew: 153330K->16993K(153344K), 0.0455551 secs] 288791K->197196K(1031552K), 0.0457431 secs] [Times: user=0.09 sys=0.00, real=0.05 secs] 
2014-07-10T12:08:14.052+0200: 0.933: [GC (Allocation Failure) 0.934: [ParNew: 153313K->1150K(153344K), 0.0096287 secs] 333516K->181373K(1031552K), 0.0099011 secs] [Times: user=0.03 sys=0.00, real=0.01 secs] 
2014-07-10T12:08:14.153+0200: 1.035: [GC (Allocation Failure) 1.035: [ParNew: 137470K->5262K(153344K), 0.0113856 secs] 317693K->185485K(1031552K), 0.0114915 secs] [Times: user=0.01 sys=0.00, real=0.01 secs] 
2014-07-10T12:08:14.288+0200: 1.169: [GC (Allocation Failure) 1.169: [ParNew: 141582K->1281K(153344K), 0.0041583 secs] 321805K->181504K(1031552K), 0.0043163 secs] [Times: user=0.00 sys=0.00, real=0.00 secs] 
2014-07-10T12:08:14.453+0200: 1.334: [GC (Allocation Failure) 1.335: [ParNew: 137601K->1362K(153344K), 0.0094883 secs] 317824K->181585K(1031552K), 0.0097302 secs] [Times: user=0.00 sys=0.00, real=0.01 secs] 
2014-07-10T12:08:14.554+0200: 1.435: [GC (Allocation Failure) 1.435: [ParNew: 137682K->5895K(153344K), 0.0065501 secs] 317905K->186118K(1031552K), 0.0067305 secs] [Times: user=0.02 sys=0.00, real=0.01 secs] 
2014-07-10T12:08:14.697+0200: 1.578: [GC (Allocation Failure) 1.579: [ParNew: 142215K->10103K(153344K), 0.0094831 secs] 322438K->190326K(1031552K), 0.0097046 secs] [Times: user=0.03 sys=0.00, real=0.01 secs] 
2014-07-10T12:08:14.853+0200: 1.734: [GC (Allocation Failure) 1.734: [ParNew: 146423K->2429K(153344K), 0.0057923 secs] 326646K->182765K(1031552K), 0.0059892 secs] [Times: user=0.03 sys=0.00, real=0.01 secs] 
2014-07-10T12:08:14.954+0200: 1.835: [GC (Allocation Failure) 1.835: [ParNew: 138749K->6317K(153344K), 0.0069531 secs] 319085K->186653K(1031552K), 0.0071683 secs] [Times: user=0.00 sys=0.00, real=0.01 secs] 
2014-07-10T12:08:15.094+0200: 1.975: [GC (Allocation Failure) 1.975: [ParNew: 142637K->10209K(153344K), 0.0092302 secs] 322973K->190545K(1031552K), 0.0093849 secs] [Times: user=0.00 sys=0.00, real=0.01 secs] 
2014-07-10T12:08:15.256+0200: 2.137: [GC (Allocation Failure) 2.137: [ParNew: 146529K->14042K(153344K), 0.0140146 secs] 326865K->194435K(1031552K), 0.0141902 secs] [Times: user=0.03 sys=0.00, real=0.01 secs] 
2014-07-10T12:08:15.359+0200: 2.240: [GC (Allocation Failure) 2.240: [ParNew: 150362K->4962K(153344K), 0.0055628 secs] 330755K->185371K(1031552K), 0.0057025 secs] [Times: user=0.00 sys=0.00, real=0.01 secs] 
2014-07-10T12:08:15.492+0200: 2.373: [GC (Allocation Failure) 2.373: [ParNew: 141282K->10069K(153344K), 0.0102740 secs] 321691K->190477K(1031552K), 0.0104169 secs] [Times: user=0.03 sys=0.00, real=0.01 secs] 
2014-07-10T12:08:15.666+0200: 2.547: [GC (Allocation Failure) 2.548: [ParNew: 146389K->14587K(153344K), 0.0235480 secs] 326797K->195040K(1031552K), 0.0239883 secs] [Times: user=0.05 sys=0.00, real=0.02 secs] 
2014-07-10T12:08:15.764+0200: 2.645: [GC (Allocation Failure) 2.645: [ParNew: 150907K->17020K(153344K), 0.0154071 secs] 331360K->198962K(1031552K), 0.0155702 secs] [Times: user=0.03 sys=0.00, real=0.02 secs] 
2014-07-10T12:08:15.892+0200: 2.773: [GC (Allocation Failure) 2.773: [ParNew: 153340K->14269K(153344K), 0.0131179 secs] 335282K->196226K(1031552K), 0.0132942 secs] [Times: user=0.03 sys=0.00, real=0.01 secs] 
2014-07-10T12:08:16.064+0200: 2.946: [GC (Allocation Failure) 2.946: [ParNew: 150589K->17018K(153344K), 0.0233324 secs] 332546K->200149K(1031552K), 0.0237936 secs] [Times: user=0.03 sys=0.00, real=0.02 secs] 
2014-07-10T12:08:16.168+0200: 3.049: [GC (Allocation Failure) 3.049: [ParNew: 153338K->17018K(153344K), 0.0295328 secs] 336469K->205223K(1031552K), 0.0297099 secs] [Times: user=0.02 sys=0.00, real=0.03 secs] 
2014-07-10T12:08:16.288+0200: 3.170: [GC (Allocation Failure) 3.170: [ParNew: 153338K->13762K(153344K), 0.0153821 secs] 341543K->201984K(1031552K), 0.0155585 secs] [Times: user=0.03 sys=0.00, real=0.02 secs] 
2014-07-10T12:08:16.463+0200: 3.344: [GC (Allocation Failure) 3.345: [ParNew: 150082K->13598K(153344K), 0.0192922 secs] 338304K->201844K(1031552K), 0.0195239 secs] [Times: user=0.02 sys=0.01, real=0.02 secs] 
2014-07-10T12:08:16.558+0200: 3.439: [GC (Allocation Failure) 3.439: [ParNew: 149918K->17018K(153344K), 0.0145822 secs] 338164K->205764K(1031552K), 0.0147985 secs] [Times: user=0.00 sys=0.02, real=0.01 secs] 
2014-07-10T12:08:16.708+0200: 3.589: [GC (Allocation Failure) 3.589: [ParNew: 153338K->17018K(153344K), 0.0177088 secs] 342084K->210166K(1031552K), 0.0178686 secs] [Times: user=0.03 sys=0.00, real=0.02 secs] 
2014-07-10T12:08:16.865+0200: 3.746: [GC (Allocation Failure) 3.746: [ParNew: 153338K->16992K(153344K), 0.0252246 secs] 346486K->210348K(1031552K), 0.0254512 secs] [Times: user=0.06 sys=0.00, real=0.03 secs] 
2014-07-10T12:08:16.959+0200: 3.840: [GC (Allocation Failure) 3.840: [ParNew: 153312K->17018K(153344K), 0.0169447 secs] 346668K->214460K(1031552K), 0.0171702 secs] [Times: user=0.03 sys=0.00, real=0.02 secs] 
2014-07-10T12:08:17.088+0200: 3.969: [GC (Allocation Failure) 3.969: [ParNew: 153338K->17018K(153344K), 0.0198462 secs] 350780K->222448K(1031552K), 0.0200031 secs] [Times: user=0.01 sys=0.02, real=0.02 secs] 
2014-07-10T12:08:17.273+0200: 4.154: [GC (Allocation Failure) 4.154: [ParNew: 153338K->17018K(153344K), 0.0266049 secs] 358768K->234342K(1031552K), 0.0284820 secs] [Times: user=0.05 sys=0.01, real=0.03 secs] 
2014-07-10T12:08:17.367+0200: 4.249: [GC (Allocation Failure) 4.249: [ParNew: 153338K->17000K(153344K), 0.0152091 secs] 370662K->236902K(1031552K), 0.0153616 secs] [Times: user=0.03 sys=0.00, real=0.02 secs] 
2014-07-10T12:08:17.493+0200: 4.374: [GC (Allocation Failure) 4.374: [ParNew: 153320K->17018K(153344K), 0.0254490 secs] 373222K->243383K(1031552K), 0.0256227 secs] [Times: user=0.02 sys=0.00, real=0.02 secs] 
2014-07-10T12:08:17.672+0200: 4.553: [GC (Allocation Failure) 4.553: [ParNew: 153338K->17018K(153344K), 0.0361772 secs] 379703K->253740K(1031552K), 0.0364059 secs] [Times: user=0.05 sys=0.00, real=0.04 secs] 
2014-07-10T12:08:17.765+0200: 4.646: [GC (Allocation Failure) 4.646: [ParNew: 153338K->17018K(153344K), 0.0235671 secs] 390060K->268003K(1031552K), 0.0237196 secs] [Times: user=0.03 sys=0.00, real=0.02 secs] 
2014-07-10T12:08:17.902+0200: 4.783: [GC (Allocation Failure) 4.783: [ParNew: 153338K->16996K(153344K), 0.0192236 secs] 404323K->273984K(1031552K), 0.0193853 secs] [Times: user=0.03 sys=0.00, real=0.02 secs] 
2014-07-10T12:08:18.067+0200: 4.948: [GC (Allocation Failure) 4.949: [ParNew: 153316K->17018K(153344K), 0.0234541 secs] 410304K->283891K(1031552K), 0.0236785 secs] [Times: user=0.03 sys=0.03, real=0.02 secs] 
2014-07-10T12:08:18.164+0200: 5.046: [GC (Allocation Failure) 5.046: [ParNew: 153338K->17018K(153344K), 0.0238739 secs] 420211K->297674K(1031552K), 0.0240158 secs] [Times: user=0.00 sys=0.03, real=0.02 secs] 
2014-07-10T12:08:18.310+0200: 5.191: [GC (Allocation Failure) 5.191: [ParNew: 153338K->17018K(153344K), 0.0266746 secs] 433994K->315363K(1031552K), 0.0268044 secs] [Times: user=0.06 sys=0.00, real=0.03 secs] 
2014-07-10T12:08:18.469+0200: 5.350: [GC (Allocation Failure) 5.350: [ParNew: 153338K->16996K(153344K), 0.0267263 secs] 451683K->324770K(1031552K), 0.0269576 secs] [Times: user=0.05 sys=0.01, real=0.03 secs] 
2014-07-10T12:08:18.562+0200: 5.444: [GC (Allocation Failure) 5.444: [ParNew: 153316K->17018K(153344K), 0.0225460 secs] 461090K->338102K(1031552K), 0.0227689 secs] [Times: user=0.06 sys=0.00, real=0.02 secs] 
2014-07-10T12:08:18.709+0200: 5.590: [GC (Allocation Failure) 5.590: [ParNew: 153338K->17018K(153344K), 0.0268267 secs] 474422K->355311K(1031552K), 0.0270375 secs] [Times: user=0.06 sys=0.00, real=0.03 secs] 
2014-07-10T12:08:18.872+0200: 5.752: [GC (Allocation Failure) 5.752: [ParNew: 153338K->17022K(153344K), 0.0253907 secs] 491631K->368297K(1031552K), 0.0255685 secs] [Times: user=0.03 sys=0.00, real=0.03 secs] 
2014-07-10T12:08:18.963+0200: 5.843: [GC (Allocation Failure) 5.844: [ParNew: 153342K->17018K(153344K), 0.0251754 secs] 504617K->385186K(1031552K), 0.0253709 secs] [Times: user=0.03 sys=0.00, real=0.03 secs] 
2014-07-10T12:08:19.105+0200: 5.985: [GC (Allocation Failure) 5.986: [ParNew: 153338K->17018K(153344K), 0.0289931 secs] 521506K->405980K(1031552K), 0.0291687 secs] [Times: user=0.06 sys=0.00, real=0.03 secs] 
2014-07-10T12:08:19.283+0200: 6.163: [GC (Allocation Failure) 6.163: [ParNew: 153338K->17018K(153344K), 0.0441461 secs] 542300K->430680K(1031552K), 0.0443364 secs] [Times: user=0.06 sys=0.02, real=0.04 secs] 
2014-07-10T12:08:19.392+0200: 6.273: [GC (Allocation Failure) 6.273: [ParNew: 153338K->17004K(153344K), 0.0218850 secs] 567000K->441984K(1031552K), 0.0221240 secs] [Times: user=0.05 sys=0.01, real=0.02 secs] 
2014-07-10T12:08:19.500+0200: 6.381: [GC (Allocation Failure) 6.383: [ParNew: 153324K->17018K(153344K), 0.0236184 secs] 578304K->457205K(1031552K), 0.0261250 secs] [Times: user=0.03 sys=0.03, real=0.03 secs] 
2014-07-10T12:08:19.537+0200: 6.417: [GC (CMS Initial Mark) [1 CMS-initial-mark: 440187K(878208K)] 460016K(1031552K), 0.0003329 secs] [Times: user=0.00 sys=0.01, real=0.00 secs] 
2014-07-10T12:08:19.538+0200: 6.418: [CMS-concurrent-mark-start]
2014-07-10T12:08:19.553+0200: 6.433: [CMS-concurrent-mark: 0.015/0.015 secs] [Times: user=0.03 sys=0.00, real=0.01 secs] 
2014-07-10T12:08:19.553+0200: 6.433: [CMS-concurrent-preclean-start]
2014-07-10T12:08:19.556+0200: 6.436: [CMS-concurrent-preclean: 0.003/0.003 secs] [Times: user=0.00 sys=0.00, real=0.00 secs] 
2014-07-10T12:08:19.556+0200: 6.436: [CMS-concurrent-abortable-preclean-start]
2014-07-10T12:08:19.678+0200: 6.559: [GC (Allocation Failure) 6.559: [ParNew: 153338K->17018K(153344K), 0.0309230 secs] 593525K->476303K(1031552K), 0.0311613 secs] [Times: user=0.03 sys=0.03, real=0.03 secs] 
2014-07-10T12:08:19.767+0200: 6.648: [GC (Allocation Failure) 6.648: [ParNew: 153338K->17022K(153344K), 0.0237493 secs] 612623K->491178K(1031552K), 0.0239099 secs] [Times: user=0.06 sys=0.00, real=0.02 secs] 
2014-07-10T12:08:19.918+0200: 6.798: [GC (Allocation Failure) 6.798: [ParNew: 153342K->17018K(153344K), 0.0308123 secs] 627498K->509956K(1031552K), 0.0309263 secs] [Times: user=0.06 sys=0.00, real=0.03 secs] 
2014-07-10T12:08:19.949+0200: 6.829: [CMS-concurrent-abortable-preclean: 0.032/0.393 secs] [Times: user=0.33 sys=0.03, real=0.39 secs] 
2014-07-10T12:08:19.950+0200: 6.830: [GC (CMS Final Remark) [YG occupancy: 22608 K (153344 K)]6.830: [Rescan (parallel) , 0.0013572 secs]6.832: [weak refs processing, 0.0000297 secs]6.832: [class unloading, 0.0005932 secs]6.832: [scrub symbol table, 0.0005932 secs]6.833: [scrub string table, 0.0003061 secs][1 CMS-remark: 492937K(878208K)] 515545K(1031552K), 0.0030346 secs] [Times: user=0.00 sys=0.00, real=0.00 secs] 
2014-07-10T12:08:19.953+0200: 6.833: [CMS-concurrent-sweep-start]
2014-07-10T12:08:19.960+0200: 6.840: [CMS-concurrent-sweep: 0.007/0.007 secs] [Times: user=0.03 sys=0.00, real=0.01 secs] 
2014-07-10T12:08:19.960+0200: 6.840: [CMS-concurrent-reset-start]
2014-07-10T12:08:19.966+0200: 6.846: [CMS-concurrent-reset: 0.006/0.006 secs] [Times: user=0.00 sys=0.00, real=0.01 secs] 
2014-07-10T12:08:20.067+0200: 6.947: [GC (Allocation Failure) 6.948: [ParNew: 153338K->17018K(153344K), 0.0275966 secs] 221969K->108332K(1031552K), 0.0278624 secs] [Times: user=0.06 sys=0.00, real=0.03 secs] 
2014-07-10T12:08:20.167+0200: 7.048: [GC (Allocation Failure) 7.048: [ParNew: 153338K->17018K(153344K), 0.0305000 secs] 244652K->134921K(1031552K), 0.0306730 secs] [Times: user=0.06 sys=0.00, real=0.03 secs] 
2014-07-10T12:08:20.309+0200: 7.190: [GC (Allocation Failure) 7.190: [ParNew: 153338K->17018K(153344K), 0.0321853 secs] 271241K->165416K(1031552K), 0.0324368 secs] [Times: user=0.06 sys=0.00, real=0.03 secs] 
2014-07-10T12:08:20.473+0200: 7.353: [GC (Allocation Failure) 7.353: [ParNew: 153338K->16994K(153344K), 0.0275992 secs] 301736K->187627K(1031552K), 0.0277580 secs] [Times: user=0.06 sys=0.00, real=0.03 secs] 
2014-07-10T12:08:20.567+0200: 7.447: [GC (Allocation Failure) 7.447: [ParNew: 153314K->17018K(153344K), 0.0297993 secs] 323947K->213768K(1031552K), 0.0299570 secs] [Times: user=0.03 sys=0.00, real=0.03 secs] 
2014-07-10T12:08:20.726+0200: 7.606: [GC (Allocation Failure) 7.606: [ParNew: 153338K->17018K(153344K), 0.0325861 secs] 350088K->243783K(1031552K), 0.0327624 secs] [Times: user=0.06 sys=0.00, real=0.03 secs] 
2014-07-10T12:08:20.866+0200: 7.746: [GC (Allocation Failure) 7.746: [ParNew: 153338K->16994K(153344K), 0.0284571 secs] 380103K->265482K(1031552K), 0.0286019 secs] [Times: user=0.03 sys=0.00, real=0.03 secs] 
2014-07-10T12:08:20.968+0200: 7.849: [GC (Allocation Failure) 7.849: [ParNew: 153314K->17018K(153344K), 0.0301311 secs] 401802K->291110K(1031552K), 0.0303214 secs] [Times: user=0.06 sys=0.00, real=0.03 secs] 
2014-07-10T12:08:21.095+0200: 7.975: [GC (Allocation Failure) 7.975: [ParNew: 153338K->17018K(153344K), 0.0362164 secs] 427430K->320613K(1031552K), 0.0365232 secs] [Times: user=0.08 sys=0.00, real=0.04 secs] 
2014-07-10T12:08:21.272+0200: 8.153: [GC (Allocation Failure) 8.153: [ParNew: 153338K->17018K(153344K), 0.0368741 secs] 456933K->354021K(1031552K), 0.0370538 secs] [Times: user=0.06 sys=0.00, real=0.04 secs] 
2014-07-10T12:08:21.403+0200: 8.283: [GC (Allocation Failure) 8.283: [ParNew: 153338K->16998K(153344K), 0.0281411 secs] 490341K->378093K(1031552K), 0.0283090 secs] [Times: user=0.06 sys=0.00, real=0.03 secs] 
2014-07-10T12:08:21.499+0200: 8.379: [GC (Allocation Failure) 8.379: [ParNew: 153318K->17018K(153344K), 0.0335055 secs] 514413K->406091K(1031552K), 0.0336540 secs] [Times: user=0.05 sys=0.00, real=0.03 secs] 
2014-07-10T12:08:21.686+0200: 8.567: [GC (Allocation Failure) 8.567: [ParNew: 153338K->17018K(153344K), 0.0360635 secs] 542411K->437963K(1031552K), 0.0363777 secs] [Times: user=0.09 sys=0.00, real=0.04 secs] 
2014-07-10T12:08:21.772+0200: 8.653: [GC (Allocation Failure) 8.653: [ParNew: 153338K->17018K(153344K), 0.0353750 secs] 574283K->473740K(1031552K), 0.0355653 secs] [Times: user=0.06 sys=0.00, real=0.04 secs] 
2014-07-10T12:08:21.891+0200: 8.772: [GC (Allocation Failure) 8.772: [ParNew: 153338K->17022K(153344K), 0.0331085 secs] 610060K->505296K(1031552K), 0.0332731 secs] [Times: user=0.08 sys=0.00, real=0.03 secs] 
2014-07-10T12:08:22.099+0200: 8.980: [GC (Allocation Failure) 8.980: [ParNew: 153342K->17018K(153344K), 0.0667108 secs] 641616K->540753K(1031552K), 0.0668553 secs] [Times: user=0.05 sys=0.00, real=0.07 secs] 
2014-07-10T12:08:22.249+0200: 9.130: [GC (Allocation Failure) 9.130: [ParNew: 153338K->17018K(153344K), 0.0492353 secs] 677073K->580116K(1031552K), 0.0493658 secs] [Times: user=0.05 sys=0.00, real=0.05 secs] 
2014-07-10T12:08:22.353+0200: 9.233: [GC (Allocation Failure) 9.234: [ParNew: 153338K->16998K(153344K), 0.0347774 secs] 716436K->607102K(1031552K), 0.0349365 secs] [Times: user=0.03 sys=0.02, real=0.04 secs] 
2014-07-10T12:08:22.468+0200: 9.349: [GC (Allocation Failure) 9.349: [ParNew: 153318K->17018K(153344K), 0.0362123 secs] 743422K->638013K(1031552K), 0.0364602 secs] [Times: user=0.06 sys=0.02, real=0.04 secs] 
2014-07-10T12:08:22.573+0200: 9.453: [GC (Allocation Failure) 9.454: [ParNew: 153338K->17018K(153344K), 0.0379421 secs] 774333K->672798K(1031552K), 0.0380961 secs] [Times: user=0.08 sys=0.01, real=0.04 secs] 
2014-07-10T12:08:22.712+0200: 9.592: [GC (Allocation Failure) 9.593: [ParNew: 153338K->17018K(153344K), 0.0412531 secs] 809118K->711489K(1031552K), 0.0414826 secs] [Times: user=0.08 sys=0.02, real=0.04 secs] 
2014-07-10T12:08:22.755+0200: 9.636: [GC (CMS Initial Mark) [1 CMS-initial-mark: 694471K(878208K)] 717079K(1031552K), 0.0003850 secs] [Times: user=0.00 sys=0.00, real=0.00 secs] 
2014-07-10T12:08:22.756+0200: 9.636: [CMS-concurrent-mark-start]
2014-07-10T12:08:22.770+0200: 9.650: [CMS-concurrent-mark: 0.014/0.014 secs] [Times: user=0.03 sys=0.00, real=0.01 secs] 
2014-07-10T12:08:22.770+0200: 9.650: [CMS-concurrent-preclean-start]
2014-07-10T12:08:22.773+0200: 9.653: [CMS-concurrent-preclean: 0.003/0.003 secs] [Times: user=0.00 sys=0.00, real=0.00 secs] 
2014-07-10T12:08:22.773+0200: 9.653: [CMS-concurrent-abortable-preclean-start]
2014-07-10T12:08:22.895+0200: 9.775: [GC (Allocation Failure) 9.775: [ParNew: 153338K->17022K(153344K), 0.0394786 secs] 847809K->745958K(1031552K), 0.0396480 secs] [Times: user=0.03 sys=0.00, real=0.04 secs] 
2014-07-10T12:08:22.992+0200: 9.873: [GC (Allocation Failure) 9.873: [ParNew: 153342K->17018K(153344K), 0.0475631 secs] 882278K->784329K(1031552K), 0.0477178 secs] [Times: user=0.05 sys=0.03, real=0.05 secs] 
2014-07-10T12:08:23.105+0200: 9.985: [GC (Allocation Failure) 9.985: [ParNew: 153338K->17018K(153344K), 0.0482516 secs] 920649K->826606K(1031552K), 0.0484202 secs] [Times: user=0.06 sys=0.01, real=0.05 secs] 
2014-07-10T12:08:23.289+0200: 10.170: [GC (Allocation Failure) 10.170: [ParNew: 153338K->17018K(153344K), 0.0476771 secs] 962926K->872788K(1031552K), 0.0478369 secs] [Times: user=0.08 sys=0.02, real=0.05 secs] 
2014-07-10T12:08:23.337+0200: 10.218: [CMS-concurrent-abortable-preclean: 0.052/0.564 secs] [Times: user=0.44 sys=0.09, real=0.56 secs] 
2014-07-10T12:08:23.341+0200: 10.222: [GC (CMS Final Remark) [YG occupancy: 19829 K (153344 K)]10.222: [Rescan (parallel) , 0.0040728 secs]10.226: [weak refs processing, 0.0000326 secs]10.226: [class unloading, 0.0004542 secs]10.227: [scrub symbol table, 0.0005752 secs]10.227: [scrub string table, 0.0002709 secs][1 CMS-remark: 855770K(878208K)] 875599K(1031552K), 0.0056391 secs] [Times: user=0.01 sys=0.00, real=0.01 secs] 
2014-07-10T12:08:23.347+0200: 10.228: [CMS-concurrent-sweep-start]
2014-07-10T12:08:23.358+0200: 10.239: [CMS-concurrent-sweep: 0.011/0.011 secs] [Times: user=0.00 sys=0.00, real=0.01 secs] 
2014-07-10T12:08:23.358+0200: 10.239: [CMS-concurrent-reset-start]
2014-07-10T12:08:23.364+0200: 10.245: [CMS-concurrent-reset: 0.006/0.006 secs] [Times: user=0.03 sys=0.00, real=0.01 secs] 
2014-07-10T12:08:23.412+0200: 10.292: [GC (Allocation Failure) 10.292: [ParNew: 153338K->16998K(153344K), 0.0647010 secs] 354066K->254593K(1031552K), 0.0648645 secs] [Times: user=0.08 sys=0.00, real=0.06 secs] 
2014-07-10T12:08:23.543+0200: 10.424: [GC (Allocation Failure) 10.424: [ParNew: 153318K->17018K(153344K), 0.0403424 secs] 390913K->295365K(1031552K), 0.0405316 secs] [Times: user=0.09 sys=0.00, real=0.04 secs] 
2014-07-10T12:08:23.681+0200: 10.562: [GC (Allocation Failure) 10.562: [ParNew: 153338K->17018K(153344K), 0.0404989 secs] 431685K->340011K(1031552K), 0.0406588 secs] [Times: user=0.09 sys=0.00, real=0.04 secs] 
2014-07-10T12:08:23.789+0200: 10.669: [GC (Allocation Failure) 10.669: [ParNew: 153338K->17018K(153344K), 0.0462832 secs] 476331K->388562K(1031552K), 0.0464401 secs] [Times: user=0.08 sys=0.02, real=0.05 secs] 
2014-07-10T12:08:23.897+0200: 10.778: [GC (Allocation Failure) 10.778: [ParNew: 153338K->16994K(153344K), 0.0390863 secs] 524882K->428830K(1031552K), 0.0392473 secs] [Times: user=0.05 sys=0.00, real=0.04 secs] 
2014-07-10T12:08:24.096+0200: 10.977: [GC (Allocation Failure) 10.977: [ParNew: 153314K->17018K(153344K), 0.0418697 secs] 565150K->473028K(1031552K), 0.0420714 secs] [Times: user=0.06 sys=0.00, real=0.04 secs] 
2014-07-10T12:08:24.191+0200: 11.071: [GC (Allocation Failure) 11.071: [ParNew: 153338K->17018K(153344K), 0.0433729 secs] 609348K->521099K(1031552K), 0.0435269 secs] [Times: user=0.09 sys=0.00, real=0.04 secs] 
2014-07-10T12:08:24.299+0200: 11.180: [GC (Allocation Failure) 11.180: [ParNew: 153338K->16992K(153344K), 0.0435922 secs] 657419K->569017K(1031552K), 0.0437307 secs] [Times: user=0.09 sys=0.00, real=0.04 secs] 
2014-07-10T12:08:24.344+0200: 11.224: [GC (CMS Initial Mark) [1 CMS-initial-mark: 552025K(878208K)] 569049K(1031552K), 0.0003890 secs] [Times: user=0.00 sys=0.00, real=0.00 secs] 
2014-07-10T12:08:24.344+0200: 11.225: [CMS-concurrent-mark-start]
2014-07-10T12:08:24.353+0200: 11.233: [CMS-concurrent-mark: 0.009/0.009 secs] [Times: user=0.00 sys=0.00, real=0.01 secs] 
2014-07-10T12:08:24.353+0200: 11.233: [CMS-concurrent-preclean-start]
2014-07-10T12:08:24.355+0200: 11.236: [CMS-concurrent-preclean: 0.003/0.003 secs] [Times: user=0.00 sys=0.00, real=0.00 secs] 
2014-07-10T12:08:24.356+0200: 11.236: [CMS-concurrent-abortable-preclean-start]
2014-07-10T12:08:24.489+0200: 11.370: [GC (Allocation Failure) 11.370: [ParNew: 153312K->17022K(153344K), 0.0429700 secs] 705337K->612736K(1031552K), 0.0431243 secs] [Times: user=0.09 sys=0.00, real=0.04 secs] 
2014-07-10T12:08:24.589+0200: 11.469: [GC (Allocation Failure) 11.470: [ParNew: 153342K->17018K(153344K), 0.0433560 secs] 749056K->660328K(1031552K), 0.0435166 secs] [Times: user=0.09 sys=0.00, real=0.04 secs] 
2014-07-10T12:08:24.753+0200: 11.634: [GC (Allocation Failure) 11.634: [ParNew: 153338K->2995K(153344K), 0.0107953 secs] 796648K->646321K(1031552K), 0.0110721 secs] [Times: user=0.00 sys=0.00, real=0.01 secs] 
2014-07-10T12:08:24.765+0200: 11.646: [CMS-concurrent-abortable-preclean: 0.037/0.409 secs] [Times: user=0.37 sys=0.02, real=0.41 secs] 
2014-07-10T12:08:24.765+0200: 11.646: [GC (CMS Final Remark) [YG occupancy: 5758 K (153344 K)]11.646: [Rescan (parallel) , 0.0039431 secs]11.650: [weak refs processing, 0.0000612 secs]11.650: [class unloading, 0.0009085 secs]11.651: [scrub symbol table, 0.0020780 secs]11.653: [scrub string table, 0.0004641 secs][1 CMS-remark: 643326K(878208K)] 649084K(1031552K), 0.0078821 secs] [Times: user=0.00 sys=0.00, real=0.01 secs] 
2014-07-10T12:08:24.774+0200: 11.655: [CMS-concurrent-sweep-start]
2014-07-10T12:08:24.785+0200: 11.666: [CMS-concurrent-sweep: 0.011/0.011 secs] [Times: user=0.02 sys=0.00, real=0.01 secs] 
2014-07-10T12:08:24.785+0200: 11.666: [CMS-concurrent-reset-start]
2014-07-10T12:08:24.791+0200: 11.672: [CMS-concurrent-reset: 0.006/0.006 secs] [Times: user=0.00 sys=0.00, real=0.01 secs] 
2014-07-10T12:08:24.878+0200: 11.759: [GC (Allocation Failure) 11.759: [ParNew: 139315K->17006K(153344K), 0.0422595 secs] 279315K->204324K(1031552K), 0.0424336 secs] [Times: user=0.09 sys=0.00, real=0.04 secs] 
2014-07-10T12:08:25.054+0200: 11.935: [GC (Allocation Failure) 11.935: [ParNew: 153326K->2651K(153344K), 0.0090813 secs] 340644K->190006K(1031552K), 0.0093369 secs] [Times: user=0.03 sys=0.00, real=0.01 secs] 
2014-07-10T12:08:25.154+0200: 12.034: [GC (Allocation Failure) 12.034: [ParNew: 138971K->6573K(153344K), 0.0066924 secs] 326326K->193928K(1031552K), 0.0069157 secs] [Times: user=0.00 sys=0.00, real=0.01 secs] 
2014-07-10T12:08:25.286+0200: 12.167: [GC (Allocation Failure) 12.167: [ParNew: 142893K->10495K(153344K), 0.0100591 secs] 330248K->197850K(1031552K), 0.0102344 secs] [Times: user=0.03 sys=0.00, real=0.01 secs] 
2014-07-10T12:08:25.378+0200: 12.258: [GC (Allocation Failure) 12.258: [ParNew: 146815K->16994K(153344K), 0.0430462 secs] 334170K->249995K(1031552K), 0.0432017 secs] [Times: user=0.08 sys=0.00, real=0.04 secs] 
2014-07-10T12:08:25.552+0200: 12.432: [GC (Allocation Failure) 12.433: [ParNew: 153314K->922K(153344K), 0.0032318 secs] 386315K->233948K(1031552K), 0.0033491 secs] [Times: user=0.00 sys=0.00, real=0.00 secs] 
2014-07-10T12:08:25.701+0200: 12.582: [GC (Allocation Failure) 12.582: [ParNew: 137242K->4844K(153344K), 0.0068163 secs] 370268K->237870K(1031552K), 0.0069872 secs] [Times: user=0.00 sys=0.00, real=0.01 secs] 
2014-07-10T12:08:25.852+0200: 12.733: [GC (Allocation Failure) 12.733: [ParNew: 141164K->638K(153344K), 0.0079635 secs] 374190K->233664K(1031552K), 0.0081483 secs] [Times: user=0.03 sys=0.00, real=0.01 secs] 
2014-07-10T12:08:25.952+0200: 12.833: [GC (Allocation Failure) 12.833: [ParNew: 136958K->4560K(153344K), 0.0057241 secs] 369984K->237586K(1031552K), 0.0058788 secs] [Times: user=0.00 sys=0.00, real=0.00 secs] 
2014-07-10T12:08:26.079+0200: 12.960: [GC (Allocation Failure) 12.960: [ParNew: 140880K->8482K(153344K), 0.0082667 secs] 373906K->241508K(1031552K), 0.0084969 secs] [Times: user=0.00 sys=0.00, real=0.01 secs] 
2014-07-10T12:08:26.259+0200: 13.140: [GC (Allocation Failure) 13.140: [ParNew: 144802K->12404K(153344K), 0.0204925 secs] 377828K->245430K(1031552K), 0.0207488 secs] [Times: user=0.05 sys=0.01, real=0.02 secs] 
2014-07-10T12:08:26.353+0200: 13.234: [GC (Allocation Failure) 13.234: [ParNew: 148724K->4028K(153344K), 0.0052816 secs] 381750K->237163K(1031552K), 0.0054330 secs] [Times: user=0.03 sys=0.00, real=0.01 secs] 
2014-07-10T12:08:26.497+0200: 13.378: [GC (Allocation Failure) 13.378: [ParNew: 140348K->7949K(153344K), 0.0100367 secs] 373483K->241084K(1031552K), 0.0102171 secs] [Times: user=0.00 sys=0.00, real=0.01 secs] 
2014-07-10T12:08:26.661+0200: 13.541: [GC (Allocation Failure) 13.542: [ParNew: 144269K->11871K(153344K), 0.0234516 secs] 377404K->245006K(1031552K), 0.0236107 secs] [Times: user=0.02 sys=0.00, real=0.02 secs] 
2014-07-10T12:08:26.758+0200: 13.638: [GC (Allocation Failure) 13.638: [ParNew: 148191K->15737K(153344K), 0.0121874 secs] 381326K->248929K(1031552K), 0.0123487 secs] [Times: user=0.03 sys=0.00, real=0.01 secs] 
2014-07-10T12:08:26.892+0200: 13.773: [GC (Allocation Failure) 13.773: [ParNew: 152057K->7423K(153344K), 0.0087224 secs] 385249K->240631K(1031552K), 0.0089090 secs] [Times: user=0.03 sys=0.00, real=0.01 secs] 
2014-07-10T12:08:27.058+0200: 13.939: [GC (Allocation Failure) 13.940: [ParNew: 143743K->11345K(153344K), 0.0111139 secs] 376951K->244553K(1031552K), 0.0114109 secs] [Times: user=0.00 sys=0.00, real=0.01 secs] 
2014-07-10T12:08:27.157+0200: 14.037: [GC (Allocation Failure) 14.037: [ParNew: 147665K->15225K(153344K), 0.0120019 secs] 380873K->248473K(1031552K), 0.0121573 secs] [Times: user=0.02 sys=0.00, real=0.01 secs] 
2014-07-10T12:08:27.282+0200: 14.163: [GC (Allocation Failure) 14.163: [ParNew: 151545K->17018K(153344K), 0.0145308 secs] 384793K->252395K(1031552K), 0.0146977 secs] [Times: user=0.03 sys=0.00, real=0.01 secs] 
2014-07-10T12:08:27.458+0200: 14.339: [GC (Allocation Failure) 14.339: [ParNew: 153338K->9796K(153344K), 0.0166991 secs] 388715K->245190K(1031552K), 0.0169931 secs] [Times: user=0.03 sys=0.00, real=0.02 secs] 
2014-07-10T12:08:27.557+0200: 14.437: [GC (Allocation Failure) 14.437: [ParNew: 146116K->13688K(153344K), 0.0108404 secs] 381510K->249110K(1031552K), 0.0110175 secs] [Times: user=0.00 sys=0.00, real=0.01 secs] 
2014-07-10T12:08:27.704+0200: 14.584: [GC (Allocation Failure) 14.585: [ParNew: 150008K->17018K(153344K), 0.0154390 secs] 385430K->253032K(1031552K), 0.0156087 secs] [Times: user=0.03 sys=0.00, real=0.02 secs] 
2014-07-10T12:08:27.860+0200: 14.741: [GC (Allocation Failure) 14.741: [ParNew: 153338K->13374K(153344K), 0.0164754 secs] 389352K->249404K(1031552K), 0.0167134 secs] [Times: user=0.03 sys=0.00, real=0.02 secs] 
2014-07-10T12:08:27.957+0200: 14.838: [GC (Allocation Failure) 14.838: [ParNew: 149694K->17018K(153344K), 0.0134119 secs] 385724K->253324K(1031552K), 0.0135725 secs] [Times: user=0.03 sys=0.00, real=0.01 secs] 
2014-07-10T12:08:28.105+0200: 14.986: [GC (Allocation Failure) 14.986: [ParNew: 153338K->17018K(153344K), 0.0203760 secs] 389644K->257503K(1031552K), 0.0205420 secs] [Times: user=0.03 sys=0.00, real=0.02 secs] 
2014-07-10T12:08:28.268+0200: 15.149: [GC (Allocation Failure) 15.149: [ParNew: 153338K->17018K(153344K), 0.0281070 secs] 393823K->265587K(1031552K), 0.0283556 secs] [Times: user=0.06 sys=0.00, real=0.03 secs] 
2014-07-10T12:08:28.357+0200: 15.237: [GC (Allocation Failure) 15.238: [ParNew: 153338K->12710K(153344K), 0.0110560 secs] 401907K->261295K(1031552K), 0.0112041 secs] [Times: user=0.02 sys=0.00, real=0.01 secs] 
2014-07-10T12:08:28.508+0200: 15.389: [GC (Allocation Failure) 15.389: [ParNew: 149030K->16602K(153344K), 0.0134016 secs] 397615K->265215K(1031552K), 0.0136139 secs] [Times: user=0.00 sys=0.00, real=0.01 secs] 
2014-07-10T12:08:28.659+0200: 15.539: [GC (Allocation Failure) 15.540: [ParNew: 152922K->17018K(153344K), 0.0153961 secs] 401535K->269137K(1031552K), 0.0155486 secs] [Times: user=0.03 sys=0.00, real=0.02 secs] 
2014-07-10T12:08:28.760+0200: 15.641: [GC (Allocation Failure) 15.641: [ParNew: 153338K->16287K(153344K), 0.0128073 secs] 405457K->268423K(1031552K), 0.0129708 secs] [Times: user=0.03 sys=0.00, real=0.01 secs] 
2014-07-10T12:08:28.888+0200: 15.768: [GC (Allocation Failure) 15.768: [ParNew: 152607K->17018K(153344K), 0.0155849 secs] 404743K->272343K(1031552K), 0.0157631 secs] [Times: user=0.03 sys=0.00, real=0.02 secs] 
2014-07-10T12:08:29.068+0200: 15.948: [GC (Allocation Failure) 15.948: [ParNew: 153338K->17018K(153344K), 0.0315052 secs] 408663K->279434K(1031552K), 0.0318323 secs] [Times: user=0.06 sys=0.00, real=0.03 secs] 
2014-07-10T12:08:29.161+0200: 16.041: [GC (Allocation Failure) 16.041: [ParNew: 153338K->17018K(153344K), 0.0199140 secs] 415754K->290432K(1031552K), 0.0200761 secs] [Times: user=0.06 sys=0.00, real=0.02 secs] 
2014-07-10T12:08:29.302+0200: 16.182: [GC (Allocation Failure) 16.182: [ParNew: 153338K->17018K(153344K), 0.0236507 secs] 426752K->305335K(1031552K), 0.0237991 secs] [Times: user=0.06 sys=0.00, real=0.02 secs] 
2014-07-10T12:08:29.459+0200: 16.339: [GC (Allocation Failure) 16.339: [ParNew: 153338K->17000K(153344K), 0.0168820 secs] 441655K->310936K(1031552K), 0.0170437 secs] [Times: user=0.06 sys=0.00, real=0.02 secs] 
2014-07-10T12:08:29.570+0200: 16.450: [GC (Allocation Failure) 16.450: [ParNew: 153320K->17018K(153344K), 0.0250779 secs] 447256K->320459K(1031552K), 0.0253184 secs] [Times: user=0.03 sys=0.00, real=0.03 secs] 
2014-07-10T12:08:29.685+0200: 16.565: [GC (Allocation Failure) 16.565: [ParNew: 153338K->17018K(153344K), 0.0214703 secs] 456779K->333858K(1031552K), 0.0216280 secs] [Times: user=0.03 sys=0.00, real=0.02 secs] 
2014-07-10T12:08:29.866+0200: 16.746: [GC (Allocation Failure) 16.746: [ParNew: 153338K->16996K(153344K), 0.0241588 secs] 470178K->338942K(1031552K), 0.0243923 secs] [Times: user=0.03 sys=0.00, real=0.03 secs] 
2014-07-10T12:08:29.960+0200: 16.840: [GC (Allocation Failure) 16.840: [ParNew: 153316K->17018K(153344K), 0.0188108 secs] 475262K->347953K(1031552K), 0.0189743 secs] [Times: user=0.03 sys=0.00, real=0.02 secs] 
2014-07-10T12:08:30.113+0200: 16.993: [GC (Allocation Failure) 16.993: [ParNew: 153338K->17018K(153344K), 0.0226285 secs] 484273K->360839K(1031552K), 0.0228320 secs] [Times: user=0.06 sys=0.00, real=0.02 secs] 
2014-07-10T12:08:30.264+0200: 17.144: [GC (Allocation Failure) 17.144: [ParNew: 153338K->17018K(153344K), 0.0262361 secs] 497159K->377632K(1031552K), 0.0267391 secs] [Times: user=0.06 sys=0.00, real=0.03 secs] 
2014-07-10T12:08:30.363+0200: 17.243: [GC (Allocation Failure) 17.243: [ParNew: 153338K->16996K(153344K), 0.0214047 secs] 513952K->386110K(1031552K), 0.0215704 secs] [Times: user=0.03 sys=0.00, real=0.02 secs] 
2014-07-10T12:08:30.487+0200: 17.367: [GC (Allocation Failure) 17.367: [ParNew: 153316K->17018K(153344K), 0.0220694 secs] 522430K->398514K(1031552K), 0.0222780 secs] [Times: user=0.06 sys=0.00, real=0.02 secs] 
2014-07-10T12:08:30.675+0200: 17.555: [GC (Allocation Failure) 17.555: [ParNew: 153338K->17018K(153344K), 0.0320346 secs] 534834K->414794K(1031552K), 0.0322730 secs] [Times: user=0.06 sys=0.00, real=0.03 secs] 
2014-07-10T12:08:30.766+0200: 17.646: [GC (Allocation Failure) 17.646: [ParNew: 153338K->17018K(153344K), 0.0260806 secs] 551114K->434980K(1031552K), 0.0263160 secs] [Times: user=0.06 sys=0.00, real=0.03 secs] 
2014-07-10T12:08:30.916+0200: 17.796: [GC (Allocation Failure) 17.796: [ParNew: 153338K->16992K(153344K), 0.0244884 secs] 571300K->450946K(1031552K), 0.0246394 secs] [Times: user=0.03 sys=0.00, real=0.02 secs] 
2014-07-10T12:08:31.084+0200: 17.963: [GC (Allocation Failure) 17.964: [ParNew: 153312K->17018K(153344K), 0.0265459 secs] 587266K->470842K(1031552K), 0.0267321 secs] [Times: user=0.03 sys=0.00, real=0.03 secs] 
2014-07-10T12:08:31.168+0200: 18.048: [GC (Allocation Failure) 18.048: [ParNew: 153338K->17018K(153344K), 0.0282910 secs] 607162K->494614K(1031552K), 0.0284839 secs] [Times: user=0.06 sys=0.00, real=0.03 secs] 
2014-07-10T12:08:31.290+0200: 18.170: [GC (Allocation Failure) 18.170: [ParNew: 153338K->17018K(153344K), 0.0313348 secs] 630934K->522291K(1031552K), 0.0314946 secs] [Times: user=0.06 sys=0.00, real=0.03 secs] 
2014-07-10T12:08:31.472+0200: 18.352: [GC (Allocation Failure) 18.352: [ParNew: 153338K->17004K(153344K), 0.0243854 secs] 658611K->536541K(1031552K), 0.0245647 secs] [Times: user=0.03 sys=0.00, real=0.02 secs] 
2014-07-10T12:08:31.564+0200: 18.444: [GC (Allocation Failure) 18.444: [ParNew: 153324K->17018K(153344K), 0.0248107 secs] 672861K->554708K(1031552K), 0.0249709 secs] [Times: user=0.06 sys=0.00, real=0.03 secs] 
2014-07-10T12:08:31.719+0200: 18.599: [GC (Allocation Failure) 18.599: [ParNew: 153338K->17018K(153344K), 0.0279061 secs] 691028K->576751K(1031552K), 0.0280751 secs] [Times: user=0.06 sys=0.00, real=0.03 secs] 
2014-07-10T12:08:31.869+0200: 18.749: [GC (Allocation Failure) 18.749: [ParNew: 153338K->16992K(153344K), 0.0266174 secs] 713071K->594574K(1031552K), 0.0267743 secs] [Times: user=0.06 sys=0.00, real=0.03 secs] 
2014-07-10T12:08:31.965+0200: 18.845: [GC (Allocation Failure) 18.845: [ParNew: 153312K->17018K(153344K), 0.0271211 secs] 730894K->616326K(1031552K), 0.0272821 secs] [Times: user=0.06 sys=0.00, real=0.03 secs] 
2014-07-10T12:08:32.117+0200: 18.997: [GC (Allocation Failure) 18.998: [ParNew: 153338K->17018K(153344K), 0.0308545 secs] 752646K->641955K(1031552K), 0.0310327 secs] [Times: user=0.06 sys=0.00, real=0.03 secs] 
2014-07-10T12:08:32.283+0200: 19.163: [GC (Allocation Failure) 19.163: [ParNew: 153338K->17018K(153344K), 0.0328713 secs] 778275K->671489K(1031552K), 0.0330418 secs] [Times: user=0.06 sys=0.00, real=0.03 secs] 
2014-07-10T12:08:32.366+0200: 19.246: [GC (Allocation Failure) 19.246: [ParNew: 153338K->16996K(153344K), 0.0272484 secs] 807809K->692710K(1031552K), 0.0274111 secs] [Times: user=0.06 sys=0.00, real=0.03 secs] 
2014-07-10T12:08:32.493+0200: 19.373: [GC (Allocation Failure) 19.373: [ParNew: 153316K->17018K(153344K), 0.0314862 secs] 829030K->717856K(1031552K), 0.0316622 secs] [Times: user=0.03 sys=0.00, real=0.03 secs] 
2014-07-10T12:08:32.683+0200: 19.563: [GC (Allocation Failure) 19.563: [ParNew: 153338K->17018K(153344K), 0.0404146 secs] 854176K->746879K(1031552K), 0.0406507 secs] [Times: user=0.09 sys=0.00, real=0.04 secs] 
2014-07-10T12:08:32.724+0200: 19.605: [GC (CMS Initial Mark) [1 CMS-initial-mark: 729860K(878208K)] 749690K(1031552K), 0.0003256 secs] [Times: user=0.00 sys=0.00, real=0.00 secs] 
2014-07-10T12:08:32.725+0200: 19.605: [CMS-concurrent-mark-start]
2014-07-10T12:08:32.740+0200: 19.620: [CMS-concurrent-mark: 0.015/0.015 secs] [Times: user=0.02 sys=0.00, real=0.02 secs] 
2014-07-10T12:08:32.740+0200: 19.620: [CMS-concurrent-preclean-start]
2014-07-10T12:08:32.743+0200: 19.623: [CMS-concurrent-preclean: 0.003/0.003 secs] [Times: user=0.00 sys=0.00, real=0.00 secs] 
2014-07-10T12:08:32.743+0200: 19.623: [CMS-concurrent-abortable-preclean-start]
2014-07-10T12:08:32.789+0200: 19.669: [GC (Allocation Failure) 19.669: [ParNew: 153338K->17018K(153344K), 0.0347040 secs] 883199K->779807K(1031552K), 0.0348639 secs] [Times: user=0.06 sys=0.00, real=0.03 secs] 
2014-07-10T12:08:32.889+0200: 19.769: [GC (Allocation Failure) 19.769: [ParNew: 153338K->16996K(153344K), 0.0293128 secs] 916127K->804421K(1031552K), 0.0294749 secs] [Times: user=0.06 sys=0.00, real=0.03 secs] 
2014-07-10T12:08:33.083+0200: 19.963: [GC (Allocation Failure) 19.964: [ParNew: 153316K->17018K(153344K), 0.0361042 secs] 940741K->832961K(1031552K), 0.0363286 secs] [Times: user=0.06 sys=0.00, real=0.04 secs] 
2014-07-10T12:08:33.120+0200: 20.000: [CMS-concurrent-abortable-preclean: 0.030/0.377 secs] [Times: user=0.37 sys=0.03, real=0.38 secs] 
2014-07-10T12:08:33.122+0200: 20.002: [GC (CMS Final Remark) [YG occupancy: 22608 K (153344 K)]20.002: [Rescan (parallel) , 0.0013906 secs]20.003: [weak refs processing, 0.0000290 secs]20.003: [class unloading, 0.0004605 secs]20.004: [scrub symbol table, 0.0005441 secs]20.004: [scrub string table, 0.0001620 secs][1 CMS-remark: 815943K(878208K)] 838551K(1031552K), 0.0027431 secs] [Times: user=0.00 sys=0.00, real=0.00 secs] 
2014-07-10T12:08:33.124+0200: 20.004: [CMS-concurrent-sweep-start]
2014-07-10T12:08:33.136+0200: 20.016: [CMS-concurrent-sweep: 0.012/0.012 secs] [Times: user=0.03 sys=0.00, real=0.01 secs] 
2014-07-10T12:08:33.136+0200: 20.016: [CMS-concurrent-reset-start]
2014-07-10T12:08:33.142+0200: 20.022: [CMS-concurrent-reset: 0.006/0.006 secs] [Times: user=0.03 sys=0.00, real=0.01 secs] 
2014-07-10T12:08:33.178+0200: 20.059: [GC (Allocation Failure) 20.059: [ParNew: 153338K->17018K(153344K), 0.0329736 secs] 269349K->165445K(1031552K), 0.0331661 secs] [Times: user=0.06 sys=0.00, real=0.03 secs] 
2014-07-10T12:08:33.294+0200: 20.174: [GC (Allocation Failure) 20.174: [ParNew: 153338K->16996K(153344K), 0.0326388 secs] 301765K->196686K(1031552K), 0.0327991 secs] [Times: user=0.05 sys=0.00, real=0.03 secs] 
2014-07-10T12:08:33.482+0200: 20.362: [GC (Allocation Failure) 20.362: [ParNew: 153316K->16992K(153344K), 0.0310726 secs] 333006K->223727K(1031552K), 0.0312347 secs] [Times: user=0.06 sys=0.00, real=0.03 secs] 
2014-07-10T12:08:33.569+0200: 20.449: [GC (Allocation Failure) 20.449: [ParNew: 153312K->17018K(153344K), 0.0324016 secs] 360047K->254669K(1031552K), 0.0325604 secs] [Times: user=0.06 sys=0.00, real=0.03 secs] 
2014-07-10T12:08:33.694+0200: 20.574: [GC (Allocation Failure) 20.574: [ParNew: 153338K->17018K(153344K), 0.0348349 secs] 390989K->289486K(1031552K), 0.0350003 secs] [Times: user=0.06 sys=0.00, real=0.04 secs] 
2014-07-10T12:08:33.887+0200: 20.767: [GC (Allocation Failure) 20.768: [ParNew: 153338K->16992K(153344K), 0.0400176 secs] 425806K->320083K(1031552K), 0.0402555 secs] [Times: user=0.09 sys=0.00, real=0.04 secs] 
2014-07-10T12:08:33.981+0200: 20.861: [GC (Allocation Failure) 20.861: [ParNew: 153312K->17018K(153344K), 0.0357445 secs] 456403K->354610K(1031552K), 0.0358937 secs] [Times: user=0.09 sys=0.00, real=0.04 secs] 
2014-07-10T12:08:34.116+0200: 20.996: [GC (Allocation Failure) 20.996: [ParNew: 153338K->17018K(153344K), 0.0373903 secs] 490930K->393013K(1031552K), 0.0375439 secs] [Times: user=0.06 sys=0.00, real=0.04 secs] 
2014-07-10T12:08:34.273+0200: 21.153: [GC (Allocation Failure) 21.153: [ParNew: 153338K->17018K(153344K), 0.0406965 secs] 529333K->435322K(1031552K), 0.0409026 secs] [Times: user=0.09 sys=0.00, real=0.04 secs] 
2014-07-10T12:08:34.370+0200: 21.251: [GC (Allocation Failure) 21.251: [ParNew: 153338K->17000K(153344K), 0.0328368 secs] 571642K->465254K(1031552K), 0.0329857 secs] [Times: user=0.06 sys=0.00, real=0.03 secs] 
2014-07-10T12:08:34.510+0200: 21.390: [GC (Allocation Failure) 21.390: [ParNew: 153320K->17018K(153344K), 0.0348430 secs] 601574K->499109K(1031552K), 0.0350017 secs] [Times: user=0.09 sys=0.00, real=0.04 secs] 
2014-07-10T12:08:34.675+0200: 21.556: [GC (Allocation Failure) 21.556: [ParNew: 153338K->17018K(153344K), 0.0375868 secs] 635429K->536840K(1031552K), 0.0377518 secs] [Times: user=0.06 sys=0.00, real=0.04 secs] 
2014-07-10T12:08:34.775+0200: 21.656: [GC (Allocation Failure) 21.656: [ParNew: 153338K->17018K(153344K), 0.0393606 secs] 673160K->578476K(1031552K), 0.0395263 secs] [Times: user=0.09 sys=0.00, real=0.04 secs] 
2014-07-10T12:08:34.905+0200: 21.785: [GC (Allocation Failure) 21.785: [ParNew: 153338K->16992K(153344K), 0.0368275 secs] 714796K->615892K(1031552K), 0.0369962 secs] [Times: user=0.06 sys=0.00, real=0.04 secs] 
2014-07-10T12:08:35.096+0200: 21.977: [GC (Allocation Failure) 21.977: [ParNew: 153312K->17018K(153344K), 0.0434451 secs] 752212K->657239K(1031552K), 0.0436728 secs] [Times: user=0.08 sys=0.00, real=0.04 secs] 
2014-07-10T12:08:35.188+0200: 22.069: [GC (Allocation Failure) 22.069: [ParNew: 153338K->17018K(153344K), 0.0417902 secs] 793559K->702461K(1031552K), 0.0419500 secs] [Times: user=0.06 sys=0.00, real=0.04 secs] 
2014-07-10T12:08:35.231+0200: 22.111: [GC (CMS Initial Mark) [1 CMS-initial-mark: 685443K(878208K)] 702493K(1031552K), 0.0003751 secs] [Times: user=0.00 sys=0.00, real=0.00 secs] 
2014-07-10T12:08:35.231+0200: 22.111: [CMS-concurrent-mark-start]
2014-07-10T12:08:35.237+0200: 22.118: [CMS-concurrent-mark: 0.006/0.006 secs] [Times: user=0.03 sys=0.00, real=0.01 secs] 
2014-07-10T12:08:35.237+0200: 22.118: [CMS-concurrent-preclean-start]
2014-07-10T12:08:35.240+0200: 22.120: [CMS-concurrent-preclean: 0.002/0.002 secs] [Times: user=0.00 sys=0.00, real=0.00 secs] 
2014-07-10T12:08:35.240+0200: 22.120: [CMS-concurrent-abortable-preclean-start]
2014-07-10T12:08:35.299+0200: 22.179: [GC (Allocation Failure) 22.179: [ParNew: 153338K->607K(153344K), 0.0050891 secs] 838781K->686066K(1031552K), 0.0052871 secs] [Times: user=0.00 sys=0.00, real=0.00 secs] 
2014-07-10T12:08:35.474+0200: 22.354: [GC (Allocation Failure) 22.354: [ParNew: 136927K->17016K(153344K), 0.0423948 secs] 822386K->742303K(1031552K), 0.0425381 secs] [Times: user=0.09 sys=0.00, real=0.04 secs] 
2014-07-10T12:08:35.517+0200: 22.397: [CMS-concurrent-abortable-preclean: 0.009/0.277 secs] [Times: user=0.22 sys=0.00, real=0.28 secs] 
2014-07-10T12:08:35.526+0200: 22.406: [GC (CMS Final Remark) [YG occupancy: 39279 K (153344 K)]22.406: [Rescan (parallel) , 0.0015838 secs]22.407: [weak refs processing, 0.0000297 secs]22.408: [class unloading, 0.0004411 secs]22.408: [scrub symbol table, 0.0005404 secs]22.409: [scrub string table, 0.0001595 secs][1 CMS-remark: 725286K(878208K)] 764565K(1031552K), 0.0029506 secs] [Times: user=0.02 sys=0.00, real=0.00 secs] 
2014-07-10T12:08:35.529+0200: 22.409: [CMS-concurrent-sweep-start]
2014-07-10T12:08:35.534+0200: 22.414: [CMS-concurrent-sweep: 0.005/0.005 secs] [Times: user=0.00 sys=0.00, real=0.00 secs] 
2014-07-10T12:08:35.534+0200: 22.414: [CMS-concurrent-reset-start]
2014-07-10T12:08:35.537+0200: 22.418: [CMS-concurrent-reset: 0.003/0.003 secs] [Times: user=0.00 sys=0.00, real=0.00 secs] 
2014-07-10T12:08:35.592+0200: 22.473: [GC (Allocation Failure) 22.473: [ParNew: 153336K->17018K(153344K), 0.0409286 secs] 239348K->146776K(1031552K), 0.0410804 secs] [Times: user=0.06 sys=0.00, real=0.04 secs] 
2014-07-10T12:08:35.702+0200: 22.582: [GC (Allocation Failure) 22.582: [ParNew: 153338K->17018K(153344K), 0.0428123 secs] 283096K->194400K(1031552K), 0.0429744 secs] [Times: user=0.06 sys=0.00, real=0.04 secs] 
2014-07-10T12:08:35.888+0200: 22.769: [GC (Allocation Failure) 22.769: [ParNew: 153338K->16996K(153344K), 0.0398078 secs] 330720K->233709K(1031552K), 0.0399750 secs] [Times: user=0.06 sys=0.00, real=0.04 secs] 
2014-07-10T12:08:35.986+0200: 22.866: [GC (Allocation Failure) 22.866: [ParNew: 153316K->17018K(153344K), 0.0404843 secs] 370029K->276944K(1031552K), 0.0406595 secs] [Times: user=0.06 sys=0.00, real=0.04 secs] 
2014-07-10T12:08:36.106+0200: 22.986: [GC (Allocation Failure) 22.987: [ParNew: 153338K->17018K(153344K), 0.0438052 secs] 413264K->324055K(1031552K), 0.0439668 secs] [Times: user=0.05 sys=0.00, real=0.04 secs] 
2014-07-10T12:08:36.298+0200: 23.178: [GC (Allocation Failure) 23.179: [ParNew: 153338K->2459K(153344K), 0.0072467 secs] 460375K->309512K(1031552K), 0.0074377 secs] [Times: user=0.00 sys=0.00, real=0.01 secs] 
2014-07-10T12:08:36.376+0200: 23.256: [GC (Allocation Failure) 23.256: [ParNew: 138779K->17012K(153344K), 0.0406104 secs] 445832K->366774K(1031552K), 0.0407680 secs] [Times: user=0.08 sys=0.00, real=0.04 secs] 
2014-07-10T12:08:36.503+0200: 23.383: [GC (Allocation Failure) 23.383: [ParNew: 153332K->17018K(153344K), 0.0462396 secs] 503094K->413403K(1031552K), 0.0463715 secs] [Times: user=0.08 sys=0.00, real=0.05 secs] 
2014-07-10T12:08:36.685+0200: 23.565: [GC (Allocation Failure) 23.565: [ParNew: 153338K->1946K(153344K), 0.0143024 secs] 549723K->398348K(1031552K), 0.0144513 secs] [Times: user=0.02 sys=0.00, real=0.01 secs] 
2014-07-10T12:08:36.792+0200: 23.673: [GC (Allocation Failure) 23.673: [ParNew: 138266K->5945K(153344K), 0.0067620 secs] 534668K->402347K(1031552K), 0.0069168 secs] [Times: user=0.00 sys=0.00, real=0.01 secs] 
2014-07-10T12:08:36.952+0200: 23.832: [GC (Allocation Failure) 23.832: [ParNew: 142265K->1696K(153344K), 0.0039896 secs] 538667K->398098K(1031552K), 0.0040981 secs] [Times: user=0.00 sys=0.00, real=0.00 secs] 
2014-07-10T12:08:37.098+0200: 23.979: [GC (Allocation Failure) 23.979: [ParNew: 138016K->5618K(153344K), 0.0073255 secs] 534418K->402020K(1031552K), 0.0074920 secs] [Times: user=0.03 sys=0.00, real=0.01 secs] 
2014-07-10T12:08:37.257+0200: 24.138: [GC (Allocation Failure) 24.138: [ParNew: 141938K->9540K(153344K), 0.0111934 secs] 538340K->405942K(1031552K), 0.0114226 secs] [Times: user=0.03 sys=0.00, real=0.01 secs] 
2014-07-10T12:08:37.330+0200: 24.210: [GC (Allocation Failure) 24.210: [ParNew: 145860K->148K(153344K), 0.0059654 secs] 542262K->396643K(1031552K), 0.0060963 secs] [Times: user=0.00 sys=0.00, real=0.01 secs] 
2014-07-10T12:08:37.502+0200: 24.382: [GC (Allocation Failure) 24.382: [ParNew: 136468K->17012K(153344K), 0.0450447 secs] 532963K->462074K(1031552K), 0.0452053 secs] [Times: user=0.09 sys=0.00, real=0.04 secs] 
2014-07-10T12:08:37.654+0200: 24.534: [GC (Allocation Failure) 24.534: [ParNew: 153332K->3899K(153344K), 0.0114479 secs] 598394K->449002K(1031552K), 0.0118721 secs] [Times: user=0.03 sys=0.00, real=0.01 secs] 
2014-07-10T12:08:37.754+0200: 24.635: [GC (Allocation Failure) 24.635: [ParNew: 140219K->7901K(153344K), 0.0078135 secs] 585322K->453004K(1031552K), 0.0079748 secs] [Times: user=0.03 sys=0.00, real=0.01 secs] 
2014-07-10T12:08:37.883+0200: 24.763: [GC (Allocation Failure) 24.763: [ParNew: 144221K->3648K(153344K), 0.0069890 secs] 589324K->448751K(1031552K), 0.0071547 secs] [Times: user=0.03 sys=0.00, real=0.01 secs] 
2014-07-10T12:08:38.054+0200: 24.934: [GC (Allocation Failure) 24.934: [ParNew: 139968K->7570K(153344K), 0.0088371 secs] 585071K->452673K(1031552K), 0.0090150 secs] [Times: user=0.03 sys=0.00, real=0.01 secs] 
2014-07-10T12:08:38.158+0200: 25.038: [GC (Allocation Failure) 25.042: [ParNew: 143890K->11492K(153344K), 0.0123351 secs] 588993K->456595K(1031552K), 0.0166345 secs] [Times: user=0.03 sys=0.00, real=0.02 secs] 
2014-07-10T12:08:38.280+0200: 25.160: [GC (Allocation Failure) 25.160: [ParNew: 147812K->15321K(153344K), 0.0125019 secs] 592915K->460517K(1031552K), 0.0126673 secs] [Times: user=0.03 sys=0.00, real=0.01 secs] 
2014-07-10T12:08:38.455+0200: 25.336: [GC (Allocation Failure) 25.336: [ParNew: 151641K->7005K(153344K), 0.0142390 secs] 596837K->452218K(1031552K), 0.0145250 secs] [Times: user=0.03 sys=0.00, real=0.02 secs] 
2014-07-10T12:08:38.557+0200: 25.437: [GC (Allocation Failure) 25.437: [ParNew: 143325K->10927K(153344K), 0.0096507 secs] 588538K->456140K(1031552K), 0.0098527 secs] [Times: user=0.00 sys=0.00, real=0.01 secs] 
2014-07-10T12:08:38.681+0200: 25.562: [GC (Allocation Failure) 25.562: [ParNew: 147247K->14809K(153344K), 0.0125536 secs] 592460K->460062K(1031552K), 0.0127875 secs] [Times: user=0.00 sys=0.00, real=0.01 secs] 
2014-07-10T12:08:38.855+0200: 25.735: [GC (Allocation Failure) 25.736: [ParNew: 151129K->6527K(153344K), 0.0138185 secs] 596382K->451796K(1031552K), 0.0144348 secs] [Times: user=0.03 sys=0.00, real=0.01 secs] 
2014-07-10T12:08:38.955+0200: 25.835: [GC (Allocation Failure) 25.835: [ParNew: 142847K->10449K(153344K), 0.0094428 secs] 588116K->455718K(1031552K), 0.0096122 secs] [Times: user=0.03 sys=0.00, real=0.01 secs] 
2014-07-10T12:08:39.089+0200: 25.969: [GC (Allocation Failure) 25.969: [ParNew: 146769K->14329K(153344K), 0.0132238 secs] 592038K->459638K(1031552K), 0.0134940 secs] [Times: user=0.03 sys=0.00, real=0.01 secs] 
2014-07-10T12:08:39.266+0200: 26.145: [GC (Allocation Failure) 26.145: [ParNew: 150649K->17018K(153344K), 0.0172659 secs] 595958K->463560K(1031552K), 0.0174880 secs] [Times: user=0.03 sys=0.00, real=0.02 secs] 
2014-07-10T12:08:39.354+0200: 26.234: [GC (Allocation Failure) 26.234: [ParNew: 153338K->8900K(153344K), 0.0087477 secs] 599880K->455458K(1031552K), 0.0089086 secs] [Times: user=0.00 sys=0.00, real=0.01 secs] 
2014-07-10T12:08:39.497+0200: 26.376: [GC (Allocation Failure) 26.377: [ParNew: 145220K->12792K(153344K), 0.0135695 secs] 591778K->459379K(1031552K), 0.0138460 secs] [Times: user=0.02 sys=0.00, real=0.01 secs] 
2014-07-10T12:08:39.664+0200: 26.544: [GC (Allocation Failure) 26.544: [ParNew: 149112K->16698K(153344K), 0.0243483 secs] 595699K->463301K(1031552K), 0.0246380 secs] [Times: user=0.03 sys=0.00, real=0.02 secs] 
2014-07-10T12:08:39.760+0200: 26.639: [GC (Allocation Failure) 26.639: [ParNew: 153018K->17018K(153344K), 0.0161543 secs] 599621K->467223K(1031552K), 0.0163079 secs] [Times: user=0.02 sys=0.00, real=0.02 secs] 
2014-07-10T12:08:39.910+0200: 26.790: [GC (Allocation Failure) 26.790: [ParNew: 153338K->16382K(153344K), 0.0147175 secs] 603543K->466603K(1031552K), 0.0148879 secs] [Times: user=0.03 sys=0.00, real=0.01 secs] 
2014-07-10T12:08:40.067+0200: 26.946: [GC (Allocation Failure) 26.947: [ParNew: 152702K->17018K(153344K), 0.0243106 secs] 602923K->470525K(1031552K), 0.0245467 secs] [Times: user=0.06 sys=0.00, real=0.03 secs] 
2014-07-10T12:08:40.161+0200: 27.041: [GC (Allocation Failure) 27.041: [ParNew: 153338K->17018K(153344K), 0.0186539 secs] 606845K->477712K(1031552K), 0.0188658 secs] [Times: user=0.06 sys=0.00, real=0.02 secs] 
2014-07-10T12:08:40.285+0200: 27.165: [GC (Allocation Failure) 27.165: [ParNew: 153338K->15875K(153344K), 0.0127894 secs] 614032K->476586K(1031552K), 0.0129507 secs] [Times: user=0.03 sys=0.00, real=0.01 secs] 
2014-07-10T12:08:40.475+0200: 27.354: [GC (Allocation Failure) 27.354: [ParNew: 152195K->15677K(153344K), 0.0243315 secs] 612906K->476412K(1031552K), 0.0244811 secs] [Times: user=0.02 sys=0.00, real=0.02 secs] 
2014-07-10T12:08:40.561+0200: 27.440: [GC (Allocation Failure) 27.440: [ParNew: 151997K->17018K(153344K), 0.0153653 secs] 612732K->480334K(1031552K), 0.0155237 secs] [Times: user=0.03 sys=0.00, real=0.01 secs] 
2014-07-10T12:08:40.720+0200: 27.600: [GC (Allocation Failure) 27.600: [ParNew: 153338K->17018K(153344K), 0.0178550 secs] 616654K->486818K(1031552K), 0.0180999 secs] [Times: user=0.00 sys=0.00, real=0.02 secs] 
2014-07-10T12:08:40.861+0200: 27.741: [GC (Allocation Failure) 27.741: [ParNew: 153338K->17022K(153344K), 0.0230963 secs] 623138K->489079K(1031552K), 0.0232477 secs] [Times: user=0.05 sys=0.00, real=0.02 secs] 
2014-07-10T12:08:40.960+0200: 27.840: [GC (Allocation Failure) 27.840: [ParNew: 153342K->17018K(153344K), 0.0177846 secs] 625399K->495242K(1031552K), 0.0179636 secs] [Times: user=0.03 sys=0.00, real=0.02 secs] 
2014-07-10T12:08:41.117+0200: 27.997: [GC (Allocation Failure) 27.997: [ParNew: 153338K->17018K(153344K), 0.0203778 secs] 631562K->505311K(1031552K), 0.0205677 secs] [Times: user=0.02 sys=0.00, real=0.02 secs] 
2014-07-10T12:08:41.263+0200: 28.142: [GC (Allocation Failure) 28.143: [ParNew: 153338K->17018K(153344K), 0.0229654 secs] 641631K->519286K(1031552K), 0.0233526 secs] [Times: user=0.06 sys=0.00, real=0.02 secs] 
2014-07-10T12:08:41.362+0200: 28.241: [GC (Allocation Failure) 28.241: [ParNew: 153338K->17000K(153344K), 0.0165832 secs] 655606K->523926K(1031552K), 0.0167156 secs] [Times: user=0.03 sys=0.00, real=0.02 secs] 
2014-07-10T12:08:41.495+0200: 28.374: [GC (Allocation Failure) 28.375: [ParNew: 153320K->17018K(153344K), 0.0197901 secs] 660246K->532489K(1031552K), 0.0199532 secs] [Times: user=0.02 sys=0.00, real=0.02 secs] 
2014-07-10T12:08:41.672+0200: 28.552: [GC (Allocation Failure) 28.552: [ParNew: 153338K->17018K(153344K), 0.0342256 secs] 668809K->544927K(1031552K), 0.0344723 secs] [Times: user=0.08 sys=0.00, real=0.04 secs] 
2014-07-10T12:08:41.766+0200: 28.646: [GC (Allocation Failure) 28.646: [ParNew: 153338K->17018K(153344K), 0.0234926 secs] 681247K->561271K(1031552K), 0.0236646 secs] [Times: user=0.06 sys=0.00, real=0.02 secs] 
2014-07-10T12:08:41.885+0200: 28.764: [GC (Allocation Failure) 28.764: [ParNew: 153338K->16996K(153344K), 0.0194535 secs] 697591K->569301K(1031552K), 0.0196669 secs] [Times: user=0.03 sys=0.00, real=0.02 secs] 
2014-07-10T12:08:42.068+0200: 28.947: [GC (Allocation Failure) 28.948: [ParNew: 153316K->17018K(153344K), 0.0230945 secs] 705621K->581257K(1031552K), 0.0233728 secs] [Times: user=0.03 sys=0.00, real=0.02 secs] 
2014-07-10T12:08:42.165+0200: 29.044: [GC (Allocation Failure) 29.044: [ParNew: 153338K->17018K(153344K), 0.0238655 secs] 717577K->597089K(1031552K), 0.0240081 secs] [Times: user=0.03 sys=0.00, real=0.02 secs] 
2014-07-10T12:08:42.303+0200: 29.183: [GC (Allocation Failure) 29.183: [ParNew: 153338K->17018K(153344K), 0.0261254 secs] 733409K->616827K(1031552K), 0.0262728 secs] [Times: user=0.03 sys=0.00, real=0.03 secs] 
2014-07-10T12:08:42.478+0200: 29.358: [GC (Allocation Failure) 29.358: [ParNew: 153338K->16996K(153344K), 0.0252213 secs] 753147K->628283K(1031552K), 0.0254174 secs] [Times: user=0.05 sys=0.00, real=0.03 secs] 
2014-07-10T12:08:42.567+0200: 29.447: [GC (Allocation Failure) 29.447: [ParNew: 153316K->17018K(153344K), 0.0243696 secs] 764603K->643665K(1031552K), 0.0245291 secs] [Times: user=0.02 sys=0.00, real=0.03 secs] 
2014-07-10T12:08:42.688+0200: 29.568: [GC (Allocation Failure) 29.568: [ParNew: 153338K->17018K(153344K), 0.0265661 secs] 779985K->662922K(1031552K), 0.0267233 secs] [Times: user=0.06 sys=0.00, real=0.03 secs] 
2014-07-10T12:08:42.874+0200: 29.754: [GC (Allocation Failure) 29.754: [ParNew: 153338K->17022K(153344K), 0.0354435 secs] 799242K->677958K(1031552K), 0.0359443 secs] [Times: user=0.06 sys=0.00, real=0.04 secs] 
2014-07-10T12:08:42.979+0200: 29.858: [GC (Allocation Failure) 29.858: [ParNew: 153342K->17018K(153344K), 0.0253309 secs] 814278K->696895K(1031552K), 0.0255300 secs] [Times: user=0.06 sys=0.00, real=0.02 secs] 
2014-07-10T12:08:43.099+0200: 29.979: [GC (Allocation Failure) 29.979: [ParNew: 153338K->17018K(153344K), 0.0293081 secs] 833215K->719738K(1031552K), 0.0294877 secs] [Times: user=0.06 sys=0.00, real=0.03 secs] 
2014-07-10T12:08:43.270+0200: 30.150: [GC (Allocation Failure) 30.150: [ParNew: 153338K->17018K(153344K), 0.0334007 secs] 856058K->746487K(1031552K), 0.0336042 secs] [Times: user=0.06 sys=0.00, real=0.03 secs] 
2014-07-10T12:08:43.367+0200: 30.247: [GC (Allocation Failure) 30.247: [ParNew: 153338K->17004K(153344K), 0.0260707 secs] 882807K->759840K(1031552K), 0.0262409 secs] [Times: user=0.05 sys=0.00, real=0.03 secs] 
2014-07-10T12:08:43.511+0200: 30.391: [GC (Allocation Failure) 30.391: [ParNew: 153324K->17018K(153344K), 0.0244664 secs] 896160K->777111K(1031552K), 0.0246809 secs] [Times: user=0.06 sys=0.00, real=0.03 secs] 
2014-07-10T12:08:43.668+0200: 30.547: [GC (Allocation Failure) 30.548: [ParNew: 153338K->17018K(153344K), 0.0287592 secs] 913431K->798257K(1031552K), 0.0289356 secs] [Times: user=0.05 sys=0.00, real=0.03 secs] 
2014-07-10T12:08:43.699+0200: 30.578: [GC (CMS Initial Mark) [1 CMS-initial-mark: 781239K(878208K)] 803847K(1031552K), 0.0002900 secs] [Times: user=0.00 sys=0.00, real=0.00 secs] 
2014-07-10T12:08:43.699+0200: 30.579: [CMS-concurrent-mark-start]
2014-07-10T12:08:43.713+0200: 30.593: [CMS-concurrent-mark: 0.014/0.014 secs] [Times: user=0.03 sys=0.00, real=0.01 secs] 
2014-07-10T12:08:43.713+0200: 30.593: [CMS-concurrent-preclean-start]
2014-07-10T12:08:43.715+0200: 30.595: [CMS-concurrent-preclean: 0.002/0.002 secs] [Times: user=0.00 sys=0.00, real=0.00 secs] 
2014-07-10T12:08:43.715+0200: 30.595: [CMS-concurrent-abortable-preclean-start]
2014-07-10T12:08:43.767+0200: 30.646: [GC (Allocation Failure) 30.646: [ParNew: 153338K->17022K(153344K), 0.0247366 secs] 934577K->815182K(1031552K), 0.0249041 secs] [Times: user=0.03 sys=0.00, real=0.03 secs] 
2014-07-10T12:08:43.910+0200: 30.790: [GC (Allocation Failure) 30.790: [ParNew2014-07-10T12:08:43.951+0200: 30.831: [CMS-concurrent-abortable-preclean: 0.010/0.236 secs] [Times: user=0.20 sys=0.00, real=0.24 secs] 
: 153342K->17018K(153344K), 0.0421880 secs] 951502K->836008K(1031552K), 0.0423236 secs] [Times: user=0.03 sys=0.00, real=0.04 secs] 
2014-07-10T12:08:43.957+0200: 30.836: [GC (CMS Final Remark) [YG occupancy: 22608 K (153344 K)]30.836: [Rescan (parallel) , 0.0013444 secs]30.838: [weak refs processing, 0.0000297 secs]30.838: [class unloading, 0.0006002 secs]30.838: [scrub symbol table, 0.0006064 secs]30.839: [scrub string table, 0.0002361 secs][1 CMS-remark: 818990K(878208K)] 841598K(1031552K), 0.0030008 secs] [Times: user=0.00 sys=0.00, real=0.00 secs] 
2014-07-10T12:08:43.960+0200: 30.839: [CMS-concurrent-sweep-start]
2014-07-10T12:08:43.972+0200: 30.852: [CMS-concurrent-sweep: 0.012/0.012 secs] [Times: user=0.03 sys=0.00, real=0.01 secs] 
2014-07-10T12:08:43.972+0200: 30.852: [CMS-concurrent-reset-start]
2014-07-10T12:08:43.977+0200: 30.857: [CMS-concurrent-reset: 0.005/0.005 secs] [Times: user=0.00 sys=0.00, real=0.01 secs] 
2014-07-10T12:08:44.078+0200: 30.957: [GC (Allocation Failure) 30.958: [ParNew: 153338K->17018K(153344K), 0.0301172 secs] 213333K->101745K(1031552K), 0.0303577 secs] [Times: user=0.03 sys=0.00, real=0.03 secs] 
2014-07-10T12:08:44.169+0200: 31.049: [GC (Allocation Failure) 31.049: [ParNew: 153338K->17018K(153344K), 0.0305663 secs] 238065K->130384K(1031552K), 0.0307287 secs] [Times: user=0.06 sys=0.00, real=0.03 secs] 
2014-07-10T12:08:44.309+0200: 31.189: [GC (Allocation Failure) 31.189: [ParNew: 153338K->17018K(153344K), 0.0332812 secs] 266704K->162928K(1031552K), 0.0334652 secs] [Times: user=0.06 sys=0.00, real=0.03 secs] 
2014-07-10T12:08:44.466+0200: 31.346: [GC (Allocation Failure) 31.346: [ParNew: 153338K->16994K(153344K), 0.0287735 secs] 299248K->187156K(1031552K), 0.0289367 secs] [Times: user=0.06 sys=0.00, real=0.03 secs] 
2014-07-10T12:08:44.568+0200: 31.447: [GC (Allocation Failure) 31.447: [ParNew: 153314K->17018K(153344K), 0.0303995 secs] 323476K->215314K(1031552K), 0.0305645 secs] [Times: user=0.06 sys=0.00, real=0.03 secs] 
2014-07-10T12:08:44.706+0200: 31.586: [GC (Allocation Failure) 31.586: [ParNew: 153338K->17018K(153344K), 0.0324449 secs] 351634K->247345K(1031552K), 0.0325960 secs] [Times: user=0.06 sys=0.00, real=0.03 secs] 
2014-07-10T12:08:44.883+0200: 31.763: [GC (Allocation Failure) 31.763: [ParNew: 153338K->16996K(153344K), 0.0287233 secs] 383665K->271063K(1031552K), 0.0288802 secs] [Times: user=0.06 sys=0.00, real=0.03 secs] 
2014-07-10T12:08:44.969+0200: 31.849: [GC (Allocation Failure) 31.849: [ParNew: 153316K->17018K(153344K), 0.0313887 secs] 407383K->298707K(1031552K), 0.0315390 secs] [Times: user=0.06 sys=0.00, real=0.03 secs] 
2014-07-10T12:08:45.095+0200: 31.974: [GC (Allocation Failure) 31.974: [ParNew: 153338K->17018K(153344K), 0.0333123 secs] 435027K->330226K(1031552K), 0.0334641 secs] [Times: user=0.05 sys=0.00, real=0.03 secs] 
2014-07-10T12:08:45.293+0200: 32.173: [GC (Allocation Failure) 32.173: [ParNew: 153338K->17018K(153344K), 0.0419214 secs] 466546K->365652K(1031552K), 0.0436420 secs] [Times: user=0.06 sys=0.00, real=0.04 secs] 
2014-07-10T12:08:45.390+0200: 32.270: [GC (Allocation Failure) 32.270: [ParNew: 153338K->16998K(153344K), 0.0313821 secs] 501972K->391741K(1031552K), 0.0315375 secs] [Times: user=0.05 sys=0.00, real=0.03 secs] 
2014-07-10T12:08:45.492+0200: 32.372: [GC (Allocation Failure) 32.372: [ParNew: 153318K->17018K(153344K), 0.0344778 secs] 528061K->421756K(1031552K), 0.0346612 secs] [Times: user=0.06 sys=0.00, real=0.03 secs] 
2014-07-10T12:08:45.688+0200: 32.568: [GC (Allocation Failure) 32.568: [ParNew: 153338K->17018K(153344K), 0.0379718 secs] 558076K->455644K(1031552K), 0.0381925 secs] [Times: user=0.06 sys=0.00, real=0.04 secs] 
2014-07-10T12:08:45.781+0200: 32.660: [GC (Allocation Failure) 32.661: [ParNew: 153338K->17018K(153344K), 0.0366574 secs] 591964K->493439K(1031552K), 0.0368228 secs] [Times: user=0.05 sys=0.00, real=0.04 secs] 
2014-07-10T12:08:45.898+0200: 32.778: [GC (Allocation Failure) 32.778: [ParNew: 153338K->17022K(153344K), 0.0347730 secs] 629759K->527011K(1031552K), 0.0349574 secs] [Times: user=0.06 sys=0.00, real=0.04 secs] 
2014-07-10T12:08:46.085+0200: 32.965: [GC (Allocation Failure) 32.965: [ParNew: 153342K->17018K(153344K), 0.0389125 secs] 663331K->564486K(1031552K), 0.0390885 secs] [Times: user=0.08 sys=0.00, real=0.04 secs] 
2014-07-10T12:08:46.178+0200: 33.058: [GC (Allocation Failure) 33.058: [ParNew: 153338K->17018K(153344K), 0.0389177 secs] 700806K->605866K(1031552K), 0.0390592 secs] [Times: user=0.09 sys=0.00, real=0.04 secs] 
2014-07-10T12:08:46.303+0200: 33.183: [GC (Allocation Failure) 33.183: [ParNew: 153338K->17000K(153344K), 0.0313777 secs] 742186K->634870K(1031552K), 0.0315214 secs] [Times: user=0.06 sys=0.00, real=0.03 secs] 
2014-07-10T12:08:46.480+0200: 33.360: [GC (Allocation Failure) 33.360: [ParNew: 153320K->17018K(153344K), 0.0367447 secs] 771190K->667797K(1031552K), 0.0369001 secs] [Times: user=0.05 sys=0.00, real=0.04 secs] 
2014-07-10T12:08:46.572+0200: 33.452: [GC (Allocation Failure) 33.452: [ParNew: 153338K->17018K(153344K), 0.0367359 secs] 804117K->704599K(1031552K), 0.0368979 secs] [Times: user=0.09 sys=0.00, real=0.04 secs] 
2014-07-10T12:08:46.714+0200: 33.594: [GC (Allocation Failure) 33.594: [ParNew: 153338K->17018K(153344K), 0.0392256 secs] 840919K->745307K(1031552K), 0.0393851 secs] [Times: user=0.06 sys=0.00, real=0.04 secs] 
2014-07-10T12:08:46.754+0200: 33.634: [GC (CMS Initial Mark) [1 CMS-initial-mark: 728289K(878208K)] 745339K(1031552K), 0.0003501 secs] [Times: user=0.00 sys=0.00, real=0.00 secs] 
2014-07-10T12:08:46.754+0200: 33.634: [CMS-concurrent-mark-start]
2014-07-10T12:08:46.768+0200: 33.648: [CMS-concurrent-mark: 0.014/0.014 secs] [Times: user=0.03 sys=0.00, real=0.01 secs] 
2014-07-10T12:08:46.769+0200: 33.648: [CMS-concurrent-preclean-start]
2014-07-10T12:08:46.771+0200: 33.651: [CMS-concurrent-preclean: 0.003/0.003 secs] [Times: user=0.00 sys=0.00, real=0.00 secs] 
2014-07-10T12:08:46.771+0200: 33.651: [CMS-concurrent-abortable-preclean-start]
2014-07-10T12:08:46.896+0200: 33.776: [GC (Allocation Failure) 33.776: [ParNew: 153338K->17022K(153344K), 0.0371711 secs] 881627K->781793K(1031552K), 0.0373599 secs] [Times: user=0.09 sys=0.00, real=0.04 secs] 
2014-07-10T12:08:46.992+0200: 33.872: [GC (Allocation Failure) 33.872: [ParNew: 153342K->17018K(153344K), 0.0399505 secs] 918113K->822181K(1031552K), 0.0401052 secs] [Times: user=0.08 sys=0.00, real=0.04 secs] 
2014-07-10T12:08:47.098+0200: 33.978: [GC (Allocation Failure) 33.978: [ParNew: 153338K->17018K(153344K), 0.0416153 secs] 958501K->866475K(1031552K), 0.0417898 secs] [Times: user=0.08 sys=0.00, real=0.04 secs] 
2014-07-10T12:08:47.252+0200: 34.131: [CMS-concurrent-abortable-preclean: 0.039/0.480 secs] [Times: user=0.45 sys=0.00, real=0.48 secs] 
2014-07-10T12:08:47.252+0200: 34.132: [GC (CMS Final Remark) [YG occupancy: 89299 K (153344 K)]34.132: [Rescan (parallel) , 0.0043430 secs]34.136: [weak refs processing, 0.0000649 secs]34.136: [class unloading, 0.0011288 secs]34.138: [scrub symbol table, 0.0012264 secs]34.139: [scrub string table, 0.0004444 secs][1 CMS-remark: 849456K(878208K)] 938756K(1031552K), 0.0076067 secs] [Times: user=0.00 sys=0.02, real=0.01 secs] 
2014-07-10T12:08:47.260+0200: 34.140: [CMS-concurrent-sweep-start]
2014-07-10T12:08:47.281+0200: 34.161: [CMS-concurrent-sweep: 0.021/0.021 secs] [Times: user=0.03 sys=0.00, real=0.02 secs] 
2014-07-10T12:08:47.282+0200: 34.162: [CMS-concurrent-reset-start]
2014-07-10T12:08:47.287+0200: 34.167: [CMS-concurrent-reset: 0.006/0.006 secs] [Times: user=0.00 sys=0.00, real=0.00 secs] 
2014-07-10T12:08:47.299+0200: 34.179: [GC (Allocation Failure) 34.179: [ParNew: 153338K->17018K(153344K), 0.0441315 secs] 316360K->228240K(1031552K), 0.0456511 secs] [Times: user=0.09 sys=0.00, real=0.05 secs] 
2014-07-10T12:08:47.399+0200: 34.279: [GC (Allocation Failure) 34.279: [ParNew: 153338K->17000K(153344K), 0.0368866 secs] 364560K->267105K(1031552K), 0.0370043 secs] [Times: user=0.09 sys=0.00, real=0.04 secs] 
2014-07-10T12:08:47.499+0200: 34.379: [GC (Allocation Failure) 34.379: [ParNew: 153320K->17018K(153344K), 0.0408520 secs] 403425K->309892K(1031552K), 0.0410148 secs] [Times: user=0.09 sys=0.00, real=0.04 secs] 
2014-07-10T12:08:47.701+0200: 34.581: [GC (Allocation Failure) 34.581: [ParNew: 153338K->17018K(153344K), 0.0428842 secs] 446212K->356555K(1031552K), 0.0430418 secs] [Times: user=0.09 sys=0.00, real=0.04 secs] 
2014-07-10T12:08:47.800+0200: 34.680: [GC (Allocation Failure) 34.680: [ParNew: 153338K->2050K(153344K), 0.0045971 secs] 492875K->341603K(1031552K), 0.0048222 secs] [Times: user=0.00 sys=0.00, real=0.01 secs] 
2014-07-10T12:08:47.927+0200: 34.807: [GC (Allocation Failure) 34.807: [ParNew: 138370K->17012K(153344K), 0.0397257 secs] 477923K->398858K(1031552K), 0.0399017 secs] [Times: user=0.09 sys=0.00, real=0.04 secs] 
2014-07-10T12:08:48.074+0200: 34.954: [GC (Allocation Failure) 34.954: [ParNew: 153332K->17018K(153344K), 0.0427592 secs] 535178K->445071K(1031552K), 0.0429121 secs] [Times: user=0.06 sys=0.00, real=0.04 secs] 
2014-07-10T12:08:48.253+0200: 35.133: [GC (Allocation Failure) 35.133: [ParNew: 153338K->1530K(153344K), 0.0092580 secs] 581391K->429600K(1031552K), 0.0096588 secs] [Times: user=0.03 sys=0.00, real=0.01 secs] 
2014-07-10T12:08:48.328+0200: 35.208: [GC (Allocation Failure) 35.208: [ParNew: 137850K->1398K(153344K), 0.0042206 secs] 565920K->429468K(1031552K), 0.0043859 secs] [Times: user=0.00 sys=0.00, real=0.00 secs] 
2014-07-10T12:08:48.491+0200: 35.371: [GC (Allocation Failure) 35.371: [ParNew: 137718K->16994K(153344K), 0.0434825 secs] 565788K->490782K(1031552K), 0.0436288 secs] [Times: user=0.08 sys=0.00, real=0.04 secs] 
2014-07-10T12:08:48.652+0200: 35.532: [GC (Allocation Failure) 35.532: [ParNew: 153314K->1018K(153344K), 0.0039310 secs] 627102K->474862K(1031552K), 0.0040508 secs] [Times: user=0.00 sys=0.00, real=0.00 secs] 
2014-07-10T12:08:48.754+0200: 35.634: [GC (Allocation Failure) 35.634: [ParNew: 137338K->4999K(153344K), 0.0120422 secs] 611182K->478844K(1031552K), 0.0123047 secs] [Times: user=0.03 sys=0.00, real=0.01 secs] 
2014-07-10T12:08:48.891+0200: 35.770: [GC (Allocation Failure) 35.770: [ParNew: 141319K->766K(153344K), 0.0069934 secs] 615164K->474610K(1031552K), 0.0071624 secs] [Times: user=0.00 sys=0.00, real=0.01 secs] 
2014-07-10T12:08:49.054+0200: 35.933: [GC (Allocation Failure) 35.933: [ParNew: 137086K->4688K(153344K), 0.0066253 secs] 610930K->478532K(1031552K), 0.0067976 secs] [Times: user=0.03 sys=0.00, real=0.01 secs] 
2014-07-10T12:08:49.154+0200: 36.033: [GC (Allocation Failure) 36.033: [ParNew: 141008K->8610K(153344K), 0.0084786 secs] 614852K->482454K(1031552K), 0.0086406 secs] [Times: user=0.00 sys=0.00, real=0.01 secs] 
2014-07-10T12:08:49.286+0200: 36.165: [GC (Allocation Failure) 36.165: [ParNew: 144930K->12440K(153344K), 0.0116231 secs] 618774K->486377K(1031552K), 0.0117943 secs] [Times: user=0.03 sys=0.00, real=0.01 secs] 
2014-07-10T12:08:49.393+0200: 36.272: [GC (Allocation Failure) 36.272: [ParNew: 148760K->16996K(153344K), 0.0446656 secs] 622697K->538524K(1031552K), 0.0448852 secs] [Times: user=0.06 sys=0.00, real=0.05 secs] 
2014-07-10T12:08:49.552+0200: 36.431: [GC (Allocation Failure) 36.432: [ParNew: 153316K->2907K(153344K), 0.0046129 secs] 674844K->524460K(1031552K), 0.0047489 secs] [Times: user=0.03 sys=0.00, real=0.00 secs] 
2014-07-10T12:08:49.679+0200: 36.558: [GC (Allocation Failure) 36.558: [ParNew: 139227K->6829K(153344K), 0.0076819 secs] 660780K->528382K(1031552K), 0.0079330 secs] [Times: user=0.00 sys=0.00, real=0.01 secs] 
2014-07-10T12:08:49.854+0200: 36.733: [GC (Allocation Failure) 36.733: [ParNew: 143149K->2623K(153344K), 0.0089079 secs] 664702K->524176K(1031552K), 0.0091682 secs] [Times: user=0.00 sys=0.00, real=0.01 secs] 
2014-07-10T12:08:49.955+0200: 36.834: [GC (Allocation Failure) 36.835: [ParNew: 138943K->6545K(153344K), 0.0137268 secs] 660496K->528098K(1031552K), 0.0140234 secs] [Times: user=0.03 sys=0.00, real=0.01 secs] 
2014-07-10T12:08:50.090+0200: 36.969: [GC (Allocation Failure) 36.969: [ParNew: 142865K->10467K(153344K), 0.0106567 secs] 664418K->532020K(1031552K), 0.0108540 secs] [Times: user=0.03 sys=0.00, real=0.01 secs] 
2014-07-10T12:08:50.258+0200: 37.138: [GC (Allocation Failure) 37.138: [ParNew: 146787K->14297K(153344K), 0.0174715 secs] 668340K->535942K(1031552K), 0.0176666 secs] [Times: user=0.03 sys=0.00, real=0.02 secs] 
2014-07-10T12:08:50.355+0200: 37.234: [GC (Allocation Failure) 37.234: [ParNew: 150617K->5980K(153344K), 0.0312288 secs] 672262K->527642K(1031552K), 0.0314077 secs] [Times: user=0.00 sys=0.00, real=0.03 secs] 
2014-07-10T12:08:50.487+0200: 37.367: [GC (Allocation Failure) 37.367: [ParNew: 142300K->9904K(153344K), 0.0185073 secs] 663962K->531566K(1031552K), 0.0187595 secs] [Times: user=0.03 sys=0.00, real=0.02 secs] 
2014-07-10T12:08:50.661+0200: 37.540: [GC (Allocation Failure) 37.540: [ParNew: 146224K->13784K(153344K), 0.0172475 secs] 667886K->535486K(1031552K), 0.0175097 secs] [Times: user=0.03 sys=0.00, real=0.02 secs] 
2014-07-10T12:08:50.758+0200: 37.637: [GC (Allocation Failure) 37.637: [ParNew: 150104K->17018K(153344K), 0.0139794 secs] 671806K->539409K(1031552K), 0.0141503 secs] [Times: user=0.03 sys=0.00, real=0.01 secs] 
2014-07-10T12:08:50.877+0200: 37.756: [GC (Allocation Failure) 37.756: [ParNew: 153338K->9374K(153344K), 0.0089996 secs] 675729K->531781K(1031552K), 0.0091653 secs] [Times: user=0.03 sys=0.00, real=0.01 secs] 
2014-07-10T12:08:51.061+0200: 37.940: [GC (Allocation Failure) 37.940: [ParNew: 145694K->13272K(153344K), 0.0205043 secs] 668101K->535703K(1031552K), 0.0211763 secs] [Times: user=0.03 sys=0.02, real=0.02 secs] 
2014-07-10T12:08:51.159+0200: 38.038: [GC (Allocation Failure) 38.038: [ParNew: 149592K->17018K(153344K), 0.0141111 secs] 672023K->539625K(1031552K), 0.0142793 secs] [Times: user=0.03 sys=0.00, real=0.01 secs] 
2014-07-10T12:08:51.289+0200: 38.169: [GC (Allocation Failure) 38.169: [ParNew: 153338K->17018K(153344K), 0.0165568 secs] 675945K->543708K(1031552K), 0.0167434 secs] [Times: user=0.03 sys=0.00, real=0.02 secs] 
2014-07-10T12:08:51.460+0200: 38.339: [GC (Allocation Failure) 38.340: [ParNew: 153338K->11781K(153344K), 0.0194766 secs] 680028K->538487K(1031552K), 0.0197758 secs] [Times: user=0.03 sys=0.00, real=0.02 secs] 
2014-07-10T12:08:51.558+0200: 38.437: [GC (Allocation Failure) 38.437: [ParNew: 148101K->15673K(153344K), 0.0126196 secs] 674807K->542407K(1031552K), 0.0127831 secs] [Times: user=0.03 sys=0.00, real=0.01 secs] 
2014-07-10T12:08:51.688+0200: 38.567: [GC (Allocation Failure) 38.567: [ParNew: 151993K->17018K(153344K), 0.0159310 secs] 678727K->546329K(1031552K), 0.0160956 secs] [Times: user=0.03 sys=0.00, real=0.02 secs] 
2014-07-10T12:08:51.861+0200: 38.740: [GC (Allocation Failure) 38.741: [ParNew: 153338K->15357K(153344K), 0.0185909 secs] 682649K->544685K(1031552K), 0.0188123 secs] [Times: user=0.05 sys=0.00, real=0.02 secs] 
2014-07-10T12:08:51.961+0200: 38.840: [GC (Allocation Failure) 38.840: [ParNew: 151677K->17018K(153344K), 0.0146342 secs] 681005K->548607K(1031552K), 0.0148135 secs] [Times: user=0.03 sys=0.00, real=0.02 secs] 
2014-07-10T12:08:52.098+0200: 38.977: [GC (Allocation Failure) 38.977: [ParNew: 153338K->17018K(153344K), 0.0177088 secs] 684927K->554770K(1031552K), 0.0178653 secs] [Times: user=0.03 sys=0.00, real=0.02 secs] 
2014-07-10T12:08:52.266+0200: 39.145: [GC (Allocation Failure) 39.145: [ParNew: 153338K->17018K(153344K), 0.0195650 secs] 691090K->564839K(1031552K), 0.0197303 secs] [Times: user=0.06 sys=0.00, real=0.02 secs] 
2014-07-10T12:08:52.357+0200: 39.236: [GC (Allocation Failure) 39.236: [ParNew: 153338K->14663K(153344K), 0.0130185 secs] 701159K->562500K(1031552K), 0.0131960 secs] [Times: user=0.03 sys=0.00, real=0.01 secs] 
2014-07-10T12:08:52.482+0200: 39.361: [GC (Allocation Failure) 39.361: [ParNew: 150983K->17018K(153344K), 0.0144667 secs] 698820K->566420K(1031552K), 0.0146247 secs] [Times: user=0.03 sys=0.00, real=0.01 secs] 
2014-07-10T12:08:52.666+0200: 39.546: [GC (Allocation Failure) 39.546: [ParNew: 153338K->17018K(153344K), 0.0240800 secs] 702740K->571879K(1031552K), 0.0243216 secs] [Times: user=0.06 sys=0.00, real=0.03 secs] 
2014-07-10T12:08:52.762+0200: 39.641: [GC (Allocation Failure) 39.641: [ParNew: 153338K->17022K(153344K), 0.0145877 secs] 708199K->573116K(1031552K), 0.0147548 secs] [Times: user=0.03 sys=0.00, real=0.01 secs] 
2014-07-10T12:08:52.892+0200: 39.771: [GC (Allocation Failure) 39.772: [ParNew: 153342K->17018K(153344K), 0.0164938 secs] 709436K->578255K(1031552K), 0.0166510 secs] [Times: user=0.03 sys=0.00, real=0.02 secs] 
2014-07-10T12:08:53.070+0200: 39.949: [GC (Allocation Failure) 39.949: [ParNew: 153338K->17018K(153344K), 0.0334931 secs] 714575K->587299K(1031552K), 0.0337252 secs] [Times: user=0.05 sys=0.00, real=0.03 secs] 
2014-07-10T12:08:53.166+0200: 40.045: [GC (Allocation Failure) 40.045: [ParNew: 153338K->17018K(153344K), 0.0213574 secs] 723619K->600250K(1031552K), 0.0215015 secs] [Times: user=0.03 sys=0.00, real=0.02 secs] 
2014-07-10T12:08:53.309+0200: 40.189: [GC (Allocation Failure) 40.189: [ParNew: 153338K->17018K(153344K), 0.0241562 secs] 736570K->617106K(1031552K), 0.0243575 secs] [Times: user=0.06 sys=0.00, real=0.03 secs] 
2014-07-10T12:08:53.459+0200: 40.339: [GC (Allocation Failure) 40.339: [ParNew: 153338K->17000K(153344K), 0.0183511 secs] 753426K->624660K(1031552K), 0.0185153 secs] [Times: user=0.03 sys=0.00, real=0.02 secs] 
2014-07-10T12:08:53.565+0200: 40.445: [GC (Allocation Failure) 40.445: [ParNew: 153320K->17018K(153344K), 0.0203243 secs] 760980K->636136K(1031552K), 0.0204955 secs] [Times: user=0.03 sys=0.00, real=0.02 secs] 
2014-07-10T12:08:53.694+0200: 40.574: [GC (Allocation Failure) 40.574: [ParNew: 153338K->17018K(153344K), 0.0232375 secs] 772456K->651487K(1031552K), 0.0234439 secs] [Times: user=0.03 sys=0.00, real=0.02 secs] 
2014-07-10T12:08:53.864+0200: 40.743: [GC (Allocation Failure) 40.743: [ParNew: 153338K->16996K(153344K), 0.0177989 secs] 787807K->658525K(1031552K), 0.0179713 secs] [Times: user=0.03 sys=0.00, real=0.02 secs] 
2014-07-10T12:08:53.961+0200: 40.840: [GC (Allocation Failure) 40.840: [ParNew: 153316K->17018K(153344K), 0.0209248 secs] 794845K->669488K(1031552K), 0.0210846 secs] [Times: user=0.03 sys=0.00, real=0.02 secs] 
2014-07-10T12:08:54.094+0200: 40.973: [GC (Allocation Failure) 40.973: [ParNew: 153338K->17018K(153344K), 0.0228349 secs] 805808K->684328K(1031552K), 0.0230421 secs] [Times: user=0.03 sys=0.00, real=0.02 secs] 
2014-07-10T12:08:54.276+0200: 41.155: [GC (Allocation Failure) 41.156: [ParNew: 153338K->17018K(153344K), 0.0369423 secs] 820648K->703073K(1031552K), 0.0371689 secs] [Times: user=0.09 sys=0.00, real=0.04 secs] 
2014-07-10T12:08:54.363+0200: 41.242: [GC (Allocation Failure) 41.243: [ParNew: 153338K->16996K(153344K), 0.0204650 secs] 839393K->713536K(1031552K), 0.0206242 secs] [Times: user=0.03 sys=0.00, real=0.02 secs] 
2014-07-10T12:08:54.500+0200: 41.380: [GC (Allocation Failure) 41.380: [ParNew: 153316K->17018K(153344K), 0.0242490 secs] 849856K->727926K(1031552K), 0.0244081 secs] [Times: user=0.02 sys=0.00, real=0.03 secs] 
2014-07-10T12:08:54.665+0200: 41.544: [GC (Allocation Failure) 41.544: [ParNew: 153338K->17018K(153344K), 0.0271589 secs] 864246K->746191K(1031552K), 0.0273264 secs] [Times: user=0.06 sys=0.00, real=0.03 secs] 
2014-07-10T12:08:54.766+0200: 41.645: [GC (Allocation Failure) 41.645: [ParNew: 153338K->17018K(153344K), 0.0273158 secs] 882511K->768362K(1031552K), 0.0274735 secs] [Times: user=0.03 sys=0.00, real=0.03 secs] 
2014-07-10T12:08:54.901+0200: 41.780: [GC (Allocation Failure) 41.780: [ParNew: 153338K->17022K(153344K), 0.0251688 secs] 904682K->786311K(1031552K), 0.0253382 secs] [Times: user=0.06 sys=0.00, real=0.03 secs] 
2014-07-10T12:08:54.926+0200: 41.806: [GC (CMS Initial Mark) [1 CMS-initial-mark: 769288K(878208K)] 789121K(1031552K), 0.0002772 secs] [Times: user=0.00 sys=0.00, real=0.00 secs] 
2014-07-10T12:08:54.927+0200: 41.806: [CMS-concurrent-mark-start]
2014-07-10T12:08:54.941+0200: 41.821: [CMS-concurrent-mark: 0.015/0.015 secs] [Times: user=0.03 sys=0.00, real=0.01 secs] 
2014-07-10T12:08:54.942+0200: 41.821: [CMS-concurrent-preclean-start]
2014-07-10T12:08:54.944+0200: 41.823: [CMS-concurrent-preclean: 0.002/0.002 secs] [Times: user=0.00 sys=0.00, real=0.00 secs] 
2014-07-10T12:08:54.944+0200: 41.823: [CMS-concurrent-abortable-preclean-start]
2014-07-10T12:08:55.080+0200: 41.960: [GC (Allocation Failure) 41.960: [ParNew: 153342K->17018K(153344K), 0.0300241 secs] 922631K->808161K(1031552K), 0.0302946 secs] [Times: user=0.06 sys=0.00, real=0.03 secs] 
2014-07-10T12:08:55.167+0200: 42.046: [GC (Allocation Failure) 42.046: [ParNew: 153338K->17018K(153344K), 0.0307258 secs] 944481K->833918K(1031552K), 0.0308768 secs] [Times: user=0.05 sys=0.00, real=0.03 secs] 
2014-07-10T12:08:55.291+0200: 42.171: [GC (Allocation Failure) 42.171: [ParNew2014-07-10T12:08:55.324+0200: 42.204: [CMS-concurrent-abortable-preclean: 0.028/0.380 secs] [Times: user=0.31 sys=0.02, real=0.38 secs] 
: 153338K->17018K(153344K), 0.0331195 secs] 970238K->863581K(1031552K), 0.0332372 secs] [Times: user=0.08 sys=0.00, real=0.03 secs] 
2014-07-10T12:08:55.325+0200: 42.204: [GC (CMS Final Remark) [YG occupancy: 17050 K (153344 K)]42.204: [Rescan (parallel) , 0.0013140 secs]42.206: [weak refs processing, 0.0000286 secs]42.206: [class unloading, 0.0004806 secs]42.206: [scrub symbol table, 0.0007006 secs]42.207: [scrub string table, 0.0001785 secs][1 CMS-remark: 846562K(878208K)] 863613K(1031552K), 0.0028479 secs] [Times: user=0.00 sys=0.00, real=0.00 secs] 
2014-07-10T12:08:55.328+0200: 42.207: [CMS-concurrent-sweep-start]
2014-07-10T12:08:55.334+0200: 42.214: [CMS-concurrent-sweep: 0.007/0.007 secs] [Times: user=0.00 sys=0.00, real=0.01 secs] 
2014-07-10T12:08:55.334+0200: 42.214: [CMS-concurrent-reset-start]
2014-07-10T12:08:55.340+0200: 42.219: [CMS-concurrent-reset: 0.005/0.005 secs] [Times: user=0.00 sys=0.00, real=0.01 secs] 
2014-07-10T12:08:55.465+0200: 42.344: [GC (Allocation Failure) 42.344: [ParNew: 153338K->17004K(153344K), 0.0225790 secs] 249838K->129785K(1031552K), 0.0227447 secs] [Times: user=0.06 sys=0.00, real=0.02 secs] 
2014-07-10T12:08:55.564+0200: 42.444: [GC (Allocation Failure) 42.444: [ParNew: 153324K->17018K(153344K), 0.0252499 secs] 266105K->149969K(1031552K), 0.0254651 secs] [Times: user=0.03 sys=0.00, real=0.03 secs] 
2014-07-10T12:08:55.691+0200: 42.570: [GC (Allocation Failure) 42.570: [ParNew: 153338K->17018K(153344K), 0.0276080 secs] 286289K->174029K(1031552K), 0.0277620 secs] [Times: user=0.05 sys=0.00, real=0.03 secs] 
2014-07-10T12:08:55.869+0200: 42.749: [GC (Allocation Failure) 42.749: [ParNew: 153338K->17022K(153344K), 0.0271912 secs] 310349K->193866K(1031552K), 0.0273704 secs] [Times: user=0.06 sys=0.00, real=0.03 secs] 
2014-07-10T12:08:55.971+0200: 42.850: [GC (Allocation Failure) 42.850: [ParNew: 153342K->17018K(153344K), 0.0282753 secs] 330186K->217606K(1031552K), 0.0284333 secs] [Times: user=0.06 sys=0.00, real=0.03 secs] 
2014-07-10T12:08:56.106+0200: 42.986: [GC (Allocation Failure) 42.986: [ParNew: 153338K->17018K(153344K), 0.0304549 secs] 353926K->245252K(1031552K), 0.0306198 secs] [Times: user=0.06 sys=0.00, real=0.03 secs] 
2014-07-10T12:08:56.275+0200: 43.154: [GC (Allocation Failure) 43.155: [ParNew: 153338K->17018K(153344K), 0.0340320 secs] 381572K->276803K(1031552K), 0.0341658 secs] [Times: user=0.09 sys=0.00, real=0.03 secs] 
2014-07-10T12:08:56.367+0200: 43.246: [GC (Allocation Failure) 43.246: [ParNew: 153338K->16994K(153344K), 0.0277990 secs] 413123K->300039K(1031552K), 0.0279504 secs] [Times: user=0.05 sys=0.00, real=0.03 secs] 
2014-07-10T12:08:56.514+0200: 43.393: [GC (Allocation Failure) 43.393: [ParNew: 153314K->17018K(153344K), 0.0307592 secs] 436359K->327204K(1031552K), 0.0309546 secs] [Times: user=0.06 sys=0.00, real=0.03 secs] 
2014-07-10T12:08:56.679+0200: 43.559: [GC (Allocation Failure) 43.559: [ParNew: 153338K->17018K(153344K), 0.0342381 secs] 463524K->358244K(1031552K), 0.0344401 secs] [Times: user=0.08 sys=0.00, real=0.04 secs] 
2014-07-10T12:08:56.772+0200: 43.651: [GC (Allocation Failure) 43.651: [ParNew: 153338K->17018K(153344K), 0.0351055 secs] 494564K->393189K(1031552K), 0.0352687 secs] [Times: user=0.09 sys=0.00, real=0.03 secs] 
2014-07-10T12:08:56.909+0200: 43.789: [GC (Allocation Failure) 43.789: [ParNew: 153338K->16996K(153344K), 0.0306503 secs] 529509K->419820K(1031552K), 0.0308057 secs] [Times: user=0.06 sys=0.00, real=0.03 secs] 
2014-07-10T12:08:57.093+0200: 43.972: [GC (Allocation Failure) 43.972: [ParNew: 153316K->17018K(153344K), 0.0330132 secs] 556140K->450377K(1031552K), 0.0331701 secs] [Times: user=0.06 sys=0.00, real=0.03 secs] 
2014-07-10T12:08:57.179+0200: 44.059: [GC (Allocation Failure) 44.059: [ParNew: 153338K->17018K(153344K), 0.0360320 secs] 586697K->484810K(1031552K), 0.0364672 secs] [Times: user=0.09 sys=0.00, real=0.04 secs] 
2014-07-10T12:08:57.300+0200: 44.179: [GC (Allocation Failure) 44.179: [ParNew: 153338K->16994K(153344K), 0.0361255 secs] 621130K->518066K(1031552K), 0.0362783 secs] [Times: user=0.06 sys=0.00, real=0.04 secs] 
2014-07-10T12:08:57.484+0200: 44.363: [GC (Allocation Failure) 44.363: [ParNew: 153314K->17022K(153344K), 0.0351869 secs] 654386K->547125K(1031552K), 0.0353401 secs] [Times: user=0.06 sys=0.00, real=0.04 secs] 
2014-07-10T12:08:57.587+0200: 44.467: [GC (Allocation Failure) 44.467: [ParNew: 153342K->17018K(153344K), 0.0377027 secs] 683445K->580053K(1031552K), 0.0378416 secs] [Times: user=0.06 sys=0.00, real=0.04 secs] 
2014-07-10T12:08:57.705+0200: 44.584: [GC (Allocation Failure) 44.584: [ParNew: 153338K->17018K(153344K), 0.0373291 secs] 716373K->616887K(1031552K), 0.0374809 secs] [Times: user=0.05 sys=0.00, real=0.04 secs] 
2014-07-10T12:08:57.871+0200: 44.751: [GC (Allocation Failure) 44.751: [ParNew: 153338K->17022K(153344K), 0.0339550 secs] 753207K->649499K(1031552K), 0.0341677 secs] [Times: user=0.05 sys=0.00, real=0.03 secs] 
2014-07-10T12:08:57.971+0200: 44.850: [GC (Allocation Failure) 44.850: [ParNew: 153342K->17018K(153344K), 0.0362134 secs] 785819K->686013K(1031552K), 0.0363799 secs] [Times: user=0.06 sys=0.00, real=0.04 secs] 
2014-07-10T12:08:58.007+0200: 44.887: [GC (CMS Initial Mark) [1 CMS-initial-mark: 668995K(878208K)] 688824K(1031552K), 0.0003384 secs] [Times: user=0.00 sys=0.00, real=0.00 secs] 
2014-07-10T12:08:58.008+0200: 44.887: [CMS-concurrent-mark-start]
2014-07-10T12:08:58.018+0200: 44.897: [CMS-concurrent-mark: 0.010/0.010 secs] [Times: user=0.03 sys=0.00, real=0.01 secs] 
2014-07-10T12:08:58.018+0200: 44.897: [CMS-concurrent-preclean-start]
2014-07-10T12:08:58.020+0200: 44.899: [CMS-concurrent-preclean: 0.002/0.002 secs] [Times: user=0.00 sys=0.00, real=0.00 secs] 
2014-07-10T12:08:58.020+0200: 44.899: [CMS-concurrent-abortable-preclean-start]
2014-07-10T12:08:58.113+0200: 44.993: [GC (Allocation Failure) 44.993: [ParNew2014-07-10T12:08:58.144+0200: 45.023: [CMS-concurrent-abortable-preclean: 0.002/0.124 secs] [Times: user=0.11 sys=0.00, real=0.12 secs] 
: 153338K->17018K(153344K), 0.0416102 secs] 822333K->726433K(1031552K), 0.0417748 secs] [Times: user=0.09 sys=0.00, real=0.04 secs] 
2014-07-10T12:08:58.158+0200: 45.037: [GC (CMS Final Remark) [YG occupancy: 22608 K (153344 K)]45.037: [Rescan (parallel) , 0.0052820 secs]45.043: [weak refs processing, 0.0000315 secs]45.043: [class unloading, 0.0005166 secs]45.043: [scrub symbol table, 0.0006346 secs]45.044: [scrub string table, 0.0005708 secs][1 CMS-remark: 709415K(878208K)] 732023K(1031552K), 0.0076621 secs] [Times: user=0.02 sys=0.00, real=0.01 secs] 
2014-07-10T12:08:58.167+0200: 45.046: [CMS-concurrent-sweep-start]
2014-07-10T12:08:58.173+0200: 45.053: [CMS-concurrent-sweep: 0.006/0.006 secs] [Times: user=0.00 sys=0.00, real=0.01 secs] 
2014-07-10T12:08:58.173+0200: 45.053: [CMS-concurrent-reset-start]
2014-07-10T12:08:58.178+0200: 45.058: [CMS-concurrent-reset: 0.005/0.005 secs] [Times: user=0.00 sys=0.00, real=0.00 secs] 
2014-07-10T12:08:58.273+0200: 45.153: [GC (Allocation Failure) 45.153: [ParNew: 153338K->17018K(153344K), 0.0431375 secs] 231610K->139616K(1031552K), 0.0432923 secs] [Times: user=0.06 sys=0.01, real=0.04 secs] 
2014-07-10T12:08:58.373+0200: 45.253: [GC (Allocation Failure) 45.253: [ParNew: 153338K->17000K(153344K), 0.0326726 secs] 275936K->171566K(1031552K), 0.0328277 secs] [Times: user=0.05 sys=0.00, real=0.03 secs] 
2014-07-10T12:08:58.521+0200: 45.401: [GC (Allocation Failure) 45.401: [ParNew: 153320K->17018K(153344K), 0.0357101 secs] 307886K->207437K(1031552K), 0.0358934 secs] [Times: user=0.09 sys=0.00, real=0.04 secs] 
2014-07-10T12:08:58.686+0200: 45.566: [GC (Allocation Failure) 45.566: [ParNew: 153338K->17018K(153344K), 0.0383604 secs] 343757K->247185K(1031552K), 0.0385305 secs] [Times: user=0.06 sys=0.00, real=0.04 secs] 
2014-07-10T12:08:58.777+0200: 45.657: [GC (Allocation Failure) 45.657: [ParNew: 153338K->17018K(153344K), 0.0403134 secs] 383505K->290838K(1031552K), 0.0404850 secs] [Times: user=0.06 sys=0.00, real=0.04 secs] 
2014-07-10T12:08:58.905+0200: 45.784: [GC (Allocation Failure) 45.784: [ParNew: 153338K->17022K(153344K), 0.0432563 secs] 427158K->330270K(1031552K), 0.0434206 secs] [Times: user=0.08 sys=0.00, real=0.04 secs] 
2014-07-10T12:08:59.081+0200: 45.960: [GC (Allocation Failure) 45.960: [ParNew: 153342K->17018K(153344K), 0.0492393 secs] 466590K->373603K(1031552K), 0.0494006 secs] [Times: user=0.03 sys=0.00, real=0.05 secs] 
2014-07-10T12:08:59.198+0200: 46.077: [GC (Allocation Failure) 46.077: [ParNew: 153338K->17018K(153344K), 0.0477534 secs] 509923K->420842K(1031552K), 0.0478916 secs] [Times: user=0.08 sys=0.00, real=0.05 secs] 
2014-07-10T12:08:59.313+0200: 46.192: [GC (Allocation Failure) 46.192: [ParNew: 153338K->2627K(153344K), 0.0052435 secs] 557162K->406467K(1031552K), 0.0053876 secs] [Times: user=0.00 sys=0.00, real=0.01 secs] 
2014-07-10T12:08:59.479+0200: 46.358: [GC (Allocation Failure) 46.358: [ParNew: 138947K->17016K(153344K), 0.0437795 secs] 542787K->462669K(1031552K), 0.0439272 secs] [Times: user=0.08 sys=0.00, real=0.04 secs] 
2014-07-10T12:08:59.607+0200: 46.486: [GC (Allocation Failure) 46.486: [ParNew: 153336K->17018K(153344K), 0.0428296 secs] 598989K->508402K(1031552K), 0.0429770 secs] [Times: user=0.09 sys=0.00, real=0.04 secs] 
2014-07-10T12:08:59.752+0200: 46.631: [GC (Allocation Failure) 46.631: [ParNew: 153338K->1050K(153344K), 0.0038877 secs] 644722K->492450K(1031552K), 0.0040105 secs] [Times: user=0.00 sys=0.00, real=0.00 secs] 
2014-07-10T12:08:59.888+0200: 46.766: [GC (Allocation Failure) 46.766: [ParNew: 137370K->17012K(153344K), 0.0396480 secs] 628770K->549712K(1031552K), 0.0398203 secs] [Times: user=0.06 sys=0.02, real=0.04 secs] 
2014-07-10T12:08:59.977+0200: 46.856: [GC (Allocation Failure) 46.856: [ParNew: 153332K->17018K(153344K), 0.0415933 secs] 686032K->594932K(1031552K), 0.0417469 secs] [Times: user=0.06 sys=0.00, real=0.04 secs] 
2014-07-10T12:09:00.152+0200: 47.031: [GC (Allocation Failure) 47.031: [ParNew: 153338K->538K(153344K), 0.0079202 secs] 731252K->578469K(1031552K), 0.0081637 secs] [Times: user=0.00 sys=0.00, real=0.01 secs] 
2014-07-10T12:09:00.301+0200: 47.180: [GC (Allocation Failure) 47.180: [ParNew: 136858K->4460K(153344K), 0.0077483 secs] 714789K->582390K(1031552K), 0.0080852 secs] [Times: user=0.02 sys=0.00, real=0.01 secs] 
2014-07-10T12:09:00.374+0200: 47.253: [GC (Allocation Failure) 47.253: [ParNew: 140780K->16996K(153344K), 0.0417906 secs] 718710K->639684K(1031552K), 0.0419442 secs] [Times: user=0.08 sys=0.00, real=0.04 secs] 
2014-07-10T12:09:00.552+0200: 47.430: [GC (Allocation Failure) 47.430: [ParNew: 153316K->58K(153344K), 0.0033708 secs] 776004K->622803K(1031552K), 0.0034617 secs] [Times: user=0.00 sys=0.00, real=0.00 secs] 
2014-07-10T12:09:00.693+0200: 47.571: [GC (Allocation Failure) 47.572: [ParNew: 136378K->3980K(153344K), 0.0052032 secs] 759123K->626725K(1031552K), 0.0053846 secs] [Times: user=0.00 sys=0.00, real=0.00 secs] 
2014-07-10T12:09:00.779+0200: 47.657: [GC (Allocation Failure) 47.658: [ParNew: 140300K->7981K(153344K), 0.0083418 secs] 763045K->630726K(1031552K), 0.0085471 secs] [Times: user=0.02 sys=0.00, real=0.01 secs] 
2014-07-10T12:09:00.953+0200: 47.832: [GC (Allocation Failure) 47.832: [ParNew: 144301K->3727K(153344K), 0.0051676 secs] 767046K->626473K(1031552K), 0.0052897 secs] [Times: user=0.03 sys=0.00, real=0.00 secs] 
2014-07-10T12:09:01.093+0200: 47.972: [GC (Allocation Failure) 47.972: [ParNew: 140047K->7649K(153344K), 0.0095539 secs] 762793K->630395K(1031552K), 0.0097735 secs] [Times: user=0.03 sys=0.00, real=0.01 secs] 
2014-07-10T12:09:01.259+0200: 48.138: [GC (Allocation Failure) 48.138: [ParNew: 143969K->11571K(153344K), 0.0188937 secs] 766715K->634316K(1031552K), 0.0191797 secs] [Times: user=0.03 sys=0.00, real=0.02 secs] 
2014-07-10T12:09:01.340+0200: 48.219: [GC (Allocation Failure) 48.219: [ParNew: 147891K->2188K(153344K), 0.0047768 secs] 770636K->625042K(1031552K), 0.0049073 secs] [Times: user=0.00 sys=0.00, real=0.01 secs] 
2014-07-10T12:09:01.508+0200: 48.386: [GC (Allocation Failure) 48.386: [ParNew: 138508K->2005K(153344K), 0.0051478 secs] 761362K->624859K(1031552K), 0.0052853 secs] [Times: user=0.00 sys=0.00, real=0.01 secs] 
2014-07-10T12:09:01.653+0200: 48.532: [GC (Allocation Failure) 48.532: [ParNew: 138325K->5927K(153344K), 0.0071298 secs] 761179K->628781K(1031552K), 0.0073545 secs] [Times: user=0.03 sys=0.00, real=0.01 secs] 
2014-07-10T12:09:01.756+0200: 48.635: [GC (Allocation Failure) 48.635: [ParNew: 142247K->1722K(153344K), 0.0045678 secs] 765101K->624576K(1031552K), 0.0046961 secs] [Times: user=0.00 sys=0.00, real=0.00 secs] 
2014-07-10T12:09:01.900+0200: 48.779: [GC (Allocation Failure) 48.779: [ParNew: 138042K->5643K(153344K), 0.0077424 secs] 760896K->628498K(1031552K), 0.0079191 secs] [Times: user=0.00 sys=0.00, real=0.01 secs] 
2014-07-10T12:09:02.058+0200: 48.937: [GC (Allocation Failure) 48.937: [ParNew: 141963K->9565K(153344K), 0.0154698 secs] 764818K->632420K(1031552K), 0.0157084 secs] [Times: user=0.03 sys=0.00, real=0.02 secs] 
2014-07-10T12:09:02.156+0200: 49.035: [GC (Allocation Failure) 49.035: [ParNew: 145885K->13368K(153344K), 0.0115623 secs] 768740K->636340K(1031552K), 0.0117287 secs] [Times: user=0.03 sys=0.00, real=0.01 secs] 
2014-07-10T12:09:02.304+0200: 49.183: [GC (Allocation Failure) 49.183: [ParNew: 149688K->17018K(153344K), 0.0143299 secs] 772660K->640262K(1031552K), 0.0145154 secs] [Times: user=0.03 sys=0.00, real=0.02 secs] 
2014-07-10T12:09:02.457+0200: 49.336: [GC (Allocation Failure) 49.336: [ParNew: 153338K->8990K(153344K), 0.0167691 secs] 776582K->632251K(1031552K), 0.0170620 secs] [Times: user=0.03 sys=0.00, real=0.02 secs] 
2014-07-10T12:09:02.556+0200: 49.435: [GC (Allocation Failure) 49.435: [ParNew: 145310K->12888K(153344K), 0.0112723 secs] 768571K->636173K(1031552K), 0.0114391 secs] [Times: user=0.03 sys=0.00, real=0.01 secs] 
2014-07-10T12:09:02.709+0200: 49.587: [GC (Allocation Failure) 49.588: [ParNew: 149208K->16794K(153344K), 0.0173051 secs] 772493K->640095K(1031552K), 0.0174979 secs] [Times: user=0.02 sys=0.00, real=0.02 secs] 
2014-07-10T12:09:02.856+0200: 49.735: [GC (Allocation Failure) 49.735: [ParNew: 153114K->8512K(153344K), 0.0158379 secs] 776415K->631830K(1031552K), 0.0161348 secs] [Times: user=0.03 sys=0.00, real=0.02 secs] 
2014-07-10T12:09:02.956+0200: 49.835: [GC (Allocation Failure) 49.835: [ParNew: 144832K->12434K(153344K), 0.0109225 secs] 768150K->635751K(1031552K), 0.0110651 secs] [Times: user=0.00 sys=0.00, real=0.01 secs] 
2014-07-10T12:09:03.088+0200: 49.967: [GC (Allocation Failure) 49.967: [ParNew: 148754K->16313K(153344K), 0.0137749 secs] 772071K->639672K(1031552K), 0.0139446 secs] [Times: user=0.03 sys=0.00, real=0.01 secs] 
2014-07-10T12:09:03.259+0200: 50.138: [GC (Allocation Failure) 50.138: [ParNew: 152633K->17018K(153344K), 0.0168065 secs] 775992K->643594K(1031552K), 0.0169806 secs] [Times: user=0.03 sys=0.00, real=0.02 secs] 
2014-07-10T12:09:03.355+0200: 50.234: [GC (Allocation Failure) 50.234: [ParNew: 153338K->10917K(153344K), 0.0099825 secs] 779914K->637509K(1031552K), 0.0101478 secs] [Times: user=0.03 sys=0.00, real=0.01 secs] 
2014-07-10T12:09:03.482+0200: 50.361: [GC (Allocation Failure) 50.361: [ParNew: 147237K->14809K(153344K), 0.0125481 secs] 773829K->641429K(1031552K), 0.0127080 secs] [Times: user=0.03 sys=0.00, real=0.01 secs] 
2014-07-10T12:09:03.664+0200: 50.543: [GC (Allocation Failure) 50.543: [ParNew: 151129K->17018K(153344K), 0.0159621 secs] 777749K->645352K(1031552K), 0.0161895 secs] [Times: user=0.03 sys=0.00, real=0.02 secs] 
2014-07-10T12:09:03.774+0200: 50.653: [GC (Allocation Failure) 50.653: [ParNew: 153338K->17018K(153344K), 0.0222641 secs] 781672K->650970K(1031552K), 0.0225071 secs] [Times: user=0.03 sys=0.00, real=0.02 secs] 
2014-07-10T12:09:03.881+0200: 50.760: [GC (Allocation Failure) 50.760: [ParNew: 153338K->16992K(153344K), 0.0146452 secs] 787290K->652369K(1031552K), 0.0147992 secs] [Times: user=0.03 sys=0.00, real=0.01 secs] 
2014-07-10T12:09:04.068+0200: 50.947: [GC (Allocation Failure) 50.947: [ParNew: 153312K->17018K(153344K), 0.0237097 secs] 788689K->657698K(1031552K), 0.0239480 secs] [Times: user=0.03 sys=0.00, real=0.02 secs] 
2014-07-10T12:09:04.162+0200: 51.040: [GC (Allocation Failure) 51.040: [ParNew: 153338K->17018K(153344K), 0.0195921 secs] 794018K->666903K(1031552K), 0.0197553 secs] [Times: user=0.03 sys=0.00, real=0.02 secs] 
2014-07-10T12:09:04.315+0200: 51.194: [GC (Allocation Failure) 51.194: [ParNew: 153338K->16996K(153344K), 0.0189171 secs] 803223K->667825K(1031552K), 0.0191012 secs] [Times: user=0.03 sys=0.00, real=0.02 secs] 
2014-07-10T12:09:04.463+0200: 51.342: [GC (Allocation Failure) 51.342: [ParNew: 153316K->16992K(153344K), 0.0253888 secs] 804145K->668582K(1031552K), 0.0256777 secs] [Times: user=0.06 sys=0.00, real=0.02 secs] 
2014-07-10T12:09:04.560+0200: 51.439: [GC (Allocation Failure) 51.439: [ParNew: 153312K->17018K(153344K), 0.0166749 secs] 804902K->673238K(1031552K), 0.0168728 secs] [Times: user=0.03 sys=0.02, real=0.02 secs] 
2014-07-10T12:09:04.685+0200: 51.564: [GC (Allocation Failure) 51.564: [ParNew: 153338K->17018K(153344K), 0.0190370 secs] 809558K->681771K(1031552K), 0.0192255 secs] [Times: user=0.03 sys=0.00, real=0.02 secs] 
2014-07-10T12:09:04.859+0200: 51.738: [GC (Allocation Failure) 51.738: [ParNew: 153338K->17022K(153344K), 0.0162928 secs] 818091K->686081K(1031552K), 0.0164446 secs] [Times: user=0.03 sys=0.00, real=0.02 secs] 
2014-07-10T12:09:04.968+0200: 51.847: [GC (Allocation Failure) 51.848: [ParNew: 153342K->17018K(153344K), 0.0252891 secs] 822401K->694293K(1031552K), 0.0255468 secs] [Times: user=0.03 sys=0.00, real=0.03 secs] 
2014-07-10T12:09:05.098+0200: 51.977: [GC (Allocation Failure) 51.977: [ParNew: 153338K->17018K(153344K), 0.0215125 secs] 830613K->706411K(1031552K), 0.0216742 secs] [Times: user=0.03 sys=0.00, real=0.02 secs] 
2014-07-10T12:09:05.275+0200: 52.154: [GC (Allocation Failure) 52.154: [ParNew: 153338K->17018K(153344K), 0.0283108 secs] 842731K->722435K(1031552K), 0.0285429 secs] [Times: user=0.06 sys=0.00, real=0.03 secs] 
2014-07-10T12:09:05.363+0200: 52.242: [GC (Allocation Failure) 52.242: [ParNew: 153338K->17000K(153344K), 0.0183551 secs] 858755K->729124K(1031552K), 0.0185315 secs] [Times: user=0.03 sys=0.00, real=0.02 secs] 
2014-07-10T12:09:05.515+0200: 52.394: [GC (Allocation Failure) 52.394: [ParNew: 153320K->17018K(153344K), 0.0207268 secs] 865444K->739736K(1031552K), 0.0208746 secs] [Times: user=0.03 sys=0.00, real=0.02 secs] 
2014-07-10T12:09:05.673+0200: 52.552: [GC (Allocation Failure) 52.552: [ParNew: 153338K->17018K(153344K), 0.0246372 secs] 876056K->754223K(1031552K), 0.0248162 secs] [Times: user=0.03 sys=0.00, real=0.02 secs] 
2014-07-10T12:09:05.765+0200: 52.644: [GC (Allocation Failure) 52.644: [ParNew: 153338K->17018K(153344K), 0.0254632 secs] 890543K->772616K(1031552K), 0.0256304 secs] [Times: user=0.03 sys=0.00, real=0.02 secs] 
2014-07-10T12:09:05.887+0200: 52.766: [GC (Allocation Failure) 52.766: [ParNew: 153338K->16996K(153344K), 0.0205178 secs] 908936K->782695K(1031552K), 0.0207378 secs] [Times: user=0.03 sys=0.00, real=0.02 secs] 
2014-07-10T12:09:06.073+0200: 52.952: [GC (Allocation Failure) 52.952: [ParNew: 153316K->17018K(153344K), 0.0312468 secs] 919015K->796700K(1031552K), 0.0314748 secs] [Times: user=0.06 sys=0.00, real=0.03 secs] 
2014-07-10T12:09:06.164+0200: 53.043: [GC (Allocation Failure) 53.044: [ParNew: 153338K->17018K(153344K), 0.0253126 secs] 933020K->814581K(1031552K), 0.0254933 secs] [Times: user=0.06 sys=0.00, real=0.03 secs] 
2014-07-10T12:09:06.192+0200: 53.071: [GC (CMS Initial Mark) [1 CMS-initial-mark: 797563K(878208K)] 822950K(1031552K), 0.0003413 secs] [Times: user=0.00 sys=0.00, real=0.00 secs] 
2014-07-10T12:09:06.192+0200: 53.071: [CMS-concurrent-mark-start]
2014-07-10T12:09:06.207+0200: 53.086: [CMS-concurrent-mark: 0.015/0.015 secs] [Times: user=0.03 sys=0.00, real=0.02 secs] 
2014-07-10T12:09:06.207+0200: 53.086: [CMS-concurrent-preclean-start]
2014-07-10T12:09:06.209+0200: 53.088: [CMS-concurrent-preclean: 0.002/0.002 secs] [Times: user=0.00 sys=0.00, real=0.00 secs] 
2014-07-10T12:09:06.209+0200: 53.088: [CMS-concurrent-abortable-preclean-start]
2014-07-10T12:09:06.301+0200: 53.180: [GC (Allocation Failure) 53.180: [ParNew2014-07-10T12:09:06.331+0200: 53.210: [CMS-concurrent-abortable-preclean: 0.002/0.122 secs] [Times: user=0.11 sys=0.00, real=0.12 secs] 
: 153338K->17018K(153344K), 0.0298294 secs] 950901K->836368K(1031552K), 0.0299617 secs] [Times: user=0.06 sys=0.00, real=0.03 secs] 
2014-07-10T12:09:06.332+0200: 53.211: [GC (CMS Final Remark) [YG occupancy: 22608 K (153344 K)]53.211: [Rescan (parallel) , 0.0013807 secs]53.213: [weak refs processing, 0.0000304 secs]53.213: [class unloading, 0.0004927 secs]53.213: [scrub symbol table, 0.0005686 secs]53.214: [scrub string table, 0.0001609 secs][1 CMS-remark: 819350K(878208K)] 841958K(1031552K), 0.0027875 secs] [Times: user=0.00 sys=0.00, real=0.00 secs] 
2014-07-10T12:09:06.335+0200: 53.214: [CMS-concurrent-sweep-start]
2014-07-10T12:09:06.348+0200: 53.227: [CMS-concurrent-sweep: 0.013/0.013 secs] [Times: user=0.02 sys=0.00, real=0.01 secs] 
2014-07-10T12:09:06.348+0200: 53.227: [CMS-concurrent-reset-start]
2014-07-10T12:09:06.354+0200: 53.233: [CMS-concurrent-reset: 0.006/0.006 secs] [Times: user=0.00 sys=0.00, real=0.01 secs] 
2014-07-10T12:09:06.472+0200: 53.351: [GC (Allocation Failure) 53.351: [ParNew: 153338K->16996K(153344K), 0.0262313 secs] 194483K->71636K(1031552K), 0.0264583 secs] [Times: user=0.06 sys=0.00, real=0.03 secs] 
2014-07-10T12:09:06.568+0200: 53.447: [GC (Allocation Failure) 53.447: [ParNew: 153316K->17018K(153344K), 0.0232796 secs] 207956K->89035K(1031552K), 0.0234567 secs] [Times: user=0.06 sys=0.00, real=0.02 secs] 
2014-07-10T12:09:06.690+0200: 53.569: [GC (Allocation Failure) 53.570: [ParNew: 153338K->17018K(153344K), 0.0260059 secs] 225355K->110309K(1031552K), 0.0261635 secs] [Times: user=0.06 sys=0.00, real=0.03 secs] 
2014-07-10T12:09:06.874+0200: 53.753: [GC (Allocation Failure) 53.753: [ParNew: 153338K->17022K(153344K), 0.0242420 secs] 246629K->127362K(1031552K), 0.0244371 secs] [Times: user=0.03 sys=0.00, real=0.02 secs] 
2014-07-10T12:09:06.966+0200: 53.846: [GC (Allocation Failure) 53.846: [ParNew: 153342K->17018K(153344K), 0.0254823 secs] 263682K->148316K(1031552K), 0.0256609 secs] [Times: user=0.03 sys=0.00, real=0.03 secs] 
2014-07-10T12:09:07.108+0200: 53.987: [GC (Allocation Failure) 53.987: [ParNew: 153338K->17018K(153344K), 0.0288175 secs] 284636K->173176K(1031552K), 0.0291581 secs] [Times: user=0.06 sys=0.00, real=0.03 secs] 
2014-07-10T12:09:07.283+0200: 54.162: [GC (Allocation Failure) 54.163: [ParNew: 153338K->17018K(153344K), 0.0367429 secs] 309496K->201942K(1031552K), 0.0369738 secs] [Times: user=0.06 sys=0.00, real=0.04 secs] 
2014-07-10T12:09:07.370+0200: 54.249: [GC (Allocation Failure) 54.249: [ParNew: 153338K->17004K(153344K), 0.0235088 secs] 338262K->217280K(1031552K), 0.0236686 secs] [Times: user=0.01 sys=0.00, real=0.02 secs] 
2014-07-10T12:09:07.518+0200: 54.397: [GC (Allocation Failure) 54.397: [ParNew: 153324K->17018K(153344K), 0.0250680 secs] 353600K->236536K(1031552K), 0.0252598 secs] [Times: user=0.06 sys=0.00, real=0.03 secs] 
2014-07-10T12:09:07.688+0200: 54.567: [GC (Allocation Failure) 54.567: [ParNew: 153338K->17018K(153344K), 0.0276065 secs] 372856K->259667K(1031552K), 0.0277767 secs] [Times: user=0.06 sys=0.00, real=0.03 secs] 
2014-07-10T12:09:07.769+0200: 54.648: [GC (Allocation Failure) 54.648: [ParNew: 153338K->17022K(153344K), 0.0247641 secs] 395987K->278577K(1031552K), 0.0249305 secs] [Times: user=0.06 sys=0.00, real=0.02 secs] 
2014-07-10T12:09:07.917+0200: 54.796: [GC (Allocation Failure) 54.796: [ParNew: 153342K->17018K(153344K), 0.0273231 secs] 414897K->301388K(1031552K), 0.0275303 secs] [Times: user=0.03 sys=0.00, real=0.03 secs] 
2014-07-10T12:09:08.084+0200: 54.963: [GC (Allocation Failure) 54.963: [ParNew: 153338K->17018K(153344K), 0.0386236 secs] 437708K->328105K(1031552K), 0.0388319 secs] [Times: user=0.09 sys=0.00, real=0.04 secs] 
2014-07-10T12:09:08.172+0200: 55.051: [GC (Allocation Failure) 55.051: [ParNew: 153338K->17018K(153344K), 0.0324544 secs] 464425K->358728K(1031552K), 0.0326168 secs] [Times: user=0.05 sys=0.00, real=0.03 secs] 
2014-07-10T12:09:08.309+0200: 55.188: [GC (Allocation Failure) 55.189: [ParNew: 153338K->17018K(153344K), 0.0350974 secs] 495048K->393257K(1031552K), 0.0352936 secs] [Times: user=0.06 sys=0.00, real=0.04 secs] 
2014-07-10T12:09:08.472+0200: 55.351: [GC (Allocation Failure) 55.352: [ParNew: 153338K->16996K(153344K), 0.0322840 secs] 529577K->419472K(1031552K), 0.0324354 secs] [Times: user=0.06 sys=0.00, real=0.03 secs] 
2014-07-10T12:09:08.574+0200: 55.453: [GC (Allocation Failure) 55.453: [ParNew: 153316K->17018K(153344K), 0.0317989 secs] 555792K->449613K(1031552K), 0.0319672 secs] [Times: user=0.06 sys=0.00, real=0.03 secs] 
2014-07-10T12:09:08.729+0200: 55.608: [GC (Allocation Failure) 55.608: [ParNew: 153338K->17018K(153344K), 0.0343935 secs] 585933K->483630K(1031552K), 0.0345585 secs] [Times: user=0.05 sys=0.00, real=0.03 secs] 
2014-07-10T12:09:08.882+0200: 55.760: [GC (Allocation Failure) 55.760: [ParNew: 153338K->16996K(153344K), 0.0317560 secs] 619950K->509365K(1031552K), 0.0319903 secs] [Times: user=0.06 sys=0.00, real=0.03 secs] 
2014-07-10T12:09:08.969+0200: 55.847: [GC (Allocation Failure) 55.847: [ParNew: 153316K->17018K(153344K), 0.0322253 secs] 645685K->539025K(1031552K), 0.0323613 secs] [Times: user=0.06 sys=0.00, real=0.03 secs] 
2014-07-10T12:09:09.129+0200: 56.007: [GC (Allocation Failure) 56.007: [ParNew: 153338K->17018K(153344K), 0.0338311 secs] 675345K->572562K(1031552K), 0.0339910 secs] [Times: user=0.06 sys=0.00, real=0.03 secs] 
2014-07-10T12:09:09.292+0200: 56.170: [GC (Allocation Failure) 56.170: [ParNew: 153338K->17018K(153344K), 0.0430111 secs] 708882K->610004K(1031552K), 0.0432358 secs] [Times: user=0.05 sys=0.00, real=0.04 secs] 
2014-07-10T12:09:09.389+0200: 56.268: [GC (Allocation Failure) 56.268: [ParNew: 153338K->17000K(153344K), 0.0310825 secs] 746324K->638144K(1031552K), 0.0312361 secs] [Times: user=0.06 sys=0.00, real=0.03 secs] 
2014-07-10T12:09:09.492+0200: 56.372: [GC (Allocation Failure) 56.372: [ParNew: 153320K->17018K(153344K), 0.0344203 secs] 774464K->670206K(1031552K), 0.0345831 secs] [Times: user=0.06 sys=0.00, real=0.03 secs] 
2014-07-10T12:09:09.690+0200: 56.569: [GC (Allocation Failure) 56.569: [ParNew: 153338K->17018K(153344K), 0.0376946 secs] 806526K->706144K(1031552K), 0.0379010 secs] [Times: user=0.09 sys=0.00, real=0.04 secs] 
2014-07-10T12:09:09.785+0200: 56.664: [GC (Allocation Failure) 56.664: [ParNew: 153338K->17018K(153344K), 0.0385807 secs] 842464K->745987K(1031552K), 0.0387505 secs] [Times: user=0.09 sys=0.00, real=0.04 secs] 
2014-07-10T12:09:09.824+0200: 56.703: [GC (CMS Initial Mark) [1 CMS-initial-mark: 728969K(878208K)] 746019K(1031552K), 0.0003380 secs] [Times: user=0.00 sys=0.00, real=0.00 secs] 
2014-07-10T12:09:09.824+0200: 56.703: [CMS-concurrent-mark-start]
2014-07-10T12:09:09.835+0200: 56.715: [CMS-concurrent-mark: 0.012/0.012 secs] [Times: user=0.02 sys=0.00, real=0.01 secs] 
2014-07-10T12:09:09.836+0200: 56.715: [CMS-concurrent-preclean-start]
2014-07-10T12:09:09.838+0200: 56.717: [CMS-concurrent-preclean: 0.002/0.002 secs] [Times: user=0.00 sys=0.00, real=0.00 secs] 
2014-07-10T12:09:09.838+0200: 56.717: [CMS-concurrent-abortable-preclean-start]
2014-07-10T12:09:09.893+0200: 56.773: [GC (Allocation Failure) 56.773: [ParNew: 153338K->17022K(153344K), 0.0360609 secs] 882307K->781609K(1031552K), 0.0362413 secs] [Times: user=0.09 sys=0.00, real=0.04 secs] 
2014-07-10T12:09:10.074+0200: 56.954: [GC (Allocation Failure) 56.954: [ParNew: 153342K->17018K(153344K), 0.0398383 secs] 917929K->821132K(1031552K), 0.0400275 secs] [Times: user=0.06 sys=0.00, real=0.04 secs] 
2014-07-10T12:09:10.115+0200: 56.994: [CMS-concurrent-abortable-preclean: 0.019/0.277 secs] [Times: user=0.23 sys=0.00, real=0.28 secs] 
2014-07-10T12:09:10.133+0200: 57.012: [GC (CMS Final Remark) [YG occupancy: 58732 K (153344 K)]57.012: [Rescan (parallel) , 0.0016942 secs]57.014: [weak refs processing, 0.0000315 secs]57.014: [class unloading, 0.0004920 secs]57.015: [scrub symbol table, 0.0006196 secs]57.015: [scrub string table, 0.0002577 secs][1 CMS-remark: 804114K(878208K)] 862847K(1031552K), 0.0033048 secs] [Times: user=0.00 sys=0.00, real=0.00 secs] 
2014-07-10T12:09:10.143+0200: 57.022: [CMS-concurrent-sweep-start]
2014-07-10T12:09:10.155+0200: 57.035: [CMS-concurrent-sweep: 0.012/0.012 secs] [Times: user=0.03 sys=0.00, real=0.01 secs] 
2014-07-10T12:09:10.156+0200: 57.035: [CMS-concurrent-reset-start]
2014-07-10T12:09:10.161+0200: 57.040: [CMS-concurrent-reset: 0.005/0.005 secs] [Times: user=0.00 sys=0.00, real=0.01 secs] 
2014-07-10T12:09:10.180+0200: 57.059: [GC (Allocation Failure) 57.060: [ParNew: 153338K->17018K(153344K), 0.0400003 secs] 269865K->176975K(1031552K), 0.0401624 secs] [Times: user=0.06 sys=0.00, real=0.04 secs] 
2014-07-10T12:09:10.299+0200: 57.178: [GC (Allocation Failure) 57.178: [ParNew: 153338K->17000K(153344K), 0.0329978 secs] 313295K->208028K(1031552K), 0.0331602 secs] [Times: user=0.06 sys=0.00, real=0.03 secs] 
2014-07-10T12:09:10.488+0200: 57.367: [GC (Allocation Failure) 57.367: [ParNew: 153320K->17018K(153344K), 0.0444570 secs] 344348K->243003K(1031552K), 0.0446924 secs] [Times: user=0.06 sys=0.00, real=0.05 secs] 
2014-07-10T12:09:10.582+0200: 57.461: [GC (Allocation Failure) 57.461: [ParNew: 153338K->17018K(153344K), 0.0372165 secs] 379323K->281854K(1031552K), 0.0373749 secs] [Times: user=0.09 sys=0.00, real=0.04 secs] 
2014-07-10T12:09:10.714+0200: 57.594: [GC (Allocation Failure) 57.594: [ParNew: 153338K->17018K(153344K), 0.0394537 secs] 418174K->324611K(1031552K), 0.0396238 secs] [Times: user=0.06 sys=0.00, real=0.04 secs] 
2014-07-10T12:09:10.890+0200: 57.769: [GC (Allocation Failure) 57.769: [ParNew: 153338K->17022K(153344K), 0.0401748 secs] 460931K->363146K(1031552K), 0.0403985 secs] [Times: user=0.09 sys=0.00, real=0.04 secs] 
2014-07-10T12:09:10.988+0200: 57.868: [GC (Allocation Failure) 57.868: [ParNew: 153342K->17018K(153344K), 0.0399281 secs] 499466K->405583K(1031552K), 0.0400912 secs] [Times: user=0.06 sys=0.02, real=0.04 secs] 
2014-07-10T12:09:11.101+0200: 57.981: [GC (Allocation Failure) 57.981: [ParNew: 153338K->17018K(153344K), 0.0419090 secs] 541903K->451926K(1031552K), 0.0420699 secs] [Times: user=0.06 sys=0.00, real=0.04 secs] 
2014-07-10T12:09:11.292+0200: 58.172: [GC (Allocation Failure) 58.172: [ParNew: 153338K->1690K(153344K), 0.0053546 secs] 588246K->436615K(1031552K), 0.0055316 secs] [Times: user=0.00 sys=0.00, real=0.01 secs] 
2014-07-10T12:09:11.373+0200: 58.252: [GC (Allocation Failure) 58.252: [ParNew: 138010K->17016K(153344K), 0.0385060 secs] 572935K->492888K(1031552K), 0.0386544 secs] [Times: user=0.09 sys=0.00, real=0.04 secs] 
2014-07-10T12:09:11.497+0200: 58.376: [GC (Allocation Failure) 58.376: [ParNew: 153336K->17018K(153344K), 0.0447030 secs] 629208K->537756K(1031552K), 0.0448526 secs] [Times: user=0.06 sys=0.00, real=0.05 secs] 
2014-07-10T12:09:11.686+0200: 58.565: [GC (Allocation Failure) 58.565: [ParNew: 153338K->186K(153344K), 0.0048156 secs] 674076K->520940K(1031552K), 0.0049931 secs] [Times: user=0.00 sys=0.02, real=0.00 secs] 
2014-07-10T12:09:11.782+0200: 58.662: [GC (Allocation Failure) 58.662: [ParNew: 136506K->4166K(153344K), 0.0056042 secs] 657260K->524920K(1031552K), 0.0057564 secs] [Times: user=0.03 sys=0.00, real=0.01 secs] 
2014-07-10T12:09:11.914+0200: 58.794: [GC (Allocation Failure) 58.794: [ParNew: 140486K->16996K(153344K), 0.0407944 secs] 661240K->582156K(1031552K), 0.0409858 secs] [Times: user=0.08 sys=0.00, real=0.04 secs] 
2014-07-10T12:09:12.076+0200: 58.955: [GC (Allocation Failure) 58.955: [ParNew: 153316K->17018K(153344K), 0.0435218 secs] 718476K->630482K(1031552K), 0.0436732 secs] [Times: user=0.09 sys=0.00, real=0.04 secs] 
2014-07-10T12:09:12.254+0200: 59.133: [GC (Allocation Failure) 59.133: [ParNew: 153338K->3611K(153344K), 0.0136733 secs] 766802K->617092K(1031552K), 0.0139065 secs] [Times: user=0.00 sys=0.00, real=0.01 secs] 
2014-07-10T12:09:12.323+0200: 59.203: [GC (Allocation Failure) 59.203: [ParNew: 139931K->3498K(153344K), 0.0055492 secs] 753412K->616979K(1031552K), 0.0057406 secs] [Times: user=0.00 sys=0.00, real=0.01 secs] 
2014-07-10T12:09:12.493+0200: 59.372: [GC (Allocation Failure) 59.372: [ParNew: 139818K->16996K(153344K), 0.0448900 secs] 753299K->678308K(1031552K), 0.0450407 secs] [Times: user=0.09 sys=0.00, real=0.05 secs] 
2014-07-10T12:09:12.654+0200: 59.533: [GC (Allocation Failure) 59.533: [ParNew: 153316K->3131K(153344K), 0.0105870 secs] 814628K->664500K(1031552K), 0.0109900 secs] [Times: user=0.03 sys=0.00, real=0.01 secs] 
2014-07-10T12:09:12.758+0200: 59.637: [GC (Allocation Failure) 59.637: [ParNew: 139451K->7131K(153344K), 0.0142313 secs] 800820K->668500K(1031552K), 0.0144865 secs] [Times: user=0.03 sys=0.00, real=0.01 secs] 
2014-07-10T12:09:12.899+0200: 59.778: [GC (Allocation Failure) 59.778: [ParNew: 143451K->2879K(153344K), 0.0072497 secs] 804820K->664248K(1031552K), 0.0074616 secs] [Times: user=0.00 sys=0.00, real=0.01 secs] 
2014-07-10T12:09:13.054+0200: 59.934: [GC (Allocation Failure) 59.934: [ParNew: 139199K->6801K(153344K), 0.0084753 secs] 800568K->668169K(1031552K), 0.0086615 secs] [Times: user=0.00 sys=0.00, real=0.01 secs] 
2014-07-10T12:09:13.155+0200: 60.034: [GC (Allocation Failure) 60.034: [ParNew: 143121K->10723K(153344K), 0.0102816 secs] 804489K->672091K(1031552K), 0.0104422 secs] [Times: user=0.01 sys=0.00, real=0.01 secs] 
2014-07-10T12:09:13.288+0200: 60.167: [GC (Allocation Failure) 60.167: [ParNew: 147043K->14553K(153344K), 0.0131765 secs] 808411K->676014K(1031552K), 0.0133382 secs] [Times: user=0.03 sys=0.00, real=0.01 secs] 
2014-07-10T12:09:13.453+0200: 60.332: [GC (Allocation Failure) 60.332: [ParNew: 150873K->1124K(153344K), 0.0088844 secs] 812334K->662602K(1031552K), 0.0092016 secs] [Times: user=0.03 sys=0.00, real=0.01 secs] 
2014-07-10T12:09:13.553+0200: 60.433: [GC (Allocation Failure) 60.433: [ParNew: 137444K->5046K(153344K), 0.0062847 secs] 798922K->666524K(1031552K), 0.0064577 secs] [Times: user=0.00 sys=0.00, real=0.01 secs] 
2014-07-10T12:09:13.694+0200: 60.573: [GC (Allocation Failure) 60.573: [ParNew: 141366K->8968K(153344K), 0.0100041 secs] 802844K->670446K(1031552K), 0.0101929 secs] [Times: user=0.03 sys=0.00, real=0.01 secs] 
2014-07-10T12:09:13.854+0200: 60.733: [GC (Allocation Failure) 60.733: [ParNew: 145288K->4696K(153344K), 0.0109610 secs] 806766K->666238K(1031552K), 0.0111678 secs] [Times: user=0.03 sys=0.00, real=0.01 secs] 
2014-07-10T12:09:13.957+0200: 60.836: [GC (Allocation Failure) 60.836: [ParNew: 141016K->8618K(153344K), 0.0157216 secs] 802558K->670160K(1031552K), 0.0161227 secs] [Times: user=0.03 sys=0.00, real=0.02 secs] 
2014-07-10T12:09:14.090+0200: 60.970: [GC (Allocation Failure) 60.970: [ParNew: 144938K->12504K(153344K), 0.0132623 secs] 806480K->674082K(1031552K), 0.0134134 secs] [Times: user=0.03 sys=0.00, real=0.01 secs] 
2014-07-10T12:09:14.264+0200: 61.143: [GC (Allocation Failure) 61.144: [ParNew: 148824K->16410K(153344K), 0.0214608 secs] 810402K->678004K(1031552K), 0.0216830 secs] [Times: user=0.06 sys=0.00, real=0.02 secs] 
2014-07-10T12:09:14.354+0200: 61.233: [GC (Allocation Failure) 61.234: [ParNew: 152730K->8096K(153344K), 0.0087525 secs] 814324K->669706K(1031552K), 0.0089112 secs] [Times: user=0.03 sys=0.00, real=0.01 secs] 
2014-07-10T12:09:14.501+0200: 61.380: [GC (Allocation Failure) 61.380: [ParNew: 144416K->12015K(153344K), 0.0113999 secs] 806026K->673626K(1031552K), 0.0115648 secs] [Times: user=0.00 sys=0.00, real=0.01 secs] 
2014-07-10T12:09:14.659+0200: 61.538: [GC (Allocation Failure) 61.538: [ParNew: 148335K->15897K(153344K), 0.0129173 secs] 809946K->677549K(1031552K), 0.0131212 secs] [Times: user=0.03 sys=0.00, real=0.01 secs] 
2014-07-10T12:09:14.763+0200: 61.642: [GC (Allocation Failure) 61.642: [ParNew: 152217K->17018K(153344K), 0.0154335 secs] 813869K->681471K(1031552K), 0.0155875 secs] [Times: user=0.03 sys=0.00, real=0.02 secs] 
2014-07-10T12:09:14.888+0200: 61.769: [GC (Allocation Failure) 61.769: [ParNew: 153338K->11519K(153344K), 0.0158401 secs] 817791K->675988K(1031552K), 0.0159926 secs] [Times: user=0.03 sys=0.00, real=0.02 secs] 
2014-07-10T12:09:15.058+0200: 61.938: [GC (Allocation Failure) 61.939: [ParNew: 147839K->15417K(153344K), 0.0196537 secs] 812308K->679910K(1031552K), 0.0197791 secs] [Times: user=0.05 sys=0.00, real=0.02 secs] 
2014-07-10T12:09:15.159+0200: 62.039: [GC (Allocation Failure) 62.039: [ParNew: 151737K->17018K(153344K), 0.0152828 secs] 816230K->683832K(1031552K), 0.0154173 secs] [Times: user=0.03 sys=0.00, real=0.02 secs] 
2014-07-10T12:09:15.314+0200: 62.194: [GC (Allocation Failure) 62.194: [ParNew: 153338K->17018K(153344K), 0.0188508 secs] 820152K->690059K(1031552K), 0.0190440 secs] [Times: user=0.03 sys=0.00, real=0.02 secs] 
2014-07-10T12:09:15.462+0200: 62.342: [GC (Allocation Failure) 62.343: [ParNew: 153338K->13926K(153344K), 0.0226369 secs] 826379K->686984K(1031552K), 0.0228646 secs] [Times: user=0.06 sys=0.00, real=0.02 secs] 
2014-07-10T12:09:15.558+0200: 62.439: [GC (Allocation Failure) 62.439: [ParNew: 150246K->17018K(153344K), 0.0143879 secs] 823304K->690904K(1031552K), 0.0145440 secs] [Times: user=0.03 sys=0.00, real=0.01 secs] 
2014-07-10T12:09:15.704+0200: 62.584: [GC (Allocation Failure) 62.585: [ParNew: 153338K->17018K(153344K), 0.0179185 secs] 827224K->695627K(1031552K), 0.0181223 secs] [Times: user=0.03 sys=0.00, real=0.02 secs] 
2014-07-10T12:09:15.863+0200: 62.744: [GC (Allocation Failure) 62.744: [ParNew: 153338K->17022K(153344K), 0.0248774 secs] 831947K->696127K(1031552K), 0.0251824 secs] [Times: user=0.06 sys=0.00, real=0.03 secs] 
2014-07-10T12:09:15.959+0200: 62.840: [GC (Allocation Failure) 62.840: [ParNew: 153342K->17018K(153344K), 0.0166690 secs] 832447K->700530K(1031552K), 0.0168299 secs] [Times: user=0.03 sys=0.00, real=0.02 secs] 
2014-07-10T12:09:16.101+0200: 62.982: [GC (Allocation Failure) 62.982: [ParNew: 153338K->17018K(153344K), 0.0191206 secs] 836850K->708838K(1031552K), 0.0192955 secs] [Times: user=0.05 sys=0.00, real=0.02 secs] 
2014-07-10T12:09:16.262+0200: 63.143: [GC (Allocation Failure) 63.143: [ParNew: 153338K->17018K(153344K), 0.0232892 secs] 845158K->721052K(1031552K), 0.0234769 secs] [Times: user=0.03 sys=0.00, real=0.02 secs] 
2014-07-10T12:09:16.358+0200: 63.239: [GC (Allocation Failure) 63.239: [ParNew: 153338K->16808K(153344K), 0.0137529 secs] 857372K->720858K(1031552K), 0.0139109 secs] [Times: user=0.03 sys=0.00, real=0.01 secs] 
2014-07-10T12:09:16.482+0200: 63.363: [GC (Allocation Failure) 63.363: [ParNew: 153128K->17018K(153344K), 0.0163350 secs] 857178K->724778K(1031552K), 0.0164894 secs] [Times: user=0.03 sys=0.00, real=0.02 secs] 
2014-07-10T12:09:16.668+0200: 63.549: [GC (Allocation Failure) 63.549: [ParNew: 153338K->17018K(153344K), 0.0255234 secs] 861098K->732382K(1031552K), 0.0257551 secs] [Times: user=0.03 sys=0.00, real=0.03 secs] 
2014-07-10T12:09:16.763+0200: 63.643: [GC (Allocation Failure) 63.643: [ParNew: 153338K->17022K(153344K), 0.0159002 secs] 868702K->735764K(1031552K), 0.0160600 secs] [Times: user=0.03 sys=0.00, real=0.02 secs] 
2014-07-10T12:09:16.917+0200: 63.798: [GC (Allocation Failure) 63.798: [ParNew: 153342K->17018K(153344K), 0.0218348 secs] 872084K->743047K(1031552K), 0.0221438 secs] [Times: user=0.03 sys=0.00, real=0.02 secs] 
2014-07-10T12:09:17.062+0200: 63.943: [GC (Allocation Failure) 63.943: [ParNew: 153338K->17018K(153344K), 0.0213372 secs] 879367K->754237K(1031552K), 0.0215052 secs] [Times: user=0.03 sys=0.00, real=0.02 secs] 
2014-07-10T12:09:17.163+0200: 64.044: [GC (Allocation Failure) 64.044: [ParNew: 153338K->17018K(153344K), 0.0233288 secs] 890557K->769333K(1031552K), 0.0234967 secs] [Times: user=0.06 sys=0.00, real=0.02 secs] 
2014-07-10T12:09:17.303+0200: 64.183: [GC (Allocation Failure) 64.184: [ParNew: 153338K->17018K(153344K), 0.0262581 secs] 905653K->788334K(1031552K), 0.0265844 secs] [Times: user=0.06 sys=0.00, real=0.03 secs] 
2014-07-10T12:09:17.470+0200: 64.350: [GC (Allocation Failure) 64.350: [ParNew: 153338K->17000K(153344K), 0.0310257 secs] 924654K->798001K(1031552K), 0.0312343 secs] [Times: user=0.06 sys=0.00, real=0.03 secs] 
2014-07-10T12:09:17.564+0200: 64.445: [GC (Allocation Failure) 64.445: [ParNew: 153320K->17018K(153344K), 0.0249441 secs] 934321K->811590K(1031552K), 0.0250966 secs] [Times: user=0.05 sys=0.00, real=0.03 secs] 
2014-07-10T12:09:17.724+0200: 64.604: [GC (Allocation Failure) 64.604: [ParNew: 153338K->17018K(153344K), 0.0290404 secs] 947910K->829054K(1031552K), 0.0292743 secs] [Times: user=0.06 sys=0.00, real=0.03 secs] 
2014-07-10T12:09:17.754+0200: 64.635: [GC (CMS Initial Mark) [1 CMS-initial-mark: 812036K(878208K)] 834644K(1031552K), 0.0003472 secs] [Times: user=0.00 sys=0.00, real=0.00 secs] 
2014-07-10T12:09:17.755+0200: 64.635: [CMS-concurrent-mark-start]
2014-07-10T12:09:17.770+0200: 64.651: [CMS-concurrent-mark: 0.016/0.016 secs] [Times: user=0.03 sys=0.00, real=0.02 secs] 
2014-07-10T12:09:17.771+0200: 64.651: [CMS-concurrent-preclean-start]
2014-07-10T12:09:17.773+0200: 64.654: [CMS-concurrent-preclean: 0.002/0.003 secs] [Times: user=0.00 sys=0.00, real=0.00 secs] 
2014-07-10T12:09:17.773+0200: 64.654: [CMS-concurrent-abortable-preclean-start]
2014-07-10T12:09:17.869+0200: 64.750: [GC (Allocation Failure) 64.750: [ParNew2014-07-10T12:09:17.895+0200: 64.776: [CMS-concurrent-abortable-preclean: 0.003/0.122 secs] [Times: user=0.11 sys=0.00, real=0.12 secs] 
: 153338K->16996K(153344K), 0.0256986 secs] 965374K->838237K(1031552K), 0.0258852 secs] [Times: user=0.03 sys=0.00, real=0.03 secs] 
2014-07-10T12:09:17.896+0200: 64.777: [GC (CMS Final Remark) [YG occupancy: 22586 K (153344 K)]64.777: [Rescan (parallel) , 0.0017382 secs]64.779: [weak refs processing, 0.0000429 secs]64.779: [class unloading, 0.0005397 secs]64.779: [scrub symbol table, 0.0006134 secs]64.780: [scrub string table, 0.0001888 secs][1 CMS-remark: 821241K(878208K)] 843827K(1031552K), 0.0032945 secs] [Times: user=0.00 sys=0.00, real=0.00 secs] 
2014-07-10T12:09:17.900+0200: 64.780: [CMS-concurrent-sweep-start]
2014-07-10T12:09:17.913+0200: 64.794: [CMS-concurrent-sweep: 0.013/0.013 secs] [Times: user=0.00 sys=0.00, real=0.01 secs] 
2014-07-10T12:09:17.913+0200: 64.794: [CMS-concurrent-reset-start]
2014-07-10T12:09:17.919+0200: 64.799: [CMS-concurrent-reset: 0.006/0.006 secs] [Times: user=0.03 sys=0.00, real=0.01 secs] 
2014-07-10T12:09:17.962+0200: 64.843: [GC (Allocation Failure) 64.843: [ParNew: 153316K->17018K(153344K), 0.0208797 secs] 181626K->58414K(1031552K), 0.0210421 secs] [Times: user=0.03 sys=0.00, real=0.02 secs] 
2014-07-10T12:09:18.103+0200: 64.984: [GC (Allocation Failure) 64.984: [ParNew: 153338K->17018K(153344K), 0.0236243 secs] 194734K->75399K(1031552K), 0.0237647 secs] [Times: user=0.03 sys=0.00, real=0.02 secs] 
2014-07-10T12:09:18.278+0200: 65.158: [GC (Allocation Failure) 65.158: [ParNew: 153338K->17018K(153344K), 0.0372514 secs] 211719K->96289K(1031552K), 0.0375080 secs] [Times: user=0.06 sys=0.00, real=0.04 secs] 
2014-07-10T12:09:18.366+0200: 65.247: [GC (Allocation Failure) 65.247: [ParNew: 153338K->16996K(153344K), 0.0209068 secs] 232609K->108898K(1031552K), 0.0210637 secs] [Times: user=0.03 sys=0.02, real=0.02 secs] 
2014-07-10T12:09:18.505+0200: 65.386: [GC (Allocation Failure) 65.386: [ParNew: 153316K->17018K(153344K), 0.0235821 secs] 245218K->125432K(1031552K), 0.0237621 secs] [Times: user=0.06 sys=0.00, real=0.02 secs] 
2014-07-10T12:09:18.677+0200: 65.558: [GC (Allocation Failure) 65.558: [ParNew: 153338K->17018K(153344K), 0.0326986 secs] 261752K->145842K(1031552K), 0.0329244 secs] [Times: user=0.06 sys=0.00, real=0.03 secs] 
2014-07-10T12:09:18.768+0200: 65.648: [GC (Allocation Failure) 65.649: [ParNew: 153338K->17018K(153344K), 0.0277437 secs] 282162K->170158K(1031552K), 0.0278954 secs] [Times: user=0.06 sys=0.00, real=0.03 secs] 
2014-07-10T12:09:18.888+0200: 65.768: [GC (Allocation Failure) 65.768: [ParNew: 153338K->17022K(153344K), 0.0253159 secs] 306478K->190252K(1031552K), 0.0254786 secs] [Times: user=0.05 sys=0.00, real=0.03 secs] 
2014-07-10T12:09:19.081+0200: 65.960: [GC (Allocation Failure) 65.960: [ParNew: 153342K->17018K(153344K), 0.0296787 secs] 326572K->214248K(1031552K), 0.0298840 secs] [Times: user=0.06 sys=0.00, real=0.03 secs] 
2014-07-10T12:09:19.172+0200: 66.052: [GC (Allocation Failure) 66.052: [ParNew: 153338K->17018K(153344K), 0.0306708 secs] 350568K->242150K(1031552K), 0.0308233 secs] [Times: user=0.06 sys=0.00, real=0.03 secs] 
2014-07-10T12:09:19.292+0200: 66.172: [GC (Allocation Failure) 66.172: [ParNew: 153338K->17018K(153344K), 0.0333941 secs] 378470K->273957K(1031552K), 0.0335543 secs] [Times: user=0.05 sys=0.00, real=0.03 secs] 
2014-07-10T12:09:19.475+0200: 66.354: [GC (Allocation Failure) 66.354: [ParNew: 153338K->17004K(153344K), 0.0264821 secs] 410277K->292336K(1031552K), 0.0266650 secs] [Times: user=0.06 sys=0.00, real=0.03 secs] 
2014-07-10T12:09:19.566+0200: 66.446: [GC (Allocation Failure) 66.446: [ParNew: 153324K->17018K(153344K), 0.0271849 secs] 428656K->314634K(1031552K), 0.0273305 secs] [Times: user=0.06 sys=0.00, real=0.03 secs] 
2014-07-10T12:09:19.715+0200: 66.595: [GC (Allocation Failure) 66.595: [ParNew: 153338K->17018K(153344K), 0.0297462 secs] 450954K->340806K(1031552K), 0.0299511 secs] [Times: user=0.06 sys=0.00, real=0.03 secs] 
2014-07-10T12:09:19.867+0200: 66.747: [GC (Allocation Failure) 66.747: [ParNew: 153338K->17022K(153344K), 0.0266804 secs] 477126K->362757K(1031552K), 0.0268392 secs] [Times: user=0.03 sys=0.00, real=0.03 secs] 
2014-07-10T12:09:19.972+0200: 66.852: [GC (Allocation Failure) 66.852: [ParNew: 153342K->17018K(153344K), 0.0342007 secs] 499077K->388610K(1031552K), 0.0343708 secs] [Times: user=0.08 sys=0.00, real=0.03 secs] 
2014-07-10T12:09:20.111+0200: 66.991: [GC (Allocation Failure) 66.991: [ParNew: 153338K->17018K(153344K), 0.0333061 secs] 524930K->418369K(1031552K), 0.0334792 secs] [Times: user=0.05 sys=0.00, real=0.03 secs] 
2014-07-10T12:09:20.278+0200: 67.158: [GC (Allocation Failure) 67.158: [ParNew: 153338K->17018K(153344K), 0.0412135 secs] 554689K->452033K(1031552K), 0.0414122 secs] [Times: user=0.08 sys=0.00, real=0.04 secs] 
2014-07-10T12:09:20.370+0200: 67.250: [GC (Allocation Failure) 67.250: [ParNew: 153338K->16996K(153344K), 0.0296252 secs] 588353K->477416K(1031552K), 0.0297924 secs] [Times: user=0.06 sys=0.00, real=0.03 secs] 
2014-07-10T12:09:20.494+0200: 67.374: [GC (Allocation Failure) 67.374: [ParNew: 153316K->17018K(153344K), 0.0321798 secs] 613736K->506724K(1031552K), 0.0323400 secs] [Times: user=0.06 sys=0.00, real=0.03 secs] 
2014-07-10T12:09:20.688+0200: 67.568: [GC (Allocation Failure) 67.568: [ParNew: 153338K->17018K(153344K), 0.0479891 secs] 643044K->539909K(1031552K), 0.0482248 secs] [Times: user=0.06 sys=0.00, real=0.05 secs] 
2014-07-10T12:09:20.798+0200: 67.678: [GC (Allocation Failure) 67.678: [ParNew: 153338K->17018K(153344K), 0.0501335 secs] 676229K->576999K(1031552K), 0.0502754 secs] [Times: user=0.09 sys=0.00, real=0.05 secs] 
2014-07-10T12:09:20.905+0200: 67.785: [GC (Allocation Failure) 67.785: [ParNew: 153338K->16996K(153344K), 0.0311470 secs] 713319K->605807K(1031552K), 0.0313014 secs] [Times: user=0.05 sys=0.00, real=0.03 secs] 
2014-07-10T12:09:21.069+0200: 67.948: [GC (Allocation Failure) 67.948: [ParNew: 153316K->17018K(153344K), 0.0346124 secs] 742127K->638541K(1031552K), 0.0347634 secs] [Times: user=0.06 sys=0.00, real=0.03 secs] 
2014-07-10T12:09:21.172+0200: 68.052: [GC (Allocation Failure) 68.052: [ParNew: 153338K->17018K(153344K), 0.0366167 secs] 774861K->675151K(1031552K), 0.0367784 secs] [Times: user=0.09 sys=0.00, real=0.04 secs] 
2014-07-10T12:09:21.326+0200: 68.206: [GC (Allocation Failure) 68.206: [ParNew: 153338K->16994K(153344K), 0.0435830 secs] 811471K->710585K(1031552K), 0.0437388 secs] [Times: user=0.05 sys=0.00, real=0.04 secs] 
2014-07-10T12:09:21.469+0200: 68.349: [GC (Allocation Failure) 68.349: [ParNew: 153314K->17022K(153344K), 0.0340210 secs] 846905K->741820K(1031552K), 0.0341772 secs] [Times: user=0.06 sys=0.00, real=0.03 secs] 
2014-07-10T12:09:21.576+0200: 68.455: [GC (Allocation Failure) 68.456: [ParNew: 153342K->17018K(153344K), 0.0367945 secs] 878140K->776926K(1031552K), 0.0370637 secs] [Times: user=0.08 sys=0.00, real=0.04 secs] 
2014-07-10T12:09:21.615+0200: 68.494: [GC (CMS Initial Mark) [1 CMS-initial-mark: 759907K(878208K)] 782515K(1031552K), 0.0003413 secs] [Times: user=0.00 sys=0.00, real=0.00 secs] 
2014-07-10T12:09:21.615+0200: 68.495: [CMS-concurrent-mark-start]
2014-07-10T12:09:21.624+0200: 68.504: [CMS-concurrent-mark: 0.009/0.009 secs] [Times: user=0.00 sys=0.00, real=0.01 secs] 
2014-07-10T12:09:21.624+0200: 68.504: [CMS-concurrent-preclean-start]
2014-07-10T12:09:21.626+0200: 68.506: [CMS-concurrent-preclean: 0.002/0.002 secs] [Times: user=0.00 sys=0.00, real=0.00 secs] 
2014-07-10T12:09:21.626+0200: 68.506: [CMS-concurrent-abortable-preclean-start]
2014-07-10T12:09:21.709+0200: 68.589: [GC (Allocation Failure) 68.589: [ParNew2014-07-10T12:09:21.744+0200: 68.624: [CMS-concurrent-abortable-preclean: 0.002/0.117 secs] [Times: user=0.14 sys=0.00, real=0.12 secs] 
: 153338K->17018K(153344K), 0.0380557 secs] 913246K->815937K(1031552K), 0.0382317 secs] [Times: user=0.06 sys=0.00, real=0.04 secs] 
2014-07-10T12:09:21.748+0200: 68.628: [GC (CMS Final Remark) [YG occupancy: 17050 K (153344 K)]68.628: [Rescan (parallel) , 0.0013767 secs]68.629: [weak refs processing, 0.0000286 secs]68.629: [class unloading, 0.0004495 secs]68.629: [scrub symbol table, 0.0005888 secs]68.630: [scrub string table, 0.0001760 secs][1 CMS-remark: 798919K(878208K)] 815969K(1031552K), 0.0027581 secs] [Times: user=0.00 sys=0.00, real=0.00 secs] 
2014-07-10T12:09:21.751+0200: 68.630: [CMS-concurrent-sweep-start]
2014-07-10T12:09:21.762+0200: 68.642: [CMS-concurrent-sweep: 0.012/0.012 secs] [Times: user=0.03 sys=0.00, real=0.01 secs] 
2014-07-10T12:09:21.762+0200: 68.642: [CMS-concurrent-reset-start]
2014-07-10T12:09:21.768+0200: 68.648: [CMS-concurrent-reset: 0.006/0.006 secs] [Times: user=0.00 sys=0.00, real=0.01 secs] 
2014-07-10T12:09:21.875+0200: 68.755: [GC (Allocation Failure) 68.755: [ParNew: 153338K->17022K(153344K), 0.0385008 secs] 229132K->127601K(1031552K), 0.0386332 secs] [Times: user=0.08 sys=0.00, real=0.04 secs] 
2014-07-10T12:09:21.975+0200: 68.855: [GC (Allocation Failure) 68.855: [ParNew: 153342K->17018K(153344K), 0.0427834 secs] 263921K->166292K(1031552K), 0.0429509 secs] [Times: user=0.05 sys=0.00, real=0.04 secs] 
2014-07-10T12:09:22.114+0200: 68.994: [GC (Allocation Failure) 68.994: [ParNew: 153338K->17018K(153344K), 0.0395233 secs] 302612K->208889K(1031552K), 0.0396843 secs] [Times: user=0.05 sys=0.00, real=0.04 secs] 
2014-07-10T12:09:22.296+0200: 69.176: [GC (Allocation Failure) 69.176: [ParNew: 153338K->17018K(153344K), 0.0446238 secs] 345209K->255392K(1031552K), 0.0447962 secs] [Times: user=0.09 sys=0.00, real=0.05 secs] 
2014-07-10T12:09:22.390+0200: 69.270: [GC (Allocation Failure) 69.270: [ParNew: 153338K->17000K(153344K), 0.0440768 secs] 391712K->289518K(1031552K), 0.0442260 secs] [Times: user=0.09 sys=0.00, real=0.04 secs] 
2014-07-10T12:09:22.498+0200: 69.378: [GC (Allocation Failure) 69.378: [ParNew: 153320K->17018K(153344K), 0.0393265 secs] 425838K->327567K(1031552K), 0.0394859 secs] [Times: user=0.08 sys=0.00, real=0.04 secs] 
2014-07-10T12:09:22.687+0200: 69.567: [GC (Allocation Failure) 69.567: [ParNew: 153338K->17018K(153344K), 0.0409250 secs] 463887K->369492K(1031552K), 0.0411127 secs] [Times: user=0.09 sys=0.00, real=0.04 secs] 
2014-07-10T12:09:22.780+0200: 69.660: [GC (Allocation Failure) 69.660: [ParNew: 153338K->17018K(153344K), 0.0412593 secs] 505812K->415322K(1031552K), 0.0414177 secs] [Times: user=0.09 sys=0.00, real=0.04 secs] 
2014-07-10T12:09:22.895+0200: 69.775: [GC (Allocation Failure) 69.775: [ParNew: 153338K->17022K(153344K), 0.0388275 secs] 551642K->456931K(1031552K), 0.0389998 secs] [Times: user=0.06 sys=0.00, real=0.04 secs] 
2014-07-10T12:09:23.086+0200: 69.966: [GC (Allocation Failure) 69.966: [ParNew: 153342K->17018K(153344K), 0.0430569 secs] 593251K->502441K(1031552K), 0.0432472 secs] [Times: user=0.08 sys=0.00, real=0.04 secs] 
2014-07-10T12:09:23.253+0200: 70.133: [GC (Allocation Failure) 70.133: [ParNew: 153338K->858K(153344K), 0.0076229 secs] 638761K->486297K(1031552K), 0.0078436 secs] [Times: user=0.00 sys=0.00, real=0.01 secs] 
2014-07-10T12:09:23.321+0200: 70.201: [GC (Allocation Failure) 70.201: [ParNew: 137178K->4839K(153344K), 0.0059731 secs] 622617K->490278K(1031552K), 0.0061377 secs] [Times: user=0.00 sys=0.00, real=0.01 secs] 
2014-07-10T12:09:23.499+0200: 70.379: [GC (Allocation Failure) 70.379: [ParNew: 141159K->17000K(153344K), 0.0449919 secs] 626598K->546525K(1031552K), 0.0452159 secs] [Times: user=0.06 sys=0.00, real=0.04 secs] 
2014-07-10T12:09:23.613+0200: 70.493: [GC (Allocation Failure) 70.493: [ParNew: 153320K->17018K(153344K), 0.0497914 secs] 682845K->594531K(1031552K), 0.0499502 secs] [Times: user=0.08 sys=0.00, real=0.05 secs] 
2014-07-10T12:09:23.753+0200: 70.633: [GC (Allocation Failure) 70.633: [ParNew: 153338K->3291K(153344K), 0.0050499 secs] 730851K->580820K(1031552K), 0.0051977 secs] [Times: user=0.00 sys=0.00, real=0.00 secs] 
2014-07-10T12:09:23.888+0200: 70.768: [GC (Allocation Failure) 70.768: [ParNew: 139611K->17012K(153344K), 0.0412905 secs] 717140K->638114K(1031552K), 0.0414580 secs] [Times: user=0.09 sys=0.00, real=0.04 secs] 
2014-07-10T12:09:23.979+0200: 70.859: [GC (Allocation Failure) 70.859: [ParNew: 153332K->17018K(153344K), 0.0432384 secs] 774434K->685608K(1031552K), 0.0434004 secs] [Times: user=0.09 sys=0.00, real=0.04 secs] 
2014-07-10T12:09:24.152+0200: 71.032: [GC (Allocation Failure) 71.032: [ParNew: 153338K->2811K(153344K), 0.0098923 secs] 821928K->671417K(1031552K), 0.0100921 secs] [Times: user=0.03 sys=0.00, real=0.01 secs] 
2014-07-10T12:09:24.291+0200: 71.171: [GC (Allocation Failure) 71.171: [ParNew: 139131K->6733K(153344K), 0.0086230 secs] 807737K->675339K(1031552K), 0.0088074 secs] [Times: user=0.03 sys=0.00, real=0.01 secs] 
2014-07-10T12:09:24.375+0200: 71.255: [GC (Allocation Failure) 71.255: [ParNew: 143053K->16996K(153344K), 0.0429260 secs] 811659K->732633K(1031552K), 0.0431012 secs] [Times: user=0.06 sys=0.00, real=0.04 secs] 
2014-07-10T12:09:24.418+0200: 71.298: [GC (CMS Initial Mark) [1 CMS-initial-mark: 715637K(878208K)] 732665K(1031552K), 0.0003846 secs] [Times: user=0.00 sys=0.00, real=0.00 secs] 
2014-07-10T12:09:24.418+0200: 71.298: [CMS-concurrent-mark-start]
2014-07-10T12:09:24.425+0200: 71.305: [CMS-concurrent-mark: 0.006/0.006 secs] [Times: user=0.01 sys=0.00, real=0.01 secs] 
2014-07-10T12:09:24.425+0200: 71.305: [CMS-concurrent-preclean-start]
2014-07-10T12:09:24.427+0200: 71.307: [CMS-concurrent-preclean: 0.002/0.002 secs] [Times: user=0.00 sys=0.00, real=0.00 secs] 
2014-07-10T12:09:24.427+0200: 71.307: [CMS-concurrent-abortable-preclean-start]
2014-07-10T12:09:24.553+0200: 71.433: [GC (Allocation Failure) 71.433: [ParNew: 153316K->2331K(153344K), 0.0097885 secs] 868953K->718024K(1031552K), 0.0100866 secs] [Times: user=0.03 sys=0.00, real=0.01 secs] 
2014-07-10T12:09:24.563+0200: 71.443: [CMS-concurrent-abortable-preclean: 0.005/0.136 secs] [Times: user=0.09 sys=0.00, real=0.14 secs] 
2014-07-10T12:09:24.566+0200: 71.446: [GC (CMS Final Remark) [YG occupancy: 7920 K (153344 K)]71.446: [Rescan (parallel) , 0.0041968 secs]71.450: [weak refs processing, 0.0000653 secs]71.450: [class unloading, 0.0010423 secs]71.451: [scrub symbol table, 0.0013437 secs]71.453: [scrub string table, 0.0002405 secs][1 CMS-remark: 715693K(878208K)] 723614K(1031552K), 0.0072207 secs] [Times: user=0.00 sys=0.00, real=0.01 secs] 
2014-07-10T12:09:24.573+0200: 71.453: [CMS-concurrent-sweep-start]
2014-07-10T12:09:24.586+0200: 71.466: [CMS-concurrent-sweep: 0.013/0.013 secs] [Times: user=0.03 sys=0.00, real=0.01 secs] 
2014-07-10T12:09:24.587+0200: 71.467: [CMS-concurrent-reset-start]
2014-07-10T12:09:24.592+0200: 71.472: [CMS-concurrent-reset: 0.006/0.006 secs] [Times: user=0.00 sys=0.00, real=0.01 secs] 
2014-07-10T12:09:24.677+0200: 71.557: [GC (Allocation Failure) 71.557: [ParNew: 138651K->6253K(153344K), 0.0063617 secs] 187408K->55010K(1031552K), 0.0065105 secs] [Times: user=0.00 sys=0.00, real=0.01 secs] 
2014-07-10T12:09:24.853+0200: 71.733: [GC (Allocation Failure) 71.733: [ParNew: 142573K->2047K(153344K), 0.0076988 secs] 191330K->50804K(1031552K), 0.0079393 secs] [Times: user=0.03 sys=0.00, real=0.01 secs] 
2014-07-10T12:09:24.954+0200: 71.834: [GC (Allocation Failure) 71.834: [ParNew: 138367K->5969K(153344K), 0.0062180 secs] 187124K->54725K(1031552K), 0.0063694 secs] [Times: user=0.00 sys=0.00, real=0.01 secs] 
2014-07-10T12:09:25.085+0200: 71.966: [GC (Allocation Failure) 71.966: [ParNew: 142289K->9890K(153344K), 0.0083308 secs] 191045K->58647K(1031552K), 0.0084760 secs] [Times: user=0.03 sys=0.00, real=0.01 secs] 
2014-07-10T12:09:25.256+0200: 72.136: [GC (Allocation Failure) 72.136: [ParNew: 146210K->13720K(153344K), 0.0107403 secs] 194967K->62570K(1031552K), 0.0108932 secs] [Times: user=0.03 sys=0.00, real=0.01 secs] 
2014-07-10T12:09:25.352+0200: 72.232: [GC (Allocation Failure) 72.232: [ParNew: 150040K->292K(153344K), 0.0024755 secs] 198890K->49158K(1031552K), 0.0025656 secs] [Times: user=0.00 sys=0.00, real=0.00 secs] 
2014-07-10T12:09:25.479+0200: 72.359: [GC (Allocation Failure) 72.359: [ParNew: 136612K->4214K(153344K), 0.0046715 secs] 185478K->53080K(1031552K), 0.0048266 secs] [Times: user=0.03 sys=0.00, real=0.00 secs] 
2014-07-10T12:09:25.657+0200: 72.538: [GC (Allocation Failure) 72.538: [ParNew: 140534K->8136K(153344K), 0.0147721 secs] 189400K->57002K(1031552K), 0.0151138 secs] [Times: user=0.03 sys=0.00, real=0.02 secs] 
2014-07-10T12:09:25.757+0200: 72.637: [GC (Allocation Failure) 72.637: [ParNew: 144456K->3930K(153344K), 0.0047339 secs] 193322K->52795K(1031552K), 0.0048721 secs] [Times: user=0.00 sys=0.00, real=0.00 secs] 
2014-07-10T12:09:25.899+0200: 72.780: [GC (Allocation Failure) 72.780: [ParNew: 140250K->7852K(153344K), 0.0076166 secs] 189115K->56717K(1031552K), 0.0077574 secs] [Times: user=0.03 sys=0.00, real=0.01 secs] 
2014-07-10T12:09:26.060+0200: 72.941: [GC (Allocation Failure) 72.941: [ParNew: 144172K->11773K(153344K), 0.0157264 secs] 193037K->60639K(1031552K), 0.0160190 secs] [Times: user=0.03 sys=0.00, real=0.02 secs] 
2014-07-10T12:09:26.158+0200: 73.038: [GC (Allocation Failure) 73.038: [ParNew: 148093K->15577K(153344K), 0.0117859 secs] 196959K->64560K(1031552K), 0.0119238 secs] [Times: user=0.03 sys=0.00, real=0.01 secs] 
2014-07-10T12:09:26.298+0200: 73.178: [GC (Allocation Failure) 73.178: [ParNew: 151897K->17018K(153344K), 0.0156395 secs] 200880K->68482K(1031552K), 0.0157997 secs] [Times: user=0.02 sys=0.00, real=0.01 secs] 
2014-07-10T12:09:26.458+0200: 73.339: [GC (Allocation Failure) 73.339: [ParNew: 153338K->11201K(153344K), 0.0174470 secs] 204802K->62682K(1031552K), 0.0177751 secs] [Times: user=0.03 sys=0.00, real=0.02 secs] 
2014-07-10T12:09:26.557+0200: 73.437: [GC (Allocation Failure) 73.437: [ParNew: 147521K->15097K(153344K), 0.0115967 secs] 199002K->66602K(1031552K), 0.0117544 secs] [Times: user=0.03 sys=0.00, real=0.01 secs] 
2014-07-10T12:09:26.708+0200: 73.588: [GC (Allocation Failure) 73.588: [ParNew: 151417K->17018K(153344K), 0.0146764 secs] 202922K->70524K(1031552K), 0.0148329 secs] [Times: user=0.03 sys=0.00, real=0.01 secs] 
2014-07-10T12:09:26.858+0200: 73.738: [GC (Allocation Failure) 73.738: [ParNew: 153338K->10689K(153344K), 0.0167225 secs] 206844K->64211K(1031552K), 0.0170118 secs] [Times: user=0.03 sys=0.00, real=0.02 secs] 
2014-07-10T12:09:26.957+0200: 73.837: [GC (Allocation Failure) 73.837: [ParNew: 147009K->14585K(153344K), 0.0114691 secs] 200531K->68132K(1031552K), 0.0116319 secs] [Times: user=0.03 sys=0.00, real=0.01 secs] 
2014-07-10T12:09:27.090+0200: 73.970: [GC (Allocation Failure) 73.970: [ParNew: 150905K->17018K(153344K), 0.0144546 secs] 204452K->72054K(1031552K), 0.0146680 secs] [Times: user=0.03 sys=0.00, real=0.01 secs] 
2014-07-10T12:09:27.259+0200: 74.140: [GC (Allocation Failure) 74.140: [ParNew: 153338K->17018K(153344K), 0.0203067 secs] 208374K->77448K(1031552K), 0.0205208 secs] [Times: user=0.01 sys=0.02, real=0.02 secs] 
2014-07-10T12:09:27.355+0200: 74.235: [GC (Allocation Failure) 74.235: [ParNew: 153338K->13094K(153344K), 0.0105673 secs] 213768K->73541K(1031552K), 0.0107355 secs] [Times: user=0.00 sys=0.00, real=0.01 secs] 
2014-07-10T12:09:27.499+0200: 74.379: [GC (Allocation Failure) 74.380: [ParNew: 149414K->16986K(153344K), 0.0140579 secs] 209861K->77461K(1031552K), 0.0142126 secs] [Times: user=0.03 sys=0.00, real=0.01 secs] 
2014-07-10T12:09:27.664+0200: 74.544: [GC (Allocation Failure) 74.544: [ParNew: 153306K->17018K(153344K), 0.0146771 secs] 213781K->81383K(1031552K), 0.0148942 secs] [Times: user=0.03 sys=0.00, real=0.01 secs] 
2014-07-10T12:09:27.761+0200: 74.641: [GC (Allocation Failure) 74.641: [ParNew: 153338K->17018K(153344K), 0.0180120 secs] 217703K->89179K(1031552K), 0.0181652 secs] [Times: user=0.03 sys=0.00, real=0.02 secs] 
2014-07-10T12:09:27.892+0200: 74.772: [GC (Allocation Failure) 74.772: [ParNew: 153338K->16992K(153344K), 0.0150401 secs] 225499K->92755K(1031552K), 0.0151992 secs] [Times: user=0.03 sys=0.00, real=0.02 secs] 
2014-07-10T12:09:28.068+0200: 74.948: [GC (Allocation Failure) 74.948: [ParNew: 153312K->17018K(153344K), 0.0249060 secs] 229075K->100261K(1031552K), 0.0251300 secs] [Times: user=0.06 sys=0.00, real=0.02 secs] 
2014-07-10T12:09:28.162+0200: 75.042: [GC (Allocation Failure) 75.042: [ParNew: 153338K->17018K(153344K), 0.0200823 secs] 236581K->111642K(1031552K), 0.0202491 secs] [Times: user=0.06 sys=0.00, real=0.02 secs] 
2014-07-10T12:09:28.305+0200: 75.186: [GC (Allocation Failure) 75.186: [ParNew: 153338K->16996K(153344K), 0.0143464 secs] 247962K->114742K(1031552K), 0.0145004 secs] [Times: user=0.00 sys=0.00, real=0.01 secs] 
2014-07-10T12:09:28.458+0200: 75.339: [GC (Allocation Failure) 75.339: [ParNew: 153316K->16992K(153344K), 0.0146621 secs] 251062K->117708K(1031552K), 0.0148245 secs] [Times: user=0.03 sys=0.00, real=0.02 secs] 
2014-07-10T12:09:28.562+0200: 75.442: [GC (Allocation Failure) 75.443: [ParNew: 153312K->17018K(153344K), 0.0181604 secs] 254028K->124573K(1031552K), 0.0183423 secs] [Times: user=0.03 sys=0.00, real=0.02 secs] 
2014-07-10T12:09:28.712+0200: 75.593: [GC (Allocation Failure) 75.593: [ParNew: 153338K->17018K(153344K), 0.0194205 secs] 260893K->135315K(1031552K), 0.0195661 secs] [Times: user=0.03 sys=0.00, real=0.02 secs] 
2014-07-10T12:09:28.859+0200: 75.740: [GC (Allocation Failure) 75.740: [ParNew: 153338K->17022K(153344K), 0.0197501 secs] 271635K->141834K(1031552K), 0.0199140 secs] [Times: user=0.03 sys=0.00, real=0.02 secs] 
2014-07-10T12:09:28.967+0200: 75.846: [GC (Allocation Failure) 75.846: [ParNew: 153342K->17018K(153344K), 0.0238853 secs] 278154K->152255K(1031552K), 0.0240814 secs] [Times: user=0.02 sys=0.00, real=0.02 secs] 
2014-07-10T12:09:29.086+0200: 75.966: [GC (Allocation Failure) 75.966: [ParNew: 153338K->17018K(153344K), 0.0232477 secs] 288575K->166582K(1031552K), 0.0234054 secs] [Times: user=0.03 sys=0.00, real=0.02 secs] 
2014-07-10T12:09:29.277+0200: 76.156: [GC (Allocation Failure) 76.157: [ParNew: 153338K->17018K(153344K), 0.0525140 secs] 302902K->184815K(1031552K), 0.0526958 secs] [Times: user=0.06 sys=0.00, real=0.05 secs] 
2014-07-10T12:09:29.402+0200: 76.281: [GC (Allocation Failure) 76.281: [ParNew: 153338K->17000K(153344K), 0.0183221 secs] 321135K->193746K(1031552K), 0.0184985 secs] [Times: user=0.03 sys=0.00, real=0.02 secs] 
2014-07-10T12:09:29.498+0200: 76.378: [GC (Allocation Failure) 76.378: [ParNew: 153320K->17018K(153344K), 0.0212669 secs] 330066K->206598K(1031552K), 0.0214370 secs] [Times: user=0.03 sys=0.00, real=0.02 secs] 
2014-07-10T12:09:29.675+0200: 76.554: [GC (Allocation Failure) 76.554: [ParNew: 153338K->17018K(153344K), 0.0361196 secs] 342918K->223327K(1031552K), 0.0363601 secs] [Times: user=0.09 sys=0.00, real=0.04 secs] 
2014-07-10T12:09:29.767+0200: 76.646: [GC (Allocation Failure) 76.646: [ParNew: 153338K->17018K(153344K), 0.0254874 secs] 359647K->243961K(1031552K), 0.0256444 secs] [Times: user=0.06 sys=0.00, real=0.03 secs] 
2014-07-10T12:09:29.885+0200: 76.764: [GC (Allocation Failure) 76.764: [ParNew: 153338K->16994K(153344K), 0.0205116 secs] 380281K->256311K(1031552K), 0.0206682 secs] [Times: user=0.03 sys=0.00, real=0.02 secs] 
2014-07-10T12:09:30.069+0200: 76.948: [GC (Allocation Failure) 76.948: [ParNew: 153314K->17018K(153344K), 0.0249822 secs] 392631K->272591K(1031552K), 0.0251575 secs] [Times: user=0.03 sys=0.00, real=0.03 secs] 
2014-07-10T12:09:30.165+0200: 77.044: [GC (Allocation Failure) 77.044: [ParNew: 153338K->17018K(153344K), 0.0256004 secs] 408911K->292745K(1031552K), 0.0257500 secs] [Times: user=0.03 sys=0.00, real=0.03 secs] 
2014-07-10T12:09:30.303+0200: 77.182: [GC (Allocation Failure) 77.182: [ParNew: 153338K->17018K(153344K), 0.0298866 secs] 429065K->316805K(1031552K), 0.0300505 secs] [Times: user=0.03 sys=0.00, real=0.03 secs] 
2014-07-10T12:09:30.474+0200: 77.354: [GC (Allocation Failure) 77.354: [ParNew: 153338K->16996K(153344K), 0.0318928 secs] 453125K->332551K(1031552K), 0.0321461 secs] [Times: user=0.05 sys=0.00, real=0.03 secs] 
2014-07-10T12:09:30.565+0200: 77.445: [GC (Allocation Failure) 77.445: [ParNew: 153316K->17018K(153344K), 0.0265932 secs] 468871K->352223K(1031552K), 0.0267820 secs] [Times: user=0.06 sys=0.00, real=0.03 secs] 
2014-07-10T12:09:30.699+0200: 77.578: [GC (Allocation Failure) 77.578: [ParNew: 153338K->17018K(153344K), 0.0275310 secs] 488543K->375770K(1031552K), 0.0279306 secs] [Times: user=0.06 sys=0.00, real=0.03 secs] 
2014-07-10T12:09:30.876+0200: 77.756: [GC (Allocation Failure) 77.756: [ParNew: 153338K->17022K(153344K), 0.0374875 secs] 512090K->395096K(1031552K), 0.0377272 secs] [Times: user=0.09 sys=0.00, real=0.04 secs] 
2014-07-10T12:09:30.972+0200: 77.852: [GC (Allocation Failure) 77.852: [ParNew: 153342K->17018K(153344K), 0.0275889 secs] 531416K->418324K(1031552K), 0.0277587 secs] [Times: user=0.06 sys=0.00, real=0.03 secs] 
2014-07-10T12:09:31.110+0200: 77.990: [GC (Allocation Failure) 77.990: [ParNew: 153338K->17018K(153344K), 0.0386277 secs] 554644K->445457K(1031552K), 0.0388147 secs] [Times: user=0.06 sys=0.00, real=0.04 secs] 
2014-07-10T12:09:31.285+0200: 78.164: [GC (Allocation Failure) 78.165: [ParNew: 153338K->17018K(153344K), 0.0382933 secs] 581777K->476496K(1031552K), 0.0385228 secs] [Times: user=0.09 sys=0.00, real=0.04 secs] 
2014-07-10T12:09:31.378+0200: 78.258: [GC (Allocation Failure) 78.258: [ParNew: 153338K->17004K(153344K), 0.0245331 secs] 612816K->494107K(1031552K), 0.0246856 secs] [Times: user=0.06 sys=0.00, real=0.03 secs] 
2014-07-10T12:09:31.501+0200: 78.381: [GC (Allocation Failure) 78.381: [ParNew: 153324K->17018K(153344K), 0.0279977 secs] 630427K->515636K(1031552K), 0.0281601 secs] [Times: user=0.06 sys=0.00, real=0.03 secs] 
2014-07-10T12:09:31.682+0200: 78.561: [GC (Allocation Failure) 78.561: [ParNew: 153338K->17018K(153344K), 0.0321454 secs] 651956K->541040K(1031552K), 0.0323741 secs] [Times: user=0.06 sys=0.00, real=0.03 secs] 
2014-07-10T12:09:31.782+0200: 78.662: [GC (Allocation Failure) 78.662: [ParNew: 153338K->17022K(153344K), 0.0279922 secs] 677360K->562223K(1031552K), 0.0281554 secs] [Times: user=0.06 sys=0.00, real=0.03 secs] 
2014-07-10T12:09:31.893+0200: 78.773: [GC (Allocation Failure) 78.773: [ParNew: 153342K->17018K(153344K), 0.0313186 secs] 698543K->587307K(1031552K), 0.0314810 secs] [Times: user=0.08 sys=0.00, real=0.03 secs] 
2014-07-10T12:09:32.079+0200: 78.959: [GC (Allocation Failure) 78.959: [ParNew: 153338K->17018K(153344K), 0.0339902 secs] 723627K->616298K(1031552K), 0.0341655 secs] [Times: user=0.09 sys=0.00, real=0.04 secs] 
2014-07-10T12:09:32.171+0200: 79.050: [GC (Allocation Failure) 79.050: [ParNew: 153338K->17018K(153344K), 0.0340570 secs] 752618K->649194K(1031552K), 0.0342120 secs] [Times: user=0.06 sys=0.00, real=0.03 secs] 
2014-07-10T12:09:32.313+0200: 79.192: [GC (Allocation Failure) 79.192: [ParNew: 153338K->17018K(153344K), 0.0370871 secs] 785514K->685996K(1031552K), 0.0372510 secs] [Times: user=0.09 sys=0.00, real=0.04 secs] 
2014-07-10T12:09:32.468+0200: 79.348: [GC (Allocation Failure) 79.348: [ParNew: 153338K->16996K(153344K), 0.0311991 secs] 822316K->714484K(1031552K), 0.0313832 secs] [Times: user=0.06 sys=0.00, real=0.03 secs] 
2014-07-10T12:09:32.571+0200: 79.450: [GC (Allocation Failure) 79.450: [ParNew: 153316K->17018K(153344K), 0.0338443 secs] 850804K->746898K(1031552K), 0.0340001 secs] [Times: user=0.06 sys=0.00, real=0.03 secs] 
2014-07-10T12:09:32.722+0200: 79.601: [GC (Allocation Failure) 79.602: [ParNew: 153338K->17018K(153344K), 0.0377657 secs] 883218K->783188K(1031552K), 0.0379227 secs] [Times: user=0.06 sys=0.00, real=0.04 secs] 
2014-07-10T12:09:32.760+0200: 79.640: [GC (CMS Initial Mark) [1 CMS-initial-mark: 766169K(878208K)] 785999K(1031552K), 0.0003336 secs] [Times: user=0.00 sys=0.00, real=0.00 secs] 
2014-07-10T12:09:32.761+0200: 79.640: [CMS-concurrent-mark-start]
2014-07-10T12:09:32.776+0200: 79.656: [CMS-concurrent-mark: 0.016/0.016 secs] [Times: user=0.03 sys=0.00, real=0.02 secs] 
2014-07-10T12:09:32.777+0200: 79.656: [CMS-concurrent-preclean-start]
2014-07-10T12:09:32.779+0200: 79.659: [CMS-concurrent-preclean: 0.002/0.002 secs] [Times: user=0.00 sys=0.00, real=0.00 secs] 
2014-07-10T12:09:32.779+0200: 79.659: [CMS-concurrent-abortable-preclean-start]
2014-07-10T12:09:32.880+0200: 79.760: [GC (Allocation Failure) 79.760: [ParNew2014-07-10T12:09:32.910+0200: 79.790: [CMS-concurrent-abortable-preclean: 0.003/0.131 secs] [Times: user=0.13 sys=0.00, real=0.13 secs] 
: 153338K->16994K(153344K), 0.0337824 secs] 919508K->811194K(1031552K), 0.0340177 secs] [Times: user=0.06 sys=0.00, real=0.03 secs] 
2014-07-10T12:09:32.916+0200: 79.795: [GC (CMS Final Remark) [YG occupancy: 22584 K (153344 K)]79.795: [Rescan (parallel) , 0.0015222 secs]79.797: [weak refs processing, 0.0000312 secs]79.797: [class unloading, 0.0004561 secs]79.797: [scrub symbol table, 0.0005331 secs]79.798: [scrub string table, 0.0001569 secs][1 CMS-remark: 794199K(878208K)] 816783K(1031552K), 0.0028813 secs] [Times: user=0.00 sys=0.00, real=0.00 secs] 
2014-07-10T12:09:32.919+0200: 79.798: [CMS-concurrent-sweep-start]
2014-07-10T12:09:32.930+0200: 79.810: [CMS-concurrent-sweep: 0.011/0.011 secs] [Times: user=0.03 sys=0.00, real=0.01 secs] 
2014-07-10T12:09:32.930+0200: 79.810: [CMS-concurrent-reset-start]
2014-07-10T12:09:32.936+0200: 79.815: [CMS-concurrent-reset: 0.006/0.006 secs] [Times: user=0.00 sys=0.00, real=0.01 secs] 
2014-07-10T12:09:32.972+0200: 79.852: [GC (Allocation Failure) 79.852: [ParNew: 153314K->17018K(153344K), 0.0330370 secs] 219405K->115021K(1031552K), 0.0332071 secs] [Times: user=0.05 sys=0.00, real=0.03 secs] 
2014-07-10T12:09:33.098+0200: 79.978: [GC (Allocation Failure) 79.978: [ParNew: 153338K->17018K(153344K), 0.0355282 secs] 251341K->150830K(1031552K), 0.0356833 secs] [Times: user=0.05 sys=0.02, real=0.04 secs] 
2014-07-10T12:09:33.287+0200: 80.167: [GC (Allocation Failure) 80.167: [ParNew: 153338K->17018K(153344K), 0.0392682 secs] 287150K->190546K(1031552K), 0.0394299 secs] [Times: user=0.06 sys=0.00, real=0.04 secs] 
2014-07-10T12:09:33.378+0200: 80.258: [GC (Allocation Failure) 80.258: [ParNew: 153338K->17000K(153344K), 0.0321681 secs] 326866K->220927K(1031552K), 0.0323232 secs] [Times: user=0.06 sys=0.00, real=0.03 secs] 
2014-07-10T12:09:33.493+0200: 80.373: [GC (Allocation Failure) 80.373: [ParNew: 153320K->17018K(153344K), 0.0349929 secs] 357247K->255230K(1031552K), 0.0351532 secs] [Times: user=0.06 sys=0.00, real=0.04 secs] 
2014-07-10T12:09:33.678+0200: 80.557: [GC (Allocation Failure) 80.557: [ParNew: 153338K->17018K(153344K), 0.0387545 secs] 391550K->293408K(1031552K), 0.0391644 secs] [Times: user=0.06 sys=0.00, real=0.04 secs] 
2014-07-10T12:09:33.774+0200: 80.654: [GC (Allocation Failure) 80.654: [ParNew: 153338K->17018K(153344K), 0.0406445 secs] 429728K->335493K(1031552K), 0.0408010 secs] [Times: user=0.08 sys=0.00, real=0.04 secs] 
2014-07-10T12:09:33.903+0200: 80.782: [GC (Allocation Failure) 80.782: [ParNew: 153338K->17022K(153344K), 0.0370402 secs] 471813K->373356K(1031552K), 0.0372048 secs] [Times: user=0.09 sys=0.00, real=0.04 secs] 
2014-07-10T12:09:34.089+0200: 80.968: [GC (Allocation Failure) 80.968: [ParNew: 153342K->17018K(153344K), 0.0403710 secs] 509676K->415120K(1031552K), 0.0405323 secs] [Times: user=0.09 sys=0.00, real=0.04 secs] 
2014-07-10T12:09:34.177+0200: 81.057: [GC (Allocation Failure) 81.057: [ParNew: 153338K->17018K(153344K), 0.0421953 secs] 551440K->460791K(1031552K), 0.0423801 secs] [Times: user=0.09 sys=0.00, real=0.04 secs] 
2014-07-10T12:09:34.301+0200: 81.180: [GC (Allocation Failure) 81.180: [ParNew: 153338K->17000K(153344K), 0.0362116 secs] 597111K->494085K(1031552K), 0.0363836 secs] [Times: user=0.06 sys=0.00, real=0.04 secs] 
2014-07-10T12:09:34.483+0200: 81.363: [GC (Allocation Failure) 81.363: [ParNew: 153320K->17018K(153344K), 0.0393312 secs] 630405K->531302K(1031552K), 0.0395263 secs] [Times: user=0.05 sys=0.00, real=0.04 secs] 
2014-07-10T12:09:34.578+0200: 81.457: [GC (Allocation Failure) 81.457: [ParNew: 153338K->17018K(153344K), 0.0397536 secs] 667622K->572394K(1031552K), 0.0399156 secs] [Times: user=0.05 sys=0.00, real=0.04 secs] 
2014-07-10T12:09:34.725+0200: 81.605: [GC (Allocation Failure) 81.605: [ParNew: 153338K->17018K(153344K), 0.0474846 secs] 708714K->617392K(1031552K), 0.0476401 secs] [Times: user=0.06 sys=0.00, real=0.05 secs] 
2014-07-10T12:09:34.896+0200: 81.776: [GC (Allocation Failure) 81.776: [ParNew: 153338K->17022K(153344K), 0.0396421 secs] 753712K->658168K(1031552K), 0.0397822 secs] [Times: user=0.09 sys=0.00, real=0.04 secs] 
2014-07-10T12:09:34.993+0200: 81.872: [GC (Allocation Failure) 81.872: [ParNew: 153342K->17018K(153344K), 0.0422631 secs] 794488K->702846K(1031552K), 0.0424318 secs] [Times: user=0.09 sys=0.00, real=0.04 secs] 
2014-07-10T12:09:35.152+0200: 82.032: [GC (Allocation Failure) 82.032: [ParNew: 153338K->28K(153344K), 0.0077186 secs] 839166K->685872K(1031552K), 0.0079543 secs] [Times: user=0.03 sys=0.00, real=0.01 secs] 
2014-07-10T12:09:35.293+0200: 82.173: [GC (Allocation Failure) 82.173: [ParNew: 136348K->3947K(153344K), 0.0065894 secs] 822192K->689792K(1031552K), 0.0067881 secs] [Times: user=0.03 sys=0.00, real=0.01 secs] 
2014-07-10T12:09:35.378+0200: 82.258: [GC (Allocation Failure) 82.258: [ParNew: 140267K->17000K(153344K), 0.0418203 secs] 826112K->746065K(1031552K), 0.0419878 secs] [Times: user=0.08 sys=0.00, real=0.04 secs] 
2014-07-10T12:09:35.498+0200: 82.378: [GC (Allocation Failure) 82.378: [ParNew: 153320K->17018K(153344K), 0.0468947 secs] 882385K->793207K(1031552K), 0.0470579 secs] [Times: user=0.08 sys=0.00, real=0.05 secs] 
2014-07-10T12:09:35.546+0200: 82.426: [GC (CMS Initial Mark) [1 CMS-initial-mark: 776188K(878208K)] 796018K(1031552K), 0.0004561 secs] [Times: user=0.00 sys=0.00, real=0.00 secs] 
2014-07-10T12:09:35.547+0200: 82.426: [CMS-concurrent-mark-start]
2014-07-10T12:09:35.555+0200: 82.435: [CMS-concurrent-mark: 0.008/0.008 secs] [Times: user=0.00 sys=0.00, real=0.01 secs] 
2014-07-10T12:09:35.555+0200: 82.435: [CMS-concurrent-preclean-start]
2014-07-10T12:09:35.558+0200: 82.438: [CMS-concurrent-preclean: 0.003/0.003 secs] [Times: user=0.00 sys=0.00, real=0.00 secs] 
2014-07-10T12:09:35.558+0200: 82.438: [CMS-concurrent-abortable-preclean-start]
2014-07-10T12:09:35.690+0200: 82.570: [GC (Allocation Failure) 82.570: [ParNew: 153338K->2427K(153344K), 0.0156743 secs] 929527K->778632K(1031552K), 0.0158067 secs] [Times: user=0.00 sys=0.00, real=0.02 secs] 
2014-07-10T12:09:35.787+0200: 82.667: [GC (Allocation Failure) 82.667: [ParNew: 138747K->6426K(153344K), 0.0129756 secs] 914952K->782631K(1031552K), 0.0131688 secs] [Times: user=0.02 sys=0.00, real=0.01 secs] 
2014-07-10T12:09:35.906+0200: 82.786: [GC (Allocation Failure) 82.786: [ParNew2014-07-10T12:09:35.944+0200: 82.823: [CMS-concurrent-abortable-preclean: 0.018/0.385 secs] [Times: user=0.31 sys=0.00, real=0.39 secs] 
: 142746K->16994K(153344K), 0.0432479 secs] 918951K->839878K(1031552K), 0.0434341 secs] [Times: user=0.06 sys=0.01, real=0.04 secs] 
2014-07-10T12:09:35.950+0200: 82.830: [GC (CMS Final Remark) [YG occupancy: 19805 K (153344 K)]82.830: [Rescan (parallel) , 0.0015292 secs]82.832: [weak refs processing, 0.0000293 secs]82.832: [class unloading, 0.0004418 secs]82.832: [scrub symbol table, 0.0005481 secs]82.833: [scrub string table, 0.0001749 secs][1 CMS-remark: 822883K(878208K)] 842689K(1031552K), 0.0028703 secs] [Times: user=0.00 sys=0.00, real=0.00 secs] 
2014-07-10T12:09:35.953+0200: 82.833: [CMS-concurrent-sweep-start]
2014-07-10T12:09:35.965+0200: 82.845: [CMS-concurrent-sweep: 0.012/0.012 secs] [Times: user=0.03 sys=0.00, real=0.01 secs] 
2014-07-10T12:09:35.965+0200: 82.845: [CMS-concurrent-reset-start]
2014-07-10T12:09:35.971+0200: 82.850: [CMS-concurrent-reset: 0.005/0.005 secs] [Times: user=0.00 sys=0.00, real=0.01 secs] 
2014-07-10T12:09:36.082+0200: 82.962: [GC (Allocation Failure) 82.962: [ParNew: 153314K->1979K(153344K), 0.0040263 secs] 248880K->97601K(1031552K), 0.0041781 secs] [Times: user=0.00 sys=0.00, real=0.00 secs] 
2014-07-10T12:09:36.253+0200: 83.133: [GC (Allocation Failure) 83.133: [ParNew: 138299K->5900K(153344K), 0.0065641 secs] 233921K->101523K(1031552K), 0.0067514 secs] [Times: user=0.00 sys=0.00, real=0.01 secs] 
2014-07-10T12:09:36.313+0200: 83.193: [GC (Allocation Failure) 83.193: [ParNew: 142220K->5831K(153344K), 0.0057982 secs] 237843K->101453K(1031552K), 0.0059610 secs] [Times: user=0.00 sys=0.00, real=0.01 secs] 
2014-07-10T12:09:36.479+0200: 83.358: [GC (Allocation Failure) 83.358: [ParNew: 142151K->1556K(153344K), 0.0045781 secs] 237773K->97179K(1031552K), 0.0047295 secs] [Times: user=0.03 sys=0.00, real=0.00 secs] 
2014-07-10T12:09:36.653+0200: 83.533: [GC (Allocation Failure) 83.533: [ParNew: 137876K->5478K(153344K), 0.0063588 secs] 233499K->101101K(1031552K), 0.0065193 secs] [Times: user=0.00 sys=0.00, real=0.01 secs] 
2014-07-10T12:09:36.757+0200: 83.636: [GC (Allocation Failure) 83.637: [ParNew: 141798K->1272K(153344K), 0.0077681 secs] 237421K->96895K(1031552K), 0.0080152 secs] [Times: user=0.03 sys=0.00, real=0.01 secs] 
2014-07-10T12:09:36.876+0200: 83.755: [GC (Allocation Failure) 83.755: [ParNew: 137592K->5170K(153344K), 0.0060897 secs] 233215K->100817K(1031552K), 0.0062477 secs] [Times: user=0.00 sys=0.00, real=0.01 secs] 
2014-07-10T12:09:37.057+0200: 83.937: [GC (Allocation Failure) 83.937: [ParNew: 141490K->9076K(153344K), 0.0090755 secs] 237137K->104739K(1031552K), 0.0092573 secs] [Times: user=0.00 sys=0.00, real=0.01 secs] 
2014-07-10T12:09:37.160+0200: 84.040: [GC (Allocation Failure) 84.040: [ParNew: 145396K->12888K(153344K), 0.0165707 secs] 241059K->108659K(1031552K), 0.0168091 secs] [Times: user=0.03 sys=0.00, real=0.02 secs] 
2014-07-10T12:09:37.288+0200: 84.168: [GC (Allocation Failure) 84.168: [ParNew: 149208K->16794K(153344K), 0.0150251 secs] 244979K->112581K(1031552K), 0.0151933 secs] [Times: user=0.03 sys=0.00, real=0.02 secs] 
2014-07-10T12:09:37.453+0200: 84.333: [GC (Allocation Failure) 84.333: [ParNew: 153114K->3397K(153344K), 0.0050935 secs] 248901K->99201K(1031552K), 0.0053179 secs] [Times: user=0.00 sys=0.00, real=0.01 secs] 
2014-07-10T12:09:37.554+0200: 84.433: [GC (Allocation Failure) 84.434: [ParNew: 139717K->7319K(153344K), 0.0069102 secs] 235521K->103123K(1031552K), 0.0070682 secs] [Times: user=0.03 sys=0.00, real=0.01 secs] 
2014-07-10T12:09:37.680+0200: 84.560: [GC (Allocation Failure) 84.560: [ParNew: 143639K->11241K(153344K), 0.0091268 secs] 239443K->107045K(1031552K), 0.0092522 secs] [Times: user=0.03 sys=0.00, real=0.01 secs] 
2014-07-10T12:09:37.855+0200: 84.735: [GC (Allocation Failure) 84.735: [ParNew: 147561K->6971K(153344K), 0.0134673 secs] 243365K->102840K(1031552K), 0.0138251 secs] [Times: user=0.02 sys=0.00, real=0.01 secs] 
2014-07-10T12:09:37.956+0200: 84.835: [GC (Allocation Failure) 84.835: [ParNew: 143291K->10893K(153344K), 0.0090146 secs] 239160K->106761K(1031552K), 0.0092206 secs] [Times: user=0.03 sys=0.00, real=0.01 secs] 
2014-07-10T12:09:38.107+0200: 84.987: [GC (Allocation Failure) 84.987: [ParNew: 147213K->14777K(153344K), 0.0118299 secs] 243081K->110682K(1031552K), 0.0121052 secs] [Times: user=0.03 sys=0.00, real=0.01 secs] 
2014-07-10T12:09:38.264+0200: 85.144: [GC (Allocation Failure) 85.144: [ParNew: 151097K->17018K(153344K), 0.0229610 secs] 247002K->114604K(1031552K), 0.0231924 secs] [Times: user=0.03 sys=0.00, real=0.02 secs] 
2014-07-10T12:09:38.355+0200: 85.235: [GC (Allocation Failure) 85.235: [ParNew: 153338K->10401K(153344K), 0.0088481 secs] 250924K->108003K(1031552K), 0.0090120 secs] [Times: user=0.00 sys=0.00, real=0.01 secs] 
2014-07-10T12:09:38.511+0200: 85.391: [GC (Allocation Failure) 85.391: [ParNew: 146721K->14297K(153344K), 0.0115729 secs] 244323K->111923K(1031552K), 0.0117313 secs] [Times: user=0.00 sys=0.00, real=0.01 secs] 
2014-07-10T12:09:38.666+0200: 85.546: [GC (Allocation Failure) 85.546: [ParNew: 150617K->17018K(153344K), 0.0179969 secs] 248243K->115845K(1031552K), 0.0182301 secs] [Times: user=0.03 sys=0.00, real=0.02 secs] 
2014-07-10T12:09:38.762+0200: 85.642: [GC (Allocation Failure) 85.642: [ParNew: 153338K->17018K(153344K), 0.0196768 secs] 252165K->120952K(1031552K), 0.0198469 secs] [Times: user=0.03 sys=0.00, real=0.02 secs] 
2014-07-10T12:09:38.919+0200: 85.799: [GC (Allocation Failure) 85.799: [ParNew: 153338K->13792K(153344K), 0.0117339 secs] 257272K->117742K(1031552K), 0.0119175 secs] [Times: user=0.03 sys=0.00, real=0.01 secs] 
2014-07-10T12:09:39.059+0200: 85.939: [GC (Allocation Failure) 85.939: [ParNew: 150112K->17018K(153344K), 0.0158071 secs] 254062K->121664K(1031552K), 0.0159621 secs] [Times: user=0.03 sys=0.00, real=0.02 secs] 
2014-07-10T12:09:39.166+0200: 86.046: [GC (Allocation Failure) 86.046: [ParNew: 153338K->17018K(153344K), 0.0238453 secs] 257984K->126259K(1031552K), 0.0241163 secs] [Times: user=0.03 sys=0.00, real=0.03 secs] 
2014-07-10T12:09:39.288+0200: 86.168: [GC (Allocation Failure) 86.168: [ParNew: 153338K->17018K(153344K), 0.0228796 secs] 262579K->134759K(1031552K), 0.0230300 secs] [Times: user=0.05 sys=0.00, real=0.02 secs] 
2014-07-10T12:09:39.462+0200: 86.342: [GC (Allocation Failure) 86.342: [ParNew: 153338K->16167K(153344K), 0.0217156 secs] 271079K->133925K(1031552K), 0.0219557 secs] [Times: user=0.03 sys=0.00, real=0.02 secs] 
2014-07-10T12:09:39.559+0200: 86.439: [GC (Allocation Failure) 86.439: [ParNew: 152487K->17018K(153344K), 0.0147897 secs] 270245K->137845K(1031552K), 0.0149492 secs] [Times: user=0.02 sys=0.00, real=0.01 secs] 
2014-07-10T12:09:39.707+0200: 86.586: [GC (Allocation Failure) 86.587: [ParNew: 153338K->17018K(153344K), 0.0174268 secs] 274165K->144808K(1031552K), 0.0175819 secs] [Times: user=0.03 sys=0.00, real=0.02 secs] 
2014-07-10T12:09:39.868+0200: 86.748: [GC (Allocation Failure) 86.749: [ParNew: 153338K->17022K(153344K), 0.0185282 secs] 281128K->147550K(1031552K), 0.0187998 secs] [Times: user=0.03 sys=0.00, real=0.02 secs] 
2014-07-10T12:09:39.961+0200: 86.841: [GC (Allocation Failure) 86.841: [ParNew: 153342K->17018K(153344K), 0.0169425 secs] 283870K->154193K(1031552K), 0.0170914 secs] [Times: user=0.03 sys=0.00, real=0.02 secs] 
2014-07-10T12:09:40.110+0200: 86.990: [GC (Allocation Failure) 86.990: [ParNew: 153338K->17018K(153344K), 0.0202858 secs] 290513K->164743K(1031552K), 0.0204412 secs] [Times: user=0.03 sys=0.00, real=0.02 secs] 
2014-07-10T12:09:40.279+0200: 87.159: [GC (Allocation Failure) 87.159: [ParNew: 153338K->17018K(153344K), 0.0297044 secs] 301063K->179198K(1031552K), 0.0299394 secs] [Times: user=0.05 sys=0.00, real=0.03 secs] 
2014-07-10T12:09:40.376+0200: 87.256: [GC (Allocation Failure) 87.256: [ParNew: 153338K->17000K(153344K), 0.0144887 secs] 315518K->181277K(1031552K), 0.0146522 secs] [Times: user=0.03 sys=0.00, real=0.02 secs] 
2014-07-10T12:09:40.495+0200: 87.375: [GC (Allocation Failure) 87.376: [ParNew: 153320K->17018K(153344K), 0.0193241 secs] 317597K->187278K(1031552K), 0.0195272 secs] [Times: user=0.02 sys=0.00, real=0.02 secs] 
2014-07-10T12:09:40.669+0200: 87.549: [GC (Allocation Failure) 87.549: [ParNew: 153338K->17018K(153344K), 0.0260630 secs] 323598K->197155K(1031552K), 0.0263604 secs] [Times: user=0.06 sys=0.00, real=0.03 secs] 
2014-07-10T12:09:40.764+0200: 87.644: [GC (Allocation Failure) 87.644: [ParNew: 153338K->17022K(153344K), 0.0172182 secs] 333475K->202810K(1031552K), 0.0174169 secs] [Times: user=0.03 sys=0.00, real=0.02 secs] 
2014-07-10T12:09:40.908+0200: 87.788: [GC (Allocation Failure) 87.788: [ParNew: 153342K->17018K(153344K), 0.0193421 secs] 339130K->212367K(1031552K), 0.0194825 secs] [Times: user=0.06 sys=0.00, real=0.02 secs] 
2014-07-10T12:09:41.075+0200: 87.955: [GC (Allocation Failure) 87.955: [ParNew: 153338K->17018K(153344K), 0.0229163 secs] 348687K->225830K(1031552K), 0.0230897 secs] [Times: user=0.03 sys=0.00, real=0.02 secs] 
2014-07-10T12:09:41.164+0200: 88.044: [GC (Allocation Failure) 88.044: [ParNew: 153338K->17018K(153344K), 0.0238156 secs] 362150K->243198K(1031552K), 0.0239740 secs] [Times: user=0.03 sys=0.00, real=0.02 secs] 
2014-07-10T12:09:41.308+0200: 88.188: [GC (Allocation Failure) 88.188: [ParNew: 153338K->17018K(153344K), 0.0269664 secs] 379518K->264473K(1031552K), 0.0271050 secs] [Times: user=0.06 sys=0.00, real=0.03 secs] 
2014-07-10T12:09:41.468+0200: 88.348: [GC (Allocation Failure) 88.348: [ParNew: 153338K->17000K(153344K), 0.0221940 secs] 400793K->276413K(1031552K), 0.0223700 secs] [Times: user=0.06 sys=0.00, real=0.02 secs] 
2014-07-10T12:09:41.565+0200: 88.445: [GC (Allocation Failure) 88.445: [ParNew: 153320K->17018K(153344K), 0.0230681 secs] 412733K->292275K(1031552K), 0.0232598 secs] [Times: user=0.06 sys=0.00, real=0.02 secs] 
2014-07-10T12:09:41.704+0200: 88.584: [GC (Allocation Failure) 88.584: [ParNew: 153338K->17018K(153344K), 0.0256180 secs] 428595K->312013K(1031552K), 0.0257697 secs] [Times: user=0.06 sys=0.00, real=0.03 secs] 
2014-07-10T12:09:41.862+0200: 88.742: [GC (Allocation Failure) 88.743: [ParNew: 153338K->16994K(153344K), 0.0253437 secs] 448333K->323466K(1031552K), 0.0255358 secs] [Times: user=0.01 sys=0.02, real=0.03 secs] 
2014-07-10T12:09:41.967+0200: 88.847: [GC (Allocation Failure) 88.847: [ParNew: 153314K->17018K(153344K), 0.0269433 secs] 459786K->338850K(1031552K), 0.0271178 secs] [Times: user=0.05 sys=0.00, real=0.03 secs] 
2014-07-10T12:09:42.091+0200: 88.971: [GC (Allocation Failure) 88.971: [ParNew: 153338K->17018K(153344K), 0.0300094 secs] 475170K->358108K(1031552K), 0.0301674 secs] [Times: user=0.05 sys=0.00, real=0.03 secs] 
2014-07-10T12:09:42.271+0200: 89.151: [GC (Allocation Failure) 89.151: [ParNew: 153338K->17018K(153344K), 0.0276080 secs] 494428K->381271K(1031552K), 0.0277770 secs] [Times: user=0.03 sys=0.00, real=0.03 secs] 
2014-07-10T12:09:42.363+0200: 89.243: [GC (Allocation Failure) 89.243: [ParNew: 153338K->16996K(153344K), 0.0536923 secs] 517591K->396120K(1031552K), 0.0538738 secs] [Times: user=0.03 sys=0.00, real=0.05 secs] 
2014-07-10T12:09:42.489+0200: 89.369: [GC (Allocation Failure) 89.369: [ParNew: 153316K->17018K(153344K), 0.0477442 secs] 532440K->414896K(1031552K), 0.0479007 secs] [Times: user=0.05 sys=0.00, real=0.05 secs] 
2014-07-10T12:09:42.676+0200: 89.557: [GC (Allocation Failure) 89.557: [ParNew: 153338K->17018K(153344K), 0.0312009 secs] 551216K->437547K(1031552K), 0.0314165 secs] [Times: user=0.06 sys=0.00, real=0.03 secs] 
2014-07-10T12:09:42.770+0200: 89.650: [GC (Allocation Failure) 89.650: [ParNew: 153338K->17018K(153344K), 0.0306591 secs] 573867K->464104K(1031552K), 0.0308098 secs] [Times: user=0.06 sys=0.00, real=0.03 secs] 
2014-07-10T12:09:42.891+0200: 89.771: [GC (Allocation Failure) 89.771: [ParNew: 153338K->17022K(153344K), 0.0291926 secs] 600424K->486439K(1031552K), 0.0293649 secs] [Times: user=0.05 sys=0.00, real=0.03 secs] 
2014-07-10T12:09:43.073+0200: 89.954: [GC (Allocation Failure) 89.954: [ParNew: 153342K->17018K(153344K), 0.0408549 secs] 622759K->512676K(1031552K), 0.0410071 secs] [Times: user=0.03 sys=0.02, real=0.04 secs] 
2014-07-10T12:09:43.176+0200: 90.056: [GC (Allocation Failure) 90.057: [ParNew: 153338K->17018K(153344K), 0.0320266 secs] 648996K->542819K(1031552K), 0.0322271 secs] [Times: user=0.06 sys=0.00, real=0.03 secs] 
2014-07-10T12:09:43.297+0200: 90.177: [GC (Allocation Failure) 90.177: [ParNew: 153338K->17018K(153344K), 0.0356609 secs] 679139K->576868K(1031552K), 0.0358219 secs] [Times: user=0.09 sys=0.00, real=0.04 secs] 
2014-07-10T12:09:43.477+0200: 90.357: [GC (Allocation Failure) 90.357: [ParNew: 153338K->17004K(153344K), 0.0295530 secs] 713188K->597488K(1031552K), 0.0297066 secs] [Times: user=0.06 sys=0.00, real=0.03 secs] 
2014-07-10T12:09:43.585+0200: 90.465: [GC (Allocation Failure) 90.465: [ParNew: 153324K->17018K(153344K), 0.0285554 secs] 733808K->622026K(1031552K), 0.0287361 secs] [Times: user=0.06 sys=0.00, real=0.03 secs] 
2014-07-10T12:09:43.710+0200: 90.591: [GC (Allocation Failure) 90.591: [ParNew: 153338K->17018K(153344K), 0.0329431 secs] 758346K->650440K(1031552K), 0.0331206 secs] [Times: user=0.06 sys=0.00, real=0.03 secs] 
2014-07-10T12:09:43.886+0200: 90.766: [GC (Allocation Failure) 90.766: [ParNew: 153338K->16992K(153344K), 0.0341985 secs] 786760K->674634K(1031552K), 0.0344573 secs] [Times: user=0.06 sys=0.00, real=0.03 secs] 
2014-07-10T12:09:43.977+0200: 90.858: [GC (Allocation Failure) 90.858: [ParNew: 153312K->17018K(153344K), 0.0322051 secs] 810954K->702758K(1031552K), 0.0323595 secs] [Times: user=0.06 sys=0.00, real=0.03 secs] 
2014-07-10T12:09:44.096+0200: 90.976: [GC (Allocation Failure) 90.976: [ParNew: 153338K->17018K(153344K), 0.0347495 secs] 839078K->734758K(1031552K), 0.0349097 secs] [Times: user=0.06 sys=0.00, real=0.04 secs] 
2014-07-10T12:09:44.288+0200: 91.168: [GC (Allocation Failure) 91.168: [ParNew: 153338K->17018K(153344K), 0.0384121 secs] 871078K->770664K(1031552K), 0.0385932 secs] [Times: user=0.06 sys=0.00, real=0.04 secs] 
2014-07-10T12:09:44.328+0200: 91.208: [GC (CMS Initial Mark) [1 CMS-initial-mark: 753645K(878208K)] 776253K(1031552K), 0.0003993 secs] [Times: user=0.00 sys=0.00, real=0.00 secs] 
2014-07-10T12:09:44.328+0200: 91.208: [CMS-concurrent-mark-start]
2014-07-10T12:09:44.344+0200: 91.224: [CMS-concurrent-mark: 0.016/0.016 secs] [Times: user=0.03 sys=0.00, real=0.02 secs] 
2014-07-10T12:09:44.344+0200: 91.224: [CMS-concurrent-preclean-start]
2014-07-10T12:09:44.346+0200: 91.227: [CMS-concurrent-preclean: 0.002/0.002 secs] [Times: user=0.00 sys=0.00, real=0.00 secs] 
2014-07-10T12:09:44.347+0200: 91.227: [CMS-concurrent-abortable-preclean-start]
2014-07-10T12:09:44.385+0200: 91.265: [GC (Allocation Failure) 91.265: [ParNew: 153338K->16996K(153344K), 0.0314176 secs] 906984K->798287K(1031552K), 0.0315848 secs] [Times: user=0.06 sys=0.00, real=0.03 secs] 
2014-07-10T12:09:44.497+0200: 91.377: [GC (Allocation Failure) 91.377: [ParNew2014-07-10T12:09:44.531+0200: 91.411: [CMS-concurrent-abortable-preclean: 0.012/0.184 secs] [Times: user=0.23 sys=0.02, real=0.18 secs] 
: 153316K->17018K(153344K), 0.0352346 secs] 934607K->829837K(1031552K), 0.0353651 secs] [Times: user=0.09 sys=0.00, real=0.04 secs] 
2014-07-10T12:09:44.540+0200: 91.420: [GC (CMS Final Remark) [YG occupancy: 36502 K (153344 K)]91.420: [Rescan (parallel) , 0.0016564 secs]91.422: [weak refs processing, 0.0000319 secs]91.422: [class unloading, 0.0004927 secs]91.422: [scrub symbol table, 0.0005573 secs]91.423: [scrub string table, 0.0001679 secs][1 CMS-remark: 812819K(878208K)] 849321K(1031552K), 0.0031852 secs] [Times: user=0.00 sys=0.00, real=0.00 secs] 
2014-07-10T12:09:44.543+0200: 91.423: [CMS-concurrent-sweep-start]
2014-07-10T12:09:44.549+0200: 91.430: [CMS-concurrent-sweep: 0.006/0.006 secs] [Times: user=0.02 sys=0.00, real=0.01 secs] 
2014-07-10T12:09:44.549+0200: 91.430: [CMS-concurrent-reset-start]
2014-07-10T12:09:44.553+0200: 91.433: [CMS-concurrent-reset: 0.003/0.003 secs] [Times: user=0.00 sys=0.00, real=0.00 secs] 
2014-07-10T12:09:44.685+0200: 91.565: [GC (Allocation Failure) 91.565: [ParNew: 153338K->17018K(153344K), 0.0350333 secs] 250290K->149395K(1031552K), 0.0352082 secs] [Times: user=0.08 sys=0.00, real=0.04 secs] 
2014-07-10T12:09:44.781+0200: 91.661: [GC (Allocation Failure) 91.661: [ParNew: 153338K->17018K(153344K), 0.0443929 secs] 285715K->188726K(1031552K), 0.0445534 secs] [Times: user=0.05 sys=0.00, real=0.05 secs] 
2014-07-10T12:09:44.907+0200: 91.787: [GC (Allocation Failure) 91.787: [ParNew: 153338K->16994K(153344K), 0.0416047 secs] 325046K->219774K(1031552K), 0.0417422 secs] [Times: user=0.05 sys=0.00, real=0.04 secs] 
2014-07-10T12:09:45.078+0200: 91.958: [GC (Allocation Failure) 91.958: [ParNew: 153314K->17018K(153344K), 0.0376235 secs] 356094K->254751K(1031552K), 0.0378079 secs] [Times: user=0.06 sys=0.00, real=0.04 secs] 
2014-07-10T12:09:45.173+0200: 92.053: [GC (Allocation Failure) 92.054: [ParNew: 153338K->17018K(153344K), 0.0376206 secs] 391071K->293602K(1031552K), 0.0377683 secs] [Times: user=0.06 sys=0.00, real=0.04 secs] 
2014-07-10T12:09:45.325+0200: 92.205: [GC (Allocation Failure) 92.205: [ParNew: 153338K->16996K(153344K), 0.0389096 secs] 429922K->331279K(1031552K), 0.0390706 secs] [Times: user=0.08 sys=0.00, real=0.04 secs] 
2014-07-10T12:09:45.475+0200: 92.356: [GC (Allocation Failure) 92.356: [ParNew: 153316K->17022K(153344K), 0.0341930 secs] 467599K->364753K(1031552K), 0.0343642 secs] [Times: user=0.06 sys=0.00, real=0.04 secs] 
2014-07-10T12:09:45.582+0200: 92.462: [GC (Allocation Failure) 92.463: [ParNew: 153342K->17018K(153344K), 0.0375175 secs] 501073K->402100K(1031552K), 0.0376690 secs] [Times: user=0.06 sys=0.00, real=0.04 secs] 
2014-07-10T12:09:45.701+0200: 92.581: [GC (Allocation Failure) 92.581: [ParNew: 153338K->17018K(153344K), 0.0429377 secs] 538420K->443352K(1031552K), 0.0430998 secs] [Times: user=0.06 sys=0.00, real=0.04 secs] 
2014-07-10T12:09:45.892+0200: 92.773: [GC (Allocation Failure) 92.773: [ParNew: 153338K->17022K(153344K), 0.0422925 secs] 579672K->480382K(1031552K), 0.0426158 secs] [Times: user=0.09 sys=0.00, real=0.04 secs] 
2014-07-10T12:09:45.989+0200: 92.869: [GC (Allocation Failure) 92.869: [ParNew: 153342K->17018K(153344K), 0.0388301 secs] 616702K->521314K(1031552K), 0.0389503 secs] [Times: user=0.08 sys=0.00, real=0.04 secs] 
2014-07-10T12:09:46.102+0200: 92.982: [GC (Allocation Failure) 92.982: [ParNew: 153338K->17018K(153344K), 0.0424417 secs] 657634K->566152K(1031552K), 0.0425953 secs] [Times: user=0.08 sys=0.00, real=0.04 secs] 
2014-07-10T12:09:46.302+0200: 93.182: [GC (Allocation Failure) 93.183: [ParNew: 153338K->186K(153344K), 0.0102912 secs] 702472K->549336K(1031552K), 0.0104756 secs] [Times: user=0.02 sys=0.00, real=0.01 secs] 
2014-07-10T12:09:46.375+0200: 93.255: [GC (Allocation Failure) 93.255: [ParNew: 136506K->17014K(153344K), 0.0490604 secs] 685656K->602534K(1031552K), 0.0492393 secs] [Times: user=0.06 sys=0.00, real=0.05 secs] 
2014-07-10T12:09:46.502+0200: 93.382: [GC (Allocation Failure) 93.382: [ParNew: 153334K->17018K(153344K), 0.0409173 secs] 738854K->642826K(1031552K), 0.0410881 secs] [Times: user=0.09 sys=0.00, real=0.04 secs] 
2014-07-10T12:09:46.688+0200: 93.569: [GC (Allocation Failure) 93.569: [ParNew: 153338K->17018K(153344K), 0.0418972 secs] 779146K->686992K(1031552K), 0.0420831 secs] [Times: user=0.09 sys=0.00, real=0.04 secs] 
2014-07-10T12:09:46.790+0200: 93.671: [GC (Allocation Failure) 93.671: [ParNew: 153338K->17018K(153344K), 0.0433132 secs] 823312K->735064K(1031552K), 0.0434664 secs] [Times: user=0.08 sys=0.00, real=0.04 secs] 
2014-07-10T12:09:46.835+0200: 93.716: [GC (CMS Initial Mark) [1 CMS-initial-mark: 718045K(878208K)] 740629K(1031552K), 0.0003619 secs] [Times: user=0.00 sys=0.00, real=0.00 secs] 
2014-07-10T12:09:46.836+0200: 93.716: [CMS-concurrent-mark-start]
2014-07-10T12:09:46.844+0200: 93.724: [CMS-concurrent-mark: 0.008/0.008 secs] [Times: user=0.02 sys=0.00, real=0.01 secs] 
2014-07-10T12:09:46.844+0200: 93.724: [CMS-concurrent-preclean-start]
2014-07-10T12:09:46.846+0200: 93.727: [CMS-concurrent-preclean: 0.002/0.002 secs] [Times: user=0.00 sys=0.00, real=0.00 secs] 
2014-07-10T12:09:46.846+0200: 93.727: [CMS-concurrent-abortable-preclean-start]
2014-07-10T12:09:46.911+0200: 93.791: [GC (Allocation Failure) 93.791: [ParNew2014-07-10T12:09:46.949+0200: 93.829: [CMS-concurrent-abortable-preclean: 0.002/0.103 secs] [Times: user=0.14 sys=0.00, real=0.10 secs] 
: 153338K->17022K(153344K), 0.0429616 secs] 871384K->778913K(1031552K), 0.0431324 secs] [Times: user=0.08 sys=0.00, real=0.04 secs] 
2014-07-10T12:09:46.954+0200: 93.834: [GC (CMS Final Remark) [YG occupancy: 17054 K (153344 K)]93.834: [Rescan (parallel) , 0.0013998 secs]93.836: [weak refs processing, 0.0000286 secs]93.836: [class unloading, 0.0006401 secs]93.837: [scrub symbol table, 0.0006676 secs]93.837: [scrub string table, 0.0002013 secs][1 CMS-remark: 761891K(878208K)] 778945K(1031552K), 0.0030984 secs] [Times: user=0.00 sys=0.00, real=0.00 secs] 
2014-07-10T12:09:46.957+0200: 93.838: [CMS-concurrent-sweep-start]
2014-07-10T12:09:46.969+0200: 93.850: [CMS-concurrent-sweep: 0.012/0.012 secs] [Times: user=0.03 sys=0.00, real=0.01 secs] 
2014-07-10T12:09:46.970+0200: 93.850: [CMS-concurrent-reset-start]
2014-07-10T12:09:46.975+0200: 93.856: [CMS-concurrent-reset: 0.005/0.005 secs] [Times: user=0.00 sys=0.00, real=0.00 secs] 
2014-07-10T12:09:47.099+0200: 93.979: [GC (Allocation Failure) 93.979: [ParNew: 153342K->17018K(153344K), 0.0471649 secs] 199093K->110524K(1031552K), 0.0474351 secs] [Times: user=0.09 sys=0.00, real=0.05 secs] 
2014-07-10T12:09:47.253+0200: 94.134: [GC (Allocation Failure) 94.134: [ParNew: 153338K->3099K(153344K), 0.0094039 secs] 246844K->96622K(1031552K), 0.0097346 secs] [Times: user=0.03 sys=0.00, real=0.01 secs] 
2014-07-10T12:09:47.322+0200: 94.202: [GC (Allocation Failure) 94.202: [ParNew: 139419K->7099K(153344K), 0.0068922 secs] 232942K->100622K(1031552K), 0.0070616 secs] [Times: user=0.03 sys=0.00, real=0.01 secs] 
2014-07-10T12:09:47.485+0200: 94.365: [GC (Allocation Failure) 94.365: [ParNew: 143419K->17000K(153344K), 0.0434415 secs] 236942K->156817K(1031552K), 0.0436021 secs] [Times: user=0.09 sys=0.00, real=0.04 secs] 
2014-07-10T12:09:47.653+0200: 94.533: [GC (Allocation Failure) 94.533: [ParNew: 153320K->1594K(153344K), 0.0126695 secs] 293137K->141472K(1031552K), 0.0129873 secs] [Times: user=0.00 sys=0.02, real=0.01 secs] 
2014-07-10T12:09:47.753+0200: 94.633: [GC (Allocation Failure) 94.634: [ParNew: 137914K->5516K(153344K), 0.0060277 secs] 277792K->145394K(1031552K), 0.0061762 secs] [Times: user=0.03 sys=0.00, real=0.01 secs] 
2014-07-10T12:09:47.889+0200: 94.770: [GC (Allocation Failure) 94.770: [ParNew: 141836K->16996K(153344K), 0.0421029 secs] 281714K->202656K(1031552K), 0.0423053 secs] [Times: user=0.09 sys=0.00, real=0.04 secs] 
2014-07-10T12:09:48.052+0200: 94.932: [GC (Allocation Failure) 94.932: [ParNew: 153316K->1082K(153344K), 0.0029176 secs] 338976K->186799K(1031552K), 0.0030386 secs] [Times: user=0.00 sys=0.00, real=0.00 secs] 
2014-07-10T12:09:48.153+0200: 95.033: [GC (Allocation Failure) 95.033: [ParNew: 137402K->5004K(153344K), 0.0104012 secs] 323119K->190721K(1031552K), 0.0106164 secs] [Times: user=0.00 sys=0.00, real=0.01 secs] 
2014-07-10T12:09:48.290+0200: 95.171: [GC (Allocation Failure) 95.171: [ParNew: 141324K->8926K(153344K), 0.0088705 secs] 327041K->194643K(1031552K), 0.0090531 secs] [Times: user=0.00 sys=0.00, real=0.01 secs] 
2014-07-10T12:09:48.452+0200: 95.332: [GC (Allocation Failure) 95.332: [ParNew: 145246K->572K(153344K), 0.0027365 secs] 330963K->186345K(1031552K), 0.0028483 secs] [Times: user=0.00 sys=0.00, real=0.00 secs] 
2014-07-10T12:09:48.553+0200: 95.433: [GC (Allocation Failure) 95.433: [ParNew: 136892K->4494K(153344K), 0.0054096 secs] 322665K->190267K(1031552K), 0.0055562 secs] [Times: user=0.03 sys=0.00, real=0.01 secs] 
2014-07-10T12:09:48.692+0200: 95.572: [GC (Allocation Failure) 95.572: [ParNew: 140814K->8414K(153344K), 0.0125643 secs] 326587K->194187K(1031552K), 0.0127109 secs] [Times: user=0.02 sys=0.00, real=0.01 secs] 
2014-07-10T12:09:48.853+0200: 95.734: [GC (Allocation Failure) 95.734: [ParNew: 144734K->4210K(153344K), 0.0102307 secs] 330507K->189983K(1031552K), 0.0105060 secs] [Times: user=0.00 sys=0.00, real=0.01 secs] 
2014-07-10T12:09:48.954+0200: 95.833: [GC (Allocation Failure) 95.833: [ParNew: 140530K->8132K(153344K), 0.0075334 secs] 326303K->193905K(1031552K), 0.0076962 secs] [Times: user=0.00 sys=0.00, real=0.01 secs] 
2014-07-10T12:09:49.087+0200: 95.967: [GC (Allocation Failure) 95.967: [ParNew: 144452K->12054K(153344K), 0.0099766 secs] 330225K->197827K(1031552K), 0.0101640 secs] [Times: user=0.00 sys=0.00, real=0.01 secs] 
2014-07-10T12:09:49.258+0200: 96.137: [GC (Allocation Failure) 96.137: [ParNew: 148374K->15865K(153344K), 0.0164454 secs] 334147K->201748K(1031552K), 0.0166474 secs] [Times: user=0.03 sys=0.00, real=0.02 secs] 
2014-07-10T12:09:49.352+0200: 96.232: [GC (Allocation Failure) 96.232: [ParNew: 152185K->2437K(153344K), 0.0043566 secs] 338068K->188335K(1031552K), 0.0044824 secs] [Times: user=0.00 sys=0.00, real=0.01 secs] 
2014-07-10T12:09:49.485+0200: 96.365: [GC (Allocation Failure) 96.365: [ParNew: 138757K->6359K(153344K), 0.0078047 secs] 324655K->192257K(1031552K), 0.0080064 secs] [Times: user=0.02 sys=0.00, real=0.01 secs] 
2014-07-10T12:09:49.654+0200: 96.534: [GC (Allocation Failure) 96.534: [ParNew: 142679K->10281K(153344K), 0.0163467 secs] 328577K->196179K(1031552K), 0.0165993 secs] [Times: user=0.03 sys=0.00, real=0.02 secs] 
2014-07-10T12:09:49.757+0200: 96.636: [GC (Allocation Failure) 96.636: [ParNew: 146601K->6008K(153344K), 0.0060486 secs] 332499K->191972K(1031552K), 0.0062418 secs] [Times: user=0.00 sys=0.00, real=0.01 secs] 
2014-07-10T12:09:49.896+0200: 96.775: [GC (Allocation Failure) 96.775: [ParNew: 142328K->9930K(153344K), 0.0083217 secs] 328292K->195894K(1031552K), 0.0084687 secs] [Times: user=0.01 sys=0.00, real=0.01 secs] 
2014-07-10T12:09:50.057+0200: 96.936: [GC (Allocation Failure) 96.936: [ParNew: 146250K->13816K(153344K), 0.0106787 secs] 332214K->199816K(1031552K), 0.0108356 secs] [Times: user=0.00 sys=0.00, real=0.01 secs] 
2014-07-10T12:09:50.159+0200: 97.039: [GC (Allocation Failure) 97.039: [ParNew: 150136K->17018K(153344K), 0.0177058 secs] 336136K->203738K(1031552K), 0.0178770 secs] [Times: user=0.02 sys=0.00, real=0.02 secs] 
2014-07-10T12:09:50.304+0200: 97.184: [GC (Allocation Failure) 97.184: [ParNew: 153338K->17018K(153344K), 0.0195250 secs] 340058K->208364K(1031552K), 0.0197835 secs] [Times: user=0.03 sys=0.00, real=0.02 secs] 
2014-07-10T12:09:50.462+0200: 97.342: [GC (Allocation Failure) 97.342: [ParNew: 153338K->13312K(153344K), 0.0155768 secs] 344684K->204675K(1031552K), 0.0157939 secs] [Times: user=0.03 sys=0.00, real=0.02 secs] 
2014-07-10T12:09:50.563+0200: 97.443: [GC (Allocation Failure) 97.443: [ParNew: 149632K->17018K(153344K), 0.0227898 secs] 340995K->208598K(1031552K), 0.0230329 secs] [Times: user=0.06 sys=0.00, real=0.02 secs] 
2014-07-10T12:09:50.683+0200: 97.562: [GC (Allocation Failure) 97.562: [ParNew: 153338K->17018K(153344K), 0.0153711 secs] 344918K->212712K(1031552K), 0.0155328 secs] [Times: user=0.03 sys=0.00, real=0.01 secs] 
2014-07-10T12:09:50.855+0200: 97.735: [GC (Allocation Failure) 97.735: [ParNew: 153338K->12800K(153344K), 0.0104672 secs] 349032K->208510K(1031552K), 0.0106428 secs] [Times: user=0.03 sys=0.00, real=0.01 secs] 
2014-07-10T12:09:50.957+0200: 97.837: [GC (Allocation Failure) 97.837: [ParNew: 149120K->16698K(153344K), 0.0126988 secs] 344830K->212432K(1031552K), 0.0128649 secs] [Times: user=0.03 sys=0.00, real=0.01 secs] 
2014-07-10T12:09:51.091+0200: 97.970: [GC (Allocation Failure) 97.971: [ParNew: 153018K->17018K(153344K), 0.0148722 secs] 348752K->216354K(1031552K), 0.0150445 secs] [Times: user=0.03 sys=0.00, real=0.01 secs] 
2014-07-10T12:09:51.272+0200: 98.152: [GC (Allocation Failure) 98.152: [ParNew: 153338K->17018K(153344K), 0.0222329 secs] 352674K->223862K(1031552K), 0.0225046 secs] [Times: user=0.03 sys=0.00, real=0.02 secs] 
2014-07-10T12:09:51.357+0200: 98.237: [GC (Allocation Failure) 98.237: [ParNew: 153338K->15173K(153344K), 0.0116862 secs] 360182K->222033K(1031552K), 0.0118592 secs] [Times: user=0.03 sys=0.00, real=0.01 secs] 
2014-07-10T12:09:51.497+0200: 98.376: [GC (Allocation Failure) 98.377: [ParNew: 151493K->17018K(153344K), 0.0145862 secs] 358353K->225956K(1031552K), 0.0147332 secs] [Times: user=0.03 sys=0.00, real=0.02 secs] 
2014-07-10T12:09:51.668+0200: 98.548: [GC (Allocation Failure) 98.548: [ParNew: 153338K->17018K(153344K), 0.0281283 secs] 362276K->231927K(1031552K), 0.0283512 secs] [Times: user=0.06 sys=0.00, real=0.03 secs] 
2014-07-10T12:09:51.762+0200: 98.641: [GC (Allocation Failure) 98.641: [ParNew: 153338K->17018K(153344K), 0.0191874 secs] 368247K->241804K(1031552K), 0.0193362 secs] [Times: user=0.03 sys=0.00, real=0.02 secs] 
2014-07-10T12:09:51.899+0200: 98.779: [GC (Allocation Failure) 98.779: [ParNew: 153338K->17022K(153344K), 0.0164729 secs] 378124K->247459K(1031552K), 0.0166404 secs] [Times: user=0.03 sys=0.00, real=0.02 secs] 
2014-07-10T12:09:52.072+0200: 98.951: [GC (Allocation Failure) 98.951: [ParNew: 153342K->17018K(153344K), 0.0260777 secs] 383779K->257016K(1031552K), 0.0262610 secs] [Times: user=0.06 sys=0.00, real=0.03 secs] 
2014-07-10T12:09:52.164+0200: 99.044: [GC (Allocation Failure) 99.044: [ParNew: 153338K->17018K(153344K), 0.0215217 secs] 393336K->270478K(1031552K), 0.0217200 secs] [Times: user=0.03 sys=0.00, real=0.02 secs] 
2014-07-10T12:09:52.301+0200: 99.181: [GC (Allocation Failure) 99.181: [ParNew: 153338K->16994K(153344K), 0.0264568 secs] 406798K->275625K(1031552K), 0.0266244 secs] [Times: user=0.03 sys=0.00, real=0.03 secs] 
2014-07-10T12:09:52.466+0200: 99.346: [GC (Allocation Failure) 99.346: [ParNew: 153314K->17022K(153344K), 0.0214025 secs] 411945K->280640K(1031552K), 0.0216371 secs] [Times: user=0.06 sys=0.00, real=0.02 secs] 
2014-07-10T12:09:52.561+0200: 99.441: [GC (Allocation Failure) 99.441: [ParNew: 153342K->17018K(153344K), 0.0195815 secs] 416960K->289524K(1031552K), 0.0197241 secs] [Times: user=0.06 sys=0.00, real=0.02 secs] 
2014-07-10T12:09:52.703+0200: 99.583: [GC (Allocation Failure) 99.583: [ParNew: 153338K->17018K(153344K), 0.0221735 secs] 425844K->302315K(1031552K), 0.0224001 secs] [Times: user=0.06 sys=0.00, real=0.02 secs] 
2014-07-10T12:09:52.860+0200: 99.740: [GC (Allocation Failure) 99.740: [ParNew: 153338K->17022K(153344K), 0.0186517 secs] 438635K->310883K(1031552K), 0.0189351 secs] [Times: user=0.03 sys=0.02, real=0.02 secs] 
2014-07-10T12:09:52.962+0200: 99.841: [GC (Allocation Failure) 99.841: [ParNew: 153342K->17018K(153344K), 0.0208071 secs] 447203K->323353K(1031552K), 0.0209673 secs] [Times: user=0.03 sys=0.00, real=0.02 secs] 
2014-07-10T12:09:53.101+0200: 99.981: [GC (Allocation Failure) 99.981: [ParNew: 153338K->17018K(153344K), 0.0236400 secs] 459673K->339729K(1031552K), 0.0238054 secs] [Times: user=0.03 sys=0.00, real=0.02 secs] 
2014-07-10T12:09:53.278+0200: 100.158: [GC (Allocation Failure) 100.158: [ParNew: 153338K->17018K(153344K), 0.0291097 secs] 476049K->360011K(1031552K), 0.0293312 secs] [Times: user=0.06 sys=0.00, real=0.03 secs] 
2014-07-10T12:09:53.367+0200: 100.246: [GC (Allocation Failure) 100.246: [ParNew: 153338K->16998K(153344K), 0.0313161 secs] 496331K->370957K(1031552K), 0.0314752 secs] [Times: user=0.03 sys=0.00, real=0.03 secs] 
2014-07-10T12:09:53.486+0200: 100.366: [GC (Allocation Failure) 100.366: [ParNew: 153318K->17018K(153344K), 0.0228877 secs] 507277K->385829K(1031552K), 0.0230380 secs] [Times: user=0.03 sys=0.00, real=0.02 secs] 
2014-07-10T12:09:53.676+0200: 100.556: [GC (Allocation Failure) 100.556: [ParNew: 153338K->17018K(153344K), 0.0267684 secs] 522149K->404574K(1031552K), 0.0269243 secs] [Times: user=0.03 sys=0.00, real=0.03 secs] 
2014-07-10T12:09:53.769+0200: 100.648: [GC (Allocation Failure) 100.649: [ParNew: 153338K->17018K(153344K), 0.0276652 secs] 540894K->427225K(1031552K), 0.0278232 secs] [Times: user=0.05 sys=0.00, real=0.03 secs] 
2014-07-10T12:09:53.894+0200: 100.773: [GC (Allocation Failure) 100.773: [ParNew: 153338K->16994K(153344K), 0.0230827 secs] 563545K->441592K(1031552K), 0.0232485 secs] [Times: user=0.03 sys=0.00, real=0.02 secs] 
2014-07-10T12:09:54.070+0200: 100.950: [GC (Allocation Failure) 100.950: [ParNew: 153314K->17018K(153344K), 0.0281125 secs] 577912K->459889K(1031552K), 0.0282778 secs] [Times: user=0.03 sys=0.00, real=0.03 secs] 
2014-07-10T12:09:54.166+0200: 101.046: [GC (Allocation Failure) 101.046: [ParNew: 153338K->17018K(153344K), 0.0272333 secs] 596209K->482060K(1031552K), 0.0273935 secs] [Times: user=0.06 sys=0.00, real=0.03 secs] 
2014-07-10T12:09:54.303+0200: 101.183: [GC (Allocation Failure) 101.183: [ParNew: 153338K->17018K(153344K), 0.0296805 secs] 618380K->508137K(1031552K), 0.0298529 secs] [Times: user=0.06 sys=0.00, real=0.03 secs] 
2014-07-10T12:09:54.476+0200: 101.356: [GC (Allocation Failure) 101.356: [ParNew: 153338K->16994K(153344K), 0.0310756 secs] 644457K->525930K(1031552K), 0.0312878 secs] [Times: user=0.06 sys=0.00, real=0.03 secs] 
2014-07-10T12:09:54.571+0200: 101.451: [GC (Allocation Failure) 101.451: [ParNew: 153314K->17018K(153344K), 0.0277290 secs] 662250K->547653K(1031552K), 0.0278778 secs] [Times: user=0.06 sys=0.00, real=0.03 secs] 
2014-07-10T12:09:54.693+0200: 101.573: [GC (Allocation Failure) 101.573: [ParNew: 153338K->17018K(153344K), 0.0330146 secs] 683973K->573250K(1031552K), 0.0331672 secs] [Times: user=0.05 sys=0.00, real=0.03 secs] 
2014-07-10T12:09:54.865+0200: 101.745: [GC (Allocation Failure) 101.745: [ParNew: 153338K->17022K(153344K), 0.0278375 secs] 709570K->594624K(1031552K), 0.0279919 secs] [Times: user=0.06 sys=0.00, real=0.03 secs] 
2014-07-10T12:09:54.970+0200: 101.850: [GC (Allocation Failure) 101.850: [ParNew: 153342K->17018K(153344K), 0.0299115 secs] 730944K->619901K(1031552K), 0.0300798 secs] [Times: user=0.06 sys=0.00, real=0.03 secs] 
2014-07-10T12:09:55.098+0200: 101.978: [GC (Allocation Failure) 101.978: [ParNew: 153338K->17018K(153344K), 0.0323855 secs] 756221K->649083K(1031552K), 0.0325384 secs] [Times: user=0.06 sys=0.00, real=0.03 secs] 
2014-07-10T12:09:55.287+0200: 102.167: [GC (Allocation Failure) 102.167: [ParNew: 153338K->17018K(153344K), 0.0401983 secs] 785403K->682171K(1031552K), 0.0405334 secs] [Times: user=0.09 sys=0.00, real=0.04 secs] 
2014-07-10T12:09:55.386+0200: 102.265: [GC (Allocation Failure) 102.265: [ParNew: 153338K->17002K(153344K), 0.0440079 secs] 818491K->701829K(1031552K), 0.0441513 secs] [Times: user=0.05 sys=0.00, real=0.04 secs] 
2014-07-10T12:09:55.495+0200: 102.375: [GC (Allocation Failure) 102.375: [ParNew: 153322K->17018K(153344K), 0.0355656 secs] 838149K->725409K(1031552K), 0.0357097 secs] [Times: user=0.05 sys=0.00, real=0.04 secs] 
2014-07-10T12:09:55.671+0200: 102.551: [GC (Allocation Failure) 102.551: [ParNew: 153338K->17018K(153344K), 0.0496000 secs] 861729K->752862K(1031552K), 0.0497581 secs] [Times: user=0.05 sys=0.00, real=0.05 secs] 
2014-07-10T12:09:55.794+0200: 102.674: [GC (Allocation Failure) 102.674: [ParNew: 153338K->17022K(153344K), 0.0289708 secs] 889182K->776094K(1031552K), 0.0291552 secs] [Times: user=0.03 sys=0.00, real=0.03 secs] 
2014-07-10T12:09:55.906+0200: 102.786: [GC (Allocation Failure) 102.786: [ParNew: 153342K->17018K(153344K), 0.0309150 secs] 912414K->803227K(1031552K), 0.0310704 secs] [Times: user=0.06 sys=0.00, real=0.03 secs] 
2014-07-10T12:09:55.938+0200: 102.818: [GC (CMS Initial Mark) [1 CMS-initial-mark: 786209K(878208K)] 803259K(1031552K), 0.0005232 secs] [Times: user=0.00 sys=0.00, real=0.00 secs] 
2014-07-10T12:09:55.939+0200: 102.819: [CMS-concurrent-mark-start]
2014-07-10T12:09:55.952+0200: 102.832: [CMS-concurrent-mark: 0.013/0.013 secs] [Times: user=0.03 sys=0.00, real=0.01 secs] 
2014-07-10T12:09:55.952+0200: 102.832: [CMS-concurrent-preclean-start]
2014-07-10T12:09:55.955+0200: 102.834: [CMS-concurrent-preclean: 0.002/0.002 secs] [Times: user=0.00 sys=0.00, real=0.00 secs] 
2014-07-10T12:09:55.955+0200: 102.835: [CMS-concurrent-abortable-preclean-start]
2014-07-10T12:09:56.083+0200: 102.963: [GC (Allocation Failure) 102.963: [ParNew: 153338K->17018K(153344K), 0.0357038 secs] 939547K->834267K(1031552K), 0.0358846 secs] [Times: user=0.06 sys=0.00, real=0.04 secs] 
2014-07-10T12:09:56.173+0200: 103.053: [GC (Allocation Failure) 103.053: [ParNew: 153338K->17018K(153344K), 0.0372041 secs] 970587K->869212K(1031552K), 0.0373595 secs] [Times: user=0.05 sys=0.00, real=0.04 secs] 
2014-07-10T12:09:56.220+0200: 103.100: [CMS-concurrent-abortable-preclean: 0.029/0.266 secs] [Times: user=0.27 sys=0.03, real=0.27 secs] 
2014-07-10T12:09:56.220+0200: 103.100: [GC (CMS Final Remark) [YG occupancy: 30944 K (153344 K)]103.100: [Rescan (parallel) , 0.0025748 secs]103.103: [weak refs processing, 0.0000348 secs]103.103: [class unloading, 0.0004542 secs]103.103: [scrub symbol table, 0.0006027 secs]103.104: [scrub string table, 0.0001826 secs][1 CMS-remark: 852193K(878208K)] 883138K(1031552K), 0.0040453 secs] [Times: user=0.00 sys=0.00, real=0.00 secs] 
2014-07-10T12:09:56.225+0200: 103.104: [CMS-concurrent-sweep-start]
2014-07-10T12:09:56.231+0200: 103.111: [CMS-concurrent-sweep: 0.007/0.007 secs] [Times: user=0.01 sys=0.00, real=0.01 secs] 
2014-07-10T12:09:56.231+0200: 103.111: [CMS-concurrent-reset-start]
2014-07-10T12:09:56.234+0200: 103.114: [CMS-concurrent-reset: 0.003/0.003 secs] [Times: user=0.00 sys=0.00, real=0.00 secs] 
2014-07-10T12:09:56.302+0200: 103.182: [GC (Allocation Failure) 103.182: [ParNew: 153338K->17018K(153344K), 0.0460350 secs] 248435K->150966K(1031552K), 0.0461901 secs] [Times: user=0.06 sys=0.00, real=0.05 secs] 
2014-07-10T12:09:56.491+0200: 103.371: [GC (Allocation Failure) 103.371: [ParNew: 153338K->16994K(153344K), 0.0350670 secs] 287286K->181533K(1031552K), 0.0352705 secs] [Times: user=0.05 sys=0.01, real=0.04 secs] 
2014-07-10T12:09:56.579+0200: 103.459: [GC (Allocation Failure) 103.459: [ParNew: 153314K->17018K(153344K), 0.0347414 secs] 317853K->216030K(1031552K), 0.0349798 secs] [Times: user=0.06 sys=0.00, real=0.04 secs] 
2014-07-10T12:09:56.710+0200: 103.589: [GC (Allocation Failure) 103.590: [ParNew: 153338K->17018K(153344K), 0.0388315 secs] 352350K->254401K(1031552K), 0.0389936 secs] [Times: user=0.08 sys=0.00, real=0.04 secs] 
2014-07-10T12:09:56.872+0200: 103.752: [GC (Allocation Failure) 103.752: [ParNew: 153338K->16994K(153344K), 0.0327283 secs] 390721K->284488K(1031552K), 0.0329047 secs] [Times: user=0.06 sys=0.00, real=0.03 secs] 
2014-07-10T12:09:56.985+0200: 103.865: [GC (Allocation Failure) 103.865: [ParNew: 153314K->17018K(153344K), 0.0398625 secs] 420808K->318505K(1031552K), 0.0400663 secs] [Times: user=0.05 sys=0.00, real=0.04 secs] 
2014-07-10T12:09:57.103+0200: 103.982: [GC (Allocation Failure) 103.983: [ParNew: 153338K->17018K(153344K), 0.0388367 secs] 454825K->356396K(1031552K), 0.0390200 secs] [Times: user=0.09 sys=0.00, real=0.04 secs] 
2014-07-10T12:09:57.289+0200: 104.169: [GC (Allocation Failure) 104.169: [ParNew: 153338K->17018K(153344K), 0.0463272 secs] 492716K->398192K(1031552K), 0.0464889 secs] [Times: user=0.08 sys=0.00, real=0.05 secs] 
2014-07-10T12:09:57.392+0200: 104.272: [GC (Allocation Failure) 104.272: [ParNew: 153338K->16998K(153344K), 0.0337065 secs] 534512K->430652K(1031552K), 0.0338575 secs] [Times: user=0.06 sys=0.00, real=0.03 secs] 
2014-07-10T12:09:57.521+0200: 104.401: [GC (Allocation Failure) 104.401: [ParNew: 153318K->17018K(153344K), 0.0361236 secs] 566972K->467038K(1031552K), 0.0362512 secs] [Times: user=0.09 sys=0.00, real=0.04 secs] 
2014-07-10T12:09:57.678+0200: 104.558: [GC (Allocation Failure) 104.559: [ParNew: 153338K->17018K(153344K), 0.0467983 secs] 603358K->507298K(1031552K), 0.0477438 secs] [Times: user=0.08 sys=0.00, real=0.05 secs] 
2014-07-10T12:09:57.781+0200: 104.661: [GC (Allocation Failure) 104.661: [ParNew: 153338K->17018K(153344K), 0.0423031 secs] 643618K->551464K(1031552K), 0.0424574 secs] [Times: user=0.09 sys=0.00, real=0.04 secs] 
2014-07-10T12:09:57.903+0200: 104.783: [GC (Allocation Failure) 104.783: [ParNew: 153338K->17022K(153344K), 0.0382955 secs] 687784K->591407K(1031552K), 0.0384539 secs] [Times: user=0.06 sys=0.00, real=0.04 secs] 
2014-07-10T12:09:58.088+0200: 104.968: [GC (Allocation Failure) 104.968: [ParNew: 153342K->17018K(153344K), 0.0595033 secs] 727727K->635253K(1031552K), 0.0596489 secs] [Times: user=0.06 sys=0.00, real=0.06 secs] 
2014-07-10T12:09:58.206+0200: 105.086: [GC (Allocation Failure) 105.086: [ParNew: 153338K->17018K(153344K), 0.0470879 secs] 771573K->683004K(1031552K), 0.0473321 secs] [Times: user=0.08 sys=0.00, real=0.05 secs] 
2014-07-10T12:09:58.326+0200: 105.206: [GC (Allocation Failure) 105.206: [ParNew: 153338K->16998K(153344K), 0.0407149 secs] 819324K->718378K(1031552K), 0.0408967 secs] [Times: user=0.06 sys=0.00, real=0.04 secs] 
2014-07-10T12:09:58.367+0200: 105.247: [GC (CMS Initial Mark) [1 CMS-initial-mark: 701379K(878208K)] 721189K(1031552K), 0.0003153 secs] [Times: user=0.00 sys=0.00, real=0.00 secs] 
2014-07-10T12:09:58.367+0200: 105.247: [CMS-concurrent-mark-start]
2014-07-10T12:09:58.383+0200: 105.263: [CMS-concurrent-mark: 0.016/0.016 secs] [Times: user=0.06 sys=0.00, real=0.02 secs] 
2014-07-10T12:09:58.383+0200: 105.263: [CMS-concurrent-preclean-start]
2014-07-10T12:09:58.386+0200: 105.266: [CMS-concurrent-preclean: 0.002/0.002 secs] [Times: user=0.00 sys=0.00, real=0.00 secs] 
2014-07-10T12:09:58.386+0200: 105.266: [CMS-concurrent-abortable-preclean-start]
2014-07-10T12:09:58.477+0200: 105.357: [GC (Allocation Failure) 105.357: [ParNew2014-07-10T12:09:58.514+0200: 105.394: [CMS-concurrent-abortable-preclean: 0.003/0.128 secs] [Times: user=0.09 sys=0.00, real=0.13 secs] 
: 153318K->17018K(153344K), 0.0416263 secs] 854698K->757677K(1031552K), 0.0418316 secs] [Times: user=0.05 sys=0.00, real=0.04 secs] 
2014-07-10T12:09:58.525+0200: 105.405: [GC (CMS Final Remark) [YG occupancy: 28165 K (153344 K)]105.405: [Rescan (parallel) , 0.0016201 secs]105.406: [weak refs processing, 0.0000315 secs]105.406: [class unloading, 0.0004612 secs]105.407: [scrub symbol table, 0.0005474 secs]105.408: [scrub string table, 0.0001602 secs][1 CMS-remark: 740659K(878208K)] 768825K(1031552K), 0.0030166 secs] [Times: user=0.00 sys=0.00, real=0.00 secs] 
2014-07-10T12:09:58.528+0200: 105.408: [CMS-concurrent-sweep-start]
2014-07-10T12:09:58.541+0200: 105.421: [CMS-concurrent-sweep: 0.012/0.012 secs] [Times: user=0.03 sys=0.00, real=0.01 secs] 
2014-07-10T12:09:58.541+0200: 105.421: [CMS-concurrent-reset-start]
2014-07-10T12:09:58.546+0200: 105.426: [CMS-concurrent-reset: 0.005/0.005 secs] [Times: user=0.00 sys=0.00, real=0.01 secs] 
2014-07-10T12:09:58.598+0200: 105.478: [GC (Allocation Failure) 105.478: [ParNew: 153338K->17018K(153344K), 0.0446711 secs] 230002K->136856K(1031552K), 0.0448390 secs] [Times: user=0.08 sys=0.00, real=0.04 secs] 
2014-07-10T12:09:58.707+0200: 105.587: [GC (Allocation Failure) 105.587: [ParNew: 153338K->17018K(153344K), 0.0457904 secs] 273176K->183935K(1031552K), 0.0459496 secs] [Times: user=0.08 sys=0.00, real=0.05 secs] 
2014-07-10T12:09:58.911+0200: 105.790: [GC (Allocation Failure) 105.790: [ParNew: 153338K->16992K(153344K), 0.0603403 secs] 320255K->226794K(1031552K), 0.0605226 secs] [Times: user=0.08 sys=0.00, real=0.06 secs] 
2014-07-10T12:09:59.039+0200: 105.918: [GC (Allocation Failure) 105.918: [ParNew: 153312K->17018K(153344K), 0.0505800 secs] 363114K->273583K(1031552K), 0.0507267 secs] [Times: user=0.05 sys=0.00, real=0.05 secs] 
2014-07-10T12:09:59.152+0200: 106.031: [GC (Allocation Failure) 106.031: [ParNew: 153338K->2107K(153344K), 0.0040065 secs] 409903K->258688K(1031552K), 0.0041476 secs] [Times: user=0.00 sys=0.00, real=0.00 secs] 
2014-07-10T12:09:59.290+0200: 106.169: [GC (Allocation Failure) 106.170: [ParNew: 138427K->6029K(153344K), 0.0058612 secs] 395008K->262610K(1031552K), 0.0060314 secs] [Times: user=0.00 sys=0.00, real=0.01 secs] 
2014-07-10T12:09:59.383+0200: 106.262: [GC (Allocation Failure) 106.262: [ParNew: 142349K->16998K(153344K), 0.0506713 secs] 398930K->318849K(1031552K), 0.0508180 secs] [Times: user=0.03 sys=0.00, real=0.05 secs] 
2014-07-10T12:09:59.552+0200: 106.431: [GC (Allocation Failure) 106.431: [ParNew: 153318K->570K(153344K), 0.0063221 secs] 455169K->302482K(1031552K), 0.0064387 secs] [Times: user=0.02 sys=0.00, real=0.01 secs] 
2014-07-10T12:09:59.685+0200: 106.564: [GC (Allocation Failure) 106.564: [ParNew: 136890K->4492K(153344K), 0.0087865 secs] 438802K->306404K(1031552K), 0.0089383 secs] [Times: user=0.00 sys=0.00, real=0.01 secs] 
2014-07-10T12:09:59.791+0200: 106.670: [GC (Allocation Failure) 106.670: [ParNew: 140812K->311K(153344K), 0.0068698 secs] 442724K->302223K(1031552K), 0.0070286 secs] [Times: user=0.00 sys=0.00, real=0.01 secs] 
2014-07-10T12:09:59.952+0200: 106.831: [GC (Allocation Failure) 106.831: [ParNew: 136631K->178K(153344K), 0.0055947 secs] 438543K->302090K(1031552K), 0.0056823 secs] [Times: user=0.00 sys=0.00, real=0.01 secs] 
2014-07-10T12:10:00.103+0200: 106.982: [GC (Allocation Failure) 106.982: [ParNew: 136498K->4100K(153344K), 0.0088522 secs] 438410K->306012K(1031552K), 0.0089966 secs] [Times: user=0.00 sys=0.00, real=0.01 secs] 
2014-07-10T12:10:00.254+0200: 107.134: [GC (Allocation Failure) 107.134: [ParNew: 140420K->8022K(153344K), 0.0075745 secs] 442332K->309934K(1031552K), 0.0077684 secs] [Times: user=0.02 sys=0.00, real=0.01 secs] 
2014-07-10T12:10:00.327+0200: 107.206: [GC (Allocation Failure) 107.206: [ParNew: 144342K->7929K(153344K), 0.0123029 secs] 446254K->309865K(1031552K), 0.0124557 secs] [Times: user=0.02 sys=0.00, real=0.01 secs] 
2014-07-10T12:10:00.493+0200: 107.372: [GC (Allocation Failure) 107.372: [ParNew: 144249K->3667K(153344K), 0.0064929 secs] 446185K->305620K(1031552K), 0.0066440 secs] [Times: user=0.00 sys=0.00, real=0.01 secs] 
2014-07-10T12:10:00.657+0200: 107.536: [GC (Allocation Failure) 107.536: [ParNew: 139987K->7575K(153344K), 0.0331133 secs] 441940K->309544K(1031552K), 0.0332889 secs] [Times: user=0.03 sys=0.00, real=0.03 secs] 
2014-07-10T12:10:00.767+0200: 107.647: [GC (Allocation Failure) 107.647: [ParNew: 143895K->3343K(153344K), 0.0049531 secs] 445864K->305336K(1031552K), 0.0051236 secs] [Times: user=0.03 sys=0.00, real=0.01 secs] 
2014-07-10T12:10:00.888+0200: 107.767: [GC (Allocation Failure) 107.767: [ParNew: 139663K->7249K(153344K), 0.0114193 secs] 441656K->309258K(1031552K), 0.0115700 secs] [Times: user=0.01 sys=0.00, real=0.01 secs] 
2014-07-10T12:10:01.067+0200: 107.946: [GC (Allocation Failure) 107.946: [ParNew: 143569K->11155K(153344K), 0.0103803 secs] 445578K->313180K(1031552K), 0.0105519 secs] [Times: user=0.02 sys=0.00, real=0.01 secs] 
2014-07-10T12:10:01.168+0200: 108.047: [GC (Allocation Failure) 108.047: [ParNew: 147475K->14969K(153344K), 0.0115740 secs] 449500K->317103K(1031552K), 0.0117632 secs] [Times: user=0.03 sys=0.00, real=0.01 secs] 
2014-07-10T12:10:01.293+0200: 108.172: [GC (Allocation Failure) 108.172: [ParNew: 151289K->17018K(153344K), 0.0211499 secs] 453423K->321025K(1031552K), 0.0212760 secs] [Times: user=0.02 sys=0.00, real=0.02 secs] 
2014-07-10T12:10:01.454+0200: 108.333: [GC (Allocation Failure) 108.333: [ParNew: 153338K->5476K(153344K), 0.0105482 secs] 457345K->309499K(1031552K), 0.0107392 secs] [Times: user=0.01 sys=0.00, real=0.01 secs] 
2014-07-10T12:10:01.565+0200: 108.444: [GC (Allocation Failure) 108.444: [ParNew: 141796K->9398K(153344K), 0.0081453 secs] 445819K->313421K(1031552K), 0.0083041 secs] [Times: user=0.03 sys=0.00, real=0.01 secs] 
2014-07-10T12:10:01.686+0200: 108.566: [GC (Allocation Failure) 108.566: [ParNew: 145718K->13272K(153344K), 0.0106919 secs] 449741K->317344K(1031552K), 0.0108704 secs] [Times: user=0.03 sys=0.00, real=0.01 secs] 
2014-07-10T12:10:01.855+0200: 108.734: [GC (Allocation Failure) 108.734: [ParNew: 149592K->9050K(153344K), 0.0080045 secs] 453664K->313138K(1031552K), 0.0081853 secs] [Times: user=0.03 sys=0.00, real=0.01 secs] 
2014-07-10T12:10:01.956+0200: 108.836: [GC (Allocation Failure) 108.836: [ParNew: 145370K->12952K(153344K), 0.0103957 secs] 449458K->317060K(1031552K), 0.0105720 secs] [Times: user=0.02 sys=0.00, real=0.01 secs] 
2014-07-10T12:10:02.089+0200: 108.968: [GC (Allocation Failure) 108.968: [ParNew: 149272K->16858K(153344K), 0.0127864 secs] 453380K->320982K(1031552K), 0.0129818 secs] [Times: user=0.03 sys=0.00, real=0.01 secs] 
2014-07-10T12:10:02.265+0200: 109.144: [GC (Allocation Failure) 109.144: [ParNew: 153178K->17018K(153344K), 0.0261565 secs] 457302K->324904K(1031552K), 0.0264377 secs] [Times: user=0.05 sys=0.00, real=0.03 secs] 
2014-07-10T12:10:02.363+0200: 109.242: [GC (Allocation Failure) 109.242: [ParNew: 153338K->12480K(153344K), 0.0104140 secs] 461224K->320382K(1031552K), 0.0105911 secs] [Times: user=0.00 sys=0.00, real=0.01 secs] 
2014-07-10T12:10:02.508+0200: 109.387: [GC (Allocation Failure) 109.387: [ParNew: 148800K->16378K(153344K), 0.0127512 secs] 456702K->324304K(1031552K), 0.0128785 secs] [Times: user=0.03 sys=0.00, real=0.01 secs] 
2014-07-10T12:10:02.670+0200: 109.549: [GC (Allocation Failure) 109.549: [ParNew: 152698K->17018K(153344K), 0.0231696 secs] 460624K->328226K(1031552K), 0.0234288 secs] [Times: user=0.03 sys=0.00, real=0.02 secs] 
2014-07-10T12:10:02.765+0200: 109.644: [GC (Allocation Failure) 109.644: [ParNew: 153338K->17018K(153344K), 0.0194477 secs] 464546K->335414K(1031552K), 0.0197531 secs] [Times: user=0.05 sys=0.00, real=0.02 secs] 
2014-07-10T12:10:02.897+0200: 109.776: [GC (Allocation Failure) 109.776: [ParNew: 153338K->15873K(153344K), 0.0151706 secs] 471734K->334285K(1031552K), 0.0153063 secs] [Times: user=0.03 sys=0.00, real=0.01 secs] 
2014-07-10T12:10:03.058+0200: 109.937: [GC (Allocation Failure) 109.937: [ParNew: 152193K->17018K(153344K), 0.0149715 secs] 470605K->338208K(1031552K), 0.0151281 secs] [Times: user=0.03 sys=0.00, real=0.01 secs] 
2014-07-10T12:10:03.164+0200: 110.044: [GC (Allocation Failure) 110.044: [ParNew: 153338K->17018K(153344K), 0.0269745 secs] 474528K->344883K(1031552K), 0.0272044 secs] [Times: user=0.05 sys=0.00, real=0.03 secs] 
2014-07-10T12:10:03.285+0200: 110.164: [GC (Allocation Failure) 110.164: [ParNew: 153338K->17018K(153344K), 0.0207976 secs] 481203K->355464K(1031552K), 0.0209519 secs] [Times: user=0.03 sys=0.00, real=0.02 secs] 
2014-07-10T12:10:03.459+0200: 110.338: [GC (Allocation Failure) 110.338: [ParNew: 153338K->16998K(153344K), 0.0181656 secs] 491784K->356709K(1031552K), 0.0183371 secs] [Times: user=0.03 sys=0.00, real=0.02 secs] 
2014-07-10T12:10:03.576+0200: 110.456: [GC (Allocation Failure) 110.456: [ParNew: 153318K->17018K(153344K), 0.0213666 secs] 493029K->361880K(1031552K), 0.0215250 secs] [Times: user=0.03 sys=0.00, real=0.02 secs] 
2014-07-10T12:10:03.684+0200: 110.563: [GC (Allocation Failure) 110.563: [ParNew: 153338K->17018K(153344K), 0.0187126 secs] 498200K->370924K(1031552K), 0.0188724 secs] [Times: user=0.03 sys=0.00, real=0.02 secs] 
2014-07-10T12:10:03.867+0200: 110.746: [GC (Allocation Failure) 110.747: [ParNew: 153338K->17022K(153344K), 0.0205461 secs] 507244K->375747K(1031552K), 0.0207756 secs] [Times: user=0.03 sys=0.00, real=0.02 secs] 
2014-07-10T12:10:03.967+0200: 110.846: [GC (Allocation Failure) 110.846: [ParNew: 153342K->17018K(153344K), 0.0181634 secs] 512067K->384471K(1031552K), 0.0183027 secs] [Times: user=0.06 sys=0.00, real=0.02 secs] 
2014-07-10T12:10:04.094+0200: 110.974: [GC (Allocation Failure) 110.974: [ParNew: 153338K->17018K(153344K), 0.0356793 secs] 520791K->397102K(1031552K), 0.0358487 secs] [Times: user=0.03 sys=0.00, real=0.04 secs] 
2014-07-10T12:10:04.266+0200: 111.146: [GC (Allocation Failure) 111.146: [ParNew: 153338K->17018K(153344K), 0.0229973 secs] 533422K->413638K(1031552K), 0.0231806 secs] [Times: user=0.03 sys=0.00, real=0.02 secs] 
2014-07-10T12:10:04.363+0200: 111.243: [GC (Allocation Failure) 111.243: [ParNew: 153338K->16998K(153344K), 0.0235891 secs] 549958K->417796K(1031552K), 0.0237562 secs] [Times: user=0.02 sys=0.00, real=0.02 secs] 
2014-07-10T12:10:04.495+0200: 111.374: [GC (Allocation Failure) 111.374: [ParNew: 153318K->17018K(153344K), 0.0191672 secs] 554116K->425880K(1031552K), 0.0193300 secs] [Times: user=0.03 sys=0.00, real=0.02 secs] 
2014-07-10T12:10:04.671+0200: 111.551: [GC (Allocation Failure) 111.551: [ParNew: 153338K->17018K(153344K), 0.0269470 secs] 562200K->437838K(1031552K), 0.0272524 secs] [Times: user=0.03 sys=0.00, real=0.03 secs] 
2014-07-10T12:10:04.765+0200: 111.644: [GC (Allocation Failure) 111.645: [ParNew: 153338K->17022K(153344K), 0.0183217 secs] 574158K->445574K(1031552K), 0.0184794 secs] [Times: user=0.03 sys=0.00, real=0.02 secs] 
2014-07-10T12:10:04.912+0200: 111.791: [GC (Allocation Failure) 111.791: [ParNew: 153342K->17018K(153344K), 0.0213101 secs] 581894K->457212K(1031552K), 0.0214806 secs] [Times: user=0.03 sys=0.00, real=0.02 secs] 
2014-07-10T12:10:05.076+0200: 111.956: [GC (Allocation Failure) 111.956: [ParNew: 153338K->17018K(153344K), 0.0246079 secs] 593532K->472756K(1031552K), 0.0247850 secs] [Times: user=0.03 sys=0.02, real=0.03 secs] 
2014-07-10T12:10:05.168+0200: 112.048: [GC (Allocation Failure) 112.048: [ParNew: 153338K->17018K(153344K), 0.0272604 secs] 609076K->492205K(1031552K), 0.0274100 secs] [Times: user=0.06 sys=0.00, real=0.03 secs] 
2014-07-10T12:10:05.301+0200: 112.181: [GC (Allocation Failure) 112.181: [ParNew: 153338K->17018K(153344K), 0.0316167 secs] 628525K->515561K(1031552K), 0.0317743 secs] [Times: user=0.06 sys=0.00, real=0.03 secs] 
2014-07-10T12:10:05.462+0200: 112.341: [GC (Allocation Failure) 112.341: [ParNew: 153338K->16998K(153344K), 0.0222080 secs] 651881K->529612K(1031552K), 0.0223759 secs] [Times: user=0.06 sys=0.00, real=0.02 secs] 
2014-07-10T12:10:05.575+0200: 112.454: [GC (Allocation Failure) 112.454: [ParNew: 153318K->17018K(153344K), 0.0300021 secs] 665932K->547589K(1031552K), 0.0302356 secs] [Times: user=0.06 sys=0.00, real=0.03 secs] 
2014-07-10T12:10:05.704+0200: 112.583: [GC (Allocation Failure) 112.583: [ParNew: 153338K->17018K(153344K), 0.0283152 secs] 683909K->569440K(1031552K), 0.0284736 secs] [Times: user=0.06 sys=0.00, real=0.03 secs] 
2014-07-10T12:10:05.872+0200: 112.752: [GC (Allocation Failure) 112.752: [ParNew: 153338K->16994K(153344K), 0.0283662 secs] 705760K->583007K(1031552K), 0.0285836 secs] [Times: user=0.03 sys=0.00, real=0.03 secs] 
2014-07-10T12:10:05.964+0200: 112.844: [GC (Allocation Failure) 112.844: [ParNew: 153314K->17018K(153344K), 0.0246398 secs] 719327K->600503K(1031552K), 0.0248055 secs] [Times: user=0.06 sys=0.00, real=0.03 secs] 
2014-07-10T12:10:06.105+0200: 112.985: [GC (Allocation Failure) 112.985: [ParNew: 153338K->17018K(153344K), 0.0276164 secs] 736823K->621874K(1031552K), 0.0278339 secs] [Times: user=0.03 sys=0.00, real=0.03 secs] 
2014-07-10T12:10:06.268+0200: 113.147: [GC (Allocation Failure) 113.147: [ParNew: 153338K->17018K(153344K), 0.0299951 secs] 758194K->647150K(1031552K), 0.0301660 secs] [Times: user=0.06 sys=0.00, real=0.03 secs] 
2014-07-10T12:10:06.363+0200: 113.243: [GC (Allocation Failure) 113.243: [ParNew: 153338K->16994K(153344K), 0.0242149 secs] 783470K->664111K(1031552K), 0.0243920 secs] [Times: user=0.06 sys=0.00, real=0.02 secs] 
2014-07-10T12:10:06.489+0200: 113.368: [GC (Allocation Failure) 113.369: [ParNew: 153314K->17018K(153344K), 0.0273184 secs] 800431K->685001K(1031552K), 0.0277338 secs] [Times: user=0.06 sys=0.00, real=0.03 secs] 
2014-07-10T12:10:06.682+0200: 113.562: [GC (Allocation Failure) 113.562: [ParNew: 153338K->17018K(153344K), 0.0374490 secs] 821321K->709766K(1031552K), 0.0376796 secs] [Times: user=0.05 sys=0.02, real=0.04 secs] 
2014-07-10T12:10:06.784+0200: 113.663: [GC (Allocation Failure) 113.663: [ParNew: 153338K->17018K(153344K), 0.0314216 secs] 846086K->738436K(1031552K), 0.0315899 secs] [Times: user=0.06 sys=0.00, real=0.03 secs] 
2014-07-10T12:10:06.903+0200: 113.783: [GC (Allocation Failure) 113.783: [ParNew: 153338K->17022K(153344K), 0.0296618 secs] 874756K->762884K(1031552K), 0.0297817 secs] [Times: user=0.06 sys=0.00, real=0.03 secs] 
2014-07-10T12:10:07.068+0200: 113.947: [GC (Allocation Failure) 113.947: [ParNew: 153342K->17018K(153344K), 0.0327646 secs] 899204K->791234K(1031552K), 0.0329193 secs] [Times: user=0.06 sys=0.00, real=0.03 secs] 
2014-07-10T12:10:07.102+0200: 113.982: [GC (CMS Initial Mark) [1 CMS-initial-mark: 774215K(878208K)] 796823K(1031552K), 0.0003945 secs] [Times: user=0.00 sys=0.00, real=0.00 secs] 
2014-07-10T12:10:07.103+0200: 113.982: [CMS-concurrent-mark-start]
2014-07-10T12:10:07.118+0200: 113.998: [CMS-concurrent-mark: 0.016/0.016 secs] [Times: user=0.03 sys=0.00, real=0.02 secs] 
2014-07-10T12:10:07.118+0200: 113.998: [CMS-concurrent-preclean-start]
2014-07-10T12:10:07.121+0200: 114.000: [CMS-concurrent-preclean: 0.002/0.002 secs] [Times: user=0.03 sys=0.00, real=0.00 secs] 
2014-07-10T12:10:07.121+0200: 114.000: [CMS-concurrent-abortable-preclean-start]
2014-07-10T12:10:07.176+0200: 114.055: [GC (Allocation Failure) 114.055: [ParNew: 153338K->17018K(153344K), 0.0353878 secs] 927554K->823490K(1031552K), 0.0355704 secs] [Times: user=0.06 sys=0.00, real=0.03 secs] 
2014-07-10T12:10:07.299+0200: 114.179: [GC (Allocation Failure) 114.179: [ParNew2014-07-10T12:10:07.334+0200: 114.213: [CMS-concurrent-abortable-preclean: 0.012/0.213 secs] [Times: user=0.20 sys=0.00, real=0.21 secs] 
: 153338K->17018K(153344K), 0.0439342 secs] 959810K->859651K(1031552K), 0.0441916 secs] [Times: user=0.08 sys=0.00, real=0.04 secs] 
2014-07-10T12:10:07.345+0200: 114.224: [GC (CMS Final Remark) [YG occupancy: 22608 K (153344 K)]114.224: [Rescan (parallel) , 0.0014240 secs]114.226: [weak refs processing, 0.0000304 secs]114.226: [class unloading, 0.0005708 secs]114.226: [scrub symbol table, 0.0008674 secs]114.227: [scrub string table, 0.0001730 secs][1 CMS-remark: 842633K(878208K)] 865241K(1031552K), 0.0032527 secs] [Times: user=0.00 sys=0.00, real=0.00 secs] 
2014-07-10T12:10:07.348+0200: 114.228: [CMS-concurrent-sweep-start]
2014-07-10T12:10:07.360+0200: 114.240: [CMS-concurrent-sweep: 0.012/0.012 secs] [Times: user=0.03 sys=0.00, real=0.01 secs] 
2014-07-10T12:10:07.360+0200: 114.240: [CMS-concurrent-reset-start]
2014-07-10T12:10:07.366+0200: 114.245: [CMS-concurrent-reset: 0.006/0.006 secs] [Times: user=0.00 sys=0.00, real=0.01 secs] 
2014-07-10T12:10:07.467+0200: 114.346: [GC (Allocation Failure) 114.347: [ParNew: 153338K->17002K(153344K), 0.0271325 secs] 252179K->138590K(1031552K), 0.0274658 secs] [Times: user=0.06 sys=0.00, real=0.03 secs] 
2014-07-10T12:10:07.570+0200: 114.450: [GC (Allocation Failure) 114.450: [ParNew: 153322K->17018K(153344K), 0.0359066 secs] 274910K->165243K(1031552K), 0.0360844 secs] [Times: user=0.06 sys=0.00, real=0.04 secs] 
2014-07-10T12:10:07.712+0200: 114.591: [GC (Allocation Failure) 114.591: [ParNew: 153338K->17018K(153344K), 0.0380568 secs] 301563K->195770K(1031552K), 0.0382119 secs] [Times: user=0.08 sys=0.00, real=0.04 secs] 
2014-07-10T12:10:07.875+0200: 114.755: [GC (Allocation Failure) 114.755: [ParNew: 153338K->17022K(153344K), 0.0413147 secs] 332090K->222075K(1031552K), 0.0414701 secs] [Times: user=0.05 sys=0.00, real=0.04 secs] 
2014-07-10T12:10:07.987+0200: 114.867: [GC (Allocation Failure) 114.867: [ParNew: 153342K->17018K(153344K), 0.0313901 secs] 358395K->252282K(1031552K), 0.0315793 secs] [Times: user=0.06 sys=0.00, real=0.03 secs] 
2014-07-10T12:10:08.093+0200: 114.973: [GC (Allocation Failure) 114.973: [ParNew: 153338K->17018K(153344K), 0.0351777 secs] 388602K->286395K(1031552K), 0.0353343 secs] [Times: user=0.05 sys=0.00, real=0.04 secs] 
2014-07-10T12:10:08.291+0200: 115.171: [GC (Allocation Failure) 115.171: [ParNew: 153338K->17018K(153344K), 0.0506570 secs] 422715K->324414K(1031552K), 0.0508231 secs] [Times: user=0.05 sys=0.00, real=0.05 secs] 
2014-07-10T12:10:08.419+0200: 115.298: [GC (Allocation Failure) 115.299: [ParNew: 153338K->16994K(153344K), 0.0310484 secs] 460734K->354116K(1031552K), 0.0312145 secs] [Times: user=0.06 sys=0.00, real=0.03 secs] 
2014-07-10T12:10:08.520+0200: 115.400: [GC (Allocation Failure) 115.400: [ParNew: 153314K->17018K(153344K), 0.0339792 secs] 490436K->387749K(1031552K), 0.0341405 secs] [Times: user=0.06 sys=0.00, real=0.03 secs] 
2014-07-10T12:10:08.683+0200: 115.562: [GC (Allocation Failure) 115.562: [ParNew: 153338K->17018K(153344K), 0.0416831 secs] 524069K->425255K(1031552K), 0.0418565 secs] [Times: user=0.06 sys=0.00, real=0.04 secs] 
2014-07-10T12:10:08.783+0200: 115.662: [GC (Allocation Failure) 115.663: [ParNew: 153338K->17018K(153344K), 0.0393602 secs] 561575K->466668K(1031552K), 0.0395545 secs] [Times: user=0.09 sys=0.00, real=0.04 secs] 
2014-07-10T12:10:08.893+0200: 115.772: [GC (Allocation Failure) 115.772: [ParNew: 153338K->16994K(153344K), 0.0341567 secs] 602988K->499764K(1031552K), 0.0343132 secs] [Times: user=0.06 sys=0.00, real=0.04 secs] 
2014-07-10T12:10:09.090+0200: 115.968: [GC (Allocation Failure) 115.969: [ParNew: 153314K->17018K(153344K), 0.0410287 secs] 636084K->536790K(1031552K), 0.0412600 secs] [Times: user=0.06 sys=0.00, real=0.04 secs] 
2014-07-10T12:10:09.188+0200: 116.066: [GC (Allocation Failure) 116.066: [ParNew: 153338K->17018K(153344K), 0.0389114 secs] 673110K->577690K(1031552K), 0.0390882 secs] [Times: user=0.08 sys=0.00, real=0.04 secs] 
2014-07-10T12:10:09.302+0200: 116.181: [GC (Allocation Failure) 116.181: [ParNew: 153338K->16994K(153344K), 0.0384873 secs] 714010K->617414K(1031552K), 0.0386475 secs] [Times: user=0.06 sys=0.00, real=0.04 secs] 
2014-07-10T12:10:09.487+0200: 116.366: [GC (Allocation Failure) 116.366: [ParNew: 153314K->16992K(153344K), 0.0383036 secs] 753734K->652942K(1031552K), 0.0384678 secs] [Times: user=0.08 sys=0.00, real=0.04 secs] 
2014-07-10T12:10:09.578+0200: 116.457: [GC (Allocation Failure) 116.457: [ParNew: 153312K->17018K(153344K), 0.0381668 secs] 789262K->692367K(1031552K), 0.0383307 secs] [Times: user=0.06 sys=0.00, real=0.04 secs] 
2014-07-10T12:10:09.696+0200: 116.574: [GC (Allocation Failure) 116.575: [ParNew: 153338K->17018K(153344K), 0.0407761 secs] 828687K->735668K(1031552K), 0.0409352 secs] [Times: user=0.06 sys=0.00, real=0.04 secs] 
2014-07-10T12:10:09.737+0200: 116.616: [GC (CMS Initial Mark) [1 CMS-initial-mark: 718650K(878208K)] 735700K(1031552K), 0.0003538 secs] [Times: user=0.00 sys=0.00, real=0.00 secs] 
2014-07-10T12:10:09.737+0200: 116.616: [CMS-concurrent-mark-start]
2014-07-10T12:10:09.745+0200: 116.624: [CMS-concurrent-mark: 0.008/0.008 secs] [Times: user=0.02 sys=0.00, real=0.01 secs] 
2014-07-10T12:10:09.745+0200: 116.624: [CMS-concurrent-preclean-start]
2014-07-10T12:10:09.747+0200: 116.626: [CMS-concurrent-preclean: 0.002/0.002 secs] [Times: user=0.00 sys=0.00, real=0.00 secs] 
2014-07-10T12:10:09.747+0200: 116.626: [CMS-concurrent-abortable-preclean-start]
2014-07-10T12:10:09.871+0200: 116.750: [GC (Allocation Failure) 116.750: [ParNew: 153338K->17022K(153344K), 0.0382457 secs] 871988K->774748K(1031552K), 0.0384106 secs] [Times: user=0.06 sys=0.00, real=0.04 secs] 
2014-07-10T12:10:09.910+0200: 116.789: [CMS-concurrent-abortable-preclean: 0.005/0.162 secs] [Times: user=0.13 sys=0.00, real=0.16 secs] 
2014-07-10T12:10:09.911+0200: 116.790: [GC (CMS Final Remark) [YG occupancy: 22612 K (153344 K)]116.790: [Rescan (parallel) , 0.0014438 secs]116.791: [weak refs processing, 0.0000312 secs]116.791: [class unloading, 0.0005037 secs]116.792: [scrub symbol table, 0.0005892 secs]116.792: [scrub string table, 0.0001580 secs][1 CMS-remark: 757725K(878208K)] 780337K(1031552K), 0.0028912 secs] [Times: user=0.03 sys=0.00, real=0.00 secs] 
2014-07-10T12:10:09.914+0200: 116.793: [CMS-concurrent-sweep-start]
2014-07-10T12:10:09.926+0200: 116.805: [CMS-concurrent-sweep: 0.012/0.012 secs] [Times: user=0.00 sys=0.00, real=0.01 secs] 
2014-07-10T12:10:09.927+0200: 116.805: [CMS-concurrent-reset-start]
2014-07-10T12:10:09.932+0200: 116.811: [CMS-concurrent-reset: 0.005/0.005 secs] [Times: user=0.03 sys=0.00, real=0.00 secs] 
2014-07-10T12:10:09.973+0200: 116.852: [GC (Allocation Failure) 116.852: [ParNew: 153342K->17018K(153344K), 0.0395530 secs] 237820K->144481K(1031552K), 0.0397100 secs] [Times: user=0.09 sys=0.00, real=0.04 secs] 
2014-07-10T12:10:10.114+0200: 116.992: [GC (Allocation Failure) 116.993: [ParNew: 153338K->17018K(153344K), 0.0421946 secs] 280801K->191368K(1031552K), 0.0423497 secs] [Times: user=0.09 sys=0.00, real=0.04 secs] 
2014-07-10T12:10:10.298+0200: 117.176: [GC (Allocation Failure) 117.176: [ParNew: 153338K->2235K(153344K), 0.0038191 secs] 327688K->176601K(1031552K), 0.0039603 secs] [Times: user=0.00 sys=0.00, real=0.00 secs] 
2014-07-10T12:10:10.377+0200: 117.256: [GC (Allocation Failure) 117.256: [ParNew: 138555K->17014K(153344K), 0.0371469 secs] 312921K->229799K(1031552K), 0.0373141 secs] [Times: user=0.09 sys=0.00, real=0.04 secs] 
2014-07-10T12:10:10.513+0200: 117.392: [GC (Allocation Failure) 117.392: [ParNew: 153334K->17018K(153344K), 0.0392124 secs] 366119K->272140K(1031552K), 0.0394042 secs] [Times: user=0.08 sys=0.00, real=0.04 secs] 
2014-07-10T12:10:10.691+0200: 117.570: [GC (Allocation Failure) 117.570: [ParNew: 153338K->17018K(153344K), 0.0436391 secs] 408460K->318355K(1031552K), 0.0438059 secs] [Times: user=0.09 sys=0.00, real=0.04 secs] 
2014-07-10T12:10:10.793+0200: 117.672: [GC (Allocation Failure) 117.672: [ParNew: 153338K->1601K(153344K), 0.0050935 secs] 454675K->302954K(1031552K), 0.0052537 secs] [Times: user=0.00 sys=0.00, real=0.01 secs] 
2014-07-10T12:10:10.929+0200: 117.808: [GC (Allocation Failure) 117.808: [ParNew: 137921K->17006K(153344K), 0.0420934 secs] 439274K->364269K(1031552K), 0.0422521 secs] [Times: user=0.06 sys=0.00, real=0.04 secs] 
2014-07-10T12:10:11.092+0200: 117.970: [GC (Allocation Failure) 117.970: [ParNew: 153326K->1242K(153344K), 0.0049179 secs] 500589K->348542K(1031552K), 0.0050869 secs] [Times: user=0.00 sys=0.00, real=0.00 secs] 
2014-07-10T12:10:11.254+0200: 118.133: [GC (Allocation Failure) 118.133: [ParNew: 137562K->5164K(153344K), 0.0114655 secs] 484862K->352464K(1031552K), 0.0117368 secs] [Times: user=0.00 sys=0.00, real=0.01 secs] 
2014-07-10T12:10:11.326+0200: 118.204: [GC (Allocation Failure) 118.204: [ParNew: 141484K->981K(153344K), 0.0036644 secs] 488784K->348281K(1031552K), 0.0038103 secs] [Times: user=0.00 sys=0.00, real=0.00 secs] 
2014-07-10T12:10:11.497+0200: 118.376: [GC (Allocation Failure) 118.376: [ParNew: 137301K->17014K(153344K), 0.0447265 secs] 484601K->412657K(1031552K), 0.0449267 secs] [Times: user=0.09 sys=0.00, real=0.05 secs] 
2014-07-10T12:10:11.654+0200: 118.533: [GC (Allocation Failure) 118.533: [ParNew: 153334K->3643K(153344K), 0.0101702 secs] 548977K->399364K(1031552K), 0.0104444 secs] [Times: user=0.03 sys=0.00, real=0.01 secs] 
2014-07-10T12:10:11.755+0200: 118.633: [GC (Allocation Failure) 118.633: [ParNew: 139963K->7565K(153344K), 0.0072500 secs] 535684K->403286K(1031552K), 0.0074432 secs] [Times: user=0.00 sys=0.00, real=0.01 secs] 
2014-07-10T12:10:11.890+0200: 118.769: [GC (Allocation Failure) 118.769: [ParNew: 143885K->16994K(153344K), 0.0447104 secs] 539606K->460546K(1031552K), 0.0449083 secs] [Times: user=0.09 sys=0.00, real=0.04 secs] 
2014-07-10T12:10:12.052+0200: 118.931: [GC (Allocation Failure) 118.931: [ParNew: 153314K->3131K(153344K), 0.0046708 secs] 596866K->446739K(1031552K), 0.0047988 secs] [Times: user=0.00 sys=0.00, real=0.00 secs] 
2014-07-10T12:10:12.154+0200: 119.032: [GC (Allocation Failure) 119.033: [ParNew: 139451K->7053K(153344K), 0.0131098 secs] 583059K->450661K(1031552K), 0.0133290 secs] [Times: user=0.03 sys=0.00, real=0.01 secs] 
2014-07-10T12:10:12.279+0200: 119.157: [GC (Allocation Failure) 119.157: [ParNew: 143373K->10975K(153344K), 0.0097244 secs] 586981K->454583K(1031552K), 0.0099029 secs] [Times: user=0.03 sys=0.00, real=0.01 secs] 
2014-07-10T12:10:12.453+0200: 119.332: [GC (Allocation Failure) 119.332: [ParNew: 147295K->2619K(153344K), 0.0094483 secs] 590903K->446284K(1031552K), 0.0097024 secs] [Times: user=0.03 sys=0.00, real=0.01 secs] 
2014-07-10T12:10:12.553+0200: 119.432: [GC (Allocation Failure) 119.432: [ParNew: 138939K->6541K(153344K), 0.0070311 secs] 582604K->450205K(1031552K), 0.0071958 secs] [Times: user=0.00 sys=0.00, real=0.01 secs] 
2014-07-10T12:10:12.686+0200: 119.565: [GC (Allocation Failure) 119.565: [ParNew: 142861K->10463K(153344K), 0.0104950 secs] 586525K->454127K(1031552K), 0.0106688 secs] [Times: user=0.03 sys=0.00, real=0.01 secs] 
2014-07-10T12:10:12.853+0200: 119.732: [GC (Allocation Failure) 119.732: [ParNew: 146783K->6201K(153344K), 0.0072200 secs] 590447K->449922K(1031552K), 0.0073912 secs] [Times: user=0.00 sys=0.00, real=0.01 secs] 
2014-07-10T12:10:12.959+0200: 119.838: [GC (Allocation Failure) 119.838: [ParNew: 142521K->10123K(153344K), 0.0124253 secs] 586242K->453844K(1031552K), 0.0126577 secs] [Times: user=0.02 sys=0.00, real=0.01 secs] 
2014-07-10T12:10:13.102+0200: 119.981: [GC (Allocation Failure) 119.981: [ParNew: 146443K->14008K(153344K), 0.0119010 secs] 590164K->457766K(1031552K), 0.0120704 secs] [Times: user=0.03 sys=0.00, real=0.01 secs] 
2014-07-10T12:10:13.264+0200: 120.143: [GC (Allocation Failure) 120.143: [ParNew: 150328K->17018K(153344K), 0.0154063 secs] 594086K->461688K(1031552K), 0.0156179 secs] [Times: user=0.03 sys=0.00, real=0.02 secs] 
Heap
 par new generation   total 153344K, used 68459K [0x00000000c0000000, 0x00000000ca660000, 0x00000000ca660000)
  eden space 136320K,  37% used [0x00000000c0000000, 0x00000000c323c610, 0x00000000c8520000)
  from space 17024K,  99% used [0x00000000c8520000, 0x00000000c95be950, 0x00000000c95c0000)
  to   space 17024K,   0% used [0x00000000c95c0000, 0x00000000c95c0000, 0x00000000ca660000)
 concurrent mark-sweep generation total 878208K, used 444670K [0x00000000ca660000, 0x0000000100000000, 0x0000000100000000)
 Metaspace       used 2463K, capacity 4490K, committed 4864K, reserved 1056768K
  class space    used 269K, capacity 386K, committed 512K, reserved 1048576K
