Java HotSpot(TM) 64-Bit Server VM (25.5-b02) for windows-amd64 JRE (1.8.0_05-b13), built on Mar 18 2014 01:08:39 by "java_re" with MS VC++ 10.0 (VS2010)
Memory: 4k page, physical 8376184k(4706492k free), swap 16750504k(9769664k free)
CommandLine flags: -XX:InitialHeapSize=134018944 -XX:LogFile=jvm.log -XX:MaxHeapSize=268435456 -XX:+PrintAdaptiveSizePolicy -XX:+PrintFlagsFinal -XX:+PrintGC -XX:+PrintGCDateStamps -XX:+PrintGCDetails -XX:+PrintGCTimeStamps -XX:+UnlockDiagnosticVMOptions -XX:+UseCompressedClassPointers -XX:+UseCompressedOops -XX:+UseG1GC -XX:-UseLargePagesIndividualAllocation 
 0.062: [G1Ergonomics (Heap Sizing) expand the heap, requested expansion amount: 134217728 bytes, attempted expansion amount: 134217728 bytes]
2014-07-10T11:36:09.498+0200: 0.280: [GC pause (G1 Evacuation Pause) (young) 0.280: [G1Ergonomics (CSet Construction) start choosing CSet, _pending_cards: 0, predicted base time: 10.00 ms, remaining time: 190.00 ms, target pause time: 200.00 ms]
 0.280: [G1Ergonomics (CSet Construction) add young regions to CSet, eden: 6 regions, survivors: 0 regions, predicted young region time: 304.39 ms]
 0.280: [G1Ergonomics (CSet Construction) finish choosing CSet, eden: 6 regions, survivors: 0 regions, old: 0 regions, predicted pause time: 314.39 ms, target pause time: 200.00 ms]
, 0.0101651 secs]
   [Parallel Time: 9.6 ms, GC Workers: 2]
      [GC Worker Start (ms): Min: 280.3, Avg: 280.3, Max: 280.3, Diff: 0.0]
      [Ext Root Scanning (ms): Min: 1.2, Avg: 1.2, Max: 1.3, Diff: 0.0, Sum: 2.5]
      [Update RS (ms): Min: 0.0, Avg: 0.0, Max: 0.0, Diff: 0.0, Sum: 0.0]
         [Processed Buffers: Min: 0, Avg: 0.0, Max: 0, Diff: 0, Sum: 0]
      [Scan RS (ms): Min: 0.0, Avg: 0.0, Max: 0.0, Diff: 0.0, Sum: 0.0]
      [Code Root Scanning (ms): Min: 0.0, Avg: 0.0, Max: 0.0, Diff: 0.0, Sum: 0.0]
      [Object Copy (ms): Min: 8.1, Avg: 8.2, Max: 8.2, Diff: 0.1, Sum: 16.3]
      [Termination (ms): Min: 0.0, Avg: 0.0, Max: 0.0, Diff: 0.0, Sum: 0.0]
      [GC Worker Other (ms): Min: 0.1, Avg: 0.1, Max: 0.1, Diff: 0.0, Sum: 0.2]
      [GC Worker Total (ms): Min: 9.5, Avg: 9.5, Max: 9.5, Diff: 0.0, Sum: 19.1]
      [GC Worker End (ms): Min: 289.9, Avg: 289.9, Max: 289.9, Diff: 0.0]
   [Code Root Fixup: 0.0 ms]
   [Code Root Migration: 0.0 ms]
   [Clear CT: 0.0 ms]
   [Other: 0.5 ms]
      [Choose CSet: 0.1 ms]
      [Ref Proc: 0.2 ms]
      [Ref Enq: 0.0 ms]
      [Free CSet: 0.0 ms]
   [Eden: 6144.0K(6144.0K)->0.0B(5120.0K) Survivors: 0.0B->1024.0K Heap: 6144.0K(128.0M)->5888.4K(128.0M)]
 [Times: user=0.03 sys=0.00, real=0.01 secs] 
2014-07-10T11:36:09.513+0200: 0.295: [GC pause (G1 Evacuation Pause) (young) 0.295: [G1Ergonomics (CSet Construction) start choosing CSet, _pending_cards: 256, predicted base time: 9.63 ms, remaining time: 190.37 ms, target pause time: 200.00 ms]
 0.295: [G1Ergonomics (CSet Construction) add young regions to CSet, eden: 5 regions, survivors: 1 regions, predicted young region time: 248.16 ms]
 0.295: [G1Ergonomics (CSet Construction) finish choosing CSet, eden: 5 regions, survivors: 1 regions, old: 0 regions, predicted pause time: 257.79 ms, target pause time: 200.00 ms]
, 0.0069138 secs]
   [Parallel Time: 6.4 ms, GC Workers: 2]
      [GC Worker Start (ms): Min: 295.4, Avg: 295.4, Max: 295.4, Diff: 0.0]
      [Ext Root Scanning (ms): Min: 0.6, Avg: 0.6, Max: 0.6, Diff: 0.1, Sum: 1.2]
      [Update RS (ms): Min: 0.0, Avg: 0.1, Max: 0.1, Diff: 0.1, Sum: 0.1]
         [Processed Buffers: Min: 0, Avg: 1.0, Max: 2, Diff: 2, Sum: 2]
      [Scan RS (ms): Min: 0.0, Avg: 0.0, Max: 0.0, Diff: 0.0, Sum: 0.0]
      [Code Root Scanning (ms): Min: 0.0, Avg: 0.0, Max: 0.0, Diff: 0.0, Sum: 0.0]
      [Object Copy (ms): Min: 5.5, Avg: 5.6, Max: 5.7, Diff: 0.2, Sum: 11.1]
      [Termination (ms): Min: 0.0, Avg: 0.0, Max: 0.0, Diff: 0.0, Sum: 0.0]
      [GC Worker Other (ms): Min: 0.0, Avg: 0.1, Max: 0.1, Diff: 0.0, Sum: 0.1]
      [GC Worker Total (ms): Min: 6.3, Avg: 6.3, Max: 6.3, Diff: 0.0, Sum: 12.6]
      [GC Worker End (ms): Min: 301.7, Avg: 301.7, Max: 301.7, Diff: 0.0]
   [Code Root Fixup: 0.0 ms]
   [Code Root Migration: 0.0 ms]
   [Clear CT: 0.0 ms]
   [Other: 0.5 ms]
      [Choose CSet: 0.3 ms]
      [Ref Proc: 0.1 ms]
      [Ref Enq: 0.0 ms]
      [Free CSet: 0.0 ms]
   [Eden: 5120.0K(5120.0K)->0.0B(7168.0K) Survivors: 1024.0K->1024.0K Heap: 10.8M(128.0M)->10.7M(128.0M)]
 [Times: user=0.03 sys=0.00, real=0.01 secs] 
2014-07-10T11:36:09.523+0200: 0.305: [GC pause (G1 Evacuation Pause) (young) 0.305: [G1Ergonomics (CSet Construction) start choosing CSet, _pending_cards: 513, predicted base time: 7.96 ms, remaining time: 192.04 ms, target pause time: 200.00 ms]
 0.305: [G1Ergonomics (CSet Construction) add young regions to CSet, eden: 7 regions, survivors: 1 regions, predicted young region time: 208.53 ms]
 0.305: [G1Ergonomics (CSet Construction) finish choosing CSet, eden: 7 regions, survivors: 1 regions, old: 0 regions, predicted pause time: 216.49 ms, target pause time: 200.00 ms]
, 0.0075221 secs]
   [Parallel Time: 7.2 ms, GC Workers: 2]
      [GC Worker Start (ms): Min: 305.5, Avg: 305.5, Max: 305.5, Diff: 0.0]
      [Ext Root Scanning (ms): Min: 0.4, Avg: 0.4, Max: 0.4, Diff: 0.0, Sum: 0.7]
      [Update RS (ms): Min: 0.1, Avg: 0.3, Max: 0.6, Diff: 0.5, Sum: 0.7]
         [Processed Buffers: Min: 1, Avg: 2.0, Max: 3, Diff: 2, Sum: 4]
      [Scan RS (ms): Min: 0.0, Avg: 0.0, Max: 0.0, Diff: 0.0, Sum: 0.0]
      [Code Root Scanning (ms): Min: 0.0, Avg: 0.0, Max: 0.0, Diff: 0.0, Sum: 0.0]
      [Object Copy (ms): Min: 6.2, Avg: 6.4, Max: 6.7, Diff: 0.5, Sum: 12.9]
      [Termination (ms): Min: 0.0, Avg: 0.0, Max: 0.0, Diff: 0.0, Sum: 0.1]
      [GC Worker Other (ms): Min: 0.0, Avg: 0.0, Max: 0.0, Diff: 0.0, Sum: 0.1]
      [GC Worker Total (ms): Min: 7.2, Avg: 7.2, Max: 7.2, Diff: 0.0, Sum: 14.4]
      [GC Worker End (ms): Min: 312.7, Avg: 312.7, Max: 312.7, Diff: 0.0]
   [Code Root Fixup: 0.0 ms]
   [Code Root Migration: 0.0 ms]
   [Clear CT: 0.0 ms]
   [Other: 0.2 ms]
      [Choose CSet: 0.0 ms]
      [Ref Proc: 0.1 ms]
      [Ref Enq: 0.0 ms]
      [Free CSet: 0.0 ms]
   [Eden: 7168.0K(7168.0K)->0.0B(10.0M) Survivors: 1024.0K->1024.0K Heap: 17.7M(128.0M)->17.8M(128.0M)]
 [Times: user=0.00 sys=0.00, real=0.01 secs] 
2014-07-10T11:36:09.536+0200: 0.318: [GC pause (G1 Evacuation Pause) (young) 0.318: [G1Ergonomics (CSet Construction) start choosing CSet, _pending_cards: 515, predicted base time: 5.29 ms, remaining time: 194.71 ms, target pause time: 200.00 ms]
 0.318: [G1Ergonomics (CSet Construction) add young regions to CSet, eden: 10 regions, survivors: 1 regions, predicted young region time: 194.44 ms]
 0.318: [G1Ergonomics (CSet Construction) finish choosing CSet, eden: 10 regions, survivors: 1 regions, old: 0 regions, predicted pause time: 199.73 ms, target pause time: 200.00 ms]
, 0.0096159 secs]
   [Parallel Time: 9.3 ms, GC Workers: 2]
      [GC Worker Start (ms): Min: 318.2, Avg: 318.2, Max: 318.2, Diff: 0.0]
      [Ext Root Scanning (ms): Min: 0.4, Avg: 0.4, Max: 0.4, Diff: 0.0, Sum: 0.8]
      [Update RS (ms): Min: 0.1, Avg: 0.1, Max: 0.1, Diff: 0.1, Sum: 0.2]
         [Processed Buffers: Min: 2, Avg: 2.0, Max: 2, Diff: 0, Sum: 4]
      [Scan RS (ms): Min: 0.0, Avg: 0.0, Max: 0.0, Diff: 0.0, Sum: 0.0]
      [Code Root Scanning (ms): Min: 0.0, Avg: 0.0, Max: 0.0, Diff: 0.0, Sum: 0.0]
      [Object Copy (ms): Min: 8.8, Avg: 8.8, Max: 8.8, Diff: 0.0, Sum: 17.6]
      [Termination (ms): Min: 0.0, Avg: 0.0, Max: 0.0, Diff: 0.0, Sum: 0.0]
      [GC Worker Other (ms): Min: 0.0, Avg: 0.0, Max: 0.0, Diff: 0.0, Sum: 0.1]
      [GC Worker Total (ms): Min: 9.3, Avg: 9.3, Max: 9.3, Diff: 0.0, Sum: 18.6]
      [GC Worker End (ms): Min: 327.5, Avg: 327.5, Max: 327.5, Diff: 0.0]
   [Code Root Fixup: 0.0 ms]
   [Code Root Migration: 0.0 ms]
   [Clear CT: 0.0 ms]
   [Other: 0.3 ms]
      [Choose CSet: 0.0 ms]
      [Ref Proc: 0.0 ms]
      [Ref Enq: 0.0 ms]
      [Free CSet: 0.0 ms]
   [Eden: 10.0M(10.0M)->0.0B(12.0M) Survivors: 1024.0K->2048.0K Heap: 27.8M(128.0M)->27.8M(128.0M)]
 [Times: user=0.00 sys=0.00, real=0.01 secs] 
2014-07-10T11:36:09.552+0200: 0.334: [GC pause (G1 Evacuation Pause) (young) 0.334: [G1Ergonomics (CSet Construction) start choosing CSet, _pending_cards: 515, predicted base time: 4.09 ms, remaining time: 195.91 ms, target pause time: 200.00 ms]
 0.334: [G1Ergonomics (CSet Construction) add young regions to CSet, eden: 12 regions, survivors: 2 regions, predicted young region time: 188.87 ms]
 0.334: [G1Ergonomics (CSet Construction) finish choosing CSet, eden: 12 regions, survivors: 2 regions, old: 0 regions, predicted pause time: 192.97 ms, target pause time: 200.00 ms]
 0.344: [G1Ergonomics (Heap Sizing) attempt heap expansion, reason: recent GC overhead higher than threshold after GC, recent GC overhead: 11.53 %, threshold: 10.00 %, uncommitted: 134217728 bytes, calculated expansion amount: 26843545 bytes (20.00 %)]
 0.344: [G1Ergonomics (Heap Sizing) expand the heap, requested expansion amount: 26843545 bytes, attempted expansion amount: 27262976 bytes]
, 0.0107949 secs]
   [Parallel Time: 10.0 ms, GC Workers: 2]
      [GC Worker Start (ms): Min: 334.2, Avg: 334.2, Max: 334.2, Diff: 0.0]
      [Ext Root Scanning (ms): Min: 0.3, Avg: 0.3, Max: 0.3, Diff: 0.0, Sum: 0.6]
      [Update RS (ms): Min: 0.1, Avg: 0.1, Max: 0.1, Diff: 0.0, Sum: 0.1]
         [Processed Buffers: Min: 2, Avg: 2.0, Max: 2, Diff: 0, Sum: 4]
      [Scan RS (ms): Min: 0.0, Avg: 0.0, Max: 0.1, Diff: 0.0, Sum: 0.1]
      [Code Root Scanning (ms): Min: 0.0, Avg: 0.0, Max: 0.0, Diff: 0.0, Sum: 0.0]
      [Object Copy (ms): Min: 9.5, Avg: 9.5, Max: 9.5, Diff: 0.1, Sum: 19.0]
      [Termination (ms): Min: 0.0, Avg: 0.0, Max: 0.0, Diff: 0.0, Sum: 0.0]
      [GC Worker Other (ms): Min: 0.0, Avg: 0.1, Max: 0.1, Diff: 0.1, Sum: 0.1]
      [GC Worker Total (ms): Min: 10.0, Avg: 10.0, Max: 10.0, Diff: 0.0, Sum: 19.9]
      [GC Worker End (ms): Min: 344.2, Avg: 344.2, Max: 344.2, Diff: 0.0]
   [Code Root Fixup: 0.0 ms]
   [Code Root Migration: 0.0 ms]
   [Clear CT: 0.0 ms]
   [Other: 0.8 ms]
      [Choose CSet: 0.0 ms]
      [Ref Proc: 0.1 ms]
      [Ref Enq: 0.0 ms]
      [Free CSet: 0.0 ms]
   [Eden: 12.0M(12.0M)->0.0B(16.0M) Survivors: 2048.0K->2048.0K Heap: 39.8M(128.0M)->39.8M(154.0M)]
 [Times: user=0.00 sys=0.01, real=0.01 secs] 
2014-07-10T11:36:09.571+0200: 0.353: [GC pause (G1 Evacuation Pause) (young) 0.353: [G1Ergonomics (CSet Construction) start choosing CSet, _pending_cards: 516, predicted base time: 3.44 ms, remaining time: 196.56 ms, target pause time: 200.00 ms]
 0.353: [G1Ergonomics (CSet Construction) add young regions to CSet, eden: 16 regions, survivors: 2 regions, predicted young region time: 192.77 ms]
 0.353: [G1Ergonomics (CSet Construction) finish choosing CSet, eden: 16 regions, survivors: 2 regions, old: 0 regions, predicted pause time: 196.21 ms, target pause time: 200.00 ms]
 0.366: [G1Ergonomics (Heap Sizing) attempt heap expansion, reason: recent GC overhead higher than threshold after GC, recent GC overhead: 14.34 %, threshold: 10.00 %, uncommitted: 106954752 bytes, calculated expansion amount: 21390950 bytes (20.00 %)]
 0.366: [G1Ergonomics (Heap Sizing) expand the heap, requested expansion amount: 21390950 bytes, attempted expansion amount: 22020096 bytes]
, 0.0134900 secs]
   [Parallel Time: 13.0 ms, GC Workers: 2]
      [GC Worker Start (ms): Min: 353.0, Avg: 353.0, Max: 353.0, Diff: 0.0]
      [Ext Root Scanning (ms): Min: 0.3, Avg: 0.3, Max: 0.3, Diff: 0.0, Sum: 0.7]
      [Update RS (ms): Min: 0.1, Avg: 0.1, Max: 0.1, Diff: 0.0, Sum: 0.2]
         [Processed Buffers: Min: 2, Avg: 2.0, Max: 2, Diff: 0, Sum: 4]
      [Scan RS (ms): Min: 0.0, Avg: 0.0, Max: 0.0, Diff: 0.0, Sum: 0.1]
      [Code Root Scanning (ms): Min: 0.0, Avg: 0.0, Max: 0.0, Diff: 0.0, Sum: 0.0]
      [Object Copy (ms): Min: 12.4, Avg: 12.4, Max: 12.4, Diff: 0.0, Sum: 24.7]
      [Termination (ms): Min: 0.0, Avg: 0.0, Max: 0.0, Diff: 0.0, Sum: 0.0]
      [GC Worker Other (ms): Min: 0.0, Avg: 0.0, Max: 0.0, Diff: 0.0, Sum: 0.1]
      [GC Worker Total (ms): Min: 12.9, Avg: 12.9, Max: 12.9, Diff: 0.0, Sum: 25.8]
      [GC Worker End (ms): Min: 365.9, Avg: 365.9, Max: 365.9, Diff: 0.0]
   [Code Root Fixup: 0.0 ms]
   [Code Root Migration: 0.0 ms]
   [Clear CT: 0.0 ms]
   [Other: 0.5 ms]
      [Choose CSet: 0.0 ms]
      [Ref Proc: 0.0 ms]
      [Ref Enq: 0.0 ms]
      [Free CSet: 0.0 ms]
   [Eden: 16.0M(16.0M)->0.0B(20.0M) Survivors: 2048.0K->3072.0K Heap: 55.8M(154.0M)->55.8M(175.0M)]
 [Times: user=0.03 sys=0.00, real=0.01 secs] 
2014-07-10T11:36:09.594+0200: 0.377: [GC pause (G1 Evacuation Pause) (young) 0.377: [G1Ergonomics (CSet Construction) start choosing CSet, _pending_cards: 517, predicted base time: 2.89 ms, remaining time: 197.11 ms, target pause time: 200.00 ms]
 0.377: [G1Ergonomics (CSet Construction) add young regions to CSet, eden: 20 regions, survivors: 3 regions, predicted young region time: 199.32 ms]
 0.377: [G1Ergonomics (CSet Construction) finish choosing CSet, eden: 20 regions, survivors: 3 regions, old: 0 regions, predicted pause time: 202.21 ms, target pause time: 200.00 ms]
 0.384: [G1Ergonomics (Heap Sizing) attempt heap expansion, reason: recent GC overhead higher than threshold after GC, recent GC overhead: 17.45 %, threshold: 10.00 %, uncommitted: 84934656 bytes, calculated expansion amount: 16986931 bytes (20.00 %)]
 0.384: [G1Ergonomics (Heap Sizing) expand the heap, requested expansion amount: 16986931 bytes, attempted expansion amount: 17825792 bytes]
, 0.0079998 secs]
   [Parallel Time: 7.3 ms, GC Workers: 2]
      [GC Worker Start (ms): Min: 376.7, Avg: 376.7, Max: 376.7, Diff: 0.0]
      [Ext Root Scanning (ms): Min: 0.3, Avg: 0.3, Max: 0.3, Diff: 0.0, Sum: 0.7]
      [Update RS (ms): Min: 0.0, Avg: 0.0, Max: 0.0, Diff: 0.0, Sum: 0.1]
         [Processed Buffers: Min: 1, Avg: 2.0, Max: 3, Diff: 2, Sum: 4]
      [Scan RS (ms): Min: 0.0, Avg: 0.0, Max: 0.0, Diff: 0.0, Sum: 0.1]
      [Code Root Scanning (ms): Min: 0.0, Avg: 0.0, Max: 0.0, Diff: 0.0, Sum: 0.0]
      [Object Copy (ms): Min: 6.8, Avg: 6.8, Max: 6.8, Diff: 0.0, Sum: 13.6]
      [Termination (ms): Min: 0.0, Avg: 0.0, Max: 0.0, Diff: 0.0, Sum: 0.0]
      [GC Worker Other (ms): Min: 0.0, Avg: 0.0, Max: 0.0, Diff: 0.0, Sum: 0.1]
      [GC Worker Total (ms): Min: 7.3, Avg: 7.3, Max: 7.3, Diff: 0.0, Sum: 14.5]
      [GC Worker End (ms): Min: 383.9, Avg: 383.9, Max: 383.9, Diff: 0.0]
   [Code Root Fixup: 0.0 ms]
   [Code Root Migration: 0.0 ms]
   [Clear CT: 0.0 ms]
   [Other: 0.7 ms]
      [Choose CSet: 0.0 ms]
      [Ref Proc: 0.3 ms]
      [Ref Enq: 0.0 ms]
      [Free CSet: 0.0 ms]
   [Eden: 20.0M(20.0M)->0.0B(92.0M) Survivors: 3072.0K->3072.0K Heap: 75.8M(175.0M)->62.2M(192.0M)]
 [Times: user=0.00 sys=0.00, real=0.01 secs] 
2014-07-10T11:36:09.661+0200: 0.443: [GC pause (G1 Evacuation Pause) (young) 0.444: [G1Ergonomics (CSet Construction) start choosing CSet, _pending_cards: 256, predicted base time: 2.11 ms, remaining time: 197.89 ms, target pause time: 200.00 ms]
 0.444: [G1Ergonomics (CSet Construction) add young regions to CSet, eden: 92 regions, survivors: 3 regions, predicted young region time: 644.11 ms]
 0.444: [G1Ergonomics (CSet Construction) finish choosing CSet, eden: 92 regions, survivors: 3 regions, old: 0 regions, predicted pause time: 646.22 ms, target pause time: 200.00 ms]
 0.469: [G1Ergonomics (Heap Sizing) attempt heap expansion, reason: recent GC overhead higher than threshold after GC, recent GC overhead: 18.81 %, threshold: 10.00 %, uncommitted: 67108864 bytes, calculated expansion amount: 13421772 bytes (20.00 %)]
 0.469: [G1Ergonomics (Heap Sizing) expand the heap, requested expansion amount: 13421772 bytes, attempted expansion amount: 13631488 bytes]
, 0.0263831 secs]
   [Parallel Time: 25.5 ms, GC Workers: 2]
      [GC Worker Start (ms): Min: 443.6, Avg: 443.6, Max: 443.6, Diff: 0.0]
      [Ext Root Scanning (ms): Min: 0.3, Avg: 0.3, Max: 0.3, Diff: 0.0, Sum: 0.6]
      [Update RS (ms): Min: 0.0, Avg: 0.0, Max: 0.0, Diff: 0.0, Sum: 0.0]
         [Processed Buffers: Min: 1, Avg: 1.0, Max: 1, Diff: 0, Sum: 2]
      [Scan RS (ms): Min: 0.1, Avg: 0.1, Max: 0.1, Diff: 0.0, Sum: 0.3]
      [Code Root Scanning (ms): Min: 0.1, Avg: 0.1, Max: 0.1, Diff: 0.0, Sum: 0.1]
      [Object Copy (ms): Min: 24.7, Avg: 24.7, Max: 24.7, Diff: 0.1, Sum: 49.4]
      [Termination (ms): Min: 0.0, Avg: 0.1, Max: 0.2, Diff: 0.2, Sum: 0.2]
      [GC Worker Other (ms): Min: 0.0, Avg: 0.1, Max: 0.2, Diff: 0.2, Sum: 0.2]
      [GC Worker Total (ms): Min: 25.4, Avg: 25.5, Max: 25.5, Diff: 0.1, Sum: 50.9]
      [GC Worker End (ms): Min: 469.0, Avg: 469.1, Max: 469.1, Diff: 0.1]
   [Code Root Fixup: 0.0 ms]
   [Code Root Migration: 0.0 ms]
   [Clear CT: 0.1 ms]
   [Other: 0.8 ms]
      [Choose CSet: 0.0 ms]
      [Ref Proc: 0.1 ms]
      [Ref Enq: 0.0 ms]
      [Free CSet: 0.1 ms]
   [Eden: 92.0M(92.0M)->0.0B(55.0M) Survivors: 3072.0K->12.0M Heap: 154.2M(192.0M)->94.6M(205.0M)]
 [Times: user=0.01 sys=0.05, real=0.03 secs] 
2014-07-10T11:36:09.718+0200: 0.500: [GC pause (G1 Evacuation Pause) (young) 0.500: [G1Ergonomics (CSet Construction) start choosing CSet, _pending_cards: 257, predicted base time: 1.93 ms, remaining time: 198.07 ms, target pause time: 200.00 ms]
 0.500: [G1Ergonomics (CSet Construction) add young regions to CSet, eden: 55 regions, survivors: 12 regions, predicted young region time: 353.83 ms]
 0.500: [G1Ergonomics (CSet Construction) finish choosing CSet, eden: 55 regions, survivors: 12 regions, old: 0 regions, predicted pause time: 355.76 ms, target pause time: 200.00 ms]
 0.516: [G1Ergonomics (Heap Sizing) attempt heap expansion, reason: recent GC overhead higher than threshold after GC, recent GC overhead: 21.17 %, threshold: 10.00 %, uncommitted: 53477376 bytes, calculated expansion amount: 10695475 bytes (20.00 %)]
 0.516: [G1Ergonomics (Heap Sizing) expand the heap, requested expansion amount: 10695475 bytes, attempted expansion amount: 11534336 bytes]
 0.516: [G1Ergonomics (Concurrent Cycles) request concurrent cycle initiation, reason: occupancy higher than threshold, occupancy: 102760448 bytes, allocation request: 0 bytes, threshold: 101921580 bytes (45.00 %), source: end of GC]
, 0.0163995 secs]
   [Parallel Time: 15.7 ms, GC Workers: 2]
      [GC Worker Start (ms): Min: 500.1, Avg: 500.1, Max: 500.1, Diff: 0.0]
      [Ext Root Scanning (ms): Min: 0.3, Avg: 0.3, Max: 0.3, Diff: 0.0, Sum: 0.5]
      [Update RS (ms): Min: 0.0, Avg: 0.0, Max: 0.0, Diff: 0.0, Sum: 0.0]
         [Processed Buffers: Min: 1, Avg: 1.5, Max: 2, Diff: 1, Sum: 3]
      [Scan RS (ms): Min: 0.1, Avg: 0.1, Max: 0.1, Diff: 0.0, Sum: 0.2]
      [Code Root Scanning (ms): Min: 0.0, Avg: 0.0, Max: 0.0, Diff: 0.0, Sum: 0.1]
      [Object Copy (ms): Min: 15.1, Avg: 15.1, Max: 15.1, Diff: 0.0, Sum: 30.2]
      [Termination (ms): Min: 0.0, Avg: 0.1, Max: 0.1, Diff: 0.1, Sum: 0.1]
      [GC Worker Other (ms): Min: 0.0, Avg: 0.1, Max: 0.2, Diff: 0.1, Sum: 0.2]
      [GC Worker Total (ms): Min: 15.6, Avg: 15.6, Max: 15.7, Diff: 0.1, Sum: 31.3]
      [GC Worker End (ms): Min: 515.7, Avg: 515.7, Max: 515.8, Diff: 0.1]
   [Code Root Fixup: 0.0 ms]
   [Code Root Migration: 0.0 ms]
   [Clear CT: 0.1 ms]
   [Other: 0.6 ms]
      [Choose CSet: 0.0 ms]
      [Ref Proc: 0.2 ms]
      [Ref Enq: 0.0 ms]
      [Free CSet: 0.1 ms]
   [Eden: 55.0M(55.0M)->0.0B(52.0M) Survivors: 12.0M->9216.0K Heap: 149.6M(205.0M)->106.8M(216.0M)]
 [Times: user=0.06 sys=0.00, real=0.02 secs] 
 0.576: [G1Ergonomics (Concurrent Cycles) initiate concurrent cycle, reason: concurrent cycle initiation requested]
2014-07-10T11:36:09.794+0200: 0.576: [GC pause (G1 Evacuation Pause) (young) (initial-mark) 0.576: [G1Ergonomics (CSet Construction) start choosing CSet, _pending_cards: 512, predicted base time: 1.95 ms, remaining time: 198.05 ms, target pause time: 200.00 ms]
 0.576: [G1Ergonomics (CSet Construction) add young regions to CSet, eden: 52 regions, survivors: 9 regions, predicted young region time: 203.09 ms]
 0.576: [G1Ergonomics (CSet Construction) finish choosing CSet, eden: 52 regions, survivors: 9 regions, old: 0 regions, predicted pause time: 205.04 ms, target pause time: 200.00 ms]
 0.584: [G1Ergonomics (Heap Sizing) attempt heap expansion, reason: recent GC overhead higher than threshold after GC, recent GC overhead: 22.51 %, threshold: 10.00 %, uncommitted: 41943040 bytes, calculated expansion amount: 8388608 bytes (20.00 %)]
 0.584: [G1Ergonomics (Heap Sizing) expand the heap, requested expansion amount: 8388608 bytes, attempted expansion amount: 8388608 bytes]
, 0.0081123 secs]
   [Parallel Time: 7.2 ms, GC Workers: 2]
      [GC Worker Start (ms): Min: 576.4, Avg: 576.6, Max: 576.7, Diff: 0.3]
      [Ext Root Scanning (ms): Min: 0.1, Avg: 0.3, Max: 0.6, Diff: 0.4, Sum: 0.7]
      [Code Root Marking (ms): Min: 0.0, Avg: 0.0, Max: 0.1, Diff: 0.0, Sum: 0.1]
      [Update RS (ms): Min: 0.0, Avg: 0.0, Max: 0.0, Diff: 0.0, Sum: 0.0]
         [Processed Buffers: Min: 1, Avg: 1.5, Max: 2, Diff: 1, Sum: 3]
      [Scan RS (ms): Min: 0.1, Avg: 0.1, Max: 0.1, Diff: 0.0, Sum: 0.2]
      [Code Root Scanning (ms): Min: 0.0, Avg: 0.0, Max: 0.0, Diff: 0.0, Sum: 0.1]
      [Object Copy (ms): Min: 6.1, Avg: 6.1, Max: 6.1, Diff: 0.0, Sum: 12.2]
      [Termination (ms): Min: 0.0, Avg: 0.0, Max: 0.0, Diff: 0.0, Sum: 0.0]
      [GC Worker Other (ms): Min: 0.0, Avg: 0.1, Max: 0.2, Diff: 0.1, Sum: 0.2]
      [GC Worker Total (ms): Min: 6.6, Avg: 6.8, Max: 6.9, Diff: 0.3, Sum: 13.5]
      [GC Worker End (ms): Min: 583.3, Avg: 583.3, Max: 583.3, Diff: 0.0]
   [Code Root Fixup: 0.0 ms]
   [Code Root Migration: 0.0 ms]
   [Clear CT: 0.1 ms]
   [Other: 0.8 ms]
      [Choose CSet: 0.0 ms]
      [Ref Proc: 0.4 ms]
      [Ref Enq: 0.0 ms]
      [Free CSet: 0.1 ms]
   [Eden: 52.0M(52.0M)->0.0B(63.0M) Survivors: 9216.0K->8192.0K Heap: 158.8M(216.0M)->108.1M(224.0M)]
 [Times: user=0.03 sys=0.00, real=0.01 secs] 
2014-07-10T11:36:09.802+0200: 0.584: [GC concurrent-root-region-scan-start]
2014-07-10T11:36:09.802+0200: 0.584: [GC concurrent-root-region-scan-end, 0.0001133 secs]
2014-07-10T11:36:09.802+0200: 0.584: [GC concurrent-mark-start]
2014-07-10T11:36:09.805+0200: 0.587: [GC concurrent-mark-end, 0.0022500 secs]
2014-07-10T11:36:09.805+0200: 0.587: [GC remark 0.587: [GC ref-proc, 0.0000671 secs], 0.0011211 secs]
 [Times: user=0.00 sys=0.00, real=0.00 secs] 
2014-07-10T11:36:09.806+0200: 0.588: [GC cleanup 113M->23M(224M), 0.0006251 secs]
 [Times: user=0.00 sys=0.00, real=0.00 secs] 
2014-07-10T11:36:09.807+0200: 0.589: [GC concurrent-cleanup-start]
2014-07-10T11:36:09.807+0200: 0.589: [GC concurrent-cleanup-end, 0.0002020 secs]
2014-07-10T11:36:09.836+0200: 0.618: [GC pause (G1 Evacuation Pause) (young) 0.618: [G1Ergonomics (CSet Construction) start choosing CSet, _pending_cards: 512, predicted base time: 1.98 ms, remaining time: 198.02 ms, target pause time: 200.00 ms]
 0.618: [G1Ergonomics (CSet Construction) add young regions to CSet, eden: 63 regions, survivors: 8 regions, predicted young region time: 244.85 ms]
 0.618: [G1Ergonomics (CSet Construction) finish choosing CSet, eden: 63 regions, survivors: 8 regions, old: 0 regions, predicted pause time: 246.84 ms, target pause time: 200.00 ms]
 0.624: [G1Ergonomics (Heap Sizing) attempt heap expansion, reason: recent GC overhead higher than threshold after GC, recent GC overhead: 21.20 %, threshold: 10.00 %, uncommitted: 33554432 bytes, calculated expansion amount: 6710886 bytes (20.00 %)]
 0.624: [G1Ergonomics (Heap Sizing) expand the heap, requested expansion amount: 6710886 bytes, attempted expansion amount: 7340032 bytes]
 0.625: [G1Ergonomics (Mixed GCs) do not start mixed GCs, reason: reclaimable percentage not over threshold, candidate old regions: 8 regions, reclaimable: 7934784 bytes (3.28 %), threshold: 10.00 %]
, 0.0062143 secs]
   [Parallel Time: 5.4 ms, GC Workers: 2]
      [GC Worker Start (ms): Min: 618.4, Avg: 618.4, Max: 618.4, Diff: 0.0]
      [Ext Root Scanning (ms): Min: 0.3, Avg: 0.3, Max: 0.3, Diff: 0.0, Sum: 0.7]
      [Update RS (ms): Min: 0.0, Avg: 0.0, Max: 0.0, Diff: 0.0, Sum: 0.1]
         [Processed Buffers: Min: 1, Avg: 1.5, Max: 2, Diff: 1, Sum: 3]
      [Scan RS (ms): Min: 0.1, Avg: 0.1, Max: 0.1, Diff: 0.0, Sum: 0.2]
      [Code Root Scanning (ms): Min: 0.0, Avg: 0.0, Max: 0.0, Diff: 0.0, Sum: 0.1]
      [Object Copy (ms): Min: 4.8, Avg: 4.8, Max: 4.8, Diff: 0.0, Sum: 9.6]
      [Termination (ms): Min: 0.0, Avg: 0.0, Max: 0.0, Diff: 0.0, Sum: 0.0]
      [GC Worker Other (ms): Min: 0.0, Avg: 0.0, Max: 0.0, Diff: 0.0, Sum: 0.1]
      [GC Worker Total (ms): Min: 5.4, Avg: 5.4, Max: 5.4, Diff: 0.0, Sum: 10.8]
      [GC Worker End (ms): Min: 623.8, Avg: 623.8, Max: 623.8, Diff: 0.0]
   [Code Root Fixup: 0.0 ms]
   [Code Root Migration: 0.0 ms]
   [Clear CT: 0.1 ms]
   [Other: 0.7 ms]
      [Choose CSet: 0.0 ms]
      [Ref Proc: 0.3 ms]
      [Ref Enq: 0.0 ms]
      [Free CSet: 0.1 ms]
   [Eden: 63.0M(63.0M)->0.0B(130.0M) Survivors: 8192.0K->8192.0K Heap: 81.1M(224.0M)->17.3M(231.0M)]
 [Times: user=0.02 sys=0.00, real=0.01 secs] 
2014-07-10T11:36:09.940+0200: 0.722: [GC pause (G1 Evacuation Pause) (young) 0.722: [G1Ergonomics (CSet Construction) start choosing CSet, _pending_cards: 257, predicted base time: 1.65 ms, remaining time: 198.35 ms, target pause time: 200.00 ms]
 0.722: [G1Ergonomics (CSet Construction) add young regions to CSet, eden: 130 regions, survivors: 8 regions, predicted young region time: 406.16 ms]
 0.722: [G1Ergonomics (CSet Construction) finish choosing CSet, eden: 130 regions, survivors: 8 regions, old: 0 regions, predicted pause time: 407.81 ms, target pause time: 200.00 ms]
 0.727: [G1Ergonomics (Heap Sizing) attempt heap expansion, reason: recent GC overhead higher than threshold after GC, recent GC overhead: 33.76 %, threshold: 10.00 %, uncommitted: 26214400 bytes, calculated expansion amount: 5242880 bytes (20.00 %)]
 0.727: [G1Ergonomics (Heap Sizing) expand the heap, requested expansion amount: 5242880 bytes, attempted expansion amount: 5242880 bytes]
, 0.0053986 secs]
   [Parallel Time: 4.7 ms, GC Workers: 2]
      [GC Worker Start (ms): Min: 722.2, Avg: 722.2, Max: 722.2, Diff: 0.0]
      [Ext Root Scanning (ms): Min: 0.3, Avg: 0.3, Max: 0.3, Diff: 0.0, Sum: 0.7]
      [Update RS (ms): Min: 0.0, Avg: 0.1, Max: 0.1, Diff: 0.1, Sum: 0.1]
         [Processed Buffers: Min: 1, Avg: 1.5, Max: 2, Diff: 1, Sum: 3]
      [Scan RS (ms): Min: 0.2, Avg: 0.2, Max: 0.3, Diff: 0.1, Sum: 0.5]
      [Code Root Scanning (ms): Min: 0.1, Avg: 0.1, Max: 0.1, Diff: 0.0, Sum: 0.2]
      [Object Copy (ms): Min: 3.9, Avg: 3.9, Max: 3.9, Diff: 0.0, Sum: 7.9]
      [Termination (ms): Min: 0.0, Avg: 0.0, Max: 0.0, Diff: 0.0, Sum: 0.0]
      [GC Worker Other (ms): Min: 0.0, Avg: 0.0, Max: 0.0, Diff: 0.0, Sum: 0.1]
      [GC Worker Total (ms): Min: 4.7, Avg: 4.7, Max: 4.7, Diff: 0.0, Sum: 9.4]
      [GC Worker End (ms): Min: 726.9, Avg: 726.9, Max: 726.9, Diff: 0.0]
   [Code Root Fixup: 0.0 ms]
   [Code Root Migration: 0.0 ms]
   [Clear CT: 0.1 ms]
   [Other: 0.5 ms]
      [Choose CSet: 0.0 ms]
      [Ref Proc: 0.1 ms]
      [Ref Enq: 0.0 ms]
      [Free CSet: 0.2 ms]
   [Eden: 130.0M(130.0M)->0.0B(135.0M) Survivors: 8192.0K->6144.0K Heap: 147.3M(231.0M)->15.2M(236.0M)]
 [Times: user=0.00 sys=0.00, real=0.01 secs] 
2014-07-10T11:36:10.053+0200: 0.835: [GC pause (G1 Evacuation Pause) (young) 0.835: [G1Ergonomics (CSet Construction) start choosing CSet, _pending_cards: 513, predicted base time: 1.64 ms, remaining time: 198.36 ms, target pause time: 200.00 ms]
 0.835: [G1Ergonomics (CSet Construction) add young regions to CSet, eden: 135 regions, survivors: 6 regions, predicted young region time: 359.88 ms]
 0.835: [G1Ergonomics (CSet Construction) finish choosing CSet, eden: 135 regions, survivors: 6 regions, old: 0 regions, predicted pause time: 361.52 ms, target pause time: 200.00 ms]
 0.881: [G1Ergonomics (Heap Sizing) attempt heap expansion, reason: recent GC overhead higher than threshold after GC, recent GC overhead: 26.17 %, threshold: 10.00 %, uncommitted: 20971520 bytes, calculated expansion amount: 4194304 bytes (20.00 %)]
 0.881: [G1Ergonomics (Heap Sizing) expand the heap, requested expansion amount: 4194304 bytes, attempted expansion amount: 4194304 bytes]
, 0.0460812 secs]
   [Parallel Time: 45.4 ms, GC Workers: 2]
      [GC Worker Start (ms): Min: 835.5, Avg: 835.5, Max: 835.5, Diff: 0.0]
      [Ext Root Scanning (ms): Min: 0.3, Avg: 0.3, Max: 0.3, Diff: 0.0, Sum: 0.7]
      [Update RS (ms): Min: 0.0, Avg: 0.0, Max: 0.0, Diff: 0.0, Sum: 0.1]
         [Processed Buffers: Min: 1, Avg: 2.0, Max: 3, Diff: 2, Sum: 4]
      [Scan RS (ms): Min: 0.2, Avg: 0.2, Max: 0.2, Diff: 0.0, Sum: 0.4]
      [Code Root Scanning (ms): Min: 0.1, Avg: 0.1, Max: 0.1, Diff: 0.0, Sum: 0.2]
      [Object Copy (ms): Min: 44.5, Avg: 44.6, Max: 44.6, Diff: 0.1, Sum: 89.2]
      [Termination (ms): Min: 0.0, Avg: 0.1, Max: 0.1, Diff: 0.1, Sum: 0.1]
      [GC Worker Other (ms): Min: 0.0, Avg: 0.0, Max: 0.0, Diff: 0.0, Sum: 0.1]
      [GC Worker Total (ms): Min: 45.3, Avg: 45.4, Max: 45.4, Diff: 0.1, Sum: 90.7]
      [GC Worker End (ms): Min: 880.8, Avg: 880.9, Max: 880.9, Diff: 0.1]
   [Code Root Fixup: 0.0 ms]
   [Code Root Migration: 0.0 ms]
   [Clear CT: 0.1 ms]
   [Other: 0.5 ms]
      [Choose CSet: 0.0 ms]
      [Ref Proc: 0.1 ms]
      [Ref Enq: 0.0 ms]
      [Free CSet: 0.2 ms]
   [Eden: 135.0M(135.0M)->0.0B(98.0M) Survivors: 6144.0K->18.0M Heap: 150.2M(236.0M)->76.1M(240.0M)]
 [Times: user=0.05 sys=0.02, real=0.05 secs] 
2014-07-10T11:36:10.204+0200: 0.986: [GC pause (G1 Evacuation Pause) (young) 0.986: [G1Ergonomics (CSet Construction) start choosing CSet, _pending_cards: 512, predicted base time: 1.49 ms, remaining time: 198.51 ms, target pause time: 200.00 ms]
 0.986: [G1Ergonomics (CSet Construction) add young regions to CSet, eden: 98 regions, survivors: 18 regions, predicted young region time: 221.42 ms]
 0.986: [G1Ergonomics (CSet Construction) finish choosing CSet, eden: 98 regions, survivors: 18 regions, old: 0 regions, predicted pause time: 222.91 ms, target pause time: 200.00 ms]
 1.007: [G1Ergonomics (Heap Sizing) attempt heap expansion, reason: recent GC overhead higher than threshold after GC, recent GC overhead: 26.37 %, threshold: 10.00 %, uncommitted: 16777216 bytes, calculated expansion amount: 3355443 bytes (20.00 %)]
 1.007: [G1Ergonomics (Heap Sizing) expand the heap, requested expansion amount: 3355443 bytes, attempted expansion amount: 4194304 bytes]
, 0.0209952 secs]
   [Parallel Time: 20.4 ms, GC Workers: 2]
      [GC Worker Start (ms): Min: 986.5, Avg: 986.5, Max: 986.5, Diff: 0.0]
      [Ext Root Scanning (ms): Min: 0.3, Avg: 0.3, Max: 0.3, Diff: 0.0, Sum: 0.7]
      [Update RS (ms): Min: 0.0, Avg: 0.0, Max: 0.0, Diff: 0.0, Sum: 0.0]
         [Processed Buffers: Min: 1, Avg: 1.5, Max: 2, Diff: 1, Sum: 3]
      [Scan RS (ms): Min: 0.2, Avg: 0.2, Max: 0.2, Diff: 0.0, Sum: 0.3]
      [Code Root Scanning (ms): Min: 0.1, Avg: 0.1, Max: 0.1, Diff: 0.0, Sum: 0.2]
      [Object Copy (ms): Min: 19.7, Avg: 19.7, Max: 19.7, Diff: 0.0, Sum: 39.4]
      [Termination (ms): Min: 0.0, Avg: 0.0, Max: 0.0, Diff: 0.0, Sum: 0.0]
      [GC Worker Other (ms): Min: 0.0, Avg: 0.0, Max: 0.0, Diff: 0.0, Sum: 0.1]
      [GC Worker Total (ms): Min: 20.3, Avg: 20.3, Max: 20.3, Diff: 0.0, Sum: 40.6]
      [GC Worker End (ms): Min: 1006.8, Avg: 1006.8, Max: 1006.8, Diff: 0.0]
   [Code Root Fixup: 0.0 ms]
   [Code Root Migration: 0.0 ms]
   [Clear CT: 0.1 ms]
   [Other: 0.5 ms]
      [Choose CSet: 0.0 ms]
      [Ref Proc: 0.1 ms]
      [Ref Enq: 0.0 ms]
      [Free CSet: 0.2 ms]
   [Eden: 98.0M(98.0M)->0.0B(88.0M) Survivors: 18.0M->15.0M Heap: 174.1M(240.0M)->89.9M(244.0M)]
 [Times: user=0.03 sys=0.00, real=0.02 secs] 
2014-07-10T11:36:10.272+0200: 1.054: [GC pause (G1 Evacuation Pause) (young) 1.054: [G1Ergonomics (CSet Construction) start choosing CSet, _pending_cards: 512, predicted base time: 1.36 ms, remaining time: 198.64 ms, target pause time: 200.00 ms]
 1.054: [G1Ergonomics (CSet Construction) add young regions to CSet, eden: 88 regions, survivors: 15 regions, predicted young region time: 174.89 ms]
 1.054: [G1Ergonomics (CSet Construction) finish choosing CSet, eden: 88 regions, survivors: 15 regions, old: 0 regions, predicted pause time: 176.25 ms, target pause time: 200.00 ms]
 1.090: [G1Ergonomics (Heap Sizing) attempt heap expansion, reason: recent GC overhead higher than threshold after GC, recent GC overhead: 23.74 %, threshold: 10.00 %, uncommitted: 12582912 bytes, calculated expansion amount: 2516582 bytes (20.00 %)]
 1.090: [G1Ergonomics (Heap Sizing) expand the heap, requested expansion amount: 2516582 bytes, attempted expansion amount: 3145728 bytes]
 1.090: [G1Ergonomics (Concurrent Cycles) request concurrent cycle initiation, reason: occupancy higher than threshold, occupancy: 121634816 bytes, allocation request: 0 bytes, threshold: 116549190 bytes (45.00 %), source: end of GC]
, 0.0354010 secs]
   [Parallel Time: 34.8 ms, GC Workers: 2]
      [GC Worker Start (ms): Min: 1054.3, Avg: 1054.3, Max: 1054.3, Diff: 0.0]
      [Ext Root Scanning (ms): Min: 0.3, Avg: 0.4, Max: 0.4, Diff: 0.0, Sum: 0.7]
      [Update RS (ms): Min: 0.0, Avg: 0.0, Max: 0.1, Diff: 0.0, Sum: 0.1]
         [Processed Buffers: Min: 1, Avg: 1.5, Max: 2, Diff: 1, Sum: 3]
      [Scan RS (ms): Min: 0.2, Avg: 0.2, Max: 0.2, Diff: 0.0, Sum: 0.3]
      [Code Root Scanning (ms): Min: 0.1, Avg: 0.1, Max: 0.1, Diff: 0.0, Sum: 0.1]
      [Object Copy (ms): Min: 34.1, Avg: 34.1, Max: 34.2, Diff: 0.0, Sum: 68.3]
      [Termination (ms): Min: 0.0, Avg: 0.0, Max: 0.0, Diff: 0.0, Sum: 0.0]
      [GC Worker Other (ms): Min: 0.0, Avg: 0.0, Max: 0.0, Diff: 0.0, Sum: 0.1]
      [GC Worker Total (ms): Min: 34.8, Avg: 34.8, Max: 34.8, Diff: 0.0, Sum: 69.6]
      [GC Worker End (ms): Min: 1089.1, Avg: 1089.1, Max: 1089.1, Diff: 0.0]
   [Code Root Fixup: 0.0 ms]
   [Code Root Migration: 0.0 ms]
   [Clear CT: 0.1 ms]
   [Other: 0.5 ms]
      [Choose CSet: 0.0 ms]
      [Ref Proc: 0.1 ms]
      [Ref Enq: 0.0 ms]
      [Free CSet: 0.2 ms]
   [Eden: 88.0M(88.0M)->0.0B(51.0M) Survivors: 15.0M->13.0M Heap: 177.9M(244.0M)->128.6M(247.0M)]
 [Times: user=0.06 sys=0.00, real=0.04 secs] 
 1.115: [G1Ergonomics (Concurrent Cycles) initiate concurrent cycle, reason: concurrent cycle initiation requested]
2014-07-10T11:36:10.333+0200: 1.115: [GC pause (G1 Evacuation Pause) (young) (initial-mark) 1.115: [G1Ergonomics (CSet Construction) start choosing CSet, _pending_cards: 257, predicted base time: 1.18 ms, remaining time: 198.82 ms, target pause time: 200.00 ms]
 1.115: [G1Ergonomics (CSet Construction) add young regions to CSet, eden: 51 regions, survivors: 13 regions, predicted young region time: 88.81 ms]
 1.115: [G1Ergonomics (CSet Construction) finish choosing CSet, eden: 51 regions, survivors: 13 regions, old: 0 regions, predicted pause time: 89.99 ms, target pause time: 200.00 ms]
 1.140: [G1Ergonomics (Heap Sizing) attempt heap expansion, reason: recent GC overhead higher than threshold after GC, recent GC overhead: 24.97 %, threshold: 10.00 %, uncommitted: 9437184 bytes, calculated expansion amount: 1887436 bytes (20.00 %)]
 1.140: [G1Ergonomics (Heap Sizing) expand the heap, requested expansion amount: 1887436 bytes, attempted expansion amount: 2097152 bytes]
, 0.0250761 secs]
   [Parallel Time: 24.4 ms, GC Workers: 2]
      [GC Worker Start (ms): Min: 1115.1, Avg: 1115.2, Max: 1115.3, Diff: 0.2]
      [Ext Root Scanning (ms): Min: 0.2, Avg: 0.3, Max: 0.4, Diff: 0.2, Sum: 0.6]
      [Code Root Marking (ms): Min: 0.0, Avg: 0.0, Max: 0.0, Diff: 0.0, Sum: 0.1]
      [Update RS (ms): Min: 0.0, Avg: 0.0, Max: 0.0, Diff: 0.0, Sum: 0.0]
         [Processed Buffers: Min: 1, Avg: 1.5, Max: 2, Diff: 1, Sum: 3]
      [Scan RS (ms): Min: 0.1, Avg: 0.1, Max: 0.1, Diff: 0.0, Sum: 0.2]
      [Code Root Scanning (ms): Min: 0.0, Avg: 0.0, Max: 0.0, Diff: 0.0, Sum: 0.1]
      [Object Copy (ms): Min: 23.8, Avg: 23.8, Max: 23.8, Diff: 0.0, Sum: 47.5]
      [Termination (ms): Min: 0.0, Avg: 0.0, Max: 0.0, Diff: 0.0, Sum: 0.0]
      [GC Worker Other (ms): Min: 0.0, Avg: 0.0, Max: 0.0, Diff: 0.0, Sum: 0.1]
      [GC Worker Total (ms): Min: 24.2, Avg: 24.3, Max: 24.4, Diff: 0.2, Sum: 48.6]
      [GC Worker End (ms): Min: 1139.5, Avg: 1139.5, Max: 1139.5, Diff: 0.0]
   [Code Root Fixup: 0.0 ms]
   [Code Root Migration: 0.0 ms]
   [Clear CT: 0.1 ms]
   [Other: 0.6 ms]
      [Choose CSet: 0.0 ms]
      [Ref Proc: 0.2 ms]
      [Ref Enq: 0.0 ms]
      [Free CSet: 0.1 ms]
   [Eden: 51.0M(51.0M)->0.0B(35.0M) Survivors: 13.0M->8192.0K Heap: 179.6M(247.0M)->154.3M(249.0M)]
 [Times: user=0.05 sys=0.00, real=0.03 secs] 
2014-07-10T11:36:10.358+0200: 1.140: [GC concurrent-root-region-scan-start]
2014-07-10T11:36:10.359+0200: 1.141: [GC concurrent-root-region-scan-end, 0.0004455 secs]
2014-07-10T11:36:10.359+0200: 1.141: [GC concurrent-mark-start]
2014-07-10T11:36:10.361+0200: 1.143: [GC concurrent-mark-end, 0.0025008 secs]
2014-07-10T11:36:10.361+0200: 1.144: [GC remark 1.144: [GC ref-proc, 0.0000770 secs], 0.0014397 secs]
 [Times: user=0.00 sys=0.00, real=0.00 secs] 
2014-07-10T11:36:10.363+0200: 1.145: [GC cleanup 161M->57M(249M), 0.0008058 secs]
 [Times: user=0.00 sys=0.00, real=0.00 secs] 
2014-07-10T11:36:10.364+0200: 1.146: [GC concurrent-cleanup-start]
2014-07-10T11:36:10.364+0200: 1.146: [GC concurrent-cleanup-end, 0.0001998 secs]
2014-07-10T11:36:10.395+0200: 1.178: [GC pause (G1 Evacuation Pause) (young) 1.178: [G1Ergonomics (CSet Construction) start choosing CSet, _pending_cards: 512, predicted base time: 1.23 ms, remaining time: 198.77 ms, target pause time: 200.00 ms]
 1.178: [G1Ergonomics (CSet Construction) add young regions to CSet, eden: 35 regions, survivors: 8 regions, predicted young region time: 52.99 ms]
 1.178: [G1Ergonomics (CSet Construction) finish choosing CSet, eden: 35 regions, survivors: 8 regions, old: 0 regions, predicted pause time: 54.22 ms, target pause time: 200.00 ms]
 1.183: [G1Ergonomics (Heap Sizing) attempt heap expansion, reason: recent GC overhead higher than threshold after GC, recent GC overhead: 25.53 %, threshold: 10.00 %, uncommitted: 7340032 bytes, calculated expansion amount: 1468006 bytes (20.00 %)]
 1.183: [G1Ergonomics (Heap Sizing) expand the heap, requested expansion amount: 1468006 bytes, attempted expansion amount: 2097152 bytes]
 1.183: [G1Ergonomics (Mixed GCs) do not start mixed GCs, reason: reclaimable percentage not over threshold, candidate old regions: 12 regions, reclaimable: 11829456 bytes (4.49 %), threshold: 10.00 %]
, 0.0055448 secs]
   [Parallel Time: 5.1 ms, GC Workers: 2]
      [GC Worker Start (ms): Min: 1177.7, Avg: 1177.7, Max: 1177.7, Diff: 0.0]
      [Ext Root Scanning (ms): Min: 0.3, Avg: 0.3, Max: 0.3, Diff: 0.0, Sum: 0.5]
      [Update RS (ms): Min: 0.0, Avg: 0.0, Max: 0.0, Diff: 0.0, Sum: 0.0]
         [Processed Buffers: Min: 1, Avg: 1.5, Max: 2, Diff: 1, Sum: 3]
      [Scan RS (ms): Min: 0.1, Avg: 0.1, Max: 0.1, Diff: 0.0, Sum: 0.1]
      [Code Root Scanning (ms): Min: 0.0, Avg: 0.0, Max: 0.0, Diff: 0.0, Sum: 0.1]
      [Object Copy (ms): Min: 4.7, Avg: 4.7, Max: 4.7, Diff: 0.0, Sum: 9.3]
      [Termination (ms): Min: 0.0, Avg: 0.0, Max: 0.0, Diff: 0.0, Sum: 0.0]
      [GC Worker Other (ms): Min: 0.0, Avg: 0.0, Max: 0.0, Diff: 0.0, Sum: 0.1]
      [GC Worker Total (ms): Min: 5.1, Avg: 5.1, Max: 5.1, Diff: 0.0, Sum: 10.1]
      [GC Worker End (ms): Min: 1182.7, Avg: 1182.7, Max: 1182.7, Diff: 0.0]
   [Code Root Fixup: 0.0 ms]
   [Code Root Migration: 0.0 ms]
   [Clear CT: 0.0 ms]
   [Other: 0.4 ms]
      [Choose CSet: 0.0 ms]
      [Ref Proc: 0.1 ms]
      [Ref Enq: 0.0 ms]
      [Free CSet: 0.1 ms]
   [Eden: 35.0M(35.0M)->0.0B(136.0M) Survivors: 8192.0K->6144.0K Heap: 85.3M(249.0M)->49.9M(251.0M)]
 [Times: user=0.00 sys=0.00, real=0.01 secs] 
2014-07-10T11:36:10.478+0200: 1.261: [GC pause (G1 Evacuation Pause) (young) 1.261: [G1Ergonomics (CSet Construction) start choosing CSet, _pending_cards: 514, predicted base time: 1.10 ms, remaining time: 198.90 ms, target pause time: 200.00 ms]
 1.261: [G1Ergonomics (CSet Construction) add young regions to CSet, eden: 136 regions, survivors: 6 regions, predicted young region time: 178.58 ms]
 1.261: [G1Ergonomics (CSet Construction) finish choosing CSet, eden: 136 regions, survivors: 6 regions, old: 0 regions, predicted pause time: 179.68 ms, target pause time: 200.00 ms]
 1.303: [G1Ergonomics (Heap Sizing) attempt heap expansion, reason: region allocation request failed, allocation request: 32784 bytes]
 1.303: [G1Ergonomics (Heap Sizing) expand the heap, requested expansion amount: 32784 bytes, attempted expansion amount: 1048576 bytes]
 1.304: [G1Ergonomics (Heap Sizing) attempt heap expansion, reason: recent GC overhead higher than threshold after GC, recent GC overhead: 24.42 %, threshold: 10.00 %, uncommitted: 4194304 bytes, calculated expansion amount: 838860 bytes (20.00 %)]
 1.304: [G1Ergonomics (Heap Sizing) expand the heap, requested expansion amount: 1048576 bytes, attempted expansion amount: 1048576 bytes]
, 0.0433124 secs]
   [Parallel Time: 42.6 ms, GC Workers: 2]
      [GC Worker Start (ms): Min: 1260.7, Avg: 1260.7, Max: 1260.7, Diff: 0.0]
      [Ext Root Scanning (ms): Min: 0.3, Avg: 0.3, Max: 0.3, Diff: 0.0, Sum: 0.7]
      [Update RS (ms): Min: 0.0, Avg: 0.0, Max: 0.0, Diff: 0.0, Sum: 0.1]
         [Processed Buffers: Min: 2, Avg: 2.0, Max: 2, Diff: 0, Sum: 4]
      [Scan RS (ms): Min: 0.2, Avg: 0.2, Max: 0.2, Diff: 0.0, Sum: 0.4]
      [Code Root Scanning (ms): Min: 0.1, Avg: 0.1, Max: 0.1, Diff: 0.0, Sum: 0.2]
      [Object Copy (ms): Min: 41.8, Avg: 41.9, Max: 41.9, Diff: 0.0, Sum: 83.7]
      [Termination (ms): Min: 0.0, Avg: 0.0, Max: 0.0, Diff: 0.0, Sum: 0.0]
      [GC Worker Other (ms): Min: 0.0, Avg: 0.0, Max: 0.0, Diff: 0.0, Sum: 0.1]
      [GC Worker Total (ms): Min: 42.6, Avg: 42.6, Max: 42.6, Diff: 0.0, Sum: 85.1]
      [GC Worker End (ms): Min: 1303.3, Avg: 1303.3, Max: 1303.3, Diff: 0.0]
   [Code Root Fixup: 0.0 ms]
   [Code Root Migration: 0.0 ms]
   [Clear CT: 0.2 ms]
   [Other: 0.5 ms]
      [Choose CSet: 0.0 ms]
      [Ref Proc: 0.0 ms]
      [Ref Enq: 0.0 ms]
      [Free CSet: 0.2 ms]
   [Eden: 136.0M(136.0M)->0.0B(67.0M) Survivors: 6144.0K->18.0M Heap: 185.9M(251.0M)->109.3M(253.0M)]
 [Times: user=0.09 sys=0.00, real=0.04 secs] 
2014-07-10T11:36:10.590+0200: 1.372: [GC pause (G1 Evacuation Pause) (young) 1.372: [G1Ergonomics (CSet Construction) start choosing CSet, _pending_cards: 513, predicted base time: 1.07 ms, remaining time: 198.93 ms, target pause time: 200.00 ms]
 1.372: [G1Ergonomics (CSet Construction) add young regions to CSet, eden: 67 regions, survivors: 18 regions, predicted young region time: 81.34 ms]
 1.372: [G1Ergonomics (CSet Construction) finish choosing CSet, eden: 67 regions, survivors: 18 regions, old: 0 regions, predicted pause time: 82.41 ms, target pause time: 200.00 ms]
 1.373: [G1Ergonomics (Heap Sizing) attempt heap expansion, reason: recent GC overhead higher than threshold after GC, recent GC overhead: 25.41 %, threshold: 10.00 %, uncommitted: 3145728 bytes, calculated expansion amount: 629145 bytes (20.00 %)]
 1.373: [G1Ergonomics (Heap Sizing) expand the heap, requested expansion amount: 1048576 bytes, attempted expansion amount: 1048576 bytes]
, 0.0010434 secs]
   [Parallel Time: 0.7 ms, GC Workers: 2]
      [GC Worker Start (ms): Min: 1372.0, Avg: 1372.0, Max: 1372.0, Diff: 0.0]
      [Ext Root Scanning (ms): Min: 0.3, Avg: 0.3, Max: 0.3, Diff: 0.0, Sum: 0.6]
      [Update RS (ms): Min: 0.0, Avg: 0.0, Max: 0.0, Diff: 0.0, Sum: 0.0]
         [Processed Buffers: Min: 2, Avg: 2.0, Max: 2, Diff: 0, Sum: 4]
      [Scan RS (ms): Min: 0.1, Avg: 0.1, Max: 0.1, Diff: 0.0, Sum: 0.2]
      [Code Root Scanning (ms): Min: 0.1, Avg: 0.1, Max: 0.1, Diff: 0.0, Sum: 0.1]
      [Object Copy (ms): Min: 0.1, Avg: 0.1, Max: 0.2, Diff: 0.0, Sum: 0.3]
      [Termination (ms): Min: 0.0, Avg: 0.0, Max: 0.0, Diff: 0.0, Sum: 0.0]
      [GC Worker Other (ms): Min: 0.0, Avg: 0.0, Max: 0.0, Diff: 0.0, Sum: 0.0]
      [GC Worker Total (ms): Min: 0.7, Avg: 0.7, Max: 0.7, Diff: 0.0, Sum: 1.3]
      [GC Worker End (ms): Min: 1372.7, Avg: 1372.7, Max: 1372.7, Diff: 0.0]
   [Code Root Fixup: 0.0 ms]
   [Code Root Migration: 0.0 ms]
   [Clear CT: 0.1 ms]
   [Other: 0.3 ms]
      [Choose CSet: 0.0 ms]
      [Ref Proc: 0.0 ms]
      [Ref Enq: 0.0 ms]
      [Free CSet: 0.1 ms]
   [Eden: 67.0M(67.0M)->0.0B(95.0M) Survivors: 18.0M->1024.0K Heap: 176.3M(253.0M)->91.7M(254.0M)]
 [Times: user=0.00 sys=0.00, real=0.00 secs] 
2014-07-10T11:36:10.654+0200: 1.436: [GC pause (G1 Evacuation Pause) (young) 1.436: [G1Ergonomics (CSet Construction) start choosing CSet, _pending_cards: 512, predicted base time: 0.97 ms, remaining time: 199.03 ms, target pause time: 200.00 ms]
 1.436: [G1Ergonomics (CSet Construction) add young regions to CSet, eden: 95 regions, survivors: 1 regions, predicted young region time: 90.24 ms]
 1.436: [G1Ergonomics (CSet Construction) finish choosing CSet, eden: 95 regions, survivors: 1 regions, old: 0 regions, predicted pause time: 91.21 ms, target pause time: 200.00 ms]
 1.455: [G1Ergonomics (Heap Sizing) attempt heap expansion, reason: recent GC overhead higher than threshold after GC, recent GC overhead: 22.96 %, threshold: 10.00 %, uncommitted: 2097152 bytes, calculated expansion amount: 419430 bytes (20.00 %)]
 1.455: [G1Ergonomics (Heap Sizing) expand the heap, requested expansion amount: 1048576 bytes, attempted expansion amount: 1048576 bytes]
, 0.0191159 secs]
   [Parallel Time: 18.5 ms, GC Workers: 2]
      [GC Worker Start (ms): Min: 1436.0, Avg: 1436.0, Max: 1436.0, Diff: 0.0]
      [Ext Root Scanning (ms): Min: 0.3, Avg: 0.3, Max: 0.3, Diff: 0.0, Sum: 0.6]
      [Update RS (ms): Min: 0.0, Avg: 0.0, Max: 0.0, Diff: 0.0, Sum: 0.1]
         [Processed Buffers: Min: 1, Avg: 1.5, Max: 2, Diff: 1, Sum: 3]
      [Scan RS (ms): Min: 0.2, Avg: 0.2, Max: 0.2, Diff: 0.0, Sum: 0.3]
      [Code Root Scanning (ms): Min: 0.1, Avg: 0.1, Max: 0.1, Diff: 0.0, Sum: 0.1]
      [Object Copy (ms): Min: 17.9, Avg: 17.9, Max: 17.9, Diff: 0.0, Sum: 35.8]
      [Termination (ms): Min: 0.0, Avg: 0.0, Max: 0.0, Diff: 0.0, Sum: 0.0]
      [GC Worker Other (ms): Min: 0.0, Avg: 0.0, Max: 0.0, Diff: 0.0, Sum: 0.1]
      [GC Worker Total (ms): Min: 18.5, Avg: 18.5, Max: 18.5, Diff: 0.0, Sum: 37.0]
      [GC Worker End (ms): Min: 1454.5, Avg: 1454.5, Max: 1454.5, Diff: 0.0]
   [Code Root Fixup: 0.0 ms]
   [Code Root Migration: 0.0 ms]
   [Clear CT: 0.1 ms]
   [Other: 0.5 ms]
      [Choose CSet: 0.0 ms]
      [Ref Proc: 0.1 ms]
      [Ref Enq: 0.0 ms]
      [Free CSet: 0.1 ms]
   [Eden: 95.0M(95.0M)->0.0B(69.0M) Survivors: 1024.0K->12.0M Heap: 186.7M(254.0M)->120.6M(255.0M)]
 [Times: user=0.06 sys=0.00, real=0.02 secs] 
2014-07-10T11:36:10.707+0200: 1.489: [GC pause (G1 Evacuation Pause) (young) 1.489: [G1Ergonomics (CSet Construction) start choosing CSet, _pending_cards: 512, predicted base time: 0.96 ms, remaining time: 199.04 ms, target pause time: 200.00 ms]
 1.489: [G1Ergonomics (CSet Construction) add young regions to CSet, eden: 69 regions, survivors: 12 regions, predicted young region time: 46.60 ms]
 1.489: [G1Ergonomics (CSet Construction) finish choosing CSet, eden: 69 regions, survivors: 12 regions, old: 0 regions, predicted pause time: 47.55 ms, target pause time: 200.00 ms]
 1.510: [G1Ergonomics (Heap Sizing) attempt heap expansion, reason: recent GC overhead higher than threshold after GC, recent GC overhead: 23.84 %, threshold: 10.00 %, uncommitted: 1048576 bytes, calculated expansion amount: 209715 bytes (20.00 %)]
 1.510: [G1Ergonomics (Heap Sizing) expand the heap, requested expansion amount: 1048576 bytes, attempted expansion amount: 1048576 bytes]
 1.510: [G1Ergonomics (Concurrent Cycles) request concurrent cycle initiation, reason: occupancy higher than threshold, occupancy: 136314880 bytes, allocation request: 0 bytes, threshold: 120795930 bytes (45.00 %), source: end of GC]
, 0.0215532 secs]
   [Parallel Time: 21.0 ms, GC Workers: 2]
      [GC Worker Start (ms): Min: 1489.0, Avg: 1489.0, Max: 1489.0, Diff: 0.0]
      [Ext Root Scanning (ms): Min: 0.3, Avg: 0.3, Max: 0.3, Diff: 0.0, Sum: 0.6]
      [Update RS (ms): Min: 0.0, Avg: 0.0, Max: 0.0, Diff: 0.0, Sum: 0.0]
         [Processed Buffers: Min: 1, Avg: 1.5, Max: 2, Diff: 1, Sum: 3]
      [Scan RS (ms): Min: 0.1, Avg: 0.1, Max: 0.1, Diff: 0.0, Sum: 0.2]
      [Code Root Scanning (ms): Min: 0.1, Avg: 0.1, Max: 0.1, Diff: 0.0, Sum: 0.1]
      [Object Copy (ms): Min: 20.4, Avg: 20.4, Max: 20.5, Diff: 0.0, Sum: 40.9]
      [Termination (ms): Min: 0.0, Avg: 0.0, Max: 0.1, Diff: 0.1, Sum: 0.1]
      [GC Worker Other (ms): Min: 0.0, Avg: 0.0, Max: 0.0, Diff: 0.0, Sum: 0.1]
      [GC Worker Total (ms): Min: 21.0, Avg: 21.0, Max: 21.0, Diff: 0.0, Sum: 42.0]
      [GC Worker End (ms): Min: 1510.0, Avg: 1510.0, Max: 1510.0, Diff: 0.0]
   [Code Root Fixup: 0.0 ms]
   [Code Root Migration: 0.0 ms]
   [Clear CT: 0.1 ms]
   [Other: 0.4 ms]
      [Choose CSet: 0.0 ms]
      [Ref Proc: 0.1 ms]
      [Ref Enq: 0.0 ms]
      [Free CSet: 0.1 ms]
   [Eden: 69.0M(69.0M)->0.0B(53.0M) Survivors: 12.0M->11.0M Heap: 189.6M(255.0M)->140.7M(256.0M)]
 [Times: user=0.03 sys=0.00, real=0.02 secs] 
 1.588: [G1Ergonomics (Concurrent Cycles) initiate concurrent cycle, reason: concurrent cycle initiation requested]
2014-07-10T11:36:10.805+0200: 1.588: [GC pause (G1 Evacuation Pause) (young) (initial-mark) 1.588: [G1Ergonomics (CSet Construction) start choosing CSet, _pending_cards: 513, predicted base time: 0.92 ms, remaining time: 199.08 ms, target pause time: 200.00 ms]
 1.588: [G1Ergonomics (CSet Construction) add young regions to CSet, eden: 53 regions, survivors: 11 regions, predicted young region time: 48.50 ms]
 1.588: [G1Ergonomics (CSet Construction) finish choosing CSet, eden: 53 regions, survivors: 11 regions, old: 0 regions, predicted pause time: 49.41 ms, target pause time: 200.00 ms]
 1.609: [G1Ergonomics (Heap Sizing) attempt heap expansion, reason: recent GC overhead higher than threshold after GC, recent GC overhead: 25.17 %, threshold: 10.00 %, uncommitted: 0 bytes, calculated expansion amount: 0 bytes (20.00 %)]
, 0.0215972 secs]
   [Parallel Time: 20.3 ms, GC Workers: 2]
      [GC Worker Start (ms): Min: 1588.0, Avg: 1588.0, Max: 1588.0, Diff: 0.0]
      [Ext Root Scanning (ms): Min: 0.7, Avg: 0.7, Max: 0.7, Diff: 0.0, Sum: 1.4]
      [Code Root Marking (ms): Min: 0.1, Avg: 0.1, Max: 0.1, Diff: 0.0, Sum: 0.2]
      [Update RS (ms): Min: 0.1, Avg: 0.1, Max: 0.1, Diff: 0.0, Sum: 0.1]
         [Processed Buffers: Min: 2, Avg: 2.0, Max: 2, Diff: 0, Sum: 4]
      [Scan RS (ms): Min: 0.2, Avg: 0.2, Max: 0.2, Diff: 0.0, Sum: 0.3]
      [Code Root Scanning (ms): Min: 0.1, Avg: 0.1, Max: 0.1, Diff: 0.0, Sum: 0.1]
      [Object Copy (ms): Min: 19.2, Avg: 19.2, Max: 19.2, Diff: 0.0, Sum: 38.4]
      [Termination (ms): Min: 0.0, Avg: 0.0, Max: 0.0, Diff: 0.0, Sum: 0.0]
      [GC Worker Other (ms): Min: 0.1, Avg: 0.1, Max: 0.1, Diff: 0.0, Sum: 0.1]
      [GC Worker Total (ms): Min: 20.3, Avg: 20.3, Max: 20.3, Diff: 0.0, Sum: 40.6]
      [GC Worker End (ms): Min: 1608.3, Avg: 1608.3, Max: 1608.3, Diff: 0.0]
   [Code Root Fixup: 0.0 ms]
   [Code Root Migration: 0.2 ms]
   [Clear CT: 0.1 ms]
   [Other: 0.9 ms]
      [Choose CSet: 0.1 ms]
      [Ref Proc: 0.2 ms]
      [Ref Enq: 0.0 ms]
      [Free CSet: 0.2 ms]
   [Eden: 53.0M(53.0M)->0.0B(49.0M) Survivors: 11.0M->8192.0K Heap: 193.7M(256.0M)->148.8M(256.0M)]
 [Times: user=0.06 sys=0.00, real=0.02 secs] 
2014-07-10T11:36:10.828+0200: 1.610: [GC concurrent-root-region-scan-start]
2014-07-10T11:36:10.828+0200: 1.611: [GC concurrent-root-region-scan-end, 0.0003835 secs]
2014-07-10T11:36:10.828+0200: 1.611: [GC concurrent-mark-start]
2014-07-10T11:36:10.835+0200: 1.617: [GC concurrent-mark-end, 0.0059742 secs]
2014-07-10T11:36:10.835+0200: 1.617: [GC remark 1.617: [GC ref-proc, 0.0000796 secs], 0.0012564 secs]
 [Times: user=0.00 sys=0.00, real=0.00 secs] 
2014-07-10T11:36:10.836+0200: 1.618: [GC cleanup 156M->42M(256M), 0.0006970 secs]
 [Times: user=0.00 sys=0.00, real=0.00 secs] 
2014-07-10T11:36:10.837+0200: 1.619: [GC concurrent-cleanup-start]
2014-07-10T11:36:10.837+0200: 1.619: [GC concurrent-cleanup-end, 0.0002753 secs]
2014-07-10T11:36:10.860+0200: 1.642: [GC pause (G1 Evacuation Pause) (young) 1.642: [G1Ergonomics (CSet Construction) start choosing CSet, _pending_cards: 512, predicted base time: 1.34 ms, remaining time: 198.66 ms, target pause time: 200.00 ms]
 1.642: [G1Ergonomics (CSet Construction) add young regions to CSet, eden: 49 regions, survivors: 8 regions, predicted young region time: 49.01 ms]
 1.642: [G1Ergonomics (CSet Construction) finish choosing CSet, eden: 49 regions, survivors: 8 regions, old: 0 regions, predicted pause time: 50.35 ms, target pause time: 200.00 ms]
 1.644: [G1Ergonomics (Heap Sizing) attempt heap expansion, reason: recent GC overhead higher than threshold after GC, recent GC overhead: 27.11 %, threshold: 10.00 %, uncommitted: 0 bytes, calculated expansion amount: 0 bytes (20.00 %)]
 1.644: [G1Ergonomics (Mixed GCs) do not start mixed GCs, reason: reclaimable percentage not over threshold, candidate old regions: 16 regions, reclaimable: 16056128 bytes (5.98 %), threshold: 10.00 %]
, 0.0020069 secs]
   [Parallel Time: 1.6 ms, GC Workers: 2]
      [GC Worker Start (ms): Min: 1641.9, Avg: 1641.9, Max: 1641.9, Diff: 0.0]
      [Ext Root Scanning (ms): Min: 0.4, Avg: 0.5, Max: 0.5, Diff: 0.1, Sum: 0.9]
      [Update RS (ms): Min: 0.0, Avg: 0.0, Max: 0.0, Diff: 0.0, Sum: 0.1]
         [Processed Buffers: Min: 1, Avg: 1.5, Max: 2, Diff: 1, Sum: 3]
      [Scan RS (ms): Min: 0.1, Avg: 0.1, Max: 0.1, Diff: 0.0, Sum: 0.2]
      [Code Root Scanning (ms): Min: 0.0, Avg: 0.0, Max: 0.0, Diff: 0.0, Sum: 0.1]
      [Object Copy (ms): Min: 0.9, Avg: 0.9, Max: 0.9, Diff: 0.0, Sum: 1.9]
      [Termination (ms): Min: 0.0, Avg: 0.0, Max: 0.0, Diff: 0.0, Sum: 0.0]
      [GC Worker Other (ms): Min: 0.0, Avg: 0.0, Max: 0.0, Diff: 0.0, Sum: 0.1]
      [GC Worker Total (ms): Min: 1.6, Avg: 1.6, Max: 1.6, Diff: 0.0, Sum: 3.2]
      [GC Worker End (ms): Min: 1643.5, Avg: 1643.5, Max: 1643.5, Diff: 0.0]
   [Code Root Fixup: 0.0 ms]
   [Code Root Migration: 0.0 ms]
   [Clear CT: 0.0 ms]
   [Other: 0.3 ms]
      [Choose CSet: 0.0 ms]
      [Ref Proc: 0.0 ms]
      [Ref Enq: 0.0 ms]
      [Free CSet: 0.1 ms]
   [Eden: 49.0M(49.0M)->0.0B(150.0M) Survivors: 8192.0K->3072.0K Heap: 83.8M(256.0M)->28.9M(256.0M)]
 [Times: user=0.00 sys=0.00, real=0.00 secs] 
2014-07-10T11:36:10.994+0200: 1.776: [GC pause (G1 Evacuation Pause) (young) 1.776: [G1Ergonomics (CSet Construction) start choosing CSet, _pending_cards: 259, predicted base time: 1.19 ms, remaining time: 198.81 ms, target pause time: 200.00 ms]
 1.776: [G1Ergonomics (CSet Construction) add young regions to CSet, eden: 150 regions, survivors: 3 regions, predicted young region time: 132.36 ms]
 1.776: [G1Ergonomics (CSet Construction) finish choosing CSet, eden: 150 regions, survivors: 3 regions, old: 0 regions, predicted pause time: 133.55 ms, target pause time: 200.00 ms]
 1.783: [G1Ergonomics (Heap Sizing) attempt heap expansion, reason: recent GC overhead higher than threshold after GC, recent GC overhead: 25.58 %, threshold: 10.00 %, uncommitted: 0 bytes, calculated expansion amount: 0 bytes (20.00 %)]
, 0.0063753 secs]
   [Parallel Time: 5.7 ms, GC Workers: 2]
      [GC Worker Start (ms): Min: 1776.4, Avg: 1776.4, Max: 1776.5, Diff: 0.1]
      [Ext Root Scanning (ms): Min: 0.2, Avg: 0.3, Max: 0.4, Diff: 0.1, Sum: 0.6]
      [Update RS (ms): Min: 0.0, Avg: 0.0, Max: 0.0, Diff: 0.0, Sum: 0.1]
         [Processed Buffers: Min: 1, Avg: 1.5, Max: 2, Diff: 1, Sum: 3]
      [Scan RS (ms): Min: 0.2, Avg: 0.2, Max: 0.2, Diff: 0.0, Sum: 0.4]
      [Code Root Scanning (ms): Min: 0.1, Avg: 0.1, Max: 0.1, Diff: 0.0, Sum: 0.2]
      [Object Copy (ms): Min: 4.9, Avg: 4.9, Max: 4.9, Diff: 0.0, Sum: 9.8]
      [Termination (ms): Min: 0.0, Avg: 0.0, Max: 0.0, Diff: 0.0, Sum: 0.0]
      [GC Worker Other (ms): Min: 0.0, Avg: 0.0, Max: 0.0, Diff: 0.0, Sum: 0.1]
      [GC Worker Total (ms): Min: 5.5, Avg: 5.6, Max: 5.7, Diff: 0.1, Sum: 11.2]
      [GC Worker End (ms): Min: 1782.0, Avg: 1782.0, Max: 1782.0, Diff: 0.0]
   [Code Root Fixup: 0.0 ms]
   [Code Root Migration: 0.0 ms]
   [Clear CT: 0.1 ms]
   [Other: 0.5 ms]
      [Choose CSet: 0.0 ms]
      [Ref Proc: 0.1 ms]
      [Ref Enq: 0.0 ms]
      [Free CSet: 0.2 ms]
   [Eden: 150.0M(150.0M)->0.0B(145.0M) Survivors: 3072.0K->8192.0K Heap: 178.9M(256.0M)->34.6M(256.0M)]
 [Times: user=0.02 sys=0.00, real=0.01 secs] 
2014-07-10T11:36:11.101+0200: 1.883: [GC pause (G1 Evacuation Pause) (young) 1.883: [G1Ergonomics (CSet Construction) start choosing CSet, _pending_cards: 512, predicted base time: 1.18 ms, remaining time: 198.82 ms, target pause time: 200.00 ms]
 1.883: [G1Ergonomics (CSet Construction) add young regions to CSet, eden: 145 regions, survivors: 8 regions, predicted young region time: 121.84 ms]
 1.883: [G1Ergonomics (CSet Construction) finish choosing CSet, eden: 145 regions, survivors: 8 regions, old: 0 regions, predicted pause time: 123.02 ms, target pause time: 200.00 ms]
 1.897: [G1Ergonomics (Heap Sizing) attempt heap expansion, reason: recent GC overhead higher than threshold after GC, recent GC overhead: 23.27 %, threshold: 10.00 %, uncommitted: 0 bytes, calculated expansion amount: 0 bytes (20.00 %)]
, 0.0140267 secs]
   [Parallel Time: 13.4 ms, GC Workers: 2]
      [GC Worker Start (ms): Min: 1882.9, Avg: 1882.9, Max: 1882.9, Diff: 0.0]
      [Ext Root Scanning (ms): Min: 0.3, Avg: 0.3, Max: 0.3, Diff: 0.0, Sum: 0.6]
      [Update RS (ms): Min: 0.0, Avg: 0.0, Max: 0.0, Diff: 0.0, Sum: 0.1]
         [Processed Buffers: Min: 1, Avg: 1.5, Max: 2, Diff: 1, Sum: 3]
      [Scan RS (ms): Min: 0.2, Avg: 0.2, Max: 0.2, Diff: 0.0, Sum: 0.4]
      [Code Root Scanning (ms): Min: 0.1, Avg: 0.1, Max: 0.1, Diff: 0.0, Sum: 0.2]
      [Object Copy (ms): Min: 12.7, Avg: 12.7, Max: 12.7, Diff: 0.0, Sum: 25.3]
      [Termination (ms): Min: 0.0, Avg: 0.0, Max: 0.0, Diff: 0.0, Sum: 0.0]
      [GC Worker Other (ms): Min: 0.0, Avg: 0.0, Max: 0.0, Diff: 0.0, Sum: 0.1]
      [GC Worker Total (ms): Min: 13.3, Avg: 13.3, Max: 13.4, Diff: 0.0, Sum: 26.7]
      [GC Worker End (ms): Min: 1896.2, Avg: 1896.2, Max: 1896.3, Diff: 0.0]
   [Code Root Fixup: 0.0 ms]
   [Code Root Migration: 0.0 ms]
   [Clear CT: 0.2 ms]
   [Other: 0.4 ms]
      [Choose CSet: 0.0 ms]
      [Ref Proc: 0.1 ms]
      [Ref Enq: 0.0 ms]
      [Free CSet: 0.2 ms]
   [Eden: 145.0M(145.0M)->0.0B(133.0M) Survivors: 8192.0K->20.0M Heap: 179.6M(256.0M)->47.5M(256.0M)]
 [Times: user=0.03 sys=0.00, real=0.01 secs] 
2014-07-10T11:36:11.244+0200: 2.026: [GC pause (G1 Evacuation Pause) (young) 2.026: [G1Ergonomics (CSet Construction) start choosing CSet, _pending_cards: 512, predicted base time: 1.11 ms, remaining time: 198.89 ms, target pause time: 200.00 ms]
 2.026: [G1Ergonomics (CSet Construction) add young regions to CSet, eden: 133 regions, survivors: 20 regions, predicted young region time: 106.77 ms]
 2.026: [G1Ergonomics (CSet Construction) finish choosing CSet, eden: 133 regions, survivors: 20 regions, old: 0 regions, predicted pause time: 107.88 ms, target pause time: 200.00 ms]
 2.042: [G1Ergonomics (Heap Sizing) attempt heap expansion, reason: recent GC overhead higher than threshold after GC, recent GC overhead: 19.70 %, threshold: 10.00 %, uncommitted: 0 bytes, calculated expansion amount: 0 bytes (20.00 %)]
, 0.0157931 secs]
   [Parallel Time: 14.7 ms, GC Workers: 2]
      [GC Worker Start (ms): Min: 2026.5, Avg: 2026.5, Max: 2026.5, Diff: 0.0]
      [Ext Root Scanning (ms): Min: 0.7, Avg: 0.9, Max: 1.2, Diff: 0.5, Sum: 1.9]
      [Update RS (ms): Min: 0.0, Avg: 0.0, Max: 0.0, Diff: 0.0, Sum: 0.0]
         [Processed Buffers: Min: 0, Avg: 1.5, Max: 3, Diff: 3, Sum: 3]
      [Scan RS (ms): Min: 0.1, Avg: 0.3, Max: 0.4, Diff: 0.3, Sum: 0.5]
      [Code Root Scanning (ms): Min: 0.0, Avg: 0.1, Max: 0.2, Diff: 0.2, Sum: 0.3]
      [Object Copy (ms): Min: 13.2, Avg: 13.3, Max: 13.3, Diff: 0.0, Sum: 26.5]
      [Termination (ms): Min: 0.0, Avg: 0.0, Max: 0.0, Diff: 0.0, Sum: 0.0]
      [GC Worker Other (ms): Min: 0.0, Avg: 0.1, Max: 0.1, Diff: 0.0, Sum: 0.1]
      [GC Worker Total (ms): Min: 14.6, Avg: 14.7, Max: 14.7, Diff: 0.0, Sum: 29.3]
      [GC Worker End (ms): Min: 2041.1, Avg: 2041.1, Max: 2041.2, Diff: 0.0]
   [Code Root Fixup: 0.0 ms]
   [Code Root Migration: 0.2 ms]
   [Clear CT: 0.4 ms]
   [Other: 0.4 ms]
      [Choose CSet: 0.0 ms]
      [Ref Proc: 0.1 ms]
      [Ref Enq: 0.0 ms]
      [Free CSet: 0.2 ms]
   [Eden: 133.0M(133.0M)->0.0B(133.0M) Survivors: 20.0M->20.0M Heap: 180.5M(256.0M)->49.1M(256.0M)]
 [Times: user=0.03 sys=0.00, real=0.02 secs] 
2014-07-10T11:36:11.401+0200: 2.184: [GC pause (G1 Evacuation Pause) (young) 2.184: [G1Ergonomics (CSet Construction) start choosing CSet, _pending_cards: 256, predicted base time: 1.50 ms, remaining time: 198.50 ms, target pause time: 200.00 ms]
 2.184: [G1Ergonomics (CSet Construction) add young regions to CSet, eden: 133 regions, survivors: 20 regions, predicted young region time: 70.47 ms]
 2.184: [G1Ergonomics (CSet Construction) finish choosing CSet, eden: 133 regions, survivors: 20 regions, old: 0 regions, predicted pause time: 71.96 ms, target pause time: 200.00 ms]
 2.198: [G1Ergonomics (Heap Sizing) attempt heap expansion, reason: recent GC overhead higher than threshold after GC, recent GC overhead: 16.60 %, threshold: 10.00 %, uncommitted: 0 bytes, calculated expansion amount: 0 bytes (20.00 %)]
, 0.0146984 secs]
   [Parallel Time: 14.1 ms, GC Workers: 2]
      [GC Worker Start (ms): Min: 2183.8, Avg: 2183.8, Max: 2183.8, Diff: 0.0]
      [Ext Root Scanning (ms): Min: 0.3, Avg: 0.3, Max: 0.3, Diff: 0.0, Sum: 0.6]
      [Update RS (ms): Min: 0.0, Avg: 0.0, Max: 0.0, Diff: 0.0, Sum: 0.1]
         [Processed Buffers: Min: 1, Avg: 1.0, Max: 1, Diff: 0, Sum: 2]
      [Scan RS (ms): Min: 0.2, Avg: 0.2, Max: 0.2, Diff: 0.0, Sum: 0.4]
      [Code Root Scanning (ms): Min: 0.1, Avg: 0.1, Max: 0.1, Diff: 0.0, Sum: 0.2]
      [Object Copy (ms): Min: 13.4, Avg: 13.4, Max: 13.4, Diff: 0.0, Sum: 26.8]
      [Termination (ms): Min: 0.0, Avg: 0.0, Max: 0.0, Diff: 0.0, Sum: 0.0]
      [GC Worker Other (ms): Min: 0.0, Avg: 0.0, Max: 0.0, Diff: 0.0, Sum: 0.1]
      [GC Worker Total (ms): Min: 14.0, Avg: 14.0, Max: 14.0, Diff: 0.0, Sum: 28.1]
      [GC Worker End (ms): Min: 2197.8, Avg: 2197.8, Max: 2197.8, Diff: 0.0]
   [Code Root Fixup: 0.0 ms]
   [Code Root Migration: 0.0 ms]
   [Clear CT: 0.1 ms]
   [Other: 0.5 ms]
      [Choose CSet: 0.1 ms]
      [Ref Proc: 0.1 ms]
      [Ref Enq: 0.0 ms]
      [Free CSet: 0.2 ms]
   [Eden: 133.0M(133.0M)->0.0B(133.0M) Survivors: 20.0M->20.0M Heap: 182.1M(256.0M)->51.4M(256.0M)]
 [Times: user=0.03 sys=0.00, real=0.01 secs] 
2014-07-10T11:36:11.495+0200: 2.277: [GC pause (G1 Evacuation Pause) (young) 2.277: [G1Ergonomics (CSet Construction) start choosing CSet, _pending_cards: 259, predicted base time: 1.34 ms, remaining time: 198.66 ms, target pause time: 200.00 ms]
 2.277: [G1Ergonomics (CSet Construction) add young regions to CSet, eden: 133 regions, survivors: 20 regions, predicted young region time: 97.87 ms]
 2.277: [G1Ergonomics (CSet Construction) finish choosing CSet, eden: 133 regions, survivors: 20 regions, old: 0 regions, predicted pause time: 99.21 ms, target pause time: 200.00 ms]
 2.285: [G1Ergonomics (Heap Sizing) attempt heap expansion, reason: recent GC overhead higher than threshold after GC, recent GC overhead: 15.65 %, threshold: 10.00 %, uncommitted: 0 bytes, calculated expansion amount: 0 bytes (20.00 %)]
, 0.0074682 secs]
   [Parallel Time: 6.8 ms, GC Workers: 2]
      [GC Worker Start (ms): Min: 2277.4, Avg: 2277.4, Max: 2277.4, Diff: 0.0]
      [Ext Root Scanning (ms): Min: 0.3, Avg: 0.3, Max: 0.3, Diff: 0.0, Sum: 0.6]
      [Update RS (ms): Min: 0.0, Avg: 0.0, Max: 0.0, Diff: 0.0, Sum: 0.1]
         [Processed Buffers: Min: 1, Avg: 1.5, Max: 2, Diff: 1, Sum: 3]
      [Scan RS (ms): Min: 0.2, Avg: 0.2, Max: 0.2, Diff: 0.0, Sum: 0.4]
      [Code Root Scanning (ms): Min: 0.1, Avg: 0.1, Max: 0.1, Diff: 0.0, Sum: 0.2]
      [Object Copy (ms): Min: 6.0, Avg: 6.1, Max: 6.1, Diff: 0.0, Sum: 12.1]
      [Termination (ms): Min: 0.0, Avg: 0.0, Max: 0.0, Diff: 0.0, Sum: 0.0]
      [GC Worker Other (ms): Min: 0.0, Avg: 0.0, Max: 0.0, Diff: 0.0, Sum: 0.1]
      [GC Worker Total (ms): Min: 6.7, Avg: 6.7, Max: 6.7, Diff: 0.0, Sum: 13.4]
      [GC Worker End (ms): Min: 2284.1, Avg: 2284.1, Max: 2284.1, Diff: 0.0]
   [Code Root Fixup: 0.0 ms]
   [Code Root Migration: 0.0 ms]
   [Clear CT: 0.1 ms]
   [Other: 0.6 ms]
      [Choose CSet: 0.0 ms]
      [Ref Proc: 0.1 ms]
      [Ref Enq: 0.0 ms]
      [Free CSet: 0.2 ms]
   [Eden: 133.0M(133.0M)->0.0B(142.0M) Survivors: 20.0M->11.0M Heap: 184.4M(256.0M)->41.6M(256.0M)]
 [Times: user=0.03 sys=0.00, real=0.01 secs] 
2014-07-10T11:36:11.656+0200: 2.438: [GC pause (G1 Evacuation Pause) (young) 2.438: [G1Ergonomics (CSet Construction) start choosing CSet, _pending_cards: 512, predicted base time: 1.27 ms, remaining time: 198.73 ms, target pause time: 200.00 ms]
 2.438: [G1Ergonomics (CSet Construction) add young regions to CSet, eden: 142 regions, survivors: 11 regions, predicted young region time: 65.78 ms]
 2.438: [G1Ergonomics (CSet Construction) finish choosing CSet, eden: 142 regions, survivors: 11 regions, old: 0 regions, predicted pause time: 67.05 ms, target pause time: 200.00 ms]
 2.453: [G1Ergonomics (Heap Sizing) attempt heap expansion, reason: recent GC overhead higher than threshold after GC, recent GC overhead: 12.54 %, threshold: 10.00 %, uncommitted: 0 bytes, calculated expansion amount: 0 bytes (20.00 %)]
, 0.0151468 secs]
   [Parallel Time: 14.2 ms, GC Workers: 2]
      [GC Worker Start (ms): Min: 2438.4, Avg: 2438.4, Max: 2438.5, Diff: 0.0]
      [Ext Root Scanning (ms): Min: 0.4, Avg: 0.4, Max: 0.4, Diff: 0.0, Sum: 0.7]
      [Update RS (ms): Min: 0.0, Avg: 0.0, Max: 0.1, Diff: 0.0, Sum: 0.1]
         [Processed Buffers: Min: 1, Avg: 1.5, Max: 2, Diff: 1, Sum: 3]
      [Scan RS (ms): Min: 0.3, Avg: 0.3, Max: 0.3, Diff: 0.0, Sum: 0.6]
      [Code Root Scanning (ms): Min: 0.1, Avg: 0.1, Max: 0.1, Diff: 0.0, Sum: 0.2]
      [Object Copy (ms): Min: 13.3, Avg: 13.3, Max: 13.3, Diff: 0.0, Sum: 26.6]
      [Termination (ms): Min: 0.0, Avg: 0.0, Max: 0.0, Diff: 0.0, Sum: 0.0]
      [GC Worker Other (ms): Min: 0.0, Avg: 0.0, Max: 0.0, Diff: 0.0, Sum: 0.1]
      [GC Worker Total (ms): Min: 14.1, Avg: 14.1, Max: 14.2, Diff: 0.0, Sum: 28.3]
      [GC Worker End (ms): Min: 2452.6, Avg: 2452.6, Max: 2452.6, Diff: 0.0]
   [Code Root Fixup: 0.0 ms]
   [Code Root Migration: 0.0 ms]
   [Clear CT: 0.1 ms]
   [Other: 0.8 ms]
      [Choose CSet: 0.0 ms]
      [Ref Proc: 0.3 ms]
      [Ref Enq: 0.0 ms]
      [Free CSet: 0.2 ms]
   [Eden: 142.0M(142.0M)->0.0B(133.0M) Survivors: 11.0M->20.0M Heap: 183.6M(256.0M)->51.5M(256.0M)]
 [Times: user=0.03 sys=0.00, real=0.02 secs] 
2014-07-10T11:36:11.807+0200: 2.589: [GC pause (G1 Evacuation Pause) (young) 2.589: [G1Ergonomics (CSet Construction) start choosing CSet, _pending_cards: 512, predicted base time: 1.29 ms, remaining time: 198.71 ms, target pause time: 200.00 ms]
 2.589: [G1Ergonomics (CSet Construction) add young regions to CSet, eden: 133 regions, survivors: 20 regions, predicted young region time: 93.93 ms]
 2.589: [G1Ergonomics (CSet Construction) finish choosing CSet, eden: 133 regions, survivors: 20 regions, old: 0 regions, predicted pause time: 95.22 ms, target pause time: 200.00 ms]
 2.611: [G1Ergonomics (Heap Sizing) attempt heap expansion, reason: recent GC overhead higher than threshold after GC, recent GC overhead: 12.69 %, threshold: 10.00 %, uncommitted: 0 bytes, calculated expansion amount: 0 bytes (20.00 %)]
, 0.0216767 secs]
   [Parallel Time: 20.8 ms, GC Workers: 2]
      [GC Worker Start (ms): Min: 2589.2, Avg: 2589.2, Max: 2589.2, Diff: 0.0]
      [Ext Root Scanning (ms): Min: 0.6, Avg: 0.6, Max: 0.6, Diff: 0.0, Sum: 1.2]
      [Update RS (ms): Min: 0.1, Avg: 0.1, Max: 0.1, Diff: 0.0, Sum: 0.1]
         [Processed Buffers: Min: 1, Avg: 1.5, Max: 2, Diff: 1, Sum: 3]
      [Scan RS (ms): Min: 0.4, Avg: 0.4, Max: 0.4, Diff: 0.0, Sum: 0.8]
      [Code Root Scanning (ms): Min: 0.1, Avg: 0.1, Max: 0.1, Diff: 0.0, Sum: 0.3]
      [Object Copy (ms): Min: 19.4, Avg: 19.4, Max: 19.4, Diff: 0.0, Sum: 38.8]
      [Termination (ms): Min: 0.0, Avg: 0.0, Max: 0.0, Diff: 0.0, Sum: 0.0]
      [GC Worker Other (ms): Min: 0.0, Avg: 0.0, Max: 0.0, Diff: 0.0, Sum: 0.1]
      [GC Worker Total (ms): Min: 20.7, Avg: 20.7, Max: 20.7, Diff: 0.0, Sum: 41.4]
      [GC Worker End (ms): Min: 2609.9, Avg: 2609.9, Max: 2609.9, Diff: 0.0]
   [Code Root Fixup: 0.0 ms]
   [Code Root Migration: 0.0 ms]
   [Clear CT: 0.1 ms]
   [Other: 0.8 ms]
      [Choose CSet: 0.1 ms]
      [Ref Proc: 0.3 ms]
      [Ref Enq: 0.0 ms]
      [Free CSet: 0.2 ms]
   [Eden: 133.0M(133.0M)->0.0B(133.0M) Survivors: 20.0M->20.0M Heap: 184.5M(256.0M)->52.4M(256.0M)]
 [Times: user=0.06 sys=0.00, real=0.02 secs] 
2014-07-10T11:36:11.900+0200: 2.682: [GC pause (G1 Evacuation Pause) (young) 2.682: [G1Ergonomics (CSet Construction) start choosing CSet, _pending_cards: 512, predicted base time: 1.39 ms, remaining time: 198.61 ms, target pause time: 200.00 ms]
 2.682: [G1Ergonomics (CSet Construction) add young regions to CSet, eden: 133 regions, survivors: 20 regions, predicted young region time: 106.71 ms]
 2.682: [G1Ergonomics (CSet Construction) finish choosing CSet, eden: 133 regions, survivors: 20 regions, old: 0 regions, predicted pause time: 108.10 ms, target pause time: 200.00 ms]
 2.697: [G1Ergonomics (Heap Sizing) attempt heap expansion, reason: recent GC overhead higher than threshold after GC, recent GC overhead: 12.08 %, threshold: 10.00 %, uncommitted: 0 bytes, calculated expansion amount: 0 bytes (20.00 %)]
, 0.0149198 secs]
   [Parallel Time: 14.3 ms, GC Workers: 2]
      [GC Worker Start (ms): Min: 2682.3, Avg: 2682.3, Max: 2682.3, Diff: 0.0]
      [Ext Root Scanning (ms): Min: 0.3, Avg: 0.3, Max: 0.3, Diff: 0.0, Sum: 0.7]
      [Update RS (ms): Min: 0.0, Avg: 0.0, Max: 0.1, Diff: 0.0, Sum: 0.1]
         [Processed Buffers: Min: 1, Avg: 1.5, Max: 2, Diff: 1, Sum: 3]
      [Scan RS (ms): Min: 0.2, Avg: 0.2, Max: 0.2, Diff: 0.0, Sum: 0.5]
      [Code Root Scanning (ms): Min: 0.1, Avg: 0.1, Max: 0.1, Diff: 0.0, Sum: 0.2]
      [Object Copy (ms): Min: 13.4, Avg: 13.5, Max: 13.5, Diff: 0.0, Sum: 26.9]
      [Termination (ms): Min: 0.0, Avg: 0.0, Max: 0.0, Diff: 0.0, Sum: 0.0]
      [GC Worker Other (ms): Min: 0.0, Avg: 0.0, Max: 0.0, Diff: 0.0, Sum: 0.1]
      [GC Worker Total (ms): Min: 14.2, Avg: 14.2, Max: 14.2, Diff: 0.0, Sum: 28.4]
      [GC Worker End (ms): Min: 2696.5, Avg: 2696.5, Max: 2696.5, Diff: 0.0]
   [Code Root Fixup: 0.0 ms]
   [Code Root Migration: 0.0 ms]
   [Clear CT: 0.2 ms]
   [Other: 0.4 ms]
      [Choose CSet: 0.0 ms]
      [Ref Proc: 0.1 ms]
      [Ref Enq: 0.0 ms]
      [Free CSet: 0.2 ms]
   [Eden: 133.0M(133.0M)->0.0B(133.0M) Survivors: 20.0M->20.0M Heap: 185.4M(256.0M)->54.2M(256.0M)]
 [Times: user=0.03 sys=0.00, real=0.01 secs] 
2014-07-10T11:36:12.042+0200: 2.825: [GC pause (G1 Evacuation Pause) (young) 2.825: [G1Ergonomics (CSet Construction) start choosing CSet, _pending_cards: 258, predicted base time: 1.27 ms, remaining time: 198.73 ms, target pause time: 200.00 ms]
 2.825: [G1Ergonomics (CSet Construction) add young regions to CSet, eden: 133 regions, survivors: 20 regions, predicted young region time: 100.47 ms]
 2.825: [G1Ergonomics (CSet Construction) finish choosing CSet, eden: 133 regions, survivors: 20 regions, old: 0 regions, predicted pause time: 101.74 ms, target pause time: 200.00 ms]
 2.835: [G1Ergonomics (Heap Sizing) attempt heap expansion, reason: recent GC overhead higher than threshold after GC, recent GC overhead: 11.21 %, threshold: 10.00 %, uncommitted: 0 bytes, calculated expansion amount: 0 bytes (20.00 %)]
, 0.0102344 secs]
   [Parallel Time: 9.4 ms, GC Workers: 2]
      [GC Worker Start (ms): Min: 2824.9, Avg: 2824.9, Max: 2824.9, Diff: 0.0]
      [Ext Root Scanning (ms): Min: 0.3, Avg: 0.3, Max: 0.3, Diff: 0.0, Sum: 0.5]
      [Update RS (ms): Min: 0.0, Avg: 0.0, Max: 0.0, Diff: 0.0, Sum: 0.1]
         [Processed Buffers: Min: 1, Avg: 1.5, Max: 2, Diff: 1, Sum: 3]
      [Scan RS (ms): Min: 0.2, Avg: 0.2, Max: 0.2, Diff: 0.0, Sum: 0.4]
      [Code Root Scanning (ms): Min: 0.1, Avg: 0.1, Max: 0.1, Diff: 0.0, Sum: 0.2]
      [Object Copy (ms): Min: 8.7, Avg: 8.7, Max: 8.7, Diff: 0.0, Sum: 17.4]
      [Termination (ms): Min: 0.0, Avg: 0.0, Max: 0.0, Diff: 0.0, Sum: 0.0]
      [GC Worker Other (ms): Min: 0.0, Avg: 0.0, Max: 0.0, Diff: 0.0, Sum: 0.1]
      [GC Worker Total (ms): Min: 9.3, Avg: 9.3, Max: 9.3, Diff: 0.0, Sum: 18.6]
      [GC Worker End (ms): Min: 2834.2, Avg: 2834.2, Max: 2834.2, Diff: 0.0]
   [Code Root Fixup: 0.0 ms]
   [Code Root Migration: 0.0 ms]
   [Clear CT: 0.1 ms]
   [Other: 0.6 ms]
      [Choose CSet: 0.0 ms]
      [Ref Proc: 0.1 ms]
      [Ref Enq: 0.0 ms]
      [Free CSet: 0.3 ms]
   [Eden: 133.0M(133.0M)->0.0B(138.0M) Survivors: 20.0M->15.0M Heap: 187.2M(256.0M)->48.7M(256.0M)]
 [Times: user=0.02 sys=0.00, real=0.01 secs] 
2014-07-10T11:36:12.207+0200: 2.989: [GC pause (G1 Evacuation Pause) (young) 2.989: [G1Ergonomics (CSet Construction) start choosing CSet, _pending_cards: 512, predicted base time: 1.21 ms, remaining time: 198.79 ms, target pause time: 200.00 ms]
 2.989: [G1Ergonomics (CSet Construction) add young regions to CSet, eden: 138 regions, survivors: 15 regions, predicted young region time: 99.18 ms]
 2.989: [G1Ergonomics (CSet Construction) finish choosing CSet, eden: 138 regions, survivors: 15 regions, old: 0 regions, predicted pause time: 100.40 ms, target pause time: 200.00 ms]
, 0.0176439 secs]
   [Parallel Time: 16.7 ms, GC Workers: 2]
      [GC Worker Start (ms): Min: 2989.3, Avg: 2989.4, Max: 2989.4, Diff: 0.0]
      [Ext Root Scanning (ms): Min: 0.7, Avg: 0.7, Max: 0.7, Diff: 0.0, Sum: 1.3]
      [Update RS (ms): Min: 0.1, Avg: 0.1, Max: 0.1, Diff: 0.0, Sum: 0.1]
         [Processed Buffers: Min: 1, Avg: 1.5, Max: 2, Diff: 1, Sum: 3]
      [Scan RS (ms): Min: 0.4, Avg: 0.4, Max: 0.4, Diff: 0.0, Sum: 0.8]
      [Code Root Scanning (ms): Min: 0.1, Avg: 0.1, Max: 0.1, Diff: 0.0, Sum: 0.3]
      [Object Copy (ms): Min: 15.3, Avg: 15.3, Max: 15.3, Diff: 0.0, Sum: 30.7]
      [Termination (ms): Min: 0.0, Avg: 0.0, Max: 0.0, Diff: 0.0, Sum: 0.0]
      [GC Worker Other (ms): Min: 0.0, Avg: 0.0, Max: 0.0, Diff: 0.0, Sum: 0.1]
      [GC Worker Total (ms): Min: 16.7, Avg: 16.7, Max: 16.7, Diff: 0.0, Sum: 33.4]
      [GC Worker End (ms): Min: 3006.0, Avg: 3006.0, Max: 3006.0, Diff: 0.0]
   [Code Root Fixup: 0.0 ms]
   [Code Root Migration: 0.0 ms]
   [Clear CT: 0.1 ms]
   [Other: 0.7 ms]
      [Choose CSet: 0.1 ms]
      [Ref Proc: 0.1 ms]
      [Ref Enq: 0.0 ms]
      [Free CSet: 0.4 ms]
   [Eden: 138.0M(138.0M)->0.0B(133.0M) Survivors: 15.0M->20.0M Heap: 186.7M(256.0M)->54.6M(256.0M)]
 [Times: user=0.03 sys=0.00, real=0.02 secs] 
2014-07-10T11:36:12.300+0200: 3.082: [GC pause (G1 Evacuation Pause) (young) 3.082: [G1Ergonomics (CSet Construction) start choosing CSet, _pending_cards: 512, predicted base time: 1.28 ms, remaining time: 198.72 ms, target pause time: 200.00 ms]
 3.082: [G1Ergonomics (CSet Construction) add young regions to CSet, eden: 133 regions, survivors: 20 regions, predicted young region time: 97.61 ms]
 3.082: [G1Ergonomics (CSet Construction) finish choosing CSet, eden: 133 regions, survivors: 20 regions, old: 0 regions, predicted pause time: 98.89 ms, target pause time: 200.00 ms]
 3.097: [G1Ergonomics (Heap Sizing) attempt heap expansion, reason: recent GC overhead higher than threshold after GC, recent GC overhead: 10.07 %, threshold: 10.00 %, uncommitted: 0 bytes, calculated expansion amount: 0 bytes (20.00 %)]
, 0.0151145 secs]
   [Parallel Time: 14.0 ms, GC Workers: 2]
      [GC Worker Start (ms): Min: 3082.2, Avg: 3082.2, Max: 3082.2, Diff: 0.0]
      [Ext Root Scanning (ms): Min: 0.3, Avg: 0.3, Max: 0.3, Diff: 0.0, Sum: 0.7]
      [Update RS (ms): Min: 0.0, Avg: 0.0, Max: 0.1, Diff: 0.0, Sum: 0.1]
         [Processed Buffers: Min: 1, Avg: 1.5, Max: 2, Diff: 1, Sum: 3]
      [Scan RS (ms): Min: 0.2, Avg: 0.2, Max: 0.2, Diff: 0.0, Sum: 0.5]
      [Code Root Scanning (ms): Min: 0.1, Avg: 0.1, Max: 0.1, Diff: 0.0, Sum: 0.2]
      [Object Copy (ms): Min: 13.2, Avg: 13.3, Max: 13.3, Diff: 0.0, Sum: 26.5]
      [Termination (ms): Min: 0.0, Avg: 0.0, Max: 0.0, Diff: 0.0, Sum: 0.0]
      [GC Worker Other (ms): Min: 0.0, Avg: 0.0, Max: 0.0, Diff: 0.0, Sum: 0.1]
      [GC Worker Total (ms): Min: 14.0, Avg: 14.0, Max: 14.0, Diff: 0.0, Sum: 28.0]
      [GC Worker End (ms): Min: 3096.2, Avg: 3096.2, Max: 3096.2, Diff: 0.0]
   [Code Root Fixup: 0.0 ms]
   [Code Root Migration: 0.0 ms]
   [Clear CT: 0.1 ms]
   [Other: 0.9 ms]
      [Choose CSet: 0.0 ms]
      [Ref Proc: 0.6 ms]
      [Ref Enq: 0.0 ms]
      [Free CSet: 0.2 ms]
   [Eden: 133.0M(133.0M)->0.0B(133.0M) Survivors: 20.0M->20.0M Heap: 187.6M(256.0M)->55.9M(256.0M)]
 [Times: user=0.03 sys=0.00, real=0.02 secs] 
2014-07-10T11:36:12.453+0200: 3.235: [GC pause (G1 Evacuation Pause) (young) 3.235: [G1Ergonomics (CSet Construction) start choosing CSet, _pending_cards: 514, predicted base time: 1.33 ms, remaining time: 198.67 ms, target pause time: 200.00 ms]
 3.235: [G1Ergonomics (CSet Construction) add young regions to CSet, eden: 133 regions, survivors: 20 regions, predicted young region time: 94.17 ms]
 3.235: [G1Ergonomics (CSet Construction) finish choosing CSet, eden: 133 regions, survivors: 20 regions, old: 0 regions, predicted pause time: 95.50 ms, target pause time: 200.00 ms]
 3.242: [G1Ergonomics (Heap Sizing) attempt heap expansion, reason: recent GC overhead higher than threshold after GC, recent GC overhead: 11.10 %, threshold: 10.00 %, uncommitted: 0 bytes, calculated expansion amount: 0 bytes (20.00 %)]
, 0.0074946 secs]
   [Parallel Time: 7.0 ms, GC Workers: 2]
      [GC Worker Start (ms): Min: 3234.9, Avg: 3234.9, Max: 3234.9, Diff: 0.0]
      [Ext Root Scanning (ms): Min: 0.3, Avg: 0.3, Max: 0.3, Diff: 0.0, Sum: 0.6]
      [Update RS (ms): Min: 0.0, Avg: 0.0, Max: 0.0, Diff: 0.0, Sum: 0.1]
         [Processed Buffers: Min: 2, Avg: 2.0, Max: 2, Diff: 0, Sum: 4]
      [Scan RS (ms): Min: 0.2, Avg: 0.2, Max: 0.2, Diff: 0.0, Sum: 0.5]
      [Code Root Scanning (ms): Min: 0.1, Avg: 0.1, Max: 0.1, Diff: 0.0, Sum: 0.2]
      [Object Copy (ms): Min: 6.2, Avg: 6.2, Max: 6.2, Diff: 0.0, Sum: 12.4]
      [Termination (ms): Min: 0.0, Avg: 0.0, Max: 0.0, Diff: 0.0, Sum: 0.0]
      [GC Worker Other (ms): Min: 0.0, Avg: 0.0, Max: 0.0, Diff: 0.0, Sum: 0.1]
      [GC Worker Total (ms): Min: 6.9, Avg: 6.9, Max: 6.9, Diff: 0.0, Sum: 13.9]
      [GC Worker End (ms): Min: 3241.8, Avg: 3241.8, Max: 3241.8, Diff: 0.0]
   [Code Root Fixup: 0.0 ms]
   [Code Root Migration: 0.0 ms]
   [Clear CT: 0.1 ms]
   [Other: 0.4 ms]
      [Choose CSet: 0.0 ms]
      [Ref Proc: 0.0 ms]
      [Ref Enq: 0.0 ms]
      [Free CSet: 0.2 ms]
   [Eden: 133.0M(133.0M)->0.0B(142.0M) Survivors: 20.0M->11.0M Heap: 188.9M(256.0M)->46.0M(256.0M)]
 [Times: user=0.00 sys=0.00, real=0.01 secs] 
2014-07-10T11:36:12.604+0200: 3.387: [GC pause (G1 Evacuation Pause) (young) 3.387: [G1Ergonomics (CSet Construction) start choosing CSet, _pending_cards: 513, predicted base time: 1.21 ms, remaining time: 198.79 ms, target pause time: 200.00 ms]
 3.387: [G1Ergonomics (CSet Construction) add young regions to CSet, eden: 142 regions, survivors: 11 regions, predicted young region time: 24.05 ms]
 3.387: [G1Ergonomics (CSet Construction) finish choosing CSet, eden: 142 regions, survivors: 11 regions, old: 0 regions, predicted pause time: 25.26 ms, target pause time: 200.00 ms]
 3.399: [G1Ergonomics (Heap Sizing) attempt heap expansion, reason: recent GC overhead higher than threshold after GC, recent GC overhead: 10.36 %, threshold: 10.00 %, uncommitted: 0 bytes, calculated expansion amount: 0 bytes (20.00 %)]
, 0.0119806 secs]
   [Parallel Time: 11.1 ms, GC Workers: 2]
      [GC Worker Start (ms): Min: 3387.1, Avg: 3387.1, Max: 3387.1, Diff: 0.0]
      [Ext Root Scanning (ms): Min: 0.3, Avg: 0.3, Max: 0.3, Diff: 0.0, Sum: 0.6]
      [Update RS (ms): Min: 0.0, Avg: 0.0, Max: 0.0, Diff: 0.0, Sum: 0.1]
         [Processed Buffers: Min: 2, Avg: 2.0, Max: 2, Diff: 0, Sum: 4]
      [Scan RS (ms): Min: 0.2, Avg: 0.2, Max: 0.2, Diff: 0.0, Sum: 0.5]
      [Code Root Scanning (ms): Min: 0.1, Avg: 0.1, Max: 0.1, Diff: 0.0, Sum: 0.2]
      [Object Copy (ms): Min: 9.7, Avg: 9.8, Max: 9.8, Diff: 0.1, Sum: 19.5]
      [Termination (ms): Min: 0.0, Avg: 0.3, Max: 0.6, Diff: 0.6, Sum: 0.6]
      [GC Worker Other (ms): Min: 0.0, Avg: 0.0, Max: 0.0, Diff: 0.0, Sum: 0.1]
      [GC Worker Total (ms): Min: 10.6, Avg: 10.8, Max: 11.0, Diff: 0.5, Sum: 21.6]
      [GC Worker End (ms): Min: 3397.7, Avg: 3397.9, Max: 3398.1, Diff: 0.4]
   [Code Root Fixup: 0.0 ms]
   [Code Root Migration: 0.0 ms]
   [Clear CT: 0.2 ms]
   [Other: 0.6 ms]
      [Choose CSet: 0.0 ms]
      [Ref Proc: 0.1 ms]
      [Ref Enq: 0.0 ms]
      [Free CSet: 0.2 ms]
   [Eden: 142.0M(142.0M)->0.0B(137.0M) Survivors: 11.0M->16.0M Heap: 188.0M(256.0M)->51.9M(256.0M)]
 [Times: user=0.02 sys=0.00, real=0.01 secs] 
2014-07-10T11:36:12.699+0200: 3.482: [GC pause (G1 Evacuation Pause) (young) 3.482: [G1Ergonomics (CSet Construction) start choosing CSet, _pending_cards: 513, predicted base time: 1.23 ms, remaining time: 198.77 ms, target pause time: 200.00 ms]
 3.482: [G1Ergonomics (CSet Construction) add young regions to CSet, eden: 137 regions, survivors: 16 regions, predicted young region time: 91.20 ms]
 3.482: [G1Ergonomics (CSet Construction) finish choosing CSet, eden: 137 regions, survivors: 16 regions, old: 0 regions, predicted pause time: 92.43 ms, target pause time: 200.00 ms]
, 0.0141693 secs]
   [Parallel Time: 13.5 ms, GC Workers: 2]
      [GC Worker Start (ms): Min: 3481.7, Avg: 3481.7, Max: 3481.7, Diff: 0.0]
      [Ext Root Scanning (ms): Min: 0.3, Avg: 0.4, Max: 0.4, Diff: 0.0, Sum: 0.7]
      [Update RS (ms): Min: 0.0, Avg: 0.0, Max: 0.0, Diff: 0.0, Sum: 0.1]
         [Processed Buffers: Min: 1, Avg: 2.0, Max: 3, Diff: 2, Sum: 4]
      [Scan RS (ms): Min: 0.2, Avg: 0.2, Max: 0.2, Diff: 0.0, Sum: 0.5]
      [Code Root Scanning (ms): Min: 0.1, Avg: 0.1, Max: 0.1, Diff: 0.0, Sum: 0.2]
      [Object Copy (ms): Min: 12.7, Avg: 12.7, Max: 12.7, Diff: 0.0, Sum: 25.5]
      [Termination (ms): Min: 0.0, Avg: 0.0, Max: 0.0, Diff: 0.0, Sum: 0.0]
      [GC Worker Other (ms): Min: 0.0, Avg: 0.0, Max: 0.0, Diff: 0.0, Sum: 0.1]
      [GC Worker Total (ms): Min: 13.5, Avg: 13.5, Max: 13.5, Diff: 0.0, Sum: 27.1]
      [GC Worker End (ms): Min: 3495.3, Avg: 3495.3, Max: 3495.3, Diff: 0.0]
   [Code Root Fixup: 0.0 ms]
   [Code Root Migration: 0.0 ms]
   [Clear CT: 0.1 ms]
   [Other: 0.5 ms]
      [Choose CSet: 0.0 ms]
      [Ref Proc: 0.1 ms]
      [Ref Enq: 0.0 ms]
      [Free CSet: 0.2 ms]
   [Eden: 137.0M(137.0M)->0.0B(133.0M) Survivors: 16.0M->20.0M Heap: 188.9M(256.0M)->56.8M(256.0M)]
 [Times: user=0.01 sys=0.00, real=0.02 secs] 
2014-07-10T11:36:12.845+0200: 3.627: [GC pause (G1 Evacuation Pause) (young) 3.627: [G1Ergonomics (CSet Construction) start choosing CSet, _pending_cards: 512, predicted base time: 1.16 ms, remaining time: 198.84 ms, target pause time: 200.00 ms]
 3.627: [G1Ergonomics (CSet Construction) add young regions to CSet, eden: 133 regions, survivors: 20 regions, predicted young region time: 37.45 ms]
 3.627: [G1Ergonomics (CSet Construction) finish choosing CSet, eden: 133 regions, survivors: 20 regions, old: 0 regions, predicted pause time: 38.60 ms, target pause time: 200.00 ms]
 3.642: [G1Ergonomics (Heap Sizing) attempt heap expansion, reason: recent GC overhead higher than threshold after GC, recent GC overhead: 10.40 %, threshold: 10.00 %, uncommitted: 0 bytes, calculated expansion amount: 0 bytes (20.00 %)]
, 0.0149231 secs]
   [Parallel Time: 14.1 ms, GC Workers: 2]
      [GC Worker Start (ms): Min: 3627.1, Avg: 3627.1, Max: 3627.1, Diff: 0.0]
      [Ext Root Scanning (ms): Min: 0.3, Avg: 0.3, Max: 0.3, Diff: 0.0, Sum: 0.7]
      [Update RS (ms): Min: 0.0, Avg: 0.0, Max: 0.1, Diff: 0.0, Sum: 0.1]
         [Processed Buffers: Min: 1, Avg: 1.5, Max: 2, Diff: 1, Sum: 3]
      [Scan RS (ms): Min: 0.2, Avg: 0.2, Max: 0.2, Diff: 0.0, Sum: 0.5]
      [Code Root Scanning (ms): Min: 0.1, Avg: 0.1, Max: 0.1, Diff: 0.0, Sum: 0.2]
      [Object Copy (ms): Min: 13.3, Avg: 13.3, Max: 13.3, Diff: 0.0, Sum: 26.6]
      [Termination (ms): Min: 0.0, Avg: 0.0, Max: 0.0, Diff: 0.0, Sum: 0.0]
      [GC Worker Other (ms): Min: 0.0, Avg: 0.0, Max: 0.0, Diff: 0.0, Sum: 0.1]
      [GC Worker Total (ms): Min: 14.1, Avg: 14.1, Max: 14.1, Diff: 0.0, Sum: 28.1]
      [GC Worker End (ms): Min: 3641.1, Avg: 3641.1, Max: 3641.1, Diff: 0.0]
   [Code Root Fixup: 0.0 ms]
   [Code Root Migration: 0.0 ms]
   [Clear CT: 0.2 ms]
   [Other: 0.6 ms]
      [Choose CSet: 0.0 ms]
      [Ref Proc: 0.1 ms]
      [Ref Enq: 0.0 ms]
      [Free CSet: 0.2 ms]
   [Eden: 133.0M(133.0M)->0.0B(133.0M) Survivors: 20.0M->20.0M Heap: 189.8M(256.0M)->58.4M(256.0M)]
 [Times: user=0.03 sys=0.00, real=0.01 secs] 
2014-07-10T11:36:12.997+0200: 3.780: [GC pause (G1 Evacuation Pause) (young) 3.780: [G1Ergonomics (CSet Construction) start choosing CSet, _pending_cards: 513, predicted base time: 1.13 ms, remaining time: 198.87 ms, target pause time: 200.00 ms]
 3.780: [G1Ergonomics (CSet Construction) add young regions to CSet, eden: 133 regions, survivors: 20 regions, predicted young region time: 85.31 ms]
 3.780: [G1Ergonomics (CSet Construction) finish choosing CSet, eden: 133 regions, survivors: 20 regions, old: 0 regions, predicted pause time: 86.45 ms, target pause time: 200.00 ms]
 3.797: [G1Ergonomics (Heap Sizing) attempt heap expansion, reason: recent GC overhead higher than threshold after GC, recent GC overhead: 10.49 %, threshold: 10.00 %, uncommitted: 0 bytes, calculated expansion amount: 0 bytes (20.00 %)]
, 0.0174078 secs]
   [Parallel Time: 15.8 ms, GC Workers: 2]
      [GC Worker Start (ms): Min: 3779.8, Avg: 3779.8, Max: 3779.8, Diff: 0.0]
      [Ext Root Scanning (ms): Min: 0.6, Avg: 0.6, Max: 0.6, Diff: 0.0, Sum: 1.2]
      [Update RS (ms): Min: 0.1, Avg: 0.1, Max: 0.1, Diff: 0.0, Sum: 0.1]
         [Processed Buffers: Min: 2, Avg: 2.0, Max: 2, Diff: 0, Sum: 4]
      [Scan RS (ms): Min: 0.4, Avg: 0.4, Max: 0.4, Diff: 0.0, Sum: 0.8]
      [Code Root Scanning (ms): Min: 0.1, Avg: 0.2, Max: 0.2, Diff: 0.0, Sum: 0.3]
      [Object Copy (ms): Min: 14.4, Avg: 14.4, Max: 14.4, Diff: 0.0, Sum: 28.9]
      [Termination (ms): Min: 0.0, Avg: 0.0, Max: 0.0, Diff: 0.0, Sum: 0.0]
      [GC Worker Other (ms): Min: 0.0, Avg: 0.1, Max: 0.1, Diff: 0.0, Sum: 0.1]
      [GC Worker Total (ms): Min: 15.7, Avg: 15.8, Max: 15.8, Diff: 0.0, Sum: 31.5]
      [GC Worker End (ms): Min: 3795.5, Avg: 3795.5, Max: 3795.5, Diff: 0.0]
   [Code Root Fixup: 0.0 ms]
   [Code Root Migration: 0.1 ms]
   [Clear CT: 0.3 ms]
   [Other: 1.2 ms]
      [Choose CSet: 0.1 ms]
      [Ref Proc: 0.3 ms]
      [Ref Enq: 0.0 ms]
      [Free CSet: 0.5 ms]
   [Eden: 133.0M(133.0M)->0.0B(138.0M) Survivors: 20.0M->15.0M Heap: 191.4M(256.0M)->52.9M(256.0M)]
 [Times: user=0.03 sys=0.00, real=0.02 secs] 
2014-07-10T11:36:13.100+0200: 3.882: [GC pause (G1 Evacuation Pause) (young) 3.882: [G1Ergonomics (CSet Construction) start choosing CSet, _pending_cards: 512, predicted base time: 1.48 ms, remaining time: 198.52 ms, target pause time: 200.00 ms]
 3.882: [G1Ergonomics (CSet Construction) add young regions to CSet, eden: 138 regions, survivors: 15 regions, predicted young region time: 109.68 ms]
 3.883: [G1Ergonomics (CSet Construction) finish choosing CSet, eden: 138 regions, survivors: 15 regions, old: 0 regions, predicted pause time: 111.15 ms, target pause time: 200.00 ms]
 3.896: [G1Ergonomics (Heap Sizing) attempt heap expansion, reason: recent GC overhead higher than threshold after GC, recent GC overhead: 10.76 %, threshold: 10.00 %, uncommitted: 0 bytes, calculated expansion amount: 0 bytes (20.00 %)]
, 0.0138075 secs]
   [Parallel Time: 13.0 ms, GC Workers: 2]
      [GC Worker Start (ms): Min: 3882.5, Avg: 3882.5, Max: 3882.5, Diff: 0.0]
      [Ext Root Scanning (ms): Min: 0.3, Avg: 0.3, Max: 0.3, Diff: 0.0, Sum: 0.7]
      [Update RS (ms): Min: 0.0, Avg: 0.0, Max: 0.0, Diff: 0.0, Sum: 0.1]
         [Processed Buffers: Min: 1, Avg: 1.5, Max: 2, Diff: 1, Sum: 3]
      [Scan RS (ms): Min: 0.2, Avg: 0.2, Max: 0.2, Diff: 0.0, Sum: 0.4]
      [Code Root Scanning (ms): Min: 0.1, Avg: 0.1, Max: 0.1, Diff: 0.0, Sum: 0.2]
      [Object Copy (ms): Min: 12.3, Avg: 12.3, Max: 12.3, Diff: 0.0, Sum: 24.6]
      [Termination (ms): Min: 0.0, Avg: 0.0, Max: 0.0, Diff: 0.0, Sum: 0.0]
      [GC Worker Other (ms): Min: 0.0, Avg: 0.0, Max: 0.0, Diff: 0.0, Sum: 0.1]
      [GC Worker Total (ms): Min: 13.0, Avg: 13.0, Max: 13.0, Diff: 0.0, Sum: 26.0]
      [GC Worker End (ms): Min: 3895.6, Avg: 3895.6, Max: 3895.6, Diff: 0.0]
   [Code Root Fixup: 0.0 ms]
   [Code Root Migration: 0.0 ms]
   [Clear CT: 0.1 ms]
   [Other: 0.6 ms]
      [Choose CSet: 0.0 ms]
      [Ref Proc: 0.2 ms]
      [Ref Enq: 0.0 ms]
      [Free CSet: 0.2 ms]
   [Eden: 138.0M(138.0M)->0.0B(133.0M) Survivors: 15.0M->20.0M Heap: 190.9M(256.0M)->58.8M(256.0M)]
 [Times: user=0.03 sys=0.00, real=0.01 secs] 
2014-07-10T11:36:13.231+0200: 4.013: [GC pause (G1 Evacuation Pause) (young) 4.013: [G1Ergonomics (CSet Construction) start choosing CSet, _pending_cards: 512, predicted base time: 1.37 ms, remaining time: 198.63 ms, target pause time: 200.00 ms]
 4.013: [G1Ergonomics (CSet Construction) add young regions to CSet, eden: 133 regions, survivors: 20 regions, predicted young region time: 98.98 ms]
 4.013: [G1Ergonomics (CSet Construction) finish choosing CSet, eden: 133 regions, survivors: 20 regions, old: 0 regions, predicted pause time: 100.35 ms, target pause time: 200.00 ms]
 4.029: [G1Ergonomics (Heap Sizing) attempt heap expansion, reason: recent GC overhead higher than threshold after GC, recent GC overhead: 10.64 %, threshold: 10.00 %, uncommitted: 0 bytes, calculated expansion amount: 0 bytes (20.00 %)]
, 0.0155812 secs]
   [Parallel Time: 15.0 ms, GC Workers: 2]
      [GC Worker Start (ms): Min: 4013.2, Avg: 4013.2, Max: 4013.2, Diff: 0.0]
      [Ext Root Scanning (ms): Min: 0.3, Avg: 0.3, Max: 0.3, Diff: 0.0, Sum: 0.6]
      [Update RS (ms): Min: 0.0, Avg: 0.0, Max: 0.0, Diff: 0.0, Sum: 0.1]
         [Processed Buffers: Min: 1, Avg: 1.5, Max: 2, Diff: 1, Sum: 3]
      [Scan RS (ms): Min: 0.2, Avg: 0.2, Max: 0.2, Diff: 0.0, Sum: 0.4]
      [Code Root Scanning (ms): Min: 0.1, Avg: 0.1, Max: 0.1, Diff: 0.0, Sum: 0.2]
      [Object Copy (ms): Min: 13.9, Avg: 14.1, Max: 14.3, Diff: 0.3, Sum: 28.2]
      [Termination (ms): Min: 0.0, Avg: 0.2, Max: 0.4, Diff: 0.4, Sum: 0.4]
      [GC Worker Other (ms): Min: 0.0, Avg: 0.0, Max: 0.0, Diff: 0.0, Sum: 0.1]
      [GC Worker Total (ms): Min: 15.0, Avg: 15.0, Max: 15.0, Diff: 0.0, Sum: 29.9]
      [GC Worker End (ms): Min: 4028.1, Avg: 4028.2, Max: 4028.2, Diff: 0.0]
   [Code Root Fixup: 0.0 ms]
   [Code Root Migration: 0.0 ms]
   [Clear CT: 0.1 ms]
   [Other: 0.4 ms]
      [Choose CSet: 0.0 ms]
      [Ref Proc: 0.0 ms]
      [Ref Enq: 0.0 ms]
      [Free CSet: 0.2 ms]
   [Eden: 133.0M(133.0M)->0.0B(133.0M) Survivors: 20.0M->20.0M Heap: 191.8M(256.0M)->60.1M(256.0M)]
 [Times: user=0.03 sys=0.00, real=0.02 secs] 
2014-07-10T11:36:13.407+0200: 4.190: [GC pause (G1 Evacuation Pause) (young) 4.190: [G1Ergonomics (CSet Construction) start choosing CSet, _pending_cards: 512, predicted base time: 1.24 ms, remaining time: 198.76 ms, target pause time: 200.00 ms]
 4.190: [G1Ergonomics (CSet Construction) add young regions to CSet, eden: 133 regions, survivors: 20 regions, predicted young region time: 96.88 ms]
 4.190: [G1Ergonomics (CSet Construction) finish choosing CSet, eden: 133 regions, survivors: 20 regions, old: 0 regions, predicted pause time: 98.12 ms, target pause time: 200.00 ms]
 4.208: [G1Ergonomics (Heap Sizing) attempt heap expansion, reason: recent GC overhead higher than threshold after GC, recent GC overhead: 10.32 %, threshold: 10.00 %, uncommitted: 0 bytes, calculated expansion amount: 0 bytes (20.00 %)]
, 0.0187540 secs]
   [Parallel Time: 17.8 ms, GC Workers: 2]
      [GC Worker Start (ms): Min: 4190.0, Avg: 4190.0, Max: 4190.0, Diff: 0.0]
      [Ext Root Scanning (ms): Min: 0.6, Avg: 0.6, Max: 0.6, Diff: 0.0, Sum: 1.2]
      [Update RS (ms): Min: 0.1, Avg: 0.1, Max: 0.1, Diff: 0.0, Sum: 0.1]
         [Processed Buffers: Min: 1, Avg: 1.5, Max: 2, Diff: 1, Sum: 3]
      [Scan RS (ms): Min: 0.4, Avg: 0.4, Max: 0.4, Diff: 0.0, Sum: 0.8]
      [Code Root Scanning (ms): Min: 0.1, Avg: 0.1, Max: 0.2, Diff: 0.0, Sum: 0.3]
      [Object Copy (ms): Min: 16.4, Avg: 16.4, Max: 16.4, Diff: 0.0, Sum: 32.9]
      [Termination (ms): Min: 0.0, Avg: 0.0, Max: 0.0, Diff: 0.0, Sum: 0.0]
      [GC Worker Other (ms): Min: 0.0, Avg: 0.0, Max: 0.0, Diff: 0.0, Sum: 0.1]
      [GC Worker Total (ms): Min: 17.7, Avg: 17.7, Max: 17.7, Diff: 0.0, Sum: 35.4]
      [GC Worker End (ms): Min: 4207.7, Avg: 4207.7, Max: 4207.7, Diff: 0.0]
   [Code Root Fixup: 0.0 ms]
   [Code Root Migration: 0.0 ms]
   [Clear CT: 0.2 ms]
   [Other: 0.8 ms]
      [Choose CSet: 0.1 ms]
      [Ref Proc: 0.2 ms]
      [Ref Enq: 0.0 ms]
      [Free CSet: 0.3 ms]
   [Eden: 133.0M(133.0M)->0.0B(133.0M) Survivors: 20.0M->20.0M Heap: 193.1M(256.0M)->62.2M(256.0M)]
 [Times: user=0.03 sys=0.00, real=0.02 secs] 
2014-07-10T11:36:13.495+0200: 4.277: [GC pause (G1 Evacuation Pause) (young) 4.277: [G1Ergonomics (CSet Construction) start choosing CSet, _pending_cards: 515, predicted base time: 1.35 ms, remaining time: 198.65 ms, target pause time: 200.00 ms]
 4.277: [G1Ergonomics (CSet Construction) add young regions to CSet, eden: 133 regions, survivors: 20 regions, predicted young region time: 97.67 ms]
 4.277: [G1Ergonomics (CSet Construction) finish choosing CSet, eden: 133 regions, survivors: 20 regions, old: 0 regions, predicted pause time: 99.02 ms, target pause time: 200.00 ms]
 4.285: [G1Ergonomics (Heap Sizing) attempt heap expansion, reason: recent GC overhead higher than threshold after GC, recent GC overhead: 10.63 %, threshold: 10.00 %, uncommitted: 0 bytes, calculated expansion amount: 0 bytes (20.00 %)]
, 0.0079858 secs]
   [Parallel Time: 6.9 ms, GC Workers: 2]
      [GC Worker Start (ms): Min: 4277.2, Avg: 4277.2, Max: 4277.3, Diff: 0.0]
      [Ext Root Scanning (ms): Min: 0.3, Avg: 0.3, Max: 0.3, Diff: 0.0, Sum: 0.6]
      [Update RS (ms): Min: 0.0, Avg: 0.1, Max: 0.1, Diff: 0.0, Sum: 0.1]
         [Processed Buffers: Min: 2, Avg: 2.0, Max: 2, Diff: 0, Sum: 4]
      [Scan RS (ms): Min: 0.2, Avg: 0.2, Max: 0.3, Diff: 0.0, Sum: 0.5]
      [Code Root Scanning (ms): Min: 0.1, Avg: 0.1, Max: 0.1, Diff: 0.0, Sum: 0.2]
      [Object Copy (ms): Min: 6.2, Avg: 6.2, Max: 6.2, Diff: 0.0, Sum: 12.3]
      [Termination (ms): Min: 0.0, Avg: 0.0, Max: 0.0, Diff: 0.0, Sum: 0.0]
      [GC Worker Other (ms): Min: 0.0, Avg: 0.0, Max: 0.0, Diff: 0.0, Sum: 0.1]
      [GC Worker Total (ms): Min: 6.9, Avg: 6.9, Max: 6.9, Diff: 0.0, Sum: 13.8]
      [GC Worker End (ms): Min: 4284.1, Avg: 4284.1, Max: 4284.1, Diff: 0.0]
   [Code Root Fixup: 0.0 ms]
   [Code Root Migration: 0.0 ms]
   [Clear CT: 0.1 ms]
   [Other: 0.9 ms]
      [Choose CSet: 0.0 ms]
      [Ref Proc: 0.5 ms]
      [Ref Enq: 0.0 ms]
      [Free CSet: 0.2 ms]
   [Eden: 133.0M(133.0M)->0.0B(143.0M) Survivors: 20.0M->10.0M Heap: 195.2M(256.0M)->52.0M(256.0M)]
 [Times: user=0.00 sys=0.00, real=0.01 secs] 
2014-07-10T11:36:13.649+0200: 4.431: [GC pause (G1 Evacuation Pause) (young) 4.431: [G1Ergonomics (CSet Construction) start choosing CSet, _pending_cards: 512, predicted base time: 1.35 ms, remaining time: 198.65 ms, target pause time: 200.00 ms]
 4.431: [G1Ergonomics (CSet Construction) add young regions to CSet, eden: 143 regions, survivors: 10 regions, predicted young region time: 101.02 ms]
 4.431: [G1Ergonomics (CSet Construction) finish choosing CSet, eden: 143 regions, survivors: 10 regions, old: 0 regions, predicted pause time: 102.37 ms, target pause time: 200.00 ms]
 4.445: [G1Ergonomics (Heap Sizing) attempt heap expansion, reason: recent GC overhead higher than threshold after GC, recent GC overhead: 10.67 %, threshold: 10.00 %, uncommitted: 0 bytes, calculated expansion amount: 0 bytes (20.00 %)]
, 0.0143651 secs]
   [Parallel Time: 13.8 ms, GC Workers: 2]
      [GC Worker Start (ms): Min: 4431.3, Avg: 4431.3, Max: 4431.3, Diff: 0.0]
      [Ext Root Scanning (ms): Min: 0.3, Avg: 0.3, Max: 0.3, Diff: 0.0, Sum: 0.6]
      [Update RS (ms): Min: 0.1, Avg: 0.1, Max: 0.2, Diff: 0.1, Sum: 0.3]
         [Processed Buffers: Min: 1, Avg: 1.5, Max: 2, Diff: 1, Sum: 3]
      [Scan RS (ms): Min: 0.2, Avg: 0.3, Max: 0.3, Diff: 0.1, Sum: 0.5]
      [Code Root Scanning (ms): Min: 0.1, Avg: 0.1, Max: 0.1, Diff: 0.0, Sum: 0.2]
      [Object Copy (ms): Min: 12.9, Avg: 12.9, Max: 12.9, Diff: 0.0, Sum: 25.8]
      [Termination (ms): Min: 0.0, Avg: 0.0, Max: 0.0, Diff: 0.0, Sum: 0.0]
      [GC Worker Other (ms): Min: 0.0, Avg: 0.0, Max: 0.0, Diff: 0.0, Sum: 0.1]
      [GC Worker Total (ms): Min: 13.7, Avg: 13.7, Max: 13.8, Diff: 0.0, Sum: 27.5]
      [GC Worker End (ms): Min: 4445.0, Avg: 4445.0, Max: 4445.0, Diff: 0.0]
   [Code Root Fixup: 0.0 ms]
   [Code Root Migration: 0.0 ms]
   [Clear CT: 0.1 ms]
   [Other: 0.4 ms]
      [Choose CSet: 0.0 ms]
      [Ref Proc: 0.0 ms]
      [Ref Enq: 0.0 ms]
      [Free CSet: 0.2 ms]
   [Eden: 143.0M(143.0M)->0.0B(133.0M) Survivors: 10.0M->20.0M Heap: 195.0M(256.0M)->62.9M(256.0M)]
 [Times: user=0.00 sys=0.03, real=0.01 secs] 
2014-07-10T11:36:13.807+0200: 4.589: [GC pause (G1 Evacuation Pause) (young) 4.589: [G1Ergonomics (CSet Construction) start choosing CSet, _pending_cards: 512, predicted base time: 1.27 ms, remaining time: 198.73 ms, target pause time: 200.00 ms]
 4.589: [G1Ergonomics (CSet Construction) add young regions to CSet, eden: 133 regions, survivors: 20 regions, predicted young region time: 28.57 ms]
 4.589: [G1Ergonomics (CSet Construction) finish choosing CSet, eden: 133 regions, survivors: 20 regions, old: 0 regions, predicted pause time: 29.84 ms, target pause time: 200.00 ms]
 4.614: [G1Ergonomics (Heap Sizing) attempt heap expansion, reason: recent GC overhead higher than threshold after GC, recent GC overhead: 10.06 %, threshold: 10.00 %, uncommitted: 0 bytes, calculated expansion amount: 0 bytes (20.00 %)]
, 0.0249492 secs]
   [Parallel Time: 23.4 ms, GC Workers: 2]
      [GC Worker Start (ms): Min: 4589.6, Avg: 4589.6, Max: 4589.6, Diff: 0.0]
      [Ext Root Scanning (ms): Min: 0.6, Avg: 0.6, Max: 0.6, Diff: 0.0, Sum: 1.2]
      [Update RS (ms): Min: 0.0, Avg: 0.1, Max: 0.1, Diff: 0.1, Sum: 0.1]
         [Processed Buffers: Min: 1, Avg: 1.5, Max: 2, Diff: 1, Sum: 3]
      [Scan RS (ms): Min: 0.4, Avg: 0.4, Max: 0.5, Diff: 0.0, Sum: 0.9]
      [Code Root Scanning (ms): Min: 0.1, Avg: 0.2, Max: 0.2, Diff: 0.0, Sum: 0.3]
      [Object Copy (ms): Min: 22.0, Avg: 22.0, Max: 22.0, Diff: 0.1, Sum: 44.0]
      [Termination (ms): Min: 0.0, Avg: 0.0, Max: 0.1, Diff: 0.1, Sum: 0.1]
      [GC Worker Other (ms): Min: 0.0, Avg: 0.0, Max: 0.0, Diff: 0.0, Sum: 0.1]
      [GC Worker Total (ms): Min: 23.3, Avg: 23.3, Max: 23.4, Diff: 0.0, Sum: 46.7]
      [GC Worker End (ms): Min: 4612.9, Avg: 4612.9, Max: 4612.9, Diff: 0.0]
   [Code Root Fixup: 0.0 ms]
   [Code Root Migration: 0.1 ms]
   [Clear CT: 0.2 ms]
   [Other: 1.2 ms]
      [Choose CSet: 0.1 ms]
      [Ref Proc: 0.4 ms]
      [Ref Enq: 0.0 ms]
      [Free CSet: 0.5 ms]
   [Eden: 133.0M(133.0M)->0.0B(133.0M) Survivors: 20.0M->20.0M Heap: 195.9M(256.0M)->64.5M(256.0M)]
 [Times: user=0.03 sys=0.00, real=0.03 secs] 
2014-07-10T11:36:13.901+0200: 4.683: [GC pause (G1 Evacuation Pause) (young) 4.683: [G1Ergonomics (CSet Construction) start choosing CSet, _pending_cards: 513, predicted base time: 1.53 ms, remaining time: 198.47 ms, target pause time: 200.00 ms]
 4.683: [G1Ergonomics (CSet Construction) add young regions to CSet, eden: 133 regions, survivors: 20 regions, predicted young region time: 109.82 ms]
 4.683: [G1Ergonomics (CSet Construction) finish choosing CSet, eden: 133 regions, survivors: 20 regions, old: 0 regions, predicted pause time: 111.35 ms, target pause time: 200.00 ms]
 4.699: [G1Ergonomics (Heap Sizing) attempt heap expansion, reason: recent GC overhead higher than threshold after GC, recent GC overhead: 11.15 %, threshold: 10.00 %, uncommitted: 0 bytes, calculated expansion amount: 0 bytes (20.00 %)]
, 0.0155853 secs]
   [Parallel Time: 14.9 ms, GC Workers: 2]
      [GC Worker Start (ms): Min: 4683.1, Avg: 4683.1, Max: 4683.1, Diff: 0.0]
      [Ext Root Scanning (ms): Min: 0.3, Avg: 0.3, Max: 0.3, Diff: 0.0, Sum: 0.6]
      [Update RS (ms): Min: 0.0, Avg: 0.1, Max: 0.1, Diff: 0.0, Sum: 0.1]
         [Processed Buffers: Min: 1, Avg: 2.0, Max: 3, Diff: 2, Sum: 4]
      [Scan RS (ms): Min: 0.2, Avg: 0.2, Max: 0.2, Diff: 0.0, Sum: 0.4]
      [Code Root Scanning (ms): Min: 0.1, Avg: 0.1, Max: 0.1, Diff: 0.0, Sum: 0.2]
      [Object Copy (ms): Min: 14.1, Avg: 14.1, Max: 14.1, Diff: 0.0, Sum: 28.2]
      [Termination (ms): Min: 0.0, Avg: 0.0, Max: 0.0, Diff: 0.0, Sum: 0.0]
      [GC Worker Other (ms): Min: 0.0, Avg: 0.0, Max: 0.0, Diff: 0.0, Sum: 0.1]
      [GC Worker Total (ms): Min: 14.8, Avg: 14.8, Max: 14.8, Diff: 0.0, Sum: 29.7]
      [GC Worker End (ms): Min: 4697.9, Avg: 4697.9, Max: 4697.9, Diff: 0.0]
   [Code Root Fixup: 0.0 ms]
   [Code Root Migration: 0.0 ms]
   [Clear CT: 0.1 ms]
   [Other: 0.6 ms]
      [Choose CSet: 0.0 ms]
      [Ref Proc: 0.2 ms]
      [Ref Enq: 0.0 ms]
      [Free CSet: 0.2 ms]
   [Eden: 133.0M(133.0M)->0.0B(133.0M) Survivors: 20.0M->20.0M Heap: 197.5M(256.0M)->67.0M(256.0M)]
 [Times: user=0.03 sys=0.00, real=0.01 secs] 
2014-07-10T11:36:14.040+0200: 4.823: [GC pause (G1 Evacuation Pause) (young) 4.823: [G1Ergonomics (CSet Construction) start choosing CSet, _pending_cards: 514, predicted base time: 1.40 ms, remaining time: 198.60 ms, target pause time: 200.00 ms]
 4.823: [G1Ergonomics (CSet Construction) add young regions to CSet, eden: 133 regions, survivors: 20 regions, predicted young region time: 37.52 ms]
 4.823: [G1Ergonomics (CSet Construction) finish choosing CSet, eden: 133 regions, survivors: 20 regions, old: 0 regions, predicted pause time: 38.92 ms, target pause time: 200.00 ms]
 4.832: [G1Ergonomics (Heap Sizing) attempt heap expansion, reason: recent GC overhead higher than threshold after GC, recent GC overhead: 12.06 %, threshold: 10.00 %, uncommitted: 0 bytes, calculated expansion amount: 0 bytes (20.00 %)]
, 0.0094927 secs]
   [Parallel Time: 8.5 ms, GC Workers: 2]
      [GC Worker Start (ms): Min: 4822.9, Avg: 4822.9, Max: 4822.9, Diff: 0.0]
      [Ext Root Scanning (ms): Min: 0.5, Avg: 0.5, Max: 0.5, Diff: 0.0, Sum: 1.0]
      [Update RS (ms): Min: 0.1, Avg: 0.1, Max: 0.1, Diff: 0.0, Sum: 0.1]
         [Processed Buffers: Min: 2, Avg: 2.0, Max: 2, Diff: 0, Sum: 4]
      [Scan RS (ms): Min: 0.3, Avg: 0.3, Max: 0.3, Diff: 0.0, Sum: 0.5]
      [Code Root Scanning (ms): Min: 0.1, Avg: 0.1, Max: 0.1, Diff: 0.0, Sum: 0.2]
      [Object Copy (ms): Min: 7.5, Avg: 7.5, Max: 7.5, Diff: 0.0, Sum: 14.9]
      [Termination (ms): Min: 0.0, Avg: 0.0, Max: 0.0, Diff: 0.0, Sum: 0.0]
      [GC Worker Other (ms): Min: 0.0, Avg: 0.0, Max: 0.0, Diff: 0.0, Sum: 0.1]
      [GC Worker Total (ms): Min: 8.4, Avg: 8.4, Max: 8.4, Diff: 0.0, Sum: 16.9]
      [GC Worker End (ms): Min: 4831.3, Avg: 4831.3, Max: 4831.3, Diff: 0.0]
   [Code Root Fixup: 0.1 ms]
   [Code Root Migration: 0.0 ms]
   [Clear CT: 0.1 ms]
   [Other: 0.7 ms]
      [Choose CSet: 0.0 ms]
      [Ref Proc: 0.3 ms]
      [Ref Enq: 0.0 ms]
      [Free CSet: 0.2 ms]
   [Eden: 133.0M(133.0M)->0.0B(141.0M) Survivors: 20.0M->12.0M Heap: 200.0M(256.0M)->58.2M(256.0M)]
 [Times: user=0.00 sys=0.00, real=0.01 secs] 
2014-07-10T11:36:14.207+0200: 4.990: [GC pause (G1 Evacuation Pause) (young) 4.990: [G1Ergonomics (CSet Construction) start choosing CSet, _pending_cards: 512, predicted base time: 1.45 ms, remaining time: 198.55 ms, target pause time: 200.00 ms]
 4.990: [G1Ergonomics (CSet Construction) add young regions to CSet, eden: 141 regions, survivors: 12 regions, predicted young region time: 105.53 ms]
 4.990: [G1Ergonomics (CSet Construction) finish choosing CSet, eden: 141 regions, survivors: 12 regions, old: 0 regions, predicted pause time: 106.98 ms, target pause time: 200.00 ms]
 5.012: [G1Ergonomics (Heap Sizing) attempt heap expansion, reason: recent GC overhead higher than threshold after GC, recent GC overhead: 11.38 %, threshold: 10.00 %, uncommitted: 0 bytes, calculated expansion amount: 0 bytes (20.00 %)]
, 0.0218513 secs]
   [Parallel Time: 20.8 ms, GC Workers: 2]
      [GC Worker Start (ms): Min: 4990.0, Avg: 4990.0, Max: 4990.1, Diff: 0.0]
      [Ext Root Scanning (ms): Min: 0.6, Avg: 0.6, Max: 0.6, Diff: 0.0, Sum: 1.2]
      [Update RS (ms): Min: 0.1, Avg: 0.1, Max: 0.1, Diff: 0.0, Sum: 0.1]
         [Processed Buffers: Min: 1, Avg: 1.5, Max: 2, Diff: 1, Sum: 3]
      [Scan RS (ms): Min: 0.6, Avg: 0.6, Max: 0.6, Diff: 0.1, Sum: 1.2]
      [Code Root Scanning (ms): Min: 0.1, Avg: 0.1, Max: 0.2, Diff: 0.0, Sum: 0.3]
      [Object Copy (ms): Min: 18.9, Avg: 18.9, Max: 18.9, Diff: 0.0, Sum: 37.7]
      [Termination (ms): Min: 0.0, Avg: 0.0, Max: 0.0, Diff: 0.0, Sum: 0.0]
      [GC Worker Other (ms): Min: 0.0, Avg: 0.0, Max: 0.0, Diff: 0.0, Sum: 0.1]
      [GC Worker Total (ms): Min: 20.3, Avg: 20.3, Max: 20.3, Diff: 0.0, Sum: 40.7]
      [GC Worker End (ms): Min: 5010.4, Avg: 5010.4, Max: 5010.4, Diff: 0.0]
   [Code Root Fixup: 0.0 ms]
   [Code Root Migration: 0.0 ms]
   [Clear CT: 0.2 ms]
   [Other: 0.9 ms]
      [Choose CSet: 0.1 ms]
      [Ref Proc: 0.2 ms]
      [Ref Enq: 0.0 ms]
      [Free CSet: 0.4 ms]
   [Eden: 141.0M(141.0M)->0.0B(133.0M) Survivors: 12.0M->20.0M Heap: 199.2M(256.0M)->67.1M(256.0M)]
 [Times: user=0.06 sys=0.00, real=0.02 secs] 
2014-07-10T11:36:14.318+0200: 5.101: [GC pause (G1 Evacuation Pause) (young) 5.101: [G1Ergonomics (CSet Construction) start choosing CSet, _pending_cards: 512, predicted base time: 1.61 ms, remaining time: 198.39 ms, target pause time: 200.00 ms]
 5.101: [G1Ergonomics (CSet Construction) add young regions to CSet, eden: 133 regions, survivors: 20 regions, predicted young region time: 109.66 ms]
 5.101: [G1Ergonomics (CSet Construction) finish choosing CSet, eden: 133 regions, survivors: 20 regions, old: 0 regions, predicted pause time: 111.27 ms, target pause time: 200.00 ms]
 5.116: [G1Ergonomics (Heap Sizing) attempt heap expansion, reason: recent GC overhead higher than threshold after GC, recent GC overhead: 11.61 %, threshold: 10.00 %, uncommitted: 0 bytes, calculated expansion amount: 0 bytes (20.00 %)]
, 0.0154811 secs]
   [Parallel Time: 14.6 ms, GC Workers: 2]
      [GC Worker Start (ms): Min: 5100.8, Avg: 5100.8, Max: 5100.8, Diff: 0.0]
      [Ext Root Scanning (ms): Min: 0.3, Avg: 0.3, Max: 0.3, Diff: 0.0, Sum: 0.5]
      [Update RS (ms): Min: 0.0, Avg: 0.0, Max: 0.0, Diff: 0.0, Sum: 0.1]
         [Processed Buffers: Min: 1, Avg: 1.5, Max: 2, Diff: 1, Sum: 3]
      [Scan RS (ms): Min: 0.2, Avg: 0.2, Max: 0.2, Diff: 0.0, Sum: 0.4]
      [Code Root Scanning (ms): Min: 0.1, Avg: 0.1, Max: 0.1, Diff: 0.0, Sum: 0.2]
      [Object Copy (ms): Min: 13.9, Avg: 13.9, Max: 13.9, Diff: 0.0, Sum: 27.8]
      [Termination (ms): Min: 0.0, Avg: 0.0, Max: 0.0, Diff: 0.0, Sum: 0.0]
      [GC Worker Other (ms): Min: 0.0, Avg: 0.0, Max: 0.0, Diff: 0.0, Sum: 0.1]
      [GC Worker Total (ms): Min: 14.6, Avg: 14.6, Max: 14.6, Diff: 0.0, Sum: 29.1]
      [GC Worker End (ms): Min: 5115.4, Avg: 5115.4, Max: 5115.4, Diff: 0.0]
   [Code Root Fixup: 0.0 ms]
   [Code Root Migration: 0.3 ms]
   [Clear CT: 0.2 ms]
   [Other: 0.5 ms]
      [Choose CSet: 0.0 ms]
      [Ref Proc: 0.1 ms]
      [Ref Enq: 0.0 ms]
      [Free CSet: 0.2 ms]
   [Eden: 133.0M(133.0M)->0.0B(133.0M) Survivors: 20.0M->20.0M Heap: 200.1M(256.0M)->68.0M(256.0M)]
 [Times: user=0.03 sys=0.00, real=0.02 secs] 
2014-07-10T11:36:14.432+0200: 5.215: [GC pause (G1 Evacuation Pause) (young) 5.215: [G1Ergonomics (CSet Construction) start choosing CSet, _pending_cards: 512, predicted base time: 1.50 ms, remaining time: 198.50 ms, target pause time: 200.00 ms]
 5.215: [G1Ergonomics (CSet Construction) add young regions to CSet, eden: 133 regions, survivors: 20 regions, predicted young region time: 103.96 ms]
 5.215: [G1Ergonomics (CSet Construction) finish choosing CSet, eden: 133 regions, survivors: 20 regions, old: 0 regions, predicted pause time: 105.45 ms, target pause time: 200.00 ms]
 5.231: [G1Ergonomics (Heap Sizing) attempt heap expansion, reason: recent GC overhead higher than threshold after GC, recent GC overhead: 11.91 %, threshold: 10.00 %, uncommitted: 0 bytes, calculated expansion amount: 0 bytes (20.00 %)]
, 0.0162272 secs]
   [Parallel Time: 15.6 ms, GC Workers: 2]
      [GC Worker Start (ms): Min: 5214.7, Avg: 5214.7, Max: 5214.7, Diff: 0.0]
      [Ext Root Scanning (ms): Min: 0.4, Avg: 0.5, Max: 0.5, Diff: 0.1, Sum: 1.0]
      [Update RS (ms): Min: 0.0, Avg: 0.0, Max: 0.1, Diff: 0.1, Sum: 0.1]
         [Processed Buffers: Min: 0, Avg: 1.5, Max: 3, Diff: 3, Sum: 3]
      [Scan RS (ms): Min: 0.3, Avg: 0.3, Max: 0.4, Diff: 0.1, Sum: 0.7]
      [Code Root Scanning (ms): Min: 0.1, Avg: 0.1, Max: 0.1, Diff: 0.1, Sum: 0.2]
      [Object Copy (ms): Min: 14.3, Avg: 14.5, Max: 14.6, Diff: 0.2, Sum: 28.9]
      [Termination (ms): Min: 0.0, Avg: 0.1, Max: 0.2, Diff: 0.2, Sum: 0.2]
      [GC Worker Other (ms): Min: 0.0, Avg: 0.0, Max: 0.0, Diff: 0.0, Sum: 0.1]
      [GC Worker Total (ms): Min: 15.5, Avg: 15.6, Max: 15.6, Diff: 0.0, Sum: 31.1]
      [GC Worker End (ms): Min: 5230.2, Avg: 5230.3, Max: 5230.3, Diff: 0.0]
   [Code Root Fixup: 0.0 ms]
   [Code Root Migration: 0.0 ms]
   [Clear CT: 0.1 ms]
   [Other: 0.5 ms]
      [Choose CSet: 0.0 ms]
      [Ref Proc: 0.1 ms]
      [Ref Enq: 0.0 ms]
      [Free CSet: 0.2 ms]
   [Eden: 133.0M(133.0M)->0.0B(133.0M) Survivors: 20.0M->20.0M Heap: 201.0M(256.0M)->69.8M(256.0M)]
 [Times: user=0.03 sys=0.00, real=0.02 secs] 
2014-07-10T11:36:14.598+0200: 5.381: [GC pause (G1 Evacuation Pause) (young) 5.381: [G1Ergonomics (CSet Construction) start choosing CSet, _pending_cards: 258, predicted base time: 1.38 ms, remaining time: 198.62 ms, target pause time: 200.00 ms]
 5.381: [G1Ergonomics (CSet Construction) add young regions to CSet, eden: 133 regions, survivors: 20 regions, predicted young region time: 100.20 ms]
 5.381: [G1Ergonomics (CSet Construction) finish choosing CSet, eden: 133 regions, survivors: 20 regions, old: 0 regions, predicted pause time: 101.57 ms, target pause time: 200.00 ms]
 5.395: [G1Ergonomics (Heap Sizing) attempt heap expansion, reason: recent GC overhead higher than threshold after GC, recent GC overhead: 11.96 %, threshold: 10.00 %, uncommitted: 0 bytes, calculated expansion amount: 0 bytes (20.00 %)]
, 0.0142328 secs]
   [Parallel Time: 12.3 ms, GC Workers: 2]
      [GC Worker Start (ms): Min: 5380.8, Avg: 5380.8, Max: 5380.8, Diff: 0.0]
      [Ext Root Scanning (ms): Min: 0.6, Avg: 0.6, Max: 0.6, Diff: 0.0, Sum: 1.2]
      [Update RS (ms): Min: 0.1, Avg: 0.1, Max: 0.1, Diff: 0.0, Sum: 0.1]
         [Processed Buffers: Min: 1, Avg: 1.5, Max: 2, Diff: 1, Sum: 3]
      [Scan RS (ms): Min: 0.4, Avg: 0.4, Max: 0.4, Diff: 0.0, Sum: 0.8]
      [Code Root Scanning (ms): Min: 0.1, Avg: 0.1, Max: 0.1, Diff: 0.0, Sum: 0.3]
      [Object Copy (ms): Min: 11.0, Avg: 11.0, Max: 11.0, Diff: 0.0, Sum: 22.0]
      [Termination (ms): Min: 0.0, Avg: 0.0, Max: 0.0, Diff: 0.0, Sum: 0.0]
      [GC Worker Other (ms): Min: 0.0, Avg: 0.0, Max: 0.1, Diff: 0.0, Sum: 0.1]
      [GC Worker Total (ms): Min: 12.3, Avg: 12.3, Max: 12.3, Diff: 0.0, Sum: 24.5]
      [GC Worker End (ms): Min: 5393.0, Avg: 5393.0, Max: 5393.0, Diff: 0.0]
   [Code Root Fixup: 0.0 ms]
   [Code Root Migration: 0.3 ms]
   [Clear CT: 0.2 ms]
   [Other: 1.4 ms]
      [Choose CSet: 0.1 ms]
      [Ref Proc: 0.6 ms]
      [Ref Enq: 0.0 ms]
      [Free CSet: 0.5 ms]
   [Eden: 133.0M(133.0M)->0.0B(142.0M) Survivors: 20.0M->11.0M Heap: 202.8M(256.0M)->60.4M(256.0M)]
 [Times: user=0.03 sys=0.00, real=0.01 secs] 
2014-07-10T11:36:14.699+0200: 5.482: [GC pause (G1 Evacuation Pause) (young) 5.482: [G1Ergonomics (CSet Construction) start choosing CSet, _pending_cards: 512, predicted base time: 1.81 ms, remaining time: 198.19 ms, target pause time: 200.00 ms]
 5.482: [G1Ergonomics (CSet Construction) add young regions to CSet, eden: 142 regions, survivors: 11 regions, predicted young region time: 107.99 ms]
 5.482: [G1Ergonomics (CSet Construction) finish choosing CSet, eden: 142 regions, survivors: 11 regions, old: 0 regions, predicted pause time: 109.79 ms, target pause time: 200.00 ms]
 5.496: [G1Ergonomics (Heap Sizing) attempt heap expansion, reason: recent GC overhead higher than threshold after GC, recent GC overhead: 11.58 %, threshold: 10.00 %, uncommitted: 0 bytes, calculated expansion amount: 0 bytes (20.00 %)]
, 0.0141690 secs]
   [Parallel Time: 13.6 ms, GC Workers: 2]
      [GC Worker Start (ms): Min: 5481.8, Avg: 5481.8, Max: 5481.8, Diff: 0.0]
      [Ext Root Scanning (ms): Min: 0.3, Avg: 0.3, Max: 0.3, Diff: 0.0, Sum: 0.6]
      [Update RS (ms): Min: 0.0, Avg: 0.0, Max: 0.0, Diff: 0.0, Sum: 0.1]
         [Processed Buffers: Min: 1, Avg: 1.5, Max: 2, Diff: 1, Sum: 3]
      [Scan RS (ms): Min: 0.3, Avg: 0.3, Max: 0.3, Diff: 0.1, Sum: 0.6]
      [Code Root Scanning (ms): Min: 0.1, Avg: 0.1, Max: 0.1, Diff: 0.0, Sum: 0.2]
      [Object Copy (ms): Min: 12.7, Avg: 12.7, Max: 12.7, Diff: 0.0, Sum: 25.4]
      [Termination (ms): Min: 0.0, Avg: 0.0, Max: 0.0, Diff: 0.0, Sum: 0.0]
      [GC Worker Other (ms): Min: 0.0, Avg: 0.0, Max: 0.0, Diff: 0.0, Sum: 0.1]
      [GC Worker Total (ms): Min: 13.5, Avg: 13.5, Max: 13.5, Diff: 0.0, Sum: 27.0]
      [GC Worker End (ms): Min: 5495.3, Avg: 5495.3, Max: 5495.3, Diff: 0.0]
   [Code Root Fixup: 0.0 ms]
   [Code Root Migration: 0.0 ms]
   [Clear CT: 0.1 ms]
   [Other: 0.5 ms]
      [Choose CSet: 0.0 ms]
      [Ref Proc: 0.1 ms]
      [Ref Enq: 0.0 ms]
      [Free CSet: 0.2 ms]
   [Eden: 142.0M(142.0M)->0.0B(133.0M) Survivors: 11.0M->20.0M Heap: 202.4M(256.0M)->70.3M(256.0M)]
 [Times: user=0.03 sys=0.00, real=0.02 secs] 
2014-07-10T11:36:14.833+0200: 5.615: [GC pause (G1 Evacuation Pause) (young) 5.615: [G1Ergonomics (CSet Construction) start choosing CSet, _pending_cards: 512, predicted base time: 1.60 ms, remaining time: 198.40 ms, target pause time: 200.00 ms]
 5.615: [G1Ergonomics (CSet Construction) add young regions to CSet, eden: 133 regions, survivors: 20 regions, predicted young region time: 107.91 ms]
 5.615: [G1Ergonomics (CSet Construction) finish choosing CSet, eden: 133 regions, survivors: 20 regions, old: 0 regions, predicted pause time: 109.51 ms, target pause time: 200.00 ms]
 5.630: [G1Ergonomics (Heap Sizing) attempt heap expansion, reason: recent GC overhead higher than threshold after GC, recent GC overhead: 11.93 %, threshold: 10.00 %, uncommitted: 0 bytes, calculated expansion amount: 0 bytes (20.00 %)]
, 0.0154049 secs]
   [Parallel Time: 14.5 ms, GC Workers: 2]
      [GC Worker Start (ms): Min: 5615.4, Avg: 5615.5, Max: 5615.7, Diff: 0.4]
      [Ext Root Scanning (ms): Min: 0.3, Avg: 0.4, Max: 0.5, Diff: 0.2, Sum: 0.8]
      [Update RS (ms): Min: 0.0, Avg: 0.0, Max: 0.1, Diff: 0.1, Sum: 0.1]
         [Processed Buffers: Min: 0, Avg: 1.5, Max: 3, Diff: 3, Sum: 3]
      [Scan RS (ms): Min: 0.2, Avg: 0.2, Max: 0.2, Diff: 0.0, Sum: 0.5]
      [Code Root Scanning (ms): Min: 0.1, Avg: 0.1, Max: 0.1, Diff: 0.0, Sum: 0.2]
      [Object Copy (ms): Min: 13.4, Avg: 13.5, Max: 13.5, Diff: 0.0, Sum: 26.9]
      [Termination (ms): Min: 0.0, Avg: 0.0, Max: 0.0, Diff: 0.0, Sum: 0.0]
      [GC Worker Other (ms): Min: 0.0, Avg: 0.0, Max: 0.0, Diff: 0.0, Sum: 0.1]
      [GC Worker Total (ms): Min: 14.1, Avg: 14.3, Max: 14.4, Diff: 0.4, Sum: 28.5]
      [GC Worker End (ms): Min: 5629.8, Avg: 5629.8, Max: 5629.8, Diff: 0.0]
   [Code Root Fixup: 0.0 ms]
   [Code Root Migration: 0.0 ms]
   [Clear CT: 0.1 ms]
   [Other: 0.8 ms]
      [Choose CSet: 0.0 ms]
      [Ref Proc: 0.1 ms]
      [Ref Enq: 0.0 ms]
      [Free CSet: 0.2 ms]
   [Eden: 133.0M(133.0M)->0.0B(133.0M) Survivors: 20.0M->20.0M Heap: 203.3M(256.0M)->71.6M(256.0M)]
 [Times: user=0.03 sys=0.00, real=0.02 secs] 
2014-07-10T11:36:14.996+0200: 5.778: [GC pause (G1 Evacuation Pause) (young) 5.778: [G1Ergonomics (CSet Construction) start choosing CSet, _pending_cards: 257, predicted base time: 1.54 ms, remaining time: 198.46 ms, target pause time: 200.00 ms]
 5.778: [G1Ergonomics (CSet Construction) add young regions to CSet, eden: 133 regions, survivors: 20 regions, predicted young region time: 27.00 ms]
 5.778: [G1Ergonomics (CSet Construction) finish choosing CSet, eden: 133 regions, survivors: 20 regions, old: 0 regions, predicted pause time: 28.55 ms, target pause time: 200.00 ms]
 5.788: [G1Ergonomics (Heap Sizing) attempt heap expansion, reason: recent GC overhead higher than threshold after GC, recent GC overhead: 11.97 %, threshold: 10.00 %, uncommitted: 0 bytes, calculated expansion amount: 0 bytes (20.00 %)]
, 0.0099847 secs]
   [Parallel Time: 9.3 ms, GC Workers: 2]
      [GC Worker Start (ms): Min: 5778.2, Avg: 5778.2, Max: 5778.2, Diff: 0.0]
      [Ext Root Scanning (ms): Min: 0.3, Avg: 0.3, Max: 0.3, Diff: 0.0, Sum: 0.7]
      [Update RS (ms): Min: 0.0, Avg: 0.0, Max: 0.0, Diff: 0.0, Sum: 0.1]
         [Processed Buffers: Min: 1, Avg: 1.5, Max: 2, Diff: 1, Sum: 3]
      [Scan RS (ms): Min: 0.2, Avg: 0.2, Max: 0.2, Diff: 0.0, Sum: 0.5]
      [Code Root Scanning (ms): Min: 0.1, Avg: 0.1, Max: 0.1, Diff: 0.0, Sum: 0.2]
      [Object Copy (ms): Min: 8.5, Avg: 8.5, Max: 8.5, Diff: 0.0, Sum: 17.0]
      [Termination (ms): Min: 0.0, Avg: 0.0, Max: 0.0, Diff: 0.0, Sum: 0.0]
      [GC Worker Other (ms): Min: 0.0, Avg: 0.0, Max: 0.0, Diff: 0.0, Sum: 0.1]
      [GC Worker Total (ms): Min: 9.3, Avg: 9.3, Max: 9.3, Diff: 0.0, Sum: 18.5]
      [GC Worker End (ms): Min: 5787.5, Avg: 5787.5, Max: 5787.5, Diff: 0.0]
   [Code Root Fixup: 0.0 ms]
   [Code Root Migration: 0.0 ms]
   [Clear CT: 0.1 ms]
   [Other: 0.5 ms]
      [Choose CSet: 0.0 ms]
      [Ref Proc: 0.1 ms]
      [Ref Enq: 0.0 ms]
      [Free CSet: 0.2 ms]
   [Eden: 133.0M(133.0M)->0.0B(138.0M) Survivors: 20.0M->15.0M Heap: 204.6M(256.0M)->65.7M(256.0M)]
 [Times: user=0.00 sys=0.00, real=0.01 secs] 
2014-07-10T11:36:15.100+0200: 5.883: [GC pause (G1 Evacuation Pause) (young) 5.883: [G1Ergonomics (CSet Construction) start choosing CSet, _pending_cards: 512, predicted base time: 1.44 ms, remaining time: 198.56 ms, target pause time: 200.00 ms]
 5.883: [G1Ergonomics (CSet Construction) add young regions to CSet, eden: 138 regions, survivors: 15 regions, predicted young region time: 100.08 ms]
 5.883: [G1Ergonomics (CSet Construction) finish choosing CSet, eden: 138 regions, survivors: 15 regions, old: 0 regions, predicted pause time: 101.52 ms, target pause time: 200.00 ms]
 5.897: [G1Ergonomics (Heap Sizing) attempt heap expansion, reason: recent GC overhead higher than threshold after GC, recent GC overhead: 11.67 %, threshold: 10.00 %, uncommitted: 0 bytes, calculated expansion amount: 0 bytes (20.00 %)]
, 0.0143186 secs]
   [Parallel Time: 13.2 ms, GC Workers: 2]
      [GC Worker Start (ms): Min: 5882.6, Avg: 5882.7, Max: 5882.7, Diff: 0.0]
      [Ext Root Scanning (ms): Min: 0.4, Avg: 0.4, Max: 0.5, Diff: 0.1, Sum: 0.9]
      [Update RS (ms): Min: 0.0, Avg: 0.0, Max: 0.1, Diff: 0.0, Sum: 0.1]
         [Processed Buffers: Min: 1, Avg: 1.5, Max: 2, Diff: 1, Sum: 3]
      [Scan RS (ms): Min: 0.2, Avg: 0.2, Max: 0.2, Diff: 0.0, Sum: 0.4]
      [Code Root Scanning (ms): Min: 0.1, Avg: 0.1, Max: 0.1, Diff: 0.0, Sum: 0.2]
      [Object Copy (ms): Min: 12.4, Avg: 12.4, Max: 12.4, Diff: 0.0, Sum: 24.8]
      [Termination (ms): Min: 0.0, Avg: 0.0, Max: 0.0, Diff: 0.0, Sum: 0.0]
      [GC Worker Other (ms): Min: 0.0, Avg: 0.0, Max: 0.0, Diff: 0.0, Sum: 0.1]
      [GC Worker Total (ms): Min: 13.2, Avg: 13.2, Max: 13.2, Diff: 0.0, Sum: 26.4]
      [GC Worker End (ms): Min: 5895.9, Avg: 5895.9, Max: 5895.9, Diff: 0.0]
   [Code Root Fixup: 0.0 ms]
   [Code Root Migration: 0.0 ms]
   [Clear CT: 0.1 ms]
   [Other: 0.9 ms]
      [Choose CSet: 0.0 ms]
      [Ref Proc: 0.6 ms]
      [Ref Enq: 0.0 ms]
      [Free CSet: 0.2 ms]
   [Eden: 138.0M(138.0M)->0.0B(133.0M) Survivors: 15.0M->20.0M Heap: 203.7M(256.0M)->71.6M(256.0M)]
 [Times: user=0.00 sys=0.00, real=0.02 secs] 
2014-07-10T11:36:15.259+0200: 6.042: [GC pause (G1 Evacuation Pause) (young) 6.042: [G1Ergonomics (CSet Construction) start choosing CSet, _pending_cards: 256, predicted base time: 1.44 ms, remaining time: 198.56 ms, target pause time: 200.00 ms]
 6.042: [G1Ergonomics (CSet Construction) add young regions to CSet, eden: 133 regions, survivors: 20 regions, predicted young region time: 38.64 ms]
 6.042: [G1Ergonomics (CSet Construction) finish choosing CSet, eden: 133 regions, survivors: 20 regions, old: 0 regions, predicted pause time: 40.08 ms, target pause time: 200.00 ms]
 6.057: [G1Ergonomics (Heap Sizing) attempt heap expansion, reason: recent GC overhead higher than threshold after GC, recent GC overhead: 11.39 %, threshold: 10.00 %, uncommitted: 0 bytes, calculated expansion amount: 0 bytes (20.00 %)]
, 0.0153246 secs]
   [Parallel Time: 14.5 ms, GC Workers: 2]
      [GC Worker Start (ms): Min: 6041.8, Avg: 6041.8, Max: 6041.8, Diff: 0.0]
      [Ext Root Scanning (ms): Min: 0.3, Avg: 0.3, Max: 0.3, Diff: 0.0, Sum: 0.6]
      [Update RS (ms): Min: 0.0, Avg: 0.0, Max: 0.1, Diff: 0.0, Sum: 0.1]
         [Processed Buffers: Min: 1, Avg: 1.0, Max: 1, Diff: 0, Sum: 2]
      [Scan RS (ms): Min: 0.2, Avg: 0.2, Max: 0.3, Diff: 0.0, Sum: 0.5]
      [Code Root Scanning (ms): Min: 0.1, Avg: 0.1, Max: 0.1, Diff: 0.0, Sum: 0.2]
      [Object Copy (ms): Min: 13.7, Avg: 13.7, Max: 13.7, Diff: 0.0, Sum: 27.4]
      [Termination (ms): Min: 0.0, Avg: 0.0, Max: 0.0, Diff: 0.0, Sum: 0.0]
      [GC Worker Other (ms): Min: 0.0, Avg: 0.0, Max: 0.0, Diff: 0.0, Sum: 0.1]
      [GC Worker Total (ms): Min: 14.4, Avg: 14.5, Max: 14.5, Diff: 0.0, Sum: 28.9]
      [GC Worker End (ms): Min: 6056.3, Avg: 6056.3, Max: 6056.3, Diff: 0.0]
   [Code Root Fixup: 0.0 ms]
   [Code Root Migration: 0.0 ms]
   [Clear CT: 0.1 ms]
   [Other: 0.7 ms]
      [Choose CSet: 0.0 ms]
      [Ref Proc: 0.2 ms]
      [Ref Enq: 0.0 ms]
      [Free CSet: 0.2 ms]
   [Eden: 133.0M(133.0M)->0.0B(133.0M) Survivors: 20.0M->20.0M Heap: 204.6M(256.0M)->72.5M(256.0M)]
 [Times: user=0.02 sys=0.00, real=0.02 secs] 
2014-07-10T11:36:15.400+0200: 6.183: [GC pause (G1 Evacuation Pause) (young) 6.183: [G1Ergonomics (CSet Construction) start choosing CSet, _pending_cards: 256, predicted base time: 1.35 ms, remaining time: 198.65 ms, target pause time: 200.00 ms]
 6.183: [G1Ergonomics (CSet Construction) add young regions to CSet, eden: 133 regions, survivors: 20 regions, predicted young region time: 91.55 ms]
 6.183: [G1Ergonomics (CSet Construction) finish choosing CSet, eden: 133 regions, survivors: 20 regions, old: 0 regions, predicted pause time: 92.90 ms, target pause time: 200.00 ms]
 6.197: [G1Ergonomics (Heap Sizing) attempt heap expansion, reason: recent GC overhead higher than threshold after GC, recent GC overhead: 10.73 %, threshold: 10.00 %, uncommitted: 0 bytes, calculated expansion amount: 0 bytes (20.00 %)]
, 0.0149492 secs]
   [Parallel Time: 14.3 ms, GC Workers: 2]
      [GC Worker Start (ms): Min: 6182.6, Avg: 6182.6, Max: 6182.6, Diff: 0.0]
      [Ext Root Scanning (ms): Min: 0.3, Avg: 0.3, Max: 0.3, Diff: 0.0, Sum: 0.5]
      [Update RS (ms): Min: 0.0, Avg: 0.0, Max: 0.0, Diff: 0.0, Sum: 0.1]
         [Processed Buffers: Min: 1, Avg: 1.0, Max: 1, Diff: 0, Sum: 2]
      [Scan RS (ms): Min: 0.2, Avg: 0.2, Max: 0.3, Diff: 0.1, Sum: 0.5]
      [Code Root Scanning (ms): Min: 0.1, Avg: 0.2, Max: 0.2, Diff: 0.1, Sum: 0.3]
      [Object Copy (ms): Min: 13.5, Avg: 13.5, Max: 13.6, Diff: 0.0, Sum: 27.1]
      [Termination (ms): Min: 0.0, Avg: 0.0, Max: 0.1, Diff: 0.0, Sum: 0.1]
      [GC Worker Other (ms): Min: 0.0, Avg: 0.0, Max: 0.0, Diff: 0.0, Sum: 0.0]
      [GC Worker Total (ms): Min: 14.3, Avg: 14.3, Max: 14.3, Diff: 0.0, Sum: 28.6]
      [GC Worker End (ms): Min: 6196.9, Avg: 6196.9, Max: 6196.9, Diff: 0.0]
   [Code Root Fixup: 0.0 ms]
   [Code Root Migration: 0.0 ms]
   [Clear CT: 0.1 ms]
   [Other: 0.5 ms]
      [Choose CSet: 0.0 ms]
      [Ref Proc: 0.1 ms]
      [Ref Enq: 0.0 ms]
      [Free CSet: 0.2 ms]
   [Eden: 133.0M(133.0M)->0.0B(133.0M) Survivors: 20.0M->20.0M Heap: 205.5M(256.0M)->74.2M(256.0M)]
 [Times: user=0.03 sys=0.00, real=0.01 secs] 
2014-07-10T11:36:15.492+0200: 6.275: [GC pause (G1 Evacuation Pause) (young) 6.275: [G1Ergonomics (CSet Construction) start choosing CSet, _pending_cards: 260, predicted base time: 1.24 ms, remaining time: 198.76 ms, target pause time: 200.00 ms]
 6.275: [G1Ergonomics (CSet Construction) add young regions to CSet, eden: 133 regions, survivors: 20 regions, predicted young region time: 89.17 ms]
 6.275: [G1Ergonomics (CSet Construction) finish choosing CSet, eden: 133 regions, survivors: 20 regions, old: 0 regions, predicted pause time: 90.42 ms, target pause time: 200.00 ms]
 6.280: [G1Ergonomics (Heap Sizing) attempt heap expansion, reason: recent GC overhead higher than threshold after GC, recent GC overhead: 11.08 %, threshold: 10.00 %, uncommitted: 0 bytes, calculated expansion amount: 0 bytes (20.00 %)]
, 0.0051661 secs]
   [Parallel Time: 4.4 ms, GC Workers: 2]
      [GC Worker Start (ms): Min: 6274.6, Avg: 6274.6, Max: 6274.6, Diff: 0.0]
      [Ext Root Scanning (ms): Min: 0.3, Avg: 0.3, Max: 0.4, Diff: 0.1, Sum: 0.7]
      [Update RS (ms): Min: 0.0, Avg: 0.1, Max: 0.1, Diff: 0.0, Sum: 0.1]
         [Processed Buffers: Min: 1, Avg: 1.5, Max: 2, Diff: 1, Sum: 3]
      [Scan RS (ms): Min: 0.2, Avg: 0.2, Max: 0.2, Diff: 0.0, Sum: 0.4]
      [Code Root Scanning (ms): Min: 0.1, Avg: 0.1, Max: 0.1, Diff: 0.0, Sum: 0.2]
      [Object Copy (ms): Min: 3.6, Avg: 3.6, Max: 3.6, Diff: 0.0, Sum: 7.2]
      [Termination (ms): Min: 0.0, Avg: 0.0, Max: 0.1, Diff: 0.0, Sum: 0.1]
      [GC Worker Other (ms): Min: 0.0, Avg: 0.0, Max: 0.0, Diff: 0.0, Sum: 0.1]
      [GC Worker Total (ms): Min: 4.4, Avg: 4.4, Max: 4.4, Diff: 0.0, Sum: 8.7]
      [GC Worker End (ms): Min: 6279.0, Avg: 6279.0, Max: 6279.0, Diff: 0.0]
   [Code Root Fixup: 0.0 ms]
   [Code Root Migration: 0.0 ms]
   [Clear CT: 0.1 ms]
   [Other: 0.6 ms]
      [Choose CSet: 0.0 ms]
      [Ref Proc: 0.2 ms]
      [Ref Enq: 0.0 ms]
      [Free CSet: 0.2 ms]
   [Eden: 133.0M(133.0M)->0.0B(147.0M) Survivors: 20.0M->6144.0K Heap: 207.2M(256.0M)->59.7M(256.0M)]
 [Times: user=0.00 sys=0.00, real=0.00 secs] 
2014-07-10T11:36:15.629+0200: 6.412: [GC pause (G1 Evacuation Pause) (young) 6.412: [G1Ergonomics (CSet Construction) start choosing CSet, _pending_cards: 512, predicted base time: 1.24 ms, remaining time: 198.76 ms, target pause time: 200.00 ms]
 6.412: [G1Ergonomics (CSet Construction) add young regions to CSet, eden: 147 regions, survivors: 6 regions, predicted young region time: 69.65 ms]
 6.412: [G1Ergonomics (CSet Construction) finish choosing CSet, eden: 147 regions, survivors: 6 regions, old: 0 regions, predicted pause time: 70.90 ms, target pause time: 200.00 ms]
 6.426: [G1Ergonomics (Heap Sizing) attempt heap expansion, reason: recent GC overhead higher than threshold after GC, recent GC overhead: 10.62 %, threshold: 10.00 %, uncommitted: 0 bytes, calculated expansion amount: 0 bytes (20.00 %)]
, 0.0139721 secs]
   [Parallel Time: 13.3 ms, GC Workers: 2]
      [GC Worker Start (ms): Min: 6411.9, Avg: 6411.9, Max: 6411.9, Diff: 0.0]
      [Ext Root Scanning (ms): Min: 0.3, Avg: 0.3, Max: 0.3, Diff: 0.0, Sum: 0.7]
      [Update RS (ms): Min: 0.0, Avg: 0.1, Max: 0.1, Diff: 0.0, Sum: 0.1]
         [Processed Buffers: Min: 1, Avg: 1.5, Max: 2, Diff: 1, Sum: 3]
      [Scan RS (ms): Min: 0.2, Avg: 0.2, Max: 0.2, Diff: 0.0, Sum: 0.5]
      [Code Root Scanning (ms): Min: 0.1, Avg: 0.1, Max: 0.1, Diff: 0.0, Sum: 0.2]
      [Object Copy (ms): Min: 12.5, Avg: 12.5, Max: 12.6, Diff: 0.0, Sum: 25.1]
      [Termination (ms): Min: 0.0, Avg: 0.0, Max: 0.0, Diff: 0.0, Sum: 0.0]
      [GC Worker Other (ms): Min: 0.0, Avg: 0.0, Max: 0.0, Diff: 0.0, Sum: 0.1]
      [GC Worker Total (ms): Min: 13.3, Avg: 13.3, Max: 13.3, Diff: 0.0, Sum: 26.6]
      [GC Worker End (ms): Min: 6425.2, Avg: 6425.2, Max: 6425.2, Diff: 0.0]
   [Code Root Fixup: 0.0 ms]
   [Code Root Migration: 0.0 ms]
   [Clear CT: 0.1 ms]
   [Other: 0.5 ms]
      [Choose CSet: 0.0 ms]
      [Ref Proc: 0.1 ms]
      [Ref Enq: 0.0 ms]
      [Free CSet: 0.2 ms]
   [Eden: 147.0M(147.0M)->0.0B(133.0M) Survivors: 6144.0K->20.0M Heap: 206.7M(256.0M)->74.6M(256.0M)]
 [Times: user=0.03 sys=0.00, real=0.02 secs] 
2014-07-10T11:36:15.807+0200: 6.589: [GC pause (G1 Evacuation Pause) (young) 6.590: [G1Ergonomics (CSet Construction) start choosing CSet, _pending_cards: 512, predicted base time: 1.17 ms, remaining time: 198.83 ms, target pause time: 200.00 ms]
 6.590: [G1Ergonomics (CSet Construction) add young regions to CSet, eden: 133 regions, survivors: 20 regions, predicted young region time: 86.74 ms]
 6.590: [G1Ergonomics (CSet Construction) finish choosing CSet, eden: 133 regions, survivors: 20 regions, old: 0 regions, predicted pause time: 87.91 ms, target pause time: 200.00 ms]
 6.607: [G1Ergonomics (Heap Sizing) attempt heap expansion, reason: recent GC overhead higher than threshold after GC, recent GC overhead: 10.17 %, threshold: 10.00 %, uncommitted: 0 bytes, calculated expansion amount: 0 bytes (20.00 %)]
, 0.0179463 secs]
   [Parallel Time: 17.1 ms, GC Workers: 2]
      [GC Worker Start (ms): Min: 6589.7, Avg: 6589.7, Max: 6589.7, Diff: 0.0]
      [Ext Root Scanning (ms): Min: 0.6, Avg: 0.6, Max: 0.6, Diff: 0.0, Sum: 1.2]
      [Update RS (ms): Min: 0.1, Avg: 0.1, Max: 0.1, Diff: 0.0, Sum: 0.2]
         [Processed Buffers: Min: 1, Avg: 1.5, Max: 2, Diff: 1, Sum: 3]
      [Scan RS (ms): Min: 0.4, Avg: 0.4, Max: 0.4, Diff: 0.0, Sum: 0.8]
      [Code Root Scanning (ms): Min: 0.1, Avg: 0.1, Max: 0.1, Diff: 0.0, Sum: 0.3]
      [Object Copy (ms): Min: 15.8, Avg: 15.8, Max: 15.8, Diff: 0.0, Sum: 31.6]
      [Termination (ms): Min: 0.0, Avg: 0.0, Max: 0.0, Diff: 0.0, Sum: 0.0]
      [GC Worker Other (ms): Min: 0.0, Avg: 0.0, Max: 0.0, Diff: 0.0, Sum: 0.1]
      [GC Worker Total (ms): Min: 17.1, Avg: 17.1, Max: 17.1, Diff: 0.0, Sum: 34.1]
      [GC Worker End (ms): Min: 6606.8, Avg: 6606.8, Max: 6606.8, Diff: 0.0]
   [Code Root Fixup: 0.0 ms]
   [Code Root Migration: 0.0 ms]
   [Clear CT: 0.2 ms]
   [Other: 0.6 ms]
      [Choose CSet: 0.1 ms]
      [Ref Proc: 0.1 ms]
      [Ref Enq: 0.0 ms]
      [Free CSet: 0.3 ms]
   [Eden: 133.0M(133.0M)->0.0B(133.0M) Survivors: 20.0M->20.0M Heap: 207.6M(256.0M)->75.8M(256.0M)]
 [Times: user=0.02 sys=0.00, real=0.02 secs] 
2014-07-10T11:36:15.900+0200: 6.683: [GC pause (G1 Evacuation Pause) (young) 6.683: [G1Ergonomics (CSet Construction) start choosing CSet, _pending_cards: 514, predicted base time: 1.26 ms, remaining time: 198.74 ms, target pause time: 200.00 ms]
 6.683: [G1Ergonomics (CSet Construction) add young regions to CSet, eden: 133 regions, survivors: 20 regions, predicted young region time: 90.67 ms]
 6.683: [G1Ergonomics (CSet Construction) finish choosing CSet, eden: 133 regions, survivors: 20 regions, old: 0 regions, predicted pause time: 91.93 ms, target pause time: 200.00 ms]
, 0.0102043 secs]
   [Parallel Time: 9.6 ms, GC Workers: 2]
      [GC Worker Start (ms): Min: 6683.0, Avg: 6683.1, Max: 6683.1, Diff: 0.0]
      [Ext Root Scanning (ms): Min: 0.4, Avg: 0.4, Max: 0.5, Diff: 0.1, Sum: 0.8]
      [Update RS (ms): Min: 0.0, Avg: 0.1, Max: 0.1, Diff: 0.1, Sum: 0.1]
         [Processed Buffers: Min: 2, Avg: 2.0, Max: 2, Diff: 0, Sum: 4]
      [Scan RS (ms): Min: 0.2, Avg: 0.2, Max: 0.2, Diff: 0.0, Sum: 0.4]
      [Code Root Scanning (ms): Min: 0.1, Avg: 0.1, Max: 0.1, Diff: 0.0, Sum: 0.2]
      [Object Copy (ms): Min: 8.8, Avg: 8.8, Max: 8.8, Diff: 0.0, Sum: 17.5]
      [Termination (ms): Min: 0.0, Avg: 0.0, Max: 0.0, Diff: 0.0, Sum: 0.0]
      [GC Worker Other (ms): Min: 0.0, Avg: 0.0, Max: 0.0, Diff: 0.0, Sum: 0.1]
      [GC Worker Total (ms): Min: 9.6, Avg: 9.6, Max: 9.6, Diff: 0.0, Sum: 19.2]
      [GC Worker End (ms): Min: 6692.7, Avg: 6692.7, Max: 6692.7, Diff: 0.0]
   [Code Root Fixup: 0.0 ms]
   [Code Root Migration: 0.0 ms]
   [Clear CT: 0.1 ms]
   [Other: 0.4 ms]
      [Choose CSet: 0.1 ms]
      [Ref Proc: 0.1 ms]
      [Ref Enq: 0.0 ms]
      [Free CSet: 0.2 ms]
   [Eden: 133.0M(133.0M)->0.0B(138.0M) Survivors: 20.0M->15.0M Heap: 208.8M(256.0M)->69.9M(256.0M)]
 [Times: user=0.00 sys=0.00, real=0.01 secs] 
2014-07-10T11:36:16.035+0200: 6.818: [GC pause (G1 Evacuation Pause) (young) 6.818: [G1Ergonomics (CSet Construction) start choosing CSet, _pending_cards: 512, predicted base time: 1.18 ms, remaining time: 198.82 ms, target pause time: 200.00 ms]
 6.818: [G1Ergonomics (CSet Construction) add young regions to CSet, eden: 138 regions, survivors: 15 regions, predicted young region time: 92.09 ms]
 6.818: [G1Ergonomics (CSet Construction) finish choosing CSet, eden: 138 regions, survivors: 15 regions, old: 0 regions, predicted pause time: 93.27 ms, target pause time: 200.00 ms]
 6.832: [G1Ergonomics (Heap Sizing) attempt heap expansion, reason: recent GC overhead higher than threshold after GC, recent GC overhead: 10.08 %, threshold: 10.00 %, uncommitted: 0 bytes, calculated expansion amount: 0 bytes (20.00 %)]
, 0.0140256 secs]
   [Parallel Time: 13.3 ms, GC Workers: 2]
      [GC Worker Start (ms): Min: 6818.1, Avg: 6818.1, Max: 6818.1, Diff: 0.0]
      [Ext Root Scanning (ms): Min: 0.3, Avg: 0.3, Max: 0.3, Diff: 0.0, Sum: 0.7]
      [Update RS (ms): Min: 0.0, Avg: 0.0, Max: 0.1, Diff: 0.0, Sum: 0.1]
         [Processed Buffers: Min: 1, Avg: 1.5, Max: 2, Diff: 1, Sum: 3]
      [Scan RS (ms): Min: 0.2, Avg: 0.2, Max: 0.2, Diff: 0.0, Sum: 0.5]
      [Code Root Scanning (ms): Min: 0.1, Avg: 0.1, Max: 0.1, Diff: 0.0, Sum: 0.2]
      [Object Copy (ms): Min: 12.5, Avg: 12.5, Max: 12.5, Diff: 0.0, Sum: 25.0]
      [Termination (ms): Min: 0.0, Avg: 0.0, Max: 0.0, Diff: 0.0, Sum: 0.0]
      [GC Worker Other (ms): Min: 0.0, Avg: 0.0, Max: 0.0, Diff: 0.0, Sum: 0.1]
      [GC Worker Total (ms): Min: 13.2, Avg: 13.2, Max: 13.2, Diff: 0.0, Sum: 26.5]
      [GC Worker End (ms): Min: 6831.3, Avg: 6831.3, Max: 6831.3, Diff: 0.0]
   [Code Root Fixup: 0.0 ms]
   [Code Root Migration: 0.0 ms]
   [Clear CT: 0.2 ms]
   [Other: 0.5 ms]
      [Choose CSet: 0.0 ms]
      [Ref Proc: 0.1 ms]
      [Ref Enq: 0.0 ms]
      [Free CSet: 0.2 ms]
   [Eden: 138.0M(138.0M)->0.0B(133.0M) Survivors: 15.0M->20.0M Heap: 207.9M(256.0M)->75.7M(256.0M)]
 [Times: user=0.00 sys=0.02, real=0.01 secs] 
2014-07-10T11:36:16.208+0200: 6.990: [GC pause (G1 Evacuation Pause) (young) 6.991: [G1Ergonomics (CSet Construction) start choosing CSet, _pending_cards: 512, predicted base time: 1.15 ms, remaining time: 198.85 ms, target pause time: 200.00 ms]
 6.991: [G1Ergonomics (CSet Construction) add young regions to CSet, eden: 133 regions, survivors: 20 regions, predicted young region time: 26.44 ms]
 6.991: [G1Ergonomics (CSet Construction) finish choosing CSet, eden: 133 regions, survivors: 20 regions, old: 0 regions, predicted pause time: 27.59 ms, target pause time: 200.00 ms]
, 0.0241947 secs]
   [Parallel Time: 22.8 ms, GC Workers: 2]
      [GC Worker Start (ms): Min: 6990.7, Avg: 6990.7, Max: 6990.7, Diff: 0.0]
      [Ext Root Scanning (ms): Min: 0.6, Avg: 0.6, Max: 0.6, Diff: 0.0, Sum: 1.3]
      [Update RS (ms): Min: 0.1, Avg: 0.1, Max: 0.1, Diff: 0.0, Sum: 0.2]
         [Processed Buffers: Min: 1, Avg: 1.5, Max: 2, Diff: 1, Sum: 3]
      [Scan RS (ms): Min: 0.4, Avg: 0.4, Max: 0.5, Diff: 0.0, Sum: 0.9]
      [Code Root Scanning (ms): Min: 0.1, Avg: 0.2, Max: 0.2, Diff: 0.0, Sum: 0.3]
      [Object Copy (ms): Min: 21.4, Avg: 21.4, Max: 21.4, Diff: 0.0, Sum: 42.9]
      [Termination (ms): Min: 0.0, Avg: 0.0, Max: 0.0, Diff: 0.0, Sum: 0.0]
      [GC Worker Other (ms): Min: 0.1, Avg: 0.1, Max: 0.1, Diff: 0.0, Sum: 0.1]
      [GC Worker Total (ms): Min: 22.8, Avg: 22.8, Max: 22.8, Diff: 0.0, Sum: 45.6]
      [GC Worker End (ms): Min: 7013.5, Avg: 7013.5, Max: 7013.5, Diff: 0.0]
   [Code Root Fixup: 0.0 ms]
   [Code Root Migration: 0.1 ms]
   [Clear CT: 0.2 ms]
   [Other: 1.0 ms]
      [Choose CSet: 0.1 ms]
      [Ref Proc: 0.3 ms]
      [Ref Enq: 0.0 ms]
      [Free CSet: 0.4 ms]
   [Eden: 133.0M(133.0M)->0.0B(132.0M) Survivors: 20.0M->20.0M Heap: 208.7M(256.0M)->76.6M(256.0M)]
 [Times: user=0.03 sys=0.00, real=0.03 secs] 
2014-07-10T11:36:16.302+0200: 7.084: [GC pause (G1 Evacuation Pause) (young) 7.084: [G1Ergonomics (CSet Construction) start choosing CSet, _pending_cards: 512, predicted base time: 1.41 ms, remaining time: 198.59 ms, target pause time: 200.00 ms]
 7.084: [G1Ergonomics (CSet Construction) add young regions to CSet, eden: 132 regions, survivors: 20 regions, predicted young region time: 108.08 ms]
 7.085: [G1Ergonomics (CSet Construction) finish choosing CSet, eden: 132 regions, survivors: 20 regions, old: 0 regions, predicted pause time: 109.48 ms, target pause time: 200.00 ms]
 7.099: [G1Ergonomics (Heap Sizing) attempt heap expansion, reason: recent GC overhead higher than threshold after GC, recent GC overhead: 10.07 %, threshold: 10.00 %, uncommitted: 0 bytes, calculated expansion amount: 0 bytes (20.00 %)]
, 0.0142742 secs]
   [Parallel Time: 13.4 ms, GC Workers: 2]
      [GC Worker Start (ms): Min: 7084.5, Avg: 7084.6, Max: 7084.7, Diff: 0.1]
      [Ext Root Scanning (ms): Min: 0.3, Avg: 0.3, Max: 0.4, Diff: 0.1, Sum: 0.6]
      [Update RS (ms): Min: 0.0, Avg: 0.1, Max: 0.1, Diff: 0.0, Sum: 0.1]
         [Processed Buffers: Min: 1, Avg: 1.5, Max: 2, Diff: 1, Sum: 3]
      [Scan RS (ms): Min: 0.2, Avg: 0.2, Max: 0.2, Diff: 0.0, Sum: 0.5]
      [Code Root Scanning (ms): Min: 0.1, Avg: 0.1, Max: 0.1, Diff: 0.0, Sum: 0.2]
      [Object Copy (ms): Min: 12.5, Avg: 12.5, Max: 12.5, Diff: 0.0, Sum: 25.0]
      [Termination (ms): Min: 0.0, Avg: 0.0, Max: 0.0, Diff: 0.0, Sum: 0.0]
      [GC Worker Other (ms): Min: 0.0, Avg: 0.0, Max: 0.0, Diff: 0.0, Sum: 0.1]
      [GC Worker Total (ms): Min: 13.2, Avg: 13.3, Max: 13.3, Diff: 0.1, Sum: 26.5]
      [GC Worker End (ms): Min: 7097.9, Avg: 7097.9, Max: 7097.9, Diff: 0.0]
   [Code Root Fixup: 0.0 ms]
   [Code Root Migration: 0.0 ms]
   [Clear CT: 0.4 ms]
   [Other: 0.5 ms]
      [Choose CSet: 0.0 ms]
      [Ref Proc: 0.1 ms]
      [Ref Enq: 0.0 ms]
      [Free CSet: 0.2 ms]
   [Eden: 132.0M(132.0M)->0.0B(131.0M) Survivors: 20.0M->19.0M Heap: 208.6M(256.0M)->77.3M(256.0M)]
 [Times: user=0.00 sys=0.00, real=0.01 secs] 
2014-07-10T11:36:16.458+0200: 7.240: [GC pause (G1 Evacuation Pause) (young) 7.240: [G1Ergonomics (CSet Construction) start choosing CSet, _pending_cards: 512, predicted base time: 1.37 ms, remaining time: 198.63 ms, target pause time: 200.00 ms]
 7.241: [G1Ergonomics (CSet Construction) add young regions to CSet, eden: 131 regions, survivors: 19 regions, predicted young region time: 36.20 ms]
 7.241: [G1Ergonomics (CSet Construction) finish choosing CSet, eden: 131 regions, survivors: 19 regions, old: 0 regions, predicted pause time: 37.57 ms, target pause time: 200.00 ms]
 7.254: [G1Ergonomics (Heap Sizing) attempt heap expansion, reason: recent GC overhead higher than threshold after GC, recent GC overhead: 10.97 %, threshold: 10.00 %, uncommitted: 0 bytes, calculated expansion amount: 0 bytes (20.00 %)]
, 0.0131985 secs]
   [Parallel Time: 12.6 ms, GC Workers: 2]
      [GC Worker Start (ms): Min: 7240.6, Avg: 7240.6, Max: 7240.6, Diff: 0.0]
      [Ext Root Scanning (ms): Min: 0.3, Avg: 0.3, Max: 0.3, Diff: 0.0, Sum: 0.6]
      [Update RS (ms): Min: 0.0, Avg: 0.0, Max: 0.0, Diff: 0.0, Sum: 0.1]
         [Processed Buffers: Min: 1, Avg: 1.5, Max: 2, Diff: 1, Sum: 3]
      [Scan RS (ms): Min: 0.2, Avg: 0.3, Max: 0.4, Diff: 0.2, Sum: 0.5]
      [Code Root Scanning (ms): Min: 0.1, Avg: 0.2, Max: 0.3, Diff: 0.2, Sum: 0.4]
      [Object Copy (ms): Min: 11.7, Avg: 11.7, Max: 11.7, Diff: 0.0, Sum: 23.4]
      [Termination (ms): Min: 0.0, Avg: 0.0, Max: 0.0, Diff: 0.0, Sum: 0.0]
      [GC Worker Other (ms): Min: 0.0, Avg: 0.0, Max: 0.0, Diff: 0.0, Sum: 0.1]
      [GC Worker Total (ms): Min: 12.6, Avg: 12.6, Max: 12.6, Diff: 0.0, Sum: 25.1]
      [GC Worker End (ms): Min: 7253.1, Avg: 7253.1, Max: 7253.1, Diff: 0.0]
   [Code Root Fixup: 0.0 ms]
   [Code Root Migration: 0.0 ms]
   [Clear CT: 0.1 ms]
   [Other: 0.5 ms]
      [Choose CSet: 0.0 ms]
      [Ref Proc: 0.1 ms]
      [Ref Enq: 0.0 ms]
      [Free CSet: 0.2 ms]
   [Eden: 131.0M(131.0M)->0.0B(131.0M) Survivors: 19.0M->19.0M Heap: 208.3M(256.0M)->77.8M(256.0M)]
 [Times: user=0.00 sys=0.00, real=0.01 secs] 
2014-07-10T11:36:16.593+0200: 7.376: [GC pause (G1 Evacuation Pause) (young) 7.376: [G1Ergonomics (CSet Construction) start choosing CSet, _pending_cards: 514, predicted base time: 1.27 ms, remaining time: 198.73 ms, target pause time: 200.00 ms]
 7.376: [G1Ergonomics (CSet Construction) add young regions to CSet, eden: 131 regions, survivors: 19 regions, predicted young region time: 95.09 ms]
 7.376: [G1Ergonomics (CSet Construction) finish choosing CSet, eden: 131 regions, survivors: 19 regions, old: 0 regions, predicted pause time: 96.36 ms, target pause time: 200.00 ms]
 7.386: [G1Ergonomics (Heap Sizing) attempt heap expansion, reason: recent GC overhead higher than threshold after GC, recent GC overhead: 10.51 %, threshold: 10.00 %, uncommitted: 0 bytes, calculated expansion amount: 0 bytes (20.00 %)]
, 0.0098274 secs]
   [Parallel Time: 8.4 ms, GC Workers: 2]
      [GC Worker Start (ms): Min: 7376.2, Avg: 7376.2, Max: 7376.2, Diff: 0.0]
      [Ext Root Scanning (ms): Min: 0.6, Avg: 0.6, Max: 0.6, Diff: 0.0, Sum: 1.2]
      [Update RS (ms): Min: 0.1, Avg: 0.1, Max: 0.1, Diff: 0.1, Sum: 0.2]
         [Processed Buffers: Min: 2, Avg: 2.0, Max: 2, Diff: 0, Sum: 4]
      [Scan RS (ms): Min: 0.4, Avg: 0.5, Max: 0.5, Diff: 0.0, Sum: 0.9]
      [Code Root Scanning (ms): Min: 0.1, Avg: 0.1, Max: 0.1, Diff: 0.0, Sum: 0.3]
      [Object Copy (ms): Min: 6.9, Avg: 7.0, Max: 7.0, Diff: 0.0, Sum: 13.9]
      [Termination (ms): Min: 0.0, Avg: 0.0, Max: 0.0, Diff: 0.0, Sum: 0.0]
      [GC Worker Other (ms): Min: 0.0, Avg: 0.1, Max: 0.1, Diff: 0.0, Sum: 0.1]
      [GC Worker Total (ms): Min: 8.3, Avg: 8.3, Max: 8.3, Diff: 0.0, Sum: 16.6]
      [GC Worker End (ms): Min: 7384.5, Avg: 7384.5, Max: 7384.5, Diff: 0.0]
   [Code Root Fixup: 0.0 ms]
   [Code Root Migration: 0.1 ms]
   [Clear CT: 0.2 ms]
   [Other: 1.2 ms]
      [Choose CSet: 0.1 ms]
      [Ref Proc: 0.3 ms]
      [Ref Enq: 0.0 ms]
      [Free CSet: 0.4 ms]
   [Eden: 131.0M(131.0M)->0.0B(146.0M) Survivors: 19.0M->7168.0K Heap: 208.8M(256.0M)->65.1M(256.0M)]
 [Times: user=0.03 sys=0.00, real=0.01 secs] 
2014-07-10T11:36:16.698+0200: 7.480: [GC pause (G1 Evacuation Pause) (young) 7.480: [G1Ergonomics (CSet Construction) start choosing CSet, _pending_cards: 512, predicted base time: 1.48 ms, remaining time: 198.52 ms, target pause time: 200.00 ms]
 7.480: [G1Ergonomics (CSet Construction) add young regions to CSet, eden: 146 regions, survivors: 7 regions, predicted young region time: 128.66 ms]
 7.480: [G1Ergonomics (CSet Construction) finish choosing CSet, eden: 146 regions, survivors: 7 regions, old: 0 regions, predicted pause time: 130.14 ms, target pause time: 200.00 ms]
 7.494: [G1Ergonomics (Heap Sizing) attempt heap expansion, reason: recent GC overhead higher than threshold after GC, recent GC overhead: 10.32 %, threshold: 10.00 %, uncommitted: 0 bytes, calculated expansion amount: 0 bytes (20.00 %)]
, 0.0138577 secs]
   [Parallel Time: 13.1 ms, GC Workers: 2]
      [GC Worker Start (ms): Min: 7480.4, Avg: 7480.4, Max: 7480.4, Diff: 0.0]
      [Ext Root Scanning (ms): Min: 0.3, Avg: 0.3, Max: 0.3, Diff: 0.0, Sum: 0.6]
      [Update RS (ms): Min: 0.0, Avg: 0.0, Max: 0.0, Diff: 0.0, Sum: 0.1]
         [Processed Buffers: Min: 1, Avg: 1.5, Max: 2, Diff: 1, Sum: 3]
      [Scan RS (ms): Min: 0.2, Avg: 0.2, Max: 0.2, Diff: 0.0, Sum: 0.5]
      [Code Root Scanning (ms): Min: 0.1, Avg: 0.1, Max: 0.1, Diff: 0.0, Sum: 0.2]
      [Object Copy (ms): Min: 12.4, Avg: 12.4, Max: 12.4, Diff: 0.0, Sum: 24.8]
      [Termination (ms): Min: 0.0, Avg: 0.0, Max: 0.0, Diff: 0.0, Sum: 0.0]
      [GC Worker Other (ms): Min: 0.0, Avg: 0.0, Max: 0.0, Diff: 0.0, Sum: 0.1]
      [GC Worker Total (ms): Min: 13.1, Avg: 13.1, Max: 13.1, Diff: 0.0, Sum: 26.2]
      [GC Worker End (ms): Min: 7493.5, Avg: 7493.5, Max: 7493.5, Diff: 0.0]
   [Code Root Fixup: 0.0 ms]
   [Code Root Migration: 0.0 ms]
   [Clear CT: 0.1 ms]
   [Other: 0.6 ms]
      [Choose CSet: 0.0 ms]
      [Ref Proc: 0.1 ms]
      [Ref Enq: 0.0 ms]
      [Free CSet: 0.2 ms]
   [Eden: 146.0M(146.0M)->0.0B(130.0M) Survivors: 7168.0K->20.0M Heap: 211.1M(256.0M)->79.0M(256.0M)]
 [Times: user=0.03 sys=0.00, real=0.02 secs] 
2014-07-10T11:36:16.854+0200: 7.635: [GC pause (G1 Evacuation Pause) (young) 7.635: [G1Ergonomics (CSet Construction) start choosing CSet, _pending_cards: 512, predicted base time: 1.35 ms, remaining time: 198.65 ms, target pause time: 200.00 ms]
 7.635: [G1Ergonomics (CSet Construction) add young regions to CSet, eden: 130 regions, survivors: 20 regions, predicted young region time: 87.03 ms]
 7.635: [G1Ergonomics (CSet Construction) finish choosing CSet, eden: 130 regions, survivors: 20 regions, old: 0 regions, predicted pause time: 88.38 ms, target pause time: 200.00 ms]
 7.648: [G1Ergonomics (Heap Sizing) attempt heap expansion, reason: recent GC overhead higher than threshold after GC, recent GC overhead: 10.49 %, threshold: 10.00 %, uncommitted: 0 bytes, calculated expansion amount: 0 bytes (20.00 %)]
, 0.0128429 secs]
   [Parallel Time: 12.2 ms, GC Workers: 2]
      [GC Worker Start (ms): Min: 7635.5, Avg: 7635.5, Max: 7635.5, Diff: 0.0]
      [Ext Root Scanning (ms): Min: 0.3, Avg: 0.3, Max: 0.3, Diff: 0.0, Sum: 0.6]
      [Update RS (ms): Min: 0.0, Avg: 0.0, Max: 0.1, Diff: 0.0, Sum: 0.1]
         [Processed Buffers: Min: 1, Avg: 1.5, Max: 2, Diff: 1, Sum: 3]
      [Scan RS (ms): Min: 0.3, Avg: 0.3, Max: 0.3, Diff: 0.0, Sum: 0.5]
      [Code Root Scanning (ms): Min: 0.1, Avg: 0.1, Max: 0.1, Diff: 0.0, Sum: 0.2]
      [Object Copy (ms): Min: 11.4, Avg: 11.5, Max: 11.5, Diff: 0.0, Sum: 22.9]
      [Termination (ms): Min: 0.0, Avg: 0.0, Max: 0.0, Diff: 0.0, Sum: 0.0]
      [GC Worker Other (ms): Min: 0.0, Avg: 0.0, Max: 0.0, Diff: 0.0, Sum: 0.1]
      [GC Worker Total (ms): Min: 12.2, Avg: 12.2, Max: 12.2, Diff: 0.0, Sum: 24.4]
      [GC Worker End (ms): Min: 7647.7, Avg: 7647.7, Max: 7647.7, Diff: 0.0]
   [Code Root Fixup: 0.0 ms]
   [Code Root Migration: 0.0 ms]
   [Clear CT: 0.1 ms]
   [Other: 0.5 ms]
      [Choose CSet: 0.0 ms]
      [Ref Proc: 0.1 ms]
      [Ref Enq: 0.0 ms]
      [Free CSet: 0.2 ms]
   [Eden: 130.0M(130.0M)->0.0B(131.0M) Survivors: 20.0M->19.0M Heap: 209.0M(256.0M)->77.1M(256.0M)]
 [Times: user=0.03 sys=0.00, real=0.01 secs] 
2014-07-10T11:36:16.992+0200: 7.774: [GC pause (G1 Evacuation Pause) (young) 7.774: [G1Ergonomics (CSet Construction) start choosing CSet, _pending_cards: 513, predicted base time: 1.24 ms, remaining time: 198.76 ms, target pause time: 200.00 ms]
 7.774: [G1Ergonomics (CSet Construction) add young regions to CSet, eden: 131 regions, survivors: 19 regions, predicted young region time: 101.49 ms]
 7.774: [G1Ergonomics (CSet Construction) finish choosing CSet, eden: 131 regions, survivors: 19 regions, old: 0 regions, predicted pause time: 102.73 ms, target pause time: 200.00 ms]
 7.778: [G1Ergonomics (Heap Sizing) attempt heap expansion, reason: recent GC overhead higher than threshold after GC, recent GC overhead: 10.50 %, threshold: 10.00 %, uncommitted: 0 bytes, calculated expansion amount: 0 bytes (20.00 %)]
, 0.0040923 secs]
   [Parallel Time: 3.5 ms, GC Workers: 2]
      [GC Worker Start (ms): Min: 7773.7, Avg: 7773.7, Max: 7773.7, Diff: 0.0]
      [Ext Root Scanning (ms): Min: 0.3, Avg: 0.3, Max: 0.3, Diff: 0.0, Sum: 0.5]
      [Update RS (ms): Min: 0.0, Avg: 0.0, Max: 0.1, Diff: 0.0, Sum: 0.1]
         [Processed Buffers: Min: 1, Avg: 2.0, Max: 3, Diff: 2, Sum: 4]
      [Scan RS (ms): Min: 0.2, Avg: 0.3, Max: 0.3, Diff: 0.0, Sum: 0.5]
      [Code Root Scanning (ms): Min: 0.1, Avg: 0.1, Max: 0.1, Diff: 0.0, Sum: 0.2]
      [Object Copy (ms): Min: 2.7, Avg: 2.7, Max: 2.7, Diff: 0.0, Sum: 5.5]
      [Termination (ms): Min: 0.0, Avg: 0.0, Max: 0.0, Diff: 0.0, Sum: 0.0]
      [GC Worker Other (ms): Min: 0.0, Avg: 0.0, Max: 0.0, Diff: 0.0, Sum: 0.1]
      [GC Worker Total (ms): Min: 3.4, Avg: 3.4, Max: 3.4, Diff: 0.0, Sum: 6.9]
      [GC Worker End (ms): Min: 7777.1, Avg: 7777.1, Max: 7777.1, Diff: 0.0]
   [Code Root Fixup: 0.0 ms]
   [Code Root Migration: 0.0 ms]
   [Clear CT: 0.1 ms]
   [Other: 0.4 ms]
      [Choose CSet: 0.0 ms]
      [Ref Proc: 0.1 ms]
      [Ref Enq: 0.0 ms]
      [Free CSet: 0.2 ms]
   [Eden: 131.0M(131.0M)->0.0B(148.0M) Survivors: 19.0M->5120.0K Heap: 208.1M(256.0M)->63.8M(256.0M)]
 [Times: user=0.00 sys=0.00, real=0.00 secs] 
2014-07-10T11:36:17.104+0200: 7.886: [GC pause (G1 Evacuation Pause) (young) 7.886: [G1Ergonomics (CSet Construction) start choosing CSet, _pending_cards: 513, predicted base time: 1.14 ms, remaining time: 198.86 ms, target pause time: 200.00 ms]
 7.886: [G1Ergonomics (CSet Construction) add young regions to CSet, eden: 148 regions, survivors: 5 regions, predicted young region time: 71.51 ms]
 7.886: [G1Ergonomics (CSet Construction) finish choosing CSet, eden: 148 regions, survivors: 5 regions, old: 0 regions, predicted pause time: 72.65 ms, target pause time: 200.00 ms]
, 0.0136110 secs]
   [Parallel Time: 13.0 ms, GC Workers: 2]
      [GC Worker Start (ms): Min: 7885.9, Avg: 7885.9, Max: 7886.0, Diff: 0.2]
      [Ext Root Scanning (ms): Min: 0.1, Avg: 0.2, Max: 0.3, Diff: 0.2, Sum: 0.5]
      [Update RS (ms): Min: 0.0, Avg: 0.0, Max: 0.0, Diff: 0.0, Sum: 0.1]
         [Processed Buffers: Min: 2, Avg: 2.0, Max: 2, Diff: 0, Sum: 4]
      [Scan RS (ms): Min: 0.2, Avg: 0.2, Max: 0.2, Diff: 0.0, Sum: 0.4]
      [Code Root Scanning (ms): Min: 0.1, Avg: 0.1, Max: 0.1, Diff: 0.0, Sum: 0.2]
      [Object Copy (ms): Min: 12.3, Avg: 12.3, Max: 12.3, Diff: 0.0, Sum: 24.6]
      [Termination (ms): Min: 0.0, Avg: 0.0, Max: 0.0, Diff: 0.0, Sum: 0.0]
      [GC Worker Other (ms): Min: 0.0, Avg: 0.0, Max: 0.0, Diff: 0.0, Sum: 0.1]
      [GC Worker Total (ms): Min: 12.8, Avg: 12.9, Max: 13.0, Diff: 0.2, Sum: 25.8]
      [GC Worker End (ms): Min: 7898.9, Avg: 7898.9, Max: 7898.9, Diff: 0.0]
   [Code Root Fixup: 0.0 ms]
   [Code Root Migration: 0.0 ms]
   [Clear CT: 0.1 ms]
   [Other: 0.4 ms]
      [Choose CSet: 0.0 ms]
      [Ref Proc: 0.0 ms]
      [Ref Enq: 0.0 ms]
      [Free CSet: 0.2 ms]
   [Eden: 148.0M(148.0M)->0.0B(130.0M) Survivors: 5120.0K->20.0M Heap: 211.8M(256.0M)->79.7M(256.0M)]
 [Times: user=0.03 sys=0.00, real=0.01 secs] 
2014-07-10T11:36:17.235+0200: 8.017: [GC pause (G1 Evacuation Pause) (young) 8.017: [G1Ergonomics (CSet Construction) start choosing CSet, _pending_cards: 512, predicted base time: 1.07 ms, remaining time: 198.93 ms, target pause time: 200.00 ms]
 8.017: [G1Ergonomics (CSet Construction) add young regions to CSet, eden: 130 regions, survivors: 20 regions, predicted young region time: 90.27 ms]
 8.017: [G1Ergonomics (CSet Construction) finish choosing CSet, eden: 130 regions, survivors: 20 regions, old: 0 regions, predicted pause time: 91.34 ms, target pause time: 200.00 ms]
 8.030: [G1Ergonomics (Heap Sizing) attempt heap expansion, reason: recent GC overhead higher than threshold after GC, recent GC overhead: 10.02 %, threshold: 10.00 %, uncommitted: 0 bytes, calculated expansion amount: 0 bytes (20.00 %)]
, 0.0132942 secs]
   [Parallel Time: 12.7 ms, GC Workers: 2]
      [GC Worker Start (ms): Min: 8016.9, Avg: 8016.9, Max: 8016.9, Diff: 0.0]
      [Ext Root Scanning (ms): Min: 0.4, Avg: 0.4, Max: 0.4, Diff: 0.0, Sum: 0.7]
      [Update RS (ms): Min: 0.0, Avg: 0.0, Max: 0.0, Diff: 0.0, Sum: 0.1]
         [Processed Buffers: Min: 1, Avg: 1.5, Max: 2, Diff: 1, Sum: 3]
      [Scan RS (ms): Min: 0.2, Avg: 0.2, Max: 0.2, Diff: 0.0, Sum: 0.4]
      [Code Root Scanning (ms): Min: 0.1, Avg: 0.1, Max: 0.1, Diff: 0.0, Sum: 0.2]
      [Object Copy (ms): Min: 11.9, Avg: 11.9, Max: 11.9, Diff: 0.0, Sum: 23.8]
      [Termination (ms): Min: 0.0, Avg: 0.0, Max: 0.0, Diff: 0.0, Sum: 0.0]
      [GC Worker Other (ms): Min: 0.0, Avg: 0.0, Max: 0.0, Diff: 0.0, Sum: 0.1]
      [GC Worker Total (ms): Min: 12.7, Avg: 12.7, Max: 12.7, Diff: 0.0, Sum: 25.3]
      [GC Worker End (ms): Min: 8029.6, Avg: 8029.6, Max: 8029.6, Diff: 0.0]
   [Code Root Fixup: 0.0 ms]
   [Code Root Migration: 0.0 ms]
   [Clear CT: 0.1 ms]
   [Other: 0.4 ms]
      [Choose CSet: 0.0 ms]
      [Ref Proc: 0.1 ms]
      [Ref Enq: 0.0 ms]
      [Free CSet: 0.2 ms]
   [Eden: 130.0M(130.0M)->0.0B(132.0M) Survivors: 20.0M->19.0M Heap: 209.7M(256.0M)->78.3M(256.0M)]
 [Times: user=0.03 sys=0.00, real=0.01 secs] 
2014-07-10T11:36:17.406+0200: 8.187: [GC pause (G1 Evacuation Pause) (young) 8.188: [G1Ergonomics (CSet Construction) start choosing CSet, _pending_cards: 512, predicted base time: 1.03 ms, remaining time: 198.97 ms, target pause time: 200.00 ms]
 8.188: [G1Ergonomics (CSet Construction) add young regions to CSet, eden: 132 regions, survivors: 19 regions, predicted young region time: 25.51 ms]
 8.188: [G1Ergonomics (CSet Construction) finish choosing CSet, eden: 132 regions, survivors: 19 regions, old: 0 regions, predicted pause time: 26.54 ms, target pause time: 200.00 ms]
, 0.0132110 secs]
   [Parallel Time: 12.6 ms, GC Workers: 2]
      [GC Worker Start (ms): Min: 8187.6, Avg: 8187.6, Max: 8187.6, Diff: 0.0]
      [Ext Root Scanning (ms): Min: 0.3, Avg: 0.3, Max: 0.3, Diff: 0.0, Sum: 0.6]
      [Update RS (ms): Min: 0.0, Avg: 0.0, Max: 0.0, Diff: 0.0, Sum: 0.1]
         [Processed Buffers: Min: 1, Avg: 1.5, Max: 2, Diff: 1, Sum: 3]
      [Scan RS (ms): Min: 0.3, Avg: 0.3, Max: 0.3, Diff: 0.0, Sum: 0.5]
      [Code Root Scanning (ms): Min: 0.1, Avg: 0.1, Max: 0.1, Diff: 0.0, Sum: 0.2]
      [Object Copy (ms): Min: 11.8, Avg: 11.8, Max: 11.8, Diff: 0.0, Sum: 23.5]
      [Termination (ms): Min: 0.0, Avg: 0.0, Max: 0.0, Diff: 0.0, Sum: 0.0]
      [GC Worker Other (ms): Min: 0.1, Avg: 0.1, Max: 0.1, Diff: 0.1, Sum: 0.2]
      [GC Worker Total (ms): Min: 12.5, Avg: 12.5, Max: 12.6, Diff: 0.1, Sum: 25.1]
      [GC Worker End (ms): Min: 8200.1, Avg: 8200.1, Max: 8200.1, Diff: 0.1]
   [Code Root Fixup: 0.0 ms]
   [Code Root Migration: 0.0 ms]
   [Clear CT: 0.1 ms]
   [Other: 0.4 ms]
      [Choose CSet: 0.0 ms]
      [Ref Proc: 0.1 ms]
      [Ref Enq: 0.0 ms]
      [Free CSet: 0.2 ms]
   [Eden: 132.0M(132.0M)->0.0B(132.0M) Survivors: 19.0M->19.0M Heap: 210.3M(256.0M)->78.2M(256.0M)]
 [Times: user=0.03 sys=0.00, real=0.01 secs] 
2014-07-10T11:36:17.496+0200: 8.278: [GC pause (G1 Evacuation Pause) (young) 8.278: [G1Ergonomics (CSet Construction) start choosing CSet, _pending_cards: 515, predicted base time: 1.00 ms, remaining time: 199.00 ms, target pause time: 200.00 ms]
 8.278: [G1Ergonomics (CSet Construction) add young regions to CSet, eden: 132 regions, survivors: 19 regions, predicted young region time: 88.65 ms]
 8.278: [G1Ergonomics (CSet Construction) finish choosing CSet, eden: 132 regions, survivors: 19 regions, old: 0 regions, predicted pause time: 89.65 ms, target pause time: 200.00 ms]
, 0.0042312 secs]
   [Parallel Time: 3.6 ms, GC Workers: 2]
      [GC Worker Start (ms): Min: 8278.0, Avg: 8278.0, Max: 8278.0, Diff: 0.0]
      [Ext Root Scanning (ms): Min: 0.3, Avg: 0.3, Max: 0.3, Diff: 0.0, Sum: 0.6]
      [Update RS (ms): Min: 0.0, Avg: 0.0, Max: 0.1, Diff: 0.0, Sum: 0.1]
         [Processed Buffers: Min: 2, Avg: 2.0, Max: 2, Diff: 0, Sum: 4]
      [Scan RS (ms): Min: 0.2, Avg: 0.2, Max: 0.2, Diff: 0.0, Sum: 0.4]
      [Code Root Scanning (ms): Min: 0.1, Avg: 0.1, Max: 0.1, Diff: 0.0, Sum: 0.2]
      [Object Copy (ms): Min: 2.9, Avg: 2.9, Max: 2.9, Diff: 0.0, Sum: 5.8]
      [Termination (ms): Min: 0.0, Avg: 0.0, Max: 0.0, Diff: 0.0, Sum: 0.0]
      [GC Worker Other (ms): Min: 0.0, Avg: 0.0, Max: 0.0, Diff: 0.0, Sum: 0.1]
      [GC Worker Total (ms): Min: 3.6, Avg: 3.6, Max: 3.6, Diff: 0.0, Sum: 7.1]
      [GC Worker End (ms): Min: 8281.6, Avg: 8281.6, Max: 8281.6, Diff: 0.0]
   [Code Root Fixup: 0.0 ms]
   [Code Root Migration: 0.0 ms]
   [Clear CT: 0.1 ms]
   [Other: 0.5 ms]
      [Choose CSet: 0.0 ms]
      [Ref Proc: 0.1 ms]
      [Ref Enq: 0.0 ms]
      [Free CSet: 0.3 ms]
   [Eden: 132.0M(132.0M)->0.0B(147.0M) Survivors: 19.0M->6144.0K Heap: 210.2M(256.0M)->65.0M(256.0M)]
 [Times: user=0.00 sys=0.00, real=0.00 secs] 
2014-07-10T11:36:17.654+0200: 8.435: [GC pause (G1 Evacuation Pause) (young) 8.435: [G1Ergonomics (CSet Construction) start choosing CSet, _pending_cards: 512, predicted base time: 0.95 ms, remaining time: 199.05 ms, target pause time: 200.00 ms]
 8.435: [G1Ergonomics (CSet Construction) add young regions to CSet, eden: 147 regions, survivors: 6 regions, predicted young region time: 27.54 ms]
 8.435: [G1Ergonomics (CSet Construction) finish choosing CSet, eden: 147 regions, survivors: 6 regions, old: 0 regions, predicted pause time: 28.49 ms, target pause time: 200.00 ms]
, 0.0138060 secs]
   [Parallel Time: 13.1 ms, GC Workers: 2]
      [GC Worker Start (ms): Min: 8435.5, Avg: 8435.5, Max: 8435.5, Diff: 0.0]
      [Ext Root Scanning (ms): Min: 0.3, Avg: 0.3, Max: 0.3, Diff: 0.0, Sum: 0.6]
      [Update RS (ms): Min: 0.1, Avg: 0.1, Max: 0.1, Diff: 0.0, Sum: 0.1]
         [Processed Buffers: Min: 1, Avg: 1.5, Max: 2, Diff: 1, Sum: 3]
      [Scan RS (ms): Min: 0.2, Avg: 0.3, Max: 0.4, Diff: 0.1, Sum: 0.6]
      [Code Root Scanning (ms): Min: 0.1, Avg: 0.2, Max: 0.3, Diff: 0.1, Sum: 0.4]
      [Object Copy (ms): Min: 12.2, Avg: 12.2, Max: 12.2, Diff: 0.0, Sum: 24.4]
      [Termination (ms): Min: 0.0, Avg: 0.0, Max: 0.0, Diff: 0.0, Sum: 0.0]
      [GC Worker Other (ms): Min: 0.0, Avg: 0.0, Max: 0.0, Diff: 0.0, Sum: 0.1]
      [GC Worker Total (ms): Min: 13.1, Avg: 13.1, Max: 13.1, Diff: 0.0, Sum: 26.2]
      [GC Worker End (ms): Min: 8448.6, Avg: 8448.6, Max: 8448.6, Diff: 0.0]
   [Code Root Fixup: 0.0 ms]
   [Code Root Migration: 0.0 ms]
   [Clear CT: 0.1 ms]
   [Other: 0.5 ms]
      [Choose CSet: 0.0 ms]
      [Ref Proc: 0.2 ms]
      [Ref Enq: 0.0 ms]
      [Free CSet: 0.2 ms]
   [Eden: 147.0M(147.0M)->0.0B(130.0M) Survivors: 6144.0K->20.0M Heap: 212.0M(256.0M)->79.8M(256.0M)]
 [Times: user=0.03 sys=0.00, real=0.01 secs] 
2014-07-10T11:36:17.797+0200: 8.579: [GC pause (G1 Evacuation Pause) (young) 8.579: [G1Ergonomics (CSet Construction) start choosing CSet, _pending_cards: 512, predicted base time: 1.00 ms, remaining time: 199.00 ms, target pause time: 200.00 ms]
 8.579: [G1Ergonomics (CSet Construction) add young regions to CSet, eden: 130 regions, survivors: 20 regions, predicted young region time: 82.59 ms]
 8.579: [G1Ergonomics (CSet Construction) finish choosing CSet, eden: 130 regions, survivors: 20 regions, old: 0 regions, predicted pause time: 83.59 ms, target pause time: 200.00 ms]
, 0.0125679 secs]
   [Parallel Time: 11.9 ms, GC Workers: 2]
      [GC Worker Start (ms): Min: 8578.9, Avg: 8579.1, Max: 8579.2, Diff: 0.3]
      [Ext Root Scanning (ms): Min: 0.2, Avg: 0.3, Max: 0.5, Diff: 0.3, Sum: 0.6]
      [Update RS (ms): Min: 0.0, Avg: 0.0, Max: 0.1, Diff: 0.0, Sum: 0.1]
         [Processed Buffers: Min: 1, Avg: 1.5, Max: 2, Diff: 1, Sum: 3]
      [Scan RS (ms): Min: 0.2, Avg: 0.2, Max: 0.2, Diff: 0.0, Sum: 0.5]
      [Code Root Scanning (ms): Min: 0.1, Avg: 0.1, Max: 0.1, Diff: 0.0, Sum: 0.2]
      [Object Copy (ms): Min: 11.0, Avg: 11.0, Max: 11.0, Diff: 0.0, Sum: 22.0]
      [Termination (ms): Min: 0.0, Avg: 0.0, Max: 0.0, Diff: 0.0, Sum: 0.0]
      [GC Worker Other (ms): Min: 0.0, Avg: 0.0, Max: 0.0, Diff: 0.0, Sum: 0.1]
      [GC Worker Total (ms): Min: 11.6, Avg: 11.7, Max: 11.9, Diff: 0.3, Sum: 23.4]
      [GC Worker End (ms): Min: 8590.8, Avg: 8590.8, Max: 8590.8, Diff: 0.0]
   [Code Root Fixup: 0.0 ms]
   [Code Root Migration: 0.0 ms]
   [Clear CT: 0.1 ms]
   [Other: 0.5 ms]
      [Choose CSet: 0.0 ms]
      [Ref Proc: 0.2 ms]
      [Ref Enq: 0.0 ms]
      [Free CSet: 0.2 ms]
   [Eden: 130.0M(130.0M)->0.0B(133.0M) Survivors: 20.0M->18.0M Heap: 209.8M(256.0M)->77.7M(256.0M)]
 [Times: user=0.03 sys=0.00, real=0.01 secs] 
2014-07-10T11:36:17.898+0200: 8.680: [GC pause (G1 Evacuation Pause) (young) 8.680: [G1Ergonomics (CSet Construction) start choosing CSet, _pending_cards: 512, predicted base time: 1.04 ms, remaining time: 198.96 ms, target pause time: 200.00 ms]
 8.680: [G1Ergonomics (CSet Construction) add young regions to CSet, eden: 133 regions, survivors: 18 regions, predicted young region time: 83.70 ms]
 8.680: [G1Ergonomics (CSet Construction) finish choosing CSet, eden: 133 regions, survivors: 18 regions, old: 0 regions, predicted pause time: 84.74 ms, target pause time: 200.00 ms]
, 0.0128601 secs]
   [Parallel Time: 12.3 ms, GC Workers: 2]
      [GC Worker Start (ms): Min: 8680.0, Avg: 8680.0, Max: 8680.0, Diff: 0.0]
      [Ext Root Scanning (ms): Min: 0.3, Avg: 0.3, Max: 0.3, Diff: 0.0, Sum: 0.6]
      [Update RS (ms): Min: 0.0, Avg: 0.0, Max: 0.0, Diff: 0.0, Sum: 0.1]
         [Processed Buffers: Min: 1, Avg: 1.5, Max: 2, Diff: 1, Sum: 3]
      [Scan RS (ms): Min: 0.2, Avg: 0.2, Max: 0.2, Diff: 0.0, Sum: 0.4]
      [Code Root Scanning (ms): Min: 0.1, Avg: 0.1, Max: 0.1, Diff: 0.0, Sum: 0.2]
      [Object Copy (ms): Min: 11.5, Avg: 11.5, Max: 11.5, Diff: 0.0, Sum: 23.1]
      [Termination (ms): Min: 0.0, Avg: 0.0, Max: 0.0, Diff: 0.0, Sum: 0.0]
      [GC Worker Other (ms): Min: 0.0, Avg: 0.0, Max: 0.0, Diff: 0.0, Sum: 0.1]
      [GC Worker Total (ms): Min: 12.2, Avg: 12.2, Max: 12.2, Diff: 0.0, Sum: 24.5]
      [GC Worker End (ms): Min: 8692.2, Avg: 8692.2, Max: 8692.2, Diff: 0.0]
   [Code Root Fixup: 0.0 ms]
   [Code Root Migration: 0.0 ms]
   [Clear CT: 0.1 ms]
   [Other: 0.4 ms]
      [Choose CSet: 0.0 ms]
      [Ref Proc: 0.1 ms]
      [Ref Enq: 0.0 ms]
      [Free CSet: 0.2 ms]
   [Eden: 133.0M(133.0M)->0.0B(132.0M) Survivors: 18.0M->19.0M Heap: 210.7M(256.0M)->78.6M(256.0M)]
 [Times: user=0.03 sys=0.00, real=0.01 secs] 
2014-07-10T11:36:18.033+0200: 8.815: [GC pause (G1 Evacuation Pause) (young) 8.815: [G1Ergonomics (CSet Construction) start choosing CSet, _pending_cards: 513, predicted base time: 0.99 ms, remaining time: 199.01 ms, target pause time: 200.00 ms]
 8.815: [G1Ergonomics (CSet Construction) add young regions to CSet, eden: 132 regions, survivors: 19 regions, predicted young region time: 64.26 ms]
 8.815: [G1Ergonomics (CSet Construction) finish choosing CSet, eden: 132 regions, survivors: 19 regions, old: 0 regions, predicted pause time: 65.25 ms, target pause time: 200.00 ms]
, 0.0077655 secs]
   [Parallel Time: 7.2 ms, GC Workers: 2]
      [GC Worker Start (ms): Min: 8815.1, Avg: 8815.1, Max: 8815.1, Diff: 0.0]
      [Ext Root Scanning (ms): Min: 0.3, Avg: 0.4, Max: 0.4, Diff: 0.1, Sum: 0.7]
      [Update RS (ms): Min: 0.0, Avg: 0.0, Max: 0.0, Diff: 0.0, Sum: 0.1]
         [Processed Buffers: Min: 2, Avg: 2.0, Max: 2, Diff: 0, Sum: 4]
      [Scan RS (ms): Min: 0.2, Avg: 0.2, Max: 0.2, Diff: 0.0, Sum: 0.4]
      [Code Root Scanning (ms): Min: 0.1, Avg: 0.1, Max: 0.1, Diff: 0.0, Sum: 0.2]
      [Object Copy (ms): Min: 6.4, Avg: 6.4, Max: 6.4, Diff: 0.0, Sum: 12.8]
      [Termination (ms): Min: 0.0, Avg: 0.0, Max: 0.0, Diff: 0.0, Sum: 0.0]
      [GC Worker Other (ms): Min: 0.0, Avg: 0.1, Max: 0.1, Diff: 0.1, Sum: 0.1]
      [GC Worker Total (ms): Min: 7.2, Avg: 7.2, Max: 7.2, Diff: 0.0, Sum: 14.3]
      [GC Worker End (ms): Min: 8822.2, Avg: 8822.2, Max: 8822.2, Diff: 0.0]
   [Code Root Fixup: 0.0 ms]
   [Code Root Migration: 0.0 ms]
   [Clear CT: 0.1 ms]
   [Other: 0.4 ms]
      [Choose CSet: 0.0 ms]
      [Ref Proc: 0.1 ms]
      [Ref Enq: 0.0 ms]
      [Free CSet: 0.2 ms]
   [Eden: 132.0M(132.0M)->0.0B(141.0M) Survivors: 19.0M->11.0M Heap: 210.6M(256.0M)->70.4M(256.0M)]
 [Times: user=0.02 sys=0.01, real=0.01 secs] 
2014-07-10T11:36:18.199+0200: 8.980: [GC pause (G1 Evacuation Pause) (young) 8.980: [G1Ergonomics (CSet Construction) start choosing CSet, _pending_cards: 512, predicted base time: 0.97 ms, remaining time: 199.03 ms, target pause time: 200.00 ms]
 8.980: [G1Ergonomics (CSet Construction) add young regions to CSet, eden: 141 regions, survivors: 11 regions, predicted young region time: 86.87 ms]
 8.980: [G1Ergonomics (CSet Construction) finish choosing CSet, eden: 141 regions, survivors: 11 regions, old: 0 regions, predicted pause time: 87.83 ms, target pause time: 200.00 ms]
, 0.0132084 secs]
   [Parallel Time: 12.6 ms, GC Workers: 2]
      [GC Worker Start (ms): Min: 8980.2, Avg: 8980.2, Max: 8980.2, Diff: 0.0]
      [Ext Root Scanning (ms): Min: 0.3, Avg: 0.3, Max: 0.3, Diff: 0.0, Sum: 0.6]
      [Update RS (ms): Min: 0.0, Avg: 0.0, Max: 0.0, Diff: 0.0, Sum: 0.1]
         [Processed Buffers: Min: 1, Avg: 1.5, Max: 2, Diff: 1, Sum: 3]
      [Scan RS (ms): Min: 0.2, Avg: 0.2, Max: 0.2, Diff: 0.0, Sum: 0.5]
      [Code Root Scanning (ms): Min: 0.1, Avg: 0.1, Max: 0.1, Diff: 0.0, Sum: 0.2]
      [Object Copy (ms): Min: 11.9, Avg: 11.9, Max: 11.9, Diff: 0.0, Sum: 23.8]
      [Termination (ms): Min: 0.0, Avg: 0.0, Max: 0.0, Diff: 0.0, Sum: 0.0]
      [GC Worker Other (ms): Min: 0.0, Avg: 0.0, Max: 0.0, Diff: 0.0, Sum: 0.1]
      [GC Worker Total (ms): Min: 12.6, Avg: 12.6, Max: 12.6, Diff: 0.0, Sum: 25.2]
      [GC Worker End (ms): Min: 8992.8, Avg: 8992.8, Max: 8992.8, Diff: 0.0]
   [Code Root Fixup: 0.0 ms]
   [Code Root Migration: 0.0 ms]
   [Clear CT: 0.1 ms]
   [Other: 0.4 ms]
      [Choose CSet: 0.0 ms]
      [Ref Proc: 0.1 ms]
      [Ref Enq: 0.0 ms]
      [Free CSet: 0.2 ms]
   [Eden: 141.0M(141.0M)->0.0B(131.0M) Survivors: 11.0M->19.0M Heap: 211.4M(256.0M)->79.4M(256.0M)]
 [Times: user=0.03 sys=0.00, real=0.01 secs] 
2014-07-10T11:36:18.297+0200: 9.079: [GC pause (G1 Evacuation Pause) (young) 9.079: [G1Ergonomics (CSet Construction) start choosing CSet, _pending_cards: 512, predicted base time: 0.93 ms, remaining time: 199.07 ms, target pause time: 200.00 ms]
 9.079: [G1Ergonomics (CSet Construction) add young regions to CSet, eden: 131 regions, survivors: 19 regions, predicted young region time: 62.19 ms]
 9.079: [G1Ergonomics (CSet Construction) finish choosing CSet, eden: 131 regions, survivors: 19 regions, old: 0 regions, predicted pause time: 63.12 ms, target pause time: 200.00 ms]
, 0.0126358 secs]
   [Parallel Time: 12.0 ms, GC Workers: 2]
      [GC Worker Start (ms): Min: 9079.0, Avg: 9079.0, Max: 9079.0, Diff: 0.0]
      [Ext Root Scanning (ms): Min: 0.4, Avg: 0.4, Max: 0.4, Diff: 0.0, Sum: 0.9]
      [Update RS (ms): Min: 0.0, Avg: 0.0, Max: 0.0, Diff: 0.0, Sum: 0.1]
         [Processed Buffers: Min: 1, Avg: 1.5, Max: 2, Diff: 1, Sum: 3]
      [Scan RS (ms): Min: 0.2, Avg: 0.2, Max: 0.2, Diff: 0.0, Sum: 0.4]
      [Code Root Scanning (ms): Min: 0.1, Avg: 0.1, Max: 0.1, Diff: 0.0, Sum: 0.2]
      [Object Copy (ms): Min: 11.2, Avg: 11.2, Max: 11.2, Diff: 0.0, Sum: 22.4]
      [Termination (ms): Min: 0.0, Avg: 0.0, Max: 0.0, Diff: 0.0, Sum: 0.0]
      [GC Worker Other (ms): Min: 0.0, Avg: 0.0, Max: 0.0, Diff: 0.0, Sum: 0.1]
      [GC Worker Total (ms): Min: 12.0, Avg: 12.0, Max: 12.0, Diff: 0.0, Sum: 24.0]
      [GC Worker End (ms): Min: 9091.0, Avg: 9091.0, Max: 9091.0, Diff: 0.0]
   [Code Root Fixup: 0.0 ms]
   [Code Root Migration: 0.0 ms]
   [Clear CT: 0.2 ms]
   [Other: 0.4 ms]
      [Choose CSet: 0.0 ms]
      [Ref Proc: 0.1 ms]
      [Ref Enq: 0.0 ms]
      [Free CSet: 0.2 ms]
   [Eden: 131.0M(131.0M)->0.0B(131.0M) Survivors: 19.0M->19.0M Heap: 210.4M(256.0M)->78.7M(256.0M)]
 [Times: user=0.03 sys=0.00, real=0.01 secs] 
2014-07-10T11:36:18.430+0200: 9.212: [GC pause (G1 Evacuation Pause) (young) 9.212: [G1Ergonomics (CSet Construction) start choosing CSet, _pending_cards: 515, predicted base time: 0.95 ms, remaining time: 199.05 ms, target pause time: 200.00 ms]
 9.212: [G1Ergonomics (CSet Construction) add young regions to CSet, eden: 131 regions, survivors: 19 regions, predicted young region time: 79.96 ms]
 9.212: [G1Ergonomics (CSet Construction) finish choosing CSet, eden: 131 regions, survivors: 19 regions, old: 0 regions, predicted pause time: 80.92 ms, target pause time: 200.00 ms]
, 0.0017382 secs]
   [Parallel Time: 1.3 ms, GC Workers: 2]
      [GC Worker Start (ms): Min: 9212.1, Avg: 9212.1, Max: 9212.1, Diff: 0.0]
      [Ext Root Scanning (ms): Min: 0.3, Avg: 0.3, Max: 0.3, Diff: 0.0, Sum: 0.6]
      [Update RS (ms): Min: 0.0, Avg: 0.0, Max: 0.1, Diff: 0.0, Sum: 0.1]
         [Processed Buffers: Min: 2, Avg: 2.0, Max: 2, Diff: 0, Sum: 4]
      [Scan RS (ms): Min: 0.4, Avg: 0.4, Max: 0.4, Diff: 0.0, Sum: 0.7]
      [Code Root Scanning (ms): Min: 0.1, Avg: 0.1, Max: 0.1, Diff: 0.0, Sum: 0.2]
      [Object Copy (ms): Min: 0.4, Avg: 0.4, Max: 0.4, Diff: 0.0, Sum: 0.8]
      [Termination (ms): Min: 0.0, Avg: 0.0, Max: 0.0, Diff: 0.0, Sum: 0.0]
      [GC Worker Other (ms): Min: 0.0, Avg: 0.0, Max: 0.0, Diff: 0.0, Sum: 0.0]
      [GC Worker Total (ms): Min: 1.2, Avg: 1.3, Max: 1.3, Diff: 0.0, Sum: 2.5]
      [GC Worker End (ms): Min: 9213.3, Avg: 9213.3, Max: 9213.3, Diff: 0.0]
   [Code Root Fixup: 0.0 ms]
   [Code Root Migration: 0.0 ms]
   [Clear CT: 0.1 ms]
   [Other: 0.4 ms]
      [Choose CSet: 0.0 ms]
      [Ref Proc: 0.0 ms]
      [Ref Enq: 0.0 ms]
      [Free CSet: 0.1 ms]
   [Eden: 131.0M(131.0M)->0.0B(151.0M) Survivors: 19.0M->2048.0K Heap: 209.7M(256.0M)->61.4M(256.0M)]
 [Times: user=0.00 sys=0.00, real=0.00 secs] 
2014-07-10T11:36:18.598+0200: 9.380: [GC pause (G1 Evacuation Pause) (young) 9.380: [G1Ergonomics (CSet Construction) start choosing CSet, _pending_cards: 512, predicted base time: 0.91 ms, remaining time: 199.09 ms, target pause time: 200.00 ms]
 9.380: [G1Ergonomics (CSet Construction) add young regions to CSet, eden: 151 regions, survivors: 2 regions, predicted young region time: 20.14 ms]
 9.380: [G1Ergonomics (CSet Construction) finish choosing CSet, eden: 151 regions, survivors: 2 regions, old: 0 regions, predicted pause time: 21.05 ms, target pause time: 200.00 ms]
, 0.0133767 secs]
   [Parallel Time: 12.8 ms, GC Workers: 2]
      [GC Worker Start (ms): Min: 9380.0, Avg: 9380.0, Max: 9380.0, Diff: 0.0]
      [Ext Root Scanning (ms): Min: 0.3, Avg: 0.3, Max: 0.3, Diff: 0.0, Sum: 0.7]
      [Update RS (ms): Min: 0.0, Avg: 0.0, Max: 0.1, Diff: 0.0, Sum: 0.1]
         [Processed Buffers: Min: 1, Avg: 1.5, Max: 2, Diff: 1, Sum: 3]
      [Scan RS (ms): Min: 0.2, Avg: 0.2, Max: 0.2, Diff: 0.0, Sum: 0.4]
      [Code Root Scanning (ms): Min: 0.1, Avg: 0.1, Max: 0.1, Diff: 0.0, Sum: 0.2]
      [Object Copy (ms): Min: 12.0, Avg: 12.0, Max: 12.0, Diff: 0.0, Sum: 24.1]
      [Termination (ms): Min: 0.0, Avg: 0.0, Max: 0.0, Diff: 0.0, Sum: 0.0]
      [GC Worker Other (ms): Min: 0.0, Avg: 0.0, Max: 0.0, Diff: 0.0, Sum: 0.1]
      [GC Worker Total (ms): Min: 12.8, Avg: 12.8, Max: 12.8, Diff: 0.0, Sum: 25.6]
      [GC Worker End (ms): Min: 9392.8, Avg: 9392.8, Max: 9392.8, Diff: 0.0]
   [Code Root Fixup: 0.0 ms]
   [Code Root Migration: 0.0 ms]
   [Clear CT: 0.1 ms]
   [Other: 0.4 ms]
      [Choose CSet: 0.0 ms]
      [Ref Proc: 0.0 ms]
      [Ref Enq: 0.0 ms]
      [Free CSet: 0.2 ms]
   [Eden: 151.0M(151.0M)->0.0B(129.0M) Survivors: 2048.0K->20.0M Heap: 212.4M(256.0M)->80.3M(256.0M)]
 [Times: user=0.03 sys=0.00, real=0.01 secs] 
2014-07-10T11:36:18.704+0200: 9.485: [GC pause (G1 Evacuation Pause) (young) 9.485: [G1Ergonomics (CSet Construction) start choosing CSet, _pending_cards: 512, predicted base time: 0.90 ms, remaining time: 199.10 ms, target pause time: 200.00 ms]
 9.485: [G1Ergonomics (CSet Construction) add young regions to CSet, eden: 129 regions, survivors: 20 regions, predicted young region time: 75.93 ms]
 9.485: [G1Ergonomics (CSet Construction) finish choosing CSet, eden: 129 regions, survivors: 20 regions, old: 0 regions, predicted pause time: 76.84 ms, target pause time: 200.00 ms]
, 0.0122534 secs]
   [Parallel Time: 11.4 ms, GC Workers: 2]
      [GC Worker Start (ms): Min: 9485.3, Avg: 9485.3, Max: 9485.3, Diff: 0.0]
      [Ext Root Scanning (ms): Min: 0.4, Avg: 0.4, Max: 0.4, Diff: 0.0, Sum: 0.8]
      [Update RS (ms): Min: 0.0, Avg: 0.0, Max: 0.1, Diff: 0.0, Sum: 0.1]
         [Processed Buffers: Min: 1, Avg: 1.5, Max: 2, Diff: 1, Sum: 3]
      [Scan RS (ms): Min: 0.2, Avg: 0.2, Max: 0.2, Diff: 0.0, Sum: 0.4]
      [Code Root Scanning (ms): Min: 0.1, Avg: 0.1, Max: 0.1, Diff: 0.0, Sum: 0.2]
      [Object Copy (ms): Min: 10.6, Avg: 10.6, Max: 10.6, Diff: 0.0, Sum: 21.2]
      [Termination (ms): Min: 0.0, Avg: 0.0, Max: 0.0, Diff: 0.0, Sum: 0.0]
      [GC Worker Other (ms): Min: 0.0, Avg: 0.0, Max: 0.0, Diff: 0.0, Sum: 0.1]
      [GC Worker Total (ms): Min: 11.4, Avg: 11.4, Max: 11.4, Diff: 0.0, Sum: 22.7]
      [GC Worker End (ms): Min: 9496.7, Avg: 9496.7, Max: 9496.7, Diff: 0.0]
   [Code Root Fixup: 0.0 ms]
   [Code Root Migration: 0.0 ms]
   [Clear CT: 0.1 ms]
   [Other: 0.7 ms]
      [Choose CSet: 0.0 ms]
      [Ref Proc: 0.3 ms]
      [Ref Enq: 0.0 ms]
      [Free CSet: 0.2 ms]
   [Eden: 129.0M(129.0M)->0.0B(134.0M) Survivors: 20.0M->17.0M Heap: 209.3M(256.0M)->77.2M(256.0M)]
 [Times: user=0.03 sys=0.00, real=0.01 secs] 
2014-07-10T11:36:18.830+0200: 9.612: [GC pause (G1 Evacuation Pause) (young) 9.612: [G1Ergonomics (CSet Construction) start choosing CSet, _pending_cards: 512, predicted base time: 1.02 ms, remaining time: 198.98 ms, target pause time: 200.00 ms]
 9.612: [G1Ergonomics (CSet Construction) add young regions to CSet, eden: 134 regions, survivors: 17 regions, predicted young region time: 81.14 ms]
 9.612: [G1Ergonomics (CSet Construction) finish choosing CSet, eden: 134 regions, survivors: 17 regions, old: 0 regions, predicted pause time: 82.16 ms, target pause time: 200.00 ms]
, 0.0132858 secs]
   [Parallel Time: 12.5 ms, GC Workers: 2]
      [GC Worker Start (ms): Min: 9612.0, Avg: 9612.0, Max: 9612.0, Diff: 0.0]
      [Ext Root Scanning (ms): Min: 0.4, Avg: 0.4, Max: 0.4, Diff: 0.0, Sum: 0.7]
      [Update RS (ms): Min: 0.0, Avg: 0.1, Max: 0.1, Diff: 0.0, Sum: 0.1]
         [Processed Buffers: Min: 1, Avg: 1.5, Max: 2, Diff: 1, Sum: 3]
      [Scan RS (ms): Min: 0.2, Avg: 0.2, Max: 0.3, Diff: 0.1, Sum: 0.5]
      [Code Root Scanning (ms): Min: 0.1, Avg: 0.2, Max: 0.2, Diff: 0.1, Sum: 0.4]
      [Object Copy (ms): Min: 11.7, Avg: 11.7, Max: 11.7, Diff: 0.0, Sum: 23.3]
      [Termination (ms): Min: 0.0, Avg: 0.0, Max: 0.0, Diff: 0.0, Sum: 0.0]
      [GC Worker Other (ms): Min: 0.0, Avg: 0.0, Max: 0.0, Diff: 0.0, Sum: 0.1]
      [GC Worker Total (ms): Min: 12.5, Avg: 12.5, Max: 12.5, Diff: 0.0, Sum: 25.0]
      [GC Worker End (ms): Min: 9624.6, Avg: 9624.6, Max: 9624.6, Diff: 0.0]
   [Code Root Fixup: 0.0 ms]
   [Code Root Migration: 0.0 ms]
   [Clear CT: 0.2 ms]
   [Other: 0.5 ms]
      [Choose CSet: 0.0 ms]
      [Ref Proc: 0.1 ms]
      [Ref Enq: 0.0 ms]
      [Free CSet: 0.2 ms]
   [Eden: 134.0M(134.0M)->0.0B(131.0M) Survivors: 17.0M->19.0M Heap: 211.2M(256.0M)->79.1M(256.0M)]
 [Times: user=0.00 sys=0.00, real=0.01 secs] 
2014-07-10T11:36:19.003+0200: 9.785: [GC pause (G1 Evacuation Pause) (young) 9.785: [G1Ergonomics (CSet Construction) start choosing CSet, _pending_cards: 513, predicted base time: 1.06 ms, remaining time: 198.94 ms, target pause time: 200.00 ms]
 9.785: [G1Ergonomics (CSet Construction) add young regions to CSet, eden: 131 regions, survivors: 19 regions, predicted young region time: 80.06 ms]
 9.785: [G1Ergonomics (CSet Construction) finish choosing CSet, eden: 131 regions, survivors: 19 regions, old: 0 regions, predicted pause time: 81.12 ms, target pause time: 200.00 ms]
, 0.0070733 secs]
   [Parallel Time: 6.5 ms, GC Workers: 2]
      [GC Worker Start (ms): Min: 9785.0, Avg: 9785.0, Max: 9785.0, Diff: 0.0]
      [Ext Root Scanning (ms): Min: 0.3, Avg: 0.3, Max: 0.3, Diff: 0.0, Sum: 0.6]
      [Update RS (ms): Min: 0.0, Avg: 0.0, Max: 0.0, Diff: 0.0, Sum: 0.1]
         [Processed Buffers: Min: 2, Avg: 2.0, Max: 2, Diff: 0, Sum: 4]
      [Scan RS (ms): Min: 0.2, Avg: 0.2, Max: 0.3, Diff: 0.1, Sum: 0.5]
      [Code Root Scanning (ms): Min: 0.1, Avg: 0.2, Max: 0.2, Diff: 0.1, Sum: 0.4]
      [Object Copy (ms): Min: 5.6, Avg: 5.6, Max: 5.6, Diff: 0.0, Sum: 11.3]
      [Termination (ms): Min: 0.0, Avg: 0.0, Max: 0.0, Diff: 0.0, Sum: 0.0]
      [GC Worker Other (ms): Min: 0.0, Avg: 0.0, Max: 0.0, Diff: 0.0, Sum: 0.1]
      [GC Worker Total (ms): Min: 6.4, Avg: 6.4, Max: 6.4, Diff: 0.0, Sum: 12.8]
      [GC Worker End (ms): Min: 9791.5, Avg: 9791.5, Max: 9791.5, Diff: 0.0]
   [Code Root Fixup: 0.0 ms]
   [Code Root Migration: 0.0 ms]
   [Clear CT: 0.1 ms]
   [Other: 0.5 ms]
      [Choose CSet: 0.0 ms]
      [Ref Proc: 0.1 ms]
      [Ref Enq: 0.0 ms]
      [Free CSet: 0.2 ms]
   [Eden: 131.0M(131.0M)->0.0B(142.0M) Survivors: 19.0M->10.0M Heap: 210.1M(256.0M)->69.9M(256.0M)]
 [Times: user=0.00 sys=0.00, real=0.01 secs] 
2014-07-10T11:36:19.102+0200: 9.884: [GC pause (G1 Evacuation Pause) (young) 9.884: [G1Ergonomics (CSet Construction) start choosing CSet, _pending_cards: 513, predicted base time: 1.03 ms, remaining time: 198.97 ms, target pause time: 200.00 ms]
 9.884: [G1Ergonomics (CSet Construction) add young regions to CSet, eden: 142 regions, survivors: 10 regions, predicted young region time: 86.14 ms]
 9.884: [G1Ergonomics (CSet Construction) finish choosing CSet, eden: 142 regions, survivors: 10 regions, old: 0 regions, predicted pause time: 87.17 ms, target pause time: 200.00 ms]
, 0.0153638 secs]
   [Parallel Time: 14.4 ms, GC Workers: 2]
      [GC Worker Start (ms): Min: 9883.7, Avg: 9883.7, Max: 9883.7, Diff: 0.0]
      [Ext Root Scanning (ms): Min: 0.3, Avg: 0.3, Max: 0.3, Diff: 0.0, Sum: 0.6]
      [Update RS (ms): Min: 0.0, Avg: 0.0, Max: 0.0, Diff: 0.0, Sum: 0.1]
         [Processed Buffers: Min: 1, Avg: 2.0, Max: 3, Diff: 2, Sum: 4]
      [Scan RS (ms): Min: 0.2, Avg: 0.2, Max: 0.3, Diff: 0.0, Sum: 0.5]
      [Code Root Scanning (ms): Min: 0.1, Avg: 0.1, Max: 0.1, Diff: 0.0, Sum: 0.2]
      [Object Copy (ms): Min: 11.8, Avg: 11.8, Max: 11.8, Diff: 0.0, Sum: 23.5]
      [Termination (ms): Min: 0.0, Avg: 0.6, Max: 1.3, Diff: 1.2, Sum: 1.3]
      [GC Worker Other (ms): Min: 0.0, Avg: 0.0, Max: 0.0, Diff: 0.0, Sum: 0.1]
      [GC Worker Total (ms): Min: 12.5, Avg: 13.1, Max: 13.7, Diff: 1.2, Sum: 26.3]
      [GC Worker End (ms): Min: 9896.3, Avg: 9896.9, Max: 9897.5, Diff: 1.2]
   [Code Root Fixup: 0.0 ms]
   [Code Root Migration: 0.0 ms]
   [Clear CT: 0.1 ms]
   [Other: 0.9 ms]
      [Choose CSet: 0.0 ms]
      [Ref Proc: 0.5 ms]
      [Ref Enq: 0.0 ms]
      [Free CSet: 0.2 ms]
   [Eden: 142.0M(142.0M)->0.0B(131.0M) Survivors: 10.0M->19.0M Heap: 211.9M(256.0M)->79.8M(256.0M)]
 [Times: user=0.03 sys=0.00, real=0.02 secs] 
2014-07-10T11:36:19.245+0200: 10.026: [GC pause (G1 Evacuation Pause) (young) 10.026: [G1Ergonomics (CSet Construction) start choosing CSet, _pending_cards: 512, predicted base time: 1.72 ms, remaining time: 198.28 ms, target pause time: 200.00 ms]
 10.026: [G1Ergonomics (CSet Construction) add young regions to CSet, eden: 131 regions, survivors: 19 regions, predicted young region time: 62.59 ms]
 10.026: [G1Ergonomics (CSet Construction) finish choosing CSet, eden: 131 regions, survivors: 19 regions, old: 0 regions, predicted pause time: 64.31 ms, target pause time: 200.00 ms]
, 0.0146192 secs]
   [Parallel Time: 12.9 ms, GC Workers: 2]
      [GC Worker Start (ms): Min: 10026.5, Avg: 10026.5, Max: 10026.5, Diff: 0.0]
      [Ext Root Scanning (ms): Min: 0.3, Avg: 0.3, Max: 0.3, Diff: 0.0, Sum: 0.6]
      [Update RS (ms): Min: 0.0, Avg: 0.0, Max: 0.0, Diff: 0.0, Sum: 0.1]
         [Processed Buffers: Min: 1, Avg: 1.5, Max: 2, Diff: 1, Sum: 3]
      [Scan RS (ms): Min: 0.2, Avg: 0.2, Max: 0.2, Diff: 0.0, Sum: 0.4]
      [Code Root Scanning (ms): Min: 0.1, Avg: 0.1, Max: 0.1, Diff: 0.0, Sum: 0.2]
      [Object Copy (ms): Min: 12.2, Avg: 12.2, Max: 12.2, Diff: 0.0, Sum: 24.4]
      [Termination (ms): Min: 0.0, Avg: 0.0, Max: 0.0, Diff: 0.0, Sum: 0.0]
      [GC Worker Other (ms): Min: 0.0, Avg: 0.0, Max: 0.0, Diff: 0.0, Sum: 0.1]
      [GC Worker Total (ms): Min: 12.9, Avg: 12.9, Max: 12.9, Diff: 0.0, Sum: 25.8]
      [GC Worker End (ms): Min: 10039.4, Avg: 10039.4, Max: 10039.4, Diff: 0.0]
   [Code Root Fixup: 0.0 ms]
   [Code Root Migration: 0.0 ms]
   [Clear CT: 0.5 ms]
   [Other: 1.2 ms]
      [Choose CSet: 0.0 ms]
      [Ref Proc: 0.8 ms]
      [Ref Enq: 0.0 ms]
      [Free CSet: 0.2 ms]
   [Eden: 131.0M(131.0M)->0.0B(131.0M) Survivors: 19.0M->19.0M Heap: 210.8M(256.0M)->79.1M(256.0M)]
 [Times: user=0.03 sys=0.00, real=0.02 secs] 
2014-07-10T11:36:19.399+0200: 10.180: [GC pause (G1 Evacuation Pause) (young) 10.180: [G1Ergonomics (CSet Construction) start choosing CSet, _pending_cards: 512, predicted base time: 1.85 ms, remaining time: 198.15 ms, target pause time: 200.00 ms]
 10.180: [G1Ergonomics (CSet Construction) add young regions to CSet, eden: 131 regions, survivors: 19 regions, predicted young region time: 82.36 ms]
 10.180: [G1Ergonomics (CSet Construction) finish choosing CSet, eden: 131 regions, survivors: 19 regions, old: 0 regions, predicted pause time: 84.21 ms, target pause time: 200.00 ms]
, 0.0119245 secs]
   [Parallel Time: 11.3 ms, GC Workers: 2]
      [GC Worker Start (ms): Min: 10180.4, Avg: 10180.4, Max: 10180.4, Diff: 0.0]
      [Ext Root Scanning (ms): Min: 0.4, Avg: 0.4, Max: 0.4, Diff: 0.0, Sum: 0.7]
      [Update RS (ms): Min: 0.0, Avg: 0.0, Max: 0.1, Diff: 0.0, Sum: 0.1]
         [Processed Buffers: Min: 1, Avg: 1.5, Max: 2, Diff: 1, Sum: 3]
      [Scan RS (ms): Min: 0.3, Avg: 0.3, Max: 0.3, Diff: 0.0, Sum: 0.6]
      [Code Root Scanning (ms): Min: 0.1, Avg: 0.1, Max: 0.1, Diff: 0.0, Sum: 0.2]
      [Object Copy (ms): Min: 10.4, Avg: 10.4, Max: 10.4, Diff: 0.0, Sum: 20.8]
      [Termination (ms): Min: 0.0, Avg: 0.0, Max: 0.0, Diff: 0.0, Sum: 0.0]
      [GC Worker Other (ms): Min: 0.0, Avg: 0.0, Max: 0.0, Diff: 0.0, Sum: 0.1]
      [GC Worker Total (ms): Min: 11.2, Avg: 11.2, Max: 11.2, Diff: 0.0, Sum: 22.5]
      [GC Worker End (ms): Min: 10191.7, Avg: 10191.7, Max: 10191.7, Diff: 0.0]
   [Code Root Fixup: 0.0 ms]
   [Code Root Migration: 0.1 ms]
   [Clear CT: 0.1 ms]
   [Other: 0.5 ms]
      [Choose CSet: 0.0 ms]
      [Ref Proc: 0.1 ms]
      [Ref Enq: 0.0 ms]
      [Free CSet: 0.2 ms]
   [Eden: 131.0M(131.0M)->0.0B(132.0M) Survivors: 19.0M->18.0M Heap: 210.1M(256.0M)->78.0M(256.0M)]
 [Times: user=0.03 sys=0.00, real=0.01 secs] 
2014-07-10T11:36:19.491+0200: 10.273: [GC pause (G1 Evacuation Pause) (young) 10.273: [G1Ergonomics (CSet Construction) start choosing CSet, _pending_cards: 259, predicted base time: 1.62 ms, remaining time: 198.38 ms, target pause time: 200.00 ms]
 10.273: [G1Ergonomics (CSet Construction) add young regions to CSet, eden: 132 regions, survivors: 18 regions, predicted young region time: 57.45 ms]
 10.273: [G1Ergonomics (CSet Construction) finish choosing CSet, eden: 132 regions, survivors: 18 regions, old: 0 regions, predicted pause time: 59.07 ms, target pause time: 200.00 ms]
, 0.0031904 secs]
   [Parallel Time: 2.6 ms, GC Workers: 2]
      [GC Worker Start (ms): Min: 10273.0, Avg: 10273.0, Max: 10273.0, Diff: 0.0]
      [Ext Root Scanning (ms): Min: 0.3, Avg: 0.3, Max: 0.3, Diff: 0.0, Sum: 0.5]
      [Update RS (ms): Min: 0.0, Avg: 0.0, Max: 0.0, Diff: 0.0, Sum: 0.1]
         [Processed Buffers: Min: 1, Avg: 1.5, Max: 2, Diff: 1, Sum: 3]
      [Scan RS (ms): Min: 0.2, Avg: 0.2, Max: 0.2, Diff: 0.0, Sum: 0.4]
      [Code Root Scanning (ms): Min: 0.1, Avg: 0.1, Max: 0.1, Diff: 0.0, Sum: 0.2]
      [Object Copy (ms): Min: 1.9, Avg: 1.9, Max: 1.9, Diff: 0.0, Sum: 3.8]
      [Termination (ms): Min: 0.0, Avg: 0.0, Max: 0.0, Diff: 0.0, Sum: 0.0]
      [GC Worker Other (ms): Min: 0.0, Avg: 0.0, Max: 0.0, Diff: 0.0, Sum: 0.1]
      [GC Worker Total (ms): Min: 2.6, Avg: 2.6, Max: 2.6, Diff: 0.0, Sum: 5.1]
      [GC Worker End (ms): Min: 10275.6, Avg: 10275.6, Max: 10275.6, Diff: 0.0]
   [Code Root Fixup: 0.0 ms]
   [Code Root Migration: 0.0 ms]
   [Clear CT: 0.1 ms]
   [Other: 0.4 ms]
      [Choose CSet: 0.0 ms]
      [Ref Proc: 0.1 ms]
      [Ref Enq: 0.0 ms]
      [Free CSet: 0.2 ms]
   [Eden: 132.0M(132.0M)->0.0B(149.0M) Survivors: 18.0M->4096.0K Heap: 210.0M(256.0M)->64.7M(256.0M)]
 [Times: user=0.00 sys=0.00, real=0.00 secs] 
2014-07-10T11:36:19.698+0200: 10.481: [GC pause (G1 Evacuation Pause) (young) 10.481: [G1Ergonomics (CSet Construction) start choosing CSet, _pending_cards: 512, predicted base time: 1.46 ms, remaining time: 198.54 ms, target pause time: 200.00 ms]
 10.481: [G1Ergonomics (CSet Construction) add young regions to CSet, eden: 149 regions, survivors: 4 regions, predicted young region time: 88.42 ms]
 10.481: [G1Ergonomics (CSet Construction) finish choosing CSet, eden: 149 regions, survivors: 4 regions, old: 0 regions, predicted pause time: 89.88 ms, target pause time: 200.00 ms]
, 0.0200511 secs]
   [Parallel Time: 18.5 ms, GC Workers: 2]
      [GC Worker Start (ms): Min: 10481.1, Avg: 10481.3, Max: 10481.4, Diff: 0.4]
      [Ext Root Scanning (ms): Min: 0.0, Avg: 0.2, Max: 0.3, Diff: 0.3, Sum: 0.4]
      [Update RS (ms): Min: 0.0, Avg: 0.0, Max: 0.0, Diff: 0.0, Sum: 0.1]
         [Processed Buffers: Min: 1, Avg: 1.5, Max: 2, Diff: 1, Sum: 3]
      [Scan RS (ms): Min: 0.2, Avg: 0.2, Max: 0.2, Diff: 0.1, Sum: 0.4]
      [Code Root Scanning (ms): Min: 0.1, Avg: 0.2, Max: 0.2, Diff: 0.1, Sum: 0.3]
      [Object Copy (ms): Min: 14.0, Avg: 14.1, Max: 14.3, Diff: 0.3, Sum: 28.3]
      [Termination (ms): Min: 0.0, Avg: 1.8, Max: 3.7, Diff: 3.7, Sum: 3.7]
      [GC Worker Other (ms): Min: 0.0, Avg: 0.0, Max: 0.0, Diff: 0.0, Sum: 0.0]
      [GC Worker Total (ms): Min: 15.1, Avg: 16.6, Max: 18.1, Diff: 3.1, Sum: 33.2]
      [GC Worker End (ms): Min: 10496.1, Avg: 10497.9, Max: 10499.6, Diff: 3.4]
   [Code Root Fixup: 0.0 ms]
   [Code Root Migration: 0.0 ms]
   [Clear CT: 0.1 ms]
   [Other: 1.4 ms]
      [Choose CSet: 0.0 ms]
      [Ref Proc: 0.1 ms]
      [Ref Enq: 0.0 ms]
      [Free CSet: 0.2 ms]
   [Eden: 149.0M(149.0M)->0.0B(128.0M) Survivors: 4096.0K->20.0M Heap: 213.7M(256.0M)->81.6M(256.0M)]
 [Times: user=0.03 sys=0.02, real=0.02 secs] 
2014-07-10T11:36:19.807+0200: 10.588: [GC pause (G1 Evacuation Pause) (young) 10.589: [G1Ergonomics (CSet Construction) start choosing CSet, _pending_cards: 512, predicted base time: 1.98 ms, remaining time: 198.02 ms, target pause time: 200.00 ms]
 10.589: [G1Ergonomics (CSet Construction) add young regions to CSet, eden: 128 regions, survivors: 20 regions, predicted young region time: 67.17 ms]
 10.589: [G1Ergonomics (CSet Construction) finish choosing CSet, eden: 128 regions, survivors: 20 regions, old: 0 regions, predicted pause time: 69.15 ms, target pause time: 200.00 ms]
, 0.0140484 secs]
   [Parallel Time: 13.5 ms, GC Workers: 2]
      [GC Worker Start (ms): Min: 10588.6, Avg: 10588.6, Max: 10588.6, Diff: 0.0]
      [Ext Root Scanning (ms): Min: 0.3, Avg: 0.3, Max: 0.3, Diff: 0.0, Sum: 0.5]
      [Update RS (ms): Min: 0.0, Avg: 0.0, Max: 0.0, Diff: 0.0, Sum: 0.1]
         [Processed Buffers: Min: 1, Avg: 1.5, Max: 2, Diff: 1, Sum: 3]
      [Scan RS (ms): Min: 0.2, Avg: 0.2, Max: 0.2, Diff: 0.0, Sum: 0.4]
      [Code Root Scanning (ms): Min: 0.1, Avg: 0.1, Max: 0.1, Diff: 0.0, Sum: 0.2]
      [Object Copy (ms): Min: 10.3, Avg: 10.3, Max: 10.3, Diff: 0.0, Sum: 20.7]
      [Termination (ms): Min: 0.0, Avg: 0.0, Max: 0.0, Diff: 0.0, Sum: 0.0]
      [GC Worker Other (ms): Min: 0.0, Avg: 0.0, Max: 0.0, Diff: 0.0, Sum: 0.1]
      [GC Worker Total (ms): Min: 11.0, Avg: 11.0, Max: 11.0, Diff: 0.0, Sum: 22.0]
      [GC Worker End (ms): Min: 10599.5, Avg: 10599.5, Max: 10599.5, Diff: 0.0]
   [Code Root Fixup: 0.0 ms]
   [Code Root Migration: 0.0 ms]
   [Clear CT: 0.1 ms]
   [Other: 0.4 ms]
      [Choose CSet: 0.0 ms]
      [Ref Proc: 0.1 ms]
      [Ref Enq: 0.0 ms]
      [Free CSet: 0.2 ms]
   [Eden: 128.0M(128.0M)->0.0B(133.0M) Survivors: 20.0M->17.0M Heap: 209.6M(256.0M)->78.2M(256.0M)]
 [Times: user=0.03 sys=0.00, real=0.01 secs] 
2014-07-10T11:36:19.913+0200: 10.695: [GC pause (G1 Evacuation Pause) (young) 10.695: [G1Ergonomics (CSet Construction) start choosing CSet, _pending_cards: 512, predicted base time: 2.55 ms, remaining time: 197.45 ms, target pause time: 200.00 ms]
 10.695: [G1Ergonomics (CSet Construction) add young regions to CSet, eden: 133 regions, survivors: 17 regions, predicted young region time: 83.21 ms]
 10.695: [G1Ergonomics (CSet Construction) finish choosing CSet, eden: 133 regions, survivors: 17 regions, old: 0 regions, predicted pause time: 85.76 ms, target pause time: 200.00 ms]
, 0.0147318 secs]
   [Parallel Time: 11.5 ms, GC Workers: 2]
      [GC Worker Start (ms): Min: 10695.0, Avg: 10695.0, Max: 10695.0, Diff: 0.0]
      [Ext Root Scanning (ms): Min: 0.3, Avg: 0.3, Max: 0.3, Diff: 0.0, Sum: 0.5]
      [Update RS (ms): Min: 0.0, Avg: 0.0, Max: 0.0, Diff: 0.0, Sum: 0.1]
         [Processed Buffers: Min: 1, Avg: 1.5, Max: 2, Diff: 1, Sum: 3]
      [Scan RS (ms): Min: 0.2, Avg: 0.2, Max: 0.2, Diff: 0.0, Sum: 0.4]
      [Code Root Scanning (ms): Min: 0.1, Avg: 0.1, Max: 0.1, Diff: 0.0, Sum: 0.2]
      [Object Copy (ms): Min: 10.8, Avg: 10.8, Max: 10.8, Diff: 0.0, Sum: 21.6]
      [Termination (ms): Min: 0.0, Avg: 0.0, Max: 0.0, Diff: 0.0, Sum: 0.0]
      [GC Worker Other (ms): Min: 0.0, Avg: 0.0, Max: 0.0, Diff: 0.0, Sum: 0.1]
      [GC Worker Total (ms): Min: 11.4, Avg: 11.4, Max: 11.4, Diff: 0.0, Sum: 22.9]
      [GC Worker End (ms): Min: 10706.4, Avg: 10706.4, Max: 10706.4, Diff: 0.0]
   [Code Root Fixup: 0.0 ms]
   [Code Root Migration: 0.0 ms]
   [Clear CT: 0.1 ms]
   [Other: 3.1 ms]
      [Choose CSet: 0.0 ms]
      [Ref Proc: 2.8 ms]
      [Ref Enq: 0.0 ms]
      [Free CSet: 0.2 ms]
   [Eden: 133.0M(133.0M)->0.0B(131.0M) Survivors: 17.0M->18.0M Heap: 211.2M(256.0M)->79.1M(256.0M)]
 [Times: user=0.02 sys=0.00, real=0.01 secs] 
2014-07-10T11:36:20.043+0200: 10.825: [GC pause (G1 Evacuation Pause) (young) 10.825: [G1Ergonomics (CSet Construction) start choosing CSet, _pending_cards: 258, predicted base time: 2.94 ms, remaining time: 197.06 ms, target pause time: 200.00 ms]
 10.825: [G1Ergonomics (CSet Construction) add young regions to CSet, eden: 131 regions, survivors: 18 regions, predicted young region time: 81.55 ms]
 10.825: [G1Ergonomics (CSet Construction) finish choosing CSet, eden: 131 regions, survivors: 18 regions, old: 0 regions, predicted pause time: 84.50 ms, target pause time: 200.00 ms]
, 0.0037693 secs]
   [Parallel Time: 3.0 ms, GC Workers: 2]
      [GC Worker Start (ms): Min: 10824.7, Avg: 10824.7, Max: 10824.7, Diff: 0.0]
      [Ext Root Scanning (ms): Min: 0.3, Avg: 0.3, Max: 0.3, Diff: 0.0, Sum: 0.5]
      [Update RS (ms): Min: 0.0, Avg: 0.0, Max: 0.0, Diff: 0.0, Sum: 0.1]
         [Processed Buffers: Min: 1, Avg: 1.5, Max: 2, Diff: 1, Sum: 3]
      [Scan RS (ms): Min: 0.2, Avg: 0.2, Max: 0.2, Diff: 0.0, Sum: 0.4]
      [Code Root Scanning (ms): Min: 0.1, Avg: 0.1, Max: 0.1, Diff: 0.0, Sum: 0.2]
      [Object Copy (ms): Min: 2.3, Avg: 2.3, Max: 2.3, Diff: 0.0, Sum: 4.6]
      [Termination (ms): Min: 0.0, Avg: 0.0, Max: 0.0, Diff: 0.0, Sum: 0.0]
      [GC Worker Other (ms): Min: 0.0, Avg: 0.0, Max: 0.0, Diff: 0.0, Sum: 0.1]
      [GC Worker Total (ms): Min: 3.0, Avg: 3.0, Max: 3.0, Diff: 0.0, Sum: 5.9]
      [GC Worker End (ms): Min: 10827.7, Avg: 10827.7, Max: 10827.7, Diff: 0.0]
   [Code Root Fixup: 0.0 ms]
   [Code Root Migration: 0.2 ms]
   [Clear CT: 0.1 ms]
   [Other: 0.4 ms]
      [Choose CSet: 0.0 ms]
      [Ref Proc: 0.0 ms]
      [Ref Enq: 0.0 ms]
      [Free CSet: 0.2 ms]
   [Eden: 131.0M(131.0M)->0.0B(147.0M) Survivors: 18.0M->5120.0K Heap: 210.1M(256.0M)->65.9M(256.0M)]
 [Times: user=0.03 sys=0.00, real=0.00 secs] 
2014-07-10T11:36:20.201+0200: 10.983: [GC pause (G1 Evacuation Pause) (young) 10.983: [G1Ergonomics (CSet Construction) start choosing CSet, _pending_cards: 512, predicted base time: 2.54 ms, remaining time: 197.46 ms, target pause time: 200.00 ms]
 10.983: [G1Ergonomics (CSet Construction) add young regions to CSet, eden: 147 regions, survivors: 5 regions, predicted young region time: 88.53 ms]
 10.983: [G1Ergonomics (CSet Construction) finish choosing CSet, eden: 147 regions, survivors: 5 regions, old: 0 regions, predicted pause time: 91.07 ms, target pause time: 200.00 ms]
, 0.0128070 secs]
   [Parallel Time: 12.1 ms, GC Workers: 2]
      [GC Worker Start (ms): Min: 10982.7, Avg: 10982.7, Max: 10982.7, Diff: 0.0]
      [Ext Root Scanning (ms): Min: 0.2, Avg: 0.2, Max: 0.2, Diff: 0.0, Sum: 0.5]
      [Update RS (ms): Min: 0.0, Avg: 0.0, Max: 0.0, Diff: 0.0, Sum: 0.1]
         [Processed Buffers: Min: 1, Avg: 1.5, Max: 2, Diff: 1, Sum: 3]
      [Scan RS (ms): Min: 0.2, Avg: 0.2, Max: 0.2, Diff: 0.0, Sum: 0.4]
      [Code Root Scanning (ms): Min: 0.1, Avg: 0.1, Max: 0.1, Diff: 0.0, Sum: 0.2]
      [Object Copy (ms): Min: 11.4, Avg: 11.4, Max: 11.4, Diff: 0.0, Sum: 22.8]
      [Termination (ms): Min: 0.0, Avg: 0.0, Max: 0.0, Diff: 0.0, Sum: 0.0]
      [GC Worker Other (ms): Min: 0.0, Avg: 0.0, Max: 0.0, Diff: 0.0, Sum: 0.1]
      [GC Worker Total (ms): Min: 12.0, Avg: 12.0, Max: 12.0, Diff: 0.0, Sum: 24.1]
      [GC Worker End (ms): Min: 10994.8, Avg: 10994.8, Max: 10994.8, Diff: 0.0]
   [Code Root Fixup: 0.0 ms]
   [Code Root Migration: 0.0 ms]
   [Clear CT: 0.1 ms]
   [Other: 0.6 ms]
      [Choose CSet: 0.0 ms]
      [Ref Proc: 0.2 ms]
      [Ref Enq: 0.0 ms]
      [Free CSet: 0.2 ms]
   [Eden: 147.0M(147.0M)->0.0B(130.0M) Survivors: 5120.0K->19.0M Heap: 212.9M(256.0M)->80.8M(256.0M)]
 [Times: user=0.02 sys=0.01, real=0.01 secs] 
2014-07-10T11:36:20.303+0200: 11.085: [GC pause (G1 Evacuation Pause) (young) 11.085: [G1Ergonomics (CSet Construction) start choosing CSet, _pending_cards: 513, predicted base time: 2.17 ms, remaining time: 197.83 ms, target pause time: 200.00 ms]
 11.085: [G1Ergonomics (CSet Construction) add young regions to CSet, eden: 130 regions, survivors: 19 regions, predicted young region time: 78.18 ms]
 11.085: [G1Ergonomics (CSet Construction) finish choosing CSet, eden: 130 regions, survivors: 19 regions, old: 0 regions, predicted pause time: 80.35 ms, target pause time: 200.00 ms]
, 0.0116459 secs]
   [Parallel Time: 11.1 ms, GC Workers: 2]
      [GC Worker Start (ms): Min: 11085.2, Avg: 11085.2, Max: 11085.2, Diff: 0.0]
      [Ext Root Scanning (ms): Min: 0.3, Avg: 0.3, Max: 0.3, Diff: 0.0, Sum: 0.6]
      [Update RS (ms): Min: 0.0, Avg: 0.0, Max: 0.0, Diff: 0.0, Sum: 0.1]
         [Processed Buffers: Min: 1, Avg: 2.0, Max: 3, Diff: 2, Sum: 4]
      [Scan RS (ms): Min: 0.2, Avg: 0.2, Max: 0.2, Diff: 0.0, Sum: 0.4]
      [Code Root Scanning (ms): Min: 0.1, Avg: 0.1, Max: 0.1, Diff: 0.0, Sum: 0.2]
      [Object Copy (ms): Min: 10.3, Avg: 10.3, Max: 10.3, Diff: 0.0, Sum: 20.5]
      [Termination (ms): Min: 0.0, Avg: 0.0, Max: 0.0, Diff: 0.0, Sum: 0.0]
      [GC Worker Other (ms): Min: 0.0, Avg: 0.0, Max: 0.0, Diff: 0.0, Sum: 0.1]
      [GC Worker Total (ms): Min: 11.0, Avg: 11.0, Max: 11.0, Diff: 0.0, Sum: 21.9]
      [GC Worker End (ms): Min: 11096.1, Avg: 11096.1, Max: 11096.1, Diff: 0.0]
   [Code Root Fixup: 0.0 ms]
   [Code Root Migration: 0.0 ms]
   [Clear CT: 0.1 ms]
   [Other: 0.4 ms]
      [Choose CSet: 0.0 ms]
      [Ref Proc: 0.1 ms]
      [Ref Enq: 0.0 ms]
      [Free CSet: 0.2 ms]
   [Eden: 130.0M(130.0M)->0.0B(133.0M) Survivors: 19.0M->17.0M Heap: 210.8M(256.0M)->78.7M(256.0M)]
 [Times: user=0.03 sys=0.00, real=0.01 secs] 
2014-07-10T11:36:20.436+0200: 11.217: [GC pause (G1 Evacuation Pause) (young) 11.217: [G1Ergonomics (CSet Construction) start choosing CSet, _pending_cards: 513, predicted base time: 1.88 ms, remaining time: 198.12 ms, target pause time: 200.00 ms]
 11.217: [G1Ergonomics (CSet Construction) add young regions to CSet, eden: 133 regions, survivors: 17 regions, predicted young region time: 60.49 ms]
 11.217: [G1Ergonomics (CSet Construction) finish choosing CSet, eden: 133 regions, survivors: 17 regions, old: 0 regions, predicted pause time: 62.37 ms, target pause time: 200.00 ms]
, 0.0094776 secs]
   [Parallel Time: 8.8 ms, GC Workers: 2]
      [GC Worker Start (ms): Min: 11217.5, Avg: 11217.5, Max: 11217.5, Diff: 0.0]
      [Ext Root Scanning (ms): Min: 0.3, Avg: 0.3, Max: 0.3, Diff: 0.0, Sum: 0.5]
      [Update RS (ms): Min: 0.0, Avg: 0.0, Max: 0.0, Diff: 0.0, Sum: 0.1]
         [Processed Buffers: Min: 2, Avg: 2.0, Max: 2, Diff: 0, Sum: 4]
      [Scan RS (ms): Min: 0.2, Avg: 0.2, Max: 0.2, Diff: 0.0, Sum: 0.4]
      [Code Root Scanning (ms): Min: 0.1, Avg: 0.1, Max: 0.1, Diff: 0.0, Sum: 0.2]
      [Object Copy (ms): Min: 8.1, Avg: 8.1, Max: 8.1, Diff: 0.0, Sum: 16.2]
      [Termination (ms): Min: 0.0, Avg: 0.0, Max: 0.0, Diff: 0.0, Sum: 0.0]
      [GC Worker Other (ms): Min: 0.0, Avg: 0.0, Max: 0.0, Diff: 0.0, Sum: 0.1]
      [GC Worker Total (ms): Min: 8.7, Avg: 8.7, Max: 8.7, Diff: 0.0, Sum: 17.5]
      [GC Worker End (ms): Min: 11226.3, Avg: 11226.3, Max: 11226.3, Diff: 0.0]
   [Code Root Fixup: 0.0 ms]
   [Code Root Migration: 0.0 ms]
   [Clear CT: 0.1 ms]
   [Other: 0.5 ms]
      [Choose CSet: 0.0 ms]
      [Ref Proc: 0.2 ms]
      [Ref Enq: 0.0 ms]
      [Free CSet: 0.2 ms]
   [Eden: 133.0M(133.0M)->0.0B(137.0M) Survivors: 17.0M->14.0M Heap: 211.7M(256.0M)->75.5M(256.0M)]
 [Times: user=0.00 sys=0.00, real=0.01 secs] 
2014-07-10T11:36:20.593+0200: 11.375: [GC pause (G1 Evacuation Pause) (young) 11.375: [G1Ergonomics (CSet Construction) start choosing CSet, _pending_cards: 513, predicted base time: 1.65 ms, remaining time: 198.35 ms, target pause time: 200.00 ms]
 11.375: [G1Ergonomics (CSet Construction) add young regions to CSet, eden: 137 regions, survivors: 14 regions, predicted young region time: 81.44 ms]
 11.375: [G1Ergonomics (CSet Construction) finish choosing CSet, eden: 137 regions, survivors: 14 regions, old: 0 regions, predicted pause time: 83.10 ms, target pause time: 200.00 ms]
, 0.0080408 secs]
   [Parallel Time: 7.5 ms, GC Workers: 2]
      [GC Worker Start (ms): Min: 11375.2, Avg: 11375.2, Max: 11375.3, Diff: 0.0]
      [Ext Root Scanning (ms): Min: 0.3, Avg: 0.3, Max: 0.3, Diff: 0.0, Sum: 0.7]
      [Update RS (ms): Min: 0.0, Avg: 0.0, Max: 0.1, Diff: 0.0, Sum: 0.1]
         [Processed Buffers: Min: 2, Avg: 2.0, Max: 2, Diff: 0, Sum: 4]
      [Scan RS (ms): Min: 0.2, Avg: 0.2, Max: 0.2, Diff: 0.0, Sum: 0.5]
      [Code Root Scanning (ms): Min: 0.1, Avg: 0.1, Max: 0.1, Diff: 0.0, Sum: 0.2]
      [Object Copy (ms): Min: 6.7, Avg: 6.7, Max: 6.7, Diff: 0.0, Sum: 13.4]
      [Termination (ms): Min: 0.0, Avg: 0.0, Max: 0.0, Diff: 0.0, Sum: 0.0]
      [GC Worker Other (ms): Min: 0.0, Avg: 0.0, Max: 0.0, Diff: 0.0, Sum: 0.1]
      [GC Worker Total (ms): Min: 7.4, Avg: 7.4, Max: 7.4, Diff: 0.0, Sum: 14.9]
      [GC Worker End (ms): Min: 11382.7, Avg: 11382.7, Max: 11382.7, Diff: 0.0]
   [Code Root Fixup: 0.0 ms]
   [Code Root Migration: 0.0 ms]
   [Clear CT: 0.1 ms]
   [Other: 0.4 ms]
      [Choose CSet: 0.0 ms]
      [Ref Proc: 0.0 ms]
      [Ref Enq: 0.0 ms]
      [Free CSet: 0.2 ms]
   [Eden: 137.0M(137.0M)->0.0B(141.0M) Survivors: 14.0M->11.0M Heap: 212.5M(256.0M)->72.4M(256.0M)]
 [Times: user=0.00 sys=0.00, real=0.01 secs] 
2014-07-10T11:36:20.700+0200: 11.481: [GC pause (G1 Evacuation Pause) (young) 11.481: [G1Ergonomics (CSet Construction) start choosing CSet, _pending_cards: 512, predicted base time: 1.47 ms, remaining time: 198.53 ms, target pause time: 200.00 ms]
 11.481: [G1Ergonomics (CSet Construction) add young regions to CSet, eden: 141 regions, survivors: 11 regions, predicted young region time: 36.90 ms]
 11.481: [G1Ergonomics (CSet Construction) finish choosing CSet, eden: 141 regions, survivors: 11 regions, old: 0 regions, predicted pause time: 38.37 ms, target pause time: 200.00 ms]
, 0.0130570 secs]
   [Parallel Time: 12.3 ms, GC Workers: 2]
      [GC Worker Start (ms): Min: 11481.5, Avg: 11481.5, Max: 11481.5, Diff: 0.0]
      [Ext Root Scanning (ms): Min: 0.3, Avg: 0.3, Max: 0.3, Diff: 0.0, Sum: 0.5]
      [Update RS (ms): Min: 0.0, Avg: 0.0, Max: 0.0, Diff: 0.0, Sum: 0.1]
         [Processed Buffers: Min: 1, Avg: 1.5, Max: 2, Diff: 1, Sum: 3]
      [Scan RS (ms): Min: 0.2, Avg: 0.2, Max: 0.2, Diff: 0.0, Sum: 0.4]
      [Code Root Scanning (ms): Min: 0.1, Avg: 0.1, Max: 0.1, Diff: 0.0, Sum: 0.2]
      [Object Copy (ms): Min: 11.6, Avg: 11.6, Max: 11.6, Diff: 0.0, Sum: 23.2]
      [Termination (ms): Min: 0.0, Avg: 0.0, Max: 0.0, Diff: 0.0, Sum: 0.0]
      [GC Worker Other (ms): Min: 0.0, Avg: 0.0, Max: 0.0, Diff: 0.0, Sum: 0.1]
      [GC Worker Total (ms): Min: 12.3, Avg: 12.3, Max: 12.3, Diff: 0.0, Sum: 24.6]
      [GC Worker End (ms): Min: 11493.8, Avg: 11493.8, Max: 11493.8, Diff: 0.0]
   [Code Root Fixup: 0.0 ms]
   [Code Root Migration: 0.0 ms]
   [Clear CT: 0.1 ms]
   [Other: 0.6 ms]
      [Choose CSet: 0.0 ms]
      [Ref Proc: 0.2 ms]
      [Ref Enq: 0.0 ms]
      [Free CSet: 0.2 ms]
   [Eden: 141.0M(141.0M)->0.0B(129.0M) Survivors: 11.0M->19.0M Heap: 213.4M(256.0M)->81.3M(256.0M)]
 [Times: user=0.03 sys=0.00, real=0.01 secs] 
2014-07-10T11:36:20.862+0200: 11.643: [GC pause (G1 Evacuation Pause) (young) 11.644: [G1Ergonomics (CSet Construction) start choosing CSet, _pending_cards: 512, predicted base time: 1.35 ms, remaining time: 198.65 ms, target pause time: 200.00 ms]
 11.644: [G1Ergonomics (CSet Construction) add young regions to CSet, eden: 129 regions, survivors: 19 regions, predicted young region time: 77.36 ms]
 11.644: [G1Ergonomics (CSet Construction) finish choosing CSet, eden: 129 regions, survivors: 19 regions, old: 0 regions, predicted pause time: 78.72 ms, target pause time: 200.00 ms]
, 0.0119626 secs]
   [Parallel Time: 11.4 ms, GC Workers: 2]
      [GC Worker Start (ms): Min: 11643.6, Avg: 11643.6, Max: 11643.6, Diff: 0.0]
      [Ext Root Scanning (ms): Min: 0.3, Avg: 0.3, Max: 0.3, Diff: 0.0, Sum: 0.7]
      [Update RS (ms): Min: 0.0, Avg: 0.0, Max: 0.0, Diff: 0.0, Sum: 0.1]
         [Processed Buffers: Min: 1, Avg: 1.5, Max: 2, Diff: 1, Sum: 3]
      [Scan RS (ms): Min: 0.2, Avg: 0.2, Max: 0.2, Diff: 0.0, Sum: 0.5]
      [Code Root Scanning (ms): Min: 0.1, Avg: 0.1, Max: 0.1, Diff: 0.0, Sum: 0.2]
      [Object Copy (ms): Min: 10.6, Avg: 10.6, Max: 10.6, Diff: 0.0, Sum: 21.1]
      [Termination (ms): Min: 0.0, Avg: 0.0, Max: 0.0, Diff: 0.0, Sum: 0.0]
      [GC Worker Other (ms): Min: 0.0, Avg: 0.0, Max: 0.0, Diff: 0.0, Sum: 0.1]
      [GC Worker Total (ms): Min: 11.3, Avg: 11.3, Max: 11.3, Diff: 0.0, Sum: 22.7]
      [GC Worker End (ms): Min: 11654.9, Avg: 11654.9, Max: 11654.9, Diff: 0.0]
   [Code Root Fixup: 0.0 ms]
   [Code Root Migration: 0.1 ms]
   [Clear CT: 0.1 ms]
   [Other: 0.4 ms]
      [Choose CSet: 0.0 ms]
      [Ref Proc: 0.1 ms]
      [Ref Enq: 0.0 ms]
      [Free CSet: 0.2 ms]
   [Eden: 129.0M(129.0M)->0.0B(132.0M) Survivors: 19.0M->17.0M Heap: 210.3M(256.0M)->78.7M(256.0M)]
 [Times: user=0.03 sys=0.00, real=0.01 secs] 
2014-07-10T11:36:20.992+0200: 11.774: [GC pause (G1 Evacuation Pause) (young) 11.774: [G1Ergonomics (CSet Construction) start choosing CSet, _pending_cards: 257, predicted base time: 1.22 ms, remaining time: 198.78 ms, target pause time: 200.00 ms]
 11.774: [G1Ergonomics (CSet Construction) add young regions to CSet, eden: 132 regions, survivors: 17 regions, predicted young region time: 15.96 ms]
 11.774: [G1Ergonomics (CSet Construction) finish choosing CSet, eden: 132 regions, survivors: 17 regions, old: 0 regions, predicted pause time: 17.19 ms, target pause time: 200.00 ms]
, 0.0085295 secs]
   [Parallel Time: 6.1 ms, GC Workers: 2]
      [GC Worker Start (ms): Min: 11774.0, Avg: 11774.0, Max: 11774.0, Diff: 0.0]
      [Ext Root Scanning (ms): Min: 0.3, Avg: 0.4, Max: 0.4, Diff: 0.0, Sum: 0.7]
      [Update RS (ms): Min: 0.0, Avg: 0.0, Max: 0.0, Diff: 0.0, Sum: 0.1]
         [Processed Buffers: Min: 1, Avg: 1.5, Max: 2, Diff: 1, Sum: 3]
      [Scan RS (ms): Min: 0.2, Avg: 0.2, Max: 0.2, Diff: 0.0, Sum: 0.5]
      [Code Root Scanning (ms): Min: 0.1, Avg: 0.1, Max: 0.1, Diff: 0.0, Sum: 0.2]
      [Object Copy (ms): Min: 5.3, Avg: 5.3, Max: 5.3, Diff: 0.0, Sum: 10.6]
      [Termination (ms): Min: 0.0, Avg: 0.0, Max: 0.0, Diff: 0.0, Sum: 0.0]
      [GC Worker Other (ms): Min: 0.0, Avg: 0.0, Max: 0.0, Diff: 0.0, Sum: 0.1]
      [GC Worker Total (ms): Min: 6.1, Avg: 6.1, Max: 6.1, Diff: 0.0, Sum: 12.1]
      [GC Worker End (ms): Min: 11780.1, Avg: 11780.1, Max: 11780.1, Diff: 0.0]
   [Code Root Fixup: 0.0 ms]
   [Code Root Migration: 0.0 ms]
   [Clear CT: 0.1 ms]
   [Other: 2.3 ms]
      [Choose CSet: 0.0 ms]
      [Ref Proc: 1.8 ms]
      [Ref Enq: 0.0 ms]
      [Free CSet: 0.3 ms]
   [Eden: 132.0M(132.0M)->0.0B(142.0M) Survivors: 17.0M->9216.0K Heap: 210.7M(256.0M)->70.5M(256.0M)]
 [Times: user=0.03 sys=0.00, real=0.01 secs] 
2014-07-10T11:36:21.100+0200: 11.882: [GC pause (G1 Evacuation Pause) (young) 11.882: [G1Ergonomics (CSet Construction) start choosing CSet, _pending_cards: 512, predicted base time: 1.87 ms, remaining time: 198.13 ms, target pause time: 200.00 ms]
 11.882: [G1Ergonomics (CSet Construction) add young regions to CSet, eden: 142 regions, survivors: 9 regions, predicted young region time: 88.28 ms]
 11.882: [G1Ergonomics (CSet Construction) finish choosing CSet, eden: 142 regions, survivors: 9 regions, old: 0 regions, predicted pause time: 90.15 ms, target pause time: 200.00 ms]
, 0.0137243 secs]
   [Parallel Time: 11.1 ms, GC Workers: 2]
      [GC Worker Start (ms): Min: 11882.3, Avg: 11882.3, Max: 11882.3, Diff: 0.0]
      [Ext Root Scanning (ms): Min: 0.2, Avg: 0.2, Max: 0.2, Diff: 0.0, Sum: 0.5]
      [Update RS (ms): Min: 0.0, Avg: 0.0, Max: 0.0, Diff: 0.0, Sum: 0.0]
         [Processed Buffers: Min: 1, Avg: 1.5, Max: 2, Diff: 1, Sum: 3]
      [Scan RS (ms): Min: 0.2, Avg: 0.2, Max: 0.2, Diff: 0.0, Sum: 0.4]
      [Code Root Scanning (ms): Min: 0.1, Avg: 0.1, Max: 0.1, Diff: 0.0, Sum: 0.2]
      [Object Copy (ms): Min: 10.5, Avg: 10.5, Max: 10.5, Diff: 0.0, Sum: 21.0]
      [Termination (ms): Min: 0.0, Avg: 0.0, Max: 0.0, Diff: 0.0, Sum: 0.0]
      [GC Worker Other (ms): Min: 0.0, Avg: 0.0, Max: 0.0, Diff: 0.0, Sum: 0.0]
      [GC Worker Total (ms): Min: 11.1, Avg: 11.1, Max: 11.1, Diff: 0.0, Sum: 22.1]
      [GC Worker End (ms): Min: 11893.4, Avg: 11893.4, Max: 11893.4, Diff: 0.0]
   [Code Root Fixup: 0.0 ms]
   [Code Root Migration: 0.0 ms]
   [Clear CT: 0.1 ms]
   [Other: 2.4 ms]
      [Choose CSet: 0.0 ms]
      [Ref Proc: 2.1 ms]
      [Ref Enq: 0.0 ms]
      [Free CSet: 0.2 ms]
   [Eden: 142.0M(142.0M)->0.0B(129.0M) Survivors: 9216.0K->19.0M Heap: 212.5M(256.0M)->80.4M(256.0M)]
 [Times: user=0.03 sys=0.00, real=0.01 secs] 
2014-07-10T11:36:21.247+0200: 12.028: [GC pause (G1 Evacuation Pause) (young) 12.028: [G1Ergonomics (CSet Construction) start choosing CSet, _pending_cards: 512, predicted base time: 2.27 ms, remaining time: 197.73 ms, target pause time: 200.00 ms]
 12.028: [G1Ergonomics (CSet Construction) add young regions to CSet, eden: 129 regions, survivors: 19 regions, predicted young region time: 78.80 ms]
 12.028: [G1Ergonomics (CSet Construction) finish choosing CSet, eden: 129 regions, survivors: 19 regions, old: 0 regions, predicted pause time: 81.07 ms, target pause time: 200.00 ms]
, 0.0108877 secs]
   [Parallel Time: 9.9 ms, GC Workers: 2]
      [GC Worker Start (ms): Min: 12028.4, Avg: 12028.4, Max: 12028.4, Diff: 0.0]
      [Ext Root Scanning (ms): Min: 0.3, Avg: 0.3, Max: 0.3, Diff: 0.0, Sum: 0.5]
      [Update RS (ms): Min: 0.0, Avg: 0.0, Max: 0.0, Diff: 0.0, Sum: 0.1]
         [Processed Buffers: Min: 1, Avg: 1.5, Max: 2, Diff: 1, Sum: 3]
      [Scan RS (ms): Min: 0.2, Avg: 0.2, Max: 0.2, Diff: 0.0, Sum: 0.4]
      [Code Root Scanning (ms): Min: 0.1, Avg: 0.1, Max: 0.1, Diff: 0.0, Sum: 0.2]
      [Object Copy (ms): Min: 9.2, Avg: 9.2, Max: 9.2, Diff: 0.0, Sum: 18.5]
      [Termination (ms): Min: 0.0, Avg: 0.0, Max: 0.0, Diff: 0.0, Sum: 0.0]
      [GC Worker Other (ms): Min: 0.0, Avg: 0.1, Max: 0.1, Diff: 0.0, Sum: 0.1]
      [GC Worker Total (ms): Min: 9.9, Avg: 9.9, Max: 9.9, Diff: 0.0, Sum: 19.8]
      [GC Worker End (ms): Min: 12038.3, Avg: 12038.3, Max: 12038.3, Diff: 0.0]
   [Code Root Fixup: 0.0 ms]
   [Code Root Migration: 0.1 ms]
   [Clear CT: 0.1 ms]
   [Other: 0.8 ms]
      [Choose CSet: 0.0 ms]
      [Ref Proc: 0.3 ms]
      [Ref Enq: 0.0 ms]
      [Free CSet: 0.2 ms]
   [Eden: 129.0M(129.0M)->0.0B(135.0M) Survivors: 19.0M->15.0M Heap: 209.4M(256.0M)->77.3M(256.0M)]
 [Times: user=0.03 sys=0.00, real=0.01 secs] 
2014-07-10T11:36:21.408+0200: 12.189: [GC pause (G1 Evacuation Pause) (young) 12.189: [G1Ergonomics (CSet Construction) start choosing CSet, _pending_cards: 512, predicted base time: 1.98 ms, remaining time: 198.02 ms, target pause time: 200.00 ms]
 12.189: [G1Ergonomics (CSet Construction) add young regions to CSet, eden: 135 regions, survivors: 15 regions, predicted young region time: 82.16 ms]
 12.189: [G1Ergonomics (CSet Construction) finish choosing CSet, eden: 135 regions, survivors: 15 regions, old: 0 regions, predicted pause time: 84.14 ms, target pause time: 200.00 ms]
, 0.0123102 secs]
   [Parallel Time: 11.6 ms, GC Workers: 2]
      [GC Worker Start (ms): Min: 12189.5, Avg: 12189.5, Max: 12189.5, Diff: 0.0]
      [Ext Root Scanning (ms): Min: 0.3, Avg: 0.3, Max: 0.3, Diff: 0.0, Sum: 0.6]
      [Update RS (ms): Min: 0.0, Avg: 0.0, Max: 0.0, Diff: 0.0, Sum: 0.1]
         [Processed Buffers: Min: 1, Avg: 1.5, Max: 2, Diff: 1, Sum: 3]
      [Scan RS (ms): Min: 0.2, Avg: 0.2, Max: 0.2, Diff: 0.0, Sum: 0.4]
      [Code Root Scanning (ms): Min: 0.1, Avg: 0.1, Max: 0.1, Diff: 0.0, Sum: 0.2]
      [Object Copy (ms): Min: 10.9, Avg: 10.9, Max: 10.9, Diff: 0.0, Sum: 21.9]
      [Termination (ms): Min: 0.0, Avg: 0.0, Max: 0.0, Diff: 0.0, Sum: 0.0]
      [GC Worker Other (ms): Min: 0.0, Avg: 0.0, Max: 0.0, Diff: 0.0, Sum: 0.1]
      [GC Worker Total (ms): Min: 11.6, Avg: 11.6, Max: 11.6, Diff: 0.0, Sum: 23.2]
      [GC Worker End (ms): Min: 12201.1, Avg: 12201.1, Max: 12201.1, Diff: 0.0]
   [Code Root Fixup: 0.0 ms]
   [Code Root Migration: 0.0 ms]
   [Clear CT: 0.2 ms]
   [Other: 0.4 ms]
      [Choose CSet: 0.0 ms]
      [Ref Proc: 0.1 ms]
      [Ref Enq: 0.0 ms]
      [Free CSet: 0.2 ms]
   [Eden: 135.0M(135.0M)->0.0B(131.0M) Survivors: 15.0M->18.0M Heap: 212.3M(256.0M)->80.2M(256.0M)]
 [Times: user=0.03 sys=0.00, real=0.01 secs] 
2014-07-10T11:36:21.492+0200: 12.274: [GC pause (G1 Evacuation Pause) (young) 12.274: [G1Ergonomics (CSet Construction) start choosing CSet, _pending_cards: 259, predicted base time: 1.70 ms, remaining time: 198.30 ms, target pause time: 200.00 ms]
 12.274: [G1Ergonomics (CSet Construction) add young regions to CSet, eden: 131 regions, survivors: 18 regions, predicted young region time: 79.80 ms]
 12.274: [G1Ergonomics (CSet Construction) finish choosing CSet, eden: 131 regions, survivors: 18 regions, old: 0 regions, predicted pause time: 81.50 ms, target pause time: 200.00 ms]
, 0.0035750 secs]
   [Parallel Time: 2.9 ms, GC Workers: 2]
      [GC Worker Start (ms): Min: 12274.1, Avg: 12274.1, Max: 12274.1, Diff: 0.0]
      [Ext Root Scanning (ms): Min: 0.4, Avg: 0.4, Max: 0.4, Diff: 0.0, Sum: 0.7]
      [Update RS (ms): Min: 0.0, Avg: 0.0, Max: 0.0, Diff: 0.0, Sum: 0.1]
         [Processed Buffers: Min: 1, Avg: 1.5, Max: 2, Diff: 1, Sum: 3]
      [Scan RS (ms): Min: 0.2, Avg: 0.2, Max: 0.2, Diff: 0.0, Sum: 0.5]
      [Code Root Scanning (ms): Min: 0.1, Avg: 0.1, Max: 0.1, Diff: 0.0, Sum: 0.2]
      [Object Copy (ms): Min: 2.1, Avg: 2.1, Max: 2.1, Diff: 0.0, Sum: 4.3]
      [Termination (ms): Min: 0.0, Avg: 0.0, Max: 0.0, Diff: 0.0, Sum: 0.0]
      [GC Worker Other (ms): Min: 0.0, Avg: 0.0, Max: 0.0, Diff: 0.0, Sum: 0.1]
      [GC Worker Total (ms): Min: 2.9, Avg: 2.9, Max: 2.9, Diff: 0.0, Sum: 5.8]
      [GC Worker End (ms): Min: 12277.0, Avg: 12277.0, Max: 12277.0, Diff: 0.0]
   [Code Root Fixup: 0.0 ms]
   [Code Root Migration: 0.0 ms]
   [Clear CT: 0.1 ms]
   [Other: 0.5 ms]
      [Choose CSet: 0.0 ms]
      [Ref Proc: 0.1 ms]
      [Ref Enq: 0.0 ms]
      [Free CSet: 0.3 ms]
   [Eden: 131.0M(131.0M)->0.0B(148.0M) Survivors: 18.0M->4096.0K Heap: 211.2M(256.0M)->65.9M(256.0M)]
 [Times: user=0.00 sys=0.00, real=0.00 secs] 
2014-07-10T11:36:21.650+0200: 12.432: [GC pause (G1 Evacuation Pause) (young) 12.432: [G1Ergonomics (CSet Construction) start choosing CSet, _pending_cards: 513, predicted base time: 1.55 ms, remaining time: 198.45 ms, target pause time: 200.00 ms]
 12.432: [G1Ergonomics (CSet Construction) add young regions to CSet, eden: 148 regions, survivors: 4 regions, predicted young region time: 58.60 ms]
 12.432: [G1Ergonomics (CSet Construction) finish choosing CSet, eden: 148 regions, survivors: 4 regions, old: 0 regions, predicted pause time: 60.16 ms, target pause time: 200.00 ms]
, 0.0115927 secs]
   [Parallel Time: 10.9 ms, GC Workers: 2]
      [GC Worker Start (ms): Min: 12431.8, Avg: 12431.8, Max: 12431.8, Diff: 0.0]
      [Ext Root Scanning (ms): Min: 0.3, Avg: 0.3, Max: 0.3, Diff: 0.0, Sum: 0.7]
      [Update RS (ms): Min: 0.1, Avg: 0.1, Max: 0.1, Diff: 0.0, Sum: 0.1]
         [Processed Buffers: Min: 2, Avg: 2.0, Max: 2, Diff: 0, Sum: 4]
      [Scan RS (ms): Min: 0.3, Avg: 0.3, Max: 0.3, Diff: 0.0, Sum: 0.5]
      [Code Root Scanning (ms): Min: 0.1, Avg: 0.1, Max: 0.1, Diff: 0.0, Sum: 0.2]
      [Object Copy (ms): Min: 10.0, Avg: 10.0, Max: 10.0, Diff: 0.0, Sum: 20.0]
      [Termination (ms): Min: 0.0, Avg: 0.0, Max: 0.0, Diff: 0.0, Sum: 0.0]
      [GC Worker Other (ms): Min: 0.0, Avg: 0.0, Max: 0.0, Diff: 0.0, Sum: 0.1]
      [GC Worker Total (ms): Min: 10.8, Avg: 10.8, Max: 10.8, Diff: 0.0, Sum: 21.7]
      [GC Worker End (ms): Min: 12442.6, Avg: 12442.6, Max: 12442.6, Diff: 0.0]
   [Code Root Fixup: 0.0 ms]
   [Code Root Migration: 0.1 ms]
   [Clear CT: 0.1 ms]
   [Other: 0.5 ms]
      [Choose CSet: 0.0 ms]
      [Ref Proc: 0.1 ms]
      [Ref Enq: 0.0 ms]
      [Free CSet: 0.3 ms]
   [Eden: 148.0M(148.0M)->0.0B(135.0M) Survivors: 4096.0K->16.0M Heap: 213.9M(256.0M)->77.8M(256.0M)]
 [Times: user=0.03 sys=0.00, real=0.01 secs] 
2014-07-10T11:36:21.799+0200: 12.581: [GC pause (G1 Evacuation Pause) (young) 12.581: [G1Ergonomics (CSet Construction) start choosing CSet, _pending_cards: 512, predicted base time: 1.42 ms, remaining time: 198.58 ms, target pause time: 200.00 ms]
 12.581: [G1Ergonomics (CSet Construction) add young regions to CSet, eden: 135 regions, survivors: 16 regions, predicted young region time: 84.27 ms]
 12.581: [G1Ergonomics (CSet Construction) finish choosing CSet, eden: 135 regions, survivors: 16 regions, old: 0 regions, predicted pause time: 85.69 ms, target pause time: 200.00 ms]
, 0.0133173 secs]
   [Parallel Time: 12.5 ms, GC Workers: 2]
      [GC Worker Start (ms): Min: 12581.2, Avg: 12581.2, Max: 12581.2, Diff: 0.0]
      [Ext Root Scanning (ms): Min: 0.4, Avg: 0.4, Max: 0.4, Diff: 0.0, Sum: 0.7]
      [Update RS (ms): Min: 0.0, Avg: 0.1, Max: 0.1, Diff: 0.0, Sum: 0.1]
         [Processed Buffers: Min: 1, Avg: 1.5, Max: 2, Diff: 1, Sum: 3]
      [Scan RS (ms): Min: 0.3, Avg: 0.3, Max: 0.3, Diff: 0.0, Sum: 0.5]
      [Code Root Scanning (ms): Min: 0.1, Avg: 0.1, Max: 0.1, Diff: 0.0, Sum: 0.2]
      [Object Copy (ms): Min: 11.4, Avg: 11.4, Max: 11.4, Diff: 0.0, Sum: 22.8]
      [Termination (ms): Min: 0.0, Avg: 0.0, Max: 0.0, Diff: 0.0, Sum: 0.0]
      [GC Worker Other (ms): Min: 0.0, Avg: 0.0, Max: 0.0, Diff: 0.0, Sum: 0.1]
      [GC Worker Total (ms): Min: 12.2, Avg: 12.2, Max: 12.2, Diff: 0.0, Sum: 24.5]
      [GC Worker End (ms): Min: 12593.4, Avg: 12593.4, Max: 12593.5, Diff: 0.0]
   [Code Root Fixup: 0.0 ms]
   [Code Root Migration: 0.0 ms]
   [Clear CT: 0.2 ms]
   [Other: 0.6 ms]
      [Choose CSet: 0.0 ms]
      [Ref Proc: 0.1 ms]
      [Ref Enq: 0.0 ms]
      [Free CSet: 0.2 ms]
   [Eden: 135.0M(135.0M)->0.0B(129.0M) Survivors: 16.0M->19.0M Heap: 212.8M(256.0M)->80.7M(256.0M)]
 [Times: user=0.03 sys=0.00, real=0.01 secs] 
2014-07-10T11:36:21.896+0200: 12.678: [GC pause (G1 Evacuation Pause) (young) 12.678: [G1Ergonomics (CSet Construction) start choosing CSet, _pending_cards: 512, predicted base time: 1.42 ms, remaining time: 198.58 ms, target pause time: 200.00 ms]
 12.678: [G1Ergonomics (CSet Construction) add young regions to CSet, eden: 129 regions, survivors: 19 regions, predicted young region time: 33.70 ms]
 12.678: [G1Ergonomics (CSet Construction) finish choosing CSet, eden: 129 regions, survivors: 19 regions, old: 0 regions, predicted pause time: 35.12 ms, target pause time: 200.00 ms]
, 0.0108166 secs]
   [Parallel Time: 10.2 ms, GC Workers: 2]
      [GC Worker Start (ms): Min: 12678.1, Avg: 12678.1, Max: 12678.1, Diff: 0.0]
      [Ext Root Scanning (ms): Min: 0.3, Avg: 0.3, Max: 0.3, Diff: 0.0, Sum: 0.7]
      [Update RS (ms): Min: 0.0, Avg: 0.0, Max: 0.1, Diff: 0.0, Sum: 0.1]
         [Processed Buffers: Min: 1, Avg: 1.5, Max: 2, Diff: 1, Sum: 3]
      [Scan RS (ms): Min: 0.2, Avg: 0.2, Max: 0.2, Diff: 0.0, Sum: 0.4]
      [Code Root Scanning (ms): Min: 0.1, Avg: 0.1, Max: 0.1, Diff: 0.0, Sum: 0.2]
      [Object Copy (ms): Min: 9.4, Avg: 9.4, Max: 9.4, Diff: 0.0, Sum: 18.8]
      [Termination (ms): Min: 0.0, Avg: 0.0, Max: 0.0, Diff: 0.0, Sum: 0.0]
      [GC Worker Other (ms): Min: 0.0, Avg: 0.0, Max: 0.0, Diff: 0.0, Sum: 0.1]
      [GC Worker Total (ms): Min: 10.1, Avg: 10.1, Max: 10.2, Diff: 0.0, Sum: 20.3]
      [GC Worker End (ms): Min: 12688.3, Avg: 12688.3, Max: 12688.3, Diff: 0.0]
   [Code Root Fixup: 0.0 ms]
   [Code Root Migration: 0.0 ms]
   [Clear CT: 0.1 ms]
   [Other: 0.5 ms]
      [Choose CSet: 0.0 ms]
      [Ref Proc: 0.1 ms]
      [Ref Enq: 0.0 ms]
      [Free CSet: 0.2 ms]
   [Eden: 129.0M(129.0M)->0.0B(134.0M) Survivors: 19.0M->16.0M Heap: 209.7M(256.0M)->77.6M(256.0M)]
 [Times: user=0.03 sys=0.00, real=0.01 secs] 
2014-07-10T11:36:22.026+0200: 12.807: [GC pause (G1 Evacuation Pause) (young) 12.808: [G1Ergonomics (CSet Construction) start choosing CSet, _pending_cards: 258, predicted base time: 1.27 ms, remaining time: 198.73 ms, target pause time: 200.00 ms]
 12.808: [G1Ergonomics (CSet Construction) add young regions to CSet, eden: 134 regions, survivors: 16 regions, predicted young region time: 83.11 ms]
 12.808: [G1Ergonomics (CSet Construction) finish choosing CSet, eden: 134 regions, survivors: 16 regions, old: 0 regions, predicted pause time: 84.38 ms, target pause time: 200.00 ms]
, 0.0072834 secs]
   [Parallel Time: 6.5 ms, GC Workers: 2]
      [GC Worker Start (ms): Min: 12807.6, Avg: 12807.6, Max: 12807.6, Diff: 0.0]
      [Ext Root Scanning (ms): Min: 0.3, Avg: 0.3, Max: 0.3, Diff: 0.0, Sum: 0.7]
      [Update RS (ms): Min: 0.0, Avg: 0.0, Max: 0.1, Diff: 0.0, Sum: 0.1]
         [Processed Buffers: Min: 1, Avg: 1.5, Max: 2, Diff: 1, Sum: 3]
      [Scan RS (ms): Min: 0.2, Avg: 0.2, Max: 0.3, Diff: 0.0, Sum: 0.5]
      [Code Root Scanning (ms): Min: 0.1, Avg: 0.1, Max: 0.1, Diff: 0.0, Sum: 0.2]
      [Object Copy (ms): Min: 5.6, Avg: 5.7, Max: 5.7, Diff: 0.0, Sum: 11.3]
      [Termination (ms): Min: 0.0, Avg: 0.0, Max: 0.0, Diff: 0.0, Sum: 0.0]
      [GC Worker Other (ms): Min: 0.0, Avg: 0.0, Max: 0.0, Diff: 0.0, Sum: 0.1]
      [GC Worker Total (ms): Min: 6.4, Avg: 6.4, Max: 6.4, Diff: 0.0, Sum: 12.8]
      [GC Worker End (ms): Min: 12814.0, Avg: 12814.0, Max: 12814.0, Diff: 0.0]
   [Code Root Fixup: 0.0 ms]
   [Code Root Migration: 0.1 ms]
   [Clear CT: 0.1 ms]
   [Other: 0.6 ms]
      [Choose CSet: 0.0 ms]
      [Ref Proc: 0.1 ms]
      [Ref Enq: 0.0 ms]
      [Free CSet: 0.3 ms]
   [Eden: 134.0M(134.0M)->0.0B(143.0M) Survivors: 16.0M->9216.0K Heap: 211.6M(256.0M)->71.4M(256.0M)]
 [Times: user=0.02 sys=0.02, real=0.01 secs] 
2014-07-10T11:36:22.198+0200: 12.980: [GC pause (G1 Evacuation Pause) (young) 12.980: [G1Ergonomics (CSet Construction) start choosing CSet, _pending_cards: 512, predicted base time: 1.23 ms, remaining time: 198.77 ms, target pause time: 200.00 ms]
 12.980: [G1Ergonomics (CSet Construction) add young regions to CSet, eden: 143 regions, survivors: 9 regions, predicted young region time: 21.59 ms]
 12.980: [G1Ergonomics (CSet Construction) finish choosing CSet, eden: 143 regions, survivors: 9 regions, old: 0 regions, predicted pause time: 22.82 ms, target pause time: 200.00 ms]
, 0.0140883 secs]
   [Parallel Time: 13.4 ms, GC Workers: 2]
      [GC Worker Start (ms): Min: 12979.8, Avg: 12979.8, Max: 12979.8, Diff: 0.0]
      [Ext Root Scanning (ms): Min: 0.3, Avg: 0.3, Max: 0.3, Diff: 0.0, Sum: 0.6]
      [Update RS (ms): Min: 0.0, Avg: 0.0, Max: 0.0, Diff: 0.0, Sum: 0.1]
         [Processed Buffers: Min: 1, Avg: 1.5, Max: 2, Diff: 1, Sum: 3]
      [Scan RS (ms): Min: 0.4, Avg: 0.4, Max: 0.4, Diff: 0.0, Sum: 0.8]
      [Code Root Scanning (ms): Min: 0.1, Avg: 0.1, Max: 0.1, Diff: 0.0, Sum: 0.2]
      [Object Copy (ms): Min: 12.5, Avg: 12.5, Max: 12.5, Diff: 0.0, Sum: 24.9]
      [Termination (ms): Min: 0.0, Avg: 0.0, Max: 0.0, Diff: 0.0, Sum: 0.0]
      [GC Worker Other (ms): Min: 0.0, Avg: 0.0, Max: 0.0, Diff: 0.0, Sum: 0.1]
      [GC Worker Total (ms): Min: 13.3, Avg: 13.3, Max: 13.4, Diff: 0.0, Sum: 26.7]
      [GC Worker End (ms): Min: 12993.1, Avg: 12993.1, Max: 12993.1, Diff: 0.0]
   [Code Root Fixup: 0.0 ms]
   [Code Root Migration: 0.0 ms]
   [Clear CT: 0.2 ms]
   [Other: 0.5 ms]
      [Choose CSet: 0.0 ms]
      [Ref Proc: 0.1 ms]
      [Ref Enq: 0.0 ms]
      [Free CSet: 0.2 ms]
   [Eden: 143.0M(143.0M)->0.0B(128.0M) Survivors: 9216.0K->19.0M Heap: 214.4M(256.0M)->82.3M(256.0M)]
 [Times: user=0.03 sys=0.00, real=0.01 secs] 
2014-07-10T11:36:22.296+0200: 13.078: [GC pause (G1 Evacuation Pause) (young) 13.078: [G1Ergonomics (CSet Construction) start choosing CSet, _pending_cards: 513, predicted base time: 1.17 ms, remaining time: 198.83 ms, target pause time: 200.00 ms]
 13.078: [G1Ergonomics (CSet Construction) add young regions to CSet, eden: 128 regions, survivors: 19 regions, predicted young region time: 79.62 ms]
 13.078: [G1Ergonomics (CSet Construction) finish choosing CSet, eden: 128 regions, survivors: 19 regions, old: 0 regions, predicted pause time: 80.79 ms, target pause time: 200.00 ms]
, 0.0110340 secs]
   [Parallel Time: 10.4 ms, GC Workers: 2]
      [GC Worker Start (ms): Min: 13078.4, Avg: 13078.4, Max: 13078.4, Diff: 0.0]
      [Ext Root Scanning (ms): Min: 0.3, Avg: 0.3, Max: 0.3, Diff: 0.0, Sum: 0.6]
      [Update RS (ms): Min: 0.0, Avg: 0.0, Max: 0.0, Diff: 0.0, Sum: 0.1]
         [Processed Buffers: Min: 2, Avg: 2.0, Max: 2, Diff: 0, Sum: 4]
      [Scan RS (ms): Min: 0.2, Avg: 0.2, Max: 0.2, Diff: 0.0, Sum: 0.4]
      [Code Root Scanning (ms): Min: 0.1, Avg: 0.1, Max: 0.1, Diff: 0.0, Sum: 0.2]
      [Object Copy (ms): Min: 9.7, Avg: 9.7, Max: 9.7, Diff: 0.0, Sum: 19.4]
      [Termination (ms): Min: 0.0, Avg: 0.0, Max: 0.0, Diff: 0.0, Sum: 0.0]
      [GC Worker Other (ms): Min: 0.0, Avg: 0.0, Max: 0.0, Diff: 0.0, Sum: 0.1]
      [GC Worker Total (ms): Min: 10.4, Avg: 10.4, Max: 10.4, Diff: 0.0, Sum: 20.8]
      [GC Worker End (ms): Min: 13088.8, Avg: 13088.8, Max: 13088.8, Diff: 0.0]
   [Code Root Fixup: 0.0 ms]
   [Code Root Migration: 0.0 ms]
   [Clear CT: 0.1 ms]
   [Other: 0.5 ms]
      [Choose CSet: 0.0 ms]
      [Ref Proc: 0.0 ms]
      [Ref Enq: 0.0 ms]
      [Free CSet: 0.2 ms]
   [Eden: 128.0M(128.0M)->0.0B(133.0M) Survivors: 19.0M->16.0M Heap: 210.3M(256.0M)->78.9M(256.0M)]
 [Times: user=0.02 sys=0.00, real=0.01 secs] 
2014-07-10T11:36:22.442+0200: 13.223: [GC pause (G1 Evacuation Pause) (young) 13.224: [G1Ergonomics (CSet Construction) start choosing CSet, _pending_cards: 514, predicted base time: 1.08 ms, remaining time: 198.92 ms, target pause time: 200.00 ms]
 13.224: [G1Ergonomics (CSet Construction) add young regions to CSet, eden: 133 regions, survivors: 16 regions, predicted young region time: 82.22 ms]
 13.224: [G1Ergonomics (CSet Construction) finish choosing CSet, eden: 133 regions, survivors: 16 regions, old: 0 regions, predicted pause time: 83.30 ms, target pause time: 200.00 ms]
, 0.0058444 secs]
   [Parallel Time: 5.3 ms, GC Workers: 2]
      [GC Worker Start (ms): Min: 13223.6, Avg: 13223.6, Max: 13223.6, Diff: 0.0]
      [Ext Root Scanning (ms): Min: 0.4, Avg: 0.4, Max: 0.4, Diff: 0.0, Sum: 0.7]
      [Update RS (ms): Min: 0.1, Avg: 0.1, Max: 0.1, Diff: 0.0, Sum: 0.1]
         [Processed Buffers: Min: 1, Avg: 2.0, Max: 3, Diff: 2, Sum: 4]
      [Scan RS (ms): Min: 0.3, Avg: 0.3, Max: 0.3, Diff: 0.0, Sum: 0.6]
      [Code Root Scanning (ms): Min: 0.1, Avg: 0.1, Max: 0.1, Diff: 0.0, Sum: 0.2]
      [Object Copy (ms): Min: 3.1, Avg: 3.8, Max: 4.4, Diff: 1.3, Sum: 7.6]
      [Termination (ms): Min: 0.0, Avg: 0.7, Max: 1.3, Diff: 1.3, Sum: 1.3]
      [GC Worker Other (ms): Min: 0.0, Avg: 0.0, Max: 0.0, Diff: 0.0, Sum: 0.1]
      [GC Worker Total (ms): Min: 5.3, Avg: 5.3, Max: 5.3, Diff: 0.0, Sum: 10.6]
      [GC Worker End (ms): Min: 13228.9, Avg: 13228.9, Max: 13228.9, Diff: 0.0]
   [Code Root Fixup: 0.0 ms]
   [Code Root Migration: 0.0 ms]
   [Clear CT: 0.1 ms]
   [Other: 0.4 ms]
      [Choose CSet: 0.0 ms]
      [Ref Proc: 0.0 ms]
      [Ref Enq: 0.0 ms]
      [Free CSet: 0.2 ms]
   [Eden: 133.0M(133.0M)->0.0B(146.0M) Survivors: 16.0M->5120.0K Heap: 211.9M(256.0M)->67.7M(256.0M)]
 [Times: user=0.00 sys=0.00, real=0.01 secs] 
2014-07-10T11:36:22.604+0200: 13.386: [GC pause (G1 Evacuation Pause) (young) 13.386: [G1Ergonomics (CSet Construction) start choosing CSet, _pending_cards: 512, predicted base time: 1.03 ms, remaining time: 198.97 ms, target pause time: 200.00 ms]
 13.386: [G1Ergonomics (CSet Construction) add young regions to CSet, eden: 146 regions, survivors: 5 regions, predicted young region time: 101.65 ms]
 13.386: [G1Ergonomics (CSet Construction) finish choosing CSet, eden: 146 regions, survivors: 5 regions, old: 0 regions, predicted pause time: 102.68 ms, target pause time: 200.00 ms]
, 0.0212918 secs]
   [Parallel Time: 20.1 ms, GC Workers: 2]
      [GC Worker Start (ms): Min: 13385.9, Avg: 13385.9, Max: 13386.0, Diff: 0.0]
      [Ext Root Scanning (ms): Min: 0.7, Avg: 0.7, Max: 0.7, Diff: 0.0, Sum: 1.3]
      [Update RS (ms): Min: 0.1, Avg: 0.1, Max: 0.1, Diff: 0.0, Sum: 0.2]
         [Processed Buffers: Min: 1, Avg: 1.5, Max: 2, Diff: 1, Sum: 3]
      [Scan RS (ms): Min: 0.4, Avg: 0.4, Max: 0.4, Diff: 0.0, Sum: 0.8]
      [Code Root Scanning (ms): Min: 0.2, Avg: 0.2, Max: 0.2, Diff: 0.0, Sum: 0.3]
      [Object Copy (ms): Min: 18.6, Avg: 18.6, Max: 18.7, Diff: 0.0, Sum: 37.3]
      [Termination (ms): Min: 0.0, Avg: 0.0, Max: 0.0, Diff: 0.0, Sum: 0.0]
      [GC Worker Other (ms): Min: 0.0, Avg: 0.0, Max: 0.1, Diff: 0.0, Sum: 0.1]
      [GC Worker Total (ms): Min: 20.0, Avg: 20.0, Max: 20.0, Diff: 0.0, Sum: 40.0]
      [GC Worker End (ms): Min: 13406.0, Avg: 13406.0, Max: 13406.0, Diff: 0.0]
   [Code Root Fixup: 0.0 ms]
   [Code Root Migration: 0.0 ms]
   [Clear CT: 0.1 ms]
   [Other: 1.0 ms]
      [Choose CSet: 0.1 ms]
      [Ref Proc: 0.6 ms]
      [Ref Enq: 0.0 ms]
      [Free CSet: 0.2 ms]
   [Eden: 146.0M(146.0M)->0.0B(128.0M) Survivors: 5120.0K->19.0M Heap: 213.7M(256.0M)->81.6M(256.0M)]
 [Times: user=0.06 sys=0.00, real=0.02 secs] 
2014-07-10T11:36:22.696+0200: 13.478: [GC pause (G1 Evacuation Pause) (young) 13.478: [G1Ergonomics (CSet Construction) start choosing CSet, _pending_cards: 512, predicted base time: 1.41 ms, remaining time: 198.59 ms, target pause time: 200.00 ms]
 13.478: [G1Ergonomics (CSet Construction) add young regions to CSet, eden: 128 regions, survivors: 19 regions, predicted young region time: 108.63 ms]
 13.478: [G1Ergonomics (CSet Construction) finish choosing CSet, eden: 128 regions, survivors: 19 regions, old: 0 regions, predicted pause time: 110.04 ms, target pause time: 200.00 ms]
, 0.0103788 secs]
   [Parallel Time: 9.7 ms, GC Workers: 2]
      [GC Worker Start (ms): Min: 13478.1, Avg: 13478.1, Max: 13478.1, Diff: 0.0]
      [Ext Root Scanning (ms): Min: 0.3, Avg: 0.3, Max: 0.3, Diff: 0.0, Sum: 0.7]
      [Update RS (ms): Min: 0.0, Avg: 0.1, Max: 0.1, Diff: 0.0, Sum: 0.1]
         [Processed Buffers: Min: 1, Avg: 1.5, Max: 2, Diff: 1, Sum: 3]
      [Scan RS (ms): Min: 0.2, Avg: 0.2, Max: 0.2, Diff: 0.0, Sum: 0.4]
      [Code Root Scanning (ms): Min: 0.1, Avg: 0.1, Max: 0.1, Diff: 0.0, Sum: 0.2]
      [Object Copy (ms): Min: 8.9, Avg: 8.9, Max: 8.9, Diff: 0.0, Sum: 17.9]
      [Termination (ms): Min: 0.0, Avg: 0.0, Max: 0.0, Diff: 0.0, Sum: 0.0]
      [GC Worker Other (ms): Min: 0.0, Avg: 0.0, Max: 0.0, Diff: 0.0, Sum: 0.1]
      [GC Worker Total (ms): Min: 9.7, Avg: 9.7, Max: 9.7, Diff: 0.0, Sum: 19.4]
      [GC Worker End (ms): Min: 13487.8, Avg: 13487.8, Max: 13487.8, Diff: 0.0]
   [Code Root Fixup: 0.0 ms]
   [Code Root Migration: 0.0 ms]
   [Clear CT: 0.2 ms]
   [Other: 0.4 ms]
      [Choose CSet: 0.0 ms]
      [Ref Proc: 0.1 ms]
      [Ref Enq: 0.0 ms]
      [Free CSet: 0.2 ms]
   [Eden: 128.0M(128.0M)->0.0B(135.0M) Survivors: 19.0M->15.0M Heap: 209.6M(256.0M)->77.5M(256.0M)]
 [Times: user=0.03 sys=0.00, real=0.01 secs] 
2014-07-10T11:36:22.833+0200: 13.614: [GC pause (G1 Evacuation Pause) (young) 13.615: [G1Ergonomics (CSet Construction) start choosing CSet, _pending_cards: 512, predicted base time: 1.31 ms, remaining time: 198.69 ms, target pause time: 200.00 ms]
 13.615: [G1Ergonomics (CSet Construction) add young regions to CSet, eden: 135 regions, survivors: 15 regions, predicted young region time: 79.01 ms]
 13.615: [G1Ergonomics (CSet Construction) finish choosing CSet, eden: 135 regions, survivors: 15 regions, old: 0 regions, predicted pause time: 80.32 ms, target pause time: 200.00 ms]
, 0.0116730 secs]
   [Parallel Time: 11.0 ms, GC Workers: 2]
      [GC Worker Start (ms): Min: 13614.6, Avg: 13614.6, Max: 13614.6, Diff: 0.0]
      [Ext Root Scanning (ms): Min: 0.3, Avg: 0.4, Max: 0.4, Diff: 0.1, Sum: 0.7]
      [Update RS (ms): Min: 0.0, Avg: 0.0, Max: 0.1, Diff: 0.1, Sum: 0.1]
         [Processed Buffers: Min: 0, Avg: 1.5, Max: 3, Diff: 3, Sum: 3]
      [Scan RS (ms): Min: 0.2, Avg: 0.2, Max: 0.2, Diff: 0.0, Sum: 0.4]
      [Code Root Scanning (ms): Min: 0.1, Avg: 0.1, Max: 0.1, Diff: 0.0, Sum: 0.2]
      [Object Copy (ms): Min: 10.2, Avg: 10.2, Max: 10.2, Diff: 0.0, Sum: 20.4]
      [Termination (ms): Min: 0.0, Avg: 0.0, Max: 0.0, Diff: 0.0, Sum: 0.0]
      [GC Worker Other (ms): Min: 0.0, Avg: 0.1, Max: 0.1, Diff: 0.1, Sum: 0.1]
      [GC Worker Total (ms): Min: 10.9, Avg: 11.0, Max: 11.0, Diff: 0.1, Sum: 21.9]
      [GC Worker End (ms): Min: 13625.5, Avg: 13625.6, Max: 13625.6, Diff: 0.1]
   [Code Root Fixup: 0.0 ms]
   [Code Root Migration: 0.0 ms]
   [Clear CT: 0.2 ms]
   [Other: 0.4 ms]
      [Choose CSet: 0.0 ms]
      [Ref Proc: 0.0 ms]
      [Ref Enq: 0.0 ms]
      [Free CSet: 0.2 ms]
   [Eden: 135.0M(135.0M)->0.0B(132.0M) Survivors: 15.0M->17.0M Heap: 212.5M(256.0M)->80.4M(256.0M)]
 [Times: user=0.03 sys=0.00, real=0.01 secs] 
2014-07-10T11:36:22.992+0200: 13.774: [GC pause (G1 Evacuation Pause) (young) 13.774: [G1Ergonomics (CSet Construction) start choosing CSet, _pending_cards: 258, predicted base time: 1.21 ms, remaining time: 198.79 ms, target pause time: 200.00 ms]
 13.774: [G1Ergonomics (CSet Construction) add young regions to CSet, eden: 132 regions, survivors: 17 regions, predicted young region time: 98.86 ms]
 13.774: [G1Ergonomics (CSet Construction) finish choosing CSet, eden: 132 regions, survivors: 17 regions, old: 0 regions, predicted pause time: 100.06 ms, target pause time: 200.00 ms]
, 0.0079888 secs]
   [Parallel Time: 6.2 ms, GC Workers: 2]
      [GC Worker Start (ms): Min: 13774.4, Avg: 13774.4, Max: 13774.5, Diff: 0.1]
      [Ext Root Scanning (ms): Min: 0.4, Avg: 0.5, Max: 0.5, Diff: 0.1, Sum: 1.0]
      [Update RS (ms): Min: 0.1, Avg: 0.1, Max: 0.1, Diff: 0.0, Sum: 0.1]
         [Processed Buffers: Min: 1, Avg: 1.5, Max: 2, Diff: 1, Sum: 3]
      [Scan RS (ms): Min: 0.4, Avg: 0.4, Max: 0.4, Diff: 0.0, Sum: 0.8]
      [Code Root Scanning (ms): Min: 0.1, Avg: 0.2, Max: 0.2, Diff: 0.0, Sum: 0.3]
      [Object Copy (ms): Min: 5.0, Avg: 5.0, Max: 5.0, Diff: 0.0, Sum: 10.0]
      [Termination (ms): Min: 0.0, Avg: 0.0, Max: 0.0, Diff: 0.0, Sum: 0.0]
      [GC Worker Other (ms): Min: 0.0, Avg: 0.0, Max: 0.0, Diff: 0.0, Sum: 0.1]
      [GC Worker Total (ms): Min: 6.1, Avg: 6.1, Max: 6.2, Diff: 0.1, Sum: 12.3]
      [GC Worker End (ms): Min: 13780.6, Avg: 13780.6, Max: 13780.6, Diff: 0.0]
   [Code Root Fixup: 0.0 ms]
   [Code Root Migration: 0.1 ms]
   [Clear CT: 0.2 ms]
   [Other: 1.5 ms]
      [Choose CSet: 0.1 ms]
      [Ref Proc: 0.2 ms]
      [Ref Enq: 0.0 ms]
      [Free CSet: 0.9 ms]
   [Eden: 132.0M(132.0M)->0.0B(146.0M) Survivors: 17.0M->5120.0K Heap: 212.4M(256.0M)->68.1M(256.0M)]
 [Times: user=0.03 sys=0.00, real=0.01 secs] 
2014-07-10T11:36:23.098+0200: 13.880: [GC pause (G1 Evacuation Pause) (young) 13.880: [G1Ergonomics (CSet Construction) start choosing CSet, _pending_cards: 512, predicted base time: 1.40 ms, remaining time: 198.60 ms, target pause time: 200.00 ms]
 13.880: [G1Ergonomics (CSet Construction) add young regions to CSet, eden: 146 regions, survivors: 5 regions, predicted young region time: 44.72 ms]
 13.880: [G1Ergonomics (CSet Construction) finish choosing CSet, eden: 146 regions, survivors: 5 regions, old: 0 regions, predicted pause time: 46.11 ms, target pause time: 200.00 ms]
, 0.0129925 secs]
   [Parallel Time: 12.4 ms, GC Workers: 2]
      [GC Worker Start (ms): Min: 13879.9, Avg: 13879.9, Max: 13879.9, Diff: 0.0]
      [Ext Root Scanning (ms): Min: 0.3, Avg: 0.3, Max: 0.3, Diff: 0.0, Sum: 0.6]
      [Update RS (ms): Min: 0.0, Avg: 0.0, Max: 0.1, Diff: 0.0, Sum: 0.1]
         [Processed Buffers: Min: 1, Avg: 1.5, Max: 2, Diff: 1, Sum: 3]
      [Scan RS (ms): Min: 0.3, Avg: 0.3, Max: 0.3, Diff: 0.0, Sum: 0.5]
      [Code Root Scanning (ms): Min: 0.1, Avg: 0.1, Max: 0.1, Diff: 0.0, Sum: 0.2]
      [Object Copy (ms): Min: 11.6, Avg: 11.6, Max: 11.6, Diff: 0.0, Sum: 23.3]
      [Termination (ms): Min: 0.0, Avg: 0.0, Max: 0.0, Diff: 0.0, Sum: 0.0]
      [GC Worker Other (ms): Min: 0.0, Avg: 0.0, Max: 0.0, Diff: 0.0, Sum: 0.1]
      [GC Worker Total (ms): Min: 12.4, Avg: 12.4, Max: 12.4, Diff: 0.0, Sum: 24.8]
      [GC Worker End (ms): Min: 13892.3, Avg: 13892.3, Max: 13892.3, Diff: 0.0]
   [Code Root Fixup: 0.0 ms]
   [Code Root Migration: 0.0 ms]
   [Clear CT: 0.1 ms]
   [Other: 0.4 ms]
      [Choose CSet: 0.0 ms]
      [Ref Proc: 0.1 ms]
      [Ref Enq: 0.0 ms]
      [Free CSet: 0.2 ms]
   [Eden: 146.0M(146.0M)->0.0B(128.0M) Survivors: 5120.0K->19.0M Heap: 214.1M(256.0M)->82.0M(256.0M)]
 [Times: user=0.03 sys=0.00, real=0.01 secs] 
2014-07-10T11:36:23.230+0200: 14.012: [GC pause (G1 Evacuation Pause) (young) 14.012: [G1Ergonomics (CSet Construction) start choosing CSet, _pending_cards: 512, predicted base time: 1.27 ms, remaining time: 198.73 ms, target pause time: 200.00 ms]
 14.012: [G1Ergonomics (CSet Construction) add young regions to CSet, eden: 128 regions, survivors: 19 regions, predicted young region time: 104.71 ms]
 14.012: [G1Ergonomics (CSet Construction) finish choosing CSet, eden: 128 regions, survivors: 19 regions, old: 0 regions, predicted pause time: 105.98 ms, target pause time: 200.00 ms]
, 0.0101768 secs]
   [Parallel Time: 9.6 ms, GC Workers: 2]
      [GC Worker Start (ms): Min: 14011.9, Avg: 14011.9, Max: 14011.9, Diff: 0.0]
      [Ext Root Scanning (ms): Min: 0.3, Avg: 0.3, Max: 0.3, Diff: 0.0, Sum: 0.6]
      [Update RS (ms): Min: 0.0, Avg: 0.0, Max: 0.1, Diff: 0.0, Sum: 0.1]
         [Processed Buffers: Min: 1, Avg: 1.5, Max: 2, Diff: 1, Sum: 3]
      [Scan RS (ms): Min: 0.2, Avg: 0.2, Max: 0.2, Diff: 0.0, Sum: 0.4]
      [Code Root Scanning (ms): Min: 0.1, Avg: 0.1, Max: 0.1, Diff: 0.0, Sum: 0.2]
      [Object Copy (ms): Min: 8.9, Avg: 8.9, Max: 8.9, Diff: 0.0, Sum: 17.8]
      [Termination (ms): Min: 0.0, Avg: 0.0, Max: 0.0, Diff: 0.0, Sum: 0.0]
      [GC Worker Other (ms): Min: 0.0, Avg: 0.0, Max: 0.0, Diff: 0.0, Sum: 0.1]
      [GC Worker Total (ms): Min: 9.6, Avg: 9.6, Max: 9.6, Diff: 0.0, Sum: 19.2]
      [GC Worker End (ms): Min: 14021.5, Avg: 14021.5, Max: 14021.5, Diff: 0.0]
   [Code Root Fixup: 0.0 ms]
   [Code Root Migration: 0.0 ms]
   [Clear CT: 0.1 ms]
   [Other: 0.4 ms]
      [Choose CSet: 0.0 ms]
      [Ref Proc: 0.1 ms]
      [Ref Enq: 0.0 ms]
      [Free CSet: 0.2 ms]
   [Eden: 128.0M(128.0M)->0.0B(134.0M) Survivors: 19.0M->15.0M Heap: 210.0M(256.0M)->77.9M(256.0M)]
 [Times: user=0.00 sys=0.00, real=0.01 secs] 
2014-07-10T11:36:23.402+0200: 14.184: [GC pause (G1 Evacuation Pause) (young) 14.185: [G1Ergonomics (CSet Construction) start choosing CSet, _pending_cards: 512, predicted base time: 1.17 ms, remaining time: 198.83 ms, target pause time: 200.00 ms]
 14.185: [G1Ergonomics (CSet Construction) add young regions to CSet, eden: 134 regions, survivors: 15 regions, predicted young region time: 25.24 ms]
 14.185: [G1Ergonomics (CSet Construction) finish choosing CSet, eden: 134 regions, survivors: 15 regions, old: 0 regions, predicted pause time: 26.40 ms, target pause time: 200.00 ms]
, 0.0131014 secs]
   [Parallel Time: 12.1 ms, GC Workers: 2]
      [GC Worker Start (ms): Min: 14184.8, Avg: 14184.8, Max: 14184.8, Diff: 0.0]
      [Ext Root Scanning (ms): Min: 0.6, Avg: 0.6, Max: 0.6, Diff: 0.0, Sum: 1.2]
      [Update RS (ms): Min: 0.0, Avg: 0.1, Max: 0.1, Diff: 0.0, Sum: 0.1]
         [Processed Buffers: Min: 1, Avg: 1.5, Max: 2, Diff: 1, Sum: 3]
      [Scan RS (ms): Min: 0.4, Avg: 0.4, Max: 0.4, Diff: 0.0, Sum: 0.8]
      [Code Root Scanning (ms): Min: 0.1, Avg: 0.1, Max: 0.2, Diff: 0.0, Sum: 0.3]
      [Object Copy (ms): Min: 10.7, Avg: 10.7, Max: 10.8, Diff: 0.0, Sum: 21.5]
      [Termination (ms): Min: 0.0, Avg: 0.0, Max: 0.0, Diff: 0.0, Sum: 0.0]
      [GC Worker Other (ms): Min: 0.0, Avg: 0.0, Max: 0.0, Diff: 0.0, Sum: 0.1]
      [GC Worker Total (ms): Min: 12.0, Avg: 12.0, Max: 12.0, Diff: 0.0, Sum: 24.0]
      [GC Worker End (ms): Min: 14196.8, Avg: 14196.8, Max: 14196.8, Diff: 0.0]
   [Code Root Fixup: 0.0 ms]
   [Code Root Migration: 0.0 ms]
   [Clear CT: 0.1 ms]
   [Other: 0.9 ms]
      [Choose CSet: 0.1 ms]
      [Ref Proc: 0.1 ms]
      [Ref Enq: 0.0 ms]
      [Free CSet: 0.3 ms]
   [Eden: 134.0M(134.0M)->0.0B(132.0M) Survivors: 15.0M->17.0M Heap: 211.9M(256.0M)->79.8M(256.0M)]
 [Times: user=0.02 sys=0.00, real=0.01 secs] 
2014-07-10T11:36:23.491+0200: 14.273: [GC pause (G1 Evacuation Pause) (young) 14.273: [G1Ergonomics (CSet Construction) start choosing CSet, _pending_cards: 260, predicted base time: 1.20 ms, remaining time: 198.80 ms, target pause time: 200.00 ms]
 14.273: [G1Ergonomics (CSet Construction) add young regions to CSet, eden: 132 regions, survivors: 17 regions, predicted young region time: 97.82 ms]
 14.273: [G1Ergonomics (CSet Construction) finish choosing CSet, eden: 132 regions, survivors: 17 regions, old: 0 regions, predicted pause time: 99.02 ms, target pause time: 200.00 ms]
, 0.0031233 secs]
   [Parallel Time: 2.4 ms, GC Workers: 2]
      [GC Worker Start (ms): Min: 14273.5, Avg: 14273.5, Max: 14273.5, Diff: 0.0]
      [Ext Root Scanning (ms): Min: 0.3, Avg: 0.3, Max: 0.3, Diff: 0.0, Sum: 0.7]
      [Update RS (ms): Min: 0.0, Avg: 0.0, Max: 0.1, Diff: 0.0, Sum: 0.1]
         [Processed Buffers: Min: 1, Avg: 1.5, Max: 2, Diff: 1, Sum: 3]
      [Scan RS (ms): Min: 0.2, Avg: 0.2, Max: 0.2, Diff: 0.0, Sum: 0.5]
      [Code Root Scanning (ms): Min: 0.1, Avg: 0.1, Max: 0.1, Diff: 0.0, Sum: 0.2]
      [Object Copy (ms): Min: 1.6, Avg: 1.6, Max: 1.6, Diff: 0.0, Sum: 3.2]
      [Termination (ms): Min: 0.0, Avg: 0.0, Max: 0.0, Diff: 0.0, Sum: 0.0]
      [GC Worker Other (ms): Min: 0.0, Avg: 0.0, Max: 0.0, Diff: 0.0, Sum: 0.1]
      [GC Worker Total (ms): Min: 2.3, Avg: 2.3, Max: 2.3, Diff: 0.0, Sum: 4.7]
      [GC Worker End (ms): Min: 14275.9, Avg: 14275.9, Max: 14275.9, Diff: 0.0]
   [Code Root Fixup: 0.0 ms]
   [Code Root Migration: 0.0 ms]
   [Clear CT: 0.1 ms]
   [Other: 0.6 ms]
      [Choose CSet: 0.0 ms]
      [Ref Proc: 0.1 ms]
      [Ref Enq: 0.0 ms]
      [Free CSet: 0.3 ms]
   [Eden: 132.0M(132.0M)->0.0B(148.0M) Survivors: 17.0M->4096.0K Heap: 211.8M(256.0M)->66.6M(256.0M)]
 [Times: user=0.03 sys=0.00, real=0.00 secs] 
2014-07-10T11:36:23.643+0200: 14.424: [GC pause (G1 Evacuation Pause) (young) 14.425: [G1Ergonomics (CSet Construction) start choosing CSet, _pending_cards: 512, predicted base time: 1.18 ms, remaining time: 198.82 ms, target pause time: 200.00 ms]
 14.425: [G1Ergonomics (CSet Construction) add young regions to CSet, eden: 148 regions, survivors: 4 regions, predicted young region time: 101.41 ms]
 14.425: [G1Ergonomics (CSet Construction) finish choosing CSet, eden: 148 regions, survivors: 4 regions, old: 0 regions, predicted pause time: 102.59 ms, target pause time: 200.00 ms]
, 0.0136374 secs]
   [Parallel Time: 12.9 ms, GC Workers: 2]
      [GC Worker Start (ms): Min: 14424.6, Avg: 14424.6, Max: 14424.6, Diff: 0.0]
      [Ext Root Scanning (ms): Min: 0.3, Avg: 0.4, Max: 0.4, Diff: 0.0, Sum: 0.7]
      [Update RS (ms): Min: 0.1, Avg: 0.1, Max: 0.1, Diff: 0.0, Sum: 0.1]
         [Processed Buffers: Min: 1, Avg: 1.5, Max: 2, Diff: 1, Sum: 3]
      [Scan RS (ms): Min: 0.3, Avg: 0.3, Max: 0.3, Diff: 0.0, Sum: 0.5]
      [Code Root Scanning (ms): Min: 0.1, Avg: 0.1, Max: 0.1, Diff: 0.0, Sum: 0.2]
      [Object Copy (ms): Min: 12.0, Avg: 12.0, Max: 12.0, Diff: 0.0, Sum: 24.0]
      [Termination (ms): Min: 0.0, Avg: 0.0, Max: 0.0, Diff: 0.0, Sum: 0.0]
      [GC Worker Other (ms): Min: 0.0, Avg: 0.0, Max: 0.0, Diff: 0.0, Sum: 0.1]
      [GC Worker Total (ms): Min: 12.8, Avg: 12.8, Max: 12.9, Diff: 0.0, Sum: 25.7]
      [GC Worker End (ms): Min: 14437.4, Avg: 14437.4, Max: 14437.5, Diff: 0.0]
   [Code Root Fixup: 0.0 ms]
   [Code Root Migration: 0.0 ms]
   [Clear CT: 0.2 ms]
   [Other: 0.5 ms]
      [Choose CSet: 0.0 ms]
      [Ref Proc: 0.1 ms]
      [Ref Enq: 0.0 ms]
      [Free CSet: 0.2 ms]
   [Eden: 148.0M(148.0M)->0.0B(128.0M) Survivors: 4096.0K->19.0M Heap: 214.6M(256.0M)->82.5M(256.0M)]
 [Times: user=0.03 sys=0.00, real=0.01 secs] 
2014-07-10T11:36:23.801+0200: 14.583: [GC pause (G1 Evacuation Pause) (young) 14.583: [G1Ergonomics (CSet Construction) start choosing CSet, _pending_cards: 512, predicted base time: 1.15 ms, remaining time: 198.85 ms, target pause time: 200.00 ms]
 14.583: [G1Ergonomics (CSet Construction) add young regions to CSet, eden: 128 regions, survivors: 19 regions, predicted young region time: 80.47 ms]
 14.583: [G1Ergonomics (CSet Construction) finish choosing CSet, eden: 128 regions, survivors: 19 regions, old: 0 regions, predicted pause time: 81.62 ms, target pause time: 200.00 ms]
, 0.0182895 secs]
   [Parallel Time: 16.8 ms, GC Workers: 2]
      [GC Worker Start (ms): Min: 14583.2, Avg: 14583.2, Max: 14583.2, Diff: 0.0]
      [Ext Root Scanning (ms): Min: 0.6, Avg: 0.6, Max: 0.6, Diff: 0.0, Sum: 1.2]
      [Update RS (ms): Min: 0.1, Avg: 0.1, Max: 0.1, Diff: 0.0, Sum: 0.2]
         [Processed Buffers: Min: 1, Avg: 1.5, Max: 2, Diff: 1, Sum: 3]
      [Scan RS (ms): Min: 0.4, Avg: 0.4, Max: 0.4, Diff: 0.0, Sum: 0.8]
      [Code Root Scanning (ms): Min: 0.1, Avg: 0.1, Max: 0.1, Diff: 0.0, Sum: 0.3]
      [Object Copy (ms): Min: 15.3, Avg: 15.4, Max: 15.4, Diff: 0.0, Sum: 30.7]
      [Termination (ms): Min: 0.0, Avg: 0.0, Max: 0.0, Diff: 0.0, Sum: 0.0]
      [GC Worker Other (ms): Min: 0.0, Avg: 0.0, Max: 0.1, Diff: 0.0, Sum: 0.1]
      [GC Worker Total (ms): Min: 16.7, Avg: 16.7, Max: 16.7, Diff: 0.0, Sum: 33.4]
      [GC Worker End (ms): Min: 14599.9, Avg: 14599.9, Max: 14599.9, Diff: 0.0]
   [Code Root Fixup: 0.0 ms]
   [Code Root Migration: 0.1 ms]
   [Clear CT: 0.3 ms]
   [Other: 1.2 ms]
      [Choose CSet: 0.1 ms]
      [Ref Proc: 0.4 ms]
      [Ref Enq: 0.0 ms]
      [Free CSet: 0.5 ms]
   [Eden: 128.0M(128.0M)->0.0B(134.0M) Survivors: 19.0M->15.0M Heap: 210.5M(256.0M)->78.4M(256.0M)]
 [Times: user=0.03 sys=0.00, real=0.02 secs] 
2014-07-10T11:36:23.898+0200: 14.680: [GC pause (G1 Evacuation Pause) (young) 14.680: [G1Ergonomics (CSet Construction) start choosing CSet, _pending_cards: 512, predicted base time: 1.47 ms, remaining time: 198.53 ms, target pause time: 200.00 ms]
 14.680: [G1Ergonomics (CSet Construction) add young regions to CSet, eden: 134 regions, survivors: 15 regions, predicted young region time: 110.67 ms]
 14.680: [G1Ergonomics (CSet Construction) finish choosing CSet, eden: 134 regions, survivors: 15 regions, old: 0 regions, predicted pause time: 112.14 ms, target pause time: 200.00 ms]
, 0.0119289 secs]
   [Parallel Time: 11.3 ms, GC Workers: 2]
      [GC Worker Start (ms): Min: 14679.7, Avg: 14679.7, Max: 14679.7, Diff: 0.0]
      [Ext Root Scanning (ms): Min: 0.3, Avg: 0.3, Max: 0.3, Diff: 0.0, Sum: 0.6]
      [Update RS (ms): Min: 0.0, Avg: 0.0, Max: 0.0, Diff: 0.0, Sum: 0.1]
         [Processed Buffers: Min: 1, Avg: 1.5, Max: 2, Diff: 1, Sum: 3]
      [Scan RS (ms): Min: 0.2, Avg: 0.2, Max: 0.2, Diff: 0.0, Sum: 0.5]
      [Code Root Scanning (ms): Min: 0.1, Avg: 0.1, Max: 0.1, Diff: 0.0, Sum: 0.2]
      [Object Copy (ms): Min: 10.5, Avg: 10.5, Max: 10.5, Diff: 0.0, Sum: 21.0]
      [Termination (ms): Min: 0.0, Avg: 0.0, Max: 0.0, Diff: 0.0, Sum: 0.0]
      [GC Worker Other (ms): Min: 0.0, Avg: 0.0, Max: 0.0, Diff: 0.0, Sum: 0.1]
      [GC Worker Total (ms): Min: 11.2, Avg: 11.2, Max: 11.2, Diff: 0.0, Sum: 22.4]
      [GC Worker End (ms): Min: 14690.9, Avg: 14690.9, Max: 14690.9, Diff: 0.0]
   [Code Root Fixup: 0.0 ms]
   [Code Root Migration: 0.0 ms]
   [Clear CT: 0.1 ms]
   [Other: 0.4 ms]
      [Choose CSet: 0.0 ms]
      [Ref Proc: 0.1 ms]
      [Ref Enq: 0.0 ms]
      [Free CSet: 0.2 ms]
   [Eden: 134.0M(134.0M)->0.0B(132.0M) Survivors: 15.0M->17.0M Heap: 212.4M(256.0M)->80.2M(256.0M)]
 [Times: user=0.03 sys=0.00, real=0.01 secs] 
2014-07-10T11:36:24.025+0200: 14.807: [GC pause (G1 Evacuation Pause) (young) 14.807: [G1Ergonomics (CSet Construction) start choosing CSet, _pending_cards: 257, predicted base time: 1.32 ms, remaining time: 198.68 ms, target pause time: 200.00 ms]
 14.807: [G1Ergonomics (CSet Construction) add young regions to CSet, eden: 132 regions, survivors: 17 regions, predicted young region time: 70.81 ms]
 14.807: [G1Ergonomics (CSet Construction) finish choosing CSet, eden: 132 regions, survivors: 17 regions, old: 0 regions, predicted pause time: 72.13 ms, target pause time: 200.00 ms]
, 0.0067554 secs]
   [Parallel Time: 6.2 ms, GC Workers: 2]
      [GC Worker Start (ms): Min: 14807.2, Avg: 14807.2, Max: 14807.2, Diff: 0.0]
      [Ext Root Scanning (ms): Min: 0.3, Avg: 0.3, Max: 0.3, Diff: 0.0, Sum: 0.6]
      [Update RS (ms): Min: 0.0, Avg: 0.0, Max: 0.0, Diff: 0.0, Sum: 0.1]
         [Processed Buffers: Min: 1, Avg: 1.5, Max: 2, Diff: 1, Sum: 3]
      [Scan RS (ms): Min: 0.2, Avg: 0.2, Max: 0.2, Diff: 0.0, Sum: 0.5]
      [Code Root Scanning (ms): Min: 0.1, Avg: 0.1, Max: 0.1, Diff: 0.0, Sum: 0.2]
      [Object Copy (ms): Min: 5.4, Avg: 5.4, Max: 5.4, Diff: 0.0, Sum: 10.8]
      [Termination (ms): Min: 0.0, Avg: 0.0, Max: 0.0, Diff: 0.0, Sum: 0.0]
      [GC Worker Other (ms): Min: 0.0, Avg: 0.0, Max: 0.0, Diff: 0.0, Sum: 0.1]
      [GC Worker Total (ms): Min: 6.1, Avg: 6.2, Max: 6.2, Diff: 0.0, Sum: 12.3]
      [GC Worker End (ms): Min: 14813.4, Avg: 14813.4, Max: 14813.4, Diff: 0.0]
   [Code Root Fixup: 0.0 ms]
   [Code Root Migration: 0.0 ms]
   [Clear CT: 0.1 ms]
   [Other: 0.4 ms]
      [Choose CSet: 0.0 ms]
      [Ref Proc: 0.1 ms]
      [Ref Enq: 0.0 ms]
      [Free CSet: 0.2 ms]
   [Eden: 132.0M(132.0M)->0.0B(141.0M) Survivors: 17.0M->9216.0K Heap: 212.2M(256.0M)->72.1M(256.0M)]
 [Times: user=0.00 sys=0.00, real=0.01 secs] 
2014-07-10T11:36:24.197+0200: 14.979: [GC pause (G1 Evacuation Pause) (young) 14.979: [G1Ergonomics (CSet Construction) start choosing CSet, _pending_cards: 512, predicted base time: 1.26 ms, remaining time: 198.74 ms, target pause time: 200.00 ms]
 14.979: [G1Ergonomics (CSet Construction) add young regions to CSet, eden: 141 regions, survivors: 9 regions, predicted young region time: 104.54 ms]
 14.979: [G1Ergonomics (CSet Construction) finish choosing CSet, eden: 141 regions, survivors: 9 regions, old: 0 regions, predicted pause time: 105.79 ms, target pause time: 200.00 ms]
, 0.0122585 secs]
   [Parallel Time: 11.6 ms, GC Workers: 2]
      [GC Worker Start (ms): Min: 14978.9, Avg: 14978.9, Max: 14978.9, Diff: 0.0]
      [Ext Root Scanning (ms): Min: 0.3, Avg: 0.3, Max: 0.3, Diff: 0.0, Sum: 0.6]
      [Update RS (ms): Min: 0.0, Avg: 0.0, Max: 0.0, Diff: 0.0, Sum: 0.1]
         [Processed Buffers: Min: 1, Avg: 1.5, Max: 2, Diff: 1, Sum: 3]
      [Scan RS (ms): Min: 0.3, Avg: 0.4, Max: 0.4, Diff: 0.1, Sum: 0.7]
      [Code Root Scanning (ms): Min: 0.1, Avg: 0.1, Max: 0.1, Diff: 0.1, Sum: 0.2]
      [Object Copy (ms): Min: 10.8, Avg: 10.8, Max: 10.8, Diff: 0.0, Sum: 21.6]
      [Termination (ms): Min: 0.0, Avg: 0.0, Max: 0.0, Diff: 0.0, Sum: 0.0]
      [GC Worker Other (ms): Min: 0.0, Avg: 0.0, Max: 0.0, Diff: 0.0, Sum: 0.1]
      [GC Worker Total (ms): Min: 11.6, Avg: 11.6, Max: 11.6, Diff: 0.0, Sum: 23.2]
      [GC Worker End (ms): Min: 14990.6, Avg: 14990.6, Max: 14990.6, Diff: 0.0]
   [Code Root Fixup: 0.0 ms]
   [Code Root Migration: 0.0 ms]
   [Clear CT: 0.1 ms]
   [Other: 0.5 ms]
      [Choose CSet: 0.0 ms]
      [Ref Proc: 0.0 ms]
      [Ref Enq: 0.0 ms]
      [Free CSet: 0.2 ms]
   [Eden: 141.0M(141.0M)->0.0B(130.0M) Survivors: 9216.0K->18.0M Heap: 213.1M(256.0M)->81.0M(256.0M)]
 [Times: user=0.00 sys=0.00, real=0.01 secs] 
2014-07-10T11:36:24.296+0200: 15.078: [GC pause (G1 Evacuation Pause) (young) 15.078: [G1Ergonomics (CSet Construction) start choosing CSet, _pending_cards: 512, predicted base time: 1.16 ms, remaining time: 198.84 ms, target pause time: 200.00 ms]
 15.078: [G1Ergonomics (CSet Construction) add young regions to CSet, eden: 130 regions, survivors: 18 regions, predicted young region time: 22.68 ms]
 15.078: [G1Ergonomics (CSet Construction) finish choosing CSet, eden: 130 regions, survivors: 18 regions, old: 0 regions, predicted pause time: 23.84 ms, target pause time: 200.00 ms]
, 0.0109665 secs]
   [Parallel Time: 10.3 ms, GC Workers: 2]
      [GC Worker Start (ms): Min: 15078.1, Avg: 15078.1, Max: 15078.1, Diff: 0.0]
      [Ext Root Scanning (ms): Min: 0.3, Avg: 0.3, Max: 0.3, Diff: 0.0, Sum: 0.7]
      [Update RS (ms): Min: 0.0, Avg: 0.0, Max: 0.0, Diff: 0.0, Sum: 0.1]
         [Processed Buffers: Min: 1, Avg: 1.5, Max: 2, Diff: 1, Sum: 3]
      [Scan RS (ms): Min: 0.2, Avg: 0.2, Max: 0.2, Diff: 0.0, Sum: 0.4]
      [Code Root Scanning (ms): Min: 0.1, Avg: 0.1, Max: 0.1, Diff: 0.0, Sum: 0.2]
      [Object Copy (ms): Min: 9.5, Avg: 9.5, Max: 9.5, Diff: 0.0, Sum: 19.0]
      [Termination (ms): Min: 0.0, Avg: 0.0, Max: 0.0, Diff: 0.0, Sum: 0.0]
      [GC Worker Other (ms): Min: 0.0, Avg: 0.0, Max: 0.0, Diff: 0.0, Sum: 0.1]
      [GC Worker Total (ms): Min: 10.2, Avg: 10.2, Max: 10.2, Diff: 0.0, Sum: 20.5]
      [GC Worker End (ms): Min: 15088.4, Avg: 15088.4, Max: 15088.4, Diff: 0.0]
   [Code Root Fixup: 0.0 ms]
   [Code Root Migration: 0.0 ms]
   [Clear CT: 0.2 ms]
   [Other: 0.5 ms]
      [Choose CSet: 0.0 ms]
      [Ref Proc: 0.1 ms]
      [Ref Enq: 0.0 ms]
      [Free CSet: 0.2 ms]
   [Eden: 130.0M(130.0M)->0.0B(133.0M) Survivors: 18.0M->16.0M Heap: 211.0M(256.0M)->78.9M(256.0M)]
 [Times: user=0.03 sys=0.00, real=0.01 secs] 
2014-07-10T11:36:24.445+0200: 15.227: [GC pause (G1 Evacuation Pause) (young) 15.228: [G1Ergonomics (CSet Construction) start choosing CSet, _pending_cards: 258, predicted base time: 1.08 ms, remaining time: 198.92 ms, target pause time: 200.00 ms]
 15.228: [G1Ergonomics (CSet Construction) add young regions to CSet, eden: 133 regions, survivors: 16 regions, predicted young region time: 91.67 ms]
 15.228: [G1Ergonomics (CSet Construction) finish choosing CSet, eden: 133 regions, survivors: 16 regions, old: 0 regions, predicted pause time: 92.75 ms, target pause time: 200.00 ms]
, 0.0056138 secs]
   [Parallel Time: 4.8 ms, GC Workers: 2]
      [GC Worker Start (ms): Min: 15228.0, Avg: 15230.0, Max: 15232.0, Diff: 4.0]
      [Ext Root Scanning (ms): Min: 0.0, Avg: 0.3, Max: 0.6, Diff: 0.6, Sum: 0.6]
      [Update RS (ms): Min: 0.0, Avg: 0.0, Max: 0.1, Diff: 0.1, Sum: 0.1]
         [Processed Buffers: Min: 0, Avg: 1.5, Max: 3, Diff: 3, Sum: 3]
      [Scan RS (ms): Min: 0.0, Avg: 0.3, Max: 0.5, Diff: 0.5, Sum: 0.5]
      [Code Root Scanning (ms): Min: 0.0, Avg: 0.1, Max: 0.2, Diff: 0.2, Sum: 0.2]
      [Object Copy (ms): Min: 0.0, Avg: 1.3, Max: 2.5, Diff: 2.5, Sum: 2.5]
      [Termination (ms): Min: 0.0, Avg: 0.3, Max: 0.5, Diff: 0.5, Sum: 0.5]
      [GC Worker Other (ms): Min: 0.0, Avg: 0.0, Max: 0.0, Diff: 0.0, Sum: 0.1]
      [GC Worker Total (ms): Min: 0.1, Avg: 2.3, Max: 4.4, Diff: 4.4, Sum: 4.5]
      [GC Worker End (ms): Min: 15232.0, Avg: 15232.2, Max: 15232.4, Diff: 0.4]
   [Code Root Fixup: 0.0 ms]
   [Code Root Migration: 0.0 ms]
   [Clear CT: 0.1 ms]
   [Other: 0.6 ms]
      [Choose CSet: 0.0 ms]
      [Ref Proc: 0.2 ms]
      [Ref Enq: 0.0 ms]
      [Free CSet: 0.2 ms]
   [Eden: 133.0M(133.0M)->0.0B(148.0M) Survivors: 16.0M->4096.0K Heap: 211.9M(256.0M)->67.6M(256.0M)]
 [Times: user=0.00 sys=0.00, real=0.01 secs] 
2014-07-10T11:36:24.602+0200: 15.384: [GC pause (G1 Evacuation Pause) (young) 15.384: [G1Ergonomics (CSet Construction) start choosing CSet, _pending_cards: 257, predicted base time: 2.20 ms, remaining time: 197.80 ms, target pause time: 200.00 ms]
 15.384: [G1Ergonomics (CSet Construction) add young regions to CSet, eden: 148 regions, survivors: 4 regions, predicted young region time: 18.22 ms]
 15.384: [G1Ergonomics (CSet Construction) finish choosing CSet, eden: 148 regions, survivors: 4 regions, old: 0 regions, predicted pause time: 20.42 ms, target pause time: 200.00 ms]
, 0.0191166 secs]
   [Parallel Time: 17.6 ms, GC Workers: 2]
      [GC Worker Start (ms): Min: 15383.8, Avg: 15383.8, Max: 15383.8, Diff: 0.0]
      [Ext Root Scanning (ms): Min: 0.6, Avg: 0.6, Max: 0.6, Diff: 0.0, Sum: 1.2]
      [Update RS (ms): Min: 0.1, Avg: 0.1, Max: 0.1, Diff: 0.1, Sum: 0.2]
         [Processed Buffers: Min: 1, Avg: 1.5, Max: 2, Diff: 1, Sum: 3]
      [Scan RS (ms): Min: 0.4, Avg: 0.4, Max: 0.4, Diff: 0.0, Sum: 0.9]
      [Code Root Scanning (ms): Min: 0.1, Avg: 0.2, Max: 0.2, Diff: 0.0, Sum: 0.3]
      [Object Copy (ms): Min: 16.2, Avg: 16.2, Max: 16.2, Diff: 0.0, Sum: 32.3]
      [Termination (ms): Min: 0.0, Avg: 0.0, Max: 0.0, Diff: 0.0, Sum: 0.0]
      [GC Worker Other (ms): Min: 0.0, Avg: 0.1, Max: 0.1, Diff: 0.0, Sum: 0.1]
      [GC Worker Total (ms): Min: 17.5, Avg: 17.5, Max: 17.5, Diff: 0.0, Sum: 35.0]
      [GC Worker End (ms): Min: 15401.3, Avg: 15401.3, Max: 15401.3, Diff: 0.0]
   [Code Root Fixup: 0.0 ms]
   [Code Root Migration: 0.1 ms]
   [Clear CT: 0.2 ms]
   [Other: 1.3 ms]
      [Choose CSet: 0.1 ms]
      [Ref Proc: 0.5 ms]
      [Ref Enq: 0.0 ms]
      [Free CSet: 0.5 ms]
   [Eden: 148.0M(148.0M)->0.0B(134.0M) Survivors: 4096.0K->16.0M Heap: 215.6M(256.0M)->79.5M(256.0M)]
 [Times: user=0.03 sys=0.00, real=0.02 secs] 
2014-07-10T11:36:24.698+0200: 15.480: [GC pause (G1 Evacuation Pause) (young) 15.480: [G1Ergonomics (CSet Construction) start choosing CSet, _pending_cards: 512, predicted base time: 2.24 ms, remaining time: 197.76 ms, target pause time: 200.00 ms]
 15.480: [G1Ergonomics (CSet Construction) add young regions to CSet, eden: 134 regions, survivors: 16 regions, predicted young region time: 105.15 ms]
 15.480: [G1Ergonomics (CSet Construction) finish choosing CSet, eden: 134 regions, survivors: 16 regions, old: 0 regions, predicted pause time: 107.39 ms, target pause time: 200.00 ms]
, 0.0125313 secs]
   [Parallel Time: 11.9 ms, GC Workers: 2]
      [GC Worker Start (ms): Min: 15480.0, Avg: 15480.0, Max: 15480.0, Diff: 0.0]
      [Ext Root Scanning (ms): Min: 0.3, Avg: 0.3, Max: 0.3, Diff: 0.0, Sum: 0.6]
      [Update RS (ms): Min: 0.0, Avg: 0.0, Max: 0.0, Diff: 0.0, Sum: 0.1]
         [Processed Buffers: Min: 1, Avg: 1.5, Max: 2, Diff: 1, Sum: 3]
      [Scan RS (ms): Min: 0.2, Avg: 0.2, Max: 0.3, Diff: 0.1, Sum: 0.5]
      [Code Root Scanning (ms): Min: 0.1, Avg: 0.1, Max: 0.2, Diff: 0.0, Sum: 0.3]
      [Object Copy (ms): Min: 11.1, Avg: 11.1, Max: 11.1, Diff: 0.0, Sum: 22.1]
      [Termination (ms): Min: 0.0, Avg: 0.0, Max: 0.0, Diff: 0.0, Sum: 0.0]
      [GC Worker Other (ms): Min: 0.0, Avg: 0.0, Max: 0.0, Diff: 0.0, Sum: 0.1]
      [GC Worker Total (ms): Min: 11.8, Avg: 11.8, Max: 11.8, Diff: 0.0, Sum: 23.7]
      [GC Worker End (ms): Min: 15491.8, Avg: 15491.8, Max: 15491.8, Diff: 0.0]
   [Code Root Fixup: 0.0 ms]
   [Code Root Migration: 0.0 ms]
   [Clear CT: 0.2 ms]
   [Other: 0.4 ms]
      [Choose CSet: 0.0 ms]
      [Ref Proc: 0.1 ms]
      [Ref Enq: 0.0 ms]
      [Free CSet: 0.2 ms]
   [Eden: 134.0M(134.0M)->0.0B(130.0M) Survivors: 16.0M->18.0M Heap: 213.5M(256.0M)->81.4M(256.0M)]
 [Times: user=0.02 sys=0.00, real=0.01 secs] 
2014-07-10T11:36:24.842+0200: 15.624: [GC pause (G1 Evacuation Pause) (young) 15.624: [G1Ergonomics (CSet Construction) start choosing CSet, _pending_cards: 256, predicted base time: 1.88 ms, remaining time: 198.12 ms, target pause time: 200.00 ms]
 15.624: [G1Ergonomics (CSet Construction) add young regions to CSet, eden: 130 regions, survivors: 18 regions, predicted young region time: 97.42 ms]
 15.624: [G1Ergonomics (CSet Construction) finish choosing CSet, eden: 130 regions, survivors: 18 regions, old: 0 regions, predicted pause time: 99.30 ms, target pause time: 200.00 ms]
, 0.0114801 secs]
   [Parallel Time: 10.8 ms, GC Workers: 2]
      [GC Worker Start (ms): Min: 15624.1, Avg: 15625.7, Max: 15627.3, Diff: 3.2]
      [Ext Root Scanning (ms): Min: 0.0, Avg: 0.3, Max: 0.5, Diff: 0.5, Sum: 0.5]
      [Update RS (ms): Min: 0.0, Avg: 0.0, Max: 0.1, Diff: 0.1, Sum: 0.1]
         [Processed Buffers: Min: 0, Avg: 1.0, Max: 2, Diff: 2, Sum: 2]
      [Scan RS (ms): Min: 0.0, Avg: 0.2, Max: 0.4, Diff: 0.4, Sum: 0.5]
      [Code Root Scanning (ms): Min: 0.0, Avg: 0.1, Max: 0.2, Diff: 0.2, Sum: 0.2]
      [Object Copy (ms): Min: 7.4, Avg: 8.4, Max: 9.5, Diff: 2.1, Sum: 16.9]
      [Termination (ms): Min: 0.0, Avg: 0.0, Max: 0.0, Diff: 0.0, Sum: 0.0]
      [GC Worker Other (ms): Min: 0.0, Avg: 0.0, Max: 0.0, Diff: 0.0, Sum: 0.1]
      [GC Worker Total (ms): Min: 7.5, Avg: 9.1, Max: 10.7, Diff: 3.2, Sum: 18.2]
      [GC Worker End (ms): Min: 15634.8, Avg: 15634.8, Max: 15634.8, Diff: 0.0]
   [Code Root Fixup: 0.0 ms]
   [Code Root Migration: 0.0 ms]
   [Clear CT: 0.1 ms]
   [Other: 0.5 ms]
      [Choose CSet: 0.0 ms]
      [Ref Proc: 0.1 ms]
      [Ref Enq: 0.0 ms]
      [Free CSet: 0.2 ms]
   [Eden: 130.0M(130.0M)->0.0B(133.0M) Survivors: 18.0M->16.0M Heap: 211.4M(256.0M)->79.3M(256.0M)]
 [Times: user=0.02 sys=0.00, real=0.01 secs] 
2014-07-10T11:36:24.996+0200: 15.778: [GC pause (G1 Evacuation Pause) (young) 15.778: [G1Ergonomics (CSet Construction) start choosing CSet, _pending_cards: 257, predicted base time: 2.16 ms, remaining time: 197.84 ms, target pause time: 200.00 ms]
 15.778: [G1Ergonomics (CSet Construction) add young regions to CSet, eden: 133 regions, survivors: 16 regions, predicted young region time: 82.74 ms]
 15.778: [G1Ergonomics (CSet Construction) finish choosing CSet, eden: 133 regions, survivors: 16 regions, old: 0 regions, predicted pause time: 84.90 ms, target pause time: 200.00 ms]
, 0.0114145 secs]
   [Parallel Time: 10.0 ms, GC Workers: 2]
      [GC Worker Start (ms): Min: 15778.1, Avg: 15778.1, Max: 15778.1, Diff: 0.0]
      [Ext Root Scanning (ms): Min: 0.6, Avg: 0.6, Max: 0.6, Diff: 0.0, Sum: 1.2]
      [Update RS (ms): Min: 0.1, Avg: 0.1, Max: 0.1, Diff: 0.0, Sum: 0.1]
         [Processed Buffers: Min: 1, Avg: 1.5, Max: 2, Diff: 1, Sum: 3]
      [Scan RS (ms): Min: 0.4, Avg: 0.4, Max: 0.4, Diff: 0.0, Sum: 0.8]
      [Code Root Scanning (ms): Min: 0.1, Avg: 0.1, Max: 0.1, Diff: 0.0, Sum: 0.3]
      [Object Copy (ms): Min: 8.6, Avg: 8.6, Max: 8.6, Diff: 0.0, Sum: 17.3]
      [Termination (ms): Min: 0.0, Avg: 0.0, Max: 0.0, Diff: 0.0, Sum: 0.0]
      [GC Worker Other (ms): Min: 0.0, Avg: 0.1, Max: 0.1, Diff: 0.0, Sum: 0.1]
      [GC Worker Total (ms): Min: 9.9, Avg: 9.9, Max: 9.9, Diff: 0.0, Sum: 19.9]
      [GC Worker End (ms): Min: 15788.0, Avg: 15788.0, Max: 15788.0, Diff: 0.0]
   [Code Root Fixup: 0.0 ms]
   [Code Root Migration: 0.1 ms]
   [Clear CT: 0.2 ms]
   [Other: 1.1 ms]
      [Choose CSet: 0.1 ms]
      [Ref Proc: 0.1 ms]
      [Ref Enq: 0.0 ms]
      [Free CSet: 0.7 ms]
   [Eden: 133.0M(133.0M)->0.0B(142.0M) Survivors: 16.0M->9216.0K Heap: 212.3M(256.0M)->72.2M(256.0M)]
 [Times: user=0.02 sys=0.00, real=0.01 secs] 
2014-07-10T11:36:25.100+0200: 15.882: [GC pause (G1 Evacuation Pause) (young) 15.882: [G1Ergonomics (CSet Construction) start choosing CSet, _pending_cards: 512, predicted base time: 2.07 ms, remaining time: 197.93 ms, target pause time: 200.00 ms]
 15.882: [G1Ergonomics (CSet Construction) add young regions to CSet, eden: 142 regions, survivors: 9 regions, predicted young region time: 118.13 ms]
 15.882: [G1Ergonomics (CSet Construction) finish choosing CSet, eden: 142 regions, survivors: 9 regions, old: 0 regions, predicted pause time: 120.20 ms, target pause time: 200.00 ms]
, 0.0128238 secs]
   [Parallel Time: 12.3 ms, GC Workers: 2]
      [GC Worker Start (ms): Min: 15882.5, Avg: 15882.5, Max: 15882.5, Diff: 0.0]
      [Ext Root Scanning (ms): Min: 0.6, Avg: 0.6, Max: 0.6, Diff: 0.0, Sum: 1.1]
      [Update RS (ms): Min: 0.0, Avg: 0.0, Max: 0.0, Diff: 0.0, Sum: 0.1]
         [Processed Buffers: Min: 1, Avg: 1.5, Max: 2, Diff: 1, Sum: 3]
      [Scan RS (ms): Min: 0.2, Avg: 0.2, Max: 0.2, Diff: 0.0, Sum: 0.5]
      [Code Root Scanning (ms): Min: 0.1, Avg: 0.1, Max: 0.1, Diff: 0.0, Sum: 0.2]
      [Object Copy (ms): Min: 11.3, Avg: 11.3, Max: 11.3, Diff: 0.0, Sum: 22.6]
      [Termination (ms): Min: 0.0, Avg: 0.0, Max: 0.0, Diff: 0.0, Sum: 0.0]
      [GC Worker Other (ms): Min: 0.0, Avg: 0.0, Max: 0.0, Diff: 0.0, Sum: 0.1]
      [GC Worker Total (ms): Min: 12.2, Avg: 12.2, Max: 12.3, Diff: 0.0, Sum: 24.5]
      [GC Worker End (ms): Min: 15894.7, Avg: 15894.7, Max: 15894.7, Diff: 0.0]
   [Code Root Fixup: 0.0 ms]
   [Code Root Migration: 0.1 ms]
   [Clear CT: 0.1 ms]
   [Other: 0.4 ms]
      [Choose CSet: 0.0 ms]
      [Ref Proc: 0.1 ms]
      [Ref Enq: 0.0 ms]
      [Free CSet: 0.2 ms]
   [Eden: 142.0M(142.0M)->0.0B(128.0M) Survivors: 9216.0K->19.0M Heap: 214.2M(256.0M)->82.1M(256.0M)]
 [Times: user=0.03 sys=0.00, real=0.01 secs] 
2014-07-10T11:36:25.230+0200: 16.012: [GC pause (G1 Evacuation Pause) (young) 16.012: [G1Ergonomics (CSet Construction) start choosing CSet, _pending_cards: 512, predicted base time: 1.85 ms, remaining time: 198.15 ms, target pause time: 200.00 ms]
 16.012: [G1Ergonomics (CSet Construction) add young regions to CSet, eden: 128 regions, survivors: 19 regions, predicted young region time: 75.45 ms]
 16.012: [G1Ergonomics (CSet Construction) finish choosing CSet, eden: 128 regions, survivors: 19 regions, old: 0 regions, predicted pause time: 77.29 ms, target pause time: 200.00 ms]
, 0.0106849 secs]
   [Parallel Time: 10.2 ms, GC Workers: 2]
      [GC Worker Start (ms): Min: 16011.7, Avg: 16011.7, Max: 16011.7, Diff: 0.0]
      [Ext Root Scanning (ms): Min: 0.3, Avg: 0.3, Max: 0.3, Diff: 0.0, Sum: 0.7]
      [Update RS (ms): Min: 0.0, Avg: 0.0, Max: 0.0, Diff: 0.0, Sum: 0.1]
         [Processed Buffers: Min: 1, Avg: 1.5, Max: 2, Diff: 1, Sum: 3]
      [Scan RS (ms): Min: 0.2, Avg: 0.2, Max: 0.2, Diff: 0.0, Sum: 0.5]
      [Code Root Scanning (ms): Min: 0.1, Avg: 0.1, Max: 0.1, Diff: 0.0, Sum: 0.2]
      [Object Copy (ms): Min: 9.4, Avg: 9.4, Max: 9.4, Diff: 0.0, Sum: 18.8]
      [Termination (ms): Min: 0.0, Avg: 0.0, Max: 0.0, Diff: 0.0, Sum: 0.0]
      [GC Worker Other (ms): Min: 0.0, Avg: 0.0, Max: 0.0, Diff: 0.0, Sum: 0.1]
      [GC Worker Total (ms): Min: 10.1, Avg: 10.1, Max: 10.1, Diff: 0.0, Sum: 20.3]
      [GC Worker End (ms): Min: 16021.9, Avg: 16021.9, Max: 16021.9, Diff: 0.0]
   [Code Root Fixup: 0.0 ms]
   [Code Root Migration: 0.0 ms]
   [Clear CT: 0.1 ms]
   [Other: 0.4 ms]
      [Choose CSet: 0.0 ms]
      [Ref Proc: 0.1 ms]
      [Ref Enq: 0.0 ms]
      [Free CSet: 0.2 ms]
   [Eden: 128.0M(128.0M)->0.0B(135.0M) Survivors: 19.0M->15.0M Heap: 210.1M(256.0M)->77.9M(256.0M)]
 [Times: user=0.02 sys=0.00, real=0.01 secs] 
2014-07-10T11:36:25.403+0200: 16.185: [GC pause (G1 Evacuation Pause) (young) 16.185: [G1Ergonomics (CSet Construction) start choosing CSet, _pending_cards: 256, predicted base time: 1.57 ms, remaining time: 198.43 ms, target pause time: 200.00 ms]
 16.185: [G1Ergonomics (CSet Construction) add young regions to CSet, eden: 135 regions, survivors: 15 regions, predicted young region time: 101.63 ms]
 16.185: [G1Ergonomics (CSet Construction) finish choosing CSet, eden: 135 regions, survivors: 15 regions, old: 0 regions, predicted pause time: 103.20 ms, target pause time: 200.00 ms]
, 0.0167929 secs]
   [Parallel Time: 15.9 ms, GC Workers: 2]
      [GC Worker Start (ms): Min: 16185.5, Avg: 16185.6, Max: 16185.6, Diff: 0.0]
      [Ext Root Scanning (ms): Min: 0.6, Avg: 0.6, Max: 0.6, Diff: 0.0, Sum: 1.2]
      [Update RS (ms): Min: 0.0, Avg: 0.0, Max: 0.1, Diff: 0.0, Sum: 0.1]
         [Processed Buffers: Min: 1, Avg: 1.0, Max: 1, Diff: 0, Sum: 2]
      [Scan RS (ms): Min: 0.4, Avg: 0.4, Max: 0.5, Diff: 0.0, Sum: 0.9]
      [Code Root Scanning (ms): Min: 0.1, Avg: 0.2, Max: 0.2, Diff: 0.0, Sum: 0.3]
      [Object Copy (ms): Min: 14.5, Avg: 14.5, Max: 14.6, Diff: 0.0, Sum: 29.1]
      [Termination (ms): Min: 0.0, Avg: 0.0, Max: 0.0, Diff: 0.0, Sum: 0.0]
      [GC Worker Other (ms): Min: 0.0, Avg: 0.0, Max: 0.0, Diff: 0.0, Sum: 0.1]
      [GC Worker Total (ms): Min: 15.8, Avg: 15.8, Max: 15.8, Diff: 0.0, Sum: 31.6]
      [GC Worker End (ms): Min: 16201.4, Avg: 16201.4, Max: 16201.4, Diff: 0.0]
   [Code Root Fixup: 0.0 ms]
   [Code Root Migration: 0.1 ms]
   [Clear CT: 0.2 ms]
   [Other: 0.7 ms]
      [Choose CSet: 0.1 ms]
      [Ref Proc: 0.2 ms]
      [Ref Enq: 0.0 ms]
      [Free CSet: 0.2 ms]
   [Eden: 135.0M(135.0M)->0.0B(130.0M) Survivors: 15.0M->18.0M Heap: 212.9M(256.0M)->80.8M(256.0M)]
 [Times: user=0.03 sys=0.00, real=0.02 secs] 
2014-07-10T11:36:25.490+0200: 16.273: [GC pause (G1 Evacuation Pause) (young) 16.273: [G1Ergonomics (CSet Construction) start choosing CSet, _pending_cards: 260, predicted base time: 1.57 ms, remaining time: 198.43 ms, target pause time: 200.00 ms]
 16.273: [G1Ergonomics (CSet Construction) add young regions to CSet, eden: 130 regions, survivors: 18 regions, predicted young region time: 42.96 ms]
 16.273: [G1Ergonomics (CSet Construction) finish choosing CSet, eden: 130 regions, survivors: 18 regions, old: 0 regions, predicted pause time: 44.53 ms, target pause time: 200.00 ms]
, 0.0022676 secs]
   [Parallel Time: 1.7 ms, GC Workers: 2]
      [GC Worker Start (ms): Min: 16272.6, Avg: 16272.6, Max: 16272.6, Diff: 0.0]
      [Ext Root Scanning (ms): Min: 0.3, Avg: 0.3, Max: 0.3, Diff: 0.0, Sum: 0.6]
      [Update RS (ms): Min: 0.0, Avg: 0.0, Max: 0.0, Diff: 0.0, Sum: 0.1]
         [Processed Buffers: Min: 1, Avg: 1.5, Max: 2, Diff: 1, Sum: 3]
      [Scan RS (ms): Min: 0.2, Avg: 0.2, Max: 0.2, Diff: 0.0, Sum: 0.4]
      [Code Root Scanning (ms): Min: 0.1, Avg: 0.1, Max: 0.1, Diff: 0.0, Sum: 0.2]
      [Object Copy (ms): Min: 1.0, Avg: 1.0, Max: 1.0, Diff: 0.0, Sum: 2.0]
      [Termination (ms): Min: 0.0, Avg: 0.0, Max: 0.0, Diff: 0.0, Sum: 0.0]
      [GC Worker Other (ms): Min: 0.0, Avg: 0.0, Max: 0.0, Diff: 0.0, Sum: 0.0]
      [GC Worker Total (ms): Min: 1.6, Avg: 1.6, Max: 1.6, Diff: 0.0, Sum: 3.3]
      [GC Worker End (ms): Min: 16274.3, Avg: 16274.3, Max: 16274.3, Diff: 0.0]
   [Code Root Fixup: 0.0 ms]
   [Code Root Migration: 0.0 ms]
   [Clear CT: 0.1 ms]
   [Other: 0.4 ms]
      [Choose CSet: 0.0 ms]
      [Ref Proc: 0.1 ms]
      [Ref Enq: 0.0 ms]
      [Free CSet: 0.2 ms]
   [Eden: 130.0M(130.0M)->0.0B(150.0M) Survivors: 18.0M->2048.0K Heap: 210.8M(256.0M)->65.6M(256.0M)]
 [Times: user=0.00 sys=0.00, real=0.00 secs] 
2014-07-10T11:36:25.639+0200: 16.421: [GC pause (G1 Evacuation Pause) (young) 16.421: [G1Ergonomics (CSet Construction) start choosing CSet, _pending_cards: 512, predicted base time: 1.44 ms, remaining time: 198.56 ms, target pause time: 200.00 ms]
 16.421: [G1Ergonomics (CSet Construction) add young regions to CSet, eden: 150 regions, survivors: 2 regions, predicted young region time: 110.10 ms]
 16.421: [G1Ergonomics (CSet Construction) finish choosing CSet, eden: 150 regions, survivors: 2 regions, old: 0 regions, predicted pause time: 111.54 ms, target pause time: 200.00 ms]
, 0.0132073 secs]
   [Parallel Time: 12.6 ms, GC Workers: 2]
      [GC Worker Start (ms): Min: 16421.3, Avg: 16421.3, Max: 16421.3, Diff: 0.0]
      [Ext Root Scanning (ms): Min: 0.3, Avg: 0.3, Max: 0.3, Diff: 0.0, Sum: 0.6]
      [Update RS (ms): Min: 0.0, Avg: 0.0, Max: 0.1, Diff: 0.0, Sum: 0.1]
         [Processed Buffers: Min: 1, Avg: 1.5, Max: 2, Diff: 1, Sum: 3]
      [Scan RS (ms): Min: 0.2, Avg: 0.2, Max: 0.2, Diff: 0.0, Sum: 0.4]
      [Code Root Scanning (ms): Min: 0.1, Avg: 0.1, Max: 0.1, Diff: 0.0, Sum: 0.2]
      [Object Copy (ms): Min: 11.9, Avg: 11.9, Max: 11.9, Diff: 0.0, Sum: 23.7]
      [Termination (ms): Min: 0.0, Avg: 0.0, Max: 0.0, Diff: 0.0, Sum: 0.0]
      [GC Worker Other (ms): Min: 0.0, Avg: 0.0, Max: 0.0, Diff: 0.0, Sum: 0.1]
      [GC Worker Total (ms): Min: 12.6, Avg: 12.6, Max: 12.6, Diff: 0.0, Sum: 25.1]
      [GC Worker End (ms): Min: 16433.8, Avg: 16433.8, Max: 16433.8, Diff: 0.0]
   [Code Root Fixup: 0.0 ms]
   [Code Root Migration: 0.0 ms]
   [Clear CT: 0.1 ms]
   [Other: 0.5 ms]
      [Choose CSet: 0.0 ms]
      [Ref Proc: 0.1 ms]
      [Ref Enq: 0.0 ms]
      [Free CSet: 0.2 ms]
   [Eden: 150.0M(150.0M)->0.0B(127.0M) Survivors: 2048.0K->19.0M Heap: 215.6M(256.0M)->83.5M(256.0M)]
 [Times: user=0.03 sys=0.00, real=0.01 secs] 
2014-07-10T11:36:25.801+0200: 16.583: [GC pause (G1 Evacuation Pause) (young) 16.583: [G1Ergonomics (CSet Construction) start choosing CSet, _pending_cards: 512, predicted base time: 1.31 ms, remaining time: 198.69 ms, target pause time: 200.00 ms]
 16.583: [G1Ergonomics (CSet Construction) add young regions to CSet, eden: 127 regions, survivors: 19 regions, predicted young region time: 21.99 ms]
 16.583: [G1Ergonomics (CSet Construction) finish choosing CSet, eden: 127 regions, survivors: 19 regions, old: 0 regions, predicted pause time: 23.30 ms, target pause time: 200.00 ms]
, 0.0124770 secs]
   [Parallel Time: 11.6 ms, GC Workers: 2]
      [GC Worker Start (ms): Min: 16583.2, Avg: 16583.3, Max: 16583.4, Diff: 0.2]
      [Ext Root Scanning (ms): Min: 0.5, Avg: 0.6, Max: 0.7, Diff: 0.2, Sum: 1.2]
      [Update RS (ms): Min: 0.1, Avg: 0.1, Max: 0.1, Diff: 0.1, Sum: 0.2]
         [Processed Buffers: Min: 1, Avg: 1.5, Max: 2, Diff: 1, Sum: 3]
      [Scan RS (ms): Min: 0.3, Avg: 0.4, Max: 0.5, Diff: 0.1, Sum: 0.8]
      [Code Root Scanning (ms): Min: 0.2, Avg: 0.2, Max: 0.3, Diff: 0.1, Sum: 0.5]
      [Object Copy (ms): Min: 10.0, Avg: 10.0, Max: 10.1, Diff: 0.0, Sum: 20.1]
      [Termination (ms): Min: 0.0, Avg: 0.0, Max: 0.0, Diff: 0.0, Sum: 0.0]
      [GC Worker Other (ms): Min: 0.1, Avg: 0.1, Max: 0.1, Diff: 0.0, Sum: 0.1]
      [GC Worker Total (ms): Min: 11.3, Avg: 11.4, Max: 11.5, Diff: 0.2, Sum: 22.9]
      [GC Worker End (ms): Min: 16594.8, Avg: 16594.8, Max: 16594.8, Diff: 0.0]
   [Code Root Fixup: 0.0 ms]
   [Code Root Migration: 0.1 ms]
   [Clear CT: 0.1 ms]
   [Other: 0.7 ms]
      [Choose CSet: 0.1 ms]
      [Ref Proc: 0.2 ms]
      [Ref Enq: 0.0 ms]
      [Free CSet: 0.3 ms]
   [Eden: 127.0M(127.0M)->0.0B(133.0M) Survivors: 19.0M->15.0M Heap: 210.5M(256.0M)->79.0M(256.0M)]
 [Times: user=0.03 sys=0.00, real=0.01 secs] 
2014-07-10T11:36:25.897+0200: 16.679: [GC pause (G1 Evacuation Pause) (young) 16.679: [G1Ergonomics (CSet Construction) start choosing CSet, _pending_cards: 512, predicted base time: 1.44 ms, remaining time: 198.56 ms, target pause time: 200.00 ms]
 16.679: [G1Ergonomics (CSet Construction) add young regions to CSet, eden: 133 regions, survivors: 15 regions, predicted young region time: 93.60 ms]
 16.679: [G1Ergonomics (CSet Construction) finish choosing CSet, eden: 133 regions, survivors: 15 regions, old: 0 regions, predicted pause time: 95.04 ms, target pause time: 200.00 ms]
, 0.0108686 secs]
   [Parallel Time: 10.2 ms, GC Workers: 2]
      [GC Worker Start (ms): Min: 16678.7, Avg: 16678.7, Max: 16678.7, Diff: 0.0]
      [Ext Root Scanning (ms): Min: 0.3, Avg: 0.3, Max: 0.3, Diff: 0.0, Sum: 0.6]
      [Update RS (ms): Min: 0.0, Avg: 0.1, Max: 0.1, Diff: 0.0, Sum: 0.1]
         [Processed Buffers: Min: 1, Avg: 1.5, Max: 2, Diff: 1, Sum: 3]
      [Scan RS (ms): Min: 0.2, Avg: 0.2, Max: 0.2, Diff: 0.0, Sum: 0.4]
      [Code Root Scanning (ms): Min: 0.1, Avg: 0.1, Max: 0.1, Diff: 0.0, Sum: 0.2]
      [Object Copy (ms): Min: 9.4, Avg: 9.4, Max: 9.4, Diff: 0.0, Sum: 18.9]
      [Termination (ms): Min: 0.0, Avg: 0.0, Max: 0.0, Diff: 0.0, Sum: 0.0]
      [GC Worker Other (ms): Min: 0.0, Avg: 0.0, Max: 0.0, Diff: 0.0, Sum: 0.1]
      [GC Worker Total (ms): Min: 10.1, Avg: 10.1, Max: 10.1, Diff: 0.0, Sum: 20.2]
      [GC Worker End (ms): Min: 16688.8, Avg: 16688.8, Max: 16688.8, Diff: 0.0]
   [Code Root Fixup: 0.0 ms]
   [Code Root Migration: 0.0 ms]
   [Clear CT: 0.2 ms]
   [Other: 0.5 ms]
      [Choose CSet: 0.0 ms]
      [Ref Proc: 0.1 ms]
      [Ref Enq: 0.0 ms]
      [Free CSet: 0.2 ms]
   [Eden: 133.0M(133.0M)->0.0B(132.0M) Survivors: 15.0M->16.0M Heap: 212.0M(256.0M)->79.9M(256.0M)]
 [Times: user=0.00 sys=0.00, real=0.01 secs] 
2014-07-10T11:36:26.035+0200: 16.817: [GC pause (G1 Evacuation Pause) (young) 16.817: [G1Ergonomics (CSet Construction) start choosing CSet, _pending_cards: 514, predicted base time: 1.33 ms, remaining time: 198.67 ms, target pause time: 200.00 ms]
 16.817: [G1Ergonomics (CSet Construction) add young regions to CSet, eden: 132 regions, survivors: 16 regions, predicted young region time: 89.80 ms]
 16.817: [G1Ergonomics (CSet Construction) finish choosing CSet, eden: 132 regions, survivors: 16 regions, old: 0 regions, predicted pause time: 91.13 ms, target pause time: 200.00 ms]
, 0.0034030 secs]
   [Parallel Time: 2.6 ms, GC Workers: 2]
      [GC Worker Start (ms): Min: 16817.1, Avg: 16817.1, Max: 16817.1, Diff: 0.0]
      [Ext Root Scanning (ms): Min: 0.3, Avg: 0.4, Max: 0.4, Diff: 0.0, Sum: 0.7]
      [Update RS (ms): Min: 0.1, Avg: 0.1, Max: 0.1, Diff: 0.0, Sum: 0.1]
         [Processed Buffers: Min: 2, Avg: 2.0, Max: 2, Diff: 0, Sum: 4]
      [Scan RS (ms): Min: 0.3, Avg: 0.3, Max: 0.3, Diff: 0.0, Sum: 0.6]
      [Code Root Scanning (ms): Min: 0.1, Avg: 0.1, Max: 0.1, Diff: 0.0, Sum: 0.2]
      [Object Copy (ms): Min: 1.7, Avg: 1.7, Max: 1.7, Diff: 0.0, Sum: 3.5]
      [Termination (ms): Min: 0.0, Avg: 0.0, Max: 0.0, Diff: 0.0, Sum: 0.0]
      [GC Worker Other (ms): Min: 0.0, Avg: 0.0, Max: 0.0, Diff: 0.0, Sum: 0.1]
      [GC Worker Total (ms): Min: 2.6, Avg: 2.6, Max: 2.6, Diff: 0.0, Sum: 5.2]
      [GC Worker End (ms): Min: 16819.7, Avg: 16819.7, Max: 16819.7, Diff: 0.0]
   [Code Root Fixup: 0.0 ms]
   [Code Root Migration: 0.0 ms]
   [Clear CT: 0.2 ms]
   [Other: 0.6 ms]
      [Choose CSet: 0.0 ms]
      [Ref Proc: 0.2 ms]
      [Ref Enq: 0.0 ms]
      [Free CSet: 0.2 ms]
   [Eden: 132.0M(132.0M)->0.0B(147.0M) Survivors: 16.0M->4096.0K Heap: 211.9M(256.0M)->67.6M(256.0M)]
 [Times: user=0.03 sys=0.00, real=0.00 secs] 
2014-07-10T11:36:26.197+0200: 16.979: [GC pause (G1 Evacuation Pause) (young) 16.979: [G1Ergonomics (CSet Construction) start choosing CSet, _pending_cards: 512, predicted base time: 1.27 ms, remaining time: 198.73 ms, target pause time: 200.00 ms]
 16.979: [G1Ergonomics (CSet Construction) add young regions to CSet, eden: 147 regions, survivors: 4 regions, predicted young region time: 64.91 ms]
 16.979: [G1Ergonomics (CSet Construction) finish choosing CSet, eden: 147 regions, survivors: 4 regions, old: 0 regions, predicted pause time: 66.18 ms, target pause time: 200.00 ms]
, 0.0126512 secs]
   [Parallel Time: 12.0 ms, GC Workers: 2]
      [GC Worker Start (ms): Min: 16979.4, Avg: 16979.4, Max: 16979.4, Diff: 0.0]
      [Ext Root Scanning (ms): Min: 0.3, Avg: 0.3, Max: 0.3, Diff: 0.0, Sum: 0.6]
      [Update RS (ms): Min: 0.0, Avg: 0.0, Max: 0.1, Diff: 0.0, Sum: 0.1]
         [Processed Buffers: Min: 1, Avg: 1.5, Max: 2, Diff: 1, Sum: 3]
      [Scan RS (ms): Min: 0.2, Avg: 0.2, Max: 0.2, Diff: 0.0, Sum: 0.4]
      [Code Root Scanning (ms): Min: 0.1, Avg: 0.1, Max: 0.1, Diff: 0.0, Sum: 0.2]
      [Object Copy (ms): Min: 11.1, Avg: 11.1, Max: 11.1, Diff: 0.0, Sum: 22.2]
      [Termination (ms): Min: 0.0, Avg: 0.0, Max: 0.0, Diff: 0.0, Sum: 0.0]
      [GC Worker Other (ms): Min: 0.0, Avg: 0.1, Max: 0.2, Diff: 0.2, Sum: 0.2]
      [GC Worker Total (ms): Min: 11.8, Avg: 11.9, Max: 12.0, Diff: 0.2, Sum: 23.8]
      [GC Worker End (ms): Min: 16991.2, Avg: 16991.3, Max: 16991.3, Diff: 0.2]
   [Code Root Fixup: 0.0 ms]
   [Code Root Migration: 0.0 ms]
   [Clear CT: 0.1 ms]
   [Other: 0.5 ms]
      [Choose CSet: 0.0 ms]
      [Ref Proc: 0.1 ms]
      [Ref Enq: 0.0 ms]
      [Free CSet: 0.2 ms]
   [Eden: 147.0M(147.0M)->0.0B(129.0M) Survivors: 4096.0K->18.0M Heap: 214.6M(256.0M)->82.5M(256.0M)]
 [Times: user=0.03 sys=0.00, real=0.01 secs] 
2014-07-10T11:36:26.296+0200: 17.078: [GC pause (G1 Evacuation Pause) (young) 17.078: [G1Ergonomics (CSet Construction) start choosing CSet, _pending_cards: 512, predicted base time: 1.22 ms, remaining time: 198.78 ms, target pause time: 200.00 ms]
 17.078: [G1Ergonomics (CSet Construction) add young regions to CSet, eden: 129 regions, survivors: 18 regions, predicted young region time: 82.70 ms]
 17.078: [G1Ergonomics (CSet Construction) finish choosing CSet, eden: 129 regions, survivors: 18 regions, old: 0 regions, predicted pause time: 83.92 ms, target pause time: 200.00 ms]
, 0.0108279 secs]
   [Parallel Time: 10.1 ms, GC Workers: 2]
      [GC Worker Start (ms): Min: 17077.9, Avg: 17077.9, Max: 17077.9, Diff: 0.0]
      [Ext Root Scanning (ms): Min: 0.3, Avg: 0.3, Max: 0.3, Diff: 0.0, Sum: 0.7]
      [Update RS (ms): Min: 0.0, Avg: 0.0, Max: 0.1, Diff: 0.0, Sum: 0.1]
         [Processed Buffers: Min: 1, Avg: 1.5, Max: 2, Diff: 1, Sum: 3]
      [Scan RS (ms): Min: 0.2, Avg: 0.2, Max: 0.2, Diff: 0.0, Sum: 0.4]
      [Code Root Scanning (ms): Min: 0.1, Avg: 0.1, Max: 0.1, Diff: 0.0, Sum: 0.2]
      [Object Copy (ms): Min: 9.4, Avg: 9.4, Max: 9.4, Diff: 0.0, Sum: 18.7]
      [Termination (ms): Min: 0.0, Avg: 0.0, Max: 0.0, Diff: 0.0, Sum: 0.0]
      [GC Worker Other (ms): Min: 0.0, Avg: 0.0, Max: 0.0, Diff: 0.0, Sum: 0.1]
      [GC Worker Total (ms): Min: 10.1, Avg: 10.1, Max: 10.1, Diff: 0.0, Sum: 20.2]
      [GC Worker End (ms): Min: 17088.0, Avg: 17088.0, Max: 17088.0, Diff: 0.0]
   [Code Root Fixup: 0.0 ms]
   [Code Root Migration: 0.1 ms]
   [Clear CT: 0.2 ms]
   [Other: 0.5 ms]
      [Choose CSet: 0.0 ms]
      [Ref Proc: 0.1 ms]
      [Ref Enq: 0.0 ms]
      [Free CSet: 0.2 ms]
   [Eden: 129.0M(129.0M)->0.0B(134.0M) Survivors: 18.0M->15.0M Heap: 211.5M(256.0M)->79.4M(256.0M)]
 [Times: user=0.02 sys=0.00, real=0.01 secs] 
2014-07-10T11:36:26.450+0200: 17.233: [GC pause (G1 Evacuation Pause) (young) 17.233: [G1Ergonomics (CSet Construction) start choosing CSet, _pending_cards: 512, predicted base time: 1.16 ms, remaining time: 198.84 ms, target pause time: 200.00 ms]
 17.233: [G1Ergonomics (CSet Construction) add young regions to CSet, eden: 134 regions, survivors: 15 regions, predicted young region time: 62.60 ms]
 17.233: [G1Ergonomics (CSet Construction) finish choosing CSet, eden: 134 regions, survivors: 15 regions, old: 0 regions, predicted pause time: 63.76 ms, target pause time: 200.00 ms]
, 0.0125947 secs]
   [Parallel Time: 11.9 ms, GC Workers: 2]
      [GC Worker Start (ms): Min: 17232.6, Avg: 17232.6, Max: 17232.6, Diff: 0.0]
      [Ext Root Scanning (ms): Min: 0.3, Avg: 0.3, Max: 0.3, Diff: 0.0, Sum: 0.7]
      [Update RS (ms): Min: 0.0, Avg: 0.0, Max: 0.1, Diff: 0.0, Sum: 0.1]
         [Processed Buffers: Min: 1, Avg: 1.5, Max: 2, Diff: 1, Sum: 3]
      [Scan RS (ms): Min: 0.3, Avg: 0.4, Max: 0.5, Diff: 0.2, Sum: 0.8]
      [Code Root Scanning (ms): Min: 0.1, Avg: 0.2, Max: 0.3, Diff: 0.2, Sum: 0.4]
      [Object Copy (ms): Min: 10.8, Avg: 10.8, Max: 10.9, Diff: 0.0, Sum: 21.7]
      [Termination (ms): Min: 0.0, Avg: 0.0, Max: 0.0, Diff: 0.0, Sum: 0.0]
      [GC Worker Other (ms): Min: 0.0, Avg: 0.0, Max: 0.0, Diff: 0.0, Sum: 0.1]
      [GC Worker Total (ms): Min: 11.8, Avg: 11.8, Max: 11.8, Diff: 0.0, Sum: 23.7]
      [GC Worker End (ms): Min: 17244.5, Avg: 17244.5, Max: 17244.5, Diff: 0.0]
   [Code Root Fixup: 0.0 ms]
   [Code Root Migration: 0.1 ms]
   [Clear CT: 0.1 ms]
   [Other: 0.5 ms]
      [Choose CSet: 0.1 ms]
      [Ref Proc: 0.1 ms]
      [Ref Enq: 0.0 ms]
      [Free CSet: 0.2 ms]
   [Eden: 134.0M(134.0M)->0.0B(131.0M) Survivors: 15.0M->17.0M Heap: 213.4M(256.0M)->81.3M(256.0M)]
 [Times: user=0.03 sys=0.00, real=0.01 secs] 
2014-07-10T11:36:26.592+0200: 17.374: [GC pause (G1 Evacuation Pause) (young) 17.374: [G1Ergonomics (CSet Construction) start choosing CSet, _pending_cards: 514, predicted base time: 1.13 ms, remaining time: 198.87 ms, target pause time: 200.00 ms]
 17.374: [G1Ergonomics (CSet Construction) add young regions to CSet, eden: 131 regions, survivors: 17 regions, predicted young region time: 83.96 ms]
 17.374: [G1Ergonomics (CSet Construction) finish choosing CSet, eden: 131 regions, survivors: 17 regions, old: 0 regions, predicted pause time: 85.09 ms, target pause time: 200.00 ms]
, 0.0053784 secs]
   [Parallel Time: 4.1 ms, GC Workers: 2]
      [GC Worker Start (ms): Min: 17374.2, Avg: 17374.2, Max: 17374.2, Diff: 0.0]
      [Ext Root Scanning (ms): Min: 0.5, Avg: 0.5, Max: 0.5, Diff: 0.0, Sum: 1.0]
      [Update RS (ms): Min: 0.1, Avg: 0.1, Max: 0.1, Diff: 0.0, Sum: 0.1]
         [Processed Buffers: Min: 2, Avg: 2.0, Max: 2, Diff: 0, Sum: 4]
      [Scan RS (ms): Min: 0.4, Avg: 0.5, Max: 0.5, Diff: 0.1, Sum: 0.9]
      [Code Root Scanning (ms): Min: 0.1, Avg: 0.1, Max: 0.2, Diff: 0.1, Sum: 0.3]
      [Object Copy (ms): Min: 2.8, Avg: 2.8, Max: 2.8, Diff: 0.0, Sum: 5.6]
      [Termination (ms): Min: 0.0, Avg: 0.0, Max: 0.0, Diff: 0.0, Sum: 0.0]
      [GC Worker Other (ms): Min: 0.0, Avg: 0.0, Max: 0.0, Diff: 0.0, Sum: 0.1]
      [GC Worker Total (ms): Min: 4.0, Avg: 4.0, Max: 4.1, Diff: 0.0, Sum: 8.1]
      [GC Worker End (ms): Min: 17378.2, Avg: 17378.2, Max: 17378.2, Diff: 0.0]
   [Code Root Fixup: 0.0 ms]
   [Code Root Migration: 0.1 ms]
   [Clear CT: 0.3 ms]
   [Other: 0.9 ms]
      [Choose CSet: 0.1 ms]
      [Ref Proc: 0.1 ms]
      [Ref Enq: 0.0 ms]
      [Free CSet: 0.5 ms]
   [Eden: 131.0M(131.0M)->0.0B(147.0M) Survivors: 17.0M->4096.0K Heap: 212.3M(256.0M)->68.1M(256.0M)]
 [Times: user=0.02 sys=0.00, real=0.01 secs] 
2014-07-10T11:36:26.698+0200: 17.480: [GC pause (G1 Evacuation Pause) (young) 17.480: [G1Ergonomics (CSet Construction) start choosing CSet, _pending_cards: 513, predicted base time: 1.26 ms, remaining time: 198.74 ms, target pause time: 200.00 ms]
 17.480: [G1Ergonomics (CSet Construction) add young regions to CSet, eden: 147 regions, survivors: 4 regions, predicted young region time: 35.25 ms]
 17.480: [G1Ergonomics (CSet Construction) finish choosing CSet, eden: 147 regions, survivors: 4 regions, old: 0 regions, predicted pause time: 36.51 ms, target pause time: 200.00 ms]
, 0.0130874 secs]
   [Parallel Time: 12.4 ms, GC Workers: 2]
      [GC Worker Start (ms): Min: 17479.7, Avg: 17479.7, Max: 17479.7, Diff: 0.0]
      [Ext Root Scanning (ms): Min: 0.3, Avg: 0.3, Max: 0.3, Diff: 0.0, Sum: 0.7]
      [Update RS (ms): Min: 0.0, Avg: 0.0, Max: 0.1, Diff: 0.0, Sum: 0.1]
         [Processed Buffers: Min: 1, Avg: 2.0, Max: 3, Diff: 2, Sum: 4]
      [Scan RS (ms): Min: 0.2, Avg: 0.2, Max: 0.2, Diff: 0.0, Sum: 0.5]
      [Code Root Scanning (ms): Min: 0.1, Avg: 0.1, Max: 0.1, Diff: 0.0, Sum: 0.2]
      [Object Copy (ms): Min: 11.6, Avg: 11.6, Max: 11.7, Diff: 0.0, Sum: 23.3]
      [Termination (ms): Min: 0.0, Avg: 0.0, Max: 0.0, Diff: 0.0, Sum: 0.0]
      [GC Worker Other (ms): Min: 0.0, Avg: 0.0, Max: 0.0, Diff: 0.0, Sum: 0.1]
      [GC Worker Total (ms): Min: 12.4, Avg: 12.4, Max: 12.4, Diff: 0.0, Sum: 24.8]
      [GC Worker End (ms): Min: 17492.1, Avg: 17492.1, Max: 17492.1, Diff: 0.0]
   [Code Root Fixup: 0.0 ms]
   [Code Root Migration: 0.0 ms]
   [Clear CT: 0.2 ms]
   [Other: 0.4 ms]
      [Choose CSet: 0.0 ms]
      [Ref Proc: 0.1 ms]
      [Ref Enq: 0.0 ms]
      [Free CSet: 0.2 ms]
   [Eden: 147.0M(147.0M)->0.0B(127.0M) Survivors: 4096.0K->19.0M Heap: 215.1M(256.0M)->83.0M(256.0M)]
 [Times: user=0.03 sys=0.00, real=0.01 secs] 
2014-07-10T11:36:26.844+0200: 17.625: [GC pause (G1 Evacuation Pause) (young) 17.625: [G1Ergonomics (CSet Construction) start choosing CSet, _pending_cards: 512, predicted base time: 1.18 ms, remaining time: 198.82 ms, target pause time: 200.00 ms]
 17.625: [G1Ergonomics (CSet Construction) add young regions to CSet, eden: 127 regions, survivors: 19 regions, predicted young region time: 87.81 ms]
 17.625: [G1Ergonomics (CSet Construction) finish choosing CSet, eden: 127 regions, survivors: 19 regions, old: 0 regions, predicted pause time: 88.99 ms, target pause time: 200.00 ms]
, 0.0105233 secs]
   [Parallel Time: 9.7 ms, GC Workers: 2]
      [GC Worker Start (ms): Min: 17625.5, Avg: 17625.5, Max: 17625.5, Diff: 0.0]
      [Ext Root Scanning (ms): Min: 0.4, Avg: 0.4, Max: 0.4, Diff: 0.0, Sum: 0.8]
      [Update RS (ms): Min: 0.0, Avg: 0.1, Max: 0.1, Diff: 0.0, Sum: 0.1]
         [Processed Buffers: Min: 1, Avg: 1.5, Max: 2, Diff: 1, Sum: 3]
      [Scan RS (ms): Min: 0.2, Avg: 0.2, Max: 0.3, Diff: 0.0, Sum: 0.5]
      [Code Root Scanning (ms): Min: 0.1, Avg: 0.1, Max: 0.1, Diff: 0.0, Sum: 0.2]
      [Object Copy (ms): Min: 8.8, Avg: 8.8, Max: 8.8, Diff: 0.0, Sum: 17.6]
      [Termination (ms): Min: 0.0, Avg: 0.0, Max: 0.0, Diff: 0.0, Sum: 0.0]
      [GC Worker Other (ms): Min: 0.0, Avg: 0.1, Max: 0.1, Diff: 0.0, Sum: 0.1]
      [GC Worker Total (ms): Min: 9.6, Avg: 9.7, Max: 9.7, Diff: 0.0, Sum: 19.3]
      [GC Worker End (ms): Min: 17635.1, Avg: 17635.1, Max: 17635.1, Diff: 0.0]
   [Code Root Fixup: 0.0 ms]
   [Code Root Migration: 0.1 ms]
   [Clear CT: 0.1 ms]
   [Other: 0.6 ms]
      [Choose CSet: 0.0 ms]
      [Ref Proc: 0.1 ms]
      [Ref Enq: 0.0 ms]
      [Free CSet: 0.3 ms]
   [Eden: 127.0M(127.0M)->0.0B(135.0M) Survivors: 19.0M->14.0M Heap: 210.0M(256.0M)->77.9M(256.0M)]
 [Times: user=0.03 sys=0.00, real=0.01 secs] 
2014-07-10T11:36:26.995+0200: 17.776: [GC pause (G1 Evacuation Pause) (young) 17.776: [G1Ergonomics (CSet Construction) start choosing CSet, _pending_cards: 512, predicted base time: 1.15 ms, remaining time: 198.85 ms, target pause time: 200.00 ms]
 17.776: [G1Ergonomics (CSet Construction) add young regions to CSet, eden: 135 regions, survivors: 14 regions, predicted young region time: 16.71 ms]
 17.776: [G1Ergonomics (CSet Construction) finish choosing CSet, eden: 135 regions, survivors: 14 regions, old: 0 regions, predicted pause time: 17.86 ms, target pause time: 200.00 ms]
, 0.0111366 secs]
   [Parallel Time: 10.1 ms, GC Workers: 2]
      [GC Worker Start (ms): Min: 17776.2, Avg: 17776.2, Max: 17776.2, Diff: 0.0]
      [Ext Root Scanning (ms): Min: 0.6, Avg: 0.6, Max: 0.6, Diff: 0.0, Sum: 1.3]
      [Update RS (ms): Min: 0.1, Avg: 0.1, Max: 0.1, Diff: 0.0, Sum: 0.2]
         [Processed Buffers: Min: 1, Avg: 1.5, Max: 2, Diff: 1, Sum: 3]
      [Scan RS (ms): Min: 0.4, Avg: 0.4, Max: 0.4, Diff: 0.0, Sum: 0.8]
      [Code Root Scanning (ms): Min: 0.1, Avg: 0.1, Max: 0.1, Diff: 0.0, Sum: 0.3]
      [Object Copy (ms): Min: 8.6, Avg: 8.6, Max: 8.6, Diff: 0.0, Sum: 17.2]
      [Termination (ms): Min: 0.0, Avg: 0.0, Max: 0.0, Diff: 0.0, Sum: 0.0]
      [GC Worker Other (ms): Min: 0.0, Avg: 0.0, Max: 0.0, Diff: 0.0, Sum: 0.1]
      [GC Worker Total (ms): Min: 9.9, Avg: 9.9, Max: 9.9, Diff: 0.0, Sum: 19.8]
      [GC Worker End (ms): Min: 17786.1, Avg: 17786.1, Max: 17786.1, Diff: 0.0]
   [Code Root Fixup: 0.0 ms]
   [Code Root Migration: 0.1 ms]
   [Clear CT: 0.2 ms]
   [Other: 0.7 ms]
      [Choose CSet: 0.1 ms]
      [Ref Proc: 0.2 ms]
      [Ref Enq: 0.0 ms]
      [Free CSet: 0.3 ms]
   [Eden: 135.0M(135.0M)->0.0B(141.0M) Survivors: 14.0M->9216.0K Heap: 212.9M(256.0M)->72.7M(256.0M)]
 [Times: user=0.03 sys=0.00, real=0.01 secs] 
2014-07-10T11:36:27.097+0200: 17.878: [GC pause (G1 Evacuation Pause) (young) 17.878: [G1Ergonomics (CSet Construction) start choosing CSet, _pending_cards: 512, predicted base time: 1.39 ms, remaining time: 198.61 ms, target pause time: 200.00 ms]
 17.878: [G1Ergonomics (CSet Construction) add young regions to CSet, eden: 141 regions, survivors: 9 regions, predicted young region time: 119.29 ms]
 17.878: [G1Ergonomics (CSet Construction) finish choosing CSet, eden: 141 regions, survivors: 9 regions, old: 0 regions, predicted pause time: 120.68 ms, target pause time: 200.00 ms]
, 0.0117031 secs]
   [Parallel Time: 11.1 ms, GC Workers: 2]
      [GC Worker Start (ms): Min: 17878.4, Avg: 17878.4, Max: 17878.4, Diff: 0.0]
      [Ext Root Scanning (ms): Min: 0.3, Avg: 0.3, Max: 0.3, Diff: 0.0, Sum: 0.6]
      [Update RS (ms): Min: 0.0, Avg: 0.0, Max: 0.0, Diff: 0.0, Sum: 0.1]
         [Processed Buffers: Min: 1, Avg: 1.5, Max: 2, Diff: 1, Sum: 3]
      [Scan RS (ms): Min: 0.2, Avg: 0.2, Max: 0.2, Diff: 0.0, Sum: 0.4]
      [Code Root Scanning (ms): Min: 0.1, Avg: 0.1, Max: 0.1, Diff: 0.0, Sum: 0.2]
      [Object Copy (ms): Min: 10.3, Avg: 10.3, Max: 10.3, Diff: 0.0, Sum: 20.7]
      [Termination (ms): Min: 0.0, Avg: 0.0, Max: 0.0, Diff: 0.0, Sum: 0.0]
      [GC Worker Other (ms): Min: 0.0, Avg: 0.0, Max: 0.0, Diff: 0.0, Sum: 0.1]
      [GC Worker Total (ms): Min: 11.1, Avg: 11.1, Max: 11.1, Diff: 0.0, Sum: 22.1]
      [GC Worker End (ms): Min: 17889.4, Avg: 17889.4, Max: 17889.4, Diff: 0.0]
   [Code Root Fixup: 0.0 ms]
   [Code Root Migration: 0.0 ms]
   [Clear CT: 0.1 ms]
   [Other: 0.4 ms]
      [Choose CSet: 0.0 ms]
      [Ref Proc: 0.1 ms]
      [Ref Enq: 0.0 ms]
      [Free CSet: 0.2 ms]
   [Eden: 141.0M(141.0M)->0.0B(131.0M) Survivors: 9216.0K->17.0M Heap: 213.7M(256.0M)->81.6M(256.0M)]
 [Times: user=0.03 sys=0.00, real=0.01 secs] 
2014-07-10T11:36:27.237+0200: 18.018: [GC pause (G1 Evacuation Pause) (young) 18.018: [G1Ergonomics (CSet Construction) start choosing CSet, _pending_cards: 512, predicted base time: 1.28 ms, remaining time: 198.72 ms, target pause time: 200.00 ms]
 18.018: [G1Ergonomics (CSet Construction) add young regions to CSet, eden: 131 regions, survivors: 17 regions, predicted young region time: 103.67 ms]
 18.018: [G1Ergonomics (CSet Construction) finish choosing CSet, eden: 131 regions, survivors: 17 regions, old: 0 regions, predicted pause time: 104.95 ms, target pause time: 200.00 ms]
, 0.0117350 secs]
   [Parallel Time: 10.9 ms, GC Workers: 2]
      [GC Worker Start (ms): Min: 18018.2, Avg: 18018.2, Max: 18018.2, Diff: 0.0]
      [Ext Root Scanning (ms): Min: 0.3, Avg: 0.3, Max: 0.3, Diff: 0.0, Sum: 0.6]
      [Update RS (ms): Min: 0.0, Avg: 0.0, Max: 0.0, Diff: 0.0, Sum: 0.1]
         [Processed Buffers: Min: 1, Avg: 1.5, Max: 2, Diff: 1, Sum: 3]
      [Scan RS (ms): Min: 0.2, Avg: 0.2, Max: 0.3, Diff: 0.0, Sum: 0.5]
      [Code Root Scanning (ms): Min: 0.1, Avg: 0.1, Max: 0.2, Diff: 0.0, Sum: 0.3]
      [Object Copy (ms): Min: 10.1, Avg: 10.1, Max: 10.1, Diff: 0.0, Sum: 20.3]
      [Termination (ms): Min: 0.0, Avg: 0.0, Max: 0.0, Diff: 0.0, Sum: 0.0]
      [GC Worker Other (ms): Min: 0.0, Avg: 0.0, Max: 0.0, Diff: 0.0, Sum: 0.1]
      [GC Worker Total (ms): Min: 10.9, Avg: 10.9, Max: 10.9, Diff: 0.0, Sum: 21.8]
      [GC Worker End (ms): Min: 18029.1, Avg: 18029.1, Max: 18029.1, Diff: 0.0]
   [Code Root Fixup: 0.0 ms]
   [Code Root Migration: 0.0 ms]
   [Clear CT: 0.1 ms]
   [Other: 0.6 ms]
      [Choose CSet: 0.0 ms]
      [Ref Proc: 0.1 ms]
      [Ref Enq: 0.0 ms]
      [Free CSet: 0.4 ms]
   [Eden: 131.0M(131.0M)->0.0B(133.0M) Survivors: 17.0M->16.0M Heap: 212.6M(256.0M)->80.5M(256.0M)]
 [Times: user=0.03 sys=0.00, real=0.01 secs] 
2014-07-10T11:36:27.400+0200: 18.181: [GC pause (G1 Evacuation Pause) (young) 18.181: [G1Ergonomics (CSet Construction) start choosing CSet, _pending_cards: 512, predicted base time: 1.19 ms, remaining time: 198.81 ms, target pause time: 200.00 ms]
 18.181: [G1Ergonomics (CSet Construction) add young regions to CSet, eden: 133 regions, survivors: 16 regions, predicted young region time: 83.80 ms]
 18.181: [G1Ergonomics (CSet Construction) finish choosing CSet, eden: 133 regions, survivors: 16 regions, old: 0 regions, predicted pause time: 84.98 ms, target pause time: 200.00 ms]
, 0.0127472 secs]
   [Parallel Time: 11.9 ms, GC Workers: 2]
      [GC Worker Start (ms): Min: 18181.2, Avg: 18181.2, Max: 18181.2, Diff: 0.0]
      [Ext Root Scanning (ms): Min: 0.4, Avg: 0.4, Max: 0.4, Diff: 0.0, Sum: 0.7]
      [Update RS (ms): Min: 0.0, Avg: 0.1, Max: 0.1, Diff: 0.0, Sum: 0.1]
         [Processed Buffers: Min: 1, Avg: 1.5, Max: 2, Diff: 1, Sum: 3]
      [Scan RS (ms): Min: 0.3, Avg: 0.3, Max: 0.3, Diff: 0.0, Sum: 0.5]
      [Code Root Scanning (ms): Min: 0.1, Avg: 0.1, Max: 0.1, Diff: 0.0, Sum: 0.2]
      [Object Copy (ms): Min: 11.1, Avg: 11.1, Max: 11.1, Diff: 0.0, Sum: 22.1]
      [Termination (ms): Min: 0.0, Avg: 0.0, Max: 0.0, Diff: 0.0, Sum: 0.0]
      [GC Worker Other (ms): Min: 0.0, Avg: 0.0, Max: 0.0, Diff: 0.0, Sum: 0.1]
      [GC Worker Total (ms): Min: 11.9, Avg: 11.9, Max: 11.9, Diff: 0.0, Sum: 23.8]
      [GC Worker End (ms): Min: 18193.1, Avg: 18193.1, Max: 18193.1, Diff: 0.0]
   [Code Root Fixup: 0.0 ms]
   [Code Root Migration: 0.1 ms]
   [Clear CT: 0.1 ms]
   [Other: 0.6 ms]
      [Choose CSet: 0.0 ms]
      [Ref Proc: 0.1 ms]
      [Ref Enq: 0.0 ms]
      [Free CSet: 0.3 ms]
   [Eden: 133.0M(133.0M)->0.0B(131.0M) Survivors: 16.0M->17.0M Heap: 213.5M(256.0M)->81.4M(256.0M)]
 [Times: user=0.03 sys=0.00, real=0.01 secs] 
2014-07-10T11:36:27.477+0200: 18.259: [GC pause (G1 Evacuation Pause) (young) 18.259: [G1Ergonomics (CSet Construction) start choosing CSet, _pending_cards: 258, predicted base time: 1.12 ms, remaining time: 198.88 ms, target pause time: 200.00 ms]
 18.259: [G1Ergonomics (CSet Construction) add young regions to CSet, eden: 131 regions, survivors: 17 regions, predicted young region time: 95.97 ms]
 18.259: [G1Ergonomics (CSet Construction) finish choosing CSet, eden: 131 regions, survivors: 17 regions, old: 0 regions, predicted pause time: 97.09 ms, target pause time: 200.00 ms]
, 0.0035372 secs]
   [Parallel Time: 2.9 ms, GC Workers: 2]
      [GC Worker Start (ms): Min: 18258.7, Avg: 18258.7, Max: 18258.7, Diff: 0.0]
      [Ext Root Scanning (ms): Min: 0.4, Avg: 0.4, Max: 0.4, Diff: 0.0, Sum: 0.8]
      [Update RS (ms): Min: 0.0, Avg: 0.0, Max: 0.0, Diff: 0.0, Sum: 0.1]
         [Processed Buffers: Min: 1, Avg: 1.5, Max: 2, Diff: 1, Sum: 3]
      [Scan RS (ms): Min: 0.2, Avg: 0.2, Max: 0.2, Diff: 0.0, Sum: 0.5]
      [Code Root Scanning (ms): Min: 0.1, Avg: 0.1, Max: 0.1, Diff: 0.0, Sum: 0.2]
      [Object Copy (ms): Min: 2.0, Avg: 2.0, Max: 2.0, Diff: 0.0, Sum: 4.1]
      [Termination (ms): Min: 0.0, Avg: 0.0, Max: 0.0, Diff: 0.0, Sum: 0.0]
      [GC Worker Other (ms): Min: 0.0, Avg: 0.0, Max: 0.0, Diff: 0.0, Sum: 0.1]
      [GC Worker Total (ms): Min: 2.9, Avg: 2.9, Max: 2.9, Diff: 0.0, Sum: 5.7]
      [GC Worker End (ms): Min: 18261.6, Avg: 18261.6, Max: 18261.6, Diff: 0.0]
   [Code Root Fixup: 0.0 ms]
   [Code Root Migration: 0.0 ms]
   [Clear CT: 0.1 ms]
   [Other: 0.5 ms]
      [Choose CSet: 0.0 ms]
      [Ref Proc: 0.1 ms]
      [Ref Enq: 0.0 ms]
      [Free CSet: 0.2 ms]
   [Eden: 131.0M(131.0M)->0.0B(147.0M) Survivors: 17.0M->4096.0K Heap: 212.4M(256.0M)->68.2M(256.0M)]
 [Times: user=0.00 sys=0.00, real=0.00 secs] 
2014-07-10T11:36:27.650+0200: 18.431: [GC pause (G1 Evacuation Pause) (young) 18.431: [G1Ergonomics (CSet Construction) start choosing CSet, _pending_cards: 514, predicted base time: 1.13 ms, remaining time: 198.87 ms, target pause time: 200.00 ms]
 18.431: [G1Ergonomics (CSet Construction) add young regions to CSet, eden: 147 regions, survivors: 4 regions, predicted young region time: 65.55 ms]
 18.431: [G1Ergonomics (CSet Construction) finish choosing CSet, eden: 147 regions, survivors: 4 regions, old: 0 regions, predicted pause time: 66.68 ms, target pause time: 200.00 ms]
, 0.0102761 secs]
   [Parallel Time: 9.4 ms, GC Workers: 2]
      [GC Worker Start (ms): Min: 18431.0, Avg: 18431.1, Max: 18431.1, Diff: 0.0]
      [Ext Root Scanning (ms): Min: 0.3, Avg: 0.3, Max: 0.3, Diff: 0.0, Sum: 0.6]
      [Update RS (ms): Min: 0.1, Avg: 0.1, Max: 0.1, Diff: 0.0, Sum: 0.1]
         [Processed Buffers: Min: 2, Avg: 2.0, Max: 2, Diff: 0, Sum: 4]
      [Scan RS (ms): Min: 0.3, Avg: 0.3, Max: 0.3, Diff: 0.0, Sum: 0.6]
      [Code Root Scanning (ms): Min: 0.1, Avg: 0.1, Max: 0.1, Diff: 0.0, Sum: 0.2]
      [Object Copy (ms): Min: 8.6, Avg: 8.6, Max: 8.6, Diff: 0.0, Sum: 17.2]
      [Termination (ms): Min: 0.0, Avg: 0.0, Max: 0.0, Diff: 0.0, Sum: 0.0]
      [GC Worker Other (ms): Min: 0.0, Avg: 0.0, Max: 0.0, Diff: 0.0, Sum: 0.1]
      [GC Worker Total (ms): Min: 9.4, Avg: 9.4, Max: 9.4, Diff: 0.0, Sum: 18.8]
      [GC Worker End (ms): Min: 18440.5, Avg: 18440.5, Max: 18440.5, Diff: 0.0]
   [Code Root Fixup: 0.0 ms]
   [Code Root Migration: 0.1 ms]
   [Clear CT: 0.3 ms]
   [Other: 0.5 ms]
      [Choose CSet: 0.0 ms]
      [Ref Proc: 0.1 ms]
      [Ref Enq: 0.0 ms]
      [Free CSet: 0.3 ms]
   [Eden: 147.0M(147.0M)->0.0B(136.0M) Survivors: 4096.0K->14.0M Heap: 215.2M(256.0M)->78.0M(256.0M)]
 [Times: user=0.03 sys=0.00, real=0.01 secs] 
2014-07-10T11:36:27.797+0200: 18.578: [GC pause (G1 Evacuation Pause) (young) 18.578: [G1Ergonomics (CSet Construction) start choosing CSet, _pending_cards: 512, predicted base time: 1.11 ms, remaining time: 198.89 ms, target pause time: 200.00 ms]
 18.578: [G1Ergonomics (CSet Construction) add young regions to CSet, eden: 136 regions, survivors: 14 regions, predicted young region time: 93.96 ms]
 18.578: [G1Ergonomics (CSet Construction) finish choosing CSet, eden: 136 regions, survivors: 14 regions, old: 0 regions, predicted pause time: 95.07 ms, target pause time: 200.00 ms]
, 0.0120711 secs]
   [Parallel Time: 11.3 ms, GC Workers: 2]
      [GC Worker Start (ms): Min: 18578.0, Avg: 18578.0, Max: 18578.1, Diff: 0.0]
      [Ext Root Scanning (ms): Min: 0.3, Avg: 0.3, Max: 0.3, Diff: 0.0, Sum: 0.6]
      [Update RS (ms): Min: 0.0, Avg: 0.0, Max: 0.1, Diff: 0.0, Sum: 0.1]
         [Processed Buffers: Min: 1, Avg: 1.5, Max: 2, Diff: 1, Sum: 3]
      [Scan RS (ms): Min: 0.2, Avg: 0.2, Max: 0.2, Diff: 0.0, Sum: 0.5]
      [Code Root Scanning (ms): Min: 0.1, Avg: 0.1, Max: 0.1, Diff: 0.0, Sum: 0.2]
      [Object Copy (ms): Min: 10.5, Avg: 10.5, Max: 10.5, Diff: 0.0, Sum: 21.0]
      [Termination (ms): Min: 0.0, Avg: 0.0, Max: 0.0, Diff: 0.0, Sum: 0.0]
      [GC Worker Other (ms): Min: 0.0, Avg: 0.0, Max: 0.0, Diff: 0.0, Sum: 0.1]
      [GC Worker Total (ms): Min: 11.3, Avg: 11.3, Max: 11.3, Diff: 0.0, Sum: 22.5]
      [GC Worker End (ms): Min: 18589.3, Avg: 18589.3, Max: 18589.3, Diff: 0.0]
   [Code Root Fixup: 0.0 ms]
   [Code Root Migration: 0.1 ms]
   [Clear CT: 0.1 ms]
   [Other: 0.6 ms]
      [Choose CSet: 0.0 ms]
      [Ref Proc: 0.2 ms]
      [Ref Enq: 0.0 ms]
      [Free CSet: 0.2 ms]
   [Eden: 136.0M(136.0M)->0.0B(129.0M) Survivors: 14.0M->18.0M Heap: 214.0M(256.0M)->81.9M(256.0M)]
 [Times: user=0.03 sys=0.00, real=0.01 secs] 
2014-07-10T11:36:27.895+0200: 18.677: [GC pause (G1 Evacuation Pause) (young) 18.677: [G1Ergonomics (CSet Construction) start choosing CSet, _pending_cards: 512, predicted base time: 1.10 ms, remaining time: 198.90 ms, target pause time: 200.00 ms]
 18.677: [G1Ergonomics (CSet Construction) add young regions to CSet, eden: 129 regions, survivors: 18 regions, predicted young region time: 19.56 ms]
 18.677: [G1Ergonomics (CSet Construction) finish choosing CSet, eden: 129 regions, survivors: 18 regions, old: 0 regions, predicted pause time: 20.65 ms, target pause time: 200.00 ms]
, 0.0102978 secs]
   [Parallel Time: 9.6 ms, GC Workers: 2]
      [GC Worker Start (ms): Min: 18676.7, Avg: 18676.7, Max: 18676.7, Diff: 0.0]
      [Ext Root Scanning (ms): Min: 0.3, Avg: 0.3, Max: 0.3, Diff: 0.0, Sum: 0.7]
      [Update RS (ms): Min: 0.0, Avg: 0.1, Max: 0.1, Diff: 0.0, Sum: 0.1]
         [Processed Buffers: Min: 1, Avg: 1.5, Max: 2, Diff: 1, Sum: 3]
      [Scan RS (ms): Min: 0.2, Avg: 0.2, Max: 0.2, Diff: 0.0, Sum: 0.5]
      [Code Root Scanning (ms): Min: 0.1, Avg: 0.1, Max: 0.1, Diff: 0.0, Sum: 0.2]
      [Object Copy (ms): Min: 8.8, Avg: 8.8, Max: 8.8, Diff: 0.0, Sum: 17.6]
      [Termination (ms): Min: 0.0, Avg: 0.0, Max: 0.0, Diff: 0.0, Sum: 0.0]
      [GC Worker Other (ms): Min: 0.0, Avg: 0.0, Max: 0.0, Diff: 0.0, Sum: 0.1]
      [GC Worker Total (ms): Min: 9.5, Avg: 9.5, Max: 9.6, Diff: 0.0, Sum: 19.1]
      [GC Worker End (ms): Min: 18686.3, Avg: 18686.3, Max: 18686.3, Diff: 0.0]
   [Code Root Fixup: 0.0 ms]
   [Code Root Migration: 0.0 ms]
   [Clear CT: 0.1 ms]
   [Other: 0.6 ms]
      [Choose CSet: 0.0 ms]
      [Ref Proc: 0.1 ms]
      [Ref Enq: 0.0 ms]
      [Free CSet: 0.3 ms]
   [Eden: 129.0M(129.0M)->0.0B(135.0M) Survivors: 18.0M->14.0M Heap: 210.9M(256.0M)->78.7M(256.0M)]
 [Times: user=0.00 sys=0.00, real=0.01 secs] 
2014-07-10T11:36:28.044+0200: 18.826: [GC pause (G1 Evacuation Pause) (young) 18.826: [G1Ergonomics (CSet Construction) start choosing CSet, _pending_cards: 257, predicted base time: 1.02 ms, remaining time: 198.98 ms, target pause time: 200.00 ms]
 18.826: [G1Ergonomics (CSet Construction) add young regions to CSet, eden: 135 regions, survivors: 14 regions, predicted young region time: 89.15 ms]
 18.826: [G1Ergonomics (CSet Construction) finish choosing CSet, eden: 135 regions, survivors: 14 regions, old: 0 regions, predicted pause time: 90.17 ms, target pause time: 200.00 ms]
, 0.0072475 secs]
   [Parallel Time: 6.6 ms, GC Workers: 2]
      [GC Worker Start (ms): Min: 18825.7, Avg: 18825.7, Max: 18825.7, Diff: 0.0]
      [Ext Root Scanning (ms): Min: 0.4, Avg: 0.4, Max: 0.4, Diff: 0.0, Sum: 0.8]
      [Update RS (ms): Min: 0.0, Avg: 0.0, Max: 0.0, Diff: 0.0, Sum: 0.1]
         [Processed Buffers: Min: 1, Avg: 1.5, Max: 2, Diff: 1, Sum: 3]
      [Scan RS (ms): Min: 0.2, Avg: 0.2, Max: 0.2, Diff: 0.0, Sum: 0.5]
      [Code Root Scanning (ms): Min: 0.1, Avg: 0.1, Max: 0.1, Diff: 0.0, Sum: 0.2]
      [Object Copy (ms): Min: 5.7, Avg: 5.7, Max: 5.7, Diff: 0.0, Sum: 11.4]
      [Termination (ms): Min: 0.0, Avg: 0.0, Max: 0.0, Diff: 0.0, Sum: 0.0]
      [GC Worker Other (ms): Min: 0.0, Avg: 0.0, Max: 0.0, Diff: 0.0, Sum: 0.1]
      [GC Worker Total (ms): Min: 6.5, Avg: 6.5, Max: 6.6, Diff: 0.0, Sum: 13.1]
      [GC Worker End (ms): Min: 18832.2, Avg: 18832.2, Max: 18832.2, Diff: 0.0]
   [Code Root Fixup: 0.0 ms]
   [Code Root Migration: 0.1 ms]
   [Clear CT: 0.1 ms]
   [Other: 0.5 ms]
      [Choose CSet: 0.0 ms]
      [Ref Proc: 0.1 ms]
      [Ref Enq: 0.0 ms]
      [Free CSet: 0.2 ms]
   [Eden: 135.0M(135.0M)->0.0B(142.0M) Survivors: 14.0M->9216.0K Heap: 213.7M(256.0M)->73.6M(256.0M)]
 [Times: user=0.03 sys=0.00, real=0.01 secs] 
2014-07-10T11:36:28.199+0200: 18.980: [GC pause (G1 Evacuation Pause) (young) 18.980: [G1Ergonomics (CSet Construction) start choosing CSet, _pending_cards: 512, predicted base time: 1.05 ms, remaining time: 198.95 ms, target pause time: 200.00 ms]
 18.980: [G1Ergonomics (CSet Construction) add young regions to CSet, eden: 142 regions, survivors: 9 regions, predicted young region time: 21.47 ms]
 18.980: [G1Ergonomics (CSet Construction) finish choosing CSet, eden: 142 regions, survivors: 9 regions, old: 0 regions, predicted pause time: 22.52 ms, target pause time: 200.00 ms]
, 0.0148901 secs]
   [Parallel Time: 13.5 ms, GC Workers: 2]
      [GC Worker Start (ms): Min: 18980.1, Avg: 18981.1, Max: 18982.2, Diff: 2.1]
      [Ext Root Scanning (ms): Min: 0.0, Avg: 0.2, Max: 0.4, Diff: 0.4, Sum: 0.4]
      [Update RS (ms): Min: 0.0, Avg: 0.0, Max: 0.1, Diff: 0.1, Sum: 0.1]
         [Processed Buffers: Min: 0, Avg: 1.5, Max: 3, Diff: 3, Sum: 3]
      [Scan RS (ms): Min: 0.0, Avg: 0.2, Max: 0.4, Diff: 0.4, Sum: 0.4]
      [Code Root Scanning (ms): Min: 0.0, Avg: 0.1, Max: 0.2, Diff: 0.2, Sum: 0.2]
      [Object Copy (ms): Min: 10.9, Avg: 11.4, Max: 12.0, Diff: 1.0, Sum: 22.9]
      [Termination (ms): Min: 0.0, Avg: 0.0, Max: 0.0, Diff: 0.0, Sum: 0.0]
      [GC Worker Other (ms): Min: 0.0, Avg: 0.0, Max: 0.0, Diff: 0.0, Sum: 0.1]
      [GC Worker Total (ms): Min: 11.0, Avg: 12.0, Max: 13.1, Diff: 2.1, Sum: 24.1]
      [GC Worker End (ms): Min: 18993.2, Avg: 18993.2, Max: 18993.2, Diff: 0.0]
   [Code Root Fixup: 0.0 ms]
   [Code Root Migration: 0.0 ms]
   [Clear CT: 0.2 ms]
   [Other: 1.1 ms]
      [Choose CSet: 0.0 ms]
      [Ref Proc: 0.6 ms]
      [Ref Enq: 0.0 ms]
      [Free CSet: 0.3 ms]
   [Eden: 142.0M(142.0M)->0.0B(127.0M) Survivors: 9216.0K->19.0M Heap: 215.6M(256.0M)->83.5M(256.0M)]
 [Times: user=0.03 sys=0.00, real=0.02 secs] 
2014-07-10T11:36:28.295+0200: 19.076: [GC pause (G1 Evacuation Pause) (young) 19.076: [G1Ergonomics (CSet Construction) start choosing CSet, _pending_cards: 256, predicted base time: 1.89 ms, remaining time: 198.11 ms, target pause time: 200.00 ms]
 19.076: [G1Ergonomics (CSet Construction) add young regions to CSet, eden: 127 regions, survivors: 19 regions, predicted young region time: 81.91 ms]
 19.076: [G1Ergonomics (CSet Construction) finish choosing CSet, eden: 127 regions, survivors: 19 regions, old: 0 regions, predicted pause time: 83.80 ms, target pause time: 200.00 ms]
, 0.0101823 secs]
   [Parallel Time: 9.5 ms, GC Workers: 2]
      [GC Worker Start (ms): Min: 19075.9, Avg: 19075.9, Max: 19075.9, Diff: 0.0]
      [Ext Root Scanning (ms): Min: 0.4, Avg: 0.4, Max: 0.4, Diff: 0.0, Sum: 0.8]
      [Update RS (ms): Min: 0.0, Avg: 0.0, Max: 0.1, Diff: 0.0, Sum: 0.1]
         [Processed Buffers: Min: 1, Avg: 1.0, Max: 1, Diff: 0, Sum: 2]
      [Scan RS (ms): Min: 0.2, Avg: 0.2, Max: 0.2, Diff: 0.0, Sum: 0.5]
      [Code Root Scanning (ms): Min: 0.1, Avg: 0.1, Max: 0.1, Diff: 0.0, Sum: 0.2]
      [Object Copy (ms): Min: 8.6, Avg: 8.6, Max: 8.6, Diff: 0.0, Sum: 17.2]
      [Termination (ms): Min: 0.0, Avg: 0.0, Max: 0.0, Diff: 0.0, Sum: 0.0]
      [GC Worker Other (ms): Min: 0.0, Avg: 0.0, Max: 0.0, Diff: 0.0, Sum: 0.1]
      [GC Worker Total (ms): Min: 9.4, Avg: 9.4, Max: 9.4, Diff: 0.0, Sum: 18.9]
      [GC Worker End (ms): Min: 19085.4, Avg: 19085.4, Max: 19085.4, Diff: 0.0]
   [Code Root Fixup: 0.0 ms]
   [Code Root Migration: 0.1 ms]
   [Clear CT: 0.1 ms]
   [Other: 0.6 ms]
      [Choose CSet: 0.0 ms]
      [Ref Proc: 0.2 ms]
      [Ref Enq: 0.0 ms]
      [Free CSet: 0.2 ms]
   [Eden: 127.0M(127.0M)->0.0B(135.0M) Survivors: 19.0M->14.0M Heap: 210.5M(256.0M)->78.4M(256.0M)]
 [Times: user=0.03 sys=0.00, real=0.01 secs] 
2014-07-10T11:36:28.442+0200: 19.223: [GC pause (G1 Evacuation Pause) (young) 19.223: [G1Ergonomics (CSet Construction) start choosing CSet, _pending_cards: 256, predicted base time: 1.70 ms, remaining time: 198.30 ms, target pause time: 200.00 ms]
 19.223: [G1Ergonomics (CSet Construction) add young regions to CSet, eden: 135 regions, survivors: 14 regions, predicted young region time: 86.45 ms]
 19.223: [G1Ergonomics (CSet Construction) finish choosing CSet, eden: 135 regions, survivors: 14 regions, old: 0 regions, predicted pause time: 88.15 ms, target pause time: 200.00 ms]
, 0.0121324 secs]
   [Parallel Time: 11.6 ms, GC Workers: 2]
      [GC Worker Start (ms): Min: 19223.5, Avg: 19223.5, Max: 19223.6, Diff: 0.0]
      [Ext Root Scanning (ms): Min: 0.3, Avg: 0.3, Max: 0.3, Diff: 0.0, Sum: 0.6]
      [Update RS (ms): Min: 0.0, Avg: 0.0, Max: 0.1, Diff: 0.0, Sum: 0.1]
         [Processed Buffers: Min: 1, Avg: 1.0, Max: 1, Diff: 0, Sum: 2]
      [Scan RS (ms): Min: 0.2, Avg: 0.3, Max: 0.3, Diff: 0.0, Sum: 0.5]
      [Code Root Scanning (ms): Min: 0.1, Avg: 0.1, Max: 0.1, Diff: 0.0, Sum: 0.2]
      [Object Copy (ms): Min: 10.8, Avg: 10.8, Max: 10.8, Diff: 0.0, Sum: 21.6]
      [Termination (ms): Min: 0.0, Avg: 0.0, Max: 0.0, Diff: 0.0, Sum: 0.0]
      [GC Worker Other (ms): Min: 0.0, Avg: 0.0, Max: 0.0, Diff: 0.0, Sum: 0.1]
      [GC Worker Total (ms): Min: 11.6, Avg: 11.6, Max: 11.6, Diff: 0.0, Sum: 23.1]
      [GC Worker End (ms): Min: 19235.1, Avg: 19235.1, Max: 19235.1, Diff: 0.0]
   [Code Root Fixup: 0.0 ms]
   [Code Root Migration: 0.0 ms]
   [Clear CT: 0.1 ms]
   [Other: 0.4 ms]
      [Choose CSet: 0.0 ms]
      [Ref Proc: 0.0 ms]
      [Ref Enq: 0.0 ms]
      [Free CSet: 0.2 ms]
   [Eden: 135.0M(135.0M)->0.0B(131.0M) Survivors: 14.0M->17.0M Heap: 213.4M(256.0M)->81.3M(256.0M)]
 [Times: user=0.00 sys=0.02, real=0.01 secs] 
2014-07-10T11:36:28.592+0200: 19.373: [GC pause (G1 Evacuation Pause) (young) 19.373: [G1Ergonomics (CSet Construction) start choosing CSet, _pending_cards: 258, predicted base time: 1.50 ms, remaining time: 198.50 ms, target pause time: 200.00 ms]
 19.373: [G1Ergonomics (CSet Construction) add young regions to CSet, eden: 131 regions, survivors: 17 regions, predicted young region time: 77.49 ms]
 19.373: [G1Ergonomics (CSet Construction) finish choosing CSet, eden: 131 regions, survivors: 17 regions, old: 0 regions, predicted pause time: 78.98 ms, target pause time: 200.00 ms]
, 0.0051104 secs]
   [Parallel Time: 3.7 ms, GC Workers: 2]
      [GC Worker Start (ms): Min: 19373.0, Avg: 19373.0, Max: 19373.0, Diff: 0.0]
      [Ext Root Scanning (ms): Min: 0.5, Avg: 0.5, Max: 0.5, Diff: 0.0, Sum: 1.0]
      [Update RS (ms): Min: 0.1, Avg: 0.1, Max: 0.1, Diff: 0.0, Sum: 0.1]
         [Processed Buffers: Min: 1, Avg: 1.5, Max: 2, Diff: 1, Sum: 3]
      [Scan RS (ms): Min: 0.4, Avg: 0.4, Max: 0.4, Diff: 0.0, Sum: 0.8]
      [Code Root Scanning (ms): Min: 0.1, Avg: 0.1, Max: 0.2, Diff: 0.0, Sum: 0.3]
      [Object Copy (ms): Min: 2.2, Avg: 2.2, Max: 2.2, Diff: 0.0, Sum: 4.4]
      [Termination (ms): Min: 0.0, Avg: 0.0, Max: 0.0, Diff: 0.0, Sum: 0.0]
      [GC Worker Other (ms): Min: 0.3, Avg: 0.3, Max: 0.3, Diff: 0.0, Sum: 0.6]
      [GC Worker Total (ms): Min: 3.6, Avg: 3.6, Max: 3.6, Diff: 0.0, Sum: 7.2]
      [GC Worker End (ms): Min: 19376.6, Avg: 19376.6, Max: 19376.6, Diff: 0.0]
   [Code Root Fixup: 0.0 ms]
   [Code Root Migration: 0.1 ms]
   [Clear CT: 0.2 ms]
   [Other: 1.1 ms]
      [Choose CSet: 0.1 ms]
      [Ref Proc: 0.2 ms]
      [Ref Enq: 0.0 ms]
      [Free CSet: 0.6 ms]
   [Eden: 131.0M(131.0M)->0.0B(147.0M) Survivors: 17.0M->4096.0K Heap: 212.3M(256.0M)->68.0M(256.0M)]
 [Times: user=0.02 sys=0.00, real=0.00 secs] 
2014-07-10T11:36:28.699+0200: 19.480: [GC pause (G1 Evacuation Pause) (young) 19.480: [G1Ergonomics (CSet Construction) start choosing CSet, _pending_cards: 513, predicted base time: 1.67 ms, remaining time: 198.33 ms, target pause time: 200.00 ms]
 19.480: [G1Ergonomics (CSet Construction) add young regions to CSet, eden: 147 regions, survivors: 4 regions, predicted young region time: 97.78 ms]
 19.480: [G1Ergonomics (CSet Construction) finish choosing CSet, eden: 147 regions, survivors: 4 regions, old: 0 regions, predicted pause time: 99.45 ms, target pause time: 200.00 ms]
, 0.0121925 secs]
   [Parallel Time: 11.6 ms, GC Workers: 2]
      [GC Worker Start (ms): Min: 19480.1, Avg: 19480.1, Max: 19480.1, Diff: 0.0]
      [Ext Root Scanning (ms): Min: 0.3, Avg: 0.3, Max: 0.3, Diff: 0.0, Sum: 0.6]
      [Update RS (ms): Min: 0.0, Avg: 0.0, Max: 0.0, Diff: 0.0, Sum: 0.1]
         [Processed Buffers: Min: 1, Avg: 2.0, Max: 3, Diff: 2, Sum: 4]
      [Scan RS (ms): Min: 0.2, Avg: 0.2, Max: 0.2, Diff: 0.0, Sum: 0.5]
      [Code Root Scanning (ms): Min: 0.1, Avg: 0.1, Max: 0.1, Diff: 0.0, Sum: 0.2]
      [Object Copy (ms): Min: 10.8, Avg: 10.8, Max: 10.9, Diff: 0.0, Sum: 21.7]
      [Termination (ms): Min: 0.0, Avg: 0.0, Max: 0.0, Diff: 0.0, Sum: 0.0]
      [GC Worker Other (ms): Min: 0.0, Avg: 0.0, Max: 0.0, Diff: 0.0, Sum: 0.1]
      [GC Worker Total (ms): Min: 11.5, Avg: 11.5, Max: 11.5, Diff: 0.0, Sum: 23.1]
      [GC Worker End (ms): Min: 19491.6, Avg: 19491.6, Max: 19491.6, Diff: 0.0]
   [Code Root Fixup: 0.0 ms]
   [Code Root Migration: 0.0 ms]
   [Clear CT: 0.1 ms]
   [Other: 0.4 ms]
      [Choose CSet: 0.0 ms]
      [Ref Proc: 0.0 ms]
      [Ref Enq: 0.0 ms]
      [Free CSet: 0.2 ms]
   [Eden: 147.0M(147.0M)->0.0B(129.0M) Survivors: 4096.0K->18.0M Heap: 215.0M(256.0M)->82.9M(256.0M)]
 [Times: user=0.03 sys=0.00, real=0.01 secs] 
2014-07-10T11:36:28.844+0200: 19.625: [GC pause (G1 Evacuation Pause) (young) 19.625: [G1Ergonomics (CSet Construction) start choosing CSet, _pending_cards: 512, predicted base time: 1.47 ms, remaining time: 198.53 ms, target pause time: 200.00 ms]
 19.625: [G1Ergonomics (CSet Construction) add young regions to CSet, eden: 129 regions, survivors: 18 regions, predicted young region time: 62.36 ms]
 19.625: [G1Ergonomics (CSet Construction) finish choosing CSet, eden: 129 regions, survivors: 18 regions, old: 0 regions, predicted pause time: 63.83 ms, target pause time: 200.00 ms]
, 0.0108279 secs]
   [Parallel Time: 10.2 ms, GC Workers: 2]
      [GC Worker Start (ms): Min: 19625.2, Avg: 19625.3, Max: 19625.3, Diff: 0.0]
      [Ext Root Scanning (ms): Min: 0.3, Avg: 0.4, Max: 0.4, Diff: 0.0, Sum: 0.7]
      [Update RS (ms): Min: 0.0, Avg: 0.0, Max: 0.0, Diff: 0.0, Sum: 0.1]
         [Processed Buffers: Min: 1, Avg: 1.5, Max: 2, Diff: 1, Sum: 3]
      [Scan RS (ms): Min: 0.2, Avg: 0.2, Max: 0.2, Diff: 0.0, Sum: 0.5]
      [Code Root Scanning (ms): Min: 0.1, Avg: 0.1, Max: 0.1, Diff: 0.0, Sum: 0.2]
      [Object Copy (ms): Min: 9.4, Avg: 9.4, Max: 9.4, Diff: 0.0, Sum: 18.8]
      [Termination (ms): Min: 0.0, Avg: 0.0, Max: 0.0, Diff: 0.0, Sum: 0.0]
      [GC Worker Other (ms): Min: 0.0, Avg: 0.0, Max: 0.0, Diff: 0.0, Sum: 0.1]
      [GC Worker Total (ms): Min: 10.2, Avg: 10.2, Max: 10.2, Diff: 0.0, Sum: 20.4]
      [GC Worker End (ms): Min: 19635.5, Avg: 19635.5, Max: 19635.5, Diff: 0.0]
   [Code Root Fixup: 0.0 ms]
   [Code Root Migration: 0.0 ms]
   [Clear CT: 0.1 ms]
   [Other: 0.4 ms]
      [Choose CSet: 0.0 ms]
      [Ref Proc: 0.0 ms]
      [Ref Enq: 0.0 ms]
      [Free CSet: 0.2 ms]
   [Eden: 129.0M(129.0M)->0.0B(134.0M) Survivors: 18.0M->15.0M Heap: 211.9M(256.0M)->79.8M(256.0M)]
 [Times: user=0.00 sys=0.03, real=0.01 secs] 
2014-07-10T11:36:28.992+0200: 19.773: [GC pause (G1 Evacuation Pause) (young) 19.773: [G1Ergonomics (CSet Construction) start choosing CSet, _pending_cards: 514, predicted base time: 1.35 ms, remaining time: 198.65 ms, target pause time: 200.00 ms]
 19.773: [G1Ergonomics (CSet Construction) add young regions to CSet, eden: 134 regions, survivors: 15 regions, predicted young region time: 86.25 ms]
 19.773: [G1Ergonomics (CSet Construction) finish choosing CSet, eden: 134 regions, survivors: 15 regions, old: 0 regions, predicted pause time: 87.60 ms, target pause time: 200.00 ms]
, 0.0072211 secs]
   [Parallel Time: 5.8 ms, GC Workers: 2]
      [GC Worker Start (ms): Min: 19773.6, Avg: 19773.6, Max: 19773.6, Diff: 0.0]
      [Ext Root Scanning (ms): Min: 0.5, Avg: 0.5, Max: 0.5, Diff: 0.0, Sum: 1.0]
      [Update RS (ms): Min: 0.1, Avg: 0.1, Max: 0.1, Diff: 0.0, Sum: 0.2]
         [Processed Buffers: Min: 2, Avg: 2.0, Max: 2, Diff: 0, Sum: 4]
      [Scan RS (ms): Min: 0.4, Avg: 0.4, Max: 0.4, Diff: 0.0, Sum: 0.7]
      [Code Root Scanning (ms): Min: 0.1, Avg: 0.1, Max: 0.2, Diff: 0.0, Sum: 0.3]
      [Object Copy (ms): Min: 4.6, Avg: 4.6, Max: 4.7, Diff: 0.0, Sum: 9.3]
      [Termination (ms): Min: 0.0, Avg: 0.0, Max: 0.0, Diff: 0.0, Sum: 0.0]
      [GC Worker Other (ms): Min: 0.1, Avg: 0.1, Max: 0.1, Diff: 0.0, Sum: 0.1]
      [GC Worker Total (ms): Min: 5.8, Avg: 5.8, Max: 5.8, Diff: 0.0, Sum: 11.6]
      [GC Worker End (ms): Min: 19779.4, Avg: 19779.4, Max: 19779.4, Diff: 0.0]
   [Code Root Fixup: 0.0 ms]
   [Code Root Migration: 0.1 ms]
   [Clear CT: 0.3 ms]
   [Other: 1.0 ms]
      [Choose CSet: 0.1 ms]
      [Ref Proc: 0.1 ms]
      [Ref Enq: 0.0 ms]
      [Free CSet: 0.6 ms]
   [Eden: 134.0M(134.0M)->0.0B(146.0M) Survivors: 15.0M->5120.0K Heap: 213.8M(256.0M)->69.6M(256.0M)]
 [Times: user=0.00 sys=0.00, real=0.01 secs] 
2014-07-10T11:36:29.100+0200: 19.881: [GC pause (G1 Evacuation Pause) (young) 19.881: [G1Ergonomics (CSet Construction) start choosing CSet, _pending_cards: 512, predicted base time: 1.41 ms, remaining time: 198.59 ms, target pause time: 200.00 ms]
 19.881: [G1Ergonomics (CSet Construction) add young regions to CSet, eden: 146 regions, survivors: 5 regions, predicted young region time: 26.07 ms]
 19.881: [G1Ergonomics (CSet Construction) finish choosing CSet, eden: 146 regions, survivors: 5 regions, old: 0 regions, predicted pause time: 27.48 ms, target pause time: 200.00 ms]
, 0.0123058 secs]
   [Parallel Time: 11.6 ms, GC Workers: 2]
      [GC Worker Start (ms): Min: 19881.3, Avg: 19881.3, Max: 19881.3, Diff: 0.0]
      [Ext Root Scanning (ms): Min: 0.2, Avg: 0.2, Max: 0.2, Diff: 0.0, Sum: 0.5]
      [Update RS (ms): Min: 0.0, Avg: 0.0, Max: 0.0, Diff: 0.0, Sum: 0.1]
         [Processed Buffers: Min: 1, Avg: 1.5, Max: 2, Diff: 1, Sum: 3]
      [Scan RS (ms): Min: 0.2, Avg: 0.2, Max: 0.2, Diff: 0.0, Sum: 0.5]
      [Code Root Scanning (ms): Min: 0.1, Avg: 0.1, Max: 0.1, Diff: 0.0, Sum: 0.2]
      [Object Copy (ms): Min: 10.9, Avg: 10.9, Max: 10.9, Diff: 0.0, Sum: 21.8]
      [Termination (ms): Min: 0.0, Avg: 0.0, Max: 0.0, Diff: 0.0, Sum: 0.0]
      [GC Worker Other (ms): Min: 0.0, Avg: 0.0, Max: 0.0, Diff: 0.0, Sum: 0.0]
      [GC Worker Total (ms): Min: 11.5, Avg: 11.5, Max: 11.5, Diff: 0.0, Sum: 23.1]
      [GC Worker End (ms): Min: 19892.9, Avg: 19892.9, Max: 19892.9, Diff: 0.0]
   [Code Root Fixup: 0.0 ms]
   [Code Root Migration: 0.1 ms]
   [Clear CT: 0.1 ms]
   [Other: 0.6 ms]
      [Choose CSet: 0.0 ms]
      [Ref Proc: 0.1 ms]
      [Ref Enq: 0.0 ms]
      [Free CSet: 0.2 ms]
   [Eden: 146.0M(146.0M)->0.0B(127.0M) Survivors: 5120.0K->19.0M Heap: 215.6M(256.0M)->83.5M(256.0M)]
 [Times: user=0.03 sys=0.00, real=0.01 secs] 
2014-07-10T11:36:29.235+0200: 20.016: [GC pause (G1 Evacuation Pause) (young) 20.016: [G1Ergonomics (CSet Construction) start choosing CSet, _pending_cards: 512, predicted base time: 1.26 ms, remaining time: 198.74 ms, target pause time: 200.00 ms]
 20.016: [G1Ergonomics (CSet Construction) add young regions to CSet, eden: 127 regions, survivors: 19 regions, predicted young region time: 96.09 ms]
 20.016: [G1Ergonomics (CSet Construction) finish choosing CSet, eden: 127 regions, survivors: 19 regions, old: 0 regions, predicted pause time: 97.35 ms, target pause time: 200.00 ms]
, 0.0102974 secs]
   [Parallel Time: 9.7 ms, GC Workers: 2]
      [GC Worker Start (ms): Min: 20016.0, Avg: 20019.2, Max: 20022.3, Diff: 6.2]
      [Ext Root Scanning (ms): Min: 0.0, Avg: 0.2, Max: 0.4, Diff: 0.3, Sum: 0.4]
      [Update RS (ms): Min: 0.0, Avg: 0.0, Max: 0.0, Diff: 0.0, Sum: 0.1]
         [Processed Buffers: Min: 0, Avg: 1.5, Max: 3, Diff: 3, Sum: 3]
      [Scan RS (ms): Min: 0.0, Avg: 0.2, Max: 0.4, Diff: 0.3, Sum: 0.4]
      [Code Root Scanning (ms): Min: 0.0, Avg: 0.1, Max: 0.2, Diff: 0.2, Sum: 0.2]
      [Object Copy (ms): Min: 3.3, Avg: 6.0, Max: 8.7, Diff: 5.3, Sum: 12.0]
      [Termination (ms): Min: 0.0, Avg: 0.0, Max: 0.0, Diff: 0.0, Sum: 0.0]
      [GC Worker Other (ms): Min: 0.0, Avg: 0.1, Max: 0.1, Diff: 0.1, Sum: 0.1]
      [GC Worker Total (ms): Min: 3.5, Avg: 6.6, Max: 9.7, Diff: 6.2, Sum: 13.2]
      [GC Worker End (ms): Min: 20025.7, Avg: 20025.8, Max: 20025.8, Diff: 0.0]
   [Code Root Fixup: 0.0 ms]
   [Code Root Migration: 0.0 ms]
   [Clear CT: 0.1 ms]
   [Other: 0.4 ms]
      [Choose CSet: 0.0 ms]
      [Ref Proc: 0.0 ms]
      [Ref Enq: 0.0 ms]
      [Free CSet: 0.2 ms]
   [Eden: 127.0M(127.0M)->0.0B(134.0M) Survivors: 19.0M->14.0M Heap: 210.5M(256.0M)->78.3M(256.0M)]
 [Times: user=0.00 sys=0.00, real=0.01 secs] 
2014-07-10T11:36:29.398+0200: 20.179: [GC pause (G1 Evacuation Pause) (young) 20.179: [G1Ergonomics (CSet Construction) start choosing CSet, _pending_cards: 256, predicted base time: 2.42 ms, remaining time: 197.58 ms, target pause time: 200.00 ms]
 20.179: [G1Ergonomics (CSet Construction) add young regions to CSet, eden: 134 regions, survivors: 14 regions, predicted young region time: 21.46 ms]
 20.179: [G1Ergonomics (CSet Construction) finish choosing CSet, eden: 134 regions, survivors: 14 regions, old: 0 regions, predicted pause time: 23.88 ms, target pause time: 200.00 ms]
, 0.0108213 secs]
   [Parallel Time: 10.1 ms, GC Workers: 2]
      [GC Worker Start (ms): Min: 20178.9, Avg: 20178.9, Max: 20178.9, Diff: 0.0]
      [Ext Root Scanning (ms): Min: 0.3, Avg: 0.3, Max: 0.3, Diff: 0.0, Sum: 0.6]
      [Update RS (ms): Min: 0.0, Avg: 0.0, Max: 0.1, Diff: 0.1, Sum: 0.1]
         [Processed Buffers: Min: 1, Avg: 1.0, Max: 1, Diff: 0, Sum: 2]
      [Scan RS (ms): Min: 0.2, Avg: 0.2, Max: 0.2, Diff: 0.0, Sum: 0.4]
      [Code Root Scanning (ms): Min: 0.1, Avg: 0.1, Max: 0.1, Diff: 0.0, Sum: 0.2]
      [Object Copy (ms): Min: 9.4, Avg: 9.4, Max: 9.4, Diff: 0.0, Sum: 18.8]
      [Termination (ms): Min: 0.0, Avg: 0.0, Max: 0.0, Diff: 0.0, Sum: 0.0]
      [GC Worker Other (ms): Min: 0.0, Avg: 0.0, Max: 0.0, Diff: 0.0, Sum: 0.1]
      [GC Worker Total (ms): Min: 10.1, Avg: 10.1, Max: 10.1, Diff: 0.0, Sum: 20.2]
      [GC Worker End (ms): Min: 20189.0, Avg: 20189.0, Max: 20189.0, Diff: 0.0]
   [Code Root Fixup: 0.0 ms]
   [Code Root Migration: 0.0 ms]
   [Clear CT: 0.2 ms]
   [Other: 0.5 ms]
      [Choose CSet: 0.0 ms]
      [Ref Proc: 0.1 ms]
      [Ref Enq: 0.0 ms]
      [Free CSet: 0.2 ms]
   [Eden: 134.0M(134.0M)->0.0B(132.0M) Survivors: 14.0M->16.0M Heap: 212.3M(256.0M)->80.2M(256.0M)]
 [Times: user=0.03 sys=0.00, real=0.01 secs] 
2014-07-10T11:36:29.490+0200: 20.272: [GC pause (G1 Evacuation Pause) (young) 20.272: [G1Ergonomics (CSet Construction) start choosing CSet, _pending_cards: 259, predicted base time: 2.08 ms, remaining time: 197.92 ms, target pause time: 200.00 ms]
 20.272: [G1Ergonomics (CSet Construction) add young regions to CSet, eden: 132 regions, survivors: 16 regions, predicted young region time: 88.72 ms]
 20.272: [G1Ergonomics (CSet Construction) finish choosing CSet, eden: 132 regions, survivors: 16 regions, old: 0 regions, predicted pause time: 90.81 ms, target pause time: 200.00 ms]
, 0.0017642 secs]
   [Parallel Time: 1.3 ms, GC Workers: 2]
      [GC Worker Start (ms): Min: 20271.7, Avg: 20271.7, Max: 20271.7, Diff: 0.0]
      [Ext Root Scanning (ms): Min: 0.2, Avg: 0.2, Max: 0.2, Diff: 0.0, Sum: 0.5]
      [Update RS (ms): Min: 0.0, Avg: 0.0, Max: 0.0, Diff: 0.0, Sum: 0.1]
         [Processed Buffers: Min: 1, Avg: 1.5, Max: 2, Diff: 1, Sum: 3]
      [Scan RS (ms): Min: 0.2, Avg: 0.2, Max: 0.2, Diff: 0.0, Sum: 0.4]
      [Code Root Scanning (ms): Min: 0.1, Avg: 0.1, Max: 0.1, Diff: 0.0, Sum: 0.2]
      [Object Copy (ms): Min: 0.7, Avg: 0.7, Max: 0.7, Diff: 0.0, Sum: 1.4]
      [Termination (ms): Min: 0.0, Avg: 0.0, Max: 0.0, Diff: 0.0, Sum: 0.0]
      [GC Worker Other (ms): Min: 0.0, Avg: 0.0, Max: 0.0, Diff: 0.0, Sum: 0.0]
      [GC Worker Total (ms): Min: 1.3, Avg: 1.3, Max: 1.3, Diff: 0.0, Sum: 2.6]
      [GC Worker End (ms): Min: 20273.0, Avg: 20273.0, Max: 20273.0, Diff: 0.0]
   [Code Root Fixup: 0.0 ms]
   [Code Root Migration: 0.0 ms]
   [Clear CT: 0.1 ms]
   [Other: 0.3 ms]
      [Choose CSet: 0.0 ms]
      [Ref Proc: 0.0 ms]
      [Ref Enq: 0.0 ms]
      [Free CSet: 0.2 ms]
   [Eden: 132.0M(132.0M)->0.0B(148.0M) Survivors: 16.0M->2048.0K Heap: 212.2M(256.0M)->67.0M(256.0M)]
 [Times: user=0.00 sys=0.00, real=0.00 secs] 
2014-07-10T11:36:29.655+0200: 20.436: [GC pause (G1 Evacuation Pause) (young) 20.436: [G1Ergonomics (CSet Construction) start choosing CSet, _pending_cards: 512, predicted base time: 1.79 ms, remaining time: 198.21 ms, target pause time: 200.00 ms]
 20.436: [G1Ergonomics (CSet Construction) add young regions to CSet, eden: 148 regions, survivors: 2 regions, predicted young region time: 88.98 ms]
 20.436: [G1Ergonomics (CSet Construction) finish choosing CSet, eden: 148 regions, survivors: 2 regions, old: 0 regions, predicted pause time: 90.77 ms, target pause time: 200.00 ms]
, 0.0127637 secs]
   [Parallel Time: 12.1 ms, GC Workers: 2]
      [GC Worker Start (ms): Min: 20436.4, Avg: 20436.4, Max: 20436.5, Diff: 0.0]
      [Ext Root Scanning (ms): Min: 0.4, Avg: 0.5, Max: 0.6, Diff: 0.2, Sum: 1.0]
      [Update RS (ms): Min: 0.0, Avg: 0.1, Max: 0.1, Diff: 0.1, Sum: 0.1]
         [Processed Buffers: Min: 0, Avg: 1.5, Max: 3, Diff: 3, Sum: 3]
      [Scan RS (ms): Min: 0.2, Avg: 0.3, Max: 0.3, Diff: 0.1, Sum: 0.5]
      [Code Root Scanning (ms): Min: 0.1, Avg: 0.1, Max: 0.1, Diff: 0.0, Sum: 0.2]
      [Object Copy (ms): Min: 11.0, Avg: 11.1, Max: 11.1, Diff: 0.0, Sum: 22.1]
      [Termination (ms): Min: 0.0, Avg: 0.0, Max: 0.0, Diff: 0.0, Sum: 0.0]
      [GC Worker Other (ms): Min: 0.0, Avg: 0.0, Max: 0.0, Diff: 0.0, Sum: 0.1]
      [GC Worker Total (ms): Min: 12.0, Avg: 12.0, Max: 12.0, Diff: 0.0, Sum: 24.0]
      [GC Worker End (ms): Min: 20448.5, Avg: 20448.5, Max: 20448.5, Diff: 0.0]
   [Code Root Fixup: 0.0 ms]
   [Code Root Migration: 0.1 ms]
   [Clear CT: 0.1 ms]
   [Other: 0.5 ms]
      [Choose CSet: 0.0 ms]
      [Ref Proc: 0.2 ms]
      [Ref Enq: 0.0 ms]
      [Free CSet: 0.2 ms]
   [Eden: 148.0M(148.0M)->0.0B(128.0M) Survivors: 2048.0K->18.0M Heap: 215.0M(256.0M)->82.9M(256.0M)]
 [Times: user=0.03 sys=0.00, real=0.01 secs] 
2014-07-10T11:36:29.800+0200: 20.582: [GC pause (G1 Evacuation Pause) (young) 20.582: [G1Ergonomics (CSet Construction) start choosing CSet, _pending_cards: 256, predicted base time: 1.63 ms, remaining time: 198.37 ms, target pause time: 200.00 ms]
 20.582: [G1Ergonomics (CSet Construction) add young regions to CSet, eden: 128 regions, survivors: 18 regions, predicted young region time: 78.49 ms]
 20.582: [G1Ergonomics (CSet Construction) finish choosing CSet, eden: 128 regions, survivors: 18 regions, old: 0 regions, predicted pause time: 80.13 ms, target pause time: 200.00 ms]
, 0.0168593 secs]
   [Parallel Time: 15.4 ms, GC Workers: 2]
      [GC Worker Start (ms): Min: 20581.7, Avg: 20581.7, Max: 20581.7, Diff: 0.0]
      [Ext Root Scanning (ms): Min: 0.6, Avg: 0.6, Max: 0.6, Diff: 0.0, Sum: 1.1]
      [Update RS (ms): Min: 0.0, Avg: 0.1, Max: 0.1, Diff: 0.1, Sum: 0.2]
         [Processed Buffers: Min: 1, Avg: 1.0, Max: 1, Diff: 0, Sum: 2]
      [Scan RS (ms): Min: 0.4, Avg: 0.4, Max: 0.4, Diff: 0.1, Sum: 0.8]
      [Code Root Scanning (ms): Min: 0.1, Avg: 0.1, Max: 0.2, Diff: 0.0, Sum: 0.3]
      [Object Copy (ms): Min: 14.0, Avg: 14.1, Max: 14.1, Diff: 0.1, Sum: 28.1]
      [Termination (ms): Min: 0.0, Avg: 0.0, Max: 0.0, Diff: 0.0, Sum: 0.0]
      [GC Worker Other (ms): Min: 0.0, Avg: 0.0, Max: 0.0, Diff: 0.0, Sum: 0.1]
      [GC Worker Total (ms): Min: 15.3, Avg: 15.3, Max: 15.3, Diff: 0.0, Sum: 30.6]
      [GC Worker End (ms): Min: 20597.0, Avg: 20597.0, Max: 20597.0, Diff: 0.0]
   [Code Root Fixup: 0.0 ms]
   [Code Root Migration: 0.1 ms]
   [Clear CT: 0.3 ms]
   [Other: 1.0 ms]
      [Choose CSet: 0.1 ms]
      [Ref Proc: 0.2 ms]
      [Ref Enq: 0.0 ms]
      [Free CSet: 0.5 ms]
   [Eden: 128.0M(128.0M)->0.0B(134.0M) Survivors: 18.0M->14.0M Heap: 210.9M(256.0M)->78.8M(256.0M)]
 [Times: user=0.03 sys=0.00, real=0.02 secs] 
2014-07-10T11:36:29.897+0200: 20.678: [GC pause (G1 Evacuation Pause) (young) 20.679: [G1Ergonomics (CSet Construction) start choosing CSet, _pending_cards: 257, predicted base time: 1.74 ms, remaining time: 198.26 ms, target pause time: 200.00 ms]
 20.679: [G1Ergonomics (CSet Construction) add young regions to CSet, eden: 134 regions, survivors: 14 regions, predicted young region time: 105.40 ms]
 20.679: [G1Ergonomics (CSet Construction) finish choosing CSet, eden: 134 regions, survivors: 14 regions, old: 0 regions, predicted pause time: 107.14 ms, target pause time: 200.00 ms]
, 0.0060959 secs]
   [Parallel Time: 5.5 ms, GC Workers: 2]
      [GC Worker Start (ms): Min: 20678.7, Avg: 20678.7, Max: 20678.7, Diff: 0.0]
      [Ext Root Scanning (ms): Min: 0.3, Avg: 0.3, Max: 0.4, Diff: 0.0, Sum: 0.7]
      [Update RS (ms): Min: 0.0, Avg: 0.1, Max: 0.1, Diff: 0.1, Sum: 0.1]
         [Processed Buffers: Min: 1, Avg: 1.5, Max: 2, Diff: 1, Sum: 3]
      [Scan RS (ms): Min: 0.2, Avg: 0.2, Max: 0.2, Diff: 0.0, Sum: 0.5]
      [Code Root Scanning (ms): Min: 0.1, Avg: 0.1, Max: 0.1, Diff: 0.0, Sum: 0.2]
      [Object Copy (ms): Min: 4.6, Avg: 4.6, Max: 4.6, Diff: 0.0, Sum: 9.2]
      [Termination (ms): Min: 0.0, Avg: 0.0, Max: 0.0, Diff: 0.0, Sum: 0.0]
      [GC Worker Other (ms): Min: 0.0, Avg: 0.0, Max: 0.0, Diff: 0.0, Sum: 0.1]
      [GC Worker Total (ms): Min: 5.4, Avg: 5.4, Max: 5.4, Diff: 0.0, Sum: 10.7]
      [GC Worker End (ms): Min: 20684.0, Avg: 20684.0, Max: 20684.0, Diff: 0.0]
   [Code Root Fixup: 0.0 ms]
   [Code Root Migration: 0.0 ms]
   [Clear CT: 0.1 ms]
   [Other: 0.4 ms]
      [Choose CSet: 0.0 ms]
      [Ref Proc: 0.1 ms]
      [Ref Enq: 0.0 ms]
      [Free CSet: 0.2 ms]
   [Eden: 134.0M(134.0M)->0.0B(142.0M) Survivors: 14.0M->8192.0K Heap: 212.8M(256.0M)->72.7M(256.0M)]
 [Times: user=0.00 sys=0.00, real=0.01 secs] 
2014-07-10T11:36:30.043+0200: 20.824: [GC pause (G1 Evacuation Pause) (young) 20.824: [G1Ergonomics (CSet Construction) start choosing CSet, _pending_cards: 512, predicted base time: 1.62 ms, remaining time: 198.38 ms, target pause time: 200.00 ms]
 20.824: [G1Ergonomics (CSet Construction) add young regions to CSet, eden: 142 regions, survivors: 8 regions, predicted young region time: 72.23 ms]
 20.824: [G1Ergonomics (CSet Construction) finish choosing CSet, eden: 142 regions, survivors: 8 regions, old: 0 regions, predicted pause time: 73.86 ms, target pause time: 200.00 ms]
, 0.0119069 secs]
   [Parallel Time: 11.3 ms, GC Workers: 2]
      [GC Worker Start (ms): Min: 20824.1, Avg: 20824.1, Max: 20824.1, Diff: 0.0]
      [Ext Root Scanning (ms): Min: 0.3, Avg: 0.3, Max: 0.3, Diff: 0.0, Sum: 0.6]
      [Update RS (ms): Min: 0.0, Avg: 0.0, Max: 0.1, Diff: 0.0, Sum: 0.1]
         [Processed Buffers: Min: 1, Avg: 1.5, Max: 2, Diff: 1, Sum: 3]
      [Scan RS (ms): Min: 0.2, Avg: 0.2, Max: 0.2, Diff: 0.0, Sum: 0.4]
      [Code Root Scanning (ms): Min: 0.1, Avg: 0.1, Max: 0.1, Diff: 0.0, Sum: 0.2]
      [Object Copy (ms): Min: 10.4, Avg: 10.5, Max: 10.6, Diff: 0.1, Sum: 21.0]
      [Termination (ms): Min: 0.0, Avg: 0.1, Max: 0.1, Diff: 0.1, Sum: 0.2]
      [GC Worker Other (ms): Min: 0.0, Avg: 0.0, Max: 0.0, Diff: 0.0, Sum: 0.1]
      [GC Worker Total (ms): Min: 11.3, Avg: 11.3, Max: 11.3, Diff: 0.0, Sum: 22.5]
      [GC Worker End (ms): Min: 20835.3, Avg: 20835.3, Max: 20835.3, Diff: 0.0]
   [Code Root Fixup: 0.0 ms]
   [Code Root Migration: 0.1 ms]
   [Clear CT: 0.1 ms]
   [Other: 0.5 ms]
      [Choose CSet: 0.0 ms]
      [Ref Proc: 0.0 ms]
      [Ref Enq: 0.0 ms]
      [Free CSet: 0.2 ms]
   [Eden: 142.0M(142.0M)->0.0B(128.0M) Survivors: 8192.0K->18.0M Heap: 214.7M(256.0M)->82.6M(256.0M)]
 [Times: user=0.03 sys=0.00, real=0.01 secs] 
2014-07-10T11:36:30.195+0200: 20.976: [GC pause (G1 Evacuation Pause) (young) 20.976: [G1Ergonomics (CSet Construction) start choosing CSet, _pending_cards: 512, predicted base time: 1.43 ms, remaining time: 198.57 ms, target pause time: 200.00 ms]
 20.976: [G1Ergonomics (CSet Construction) add young regions to CSet, eden: 128 regions, survivors: 18 regions, predicted young region time: 91.13 ms]
 20.976: [G1Ergonomics (CSet Construction) finish choosing CSet, eden: 128 regions, survivors: 18 regions, old: 0 regions, predicted pause time: 92.56 ms, target pause time: 200.00 ms]
, 0.0101123 secs]
   [Parallel Time: 9.5 ms, GC Workers: 2]
      [GC Worker Start (ms): Min: 20975.9, Avg: 20975.9, Max: 20975.9, Diff: 0.0]
      [Ext Root Scanning (ms): Min: 0.4, Avg: 0.4, Max: 0.4, Diff: 0.0, Sum: 0.7]
      [Update RS (ms): Min: 0.0, Avg: 0.0, Max: 0.0, Diff: 0.0, Sum: 0.1]
         [Processed Buffers: Min: 1, Avg: 1.5, Max: 2, Diff: 1, Sum: 3]
      [Scan RS (ms): Min: 0.2, Avg: 0.2, Max: 0.2, Diff: 0.0, Sum: 0.5]
      [Code Root Scanning (ms): Min: 0.1, Avg: 0.1, Max: 0.1, Diff: 0.0, Sum: 0.2]
      [Object Copy (ms): Min: 8.6, Avg: 8.6, Max: 8.6, Diff: 0.0, Sum: 17.2]
      [Termination (ms): Min: 0.0, Avg: 0.1, Max: 0.2, Diff: 0.2, Sum: 0.2]
      [GC Worker Other (ms): Min: 0.0, Avg: 0.0, Max: 0.0, Diff: 0.0, Sum: 0.1]
      [GC Worker Total (ms): Min: 9.4, Avg: 9.4, Max: 9.5, Diff: 0.1, Sum: 18.8]
      [GC Worker End (ms): Min: 20985.3, Avg: 20985.4, Max: 20985.4, Diff: 0.1]
   [Code Root Fixup: 0.0 ms]
   [Code Root Migration: 0.0 ms]
   [Clear CT: 0.1 ms]
   [Other: 0.4 ms]
      [Choose CSet: 0.0 ms]
      [Ref Proc: 0.1 ms]
      [Ref Enq: 0.0 ms]
      [Free CSet: 0.2 ms]
   [Eden: 128.0M(128.0M)->0.0B(134.0M) Survivors: 18.0M->14.0M Heap: 210.6M(256.0M)->78.5M(256.0M)]
 [Times: user=0.03 sys=0.00, real=0.01 secs] 
2014-07-10T11:36:30.297+0200: 21.079: [GC pause (G1 Evacuation Pause) (young) 21.079: [G1Ergonomics (CSet Construction) start choosing CSet, _pending_cards: 512, predicted base time: 1.31 ms, remaining time: 198.69 ms, target pause time: 200.00 ms]
 21.079: [G1Ergonomics (CSet Construction) add young regions to CSet, eden: 134 regions, survivors: 14 regions, predicted young region time: 21.47 ms]
 21.079: [G1Ergonomics (CSet Construction) finish choosing CSet, eden: 134 regions, survivors: 14 regions, old: 0 regions, predicted pause time: 22.79 ms, target pause time: 200.00 ms]
, 0.0105651 secs]
   [Parallel Time: 9.9 ms, GC Workers: 2]
      [GC Worker Start (ms): Min: 21078.7, Avg: 21078.7, Max: 21078.7, Diff: 0.0]
      [Ext Root Scanning (ms): Min: 0.3, Avg: 0.3, Max: 0.3, Diff: 0.0, Sum: 0.5]
      [Update RS (ms): Min: 0.0, Avg: 0.0, Max: 0.0, Diff: 0.0, Sum: 0.1]
         [Processed Buffers: Min: 1, Avg: 1.5, Max: 2, Diff: 1, Sum: 3]
      [Scan RS (ms): Min: 0.2, Avg: 0.2, Max: 0.2, Diff: 0.0, Sum: 0.4]
      [Code Root Scanning (ms): Min: 0.1, Avg: 0.1, Max: 0.1, Diff: 0.0, Sum: 0.2]
      [Object Copy (ms): Min: 9.3, Avg: 9.3, Max: 9.3, Diff: 0.0, Sum: 18.5]
      [Termination (ms): Min: 0.0, Avg: 0.0, Max: 0.0, Diff: 0.0, Sum: 0.0]
      [GC Worker Other (ms): Min: 0.0, Avg: 0.0, Max: 0.0, Diff: 0.0, Sum: 0.1]
      [GC Worker Total (ms): Min: 9.9, Avg: 9.9, Max: 9.9, Diff: 0.0, Sum: 19.8]
      [GC Worker End (ms): Min: 21088.6, Avg: 21088.6, Max: 21088.6, Diff: 0.0]
   [Code Root Fixup: 0.0 ms]
   [Code Root Migration: 0.1 ms]
   [Clear CT: 0.1 ms]
   [Other: 0.4 ms]
      [Choose CSet: 0.0 ms]
      [Ref Proc: 0.0 ms]
      [Ref Enq: 0.0 ms]
      [Free CSet: 0.2 ms]
   [Eden: 134.0M(134.0M)->0.0B(132.0M) Survivors: 14.0M->16.0M Heap: 212.5M(256.0M)->80.3M(256.0M)]
 [Times: user=0.00 sys=0.00, real=0.01 secs] 
2014-07-10T11:36:30.446+0200: 21.227: [GC pause (G1 Evacuation Pause) (young) 21.228: [G1Ergonomics (CSet Construction) start choosing CSet, _pending_cards: 512, predicted base time: 1.19 ms, remaining time: 198.81 ms, target pause time: 200.00 ms]
 21.228: [G1Ergonomics (CSet Construction) add young regions to CSet, eden: 132 regions, survivors: 16 regions, predicted young region time: 89.15 ms]
 21.228: [G1Ergonomics (CSet Construction) finish choosing CSet, eden: 132 regions, survivors: 16 regions, old: 0 regions, predicted pause time: 90.34 ms, target pause time: 200.00 ms]
, 0.0135039 secs]
   [Parallel Time: 12.8 ms, GC Workers: 2]
      [GC Worker Start (ms): Min: 21228.1, Avg: 21233.6, Max: 21239.2, Diff: 11.1]
      [Ext Root Scanning (ms): Min: 0.0, Avg: 0.3, Max: 0.5, Diff: 0.5, Sum: 0.5]
      [Update RS (ms): Min: 0.0, Avg: 0.0, Max: 0.1, Diff: 0.1, Sum: 0.1]
         [Processed Buffers: Min: 0, Avg: 1.5, Max: 3, Diff: 3, Sum: 3]
      [Scan RS (ms): Min: 0.0, Avg: 0.2, Max: 0.5, Diff: 0.4, Sum: 0.5]
      [Code Root Scanning (ms): Min: 0.0, Avg: 0.1, Max: 0.2, Diff: 0.2, Sum: 0.2]
      [Object Copy (ms): Min: 0.0, Avg: 4.9, Max: 9.8, Diff: 9.8, Sum: 9.8]
      [Termination (ms): Min: 0.0, Avg: 0.6, Max: 1.3, Diff: 1.3, Sum: 1.3]
      [GC Worker Other (ms): Min: 0.0, Avg: 0.0, Max: 0.0, Diff: 0.0, Sum: 0.1]
      [GC Worker Total (ms): Min: 0.1, Avg: 6.2, Max: 12.3, Diff: 12.3, Sum: 12.4]
      [GC Worker End (ms): Min: 21239.3, Avg: 21239.8, Max: 21240.4, Diff: 1.2]
   [Code Root Fixup: 0.0 ms]
   [Code Root Migration: 0.0 ms]
   [Clear CT: 0.1 ms]
   [Other: 0.5 ms]
      [Choose CSet: 0.0 ms]
      [Ref Proc: 0.2 ms]
      [Ref Enq: 0.0 ms]
      [Free CSet: 0.2 ms]
   [Eden: 132.0M(132.0M)->0.0B(132.0M) Survivors: 16.0M->16.0M Heap: 212.3M(256.0M)->80.2M(256.0M)]
 [Times: user=0.01 sys=0.00, real=0.01 secs] 
2014-07-10T11:36:30.522+0200: 21.304: [GC pause (G1 Evacuation Pause) (young) 21.304: [G1Ergonomics (CSet Construction) start choosing CSet, _pending_cards: 259, predicted base time: 4.15 ms, remaining time: 195.85 ms, target pause time: 200.00 ms]
 21.304: [G1Ergonomics (CSet Construction) add young regions to CSet, eden: 132 regions, survivors: 16 regions, predicted young region time: 79.83 ms]
 21.304: [G1Ergonomics (CSet Construction) finish choosing CSet, eden: 132 regions, survivors: 16 regions, old: 0 regions, predicted pause time: 83.98 ms, target pause time: 200.00 ms]
 21.331: [G1Ergonomics (Heap Sizing) attempt heap expansion, reason: region allocation request failed, allocation request: 32784 bytes]
 21.331: [G1Ergonomics (Heap Sizing) expand the heap, requested expansion amount: 32784 bytes, attempted expansion amount: 1048576 bytes]
 21.331: [G1Ergonomics (Heap Sizing) did not expand the heap, reason: heap already fully expanded]
 (to-space exhausted), 0.0284780 secs]
   [Parallel Time: 27.7 ms, GC Workers: 2]
      [GC Worker Start (ms): Min: 21303.8, Avg: 21303.8, Max: 21303.9, Diff: 0.0]
      [Ext Root Scanning (ms): Min: 0.3, Avg: 0.3, Max: 0.3, Diff: 0.0, Sum: 0.7]
      [Update RS (ms): Min: 0.1, Avg: 0.1, Max: 0.1, Diff: 0.0, Sum: 0.1]
         [Processed Buffers: Min: 1, Avg: 1.5, Max: 2, Diff: 1, Sum: 3]
      [Scan RS (ms): Min: 0.2, Avg: 0.2, Max: 0.2, Diff: 0.0, Sum: 0.4]
      [Code Root Scanning (ms): Min: 0.1, Avg: 0.1, Max: 0.1, Diff: 0.0, Sum: 0.2]
      [Object Copy (ms): Min: 27.0, Avg: 27.0, Max: 27.0, Diff: 0.0, Sum: 54.0]
      [Termination (ms): Min: 0.0, Avg: 0.0, Max: 0.0, Diff: 0.0, Sum: 0.0]
      [GC Worker Other (ms): Min: 0.0, Avg: 0.0, Max: 0.0, Diff: 0.0, Sum: 0.1]
      [GC Worker Total (ms): Min: 27.7, Avg: 27.7, Max: 27.7, Diff: 0.0, Sum: 55.4]
      [GC Worker End (ms): Min: 21331.6, Avg: 21331.6, Max: 21331.6, Diff: 0.0]
   [Code Root Fixup: 0.0 ms]
   [Code Root Migration: 0.0 ms]
   [Clear CT: 0.1 ms]
   [Other: 0.6 ms]
      [Choose CSet: 0.0 ms]
      [Ref Proc: 0.0 ms]
      [Ref Enq: 0.0 ms]
      [Free CSet: 0.2 ms]
   [Eden: 132.0M(132.0M)->0.0B(65.0M) Survivors: 16.0M->19.0M Heap: 212.2M(256.0M)->131.0M(256.0M)]
 [Times: user=0.06 sys=0.00, real=0.03 secs] 
2014-07-10T11:36:30.619+0200: 21.400: [GC pause (G1 Evacuation Pause) (young) 21.400: [G1Ergonomics (CSet Construction) start choosing CSet, _pending_cards: 1024, predicted base time: 4.24 ms, remaining time: 195.76 ms, target pause time: 200.00 ms]
 21.400: [G1Ergonomics (CSet Construction) add young regions to CSet, eden: 65 regions, survivors: 19 regions, predicted young region time: 34.99 ms]
 21.400: [G1Ergonomics (CSet Construction) finish choosing CSet, eden: 65 regions, survivors: 19 regions, old: 0 regions, predicted pause time: 39.23 ms, target pause time: 200.00 ms]
 21.441: [G1Ergonomics (Heap Sizing) attempt heap expansion, reason: region allocation request failed, allocation request: 32784 bytes]
 21.441: [G1Ergonomics (Heap Sizing) expand the heap, requested expansion amount: 32784 bytes, attempted expansion amount: 1048576 bytes]
 21.441: [G1Ergonomics (Heap Sizing) did not expand the heap, reason: heap already fully expanded]
 21.442: [G1Ergonomics (Concurrent Cycles) request concurrent cycle initiation, reason: occupancy higher than threshold, occupancy: 174063616 bytes, allocation request: 0 bytes, threshold: 120795930 bytes (45.00 %), source: end of GC]
 (to-space exhausted), 0.0424420 secs]
   [Parallel Time: 41.8 ms, GC Workers: 2]
      [GC Worker Start (ms): Min: 21399.9, Avg: 21399.9, Max: 21399.9, Diff: 0.0]
      [Ext Root Scanning (ms): Min: 0.3, Avg: 0.3, Max: 0.3, Diff: 0.0, Sum: 0.7]
      [Update RS (ms): Min: 0.1, Avg: 0.1, Max: 0.1, Diff: 0.0, Sum: 0.1]
         [Processed Buffers: Min: 2, Avg: 2.5, Max: 3, Diff: 1, Sum: 5]
      [Scan RS (ms): Min: 0.1, Avg: 0.1, Max: 0.1, Diff: 0.0, Sum: 0.3]
      [Code Root Scanning (ms): Min: 0.1, Avg: 0.1, Max: 0.1, Diff: 0.0, Sum: 0.1]
      [Object Copy (ms): Min: 40.9, Avg: 41.0, Max: 41.1, Diff: 0.2, Sum: 82.0]
      [Termination (ms): Min: 0.0, Avg: 0.1, Max: 0.3, Diff: 0.3, Sum: 0.3]
      [GC Worker Other (ms): Min: 0.0, Avg: 0.0, Max: 0.0, Diff: 0.0, Sum: 0.1]
      [GC Worker Total (ms): Min: 41.7, Avg: 41.8, Max: 41.8, Diff: 0.0, Sum: 83.5]
      [GC Worker End (ms): Min: 21441.7, Avg: 21441.7, Max: 21441.7, Diff: 0.0]
   [Code Root Fixup: 0.0 ms]
   [Code Root Migration: 0.0 ms]
   [Clear CT: 0.2 ms]
   [Other: 0.4 ms]
      [Choose CSet: 0.0 ms]
      [Ref Proc: 0.1 ms]
      [Ref Enq: 0.0 ms]
      [Free CSet: 0.1 ms]
   [Eden: 65.0M(65.0M)->0.0B(30.0M) Survivors: 19.0M->11.0M Heap: 196.0M(256.0M)->177.0M(256.0M)]
 [Times: user=0.08 sys=0.00, real=0.04 secs] 
 21.459: [G1Ergonomics (Concurrent Cycles) initiate concurrent cycle, reason: concurrent cycle initiation requested]
2014-07-10T11:36:30.678+0200: 21.459: [GC pause (G1 Evacuation Pause) (young) (initial-mark) 21.459: [G1Ergonomics (CSet Construction) start choosing CSet, _pending_cards: 1024, predicted base time: 4.24 ms, remaining time: 195.76 ms, target pause time: 200.00 ms]
 21.459: [G1Ergonomics (CSet Construction) add young regions to CSet, eden: 30 regions, survivors: 11 regions, predicted young region time: 12.83 ms]
 21.459: [G1Ergonomics (CSet Construction) finish choosing CSet, eden: 30 regions, survivors: 11 regions, old: 0 regions, predicted pause time: 17.07 ms, target pause time: 200.00 ms]
, 0.0183111 secs]
   [Parallel Time: 17.6 ms, GC Workers: 2]
      [GC Worker Start (ms): Min: 21459.0, Avg: 21459.0, Max: 21459.0, Diff: 0.0]
      [Ext Root Scanning (ms): Min: 0.3, Avg: 0.3, Max: 0.3, Diff: 0.0, Sum: 0.7]
      [Code Root Marking (ms): Min: 0.1, Avg: 0.1, Max: 0.1, Diff: 0.0, Sum: 0.1]
      [Update RS (ms): Min: 0.0, Avg: 0.0, Max: 0.0, Diff: 0.0, Sum: 0.1]
         [Processed Buffers: Min: 1, Avg: 2.5, Max: 4, Diff: 3, Sum: 5]
      [Scan RS (ms): Min: 0.1, Avg: 0.1, Max: 0.1, Diff: 0.0, Sum: 0.1]
      [Code Root Scanning (ms): Min: 0.0, Avg: 0.0, Max: 0.0, Diff: 0.0, Sum: 0.1]
      [Object Copy (ms): Min: 17.0, Avg: 17.0, Max: 17.0, Diff: 0.0, Sum: 34.0]
      [Termination (ms): Min: 0.0, Avg: 0.0, Max: 0.0, Diff: 0.0, Sum: 0.0]
      [GC Worker Other (ms): Min: 0.0, Avg: 0.0, Max: 0.0, Diff: 0.0, Sum: 0.1]
      [GC Worker Total (ms): Min: 17.6, Avg: 17.6, Max: 17.6, Diff: 0.0, Sum: 35.2]
      [GC Worker End (ms): Min: 21476.5, Avg: 21476.5, Max: 21476.5, Diff: 0.0]
   [Code Root Fixup: 0.0 ms]
   [Code Root Migration: 0.0 ms]
   [Clear CT: 0.0 ms]
   [Other: 0.6 ms]
      [Choose CSet: 0.0 ms]
      [Ref Proc: 0.4 ms]
      [Ref Enq: 0.0 ms]
      [Free CSet: 0.1 ms]
   [Eden: 30.0M(30.0M)->0.0B(19.0M) Survivors: 11.0M->6144.0K Heap: 207.0M(256.0M)->193.6M(256.0M)]
 [Times: user=0.03 sys=0.00, real=0.02 secs] 
2014-07-10T11:36:30.696+0200: 21.477: [GC concurrent-root-region-scan-start]
2014-07-10T11:36:30.696+0200: 21.478: [GC concurrent-root-region-scan-end, 0.0002922 secs]
2014-07-10T11:36:30.696+0200: 21.478: [GC concurrent-mark-start]
2014-07-10T11:36:30.701+0200: 21.482: [GC concurrent-mark-end, 0.0035944 secs]
2014-07-10T11:36:30.701+0200: 21.482: [GC remark 21.482: [GC ref-proc, 0.0000664 secs], 0.0013375 secs]
 [Times: user=0.02 sys=0.00, real=0.00 secs] 
2014-07-10T11:36:30.702+0200: 21.484: [GC cleanup 202M->66M(256M), 0.0007508 secs]
 [Times: user=0.00 sys=0.00, real=0.00 secs] 
2014-07-10T11:36:30.703+0200: 21.484: [GC concurrent-cleanup-start]
2014-07-10T11:36:30.703+0200: 21.485: [GC concurrent-cleanup-end, 0.0002178 secs]
2014-07-10T11:36:30.710+0200: 21.492: [GC pause (G1 Evacuation Pause) (young) 21.492: [G1Ergonomics (CSet Construction) start choosing CSet, _pending_cards: 256, predicted base time: 3.45 ms, remaining time: 196.55 ms, target pause time: 200.00 ms]
 21.492: [G1Ergonomics (CSet Construction) add young regions to CSet, eden: 19 regions, survivors: 6 regions, predicted young region time: 9.92 ms]
 21.492: [G1Ergonomics (CSet Construction) finish choosing CSet, eden: 19 regions, survivors: 6 regions, old: 0 regions, predicted pause time: 13.36 ms, target pause time: 200.00 ms]
 21.507: [G1Ergonomics (Mixed GCs) start mixed GCs, reason: candidate old regions available, candidate old regions: 30 regions, reclaimable: 30483328 bytes (11.36 %), threshold: 10.00 %]
, 0.0160402 secs]
   [Parallel Time: 15.7 ms, GC Workers: 2]
      [GC Worker Start (ms): Min: 21491.6, Avg: 21491.6, Max: 21491.6, Diff: 0.0]
      [Ext Root Scanning (ms): Min: 0.3, Avg: 0.3, Max: 0.3, Diff: 0.0, Sum: 0.6]
      [Update RS (ms): Min: 0.0, Avg: 0.0, Max: 0.0, Diff: 0.0, Sum: 0.0]
         [Processed Buffers: Min: 1, Avg: 1.0, Max: 1, Diff: 0, Sum: 2]
      [Scan RS (ms): Min: 0.0, Avg: 0.0, Max: 0.0, Diff: 0.0, Sum: 0.1]
      [Code Root Scanning (ms): Min: 0.0, Avg: 0.0, Max: 0.0, Diff: 0.0, Sum: 0.0]
      [Object Copy (ms): Min: 15.2, Avg: 15.2, Max: 15.2, Diff: 0.0, Sum: 30.5]
      [Termination (ms): Min: 0.0, Avg: 0.0, Max: 0.0, Diff: 0.0, Sum: 0.0]
      [GC Worker Other (ms): Min: 0.0, Avg: 0.0, Max: 0.0, Diff: 0.0, Sum: 0.1]
      [GC Worker Total (ms): Min: 15.6, Avg: 15.6, Max: 15.6, Diff: 0.0, Sum: 31.3]
      [GC Worker End (ms): Min: 21507.2, Avg: 21507.2, Max: 21507.2, Diff: 0.0]
   [Code Root Fixup: 0.0 ms]
   [Code Root Migration: 0.0 ms]
   [Clear CT: 0.0 ms]
   [Other: 0.3 ms]
      [Choose CSet: 0.0 ms]
      [Ref Proc: 0.1 ms]
      [Ref Enq: 0.0 ms]
      [Free CSet: 0.1 ms]
   [Eden: 19.0M(19.0M)->0.0B(8192.0K) Survivors: 6144.0K->4096.0K Heap: 76.6M(256.0M)->76.6M(256.0M)]
 [Times: user=0.01 sys=0.00, real=0.02 secs] 
2014-07-10T11:36:30.731+0200: 21.512: [GC pause (G1 Evacuation Pause) (mixed) 21.512: [G1Ergonomics (CSet Construction) start choosing CSet, _pending_cards: 514, predicted base time: 2.83 ms, remaining time: 197.17 ms, target pause time: 200.00 ms]
 21.512: [G1Ergonomics (CSet Construction) add young regions to CSet, eden: 8 regions, survivors: 4 regions, predicted young region time: 5.84 ms]
 21.512: [G1Ergonomics (CSet Construction) finish adding old regions to CSet, reason: reclaimable percentage not over threshold, old: 4 regions, max: 26 regions, reclaimable: 26297512 bytes (9.80 %), threshold: 10.00 %]
 21.512: [G1Ergonomics (CSet Construction) finish choosing CSet, eden: 8 regions, survivors: 4 regions, old: 4 regions, predicted pause time: 14.71 ms, target pause time: 200.00 ms]
 21.520: [G1Ergonomics (Mixed GCs) do not continue mixed GCs, reason: reclaimable percentage not over threshold, candidate old regions: 26 regions, reclaimable: 26297512 bytes (9.80 %), threshold: 10.00 %]
, 0.0082340 secs]
   [Parallel Time: 7.7 ms, GC Workers: 2]
      [GC Worker Start (ms): Min: 21512.2, Avg: 21512.2, Max: 21512.2, Diff: 0.0]
      [Ext Root Scanning (ms): Min: 0.3, Avg: 0.3, Max: 0.3, Diff: 0.0, Sum: 0.6]
      [Update RS (ms): Min: 0.1, Avg: 0.1, Max: 0.2, Diff: 0.1, Sum: 0.3]
         [Processed Buffers: Min: 1, Avg: 2.0, Max: 3, Diff: 2, Sum: 4]
      [Scan RS (ms): Min: 0.0, Avg: 0.0, Max: 0.1, Diff: 0.0, Sum: 0.1]
      [Code Root Scanning (ms): Min: 0.0, Avg: 0.0, Max: 0.0, Diff: 0.0, Sum: 0.0]
      [Object Copy (ms): Min: 7.2, Avg: 7.2, Max: 7.2, Diff: 0.0, Sum: 14.4]
      [Termination (ms): Min: 0.0, Avg: 0.0, Max: 0.0, Diff: 0.0, Sum: 0.0]
      [GC Worker Other (ms): Min: 0.0, Avg: 0.0, Max: 0.0, Diff: 0.0, Sum: 0.0]
      [GC Worker Total (ms): Min: 7.7, Avg: 7.7, Max: 7.7, Diff: 0.0, Sum: 15.4]
      [GC Worker End (ms): Min: 21519.9, Avg: 21519.9, Max: 21519.9, Diff: 0.0]
   [Code Root Fixup: 0.0 ms]
   [Code Root Migration: 0.0 ms]
   [Clear CT: 0.0 ms]
   [Other: 0.5 ms]
      [Choose CSet: 0.0 ms]
      [Ref Proc: 0.2 ms]
      [Ref Enq: 0.0 ms]
      [Free CSet: 0.1 ms]
   [Eden: 8192.0K(8192.0K)->0.0B(86.0M) Survivors: 4096.0K->2048.0K Heap: 84.6M(256.0M)->80.6M(256.0M)]
 [Times: user=0.03 sys=0.00, real=0.01 secs] 
2014-07-10T11:36:30.794+0200: 21.575: [GC pause (G1 Evacuation Pause) (young) 21.575: [G1Ergonomics (CSet Construction) start choosing CSet, _pending_cards: 516, predicted base time: 2.40 ms, remaining time: 197.60 ms, target pause time: 200.00 ms]
 21.575: [G1Ergonomics (CSet Construction) add young regions to CSet, eden: 86 regions, survivors: 2 regions, predicted young region time: 52.90 ms]
 21.575: [G1Ergonomics (CSet Construction) finish choosing CSet, eden: 86 regions, survivors: 2 regions, old: 0 regions, predicted pause time: 55.31 ms, target pause time: 200.00 ms]
, 0.0064192 secs]
   [Parallel Time: 5.8 ms, GC Workers: 2]
      [GC Worker Start (ms): Min: 21575.2, Avg: 21575.2, Max: 21575.2, Diff: 0.0]
      [Ext Root Scanning (ms): Min: 0.3, Avg: 0.3, Max: 0.3, Diff: 0.0, Sum: 0.6]
      [Update RS (ms): Min: 0.0, Avg: 0.0, Max: 0.0, Diff: 0.0, Sum: 0.1]
         [Processed Buffers: Min: 2, Avg: 2.0, Max: 2, Diff: 0, Sum: 4]
      [Scan RS (ms): Min: 0.1, Avg: 0.1, Max: 0.1, Diff: 0.0, Sum: 0.3]
      [Code Root Scanning (ms): Min: 0.1, Avg: 0.1, Max: 0.1, Diff: 0.0, Sum: 0.1]
      [Object Copy (ms): Min: 5.2, Avg: 5.2, Max: 5.2, Diff: 0.0, Sum: 10.4]
      [Termination (ms): Min: 0.0, Avg: 0.0, Max: 0.0, Diff: 0.0, Sum: 0.0]
      [GC Worker Other (ms): Min: 0.0, Avg: 0.0, Max: 0.0, Diff: 0.0, Sum: 0.1]
      [GC Worker Total (ms): Min: 5.8, Avg: 5.8, Max: 5.8, Diff: 0.0, Sum: 11.6]
      [GC Worker End (ms): Min: 21581.0, Avg: 21581.0, Max: 21581.0, Diff: 0.0]
   [Code Root Fixup: 0.0 ms]
   [Code Root Migration: 0.0 ms]
   [Clear CT: 0.1 ms]
   [Other: 0.4 ms]
      [Choose CSet: 0.0 ms]
      [Ref Proc: 0.1 ms]
      [Ref Enq: 0.0 ms]
      [Free CSet: 0.1 ms]
   [Eden: 86.0M(86.0M)->0.0B(89.0M) Survivors: 2048.0K->9216.0K Heap: 166.6M(256.0M)->87.1M(256.0M)]
 [Times: user=0.03 sys=0.00, real=0.01 secs] 
2014-07-10T11:36:30.843+0200: 21.624: [GC pause (G1 Evacuation Pause) (young) 21.624: [G1Ergonomics (CSet Construction) start choosing CSet, _pending_cards: 512, predicted base time: 2.06 ms, remaining time: 197.94 ms, target pause time: 200.00 ms]
 21.624: [G1Ergonomics (CSet Construction) add young regions to CSet, eden: 89 regions, survivors: 9 regions, predicted young region time: 58.55 ms]
 21.624: [G1Ergonomics (CSet Construction) finish choosing CSet, eden: 89 regions, survivors: 9 regions, old: 0 regions, predicted pause time: 60.61 ms, target pause time: 200.00 ms]
 21.644: [G1Ergonomics (Heap Sizing) attempt heap expansion, reason: recent GC overhead higher than threshold after GC, recent GC overhead: 10.36 %, threshold: 10.00 %, uncommitted: 0 bytes, calculated expansion amount: 0 bytes (20.00 %)]
, 0.0202220 secs]
   [Parallel Time: 19.6 ms, GC Workers: 2]
      [GC Worker Start (ms): Min: 21624.2, Avg: 21624.2, Max: 21624.2, Diff: 0.0]
      [Ext Root Scanning (ms): Min: 0.3, Avg: 0.3, Max: 0.3, Diff: 0.0, Sum: 0.6]
      [Update RS (ms): Min: 0.0, Avg: 0.0, Max: 0.0, Diff: 0.0, Sum: 0.1]
         [Processed Buffers: Min: 1, Avg: 1.5, Max: 2, Diff: 1, Sum: 3]
      [Scan RS (ms): Min: 0.2, Avg: 0.2, Max: 0.2, Diff: 0.0, Sum: 0.3]
      [Code Root Scanning (ms): Min: 0.1, Avg: 0.1, Max: 0.1, Diff: 0.0, Sum: 0.1]
      [Object Copy (ms): Min: 19.0, Avg: 19.0, Max: 19.0, Diff: 0.0, Sum: 38.0]
      [Termination (ms): Min: 0.0, Avg: 0.0, Max: 0.0, Diff: 0.0, Sum: 0.0]
      [GC Worker Other (ms): Min: 0.0, Avg: 0.0, Max: 0.0, Diff: 0.0, Sum: 0.1]
      [GC Worker Total (ms): Min: 19.6, Avg: 19.6, Max: 19.6, Diff: 0.0, Sum: 39.2]
      [GC Worker End (ms): Min: 21643.8, Avg: 21643.8, Max: 21643.8, Diff: 0.0]
   [Code Root Fixup: 0.0 ms]
   [Code Root Migration: 0.0 ms]
   [Clear CT: 0.1 ms]
   [Other: 0.5 ms]
      [Choose CSet: 0.0 ms]
      [Ref Proc: 0.1 ms]
      [Ref Enq: 0.0 ms]
      [Free CSet: 0.1 ms]
   [Eden: 89.0M(89.0M)->0.0B(74.0M) Survivors: 9216.0K->13.0M Heap: 176.1M(256.0M)->110.1M(256.0M)]
 [Times: user=0.03 sys=0.00, real=0.02 secs] 
2014-07-10T11:36:30.908+0200: 21.689: [GC pause (G1 Evacuation Pause) (young) 21.689: [G1Ergonomics (CSet Construction) start choosing CSet, _pending_cards: 512, predicted base time: 1.80 ms, remaining time: 198.20 ms, target pause time: 200.00 ms]
 21.689: [G1Ergonomics (CSet Construction) add young regions to CSet, eden: 74 regions, survivors: 13 regions, predicted young region time: 47.74 ms]
 21.689: [G1Ergonomics (CSet Construction) finish choosing CSet, eden: 74 regions, survivors: 13 regions, old: 0 regions, predicted pause time: 49.53 ms, target pause time: 200.00 ms]
 21.715: [G1Ergonomics (Heap Sizing) attempt heap expansion, reason: recent GC overhead higher than threshold after GC, recent GC overhead: 11.55 %, threshold: 10.00 %, uncommitted: 0 bytes, calculated expansion amount: 0 bytes (20.00 %)]
 21.715: [G1Ergonomics (Concurrent Cycles) request concurrent cycle initiation, reason: occupancy higher than threshold, occupancy: 132120576 bytes, allocation request: 0 bytes, threshold: 120795930 bytes (45.00 %), source: end of GC]
, 0.0257668 secs]
   [Parallel Time: 25.3 ms, GC Workers: 2]
      [GC Worker Start (ms): Min: 21689.2, Avg: 21689.2, Max: 21689.3, Diff: 0.0]
      [Ext Root Scanning (ms): Min: 0.3, Avg: 0.3, Max: 0.3, Diff: 0.0, Sum: 0.6]
      [Update RS (ms): Min: 0.0, Avg: 0.0, Max: 0.0, Diff: 0.0, Sum: 0.1]
         [Processed Buffers: Min: 1, Avg: 1.5, Max: 2, Diff: 1, Sum: 3]
      [Scan RS (ms): Min: 0.1, Avg: 0.1, Max: 0.2, Diff: 0.0, Sum: 0.3]
      [Code Root Scanning (ms): Min: 0.1, Avg: 0.1, Max: 0.1, Diff: 0.0, Sum: 0.1]
      [Object Copy (ms): Min: 24.6, Avg: 24.6, Max: 24.7, Diff: 0.0, Sum: 49.3]
      [Termination (ms): Min: 0.0, Avg: 0.0, Max: 0.0, Diff: 0.0, Sum: 0.0]
      [GC Worker Other (ms): Min: 0.0, Avg: 0.0, Max: 0.0, Diff: 0.0, Sum: 0.1]
      [GC Worker Total (ms): Min: 25.2, Avg: 25.2, Max: 25.2, Diff: 0.0, Sum: 50.5]
      [GC Worker End (ms): Min: 21714.5, Avg: 21714.5, Max: 21714.5, Diff: 0.0]
   [Code Root Fixup: 0.0 ms]
   [Code Root Migration: 0.0 ms]
   [Clear CT: 0.1 ms]
   [Other: 0.4 ms]
      [Choose CSet: 0.0 ms]
      [Ref Proc: 0.1 ms]
      [Ref Enq: 0.0 ms]
      [Free CSet: 0.2 ms]
   [Eden: 74.0M(74.0M)->0.0B(53.0M) Survivors: 13.0M->11.0M Heap: 184.1M(256.0M)->136.5M(256.0M)]
 [Times: user=0.03 sys=0.00, real=0.03 secs] 
 21.779: [G1Ergonomics (Concurrent Cycles) initiate concurrent cycle, reason: concurrent cycle initiation requested]
2014-07-10T11:36:30.998+0200: 21.779: [GC pause (G1 Evacuation Pause) (young) (initial-mark) 21.780: [G1Ergonomics (CSet Construction) start choosing CSet, _pending_cards: 513, predicted base time: 1.56 ms, remaining time: 198.44 ms, target pause time: 200.00 ms]
 21.780: [G1Ergonomics (CSet Construction) add young regions to CSet, eden: 53 regions, survivors: 11 regions, predicted young region time: 36.02 ms]
 21.780: [G1Ergonomics (CSet Construction) finish choosing CSet, eden: 53 regions, survivors: 11 regions, old: 0 regions, predicted pause time: 37.58 ms, target pause time: 200.00 ms]
 21.792: [G1Ergonomics (Heap Sizing) attempt heap expansion, reason: recent GC overhead higher than threshold after GC, recent GC overhead: 13.63 %, threshold: 10.00 %, uncommitted: 0 bytes, calculated expansion amount: 0 bytes (20.00 %)]
, 0.0121529 secs]
   [Parallel Time: 11.6 ms, GC Workers: 2]
      [GC Worker Start (ms): Min: 21779.6, Avg: 21779.6, Max: 21779.6, Diff: 0.0]
      [Ext Root Scanning (ms): Min: 0.3, Avg: 0.3, Max: 0.3, Diff: 0.0, Sum: 0.7]
      [Code Root Marking (ms): Min: 0.0, Avg: 0.0, Max: 0.0, Diff: 0.0, Sum: 0.1]
      [Update RS (ms): Min: 0.0, Avg: 0.0, Max: 0.0, Diff: 0.0, Sum: 0.1]
         [Processed Buffers: Min: 2, Avg: 2.0, Max: 2, Diff: 0, Sum: 4]
      [Scan RS (ms): Min: 0.1, Avg: 0.1, Max: 0.1, Diff: 0.0, Sum: 0.2]
      [Code Root Scanning (ms): Min: 0.0, Avg: 0.0, Max: 0.0, Diff: 0.0, Sum: 0.1]
      [Object Copy (ms): Min: 11.0, Avg: 11.0, Max: 11.0, Diff: 0.0, Sum: 22.1]
      [Termination (ms): Min: 0.0, Avg: 0.0, Max: 0.0, Diff: 0.0, Sum: 0.0]
      [GC Worker Other (ms): Min: 0.0, Avg: 0.0, Max: 0.0, Diff: 0.0, Sum: 0.1]
      [GC Worker Total (ms): Min: 11.6, Avg: 11.6, Max: 11.6, Diff: 0.0, Sum: 23.2]
      [GC Worker End (ms): Min: 21791.2, Avg: 21791.2, Max: 21791.2, Diff: 0.0]
   [Code Root Fixup: 0.0 ms]
   [Code Root Migration: 0.0 ms]
   [Clear CT: 0.1 ms]
   [Other: 0.4 ms]
      [Choose CSet: 0.0 ms]
      [Ref Proc: 0.1 ms]
      [Ref Enq: 0.0 ms]
      [Free CSet: 0.1 ms]
   [Eden: 53.0M(53.0M)->0.0B(51.0M) Survivors: 11.0M->8192.0K Heap: 189.5M(256.0M)->143.8M(256.0M)]
 [Times: user=0.00 sys=0.00, real=0.01 secs] 
2014-07-10T11:36:31.011+0200: 21.792: [GC concurrent-root-region-scan-start]
2014-07-10T11:36:31.011+0200: 21.792: [GC concurrent-root-region-scan-end, 0.0001807 secs]
2014-07-10T11:36:31.011+0200: 21.792: [GC concurrent-mark-start]
2014-07-10T11:36:31.014+0200: 21.795: [GC concurrent-mark-end, 0.0030690 secs]
2014-07-10T11:36:31.014+0200: 21.795: [GC remark 21.796: [GC ref-proc, 0.0000675 secs], 0.0011321 secs]
 [Times: user=0.00 sys=0.00, real=0.00 secs] 
2014-07-10T11:36:31.015+0200: 21.797: [GC cleanup 150M->56M(256M), 0.0006691 secs]
 [Times: user=0.00 sys=0.00, real=0.00 secs] 
2014-07-10T11:36:31.016+0200: 21.797: [GC concurrent-cleanup-start]
2014-07-10T11:36:31.016+0200: 21.798: [GC concurrent-cleanup-end, 0.0002115 secs]
2014-07-10T11:36:31.039+0200: 21.820: [GC pause (G1 Evacuation Pause) (young) 21.820: [G1Ergonomics (CSet Construction) start choosing CSet, _pending_cards: 512, predicted base time: 1.42 ms, remaining time: 198.58 ms, target pause time: 200.00 ms]
 21.820: [G1Ergonomics (CSet Construction) add young regions to CSet, eden: 51 regions, survivors: 8 regions, predicted young region time: 33.49 ms]
 21.820: [G1Ergonomics (CSet Construction) finish choosing CSet, eden: 51 regions, survivors: 8 regions, old: 0 regions, predicted pause time: 34.91 ms, target pause time: 200.00 ms]
 21.823: [G1Ergonomics (Heap Sizing) attempt heap expansion, reason: recent GC overhead higher than threshold after GC, recent GC overhead: 14.72 %, threshold: 10.00 %, uncommitted: 0 bytes, calculated expansion amount: 0 bytes (20.00 %)]
 21.823: [G1Ergonomics (Mixed GCs) start mixed GCs, reason: candidate old regions available, candidate old regions: 32 regions, reclaimable: 32047680 bytes (11.94 %), threshold: 10.00 %]
, 0.0027149 secs]
   [Parallel Time: 2.3 ms, GC Workers: 2]
      [GC Worker Start (ms): Min: 21820.1, Avg: 21820.1, Max: 21820.1, Diff: 0.0]
      [Ext Root Scanning (ms): Min: 0.3, Avg: 0.3, Max: 0.3, Diff: 0.0, Sum: 0.7]
      [Update RS (ms): Min: 0.0, Avg: 0.1, Max: 0.1, Diff: 0.0, Sum: 0.1]
         [Processed Buffers: Min: 1, Avg: 1.5, Max: 2, Diff: 1, Sum: 3]
      [Scan RS (ms): Min: 0.1, Avg: 0.1, Max: 0.1, Diff: 0.0, Sum: 0.2]
      [Code Root Scanning (ms): Min: 0.0, Avg: 0.0, Max: 0.0, Diff: 0.0, Sum: 0.1]
      [Object Copy (ms): Min: 1.7, Avg: 1.7, Max: 1.7, Diff: 0.0, Sum: 3.4]
      [Termination (ms): Min: 0.0, Avg: 0.0, Max: 0.0, Diff: 0.0, Sum: 0.0]
      [GC Worker Other (ms): Min: 0.0, Avg: 0.0, Max: 0.0, Diff: 0.0, Sum: 0.1]
      [GC Worker Total (ms): Min: 2.3, Avg: 2.3, Max: 2.3, Diff: 0.0, Sum: 4.5]
      [GC Worker End (ms): Min: 21822.4, Avg: 21822.4, Max: 21822.4, Diff: 0.0]
   [Code Root Fixup: 0.0 ms]
   [Code Root Migration: 0.0 ms]
   [Clear CT: 0.1 ms]
   [Other: 0.3 ms]
      [Choose CSet: 0.0 ms]
      [Ref Proc: 0.1 ms]
      [Ref Enq: 0.0 ms]
      [Free CSet: 0.1 ms]
   [Eden: 51.0M(51.0M)->0.0B(8192.0K) Survivors: 8192.0K->4096.0K Heap: 100.8M(256.0M)->45.0M(256.0M)]
 [Times: user=0.00 sys=0.00, real=0.00 secs] 
2014-07-10T11:36:31.045+0200: 21.827: [GC pause (G1 Evacuation Pause) (mixed) 21.827: [G1Ergonomics (CSet Construction) start choosing CSet, _pending_cards: 512, predicted base time: 1.28 ms, remaining time: 198.72 ms, target pause time: 200.00 ms]
 21.827: [G1Ergonomics (CSet Construction) add young regions to CSet, eden: 8 regions, survivors: 4 regions, predicted young region time: 5.29 ms]
 21.827: [G1Ergonomics (CSet Construction) finish adding old regions to CSet, reason: reclaimable percentage not over threshold, old: 6 regions, max: 26 regions, reclaimable: 25802008 bytes (9.61 %), threshold: 10.00 %]
 21.827: [G1Ergonomics (CSet Construction) finish choosing CSet, eden: 8 regions, survivors: 4 regions, old: 6 regions, predicted pause time: 12.57 ms, target pause time: 200.00 ms]
 21.834: [G1Ergonomics (Heap Sizing) attempt heap expansion, reason: recent GC overhead higher than threshold after GC, recent GC overhead: 15.93 %, threshold: 10.00 %, uncommitted: 0 bytes, calculated expansion amount: 0 bytes (20.00 %)]
 21.834: [G1Ergonomics (Mixed GCs) do not continue mixed GCs, reason: reclaimable percentage not over threshold, candidate old regions: 26 regions, reclaimable: 25802008 bytes (9.61 %), threshold: 10.00 %]
, 0.0078495 secs]
   [Parallel Time: 7.5 ms, GC Workers: 2]
      [GC Worker Start (ms): Min: 21826.8, Avg: 21826.8, Max: 21826.8, Diff: 0.0]
      [Ext Root Scanning (ms): Min: 0.4, Avg: 0.4, Max: 0.4, Diff: 0.0, Sum: 0.8]
      [Update RS (ms): Min: 0.0, Avg: 0.0, Max: 0.0, Diff: 0.0, Sum: 0.0]
         [Processed Buffers: Min: 1, Avg: 1.5, Max: 2, Diff: 1, Sum: 3]
      [Scan RS (ms): Min: 0.0, Avg: 0.1, Max: 0.1, Diff: 0.0, Sum: 0.1]
      [Code Root Scanning (ms): Min: 0.0, Avg: 0.0, Max: 0.0, Diff: 0.0, Sum: 0.0]
      [Object Copy (ms): Min: 7.0, Avg: 7.0, Max: 7.0, Diff: 0.0, Sum: 13.9]
      [Termination (ms): Min: 0.0, Avg: 0.0, Max: 0.0, Diff: 0.0, Sum: 0.0]
      [GC Worker Other (ms): Min: 0.0, Avg: 0.0, Max: 0.0, Diff: 0.0, Sum: 0.1]
      [GC Worker Total (ms): Min: 7.5, Avg: 7.5, Max: 7.5, Diff: 0.0, Sum: 14.9]
      [GC Worker End (ms): Min: 21834.3, Avg: 21834.3, Max: 21834.3, Diff: 0.0]
   [Code Root Fixup: 0.0 ms]
   [Code Root Migration: 0.0 ms]
   [Clear CT: 0.0 ms]
   [Other: 0.3 ms]
      [Choose CSet: 0.0 ms]
      [Ref Proc: 0.1 ms]
      [Ref Enq: 0.0 ms]
      [Free CSet: 0.1 ms]
   [Eden: 8192.0K(8192.0K)->0.0B(140.0M) Survivors: 4096.0K->2048.0K Heap: 53.0M(256.0M)->47.1M(256.0M)]
 [Times: user=0.00 sys=0.00, real=0.01 secs] 
2014-07-10T11:36:31.198+0200: 21.979: [GC pause (G1 Evacuation Pause) (young) 21.979: [G1Ergonomics (CSet Construction) start choosing CSet, _pending_cards: 525, predicted base time: 1.15 ms, remaining time: 198.85 ms, target pause time: 200.00 ms]
 21.979: [G1Ergonomics (CSet Construction) add young regions to CSet, eden: 140 regions, survivors: 2 regions, predicted young region time: 36.66 ms]
 21.979: [G1Ergonomics (CSet Construction) finish choosing CSet, eden: 140 regions, survivors: 2 regions, old: 0 regions, predicted pause time: 37.81 ms, target pause time: 200.00 ms]
 21.993: [G1Ergonomics (Heap Sizing) attempt heap expansion, reason: recent GC overhead higher than threshold after GC, recent GC overhead: 17.52 %, threshold: 10.00 %, uncommitted: 0 bytes, calculated expansion amount: 0 bytes (20.00 %)]
, 0.0132000 secs]
   [Parallel Time: 12.4 ms, GC Workers: 2]
      [GC Worker Start (ms): Min: 21979.5, Avg: 21979.5, Max: 21979.5, Diff: 0.0]
      [Ext Root Scanning (ms): Min: 0.3, Avg: 0.3, Max: 0.3, Diff: 0.0, Sum: 0.6]
      [Update RS (ms): Min: 0.1, Avg: 0.1, Max: 0.1, Diff: 0.0, Sum: 0.1]
         [Processed Buffers: Min: 1, Avg: 2.0, Max: 3, Diff: 2, Sum: 4]
      [Scan RS (ms): Min: 0.2, Avg: 0.2, Max: 0.2, Diff: 0.0, Sum: 0.4]
      [Code Root Scanning (ms): Min: 0.1, Avg: 0.1, Max: 0.1, Diff: 0.0, Sum: 0.2]
      [Object Copy (ms): Min: 11.6, Avg: 11.6, Max: 11.6, Diff: 0.0, Sum: 23.2]
      [Termination (ms): Min: 0.0, Avg: 0.0, Max: 0.0, Diff: 0.0, Sum: 0.0]
      [GC Worker Other (ms): Min: 0.0, Avg: 0.0, Max: 0.0, Diff: 0.0, Sum: 0.1]
      [GC Worker Total (ms): Min: 12.4, Avg: 12.4, Max: 12.4, Diff: 0.0, Sum: 24.7]
      [GC Worker End (ms): Min: 21991.8, Avg: 21991.8, Max: 21991.8, Diff: 0.0]
   [Code Root Fixup: 0.0 ms]
   [Code Root Migration: 0.0 ms]
   [Clear CT: 0.1 ms]
   [Other: 0.7 ms]
      [Choose CSet: 0.0 ms]
      [Ref Proc: 0.3 ms]
      [Ref Enq: 0.0 ms]
      [Free CSet: 0.2 ms]
   [Eden: 140.0M(140.0M)->0.0B(128.0M) Survivors: 2048.0K->18.0M Heap: 187.1M(256.0M)->64.2M(256.0M)]
 [Times: user=0.03 sys=0.00, real=0.01 secs] 
2014-07-10T11:36:31.297+0200: 22.078: [GC pause (G1 Evacuation Pause) (young) 22.078: [G1Ergonomics (CSet Construction) start choosing CSet, _pending_cards: 256, predicted base time: 1.15 ms, remaining time: 198.85 ms, target pause time: 200.00 ms]
 22.078: [G1Ergonomics (CSet Construction) add young regions to CSet, eden: 128 regions, survivors: 18 regions, predicted young region time: 83.83 ms]
 22.078: [G1Ergonomics (CSet Construction) finish choosing CSet, eden: 128 regions, survivors: 18 regions, old: 0 regions, predicted pause time: 84.97 ms, target pause time: 200.00 ms]
 22.088: [G1Ergonomics (Heap Sizing) attempt heap expansion, reason: recent GC overhead higher than threshold after GC, recent GC overhead: 17.33 %, threshold: 10.00 %, uncommitted: 0 bytes, calculated expansion amount: 0 bytes (20.00 %)]
, 0.0103011 secs]
   [Parallel Time: 9.7 ms, GC Workers: 2]
      [GC Worker Start (ms): Min: 22078.3, Avg: 22078.3, Max: 22078.3, Diff: 0.0]
      [Ext Root Scanning (ms): Min: 0.3, Avg: 0.3, Max: 0.3, Diff: 0.0, Sum: 0.6]
      [Update RS (ms): Min: 0.0, Avg: 0.0, Max: 0.0, Diff: 0.0, Sum: 0.0]
         [Processed Buffers: Min: 1, Avg: 1.0, Max: 1, Diff: 0, Sum: 2]
      [Scan RS (ms): Min: 0.2, Avg: 0.2, Max: 0.2, Diff: 0.0, Sum: 0.4]
      [Code Root Scanning (ms): Min: 0.1, Avg: 0.1, Max: 0.1, Diff: 0.0, Sum: 0.2]
      [Object Copy (ms): Min: 9.0, Avg: 9.0, Max: 9.0, Diff: 0.0, Sum: 18.1]
      [Termination (ms): Min: 0.0, Avg: 0.0, Max: 0.0, Diff: 0.0, Sum: 0.0]
      [GC Worker Other (ms): Min: 0.0, Avg: 0.0, Max: 0.0, Diff: 0.0, Sum: 0.1]
      [GC Worker Total (ms): Min: 9.7, Avg: 9.7, Max: 9.7, Diff: 0.0, Sum: 19.4]
      [GC Worker End (ms): Min: 22087.9, Avg: 22087.9, Max: 22088.0, Diff: 0.0]
   [Code Root Fixup: 0.0 ms]
   [Code Root Migration: 0.0 ms]
   [Clear CT: 0.1 ms]
   [Other: 0.4 ms]
      [Choose CSet: 0.0 ms]
      [Ref Proc: 0.0 ms]
      [Ref Enq: 0.0 ms]
      [Free CSet: 0.2 ms]
   [Eden: 128.0M(128.0M)->0.0B(135.0M) Survivors: 18.0M->15.0M Heap: 192.2M(256.0M)->61.1M(256.0M)]
 [Times: user=0.00 sys=0.00, real=0.01 secs] 
2014-07-10T11:36:31.429+0200: 22.211: [GC pause (G1 Evacuation Pause) (young) 22.211: [G1Ergonomics (CSet Construction) start choosing CSet, _pending_cards: 256, predicted base time: 1.07 ms, remaining time: 198.93 ms, target pause time: 200.00 ms]
 22.211: [G1Ergonomics (CSet Construction) add young regions to CSet, eden: 135 regions, survivors: 15 regions, predicted young region time: 86.37 ms]
 22.211: [G1Ergonomics (CSet Construction) finish choosing CSet, eden: 135 regions, survivors: 15 regions, old: 0 regions, predicted pause time: 87.44 ms, target pause time: 200.00 ms]
 22.223: [G1Ergonomics (Heap Sizing) attempt heap expansion, reason: recent GC overhead higher than threshold after GC, recent GC overhead: 20.00 %, threshold: 10.00 %, uncommitted: 0 bytes, calculated expansion amount: 0 bytes (20.00 %)]
, 0.0126603 secs]
   [Parallel Time: 12.0 ms, GC Workers: 2]
      [GC Worker Start (ms): Min: 22210.6, Avg: 22210.6, Max: 22210.6, Diff: 0.0]
      [Ext Root Scanning (ms): Min: 0.4, Avg: 0.4, Max: 0.4, Diff: 0.0, Sum: 0.7]
      [Update RS (ms): Min: 0.0, Avg: 0.0, Max: 0.0, Diff: 0.0, Sum: 0.1]
         [Processed Buffers: Min: 1, Avg: 1.0, Max: 1, Diff: 0, Sum: 2]
      [Scan RS (ms): Min: 0.2, Avg: 0.2, Max: 0.2, Diff: 0.0, Sum: 0.5]
      [Code Root Scanning (ms): Min: 0.1, Avg: 0.1, Max: 0.1, Diff: 0.0, Sum: 0.2]
      [Object Copy (ms): Min: 11.2, Avg: 11.2, Max: 11.2, Diff: 0.0, Sum: 22.4]
      [Termination (ms): Min: 0.0, Avg: 0.0, Max: 0.0, Diff: 0.0, Sum: 0.0]
      [GC Worker Other (ms): Min: 0.0, Avg: 0.0, Max: 0.0, Diff: 0.0, Sum: 0.1]
      [GC Worker Total (ms): Min: 12.0, Avg: 12.0, Max: 12.0, Diff: 0.0, Sum: 24.0]
      [GC Worker End (ms): Min: 22222.6, Avg: 22222.6, Max: 22222.6, Diff: 0.0]
   [Code Root Fixup: 0.0 ms]
   [Code Root Migration: 0.1 ms]
   [Clear CT: 0.1 ms]
   [Other: 0.5 ms]
      [Choose CSet: 0.0 ms]
      [Ref Proc: 0.1 ms]
      [Ref Enq: 0.0 ms]
      [Free CSet: 0.2 ms]
   [Eden: 135.0M(135.0M)->0.0B(135.0M) Survivors: 15.0M->18.0M Heap: 196.1M(256.0M)->64.0M(256.0M)]
 [Times: user=0.03 sys=0.00, real=0.01 secs] 
2014-07-10T11:36:31.594+0200: 22.376: [GC pause (G1 Evacuation Pause) (young) 22.376: [G1Ergonomics (CSet Construction) start choosing CSet, _pending_cards: 259, predicted base time: 1.05 ms, remaining time: 198.95 ms, target pause time: 200.00 ms]
 22.376: [G1Ergonomics (CSet Construction) add young regions to CSet, eden: 135 regions, survivors: 18 regions, predicted young region time: 62.08 ms]
 22.376: [G1Ergonomics (CSet Construction) finish choosing CSet, eden: 135 regions, survivors: 18 regions, old: 0 regions, predicted pause time: 63.13 ms, target pause time: 200.00 ms]
 22.387: [G1Ergonomics (Heap Sizing) attempt heap expansion, reason: recent GC overhead higher than threshold after GC, recent GC overhead: 16.62 %, threshold: 10.00 %, uncommitted: 0 bytes, calculated expansion amount: 0 bytes (20.00 %)]
, 0.0110857 secs]
   [Parallel Time: 9.5 ms, GC Workers: 2]
      [GC Worker Start (ms): Min: 22376.0, Avg: 22376.0, Max: 22376.0, Diff: 0.0]
      [Ext Root Scanning (ms): Min: 0.6, Avg: 0.6, Max: 0.6, Diff: 0.0, Sum: 1.2]
      [Update RS (ms): Min: 0.1, Avg: 0.1, Max: 0.1, Diff: 0.0, Sum: 0.2]
         [Processed Buffers: Min: 1, Avg: 1.5, Max: 2, Diff: 1, Sum: 3]
      [Scan RS (ms): Min: 0.4, Avg: 0.5, Max: 0.5, Diff: 0.1, Sum: 1.0]
      [Code Root Scanning (ms): Min: 0.1, Avg: 0.2, Max: 0.2, Diff: 0.1, Sum: 0.4]
      [Object Copy (ms): Min: 8.0, Avg: 8.0, Max: 8.0, Diff: 0.0, Sum: 16.0]
      [Termination (ms): Min: 0.0, Avg: 0.0, Max: 0.0, Diff: 0.0, Sum: 0.0]
      [GC Worker Other (ms): Min: 0.0, Avg: 0.0, Max: 0.1, Diff: 0.0, Sum: 0.1]
      [GC Worker Total (ms): Min: 9.4, Avg: 9.4, Max: 9.4, Diff: 0.0, Sum: 18.8]
      [GC Worker End (ms): Min: 22385.4, Avg: 22385.4, Max: 22385.4, Diff: 0.0]
   [Code Root Fixup: 0.0 ms]
   [Code Root Migration: 0.1 ms]
   [Clear CT: 0.4 ms]
   [Other: 1.1 ms]
      [Choose CSet: 0.1 ms]
      [Ref Proc: 0.2 ms]
      [Ref Enq: 0.0 ms]
      [Free CSet: 0.5 ms]
   [Eden: 135.0M(135.0M)->0.0B(145.0M) Survivors: 18.0M->8192.0K Heap: 199.0M(256.0M)->53.8M(256.0M)]
 [Times: user=0.02 sys=0.00, real=0.01 secs] 
2014-07-10T11:36:31.699+0200: 22.480: [GC pause (G1 Evacuation Pause) (young) 22.480: [G1Ergonomics (CSet Construction) start choosing CSet, _pending_cards: 512, predicted base time: 1.48 ms, remaining time: 198.52 ms, target pause time: 200.00 ms]
 22.480: [G1Ergonomics (CSet Construction) add young regions to CSet, eden: 145 regions, survivors: 8 regions, predicted young region time: 120.42 ms]
 22.480: [G1Ergonomics (CSet Construction) finish choosing CSet, eden: 145 regions, survivors: 8 regions, old: 0 regions, predicted pause time: 121.90 ms, target pause time: 200.00 ms]
 22.495: [G1Ergonomics (Heap Sizing) attempt heap expansion, reason: recent GC overhead higher than threshold after GC, recent GC overhead: 14.05 %, threshold: 10.00 %, uncommitted: 0 bytes, calculated expansion amount: 0 bytes (20.00 %)]
, 0.0142361 secs]
   [Parallel Time: 13.5 ms, GC Workers: 2]
      [GC Worker Start (ms): Min: 22480.5, Avg: 22480.5, Max: 22480.5, Diff: 0.0]
      [Ext Root Scanning (ms): Min: 0.3, Avg: 0.3, Max: 0.3, Diff: 0.0, Sum: 0.7]
      [Update RS (ms): Min: 0.0, Avg: 0.1, Max: 0.1, Diff: 0.1, Sum: 0.1]
         [Processed Buffers: Min: 1, Avg: 1.5, Max: 2, Diff: 1, Sum: 3]
      [Scan RS (ms): Min: 0.2, Avg: 0.2, Max: 0.2, Diff: 0.0, Sum: 0.5]
      [Code Root Scanning (ms): Min: 0.1, Avg: 0.1, Max: 0.1, Diff: 0.0, Sum: 0.2]
      [Object Copy (ms): Min: 12.7, Avg: 12.7, Max: 12.7, Diff: 0.0, Sum: 25.4]
      [Termination (ms): Min: 0.0, Avg: 0.0, Max: 0.0, Diff: 0.0, Sum: 0.0]
      [GC Worker Other (ms): Min: 0.0, Avg: 0.0, Max: 0.0, Diff: 0.0, Sum: 0.1]
      [GC Worker Total (ms): Min: 13.4, Avg: 13.4, Max: 13.5, Diff: 0.0, Sum: 26.9]
      [GC Worker End (ms): Min: 22493.9, Avg: 22493.9, Max: 22493.9, Diff: 0.0]
   [Code Root Fixup: 0.0 ms]
   [Code Root Migration: 0.0 ms]
   [Clear CT: 0.1 ms]
   [Other: 0.6 ms]
      [Choose CSet: 0.0 ms]
      [Ref Proc: 0.2 ms]
      [Ref Enq: 0.0 ms]
      [Free CSet: 0.2 ms]
   [Eden: 145.0M(145.0M)->0.0B(133.0M) Survivors: 8192.0K->20.0M Heap: 198.8M(256.0M)->66.7M(256.0M)]
 [Times: user=0.03 sys=0.00, real=0.01 secs] 
2014-07-10T11:36:31.853+0200: 22.634: [GC pause (G1 Evacuation Pause) (young) 22.634: [G1Ergonomics (CSet Construction) start choosing CSet, _pending_cards: 512, predicted base time: 1.38 ms, remaining time: 198.62 ms, target pause time: 200.00 ms]
 22.634: [G1Ergonomics (CSet Construction) add young regions to CSet, eden: 133 regions, survivors: 20 regions, predicted young region time: 84.85 ms]
 22.634: [G1Ergonomics (CSet Construction) finish choosing CSet, eden: 133 regions, survivors: 20 regions, old: 0 regions, predicted pause time: 86.23 ms, target pause time: 200.00 ms]
 22.649: [G1Ergonomics (Heap Sizing) attempt heap expansion, reason: recent GC overhead higher than threshold after GC, recent GC overhead: 14.19 %, threshold: 10.00 %, uncommitted: 0 bytes, calculated expansion amount: 0 bytes (20.00 %)]
, 0.0150064 secs]
   [Parallel Time: 14.3 ms, GC Workers: 2]
      [GC Worker Start (ms): Min: 22634.1, Avg: 22634.1, Max: 22634.1, Diff: 0.0]
      [Ext Root Scanning (ms): Min: 0.4, Avg: 0.4, Max: 0.4, Diff: 0.0, Sum: 0.7]
      [Update RS (ms): Min: 0.0, Avg: 0.0, Max: 0.1, Diff: 0.0, Sum: 0.1]
         [Processed Buffers: Min: 1, Avg: 1.5, Max: 2, Diff: 1, Sum: 3]
      [Scan RS (ms): Min: 0.3, Avg: 0.3, Max: 0.3, Diff: 0.0, Sum: 0.5]
      [Code Root Scanning (ms): Min: 0.1, Avg: 0.1, Max: 0.1, Diff: 0.0, Sum: 0.2]
      [Object Copy (ms): Min: 13.4, Avg: 13.4, Max: 13.4, Diff: 0.0, Sum: 26.8]
      [Termination (ms): Min: 0.0, Avg: 0.0, Max: 0.0, Diff: 0.0, Sum: 0.0]
      [GC Worker Other (ms): Min: 0.0, Avg: 0.0, Max: 0.0, Diff: 0.0, Sum: 0.1]
      [GC Worker Total (ms): Min: 14.2, Avg: 14.2, Max: 14.2, Diff: 0.0, Sum: 28.4]
      [GC Worker End (ms): Min: 22648.4, Avg: 22648.4, Max: 22648.4, Diff: 0.0]
   [Code Root Fixup: 0.0 ms]
   [Code Root Migration: 0.0 ms]
   [Clear CT: 0.1 ms]
   [Other: 0.5 ms]
      [Choose CSet: 0.0 ms]
      [Ref Proc: 0.1 ms]
      [Ref Enq: 0.0 ms]
      [Free CSet: 0.3 ms]
   [Eden: 133.0M(133.0M)->0.0B(133.0M) Survivors: 20.0M->20.0M Heap: 199.7M(256.0M)->68.1M(256.0M)]
 [Times: user=0.03 sys=0.00, real=0.02 secs] 
2014-07-10T11:36:31.997+0200: 22.778: [GC pause (G1 Evacuation Pause) (young) 22.779: [G1Ergonomics (CSet Construction) start choosing CSet, _pending_cards: 513, predicted base time: 1.30 ms, remaining time: 198.70 ms, target pause time: 200.00 ms]
 22.779: [G1Ergonomics (CSet Construction) add young regions to CSet, eden: 133 regions, survivors: 20 regions, predicted young region time: 100.56 ms]
 22.779: [G1Ergonomics (CSet Construction) finish choosing CSet, eden: 133 regions, survivors: 20 regions, old: 0 regions, predicted pause time: 101.87 ms, target pause time: 200.00 ms]
 22.791: [G1Ergonomics (Heap Sizing) attempt heap expansion, reason: recent GC overhead higher than threshold after GC, recent GC overhead: 12.38 %, threshold: 10.00 %, uncommitted: 0 bytes, calculated expansion amount: 0 bytes (20.00 %)]
, 0.0129214 secs]
   [Parallel Time: 11.5 ms, GC Workers: 2]
      [GC Worker Start (ms): Min: 22778.7, Avg: 22778.7, Max: 22778.7, Diff: 0.0]
      [Ext Root Scanning (ms): Min: 0.7, Avg: 0.7, Max: 0.7, Diff: 0.0, Sum: 1.4]
      [Update RS (ms): Min: 0.1, Avg: 0.1, Max: 0.1, Diff: 0.0, Sum: 0.2]
         [Processed Buffers: Min: 2, Avg: 2.0, Max: 2, Diff: 0, Sum: 4]
      [Scan RS (ms): Min: 0.4, Avg: 0.4, Max: 0.4, Diff: 0.0, Sum: 0.9]
      [Code Root Scanning (ms): Min: 0.1, Avg: 0.2, Max: 0.2, Diff: 0.0, Sum: 0.3]
      [Object Copy (ms): Min: 10.0, Avg: 10.0, Max: 10.0, Diff: 0.0, Sum: 20.0]
      [Termination (ms): Min: 0.0, Avg: 0.0, Max: 0.0, Diff: 0.0, Sum: 0.0]
      [GC Worker Other (ms): Min: 0.1, Avg: 0.1, Max: 0.1, Diff: 0.0, Sum: 0.1]
      [GC Worker Total (ms): Min: 11.5, Avg: 11.5, Max: 11.5, Diff: 0.0, Sum: 22.9]
      [GC Worker End (ms): Min: 22790.2, Avg: 22790.2, Max: 22790.2, Diff: 0.0]
   [Code Root Fixup: 0.0 ms]
   [Code Root Migration: 0.1 ms]
   [Clear CT: 0.2 ms]
   [Other: 1.1 ms]
      [Choose CSet: 0.1 ms]
      [Ref Proc: 0.2 ms]
      [Ref Enq: 0.0 ms]
      [Free CSet: 0.5 ms]
   [Eden: 133.0M(133.0M)->0.0B(142.0M) Survivors: 20.0M->11.0M Heap: 201.1M(256.0M)->58.1M(256.0M)]
 [Times: user=0.00 sys=0.00, real=0.01 secs] 
2014-07-10T11:36:32.099+0200: 22.880: [GC pause (G1 Evacuation Pause) (young) 22.880: [G1Ergonomics (CSet Construction) start choosing CSet, _pending_cards: 512, predicted base time: 1.52 ms, remaining time: 198.48 ms, target pause time: 200.00 ms]
 22.880: [G1Ergonomics (CSet Construction) add young regions to CSet, eden: 142 regions, survivors: 11 regions, predicted young region time: 35.64 ms]
 22.880: [G1Ergonomics (CSet Construction) finish choosing CSet, eden: 142 regions, survivors: 11 regions, old: 0 regions, predicted pause time: 37.16 ms, target pause time: 200.00 ms]
 22.894: [G1Ergonomics (Heap Sizing) attempt heap expansion, reason: recent GC overhead higher than threshold after GC, recent GC overhead: 10.35 %, threshold: 10.00 %, uncommitted: 0 bytes, calculated expansion amount: 0 bytes (20.00 %)]
, 0.0137466 secs]
   [Parallel Time: 13.1 ms, GC Workers: 2]
      [GC Worker Start (ms): Min: 22880.3, Avg: 22880.3, Max: 22880.4, Diff: 0.0]
      [Ext Root Scanning (ms): Min: 0.3, Avg: 0.3, Max: 0.3, Diff: 0.0, Sum: 0.6]
      [Update RS (ms): Min: 0.0, Avg: 0.1, Max: 0.1, Diff: 0.0, Sum: 0.1]
         [Processed Buffers: Min: 1, Avg: 1.5, Max: 2, Diff: 1, Sum: 3]
      [Scan RS (ms): Min: 0.3, Avg: 0.3, Max: 0.3, Diff: 0.0, Sum: 0.6]
      [Code Root Scanning (ms): Min: 0.1, Avg: 0.1, Max: 0.1, Diff: 0.0, Sum: 0.2]
      [Object Copy (ms): Min: 12.3, Avg: 12.3, Max: 12.3, Diff: 0.0, Sum: 24.5]
      [Termination (ms): Min: 0.0, Avg: 0.0, Max: 0.0, Diff: 0.0, Sum: 0.0]
      [GC Worker Other (ms): Min: 0.0, Avg: 0.1, Max: 0.1, Diff: 0.1, Sum: 0.1]
      [GC Worker Total (ms): Min: 13.0, Avg: 13.1, Max: 13.1, Diff: 0.1, Sum: 26.1]
      [GC Worker End (ms): Min: 22893.4, Avg: 22893.4, Max: 22893.4, Diff: 0.1]
   [Code Root Fixup: 0.0 ms]
   [Code Root Migration: 0.0 ms]
   [Clear CT: 0.1 ms]
   [Other: 0.5 ms]
      [Choose CSet: 0.0 ms]
      [Ref Proc: 0.1 ms]
      [Ref Enq: 0.0 ms]
      [Free CSet: 0.2 ms]
   [Eden: 142.0M(142.0M)->0.0B(133.0M) Survivors: 11.0M->20.0M Heap: 200.1M(256.0M)->68.0M(256.0M)]
 [Times: user=0.03 sys=0.00, real=0.01 secs] 
2014-07-10T11:36:32.231+0200: 23.013: [GC pause (G1 Evacuation Pause) (young) 23.013: [G1Ergonomics (CSet Construction) start choosing CSet, _pending_cards: 512, predicted base time: 1.38 ms, remaining time: 198.62 ms, target pause time: 200.00 ms]
 23.013: [G1Ergonomics (CSet Construction) add young regions to CSet, eden: 133 regions, survivors: 20 regions, predicted young region time: 106.69 ms]
 23.013: [G1Ergonomics (CSet Construction) finish choosing CSet, eden: 133 regions, survivors: 20 regions, old: 0 regions, predicted pause time: 108.07 ms, target pause time: 200.00 ms]
 23.027: [G1Ergonomics (Heap Sizing) attempt heap expansion, reason: recent GC overhead higher than threshold after GC, recent GC overhead: 10.25 %, threshold: 10.00 %, uncommitted: 0 bytes, calculated expansion amount: 0 bytes (20.00 %)]
, 0.0141217 secs]
   [Parallel Time: 13.5 ms, GC Workers: 2]
      [GC Worker Start (ms): Min: 23012.8, Avg: 23012.8, Max: 23012.8, Diff: 0.0]
      [Ext Root Scanning (ms): Min: 0.3, Avg: 0.3, Max: 0.3, Diff: 0.0, Sum: 0.6]
      [Update RS (ms): Min: 0.0, Avg: 0.0, Max: 0.0, Diff: 0.0, Sum: 0.1]
         [Processed Buffers: Min: 1, Avg: 1.5, Max: 2, Diff: 1, Sum: 3]
      [Scan RS (ms): Min: 0.2, Avg: 0.2, Max: 0.2, Diff: 0.0, Sum: 0.5]
      [Code Root Scanning (ms): Min: 0.1, Avg: 0.1, Max: 0.1, Diff: 0.0, Sum: 0.2]
      [Object Copy (ms): Min: 12.7, Avg: 12.8, Max: 12.8, Diff: 0.0, Sum: 25.5]
      [Termination (ms): Min: 0.0, Avg: 0.0, Max: 0.0, Diff: 0.0, Sum: 0.0]
      [GC Worker Other (ms): Min: 0.0, Avg: 0.0, Max: 0.0, Diff: 0.0, Sum: 0.1]
      [GC Worker Total (ms): Min: 13.5, Avg: 13.5, Max: 13.5, Diff: 0.0, Sum: 27.0]
      [GC Worker End (ms): Min: 23026.3, Avg: 23026.3, Max: 23026.3, Diff: 0.0]
   [Code Root Fixup: 0.0 ms]
   [Code Root Migration: 0.0 ms]
   [Clear CT: 0.1 ms]
   [Other: 0.4 ms]
      [Choose CSet: 0.0 ms]
      [Ref Proc: 0.1 ms]
      [Ref Enq: 0.0 ms]
      [Free CSet: 0.2 ms]
   [Eden: 133.0M(133.0M)->0.0B(133.0M) Survivors: 20.0M->20.0M Heap: 201.0M(256.0M)->68.9M(256.0M)]
 [Times: user=0.01 sys=0.00, real=0.02 secs] 
2014-07-10T11:36:32.407+0200: 23.188: [GC pause (G1 Evacuation Pause) (young) 23.188: [G1Ergonomics (CSet Construction) start choosing CSet, _pending_cards: 512, predicted base time: 1.25 ms, remaining time: 198.75 ms, target pause time: 200.00 ms]
 23.188: [G1Ergonomics (CSet Construction) add young regions to CSet, eden: 133 regions, survivors: 20 regions, predicted young region time: 33.34 ms]
 23.188: [G1Ergonomics (CSet Construction) finish choosing CSet, eden: 133 regions, survivors: 20 regions, old: 0 regions, predicted pause time: 34.59 ms, target pause time: 200.00 ms]
 23.204: [G1Ergonomics (Heap Sizing) attempt heap expansion, reason: recent GC overhead higher than threshold after GC, recent GC overhead: 10.34 %, threshold: 10.00 %, uncommitted: 0 bytes, calculated expansion amount: 0 bytes (20.00 %)]
, 0.0161279 secs]
   [Parallel Time: 15.0 ms, GC Workers: 2]
      [GC Worker Start (ms): Min: 23188.3, Avg: 23188.3, Max: 23188.3, Diff: 0.0]
      [Ext Root Scanning (ms): Min: 0.3, Avg: 0.4, Max: 0.4, Diff: 0.0, Sum: 0.7]
      [Update RS (ms): Min: 0.0, Avg: 0.0, Max: 0.1, Diff: 0.0, Sum: 0.1]
         [Processed Buffers: Min: 1, Avg: 1.5, Max: 2, Diff: 1, Sum: 3]
      [Scan RS (ms): Min: 0.3, Avg: 0.3, Max: 0.3, Diff: 0.0, Sum: 0.6]
      [Code Root Scanning (ms): Min: 0.1, Avg: 0.1, Max: 0.1, Diff: 0.0, Sum: 0.2]
      [Object Copy (ms): Min: 14.0, Avg: 14.0, Max: 14.1, Diff: 0.0, Sum: 28.1]
      [Termination (ms): Min: 0.0, Avg: 0.0, Max: 0.0, Diff: 0.0, Sum: 0.1]
      [GC Worker Other (ms): Min: 0.0, Avg: 0.0, Max: 0.0, Diff: 0.0, Sum: 0.1]
      [GC Worker Total (ms): Min: 14.9, Avg: 14.9, Max: 14.9, Diff: 0.0, Sum: 29.8]
      [GC Worker End (ms): Min: 23203.2, Avg: 23203.2, Max: 23203.2, Diff: 0.0]
   [Code Root Fixup: 0.0 ms]
   [Code Root Migration: 0.1 ms]
   [Clear CT: 0.1 ms]
   [Other: 1.0 ms]
      [Choose CSet: 0.0 ms]
      [Ref Proc: 0.4 ms]
      [Ref Enq: 0.0 ms]
      [Free CSet: 0.3 ms]
   [Eden: 133.0M(133.0M)->0.0B(133.0M) Survivors: 20.0M->20.0M Heap: 201.9M(256.0M)->70.6M(256.0M)]
 [Times: user=0.03 sys=0.00, real=0.02 secs] 
2014-07-10T11:36:32.495+0200: 23.276: [GC pause (G1 Evacuation Pause) (young) 23.276: [G1Ergonomics (CSet Construction) start choosing CSet, _pending_cards: 258, predicted base time: 1.29 ms, remaining time: 198.71 ms, target pause time: 200.00 ms]
 23.276: [G1Ergonomics (CSet Construction) add young regions to CSet, eden: 133 regions, survivors: 20 regions, predicted young region time: 97.10 ms]
 23.276: [G1Ergonomics (CSet Construction) finish choosing CSet, eden: 133 regions, survivors: 20 regions, old: 0 regions, predicted pause time: 98.38 ms, target pause time: 200.00 ms]
, 0.0081098 secs]
   [Parallel Time: 7.5 ms, GC Workers: 2]
      [GC Worker Start (ms): Min: 23276.4, Avg: 23276.4, Max: 23276.4, Diff: 0.0]
      [Ext Root Scanning (ms): Min: 0.3, Avg: 0.3, Max: 0.3, Diff: 0.0, Sum: 0.6]
      [Update RS (ms): Min: 0.0, Avg: 0.0, Max: 0.0, Diff: 0.0, Sum: 0.1]
         [Processed Buffers: Min: 1, Avg: 1.5, Max: 2, Diff: 1, Sum: 3]
      [Scan RS (ms): Min: 0.5, Avg: 0.5, Max: 0.6, Diff: 0.1, Sum: 1.1]
      [Code Root Scanning (ms): Min: 0.0, Avg: 0.1, Max: 0.2, Diff: 0.1, Sum: 0.2]
      [Object Copy (ms): Min: 6.4, Avg: 6.4, Max: 6.4, Diff: 0.0, Sum: 12.8]
      [Termination (ms): Min: 0.0, Avg: 0.0, Max: 0.0, Diff: 0.0, Sum: 0.0]
      [GC Worker Other (ms): Min: 0.0, Avg: 0.0, Max: 0.0, Diff: 0.0, Sum: 0.1]
      [GC Worker Total (ms): Min: 7.4, Avg: 7.4, Max: 7.4, Diff: 0.0, Sum: 14.9]
      [GC Worker End (ms): Min: 23283.8, Avg: 23283.8, Max: 23283.8, Diff: 0.0]
   [Code Root Fixup: 0.0 ms]
   [Code Root Migration: 0.0 ms]
   [Clear CT: 0.1 ms]
   [Other: 0.5 ms]
      [Choose CSet: 0.0 ms]
      [Ref Proc: 0.1 ms]
      [Ref Enq: 0.0 ms]
      [Free CSet: 0.2 ms]
   [Eden: 133.0M(133.0M)->0.0B(142.0M) Survivors: 20.0M->11.0M Heap: 203.6M(256.0M)->61.0M(256.0M)]
 [Times: user=0.02 sys=0.01, real=0.01 secs] 
2014-07-10T11:36:32.644+0200: 23.426: [GC pause (G1 Evacuation Pause) (young) 23.426: [G1Ergonomics (CSet Construction) start choosing CSet, _pending_cards: 512, predicted base time: 1.23 ms, remaining time: 198.77 ms, target pause time: 200.00 ms]
 23.426: [G1Ergonomics (CSet Construction) add young regions to CSet, eden: 142 regions, survivors: 11 regions, predicted young region time: 99.02 ms]
 23.426: [G1Ergonomics (CSet Construction) finish choosing CSet, eden: 142 regions, survivors: 11 regions, old: 0 regions, predicted pause time: 100.25 ms, target pause time: 200.00 ms]
, 0.0142925 secs]
   [Parallel Time: 13.7 ms, GC Workers: 2]
      [GC Worker Start (ms): Min: 23425.6, Avg: 23425.6, Max: 23425.7, Diff: 0.0]
      [Ext Root Scanning (ms): Min: 0.4, Avg: 0.4, Max: 0.4, Diff: 0.0, Sum: 0.8]
      [Update RS (ms): Min: 0.0, Avg: 0.1, Max: 0.1, Diff: 0.0, Sum: 0.1]
         [Processed Buffers: Min: 1, Avg: 1.5, Max: 2, Diff: 1, Sum: 3]
      [Scan RS (ms): Min: 0.3, Avg: 0.3, Max: 0.3, Diff: 0.0, Sum: 0.6]
      [Code Root Scanning (ms): Min: 0.1, Avg: 0.1, Max: 0.1, Diff: 0.0, Sum: 0.2]
      [Object Copy (ms): Min: 12.7, Avg: 12.7, Max: 12.7, Diff: 0.0, Sum: 25.5]
      [Termination (ms): Min: 0.0, Avg: 0.0, Max: 0.0, Diff: 0.0, Sum: 0.0]
      [GC Worker Other (ms): Min: 0.0, Avg: 0.0, Max: 0.0, Diff: 0.0, Sum: 0.1]
      [GC Worker Total (ms): Min: 13.6, Avg: 13.6, Max: 13.6, Diff: 0.0, Sum: 27.2]
      [GC Worker End (ms): Min: 23439.3, Avg: 23439.3, Max: 23439.3, Diff: 0.0]
   [Code Root Fixup: 0.0 ms]
   [Code Root Migration: 0.0 ms]
   [Clear CT: 0.1 ms]
   [Other: 0.5 ms]
      [Choose CSet: 0.0 ms]
      [Ref Proc: 0.0 ms]
      [Ref Enq: 0.0 ms]
      [Free CSet: 0.2 ms]
   [Eden: 142.0M(142.0M)->0.0B(133.0M) Survivors: 11.0M->20.0M Heap: 203.0M(256.0M)->70.9M(256.0M)]
 [Times: user=0.03 sys=0.00, real=0.01 secs] 
2014-07-10T11:36:32.806+0200: 23.588: [GC pause (G1 Evacuation Pause) (young) 23.588: [G1Ergonomics (CSet Construction) start choosing CSet, _pending_cards: 512, predicted base time: 1.17 ms, remaining time: 198.83 ms, target pause time: 200.00 ms]
 23.588: [G1Ergonomics (CSet Construction) add young regions to CSet, eden: 133 regions, survivors: 20 regions, predicted young region time: 72.96 ms]
 23.588: [G1Ergonomics (CSet Construction) finish choosing CSet, eden: 133 regions, survivors: 20 regions, old: 0 regions, predicted pause time: 74.13 ms, target pause time: 200.00 ms]
, 0.0222923 secs]
   [Parallel Time: 21.4 ms, GC Workers: 2]
      [GC Worker Start (ms): Min: 23588.1, Avg: 23588.1, Max: 23588.1, Diff: 0.0]
      [Ext Root Scanning (ms): Min: 0.6, Avg: 0.6, Max: 0.6, Diff: 0.0, Sum: 1.2]
      [Update RS (ms): Min: 0.1, Avg: 0.1, Max: 0.1, Diff: 0.0, Sum: 0.2]
         [Processed Buffers: Min: 1, Avg: 1.5, Max: 2, Diff: 1, Sum: 3]
      [Scan RS (ms): Min: 0.5, Avg: 0.5, Max: 0.5, Diff: 0.0, Sum: 1.0]
      [Code Root Scanning (ms): Min: 0.1, Avg: 0.2, Max: 0.2, Diff: 0.0, Sum: 0.3]
      [Object Copy (ms): Min: 19.9, Avg: 19.9, Max: 19.9, Diff: 0.0, Sum: 39.8]
      [Termination (ms): Min: 0.0, Avg: 0.0, Max: 0.0, Diff: 0.0, Sum: 0.0]
      [GC Worker Other (ms): Min: 0.0, Avg: 0.1, Max: 0.1, Diff: 0.0, Sum: 0.1]
      [GC Worker Total (ms): Min: 21.3, Avg: 21.3, Max: 21.3, Diff: 0.0, Sum: 42.5]
      [GC Worker End (ms): Min: 23609.3, Avg: 23609.3, Max: 23609.3, Diff: 0.0]
   [Code Root Fixup: 0.0 ms]
   [Code Root Migration: 0.0 ms]
   [Clear CT: 0.2 ms]
   [Other: 0.7 ms]
      [Choose CSet: 0.1 ms]
      [Ref Proc: 0.1 ms]
      [Ref Enq: 0.0 ms]
      [Free CSet: 0.3 ms]
   [Eden: 133.0M(133.0M)->0.0B(133.0M) Survivors: 20.0M->20.0M Heap: 203.9M(256.0M)->72.1M(256.0M)]
 [Times: user=0.05 sys=0.02, real=0.02 secs] 
2014-07-10T11:36:32.901+0200: 23.682: [GC pause (G1 Evacuation Pause) (young) 23.682: [G1Ergonomics (CSet Construction) start choosing CSet, _pending_cards: 256, predicted base time: 1.28 ms, remaining time: 198.72 ms, target pause time: 200.00 ms]
 23.682: [G1Ergonomics (CSet Construction) add young regions to CSet, eden: 133 regions, survivors: 20 regions, predicted young region time: 104.86 ms]
 23.682: [G1Ergonomics (CSet Construction) finish choosing CSet, eden: 133 regions, survivors: 20 regions, old: 0 regions, predicted pause time: 106.14 ms, target pause time: 200.00 ms]
 23.697: [G1Ergonomics (Heap Sizing) attempt heap expansion, reason: recent GC overhead higher than threshold after GC, recent GC overhead: 10.18 %, threshold: 10.00 %, uncommitted: 0 bytes, calculated expansion amount: 0 bytes (20.00 %)]
, 0.0148172 secs]
   [Parallel Time: 14.0 ms, GC Workers: 2]
      [GC Worker Start (ms): Min: 23682.2, Avg: 23682.2, Max: 23682.2, Diff: 0.0]
      [Ext Root Scanning (ms): Min: 0.3, Avg: 0.3, Max: 0.3, Diff: 0.0, Sum: 0.6]
      [Update RS (ms): Min: 0.0, Avg: 0.0, Max: 0.0, Diff: 0.0, Sum: 0.1]
         [Processed Buffers: Min: 1, Avg: 1.0, Max: 1, Diff: 0, Sum: 2]
      [Scan RS (ms): Min: 0.2, Avg: 0.2, Max: 0.2, Diff: 0.0, Sum: 0.5]
      [Code Root Scanning (ms): Min: 0.1, Avg: 0.1, Max: 0.1, Diff: 0.0, Sum: 0.2]
      [Object Copy (ms): Min: 13.2, Avg: 13.3, Max: 13.3, Diff: 0.0, Sum: 26.5]
      [Termination (ms): Min: 0.0, Avg: 0.0, Max: 0.0, Diff: 0.0, Sum: 0.0]
      [GC Worker Other (ms): Min: 0.0, Avg: 0.0, Max: 0.0, Diff: 0.0, Sum: 0.1]
      [GC Worker Total (ms): Min: 14.0, Avg: 14.0, Max: 14.0, Diff: 0.0, Sum: 27.9]
      [GC Worker End (ms): Min: 23696.1, Avg: 23696.2, Max: 23696.2, Diff: 0.0]
   [Code Root Fixup: 0.0 ms]
   [Code Root Migration: 0.1 ms]
   [Clear CT: 0.2 ms]
   [Other: 0.6 ms]
      [Choose CSet: 0.0 ms]
      [Ref Proc: 0.2 ms]
      [Ref Enq: 0.0 ms]
      [Free CSet: 0.2 ms]
   [Eden: 133.0M(133.0M)->0.0B(132.0M) Survivors: 20.0M->20.0M Heap: 205.1M(256.0M)->74.2M(256.0M)]
 [Times: user=0.00 sys=0.00, real=0.01 secs] 
2014-07-10T11:36:33.060+0200: 23.842: [GC pause (G1 Evacuation Pause) (young) 23.842: [G1Ergonomics (CSet Construction) start choosing CSet, _pending_cards: 257, predicted base time: 1.22 ms, remaining time: 198.78 ms, target pause time: 200.00 ms]
 23.842: [G1Ergonomics (CSet Construction) add young regions to CSet, eden: 132 regions, survivors: 20 regions, predicted young region time: 74.88 ms]
 23.842: [G1Ergonomics (CSet Construction) finish choosing CSet, eden: 132 regions, survivors: 20 regions, old: 0 regions, predicted pause time: 76.10 ms, target pause time: 200.00 ms]
 23.854: [G1Ergonomics (Heap Sizing) attempt heap expansion, reason: recent GC overhead higher than threshold after GC, recent GC overhead: 11.07 %, threshold: 10.00 %, uncommitted: 0 bytes, calculated expansion amount: 0 bytes (20.00 %)]
, 0.0123963 secs]
   [Parallel Time: 11.6 ms, GC Workers: 2]
      [GC Worker Start (ms): Min: 23842.1, Avg: 23842.1, Max: 23842.1, Diff: 0.0]
      [Ext Root Scanning (ms): Min: 0.6, Avg: 0.6, Max: 0.6, Diff: 0.0, Sum: 1.2]
      [Update RS (ms): Min: 0.1, Avg: 0.1, Max: 0.1, Diff: 0.0, Sum: 0.2]
         [Processed Buffers: Min: 1, Avg: 1.5, Max: 2, Diff: 1, Sum: 3]
      [Scan RS (ms): Min: 0.5, Avg: 0.5, Max: 0.5, Diff: 0.0, Sum: 1.0]
      [Code Root Scanning (ms): Min: 0.1, Avg: 0.2, Max: 0.2, Diff: 0.0, Sum: 0.3]
      [Object Copy (ms): Min: 10.2, Avg: 10.2, Max: 10.2, Diff: 0.0, Sum: 20.4]
      [Termination (ms): Min: 0.0, Avg: 0.0, Max: 0.0, Diff: 0.0, Sum: 0.0]
      [GC Worker Other (ms): Min: 0.0, Avg: 0.0, Max: 0.0, Diff: 0.0, Sum: 0.1]
      [GC Worker Total (ms): Min: 11.6, Avg: 11.6, Max: 11.6, Diff: 0.0, Sum: 23.1]
      [GC Worker End (ms): Min: 23853.7, Avg: 23853.7, Max: 23853.7, Diff: 0.0]
   [Code Root Fixup: 0.0 ms]
   [Code Root Migration: 0.1 ms]
   [Clear CT: 0.1 ms]
   [Other: 0.6 ms]
      [Choose CSet: 0.1 ms]
      [Ref Proc: 0.1 ms]
      [Ref Enq: 0.0 ms]
      [Free CSet: 0.2 ms]
   [Eden: 132.0M(132.0M)->0.0B(139.0M) Survivors: 20.0M->14.0M Heap: 206.2M(256.0M)->68.0M(256.0M)]
 [Times: user=0.02 sys=0.00, real=0.01 secs] 
2014-07-10T11:36:33.199+0200: 23.981: [GC pause (G1 Evacuation Pause) (young) 23.981: [G1Ergonomics (CSet Construction) start choosing CSet, _pending_cards: 512, predicted base time: 1.33 ms, remaining time: 198.67 ms, target pause time: 200.00 ms]
 23.981: [G1Ergonomics (CSet Construction) add young regions to CSet, eden: 139 regions, survivors: 14 regions, predicted young region time: 103.32 ms]
 23.981: [G1Ergonomics (CSet Construction) finish choosing CSet, eden: 139 regions, survivors: 14 regions, old: 0 regions, predicted pause time: 104.64 ms, target pause time: 200.00 ms]
 23.994: [G1Ergonomics (Heap Sizing) attempt heap expansion, reason: recent GC overhead higher than threshold after GC, recent GC overhead: 10.52 %, threshold: 10.00 %, uncommitted: 0 bytes, calculated expansion amount: 0 bytes (20.00 %)]
, 0.0138911 secs]
   [Parallel Time: 13.1 ms, GC Workers: 2]
      [GC Worker Start (ms): Min: 23980.7, Avg: 23980.7, Max: 23980.7, Diff: 0.0]
      [Ext Root Scanning (ms): Min: 0.3, Avg: 0.3, Max: 0.3, Diff: 0.0, Sum: 0.6]
      [Update RS (ms): Min: 0.0, Avg: 0.0, Max: 0.0, Diff: 0.0, Sum: 0.1]
         [Processed Buffers: Min: 1, Avg: 1.5, Max: 2, Diff: 1, Sum: 3]
      [Scan RS (ms): Min: 0.2, Avg: 0.2, Max: 0.2, Diff: 0.0, Sum: 0.4]
      [Code Root Scanning (ms): Min: 0.1, Avg: 0.1, Max: 0.1, Diff: 0.0, Sum: 0.2]
      [Object Copy (ms): Min: 12.4, Avg: 12.4, Max: 12.4, Diff: 0.0, Sum: 24.9]
      [Termination (ms): Min: 0.0, Avg: 0.0, Max: 0.0, Diff: 0.0, Sum: 0.0]
      [GC Worker Other (ms): Min: 0.0, Avg: 0.0, Max: 0.0, Diff: 0.0, Sum: 0.0]
      [GC Worker Total (ms): Min: 13.1, Avg: 13.1, Max: 13.1, Diff: 0.0, Sum: 26.2]
      [GC Worker End (ms): Min: 23993.8, Avg: 23993.8, Max: 23993.8, Diff: 0.0]
   [Code Root Fixup: 0.0 ms]
   [Code Root Migration: 0.0 ms]
   [Clear CT: 0.2 ms]
   [Other: 0.5 ms]
      [Choose CSet: 0.0 ms]
      [Ref Proc: 0.1 ms]
      [Ref Enq: 0.0 ms]
      [Free CSet: 0.2 ms]
   [Eden: 139.0M(139.0M)->0.0B(133.0M) Survivors: 14.0M->20.0M Heap: 207.0M(256.0M)->74.9M(256.0M)]
 [Times: user=0.03 sys=0.00, real=0.01 secs] 
2014-07-10T11:36:33.299+0200: 24.081: [GC pause (G1 Evacuation Pause) (young) 24.081: [G1Ergonomics (CSet Construction) start choosing CSet, _pending_cards: 512, predicted base time: 1.24 ms, remaining time: 198.76 ms, target pause time: 200.00 ms]
 24.081: [G1Ergonomics (CSet Construction) add young regions to CSet, eden: 133 regions, survivors: 20 regions, predicted young region time: 30.19 ms]
 24.081: [G1Ergonomics (CSet Construction) finish choosing CSet, eden: 133 regions, survivors: 20 regions, old: 0 regions, predicted pause time: 31.43 ms, target pause time: 200.00 ms]
 24.096: [G1Ergonomics (Heap Sizing) attempt heap expansion, reason: recent GC overhead higher than threshold after GC, recent GC overhead: 10.55 %, threshold: 10.00 %, uncommitted: 0 bytes, calculated expansion amount: 0 bytes (20.00 %)]
, 0.0153096 secs]
   [Parallel Time: 14.7 ms, GC Workers: 2]
      [GC Worker Start (ms): Min: 24080.9, Avg: 24080.9, Max: 24080.9, Diff: 0.0]
      [Ext Root Scanning (ms): Min: 0.4, Avg: 0.4, Max: 0.4, Diff: 0.0, Sum: 0.7]
      [Update RS (ms): Min: 0.0, Avg: 0.0, Max: 0.0, Diff: 0.0, Sum: 0.1]
         [Processed Buffers: Min: 1, Avg: 1.5, Max: 2, Diff: 1, Sum: 3]
      [Scan RS (ms): Min: 0.2, Avg: 0.2, Max: 0.2, Diff: 0.0, Sum: 0.4]
      [Code Root Scanning (ms): Min: 0.1, Avg: 0.1, Max: 0.1, Diff: 0.0, Sum: 0.2]
      [Object Copy (ms): Min: 13.8, Avg: 13.8, Max: 13.8, Diff: 0.0, Sum: 27.6]
      [Termination (ms): Min: 0.0, Avg: 0.1, Max: 0.1, Diff: 0.1, Sum: 0.1]
      [GC Worker Other (ms): Min: 0.0, Avg: 0.0, Max: 0.0, Diff: 0.0, Sum: 0.1]
      [GC Worker Total (ms): Min: 14.6, Avg: 14.6, Max: 14.6, Diff: 0.1, Sum: 29.2]
      [GC Worker End (ms): Min: 24095.4, Avg: 24095.5, Max: 24095.5, Diff: 0.1]
   [Code Root Fixup: 0.0 ms]
   [Code Root Migration: 0.0 ms]
   [Clear CT: 0.1 ms]
   [Other: 0.5 ms]
      [Choose CSet: 0.0 ms]
      [Ref Proc: 0.0 ms]
      [Ref Enq: 0.0 ms]
      [Free CSet: 0.3 ms]
   [Eden: 133.0M(133.0M)->0.0B(131.0M) Survivors: 20.0M->20.0M Heap: 207.9M(256.0M)->76.5M(256.0M)]
 [Times: user=0.03 sys=0.00, real=0.02 secs] 
2014-07-10T11:36:33.452+0200: 24.234: [GC pause (G1 Evacuation Pause) (young) 24.234: [G1Ergonomics (CSet Construction) start choosing CSet, _pending_cards: 259, predicted base time: 1.12 ms, remaining time: 198.88 ms, target pause time: 200.00 ms]
 24.234: [G1Ergonomics (CSet Construction) add young regions to CSet, eden: 131 regions, survivors: 20 regions, predicted young region time: 90.40 ms]
 24.234: [G1Ergonomics (CSet Construction) finish choosing CSet, eden: 131 regions, survivors: 20 regions, old: 0 regions, predicted pause time: 91.52 ms, target pause time: 200.00 ms]
 24.239: [G1Ergonomics (Heap Sizing) attempt heap expansion, reason: recent GC overhead higher than threshold after GC, recent GC overhead: 11.07 %, threshold: 10.00 %, uncommitted: 0 bytes, calculated expansion amount: 0 bytes (20.00 %)]
, 0.0056097 secs]
   [Parallel Time: 5.1 ms, GC Workers: 2]
      [GC Worker Start (ms): Min: 24233.7, Avg: 24233.7, Max: 24233.7, Diff: 0.0]
      [Ext Root Scanning (ms): Min: 0.3, Avg: 0.3, Max: 0.3, Diff: 0.0, Sum: 0.5]
      [Update RS (ms): Min: 0.1, Avg: 0.1, Max: 0.1, Diff: 0.0, Sum: 0.1]
         [Processed Buffers: Min: 1, Avg: 1.5, Max: 2, Diff: 1, Sum: 3]
      [Scan RS (ms): Min: 0.2, Avg: 0.2, Max: 0.2, Diff: 0.0, Sum: 0.5]
      [Code Root Scanning (ms): Min: 0.1, Avg: 0.1, Max: 0.1, Diff: 0.0, Sum: 0.2]
      [Object Copy (ms): Min: 4.3, Avg: 4.3, Max: 4.3, Diff: 0.0, Sum: 8.6]
      [Termination (ms): Min: 0.0, Avg: 0.0, Max: 0.0, Diff: 0.0, Sum: 0.0]
      [GC Worker Other (ms): Min: 0.0, Avg: 0.0, Max: 0.0, Diff: 0.0, Sum: 0.1]
      [GC Worker Total (ms): Min: 5.0, Avg: 5.0, Max: 5.0, Diff: 0.0, Sum: 10.0]
      [GC Worker End (ms): Min: 24238.7, Avg: 24238.7, Max: 24238.7, Diff: 0.0]
   [Code Root Fixup: 0.0 ms]
   [Code Root Migration: 0.0 ms]
   [Clear CT: 0.1 ms]
   [Other: 0.4 ms]
      [Choose CSet: 0.0 ms]
      [Ref Proc: 0.0 ms]
      [Ref Enq: 0.0 ms]
      [Free CSet: 0.2 ms]
   [Eden: 131.0M(131.0M)->0.0B(145.0M) Survivors: 20.0M->8192.0K Heap: 207.5M(256.0M)->63.9M(256.0M)]
 [Times: user=0.00 sys=0.00, real=0.01 secs] 
2014-07-10T11:36:33.604+0200: 24.386: [GC pause (G1 Evacuation Pause) (young) 24.386: [G1Ergonomics (CSet Construction) start choosing CSet, _pending_cards: 513, predicted base time: 1.10 ms, remaining time: 198.90 ms, target pause time: 200.00 ms]
 24.386: [G1Ergonomics (CSet Construction) add young regions to CSet, eden: 145 regions, survivors: 8 regions, predicted young region time: 23.61 ms]
 24.386: [G1Ergonomics (CSet Construction) finish choosing CSet, eden: 145 regions, survivors: 8 regions, old: 0 regions, predicted pause time: 24.71 ms, target pause time: 200.00 ms]
 24.406: [G1Ergonomics (Heap Sizing) attempt heap expansion, reason: recent GC overhead higher than threshold after GC, recent GC overhead: 10.13 %, threshold: 10.00 %, uncommitted: 0 bytes, calculated expansion amount: 0 bytes (20.00 %)]
, 0.0205442 secs]
   [Parallel Time: 17.6 ms, GC Workers: 2]
      [GC Worker Start (ms): Min: 24385.7, Avg: 24385.7, Max: 24385.7, Diff: 0.0]
      [Ext Root Scanning (ms): Min: 0.6, Avg: 0.6, Max: 0.6, Diff: 0.0, Sum: 1.2]
      [Update RS (ms): Min: 0.1, Avg: 0.1, Max: 0.1, Diff: 0.0, Sum: 0.2]
         [Processed Buffers: Min: 2, Avg: 2.0, Max: 2, Diff: 0, Sum: 4]
      [Scan RS (ms): Min: 0.6, Avg: 0.7, Max: 0.7, Diff: 0.1, Sum: 1.4]
      [Code Root Scanning (ms): Min: 0.1, Avg: 0.2, Max: 0.2, Diff: 0.1, Sum: 0.3]
      [Object Copy (ms): Min: 15.9, Avg: 15.9, Max: 15.9, Diff: 0.0, Sum: 31.8]
      [Termination (ms): Min: 0.0, Avg: 0.0, Max: 0.0, Diff: 0.0, Sum: 0.0]
      [GC Worker Other (ms): Min: 0.0, Avg: 0.0, Max: 0.1, Diff: 0.0, Sum: 0.1]
      [GC Worker Total (ms): Min: 17.5, Avg: 17.5, Max: 17.5, Diff: 0.0, Sum: 35.0]
      [GC Worker End (ms): Min: 24403.2, Avg: 24403.2, Max: 24403.2, Diff: 0.0]
   [Code Root Fixup: 0.0 ms]
   [Code Root Migration: 0.1 ms]
   [Clear CT: 0.5 ms]
   [Other: 2.4 ms]
      [Choose CSet: 0.1 ms]
      [Ref Proc: 1.6 ms]
      [Ref Enq: 0.0 ms]
      [Free CSet: 0.5 ms]
   [Eden: 145.0M(145.0M)->0.0B(136.0M) Survivors: 8192.0K->17.0M Heap: 208.9M(256.0M)->72.7M(256.0M)]
 [Times: user=0.03 sys=0.00, real=0.02 secs] 
2014-07-10T11:36:33.701+0200: 24.482: [GC pause (G1 Evacuation Pause) (young) 24.482: [G1Ergonomics (CSet Construction) start choosing CSet, _pending_cards: 512, predicted base time: 2.13 ms, remaining time: 197.87 ms, target pause time: 200.00 ms]
 24.482: [G1Ergonomics (CSet Construction) add young regions to CSet, eden: 136 regions, survivors: 17 regions, predicted young region time: 108.49 ms]
 24.482: [G1Ergonomics (CSet Construction) finish choosing CSet, eden: 136 regions, survivors: 17 regions, old: 0 regions, predicted pause time: 110.62 ms, target pause time: 200.00 ms]
 24.496: [G1Ergonomics (Heap Sizing) attempt heap expansion, reason: recent GC overhead higher than threshold after GC, recent GC overhead: 10.34 %, threshold: 10.00 %, uncommitted: 0 bytes, calculated expansion amount: 0 bytes (20.00 %)]
, 0.0139706 secs]
   [Parallel Time: 13.0 ms, GC Workers: 2]
      [GC Worker Start (ms): Min: 24482.5, Avg: 24482.5, Max: 24482.5, Diff: 0.0]
      [Ext Root Scanning (ms): Min: 0.3, Avg: 0.3, Max: 0.3, Diff: 0.0, Sum: 0.6]
      [Update RS (ms): Min: 0.0, Avg: 0.0, Max: 0.1, Diff: 0.0, Sum: 0.1]
         [Processed Buffers: Min: 1, Avg: 1.5, Max: 2, Diff: 1, Sum: 3]
      [Scan RS (ms): Min: 0.2, Avg: 0.2, Max: 0.2, Diff: 0.0, Sum: 0.5]
      [Code Root Scanning (ms): Min: 0.1, Avg: 0.1, Max: 0.1, Diff: 0.0, Sum: 0.2]
      [Object Copy (ms): Min: 12.3, Avg: 12.3, Max: 12.3, Diff: 0.0, Sum: 24.5]
      [Termination (ms): Min: 0.0, Avg: 0.0, Max: 0.0, Diff: 0.0, Sum: 0.0]
      [GC Worker Other (ms): Min: 0.0, Avg: 0.0, Max: 0.0, Diff: 0.0, Sum: 0.1]
      [GC Worker Total (ms): Min: 13.0, Avg: 13.0, Max: 13.0, Diff: 0.0, Sum: 26.0]
      [GC Worker End (ms): Min: 24495.4, Avg: 24495.4, Max: 24495.4, Diff: 0.0]
   [Code Root Fixup: 0.0 ms]
   [Code Root Migration: 0.1 ms]
   [Clear CT: 0.1 ms]
   [Other: 0.8 ms]
      [Choose CSet: 0.0 ms]
      [Ref Proc: 0.4 ms]
      [Ref Enq: 0.0 ms]
      [Free CSet: 0.2 ms]
   [Eden: 136.0M(136.0M)->0.0B(133.0M) Survivors: 17.0M->20.0M Heap: 208.7M(256.0M)->76.6M(256.0M)]
 [Times: user=0.03 sys=0.00, real=0.01 secs] 
2014-07-10T11:36:33.852+0200: 24.634: [GC pause (G1 Evacuation Pause) (young) 24.634: [G1Ergonomics (CSet Construction) start choosing CSet, _pending_cards: 512, predicted base time: 1.92 ms, remaining time: 198.08 ms, target pause time: 200.00 ms]
 24.634: [G1Ergonomics (CSet Construction) add young regions to CSet, eden: 133 regions, survivors: 20 regions, predicted young region time: 100.34 ms]
 24.634: [G1Ergonomics (CSet Construction) finish choosing CSet, eden: 133 regions, survivors: 20 regions, old: 0 regions, predicted pause time: 102.26 ms, target pause time: 200.00 ms]
 24.648: [G1Ergonomics (Heap Sizing) attempt heap expansion, reason: recent GC overhead higher than threshold after GC, recent GC overhead: 10.87 %, threshold: 10.00 %, uncommitted: 0 bytes, calculated expansion amount: 0 bytes (20.00 %)]
, 0.0145404 secs]
   [Parallel Time: 13.5 ms, GC Workers: 2]
      [GC Worker Start (ms): Min: 24634.1, Avg: 24634.1, Max: 24634.2, Diff: 0.0]
      [Ext Root Scanning (ms): Min: 0.3, Avg: 0.3, Max: 0.3, Diff: 0.0, Sum: 0.6]
      [Update RS (ms): Min: 0.1, Avg: 0.1, Max: 0.1, Diff: 0.0, Sum: 0.1]
         [Processed Buffers: Min: 1, Avg: 1.5, Max: 2, Diff: 1, Sum: 3]
      [Scan RS (ms): Min: 0.2, Avg: 0.2, Max: 0.2, Diff: 0.0, Sum: 0.4]
      [Code Root Scanning (ms): Min: 0.1, Avg: 0.1, Max: 0.1, Diff: 0.0, Sum: 0.2]
      [Object Copy (ms): Min: 12.6, Avg: 12.6, Max: 12.7, Diff: 0.0, Sum: 25.3]
      [Termination (ms): Min: 0.0, Avg: 0.0, Max: 0.0, Diff: 0.0, Sum: 0.0]
      [GC Worker Other (ms): Min: 0.0, Avg: 0.0, Max: 0.0, Diff: 0.0, Sum: 0.1]
      [GC Worker Total (ms): Min: 13.3, Avg: 13.3, Max: 13.4, Diff: 0.0, Sum: 26.7]
      [GC Worker End (ms): Min: 24647.5, Avg: 24647.5, Max: 24647.5, Diff: 0.0]
   [Code Root Fixup: 0.0 ms]
   [Code Root Migration: 0.0 ms]
   [Clear CT: 0.2 ms]
   [Other: 0.8 ms]
      [Choose CSet: 0.0 ms]
      [Ref Proc: 0.4 ms]
      [Ref Enq: 0.0 ms]
      [Free CSet: 0.2 ms]
   [Eden: 133.0M(133.0M)->0.0B(131.0M) Survivors: 20.0M->20.0M Heap: 209.6M(256.0M)->77.5M(256.0M)]
 [Times: user=0.02 sys=0.00, real=0.02 secs] 
2014-07-10T11:36:34.001+0200: 24.782: [GC pause (G1 Evacuation Pause) (young) 24.782: [G1Ergonomics (CSet Construction) start choosing CSet, _pending_cards: 258, predicted base time: 1.78 ms, remaining time: 198.22 ms, target pause time: 200.00 ms]
 24.782: [G1Ergonomics (CSet Construction) add young regions to CSet, eden: 131 regions, survivors: 20 regions, predicted young region time: 88.90 ms]
 24.782: [G1Ergonomics (CSet Construction) finish choosing CSet, eden: 131 regions, survivors: 20 regions, old: 0 regions, predicted pause time: 90.68 ms, target pause time: 200.00 ms]
 24.798: [G1Ergonomics (Heap Sizing) attempt heap expansion, reason: recent GC overhead higher than threshold after GC, recent GC overhead: 10.77 %, threshold: 10.00 %, uncommitted: 0 bytes, calculated expansion amount: 0 bytes (20.00 %)]
, 0.0155710 secs]
   [Parallel Time: 13.9 ms, GC Workers: 2]
      [GC Worker Start (ms): Min: 24782.3, Avg: 24782.3, Max: 24782.4, Diff: 0.0]
      [Ext Root Scanning (ms): Min: 0.5, Avg: 0.5, Max: 0.5, Diff: 0.0, Sum: 1.0]
      [Update RS (ms): Min: 0.0, Avg: 0.1, Max: 0.1, Diff: 0.0, Sum: 0.1]
         [Processed Buffers: Min: 1, Avg: 1.5, Max: 2, Diff: 1, Sum: 3]
      [Scan RS (ms): Min: 0.6, Avg: 0.6, Max: 0.6, Diff: 0.1, Sum: 1.2]
      [Code Root Scanning (ms): Min: 0.1, Avg: 0.2, Max: 0.2, Diff: 0.1, Sum: 0.3]
      [Object Copy (ms): Min: 12.4, Avg: 12.4, Max: 12.4, Diff: 0.0, Sum: 24.9]
      [Termination (ms): Min: 0.0, Avg: 0.0, Max: 0.0, Diff: 0.0, Sum: 0.0]
      [GC Worker Other (ms): Min: 0.1, Avg: 0.1, Max: 0.1, Diff: 0.0, Sum: 0.1]
      [GC Worker Total (ms): Min: 13.8, Avg: 13.8, Max: 13.8, Diff: 0.0, Sum: 27.6]
      [GC Worker End (ms): Min: 24796.2, Avg: 24796.2, Max: 24796.2, Diff: 0.0]
   [Code Root Fixup: 0.0 ms]
   [Code Root Migration: 0.2 ms]
   [Clear CT: 0.6 ms]
   [Other: 0.9 ms]
      [Choose CSet: 0.1 ms]
      [Ref Proc: 0.1 ms]
      [Ref Enq: 0.0 ms]
      [Free CSet: 0.5 ms]
   [Eden: 131.0M(131.0M)->0.0B(141.0M) Survivors: 20.0M->12.0M Heap: 208.5M(256.0M)->69.3M(256.0M)]
 [Times: user=0.03 sys=0.00, real=0.02 secs] 
2014-07-10T11:36:34.100+0200: 24.881: [GC pause (G1 Evacuation Pause) (young) 24.881: [G1Ergonomics (CSet Construction) start choosing CSet, _pending_cards: 512, predicted base time: 1.92 ms, remaining time: 198.08 ms, target pause time: 200.00 ms]
 24.881: [G1Ergonomics (CSet Construction) add young regions to CSet, eden: 141 regions, survivors: 12 regions, predicted young region time: 120.82 ms]
 24.881: [G1Ergonomics (CSet Construction) finish choosing CSet, eden: 141 regions, survivors: 12 regions, old: 0 regions, predicted pause time: 122.74 ms, target pause time: 200.00 ms]
 24.895: [G1Ergonomics (Heap Sizing) attempt heap expansion, reason: recent GC overhead higher than threshold after GC, recent GC overhead: 10.91 %, threshold: 10.00 %, uncommitted: 0 bytes, calculated expansion amount: 0 bytes (20.00 %)]
, 0.0140755 secs]
   [Parallel Time: 13.3 ms, GC Workers: 2]
      [GC Worker Start (ms): Min: 24881.4, Avg: 24881.4, Max: 24881.4, Diff: 0.0]
      [Ext Root Scanning (ms): Min: 0.3, Avg: 0.3, Max: 0.3, Diff: 0.0, Sum: 0.6]
      [Update RS (ms): Min: 0.0, Avg: 0.0, Max: 0.0, Diff: 0.0, Sum: 0.1]
         [Processed Buffers: Min: 1, Avg: 1.5, Max: 2, Diff: 1, Sum: 3]
      [Scan RS (ms): Min: 0.2, Avg: 0.2, Max: 0.2, Diff: 0.0, Sum: 0.5]
      [Code Root Scanning (ms): Min: 0.1, Avg: 0.1, Max: 0.1, Diff: 0.0, Sum: 0.2]
      [Object Copy (ms): Min: 12.6, Avg: 12.6, Max: 12.6, Diff: 0.0, Sum: 25.2]
      [Termination (ms): Min: 0.0, Avg: 0.0, Max: 0.0, Diff: 0.0, Sum: 0.0]
      [GC Worker Other (ms): Min: 0.0, Avg: 0.0, Max: 0.0, Diff: 0.0, Sum: 0.1]
      [GC Worker Total (ms): Min: 13.3, Avg: 13.3, Max: 13.3, Diff: 0.0, Sum: 26.5]
      [GC Worker End (ms): Min: 24894.7, Avg: 24894.7, Max: 24894.7, Diff: 0.0]
   [Code Root Fixup: 0.0 ms]
   [Code Root Migration: 0.0 ms]
   [Clear CT: 0.2 ms]
   [Other: 0.6 ms]
      [Choose CSet: 0.0 ms]
      [Ref Proc: 0.2 ms]
      [Ref Enq: 0.0 ms]
      [Free CSet: 0.2 ms]
   [Eden: 141.0M(141.0M)->0.0B(131.0M) Survivors: 12.0M->20.0M Heap: 210.3M(256.0M)->78.2M(256.0M)]
 [Times: user=0.03 sys=0.00, real=0.01 secs] 
2014-07-10T11:36:34.230+0200: 25.012: [GC pause (G1 Evacuation Pause) (young) 25.012: [G1Ergonomics (CSet Construction) start choosing CSet, _pending_cards: 512, predicted base time: 1.71 ms, remaining time: 198.29 ms, target pause time: 200.00 ms]
 25.012: [G1Ergonomics (CSet Construction) add young regions to CSet, eden: 131 regions, survivors: 20 regions, predicted young region time: 83.62 ms]
 25.012: [G1Ergonomics (CSet Construction) finish choosing CSet, eden: 131 regions, survivors: 20 regions, old: 0 regions, predicted pause time: 85.33 ms, target pause time: 200.00 ms]
 25.026: [G1Ergonomics (Heap Sizing) attempt heap expansion, reason: recent GC overhead higher than threshold after GC, recent GC overhead: 10.89 %, threshold: 10.00 %, uncommitted: 0 bytes, calculated expansion amount: 0 bytes (20.00 %)]
, 0.0137543 secs]
   [Parallel Time: 13.0 ms, GC Workers: 2]
      [GC Worker Start (ms): Min: 25012.0, Avg: 25012.0, Max: 25012.0, Diff: 0.0]
      [Ext Root Scanning (ms): Min: 0.4, Avg: 0.4, Max: 0.4, Diff: 0.0, Sum: 0.7]
      [Update RS (ms): Min: 0.0, Avg: 0.1, Max: 0.1, Diff: 0.0, Sum: 0.1]
         [Processed Buffers: Min: 1, Avg: 1.5, Max: 2, Diff: 1, Sum: 3]
      [Scan RS (ms): Min: 0.2, Avg: 0.2, Max: 0.2, Diff: 0.0, Sum: 0.5]
      [Code Root Scanning (ms): Min: 0.1, Avg: 0.1, Max: 0.1, Diff: 0.0, Sum: 0.2]
      [Object Copy (ms): Min: 12.2, Avg: 12.2, Max: 12.2, Diff: 0.0, Sum: 24.4]
      [Termination (ms): Min: 0.0, Avg: 0.0, Max: 0.0, Diff: 0.0, Sum: 0.0]
      [GC Worker Other (ms): Min: 0.0, Avg: 0.0, Max: 0.0, Diff: 0.0, Sum: 0.1]
      [GC Worker Total (ms): Min: 13.0, Avg: 13.0, Max: 13.0, Diff: 0.0, Sum: 26.0]
      [GC Worker End (ms): Min: 25025.0, Avg: 25025.0, Max: 25025.0, Diff: 0.0]
   [Code Root Fixup: 0.0 ms]
   [Code Root Migration: 0.0 ms]
   [Clear CT: 0.2 ms]
   [Other: 0.5 ms]
      [Choose CSet: 0.0 ms]
      [Ref Proc: 0.1 ms]
      [Ref Enq: 0.0 ms]
      [Free CSet: 0.2 ms]
   [Eden: 131.0M(131.0M)->0.0B(132.0M) Survivors: 20.0M->19.0M Heap: 209.2M(256.0M)->77.7M(256.0M)]
 [Times: user=0.03 sys=0.00, real=0.01 secs] 
2014-07-10T11:36:34.411+0200: 25.193: [GC pause (G1 Evacuation Pause) (young) 25.193: [G1Ergonomics (CSet Construction) start choosing CSet, _pending_cards: 256, predicted base time: 1.52 ms, remaining time: 198.48 ms, target pause time: 200.00 ms]
 25.193: [G1Ergonomics (CSet Construction) add young regions to CSet, eden: 132 regions, survivors: 19 regions, predicted young region time: 99.86 ms]
 25.193: [G1Ergonomics (CSet Construction) finish choosing CSet, eden: 132 regions, survivors: 19 regions, old: 0 regions, predicted pause time: 101.37 ms, target pause time: 200.00 ms]
 25.208: [G1Ergonomics (Heap Sizing) attempt heap expansion, reason: recent GC overhead higher than threshold after GC, recent GC overhead: 10.46 %, threshold: 10.00 %, uncommitted: 0 bytes, calculated expansion amount: 0 bytes (20.00 %)]
, 0.0155468 secs]
   [Parallel Time: 14.1 ms, GC Workers: 2]
      [GC Worker Start (ms): Min: 25193.1, Avg: 25193.1, Max: 25193.2, Diff: 0.0]
      [Ext Root Scanning (ms): Min: 0.5, Avg: 0.5, Max: 0.5, Diff: 0.0, Sum: 1.1]
      [Update RS (ms): Min: 0.0, Avg: 0.1, Max: 0.1, Diff: 0.1, Sum: 0.1]
         [Processed Buffers: Min: 1, Avg: 1.0, Max: 1, Diff: 0, Sum: 2]
      [Scan RS (ms): Min: 0.4, Avg: 0.4, Max: 0.4, Diff: 0.1, Sum: 0.8]
      [Code Root Scanning (ms): Min: 0.2, Avg: 0.2, Max: 0.2, Diff: 0.0, Sum: 0.3]
      [Object Copy (ms): Min: 12.8, Avg: 12.9, Max: 12.9, Diff: 0.0, Sum: 25.7]
      [Termination (ms): Min: 0.0, Avg: 0.0, Max: 0.0, Diff: 0.0, Sum: 0.0]
      [GC Worker Other (ms): Min: 0.0, Avg: 0.0, Max: 0.0, Diff: 0.0, Sum: 0.1]
      [GC Worker Total (ms): Min: 14.1, Avg: 14.1, Max: 14.1, Diff: 0.0, Sum: 28.1]
      [GC Worker End (ms): Min: 25207.2, Avg: 25207.2, Max: 25207.2, Diff: 0.0]
   [Code Root Fixup: 0.0 ms]
   [Code Root Migration: 0.1 ms]
   [Clear CT: 0.1 ms]
   [Other: 1.3 ms]
      [Choose CSet: 0.1 ms]
      [Ref Proc: 0.7 ms]
      [Ref Enq: 0.0 ms]
      [Free CSet: 0.2 ms]
   [Eden: 132.0M(132.0M)->0.0B(131.0M) Survivors: 19.0M->19.0M Heap: 209.7M(256.0M)->78.1M(256.0M)]
 [Times: user=0.03 sys=0.00, real=0.02 secs] 
2014-07-10T11:36:34.494+0200: 25.276: [GC pause (G1 Evacuation Pause) (young) 25.276: [G1Ergonomics (CSet Construction) start choosing CSet, _pending_cards: 259, predicted base time: 1.70 ms, remaining time: 198.30 ms, target pause time: 200.00 ms]
 25.276: [G1Ergonomics (CSet Construction) add young regions to CSet, eden: 131 regions, survivors: 19 regions, predicted young region time: 34.86 ms]
 25.276: [G1Ergonomics (CSet Construction) finish choosing CSet, eden: 131 regions, survivors: 19 regions, old: 0 regions, predicted pause time: 36.55 ms, target pause time: 200.00 ms]
 25.281: [G1Ergonomics (Heap Sizing) attempt heap expansion, reason: recent GC overhead higher than threshold after GC, recent GC overhead: 10.49 %, threshold: 10.00 %, uncommitted: 0 bytes, calculated expansion amount: 0 bytes (20.00 %)]
, 0.0050763 secs]
   [Parallel Time: 4.4 ms, GC Workers: 2]
      [GC Worker Start (ms): Min: 25275.8, Avg: 25275.8, Max: 25275.8, Diff: 0.0]
      [Ext Root Scanning (ms): Min: 0.3, Avg: 0.3, Max: 0.3, Diff: 0.0, Sum: 0.6]
      [Update RS (ms): Min: 0.0, Avg: 0.0, Max: 0.0, Diff: 0.0, Sum: 0.1]
         [Processed Buffers: Min: 1, Avg: 1.5, Max: 2, Diff: 1, Sum: 3]
      [Scan RS (ms): Min: 0.2, Avg: 0.2, Max: 0.2, Diff: 0.0, Sum: 0.4]
      [Code Root Scanning (ms): Min: 0.1, Avg: 0.1, Max: 0.1, Diff: 0.0, Sum: 0.2]
      [Object Copy (ms): Min: 3.7, Avg: 3.7, Max: 3.7, Diff: 0.0, Sum: 7.5]
      [Termination (ms): Min: 0.0, Avg: 0.0, Max: 0.0, Diff: 0.0, Sum: 0.0]
      [GC Worker Other (ms): Min: 0.0, Avg: 0.0, Max: 0.0, Diff: 0.0, Sum: 0.1]
      [GC Worker Total (ms): Min: 4.4, Avg: 4.4, Max: 4.4, Diff: 0.0, Sum: 8.8]
      [GC Worker End (ms): Min: 25280.2, Avg: 25280.2, Max: 25280.2, Diff: 0.0]
   [Code Root Fixup: 0.0 ms]
   [Code Root Migration: 0.0 ms]
   [Clear CT: 0.1 ms]
   [Other: 0.5 ms]
      [Choose CSet: 0.0 ms]
      [Ref Proc: 0.1 ms]
      [Ref Enq: 0.0 ms]
      [Free CSet: 0.2 ms]
   [Eden: 131.0M(131.0M)->0.0B(145.0M) Survivors: 19.0M->7168.0K Heap: 209.1M(256.0M)->65.2M(256.0M)]
 [Times: user=0.00 sys=0.00, real=0.01 secs] 
2014-07-10T11:36:34.648+0200: 25.429: [GC pause (G1 Evacuation Pause) (young) 25.429: [G1Ergonomics (CSet Construction) start choosing CSet, _pending_cards: 512, predicted base time: 1.54 ms, remaining time: 198.46 ms, target pause time: 200.00 ms]
 25.429: [G1Ergonomics (CSet Construction) add young regions to CSet, eden: 145 regions, survivors: 7 regions, predicted young region time: 101.59 ms]
 25.429: [G1Ergonomics (CSet Construction) finish choosing CSet, eden: 145 regions, survivors: 7 regions, old: 0 regions, predicted pause time: 103.13 ms, target pause time: 200.00 ms]
 25.442: [G1Ergonomics (Heap Sizing) attempt heap expansion, reason: recent GC overhead higher than threshold after GC, recent GC overhead: 10.36 %, threshold: 10.00 %, uncommitted: 0 bytes, calculated expansion amount: 0 bytes (20.00 %)]
, 0.0130808 secs]
   [Parallel Time: 12.4 ms, GC Workers: 2]
      [GC Worker Start (ms): Min: 25429.3, Avg: 25429.3, Max: 25429.3, Diff: 0.0]
      [Ext Root Scanning (ms): Min: 0.3, Avg: 0.3, Max: 0.3, Diff: 0.0, Sum: 0.6]
      [Update RS (ms): Min: 0.1, Avg: 0.1, Max: 0.1, Diff: 0.0, Sum: 0.1]
         [Processed Buffers: Min: 1, Avg: 1.5, Max: 2, Diff: 1, Sum: 3]
      [Scan RS (ms): Min: 0.2, Avg: 0.3, Max: 0.3, Diff: 0.0, Sum: 0.5]
      [Code Root Scanning (ms): Min: 0.1, Avg: 0.1, Max: 0.1, Diff: 0.0, Sum: 0.2]
      [Object Copy (ms): Min: 11.5, Avg: 11.5, Max: 11.5, Diff: 0.0, Sum: 23.0]
      [Termination (ms): Min: 0.0, Avg: 0.0, Max: 0.0, Diff: 0.0, Sum: 0.0]
      [GC Worker Other (ms): Min: 0.0, Avg: 0.0, Max: 0.0, Diff: 0.0, Sum: 0.1]
      [GC Worker Total (ms): Min: 12.3, Avg: 12.3, Max: 12.3, Diff: 0.0, Sum: 24.6]
      [GC Worker End (ms): Min: 25441.6, Avg: 25441.6, Max: 25441.6, Diff: 0.0]
   [Code Root Fixup: 0.0 ms]
   [Code Root Migration: 0.1 ms]
   [Clear CT: 0.1 ms]
   [Other: 0.5 ms]
      [Choose CSet: 0.0 ms]
      [Ref Proc: 0.1 ms]
      [Ref Enq: 0.0 ms]
      [Free CSet: 0.3 ms]
   [Eden: 145.0M(145.0M)->0.0B(132.0M) Survivors: 7168.0K->19.0M Heap: 210.2M(256.0M)->78.0M(256.0M)]
 [Times: user=0.00 sys=0.00, real=0.01 secs] 
2014-07-10T11:36:34.804+0200: 25.586: [GC pause (G1 Evacuation Pause) (young) 25.586: [G1Ergonomics (CSet Construction) start choosing CSet, _pending_cards: 512, predicted base time: 1.41 ms, remaining time: 198.59 ms, target pause time: 200.00 ms]
 25.586: [G1Ergonomics (CSet Construction) add young regions to CSet, eden: 132 regions, survivors: 19 regions, predicted young region time: 25.12 ms]
 25.586: [G1Ergonomics (CSet Construction) finish choosing CSet, eden: 132 regions, survivors: 19 regions, old: 0 regions, predicted pause time: 26.53 ms, target pause time: 200.00 ms]
, 0.0146522 secs]
   [Parallel Time: 13.8 ms, GC Workers: 2]
      [GC Worker Start (ms): Min: 25586.1, Avg: 25586.2, Max: 25586.3, Diff: 0.3]
      [Ext Root Scanning (ms): Min: 0.5, Avg: 0.7, Max: 0.8, Diff: 0.3, Sum: 1.3]
      [Update RS (ms): Min: 0.1, Avg: 0.1, Max: 0.1, Diff: 0.0, Sum: 0.1]
         [Processed Buffers: Min: 1, Avg: 1.5, Max: 2, Diff: 1, Sum: 3]
      [Scan RS (ms): Min: 0.4, Avg: 0.4, Max: 0.5, Diff: 0.1, Sum: 0.8]
      [Code Root Scanning (ms): Min: 0.1, Avg: 0.1, Max: 0.1, Diff: 0.0, Sum: 0.3]
      [Object Copy (ms): Min: 12.2, Avg: 12.3, Max: 12.3, Diff: 0.1, Sum: 24.5]
      [Termination (ms): Min: 0.0, Avg: 0.0, Max: 0.0, Diff: 0.0, Sum: 0.0]
      [GC Worker Other (ms): Min: 0.0, Avg: 0.0, Max: 0.0, Diff: 0.0, Sum: 0.1]
      [GC Worker Total (ms): Min: 13.4, Avg: 13.6, Max: 13.7, Diff: 0.3, Sum: 27.2]
      [GC Worker End (ms): Min: 25599.8, Avg: 25599.8, Max: 25599.8, Diff: 0.0]
   [Code Root Fixup: 0.0 ms]
   [Code Root Migration: 0.1 ms]
   [Clear CT: 0.1 ms]
   [Other: 0.6 ms]
      [Choose CSet: 0.1 ms]
      [Ref Proc: 0.1 ms]
      [Ref Enq: 0.0 ms]
      [Free CSet: 0.3 ms]
   [Eden: 132.0M(132.0M)->0.0B(132.0M) Survivors: 19.0M->19.0M Heap: 210.0M(256.0M)->77.9M(256.0M)]
 [Times: user=0.00 sys=0.00, real=0.02 secs] 
2014-07-10T11:36:34.899+0200: 25.680: [GC pause (G1 Evacuation Pause) (young) 25.680: [G1Ergonomics (CSet Construction) start choosing CSet, _pending_cards: 512, predicted base time: 1.49 ms, remaining time: 198.51 ms, target pause time: 200.00 ms]
 25.680: [G1Ergonomics (CSet Construction) add young regions to CSet, eden: 132 regions, survivors: 19 regions, predicted young region time: 88.70 ms]
 25.680: [G1Ergonomics (CSet Construction) finish choosing CSet, eden: 132 regions, survivors: 19 regions, old: 0 regions, predicted pause time: 90.19 ms, target pause time: 200.00 ms]
 25.693: [G1Ergonomics (Heap Sizing) attempt heap expansion, reason: recent GC overhead higher than threshold after GC, recent GC overhead: 10.29 %, threshold: 10.00 %, uncommitted: 0 bytes, calculated expansion amount: 0 bytes (20.00 %)]
, 0.0125782 secs]
   [Parallel Time: 11.9 ms, GC Workers: 2]
      [GC Worker Start (ms): Min: 25680.3, Avg: 25680.3, Max: 25680.3, Diff: 0.0]
      [Ext Root Scanning (ms): Min: 0.3, Avg: 0.3, Max: 0.3, Diff: 0.0, Sum: 0.6]
      [Update RS (ms): Min: 0.0, Avg: 0.1, Max: 0.1, Diff: 0.0, Sum: 0.1]
         [Processed Buffers: Min: 1, Avg: 1.5, Max: 2, Diff: 1, Sum: 3]
      [Scan RS (ms): Min: 0.2, Avg: 0.2, Max: 0.2, Diff: 0.0, Sum: 0.4]
      [Code Root Scanning (ms): Min: 0.1, Avg: 0.1, Max: 0.1, Diff: 0.0, Sum: 0.2]
      [Object Copy (ms): Min: 11.2, Avg: 11.2, Max: 11.2, Diff: 0.0, Sum: 22.4]
      [Termination (ms): Min: 0.0, Avg: 0.0, Max: 0.0, Diff: 0.0, Sum: 0.0]
      [GC Worker Other (ms): Min: 0.0, Avg: 0.0, Max: 0.0, Diff: 0.0, Sum: 0.1]
      [GC Worker Total (ms): Min: 11.9, Avg: 11.9, Max: 11.9, Diff: 0.0, Sum: 23.8]
      [GC Worker End (ms): Min: 25692.2, Avg: 25692.2, Max: 25692.2, Diff: 0.0]
   [Code Root Fixup: 0.0 ms]
   [Code Root Migration: 0.0 ms]
   [Clear CT: 0.1 ms]
   [Other: 0.5 ms]
      [Choose CSet: 0.0 ms]
      [Ref Proc: 0.1 ms]
      [Ref Enq: 0.0 ms]
      [Free CSet: 0.2 ms]
   [Eden: 132.0M(132.0M)->0.0B(132.0M) Survivors: 19.0M->19.0M Heap: 209.9M(256.0M)->77.8M(256.0M)]
 [Times: user=0.00 sys=0.00, real=0.01 secs] 
2014-07-10T11:36:35.042+0200: 25.824: [GC pause (G1 Evacuation Pause) (young) 25.824: [G1Ergonomics (CSet Construction) start choosing CSet, _pending_cards: 258, predicted base time: 1.31 ms, remaining time: 198.69 ms, target pause time: 200.00 ms]
 25.824: [G1Ergonomics (CSet Construction) add young regions to CSet, eden: 132 regions, survivors: 19 regions, predicted young region time: 86.05 ms]
 25.824: [G1Ergonomics (CSet Construction) finish choosing CSet, eden: 132 regions, survivors: 19 regions, old: 0 regions, predicted pause time: 87.36 ms, target pause time: 200.00 ms]
 25.829: [G1Ergonomics (Heap Sizing) attempt heap expansion, reason: recent GC overhead higher than threshold after GC, recent GC overhead: 10.27 %, threshold: 10.00 %, uncommitted: 0 bytes, calculated expansion amount: 0 bytes (20.00 %)]
, 0.0053260 secs]
   [Parallel Time: 4.7 ms, GC Workers: 2]
      [GC Worker Start (ms): Min: 25823.9, Avg: 25824.0, Max: 25824.0, Diff: 0.0]
      [Ext Root Scanning (ms): Min: 0.3, Avg: 0.3, Max: 0.3, Diff: 0.0, Sum: 0.6]
      [Update RS (ms): Min: 0.0, Avg: 0.1, Max: 0.1, Diff: 0.0, Sum: 0.1]
         [Processed Buffers: Min: 1, Avg: 1.5, Max: 2, Diff: 1, Sum: 3]
      [Scan RS (ms): Min: 0.2, Avg: 0.2, Max: 0.2, Diff: 0.0, Sum: 0.5]
      [Code Root Scanning (ms): Min: 0.1, Avg: 0.1, Max: 0.1, Diff: 0.0, Sum: 0.2]
      [Object Copy (ms): Min: 4.0, Avg: 4.0, Max: 4.0, Diff: 0.0, Sum: 7.9]
      [Termination (ms): Min: 0.0, Avg: 0.0, Max: 0.0, Diff: 0.0, Sum: 0.0]
      [GC Worker Other (ms): Min: 0.0, Avg: 0.0, Max: 0.0, Diff: 0.0, Sum: 0.1]
      [GC Worker Total (ms): Min: 4.7, Avg: 4.7, Max: 4.7, Diff: 0.0, Sum: 9.4]
      [GC Worker End (ms): Min: 25828.6, Avg: 25828.6, Max: 25828.6, Diff: 0.0]
   [Code Root Fixup: 0.0 ms]
   [Code Root Migration: 0.0 ms]
   [Clear CT: 0.1 ms]
   [Other: 0.4 ms]
      [Choose CSet: 0.0 ms]
      [Ref Proc: 0.1 ms]
      [Ref Enq: 0.0 ms]
      [Free CSet: 0.2 ms]
   [Eden: 132.0M(132.0M)->0.0B(146.0M) Survivors: 19.0M->7168.0K Heap: 209.8M(256.0M)->65.6M(256.0M)]
 [Times: user=0.00 sys=0.00, real=0.01 secs] 
2014-07-10T11:36:35.202+0200: 25.983: [GC pause (G1 Evacuation Pause) (young) 25.984: [G1Ergonomics (CSet Construction) start choosing CSet, _pending_cards: 512, predicted base time: 1.25 ms, remaining time: 198.75 ms, target pause time: 200.00 ms]
 25.984: [G1Ergonomics (CSet Construction) add young regions to CSet, eden: 146 regions, survivors: 7 regions, predicted young region time: 65.79 ms]
 25.984: [G1Ergonomics (CSet Construction) finish choosing CSet, eden: 146 regions, survivors: 7 regions, old: 0 regions, predicted pause time: 67.04 ms, target pause time: 200.00 ms]
, 0.0151332 secs]
   [Parallel Time: 14.2 ms, GC Workers: 2]
      [GC Worker Start (ms): Min: 25983.6, Avg: 25983.6, Max: 25983.6, Diff: 0.0]
      [Ext Root Scanning (ms): Min: 0.4, Avg: 0.4, Max: 0.4, Diff: 0.0, Sum: 0.7]
      [Update RS (ms): Min: 0.1, Avg: 0.1, Max: 0.1, Diff: 0.0, Sum: 0.1]
         [Processed Buffers: Min: 1, Avg: 1.5, Max: 2, Diff: 1, Sum: 3]
      [Scan RS (ms): Min: 0.3, Avg: 0.3, Max: 0.3, Diff: 0.0, Sum: 0.5]
      [Code Root Scanning (ms): Min: 0.1, Avg: 0.1, Max: 0.1, Diff: 0.0, Sum: 0.2]
      [Object Copy (ms): Min: 13.2, Avg: 13.2, Max: 13.2, Diff: 0.0, Sum: 26.5]
      [Termination (ms): Min: 0.0, Avg: 0.0, Max: 0.0, Diff: 0.0, Sum: 0.0]
      [GC Worker Other (ms): Min: 0.0, Avg: 0.0, Max: 0.0, Diff: 0.0, Sum: 0.1]
      [GC Worker Total (ms): Min: 14.1, Avg: 14.1, Max: 14.1, Diff: 0.0, Sum: 28.2]
      [GC Worker End (ms): Min: 25997.7, Avg: 25997.7, Max: 25997.7, Diff: 0.0]
   [Code Root Fixup: 0.0 ms]
   [Code Root Migration: 0.1 ms]
   [Clear CT: 0.4 ms]
   [Other: 0.5 ms]
      [Choose CSet: 0.0 ms]
      [Ref Proc: 0.1 ms]
      [Ref Enq: 0.0 ms]
      [Free CSet: 0.3 ms]
   [Eden: 146.0M(146.0M)->0.0B(130.0M) Survivors: 7168.0K->20.0M Heap: 211.6M(256.0M)->79.5M(256.0M)]
 [Times: user=0.03 sys=0.00, real=0.02 secs] 
2014-07-10T11:36:35.298+0200: 26.080: [GC pause (G1 Evacuation Pause) (young) 26.080: [G1Ergonomics (CSet Construction) start choosing CSet, _pending_cards: 512, predicted base time: 1.28 ms, remaining time: 198.72 ms, target pause time: 200.00 ms]
 26.080: [G1Ergonomics (CSet Construction) add young regions to CSet, eden: 130 regions, survivors: 20 regions, predicted young region time: 83.65 ms]
 26.080: [G1Ergonomics (CSet Construction) finish choosing CSet, eden: 130 regions, survivors: 20 regions, old: 0 regions, predicted pause time: 84.93 ms, target pause time: 200.00 ms]
, 0.0128818 secs]
   [Parallel Time: 12.1 ms, GC Workers: 2]
      [GC Worker Start (ms): Min: 26079.6, Avg: 26079.6, Max: 26079.6, Diff: 0.0]
      [Ext Root Scanning (ms): Min: 0.3, Avg: 0.3, Max: 0.3, Diff: 0.0, Sum: 0.6]
      [Update RS (ms): Min: 0.0, Avg: 0.0, Max: 0.1, Diff: 0.0, Sum: 0.1]
         [Processed Buffers: Min: 1, Avg: 1.5, Max: 2, Diff: 1, Sum: 3]
      [Scan RS (ms): Min: 0.2, Avg: 0.2, Max: 0.2, Diff: 0.0, Sum: 0.4]
      [Code Root Scanning (ms): Min: 0.1, Avg: 0.1, Max: 0.1, Diff: 0.0, Sum: 0.2]
      [Object Copy (ms): Min: 11.3, Avg: 11.3, Max: 11.3, Diff: 0.0, Sum: 22.5]
      [Termination (ms): Min: 0.0, Avg: 0.0, Max: 0.0, Diff: 0.0, Sum: 0.0]
      [GC Worker Other (ms): Min: 0.0, Avg: 0.1, Max: 0.1, Diff: 0.1, Sum: 0.1]
      [GC Worker Total (ms): Min: 12.0, Avg: 12.0, Max: 12.1, Diff: 0.1, Sum: 24.1]
      [GC Worker End (ms): Min: 26091.6, Avg: 26091.7, Max: 26091.7, Diff: 0.1]
   [Code Root Fixup: 0.0 ms]
   [Code Root Migration: 0.1 ms]
   [Clear CT: 0.2 ms]
   [Other: 0.5 ms]
      [Choose CSet: 0.0 ms]
      [Ref Proc: 0.2 ms]
      [Ref Enq: 0.0 ms]
      [Free CSet: 0.2 ms]
   [Eden: 130.0M(130.0M)->0.0B(132.0M) Survivors: 20.0M->19.0M Heap: 209.5M(256.0M)->77.7M(256.0M)]
 [Times: user=0.03 sys=0.00, real=0.01 secs] 
2014-07-10T11:36:35.451+0200: 26.233: [GC pause (G1 Evacuation Pause) (young) 26.233: [G1Ergonomics (CSet Construction) start choosing CSet, _pending_cards: 512, predicted base time: 1.25 ms, remaining time: 198.75 ms, target pause time: 200.00 ms]
 26.233: [G1Ergonomics (CSet Construction) add young regions to CSet, eden: 132 regions, survivors: 19 regions, predicted young region time: 65.24 ms]
 26.233: [G1Ergonomics (CSet Construction) finish choosing CSet, eden: 132 regions, survivors: 19 regions, old: 0 regions, predicted pause time: 66.49 ms, target pause time: 200.00 ms]
, 0.0128682 secs]
   [Parallel Time: 12.3 ms, GC Workers: 2]
      [GC Worker Start (ms): Min: 26232.9, Avg: 26232.9, Max: 26232.9, Diff: 0.0]
      [Ext Root Scanning (ms): Min: 0.4, Avg: 0.4, Max: 0.4, Diff: 0.0, Sum: 0.7]
      [Update RS (ms): Min: 0.0, Avg: 0.0, Max: 0.1, Diff: 0.0, Sum: 0.1]
         [Processed Buffers: Min: 1, Avg: 1.5, Max: 2, Diff: 1, Sum: 3]
      [Scan RS (ms): Min: 0.2, Avg: 0.3, Max: 0.3, Diff: 0.0, Sum: 0.5]
      [Code Root Scanning (ms): Min: 0.1, Avg: 0.1, Max: 0.1, Diff: 0.0, Sum: 0.2]
      [Object Copy (ms): Min: 11.4, Avg: 11.4, Max: 11.4, Diff: 0.0, Sum: 22.9]
      [Termination (ms): Min: 0.0, Avg: 0.0, Max: 0.0, Diff: 0.0, Sum: 0.0]
      [GC Worker Other (ms): Min: 0.0, Avg: 0.0, Max: 0.0, Diff: 0.0, Sum: 0.1]
      [GC Worker Total (ms): Min: 12.2, Avg: 12.2, Max: 12.2, Diff: 0.0, Sum: 24.5]
      [GC Worker End (ms): Min: 26245.2, Avg: 26245.2, Max: 26245.2, Diff: 0.0]
   [Code Root Fixup: 0.0 ms]
   [Code Root Migration: 0.0 ms]
   [Clear CT: 0.2 ms]
   [Other: 0.4 ms]
      [Choose CSet: 0.0 ms]
      [Ref Proc: 0.1 ms]
      [Ref Enq: 0.0 ms]
      [Free CSet: 0.2 ms]
   [Eden: 132.0M(132.0M)->0.0B(132.0M) Survivors: 19.0M->19.0M Heap: 209.7M(256.0M)->77.6M(256.0M)]
 [Times: user=0.03 sys=0.00, real=0.01 secs] 
2014-07-10T11:36:35.593+0200: 26.374: [GC pause (G1 Evacuation Pause) (young) 26.374: [G1Ergonomics (CSet Construction) start choosing CSet, _pending_cards: 260, predicted base time: 1.14 ms, remaining time: 198.86 ms, target pause time: 200.00 ms]
 26.374: [G1Ergonomics (CSet Construction) add young regions to CSet, eden: 132 regions, survivors: 19 regions, predicted young region time: 83.46 ms]
 26.374: [G1Ergonomics (CSet Construction) finish choosing CSet, eden: 132 regions, survivors: 19 regions, old: 0 regions, predicted pause time: 84.59 ms, target pause time: 200.00 ms]
, 0.0073926 secs]
   [Parallel Time: 6.1 ms, GC Workers: 2]
      [GC Worker Start (ms): Min: 26374.4, Avg: 26374.4, Max: 26374.4, Diff: 0.0]
      [Ext Root Scanning (ms): Min: 0.5, Avg: 0.5, Max: 0.5, Diff: 0.0, Sum: 1.0]
      [Update RS (ms): Min: 0.1, Avg: 0.1, Max: 0.1, Diff: 0.0, Sum: 0.2]
         [Processed Buffers: Min: 1, Avg: 1.5, Max: 2, Diff: 1, Sum: 3]
      [Scan RS (ms): Min: 0.4, Avg: 0.4, Max: 0.4, Diff: 0.0, Sum: 0.8]
      [Code Root Scanning (ms): Min: 0.2, Avg: 0.2, Max: 0.2, Diff: 0.0, Sum: 0.4]
      [Object Copy (ms): Min: 4.9, Avg: 4.9, Max: 4.9, Diff: 0.0, Sum: 9.8]
      [Termination (ms): Min: 0.0, Avg: 0.0, Max: 0.0, Diff: 0.0, Sum: 0.0]
      [GC Worker Other (ms): Min: 0.0, Avg: 0.0, Max: 0.0, Diff: 0.0, Sum: 0.1]
      [GC Worker Total (ms): Min: 6.1, Avg: 6.1, Max: 6.1, Diff: 0.0, Sum: 12.1]
      [GC Worker End (ms): Min: 26380.5, Avg: 26380.5, Max: 26380.5, Diff: 0.0]
   [Code Root Fixup: 0.0 ms]
   [Code Root Migration: 0.1 ms]
   [Clear CT: 0.2 ms]
   [Other: 0.9 ms]
      [Choose CSet: 0.1 ms]
      [Ref Proc: 0.1 ms]
      [Ref Enq: 0.0 ms]
      [Free CSet: 0.5 ms]
   [Eden: 132.0M(132.0M)->0.0B(148.0M) Survivors: 19.0M->5120.0K Heap: 209.6M(256.0M)->64.4M(256.0M)]
 [Times: user=0.02 sys=0.00, real=0.01 secs] 
2014-07-10T11:36:35.699+0200: 26.481: [GC pause (G1 Evacuation Pause) (young) 26.481: [G1Ergonomics (CSet Construction) start choosing CSet, _pending_cards: 512, predicted base time: 1.32 ms, remaining time: 198.68 ms, target pause time: 200.00 ms]
 26.481: [G1Ergonomics (CSet Construction) add young regions to CSet, eden: 148 regions, survivors: 5 regions, predicted young region time: 29.41 ms]
 26.481: [G1Ergonomics (CSet Construction) finish choosing CSet, eden: 148 regions, survivors: 5 regions, old: 0 regions, predicted pause time: 30.73 ms, target pause time: 200.00 ms]
, 0.0141748 secs]
   [Parallel Time: 13.6 ms, GC Workers: 2]
      [GC Worker Start (ms): Min: 26480.6, Avg: 26480.8, Max: 26480.9, Diff: 0.3]
      [Ext Root Scanning (ms): Min: 0.1, Avg: 0.2, Max: 0.4, Diff: 0.3, Sum: 0.5]
      [Update RS (ms): Min: 0.0, Avg: 0.1, Max: 0.1, Diff: 0.0, Sum: 0.1]
         [Processed Buffers: Min: 1, Avg: 1.5, Max: 2, Diff: 1, Sum: 3]
      [Scan RS (ms): Min: 0.3, Avg: 0.3, Max: 0.3, Diff: 0.0, Sum: 0.5]
      [Code Root Scanning (ms): Min: 0.1, Avg: 0.1, Max: 0.1, Diff: 0.0, Sum: 0.2]
      [Object Copy (ms): Min: 12.6, Avg: 12.6, Max: 12.6, Diff: 0.0, Sum: 25.2]
      [Termination (ms): Min: 0.0, Avg: 0.0, Max: 0.0, Diff: 0.0, Sum: 0.0]
      [GC Worker Other (ms): Min: 0.0, Avg: 0.0, Max: 0.0, Diff: 0.0, Sum: 0.1]
      [GC Worker Total (ms): Min: 13.2, Avg: 13.3, Max: 13.5, Diff: 0.3, Sum: 26.6]
      [GC Worker End (ms): Min: 26494.1, Avg: 26494.1, Max: 26494.1, Diff: 0.0]
   [Code Root Fixup: 0.0 ms]
   [Code Root Migration: 0.1 ms]
   [Clear CT: 0.1 ms]
   [Other: 0.5 ms]
      [Choose CSet: 0.0 ms]
      [Ref Proc: 0.1 ms]
      [Ref Enq: 0.0 ms]
      [Free CSet: 0.2 ms]
   [Eden: 148.0M(148.0M)->0.0B(129.0M) Survivors: 5120.0K->20.0M Heap: 212.4M(256.0M)->80.3M(256.0M)]
 [Times: user=0.03 sys=0.00, real=0.01 secs] 
2014-07-10T11:36:35.828+0200: 26.610: [GC pause (G1 Evacuation Pause) (young) 26.610: [G1Ergonomics (CSet Construction) start choosing CSet, _pending_cards: 512, predicted base time: 1.24 ms, remaining time: 198.76 ms, target pause time: 200.00 ms]
 26.610: [G1Ergonomics (CSet Construction) add young regions to CSet, eden: 129 regions, survivors: 20 regions, predicted young region time: 97.29 ms]
 26.610: [G1Ergonomics (CSet Construction) finish choosing CSet, eden: 129 regions, survivors: 20 regions, old: 0 regions, predicted pause time: 98.54 ms, target pause time: 200.00 ms]
, 0.0125800 secs]
   [Parallel Time: 12.0 ms, GC Workers: 2]
      [GC Worker Start (ms): Min: 26610.1, Avg: 26610.1, Max: 26610.1, Diff: 0.0]
      [Ext Root Scanning (ms): Min: 0.3, Avg: 0.3, Max: 0.4, Diff: 0.0, Sum: 0.7]
      [Update RS (ms): Min: 0.0, Avg: 0.1, Max: 0.1, Diff: 0.0, Sum: 0.1]
         [Processed Buffers: Min: 1, Avg: 1.5, Max: 2, Diff: 1, Sum: 3]
      [Scan RS (ms): Min: 0.2, Avg: 0.2, Max: 0.2, Diff: 0.0, Sum: 0.5]
      [Code Root Scanning (ms): Min: 0.1, Avg: 0.1, Max: 0.1, Diff: 0.0, Sum: 0.2]
      [Object Copy (ms): Min: 11.1, Avg: 11.1, Max: 11.1, Diff: 0.0, Sum: 22.3]
      [Termination (ms): Min: 0.0, Avg: 0.0, Max: 0.0, Diff: 0.0, Sum: 0.0]
      [GC Worker Other (ms): Min: 0.0, Avg: 0.0, Max: 0.0, Diff: 0.0, Sum: 0.1]
      [GC Worker Total (ms): Min: 11.9, Avg: 11.9, Max: 11.9, Diff: 0.0, Sum: 23.8]
      [GC Worker End (ms): Min: 26622.0, Avg: 26622.0, Max: 26622.0, Diff: 0.0]
   [Code Root Fixup: 0.0 ms]
   [Code Root Migration: 0.0 ms]
   [Clear CT: 0.1 ms]
   [Other: 0.5 ms]
      [Choose CSet: 0.0 ms]
      [Ref Proc: 0.1 ms]
      [Ref Enq: 0.0 ms]
      [Free CSet: 0.2 ms]
   [Eden: 129.0M(129.0M)->0.0B(132.0M) Survivors: 20.0M->18.0M Heap: 209.3M(256.0M)->77.9M(256.0M)]
 [Times: user=0.03 sys=0.00, real=0.01 secs] 
2014-07-10T11:36:35.996+0200: 26.778: [GC pause (G1 Evacuation Pause) (young) 26.778: [G1Ergonomics (CSet Construction) start choosing CSet, _pending_cards: 512, predicted base time: 1.17 ms, remaining time: 198.83 ms, target pause time: 200.00 ms]
 26.778: [G1Ergonomics (CSet Construction) add young regions to CSet, eden: 132 regions, survivors: 18 regions, predicted young region time: 20.37 ms]
 26.778: [G1Ergonomics (CSet Construction) finish choosing CSet, eden: 132 regions, survivors: 18 regions, old: 0 regions, predicted pause time: 21.54 ms, target pause time: 200.00 ms]
, 0.0113995 secs]
   [Parallel Time: 10.5 ms, GC Workers: 2]
      [GC Worker Start (ms): Min: 26778.2, Avg: 26778.2, Max: 26778.2, Diff: 0.0]
      [Ext Root Scanning (ms): Min: 0.6, Avg: 0.6, Max: 0.6, Diff: 0.0, Sum: 1.2]
      [Update RS (ms): Min: 0.1, Avg: 0.1, Max: 0.2, Diff: 0.1, Sum: 0.2]
         [Processed Buffers: Min: 1, Avg: 1.5, Max: 2, Diff: 1, Sum: 3]
      [Scan RS (ms): Min: 0.4, Avg: 0.4, Max: 0.4, Diff: 0.0, Sum: 0.8]
      [Code Root Scanning (ms): Min: 0.2, Avg: 0.2, Max: 0.2, Diff: 0.0, Sum: 0.3]
      [Object Copy (ms): Min: 9.0, Avg: 9.0, Max: 9.0, Diff: 0.0, Sum: 18.1]
      [Termination (ms): Min: 0.0, Avg: 0.0, Max: 0.0, Diff: 0.0, Sum: 0.0]
      [GC Worker Other (ms): Min: 0.0, Avg: 0.0, Max: 0.0, Diff: 0.0, Sum: 0.1]
      [GC Worker Total (ms): Min: 10.4, Avg: 10.4, Max: 10.4, Diff: 0.0, Sum: 20.8]
      [GC Worker End (ms): Min: 26788.6, Avg: 26788.6, Max: 26788.6, Diff: 0.0]
   [Code Root Fixup: 0.0 ms]
   [Code Root Migration: 0.1 ms]
   [Clear CT: 0.1 ms]
   [Other: 0.7 ms]
      [Choose CSet: 0.1 ms]
      [Ref Proc: 0.1 ms]
      [Ref Enq: 0.0 ms]
      [Free CSet: 0.3 ms]
   [Eden: 132.0M(132.0M)->0.0B(142.0M) Survivors: 18.0M->10.0M Heap: 209.9M(256.0M)->69.7M(256.0M)]
 [Times: user=0.03 sys=0.00, real=0.01 secs] 
2014-07-10T11:36:36.099+0200: 26.880: [GC pause (G1 Evacuation Pause) (young) 26.880: [G1Ergonomics (CSet Construction) start choosing CSet, _pending_cards: 512, predicted base time: 1.31 ms, remaining time: 198.69 ms, target pause time: 200.00 ms]
 26.880: [G1Ergonomics (CSet Construction) add young regions to CSet, eden: 142 regions, survivors: 10 regions, predicted young region time: 116.04 ms]
 26.880: [G1Ergonomics (CSet Construction) finish choosing CSet, eden: 142 regions, survivors: 10 regions, old: 0 regions, predicted pause time: 117.35 ms, target pause time: 200.00 ms]
, 0.0134596 secs]
   [Parallel Time: 12.8 ms, GC Workers: 2]
      [GC Worker Start (ms): Min: 26880.3, Avg: 26880.3, Max: 26880.3, Diff: 0.0]
      [Ext Root Scanning (ms): Min: 0.3, Avg: 0.3, Max: 0.3, Diff: 0.0, Sum: 0.6]
      [Update RS (ms): Min: 0.0, Avg: 0.0, Max: 0.0, Diff: 0.0, Sum: 0.1]
         [Processed Buffers: Min: 1, Avg: 1.5, Max: 2, Diff: 1, Sum: 3]
      [Scan RS (ms): Min: 0.2, Avg: 0.2, Max: 0.2, Diff: 0.0, Sum: 0.5]
      [Code Root Scanning (ms): Min: 0.1, Avg: 0.1, Max: 0.1, Diff: 0.0, Sum: 0.2]
      [Object Copy (ms): Min: 12.0, Avg: 12.0, Max: 12.0, Diff: 0.0, Sum: 24.0]
      [Termination (ms): Min: 0.0, Avg: 0.0, Max: 0.0, Diff: 0.0, Sum: 0.0]
      [GC Worker Other (ms): Min: 0.0, Avg: 0.0, Max: 0.0, Diff: 0.0, Sum: 0.1]
      [GC Worker Total (ms): Min: 12.7, Avg: 12.7, Max: 12.7, Diff: 0.0, Sum: 25.4]
      [GC Worker End (ms): Min: 26893.0, Avg: 26893.0, Max: 26893.0, Diff: 0.0]
   [Code Root Fixup: 0.0 ms]
   [Code Root Migration: 0.0 ms]
   [Clear CT: 0.1 ms]
   [Other: 0.5 ms]
      [Choose CSet: 0.0 ms]
      [Ref Proc: 0.1 ms]
      [Ref Enq: 0.0 ms]
      [Free CSet: 0.2 ms]
   [Eden: 142.0M(142.0M)->0.0B(131.0M) Survivors: 10.0M->19.0M Heap: 211.7M(256.0M)->79.6M(256.0M)]
 [Times: user=0.00 sys=0.00, real=0.01 secs] 
2014-07-10T11:36:36.243+0200: 27.025: [GC pause (G1 Evacuation Pause) (young) 27.025: [G1Ergonomics (CSet Construction) start choosing CSet, _pending_cards: 512, predicted base time: 1.22 ms, remaining time: 198.78 ms, target pause time: 200.00 ms]
 27.025: [G1Ergonomics (CSet Construction) add young regions to CSet, eden: 131 regions, survivors: 19 regions, predicted young region time: 101.07 ms]
 27.025: [G1Ergonomics (CSet Construction) finish choosing CSet, eden: 131 regions, survivors: 19 regions, old: 0 regions, predicted pause time: 102.29 ms, target pause time: 200.00 ms]
, 0.0132018 secs]
   [Parallel Time: 12.6 ms, GC Workers: 2]
      [GC Worker Start (ms): Min: 27025.0, Avg: 27025.0, Max: 27025.0, Diff: 0.0]
      [Ext Root Scanning (ms): Min: 0.4, Avg: 0.4, Max: 0.4, Diff: 0.0, Sum: 0.7]
      [Update RS (ms): Min: 0.0, Avg: 0.0, Max: 0.0, Diff: 0.0, Sum: 0.1]
         [Processed Buffers: Min: 1, Avg: 1.5, Max: 2, Diff: 1, Sum: 3]
      [Scan RS (ms): Min: 0.3, Avg: 0.3, Max: 0.3, Diff: 0.0, Sum: 0.6]
      [Code Root Scanning (ms): Min: 0.1, Avg: 0.1, Max: 0.1, Diff: 0.0, Sum: 0.2]
      [Object Copy (ms): Min: 11.7, Avg: 11.7, Max: 11.7, Diff: 0.0, Sum: 23.3]
      [Termination (ms): Min: 0.0, Avg: 0.0, Max: 0.0, Diff: 0.0, Sum: 0.0]
      [GC Worker Other (ms): Min: 0.0, Avg: 0.0, Max: 0.0, Diff: 0.0, Sum: 0.1]
      [GC Worker Total (ms): Min: 12.5, Avg: 12.5, Max: 12.5, Diff: 0.0, Sum: 25.0]
      [GC Worker End (ms): Min: 27037.5, Avg: 27037.5, Max: 27037.5, Diff: 0.0]
   [Code Root Fixup: 0.0 ms]
   [Code Root Migration: 0.0 ms]
   [Clear CT: 0.1 ms]
   [Other: 0.5 ms]
      [Choose CSet: 0.0 ms]
      [Ref Proc: 0.1 ms]
      [Ref Enq: 0.0 ms]
      [Free CSet: 0.2 ms]
   [Eden: 131.0M(131.0M)->0.0B(131.0M) Survivors: 19.0M->19.0M Heap: 210.6M(256.0M)->78.8M(256.0M)]
 [Times: user=0.03 sys=0.00, real=0.01 secs] 
2014-07-10T11:36:36.397+0200: 27.178: [GC pause (G1 Evacuation Pause) (young) 27.178: [G1Ergonomics (CSet Construction) start choosing CSet, _pending_cards: 512, predicted base time: 1.15 ms, remaining time: 198.85 ms, target pause time: 200.00 ms]
 27.178: [G1Ergonomics (CSet Construction) add young regions to CSet, eden: 131 regions, survivors: 19 regions, predicted young region time: 74.94 ms]
 27.178: [G1Ergonomics (CSet Construction) finish choosing CSet, eden: 131 regions, survivors: 19 regions, old: 0 regions, predicted pause time: 76.10 ms, target pause time: 200.00 ms]
, 0.0117412 secs]
   [Parallel Time: 11.2 ms, GC Workers: 2]
      [GC Worker Start (ms): Min: 27178.5, Avg: 27178.5, Max: 27178.5, Diff: 0.0]
      [Ext Root Scanning (ms): Min: 0.3, Avg: 0.3, Max: 0.3, Diff: 0.0, Sum: 0.7]
      [Update RS (ms): Min: 0.0, Avg: 0.0, Max: 0.0, Diff: 0.0, Sum: 0.1]
         [Processed Buffers: Min: 1, Avg: 1.5, Max: 2, Diff: 1, Sum: 3]
      [Scan RS (ms): Min: 0.2, Avg: 0.2, Max: 0.2, Diff: 0.0, Sum: 0.5]
      [Code Root Scanning (ms): Min: 0.1, Avg: 0.1, Max: 0.1, Diff: 0.0, Sum: 0.2]
      [Object Copy (ms): Min: 10.4, Avg: 10.4, Max: 10.4, Diff: 0.0, Sum: 20.8]
      [Termination (ms): Min: 0.0, Avg: 0.0, Max: 0.0, Diff: 0.0, Sum: 0.0]
      [GC Worker Other (ms): Min: 0.0, Avg: 0.0, Max: 0.0, Diff: 0.0, Sum: 0.1]
      [GC Worker Total (ms): Min: 11.1, Avg: 11.2, Max: 11.2, Diff: 0.0, Sum: 22.3]
      [GC Worker End (ms): Min: 27189.7, Avg: 27189.7, Max: 27189.7, Diff: 0.0]
   [Code Root Fixup: 0.0 ms]
   [Code Root Migration: 0.0 ms]
   [Clear CT: 0.1 ms]
   [Other: 0.4 ms]
      [Choose CSet: 0.0 ms]
      [Ref Proc: 0.1 ms]
      [Ref Enq: 0.0 ms]
      [Free CSet: 0.2 ms]
   [Eden: 131.0M(131.0M)->0.0B(133.0M) Survivors: 19.0M->17.0M Heap: 209.8M(256.0M)->77.7M(256.0M)]
 [Times: user=0.00 sys=0.00, real=0.01 secs] 
2014-07-10T11:36:36.490+0200: 27.272: [GC pause (G1 Evacuation Pause) (young) 27.272: [G1Ergonomics (CSet Construction) start choosing CSet, _pending_cards: 259, predicted base time: 1.05 ms, remaining time: 198.95 ms, target pause time: 200.00 ms]
 27.272: [G1Ergonomics (CSet Construction) add young regions to CSet, eden: 133 regions, survivors: 17 regions, predicted young region time: 94.03 ms]
 27.272: [G1Ergonomics (CSet Construction) finish choosing CSet, eden: 133 regions, survivors: 17 regions, old: 0 regions, predicted pause time: 95.08 ms, target pause time: 200.00 ms]
, 0.0017899 secs]
   [Parallel Time: 1.3 ms, GC Workers: 2]
      [GC Worker Start (ms): Min: 27272.1, Avg: 27272.1, Max: 27272.1, Diff: 0.0]
      [Ext Root Scanning (ms): Min: 0.3, Avg: 0.3, Max: 0.3, Diff: 0.0, Sum: 0.6]
      [Update RS (ms): Min: 0.0, Avg: 0.0, Max: 0.1, Diff: 0.0, Sum: 0.1]
         [Processed Buffers: Min: 1, Avg: 1.5, Max: 2, Diff: 1, Sum: 3]
      [Scan RS (ms): Min: 0.2, Avg: 0.2, Max: 0.2, Diff: 0.0, Sum: 0.4]
      [Code Root Scanning (ms): Min: 0.1, Avg: 0.1, Max: 0.1, Diff: 0.0, Sum: 0.2]
      [Object Copy (ms): Min: 0.6, Avg: 0.6, Max: 0.6, Diff: 0.0, Sum: 1.3]
      [Termination (ms): Min: 0.0, Avg: 0.0, Max: 0.0, Diff: 0.0, Sum: 0.0]
      [GC Worker Other (ms): Min: 0.0, Avg: 0.0, Max: 0.0, Diff: 0.0, Sum: 0.0]
      [GC Worker Total (ms): Min: 1.3, Avg: 1.3, Max: 1.3, Diff: 0.0, Sum: 2.6]
      [GC Worker End (ms): Min: 27273.4, Avg: 27273.4, Max: 27273.4, Diff: 0.0]
   [Code Root Fixup: 0.0 ms]
   [Code Root Migration: 0.0 ms]
   [Clear CT: 0.1 ms]
   [Other: 0.3 ms]
      [Choose CSet: 0.0 ms]
      [Ref Proc: 0.0 ms]
      [Ref Enq: 0.0 ms]
      [Free CSet: 0.2 ms]
   [Eden: 133.0M(133.0M)->0.0B(151.0M) Survivors: 17.0M->2048.0K Heap: 210.7M(256.0M)->62.4M(256.0M)]
 [Times: user=0.00 sys=0.00, real=0.00 secs] 
2014-07-10T11:36:36.633+0200: 27.414: [GC pause (G1 Evacuation Pause) (young) 27.414: [G1Ergonomics (CSet Construction) start choosing CSet, _pending_cards: 512, predicted base time: 1.02 ms, remaining time: 198.98 ms, target pause time: 200.00 ms]
 27.414: [G1Ergonomics (CSet Construction) add young regions to CSet, eden: 151 regions, survivors: 2 regions, predicted young region time: 64.78 ms]
 27.414: [G1Ergonomics (CSet Construction) finish choosing CSet, eden: 151 regions, survivors: 2 regions, old: 0 regions, predicted pause time: 65.79 ms, target pause time: 200.00 ms]
, 0.0144286 secs]
   [Parallel Time: 13.8 ms, GC Workers: 2]
      [GC Worker Start (ms): Min: 27414.3, Avg: 27414.3, Max: 27414.3, Diff: 0.0]
      [Ext Root Scanning (ms): Min: 0.3, Avg: 0.3, Max: 0.3, Diff: 0.0, Sum: 0.7]
      [Update RS (ms): Min: 0.0, Avg: 0.1, Max: 0.1, Diff: 0.0, Sum: 0.1]
         [Processed Buffers: Min: 1, Avg: 1.5, Max: 2, Diff: 1, Sum: 3]
      [Scan RS (ms): Min: 0.2, Avg: 0.2, Max: 0.2, Diff: 0.0, Sum: 0.5]
      [Code Root Scanning (ms): Min: 0.1, Avg: 0.1, Max: 0.1, Diff: 0.0, Sum: 0.2]
      [Object Copy (ms): Min: 13.0, Avg: 13.0, Max: 13.0, Diff: 0.0, Sum: 26.0]
      [Termination (ms): Min: 0.0, Avg: 0.0, Max: 0.0, Diff: 0.0, Sum: 0.0]
      [GC Worker Other (ms): Min: 0.0, Avg: 0.0, Max: 0.0, Diff: 0.0, Sum: 0.1]
      [GC Worker Total (ms): Min: 13.8, Avg: 13.8, Max: 13.8, Diff: 0.0, Sum: 27.6]
      [GC Worker End (ms): Min: 27428.1, Avg: 27428.1, Max: 27428.1, Diff: 0.0]
   [Code Root Fixup: 0.0 ms]
   [Code Root Migration: 0.0 ms]
   [Clear CT: 0.1 ms]
   [Other: 0.5 ms]
      [Choose CSet: 0.0 ms]
      [Ref Proc: 0.1 ms]
      [Ref Enq: 0.0 ms]
      [Free CSet: 0.2 ms]
   [Eden: 151.0M(151.0M)->0.0B(128.0M) Survivors: 2048.0K->20.0M Heap: 213.4M(256.0M)->81.3M(256.0M)]
 [Times: user=0.03 sys=0.00, real=0.01 secs] 
2014-07-10T11:36:36.802+0200: 27.583: [GC pause (G1 Evacuation Pause) (young) 27.583: [G1Ergonomics (CSet Construction) start choosing CSet, _pending_cards: 512, predicted base time: 0.99 ms, remaining time: 199.01 ms, target pause time: 200.00 ms]
 27.583: [G1Ergonomics (CSet Construction) add young regions to CSet, eden: 128 regions, survivors: 20 regions, predicted young region time: 82.28 ms]
 27.583: [G1Ergonomics (CSet Construction) finish choosing CSet, eden: 128 regions, survivors: 20 regions, old: 0 regions, predicted pause time: 83.27 ms, target pause time: 200.00 ms]
, 0.0178184 secs]
   [Parallel Time: 16.9 ms, GC Workers: 2]
      [GC Worker Start (ms): Min: 27583.0, Avg: 27583.1, Max: 27583.1, Diff: 0.0]
      [Ext Root Scanning (ms): Min: 0.7, Avg: 0.7, Max: 0.7, Diff: 0.0, Sum: 1.4]
      [Update RS (ms): Min: 0.1, Avg: 0.1, Max: 0.1, Diff: 0.0, Sum: 0.2]
         [Processed Buffers: Min: 1, Avg: 1.5, Max: 2, Diff: 1, Sum: 3]
      [Scan RS (ms): Min: 0.4, Avg: 0.4, Max: 0.4, Diff: 0.0, Sum: 0.8]
      [Code Root Scanning (ms): Min: 0.1, Avg: 0.1, Max: 0.2, Diff: 0.0, Sum: 0.3]
      [Object Copy (ms): Min: 15.4, Avg: 15.4, Max: 15.4, Diff: 0.0, Sum: 30.8]
      [Termination (ms): Min: 0.0, Avg: 0.0, Max: 0.0, Diff: 0.0, Sum: 0.0]
      [GC Worker Other (ms): Min: 0.0, Avg: 0.0, Max: 0.0, Diff: 0.0, Sum: 0.1]
      [GC Worker Total (ms): Min: 16.8, Avg: 16.8, Max: 16.8, Diff: 0.0, Sum: 33.6]
      [GC Worker End (ms): Min: 27599.9, Avg: 27599.9, Max: 27599.9, Diff: 0.0]
   [Code Root Fixup: 0.0 ms]
   [Code Root Migration: 0.1 ms]
   [Clear CT: 0.1 ms]
   [Other: 0.8 ms]
      [Choose CSet: 0.1 ms]
      [Ref Proc: 0.2 ms]
      [Ref Enq: 0.0 ms]
      [Free CSet: 0.3 ms]
   [Eden: 128.0M(128.0M)->0.0B(133.0M) Survivors: 20.0M->17.0M Heap: 209.3M(256.0M)->77.7M(256.0M)]
 [Times: user=0.03 sys=0.00, real=0.02 secs] 
2014-07-10T11:36:36.898+0200: 27.679: [GC pause (G1 Evacuation Pause) (young) 27.679: [G1Ergonomics (CSet Construction) start choosing CSet, _pending_cards: 512, predicted base time: 1.24 ms, remaining time: 198.76 ms, target pause time: 200.00 ms]
 27.679: [G1Ergonomics (CSet Construction) add young regions to CSet, eden: 133 regions, survivors: 17 regions, predicted young region time: 27.05 ms]
 27.679: [G1Ergonomics (CSet Construction) finish choosing CSet, eden: 133 regions, survivors: 17 regions, old: 0 regions, predicted pause time: 28.29 ms, target pause time: 200.00 ms]
, 0.0071675 secs]
   [Parallel Time: 6.6 ms, GC Workers: 2]
      [GC Worker Start (ms): Min: 27678.9, Avg: 27678.9, Max: 27678.9, Diff: 0.0]
      [Ext Root Scanning (ms): Min: 0.3, Avg: 0.3, Max: 0.3, Diff: 0.0, Sum: 0.6]
      [Update RS (ms): Min: 0.0, Avg: 0.1, Max: 0.1, Diff: 0.0, Sum: 0.1]
         [Processed Buffers: Min: 1, Avg: 1.5, Max: 2, Diff: 1, Sum: 3]
      [Scan RS (ms): Min: 0.2, Avg: 0.2, Max: 0.2, Diff: 0.0, Sum: 0.4]
      [Code Root Scanning (ms): Min: 0.1, Avg: 0.1, Max: 0.1, Diff: 0.0, Sum: 0.2]
      [Object Copy (ms): Min: 5.8, Avg: 5.8, Max: 5.8, Diff: 0.0, Sum: 11.7]
      [Termination (ms): Min: 0.0, Avg: 0.0, Max: 0.0, Diff: 0.0, Sum: 0.0]
      [GC Worker Other (ms): Min: 0.0, Avg: 0.0, Max: 0.0, Diff: 0.0, Sum: 0.1]
      [GC Worker Total (ms): Min: 6.6, Avg: 6.6, Max: 6.6, Diff: 0.0, Sum: 13.2]
      [GC Worker End (ms): Min: 27685.5, Avg: 27685.5, Max: 27685.5, Diff: 0.0]
   [Code Root Fixup: 0.0 ms]
   [Code Root Migration: 0.0 ms]
   [Clear CT: 0.1 ms]
   [Other: 0.4 ms]
      [Choose CSet: 0.0 ms]
      [Ref Proc: 0.1 ms]
      [Ref Enq: 0.0 ms]
      [Free CSet: 0.2 ms]
   [Eden: 133.0M(133.0M)->0.0B(141.0M) Survivors: 17.0M->10.0M Heap: 210.7M(256.0M)->70.6M(256.0M)]
 [Times: user=0.00 sys=0.00, real=0.01 secs] 
2014-07-10T11:36:37.048+0200: 27.829: [GC pause (G1 Evacuation Pause) (young) 27.829: [G1Ergonomics (CSet Construction) start choosing CSet, _pending_cards: 512, predicted base time: 1.16 ms, remaining time: 198.84 ms, target pause time: 200.00 ms]
 27.829: [G1Ergonomics (CSet Construction) add young regions to CSet, eden: 141 regions, survivors: 10 regions, predicted young region time: 102.74 ms]
 27.829: [G1Ergonomics (CSet Construction) finish choosing CSet, eden: 141 regions, survivors: 10 regions, old: 0 regions, predicted pause time: 103.89 ms, target pause time: 200.00 ms]
, 0.0128620 secs]
   [Parallel Time: 12.1 ms, GC Workers: 2]
      [GC Worker Start (ms): Min: 27829.0, Avg: 27829.0, Max: 27829.1, Diff: 0.0]
      [Ext Root Scanning (ms): Min: 0.3, Avg: 0.3, Max: 0.3, Diff: 0.0, Sum: 0.7]
      [Update RS (ms): Min: 0.0, Avg: 0.0, Max: 0.0, Diff: 0.0, Sum: 0.1]
         [Processed Buffers: Min: 1, Avg: 1.5, Max: 2, Diff: 1, Sum: 3]
      [Scan RS (ms): Min: 0.2, Avg: 0.3, Max: 0.3, Diff: 0.0, Sum: 0.5]
      [Code Root Scanning (ms): Min: 0.1, Avg: 0.1, Max: 0.1, Diff: 0.0, Sum: 0.2]
      [Object Copy (ms): Min: 11.3, Avg: 11.3, Max: 11.3, Diff: 0.0, Sum: 22.6]
      [Termination (ms): Min: 0.0, Avg: 0.0, Max: 0.0, Diff: 0.0, Sum: 0.0]
      [GC Worker Other (ms): Min: 0.0, Avg: 0.0, Max: 0.0, Diff: 0.0, Sum: 0.1]
      [GC Worker Total (ms): Min: 12.1, Avg: 12.1, Max: 12.1, Diff: 0.0, Sum: 24.1]
      [GC Worker End (ms): Min: 27841.1, Avg: 27841.1, Max: 27841.1, Diff: 0.0]
   [Code Root Fixup: 0.0 ms]
   [Code Root Migration: 0.0 ms]
   [Clear CT: 0.2 ms]
   [Other: 0.5 ms]
      [Choose CSet: 0.0 ms]
      [Ref Proc: 0.1 ms]
      [Ref Enq: 0.0 ms]
      [Free CSet: 0.2 ms]
   [Eden: 141.0M(141.0M)->0.0B(130.0M) Survivors: 10.0M->19.0M Heap: 211.6M(256.0M)->79.5M(256.0M)]
 [Times: user=0.03 sys=0.00, real=0.01 secs] 
2014-07-10T11:36:37.207+0200: 27.988: [GC pause (G1 Evacuation Pause) (young) 27.988: [G1Ergonomics (CSet Construction) start choosing CSet, _pending_cards: 512, predicted base time: 1.13 ms, remaining time: 198.87 ms, target pause time: 200.00 ms]
 27.988: [G1Ergonomics (CSet Construction) add young regions to CSet, eden: 130 regions, survivors: 19 regions, predicted young region time: 23.84 ms]
 27.988: [G1Ergonomics (CSet Construction) finish choosing CSet, eden: 130 regions, survivors: 19 regions, old: 0 regions, predicted pause time: 24.97 ms, target pause time: 200.00 ms]
, 0.0116924 secs]
   [Parallel Time: 10.9 ms, GC Workers: 2]
      [GC Worker Start (ms): Min: 27988.0, Avg: 27988.0, Max: 27988.0, Diff: 0.0]
      [Ext Root Scanning (ms): Min: 0.3, Avg: 0.3, Max: 0.3, Diff: 0.0, Sum: 0.7]
      [Update RS (ms): Min: 0.0, Avg: 0.0, Max: 0.0, Diff: 0.0, Sum: 0.1]
         [Processed Buffers: Min: 1, Avg: 1.5, Max: 2, Diff: 1, Sum: 3]
      [Scan RS (ms): Min: 0.2, Avg: 0.3, Max: 0.4, Diff: 0.1, Sum: 0.6]
      [Code Root Scanning (ms): Min: 0.1, Avg: 0.2, Max: 0.3, Diff: 0.1, Sum: 0.4]
      [Object Copy (ms): Min: 9.9, Avg: 9.9, Max: 9.9, Diff: 0.0, Sum: 19.9]
      [Termination (ms): Min: 0.0, Avg: 0.0, Max: 0.0, Diff: 0.0, Sum: 0.0]
      [GC Worker Other (ms): Min: 0.0, Avg: 0.0, Max: 0.0, Diff: 0.0, Sum: 0.1]
      [GC Worker Total (ms): Min: 10.9, Avg: 10.9, Max: 10.9, Diff: 0.0, Sum: 21.7]
      [GC Worker End (ms): Min: 27998.9, Avg: 27998.9, Max: 27998.9, Diff: 0.0]
   [Code Root Fixup: 0.0 ms]
   [Code Root Migration: 0.1 ms]
   [Clear CT: 0.1 ms]
   [Other: 0.6 ms]
      [Choose CSet: 0.0 ms]
      [Ref Proc: 0.1 ms]
      [Ref Enq: 0.0 ms]
      [Free CSet: 0.3 ms]
   [Eden: 130.0M(130.0M)->0.0B(134.0M) Survivors: 19.0M->16.0M Heap: 209.5M(256.0M)->77.4M(256.0M)]
 [Times: user=0.00 sys=0.00, real=0.01 secs] 
2014-07-10T11:36:37.298+0200: 28.079: [GC pause (G1 Evacuation Pause) (young) 28.079: [G1Ergonomics (CSet Construction) start choosing CSet, _pending_cards: 512, predicted base time: 1.11 ms, remaining time: 198.89 ms, target pause time: 200.00 ms]
 28.079: [G1Ergonomics (CSet Construction) add young regions to CSet, eden: 134 regions, survivors: 16 regions, predicted young region time: 91.55 ms]
 28.079: [G1Ergonomics (CSet Construction) finish choosing CSet, eden: 134 regions, survivors: 16 regions, old: 0 regions, predicted pause time: 92.66 ms, target pause time: 200.00 ms]
, 0.0125294 secs]
   [Parallel Time: 11.9 ms, GC Workers: 2]
      [GC Worker Start (ms): Min: 28078.9, Avg: 28078.9, Max: 28078.9, Diff: 0.0]
      [Ext Root Scanning (ms): Min: 0.3, Avg: 0.3, Max: 0.3, Diff: 0.0, Sum: 0.6]
      [Update RS (ms): Min: 0.0, Avg: 0.0, Max: 0.0, Diff: 0.0, Sum: 0.1]
         [Processed Buffers: Min: 1, Avg: 1.5, Max: 2, Diff: 1, Sum: 3]
      [Scan RS (ms): Min: 0.2, Avg: 0.2, Max: 0.2, Diff: 0.0, Sum: 0.5]
      [Code Root Scanning (ms): Min: 0.1, Avg: 0.1, Max: 0.1, Diff: 0.0, Sum: 0.2]
      [Object Copy (ms): Min: 11.1, Avg: 11.1, Max: 11.1, Diff: 0.0, Sum: 22.2]
      [Termination (ms): Min: 0.0, Avg: 0.0, Max: 0.0, Diff: 0.0, Sum: 0.0]
      [GC Worker Other (ms): Min: 0.0, Avg: 0.0, Max: 0.0, Diff: 0.0, Sum: 0.1]
      [GC Worker Total (ms): Min: 11.8, Avg: 11.8, Max: 11.8, Diff: 0.0, Sum: 23.7]
      [GC Worker End (ms): Min: 28090.7, Avg: 28090.7, Max: 28090.7, Diff: 0.0]
   [Code Root Fixup: 0.0 ms]
   [Code Root Migration: 0.0 ms]
   [Clear CT: 0.1 ms]
   [Other: 0.5 ms]
      [Choose CSet: 0.0 ms]
      [Ref Proc: 0.1 ms]
      [Ref Enq: 0.0 ms]
      [Free CSet: 0.3 ms]
   [Eden: 134.0M(134.0M)->0.0B(132.0M) Survivors: 16.0M->18.0M Heap: 211.4M(256.0M)->79.2M(256.0M)]
 [Times: user=0.03 sys=0.00, real=0.01 secs] 
2014-07-10T11:36:37.445+0200: 28.225: [GC pause (G1 Evacuation Pause) (young) 28.225: [G1Ergonomics (CSet Construction) start choosing CSet, _pending_cards: 256, predicted base time: 1.03 ms, remaining time: 198.97 ms, target pause time: 200.00 ms]
 28.225: [G1Ergonomics (CSet Construction) add young regions to CSet, eden: 132 regions, survivors: 18 regions, predicted young region time: 88.12 ms]
 28.225: [G1Ergonomics (CSet Construction) finish choosing CSet, eden: 132 regions, survivors: 18 regions, old: 0 regions, predicted pause time: 89.15 ms, target pause time: 200.00 ms]
, 0.0131560 secs]
   [Parallel Time: 12.6 ms, GC Workers: 2]
      [GC Worker Start (ms): Min: 28225.5, Avg: 28225.5, Max: 28225.5, Diff: 0.0]
      [Ext Root Scanning (ms): Min: 0.4, Avg: 0.4, Max: 0.4, Diff: 0.0, Sum: 0.7]
      [Update RS (ms): Min: 0.0, Avg: 0.0, Max: 0.0, Diff: 0.0, Sum: 0.1]
         [Processed Buffers: Min: 1, Avg: 1.0, Max: 1, Diff: 0, Sum: 2]
      [Scan RS (ms): Min: 0.3, Avg: 0.3, Max: 0.3, Diff: 0.0, Sum: 0.6]
      [Code Root Scanning (ms): Min: 0.1, Avg: 0.1, Max: 0.1, Diff: 0.0, Sum: 0.2]
      [Object Copy (ms): Min: 11.7, Avg: 11.7, Max: 11.7, Diff: 0.0, Sum: 23.4]
      [Termination (ms): Min: 0.0, Avg: 0.0, Max: 0.0, Diff: 0.0, Sum: 0.0]
      [GC Worker Other (ms): Min: 0.0, Avg: 0.0, Max: 0.0, Diff: 0.0, Sum: 0.1]
      [GC Worker Total (ms): Min: 12.5, Avg: 12.5, Max: 12.5, Diff: 0.0, Sum: 25.1]
      [GC Worker End (ms): Min: 28238.1, Avg: 28238.1, Max: 28238.1, Diff: 0.0]
   [Code Root Fixup: 0.0 ms]
   [Code Root Migration: 0.0 ms]
   [Clear CT: 0.1 ms]
   [Other: 0.4 ms]
      [Choose CSet: 0.0 ms]
      [Ref Proc: 0.0 ms]
      [Ref Enq: 0.0 ms]
      [Free CSet: 0.2 ms]
   [Eden: 132.0M(132.0M)->0.0B(132.0M) Survivors: 18.0M->18.0M Heap: 211.2M(256.0M)->79.1M(256.0M)]
 [Times: user=0.03 sys=0.00, real=0.01 secs] 
2014-07-10T11:36:37.592+0200: 28.373: [GC pause (G1 Evacuation Pause) (young) 28.373: [G1Ergonomics (CSet Construction) start choosing CSet, _pending_cards: 259, predicted base time: 1.00 ms, remaining time: 199.00 ms, target pause time: 200.00 ms]
 28.373: [G1Ergonomics (CSet Construction) add young regions to CSet, eden: 132 regions, survivors: 18 regions, predicted young region time: 70.02 ms]
 28.373: [G1Ergonomics (CSet Construction) finish choosing CSet, eden: 132 regions, survivors: 18 regions, old: 0 regions, predicted pause time: 71.02 ms, target pause time: 200.00 ms]
, 0.0070645 secs]
   [Parallel Time: 5.8 ms, GC Workers: 2]
      [GC Worker Start (ms): Min: 28373.0, Avg: 28373.0, Max: 28373.0, Diff: 0.0]
      [Ext Root Scanning (ms): Min: 0.5, Avg: 0.5, Max: 0.5, Diff: 0.0, Sum: 1.0]
      [Update RS (ms): Min: 0.1, Avg: 0.1, Max: 0.1, Diff: 0.0, Sum: 0.2]
         [Processed Buffers: Min: 1, Avg: 1.5, Max: 2, Diff: 1, Sum: 3]
      [Scan RS (ms): Min: 0.4, Avg: 0.4, Max: 0.4, Diff: 0.0, Sum: 0.9]
      [Code Root Scanning (ms): Min: 0.1, Avg: 0.2, Max: 0.2, Diff: 0.0, Sum: 0.3]
      [Object Copy (ms): Min: 4.3, Avg: 4.3, Max: 4.3, Diff: 0.0, Sum: 8.7]
      [Termination (ms): Min: 0.0, Avg: 0.0, Max: 0.0, Diff: 0.0, Sum: 0.0]
      [GC Worker Other (ms): Min: 0.0, Avg: 0.0, Max: 0.0, Diff: 0.0, Sum: 0.1]
      [GC Worker Total (ms): Min: 5.6, Avg: 5.6, Max: 5.6, Diff: 0.0, Sum: 11.2]
      [GC Worker End (ms): Min: 28378.6, Avg: 28378.6, Max: 28378.6, Diff: 0.0]
   [Code Root Fixup: 0.0 ms]
   [Code Root Migration: 0.1 ms]
   [Clear CT: 0.2 ms]
   [Other: 1.0 ms]
      [Choose CSet: 0.1 ms]
      [Ref Proc: 0.2 ms]
      [Ref Enq: 0.0 ms]
      [Free CSet: 0.5 ms]
   [Eden: 132.0M(132.0M)->0.0B(147.0M) Survivors: 18.0M->5120.0K Heap: 211.1M(256.0M)->65.9M(256.0M)]
 [Times: user=0.03 sys=0.00, real=0.01 secs] 
2014-07-10T11:36:37.701+0200: 28.481: [GC pause (G1 Evacuation Pause) (young) 28.481: [G1Ergonomics (CSet Construction) start choosing CSet, _pending_cards: 512, predicted base time: 1.36 ms, remaining time: 198.64 ms, target pause time: 200.00 ms]
 28.481: [G1Ergonomics (CSet Construction) add young regions to CSet, eden: 147 regions, survivors: 5 regions, predicted young region time: 115.43 ms]
 28.481: [G1Ergonomics (CSet Construction) finish choosing CSet, eden: 147 regions, survivors: 5 regions, old: 0 regions, predicted pause time: 116.78 ms, target pause time: 200.00 ms]
, 0.0128865 secs]
   [Parallel Time: 12.3 ms, GC Workers: 2]
      [GC Worker Start (ms): Min: 28481.4, Avg: 28481.4, Max: 28481.4, Diff: 0.0]
      [Ext Root Scanning (ms): Min: 0.3, Avg: 0.3, Max: 0.3, Diff: 0.0, Sum: 0.5]
      [Update RS (ms): Min: 0.0, Avg: 0.0, Max: 0.1, Diff: 0.0, Sum: 0.1]
         [Processed Buffers: Min: 1, Avg: 1.5, Max: 2, Diff: 1, Sum: 3]
      [Scan RS (ms): Min: 0.2, Avg: 0.2, Max: 0.2, Diff: 0.0, Sum: 0.4]
      [Code Root Scanning (ms): Min: 0.1, Avg: 0.1, Max: 0.1, Diff: 0.0, Sum: 0.2]
      [Object Copy (ms): Min: 11.6, Avg: 11.6, Max: 11.6, Diff: 0.0, Sum: 23.2]
      [Termination (ms): Min: 0.0, Avg: 0.0, Max: 0.0, Diff: 0.0, Sum: 0.0]
      [GC Worker Other (ms): Min: 0.0, Avg: 0.0, Max: 0.0, Diff: 0.0, Sum: 0.1]
      [GC Worker Total (ms): Min: 12.3, Avg: 12.3, Max: 12.3, Diff: 0.0, Sum: 24.5]
      [GC Worker End (ms): Min: 28493.6, Avg: 28493.6, Max: 28493.6, Diff: 0.0]
   [Code Root Fixup: 0.0 ms]
   [Code Root Migration: 0.1 ms]
   [Clear CT: 0.1 ms]
   [Other: 0.4 ms]
      [Choose CSet: 0.0 ms]
      [Ref Proc: 0.0 ms]
      [Ref Enq: 0.0 ms]
      [Free CSet: 0.2 ms]
   [Eden: 147.0M(147.0M)->0.0B(130.0M) Survivors: 5120.0K->19.0M Heap: 212.9M(256.0M)->80.8M(256.0M)]
 [Times: user=0.03 sys=0.00, real=0.01 secs] 
2014-07-10T11:36:37.851+0200: 28.632: [GC pause (G1 Evacuation Pause) (young) 28.632: [G1Ergonomics (CSet Construction) start choosing CSet, _pending_cards: 512, predicted base time: 1.23 ms, remaining time: 198.77 ms, target pause time: 200.00 ms]
 28.632: [G1Ergonomics (CSet Construction) add young regions to CSet, eden: 130 regions, survivors: 19 regions, predicted young region time: 74.53 ms]
 28.632: [G1Ergonomics (CSet Construction) finish choosing CSet, eden: 130 regions, survivors: 19 regions, old: 0 regions, predicted pause time: 75.76 ms, target pause time: 200.00 ms]
, 0.0129034 secs]
   [Parallel Time: 12.2 ms, GC Workers: 2]
      [GC Worker Start (ms): Min: 28632.2, Avg: 28632.2, Max: 28632.3, Diff: 0.0]
      [Ext Root Scanning (ms): Min: 0.3, Avg: 0.3, Max: 0.4, Diff: 0.0, Sum: 0.7]
      [Update RS (ms): Min: 0.0, Avg: 0.1, Max: 0.1, Diff: 0.0, Sum: 0.1]
         [Processed Buffers: Min: 1, Avg: 1.5, Max: 2, Diff: 1, Sum: 3]
      [Scan RS (ms): Min: 0.3, Avg: 0.3, Max: 0.3, Diff: 0.0, Sum: 0.5]
      [Code Root Scanning (ms): Min: 0.1, Avg: 0.1, Max: 0.1, Diff: 0.0, Sum: 0.2]
      [Object Copy (ms): Min: 11.3, Avg: 11.3, Max: 11.4, Diff: 0.0, Sum: 22.7]
      [Termination (ms): Min: 0.0, Avg: 0.0, Max: 0.0, Diff: 0.0, Sum: 0.0]
      [GC Worker Other (ms): Min: 0.0, Avg: 0.0, Max: 0.0, Diff: 0.0, Sum: 0.1]
      [GC Worker Total (ms): Min: 12.1, Avg: 12.2, Max: 12.2, Diff: 0.0, Sum: 24.3]
      [GC Worker End (ms): Min: 28644.4, Avg: 28644.4, Max: 28644.4, Diff: 0.0]
   [Code Root Fixup: 0.0 ms]
   [Code Root Migration: 0.1 ms]
   [Clear CT: 0.1 ms]
   [Other: 0.5 ms]
      [Choose CSet: 0.0 ms]
      [Ref Proc: 0.1 ms]
      [Ref Enq: 0.0 ms]
      [Free CSet: 0.3 ms]
   [Eden: 130.0M(130.0M)->0.0B(132.0M) Survivors: 19.0M->18.0M Heap: 210.8M(256.0M)->79.1M(256.0M)]
 [Times: user=0.03 sys=0.00, real=0.01 secs] 
2014-07-10T11:36:37.992+0200: 28.773: [GC pause (G1 Evacuation Pause) (young) 28.773: [G1Ergonomics (CSet Construction) start choosing CSet, _pending_cards: 513, predicted base time: 1.17 ms, remaining time: 198.83 ms, target pause time: 200.00 ms]
 28.773: [G1Ergonomics (CSet Construction) add young regions to CSet, eden: 132 regions, survivors: 18 regions, predicted young region time: 95.18 ms]
 28.773: [G1Ergonomics (CSet Construction) finish choosing CSet, eden: 132 regions, survivors: 18 regions, old: 0 regions, predicted pause time: 96.35 ms, target pause time: 200.00 ms]
, 0.0073318 secs]
   [Parallel Time: 6.1 ms, GC Workers: 2]
      [GC Worker Start (ms): Min: 28773.3, Avg: 28773.3, Max: 28773.3, Diff: 0.0]
      [Ext Root Scanning (ms): Min: 0.5, Avg: 0.5, Max: 0.5, Diff: 0.0, Sum: 1.0]
      [Update RS (ms): Min: 0.1, Avg: 0.1, Max: 0.1, Diff: 0.0, Sum: 0.2]
         [Processed Buffers: Min: 1, Avg: 2.0, Max: 3, Diff: 2, Sum: 4]
      [Scan RS (ms): Min: 0.4, Avg: 0.4, Max: 0.4, Diff: 0.0, Sum: 0.7]
      [Code Root Scanning (ms): Min: 0.1, Avg: 0.1, Max: 0.1, Diff: 0.0, Sum: 0.3]
      [Object Copy (ms): Min: 4.8, Avg: 4.9, Max: 4.9, Diff: 0.0, Sum: 9.7]
      [Termination (ms): Min: 0.0, Avg: 0.0, Max: 0.1, Diff: 0.1, Sum: 0.1]
      [GC Worker Other (ms): Min: 0.0, Avg: 0.0, Max: 0.0, Diff: 0.0, Sum: 0.1]
      [GC Worker Total (ms): Min: 6.0, Avg: 6.0, Max: 6.0, Diff: 0.0, Sum: 12.0]
      [GC Worker End (ms): Min: 28779.3, Avg: 28779.4, Max: 28779.4, Diff: 0.0]
   [Code Root Fixup: 0.0 ms]
   [Code Root Migration: 0.1 ms]
   [Clear CT: 0.2 ms]
   [Other: 0.9 ms]
      [Choose CSet: 0.1 ms]
      [Ref Proc: 0.1 ms]
      [Ref Enq: 0.0 ms]
      [Free CSet: 0.5 ms]
   [Eden: 132.0M(132.0M)->0.0B(148.0M) Survivors: 18.0M->5120.0K Heap: 211.1M(256.0M)->66.8M(256.0M)]
 [Times: user=0.00 sys=0.00, real=0.01 secs] 
2014-07-10T11:36:38.100+0200: 28.880: [GC pause (G1 Evacuation Pause) (young) 28.880: [G1Ergonomics (CSet Construction) start choosing CSet, _pending_cards: 512, predicted base time: 1.27 ms, remaining time: 198.73 ms, target pause time: 200.00 ms]
 28.880: [G1Ergonomics (CSet Construction) add young regions to CSet, eden: 148 regions, survivors: 5 regions, predicted young region time: 29.46 ms]
 28.880: [G1Ergonomics (CSet Construction) finish choosing CSet, eden: 148 regions, survivors: 5 regions, old: 0 regions, predicted pause time: 30.73 ms, target pause time: 200.00 ms]
, 0.0143076 secs]
   [Parallel Time: 13.7 ms, GC Workers: 2]
      [GC Worker Start (ms): Min: 28880.3, Avg: 28880.3, Max: 28880.4, Diff: 0.0]
      [Ext Root Scanning (ms): Min: 0.3, Avg: 0.3, Max: 0.3, Diff: 0.0, Sum: 0.6]
      [Update RS (ms): Min: 0.0, Avg: 0.0, Max: 0.0, Diff: 0.0, Sum: 0.1]
         [Processed Buffers: Min: 1, Avg: 1.5, Max: 2, Diff: 1, Sum: 3]
      [Scan RS (ms): Min: 0.2, Avg: 0.2, Max: 0.2, Diff: 0.0, Sum: 0.4]
      [Code Root Scanning (ms): Min: 0.1, Avg: 0.1, Max: 0.1, Diff: 0.0, Sum: 0.2]
      [Object Copy (ms): Min: 12.9, Avg: 12.9, Max: 13.0, Diff: 0.0, Sum: 25.9]
      [Termination (ms): Min: 0.0, Avg: 0.0, Max: 0.0, Diff: 0.0, Sum: 0.0]
      [GC Worker Other (ms): Min: 0.0, Avg: 0.0, Max: 0.0, Diff: 0.0, Sum: 0.0]
      [GC Worker Total (ms): Min: 13.7, Avg: 13.7, Max: 13.7, Diff: 0.0, Sum: 27.3]
      [GC Worker End (ms): Min: 28894.0, Avg: 28894.0, Max: 28894.0, Diff: 0.0]
   [Code Root Fixup: 0.0 ms]
   [Code Root Migration: 0.0 ms]
   [Clear CT: 0.1 ms]
   [Other: 0.4 ms]
      [Choose CSet: 0.0 ms]
      [Ref Proc: 0.1 ms]
      [Ref Enq: 0.0 ms]
      [Free CSet: 0.2 ms]
   [Eden: 148.0M(148.0M)->0.0B(127.0M) Survivors: 5120.0K->20.0M Heap: 214.8M(256.0M)->82.8M(256.0M)]
 [Times: user=0.03 sys=0.00, real=0.02 secs] 
2014-07-10T11:36:38.254+0200: 29.035: [GC pause (G1 Evacuation Pause) (young) 29.035: [G1Ergonomics (CSet Construction) start choosing CSet, _pending_cards: 512, predicted base time: 1.18 ms, remaining time: 198.82 ms, target pause time: 200.00 ms]
 29.035: [G1Ergonomics (CSet Construction) add young regions to CSet, eden: 127 regions, survivors: 20 regions, predicted young region time: 98.43 ms]
 29.035: [G1Ergonomics (CSet Construction) finish choosing CSet, eden: 127 regions, survivors: 20 regions, old: 0 regions, predicted pause time: 99.62 ms, target pause time: 200.00 ms]
, 0.0110457 secs]
   [Parallel Time: 10.4 ms, GC Workers: 2]
      [GC Worker Start (ms): Min: 29035.2, Avg: 29035.2, Max: 29035.2, Diff: 0.0]
      [Ext Root Scanning (ms): Min: 0.3, Avg: 0.3, Max: 0.3, Diff: 0.0, Sum: 0.7]
      [Update RS (ms): Min: 0.0, Avg: 0.1, Max: 0.1, Diff: 0.0, Sum: 0.1]
         [Processed Buffers: Min: 1, Avg: 1.5, Max: 2, Diff: 1, Sum: 3]
      [Scan RS (ms): Min: 0.2, Avg: 0.2, Max: 0.2, Diff: 0.0, Sum: 0.5]
      [Code Root Scanning (ms): Min: 0.1, Avg: 0.1, Max: 0.1, Diff: 0.0, Sum: 0.2]
      [Object Copy (ms): Min: 9.6, Avg: 9.6, Max: 9.6, Diff: 0.0, Sum: 19.2]
      [Termination (ms): Min: 0.0, Avg: 0.0, Max: 0.0, Diff: 0.0, Sum: 0.0]
      [GC Worker Other (ms): Min: 0.0, Avg: 0.0, Max: 0.0, Diff: 0.0, Sum: 0.1]
      [GC Worker Total (ms): Min: 10.4, Avg: 10.4, Max: 10.4, Diff: 0.0, Sum: 20.7]
      [GC Worker End (ms): Min: 29045.6, Avg: 29045.6, Max: 29045.6, Diff: 0.0]
   [Code Root Fixup: 0.0 ms]
   [Code Root Migration: 0.0 ms]
   [Clear CT: 0.1 ms]
   [Other: 0.5 ms]
      [Choose CSet: 0.0 ms]
      [Ref Proc: 0.1 ms]
      [Ref Enq: 0.0 ms]
      [Free CSet: 0.2 ms]
   [Eden: 127.0M(127.0M)->0.0B(133.0M) Survivors: 20.0M->16.0M Heap: 209.8M(256.0M)->78.5M(256.0M)]
 [Times: user=0.00 sys=0.00, real=0.01 secs] 
2014-07-10T11:36:38.405+0200: 29.185: [GC pause (G1 Evacuation Pause) (young) 29.185: [G1Ergonomics (CSet Construction) start choosing CSet, _pending_cards: 512, predicted base time: 1.12 ms, remaining time: 198.88 ms, target pause time: 200.00 ms]
 29.186: [G1Ergonomics (CSet Construction) add young regions to CSet, eden: 133 regions, survivors: 16 regions, predicted young region time: 25.19 ms]
 29.186: [G1Ergonomics (CSet Construction) finish choosing CSet, eden: 133 regions, survivors: 16 regions, old: 0 regions, predicted pause time: 26.31 ms, target pause time: 200.00 ms]
, 0.0195518 secs]
   [Parallel Time: 18.0 ms, GC Workers: 2]
      [GC Worker Start (ms): Min: 29185.6, Avg: 29185.6, Max: 29185.6, Diff: 0.0]
      [Ext Root Scanning (ms): Min: 0.6, Avg: 0.6, Max: 0.6, Diff: 0.0, Sum: 1.1]
      [Update RS (ms): Min: 0.1, Avg: 0.1, Max: 0.1, Diff: 0.0, Sum: 0.2]
         [Processed Buffers: Min: 1, Avg: 1.5, Max: 2, Diff: 1, Sum: 3]
      [Scan RS (ms): Min: 0.4, Avg: 0.4, Max: 0.4, Diff: 0.0, Sum: 0.8]
      [Code Root Scanning (ms): Min: 0.1, Avg: 0.1, Max: 0.1, Diff: 0.0, Sum: 0.3]
      [Object Copy (ms): Min: 16.6, Avg: 16.6, Max: 16.7, Diff: 0.0, Sum: 33.3]
      [Termination (ms): Min: 0.0, Avg: 0.0, Max: 0.0, Diff: 0.0, Sum: 0.0]
      [GC Worker Other (ms): Min: 0.0, Avg: 0.0, Max: 0.1, Diff: 0.0, Sum: 0.1]
      [GC Worker Total (ms): Min: 17.9, Avg: 17.9, Max: 17.9, Diff: 0.0, Sum: 35.8]
      [GC Worker End (ms): Min: 29203.5, Avg: 29203.5, Max: 29203.5, Diff: 0.0]
   [Code Root Fixup: 0.0 ms]
   [Code Root Migration: 0.1 ms]
   [Clear CT: 0.2 ms]
   [Other: 1.3 ms]
      [Choose CSet: 0.1 ms]
      [Ref Proc: 0.5 ms]
      [Ref Enq: 0.0 ms]
      [Free CSet: 0.5 ms]
   [Eden: 133.0M(133.0M)->0.0B(132.0M) Survivors: 16.0M->17.0M Heap: 211.5M(256.0M)->79.4M(256.0M)]
 [Times: user=0.05 sys=0.00, real=0.02 secs] 
2014-07-10T11:36:38.496+0200: 29.277: [GC pause (G1 Evacuation Pause) (young) 29.277: [G1Ergonomics (CSet Construction) start choosing CSet, _pending_cards: 258, predicted base time: 1.41 ms, remaining time: 198.59 ms, target pause time: 200.00 ms]
 29.277: [G1Ergonomics (CSet Construction) add young regions to CSet, eden: 132 regions, survivors: 17 regions, predicted young region time: 111.13 ms]
 29.277: [G1Ergonomics (CSet Construction) finish choosing CSet, eden: 132 regions, survivors: 17 regions, old: 0 regions, predicted pause time: 112.55 ms, target pause time: 200.00 ms]
, 0.0042085 secs]
   [Parallel Time: 3.6 ms, GC Workers: 2]
      [GC Worker Start (ms): Min: 29276.9, Avg: 29276.9, Max: 29276.9, Diff: 0.0]
      [Ext Root Scanning (ms): Min: 0.3, Avg: 0.3, Max: 0.3, Diff: 0.0, Sum: 0.7]
      [Update RS (ms): Min: 0.1, Avg: 0.1, Max: 0.1, Diff: 0.0, Sum: 0.2]
         [Processed Buffers: Min: 1, Avg: 1.5, Max: 2, Diff: 1, Sum: 3]
      [Scan RS (ms): Min: 0.2, Avg: 0.2, Max: 0.2, Diff: 0.0, Sum: 0.4]
      [Code Root Scanning (ms): Min: 0.1, Avg: 0.1, Max: 0.1, Diff: 0.0, Sum: 0.2]
      [Object Copy (ms): Min: 2.8, Avg: 2.8, Max: 2.8, Diff: 0.0, Sum: 5.5]
      [Termination (ms): Min: 0.0, Avg: 0.0, Max: 0.0, Diff: 0.0, Sum: 0.0]
      [GC Worker Other (ms): Min: 0.0, Avg: 0.0, Max: 0.0, Diff: 0.0, Sum: 0.1]
      [GC Worker Total (ms): Min: 3.5, Avg: 3.5, Max: 3.6, Diff: 0.0, Sum: 7.1]
      [GC Worker End (ms): Min: 29280.4, Avg: 29280.4, Max: 29280.4, Diff: 0.0]
   [Code Root Fixup: 0.0 ms]
   [Code Root Migration: 0.1 ms]
   [Clear CT: 0.1 ms]
   [Other: 0.4 ms]
      [Choose CSet: 0.0 ms]
      [Ref Proc: 0.1 ms]
      [Ref Enq: 0.0 ms]
      [Free CSet: 0.2 ms]
   [Eden: 132.0M(132.0M)->0.0B(147.0M) Survivors: 17.0M->5120.0K Heap: 211.4M(256.0M)->67.2M(256.0M)]
 [Times: user=0.00 sys=0.00, real=0.00 secs] 
2014-07-10T11:36:38.644+0200: 29.425: [GC pause (G1 Evacuation Pause) (young) 29.425: [G1Ergonomics (CSet Construction) start choosing CSet, _pending_cards: 512, predicted base time: 1.37 ms, remaining time: 198.63 ms, target pause time: 200.00 ms]
 29.425: [G1Ergonomics (CSet Construction) add young regions to CSet, eden: 147 regions, survivors: 5 regions, predicted young region time: 116.06 ms]
 29.425: [G1Ergonomics (CSet Construction) finish choosing CSet, eden: 147 regions, survivors: 5 regions, old: 0 regions, predicted pause time: 117.43 ms, target pause time: 200.00 ms]
, 0.0136267 secs]
   [Parallel Time: 13.0 ms, GC Workers: 2]
      [GC Worker Start (ms): Min: 29425.1, Avg: 29425.1, Max: 29425.1, Diff: 0.0]
      [Ext Root Scanning (ms): Min: 0.4, Avg: 0.4, Max: 0.4, Diff: 0.0, Sum: 0.7]
      [Update RS (ms): Min: 0.1, Avg: 0.1, Max: 0.1, Diff: 0.0, Sum: 0.1]
         [Processed Buffers: Min: 1, Avg: 1.5, Max: 2, Diff: 1, Sum: 3]
      [Scan RS (ms): Min: 0.3, Avg: 0.3, Max: 0.3, Diff: 0.0, Sum: 0.6]
      [Code Root Scanning (ms): Min: 0.1, Avg: 0.1, Max: 0.1, Diff: 0.0, Sum: 0.2]
      [Object Copy (ms): Min: 12.1, Avg: 12.1, Max: 12.1, Diff: 0.0, Sum: 24.1]
      [Termination (ms): Min: 0.0, Avg: 0.0, Max: 0.0, Diff: 0.0, Sum: 0.0]
      [GC Worker Other (ms): Min: 0.0, Avg: 0.0, Max: 0.0, Diff: 0.0, Sum: 0.1]
      [GC Worker Total (ms): Min: 12.9, Avg: 12.9, Max: 12.9, Diff: 0.0, Sum: 25.8]
      [GC Worker End (ms): Min: 29438.0, Avg: 29438.0, Max: 29438.0, Diff: 0.0]
   [Code Root Fixup: 0.0 ms]
   [Code Root Migration: 0.0 ms]
   [Clear CT: 0.1 ms]
   [Other: 0.5 ms]
      [Choose CSet: 0.0 ms]
      [Ref Proc: 0.1 ms]
      [Ref Enq: 0.0 ms]
      [Free CSet: 0.3 ms]
   [Eden: 147.0M(147.0M)->0.0B(128.0M) Survivors: 5120.0K->19.0M Heap: 214.2M(256.0M)->82.1M(256.0M)]
 [Times: user=0.02 sys=0.00, real=0.01 secs] 
2014-07-10T11:36:38.804+0200: 29.585: [GC pause (G1 Evacuation Pause) (young) 29.585: [G1Ergonomics (CSet Construction) start choosing CSet, _pending_cards: 512, predicted base time: 1.27 ms, remaining time: 198.73 ms, target pause time: 200.00 ms]
 29.585: [G1Ergonomics (CSet Construction) add young regions to CSet, eden: 128 regions, survivors: 19 regions, predicted young region time: 73.71 ms]
 29.585: [G1Ergonomics (CSet Construction) finish choosing CSet, eden: 128 regions, survivors: 19 regions, old: 0 regions, predicted pause time: 74.98 ms, target pause time: 200.00 ms]
, 0.0182415 secs]
   [Parallel Time: 16.3 ms, GC Workers: 2]
      [GC Worker Start (ms): Min: 29584.9, Avg: 29585.0, Max: 29585.0, Diff: 0.0]
      [Ext Root Scanning (ms): Min: 0.6, Avg: 0.6, Max: 0.6, Diff: 0.0, Sum: 1.1]
      [Update RS (ms): Min: 0.1, Avg: 0.1, Max: 0.1, Diff: 0.0, Sum: 0.2]
         [Processed Buffers: Min: 1, Avg: 1.5, Max: 2, Diff: 1, Sum: 3]
      [Scan RS (ms): Min: 0.4, Avg: 0.4, Max: 0.4, Diff: 0.0, Sum: 0.7]
      [Code Root Scanning (ms): Min: 0.1, Avg: 0.1, Max: 0.1, Diff: 0.0, Sum: 0.3]
      [Object Copy (ms): Min: 15.0, Avg: 15.1, Max: 15.1, Diff: 0.0, Sum: 30.1]
      [Termination (ms): Min: 0.0, Avg: 0.0, Max: 0.0, Diff: 0.0, Sum: 0.0]
      [GC Worker Other (ms): Min: 0.0, Avg: 0.1, Max: 0.1, Diff: 0.0, Sum: 0.1]
      [GC Worker Total (ms): Min: 16.3, Avg: 16.3, Max: 16.3, Diff: 0.0, Sum: 32.6]
      [GC Worker End (ms): Min: 29601.2, Avg: 29601.2, Max: 29601.2, Diff: 0.0]
   [Code Root Fixup: 0.0 ms]
   [Code Root Migration: 0.1 ms]
   [Clear CT: 0.2 ms]
   [Other: 1.6 ms]
      [Choose CSet: 0.1 ms]
      [Ref Proc: 0.6 ms]
      [Ref Enq: 0.0 ms]
      [Free CSet: 0.6 ms]
   [Eden: 128.0M(128.0M)->0.0B(133.0M) Survivors: 19.0M->16.0M Heap: 210.1M(256.0M)->78.3M(256.0M)]
 [Times: user=0.03 sys=0.00, real=0.02 secs] 
2014-07-10T11:36:38.897+0200: 29.678: [GC pause (G1 Evacuation Pause) (young) 29.678: [G1Ergonomics (CSet Construction) start choosing CSet, _pending_cards: 512, predicted base time: 1.61 ms, remaining time: 198.39 ms, target pause time: 200.00 ms]
 29.678: [G1Ergonomics (CSet Construction) add young regions to CSet, eden: 133 regions, survivors: 16 regions, predicted young region time: 112.88 ms]
 29.678: [G1Ergonomics (CSet Construction) finish choosing CSet, eden: 133 regions, survivors: 16 regions, old: 0 regions, predicted pause time: 114.49 ms, target pause time: 200.00 ms]
, 0.0113148 secs]
   [Parallel Time: 10.7 ms, GC Workers: 2]
      [GC Worker Start (ms): Min: 29678.2, Avg: 29678.2, Max: 29678.2, Diff: 0.0]
      [Ext Root Scanning (ms): Min: 0.3, Avg: 0.3, Max: 0.3, Diff: 0.0, Sum: 0.7]
      [Update RS (ms): Min: 0.0, Avg: 0.1, Max: 0.1, Diff: 0.0, Sum: 0.1]
         [Processed Buffers: Min: 1, Avg: 1.5, Max: 2, Diff: 1, Sum: 3]
      [Scan RS (ms): Min: 0.2, Avg: 0.2, Max: 0.2, Diff: 0.0, Sum: 0.4]
      [Code Root Scanning (ms): Min: 0.1, Avg: 0.1, Max: 0.1, Diff: 0.0, Sum: 0.2]
      [Object Copy (ms): Min: 9.9, Avg: 9.9, Max: 10.0, Diff: 0.0, Sum: 19.9]
      [Termination (ms): Min: 0.0, Avg: 0.0, Max: 0.0, Diff: 0.0, Sum: 0.0]
      [GC Worker Other (ms): Min: 0.0, Avg: 0.0, Max: 0.0, Diff: 0.0, Sum: 0.1]
      [GC Worker Total (ms): Min: 10.7, Avg: 10.7, Max: 10.7, Diff: 0.0, Sum: 21.4]
      [GC Worker End (ms): Min: 29688.9, Avg: 29688.9, Max: 29688.9, Diff: 0.0]
   [Code Root Fixup: 0.0 ms]
   [Code Root Migration: 0.0 ms]
   [Clear CT: 0.1 ms]
   [Other: 0.4 ms]
      [Choose CSet: 0.0 ms]
      [Ref Proc: 0.1 ms]
      [Ref Enq: 0.0 ms]
      [Free CSet: 0.2 ms]
   [Eden: 133.0M(133.0M)->0.0B(133.0M) Survivors: 16.0M->16.0M Heap: 211.3M(256.0M)->79.1M(256.0M)]
 [Times: user=0.03 sys=0.00, real=0.01 secs] 
2014-07-10T11:36:39.034+0200: 29.815: [GC pause (G1 Evacuation Pause) (young) 29.815: [G1Ergonomics (CSet Construction) start choosing CSet, _pending_cards: 257, predicted base time: 1.39 ms, remaining time: 198.61 ms, target pause time: 200.00 ms]
 29.815: [G1Ergonomics (CSet Construction) add young regions to CSet, eden: 133 regions, survivors: 16 regions, predicted young region time: 72.52 ms]
 29.815: [G1Ergonomics (CSet Construction) finish choosing CSet, eden: 133 regions, survivors: 16 regions, old: 0 regions, predicted pause time: 73.91 ms, target pause time: 200.00 ms]
, 0.0069531 secs]
   [Parallel Time: 6.4 ms, GC Workers: 2]
      [GC Worker Start (ms): Min: 29815.2, Avg: 29815.2, Max: 29815.2, Diff: 0.0]
      [Ext Root Scanning (ms): Min: 0.4, Avg: 0.4, Max: 0.4, Diff: 0.0, Sum: 0.7]
      [Update RS (ms): Min: 0.0, Avg: 0.0, Max: 0.0, Diff: 0.0, Sum: 0.1]
         [Processed Buffers: Min: 1, Avg: 1.5, Max: 2, Diff: 1, Sum: 3]
      [Scan RS (ms): Min: 0.3, Avg: 0.3, Max: 0.3, Diff: 0.0, Sum: 0.5]
      [Code Root Scanning (ms): Min: 0.1, Avg: 0.1, Max: 0.1, Diff: 0.0, Sum: 0.2]
      [Object Copy (ms): Min: 5.5, Avg: 5.5, Max: 5.5, Diff: 0.0, Sum: 11.0]
      [Termination (ms): Min: 0.0, Avg: 0.0, Max: 0.0, Diff: 0.0, Sum: 0.0]
      [GC Worker Other (ms): Min: 0.0, Avg: 0.0, Max: 0.0, Diff: 0.0, Sum: 0.1]
      [GC Worker Total (ms): Min: 6.3, Avg: 6.3, Max: 6.3, Diff: 0.0, Sum: 12.7]
      [GC Worker End (ms): Min: 29821.5, Avg: 29821.5, Max: 29821.5, Diff: 0.0]
   [Code Root Fixup: 0.0 ms]
   [Code Root Migration: 0.0 ms]
   [Clear CT: 0.1 ms]
   [Other: 0.4 ms]
      [Choose CSet: 0.0 ms]
      [Ref Proc: 0.1 ms]
      [Ref Enq: 0.0 ms]
      [Free CSet: 0.2 ms]
   [Eden: 133.0M(133.0M)->0.0B(141.0M) Survivors: 16.0M->9216.0K Heap: 212.1M(256.0M)->72.0M(256.0M)]
 [Times: user=0.00 sys=0.00, real=0.01 secs] 
2014-07-10T11:36:39.203+0200: 29.984: [GC pause (G1 Evacuation Pause) (young) 29.984: [G1Ergonomics (CSet Construction) start choosing CSet, _pending_cards: 512, predicted base time: 1.32 ms, remaining time: 198.68 ms, target pause time: 200.00 ms]
 29.984: [G1Ergonomics (CSet Construction) add young regions to CSet, eden: 141 regions, survivors: 9 regions, predicted young region time: 105.96 ms]
 29.984: [G1Ergonomics (CSet Construction) finish choosing CSet, eden: 141 regions, survivors: 9 regions, old: 0 regions, predicted pause time: 107.28 ms, target pause time: 200.00 ms]
, 0.0179082 secs]
   [Parallel Time: 17.0 ms, GC Workers: 2]
      [GC Worker Start (ms): Min: 29983.9, Avg: 29983.9, Max: 29983.9, Diff: 0.0]
      [Ext Root Scanning (ms): Min: 0.7, Avg: 0.7, Max: 0.8, Diff: 0.2, Sum: 1.5]
      [Update RS (ms): Min: 0.0, Avg: 0.1, Max: 0.1, Diff: 0.1, Sum: 0.1]
         [Processed Buffers: Min: 0, Avg: 1.5, Max: 3, Diff: 3, Sum: 3]
      [Scan RS (ms): Min: 0.4, Avg: 0.7, Max: 1.0, Diff: 0.6, Sum: 1.4]
      [Code Root Scanning (ms): Min: 0.1, Avg: 0.1, Max: 0.2, Diff: 0.0, Sum: 0.3]
      [Object Copy (ms): Min: 14.9, Avg: 15.2, Max: 15.5, Diff: 0.5, Sum: 30.4]
      [Termination (ms): Min: 0.0, Avg: 0.0, Max: 0.0, Diff: 0.0, Sum: 0.0]
      [GC Worker Other (ms): Min: 0.0, Avg: 0.0, Max: 0.0, Diff: 0.0, Sum: 0.1]
      [GC Worker Total (ms): Min: 16.9, Avg: 16.9, Max: 16.9, Diff: 0.0, Sum: 33.8]
      [GC Worker End (ms): Min: 30000.8, Avg: 30000.8, Max: 30000.8, Diff: 0.0]
   [Code Root Fixup: 0.0 ms]
   [Code Root Migration: 0.1 ms]
   [Clear CT: 0.1 ms]
   [Other: 0.8 ms]
      [Choose CSet: 0.1 ms]
      [Ref Proc: 0.1 ms]
      [Ref Enq: 0.0 ms]
      [Free CSet: 0.3 ms]
   [Eden: 141.0M(141.0M)->0.0B(130.0M) Survivors: 9216.0K->18.0M Heap: 213.0M(256.0M)->80.9M(256.0M)]
 [Times: user=0.06 sys=0.00, real=0.02 secs] 
2014-07-10T11:36:39.297+0200: 30.078: [GC pause (G1 Evacuation Pause) (young) 30.078: [G1Ergonomics (CSet Construction) start choosing CSet, _pending_cards: 256, predicted base time: 1.41 ms, remaining time: 198.59 ms, target pause time: 200.00 ms]
 30.078: [G1Ergonomics (CSet Construction) add young regions to CSet, eden: 130 regions, survivors: 18 regions, predicted young region time: 25.57 ms]
 30.078: [G1Ergonomics (CSet Construction) finish choosing CSet, eden: 130 regions, survivors: 18 regions, old: 0 regions, predicted pause time: 26.98 ms, target pause time: 200.00 ms]
, 0.0109819 secs]
   [Parallel Time: 10.3 ms, GC Workers: 2]
      [GC Worker Start (ms): Min: 30077.9, Avg: 30077.9, Max: 30077.9, Diff: 0.0]
      [Ext Root Scanning (ms): Min: 0.3, Avg: 0.3, Max: 0.3, Diff: 0.0, Sum: 0.7]
      [Update RS (ms): Min: 0.0, Avg: 0.0, Max: 0.1, Diff: 0.0, Sum: 0.1]
         [Processed Buffers: Min: 1, Avg: 1.0, Max: 1, Diff: 0, Sum: 2]
      [Scan RS (ms): Min: 0.2, Avg: 0.2, Max: 0.2, Diff: 0.0, Sum: 0.4]
      [Code Root Scanning (ms): Min: 0.1, Avg: 0.1, Max: 0.1, Diff: 0.0, Sum: 0.2]
      [Object Copy (ms): Min: 9.5, Avg: 9.5, Max: 9.5, Diff: 0.0, Sum: 19.1]
      [Termination (ms): Min: 0.0, Avg: 0.0, Max: 0.0, Diff: 0.0, Sum: 0.0]
      [GC Worker Other (ms): Min: 0.0, Avg: 0.0, Max: 0.0, Diff: 0.0, Sum: 0.1]
      [GC Worker Total (ms): Min: 10.3, Avg: 10.3, Max: 10.3, Diff: 0.0, Sum: 20.5]
      [GC Worker End (ms): Min: 30088.1, Avg: 30088.2, Max: 30088.2, Diff: 0.0]
   [Code Root Fixup: 0.0 ms]
   [Code Root Migration: 0.1 ms]
   [Clear CT: 0.1 ms]
   [Other: 0.5 ms]
      [Choose CSet: 0.0 ms]
      [Ref Proc: 0.1 ms]
      [Ref Enq: 0.0 ms]
      [Free CSet: 0.2 ms]
   [Eden: 130.0M(130.0M)->0.0B(133.0M) Survivors: 18.0M->16.0M Heap: 210.9M(256.0M)->78.8M(256.0M)]
 [Times: user=0.03 sys=0.00, real=0.01 secs] 
2014-07-10T11:36:39.430+0200: 30.210: [GC pause (G1 Evacuation Pause) (young) 30.210: [G1Ergonomics (CSet Construction) start choosing CSet, _pending_cards: 259, predicted base time: 1.29 ms, remaining time: 198.71 ms, target pause time: 200.00 ms]
 30.210: [G1Ergonomics (CSet Construction) add young regions to CSet, eden: 133 regions, survivors: 16 regions, predicted young region time: 99.77 ms]
 30.210: [G1Ergonomics (CSet Construction) finish choosing CSet, eden: 133 regions, survivors: 16 regions, old: 0 regions, predicted pause time: 101.07 ms, target pause time: 200.00 ms]
, 0.0058931 secs]
   [Parallel Time: 5.4 ms, GC Workers: 2]
      [GC Worker Start (ms): Min: 30210.5, Avg: 30210.5, Max: 30210.5, Diff: 0.0]
      [Ext Root Scanning (ms): Min: 0.3, Avg: 0.3, Max: 0.3, Diff: 0.0, Sum: 0.6]
      [Update RS (ms): Min: 0.1, Avg: 0.1, Max: 0.1, Diff: 0.0, Sum: 0.1]
         [Processed Buffers: Min: 1, Avg: 1.5, Max: 2, Diff: 1, Sum: 3]
      [Scan RS (ms): Min: 0.2, Avg: 0.2, Max: 0.2, Diff: 0.0, Sum: 0.4]
      [Code Root Scanning (ms): Min: 0.1, Avg: 0.1, Max: 0.1, Diff: 0.0, Sum: 0.2]
      [Object Copy (ms): Min: 4.6, Avg: 4.6, Max: 4.6, Diff: 0.0, Sum: 9.3]
      [Termination (ms): Min: 0.0, Avg: 0.0, Max: 0.0, Diff: 0.0, Sum: 0.0]
      [GC Worker Other (ms): Min: 0.0, Avg: 0.0, Max: 0.0, Diff: 0.0, Sum: 0.1]
      [GC Worker Total (ms): Min: 5.3, Avg: 5.3, Max: 5.3, Diff: 0.0, Sum: 10.7]
      [GC Worker End (ms): Min: 30215.8, Avg: 30215.8, Max: 30215.8, Diff: 0.0]
   [Code Root Fixup: 0.0 ms]
   [Code Root Migration: 0.0 ms]
   [Clear CT: 0.1 ms]
   [Other: 0.4 ms]
      [Choose CSet: 0.0 ms]
      [Ref Proc: 0.0 ms]
      [Ref Enq: 0.0 ms]
      [Free CSet: 0.2 ms]
   [Eden: 133.0M(133.0M)->0.0B(143.0M) Survivors: 16.0M->8192.0K Heap: 211.8M(256.0M)->70.5M(256.0M)]
 [Times: user=0.00 sys=0.00, real=0.01 secs] 
2014-07-10T11:36:39.598+0200: 30.379: [GC pause (G1 Evacuation Pause) (young) 30.379: [G1Ergonomics (CSet Construction) start choosing CSet, _pending_cards: 513, predicted base time: 1.23 ms, remaining time: 198.77 ms, target pause time: 200.00 ms]
 30.379: [G1Ergonomics (CSet Construction) add young regions to CSet, eden: 143 regions, survivors: 8 regions, predicted young region time: 18.22 ms]
 30.379: [G1Ergonomics (CSet Construction) finish choosing CSet, eden: 143 regions, survivors: 8 regions, old: 0 regions, predicted pause time: 19.45 ms, target pause time: 200.00 ms]
, 0.0141906 secs]
   [Parallel Time: 12.2 ms, GC Workers: 2]
      [GC Worker Start (ms): Min: 30379.5, Avg: 30379.5, Max: 30379.5, Diff: 0.0]
      [Ext Root Scanning (ms): Min: 0.5, Avg: 0.5, Max: 0.5, Diff: 0.0, Sum: 1.1]
      [Update RS (ms): Min: 0.1, Avg: 0.1, Max: 0.1, Diff: 0.0, Sum: 0.2]
         [Processed Buffers: Min: 1, Avg: 2.0, Max: 3, Diff: 2, Sum: 4]
      [Scan RS (ms): Min: 0.4, Avg: 0.4, Max: 0.4, Diff: 0.0, Sum: 0.8]
      [Code Root Scanning (ms): Min: 0.1, Avg: 0.1, Max: 0.1, Diff: 0.0, Sum: 0.3]
      [Object Copy (ms): Min: 10.3, Avg: 10.4, Max: 10.6, Diff: 0.3, Sum: 20.9]
      [Termination (ms): Min: 0.0, Avg: 0.3, Max: 0.5, Diff: 0.5, Sum: 0.5]
      [GC Worker Other (ms): Min: 0.1, Avg: 0.1, Max: 0.1, Diff: 0.1, Sum: 0.2]
      [GC Worker Total (ms): Min: 11.8, Avg: 12.0, Max: 12.1, Diff: 0.3, Sum: 24.0]
      [GC Worker End (ms): Min: 30391.4, Avg: 30391.5, Max: 30391.7, Diff: 0.3]
   [Code Root Fixup: 0.0 ms]
   [Code Root Migration: 0.1 ms]
   [Clear CT: 0.2 ms]
   [Other: 1.7 ms]
      [Choose CSet: 0.1 ms]
      [Ref Proc: 0.9 ms]
      [Ref Enq: 0.0 ms]
      [Free CSet: 0.5 ms]
   [Eden: 143.0M(143.0M)->0.0B(141.0M) Survivors: 8192.0K->11.0M Heap: 213.5M(256.0M)->73.4M(256.0M)]
 [Times: user=0.01 sys=0.00, real=0.01 secs] 
2014-07-10T11:36:39.700+0200: 30.481: [GC pause (G1 Evacuation Pause) (young) 30.481: [G1Ergonomics (CSet Construction) start choosing CSet, _pending_cards: 512, predicted base time: 1.76 ms, remaining time: 198.24 ms, target pause time: 200.00 ms]
 30.481: [G1Ergonomics (CSet Construction) add young regions to CSet, eden: 141 regions, survivors: 11 regions, predicted young region time: 119.41 ms]
 30.481: [G1Ergonomics (CSet Construction) finish choosing CSet, eden: 141 regions, survivors: 11 regions, old: 0 regions, predicted pause time: 121.17 ms, target pause time: 200.00 ms]
, 0.0135479 secs]
   [Parallel Time: 12.8 ms, GC Workers: 2]
      [GC Worker Start (ms): Min: 30480.9, Avg: 30481.1, Max: 30481.3, Diff: 0.4]
      [Ext Root Scanning (ms): Min: 0.0, Avg: 0.2, Max: 0.4, Diff: 0.4, Sum: 0.4]
      [Update RS (ms): Min: 0.1, Avg: 0.1, Max: 0.1, Diff: 0.0, Sum: 0.1]
         [Processed Buffers: Min: 1, Avg: 1.5, Max: 2, Diff: 1, Sum: 3]
      [Scan RS (ms): Min: 0.2, Avg: 0.2, Max: 0.2, Diff: 0.0, Sum: 0.5]
      [Code Root Scanning (ms): Min: 0.1, Avg: 0.1, Max: 0.1, Diff: 0.0, Sum: 0.2]
      [Object Copy (ms): Min: 11.8, Avg: 11.8, Max: 11.8, Diff: 0.0, Sum: 23.6]
      [Termination (ms): Min: 0.0, Avg: 0.0, Max: 0.0, Diff: 0.0, Sum: 0.0]
      [GC Worker Other (ms): Min: 0.0, Avg: 0.0, Max: 0.0, Diff: 0.0, Sum: 0.1]
      [GC Worker Total (ms): Min: 12.3, Avg: 12.5, Max: 12.7, Diff: 0.4, Sum: 25.0]
      [GC Worker End (ms): Min: 30493.6, Avg: 30493.6, Max: 30493.6, Diff: 0.0]
   [Code Root Fixup: 0.0 ms]
   [Code Root Migration: 0.0 ms]
   [Clear CT: 0.2 ms]
   [Other: 0.5 ms]
      [Choose CSet: 0.0 ms]
      [Ref Proc: 0.1 ms]
      [Ref Enq: 0.0 ms]
      [Free CSet: 0.2 ms]
   [Eden: 141.0M(141.0M)->0.0B(128.0M) Survivors: 11.0M->19.0M Heap: 214.4M(256.0M)->82.2M(256.0M)]
 [Times: user=0.03 sys=0.00, real=0.01 secs] 
2014-07-10T11:36:39.842+0200: 30.623: [GC pause (G1 Evacuation Pause) (young) 30.623: [G1Ergonomics (CSet Construction) start choosing CSet, _pending_cards: 512, predicted base time: 1.64 ms, remaining time: 198.36 ms, target pause time: 200.00 ms]
 30.623: [G1Ergonomics (CSet Construction) add young regions to CSet, eden: 128 regions, survivors: 19 regions, predicted young region time: 101.88 ms]
 30.623: [G1Ergonomics (CSet Construction) finish choosing CSet, eden: 128 regions, survivors: 19 regions, old: 0 regions, predicted pause time: 103.52 ms, target pause time: 200.00 ms]
, 0.0111766 secs]
   [Parallel Time: 10.5 ms, GC Workers: 2]
      [GC Worker Start (ms): Min: 30623.0, Avg: 30623.0, Max: 30623.0, Diff: 0.0]
      [Ext Root Scanning (ms): Min: 0.4, Avg: 0.4, Max: 0.5, Diff: 0.1, Sum: 0.9]
      [Update RS (ms): Min: 0.1, Avg: 0.8, Max: 1.6, Diff: 1.5, Sum: 1.6]
         [Processed Buffers: Min: 1, Avg: 1.5, Max: 2, Diff: 1, Sum: 3]
      [Scan RS (ms): Min: 0.0, Avg: 0.3, Max: 0.5, Diff: 0.5, Sum: 0.5]
      [Code Root Scanning (ms): Min: 0.0, Avg: 0.1, Max: 0.2, Diff: 0.2, Sum: 0.2]
      [Object Copy (ms): Min: 8.5, Avg: 8.8, Max: 9.2, Diff: 0.7, Sum: 17.6]
      [Termination (ms): Min: 0.0, Avg: 0.0, Max: 0.0, Diff: 0.0, Sum: 0.0]
      [GC Worker Other (ms): Min: 0.0, Avg: 0.0, Max: 0.0, Diff: 0.0, Sum: 0.1]
      [GC Worker Total (ms): Min: 10.5, Avg: 10.5, Max: 10.5, Diff: 0.0, Sum: 21.0]
      [GC Worker End (ms): Min: 30633.5, Avg: 30633.5, Max: 30633.5, Diff: 0.0]
   [Code Root Fixup: 0.0 ms]
   [Code Root Migration: 0.0 ms]
   [Clear CT: 0.1 ms]
   [Other: 0.5 ms]
      [Choose CSet: 0.0 ms]
      [Ref Proc: 0.1 ms]
      [Ref Enq: 0.0 ms]
      [Free CSet: 0.2 ms]
   [Eden: 128.0M(128.0M)->0.0B(135.0M) Survivors: 19.0M->15.0M Heap: 210.2M(256.0M)->78.1M(256.0M)]
 [Times: user=0.02 sys=0.00, real=0.01 secs] 
2014-07-10T11:36:39.997+0200: 30.778: [GC pause (G1 Evacuation Pause) (young) 30.778: [G1Ergonomics (CSet Construction) start choosing CSet, _pending_cards: 257, predicted base time: 1.64 ms, remaining time: 198.36 ms, target pause time: 200.00 ms]
 30.778: [G1Ergonomics (CSet Construction) add young regions to CSet, eden: 135 regions, survivors: 15 regions, predicted young region time: 74.00 ms]
 30.778: [G1Ergonomics (CSet Construction) finish choosing CSet, eden: 135 regions, survivors: 15 regions, old: 0 regions, predicted pause time: 75.64 ms, target pause time: 200.00 ms]
, 0.0131593 secs]
   [Parallel Time: 11.0 ms, GC Workers: 2]
      [GC Worker Start (ms): Min: 30777.9, Avg: 30778.0, Max: 30778.1, Diff: 0.2]
      [Ext Root Scanning (ms): Min: 0.5, Avg: 0.6, Max: 0.7, Diff: 0.2, Sum: 1.2]
      [Update RS (ms): Min: 0.1, Avg: 0.1, Max: 0.1, Diff: 0.0, Sum: 0.1]
         [Processed Buffers: Min: 1, Avg: 1.5, Max: 2, Diff: 1, Sum: 3]
      [Scan RS (ms): Min: 0.4, Avg: 0.4, Max: 0.4, Diff: 0.0, Sum: 0.8]
      [Code Root Scanning (ms): Min: 0.1, Avg: 0.1, Max: 0.1, Diff: 0.0, Sum: 0.3]
      [Object Copy (ms): Min: 9.6, Avg: 9.6, Max: 9.6, Diff: 0.0, Sum: 19.2]
      [Termination (ms): Min: 0.0, Avg: 0.0, Max: 0.0, Diff: 0.0, Sum: 0.0]
      [GC Worker Other (ms): Min: 0.0, Avg: 0.0, Max: 0.1, Diff: 0.0, Sum: 0.1]
      [GC Worker Total (ms): Min: 10.8, Avg: 10.9, Max: 11.0, Diff: 0.2, Sum: 21.7]
      [GC Worker End (ms): Min: 30788.8, Avg: 30788.8, Max: 30788.8, Diff: 0.0]
   [Code Root Fixup: 0.0 ms]
   [Code Root Migration: 0.1 ms]
   [Clear CT: 0.2 ms]
   [Other: 1.9 ms]
      [Choose CSet: 0.1 ms]
      [Ref Proc: 0.8 ms]
      [Ref Enq: 0.0 ms]
      [Free CSet: 0.8 ms]
   [Eden: 135.0M(135.0M)->0.0B(141.0M) Survivors: 15.0M->10.0M Heap: 213.1M(256.0M)->73.0M(256.0M)]
 [Times: user=0.03 sys=0.00, real=0.01 secs] 
2014-07-10T11:36:40.102+0200: 30.883: [GC pause (G1 Evacuation Pause) (young) 30.883: [G1Ergonomics (CSet Construction) start choosing CSet, _pending_cards: 512, predicted base time: 2.12 ms, remaining time: 197.88 ms, target pause time: 200.00 ms]
 30.883: [G1Ergonomics (CSet Construction) add young regions to CSet, eden: 141 regions, survivors: 10 regions, predicted young region time: 118.93 ms]
 30.883: [G1Ergonomics (CSet Construction) finish choosing CSet, eden: 141 regions, survivors: 10 regions, old: 0 regions, predicted pause time: 121.05 ms, target pause time: 200.00 ms]
, 0.0123710 secs]
   [Parallel Time: 11.7 ms, GC Workers: 2]
      [GC Worker Start (ms): Min: 30883.3, Avg: 30883.3, Max: 30883.3, Diff: 0.0]
      [Ext Root Scanning (ms): Min: 0.2, Avg: 0.2, Max: 0.2, Diff: 0.0, Sum: 0.4]
      [Update RS (ms): Min: 0.0, Avg: 0.0, Max: 0.0, Diff: 0.0, Sum: 0.1]
         [Processed Buffers: Min: 1, Avg: 1.5, Max: 2, Diff: 1, Sum: 3]
      [Scan RS (ms): Min: 0.2, Avg: 0.2, Max: 0.2, Diff: 0.0, Sum: 0.4]
      [Code Root Scanning (ms): Min: 0.1, Avg: 0.1, Max: 0.1, Diff: 0.0, Sum: 0.2]
      [Object Copy (ms): Min: 11.1, Avg: 11.1, Max: 11.1, Diff: 0.0, Sum: 22.2]
      [Termination (ms): Min: 0.0, Avg: 0.0, Max: 0.0, Diff: 0.0, Sum: 0.0]
      [GC Worker Other (ms): Min: 0.0, Avg: 0.0, Max: 0.0, Diff: 0.0, Sum: 0.1]
      [GC Worker Total (ms): Min: 11.7, Avg: 11.7, Max: 11.7, Diff: 0.0, Sum: 23.3]
      [GC Worker End (ms): Min: 30895.0, Avg: 30895.0, Max: 30895.0, Diff: 0.0]
   [Code Root Fixup: 0.0 ms]
   [Code Root Migration: 0.0 ms]
   [Clear CT: 0.2 ms]
   [Other: 0.5 ms]
      [Choose CSet: 0.0 ms]
      [Ref Proc: 0.1 ms]
      [Ref Enq: 0.0 ms]
      [Free CSet: 0.2 ms]
   [Eden: 141.0M(141.0M)->0.0B(128.0M) Survivors: 10.0M->19.0M Heap: 214.0M(256.0M)->81.9M(256.0M)]
 [Times: user=0.03 sys=0.00, real=0.01 secs] 
2014-07-10T11:36:40.230+0200: 31.011: [GC pause (G1 Evacuation Pause) (young) 31.011: [G1Ergonomics (CSet Construction) start choosing CSet, _pending_cards: 512, predicted base time: 1.82 ms, remaining time: 198.18 ms, target pause time: 200.00 ms]
 31.011: [G1Ergonomics (CSet Construction) add young regions to CSet, eden: 128 regions, survivors: 19 regions, predicted young region time: 75.92 ms]
 31.011: [G1Ergonomics (CSet Construction) finish choosing CSet, eden: 128 regions, survivors: 19 regions, old: 0 regions, predicted pause time: 77.74 ms, target pause time: 200.00 ms]
, 0.0111909 secs]
   [Parallel Time: 10.0 ms, GC Workers: 2]
      [GC Worker Start (ms): Min: 31011.2, Avg: 31011.2, Max: 31011.2, Diff: 0.0]
      [Ext Root Scanning (ms): Min: 0.4, Avg: 0.4, Max: 0.4, Diff: 0.0, Sum: 0.7]
      [Update RS (ms): Min: 0.0, Avg: 0.0, Max: 0.0, Diff: 0.0, Sum: 0.1]
         [Processed Buffers: Min: 1, Avg: 1.5, Max: 2, Diff: 1, Sum: 3]
      [Scan RS (ms): Min: 0.2, Avg: 0.2, Max: 0.2, Diff: 0.0, Sum: 0.4]
      [Code Root Scanning (ms): Min: 0.1, Avg: 0.1, Max: 0.1, Diff: 0.0, Sum: 0.2]
      [Object Copy (ms): Min: 9.1, Avg: 9.1, Max: 9.1, Diff: 0.0, Sum: 18.2]
      [Termination (ms): Min: 0.0, Avg: 0.1, Max: 0.2, Diff: 0.2, Sum: 0.2]
      [GC Worker Other (ms): Min: 0.0, Avg: 0.0, Max: 0.0, Diff: 0.0, Sum: 0.1]
      [GC Worker Total (ms): Min: 9.9, Avg: 9.9, Max: 10.0, Diff: 0.1, Sum: 19.8]
      [GC Worker End (ms): Min: 31021.1, Avg: 31021.1, Max: 31021.1, Diff: 0.1]
   [Code Root Fixup: 0.1 ms]
   [Code Root Migration: 0.0 ms]
   [Clear CT: 0.1 ms]
   [Other: 1.0 ms]
      [Choose CSet: 0.0 ms]
      [Ref Proc: 0.7 ms]
      [Ref Enq: 0.0 ms]
      [Free CSet: 0.2 ms]
   [Eden: 128.0M(128.0M)->0.0B(135.0M) Survivors: 19.0M->15.0M Heap: 209.9M(256.0M)->77.8M(256.0M)]
 [Times: user=0.03 sys=0.00, real=0.01 secs] 
2014-07-10T11:36:40.399+0200: 31.180: [GC pause (G1 Evacuation Pause) (young) 31.180: [G1Ergonomics (CSet Construction) start choosing CSet, _pending_cards: 512, predicted base time: 1.80 ms, remaining time: 198.20 ms, target pause time: 200.00 ms]
 31.180: [G1Ergonomics (CSet Construction) add young regions to CSet, eden: 135 regions, survivors: 15 regions, predicted young region time: 100.88 ms]
 31.180: [G1Ergonomics (CSet Construction) finish choosing CSet, eden: 135 regions, survivors: 15 regions, old: 0 regions, predicted pause time: 102.67 ms, target pause time: 200.00 ms]
, 0.0184611 secs]
   [Parallel Time: 12.6 ms, GC Workers: 2]
      [GC Worker Start (ms): Min: 31180.3, Avg: 31180.5, Max: 31180.7, Diff: 0.4]
      [Ext Root Scanning (ms): Min: 0.1, Avg: 0.3, Max: 0.5, Diff: 0.4, Sum: 0.5]
      [Update RS (ms): Min: 0.0, Avg: 0.0, Max: 0.0, Diff: 0.0, Sum: 0.1]
         [Processed Buffers: Min: 1, Avg: 1.5, Max: 2, Diff: 1, Sum: 3]
      [Scan RS (ms): Min: 0.2, Avg: 0.2, Max: 0.2, Diff: 0.0, Sum: 0.4]
      [Code Root Scanning (ms): Min: 0.1, Avg: 0.1, Max: 0.1, Diff: 0.0, Sum: 0.2]
      [Object Copy (ms): Min: 11.0, Avg: 11.3, Max: 11.5, Diff: 0.4, Sum: 22.5]
      [Termination (ms): Min: 0.0, Avg: 0.3, Max: 0.7, Diff: 0.7, Sum: 0.7]
      [GC Worker Other (ms): Min: 0.0, Avg: 0.0, Max: 0.0, Diff: 0.0, Sum: 0.0]
      [GC Worker Total (ms): Min: 12.2, Avg: 12.2, Max: 12.3, Diff: 0.2, Sum: 24.5]
      [GC Worker End (ms): Min: 31192.6, Avg: 31192.7, Max: 31192.9, Diff: 0.3]
   [Code Root Fixup: 0.0 ms]
   [Code Root Migration: 0.1 ms]
   [Clear CT: 0.1 ms]
   [Other: 5.7 ms]
      [Choose CSet: 0.0 ms]
      [Ref Proc: 5.3 ms]
      [Ref Enq: 0.0 ms]
      [Free CSet: 0.2 ms]
   [Eden: 135.0M(135.0M)->0.0B(130.0M) Survivors: 15.0M->18.0M Heap: 212.8M(256.0M)->80.7M(256.0M)]
 [Times: user=0.02 sys=0.00, real=0.02 secs] 
2014-07-10T11:36:40.513+0200: 31.293: [GC pause (G1 Evacuation Pause) (young) 31.294: [G1Ergonomics (CSet Construction) start choosing CSet, _pending_cards: 258, predicted base time: 3.90 ms, remaining time: 196.10 ms, target pause time: 200.00 ms]
 31.294: [G1Ergonomics (CSet Construction) add young regions to CSet, eden: 130 regions, survivors: 18 regions, predicted young region time: 32.80 ms]
 31.294: [G1Ergonomics (CSet Construction) finish choosing CSet, eden: 130 regions, survivors: 18 regions, old: 0 regions, predicted pause time: 36.71 ms, target pause time: 200.00 ms]
, 0.0029964 secs]
   [Parallel Time: 2.2 ms, GC Workers: 2]
      [GC Worker Start (ms): Min: 31293.6, Avg: 31293.6, Max: 31293.6, Diff: 0.0]
      [Ext Root Scanning (ms): Min: 0.3, Avg: 0.3, Max: 0.3, Diff: 0.0, Sum: 0.5]
      [Update RS (ms): Min: 0.0, Avg: 0.0, Max: 0.0, Diff: 0.0, Sum: 0.1]
         [Processed Buffers: Min: 1, Avg: 1.5, Max: 2, Diff: 1, Sum: 3]
      [Scan RS (ms): Min: 0.2, Avg: 0.2, Max: 0.2, Diff: 0.0, Sum: 0.4]
      [Code Root Scanning (ms): Min: 0.1, Avg: 0.1, Max: 0.1, Diff: 0.0, Sum: 0.2]
      [Object Copy (ms): Min: 1.5, Avg: 1.5, Max: 1.5, Diff: 0.0, Sum: 3.0]
      [Termination (ms): Min: 0.0, Avg: 0.0, Max: 0.0, Diff: 0.0, Sum: 0.0]
      [GC Worker Other (ms): Min: 0.0, Avg: 0.0, Max: 0.0, Diff: 0.0, Sum: 0.1]
      [GC Worker Total (ms): Min: 2.1, Avg: 2.1, Max: 2.1, Diff: 0.0, Sum: 4.3]
      [GC Worker End (ms): Min: 31295.8, Avg: 31295.8, Max: 31295.8, Diff: 0.0]
   [Code Root Fixup: 0.0 ms]
   [Code Root Migration: 0.1 ms]
   [Clear CT: 0.1 ms]
   [Other: 0.6 ms]
      [Choose CSet: 0.0 ms]
      [Ref Proc: 0.2 ms]
      [Ref Enq: 0.0 ms]
      [Free CSet: 0.2 ms]
   [Eden: 130.0M(130.0M)->0.0B(147.0M) Survivors: 18.0M->4096.0K Heap: 210.7M(256.0M)->66.4M(256.0M)]
 [Times: user=0.03 sys=0.00, real=0.00 secs] 
2014-07-10T11:36:40.631+0200: 31.412: [GC pause (G1 Evacuation Pause) (young) 31.412: [G1Ergonomics (CSet Construction) start choosing CSet, _pending_cards: 512, predicted base time: 3.33 ms, remaining time: 196.67 ms, target pause time: 200.00 ms]
 31.412: [G1Ergonomics (CSet Construction) add young regions to CSet, eden: 147 regions, survivors: 4 regions, predicted young region time: 98.14 ms]
 31.412: [G1Ergonomics (CSet Construction) finish choosing CSet, eden: 147 regions, survivors: 4 regions, old: 0 regions, predicted pause time: 101.47 ms, target pause time: 200.00 ms]
, 0.0128664 secs]
   [Parallel Time: 12.2 ms, GC Workers: 2]
      [GC Worker Start (ms): Min: 31412.2, Avg: 31412.2, Max: 31412.2, Diff: 0.0]
      [Ext Root Scanning (ms): Min: 0.4, Avg: 0.4, Max: 0.4, Diff: 0.0, Sum: 0.8]
      [Update RS (ms): Min: 0.0, Avg: 0.0, Max: 0.1, Diff: 0.0, Sum: 0.1]
         [Processed Buffers: Min: 1, Avg: 1.5, Max: 2, Diff: 1, Sum: 3]
      [Scan RS (ms): Min: 0.2, Avg: 0.2, Max: 0.2, Diff: 0.0, Sum: 0.5]
      [Code Root Scanning (ms): Min: 0.1, Avg: 0.1, Max: 0.1, Diff: 0.0, Sum: 0.2]
      [Object Copy (ms): Min: 11.3, Avg: 11.3, Max: 11.4, Diff: 0.0, Sum: 22.7]
      [Termination (ms): Min: 0.0, Avg: 0.0, Max: 0.0, Diff: 0.0, Sum: 0.0]
      [GC Worker Other (ms): Min: 0.0, Avg: 0.0, Max: 0.0, Diff: 0.0, Sum: 0.1]
      [GC Worker Total (ms): Min: 12.1, Avg: 12.1, Max: 12.1, Diff: 0.0, Sum: 24.3]
      [GC Worker End (ms): Min: 31424.3, Avg: 31424.3, Max: 31424.3, Diff: 0.0]
   [Code Root Fixup: 0.0 ms]
   [Code Root Migration: 0.0 ms]
   [Clear CT: 0.2 ms]
   [Other: 0.5 ms]
      [Choose CSet: 0.0 ms]
      [Ref Proc: 0.1 ms]
      [Ref Enq: 0.0 ms]
      [Free CSet: 0.2 ms]
   [Eden: 147.0M(147.0M)->0.0B(130.0M) Survivors: 4096.0K->18.0M Heap: 213.4M(256.0M)->81.3M(256.0M)]
 [Times: user=0.03 sys=0.00, real=0.01 secs] 
2014-07-10T11:36:40.803+0200: 31.584: [GC pause (G1 Evacuation Pause) (young) 31.584: [G1Ergonomics (CSet Construction) start choosing CSet, _pending_cards: 512, predicted base time: 2.81 ms, remaining time: 197.19 ms, target pause time: 200.00 ms]
 31.584: [G1Ergonomics (CSet Construction) add young regions to CSet, eden: 130 regions, survivors: 18 regions, predicted young region time: 20.99 ms]
 31.584: [G1Ergonomics (CSet Construction) finish choosing CSet, eden: 130 regions, survivors: 18 regions, old: 0 regions, predicted pause time: 23.79 ms, target pause time: 200.00 ms]
, 0.0190799 secs]
   [Parallel Time: 17.6 ms, GC Workers: 2]
      [GC Worker Start (ms): Min: 31583.7, Avg: 31583.7, Max: 31583.7, Diff: 0.0]
      [Ext Root Scanning (ms): Min: 0.7, Avg: 0.7, Max: 0.7, Diff: 0.0, Sum: 1.5]
      [Update RS (ms): Min: 0.1, Avg: 0.1, Max: 0.1, Diff: 0.0, Sum: 0.2]
         [Processed Buffers: Min: 1, Avg: 1.5, Max: 2, Diff: 1, Sum: 3]
      [Scan RS (ms): Min: 0.4, Avg: 0.4, Max: 0.4, Diff: 0.0, Sum: 0.8]
      [Code Root Scanning (ms): Min: 0.1, Avg: 0.1, Max: 0.2, Diff: 0.0, Sum: 0.3]
      [Object Copy (ms): Min: 16.0, Avg: 16.0, Max: 16.0, Diff: 0.0, Sum: 32.0]
      [Termination (ms): Min: 0.0, Avg: 0.0, Max: 0.0, Diff: 0.0, Sum: 0.0]
      [GC Worker Other (ms): Min: 0.0, Avg: 0.0, Max: 0.1, Diff: 0.0, Sum: 0.1]
      [GC Worker Total (ms): Min: 17.5, Avg: 17.5, Max: 17.5, Diff: 0.0, Sum: 34.9]
      [GC Worker End (ms): Min: 31601.2, Avg: 31601.2, Max: 31601.2, Diff: 0.0]
   [Code Root Fixup: 0.0 ms]
   [Code Root Migration: 0.1 ms]
   [Clear CT: 0.2 ms]
   [Other: 1.2 ms]
      [Choose CSet: 0.1 ms]
      [Ref Proc: 0.4 ms]
      [Ref Enq: 0.0 ms]
      [Free CSet: 0.5 ms]
   [Eden: 130.0M(130.0M)->0.0B(133.0M) Survivors: 18.0M->16.0M Heap: 211.3M(256.0M)->79.2M(256.0M)]
 [Times: user=0.03 sys=0.00, real=0.02 secs] 
2014-07-10T11:36:40.898+0200: 31.679: [GC pause (G1 Evacuation Pause) (young) 31.679: [G1Ergonomics (CSet Construction) start choosing CSet, _pending_cards: 512, predicted base time: 2.67 ms, remaining time: 197.33 ms, target pause time: 200.00 ms]
 31.679: [G1Ergonomics (CSet Construction) add young regions to CSet, eden: 133 regions, survivors: 16 regions, predicted young region time: 107.59 ms]
 31.679: [G1Ergonomics (CSet Construction) finish choosing CSet, eden: 133 regions, survivors: 16 regions, old: 0 regions, predicted pause time: 110.27 ms, target pause time: 200.00 ms]
, 0.0134889 secs]
   [Parallel Time: 12.8 ms, GC Workers: 2]
      [GC Worker Start (ms): Min: 31679.5, Avg: 31679.5, Max: 31679.5, Diff: 0.0]
      [Ext Root Scanning (ms): Min: 0.3, Avg: 0.3, Max: 0.3, Diff: 0.0, Sum: 0.6]
      [Update RS (ms): Min: 0.0, Avg: 0.1, Max: 0.1, Diff: 0.0, Sum: 0.1]
         [Processed Buffers: Min: 1, Avg: 1.5, Max: 2, Diff: 1, Sum: 3]
      [Scan RS (ms): Min: 0.2, Avg: 0.2, Max: 0.2, Diff: 0.0, Sum: 0.5]
      [Code Root Scanning (ms): Min: 0.1, Avg: 0.1, Max: 0.1, Diff: 0.0, Sum: 0.2]
      [Object Copy (ms): Min: 11.0, Avg: 11.4, Max: 11.9, Diff: 0.9, Sum: 22.9]
      [Termination (ms): Min: 0.0, Avg: 0.5, Max: 1.0, Diff: 1.0, Sum: 1.0]
      [GC Worker Other (ms): Min: 0.0, Avg: 0.0, Max: 0.0, Diff: 0.0, Sum: 0.1]
      [GC Worker Total (ms): Min: 12.6, Avg: 12.7, Max: 12.8, Diff: 0.1, Sum: 25.4]
      [GC Worker End (ms): Min: 31692.1, Avg: 31692.2, Max: 31692.3, Diff: 0.2]
   [Code Root Fixup: 0.0 ms]
   [Code Root Migration: 0.1 ms]
   [Clear CT: 0.1 ms]
   [Other: 0.5 ms]
      [Choose CSet: 0.0 ms]
      [Ref Proc: 0.0 ms]
      [Ref Enq: 0.0 ms]
      [Free CSet: 0.3 ms]
   [Eden: 133.0M(133.0M)->0.0B(132.0M) Survivors: 16.0M->17.0M Heap: 212.2M(256.0M)->80.1M(256.0M)]
 [Times: user=0.03 sys=0.00, real=0.01 secs] 
2014-07-10T11:36:41.046+0200: 31.827: [GC pause (G1 Evacuation Pause) (young) 31.827: [G1Ergonomics (CSet Construction) start choosing CSet, _pending_cards: 258, predicted base time: 2.21 ms, remaining time: 197.79 ms, target pause time: 200.00 ms]
 31.827: [G1Ergonomics (CSet Construction) add young regions to CSet, eden: 132 regions, survivors: 17 regions, predicted young region time: 102.98 ms]
 31.827: [G1Ergonomics (CSet Construction) finish choosing CSet, eden: 132 regions, survivors: 17 regions, old: 0 regions, predicted pause time: 105.19 ms, target pause time: 200.00 ms]
, 0.0036435 secs]
   [Parallel Time: 3.1 ms, GC Workers: 2]
      [GC Worker Start (ms): Min: 31827.0, Avg: 31827.0, Max: 31827.0, Diff: 0.0]
      [Ext Root Scanning (ms): Min: 0.2, Avg: 0.2, Max: 0.2, Diff: 0.0, Sum: 0.5]
      [Update RS (ms): Min: 0.0, Avg: 0.0, Max: 0.0, Diff: 0.0, Sum: 0.1]
         [Processed Buffers: Min: 1, Avg: 1.5, Max: 2, Diff: 1, Sum: 3]
      [Scan RS (ms): Min: 0.2, Avg: 0.2, Max: 0.2, Diff: 0.0, Sum: 0.4]
      [Code Root Scanning (ms): Min: 0.1, Avg: 0.1, Max: 0.1, Diff: 0.0, Sum: 0.2]
      [Object Copy (ms): Min: 2.4, Avg: 2.4, Max: 2.4, Diff: 0.0, Sum: 4.8]
      [Termination (ms): Min: 0.0, Avg: 0.0, Max: 0.0, Diff: 0.0, Sum: 0.0]
      [GC Worker Other (ms): Min: 0.0, Avg: 0.0, Max: 0.0, Diff: 0.0, Sum: 0.1]
      [GC Worker Total (ms): Min: 3.0, Avg: 3.0, Max: 3.1, Diff: 0.0, Sum: 6.1]
      [GC Worker End (ms): Min: 31830.0, Avg: 31830.0, Max: 31830.0, Diff: 0.0]
   [Code Root Fixup: 0.0 ms]
   [Code Root Migration: 0.0 ms]
   [Clear CT: 0.1 ms]
   [Other: 0.4 ms]
      [Choose CSet: 0.0 ms]
      [Ref Proc: 0.1 ms]
      [Ref Enq: 0.0 ms]
      [Free CSet: 0.2 ms]
   [Eden: 132.0M(132.0M)->0.0B(146.0M) Survivors: 17.0M->5120.0K Heap: 212.1M(256.0M)->67.9M(256.0M)]
 [Times: user=0.00 sys=0.00, real=0.00 secs] 
2014-07-10T11:36:41.203+0200: 31.984: [GC pause (G1 Evacuation Pause) (young) 31.985: [G1Ergonomics (CSet Construction) start choosing CSet, _pending_cards: 512, predicted base time: 1.93 ms, remaining time: 198.07 ms, target pause time: 200.00 ms]
 31.985: [G1Ergonomics (CSet Construction) add young regions to CSet, eden: 146 regions, survivors: 5 regions, predicted young region time: 71.41 ms]
 31.985: [G1Ergonomics (CSet Construction) finish choosing CSet, eden: 146 regions, survivors: 5 regions, old: 0 regions, predicted pause time: 73.34 ms, target pause time: 200.00 ms]
, 0.0218505 secs]
   [Parallel Time: 20.2 ms, GC Workers: 2]
      [GC Worker Start (ms): Min: 31984.7, Avg: 31984.7, Max: 31984.7, Diff: 0.0]
      [Ext Root Scanning (ms): Min: 0.6, Avg: 0.6, Max: 0.6, Diff: 0.0, Sum: 1.2]
      [Update RS (ms): Min: 0.1, Avg: 0.1, Max: 0.2, Diff: 0.1, Sum: 0.2]
         [Processed Buffers: Min: 1, Avg: 1.5, Max: 2, Diff: 1, Sum: 3]
      [Scan RS (ms): Min: 0.5, Avg: 0.6, Max: 0.6, Diff: 0.1, Sum: 1.1]
      [Code Root Scanning (ms): Min: 0.1, Avg: 0.2, Max: 0.2, Diff: 0.1, Sum: 0.3]
      [Object Copy (ms): Min: 18.5, Avg: 18.6, Max: 18.7, Diff: 0.1, Sum: 37.2]
      [Termination (ms): Min: 0.0, Avg: 0.0, Max: 0.0, Diff: 0.0, Sum: 0.0]
      [GC Worker Other (ms): Min: 0.1, Avg: 0.1, Max: 0.1, Diff: 0.0, Sum: 0.1]
      [GC Worker Total (ms): Min: 20.1, Avg: 20.1, Max: 20.1, Diff: 0.0, Sum: 40.2]
      [GC Worker End (ms): Min: 32004.8, Avg: 32004.8, Max: 32004.8, Diff: 0.0]
   [Code Root Fixup: 0.0 ms]
   [Code Root Migration: 0.1 ms]
   [Clear CT: 0.2 ms]
   [Other: 1.4 ms]
      [Choose CSet: 0.1 ms]
      [Ref Proc: 0.5 ms]
      [Ref Enq: 0.0 ms]
      [Free CSet: 0.6 ms]
   [Eden: 146.0M(146.0M)->0.0B(128.0M) Survivors: 5120.0K->19.0M Heap: 213.9M(256.0M)->81.8M(256.0M)]
 [Times: user=0.03 sys=0.00, real=0.02 secs] 
2014-07-10T11:36:41.297+0200: 32.077: [GC pause (G1 Evacuation Pause) (young) 32.078: [G1Ergonomics (CSet Construction) start choosing CSet, _pending_cards: 512, predicted base time: 2.02 ms, remaining time: 197.98 ms, target pause time: 200.00 ms]
 32.078: [G1Ergonomics (CSet Construction) add young regions to CSet, eden: 128 regions, survivors: 19 regions, predicted young region time: 108.02 ms]
 32.078: [G1Ergonomics (CSet Construction) finish choosing CSet, eden: 128 regions, survivors: 19 regions, old: 0 regions, predicted pause time: 110.03 ms, target pause time: 200.00 ms]
, 0.0101141 secs]
   [Parallel Time: 9.5 ms, GC Workers: 2]
      [GC Worker Start (ms): Min: 32077.6, Avg: 32077.6, Max: 32077.6, Diff: 0.0]
      [Ext Root Scanning (ms): Min: 0.3, Avg: 0.3, Max: 0.3, Diff: 0.0, Sum: 0.6]
      [Update RS (ms): Min: 0.0, Avg: 0.0, Max: 0.1, Diff: 0.0, Sum: 0.1]
         [Processed Buffers: Min: 1, Avg: 1.5, Max: 2, Diff: 1, Sum: 3]
      [Scan RS (ms): Min: 0.2, Avg: 0.2, Max: 0.2, Diff: 0.0, Sum: 0.5]
      [Code Root Scanning (ms): Min: 0.1, Avg: 0.1, Max: 0.1, Diff: 0.0, Sum: 0.2]
      [Object Copy (ms): Min: 8.7, Avg: 8.7, Max: 8.7, Diff: 0.0, Sum: 17.4]
      [Termination (ms): Min: 0.0, Avg: 0.0, Max: 0.0, Diff: 0.0, Sum: 0.0]
      [GC Worker Other (ms): Min: 0.0, Avg: 0.0, Max: 0.0, Diff: 0.0, Sum: 0.1]
      [GC Worker Total (ms): Min: 9.4, Avg: 9.4, Max: 9.4, Diff: 0.0, Sum: 18.9]
      [GC Worker End (ms): Min: 32087.0, Avg: 32087.0, Max: 32087.0, Diff: 0.0]
   [Code Root Fixup: 0.0 ms]
   [Code Root Migration: 0.0 ms]
   [Clear CT: 0.1 ms]
   [Other: 0.5 ms]
      [Choose CSet: 0.0 ms]
      [Ref Proc: 0.0 ms]
      [Ref Enq: 0.0 ms]
      [Free CSet: 0.3 ms]
   [Eden: 128.0M(128.0M)->0.0B(135.0M) Survivors: 19.0M->15.0M Heap: 209.8M(256.0M)->77.7M(256.0M)]
 [Times: user=0.00 sys=0.00, real=0.01 secs] 
2014-07-10T11:36:41.452+0200: 32.233: [GC pause (G1 Evacuation Pause) (young) 32.233: [G1Ergonomics (CSet Construction) start choosing CSet, _pending_cards: 512, predicted base time: 1.75 ms, remaining time: 198.25 ms, target pause time: 200.00 ms]
 32.233: [G1Ergonomics (CSet Construction) add young regions to CSet, eden: 135 regions, survivors: 15 regions, predicted young region time: 78.21 ms]
 32.233: [G1Ergonomics (CSet Construction) finish choosing CSet, eden: 135 regions, survivors: 15 regions, old: 0 regions, predicted pause time: 79.96 ms, target pause time: 200.00 ms]
, 0.0129533 secs]
   [Parallel Time: 12.0 ms, GC Workers: 2]
      [GC Worker Start (ms): Min: 32232.9, Avg: 32232.9, Max: 32232.9, Diff: 0.0]
      [Ext Root Scanning (ms): Min: 0.3, Avg: 0.3, Max: 0.3, Diff: 0.0, Sum: 0.7]
      [Update RS (ms): Min: 0.0, Avg: 0.0, Max: 0.1, Diff: 0.0, Sum: 0.1]
         [Processed Buffers: Min: 1, Avg: 1.5, Max: 2, Diff: 1, Sum: 3]
      [Scan RS (ms): Min: 0.3, Avg: 0.3, Max: 0.3, Diff: 0.0, Sum: 0.6]
      [Code Root Scanning (ms): Min: 0.1, Avg: 0.1, Max: 0.1, Diff: 0.0, Sum: 0.2]
      [Object Copy (ms): Min: 11.1, Avg: 11.1, Max: 11.1, Diff: 0.0, Sum: 22.2]
      [Termination (ms): Min: 0.0, Avg: 0.0, Max: 0.0, Diff: 0.0, Sum: 0.0]
      [GC Worker Other (ms): Min: 0.0, Avg: 0.0, Max: 0.0, Diff: 0.0, Sum: 0.1]
      [GC Worker Total (ms): Min: 12.0, Avg: 12.0, Max: 12.0, Diff: 0.0, Sum: 23.9]
      [GC Worker End (ms): Min: 32244.9, Avg: 32244.9, Max: 32244.9, Diff: 0.0]
   [Code Root Fixup: 0.0 ms]
   [Code Root Migration: 0.1 ms]
   [Clear CT: 0.2 ms]
   [Other: 0.7 ms]
      [Choose CSet: 0.0 ms]
      [Ref Proc: 0.2 ms]
      [Ref Enq: 0.0 ms]
      [Free CSet: 0.3 ms]
   [Eden: 135.0M(135.0M)->0.0B(132.0M) Survivors: 15.0M->17.0M Heap: 212.7M(256.0M)->80.5M(256.0M)]
 [Times: user=0.00 sys=0.00, real=0.01 secs] 
2014-07-10T11:36:41.591+0200: 32.371: [GC pause (G1 Evacuation Pause) (young) 32.372: [G1Ergonomics (CSet Construction) start choosing CSet, _pending_cards: 259, predicted base time: 1.57 ms, remaining time: 198.43 ms, target pause time: 200.00 ms]
 32.372: [G1Ergonomics (CSet Construction) add young regions to CSet, eden: 132 regions, survivors: 17 regions, predicted young region time: 99.83 ms]
 32.372: [G1Ergonomics (CSet Construction) finish choosing CSet, eden: 132 regions, survivors: 17 regions, old: 0 regions, predicted pause time: 101.40 ms, target pause time: 200.00 ms]
, 0.0046550 secs]
   [Parallel Time: 4.0 ms, GC Workers: 2]
      [GC Worker Start (ms): Min: 32371.6, Avg: 32372.0, Max: 32372.5, Diff: 0.9]
      [Ext Root Scanning (ms): Min: 0.0, Avg: 0.2, Max: 0.3, Diff: 0.3, Sum: 0.3]
      [Update RS (ms): Min: 0.0, Avg: 0.0, Max: 0.1, Diff: 0.1, Sum: 0.1]
         [Processed Buffers: Min: 0, Avg: 1.5, Max: 3, Diff: 3, Sum: 3]
      [Scan RS (ms): Min: 0.1, Avg: 0.2, Max: 0.4, Diff: 0.3, Sum: 0.4]
      [Code Root Scanning (ms): Min: 0.0, Avg: 0.1, Max: 0.2, Diff: 0.1, Sum: 0.2]
      [Object Copy (ms): Min: 2.0, Avg: 2.5, Max: 3.0, Diff: 1.0, Sum: 5.0]
      [Termination (ms): Min: 0.0, Avg: 0.5, Max: 1.1, Diff: 1.1, Sum: 1.1]
      [GC Worker Other (ms): Min: 0.0, Avg: 0.0, Max: 0.0, Diff: 0.0, Sum: 0.0]
      [GC Worker Total (ms): Min: 3.1, Avg: 3.6, Max: 4.0, Diff: 0.9, Sum: 7.1]
      [GC Worker End (ms): Min: 32375.6, Avg: 32375.6, Max: 32375.6, Diff: 0.0]
   [Code Root Fixup: 0.0 ms]
   [Code Root Migration: 0.0 ms]
   [Clear CT: 0.1 ms]
   [Other: 0.5 ms]
      [Choose CSet: 0.0 ms]
      [Ref Proc: 0.1 ms]
      [Ref Enq: 0.0 ms]
      [Free CSet: 0.3 ms]
   [Eden: 132.0M(132.0M)->0.0B(148.0M) Survivors: 17.0M->4096.0K Heap: 212.5M(256.0M)->67.3M(256.0M)]
 [Times: user=0.00 sys=0.00, real=0.00 secs] 
2014-07-10T11:36:41.699+0200: 32.480: [GC pause (G1 Evacuation Pause) (young) 32.480: [G1Ergonomics (CSet Construction) start choosing CSet, _pending_cards: 256, predicted base time: 1.48 ms, remaining time: 198.52 ms, target pause time: 200.00 ms]
 32.480: [G1Ergonomics (CSet Construction) add young regions to CSet, eden: 148 regions, survivors: 4 regions, predicted young region time: 24.80 ms]
 32.480: [G1Ergonomics (CSet Construction) finish choosing CSet, eden: 148 regions, survivors: 4 regions, old: 0 regions, predicted pause time: 26.27 ms, target pause time: 200.00 ms]
, 0.0131050 secs]
   [Parallel Time: 12.5 ms, GC Workers: 2]
      [GC Worker Start (ms): Min: 32480.0, Avg: 32480.0, Max: 32480.0, Diff: 0.0]
      [Ext Root Scanning (ms): Min: 0.3, Avg: 0.3, Max: 0.3, Diff: 0.0, Sum: 0.5]
      [Update RS (ms): Min: 0.0, Avg: 0.0, Max: 0.1, Diff: 0.1, Sum: 0.1]
         [Processed Buffers: Min: 1, Avg: 1.0, Max: 1, Diff: 0, Sum: 2]
      [Scan RS (ms): Min: 0.2, Avg: 0.2, Max: 0.3, Diff: 0.1, Sum: 0.4]
      [Code Root Scanning (ms): Min: 0.1, Avg: 0.2, Max: 0.3, Diff: 0.1, Sum: 0.4]
      [Object Copy (ms): Min: 11.6, Avg: 11.7, Max: 11.7, Diff: 0.0, Sum: 23.3]
      [Termination (ms): Min: 0.0, Avg: 0.0, Max: 0.0, Diff: 0.0, Sum: 0.0]
      [GC Worker Other (ms): Min: 0.0, Avg: 0.0, Max: 0.0, Diff: 0.0, Sum: 0.0]
      [GC Worker Total (ms): Min: 12.4, Avg: 12.4, Max: 12.4, Diff: 0.0, Sum: 24.9]
      [GC Worker End (ms): Min: 32492.4, Avg: 32492.4, Max: 32492.4, Diff: 0.0]
   [Code Root Fixup: 0.0 ms]
   [Code Root Migration: 0.0 ms]
   [Clear CT: 0.1 ms]
   [Other: 0.5 ms]
      [Choose CSet: 0.0 ms]
      [Ref Proc: 0.1 ms]
      [Ref Enq: 0.0 ms]
      [Free CSet: 0.2 ms]
   [Eden: 148.0M(148.0M)->0.0B(127.0M) Survivors: 4096.0K->19.0M Heap: 215.3M(256.0M)->83.2M(256.0M)]
 [Times: user=0.00 sys=0.03, real=0.01 secs] 
2014-07-10T11:36:41.840+0200: 32.621: [GC pause (G1 Evacuation Pause) (young) 32.621: [G1Ergonomics (CSet Construction) start choosing CSet, _pending_cards: 256, predicted base time: 1.35 ms, remaining time: 198.65 ms, target pause time: 200.00 ms]
 32.621: [G1Ergonomics (CSet Construction) add young regions to CSet, eden: 127 regions, survivors: 19 regions, predicted young region time: 89.02 ms]
 32.622: [G1Ergonomics (CSet Construction) finish choosing CSet, eden: 127 regions, survivors: 19 regions, old: 0 regions, predicted pause time: 90.38 ms, target pause time: 200.00 ms]
, 0.0108591 secs]
   [Parallel Time: 10.2 ms, GC Workers: 2]
      [GC Worker Start (ms): Min: 32621.6, Avg: 32621.6, Max: 32621.6, Diff: 0.0]
      [Ext Root Scanning (ms): Min: 0.3, Avg: 0.3, Max: 0.3, Diff: 0.0, Sum: 0.7]
      [Update RS (ms): Min: 0.0, Avg: 0.1, Max: 0.1, Diff: 0.1, Sum: 0.1]
         [Processed Buffers: Min: 1, Avg: 1.0, Max: 1, Diff: 0, Sum: 2]
      [Scan RS (ms): Min: 0.2, Avg: 0.2, Max: 0.3, Diff: 0.0, Sum: 0.5]
      [Code Root Scanning (ms): Min: 0.1, Avg: 0.1, Max: 0.1, Diff: 0.0, Sum: 0.2]
      [Object Copy (ms): Min: 9.4, Avg: 9.4, Max: 9.4, Diff: 0.0, Sum: 18.8]
      [Termination (ms): Min: 0.0, Avg: 0.0, Max: 0.0, Diff: 0.0, Sum: 0.0]
      [GC Worker Other (ms): Min: 0.0, Avg: 0.0, Max: 0.0, Diff: 0.0, Sum: 0.1]
      [GC Worker Total (ms): Min: 10.2, Avg: 10.2, Max: 10.2, Diff: 0.0, Sum: 20.3]
      [GC Worker End (ms): Min: 32631.7, Avg: 32631.7, Max: 32631.7, Diff: 0.0]
   [Code Root Fixup: 0.0 ms]
   [Code Root Migration: 0.0 ms]
   [Clear CT: 0.1 ms]
   [Other: 0.5 ms]
      [Choose CSet: 0.0 ms]
      [Ref Proc: 0.1 ms]
      [Ref Enq: 0.0 ms]
      [Free CSet: 0.2 ms]
   [Eden: 127.0M(127.0M)->0.0B(133.0M) Survivors: 19.0M->15.0M Heap: 210.2M(256.0M)->78.7M(256.0M)]
 [Times: user=0.00 sys=0.00, real=0.01 secs] 
2014-07-10T11:36:41.994+0200: 32.775: [GC pause (G1 Evacuation Pause) (young) 32.775: [G1Ergonomics (CSet Construction) start choosing CSet, _pending_cards: 256, predicted base time: 1.27 ms, remaining time: 198.73 ms, target pause time: 200.00 ms]
 32.775: [G1Ergonomics (CSet Construction) add young regions to CSet, eden: 133 regions, survivors: 15 regions, predicted young region time: 16.60 ms]
 32.775: [G1Ergonomics (CSet Construction) finish choosing CSet, eden: 133 regions, survivors: 15 regions, old: 0 regions, predicted pause time: 17.87 ms, target pause time: 200.00 ms]
, 0.0106208 secs]
   [Parallel Time: 9.2 ms, GC Workers: 2]
      [GC Worker Start (ms): Min: 32775.4, Avg: 32775.4, Max: 32775.4, Diff: 0.0]
      [Ext Root Scanning (ms): Min: 0.6, Avg: 0.6, Max: 0.6, Diff: 0.0, Sum: 1.2]
      [Update RS (ms): Min: 0.0, Avg: 0.1, Max: 0.2, Diff: 0.1, Sum: 0.2]
         [Processed Buffers: Min: 1, Avg: 1.0, Max: 1, Diff: 0, Sum: 2]
      [Scan RS (ms): Min: 0.5, Avg: 0.7, Max: 0.8, Diff: 0.2, Sum: 1.3]
      [Code Root Scanning (ms): Min: 0.1, Avg: 0.2, Max: 0.2, Diff: 0.1, Sum: 0.3]
      [Object Copy (ms): Min: 7.5, Avg: 7.5, Max: 7.5, Diff: 0.0, Sum: 15.0]
      [Termination (ms): Min: 0.0, Avg: 0.0, Max: 0.0, Diff: 0.0, Sum: 0.0]
      [GC Worker Other (ms): Min: 0.0, Avg: 0.0, Max: 0.1, Diff: 0.0, Sum: 0.1]
      [GC Worker Total (ms): Min: 9.1, Avg: 9.1, Max: 9.1, Diff: 0.0, Sum: 18.2]
      [GC Worker End (ms): Min: 32784.5, Avg: 32784.5, Max: 32784.5, Diff: 0.0]
   [Code Root Fixup: 0.0 ms]
   [Code Root Migration: 0.1 ms]
   [Clear CT: 0.2 ms]
   [Other: 1.1 ms]
      [Choose CSet: 0.1 ms]
      [Ref Proc: 0.3 ms]
      [Ref Enq: 0.0 ms]
      [Free CSet: 0.5 ms]
   [Eden: 133.0M(133.0M)->0.0B(142.0M) Survivors: 15.0M->8192.0K Heap: 211.7M(256.0M)->71.5M(256.0M)]
 [Times: user=0.03 sys=0.00, real=0.01 secs] 
2014-07-10T11:36:42.097+0200: 32.878: [GC pause (G1 Evacuation Pause) (young) 32.878: [G1Ergonomics (CSet Construction) start choosing CSet, _pending_cards: 256, predicted base time: 1.49 ms, remaining time: 198.51 ms, target pause time: 200.00 ms]
 32.878: [G1Ergonomics (CSet Construction) add young regions to CSet, eden: 142 regions, survivors: 8 regions, predicted young region time: 117.58 ms]
 32.878: [G1Ergonomics (CSet Construction) finish choosing CSet, eden: 142 regions, survivors: 8 regions, old: 0 regions, predicted pause time: 119.07 ms, target pause time: 200.00 ms]
, 0.0119905 secs]
   [Parallel Time: 11.3 ms, GC Workers: 2]
      [GC Worker Start (ms): Min: 32878.5, Avg: 32878.5, Max: 32878.5, Diff: 0.0]
      [Ext Root Scanning (ms): Min: 0.3, Avg: 0.3, Max: 0.3, Diff: 0.0, Sum: 0.6]
      [Update RS (ms): Min: 0.0, Avg: 0.0, Max: 0.1, Diff: 0.0, Sum: 0.1]
         [Processed Buffers: Min: 1, Avg: 1.0, Max: 1, Diff: 0, Sum: 2]
      [Scan RS (ms): Min: 0.2, Avg: 0.2, Max: 0.2, Diff: 0.0, Sum: 0.5]
      [Code Root Scanning (ms): Min: 0.1, Avg: 0.1, Max: 0.1, Diff: 0.0, Sum: 0.2]
      [Object Copy (ms): Min: 10.6, Avg: 10.6, Max: 10.6, Diff: 0.0, Sum: 21.2]
      [Termination (ms): Min: 0.0, Avg: 0.0, Max: 0.0, Diff: 0.0, Sum: 0.0]
      [GC Worker Other (ms): Min: 0.0, Avg: 0.0, Max: 0.0, Diff: 0.0, Sum: 0.1]
      [GC Worker Total (ms): Min: 11.3, Avg: 11.3, Max: 11.3, Diff: 0.0, Sum: 22.6]
      [GC Worker End (ms): Min: 32889.8, Avg: 32889.8, Max: 32889.8, Diff: 0.0]
   [Code Root Fixup: 0.0 ms]
   [Code Root Migration: 0.0 ms]
   [Clear CT: 0.1 ms]
   [Other: 0.5 ms]
      [Choose CSet: 0.0 ms]
      [Ref Proc: 0.1 ms]
      [Ref Enq: 0.0 ms]
      [Free CSet: 0.2 ms]
   [Eden: 142.0M(142.0M)->0.0B(129.0M) Survivors: 8192.0K->18.0M Heap: 213.5M(256.0M)->81.4M(256.0M)]
 [Times: user=0.03 sys=0.00, real=0.01 secs] 
2014-07-10T11:36:42.241+0200: 33.022: [GC pause (G1 Evacuation Pause) (young) 33.022: [G1Ergonomics (CSet Construction) start choosing CSet, _pending_cards: 256, predicted base time: 1.36 ms, remaining time: 198.64 ms, target pause time: 200.00 ms]
 33.022: [G1Ergonomics (CSet Construction) add young regions to CSet, eden: 129 regions, survivors: 18 regions, predicted young region time: 100.43 ms]
 33.022: [G1Ergonomics (CSet Construction) finish choosing CSet, eden: 129 regions, survivors: 18 regions, old: 0 regions, predicted pause time: 101.79 ms, target pause time: 200.00 ms]
, 0.0107792 secs]
   [Parallel Time: 10.1 ms, GC Workers: 2]
      [GC Worker Start (ms): Min: 33021.7, Avg: 33021.7, Max: 33021.8, Diff: 0.1]
      [Ext Root Scanning (ms): Min: 0.3, Avg: 0.4, Max: 0.4, Diff: 0.1, Sum: 0.7]
      [Update RS (ms): Min: 0.0, Avg: 0.0, Max: 0.1, Diff: 0.0, Sum: 0.1]
         [Processed Buffers: Min: 1, Avg: 1.0, Max: 1, Diff: 0, Sum: 2]
      [Scan RS (ms): Min: 0.2, Avg: 0.3, Max: 0.3, Diff: 0.0, Sum: 0.5]
      [Code Root Scanning (ms): Min: 0.1, Avg: 0.1, Max: 0.1, Diff: 0.0, Sum: 0.2]
      [Object Copy (ms): Min: 9.2, Avg: 9.3, Max: 9.3, Diff: 0.0, Sum: 18.5]
      [Termination (ms): Min: 0.0, Avg: 0.0, Max: 0.0, Diff: 0.0, Sum: 0.0]
      [GC Worker Other (ms): Min: 0.0, Avg: 0.0, Max: 0.0, Diff: 0.0, Sum: 0.1]
      [GC Worker Total (ms): Min: 10.0, Avg: 10.1, Max: 10.1, Diff: 0.1, Sum: 20.1]
      [GC Worker End (ms): Min: 33031.8, Avg: 33031.8, Max: 33031.8, Diff: 0.0]
   [Code Root Fixup: 0.0 ms]
   [Code Root Migration: 0.1 ms]
   [Clear CT: 0.1 ms]
   [Other: 0.5 ms]
      [Choose CSet: 0.0 ms]
      [Ref Proc: 0.1 ms]
      [Ref Enq: 0.0 ms]
      [Free CSet: 0.2 ms]
   [Eden: 129.0M(129.0M)->0.0B(134.0M) Survivors: 18.0M->15.0M Heap: 210.4M(256.0M)->78.3M(256.0M)]
 [Times: user=0.03 sys=0.00, real=0.01 secs] 
2014-07-10T11:36:42.396+0200: 33.177: [GC pause (G1 Evacuation Pause) (young) 33.177: [G1Ergonomics (CSet Construction) start choosing CSet, _pending_cards: 256, predicted base time: 1.26 ms, remaining time: 198.74 ms, target pause time: 200.00 ms]
 33.177: [G1Ergonomics (CSet Construction) add young regions to CSet, eden: 134 regions, survivors: 15 regions, predicted young region time: 72.51 ms]
 33.177: [G1Ergonomics (CSet Construction) finish choosing CSet, eden: 134 regions, survivors: 15 regions, old: 0 regions, predicted pause time: 73.77 ms, target pause time: 200.00 ms]
, 0.0110475 secs]
   [Parallel Time: 10.4 ms, GC Workers: 2]
      [GC Worker Start (ms): Min: 33177.5, Avg: 33177.5, Max: 33177.5, Diff: 0.0]
      [Ext Root Scanning (ms): Min: 0.3, Avg: 0.3, Max: 0.3, Diff: 0.0, Sum: 0.6]
      [Update RS (ms): Min: 0.0, Avg: 0.0, Max: 0.1, Diff: 0.0, Sum: 0.1]
         [Processed Buffers: Min: 1, Avg: 1.0, Max: 1, Diff: 0, Sum: 2]
      [Scan RS (ms): Min: 0.2, Avg: 0.2, Max: 0.2, Diff: 0.0, Sum: 0.4]
      [Code Root Scanning (ms): Min: 0.1, Avg: 0.1, Max: 0.1, Diff: 0.0, Sum: 0.2]
      [Object Copy (ms): Min: 9.7, Avg: 9.7, Max: 9.7, Diff: 0.0, Sum: 19.4]
      [Termination (ms): Min: 0.0, Avg: 0.0, Max: 0.0, Diff: 0.0, Sum: 0.0]
      [GC Worker Other (ms): Min: 0.0, Avg: 0.0, Max: 0.0, Diff: 0.0, Sum: 0.1]
      [GC Worker Total (ms): Min: 10.4, Avg: 10.4, Max: 10.4, Diff: 0.0, Sum: 20.8]
      [GC Worker End (ms): Min: 33187.9, Avg: 33187.9, Max: 33187.9, Diff: 0.0]
   [Code Root Fixup: 0.0 ms]
   [Code Root Migration: 0.0 ms]
   [Clear CT: 0.1 ms]
   [Other: 0.5 ms]
      [Choose CSet: 0.0 ms]
      [Ref Proc: 0.1 ms]
      [Ref Enq: 0.0 ms]
      [Free CSet: 0.2 ms]
   [Eden: 134.0M(134.0M)->0.0B(133.0M) Survivors: 15.0M->16.0M Heap: 212.3M(256.0M)->80.2M(256.0M)]
 [Times: user=0.03 sys=0.00, real=0.01 secs] 
2014-07-10T11:36:42.490+0200: 33.271: [GC pause (G1 Evacuation Pause) (young) 33.271: [G1Ergonomics (CSet Construction) start choosing CSet, _pending_cards: 259, predicted base time: 1.18 ms, remaining time: 198.82 ms, target pause time: 200.00 ms]
 33.271: [G1Ergonomics (CSet Construction) add young regions to CSet, eden: 133 regions, survivors: 16 regions, predicted young region time: 94.90 ms]
 33.271: [G1Ergonomics (CSet Construction) finish choosing CSet, eden: 133 regions, survivors: 16 regions, old: 0 regions, predicted pause time: 96.08 ms, target pause time: 200.00 ms]
, 0.0014302 secs]
   [Parallel Time: 1.0 ms, GC Workers: 2]
      [GC Worker Start (ms): Min: 33271.1, Avg: 33271.1, Max: 33271.1, Diff: 0.0]
      [Ext Root Scanning (ms): Min: 0.3, Avg: 0.3, Max: 0.3, Diff: 0.0, Sum: 0.6]
      [Update RS (ms): Min: 0.0, Avg: 0.1, Max: 0.1, Diff: 0.0, Sum: 0.1]
         [Processed Buffers: Min: 1, Avg: 1.5, Max: 2, Diff: 1, Sum: 3]
      [Scan RS (ms): Min: 0.2, Avg: 0.2, Max: 0.2, Diff: 0.0, Sum: 0.5]
      [Code Root Scanning (ms): Min: 0.1, Avg: 0.1, Max: 0.1, Diff: 0.0, Sum: 0.2]
      [Object Copy (ms): Min: 0.2, Avg: 0.2, Max: 0.2, Diff: 0.0, Sum: 0.5]
      [Termination (ms): Min: 0.0, Avg: 0.0, Max: 0.0, Diff: 0.0, Sum: 0.0]
      [GC Worker Other (ms): Min: 0.0, Avg: 0.0, Max: 0.0, Diff: 0.0, Sum: 0.0]
      [GC Worker Total (ms): Min: 1.0, Avg: 1.0, Max: 1.0, Diff: 0.0, Sum: 1.9]
      [GC Worker End (ms): Min: 33272.0, Avg: 33272.0, Max: 33272.0, Diff: 0.0]
   [Code Root Fixup: 0.0 ms]
   [Code Root Migration: 0.0 ms]
   [Clear CT: 0.1 ms]
   [Other: 0.3 ms]
      [Choose CSet: 0.0 ms]
      [Ref Proc: 0.1 ms]
      [Ref Enq: 0.0 ms]
      [Free CSet: 0.1 ms]
   [Eden: 133.0M(133.0M)->0.0B(150.0M) Survivors: 16.0M->1024.0K Heap: 213.2M(256.0M)->64.9M(256.0M)]
 [Times: user=0.00 sys=0.00, real=0.00 secs] 
2014-07-10T11:36:42.647+0200: 33.428: [GC pause (G1 Evacuation Pause) (young) 33.428: [G1Ergonomics (CSet Construction) start choosing CSet, _pending_cards: 512, predicted base time: 1.14 ms, remaining time: 198.86 ms, target pause time: 200.00 ms]
 33.428: [G1Ergonomics (CSet Construction) add young regions to CSet, eden: 150 regions, survivors: 1 regions, predicted young region time: 60.48 ms]
 33.428: [G1Ergonomics (CSet Construction) finish choosing CSet, eden: 150 regions, survivors: 1 regions, old: 0 regions, predicted pause time: 61.61 ms, target pause time: 200.00 ms]
, 0.0125668 secs]
   [Parallel Time: 11.9 ms, GC Workers: 2]
      [GC Worker Start (ms): Min: 33428.5, Avg: 33428.5, Max: 33428.5, Diff: 0.0]
      [Ext Root Scanning (ms): Min: 0.3, Avg: 0.3, Max: 0.3, Diff: 0.0, Sum: 0.6]
      [Update RS (ms): Min: 0.0, Avg: 0.1, Max: 0.1, Diff: 0.0, Sum: 0.1]
         [Processed Buffers: Min: 1, Avg: 1.5, Max: 2, Diff: 1, Sum: 3]
      [Scan RS (ms): Min: 0.2, Avg: 0.2, Max: 0.2, Diff: 0.0, Sum: 0.4]
      [Code Root Scanning (ms): Min: 0.1, Avg: 0.1, Max: 0.1, Diff: 0.0, Sum: 0.2]
      [Object Copy (ms): Min: 11.2, Avg: 11.2, Max: 11.2, Diff: 0.0, Sum: 22.3]
      [Termination (ms): Min: 0.0, Avg: 0.0, Max: 0.0, Diff: 0.0, Sum: 0.0]
      [GC Worker Other (ms): Min: 0.0, Avg: 0.0, Max: 0.0, Diff: 0.0, Sum: 0.1]
      [GC Worker Total (ms): Min: 11.8, Avg: 11.9, Max: 11.9, Diff: 0.0, Sum: 23.7]
      [GC Worker End (ms): Min: 33440.4, Avg: 33440.4, Max: 33440.4, Diff: 0.0]
   [Code Root Fixup: 0.0 ms]
   [Code Root Migration: 0.0 ms]
   [Clear CT: 0.1 ms]
   [Other: 0.5 ms]
      [Choose CSet: 0.0 ms]
      [Ref Proc: 0.1 ms]
      [Ref Enq: 0.0 ms]
      [Free CSet: 0.2 ms]
   [Eden: 150.0M(150.0M)->0.0B(127.0M) Survivors: 1024.0K->19.0M Heap: 214.9M(256.0M)->82.8M(256.0M)]
 [Times: user=0.03 sys=0.00, real=0.01 secs] 
2014-07-10T11:36:42.800+0200: 33.581: [GC pause (G1 Evacuation Pause) (young) 33.581: [G1Ergonomics (CSet Construction) start choosing CSet, _pending_cards: 512, predicted base time: 1.10 ms, remaining time: 198.90 ms, target pause time: 200.00 ms]
 33.581: [G1Ergonomics (CSet Construction) add young regions to CSet, eden: 127 regions, survivors: 19 regions, predicted young region time: 79.77 ms]
 33.581: [G1Ergonomics (CSet Construction) finish choosing CSet, eden: 127 regions, survivors: 19 regions, old: 0 regions, predicted pause time: 80.87 ms, target pause time: 200.00 ms]
, 0.0162961 secs]
   [Parallel Time: 15.1 ms, GC Workers: 2]
      [GC Worker Start (ms): Min: 33581.2, Avg: 33581.2, Max: 33581.2, Diff: 0.0]
      [Ext Root Scanning (ms): Min: 0.6, Avg: 0.6, Max: 0.6, Diff: 0.0, Sum: 1.2]
      [Update RS (ms): Min: 0.1, Avg: 0.1, Max: 0.2, Diff: 0.1, Sum: 0.2]
         [Processed Buffers: Min: 1, Avg: 1.5, Max: 2, Diff: 1, Sum: 3]
      [Scan RS (ms): Min: 0.4, Avg: 0.4, Max: 0.4, Diff: 0.1, Sum: 0.8]
      [Code Root Scanning (ms): Min: 0.1, Avg: 0.1, Max: 0.1, Diff: 0.0, Sum: 0.3]
      [Object Copy (ms): Min: 13.7, Avg: 13.7, Max: 13.7, Diff: 0.0, Sum: 27.3]
      [Termination (ms): Min: 0.0, Avg: 0.0, Max: 0.0, Diff: 0.0, Sum: 0.0]
      [GC Worker Other (ms): Min: 0.0, Avg: 0.0, Max: 0.1, Diff: 0.0, Sum: 0.1]
      [GC Worker Total (ms): Min: 15.0, Avg: 15.0, Max: 15.0, Diff: 0.0, Sum: 29.9]
      [GC Worker End (ms): Min: 33596.2, Avg: 33596.2, Max: 33596.2, Diff: 0.0]
   [Code Root Fixup: 0.0 ms]
   [Code Root Migration: 0.1 ms]
   [Clear CT: 0.1 ms]
   [Other: 1.0 ms]
      [Choose CSet: 0.1 ms]
      [Ref Proc: 0.4 ms]
      [Ref Enq: 0.0 ms]
      [Free CSet: 0.3 ms]
   [Eden: 127.0M(127.0M)->0.0B(135.0M) Survivors: 19.0M->14.0M Heap: 209.8M(256.0M)->77.7M(256.0M)]
 [Times: user=0.03 sys=0.00, real=0.02 secs] 
2014-07-10T11:36:42.897+0200: 33.678: [GC pause (G1 Evacuation Pause) (young) 33.678: [G1Ergonomics (CSet Construction) start choosing CSet, _pending_cards: 512, predicted base time: 1.40 ms, remaining time: 198.60 ms, target pause time: 200.00 ms]
 33.678: [G1Ergonomics (CSet Construction) add young regions to CSet, eden: 135 regions, survivors: 14 regions, predicted young region time: 25.81 ms]
 33.678: [G1Ergonomics (CSet Construction) finish choosing CSet, eden: 135 regions, survivors: 14 regions, old: 0 regions, predicted pause time: 27.21 ms, target pause time: 200.00 ms]
, 0.0117635 secs]
   [Parallel Time: 11.2 ms, GC Workers: 2]
      [GC Worker Start (ms): Min: 33678.3, Avg: 33678.3, Max: 33678.3, Diff: 0.0]
      [Ext Root Scanning (ms): Min: 0.3, Avg: 0.3, Max: 0.4, Diff: 0.0, Sum: 0.7]
      [Update RS (ms): Min: 0.0, Avg: 0.1, Max: 0.1, Diff: 0.0, Sum: 0.1]
         [Processed Buffers: Min: 1, Avg: 1.5, Max: 2, Diff: 1, Sum: 3]
      [Scan RS (ms): Min: 0.2, Avg: 0.2, Max: 0.2, Diff: 0.0, Sum: 0.4]
      [Code Root Scanning (ms): Min: 0.1, Avg: 0.1, Max: 0.1, Diff: 0.0, Sum: 0.2]
      [Object Copy (ms): Min: 10.4, Avg: 10.4, Max: 10.4, Diff: 0.0, Sum: 20.7]
      [Termination (ms): Min: 0.0, Avg: 0.0, Max: 0.0, Diff: 0.0, Sum: 0.0]
      [GC Worker Other (ms): Min: 0.0, Avg: 0.0, Max: 0.0, Diff: 0.0, Sum: 0.1]
      [GC Worker Total (ms): Min: 11.1, Avg: 11.1, Max: 11.1, Diff: 0.0, Sum: 22.2]
      [GC Worker End (ms): Min: 33689.4, Avg: 33689.4, Max: 33689.4, Diff: 0.0]
   [Code Root Fixup: 0.0 ms]
   [Code Root Migration: 0.0 ms]
   [Clear CT: 0.1 ms]
   [Other: 0.4 ms]
      [Choose CSet: 0.0 ms]
      [Ref Proc: 0.1 ms]
      [Ref Enq: 0.0 ms]
      [Free CSet: 0.2 ms]
   [Eden: 135.0M(135.0M)->0.0B(131.0M) Survivors: 14.0M->17.0M Heap: 212.7M(256.0M)->80.6M(256.0M)]
 [Times: user=0.03 sys=0.00, real=0.01 secs] 
2014-07-10T11:36:43.030+0200: 33.811: [GC pause (G1 Evacuation Pause) (young) 33.811: [G1Ergonomics (CSet Construction) start choosing CSet, _pending_cards: 257, predicted base time: 1.25 ms, remaining time: 198.75 ms, target pause time: 200.00 ms]
 33.811: [G1Ergonomics (CSet Construction) add young regions to CSet, eden: 131 regions, survivors: 17 regions, predicted young region time: 100.72 ms]
 33.811: [G1Ergonomics (CSet Construction) finish choosing CSet, eden: 131 regions, survivors: 17 regions, old: 0 regions, predicted pause time: 101.97 ms, target pause time: 200.00 ms]
, 0.0059474 secs]
   [Parallel Time: 5.3 ms, GC Workers: 2]
      [GC Worker Start (ms): Min: 33811.0, Avg: 33811.0, Max: 33811.0, Diff: 0.0]
      [Ext Root Scanning (ms): Min: 0.3, Avg: 0.3, Max: 0.3, Diff: 0.0, Sum: 0.6]
      [Update RS (ms): Min: 0.0, Avg: 0.0, Max: 0.0, Diff: 0.0, Sum: 0.1]
         [Processed Buffers: Min: 1, Avg: 1.5, Max: 2, Diff: 1, Sum: 3]
      [Scan RS (ms): Min: 0.2, Avg: 0.2, Max: 0.2, Diff: 0.0, Sum: 0.5]
      [Code Root Scanning (ms): Min: 0.1, Avg: 0.1, Max: 0.1, Diff: 0.0, Sum: 0.2]
      [Object Copy (ms): Min: 4.5, Avg: 4.5, Max: 4.5, Diff: 0.0, Sum: 9.1]
      [Termination (ms): Min: 0.0, Avg: 0.0, Max: 0.0, Diff: 0.0, Sum: 0.0]
      [GC Worker Other (ms): Min: 0.0, Avg: 0.0, Max: 0.0, Diff: 0.0, Sum: 0.1]
      [GC Worker Total (ms): Min: 5.3, Avg: 5.3, Max: 5.3, Diff: 0.0, Sum: 10.6]
      [GC Worker End (ms): Min: 33816.3, Avg: 33816.3, Max: 33816.3, Diff: 0.0]
   [Code Root Fixup: 0.0 ms]
   [Code Root Migration: 0.0 ms]
   [Clear CT: 0.1 ms]
   [Other: 0.4 ms]
      [Choose CSet: 0.0 ms]
      [Ref Proc: 0.1 ms]
      [Ref Enq: 0.0 ms]
      [Free CSet: 0.2 ms]
   [Eden: 131.0M(131.0M)->0.0B(142.0M) Survivors: 17.0M->8192.0K Heap: 211.6M(256.0M)->71.4M(256.0M)]
 [Times: user=0.00 sys=0.00, real=0.01 secs] 
2014-07-10T11:36:43.200+0200: 33.981: [GC pause (G1 Evacuation Pause) (young) 33.981: [G1Ergonomics (CSet Construction) start choosing CSet, _pending_cards: 512, predicted base time: 1.21 ms, remaining time: 198.79 ms, target pause time: 200.00 ms]
 33.981: [G1Ergonomics (CSet Construction) add young regions to CSet, eden: 142 regions, survivors: 8 regions, predicted young region time: 22.87 ms]
 33.981: [G1Ergonomics (CSet Construction) finish choosing CSet, eden: 142 regions, survivors: 8 regions, old: 0 regions, predicted pause time: 24.09 ms, target pause time: 200.00 ms]
, 0.0119084 secs]
   [Parallel Time: 11.3 ms, GC Workers: 2]
      [GC Worker Start (ms): Min: 33980.7, Avg: 33980.7, Max: 33980.7, Diff: 0.0]
      [Ext Root Scanning (ms): Min: 0.3, Avg: 0.3, Max: 0.3, Diff: 0.0, Sum: 0.6]
      [Update RS (ms): Min: 0.0, Avg: 0.0, Max: 0.0, Diff: 0.0, Sum: 0.1]
         [Processed Buffers: Min: 1, Avg: 1.5, Max: 2, Diff: 1, Sum: 3]
      [Scan RS (ms): Min: 0.3, Avg: 0.3, Max: 0.3, Diff: 0.0, Sum: 0.5]
      [Code Root Scanning (ms): Min: 0.1, Avg: 0.1, Max: 0.1, Diff: 0.0, Sum: 0.2]
      [Object Copy (ms): Min: 10.4, Avg: 10.5, Max: 10.5, Diff: 0.1, Sum: 20.9]
      [Termination (ms): Min: 0.0, Avg: 0.1, Max: 0.1, Diff: 0.1, Sum: 0.1]
      [GC Worker Other (ms): Min: 0.0, Avg: 0.0, Max: 0.0, Diff: 0.0, Sum: 0.1]
      [GC Worker Total (ms): Min: 11.3, Avg: 11.3, Max: 11.3, Diff: 0.0, Sum: 22.5]
      [GC Worker End (ms): Min: 33991.9, Avg: 33992.0, Max: 33992.0, Diff: 0.0]
   [Code Root Fixup: 0.0 ms]
   [Code Root Migration: 0.0 ms]
   [Clear CT: 0.1 ms]
   [Other: 0.4 ms]
      [Choose CSet: 0.0 ms]
      [Ref Proc: 0.0 ms]
      [Ref Enq: 0.0 ms]
      [Free CSet: 0.2 ms]
   [Eden: 142.0M(142.0M)->0.0B(131.0M) Survivors: 8192.0K->17.0M Heap: 213.4M(256.0M)->81.3M(256.0M)]
 [Times: user=0.00 sys=0.00, real=0.01 secs] 
2014-07-10T11:36:43.297+0200: 34.078: [GC pause (G1 Evacuation Pause) (young) 34.078: [G1Ergonomics (CSet Construction) start choosing CSet, _pending_cards: 512, predicted base time: 1.12 ms, remaining time: 198.88 ms, target pause time: 200.00 ms]
 34.078: [G1Ergonomics (CSet Construction) add young regions to CSet, eden: 131 regions, survivors: 17 regions, predicted young region time: 93.89 ms]
 34.078: [G1Ergonomics (CSet Construction) finish choosing CSet, eden: 131 regions, survivors: 17 regions, old: 0 regions, predicted pause time: 95.01 ms, target pause time: 200.00 ms]
, 0.0112503 secs]
   [Parallel Time: 10.5 ms, GC Workers: 2]
      [GC Worker Start (ms): Min: 34077.8, Avg: 34077.8, Max: 34077.8, Diff: 0.0]
      [Ext Root Scanning (ms): Min: 0.3, Avg: 0.3, Max: 0.3, Diff: 0.0, Sum: 0.6]
      [Update RS (ms): Min: 0.0, Avg: 0.0, Max: 0.0, Diff: 0.0, Sum: 0.1]
         [Processed Buffers: Min: 1, Avg: 1.5, Max: 2, Diff: 1, Sum: 3]
      [Scan RS (ms): Min: 0.2, Avg: 0.2, Max: 0.2, Diff: 0.0, Sum: 0.5]
      [Code Root Scanning (ms): Min: 0.1, Avg: 0.1, Max: 0.1, Diff: 0.0, Sum: 0.2]
      [Object Copy (ms): Min: 9.8, Avg: 9.8, Max: 9.8, Diff: 0.0, Sum: 19.6]
      [Termination (ms): Min: 0.0, Avg: 0.0, Max: 0.0, Diff: 0.0, Sum: 0.0]
      [GC Worker Other (ms): Min: 0.0, Avg: 0.0, Max: 0.0, Diff: 0.0, Sum: 0.1]
      [GC Worker Total (ms): Min: 10.5, Avg: 10.5, Max: 10.5, Diff: 0.0, Sum: 21.0]
      [GC Worker End (ms): Min: 34088.3, Avg: 34088.3, Max: 34088.3, Diff: 0.0]
   [Code Root Fixup: 0.0 ms]
   [Code Root Migration: 0.0 ms]
   [Clear CT: 0.1 ms]
   [Other: 0.5 ms]
      [Choose CSet: 0.0 ms]
      [Ref Proc: 0.2 ms]
      [Ref Enq: 0.0 ms]
      [Free CSet: 0.2 ms]
   [Eden: 131.0M(131.0M)->0.0B(133.0M) Survivors: 17.0M->16.0M Heap: 212.3M(256.0M)->80.2M(256.0M)]
 [Times: user=0.03 sys=0.00, real=0.01 secs] 
2014-07-10T11:36:43.441+0200: 34.222: [GC pause (G1 Evacuation Pause) (young) 34.222: [G1Ergonomics (CSet Construction) start choosing CSet, _pending_cards: 512, predicted base time: 1.08 ms, remaining time: 198.92 ms, target pause time: 200.00 ms]
 34.222: [G1Ergonomics (CSet Construction) add young regions to CSet, eden: 133 regions, survivors: 16 regions, predicted young region time: 92.50 ms]
 34.222: [G1Ergonomics (CSet Construction) finish choosing CSet, eden: 133 regions, survivors: 16 regions, old: 0 regions, predicted pause time: 93.58 ms, target pause time: 200.00 ms]
, 0.0123644 secs]
   [Parallel Time: 11.8 ms, GC Workers: 2]
      [GC Worker Start (ms): Min: 34221.9, Avg: 34221.9, Max: 34221.9, Diff: 0.0]
      [Ext Root Scanning (ms): Min: 0.3, Avg: 0.3, Max: 0.4, Diff: 0.0, Sum: 0.7]
      [Update RS (ms): Min: 0.0, Avg: 0.0, Max: 0.0, Diff: 0.0, Sum: 0.1]
         [Processed Buffers: Min: 1, Avg: 1.5, Max: 2, Diff: 1, Sum: 3]
      [Scan RS (ms): Min: 0.3, Avg: 0.3, Max: 0.3, Diff: 0.0, Sum: 0.5]
      [Code Root Scanning (ms): Min: 0.1, Avg: 0.1, Max: 0.1, Diff: 0.0, Sum: 0.2]
      [Object Copy (ms): Min: 10.9, Avg: 10.9, Max: 10.9, Diff: 0.0, Sum: 21.9]
      [Termination (ms): Min: 0.0, Avg: 0.0, Max: 0.0, Diff: 0.0, Sum: 0.0]
      [GC Worker Other (ms): Min: 0.0, Avg: 0.0, Max: 0.0, Diff: 0.0, Sum: 0.1]
      [GC Worker Total (ms): Min: 11.7, Avg: 11.7, Max: 11.7, Diff: 0.0, Sum: 23.4]
      [GC Worker End (ms): Min: 34233.6, Avg: 34233.6, Max: 34233.6, Diff: 0.0]
   [Code Root Fixup: 0.0 ms]
   [Code Root Migration: 0.0 ms]
   [Clear CT: 0.1 ms]
   [Other: 0.4 ms]
      [Choose CSet: 0.0 ms]
      [Ref Proc: 0.0 ms]
      [Ref Enq: 0.0 ms]
      [Free CSet: 0.2 ms]
   [Eden: 133.0M(133.0M)->0.0B(131.0M) Survivors: 16.0M->17.0M Heap: 213.2M(256.0M)->81.1M(256.0M)]
 [Times: user=0.02 sys=0.00, real=0.01 secs] 
2014-07-10T11:36:43.591+0200: 34.373: [GC pause (G1 Evacuation Pause) (young) 34.373: [G1Ergonomics (CSet Construction) start choosing CSet, _pending_cards: 259, predicted base time: 1.02 ms, remaining time: 198.98 ms, target pause time: 200.00 ms]
 34.373: [G1Ergonomics (CSet Construction) add young regions to CSet, eden: 131 regions, survivors: 17 regions, predicted young region time: 61.61 ms]
 34.373: [G1Ergonomics (CSet Construction) finish choosing CSet, eden: 131 regions, survivors: 17 regions, old: 0 regions, predicted pause time: 62.62 ms, target pause time: 200.00 ms]
, 0.0041689 secs]
   [Parallel Time: 3.0 ms, GC Workers: 2]
      [GC Worker Start (ms): Min: 34372.8, Avg: 34372.8, Max: 34372.8, Diff: 0.0]
      [Ext Root Scanning (ms): Min: 0.5, Avg: 0.5, Max: 0.5, Diff: 0.0, Sum: 1.0]
      [Update RS (ms): Min: 0.1, Avg: 0.1, Max: 0.1, Diff: 0.0, Sum: 0.2]
         [Processed Buffers: Min: 1, Avg: 1.5, Max: 2, Diff: 1, Sum: 3]
      [Scan RS (ms): Min: 0.4, Avg: 0.4, Max: 0.4, Diff: 0.0, Sum: 0.7]
      [Code Root Scanning (ms): Min: 0.1, Avg: 0.1, Max: 0.2, Diff: 0.0, Sum: 0.3]
      [Object Copy (ms): Min: 1.6, Avg: 1.7, Max: 1.7, Diff: 0.1, Sum: 3.3]
      [Termination (ms): Min: 0.0, Avg: 0.1, Max: 0.2, Diff: 0.2, Sum: 0.2]
      [GC Worker Other (ms): Min: 0.0, Avg: 0.0, Max: 0.0, Diff: 0.0, Sum: 0.1]
      [GC Worker Total (ms): Min: 2.9, Avg: 2.9, Max: 2.9, Diff: 0.1, Sum: 5.8]
      [GC Worker End (ms): Min: 34375.6, Avg: 34375.7, Max: 34375.7, Diff: 0.1]
   [Code Root Fixup: 0.0 ms]
   [Code Root Migration: 0.1 ms]
   [Clear CT: 0.2 ms]
   [Other: 0.9 ms]
      [Choose CSet: 0.1 ms]
      [Ref Proc: 0.1 ms]
      [Ref Enq: 0.0 ms]
      [Free CSet: 0.5 ms]
   [Eden: 131.0M(131.0M)->0.0B(148.0M) Survivors: 17.0M->3072.0K Heap: 212.1M(256.0M)->66.9M(256.0M)]
 [Times: user=0.00 sys=0.00, real=0.00 secs] 
2014-07-10T11:36:43.704+0200: 34.485: [GC pause (G1 Evacuation Pause) (young) 34.485: [G1Ergonomics (CSet Construction) start choosing CSet, _pending_cards: 512, predicted base time: 1.20 ms, remaining time: 198.80 ms, target pause time: 200.00 ms]
 34.485: [G1Ergonomics (CSet Construction) add young regions to CSet, eden: 148 regions, survivors: 3 regions, predicted young region time: 102.67 ms]
 34.485: [G1Ergonomics (CSet Construction) finish choosing CSet, eden: 148 regions, survivors: 3 regions, old: 0 regions, predicted pause time: 103.87 ms, target pause time: 200.00 ms]
, 0.0179478 secs]
   [Parallel Time: 17.0 ms, GC Workers: 2]
      [GC Worker Start (ms): Min: 34485.5, Avg: 34485.6, Max: 34485.7, Diff: 0.1]
      [Ext Root Scanning (ms): Min: 0.5, Avg: 0.6, Max: 0.7, Diff: 0.1, Sum: 1.2]
      [Update RS (ms): Min: 0.1, Avg: 0.1, Max: 0.1, Diff: 0.1, Sum: 0.2]
         [Processed Buffers: Min: 1, Avg: 1.5, Max: 2, Diff: 1, Sum: 3]
      [Scan RS (ms): Min: 0.4, Avg: 0.4, Max: 0.5, Diff: 0.1, Sum: 0.9]
      [Code Root Scanning (ms): Min: 0.1, Avg: 0.2, Max: 0.2, Diff: 0.0, Sum: 0.3]
      [Object Copy (ms): Min: 15.5, Avg: 15.5, Max: 15.5, Diff: 0.0, Sum: 31.0]
      [Termination (ms): Min: 0.0, Avg: 0.0, Max: 0.0, Diff: 0.0, Sum: 0.0]
      [GC Worker Other (ms): Min: 0.0, Avg: 0.1, Max: 0.1, Diff: 0.0, Sum: 0.1]
      [GC Worker Total (ms): Min: 16.8, Avg: 16.8, Max: 16.9, Diff: 0.1, Sum: 33.7]
      [GC Worker End (ms): Min: 34502.4, Avg: 34502.5, Max: 34502.5, Diff: 0.0]
   [Code Root Fixup: 0.0 ms]
   [Code Root Migration: 0.1 ms]
   [Clear CT: 0.1 ms]
   [Other: 0.8 ms]
      [Choose CSet: 0.1 ms]
      [Ref Proc: 0.2 ms]
      [Ref Enq: 0.0 ms]
      [Free CSet: 0.3 ms]
   [Eden: 148.0M(148.0M)->0.0B(127.0M) Survivors: 3072.0K->19.0M Heap: 214.9M(256.0M)->82.7M(256.0M)]
 [Times: user=0.03 sys=0.00, real=0.02 secs] 
2014-07-10T11:36:43.827+0200: 34.608: [GC pause (G1 Evacuation Pause) (young) 34.608: [G1Ergonomics (CSet Construction) start choosing CSet, _pending_cards: 512, predicted base time: 1.37 ms, remaining time: 198.63 ms, target pause time: 200.00 ms]
 34.608: [G1Ergonomics (CSet Construction) add young regions to CSet, eden: 127 regions, survivors: 19 regions, predicted young region time: 72.09 ms]
 34.608: [G1Ergonomics (CSet Construction) finish choosing CSet, eden: 127 regions, survivors: 19 regions, old: 0 regions, predicted pause time: 73.46 ms, target pause time: 200.00 ms]
, 0.0097489 secs]
   [Parallel Time: 9.2 ms, GC Workers: 2]
      [GC Worker Start (ms): Min: 34608.3, Avg: 34608.3, Max: 34608.3, Diff: 0.0]
      [Ext Root Scanning (ms): Min: 0.4, Avg: 0.5, Max: 0.5, Diff: 0.2, Sum: 0.9]
      [Update RS (ms): Min: 0.0, Avg: 0.0, Max: 0.1, Diff: 0.1, Sum: 0.1]
         [Processed Buffers: Min: 0, Avg: 1.5, Max: 3, Diff: 3, Sum: 3]
      [Scan RS (ms): Min: 0.3, Avg: 0.3, Max: 0.3, Diff: 0.1, Sum: 0.6]
      [Code Root Scanning (ms): Min: 0.1, Avg: 0.1, Max: 0.1, Diff: 0.0, Sum: 0.2]
      [Object Copy (ms): Min: 8.2, Avg: 8.2, Max: 8.2, Diff: 0.0, Sum: 16.4]
      [Termination (ms): Min: 0.0, Avg: 0.0, Max: 0.0, Diff: 0.0, Sum: 0.0]
      [GC Worker Other (ms): Min: 0.0, Avg: 0.0, Max: 0.0, Diff: 0.0, Sum: 0.1]
      [GC Worker Total (ms): Min: 9.1, Avg: 9.1, Max: 9.2, Diff: 0.0, Sum: 18.3]
      [GC Worker End (ms): Min: 34617.4, Avg: 34617.4, Max: 34617.4, Diff: 0.0]
   [Code Root Fixup: 0.0 ms]
   [Code Root Migration: 0.1 ms]
   [Clear CT: 0.1 ms]
   [Other: 0.4 ms]
      [Choose CSet: 0.0 ms]
      [Ref Proc: 0.1 ms]
      [Ref Enq: 0.0 ms]
      [Free CSet: 0.2 ms]
   [Eden: 127.0M(127.0M)->0.0B(135.0M) Survivors: 19.0M->14.0M Heap: 209.7M(256.0M)->77.6M(256.0M)]
 [Times: user=0.03 sys=0.00, real=0.01 secs] 
2014-07-10T11:36:43.992+0200: 34.773: [GC pause (G1 Evacuation Pause) (young) 34.773: [G1Ergonomics (CSet Construction) start choosing CSet, _pending_cards: 257, predicted base time: 1.24 ms, remaining time: 198.76 ms, target pause time: 200.00 ms]
 34.773: [G1Ergonomics (CSet Construction) add young regions to CSet, eden: 135 regions, survivors: 14 regions, predicted young region time: 98.06 ms]
 34.773: [G1Ergonomics (CSet Construction) finish choosing CSet, eden: 135 regions, survivors: 14 regions, old: 0 regions, predicted pause time: 99.29 ms, target pause time: 200.00 ms]
, 0.0060244 secs]
   [Parallel Time: 4.6 ms, GC Workers: 2]
      [GC Worker Start (ms): Min: 34773.5, Avg: 34773.5, Max: 34773.5, Diff: 0.0]
      [Ext Root Scanning (ms): Min: 0.6, Avg: 0.6, Max: 0.6, Diff: 0.0, Sum: 1.1]
      [Update RS (ms): Min: 0.1, Avg: 0.1, Max: 0.1, Diff: 0.1, Sum: 0.2]
         [Processed Buffers: Min: 1, Avg: 1.5, Max: 2, Diff: 1, Sum: 3]
      [Scan RS (ms): Min: 0.3, Avg: 0.4, Max: 0.4, Diff: 0.0, Sum: 0.7]
      [Code Root Scanning (ms): Min: 0.1, Avg: 0.2, Max: 0.2, Diff: 0.0, Sum: 0.3]
      [Object Copy (ms): Min: 3.3, Avg: 3.3, Max: 3.3, Diff: 0.0, Sum: 6.7]
      [Termination (ms): Min: 0.0, Avg: 0.0, Max: 0.0, Diff: 0.0, Sum: 0.0]
      [GC Worker Other (ms): Min: 0.0, Avg: 0.0, Max: 0.0, Diff: 0.0, Sum: 0.1]
      [GC Worker Total (ms): Min: 4.5, Avg: 4.6, Max: 4.6, Diff: 0.0, Sum: 9.1]
      [GC Worker End (ms): Min: 34778.1, Avg: 34778.1, Max: 34778.1, Diff: 0.0]
   [Code Root Fixup: 0.0 ms]
   [Code Root Migration: 0.1 ms]
   [Clear CT: 0.3 ms]
   [Other: 1.0 ms]
      [Choose CSet: 0.1 ms]
      [Ref Proc: 0.3 ms]
      [Ref Enq: 0.0 ms]
      [Free CSet: 0.5 ms]
   [Eden: 135.0M(135.0M)->0.0B(147.0M) Survivors: 14.0M->4096.0K Heap: 212.6M(256.0M)->68.4M(256.0M)]
 [Times: user=0.03 sys=0.00, real=0.01 secs] 
2014-07-10T11:36:44.098+0200: 34.879: [GC pause (G1 Evacuation Pause) (young) 34.879: [G1Ergonomics (CSet Construction) start choosing CSet, _pending_cards: 512, predicted base time: 1.50 ms, remaining time: 198.50 ms, target pause time: 200.00 ms]
 34.879: [G1Ergonomics (CSet Construction) add young regions to CSet, eden: 147 regions, survivors: 4 regions, predicted young region time: 24.86 ms]
 34.879: [G1Ergonomics (CSet Construction) finish choosing CSet, eden: 147 regions, survivors: 4 regions, old: 0 regions, predicted pause time: 26.36 ms, target pause time: 200.00 ms]
, 0.0130335 secs]
   [Parallel Time: 12.3 ms, GC Workers: 2]
      [GC Worker Start (ms): Min: 34879.5, Avg: 34879.5, Max: 34879.5, Diff: 0.0]
      [Ext Root Scanning (ms): Min: 0.3, Avg: 0.3, Max: 0.3, Diff: 0.0, Sum: 0.6]
      [Update RS (ms): Min: 0.1, Avg: 0.1, Max: 0.1, Diff: 0.0, Sum: 0.1]
         [Processed Buffers: Min: 1, Avg: 1.5, Max: 2, Diff: 1, Sum: 3]
      [Scan RS (ms): Min: 0.2, Avg: 0.2, Max: 0.2, Diff: 0.0, Sum: 0.5]
      [Code Root Scanning (ms): Min: 0.1, Avg: 0.1, Max: 0.1, Diff: 0.0, Sum: 0.2]
      [Object Copy (ms): Min: 11.5, Avg: 11.5, Max: 11.5, Diff: 0.0, Sum: 23.1]
      [Termination (ms): Min: 0.0, Avg: 0.0, Max: 0.0, Diff: 0.0, Sum: 0.0]
      [GC Worker Other (ms): Min: 0.0, Avg: 0.0, Max: 0.0, Diff: 0.0, Sum: 0.1]
      [GC Worker Total (ms): Min: 12.2, Avg: 12.3, Max: 12.3, Diff: 0.0, Sum: 24.5]
      [GC Worker End (ms): Min: 34891.8, Avg: 34891.8, Max: 34891.8, Diff: 0.0]
   [Code Root Fixup: 0.0 ms]
   [Code Root Migration: 0.0 ms]
   [Clear CT: 0.1 ms]
   [Other: 0.6 ms]
      [Choose CSet: 0.0 ms]
      [Ref Proc: 0.1 ms]
      [Ref Enq: 0.0 ms]
      [Free CSet: 0.3 ms]
   [Eden: 147.0M(147.0M)->0.0B(127.0M) Survivors: 4096.0K->19.0M Heap: 215.4M(256.0M)->83.3M(256.0M)]
 [Times: user=0.03 sys=0.00, real=0.01 secs] 
2014-07-10T11:36:44.244+0200: 35.025: [GC pause (G1 Evacuation Pause) (young) 35.026: [G1Ergonomics (CSet Construction) start choosing CSet, _pending_cards: 512, predicted base time: 1.36 ms, remaining time: 198.64 ms, target pause time: 200.00 ms]
 35.026: [G1Ergonomics (CSet Construction) add young regions to CSet, eden: 127 regions, survivors: 19 regions, predicted young region time: 94.56 ms]
 35.026: [G1Ergonomics (CSet Construction) finish choosing CSet, eden: 127 regions, survivors: 19 regions, old: 0 regions, predicted pause time: 95.93 ms, target pause time: 200.00 ms]
, 0.0107135 secs]
   [Parallel Time: 9.9 ms, GC Workers: 2]
      [GC Worker Start (ms): Min: 35025.7, Avg: 35025.8, Max: 35025.8, Diff: 0.2]
      [Ext Root Scanning (ms): Min: 0.3, Avg: 0.3, Max: 0.4, Diff: 0.2, Sum: 0.7]
      [Update RS (ms): Min: 0.0, Avg: 0.0, Max: 0.0, Diff: 0.0, Sum: 0.1]
         [Processed Buffers: Min: 1, Avg: 1.5, Max: 2, Diff: 1, Sum: 3]
      [Scan RS (ms): Min: 0.2, Avg: 0.2, Max: 0.3, Diff: 0.0, Sum: 0.5]
      [Code Root Scanning (ms): Min: 0.1, Avg: 0.1, Max: 0.1, Diff: 0.0, Sum: 0.2]
      [Object Copy (ms): Min: 9.0, Avg: 9.0, Max: 9.0, Diff: 0.0, Sum: 18.0]
      [Termination (ms): Min: 0.0, Avg: 0.0, Max: 0.0, Diff: 0.0, Sum: 0.0]
      [GC Worker Other (ms): Min: 0.0, Avg: 0.0, Max: 0.0, Diff: 0.0, Sum: 0.1]
      [GC Worker Total (ms): Min: 9.7, Avg: 9.8, Max: 9.9, Diff: 0.2, Sum: 19.6]
      [GC Worker End (ms): Min: 35035.5, Avg: 35035.5, Max: 35035.5, Diff: 0.0]
   [Code Root Fixup: 0.0 ms]
   [Code Root Migration: 0.1 ms]
   [Clear CT: 0.1 ms]
   [Other: 0.6 ms]
      [Choose CSet: 0.1 ms]
      [Ref Proc: 0.1 ms]
      [Ref Enq: 0.0 ms]
      [Free CSet: 0.3 ms]
   [Eden: 127.0M(127.0M)->0.0B(135.0M) Survivors: 19.0M->14.0M Heap: 210.3M(256.0M)->78.1M(256.0M)]
 [Times: user=0.00 sys=0.00, real=0.01 secs] 
2014-07-10T11:36:44.397+0200: 35.179: [GC pause (G1 Evacuation Pause) (young) 35.179: [G1Ergonomics (CSet Construction) start choosing CSet, _pending_cards: 512, predicted base time: 1.30 ms, remaining time: 198.70 ms, target pause time: 200.00 ms]
 35.179: [G1Ergonomics (CSet Construction) add young regions to CSet, eden: 135 regions, survivors: 14 regions, predicted young region time: 23.23 ms]
 35.179: [G1Ergonomics (CSet Construction) finish choosing CSet, eden: 135 regions, survivors: 14 regions, old: 0 regions, predicted pause time: 24.54 ms, target pause time: 200.00 ms]
, 0.0123527 secs]
   [Parallel Time: 11.5 ms, GC Workers: 2]
      [GC Worker Start (ms): Min: 35178.7, Avg: 35178.7, Max: 35178.7, Diff: 0.0]
      [Ext Root Scanning (ms): Min: 0.3, Avg: 0.3, Max: 0.3, Diff: 0.0, Sum: 0.7]
      [Update RS (ms): Min: 0.0, Avg: 0.0, Max: 0.1, Diff: 0.0, Sum: 0.1]
         [Processed Buffers: Min: 1, Avg: 1.5, Max: 2, Diff: 1, Sum: 3]
      [Scan RS (ms): Min: 0.2, Avg: 0.3, Max: 0.3, Diff: 0.0, Sum: 0.5]
      [Code Root Scanning (ms): Min: 0.1, Avg: 0.1, Max: 0.1, Diff: 0.0, Sum: 0.2]
      [Object Copy (ms): Min: 10.7, Avg: 10.7, Max: 10.7, Diff: 0.0, Sum: 21.4]
      [Termination (ms): Min: 0.0, Avg: 0.0, Max: 0.0, Diff: 0.0, Sum: 0.0]
      [GC Worker Other (ms): Min: 0.0, Avg: 0.0, Max: 0.0, Diff: 0.0, Sum: 0.1]
      [GC Worker Total (ms): Min: 11.4, Avg: 11.5, Max: 11.5, Diff: 0.0, Sum: 22.9]
      [GC Worker End (ms): Min: 35190.1, Avg: 35190.1, Max: 35190.1, Diff: 0.0]
   [Code Root Fixup: 0.0 ms]
   [Code Root Migration: 0.0 ms]
   [Clear CT: 0.2 ms]
   [Other: 0.7 ms]
      [Choose CSet: 0.0 ms]
      [Ref Proc: 0.2 ms]
      [Ref Enq: 0.0 ms]
      [Free CSet: 0.3 ms]
   [Eden: 135.0M(135.0M)->0.0B(131.0M) Survivors: 14.0M->17.0M Heap: 213.1M(256.0M)->81.0M(256.0M)]
 [Times: user=0.03 sys=0.00, real=0.01 secs] 
2014-07-10T11:36:44.491+0200: 35.272: [GC pause (G1 Evacuation Pause) (young) 35.272: [G1Ergonomics (CSet Construction) start choosing CSet, _pending_cards: 258, predicted base time: 1.21 ms, remaining time: 198.79 ms, target pause time: 200.00 ms]
 35.272: [G1Ergonomics (CSet Construction) add young regions to CSet, eden: 131 regions, survivors: 17 regions, predicted young region time: 92.18 ms]
 35.272: [G1Ergonomics (CSet Construction) finish choosing CSet, eden: 131 regions, survivors: 17 regions, old: 0 regions, predicted pause time: 93.39 ms, target pause time: 200.00 ms]
, 0.0030349 secs]
   [Parallel Time: 2.3 ms, GC Workers: 2]
      [GC Worker Start (ms): Min: 35272.3, Avg: 35272.3, Max: 35272.3, Diff: 0.0]
      [Ext Root Scanning (ms): Min: 0.3, Avg: 0.3, Max: 0.3, Diff: 0.0, Sum: 0.6]
      [Update RS (ms): Min: 0.0, Avg: 0.0, Max: 0.0, Diff: 0.0, Sum: 0.1]
         [Processed Buffers: Min: 1, Avg: 1.5, Max: 2, Diff: 1, Sum: 3]
      [Scan RS (ms): Min: 0.2, Avg: 0.2, Max: 0.2, Diff: 0.0, Sum: 0.5]
      [Code Root Scanning (ms): Min: 0.1, Avg: 0.1, Max: 0.1, Diff: 0.0, Sum: 0.2]
      [Object Copy (ms): Min: 1.5, Avg: 1.5, Max: 1.6, Diff: 0.0, Sum: 3.1]
      [Termination (ms): Min: 0.0, Avg: 0.0, Max: 0.0, Diff: 0.0, Sum: 0.0]
      [GC Worker Other (ms): Min: 0.0, Avg: 0.0, Max: 0.0, Diff: 0.0, Sum: 0.1]
      [GC Worker Total (ms): Min: 2.2, Avg: 2.2, Max: 2.2, Diff: 0.0, Sum: 4.5]
      [GC Worker End (ms): Min: 35274.5, Avg: 35274.5, Max: 35274.5, Diff: 0.0]
   [Code Root Fixup: 0.0 ms]
   [Code Root Migration: 0.0 ms]
   [Clear CT: 0.2 ms]
   [Other: 0.6 ms]
      [Choose CSet: 0.0 ms]
      [Ref Proc: 0.2 ms]
      [Ref Enq: 0.0 ms]
      [Free CSet: 0.2 ms]
   [Eden: 131.0M(131.0M)->0.0B(147.0M) Survivors: 17.0M->4096.0K Heap: 212.0M(256.0M)->67.8M(256.0M)]
 [Times: user=0.03 sys=0.00, real=0.00 secs] 
2014-07-10T11:36:44.643+0200: 35.424: [GC pause (G1 Evacuation Pause) (young) 35.424: [G1Ergonomics (CSet Construction) start choosing CSet, _pending_cards: 512, predicted base time: 1.21 ms, remaining time: 198.79 ms, target pause time: 200.00 ms]
 35.424: [G1Ergonomics (CSet Construction) add young regions to CSet, eden: 147 regions, survivors: 4 regions, predicted young region time: 96.11 ms]
 35.424: [G1Ergonomics (CSet Construction) finish choosing CSet, eden: 147 regions, survivors: 4 regions, old: 0 regions, predicted pause time: 97.32 ms, target pause time: 200.00 ms]
, 0.0130460 secs]
   [Parallel Time: 12.3 ms, GC Workers: 2]
      [GC Worker Start (ms): Min: 35424.3, Avg: 35424.3, Max: 35424.3, Diff: 0.0]
      [Ext Root Scanning (ms): Min: 0.4, Avg: 0.4, Max: 0.4, Diff: 0.0, Sum: 0.7]
      [Update RS (ms): Min: 0.0, Avg: 0.1, Max: 0.1, Diff: 0.0, Sum: 0.1]
         [Processed Buffers: Min: 1, Avg: 1.5, Max: 2, Diff: 1, Sum: 3]
      [Scan RS (ms): Min: 0.2, Avg: 0.3, Max: 0.3, Diff: 0.0, Sum: 0.5]
      [Code Root Scanning (ms): Min: 0.1, Avg: 0.1, Max: 0.1, Diff: 0.0, Sum: 0.2]
      [Object Copy (ms): Min: 11.3, Avg: 11.3, Max: 11.3, Diff: 0.0, Sum: 22.6]
      [Termination (ms): Min: 0.0, Avg: 0.0, Max: 0.0, Diff: 0.0, Sum: 0.0]
      [GC Worker Other (ms): Min: 0.0, Avg: 0.0, Max: 0.0, Diff: 0.0, Sum: 0.1]
      [GC Worker Total (ms): Min: 12.1, Avg: 12.1, Max: 12.1, Diff: 0.0, Sum: 24.3]
      [GC Worker End (ms): Min: 35436.4, Avg: 35436.4, Max: 35436.4, Diff: 0.0]
   [Code Root Fixup: 0.0 ms]
   [Code Root Migration: 0.1 ms]
   [Clear CT: 0.2 ms]
   [Other: 0.5 ms]
      [Choose CSet: 0.0 ms]
      [Ref Proc: 0.1 ms]
      [Ref Enq: 0.0 ms]
      [Free CSet: 0.2 ms]
   [Eden: 147.0M(147.0M)->0.0B(127.0M) Survivors: 4096.0K->19.0M Heap: 214.8M(256.0M)->82.7M(256.0M)]
 [Times: user=0.03 sys=0.00, real=0.01 secs] 
2014-07-10T11:36:44.798+0200: 35.579: [GC pause (G1 Evacuation Pause) (young) 35.579: [G1Ergonomics (CSet Construction) start choosing CSet, _pending_cards: 512, predicted base time: 1.21 ms, remaining time: 198.79 ms, target pause time: 200.00 ms]
 35.579: [G1Ergonomics (CSet Construction) add young regions to CSet, eden: 127 regions, survivors: 19 regions, predicted young region time: 61.47 ms]
 35.579: [G1Ergonomics (CSet Construction) finish choosing CSet, eden: 127 regions, survivors: 19 regions, old: 0 regions, predicted pause time: 62.68 ms, target pause time: 200.00 ms]
, 0.0102919 secs]
   [Parallel Time: 9.5 ms, GC Workers: 2]
      [GC Worker Start (ms): Min: 35579.4, Avg: 35579.4, Max: 35579.4, Diff: 0.0]
      [Ext Root Scanning (ms): Min: 0.3, Avg: 0.3, Max: 0.3, Diff: 0.0, Sum: 0.7]
      [Update RS (ms): Min: 0.0, Avg: 0.1, Max: 0.1, Diff: 0.0, Sum: 0.1]
         [Processed Buffers: Min: 1, Avg: 1.5, Max: 2, Diff: 1, Sum: 3]
      [Scan RS (ms): Min: 0.2, Avg: 0.2, Max: 0.3, Diff: 0.0, Sum: 0.5]
      [Code Root Scanning (ms): Min: 0.1, Avg: 0.1, Max: 0.1, Diff: 0.0, Sum: 0.2]
      [Object Copy (ms): Min: 8.6, Avg: 8.6, Max: 8.7, Diff: 0.2, Sum: 17.3]
      [Termination (ms): Min: 0.0, Avg: 0.1, Max: 0.2, Diff: 0.2, Sum: 0.2]
      [GC Worker Other (ms): Min: 0.0, Avg: 0.0, Max: 0.0, Diff: 0.0, Sum: 0.1]
      [GC Worker Total (ms): Min: 9.5, Avg: 9.5, Max: 9.5, Diff: 0.0, Sum: 19.0]
      [GC Worker End (ms): Min: 35588.9, Avg: 35588.9, Max: 35588.9, Diff: 0.0]
   [Code Root Fixup: 0.0 ms]
   [Code Root Migration: 0.1 ms]
   [Clear CT: 0.1 ms]
   [Other: 0.6 ms]
      [Choose CSet: 0.0 ms]
      [Ref Proc: 0.1 ms]
      [Ref Enq: 0.0 ms]
      [Free CSet: 0.3 ms]
   [Eden: 127.0M(127.0M)->0.0B(136.0M) Survivors: 19.0M->13.0M Heap: 209.7M(256.0M)->77.6M(256.0M)]
 [Times: user=0.03 sys=0.00, real=0.01 secs] 
2014-07-10T11:36:44.898+0200: 35.679: [GC pause (G1 Evacuation Pause) (young) 35.679: [G1Ergonomics (CSet Construction) start choosing CSet, _pending_cards: 512, predicted base time: 1.15 ms, remaining time: 198.85 ms, target pause time: 200.00 ms]
 35.679: [G1Ergonomics (CSet Construction) add young regions to CSet, eden: 136 regions, survivors: 13 regions, predicted young region time: 89.15 ms]
 35.679: [G1Ergonomics (CSet Construction) finish choosing CSet, eden: 136 regions, survivors: 13 regions, old: 0 regions, predicted pause time: 90.30 ms, target pause time: 200.00 ms]
, 0.0071657 secs]
   [Parallel Time: 6.6 ms, GC Workers: 2]
      [GC Worker Start (ms): Min: 35679.3, Avg: 35679.3, Max: 35679.3, Diff: 0.0]
      [Ext Root Scanning (ms): Min: 0.3, Avg: 0.3, Max: 0.3, Diff: 0.0, Sum: 0.6]
      [Update RS (ms): Min: 0.0, Avg: 0.1, Max: 0.1, Diff: 0.0, Sum: 0.1]
         [Processed Buffers: Min: 1, Avg: 1.5, Max: 2, Diff: 1, Sum: 3]
      [Scan RS (ms): Min: 0.2, Avg: 0.2, Max: 0.2, Diff: 0.0, Sum: 0.4]
      [Code Root Scanning (ms): Min: 0.1, Avg: 0.1, Max: 0.1, Diff: 0.0, Sum: 0.2]
      [Object Copy (ms): Min: 5.9, Avg: 5.9, Max: 5.9, Diff: 0.0, Sum: 11.8]
      [Termination (ms): Min: 0.0, Avg: 0.0, Max: 0.0, Diff: 0.0, Sum: 0.0]
      [GC Worker Other (ms): Min: 0.0, Avg: 0.0, Max: 0.0, Diff: 0.0, Sum: 0.1]
      [GC Worker Total (ms): Min: 6.6, Avg: 6.6, Max: 6.6, Diff: 0.0, Sum: 13.2]
      [GC Worker End (ms): Min: 35685.9, Avg: 35685.9, Max: 35685.9, Diff: 0.0]
   [Code Root Fixup: 0.0 ms]
   [Code Root Migration: 0.0 ms]
   [Clear CT: 0.1 ms]
   [Other: 0.4 ms]
      [Choose CSet: 0.0 ms]
      [Ref Proc: 0.1 ms]
      [Ref Enq: 0.0 ms]
      [Free CSet: 0.2 ms]
   [Eden: 136.0M(136.0M)->0.0B(142.0M) Survivors: 13.0M->9216.0K Heap: 213.6M(256.0M)->73.5M(256.0M)]
 [Times: user=0.00 sys=0.00, real=0.01 secs] 
2014-07-10T11:36:45.040+0200: 35.821: [GC pause (G1 Evacuation Pause) (young) 35.821: [G1Ergonomics (CSet Construction) start choosing CSet, _pending_cards: 512, predicted base time: 1.07 ms, remaining time: 198.93 ms, target pause time: 200.00 ms]
 35.821: [G1Ergonomics (CSet Construction) add young regions to CSet, eden: 142 regions, survivors: 9 regions, predicted young region time: 64.92 ms]
 35.821: [G1Ergonomics (CSet Construction) finish choosing CSet, eden: 142 regions, survivors: 9 regions, old: 0 regions, predicted pause time: 65.99 ms, target pause time: 200.00 ms]
, 0.0138746 secs]
   [Parallel Time: 12.9 ms, GC Workers: 2]
      [GC Worker Start (ms): Min: 35821.2, Avg: 35821.2, Max: 35821.2, Diff: 0.0]
      [Ext Root Scanning (ms): Min: 0.3, Avg: 0.3, Max: 0.3, Diff: 0.0, Sum: 0.7]
      [Update RS (ms): Min: 0.0, Avg: 0.1, Max: 0.1, Diff: 0.0, Sum: 0.1]
         [Processed Buffers: Min: 1, Avg: 1.5, Max: 2, Diff: 1, Sum: 3]
      [Scan RS (ms): Min: 0.3, Avg: 0.3, Max: 0.3, Diff: 0.0, Sum: 0.5]
      [Code Root Scanning (ms): Min: 0.1, Avg: 0.1, Max: 0.1, Diff: 0.0, Sum: 0.2]
      [Object Copy (ms): Min: 11.8, Avg: 11.8, Max: 11.9, Diff: 0.0, Sum: 23.7]
      [Termination (ms): Min: 0.0, Avg: 0.1, Max: 0.2, Diff: 0.2, Sum: 0.2]
      [GC Worker Other (ms): Min: 0.0, Avg: 0.0, Max: 0.0, Diff: 0.0, Sum: 0.1]
      [GC Worker Total (ms): Min: 12.7, Avg: 12.8, Max: 12.8, Diff: 0.2, Sum: 25.5]
      [GC Worker End (ms): Min: 35833.9, Avg: 35834.0, Max: 35834.1, Diff: 0.2]
   [Code Root Fixup: 0.0 ms]
   [Code Root Migration: 0.1 ms]
   [Clear CT: 0.1 ms]
   [Other: 0.8 ms]
      [Choose CSet: 0.0 ms]
      [Ref Proc: 0.1 ms]
      [Ref Enq: 0.0 ms]
      [Free CSet: 0.5 ms]
   [Eden: 142.0M(142.0M)->0.0B(127.0M) Survivors: 9216.0K->19.0M Heap: 215.5M(256.0M)->83.4M(256.0M)]
 [Times: user=0.02 sys=0.00, real=0.01 secs] 
2014-07-10T11:36:45.195+0200: 35.976: [GC pause (G1 Evacuation Pause) (young) 35.976: [G1Ergonomics (CSet Construction) start choosing CSet, _pending_cards: 512, predicted base time: 1.08 ms, remaining time: 198.92 ms, target pause time: 200.00 ms]
 35.976: [G1Ergonomics (CSet Construction) add young regions to CSet, eden: 127 regions, survivors: 19 regions, predicted young region time: 83.08 ms]
 35.976: [G1Ergonomics (CSet Construction) finish choosing CSet, eden: 127 regions, survivors: 19 regions, old: 0 regions, predicted pause time: 84.15 ms, target pause time: 200.00 ms]
, 0.0102050 secs]
   [Parallel Time: 9.4 ms, GC Workers: 2]
      [GC Worker Start (ms): Min: 35975.9, Avg: 35975.9, Max: 35975.9, Diff: 0.0]
      [Ext Root Scanning (ms): Min: 0.5, Avg: 0.5, Max: 0.5, Diff: 0.0, Sum: 1.0]
      [Update RS (ms): Min: 0.0, Avg: 0.0, Max: 0.1, Diff: 0.0, Sum: 0.1]
         [Processed Buffers: Min: 1, Avg: 1.5, Max: 2, Diff: 1, Sum: 3]
      [Scan RS (ms): Min: 0.2, Avg: 0.3, Max: 0.3, Diff: 0.0, Sum: 0.5]
      [Code Root Scanning (ms): Min: 0.1, Avg: 0.1, Max: 0.1, Diff: 0.0, Sum: 0.2]
      [Object Copy (ms): Min: 8.5, Avg: 8.5, Max: 8.5, Diff: 0.0, Sum: 16.9]
      [Termination (ms): Min: 0.0, Avg: 0.0, Max: 0.0, Diff: 0.0, Sum: 0.0]
      [GC Worker Other (ms): Min: 0.0, Avg: 0.0, Max: 0.0, Diff: 0.0, Sum: 0.1]
      [GC Worker Total (ms): Min: 9.4, Avg: 9.4, Max: 9.4, Diff: 0.0, Sum: 18.8]
      [GC Worker End (ms): Min: 35985.3, Avg: 35985.3, Max: 35985.3, Diff: 0.0]
   [Code Root Fixup: 0.0 ms]
   [Code Root Migration: 0.1 ms]
   [Clear CT: 0.2 ms]
   [Other: 0.5 ms]
      [Choose CSet: 0.0 ms]
      [Ref Proc: 0.1 ms]
      [Ref Enq: 0.0 ms]
      [Free CSet: 0.2 ms]
   [Eden: 127.0M(127.0M)->0.0B(135.0M) Survivors: 19.0M->14.0M Heap: 210.4M(256.0M)->78.3M(256.0M)]
 [Times: user=0.00 sys=0.00, real=0.01 secs] 
2014-07-10T11:36:45.297+0200: 36.078: [GC pause (G1 Evacuation Pause) (young) 36.078: [G1Ergonomics (CSet Construction) start choosing CSet, _pending_cards: 512, predicted base time: 1.12 ms, remaining time: 198.88 ms, target pause time: 200.00 ms]
 36.078: [G1Ergonomics (CSet Construction) add young regions to CSet, eden: 135 regions, survivors: 14 regions, predicted young region time: 20.91 ms]
 36.078: [G1Ergonomics (CSet Construction) finish choosing CSet, eden: 135 regions, survivors: 14 regions, old: 0 regions, predicted pause time: 22.03 ms, target pause time: 200.00 ms]
, 0.0115905 secs]
   [Parallel Time: 10.8 ms, GC Workers: 2]
      [GC Worker Start (ms): Min: 36078.1, Avg: 36078.1, Max: 36078.1, Diff: 0.0]
      [Ext Root Scanning (ms): Min: 0.3, Avg: 0.3, Max: 0.3, Diff: 0.0, Sum: 0.6]
      [Update RS (ms): Min: 0.0, Avg: 0.0, Max: 0.0, Diff: 0.0, Sum: 0.1]
         [Processed Buffers: Min: 1, Avg: 1.5, Max: 2, Diff: 1, Sum: 3]
      [Scan RS (ms): Min: 0.2, Avg: 0.2, Max: 0.2, Diff: 0.0, Sum: 0.5]
      [Code Root Scanning (ms): Min: 0.1, Avg: 0.1, Max: 0.1, Diff: 0.0, Sum: 0.2]
      [Object Copy (ms): Min: 10.0, Avg: 10.0, Max: 10.0, Diff: 0.0, Sum: 20.0]
      [Termination (ms): Min: 0.0, Avg: 0.0, Max: 0.0, Diff: 0.0, Sum: 0.0]
      [GC Worker Other (ms): Min: 0.0, Avg: 0.0, Max: 0.0, Diff: 0.0, Sum: 0.1]
      [GC Worker Total (ms): Min: 10.7, Avg: 10.8, Max: 10.8, Diff: 0.0, Sum: 21.5]
      [GC Worker End (ms): Min: 36088.8, Avg: 36088.8, Max: 36088.8, Diff: 0.0]
   [Code Root Fixup: 0.0 ms]
   [Code Root Migration: 0.0 ms]
   [Clear CT: 0.2 ms]
   [Other: 0.6 ms]
      [Choose CSet: 0.0 ms]
      [Ref Proc: 0.2 ms]
      [Ref Enq: 0.0 ms]
      [Free CSet: 0.2 ms]
   [Eden: 135.0M(135.0M)->0.0B(131.0M) Survivors: 14.0M->17.0M Heap: 213.3M(256.0M)->81.1M(256.0M)]
 [Times: user=0.03 sys=0.00, real=0.01 secs] 
2014-07-10T11:36:45.427+0200: 36.208: [GC pause (G1 Evacuation Pause) (young) 36.208: [G1Ergonomics (CSet Construction) start choosing CSet, _pending_cards: 256, predicted base time: 1.08 ms, remaining time: 198.92 ms, target pause time: 200.00 ms]
 36.208: [G1Ergonomics (CSet Construction) add young regions to CSet, eden: 131 regions, survivors: 17 regions, predicted young region time: 82.98 ms]
 36.208: [G1Ergonomics (CSet Construction) finish choosing CSet, eden: 131 regions, survivors: 17 regions, old: 0 regions, predicted pause time: 84.06 ms, target pause time: 200.00 ms]
, 0.0111612 secs]
   [Parallel Time: 10.4 ms, GC Workers: 2]
      [GC Worker Start (ms): Min: 36208.5, Avg: 36208.5, Max: 36208.5, Diff: 0.0]
      [Ext Root Scanning (ms): Min: 0.4, Avg: 0.4, Max: 0.4, Diff: 0.0, Sum: 0.8]
      [Update RS (ms): Min: 0.0, Avg: 0.0, Max: 0.0, Diff: 0.0, Sum: 0.0]
         [Processed Buffers: Min: 1, Avg: 1.0, Max: 1, Diff: 0, Sum: 2]
      [Scan RS (ms): Min: 0.2, Avg: 0.2, Max: 0.2, Diff: 0.0, Sum: 0.5]
      [Code Root Scanning (ms): Min: 0.1, Avg: 0.1, Max: 0.1, Diff: 0.0, Sum: 0.2]
      [Object Copy (ms): Min: 9.6, Avg: 9.6, Max: 9.6, Diff: 0.0, Sum: 19.2]
      [Termination (ms): Min: 0.0, Avg: 0.0, Max: 0.0, Diff: 0.0, Sum: 0.0]
      [GC Worker Other (ms): Min: 0.0, Avg: 0.0, Max: 0.0, Diff: 0.0, Sum: 0.1]
      [GC Worker Total (ms): Min: 10.4, Avg: 10.4, Max: 10.4, Diff: 0.0, Sum: 20.8]
      [GC Worker End (ms): Min: 36218.9, Avg: 36218.9, Max: 36218.9, Diff: 0.0]
   [Code Root Fixup: 0.0 ms]
   [Code Root Migration: 0.0 ms]
   [Clear CT: 0.1 ms]
   [Other: 0.5 ms]
      [Choose CSet: 0.0 ms]
      [Ref Proc: 0.2 ms]
      [Ref Enq: 0.0 ms]
      [Free CSet: 0.2 ms]
   [Eden: 131.0M(131.0M)->0.0B(132.0M) Survivors: 17.0M->16.0M Heap: 212.1M(256.0M)->80.0M(256.0M)]
 [Times: user=0.03 sys=0.00, real=0.01 secs] 
2014-07-10T11:36:45.520+0200: 36.302: [GC pause (G1 Evacuation Pause) (young) 36.302: [G1Ergonomics (CSet Construction) start choosing CSet, _pending_cards: 260, predicted base time: 1.08 ms, remaining time: 198.92 ms, target pause time: 200.00 ms]
 36.302: [G1Ergonomics (CSet Construction) add young regions to CSet, eden: 132 regions, survivors: 16 regions, predicted young region time: 83.04 ms]
 36.302: [G1Ergonomics (CSet Construction) finish choosing CSet, eden: 132 regions, survivors: 16 regions, old: 0 regions, predicted pause time: 84.12 ms, target pause time: 200.00 ms]
 36.329: [G1Ergonomics (Heap Sizing) attempt heap expansion, reason: region allocation request failed, allocation request: 32784 bytes]
 36.329: [G1Ergonomics (Heap Sizing) expand the heap, requested expansion amount: 32784 bytes, attempted expansion amount: 1048576 bytes]
 36.329: [G1Ergonomics (Heap Sizing) did not expand the heap, reason: heap already fully expanded]
 (to-space exhausted), 0.0285227 secs]
   [Parallel Time: 27.8 ms, GC Workers: 2]
      [GC Worker Start (ms): Min: 36301.6, Avg: 36301.6, Max: 36301.6, Diff: 0.0]
      [Ext Root Scanning (ms): Min: 0.4, Avg: 0.4, Max: 0.4, Diff: 0.0, Sum: 0.7]
      [Update RS (ms): Min: 0.0, Avg: 0.1, Max: 0.1, Diff: 0.0, Sum: 0.1]
         [Processed Buffers: Min: 1, Avg: 1.5, Max: 2, Diff: 1, Sum: 3]
      [Scan RS (ms): Min: 0.2, Avg: 0.2, Max: 0.3, Diff: 0.0, Sum: 0.5]
      [Code Root Scanning (ms): Min: 0.1, Avg: 0.1, Max: 0.1, Diff: 0.0, Sum: 0.2]
      [Object Copy (ms): Min: 26.9, Avg: 26.9, Max: 26.9, Diff: 0.0, Sum: 53.9]
      [Termination (ms): Min: 0.0, Avg: 0.0, Max: 0.0, Diff: 0.0, Sum: 0.0]
      [GC Worker Other (ms): Min: 0.0, Avg: 0.0, Max: 0.0, Diff: 0.0, Sum: 0.1]
      [GC Worker Total (ms): Min: 27.7, Avg: 27.8, Max: 27.8, Diff: 0.0, Sum: 55.5]
      [GC Worker End (ms): Min: 36329.4, Avg: 36329.4, Max: 36329.4, Diff: 0.0]
   [Code Root Fixup: 0.0 ms]
   [Code Root Migration: 0.0 ms]
   [Clear CT: 0.1 ms]
   [Other: 0.6 ms]
      [Choose CSet: 0.0 ms]
      [Ref Proc: 0.0 ms]
      [Ref Enq: 0.0 ms]
      [Free CSet: 0.2 ms]
   [Eden: 132.0M(132.0M)->0.0B(65.0M) Survivors: 16.0M->19.0M Heap: 212.0M(256.0M)->131.0M(256.0M)]
 [Times: user=0.06 sys=0.00, real=0.03 secs] 
2014-07-10T11:36:45.643+0200: 36.424: [GC pause (G1 Evacuation Pause) (young) 36.424: [G1Ergonomics (CSet Construction) start choosing CSet, _pending_cards: 1024, predicted base time: 1.16 ms, remaining time: 198.84 ms, target pause time: 200.00 ms]
 36.425: [G1Ergonomics (CSet Construction) add young regions to CSet, eden: 65 regions, survivors: 19 regions, predicted young region time: 36.34 ms]
 36.425: [G1Ergonomics (CSet Construction) finish choosing CSet, eden: 65 regions, survivors: 19 regions, old: 0 regions, predicted pause time: 37.50 ms, target pause time: 200.00 ms]
 36.472: [G1Ergonomics (Heap Sizing) attempt heap expansion, reason: region allocation request failed, allocation request: 32784 bytes]
 36.472: [G1Ergonomics (Heap Sizing) expand the heap, requested expansion amount: 32784 bytes, attempted expansion amount: 1048576 bytes]
 36.472: [G1Ergonomics (Heap Sizing) did not expand the heap, reason: heap already fully expanded]
 36.473: [G1Ergonomics (Concurrent Cycles) request concurrent cycle initiation, reason: occupancy higher than threshold, occupancy: 174063616 bytes, allocation request: 0 bytes, threshold: 120795930 bytes (45.00 %), source: end of GC]
 (to-space exhausted), 0.0481288 secs]
   [Parallel Time: 47.4 ms, GC Workers: 2]
      [GC Worker Start (ms): Min: 36424.6, Avg: 36424.6, Max: 36424.6, Diff: 0.0]
      [Ext Root Scanning (ms): Min: 0.6, Avg: 0.6, Max: 0.6, Diff: 0.0, Sum: 1.2]
      [Update RS (ms): Min: 0.1, Avg: 0.1, Max: 0.1, Diff: 0.0, Sum: 0.3]
         [Processed Buffers: Min: 2, Avg: 2.5, Max: 3, Diff: 1, Sum: 5]
      [Scan RS (ms): Min: 0.2, Avg: 0.3, Max: 0.3, Diff: 0.0, Sum: 0.5]
      [Code Root Scanning (ms): Min: 0.1, Avg: 0.1, Max: 0.1, Diff: 0.0, Sum: 0.2]
      [Object Copy (ms): Min: 46.0, Avg: 46.0, Max: 46.0, Diff: 0.0, Sum: 92.0]
      [Termination (ms): Min: 0.0, Avg: 0.1, Max: 0.2, Diff: 0.2, Sum: 0.2]
      [GC Worker Other (ms): Min: 0.0, Avg: 0.0, Max: 0.1, Diff: 0.0, Sum: 0.1]
      [GC Worker Total (ms): Min: 47.2, Avg: 47.3, Max: 47.4, Diff: 0.2, Sum: 94.5]
      [GC Worker End (ms): Min: 36471.8, Avg: 36471.9, Max: 36472.0, Diff: 0.2]
   [Code Root Fixup: 0.0 ms]
   [Code Root Migration: 0.0 ms]
   [Clear CT: 0.1 ms]
   [Other: 0.6 ms]
      [Choose CSet: 0.1 ms]
      [Ref Proc: 0.1 ms]
      [Ref Enq: 0.0 ms]
      [Free CSet: 0.2 ms]
   [Eden: 65.0M(65.0M)->0.0B(30.0M) Survivors: 19.0M->11.0M Heap: 196.0M(256.0M)->177.0M(256.0M)]
 [Times: user=0.08 sys=0.00, real=0.05 secs] 
 36.487: [G1Ergonomics (Concurrent Cycles) initiate concurrent cycle, reason: concurrent cycle initiation requested]
2014-07-10T11:36:45.706+0200: 36.487: [GC pause (G1 Evacuation Pause) (young) (initial-mark) 36.487: [G1Ergonomics (CSet Construction) start choosing CSet, _pending_cards: 1024, predicted base time: 1.16 ms, remaining time: 198.84 ms, target pause time: 200.00 ms]
 36.487: [G1Ergonomics (CSet Construction) add young regions to CSet, eden: 30 regions, survivors: 11 regions, predicted young region time: 13.33 ms]
 36.487: [G1Ergonomics (CSet Construction) finish choosing CSet, eden: 30 regions, survivors: 11 regions, old: 0 regions, predicted pause time: 14.49 ms, target pause time: 200.00 ms]
, 0.0178994 secs]
   [Parallel Time: 17.4 ms, GC Workers: 2]
      [GC Worker Start (ms): Min: 36486.9, Avg: 36486.9, Max: 36486.9, Diff: 0.0]
      [Ext Root Scanning (ms): Min: 0.4, Avg: 0.4, Max: 0.4, Diff: 0.0, Sum: 0.8]
      [Code Root Marking (ms): Min: 0.0, Avg: 0.1, Max: 0.1, Diff: 0.0, Sum: 0.1]
      [Update RS (ms): Min: 0.1, Avg: 0.1, Max: 0.1, Diff: 0.0, Sum: 0.1]
         [Processed Buffers: Min: 2, Avg: 2.5, Max: 3, Diff: 1, Sum: 5]
      [Scan RS (ms): Min: 0.1, Avg: 0.1, Max: 0.1, Diff: 0.0, Sum: 0.1]
      [Code Root Scanning (ms): Min: 0.0, Avg: 0.0, Max: 0.0, Diff: 0.0, Sum: 0.1]
      [Object Copy (ms): Min: 16.7, Avg: 16.7, Max: 16.7, Diff: 0.0, Sum: 33.4]
      [Termination (ms): Min: 0.0, Avg: 0.0, Max: 0.0, Diff: 0.0, Sum: 0.0]
      [GC Worker Other (ms): Min: 0.0, Avg: 0.0, Max: 0.0, Diff: 0.0, Sum: 0.1]
      [GC Worker Total (ms): Min: 17.3, Avg: 17.3, Max: 17.4, Diff: 0.0, Sum: 34.7]
      [GC Worker End (ms): Min: 36504.2, Avg: 36504.2, Max: 36504.2, Diff: 0.0]
   [Code Root Fixup: 0.0 ms]
   [Code Root Migration: 0.0 ms]
   [Clear CT: 0.0 ms]
   [Other: 0.4 ms]
      [Choose CSet: 0.0 ms]
      [Ref Proc: 0.1 ms]
      [Ref Enq: 0.0 ms]
      [Free CSet: 0.1 ms]
   [Eden: 30.0M(30.0M)->0.0B(19.0M) Survivors: 11.0M->6144.0K Heap: 207.0M(256.0M)->192.8M(256.0M)]
 [Times: user=0.03 sys=0.00, real=0.02 secs] 
2014-07-10T11:36:45.724+0200: 36.505: [GC concurrent-root-region-scan-start]
2014-07-10T11:36:45.724+0200: 36.505: [GC concurrent-root-region-scan-end, 0.0004359 secs]
2014-07-10T11:36:45.724+0200: 36.505: [GC concurrent-mark-start]
2014-07-10T11:36:45.728+0200: 36.509: [GC concurrent-mark-end, 0.0034001 secs]
2014-07-10T11:36:45.728+0200: 36.509: [GC remark 36.509: [GC ref-proc, 0.0000671 secs], 0.0014665 secs]
 [Times: user=0.00 sys=0.00, real=0.00 secs] 
2014-07-10T11:36:45.730+0200: 36.511: [GC cleanup 199M->71M(256M), 0.0010617 secs]
 [Times: user=0.00 sys=0.00, real=0.00 secs] 
2014-07-10T11:36:45.731+0200: 36.512: [GC concurrent-cleanup-start]
2014-07-10T11:36:45.731+0200: 36.512: [GC concurrent-cleanup-end, 0.0002878 secs]
2014-07-10T11:36:45.739+0200: 36.520: [GC pause (G1 Evacuation Pause) (young) 36.520: [G1Ergonomics (CSet Construction) start choosing CSet, _pending_cards: 256, predicted base time: 1.04 ms, remaining time: 198.96 ms, target pause time: 200.00 ms]
 36.520: [G1Ergonomics (CSet Construction) add young regions to CSet, eden: 19 regions, survivors: 6 regions, predicted young region time: 10.07 ms]
 36.520: [G1Ergonomics (CSet Construction) finish choosing CSet, eden: 19 regions, survivors: 6 regions, old: 0 regions, predicted pause time: 11.11 ms, target pause time: 200.00 ms]
 36.536: [G1Ergonomics (Mixed GCs) start mixed GCs, reason: candidate old regions available, candidate old regions: 38 regions, reclaimable: 38609088 bytes (14.38 %), threshold: 10.00 %]
, 0.0160949 secs]
   [Parallel Time: 15.8 ms, GC Workers: 2]
      [GC Worker Start (ms): Min: 36520.1, Avg: 36520.2, Max: 36520.2, Diff: 0.0]
      [Ext Root Scanning (ms): Min: 0.3, Avg: 0.3, Max: 0.3, Diff: 0.0, Sum: 0.6]
      [Update RS (ms): Min: 0.0, Avg: 0.0, Max: 0.0, Diff: 0.0, Sum: 0.0]
         [Processed Buffers: Min: 1, Avg: 1.0, Max: 1, Diff: 0, Sum: 2]
      [Scan RS (ms): Min: 0.0, Avg: 0.0, Max: 0.0, Diff: 0.0, Sum: 0.1]
      [Code Root Scanning (ms): Min: 0.0, Avg: 0.0, Max: 0.0, Diff: 0.0, Sum: 0.0]
      [Object Copy (ms): Min: 15.3, Avg: 15.3, Max: 15.3, Diff: 0.1, Sum: 30.6]
      [Termination (ms): Min: 0.0, Avg: 0.0, Max: 0.1, Diff: 0.1, Sum: 0.1]
      [GC Worker Other (ms): Min: 0.0, Avg: 0.0, Max: 0.0, Diff: 0.0, Sum: 0.0]
      [GC Worker Total (ms): Min: 15.7, Avg: 15.7, Max: 15.7, Diff: 0.0, Sum: 31.5]
      [GC Worker End (ms): Min: 36535.9, Avg: 36535.9, Max: 36535.9, Diff: 0.0]
   [Code Root Fixup: 0.0 ms]
   [Code Root Migration: 0.0 ms]
   [Clear CT: 0.0 ms]
   [Other: 0.3 ms]
      [Choose CSet: 0.0 ms]
      [Ref Proc: 0.0 ms]
      [Ref Enq: 0.0 ms]
      [Free CSet: 0.1 ms]
   [Eden: 19.0M(19.0M)->0.0B(8192.0K) Survivors: 6144.0K->4096.0K Heap: 83.8M(256.0M)->83.8M(256.0M)]
 [Times: user=0.03 sys=0.00, real=0.02 secs] 
2014-07-10T11:36:45.759+0200: 36.540: [GC pause (G1 Evacuation Pause) (mixed) 36.540: [G1Ergonomics (CSet Construction) start choosing CSet, _pending_cards: 514, predicted base time: 0.98 ms, remaining time: 199.02 ms, target pause time: 200.00 ms]
 36.540: [G1Ergonomics (CSet Construction) add young regions to CSet, eden: 8 regions, survivors: 4 regions, predicted young region time: 5.86 ms]
 36.540: [G1Ergonomics (CSet Construction) finish adding old regions to CSet, reason: reclaimable percentage not over threshold, old: 12 regions, max: 26 regions, reclaimable: 26135328 bytes (9.74 %), threshold: 10.00 %]
 36.540: [G1Ergonomics (CSet Construction) finish choosing CSet, eden: 8 regions, survivors: 4 regions, old: 12 regions, predicted pause time: 14.62 ms, target pause time: 200.00 ms]
 36.549: [G1Ergonomics (Mixed GCs) do not continue mixed GCs, reason: reclaimable percentage not over threshold, candidate old regions: 26 regions, reclaimable: 26135328 bytes (9.74 %), threshold: 10.00 %]
, 0.0082491 secs]
   [Parallel Time: 7.9 ms, GC Workers: 2]
      [GC Worker Start (ms): Min: 36540.4, Avg: 36540.4, Max: 36540.4, Diff: 0.0]
      [Ext Root Scanning (ms): Min: 0.3, Avg: 0.3, Max: 0.3, Diff: 0.0, Sum: 0.6]
      [Update RS (ms): Min: 0.1, Avg: 0.1, Max: 0.1, Diff: 0.0, Sum: 0.3]
         [Processed Buffers: Min: 1, Avg: 2.0, Max: 3, Diff: 2, Sum: 4]
      [Scan RS (ms): Min: 0.1, Avg: 0.1, Max: 0.1, Diff: 0.0, Sum: 0.1]
      [Code Root Scanning (ms): Min: 0.0, Avg: 0.0, Max: 0.0, Diff: 0.0, Sum: 0.0]
      [Object Copy (ms): Min: 7.3, Avg: 7.3, Max: 7.3, Diff: 0.0, Sum: 14.6]
      [Termination (ms): Min: 0.0, Avg: 0.0, Max: 0.0, Diff: 0.0, Sum: 0.0]
      [GC Worker Other (ms): Min: 0.0, Avg: 0.0, Max: 0.0, Diff: 0.0, Sum: 0.1]
      [GC Worker Total (ms): Min: 7.9, Avg: 7.9, Max: 7.9, Diff: 0.0, Sum: 15.8]
      [GC Worker End (ms): Min: 36548.3, Avg: 36548.3, Max: 36548.3, Diff: 0.0]
   [Code Root Fixup: 0.0 ms]
   [Code Root Migration: 0.0 ms]
   [Clear CT: 0.0 ms]
   [Other: 0.3 ms]
      [Choose CSet: 0.0 ms]
      [Ref Proc: 0.1 ms]
      [Ref Enq: 0.0 ms]
      [Free CSet: 0.1 ms]
   [Eden: 8192.0K(8192.0K)->0.0B(86.0M) Survivors: 4096.0K->2048.0K Heap: 91.8M(256.0M)->80.0M(256.0M)]
 [Times: user=0.00 sys=0.00, real=0.01 secs] 
2014-07-10T11:36:45.808+0200: 36.589: [GC pause (G1 Evacuation Pause) (young) 36.590: [G1Ergonomics (CSet Construction) start choosing CSet, _pending_cards: 516, predicted base time: 0.94 ms, remaining time: 199.06 ms, target pause time: 200.00 ms]
 36.590: [G1Ergonomics (CSet Construction) add young regions to CSet, eden: 86 regions, survivors: 2 regions, predicted young region time: 52.57 ms]
 36.590: [G1Ergonomics (CSet Construction) finish choosing CSet, eden: 86 regions, survivors: 2 regions, old: 0 regions, predicted pause time: 53.51 ms, target pause time: 200.00 ms]
, 0.0061784 secs]
   [Parallel Time: 5.7 ms, GC Workers: 2]
      [GC Worker Start (ms): Min: 36589.6, Avg: 36589.6, Max: 36589.6, Diff: 0.0]
      [Ext Root Scanning (ms): Min: 0.3, Avg: 0.3, Max: 0.3, Diff: 0.0, Sum: 0.6]
      [Update RS (ms): Min: 0.0, Avg: 0.1, Max: 0.1, Diff: 0.1, Sum: 0.2]
         [Processed Buffers: Min: 2, Avg: 2.0, Max: 2, Diff: 0, Sum: 4]
      [Scan RS (ms): Min: 0.1, Avg: 0.1, Max: 0.2, Diff: 0.1, Sum: 0.3]
      [Code Root Scanning (ms): Min: 0.1, Avg: 0.1, Max: 0.1, Diff: 0.0, Sum: 0.1]
      [Object Copy (ms): Min: 5.0, Avg: 5.0, Max: 5.0, Diff: 0.0, Sum: 10.0]
      [Termination (ms): Min: 0.0, Avg: 0.0, Max: 0.0, Diff: 0.0, Sum: 0.0]
      [GC Worker Other (ms): Min: 0.0, Avg: 0.0, Max: 0.0, Diff: 0.0, Sum: 0.1]
      [GC Worker Total (ms): Min: 5.6, Avg: 5.7, Max: 5.7, Diff: 0.0, Sum: 11.3]
      [GC Worker End (ms): Min: 36595.3, Avg: 36595.3, Max: 36595.3, Diff: 0.0]
   [Code Root Fixup: 0.0 ms]
   [Code Root Migration: 0.0 ms]
   [Clear CT: 0.1 ms]
   [Other: 0.3 ms]
      [Choose CSet: 0.0 ms]
      [Ref Proc: 0.1 ms]
      [Ref Enq: 0.0 ms]
      [Free CSet: 0.1 ms]
   [Eden: 86.0M(86.0M)->0.0B(91.0M) Survivors: 2048.0K->8192.0K Heap: 166.0M(256.0M)->85.7M(256.0M)]
 [Times: user=0.00 sys=0.00, real=0.01 secs] 
2014-07-10T11:36:45.857+0200: 36.639: [GC pause (G1 Evacuation Pause) (young) 36.639: [G1Ergonomics (CSet Construction) start choosing CSet, _pending_cards: 512, predicted base time: 0.91 ms, remaining time: 199.09 ms, target pause time: 200.00 ms]
 36.639: [G1Ergonomics (CSet Construction) add young regions to CSet, eden: 91 regions, survivors: 8 regions, predicted young region time: 59.98 ms]
 36.639: [G1Ergonomics (CSet Construction) finish choosing CSet, eden: 91 regions, survivors: 8 regions, old: 0 regions, predicted pause time: 60.89 ms, target pause time: 200.00 ms]
, 0.0221332 secs]
   [Parallel Time: 21.6 ms, GC Workers: 2]
      [GC Worker Start (ms): Min: 36638.7, Avg: 36638.7, Max: 36638.8, Diff: 0.1]
      [Ext Root Scanning (ms): Min: 0.3, Avg: 0.3, Max: 0.4, Diff: 0.1, Sum: 0.7]
      [Update RS (ms): Min: 0.0, Avg: 0.0, Max: 0.0, Diff: 0.0, Sum: 0.1]
         [Processed Buffers: Min: 1, Avg: 1.5, Max: 2, Diff: 1, Sum: 3]
      [Scan RS (ms): Min: 0.2, Avg: 0.2, Max: 0.2, Diff: 0.0, Sum: 0.3]
      [Code Root Scanning (ms): Min: 0.1, Avg: 0.1, Max: 0.1, Diff: 0.0, Sum: 0.1]
      [Object Copy (ms): Min: 20.9, Avg: 20.9, Max: 20.9, Diff: 0.0, Sum: 41.8]
      [Termination (ms): Min: 0.0, Avg: 0.0, Max: 0.0, Diff: 0.0, Sum: 0.0]
      [GC Worker Other (ms): Min: 0.0, Avg: 0.0, Max: 0.0, Diff: 0.0, Sum: 0.1]
      [GC Worker Total (ms): Min: 21.5, Avg: 21.6, Max: 21.6, Diff: 0.1, Sum: 43.1]
      [GC Worker End (ms): Min: 36660.3, Avg: 36660.3, Max: 36660.3, Diff: 0.0]
   [Code Root Fixup: 0.0 ms]
   [Code Root Migration: 0.0 ms]
   [Clear CT: 0.1 ms]
   [Other: 0.4 ms]
      [Choose CSet: 0.0 ms]
      [Ref Proc: 0.1 ms]
      [Ref Enq: 0.0 ms]
      [Free CSet: 0.2 ms]
   [Eden: 91.0M(91.0M)->0.0B(74.0M) Survivors: 8192.0K->13.0M Heap: 176.7M(256.0M)->110.7M(256.0M)]
 [Times: user=0.03 sys=0.00, real=0.02 secs] 
2014-07-10T11:36:45.925+0200: 36.706: [GC pause (G1 Evacuation Pause) (young) 36.706: [G1Ergonomics (CSet Construction) start choosing CSet, _pending_cards: 512, predicted base time: 0.90 ms, remaining time: 199.10 ms, target pause time: 200.00 ms]
 36.706: [G1Ergonomics (CSet Construction) add young regions to CSet, eden: 74 regions, survivors: 13 regions, predicted young region time: 50.29 ms]
 36.706: [G1Ergonomics (CSet Construction) finish choosing CSet, eden: 74 regions, survivors: 13 regions, old: 0 regions, predicted pause time: 51.19 ms, target pause time: 200.00 ms]
 36.732: [G1Ergonomics (Heap Sizing) attempt heap expansion, reason: recent GC overhead higher than threshold after GC, recent GC overhead: 11.57 %, threshold: 10.00 %, uncommitted: 0 bytes, calculated expansion amount: 0 bytes (20.00 %)]
 36.732: [G1Ergonomics (Concurrent Cycles) request concurrent cycle initiation, reason: occupancy higher than threshold, occupancy: 134217728 bytes, allocation request: 0 bytes, threshold: 120795930 bytes (45.00 %), source: end of GC]
, 0.0256931 secs]
   [Parallel Time: 25.1 ms, GC Workers: 2]
      [GC Worker Start (ms): Min: 36706.2, Avg: 36706.3, Max: 36706.4, Diff: 0.2]
      [Ext Root Scanning (ms): Min: 0.2, Avg: 0.3, Max: 0.3, Diff: 0.2, Sum: 0.5]
      [Update RS (ms): Min: 0.0, Avg: 0.0, Max: 0.0, Diff: 0.0, Sum: 0.1]
         [Processed Buffers: Min: 1, Avg: 1.5, Max: 2, Diff: 1, Sum: 3]
      [Scan RS (ms): Min: 0.1, Avg: 0.2, Max: 0.2, Diff: 0.0, Sum: 0.3]
      [Code Root Scanning (ms): Min: 0.1, Avg: 0.1, Max: 0.1, Diff: 0.0, Sum: 0.1]
      [Object Copy (ms): Min: 24.4, Avg: 24.4, Max: 24.4, Diff: 0.0, Sum: 48.8]
      [Termination (ms): Min: 0.0, Avg: 0.0, Max: 0.0, Diff: 0.0, Sum: 0.0]
      [GC Worker Other (ms): Min: 0.0, Avg: 0.0, Max: 0.0, Diff: 0.0, Sum: 0.1]
      [GC Worker Total (ms): Min: 24.9, Avg: 25.0, Max: 25.0, Diff: 0.2, Sum: 49.9]
      [GC Worker End (ms): Min: 36731.3, Avg: 36731.3, Max: 36731.3, Diff: 0.0]
   [Code Root Fixup: 0.0 ms]
   [Code Root Migration: 0.0 ms]
   [Clear CT: 0.1 ms]
   [Other: 0.5 ms]
      [Choose CSet: 0.0 ms]
      [Ref Proc: 0.1 ms]
      [Ref Enq: 0.0 ms]
      [Free CSet: 0.2 ms]
   [Eden: 74.0M(74.0M)->0.0B(51.0M) Survivors: 13.0M->11.0M Heap: 184.7M(256.0M)->138.3M(256.0M)]
 [Times: user=0.06 sys=0.00, real=0.03 secs] 
 36.779: [G1Ergonomics (Concurrent Cycles) initiate concurrent cycle, reason: concurrent cycle initiation requested]
2014-07-10T11:36:45.998+0200: 36.779: [GC pause (G1 Evacuation Pause) (young) (initial-mark) 36.779: [G1Ergonomics (CSet Construction) start choosing CSet, _pending_cards: 513, predicted base time: 0.91 ms, remaining time: 199.09 ms, target pause time: 200.00 ms]
 36.779: [G1Ergonomics (CSet Construction) add young regions to CSet, eden: 51 regions, survivors: 11 regions, predicted young region time: 34.69 ms]
 36.779: [G1Ergonomics (CSet Construction) finish choosing CSet, eden: 51 regions, survivors: 11 regions, old: 0 regions, predicted pause time: 35.60 ms, target pause time: 200.00 ms]
 36.791: [G1Ergonomics (Heap Sizing) attempt heap expansion, reason: recent GC overhead higher than threshold after GC, recent GC overhead: 13.63 %, threshold: 10.00 %, uncommitted: 0 bytes, calculated expansion amount: 0 bytes (20.00 %)]
, 0.0118897 secs]
   [Parallel Time: 11.2 ms, GC Workers: 2]
      [GC Worker Start (ms): Min: 36779.1, Avg: 36779.1, Max: 36779.1, Diff: 0.0]
      [Ext Root Scanning (ms): Min: 0.3, Avg: 0.3, Max: 0.3, Diff: 0.0, Sum: 0.6]
      [Code Root Marking (ms): Min: 0.0, Avg: 0.0, Max: 0.0, Diff: 0.0, Sum: 0.1]
      [Update RS (ms): Min: 0.0, Avg: 0.0, Max: 0.0, Diff: 0.0, Sum: 0.1]
         [Processed Buffers: Min: 2, Avg: 2.0, Max: 2, Diff: 0, Sum: 4]
      [Scan RS (ms): Min: 0.1, Avg: 0.1, Max: 0.1, Diff: 0.0, Sum: 0.2]
      [Code Root Scanning (ms): Min: 0.0, Avg: 0.0, Max: 0.0, Diff: 0.0, Sum: 0.1]
      [Object Copy (ms): Min: 10.4, Avg: 10.5, Max: 10.5, Diff: 0.0, Sum: 20.9]
      [Termination (ms): Min: 0.0, Avg: 0.0, Max: 0.0, Diff: 0.0, Sum: 0.0]
      [GC Worker Other (ms): Min: 0.0, Avg: 0.0, Max: 0.0, Diff: 0.0, Sum: 0.1]
      [GC Worker Total (ms): Min: 11.0, Avg: 11.0, Max: 11.0, Diff: 0.0, Sum: 22.1]
      [GC Worker End (ms): Min: 36790.2, Avg: 36790.2, Max: 36790.2, Diff: 0.0]
   [Code Root Fixup: 0.0 ms]
   [Code Root Migration: 0.0 ms]
   [Clear CT: 0.0 ms]
   [Other: 0.6 ms]
      [Choose CSet: 0.0 ms]
      [Ref Proc: 0.2 ms]
      [Ref Enq: 0.0 ms]
      [Free CSet: 0.1 ms]
   [Eden: 51.0M(51.0M)->0.0B(50.0M) Survivors: 11.0M->8192.0K Heap: 189.3M(256.0M)->144.8M(256.0M)]
 [Times: user=0.03 sys=0.00, real=0.01 secs] 
2014-07-10T11:36:46.010+0200: 36.791: [GC concurrent-root-region-scan-start]
2014-07-10T11:36:46.010+0200: 36.791: [GC concurrent-root-region-scan-end, 0.0001961 secs]
2014-07-10T11:36:46.010+0200: 36.791: [GC concurrent-mark-start]
2014-07-10T11:36:46.014+0200: 36.795: [GC concurrent-mark-end, 0.0034386 secs]
2014-07-10T11:36:46.014+0200: 36.795: [GC remark 36.795: [GC ref-proc, 0.0000741 secs], 0.0012872 secs]
 [Times: user=0.00 sys=0.00, real=0.00 secs] 
2014-07-10T11:36:46.015+0200: 36.796: [GC cleanup 152M->56M(256M), 0.0006709 secs]
 [Times: user=0.00 sys=0.00, real=0.00 secs] 
2014-07-10T11:36:46.016+0200: 36.797: [GC concurrent-cleanup-start]
2014-07-10T11:36:46.016+0200: 36.797: [GC concurrent-cleanup-end, 0.0002236 secs]
2014-07-10T11:36:46.037+0200: 36.818: [GC pause (G1 Evacuation Pause) (young) 36.818: [G1Ergonomics (CSet Construction) start choosing CSet, _pending_cards: 512, predicted base time: 1.01 ms, remaining time: 198.99 ms, target pause time: 200.00 ms]
 36.818: [G1Ergonomics (CSet Construction) add young regions to CSet, eden: 50 regions, survivors: 8 regions, predicted young region time: 32.64 ms]
 36.818: [G1Ergonomics (CSet Construction) finish choosing CSet, eden: 50 regions, survivors: 8 regions, old: 0 regions, predicted pause time: 33.65 ms, target pause time: 200.00 ms]
 36.820: [G1Ergonomics (Heap Sizing) attempt heap expansion, reason: recent GC overhead higher than threshold after GC, recent GC overhead: 14.70 %, threshold: 10.00 %, uncommitted: 0 bytes, calculated expansion amount: 0 bytes (20.00 %)]
 36.820: [G1Ergonomics (Mixed GCs) start mixed GCs, reason: candidate old regions available, candidate old regions: 31 regions, reclaimable: 31269056 bytes (11.65 %), threshold: 10.00 %]
, 0.0016029 secs]
   [Parallel Time: 1.3 ms, GC Workers: 2]
      [GC Worker Start (ms): Min: 36818.2, Avg: 36818.2, Max: 36818.2, Diff: 0.0]
      [Ext Root Scanning (ms): Min: 0.3, Avg: 0.3, Max: 0.3, Diff: 0.0, Sum: 0.7]
      [Update RS (ms): Min: 0.0, Avg: 0.0, Max: 0.1, Diff: 0.0, Sum: 0.1]
         [Processed Buffers: Min: 1, Avg: 1.5, Max: 2, Diff: 1, Sum: 3]
      [Scan RS (ms): Min: 0.1, Avg: 0.1, Max: 0.1, Diff: 0.0, Sum: 0.2]
      [Code Root Scanning (ms): Min: 0.0, Avg: 0.0, Max: 0.0, Diff: 0.0, Sum: 0.1]
      [Object Copy (ms): Min: 0.7, Avg: 0.7, Max: 0.7, Diff: 0.0, Sum: 1.3]
      [Termination (ms): Min: 0.0, Avg: 0.0, Max: 0.0, Diff: 0.0, Sum: 0.0]
      [GC Worker Other (ms): Min: 0.0, Avg: 0.0, Max: 0.0, Diff: 0.0, Sum: 0.1]
      [GC Worker Total (ms): Min: 1.2, Avg: 1.2, Max: 1.2, Diff: 0.0, Sum: 2.5]
      [GC Worker End (ms): Min: 36819.5, Avg: 36819.5, Max: 36819.5, Diff: 0.0]
   [Code Root Fixup: 0.0 ms]
   [Code Root Migration: 0.0 ms]
   [Clear CT: 0.1 ms]
   [Other: 0.3 ms]
      [Choose CSet: 0.0 ms]
      [Ref Proc: 0.0 ms]
      [Ref Enq: 0.0 ms]
      [Free CSet: 0.1 ms]
   [Eden: 50.0M(50.0M)->0.0B(10.0M) Survivors: 8192.0K->2048.0K Heap: 98.8M(256.0M)->42.2M(256.0M)]
 [Times: user=0.00 sys=0.00, real=0.00 secs] 
2014-07-10T11:36:46.043+0200: 36.825: [GC pause (G1 Evacuation Pause) (mixed) 36.825: [G1Ergonomics (CSet Construction) start choosing CSet, _pending_cards: 512, predicted base time: 0.93 ms, remaining time: 199.07 ms, target pause time: 200.00 ms]
 36.825: [G1Ergonomics (CSet Construction) add young regions to CSet, eden: 10 regions, survivors: 2 regions, predicted young region time: 6.20 ms]
 36.825: [G1Ergonomics (CSet Construction) finish adding old regions to CSet, reason: reclaimable percentage not over threshold, old: 5 regions, max: 26 regions, reclaimable: 26067552 bytes (9.71 %), threshold: 10.00 %]
 36.825: [G1Ergonomics (CSet Construction) finish choosing CSet, eden: 10 regions, survivors: 2 regions, old: 5 regions, predicted pause time: 9.33 ms, target pause time: 200.00 ms]
 36.833: [G1Ergonomics (Heap Sizing) attempt heap expansion, reason: recent GC overhead higher than threshold after GC, recent GC overhead: 15.82 %, threshold: 10.00 %, uncommitted: 0 bytes, calculated expansion amount: 0 bytes (20.00 %)]
 36.833: [G1Ergonomics (Mixed GCs) do not continue mixed GCs, reason: reclaimable percentage not over threshold, candidate old regions: 26 regions, reclaimable: 26067552 bytes (9.71 %), threshold: 10.00 %]
, 0.0084478 secs]
   [Parallel Time: 8.1 ms, GC Workers: 2]
      [GC Worker Start (ms): Min: 36824.7, Avg: 36824.7, Max: 36824.7, Diff: 0.0]
      [Ext Root Scanning (ms): Min: 0.6, Avg: 0.6, Max: 0.7, Diff: 0.1, Sum: 1.3]
      [Update RS (ms): Min: 0.0, Avg: 0.0, Max: 0.0, Diff: 0.0, Sum: 0.1]
         [Processed Buffers: Min: 1, Avg: 1.5, Max: 2, Diff: 1, Sum: 3]
      [Scan RS (ms): Min: 0.0, Avg: 0.0, Max: 0.1, Diff: 0.0, Sum: 0.1]
      [Code Root Scanning (ms): Min: 0.0, Avg: 0.0, Max: 0.0, Diff: 0.0, Sum: 0.0]
      [Object Copy (ms): Min: 7.3, Avg: 7.3, Max: 7.3, Diff: 0.0, Sum: 14.5]
      [Termination (ms): Min: 0.0, Avg: 0.0, Max: 0.1, Diff: 0.1, Sum: 0.1]
      [GC Worker Other (ms): Min: 0.0, Avg: 0.1, Max: 0.1, Diff: 0.0, Sum: 0.1]
      [GC Worker Total (ms): Min: 8.1, Avg: 8.1, Max: 8.1, Diff: 0.0, Sum: 16.1]
      [GC Worker End (ms): Min: 36832.7, Avg: 36832.7, Max: 36832.7, Diff: 0.0]
   [Code Root Fixup: 0.0 ms]
   [Code Root Migration: 0.0 ms]
   [Clear CT: 0.0 ms]
   [Other: 0.3 ms]
      [Choose CSet: 0.0 ms]
      [Ref Proc: 0.0 ms]
      [Ref Enq: 0.0 ms]
      [Free CSet: 0.1 ms]
   [Eden: 10.0M(10.0M)->0.0B(140.0M) Survivors: 2048.0K->2048.0K Heap: 52.2M(256.0M)->47.3M(256.0M)]
 [Times: user=0.03 sys=0.00, real=0.01 secs] 
2014-07-10T11:36:46.205+0200: 36.986: [GC pause (G1 Evacuation Pause) (young) 36.986: [G1Ergonomics (CSet Construction) start choosing CSet, _pending_cards: 524, predicted base time: 0.95 ms, remaining time: 199.05 ms, target pause time: 200.00 ms]
 36.987: [G1Ergonomics (CSet Construction) add young regions to CSet, eden: 140 regions, survivors: 2 regions, predicted young region time: 36.79 ms]
 36.987: [G1Ergonomics (CSet Construction) finish choosing CSet, eden: 140 regions, survivors: 2 regions, old: 0 regions, predicted pause time: 37.75 ms, target pause time: 200.00 ms]
 37.009: [G1Ergonomics (Heap Sizing) attempt heap expansion, reason: recent GC overhead higher than threshold after GC, recent GC overhead: 17.32 %, threshold: 10.00 %, uncommitted: 0 bytes, calculated expansion amount: 0 bytes (20.00 %)]
, 0.0228558 secs]
   [Parallel Time: 21.6 ms, GC Workers: 2]
      [GC Worker Start (ms): Min: 36986.6, Avg: 36986.6, Max: 36986.6, Diff: 0.0]
      [Ext Root Scanning (ms): Min: 0.6, Avg: 0.6, Max: 0.6, Diff: 0.0, Sum: 1.3]
      [Update RS (ms): Min: 0.1, Avg: 0.1, Max: 0.1, Diff: 0.0, Sum: 0.2]
         [Processed Buffers: Min: 2, Avg: 2.0, Max: 2, Diff: 0, Sum: 4]
      [Scan RS (ms): Min: 0.4, Avg: 0.4, Max: 0.4, Diff: 0.0, Sum: 0.8]
      [Code Root Scanning (ms): Min: 0.1, Avg: 0.1, Max: 0.1, Diff: 0.0, Sum: 0.3]
      [Object Copy (ms): Min: 20.1, Avg: 20.1, Max: 20.1, Diff: 0.0, Sum: 40.2]
      [Termination (ms): Min: 0.0, Avg: 0.0, Max: 0.0, Diff: 0.0, Sum: 0.0]
      [GC Worker Other (ms): Min: 0.0, Avg: 0.0, Max: 0.0, Diff: 0.0, Sum: 0.1]
      [GC Worker Total (ms): Min: 21.4, Avg: 21.4, Max: 21.5, Diff: 0.0, Sum: 42.9]
      [GC Worker End (ms): Min: 37008.1, Avg: 37008.1, Max: 37008.1, Diff: 0.0]
   [Code Root Fixup: 0.0 ms]
   [Code Root Migration: 0.1 ms]
   [Clear CT: 0.2 ms]
   [Other: 1.0 ms]
      [Choose CSet: 0.1 ms]
      [Ref Proc: 0.1 ms]
      [Ref Enq: 0.0 ms]
      [Free CSet: 0.5 ms]
   [Eden: 140.0M(140.0M)->0.0B(128.0M) Survivors: 2048.0K->18.0M Heap: 187.3M(256.0M)->64.6M(256.0M)]
 [Times: user=0.06 sys=0.00, real=0.02 secs] 
2014-07-10T11:36:46.297+0200: 37.078: [GC pause (G1 Evacuation Pause) (young) 37.079: [G1Ergonomics (CSet Construction) start choosing CSet, _pending_cards: 257, predicted base time: 1.22 ms, remaining time: 198.78 ms, target pause time: 200.00 ms]
 37.079: [G1Ergonomics (CSet Construction) add young regions to CSet, eden: 128 regions, survivors: 18 regions, predicted young region time: 109.34 ms]
 37.079: [G1Ergonomics (CSet Construction) finish choosing CSet, eden: 128 regions, survivors: 18 regions, old: 0 regions, predicted pause time: 110.56 ms, target pause time: 200.00 ms]
 37.089: [G1Ergonomics (Heap Sizing) attempt heap expansion, reason: recent GC overhead higher than threshold after GC, recent GC overhead: 17.78 %, threshold: 10.00 %, uncommitted: 0 bytes, calculated expansion amount: 0 bytes (20.00 %)]
, 0.0110772 secs]
   [Parallel Time: 10.2 ms, GC Workers: 2]
      [GC Worker Start (ms): Min: 37078.6, Avg: 37078.6, Max: 37078.6, Diff: 0.0]
      [Ext Root Scanning (ms): Min: 0.4, Avg: 0.5, Max: 0.6, Diff: 0.2, Sum: 1.1]
      [Update RS (ms): Min: 0.0, Avg: 0.0, Max: 0.1, Diff: 0.1, Sum: 0.1]
         [Processed Buffers: Min: 0, Avg: 1.5, Max: 3, Diff: 3, Sum: 3]
      [Scan RS (ms): Min: 0.2, Avg: 0.2, Max: 0.3, Diff: 0.1, Sum: 0.4]
      [Code Root Scanning (ms): Min: 0.1, Avg: 0.1, Max: 0.1, Diff: 0.0, Sum: 0.2]
      [Object Copy (ms): Min: 9.2, Avg: 9.2, Max: 9.3, Diff: 0.0, Sum: 18.5]
      [Termination (ms): Min: 0.0, Avg: 0.0, Max: 0.0, Diff: 0.0, Sum: 0.0]
      [GC Worker Other (ms): Min: 0.0, Avg: 0.0, Max: 0.0, Diff: 0.0, Sum: 0.1]
      [GC Worker Total (ms): Min: 10.2, Avg: 10.2, Max: 10.2, Diff: 0.0, Sum: 20.4]
      [GC Worker End (ms): Min: 37088.7, Avg: 37088.7, Max: 37088.8, Diff: 0.0]
   [Code Root Fixup: 0.0 ms]
   [Code Root Migration: 0.0 ms]
   [Clear CT: 0.1 ms]
   [Other: 0.7 ms]
      [Choose CSet: 0.0 ms]
      [Ref Proc: 0.3 ms]
      [Ref Enq: 0.0 ms]
      [Free CSet: 0.2 ms]
   [Eden: 128.0M(128.0M)->0.0B(134.0M) Survivors: 18.0M->16.0M Heap: 192.6M(256.0M)->61.8M(256.0M)]
 [Times: user=0.03 sys=0.00, real=0.01 secs] 
2014-07-10T11:36:46.453+0200: 37.234: [GC pause (G1 Evacuation Pause) (young) 37.235: [G1Ergonomics (CSet Construction) start choosing CSet, _pending_cards: 258, predicted base time: 1.28 ms, remaining time: 198.72 ms, target pause time: 200.00 ms]
 37.235: [G1Ergonomics (CSet Construction) add young regions to CSet, eden: 134 regions, survivors: 16 regions, predicted young region time: 107.39 ms]
 37.235: [G1Ergonomics (CSet Construction) finish choosing CSet, eden: 134 regions, survivors: 16 regions, old: 0 regions, predicted pause time: 108.67 ms, target pause time: 200.00 ms]
 37.239: [G1Ergonomics (Heap Sizing) attempt heap expansion, reason: recent GC overhead higher than threshold after GC, recent GC overhead: 22.83 %, threshold: 10.00 %, uncommitted: 0 bytes, calculated expansion amount: 0 bytes (20.00 %)]
, 0.0041762 secs]
   [Parallel Time: 3.5 ms, GC Workers: 2]
      [GC Worker Start (ms): Min: 37234.6, Avg: 37234.6, Max: 37234.6, Diff: 0.0]
      [Ext Root Scanning (ms): Min: 0.3, Avg: 0.3, Max: 0.3, Diff: 0.0, Sum: 0.6]
      [Update RS (ms): Min: 0.0, Avg: 0.0, Max: 0.0, Diff: 0.0, Sum: 0.1]
         [Processed Buffers: Min: 1, Avg: 1.5, Max: 2, Diff: 1, Sum: 3]
      [Scan RS (ms): Min: 0.2, Avg: 0.2, Max: 0.2, Diff: 0.0, Sum: 0.4]
      [Code Root Scanning (ms): Min: 0.1, Avg: 0.1, Max: 0.1, Diff: 0.0, Sum: 0.2]
      [Object Copy (ms): Min: 2.8, Avg: 2.8, Max: 2.8, Diff: 0.0, Sum: 5.6]
      [Termination (ms): Min: 0.0, Avg: 0.0, Max: 0.0, Diff: 0.0, Sum: 0.0]
      [GC Worker Other (ms): Min: 0.0, Avg: 0.0, Max: 0.0, Diff: 0.0, Sum: 0.1]
      [GC Worker Total (ms): Min: 3.5, Avg: 3.5, Max: 3.5, Diff: 0.0, Sum: 7.0]
      [GC Worker End (ms): Min: 37238.1, Avg: 37238.1, Max: 37238.1, Diff: 0.0]
   [Code Root Fixup: 0.0 ms]
   [Code Root Migration: 0.1 ms]
   [Clear CT: 0.1 ms]
   [Other: 0.5 ms]
      [Choose CSet: 0.0 ms]
      [Ref Proc: 0.1 ms]
      [Ref Enq: 0.0 ms]
      [Free CSet: 0.2 ms]
   [Eden: 134.0M(134.0M)->0.0B(148.0M) Survivors: 16.0M->5120.0K Heap: 195.8M(256.0M)->51.6M(256.0M)]
 [Times: user=0.02 sys=0.00, real=0.00 secs] 
2014-07-10T11:36:46.608+0200: 37.389: [GC pause (G1 Evacuation Pause) (young) 37.389: [G1Ergonomics (CSet Construction) start choosing CSet, _pending_cards: 512, predicted base time: 1.22 ms, remaining time: 198.78 ms, target pause time: 200.00 ms]
 37.389: [G1Ergonomics (CSet Construction) add young regions to CSet, eden: 148 regions, survivors: 5 regions, predicted young region time: 89.69 ms]
 37.389: [G1Ergonomics (CSet Construction) finish choosing CSet, eden: 148 regions, survivors: 5 regions, old: 0 regions, predicted pause time: 90.91 ms, target pause time: 200.00 ms]
 37.411: [G1Ergonomics (Heap Sizing) attempt heap expansion, reason: recent GC overhead higher than threshold after GC, recent GC overhead: 17.32 %, threshold: 10.00 %, uncommitted: 0 bytes, calculated expansion amount: 0 bytes (20.00 %)]
, 0.0226083 secs]
   [Parallel Time: 21.7 ms, GC Workers: 2]
      [GC Worker Start (ms): Min: 37389.0, Avg: 37389.0, Max: 37389.0, Diff: 0.0]
      [Ext Root Scanning (ms): Min: 0.6, Avg: 0.6, Max: 0.6, Diff: 0.0, Sum: 1.1]
      [Update RS (ms): Min: 0.1, Avg: 0.1, Max: 0.1, Diff: 0.0, Sum: 0.2]
         [Processed Buffers: Min: 1, Avg: 1.5, Max: 2, Diff: 1, Sum: 3]
      [Scan RS (ms): Min: 0.6, Avg: 0.6, Max: 0.6, Diff: 0.0, Sum: 1.2]
      [Code Root Scanning (ms): Min: 0.1, Avg: 0.2, Max: 0.2, Diff: 0.1, Sum: 0.3]
      [Object Copy (ms): Min: 20.2, Avg: 20.3, Max: 20.3, Diff: 0.0, Sum: 40.5]
      [Termination (ms): Min: 0.0, Avg: 0.0, Max: 0.0, Diff: 0.0, Sum: 0.0]
      [GC Worker Other (ms): Min: 0.0, Avg: 0.0, Max: 0.0, Diff: 0.0, Sum: 0.1]
      [GC Worker Total (ms): Min: 21.7, Avg: 21.7, Max: 21.7, Diff: 0.0, Sum: 43.4]
      [GC Worker End (ms): Min: 37410.7, Avg: 37410.7, Max: 37410.7, Diff: 0.0]
   [Code Root Fixup: 0.0 ms]
   [Code Root Migration: 0.0 ms]
   [Clear CT: 0.2 ms]
   [Other: 0.6 ms]
      [Choose CSet: 0.1 ms]
      [Ref Proc: 0.1 ms]
      [Ref Enq: 0.0 ms]
      [Free CSet: 0.3 ms]
   [Eden: 148.0M(148.0M)->0.0B(133.0M) Survivors: 5120.0K->20.0M Heap: 199.6M(256.0M)->67.5M(256.0M)]
 [Times: user=0.05 sys=0.00, real=0.02 secs] 
2014-07-10T11:36:46.700+0200: 37.481: [GC pause (G1 Evacuation Pause) (young) 37.481: [G1Ergonomics (CSet Construction) start choosing CSet, _pending_cards: 512, predicted base time: 1.29 ms, remaining time: 198.71 ms, target pause time: 200.00 ms]
 37.481: [G1Ergonomics (CSet Construction) add young regions to CSet, eden: 133 regions, survivors: 20 regions, predicted young region time: 113.53 ms]
 37.481: [G1Ergonomics (CSet Construction) finish choosing CSet, eden: 133 regions, survivors: 20 regions, old: 0 regions, predicted pause time: 114.82 ms, target pause time: 200.00 ms]
 37.497: [G1Ergonomics (Heap Sizing) attempt heap expansion, reason: recent GC overhead higher than threshold after GC, recent GC overhead: 15.76 %, threshold: 10.00 %, uncommitted: 0 bytes, calculated expansion amount: 0 bytes (20.00 %)]
, 0.0152300 secs]
   [Parallel Time: 14.4 ms, GC Workers: 2]
      [GC Worker Start (ms): Min: 37481.5, Avg: 37481.5, Max: 37481.5, Diff: 0.0]
      [Ext Root Scanning (ms): Min: 0.4, Avg: 0.4, Max: 0.4, Diff: 0.0, Sum: 0.8]
      [Update RS (ms): Min: 0.0, Avg: 0.0, Max: 0.1, Diff: 0.0, Sum: 0.1]
         [Processed Buffers: Min: 1, Avg: 1.5, Max: 2, Diff: 1, Sum: 3]
      [Scan RS (ms): Min: 0.2, Avg: 0.2, Max: 0.3, Diff: 0.0, Sum: 0.5]
      [Code Root Scanning (ms): Min: 0.1, Avg: 0.1, Max: 0.1, Diff: 0.0, Sum: 0.2]
      [Object Copy (ms): Min: 13.5, Avg: 13.5, Max: 13.5, Diff: 0.0, Sum: 27.0]
      [Termination (ms): Min: 0.0, Avg: 0.1, Max: 0.1, Diff: 0.1, Sum: 0.1]
      [GC Worker Other (ms): Min: 0.0, Avg: 0.0, Max: 0.0, Diff: 0.0, Sum: 0.1]
      [GC Worker Total (ms): Min: 14.3, Avg: 14.4, Max: 14.4, Diff: 0.1, Sum: 28.8]
      [GC Worker End (ms): Min: 37495.8, Avg: 37495.8, Max: 37495.9, Diff: 0.1]
   [Code Root Fixup: 0.0 ms]
   [Code Root Migration: 0.0 ms]
   [Clear CT: 0.1 ms]
   [Other: 0.6 ms]
      [Choose CSet: 0.0 ms]
      [Ref Proc: 0.2 ms]
      [Ref Enq: 0.0 ms]
      [Free CSet: 0.2 ms]
   [Eden: 133.0M(133.0M)->0.0B(133.0M) Survivors: 20.0M->20.0M Heap: 200.5M(256.0M)->69.2M(256.0M)]
 [Times: user=0.03 sys=0.00, real=0.02 secs] 
2014-07-10T11:36:46.856+0200: 37.637: [GC pause (G1 Evacuation Pause) (young) 37.637: [G1Ergonomics (CSet Construction) start choosing CSet, _pending_cards: 512, predicted base time: 1.27 ms, remaining time: 198.73 ms, target pause time: 200.00 ms]
 37.637: [G1Ergonomics (CSet Construction) add young regions to CSet, eden: 133 regions, survivors: 20 regions, predicted young region time: 87.29 ms]
 37.637: [G1Ergonomics (CSet Construction) finish choosing CSet, eden: 133 regions, survivors: 20 regions, old: 0 regions, predicted pause time: 88.56 ms, target pause time: 200.00 ms]
 37.653: [G1Ergonomics (Heap Sizing) attempt heap expansion, reason: recent GC overhead higher than threshold after GC, recent GC overhead: 16.10 %, threshold: 10.00 %, uncommitted: 0 bytes, calculated expansion amount: 0 bytes (20.00 %)]
, 0.0161458 secs]
   [Parallel Time: 15.4 ms, GC Workers: 2]
      [GC Worker Start (ms): Min: 37636.6, Avg: 37636.7, Max: 37636.7, Diff: 0.0]
      [Ext Root Scanning (ms): Min: 0.4, Avg: 0.4, Max: 0.4, Diff: 0.0, Sum: 0.8]
      [Update RS (ms): Min: 0.1, Avg: 0.1, Max: 0.1, Diff: 0.0, Sum: 0.1]
         [Processed Buffers: Min: 1, Avg: 1.5, Max: 2, Diff: 1, Sum: 3]
      [Scan RS (ms): Min: 0.3, Avg: 0.3, Max: 0.3, Diff: 0.0, Sum: 0.6]
      [Code Root Scanning (ms): Min: 0.1, Avg: 0.1, Max: 0.1, Diff: 0.0, Sum: 0.2]
      [Object Copy (ms): Min: 14.5, Avg: 14.5, Max: 14.5, Diff: 0.0, Sum: 29.0]
      [Termination (ms): Min: 0.0, Avg: 0.0, Max: 0.0, Diff: 0.0, Sum: 0.0]
      [GC Worker Other (ms): Min: 0.0, Avg: 0.0, Max: 0.0, Diff: 0.0, Sum: 0.1]
      [GC Worker Total (ms): Min: 15.4, Avg: 15.4, Max: 15.4, Diff: 0.0, Sum: 30.7]
      [GC Worker End (ms): Min: 37652.0, Avg: 37652.0, Max: 37652.0, Diff: 0.0]
   [Code Root Fixup: 0.0 ms]
   [Code Root Migration: 0.1 ms]
   [Clear CT: 0.2 ms]
   [Other: 0.5 ms]
      [Choose CSet: 0.0 ms]
      [Ref Proc: 0.1 ms]
      [Ref Enq: 0.0 ms]
      [Free CSet: 0.2 ms]
   [Eden: 133.0M(133.0M)->0.0B(131.0M) Survivors: 20.0M->20.0M Heap: 202.2M(256.0M)->71.8M(256.0M)]
 [Times: user=0.02 sys=0.00, real=0.02 secs] 
2014-07-10T11:36:46.996+0200: 37.776: [GC pause (G1 Evacuation Pause) (young) 37.776: [G1Ergonomics (CSet Construction) start choosing CSet, _pending_cards: 259, predicted base time: 1.18 ms, remaining time: 198.82 ms, target pause time: 200.00 ms]
 37.776: [G1Ergonomics (CSet Construction) add young regions to CSet, eden: 131 regions, survivors: 20 regions, predicted young region time: 100.09 ms]
 37.777: [G1Ergonomics (CSet Construction) finish choosing CSet, eden: 131 regions, survivors: 20 regions, old: 0 regions, predicted pause time: 101.27 ms, target pause time: 200.00 ms]
 37.789: [G1Ergonomics (Heap Sizing) attempt heap expansion, reason: recent GC overhead higher than threshold after GC, recent GC overhead: 14.02 %, threshold: 10.00 %, uncommitted: 0 bytes, calculated expansion amount: 0 bytes (20.00 %)]
, 0.0131509 secs]
   [Parallel Time: 11.3 ms, GC Workers: 2]
      [GC Worker Start (ms): Min: 37776.6, Avg: 37776.6, Max: 37776.6, Diff: 0.0]
      [Ext Root Scanning (ms): Min: 0.8, Avg: 1.0, Max: 1.3, Diff: 0.5, Sum: 2.1]
      [Update RS (ms): Min: 0.0, Avg: 0.1, Max: 0.2, Diff: 0.2, Sum: 0.2]
         [Processed Buffers: Min: 0, Avg: 1.5, Max: 3, Diff: 3, Sum: 3]
      [Scan RS (ms): Min: 0.3, Avg: 0.4, Max: 0.6, Diff: 0.2, Sum: 0.9]
      [Code Root Scanning (ms): Min: 0.1, Avg: 0.1, Max: 0.2, Diff: 0.0, Sum: 0.3]
      [Object Copy (ms): Min: 9.4, Avg: 9.5, Max: 9.5, Diff: 0.1, Sum: 19.0]
      [Termination (ms): Min: 0.0, Avg: 0.0, Max: 0.0, Diff: 0.0, Sum: 0.0]
      [GC Worker Other (ms): Min: 0.0, Avg: 0.0, Max: 0.1, Diff: 0.0, Sum: 0.1]
      [GC Worker Total (ms): Min: 11.3, Avg: 11.3, Max: 11.3, Diff: 0.0, Sum: 22.5]
      [GC Worker End (ms): Min: 37787.9, Avg: 37787.9, Max: 37787.9, Diff: 0.0]
   [Code Root Fixup: 0.0 ms]
   [Code Root Migration: 0.1 ms]
   [Clear CT: 0.2 ms]
   [Other: 1.4 ms]
      [Choose CSet: 0.1 ms]
      [Ref Proc: 0.6 ms]
      [Ref Enq: 0.0 ms]
      [Free CSet: 0.5 ms]
   [Eden: 131.0M(131.0M)->0.0B(143.0M) Survivors: 20.0M->10.0M Heap: 202.8M(256.0M)->61.0M(256.0M)]
 [Times: user=0.03 sys=0.00, real=0.01 secs] 
2014-07-10T11:36:47.101+0200: 37.881: [GC pause (G1 Evacuation Pause) (young) 37.881: [G1Ergonomics (CSet Construction) start choosing CSet, _pending_cards: 256, predicted base time: 1.84 ms, remaining time: 198.16 ms, target pause time: 200.00 ms]
 37.881: [G1Ergonomics (CSet Construction) add young regions to CSet, eden: 143 regions, survivors: 10 regions, predicted young region time: 49.62 ms]
 37.881: [G1Ergonomics (CSet Construction) finish choosing CSet, eden: 143 regions, survivors: 10 regions, old: 0 regions, predicted pause time: 51.45 ms, target pause time: 200.00 ms]
 37.895: [G1Ergonomics (Heap Sizing) attempt heap expansion, reason: recent GC overhead higher than threshold after GC, recent GC overhead: 11.96 %, threshold: 10.00 %, uncommitted: 0 bytes, calculated expansion amount: 0 bytes (20.00 %)]
, 0.0141276 secs]
   [Parallel Time: 13.6 ms, GC Workers: 2]
      [GC Worker Start (ms): Min: 37881.4, Avg: 37881.4, Max: 37881.4, Diff: 0.0]
      [Ext Root Scanning (ms): Min: 0.4, Avg: 0.5, Max: 0.5, Diff: 0.1, Sum: 0.9]
      [Update RS (ms): Min: 0.0, Avg: 0.1, Max: 0.1, Diff: 0.1, Sum: 0.1]
         [Processed Buffers: Min: 0, Avg: 1.0, Max: 2, Diff: 2, Sum: 2]
      [Scan RS (ms): Min: 0.2, Avg: 0.2, Max: 0.2, Diff: 0.0, Sum: 0.5]
      [Code Root Scanning (ms): Min: 0.1, Avg: 0.1, Max: 0.1, Diff: 0.0, Sum: 0.2]
      [Object Copy (ms): Min: 12.5, Avg: 12.5, Max: 12.6, Diff: 0.1, Sum: 25.1]
      [Termination (ms): Min: 0.0, Avg: 0.1, Max: 0.2, Diff: 0.2, Sum: 0.2]
      [GC Worker Other (ms): Min: 0.0, Avg: 0.0, Max: 0.0, Diff: 0.0, Sum: 0.1]
      [GC Worker Total (ms): Min: 13.4, Avg: 13.5, Max: 13.5, Diff: 0.1, Sum: 27.0]
      [GC Worker End (ms): Min: 37894.8, Avg: 37894.9, Max: 37894.9, Diff: 0.1]
   [Code Root Fixup: 0.0 ms]
   [Code Root Migration: 0.0 ms]
   [Clear CT: 0.1 ms]
   [Other: 0.4 ms]
      [Choose CSet: 0.0 ms]
      [Ref Proc: 0.1 ms]
      [Ref Enq: 0.0 ms]
      [Free CSet: 0.2 ms]
   [Eden: 143.0M(143.0M)->0.0B(133.0M) Survivors: 10.0M->20.0M Heap: 204.0M(256.0M)->72.0M(256.0M)]
 [Times: user=0.01 sys=0.02, real=0.01 secs] 
2014-07-10T11:36:47.252+0200: 38.032: [GC pause (G1 Evacuation Pause) (young) 38.032: [G1Ergonomics (CSet Construction) start choosing CSet, _pending_cards: 256, predicted base time: 1.65 ms, remaining time: 198.35 ms, target pause time: 200.00 ms]
 38.032: [G1Ergonomics (CSet Construction) add young regions to CSet, eden: 133 regions, survivors: 20 regions, predicted young region time: 108.53 ms]
 38.032: [G1Ergonomics (CSet Construction) finish choosing CSet, eden: 133 regions, survivors: 20 regions, old: 0 regions, predicted pause time: 110.18 ms, target pause time: 200.00 ms]
 38.046: [G1Ergonomics (Heap Sizing) attempt heap expansion, reason: recent GC overhead higher than threshold after GC, recent GC overhead: 11.65 %, threshold: 10.00 %, uncommitted: 0 bytes, calculated expansion amount: 0 bytes (20.00 %)]
, 0.0142999 secs]
   [Parallel Time: 13.6 ms, GC Workers: 2]
      [GC Worker Start (ms): Min: 38031.9, Avg: 38031.9, Max: 38031.9, Diff: 0.0]
      [Ext Root Scanning (ms): Min: 0.3, Avg: 0.3, Max: 0.3, Diff: 0.0, Sum: 0.6]
      [Update RS (ms): Min: 0.0, Avg: 0.0, Max: 0.1, Diff: 0.1, Sum: 0.1]
         [Processed Buffers: Min: 1, Avg: 1.0, Max: 1, Diff: 0, Sum: 2]
      [Scan RS (ms): Min: 0.3, Avg: 0.3, Max: 0.4, Diff: 0.1, Sum: 0.7]
      [Code Root Scanning (ms): Min: 0.1, Avg: 0.1, Max: 0.1, Diff: 0.0, Sum: 0.2]
      [Object Copy (ms): Min: 12.6, Avg: 12.7, Max: 12.8, Diff: 0.2, Sum: 25.4]
      [Termination (ms): Min: 0.0, Avg: 0.0, Max: 0.0, Diff: 0.0, Sum: 0.0]
      [GC Worker Other (ms): Min: 0.0, Avg: 0.0, Max: 0.0, Diff: 0.0, Sum: 0.1]
      [GC Worker Total (ms): Min: 13.5, Avg: 13.5, Max: 13.5, Diff: 0.0, Sum: 27.1]
      [GC Worker End (ms): Min: 38045.5, Avg: 38045.5, Max: 38045.5, Diff: 0.0]
   [Code Root Fixup: 0.0 ms]
   [Code Root Migration: 0.0 ms]
   [Clear CT: 0.1 ms]
   [Other: 0.6 ms]
      [Choose CSet: 0.0 ms]
      [Ref Proc: 0.2 ms]
      [Ref Enq: 0.0 ms]
      [Free CSet: 0.2 ms]
   [Eden: 133.0M(133.0M)->0.0B(132.0M) Survivors: 20.0M->20.0M Heap: 205.0M(256.0M)->73.0M(256.0M)]
 [Times: user=0.03 sys=0.00, real=0.01 secs] 
2014-07-10T11:36:47.406+0200: 38.186: [GC pause (G1 Evacuation Pause) (young) 38.186: [G1Ergonomics (CSet Construction) start choosing CSet, _pending_cards: 256, predicted base time: 1.50 ms, remaining time: 198.50 ms, target pause time: 200.00 ms]
 38.186: [G1Ergonomics (CSet Construction) add young regions to CSet, eden: 132 regions, survivors: 20 regions, predicted young region time: 33.40 ms]
 38.186: [G1Ergonomics (CSet Construction) finish choosing CSet, eden: 132 regions, survivors: 20 regions, old: 0 regions, predicted pause time: 34.89 ms, target pause time: 200.00 ms]
 38.225: [G1Ergonomics (Heap Sizing) attempt heap expansion, reason: recent GC overhead higher than threshold after GC, recent GC overhead: 11.53 %, threshold: 10.00 %, uncommitted: 0 bytes, calculated expansion amount: 0 bytes (20.00 %)]
, 0.0387230 secs]
   [Parallel Time: 22.9 ms, GC Workers: 2]
      [GC Worker Start (ms): Min: 38186.5, Avg: 38186.6, Max: 38186.6, Diff: 0.0]
      [Ext Root Scanning (ms): Min: 0.6, Avg: 0.6, Max: 0.6, Diff: 0.0, Sum: 1.3]
      [Update RS (ms): Min: 0.0, Avg: 0.1, Max: 0.2, Diff: 0.1, Sum: 0.2]
         [Processed Buffers: Min: 1, Avg: 1.0, Max: 1, Diff: 0, Sum: 2]
      [Scan RS (ms): Min: 0.4, Avg: 0.4, Max: 0.5, Diff: 0.1, Sum: 0.9]
      [Code Root Scanning (ms): Min: 0.1, Avg: 0.2, Max: 0.2, Diff: 0.0, Sum: 0.3]
      [Object Copy (ms): Min: 21.4, Avg: 21.5, Max: 21.5, Diff: 0.0, Sum: 42.9]
      [Termination (ms): Min: 0.0, Avg: 0.0, Max: 0.0, Diff: 0.0, Sum: 0.0]
      [GC Worker Other (ms): Min: 0.0, Avg: 0.1, Max: 0.1, Diff: 0.0, Sum: 0.1]
      [GC Worker Total (ms): Min: 22.8, Avg: 22.8, Max: 22.8, Diff: 0.0, Sum: 45.7]
      [GC Worker End (ms): Min: 38209.4, Avg: 38209.4, Max: 38209.4, Diff: 0.0]
   [Code Root Fixup: 0.0 ms]
   [Code Root Migration: 0.0 ms]
   [Clear CT: 0.1 ms]
   [Other: 15.6 ms]
      [Choose CSet: 0.1 ms]
      [Ref Proc: 15.2 ms]
      [Ref Enq: 0.0 ms]
      [Free CSet: 0.2 ms]
   [Eden: 132.0M(132.0M)->0.0B(132.0M) Survivors: 20.0M->19.0M Heap: 205.0M(256.0M)->73.9M(256.0M)]
 [Times: user=0.06 sys=0.00, real=0.04 secs] 
2014-07-10T11:36:47.512+0200: 38.292: [GC pause (G1 Evacuation Pause) (young) 38.292: [G1Ergonomics (CSet Construction) start choosing CSet, _pending_cards: 258, predicted base time: 8.76 ms, remaining time: 191.24 ms, target pause time: 200.00 ms]
 38.292: [G1Ergonomics (CSet Construction) add young regions to CSet, eden: 132 regions, survivors: 19 regions, predicted young region time: 115.33 ms]
 38.292: [G1Ergonomics (CSet Construction) finish choosing CSet, eden: 132 regions, survivors: 19 regions, old: 0 regions, predicted pause time: 124.09 ms, target pause time: 200.00 ms]
 38.298: [G1Ergonomics (Heap Sizing) attempt heap expansion, reason: recent GC overhead higher than threshold after GC, recent GC overhead: 12.33 %, threshold: 10.00 %, uncommitted: 0 bytes, calculated expansion amount: 0 bytes (20.00 %)]
, 0.0061754 secs]
   [Parallel Time: 5.6 ms, GC Workers: 2]
      [GC Worker Start (ms): Min: 38292.4, Avg: 38292.4, Max: 38292.4, Diff: 0.0]
      [Ext Root Scanning (ms): Min: 0.3, Avg: 0.3, Max: 0.3, Diff: 0.0, Sum: 0.6]
      [Update RS (ms): Min: 0.1, Avg: 0.1, Max: 0.1, Diff: 0.0, Sum: 0.1]
         [Processed Buffers: Min: 1, Avg: 1.5, Max: 2, Diff: 1, Sum: 3]
      [Scan RS (ms): Min: 0.2, Avg: 0.2, Max: 0.2, Diff: 0.0, Sum: 0.4]
      [Code Root Scanning (ms): Min: 0.1, Avg: 0.1, Max: 0.1, Diff: 0.0, Sum: 0.2]
      [Object Copy (ms): Min: 4.9, Avg: 4.9, Max: 4.9, Diff: 0.0, Sum: 9.8]
      [Termination (ms): Min: 0.0, Avg: 0.0, Max: 0.0, Diff: 0.0, Sum: 0.0]
      [GC Worker Other (ms): Min: 0.0, Avg: 0.0, Max: 0.0, Diff: 0.0, Sum: 0.1]
      [GC Worker Total (ms): Min: 5.6, Avg: 5.6, Max: 5.6, Diff: 0.0, Sum: 11.2]
      [GC Worker End (ms): Min: 38298.0, Avg: 38298.0, Max: 38298.0, Diff: 0.0]
   [Code Root Fixup: 0.0 ms]
   [Code Root Migration: 0.0 ms]
   [Clear CT: 0.1 ms]
   [Other: 0.4 ms]
      [Choose CSet: 0.0 ms]
      [Ref Proc: 0.1 ms]
      [Ref Enq: 0.0 ms]
      [Free CSet: 0.2 ms]
   [Eden: 132.0M(132.0M)->0.0B(145.0M) Survivors: 19.0M->8192.0K Heap: 205.9M(256.0M)->62.6M(256.0M)]
 [Times: user=0.00 sys=0.00, real=0.01 secs] 
2014-07-10T11:36:47.630+0200: 38.410: [GC pause (G1 Evacuation Pause) (young) 38.410: [G1Ergonomics (CSet Construction) start choosing CSet, _pending_cards: 512, predicted base time: 7.03 ms, remaining time: 192.97 ms, target pause time: 200.00 ms]
 38.410: [G1Ergonomics (CSet Construction) add young regions to CSet, eden: 145 regions, survivors: 8 regions, predicted young region time: 117.84 ms]
 38.410: [G1Ergonomics (CSet Construction) finish choosing CSet, eden: 145 regions, survivors: 8 regions, old: 0 regions, predicted pause time: 124.87 ms, target pause time: 200.00 ms]
 38.424: [G1Ergonomics (Heap Sizing) attempt heap expansion, reason: recent GC overhead higher than threshold after GC, recent GC overhead: 12.03 %, threshold: 10.00 %, uncommitted: 0 bytes, calculated expansion amount: 0 bytes (20.00 %)]
, 0.0140300 secs]
   [Parallel Time: 13.4 ms, GC Workers: 2]
      [GC Worker Start (ms): Min: 38410.2, Avg: 38410.2, Max: 38410.2, Diff: 0.0]
      [Ext Root Scanning (ms): Min: 0.3, Avg: 0.3, Max: 0.3, Diff: 0.0, Sum: 0.6]
      [Update RS (ms): Min: 0.0, Avg: 0.2, Max: 0.3, Diff: 0.3, Sum: 0.4]
         [Processed Buffers: Min: 1, Avg: 1.5, Max: 2, Diff: 1, Sum: 3]
      [Scan RS (ms): Min: 0.2, Avg: 0.2, Max: 0.3, Diff: 0.2, Sum: 0.5]
      [Code Root Scanning (ms): Min: 0.1, Avg: 0.1, Max: 0.1, Diff: 0.1, Sum: 0.2]
      [Object Copy (ms): Min: 12.5, Avg: 12.5, Max: 12.5, Diff: 0.0, Sum: 25.0]
      [Termination (ms): Min: 0.0, Avg: 0.0, Max: 0.0, Diff: 0.0, Sum: 0.0]
      [GC Worker Other (ms): Min: 0.0, Avg: 0.0, Max: 0.0, Diff: 0.0, Sum: 0.1]
      [GC Worker Total (ms): Min: 13.4, Avg: 13.4, Max: 13.4, Diff: 0.0, Sum: 26.8]
      [GC Worker End (ms): Min: 38423.6, Avg: 38423.6, Max: 38423.6, Diff: 0.0]
   [Code Root Fixup: 0.0 ms]
   [Code Root Migration: 0.1 ms]
   [Clear CT: 0.1 ms]
   [Other: 0.4 ms]
      [Choose CSet: 0.0 ms]
      [Ref Proc: 0.1 ms]
      [Ref Enq: 0.0 ms]
      [Free CSet: 0.2 ms]
   [Eden: 145.0M(145.0M)->0.0B(133.0M) Survivors: 8192.0K->20.0M Heap: 207.6M(256.0M)->75.5M(256.0M)]
 [Times: user=0.02 sys=0.00, real=0.01 secs] 
2014-07-10T11:36:47.806+0200: 38.587: [GC pause (G1 Evacuation Pause) (young) 38.587: [G1Ergonomics (CSet Construction) start choosing CSet, _pending_cards: 512, predicted base time: 5.68 ms, remaining time: 194.32 ms, target pause time: 200.00 ms]
 38.587: [G1Ergonomics (CSet Construction) add young regions to CSet, eden: 133 regions, survivors: 20 regions, predicted young region time: 81.97 ms]
 38.587: [G1Ergonomics (CSet Construction) finish choosing CSet, eden: 133 regions, survivors: 20 regions, old: 0 regions, predicted pause time: 87.65 ms, target pause time: 200.00 ms]
 38.609: [G1Ergonomics (Heap Sizing) attempt heap expansion, reason: recent GC overhead higher than threshold after GC, recent GC overhead: 11.84 %, threshold: 10.00 %, uncommitted: 0 bytes, calculated expansion amount: 0 bytes (20.00 %)]
, 0.0229306 secs]
   [Parallel Time: 22.1 ms, GC Workers: 2]
      [GC Worker Start (ms): Min: 38586.9, Avg: 38586.9, Max: 38586.9, Diff: 0.0]
      [Ext Root Scanning (ms): Min: 0.6, Avg: 0.6, Max: 0.6, Diff: 0.0, Sum: 1.2]
      [Update RS (ms): Min: 0.1, Avg: 0.1, Max: 0.1, Diff: 0.0, Sum: 0.2]
         [Processed Buffers: Min: 1, Avg: 1.5, Max: 2, Diff: 1, Sum: 3]
      [Scan RS (ms): Min: 0.4, Avg: 0.5, Max: 0.5, Diff: 0.0, Sum: 0.9]
      [Code Root Scanning (ms): Min: 0.1, Avg: 0.2, Max: 0.2, Diff: 0.0, Sum: 0.3]
      [Object Copy (ms): Min: 20.6, Avg: 20.6, Max: 20.6, Diff: 0.0, Sum: 41.3]
      [Termination (ms): Min: 0.0, Avg: 0.0, Max: 0.0, Diff: 0.0, Sum: 0.0]
      [GC Worker Other (ms): Min: 0.0, Avg: 0.1, Max: 0.1, Diff: 0.0, Sum: 0.1]
      [GC Worker Total (ms): Min: 22.0, Avg: 22.0, Max: 22.0, Diff: 0.0, Sum: 44.0]
      [GC Worker End (ms): Min: 38608.9, Avg: 38608.9, Max: 38609.0, Diff: 0.0]
   [Code Root Fixup: 0.0 ms]
   [Code Root Migration: 0.0 ms]
   [Clear CT: 0.1 ms]
   [Other: 0.7 ms]
      [Choose CSet: 0.1 ms]
      [Ref Proc: 0.1 ms]
      [Ref Enq: 0.0 ms]
      [Free CSet: 0.2 ms]
   [Eden: 133.0M(133.0M)->0.0B(131.0M) Survivors: 20.0M->20.0M Heap: 208.5M(256.0M)->76.9M(256.0M)]
 [Times: user=0.03 sys=0.00, real=0.02 secs] 
2014-07-10T11:36:47.900+0200: 38.680: [GC pause (G1 Evacuation Pause) (young) 38.680: [G1Ergonomics (CSet Construction) start choosing CSet, _pending_cards: 512, predicted base time: 4.75 ms, remaining time: 195.25 ms, target pause time: 200.00 ms]
 38.680: [G1Ergonomics (CSet Construction) add young regions to CSet, eden: 131 regions, survivors: 20 regions, predicted young region time: 111.08 ms]
 38.680: [G1Ergonomics (CSet Construction) finish choosing CSet, eden: 131 regions, survivors: 20 regions, old: 0 regions, predicted pause time: 115.84 ms, target pause time: 200.00 ms]
 38.694: [G1Ergonomics (Heap Sizing) attempt heap expansion, reason: recent GC overhead higher than threshold after GC, recent GC overhead: 12.89 %, threshold: 10.00 %, uncommitted: 0 bytes, calculated expansion amount: 0 bytes (20.00 %)]
, 0.0140583 secs]
   [Parallel Time: 13.3 ms, GC Workers: 2]
      [GC Worker Start (ms): Min: 38680.2, Avg: 38680.2, Max: 38680.2, Diff: 0.0]
      [Ext Root Scanning (ms): Min: 0.3, Avg: 0.3, Max: 0.3, Diff: 0.0, Sum: 0.6]
      [Update RS (ms): Min: 0.0, Avg: 0.0, Max: 0.1, Diff: 0.0, Sum: 0.1]
         [Processed Buffers: Min: 1, Avg: 1.5, Max: 2, Diff: 1, Sum: 3]
      [Scan RS (ms): Min: 0.2, Avg: 0.2, Max: 0.2, Diff: 0.0, Sum: 0.5]
      [Code Root Scanning (ms): Min: 0.1, Avg: 0.1, Max: 0.1, Diff: 0.0, Sum: 0.2]
      [Object Copy (ms): Min: 12.5, Avg: 12.5, Max: 12.5, Diff: 0.0, Sum: 25.1]
      [Termination (ms): Min: 0.0, Avg: 0.0, Max: 0.0, Diff: 0.0, Sum: 0.0]
      [GC Worker Other (ms): Min: 0.0, Avg: 0.0, Max: 0.0, Diff: 0.0, Sum: 0.1]
      [GC Worker Total (ms): Min: 13.3, Avg: 13.3, Max: 13.3, Diff: 0.0, Sum: 26.5]
      [GC Worker End (ms): Min: 38693.4, Avg: 38693.4, Max: 38693.4, Diff: 0.0]
   [Code Root Fixup: 0.0 ms]
   [Code Root Migration: 0.0 ms]
   [Clear CT: 0.1 ms]
   [Other: 0.6 ms]
      [Choose CSet: 0.0 ms]
      [Ref Proc: 0.1 ms]
      [Ref Enq: 0.0 ms]
      [Free CSet: 0.2 ms]
   [Eden: 131.0M(131.0M)->0.0B(130.0M) Survivors: 20.0M->19.0M Heap: 207.9M(256.0M)->77.2M(256.0M)]
 [Times: user=0.03 sys=0.00, real=0.01 secs] 
2014-07-10T11:36:48.048+0200: 38.829: [GC pause (G1 Evacuation Pause) (young) 38.829: [G1Ergonomics (CSet Construction) start choosing CSet, _pending_cards: 257, predicted base time: 3.84 ms, remaining time: 196.16 ms, target pause time: 200.00 ms]
 38.829: [G1Ergonomics (CSet Construction) add young regions to CSet, eden: 130 regions, survivors: 19 regions, predicted young region time: 77.01 ms]
 38.829: [G1Ergonomics (CSet Construction) finish choosing CSet, eden: 130 regions, survivors: 19 regions, old: 0 regions, predicted pause time: 80.85 ms, target pause time: 200.00 ms]
 38.837: [G1Ergonomics (Heap Sizing) attempt heap expansion, reason: recent GC overhead higher than threshold after GC, recent GC overhead: 13.10 %, threshold: 10.00 %, uncommitted: 0 bytes, calculated expansion amount: 0 bytes (20.00 %)]
, 0.0080097 secs]
   [Parallel Time: 7.3 ms, GC Workers: 2]
      [GC Worker Start (ms): Min: 38828.8, Avg: 38828.8, Max: 38828.8, Diff: 0.0]
      [Ext Root Scanning (ms): Min: 0.3, Avg: 0.3, Max: 0.3, Diff: 0.0, Sum: 0.7]
      [Update RS (ms): Min: 0.0, Avg: 0.0, Max: 0.0, Diff: 0.0, Sum: 0.1]
         [Processed Buffers: Min: 1, Avg: 1.5, Max: 2, Diff: 1, Sum: 3]
      [Scan RS (ms): Min: 0.3, Avg: 0.3, Max: 0.3, Diff: 0.0, Sum: 0.5]
      [Code Root Scanning (ms): Min: 0.1, Avg: 0.1, Max: 0.1, Diff: 0.0, Sum: 0.2]
      [Object Copy (ms): Min: 6.5, Avg: 6.5, Max: 6.5, Diff: 0.0, Sum: 13.0]
      [Termination (ms): Min: 0.0, Avg: 0.0, Max: 0.0, Diff: 0.0, Sum: 0.0]
      [GC Worker Other (ms): Min: 0.0, Avg: 0.0, Max: 0.0, Diff: 0.0, Sum: 0.1]
      [GC Worker Total (ms): Min: 7.3, Avg: 7.3, Max: 7.3, Diff: 0.0, Sum: 14.5]
      [GC Worker End (ms): Min: 38836.0, Avg: 38836.0, Max: 38836.0, Diff: 0.0]
   [Code Root Fixup: 0.0 ms]
   [Code Root Migration: 0.0 ms]
   [Clear CT: 0.1 ms]
   [Other: 0.5 ms]
      [Choose CSet: 0.0 ms]
      [Ref Proc: 0.1 ms]
      [Ref Enq: 0.0 ms]
      [Free CSet: 0.2 ms]
   [Eden: 130.0M(130.0M)->0.0B(140.0M) Survivors: 19.0M->11.0M Heap: 207.2M(256.0M)->68.3M(256.0M)]
 [Times: user=0.03 sys=0.00, real=0.01 secs] 
2014-07-10T11:36:48.204+0200: 38.984: [GC pause (G1 Evacuation Pause) (young) 38.984: [G1Ergonomics (CSet Construction) start choosing CSet, _pending_cards: 512, predicted base time: 3.27 ms, remaining time: 196.73 ms, target pause time: 200.00 ms]
 38.984: [G1Ergonomics (CSet Construction) add young regions to CSet, eden: 140 regions, survivors: 11 regions, predicted young region time: 105.41 ms]
 38.984: [G1Ergonomics (CSet Construction) finish choosing CSet, eden: 140 regions, survivors: 11 regions, old: 0 regions, predicted pause time: 108.68 ms, target pause time: 200.00 ms]
 39.002: [G1Ergonomics (Heap Sizing) attempt heap expansion, reason: recent GC overhead higher than threshold after GC, recent GC overhead: 12.00 %, threshold: 10.00 %, uncommitted: 0 bytes, calculated expansion amount: 0 bytes (20.00 %)]
, 0.0183053 secs]
   [Parallel Time: 17.4 ms, GC Workers: 2]
      [GC Worker Start (ms): Min: 38984.1, Avg: 38984.1, Max: 38984.1, Diff: 0.0]
      [Ext Root Scanning (ms): Min: 0.6, Avg: 0.6, Max: 0.6, Diff: 0.0, Sum: 1.2]
      [Update RS (ms): Min: 0.1, Avg: 0.1, Max: 0.1, Diff: 0.0, Sum: 0.2]
         [Processed Buffers: Min: 1, Avg: 1.5, Max: 2, Diff: 1, Sum: 3]
      [Scan RS (ms): Min: 0.5, Avg: 0.5, Max: 0.5, Diff: 0.0, Sum: 0.9]
      [Code Root Scanning (ms): Min: 0.1, Avg: 0.2, Max: 0.2, Diff: 0.0, Sum: 0.3]
      [Object Copy (ms): Min: 15.9, Avg: 16.0, Max: 16.0, Diff: 0.0, Sum: 31.9]
      [Termination (ms): Min: 0.0, Avg: 0.0, Max: 0.0, Diff: 0.0, Sum: 0.0]
      [GC Worker Other (ms): Min: 0.0, Avg: 0.0, Max: 0.0, Diff: 0.0, Sum: 0.1]
      [GC Worker Total (ms): Min: 17.3, Avg: 17.3, Max: 17.3, Diff: 0.0, Sum: 34.6]
      [GC Worker End (ms): Min: 39001.4, Avg: 39001.4, Max: 39001.4, Diff: 0.0]
   [Code Root Fixup: 0.0 ms]
   [Code Root Migration: 0.1 ms]
   [Clear CT: 0.1 ms]
   [Other: 0.7 ms]
      [Choose CSet: 0.1 ms]
      [Ref Proc: 0.1 ms]
      [Ref Enq: 0.0 ms]
      [Free CSet: 0.4 ms]
   [Eden: 140.0M(140.0M)->0.0B(133.0M) Survivors: 11.0M->18.0M Heap: 208.3M(256.0M)->76.1M(256.0M)]
 [Times: user=0.05 sys=0.00, real=0.02 secs] 
2014-07-10T11:36:48.299+0200: 39.079: [GC pause (G1 Evacuation Pause) (young) 39.079: [G1Ergonomics (CSet Construction) start choosing CSet, _pending_cards: 512, predicted base time: 2.90 ms, remaining time: 197.10 ms, target pause time: 200.00 ms]
 39.079: [G1Ergonomics (CSet Construction) add young regions to CSet, eden: 133 regions, survivors: 18 regions, predicted young region time: 30.84 ms]
 39.079: [G1Ergonomics (CSet Construction) finish choosing CSet, eden: 133 regions, survivors: 18 regions, old: 0 regions, predicted pause time: 33.74 ms, target pause time: 200.00 ms]
 39.092: [G1Ergonomics (Heap Sizing) attempt heap expansion, reason: recent GC overhead higher than threshold after GC, recent GC overhead: 12.08 %, threshold: 10.00 %, uncommitted: 0 bytes, calculated expansion amount: 0 bytes (20.00 %)]
, 0.0130170 secs]
   [Parallel Time: 12.2 ms, GC Workers: 2]
      [GC Worker Start (ms): Min: 39079.1, Avg: 39079.1, Max: 39079.1, Diff: 0.0]
      [Ext Root Scanning (ms): Min: 0.3, Avg: 0.3, Max: 0.3, Diff: 0.0, Sum: 0.6]
      [Update RS (ms): Min: 0.0, Avg: 0.0, Max: 0.0, Diff: 0.0, Sum: 0.1]
         [Processed Buffers: Min: 1, Avg: 1.5, Max: 2, Diff: 1, Sum: 3]
      [Scan RS (ms): Min: 0.2, Avg: 0.2, Max: 0.2, Diff: 0.0, Sum: 0.5]
      [Code Root Scanning (ms): Min: 0.1, Avg: 0.1, Max: 0.1, Diff: 0.0, Sum: 0.2]
      [Object Copy (ms): Min: 11.5, Avg: 11.5, Max: 11.5, Diff: 0.0, Sum: 23.0]
      [Termination (ms): Min: 0.0, Avg: 0.0, Max: 0.0, Diff: 0.0, Sum: 0.0]
      [GC Worker Other (ms): Min: 0.0, Avg: 0.0, Max: 0.0, Diff: 0.0, Sum: 0.0]
      [GC Worker Total (ms): Min: 12.2, Avg: 12.2, Max: 12.2, Diff: 0.0, Sum: 24.4]
      [GC Worker End (ms): Min: 39091.3, Avg: 39091.3, Max: 39091.3, Diff: 0.0]
   [Code Root Fixup: 0.0 ms]
   [Code Root Migration: 0.0 ms]
   [Clear CT: 0.1 ms]
   [Other: 0.6 ms]
      [Choose CSet: 0.0 ms]
      [Ref Proc: 0.2 ms]
      [Ref Enq: 0.0 ms]
      [Free CSet: 0.2 ms]
   [Eden: 133.0M(133.0M)->0.0B(132.0M) Survivors: 18.0M->19.0M Heap: 209.1M(256.0M)->77.0M(256.0M)]
 [Times: user=0.01 sys=0.01, real=0.01 secs] 
2014-07-10T11:36:48.462+0200: 39.242: [GC pause (G1 Evacuation Pause) (young) 39.242: [G1Ergonomics (CSet Construction) start choosing CSet, _pending_cards: 258, predicted base time: 2.44 ms, remaining time: 197.56 ms, target pause time: 200.00 ms]
 39.242: [G1Ergonomics (CSet Construction) add young regions to CSet, eden: 132 regions, survivors: 19 regions, predicted young region time: 100.42 ms]
 39.242: [G1Ergonomics (CSet Construction) finish choosing CSet, eden: 132 regions, survivors: 19 regions, old: 0 regions, predicted pause time: 102.87 ms, target pause time: 200.00 ms]
 39.247: [G1Ergonomics (Heap Sizing) attempt heap expansion, reason: recent GC overhead higher than threshold after GC, recent GC overhead: 12.50 %, threshold: 10.00 %, uncommitted: 0 bytes, calculated expansion amount: 0 bytes (20.00 %)]
, 0.0052523 secs]
   [Parallel Time: 4.7 ms, GC Workers: 2]
      [GC Worker Start (ms): Min: 39242.3, Avg: 39242.4, Max: 39242.4, Diff: 0.0]
      [Ext Root Scanning (ms): Min: 0.3, Avg: 0.3, Max: 0.3, Diff: 0.0, Sum: 0.6]
      [Update RS (ms): Min: 0.0, Avg: 0.1, Max: 0.1, Diff: 0.0, Sum: 0.1]
         [Processed Buffers: Min: 1, Avg: 1.5, Max: 2, Diff: 1, Sum: 3]
      [Scan RS (ms): Min: 0.2, Avg: 0.2, Max: 0.2, Diff: 0.0, Sum: 0.4]
      [Code Root Scanning (ms): Min: 0.1, Avg: 0.1, Max: 0.1, Diff: 0.0, Sum: 0.2]
      [Object Copy (ms): Min: 3.9, Avg: 3.9, Max: 3.9, Diff: 0.0, Sum: 7.9]
      [Termination (ms): Min: 0.0, Avg: 0.0, Max: 0.0, Diff: 0.0, Sum: 0.0]
      [GC Worker Other (ms): Min: 0.0, Avg: 0.0, Max: 0.0, Diff: 0.0, Sum: 0.1]
      [GC Worker Total (ms): Min: 4.6, Avg: 4.6, Max: 4.6, Diff: 0.0, Sum: 9.3]
      [GC Worker End (ms): Min: 39247.0, Avg: 39247.0, Max: 39247.0, Diff: 0.0]
   [Code Root Fixup: 0.0 ms]
   [Code Root Migration: 0.0 ms]
   [Clear CT: 0.1 ms]
   [Other: 0.4 ms]
      [Choose CSet: 0.0 ms]
      [Ref Proc: 0.0 ms]
      [Ref Enq: 0.0 ms]
      [Free CSet: 0.2 ms]
   [Eden: 132.0M(132.0M)->0.0B(146.0M) Survivors: 19.0M->7168.0K Heap: 209.0M(256.0M)->64.8M(256.0M)]
 [Times: user=0.00 sys=0.00, real=0.01 secs] 
2014-07-10T11:36:48.603+0200: 39.383: [GC pause (G1 Evacuation Pause) (young) 39.383: [G1Ergonomics (CSet Construction) start choosing CSet, _pending_cards: 513, predicted base time: 2.15 ms, remaining time: 197.85 ms, target pause time: 200.00 ms]
 39.383: [G1Ergonomics (CSet Construction) add young regions to CSet, eden: 146 regions, survivors: 7 regions, predicted young region time: 24.37 ms]
 39.383: [G1Ergonomics (CSet Construction) finish choosing CSet, eden: 146 regions, survivors: 7 regions, old: 0 regions, predicted pause time: 26.52 ms, target pause time: 200.00 ms]
 39.402: [G1Ergonomics (Heap Sizing) attempt heap expansion, reason: recent GC overhead higher than threshold after GC, recent GC overhead: 11.39 %, threshold: 10.00 %, uncommitted: 0 bytes, calculated expansion amount: 0 bytes (20.00 %)]
, 0.0192262 secs]
   [Parallel Time: 18.0 ms, GC Workers: 2]
      [GC Worker Start (ms): Min: 39383.3, Avg: 39383.3, Max: 39383.3, Diff: 0.0]
      [Ext Root Scanning (ms): Min: 0.6, Avg: 0.6, Max: 0.6, Diff: 0.0, Sum: 1.2]
      [Update RS (ms): Min: 0.1, Avg: 0.1, Max: 0.1, Diff: 0.0, Sum: 0.2]
         [Processed Buffers: Min: 2, Avg: 2.0, Max: 2, Diff: 0, Sum: 4]
      [Scan RS (ms): Min: 0.4, Avg: 0.4, Max: 0.4, Diff: 0.0, Sum: 0.8]
      [Code Root Scanning (ms): Min: 0.1, Avg: 0.1, Max: 0.1, Diff: 0.0, Sum: 0.3]
      [Object Copy (ms): Min: 16.6, Avg: 16.6, Max: 16.7, Diff: 0.0, Sum: 33.3]
      [Termination (ms): Min: 0.0, Avg: 0.0, Max: 0.0, Diff: 0.0, Sum: 0.0]
      [GC Worker Other (ms): Min: 0.0, Avg: 0.0, Max: 0.0, Diff: 0.0, Sum: 0.1]
      [GC Worker Total (ms): Min: 17.9, Avg: 17.9, Max: 18.0, Diff: 0.0, Sum: 35.9]
      [GC Worker End (ms): Min: 39401.2, Avg: 39401.2, Max: 39401.2, Diff: 0.0]
   [Code Root Fixup: 0.0 ms]
   [Code Root Migration: 0.1 ms]
   [Clear CT: 0.2 ms]
   [Other: 0.9 ms]
      [Choose CSet: 0.1 ms]
      [Ref Proc: 0.1 ms]
      [Ref Enq: 0.0 ms]
      [Free CSet: 0.5 ms]
   [Eden: 146.0M(146.0M)->0.0B(136.0M) Survivors: 7168.0K->17.0M Heap: 210.8M(256.0M)->74.6M(256.0M)]
 [Times: user=0.02 sys=0.00, real=0.02 secs] 
2014-07-10T11:36:48.705+0200: 39.486: [GC pause (G1 Evacuation Pause) (young) 39.486: [G1Ergonomics (CSet Construction) start choosing CSet, _pending_cards: 512, predicted base time: 2.09 ms, remaining time: 197.91 ms, target pause time: 200.00 ms]
 39.486: [G1Ergonomics (CSet Construction) add young regions to CSet, eden: 136 regions, survivors: 17 regions, predicted young region time: 114.33 ms]
 39.486: [G1Ergonomics (CSet Construction) finish choosing CSet, eden: 136 regions, survivors: 17 regions, old: 0 regions, predicted pause time: 116.41 ms, target pause time: 200.00 ms]
 39.499: [G1Ergonomics (Heap Sizing) attempt heap expansion, reason: recent GC overhead higher than threshold after GC, recent GC overhead: 11.72 %, threshold: 10.00 %, uncommitted: 0 bytes, calculated expansion amount: 0 bytes (20.00 %)]
, 0.0137246 secs]
   [Parallel Time: 13.1 ms, GC Workers: 2]
      [GC Worker Start (ms): Min: 39485.8, Avg: 39485.8, Max: 39485.8, Diff: 0.0]
      [Ext Root Scanning (ms): Min: 0.3, Avg: 0.3, Max: 0.3, Diff: 0.0, Sum: 0.7]
      [Update RS (ms): Min: 0.0, Avg: 0.1, Max: 0.1, Diff: 0.0, Sum: 0.1]
         [Processed Buffers: Min: 1, Avg: 1.5, Max: 2, Diff: 1, Sum: 3]
      [Scan RS (ms): Min: 0.2, Avg: 0.2, Max: 0.2, Diff: 0.0, Sum: 0.5]
      [Code Root Scanning (ms): Min: 0.1, Avg: 0.1, Max: 0.1, Diff: 0.0, Sum: 0.2]
      [Object Copy (ms): Min: 12.3, Avg: 12.3, Max: 12.3, Diff: 0.0, Sum: 24.5]
      [Termination (ms): Min: 0.0, Avg: 0.0, Max: 0.0, Diff: 0.0, Sum: 0.0]
      [GC Worker Other (ms): Min: 0.0, Avg: 0.0, Max: 0.0, Diff: 0.0, Sum: 0.1]
      [GC Worker Total (ms): Min: 13.0, Avg: 13.0, Max: 13.0, Diff: 0.0, Sum: 26.1]
      [GC Worker End (ms): Min: 39498.8, Avg: 39498.8, Max: 39498.8, Diff: 0.0]
   [Code Root Fixup: 0.0 ms]
   [Code Root Migration: 0.1 ms]
   [Clear CT: 0.1 ms]
   [Other: 0.5 ms]
      [Choose CSet: 0.0 ms]
      [Ref Proc: 0.1 ms]
      [Ref Enq: 0.0 ms]
      [Free CSet: 0.2 ms]
   [Eden: 136.0M(136.0M)->0.0B(131.0M) Survivors: 17.0M->20.0M Heap: 210.6M(256.0M)->78.5M(256.0M)]
 [Times: user=0.00 sys=0.00, real=0.01 secs] 
2014-07-10T11:36:48.843+0200: 39.624: [GC pause (G1 Evacuation Pause) (young) 39.624: [G1Ergonomics (CSet Construction) start choosing CSet, _pending_cards: 512, predicted base time: 1.84 ms, remaining time: 198.16 ms, target pause time: 200.00 ms]
 39.624: [G1Ergonomics (CSet Construction) add young regions to CSet, eden: 131 regions, survivors: 20 regions, predicted young region time: 103.02 ms]
 39.624: [G1Ergonomics (CSet Construction) finish choosing CSet, eden: 131 regions, survivors: 20 regions, old: 0 regions, predicted pause time: 104.86 ms, target pause time: 200.00 ms]
 39.638: [G1Ergonomics (Heap Sizing) attempt heap expansion, reason: recent GC overhead higher than threshold after GC, recent GC overhead: 10.51 %, threshold: 10.00 %, uncommitted: 0 bytes, calculated expansion amount: 0 bytes (20.00 %)]
, 0.0141111 secs]
   [Parallel Time: 13.3 ms, GC Workers: 2]
      [GC Worker Start (ms): Min: 39623.8, Avg: 39623.9, Max: 39623.9, Diff: 0.0]
      [Ext Root Scanning (ms): Min: 0.4, Avg: 0.4, Max: 0.4, Diff: 0.0, Sum: 0.7]
      [Update RS (ms): Min: 0.1, Avg: 0.1, Max: 0.1, Diff: 0.0, Sum: 0.1]
         [Processed Buffers: Min: 1, Avg: 1.5, Max: 2, Diff: 1, Sum: 3]
      [Scan RS (ms): Min: 0.3, Avg: 0.3, Max: 0.3, Diff: 0.0, Sum: 0.5]
      [Code Root Scanning (ms): Min: 0.1, Avg: 0.1, Max: 0.1, Diff: 0.0, Sum: 0.2]
      [Object Copy (ms): Min: 12.4, Avg: 12.4, Max: 12.4, Diff: 0.0, Sum: 24.8]
      [Termination (ms): Min: 0.0, Avg: 0.0, Max: 0.0, Diff: 0.0, Sum: 0.0]
      [GC Worker Other (ms): Min: 0.0, Avg: 0.0, Max: 0.0, Diff: 0.0, Sum: 0.1]
      [GC Worker Total (ms): Min: 13.2, Avg: 13.2, Max: 13.3, Diff: 0.0, Sum: 26.5]
      [GC Worker End (ms): Min: 39637.1, Avg: 39637.1, Max: 39637.1, Diff: 0.0]
   [Code Root Fixup: 0.0 ms]
   [Code Root Migration: 0.1 ms]
   [Clear CT: 0.1 ms]
   [Other: 0.6 ms]
      [Choose CSet: 0.0 ms]
      [Ref Proc: 0.1 ms]
      [Ref Enq: 0.0 ms]
      [Free CSet: 0.3 ms]
   [Eden: 131.0M(131.0M)->0.0B(132.0M) Survivors: 20.0M->19.0M Heap: 209.5M(256.0M)->77.7M(256.0M)]
 [Times: user=0.03 sys=0.00, real=0.02 secs] 
2014-07-10T11:36:48.997+0200: 39.778: [GC pause (G1 Evacuation Pause) (young) 39.778: [G1Ergonomics (CSet Construction) start choosing CSet, _pending_cards: 257, predicted base time: 1.65 ms, remaining time: 198.35 ms, target pause time: 200.00 ms]
 39.778: [G1Ergonomics (CSet Construction) add young regions to CSet, eden: 132 regions, survivors: 19 regions, predicted young region time: 78.37 ms]
 39.778: [G1Ergonomics (CSet Construction) finish choosing CSet, eden: 132 regions, survivors: 19 regions, old: 0 regions, predicted pause time: 80.02 ms, target pause time: 200.00 ms]
 39.787: [G1Ergonomics (Heap Sizing) attempt heap expansion, reason: recent GC overhead higher than threshold after GC, recent GC overhead: 10.59 %, threshold: 10.00 %, uncommitted: 0 bytes, calculated expansion amount: 0 bytes (20.00 %)]
, 0.0087917 secs]
   [Parallel Time: 7.8 ms, GC Workers: 2]
      [GC Worker Start (ms): Min: 39778.0, Avg: 39778.1, Max: 39778.2, Diff: 0.1]
      [Ext Root Scanning (ms): Min: 0.3, Avg: 0.4, Max: 0.4, Diff: 0.1, Sum: 0.7]
      [Update RS (ms): Min: 0.0, Avg: 0.0, Max: 0.1, Diff: 0.0, Sum: 0.1]
         [Processed Buffers: Min: 1, Avg: 1.5, Max: 2, Diff: 1, Sum: 3]
      [Scan RS (ms): Min: 0.3, Avg: 0.3, Max: 0.3, Diff: 0.0, Sum: 0.6]
      [Code Root Scanning (ms): Min: 0.1, Avg: 0.1, Max: 0.1, Diff: 0.0, Sum: 0.2]
      [Object Copy (ms): Min: 6.8, Avg: 6.9, Max: 6.9, Diff: 0.0, Sum: 13.7]
      [Termination (ms): Min: 0.0, Avg: 0.0, Max: 0.0, Diff: 0.0, Sum: 0.0]
      [GC Worker Other (ms): Min: 0.0, Avg: 0.0, Max: 0.0, Diff: 0.0, Sum: 0.1]
      [GC Worker Total (ms): Min: 7.6, Avg: 7.7, Max: 7.7, Diff: 0.1, Sum: 15.4]
      [GC Worker End (ms): Min: 39785.8, Avg: 39785.8, Max: 39785.8, Diff: 0.0]
   [Code Root Fixup: 0.0 ms]
   [Code Root Migration: 0.1 ms]
   [Clear CT: 0.1 ms]
   [Other: 0.8 ms]
      [Choose CSet: 0.1 ms]
      [Ref Proc: 0.1 ms]
      [Ref Enq: 0.0 ms]
      [Free CSet: 0.3 ms]
   [Eden: 132.0M(132.0M)->0.0B(142.0M) Survivors: 19.0M->11.0M Heap: 209.7M(256.0M)->69.6M(256.0M)]
 [Times: user=0.03 sys=0.00, real=0.01 secs] 
2014-07-10T11:36:49.100+0200: 39.880: [GC pause (G1 Evacuation Pause) (young) 39.880: [G1Ergonomics (CSet Construction) start choosing CSet, _pending_cards: 512, predicted base time: 1.62 ms, remaining time: 198.38 ms, target pause time: 200.00 ms]
 39.880: [G1Ergonomics (CSet Construction) add young regions to CSet, eden: 142 regions, survivors: 11 regions, predicted young region time: 102.05 ms]
 39.880: [G1Ergonomics (CSet Construction) finish choosing CSet, eden: 142 regions, survivors: 11 regions, old: 0 regions, predicted pause time: 103.67 ms, target pause time: 200.00 ms]
 39.894: [G1Ergonomics (Heap Sizing) attempt heap expansion, reason: recent GC overhead higher than threshold after GC, recent GC overhead: 10.02 %, threshold: 10.00 %, uncommitted: 0 bytes, calculated expansion amount: 0 bytes (20.00 %)]
, 0.0143798 secs]
   [Parallel Time: 13.5 ms, GC Workers: 2]
      [GC Worker Start (ms): Min: 39880.0, Avg: 39880.0, Max: 39880.0, Diff: 0.0]
      [Ext Root Scanning (ms): Min: 0.3, Avg: 0.3, Max: 0.3, Diff: 0.0, Sum: 0.6]
      [Update RS (ms): Min: 0.0, Avg: 0.0, Max: 0.0, Diff: 0.0, Sum: 0.1]
         [Processed Buffers: Min: 1, Avg: 1.5, Max: 2, Diff: 1, Sum: 3]
      [Scan RS (ms): Min: 0.2, Avg: 0.2, Max: 0.2, Diff: 0.0, Sum: 0.4]
      [Code Root Scanning (ms): Min: 0.1, Avg: 0.1, Max: 0.1, Diff: 0.0, Sum: 0.2]
      [Object Copy (ms): Min: 12.8, Avg: 12.8, Max: 12.8, Diff: 0.0, Sum: 25.7]
      [Termination (ms): Min: 0.0, Avg: 0.0, Max: 0.0, Diff: 0.0, Sum: 0.0]
      [GC Worker Other (ms): Min: 0.0, Avg: 0.0, Max: 0.0, Diff: 0.0, Sum: 0.1]
      [GC Worker Total (ms): Min: 13.5, Avg: 13.5, Max: 13.5, Diff: 0.0, Sum: 27.0]
      [GC Worker End (ms): Min: 39893.5, Avg: 39893.5, Max: 39893.5, Diff: 0.0]
   [Code Root Fixup: 0.0 ms]
   [Code Root Migration: 0.0 ms]
   [Clear CT: 0.1 ms]
   [Other: 0.6 ms]
      [Choose CSet: 0.0 ms]
      [Ref Proc: 0.2 ms]
      [Ref Enq: 0.0 ms]
      [Free CSet: 0.2 ms]
   [Eden: 142.0M(142.0M)->0.0B(130.0M) Survivors: 11.0M->20.0M Heap: 211.6M(256.0M)->79.5M(256.0M)]
 [Times: user=0.03 sys=0.00, real=0.01 secs] 
2014-07-10T11:36:49.244+0200: 40.025: [GC pause (G1 Evacuation Pause) (young) 40.025: [G1Ergonomics (CSet Construction) start choosing CSet, _pending_cards: 512, predicted base time: 1.50 ms, remaining time: 198.50 ms, target pause time: 200.00 ms]
 40.025: [G1Ergonomics (CSet Construction) add young regions to CSet, eden: 130 regions, survivors: 20 regions, predicted young region time: 71.55 ms]
 40.025: [G1Ergonomics (CSet Construction) finish choosing CSet, eden: 130 regions, survivors: 20 regions, old: 0 regions, predicted pause time: 73.05 ms, target pause time: 200.00 ms]
, 0.0142544 secs]
   [Parallel Time: 13.5 ms, GC Workers: 2]
      [GC Worker Start (ms): Min: 40024.9, Avg: 40024.9, Max: 40024.9, Diff: 0.0]
      [Ext Root Scanning (ms): Min: 0.3, Avg: 0.3, Max: 0.3, Diff: 0.0, Sum: 0.7]
      [Update RS (ms): Min: 0.0, Avg: 0.0, Max: 0.0, Diff: 0.0, Sum: 0.1]
         [Processed Buffers: Min: 1, Avg: 1.5, Max: 2, Diff: 1, Sum: 3]
      [Scan RS (ms): Min: 0.3, Avg: 0.3, Max: 0.4, Diff: 0.1, Sum: 0.7]
      [Code Root Scanning (ms): Min: 0.1, Avg: 0.1, Max: 0.1, Diff: 0.1, Sum: 0.2]
      [Object Copy (ms): Min: 12.5, Avg: 12.6, Max: 12.6, Diff: 0.0, Sum: 25.1]
      [Termination (ms): Min: 0.0, Avg: 0.0, Max: 0.0, Diff: 0.0, Sum: 0.0]
      [GC Worker Other (ms): Min: 0.0, Avg: 0.1, Max: 0.1, Diff: 0.0, Sum: 0.1]
      [GC Worker Total (ms): Min: 13.4, Avg: 13.5, Max: 13.5, Diff: 0.0, Sum: 26.9]
      [GC Worker End (ms): Min: 40038.4, Avg: 40038.4, Max: 40038.4, Diff: 0.0]
   [Code Root Fixup: 0.0 ms]
   [Code Root Migration: 0.0 ms]
   [Clear CT: 0.3 ms]
   [Other: 0.4 ms]
      [Choose CSet: 0.0 ms]
      [Ref Proc: 0.0 ms]
      [Ref Enq: 0.0 ms]
      [Free CSet: 0.2 ms]
   [Eden: 130.0M(130.0M)->0.0B(131.0M) Survivors: 20.0M->19.0M Heap: 209.5M(256.0M)->78.2M(256.0M)]
 [Times: user=0.03 sys=0.00, real=0.02 secs] 
2014-07-10T11:36:49.404+0200: 40.184: [GC pause (G1 Evacuation Pause) (young) 40.184: [G1Ergonomics (CSet Construction) start choosing CSet, _pending_cards: 256, predicted base time: 1.39 ms, remaining time: 198.61 ms, target pause time: 200.00 ms]
 40.184: [G1Ergonomics (CSet Construction) add young regions to CSet, eden: 131 regions, survivors: 19 regions, predicted young region time: 90.15 ms]
 40.184: [G1Ergonomics (CSet Construction) finish choosing CSet, eden: 131 regions, survivors: 19 regions, old: 0 regions, predicted pause time: 91.54 ms, target pause time: 200.00 ms]
, 0.0177197 secs]
   [Parallel Time: 16.9 ms, GC Workers: 2]
      [GC Worker Start (ms): Min: 40184.3, Avg: 40184.3, Max: 40184.3, Diff: 0.0]
      [Ext Root Scanning (ms): Min: 0.6, Avg: 0.6, Max: 0.6, Diff: 0.0, Sum: 1.2]
      [Update RS (ms): Min: 0.0, Avg: 0.1, Max: 0.1, Diff: 0.1, Sum: 0.1]
         [Processed Buffers: Min: 1, Avg: 1.0, Max: 1, Diff: 0, Sum: 2]
      [Scan RS (ms): Min: 0.4, Avg: 0.4, Max: 0.5, Diff: 0.0, Sum: 0.9]
      [Code Root Scanning (ms): Min: 0.1, Avg: 0.1, Max: 0.2, Diff: 0.0, Sum: 0.3]
      [Object Copy (ms): Min: 15.6, Avg: 15.6, Max: 15.6, Diff: 0.0, Sum: 31.1]
      [Termination (ms): Min: 0.0, Avg: 0.0, Max: 0.0, Diff: 0.0, Sum: 0.0]
      [GC Worker Other (ms): Min: 0.0, Avg: 0.0, Max: 0.0, Diff: 0.0, Sum: 0.1]
      [GC Worker Total (ms): Min: 16.8, Avg: 16.9, Max: 16.9, Diff: 0.0, Sum: 33.7]
      [GC Worker End (ms): Min: 40201.2, Avg: 40201.2, Max: 40201.2, Diff: 0.0]
   [Code Root Fixup: 0.0 ms]
   [Code Root Migration: 0.0 ms]
   [Clear CT: 0.1 ms]
   [Other: 0.6 ms]
      [Choose CSet: 0.1 ms]
      [Ref Proc: 0.1 ms]
      [Ref Enq: 0.0 ms]
      [Free CSet: 0.2 ms]
   [Eden: 131.0M(131.0M)->0.0B(133.0M) Survivors: 19.0M->18.0M Heap: 209.2M(256.0M)->77.1M(256.0M)]
 [Times: user=0.03 sys=0.00, real=0.02 secs] 
2014-07-10T11:36:49.492+0200: 40.272: [GC pause (G1 Evacuation Pause) (young) 40.272: [G1Ergonomics (CSet Construction) start choosing CSet, _pending_cards: 258, predicted base time: 1.43 ms, remaining time: 198.57 ms, target pause time: 200.00 ms]
 40.272: [G1Ergonomics (CSet Construction) add young regions to CSet, eden: 133 regions, survivors: 18 regions, predicted young region time: 20.53 ms]
 40.272: [G1Ergonomics (CSet Construction) finish choosing CSet, eden: 133 regions, survivors: 18 regions, old: 0 regions, predicted pause time: 21.95 ms, target pause time: 200.00 ms]
 40.277: [G1Ergonomics (Heap Sizing) attempt heap expansion, reason: recent GC overhead higher than threshold after GC, recent GC overhead: 10.12 %, threshold: 10.00 %, uncommitted: 0 bytes, calculated expansion amount: 0 bytes (20.00 %)]
, 0.0048354 secs]
   [Parallel Time: 4.3 ms, GC Workers: 2]
      [GC Worker Start (ms): Min: 40272.3, Avg: 40272.3, Max: 40272.3, Diff: 0.0]
      [Ext Root Scanning (ms): Min: 0.3, Avg: 0.3, Max: 0.3, Diff: 0.0, Sum: 0.7]
      [Update RS (ms): Min: 0.1, Avg: 0.1, Max: 0.1, Diff: 0.0, Sum: 0.1]
         [Processed Buffers: Min: 1, Avg: 1.5, Max: 2, Diff: 1, Sum: 3]
      [Scan RS (ms): Min: 0.2, Avg: 0.2, Max: 0.2, Diff: 0.0, Sum: 0.5]
      [Code Root Scanning (ms): Min: 0.1, Avg: 0.1, Max: 0.1, Diff: 0.0, Sum: 0.2]
      [Object Copy (ms): Min: 3.5, Avg: 3.5, Max: 3.5, Diff: 0.0, Sum: 6.9]
      [Termination (ms): Min: 0.0, Avg: 0.0, Max: 0.0, Diff: 0.0, Sum: 0.0]
      [GC Worker Other (ms): Min: 0.0, Avg: 0.0, Max: 0.0, Diff: 0.0, Sum: 0.1]
      [GC Worker Total (ms): Min: 4.2, Avg: 4.2, Max: 4.2, Diff: 0.0, Sum: 8.4]
      [GC Worker End (ms): Min: 40276.5, Avg: 40276.5, Max: 40276.5, Diff: 0.0]
   [Code Root Fixup: 0.0 ms]
   [Code Root Migration: 0.0 ms]
   [Clear CT: 0.1 ms]
   [Other: 0.4 ms]
      [Choose CSet: 0.0 ms]
      [Ref Proc: 0.1 ms]
      [Ref Enq: 0.0 ms]
      [Free CSet: 0.2 ms]
   [Eden: 133.0M(133.0M)->0.0B(147.0M) Survivors: 18.0M->6144.0K Heap: 210.1M(256.0M)->64.9M(256.0M)]
 [Times: user=0.00 sys=0.00, real=0.00 secs] 
2014-07-10T11:36:49.650+0200: 40.430: [GC pause (G1 Evacuation Pause) (young) 40.430: [G1Ergonomics (CSet Construction) start choosing CSet, _pending_cards: 512, predicted base time: 1.35 ms, remaining time: 198.65 ms, target pause time: 200.00 ms]
 40.430: [G1Ergonomics (CSet Construction) add young regions to CSet, eden: 147 regions, survivors: 6 regions, predicted young region time: 107.90 ms]
 40.430: [G1Ergonomics (CSet Construction) finish choosing CSet, eden: 147 regions, survivors: 6 regions, old: 0 regions, predicted pause time: 109.25 ms, target pause time: 200.00 ms]
, 0.0138951 secs]
   [Parallel Time: 13.3 ms, GC Workers: 2]
      [GC Worker Start (ms): Min: 40430.2, Avg: 40430.2, Max: 40430.3, Diff: 0.0]
      [Ext Root Scanning (ms): Min: 0.3, Avg: 0.3, Max: 0.3, Diff: 0.0, Sum: 0.6]
      [Update RS (ms): Min: 0.0, Avg: 0.1, Max: 0.1, Diff: 0.0, Sum: 0.1]
         [Processed Buffers: Min: 1, Avg: 1.5, Max: 2, Diff: 1, Sum: 3]
      [Scan RS (ms): Min: 0.3, Avg: 0.3, Max: 0.3, Diff: 0.0, Sum: 0.5]
      [Code Root Scanning (ms): Min: 0.1, Avg: 0.1, Max: 0.1, Diff: 0.0, Sum: 0.2]
      [Object Copy (ms): Min: 12.4, Avg: 12.4, Max: 12.4, Diff: 0.0, Sum: 24.8]
      [Termination (ms): Min: 0.0, Avg: 0.0, Max: 0.0, Diff: 0.0, Sum: 0.0]
      [GC Worker Other (ms): Min: 0.0, Avg: 0.0, Max: 0.1, Diff: 0.0, Sum: 0.1]
      [GC Worker Total (ms): Min: 13.2, Avg: 13.2, Max: 13.2, Diff: 0.0, Sum: 26.4]
      [GC Worker End (ms): Min: 40443.4, Avg: 40443.5, Max: 40443.5, Diff: 0.0]
   [Code Root Fixup: 0.0 ms]
   [Code Root Migration: 0.0 ms]
   [Clear CT: 0.1 ms]
   [Other: 0.5 ms]
      [Choose CSet: 0.0 ms]
      [Ref Proc: 0.1 ms]
      [Ref Enq: 0.0 ms]
      [Free CSet: 0.2 ms]
   [Eden: 147.0M(147.0M)->0.0B(130.0M) Survivors: 6144.0K->20.0M Heap: 211.9M(256.0M)->79.8M(256.0M)]
 [Times: user=0.03 sys=0.00, real=0.01 secs] 
2014-07-10T11:36:49.804+0200: 40.584: [GC pause (G1 Evacuation Pause) (young) 40.584: [G1Ergonomics (CSet Construction) start choosing CSet, _pending_cards: 512, predicted base time: 1.26 ms, remaining time: 198.74 ms, target pause time: 200.00 ms]
 40.584: [G1Ergonomics (CSet Construction) add young regions to CSet, eden: 130 regions, survivors: 20 regions, predicted young region time: 26.00 ms]
 40.584: [G1Ergonomics (CSet Construction) finish choosing CSet, eden: 130 regions, survivors: 20 regions, old: 0 regions, predicted pause time: 27.26 ms, target pause time: 200.00 ms]
, 0.0146412 secs]
   [Parallel Time: 13.7 ms, GC Workers: 2]
      [GC Worker Start (ms): Min: 40584.5, Avg: 40584.5, Max: 40584.5, Diff: 0.0]
      [Ext Root Scanning (ms): Min: 0.6, Avg: 0.6, Max: 0.6, Diff: 0.0, Sum: 1.2]
      [Update RS (ms): Min: 0.1, Avg: 0.1, Max: 0.1, Diff: 0.0, Sum: 0.2]
         [Processed Buffers: Min: 1, Avg: 1.5, Max: 2, Diff: 1, Sum: 3]
      [Scan RS (ms): Min: 0.4, Avg: 0.4, Max: 0.4, Diff: 0.0, Sum: 0.8]
      [Code Root Scanning (ms): Min: 0.1, Avg: 0.1, Max: 0.1, Diff: 0.0, Sum: 0.3]
      [Object Copy (ms): Min: 12.3, Avg: 12.3, Max: 12.3, Diff: 0.0, Sum: 24.7]
      [Termination (ms): Min: 0.0, Avg: 0.0, Max: 0.0, Diff: 0.0, Sum: 0.0]
      [GC Worker Other (ms): Min: 0.0, Avg: 0.0, Max: 0.0, Diff: 0.0, Sum: 0.1]
      [GC Worker Total (ms): Min: 13.6, Avg: 13.6, Max: 13.6, Diff: 0.0, Sum: 27.2]
      [GC Worker End (ms): Min: 40598.1, Avg: 40598.1, Max: 40598.1, Diff: 0.0]
   [Code Root Fixup: 0.0 ms]
   [Code Root Migration: 0.1 ms]
   [Clear CT: 0.1 ms]
   [Other: 0.8 ms]
      [Choose CSet: 0.1 ms]
      [Ref Proc: 0.2 ms]
      [Ref Enq: 0.0 ms]
      [Free CSet: 0.3 ms]
   [Eden: 130.0M(130.0M)->0.0B(132.0M) Survivors: 20.0M->19.0M Heap: 209.8M(256.0M)->77.9M(256.0M)]
 [Times: user=0.03 sys=0.00, real=0.02 secs] 
2014-07-10T11:36:49.899+0200: 40.679: [GC pause (G1 Evacuation Pause) (young) 40.679: [G1Ergonomics (CSet Construction) start choosing CSet, _pending_cards: 512, predicted base time: 1.37 ms, remaining time: 198.63 ms, target pause time: 200.00 ms]
 40.679: [G1Ergonomics (CSet Construction) add young regions to CSet, eden: 132 regions, survivors: 19 regions, predicted young region time: 92.42 ms]
 40.679: [G1Ergonomics (CSet Construction) finish choosing CSet, eden: 132 regions, survivors: 19 regions, old: 0 regions, predicted pause time: 93.79 ms, target pause time: 200.00 ms]
, 0.0122765 secs]
   [Parallel Time: 11.6 ms, GC Workers: 2]
      [GC Worker Start (ms): Min: 40679.1, Avg: 40679.1, Max: 40679.1, Diff: 0.0]
      [Ext Root Scanning (ms): Min: 0.3, Avg: 0.3, Max: 0.3, Diff: 0.0, Sum: 0.6]
      [Update RS (ms): Min: 0.0, Avg: 0.0, Max: 0.0, Diff: 0.0, Sum: 0.1]
         [Processed Buffers: Min: 1, Avg: 1.5, Max: 2, Diff: 1, Sum: 3]
      [Scan RS (ms): Min: 0.2, Avg: 0.2, Max: 0.2, Diff: 0.0, Sum: 0.4]
      [Code Root Scanning (ms): Min: 0.1, Avg: 0.1, Max: 0.1, Diff: 0.0, Sum: 0.2]
      [Object Copy (ms): Min: 10.9, Avg: 10.9, Max: 10.9, Diff: 0.0, Sum: 21.8]
      [Termination (ms): Min: 0.0, Avg: 0.0, Max: 0.0, Diff: 0.0, Sum: 0.0]
      [GC Worker Other (ms): Min: 0.0, Avg: 0.0, Max: 0.0, Diff: 0.0, Sum: 0.1]
      [GC Worker Total (ms): Min: 11.6, Avg: 11.6, Max: 11.6, Diff: 0.0, Sum: 23.2]
      [GC Worker End (ms): Min: 40690.7, Avg: 40690.7, Max: 40690.7, Diff: 0.0]
   [Code Root Fixup: 0.0 ms]
   [Code Root Migration: 0.0 ms]
   [Clear CT: 0.1 ms]
   [Other: 0.4 ms]
      [Choose CSet: 0.0 ms]
      [Ref Proc: 0.1 ms]
      [Ref Enq: 0.0 ms]
      [Free CSet: 0.2 ms]
   [Eden: 132.0M(132.0M)->0.0B(133.0M) Survivors: 19.0M->18.0M Heap: 209.9M(256.0M)->77.7M(256.0M)]
 [Times: user=0.03 sys=0.00, real=0.01 secs] 
2014-07-10T11:36:50.038+0200: 40.818: [GC pause (G1 Evacuation Pause) (young) 40.818: [G1Ergonomics (CSet Construction) start choosing CSet, _pending_cards: 258, predicted base time: 1.22 ms, remaining time: 198.78 ms, target pause time: 200.00 ms]
 40.818: [G1Ergonomics (CSet Construction) add young regions to CSet, eden: 133 regions, survivors: 18 regions, predicted young region time: 89.88 ms]
 40.818: [G1Ergonomics (CSet Construction) finish choosing CSet, eden: 133 regions, survivors: 18 regions, old: 0 regions, predicted pause time: 91.11 ms, target pause time: 200.00 ms]
, 0.0062818 secs]
   [Parallel Time: 5.5 ms, GC Workers: 2]
      [GC Worker Start (ms): Min: 40818.2, Avg: 40818.2, Max: 40818.2, Diff: 0.0]
      [Ext Root Scanning (ms): Min: 0.4, Avg: 0.4, Max: 0.4, Diff: 0.0, Sum: 0.7]
      [Update RS (ms): Min: 0.1, Avg: 0.1, Max: 0.1, Diff: 0.0, Sum: 0.1]
         [Processed Buffers: Min: 1, Avg: 1.5, Max: 2, Diff: 1, Sum: 3]
      [Scan RS (ms): Min: 0.3, Avg: 0.3, Max: 0.3, Diff: 0.0, Sum: 0.6]
      [Code Root Scanning (ms): Min: 0.1, Avg: 0.1, Max: 0.1, Diff: 0.0, Sum: 0.2]
      [Object Copy (ms): Min: 4.6, Avg: 4.6, Max: 4.6, Diff: 0.0, Sum: 9.2]
      [Termination (ms): Min: 0.0, Avg: 0.0, Max: 0.0, Diff: 0.0, Sum: 0.0]
      [GC Worker Other (ms): Min: 0.0, Avg: 0.0, Max: 0.0, Diff: 0.0, Sum: 0.1]
      [GC Worker Total (ms): Min: 5.5, Avg: 5.5, Max: 5.5, Diff: 0.0, Sum: 11.0]
      [GC Worker End (ms): Min: 40823.7, Avg: 40823.7, Max: 40823.7, Diff: 0.0]
   [Code Root Fixup: 0.0 ms]
   [Code Root Migration: 0.1 ms]
   [Clear CT: 0.2 ms]
   [Other: 0.5 ms]
      [Choose CSet: 0.0 ms]
      [Ref Proc: 0.1 ms]
      [Ref Enq: 0.0 ms]
      [Free CSet: 0.3 ms]
   [Eden: 133.0M(133.0M)->0.0B(146.0M) Survivors: 18.0M->7168.0K Heap: 210.7M(256.0M)->66.5M(256.0M)]
 [Times: user=0.00 sys=0.00, real=0.01 secs] 
2014-07-10T11:36:50.199+0200: 40.979: [GC pause (G1 Evacuation Pause) (young) 40.979: [G1Ergonomics (CSet Construction) start choosing CSet, _pending_cards: 512, predicted base time: 1.23 ms, remaining time: 198.77 ms, target pause time: 200.00 ms]
 40.979: [G1Ergonomics (CSet Construction) add young regions to CSet, eden: 146 regions, survivors: 7 regions, predicted young region time: 69.72 ms]
 40.979: [G1Ergonomics (CSet Construction) finish choosing CSet, eden: 146 regions, survivors: 7 regions, old: 0 regions, predicted pause time: 70.95 ms, target pause time: 200.00 ms]
, 0.0137877 secs]
   [Parallel Time: 13.2 ms, GC Workers: 2]
      [GC Worker Start (ms): Min: 40979.1, Avg: 40979.1, Max: 40979.1, Diff: 0.0]
      [Ext Root Scanning (ms): Min: 0.3, Avg: 0.3, Max: 0.3, Diff: 0.0, Sum: 0.6]
      [Update RS (ms): Min: 0.0, Avg: 0.0, Max: 0.1, Diff: 0.0, Sum: 0.1]
         [Processed Buffers: Min: 1, Avg: 1.5, Max: 2, Diff: 1, Sum: 3]
      [Scan RS (ms): Min: 0.2, Avg: 0.2, Max: 0.2, Diff: 0.0, Sum: 0.4]
      [Code Root Scanning (ms): Min: 0.1, Avg: 0.1, Max: 0.1, Diff: 0.0, Sum: 0.2]
      [Object Copy (ms): Min: 12.4, Avg: 12.4, Max: 12.4, Diff: 0.0, Sum: 24.9]
      [Termination (ms): Min: 0.0, Avg: 0.0, Max: 0.0, Diff: 0.0, Sum: 0.0]
      [GC Worker Other (ms): Min: 0.0, Avg: 0.0, Max: 0.0, Diff: 0.0, Sum: 0.1]
      [GC Worker Total (ms): Min: 13.1, Avg: 13.2, Max: 13.2, Diff: 0.0, Sum: 26.3]
      [GC Worker End (ms): Min: 40992.2, Avg: 40992.2, Max: 40992.2, Diff: 0.0]
   [Code Root Fixup: 0.0 ms]
   [Code Root Migration: 0.0 ms]
   [Clear CT: 0.1 ms]
   [Other: 0.4 ms]
      [Choose CSet: 0.0 ms]
      [Ref Proc: 0.1 ms]
      [Ref Enq: 0.0 ms]
      [Free CSet: 0.2 ms]
   [Eden: 146.0M(146.0M)->0.0B(129.0M) Survivors: 7168.0K->20.0M Heap: 212.5M(256.0M)->80.4M(256.0M)]
 [Times: user=0.03 sys=0.00, real=0.01 secs] 
2014-07-10T11:36:50.297+0200: 41.077: [GC pause (G1 Evacuation Pause) (young) 41.077: [G1Ergonomics (CSet Construction) start choosing CSet, _pending_cards: 512, predicted base time: 1.14 ms, remaining time: 198.86 ms, target pause time: 200.00 ms]
 41.077: [G1Ergonomics (CSet Construction) add young regions to CSet, eden: 129 regions, survivors: 20 regions, predicted young region time: 85.23 ms]
 41.077: [G1Ergonomics (CSet Construction) finish choosing CSet, eden: 129 regions, survivors: 20 regions, old: 0 regions, predicted pause time: 86.37 ms, target pause time: 200.00 ms]
, 0.0121665 secs]
   [Parallel Time: 11.5 ms, GC Workers: 2]
      [GC Worker Start (ms): Min: 41077.3, Avg: 41077.3, Max: 41077.4, Diff: 0.1]
      [Ext Root Scanning (ms): Min: 0.3, Avg: 0.3, Max: 0.4, Diff: 0.1, Sum: 0.7]
      [Update RS (ms): Min: 0.0, Avg: 0.0, Max: 0.1, Diff: 0.0, Sum: 0.1]
         [Processed Buffers: Min: 1, Avg: 1.5, Max: 2, Diff: 1, Sum: 3]
      [Scan RS (ms): Min: 0.2, Avg: 0.2, Max: 0.2, Diff: 0.0, Sum: 0.5]
      [Code Root Scanning (ms): Min: 0.1, Avg: 0.1, Max: 0.1, Diff: 0.0, Sum: 0.2]
      [Object Copy (ms): Min: 10.7, Avg: 10.7, Max: 10.7, Diff: 0.0, Sum: 21.4]
      [Termination (ms): Min: 0.0, Avg: 0.0, Max: 0.0, Diff: 0.0, Sum: 0.0]
      [GC Worker Other (ms): Min: 0.0, Avg: 0.0, Max: 0.0, Diff: 0.0, Sum: 0.1]
      [GC Worker Total (ms): Min: 11.4, Avg: 11.5, Max: 11.5, Diff: 0.1, Sum: 22.9]
      [GC Worker End (ms): Min: 41088.8, Avg: 41088.8, Max: 41088.8, Diff: 0.0]
   [Code Root Fixup: 0.0 ms]
   [Code Root Migration: 0.1 ms]
   [Clear CT: 0.1 ms]
   [Other: 0.5 ms]
      [Choose CSet: 0.0 ms]
      [Ref Proc: 0.1 ms]
      [Ref Enq: 0.0 ms]
      [Free CSet: 0.2 ms]
   [Eden: 129.0M(129.0M)->0.0B(132.0M) Survivors: 20.0M->18.0M Heap: 209.4M(256.0M)->77.9M(256.0M)]
 [Times: user=0.00 sys=0.00, real=0.01 secs] 
2014-07-10T11:36:50.452+0200: 41.232: [GC pause (G1 Evacuation Pause) (young) 41.232: [G1Ergonomics (CSet Construction) start choosing CSet, _pending_cards: 512, predicted base time: 1.09 ms, remaining time: 198.91 ms, target pause time: 200.00 ms]
 41.232: [G1Ergonomics (CSet Construction) add young regions to CSet, eden: 132 regions, survivors: 18 regions, predicted young region time: 65.61 ms]
 41.232: [G1Ergonomics (CSet Construction) finish choosing CSet, eden: 132 regions, survivors: 18 regions, old: 0 regions, predicted pause time: 66.70 ms, target pause time: 200.00 ms]
, 0.0127391 secs]
   [Parallel Time: 12.0 ms, GC Workers: 2]
      [GC Worker Start (ms): Min: 41232.5, Avg: 41232.5, Max: 41232.5, Diff: 0.0]
      [Ext Root Scanning (ms): Min: 0.3, Avg: 0.3, Max: 0.3, Diff: 0.0, Sum: 0.6]
      [Update RS (ms): Min: 0.1, Avg: 0.1, Max: 0.1, Diff: 0.0, Sum: 0.1]
         [Processed Buffers: Min: 1, Avg: 1.5, Max: 2, Diff: 1, Sum: 3]
      [Scan RS (ms): Min: 0.3, Avg: 0.3, Max: 0.3, Diff: 0.0, Sum: 0.5]
      [Code Root Scanning (ms): Min: 0.1, Avg: 0.1, Max: 0.1, Diff: 0.0, Sum: 0.2]
      [Object Copy (ms): Min: 11.2, Avg: 11.2, Max: 11.2, Diff: 0.0, Sum: 22.4]
      [Termination (ms): Min: 0.0, Avg: 0.0, Max: 0.0, Diff: 0.0, Sum: 0.0]
      [GC Worker Other (ms): Min: 0.0, Avg: 0.0, Max: 0.0, Diff: 0.0, Sum: 0.1]
      [GC Worker Total (ms): Min: 12.0, Avg: 12.0, Max: 12.0, Diff: 0.0, Sum: 23.9]
      [GC Worker End (ms): Min: 41244.5, Avg: 41244.5, Max: 41244.5, Diff: 0.0]
   [Code Root Fixup: 0.0 ms]
   [Code Root Migration: 0.1 ms]
   [Clear CT: 0.2 ms]
   [Other: 0.5 ms]
      [Choose CSet: 0.0 ms]
      [Ref Proc: 0.1 ms]
      [Ref Enq: 0.0 ms]
      [Free CSet: 0.3 ms]
   [Eden: 132.0M(132.0M)->0.0B(132.0M) Survivors: 18.0M->18.0M Heap: 209.9M(256.0M)->77.8M(256.0M)]
 [Times: user=0.00 sys=0.00, real=0.01 secs] 
2014-07-10T11:36:50.593+0200: 41.373: [GC pause (G1 Evacuation Pause) (young) 41.373: [G1Ergonomics (CSet Construction) start choosing CSet, _pending_cards: 258, predicted base time: 1.02 ms, remaining time: 198.98 ms, target pause time: 200.00 ms]
 41.373: [G1Ergonomics (CSet Construction) add young regions to CSet, eden: 132 regions, survivors: 18 regions, predicted young region time: 85.18 ms]
 41.373: [G1Ergonomics (CSet Construction) finish choosing CSet, eden: 132 regions, survivors: 18 regions, old: 0 regions, predicted pause time: 86.20 ms, target pause time: 200.00 ms]
, 0.0078978 secs]
   [Parallel Time: 6.7 ms, GC Workers: 2]
      [GC Worker Start (ms): Min: 41373.4, Avg: 41373.4, Max: 41373.5, Diff: 0.1]
      [Ext Root Scanning (ms): Min: 0.5, Avg: 0.5, Max: 0.6, Diff: 0.1, Sum: 1.1]
      [Update RS (ms): Min: 0.1, Avg: 0.1, Max: 0.1, Diff: 0.0, Sum: 0.2]
         [Processed Buffers: Min: 1, Avg: 1.5, Max: 2, Diff: 1, Sum: 3]
      [Scan RS (ms): Min: 0.4, Avg: 0.4, Max: 0.4, Diff: 0.0, Sum: 0.8]
      [Code Root Scanning (ms): Min: 0.1, Avg: 0.1, Max: 0.2, Diff: 0.0, Sum: 0.3]
      [Object Copy (ms): Min: 5.3, Avg: 5.3, Max: 5.4, Diff: 0.1, Sum: 10.7]
      [Termination (ms): Min: 0.0, Avg: 0.0, Max: 0.0, Diff: 0.0, Sum: 0.0]
      [GC Worker Other (ms): Min: 0.0, Avg: 0.0, Max: 0.0, Diff: 0.0, Sum: 0.1]
      [GC Worker Total (ms): Min: 6.6, Avg: 6.6, Max: 6.6, Diff: 0.1, Sum: 13.2]
      [GC Worker End (ms): Min: 41380.0, Avg: 41380.0, Max: 41380.0, Diff: 0.0]
   [Code Root Fixup: 0.0 ms]
   [Code Root Migration: 0.1 ms]
   [Clear CT: 0.2 ms]
   [Other: 0.9 ms]
      [Choose CSet: 0.1 ms]
      [Ref Proc: 0.1 ms]
      [Ref Enq: 0.0 ms]
      [Free CSet: 0.5 ms]
   [Eden: 132.0M(132.0M)->0.0B(147.0M) Survivors: 18.0M->6144.0K Heap: 209.8M(256.0M)->65.5M(256.0M)]
 [Times: user=0.00 sys=0.00, real=0.01 secs] 
2014-07-10T11:36:50.699+0200: 41.479: [GC pause (G1 Evacuation Pause) (young) 41.479: [G1Ergonomics (CSet Construction) start choosing CSet, _pending_cards: 512, predicted base time: 1.28 ms, remaining time: 198.72 ms, target pause time: 200.00 ms]
 41.480: [G1Ergonomics (CSet Construction) add young regions to CSet, eden: 147 regions, survivors: 6 regions, predicted young region time: 29.28 ms]
 41.480: [G1Ergonomics (CSet Construction) finish choosing CSet, eden: 147 regions, survivors: 6 regions, old: 0 regions, predicted pause time: 30.57 ms, target pause time: 200.00 ms]
, 0.0134940 secs]
   [Parallel Time: 12.9 ms, GC Workers: 2]
      [GC Worker Start (ms): Min: 41479.6, Avg: 41479.6, Max: 41479.6, Diff: 0.0]
      [Ext Root Scanning (ms): Min: 0.3, Avg: 0.3, Max: 0.3, Diff: 0.0, Sum: 0.6]
      [Update RS (ms): Min: 0.0, Avg: 0.0, Max: 0.0, Diff: 0.0, Sum: 0.1]
         [Processed Buffers: Min: 1, Avg: 1.5, Max: 2, Diff: 1, Sum: 3]
      [Scan RS (ms): Min: 0.3, Avg: 0.3, Max: 0.3, Diff: 0.0, Sum: 0.5]
      [Code Root Scanning (ms): Min: 0.1, Avg: 0.1, Max: 0.1, Diff: 0.0, Sum: 0.2]
      [Object Copy (ms): Min: 12.1, Avg: 12.1, Max: 12.1, Diff: 0.0, Sum: 24.2]
      [Termination (ms): Min: 0.0, Avg: 0.0, Max: 0.0, Diff: 0.0, Sum: 0.0]
      [GC Worker Other (ms): Min: 0.0, Avg: 0.0, Max: 0.0, Diff: 0.0, Sum: 0.1]
      [GC Worker Total (ms): Min: 12.8, Avg: 12.8, Max: 12.8, Diff: 0.0, Sum: 25.6]
      [GC Worker End (ms): Min: 41492.4, Avg: 41492.4, Max: 41492.4, Diff: 0.0]
   [Code Root Fixup: 0.0 ms]
   [Code Root Migration: 0.0 ms]
   [Clear CT: 0.1 ms]
   [Other: 0.4 ms]
      [Choose CSet: 0.0 ms]
      [Ref Proc: 0.0 ms]
      [Ref Enq: 0.0 ms]
      [Free CSet: 0.2 ms]
   [Eden: 147.0M(147.0M)->0.0B(129.0M) Survivors: 6144.0K->20.0M Heap: 212.5M(256.0M)->80.4M(256.0M)]
 [Times: user=0.03 sys=0.00, real=0.01 secs] 
2014-07-10T11:36:50.853+0200: 41.633: [GC pause (G1 Evacuation Pause) (young) 41.633: [G1Ergonomics (CSet Construction) start choosing CSet, _pending_cards: 512, predicted base time: 1.19 ms, remaining time: 198.81 ms, target pause time: 200.00 ms]
 41.633: [G1Ergonomics (CSet Construction) add young regions to CSet, eden: 129 regions, survivors: 20 regions, predicted young region time: 99.86 ms]
 41.633: [G1Ergonomics (CSet Construction) finish choosing CSet, eden: 129 regions, survivors: 20 regions, old: 0 regions, predicted pause time: 101.05 ms, target pause time: 200.00 ms]
, 0.0119051 secs]
   [Parallel Time: 11.3 ms, GC Workers: 2]
      [GC Worker Start (ms): Min: 41633.5, Avg: 41633.5, Max: 41633.5, Diff: 0.0]
      [Ext Root Scanning (ms): Min: 0.3, Avg: 0.3, Max: 0.4, Diff: 0.0, Sum: 0.7]
      [Update RS (ms): Min: 0.0, Avg: 0.1, Max: 0.1, Diff: 0.0, Sum: 0.1]
         [Processed Buffers: Min: 1, Avg: 1.5, Max: 2, Diff: 1, Sum: 3]
      [Scan RS (ms): Min: 0.3, Avg: 0.3, Max: 0.3, Diff: 0.0, Sum: 0.5]
      [Code Root Scanning (ms): Min: 0.1, Avg: 0.1, Max: 0.1, Diff: 0.0, Sum: 0.2]
      [Object Copy (ms): Min: 10.5, Avg: 10.5, Max: 10.5, Diff: 0.0, Sum: 20.9]
      [Termination (ms): Min: 0.0, Avg: 0.0, Max: 0.0, Diff: 0.0, Sum: 0.0]
      [GC Worker Other (ms): Min: 0.0, Avg: 0.0, Max: 0.0, Diff: 0.0, Sum: 0.1]
      [GC Worker Total (ms): Min: 11.3, Avg: 11.3, Max: 11.3, Diff: 0.0, Sum: 22.6]
      [GC Worker End (ms): Min: 41644.8, Avg: 41644.8, Max: 41644.8, Diff: 0.0]
   [Code Root Fixup: 0.0 ms]
   [Code Root Migration: 0.1 ms]
   [Clear CT: 0.1 ms]
   [Other: 0.4 ms]
      [Choose CSet: 0.0 ms]
      [Ref Proc: 0.0 ms]
      [Ref Enq: 0.0 ms]
      [Free CSet: 0.2 ms]
   [Eden: 129.0M(129.0M)->0.0B(134.0M) Survivors: 20.0M->17.0M Heap: 209.4M(256.0M)->77.3M(256.0M)]
 [Times: user=0.03 sys=0.00, real=0.01 secs] 
2014-07-10T11:36:50.999+0200: 41.779: [GC pause (G1 Evacuation Pause) (young) 41.779: [G1Ergonomics (CSet Construction) start choosing CSet, _pending_cards: 512, predicted base time: 1.12 ms, remaining time: 198.88 ms, target pause time: 200.00 ms]
 41.779: [G1Ergonomics (CSet Construction) add young regions to CSet, eden: 134 regions, survivors: 17 regions, predicted young region time: 21.01 ms]
 41.779: [G1Ergonomics (CSet Construction) finish choosing CSet, eden: 134 regions, survivors: 17 regions, old: 0 regions, predicted pause time: 22.13 ms, target pause time: 200.00 ms]
, 0.0109636 secs]
   [Parallel Time: 10.2 ms, GC Workers: 2]
      [GC Worker Start (ms): Min: 41779.4, Avg: 41779.4, Max: 41779.4, Diff: 0.0]
      [Ext Root Scanning (ms): Min: 0.6, Avg: 0.6, Max: 0.6, Diff: 0.0, Sum: 1.1]
      [Update RS (ms): Min: 0.1, Avg: 0.1, Max: 0.2, Diff: 0.1, Sum: 0.3]
         [Processed Buffers: Min: 1, Avg: 1.5, Max: 2, Diff: 1, Sum: 3]
      [Scan RS (ms): Min: 0.4, Avg: 0.4, Max: 0.4, Diff: 0.0, Sum: 0.8]
      [Code Root Scanning (ms): Min: 0.1, Avg: 0.2, Max: 0.2, Diff: 0.0, Sum: 0.3]
      [Object Copy (ms): Min: 8.8, Avg: 8.8, Max: 8.8, Diff: 0.0, Sum: 17.6]
      [Termination (ms): Min: 0.0, Avg: 0.0, Max: 0.0, Diff: 0.0, Sum: 0.0]
      [GC Worker Other (ms): Min: 0.0, Avg: 0.0, Max: 0.0, Diff: 0.0, Sum: 0.1]
      [GC Worker Total (ms): Min: 10.1, Avg: 10.1, Max: 10.1, Diff: 0.0, Sum: 20.2]
      [GC Worker End (ms): Min: 41789.5, Avg: 41789.5, Max: 41789.5, Diff: 0.0]
   [Code Root Fixup: 0.0 ms]
   [Code Root Migration: 0.1 ms]
   [Clear CT: 0.1 ms]
   [Other: 0.6 ms]
      [Choose CSet: 0.1 ms]
      [Ref Proc: 0.1 ms]
      [Ref Enq: 0.0 ms]
      [Free CSet: 0.3 ms]
   [Eden: 134.0M(134.0M)->0.0B(141.0M) Survivors: 17.0M->11.0M Heap: 211.3M(256.0M)->71.2M(256.0M)]
 [Times: user=0.00 sys=0.00, real=0.01 secs] 
2014-07-10T11:36:51.099+0200: 41.879: [GC pause (G1 Evacuation Pause) (young) 41.879: [G1Ergonomics (CSet Construction) start choosing CSet, _pending_cards: 512, predicted base time: 1.20 ms, remaining time: 198.80 ms, target pause time: 200.00 ms]
 41.879: [G1Ergonomics (CSet Construction) add young regions to CSet, eden: 141 regions, survivors: 11 regions, predicted young region time: 108.89 ms]
 41.879: [G1Ergonomics (CSet Construction) finish choosing CSet, eden: 141 regions, survivors: 11 regions, old: 0 regions, predicted pause time: 110.09 ms, target pause time: 200.00 ms]
, 0.0131857 secs]
   [Parallel Time: 12.6 ms, GC Workers: 2]
      [GC Worker Start (ms): Min: 41879.5, Avg: 41879.5, Max: 41879.5, Diff: 0.0]
      [Ext Root Scanning (ms): Min: 0.3, Avg: 0.3, Max: 0.3, Diff: 0.0, Sum: 0.6]
      [Update RS (ms): Min: 0.0, Avg: 0.0, Max: 0.0, Diff: 0.0, Sum: 0.1]
         [Processed Buffers: Min: 1, Avg: 1.5, Max: 2, Diff: 1, Sum: 3]
      [Scan RS (ms): Min: 0.2, Avg: 0.2, Max: 0.2, Diff: 0.0, Sum: 0.5]
      [Code Root Scanning (ms): Min: 0.1, Avg: 0.1, Max: 0.1, Diff: 0.0, Sum: 0.2]
      [Object Copy (ms): Min: 11.9, Avg: 11.9, Max: 11.9, Diff: 0.0, Sum: 23.7]
      [Termination (ms): Min: 0.0, Avg: 0.0, Max: 0.0, Diff: 0.0, Sum: 0.0]
      [GC Worker Other (ms): Min: 0.0, Avg: 0.0, Max: 0.0, Diff: 0.0, Sum: 0.1]
      [GC Worker Total (ms): Min: 12.6, Avg: 12.6, Max: 12.6, Diff: 0.0, Sum: 25.2]
      [GC Worker End (ms): Min: 41892.1, Avg: 41892.1, Max: 41892.1, Diff: 0.0]
   [Code Root Fixup: 0.0 ms]
   [Code Root Migration: 0.1 ms]
   [Clear CT: 0.1 ms]
   [Other: 0.4 ms]
      [Choose CSet: 0.0 ms]
      [Ref Proc: 0.1 ms]
      [Ref Enq: 0.0 ms]
      [Free CSet: 0.2 ms]
   [Eden: 141.0M(141.0M)->0.0B(130.0M) Survivors: 11.0M->19.0M Heap: 212.2M(256.0M)->80.1M(256.0M)]
 [Times: user=0.03 sys=0.00, real=0.01 secs] 
2014-07-10T11:36:51.242+0200: 42.023: [GC pause (G1 Evacuation Pause) (young) 42.023: [G1Ergonomics (CSet Construction) start choosing CSet, _pending_cards: 512, predicted base time: 1.11 ms, remaining time: 198.89 ms, target pause time: 200.00 ms]
 42.023: [G1Ergonomics (CSet Construction) add young regions to CSet, eden: 130 regions, survivors: 19 regions, predicted young region time: 95.32 ms]
 42.023: [G1Ergonomics (CSet Construction) finish choosing CSet, eden: 130 regions, survivors: 19 regions, old: 0 regions, predicted pause time: 96.43 ms, target pause time: 200.00 ms]
, 0.0127193 secs]
   [Parallel Time: 12.0 ms, GC Workers: 2]
      [GC Worker Start (ms): Min: 42023.0, Avg: 42023.0, Max: 42023.0, Diff: 0.0]
      [Ext Root Scanning (ms): Min: 0.4, Avg: 0.4, Max: 0.4, Diff: 0.0, Sum: 0.7]
      [Update RS (ms): Min: 0.1, Avg: 0.1, Max: 0.1, Diff: 0.0, Sum: 0.1]
         [Processed Buffers: Min: 1, Avg: 1.5, Max: 2, Diff: 1, Sum: 3]
      [Scan RS (ms): Min: 0.2, Avg: 0.3, Max: 0.3, Diff: 0.0, Sum: 0.5]
      [Code Root Scanning (ms): Min: 0.1, Avg: 0.1, Max: 0.1, Diff: 0.0, Sum: 0.2]
      [Object Copy (ms): Min: 11.1, Avg: 11.1, Max: 11.1, Diff: 0.0, Sum: 22.2]
      [Termination (ms): Min: 0.0, Avg: 0.0, Max: 0.0, Diff: 0.0, Sum: 0.0]
      [GC Worker Other (ms): Min: 0.0, Avg: 0.0, Max: 0.0, Diff: 0.0, Sum: 0.1]
      [GC Worker Total (ms): Min: 11.9, Avg: 11.9, Max: 11.9, Diff: 0.0, Sum: 23.9]
      [GC Worker End (ms): Min: 42034.9, Avg: 42034.9, Max: 42034.9, Diff: 0.0]
   [Code Root Fixup: 0.0 ms]
   [Code Root Migration: 0.0 ms]
   [Clear CT: 0.1 ms]
   [Other: 0.6 ms]
      [Choose CSet: 0.0 ms]
      [Ref Proc: 0.1 ms]
      [Ref Enq: 0.0 ms]
      [Free CSet: 0.3 ms]
   [Eden: 130.0M(130.0M)->0.0B(132.0M) Survivors: 19.0M->18.0M Heap: 210.1M(256.0M)->78.5M(256.0M)]
 [Times: user=0.03 sys=0.00, real=0.01 secs] 
2014-07-10T11:36:51.398+0200: 42.179: [GC pause (G1 Evacuation Pause) (young) 42.179: [G1Ergonomics (CSet Construction) start choosing CSet, _pending_cards: 256, predicted base time: 1.04 ms, remaining time: 198.96 ms, target pause time: 200.00 ms]
 42.179: [G1Ergonomics (CSet Construction) add young regions to CSet, eden: 132 regions, survivors: 18 regions, predicted young region time: 71.67 ms]
 42.179: [G1Ergonomics (CSet Construction) finish choosing CSet, eden: 132 regions, survivors: 18 regions, old: 0 regions, predicted pause time: 72.70 ms, target pause time: 200.00 ms]
, 0.0117478 secs]
   [Parallel Time: 11.0 ms, GC Workers: 2]
      [GC Worker Start (ms): Min: 42179.0, Avg: 42179.0, Max: 42179.0, Diff: 0.0]
      [Ext Root Scanning (ms): Min: 0.4, Avg: 0.4, Max: 0.4, Diff: 0.0, Sum: 0.8]
      [Update RS (ms): Min: 0.0, Avg: 0.0, Max: 0.0, Diff: 0.0, Sum: 0.1]
         [Processed Buffers: Min: 1, Avg: 1.0, Max: 1, Diff: 0, Sum: 2]
      [Scan RS (ms): Min: 0.2, Avg: 0.2, Max: 0.2, Diff: 0.0, Sum: 0.4]
      [Code Root Scanning (ms): Min: 0.1, Avg: 0.1, Max: 0.1, Diff: 0.0, Sum: 0.2]
      [Object Copy (ms): Min: 10.2, Avg: 10.2, Max: 10.2, Diff: 0.0, Sum: 20.4]
      [Termination (ms): Min: 0.0, Avg: 0.0, Max: 0.0, Diff: 0.0, Sum: 0.0]
      [GC Worker Other (ms): Min: 0.0, Avg: 0.0, Max: 0.0, Diff: 0.0, Sum: 0.1]
      [GC Worker Total (ms): Min: 10.9, Avg: 10.9, Max: 11.0, Diff: 0.0, Sum: 21.9]
      [GC Worker End (ms): Min: 42189.9, Avg: 42189.9, Max: 42189.9, Diff: 0.0]
   [Code Root Fixup: 0.0 ms]
   [Code Root Migration: 0.0 ms]
   [Clear CT: 0.1 ms]
   [Other: 0.6 ms]
      [Choose CSet: 0.0 ms]
      [Ref Proc: 0.2 ms]
      [Ref Enq: 0.0 ms]
      [Free CSet: 0.2 ms]
   [Eden: 132.0M(132.0M)->0.0B(132.0M) Survivors: 18.0M->18.0M Heap: 210.5M(256.0M)->78.3M(256.0M)]
 [Times: user=0.03 sys=0.00, real=0.01 secs] 
2014-07-10T11:36:51.483+0200: 42.263: [GC pause (G1 Evacuation Pause) (young) 42.263: [G1Ergonomics (CSet Construction) start choosing CSet, _pending_cards: 259, predicted base time: 1.05 ms, remaining time: 198.95 ms, target pause time: 200.00 ms]
 42.263: [G1Ergonomics (CSet Construction) add young regions to CSet, eden: 132 regions, survivors: 18 regions, predicted young region time: 89.55 ms]
 42.263: [G1Ergonomics (CSet Construction) finish choosing CSet, eden: 132 regions, survivors: 18 regions, old: 0 regions, predicted pause time: 90.60 ms, target pause time: 200.00 ms]
, 0.0016300 secs]
   [Parallel Time: 1.2 ms, GC Workers: 2]
      [GC Worker Start (ms): Min: 42263.4, Avg: 42263.4, Max: 42263.4, Diff: 0.0]
      [Ext Root Scanning (ms): Min: 0.3, Avg: 0.3, Max: 0.3, Diff: 0.0, Sum: 0.6]
      [Update RS (ms): Min: 0.0, Avg: 0.1, Max: 0.1, Diff: 0.0, Sum: 0.1]
         [Processed Buffers: Min: 1, Avg: 1.5, Max: 2, Diff: 1, Sum: 3]
      [Scan RS (ms): Min: 0.2, Avg: 0.2, Max: 0.2, Diff: 0.0, Sum: 0.5]
      [Code Root Scanning (ms): Min: 0.1, Avg: 0.1, Max: 0.1, Diff: 0.0, Sum: 0.2]
      [Object Copy (ms): Min: 0.4, Avg: 0.4, Max: 0.4, Diff: 0.0, Sum: 0.9]
      [Termination (ms): Min: 0.0, Avg: 0.0, Max: 0.0, Diff: 0.0, Sum: 0.0]
      [GC Worker Other (ms): Min: 0.0, Avg: 0.0, Max: 0.0, Diff: 0.0, Sum: 0.0]
      [GC Worker Total (ms): Min: 1.2, Avg: 1.2, Max: 1.2, Diff: 0.0, Sum: 2.4]
      [GC Worker End (ms): Min: 42264.6, Avg: 42264.6, Max: 42264.6, Diff: 0.0]
   [Code Root Fixup: 0.0 ms]
   [Code Root Migration: 0.0 ms]
   [Clear CT: 0.1 ms]
   [Other: 0.3 ms]
      [Choose CSet: 0.0 ms]
      [Ref Proc: 0.0 ms]
      [Ref Enq: 0.0 ms]
      [Free CSet: 0.2 ms]
   [Eden: 132.0M(132.0M)->0.0B(151.0M) Survivors: 18.0M->1024.0K Heap: 210.3M(256.0M)->62.1M(256.0M)]
 [Times: user=0.00 sys=0.00, real=0.00 secs] 
2014-07-10T11:36:51.639+0200: 42.420: [GC pause (G1 Evacuation Pause) (young) 42.420: [G1Ergonomics (CSet Construction) start choosing CSet, _pending_cards: 512, predicted base time: 1.03 ms, remaining time: 198.97 ms, target pause time: 200.00 ms]
 42.420: [G1Ergonomics (CSet Construction) add young regions to CSet, eden: 151 regions, survivors: 1 regions, predicted young region time: 62.36 ms]
 42.420: [G1Ergonomics (CSet Construction) finish choosing CSet, eden: 151 regions, survivors: 1 regions, old: 0 regions, predicted pause time: 63.39 ms, target pause time: 200.00 ms]
, 0.0131923 secs]
   [Parallel Time: 12.6 ms, GC Workers: 2]
      [GC Worker Start (ms): Min: 42419.7, Avg: 42419.7, Max: 42419.8, Diff: 0.0]
      [Ext Root Scanning (ms): Min: 0.4, Avg: 0.4, Max: 0.4, Diff: 0.0, Sum: 0.7]
      [Update RS (ms): Min: 0.1, Avg: 0.1, Max: 0.1, Diff: 0.0, Sum: 0.1]
         [Processed Buffers: Min: 1, Avg: 1.5, Max: 2, Diff: 1, Sum: 3]
      [Scan RS (ms): Min: 0.2, Avg: 0.2, Max: 0.2, Diff: 0.0, Sum: 0.5]
      [Code Root Scanning (ms): Min: 0.1, Avg: 0.1, Max: 0.1, Diff: 0.0, Sum: 0.2]
      [Object Copy (ms): Min: 11.8, Avg: 11.8, Max: 11.8, Diff: 0.0, Sum: 23.5]
      [Termination (ms): Min: 0.0, Avg: 0.0, Max: 0.0, Diff: 0.0, Sum: 0.0]
      [GC Worker Other (ms): Min: 0.0, Avg: 0.0, Max: 0.0, Diff: 0.0, Sum: 0.1]
      [GC Worker Total (ms): Min: 12.6, Avg: 12.6, Max: 12.6, Diff: 0.0, Sum: 25.1]
      [GC Worker End (ms): Min: 42432.3, Avg: 42432.3, Max: 42432.3, Diff: 0.0]
   [Code Root Fixup: 0.0 ms]
   [Code Root Migration: 0.0 ms]
   [Clear CT: 0.1 ms]
   [Other: 0.4 ms]
      [Choose CSet: 0.0 ms]
      [Ref Proc: 0.0 ms]
      [Ref Enq: 0.0 ms]
      [Free CSet: 0.2 ms]
   [Eden: 151.0M(151.0M)->0.0B(130.0M) Survivors: 1024.0K->19.0M Heap: 213.1M(256.0M)->79.9M(256.0M)]
 [Times: user=0.00 sys=0.02, real=0.01 secs] 
2014-07-10T11:36:51.802+0200: 42.583: [GC pause (G1 Evacuation Pause) (young) 42.583: [G1Ergonomics (CSet Construction) start choosing CSet, _pending_cards: 512, predicted base time: 1.00 ms, remaining time: 199.00 ms, target pause time: 200.00 ms]
 42.583: [G1Ergonomics (CSet Construction) add young regions to CSet, eden: 130 regions, survivors: 19 regions, predicted young region time: 82.01 ms]
 42.583: [G1Ergonomics (CSet Construction) finish choosing CSet, eden: 130 regions, survivors: 19 regions, old: 0 regions, predicted pause time: 83.01 ms, target pause time: 200.00 ms]
, 0.0177344 secs]
   [Parallel Time: 16.8 ms, GC Workers: 2]
      [GC Worker Start (ms): Min: 42583.1, Avg: 42583.1, Max: 42583.1, Diff: 0.0]
      [Ext Root Scanning (ms): Min: 0.6, Avg: 0.6, Max: 0.6, Diff: 0.0, Sum: 1.1]
      [Update RS (ms): Min: 0.1, Avg: 0.1, Max: 0.1, Diff: 0.0, Sum: 0.2]
         [Processed Buffers: Min: 1, Avg: 1.5, Max: 2, Diff: 1, Sum: 3]
      [Scan RS (ms): Min: 0.4, Avg: 0.4, Max: 0.4, Diff: 0.0, Sum: 0.8]
      [Code Root Scanning (ms): Min: 0.1, Avg: 0.1, Max: 0.2, Diff: 0.0, Sum: 0.3]
      [Object Copy (ms): Min: 15.5, Avg: 15.5, Max: 15.5, Diff: 0.0, Sum: 31.0]
      [Termination (ms): Min: 0.0, Avg: 0.0, Max: 0.0, Diff: 0.0, Sum: 0.0]
      [GC Worker Other (ms): Min: 0.0, Avg: 0.0, Max: 0.0, Diff: 0.0, Sum: 0.1]
      [GC Worker Total (ms): Min: 16.8, Avg: 16.8, Max: 16.8, Diff: 0.0, Sum: 33.6]
      [GC Worker End (ms): Min: 42599.9, Avg: 42599.9, Max: 42599.9, Diff: 0.0]
   [Code Root Fixup: 0.0 ms]
   [Code Root Migration: 0.1 ms]
   [Clear CT: 0.1 ms]
   [Other: 0.7 ms]
      [Choose CSet: 0.1 ms]
      [Ref Proc: 0.2 ms]
      [Ref Enq: 0.0 ms]
      [Free CSet: 0.3 ms]
   [Eden: 130.0M(130.0M)->0.0B(133.0M) Survivors: 19.0M->17.0M Heap: 209.9M(256.0M)->77.8M(256.0M)]
 [Times: user=0.03 sys=0.00, real=0.02 secs] 
2014-07-10T11:36:51.898+0200: 42.678: [GC pause (G1 Evacuation Pause) (young) 42.678: [G1Ergonomics (CSet Construction) start choosing CSet, _pending_cards: 512, predicted base time: 1.17 ms, remaining time: 198.83 ms, target pause time: 200.00 ms]
 42.678: [G1Ergonomics (CSet Construction) add young regions to CSet, eden: 133 regions, survivors: 17 regions, predicted young region time: 26.49 ms]
 42.678: [G1Ergonomics (CSet Construction) finish choosing CSet, eden: 133 regions, survivors: 17 regions, old: 0 regions, predicted pause time: 27.66 ms, target pause time: 200.00 ms]
, 0.0120620 secs]
   [Parallel Time: 11.5 ms, GC Workers: 2]
      [GC Worker Start (ms): Min: 42678.5, Avg: 42678.5, Max: 42678.5, Diff: 0.0]
      [Ext Root Scanning (ms): Min: 0.3, Avg: 0.3, Max: 0.3, Diff: 0.0, Sum: 0.6]
      [Update RS (ms): Min: 0.1, Avg: 0.1, Max: 0.1, Diff: 0.0, Sum: 0.1]
         [Processed Buffers: Min: 1, Avg: 1.5, Max: 2, Diff: 1, Sum: 3]
      [Scan RS (ms): Min: 0.3, Avg: 0.3, Max: 0.3, Diff: 0.0, Sum: 0.5]
      [Code Root Scanning (ms): Min: 0.1, Avg: 0.1, Max: 0.1, Diff: 0.0, Sum: 0.2]
      [Object Copy (ms): Min: 10.7, Avg: 10.7, Max: 10.7, Diff: 0.0, Sum: 21.3]
      [Termination (ms): Min: 0.0, Avg: 0.0, Max: 0.0, Diff: 0.0, Sum: 0.0]
      [GC Worker Other (ms): Min: 0.0, Avg: 0.0, Max: 0.0, Diff: 0.0, Sum: 0.1]
      [GC Worker Total (ms): Min: 11.5, Avg: 11.5, Max: 11.5, Diff: 0.0, Sum: 22.9]
      [GC Worker End (ms): Min: 42689.9, Avg: 42689.9, Max: 42689.9, Diff: 0.0]
   [Code Root Fixup: 0.0 ms]
   [Code Root Migration: 0.0 ms]
   [Clear CT: 0.2 ms]
   [Other: 0.4 ms]
      [Choose CSet: 0.0 ms]
      [Ref Proc: 0.1 ms]
      [Ref Enq: 0.0 ms]
      [Free CSet: 0.2 ms]
   [Eden: 133.0M(133.0M)->0.0B(132.0M) Survivors: 17.0M->18.0M Heap: 210.8M(256.0M)->78.7M(256.0M)]
 [Times: user=0.03 sys=0.00, real=0.01 secs] 
2014-07-10T11:36:52.031+0200: 42.812: [GC pause (G1 Evacuation Pause) (young) 42.812: [G1Ergonomics (CSet Construction) start choosing CSet, _pending_cards: 257, predicted base time: 1.06 ms, remaining time: 198.94 ms, target pause time: 200.00 ms]
 42.812: [G1Ergonomics (CSet Construction) add young regions to CSet, eden: 132 regions, survivors: 18 regions, predicted young region time: 95.06 ms]
 42.812: [G1Ergonomics (CSet Construction) finish choosing CSet, eden: 132 regions, survivors: 18 regions, old: 0 regions, predicted pause time: 96.12 ms, target pause time: 200.00 ms]
, 0.0074506 secs]
   [Parallel Time: 6.8 ms, GC Workers: 2]
      [GC Worker Start (ms): Min: 42811.7, Avg: 42811.7, Max: 42811.7, Diff: 0.0]
      [Ext Root Scanning (ms): Min: 0.3, Avg: 0.3, Max: 0.3, Diff: 0.0, Sum: 0.7]
      [Update RS (ms): Min: 0.0, Avg: 0.0, Max: 0.0, Diff: 0.0, Sum: 0.1]
         [Processed Buffers: Min: 1, Avg: 1.5, Max: 2, Diff: 1, Sum: 3]
      [Scan RS (ms): Min: 0.2, Avg: 0.2, Max: 0.2, Diff: 0.0, Sum: 0.5]
      [Code Root Scanning (ms): Min: 0.1, Avg: 0.1, Max: 0.1, Diff: 0.0, Sum: 0.2]
      [Object Copy (ms): Min: 6.0, Avg: 6.0, Max: 6.0, Diff: 0.0, Sum: 12.0]
      [Termination (ms): Min: 0.0, Avg: 0.0, Max: 0.0, Diff: 0.0, Sum: 0.0]
      [GC Worker Other (ms): Min: 0.0, Avg: 0.0, Max: 0.0, Diff: 0.0, Sum: 0.1]
      [GC Worker Total (ms): Min: 6.7, Avg: 6.7, Max: 6.7, Diff: 0.0, Sum: 13.5]
      [GC Worker End (ms): Min: 42818.4, Avg: 42818.4, Max: 42818.4, Diff: 0.0]
   [Code Root Fixup: 0.0 ms]
   [Code Root Migration: 0.0 ms]
   [Clear CT: 0.2 ms]
   [Other: 0.5 ms]
      [Choose CSet: 0.0 ms]
      [Ref Proc: 0.1 ms]
      [Ref Enq: 0.0 ms]
      [Free CSet: 0.2 ms]
   [Eden: 132.0M(132.0M)->0.0B(141.0M) Survivors: 18.0M->10.0M Heap: 210.7M(256.0M)->70.6M(256.0M)]
 [Times: user=0.00 sys=0.00, real=0.01 secs] 
2014-07-10T11:36:52.203+0200: 42.984: [GC pause (G1 Evacuation Pause) (young) 42.984: [G1Ergonomics (CSet Construction) start choosing CSet, _pending_cards: 512, predicted base time: 1.09 ms, remaining time: 198.91 ms, target pause time: 200.00 ms]
 42.984: [G1Ergonomics (CSet Construction) add young regions to CSet, eden: 141 regions, survivors: 10 regions, predicted young region time: 24.33 ms]
 42.984: [G1Ergonomics (CSet Construction) finish choosing CSet, eden: 141 regions, survivors: 10 regions, old: 0 regions, predicted pause time: 25.42 ms, target pause time: 200.00 ms]
, 0.0146155 secs]
   [Parallel Time: 13.8 ms, GC Workers: 2]
      [GC Worker Start (ms): Min: 42984.1, Avg: 42984.1, Max: 42984.1, Diff: 0.0]
      [Ext Root Scanning (ms): Min: 0.6, Avg: 0.6, Max: 0.6, Diff: 0.0, Sum: 1.1]
      [Update RS (ms): Min: 0.1, Avg: 0.1, Max: 0.1, Diff: 0.0, Sum: 0.1]
         [Processed Buffers: Min: 1, Avg: 1.5, Max: 2, Diff: 1, Sum: 3]
      [Scan RS (ms): Min: 0.4, Avg: 0.4, Max: 0.4, Diff: 0.0, Sum: 0.8]
      [Code Root Scanning (ms): Min: 0.1, Avg: 0.2, Max: 0.2, Diff: 0.0, Sum: 0.3]
      [Object Copy (ms): Min: 12.5, Avg: 12.5, Max: 12.5, Diff: 0.0, Sum: 25.0]
      [Termination (ms): Min: 0.0, Avg: 0.0, Max: 0.0, Diff: 0.0, Sum: 0.0]
      [GC Worker Other (ms): Min: 0.0, Avg: 0.0, Max: 0.0, Diff: 0.0, Sum: 0.1]
      [GC Worker Total (ms): Min: 13.7, Avg: 13.7, Max: 13.7, Diff: 0.0, Sum: 27.4]
      [GC Worker End (ms): Min: 42997.8, Avg: 42997.8, Max: 42997.8, Diff: 0.0]
   [Code Root Fixup: 0.0 ms]
   [Code Root Migration: 0.1 ms]
   [Clear CT: 0.1 ms]
   [Other: 0.7 ms]
      [Choose CSet: 0.1 ms]
      [Ref Proc: 0.1 ms]
      [Ref Enq: 0.0 ms]
      [Free CSet: 0.3 ms]
   [Eden: 141.0M(141.0M)->0.0B(130.0M) Survivors: 10.0M->19.0M Heap: 211.6M(256.0M)->79.5M(256.0M)]
 [Times: user=0.03 sys=0.00, real=0.01 secs] 
2014-07-10T11:36:52.297+0200: 43.078: [GC pause (G1 Evacuation Pause) (young) 43.078: [G1Ergonomics (CSet Construction) start choosing CSet, _pending_cards: 512, predicted base time: 1.19 ms, remaining time: 198.81 ms, target pause time: 200.00 ms]
 43.078: [G1Ergonomics (CSet Construction) add young regions to CSet, eden: 130 regions, survivors: 19 regions, predicted young region time: 90.81 ms]
 43.078: [G1Ergonomics (CSet Construction) finish choosing CSet, eden: 130 regions, survivors: 19 regions, old: 0 regions, predicted pause time: 92.00 ms, target pause time: 200.00 ms]
, 0.0111692 secs]
   [Parallel Time: 10.5 ms, GC Workers: 2]
      [GC Worker Start (ms): Min: 43078.1, Avg: 43078.1, Max: 43078.1, Diff: 0.0]
      [Ext Root Scanning (ms): Min: 0.3, Avg: 0.3, Max: 0.3, Diff: 0.0, Sum: 0.7]
      [Update RS (ms): Min: 0.0, Avg: 0.0, Max: 0.1, Diff: 0.0, Sum: 0.1]
         [Processed Buffers: Min: 1, Avg: 1.5, Max: 2, Diff: 1, Sum: 3]
      [Scan RS (ms): Min: 0.2, Avg: 0.2, Max: 0.2, Diff: 0.0, Sum: 0.5]
      [Code Root Scanning (ms): Min: 0.1, Avg: 0.1, Max: 0.1, Diff: 0.0, Sum: 0.2]
      [Object Copy (ms): Min: 9.8, Avg: 9.8, Max: 9.8, Diff: 0.0, Sum: 19.5]
      [Termination (ms): Min: 0.0, Avg: 0.0, Max: 0.0, Diff: 0.0, Sum: 0.0]
      [GC Worker Other (ms): Min: 0.0, Avg: 0.0, Max: 0.0, Diff: 0.0, Sum: 0.1]
      [GC Worker Total (ms): Min: 10.5, Avg: 10.5, Max: 10.5, Diff: 0.0, Sum: 21.0]
      [GC Worker End (ms): Min: 43088.6, Avg: 43088.6, Max: 43088.6, Diff: 0.0]
   [Code Root Fixup: 0.0 ms]
   [Code Root Migration: 0.0 ms]
   [Clear CT: 0.1 ms]
   [Other: 0.5 ms]
      [Choose CSet: 0.0 ms]
      [Ref Proc: 0.1 ms]
      [Ref Enq: 0.0 ms]
      [Free CSet: 0.2 ms]
   [Eden: 130.0M(130.0M)->0.0B(133.0M) Survivors: 19.0M->17.0M Heap: 209.5M(256.0M)->77.4M(256.0M)]
 [Times: user=0.01 sys=0.00, real=0.01 secs] 
2014-07-10T11:36:52.450+0200: 43.231: [GC pause (G1 Evacuation Pause) (young) 43.231: [G1Ergonomics (CSet Construction) start choosing CSet, _pending_cards: 512, predicted base time: 1.12 ms, remaining time: 198.88 ms, target pause time: 200.00 ms]
 43.231: [G1Ergonomics (CSet Construction) add young regions to CSet, eden: 133 regions, survivors: 17 regions, predicted young region time: 89.69 ms]
 43.231: [G1Ergonomics (CSet Construction) finish choosing CSet, eden: 133 regions, survivors: 17 regions, old: 0 regions, predicted pause time: 90.81 ms, target pause time: 200.00 ms]
, 0.0114658 secs]
   [Parallel Time: 10.9 ms, GC Workers: 2]
      [GC Worker Start (ms): Min: 43231.0, Avg: 43231.0, Max: 43231.0, Diff: 0.0]
      [Ext Root Scanning (ms): Min: 0.3, Avg: 0.3, Max: 0.3, Diff: 0.0, Sum: 0.5]
      [Update RS (ms): Min: 0.0, Avg: 0.0, Max: 0.0, Diff: 0.0, Sum: 0.1]
         [Processed Buffers: Min: 1, Avg: 1.5, Max: 2, Diff: 1, Sum: 3]
      [Scan RS (ms): Min: 0.2, Avg: 0.2, Max: 0.2, Diff: 0.0, Sum: 0.4]
      [Code Root Scanning (ms): Min: 0.1, Avg: 0.1, Max: 0.1, Diff: 0.0, Sum: 0.2]
      [Object Copy (ms): Min: 10.2, Avg: 10.2, Max: 10.2, Diff: 0.0, Sum: 20.4]
      [Termination (ms): Min: 0.0, Avg: 0.0, Max: 0.0, Diff: 0.0, Sum: 0.0]
      [GC Worker Other (ms): Min: 0.0, Avg: 0.0, Max: 0.0, Diff: 0.0, Sum: 0.1]
      [GC Worker Total (ms): Min: 10.9, Avg: 10.9, Max: 10.9, Diff: 0.0, Sum: 21.7]
      [GC Worker End (ms): Min: 43241.8, Avg: 43241.8, Max: 43241.8, Diff: 0.0]
   [Code Root Fixup: 0.0 ms]
   [Code Root Migration: 0.0 ms]
   [Clear CT: 0.2 ms]
   [Other: 0.4 ms]
      [Choose CSet: 0.0 ms]
      [Ref Proc: 0.0 ms]
      [Ref Enq: 0.0 ms]
      [Free CSet: 0.2 ms]
   [Eden: 133.0M(133.0M)->0.0B(133.0M) Survivors: 17.0M->17.0M Heap: 210.4M(256.0M)->78.2M(256.0M)]
 [Times: user=0.00 sys=0.00, real=0.01 secs] 
2014-07-10T11:36:52.593+0200: 43.374: [GC pause (G1 Evacuation Pause) (young) 43.374: [G1Ergonomics (CSet Construction) start choosing CSet, _pending_cards: 258, predicted base time: 1.01 ms, remaining time: 198.99 ms, target pause time: 200.00 ms]
 43.374: [G1Ergonomics (CSet Construction) add young regions to CSet, eden: 133 regions, survivors: 17 regions, predicted young region time: 74.93 ms]
 43.374: [G1Ergonomics (CSet Construction) finish choosing CSet, eden: 133 regions, survivors: 17 regions, old: 0 regions, predicted pause time: 75.94 ms, target pause time: 200.00 ms]
, 0.0087459 secs]
   [Parallel Time: 7.5 ms, GC Workers: 2]
      [GC Worker Start (ms): Min: 43374.3, Avg: 43374.3, Max: 43374.3, Diff: 0.0]
      [Ext Root Scanning (ms): Min: 0.5, Avg: 0.6, Max: 0.6, Diff: 0.0, Sum: 1.1]
      [Update RS (ms): Min: 0.1, Avg: 0.1, Max: 0.1, Diff: 0.0, Sum: 0.2]
         [Processed Buffers: Min: 1, Avg: 1.5, Max: 2, Diff: 1, Sum: 3]
      [Scan RS (ms): Min: 0.4, Avg: 0.4, Max: 0.4, Diff: 0.0, Sum: 0.9]
      [Code Root Scanning (ms): Min: 0.1, Avg: 0.2, Max: 0.2, Diff: 0.0, Sum: 0.3]
      [Object Copy (ms): Min: 6.1, Avg: 6.2, Max: 6.2, Diff: 0.1, Sum: 12.3]
      [Termination (ms): Min: 0.0, Avg: 0.0, Max: 0.1, Diff: 0.1, Sum: 0.1]
      [GC Worker Other (ms): Min: 0.0, Avg: 0.0, Max: 0.0, Diff: 0.0, Sum: 0.1]
      [GC Worker Total (ms): Min: 7.4, Avg: 7.4, Max: 7.5, Diff: 0.0, Sum: 14.9]
      [GC Worker End (ms): Min: 43381.7, Avg: 43381.7, Max: 43381.7, Diff: 0.0]
   [Code Root Fixup: 0.0 ms]
   [Code Root Migration: 0.1 ms]
   [Clear CT: 0.2 ms]
   [Other: 0.9 ms]
      [Choose CSet: 0.1 ms]
      [Ref Proc: 0.1 ms]
      [Ref Enq: 0.0 ms]
      [Free CSet: 0.5 ms]
   [Eden: 133.0M(133.0M)->0.0B(146.0M) Survivors: 17.0M->6144.0K Heap: 211.2M(256.0M)->67.0M(256.0M)]
 [Times: user=0.00 sys=0.00, real=0.01 secs] 
2014-07-10T11:36:52.699+0200: 43.479: [GC pause (G1 Evacuation Pause) (young) 43.479: [G1Ergonomics (CSet Construction) start choosing CSet, _pending_cards: 512, predicted base time: 1.28 ms, remaining time: 198.72 ms, target pause time: 200.00 ms]
 43.479: [G1Ergonomics (CSet Construction) add young regions to CSet, eden: 146 regions, survivors: 6 regions, predicted young region time: 122.05 ms]
 43.479: [G1Ergonomics (CSet Construction) finish choosing CSet, eden: 146 regions, survivors: 6 regions, old: 0 regions, predicted pause time: 123.33 ms, target pause time: 200.00 ms]
, 0.0137371 secs]
   [Parallel Time: 12.9 ms, GC Workers: 2]
      [GC Worker Start (ms): Min: 43479.3, Avg: 43479.3, Max: 43479.3, Diff: 0.0]
      [Ext Root Scanning (ms): Min: 0.3, Avg: 0.3, Max: 0.3, Diff: 0.0, Sum: 0.6]
      [Update RS (ms): Min: 0.0, Avg: 0.0, Max: 0.1, Diff: 0.0, Sum: 0.1]
         [Processed Buffers: Min: 1, Avg: 1.5, Max: 2, Diff: 1, Sum: 3]
      [Scan RS (ms): Min: 0.2, Avg: 0.2, Max: 0.3, Diff: 0.1, Sum: 0.5]
      [Code Root Scanning (ms): Min: 0.3, Avg: 0.4, Max: 0.5, Diff: 0.2, Sum: 0.8]
      [Object Copy (ms): Min: 11.7, Avg: 11.9, Max: 12.0, Diff: 0.2, Sum: 23.7]
      [Termination (ms): Min: 0.0, Avg: 0.0, Max: 0.0, Diff: 0.0, Sum: 0.0]
      [GC Worker Other (ms): Min: 0.0, Avg: 0.0, Max: 0.0, Diff: 0.0, Sum: 0.1]
      [GC Worker Total (ms): Min: 12.9, Avg: 12.9, Max: 12.9, Diff: 0.0, Sum: 25.8]
      [GC Worker End (ms): Min: 43492.1, Avg: 43492.1, Max: 43492.1, Diff: 0.0]
   [Code Root Fixup: 0.0 ms]
   [Code Root Migration: 0.0 ms]
   [Clear CT: 0.1 ms]
   [Other: 0.7 ms]
      [Choose CSet: 0.0 ms]
      [Ref Proc: 0.1 ms]
      [Ref Enq: 0.0 ms]
      [Free CSet: 0.3 ms]
   [Eden: 146.0M(146.0M)->0.0B(130.0M) Survivors: 6144.0K->19.0M Heap: 213.0M(256.0M)->80.9M(256.0M)]
 [Times: user=0.00 sys=0.00, real=0.01 secs] 
2014-07-10T11:36:52.838+0200: 43.619: [GC pause (G1 Evacuation Pause) (young) 43.619: [G1Ergonomics (CSet Construction) start choosing CSet, _pending_cards: 512, predicted base time: 1.28 ms, remaining time: 198.72 ms, target pause time: 200.00 ms]
 43.619: [G1Ergonomics (CSet Construction) add young regions to CSet, eden: 130 regions, survivors: 19 regions, predicted young region time: 78.60 ms]
 43.619: [G1Ergonomics (CSet Construction) finish choosing CSet, eden: 130 regions, survivors: 19 regions, old: 0 regions, predicted pause time: 79.88 ms, target pause time: 200.00 ms]
, 0.0124840 secs]
   [Parallel Time: 11.8 ms, GC Workers: 2]
      [GC Worker Start (ms): Min: 43619.0, Avg: 43619.0, Max: 43619.0, Diff: 0.0]
      [Ext Root Scanning (ms): Min: 0.3, Avg: 0.3, Max: 0.3, Diff: 0.0, Sum: 0.6]
      [Update RS (ms): Min: 0.0, Avg: 0.0, Max: 0.1, Diff: 0.0, Sum: 0.1]
         [Processed Buffers: Min: 1, Avg: 1.5, Max: 2, Diff: 1, Sum: 3]
      [Scan RS (ms): Min: 0.2, Avg: 0.2, Max: 0.2, Diff: 0.0, Sum: 0.4]
      [Code Root Scanning (ms): Min: 0.1, Avg: 0.1, Max: 0.1, Diff: 0.0, Sum: 0.2]
      [Object Copy (ms): Min: 11.0, Avg: 11.0, Max: 11.0, Diff: 0.0, Sum: 22.0]
      [Termination (ms): Min: 0.0, Avg: 0.0, Max: 0.0, Diff: 0.0, Sum: 0.0]
      [GC Worker Other (ms): Min: 0.0, Avg: 0.0, Max: 0.0, Diff: 0.0, Sum: 0.1]
      [GC Worker Total (ms): Min: 11.7, Avg: 11.7, Max: 11.7, Diff: 0.0, Sum: 23.5]
      [GC Worker End (ms): Min: 43630.7, Avg: 43630.7, Max: 43630.7, Diff: 0.0]
   [Code Root Fixup: 0.0 ms]
   [Code Root Migration: 0.0 ms]
   [Clear CT: 0.1 ms]
   [Other: 0.5 ms]
      [Choose CSet: 0.0 ms]
      [Ref Proc: 0.2 ms]
      [Ref Enq: 0.0 ms]
      [Free CSet: 0.2 ms]
   [Eden: 130.0M(130.0M)->0.0B(132.0M) Survivors: 19.0M->18.0M Heap: 210.9M(256.0M)->79.4M(256.0M)]
 [Times: user=0.03 sys=0.00, real=0.01 secs] 
2014-07-10T11:36:52.993+0200: 43.773: [GC pause (G1 Evacuation Pause) (young) 43.773: [G1Ergonomics (CSet Construction) start choosing CSet, _pending_cards: 513, predicted base time: 1.21 ms, remaining time: 198.79 ms, target pause time: 200.00 ms]
 43.773: [G1Ergonomics (CSet Construction) add young regions to CSet, eden: 132 regions, survivors: 18 regions, predicted young region time: 98.45 ms]
 43.773: [G1Ergonomics (CSet Construction) finish choosing CSet, eden: 132 regions, survivors: 18 regions, old: 0 regions, predicted pause time: 99.65 ms, target pause time: 200.00 ms]
, 0.0085787 secs]
   [Parallel Time: 7.3 ms, GC Workers: 2]
      [GC Worker Start (ms): Min: 43773.5, Avg: 43773.5, Max: 43773.5, Diff: 0.0]
      [Ext Root Scanning (ms): Min: 0.5, Avg: 0.5, Max: 0.5, Diff: 0.0, Sum: 1.0]
      [Update RS (ms): Min: 0.1, Avg: 0.1, Max: 0.1, Diff: 0.0, Sum: 0.3]
         [Processed Buffers: Min: 1, Avg: 2.0, Max: 3, Diff: 2, Sum: 4]
      [Scan RS (ms): Min: 0.4, Avg: 0.4, Max: 0.4, Diff: 0.0, Sum: 0.8]
      [Code Root Scanning (ms): Min: 0.1, Avg: 0.2, Max: 0.2, Diff: 0.0, Sum: 0.3]
      [Object Copy (ms): Min: 5.6, Avg: 5.7, Max: 5.9, Diff: 0.3, Sum: 11.5]
      [Termination (ms): Min: 0.0, Avg: 0.2, Max: 0.4, Diff: 0.4, Sum: 0.4]
      [GC Worker Other (ms): Min: 0.0, Avg: 0.0, Max: 0.0, Diff: 0.0, Sum: 0.1]
      [GC Worker Total (ms): Min: 7.1, Avg: 7.2, Max: 7.2, Diff: 0.1, Sum: 14.4]
      [GC Worker End (ms): Min: 43780.7, Avg: 43780.7, Max: 43780.7, Diff: 0.1]
   [Code Root Fixup: 0.0 ms]
   [Code Root Migration: 0.1 ms]
   [Clear CT: 0.2 ms]
   [Other: 1.0 ms]
      [Choose CSet: 0.1 ms]
      [Ref Proc: 0.2 ms]
      [Ref Enq: 0.0 ms]
      [Free CSet: 0.5 ms]
   [Eden: 132.0M(132.0M)->0.0B(146.0M) Survivors: 18.0M->6144.0K Heap: 211.4M(256.0M)->67.1M(256.0M)]
 [Times: user=0.03 sys=0.00, real=0.01 secs] 
2014-07-10T11:36:53.099+0200: 43.879: [GC pause (G1 Evacuation Pause) (young) 43.879: [G1Ergonomics (CSet Construction) start choosing CSet, _pending_cards: 512, predicted base time: 1.38 ms, remaining time: 198.62 ms, target pause time: 200.00 ms]
 43.879: [G1Ergonomics (CSet Construction) add young regions to CSet, eden: 146 regions, survivors: 6 regions, predicted young region time: 31.01 ms]
 43.879: [G1Ergonomics (CSet Construction) finish choosing CSet, eden: 146 regions, survivors: 6 regions, old: 0 regions, predicted pause time: 32.39 ms, target pause time: 200.00 ms]
, 0.0130709 secs]
   [Parallel Time: 12.5 ms, GC Workers: 2]
      [GC Worker Start (ms): Min: 43879.3, Avg: 43879.3, Max: 43879.3, Diff: 0.0]
      [Ext Root Scanning (ms): Min: 0.3, Avg: 0.3, Max: 0.3, Diff: 0.0, Sum: 0.6]
      [Update RS (ms): Min: 0.0, Avg: 0.0, Max: 0.0, Diff: 0.0, Sum: 0.1]
         [Processed Buffers: Min: 1, Avg: 1.5, Max: 2, Diff: 1, Sum: 3]
      [Scan RS (ms): Min: 0.2, Avg: 0.2, Max: 0.3, Diff: 0.1, Sum: 0.5]
      [Code Root Scanning (ms): Min: 0.1, Avg: 0.2, Max: 0.3, Diff: 0.2, Sum: 0.4]
      [Object Copy (ms): Min: 11.5, Avg: 11.6, Max: 11.7, Diff: 0.2, Sum: 23.2]
      [Termination (ms): Min: 0.0, Avg: 0.0, Max: 0.0, Diff: 0.0, Sum: 0.0]
      [GC Worker Other (ms): Min: 0.0, Avg: 0.0, Max: 0.0, Diff: 0.0, Sum: 0.1]
      [GC Worker Total (ms): Min: 12.4, Avg: 12.4, Max: 12.5, Diff: 0.0, Sum: 24.9]
      [GC Worker End (ms): Min: 43891.7, Avg: 43891.7, Max: 43891.7, Diff: 0.0]
   [Code Root Fixup: 0.0 ms]
   [Code Root Migration: 0.0 ms]
   [Clear CT: 0.1 ms]
   [Other: 0.4 ms]
      [Choose CSet: 0.0 ms]
      [Ref Proc: 0.1 ms]
      [Ref Enq: 0.0 ms]
      [Free CSet: 0.2 ms]
   [Eden: 146.0M(146.0M)->0.0B(129.0M) Survivors: 6144.0K->19.0M Heap: 213.1M(256.0M)->81.1M(256.0M)]
 [Times: user=0.03 sys=0.00, real=0.01 secs] 
2014-07-10T11:36:53.233+0200: 44.014: [GC pause (G1 Evacuation Pause) (young) 44.014: [G1Ergonomics (CSet Construction) start choosing CSet, _pending_cards: 512, predicted base time: 1.28 ms, remaining time: 198.72 ms, target pause time: 200.00 ms]
 44.014: [G1Ergonomics (CSet Construction) add young regions to CSet, eden: 129 regions, survivors: 19 regions, predicted young region time: 106.50 ms]
 44.014: [G1Ergonomics (CSet Construction) finish choosing CSet, eden: 129 regions, survivors: 19 regions, old: 0 regions, predicted pause time: 107.78 ms, target pause time: 200.00 ms]
, 0.0113878 secs]
   [Parallel Time: 10.7 ms, GC Workers: 2]
      [GC Worker Start (ms): Min: 44014.1, Avg: 44014.1, Max: 44014.1, Diff: 0.0]
      [Ext Root Scanning (ms): Min: 0.3, Avg: 0.3, Max: 0.3, Diff: 0.0, Sum: 0.7]
      [Update RS (ms): Min: 0.0, Avg: 0.1, Max: 0.1, Diff: 0.0, Sum: 0.1]
         [Processed Buffers: Min: 1, Avg: 1.5, Max: 2, Diff: 1, Sum: 3]
      [Scan RS (ms): Min: 0.2, Avg: 0.2, Max: 0.2, Diff: 0.0, Sum: 0.4]
      [Code Root Scanning (ms): Min: 0.1, Avg: 0.1, Max: 0.1, Diff: 0.0, Sum: 0.2]
      [Object Copy (ms): Min: 9.9, Avg: 9.9, Max: 9.9, Diff: 0.0, Sum: 19.7]
      [Termination (ms): Min: 0.0, Avg: 0.0, Max: 0.0, Diff: 0.0, Sum: 0.0]
      [GC Worker Other (ms): Min: 0.0, Avg: 0.0, Max: 0.0, Diff: 0.0, Sum: 0.1]
      [GC Worker Total (ms): Min: 10.6, Avg: 10.6, Max: 10.6, Diff: 0.0, Sum: 21.3]
      [GC Worker End (ms): Min: 44024.7, Avg: 44024.7, Max: 44024.7, Diff: 0.0]
   [Code Root Fixup: 0.0 ms]
   [Code Root Migration: 0.0 ms]
   [Clear CT: 0.1 ms]
   [Other: 0.6 ms]
      [Choose CSet: 0.0 ms]
      [Ref Proc: 0.0 ms]
      [Ref Enq: 0.0 ms]
      [Free CSet: 0.4 ms]
   [Eden: 129.0M(129.0M)->0.0B(134.0M) Survivors: 19.0M->16.0M Heap: 210.1M(256.0M)->78.0M(256.0M)]
 [Times: user=0.03 sys=0.00, real=0.01 secs] 
2014-07-10T11:36:53.404+0200: 44.185: [GC pause (G1 Evacuation Pause) (young) 44.185: [G1Ergonomics (CSet Construction) start choosing CSet, _pending_cards: 512, predicted base time: 1.18 ms, remaining time: 198.82 ms, target pause time: 200.00 ms]
 44.185: [G1Ergonomics (CSet Construction) add young regions to CSet, eden: 134 regions, survivors: 16 regions, predicted young region time: 26.97 ms]
 44.185: [G1Ergonomics (CSet Construction) finish choosing CSet, eden: 134 regions, survivors: 16 regions, old: 0 regions, predicted pause time: 28.15 ms, target pause time: 200.00 ms]
, 0.0207000 secs]
   [Parallel Time: 19.4 ms, GC Workers: 2]
      [GC Worker Start (ms): Min: 44185.0, Avg: 44185.0, Max: 44185.0, Diff: 0.0]
      [Ext Root Scanning (ms): Min: 0.6, Avg: 0.6, Max: 0.6, Diff: 0.0, Sum: 1.2]
      [Update RS (ms): Min: 0.1, Avg: 0.1, Max: 0.1, Diff: 0.0, Sum: 0.2]
         [Processed Buffers: Min: 1, Avg: 1.5, Max: 2, Diff: 1, Sum: 3]
      [Scan RS (ms): Min: 0.4, Avg: 0.4, Max: 0.4, Diff: 0.0, Sum: 0.8]
      [Code Root Scanning (ms): Min: 0.1, Avg: 0.1, Max: 0.1, Diff: 0.0, Sum: 0.3]
      [Object Copy (ms): Min: 18.1, Avg: 18.1, Max: 18.1, Diff: 0.0, Sum: 36.2]
      [Termination (ms): Min: 0.0, Avg: 0.0, Max: 0.0, Diff: 0.0, Sum: 0.0]
      [GC Worker Other (ms): Min: 0.0, Avg: 0.0, Max: 0.0, Diff: 0.0, Sum: 0.1]
      [GC Worker Total (ms): Min: 19.3, Avg: 19.3, Max: 19.4, Diff: 0.0, Sum: 38.7]
      [GC Worker End (ms): Min: 44204.4, Avg: 44204.4, Max: 44204.4, Diff: 0.0]
   [Code Root Fixup: 0.0 ms]
   [Code Root Migration: 0.1 ms]
   [Clear CT: 0.2 ms]
   [Other: 1.0 ms]
      [Choose CSet: 0.1 ms]
      [Ref Proc: 0.2 ms]
      [Ref Enq: 0.0 ms]
      [Free CSet: 0.5 ms]
   [Eden: 134.0M(134.0M)->0.0B(131.0M) Survivors: 16.0M->18.0M Heap: 212.0M(256.0M)->79.9M(256.0M)]
 [Times: user=0.03 sys=0.00, real=0.02 secs] 
2014-07-10T11:36:53.495+0200: 44.276: [GC pause (G1 Evacuation Pause) (young) 44.276: [G1Ergonomics (CSet Construction) start choosing CSet, _pending_cards: 258, predicted base time: 1.30 ms, remaining time: 198.70 ms, target pause time: 200.00 ms]
 44.276: [G1Ergonomics (CSet Construction) add young regions to CSet, eden: 131 regions, survivors: 18 regions, predicted young region time: 114.28 ms]
 44.276: [G1Ergonomics (CSet Construction) finish choosing CSet, eden: 131 regions, survivors: 18 regions, old: 0 regions, predicted pause time: 115.58 ms, target pause time: 200.00 ms]
, 0.0034203 secs]
   [Parallel Time: 2.8 ms, GC Workers: 2]
      [GC Worker Start (ms): Min: 44275.6, Avg: 44275.6, Max: 44275.6, Diff: 0.0]
      [Ext Root Scanning (ms): Min: 0.3, Avg: 0.3, Max: 0.3, Diff: 0.0, Sum: 0.6]
      [Update RS (ms): Min: 0.1, Avg: 0.1, Max: 0.1, Diff: 0.0, Sum: 0.1]
         [Processed Buffers: Min: 1, Avg: 1.5, Max: 2, Diff: 1, Sum: 3]
      [Scan RS (ms): Min: 0.2, Avg: 0.2, Max: 0.2, Diff: 0.0, Sum: 0.5]
      [Code Root Scanning (ms): Min: 0.1, Avg: 0.1, Max: 0.1, Diff: 0.0, Sum: 0.2]
      [Object Copy (ms): Min: 2.0, Avg: 2.0, Max: 2.0, Diff: 0.0, Sum: 3.9]
      [Termination (ms): Min: 0.0, Avg: 0.0, Max: 0.0, Diff: 0.0, Sum: 0.0]
      [GC Worker Other (ms): Min: 0.0, Avg: 0.0, Max: 0.0, Diff: 0.0, Sum: 0.1]
      [GC Worker Total (ms): Min: 2.7, Avg: 2.7, Max: 2.7, Diff: 0.0, Sum: 5.4]
      [GC Worker End (ms): Min: 44278.3, Avg: 44278.3, Max: 44278.3, Diff: 0.0]
   [Code Root Fixup: 0.0 ms]
   [Code Root Migration: 0.0 ms]
   [Clear CT: 0.2 ms]
   [Other: 0.4 ms]
      [Choose CSet: 0.0 ms]
      [Ref Proc: 0.1 ms]
      [Ref Enq: 0.0 ms]
      [Free CSet: 0.2 ms]
   [Eden: 131.0M(131.0M)->0.0B(148.0M) Survivors: 18.0M->4096.0K Heap: 210.9M(256.0M)->65.7M(256.0M)]
 [Times: user=0.00 sys=0.00, real=0.00 secs] 
2014-07-10T11:36:53.629+0200: 44.410: [GC pause (G1 Evacuation Pause) (young) 44.410: [G1Ergonomics (CSet Construction) start choosing CSet, _pending_cards: 512, predicted base time: 1.26 ms, remaining time: 198.74 ms, target pause time: 200.00 ms]
 44.410: [G1Ergonomics (CSet Construction) add young regions to CSet, eden: 148 regions, survivors: 4 regions, predicted young region time: 117.59 ms]
 44.410: [G1Ergonomics (CSet Construction) finish choosing CSet, eden: 148 regions, survivors: 4 regions, old: 0 regions, predicted pause time: 118.85 ms, target pause time: 200.00 ms]
, 0.0139288 secs]
   [Parallel Time: 12.9 ms, GC Workers: 2]
      [GC Worker Start (ms): Min: 44410.1, Avg: 44410.1, Max: 44410.1, Diff: 0.0]
      [Ext Root Scanning (ms): Min: 0.3, Avg: 0.3, Max: 0.3, Diff: 0.0, Sum: 0.7]
      [Update RS (ms): Min: 0.0, Avg: 0.0, Max: 0.1, Diff: 0.0, Sum: 0.1]
         [Processed Buffers: Min: 1, Avg: 1.5, Max: 2, Diff: 1, Sum: 3]
      [Scan RS (ms): Min: 0.2, Avg: 0.2, Max: 0.2, Diff: 0.0, Sum: 0.5]
      [Code Root Scanning (ms): Min: 0.1, Avg: 0.1, Max: 0.1, Diff: 0.0, Sum: 0.2]
      [Object Copy (ms): Min: 12.1, Avg: 12.1, Max: 12.1, Diff: 0.0, Sum: 24.3]
      [Termination (ms): Min: 0.0, Avg: 0.0, Max: 0.0, Diff: 0.0, Sum: 0.0]
      [GC Worker Other (ms): Min: 0.0, Avg: 0.0, Max: 0.0, Diff: 0.0, Sum: 0.1]
      [GC Worker Total (ms): Min: 12.9, Avg: 12.9, Max: 12.9, Diff: 0.0, Sum: 25.8]
      [GC Worker End (ms): Min: 44423.0, Avg: 44423.0, Max: 44423.0, Diff: 0.0]
   [Code Root Fixup: 0.0 ms]
   [Code Root Migration: 0.0 ms]
   [Clear CT: 0.5 ms]
   [Other: 0.4 ms]
      [Choose CSet: 0.0 ms]
      [Ref Proc: 0.1 ms]
      [Ref Enq: 0.0 ms]
      [Free CSet: 0.2 ms]
   [Eden: 148.0M(148.0M)->0.0B(129.0M) Survivors: 4096.0K->19.0M Heap: 213.7M(256.0M)->81.6M(256.0M)]
 [Times: user=0.03 sys=0.00, real=0.01 secs] 
2014-07-10T11:36:53.800+0200: 44.581: [GC pause (G1 Evacuation Pause) (young) 44.581: [G1Ergonomics (CSet Construction) start choosing CSet, _pending_cards: 512, predicted base time: 1.28 ms, remaining time: 198.72 ms, target pause time: 200.00 ms]
 44.581: [G1Ergonomics (CSet Construction) add young regions to CSet, eden: 129 regions, survivors: 19 regions, predicted young region time: 74.86 ms]
 44.581: [G1Ergonomics (CSet Construction) finish choosing CSet, eden: 129 regions, survivors: 19 regions, old: 0 regions, predicted pause time: 76.14 ms, target pause time: 200.00 ms]
, 0.0124367 secs]
   [Parallel Time: 11.5 ms, GC Workers: 2]
      [GC Worker Start (ms): Min: 44581.0, Avg: 44581.0, Max: 44581.0, Diff: 0.0]
      [Ext Root Scanning (ms): Min: 0.3, Avg: 0.3, Max: 0.4, Diff: 0.0, Sum: 0.7]
      [Update RS (ms): Min: 0.0, Avg: 0.1, Max: 0.1, Diff: 0.0, Sum: 0.1]
         [Processed Buffers: Min: 1, Avg: 1.5, Max: 2, Diff: 1, Sum: 3]
      [Scan RS (ms): Min: 0.3, Avg: 0.3, Max: 0.3, Diff: 0.0, Sum: 0.5]
      [Code Root Scanning (ms): Min: 0.1, Avg: 0.1, Max: 0.1, Diff: 0.0, Sum: 0.2]
      [Object Copy (ms): Min: 10.7, Avg: 10.7, Max: 10.7, Diff: 0.0, Sum: 21.4]
      [Termination (ms): Min: 0.0, Avg: 0.0, Max: 0.0, Diff: 0.0, Sum: 0.0]
      [GC Worker Other (ms): Min: 0.0, Avg: 0.0, Max: 0.0, Diff: 0.0, Sum: 0.1]
      [GC Worker Total (ms): Min: 11.5, Avg: 11.5, Max: 11.5, Diff: 0.0, Sum: 23.0]
      [GC Worker End (ms): Min: 44592.5, Avg: 44592.5, Max: 44592.5, Diff: 0.0]
   [Code Root Fixup: 0.0 ms]
   [Code Root Migration: 0.1 ms]
   [Clear CT: 0.1 ms]
   [Other: 0.7 ms]
      [Choose CSet: 0.0 ms]
      [Ref Proc: 0.2 ms]
      [Ref Enq: 0.0 ms]
      [Free CSet: 0.3 ms]
   [Eden: 129.0M(129.0M)->0.0B(132.0M) Survivors: 19.0M->17.0M Heap: 210.6M(256.0M)->79.0M(256.0M)]
 [Times: user=0.03 sys=0.00, real=0.01 secs] 
2014-07-10T11:36:53.897+0200: 44.677: [GC pause (G1 Evacuation Pause) (young) 44.677: [G1Ergonomics (CSet Construction) start choosing CSet, _pending_cards: 512, predicted base time: 1.24 ms, remaining time: 198.76 ms, target pause time: 200.00 ms]
 44.677: [G1Ergonomics (CSet Construction) add young regions to CSet, eden: 132 regions, survivors: 17 regions, predicted young region time: 96.52 ms]
 44.677: [G1Ergonomics (CSet Construction) finish choosing CSet, eden: 132 regions, survivors: 17 regions, old: 0 regions, predicted pause time: 97.76 ms, target pause time: 200.00 ms]
, 0.0069490 secs]
   [Parallel Time: 6.1 ms, GC Workers: 2]
      [GC Worker Start (ms): Min: 44677.5, Avg: 44677.5, Max: 44677.5, Diff: 0.0]
      [Ext Root Scanning (ms): Min: 0.3, Avg: 0.3, Max: 0.3, Diff: 0.0, Sum: 0.7]
      [Update RS (ms): Min: 0.1, Avg: 0.1, Max: 0.1, Diff: 0.0, Sum: 0.1]
         [Processed Buffers: Min: 1, Avg: 1.5, Max: 2, Diff: 1, Sum: 3]
      [Scan RS (ms): Min: 0.2, Avg: 0.2, Max: 0.2, Diff: 0.0, Sum: 0.5]
      [Code Root Scanning (ms): Min: 0.1, Avg: 0.1, Max: 0.1, Diff: 0.0, Sum: 0.2]
      [Object Copy (ms): Min: 5.3, Avg: 5.3, Max: 5.3, Diff: 0.0, Sum: 10.6]
      [Termination (ms): Min: 0.0, Avg: 0.0, Max: 0.0, Diff: 0.0, Sum: 0.0]
      [GC Worker Other (ms): Min: 0.0, Avg: 0.0, Max: 0.0, Diff: 0.0, Sum: 0.1]
      [GC Worker Total (ms): Min: 6.1, Avg: 6.1, Max: 6.1, Diff: 0.0, Sum: 12.2]
      [GC Worker End (ms): Min: 44683.6, Avg: 44683.6, Max: 44683.6, Diff: 0.0]
   [Code Root Fixup: 0.0 ms]
   [Code Root Migration: 0.0 ms]
   [Clear CT: 0.2 ms]
   [Other: 0.6 ms]
      [Choose CSet: 0.0 ms]
      [Ref Proc: 0.2 ms]
      [Ref Enq: 0.0 ms]
      [Free CSet: 0.2 ms]
   [Eden: 132.0M(132.0M)->0.0B(142.0M) Survivors: 17.0M->9216.0K Heap: 211.0M(256.0M)->70.8M(256.0M)]
 [Times: user=0.03 sys=0.00, real=0.01 secs] 
2014-07-10T11:36:54.039+0200: 44.820: [GC pause (G1 Evacuation Pause) (young) 44.820: [G1Ergonomics (CSet Construction) start choosing CSet, _pending_cards: 512, predicted base time: 1.21 ms, remaining time: 198.79 ms, target pause time: 200.00 ms]
 44.820: [G1Ergonomics (CSet Construction) add young regions to CSet, eden: 142 regions, survivors: 9 regions, predicted young region time: 70.74 ms]
 44.820: [G1Ergonomics (CSet Construction) finish choosing CSet, eden: 142 regions, survivors: 9 regions, old: 0 regions, predicted pause time: 71.95 ms, target pause time: 200.00 ms]
, 0.0132927 secs]
   [Parallel Time: 12.2 ms, GC Workers: 2]
      [GC Worker Start (ms): Min: 44819.8, Avg: 44819.8, Max: 44819.8, Diff: 0.0]
      [Ext Root Scanning (ms): Min: 0.4, Avg: 0.4, Max: 0.5, Diff: 0.1, Sum: 0.9]
      [Update RS (ms): Min: 0.0, Avg: 0.0, Max: 0.0, Diff: 0.0, Sum: 0.1]
         [Processed Buffers: Min: 1, Avg: 1.5, Max: 2, Diff: 1, Sum: 3]
      [Scan RS (ms): Min: 0.2, Avg: 0.2, Max: 0.2, Diff: 0.0, Sum: 0.5]
      [Code Root Scanning (ms): Min: 0.1, Avg: 0.1, Max: 0.1, Diff: 0.0, Sum: 0.2]
      [Object Copy (ms): Min: 11.3, Avg: 11.3, Max: 11.3, Diff: 0.0, Sum: 22.5]
      [Termination (ms): Min: 0.0, Avg: 0.0, Max: 0.0, Diff: 0.0, Sum: 0.0]
      [GC Worker Other (ms): Min: 0.0, Avg: 0.0, Max: 0.0, Diff: 0.0, Sum: 0.1]
      [GC Worker Total (ms): Min: 12.1, Avg: 12.1, Max: 12.1, Diff: 0.0, Sum: 24.2]
      [GC Worker End (ms): Min: 44832.0, Avg: 44832.0, Max: 44832.0, Diff: 0.0]
   [Code Root Fixup: 0.0 ms]
   [Code Root Migration: 0.0 ms]
   [Clear CT: 0.1 ms]
   [Other: 1.0 ms]
      [Choose CSet: 0.0 ms]
      [Ref Proc: 0.6 ms]
      [Ref Enq: 0.0 ms]
      [Free CSet: 0.2 ms]
   [Eden: 142.0M(142.0M)->0.0B(129.0M) Survivors: 9216.0K->19.0M Heap: 212.8M(256.0M)->80.7M(256.0M)]
 [Times: user=0.03 sys=0.00, real=0.01 secs] 
2014-07-10T11:36:54.201+0200: 44.982: [GC pause (G1 Evacuation Pause) (young) 44.982: [G1Ergonomics (CSet Construction) start choosing CSet, _pending_cards: 512, predicted base time: 1.33 ms, remaining time: 198.67 ms, target pause time: 200.00 ms]
 44.982: [G1Ergonomics (CSet Construction) add young regions to CSet, eden: 129 regions, survivors: 19 regions, predicted young region time: 88.83 ms]
 44.982: [G1Ergonomics (CSet Construction) finish choosing CSet, eden: 129 regions, survivors: 19 regions, old: 0 regions, predicted pause time: 90.16 ms, target pause time: 200.00 ms]
, 0.0171189 secs]
   [Parallel Time: 16.2 ms, GC Workers: 2]
      [GC Worker Start (ms): Min: 44982.1, Avg: 44982.1, Max: 44982.1, Diff: 0.0]
      [Ext Root Scanning (ms): Min: 0.6, Avg: 0.6, Max: 0.6, Diff: 0.0, Sum: 1.2]
      [Update RS (ms): Min: 0.1, Avg: 0.1, Max: 0.1, Diff: 0.0, Sum: 0.2]
         [Processed Buffers: Min: 1, Avg: 1.5, Max: 2, Diff: 1, Sum: 3]
      [Scan RS (ms): Min: 0.4, Avg: 0.4, Max: 0.4, Diff: 0.0, Sum: 0.8]
      [Code Root Scanning (ms): Min: 0.1, Avg: 0.1, Max: 0.1, Diff: 0.0, Sum: 0.3]
      [Object Copy (ms): Min: 14.8, Avg: 14.8, Max: 14.8, Diff: 0.0, Sum: 29.6]
      [Termination (ms): Min: 0.0, Avg: 0.0, Max: 0.0, Diff: 0.0, Sum: 0.0]
      [GC Worker Other (ms): Min: 0.0, Avg: 0.0, Max: 0.0, Diff: 0.0, Sum: 0.1]
      [GC Worker Total (ms): Min: 16.1, Avg: 16.1, Max: 16.1, Diff: 0.0, Sum: 32.2]
      [GC Worker End (ms): Min: 44998.2, Avg: 44998.2, Max: 44998.2, Diff: 0.0]
   [Code Root Fixup: 0.0 ms]
   [Code Root Migration: 0.1 ms]
   [Clear CT: 0.2 ms]
   [Other: 0.7 ms]
      [Choose CSet: 0.1 ms]
      [Ref Proc: 0.1 ms]
      [Ref Enq: 0.0 ms]
      [Free CSet: 0.3 ms]
   [Eden: 129.0M(129.0M)->0.0B(135.0M) Survivors: 19.0M->15.0M Heap: 209.7M(256.0M)->77.6M(256.0M)]
 [Times: user=0.03 sys=0.00, real=0.02 secs] 
2014-07-10T11:36:54.297+0200: 45.078: [GC pause (G1 Evacuation Pause) (young) 45.078: [G1Ergonomics (CSet Construction) start choosing CSet, _pending_cards: 512, predicted base time: 1.41 ms, remaining time: 198.59 ms, target pause time: 200.00 ms]
 45.078: [G1Ergonomics (CSet Construction) add young regions to CSet, eden: 135 regions, survivors: 15 regions, predicted young region time: 27.83 ms]
 45.078: [G1Ergonomics (CSet Construction) finish choosing CSet, eden: 135 regions, survivors: 15 regions, old: 0 regions, predicted pause time: 29.24 ms, target pause time: 200.00 ms]
, 0.0124583 secs]
   [Parallel Time: 11.8 ms, GC Workers: 2]
      [GC Worker Start (ms): Min: 45078.2, Avg: 45078.2, Max: 45078.2, Diff: 0.0]
      [Ext Root Scanning (ms): Min: 0.3, Avg: 0.3, Max: 0.3, Diff: 0.0, Sum: 0.6]
      [Update RS (ms): Min: 0.0, Avg: 0.0, Max: 0.0, Diff: 0.0, Sum: 0.1]
         [Processed Buffers: Min: 1, Avg: 1.5, Max: 2, Diff: 1, Sum: 3]
      [Scan RS (ms): Min: 0.2, Avg: 0.2, Max: 0.2, Diff: 0.0, Sum: 0.4]
      [Code Root Scanning (ms): Min: 0.1, Avg: 0.1, Max: 0.1, Diff: 0.0, Sum: 0.2]
      [Object Copy (ms): Min: 11.1, Avg: 11.1, Max: 11.1, Diff: 0.0, Sum: 22.2]
      [Termination (ms): Min: 0.0, Avg: 0.0, Max: 0.0, Diff: 0.0, Sum: 0.0]
      [GC Worker Other (ms): Min: 0.0, Avg: 0.0, Max: 0.0, Diff: 0.0, Sum: 0.1]
      [GC Worker Total (ms): Min: 11.7, Avg: 11.7, Max: 11.8, Diff: 0.0, Sum: 23.5]
      [GC Worker End (ms): Min: 45089.9, Avg: 45089.9, Max: 45089.9, Diff: 0.0]
   [Code Root Fixup: 0.0 ms]
   [Code Root Migration: 0.0 ms]
   [Clear CT: 0.1 ms]
   [Other: 0.5 ms]
      [Choose CSet: 0.0 ms]
      [Ref Proc: 0.1 ms]
      [Ref Enq: 0.0 ms]
      [Free CSet: 0.2 ms]
   [Eden: 135.0M(135.0M)->0.0B(131.0M) Survivors: 15.0M->18.0M Heap: 212.6M(256.0M)->80.5M(256.0M)]
 [Times: user=0.03 sys=0.00, real=0.01 secs] 
2014-07-10T11:36:54.456+0200: 45.237: [GC pause (G1 Evacuation Pause) (young) 45.237: [G1Ergonomics (CSet Construction) start choosing CSet, _pending_cards: 256, predicted base time: 1.26 ms, remaining time: 198.74 ms, target pause time: 200.00 ms]
 45.237: [G1Ergonomics (CSet Construction) add young regions to CSet, eden: 131 regions, survivors: 18 regions, predicted young region time: 100.59 ms]
 45.237: [G1Ergonomics (CSet Construction) finish choosing CSet, eden: 131 regions, survivors: 18 regions, old: 0 regions, predicted pause time: 101.85 ms, target pause time: 200.00 ms]
, 0.0117386 secs]
   [Parallel Time: 11.0 ms, GC Workers: 2]
      [GC Worker Start (ms): Min: 45237.2, Avg: 45237.2, Max: 45237.2, Diff: 0.0]
      [Ext Root Scanning (ms): Min: 0.3, Avg: 0.3, Max: 0.3, Diff: 0.0, Sum: 0.5]
      [Update RS (ms): Min: 0.0, Avg: 0.0, Max: 0.0, Diff: 0.0, Sum: 0.0]
         [Processed Buffers: Min: 1, Avg: 1.0, Max: 1, Diff: 0, Sum: 2]
      [Scan RS (ms): Min: 0.2, Avg: 0.2, Max: 0.3, Diff: 0.0, Sum: 0.5]
      [Code Root Scanning (ms): Min: 0.1, Avg: 0.1, Max: 0.1, Diff: 0.0, Sum: 0.2]
      [Object Copy (ms): Min: 10.3, Avg: 10.3, Max: 10.4, Diff: 0.0, Sum: 20.7]
      [Termination (ms): Min: 0.0, Avg: 0.0, Max: 0.0, Diff: 0.0, Sum: 0.0]
      [GC Worker Other (ms): Min: 0.0, Avg: 0.0, Max: 0.0, Diff: 0.0, Sum: 0.0]
      [GC Worker Total (ms): Min: 11.0, Avg: 11.0, Max: 11.0, Diff: 0.0, Sum: 22.0]
      [GC Worker End (ms): Min: 45248.2, Avg: 45248.2, Max: 45248.2, Diff: 0.0]
   [Code Root Fixup: 0.0 ms]
   [Code Root Migration: 0.0 ms]
   [Clear CT: 0.2 ms]
   [Other: 0.5 ms]
      [Choose CSet: 0.0 ms]
      [Ref Proc: 0.1 ms]
      [Ref Enq: 0.0 ms]
      [Free CSet: 0.2 ms]
   [Eden: 131.0M(131.0M)->0.0B(132.0M) Survivors: 18.0M->17.0M Heap: 211.5M(256.0M)->79.4M(256.0M)]
 [Times: user=0.03 sys=0.00, real=0.01 secs] 
2014-07-10T11:36:54.590+0200: 45.371: [GC pause (G1 Evacuation Pause) (young) 45.371: [G1Ergonomics (CSet Construction) start choosing CSet, _pending_cards: 259, predicted base time: 1.17 ms, remaining time: 198.83 ms, target pause time: 200.00 ms]
 45.371: [G1Ergonomics (CSet Construction) add young regions to CSet, eden: 132 regions, survivors: 17 regions, predicted young region time: 13.18 ms]
 45.371: [G1Ergonomics (CSet Construction) finish choosing CSet, eden: 132 regions, survivors: 17 regions, old: 0 regions, predicted pause time: 14.35 ms, target pause time: 200.00 ms]
, 0.0022382 secs]
   [Parallel Time: 1.3 ms, GC Workers: 2]
      [GC Worker Start (ms): Min: 45370.8, Avg: 45370.8, Max: 45370.8, Diff: 0.0]
      [Ext Root Scanning (ms): Min: 0.5, Avg: 0.5, Max: 0.5, Diff: 0.0, Sum: 0.9]
      [Update RS (ms): Min: 0.1, Avg: 0.1, Max: 0.1, Diff: 0.0, Sum: 0.2]
         [Processed Buffers: Min: 1, Avg: 1.5, Max: 2, Diff: 1, Sum: 3]
      [Scan RS (ms): Min: 0.3, Avg: 0.3, Max: 0.3, Diff: 0.0, Sum: 0.6]
      [Code Root Scanning (ms): Min: 0.1, Avg: 0.2, Max: 0.2, Diff: 0.0, Sum: 0.3]
      [Object Copy (ms): Min: 0.2, Avg: 0.2, Max: 0.2, Diff: 0.0, Sum: 0.5]
      [Termination (ms): Min: 0.0, Avg: 0.0, Max: 0.0, Diff: 0.0, Sum: 0.0]
      [GC Worker Other (ms): Min: 0.0, Avg: 0.0, Max: 0.0, Diff: 0.0, Sum: 0.1]
      [GC Worker Total (ms): Min: 1.3, Avg: 1.3, Max: 1.3, Diff: 0.0, Sum: 2.6]
      [GC Worker End (ms): Min: 45372.1, Avg: 45372.1, Max: 45372.1, Diff: 0.0]
   [Code Root Fixup: 0.0 ms]
   [Code Root Migration: 0.0 ms]
   [Clear CT: 0.2 ms]
   [Other: 0.7 ms]
      [Choose CSet: 0.1 ms]
      [Ref Proc: 0.1 ms]
      [Ref Enq: 0.0 ms]
      [Free CSet: 0.4 ms]
   [Eden: 132.0M(132.0M)->0.0B(151.0M) Survivors: 17.0M->1024.0K Heap: 211.4M(256.0M)->63.1M(256.0M)]
 [Times: user=0.00 sys=0.00, real=0.00 secs] 
2014-07-10T11:36:54.697+0200: 45.478: [GC pause (G1 Evacuation Pause) (young) 45.478: [G1Ergonomics (CSet Construction) start choosing CSet, _pending_cards: 512, predicted base time: 1.25 ms, remaining time: 198.75 ms, target pause time: 200.00 ms]
 45.478: [G1Ergonomics (CSet Construction) add young regions to CSet, eden: 151 regions, survivors: 1 regions, predicted young region time: 98.79 ms]
 45.478: [G1Ergonomics (CSet Construction) finish choosing CSet, eden: 151 regions, survivors: 1 regions, old: 0 regions, predicted pause time: 100.04 ms, target pause time: 200.00 ms]
, 0.0140143 secs]
   [Parallel Time: 13.0 ms, GC Workers: 2]
      [GC Worker Start (ms): Min: 45478.3, Avg: 45478.3, Max: 45478.3, Diff: 0.0]
      [Ext Root Scanning (ms): Min: 0.3, Avg: 0.3, Max: 0.3, Diff: 0.0, Sum: 0.6]
      [Update RS (ms): Min: 0.0, Avg: 0.1, Max: 0.1, Diff: 0.0, Sum: 0.1]
         [Processed Buffers: Min: 1, Avg: 1.5, Max: 2, Diff: 1, Sum: 3]
      [Scan RS (ms): Min: 0.2, Avg: 0.2, Max: 0.2, Diff: 0.0, Sum: 0.5]
      [Code Root Scanning (ms): Min: 0.1, Avg: 0.1, Max: 0.1, Diff: 0.0, Sum: 0.2]
      [Object Copy (ms): Min: 12.3, Avg: 12.3, Max: 12.3, Diff: 0.0, Sum: 24.5]
      [Termination (ms): Min: 0.0, Avg: 0.0, Max: 0.0, Diff: 0.0, Sum: 0.0]
      [GC Worker Other (ms): Min: 0.0, Avg: 0.0, Max: 0.0, Diff: 0.0, Sum: 0.1]
      [GC Worker Total (ms): Min: 13.0, Avg: 13.0, Max: 13.0, Diff: 0.0, Sum: 26.0]
      [GC Worker End (ms): Min: 45491.3, Avg: 45491.3, Max: 45491.3, Diff: 0.0]
   [Code Root Fixup: 0.0 ms]
   [Code Root Migration: 0.0 ms]
   [Clear CT: 0.3 ms]
   [Other: 0.6 ms]
      [Choose CSet: 0.0 ms]
      [Ref Proc: 0.1 ms]
      [Ref Enq: 0.0 ms]
      [Free CSet: 0.3 ms]
   [Eden: 151.0M(151.0M)->0.0B(129.0M) Survivors: 1024.0K->19.0M Heap: 214.1M(256.0M)->82.0M(256.0M)]
 [Times: user=0.03 sys=0.00, real=0.01 secs] 
2014-07-10T11:36:54.842+0200: 45.623: [GC pause (G1 Evacuation Pause) (young) 45.623: [G1Ergonomics (CSet Construction) start choosing CSet, _pending_cards: 512, predicted base time: 1.22 ms, remaining time: 198.78 ms, target pause time: 200.00 ms]
 45.623: [G1Ergonomics (CSet Construction) add young regions to CSet, eden: 129 regions, survivors: 19 regions, predicted young region time: 86.75 ms]
 45.623: [G1Ergonomics (CSet Construction) finish choosing CSet, eden: 129 regions, survivors: 19 regions, old: 0 regions, predicted pause time: 87.97 ms, target pause time: 200.00 ms]
, 0.0115329 secs]
   [Parallel Time: 10.8 ms, GC Workers: 2]
      [GC Worker Start (ms): Min: 45623.3, Avg: 45623.3, Max: 45623.3, Diff: 0.0]
      [Ext Root Scanning (ms): Min: 0.3, Avg: 0.3, Max: 0.3, Diff: 0.0, Sum: 0.6]
      [Update RS (ms): Min: 0.0, Avg: 0.1, Max: 0.1, Diff: 0.0, Sum: 0.1]
         [Processed Buffers: Min: 1, Avg: 1.5, Max: 2, Diff: 1, Sum: 3]
      [Scan RS (ms): Min: 0.2, Avg: 0.3, Max: 0.3, Diff: 0.0, Sum: 0.5]
      [Code Root Scanning (ms): Min: 0.1, Avg: 0.1, Max: 0.1, Diff: 0.0, Sum: 0.2]
      [Object Copy (ms): Min: 10.0, Avg: 10.0, Max: 10.0, Diff: 0.0, Sum: 20.0]
      [Termination (ms): Min: 0.0, Avg: 0.0, Max: 0.0, Diff: 0.0, Sum: 0.0]
      [GC Worker Other (ms): Min: 0.0, Avg: 0.0, Max: 0.0, Diff: 0.0, Sum: 0.1]
      [GC Worker Total (ms): Min: 10.8, Avg: 10.8, Max: 10.8, Diff: 0.0, Sum: 21.6]
      [GC Worker End (ms): Min: 45634.1, Avg: 45634.1, Max: 45634.1, Diff: 0.0]
   [Code Root Fixup: 0.0 ms]
   [Code Root Migration: 0.0 ms]
   [Clear CT: 0.1 ms]
   [Other: 0.5 ms]
      [Choose CSet: 0.0 ms]
      [Ref Proc: 0.1 ms]
      [Ref Enq: 0.0 ms]
      [Free CSet: 0.3 ms]
   [Eden: 129.0M(129.0M)->0.0B(132.0M) Survivors: 19.0M->17.0M Heap: 211.0M(256.0M)->79.1M(256.0M)]
 [Times: user=0.03 sys=0.00, real=0.01 secs] 
2014-07-10T11:36:54.995+0200: 45.776: [GC pause (G1 Evacuation Pause) (young) 45.776: [G1Ergonomics (CSet Construction) start choosing CSet, _pending_cards: 512, predicted base time: 1.15 ms, remaining time: 198.85 ms, target pause time: 200.00 ms]
 45.776: [G1Ergonomics (CSet Construction) add young regions to CSet, eden: 132 regions, survivors: 17 regions, predicted young region time: 66.80 ms]
 45.776: [G1Ergonomics (CSet Construction) finish choosing CSet, eden: 132 regions, survivors: 17 regions, old: 0 regions, predicted pause time: 67.95 ms, target pause time: 200.00 ms]
, 0.0076896 secs]
   [Parallel Time: 6.8 ms, GC Workers: 2]
      [GC Worker Start (ms): Min: 45775.9, Avg: 45776.0, Max: 45776.0, Diff: 0.0]
      [Ext Root Scanning (ms): Min: 0.6, Avg: 0.6, Max: 0.6, Diff: 0.0, Sum: 1.3]
      [Update RS (ms): Min: 0.1, Avg: 0.1, Max: 0.1, Diff: 0.1, Sum: 0.2]
         [Processed Buffers: Min: 1, Avg: 1.5, Max: 2, Diff: 1, Sum: 3]
      [Scan RS (ms): Min: 0.4, Avg: 0.5, Max: 0.5, Diff: 0.1, Sum: 0.9]
      [Code Root Scanning (ms): Min: 0.1, Avg: 0.1, Max: 0.2, Diff: 0.0, Sum: 0.3]
      [Object Copy (ms): Min: 5.3, Avg: 5.3, Max: 5.3, Diff: 0.0, Sum: 10.6]
      [Termination (ms): Min: 0.0, Avg: 0.0, Max: 0.0, Diff: 0.0, Sum: 0.0]
      [GC Worker Other (ms): Min: 0.0, Avg: 0.0, Max: 0.0, Diff: 0.0, Sum: 0.1]
      [GC Worker Total (ms): Min: 6.7, Avg: 6.7, Max: 6.7, Diff: 0.0, Sum: 13.4]
      [GC Worker End (ms): Min: 45782.7, Avg: 45782.7, Max: 45782.7, Diff: 0.0]
   [Code Root Fixup: 0.0 ms]
   [Code Root Migration: 0.1 ms]
   [Clear CT: 0.1 ms]
   [Other: 0.7 ms]
      [Choose CSet: 0.1 ms]
      [Ref Proc: 0.1 ms]
      [Ref Enq: 0.0 ms]
      [Free CSet: 0.4 ms]
   [Eden: 132.0M(132.0M)->0.0B(142.0M) Survivors: 17.0M->8192.0K Heap: 211.1M(256.0M)->70.9M(256.0M)]
 [Times: user=0.00 sys=0.00, real=0.01 secs] 
2014-07-10T11:36:55.098+0200: 45.879: [GC pause (G1 Evacuation Pause) (young) 45.879: [G1Ergonomics (CSet Construction) start choosing CSet, _pending_cards: 512, predicted base time: 1.25 ms, remaining time: 198.75 ms, target pause time: 200.00 ms]
 45.879: [G1Ergonomics (CSet Construction) add young regions to CSet, eden: 142 regions, survivors: 8 regions, predicted young region time: 96.85 ms]
 45.879: [G1Ergonomics (CSet Construction) finish choosing CSet, eden: 142 regions, survivors: 8 regions, old: 0 regions, predicted pause time: 98.11 ms, target pause time: 200.00 ms]
, 0.0123018 secs]
   [Parallel Time: 11.7 ms, GC Workers: 2]
      [GC Worker Start (ms): Min: 45878.6, Avg: 45878.6, Max: 45878.6, Diff: 0.0]
      [Ext Root Scanning (ms): Min: 0.3, Avg: 0.3, Max: 0.3, Diff: 0.0, Sum: 0.7]
      [Update RS (ms): Min: 0.0, Avg: 0.0, Max: 0.0, Diff: 0.0, Sum: 0.1]
         [Processed Buffers: Min: 1, Avg: 1.5, Max: 2, Diff: 1, Sum: 3]
      [Scan RS (ms): Min: 0.2, Avg: 0.2, Max: 0.2, Diff: 0.0, Sum: 0.5]
      [Code Root Scanning (ms): Min: 0.1, Avg: 0.1, Max: 0.1, Diff: 0.0, Sum: 0.2]
      [Object Copy (ms): Min: 10.9, Avg: 10.9, Max: 10.9, Diff: 0.0, Sum: 21.8]
      [Termination (ms): Min: 0.0, Avg: 0.0, Max: 0.0, Diff: 0.0, Sum: 0.1]
      [GC Worker Other (ms): Min: 0.0, Avg: 0.0, Max: 0.0, Diff: 0.0, Sum: 0.1]
      [GC Worker Total (ms): Min: 11.7, Avg: 11.7, Max: 11.7, Diff: 0.0, Sum: 23.4]
      [GC Worker End (ms): Min: 45890.3, Avg: 45890.3, Max: 45890.3, Diff: 0.0]
   [Code Root Fixup: 0.0 ms]
   [Code Root Migration: 0.0 ms]
   [Clear CT: 0.1 ms]
   [Other: 0.4 ms]
      [Choose CSet: 0.0 ms]
      [Ref Proc: 0.1 ms]
      [Ref Enq: 0.0 ms]
      [Free CSet: 0.2 ms]
   [Eden: 142.0M(142.0M)->0.0B(130.0M) Survivors: 8192.0K->18.0M Heap: 212.9M(256.0M)->80.8M(256.0M)]
 [Times: user=0.03 sys=0.00, real=0.01 secs] 
2014-07-10T11:36:55.228+0200: 46.008: [GC pause (G1 Evacuation Pause) (young) 46.008: [G1Ergonomics (CSet Construction) start choosing CSet, _pending_cards: 512, predicted base time: 1.17 ms, remaining time: 198.83 ms, target pause time: 200.00 ms]
 46.008: [G1Ergonomics (CSet Construction) add young regions to CSet, eden: 130 regions, survivors: 18 regions, predicted young region time: 65.45 ms]
 46.008: [G1Ergonomics (CSet Construction) finish choosing CSet, eden: 130 regions, survivors: 18 regions, old: 0 regions, predicted pause time: 66.62 ms, target pause time: 200.00 ms]
, 0.0112294 secs]
   [Parallel Time: 10.7 ms, GC Workers: 2]
      [GC Worker Start (ms): Min: 46008.3, Avg: 46008.3, Max: 46008.3, Diff: 0.0]
      [Ext Root Scanning (ms): Min: 0.3, Avg: 0.3, Max: 0.3, Diff: 0.0, Sum: 0.7]
      [Update RS (ms): Min: 0.0, Avg: 0.0, Max: 0.0, Diff: 0.0, Sum: 0.1]
         [Processed Buffers: Min: 1, Avg: 1.5, Max: 2, Diff: 1, Sum: 3]
      [Scan RS (ms): Min: 0.2, Avg: 0.2, Max: 0.2, Diff: 0.0, Sum: 0.5]
      [Code Root Scanning (ms): Min: 0.1, Avg: 0.1, Max: 0.1, Diff: 0.0, Sum: 0.2]
      [Object Copy (ms): Min: 9.9, Avg: 9.9, Max: 9.9, Diff: 0.0, Sum: 19.8]
      [Termination (ms): Min: 0.0, Avg: 0.0, Max: 0.0, Diff: 0.0, Sum: 0.0]
      [GC Worker Other (ms): Min: 0.0, Avg: 0.0, Max: 0.0, Diff: 0.0, Sum: 0.1]
      [GC Worker Total (ms): Min: 10.6, Avg: 10.6, Max: 10.6, Diff: 0.0, Sum: 21.3]
      [GC Worker End (ms): Min: 46019.0, Avg: 46019.0, Max: 46019.0, Diff: 0.0]
   [Code Root Fixup: 0.0 ms]
   [Code Root Migration: 0.1 ms]
   [Clear CT: 0.1 ms]
   [Other: 0.4 ms]
      [Choose CSet: 0.0 ms]
      [Ref Proc: 0.0 ms]
      [Ref Enq: 0.0 ms]
      [Free CSet: 0.2 ms]
   [Eden: 130.0M(130.0M)->0.0B(133.0M) Survivors: 18.0M->16.0M Heap: 210.8M(256.0M)->78.7M(256.0M)]
 [Times: user=0.00 sys=0.00, real=0.01 secs] 
2014-07-10T11:36:55.397+0200: 46.177: [GC pause (G1 Evacuation Pause) (young) 46.178: [G1Ergonomics (CSet Construction) start choosing CSet, _pending_cards: 512, predicted base time: 1.10 ms, remaining time: 198.90 ms, target pause time: 200.00 ms]
 46.178: [G1Ergonomics (CSet Construction) add young regions to CSet, eden: 133 regions, survivors: 16 regions, predicted young region time: 88.50 ms]
 46.178: [G1Ergonomics (CSet Construction) finish choosing CSet, eden: 133 regions, survivors: 16 regions, old: 0 regions, predicted pause time: 89.60 ms, target pause time: 200.00 ms]
, 0.0113856 secs]
   [Parallel Time: 10.7 ms, GC Workers: 2]
      [GC Worker Start (ms): Min: 46177.6, Avg: 46177.6, Max: 46177.6, Diff: 0.0]
      [Ext Root Scanning (ms): Min: 0.3, Avg: 0.3, Max: 0.3, Diff: 0.0, Sum: 0.6]
      [Update RS (ms): Min: 0.0, Avg: 0.0, Max: 0.1, Diff: 0.0, Sum: 0.1]
         [Processed Buffers: Min: 1, Avg: 1.5, Max: 2, Diff: 1, Sum: 3]
      [Scan RS (ms): Min: 0.2, Avg: 0.2, Max: 0.2, Diff: 0.0, Sum: 0.5]
      [Code Root Scanning (ms): Min: 0.1, Avg: 0.1, Max: 0.1, Diff: 0.0, Sum: 0.2]
      [Object Copy (ms): Min: 10.0, Avg: 10.0, Max: 10.0, Diff: 0.0, Sum: 20.0]
      [Termination (ms): Min: 0.0, Avg: 0.0, Max: 0.0, Diff: 0.0, Sum: 0.0]
      [GC Worker Other (ms): Min: 0.0, Avg: 0.0, Max: 0.0, Diff: 0.0, Sum: 0.1]
      [GC Worker Total (ms): Min: 10.7, Avg: 10.7, Max: 10.7, Diff: 0.0, Sum: 21.4]
      [GC Worker End (ms): Min: 46188.3, Avg: 46188.3, Max: 46188.3, Diff: 0.0]
   [Code Root Fixup: 0.0 ms]
   [Code Root Migration: 0.0 ms]
   [Clear CT: 0.2 ms]
   [Other: 0.4 ms]
      [Choose CSet: 0.0 ms]
      [Ref Proc: 0.1 ms]
      [Ref Enq: 0.0 ms]
      [Free CSet: 0.2 ms]
   [Eden: 133.0M(133.0M)->0.0B(132.0M) Survivors: 16.0M->17.0M Heap: 211.7M(256.0M)->79.6M(256.0M)]
 [Times: user=0.00 sys=0.00, real=0.01 secs] 
2014-07-10T11:36:55.490+0200: 46.271: [GC pause (G1 Evacuation Pause) (young) 46.271: [G1Ergonomics (CSet Construction) start choosing CSet, _pending_cards: 258, predicted base time: 1.02 ms, remaining time: 198.98 ms, target pause time: 200.00 ms]
 46.271: [G1Ergonomics (CSet Construction) add young regions to CSet, eden: 132 regions, survivors: 17 regions, predicted young region time: 13.19 ms]
 46.271: [G1Ergonomics (CSet Construction) finish choosing CSet, eden: 132 regions, survivors: 17 regions, old: 0 regions, predicted pause time: 14.21 ms, target pause time: 200.00 ms]
, 0.0025026 secs]
   [Parallel Time: 1.8 ms, GC Workers: 2]
      [GC Worker Start (ms): Min: 46271.2, Avg: 46271.2, Max: 46271.2, Diff: 0.0]
      [Ext Root Scanning (ms): Min: 0.2, Avg: 0.2, Max: 0.2, Diff: 0.0, Sum: 0.4]
      [Update RS (ms): Min: 0.0, Avg: 0.0, Max: 0.0, Diff: 0.0, Sum: 0.1]
         [Processed Buffers: Min: 1, Avg: 1.5, Max: 2, Diff: 1, Sum: 3]
      [Scan RS (ms): Min: 0.2, Avg: 0.2, Max: 0.2, Diff: 0.0, Sum: 0.3]
      [Code Root Scanning (ms): Min: 0.1, Avg: 0.1, Max: 0.1, Diff: 0.0, Sum: 0.2]
      [Object Copy (ms): Min: 1.3, Avg: 1.3, Max: 1.3, Diff: 0.0, Sum: 2.6]
      [Termination (ms): Min: 0.0, Avg: 0.0, Max: 0.0, Diff: 0.0, Sum: 0.0]
      [GC Worker Other (ms): Min: 0.0, Avg: 0.0, Max: 0.0, Diff: 0.0, Sum: 0.1]
      [GC Worker Total (ms): Min: 1.8, Avg: 1.8, Max: 1.8, Diff: 0.0, Sum: 3.6]
      [GC Worker End (ms): Min: 46273.0, Avg: 46273.0, Max: 46273.0, Diff: 0.0]
   [Code Root Fixup: 0.0 ms]
   [Code Root Migration: 0.0 ms]
   [Clear CT: 0.2 ms]
   [Other: 0.4 ms]
      [Choose CSet: 0.0 ms]
      [Ref Proc: 0.1 ms]
      [Ref Enq: 0.0 ms]
      [Free CSet: 0.2 ms]
   [Eden: 132.0M(132.0M)->0.0B(147.0M) Survivors: 17.0M->4096.0K Heap: 211.6M(256.0M)->66.4M(256.0M)]
 [Times: user=0.03 sys=0.00, real=0.00 secs] 
2014-07-10T11:36:55.633+0200: 46.413: [GC pause (G1 Evacuation Pause) (young) 46.414: [G1Ergonomics (CSet Construction) start choosing CSet, _pending_cards: 512, predicted base time: 1.00 ms, remaining time: 199.00 ms, target pause time: 200.00 ms]
 46.414: [G1Ergonomics (CSet Construction) add young regions to CSet, eden: 147 regions, survivors: 4 regions, predicted young region time: 89.12 ms]
 46.414: [G1Ergonomics (CSet Construction) finish choosing CSet, eden: 147 regions, survivors: 4 regions, old: 0 regions, predicted pause time: 90.13 ms, target pause time: 200.00 ms]
, 0.0126420 secs]
   [Parallel Time: 12.1 ms, GC Workers: 2]
      [GC Worker Start (ms): Min: 46413.6, Avg: 46413.6, Max: 46413.6, Diff: 0.0]
      [Ext Root Scanning (ms): Min: 0.4, Avg: 0.4, Max: 0.4, Diff: 0.0, Sum: 0.8]
      [Update RS (ms): Min: 0.1, Avg: 0.1, Max: 0.1, Diff: 0.0, Sum: 0.1]
         [Processed Buffers: Min: 1, Avg: 1.5, Max: 2, Diff: 1, Sum: 3]
      [Scan RS (ms): Min: 0.2, Avg: 0.2, Max: 0.3, Diff: 0.0, Sum: 0.5]
      [Code Root Scanning (ms): Min: 0.1, Avg: 0.1, Max: 0.1, Diff: 0.0, Sum: 0.2]
      [Object Copy (ms): Min: 11.2, Avg: 11.2, Max: 11.2, Diff: 0.0, Sum: 22.3]
      [Termination (ms): Min: 0.0, Avg: 0.0, Max: 0.0, Diff: 0.0, Sum: 0.0]
      [GC Worker Other (ms): Min: 0.0, Avg: 0.0, Max: 0.0, Diff: 0.0, Sum: 0.1]
      [GC Worker Total (ms): Min: 12.0, Avg: 12.0, Max: 12.0, Diff: 0.0, Sum: 24.1]
      [GC Worker End (ms): Min: 46425.6, Avg: 46425.6, Max: 46425.6, Diff: 0.0]
   [Code Root Fixup: 0.0 ms]
   [Code Root Migration: 0.0 ms]
   [Clear CT: 0.1 ms]
   [Other: 0.4 ms]
      [Choose CSet: 0.0 ms]
      [Ref Proc: 0.1 ms]
      [Ref Enq: 0.0 ms]
      [Free CSet: 0.2 ms]
   [Eden: 147.0M(147.0M)->0.0B(128.0M) Survivors: 4096.0K->19.0M Heap: 213.4M(256.0M)->81.3M(256.0M)]
 [Times: user=0.00 sys=0.00, real=0.01 secs] 
2014-07-10T11:36:55.795+0200: 46.576: [GC pause (G1 Evacuation Pause) (young) 46.576: [G1Ergonomics (CSet Construction) start choosing CSet, _pending_cards: 512, predicted base time: 0.99 ms, remaining time: 199.01 ms, target pause time: 200.00 ms]
 46.576: [G1Ergonomics (CSet Construction) add young regions to CSet, eden: 128 regions, survivors: 19 regions, predicted young region time: 18.16 ms]
 46.576: [G1Ergonomics (CSet Construction) finish choosing CSet, eden: 128 regions, survivors: 19 regions, old: 0 regions, predicted pause time: 19.15 ms, target pause time: 200.00 ms]
, 0.0107982 secs]
   [Parallel Time: 10.0 ms, GC Workers: 2]
      [GC Worker Start (ms): Min: 46575.7, Avg: 46575.7, Max: 46575.7, Diff: 0.0]
      [Ext Root Scanning (ms): Min: 0.3, Avg: 0.4, Max: 0.4, Diff: 0.0, Sum: 0.7]
      [Update RS (ms): Min: 0.1, Avg: 0.1, Max: 0.1, Diff: 0.0, Sum: 0.1]
         [Processed Buffers: Min: 1, Avg: 1.5, Max: 2, Diff: 1, Sum: 3]
      [Scan RS (ms): Min: 0.2, Avg: 0.2, Max: 0.3, Diff: 0.0, Sum: 0.5]
      [Code Root Scanning (ms): Min: 0.1, Avg: 0.1, Max: 0.1, Diff: 0.0, Sum: 0.2]
      [Object Copy (ms): Min: 9.1, Avg: 9.1, Max: 9.1, Diff: 0.0, Sum: 18.3]
      [Termination (ms): Min: 0.0, Avg: 0.0, Max: 0.0, Diff: 0.0, Sum: 0.0]
      [GC Worker Other (ms): Min: 0.0, Avg: 0.0, Max: 0.0, Diff: 0.0, Sum: 0.1]
      [GC Worker Total (ms): Min: 9.9, Avg: 9.9, Max: 9.9, Diff: 0.0, Sum: 19.9]
      [GC Worker End (ms): Min: 46585.6, Avg: 46585.6, Max: 46585.6, Diff: 0.0]
   [Code Root Fixup: 0.0 ms]
   [Code Root Migration: 0.0 ms]
   [Clear CT: 0.1 ms]
   [Other: 0.6 ms]
      [Choose CSet: 0.0 ms]
      [Ref Proc: 0.2 ms]
      [Ref Enq: 0.0 ms]
      [Free CSet: 0.2 ms]
   [Eden: 128.0M(128.0M)->0.0B(136.0M) Survivors: 19.0M->14.0M Heap: 209.3M(256.0M)->77.1M(256.0M)]
 [Times: user=0.03 sys=0.00, real=0.01 secs] 
2014-07-10T11:36:55.897+0200: 46.678: [GC pause (G1 Evacuation Pause) (young) 46.678: [G1Ergonomics (CSet Construction) start choosing CSet, _pending_cards: 512, predicted base time: 1.04 ms, remaining time: 198.96 ms, target pause time: 200.00 ms]
 46.678: [G1Ergonomics (CSet Construction) add young regions to CSet, eden: 136 regions, survivors: 14 regions, predicted young region time: 86.48 ms]
 46.678: [G1Ergonomics (CSet Construction) finish choosing CSet, eden: 136 regions, survivors: 14 regions, old: 0 regions, predicted pause time: 87.52 ms, target pause time: 200.00 ms]
, 0.0126218 secs]
   [Parallel Time: 12.0 ms, GC Workers: 2]
      [GC Worker Start (ms): Min: 46678.3, Avg: 46678.3, Max: 46678.3, Diff: 0.0]
      [Ext Root Scanning (ms): Min: 0.3, Avg: 0.3, Max: 0.3, Diff: 0.0, Sum: 0.6]
      [Update RS (ms): Min: 0.0, Avg: 0.0, Max: 0.1, Diff: 0.0, Sum: 0.1]
         [Processed Buffers: Min: 1, Avg: 1.5, Max: 2, Diff: 1, Sum: 3]
      [Scan RS (ms): Min: 0.2, Avg: 0.2, Max: 0.2, Diff: 0.0, Sum: 0.4]
      [Code Root Scanning (ms): Min: 0.1, Avg: 0.1, Max: 0.1, Diff: 0.0, Sum: 0.2]
      [Object Copy (ms): Min: 11.3, Avg: 11.3, Max: 11.3, Diff: 0.0, Sum: 22.6]
      [Termination (ms): Min: 0.0, Avg: 0.0, Max: 0.0, Diff: 0.0, Sum: 0.0]
      [GC Worker Other (ms): Min: 0.0, Avg: 0.0, Max: 0.0, Diff: 0.0, Sum: 0.1]
      [GC Worker Total (ms): Min: 12.0, Avg: 12.0, Max: 12.0, Diff: 0.0, Sum: 24.0]
      [GC Worker End (ms): Min: 46690.3, Avg: 46690.3, Max: 46690.3, Diff: 0.0]
   [Code Root Fixup: 0.0 ms]
   [Code Root Migration: 0.0 ms]
   [Clear CT: 0.1 ms]
   [Other: 0.4 ms]
      [Choose CSet: 0.0 ms]
      [Ref Proc: 0.1 ms]
      [Ref Enq: 0.0 ms]
      [Free CSet: 0.2 ms]
   [Eden: 136.0M(136.0M)->0.0B(130.0M) Survivors: 14.0M->18.0M Heap: 213.1M(256.0M)->81.0M(256.0M)]
 [Times: user=0.00 sys=0.00, real=0.01 secs] 
2014-07-10T11:36:56.038+0200: 46.819: [GC pause (G1 Evacuation Pause) (young) 46.819: [G1Ergonomics (CSet Construction) start choosing CSet, _pending_cards: 258, predicted base time: 0.96 ms, remaining time: 199.04 ms, target pause time: 200.00 ms]
 46.819: [G1Ergonomics (CSet Construction) add young regions to CSet, eden: 130 regions, survivors: 18 regions, predicted young region time: 83.11 ms]
 46.819: [G1Ergonomics (CSet Construction) finish choosing CSet, eden: 130 regions, survivors: 18 regions, old: 0 regions, predicted pause time: 84.08 ms, target pause time: 200.00 ms]
, 0.0034448 secs]
   [Parallel Time: 2.7 ms, GC Workers: 2]
      [GC Worker Start (ms): Min: 46818.9, Avg: 46818.9, Max: 46818.9, Diff: 0.0]
      [Ext Root Scanning (ms): Min: 0.3, Avg: 0.3, Max: 0.3, Diff: 0.0, Sum: 0.6]
      [Update RS (ms): Min: 0.1, Avg: 0.1, Max: 0.1, Diff: 0.0, Sum: 0.1]
         [Processed Buffers: Min: 1, Avg: 1.5, Max: 2, Diff: 1, Sum: 3]
      [Scan RS (ms): Min: 0.2, Avg: 0.2, Max: 0.2, Diff: 0.0, Sum: 0.5]
      [Code Root Scanning (ms): Min: 0.1, Avg: 0.1, Max: 0.1, Diff: 0.0, Sum: 0.2]
      [Object Copy (ms): Min: 1.9, Avg: 1.9, Max: 1.9, Diff: 0.0, Sum: 3.8]
      [Termination (ms): Min: 0.0, Avg: 0.0, Max: 0.0, Diff: 0.0, Sum: 0.0]
      [GC Worker Other (ms): Min: 0.0, Avg: 0.0, Max: 0.0, Diff: 0.0, Sum: 0.1]
      [GC Worker Total (ms): Min: 2.7, Avg: 2.7, Max: 2.7, Diff: 0.0, Sum: 5.3]
      [GC Worker End (ms): Min: 46821.5, Avg: 46821.5, Max: 46821.5, Diff: 0.0]
   [Code Root Fixup: 0.0 ms]
   [Code Root Migration: 0.1 ms]
   [Clear CT: 0.1 ms]
   [Other: 0.5 ms]
      [Choose CSet: 0.0 ms]
      [Ref Proc: 0.1 ms]
      [Ref Enq: 0.0 ms]
      [Free CSet: 0.3 ms]
   [Eden: 130.0M(130.0M)->0.0B(147.0M) Survivors: 18.0M->4096.0K Heap: 211.0M(256.0M)->66.8M(256.0M)]
 [Times: user=0.00 sys=0.00, real=0.00 secs] 
2014-07-10T11:36:56.210+0200: 46.991: [GC pause (G1 Evacuation Pause) (young) 46.991: [G1Ergonomics (CSet Construction) start choosing CSet, _pending_cards: 512, predicted base time: 1.01 ms, remaining time: 198.99 ms, target pause time: 200.00 ms]
 46.991: [G1Ergonomics (CSet Construction) add young regions to CSet, eden: 147 regions, survivors: 4 regions, predicted young region time: 60.12 ms]
 46.991: [G1Ergonomics (CSet Construction) finish choosing CSet, eden: 147 regions, survivors: 4 regions, old: 0 regions, predicted pause time: 61.13 ms, target pause time: 200.00 ms]
, 0.0192816 secs]
   [Parallel Time: 18.5 ms, GC Workers: 2]
      [GC Worker Start (ms): Min: 46991.2, Avg: 46991.2, Max: 46991.2, Diff: 0.0]
      [Ext Root Scanning (ms): Min: 0.6, Avg: 0.6, Max: 0.6, Diff: 0.0, Sum: 1.2]
      [Update RS (ms): Min: 0.1, Avg: 0.1, Max: 0.1, Diff: 0.0, Sum: 0.2]
         [Processed Buffers: Min: 1, Avg: 1.5, Max: 2, Diff: 1, Sum: 3]
      [Scan RS (ms): Min: 0.4, Avg: 0.4, Max: 0.5, Diff: 0.0, Sum: 0.9]
      [Code Root Scanning (ms): Min: 0.1, Avg: 0.1, Max: 0.1, Diff: 0.0, Sum: 0.3]
      [Object Copy (ms): Min: 17.1, Avg: 17.1, Max: 17.1, Diff: 0.0, Sum: 34.2]
      [Termination (ms): Min: 0.0, Avg: 0.0, Max: 0.0, Diff: 0.0, Sum: 0.0]
      [GC Worker Other (ms): Min: 0.0, Avg: 0.1, Max: 0.1, Diff: 0.1, Sum: 0.2]
      [GC Worker Total (ms): Min: 18.4, Avg: 18.4, Max: 18.4, Diff: 0.1, Sum: 36.8]
      [GC Worker End (ms): Min: 47009.5, Avg: 47009.6, Max: 47009.6, Diff: 0.1]
   [Code Root Fixup: 0.0 ms]
   [Code Root Migration: 0.1 ms]
   [Clear CT: 0.1 ms]
   [Other: 0.6 ms]
      [Choose CSet: 0.1 ms]
      [Ref Proc: 0.1 ms]
      [Ref Enq: 0.0 ms]
      [Free CSet: 0.3 ms]
   [Eden: 147.0M(147.0M)->0.0B(128.0M) Survivors: 4096.0K->19.0M Heap: 213.8M(256.0M)->81.7M(256.0M)]
 [Times: user=0.03 sys=0.00, real=0.02 secs] 
2014-07-10T11:36:56.303+0200: 47.083: [GC pause (G1 Evacuation Pause) (young) 47.083: [G1Ergonomics (CSet Construction) start choosing CSet, _pending_cards: 512, predicted base time: 1.17 ms, remaining time: 198.83 ms, target pause time: 200.00 ms]
 47.083: [G1Ergonomics (CSet Construction) add young regions to CSet, eden: 128 regions, survivors: 19 regions, predicted young region time: 95.98 ms]
 47.083: [G1Ergonomics (CSet Construction) finish choosing CSet, eden: 128 regions, survivors: 19 regions, old: 0 regions, predicted pause time: 97.14 ms, target pause time: 200.00 ms]
, 0.0098259 secs]
   [Parallel Time: 9.2 ms, GC Workers: 2]
      [GC Worker Start (ms): Min: 47083.5, Avg: 47083.5, Max: 47083.5, Diff: 0.0]
      [Ext Root Scanning (ms): Min: 0.2, Avg: 0.2, Max: 0.3, Diff: 0.0, Sum: 0.5]
      [Update RS (ms): Min: 0.0, Avg: 0.0, Max: 0.0, Diff: 0.0, Sum: 0.1]
         [Processed Buffers: Min: 1, Avg: 1.5, Max: 2, Diff: 1, Sum: 3]
      [Scan RS (ms): Min: 0.2, Avg: 0.2, Max: 0.2, Diff: 0.0, Sum: 0.4]
      [Code Root Scanning (ms): Min: 0.1, Avg: 0.1, Max: 0.1, Diff: 0.0, Sum: 0.2]
      [Object Copy (ms): Min: 8.6, Avg: 8.6, Max: 8.6, Diff: 0.0, Sum: 17.1]
      [Termination (ms): Min: 0.0, Avg: 0.0, Max: 0.0, Diff: 0.0, Sum: 0.0]
      [GC Worker Other (ms): Min: 0.0, Avg: 0.0, Max: 0.0, Diff: 0.0, Sum: 0.1]
      [GC Worker Total (ms): Min: 9.2, Avg: 9.2, Max: 9.2, Diff: 0.0, Sum: 18.4]
      [GC Worker End (ms): Min: 47092.7, Avg: 47092.7, Max: 47092.7, Diff: 0.0]
   [Code Root Fixup: 0.0 ms]
   [Code Root Migration: 0.0 ms]
   [Clear CT: 0.1 ms]
   [Other: 0.4 ms]
      [Choose CSet: 0.0 ms]
      [Ref Proc: 0.1 ms]
      [Ref Enq: 0.0 ms]
      [Free CSet: 0.2 ms]
   [Eden: 128.0M(128.0M)->0.0B(135.0M) Survivors: 19.0M->15.0M Heap: 209.7M(256.0M)->77.6M(256.0M)]
 [Times: user=0.00 sys=0.00, real=0.01 secs] 
2014-07-10T11:36:56.453+0200: 47.234: [GC pause (G1 Evacuation Pause) (young) 47.234: [G1Ergonomics (CSet Construction) start choosing CSet, _pending_cards: 512, predicted base time: 1.08 ms, remaining time: 198.92 ms, target pause time: 200.00 ms]
 47.234: [G1Ergonomics (CSet Construction) add young regions to CSet, eden: 135 regions, survivors: 15 regions, predicted young region time: 70.62 ms]
 47.234: [G1Ergonomics (CSet Construction) finish choosing CSet, eden: 135 regions, survivors: 15 regions, old: 0 regions, predicted pause time: 71.70 ms, target pause time: 200.00 ms]
, 0.0129019 secs]
   [Parallel Time: 12.2 ms, GC Workers: 2]
      [GC Worker Start (ms): Min: 47233.8, Avg: 47233.8, Max: 47233.8, Diff: 0.0]
      [Ext Root Scanning (ms): Min: 0.4, Avg: 0.4, Max: 0.4, Diff: 0.0, Sum: 0.7]
      [Update RS (ms): Min: 0.0, Avg: 0.1, Max: 0.1, Diff: 0.0, Sum: 0.1]
         [Processed Buffers: Min: 1, Avg: 1.5, Max: 2, Diff: 1, Sum: 3]
      [Scan RS (ms): Min: 0.3, Avg: 0.3, Max: 0.3, Diff: 0.0, Sum: 0.5]
      [Code Root Scanning (ms): Min: 0.1, Avg: 0.1, Max: 0.1, Diff: 0.0, Sum: 0.2]
      [Object Copy (ms): Min: 11.2, Avg: 11.3, Max: 11.3, Diff: 0.0, Sum: 22.5]
      [Termination (ms): Min: 0.0, Avg: 0.0, Max: 0.0, Diff: 0.0, Sum: 0.0]
      [GC Worker Other (ms): Min: 0.0, Avg: 0.0, Max: 0.0, Diff: 0.0, Sum: 0.1]
      [GC Worker Total (ms): Min: 12.1, Avg: 12.1, Max: 12.1, Diff: 0.0, Sum: 24.2]
      [GC Worker End (ms): Min: 47245.8, Avg: 47245.8, Max: 47245.8, Diff: 0.0]
   [Code Root Fixup: 0.0 ms]
   [Code Root Migration: 0.1 ms]
   [Clear CT: 0.1 ms]
   [Other: 0.5 ms]
      [Choose CSet: 0.0 ms]
      [Ref Proc: 0.1 ms]
      [Ref Enq: 0.0 ms]
      [Free CSet: 0.3 ms]
   [Eden: 135.0M(135.0M)->0.0B(130.0M) Survivors: 15.0M->18.0M Heap: 212.6M(256.0M)->80.5M(256.0M)]
 [Times: user=0.03 sys=0.00, real=0.01 secs] 
2014-07-10T11:36:56.591+0200: 47.372: [GC pause (G1 Evacuation Pause) (young) 47.372: [G1Ergonomics (CSet Construction) start choosing CSet, _pending_cards: 258, predicted base time: 1.03 ms, remaining time: 198.97 ms, target pause time: 200.00 ms]
 47.372: [G1Ergonomics (CSet Construction) add young regions to CSet, eden: 130 regions, survivors: 18 regions, predicted young region time: 91.05 ms]
 47.372: [G1Ergonomics (CSet Construction) finish choosing CSet, eden: 130 regions, survivors: 18 regions, old: 0 regions, predicted pause time: 92.08 ms, target pause time: 200.00 ms]
, 0.0043903 secs]
   [Parallel Time: 3.2 ms, GC Workers: 2]
      [GC Worker Start (ms): Min: 47372.5, Avg: 47372.5, Max: 47372.5, Diff: 0.0]
      [Ext Root Scanning (ms): Min: 0.5, Avg: 0.5, Max: 0.5, Diff: 0.0, Sum: 0.9]
      [Update RS (ms): Min: 0.1, Avg: 0.1, Max: 0.1, Diff: 0.0, Sum: 0.2]
         [Processed Buffers: Min: 1, Avg: 1.5, Max: 2, Diff: 1, Sum: 3]
      [Scan RS (ms): Min: 0.4, Avg: 0.4, Max: 0.4, Diff: 0.0, Sum: 0.8]
      [Code Root Scanning (ms): Min: 0.1, Avg: 0.1, Max: 0.2, Diff: 0.0, Sum: 0.3]
      [Object Copy (ms): Min: 2.0, Avg: 2.0, Max: 2.0, Diff: 0.0, Sum: 4.0]
      [Termination (ms): Min: 0.0, Avg: 0.0, Max: 0.0, Diff: 0.0, Sum: 0.0]
      [GC Worker Other (ms): Min: 0.0, Avg: 0.0, Max: 0.0, Diff: 0.0, Sum: 0.1]
      [GC Worker Total (ms): Min: 3.1, Avg: 3.1, Max: 3.1, Diff: 0.0, Sum: 6.3]
      [GC Worker End (ms): Min: 47375.6, Avg: 47375.6, Max: 47375.6, Diff: 0.0]
   [Code Root Fixup: 0.0 ms]
   [Code Root Migration: 0.1 ms]
   [Clear CT: 0.2 ms]
   [Other: 0.9 ms]
      [Choose CSet: 0.1 ms]
      [Ref Proc: 0.1 ms]
      [Ref Enq: 0.0 ms]
      [Free CSet: 0.5 ms]
   [Eden: 130.0M(130.0M)->0.0B(149.0M) Survivors: 18.0M->3072.0K Heap: 210.5M(256.0M)->66.2M(256.0M)]
 [Times: user=0.00 sys=0.00, real=0.00 secs] 
2014-07-10T11:36:56.699+0200: 47.480: [GC pause (G1 Evacuation Pause) (young) 47.480: [G1Ergonomics (CSet Construction) start choosing CSet, _pending_cards: 512, predicted base time: 1.22 ms, remaining time: 198.78 ms, target pause time: 200.00 ms]
 47.480: [G1Ergonomics (CSet Construction) add young regions to CSet, eden: 149 regions, survivors: 3 regions, predicted young region time: 23.48 ms]
 47.480: [G1Ergonomics (CSet Construction) finish choosing CSet, eden: 149 regions, survivors: 3 regions, old: 0 regions, predicted pause time: 24.70 ms, target pause time: 200.00 ms]
, 0.0134592 secs]
   [Parallel Time: 12.7 ms, GC Workers: 2]
      [GC Worker Start (ms): Min: 47479.8, Avg: 47479.8, Max: 47479.8, Diff: 0.0]
      [Ext Root Scanning (ms): Min: 0.3, Avg: 0.3, Max: 0.3, Diff: 0.0, Sum: 0.6]
      [Update RS (ms): Min: 0.0, Avg: 0.0, Max: 0.1, Diff: 0.0, Sum: 0.1]
         [Processed Buffers: Min: 1, Avg: 1.5, Max: 2, Diff: 1, Sum: 3]
      [Scan RS (ms): Min: 0.2, Avg: 0.2, Max: 0.2, Diff: 0.0, Sum: 0.5]
      [Code Root Scanning (ms): Min: 0.1, Avg: 0.1, Max: 0.1, Diff: 0.0, Sum: 0.2]
      [Object Copy (ms): Min: 12.0, Avg: 12.0, Max: 12.0, Diff: 0.0, Sum: 23.9]
      [Termination (ms): Min: 0.0, Avg: 0.0, Max: 0.0, Diff: 0.0, Sum: 0.0]
      [GC Worker Other (ms): Min: 0.0, Avg: 0.0, Max: 0.0, Diff: 0.0, Sum: 0.1]
      [GC Worker Total (ms): Min: 12.7, Avg: 12.7, Max: 12.7, Diff: 0.0, Sum: 25.4]
      [GC Worker End (ms): Min: 47492.5, Avg: 47492.5, Max: 47492.5, Diff: 0.0]
   [Code Root Fixup: 0.0 ms]
   [Code Root Migration: 0.0 ms]
   [Clear CT: 0.1 ms]
   [Other: 0.6 ms]
      [Choose CSet: 0.0 ms]
      [Ref Proc: 0.2 ms]
      [Ref Enq: 0.0 ms]
      [Free CSet: 0.2 ms]
   [Eden: 149.0M(149.0M)->0.0B(127.0M) Survivors: 3072.0K->19.0M Heap: 215.2M(256.0M)->83.1M(256.0M)]
 [Times: user=0.03 sys=0.00, real=0.01 secs] 
2014-07-10T11:36:56.841+0200: 47.621: [GC pause (G1 Evacuation Pause) (young) 47.621: [G1Ergonomics (CSet Construction) start choosing CSet, _pending_cards: 512, predicted base time: 1.16 ms, remaining time: 198.84 ms, target pause time: 200.00 ms]
 47.621: [G1Ergonomics (CSet Construction) add young regions to CSet, eden: 127 regions, survivors: 19 regions, predicted young region time: 85.67 ms]
 47.621: [G1Ergonomics (CSet Construction) finish choosing CSet, eden: 127 regions, survivors: 19 regions, old: 0 regions, predicted pause time: 86.83 ms, target pause time: 200.00 ms]
, 0.0107498 secs]
   [Parallel Time: 10.1 ms, GC Workers: 2]
      [GC Worker Start (ms): Min: 47620.7, Avg: 47620.7, Max: 47620.7, Diff: 0.0]
      [Ext Root Scanning (ms): Min: 0.3, Avg: 0.3, Max: 0.3, Diff: 0.0, Sum: 0.7]
      [Update RS (ms): Min: 0.0, Avg: 0.1, Max: 0.1, Diff: 0.0, Sum: 0.1]
         [Processed Buffers: Min: 1, Avg: 1.5, Max: 2, Diff: 1, Sum: 3]
      [Scan RS (ms): Min: 0.2, Avg: 0.2, Max: 0.2, Diff: 0.0, Sum: 0.5]
      [Code Root Scanning (ms): Min: 0.1, Avg: 0.1, Max: 0.1, Diff: 0.0, Sum: 0.2]
      [Object Copy (ms): Min: 9.3, Avg: 9.3, Max: 9.3, Diff: 0.0, Sum: 18.6]
      [Termination (ms): Min: 0.0, Avg: 0.0, Max: 0.0, Diff: 0.0, Sum: 0.0]
      [GC Worker Other (ms): Min: 0.0, Avg: 0.0, Max: 0.0, Diff: 0.0, Sum: 0.1]
      [GC Worker Total (ms): Min: 10.1, Avg: 10.1, Max: 10.1, Diff: 0.0, Sum: 20.1]
      [GC Worker End (ms): Min: 47630.8, Avg: 47630.8, Max: 47630.8, Diff: 0.0]
   [Code Root Fixup: 0.0 ms]
   [Code Root Migration: 0.0 ms]
   [Clear CT: 0.1 ms]
   [Other: 0.5 ms]
      [Choose CSet: 0.0 ms]
      [Ref Proc: 0.1 ms]
      [Ref Enq: 0.0 ms]
      [Free CSet: 0.2 ms]
   [Eden: 127.0M(127.0M)->0.0B(133.0M) Survivors: 19.0M->15.0M Heap: 210.1M(256.0M)->78.8M(256.0M)]
 [Times: user=0.03 sys=0.00, real=0.01 secs] 
2014-07-10T11:36:56.994+0200: 47.774: [GC pause (G1 Evacuation Pause) (young) 47.774: [G1Ergonomics (CSet Construction) start choosing CSet, _pending_cards: 512, predicted base time: 1.10 ms, remaining time: 198.90 ms, target pause time: 200.00 ms]
 47.774: [G1Ergonomics (CSet Construction) add young regions to CSet, eden: 133 regions, survivors: 15 regions, predicted young region time: 16.09 ms]
 47.774: [G1Ergonomics (CSet Construction) finish choosing CSet, eden: 133 regions, survivors: 15 regions, old: 0 regions, predicted pause time: 17.19 ms, target pause time: 200.00 ms]
, 0.0110417 secs]
   [Parallel Time: 9.6 ms, GC Workers: 2]
      [GC Worker Start (ms): Min: 47774.0, Avg: 47774.0, Max: 47774.0, Diff: 0.0]
      [Ext Root Scanning (ms): Min: 0.6, Avg: 0.7, Max: 0.7, Diff: 0.0, Sum: 1.3]
      [Update RS (ms): Min: 0.1, Avg: 0.1, Max: 0.1, Diff: 0.0, Sum: 0.2]
         [Processed Buffers: Min: 1, Avg: 1.5, Max: 2, Diff: 1, Sum: 3]
      [Scan RS (ms): Min: 0.4, Avg: 0.4, Max: 0.4, Diff: 0.0, Sum: 0.9]
      [Code Root Scanning (ms): Min: 0.1, Avg: 0.2, Max: 0.2, Diff: 0.0, Sum: 0.3]
      [Object Copy (ms): Min: 8.1, Avg: 8.1, Max: 8.2, Diff: 0.0, Sum: 16.3]
      [Termination (ms): Min: 0.0, Avg: 0.0, Max: 0.0, Diff: 0.0, Sum: 0.0]
      [GC Worker Other (ms): Min: 0.1, Avg: 0.1, Max: 0.1, Diff: 0.0, Sum: 0.1]
      [GC Worker Total (ms): Min: 9.5, Avg: 9.6, Max: 9.6, Diff: 0.0, Sum: 19.1]
      [GC Worker End (ms): Min: 47783.6, Avg: 47783.6, Max: 47783.6, Diff: 0.0]
   [Code Root Fixup: 0.0 ms]
   [Code Root Migration: 0.1 ms]
   [Clear CT: 0.3 ms]
   [Other: 1.1 ms]
      [Choose CSet: 0.1 ms]
      [Ref Proc: 0.2 ms]
      [Ref Enq: 0.0 ms]
      [Free CSet: 0.6 ms]
   [Eden: 133.0M(133.0M)->0.0B(142.0M) Survivors: 15.0M->8192.0K Heap: 211.8M(256.0M)->71.7M(256.0M)]
 [Times: user=0.02 sys=0.00, real=0.01 secs] 
2014-07-10T11:36:57.098+0200: 47.877: [GC pause (G1 Evacuation Pause) (young) 47.877: [G1Ergonomics (CSet Construction) start choosing CSet, _pending_cards: 512, predicted base time: 1.36 ms, remaining time: 198.64 ms, target pause time: 200.00 ms]
 47.877: [G1Ergonomics (CSet Construction) add young regions to CSet, eden: 142 regions, survivors: 8 regions, predicted young region time: 120.19 ms]
 47.877: [G1Ergonomics (CSet Construction) finish choosing CSet, eden: 142 regions, survivors: 8 regions, old: 0 regions, predicted pause time: 121.55 ms, target pause time: 200.00 ms]
, 0.0119395 secs]
   [Parallel Time: 11.4 ms, GC Workers: 2]
      [GC Worker Start (ms): Min: 47877.5, Avg: 47877.5, Max: 47877.5, Diff: 0.0]
      [Ext Root Scanning (ms): Min: 0.3, Avg: 0.3, Max: 0.3, Diff: 0.0, Sum: 0.6]
      [Update RS (ms): Min: 0.0, Avg: 0.0, Max: 0.0, Diff: 0.0, Sum: 0.1]
         [Processed Buffers: Min: 1, Avg: 1.5, Max: 2, Diff: 1, Sum: 3]
      [Scan RS (ms): Min: 0.2, Avg: 0.2, Max: 0.2, Diff: 0.0, Sum: 0.5]
      [Code Root Scanning (ms): Min: 0.1, Avg: 0.1, Max: 0.1, Diff: 0.0, Sum: 0.2]
      [Object Copy (ms): Min: 10.6, Avg: 10.6, Max: 10.6, Diff: 0.0, Sum: 21.2]
      [Termination (ms): Min: 0.0, Avg: 0.0, Max: 0.0, Diff: 0.0, Sum: 0.0]
      [GC Worker Other (ms): Min: 0.0, Avg: 0.0, Max: 0.0, Diff: 0.0, Sum: 0.0]
      [GC Worker Total (ms): Min: 11.3, Avg: 11.3, Max: 11.3, Diff: 0.0, Sum: 22.7]
      [GC Worker End (ms): Min: 47888.8, Avg: 47888.8, Max: 47888.8, Diff: 0.0]
   [Code Root Fixup: 0.0 ms]
   [Code Root Migration: 0.0 ms]
   [Clear CT: 0.1 ms]
   [Other: 0.4 ms]
      [Choose CSet: 0.0 ms]
      [Ref Proc: 0.1 ms]
      [Ref Enq: 0.0 ms]
      [Free CSet: 0.2 ms]
   [Eden: 142.0M(142.0M)->0.0B(129.0M) Survivors: 8192.0K->18.0M Heap: 213.7M(256.0M)->81.6M(256.0M)]
 [Times: user=0.00 sys=0.00, real=0.01 secs] 
2014-07-10T11:36:57.256+0200: 48.036: [GC pause (G1 Evacuation Pause) (young) 48.036: [G1Ergonomics (CSet Construction) start choosing CSet, _pending_cards: 512, predicted base time: 1.24 ms, remaining time: 198.76 ms, target pause time: 200.00 ms]
 48.036: [G1Ergonomics (CSet Construction) add young regions to CSet, eden: 129 regions, survivors: 18 regions, predicted young region time: 102.10 ms]
 48.036: [G1Ergonomics (CSet Construction) finish choosing CSet, eden: 129 regions, survivors: 18 regions, old: 0 regions, predicted pause time: 103.34 ms, target pause time: 200.00 ms]
, 0.0106512 secs]
   [Parallel Time: 9.9 ms, GC Workers: 2]
      [GC Worker Start (ms): Min: 48036.0, Avg: 48036.0, Max: 48036.0, Diff: 0.0]
      [Ext Root Scanning (ms): Min: 0.3, Avg: 0.3, Max: 0.3, Diff: 0.0, Sum: 0.6]
      [Update RS (ms): Min: 0.1, Avg: 0.1, Max: 0.1, Diff: 0.0, Sum: 0.2]
         [Processed Buffers: Min: 1, Avg: 1.5, Max: 2, Diff: 1, Sum: 3]
      [Scan RS (ms): Min: 0.2, Avg: 0.3, Max: 0.3, Diff: 0.0, Sum: 0.5]
      [Code Root Scanning (ms): Min: 0.1, Avg: 0.1, Max: 0.1, Diff: 0.0, Sum: 0.2]
      [Object Copy (ms): Min: 9.0, Avg: 9.0, Max: 9.0, Diff: 0.0, Sum: 18.1]
      [Termination (ms): Min: 0.0, Avg: 0.0, Max: 0.0, Diff: 0.0, Sum: 0.0]
      [GC Worker Other (ms): Min: 0.0, Avg: 0.0, Max: 0.0, Diff: 0.0, Sum: 0.1]
      [GC Worker Total (ms): Min: 9.8, Avg: 9.8, Max: 9.9, Diff: 0.0, Sum: 19.7]
      [GC Worker End (ms): Min: 48045.8, Avg: 48045.8, Max: 48045.8, Diff: 0.0]
   [Code Root Fixup: 0.0 ms]
   [Code Root Migration: 0.0 ms]
   [Clear CT: 0.1 ms]
   [Other: 0.6 ms]
      [Choose CSet: 0.0 ms]
      [Ref Proc: 0.2 ms]
      [Ref Enq: 0.0 ms]
      [Free CSet: 0.3 ms]
   [Eden: 129.0M(129.0M)->0.0B(134.0M) Survivors: 18.0M->15.0M Heap: 210.6M(256.0M)->78.5M(256.0M)]
 [Times: user=0.00 sys=0.00, real=0.01 secs] 
2014-07-10T11:36:57.396+0200: 48.176: [GC pause (G1 Evacuation Pause) (young) 48.176: [G1Ergonomics (CSet Construction) start choosing CSet, _pending_cards: 512, predicted base time: 1.19 ms, remaining time: 198.81 ms, target pause time: 200.00 ms]
 48.176: [G1Ergonomics (CSet Construction) add young regions to CSet, eden: 134 regions, survivors: 15 regions, predicted young region time: 84.99 ms]
 48.176: [G1Ergonomics (CSet Construction) finish choosing CSet, eden: 134 regions, survivors: 15 regions, old: 0 regions, predicted pause time: 86.18 ms, target pause time: 200.00 ms]
, 0.0188031 secs]
   [Parallel Time: 17.6 ms, GC Workers: 2]
      [GC Worker Start (ms): Min: 48176.2, Avg: 48176.2, Max: 48176.2, Diff: 0.0]
      [Ext Root Scanning (ms): Min: 0.6, Avg: 0.6, Max: 0.6, Diff: 0.0, Sum: 1.2]
      [Update RS (ms): Min: 0.1, Avg: 0.1, Max: 0.1, Diff: 0.0, Sum: 0.2]
         [Processed Buffers: Min: 1, Avg: 1.5, Max: 2, Diff: 1, Sum: 3]
      [Scan RS (ms): Min: 0.4, Avg: 0.4, Max: 0.4, Diff: 0.0, Sum: 0.9]
      [Code Root Scanning (ms): Min: 0.1, Avg: 0.2, Max: 0.2, Diff: 0.0, Sum: 0.3]
      [Object Copy (ms): Min: 16.3, Avg: 16.3, Max: 16.3, Diff: 0.0, Sum: 32.5]
      [Termination (ms): Min: 0.0, Avg: 0.0, Max: 0.0, Diff: 0.0, Sum: 0.0]
      [GC Worker Other (ms): Min: 0.0, Avg: 0.0, Max: 0.0, Diff: 0.0, Sum: 0.1]
      [GC Worker Total (ms): Min: 17.6, Avg: 17.6, Max: 17.6, Diff: 0.0, Sum: 35.2]
      [GC Worker End (ms): Min: 48193.8, Avg: 48193.8, Max: 48193.8, Diff: 0.0]
   [Code Root Fixup: 0.0 ms]
   [Code Root Migration: 0.1 ms]
   [Clear CT: 0.2 ms]
   [Other: 0.9 ms]
      [Choose CSet: 0.0 ms]
      [Ref Proc: 0.2 ms]
      [Ref Enq: 0.0 ms]
      [Free CSet: 0.5 ms]
   [Eden: 134.0M(134.0M)->0.0B(131.0M) Survivors: 15.0M->17.0M Heap: 212.5M(256.0M)->80.4M(256.0M)]
 [Times: user=0.03 sys=0.00, real=0.02 secs] 
2014-07-10T11:36:57.490+0200: 48.269: [GC pause (G1 Evacuation Pause) (young) 48.270: [G1Ergonomics (CSet Construction) start choosing CSet, _pending_cards: 258, predicted base time: 1.28 ms, remaining time: 198.72 ms, target pause time: 200.00 ms]
 48.270: [G1Ergonomics (CSet Construction) add young regions to CSet, eden: 131 regions, survivors: 17 regions, predicted young region time: 112.13 ms]
 48.270: [G1Ergonomics (CSet Construction) finish choosing CSet, eden: 131 regions, survivors: 17 regions, old: 0 regions, predicted pause time: 113.41 ms, target pause time: 200.00 ms]
, 0.0019416 secs]
   [Parallel Time: 1.5 ms, GC Workers: 2]
      [GC Worker Start (ms): Min: 48269.6, Avg: 48269.6, Max: 48269.6, Diff: 0.0]
      [Ext Root Scanning (ms): Min: 0.3, Avg: 0.3, Max: 0.3, Diff: 0.0, Sum: 0.5]
      [Update RS (ms): Min: 0.0, Avg: 0.0, Max: 0.0, Diff: 0.0, Sum: 0.1]
         [Processed Buffers: Min: 1, Avg: 1.5, Max: 2, Diff: 1, Sum: 3]
      [Scan RS (ms): Min: 0.2, Avg: 0.2, Max: 0.2, Diff: 0.0, Sum: 0.4]
      [Code Root Scanning (ms): Min: 0.1, Avg: 0.1, Max: 0.1, Diff: 0.0, Sum: 0.2]
      [Object Copy (ms): Min: 0.8, Avg: 0.8, Max: 0.8, Diff: 0.0, Sum: 1.6]
      [Termination (ms): Min: 0.0, Avg: 0.0, Max: 0.0, Diff: 0.0, Sum: 0.0]
      [GC Worker Other (ms): Min: 0.0, Avg: 0.0, Max: 0.0, Diff: 0.0, Sum: 0.0]
      [GC Worker Total (ms): Min: 1.5, Avg: 1.5, Max: 1.5, Diff: 0.0, Sum: 2.9]
      [GC Worker End (ms): Min: 48271.0, Avg: 48271.0, Max: 48271.0, Diff: 0.0]
   [Code Root Fixup: 0.0 ms]
   [Code Root Migration: 0.0 ms]
   [Clear CT: 0.1 ms]
   [Other: 0.3 ms]
      [Choose CSet: 0.0 ms]
      [Ref Proc: 0.0 ms]
      [Ref Enq: 0.0 ms]
      [Free CSet: 0.2 ms]
   [Eden: 131.0M(131.0M)->0.0B(149.0M) Survivors: 17.0M->2048.0K Heap: 211.4M(256.0M)->66.2M(256.0M)]
 [Times: user=0.00 sys=0.00, real=0.00 secs] 
2014-07-10T11:36:57.650+0200: 48.430: [GC pause (G1 Evacuation Pause) (young) 48.430: [G1Ergonomics (CSet Construction) start choosing CSet, _pending_cards: 513, predicted base time: 1.20 ms, remaining time: 198.80 ms, target pause time: 200.00 ms]
 48.430: [G1Ergonomics (CSet Construction) add young regions to CSet, eden: 149 regions, survivors: 2 regions, predicted young region time: 72.28 ms]
 48.430: [G1Ergonomics (CSet Construction) finish choosing CSet, eden: 149 regions, survivors: 2 regions, old: 0 regions, predicted pause time: 73.47 ms, target pause time: 200.00 ms]
, 0.0110457 secs]
   [Parallel Time: 10.3 ms, GC Workers: 2]
      [GC Worker Start (ms): Min: 48430.2, Avg: 48430.2, Max: 48430.2, Diff: 0.0]
      [Ext Root Scanning (ms): Min: 0.3, Avg: 0.3, Max: 0.3, Diff: 0.0, Sum: 0.7]
      [Update RS (ms): Min: 0.1, Avg: 0.1, Max: 0.1, Diff: 0.0, Sum: 0.1]
         [Processed Buffers: Min: 2, Avg: 2.0, Max: 2, Diff: 0, Sum: 4]
      [Scan RS (ms): Min: 0.2, Avg: 0.3, Max: 0.3, Diff: 0.0, Sum: 0.5]
      [Code Root Scanning (ms): Min: 0.1, Avg: 0.1, Max: 0.1, Diff: 0.0, Sum: 0.2]
      [Object Copy (ms): Min: 9.3, Avg: 9.4, Max: 9.4, Diff: 0.0, Sum: 18.7]
      [Termination (ms): Min: 0.0, Avg: 0.0, Max: 0.0, Diff: 0.0, Sum: 0.0]
      [GC Worker Other (ms): Min: 0.0, Avg: 0.0, Max: 0.0, Diff: 0.0, Sum: 0.1]
      [GC Worker Total (ms): Min: 10.1, Avg: 10.1, Max: 10.2, Diff: 0.0, Sum: 20.3]
      [GC Worker End (ms): Min: 48440.3, Avg: 48440.3, Max: 48440.3, Diff: 0.0]
   [Code Root Fixup: 0.0 ms]
   [Code Root Migration: 0.1 ms]
   [Clear CT: 0.1 ms]
   [Other: 0.6 ms]
      [Choose CSet: 0.0 ms]
      [Ref Proc: 0.2 ms]
      [Ref Enq: 0.0 ms]
      [Free CSet: 0.3 ms]
   [Eden: 149.0M(149.0M)->0.0B(135.0M) Survivors: 2048.0K->15.0M Heap: 215.2M(256.0M)->78.9M(256.0M)]
 [Times: user=0.03 sys=0.00, real=0.01 secs] 
2014-07-10T11:36:57.803+0200: 48.583: [GC pause (G1 Evacuation Pause) (young) 48.583: [G1Ergonomics (CSet Construction) start choosing CSet, _pending_cards: 512, predicted base time: 1.19 ms, remaining time: 198.81 ms, target pause time: 200.00 ms]
 48.583: [G1Ergonomics (CSet Construction) add young regions to CSet, eden: 135 regions, survivors: 15 regions, predicted young region time: 99.92 ms]
 48.583: [G1Ergonomics (CSet Construction) finish choosing CSet, eden: 135 regions, survivors: 15 regions, old: 0 regions, predicted pause time: 101.10 ms, target pause time: 200.00 ms]
, 0.0178473 secs]
   [Parallel Time: 17.0 ms, GC Workers: 2]
      [GC Worker Start (ms): Min: 48583.4, Avg: 48583.5, Max: 48583.5, Diff: 0.0]
      [Ext Root Scanning (ms): Min: 0.6, Avg: 0.6, Max: 0.6, Diff: 0.0, Sum: 1.2]
      [Update RS (ms): Min: 0.1, Avg: 0.1, Max: 0.1, Diff: 0.0, Sum: 0.2]
         [Processed Buffers: Min: 1, Avg: 1.5, Max: 2, Diff: 1, Sum: 3]
      [Scan RS (ms): Min: 0.4, Avg: 0.4, Max: 0.4, Diff: 0.0, Sum: 0.9]
      [Code Root Scanning (ms): Min: 0.2, Avg: 0.2, Max: 0.2, Diff: 0.0, Sum: 0.3]
      [Object Copy (ms): Min: 15.6, Avg: 15.6, Max: 15.6, Diff: 0.0, Sum: 31.1]
      [Termination (ms): Min: 0.0, Avg: 0.0, Max: 0.0, Diff: 0.0, Sum: 0.0]
      [GC Worker Other (ms): Min: 0.1, Avg: 0.1, Max: 0.1, Diff: 0.0, Sum: 0.1]
      [GC Worker Total (ms): Min: 16.9, Avg: 16.9, Max: 16.9, Diff: 0.0, Sum: 33.9]
      [GC Worker End (ms): Min: 48600.4, Avg: 48600.4, Max: 48600.4, Diff: 0.0]
   [Code Root Fixup: 0.0 ms]
   [Code Root Migration: 0.1 ms]
   [Clear CT: 0.1 ms]
   [Other: 0.6 ms]
      [Choose CSet: 0.1 ms]
      [Ref Proc: 0.1 ms]
      [Ref Enq: 0.0 ms]
      [Free CSet: 0.3 ms]
   [Eden: 135.0M(135.0M)->0.0B(129.0M) Survivors: 15.0M->18.0M Heap: 213.9M(256.0M)->81.8M(256.0M)]
 [Times: user=0.03 sys=0.00, real=0.02 secs] 
2014-07-10T11:36:57.896+0200: 48.676: [GC pause (G1 Evacuation Pause) (young) 48.676: [G1Ergonomics (CSet Construction) start choosing CSet, _pending_cards: 513, predicted base time: 1.30 ms, remaining time: 198.70 ms, target pause time: 200.00 ms]
 48.676: [G1Ergonomics (CSet Construction) add young regions to CSet, eden: 129 regions, survivors: 18 regions, predicted young region time: 25.25 ms]
 48.676: [G1Ergonomics (CSet Construction) finish choosing CSet, eden: 129 regions, survivors: 18 regions, old: 0 regions, predicted pause time: 26.55 ms, target pause time: 200.00 ms]
, 0.0056204 secs]
   [Parallel Time: 5.0 ms, GC Workers: 2]
      [GC Worker Start (ms): Min: 48675.6, Avg: 48675.6, Max: 48675.6, Diff: 0.0]
      [Ext Root Scanning (ms): Min: 0.3, Avg: 0.3, Max: 0.3, Diff: 0.0, Sum: 0.7]
      [Update RS (ms): Min: 0.1, Avg: 0.1, Max: 0.1, Diff: 0.0, Sum: 0.1]
         [Processed Buffers: Min: 1, Avg: 2.0, Max: 3, Diff: 2, Sum: 4]
      [Scan RS (ms): Min: 0.2, Avg: 0.2, Max: 0.3, Diff: 0.0, Sum: 0.5]
      [Code Root Scanning (ms): Min: 0.1, Avg: 0.1, Max: 0.1, Diff: 0.0, Sum: 0.2]
      [Object Copy (ms): Min: 4.1, Avg: 4.2, Max: 4.2, Diff: 0.0, Sum: 8.3]
      [Termination (ms): Min: 0.0, Avg: 0.0, Max: 0.0, Diff: 0.0, Sum: 0.0]
      [GC Worker Other (ms): Min: 0.0, Avg: 0.0, Max: 0.0, Diff: 0.0, Sum: 0.1]
      [GC Worker Total (ms): Min: 4.9, Avg: 4.9, Max: 4.9, Diff: 0.0, Sum: 9.9]
      [GC Worker End (ms): Min: 48680.6, Avg: 48680.6, Max: 48680.6, Diff: 0.0]
   [Code Root Fixup: 0.0 ms]
   [Code Root Migration: 0.0 ms]
   [Clear CT: 0.1 ms]
   [Other: 0.4 ms]
      [Choose CSet: 0.0 ms]
      [Ref Proc: 0.1 ms]
      [Ref Enq: 0.0 ms]
      [Free CSet: 0.2 ms]
   [Eden: 129.0M(129.0M)->0.0B(144.0M) Survivors: 18.0M->7168.0K Heap: 210.8M(256.0M)->70.7M(256.0M)]
 [Times: user=0.00 sys=0.00, real=0.01 secs] 
2014-07-10T11:36:58.029+0200: 48.809: [GC pause (G1 Evacuation Pause) (young) 48.809: [G1Ergonomics (CSet Construction) start choosing CSet, _pending_cards: 512, predicted base time: 1.21 ms, remaining time: 198.79 ms, target pause time: 200.00 ms]
 48.809: [G1Ergonomics (CSet Construction) add young regions to CSet, eden: 144 regions, survivors: 7 regions, predicted young region time: 109.77 ms]
 48.809: [G1Ergonomics (CSet Construction) finish choosing CSet, eden: 144 regions, survivors: 7 regions, old: 0 regions, predicted pause time: 110.97 ms, target pause time: 200.00 ms]
, 0.0128433 secs]
   [Parallel Time: 12.3 ms, GC Workers: 2]
      [GC Worker Start (ms): Min: 48809.5, Avg: 48809.5, Max: 48809.5, Diff: 0.0]
      [Ext Root Scanning (ms): Min: 0.3, Avg: 0.3, Max: 0.4, Diff: 0.0, Sum: 0.7]
      [Update RS (ms): Min: 0.0, Avg: 0.0, Max: 0.1, Diff: 0.0, Sum: 0.1]
         [Processed Buffers: Min: 1, Avg: 1.5, Max: 2, Diff: 1, Sum: 3]
      [Scan RS (ms): Min: 0.2, Avg: 0.2, Max: 0.2, Diff: 0.0, Sum: 0.5]
      [Code Root Scanning (ms): Min: 0.1, Avg: 0.1, Max: 0.1, Diff: 0.0, Sum: 0.2]
      [Object Copy (ms): Min: 11.5, Avg: 11.5, Max: 11.5, Diff: 0.0, Sum: 22.9]
      [Termination (ms): Min: 0.0, Avg: 0.0, Max: 0.0, Diff: 0.0, Sum: 0.0]
      [GC Worker Other (ms): Min: 0.0, Avg: 0.0, Max: 0.0, Diff: 0.0, Sum: 0.1]
      [GC Worker Total (ms): Min: 12.2, Avg: 12.2, Max: 12.2, Diff: 0.0, Sum: 24.5]
      [GC Worker End (ms): Min: 48821.7, Avg: 48821.7, Max: 48821.7, Diff: 0.0]
   [Code Root Fixup: 0.0 ms]
   [Code Root Migration: 0.0 ms]
   [Clear CT: 0.1 ms]
   [Other: 0.4 ms]
      [Choose CSet: 0.0 ms]
      [Ref Proc: 0.0 ms]
      [Ref Enq: 0.0 ms]
      [Free CSet: 0.2 ms]
   [Eden: 144.0M(144.0M)->0.0B(127.0M) Survivors: 7168.0K->19.0M Heap: 214.7M(256.0M)->82.6M(256.0M)]
 [Times: user=0.03 sys=0.00, real=0.01 secs] 
2014-07-10T11:36:58.199+0200: 48.979: [GC pause (G1 Evacuation Pause) (young) 48.979: [G1Ergonomics (CSet Construction) start choosing CSet, _pending_cards: 512, predicted base time: 1.13 ms, remaining time: 198.87 ms, target pause time: 200.00 ms]
 48.979: [G1Ergonomics (CSet Construction) add young regions to CSet, eden: 127 regions, survivors: 19 regions, predicted young region time: 21.55 ms]
 48.979: [G1Ergonomics (CSet Construction) finish choosing CSet, eden: 127 regions, survivors: 19 regions, old: 0 regions, predicted pause time: 22.68 ms, target pause time: 200.00 ms]
, 0.0165880 secs]
   [Parallel Time: 15.0 ms, GC Workers: 2]
      [GC Worker Start (ms): Min: 48979.5, Avg: 48979.5, Max: 48979.5, Diff: 0.0]
      [Ext Root Scanning (ms): Min: 0.6, Avg: 0.6, Max: 0.6, Diff: 0.0, Sum: 1.2]
      [Update RS (ms): Min: 0.0, Avg: 0.1, Max: 0.1, Diff: 0.1, Sum: 0.1]
         [Processed Buffers: Min: 1, Avg: 1.5, Max: 2, Diff: 1, Sum: 3]
      [Scan RS (ms): Min: 0.5, Avg: 0.5, Max: 0.5, Diff: 0.0, Sum: 0.9]
      [Code Root Scanning (ms): Min: 0.1, Avg: 0.1, Max: 0.1, Diff: 0.0, Sum: 0.3]
      [Object Copy (ms): Min: 13.5, Avg: 13.5, Max: 13.5, Diff: 0.0, Sum: 27.1]
      [Termination (ms): Min: 0.0, Avg: 0.0, Max: 0.0, Diff: 0.0, Sum: 0.0]
      [GC Worker Other (ms): Min: 0.0, Avg: 0.1, Max: 0.1, Diff: 0.0, Sum: 0.1]
      [GC Worker Total (ms): Min: 14.9, Avg: 14.9, Max: 14.9, Diff: 0.0, Sum: 29.7]
      [GC Worker End (ms): Min: 48994.4, Avg: 48994.4, Max: 48994.4, Diff: 0.0]
   [Code Root Fixup: 0.0 ms]
   [Code Root Migration: 0.1 ms]
   [Clear CT: 0.2 ms]
   [Other: 1.3 ms]
      [Choose CSet: 0.1 ms]
      [Ref Proc: 0.5 ms]
      [Ref Enq: 0.0 ms]
      [Free CSet: 0.5 ms]
   [Eden: 127.0M(127.0M)->0.0B(135.0M) Survivors: 19.0M->14.0M Heap: 209.6M(256.0M)->77.5M(256.0M)]
 [Times: user=0.03 sys=0.00, real=0.02 secs] 
2014-07-10T11:36:58.297+0200: 49.077: [GC pause (G1 Evacuation Pause) (young) 49.077: [G1Ergonomics (CSet Construction) start choosing CSet, _pending_cards: 512, predicted base time: 1.49 ms, remaining time: 198.51 ms, target pause time: 200.00 ms]
 49.077: [G1Ergonomics (CSet Construction) add young regions to CSet, eden: 135 regions, survivors: 14 regions, predicted young region time: 115.06 ms]
 49.077: [G1Ergonomics (CSet Construction) finish choosing CSet, eden: 135 regions, survivors: 14 regions, old: 0 regions, predicted pause time: 116.54 ms, target pause time: 200.00 ms]
, 0.0113537 secs]
   [Parallel Time: 10.7 ms, GC Workers: 2]
      [GC Worker Start (ms): Min: 49077.0, Avg: 49077.0, Max: 49077.0, Diff: 0.0]
      [Ext Root Scanning (ms): Min: 0.3, Avg: 0.3, Max: 0.3, Diff: 0.0, Sum: 0.7]
      [Update RS (ms): Min: 0.1, Avg: 0.1, Max: 0.1, Diff: 0.0, Sum: 0.1]
         [Processed Buffers: Min: 1, Avg: 1.5, Max: 2, Diff: 1, Sum: 3]
      [Scan RS (ms): Min: 0.2, Avg: 0.2, Max: 0.2, Diff: 0.0, Sum: 0.5]
      [Code Root Scanning (ms): Min: 0.1, Avg: 0.1, Max: 0.1, Diff: 0.0, Sum: 0.2]
      [Object Copy (ms): Min: 9.8, Avg: 9.9, Max: 9.9, Diff: 0.0, Sum: 19.7]
      [Termination (ms): Min: 0.0, Avg: 0.0, Max: 0.0, Diff: 0.0, Sum: 0.0]
      [GC Worker Other (ms): Min: 0.0, Avg: 0.0, Max: 0.0, Diff: 0.0, Sum: 0.1]
      [GC Worker Total (ms): Min: 10.6, Avg: 10.6, Max: 10.6, Diff: 0.0, Sum: 21.3]
      [GC Worker End (ms): Min: 49087.6, Avg: 49087.7, Max: 49087.7, Diff: 0.0]
   [Code Root Fixup: 0.0 ms]
   [Code Root Migration: 0.0 ms]
   [Clear CT: 0.1 ms]
   [Other: 0.5 ms]
      [Choose CSet: 0.0 ms]
      [Ref Proc: 0.1 ms]
      [Ref Enq: 0.0 ms]
      [Free CSet: 0.2 ms]
   [Eden: 135.0M(135.0M)->0.0B(133.0M) Survivors: 14.0M->16.0M Heap: 212.5M(256.0M)->80.4M(256.0M)]
 [Times: user=0.03 sys=0.00, real=0.01 secs] 
2014-07-10T11:36:58.448+0200: 49.228: [GC pause (G1 Evacuation Pause) (young) 49.228: [G1Ergonomics (CSet Construction) start choosing CSet, _pending_cards: 256, predicted base time: 1.32 ms, remaining time: 198.68 ms, target pause time: 200.00 ms]
 49.228: [G1Ergonomics (CSet Construction) add young regions to CSet, eden: 133 regions, survivors: 16 regions, predicted young region time: 105.91 ms]
 49.229: [G1Ergonomics (CSet Construction) finish choosing CSet, eden: 133 regions, survivors: 16 regions, old: 0 regions, predicted pause time: 107.23 ms, target pause time: 200.00 ms]
, 0.0133679 secs]
   [Parallel Time: 12.5 ms, GC Workers: 2]
      [GC Worker Start (ms): Min: 49228.9, Avg: 49234.3, Max: 49239.8, Diff: 10.9]
      [Ext Root Scanning (ms): Min: 0.0, Avg: 0.2, Max: 0.4, Diff: 0.4, Sum: 0.4]
      [Update RS (ms): Min: 0.0, Avg: 0.0, Max: 0.1, Diff: 0.1, Sum: 0.1]
         [Processed Buffers: Min: 0, Avg: 1.0, Max: 2, Diff: 2, Sum: 2]
      [Scan RS (ms): Min: 0.0, Avg: 0.2, Max: 0.4, Diff: 0.4, Sum: 0.5]
      [Code Root Scanning (ms): Min: 0.0, Avg: 0.1, Max: 0.2, Diff: 0.2, Sum: 0.2]
      [Object Copy (ms): Min: 1.1, Avg: 6.1, Max: 11.0, Diff: 10.0, Sum: 12.1]
      [Termination (ms): Min: 0.0, Avg: 0.0, Max: 0.0, Diff: 0.0, Sum: 0.0]
      [GC Worker Other (ms): Min: 0.0, Avg: 0.0, Max: 0.0, Diff: 0.0, Sum: 0.1]
      [GC Worker Total (ms): Min: 1.2, Avg: 6.7, Max: 12.2, Diff: 10.9, Sum: 13.4]
      [GC Worker End (ms): Min: 49241.0, Avg: 49241.0, Max: 49241.0, Diff: 0.0]
   [Code Root Fixup: 0.0 ms]
   [Code Root Migration: 0.1 ms]
   [Clear CT: 0.2 ms]
   [Other: 0.6 ms]
      [Choose CSet: 0.0 ms]
      [Ref Proc: 0.1 ms]
      [Ref Enq: 0.0 ms]
      [Free CSet: 0.2 ms]
   [Eden: 133.0M(133.0M)->0.0B(131.0M) Survivors: 16.0M->17.0M Heap: 213.4M(256.0M)->81.2M(256.0M)]
 [Times: user=0.01 sys=0.00, real=0.01 secs] 
2014-07-10T11:36:58.591+0200: 49.371: [GC pause (G1 Evacuation Pause) (young) 49.371: [G1Ergonomics (CSet Construction) start choosing CSet, _pending_cards: 259, predicted base time: 3.88 ms, remaining time: 196.12 ms, target pause time: 200.00 ms]
 49.371: [G1Ergonomics (CSet Construction) add young regions to CSet, eden: 131 regions, survivors: 17 regions, predicted young region time: 68.22 ms]
 49.371: [G1Ergonomics (CSet Construction) finish choosing CSet, eden: 131 regions, survivors: 17 regions, old: 0 regions, predicted pause time: 72.09 ms, target pause time: 200.00 ms]
, 0.0029528 secs]
   [Parallel Time: 2.4 ms, GC Workers: 2]
      [GC Worker Start (ms): Min: 49370.6, Avg: 49370.6, Max: 49370.6, Diff: 0.0]
      [Ext Root Scanning (ms): Min: 0.2, Avg: 0.2, Max: 0.2, Diff: 0.0, Sum: 0.4]
      [Update RS (ms): Min: 0.0, Avg: 0.0, Max: 0.0, Diff: 0.0, Sum: 0.1]
         [Processed Buffers: Min: 1, Avg: 1.5, Max: 2, Diff: 1, Sum: 3]
      [Scan RS (ms): Min: 0.2, Avg: 0.2, Max: 0.2, Diff: 0.0, Sum: 0.4]
      [Code Root Scanning (ms): Min: 0.1, Avg: 0.1, Max: 0.1, Diff: 0.0, Sum: 0.2]
      [Object Copy (ms): Min: 1.8, Avg: 1.8, Max: 1.8, Diff: 0.0, Sum: 3.5]
      [Termination (ms): Min: 0.0, Avg: 0.0, Max: 0.0, Diff: 0.0, Sum: 0.0]
      [GC Worker Other (ms): Min: 0.0, Avg: 0.0, Max: 0.0, Diff: 0.0, Sum: 0.0]
      [GC Worker Total (ms): Min: 2.3, Avg: 2.3, Max: 2.3, Diff: 0.0, Sum: 4.6]
      [GC Worker End (ms): Min: 49372.9, Avg: 49372.9, Max: 49372.9, Diff: 0.0]
   [Code Root Fixup: 0.0 ms]
   [Code Root Migration: 0.1 ms]
   [Clear CT: 0.1 ms]
   [Other: 0.4 ms]
      [Choose CSet: 0.0 ms]
      [Ref Proc: 0.1 ms]
      [Ref Enq: 0.0 ms]
      [Free CSet: 0.2 ms]
   [Eden: 131.0M(131.0M)->0.0B(146.0M) Survivors: 17.0M->4096.0K Heap: 212.2M(256.0M)->68.0M(256.0M)]
 [Times: user=0.00 sys=0.00, real=0.00 secs] 
2014-07-10T11:36:58.706+0200: 49.486: [GC pause (G1 Evacuation Pause) (young) 49.486: [G1Ergonomics (CSet Construction) start choosing CSet, _pending_cards: 512, predicted base time: 3.20 ms, remaining time: 196.80 ms, target pause time: 200.00 ms]
 49.486: [G1Ergonomics (CSet Construction) add young regions to CSet, eden: 146 regions, survivors: 4 regions, predicted young region time: 95.06 ms]
 49.486: [G1Ergonomics (CSet Construction) finish choosing CSet, eden: 146 regions, survivors: 4 regions, old: 0 regions, predicted pause time: 98.26 ms, target pause time: 200.00 ms]
, 0.0163211 secs]
   [Parallel Time: 15.5 ms, GC Workers: 2]
      [GC Worker Start (ms): Min: 49486.5, Avg: 49486.5, Max: 49486.5, Diff: 0.0]
      [Ext Root Scanning (ms): Min: 0.6, Avg: 0.6, Max: 0.6, Diff: 0.0, Sum: 1.1]
      [Update RS (ms): Min: 0.1, Avg: 0.1, Max: 0.1, Diff: 0.0, Sum: 0.2]
         [Processed Buffers: Min: 1, Avg: 1.5, Max: 2, Diff: 1, Sum: 3]
      [Scan RS (ms): Min: 0.4, Avg: 0.4, Max: 0.4, Diff: 0.0, Sum: 0.8]
      [Code Root Scanning (ms): Min: 0.1, Avg: 0.2, Max: 0.2, Diff: 0.0, Sum: 0.3]
      [Object Copy (ms): Min: 14.2, Avg: 14.2, Max: 14.2, Diff: 0.0, Sum: 28.4]
      [Termination (ms): Min: 0.0, Avg: 0.0, Max: 0.0, Diff: 0.0, Sum: 0.0]
      [GC Worker Other (ms): Min: 0.0, Avg: 0.0, Max: 0.0, Diff: 0.0, Sum: 0.1]
      [GC Worker Total (ms): Min: 15.4, Avg: 15.4, Max: 15.4, Diff: 0.0, Sum: 30.9]
      [GC Worker End (ms): Min: 49501.9, Avg: 49501.9, Max: 49501.9, Diff: 0.0]
   [Code Root Fixup: 0.0 ms]
   [Code Root Migration: 0.1 ms]
   [Clear CT: 0.2 ms]
   [Other: 0.6 ms]
      [Choose CSet: 0.1 ms]
      [Ref Proc: 0.1 ms]
      [Ref Enq: 0.0 ms]
      [Free CSet: 0.3 ms]
   [Eden: 146.0M(146.0M)->0.0B(129.0M) Survivors: 4096.0K->18.0M Heap: 214.0M(256.0M)->81.9M(256.0M)]
 [Times: user=0.03 sys=0.00, real=0.02 secs] 
2014-07-10T11:36:58.849+0200: 49.629: [GC pause (G1 Evacuation Pause) (young) 49.629: [G1Ergonomics (CSet Construction) start choosing CSet, _pending_cards: 512, predicted base time: 2.79 ms, remaining time: 197.21 ms, target pause time: 200.00 ms]
 49.629: [G1Ergonomics (CSet Construction) add young regions to CSet, eden: 129 regions, survivors: 18 regions, predicted young region time: 68.80 ms]
 49.629: [G1Ergonomics (CSet Construction) finish choosing CSet, eden: 129 regions, survivors: 18 regions, old: 0 regions, predicted pause time: 71.60 ms, target pause time: 200.00 ms]
, 0.0102963 secs]
   [Parallel Time: 9.7 ms, GC Workers: 2]
      [GC Worker Start (ms): Min: 49628.8, Avg: 49628.8, Max: 49628.8, Diff: 0.0]
      [Ext Root Scanning (ms): Min: 0.3, Avg: 0.3, Max: 0.3, Diff: 0.0, Sum: 0.6]
      [Update RS (ms): Min: 0.0, Avg: 0.0, Max: 0.0, Diff: 0.0, Sum: 0.1]
         [Processed Buffers: Min: 1, Avg: 1.5, Max: 2, Diff: 1, Sum: 3]
      [Scan RS (ms): Min: 0.2, Avg: 0.2, Max: 0.2, Diff: 0.0, Sum: 0.4]
      [Code Root Scanning (ms): Min: 0.1, Avg: 0.1, Max: 0.1, Diff: 0.0, Sum: 0.2]
      [Object Copy (ms): Min: 9.0, Avg: 9.0, Max: 9.0, Diff: 0.0, Sum: 18.0]
      [Termination (ms): Min: 0.0, Avg: 0.0, Max: 0.0, Diff: 0.0, Sum: 0.0]
      [GC Worker Other (ms): Min: 0.0, Avg: 0.0, Max: 0.0, Diff: 0.0, Sum: 0.1]
      [GC Worker Total (ms): Min: 9.7, Avg: 9.7, Max: 9.7, Diff: 0.0, Sum: 19.4]
      [GC Worker End (ms): Min: 49638.5, Avg: 49638.5, Max: 49638.5, Diff: 0.0]
   [Code Root Fixup: 0.0 ms]
   [Code Root Migration: 0.0 ms]
   [Clear CT: 0.1 ms]
   [Other: 0.4 ms]
      [Choose CSet: 0.0 ms]
      [Ref Proc: 0.1 ms]
      [Ref Enq: 0.0 ms]
      [Free CSet: 0.2 ms]
   [Eden: 129.0M(129.0M)->0.0B(134.0M) Survivors: 18.0M->15.0M Heap: 210.9M(256.0M)->78.8M(256.0M)]
 [Times: user=0.00 sys=0.00, real=0.01 secs] 
2014-07-10T11:36:58.991+0200: 49.771: [GC pause (G1 Evacuation Pause) (young) 49.771: [G1Ergonomics (CSet Construction) start choosing CSet, _pending_cards: 514, predicted base time: 2.35 ms, remaining time: 197.65 ms, target pause time: 200.00 ms]
 49.771: [G1Ergonomics (CSet Construction) add young regions to CSet, eden: 134 regions, survivors: 15 regions, predicted young region time: 93.35 ms]
 49.771: [G1Ergonomics (CSet Construction) finish choosing CSet, eden: 134 regions, survivors: 15 regions, old: 0 regions, predicted pause time: 95.70 ms, target pause time: 200.00 ms]
, 0.0034437 secs]
   [Parallel Time: 2.9 ms, GC Workers: 2]
      [GC Worker Start (ms): Min: 49770.6, Avg: 49770.6, Max: 49770.6, Diff: 0.0]
      [Ext Root Scanning (ms): Min: 0.2, Avg: 0.2, Max: 0.2, Diff: 0.0, Sum: 0.4]
      [Update RS (ms): Min: 0.0, Avg: 0.1, Max: 0.1, Diff: 0.0, Sum: 0.1]
         [Processed Buffers: Min: 2, Avg: 2.0, Max: 2, Diff: 0, Sum: 4]
      [Scan RS (ms): Min: 0.2, Avg: 0.2, Max: 0.2, Diff: 0.0, Sum: 0.4]
      [Code Root Scanning (ms): Min: 0.1, Avg: 0.1, Max: 0.1, Diff: 0.0, Sum: 0.2]
      [Object Copy (ms): Min: 2.2, Avg: 2.2, Max: 2.2, Diff: 0.0, Sum: 4.5]
      [Termination (ms): Min: 0.0, Avg: 0.0, Max: 0.0, Diff: 0.0, Sum: 0.0]
      [GC Worker Other (ms): Min: 0.0, Avg: 0.0, Max: 0.0, Diff: 0.0, Sum: 0.1]
      [GC Worker Total (ms): Min: 2.8, Avg: 2.8, Max: 2.8, Diff: 0.0, Sum: 5.6]
      [GC Worker End (ms): Min: 49773.4, Avg: 49773.5, Max: 49773.5, Diff: 0.0]
   [Code Root Fixup: 0.0 ms]
   [Code Root Migration: 0.0 ms]
   [Clear CT: 0.2 ms]
   [Other: 0.4 ms]
      [Choose CSet: 0.0 ms]
      [Ref Proc: 0.1 ms]
      [Ref Enq: 0.0 ms]
      [Free CSet: 0.2 ms]
   [Eden: 134.0M(134.0M)->0.0B(146.0M) Survivors: 15.0M->5120.0K Heap: 212.8M(256.0M)->68.6M(256.0M)]
 [Times: user=0.00 sys=0.00, real=0.00 secs] 
2014-07-10T11:36:59.098+0200: 49.877: [GC pause (G1 Evacuation Pause) (young) 49.877: [G1Ergonomics (CSet Construction) start choosing CSet, _pending_cards: 256, predicted base time: 1.96 ms, remaining time: 198.04 ms, target pause time: 200.00 ms]
 49.878: [G1Ergonomics (CSet Construction) add young regions to CSet, eden: 146 regions, survivors: 5 regions, predicted young region time: 20.35 ms]
 49.878: [G1Ergonomics (CSet Construction) finish choosing CSet, eden: 146 regions, survivors: 5 regions, old: 0 regions, predicted pause time: 22.31 ms, target pause time: 200.00 ms]
, 0.0125397 secs]
   [Parallel Time: 12.0 ms, GC Workers: 2]
      [GC Worker Start (ms): Min: 49877.5, Avg: 49877.6, Max: 49877.6, Diff: 0.0]
      [Ext Root Scanning (ms): Min: 0.3, Avg: 0.3, Max: 0.3, Diff: 0.0, Sum: 0.6]
      [Update RS (ms): Min: 0.0, Avg: 0.0, Max: 0.1, Diff: 0.1, Sum: 0.1]
         [Processed Buffers: Min: 1, Avg: 1.0, Max: 1, Diff: 0, Sum: 2]
      [Scan RS (ms): Min: 0.2, Avg: 0.2, Max: 0.3, Diff: 0.0, Sum: 0.5]
      [Code Root Scanning (ms): Min: 0.1, Avg: 0.1, Max: 0.1, Diff: 0.0, Sum: 0.2]
      [Object Copy (ms): Min: 11.0, Avg: 11.1, Max: 11.2, Diff: 0.3, Sum: 22.2]
      [Termination (ms): Min: 0.0, Avg: 0.1, Max: 0.3, Diff: 0.3, Sum: 0.3]
      [GC Worker Other (ms): Min: 0.0, Avg: 0.0, Max: 0.0, Diff: 0.0, Sum: 0.0]
      [GC Worker Total (ms): Min: 11.9, Avg: 12.0, Max: 12.0, Diff: 0.0, Sum: 23.9]
      [GC Worker End (ms): Min: 49889.5, Avg: 49889.5, Max: 49889.5, Diff: 0.0]
   [Code Root Fixup: 0.0 ms]
   [Code Root Migration: 0.0 ms]
   [Clear CT: 0.1 ms]
   [Other: 0.4 ms]
      [Choose CSet: 0.0 ms]
      [Ref Proc: 0.0 ms]
      [Ref Enq: 0.0 ms]
      [Free CSet: 0.2 ms]
   [Eden: 146.0M(146.0M)->0.0B(129.0M) Survivors: 5120.0K->18.0M Heap: 214.6M(256.0M)->82.5M(256.0M)]
 [Times: user=0.00 sys=0.00, real=0.01 secs] 
2014-07-10T11:36:59.227+0200: 50.007: [GC pause (G1 Evacuation Pause) (young) 50.007: [G1Ergonomics (CSet Construction) start choosing CSet, _pending_cards: 256, predicted base time: 1.72 ms, remaining time: 198.28 ms, target pause time: 200.00 ms]
 50.007: [G1Ergonomics (CSet Construction) add young regions to CSet, eden: 129 regions, survivors: 18 regions, predicted young region time: 83.89 ms]
 50.007: [G1Ergonomics (CSet Construction) finish choosing CSet, eden: 129 regions, survivors: 18 regions, old: 0 regions, predicted pause time: 85.61 ms, target pause time: 200.00 ms]
, 0.0113504 secs]
   [Parallel Time: 10.5 ms, GC Workers: 2]
      [GC Worker Start (ms): Min: 50006.9, Avg: 50006.9, Max: 50006.9, Diff: 0.0]
      [Ext Root Scanning (ms): Min: 0.3, Avg: 0.3, Max: 0.3, Diff: 0.0, Sum: 0.7]
      [Update RS (ms): Min: 0.0, Avg: 0.0, Max: 0.1, Diff: 0.1, Sum: 0.1]
         [Processed Buffers: Min: 1, Avg: 1.0, Max: 1, Diff: 0, Sum: 2]
      [Scan RS (ms): Min: 0.2, Avg: 0.2, Max: 0.3, Diff: 0.0, Sum: 0.5]
      [Code Root Scanning (ms): Min: 0.1, Avg: 0.1, Max: 0.1, Diff: 0.0, Sum: 0.2]
      [Object Copy (ms): Min: 9.7, Avg: 9.7, Max: 9.7, Diff: 0.0, Sum: 19.3]
      [Termination (ms): Min: 0.0, Avg: 0.0, Max: 0.0, Diff: 0.0, Sum: 0.0]
      [GC Worker Other (ms): Min: 0.0, Avg: 0.0, Max: 0.0, Diff: 0.0, Sum: 0.1]
      [GC Worker Total (ms): Min: 10.4, Avg: 10.4, Max: 10.4, Diff: 0.0, Sum: 20.9]
      [GC Worker End (ms): Min: 50017.3, Avg: 50017.3, Max: 50017.3, Diff: 0.0]
   [Code Root Fixup: 0.0 ms]
   [Code Root Migration: 0.0 ms]
   [Clear CT: 0.1 ms]
   [Other: 0.7 ms]
      [Choose CSet: 0.0 ms]
      [Ref Proc: 0.4 ms]
      [Ref Enq: 0.0 ms]
      [Free CSet: 0.2 ms]
   [Eden: 129.0M(129.0M)->0.0B(134.0M) Survivors: 18.0M->15.0M Heap: 211.5M(256.0M)->79.3M(256.0M)]
 [Times: user=0.03 sys=0.00, real=0.01 secs] 
2014-07-10T11:36:59.403+0200: 50.183: [GC pause (G1 Evacuation Pause) (young) 50.183: [G1Ergonomics (CSet Construction) start choosing CSet, _pending_cards: 256, predicted base time: 1.63 ms, remaining time: 198.37 ms, target pause time: 200.00 ms]
 50.183: [G1Ergonomics (CSet Construction) add young regions to CSet, eden: 134 regions, survivors: 15 regions, predicted young region time: 21.06 ms]
 50.183: [G1Ergonomics (CSet Construction) finish choosing CSet, eden: 134 regions, survivors: 15 regions, old: 0 regions, predicted pause time: 22.68 ms, target pause time: 200.00 ms]
, 0.0196695 secs]
   [Parallel Time: 18.5 ms, GC Workers: 2]
      [GC Worker Start (ms): Min: 50182.8, Avg: 50182.8, Max: 50182.8, Diff: 0.0]
      [Ext Root Scanning (ms): Min: 0.8, Avg: 0.8, Max: 0.9, Diff: 0.1, Sum: 1.6]
      [Update RS (ms): Min: 0.0, Avg: 0.1, Max: 0.1, Diff: 0.1, Sum: 0.2]
         [Processed Buffers: Min: 1, Avg: 1.0, Max: 1, Diff: 0, Sum: 2]
      [Scan RS (ms): Min: 0.4, Avg: 0.4, Max: 0.4, Diff: 0.0, Sum: 0.8]
      [Code Root Scanning (ms): Min: 0.1, Avg: 0.1, Max: 0.2, Diff: 0.0, Sum: 0.3]
      [Object Copy (ms): Min: 16.9, Avg: 16.9, Max: 16.9, Diff: 0.0, Sum: 33.8]
      [Termination (ms): Min: 0.0, Avg: 0.0, Max: 0.0, Diff: 0.0, Sum: 0.0]
      [GC Worker Other (ms): Min: 0.0, Avg: 0.0, Max: 0.0, Diff: 0.0, Sum: 0.1]
      [GC Worker Total (ms): Min: 18.4, Avg: 18.4, Max: 18.4, Diff: 0.0, Sum: 36.8]
      [GC Worker End (ms): Min: 50201.2, Avg: 50201.2, Max: 50201.2, Diff: 0.0]
   [Code Root Fixup: 0.0 ms]
   [Code Root Migration: 0.1 ms]
   [Clear CT: 0.2 ms]
   [Other: 0.9 ms]
      [Choose CSet: 0.1 ms]
      [Ref Proc: 0.1 ms]
      [Ref Enq: 0.0 ms]
      [Free CSet: 0.4 ms]
   [Eden: 134.0M(134.0M)->0.0B(131.0M) Survivors: 15.0M->17.0M Heap: 213.3M(256.0M)->81.2M(256.0M)]
 [Times: user=0.05 sys=0.00, real=0.02 secs] 
2014-07-10T11:36:59.503+0200: 50.283: [GC pause (G1 Evacuation Pause) (young) 50.283: [G1Ergonomics (CSet Construction) start choosing CSet, _pending_cards: 260, predicted base time: 1.74 ms, remaining time: 198.26 ms, target pause time: 200.00 ms]
 50.283: [G1Ergonomics (CSet Construction) add young regions to CSet, eden: 131 regions, survivors: 17 regions, predicted young region time: 105.36 ms]
 50.283: [G1Ergonomics (CSet Construction) finish choosing CSet, eden: 131 regions, survivors: 17 regions, old: 0 regions, predicted pause time: 107.10 ms, target pause time: 200.00 ms]
, 0.0023061 secs]
   [Parallel Time: 1.8 ms, GC Workers: 2]
      [GC Worker Start (ms): Min: 50282.9, Avg: 50282.9, Max: 50282.9, Diff: 0.0]
      [Ext Root Scanning (ms): Min: 0.3, Avg: 0.3, Max: 0.4, Diff: 0.1, Sum: 0.7]
      [Update RS (ms): Min: 0.0, Avg: 0.0, Max: 0.1, Diff: 0.1, Sum: 0.1]
         [Processed Buffers: Min: 0, Avg: 1.5, Max: 3, Diff: 3, Sum: 3]
      [Scan RS (ms): Min: 0.2, Avg: 0.3, Max: 0.3, Diff: 0.1, Sum: 0.5]
      [Code Root Scanning (ms): Min: 0.1, Avg: 0.1, Max: 0.1, Diff: 0.0, Sum: 0.2]
      [Object Copy (ms): Min: 1.0, Avg: 1.0, Max: 1.0, Diff: 0.0, Sum: 2.0]
      [Termination (ms): Min: 0.0, Avg: 0.0, Max: 0.0, Diff: 0.0, Sum: 0.0]
      [GC Worker Other (ms): Min: 0.0, Avg: 0.0, Max: 0.0, Diff: 0.0, Sum: 0.0]
      [GC Worker Total (ms): Min: 1.7, Avg: 1.7, Max: 1.7, Diff: 0.0, Sum: 3.5]
      [GC Worker End (ms): Min: 50284.7, Avg: 50284.7, Max: 50284.7, Diff: 0.0]
   [Code Root Fixup: 0.0 ms]
   [Code Root Migration: 0.0 ms]
   [Clear CT: 0.1 ms]
   [Other: 0.4 ms]
      [Choose CSet: 0.0 ms]
      [Ref Proc: 0.0 ms]
      [Ref Enq: 0.0 ms]
      [Free CSet: 0.2 ms]
   [Eden: 131.0M(131.0M)->0.0B(148.0M) Survivors: 17.0M->3072.0K Heap: 212.2M(256.0M)->67.0M(256.0M)]
 [Times: user=0.00 sys=0.00, real=0.00 secs] 
2014-07-10T11:36:59.628+0200: 50.408: [GC pause (G1 Evacuation Pause) (young) 50.408: [G1Ergonomics (CSet Construction) start choosing CSet, _pending_cards: 256, predicted base time: 1.52 ms, remaining time: 198.48 ms, target pause time: 200.00 ms]
 50.408: [G1Ergonomics (CSet Construction) add young regions to CSet, eden: 148 regions, survivors: 3 regions, predicted young region time: 105.75 ms]
 50.408: [G1Ergonomics (CSet Construction) finish choosing CSet, eden: 148 regions, survivors: 3 regions, old: 0 regions, predicted pause time: 107.26 ms, target pause time: 200.00 ms]
, 0.0131226 secs]
   [Parallel Time: 12.2 ms, GC Workers: 2]
      [GC Worker Start (ms): Min: 50408.4, Avg: 50408.4, Max: 50408.4, Diff: 0.0]
      [Ext Root Scanning (ms): Min: 0.3, Avg: 0.3, Max: 0.3, Diff: 0.0, Sum: 0.6]
      [Update RS (ms): Min: 0.0, Avg: 0.0, Max: 0.1, Diff: 0.1, Sum: 0.1]
         [Processed Buffers: Min: 1, Avg: 1.0, Max: 1, Diff: 0, Sum: 2]
      [Scan RS (ms): Min: 0.2, Avg: 0.2, Max: 0.2, Diff: 0.0, Sum: 0.5]
      [Code Root Scanning (ms): Min: 0.1, Avg: 0.1, Max: 0.1, Diff: 0.0, Sum: 0.2]
      [Object Copy (ms): Min: 11.4, Avg: 11.4, Max: 11.4, Diff: 0.0, Sum: 22.8]
      [Termination (ms): Min: 0.0, Avg: 0.0, Max: 0.0, Diff: 0.0, Sum: 0.0]
      [GC Worker Other (ms): Min: 0.0, Avg: 0.0, Max: 0.0, Diff: 0.0, Sum: 0.1]
      [GC Worker Total (ms): Min: 12.1, Avg: 12.1, Max: 12.1, Diff: 0.0, Sum: 24.3]
      [GC Worker End (ms): Min: 50420.6, Avg: 50420.6, Max: 50420.6, Diff: 0.0]
   [Code Root Fixup: 0.0 ms]
   [Code Root Migration: 0.1 ms]
   [Clear CT: 0.1 ms]
   [Other: 0.8 ms]
      [Choose CSet: 0.0 ms]
      [Ref Proc: 0.4 ms]
      [Ref Enq: 0.0 ms]
      [Free CSet: 0.3 ms]
   [Eden: 148.0M(148.0M)->0.0B(127.0M) Survivors: 3072.0K->19.0M Heap: 215.0M(256.0M)->82.9M(256.0M)]
 [Times: user=0.03 sys=0.00, real=0.01 secs] 
2014-07-10T11:36:59.799+0200: 50.579: [GC pause (G1 Evacuation Pause) (young) 50.579: [G1Ergonomics (CSet Construction) start choosing CSet, _pending_cards: 256, predicted base time: 1.45 ms, remaining time: 198.55 ms, target pause time: 200.00 ms]
 50.579: [G1Ergonomics (CSet Construction) add young regions to CSet, eden: 127 regions, survivors: 19 regions, predicted young region time: 66.15 ms]
 50.579: [G1Ergonomics (CSet Construction) finish choosing CSet, eden: 127 regions, survivors: 19 regions, old: 0 regions, predicted pause time: 67.60 ms, target pause time: 200.00 ms]
, 0.0101944 secs]
   [Parallel Time: 9.4 ms, GC Workers: 2]
      [GC Worker Start (ms): Min: 50578.8, Avg: 50578.8, Max: 50578.9, Diff: 0.0]
      [Ext Root Scanning (ms): Min: 0.3, Avg: 0.3, Max: 0.3, Diff: 0.0, Sum: 0.6]
      [Update RS (ms): Min: 0.0, Avg: 0.0, Max: 0.1, Diff: 0.1, Sum: 0.1]
         [Processed Buffers: Min: 1, Avg: 1.0, Max: 1, Diff: 0, Sum: 2]
      [Scan RS (ms): Min: 0.3, Avg: 0.4, Max: 0.4, Diff: 0.1, Sum: 0.7]
      [Code Root Scanning (ms): Min: 0.1, Avg: 0.1, Max: 0.2, Diff: 0.1, Sum: 0.3]
      [Object Copy (ms): Min: 8.5, Avg: 8.5, Max: 8.5, Diff: 0.0, Sum: 17.0]
      [Termination (ms): Min: 0.0, Avg: 0.0, Max: 0.0, Diff: 0.0, Sum: 0.0]
      [GC Worker Other (ms): Min: 0.0, Avg: 0.0, Max: 0.0, Diff: 0.0, Sum: 0.1]
      [GC Worker Total (ms): Min: 9.4, Avg: 9.4, Max: 9.4, Diff: 0.0, Sum: 18.8]
      [GC Worker End (ms): Min: 50588.2, Avg: 50588.2, Max: 50588.2, Diff: 0.0]
   [Code Root Fixup: 0.0 ms]
   [Code Root Migration: 0.1 ms]
   [Clear CT: 0.1 ms]
   [Other: 0.5 ms]
      [Choose CSet: 0.0 ms]
      [Ref Proc: 0.1 ms]
      [Ref Enq: 0.0 ms]
      [Free CSet: 0.3 ms]
   [Eden: 127.0M(127.0M)->0.0B(135.0M) Survivors: 19.0M->14.0M Heap: 209.9M(256.0M)->77.8M(256.0M)]
 [Times: user=0.00 sys=0.00, real=0.01 secs] 
2014-07-10T11:36:59.896+0200: 50.676: [GC pause (G1 Evacuation Pause) (young) 50.676: [G1Ergonomics (CSet Construction) start choosing CSet, _pending_cards: 256, predicted base time: 1.34 ms, remaining time: 198.66 ms, target pause time: 200.00 ms]
 50.676: [G1Ergonomics (CSet Construction) add young regions to CSet, eden: 135 regions, survivors: 14 regions, predicted young region time: 92.67 ms]
 50.677: [G1Ergonomics (CSet Construction) finish choosing CSet, eden: 135 regions, survivors: 14 regions, old: 0 regions, predicted pause time: 94.02 ms, target pause time: 200.00 ms]
, 0.0115971 secs]
   [Parallel Time: 10.9 ms, GC Workers: 2]
      [GC Worker Start (ms): Min: 50676.6, Avg: 50676.6, Max: 50676.6, Diff: 0.0]
      [Ext Root Scanning (ms): Min: 0.3, Avg: 0.3, Max: 0.3, Diff: 0.0, Sum: 0.7]
      [Update RS (ms): Min: 0.0, Avg: 0.0, Max: 0.1, Diff: 0.1, Sum: 0.1]
         [Processed Buffers: Min: 1, Avg: 1.0, Max: 1, Diff: 0, Sum: 2]
      [Scan RS (ms): Min: 0.2, Avg: 0.2, Max: 0.2, Diff: 0.0, Sum: 0.5]
      [Code Root Scanning (ms): Min: 0.1, Avg: 0.1, Max: 0.1, Diff: 0.0, Sum: 0.2]
      [Object Copy (ms): Min: 10.1, Avg: 10.2, Max: 10.2, Diff: 0.0, Sum: 20.3]
      [Termination (ms): Min: 0.0, Avg: 0.0, Max: 0.0, Diff: 0.0, Sum: 0.0]
      [GC Worker Other (ms): Min: 0.0, Avg: 0.0, Max: 0.0, Diff: 0.0, Sum: 0.1]
      [GC Worker Total (ms): Min: 10.9, Avg: 10.9, Max: 10.9, Diff: 0.0, Sum: 21.8]
      [GC Worker End (ms): Min: 50687.5, Avg: 50687.5, Max: 50687.5, Diff: 0.0]
   [Code Root Fixup: 0.0 ms]
   [Code Root Migration: 0.0 ms]
   [Clear CT: 0.1 ms]
   [Other: 0.5 ms]
      [Choose CSet: 0.1 ms]
      [Ref Proc: 0.0 ms]
      [Ref Enq: 0.0 ms]
      [Free CSet: 0.2 ms]
   [Eden: 135.0M(135.0M)->0.0B(131.0M) Survivors: 14.0M->17.0M Heap: 212.8M(256.0M)->80.7M(256.0M)]
 [Times: user=0.03 sys=0.00, real=0.01 secs] 
2014-07-10T11:37:00.034+0200: 50.814: [GC pause (G1 Evacuation Pause) (young) 50.814: [G1Ergonomics (CSet Construction) start choosing CSet, _pending_cards: 257, predicted base time: 1.23 ms, remaining time: 198.77 ms, target pause time: 200.00 ms]
 50.814: [G1Ergonomics (CSet Construction) add young regions to CSet, eden: 131 regions, survivors: 17 regions, predicted young region time: 59.59 ms]
 50.814: [G1Ergonomics (CSet Construction) finish choosing CSet, eden: 131 regions, survivors: 17 regions, old: 0 regions, predicted pause time: 60.82 ms, target pause time: 200.00 ms]
, 0.0061296 secs]
   [Parallel Time: 5.5 ms, GC Workers: 2]
      [GC Worker Start (ms): Min: 50814.3, Avg: 50814.3, Max: 50814.4, Diff: 0.0]
      [Ext Root Scanning (ms): Min: 0.4, Avg: 0.4, Max: 0.4, Diff: 0.0, Sum: 0.8]
      [Update RS (ms): Min: 0.0, Avg: 0.0, Max: 0.0, Diff: 0.0, Sum: 0.1]
         [Processed Buffers: Min: 1, Avg: 1.5, Max: 2, Diff: 1, Sum: 3]
      [Scan RS (ms): Min: 0.3, Avg: 0.3, Max: 0.3, Diff: 0.0, Sum: 0.5]
      [Code Root Scanning (ms): Min: 0.1, Avg: 0.1, Max: 0.1, Diff: 0.0, Sum: 0.2]
      [Object Copy (ms): Min: 4.6, Avg: 4.6, Max: 4.6, Diff: 0.0, Sum: 9.3]
      [Termination (ms): Min: 0.0, Avg: 0.0, Max: 0.0, Diff: 0.0, Sum: 0.0]
      [GC Worker Other (ms): Min: 0.0, Avg: 0.0, Max: 0.0, Diff: 0.0, Sum: 0.1]
      [GC Worker Total (ms): Min: 5.5, Avg: 5.5, Max: 5.5, Diff: 0.0, Sum: 10.9]
      [GC Worker End (ms): Min: 50819.8, Avg: 50819.8, Max: 50819.8, Diff: 0.0]
   [Code Root Fixup: 0.0 ms]
   [Code Root Migration: 0.0 ms]
   [Clear CT: 0.1 ms]
   [Other: 0.5 ms]
      [Choose CSet: 0.0 ms]
      [Ref Proc: 0.1 ms]
      [Ref Enq: 0.0 ms]
      [Free CSet: 0.2 ms]
   [Eden: 131.0M(131.0M)->0.0B(143.0M) Survivors: 17.0M->7168.0K Heap: 211.7M(256.0M)->71.5M(256.0M)]
 [Times: user=0.00 sys=0.00, real=0.01 secs] 
2014-07-10T11:37:00.196+0200: 50.976: [GC pause (G1 Evacuation Pause) (young) 50.976: [G1Ergonomics (CSet Construction) start choosing CSet, _pending_cards: 512, predicted base time: 1.21 ms, remaining time: 198.79 ms, target pause time: 200.00 ms]
 50.976: [G1Ergonomics (CSet Construction) add young regions to CSet, eden: 143 regions, survivors: 7 regions, predicted young region time: 96.59 ms]
 50.977: [G1Ergonomics (CSet Construction) finish choosing CSet, eden: 143 regions, survivors: 7 regions, old: 0 regions, predicted pause time: 97.80 ms, target pause time: 200.00 ms]
, 0.0125870 secs]
   [Parallel Time: 11.9 ms, GC Workers: 2]
      [GC Worker Start (ms): Min: 50976.6, Avg: 50976.6, Max: 50976.6, Diff: 0.0]
      [Ext Root Scanning (ms): Min: 0.3, Avg: 0.3, Max: 0.4, Diff: 0.0, Sum: 0.7]
      [Update RS (ms): Min: 0.0, Avg: 0.0, Max: 0.0, Diff: 0.0, Sum: 0.1]
         [Processed Buffers: Min: 1, Avg: 1.5, Max: 2, Diff: 1, Sum: 3]
      [Scan RS (ms): Min: 0.2, Avg: 0.2, Max: 0.2, Diff: 0.0, Sum: 0.5]
      [Code Root Scanning (ms): Min: 0.1, Avg: 0.1, Max: 0.1, Diff: 0.0, Sum: 0.2]
      [Object Copy (ms): Min: 11.1, Avg: 11.1, Max: 11.1, Diff: 0.0, Sum: 22.2]
      [Termination (ms): Min: 0.0, Avg: 0.0, Max: 0.0, Diff: 0.0, Sum: 0.0]
      [GC Worker Other (ms): Min: 0.0, Avg: 0.0, Max: 0.0, Diff: 0.0, Sum: 0.1]
      [GC Worker Total (ms): Min: 11.8, Avg: 11.9, Max: 11.9, Diff: 0.0, Sum: 23.7]
      [GC Worker End (ms): Min: 50988.4, Avg: 50988.4, Max: 50988.4, Diff: 0.0]
   [Code Root Fixup: 0.0 ms]
   [Code Root Migration: 0.1 ms]
   [Clear CT: 0.1 ms]
   [Other: 0.5 ms]
      [Choose CSet: 0.0 ms]
      [Ref Proc: 0.1 ms]
      [Ref Enq: 0.0 ms]
      [Free CSet: 0.2 ms]
   [Eden: 143.0M(143.0M)->0.0B(129.0M) Survivors: 7168.0K->18.0M Heap: 214.5M(256.0M)->82.4M(256.0M)]
 [Times: user=0.03 sys=0.00, real=0.01 secs] 
2014-07-10T11:37:00.295+0200: 51.075: [GC pause (G1 Evacuation Pause) (young) 51.075: [G1Ergonomics (CSet Construction) start choosing CSet, _pending_cards: 512, predicted base time: 1.16 ms, remaining time: 198.84 ms, target pause time: 200.00 ms]
 51.076: [G1Ergonomics (CSet Construction) add young regions to CSet, eden: 129 regions, survivors: 18 regions, predicted young region time: 20.24 ms]
 51.076: [G1Ergonomics (CSet Construction) finish choosing CSet, eden: 129 regions, survivors: 18 regions, old: 0 regions, predicted pause time: 21.39 ms, target pause time: 200.00 ms]
, 0.0108719 secs]
   [Parallel Time: 10.1 ms, GC Workers: 2]
      [GC Worker Start (ms): Min: 51075.6, Avg: 51075.6, Max: 51075.6, Diff: 0.0]
      [Ext Root Scanning (ms): Min: 0.3, Avg: 0.3, Max: 0.3, Diff: 0.0, Sum: 0.7]
      [Update RS (ms): Min: 0.0, Avg: 0.0, Max: 0.0, Diff: 0.0, Sum: 0.1]
         [Processed Buffers: Min: 1, Avg: 1.5, Max: 2, Diff: 1, Sum: 3]
      [Scan RS (ms): Min: 0.2, Avg: 0.2, Max: 0.2, Diff: 0.0, Sum: 0.5]
      [Code Root Scanning (ms): Min: 0.1, Avg: 0.1, Max: 0.1, Diff: 0.0, Sum: 0.2]
      [Object Copy (ms): Min: 9.3, Avg: 9.3, Max: 9.3, Diff: 0.0, Sum: 18.6]
      [Termination (ms): Min: 0.0, Avg: 0.0, Max: 0.0, Diff: 0.0, Sum: 0.0]
      [GC Worker Other (ms): Min: 0.0, Avg: 0.0, Max: 0.0, Diff: 0.0, Sum: 0.1]
      [GC Worker Total (ms): Min: 10.1, Avg: 10.1, Max: 10.1, Diff: 0.0, Sum: 20.1]
      [GC Worker End (ms): Min: 51085.6, Avg: 51085.6, Max: 51085.6, Diff: 0.0]
   [Code Root Fixup: 0.0 ms]
   [Code Root Migration: 0.0 ms]
   [Clear CT: 0.1 ms]
   [Other: 0.6 ms]
      [Choose CSet: 0.0 ms]
      [Ref Proc: 0.2 ms]
      [Ref Enq: 0.0 ms]
      [Free CSet: 0.2 ms]
   [Eden: 129.0M(129.0M)->0.0B(134.0M) Survivors: 18.0M->15.0M Heap: 211.4M(256.0M)->79.3M(256.0M)]
 [Times: user=0.02 sys=0.00, real=0.01 secs] 
2014-07-10T11:37:00.446+0200: 51.226: [GC pause (G1 Evacuation Pause) (young) 51.226: [G1Ergonomics (CSet Construction) start choosing CSet, _pending_cards: 258, predicted base time: 1.09 ms, remaining time: 198.91 ms, target pause time: 200.00 ms]
 51.226: [G1Ergonomics (CSet Construction) add young regions to CSet, eden: 134 regions, survivors: 15 regions, predicted young region time: 87.85 ms]
 51.226: [G1Ergonomics (CSet Construction) finish choosing CSet, eden: 134 regions, survivors: 15 regions, old: 0 regions, predicted pause time: 88.94 ms, target pause time: 200.00 ms]
, 0.0054440 secs]
   [Parallel Time: 4.8 ms, GC Workers: 2]
      [GC Worker Start (ms): Min: 51226.5, Avg: 51226.5, Max: 51226.5, Diff: 0.0]
      [Ext Root Scanning (ms): Min: 0.7, Avg: 2.2, Max: 3.6, Diff: 3.0, Sum: 4.3]
      [Update RS (ms): Min: 0.0, Avg: 0.1, Max: 0.1, Diff: 0.1, Sum: 0.1]
         [Processed Buffers: Min: 0, Avg: 1.5, Max: 3, Diff: 3, Sum: 3]
      [Scan RS (ms): Min: 0.0, Avg: 0.3, Max: 0.6, Diff: 0.5, Sum: 0.6]
      [Code Root Scanning (ms): Min: 0.0, Avg: 0.1, Max: 0.2, Diff: 0.2, Sum: 0.2]
      [Object Copy (ms): Min: 1.0, Avg: 2.1, Max: 3.1, Diff: 2.1, Sum: 4.2]
      [Termination (ms): Min: 0.0, Avg: 0.0, Max: 0.0, Diff: 0.0, Sum: 0.0]
      [GC Worker Other (ms): Min: 0.0, Avg: 0.0, Max: 0.0, Diff: 0.0, Sum: 0.1]
      [GC Worker Total (ms): Min: 4.7, Avg: 4.7, Max: 4.8, Diff: 0.0, Sum: 9.5]
      [GC Worker End (ms): Min: 51231.2, Avg: 51231.2, Max: 51231.2, Diff: 0.0]
   [Code Root Fixup: 0.0 ms]
   [Code Root Migration: 0.0 ms]
   [Clear CT: 0.1 ms]
   [Other: 0.5 ms]
      [Choose CSet: 0.0 ms]
      [Ref Proc: 0.1 ms]
      [Ref Enq: 0.0 ms]
      [Free CSet: 0.3 ms]
   [Eden: 134.0M(134.0M)->0.0B(146.0M) Survivors: 15.0M->5120.0K Heap: 213.3M(256.0M)->69.1M(256.0M)]
 [Times: user=0.01 sys=0.00, real=0.01 secs] 
2014-07-10T11:37:00.607+0200: 51.387: [GC pause (G1 Evacuation Pause) (young) 51.387: [G1Ergonomics (CSet Construction) start choosing CSet, _pending_cards: 257, predicted base time: 1.83 ms, remaining time: 198.17 ms, target pause time: 200.00 ms]
 51.387: [G1Ergonomics (CSet Construction) add young regions to CSet, eden: 146 regions, survivors: 5 regions, predicted young region time: 17.39 ms]
 51.387: [G1Ergonomics (CSet Construction) finish choosing CSet, eden: 146 regions, survivors: 5 regions, old: 0 regions, predicted pause time: 19.22 ms, target pause time: 200.00 ms]
, 0.0100954 secs]
   [Parallel Time: 9.3 ms, GC Workers: 2]
      [GC Worker Start (ms): Min: 51387.2, Avg: 51387.2, Max: 51387.2, Diff: 0.0]
      [Ext Root Scanning (ms): Min: 0.3, Avg: 0.3, Max: 0.3, Diff: 0.0, Sum: 0.6]
      [Update RS (ms): Min: 0.0, Avg: 0.1, Max: 0.1, Diff: 0.1, Sum: 0.1]
         [Processed Buffers: Min: 1, Avg: 1.5, Max: 2, Diff: 1, Sum: 3]
      [Scan RS (ms): Min: 0.2, Avg: 0.2, Max: 0.3, Diff: 0.0, Sum: 0.5]
      [Code Root Scanning (ms): Min: 0.1, Avg: 0.1, Max: 0.1, Diff: 0.0, Sum: 0.2]
      [Object Copy (ms): Min: 8.6, Avg: 8.6, Max: 8.6, Diff: 0.0, Sum: 17.1]
      [Termination (ms): Min: 0.0, Avg: 0.0, Max: 0.0, Diff: 0.0, Sum: 0.0]
      [GC Worker Other (ms): Min: 0.0, Avg: 0.0, Max: 0.0, Diff: 0.0, Sum: 0.1]
      [GC Worker Total (ms): Min: 9.3, Avg: 9.3, Max: 9.3, Diff: 0.0, Sum: 18.6]
      [GC Worker End (ms): Min: 51396.5, Avg: 51396.5, Max: 51396.5, Diff: 0.0]
   [Code Root Fixup: 0.0 ms]
   [Code Root Migration: 0.1 ms]
   [Clear CT: 0.1 ms]
   [Other: 0.6 ms]
      [Choose CSet: 0.0 ms]
      [Ref Proc: 0.1 ms]
      [Ref Enq: 0.0 ms]
      [Free CSet: 0.3 ms]
   [Eden: 146.0M(146.0M)->0.0B(135.0M) Survivors: 5120.0K->15.0M Heap: 215.1M(256.0M)->78.9M(256.0M)]
 [Times: user=0.03 sys=0.00, real=0.01 secs] 
2014-07-10T11:37:00.697+0200: 51.477: [GC pause (G1 Evacuation Pause) (young) 51.477: [G1Ergonomics (CSet Construction) start choosing CSet, _pending_cards: 512, predicted base time: 1.69 ms, remaining time: 198.31 ms, target pause time: 200.00 ms]
 51.477: [G1Ergonomics (CSet Construction) add young regions to CSet, eden: 135 regions, survivors: 15 regions, predicted young region time: 82.79 ms]
 51.477: [G1Ergonomics (CSet Construction) finish choosing CSet, eden: 135 regions, survivors: 15 regions, old: 0 regions, predicted pause time: 84.48 ms, target pause time: 200.00 ms]
, 0.0122328 secs]
   [Parallel Time: 11.5 ms, GC Workers: 2]
      [GC Worker Start (ms): Min: 51476.9, Avg: 51476.9, Max: 51476.9, Diff: 0.0]
      [Ext Root Scanning (ms): Min: 0.3, Avg: 0.3, Max: 0.3, Diff: 0.0, Sum: 0.7]
      [Update RS (ms): Min: 0.0, Avg: 0.1, Max: 0.1, Diff: 0.0, Sum: 0.1]
         [Processed Buffers: Min: 1, Avg: 1.5, Max: 2, Diff: 1, Sum: 3]
      [Scan RS (ms): Min: 0.2, Avg: 0.3, Max: 0.3, Diff: 0.0, Sum: 0.5]
      [Code Root Scanning (ms): Min: 0.1, Avg: 0.1, Max: 0.1, Diff: 0.0, Sum: 0.2]
      [Object Copy (ms): Min: 10.7, Avg: 10.7, Max: 10.7, Diff: 0.0, Sum: 21.4]
      [Termination (ms): Min: 0.0, Avg: 0.0, Max: 0.0, Diff: 0.0, Sum: 0.0]
      [GC Worker Other (ms): Min: 0.0, Avg: 0.0, Max: 0.0, Diff: 0.0, Sum: 0.1]
      [GC Worker Total (ms): Min: 11.5, Avg: 11.5, Max: 11.5, Diff: 0.0, Sum: 23.0]
      [GC Worker End (ms): Min: 51488.4, Avg: 51488.4, Max: 51488.4, Diff: 0.0]
   [Code Root Fixup: 0.0 ms]
   [Code Root Migration: 0.0 ms]
   [Clear CT: 0.1 ms]
   [Other: 0.6 ms]
      [Choose CSet: 0.0 ms]
      [Ref Proc: 0.2 ms]
      [Ref Enq: 0.0 ms]
      [Free CSet: 0.2 ms]
   [Eden: 135.0M(135.0M)->0.0B(129.0M) Survivors: 15.0M->18.0M Heap: 213.9M(256.0M)->81.8M(256.0M)]
 [Times: user=0.03 sys=0.00, real=0.01 secs] 
2014-07-10T11:37:00.841+0200: 51.621: [GC pause (G1 Evacuation Pause) (young) 51.621: [G1Ergonomics (CSet Construction) start choosing CSet, _pending_cards: 256, predicted base time: 1.48 ms, remaining time: 198.52 ms, target pause time: 200.00 ms]
 51.621: [G1Ergonomics (CSet Construction) add young regions to CSet, eden: 129 regions, survivors: 18 regions, predicted young region time: 79.82 ms]
 51.621: [G1Ergonomics (CSet Construction) finish choosing CSet, eden: 129 regions, survivors: 18 regions, old: 0 regions, predicted pause time: 81.29 ms, target pause time: 200.00 ms]
, 0.0104807 secs]
   [Parallel Time: 9.9 ms, GC Workers: 2]
      [GC Worker Start (ms): Min: 51621.0, Avg: 51621.0, Max: 51621.0, Diff: 0.0]
      [Ext Root Scanning (ms): Min: 0.4, Avg: 0.4, Max: 0.4, Diff: 0.0, Sum: 0.7]
      [Update RS (ms): Min: 0.0, Avg: 0.0, Max: 0.1, Diff: 0.1, Sum: 0.1]
         [Processed Buffers: Min: 1, Avg: 1.0, Max: 1, Diff: 0, Sum: 2]
      [Scan RS (ms): Min: 0.3, Avg: 0.3, Max: 0.3, Diff: 0.0, Sum: 0.6]
      [Code Root Scanning (ms): Min: 0.1, Avg: 0.1, Max: 0.1, Diff: 0.0, Sum: 0.2]
      [Object Copy (ms): Min: 9.0, Avg: 9.0, Max: 9.0, Diff: 0.0, Sum: 18.0]
      [Termination (ms): Min: 0.0, Avg: 0.0, Max: 0.0, Diff: 0.0, Sum: 0.0]
      [GC Worker Other (ms): Min: 0.0, Avg: 0.0, Max: 0.0, Diff: 0.0, Sum: 0.1]
      [GC Worker Total (ms): Min: 9.8, Avg: 9.8, Max: 9.8, Diff: 0.0, Sum: 19.7]
      [GC Worker End (ms): Min: 51630.8, Avg: 51630.8, Max: 51630.8, Diff: 0.0]
   [Code Root Fixup: 0.0 ms]
   [Code Root Migration: 0.0 ms]
   [Clear CT: 0.1 ms]
   [Other: 0.5 ms]
      [Choose CSet: 0.0 ms]
      [Ref Proc: 0.1 ms]
      [Ref Enq: 0.0 ms]
      [Free CSet: 0.2 ms]
   [Eden: 129.0M(129.0M)->0.0B(135.0M) Survivors: 18.0M->14.0M Heap: 210.8M(256.0M)->78.7M(256.0M)]
 [Times: user=0.02 sys=0.01, real=0.01 secs] 
2014-07-10T11:37:00.995+0200: 51.775: [GC pause (G1 Evacuation Pause) (young) 51.775: [G1Ergonomics (CSet Construction) start choosing CSet, _pending_cards: 257, predicted base time: 1.34 ms, remaining time: 198.66 ms, target pause time: 200.00 ms]
 51.776: [G1Ergonomics (CSet Construction) add young regions to CSet, eden: 135 regions, survivors: 14 regions, predicted young region time: 61.21 ms]
 51.776: [G1Ergonomics (CSet Construction) finish choosing CSet, eden: 135 regions, survivors: 14 regions, old: 0 regions, predicted pause time: 62.55 ms, target pause time: 200.00 ms]
, 0.0080188 secs]
   [Parallel Time: 7.1 ms, GC Workers: 2]
      [GC Worker Start (ms): Min: 51775.7, Avg: 51775.7, Max: 51775.7, Diff: 0.0]
      [Ext Root Scanning (ms): Min: 0.6, Avg: 0.6, Max: 0.6, Diff: 0.0, Sum: 1.2]
      [Update RS (ms): Min: 0.1, Avg: 0.1, Max: 0.1, Diff: 0.0, Sum: 0.1]
         [Processed Buffers: Min: 1, Avg: 1.5, Max: 2, Diff: 1, Sum: 3]
      [Scan RS (ms): Min: 0.4, Avg: 0.4, Max: 0.4, Diff: 0.0, Sum: 0.8]
      [Code Root Scanning (ms): Min: 0.1, Avg: 0.1, Max: 0.1, Diff: 0.0, Sum: 0.2]
      [Object Copy (ms): Min: 5.8, Avg: 5.8, Max: 5.8, Diff: 0.0, Sum: 11.5]
      [Termination (ms): Min: 0.0, Avg: 0.0, Max: 0.0, Diff: 0.0, Sum: 0.0]
      [GC Worker Other (ms): Min: 0.0, Avg: 0.0, Max: 0.0, Diff: 0.0, Sum: 0.1]
      [GC Worker Total (ms): Min: 7.0, Avg: 7.0, Max: 7.0, Diff: 0.0, Sum: 14.1]
      [GC Worker End (ms): Min: 51782.7, Avg: 51782.7, Max: 51782.7, Diff: 0.0]
   [Code Root Fixup: 0.0 ms]
   [Code Root Migration: 0.1 ms]
   [Clear CT: 0.2 ms]
   [Other: 0.7 ms]
      [Choose CSet: 0.1 ms]
      [Ref Proc: 0.2 ms]
      [Ref Enq: 0.0 ms]
      [Free CSet: 0.3 ms]
   [Eden: 135.0M(135.0M)->0.0B(142.0M) Survivors: 14.0M->9216.0K Heap: 213.7M(256.0M)->73.5M(256.0M)]
 [Times: user=0.03 sys=0.00, real=0.01 secs] 
2014-07-10T11:37:01.098+0200: 51.878: [GC pause (G1 Evacuation Pause) (young) 51.878: [G1Ergonomics (CSet Construction) start choosing CSet, _pending_cards: 512, predicted base time: 1.47 ms, remaining time: 198.53 ms, target pause time: 200.00 ms]
 51.878: [G1Ergonomics (CSet Construction) add young regions to CSet, eden: 142 regions, survivors: 9 regions, predicted young region time: 90.20 ms]
 51.878: [G1Ergonomics (CSet Construction) finish choosing CSet, eden: 142 regions, survivors: 9 regions, old: 0 regions, predicted pause time: 91.67 ms, target pause time: 200.00 ms]
, 0.0129221 secs]
   [Parallel Time: 12.2 ms, GC Workers: 2]
      [GC Worker Start (ms): Min: 51878.2, Avg: 51878.2, Max: 51878.2, Diff: 0.0]
      [Ext Root Scanning (ms): Min: 0.3, Avg: 0.3, Max: 0.3, Diff: 0.0, Sum: 0.6]
      [Update RS (ms): Min: 0.0, Avg: 0.0, Max: 0.0, Diff: 0.0, Sum: 0.1]
         [Processed Buffers: Min: 1, Avg: 1.5, Max: 2, Diff: 1, Sum: 3]
      [Scan RS (ms): Min: 0.2, Avg: 0.2, Max: 0.2, Diff: 0.0, Sum: 0.4]
      [Code Root Scanning (ms): Min: 0.1, Avg: 0.1, Max: 0.1, Diff: 0.0, Sum: 0.2]
      [Object Copy (ms): Min: 11.4, Avg: 11.5, Max: 11.5, Diff: 0.0, Sum: 22.9]
      [Termination (ms): Min: 0.0, Avg: 0.0, Max: 0.0, Diff: 0.0, Sum: 0.0]
      [GC Worker Other (ms): Min: 0.0, Avg: 0.0, Max: 0.0, Diff: 0.0, Sum: 0.0]
      [GC Worker Total (ms): Min: 12.2, Avg: 12.2, Max: 12.2, Diff: 0.0, Sum: 24.3]
      [GC Worker End (ms): Min: 51890.4, Avg: 51890.4, Max: 51890.4, Diff: 0.0]
   [Code Root Fixup: 0.0 ms]
   [Code Root Migration: 0.0 ms]
   [Clear CT: 0.1 ms]
   [Other: 0.6 ms]
      [Choose CSet: 0.0 ms]
      [Ref Proc: 0.2 ms]
      [Ref Enq: 0.0 ms]
      [Free CSet: 0.2 ms]
   [Eden: 142.0M(142.0M)->0.0B(127.0M) Survivors: 9216.0K->19.0M Heap: 215.5M(256.0M)->83.4M(256.0M)]
 [Times: user=0.03 sys=0.00, real=0.01 secs] 
2014-07-10T11:37:01.228+0200: 52.008: [GC pause (G1 Evacuation Pause) (young) 52.008: [G1Ergonomics (CSet Construction) start choosing CSet, _pending_cards: 512, predicted base time: 1.35 ms, remaining time: 198.65 ms, target pause time: 200.00 ms]
 52.008: [G1Ergonomics (CSet Construction) add young regions to CSet, eden: 127 regions, survivors: 19 regions, predicted young region time: 59.92 ms]
 52.008: [G1Ergonomics (CSet Construction) finish choosing CSet, eden: 127 regions, survivors: 19 regions, old: 0 regions, predicted pause time: 61.27 ms, target pause time: 200.00 ms]
, 0.0097266 secs]
   [Parallel Time: 8.9 ms, GC Workers: 2]
      [GC Worker Start (ms): Min: 52008.2, Avg: 52008.2, Max: 52008.2, Diff: 0.0]
      [Ext Root Scanning (ms): Min: 0.3, Avg: 0.3, Max: 0.3, Diff: 0.0, Sum: 0.5]
      [Update RS (ms): Min: 0.0, Avg: 0.0, Max: 0.0, Diff: 0.0, Sum: 0.1]
         [Processed Buffers: Min: 1, Avg: 1.5, Max: 2, Diff: 1, Sum: 3]
      [Scan RS (ms): Min: 0.2, Avg: 0.2, Max: 0.2, Diff: 0.0, Sum: 0.5]
      [Code Root Scanning (ms): Min: 0.1, Avg: 0.1, Max: 0.1, Diff: 0.0, Sum: 0.2]
      [Object Copy (ms): Min: 8.2, Avg: 8.2, Max: 8.2, Diff: 0.0, Sum: 16.3]
      [Termination (ms): Min: 0.0, Avg: 0.0, Max: 0.0, Diff: 0.0, Sum: 0.0]
      [GC Worker Other (ms): Min: 0.0, Avg: 0.0, Max: 0.0, Diff: 0.0, Sum: 0.1]
      [GC Worker Total (ms): Min: 8.8, Avg: 8.8, Max: 8.8, Diff: 0.0, Sum: 17.7]
      [GC Worker End (ms): Min: 52017.1, Avg: 52017.1, Max: 52017.1, Diff: 0.0]
   [Code Root Fixup: 0.0 ms]
   [Code Root Migration: 0.0 ms]
   [Clear CT: 0.2 ms]
   [Other: 0.6 ms]
      [Choose CSet: 0.0 ms]
      [Ref Proc: 0.2 ms]
      [Ref Enq: 0.0 ms]
      [Free CSet: 0.2 ms]
   [Eden: 127.0M(127.0M)->0.0B(135.0M) Survivors: 19.0M->14.0M Heap: 210.4M(256.0M)->78.3M(256.0M)]
 [Times: user=0.03 sys=0.00, real=0.01 secs] 
2014-07-10T11:37:01.402+0200: 52.182: [GC pause (G1 Evacuation Pause) (young) 52.182: [G1Ergonomics (CSet Construction) start choosing CSet, _pending_cards: 256, predicted base time: 1.24 ms, remaining time: 198.76 ms, target pause time: 200.00 ms]
 52.182: [G1Ergonomics (CSet Construction) add young regions to CSet, eden: 135 regions, survivors: 14 regions, predicted young region time: 83.64 ms]
 52.182: [G1Ergonomics (CSet Construction) finish choosing CSet, eden: 135 regions, survivors: 14 regions, old: 0 regions, predicted pause time: 84.88 ms, target pause time: 200.00 ms]
, 0.0176644 secs]
   [Parallel Time: 16.8 ms, GC Workers: 2]
      [GC Worker Start (ms): Min: 52182.0, Avg: 52182.0, Max: 52182.0, Diff: 0.0]
      [Ext Root Scanning (ms): Min: 0.6, Avg: 0.6, Max: 0.6, Diff: 0.0, Sum: 1.1]
      [Update RS (ms): Min: 0.0, Avg: 0.0, Max: 0.1, Diff: 0.0, Sum: 0.1]
         [Processed Buffers: Min: 1, Avg: 1.0, Max: 1, Diff: 0, Sum: 2]
      [Scan RS (ms): Min: 0.4, Avg: 0.4, Max: 0.4, Diff: 0.0, Sum: 0.8]
      [Code Root Scanning (ms): Min: 0.1, Avg: 0.1, Max: 0.1, Diff: 0.0, Sum: 0.3]
      [Object Copy (ms): Min: 15.5, Avg: 15.5, Max: 15.5, Diff: 0.0, Sum: 31.0]
      [Termination (ms): Min: 0.0, Avg: 0.0, Max: 0.0, Diff: 0.0, Sum: 0.0]
      [GC Worker Other (ms): Min: 0.0, Avg: 0.0, Max: 0.0, Diff: 0.0, Sum: 0.1]
      [GC Worker Total (ms): Min: 16.7, Avg: 16.7, Max: 16.7, Diff: 0.0, Sum: 33.4]
      [GC Worker End (ms): Min: 52198.7, Avg: 52198.7, Max: 52198.7, Diff: 0.0]
   [Code Root Fixup: 0.0 ms]
   [Code Root Migration: 0.1 ms]
   [Clear CT: 0.3 ms]
   [Other: 0.6 ms]
      [Choose CSet: 0.1 ms]
      [Ref Proc: 0.1 ms]
      [Ref Enq: 0.0 ms]
      [Free CSet: 0.2 ms]
   [Eden: 135.0M(135.0M)->0.0B(131.0M) Survivors: 14.0M->17.0M Heap: 213.3M(256.0M)->81.2M(256.0M)]
 [Times: user=0.06 sys=0.00, real=0.02 secs] 
2014-07-10T11:37:01.491+0200: 52.271: [GC pause (G1 Evacuation Pause) (young) 52.271: [G1Ergonomics (CSet Construction) start choosing CSet, _pending_cards: 259, predicted base time: 1.32 ms, remaining time: 198.68 ms, target pause time: 200.00 ms]
 52.271: [G1Ergonomics (CSet Construction) add young regions to CSet, eden: 131 regions, survivors: 17 regions, predicted young region time: 14.37 ms]
 52.271: [G1Ergonomics (CSet Construction) finish choosing CSet, eden: 131 regions, survivors: 17 regions, old: 0 regions, predicted pause time: 15.69 ms, target pause time: 200.00 ms]
, 0.0020201 secs]
   [Parallel Time: 1.5 ms, GC Workers: 2]
      [GC Worker Start (ms): Min: 52270.8, Avg: 52270.8, Max: 52270.8, Diff: 0.0]
      [Ext Root Scanning (ms): Min: 0.3, Avg: 0.3, Max: 0.3, Diff: 0.0, Sum: 0.6]
      [Update RS (ms): Min: 0.0, Avg: 0.0, Max: 0.1, Diff: 0.0, Sum: 0.1]
         [Processed Buffers: Min: 1, Avg: 1.5, Max: 2, Diff: 1, Sum: 3]
      [Scan RS (ms): Min: 0.2, Avg: 0.2, Max: 0.2, Diff: 0.0, Sum: 0.4]
      [Code Root Scanning (ms): Min: 0.1, Avg: 0.1, Max: 0.1, Diff: 0.0, Sum: 0.2]
      [Object Copy (ms): Min: 0.9, Avg: 0.9, Max: 0.9, Diff: 0.0, Sum: 1.7]
      [Termination (ms): Min: 0.0, Avg: 0.0, Max: 0.0, Diff: 0.0, Sum: 0.0]
      [GC Worker Other (ms): Min: 0.0, Avg: 0.0, Max: 0.0, Diff: 0.0, Sum: 0.0]
      [GC Worker Total (ms): Min: 1.5, Avg: 1.5, Max: 1.5, Diff: 0.0, Sum: 3.0]
      [GC Worker End (ms): Min: 52272.3, Avg: 52272.3, Max: 52272.3, Diff: 0.0]
   [Code Root Fixup: 0.0 ms]
   [Code Root Migration: 0.0 ms]
   [Clear CT: 0.1 ms]
   [Other: 0.3 ms]
      [Choose CSet: 0.0 ms]
      [Ref Proc: 0.0 ms]
      [Ref Enq: 0.0 ms]
      [Free CSet: 0.2 ms]
   [Eden: 131.0M(131.0M)->0.0B(148.0M) Survivors: 17.0M->3072.0K Heap: 212.2M(256.0M)->67.0M(256.0M)]
 [Times: user=0.00 sys=0.00, real=0.00 secs] 
2014-07-10T11:37:01.647+0200: 52.428: [GC pause (G1 Evacuation Pause) (young) 52.428: [G1Ergonomics (CSet Construction) start choosing CSet, _pending_cards: 512, predicted base time: 1.23 ms, remaining time: 198.77 ms, target pause time: 200.00 ms]
 52.428: [G1Ergonomics (CSet Construction) add young regions to CSet, eden: 148 regions, survivors: 3 regions, predicted young region time: 100.96 ms]
 52.428: [G1Ergonomics (CSet Construction) finish choosing CSet, eden: 148 regions, survivors: 3 regions, old: 0 regions, predicted pause time: 102.20 ms, target pause time: 200.00 ms]
, 0.0126380 secs]
   [Parallel Time: 11.9 ms, GC Workers: 2]
      [GC Worker Start (ms): Min: 52427.7, Avg: 52427.7, Max: 52427.7, Diff: 0.0]
      [Ext Root Scanning (ms): Min: 0.3, Avg: 0.3, Max: 0.3, Diff: 0.0, Sum: 0.7]
      [Update RS (ms): Min: 0.0, Avg: 0.1, Max: 0.1, Diff: 0.0, Sum: 0.1]
         [Processed Buffers: Min: 1, Avg: 1.5, Max: 2, Diff: 1, Sum: 3]
      [Scan RS (ms): Min: 0.2, Avg: 0.2, Max: 0.2, Diff: 0.0, Sum: 0.5]
      [Code Root Scanning (ms): Min: 0.1, Avg: 0.1, Max: 0.1, Diff: 0.0, Sum: 0.2]
      [Object Copy (ms): Min: 11.1, Avg: 11.1, Max: 11.1, Diff: 0.0, Sum: 22.2]
      [Termination (ms): Min: 0.0, Avg: 0.0, Max: 0.0, Diff: 0.0, Sum: 0.0]
      [GC Worker Other (ms): Min: 0.0, Avg: 0.0, Max: 0.0, Diff: 0.0, Sum: 0.1]
      [GC Worker Total (ms): Min: 11.9, Avg: 11.9, Max: 11.9, Diff: 0.0, Sum: 23.7]
      [GC Worker End (ms): Min: 52439.5, Avg: 52439.5, Max: 52439.5, Diff: 0.0]
   [Code Root Fixup: 0.0 ms]
   [Code Root Migration: 0.0 ms]
   [Clear CT: 0.1 ms]
   [Other: 0.5 ms]
      [Choose CSet: 0.1 ms]
      [Ref Proc: 0.1 ms]
      [Ref Enq: 0.0 ms]
      [Free CSet: 0.2 ms]
   [Eden: 148.0M(148.0M)->0.0B(127.0M) Survivors: 3072.0K->19.0M Heap: 215.0M(256.0M)->82.9M(256.0M)]
 [Times: user=0.02 sys=0.00, real=0.01 secs] 
2014-07-10T11:37:01.800+0200: 52.580: [GC pause (G1 Evacuation Pause) (young) 52.580: [G1Ergonomics (CSet Construction) start choosing CSet, _pending_cards: 512, predicted base time: 1.19 ms, remaining time: 198.81 ms, target pause time: 200.00 ms]
 52.580: [G1Ergonomics (CSet Construction) add young regions to CSet, eden: 127 regions, survivors: 19 regions, predicted young region time: 18.95 ms]
 52.580: [G1Ergonomics (CSet Construction) finish choosing CSet, eden: 127 regions, survivors: 19 regions, old: 0 regions, predicted pause time: 20.14 ms, target pause time: 200.00 ms]
, 0.0124400 secs]
   [Parallel Time: 11.5 ms, GC Workers: 2]
      [GC Worker Start (ms): Min: 52580.2, Avg: 52580.2, Max: 52580.2, Diff: 0.0]
      [Ext Root Scanning (ms): Min: 0.6, Avg: 0.6, Max: 0.6, Diff: 0.0, Sum: 1.2]
      [Update RS (ms): Min: 0.1, Avg: 0.1, Max: 0.1, Diff: 0.1, Sum: 0.2]
         [Processed Buffers: Min: 1, Avg: 1.5, Max: 2, Diff: 1, Sum: 3]
      [Scan RS (ms): Min: 0.4, Avg: 0.4, Max: 0.4, Diff: 0.0, Sum: 0.8]
      [Code Root Scanning (ms): Min: 0.1, Avg: 0.1, Max: 0.1, Diff: 0.0, Sum: 0.3]
      [Object Copy (ms): Min: 10.2, Avg: 10.2, Max: 10.2, Diff: 0.0, Sum: 20.4]
      [Termination (ms): Min: 0.0, Avg: 0.0, Max: 0.0, Diff: 0.0, Sum: 0.0]
      [GC Worker Other (ms): Min: 0.0, Avg: 0.0, Max: 0.0, Diff: 0.0, Sum: 0.1]
      [GC Worker Total (ms): Min: 11.5, Avg: 11.5, Max: 11.5, Diff: 0.0, Sum: 22.9]
      [GC Worker End (ms): Min: 52591.7, Avg: 52591.7, Max: 52591.7, Diff: 0.0]
   [Code Root Fixup: 0.0 ms]
   [Code Root Migration: 0.1 ms]
   [Clear CT: 0.1 ms]
   [Other: 0.8 ms]
      [Choose CSet: 0.1 ms]
      [Ref Proc: 0.2 ms]
      [Ref Enq: 0.0 ms]
      [Free CSet: 0.3 ms]
   [Eden: 127.0M(127.0M)->0.0B(136.0M) Survivors: 19.0M->13.0M Heap: 209.9M(256.0M)->77.7M(256.0M)]
 [Times: user=0.03 sys=0.00, real=0.01 secs] 
2014-07-10T11:37:01.898+0200: 52.678: [GC pause (G1 Evacuation Pause) (young) 52.678: [G1Ergonomics (CSet Construction) start choosing CSet, _pending_cards: 256, predicted base time: 1.26 ms, remaining time: 198.74 ms, target pause time: 200.00 ms]
 52.678: [G1Ergonomics (CSet Construction) add young regions to CSet, eden: 136 regions, survivors: 13 regions, predicted young region time: 97.68 ms]
 52.678: [G1Ergonomics (CSet Construction) finish choosing CSet, eden: 136 regions, survivors: 13 regions, old: 0 regions, predicted pause time: 98.93 ms, target pause time: 200.00 ms]
, 0.0116807 secs]
   [Parallel Time: 11.1 ms, GC Workers: 2]
      [GC Worker Start (ms): Min: 52678.5, Avg: 52678.6, Max: 52678.7, Diff: 0.2]
      [Ext Root Scanning (ms): Min: 0.2, Avg: 0.3, Max: 0.4, Diff: 0.2, Sum: 0.6]
      [Update RS (ms): Min: 0.0, Avg: 0.0, Max: 0.0, Diff: 0.0, Sum: 0.0]
         [Processed Buffers: Min: 1, Avg: 1.0, Max: 1, Diff: 0, Sum: 2]
      [Scan RS (ms): Min: 0.2, Avg: 0.2, Max: 0.2, Diff: 0.0, Sum: 0.4]
      [Code Root Scanning (ms): Min: 0.1, Avg: 0.1, Max: 0.1, Diff: 0.0, Sum: 0.2]
      [Object Copy (ms): Min: 10.2, Avg: 10.2, Max: 10.3, Diff: 0.0, Sum: 20.5]
      [Termination (ms): Min: 0.0, Avg: 0.0, Max: 0.0, Diff: 0.0, Sum: 0.0]
      [GC Worker Other (ms): Min: 0.0, Avg: 0.0, Max: 0.0, Diff: 0.0, Sum: 0.1]
      [GC Worker Total (ms): Min: 10.9, Avg: 10.9, Max: 11.0, Diff: 0.2, Sum: 21.9]
      [GC Worker End (ms): Min: 52689.5, Avg: 52689.5, Max: 52689.5, Diff: 0.0]
   [Code Root Fixup: 0.0 ms]
   [Code Root Migration: 0.1 ms]
   [Clear CT: 0.1 ms]
   [Other: 0.4 ms]
      [Choose CSet: 0.0 ms]
      [Ref Proc: 0.0 ms]
      [Ref Enq: 0.0 ms]
      [Free CSet: 0.2 ms]
   [Eden: 136.0M(136.0M)->0.0B(131.0M) Survivors: 13.0M->17.0M Heap: 213.7M(256.0M)->81.6M(256.0M)]
 [Times: user=0.03 sys=0.00, real=0.01 secs] 
2014-07-10T11:37:02.035+0200: 52.815: [GC pause (G1 Evacuation Pause) (young) 52.815: [G1Ergonomics (CSet Construction) start choosing CSet, _pending_cards: 258, predicted base time: 1.18 ms, remaining time: 198.82 ms, target pause time: 200.00 ms]
 52.815: [G1Ergonomics (CSet Construction) add young regions to CSet, eden: 131 regions, survivors: 17 regions, predicted young region time: 90.73 ms]
 52.815: [G1Ergonomics (CSet Construction) finish choosing CSet, eden: 131 regions, survivors: 17 regions, old: 0 regions, predicted pause time: 91.90 ms, target pause time: 200.00 ms]
, 0.0036149 secs]
   [Parallel Time: 3.0 ms, GC Workers: 2]
      [GC Worker Start (ms): Min: 52815.4, Avg: 52815.4, Max: 52815.4, Diff: 0.0]
      [Ext Root Scanning (ms): Min: 0.4, Avg: 0.4, Max: 0.4, Diff: 0.0, Sum: 0.8]
      [Update RS (ms): Min: 0.0, Avg: 0.1, Max: 0.1, Diff: 0.0, Sum: 0.1]
         [Processed Buffers: Min: 1, Avg: 1.5, Max: 2, Diff: 1, Sum: 3]
      [Scan RS (ms): Min: 0.2, Avg: 0.3, Max: 0.3, Diff: 0.0, Sum: 0.5]
      [Code Root Scanning (ms): Min: 0.1, Avg: 0.1, Max: 0.1, Diff: 0.0, Sum: 0.2]
      [Object Copy (ms): Min: 2.1, Avg: 2.1, Max: 2.1, Diff: 0.0, Sum: 4.1]
      [Termination (ms): Min: 0.0, Avg: 0.0, Max: 0.0, Diff: 0.0, Sum: 0.0]
      [GC Worker Other (ms): Min: 0.0, Avg: 0.0, Max: 0.0, Diff: 0.0, Sum: 0.1]
      [GC Worker Total (ms): Min: 2.9, Avg: 2.9, Max: 2.9, Diff: 0.0, Sum: 5.8]
      [GC Worker End (ms): Min: 52818.3, Avg: 52818.3, Max: 52818.3, Diff: 0.0]
   [Code Root Fixup: 0.0 ms]
   [Code Root Migration: 0.0 ms]
   [Clear CT: 0.2 ms]
   [Other: 0.4 ms]
      [Choose CSet: 0.0 ms]
      [Ref Proc: 0.1 ms]
      [Ref Enq: 0.0 ms]
      [Free CSet: 0.2 ms]
   [Eden: 131.0M(131.0M)->0.0B(147.0M) Survivors: 17.0M->4096.0K Heap: 212.6M(256.0M)->68.4M(256.0M)]
 [Times: user=0.00 sys=0.00, real=0.00 secs] 
2014-07-10T11:37:02.205+0200: 52.985: [GC pause (G1 Evacuation Pause) (young) 52.985: [G1Ergonomics (CSet Construction) start choosing CSet, _pending_cards: 512, predicted base time: 1.18 ms, remaining time: 198.82 ms, target pause time: 200.00 ms]
 52.985: [G1Ergonomics (CSet Construction) add young regions to CSet, eden: 147 regions, survivors: 4 regions, predicted young region time: 65.24 ms]
 52.985: [G1Ergonomics (CSet Construction) finish choosing CSet, eden: 147 regions, survivors: 4 regions, old: 0 regions, predicted pause time: 66.42 ms, target pause time: 200.00 ms]
, 0.0132513 secs]
   [Parallel Time: 12.4 ms, GC Workers: 2]
      [GC Worker Start (ms): Min: 52985.1, Avg: 52985.1, Max: 52985.1, Diff: 0.0]
      [Ext Root Scanning (ms): Min: 0.3, Avg: 0.3, Max: 0.3, Diff: 0.0, Sum: 0.7]
      [Update RS (ms): Min: 0.0, Avg: 0.1, Max: 0.1, Diff: 0.0, Sum: 0.1]
         [Processed Buffers: Min: 1, Avg: 1.5, Max: 2, Diff: 1, Sum: 3]
      [Scan RS (ms): Min: 0.3, Avg: 0.4, Max: 0.4, Diff: 0.1, Sum: 0.7]
      [Code Root Scanning (ms): Min: 0.1, Avg: 0.1, Max: 0.1, Diff: 0.1, Sum: 0.2]
      [Object Copy (ms): Min: 11.5, Avg: 11.5, Max: 11.5, Diff: 0.0, Sum: 23.0]
      [Termination (ms): Min: 0.0, Avg: 0.0, Max: 0.0, Diff: 0.0, Sum: 0.0]
      [GC Worker Other (ms): Min: 0.0, Avg: 0.0, Max: 0.0, Diff: 0.0, Sum: 0.1]
      [GC Worker Total (ms): Min: 12.4, Avg: 12.4, Max: 12.4, Diff: 0.0, Sum: 24.8]
      [GC Worker End (ms): Min: 52997.5, Avg: 52997.5, Max: 52997.5, Diff: 0.0]
   [Code Root Fixup: 0.0 ms]
   [Code Root Migration: 0.1 ms]
   [Clear CT: 0.2 ms]
   [Other: 0.6 ms]
      [Choose CSet: 0.0 ms]
      [Ref Proc: 0.1 ms]
      [Ref Enq: 0.0 ms]
      [Free CSet: 0.3 ms]
   [Eden: 147.0M(147.0M)->0.0B(127.0M) Survivors: 4096.0K->19.0M Heap: 215.4M(256.0M)->83.3M(256.0M)]
 [Times: user=0.03 sys=0.00, real=0.01 secs] 
2014-07-10T11:37:02.296+0200: 53.076: [GC pause (G1 Evacuation Pause) (young) 53.076: [G1Ergonomics (CSet Construction) start choosing CSet, _pending_cards: 512, predicted base time: 1.14 ms, remaining time: 198.86 ms, target pause time: 200.00 ms]
 53.076: [G1Ergonomics (CSet Construction) add young regions to CSet, eden: 127 regions, survivors: 19 regions, predicted young region time: 83.53 ms]
 53.076: [G1Ergonomics (CSet Construction) finish choosing CSet, eden: 127 regions, survivors: 19 regions, old: 0 regions, predicted pause time: 84.67 ms, target pause time: 200.00 ms]
, 0.0102476 secs]
   [Parallel Time: 9.4 ms, GC Workers: 2]
      [GC Worker Start (ms): Min: 53075.8, Avg: 53075.8, Max: 53075.8, Diff: 0.0]
      [Ext Root Scanning (ms): Min: 0.3, Avg: 0.3, Max: 0.3, Diff: 0.0, Sum: 0.7]
      [Update RS (ms): Min: 0.0, Avg: 0.0, Max: 0.1, Diff: 0.0, Sum: 0.1]
         [Processed Buffers: Min: 1, Avg: 1.5, Max: 2, Diff: 1, Sum: 3]
      [Scan RS (ms): Min: 0.2, Avg: 0.2, Max: 0.2, Diff: 0.0, Sum: 0.5]
      [Code Root Scanning (ms): Min: 0.1, Avg: 0.1, Max: 0.1, Diff: 0.0, Sum: 0.2]
      [Object Copy (ms): Min: 8.5, Avg: 8.5, Max: 8.5, Diff: 0.0, Sum: 17.0]
      [Termination (ms): Min: 0.0, Avg: 0.0, Max: 0.0, Diff: 0.0, Sum: 0.0]
      [GC Worker Other (ms): Min: 0.0, Avg: 0.0, Max: 0.0, Diff: 0.0, Sum: 0.1]
      [GC Worker Total (ms): Min: 9.2, Avg: 9.2, Max: 9.2, Diff: 0.0, Sum: 18.5]
      [GC Worker End (ms): Min: 53085.0, Avg: 53085.0, Max: 53085.0, Diff: 0.0]
   [Code Root Fixup: 0.0 ms]
   [Code Root Migration: 0.1 ms]
   [Clear CT: 0.1 ms]
   [Other: 0.7 ms]
      [Choose CSet: 0.0 ms]
      [Ref Proc: 0.3 ms]
      [Ref Enq: 0.0 ms]
      [Free CSet: 0.2 ms]
   [Eden: 127.0M(127.0M)->0.0B(135.0M) Survivors: 19.0M->14.0M Heap: 210.3M(256.0M)->78.2M(256.0M)]
 [Times: user=0.00 sys=0.00, real=0.01 secs] 
2014-07-10T11:37:02.455+0200: 53.235: [GC pause (G1 Evacuation Pause) (young) 53.235: [G1Ergonomics (CSet Construction) start choosing CSet, _pending_cards: 512, predicted base time: 1.18 ms, remaining time: 198.82 ms, target pause time: 200.00 ms]
 53.235: [G1Ergonomics (CSet Construction) add young regions to CSet, eden: 135 regions, survivors: 14 regions, predicted young region time: 63.81 ms]
 53.235: [G1Ergonomics (CSet Construction) finish choosing CSet, eden: 135 regions, survivors: 14 regions, old: 0 regions, predicted pause time: 64.99 ms, target pause time: 200.00 ms]
, 0.0125760 secs]
   [Parallel Time: 11.4 ms, GC Workers: 2]
      [GC Worker Start (ms): Min: 53235.5, Avg: 53235.5, Max: 53235.5, Diff: 0.0]
      [Ext Root Scanning (ms): Min: 0.4, Avg: 0.4, Max: 0.4, Diff: 0.0, Sum: 0.8]
      [Update RS (ms): Min: 0.0, Avg: 0.0, Max: 0.1, Diff: 0.0, Sum: 0.1]
         [Processed Buffers: Min: 1, Avg: 1.5, Max: 2, Diff: 1, Sum: 3]
      [Scan RS (ms): Min: 0.3, Avg: 0.3, Max: 0.3, Diff: 0.0, Sum: 0.5]
      [Code Root Scanning (ms): Min: 0.1, Avg: 0.1, Max: 0.1, Diff: 0.0, Sum: 0.2]
      [Object Copy (ms): Min: 10.5, Avg: 10.5, Max: 10.6, Diff: 0.0, Sum: 21.1]
      [Termination (ms): Min: 0.0, Avg: 0.0, Max: 0.0, Diff: 0.0, Sum: 0.0]
      [GC Worker Other (ms): Min: 0.0, Avg: 0.0, Max: 0.0, Diff: 0.0, Sum: 0.1]
      [GC Worker Total (ms): Min: 11.4, Avg: 11.4, Max: 11.4, Diff: 0.0, Sum: 22.8]
      [GC Worker End (ms): Min: 53246.9, Avg: 53246.9, Max: 53246.9, Diff: 0.0]
   [Code Root Fixup: 0.0 ms]
   [Code Root Migration: 0.0 ms]
   [Clear CT: 0.2 ms]
   [Other: 0.9 ms]
      [Choose CSet: 0.0 ms]
      [Ref Proc: 0.6 ms]
      [Ref Enq: 0.0 ms]
      [Free CSet: 0.2 ms]
   [Eden: 135.0M(135.0M)->0.0B(131.0M) Survivors: 14.0M->17.0M Heap: 213.2M(256.0M)->81.1M(256.0M)]
 [Times: user=0.03 sys=0.00, real=0.01 secs] 
2014-07-10T11:37:02.592+0200: 53.372: [GC pause (G1 Evacuation Pause) (young) 53.372: [G1Ergonomics (CSet Construction) start choosing CSet, _pending_cards: 258, predicted base time: 1.30 ms, remaining time: 198.70 ms, target pause time: 200.00 ms]
 53.372: [G1Ergonomics (CSet Construction) add young regions to CSet, eden: 131 regions, survivors: 17 regions, predicted young region time: 85.62 ms]
 53.372: [G1Ergonomics (CSet Construction) finish choosing CSet, eden: 131 regions, survivors: 17 regions, old: 0 regions, predicted pause time: 86.92 ms, target pause time: 200.00 ms]
, 0.0056724 secs]
   [Parallel Time: 3.5 ms, GC Workers: 2]
      [GC Worker Start (ms): Min: 53372.1, Avg: 53372.1, Max: 53372.1, Diff: 0.0]
      [Ext Root Scanning (ms): Min: 0.5, Avg: 0.5, Max: 0.5, Diff: 0.0, Sum: 0.9]
      [Update RS (ms): Min: 0.1, Avg: 0.1, Max: 0.1, Diff: 0.0, Sum: 0.2]
         [Processed Buffers: Min: 1, Avg: 1.5, Max: 2, Diff: 1, Sum: 3]
      [Scan RS (ms): Min: 0.3, Avg: 0.4, Max: 0.4, Diff: 0.1, Sum: 0.8]
      [Code Root Scanning (ms): Min: 0.2, Avg: 0.2, Max: 0.3, Diff: 0.1, Sum: 0.4]
      [Object Copy (ms): Min: 2.1, Avg: 2.1, Max: 2.1, Diff: 0.0, Sum: 4.3]
      [Termination (ms): Min: 0.0, Avg: 0.0, Max: 0.0, Diff: 0.0, Sum: 0.0]
      [GC Worker Other (ms): Min: 0.0, Avg: 0.0, Max: 0.0, Diff: 0.0, Sum: 0.1]
      [GC Worker Total (ms): Min: 3.4, Avg: 3.4, Max: 3.4, Diff: 0.0, Sum: 6.8]
      [GC Worker End (ms): Min: 53375.5, Avg: 53375.5, Max: 53375.5, Diff: 0.0]
   [Code Root Fixup: 0.0 ms]
   [Code Root Migration: 0.1 ms]
   [Clear CT: 0.5 ms]
   [Other: 1.7 ms]
      [Choose CSet: 0.1 ms]
      [Ref Proc: 0.3 ms]
      [Ref Enq: 0.0 ms]
      [Free CSet: 0.8 ms]
   [Eden: 131.0M(131.0M)->0.0B(147.0M) Survivors: 17.0M->3072.0K Heap: 212.1M(256.0M)->67.9M(256.0M)]
 [Times: user=0.00 sys=0.00, real=0.01 secs] 
2014-07-10T11:37:02.698+0200: 53.478: [GC pause (G1 Evacuation Pause) (young) 53.478: [G1Ergonomics (CSet Construction) start choosing CSet, _pending_cards: 512, predicted base time: 1.64 ms, remaining time: 198.36 ms, target pause time: 200.00 ms]
 53.478: [G1Ergonomics (CSet Construction) add young regions to CSet, eden: 147 regions, survivors: 3 regions, predicted young region time: 21.56 ms]
 53.478: [G1Ergonomics (CSet Construction) finish choosing CSet, eden: 147 regions, survivors: 3 regions, old: 0 regions, predicted pause time: 23.19 ms, target pause time: 200.00 ms]
, 0.0128345 secs]
   [Parallel Time: 11.7 ms, GC Workers: 2]
      [GC Worker Start (ms): Min: 53477.9, Avg: 53477.9, Max: 53477.9, Diff: 0.0]
      [Ext Root Scanning (ms): Min: 0.3, Avg: 0.3, Max: 0.3, Diff: 0.0, Sum: 0.7]
      [Update RS (ms): Min: 0.0, Avg: 0.1, Max: 0.1, Diff: 0.0, Sum: 0.1]
         [Processed Buffers: Min: 1, Avg: 1.5, Max: 2, Diff: 1, Sum: 3]
      [Scan RS (ms): Min: 0.2, Avg: 0.2, Max: 0.2, Diff: 0.0, Sum: 0.5]
      [Code Root Scanning (ms): Min: 0.1, Avg: 0.1, Max: 0.1, Diff: 0.0, Sum: 0.2]
      [Object Copy (ms): Min: 11.0, Avg: 11.0, Max: 11.0, Diff: 0.0, Sum: 21.9]
      [Termination (ms): Min: 0.0, Avg: 0.0, Max: 0.0, Diff: 0.0, Sum: 0.0]
      [GC Worker Other (ms): Min: 0.0, Avg: 0.0, Max: 0.0, Diff: 0.0, Sum: 0.1]
      [GC Worker Total (ms): Min: 11.7, Avg: 11.7, Max: 11.7, Diff: 0.0, Sum: 23.4]
      [GC Worker End (ms): Min: 53489.6, Avg: 53489.6, Max: 53489.6, Diff: 0.0]
   [Code Root Fixup: 0.0 ms]
   [Code Root Migration: 0.0 ms]
   [Clear CT: 0.1 ms]
   [Other: 0.9 ms]
      [Choose CSet: 0.0 ms]
      [Ref Proc: 0.5 ms]
      [Ref Enq: 0.0 ms]
      [Free CSet: 0.2 ms]
   [Eden: 147.0M(147.0M)->0.0B(128.0M) Survivors: 3072.0K->18.0M Heap: 214.9M(256.0M)->82.8M(256.0M)]
 [Times: user=0.03 sys=0.00, real=0.01 secs] 
2014-07-10T11:37:02.828+0200: 53.608: [GC pause (G1 Evacuation Pause) (young) 53.608: [G1Ergonomics (CSet Construction) start choosing CSet, _pending_cards: 512, predicted base time: 1.57 ms, remaining time: 198.43 ms, target pause time: 200.00 ms]
 53.608: [G1Ergonomics (CSet Construction) add young regions to CSet, eden: 128 regions, survivors: 18 regions, predicted young region time: 85.65 ms]
 53.608: [G1Ergonomics (CSet Construction) finish choosing CSet, eden: 128 regions, survivors: 18 regions, old: 0 regions, predicted pause time: 87.22 ms, target pause time: 200.00 ms]
, 0.0101266 secs]
   [Parallel Time: 9.1 ms, GC Workers: 2]
      [GC Worker Start (ms): Min: 53608.4, Avg: 53608.4, Max: 53608.4, Diff: 0.0]
      [Ext Root Scanning (ms): Min: 0.3, Avg: 0.3, Max: 0.3, Diff: 0.0, Sum: 0.7]
      [Update RS (ms): Min: 0.0, Avg: 0.0, Max: 0.1, Diff: 0.0, Sum: 0.1]
         [Processed Buffers: Min: 1, Avg: 1.5, Max: 2, Diff: 1, Sum: 3]
      [Scan RS (ms): Min: 0.2, Avg: 0.2, Max: 0.2, Diff: 0.0, Sum: 0.4]
      [Code Root Scanning (ms): Min: 0.1, Avg: 0.1, Max: 0.1, Diff: 0.0, Sum: 0.2]
      [Object Copy (ms): Min: 8.3, Avg: 8.3, Max: 8.3, Diff: 0.0, Sum: 16.6]
      [Termination (ms): Min: 0.0, Avg: 0.0, Max: 0.0, Diff: 0.0, Sum: 0.0]
      [GC Worker Other (ms): Min: 0.0, Avg: 0.0, Max: 0.0, Diff: 0.0, Sum: 0.1]
      [GC Worker Total (ms): Min: 9.1, Avg: 9.1, Max: 9.1, Diff: 0.0, Sum: 18.1]
      [GC Worker End (ms): Min: 53617.5, Avg: 53617.5, Max: 53617.5, Diff: 0.0]
   [Code Root Fixup: 0.0 ms]
   [Code Root Migration: 0.0 ms]
   [Clear CT: 0.1 ms]
   [Other: 0.8 ms]
      [Choose CSet: 0.0 ms]
      [Ref Proc: 0.4 ms]
      [Ref Enq: 0.0 ms]
      [Free CSet: 0.3 ms]
   [Eden: 128.0M(128.0M)->0.0B(134.0M) Survivors: 18.0M->14.0M Heap: 210.8M(256.0M)->78.7M(256.0M)]
 [Times: user=0.02 sys=0.00, real=0.01 secs] 
2014-07-10T11:37:02.995+0200: 53.775: [GC pause (G1 Evacuation Pause) (young) 53.775: [G1Ergonomics (CSet Construction) start choosing CSet, _pending_cards: 512, predicted base time: 1.49 ms, remaining time: 198.51 ms, target pause time: 200.00 ms]
 53.775: [G1Ergonomics (CSet Construction) add young regions to CSet, eden: 134 regions, survivors: 14 regions, predicted young region time: 15.16 ms]
 53.775: [G1Ergonomics (CSet Construction) finish choosing CSet, eden: 134 regions, survivors: 14 regions, old: 0 regions, predicted pause time: 16.65 ms, target pause time: 200.00 ms]
, 0.0105980 secs]
   [Parallel Time: 9.1 ms, GC Workers: 2]
      [GC Worker Start (ms): Min: 53775.5, Avg: 53775.6, Max: 53775.6, Diff: 0.1]
      [Ext Root Scanning (ms): Min: 0.5, Avg: 0.6, Max: 0.6, Diff: 0.1, Sum: 1.2]
      [Update RS (ms): Min: 0.1, Avg: 0.1, Max: 0.1, Diff: 0.1, Sum: 0.2]
         [Processed Buffers: Min: 1, Avg: 1.5, Max: 2, Diff: 1, Sum: 3]
      [Scan RS (ms): Min: 0.4, Avg: 0.4, Max: 0.4, Diff: 0.1, Sum: 0.8]
      [Code Root Scanning (ms): Min: 0.2, Avg: 0.2, Max: 0.2, Diff: 0.0, Sum: 0.3]
      [Object Copy (ms): Min: 7.7, Avg: 7.7, Max: 7.7, Diff: 0.0, Sum: 15.4]
      [Termination (ms): Min: 0.0, Avg: 0.0, Max: 0.0, Diff: 0.0, Sum: 0.0]
      [GC Worker Other (ms): Min: 0.0, Avg: 0.1, Max: 0.1, Diff: 0.0, Sum: 0.1]
      [GC Worker Total (ms): Min: 8.9, Avg: 9.0, Max: 9.1, Diff: 0.1, Sum: 18.0]
      [GC Worker End (ms): Min: 53784.6, Avg: 53784.6, Max: 53784.6, Diff: 0.0]
   [Code Root Fixup: 0.0 ms]
   [Code Root Migration: 0.1 ms]
   [Clear CT: 0.4 ms]
   [Other: 1.0 ms]
      [Choose CSet: 0.1 ms]
      [Ref Proc: 0.1 ms]
      [Ref Enq: 0.0 ms]
      [Free CSet: 0.5 ms]
   [Eden: 134.0M(134.0M)->0.0B(142.0M) Survivors: 14.0M->8192.0K Heap: 212.7M(256.0M)->72.5M(256.0M)]
 [Times: user=0.00 sys=0.00, real=0.01 secs] 
2014-07-10T11:37:03.098+0200: 53.878: [GC pause (G1 Evacuation Pause) (young) 53.878: [G1Ergonomics (CSet Construction) start choosing CSet, _pending_cards: 512, predicted base time: 1.63 ms, remaining time: 198.37 ms, target pause time: 200.00 ms]
 53.878: [G1Ergonomics (CSet Construction) add young regions to CSet, eden: 142 regions, survivors: 8 regions, predicted young region time: 115.81 ms]
 53.878: [G1Ergonomics (CSet Construction) finish choosing CSet, eden: 142 regions, survivors: 8 regions, old: 0 regions, predicted pause time: 117.44 ms, target pause time: 200.00 ms]
, 0.0122581 secs]
   [Parallel Time: 11.6 ms, GC Workers: 2]
      [GC Worker Start (ms): Min: 53878.2, Avg: 53878.2, Max: 53878.2, Diff: 0.0]
      [Ext Root Scanning (ms): Min: 0.3, Avg: 0.3, Max: 0.3, Diff: 0.0, Sum: 0.7]
      [Update RS (ms): Min: 0.0, Avg: 0.0, Max: 0.0, Diff: 0.0, Sum: 0.1]
         [Processed Buffers: Min: 1, Avg: 1.5, Max: 2, Diff: 1, Sum: 3]
      [Scan RS (ms): Min: 0.2, Avg: 0.2, Max: 0.2, Diff: 0.0, Sum: 0.4]
      [Code Root Scanning (ms): Min: 0.1, Avg: 0.1, Max: 0.1, Diff: 0.0, Sum: 0.2]
      [Object Copy (ms): Min: 10.7, Avg: 10.7, Max: 10.7, Diff: 0.0, Sum: 21.4]
      [Termination (ms): Min: 0.0, Avg: 0.0, Max: 0.0, Diff: 0.0, Sum: 0.0]
      [GC Worker Other (ms): Min: 0.0, Avg: 0.0, Max: 0.0, Diff: 0.0, Sum: 0.1]
      [GC Worker Total (ms): Min: 11.4, Avg: 11.4, Max: 11.4, Diff: 0.0, Sum: 22.9]
      [GC Worker End (ms): Min: 53889.6, Avg: 53889.6, Max: 53889.6, Diff: 0.0]
   [Code Root Fixup: 0.0 ms]
   [Code Root Migration: 0.0 ms]
   [Clear CT: 0.2 ms]
   [Other: 0.5 ms]
      [Choose CSet: 0.0 ms]
      [Ref Proc: 0.1 ms]
      [Ref Enq: 0.0 ms]
      [Free CSet: 0.2 ms]
   [Eden: 142.0M(142.0M)->0.0B(128.0M) Survivors: 8192.0K->18.0M Heap: 214.5M(256.0M)->82.4M(256.0M)]
 [Times: user=0.03 sys=0.00, real=0.01 secs] 
2014-07-10T11:37:03.241+0200: 54.021: [GC pause (G1 Evacuation Pause) (young) 54.021: [G1Ergonomics (CSet Construction) start choosing CSet, _pending_cards: 512, predicted base time: 1.51 ms, remaining time: 198.49 ms, target pause time: 200.00 ms]
 54.021: [G1Ergonomics (CSet Construction) add young regions to CSet, eden: 128 regions, survivors: 18 regions, predicted young region time: 98.45 ms]
 54.021: [G1Ergonomics (CSet Construction) finish choosing CSet, eden: 128 regions, survivors: 18 regions, old: 0 regions, predicted pause time: 99.96 ms, target pause time: 200.00 ms]
, 0.0101588 secs]
   [Parallel Time: 9.4 ms, GC Workers: 2]
      [GC Worker Start (ms): Min: 54021.1, Avg: 54021.1, Max: 54021.1, Diff: 0.0]
      [Ext Root Scanning (ms): Min: 0.3, Avg: 0.3, Max: 0.3, Diff: 0.0, Sum: 0.7]
      [Update RS (ms): Min: 0.0, Avg: 0.0, Max: 0.0, Diff: 0.0, Sum: 0.1]
         [Processed Buffers: Min: 1, Avg: 1.5, Max: 2, Diff: 1, Sum: 3]
      [Scan RS (ms): Min: 0.2, Avg: 0.2, Max: 0.2, Diff: 0.0, Sum: 0.5]
      [Code Root Scanning (ms): Min: 0.1, Avg: 0.1, Max: 0.1, Diff: 0.0, Sum: 0.2]
      [Object Copy (ms): Min: 8.7, Avg: 8.7, Max: 8.7, Diff: 0.0, Sum: 17.3]
      [Termination (ms): Min: 0.0, Avg: 0.0, Max: 0.0, Diff: 0.0, Sum: 0.0]
      [GC Worker Other (ms): Min: 0.0, Avg: 0.0, Max: 0.0, Diff: 0.0, Sum: 0.1]
      [GC Worker Total (ms): Min: 9.4, Avg: 9.4, Max: 9.4, Diff: 0.0, Sum: 18.8]
      [GC Worker End (ms): Min: 54030.5, Avg: 54030.5, Max: 54030.5, Diff: 0.0]
   [Code Root Fixup: 0.0 ms]
   [Code Root Migration: 0.0 ms]
   [Clear CT: 0.2 ms]
   [Other: 0.5 ms]
      [Choose CSet: 0.0 ms]
      [Ref Proc: 0.1 ms]
      [Ref Enq: 0.0 ms]
      [Free CSet: 0.2 ms]
   [Eden: 128.0M(128.0M)->0.0B(134.0M) Survivors: 18.0M->14.0M Heap: 210.4M(256.0M)->78.3M(256.0M)]
 [Times: user=0.03 sys=0.00, real=0.01 secs] 
2014-07-10T11:37:03.402+0200: 54.182: [GC pause (G1 Evacuation Pause) (young) 54.182: [G1Ergonomics (CSet Construction) start choosing CSet, _pending_cards: 512, predicted base time: 1.39 ms, remaining time: 198.61 ms, target pause time: 200.00 ms]
 54.182: [G1Ergonomics (CSet Construction) add young regions to CSet, eden: 134 regions, survivors: 14 regions, predicted young region time: 71.29 ms]
 54.182: [G1Ergonomics (CSet Construction) finish choosing CSet, eden: 134 regions, survivors: 14 regions, old: 0 regions, predicted pause time: 72.67 ms, target pause time: 200.00 ms]
, 0.0176065 secs]
   [Parallel Time: 16.1 ms, GC Workers: 2]
      [GC Worker Start (ms): Min: 54182.5, Avg: 54182.5, Max: 54182.5, Diff: 0.0]
      [Ext Root Scanning (ms): Min: 0.6, Avg: 0.6, Max: 0.6, Diff: 0.0, Sum: 1.2]
      [Update RS (ms): Min: 0.0, Avg: 0.1, Max: 0.1, Diff: 0.0, Sum: 0.1]
         [Processed Buffers: Min: 1, Avg: 1.5, Max: 2, Diff: 1, Sum: 3]
      [Scan RS (ms): Min: 0.4, Avg: 0.4, Max: 0.4, Diff: 0.0, Sum: 0.8]
      [Code Root Scanning (ms): Min: 0.1, Avg: 0.1, Max: 0.2, Diff: 0.0, Sum: 0.3]
      [Object Copy (ms): Min: 14.8, Avg: 14.8, Max: 14.8, Diff: 0.0, Sum: 29.6]
      [Termination (ms): Min: 0.0, Avg: 0.0, Max: 0.0, Diff: 0.0, Sum: 0.0]
      [GC Worker Other (ms): Min: 0.0, Avg: 0.0, Max: 0.1, Diff: 0.0, Sum: 0.1]
      [GC Worker Total (ms): Min: 16.1, Avg: 16.1, Max: 16.1, Diff: 0.0, Sum: 32.2]
      [GC Worker End (ms): Min: 54198.6, Avg: 54198.6, Max: 54198.6, Diff: 0.0]
   [Code Root Fixup: 0.0 ms]
   [Code Root Migration: 0.1 ms]
   [Clear CT: 0.2 ms]
   [Other: 1.2 ms]
      [Choose CSet: 0.1 ms]
      [Ref Proc: 0.3 ms]
      [Ref Enq: 0.0 ms]
      [Free CSet: 0.5 ms]
   [Eden: 134.0M(134.0M)->0.0B(132.0M) Survivors: 14.0M->16.0M Heap: 212.3M(256.0M)->80.2M(256.0M)]
 [Times: user=0.03 sys=0.00, real=0.02 secs] 
2014-07-10T11:37:03.496+0200: 54.276: [GC pause (G1 Evacuation Pause) (young) 54.276: [G1Ergonomics (CSet Construction) start choosing CSet, _pending_cards: 259, predicted base time: 1.50 ms, remaining time: 198.50 ms, target pause time: 200.00 ms]
 54.276: [G1Ergonomics (CSet Construction) add young regions to CSet, eden: 132 regions, survivors: 16 regions, predicted young region time: 110.41 ms]
 54.276: [G1Ergonomics (CSet Construction) finish choosing CSet, eden: 132 regions, survivors: 16 regions, old: 0 regions, predicted pause time: 111.91 ms, target pause time: 200.00 ms]
, 0.0048178 secs]
   [Parallel Time: 4.2 ms, GC Workers: 2]
      [GC Worker Start (ms): Min: 54276.3, Avg: 54276.3, Max: 54276.3, Diff: 0.0]
      [Ext Root Scanning (ms): Min: 0.3, Avg: 0.3, Max: 0.3, Diff: 0.0, Sum: 0.5]
      [Update RS (ms): Min: 0.0, Avg: 0.0, Max: 0.1, Diff: 0.0, Sum: 0.1]
         [Processed Buffers: Min: 1, Avg: 1.5, Max: 2, Diff: 1, Sum: 3]
      [Scan RS (ms): Min: 0.2, Avg: 0.2, Max: 0.2, Diff: 0.0, Sum: 0.4]
      [Code Root Scanning (ms): Min: 0.1, Avg: 0.1, Max: 0.1, Diff: 0.0, Sum: 0.2]
      [Object Copy (ms): Min: 3.5, Avg: 3.5, Max: 3.5, Diff: 0.0, Sum: 7.0]
      [Termination (ms): Min: 0.0, Avg: 0.0, Max: 0.0, Diff: 0.0, Sum: 0.0]
      [GC Worker Other (ms): Min: 0.0, Avg: 0.0, Max: 0.0, Diff: 0.0, Sum: 0.1]
      [GC Worker Total (ms): Min: 4.2, Avg: 4.2, Max: 4.2, Diff: 0.0, Sum: 8.3]
      [GC Worker End (ms): Min: 54280.5, Avg: 54280.5, Max: 54280.5, Diff: 0.0]
   [Code Root Fixup: 0.0 ms]
   [Code Root Migration: 0.1 ms]
   [Clear CT: 0.1 ms]
   [Other: 0.4 ms]
      [Choose CSet: 0.0 ms]
      [Ref Proc: 0.1 ms]
      [Ref Enq: 0.0 ms]
      [Free CSet: 0.2 ms]
   [Eden: 132.0M(132.0M)->0.0B(144.0M) Survivors: 16.0M->6144.0K Heap: 212.2M(256.0M)->71.0M(256.0M)]
 [Times: user=0.00 sys=0.00, real=0.00 secs] 
2014-07-10T11:37:03.628+0200: 54.408: [GC pause (G1 Evacuation Pause) (young) 54.408: [G1Ergonomics (CSet Construction) start choosing CSet, _pending_cards: 513, predicted base time: 1.39 ms, remaining time: 198.61 ms, target pause time: 200.00 ms]
 54.408: [G1Ergonomics (CSet Construction) add young regions to CSet, eden: 144 regions, survivors: 6 regions, predicted young region time: 69.91 ms]
 54.408: [G1Ergonomics (CSet Construction) finish choosing CSet, eden: 144 regions, survivors: 6 regions, old: 0 regions, predicted pause time: 71.30 ms, target pause time: 200.00 ms]
, 0.0074674 secs]
   [Parallel Time: 6.9 ms, GC Workers: 2]
      [GC Worker Start (ms): Min: 54408.0, Avg: 54408.0, Max: 54408.0, Diff: 0.0]
      [Ext Root Scanning (ms): Min: 0.3, Avg: 0.3, Max: 0.3, Diff: 0.0, Sum: 0.6]
      [Update RS (ms): Min: 0.1, Avg: 0.1, Max: 0.1, Diff: 0.0, Sum: 0.1]
         [Processed Buffers: Min: 1, Avg: 2.0, Max: 3, Diff: 2, Sum: 4]
      [Scan RS (ms): Min: 0.2, Avg: 0.2, Max: 0.2, Diff: 0.0, Sum: 0.5]
      [Code Root Scanning (ms): Min: 0.1, Avg: 0.1, Max: 0.1, Diff: 0.0, Sum: 0.2]
      [Object Copy (ms): Min: 6.0, Avg: 6.1, Max: 6.1, Diff: 0.1, Sum: 12.1]
      [Termination (ms): Min: 0.0, Avg: 0.1, Max: 0.2, Diff: 0.2, Sum: 0.2]
      [GC Worker Other (ms): Min: 0.0, Avg: 0.0, Max: 0.0, Diff: 0.0, Sum: 0.1]
      [GC Worker Total (ms): Min: 6.8, Avg: 6.9, Max: 6.9, Diff: 0.1, Sum: 13.7]
      [GC Worker End (ms): Min: 54414.9, Avg: 54414.9, Max: 54414.9, Diff: 0.1]
   [Code Root Fixup: 0.0 ms]
   [Code Root Migration: 0.0 ms]
   [Clear CT: 0.1 ms]
   [Other: 0.4 ms]
      [Choose CSet: 0.0 ms]
      [Ref Proc: 0.0 ms]
      [Ref Enq: 0.0 ms]
      [Free CSet: 0.2 ms]
   [Eden: 144.0M(144.0M)->0.0B(141.0M) Survivors: 6144.0K->10.0M Heap: 215.0M(256.0M)->74.8M(256.0M)]
 [Times: user=0.03 sys=0.00, real=0.01 secs] 
2014-07-10T11:37:03.804+0200: 54.584: [GC pause (G1 Evacuation Pause) (young) 54.585: [G1Ergonomics (CSet Construction) start choosing CSet, _pending_cards: 512, predicted base time: 1.26 ms, remaining time: 198.74 ms, target pause time: 200.00 ms]
 54.585: [G1Ergonomics (CSet Construction) add young regions to CSet, eden: 141 regions, survivors: 10 regions, predicted young region time: 105.39 ms]
 54.585: [G1Ergonomics (CSet Construction) finish choosing CSet, eden: 141 regions, survivors: 10 regions, old: 0 regions, predicted pause time: 106.65 ms, target pause time: 200.00 ms]
, 0.0188669 secs]
   [Parallel Time: 18.0 ms, GC Workers: 2]
      [GC Worker Start (ms): Min: 54584.7, Avg: 54584.7, Max: 54584.7, Diff: 0.0]
      [Ext Root Scanning (ms): Min: 0.7, Avg: 0.8, Max: 0.9, Diff: 0.2, Sum: 1.6]
      [Update RS (ms): Min: 0.0, Avg: 0.2, Max: 0.4, Diff: 0.4, Sum: 0.5]
         [Processed Buffers: Min: 1, Avg: 1.5, Max: 2, Diff: 1, Sum: 3]
      [Scan RS (ms): Min: 0.3, Avg: 0.4, Max: 0.5, Diff: 0.2, Sum: 0.8]
      [Code Root Scanning (ms): Min: 0.1, Avg: 0.1, Max: 0.2, Diff: 0.0, Sum: 0.3]
      [Object Copy (ms): Min: 16.1, Avg: 16.2, Max: 16.3, Diff: 0.2, Sum: 32.4]
      [Termination (ms): Min: 0.0, Avg: 0.1, Max: 0.2, Diff: 0.2, Sum: 0.2]
      [GC Worker Other (ms): Min: 0.0, Avg: 0.0, Max: 0.0, Diff: 0.0, Sum: 0.1]
      [GC Worker Total (ms): Min: 17.9, Avg: 17.9, Max: 18.0, Diff: 0.1, Sum: 35.8]
      [GC Worker End (ms): Min: 54602.5, Avg: 54602.6, Max: 54602.6, Diff: 0.1]
   [Code Root Fixup: 0.0 ms]
   [Code Root Migration: 0.1 ms]
   [Clear CT: 0.1 ms]
   [Other: 0.7 ms]
      [Choose CSet: 0.1 ms]
      [Ref Proc: 0.1 ms]
      [Ref Enq: 0.0 ms]
      [Free CSet: 0.3 ms]
   [Eden: 141.0M(141.0M)->0.0B(126.0M) Survivors: 10.0M->19.0M Heap: 215.8M(256.0M)->83.7M(256.0M)]
 [Times: user=0.02 sys=0.02, real=0.02 secs] 
2014-07-10T11:37:03.896+0200: 54.676: [GC pause (G1 Evacuation Pause) (young) 54.676: [G1Ergonomics (CSet Construction) start choosing CSet, _pending_cards: 256, predicted base time: 1.40 ms, remaining time: 198.60 ms, target pause time: 200.00 ms]
 54.676: [G1Ergonomics (CSet Construction) add young regions to CSet, eden: 126 regions, survivors: 19 regions, predicted young region time: 24.65 ms]
 54.676: [G1Ergonomics (CSet Construction) finish choosing CSet, eden: 126 regions, survivors: 19 regions, old: 0 regions, predicted pause time: 26.05 ms, target pause time: 200.00 ms]
, 0.0041847 secs]
   [Parallel Time: 3.5 ms, GC Workers: 2]
      [GC Worker Start (ms): Min: 54675.9, Avg: 54675.9, Max: 54675.9, Diff: 0.0]
      [Ext Root Scanning (ms): Min: 0.3, Avg: 0.3, Max: 0.3, Diff: 0.0, Sum: 0.7]
      [Update RS (ms): Min: 0.0, Avg: 0.1, Max: 0.1, Diff: 0.1, Sum: 0.1]
         [Processed Buffers: Min: 1, Avg: 1.0, Max: 1, Diff: 0, Sum: 2]
      [Scan RS (ms): Min: 0.2, Avg: 0.2, Max: 0.3, Diff: 0.1, Sum: 0.5]
      [Code Root Scanning (ms): Min: 0.1, Avg: 0.1, Max: 0.1, Diff: 0.0, Sum: 0.2]
      [Object Copy (ms): Min: 2.7, Avg: 2.7, Max: 2.7, Diff: 0.0, Sum: 5.4]
      [Termination (ms): Min: 0.0, Avg: 0.0, Max: 0.0, Diff: 0.0, Sum: 0.0]
      [GC Worker Other (ms): Min: 0.0, Avg: 0.0, Max: 0.0, Diff: 0.0, Sum: 0.1]
      [GC Worker Total (ms): Min: 3.5, Avg: 3.5, Max: 3.5, Diff: 0.0, Sum: 6.9]
      [GC Worker End (ms): Min: 54679.3, Avg: 54679.3, Max: 54679.3, Diff: 0.0]
   [Code Root Fixup: 0.0 ms]
   [Code Root Migration: 0.0 ms]
   [Clear CT: 0.1 ms]
   [Other: 0.5 ms]
      [Choose CSet: 0.0 ms]
      [Ref Proc: 0.1 ms]
      [Ref Enq: 0.0 ms]
      [Free CSet: 0.3 ms]
   [Eden: 126.0M(126.0M)->0.0B(146.0M) Survivors: 19.0M->5120.0K Heap: 209.7M(256.0M)->69.6M(256.0M)]
 [Times: user=0.01 sys=0.00, real=0.00 secs] 
2014-07-10T11:37:04.049+0200: 54.829: [GC pause (G1 Evacuation Pause) (young) 54.829: [G1Ergonomics (CSet Construction) start choosing CSet, _pending_cards: 256, predicted base time: 1.29 ms, remaining time: 198.71 ms, target pause time: 200.00 ms]
 54.829: [G1Ergonomics (CSet Construction) add young regions to CSet, eden: 146 regions, survivors: 5 regions, predicted young region time: 109.66 ms]
 54.829: [G1Ergonomics (CSet Construction) finish choosing CSet, eden: 146 regions, survivors: 5 regions, old: 0 regions, predicted pause time: 110.95 ms, target pause time: 200.00 ms]
, 0.0133763 secs]
   [Parallel Time: 12.5 ms, GC Workers: 2]
      [GC Worker Start (ms): Min: 54829.4, Avg: 54829.5, Max: 54829.5, Diff: 0.0]
      [Ext Root Scanning (ms): Min: 0.3, Avg: 0.3, Max: 0.3, Diff: 0.0, Sum: 0.7]
      [Update RS (ms): Min: 0.0, Avg: 0.1, Max: 0.1, Diff: 0.1, Sum: 0.1]
         [Processed Buffers: Min: 1, Avg: 1.0, Max: 1, Diff: 0, Sum: 2]
      [Scan RS (ms): Min: 0.2, Avg: 0.3, Max: 0.3, Diff: 0.1, Sum: 0.5]
      [Code Root Scanning (ms): Min: 0.1, Avg: 0.1, Max: 0.1, Diff: 0.0, Sum: 0.2]
      [Object Copy (ms): Min: 11.7, Avg: 11.7, Max: 11.7, Diff: 0.0, Sum: 23.3]
      [Termination (ms): Min: 0.0, Avg: 0.0, Max: 0.0, Diff: 0.0, Sum: 0.0]
      [GC Worker Other (ms): Min: 0.0, Avg: 0.0, Max: 0.0, Diff: 0.0, Sum: 0.1]
      [GC Worker Total (ms): Min: 12.4, Avg: 12.5, Max: 12.5, Diff: 0.0, Sum: 24.9]
      [GC Worker End (ms): Min: 54841.9, Avg: 54841.9, Max: 54841.9, Diff: 0.0]
   [Code Root Fixup: 0.0 ms]
   [Code Root Migration: 0.0 ms]
   [Clear CT: 0.1 ms]
   [Other: 0.7 ms]
      [Choose CSet: 0.0 ms]
      [Ref Proc: 0.3 ms]
      [Ref Enq: 0.0 ms]
      [Free CSet: 0.2 ms]
   [Eden: 146.0M(146.0M)->0.0B(126.0M) Survivors: 5120.0K->19.0M Heap: 215.6M(256.0M)->83.5M(256.0M)]
 [Times: user=0.02 sys=0.00, real=0.01 secs] 
2014-07-10T11:37:04.194+0200: 54.974: [GC pause (G1 Evacuation Pause) (young) 54.974: [G1Ergonomics (CSet Construction) start choosing CSet, _pending_cards: 256, predicted base time: 1.26 ms, remaining time: 198.74 ms, target pause time: 200.00 ms]
 54.974: [G1Ergonomics (CSet Construction) add young regions to CSet, eden: 126 regions, survivors: 19 regions, predicted young region time: 20.21 ms]
 54.974: [G1Ergonomics (CSet Construction) finish choosing CSet, eden: 126 regions, survivors: 19 regions, old: 0 regions, predicted pause time: 21.47 ms, target pause time: 200.00 ms]
, 0.0092764 secs]
   [Parallel Time: 8.5 ms, GC Workers: 2]
      [GC Worker Start (ms): Min: 54974.4, Avg: 54974.4, Max: 54974.4, Diff: 0.0]
      [Ext Root Scanning (ms): Min: 0.3, Avg: 0.3, Max: 0.3, Diff: 0.0, Sum: 0.7]
      [Update RS (ms): Min: 0.0, Avg: 0.0, Max: 0.1, Diff: 0.0, Sum: 0.1]
         [Processed Buffers: Min: 1, Avg: 1.0, Max: 1, Diff: 0, Sum: 2]
      [Scan RS (ms): Min: 0.2, Avg: 0.2, Max: 0.2, Diff: 0.0, Sum: 0.4]
      [Code Root Scanning (ms): Min: 0.1, Avg: 0.1, Max: 0.1, Diff: 0.0, Sum: 0.2]
      [Object Copy (ms): Min: 7.8, Avg: 7.8, Max: 7.8, Diff: 0.0, Sum: 15.5]
      [Termination (ms): Min: 0.0, Avg: 0.0, Max: 0.0, Diff: 0.0, Sum: 0.0]
      [GC Worker Other (ms): Min: 0.0, Avg: 0.0, Max: 0.0, Diff: 0.0, Sum: 0.1]
      [GC Worker Total (ms): Min: 8.5, Avg: 8.5, Max: 8.5, Diff: 0.0, Sum: 17.0]
      [GC Worker End (ms): Min: 54982.8, Avg: 54982.9, Max: 54982.9, Diff: 0.0]
   [Code Root Fixup: 0.0 ms]
   [Code Root Migration: 0.0 ms]
   [Clear CT: 0.1 ms]
   [Other: 0.6 ms]
      [Choose CSet: 0.0 ms]
      [Ref Proc: 0.2 ms]
      [Ref Enq: 0.0 ms]
      [Free CSet: 0.2 ms]
   [Eden: 126.0M(126.0M)->0.0B(136.0M) Survivors: 19.0M->13.0M Heap: 209.5M(256.0M)->77.3M(256.0M)]
 [Times: user=0.03 sys=0.00, real=0.01 secs] 
2014-07-10T11:37:04.296+0200: 55.076: [GC pause (G1 Evacuation Pause) (young) 55.076: [G1Ergonomics (CSet Construction) start choosing CSet, _pending_cards: 256, predicted base time: 1.20 ms, remaining time: 198.80 ms, target pause time: 200.00 ms]
 55.076: [G1Ergonomics (CSet Construction) add young regions to CSet, eden: 136 regions, survivors: 13 regions, predicted young region time: 95.49 ms]
 55.076: [G1Ergonomics (CSet Construction) finish choosing CSet, eden: 136 regions, survivors: 13 regions, old: 0 regions, predicted pause time: 96.69 ms, target pause time: 200.00 ms]
, 0.0121291 secs]
   [Parallel Time: 11.0 ms, GC Workers: 2]
      [GC Worker Start (ms): Min: 55076.4, Avg: 55076.4, Max: 55076.4, Diff: 0.0]
      [Ext Root Scanning (ms): Min: 0.3, Avg: 0.4, Max: 0.4, Diff: 0.0, Sum: 0.7]
      [Update RS (ms): Min: 0.0, Avg: 0.0, Max: 0.1, Diff: 0.0, Sum: 0.1]
         [Processed Buffers: Min: 1, Avg: 1.0, Max: 1, Diff: 0, Sum: 2]
      [Scan RS (ms): Min: 0.2, Avg: 0.2, Max: 0.2, Diff: 0.0, Sum: 0.5]
      [Code Root Scanning (ms): Min: 0.1, Avg: 0.1, Max: 0.1, Diff: 0.0, Sum: 0.2]
      [Object Copy (ms): Min: 10.2, Avg: 10.2, Max: 10.2, Diff: 0.0, Sum: 20.3]
      [Termination (ms): Min: 0.0, Avg: 0.0, Max: 0.0, Diff: 0.0, Sum: 0.0]
      [GC Worker Other (ms): Min: 0.0, Avg: 0.0, Max: 0.0, Diff: 0.0, Sum: 0.1]
      [GC Worker Total (ms): Min: 10.9, Avg: 10.9, Max: 10.9, Diff: 0.0, Sum: 21.9]
      [GC Worker End (ms): Min: 55087.4, Avg: 55087.4, Max: 55087.4, Diff: 0.0]
   [Code Root Fixup: 0.0 ms]
   [Code Root Migration: 0.0 ms]
   [Clear CT: 0.2 ms]
   [Other: 0.9 ms]
      [Choose CSet: 0.0 ms]
      [Ref Proc: 0.6 ms]
      [Ref Enq: 0.0 ms]
      [Free CSet: 0.2 ms]
   [Eden: 136.0M(136.0M)->0.0B(132.0M) Survivors: 13.0M->16.0M Heap: 213.3M(256.0M)->81.2M(256.0M)]
 [Times: user=0.03 sys=0.00, real=0.01 secs] 
2014-07-10T11:37:04.429+0200: 55.209: [GC pause (G1 Evacuation Pause) (young) 55.209: [G1Ergonomics (CSet Construction) start choosing CSet, _pending_cards: 256, predicted base time: 1.32 ms, remaining time: 198.68 ms, target pause time: 200.00 ms]
 55.209: [G1Ergonomics (CSet Construction) add young regions to CSet, eden: 132 regions, survivors: 16 regions, predicted young region time: 90.45 ms]
 55.209: [G1Ergonomics (CSet Construction) finish choosing CSet, eden: 132 regions, survivors: 16 regions, old: 0 regions, predicted pause time: 91.77 ms, target pause time: 200.00 ms]
, 0.0114560 secs]
   [Parallel Time: 10.8 ms, GC Workers: 2]
      [GC Worker Start (ms): Min: 55209.4, Avg: 55209.4, Max: 55209.4, Diff: 0.0]
      [Ext Root Scanning (ms): Min: 0.3, Avg: 0.3, Max: 0.3, Diff: 0.0, Sum: 0.7]
      [Update RS (ms): Min: 0.0, Avg: 0.0, Max: 0.0, Diff: 0.0, Sum: 0.0]
         [Processed Buffers: Min: 1, Avg: 1.0, Max: 1, Diff: 0, Sum: 2]
      [Scan RS (ms): Min: 0.2, Avg: 0.2, Max: 0.2, Diff: 0.0, Sum: 0.5]
      [Code Root Scanning (ms): Min: 0.1, Avg: 0.1, Max: 0.1, Diff: 0.0, Sum: 0.2]
      [Object Copy (ms): Min: 10.0, Avg: 10.0, Max: 10.0, Diff: 0.0, Sum: 20.1]
      [Termination (ms): Min: 0.0, Avg: 0.0, Max: 0.0, Diff: 0.0, Sum: 0.0]
      [GC Worker Other (ms): Min: 0.0, Avg: 0.0, Max: 0.0, Diff: 0.0, Sum: 0.1]
      [GC Worker Total (ms): Min: 10.7, Avg: 10.7, Max: 10.7, Diff: 0.0, Sum: 21.5]
      [GC Worker End (ms): Min: 55220.1, Avg: 55220.1, Max: 55220.1, Diff: 0.0]
   [Code Root Fixup: 0.0 ms]
   [Code Root Migration: 0.0 ms]
   [Clear CT: 0.2 ms]
   [Other: 0.5 ms]
      [Choose CSet: 0.0 ms]
      [Ref Proc: 0.1 ms]
      [Ref Enq: 0.0 ms]
      [Free CSet: 0.2 ms]
   [Eden: 132.0M(132.0M)->0.0B(132.0M) Survivors: 16.0M->16.0M Heap: 213.2M(256.0M)->81.1M(256.0M)]
 [Times: user=0.02 sys=0.02, real=0.01 secs] 
2014-07-10T11:37:04.592+0200: 55.372: [GC pause (G1 Evacuation Pause) (young) 55.372: [G1Ergonomics (CSet Construction) start choosing CSet, _pending_cards: 258, predicted base time: 1.23 ms, remaining time: 198.77 ms, target pause time: 200.00 ms]
 55.372: [G1Ergonomics (CSet Construction) add young regions to CSet, eden: 132 regions, survivors: 16 regions, predicted young region time: 57.12 ms]
 55.372: [G1Ergonomics (CSet Construction) finish choosing CSet, eden: 132 regions, survivors: 16 regions, old: 0 regions, predicted pause time: 58.36 ms, target pause time: 200.00 ms]
, 0.0056622 secs]
   [Parallel Time: 4.3 ms, GC Workers: 2]
      [GC Worker Start (ms): Min: 55372.3, Avg: 55372.3, Max: 55372.3, Diff: 0.0]
      [Ext Root Scanning (ms): Min: 0.5, Avg: 0.5, Max: 0.5, Diff: 0.0, Sum: 1.1]
      [Update RS (ms): Min: 0.1, Avg: 0.1, Max: 0.1, Diff: 0.0, Sum: 0.1]
         [Processed Buffers: Min: 1, Avg: 1.5, Max: 2, Diff: 1, Sum: 3]
      [Scan RS (ms): Min: 0.3, Avg: 0.4, Max: 0.4, Diff: 0.0, Sum: 0.7]
      [Code Root Scanning (ms): Min: 0.1, Avg: 0.1, Max: 0.1, Diff: 0.0, Sum: 0.3]
      [Object Copy (ms): Min: 3.1, Avg: 3.1, Max: 3.1, Diff: 0.0, Sum: 6.1]
      [Termination (ms): Min: 0.0, Avg: 0.0, Max: 0.0, Diff: 0.0, Sum: 0.0]
      [GC Worker Other (ms): Min: 0.0, Avg: 0.0, Max: 0.0, Diff: 0.0, Sum: 0.1]
      [GC Worker Total (ms): Min: 4.2, Avg: 4.2, Max: 4.2, Diff: 0.0, Sum: 8.4]
      [GC Worker End (ms): Min: 55376.5, Avg: 55376.5, Max: 55376.5, Diff: 0.0]
   [Code Root Fixup: 0.0 ms]
   [Code Root Migration: 0.1 ms]
   [Clear CT: 0.3 ms]
   [Other: 0.9 ms]
      [Choose CSet: 0.1 ms]
      [Ref Proc: 0.1 ms]
      [Ref Enq: 0.0 ms]
      [Free CSet: 0.5 ms]
   [Eden: 132.0M(132.0M)->0.0B(146.0M) Survivors: 16.0M->4096.0K Heap: 213.1M(256.0M)->68.9M(256.0M)]
 [Times: user=0.00 sys=0.00, real=0.01 secs] 
2014-07-10T11:37:04.698+0200: 55.478: [GC pause (G1 Evacuation Pause) (young) 55.478: [G1Ergonomics (CSet Construction) start choosing CSet, _pending_cards: 512, predicted base time: 1.42 ms, remaining time: 198.58 ms, target pause time: 200.00 ms]
 55.478: [G1Ergonomics (CSet Construction) add young regions to CSet, eden: 146 regions, survivors: 4 regions, predicted young region time: 108.40 ms]
 55.478: [G1Ergonomics (CSet Construction) finish choosing CSet, eden: 146 regions, survivors: 4 regions, old: 0 regions, predicted pause time: 109.82 ms, target pause time: 200.00 ms]
, 0.0120799 secs]
   [Parallel Time: 11.5 ms, GC Workers: 2]
      [GC Worker Start (ms): Min: 55478.3, Avg: 55478.3, Max: 55478.3, Diff: 0.0]
      [Ext Root Scanning (ms): Min: 0.3, Avg: 0.3, Max: 0.3, Diff: 0.0, Sum: 0.6]
      [Update RS (ms): Min: 0.0, Avg: 0.0, Max: 0.1, Diff: 0.0, Sum: 0.1]
         [Processed Buffers: Min: 1, Avg: 1.5, Max: 2, Diff: 1, Sum: 3]
      [Scan RS (ms): Min: 0.2, Avg: 0.2, Max: 0.2, Diff: 0.0, Sum: 0.5]
      [Code Root Scanning (ms): Min: 0.1, Avg: 0.1, Max: 0.1, Diff: 0.0, Sum: 0.2]
      [Object Copy (ms): Min: 10.7, Avg: 10.7, Max: 10.7, Diff: 0.0, Sum: 21.4]
      [Termination (ms): Min: 0.0, Avg: 0.0, Max: 0.0, Diff: 0.0, Sum: 0.0]
      [GC Worker Other (ms): Min: 0.0, Avg: 0.0, Max: 0.0, Diff: 0.0, Sum: 0.1]
      [GC Worker Total (ms): Min: 11.4, Avg: 11.4, Max: 11.4, Diff: 0.0, Sum: 22.8]
      [GC Worker End (ms): Min: 55489.7, Avg: 55489.7, Max: 55489.7, Diff: 0.0]
   [Code Root Fixup: 0.0 ms]
   [Code Root Migration: 0.1 ms]
   [Clear CT: 0.1 ms]
   [Other: 0.4 ms]
      [Choose CSet: 0.0 ms]
      [Ref Proc: 0.1 ms]
      [Ref Enq: 0.0 ms]
      [Free CSet: 0.2 ms]
   [Eden: 146.0M(146.0M)->0.0B(128.0M) Survivors: 4096.0K->18.0M Heap: 214.9M(256.0M)->82.8M(256.0M)]
 [Times: user=0.00 sys=0.00, real=0.01 secs] 
2014-07-10T11:37:04.837+0200: 55.617: [GC pause (G1 Evacuation Pause) (young) 55.617: [G1Ergonomics (CSet Construction) start choosing CSet, _pending_cards: 512, predicted base time: 1.30 ms, remaining time: 198.70 ms, target pause time: 200.00 ms]
 55.617: [G1Ergonomics (CSet Construction) add young regions to CSet, eden: 128 regions, survivors: 18 regions, predicted young region time: 67.25 ms]
 55.617: [G1Ergonomics (CSet Construction) finish choosing CSet, eden: 128 regions, survivors: 18 regions, old: 0 regions, predicted pause time: 68.55 ms, target pause time: 200.00 ms]
, 0.0096928 secs]
   [Parallel Time: 9.0 ms, GC Workers: 2]
      [GC Worker Start (ms): Min: 55617.2, Avg: 55617.2, Max: 55617.3, Diff: 0.0]
      [Ext Root Scanning (ms): Min: 0.3, Avg: 0.3, Max: 0.3, Diff: 0.0, Sum: 0.7]
      [Update RS (ms): Min: 0.0, Avg: 0.0, Max: 0.1, Diff: 0.0, Sum: 0.1]
         [Processed Buffers: Min: 1, Avg: 1.5, Max: 2, Diff: 1, Sum: 3]
      [Scan RS (ms): Min: 0.2, Avg: 0.2, Max: 0.2, Diff: 0.0, Sum: 0.5]
      [Code Root Scanning (ms): Min: 0.1, Avg: 0.1, Max: 0.1, Diff: 0.0, Sum: 0.2]
      [Object Copy (ms): Min: 8.2, Avg: 8.2, Max: 8.2, Diff: 0.0, Sum: 16.4]
      [Termination (ms): Min: 0.0, Avg: 0.0, Max: 0.0, Diff: 0.0, Sum: 0.0]
      [GC Worker Other (ms): Min: 0.0, Avg: 0.0, Max: 0.0, Diff: 0.0, Sum: 0.1]
      [GC Worker Total (ms): Min: 9.0, Avg: 9.0, Max: 9.0, Diff: 0.0, Sum: 17.9]
      [GC Worker End (ms): Min: 55626.2, Avg: 55626.2, Max: 55626.2, Diff: 0.0]
   [Code Root Fixup: 0.0 ms]
   [Code Root Migration: 0.0 ms]
   [Clear CT: 0.1 ms]
   [Other: 0.5 ms]
      [Choose CSet: 0.0 ms]
      [Ref Proc: 0.1 ms]
      [Ref Enq: 0.0 ms]
      [Free CSet: 0.2 ms]
   [Eden: 128.0M(128.0M)->0.0B(134.0M) Survivors: 18.0M->14.0M Heap: 210.8M(256.0M)->78.7M(256.0M)]
 [Times: user=0.00 sys=0.00, real=0.01 secs] 
2014-07-10T11:37:04.991+0200: 55.772: [GC pause (G1 Evacuation Pause) (young) 55.772: [G1Ergonomics (CSet Construction) start choosing CSet, _pending_cards: 513, predicted base time: 1.22 ms, remaining time: 198.78 ms, target pause time: 200.00 ms]
 55.772: [G1Ergonomics (CSet Construction) add young regions to CSet, eden: 134 regions, survivors: 14 regions, predicted young region time: 91.93 ms]
 55.772: [G1Ergonomics (CSet Construction) finish choosing CSet, eden: 134 regions, survivors: 14 regions, old: 0 regions, predicted pause time: 93.15 ms, target pause time: 200.00 ms]
, 0.0047936 secs]
   [Parallel Time: 3.3 ms, GC Workers: 2]
      [GC Worker Start (ms): Min: 55772.0, Avg: 55772.0, Max: 55772.0, Diff: 0.0]
      [Ext Root Scanning (ms): Min: 0.5, Avg: 0.5, Max: 0.5, Diff: 0.0, Sum: 0.9]
      [Update RS (ms): Min: 0.1, Avg: 0.1, Max: 0.1, Diff: 0.0, Sum: 0.2]
         [Processed Buffers: Min: 1, Avg: 2.0, Max: 3, Diff: 2, Sum: 4]
      [Scan RS (ms): Min: 0.3, Avg: 0.4, Max: 0.4, Diff: 0.0, Sum: 0.7]
      [Code Root Scanning (ms): Min: 0.1, Avg: 0.2, Max: 0.2, Diff: 0.0, Sum: 0.3]
      [Object Copy (ms): Min: 2.1, Avg: 2.1, Max: 2.1, Diff: 0.0, Sum: 4.2]
      [Termination (ms): Min: 0.0, Avg: 0.0, Max: 0.0, Diff: 0.0, Sum: 0.0]
      [GC Worker Other (ms): Min: 0.0, Avg: 0.0, Max: 0.0, Diff: 0.0, Sum: 0.1]
      [GC Worker Total (ms): Min: 3.2, Avg: 3.2, Max: 3.2, Diff: 0.0, Sum: 6.5]
      [GC Worker End (ms): Min: 55775.2, Avg: 55775.2, Max: 55775.2, Diff: 0.0]
   [Code Root Fixup: 0.0 ms]
   [Code Root Migration: 0.1 ms]
   [Clear CT: 0.3 ms]
   [Other: 1.1 ms]
      [Choose CSet: 0.1 ms]
      [Ref Proc: 0.4 ms]
      [Ref Enq: 0.0 ms]
      [Free CSet: 0.4 ms]
   [Eden: 134.0M(134.0M)->0.0B(147.0M) Survivors: 14.0M->4096.0K Heap: 212.7M(256.0M)->68.4M(256.0M)]
 [Times: user=0.02 sys=0.00, real=0.01 secs] 
2014-07-10T11:37:05.098+0200: 55.878: [GC pause (G1 Evacuation Pause) (young) 55.878: [G1Ergonomics (CSet Construction) start choosing CSet, _pending_cards: 512, predicted base time: 1.44 ms, remaining time: 198.56 ms, target pause time: 200.00 ms]
 55.878: [G1Ergonomics (CSet Construction) add young regions to CSet, eden: 147 regions, survivors: 4 regions, predicted young region time: 20.87 ms]
 55.878: [G1Ergonomics (CSet Construction) finish choosing CSet, eden: 147 regions, survivors: 4 regions, old: 0 regions, predicted pause time: 22.30 ms, target pause time: 200.00 ms]
, 0.0124088 secs]
   [Parallel Time: 11.7 ms, GC Workers: 2]
      [GC Worker Start (ms): Min: 55878.3, Avg: 55878.3, Max: 55878.3, Diff: 0.0]
      [Ext Root Scanning (ms): Min: 0.3, Avg: 0.3, Max: 0.3, Diff: 0.0, Sum: 0.6]
      [Update RS (ms): Min: 0.0, Avg: 0.1, Max: 0.1, Diff: 0.0, Sum: 0.1]
         [Processed Buffers: Min: 1, Avg: 1.5, Max: 2, Diff: 1, Sum: 3]
      [Scan RS (ms): Min: 0.2, Avg: 0.2, Max: 0.2, Diff: 0.0, Sum: 0.5]
      [Code Root Scanning (ms): Min: 0.1, Avg: 0.1, Max: 0.1, Diff: 0.0, Sum: 0.2]
      [Object Copy (ms): Min: 10.9, Avg: 10.9, Max: 10.9, Diff: 0.0, Sum: 21.9]
      [Termination (ms): Min: 0.0, Avg: 0.0, Max: 0.0, Diff: 0.0, Sum: 0.0]
      [GC Worker Other (ms): Min: 0.0, Avg: 0.0, Max: 0.0, Diff: 0.0, Sum: 0.1]
      [GC Worker Total (ms): Min: 11.7, Avg: 11.7, Max: 11.7, Diff: 0.0, Sum: 23.4]
      [GC Worker End (ms): Min: 55890.0, Avg: 55890.0, Max: 55890.0, Diff: 0.0]
   [Code Root Fixup: 0.0 ms]
   [Code Root Migration: 0.1 ms]
   [Clear CT: 0.1 ms]
   [Other: 0.5 ms]
      [Choose CSet: 0.0 ms]
      [Ref Proc: 0.1 ms]
      [Ref Enq: 0.0 ms]
      [Free CSet: 0.2 ms]
   [Eden: 147.0M(147.0M)->0.0B(128.0M) Survivors: 4096.0K->18.0M Heap: 215.4M(256.0M)->83.3M(256.0M)]
 [Times: user=0.03 sys=0.00, real=0.01 secs] 
2014-07-10T11:37:05.246+0200: 56.027: [GC pause (G1 Evacuation Pause) (young) 56.027: [G1Ergonomics (CSet Construction) start choosing CSet, _pending_cards: 512, predicted base time: 1.32 ms, remaining time: 198.68 ms, target pause time: 200.00 ms]
 56.027: [G1Ergonomics (CSet Construction) add young regions to CSet, eden: 128 regions, survivors: 18 regions, predicted young region time: 85.31 ms]
 56.027: [G1Ergonomics (CSet Construction) finish choosing CSet, eden: 128 regions, survivors: 18 regions, old: 0 regions, predicted pause time: 86.62 ms, target pause time: 200.00 ms]
, 0.0123230 secs]
   [Parallel Time: 11.5 ms, GC Workers: 2]
      [GC Worker Start (ms): Min: 56026.7, Avg: 56026.7, Max: 56026.7, Diff: 0.0]
      [Ext Root Scanning (ms): Min: 0.6, Avg: 0.8, Max: 1.0, Diff: 0.4, Sum: 1.6]
      [Update RS (ms): Min: 0.0, Avg: 0.0, Max: 0.1, Diff: 0.1, Sum: 0.1]
         [Processed Buffers: Min: 0, Avg: 1.5, Max: 3, Diff: 3, Sum: 3]
      [Scan RS (ms): Min: 0.1, Avg: 0.2, Max: 0.3, Diff: 0.2, Sum: 0.5]
      [Code Root Scanning (ms): Min: 0.1, Avg: 0.1, Max: 0.2, Diff: 0.1, Sum: 0.2]
      [Object Copy (ms): Min: 8.3, Avg: 9.3, Max: 10.2, Diff: 1.9, Sum: 18.5]
      [Termination (ms): Min: 0.0, Avg: 1.0, Max: 1.9, Diff: 1.9, Sum: 1.9]
      [GC Worker Other (ms): Min: 0.0, Avg: 0.0, Max: 0.0, Diff: 0.0, Sum: 0.0]
      [GC Worker Total (ms): Min: 11.4, Avg: 11.4, Max: 11.4, Diff: 0.0, Sum: 22.9]
      [GC Worker End (ms): Min: 56038.1, Avg: 56038.2, Max: 56038.2, Diff: 0.0]
   [Code Root Fixup: 0.0 ms]
   [Code Root Migration: 0.0 ms]
   [Clear CT: 0.4 ms]
   [Other: 0.5 ms]
      [Choose CSet: 0.0 ms]
      [Ref Proc: 0.0 ms]
      [Ref Enq: 0.0 ms]
      [Free CSet: 0.2 ms]
   [Eden: 128.0M(128.0M)->0.0B(134.0M) Survivors: 18.0M->14.0M Heap: 211.3M(256.0M)->79.2M(256.0M)]
 [Times: user=0.00 sys=0.00, real=0.01 secs] 
2014-07-10T11:37:05.396+0200: 56.176: [GC pause (G1 Evacuation Pause) (young) 56.176: [G1Ergonomics (CSet Construction) start choosing CSet, _pending_cards: 256, predicted base time: 1.39 ms, remaining time: 198.61 ms, target pause time: 200.00 ms]
 56.176: [G1Ergonomics (CSet Construction) add young regions to CSet, eden: 134 regions, survivors: 14 regions, predicted young region time: 20.55 ms]
 56.176: [G1Ergonomics (CSet Construction) finish choosing CSet, eden: 134 regions, survivors: 14 regions, old: 0 regions, predicted pause time: 21.94 ms, target pause time: 200.00 ms]
, 0.0123718 secs]
   [Parallel Time: 11.7 ms, GC Workers: 2]
      [GC Worker Start (ms): Min: 56176.4, Avg: 56176.4, Max: 56176.4, Diff: 0.0]
      [Ext Root Scanning (ms): Min: 0.3, Avg: 0.3, Max: 0.3, Diff: 0.0, Sum: 0.7]
      [Update RS (ms): Min: 0.0, Avg: 0.1, Max: 0.1, Diff: 0.1, Sum: 0.1]
         [Processed Buffers: Min: 1, Avg: 1.0, Max: 1, Diff: 0, Sum: 2]
      [Scan RS (ms): Min: 0.2, Avg: 0.2, Max: 0.2, Diff: 0.0, Sum: 0.4]
      [Code Root Scanning (ms): Min: 0.1, Avg: 0.1, Max: 0.1, Diff: 0.0, Sum: 0.2]
      [Object Copy (ms): Min: 10.2, Avg: 10.5, Max: 10.9, Diff: 0.7, Sum: 21.1]
      [Termination (ms): Min: 0.0, Avg: 0.4, Max: 0.7, Diff: 0.7, Sum: 0.7]
      [GC Worker Other (ms): Min: 0.0, Avg: 0.0, Max: 0.0, Diff: 0.0, Sum: 0.1]
      [GC Worker Total (ms): Min: 11.6, Avg: 11.6, Max: 11.7, Diff: 0.0, Sum: 23.3]
      [GC Worker End (ms): Min: 56188.0, Avg: 56188.0, Max: 56188.0, Diff: 0.0]
   [Code Root Fixup: 0.0 ms]
   [Code Root Migration: 0.1 ms]
   [Clear CT: 0.2 ms]
   [Other: 0.4 ms]
      [Choose CSet: 0.0 ms]
      [Ref Proc: 0.1 ms]
      [Ref Enq: 0.0 ms]
      [Free CSet: 0.2 ms]
   [Eden: 134.0M(134.0M)->0.0B(132.0M) Survivors: 14.0M->16.0M Heap: 213.2M(256.0M)->81.1M(256.0M)]
 [Times: user=0.02 sys=0.02, real=0.01 secs] 
2014-07-10T11:37:05.490+0200: 56.271: [GC pause (G1 Evacuation Pause) (young) 56.271: [G1Ergonomics (CSet Construction) start choosing CSet, _pending_cards: 259, predicted base time: 1.30 ms, remaining time: 198.70 ms, target pause time: 200.00 ms]
 56.271: [G1Ergonomics (CSet Construction) add young regions to CSet, eden: 132 regions, survivors: 16 regions, predicted young region time: 88.07 ms]
 56.271: [G1Ergonomics (CSet Construction) finish choosing CSet, eden: 132 regions, survivors: 16 regions, old: 0 regions, predicted pause time: 89.37 ms, target pause time: 200.00 ms]
, 0.0022100 secs]
   [Parallel Time: 1.6 ms, GC Workers: 2]
      [GC Worker Start (ms): Min: 56270.9, Avg: 56270.9, Max: 56270.9, Diff: 0.0]
      [Ext Root Scanning (ms): Min: 0.2, Avg: 0.2, Max: 0.2, Diff: 0.0, Sum: 0.4]
      [Update RS (ms): Min: 0.1, Avg: 0.1, Max: 0.1, Diff: 0.1, Sum: 0.2]
         [Processed Buffers: Min: 1, Avg: 1.5, Max: 2, Diff: 1, Sum: 3]
      [Scan RS (ms): Min: 0.2, Avg: 0.2, Max: 0.2, Diff: 0.1, Sum: 0.4]
      [Code Root Scanning (ms): Min: 0.1, Avg: 0.1, Max: 0.1, Diff: 0.0, Sum: 0.2]
      [Object Copy (ms): Min: 0.9, Avg: 0.9, Max: 0.9, Diff: 0.0, Sum: 1.8]
      [Termination (ms): Min: 0.0, Avg: 0.0, Max: 0.0, Diff: 0.0, Sum: 0.0]
      [GC Worker Other (ms): Min: 0.0, Avg: 0.0, Max: 0.0, Diff: 0.0, Sum: 0.0]
      [GC Worker Total (ms): Min: 1.5, Avg: 1.5, Max: 1.5, Diff: 0.0, Sum: 3.1]
      [GC Worker End (ms): Min: 56272.4, Avg: 56272.4, Max: 56272.4, Diff: 0.0]
   [Code Root Fixup: 0.0 ms]
   [Code Root Migration: 0.0 ms]
   [Clear CT: 0.1 ms]
   [Other: 0.5 ms]
      [Choose CSet: 0.0 ms]
      [Ref Proc: 0.0 ms]
      [Ref Enq: 0.0 ms]
      [Free CSet: 0.2 ms]
   [Eden: 132.0M(132.0M)->0.0B(148.0M) Survivors: 16.0M->3072.0K Heap: 213.1M(256.0M)->67.9M(256.0M)]
 [Times: user=0.02 sys=0.00, real=0.00 secs] 
2014-07-10T11:37:05.645+0200: 56.425: [GC pause (G1 Evacuation Pause) (young) 56.425: [G1Ergonomics (CSet Construction) start choosing CSet, _pending_cards: 512, predicted base time: 1.28 ms, remaining time: 198.72 ms, target pause time: 200.00 ms]
 56.425: [G1Ergonomics (CSet Construction) add young regions to CSet, eden: 148 regions, survivors: 3 regions, predicted young region time: 91.19 ms]
 56.425: [G1Ergonomics (CSet Construction) finish choosing CSet, eden: 148 regions, survivors: 3 regions, old: 0 regions, predicted pause time: 92.47 ms, target pause time: 200.00 ms]
, 0.0132861 secs]
   [Parallel Time: 12.7 ms, GC Workers: 2]
      [GC Worker Start (ms): Min: 56425.4, Avg: 56425.4, Max: 56425.4, Diff: 0.0]
      [Ext Root Scanning (ms): Min: 0.3, Avg: 0.3, Max: 0.3, Diff: 0.0, Sum: 0.7]
      [Update RS (ms): Min: 0.0, Avg: 0.1, Max: 0.1, Diff: 0.0, Sum: 0.1]
         [Processed Buffers: Min: 1, Avg: 1.5, Max: 2, Diff: 1, Sum: 3]
      [Scan RS (ms): Min: 0.2, Avg: 0.3, Max: 0.3, Diff: 0.0, Sum: 0.5]
      [Code Root Scanning (ms): Min: 0.1, Avg: 0.1, Max: 0.1, Diff: 0.0, Sum: 0.2]
      [Object Copy (ms): Min: 11.9, Avg: 11.9, Max: 11.9, Diff: 0.0, Sum: 23.8]
      [Termination (ms): Min: 0.0, Avg: 0.0, Max: 0.0, Diff: 0.0, Sum: 0.0]
      [GC Worker Other (ms): Min: 0.0, Avg: 0.0, Max: 0.0, Diff: 0.0, Sum: 0.1]
      [GC Worker Total (ms): Min: 12.7, Avg: 12.7, Max: 12.7, Diff: 0.0, Sum: 25.3]
      [GC Worker End (ms): Min: 56438.1, Avg: 56438.1, Max: 56438.1, Diff: 0.0]
   [Code Root Fixup: 0.0 ms]
   [Code Root Migration: 0.0 ms]
   [Clear CT: 0.1 ms]
   [Other: 0.4 ms]
      [Choose CSet: 0.0 ms]
      [Ref Proc: 0.0 ms]
      [Ref Enq: 0.0 ms]
      [Free CSet: 0.2 ms]
   [Eden: 148.0M(148.0M)->0.0B(126.0M) Survivors: 3072.0K->19.0M Heap: 215.9M(256.0M)->83.7M(256.0M)]
 [Times: user=0.03 sys=0.00, real=0.01 secs] 
2014-07-10T11:37:05.799+0200: 56.580: [GC pause (G1 Evacuation Pause) (young) 56.580: [G1Ergonomics (CSet Construction) start choosing CSet, _pending_cards: 512, predicted base time: 1.18 ms, remaining time: 198.82 ms, target pause time: 200.00 ms]
 56.580: [G1Ergonomics (CSet Construction) add young regions to CSet, eden: 126 regions, survivors: 19 regions, predicted young region time: 59.19 ms]
 56.580: [G1Ergonomics (CSet Construction) finish choosing CSet, eden: 126 regions, survivors: 19 regions, old: 0 regions, predicted pause time: 60.37 ms, target pause time: 200.00 ms]
, 0.0149836 secs]
   [Parallel Time: 13.7 ms, GC Workers: 2]
      [GC Worker Start (ms): Min: 56580.1, Avg: 56580.1, Max: 56580.1, Diff: 0.0]
      [Ext Root Scanning (ms): Min: 0.6, Avg: 0.6, Max: 0.6, Diff: 0.0, Sum: 1.1]
      [Update RS (ms): Min: 0.1, Avg: 0.1, Max: 0.1, Diff: 0.1, Sum: 0.2]
         [Processed Buffers: Min: 1, Avg: 1.5, Max: 2, Diff: 1, Sum: 3]
      [Scan RS (ms): Min: 0.4, Avg: 0.4, Max: 0.4, Diff: 0.1, Sum: 0.8]
      [Code Root Scanning (ms): Min: 0.1, Avg: 0.1, Max: 0.1, Diff: 0.0, Sum: 0.3]
      [Object Copy (ms): Min: 12.2, Avg: 12.2, Max: 12.2, Diff: 0.0, Sum: 24.5]
      [Termination (ms): Min: 0.0, Avg: 0.0, Max: 0.0, Diff: 0.0, Sum: 0.0]
      [GC Worker Other (ms): Min: 0.1, Avg: 0.2, Max: 0.2, Diff: 0.2, Sum: 0.3]
      [GC Worker Total (ms): Min: 13.5, Avg: 13.6, Max: 13.7, Diff: 0.2, Sum: 27.2]
      [GC Worker End (ms): Min: 56593.6, Avg: 56593.7, Max: 56593.8, Diff: 0.2]
   [Code Root Fixup: 0.0 ms]
   [Code Root Migration: 0.1 ms]
   [Clear CT: 0.2 ms]
   [Other: 1.0 ms]
      [Choose CSet: 0.1 ms]
      [Ref Proc: 0.1 ms]
      [Ref Enq: 0.0 ms]
      [Free CSet: 0.4 ms]
   [Eden: 126.0M(126.0M)->0.0B(136.0M) Survivors: 19.0M->13.0M Heap: 209.7M(256.0M)->77.6M(256.0M)]
 [Times: user=0.03 sys=0.00, real=0.02 secs] 
2014-07-10T11:37:05.897+0200: 56.677: [GC pause (G1 Evacuation Pause) (young) 56.677: [G1Ergonomics (CSet Construction) start choosing CSet, _pending_cards: 512, predicted base time: 1.39 ms, remaining time: 198.61 ms, target pause time: 200.00 ms]
 56.677: [G1Ergonomics (CSet Construction) add young regions to CSet, eden: 136 regions, survivors: 13 regions, predicted young region time: 107.31 ms]
 56.677: [G1Ergonomics (CSet Construction) finish choosing CSet, eden: 136 regions, survivors: 13 regions, old: 0 regions, predicted pause time: 108.70 ms, target pause time: 200.00 ms]
, 0.0114779 secs]
   [Parallel Time: 10.7 ms, GC Workers: 2]
      [GC Worker Start (ms): Min: 56677.2, Avg: 56677.3, Max: 56677.3, Diff: 0.1]
      [Ext Root Scanning (ms): Min: 0.3, Avg: 0.3, Max: 0.4, Diff: 0.1, Sum: 0.7]
      [Update RS (ms): Min: 0.0, Avg: 0.1, Max: 0.1, Diff: 0.0, Sum: 0.1]
         [Processed Buffers: Min: 1, Avg: 1.5, Max: 2, Diff: 1, Sum: 3]
      [Scan RS (ms): Min: 0.2, Avg: 0.2, Max: 0.2, Diff: 0.0, Sum: 0.5]
      [Code Root Scanning (ms): Min: 0.1, Avg: 0.1, Max: 0.1, Diff: 0.0, Sum: 0.2]
      [Object Copy (ms): Min: 9.8, Avg: 9.9, Max: 9.9, Diff: 0.0, Sum: 19.7]
      [Termination (ms): Min: 0.0, Avg: 0.0, Max: 0.0, Diff: 0.0, Sum: 0.0]
      [GC Worker Other (ms): Min: 0.0, Avg: 0.0, Max: 0.0, Diff: 0.0, Sum: 0.1]
      [GC Worker Total (ms): Min: 10.6, Avg: 10.6, Max: 10.7, Diff: 0.1, Sum: 21.2]
      [GC Worker End (ms): Min: 56687.9, Avg: 56687.9, Max: 56687.9, Diff: 0.0]
   [Code Root Fixup: 0.0 ms]
   [Code Root Migration: 0.0 ms]
   [Clear CT: 0.1 ms]
   [Other: 0.6 ms]
      [Choose CSet: 0.0 ms]
      [Ref Proc: 0.1 ms]
      [Ref Enq: 0.0 ms]
      [Free CSet: 0.2 ms]
   [Eden: 136.0M(136.0M)->0.0B(132.0M) Survivors: 13.0M->16.0M Heap: 213.6M(256.0M)->81.5M(256.0M)]
 [Times: user=0.00 sys=0.00, real=0.01 secs] 
2014-07-10T11:37:06.053+0200: 56.834: [GC pause (G1 Evacuation Pause) (young) 56.834: [G1Ergonomics (CSet Construction) start choosing CSet, _pending_cards: 257, predicted base time: 1.27 ms, remaining time: 198.73 ms, target pause time: 200.00 ms]
 56.834: [G1Ergonomics (CSet Construction) add young regions to CSet, eden: 132 regions, survivors: 16 regions, predicted young region time: 66.54 ms]
 56.834: [G1Ergonomics (CSet Construction) finish choosing CSet, eden: 132 regions, survivors: 16 regions, old: 0 regions, predicted pause time: 67.81 ms, target pause time: 200.00 ms]
, 0.0061223 secs]
   [Parallel Time: 5.5 ms, GC Workers: 2]
      [GC Worker Start (ms): Min: 56833.7, Avg: 56833.8, Max: 56833.8, Diff: 0.0]
      [Ext Root Scanning (ms): Min: 0.3, Avg: 0.3, Max: 0.3, Diff: 0.0, Sum: 0.6]
      [Update RS (ms): Min: 0.0, Avg: 0.0, Max: 0.0, Diff: 0.0, Sum: 0.1]
         [Processed Buffers: Min: 1, Avg: 1.5, Max: 2, Diff: 1, Sum: 3]
      [Scan RS (ms): Min: 0.2, Avg: 0.2, Max: 0.2, Diff: 0.0, Sum: 0.4]
      [Code Root Scanning (ms): Min: 0.1, Avg: 0.1, Max: 0.1, Diff: 0.0, Sum: 0.2]
      [Object Copy (ms): Min: 4.8, Avg: 4.8, Max: 4.8, Diff: 0.0, Sum: 9.5]
      [Termination (ms): Min: 0.0, Avg: 0.0, Max: 0.0, Diff: 0.0, Sum: 0.0]
      [GC Worker Other (ms): Min: 0.0, Avg: 0.0, Max: 0.0, Diff: 0.0, Sum: 0.1]
      [GC Worker Total (ms): Min: 5.5, Avg: 5.5, Max: 5.5, Diff: 0.0, Sum: 10.9]
      [GC Worker End (ms): Min: 56839.2, Avg: 56839.2, Max: 56839.2, Diff: 0.0]
   [Code Root Fixup: 0.0 ms]
   [Code Root Migration: 0.1 ms]
   [Clear CT: 0.1 ms]
   [Other: 0.5 ms]
      [Choose CSet: 0.0 ms]
      [Ref Proc: 0.1 ms]
      [Ref Enq: 0.0 ms]
      [Free CSet: 0.2 ms]
   [Eden: 132.0M(132.0M)->0.0B(141.0M) Survivors: 16.0M->8192.0K Heap: 213.5M(256.0M)->73.3M(256.0M)]
 [Times: user=0.00 sys=0.00, real=0.01 secs] 
2014-07-10T11:37:06.197+0200: 56.977: [GC pause (G1 Evacuation Pause) (young) 56.977: [G1Ergonomics (CSet Construction) start choosing CSet, _pending_cards: 512, predicted base time: 1.21 ms, remaining time: 198.79 ms, target pause time: 200.00 ms]
 56.977: [G1Ergonomics (CSet Construction) add young regions to CSet, eden: 141 regions, survivors: 8 regions, predicted young region time: 100.45 ms]
 56.977: [G1Ergonomics (CSet Construction) finish choosing CSet, eden: 141 regions, survivors: 8 regions, old: 0 regions, predicted pause time: 101.66 ms, target pause time: 200.00 ms]
, 0.0120422 secs]
   [Parallel Time: 11.1 ms, GC Workers: 2]
      [GC Worker Start (ms): Min: 56977.1, Avg: 56977.1, Max: 56977.1, Diff: 0.0]
      [Ext Root Scanning (ms): Min: 0.3, Avg: 0.3, Max: 0.3, Diff: 0.0, Sum: 0.7]
      [Update RS (ms): Min: 0.0, Avg: 0.0, Max: 0.0, Diff: 0.0, Sum: 0.1]
         [Processed Buffers: Min: 1, Avg: 1.5, Max: 2, Diff: 1, Sum: 3]
      [Scan RS (ms): Min: 0.2, Avg: 0.2, Max: 0.2, Diff: 0.0, Sum: 0.5]
      [Code Root Scanning (ms): Min: 0.1, Avg: 0.1, Max: 0.1, Diff: 0.0, Sum: 0.2]
      [Object Copy (ms): Min: 10.4, Avg: 10.4, Max: 10.4, Diff: 0.0, Sum: 20.7]
      [Termination (ms): Min: 0.0, Avg: 0.0, Max: 0.0, Diff: 0.0, Sum: 0.0]
      [GC Worker Other (ms): Min: 0.0, Avg: 0.0, Max: 0.0, Diff: 0.0, Sum: 0.1]
      [GC Worker Total (ms): Min: 11.1, Avg: 11.1, Max: 11.1, Diff: 0.0, Sum: 22.2]
      [GC Worker End (ms): Min: 56988.2, Avg: 56988.2, Max: 56988.2, Diff: 0.0]
   [Code Root Fixup: 0.0 ms]
   [Code Root Migration: 0.0 ms]
   [Clear CT: 0.1 ms]
   [Other: 0.7 ms]
      [Choose CSet: 0.0 ms]
      [Ref Proc: 0.3 ms]
      [Ref Enq: 0.0 ms]
      [Free CSet: 0.3 ms]
   [Eden: 141.0M(141.0M)->0.0B(130.0M) Survivors: 8192.0K->17.0M Heap: 214.3M(256.0M)->82.2M(256.0M)]
 [Times: user=0.03 sys=0.00, real=0.01 secs] 
2014-07-10T11:37:06.295+0200: 57.076: [GC pause (G1 Evacuation Pause) (young) 57.076: [G1Ergonomics (CSet Construction) start choosing CSet, _pending_cards: 512, predicted base time: 1.20 ms, remaining time: 198.80 ms, target pause time: 200.00 ms]
 57.076: [G1Ergonomics (CSet Construction) add young regions to CSet, eden: 130 regions, survivors: 17 regions, predicted young region time: 20.75 ms]
 57.076: [G1Ergonomics (CSet Construction) finish choosing CSet, eden: 130 regions, survivors: 17 regions, old: 0 regions, predicted pause time: 21.95 ms, target pause time: 200.00 ms]
, 0.0106549 secs]
   [Parallel Time: 10.1 ms, GC Workers: 2]
      [GC Worker Start (ms): Min: 57075.7, Avg: 57075.7, Max: 57075.7, Diff: 0.0]
      [Ext Root Scanning (ms): Min: 0.4, Avg: 0.4, Max: 0.4, Diff: 0.0, Sum: 0.7]
      [Update RS (ms): Min: 0.0, Avg: 0.0, Max: 0.0, Diff: 0.0, Sum: 0.1]
         [Processed Buffers: Min: 1, Avg: 1.5, Max: 2, Diff: 1, Sum: 3]
      [Scan RS (ms): Min: 0.2, Avg: 0.2, Max: 0.2, Diff: 0.0, Sum: 0.5]
      [Code Root Scanning (ms): Min: 0.1, Avg: 0.1, Max: 0.1, Diff: 0.0, Sum: 0.2]
      [Object Copy (ms): Min: 9.2, Avg: 9.2, Max: 9.2, Diff: 0.0, Sum: 18.4]
      [Termination (ms): Min: 0.0, Avg: 0.0, Max: 0.0, Diff: 0.0, Sum: 0.0]
      [GC Worker Other (ms): Min: 0.0, Avg: 0.0, Max: 0.0, Diff: 0.0, Sum: 0.1]
      [GC Worker Total (ms): Min: 10.0, Avg: 10.0, Max: 10.0, Diff: 0.0, Sum: 19.9]
      [GC Worker End (ms): Min: 57085.7, Avg: 57085.7, Max: 57085.7, Diff: 0.0]
   [Code Root Fixup: 0.0 ms]
   [Code Root Migration: 0.0 ms]
   [Clear CT: 0.1 ms]
   [Other: 0.4 ms]
      [Choose CSet: 0.0 ms]
      [Ref Proc: 0.0 ms]
      [Ref Enq: 0.0 ms]
      [Free CSet: 0.2 ms]
   [Eden: 130.0M(130.0M)->0.0B(133.0M) Survivors: 17.0M->15.0M Heap: 212.2M(256.0M)->80.1M(256.0M)]
 [Times: user=0.03 sys=0.00, real=0.01 secs] 
2014-07-10T11:37:06.445+0200: 57.225: [GC pause (G1 Evacuation Pause) (young) 57.225: [G1Ergonomics (CSet Construction) start choosing CSet, _pending_cards: 513, predicted base time: 1.14 ms, remaining time: 198.86 ms, target pause time: 200.00 ms]
 57.225: [G1Ergonomics (CSet Construction) add young regions to CSet, eden: 133 regions, survivors: 15 regions, predicted young region time: 89.83 ms]
 57.225: [G1Ergonomics (CSet Construction) finish choosing CSet, eden: 133 regions, survivors: 15 regions, old: 0 regions, predicted pause time: 90.96 ms, target pause time: 200.00 ms]
, 0.0052207 secs]
   [Parallel Time: 4.6 ms, GC Workers: 2]
      [GC Worker Start (ms): Min: 57225.0, Avg: 57225.0, Max: 57225.0, Diff: 0.0]
      [Ext Root Scanning (ms): Min: 0.3, Avg: 0.3, Max: 0.3, Diff: 0.0, Sum: 0.7]
      [Update RS (ms): Min: 0.0, Avg: 0.1, Max: 0.1, Diff: 0.0, Sum: 0.1]
         [Processed Buffers: Min: 2, Avg: 2.0, Max: 2, Diff: 0, Sum: 4]
      [Scan RS (ms): Min: 0.2, Avg: 0.2, Max: 0.2, Diff: 0.0, Sum: 0.5]
      [Code Root Scanning (ms): Min: 0.1, Avg: 0.1, Max: 0.1, Diff: 0.0, Sum: 0.2]
      [Object Copy (ms): Min: 2.6, Avg: 3.2, Max: 3.8, Diff: 1.2, Sum: 6.4]
      [Termination (ms): Min: 0.0, Avg: 0.6, Max: 1.2, Diff: 1.2, Sum: 1.2]
      [GC Worker Other (ms): Min: 0.0, Avg: 0.0, Max: 0.0, Diff: 0.0, Sum: 0.1]
      [GC Worker Total (ms): Min: 4.6, Avg: 4.6, Max: 4.6, Diff: 0.0, Sum: 9.2]
      [GC Worker End (ms): Min: 57229.6, Avg: 57229.6, Max: 57229.6, Diff: 0.0]
   [Code Root Fixup: 0.0 ms]
   [Code Root Migration: 0.0 ms]
   [Clear CT: 0.1 ms]
   [Other: 0.5 ms]
      [Choose CSet: 0.0 ms]
      [Ref Proc: 0.0 ms]
      [Ref Enq: 0.0 ms]
      [Free CSet: 0.2 ms]
   [Eden: 133.0M(133.0M)->0.0B(146.0M) Survivors: 15.0M->4096.0K Heap: 213.1M(256.0M)->68.9M(256.0M)]
 [Times: user=0.00 sys=0.00, real=0.01 secs] 
2014-07-10T11:37:06.605+0200: 57.385: [GC pause (G1 Evacuation Pause) (young) 57.385: [G1Ergonomics (CSet Construction) start choosing CSet, _pending_cards: 513, predicted base time: 1.07 ms, remaining time: 198.93 ms, target pause time: 200.00 ms]
 57.385: [G1Ergonomics (CSet Construction) add young regions to CSet, eden: 146 regions, survivors: 4 regions, predicted young region time: 21.18 ms]
 57.385: [G1Ergonomics (CSet Construction) finish choosing CSet, eden: 146 regions, survivors: 4 regions, old: 0 regions, predicted pause time: 22.25 ms, target pause time: 200.00 ms]
, 0.0110582 secs]
   [Parallel Time: 10.2 ms, GC Workers: 2]
      [GC Worker Start (ms): Min: 57385.3, Avg: 57385.3, Max: 57385.3, Diff: 0.0]
      [Ext Root Scanning (ms): Min: 0.5, Avg: 0.6, Max: 0.6, Diff: 0.0, Sum: 1.1]
      [Update RS (ms): Min: 0.1, Avg: 0.1, Max: 0.1, Diff: 0.1, Sum: 0.2]
         [Processed Buffers: Min: 2, Avg: 2.0, Max: 2, Diff: 0, Sum: 4]
      [Scan RS (ms): Min: 0.4, Avg: 0.4, Max: 0.4, Diff: 0.0, Sum: 0.8]
      [Code Root Scanning (ms): Min: 0.1, Avg: 0.2, Max: 0.2, Diff: 0.0, Sum: 0.3]
      [Object Copy (ms): Min: 8.9, Avg: 8.9, Max: 8.9, Diff: 0.0, Sum: 17.8]
      [Termination (ms): Min: 0.0, Avg: 0.0, Max: 0.0, Diff: 0.0, Sum: 0.0]
      [GC Worker Other (ms): Min: 0.0, Avg: 0.0, Max: 0.0, Diff: 0.0, Sum: 0.1]
      [GC Worker Total (ms): Min: 10.2, Avg: 10.2, Max: 10.2, Diff: 0.0, Sum: 20.3]
      [GC Worker End (ms): Min: 57395.5, Avg: 57395.5, Max: 57395.5, Diff: 0.0]
   [Code Root Fixup: 0.0 ms]
   [Code Root Migration: 0.1 ms]
   [Clear CT: 0.1 ms]
   [Other: 0.6 ms]
      [Choose CSet: 0.1 ms]
      [Ref Proc: 0.1 ms]
      [Ref Enq: 0.0 ms]
      [Free CSet: 0.3 ms]
   [Eden: 146.0M(146.0M)->0.0B(136.0M) Survivors: 4096.0K->14.0M Heap: 214.9M(256.0M)->78.7M(256.0M)]
 [Times: user=0.03 sys=0.00, real=0.01 secs] 
2014-07-10T11:37:06.697+0200: 57.477: [GC pause (G1 Evacuation Pause) (young) 57.477: [G1Ergonomics (CSet Construction) start choosing CSet, _pending_cards: 512, predicted base time: 1.18 ms, remaining time: 198.82 ms, target pause time: 200.00 ms]
 57.477: [G1Ergonomics (CSet Construction) add young regions to CSet, eden: 136 regions, survivors: 14 regions, predicted young region time: 104.25 ms]
 57.477: [G1Ergonomics (CSet Construction) finish choosing CSet, eden: 136 regions, survivors: 14 regions, old: 0 regions, predicted pause time: 105.43 ms, target pause time: 200.00 ms]
, 0.0126233 secs]
   [Parallel Time: 12.0 ms, GC Workers: 2]
      [GC Worker Start (ms): Min: 57477.4, Avg: 57477.4, Max: 57477.4, Diff: 0.0]
      [Ext Root Scanning (ms): Min: 0.3, Avg: 0.3, Max: 0.3, Diff: 0.0, Sum: 0.7]
      [Update RS (ms): Min: 0.1, Avg: 0.1, Max: 0.1, Diff: 0.0, Sum: 0.1]
         [Processed Buffers: Min: 1, Avg: 1.5, Max: 2, Diff: 1, Sum: 3]
      [Scan RS (ms): Min: 0.2, Avg: 0.2, Max: 0.2, Diff: 0.0, Sum: 0.5]
      [Code Root Scanning (ms): Min: 0.1, Avg: 0.1, Max: 0.1, Diff: 0.0, Sum: 0.2]
      [Object Copy (ms): Min: 11.2, Avg: 11.2, Max: 11.2, Diff: 0.0, Sum: 22.4]
      [Termination (ms): Min: 0.0, Avg: 0.0, Max: 0.0, Diff: 0.0, Sum: 0.0]
      [GC Worker Other (ms): Min: 0.0, Avg: 0.0, Max: 0.0, Diff: 0.0, Sum: 0.1]
      [GC Worker Total (ms): Min: 12.0, Avg: 12.0, Max: 12.0, Diff: 0.0, Sum: 24.0]
      [GC Worker End (ms): Min: 57489.4, Avg: 57489.4, Max: 57489.4, Diff: 0.0]
   [Code Root Fixup: 0.0 ms]
   [Code Root Migration: 0.0 ms]
   [Clear CT: 0.1 ms]
   [Other: 0.4 ms]
      [Choose CSet: 0.0 ms]
      [Ref Proc: 0.1 ms]
      [Ref Enq: 0.0 ms]
      [Free CSet: 0.2 ms]
   [Eden: 136.0M(136.0M)->0.0B(130.0M) Survivors: 14.0M->17.0M Heap: 214.7M(256.0M)->82.6M(256.0M)]
 [Times: user=0.02 sys=0.00, real=0.01 secs] 
2014-07-10T11:37:06.842+0200: 57.622: [GC pause (G1 Evacuation Pause) (young) 57.622: [G1Ergonomics (CSet Construction) start choosing CSet, _pending_cards: 512, predicted base time: 1.11 ms, remaining time: 198.89 ms, target pause time: 200.00 ms]
 57.622: [G1Ergonomics (CSet Construction) add young regions to CSet, eden: 130 regions, survivors: 17 regions, predicted young region time: 96.27 ms]
 57.622: [G1Ergonomics (CSet Construction) finish choosing CSet, eden: 130 regions, survivors: 17 regions, old: 0 regions, predicted pause time: 97.37 ms, target pause time: 200.00 ms]
, 0.0115597 secs]
   [Parallel Time: 10.5 ms, GC Workers: 2]
      [GC Worker Start (ms): Min: 57621.9, Avg: 57621.9, Max: 57621.9, Diff: 0.0]
      [Ext Root Scanning (ms): Min: 0.4, Avg: 0.4, Max: 0.4, Diff: 0.0, Sum: 0.8]
      [Update RS (ms): Min: 0.1, Avg: 0.1, Max: 0.1, Diff: 0.0, Sum: 0.1]
         [Processed Buffers: Min: 1, Avg: 1.5, Max: 2, Diff: 1, Sum: 3]
      [Scan RS (ms): Min: 0.3, Avg: 0.3, Max: 0.3, Diff: 0.0, Sum: 0.5]
      [Code Root Scanning (ms): Min: 0.1, Avg: 0.1, Max: 0.1, Diff: 0.0, Sum: 0.2]
      [Object Copy (ms): Min: 9.6, Avg: 9.6, Max: 9.6, Diff: 0.0, Sum: 19.2]
      [Termination (ms): Min: 0.0, Avg: 0.0, Max: 0.0, Diff: 0.0, Sum: 0.0]
      [GC Worker Other (ms): Min: 0.0, Avg: 0.0, Max: 0.0, Diff: 0.0, Sum: 0.1]
      [GC Worker Total (ms): Min: 10.4, Avg: 10.4, Max: 10.5, Diff: 0.0, Sum: 20.9]
      [GC Worker End (ms): Min: 57632.3, Avg: 57632.3, Max: 57632.3, Diff: 0.0]
   [Code Root Fixup: 0.0 ms]
   [Code Root Migration: 0.0 ms]
   [Clear CT: 0.1 ms]
   [Other: 0.9 ms]
      [Choose CSet: 0.0 ms]
      [Ref Proc: 0.4 ms]
      [Ref Enq: 0.0 ms]
      [Free CSet: 0.2 ms]
   [Eden: 130.0M(130.0M)->0.0B(133.0M) Survivors: 17.0M->15.0M Heap: 212.6M(256.0M)->80.5M(256.0M)]
 [Times: user=0.03 sys=0.00, real=0.01 secs] 
2014-07-10T11:37:06.995+0200: 57.775: [GC pause (G1 Evacuation Pause) (young) 57.775: [G1Ergonomics (CSet Construction) start choosing CSet, _pending_cards: 257, predicted base time: 1.20 ms, remaining time: 198.80 ms, target pause time: 200.00 ms]
 57.775: [G1Ergonomics (CSet Construction) add young regions to CSet, eden: 133 regions, survivors: 15 regions, predicted young region time: 69.02 ms]
 57.775: [G1Ergonomics (CSet Construction) finish choosing CSet, eden: 133 regions, survivors: 15 regions, old: 0 regions, predicted pause time: 70.22 ms, target pause time: 200.00 ms]
, 0.0075155 secs]
   [Parallel Time: 6.8 ms, GC Workers: 2]
      [GC Worker Start (ms): Min: 57775.3, Avg: 57775.4, Max: 57775.4, Diff: 0.1]
      [Ext Root Scanning (ms): Min: 1.0, Avg: 1.0, Max: 1.1, Diff: 0.1, Sum: 2.1]
      [Update RS (ms): Min: 0.1, Avg: 0.1, Max: 0.1, Diff: 0.0, Sum: 0.2]
         [Processed Buffers: Min: 1, Avg: 1.5, Max: 2, Diff: 1, Sum: 3]
      [Scan RS (ms): Min: 0.4, Avg: 0.5, Max: 0.5, Diff: 0.0, Sum: 0.9]
      [Code Root Scanning (ms): Min: 0.1, Avg: 0.1, Max: 0.1, Diff: 0.0, Sum: 0.3]
      [Object Copy (ms): Min: 4.6, Avg: 4.6, Max: 4.6, Diff: 0.1, Sum: 9.2]
      [Termination (ms): Min: 0.0, Avg: 0.0, Max: 0.0, Diff: 0.0, Sum: 0.0]
      [GC Worker Other (ms): Min: 0.0, Avg: 0.1, Max: 0.1, Diff: 0.0, Sum: 0.1]
      [GC Worker Total (ms): Min: 6.4, Avg: 6.4, Max: 6.4, Diff: 0.1, Sum: 12.8]
      [GC Worker End (ms): Min: 57781.7, Avg: 57781.7, Max: 57781.7, Diff: 0.0]
   [Code Root Fixup: 0.0 ms]
   [Code Root Migration: 0.1 ms]
   [Clear CT: 0.1 ms]
   [Other: 0.6 ms]
      [Choose CSet: 0.1 ms]
      [Ref Proc: 0.1 ms]
      [Ref Enq: 0.0 ms]
      [Free CSet: 0.2 ms]
   [Eden: 133.0M(133.0M)->0.0B(142.0M) Survivors: 15.0M->8192.0K Heap: 213.5M(256.0M)->73.4M(256.0M)]
 [Times: user=0.00 sys=0.00, real=0.01 secs] 
2014-07-10T11:37:07.097+0200: 57.877: [GC pause (G1 Evacuation Pause) (young) 57.877: [G1Ergonomics (CSet Construction) start choosing CSet, _pending_cards: 256, predicted base time: 1.60 ms, remaining time: 198.40 ms, target pause time: 200.00 ms]
 57.877: [G1Ergonomics (CSet Construction) add young regions to CSet, eden: 142 regions, survivors: 8 regions, predicted young region time: 97.00 ms]
 57.877: [G1Ergonomics (CSet Construction) finish choosing CSet, eden: 142 regions, survivors: 8 regions, old: 0 regions, predicted pause time: 98.60 ms, target pause time: 200.00 ms]
, 0.0130192 secs]
   [Parallel Time: 11.9 ms, GC Workers: 2]
      [GC Worker Start (ms): Min: 57876.9, Avg: 57876.9, Max: 57876.9, Diff: 0.0]
      [Ext Root Scanning (ms): Min: 0.4, Avg: 0.4, Max: 0.4, Diff: 0.0, Sum: 0.7]
      [Update RS (ms): Min: 0.0, Avg: 0.0, Max: 0.1, Diff: 0.1, Sum: 0.1]
         [Processed Buffers: Min: 1, Avg: 1.0, Max: 1, Diff: 0, Sum: 2]
      [Scan RS (ms): Min: 0.2, Avg: 0.2, Max: 0.3, Diff: 0.0, Sum: 0.5]
      [Code Root Scanning (ms): Min: 0.1, Avg: 0.1, Max: 0.1, Diff: 0.0, Sum: 0.2]
      [Object Copy (ms): Min: 11.1, Avg: 11.1, Max: 11.1, Diff: 0.0, Sum: 22.3]
      [Termination (ms): Min: 0.0, Avg: 0.0, Max: 0.0, Diff: 0.0, Sum: 0.0]
      [GC Worker Other (ms): Min: 0.0, Avg: 0.0, Max: 0.0, Diff: 0.0, Sum: 0.1]
      [GC Worker Total (ms): Min: 11.9, Avg: 11.9, Max: 11.9, Diff: 0.0, Sum: 23.8]
      [GC Worker End (ms): Min: 57888.8, Avg: 57888.8, Max: 57888.8, Diff: 0.0]
   [Code Root Fixup: 0.0 ms]
   [Code Root Migration: 0.1 ms]
   [Clear CT: 0.1 ms]
   [Other: 0.9 ms]
      [Choose CSet: 0.0 ms]
      [Ref Proc: 0.5 ms]
      [Ref Enq: 0.0 ms]
      [Free CSet: 0.2 ms]
   [Eden: 142.0M(142.0M)->0.0B(128.0M) Survivors: 8192.0K->18.0M Heap: 215.4M(256.0M)->83.3M(256.0M)]
 [Times: user=0.03 sys=0.00, real=0.01 secs] 
2014-07-10T11:37:07.229+0200: 58.008: [GC pause (G1 Evacuation Pause) (young) 58.008: [G1Ergonomics (CSet Construction) start choosing CSet, _pending_cards: 256, predicted base time: 1.55 ms, remaining time: 198.45 ms, target pause time: 200.00 ms]
 58.008: [G1Ergonomics (CSet Construction) add young regions to CSet, eden: 128 regions, survivors: 18 regions, predicted young region time: 63.46 ms]
 58.008: [G1Ergonomics (CSet Construction) finish choosing CSet, eden: 128 regions, survivors: 18 regions, old: 0 regions, predicted pause time: 65.01 ms, target pause time: 200.00 ms]
, 0.0101533 secs]
   [Parallel Time: 9.1 ms, GC Workers: 2]
      [GC Worker Start (ms): Min: 58008.1, Avg: 58008.1, Max: 58008.1, Diff: 0.0]
      [Ext Root Scanning (ms): Min: 0.3, Avg: 0.3, Max: 0.3, Diff: 0.0, Sum: 0.7]
      [Update RS (ms): Min: 0.0, Avg: 0.0, Max: 0.1, Diff: 0.0, Sum: 0.1]
         [Processed Buffers: Min: 1, Avg: 1.0, Max: 1, Diff: 0, Sum: 2]
      [Scan RS (ms): Min: 0.2, Avg: 0.2, Max: 0.2, Diff: 0.0, Sum: 0.4]
      [Code Root Scanning (ms): Min: 0.1, Avg: 0.1, Max: 0.1, Diff: 0.0, Sum: 0.2]
      [Object Copy (ms): Min: 8.3, Avg: 8.3, Max: 8.3, Diff: 0.0, Sum: 16.6]
      [Termination (ms): Min: 0.0, Avg: 0.0, Max: 0.0, Diff: 0.0, Sum: 0.0]
      [GC Worker Other (ms): Min: 0.0, Avg: 0.0, Max: 0.0, Diff: 0.0, Sum: 0.1]
      [GC Worker Total (ms): Min: 9.0, Avg: 9.0, Max: 9.0, Diff: 0.0, Sum: 18.0]
      [GC Worker End (ms): Min: 58017.1, Avg: 58017.1, Max: 58017.1, Diff: 0.0]
   [Code Root Fixup: 0.0 ms]
   [Code Root Migration: 0.0 ms]
   [Clear CT: 0.1 ms]
   [Other: 0.9 ms]
      [Choose CSet: 0.0 ms]
      [Ref Proc: 0.5 ms]
      [Ref Enq: 0.0 ms]
      [Free CSet: 0.2 ms]
   [Eden: 128.0M(128.0M)->0.0B(134.0M) Survivors: 18.0M->14.0M Heap: 211.3M(256.0M)->79.1M(256.0M)]
 [Times: user=0.02 sys=0.00, real=0.01 secs] 
2014-07-10T11:37:07.402+0200: 58.181: [GC pause (G1 Evacuation Pause) (young) 58.181: [G1Ergonomics (CSet Construction) start choosing CSet, _pending_cards: 256, predicted base time: 1.50 ms, remaining time: 198.50 ms, target pause time: 200.00 ms]
 58.181: [G1Ergonomics (CSet Construction) add young regions to CSet, eden: 134 regions, survivors: 14 regions, predicted young region time: 87.74 ms]
 58.181: [G1Ergonomics (CSet Construction) finish choosing CSet, eden: 134 regions, survivors: 14 regions, old: 0 regions, predicted pause time: 89.24 ms, target pause time: 200.00 ms]
, 0.0179757 secs]
   [Parallel Time: 16.5 ms, GC Workers: 2]
      [GC Worker Start (ms): Min: 58181.5, Avg: 58181.6, Max: 58181.6, Diff: 0.0]
      [Ext Root Scanning (ms): Min: 0.6, Avg: 0.6, Max: 0.6, Diff: 0.0, Sum: 1.2]
      [Update RS (ms): Min: 0.0, Avg: 0.1, Max: 0.1, Diff: 0.1, Sum: 0.1]
         [Processed Buffers: Min: 1, Avg: 1.0, Max: 1, Diff: 0, Sum: 2]
      [Scan RS (ms): Min: 0.4, Avg: 0.4, Max: 0.4, Diff: 0.0, Sum: 0.8]
      [Code Root Scanning (ms): Min: 0.1, Avg: 0.1, Max: 0.2, Diff: 0.0, Sum: 0.3]
      [Object Copy (ms): Min: 15.3, Avg: 15.3, Max: 15.3, Diff: 0.0, Sum: 30.5]
      [Termination (ms): Min: 0.0, Avg: 0.0, Max: 0.0, Diff: 0.0, Sum: 0.0]
      [GC Worker Other (ms): Min: 0.0, Avg: 0.0, Max: 0.0, Diff: 0.0, Sum: 0.1]
      [GC Worker Total (ms): Min: 16.5, Avg: 16.5, Max: 16.5, Diff: 0.0, Sum: 33.0]
      [GC Worker End (ms): Min: 58198.1, Avg: 58198.1, Max: 58198.1, Diff: 0.0]
   [Code Root Fixup: 0.0 ms]
   [Code Root Migration: 0.1 ms]
   [Clear CT: 0.1 ms]
   [Other: 1.2 ms]
      [Choose CSet: 0.1 ms]
      [Ref Proc: 0.7 ms]
      [Ref Enq: 0.0 ms]
      [Free CSet: 0.3 ms]
   [Eden: 134.0M(134.0M)->0.0B(132.0M) Survivors: 14.0M->16.0M Heap: 213.1M(256.0M)->81.0M(256.0M)]
 [Times: user=0.03 sys=0.00, real=0.02 secs] 
2014-07-10T11:37:07.491+0200: 58.270: [GC pause (G1 Evacuation Pause) (young) 58.270: [G1Ergonomics (CSet Construction) start choosing CSet, _pending_cards: 259, predicted base time: 1.68 ms, remaining time: 198.32 ms, target pause time: 200.00 ms]
 58.270: [G1Ergonomics (CSet Construction) add young regions to CSet, eden: 132 regions, survivors: 16 regions, predicted young region time: 15.35 ms]
 58.270: [G1Ergonomics (CSet Construction) finish choosing CSet, eden: 132 regions, survivors: 16 regions, old: 0 regions, predicted pause time: 17.03 ms, target pause time: 200.00 ms]
, 0.0028249 secs]
   [Parallel Time: 2.0 ms, GC Workers: 2]
      [GC Worker Start (ms): Min: 58270.1, Avg: 58270.1, Max: 58270.1, Diff: 0.0]
      [Ext Root Scanning (ms): Min: 0.3, Avg: 0.3, Max: 0.3, Diff: 0.0, Sum: 0.6]
      [Update RS (ms): Min: 0.0, Avg: 0.2, Max: 0.3, Diff: 0.3, Sum: 0.4]
         [Processed Buffers: Min: 1, Avg: 1.5, Max: 2, Diff: 1, Sum: 3]
      [Scan RS (ms): Min: 0.2, Avg: 0.3, Max: 0.5, Diff: 0.4, Sum: 0.7]
      [Code Root Scanning (ms): Min: 0.1, Avg: 0.1, Max: 0.2, Diff: 0.1, Sum: 0.3]
      [Object Copy (ms): Min: 0.8, Avg: 0.9, Max: 1.0, Diff: 0.2, Sum: 1.8]
      [Termination (ms): Min: 0.0, Avg: 0.0, Max: 0.0, Diff: 0.0, Sum: 0.0]
      [GC Worker Other (ms): Min: 0.0, Avg: 0.0, Max: 0.0, Diff: 0.0, Sum: 0.1]
      [GC Worker Total (ms): Min: 1.9, Avg: 1.9, Max: 1.9, Diff: 0.0, Sum: 3.8]
      [GC Worker End (ms): Min: 58272.0, Avg: 58272.1, Max: 58272.1, Diff: 0.0]
   [Code Root Fixup: 0.0 ms]
   [Code Root Migration: 0.0 ms]
   [Clear CT: 0.2 ms]
   [Other: 0.7 ms]
      [Choose CSet: 0.0 ms]
      [Ref Proc: 0.3 ms]
      [Ref Enq: 0.0 ms]
      [Free CSet: 0.2 ms]
   [Eden: 132.0M(132.0M)->0.0B(147.0M) Survivors: 16.0M->3072.0K Heap: 213.0M(256.0M)->67.8M(256.0M)]
 [Times: user=0.00 sys=0.00, real=0.00 secs] 
2014-07-10T11:37:07.647+0200: 58.426: [GC pause (G1 Evacuation Pause) (young) 58.426: [G1Ergonomics (CSet Construction) start choosing CSet, _pending_cards: 512, predicted base time: 1.74 ms, remaining time: 198.26 ms, target pause time: 200.00 ms]
 58.426: [G1Ergonomics (CSet Construction) add young regions to CSet, eden: 147 regions, survivors: 3 regions, predicted young region time: 105.61 ms]
 58.426: [G1Ergonomics (CSet Construction) finish choosing CSet, eden: 147 regions, survivors: 3 regions, old: 0 regions, predicted pause time: 107.35 ms, target pause time: 200.00 ms]
, 0.0125357 secs]
   [Parallel Time: 11.5 ms, GC Workers: 2]
      [GC Worker Start (ms): Min: 58426.3, Avg: 58426.4, Max: 58426.4, Diff: 0.0]
      [Ext Root Scanning (ms): Min: 0.3, Avg: 0.3, Max: 0.3, Diff: 0.0, Sum: 0.6]
      [Update RS (ms): Min: 0.0, Avg: 0.0, Max: 0.1, Diff: 0.0, Sum: 0.1]
         [Processed Buffers: Min: 1, Avg: 1.5, Max: 2, Diff: 1, Sum: 3]
      [Scan RS (ms): Min: 0.2, Avg: 0.2, Max: 0.3, Diff: 0.0, Sum: 0.5]
      [Code Root Scanning (ms): Min: 0.1, Avg: 0.1, Max: 0.1, Diff: 0.0, Sum: 0.2]
      [Object Copy (ms): Min: 10.7, Avg: 10.7, Max: 10.7, Diff: 0.0, Sum: 21.5]
      [Termination (ms): Min: 0.0, Avg: 0.0, Max: 0.0, Diff: 0.0, Sum: 0.0]
      [GC Worker Other (ms): Min: 0.0, Avg: 0.0, Max: 0.0, Diff: 0.0, Sum: 0.1]
      [GC Worker Total (ms): Min: 11.5, Avg: 11.5, Max: 11.5, Diff: 0.0, Sum: 22.9]
      [GC Worker End (ms): Min: 58437.8, Avg: 58437.8, Max: 58437.8, Diff: 0.0]
   [Code Root Fixup: 0.0 ms]
   [Code Root Migration: 0.0 ms]
   [Clear CT: 0.1 ms]
   [Other: 0.9 ms]
      [Choose CSet: 0.0 ms]
      [Ref Proc: 0.5 ms]
      [Ref Enq: 0.0 ms]
      [Free CSet: 0.2 ms]
   [Eden: 147.0M(147.0M)->0.0B(130.0M) Survivors: 3072.0K->17.0M Heap: 214.8M(256.0M)->82.6M(256.0M)]
 [Times: user=0.00 sys=0.02, real=0.01 secs] 
2014-07-10T11:37:07.795+0200: 58.575: [GC pause (G1 Evacuation Pause) (young) 58.575: [G1Ergonomics (CSet Construction) start choosing CSet, _pending_cards: 512, predicted base time: 1.63 ms, remaining time: 198.37 ms, target pause time: 200.00 ms]
 58.575: [G1Ergonomics (CSet Construction) add young regions to CSet, eden: 130 regions, survivors: 17 regions, predicted young region time: 20.67 ms]
 58.575: [G1Ergonomics (CSet Construction) finish choosing CSet, eden: 130 regions, survivors: 17 regions, old: 0 regions, predicted pause time: 22.30 ms, target pause time: 200.00 ms]
, 0.0108331 secs]
   [Parallel Time: 10.1 ms, GC Workers: 2]
      [GC Worker Start (ms): Min: 58574.9, Avg: 58574.9, Max: 58574.9, Diff: 0.0]
      [Ext Root Scanning (ms): Min: 0.4, Avg: 0.4, Max: 0.4, Diff: 0.0, Sum: 0.7]
      [Update RS (ms): Min: 0.0, Avg: 0.1, Max: 0.1, Diff: 0.0, Sum: 0.1]
         [Processed Buffers: Min: 1, Avg: 1.5, Max: 2, Diff: 1, Sum: 3]
      [Scan RS (ms): Min: 0.2, Avg: 0.2, Max: 0.2, Diff: 0.0, Sum: 0.4]
      [Code Root Scanning (ms): Min: 0.1, Avg: 0.1, Max: 0.1, Diff: 0.0, Sum: 0.2]
      [Object Copy (ms): Min: 9.3, Avg: 9.3, Max: 9.3, Diff: 0.0, Sum: 18.6]
      [Termination (ms): Min: 0.0, Avg: 0.0, Max: 0.0, Diff: 0.0, Sum: 0.0]
      [GC Worker Other (ms): Min: 0.0, Avg: 0.0, Max: 0.0, Diff: 0.0, Sum: 0.1]
      [GC Worker Total (ms): Min: 10.1, Avg: 10.1, Max: 10.1, Diff: 0.0, Sum: 20.1]
      [GC Worker End (ms): Min: 58585.0, Avg: 58585.0, Max: 58585.0, Diff: 0.0]
   [Code Root Fixup: 0.0 ms]
   [Code Root Migration: 0.0 ms]
   [Clear CT: 0.1 ms]
   [Other: 0.6 ms]
      [Choose CSet: 0.0 ms]
      [Ref Proc: 0.2 ms]
      [Ref Enq: 0.0 ms]
      [Free CSet: 0.3 ms]
   [Eden: 130.0M(130.0M)->0.0B(133.0M) Survivors: 17.0M->15.0M Heap: 212.6M(256.0M)->80.5M(256.0M)]
 [Times: user=0.03 sys=0.00, real=0.01 secs] 
2014-07-10T11:37:07.896+0200: 58.676: [GC pause (G1 Evacuation Pause) (young) 58.676: [G1Ergonomics (CSet Construction) start choosing CSet, _pending_cards: 512, predicted base time: 1.49 ms, remaining time: 198.51 ms, target pause time: 200.00 ms]
 58.676: [G1Ergonomics (CSet Construction) add young regions to CSet, eden: 133 regions, survivors: 15 regions, predicted young region time: 91.11 ms]
 58.676: [G1Ergonomics (CSet Construction) finish choosing CSet, eden: 133 regions, survivors: 15 regions, old: 0 regions, predicted pause time: 92.60 ms, target pause time: 200.00 ms]
, 0.0110897 secs]
   [Parallel Time: 10.5 ms, GC Workers: 2]
      [GC Worker Start (ms): Min: 58675.8, Avg: 58675.9, Max: 58675.9, Diff: 0.0]
      [Ext Root Scanning (ms): Min: 0.3, Avg: 0.3, Max: 0.3, Diff: 0.0, Sum: 0.7]
      [Update RS (ms): Min: 0.0, Avg: 0.1, Max: 0.1, Diff: 0.0, Sum: 0.1]
         [Processed Buffers: Min: 1, Avg: 1.5, Max: 2, Diff: 1, Sum: 3]
      [Scan RS (ms): Min: 0.2, Avg: 0.2, Max: 0.2, Diff: 0.0, Sum: 0.4]
      [Code Root Scanning (ms): Min: 0.1, Avg: 0.1, Max: 0.1, Diff: 0.0, Sum: 0.2]
      [Object Copy (ms): Min: 9.7, Avg: 9.7, Max: 9.7, Diff: 0.0, Sum: 19.4]
      [Termination (ms): Min: 0.0, Avg: 0.0, Max: 0.0, Diff: 0.0, Sum: 0.0]
      [GC Worker Other (ms): Min: 0.0, Avg: 0.0, Max: 0.0, Diff: 0.0, Sum: 0.1]
      [GC Worker Total (ms): Min: 10.5, Avg: 10.5, Max: 10.5, Diff: 0.0, Sum: 20.9]
      [GC Worker End (ms): Min: 58686.3, Avg: 58686.3, Max: 58686.3, Diff: 0.0]
   [Code Root Fixup: 0.0 ms]
   [Code Root Migration: 0.1 ms]
   [Clear CT: 0.1 ms]
   [Other: 0.4 ms]
      [Choose CSet: 0.0 ms]
      [Ref Proc: 0.1 ms]
      [Ref Enq: 0.0 ms]
      [Free CSet: 0.2 ms]
   [Eden: 133.0M(133.0M)->0.0B(132.0M) Survivors: 15.0M->16.0M Heap: 213.5M(256.0M)->81.4M(256.0M)]
 [Times: user=0.00 sys=0.00, real=0.01 secs] 
2014-07-10T11:37:08.022+0200: 58.802: [GC pause (G1 Evacuation Pause) (young) 58.802: [G1Ergonomics (CSet Construction) start choosing CSet, _pending_cards: 258, predicted base time: 1.28 ms, remaining time: 198.72 ms, target pause time: 200.00 ms]
 58.802: [G1Ergonomics (CSet Construction) add young regions to CSet, eden: 132 regions, survivors: 16 regions, predicted young region time: 88.39 ms]
 58.802: [G1Ergonomics (CSet Construction) finish choosing CSet, eden: 132 regions, survivors: 16 regions, old: 0 regions, predicted pause time: 89.66 ms, target pause time: 200.00 ms]
, 0.0034074 secs]
   [Parallel Time: 2.8 ms, GC Workers: 2]
      [GC Worker Start (ms): Min: 58801.6, Avg: 58801.6, Max: 58801.6, Diff: 0.0]
      [Ext Root Scanning (ms): Min: 0.3, Avg: 0.3, Max: 0.3, Diff: 0.0, Sum: 0.7]
      [Update RS (ms): Min: 0.0, Avg: 0.0, Max: 0.1, Diff: 0.0, Sum: 0.1]
         [Processed Buffers: Min: 1, Avg: 1.5, Max: 2, Diff: 1, Sum: 3]
      [Scan RS (ms): Min: 0.2, Avg: 0.2, Max: 0.2, Diff: 0.0, Sum: 0.4]
      [Code Root Scanning (ms): Min: 0.1, Avg: 0.1, Max: 0.1, Diff: 0.0, Sum: 0.2]
      [Object Copy (ms): Min: 1.9, Avg: 2.0, Max: 2.0, Diff: 0.1, Sum: 4.0]
      [Termination (ms): Min: 0.0, Avg: 0.1, Max: 0.1, Diff: 0.1, Sum: 0.1]
      [GC Worker Other (ms): Min: 0.0, Avg: 0.0, Max: 0.0, Diff: 0.0, Sum: 0.1]
      [GC Worker Total (ms): Min: 2.8, Avg: 2.8, Max: 2.8, Diff: 0.0, Sum: 5.6]
      [GC Worker End (ms): Min: 58804.4, Avg: 58804.4, Max: 58804.4, Diff: 0.0]
   [Code Root Fixup: 0.0 ms]
   [Code Root Migration: 0.0 ms]
   [Clear CT: 0.2 ms]
   [Other: 0.4 ms]
      [Choose CSet: 0.0 ms]
      [Ref Proc: 0.1 ms]
      [Ref Enq: 0.0 ms]
      [Free CSet: 0.2 ms]
   [Eden: 132.0M(132.0M)->0.0B(146.0M) Survivors: 16.0M->4096.0K Heap: 213.4M(256.0M)->69.2M(256.0M)]
 [Times: user=0.00 sys=0.00, real=0.00 secs] 
2014-07-10T11:37:08.201+0200: 58.981: [GC pause (G1 Evacuation Pause) (young) 58.981: [G1Ergonomics (CSet Construction) start choosing CSet, _pending_cards: 512, predicted base time: 1.25 ms, remaining time: 198.75 ms, target pause time: 200.00 ms]
 58.981: [G1Ergonomics (CSet Construction) add young regions to CSet, eden: 146 regions, survivors: 4 regions, predicted young region time: 62.43 ms]
 58.981: [G1Ergonomics (CSet Construction) finish choosing CSet, eden: 146 regions, survivors: 4 regions, old: 0 regions, predicted pause time: 63.68 ms, target pause time: 200.00 ms]
, 0.0295966 secs]
   [Parallel Time: 12.3 ms, GC Workers: 2]
      [GC Worker Start (ms): Min: 58980.6, Avg: 58980.6, Max: 58980.6, Diff: 0.0]
      [Ext Root Scanning (ms): Min: 0.3, Avg: 0.4, Max: 0.4, Diff: 0.0, Sum: 0.7]
      [Update RS (ms): Min: 0.0, Avg: 0.1, Max: 0.1, Diff: 0.0, Sum: 0.1]
         [Processed Buffers: Min: 1, Avg: 1.5, Max: 2, Diff: 1, Sum: 3]
      [Scan RS (ms): Min: 0.2, Avg: 0.3, Max: 0.3, Diff: 0.0, Sum: 0.5]
      [Code Root Scanning (ms): Min: 0.1, Avg: 0.1, Max: 0.1, Diff: 0.0, Sum: 0.2]
      [Object Copy (ms): Min: 11.4, Avg: 11.4, Max: 11.4, Diff: 0.0, Sum: 22.9]
      [Termination (ms): Min: 0.0, Avg: 0.0, Max: 0.0, Diff: 0.0, Sum: 0.0]
      [GC Worker Other (ms): Min: 0.0, Avg: 0.0, Max: 0.0, Diff: 0.0, Sum: 0.1]
      [GC Worker Total (ms): Min: 12.2, Avg: 12.3, Max: 12.3, Diff: 0.0, Sum: 24.5]
      [GC Worker End (ms): Min: 58992.9, Avg: 58992.9, Max: 58992.9, Diff: 0.0]
   [Code Root Fixup: 0.0 ms]
   [Code Root Migration: 0.0 ms]
   [Clear CT: 0.1 ms]
   [Other: 17.2 ms]
      [Choose CSet: 0.0 ms]
      [Ref Proc: 16.8 ms]
      [Ref Enq: 0.0 ms]
      [Free CSet: 0.2 ms]
   [Eden: 146.0M(146.0M)->0.0B(128.0M) Survivors: 4096.0K->18.0M Heap: 215.2M(256.0M)->83.1M(256.0M)]
 [Times: user=0.03 sys=0.00, real=0.03 secs] 
2014-07-10T11:37:08.296+0200: 59.075: [GC pause (G1 Evacuation Pause) (young) 59.075: [G1Ergonomics (CSet Construction) start choosing CSet, _pending_cards: 512, predicted base time: 9.26 ms, remaining time: 190.74 ms, target pause time: 200.00 ms]
 59.075: [G1Ergonomics (CSet Construction) add young regions to CSet, eden: 128 regions, survivors: 18 regions, predicted young region time: 83.68 ms]
 59.075: [G1Ergonomics (CSet Construction) finish choosing CSet, eden: 128 regions, survivors: 18 regions, old: 0 regions, predicted pause time: 92.94 ms, target pause time: 200.00 ms]
, 0.0097489 secs]
   [Parallel Time: 9.1 ms, GC Workers: 2]
      [GC Worker Start (ms): Min: 59075.2, Avg: 59075.2, Max: 59075.2, Diff: 0.0]
      [Ext Root Scanning (ms): Min: 0.3, Avg: 0.3, Max: 0.3, Diff: 0.0, Sum: 0.7]
      [Update RS (ms): Min: 0.0, Avg: 0.0, Max: 0.1, Diff: 0.0, Sum: 0.1]
         [Processed Buffers: Min: 1, Avg: 1.5, Max: 2, Diff: 1, Sum: 3]
      [Scan RS (ms): Min: 0.2, Avg: 0.2, Max: 0.2, Diff: 0.0, Sum: 0.5]
      [Code Root Scanning (ms): Min: 0.1, Avg: 0.1, Max: 0.1, Diff: 0.0, Sum: 0.2]
      [Object Copy (ms): Min: 8.3, Avg: 8.3, Max: 8.4, Diff: 0.0, Sum: 16.7]
      [Termination (ms): Min: 0.0, Avg: 0.0, Max: 0.0, Diff: 0.0, Sum: 0.0]
      [GC Worker Other (ms): Min: 0.0, Avg: 0.0, Max: 0.0, Diff: 0.0, Sum: 0.1]
      [GC Worker Total (ms): Min: 9.1, Avg: 9.1, Max: 9.1, Diff: 0.0, Sum: 18.2]
      [GC Worker End (ms): Min: 59084.3, Avg: 59084.3, Max: 59084.3, Diff: 0.0]
   [Code Root Fixup: 0.0 ms]
   [Code Root Migration: 0.1 ms]
   [Clear CT: 0.1 ms]
   [Other: 0.5 ms]
      [Choose CSet: 0.0 ms]
      [Ref Proc: 0.1 ms]
      [Ref Enq: 0.0 ms]
      [Free CSet: 0.2 ms]
   [Eden: 128.0M(128.0M)->0.0B(135.0M) Survivors: 18.0M->14.0M Heap: 211.1M(256.0M)->79.0M(256.0M)]
 [Times: user=0.03 sys=0.00, real=0.01 secs] 
2014-07-10T11:37:08.452+0200: 59.231: [GC pause (G1 Evacuation Pause) (young) 59.231: [G1Ergonomics (CSet Construction) start choosing CSet, _pending_cards: 513, predicted base time: 7.36 ms, remaining time: 192.64 ms, target pause time: 200.00 ms]
 59.231: [G1Ergonomics (CSet Construction) add young regions to CSet, eden: 135 regions, survivors: 14 regions, predicted young region time: 62.93 ms]
 59.231: [G1Ergonomics (CSet Construction) finish choosing CSet, eden: 135 regions, survivors: 14 regions, old: 0 regions, predicted pause time: 70.28 ms, target pause time: 200.00 ms]
, 0.0093852 secs]
   [Parallel Time: 8.6 ms, GC Workers: 2]
      [GC Worker Start (ms): Min: 59231.3, Avg: 59231.3, Max: 59231.3, Diff: 0.0]
      [Ext Root Scanning (ms): Min: 0.3, Avg: 0.3, Max: 0.3, Diff: 0.0, Sum: 0.6]
      [Update RS (ms): Min: 0.1, Avg: 0.1, Max: 0.1, Diff: 0.0, Sum: 0.1]
         [Processed Buffers: Min: 1, Avg: 2.0, Max: 3, Diff: 2, Sum: 4]
      [Scan RS (ms): Min: 0.3, Avg: 0.4, Max: 0.5, Diff: 0.2, Sum: 0.8]
      [Code Root Scanning (ms): Min: 0.1, Avg: 0.1, Max: 0.1, Diff: 0.0, Sum: 0.2]
      [Object Copy (ms): Min: 7.6, Avg: 7.7, Max: 7.8, Diff: 0.2, Sum: 15.4]
      [Termination (ms): Min: 0.0, Avg: 0.0, Max: 0.0, Diff: 0.0, Sum: 0.0]
      [GC Worker Other (ms): Min: 0.0, Avg: 0.0, Max: 0.0, Diff: 0.0, Sum: 0.1]
      [GC Worker Total (ms): Min: 8.6, Avg: 8.6, Max: 8.6, Diff: 0.0, Sum: 17.2]
      [GC Worker End (ms): Min: 59239.9, Avg: 59239.9, Max: 59239.9, Diff: 0.0]
   [Code Root Fixup: 0.0 ms]
   [Code Root Migration: 0.0 ms]
   [Clear CT: 0.2 ms]
   [Other: 0.5 ms]
      [Choose CSet: 0.0 ms]
      [Ref Proc: 0.1 ms]
      [Ref Enq: 0.0 ms]
      [Free CSet: 0.2 ms]
   [Eden: 135.0M(135.0M)->0.0B(137.0M) Survivors: 14.0M->12.0M Heap: 214.0M(256.0M)->77.8M(256.0M)]
 [Times: user=0.03 sys=0.00, real=0.01 secs] 
2014-07-10T11:37:08.596+0200: 59.376: [GC pause (G1 Evacuation Pause) (young) 59.376: [G1Ergonomics (CSet Construction) start choosing CSet, _pending_cards: 257, predicted base time: 5.87 ms, remaining time: 194.13 ms, target pause time: 200.00 ms]
 59.376: [G1Ergonomics (CSet Construction) add young regions to CSet, eden: 137 regions, survivors: 12 regions, predicted young region time: 88.50 ms]
 59.376: [G1Ergonomics (CSet Construction) finish choosing CSet, eden: 137 regions, survivors: 12 regions, old: 0 regions, predicted pause time: 94.37 ms, target pause time: 200.00 ms]
, 0.0135281 secs]
   [Parallel Time: 10.3 ms, GC Workers: 2]
      [GC Worker Start (ms): Min: 59376.2, Avg: 59376.2, Max: 59376.2, Diff: 0.0]
      [Ext Root Scanning (ms): Min: 0.6, Avg: 0.6, Max: 0.6, Diff: 0.0, Sum: 1.2]
      [Update RS (ms): Min: 0.1, Avg: 0.1, Max: 0.1, Diff: 0.0, Sum: 0.2]
         [Processed Buffers: Min: 1, Avg: 1.5, Max: 2, Diff: 1, Sum: 3]
      [Scan RS (ms): Min: 0.4, Avg: 0.4, Max: 0.4, Diff: 0.1, Sum: 0.8]
      [Code Root Scanning (ms): Min: 0.2, Avg: 0.2, Max: 0.2, Diff: 0.1, Sum: 0.4]
      [Object Copy (ms): Min: 8.8, Avg: 8.8, Max: 8.8, Diff: 0.0, Sum: 17.6]
      [Termination (ms): Min: 0.0, Avg: 0.0, Max: 0.0, Diff: 0.0, Sum: 0.0]
      [GC Worker Other (ms): Min: 0.0, Avg: 0.0, Max: 0.0, Diff: 0.0, Sum: 0.1]
      [GC Worker Total (ms): Min: 10.2, Avg: 10.2, Max: 10.2, Diff: 0.0, Sum: 20.3]
      [GC Worker End (ms): Min: 59386.4, Avg: 59386.4, Max: 59386.4, Diff: 0.0]
   [Code Root Fixup: 0.0 ms]
   [Code Root Migration: 0.1 ms]
   [Clear CT: 0.7 ms]
   [Other: 2.4 ms]
      [Choose CSet: 0.3 ms]
      [Ref Proc: 1.2 ms]
      [Ref Enq: 0.0 ms]
      [Free CSet: 0.6 ms]
   [Eden: 137.0M(137.0M)->0.0B(141.0M) Survivors: 12.0M->9216.0K Heap: 214.8M(256.0M)->74.7M(256.0M)]
 [Times: user=0.00 sys=0.00, real=0.01 secs] 
2014-07-10T11:37:08.698+0200: 59.478: [GC pause (G1 Evacuation Pause) (young) 59.478: [G1Ergonomics (CSet Construction) start choosing CSet, _pending_cards: 512, predicted base time: 5.53 ms, remaining time: 194.47 ms, target pause time: 200.00 ms]
 59.478: [G1Ergonomics (CSet Construction) add young regions to CSet, eden: 141 regions, survivors: 9 regions, predicted young region time: 24.82 ms]
 59.478: [G1Ergonomics (CSet Construction) finish choosing CSet, eden: 141 regions, survivors: 9 regions, old: 0 regions, predicted pause time: 30.35 ms, target pause time: 200.00 ms]
, 0.0126772 secs]
   [Parallel Time: 11.7 ms, GC Workers: 2]
      [GC Worker Start (ms): Min: 59477.9, Avg: 59477.9, Max: 59477.9, Diff: 0.0]
      [Ext Root Scanning (ms): Min: 0.3, Avg: 0.3, Max: 0.3, Diff: 0.0, Sum: 0.7]
      [Update RS (ms): Min: 0.0, Avg: 0.0, Max: 0.0, Diff: 0.0, Sum: 0.1]
         [Processed Buffers: Min: 1, Avg: 1.5, Max: 2, Diff: 1, Sum: 3]
      [Scan RS (ms): Min: 0.2, Avg: 0.2, Max: 0.2, Diff: 0.0, Sum: 0.4]
      [Code Root Scanning (ms): Min: 0.1, Avg: 0.1, Max: 0.1, Diff: 0.0, Sum: 0.2]
      [Object Copy (ms): Min: 10.9, Avg: 10.9, Max: 10.9, Diff: 0.0, Sum: 21.8]
      [Termination (ms): Min: 0.0, Avg: 0.0, Max: 0.0, Diff: 0.0, Sum: 0.0]
      [GC Worker Other (ms): Min: 0.0, Avg: 0.0, Max: 0.0, Diff: 0.0, Sum: 0.1]
      [GC Worker Total (ms): Min: 11.6, Avg: 11.6, Max: 11.6, Diff: 0.0, Sum: 23.3]
      [GC Worker End (ms): Min: 59489.6, Avg: 59489.6, Max: 59489.6, Diff: 0.0]
   [Code Root Fixup: 0.0 ms]
   [Code Root Migration: 0.0 ms]
   [Clear CT: 0.1 ms]
   [Other: 0.8 ms]
      [Choose CSet: 0.0 ms]
      [Ref Proc: 0.5 ms]
      [Ref Enq: 0.0 ms]
      [Free CSet: 0.2 ms]
   [Eden: 141.0M(141.0M)->0.0B(128.0M) Survivors: 9216.0K->18.0M Heap: 215.7M(256.0M)->83.6M(256.0M)]
 [Times: user=0.03 sys=0.00, real=0.01 secs] 
2014-07-10T11:37:08.828+0200: 59.608: [GC pause (G1 Evacuation Pause) (young) 59.608: [G1Ergonomics (CSet Construction) start choosing CSet, _pending_cards: 512, predicted base time: 4.58 ms, remaining time: 195.42 ms, target pause time: 200.00 ms]
 59.608: [G1Ergonomics (CSet Construction) add young regions to CSet, eden: 128 regions, survivors: 18 regions, predicted young region time: 96.69 ms]
 59.608: [G1Ergonomics (CSet Construction) finish choosing CSet, eden: 128 regions, survivors: 18 regions, old: 0 regions, predicted pause time: 101.27 ms, target pause time: 200.00 ms]
, 0.0099946 secs]
   [Parallel Time: 9.3 ms, GC Workers: 2]
      [GC Worker Start (ms): Min: 59607.7, Avg: 59607.7, Max: 59607.7, Diff: 0.0]
      [Ext Root Scanning (ms): Min: 0.4, Avg: 0.5, Max: 0.5, Diff: 0.0, Sum: 0.9]
      [Update RS (ms): Min: 0.0, Avg: 0.0, Max: 0.0, Diff: 0.0, Sum: 0.1]
         [Processed Buffers: Min: 1, Avg: 1.5, Max: 2, Diff: 1, Sum: 3]
      [Scan RS (ms): Min: 0.2, Avg: 0.2, Max: 0.2, Diff: 0.0, Sum: 0.4]
      [Code Root Scanning (ms): Min: 0.1, Avg: 0.1, Max: 0.1, Diff: 0.0, Sum: 0.2]
      [Object Copy (ms): Min: 8.4, Avg: 8.4, Max: 8.4, Diff: 0.0, Sum: 16.9]
      [Termination (ms): Min: 0.0, Avg: 0.0, Max: 0.0, Diff: 0.0, Sum: 0.0]
      [GC Worker Other (ms): Min: 0.0, Avg: 0.0, Max: 0.0, Diff: 0.0, Sum: 0.1]
      [GC Worker Total (ms): Min: 9.3, Avg: 9.3, Max: 9.3, Diff: 0.0, Sum: 18.6]
      [GC Worker End (ms): Min: 59617.0, Avg: 59617.0, Max: 59617.0, Diff: 0.0]
   [Code Root Fixup: 0.0 ms]
   [Code Root Migration: 0.0 ms]
   [Clear CT: 0.1 ms]
   [Other: 0.5 ms]
      [Choose CSet: 0.0 ms]
      [Ref Proc: 0.0 ms]
      [Ref Enq: 0.0 ms]
      [Free CSet: 0.2 ms]
   [Eden: 128.0M(128.0M)->0.0B(135.0M) Survivors: 18.0M->14.0M Heap: 211.6M(256.0M)->79.5M(256.0M)]
 [Times: user=0.03 sys=0.00, real=0.01 secs] 
2014-07-10T11:37:08.997+0200: 59.776: [GC pause (G1 Evacuation Pause) (young) 59.776: [G1Ergonomics (CSet Construction) start choosing CSet, _pending_cards: 512, predicted base time: 3.80 ms, remaining time: 196.20 ms, target pause time: 200.00 ms]
 59.776: [G1Ergonomics (CSet Construction) add young regions to CSet, eden: 135 regions, survivors: 14 regions, predicted young region time: 17.17 ms]
 59.776: [G1Ergonomics (CSet Construction) finish choosing CSet, eden: 135 regions, survivors: 14 regions, old: 0 regions, predicted pause time: 20.97 ms, target pause time: 200.00 ms]
, 0.0111392 secs]
   [Parallel Time: 9.5 ms, GC Workers: 2]
      [GC Worker Start (ms): Min: 59776.6, Avg: 59776.6, Max: 59776.6, Diff: 0.0]
      [Ext Root Scanning (ms): Min: 0.6, Avg: 0.6, Max: 0.6, Diff: 0.0, Sum: 1.2]
      [Update RS (ms): Min: 0.1, Avg: 0.1, Max: 0.1, Diff: 0.0, Sum: 0.1]
         [Processed Buffers: Min: 1, Avg: 1.5, Max: 2, Diff: 1, Sum: 3]
      [Scan RS (ms): Min: 0.4, Avg: 0.4, Max: 0.4, Diff: 0.0, Sum: 0.8]
      [Code Root Scanning (ms): Min: 0.1, Avg: 0.2, Max: 0.2, Diff: 0.0, Sum: 0.3]
      [Object Copy (ms): Min: 8.2, Avg: 8.2, Max: 8.2, Diff: 0.0, Sum: 16.4]
      [Termination (ms): Min: 0.0, Avg: 0.0, Max: 0.0, Diff: 0.0, Sum: 0.0]
      [GC Worker Other (ms): Min: 0.0, Avg: 0.0, Max: 0.0, Diff: 0.0, Sum: 0.1]
      [GC Worker Total (ms): Min: 9.5, Avg: 9.5, Max: 9.5, Diff: 0.0, Sum: 18.9]
      [GC Worker End (ms): Min: 59786.0, Avg: 59786.0, Max: 59786.0, Diff: 0.0]
   [Code Root Fixup: 0.0 ms]
   [Code Root Migration: 0.1 ms]
   [Clear CT: 0.2 ms]
   [Other: 1.2 ms]
      [Choose CSet: 0.1 ms]
      [Ref Proc: 0.2 ms]
      [Ref Enq: 0.0 ms]
      [Free CSet: 0.8 ms]
   [Eden: 135.0M(135.0M)->0.0B(141.0M) Survivors: 14.0M->9216.0K Heap: 214.5M(256.0M)->74.3M(256.0M)]
 [Times: user=0.03 sys=0.00, real=0.01 secs] 
2014-07-10T11:37:09.098+0200: 59.877: [GC pause (G1 Evacuation Pause) (young) 59.877: [G1Ergonomics (CSet Construction) start choosing CSet, _pending_cards: 512, predicted base time: 3.35 ms, remaining time: 196.65 ms, target pause time: 200.00 ms]
 59.877: [G1Ergonomics (CSet Construction) add young regions to CSet, eden: 141 regions, survivors: 9 regions, predicted young region time: 116.23 ms]
 59.877: [G1Ergonomics (CSet Construction) finish choosing CSet, eden: 141 regions, survivors: 9 regions, old: 0 regions, predicted pause time: 119.58 ms, target pause time: 200.00 ms]
, 0.0126490 secs]
   [Parallel Time: 11.5 ms, GC Workers: 2]
      [GC Worker Start (ms): Min: 59877.3, Avg: 59877.3, Max: 59877.3, Diff: 0.0]
      [Ext Root Scanning (ms): Min: 0.3, Avg: 0.3, Max: 0.3, Diff: 0.0, Sum: 0.6]
      [Update RS (ms): Min: 0.0, Avg: 0.0, Max: 0.0, Diff: 0.0, Sum: 0.1]
         [Processed Buffers: Min: 1, Avg: 1.5, Max: 2, Diff: 1, Sum: 3]
      [Scan RS (ms): Min: 0.3, Avg: 0.3, Max: 0.3, Diff: 0.0, Sum: 0.5]
      [Code Root Scanning (ms): Min: 0.1, Avg: 0.1, Max: 0.1, Diff: 0.0, Sum: 0.2]
      [Object Copy (ms): Min: 10.8, Avg: 10.8, Max: 10.8, Diff: 0.0, Sum: 21.6]
      [Termination (ms): Min: 0.0, Avg: 0.0, Max: 0.0, Diff: 0.0, Sum: 0.0]
      [GC Worker Other (ms): Min: 0.0, Avg: 0.0, Max: 0.0, Diff: 0.0, Sum: 0.1]
      [GC Worker Total (ms): Min: 11.5, Avg: 11.5, Max: 11.5, Diff: 0.0, Sum: 23.0]
      [GC Worker End (ms): Min: 59888.8, Avg: 59888.8, Max: 59888.8, Diff: 0.0]
   [Code Root Fixup: 0.0 ms]
   [Code Root Migration: 0.0 ms]
   [Clear CT: 0.3 ms]
   [Other: 0.8 ms]
      [Choose CSet: 0.0 ms]
      [Ref Proc: 0.4 ms]
      [Ref Enq: 0.0 ms]
      [Free CSet: 0.2 ms]
   [Eden: 141.0M(141.0M)->0.0B(128.0M) Survivors: 9216.0K->18.0M Heap: 215.3M(256.0M)->83.2M(256.0M)]
 [Times: user=0.02 sys=0.00, real=0.01 secs] 
2014-07-10T11:37:09.227+0200: 60.007: [GC pause (G1 Evacuation Pause) (young) 60.007: [G1Ergonomics (CSet Construction) start choosing CSet, _pending_cards: 512, predicted base time: 2.92 ms, remaining time: 197.08 ms, target pause time: 200.00 ms]
 60.007: [G1Ergonomics (CSet Construction) add young regions to CSet, eden: 128 regions, survivors: 18 regions, predicted young region time: 99.49 ms]
 60.007: [G1Ergonomics (CSet Construction) finish choosing CSet, eden: 128 regions, survivors: 18 regions, old: 0 regions, predicted pause time: 102.41 ms, target pause time: 200.00 ms]
, 0.0096679 secs]
   [Parallel Time: 9.1 ms, GC Workers: 2]
      [GC Worker Start (ms): Min: 60006.7, Avg: 60006.7, Max: 60006.7, Diff: 0.0]
      [Ext Root Scanning (ms): Min: 0.3, Avg: 0.3, Max: 0.3, Diff: 0.0, Sum: 0.7]
      [Update RS (ms): Min: 0.0, Avg: 0.0, Max: 0.1, Diff: 0.0, Sum: 0.1]
         [Processed Buffers: Min: 1, Avg: 1.5, Max: 2, Diff: 1, Sum: 3]
      [Scan RS (ms): Min: 0.3, Avg: 0.3, Max: 0.3, Diff: 0.0, Sum: 0.6]
      [Code Root Scanning (ms): Min: 0.1, Avg: 0.1, Max: 0.1, Diff: 0.1, Sum: 0.2]
      [Object Copy (ms): Min: 8.2, Avg: 8.2, Max: 8.2, Diff: 0.0, Sum: 16.5]
      [Termination (ms): Min: 0.0, Avg: 0.0, Max: 0.0, Diff: 0.0, Sum: 0.0]
      [GC Worker Other (ms): Min: 0.0, Avg: 0.0, Max: 0.0, Diff: 0.0, Sum: 0.1]
      [GC Worker Total (ms): Min: 9.1, Avg: 9.1, Max: 9.1, Diff: 0.0, Sum: 18.1]
      [GC Worker End (ms): Min: 60015.7, Avg: 60015.7, Max: 60015.7, Diff: 0.0]
   [Code Root Fixup: 0.0 ms]
   [Code Root Migration: 0.0 ms]
   [Clear CT: 0.1 ms]
   [Other: 0.4 ms]
      [Choose CSet: 0.0 ms]
      [Ref Proc: 0.1 ms]
      [Ref Enq: 0.0 ms]
      [Free CSet: 0.2 ms]
   [Eden: 128.0M(128.0M)->0.0B(135.0M) Survivors: 18.0M->14.0M Heap: 211.2M(256.0M)->79.1M(256.0M)]
 [Times: user=0.03 sys=0.00, real=0.01 secs] 
2014-07-10T11:37:09.401+0200: 60.181: [GC pause (G1 Evacuation Pause) (young) 60.181: [G1Ergonomics (CSet Construction) start choosing CSet, _pending_cards: 512, predicted base time: 2.46 ms, remaining time: 197.54 ms, target pause time: 200.00 ms]
 60.181: [G1Ergonomics (CSet Construction) add young regions to CSet, eden: 135 regions, survivors: 14 regions, predicted young region time: 71.82 ms]
 60.181: [G1Ergonomics (CSet Construction) finish choosing CSet, eden: 135 regions, survivors: 14 regions, old: 0 regions, predicted pause time: 74.28 ms, target pause time: 200.00 ms]
, 0.0121580 secs]
   [Parallel Time: 11.1 ms, GC Workers: 2]
      [GC Worker Start (ms): Min: 60180.9, Avg: 60180.9, Max: 60180.9, Diff: 0.0]
      [Ext Root Scanning (ms): Min: 0.3, Avg: 0.3, Max: 0.3, Diff: 0.0, Sum: 0.7]
      [Update RS (ms): Min: 0.0, Avg: 0.0, Max: 0.0, Diff: 0.0, Sum: 0.1]
         [Processed Buffers: Min: 1, Avg: 1.5, Max: 2, Diff: 1, Sum: 3]
      [Scan RS (ms): Min: 0.3, Avg: 0.3, Max: 0.3, Diff: 0.0, Sum: 0.5]
      [Code Root Scanning (ms): Min: 0.1, Avg: 0.1, Max: 0.1, Diff: 0.0, Sum: 0.2]
      [Object Copy (ms): Min: 10.2, Avg: 10.2, Max: 10.3, Diff: 0.0, Sum: 20.5]
      [Termination (ms): Min: 0.0, Avg: 0.0, Max: 0.0, Diff: 0.0, Sum: 0.0]
      [GC Worker Other (ms): Min: 0.0, Avg: 0.0, Max: 0.0, Diff: 0.0, Sum: 0.1]
      [GC Worker Total (ms): Min: 11.0, Avg: 11.0, Max: 11.0, Diff: 0.0, Sum: 22.0]
      [GC Worker End (ms): Min: 60191.9, Avg: 60191.9, Max: 60191.9, Diff: 0.0]
   [Code Root Fixup: 0.0 ms]
   [Code Root Migration: 0.1 ms]
   [Clear CT: 0.5 ms]
   [Other: 0.6 ms]
      [Choose CSet: 0.0 ms]
      [Ref Proc: 0.1 ms]
      [Ref Enq: 0.0 ms]
      [Free CSet: 0.3 ms]
   [Eden: 135.0M(135.0M)->0.0B(131.0M) Survivors: 14.0M->16.0M Heap: 214.1M(256.0M)->82.0M(256.0M)]
 [Times: user=0.03 sys=0.00, real=0.01 secs] 
2014-07-10T11:37:09.478+0200: 60.258: [GC pause (G1 Evacuation Pause) (young) 60.258: [G1Ergonomics (CSet Construction) start choosing CSet, _pending_cards: 259, predicted base time: 2.21 ms, remaining time: 197.79 ms, target pause time: 200.00 ms]
 60.258: [G1Ergonomics (CSet Construction) add young regions to CSet, eden: 131 regions, survivors: 16 regions, predicted young region time: 93.60 ms]
 60.258: [G1Ergonomics (CSet Construction) finish choosing CSet, eden: 131 regions, survivors: 16 regions, old: 0 regions, predicted pause time: 95.81 ms, target pause time: 200.00 ms]
, 0.0020601 secs]
   [Parallel Time: 1.6 ms, GC Workers: 2]
      [GC Worker Start (ms): Min: 60257.8, Avg: 60257.9, Max: 60257.9, Diff: 0.0]
      [Ext Root Scanning (ms): Min: 0.3, Avg: 0.3, Max: 0.3, Diff: 0.0, Sum: 0.7]
      [Update RS (ms): Min: 0.0, Avg: 0.1, Max: 0.1, Diff: 0.0, Sum: 0.1]
         [Processed Buffers: Min: 1, Avg: 1.5, Max: 2, Diff: 1, Sum: 3]
      [Scan RS (ms): Min: 0.2, Avg: 0.2, Max: 0.2, Diff: 0.0, Sum: 0.5]
      [Code Root Scanning (ms): Min: 0.1, Avg: 0.1, Max: 0.1, Diff: 0.0, Sum: 0.2]
      [Object Copy (ms): Min: 0.8, Avg: 0.8, Max: 0.8, Diff: 0.0, Sum: 1.7]
      [Termination (ms): Min: 0.0, Avg: 0.0, Max: 0.0, Diff: 0.0, Sum: 0.0]
      [GC Worker Other (ms): Min: 0.0, Avg: 0.0, Max: 0.0, Diff: 0.0, Sum: 0.1]
      [GC Worker Total (ms): Min: 1.6, Avg: 1.6, Max: 1.6, Diff: 0.0, Sum: 3.1]
      [GC Worker End (ms): Min: 60259.4, Avg: 60259.4, Max: 60259.4, Diff: 0.0]
   [Code Root Fixup: 0.0 ms]
   [Code Root Migration: 0.0 ms]
   [Clear CT: 0.1 ms]
   [Other: 0.3 ms]
      [Choose CSet: 0.0 ms]
      [Ref Proc: 0.0 ms]
      [Ref Enq: 0.0 ms]
      [Free CSet: 0.2 ms]
   [Eden: 131.0M(131.0M)->0.0B(147.0M) Survivors: 16.0M->2048.0K Heap: 213.0M(256.0M)->67.8M(256.0M)]
 [Times: user=0.00 sys=0.00, real=0.00 secs] 
2014-07-10T11:37:09.636+0200: 60.416: [GC pause (G1 Evacuation Pause) (young) 60.416: [G1Ergonomics (CSet Construction) start choosing CSet, _pending_cards: 513, predicted base time: 1.93 ms, remaining time: 198.07 ms, target pause time: 200.00 ms]
 60.416: [G1Ergonomics (CSet Construction) add young regions to CSet, eden: 147 regions, survivors: 2 regions, predicted young region time: 60.82 ms]
 60.416: [G1Ergonomics (CSet Construction) finish choosing CSet, eden: 147 regions, survivors: 2 regions, old: 0 regions, predicted pause time: 62.76 ms, target pause time: 200.00 ms]
, 0.0095829 secs]
   [Parallel Time: 8.9 ms, GC Workers: 2]
      [GC Worker Start (ms): Min: 60416.2, Avg: 60416.2, Max: 60416.2, Diff: 0.0]
      [Ext Root Scanning (ms): Min: 0.4, Avg: 0.4, Max: 0.4, Diff: 0.0, Sum: 0.7]
      [Update RS (ms): Min: 0.1, Avg: 0.1, Max: 0.1, Diff: 0.0, Sum: 0.1]
         [Processed Buffers: Min: 1, Avg: 2.0, Max: 3, Diff: 2, Sum: 4]
      [Scan RS (ms): Min: 0.2, Avg: 0.3, Max: 0.3, Diff: 0.0, Sum: 0.5]
      [Code Root Scanning (ms): Min: 0.1, Avg: 0.1, Max: 0.1, Diff: 0.0, Sum: 0.2]
      [Object Copy (ms): Min: 8.0, Avg: 8.0, Max: 8.0, Diff: 0.0, Sum: 16.0]
      [Termination (ms): Min: 0.0, Avg: 0.0, Max: 0.0, Diff: 0.0, Sum: 0.0]
      [GC Worker Other (ms): Min: 0.0, Avg: 0.0, Max: 0.0, Diff: 0.0, Sum: 0.1]
      [GC Worker Total (ms): Min: 8.8, Avg: 8.8, Max: 8.8, Diff: 0.0, Sum: 17.7]
      [GC Worker End (ms): Min: 60425.0, Avg: 60425.0, Max: 60425.0, Diff: 0.0]
   [Code Root Fixup: 0.0 ms]
   [Code Root Migration: 0.0 ms]
   [Clear CT: 0.1 ms]
   [Other: 0.5 ms]
      [Choose CSet: 0.0 ms]
      [Ref Proc: 0.1 ms]
      [Ref Enq: 0.0 ms]
      [Free CSet: 0.2 ms]
   [Eden: 147.0M(147.0M)->0.0B(136.0M) Survivors: 2048.0K->13.0M Heap: 214.8M(256.0M)->78.6M(256.0M)]
 [Times: user=0.03 sys=0.00, real=0.01 secs] 
2014-07-10T11:37:09.806+0200: 60.586: [GC pause (G1 Evacuation Pause) (young) 60.586: [G1Ergonomics (CSet Construction) start choosing CSet, _pending_cards: 512, predicted base time: 1.75 ms, remaining time: 198.25 ms, target pause time: 200.00 ms]
 60.586: [G1Ergonomics (CSet Construction) add young regions to CSet, eden: 136 regions, survivors: 13 regions, predicted young region time: 89.92 ms]
 60.586: [G1Ergonomics (CSet Construction) finish choosing CSet, eden: 136 regions, survivors: 13 regions, old: 0 regions, predicted pause time: 91.66 ms, target pause time: 200.00 ms]
, 0.0162012 secs]
   [Parallel Time: 15.1 ms, GC Workers: 2]
      [GC Worker Start (ms): Min: 60586.0, Avg: 60586.0, Max: 60586.0, Diff: 0.0]
      [Ext Root Scanning (ms): Min: 0.6, Avg: 0.6, Max: 0.6, Diff: 0.0, Sum: 1.1]
      [Update RS (ms): Min: 0.1, Avg: 0.1, Max: 0.1, Diff: 0.0, Sum: 0.2]
         [Processed Buffers: Min: 1, Avg: 1.5, Max: 2, Diff: 1, Sum: 3]
      [Scan RS (ms): Min: 0.4, Avg: 0.4, Max: 0.4, Diff: 0.0, Sum: 0.8]
      [Code Root Scanning (ms): Min: 0.1, Avg: 0.2, Max: 0.2, Diff: 0.0, Sum: 0.3]
      [Object Copy (ms): Min: 13.7, Avg: 13.7, Max: 13.8, Diff: 0.0, Sum: 27.5]
      [Termination (ms): Min: 0.0, Avg: 0.0, Max: 0.0, Diff: 0.0, Sum: 0.0]
      [GC Worker Other (ms): Min: 0.0, Avg: 0.0, Max: 0.0, Diff: 0.0, Sum: 0.1]
      [GC Worker Total (ms): Min: 15.0, Avg: 15.0, Max: 15.0, Diff: 0.0, Sum: 30.1]
      [GC Worker End (ms): Min: 60601.0, Avg: 60601.0, Max: 60601.0, Diff: 0.0]
   [Code Root Fixup: 0.0 ms]
   [Code Root Migration: 0.1 ms]
   [Clear CT: 0.2 ms]
   [Other: 0.8 ms]
      [Choose CSet: 0.1 ms]
      [Ref Proc: 0.2 ms]
      [Ref Enq: 0.0 ms]
      [Free CSet: 0.3 ms]
   [Eden: 136.0M(136.0M)->0.0B(129.0M) Survivors: 13.0M->17.0M Heap: 214.6M(256.0M)->82.5M(256.0M)]
 [Times: user=0.03 sys=0.00, real=0.02 secs] 
2014-07-10T11:37:09.897+0200: 60.677: [GC pause (G1 Evacuation Pause) (young) 60.677: [G1Ergonomics (CSet Construction) start choosing CSet, _pending_cards: 512, predicted base time: 1.77 ms, remaining time: 198.23 ms, target pause time: 200.00 ms]
 60.677: [G1Ergonomics (CSet Construction) add young regions to CSet, eden: 129 regions, survivors: 17 regions, predicted young region time: 24.48 ms]
 60.677: [G1Ergonomics (CSet Construction) finish choosing CSet, eden: 129 regions, survivors: 17 regions, old: 0 regions, predicted pause time: 26.25 ms, target pause time: 200.00 ms]
, 0.0096001 secs]
   [Parallel Time: 9.0 ms, GC Workers: 2]
      [GC Worker Start (ms): Min: 60676.7, Avg: 60676.7, Max: 60676.7, Diff: 0.0]
      [Ext Root Scanning (ms): Min: 0.3, Avg: 0.3, Max: 0.3, Diff: 0.0, Sum: 0.5]
      [Update RS (ms): Min: 0.0, Avg: 0.1, Max: 0.1, Diff: 0.0, Sum: 0.1]
         [Processed Buffers: Min: 1, Avg: 1.5, Max: 2, Diff: 1, Sum: 3]
      [Scan RS (ms): Min: 0.2, Avg: 0.2, Max: 0.2, Diff: 0.0, Sum: 0.4]
      [Code Root Scanning (ms): Min: 0.1, Avg: 0.1, Max: 0.1, Diff: 0.0, Sum: 0.2]
      [Object Copy (ms): Min: 8.2, Avg: 8.2, Max: 8.3, Diff: 0.0, Sum: 16.5]
      [Termination (ms): Min: 0.0, Avg: 0.0, Max: 0.0, Diff: 0.0, Sum: 0.0]
      [GC Worker Other (ms): Min: 0.0, Avg: 0.0, Max: 0.0, Diff: 0.0, Sum: 0.0]
      [GC Worker Total (ms): Min: 8.9, Avg: 8.9, Max: 8.9, Diff: 0.0, Sum: 17.9]
      [GC Worker End (ms): Min: 60685.6, Avg: 60685.6, Max: 60685.6, Diff: 0.0]
   [Code Root Fixup: 0.0 ms]
   [Code Root Migration: 0.0 ms]
   [Clear CT: 0.1 ms]
   [Other: 0.5 ms]
      [Choose CSet: 0.0 ms]
      [Ref Proc: 0.1 ms]
      [Ref Enq: 0.0 ms]
      [Free CSet: 0.2 ms]
   [Eden: 129.0M(129.0M)->0.0B(134.0M) Survivors: 17.0M->14.0M Heap: 211.5M(256.0M)->79.4M(256.0M)]
 [Times: user=0.03 sys=0.00, real=0.01 secs] 
2014-07-10T11:37:10.024+0200: 60.803: [GC pause (G1 Evacuation Pause) (young) 60.803: [G1Ergonomics (CSet Construction) start choosing CSet, _pending_cards: 257, predicted base time: 1.53 ms, remaining time: 198.47 ms, target pause time: 200.00 ms]
 60.803: [G1Ergonomics (CSet Construction) add young regions to CSet, eden: 134 regions, survivors: 14 regions, predicted young region time: 94.30 ms]
 60.803: [G1Ergonomics (CSet Construction) finish choosing CSet, eden: 134 regions, survivors: 14 regions, old: 0 regions, predicted pause time: 95.83 ms, target pause time: 200.00 ms]
, 0.0060728 secs]
   [Parallel Time: 5.5 ms, GC Workers: 2]
      [GC Worker Start (ms): Min: 60803.4, Avg: 60803.4, Max: 60803.4, Diff: 0.0]
      [Ext Root Scanning (ms): Min: 0.3, Avg: 0.3, Max: 0.3, Diff: 0.0, Sum: 0.7]
      [Update RS (ms): Min: 0.0, Avg: 0.0, Max: 0.1, Diff: 0.0, Sum: 0.1]
         [Processed Buffers: Min: 1, Avg: 1.5, Max: 2, Diff: 1, Sum: 3]
      [Scan RS (ms): Min: 0.2, Avg: 0.2, Max: 0.3, Diff: 0.0, Sum: 0.5]
      [Code Root Scanning (ms): Min: 0.1, Avg: 0.1, Max: 0.1, Diff: 0.0, Sum: 0.2]
      [Object Copy (ms): Min: 4.7, Avg: 4.7, Max: 4.7, Diff: 0.0, Sum: 9.4]
      [Termination (ms): Min: 0.0, Avg: 0.0, Max: 0.0, Diff: 0.0, Sum: 0.0]
      [GC Worker Other (ms): Min: 0.0, Avg: 0.0, Max: 0.0, Diff: 0.0, Sum: 0.1]
      [GC Worker Total (ms): Min: 5.5, Avg: 5.5, Max: 5.5, Diff: 0.0, Sum: 10.9]
      [GC Worker End (ms): Min: 60808.9, Avg: 60808.9, Max: 60808.9, Diff: 0.0]
   [Code Root Fixup: 0.0 ms]
   [Code Root Migration: 0.1 ms]
   [Clear CT: 0.1 ms]
   [Other: 0.4 ms]
      [Choose CSet: 0.0 ms]
      [Ref Proc: 0.1 ms]
      [Ref Enq: 0.0 ms]
      [Free CSet: 0.2 ms]
   [Eden: 134.0M(134.0M)->0.0B(141.0M) Survivors: 14.0M->8192.0K Heap: 213.4M(256.0M)->73.2M(256.0M)]
 [Times: user=0.00 sys=0.00, real=0.01 secs] 
2014-07-10T11:37:10.203+0200: 60.983: [GC pause (G1 Evacuation Pause) (young) 60.983: [G1Ergonomics (CSet Construction) start choosing CSet, _pending_cards: 512, predicted base time: 1.43 ms, remaining time: 198.57 ms, target pause time: 200.00 ms]
 60.983: [G1Ergonomics (CSet Construction) add young regions to CSet, eden: 141 regions, survivors: 8 regions, predicted young region time: 19.93 ms]
 60.983: [G1Ergonomics (CSet Construction) finish choosing CSet, eden: 141 regions, survivors: 8 regions, old: 0 regions, predicted pause time: 21.37 ms, target pause time: 200.00 ms]
, 0.0128671 secs]
   [Parallel Time: 12.0 ms, GC Workers: 2]
      [GC Worker Start (ms): Min: 60983.2, Avg: 60983.2, Max: 60983.3, Diff: 0.0]
      [Ext Root Scanning (ms): Min: 0.5, Avg: 0.5, Max: 0.6, Diff: 0.0, Sum: 1.1]
      [Update RS (ms): Min: 0.0, Avg: 0.1, Max: 0.1, Diff: 0.0, Sum: 0.1]
         [Processed Buffers: Min: 1, Avg: 1.5, Max: 2, Diff: 1, Sum: 3]
      [Scan RS (ms): Min: 0.4, Avg: 0.4, Max: 0.4, Diff: 0.0, Sum: 0.9]
      [Code Root Scanning (ms): Min: 0.1, Avg: 0.1, Max: 0.2, Diff: 0.0, Sum: 0.3]
      [Object Copy (ms): Min: 10.7, Avg: 10.7, Max: 10.7, Diff: 0.0, Sum: 21.5]
      [Termination (ms): Min: 0.0, Avg: 0.0, Max: 0.0, Diff: 0.0, Sum: 0.0]
      [GC Worker Other (ms): Min: 0.0, Avg: 0.0, Max: 0.0, Diff: 0.0, Sum: 0.1]
      [GC Worker Total (ms): Min: 12.0, Avg: 12.0, Max: 12.0, Diff: 0.0, Sum: 23.9]
      [GC Worker End (ms): Min: 60995.2, Avg: 60995.2, Max: 60995.2, Diff: 0.0]
   [Code Root Fixup: 0.0 ms]
   [Code Root Migration: 0.0 ms]
   [Clear CT: 0.2 ms]
   [Other: 0.6 ms]
      [Choose CSet: 0.1 ms]
      [Ref Proc: 0.1 ms]
      [Ref Enq: 0.0 ms]
      [Free CSet: 0.3 ms]
   [Eden: 141.0M(141.0M)->0.0B(131.0M) Survivors: 8192.0K->16.0M Heap: 214.2M(256.0M)->82.1M(256.0M)]
 [Times: user=0.00 sys=0.00, real=0.01 secs] 
2014-07-10T11:37:10.296+0200: 61.076: [GC pause (G1 Evacuation Pause) (young) 61.076: [G1Ergonomics (CSet Construction) start choosing CSet, _pending_cards: 512, predicted base time: 1.43 ms, remaining time: 198.57 ms, target pause time: 200.00 ms]
 61.076: [G1Ergonomics (CSet Construction) add young regions to CSet, eden: 131 regions, survivors: 16 regions, predicted young region time: 90.06 ms]
 61.076: [G1Ergonomics (CSet Construction) finish choosing CSet, eden: 131 regions, survivors: 16 regions, old: 0 regions, predicted pause time: 91.49 ms, target pause time: 200.00 ms]
, 0.0103443 secs]
   [Parallel Time: 9.7 ms, GC Workers: 2]
      [GC Worker Start (ms): Min: 61075.9, Avg: 61076.0, Max: 61076.0, Diff: 0.0]
      [Ext Root Scanning (ms): Min: 0.3, Avg: 0.3, Max: 0.3, Diff: 0.0, Sum: 0.7]
      [Update RS (ms): Min: 0.0, Avg: 0.0, Max: 0.0, Diff: 0.0, Sum: 0.1]
         [Processed Buffers: Min: 1, Avg: 1.5, Max: 2, Diff: 1, Sum: 3]
      [Scan RS (ms): Min: 0.2, Avg: 0.2, Max: 0.2, Diff: 0.0, Sum: 0.4]
      [Code Root Scanning (ms): Min: 0.1, Avg: 0.1, Max: 0.1, Diff: 0.0, Sum: 0.2]
      [Object Copy (ms): Min: 8.9, Avg: 9.0, Max: 9.0, Diff: 0.0, Sum: 17.9]
      [Termination (ms): Min: 0.0, Avg: 0.0, Max: 0.0, Diff: 0.0, Sum: 0.0]
      [GC Worker Other (ms): Min: 0.0, Avg: 0.0, Max: 0.0, Diff: 0.0, Sum: 0.1]
      [GC Worker Total (ms): Min: 9.7, Avg: 9.7, Max: 9.7, Diff: 0.0, Sum: 19.4]
      [GC Worker End (ms): Min: 61085.6, Avg: 61085.6, Max: 61085.6, Diff: 0.0]
   [Code Root Fixup: 0.0 ms]
   [Code Root Migration: 0.1 ms]
   [Clear CT: 0.1 ms]
   [Other: 0.5 ms]
      [Choose CSet: 0.0 ms]
      [Ref Proc: 0.1 ms]
      [Ref Enq: 0.0 ms]
      [Free CSet: 0.2 ms]
   [Eden: 131.0M(131.0M)->0.0B(133.0M) Survivors: 16.0M->15.0M Heap: 213.1M(256.0M)->81.0M(256.0M)]
 [Times: user=0.00 sys=0.00, real=0.01 secs] 
2014-07-10T11:37:10.451+0200: 61.231: [GC pause (G1 Evacuation Pause) (young) 61.231: [G1Ergonomics (CSet Construction) start choosing CSet, _pending_cards: 513, predicted base time: 1.30 ms, remaining time: 198.70 ms, target pause time: 200.00 ms]
 61.231: [G1Ergonomics (CSet Construction) add young regions to CSet, eden: 133 regions, survivors: 15 regions, predicted young region time: 88.47 ms]
 61.231: [G1Ergonomics (CSet Construction) finish choosing CSet, eden: 133 regions, survivors: 15 regions, old: 0 regions, predicted pause time: 89.77 ms, target pause time: 200.00 ms]
, 0.0030738 secs]
   [Parallel Time: 2.5 ms, GC Workers: 2]
      [GC Worker Start (ms): Min: 61231.1, Avg: 61231.1, Max: 61231.2, Diff: 0.1]
      [Ext Root Scanning (ms): Min: 0.2, Avg: 0.3, Max: 0.3, Diff: 0.1, Sum: 0.5]
      [Update RS (ms): Min: 0.0, Avg: 0.0, Max: 0.1, Diff: 0.0, Sum: 0.1]
         [Processed Buffers: Min: 1, Avg: 2.0, Max: 3, Diff: 2, Sum: 4]
      [Scan RS (ms): Min: 0.2, Avg: 0.2, Max: 0.2, Diff: 0.0, Sum: 0.4]
      [Code Root Scanning (ms): Min: 0.1, Avg: 0.1, Max: 0.1, Diff: 0.0, Sum: 0.2]
      [Object Copy (ms): Min: 1.8, Avg: 1.8, Max: 1.8, Diff: 0.0, Sum: 3.6]
      [Termination (ms): Min: 0.0, Avg: 0.0, Max: 0.0, Diff: 0.0, Sum: 0.0]
      [GC Worker Other (ms): Min: 0.0, Avg: 0.0, Max: 0.0, Diff: 0.0, Sum: 0.1]
      [GC Worker Total (ms): Min: 2.4, Avg: 2.5, Max: 2.5, Diff: 0.1, Sum: 4.9]
      [GC Worker End (ms): Min: 61233.6, Avg: 61233.6, Max: 61233.6, Diff: 0.0]
   [Code Root Fixup: 0.0 ms]
   [Code Root Migration: 0.0 ms]
   [Clear CT: 0.1 ms]
   [Other: 0.4 ms]
      [Choose CSet: 0.0 ms]
      [Ref Proc: 0.0 ms]
      [Ref Enq: 0.0 ms]
      [Free CSet: 0.2 ms]
   [Eden: 133.0M(133.0M)->0.0B(146.0M) Survivors: 15.0M->4096.0K Heap: 214.0M(256.0M)->69.7M(256.0M)]
 [Times: user=0.00 sys=0.03, real=0.00 secs] 
2014-07-10T11:37:10.602+0200: 61.381: [GC pause (G1 Evacuation Pause) (young) 61.381: [G1Ergonomics (CSet Construction) start choosing CSet, _pending_cards: 512, predicted base time: 1.19 ms, remaining time: 198.81 ms, target pause time: 200.00 ms]
 61.381: [G1Ergonomics (CSet Construction) add young regions to CSet, eden: 146 regions, survivors: 4 regions, predicted young region time: 60.31 ms]
 61.381: [G1Ergonomics (CSet Construction) finish choosing CSet, eden: 146 regions, survivors: 4 regions, old: 0 regions, predicted pause time: 61.49 ms, target pause time: 200.00 ms]
, 0.0132348 secs]
   [Parallel Time: 12.5 ms, GC Workers: 2]
      [GC Worker Start (ms): Min: 61381.3, Avg: 61381.3, Max: 61381.3, Diff: 0.0]
      [Ext Root Scanning (ms): Min: 0.4, Avg: 0.4, Max: 0.4, Diff: 0.0, Sum: 0.7]
      [Update RS (ms): Min: 0.0, Avg: 0.0, Max: 0.0, Diff: 0.0, Sum: 0.1]
         [Processed Buffers: Min: 1, Avg: 1.5, Max: 2, Diff: 1, Sum: 3]
      [Scan RS (ms): Min: 0.3, Avg: 0.3, Max: 0.3, Diff: 0.0, Sum: 0.5]
      [Code Root Scanning (ms): Min: 0.1, Avg: 0.1, Max: 0.1, Diff: 0.0, Sum: 0.2]
      [Object Copy (ms): Min: 11.6, Avg: 11.6, Max: 11.6, Diff: 0.0, Sum: 23.2]
      [Termination (ms): Min: 0.0, Avg: 0.0, Max: 0.0, Diff: 0.0, Sum: 0.0]
      [GC Worker Other (ms): Min: 0.0, Avg: 0.0, Max: 0.0, Diff: 0.0, Sum: 0.1]
      [GC Worker Total (ms): Min: 12.5, Avg: 12.5, Max: 12.5, Diff: 0.0, Sum: 24.9]
      [GC Worker End (ms): Min: 61393.8, Avg: 61393.8, Max: 61393.8, Diff: 0.0]
   [Code Root Fixup: 0.0 ms]
   [Code Root Migration: 0.1 ms]
   [Clear CT: 0.1 ms]
   [Other: 0.6 ms]
      [Choose CSet: 0.0 ms]
      [Ref Proc: 0.1 ms]
      [Ref Enq: 0.0 ms]
      [Free CSet: 0.3 ms]
   [Eden: 146.0M(146.0M)->0.0B(127.0M) Survivors: 4096.0K->18.0M Heap: 215.7M(256.0M)->83.6M(256.0M)]
 [Times: user=0.03 sys=0.00, real=0.01 secs] 
2014-07-10T11:37:10.695+0200: 61.474: [GC pause (G1 Evacuation Pause) (young) 61.474: [G1Ergonomics (CSet Construction) start choosing CSet, _pending_cards: 512, predicted base time: 1.16 ms, remaining time: 198.84 ms, target pause time: 200.00 ms]
 61.474: [G1Ergonomics (CSet Construction) add young regions to CSet, eden: 127 regions, survivors: 18 regions, predicted young region time: 81.60 ms]
 61.474: [G1Ergonomics (CSet Construction) finish choosing CSet, eden: 127 regions, survivors: 18 regions, old: 0 regions, predicted pause time: 82.76 ms, target pause time: 200.00 ms]
, 0.0092206 secs]
   [Parallel Time: 8.6 ms, GC Workers: 2]
      [GC Worker Start (ms): Min: 61474.2, Avg: 61474.2, Max: 61474.2, Diff: 0.0]
      [Ext Root Scanning (ms): Min: 0.3, Avg: 0.3, Max: 0.3, Diff: 0.0, Sum: 0.7]
      [Update RS (ms): Min: 0.0, Avg: 0.0, Max: 0.0, Diff: 0.0, Sum: 0.1]
         [Processed Buffers: Min: 1, Avg: 1.5, Max: 2, Diff: 1, Sum: 3]
      [Scan RS (ms): Min: 0.2, Avg: 0.2, Max: 0.2, Diff: 0.0, Sum: 0.4]
      [Code Root Scanning (ms): Min: 0.1, Avg: 0.1, Max: 0.1, Diff: 0.0, Sum: 0.2]
      [Object Copy (ms): Min: 7.8, Avg: 7.8, Max: 7.8, Diff: 0.0, Sum: 15.6]
      [Termination (ms): Min: 0.0, Avg: 0.0, Max: 0.0, Diff: 0.0, Sum: 0.0]
      [GC Worker Other (ms): Min: 0.0, Avg: 0.0, Max: 0.0, Diff: 0.0, Sum: 0.1]
      [GC Worker Total (ms): Min: 8.5, Avg: 8.5, Max: 8.5, Diff: 0.0, Sum: 17.1]
      [GC Worker End (ms): Min: 61482.7, Avg: 61482.7, Max: 61482.8, Diff: 0.0]
   [Code Root Fixup: 0.0 ms]
   [Code Root Migration: 0.0 ms]
   [Clear CT: 0.1 ms]
   [Other: 0.5 ms]
      [Choose CSet: 0.0 ms]
      [Ref Proc: 0.1 ms]
      [Ref Enq: 0.0 ms]
      [Free CSet: 0.2 ms]
   [Eden: 127.0M(127.0M)->0.0B(135.0M) Survivors: 18.0M->13.0M Heap: 210.6M(256.0M)->78.5M(256.0M)]
 [Times: user=0.03 sys=0.00, real=0.01 secs] 
2014-07-10T11:37:10.851+0200: 61.630: [GC pause (G1 Evacuation Pause) (young) 61.630: [G1Ergonomics (CSet Construction) start choosing CSet, _pending_cards: 512, predicted base time: 1.10 ms, remaining time: 198.90 ms, target pause time: 200.00 ms]
 61.630: [G1Ergonomics (CSet Construction) add young regions to CSet, eden: 135 regions, survivors: 13 regions, predicted young region time: 61.18 ms]
 61.630: [G1Ergonomics (CSet Construction) finish choosing CSet, eden: 135 regions, survivors: 13 regions, old: 0 regions, predicted pause time: 62.28 ms, target pause time: 200.00 ms]
, 0.0115942 secs]
   [Parallel Time: 10.9 ms, GC Workers: 2]
      [GC Worker Start (ms): Min: 61630.4, Avg: 61630.4, Max: 61630.4, Diff: 0.0]
      [Ext Root Scanning (ms): Min: 0.3, Avg: 0.3, Max: 0.3, Diff: 0.0, Sum: 0.7]
      [Update RS (ms): Min: 0.0, Avg: 0.1, Max: 0.1, Diff: 0.0, Sum: 0.1]
         [Processed Buffers: Min: 1, Avg: 1.5, Max: 2, Diff: 1, Sum: 3]
      [Scan RS (ms): Min: 0.3, Avg: 0.3, Max: 0.3, Diff: 0.0, Sum: 0.5]
      [Code Root Scanning (ms): Min: 0.1, Avg: 0.1, Max: 0.1, Diff: 0.0, Sum: 0.2]
      [Object Copy (ms): Min: 10.1, Avg: 10.1, Max: 10.1, Diff: 0.0, Sum: 20.2]
      [Termination (ms): Min: 0.0, Avg: 0.0, Max: 0.0, Diff: 0.0, Sum: 0.0]
      [GC Worker Other (ms): Min: 0.0, Avg: 0.0, Max: 0.0, Diff: 0.0, Sum: 0.1]
      [GC Worker Total (ms): Min: 10.9, Avg: 10.9, Max: 10.9, Diff: 0.0, Sum: 21.8]
      [GC Worker End (ms): Min: 61641.3, Avg: 61641.3, Max: 61641.3, Diff: 0.0]
   [Code Root Fixup: 0.0 ms]
   [Code Root Migration: 0.0 ms]
   [Clear CT: 0.1 ms]
   [Other: 0.5 ms]
      [Choose CSet: 0.0 ms]
      [Ref Proc: 0.1 ms]
      [Ref Enq: 0.0 ms]
      [Free CSet: 0.2 ms]
   [Eden: 135.0M(135.0M)->0.0B(131.0M) Survivors: 13.0M->16.0M Heap: 213.5M(256.0M)->81.4M(256.0M)]
 [Times: user=0.03 sys=0.00, real=0.01 secs] 
2014-07-10T11:37:10.991+0200: 61.771: [GC pause (G1 Evacuation Pause) (young) 61.772: [G1Ergonomics (CSet Construction) start choosing CSet, _pending_cards: 258, predicted base time: 1.03 ms, remaining time: 198.97 ms, target pause time: 200.00 ms]
 61.772: [G1Ergonomics (CSet Construction) add young regions to CSet, eden: 131 regions, survivors: 16 regions, predicted young region time: 84.72 ms]
 61.772: [G1Ergonomics (CSet Construction) finish choosing CSet, eden: 131 regions, survivors: 16 regions, old: 0 regions, predicted pause time: 85.75 ms, target pause time: 200.00 ms]
, 0.0035035 secs]
   [Parallel Time: 2.5 ms, GC Workers: 2]
      [GC Worker Start (ms): Min: 61771.7, Avg: 61771.7, Max: 61771.7, Diff: 0.0]
      [Ext Root Scanning (ms): Min: 0.5, Avg: 0.5, Max: 0.5, Diff: 0.0, Sum: 1.0]
      [Update RS (ms): Min: 0.1, Avg: 0.1, Max: 0.1, Diff: 0.0, Sum: 0.1]
         [Processed Buffers: Min: 1, Avg: 1.5, Max: 2, Diff: 1, Sum: 3]
      [Scan RS (ms): Min: 0.5, Avg: 0.5, Max: 0.6, Diff: 0.1, Sum: 1.0]
      [Code Root Scanning (ms): Min: 0.1, Avg: 0.2, Max: 0.2, Diff: 0.0, Sum: 0.3]
      [Object Copy (ms): Min: 1.2, Avg: 1.2, Max: 1.2, Diff: 0.0, Sum: 2.4]
      [Termination (ms): Min: 0.0, Avg: 0.0, Max: 0.0, Diff: 0.0, Sum: 0.0]
      [GC Worker Other (ms): Min: 0.0, Avg: 0.0, Max: 0.0, Diff: 0.0, Sum: 0.1]
      [GC Worker Total (ms): Min: 2.5, Avg: 2.5, Max: 2.5, Diff: 0.0, Sum: 5.0]
      [GC Worker End (ms): Min: 61774.2, Avg: 61774.2, Max: 61774.2, Diff: 0.0]
   [Code Root Fixup: 0.0 ms]
   [Code Root Migration: 0.0 ms]
   [Clear CT: 0.2 ms]
   [Other: 0.7 ms]
      [Choose CSet: 0.1 ms]
      [Ref Proc: 0.1 ms]
      [Ref Enq: 0.0 ms]
      [Free CSet: 0.4 ms]
   [Eden: 131.0M(131.0M)->0.0B(148.0M) Survivors: 16.0M->2048.0K Heap: 212.4M(256.0M)->68.2M(256.0M)]
 [Times: user=0.00 sys=0.00, real=0.00 secs] 
2014-07-10T11:37:11.098+0200: 61.879: [GC pause (G1 Evacuation Pause) (young) 61.879: [G1Ergonomics (CSet Construction) start choosing CSet, _pending_cards: 512, predicted base time: 1.16 ms, remaining time: 198.84 ms, target pause time: 200.00 ms]
 61.879: [G1Ergonomics (CSet Construction) add young regions to CSet, eden: 148 regions, survivors: 2 regions, predicted young region time: 19.25 ms]
 61.879: [G1Ergonomics (CSet Construction) finish choosing CSet, eden: 148 regions, survivors: 2 regions, old: 0 regions, predicted pause time: 20.42 ms, target pause time: 200.00 ms]
, 0.0124748 secs]
   [Parallel Time: 11.7 ms, GC Workers: 2]
      [GC Worker Start (ms): Min: 61879.0, Avg: 61879.0, Max: 61879.0, Diff: 0.0]
      [Ext Root Scanning (ms): Min: 0.3, Avg: 0.3, Max: 0.4, Diff: 0.0, Sum: 0.7]
      [Update RS (ms): Min: 0.0, Avg: 0.1, Max: 0.1, Diff: 0.0, Sum: 0.1]
         [Processed Buffers: Min: 1, Avg: 1.5, Max: 2, Diff: 1, Sum: 3]
      [Scan RS (ms): Min: 0.2, Avg: 0.2, Max: 0.2, Diff: 0.0, Sum: 0.5]
      [Code Root Scanning (ms): Min: 0.1, Avg: 0.1, Max: 0.1, Diff: 0.0, Sum: 0.2]
      [Object Copy (ms): Min: 10.9, Avg: 10.9, Max: 10.9, Diff: 0.0, Sum: 21.8]
      [Termination (ms): Min: 0.0, Avg: 0.0, Max: 0.0, Diff: 0.0, Sum: 0.0]
      [GC Worker Other (ms): Min: 0.0, Avg: 0.0, Max: 0.0, Diff: 0.0, Sum: 0.1]
      [GC Worker Total (ms): Min: 11.6, Avg: 11.7, Max: 11.7, Diff: 0.0, Sum: 23.3]
      [GC Worker End (ms): Min: 61890.6, Avg: 61890.6, Max: 61890.6, Diff: 0.0]
   [Code Root Fixup: 0.0 ms]
   [Code Root Migration: 0.0 ms]
   [Clear CT: 0.1 ms]
   [Other: 0.6 ms]
      [Choose CSet: 0.0 ms]
      [Ref Proc: 0.3 ms]
      [Ref Enq: 0.0 ms]
      [Free CSet: 0.2 ms]
   [Eden: 148.0M(148.0M)->0.0B(127.0M) Survivors: 2048.0K->18.0M Heap: 216.2M(256.0M)->84.1M(256.0M)]
 [Times: user=0.03 sys=0.00, real=0.01 secs] 
2014-07-10T11:37:11.226+0200: 62.007: [GC pause (G1 Evacuation Pause) (young) 62.007: [G1Ergonomics (CSet Construction) start choosing CSet, _pending_cards: 512, predicted base time: 1.15 ms, remaining time: 198.85 ms, target pause time: 200.00 ms]
 62.007: [G1Ergonomics (CSet Construction) add young regions to CSet, eden: 127 regions, survivors: 18 regions, predicted young region time: 79.75 ms]
 62.007: [G1Ergonomics (CSet Construction) finish choosing CSet, eden: 127 regions, survivors: 18 regions, old: 0 regions, predicted pause time: 80.90 ms, target pause time: 200.00 ms]
, 0.0092976 secs]
   [Parallel Time: 8.7 ms, GC Workers: 2]
      [GC Worker Start (ms): Min: 62007.1, Avg: 62007.1, Max: 62007.2, Diff: 0.0]
      [Ext Root Scanning (ms): Min: 0.3, Avg: 0.3, Max: 0.3, Diff: 0.0, Sum: 0.7]
      [Update RS (ms): Min: 0.0, Avg: 0.0, Max: 0.1, Diff: 0.0, Sum: 0.1]
         [Processed Buffers: Min: 1, Avg: 1.5, Max: 2, Diff: 1, Sum: 3]
      [Scan RS (ms): Min: 0.2, Avg: 0.2, Max: 0.2, Diff: 0.0, Sum: 0.4]
      [Code Root Scanning (ms): Min: 0.1, Avg: 0.1, Max: 0.1, Diff: 0.0, Sum: 0.2]
      [Object Copy (ms): Min: 7.9, Avg: 7.9, Max: 8.0, Diff: 0.0, Sum: 15.9]
      [Termination (ms): Min: 0.0, Avg: 0.0, Max: 0.0, Diff: 0.0, Sum: 0.0]
      [GC Worker Other (ms): Min: 0.0, Avg: 0.0, Max: 0.0, Diff: 0.0, Sum: 0.1]
      [GC Worker Total (ms): Min: 8.7, Avg: 8.7, Max: 8.7, Diff: 0.0, Sum: 17.4]
      [GC Worker End (ms): Min: 62015.8, Avg: 62015.8, Max: 62015.8, Diff: 0.0]
   [Code Root Fixup: 0.0 ms]
   [Code Root Migration: 0.0 ms]
   [Clear CT: 0.1 ms]
   [Other: 0.4 ms]
      [Choose CSet: 0.0 ms]
      [Ref Proc: 0.1 ms]
      [Ref Enq: 0.0 ms]
      [Free CSet: 0.2 ms]
   [Eden: 127.0M(127.0M)->0.0B(135.0M) Survivors: 18.0M->13.0M Heap: 211.1M(256.0M)->79.0M(256.0M)]
 [Times: user=0.03 sys=0.00, real=0.01 secs] 
2014-07-10T11:37:11.402+0200: 62.182: [GC pause (G1 Evacuation Pause) (young) 62.182: [G1Ergonomics (CSet Construction) start choosing CSet, _pending_cards: 512, predicted base time: 1.08 ms, remaining time: 198.92 ms, target pause time: 200.00 ms]
 62.182: [G1Ergonomics (CSet Construction) add young regions to CSet, eden: 135 regions, survivors: 13 regions, predicted young region time: 19.01 ms]
 62.182: [G1Ergonomics (CSet Construction) finish choosing CSet, eden: 135 regions, survivors: 13 regions, old: 0 regions, predicted pause time: 20.09 ms, target pause time: 200.00 ms]
, 0.0185575 secs]
   [Parallel Time: 17.3 ms, GC Workers: 2]
      [GC Worker Start (ms): Min: 62182.4, Avg: 62182.4, Max: 62182.4, Diff: 0.0]
      [Ext Root Scanning (ms): Min: 0.5, Avg: 0.6, Max: 0.6, Diff: 0.0, Sum: 1.1]
      [Update RS (ms): Min: 0.1, Avg: 0.1, Max: 0.1, Diff: 0.1, Sum: 0.2]
         [Processed Buffers: Min: 1, Avg: 1.5, Max: 2, Diff: 1, Sum: 3]
      [Scan RS (ms): Min: 0.4, Avg: 0.4, Max: 0.4, Diff: 0.0, Sum: 0.8]
      [Code Root Scanning (ms): Min: 0.1, Avg: 0.2, Max: 0.2, Diff: 0.1, Sum: 0.3]
      [Object Copy (ms): Min: 15.9, Avg: 15.9, Max: 15.9, Diff: 0.0, Sum: 31.8]
      [Termination (ms): Min: 0.0, Avg: 0.0, Max: 0.0, Diff: 0.0, Sum: 0.0]
      [GC Worker Other (ms): Min: 0.0, Avg: 0.0, Max: 0.0, Diff: 0.0, Sum: 0.1]
      [GC Worker Total (ms): Min: 17.2, Avg: 17.2, Max: 17.2, Diff: 0.0, Sum: 34.4]
      [GC Worker End (ms): Min: 62199.6, Avg: 62199.6, Max: 62199.6, Diff: 0.0]
   [Code Root Fixup: 0.0 ms]
   [Code Root Migration: 0.1 ms]
   [Clear CT: 0.2 ms]
   [Other: 1.0 ms]
      [Choose CSet: 0.1 ms]
      [Ref Proc: 0.2 ms]
      [Ref Enq: 0.0 ms]
      [Free CSet: 0.5 ms]
   [Eden: 135.0M(135.0M)->0.0B(131.0M) Survivors: 13.0M->16.0M Heap: 214.0M(256.0M)->81.9M(256.0M)]
 [Times: user=0.05 sys=0.00, real=0.02 secs] 
2014-07-10T11:37:11.501+0200: 62.282: [GC pause (G1 Evacuation Pause) (young) 62.282: [G1Ergonomics (CSet Construction) start choosing CSet, _pending_cards: 259, predicted base time: 1.26 ms, remaining time: 198.74 ms, target pause time: 200.00 ms]
 62.282: [G1Ergonomics (CSet Construction) add young regions to CSet, eden: 131 regions, survivors: 16 regions, predicted young region time: 104.86 ms]
 62.282: [G1Ergonomics (CSet Construction) finish choosing CSet, eden: 131 regions, survivors: 16 regions, old: 0 regions, predicted pause time: 106.12 ms, target pause time: 200.00 ms]
, 0.0016571 secs]
   [Parallel Time: 1.2 ms, GC Workers: 2]
      [GC Worker Start (ms): Min: 62282.0, Avg: 62282.0, Max: 62282.0, Diff: 0.0]
      [Ext Root Scanning (ms): Min: 0.3, Avg: 0.3, Max: 0.3, Diff: 0.0, Sum: 0.6]
      [Update RS (ms): Min: 0.0, Avg: 0.0, Max: 0.1, Diff: 0.0, Sum: 0.1]
         [Processed Buffers: Min: 1, Avg: 1.5, Max: 2, Diff: 1, Sum: 3]
      [Scan RS (ms): Min: 0.2, Avg: 0.2, Max: 0.2, Diff: 0.0, Sum: 0.4]
      [Code Root Scanning (ms): Min: 0.1, Avg: 0.1, Max: 0.1, Diff: 0.0, Sum: 0.2]
      [Object Copy (ms): Min: 0.5, Avg: 0.5, Max: 0.5, Diff: 0.0, Sum: 1.0]
      [Termination (ms): Min: 0.0, Avg: 0.0, Max: 0.0, Diff: 0.0, Sum: 0.0]
      [GC Worker Other (ms): Min: 0.0, Avg: 0.0, Max: 0.0, Diff: 0.0, Sum: 0.1]
      [GC Worker Total (ms): Min: 1.2, Avg: 1.2, Max: 1.2, Diff: 0.0, Sum: 2.3]
      [GC Worker End (ms): Min: 62283.1, Avg: 62283.2, Max: 62283.2, Diff: 0.0]
   [Code Root Fixup: 0.0 ms]
   [Code Root Migration: 0.0 ms]
   [Clear CT: 0.1 ms]
   [Other: 0.3 ms]
      [Choose CSet: 0.0 ms]
      [Ref Proc: 0.0 ms]
      [Ref Enq: 0.0 ms]
      [Free CSet: 0.2 ms]
   [Eden: 131.0M(131.0M)->0.0B(148.0M) Survivors: 16.0M->2048.0K Heap: 212.9M(256.0M)->67.7M(256.0M)]
 [Times: user=0.00 sys=0.00, real=0.00 secs] 
2014-07-10T11:37:11.644+0200: 62.425: [GC pause (G1 Evacuation Pause) (young) 62.425: [G1Ergonomics (CSet Construction) start choosing CSet, _pending_cards: 512, predicted base time: 1.18 ms, remaining time: 198.82 ms, target pause time: 200.00 ms]
 62.425: [G1Ergonomics (CSet Construction) add young regions to CSet, eden: 148 regions, survivors: 2 regions, predicted young region time: 104.69 ms]
 62.425: [G1Ergonomics (CSet Construction) finish choosing CSet, eden: 148 regions, survivors: 2 regions, old: 0 regions, predicted pause time: 105.87 ms, target pause time: 200.00 ms]
, 0.0123916 secs]
   [Parallel Time: 11.5 ms, GC Workers: 2]
      [GC Worker Start (ms): Min: 62424.7, Avg: 62424.7, Max: 62424.7, Diff: 0.0]
      [Ext Root Scanning (ms): Min: 0.3, Avg: 0.3, Max: 0.3, Diff: 0.0, Sum: 0.7]
      [Update RS (ms): Min: 0.0, Avg: 0.1, Max: 0.1, Diff: 0.1, Sum: 0.2]
         [Processed Buffers: Min: 1, Avg: 1.5, Max: 2, Diff: 1, Sum: 3]
      [Scan RS (ms): Min: 0.2, Avg: 0.3, Max: 0.3, Diff: 0.1, Sum: 0.6]
      [Code Root Scanning (ms): Min: 0.1, Avg: 0.1, Max: 0.1, Diff: 0.0, Sum: 0.2]
      [Object Copy (ms): Min: 10.6, Avg: 10.6, Max: 10.6, Diff: 0.0, Sum: 21.3]
      [Termination (ms): Min: 0.0, Avg: 0.0, Max: 0.0, Diff: 0.0, Sum: 0.0]
      [GC Worker Other (ms): Min: 0.0, Avg: 0.0, Max: 0.0, Diff: 0.0, Sum: 0.1]
      [GC Worker Total (ms): Min: 11.5, Avg: 11.5, Max: 11.5, Diff: 0.0, Sum: 23.0]
      [GC Worker End (ms): Min: 62436.2, Avg: 62436.2, Max: 62436.2, Diff: 0.0]
   [Code Root Fixup: 0.0 ms]
   [Code Root Migration: 0.1 ms]
   [Clear CT: 0.1 ms]
   [Other: 0.7 ms]
      [Choose CSet: 0.0 ms]
      [Ref Proc: 0.3 ms]
      [Ref Enq: 0.0 ms]
      [Free CSet: 0.2 ms]
   [Eden: 148.0M(148.0M)->0.0B(127.0M) Survivors: 2048.0K->18.0M Heap: 215.7M(256.0M)->83.6M(256.0M)]
 [Times: user=0.03 sys=0.00, real=0.01 secs] 
2014-07-10T11:37:11.794+0200: 62.575: [GC pause (G1 Evacuation Pause) (young) 62.575: [G1Ergonomics (CSet Construction) start choosing CSet, _pending_cards: 512, predicted base time: 1.19 ms, remaining time: 198.81 ms, target pause time: 200.00 ms]
 62.575: [G1Ergonomics (CSet Construction) add young regions to CSet, eden: 127 regions, survivors: 18 regions, predicted young region time: 64.16 ms]
 62.575: [G1Ergonomics (CSet Construction) finish choosing CSet, eden: 127 regions, survivors: 18 regions, old: 0 regions, predicted pause time: 65.35 ms, target pause time: 200.00 ms]
, 0.0094989 secs]
   [Parallel Time: 8.9 ms, GC Workers: 2]
      [GC Worker Start (ms): Min: 62575.1, Avg: 62575.2, Max: 62575.2, Diff: 0.1]
      [Ext Root Scanning (ms): Min: 0.6, Avg: 0.6, Max: 0.7, Diff: 0.1, Sum: 1.2]
      [Update RS (ms): Min: 0.0, Avg: 0.1, Max: 0.1, Diff: 0.1, Sum: 0.1]
         [Processed Buffers: Min: 1, Avg: 1.5, Max: 2, Diff: 1, Sum: 3]
      [Scan RS (ms): Min: 0.3, Avg: 0.3, Max: 0.4, Diff: 0.1, Sum: 0.6]
      [Code Root Scanning (ms): Min: 0.1, Avg: 0.1, Max: 0.2, Diff: 0.1, Sum: 0.2]
      [Object Copy (ms): Min: 7.6, Avg: 7.6, Max: 7.6, Diff: 0.0, Sum: 15.1]
      [Termination (ms): Min: 0.0, Avg: 0.0, Max: 0.0, Diff: 0.0, Sum: 0.0]
      [GC Worker Other (ms): Min: 0.0, Avg: 0.0, Max: 0.0, Diff: 0.0, Sum: 0.1]
      [GC Worker Total (ms): Min: 8.7, Avg: 8.7, Max: 8.8, Diff: 0.1, Sum: 17.4]
      [GC Worker End (ms): Min: 62583.9, Avg: 62583.9, Max: 62583.9, Diff: 0.0]
   [Code Root Fixup: 0.0 ms]
   [Code Root Migration: 0.0 ms]
   [Clear CT: 0.1 ms]
   [Other: 0.4 ms]
      [Choose CSet: 0.0 ms]
      [Ref Proc: 0.0 ms]
      [Ref Enq: 0.0 ms]
      [Free CSet: 0.2 ms]
   [Eden: 127.0M(127.0M)->0.0B(135.0M) Survivors: 18.0M->13.0M Heap: 210.6M(256.0M)->78.4M(256.0M)]
 [Times: user=0.00 sys=0.00, real=0.01 secs] 
2014-07-10T11:37:11.903+0200: 62.684: [GC pause (G1 Evacuation Pause) (young) 62.684: [G1Ergonomics (CSet Construction) start choosing CSet, _pending_cards: 512, predicted base time: 1.25 ms, remaining time: 198.75 ms, target pause time: 200.00 ms]
 62.684: [G1Ergonomics (CSet Construction) add young regions to CSet, eden: 135 regions, survivors: 13 regions, predicted young region time: 91.40 ms]
 62.684: [G1Ergonomics (CSet Construction) finish choosing CSet, eden: 135 regions, survivors: 13 regions, old: 0 regions, predicted pause time: 92.65 ms, target pause time: 200.00 ms]
, 0.0170851 secs]
   [Parallel Time: 15.8 ms, GC Workers: 2]
      [GC Worker Start (ms): Min: 62684.1, Avg: 62684.1, Max: 62684.2, Diff: 0.0]
      [Ext Root Scanning (ms): Min: 0.5, Avg: 0.6, Max: 0.6, Diff: 0.2, Sum: 1.1]
      [Update RS (ms): Min: 0.1, Avg: 0.1, Max: 0.1, Diff: 0.1, Sum: 0.2]
         [Processed Buffers: Min: 1, Avg: 1.5, Max: 2, Diff: 1, Sum: 3]
      [Scan RS (ms): Min: 0.4, Avg: 0.4, Max: 0.5, Diff: 0.1, Sum: 0.8]
      [Code Root Scanning (ms): Min: 0.1, Avg: 0.1, Max: 0.2, Diff: 0.0, Sum: 0.3]
      [Object Copy (ms): Min: 14.4, Avg: 14.5, Max: 14.5, Diff: 0.0, Sum: 28.9]
      [Termination (ms): Min: 0.0, Avg: 0.0, Max: 0.0, Diff: 0.0, Sum: 0.0]
      [GC Worker Other (ms): Min: 0.0, Avg: 0.1, Max: 0.2, Diff: 0.1, Sum: 0.2]
      [GC Worker Total (ms): Min: 15.8, Avg: 15.8, Max: 15.8, Diff: 0.0, Sum: 31.6]
      [GC Worker End (ms): Min: 62699.9, Avg: 62699.9, Max: 62700.0, Diff: 0.0]
   [Code Root Fixup: 0.0 ms]
   [Code Root Migration: 0.1 ms]
   [Clear CT: 0.1 ms]
   [Other: 1.1 ms]
      [Choose CSet: 0.1 ms]
      [Ref Proc: 0.6 ms]
      [Ref Enq: 0.0 ms]
      [Free CSet: 0.2 ms]
   [Eden: 135.0M(135.0M)->0.0B(133.0M) Survivors: 13.0M->15.0M Heap: 213.4M(256.0M)->81.3M(256.0M)]
 [Times: user=0.03 sys=0.00, real=0.02 secs] 
2014-07-10T11:37:12.045+0200: 62.826: [GC pause (G1 Evacuation Pause) (young) 62.826: [G1Ergonomics (CSet Construction) start choosing CSet, _pending_cards: 257, predicted base time: 1.46 ms, remaining time: 198.54 ms, target pause time: 200.00 ms]
 62.826: [G1Ergonomics (CSet Construction) add young regions to CSet, eden: 133 regions, survivors: 15 regions, predicted young region time: 70.25 ms]
 62.826: [G1Ergonomics (CSet Construction) finish choosing CSet, eden: 133 regions, survivors: 15 regions, old: 0 regions, predicted pause time: 71.71 ms, target pause time: 200.00 ms]
, 0.0059789 secs]
   [Parallel Time: 5.1 ms, GC Workers: 2]
      [GC Worker Start (ms): Min: 62825.9, Avg: 62825.9, Max: 62825.9, Diff: 0.0]
      [Ext Root Scanning (ms): Min: 0.2, Avg: 0.2, Max: 0.2, Diff: 0.0, Sum: 0.4]
      [Update RS (ms): Min: 0.0, Avg: 0.0, Max: 0.1, Diff: 0.1, Sum: 0.1]
         [Processed Buffers: Min: 0, Avg: 1.5, Max: 3, Diff: 3, Sum: 3]
      [Scan RS (ms): Min: 0.2, Avg: 0.2, Max: 0.2, Diff: 0.1, Sum: 0.4]
      [Code Root Scanning (ms): Min: 0.1, Avg: 0.1, Max: 0.1, Diff: 0.0, Sum: 0.2]
      [Object Copy (ms): Min: 4.4, Avg: 4.4, Max: 4.5, Diff: 0.1, Sum: 8.9]
      [Termination (ms): Min: 0.0, Avg: 0.0, Max: 0.0, Diff: 0.0, Sum: 0.0]
      [GC Worker Other (ms): Min: 0.0, Avg: 0.0, Max: 0.0, Diff: 0.0, Sum: 0.1]
      [GC Worker Total (ms): Min: 5.0, Avg: 5.0, Max: 5.0, Diff: 0.0, Sum: 10.1]
      [GC Worker End (ms): Min: 62831.0, Avg: 62831.0, Max: 62831.0, Diff: 0.0]
   [Code Root Fixup: 0.0 ms]
   [Code Root Migration: 0.1 ms]
   [Clear CT: 0.2 ms]
   [Other: 0.6 ms]
      [Choose CSet: 0.0 ms]
      [Ref Proc: 0.0 ms]
      [Ref Enq: 0.0 ms]
      [Free CSet: 0.4 ms]
   [Eden: 133.0M(133.0M)->0.0B(141.0M) Survivors: 15.0M->8192.0K Heap: 214.3M(256.0M)->74.2M(256.0M)]
 [Times: user=0.00 sys=0.00, real=0.01 secs] 
2014-07-10T11:37:12.204+0200: 62.984: [GC pause (G1 Evacuation Pause) (young) 62.984: [G1Ergonomics (CSet Construction) start choosing CSet, _pending_cards: 256, predicted base time: 1.32 ms, remaining time: 198.68 ms, target pause time: 200.00 ms]
 62.984: [G1Ergonomics (CSet Construction) add young regions to CSet, eden: 141 regions, survivors: 8 regions, predicted young region time: 104.49 ms]
 62.984: [G1Ergonomics (CSet Construction) finish choosing CSet, eden: 141 regions, survivors: 8 regions, old: 0 regions, predicted pause time: 105.82 ms, target pause time: 200.00 ms]
, 0.0176541 secs]
   [Parallel Time: 16.9 ms, GC Workers: 2]
      [GC Worker Start (ms): Min: 62984.6, Avg: 62984.6, Max: 62984.6, Diff: 0.1]
      [Ext Root Scanning (ms): Min: 0.7, Avg: 0.7, Max: 0.7, Diff: 0.1, Sum: 1.4]
      [Update RS (ms): Min: 0.0, Avg: 0.1, Max: 0.1, Diff: 0.1, Sum: 0.1]
         [Processed Buffers: Min: 1, Avg: 1.0, Max: 1, Diff: 0, Sum: 2]
      [Scan RS (ms): Min: 0.4, Avg: 0.4, Max: 0.4, Diff: 0.0, Sum: 0.8]
      [Code Root Scanning (ms): Min: 0.1, Avg: 0.1, Max: 0.2, Diff: 0.0, Sum: 0.3]
      [Object Copy (ms): Min: 15.4, Avg: 15.4, Max: 15.4, Diff: 0.0, Sum: 30.8]
      [Termination (ms): Min: 0.0, Avg: 0.0, Max: 0.0, Diff: 0.0, Sum: 0.0]
      [GC Worker Other (ms): Min: 0.0, Avg: 0.0, Max: 0.1, Diff: 0.0, Sum: 0.1]
      [GC Worker Total (ms): Min: 16.8, Avg: 16.8, Max: 16.8, Diff: 0.1, Sum: 33.6]
      [GC Worker End (ms): Min: 63001.4, Avg: 63001.4, Max: 63001.4, Diff: 0.0]
   [Code Root Fixup: 0.0 ms]
   [Code Root Migration: 0.1 ms]
   [Clear CT: 0.1 ms]
   [Other: 0.6 ms]
      [Choose CSet: 0.1 ms]
      [Ref Proc: 0.1 ms]
      [Ref Enq: 0.0 ms]
      [Free CSet: 0.3 ms]
   [Eden: 141.0M(141.0M)->0.0B(129.0M) Survivors: 8192.0K->17.0M Heap: 215.2M(256.0M)->83.1M(256.0M)]
 [Times: user=0.03 sys=0.00, real=0.02 secs] 
2014-07-10T11:37:12.296+0200: 63.077: [GC pause (G1 Evacuation Pause) (young) 63.077: [G1Ergonomics (CSet Construction) start choosing CSet, _pending_cards: 256, predicted base time: 1.38 ms, remaining time: 198.62 ms, target pause time: 200.00 ms]
 63.077: [G1Ergonomics (CSet Construction) add young regions to CSet, eden: 129 regions, survivors: 17 regions, predicted young region time: 23.35 ms]
 63.077: [G1Ergonomics (CSet Construction) finish choosing CSet, eden: 129 regions, survivors: 17 regions, old: 0 regions, predicted pause time: 24.73 ms, target pause time: 200.00 ms]
, 0.0099323 secs]
   [Parallel Time: 9.2 ms, GC Workers: 2]
      [GC Worker Start (ms): Min: 63076.6, Avg: 63076.6, Max: 63076.6, Diff: 0.0]
      [Ext Root Scanning (ms): Min: 0.3, Avg: 0.3, Max: 0.3, Diff: 0.0, Sum: 0.6]
      [Update RS (ms): Min: 0.0, Avg: 0.0, Max: 0.1, Diff: 0.0, Sum: 0.1]
         [Processed Buffers: Min: 1, Avg: 1.0, Max: 1, Diff: 0, Sum: 2]
      [Scan RS (ms): Min: 0.2, Avg: 0.2, Max: 0.3, Diff: 0.0, Sum: 0.5]
      [Code Root Scanning (ms): Min: 0.1, Avg: 0.1, Max: 0.1, Diff: 0.0, Sum: 0.2]
      [Object Copy (ms): Min: 8.5, Avg: 8.5, Max: 8.5, Diff: 0.0, Sum: 17.0]
      [Termination (ms): Min: 0.0, Avg: 0.0, Max: 0.0, Diff: 0.0, Sum: 0.0]
      [GC Worker Other (ms): Min: 0.0, Avg: 0.0, Max: 0.0, Diff: 0.0, Sum: 0.1]
      [GC Worker Total (ms): Min: 9.2, Avg: 9.2, Max: 9.2, Diff: 0.0, Sum: 18.4]
      [GC Worker End (ms): Min: 63085.8, Avg: 63085.8, Max: 63085.8, Diff: 0.0]
   [Code Root Fixup: 0.0 ms]
   [Code Root Migration: 0.0 ms]
   [Clear CT: 0.1 ms]
   [Other: 0.5 ms]
      [Choose CSet: 0.0 ms]
      [Ref Proc: 0.0 ms]
      [Ref Enq: 0.0 ms]
      [Free CSet: 0.3 ms]
   [Eden: 129.0M(129.0M)->0.0B(134.0M) Survivors: 17.0M->14.0M Heap: 212.1M(256.0M)->80.0M(256.0M)]
 [Times: user=0.00 sys=0.00, real=0.01 secs] 
2014-07-10T11:37:12.432+0200: 63.213: [GC pause (G1 Evacuation Pause) (young) 63.213: [G1Ergonomics (CSet Construction) start choosing CSet, _pending_cards: 257, predicted base time: 1.25 ms, remaining time: 198.75 ms, target pause time: 200.00 ms]
 63.213: [G1Ergonomics (CSet Construction) add young regions to CSet, eden: 134 regions, survivors: 14 regions, predicted young region time: 103.04 ms]
 63.213: [G1Ergonomics (CSet Construction) finish choosing CSet, eden: 134 regions, survivors: 14 regions, old: 0 regions, predicted pause time: 104.29 ms, target pause time: 200.00 ms]
, 0.0034085 secs]
   [Parallel Time: 2.5 ms, GC Workers: 2]
      [GC Worker Start (ms): Min: 63212.9, Avg: 63213.0, Max: 63213.0, Diff: 0.0]
      [Ext Root Scanning (ms): Min: 0.4, Avg: 0.4, Max: 0.4, Diff: 0.0, Sum: 0.7]
      [Update RS (ms): Min: 0.0, Avg: 0.0, Max: 0.0, Diff: 0.0, Sum: 0.1]
         [Processed Buffers: Min: 1, Avg: 1.5, Max: 2, Diff: 1, Sum: 3]
      [Scan RS (ms): Min: 0.2, Avg: 0.2, Max: 0.2, Diff: 0.0, Sum: 0.5]
      [Code Root Scanning (ms): Min: 0.1, Avg: 0.1, Max: 0.1, Diff: 0.0, Sum: 0.2]
      [Object Copy (ms): Min: 1.7, Avg: 1.7, Max: 1.7, Diff: 0.0, Sum: 3.5]
      [Termination (ms): Min: 0.0, Avg: 0.0, Max: 0.0, Diff: 0.0, Sum: 0.0]
      [GC Worker Other (ms): Min: 0.0, Avg: 0.0, Max: 0.0, Diff: 0.0, Sum: 0.1]
      [GC Worker Total (ms): Min: 2.5, Avg: 2.5, Max: 2.5, Diff: 0.0, Sum: 5.0]
      [GC Worker End (ms): Min: 63215.5, Avg: 63215.5, Max: 63215.5, Diff: 0.0]
   [Code Root Fixup: 0.0 ms]
   [Code Root Migration: 0.1 ms]
   [Clear CT: 0.2 ms]
   [Other: 0.6 ms]
      [Choose CSet: 0.0 ms]
      [Ref Proc: 0.1 ms]
      [Ref Enq: 0.0 ms]
      [Free CSet: 0.3 ms]
   [Eden: 134.0M(134.0M)->0.0B(146.0M) Survivors: 14.0M->4096.0K Heap: 214.0M(256.0M)->69.7M(256.0M)]
 [Times: user=0.03 sys=0.00, real=0.00 secs] 
2014-07-10T11:37:12.595+0200: 63.376: [GC pause (G1 Evacuation Pause) (young) 63.376: [G1Ergonomics (CSet Construction) start choosing CSet, _pending_cards: 513, predicted base time: 1.26 ms, remaining time: 198.74 ms, target pause time: 200.00 ms]
 63.376: [G1Ergonomics (CSet Construction) add young regions to CSet, eden: 146 regions, survivors: 4 regions, predicted young region time: 18.75 ms]
 63.376: [G1Ergonomics (CSet Construction) finish choosing CSet, eden: 146 regions, survivors: 4 regions, old: 0 regions, predicted pause time: 20.01 ms, target pause time: 200.00 ms]
, 0.0096507 secs]
   [Parallel Time: 8.8 ms, GC Workers: 2]
      [GC Worker Start (ms): Min: 63376.3, Avg: 63376.3, Max: 63376.3, Diff: 0.0]
      [Ext Root Scanning (ms): Min: 0.3, Avg: 0.4, Max: 0.4, Diff: 0.1, Sum: 0.8]
      [Update RS (ms): Min: 0.0, Avg: 0.1, Max: 0.1, Diff: 0.0, Sum: 0.1]
         [Processed Buffers: Min: 2, Avg: 2.0, Max: 2, Diff: 0, Sum: 4]
      [Scan RS (ms): Min: 0.2, Avg: 0.2, Max: 0.2, Diff: 0.0, Sum: 0.5]
      [Code Root Scanning (ms): Min: 0.1, Avg: 0.1, Max: 0.1, Diff: 0.0, Sum: 0.2]
      [Object Copy (ms): Min: 8.0, Avg: 8.0, Max: 8.0, Diff: 0.0, Sum: 16.0]
      [Termination (ms): Min: 0.0, Avg: 0.0, Max: 0.0, Diff: 0.0, Sum: 0.0]
      [GC Worker Other (ms): Min: 0.0, Avg: 0.0, Max: 0.0, Diff: 0.0, Sum: 0.1]
      [GC Worker Total (ms): Min: 8.8, Avg: 8.8, Max: 8.8, Diff: 0.0, Sum: 17.6]
      [GC Worker End (ms): Min: 63385.1, Avg: 63385.1, Max: 63385.1, Diff: 0.0]
   [Code Root Fixup: 0.0 ms]
   [Code Root Migration: 0.0 ms]
   [Clear CT: 0.3 ms]
   [Other: 0.4 ms]
      [Choose CSet: 0.1 ms]
      [Ref Proc: 0.1 ms]
      [Ref Enq: 0.0 ms]
      [Free CSet: 0.2 ms]
   [Eden: 146.0M(146.0M)->0.0B(135.0M) Survivors: 4096.0K->14.0M Heap: 215.7M(256.0M)->79.5M(256.0M)]
 [Times: user=0.02 sys=0.00, real=0.01 secs] 
2014-07-10T11:37:12.696+0200: 63.477: [GC pause (G1 Evacuation Pause) (young) 63.477: [G1Ergonomics (CSet Construction) start choosing CSet, _pending_cards: 512, predicted base time: 1.23 ms, remaining time: 198.77 ms, target pause time: 200.00 ms]
 63.477: [G1Ergonomics (CSet Construction) add young regions to CSet, eden: 135 regions, survivors: 14 regions, predicted young region time: 92.89 ms]
 63.477: [G1Ergonomics (CSet Construction) finish choosing CSet, eden: 135 regions, survivors: 14 regions, old: 0 regions, predicted pause time: 94.12 ms, target pause time: 200.00 ms]
, 0.0114226 secs]
   [Parallel Time: 10.8 ms, GC Workers: 2]
      [GC Worker Start (ms): Min: 63477.2, Avg: 63477.3, Max: 63477.3, Diff: 0.0]
      [Ext Root Scanning (ms): Min: 0.3, Avg: 0.3, Max: 0.3, Diff: 0.0, Sum: 0.7]
      [Update RS (ms): Min: 0.0, Avg: 0.1, Max: 0.1, Diff: 0.0, Sum: 0.1]
         [Processed Buffers: Min: 1, Avg: 1.5, Max: 2, Diff: 1, Sum: 3]
      [Scan RS (ms): Min: 0.2, Avg: 0.2, Max: 0.2, Diff: 0.0, Sum: 0.5]
      [Code Root Scanning (ms): Min: 0.1, Avg: 0.1, Max: 0.1, Diff: 0.0, Sum: 0.2]
      [Object Copy (ms): Min: 10.0, Avg: 10.0, Max: 10.0, Diff: 0.0, Sum: 19.9]
      [Termination (ms): Min: 0.0, Avg: 0.0, Max: 0.0, Diff: 0.0, Sum: 0.0]
      [GC Worker Other (ms): Min: 0.0, Avg: 0.0, Max: 0.0, Diff: 0.0, Sum: 0.1]
      [GC Worker Total (ms): Min: 10.7, Avg: 10.7, Max: 10.7, Diff: 0.0, Sum: 21.4]
      [GC Worker End (ms): Min: 63488.0, Avg: 63488.0, Max: 63488.0, Diff: 0.0]
   [Code Root Fixup: 0.0 ms]
   [Code Root Migration: 0.1 ms]
   [Clear CT: 0.1 ms]
   [Other: 0.5 ms]
      [Choose CSet: 0.0 ms]
      [Ref Proc: 0.1 ms]
      [Ref Enq: 0.0 ms]
      [Free CSet: 0.2 ms]
   [Eden: 135.0M(135.0M)->0.0B(131.0M) Survivors: 14.0M->16.0M Heap: 214.5M(256.0M)->82.4M(256.0M)]
 [Times: user=0.03 sys=0.00, real=0.01 secs] 
2014-07-10T11:37:12.827+0200: 63.608: [GC pause (G1 Evacuation Pause) (young) 63.608: [G1Ergonomics (CSet Construction) start choosing CSet, _pending_cards: 512, predicted base time: 1.16 ms, remaining time: 198.84 ms, target pause time: 200.00 ms]
 63.608: [G1Ergonomics (CSet Construction) add young regions to CSet, eden: 131 regions, survivors: 16 regions, predicted young region time: 88.26 ms]
 63.608: [G1Ergonomics (CSet Construction) finish choosing CSet, eden: 131 regions, survivors: 16 regions, old: 0 regions, predicted pause time: 89.42 ms, target pause time: 200.00 ms]
, 0.0104595 secs]
   [Parallel Time: 9.9 ms, GC Workers: 2]
      [GC Worker Start (ms): Min: 63607.8, Avg: 63607.8, Max: 63607.8, Diff: 0.0]
      [Ext Root Scanning (ms): Min: 0.3, Avg: 0.3, Max: 0.3, Diff: 0.0, Sum: 0.7]
      [Update RS (ms): Min: 0.0, Avg: 0.1, Max: 0.1, Diff: 0.0, Sum: 0.1]
         [Processed Buffers: Min: 1, Avg: 1.5, Max: 2, Diff: 1, Sum: 3]
      [Scan RS (ms): Min: 0.2, Avg: 0.2, Max: 0.3, Diff: 0.0, Sum: 0.5]
      [Code Root Scanning (ms): Min: 0.1, Avg: 0.1, Max: 0.1, Diff: 0.0, Sum: 0.2]
      [Object Copy (ms): Min: 9.1, Avg: 9.1, Max: 9.1, Diff: 0.0, Sum: 18.3]
      [Termination (ms): Min: 0.0, Avg: 0.0, Max: 0.0, Diff: 0.0, Sum: 0.0]
      [GC Worker Other (ms): Min: 0.0, Avg: 0.0, Max: 0.0, Diff: 0.0, Sum: 0.1]
      [GC Worker Total (ms): Min: 9.9, Avg: 9.9, Max: 9.9, Diff: 0.0, Sum: 19.8]
      [GC Worker End (ms): Min: 63617.7, Avg: 63617.7, Max: 63617.7, Diff: 0.0]
   [Code Root Fixup: 0.0 ms]
   [Code Root Migration: 0.0 ms]
   [Clear CT: 0.1 ms]
   [Other: 0.4 ms]
      [Choose CSet: 0.0 ms]
      [Ref Proc: 0.1 ms]
      [Ref Enq: 0.0 ms]
      [Free CSet: 0.2 ms]
   [Eden: 131.0M(131.0M)->0.0B(133.0M) Survivors: 16.0M->15.0M Heap: 213.4M(256.0M)->81.3M(256.0M)]
 [Times: user=0.00 sys=0.00, real=0.01 secs] 
2014-07-10T11:37:12.995+0200: 63.775: [GC pause (G1 Evacuation Pause) (young) 63.775: [G1Ergonomics (CSet Construction) start choosing CSet, _pending_cards: 257, predicted base time: 1.05 ms, remaining time: 198.95 ms, target pause time: 200.00 ms]
 63.775: [G1Ergonomics (CSet Construction) add young regions to CSet, eden: 133 regions, survivors: 15 regions, predicted young region time: 63.33 ms]
 63.775: [G1Ergonomics (CSet Construction) finish choosing CSet, eden: 133 regions, survivors: 15 regions, old: 0 regions, predicted pause time: 64.38 ms, target pause time: 200.00 ms]
, 0.0079316 secs]
   [Parallel Time: 7.1 ms, GC Workers: 2]
      [GC Worker Start (ms): Min: 63775.6, Avg: 63775.6, Max: 63775.6, Diff: 0.0]
      [Ext Root Scanning (ms): Min: 0.6, Avg: 0.6, Max: 0.6, Diff: 0.0, Sum: 1.2]
      [Update RS (ms): Min: 0.0, Avg: 0.1, Max: 0.1, Diff: 0.1, Sum: 0.1]
         [Processed Buffers: Min: 0, Avg: 1.5, Max: 3, Diff: 3, Sum: 3]
      [Scan RS (ms): Min: 0.4, Avg: 0.5, Max: 0.6, Diff: 0.1, Sum: 1.0]
      [Code Root Scanning (ms): Min: 0.1, Avg: 0.2, Max: 0.2, Diff: 0.0, Sum: 0.3]
      [Object Copy (ms): Min: 5.5, Avg: 5.5, Max: 5.5, Diff: 0.0, Sum: 11.1]
      [Termination (ms): Min: 0.0, Avg: 0.0, Max: 0.0, Diff: 0.0, Sum: 0.0]
      [GC Worker Other (ms): Min: 0.1, Avg: 0.2, Max: 0.3, Diff: 0.2, Sum: 0.3]
      [GC Worker Total (ms): Min: 7.0, Avg: 7.0, Max: 7.0, Diff: 0.0, Sum: 14.1]
      [GC Worker End (ms): Min: 63782.6, Avg: 63782.6, Max: 63782.6, Diff: 0.0]
   [Code Root Fixup: 0.0 ms]
   [Code Root Migration: 0.1 ms]
   [Clear CT: 0.1 ms]
   [Other: 0.6 ms]
      [Choose CSet: 0.1 ms]
      [Ref Proc: 0.1 ms]
      [Ref Enq: 0.0 ms]
      [Free CSet: 0.3 ms]
   [Eden: 133.0M(133.0M)->0.0B(141.0M) Survivors: 15.0M->8192.0K Heap: 214.3M(256.0M)->74.1M(256.0M)]
 [Times: user=0.00 sys=0.00, real=0.01 secs] 
2014-07-10T11:37:13.096+0200: 63.877: [GC pause (G1 Evacuation Pause) (young) 63.877: [G1Ergonomics (CSet Construction) start choosing CSet, _pending_cards: 256, predicted base time: 1.21 ms, remaining time: 198.79 ms, target pause time: 200.00 ms]
 63.877: [G1Ergonomics (CSet Construction) add young regions to CSet, eden: 141 regions, survivors: 8 regions, predicted young region time: 96.32 ms]
 63.877: [G1Ergonomics (CSet Construction) finish choosing CSet, eden: 141 regions, survivors: 8 regions, old: 0 regions, predicted pause time: 97.53 ms, target pause time: 200.00 ms]
, 0.0118651 secs]
   [Parallel Time: 10.8 ms, GC Workers: 2]
      [GC Worker Start (ms): Min: 63877.3, Avg: 63877.3, Max: 63877.3, Diff: 0.0]
      [Ext Root Scanning (ms): Min: 0.3, Avg: 0.3, Max: 0.3, Diff: 0.0, Sum: 0.6]
      [Update RS (ms): Min: 0.0, Avg: 0.0, Max: 0.0, Diff: 0.0, Sum: 0.1]
         [Processed Buffers: Min: 1, Avg: 1.0, Max: 1, Diff: 0, Sum: 2]
      [Scan RS (ms): Min: 0.2, Avg: 0.2, Max: 0.2, Diff: 0.0, Sum: 0.4]
      [Code Root Scanning (ms): Min: 0.1, Avg: 0.1, Max: 0.1, Diff: 0.0, Sum: 0.2]
      [Object Copy (ms): Min: 10.1, Avg: 10.1, Max: 10.1, Diff: 0.0, Sum: 20.2]
      [Termination (ms): Min: 0.0, Avg: 0.0, Max: 0.0, Diff: 0.0, Sum: 0.0]
      [GC Worker Other (ms): Min: 0.0, Avg: 0.0, Max: 0.0, Diff: 0.0, Sum: 0.1]
      [GC Worker Total (ms): Min: 10.8, Avg: 10.8, Max: 10.8, Diff: 0.0, Sum: 21.6]
      [GC Worker End (ms): Min: 63888.1, Avg: 63888.1, Max: 63888.1, Diff: 0.0]
   [Code Root Fixup: 0.0 ms]
   [Code Root Migration: 0.1 ms]
   [Clear CT: 0.2 ms]
   [Other: 0.8 ms]
      [Choose CSet: 0.0 ms]
      [Ref Proc: 0.4 ms]
      [Ref Enq: 0.0 ms]
      [Free CSet: 0.2 ms]
   [Eden: 141.0M(141.0M)->0.0B(129.0M) Survivors: 8192.0K->17.0M Heap: 215.1M(256.0M)->83.1M(256.0M)]
 [Times: user=0.03 sys=0.00, real=0.01 secs] 
2014-07-10T11:37:13.240+0200: 64.020: [GC pause (G1 Evacuation Pause) (young) 64.021: [G1Ergonomics (CSet Construction) start choosing CSet, _pending_cards: 256, predicted base time: 1.24 ms, remaining time: 198.76 ms, target pause time: 200.00 ms]
 64.021: [G1Ergonomics (CSet Construction) add young regions to CSet, eden: 129 regions, survivors: 17 regions, predicted young region time: 62.51 ms]
 64.021: [G1Ergonomics (CSet Construction) finish choosing CSet, eden: 129 regions, survivors: 17 regions, old: 0 regions, predicted pause time: 63.75 ms, target pause time: 200.00 ms]
, 0.0100133 secs]
   [Parallel Time: 9.4 ms, GC Workers: 2]
      [GC Worker Start (ms): Min: 64020.6, Avg: 64020.6, Max: 64020.6, Diff: 0.0]
      [Ext Root Scanning (ms): Min: 0.3, Avg: 0.3, Max: 0.3, Diff: 0.0, Sum: 0.5]
      [Update RS (ms): Min: 0.0, Avg: 0.0, Max: 0.0, Diff: 0.0, Sum: 0.1]
         [Processed Buffers: Min: 1, Avg: 1.0, Max: 1, Diff: 0, Sum: 2]
      [Scan RS (ms): Min: 0.2, Avg: 0.2, Max: 0.2, Diff: 0.0, Sum: 0.4]
      [Code Root Scanning (ms): Min: 0.1, Avg: 0.1, Max: 0.1, Diff: 0.0, Sum: 0.2]
      [Object Copy (ms): Min: 8.7, Avg: 8.7, Max: 8.7, Diff: 0.0, Sum: 17.4]
      [Termination (ms): Min: 0.0, Avg: 0.0, Max: 0.0, Diff: 0.0, Sum: 0.0]
      [GC Worker Other (ms): Min: 0.0, Avg: 0.0, Max: 0.0, Diff: 0.0, Sum: 0.1]
      [GC Worker Total (ms): Min: 9.3, Avg: 9.3, Max: 9.3, Diff: 0.0, Sum: 18.7]
      [GC Worker End (ms): Min: 64029.9, Avg: 64029.9, Max: 64029.9, Diff: 0.0]
   [Code Root Fixup: 0.0 ms]
   [Code Root Migration: 0.0 ms]
   [Clear CT: 0.1 ms]
   [Other: 0.5 ms]
      [Choose CSet: 0.0 ms]
      [Ref Proc: 0.1 ms]
      [Ref Enq: 0.0 ms]
      [Free CSet: 0.3 ms]
   [Eden: 129.0M(129.0M)->0.0B(134.0M) Survivors: 17.0M->14.0M Heap: 212.1M(256.0M)->79.9M(256.0M)]
 [Times: user=0.03 sys=0.00, real=0.01 secs] 
2014-07-10T11:37:13.402+0200: 64.183: [GC pause (G1 Evacuation Pause) (young) 64.183: [G1Ergonomics (CSet Construction) start choosing CSet, _pending_cards: 256, predicted base time: 1.14 ms, remaining time: 198.86 ms, target pause time: 200.00 ms]
 64.183: [G1Ergonomics (CSet Construction) add young regions to CSet, eden: 134 regions, survivors: 14 regions, predicted young region time: 88.48 ms]
 64.183: [G1Ergonomics (CSet Construction) finish choosing CSet, eden: 134 regions, survivors: 14 regions, old: 0 regions, predicted pause time: 89.62 ms, target pause time: 200.00 ms]
, 0.0170177 secs]
   [Parallel Time: 16.2 ms, GC Workers: 2]
      [GC Worker Start (ms): Min: 64183.2, Avg: 64183.2, Max: 64183.2, Diff: 0.0]
      [Ext Root Scanning (ms): Min: 0.5, Avg: 0.6, Max: 0.6, Diff: 0.0, Sum: 1.1]
      [Update RS (ms): Min: 0.0, Avg: 0.1, Max: 0.1, Diff: 0.1, Sum: 0.1]
         [Processed Buffers: Min: 1, Avg: 1.0, Max: 1, Diff: 0, Sum: 2]
      [Scan RS (ms): Min: 0.4, Avg: 0.4, Max: 0.5, Diff: 0.1, Sum: 0.8]
      [Code Root Scanning (ms): Min: 0.2, Avg: 0.2, Max: 0.2, Diff: 0.0, Sum: 0.3]
      [Object Copy (ms): Min: 14.8, Avg: 14.8, Max: 14.9, Diff: 0.0, Sum: 29.7]
      [Termination (ms): Min: 0.0, Avg: 0.0, Max: 0.0, Diff: 0.0, Sum: 0.0]
      [GC Worker Other (ms): Min: 0.0, Avg: 0.0, Max: 0.1, Diff: 0.0, Sum: 0.1]
      [GC Worker Total (ms): Min: 16.1, Avg: 16.1, Max: 16.1, Diff: 0.0, Sum: 32.2]
      [GC Worker End (ms): Min: 64199.4, Avg: 64199.4, Max: 64199.4, Diff: 0.0]
   [Code Root Fixup: 0.0 ms]
   [Code Root Migration: 0.1 ms]
   [Clear CT: 0.1 ms]
   [Other: 0.7 ms]
      [Choose CSet: 0.1 ms]
      [Ref Proc: 0.2 ms]
      [Ref Enq: 0.0 ms]
      [Free CSet: 0.2 ms]
   [Eden: 134.0M(134.0M)->0.0B(131.0M) Survivors: 14.0M->16.0M Heap: 213.9M(256.0M)->81.8M(256.0M)]
 [Times: user=0.03 sys=0.00, real=0.02 secs] 
2014-07-10T11:37:13.490+0200: 64.271: [GC pause (G1 Evacuation Pause) (young) 64.271: [G1Ergonomics (CSet Construction) start choosing CSet, _pending_cards: 259, predicted base time: 1.24 ms, remaining time: 198.76 ms, target pause time: 200.00 ms]
 64.271: [G1Ergonomics (CSet Construction) add young regions to CSet, eden: 131 regions, survivors: 16 regions, predicted young region time: 12.50 ms]
 64.271: [G1Ergonomics (CSet Construction) finish choosing CSet, eden: 131 regions, survivors: 16 regions, old: 0 regions, predicted pause time: 13.74 ms, target pause time: 200.00 ms]
, 0.0016271 secs]
   [Parallel Time: 1.2 ms, GC Workers: 2]
      [GC Worker Start (ms): Min: 64271.0, Avg: 64271.0, Max: 64271.0, Diff: 0.0]
      [Ext Root Scanning (ms): Min: 0.3, Avg: 0.3, Max: 0.3, Diff: 0.0, Sum: 0.7]
      [Update RS (ms): Min: 0.0, Avg: 0.0, Max: 0.1, Diff: 0.0, Sum: 0.1]
         [Processed Buffers: Min: 1, Avg: 1.5, Max: 2, Diff: 1, Sum: 3]
      [Scan RS (ms): Min: 0.2, Avg: 0.2, Max: 0.2, Diff: 0.0, Sum: 0.4]
      [Code Root Scanning (ms): Min: 0.1, Avg: 0.1, Max: 0.1, Diff: 0.0, Sum: 0.2]
      [Object Copy (ms): Min: 0.4, Avg: 0.4, Max: 0.4, Diff: 0.0, Sum: 0.9]
      [Termination (ms): Min: 0.0, Avg: 0.0, Max: 0.0, Diff: 0.0, Sum: 0.0]
      [GC Worker Other (ms): Min: 0.0, Avg: 0.0, Max: 0.0, Diff: 0.0, Sum: 0.0]
      [GC Worker Total (ms): Min: 1.1, Avg: 1.2, Max: 1.2, Diff: 0.0, Sum: 2.3]
      [GC Worker End (ms): Min: 64272.2, Avg: 64272.2, Max: 64272.2, Diff: 0.0]
   [Code Root Fixup: 0.0 ms]
   [Code Root Migration: 0.0 ms]
   [Clear CT: 0.1 ms]
   [Other: 0.3 ms]
      [Choose CSet: 0.0 ms]
      [Ref Proc: 0.1 ms]
      [Ref Enq: 0.0 ms]
      [Free CSet: 0.2 ms]
   [Eden: 131.0M(131.0M)->0.0B(149.0M) Survivors: 16.0M->1024.0K Heap: 212.8M(256.0M)->67.6M(256.0M)]
 [Times: user=0.00 sys=0.00, real=0.00 secs] 
2014-07-10T11:37:13.650+0200: 64.431: [GC pause (G1 Evacuation Pause) (young) 64.431: [G1Ergonomics (CSet Construction) start choosing CSet, _pending_cards: 512, predicted base time: 1.19 ms, remaining time: 198.81 ms, target pause time: 200.00 ms]
 64.431: [G1Ergonomics (CSet Construction) add young regions to CSet, eden: 149 regions, survivors: 1 regions, predicted young region time: 106.02 ms]
 64.431: [G1Ergonomics (CSet Construction) finish choosing CSet, eden: 149 regions, survivors: 1 regions, old: 0 regions, predicted pause time: 107.20 ms, target pause time: 200.00 ms]
, 0.0132040 secs]
   [Parallel Time: 12.2 ms, GC Workers: 2]
      [GC Worker Start (ms): Min: 64430.9, Avg: 64430.9, Max: 64430.9, Diff: 0.0]
      [Ext Root Scanning (ms): Min: 0.5, Avg: 0.5, Max: 0.5, Diff: 0.0, Sum: 0.9]
      [Update RS (ms): Min: 0.0, Avg: 0.1, Max: 0.1, Diff: 0.0, Sum: 0.1]
         [Processed Buffers: Min: 1, Avg: 1.5, Max: 2, Diff: 1, Sum: 3]
      [Scan RS (ms): Min: 0.2, Avg: 0.3, Max: 0.3, Diff: 0.0, Sum: 0.5]
      [Code Root Scanning (ms): Min: 0.1, Avg: 0.1, Max: 0.1, Diff: 0.0, Sum: 0.2]
      [Object Copy (ms): Min: 11.2, Avg: 11.2, Max: 11.2, Diff: 0.0, Sum: 22.5]
      [Termination (ms): Min: 0.0, Avg: 0.0, Max: 0.0, Diff: 0.0, Sum: 0.0]
      [GC Worker Other (ms): Min: 0.0, Avg: 0.0, Max: 0.0, Diff: 0.0, Sum: 0.1]
      [GC Worker Total (ms): Min: 12.1, Avg: 12.1, Max: 12.2, Diff: 0.0, Sum: 24.3]
      [GC Worker End (ms): Min: 64443.0, Avg: 64443.0, Max: 64443.0, Diff: 0.0]
   [Code Root Fixup: 0.0 ms]
   [Code Root Migration: 0.0 ms]
   [Clear CT: 0.1 ms]
   [Other: 0.8 ms]
      [Choose CSet: 0.0 ms]
      [Ref Proc: 0.4 ms]
      [Ref Enq: 0.0 ms]
      [Free CSet: 0.2 ms]
   [Eden: 149.0M(149.0M)->0.0B(127.0M) Survivors: 1024.0K->18.0M Heap: 216.6M(256.0M)->84.5M(256.0M)]
 [Times: user=0.00 sys=0.00, real=0.01 secs] 
2014-07-10T11:37:13.795+0200: 64.576: [GC pause (G1 Evacuation Pause) (young) 64.576: [G1Ergonomics (CSet Construction) start choosing CSet, _pending_cards: 512, predicted base time: 1.30 ms, remaining time: 198.70 ms, target pause time: 200.00 ms]
 64.576: [G1Ergonomics (CSet Construction) add young regions to CSet, eden: 127 regions, survivors: 18 regions, predicted young region time: 19.40 ms]
 64.576: [G1Ergonomics (CSet Construction) finish choosing CSet, eden: 127 regions, survivors: 18 regions, old: 0 regions, predicted pause time: 20.70 ms, target pause time: 200.00 ms]
, 0.0094512 secs]
   [Parallel Time: 8.8 ms, GC Workers: 2]
      [GC Worker Start (ms): Min: 64576.1, Avg: 64576.1, Max: 64576.1, Diff: 0.0]
      [Ext Root Scanning (ms): Min: 0.3, Avg: 0.3, Max: 0.3, Diff: 0.0, Sum: 0.7]
      [Update RS (ms): Min: 0.0, Avg: 0.1, Max: 0.1, Diff: 0.0, Sum: 0.1]
         [Processed Buffers: Min: 1, Avg: 1.5, Max: 2, Diff: 1, Sum: 3]
      [Scan RS (ms): Min: 0.2, Avg: 0.2, Max: 0.2, Diff: 0.0, Sum: 0.5]
      [Code Root Scanning (ms): Min: 0.1, Avg: 0.1, Max: 0.1, Diff: 0.0, Sum: 0.2]
      [Object Copy (ms): Min: 8.0, Avg: 8.0, Max: 8.0, Diff: 0.0, Sum: 16.0]
      [Termination (ms): Min: 0.0, Avg: 0.0, Max: 0.0, Diff: 0.0, Sum: 0.0]
      [GC Worker Other (ms): Min: 0.0, Avg: 0.0, Max: 0.0, Diff: 0.0, Sum: 0.1]
      [GC Worker Total (ms): Min: 8.8, Avg: 8.8, Max: 8.8, Diff: 0.0, Sum: 17.5]
      [GC Worker End (ms): Min: 64584.8, Avg: 64584.8, Max: 64584.8, Diff: 0.0]
   [Code Root Fixup: 0.0 ms]
   [Code Root Migration: 0.0 ms]
   [Clear CT: 0.1 ms]
   [Other: 0.5 ms]
      [Choose CSet: 0.1 ms]
      [Ref Proc: 0.0 ms]
      [Ref Enq: 0.0 ms]
      [Free CSet: 0.2 ms]
   [Eden: 127.0M(127.0M)->0.0B(135.0M) Survivors: 18.0M->13.0M Heap: 211.5M(256.0M)->79.4M(256.0M)]
 [Times: user=0.00 sys=0.00, real=0.01 secs] 
2014-07-10T11:37:13.897+0200: 64.677: [GC pause (G1 Evacuation Pause) (young) 64.677: [G1Ergonomics (CSet Construction) start choosing CSet, _pending_cards: 512, predicted base time: 1.20 ms, remaining time: 198.80 ms, target pause time: 200.00 ms]
 64.677: [G1Ergonomics (CSet Construction) add young regions to CSet, eden: 135 regions, survivors: 13 regions, predicted young region time: 91.92 ms]
 64.677: [G1Ergonomics (CSet Construction) finish choosing CSet, eden: 135 regions, survivors: 13 regions, old: 0 regions, predicted pause time: 93.12 ms, target pause time: 200.00 ms]
, 0.0114655 secs]
   [Parallel Time: 10.6 ms, GC Workers: 2]
      [GC Worker Start (ms): Min: 64677.5, Avg: 64677.5, Max: 64677.5, Diff: 0.0]
      [Ext Root Scanning (ms): Min: 0.4, Avg: 0.4, Max: 0.4, Diff: 0.0, Sum: 0.8]
      [Update RS (ms): Min: 0.0, Avg: 0.1, Max: 0.1, Diff: 0.0, Sum: 0.1]
         [Processed Buffers: Min: 1, Avg: 1.5, Max: 2, Diff: 1, Sum: 3]
      [Scan RS (ms): Min: 0.2, Avg: 0.2, Max: 0.2, Diff: 0.0, Sum: 0.4]
      [Code Root Scanning (ms): Min: 0.1, Avg: 0.1, Max: 0.1, Diff: 0.0, Sum: 0.2]
      [Object Copy (ms): Min: 9.7, Avg: 9.7, Max: 9.8, Diff: 0.0, Sum: 19.5]
      [Termination (ms): Min: 0.0, Avg: 0.0, Max: 0.0, Diff: 0.0, Sum: 0.0]
      [GC Worker Other (ms): Min: 0.0, Avg: 0.0, Max: 0.0, Diff: 0.0, Sum: 0.1]
      [GC Worker Total (ms): Min: 10.5, Avg: 10.5, Max: 10.6, Diff: 0.0, Sum: 21.1]
      [GC Worker End (ms): Min: 64688.0, Avg: 64688.0, Max: 64688.0, Diff: 0.0]
   [Code Root Fixup: 0.0 ms]
   [Code Root Migration: 0.0 ms]
   [Clear CT: 0.1 ms]
   [Other: 0.7 ms]
      [Choose CSet: 0.0 ms]
      [Ref Proc: 0.2 ms]
      [Ref Enq: 0.0 ms]
      [Free CSet: 0.4 ms]
   [Eden: 135.0M(135.0M)->0.0B(131.0M) Survivors: 13.0M->16.0M Heap: 214.4M(256.0M)->82.3M(256.0M)]
 [Times: user=0.03 sys=0.00, real=0.01 secs] 
2014-07-10T11:37:14.037+0200: 64.818: [GC pause (G1 Evacuation Pause) (young) 64.818: [G1Ergonomics (CSet Construction) start choosing CSet, _pending_cards: 258, predicted base time: 1.13 ms, remaining time: 198.87 ms, target pause time: 200.00 ms]
 64.818: [G1Ergonomics (CSet Construction) add young regions to CSet, eden: 131 regions, survivors: 16 regions, predicted young region time: 87.57 ms]
 64.818: [G1Ergonomics (CSet Construction) finish choosing CSet, eden: 131 regions, survivors: 16 regions, old: 0 regions, predicted pause time: 88.71 ms, target pause time: 200.00 ms]
, 0.0025187 secs]
   [Parallel Time: 1.8 ms, GC Workers: 2]
      [GC Worker Start (ms): Min: 64818.4, Avg: 64818.4, Max: 64818.4, Diff: 0.0]
      [Ext Root Scanning (ms): Min: 0.3, Avg: 0.3, Max: 0.3, Diff: 0.0, Sum: 0.6]
      [Update RS (ms): Min: 0.0, Avg: 0.0, Max: 0.1, Diff: 0.0, Sum: 0.1]
         [Processed Buffers: Min: 1, Avg: 1.5, Max: 2, Diff: 1, Sum: 3]
      [Scan RS (ms): Min: 0.2, Avg: 0.2, Max: 0.2, Diff: 0.0, Sum: 0.5]
      [Code Root Scanning (ms): Min: 0.1, Avg: 0.1, Max: 0.1, Diff: 0.0, Sum: 0.2]
      [Object Copy (ms): Min: 1.0, Avg: 1.0, Max: 1.1, Diff: 0.0, Sum: 2.1]
      [Termination (ms): Min: 0.0, Avg: 0.0, Max: 0.0, Diff: 0.0, Sum: 0.0]
      [GC Worker Other (ms): Min: 0.0, Avg: 0.0, Max: 0.0, Diff: 0.0, Sum: 0.0]
      [GC Worker Total (ms): Min: 1.7, Avg: 1.7, Max: 1.8, Diff: 0.0, Sum: 3.5]
      [GC Worker End (ms): Min: 64820.1, Avg: 64820.1, Max: 64820.1, Diff: 0.0]
   [Code Root Fixup: 0.0 ms]
   [Code Root Migration: 0.0 ms]
   [Clear CT: 0.2 ms]
   [Other: 0.5 ms]
      [Choose CSet: 0.0 ms]
      [Ref Proc: 0.1 ms]
      [Ref Enq: 0.0 ms]
      [Free CSet: 0.3 ms]
   [Eden: 131.0M(131.0M)->0.0B(147.0M) Survivors: 16.0M->3072.0K Heap: 213.3M(256.0M)->69.0M(256.0M)]
 [Times: user=0.03 sys=0.00, real=0.00 secs] 
2014-07-10T11:37:14.203+0200: 64.984: [GC pause (G1 Evacuation Pause) (young) 64.984: [G1Ergonomics (CSet Construction) start choosing CSet, _pending_cards: 512, predicted base time: 1.12 ms, remaining time: 198.88 ms, target pause time: 200.00 ms]
 64.984: [G1Ergonomics (CSet Construction) add young regions to CSet, eden: 147 regions, survivors: 3 regions, predicted young region time: 59.46 ms]
 64.984: [G1Ergonomics (CSet Construction) finish choosing CSet, eden: 147 regions, survivors: 3 regions, old: 0 regions, predicted pause time: 60.58 ms, target pause time: 200.00 ms]
, 0.0205596 secs]
   [Parallel Time: 19.2 ms, GC Workers: 2]
      [GC Worker Start (ms): Min: 64984.1, Avg: 64984.1, Max: 64984.1, Diff: 0.0]
      [Ext Root Scanning (ms): Min: 0.6, Avg: 0.6, Max: 0.6, Diff: 0.0, Sum: 1.2]
      [Update RS (ms): Min: 0.1, Avg: 0.1, Max: 0.1, Diff: 0.1, Sum: 0.2]
         [Processed Buffers: Min: 1, Avg: 1.5, Max: 2, Diff: 1, Sum: 3]
      [Scan RS (ms): Min: 0.4, Avg: 0.4, Max: 0.5, Diff: 0.0, Sum: 0.9]
      [Code Root Scanning (ms): Min: 0.1, Avg: 0.1, Max: 0.2, Diff: 0.0, Sum: 0.3]
      [Object Copy (ms): Min: 17.8, Avg: 17.8, Max: 17.8, Diff: 0.0, Sum: 35.6]
      [Termination (ms): Min: 0.0, Avg: 0.0, Max: 0.0, Diff: 0.0, Sum: 0.0]
      [GC Worker Other (ms): Min: 0.0, Avg: 0.0, Max: 0.1, Diff: 0.0, Sum: 0.1]
      [GC Worker Total (ms): Min: 19.1, Avg: 19.1, Max: 19.1, Diff: 0.0, Sum: 38.3]
      [GC Worker End (ms): Min: 65003.2, Avg: 65003.2, Max: 65003.2, Diff: 0.0]
   [Code Root Fixup: 0.0 ms]
   [Code Root Migration: 0.1 ms]
   [Clear CT: 0.2 ms]
   [Other: 1.1 ms]
      [Choose CSet: 0.1 ms]
      [Ref Proc: 0.2 ms]
      [Ref Enq: 0.0 ms]
      [Free CSet: 0.5 ms]
   [Eden: 147.0M(147.0M)->0.0B(127.0M) Survivors: 3072.0K->18.0M Heap: 216.0M(256.0M)->83.9M(256.0M)]
 [Times: user=0.03 sys=0.00, real=0.02 secs] 
2014-07-10T11:37:14.295+0200: 65.076: [GC pause (G1 Evacuation Pause) (young) 65.076: [G1Ergonomics (CSet Construction) start choosing CSet, _pending_cards: 512, predicted base time: 1.35 ms, remaining time: 198.65 ms, target pause time: 200.00 ms]
 65.076: [G1Ergonomics (CSet Construction) add young regions to CSet, eden: 127 regions, survivors: 18 regions, predicted young region time: 100.99 ms]
 65.076: [G1Ergonomics (CSet Construction) finish choosing CSet, eden: 127 regions, survivors: 18 regions, old: 0 regions, predicted pause time: 102.34 ms, target pause time: 200.00 ms]
, 0.0090073 secs]
   [Parallel Time: 8.4 ms, GC Workers: 2]
      [GC Worker Start (ms): Min: 65076.2, Avg: 65076.2, Max: 65076.2, Diff: 0.0]
      [Ext Root Scanning (ms): Min: 0.3, Avg: 0.3, Max: 0.3, Diff: 0.0, Sum: 0.7]
      [Update RS (ms): Min: 0.0, Avg: 0.0, Max: 0.1, Diff: 0.0, Sum: 0.1]
         [Processed Buffers: Min: 1, Avg: 1.5, Max: 2, Diff: 1, Sum: 3]
      [Scan RS (ms): Min: 0.2, Avg: 0.2, Max: 0.2, Diff: 0.0, Sum: 0.5]
      [Code Root Scanning (ms): Min: 0.1, Avg: 0.1, Max: 0.1, Diff: 0.0, Sum: 0.2]
      [Object Copy (ms): Min: 7.6, Avg: 7.6, Max: 7.6, Diff: 0.0, Sum: 15.3]
      [Termination (ms): Min: 0.0, Avg: 0.0, Max: 0.0, Diff: 0.0, Sum: 0.0]
      [GC Worker Other (ms): Min: 0.0, Avg: 0.0, Max: 0.0, Diff: 0.0, Sum: 0.1]
      [GC Worker Total (ms): Min: 8.4, Avg: 8.4, Max: 8.4, Diff: 0.0, Sum: 16.8]
      [GC Worker End (ms): Min: 65084.6, Avg: 65084.6, Max: 65084.6, Diff: 0.0]
   [Code Root Fixup: 0.0 ms]
   [Code Root Migration: 0.1 ms]
   [Clear CT: 0.1 ms]
   [Other: 0.4 ms]
      [Choose CSet: 0.0 ms]
      [Ref Proc: 0.1 ms]
      [Ref Enq: 0.0 ms]
      [Free CSet: 0.2 ms]
   [Eden: 127.0M(127.0M)->0.0B(135.0M) Survivors: 18.0M->13.0M Heap: 210.9M(256.0M)->78.8M(256.0M)]
 [Times: user=0.00 sys=0.00, real=0.01 secs] 
2014-07-10T11:37:14.452+0200: 65.233: [GC pause (G1 Evacuation Pause) (young) 65.233: [G1Ergonomics (CSet Construction) start choosing CSet, _pending_cards: 512, predicted base time: 1.24 ms, remaining time: 198.76 ms, target pause time: 200.00 ms]
 65.233: [G1Ergonomics (CSet Construction) add young regions to CSet, eden: 135 regions, survivors: 13 regions, predicted young region time: 72.44 ms]
 65.233: [G1Ergonomics (CSet Construction) finish choosing CSet, eden: 135 regions, survivors: 13 regions, old: 0 regions, predicted pause time: 73.68 ms, target pause time: 200.00 ms]
, 0.0128645 secs]
   [Parallel Time: 10.8 ms, GC Workers: 2]
      [GC Worker Start (ms): Min: 65232.9, Avg: 65232.9, Max: 65232.9, Diff: 0.0]
      [Ext Root Scanning (ms): Min: 0.4, Avg: 0.4, Max: 0.4, Diff: 0.0, Sum: 0.7]
      [Update RS (ms): Min: 0.0, Avg: 0.1, Max: 0.1, Diff: 0.0, Sum: 0.1]
         [Processed Buffers: Min: 1, Avg: 1.5, Max: 2, Diff: 1, Sum: 3]
      [Scan RS (ms): Min: 0.2, Avg: 0.3, Max: 0.3, Diff: 0.0, Sum: 0.5]
      [Code Root Scanning (ms): Min: 0.1, Avg: 0.1, Max: 0.1, Diff: 0.0, Sum: 0.2]
      [Object Copy (ms): Min: 9.9, Avg: 9.9, Max: 9.9, Diff: 0.0, Sum: 19.9]
      [Termination (ms): Min: 0.0, Avg: 0.0, Max: 0.0, Diff: 0.0, Sum: 0.0]
      [GC Worker Other (ms): Min: 0.0, Avg: 0.0, Max: 0.0, Diff: 0.0, Sum: 0.1]
      [GC Worker Total (ms): Min: 10.8, Avg: 10.8, Max: 10.8, Diff: 0.0, Sum: 21.5]
      [GC Worker End (ms): Min: 65243.7, Avg: 65243.7, Max: 65243.7, Diff: 0.0]
   [Code Root Fixup: 0.0 ms]
   [Code Root Migration: 0.1 ms]
   [Clear CT: 0.1 ms]
   [Other: 1.9 ms]
      [Choose CSet: 0.0 ms]
      [Ref Proc: 1.4 ms]
      [Ref Enq: 0.0 ms]
      [Free CSet: 0.3 ms]
   [Eden: 135.0M(135.0M)->0.0B(133.0M) Survivors: 13.0M->15.0M Heap: 213.8M(256.0M)->81.7M(256.0M)]
 [Times: user=0.03 sys=0.00, real=0.01 secs] 
2014-07-10T11:37:14.592+0200: 65.373: [GC pause (G1 Evacuation Pause) (young) 65.373: [G1Ergonomics (CSet Construction) start choosing CSet, _pending_cards: 258, predicted base time: 1.70 ms, remaining time: 198.30 ms, target pause time: 200.00 ms]
 65.373: [G1Ergonomics (CSet Construction) add young regions to CSet, eden: 133 regions, survivors: 15 regions, predicted young region time: 97.87 ms]
 65.373: [G1Ergonomics (CSet Construction) finish choosing CSet, eden: 133 regions, survivors: 15 regions, old: 0 regions, predicted pause time: 99.57 ms, target pause time: 200.00 ms]
, 0.0061094 secs]
   [Parallel Time: 4.5 ms, GC Workers: 2]
      [GC Worker Start (ms): Min: 65372.7, Avg: 65372.7, Max: 65372.7, Diff: 0.0]
      [Ext Root Scanning (ms): Min: 0.5, Avg: 0.5, Max: 0.5, Diff: 0.0, Sum: 0.9]
      [Update RS (ms): Min: 0.1, Avg: 0.1, Max: 0.1, Diff: 0.0, Sum: 0.1]
         [Processed Buffers: Min: 1, Avg: 1.5, Max: 2, Diff: 1, Sum: 3]
      [Scan RS (ms): Min: 0.4, Avg: 0.4, Max: 0.4, Diff: 0.0, Sum: 0.7]
      [Code Root Scanning (ms): Min: 0.1, Avg: 0.1, Max: 0.2, Diff: 0.0, Sum: 0.3]
      [Object Copy (ms): Min: 3.4, Avg: 3.4, Max: 3.4, Diff: 0.0, Sum: 6.7]
      [Termination (ms): Min: 0.0, Avg: 0.0, Max: 0.0, Diff: 0.0, Sum: 0.0]
      [GC Worker Other (ms): Min: 0.1, Avg: 0.1, Max: 0.1, Diff: 0.0, Sum: 0.1]
      [GC Worker Total (ms): Min: 4.5, Avg: 4.5, Max: 4.5, Diff: 0.0, Sum: 9.0]
      [GC Worker End (ms): Min: 65377.2, Avg: 65377.2, Max: 65377.2, Diff: 0.0]
   [Code Root Fixup: 0.0 ms]
   [Code Root Migration: 0.1 ms]
   [Clear CT: 0.3 ms]
   [Other: 1.2 ms]
      [Choose CSet: 0.1 ms]
      [Ref Proc: 0.1 ms]
      [Ref Enq: 0.0 ms]
      [Free CSet: 0.8 ms]
   [Eden: 133.0M(133.0M)->0.0B(146.0M) Survivors: 15.0M->4096.0K Heap: 214.7M(256.0M)->70.4M(256.0M)]
 [Times: user=0.00 sys=0.00, real=0.01 secs] 
2014-07-10T11:37:14.698+0200: 65.479: [GC pause (G1 Evacuation Pause) (young) 65.479: [G1Ergonomics (CSet Construction) start choosing CSet, _pending_cards: 512, predicted base time: 1.72 ms, remaining time: 198.28 ms, target pause time: 200.00 ms]
 65.479: [G1Ergonomics (CSet Construction) add young regions to CSet, eden: 146 regions, survivors: 4 regions, predicted young region time: 24.73 ms]
 65.479: [G1Ergonomics (CSet Construction) finish choosing CSet, eden: 146 regions, survivors: 4 regions, old: 0 regions, predicted pause time: 26.45 ms, target pause time: 200.00 ms]
, 0.0121118 secs]
   [Parallel Time: 11.3 ms, GC Workers: 2]
      [GC Worker Start (ms): Min: 65479.0, Avg: 65479.0, Max: 65479.0, Diff: 0.0]
      [Ext Root Scanning (ms): Min: 0.3, Avg: 0.3, Max: 0.3, Diff: 0.0, Sum: 0.6]
      [Update RS (ms): Min: 0.0, Avg: 0.0, Max: 0.0, Diff: 0.0, Sum: 0.1]
         [Processed Buffers: Min: 1, Avg: 1.5, Max: 2, Diff: 1, Sum: 3]
      [Scan RS (ms): Min: 0.2, Avg: 0.2, Max: 0.2, Diff: 0.0, Sum: 0.4]
      [Code Root Scanning (ms): Min: 0.1, Avg: 0.1, Max: 0.1, Diff: 0.0, Sum: 0.2]
      [Object Copy (ms): Min: 10.5, Avg: 10.6, Max: 10.6, Diff: 0.0, Sum: 21.1]
      [Termination (ms): Min: 0.0, Avg: 0.0, Max: 0.0, Diff: 0.0, Sum: 0.0]
      [GC Worker Other (ms): Min: 0.0, Avg: 0.0, Max: 0.0, Diff: 0.0, Sum: 0.1]
      [GC Worker Total (ms): Min: 11.3, Avg: 11.3, Max: 11.3, Diff: 0.0, Sum: 22.5]
      [GC Worker End (ms): Min: 65490.3, Avg: 65490.3, Max: 65490.3, Diff: 0.0]
   [Code Root Fixup: 0.0 ms]
   [Code Root Migration: 0.0 ms]
   [Clear CT: 0.1 ms]
   [Other: 0.6 ms]
      [Choose CSet: 0.0 ms]
      [Ref Proc: 0.1 ms]
      [Ref Enq: 0.0 ms]
      [Free CSet: 0.4 ms]
   [Eden: 146.0M(146.0M)->0.0B(127.0M) Survivors: 4096.0K->18.0M Heap: 216.4M(256.0M)->84.3M(256.0M)]
 [Times: user=0.00 sys=0.00, real=0.01 secs] 
2014-07-10T11:37:14.826+0200: 65.607: [GC pause (G1 Evacuation Pause) (young) 65.607: [G1Ergonomics (CSet Construction) start choosing CSet, _pending_cards: 512, predicted base time: 1.52 ms, remaining time: 198.48 ms, target pause time: 200.00 ms]
 65.607: [G1Ergonomics (CSet Construction) add young regions to CSet, eden: 127 regions, survivors: 18 regions, predicted young region time: 96.52 ms]
 65.607: [G1Ergonomics (CSet Construction) finish choosing CSet, eden: 127 regions, survivors: 18 regions, old: 0 regions, predicted pause time: 98.04 ms, target pause time: 200.00 ms]
, 0.0092107 secs]
   [Parallel Time: 8.6 ms, GC Workers: 2]
      [GC Worker Start (ms): Min: 65606.7, Avg: 65606.7, Max: 65606.7, Diff: 0.0]
      [Ext Root Scanning (ms): Min: 0.3, Avg: 0.3, Max: 0.3, Diff: 0.0, Sum: 0.7]
      [Update RS (ms): Min: 0.0, Avg: 0.0, Max: 0.1, Diff: 0.0, Sum: 0.1]
         [Processed Buffers: Min: 1, Avg: 1.5, Max: 2, Diff: 1, Sum: 3]
      [Scan RS (ms): Min: 0.2, Avg: 0.3, Max: 0.3, Diff: 0.0, Sum: 0.5]
      [Code Root Scanning (ms): Min: 0.1, Avg: 0.1, Max: 0.1, Diff: 0.0, Sum: 0.2]
      [Object Copy (ms): Min: 7.8, Avg: 7.8, Max: 7.8, Diff: 0.0, Sum: 15.6]
      [Termination (ms): Min: 0.0, Avg: 0.0, Max: 0.0, Diff: 0.0, Sum: 0.0]
      [GC Worker Other (ms): Min: 0.0, Avg: 0.0, Max: 0.0, Diff: 0.0, Sum: 0.1]
      [GC Worker Total (ms): Min: 8.6, Avg: 8.6, Max: 8.6, Diff: 0.0, Sum: 17.2]
      [GC Worker End (ms): Min: 65615.3, Avg: 65615.3, Max: 65615.3, Diff: 0.0]
   [Code Root Fixup: 0.0 ms]
   [Code Root Migration: 0.0 ms]
   [Clear CT: 0.1 ms]
   [Other: 0.4 ms]
      [Choose CSet: 0.0 ms]
      [Ref Proc: 0.1 ms]
      [Ref Enq: 0.0 ms]
      [Free CSet: 0.2 ms]
   [Eden: 127.0M(127.0M)->0.0B(135.0M) Survivors: 18.0M->13.0M Heap: 211.3M(256.0M)->79.2M(256.0M)]
 [Times: user=0.00 sys=0.00, real=0.01 secs] 
2014-07-10T11:37:14.994+0200: 65.775: [GC pause (G1 Evacuation Pause) (young) 65.775: [G1Ergonomics (CSet Construction) start choosing CSet, _pending_cards: 512, predicted base time: 1.37 ms, remaining time: 198.63 ms, target pause time: 200.00 ms]
 65.775: [G1Ergonomics (CSet Construction) add young regions to CSet, eden: 135 regions, survivors: 13 regions, predicted young region time: 16.35 ms]
 65.775: [G1Ergonomics (CSet Construction) finish choosing CSet, eden: 135 regions, survivors: 13 regions, old: 0 regions, predicted pause time: 17.73 ms, target pause time: 200.00 ms]
, 0.0101827 secs]
   [Parallel Time: 8.9 ms, GC Workers: 2]
      [GC Worker Start (ms): Min: 65775.3, Avg: 65775.3, Max: 65775.3, Diff: 0.0]
      [Ext Root Scanning (ms): Min: 0.6, Avg: 0.6, Max: 0.6, Diff: 0.0, Sum: 1.2]
      [Update RS (ms): Min: 0.1, Avg: 0.1, Max: 0.1, Diff: 0.0, Sum: 0.2]
         [Processed Buffers: Min: 1, Avg: 1.5, Max: 2, Diff: 1, Sum: 3]
      [Scan RS (ms): Min: 0.4, Avg: 0.4, Max: 0.4, Diff: 0.0, Sum: 0.8]
      [Code Root Scanning (ms): Min: 0.2, Avg: 0.2, Max: 0.2, Diff: 0.1, Sum: 0.4]
      [Object Copy (ms): Min: 7.5, Avg: 7.5, Max: 7.5, Diff: 0.0, Sum: 15.0]
      [Termination (ms): Min: 0.0, Avg: 0.0, Max: 0.0, Diff: 0.0, Sum: 0.0]
      [GC Worker Other (ms): Min: 0.0, Avg: 0.0, Max: 0.0, Diff: 0.0, Sum: 0.1]
      [GC Worker Total (ms): Min: 8.8, Avg: 8.8, Max: 8.8, Diff: 0.0, Sum: 17.7]
      [GC Worker End (ms): Min: 65784.1, Avg: 65784.1, Max: 65784.1, Diff: 0.0]
   [Code Root Fixup: 0.0 ms]
   [Code Root Migration: 0.1 ms]
   [Clear CT: 0.3 ms]
   [Other: 0.9 ms]
      [Choose CSet: 0.1 ms]
      [Ref Proc: 0.1 ms]
      [Ref Enq: 0.0 ms]
      [Free CSet: 0.5 ms]
   [Eden: 135.0M(135.0M)->0.0B(141.0M) Survivors: 13.0M->8192.0K Heap: 214.2M(256.0M)->74.1M(256.0M)]
 [Times: user=0.00 sys=0.00, real=0.01 secs] 
2014-07-10T11:37:15.097+0200: 65.878: [GC pause (G1 Evacuation Pause) (young) 65.878: [G1Ergonomics (CSet Construction) start choosing CSet, _pending_cards: 512, predicted base time: 1.50 ms, remaining time: 198.50 ms, target pause time: 200.00 ms]
 65.878: [G1Ergonomics (CSet Construction) add young regions to CSet, eden: 141 regions, survivors: 8 regions, predicted young region time: 119.74 ms]
 65.878: [G1Ergonomics (CSet Construction) finish choosing CSet, eden: 141 regions, survivors: 8 regions, old: 0 regions, predicted pause time: 121.24 ms, target pause time: 200.00 ms]
, 0.0111605 secs]
   [Parallel Time: 10.5 ms, GC Workers: 2]
      [GC Worker Start (ms): Min: 65878.3, Avg: 65878.3, Max: 65878.3, Diff: 0.0]
      [Ext Root Scanning (ms): Min: 0.4, Avg: 0.4, Max: 0.4, Diff: 0.0, Sum: 0.7]
      [Update RS (ms): Min: 0.0, Avg: 0.0, Max: 0.0, Diff: 0.0, Sum: 0.1]
         [Processed Buffers: Min: 1, Avg: 1.5, Max: 2, Diff: 1, Sum: 3]
      [Scan RS (ms): Min: 0.2, Avg: 0.2, Max: 0.2, Diff: 0.0, Sum: 0.4]
      [Code Root Scanning (ms): Min: 0.1, Avg: 0.1, Max: 0.1, Diff: 0.0, Sum: 0.2]
      [Object Copy (ms): Min: 9.7, Avg: 9.7, Max: 9.7, Diff: 0.0, Sum: 19.5]
      [Termination (ms): Min: 0.0, Avg: 0.0, Max: 0.0, Diff: 0.0, Sum: 0.0]
      [GC Worker Other (ms): Min: 0.0, Avg: 0.0, Max: 0.0, Diff: 0.0, Sum: 0.1]
      [GC Worker Total (ms): Min: 10.5, Avg: 10.5, Max: 10.5, Diff: 0.0, Sum: 21.0]
      [GC Worker End (ms): Min: 65888.8, Avg: 65888.8, Max: 65888.8, Diff: 0.0]
   [Code Root Fixup: 0.0 ms]
   [Code Root Migration: 0.1 ms]
   [Clear CT: 0.1 ms]
   [Other: 0.5 ms]
      [Choose CSet: 0.0 ms]
      [Ref Proc: 0.1 ms]
      [Ref Enq: 0.0 ms]
      [Free CSet: 0.2 ms]
   [Eden: 141.0M(141.0M)->0.0B(129.0M) Survivors: 8192.0K->17.0M Heap: 215.1M(256.0M)->83.0M(256.0M)]
 [Times: user=0.03 sys=0.00, real=0.01 secs] 
2014-07-10T11:37:15.245+0200: 66.026: [GC pause (G1 Evacuation Pause) (young) 66.026: [G1Ergonomics (CSet Construction) start choosing CSet, _pending_cards: 512, predicted base time: 1.36 ms, remaining time: 198.64 ms, target pause time: 200.00 ms]
 66.026: [G1Ergonomics (CSet Construction) add young regions to CSet, eden: 129 regions, survivors: 17 regions, predicted young region time: 102.19 ms]
 66.026: [G1Ergonomics (CSet Construction) finish choosing CSet, eden: 129 regions, survivors: 17 regions, old: 0 regions, predicted pause time: 103.56 ms, target pause time: 200.00 ms]
, 0.0093702 secs]
   [Parallel Time: 8.7 ms, GC Workers: 2]
      [GC Worker Start (ms): Min: 66025.9, Avg: 66025.9, Max: 66025.9, Diff: 0.0]
      [Ext Root Scanning (ms): Min: 0.3, Avg: 0.3, Max: 0.3, Diff: 0.0, Sum: 0.6]
      [Update RS (ms): Min: 0.0, Avg: 0.0, Max: 0.0, Diff: 0.0, Sum: 0.1]
         [Processed Buffers: Min: 1, Avg: 1.5, Max: 2, Diff: 1, Sum: 3]
      [Scan RS (ms): Min: 0.2, Avg: 0.2, Max: 0.3, Diff: 0.0, Sum: 0.5]
      [Code Root Scanning (ms): Min: 0.1, Avg: 0.1, Max: 0.2, Diff: 0.0, Sum: 0.3]
      [Object Copy (ms): Min: 7.9, Avg: 7.9, Max: 7.9, Diff: 0.0, Sum: 15.8]
      [Termination (ms): Min: 0.0, Avg: 0.0, Max: 0.0, Diff: 0.0, Sum: 0.0]
      [GC Worker Other (ms): Min: 0.0, Avg: 0.0, Max: 0.0, Diff: 0.0, Sum: 0.1]
      [GC Worker Total (ms): Min: 8.6, Avg: 8.6, Max: 8.6, Diff: 0.0, Sum: 17.3]
      [GC Worker End (ms): Min: 66034.5, Avg: 66034.5, Max: 66034.5, Diff: 0.0]
   [Code Root Fixup: 0.0 ms]
   [Code Root Migration: 0.1 ms]
   [Clear CT: 0.1 ms]
   [Other: 0.5 ms]
      [Choose CSet: 0.0 ms]
      [Ref Proc: 0.1 ms]
      [Ref Enq: 0.0 ms]
      [Free CSet: 0.3 ms]
   [Eden: 129.0M(129.0M)->0.0B(135.0M) Survivors: 17.0M->13.0M Heap: 212.0M(256.0M)->79.9M(256.0M)]
 [Times: user=0.00 sys=0.00, real=0.01 secs] 
2014-07-10T11:37:15.402+0200: 66.183: [GC pause (G1 Evacuation Pause) (young) 66.183: [G1Ergonomics (CSet Construction) start choosing CSet, _pending_cards: 512, predicted base time: 1.25 ms, remaining time: 198.75 ms, target pause time: 200.00 ms]
 66.183: [G1Ergonomics (CSet Construction) add young regions to CSet, eden: 135 regions, survivors: 13 regions, predicted young region time: 72.92 ms]
 66.183: [G1Ergonomics (CSet Construction) finish choosing CSet, eden: 135 regions, survivors: 13 regions, old: 0 regions, predicted pause time: 74.17 ms, target pause time: 200.00 ms]
, 0.0190612 secs]
   [Parallel Time: 17.8 ms, GC Workers: 2]
      [GC Worker Start (ms): Min: 66182.8, Avg: 66182.8, Max: 66182.8, Diff: 0.0]
      [Ext Root Scanning (ms): Min: 0.6, Avg: 0.6, Max: 0.6, Diff: 0.0, Sum: 1.1]
      [Update RS (ms): Min: 0.0, Avg: 0.1, Max: 0.1, Diff: 0.0, Sum: 0.1]
         [Processed Buffers: Min: 1, Avg: 1.5, Max: 2, Diff: 1, Sum: 3]
      [Scan RS (ms): Min: 0.4, Avg: 0.4, Max: 0.4, Diff: 0.0, Sum: 0.8]
      [Code Root Scanning (ms): Min: 0.1, Avg: 0.1, Max: 0.1, Diff: 0.0, Sum: 0.3]
      [Object Copy (ms): Min: 16.5, Avg: 16.5, Max: 16.5, Diff: 0.0, Sum: 33.0]
      [Termination (ms): Min: 0.0, Avg: 0.0, Max: 0.0, Diff: 0.0, Sum: 0.0]
      [GC Worker Other (ms): Min: 0.0, Avg: 0.0, Max: 0.0, Diff: 0.0, Sum: 0.1]
      [GC Worker Total (ms): Min: 17.7, Avg: 17.7, Max: 17.7, Diff: 0.0, Sum: 35.4]
      [GC Worker End (ms): Min: 66200.5, Avg: 66200.5, Max: 66200.5, Diff: 0.0]
   [Code Root Fixup: 0.0 ms]
   [Code Root Migration: 0.1 ms]
   [Clear CT: 0.2 ms]
   [Other: 1.0 ms]
      [Choose CSet: 0.1 ms]
      [Ref Proc: 0.2 ms]
      [Ref Enq: 0.0 ms]
      [Free CSet: 0.5 ms]
   [Eden: 135.0M(135.0M)->0.0B(131.0M) Survivors: 13.0M->16.0M Heap: 214.9M(256.0M)->82.7M(256.0M)]
 [Times: user=0.03 sys=0.00, real=0.02 secs] 
2014-07-10T11:37:15.495+0200: 66.276: [GC pause (G1 Evacuation Pause) (young) 66.276: [G1Ergonomics (CSet Construction) start choosing CSet, _pending_cards: 258, predicted base time: 1.34 ms, remaining time: 198.66 ms, target pause time: 200.00 ms]
 66.276: [G1Ergonomics (CSet Construction) add young regions to CSet, eden: 131 regions, survivors: 16 regions, predicted young region time: 113.37 ms]
 66.276: [G1Ergonomics (CSet Construction) finish choosing CSet, eden: 131 regions, survivors: 16 regions, old: 0 regions, predicted pause time: 114.70 ms, target pause time: 200.00 ms]
, 0.0027556 secs]
   [Parallel Time: 2.1 ms, GC Workers: 2]
      [GC Worker Start (ms): Min: 66275.8, Avg: 66275.8, Max: 66275.8, Diff: 0.0]
      [Ext Root Scanning (ms): Min: 0.3, Avg: 0.3, Max: 0.3, Diff: 0.0, Sum: 0.7]
      [Update RS (ms): Min: 0.0, Avg: 0.0, Max: 0.1, Diff: 0.0, Sum: 0.1]
         [Processed Buffers: Min: 1, Avg: 1.5, Max: 2, Diff: 1, Sum: 3]
      [Scan RS (ms): Min: 0.2, Avg: 0.2, Max: 0.2, Diff: 0.0, Sum: 0.5]
      [Code Root Scanning (ms): Min: 0.1, Avg: 0.1, Max: 0.1, Diff: 0.0, Sum: 0.2]
      [Object Copy (ms): Min: 1.3, Avg: 1.3, Max: 1.3, Diff: 0.0, Sum: 2.7]
      [Termination (ms): Min: 0.0, Avg: 0.0, Max: 0.0, Diff: 0.0, Sum: 0.0]
      [GC Worker Other (ms): Min: 0.0, Avg: 0.0, Max: 0.0, Diff: 0.0, Sum: 0.1]
      [GC Worker Total (ms): Min: 2.1, Avg: 2.1, Max: 2.1, Diff: 0.0, Sum: 4.1]
      [GC Worker End (ms): Min: 66277.9, Avg: 66277.9, Max: 66277.9, Diff: 0.0]
   [Code Root Fixup: 0.0 ms]
   [Code Root Migration: 0.0 ms]
   [Clear CT: 0.1 ms]
   [Other: 0.5 ms]
      [Choose CSet: 0.0 ms]
      [Ref Proc: 0.1 ms]
      [Ref Enq: 0.0 ms]
      [Free CSet: 0.3 ms]
   [Eden: 131.0M(131.0M)->0.0B(147.0M) Survivors: 16.0M->3072.0K Heap: 213.7M(256.0M)->69.5M(256.0M)]
 [Times: user=0.00 sys=0.00, real=0.00 secs] 
2014-07-10T11:37:15.626+0200: 66.406: [GC pause (G1 Evacuation Pause) (young) 66.406: [G1Ergonomics (CSet Construction) start choosing CSet, _pending_cards: 514, predicted base time: 1.27 ms, remaining time: 198.73 ms, target pause time: 200.00 ms]
 66.406: [G1Ergonomics (CSet Construction) add young regions to CSet, eden: 147 regions, survivors: 3 regions, predicted young region time: 72.00 ms]
 66.406: [G1Ergonomics (CSet Construction) finish choosing CSet, eden: 147 regions, survivors: 3 regions, old: 0 regions, predicted pause time: 73.27 ms, target pause time: 200.00 ms]
, 0.0092632 secs]
   [Parallel Time: 8.7 ms, GC Workers: 2]
      [GC Worker Start (ms): Min: 66406.5, Avg: 66406.5, Max: 66406.5, Diff: 0.0]
      [Ext Root Scanning (ms): Min: 0.3, Avg: 0.3, Max: 0.3, Diff: 0.0, Sum: 0.6]
      [Update RS (ms): Min: 0.1, Avg: 0.1, Max: 0.1, Diff: 0.0, Sum: 0.1]
         [Processed Buffers: Min: 2, Avg: 2.0, Max: 2, Diff: 0, Sum: 4]
      [Scan RS (ms): Min: 0.2, Avg: 0.2, Max: 0.2, Diff: 0.0, Sum: 0.5]
      [Code Root Scanning (ms): Min: 0.1, Avg: 0.1, Max: 0.1, Diff: 0.0, Sum: 0.2]
      [Object Copy (ms): Min: 7.9, Avg: 7.9, Max: 7.9, Diff: 0.0, Sum: 15.9]
      [Termination (ms): Min: 0.0, Avg: 0.0, Max: 0.0, Diff: 0.0, Sum: 0.0]
      [GC Worker Other (ms): Min: 0.0, Avg: 0.0, Max: 0.0, Diff: 0.0, Sum: 0.1]
      [GC Worker Total (ms): Min: 8.7, Avg: 8.7, Max: 8.7, Diff: 0.0, Sum: 17.3]
      [GC Worker End (ms): Min: 66415.2, Avg: 66415.2, Max: 66415.2, Diff: 0.0]
   [Code Root Fixup: 0.0 ms]
   [Code Root Migration: 0.0 ms]
   [Clear CT: 0.1 ms]
   [Other: 0.4 ms]
      [Choose CSet: 0.0 ms]
      [Ref Proc: 0.1 ms]
      [Ref Enq: 0.0 ms]
      [Free CSet: 0.2 ms]
   [Eden: 147.0M(147.0M)->0.0B(136.0M) Survivors: 3072.0K->13.0M Heap: 216.5M(256.0M)->79.3M(256.0M)]
 [Times: user=0.03 sys=0.00, real=0.01 secs] 
2014-07-10T11:37:15.796+0200: 66.577: [GC pause (G1 Evacuation Pause) (young) 66.577: [G1Ergonomics (CSet Construction) start choosing CSet, _pending_cards: 512, predicted base time: 1.17 ms, remaining time: 198.83 ms, target pause time: 200.00 ms]
 66.577: [G1Ergonomics (CSet Construction) add young regions to CSet, eden: 136 regions, survivors: 13 regions, predicted young region time: 102.59 ms]
 66.577: [G1Ergonomics (CSet Construction) finish choosing CSet, eden: 136 regions, survivors: 13 regions, old: 0 regions, predicted pause time: 103.77 ms, target pause time: 200.00 ms]
, 0.0119014 secs]
   [Parallel Time: 11.2 ms, GC Workers: 2]
      [GC Worker Start (ms): Min: 66577.2, Avg: 66577.2, Max: 66577.2, Diff: 0.0]
      [Ext Root Scanning (ms): Min: 0.3, Avg: 0.3, Max: 0.3, Diff: 0.0, Sum: 0.7]
      [Update RS (ms): Min: 0.1, Avg: 0.1, Max: 0.1, Diff: 0.0, Sum: 0.1]
         [Processed Buffers: Min: 1, Avg: 1.5, Max: 2, Diff: 1, Sum: 3]
      [Scan RS (ms): Min: 0.3, Avg: 0.3, Max: 0.3, Diff: 0.0, Sum: 0.5]
      [Code Root Scanning (ms): Min: 0.1, Avg: 0.1, Max: 0.1, Diff: 0.0, Sum: 0.2]
      [Object Copy (ms): Min: 10.3, Avg: 10.3, Max: 10.3, Diff: 0.0, Sum: 20.6]
      [Termination (ms): Min: 0.0, Avg: 0.0, Max: 0.0, Diff: 0.0, Sum: 0.0]
      [GC Worker Other (ms): Min: 0.0, Avg: 0.0, Max: 0.0, Diff: 0.0, Sum: 0.1]
      [GC Worker Total (ms): Min: 11.1, Avg: 11.1, Max: 11.1, Diff: 0.0, Sum: 22.2]
      [GC Worker End (ms): Min: 66588.4, Avg: 66588.4, Max: 66588.4, Diff: 0.0]
   [Code Root Fixup: 0.0 ms]
   [Code Root Migration: 0.1 ms]
   [Clear CT: 0.1 ms]
   [Other: 0.6 ms]
      [Choose CSet: 0.0 ms]
      [Ref Proc: 0.1 ms]
      [Ref Enq: 0.0 ms]
      [Free CSet: 0.3 ms]
   [Eden: 136.0M(136.0M)->0.0B(129.0M) Survivors: 13.0M->17.0M Heap: 215.3M(256.0M)->83.2M(256.0M)]
 [Times: user=0.03 sys=0.00, real=0.01 secs] 
2014-07-10T11:37:15.895+0200: 66.676: [GC pause (G1 Evacuation Pause) (young) 66.676: [G1Ergonomics (CSet Construction) start choosing CSet, _pending_cards: 512, predicted base time: 1.14 ms, remaining time: 198.86 ms, target pause time: 200.00 ms]
 66.676: [G1Ergonomics (CSet Construction) add young regions to CSet, eden: 129 regions, survivors: 17 regions, predicted young region time: 20.48 ms]
 66.676: [G1Ergonomics (CSet Construction) finish choosing CSet, eden: 129 regions, survivors: 17 regions, old: 0 regions, predicted pause time: 21.61 ms, target pause time: 200.00 ms]
, 0.0095510 secs]
   [Parallel Time: 9.0 ms, GC Workers: 2]
      [GC Worker Start (ms): Min: 66675.7, Avg: 66675.7, Max: 66675.7, Diff: 0.0]
      [Ext Root Scanning (ms): Min: 0.3, Avg: 0.3, Max: 0.3, Diff: 0.0, Sum: 0.7]
      [Update RS (ms): Min: 0.1, Avg: 0.1, Max: 0.1, Diff: 0.0, Sum: 0.1]
         [Processed Buffers: Min: 1, Avg: 1.5, Max: 2, Diff: 1, Sum: 3]
      [Scan RS (ms): Min: 0.2, Avg: 0.2, Max: 0.2, Diff: 0.0, Sum: 0.5]
      [Code Root Scanning (ms): Min: 0.1, Avg: 0.1, Max: 0.1, Diff: 0.0, Sum: 0.2]
      [Object Copy (ms): Min: 8.2, Avg: 8.2, Max: 8.2, Diff: 0.0, Sum: 16.4]
      [Termination (ms): Min: 0.0, Avg: 0.0, Max: 0.0, Diff: 0.0, Sum: 0.0]
      [GC Worker Other (ms): Min: 0.0, Avg: 0.0, Max: 0.0, Diff: 0.0, Sum: 0.1]
      [GC Worker Total (ms): Min: 9.0, Avg: 9.0, Max: 9.0, Diff: 0.0, Sum: 18.0]
      [GC Worker End (ms): Min: 66684.7, Avg: 66684.7, Max: 66684.7, Diff: 0.0]
   [Code Root Fixup: 0.0 ms]
   [Code Root Migration: 0.0 ms]
   [Clear CT: 0.1 ms]
   [Other: 0.4 ms]
      [Choose CSet: 0.0 ms]
      [Ref Proc: 0.1 ms]
      [Ref Enq: 0.0 ms]
      [Free CSet: 0.2 ms]
   [Eden: 129.0M(129.0M)->0.0B(134.0M) Survivors: 17.0M->14.0M Heap: 212.2M(256.0M)->80.1M(256.0M)]
 [Times: user=0.03 sys=0.00, real=0.01 secs] 
2014-07-10T11:37:16.041+0200: 66.822: [GC pause (G1 Evacuation Pause) (young) 66.822: [G1Ergonomics (CSet Construction) start choosing CSet, _pending_cards: 257, predicted base time: 1.04 ms, remaining time: 198.96 ms, target pause time: 200.00 ms]
 66.822: [G1Ergonomics (CSet Construction) add young regions to CSet, eden: 134 regions, survivors: 14 regions, predicted young region time: 93.85 ms]
 66.822: [G1Ergonomics (CSet Construction) finish choosing CSet, eden: 134 regions, survivors: 14 regions, old: 0 regions, predicted pause time: 94.88 ms, target pause time: 200.00 ms]
, 0.0062763 secs]
   [Parallel Time: 5.5 ms, GC Workers: 2]
      [GC Worker Start (ms): Min: 66822.4, Avg: 66822.4, Max: 66822.5, Diff: 0.1]
      [Ext Root Scanning (ms): Min: 0.3, Avg: 0.4, Max: 0.4, Diff: 0.1, Sum: 0.7]
      [Update RS (ms): Min: 0.0, Avg: 0.0, Max: 0.0, Diff: 0.0, Sum: 0.1]
         [Processed Buffers: Min: 1, Avg: 1.5, Max: 2, Diff: 1, Sum: 3]
      [Scan RS (ms): Min: 0.2, Avg: 0.2, Max: 0.2, Diff: 0.0, Sum: 0.5]
      [Code Root Scanning (ms): Min: 0.1, Avg: 0.1, Max: 0.1, Diff: 0.0, Sum: 0.2]
      [Object Copy (ms): Min: 4.6, Avg: 4.7, Max: 4.7, Diff: 0.0, Sum: 9.3]
      [Termination (ms): Min: 0.0, Avg: 0.0, Max: 0.0, Diff: 0.0, Sum: 0.0]
      [GC Worker Other (ms): Min: 0.0, Avg: 0.0, Max: 0.0, Diff: 0.0, Sum: 0.1]
      [GC Worker Total (ms): Min: 5.4, Avg: 5.4, Max: 5.5, Diff: 0.1, Sum: 10.9]
      [GC Worker End (ms): Min: 66827.9, Avg: 66827.9, Max: 66827.9, Diff: 0.0]
   [Code Root Fixup: 0.0 ms]
   [Code Root Migration: 0.1 ms]
   [Clear CT: 0.2 ms]
   [Other: 0.5 ms]
      [Choose CSet: 0.0 ms]
      [Ref Proc: 0.1 ms]
      [Ref Enq: 0.0 ms]
      [Free CSet: 0.3 ms]
   [Eden: 134.0M(134.0M)->0.0B(142.0M) Survivors: 14.0M->7168.0K Heap: 214.1M(256.0M)->74.0M(256.0M)]
 [Times: user=0.00 sys=0.00, real=0.01 secs] 
2014-07-10T11:37:16.197+0200: 66.978: [GC pause (G1 Evacuation Pause) (young) 66.978: [G1Ergonomics (CSet Construction) start choosing CSet, _pending_cards: 512, predicted base time: 1.09 ms, remaining time: 198.91 ms, target pause time: 200.00 ms]
 66.978: [G1Ergonomics (CSet Construction) add young regions to CSet, eden: 142 regions, survivors: 7 regions, predicted young region time: 20.53 ms]
 66.978: [G1Ergonomics (CSet Construction) finish choosing CSet, eden: 142 regions, survivors: 7 regions, old: 0 regions, predicted pause time: 21.62 ms, target pause time: 200.00 ms]
, 0.0120136 secs]
   [Parallel Time: 11.3 ms, GC Workers: 2]
      [GC Worker Start (ms): Min: 66977.7, Avg: 66977.9, Max: 66978.0, Diff: 0.3]
      [Ext Root Scanning (ms): Min: 0.2, Avg: 0.3, Max: 0.5, Diff: 0.3, Sum: 0.7]
      [Update RS (ms): Min: 0.0, Avg: 0.0, Max: 0.1, Diff: 0.0, Sum: 0.1]
         [Processed Buffers: Min: 1, Avg: 1.5, Max: 2, Diff: 1, Sum: 3]
      [Scan RS (ms): Min: 0.2, Avg: 0.2, Max: 0.3, Diff: 0.0, Sum: 0.5]
      [Code Root Scanning (ms): Min: 0.1, Avg: 0.1, Max: 0.1, Diff: 0.0, Sum: 0.2]
      [Object Copy (ms): Min: 10.3, Avg: 10.3, Max: 10.3, Diff: 0.0, Sum: 20.6]
      [Termination (ms): Min: 0.0, Avg: 0.0, Max: 0.0, Diff: 0.0, Sum: 0.0]
      [GC Worker Other (ms): Min: 0.0, Avg: 0.0, Max: 0.0, Diff: 0.0, Sum: 0.1]
      [GC Worker Total (ms): Min: 10.9, Avg: 11.1, Max: 11.2, Diff: 0.3, Sum: 22.2]
      [GC Worker End (ms): Min: 66988.9, Avg: 66988.9, Max: 66988.9, Diff: 0.0]
   [Code Root Fixup: 0.0 ms]
   [Code Root Migration: 0.1 ms]
   [Clear CT: 0.2 ms]
   [Other: 0.5 ms]
      [Choose CSet: 0.0 ms]
      [Ref Proc: 0.0 ms]
      [Ref Enq: 0.0 ms]
      [Free CSet: 0.3 ms]
   [Eden: 142.0M(142.0M)->0.0B(128.0M) Survivors: 7168.0K->17.0M Heap: 216.0M(256.0M)->83.9M(256.0M)]
 [Times: user=0.02 sys=0.00, real=0.01 secs] 
2014-07-10T11:37:16.295+0200: 67.076: [GC pause (G1 Evacuation Pause) (young) 67.076: [G1Ergonomics (CSet Construction) start choosing CSet, _pending_cards: 512, predicted base time: 1.10 ms, remaining time: 198.90 ms, target pause time: 200.00 ms]
 67.076: [G1Ergonomics (CSet Construction) add young regions to CSet, eden: 128 regions, survivors: 17 regions, predicted young region time: 86.11 ms]
 67.076: [G1Ergonomics (CSet Construction) finish choosing CSet, eden: 128 regions, survivors: 17 regions, old: 0 regions, predicted pause time: 87.21 ms, target pause time: 200.00 ms]
, 0.0096236 secs]
   [Parallel Time: 8.9 ms, GC Workers: 2]
      [GC Worker Start (ms): Min: 67075.6, Avg: 67075.6, Max: 67075.6, Diff: 0.0]
      [Ext Root Scanning (ms): Min: 0.3, Avg: 0.3, Max: 0.4, Diff: 0.0, Sum: 0.7]
      [Update RS (ms): Min: 0.0, Avg: 0.0, Max: 0.0, Diff: 0.0, Sum: 0.1]
         [Processed Buffers: Min: 1, Avg: 1.5, Max: 2, Diff: 1, Sum: 3]
      [Scan RS (ms): Min: 0.2, Avg: 0.2, Max: 0.2, Diff: 0.0, Sum: 0.4]
      [Code Root Scanning (ms): Min: 0.1, Avg: 0.1, Max: 0.1, Diff: 0.0, Sum: 0.2]
      [Object Copy (ms): Min: 8.1, Avg: 8.1, Max: 8.1, Diff: 0.0, Sum: 16.2]
      [Termination (ms): Min: 0.0, Avg: 0.0, Max: 0.0, Diff: 0.0, Sum: 0.0]
      [GC Worker Other (ms): Min: 0.0, Avg: 0.0, Max: 0.1, Diff: 0.0, Sum: 0.1]
      [GC Worker Total (ms): Min: 8.8, Avg: 8.8, Max: 8.8, Diff: 0.0, Sum: 17.6]
      [GC Worker End (ms): Min: 67084.4, Avg: 67084.4, Max: 67084.4, Diff: 0.0]
   [Code Root Fixup: 0.0 ms]
   [Code Root Migration: 0.0 ms]
   [Clear CT: 0.1 ms]
   [Other: 0.6 ms]
      [Choose CSet: 0.0 ms]
      [Ref Proc: 0.2 ms]
      [Ref Enq: 0.0 ms]
      [Free CSet: 0.2 ms]
   [Eden: 128.0M(128.0M)->0.0B(134.0M) Survivors: 17.0M->13.0M Heap: 211.9M(256.0M)->79.7M(256.0M)]
 [Times: user=0.03 sys=0.00, real=0.01 secs] 
2014-07-10T11:37:16.550+0200: 67.331: [GC pause (G1 Evacuation Pause) (young) 67.331: [G1Ergonomics (CSet Construction) start choosing CSet, _pending_cards: 512, predicted base time: 1.09 ms, remaining time: 198.91 ms, target pause time: 200.00 ms]
 67.331: [G1Ergonomics (CSet Construction) add young regions to CSet, eden: 134 regions, survivors: 13 regions, predicted young region time: 16.62 ms]
 67.331: [G1Ergonomics (CSet Construction) finish choosing CSet, eden: 134 regions, survivors: 13 regions, old: 0 regions, predicted pause time: 17.71 ms, target pause time: 200.00 ms]
, 0.0134016 secs]
   [Parallel Time: 11.8 ms, GC Workers: 2]
      [GC Worker Start (ms): Min: 67330.8, Avg: 67331.0, Max: 67331.2, Diff: 0.4]
      [Ext Root Scanning (ms): Min: 0.0, Avg: 0.1, Max: 0.3, Diff: 0.3, Sum: 0.3]
      [Update RS (ms): Min: 0.0, Avg: 0.0, Max: 0.0, Diff: 0.0, Sum: 0.0]
         [Processed Buffers: Min: 0, Avg: 1.5, Max: 3, Diff: 3, Sum: 3]
      [Scan RS (ms): Min: 0.1, Avg: 0.3, Max: 0.5, Diff: 0.3, Sum: 0.6]
      [Code Root Scanning (ms): Min: 0.2, Avg: 0.4, Max: 0.7, Diff: 0.5, Sum: 0.9]
      [Object Copy (ms): Min: 9.6, Avg: 9.8, Max: 10.1, Diff: 0.5, Sum: 19.7]
      [Termination (ms): Min: 0.0, Avg: 0.4, Max: 0.8, Diff: 0.8, Sum: 0.8]
      [GC Worker Other (ms): Min: 0.0, Avg: 0.0, Max: 0.0, Diff: 0.0, Sum: 0.0]
      [GC Worker Total (ms): Min: 11.1, Avg: 11.2, Max: 11.3, Diff: 0.2, Sum: 22.4]
      [GC Worker End (ms): Min: 67341.9, Avg: 67342.2, Max: 67342.5, Diff: 0.6]
   [Code Root Fixup: 0.0 ms]
   [Code Root Migration: 0.0 ms]
   [Clear CT: 0.1 ms]
   [Other: 1.5 ms]
      [Choose CSet: 0.0 ms]
      [Ref Proc: 1.1 ms]
      [Ref Enq: 0.0 ms]
      [Free CSet: 0.2 ms]
   [Eden: 134.0M(134.0M)->0.0B(132.0M) Survivors: 13.0M->15.0M Heap: 213.7M(256.0M)->81.6M(256.0M)]
 [Times: user=0.01 sys=0.00, real=0.01 secs] 
2014-07-10T11:37:16.641+0200: 67.422: [GC pause (G1 Evacuation Pause) (young) 67.422: [G1Ergonomics (CSet Construction) start choosing CSet, _pending_cards: 258, predicted base time: 1.78 ms, remaining time: 198.22 ms, target pause time: 200.00 ms]
 67.422: [G1Ergonomics (CSet Construction) add young regions to CSet, eden: 132 regions, survivors: 15 regions, predicted young region time: 87.94 ms]
 67.422: [G1Ergonomics (CSet Construction) finish choosing CSet, eden: 132 regions, survivors: 15 regions, old: 0 regions, predicted pause time: 89.72 ms, target pause time: 200.00 ms]
, 0.0022489 secs]
   [Parallel Time: 1.7 ms, GC Workers: 2]
      [GC Worker Start (ms): Min: 67421.7, Avg: 67421.7, Max: 67421.7, Diff: 0.0]
      [Ext Root Scanning (ms): Min: 0.3, Avg: 0.3, Max: 0.3, Diff: 0.0, Sum: 0.5]
      [Update RS (ms): Min: 0.0, Avg: 0.0, Max: 0.0, Diff: 0.0, Sum: 0.1]
         [Processed Buffers: Min: 1, Avg: 1.5, Max: 2, Diff: 1, Sum: 3]
      [Scan RS (ms): Min: 0.2, Avg: 0.2, Max: 0.2, Diff: 0.0, Sum: 0.4]
      [Code Root Scanning (ms): Min: 0.1, Avg: 0.1, Max: 0.1, Diff: 0.0, Sum: 0.2]
      [Object Copy (ms): Min: 1.0, Avg: 1.0, Max: 1.0, Diff: 0.0, Sum: 2.0]
      [Termination (ms): Min: 0.0, Avg: 0.0, Max: 0.0, Diff: 0.0, Sum: 0.0]
      [GC Worker Other (ms): Min: 0.0, Avg: 0.0, Max: 0.0, Diff: 0.0, Sum: 0.0]
      [GC Worker Total (ms): Min: 1.7, Avg: 1.7, Max: 1.7, Diff: 0.0, Sum: 3.4]
      [GC Worker End (ms): Min: 67423.4, Avg: 67423.4, Max: 67423.4, Diff: 0.0]
   [Code Root Fixup: 0.0 ms]
   [Code Root Migration: 0.0 ms]
   [Clear CT: 0.1 ms]
   [Other: 0.4 ms]
      [Choose CSet: 0.0 ms]
      [Ref Proc: 0.0 ms]
      [Ref Enq: 0.0 ms]
      [Free CSet: 0.2 ms]
   [Eden: 132.0M(132.0M)->0.0B(146.0M) Survivors: 15.0M->3072.0K Heap: 213.6M(256.0M)->69.4M(256.0M)]
 [Times: user=0.00 sys=0.00, real=0.00 secs] 
2014-07-10T11:37:16.724+0200: 67.504: [GC pause (G1 Evacuation Pause) (young) 67.504: [G1Ergonomics (CSet Construction) start choosing CSet, _pending_cards: 512, predicted base time: 1.58 ms, remaining time: 198.42 ms, target pause time: 200.00 ms]
 67.504: [G1Ergonomics (CSet Construction) add young regions to CSet, eden: 146 regions, survivors: 3 regions, predicted young region time: 90.46 ms]
 67.504: [G1Ergonomics (CSet Construction) finish choosing CSet, eden: 146 regions, survivors: 3 regions, old: 0 regions, predicted pause time: 92.04 ms, target pause time: 200.00 ms]
, 0.0114354 secs]
   [Parallel Time: 10.8 ms, GC Workers: 2]
      [GC Worker Start (ms): Min: 67504.2, Avg: 67504.2, Max: 67504.2, Diff: 0.0]
      [Ext Root Scanning (ms): Min: 0.4, Avg: 0.4, Max: 0.4, Diff: 0.0, Sum: 0.7]
      [Update RS (ms): Min: 0.0, Avg: 0.0, Max: 0.1, Diff: 0.0, Sum: 0.1]
         [Processed Buffers: Min: 1, Avg: 1.5, Max: 2, Diff: 1, Sum: 3]
      [Scan RS (ms): Min: 0.2, Avg: 0.2, Max: 0.2, Diff: 0.0, Sum: 0.5]
      [Code Root Scanning (ms): Min: 0.1, Avg: 0.1, Max: 0.1, Diff: 0.0, Sum: 0.2]
      [Object Copy (ms): Min: 10.0, Avg: 10.0, Max: 10.0, Diff: 0.0, Sum: 20.0]
      [Termination (ms): Min: 0.0, Avg: 0.0, Max: 0.0, Diff: 0.0, Sum: 0.0]
      [GC Worker Other (ms): Min: 0.0, Avg: 0.0, Max: 0.0, Diff: 0.0, Sum: 0.1]
      [GC Worker Total (ms): Min: 10.8, Avg: 10.8, Max: 10.8, Diff: 0.0, Sum: 21.5]
      [GC Worker End (ms): Min: 67514.9, Avg: 67514.9, Max: 67514.9, Diff: 0.0]
   [Code Root Fixup: 0.0 ms]
   [Code Root Migration: 0.1 ms]
   [Clear CT: 0.1 ms]
   [Other: 0.5 ms]
      [Choose CSet: 0.0 ms]
      [Ref Proc: 0.1 ms]
      [Ref Enq: 0.0 ms]
      [Free CSet: 0.2 ms]
   [Eden: 146.0M(146.0M)->0.0B(128.0M) Survivors: 3072.0K->17.0M Heap: 215.4M(256.0M)->83.3M(256.0M)]
 [Times: user=0.00 sys=0.00, real=0.01 secs] 
2014-07-10T11:37:16.827+0200: 67.607: [GC pause (G1 Evacuation Pause) (young) 67.607: [G1Ergonomics (CSet Construction) start choosing CSet, _pending_cards: 512, predicted base time: 1.42 ms, remaining time: 198.58 ms, target pause time: 200.00 ms]
 67.607: [G1Ergonomics (CSet Construction) add young regions to CSet, eden: 128 regions, survivors: 17 regions, predicted young region time: 12.95 ms]
 67.607: [G1Ergonomics (CSet Construction) finish choosing CSet, eden: 128 regions, survivors: 17 regions, old: 0 regions, predicted pause time: 14.37 ms, target pause time: 200.00 ms]
, 0.0095869 secs]
   [Parallel Time: 9.0 ms, GC Workers: 2]
      [GC Worker Start (ms): Min: 67606.7, Avg: 67606.7, Max: 67606.7, Diff: 0.0]
      [Ext Root Scanning (ms): Min: 0.3, Avg: 0.3, Max: 0.3, Diff: 0.0, Sum: 0.7]
      [Update RS (ms): Min: 0.0, Avg: 0.0, Max: 0.1, Diff: 0.0, Sum: 0.1]
         [Processed Buffers: Min: 1, Avg: 1.5, Max: 2, Diff: 1, Sum: 3]
      [Scan RS (ms): Min: 0.2, Avg: 0.2, Max: 0.3, Diff: 0.0, Sum: 0.5]
      [Code Root Scanning (ms): Min: 0.1, Avg: 0.1, Max: 0.1, Diff: 0.0, Sum: 0.2]
      [Object Copy (ms): Min: 8.2, Avg: 8.2, Max: 8.2, Diff: 0.0, Sum: 16.4]
      [Termination (ms): Min: 0.0, Avg: 0.0, Max: 0.0, Diff: 0.0, Sum: 0.0]
      [GC Worker Other (ms): Min: 0.0, Avg: 0.0, Max: 0.0, Diff: 0.0, Sum: 0.1]
      [GC Worker Total (ms): Min: 9.0, Avg: 9.0, Max: 9.0, Diff: 0.0, Sum: 17.9]
      [GC Worker End (ms): Min: 67615.7, Avg: 67615.7, Max: 67615.7, Diff: 0.0]
   [Code Root Fixup: 0.0 ms]
   [Code Root Migration: 0.0 ms]
   [Clear CT: 0.1 ms]
   [Other: 0.4 ms]
      [Choose CSet: 0.0 ms]
      [Ref Proc: 0.1 ms]
      [Ref Enq: 0.0 ms]
      [Free CSet: 0.2 ms]
   [Eden: 128.0M(128.0M)->0.0B(135.0M) Survivors: 17.0M->13.0M Heap: 211.3M(256.0M)->79.2M(256.0M)]
 [Times: user=0.03 sys=0.00, real=0.01 secs] 
2014-07-10T11:37:16.991+0200: 67.771: [GC pause (G1 Evacuation Pause) (young) 67.771: [G1Ergonomics (CSet Construction) start choosing CSet, _pending_cards: 513, predicted base time: 1.30 ms, remaining time: 198.70 ms, target pause time: 200.00 ms]
 67.771: [G1Ergonomics (CSet Construction) add young regions to CSet, eden: 135 regions, survivors: 13 regions, predicted young region time: 86.67 ms]
 67.771: [G1Ergonomics (CSet Construction) finish choosing CSet, eden: 135 regions, survivors: 13 regions, old: 0 regions, predicted pause time: 87.96 ms, target pause time: 200.00 ms]
, 0.0025473 secs]
   [Parallel Time: 1.8 ms, GC Workers: 2]
      [GC Worker Start (ms): Min: 67771.2, Avg: 67771.2, Max: 67771.2, Diff: 0.0]
      [Ext Root Scanning (ms): Min: 0.2, Avg: 0.2, Max: 0.3, Diff: 0.0, Sum: 0.5]
      [Update RS (ms): Min: 0.1, Avg: 0.1, Max: 0.1, Diff: 0.0, Sum: 0.1]
         [Processed Buffers: Min: 1, Avg: 2.0, Max: 3, Diff: 2, Sum: 4]
      [Scan RS (ms): Min: 0.2, Avg: 0.2, Max: 0.2, Diff: 0.0, Sum: 0.4]
      [Code Root Scanning (ms): Min: 0.1, Avg: 0.1, Max: 0.1, Diff: 0.0, Sum: 0.2]
      [Object Copy (ms): Min: 1.1, Avg: 1.1, Max: 1.1, Diff: 0.0, Sum: 2.3]
      [Termination (ms): Min: 0.0, Avg: 0.0, Max: 0.0, Diff: 0.0, Sum: 0.0]
      [GC Worker Other (ms): Min: 0.0, Avg: 0.0, Max: 0.0, Diff: 0.0, Sum: 0.0]
      [GC Worker Total (ms): Min: 1.8, Avg: 1.8, Max: 1.8, Diff: 0.0, Sum: 3.6]
      [GC Worker End (ms): Min: 67773.0, Avg: 67773.0, Max: 67773.0, Diff: 0.0]
   [Code Root Fixup: 0.0 ms]
   [Code Root Migration: 0.0 ms]
   [Clear CT: 0.1 ms]
   [Other: 0.5 ms]
      [Choose CSet: 0.0 ms]
      [Ref Proc: 0.1 ms]
      [Ref Enq: 0.0 ms]
      [Free CSet: 0.3 ms]
   [Eden: 135.0M(135.0M)->0.0B(147.0M) Survivors: 13.0M->3072.0K Heap: 214.2M(256.0M)->69.9M(256.0M)]
 [Times: user=0.00 sys=0.00, real=0.00 secs] 
2014-07-10T11:37:17.098+0200: 67.878: [GC pause (G1 Evacuation Pause) (young) 67.878: [G1Ergonomics (CSet Construction) start choosing CSet, _pending_cards: 512, predicted base time: 1.20 ms, remaining time: 198.80 ms, target pause time: 200.00 ms]
 67.878: [G1Ergonomics (CSet Construction) add young regions to CSet, eden: 147 regions, survivors: 3 regions, predicted young region time: 87.04 ms]
 67.878: [G1Ergonomics (CSet Construction) finish choosing CSet, eden: 147 regions, survivors: 3 regions, old: 0 regions, predicted pause time: 88.25 ms, target pause time: 200.00 ms]
, 0.0122669 secs]
   [Parallel Time: 11.5 ms, GC Workers: 2]
      [GC Worker Start (ms): Min: 67877.6, Avg: 67877.6, Max: 67877.6, Diff: 0.0]
      [Ext Root Scanning (ms): Min: 0.3, Avg: 0.3, Max: 0.3, Diff: 0.0, Sum: 0.6]
      [Update RS (ms): Min: 0.0, Avg: 0.1, Max: 0.1, Diff: 0.0, Sum: 0.1]
         [Processed Buffers: Min: 1, Avg: 1.5, Max: 2, Diff: 1, Sum: 3]
      [Scan RS (ms): Min: 0.2, Avg: 0.2, Max: 0.2, Diff: 0.0, Sum: 0.4]
      [Code Root Scanning (ms): Min: 0.1, Avg: 0.1, Max: 0.1, Diff: 0.0, Sum: 0.2]
      [Object Copy (ms): Min: 10.8, Avg: 10.8, Max: 10.8, Diff: 0.0, Sum: 21.6]
      [Termination (ms): Min: 0.0, Avg: 0.0, Max: 0.0, Diff: 0.0, Sum: 0.0]
      [GC Worker Other (ms): Min: 0.0, Avg: 0.0, Max: 0.0, Diff: 0.0, Sum: 0.1]
      [GC Worker Total (ms): Min: 11.5, Avg: 11.5, Max: 11.5, Diff: 0.0, Sum: 23.0]
      [GC Worker End (ms): Min: 67889.1, Avg: 67889.1, Max: 67889.1, Diff: 0.0]
   [Code Root Fixup: 0.0 ms]
   [Code Root Migration: 0.1 ms]
   [Clear CT: 0.2 ms]
   [Other: 0.5 ms]
      [Choose CSet: 0.0 ms]
      [Ref Proc: 0.1 ms]
      [Ref Enq: 0.0 ms]
      [Free CSet: 0.2 ms]
   [Eden: 147.0M(147.0M)->0.0B(126.0M) Survivors: 3072.0K->18.0M Heap: 216.9M(256.0M)->84.8M(256.0M)]
 [Times: user=0.03 sys=0.00, real=0.01 secs] 
2014-07-10T11:37:17.242+0200: 68.022: [GC pause (G1 Evacuation Pause) (young) 68.022: [G1Ergonomics (CSet Construction) start choosing CSet, _pending_cards: 512, predicted base time: 1.15 ms, remaining time: 198.85 ms, target pause time: 200.00 ms]
 68.022: [G1Ergonomics (CSet Construction) add young regions to CSet, eden: 126 regions, survivors: 18 regions, predicted young region time: 66.47 ms]
 68.022: [G1Ergonomics (CSet Construction) finish choosing CSet, eden: 126 regions, survivors: 18 regions, old: 0 regions, predicted pause time: 67.63 ms, target pause time: 200.00 ms]
, 0.0087719 secs]
   [Parallel Time: 8.0 ms, GC Workers: 2]
      [GC Worker Start (ms): Min: 68021.9, Avg: 68021.9, Max: 68021.9, Diff: 0.0]
      [Ext Root Scanning (ms): Min: 0.3, Avg: 0.3, Max: 0.3, Diff: 0.0, Sum: 0.6]
      [Update RS (ms): Min: 0.0, Avg: 0.0, Max: 0.0, Diff: 0.0, Sum: 0.1]
         [Processed Buffers: Min: 1, Avg: 1.5, Max: 2, Diff: 1, Sum: 3]
      [Scan RS (ms): Min: 0.2, Avg: 0.2, Max: 0.2, Diff: 0.0, Sum: 0.4]
      [Code Root Scanning (ms): Min: 0.1, Avg: 0.1, Max: 0.1, Diff: 0.0, Sum: 0.2]
      [Object Copy (ms): Min: 7.3, Avg: 7.3, Max: 7.3, Diff: 0.0, Sum: 14.5]
      [Termination (ms): Min: 0.0, Avg: 0.0, Max: 0.0, Diff: 0.0, Sum: 0.0]
      [GC Worker Other (ms): Min: 0.0, Avg: 0.0, Max: 0.0, Diff: 0.0, Sum: 0.1]
      [GC Worker Total (ms): Min: 8.0, Avg: 8.0, Max: 8.0, Diff: 0.0, Sum: 16.0]
      [GC Worker End (ms): Min: 68029.9, Avg: 68029.9, Max: 68029.9, Diff: 0.0]
   [Code Root Fixup: 0.0 ms]
   [Code Root Migration: 0.3 ms]
   [Clear CT: 0.1 ms]
   [Other: 0.4 ms]
      [Choose CSet: 0.0 ms]
      [Ref Proc: 0.1 ms]
      [Ref Enq: 0.0 ms]
      [Free CSet: 0.2 ms]
   [Eden: 126.0M(126.0M)->0.0B(136.0M) Survivors: 18.0M->12.0M Heap: 210.8M(256.0M)->78.7M(256.0M)]
 [Times: user=0.00 sys=0.00, real=0.01 secs] 
2014-07-10T11:37:17.402+0200: 68.182: [GC pause (G1 Evacuation Pause) (young) 68.182: [G1Ergonomics (CSet Construction) start choosing CSet, _pending_cards: 512, predicted base time: 1.13 ms, remaining time: 198.87 ms, target pause time: 200.00 ms]
 68.182: [G1Ergonomics (CSet Construction) add young regions to CSet, eden: 136 regions, survivors: 12 regions, predicted young region time: 83.26 ms]
 68.182: [G1Ergonomics (CSet Construction) finish choosing CSet, eden: 136 regions, survivors: 12 regions, old: 0 regions, predicted pause time: 84.39 ms, target pause time: 200.00 ms]
, 0.0188570 secs]
   [Parallel Time: 17.3 ms, GC Workers: 2]
      [GC Worker Start (ms): Min: 68182.0, Avg: 68182.0, Max: 68182.0, Diff: 0.0]
      [Ext Root Scanning (ms): Min: 0.6, Avg: 0.6, Max: 0.6, Diff: 0.0, Sum: 1.1]
      [Update RS (ms): Min: 0.1, Avg: 0.1, Max: 0.1, Diff: 0.0, Sum: 0.2]
         [Processed Buffers: Min: 1, Avg: 1.5, Max: 2, Diff: 1, Sum: 3]
      [Scan RS (ms): Min: 0.4, Avg: 0.4, Max: 0.4, Diff: 0.0, Sum: 0.8]
      [Code Root Scanning (ms): Min: 0.1, Avg: 0.1, Max: 0.1, Diff: 0.0, Sum: 0.3]
      [Object Copy (ms): Min: 15.9, Avg: 15.9, Max: 15.9, Diff: 0.0, Sum: 31.9]
      [Termination (ms): Min: 0.0, Avg: 0.0, Max: 0.0, Diff: 0.0, Sum: 0.0]
      [GC Worker Other (ms): Min: 0.0, Avg: 0.0, Max: 0.0, Diff: 0.0, Sum: 0.1]
      [GC Worker Total (ms): Min: 17.2, Avg: 17.2, Max: 17.2, Diff: 0.0, Sum: 34.4]
      [GC Worker End (ms): Min: 68199.2, Avg: 68199.2, Max: 68199.2, Diff: 0.0]
   [Code Root Fixup: 0.0 ms]
   [Code Root Migration: 0.1 ms]
   [Clear CT: 0.3 ms]
   [Other: 1.1 ms]
      [Choose CSet: 0.1 ms]
      [Ref Proc: 0.4 ms]
      [Ref Enq: 0.0 ms]
      [Free CSet: 0.5 ms]
   [Eden: 136.0M(136.0M)->0.0B(130.0M) Survivors: 12.0M->16.0M Heap: 214.7M(256.0M)->82.6M(256.0M)]
 [Times: user=0.03 sys=0.00, real=0.02 secs] 
2014-07-10T11:37:17.516+0200: 68.296: [GC pause (G1 Evacuation Pause) (young) 68.296: [G1Ergonomics (CSet Construction) start choosing CSet, _pending_cards: 259, predicted base time: 1.44 ms, remaining time: 198.56 ms, target pause time: 200.00 ms]
 68.296: [G1Ergonomics (CSet Construction) add young regions to CSet, eden: 130 regions, survivors: 16 regions, predicted young region time: 102.95 ms]
 68.296: [G1Ergonomics (CSet Construction) finish choosing CSet, eden: 130 regions, survivors: 16 regions, old: 0 regions, predicted pause time: 104.39 ms, target pause time: 200.00 ms]
, 0.0013781 secs]
   [Parallel Time: 1.0 ms, GC Workers: 2]
      [GC Worker Start (ms): Min: 68296.4, Avg: 68296.6, Max: 68296.9, Diff: 0.5]
      [Ext Root Scanning (ms): Min: 0.0, Avg: 0.2, Max: 0.3, Diff: 0.3, Sum: 0.3]
      [Update RS (ms): Min: 0.0, Avg: 0.0, Max: 0.1, Diff: 0.1, Sum: 0.1]
         [Processed Buffers: Min: 0, Avg: 1.5, Max: 3, Diff: 3, Sum: 3]
      [Scan RS (ms): Min: 0.2, Avg: 0.2, Max: 0.2, Diff: 0.1, Sum: 0.4]
      [Code Root Scanning (ms): Min: 0.1, Avg: 0.2, Max: 0.2, Diff: 0.1, Sum: 0.3]
      [Object Copy (ms): Min: 0.1, Avg: 0.1, Max: 0.1, Diff: 0.0, Sum: 0.2]
      [Termination (ms): Min: 0.0, Avg: 0.0, Max: 0.0, Diff: 0.0, Sum: 0.0]
      [GC Worker Other (ms): Min: 0.0, Avg: 0.0, Max: 0.0, Diff: 0.0, Sum: 0.0]
      [GC Worker Total (ms): Min: 0.4, Avg: 0.7, Max: 0.9, Diff: 0.5, Sum: 1.3]
      [GC Worker End (ms): Min: 68297.3, Avg: 68297.3, Max: 68297.3, Diff: 0.0]
   [Code Root Fixup: 0.0 ms]
   [Code Root Migration: 0.0 ms]
   [Clear CT: 0.1 ms]
   [Other: 0.3 ms]
      [Choose CSet: 0.0 ms]
      [Ref Proc: 0.0 ms]
      [Ref Enq: 0.0 ms]
      [Free CSet: 0.2 ms]
   [Eden: 130.0M(130.0M)->0.0B(148.0M) Survivors: 16.0M->1024.0K Heap: 212.6M(256.0M)->67.4M(256.0M)]
 [Times: user=0.00 sys=0.00, real=0.00 secs] 
2014-07-10T11:37:17.646+0200: 68.426: [GC pause (G1 Evacuation Pause) (young) 68.426: [G1Ergonomics (CSet Construction) start choosing CSet, _pending_cards: 256, predicted base time: 1.31 ms, remaining time: 198.69 ms, target pause time: 200.00 ms]
 68.426: [G1Ergonomics (CSet Construction) add young regions to CSet, eden: 148 regions, survivors: 1 regions, predicted young region time: 96.33 ms]
 68.426: [G1Ergonomics (CSet Construction) finish choosing CSet, eden: 148 regions, survivors: 1 regions, old: 0 regions, predicted pause time: 97.64 ms, target pause time: 200.00 ms]
, 0.0121316 secs]
   [Parallel Time: 11.3 ms, GC Workers: 2]
      [GC Worker Start (ms): Min: 68426.0, Avg: 68427.0, Max: 68428.1, Diff: 2.1]
      [Ext Root Scanning (ms): Min: 0.0, Avg: 0.3, Max: 0.6, Diff: 0.6, Sum: 0.6]
      [Update RS (ms): Min: 0.0, Avg: 0.0, Max: 0.1, Diff: 0.1, Sum: 0.1]
         [Processed Buffers: Min: 0, Avg: 1.0, Max: 2, Diff: 2, Sum: 2]
      [Scan RS (ms): Min: 0.0, Avg: 0.2, Max: 0.5, Diff: 0.4, Sum: 0.5]
      [Code Root Scanning (ms): Min: 0.0, Avg: 0.1, Max: 0.2, Diff: 0.2, Sum: 0.2]
      [Object Copy (ms): Min: 9.1, Avg: 9.5, Max: 9.9, Diff: 0.8, Sum: 19.0]
      [Termination (ms): Min: 0.0, Avg: 0.0, Max: 0.0, Diff: 0.0, Sum: 0.0]
      [GC Worker Other (ms): Min: 0.0, Avg: 0.0, Max: 0.0, Diff: 0.0, Sum: 0.1]
      [GC Worker Total (ms): Min: 9.2, Avg: 10.2, Max: 11.2, Diff: 2.1, Sum: 20.4]
      [GC Worker End (ms): Min: 68437.2, Avg: 68437.2, Max: 68437.2, Diff: 0.0]
   [Code Root Fixup: 0.0 ms]
   [Code Root Migration: 0.1 ms]
   [Clear CT: 0.1 ms]
   [Other: 0.7 ms]
      [Choose CSet: 0.2 ms]
      [Ref Proc: 0.1 ms]
      [Ref Enq: 0.0 ms]
      [Free CSet: 0.2 ms]
   [Eden: 148.0M(148.0M)->0.0B(128.0M) Survivors: 1024.0K->17.0M Heap: 215.4M(256.0M)->83.3M(256.0M)]
 [Times: user=0.00 sys=0.00, real=0.01 secs] 
2014-07-10T11:37:17.794+0200: 68.574: [GC pause (G1 Evacuation Pause) (young) 68.574: [G1Ergonomics (CSet Construction) start choosing CSet, _pending_cards: 256, predicted base time: 1.65 ms, remaining time: 198.35 ms, target pause time: 200.00 ms]
 68.574: [G1Ergonomics (CSet Construction) add young regions to CSet, eden: 128 regions, survivors: 17 regions, predicted young region time: 17.49 ms]
 68.574: [G1Ergonomics (CSet Construction) finish choosing CSet, eden: 128 regions, survivors: 17 regions, old: 0 regions, predicted pause time: 19.14 ms, target pause time: 200.00 ms]
, 0.0092085 secs]
   [Parallel Time: 8.5 ms, GC Workers: 2]
      [GC Worker Start (ms): Min: 68574.0, Avg: 68574.0, Max: 68574.0, Diff: 0.0]
      [Ext Root Scanning (ms): Min: 0.3, Avg: 0.3, Max: 0.3, Diff: 0.0, Sum: 0.7]
      [Update RS (ms): Min: 0.0, Avg: 0.0, Max: 0.1, Diff: 0.1, Sum: 0.1]
         [Processed Buffers: Min: 1, Avg: 1.0, Max: 1, Diff: 0, Sum: 2]
      [Scan RS (ms): Min: 0.2, Avg: 0.2, Max: 0.3, Diff: 0.1, Sum: 0.5]
      [Code Root Scanning (ms): Min: 0.1, Avg: 0.1, Max: 0.1, Diff: 0.0, Sum: 0.3]
      [Object Copy (ms): Min: 7.7, Avg: 7.7, Max: 7.7, Diff: 0.0, Sum: 15.3]
      [Termination (ms): Min: 0.0, Avg: 0.0, Max: 0.0, Diff: 0.0, Sum: 0.0]
      [GC Worker Other (ms): Min: 0.0, Avg: 0.1, Max: 0.1, Diff: 0.0, Sum: 0.1]
      [GC Worker Total (ms): Min: 8.5, Avg: 8.5, Max: 8.5, Diff: 0.0, Sum: 17.0]
      [GC Worker End (ms): Min: 68582.4, Avg: 68582.5, Max: 68582.5, Diff: 0.0]
   [Code Root Fixup: 0.0 ms]
   [Code Root Migration: 0.1 ms]
   [Clear CT: 0.2 ms]
   [Other: 0.5 ms]
      [Choose CSet: 0.0 ms]
      [Ref Proc: 0.1 ms]
      [Ref Enq: 0.0 ms]
      [Free CSet: 0.2 ms]
   [Eden: 128.0M(128.0M)->0.0B(136.0M) Survivors: 17.0M->12.0M Heap: 211.3M(256.0M)->79.2M(256.0M)]
 [Times: user=0.03 sys=0.00, real=0.01 secs] 
2014-07-10T11:37:17.903+0200: 68.683: [GC pause (G1 Evacuation Pause) (young) 68.683: [G1Ergonomics (CSet Construction) start choosing CSet, _pending_cards: 256, predicted base time: 1.50 ms, remaining time: 198.50 ms, target pause time: 200.00 ms]
 68.683: [G1Ergonomics (CSet Construction) add young regions to CSet, eden: 136 regions, survivors: 12 regions, predicted young region time: 92.33 ms]
 68.683: [G1Ergonomics (CSet Construction) finish choosing CSet, eden: 136 regions, survivors: 12 regions, old: 0 regions, predicted pause time: 93.83 ms, target pause time: 200.00 ms]
, 0.0111381 secs]
   [Parallel Time: 9.7 ms, GC Workers: 2]
      [GC Worker Start (ms): Min: 68683.6, Avg: 68683.6, Max: 68683.6, Diff: 0.0]
      [Ext Root Scanning (ms): Min: 0.6, Avg: 0.6, Max: 0.6, Diff: 0.0, Sum: 1.2]
      [Update RS (ms): Min: 0.0, Avg: 0.1, Max: 0.1, Diff: 0.1, Sum: 0.2]
         [Processed Buffers: Min: 1, Avg: 1.0, Max: 1, Diff: 0, Sum: 2]
      [Scan RS (ms): Min: 0.4, Avg: 0.4, Max: 0.5, Diff: 0.1, Sum: 0.8]
      [Code Root Scanning (ms): Min: 0.1, Avg: 0.2, Max: 0.2, Diff: 0.0, Sum: 0.3]
      [Object Copy (ms): Min: 8.3, Avg: 8.3, Max: 8.4, Diff: 0.1, Sum: 16.7]
      [Termination (ms): Min: 0.0, Avg: 0.0, Max: 0.0, Diff: 0.0, Sum: 0.0]
      [GC Worker Other (ms): Min: 0.0, Avg: 0.0, Max: 0.0, Diff: 0.0, Sum: 0.1]
      [GC Worker Total (ms): Min: 9.6, Avg: 9.6, Max: 9.6, Diff: 0.0, Sum: 19.3]
      [GC Worker End (ms): Min: 68693.2, Avg: 68693.2, Max: 68693.2, Diff: 0.0]
   [Code Root Fixup: 0.0 ms]
   [Code Root Migration: 0.1 ms]
   [Clear CT: 0.2 ms]
   [Other: 1.1 ms]
      [Choose CSet: 0.1 ms]
      [Ref Proc: 0.4 ms]
      [Ref Enq: 0.0 ms]
      [Free CSet: 0.4 ms]
   [Eden: 136.0M(136.0M)->0.0B(141.0M) Survivors: 12.0M->8192.0K Heap: 215.2M(256.0M)->75.0M(256.0M)]
 [Times: user=0.03 sys=0.00, real=0.01 secs] 
2014-07-10T11:37:18.041+0200: 68.821: [GC pause (G1 Evacuation Pause) (young) 68.821: [G1Ergonomics (CSet Construction) start choosing CSet, _pending_cards: 256, predicted base time: 1.64 ms, remaining time: 198.36 ms, target pause time: 200.00 ms]
 68.821: [G1Ergonomics (CSet Construction) add young regions to CSet, eden: 141 regions, survivors: 8 regions, predicted young region time: 37.04 ms]
 68.821: [G1Ergonomics (CSet Construction) finish choosing CSet, eden: 141 regions, survivors: 8 regions, old: 0 regions, predicted pause time: 38.68 ms, target pause time: 200.00 ms]
, 0.0113819 secs]
   [Parallel Time: 10.6 ms, GC Workers: 2]
      [GC Worker Start (ms): Min: 68820.9, Avg: 68820.9, Max: 68820.9, Diff: 0.0]
      [Ext Root Scanning (ms): Min: 0.3, Avg: 0.3, Max: 0.3, Diff: 0.0, Sum: 0.6]
      [Update RS (ms): Min: 0.0, Avg: 0.0, Max: 0.0, Diff: 0.0, Sum: 0.0]
         [Processed Buffers: Min: 1, Avg: 1.0, Max: 1, Diff: 0, Sum: 2]
      [Scan RS (ms): Min: 0.2, Avg: 0.2, Max: 0.2, Diff: 0.0, Sum: 0.4]
      [Code Root Scanning (ms): Min: 0.1, Avg: 0.1, Max: 0.1, Diff: 0.0, Sum: 0.2]
      [Object Copy (ms): Min: 9.9, Avg: 9.9, Max: 9.9, Diff: 0.0, Sum: 19.9]
      [Termination (ms): Min: 0.0, Avg: 0.0, Max: 0.0, Diff: 0.0, Sum: 0.0]
      [GC Worker Other (ms): Min: 0.0, Avg: 0.0, Max: 0.0, Diff: 0.0, Sum: 0.1]
      [GC Worker Total (ms): Min: 10.6, Avg: 10.6, Max: 10.6, Diff: 0.0, Sum: 21.2]
      [GC Worker End (ms): Min: 68831.4, Avg: 68831.4, Max: 68831.4, Diff: 0.0]
   [Code Root Fixup: 0.0 ms]
   [Code Root Migration: 0.1 ms]
   [Clear CT: 0.1 ms]
   [Other: 0.6 ms]
      [Choose CSet: 0.0 ms]
      [Ref Proc: 0.2 ms]
      [Ref Enq: 0.0 ms]
      [Free CSet: 0.2 ms]
   [Eden: 141.0M(141.0M)->0.0B(128.0M) Survivors: 8192.0K->17.0M Heap: 216.0M(256.0M)->83.9M(256.0M)]
 [Times: user=0.03 sys=0.00, real=0.01 secs] 
2014-07-10T11:37:18.199+0200: 68.979: [GC pause (G1 Evacuation Pause) (young) 68.980: [G1Ergonomics (CSet Construction) start choosing CSet, _pending_cards: 256, predicted base time: 1.48 ms, remaining time: 198.52 ms, target pause time: 200.00 ms]
 68.980: [G1Ergonomics (CSet Construction) add young regions to CSet, eden: 128 regions, survivors: 17 regions, predicted young region time: 103.35 ms]
 68.980: [G1Ergonomics (CSet Construction) finish choosing CSet, eden: 128 regions, survivors: 17 regions, old: 0 regions, predicted pause time: 104.82 ms, target pause time: 200.00 ms]
, 0.0153902 secs]
   [Parallel Time: 14.1 ms, GC Workers: 2]
      [GC Worker Start (ms): Min: 68979.7, Avg: 68979.7, Max: 68979.7, Diff: 0.0]
      [Ext Root Scanning (ms): Min: 0.6, Avg: 0.6, Max: 0.6, Diff: 0.0, Sum: 1.2]
      [Update RS (ms): Min: 0.0, Avg: 0.0, Max: 0.1, Diff: 0.0, Sum: 0.1]
         [Processed Buffers: Min: 1, Avg: 1.0, Max: 1, Diff: 0, Sum: 2]
      [Scan RS (ms): Min: 0.5, Avg: 0.6, Max: 0.6, Diff: 0.1, Sum: 1.1]
      [Code Root Scanning (ms): Min: 0.1, Avg: 0.1, Max: 0.2, Diff: 0.1, Sum: 0.3]
      [Object Copy (ms): Min: 12.6, Avg: 12.7, Max: 12.7, Diff: 0.0, Sum: 25.3]
      [Termination (ms): Min: 0.0, Avg: 0.0, Max: 0.0, Diff: 0.0, Sum: 0.0]
      [GC Worker Other (ms): Min: 0.0, Avg: 0.0, Max: 0.0, Diff: 0.0, Sum: 0.1]
      [GC Worker Total (ms): Min: 14.0, Avg: 14.0, Max: 14.1, Diff: 0.0, Sum: 28.1]
      [GC Worker End (ms): Min: 68993.8, Avg: 68993.8, Max: 68993.8, Diff: 0.0]
   [Code Root Fixup: 0.0 ms]
   [Code Root Migration: 0.1 ms]
   [Clear CT: 0.2 ms]
   [Other: 1.0 ms]
      [Choose CSet: 0.1 ms]
      [Ref Proc: 0.1 ms]
      [Ref Enq: 0.0 ms]
      [Free CSet: 0.5 ms]
   [Eden: 128.0M(128.0M)->0.0B(134.0M) Survivors: 17.0M->13.0M Heap: 211.9M(256.0M)->79.8M(256.0M)]
 [Times: user=0.03 sys=0.00, real=0.02 secs] 
2014-07-10T11:37:18.297+0200: 69.077: [GC pause (G1 Evacuation Pause) (young) 69.077: [G1Ergonomics (CSet Construction) start choosing CSet, _pending_cards: 256, predicted base time: 1.50 ms, remaining time: 198.50 ms, target pause time: 200.00 ms]
 69.077: [G1Ergonomics (CSet Construction) add young regions to CSet, eden: 134 regions, survivors: 13 regions, predicted young region time: 120.95 ms]
 69.077: [G1Ergonomics (CSet Construction) finish choosing CSet, eden: 134 regions, survivors: 13 regions, old: 0 regions, predicted pause time: 122.45 ms, target pause time: 200.00 ms]
, 0.0099422 secs]
   [Parallel Time: 9.3 ms, GC Workers: 2]
      [GC Worker Start (ms): Min: 69077.4, Avg: 69077.4, Max: 69077.4, Diff: 0.0]
      [Ext Root Scanning (ms): Min: 0.3, Avg: 0.3, Max: 0.3, Diff: 0.0, Sum: 0.5]
      [Update RS (ms): Min: 0.0, Avg: 0.0, Max: 0.0, Diff: 0.0, Sum: 0.0]
         [Processed Buffers: Min: 1, Avg: 1.0, Max: 1, Diff: 0, Sum: 2]
      [Scan RS (ms): Min: 0.2, Avg: 0.2, Max: 0.2, Diff: 0.0, Sum: 0.4]
      [Code Root Scanning (ms): Min: 0.1, Avg: 0.1, Max: 0.1, Diff: 0.0, Sum: 0.2]
      [Object Copy (ms): Min: 8.7, Avg: 8.7, Max: 8.7, Diff: 0.0, Sum: 17.4]
      [Termination (ms): Min: 0.0, Avg: 0.0, Max: 0.0, Diff: 0.0, Sum: 0.0]
      [GC Worker Other (ms): Min: 0.0, Avg: 0.0, Max: 0.0, Diff: 0.0, Sum: 0.0]
      [GC Worker Total (ms): Min: 9.3, Avg: 9.3, Max: 9.3, Diff: 0.0, Sum: 18.6]
      [GC Worker End (ms): Min: 69086.7, Avg: 69086.7, Max: 69086.7, Diff: 0.0]
   [Code Root Fixup: 0.0 ms]
   [Code Root Migration: 0.0 ms]
   [Clear CT: 0.1 ms]
   [Other: 0.4 ms]
      [Choose CSet: 0.0 ms]
      [Ref Proc: 0.1 ms]
      [Ref Enq: 0.0 ms]
      [Free CSet: 0.2 ms]
   [Eden: 134.0M(134.0M)->0.0B(132.0M) Survivors: 13.0M->15.0M Heap: 213.8M(256.0M)->81.7M(256.0M)]
 [Times: user=0.03 sys=0.00, real=0.01 secs] 
2014-07-10T11:37:18.447+0200: 69.227: [GC pause (G1 Evacuation Pause) (young) 69.227: [G1Ergonomics (CSet Construction) start choosing CSet, _pending_cards: 256, predicted base time: 1.33 ms, remaining time: 198.67 ms, target pause time: 200.00 ms]
 69.227: [G1Ergonomics (CSet Construction) add young regions to CSet, eden: 132 regions, survivors: 15 regions, predicted young region time: 93.11 ms]
 69.227: [G1Ergonomics (CSet Construction) finish choosing CSet, eden: 132 regions, survivors: 15 regions, old: 0 regions, predicted pause time: 94.44 ms, target pause time: 200.00 ms]
, 0.0124293 secs]
   [Parallel Time: 11.5 ms, GC Workers: 2]
      [GC Worker Start (ms): Min: 69227.4, Avg: 69233.1, Max: 69238.7, Diff: 11.3]
      [Ext Root Scanning (ms): Min: 0.0, Avg: 0.3, Max: 0.6, Diff: 0.5, Sum: 0.6]
      [Update RS (ms): Min: 0.0, Avg: 0.0, Max: 0.0, Diff: 0.0, Sum: 0.0]
         [Processed Buffers: Min: 0, Avg: 1.0, Max: 2, Diff: 2, Sum: 2]
      [Scan RS (ms): Min: 0.0, Avg: 0.3, Max: 0.5, Diff: 0.5, Sum: 0.6]
      [Code Root Scanning (ms): Min: 0.0, Avg: 0.1, Max: 0.2, Diff: 0.2, Sum: 0.2]
      [Object Copy (ms): Min: 0.0, Avg: 4.9, Max: 9.8, Diff: 9.8, Sum: 9.8]
      [Termination (ms): Min: 0.0, Avg: 0.1, Max: 0.3, Diff: 0.3, Sum: 0.3]
      [GC Worker Other (ms): Min: 0.0, Avg: 0.0, Max: 0.0, Diff: 0.0, Sum: 0.0]
      [GC Worker Total (ms): Min: 0.1, Avg: 5.8, Max: 11.5, Diff: 11.4, Sum: 11.6]
      [GC Worker End (ms): Min: 69238.7, Avg: 69238.8, Max: 69238.9, Diff: 0.2]
   [Code Root Fixup: 0.0 ms]
   [Code Root Migration: 0.0 ms]
   [Clear CT: 0.4 ms]
   [Other: 0.5 ms]
      [Choose CSet: 0.0 ms]
      [Ref Proc: 0.1 ms]
      [Ref Enq: 0.0 ms]
      [Free CSet: 0.2 ms]
   [Eden: 132.0M(132.0M)->0.0B(132.0M) Survivors: 15.0M->15.0M Heap: 213.7M(256.0M)->81.6M(256.0M)]
 [Times: user=0.02 sys=0.00, real=0.01 secs] 
2014-07-10T11:37:18.530+0200: 69.310: [GC pause (G1 Evacuation Pause) (young) 69.310: [G1Ergonomics (CSet Construction) start choosing CSet, _pending_cards: 259, predicted base time: 3.93 ms, remaining time: 196.07 ms, target pause time: 200.00 ms]
 69.310: [G1Ergonomics (CSet Construction) add young regions to CSet, eden: 132 regions, survivors: 15 regions, predicted young region time: 96.94 ms]
 69.310: [G1Ergonomics (CSet Construction) finish choosing CSet, eden: 132 regions, survivors: 15 regions, old: 0 regions, predicted pause time: 100.87 ms, target pause time: 200.00 ms]
 69.338: [G1Ergonomics (Heap Sizing) attempt heap expansion, reason: region allocation request failed, allocation request: 32784 bytes]
 69.338: [G1Ergonomics (Heap Sizing) expand the heap, requested expansion amount: 32784 bytes, attempted expansion amount: 1048576 bytes]
 69.338: [G1Ergonomics (Heap Sizing) did not expand the heap, reason: heap already fully expanded]
 (to-space exhausted), 0.0299694 secs]
   [Parallel Time: 29.1 ms, GC Workers: 2]
      [GC Worker Start (ms): Min: 69309.7, Avg: 69309.9, Max: 69310.1, Diff: 0.3]
      [Ext Root Scanning (ms): Min: 0.0, Avg: 0.2, Max: 0.3, Diff: 0.3, Sum: 0.4]
      [Update RS (ms): Min: 0.0, Avg: 0.0, Max: 0.1, Diff: 0.1, Sum: 0.1]
         [Processed Buffers: Min: 0, Avg: 1.5, Max: 3, Diff: 3, Sum: 3]
      [Scan RS (ms): Min: 0.5, Avg: 0.7, Max: 1.0, Diff: 0.5, Sum: 1.4]
      [Code Root Scanning (ms): Min: 0.0, Avg: 0.1, Max: 0.2, Diff: 0.2, Sum: 0.2]
      [Object Copy (ms): Min: 27.6, Avg: 27.9, Max: 28.1, Diff: 0.5, Sum: 55.8]
      [Termination (ms): Min: 0.0, Avg: 0.0, Max: 0.0, Diff: 0.0, Sum: 0.0]
      [GC Worker Other (ms): Min: 0.0, Avg: 0.0, Max: 0.0, Diff: 0.0, Sum: 0.1]
      [GC Worker Total (ms): Min: 28.8, Avg: 28.9, Max: 29.1, Diff: 0.3, Sum: 57.9]
      [GC Worker End (ms): Min: 69338.8, Avg: 69338.8, Max: 69338.8, Diff: 0.0]
   [Code Root Fixup: 0.0 ms]
   [Code Root Migration: 0.0 ms]
   [Clear CT: 0.1 ms]
   [Other: 0.7 ms]
      [Choose CSet: 0.0 ms]
      [Ref Proc: 0.0 ms]
      [Ref Enq: 0.0 ms]
      [Free CSet: 0.2 ms]
   [Eden: 132.0M(132.0M)->0.0B(65.0M) Survivors: 15.0M->19.0M Heap: 213.6M(256.0M)->133.0M(256.0M)]
 [Times: user=0.05 sys=0.00, real=0.03 secs] 
2014-07-10T11:37:18.619+0200: 69.399: [GC pause (G1 Evacuation Pause) (young) 69.399: [G1Ergonomics (CSet Construction) start choosing CSet, _pending_cards: 512, predicted base time: 3.96 ms, remaining time: 196.04 ms, target pause time: 200.00 ms]
 69.399: [G1Ergonomics (CSet Construction) add young regions to CSet, eden: 65 regions, survivors: 19 regions, predicted young region time: 40.92 ms]
 69.399: [G1Ergonomics (CSet Construction) finish choosing CSet, eden: 65 regions, survivors: 19 regions, old: 0 regions, predicted pause time: 44.89 ms, target pause time: 200.00 ms]
 69.435: [G1Ergonomics (Heap Sizing) attempt heap expansion, reason: region allocation request failed, allocation request: 32784 bytes]
 69.435: [G1Ergonomics (Heap Sizing) expand the heap, requested expansion amount: 32784 bytes, attempted expansion amount: 1048576 bytes]
 69.435: [G1Ergonomics (Heap Sizing) did not expand the heap, reason: heap already fully expanded]
 69.436: [G1Ergonomics (Concurrent Cycles) request concurrent cycle initiation, reason: occupancy higher than threshold, occupancy: 176160768 bytes, allocation request: 0 bytes, threshold: 120795930 bytes (45.00 %), source: end of GC]
 (to-space exhausted), 0.0371461 secs]
   [Parallel Time: 36.6 ms, GC Workers: 2]
      [GC Worker Start (ms): Min: 69399.2, Avg: 69399.2, Max: 69399.2, Diff: 0.0]
      [Ext Root Scanning (ms): Min: 0.3, Avg: 0.3, Max: 0.3, Diff: 0.0, Sum: 0.7]
      [Update RS (ms): Min: 0.0, Avg: 0.0, Max: 0.0, Diff: 0.0, Sum: 0.1]
         [Processed Buffers: Min: 1, Avg: 1.5, Max: 2, Diff: 1, Sum: 3]
      [Scan RS (ms): Min: 0.1, Avg: 0.1, Max: 0.1, Diff: 0.0, Sum: 0.3]
      [Code Root Scanning (ms): Min: 0.1, Avg: 0.1, Max: 0.1, Diff: 0.0, Sum: 0.1]
      [Object Copy (ms): Min: 35.7, Avg: 35.9, Max: 36.0, Diff: 0.2, Sum: 71.7]
      [Termination (ms): Min: 0.0, Avg: 0.1, Max: 0.2, Diff: 0.2, Sum: 0.2]
      [GC Worker Other (ms): Min: 0.0, Avg: 0.0, Max: 0.1, Diff: 0.0, Sum: 0.1]
      [GC Worker Total (ms): Min: 36.6, Avg: 36.6, Max: 36.6, Diff: 0.0, Sum: 73.1]
      [GC Worker End (ms): Min: 69435.8, Avg: 69435.8, Max: 69435.8, Diff: 0.0]
   [Code Root Fixup: 0.0 ms]
   [Code Root Migration: 0.0 ms]
   [Clear CT: 0.1 ms]
   [Other: 0.4 ms]
      [Choose CSet: 0.0 ms]
      [Ref Proc: 0.0 ms]
      [Ref Enq: 0.0 ms]
      [Free CSet: 0.1 ms]
   [Eden: 65.0M(65.0M)->0.0B(30.0M) Survivors: 19.0M->11.0M Heap: 198.0M(256.0M)->179.0M(256.0M)]
 [Times: user=0.06 sys=0.00, real=0.04 secs] 
 69.451: [G1Ergonomics (Concurrent Cycles) initiate concurrent cycle, reason: concurrent cycle initiation requested]
2014-07-10T11:37:18.671+0200: 69.451: [GC pause (G1 Evacuation Pause) (young) (initial-mark) 69.451: [G1Ergonomics (CSet Construction) start choosing CSet, _pending_cards: 1024, predicted base time: 4.04 ms, remaining time: 195.96 ms, target pause time: 200.00 ms]
 69.451: [G1Ergonomics (CSet Construction) add young regions to CSet, eden: 30 regions, survivors: 11 regions, predicted young region time: 14.74 ms]
 69.451: [G1Ergonomics (CSet Construction) finish choosing CSet, eden: 30 regions, survivors: 11 regions, old: 0 regions, predicted pause time: 18.77 ms, target pause time: 200.00 ms]
, 0.0181076 secs]
   [Parallel Time: 17.6 ms, GC Workers: 2]
      [GC Worker Start (ms): Min: 69451.0, Avg: 69451.0, Max: 69451.0, Diff: 0.0]
      [Ext Root Scanning (ms): Min: 0.4, Avg: 0.4, Max: 0.4, Diff: 0.0, Sum: 0.7]
      [Code Root Marking (ms): Min: 0.1, Avg: 0.1, Max: 0.1, Diff: 0.0, Sum: 0.1]
      [Update RS (ms): Min: 0.0, Avg: 0.0, Max: 0.0, Diff: 0.0, Sum: 0.1]
         [Processed Buffers: Min: 1, Avg: 2.5, Max: 4, Diff: 3, Sum: 5]
      [Scan RS (ms): Min: 0.1, Avg: 0.1, Max: 0.1, Diff: 0.0, Sum: 0.2]
      [Code Root Scanning (ms): Min: 0.0, Avg: 0.0, Max: 0.0, Diff: 0.0, Sum: 0.1]
      [Object Copy (ms): Min: 17.0, Avg: 17.0, Max: 17.0, Diff: 0.0, Sum: 34.0]
      [Termination (ms): Min: 0.0, Avg: 0.0, Max: 0.0, Diff: 0.0, Sum: 0.0]
      [GC Worker Other (ms): Min: 0.0, Avg: 0.0, Max: 0.0, Diff: 0.0, Sum: 0.1]
      [GC Worker Total (ms): Min: 17.6, Avg: 17.6, Max: 17.6, Diff: 0.0, Sum: 35.2]
      [GC Worker End (ms): Min: 69468.6, Avg: 69468.6, Max: 69468.6, Diff: 0.0]
   [Code Root Fixup: 0.0 ms]
   [Code Root Migration: 0.0 ms]
   [Clear CT: 0.0 ms]
   [Other: 0.4 ms]
      [Choose CSet: 0.0 ms]
      [Ref Proc: 0.1 ms]
      [Ref Enq: 0.0 ms]
      [Free CSet: 0.1 ms]
   [Eden: 30.0M(30.0M)->0.0B(18.0M) Survivors: 11.0M->6144.0K Heap: 209.0M(256.0M)->194.8M(256.0M)]
 [Times: user=0.03 sys=0.00, real=0.02 secs] 
2014-07-10T11:37:18.689+0200: 69.469: [GC concurrent-root-region-scan-start]
2014-07-10T11:37:18.689+0200: 69.470: [GC concurrent-root-region-scan-end, 0.0002849 secs]
2014-07-10T11:37:18.689+0200: 69.470: [GC concurrent-mark-start]
2014-07-10T11:37:18.694+0200: 69.474: [GC concurrent-mark-end, 0.0037509 secs]
2014-07-10T11:37:18.703+0200: 69.484: [GC pause (G1 Evacuation Pause) (young) 69.484: [G1Ergonomics (CSet Construction) start choosing CSet, _pending_cards: 256, predicted base time: 3.23 ms, remaining time: 196.77 ms, target pause time: 200.00 ms]
 69.484: [G1Ergonomics (CSet Construction) add young regions to CSet, eden: 18 regions, survivors: 6 regions, predicted young region time: 10.59 ms]
 69.484: [G1Ergonomics (CSet Construction) finish choosing CSet, eden: 18 regions, survivors: 6 regions, old: 0 regions, predicted pause time: 13.81 ms, target pause time: 200.00 ms]
, 0.0163973 secs]
   [Parallel Time: 15.5 ms, GC Workers: 2]
      [GC Worker Start (ms): Min: 69483.6, Avg: 69484.7, Max: 69485.7, Diff: 2.1]
      [Ext Root Scanning (ms): Min: 0.0, Avg: 0.2, Max: 0.4, Diff: 0.4, Sum: 0.4]
      [SATB Filtering (ms): Min: 0.0, Avg: 0.0, Max: 0.0, Diff: 0.0, Sum: 0.0]
      [Update RS (ms): Min: 0.0, Avg: 0.0, Max: 0.0, Diff: 0.0, Sum: 0.0]
         [Processed Buffers: Min: 0, Avg: 1.0, Max: 2, Diff: 2, Sum: 2]
      [Scan RS (ms): Min: 0.0, Avg: 0.0, Max: 0.1, Diff: 0.1, Sum: 0.1]
      [Code Root Scanning (ms): Min: 0.0, Avg: 0.0, Max: 0.0, Diff: 0.0, Sum: 0.0]
      [Object Copy (ms): Min: 13.2, Avg: 14.0, Max: 14.8, Diff: 1.6, Sum: 28.0]
      [Termination (ms): Min: 0.0, Avg: 0.0, Max: 0.0, Diff: 0.0, Sum: 0.0]
      [GC Worker Other (ms): Min: 0.0, Avg: 0.0, Max: 0.0, Diff: 0.0, Sum: 0.1]
      [GC Worker Total (ms): Min: 13.3, Avg: 14.3, Max: 15.4, Diff: 2.1, Sum: 28.6]
      [GC Worker End (ms): Min: 69499.0, Avg: 69499.0, Max: 69499.0, Diff: 0.0]
   [Code Root Fixup: 0.0 ms]
   [Code Root Migration: 0.0 ms]
   [Clear CT: 0.6 ms]
   [Other: 0.4 ms]
      [Choose CSet: 0.0 ms]
      [Ref Proc: 0.2 ms]
      [Ref Enq: 0.0 ms]
      [Free CSet: 0.1 ms]
   [Eden: 18.0M(18.0M)->0.0B(9216.0K) Survivors: 6144.0K->3072.0K Heap: 212.8M(256.0M)->212.8M(256.0M)]
 [Times: user=0.01 sys=0.00, real=0.02 secs] 
2014-07-10T11:37:18.720+0200: 69.500: [GC remark 69.500: [GC ref-proc, 0.0000601 secs], 0.0010507 secs]
 [Times: user=0.02 sys=0.00, real=0.00 secs] 
2014-07-10T11:37:18.722+0200: 69.502: [GC cleanup 213M->85M(256M), 0.0006438 secs]
 [Times: user=0.00 sys=0.00, real=0.00 secs] 
2014-07-10T11:37:18.722+0200: 69.502: [GC concurrent-cleanup-start]
2014-07-10T11:37:18.722+0200: 69.503: [GC concurrent-cleanup-end, 0.0002636 secs]
2014-07-10T11:37:18.728+0200: 69.508: [GC pause (G1 Evacuation Pause) (young) 69.508: [G1Ergonomics (CSet Construction) start choosing CSet, _pending_cards: 514, predicted base time: 3.08 ms, remaining time: 196.92 ms, target pause time: 200.00 ms]
 69.508: [G1Ergonomics (CSet Construction) add young regions to CSet, eden: 9 regions, survivors: 3 regions, predicted young region time: 6.65 ms]
 69.508: [G1Ergonomics (CSet Construction) finish choosing CSet, eden: 9 regions, survivors: 3 regions, old: 0 regions, predicted pause time: 9.73 ms, target pause time: 200.00 ms]
 69.516: [G1Ergonomics (Mixed GCs) start mixed GCs, reason: candidate old regions available, candidate old regions: 40 regions, reclaimable: 40210064 bytes (14.98 %), threshold: 10.00 %]
, 0.0085988 secs]
   [Parallel Time: 8.3 ms, GC Workers: 2]
      [GC Worker Start (ms): Min: 69507.9, Avg: 69508.0, Max: 69508.1, Diff: 0.2]
      [Ext Root Scanning (ms): Min: 0.1, Avg: 0.2, Max: 0.4, Diff: 0.3, Sum: 0.5]
      [Update RS (ms): Min: 0.1, Avg: 0.1, Max: 0.2, Diff: 0.1, Sum: 0.3]
         [Processed Buffers: Min: 1, Avg: 2.0, Max: 3, Diff: 2, Sum: 4]
      [Scan RS (ms): Min: 0.0, Avg: 0.0, Max: 0.0, Diff: 0.0, Sum: 0.0]
      [Code Root Scanning (ms): Min: 0.0, Avg: 0.0, Max: 0.0, Diff: 0.0, Sum: 0.0]
      [Object Copy (ms): Min: 7.7, Avg: 7.7, Max: 7.7, Diff: 0.0, Sum: 15.4]
      [Termination (ms): Min: 0.0, Avg: 0.0, Max: 0.0, Diff: 0.0, Sum: 0.0]
      [GC Worker Other (ms): Min: 0.0, Avg: 0.0, Max: 0.0, Diff: 0.0, Sum: 0.1]
      [GC Worker Total (ms): Min: 8.0, Avg: 8.1, Max: 8.3, Diff: 0.2, Sum: 16.3]
      [GC Worker End (ms): Min: 69516.2, Avg: 69516.2, Max: 69516.2, Diff: 0.0]
   [Code Root Fixup: 0.0 ms]
   [Code Root Migration: 0.0 ms]
   [Clear CT: 0.0 ms]
   [Other: 0.3 ms]
      [Choose CSet: 0.0 ms]
      [Ref Proc: 0.0 ms]
      [Ref Enq: 0.0 ms]
      [Free CSet: 0.1 ms]
   [Eden: 9216.0K(9216.0K)->0.0B(10.0M) Survivors: 3072.0K->2048.0K Heap: 93.8M(256.0M)->93.9M(256.0M)]
 [Times: user=0.02 sys=0.00, real=0.01 secs] 
2014-07-10T11:37:18.741+0200: 69.521: [GC pause (G1 Evacuation Pause) (mixed) 69.521: [G1Ergonomics (CSet Construction) start choosing CSet, _pending_cards: 515, predicted base time: 2.57 ms, remaining time: 197.43 ms, target pause time: 200.00 ms]
 69.521: [G1Ergonomics (CSet Construction) add young regions to CSet, eden: 10 regions, survivors: 2 regions, predicted young region time: 7.53 ms]
 69.521: [G1Ergonomics (CSet Construction) finish adding old regions to CSet, reason: reclaimable percentage not over threshold, old: 13 regions, max: 26 regions, reclaimable: 26766128 bytes (9.97 %), threshold: 10.00 %]
 69.521: [G1Ergonomics (CSet Construction) finish choosing CSet, eden: 10 regions, survivors: 2 regions, old: 13 regions, predicted pause time: 15.19 ms, target pause time: 200.00 ms]
 69.530: [G1Ergonomics (Heap Sizing) attempt heap expansion, reason: recent GC overhead higher than threshold after GC, recent GC overhead: 10.18 %, threshold: 10.00 %, uncommitted: 0 bytes, calculated expansion amount: 0 bytes (20.00 %)]
 69.530: [G1Ergonomics (Mixed GCs) do not continue mixed GCs, reason: reclaimable percentage not over threshold, candidate old regions: 27 regions, reclaimable: 26766128 bytes (9.97 %), threshold: 10.00 %]
, 0.0089108 secs]
   [Parallel Time: 8.5 ms, GC Workers: 2]
      [GC Worker Start (ms): Min: 69521.2, Avg: 69521.3, Max: 69521.3, Diff: 0.1]
      [Ext Root Scanning (ms): Min: 0.3, Avg: 0.3, Max: 0.4, Diff: 0.1, Sum: 0.7]
      [Update RS (ms): Min: 0.1, Avg: 0.1, Max: 0.2, Diff: 0.1, Sum: 0.2]
         [Processed Buffers: Min: 2, Avg: 2.0, Max: 2, Diff: 0, Sum: 4]
      [Scan RS (ms): Min: 0.0, Avg: 0.1, Max: 0.1, Diff: 0.1, Sum: 0.1]
      [Code Root Scanning (ms): Min: 0.0, Avg: 0.0, Max: 0.0, Diff: 0.0, Sum: 0.0]
      [Object Copy (ms): Min: 7.8, Avg: 7.8, Max: 7.8, Diff: 0.0, Sum: 15.7]
      [Termination (ms): Min: 0.0, Avg: 0.0, Max: 0.0, Diff: 0.0, Sum: 0.0]
      [GC Worker Other (ms): Min: 0.0, Avg: 0.0, Max: 0.0, Diff: 0.0, Sum: 0.1]
      [GC Worker Total (ms): Min: 8.4, Avg: 8.4, Max: 8.5, Diff: 0.1, Sum: 16.8]
      [GC Worker End (ms): Min: 69529.7, Avg: 69529.7, Max: 69529.7, Diff: 0.0]
   [Code Root Fixup: 0.0 ms]
   [Code Root Migration: 0.0 ms]
   [Clear CT: 0.1 ms]
   [Other: 0.3 ms]
      [Choose CSet: 0.0 ms]
      [Ref Proc: 0.0 ms]
      [Ref Enq: 0.0 ms]
      [Free CSet: 0.1 ms]
   [Eden: 10.0M(10.0M)->0.0B(73.0M) Survivors: 2048.0K->2048.0K Heap: 103.9M(256.0M)->91.0M(256.0M)]
 [Times: user=0.00 sys=0.00, real=0.01 secs] 
2014-07-10T11:37:18.792+0200: 69.572: [GC pause (G1 Evacuation Pause) (young) 69.572: [G1Ergonomics (CSet Construction) start choosing CSet, _pending_cards: 513, predicted base time: 2.18 ms, remaining time: 197.82 ms, target pause time: 200.00 ms]
 69.572: [G1Ergonomics (CSet Construction) add young regions to CSet, eden: 73 regions, survivors: 2 regions, predicted young region time: 50.32 ms]
 69.572: [G1Ergonomics (CSet Construction) finish choosing CSet, eden: 73 regions, survivors: 2 regions, old: 0 regions, predicted pause time: 52.49 ms, target pause time: 200.00 ms]
 69.576: [G1Ergonomics (Heap Sizing) attempt heap expansion, reason: recent GC overhead higher than threshold after GC, recent GC overhead: 11.06 %, threshold: 10.00 %, uncommitted: 0 bytes, calculated expansion amount: 0 bytes (20.00 %)]
, 0.0041414 secs]
   [Parallel Time: 3.7 ms, GC Workers: 2]
      [GC Worker Start (ms): Min: 69572.0, Avg: 69572.0, Max: 69572.0, Diff: 0.0]
      [Ext Root Scanning (ms): Min: 0.3, Avg: 0.3, Max: 0.3, Diff: 0.0, Sum: 0.6]
      [Update RS (ms): Min: 0.0, Avg: 0.1, Max: 0.1, Diff: 0.1, Sum: 0.1]
         [Processed Buffers: Min: 1, Avg: 2.0, Max: 3, Diff: 2, Sum: 4]
      [Scan RS (ms): Min: 0.1, Avg: 0.1, Max: 0.2, Diff: 0.0, Sum: 0.3]
      [Code Root Scanning (ms): Min: 0.0, Avg: 0.1, Max: 0.1, Diff: 0.1, Sum: 0.2]
      [Object Copy (ms): Min: 3.0, Avg: 3.1, Max: 3.1, Diff: 0.0, Sum: 6.1]
      [Termination (ms): Min: 0.0, Avg: 0.0, Max: 0.0, Diff: 0.0, Sum: 0.0]
      [GC Worker Other (ms): Min: 0.0, Avg: 0.0, Max: 0.0, Diff: 0.0, Sum: 0.1]
      [GC Worker Total (ms): Min: 3.7, Avg: 3.7, Max: 3.7, Diff: 0.0, Sum: 7.4]
      [GC Worker End (ms): Min: 69575.7, Avg: 69575.7, Max: 69575.7, Diff: 0.0]
   [Code Root Fixup: 0.0 ms]
   [Code Root Migration: 0.0 ms]
   [Clear CT: 0.1 ms]
   [Other: 0.3 ms]
      [Choose CSet: 0.0 ms]
      [Ref Proc: 0.1 ms]
      [Ref Enq: 0.0 ms]
      [Free CSet: 0.1 ms]
   [Eden: 73.0M(73.0M)->0.0B(79.0M) Survivors: 2048.0K->5120.0K Heap: 164.0M(256.0M)->93.8M(256.0M)]
 [Times: user=0.00 sys=0.00, real=0.00 secs] 
2014-07-10T11:37:18.848+0200: 69.628: [GC pause (G1 Evacuation Pause) (young) 69.628: [G1Ergonomics (CSet Construction) start choosing CSet, _pending_cards: 512, predicted base time: 1.86 ms, remaining time: 198.14 ms, target pause time: 200.00 ms]
 69.628: [G1Ergonomics (CSet Construction) add young regions to CSet, eden: 79 regions, survivors: 5 regions, predicted young region time: 56.01 ms]
 69.628: [G1Ergonomics (CSet Construction) finish choosing CSet, eden: 79 regions, survivors: 5 regions, old: 0 regions, predicted pause time: 57.87 ms, target pause time: 200.00 ms]
 69.640: [G1Ergonomics (Heap Sizing) attempt heap expansion, reason: recent GC overhead higher than threshold after GC, recent GC overhead: 11.66 %, threshold: 10.00 %, uncommitted: 0 bytes, calculated expansion amount: 0 bytes (20.00 %)]
, 0.0118875 secs]
   [Parallel Time: 11.4 ms, GC Workers: 2]
      [GC Worker Start (ms): Min: 69628.1, Avg: 69628.1, Max: 69628.1, Diff: 0.0]
      [Ext Root Scanning (ms): Min: 0.3, Avg: 0.3, Max: 0.3, Diff: 0.0, Sum: 0.6]
      [Update RS (ms): Min: 0.0, Avg: 0.0, Max: 0.0, Diff: 0.0, Sum: 0.0]
         [Processed Buffers: Min: 1, Avg: 1.5, Max: 2, Diff: 1, Sum: 3]
      [Scan RS (ms): Min: 0.2, Avg: 0.2, Max: 0.2, Diff: 0.0, Sum: 0.3]
      [Code Root Scanning (ms): Min: 0.1, Avg: 0.1, Max: 0.1, Diff: 0.0, Sum: 0.1]
      [Object Copy (ms): Min: 10.7, Avg: 10.7, Max: 10.7, Diff: 0.0, Sum: 21.5]
      [Termination (ms): Min: 0.0, Avg: 0.0, Max: 0.0, Diff: 0.0, Sum: 0.0]
      [GC Worker Other (ms): Min: 0.0, Avg: 0.0, Max: 0.0, Diff: 0.0, Sum: 0.1]
      [GC Worker Total (ms): Min: 11.3, Avg: 11.3, Max: 11.3, Diff: 0.0, Sum: 22.6]
      [GC Worker End (ms): Min: 69639.4, Avg: 69639.4, Max: 69639.4, Diff: 0.0]
   [Code Root Fixup: 0.0 ms]
   [Code Root Migration: 0.0 ms]
   [Clear CT: 0.1 ms]
   [Other: 0.4 ms]
      [Choose CSet: 0.0 ms]
      [Ref Proc: 0.0 ms]
      [Ref Enq: 0.0 ms]
      [Free CSet: 0.1 ms]
   [Eden: 79.0M(79.0M)->0.0B(76.0M) Survivors: 5120.0K->11.0M Heap: 172.8M(256.0M)->106.7M(256.0M)]
 [Times: user=0.00 sys=0.00, real=0.01 secs] 
2014-07-10T11:37:18.903+0200: 69.683: [GC pause (G1 Evacuation Pause) (young) 69.683: [G1Ergonomics (CSet Construction) start choosing CSet, _pending_cards: 512, predicted base time: 1.63 ms, remaining time: 198.37 ms, target pause time: 200.00 ms]
 69.683: [G1Ergonomics (CSet Construction) add young regions to CSet, eden: 76 regions, survivors: 11 regions, predicted young region time: 54.57 ms]
 69.683: [G1Ergonomics (CSet Construction) finish choosing CSet, eden: 76 regions, survivors: 11 regions, old: 0 regions, predicted pause time: 56.20 ms, target pause time: 200.00 ms]
 69.701: [G1Ergonomics (Heap Sizing) attempt heap expansion, reason: recent GC overhead higher than threshold after GC, recent GC overhead: 12.33 %, threshold: 10.00 %, uncommitted: 0 bytes, calculated expansion amount: 0 bytes (20.00 %)]
, 0.0183892 secs]
   [Parallel Time: 17.9 ms, GC Workers: 2]
      [GC Worker Start (ms): Min: 69683.1, Avg: 69683.1, Max: 69683.1, Diff: 0.0]
      [Ext Root Scanning (ms): Min: 0.3, Avg: 0.3, Max: 0.3, Diff: 0.0, Sum: 0.7]
      [Update RS (ms): Min: 0.0, Avg: 0.0, Max: 0.0, Diff: 0.0, Sum: 0.1]
         [Processed Buffers: Min: 1, Avg: 1.5, Max: 2, Diff: 1, Sum: 3]
      [Scan RS (ms): Min: 0.1, Avg: 0.1, Max: 0.1, Diff: 0.0, Sum: 0.3]
      [Code Root Scanning (ms): Min: 0.1, Avg: 0.1, Max: 0.1, Diff: 0.0, Sum: 0.1]
      [Object Copy (ms): Min: 17.2, Avg: 17.2, Max: 17.2, Diff: 0.0, Sum: 34.5]
      [Termination (ms): Min: 0.0, Avg: 0.0, Max: 0.0, Diff: 0.0, Sum: 0.0]
      [GC Worker Other (ms): Min: 0.0, Avg: 0.0, Max: 0.0, Diff: 0.0, Sum: 0.1]
      [GC Worker Total (ms): Min: 17.9, Avg: 17.9, Max: 17.9, Diff: 0.0, Sum: 35.7]
      [GC Worker End (ms): Min: 69700.9, Avg: 69700.9, Max: 69700.9, Diff: 0.0]
   [Code Root Fixup: 0.0 ms]
   [Code Root Migration: 0.0 ms]
   [Clear CT: 0.1 ms]
   [Other: 0.4 ms]
      [Choose CSet: 0.0 ms]
      [Ref Proc: 0.1 ms]
      [Ref Enq: 0.0 ms]
      [Free CSet: 0.1 ms]
   [Eden: 76.0M(76.0M)->0.0B(66.0M) Survivors: 11.0M->11.0M Heap: 182.7M(256.0M)->123.3M(256.0M)]
 [Times: user=0.03 sys=0.00, real=0.02 secs] 
2014-07-10T11:37:18.998+0200: 69.778: [GC pause (G1 Evacuation Pause) (young) 69.778: [G1Ergonomics (CSet Construction) start choosing CSet, _pending_cards: 513, predicted base time: 1.45 ms, remaining time: 198.55 ms, target pause time: 200.00 ms]
 69.778: [G1Ergonomics (CSet Construction) add young regions to CSet, eden: 66 regions, survivors: 11 regions, predicted young region time: 36.26 ms]
 69.778: [G1Ergonomics (CSet Construction) finish choosing CSet, eden: 66 regions, survivors: 11 regions, old: 0 regions, predicted pause time: 37.71 ms, target pause time: 200.00 ms]
 69.801: [G1Ergonomics (Heap Sizing) attempt heap expansion, reason: recent GC overhead higher than threshold after GC, recent GC overhead: 14.22 %, threshold: 10.00 %, uncommitted: 0 bytes, calculated expansion amount: 0 bytes (20.00 %)]
 69.801: [G1Ergonomics (Concurrent Cycles) request concurrent cycle initiation, reason: occupancy higher than threshold, occupancy: 127926272 bytes, allocation request: 0 bytes, threshold: 120795930 bytes (45.00 %), source: end of GC]
, 0.0226798 secs]
   [Parallel Time: 21.2 ms, GC Workers: 2]
      [GC Worker Start (ms): Min: 69778.5, Avg: 69778.5, Max: 69778.6, Diff: 0.0]
      [Ext Root Scanning (ms): Min: 0.6, Avg: 0.6, Max: 0.6, Diff: 0.0, Sum: 1.3]
      [Update RS (ms): Min: 0.1, Avg: 0.2, Max: 0.4, Diff: 0.3, Sum: 0.5]
         [Processed Buffers: Min: 1, Avg: 2.0, Max: 3, Diff: 2, Sum: 4]
      [Scan RS (ms): Min: 0.1, Avg: 0.2, Max: 0.4, Diff: 0.3, Sum: 0.5]
      [Code Root Scanning (ms): Min: 0.0, Avg: 0.1, Max: 0.1, Diff: 0.1, Sum: 0.2]
      [Object Copy (ms): Min: 19.9, Avg: 19.9, Max: 19.9, Diff: 0.0, Sum: 39.7]
      [Termination (ms): Min: 0.0, Avg: 0.0, Max: 0.0, Diff: 0.0, Sum: 0.0]
      [GC Worker Other (ms): Min: 0.0, Avg: 0.1, Max: 0.1, Diff: 0.0, Sum: 0.1]
      [GC Worker Total (ms): Min: 21.1, Avg: 21.1, Max: 21.1, Diff: 0.0, Sum: 42.2]
      [GC Worker End (ms): Min: 69799.7, Avg: 69799.7, Max: 69799.7, Diff: 0.0]
   [Code Root Fixup: 0.0 ms]
   [Code Root Migration: 0.0 ms]
   [Clear CT: 0.1 ms]
   [Other: 1.3 ms]
      [Choose CSet: 0.1 ms]
      [Ref Proc: 0.5 ms]
      [Ref Enq: 0.0 ms]
      [Free CSet: 0.3 ms]
   [Eden: 66.0M(66.0M)->0.0B(63.0M) Survivors: 11.0M->10.0M Heap: 189.3M(256.0M)->131.8M(256.0M)]
 [Times: user=0.05 sys=0.00, real=0.02 secs] 
 69.835: [G1Ergonomics (Concurrent Cycles) initiate concurrent cycle, reason: concurrent cycle initiation requested]
2014-07-10T11:37:19.055+0200: 69.835: [GC pause (G1 Evacuation Pause) (young) (initial-mark) 69.835: [G1Ergonomics (CSet Construction) start choosing CSet, _pending_cards: 512, predicted base time: 1.75 ms, remaining time: 198.25 ms, target pause time: 200.00 ms]
 69.835: [G1Ergonomics (CSet Construction) add young regions to CSet, eden: 63 regions, survivors: 10 regions, predicted young region time: 54.19 ms]
 69.835: [G1Ergonomics (CSet Construction) finish choosing CSet, eden: 63 regions, survivors: 10 regions, old: 0 regions, predicted pause time: 55.93 ms, target pause time: 200.00 ms]
 69.847: [G1Ergonomics (Heap Sizing) attempt heap expansion, reason: recent GC overhead higher than threshold after GC, recent GC overhead: 16.23 %, threshold: 10.00 %, uncommitted: 0 bytes, calculated expansion amount: 0 bytes (20.00 %)]
, 0.0116602 secs]
   [Parallel Time: 11.1 ms, GC Workers: 2]
      [GC Worker Start (ms): Min: 69835.4, Avg: 69835.4, Max: 69835.4, Diff: 0.0]
      [Ext Root Scanning (ms): Min: 0.4, Avg: 0.4, Max: 0.4, Diff: 0.0, Sum: 0.8]
      [Code Root Marking (ms): Min: 0.0, Avg: 0.0, Max: 0.1, Diff: 0.0, Sum: 0.1]
      [Update RS (ms): Min: 0.0, Avg: 0.0, Max: 0.0, Diff: 0.0, Sum: 0.1]
         [Processed Buffers: Min: 1, Avg: 1.5, Max: 2, Diff: 1, Sum: 3]
      [Scan RS (ms): Min: 0.1, Avg: 0.1, Max: 0.1, Diff: 0.0, Sum: 0.2]
      [Code Root Scanning (ms): Min: 0.1, Avg: 0.1, Max: 0.1, Diff: 0.0, Sum: 0.1]
      [Object Copy (ms): Min: 10.4, Avg: 10.4, Max: 10.4, Diff: 0.0, Sum: 20.8]
      [Termination (ms): Min: 0.0, Avg: 0.0, Max: 0.0, Diff: 0.0, Sum: 0.0]
      [GC Worker Other (ms): Min: 0.0, Avg: 0.0, Max: 0.0, Diff: 0.0, Sum: 0.1]
      [GC Worker Total (ms): Min: 11.1, Avg: 11.1, Max: 11.1, Diff: 0.0, Sum: 22.2]
      [GC Worker End (ms): Min: 69846.5, Avg: 69846.5, Max: 69846.5, Diff: 0.0]
   [Code Root Fixup: 0.0 ms]
   [Code Root Migration: 0.0 ms]
   [Clear CT: 0.1 ms]
   [Other: 0.4 ms]
      [Choose CSet: 0.0 ms]
      [Ref Proc: 0.1 ms]
      [Ref Enq: 0.0 ms]
      [Free CSet: 0.1 ms]
   [Eden: 63.0M(63.0M)->0.0B(60.0M) Survivors: 10.0M->10.0M Heap: 194.8M(256.0M)->138.3M(256.0M)]
 [Times: user=0.03 sys=0.00, real=0.01 secs] 
2014-07-10T11:37:19.067+0200: 69.847: [GC concurrent-root-region-scan-start]
2014-07-10T11:37:19.067+0200: 69.847: [GC concurrent-root-region-scan-end, 0.0001617 secs]
2014-07-10T11:37:19.067+0200: 69.847: [GC concurrent-mark-start]
2014-07-10T11:37:19.071+0200: 69.851: [GC concurrent-mark-end, 0.0038371 secs]
2014-07-10T11:37:19.071+0200: 69.852: [GC remark 69.852: [GC ref-proc, 0.0000682 secs], 0.0011182 secs]
 [Times: user=0.00 sys=0.00, real=0.00 secs] 
2014-07-10T11:37:19.073+0200: 69.853: [GC cleanup 146M->58M(256M), 0.0006757 secs]
 [Times: user=0.00 sys=0.00, real=0.00 secs] 
2014-07-10T11:37:19.073+0200: 69.854: [GC concurrent-cleanup-start]
2014-07-10T11:37:19.074+0200: 69.854: [GC concurrent-cleanup-end, 0.0002255 secs]
2014-07-10T11:37:19.099+0200: 69.880: [GC pause (G1 Evacuation Pause) (young) 69.880: [G1Ergonomics (CSet Construction) start choosing CSet, _pending_cards: 257, predicted base time: 1.51 ms, remaining time: 198.49 ms, target pause time: 200.00 ms]
 69.880: [G1Ergonomics (CSet Construction) add young regions to CSet, eden: 60 regions, survivors: 10 regions, predicted young region time: 49.06 ms]
 69.880: [G1Ergonomics (CSet Construction) finish choosing CSet, eden: 60 regions, survivors: 10 regions, old: 0 regions, predicted pause time: 50.57 ms, target pause time: 200.00 ms]
 69.887: [G1Ergonomics (Heap Sizing) attempt heap expansion, reason: recent GC overhead higher than threshold after GC, recent GC overhead: 17.45 %, threshold: 10.00 %, uncommitted: 0 bytes, calculated expansion amount: 0 bytes (20.00 %)]
 69.887: [G1Ergonomics (Mixed GCs) start mixed GCs, reason: candidate old regions available, candidate old regions: 34 regions, reclaimable: 33746432 bytes (12.57 %), threshold: 10.00 %]
, 0.0075756 secs]
   [Parallel Time: 7.1 ms, GC Workers: 2]
      [GC Worker Start (ms): Min: 69879.7, Avg: 69879.7, Max: 69879.7, Diff: 0.0]
      [Ext Root Scanning (ms): Min: 0.3, Avg: 0.3, Max: 0.3, Diff: 0.0, Sum: 0.6]
      [Update RS (ms): Min: 0.0, Avg: 0.0, Max: 0.0, Diff: 0.0, Sum: 0.1]
         [Processed Buffers: Min: 1, Avg: 1.5, Max: 2, Diff: 1, Sum: 3]
      [Scan RS (ms): Min: 0.1, Avg: 0.1, Max: 0.1, Diff: 0.0, Sum: 0.2]
      [Code Root Scanning (ms): Min: 0.0, Avg: 0.0, Max: 0.0, Diff: 0.0, Sum: 0.1]
      [Object Copy (ms): Min: 6.6, Avg: 6.6, Max: 6.6, Diff: 0.0, Sum: 13.2]
      [Termination (ms): Min: 0.0, Avg: 0.0, Max: 0.0, Diff: 0.0, Sum: 0.0]
      [GC Worker Other (ms): Min: 0.0, Avg: 0.0, Max: 0.0, Diff: 0.0, Sum: 0.1]
      [GC Worker Total (ms): Min: 7.1, Avg: 7.1, Max: 7.1, Diff: 0.0, Sum: 14.2]
      [GC Worker End (ms): Min: 69886.8, Avg: 69886.8, Max: 69886.8, Diff: 0.0]
   [Code Root Fixup: 0.0 ms]
   [Code Root Migration: 0.0 ms]
   [Clear CT: 0.1 ms]
   [Other: 0.4 ms]
      [Choose CSet: 0.0 ms]
      [Ref Proc: 0.1 ms]
      [Ref Enq: 0.0 ms]
      [Free CSet: 0.1 ms]
   [Eden: 60.0M(60.0M)->0.0B(3072.0K) Survivors: 10.0M->9216.0K Heap: 110.3M(256.0M)->50.7M(256.0M)]
 [Times: user=0.00 sys=0.00, real=0.01 secs] 
2014-07-10T11:37:19.108+0200: 69.888: [GC pause (G1 Evacuation Pause) (mixed) 69.888: [G1Ergonomics (CSet Construction) start choosing CSet, _pending_cards: 512, predicted base time: 1.38 ms, remaining time: 198.62 ms, target pause time: 200.00 ms]
 69.888: [G1Ergonomics (CSet Construction) add young regions to CSet, eden: 3 regions, survivors: 9 regions, predicted young region time: 3.64 ms]
 69.888: [G1Ergonomics (CSet Construction) finish adding old regions to CSet, reason: reclaimable percentage not over threshold, old: 7 regions, max: 26 regions, reclaimable: 26530640 bytes (9.88 %), threshold: 10.00 %]
 69.888: [G1Ergonomics (CSet Construction) finish choosing CSet, eden: 3 regions, survivors: 9 regions, old: 7 regions, predicted pause time: 7.05 ms, target pause time: 200.00 ms]
 69.897: [G1Ergonomics (Heap Sizing) attempt heap expansion, reason: recent GC overhead higher than threshold after GC, recent GC overhead: 19.72 %, threshold: 10.00 %, uncommitted: 0 bytes, calculated expansion amount: 0 bytes (20.00 %)]
 69.897: [G1Ergonomics (Mixed GCs) do not continue mixed GCs, reason: reclaimable percentage not over threshold, candidate old regions: 27 regions, reclaimable: 26530640 bytes (9.88 %), threshold: 10.00 %]
, 0.0083389 secs]
   [Parallel Time: 8.0 ms, GC Workers: 2]
      [GC Worker Start (ms): Min: 69888.5, Avg: 69888.5, Max: 69888.5, Diff: 0.0]
      [Ext Root Scanning (ms): Min: 0.2, Avg: 0.2, Max: 0.2, Diff: 0.0, Sum: 0.5]
      [Update RS (ms): Min: 0.0, Avg: 0.0, Max: 0.0, Diff: 0.0, Sum: 0.0]
         [Processed Buffers: Min: 1, Avg: 1.5, Max: 2, Diff: 1, Sum: 3]
      [Scan RS (ms): Min: 0.0, Avg: 0.0, Max: 0.1, Diff: 0.0, Sum: 0.1]
      [Code Root Scanning (ms): Min: 0.0, Avg: 0.0, Max: 0.0, Diff: 0.0, Sum: 0.0]
      [Object Copy (ms): Min: 7.6, Avg: 7.6, Max: 7.6, Diff: 0.0, Sum: 15.2]
      [Termination (ms): Min: 0.0, Avg: 0.0, Max: 0.0, Diff: 0.0, Sum: 0.0]
      [GC Worker Other (ms): Min: 0.0, Avg: 0.0, Max: 0.0, Diff: 0.0, Sum: 0.0]
      [GC Worker Total (ms): Min: 7.9, Avg: 7.9, Max: 7.9, Diff: 0.0, Sum: 15.9]
      [GC Worker End (ms): Min: 69896.4, Avg: 69896.4, Max: 69896.4, Diff: 0.0]
   [Code Root Fixup: 0.0 ms]
   [Code Root Migration: 0.0 ms]
   [Clear CT: 0.0 ms]
   [Other: 0.3 ms]
      [Choose CSet: 0.0 ms]
      [Ref Proc: 0.1 ms]
      [Ref Enq: 0.0 ms]
      [Free CSet: 0.1 ms]
   [Eden: 3072.0K(3072.0K)->0.0B(144.0M) Survivors: 9216.0K->2048.0K Heap: 53.7M(256.0M)->46.8M(256.0M)]
 [Times: user=0.03 sys=0.00, real=0.01 secs] 
2014-07-10T11:37:19.247+0200: 70.027: [GC pause (G1 Evacuation Pause) (young) 70.027: [G1Ergonomics (CSet Construction) start choosing CSet, _pending_cards: 525, predicted base time: 1.19 ms, remaining time: 198.81 ms, target pause time: 200.00 ms]
 70.027: [G1Ergonomics (CSet Construction) add young regions to CSet, eden: 144 regions, survivors: 2 regions, predicted young region time: 105.17 ms]
 70.027: [G1Ergonomics (CSet Construction) finish choosing CSet, eden: 144 regions, survivors: 2 regions, old: 0 regions, predicted pause time: 106.36 ms, target pause time: 200.00 ms]
 70.045: [G1Ergonomics (Heap Sizing) attempt heap expansion, reason: recent GC overhead higher than threshold after GC, recent GC overhead: 27.57 %, threshold: 10.00 %, uncommitted: 0 bytes, calculated expansion amount: 0 bytes (20.00 %)]
, 0.0180677 secs]
   [Parallel Time: 17.0 ms, GC Workers: 2]
      [GC Worker Start (ms): Min: 70026.9, Avg: 70026.9, Max: 70026.9, Diff: 0.0]
      [Ext Root Scanning (ms): Min: 0.3, Avg: 0.3, Max: 0.3, Diff: 0.0, Sum: 0.7]
      [Update RS (ms): Min: 0.0, Avg: 0.1, Max: 0.1, Diff: 0.1, Sum: 0.2]
         [Processed Buffers: Min: 1, Avg: 2.0, Max: 3, Diff: 2, Sum: 4]
      [Scan RS (ms): Min: 0.3, Avg: 0.8, Max: 1.3, Diff: 1.0, Sum: 1.6]
      [Code Root Scanning (ms): Min: 0.1, Avg: 0.5, Max: 1.0, Diff: 0.9, Sum: 1.0]
      [Object Copy (ms): Min: 15.2, Avg: 15.2, Max: 15.3, Diff: 0.1, Sum: 30.5]
      [Termination (ms): Min: 0.0, Avg: 0.0, Max: 0.0, Diff: 0.0, Sum: 0.0]
      [GC Worker Other (ms): Min: 0.0, Avg: 0.0, Max: 0.0, Diff: 0.0, Sum: 0.1]
      [GC Worker Total (ms): Min: 17.0, Avg: 17.0, Max: 17.0, Diff: 0.0, Sum: 34.0]
      [GC Worker End (ms): Min: 70043.9, Avg: 70043.9, Max: 70043.9, Diff: 0.0]
   [Code Root Fixup: 0.0 ms]
   [Code Root Migration: 0.0 ms]
   [Clear CT: 0.1 ms]
   [Other: 0.9 ms]
      [Choose CSet: 0.0 ms]
      [Ref Proc: 0.5 ms]
      [Ref Enq: 0.0 ms]
      [Free CSet: 0.2 ms]
   [Eden: 144.0M(144.0M)->0.0B(124.0M) Survivors: 2048.0K->19.0M Heap: 190.8M(256.0M)->70.1M(256.0M)]
 [Times: user=0.03 sys=0.00, real=0.02 secs] 
2014-07-10T11:37:19.407+0200: 70.187: [GC pause (G1 Evacuation Pause) (young) 70.187: [G1Ergonomics (CSet Construction) start choosing CSet, _pending_cards: 257, predicted base time: 1.42 ms, remaining time: 198.58 ms, target pause time: 200.00 ms]
 70.187: [G1Ergonomics (CSet Construction) add young regions to CSet, eden: 124 regions, survivors: 19 regions, predicted young region time: 89.63 ms]
 70.187: [G1Ergonomics (CSet Construction) finish choosing CSet, eden: 124 regions, survivors: 19 regions, old: 0 regions, predicted pause time: 91.05 ms, target pause time: 200.00 ms]
 70.203: [G1Ergonomics (Heap Sizing) attempt heap expansion, reason: recent GC overhead higher than threshold after GC, recent GC overhead: 21.94 %, threshold: 10.00 %, uncommitted: 0 bytes, calculated expansion amount: 0 bytes (20.00 %)]
, 0.0162778 secs]
   [Parallel Time: 15.4 ms, GC Workers: 2]
      [GC Worker Start (ms): Min: 70187.2, Avg: 70187.2, Max: 70187.2, Diff: 0.0]
      [Ext Root Scanning (ms): Min: 0.6, Avg: 0.6, Max: 0.6, Diff: 0.0, Sum: 1.1]
      [Update RS (ms): Min: 0.1, Avg: 0.1, Max: 0.1, Diff: 0.0, Sum: 0.1]
         [Processed Buffers: Min: 1, Avg: 1.5, Max: 2, Diff: 1, Sum: 3]
      [Scan RS (ms): Min: 0.4, Avg: 0.4, Max: 0.4, Diff: 0.0, Sum: 0.7]
      [Code Root Scanning (ms): Min: 0.1, Avg: 0.1, Max: 0.1, Diff: 0.0, Sum: 0.3]
      [Object Copy (ms): Min: 14.1, Avg: 14.1, Max: 14.1, Diff: 0.0, Sum: 28.3]
      [Termination (ms): Min: 0.0, Avg: 0.0, Max: 0.0, Diff: 0.0, Sum: 0.0]
      [GC Worker Other (ms): Min: 0.0, Avg: 0.0, Max: 0.0, Diff: 0.0, Sum: 0.1]
      [GC Worker Total (ms): Min: 15.3, Avg: 15.3, Max: 15.3, Diff: 0.0, Sum: 30.6]
      [GC Worker End (ms): Min: 70202.5, Avg: 70202.5, Max: 70202.5, Diff: 0.0]
   [Code Root Fixup: 0.0 ms]
   [Code Root Migration: 0.0 ms]
   [Clear CT: 0.3 ms]
   [Other: 0.6 ms]
      [Choose CSet: 0.1 ms]
      [Ref Proc: 0.1 ms]
      [Ref Enq: 0.0 ms]
      [Free CSet: 0.2 ms]
   [Eden: 124.0M(124.0M)->0.0B(128.0M) Survivors: 19.0M->18.0M Heap: 194.1M(256.0M)->68.2M(256.0M)]
 [Times: user=0.02 sys=0.00, real=0.02 secs] 
2014-07-10T11:37:19.518+0200: 70.298: [GC pause (G1 Evacuation Pause) (young) 70.299: [G1Ergonomics (CSet Construction) start choosing CSet, _pending_cards: 514, predicted base time: 1.50 ms, remaining time: 198.50 ms, target pause time: 200.00 ms]
 70.299: [G1Ergonomics (CSet Construction) add young regions to CSet, eden: 128 regions, survivors: 18 regions, predicted young region time: 100.00 ms]
 70.299: [G1Ergonomics (CSet Construction) finish choosing CSet, eden: 128 regions, survivors: 18 regions, old: 0 regions, predicted pause time: 101.50 ms, target pause time: 200.00 ms]
 70.300: [G1Ergonomics (Heap Sizing) attempt heap expansion, reason: recent GC overhead higher than threshold after GC, recent GC overhead: 18.53 %, threshold: 10.00 %, uncommitted: 0 bytes, calculated expansion amount: 0 bytes (20.00 %)]
, 0.0017404 secs]
   [Parallel Time: 1.3 ms, GC Workers: 2]
      [GC Worker Start (ms): Min: 70298.7, Avg: 70298.7, Max: 70298.7, Diff: 0.0]
      [Ext Root Scanning (ms): Min: 0.3, Avg: 0.3, Max: 0.3, Diff: 0.0, Sum: 0.6]
      [Update RS (ms): Min: 0.0, Avg: 0.0, Max: 0.0, Diff: 0.0, Sum: 0.1]
         [Processed Buffers: Min: 2, Avg: 2.0, Max: 2, Diff: 0, Sum: 4]
      [Scan RS (ms): Min: 0.2, Avg: 0.2, Max: 0.2, Diff: 0.0, Sum: 0.4]
      [Code Root Scanning (ms): Min: 0.1, Avg: 0.1, Max: 0.1, Diff: 0.0, Sum: 0.2]
      [Object Copy (ms): Min: 0.5, Avg: 0.5, Max: 0.5, Diff: 0.0, Sum: 1.0]
      [Termination (ms): Min: 0.0, Avg: 0.0, Max: 0.0, Diff: 0.0, Sum: 0.0]
      [GC Worker Other (ms): Min: 0.0, Avg: 0.0, Max: 0.0, Diff: 0.0, Sum: 0.0]
      [GC Worker Total (ms): Min: 1.2, Avg: 1.2, Max: 1.2, Diff: 0.0, Sum: 2.3]
      [GC Worker End (ms): Min: 70299.8, Avg: 70299.8, Max: 70299.8, Diff: 0.0]
   [Code Root Fixup: 0.0 ms]
   [Code Root Migration: 0.0 ms]
   [Clear CT: 0.1 ms]
   [Other: 0.3 ms]
      [Choose CSet: 0.0 ms]
      [Ref Proc: 0.0 ms]
      [Ref Enq: 0.0 ms]
      [Free CSet: 0.1 ms]
   [Eden: 128.0M(128.0M)->0.0B(149.0M) Survivors: 18.0M->1024.0K Heap: 196.2M(256.0M)->52.0M(256.0M)]
 [Times: user=0.00 sys=0.00, real=0.00 secs] 
2014-07-10T11:37:19.635+0200: 70.415: [GC pause (G1 Evacuation Pause) (young) 70.415: [G1Ergonomics (CSet Construction) start choosing CSet, _pending_cards: 513, predicted base time: 1.35 ms, remaining time: 198.65 ms, target pause time: 200.00 ms]
 70.415: [G1Ergonomics (CSet Construction) add young regions to CSet, eden: 149 regions, survivors: 1 regions, predicted young region time: 71.38 ms]
 70.415: [G1Ergonomics (CSet Construction) finish choosing CSet, eden: 149 regions, survivors: 1 regions, old: 0 regions, predicted pause time: 72.73 ms, target pause time: 200.00 ms]
 70.426: [G1Ergonomics (Heap Sizing) attempt heap expansion, reason: recent GC overhead higher than threshold after GC, recent GC overhead: 15.59 %, threshold: 10.00 %, uncommitted: 0 bytes, calculated expansion amount: 0 bytes (20.00 %)]
, 0.0114622 secs]
   [Parallel Time: 10.8 ms, GC Workers: 2]
      [GC Worker Start (ms): Min: 70414.8, Avg: 70414.8, Max: 70414.9, Diff: 0.0]
      [Ext Root Scanning (ms): Min: 0.3, Avg: 0.3, Max: 0.3, Diff: 0.0, Sum: 0.5]
      [Update RS (ms): Min: 0.0, Avg: 0.0, Max: 0.0, Diff: 0.0, Sum: 0.1]
         [Processed Buffers: Min: 2, Avg: 2.0, Max: 2, Diff: 0, Sum: 4]
      [Scan RS (ms): Min: 0.2, Avg: 0.2, Max: 0.3, Diff: 0.1, Sum: 0.4]
      [Code Root Scanning (ms): Min: 0.1, Avg: 0.2, Max: 0.2, Diff: 0.1, Sum: 0.3]
      [Object Copy (ms): Min: 10.0, Avg: 10.0, Max: 10.0, Diff: 0.0, Sum: 20.0]
      [Termination (ms): Min: 0.0, Avg: 0.0, Max: 0.0, Diff: 0.0, Sum: 0.0]
      [GC Worker Other (ms): Min: 0.0, Avg: 0.0, Max: 0.0, Diff: 0.0, Sum: 0.0]
      [GC Worker Total (ms): Min: 10.7, Avg: 10.7, Max: 10.7, Diff: 0.0, Sum: 21.5]
      [GC Worker End (ms): Min: 70425.6, Avg: 70425.6, Max: 70425.6, Diff: 0.0]
   [Code Root Fixup: 0.0 ms]
   [Code Root Migration: 0.0 ms]
   [Clear CT: 0.1 ms]
   [Other: 0.5 ms]
      [Choose CSet: 0.0 ms]
      [Ref Proc: 0.1 ms]
      [Ref Enq: 0.0 ms]
      [Free CSet: 0.2 ms]
   [Eden: 149.0M(149.0M)->0.0B(135.0M) Survivors: 1024.0K->17.0M Heap: 201.0M(256.0M)->67.9M(256.0M)]
 [Times: user=0.03 sys=0.00, real=0.01 secs] 
2014-07-10T11:37:19.807+0200: 70.588: [GC pause (G1 Evacuation Pause) (young) 70.588: [G1Ergonomics (CSet Construction) start choosing CSet, _pending_cards: 512, predicted base time: 1.25 ms, remaining time: 198.75 ms, target pause time: 200.00 ms]
 70.588: [G1Ergonomics (CSet Construction) add young regions to CSet, eden: 135 regions, survivors: 17 regions, predicted young region time: 92.25 ms]
 70.588: [G1Ergonomics (CSet Construction) finish choosing CSet, eden: 135 regions, survivors: 17 regions, old: 0 regions, predicted pause time: 93.50 ms, target pause time: 200.00 ms]
 70.601: [G1Ergonomics (Heap Sizing) attempt heap expansion, reason: recent GC overhead higher than threshold after GC, recent GC overhead: 14.99 %, threshold: 10.00 %, uncommitted: 0 bytes, calculated expansion amount: 0 bytes (20.00 %)]
, 0.0136366 secs]
   [Parallel Time: 12.7 ms, GC Workers: 2]
      [GC Worker Start (ms): Min: 70587.8, Avg: 70587.8, Max: 70587.9, Diff: 0.0]
      [Ext Root Scanning (ms): Min: 0.3, Avg: 0.3, Max: 0.3, Diff: 0.0, Sum: 0.6]
      [Update RS (ms): Min: 0.0, Avg: 0.0, Max: 0.0, Diff: 0.0, Sum: 0.1]
         [Processed Buffers: Min: 1, Avg: 1.5, Max: 2, Diff: 1, Sum: 3]
      [Scan RS (ms): Min: 0.2, Avg: 0.2, Max: 0.2, Diff: 0.0, Sum: 0.5]
      [Code Root Scanning (ms): Min: 0.1, Avg: 0.1, Max: 0.1, Diff: 0.0, Sum: 0.2]
      [Object Copy (ms): Min: 12.0, Avg: 12.0, Max: 12.0, Diff: 0.0, Sum: 24.0]
      [Termination (ms): Min: 0.0, Avg: 0.0, Max: 0.0, Diff: 0.0, Sum: 0.0]
      [GC Worker Other (ms): Min: 0.0, Avg: 0.0, Max: 0.0, Diff: 0.0, Sum: 0.1]
      [GC Worker Total (ms): Min: 12.7, Avg: 12.7, Max: 12.7, Diff: 0.0, Sum: 25.4]
      [GC Worker End (ms): Min: 70600.5, Avg: 70600.5, Max: 70600.5, Diff: 0.0]
   [Code Root Fixup: 0.0 ms]
   [Code Root Migration: 0.1 ms]
   [Clear CT: 0.1 ms]
   [Other: 0.8 ms]
      [Choose CSet: 0.1 ms]
      [Ref Proc: 0.1 ms]
      [Ref Enq: 0.0 ms]
      [Free CSet: 0.2 ms]
   [Eden: 135.0M(135.0M)->0.0B(134.0M) Survivors: 17.0M->19.0M Heap: 202.9M(256.0M)->70.7M(256.0M)]
 [Times: user=0.03 sys=0.00, real=0.01 secs] 
2014-07-10T11:37:19.900+0200: 70.680: [GC pause (G1 Evacuation Pause) (young) 70.680: [G1Ergonomics (CSet Construction) start choosing CSet, _pending_cards: 512, predicted base time: 1.18 ms, remaining time: 198.82 ms, target pause time: 200.00 ms]
 70.680: [G1Ergonomics (CSet Construction) add young regions to CSet, eden: 134 regions, survivors: 19 regions, predicted young region time: 46.60 ms]
 70.680: [G1Ergonomics (CSet Construction) finish choosing CSet, eden: 134 regions, survivors: 19 regions, old: 0 regions, predicted pause time: 47.78 ms, target pause time: 200.00 ms]
 70.695: [G1Ergonomics (Heap Sizing) attempt heap expansion, reason: recent GC overhead higher than threshold after GC, recent GC overhead: 13.42 %, threshold: 10.00 %, uncommitted: 0 bytes, calculated expansion amount: 0 bytes (20.00 %)]
, 0.0147369 secs]
   [Parallel Time: 14.2 ms, GC Workers: 2]
      [GC Worker Start (ms): Min: 70680.2, Avg: 70680.2, Max: 70680.2, Diff: 0.0]
      [Ext Root Scanning (ms): Min: 0.3, Avg: 0.3, Max: 0.3, Diff: 0.0, Sum: 0.6]
      [Update RS (ms): Min: 0.0, Avg: 0.0, Max: 0.0, Diff: 0.0, Sum: 0.1]
         [Processed Buffers: Min: 1, Avg: 1.5, Max: 2, Diff: 1, Sum: 3]
      [Scan RS (ms): Min: 0.3, Avg: 0.3, Max: 0.3, Diff: 0.0, Sum: 0.5]
      [Code Root Scanning (ms): Min: 0.1, Avg: 0.1, Max: 0.1, Diff: 0.0, Sum: 0.2]
      [Object Copy (ms): Min: 13.4, Avg: 13.4, Max: 13.4, Diff: 0.0, Sum: 26.8]
      [Termination (ms): Min: 0.0, Avg: 0.0, Max: 0.0, Diff: 0.0, Sum: 0.0]
      [GC Worker Other (ms): Min: 0.0, Avg: 0.0, Max: 0.0, Diff: 0.0, Sum: 0.1]
      [GC Worker Total (ms): Min: 14.1, Avg: 14.1, Max: 14.1, Diff: 0.0, Sum: 28.2]
      [GC Worker End (ms): Min: 70694.3, Avg: 70694.3, Max: 70694.3, Diff: 0.0]
   [Code Root Fixup: 0.0 ms]
   [Code Root Migration: 0.0 ms]
   [Clear CT: 0.1 ms]
   [Other: 0.4 ms]
      [Choose CSet: 0.0 ms]
      [Ref Proc: 0.1 ms]
      [Ref Enq: 0.0 ms]
      [Free CSet: 0.2 ms]
   [Eden: 134.0M(134.0M)->0.0B(130.0M) Survivors: 19.0M->20.0M Heap: 204.7M(256.0M)->73.3M(256.0M)]
 [Times: user=0.03 sys=0.00, real=0.01 secs] 
2014-07-10T11:37:20.026+0200: 70.806: [GC pause (G1 Evacuation Pause) (young) 70.806: [G1Ergonomics (CSet Construction) start choosing CSet, _pending_cards: 514, predicted base time: 1.10 ms, remaining time: 198.90 ms, target pause time: 200.00 ms]
 70.806: [G1Ergonomics (CSet Construction) add young regions to CSet, eden: 130 regions, survivors: 20 regions, predicted young region time: 85.77 ms]
 70.806: [G1Ergonomics (CSet Construction) finish choosing CSet, eden: 130 regions, survivors: 20 regions, old: 0 regions, predicted pause time: 86.87 ms, target pause time: 200.00 ms]
 70.812: [G1Ergonomics (Heap Sizing) attempt heap expansion, reason: recent GC overhead higher than threshold after GC, recent GC overhead: 12.62 %, threshold: 10.00 %, uncommitted: 0 bytes, calculated expansion amount: 0 bytes (20.00 %)]
, 0.0061644 secs]
   [Parallel Time: 5.6 ms, GC Workers: 2]
      [GC Worker Start (ms): Min: 70806.4, Avg: 70806.4, Max: 70806.4, Diff: 0.0]
      [Ext Root Scanning (ms): Min: 0.3, Avg: 0.3, Max: 0.3, Diff: 0.0, Sum: 0.7]
      [Update RS (ms): Min: 0.0, Avg: 0.0, Max: 0.0, Diff: 0.0, Sum: 0.1]
         [Processed Buffers: Min: 2, Avg: 2.0, Max: 2, Diff: 0, Sum: 4]
      [Scan RS (ms): Min: 0.2, Avg: 0.2, Max: 0.3, Diff: 0.0, Sum: 0.5]
      [Code Root Scanning (ms): Min: 0.1, Avg: 0.1, Max: 0.1, Diff: 0.0, Sum: 0.2]
      [Object Copy (ms): Min: 4.8, Avg: 4.8, Max: 4.8, Diff: 0.0, Sum: 9.7]
      [Termination (ms): Min: 0.0, Avg: 0.0, Max: 0.0, Diff: 0.0, Sum: 0.0]
      [GC Worker Other (ms): Min: 0.0, Avg: 0.0, Max: 0.0, Diff: 0.0, Sum: 0.1]
      [GC Worker Total (ms): Min: 5.6, Avg: 5.6, Max: 5.6, Diff: 0.0, Sum: 11.2]
      [GC Worker End (ms): Min: 70812.0, Avg: 70812.0, Max: 70812.0, Diff: 0.0]
   [Code Root Fixup: 0.0 ms]
   [Code Root Migration: 0.0 ms]
   [Clear CT: 0.1 ms]
   [Other: 0.4 ms]
      [Choose CSet: 0.0 ms]
      [Ref Proc: 0.1 ms]
      [Ref Enq: 0.0 ms]
      [Free CSet: 0.2 ms]
   [Eden: 130.0M(130.0M)->0.0B(145.0M) Survivors: 20.0M->8192.0K Heap: 203.3M(256.0M)->60.5M(256.0M)]
 [Times: user=0.03 sys=0.00, real=0.01 secs] 
2014-07-10T11:37:20.202+0200: 70.982: [GC pause (G1 Evacuation Pause) (young) 70.982: [G1Ergonomics (CSet Construction) start choosing CSet, _pending_cards: 512, predicted base time: 1.04 ms, remaining time: 198.96 ms, target pause time: 200.00 ms]
 70.982: [G1Ergonomics (CSet Construction) add young regions to CSet, eden: 145 regions, survivors: 8 regions, predicted young region time: 28.00 ms]
 70.982: [G1Ergonomics (CSet Construction) finish choosing CSet, eden: 145 regions, survivors: 8 regions, old: 0 regions, predicted pause time: 29.04 ms, target pause time: 200.00 ms]
 70.997: [G1Ergonomics (Heap Sizing) attempt heap expansion, reason: recent GC overhead higher than threshold after GC, recent GC overhead: 10.77 %, threshold: 10.00 %, uncommitted: 0 bytes, calculated expansion amount: 0 bytes (20.00 %)]
, 0.0150716 secs]
   [Parallel Time: 14.2 ms, GC Workers: 2]
      [GC Worker Start (ms): Min: 70982.3, Avg: 70982.3, Max: 70982.4, Diff: 0.0]
      [Ext Root Scanning (ms): Min: 0.5, Avg: 0.5, Max: 0.5, Diff: 0.0, Sum: 1.1]
      [Update RS (ms): Min: 0.0, Avg: 0.1, Max: 0.1, Diff: 0.0, Sum: 0.1]
         [Processed Buffers: Min: 1, Avg: 1.5, Max: 2, Diff: 1, Sum: 3]
      [Scan RS (ms): Min: 0.3, Avg: 0.3, Max: 0.3, Diff: 0.0, Sum: 0.5]
      [Code Root Scanning (ms): Min: 0.1, Avg: 0.1, Max: 0.1, Diff: 0.0, Sum: 0.2]
      [Object Copy (ms): Min: 13.2, Avg: 13.2, Max: 13.2, Diff: 0.0, Sum: 26.3]
      [Termination (ms): Min: 0.0, Avg: 0.0, Max: 0.0, Diff: 0.0, Sum: 0.0]
      [GC Worker Other (ms): Min: 0.0, Avg: 0.0, Max: 0.0, Diff: 0.0, Sum: 0.1]
      [GC Worker Total (ms): Min: 14.2, Avg: 14.2, Max: 14.2, Diff: 0.0, Sum: 28.4]
      [GC Worker End (ms): Min: 70996.5, Avg: 70996.5, Max: 70996.5, Diff: 0.0]
   [Code Root Fixup: 0.0 ms]
   [Code Root Migration: 0.1 ms]
   [Clear CT: 0.1 ms]
   [Other: 0.7 ms]
      [Choose CSet: 0.0 ms]
      [Ref Proc: 0.2 ms]
      [Ref Enq: 0.0 ms]
      [Free CSet: 0.3 ms]
   [Eden: 145.0M(145.0M)->0.0B(133.0M) Survivors: 8192.0K->20.0M Heap: 205.5M(256.0M)->73.4M(256.0M)]
 [Times: user=0.03 sys=0.00, real=0.02 secs] 
2014-07-10T11:37:20.299+0200: 71.079: [GC pause (G1 Evacuation Pause) (young) 71.079: [G1Ergonomics (CSet Construction) start choosing CSet, _pending_cards: 512, predicted base time: 1.14 ms, remaining time: 198.86 ms, target pause time: 200.00 ms]
 71.079: [G1Ergonomics (CSet Construction) add young regions to CSet, eden: 133 regions, survivors: 20 regions, predicted young region time: 88.23 ms]
 71.079: [G1Ergonomics (CSet Construction) finish choosing CSet, eden: 133 regions, survivors: 20 regions, old: 0 regions, predicted pause time: 89.37 ms, target pause time: 200.00 ms]
, 0.0140641 secs]
   [Parallel Time: 13.4 ms, GC Workers: 2]
      [GC Worker Start (ms): Min: 71078.8, Avg: 71078.8, Max: 71078.9, Diff: 0.0]
      [Ext Root Scanning (ms): Min: 0.3, Avg: 0.3, Max: 0.3, Diff: 0.0, Sum: 0.6]
      [Update RS (ms): Min: 0.0, Avg: 0.0, Max: 0.0, Diff: 0.0, Sum: 0.1]
         [Processed Buffers: Min: 1, Avg: 1.5, Max: 2, Diff: 1, Sum: 3]
      [Scan RS (ms): Min: 0.2, Avg: 0.2, Max: 0.2, Diff: 0.0, Sum: 0.5]
      [Code Root Scanning (ms): Min: 0.1, Avg: 0.1, Max: 0.1, Diff: 0.0, Sum: 0.2]
      [Object Copy (ms): Min: 12.6, Avg: 12.6, Max: 12.6, Diff: 0.0, Sum: 25.3]
      [Termination (ms): Min: 0.0, Avg: 0.0, Max: 0.0, Diff: 0.0, Sum: 0.0]
      [GC Worker Other (ms): Min: 0.0, Avg: 0.0, Max: 0.0, Diff: 0.0, Sum: 0.1]
      [GC Worker Total (ms): Min: 13.4, Avg: 13.4, Max: 13.4, Diff: 0.0, Sum: 26.7]
      [GC Worker End (ms): Min: 71092.2, Avg: 71092.2, Max: 71092.2, Diff: 0.0]
   [Code Root Fixup: 0.0 ms]
   [Code Root Migration: 0.0 ms]
   [Clear CT: 0.1 ms]
   [Other: 0.5 ms]
      [Choose CSet: 0.0 ms]
      [Ref Proc: 0.0 ms]
      [Ref Enq: 0.0 ms]
      [Free CSet: 0.2 ms]
   [Eden: 133.0M(133.0M)->0.0B(132.0M) Survivors: 20.0M->20.0M Heap: 206.4M(256.0M)->74.4M(256.0M)]
 [Times: user=0.03 sys=0.00, real=0.01 secs] 
2014-07-10T11:37:20.434+0200: 71.214: [GC pause (G1 Evacuation Pause) (young) 71.214: [G1Ergonomics (CSet Construction) start choosing CSet, _pending_cards: 512, predicted base time: 1.08 ms, remaining time: 198.92 ms, target pause time: 200.00 ms]
 71.214: [G1Ergonomics (CSet Construction) add young regions to CSet, eden: 132 regions, survivors: 20 regions, predicted young region time: 85.46 ms]
 71.214: [G1Ergonomics (CSet Construction) finish choosing CSet, eden: 132 regions, survivors: 20 regions, old: 0 regions, predicted pause time: 86.54 ms, target pause time: 200.00 ms]
, 0.0441091 secs]
   [Parallel Time: 31.8 ms, GC Workers: 2]
      [GC Worker Start (ms): Min: 71214.1, Avg: 71214.1, Max: 71214.1, Diff: 0.0]
      [Ext Root Scanning (ms): Min: 0.3, Avg: 0.3, Max: 0.3, Diff: 0.0, Sum: 0.6]
      [Update RS (ms): Min: 0.0, Avg: 0.0, Max: 0.0, Diff: 0.0, Sum: 0.1]
         [Processed Buffers: Min: 1, Avg: 1.5, Max: 2, Diff: 1, Sum: 3]
      [Scan RS (ms): Min: 0.3, Avg: 0.3, Max: 0.3, Diff: 0.0, Sum: 0.5]
      [Code Root Scanning (ms): Min: 0.1, Avg: 0.1, Max: 0.1, Diff: 0.0, Sum: 0.2]
      [Object Copy (ms): Min: 16.0, Avg: 20.1, Max: 24.3, Diff: 8.3, Sum: 40.2]
      [Termination (ms): Min: 0.0, Avg: 6.4, Max: 12.8, Diff: 12.8, Sum: 12.8]
      [GC Worker Other (ms): Min: 0.0, Avg: 0.0, Max: 0.0, Diff: 0.0, Sum: 0.1]
      [GC Worker Total (ms): Min: 25.0, Avg: 27.3, Max: 29.5, Diff: 4.5, Sum: 54.5]
      [GC Worker End (ms): Min: 71239.1, Avg: 71241.4, Max: 71243.6, Diff: 4.5]
   [Code Root Fixup: 0.0 ms]
   [Code Root Migration: 0.0 ms]
   [Clear CT: 0.1 ms]
   [Other: 12.1 ms]
      [Choose CSet: 0.0 ms]
      [Ref Proc: 11.8 ms]
      [Ref Enq: 0.0 ms]
      [Free CSet: 0.2 ms]
   [Eden: 132.0M(132.0M)->0.0B(131.0M) Survivors: 20.0M->19.0M Heap: 206.4M(256.0M)->75.3M(256.0M)]
 [Times: user=0.05 sys=0.00, real=0.04 secs] 
2014-07-10T11:37:20.592+0200: 71.372: [GC pause (G1 Evacuation Pause) (young) 71.372: [G1Ergonomics (CSet Construction) start choosing CSet, _pending_cards: 514, predicted base time: 8.90 ms, remaining time: 191.10 ms, target pause time: 200.00 ms]
 71.372: [G1Ergonomics (CSet Construction) add young regions to CSet, eden: 131 regions, survivors: 19 regions, predicted young region time: 102.67 ms]
 71.372: [G1Ergonomics (CSet Construction) finish choosing CSet, eden: 131 regions, survivors: 19 regions, old: 0 regions, predicted pause time: 111.57 ms, target pause time: 200.00 ms]
 71.379: [G1Ergonomics (Heap Sizing) attempt heap expansion, reason: recent GC overhead higher than threshold after GC, recent GC overhead: 11.36 %, threshold: 10.00 %, uncommitted: 0 bytes, calculated expansion amount: 0 bytes (20.00 %)]
, 0.0064137 secs]
   [Parallel Time: 5.8 ms, GC Workers: 2]
      [GC Worker Start (ms): Min: 71372.3, Avg: 71372.3, Max: 71372.3, Diff: 0.0]
      [Ext Root Scanning (ms): Min: 0.3, Avg: 0.3, Max: 0.3, Diff: 0.0, Sum: 0.7]
      [Update RS (ms): Min: 0.0, Avg: 0.1, Max: 0.1, Diff: 0.1, Sum: 0.1]
         [Processed Buffers: Min: 0, Avg: 2.0, Max: 4, Diff: 4, Sum: 4]
      [Scan RS (ms): Min: 0.2, Avg: 0.2, Max: 0.3, Diff: 0.0, Sum: 0.5]
      [Code Root Scanning (ms): Min: 0.1, Avg: 0.1, Max: 0.1, Diff: 0.0, Sum: 0.2]
      [Object Copy (ms): Min: 4.9, Avg: 4.9, Max: 4.9, Diff: 0.0, Sum: 9.9]
      [Termination (ms): Min: 0.0, Avg: 0.0, Max: 0.0, Diff: 0.0, Sum: 0.0]
      [GC Worker Other (ms): Min: 0.0, Avg: 0.1, Max: 0.2, Diff: 0.2, Sum: 0.2]
      [GC Worker Total (ms): Min: 5.8, Avg: 5.8, Max: 5.8, Diff: 0.0, Sum: 11.5]
      [GC Worker End (ms): Min: 71378.1, Avg: 71378.1, Max: 71378.1, Diff: 0.0]
   [Code Root Fixup: 0.0 ms]
   [Code Root Migration: 0.0 ms]
   [Clear CT: 0.1 ms]
   [Other: 0.5 ms]
      [Choose CSet: 0.0 ms]
      [Ref Proc: 0.1 ms]
      [Ref Enq: 0.0 ms]
      [Free CSet: 0.2 ms]
   [Eden: 131.0M(131.0M)->0.0B(145.0M) Survivors: 19.0M->8192.0K Heap: 206.3M(256.0M)->63.8M(256.0M)]
 [Times: user=0.03 sys=0.00, real=0.01 secs] 
2014-07-10T11:37:20.699+0200: 71.479: [GC pause (G1 Evacuation Pause) (young) 71.479: [G1Ergonomics (CSet Construction) start choosing CSet, _pending_cards: 256, predicted base time: 7.07 ms, remaining time: 192.93 ms, target pause time: 200.00 ms]
 71.479: [G1Ergonomics (CSet Construction) add young regions to CSet, eden: 145 regions, survivors: 8 regions, predicted young region time: 108.66 ms]
 71.479: [G1Ergonomics (CSet Construction) finish choosing CSet, eden: 145 regions, survivors: 8 regions, old: 0 regions, predicted pause time: 115.73 ms, target pause time: 200.00 ms]
 71.493: [G1Ergonomics (Heap Sizing) attempt heap expansion, reason: recent GC overhead higher than threshold after GC, recent GC overhead: 10.72 %, threshold: 10.00 %, uncommitted: 0 bytes, calculated expansion amount: 0 bytes (20.00 %)]
, 0.0138845 secs]
   [Parallel Time: 13.3 ms, GC Workers: 2]
      [GC Worker Start (ms): Min: 71479.1, Avg: 71479.1, Max: 71479.1, Diff: 0.0]
      [Ext Root Scanning (ms): Min: 0.3, Avg: 0.3, Max: 0.3, Diff: 0.0, Sum: 0.6]
      [Update RS (ms): Min: 0.0, Avg: 0.0, Max: 0.1, Diff: 0.1, Sum: 0.1]
         [Processed Buffers: Min: 1, Avg: 1.0, Max: 1, Diff: 0, Sum: 2]
      [Scan RS (ms): Min: 0.2, Avg: 0.2, Max: 0.2, Diff: 0.0, Sum: 0.5]
      [Code Root Scanning (ms): Min: 0.1, Avg: 0.1, Max: 0.1, Diff: 0.0, Sum: 0.2]
      [Object Copy (ms): Min: 12.5, Avg: 12.5, Max: 12.5, Diff: 0.0, Sum: 24.9]
      [Termination (ms): Min: 0.0, Avg: 0.0, Max: 0.0, Diff: 0.0, Sum: 0.0]
      [GC Worker Other (ms): Min: 0.0, Avg: 0.0, Max: 0.0, Diff: 0.0, Sum: 0.1]
      [GC Worker Total (ms): Min: 13.2, Avg: 13.2, Max: 13.2, Diff: 0.0, Sum: 26.4]
      [GC Worker End (ms): Min: 71492.3, Avg: 71492.3, Max: 71492.3, Diff: 0.0]
   [Code Root Fixup: 0.0 ms]
   [Code Root Migration: 0.0 ms]
   [Clear CT: 0.1 ms]
   [Other: 0.5 ms]
      [Choose CSet: 0.0 ms]
      [Ref Proc: 0.1 ms]
      [Ref Enq: 0.0 ms]
      [Free CSet: 0.2 ms]
   [Eden: 145.0M(145.0M)->0.0B(132.0M) Survivors: 8192.0K->20.0M Heap: 208.8M(256.0M)->76.7M(256.0M)]
 [Times: user=0.03 sys=0.00, real=0.01 secs] 
2014-07-10T11:37:20.854+0200: 71.634: [GC pause (G1 Evacuation Pause) (young) 71.634: [G1Ergonomics (CSet Construction) start choosing CSet, _pending_cards: 256, predicted base time: 5.69 ms, remaining time: 194.31 ms, target pause time: 200.00 ms]
 71.634: [G1Ergonomics (CSet Construction) add young regions to CSet, eden: 132 regions, survivors: 20 regions, predicted young region time: 75.90 ms]
 71.634: [G1Ergonomics (CSet Construction) finish choosing CSet, eden: 132 regions, survivors: 20 regions, old: 0 regions, predicted pause time: 81.58 ms, target pause time: 200.00 ms]
 71.648: [G1Ergonomics (Heap Sizing) attempt heap expansion, reason: recent GC overhead higher than threshold after GC, recent GC overhead: 10.90 %, threshold: 10.00 %, uncommitted: 0 bytes, calculated expansion amount: 0 bytes (20.00 %)]
, 0.0144945 secs]
   [Parallel Time: 13.4 ms, GC Workers: 2]
      [GC Worker Start (ms): Min: 71634.2, Avg: 71634.2, Max: 71634.2, Diff: 0.0]
      [Ext Root Scanning (ms): Min: 0.3, Avg: 0.3, Max: 0.3, Diff: 0.0, Sum: 0.6]
      [Update RS (ms): Min: 0.0, Avg: 0.0, Max: 0.1, Diff: 0.0, Sum: 0.1]
         [Processed Buffers: Min: 1, Avg: 1.0, Max: 1, Diff: 0, Sum: 2]
      [Scan RS (ms): Min: 0.2, Avg: 0.3, Max: 0.3, Diff: 0.1, Sum: 0.6]
      [Code Root Scanning (ms): Min: 0.1, Avg: 0.1, Max: 0.1, Diff: 0.0, Sum: 0.3]
      [Object Copy (ms): Min: 12.6, Avg: 12.6, Max: 12.6, Diff: 0.0, Sum: 25.1]
      [Termination (ms): Min: 0.0, Avg: 0.0, Max: 0.0, Diff: 0.0, Sum: 0.0]
      [GC Worker Other (ms): Min: 0.0, Avg: 0.0, Max: 0.0, Diff: 0.0, Sum: 0.1]
      [GC Worker Total (ms): Min: 13.3, Avg: 13.4, Max: 13.4, Diff: 0.0, Sum: 26.7]
      [GC Worker End (ms): Min: 71647.5, Avg: 71647.5, Max: 71647.5, Diff: 0.0]
   [Code Root Fixup: 0.0 ms]
   [Code Root Migration: 0.0 ms]
   [Clear CT: 0.2 ms]
   [Other: 0.9 ms]
      [Choose CSet: 0.0 ms]
      [Ref Proc: 0.4 ms]
      [Ref Enq: 0.0 ms]
      [Free CSet: 0.3 ms]
   [Eden: 132.0M(132.0M)->0.0B(130.0M) Survivors: 20.0M->19.0M Heap: 208.7M(256.0M)->77.1M(256.0M)]
 [Times: user=0.03 sys=0.00, real=0.01 secs] 
2014-07-10T11:37:20.997+0200: 71.778: [GC pause (G1 Evacuation Pause) (young) 71.778: [G1Ergonomics (CSet Construction) start choosing CSet, _pending_cards: 256, predicted base time: 4.72 ms, remaining time: 195.28 ms, target pause time: 200.00 ms]
 71.778: [G1Ergonomics (CSet Construction) add young regions to CSet, eden: 130 regions, survivors: 19 regions, predicted young region time: 90.13 ms]
 71.778: [G1Ergonomics (CSet Construction) finish choosing CSet, eden: 130 regions, survivors: 19 regions, old: 0 regions, predicted pause time: 94.85 ms, target pause time: 200.00 ms]
 71.790: [G1Ergonomics (Heap Sizing) attempt heap expansion, reason: recent GC overhead higher than threshold after GC, recent GC overhead: 11.37 %, threshold: 10.00 %, uncommitted: 0 bytes, calculated expansion amount: 0 bytes (20.00 %)]
, 0.0121137 secs]
   [Parallel Time: 10.8 ms, GC Workers: 2]
      [GC Worker Start (ms): Min: 71778.1, Avg: 71778.1, Max: 71778.1, Diff: 0.0]
      [Ext Root Scanning (ms): Min: 0.6, Avg: 0.6, Max: 0.6, Diff: 0.0, Sum: 1.2]
      [Update RS (ms): Min: 0.0, Avg: 0.1, Max: 0.1, Diff: 0.1, Sum: 0.1]
         [Processed Buffers: Min: 1, Avg: 1.0, Max: 1, Diff: 0, Sum: 2]
      [Scan RS (ms): Min: 0.4, Avg: 0.4, Max: 0.4, Diff: 0.0, Sum: 0.8]
      [Code Root Scanning (ms): Min: 0.1, Avg: 0.2, Max: 0.2, Diff: 0.0, Sum: 0.3]
      [Object Copy (ms): Min: 9.5, Avg: 9.5, Max: 9.5, Diff: 0.0, Sum: 19.0]
      [Termination (ms): Min: 0.0, Avg: 0.0, Max: 0.0, Diff: 0.0, Sum: 0.0]
      [GC Worker Other (ms): Min: 0.0, Avg: 0.0, Max: 0.0, Diff: 0.0, Sum: 0.1]
      [GC Worker Total (ms): Min: 10.8, Avg: 10.8, Max: 10.8, Diff: 0.0, Sum: 21.6]
      [GC Worker End (ms): Min: 71788.9, Avg: 71788.9, Max: 71788.9, Diff: 0.0]
   [Code Root Fixup: 0.0 ms]
   [Code Root Migration: 0.1 ms]
   [Clear CT: 0.1 ms]
   [Other: 1.1 ms]
      [Choose CSet: 0.1 ms]
      [Ref Proc: 0.1 ms]
      [Ref Enq: 0.0 ms]
      [Free CSet: 0.3 ms]
   [Eden: 130.0M(130.0M)->0.0B(141.0M) Survivors: 19.0M->11.0M Heap: 207.1M(256.0M)->68.3M(256.0M)]
 [Times: user=0.00 sys=0.00, real=0.01 secs] 
2014-07-10T11:37:21.099+0200: 71.879: [GC pause (G1 Evacuation Pause) (young) 71.880: [G1Ergonomics (CSet Construction) start choosing CSet, _pending_cards: 256, predicted base time: 4.01 ms, remaining time: 195.99 ms, target pause time: 200.00 ms]
 71.880: [G1Ergonomics (CSet Construction) add young regions to CSet, eden: 141 regions, survivors: 11 regions, predicted young region time: 35.23 ms]
 71.880: [G1Ergonomics (CSet Construction) finish choosing CSet, eden: 141 regions, survivors: 11 regions, old: 0 regions, predicted pause time: 39.25 ms, target pause time: 200.00 ms]
 71.892: [G1Ergonomics (Heap Sizing) attempt heap expansion, reason: recent GC overhead higher than threshold after GC, recent GC overhead: 11.27 %, threshold: 10.00 %, uncommitted: 0 bytes, calculated expansion amount: 0 bytes (20.00 %)]
, 0.0129620 secs]
   [Parallel Time: 12.2 ms, GC Workers: 2]
      [GC Worker Start (ms): Min: 71879.6, Avg: 71879.6, Max: 71879.6, Diff: 0.0]
      [Ext Root Scanning (ms): Min: 0.3, Avg: 0.3, Max: 0.3, Diff: 0.0, Sum: 0.6]
      [Update RS (ms): Min: 0.0, Avg: 0.0, Max: 0.0, Diff: 0.0, Sum: 0.1]
         [Processed Buffers: Min: 1, Avg: 1.0, Max: 1, Diff: 0, Sum: 2]
      [Scan RS (ms): Min: 0.2, Avg: 0.2, Max: 0.2, Diff: 0.0, Sum: 0.4]
      [Code Root Scanning (ms): Min: 0.1, Avg: 0.1, Max: 0.1, Diff: 0.0, Sum: 0.2]
      [Object Copy (ms): Min: 11.4, Avg: 11.4, Max: 11.5, Diff: 0.1, Sum: 22.9]
      [Termination (ms): Min: 0.0, Avg: 0.0, Max: 0.1, Diff: 0.1, Sum: 0.1]
      [GC Worker Other (ms): Min: 0.0, Avg: 0.0, Max: 0.0, Diff: 0.0, Sum: 0.1]
      [GC Worker Total (ms): Min: 12.2, Avg: 12.2, Max: 12.2, Diff: 0.0, Sum: 24.3]
      [GC Worker End (ms): Min: 71891.7, Avg: 71891.7, Max: 71891.8, Diff: 0.0]
   [Code Root Fixup: 0.0 ms]
   [Code Root Migration: 0.0 ms]
   [Clear CT: 0.1 ms]
   [Other: 0.6 ms]
      [Choose CSet: 0.0 ms]
      [Ref Proc: 0.3 ms]
      [Ref Enq: 0.0 ms]
      [Free CSet: 0.2 ms]
   [Eden: 141.0M(141.0M)->0.0B(132.0M) Survivors: 11.0M->19.0M Heap: 209.3M(256.0M)->77.2M(256.0M)]
 [Times: user=0.03 sys=0.00, real=0.01 secs] 
2014-07-10T11:37:21.231+0200: 72.011: [GC pause (G1 Evacuation Pause) (young) 72.011: [G1Ergonomics (CSet Construction) start choosing CSet, _pending_cards: 256, predicted base time: 3.37 ms, remaining time: 196.63 ms, target pause time: 200.00 ms]
 72.011: [G1Ergonomics (CSet Construction) add young regions to CSet, eden: 132 regions, survivors: 19 regions, predicted young region time: 98.46 ms]
 72.011: [G1Ergonomics (CSet Construction) finish choosing CSet, eden: 132 regions, survivors: 19 regions, old: 0 regions, predicted pause time: 101.83 ms, target pause time: 200.00 ms]
 72.025: [G1Ergonomics (Heap Sizing) attempt heap expansion, reason: recent GC overhead higher than threshold after GC, recent GC overhead: 11.85 %, threshold: 10.00 %, uncommitted: 0 bytes, calculated expansion amount: 0 bytes (20.00 %)]
, 0.0137041 secs]
   [Parallel Time: 13.0 ms, GC Workers: 2]
      [GC Worker Start (ms): Min: 72011.3, Avg: 72012.9, Max: 72014.5, Diff: 3.3]
      [Ext Root Scanning (ms): Min: 0.0, Avg: 0.3, Max: 0.6, Diff: 0.6, Sum: 0.6]
      [Update RS (ms): Min: 0.0, Avg: 0.0, Max: 0.0, Diff: 0.0, Sum: 0.0]
         [Processed Buffers: Min: 0, Avg: 1.0, Max: 2, Diff: 2, Sum: 2]
      [Scan RS (ms): Min: 0.0, Avg: 0.3, Max: 0.5, Diff: 0.5, Sum: 0.6]
      [Code Root Scanning (ms): Min: 0.0, Avg: 0.1, Max: 0.3, Diff: 0.3, Sum: 0.3]
      [Object Copy (ms): Min: 9.7, Avg: 10.6, Max: 11.4, Diff: 1.8, Sum: 21.1]
      [Termination (ms): Min: 0.0, Avg: 0.0, Max: 0.0, Diff: 0.0, Sum: 0.0]
      [GC Worker Other (ms): Min: 0.0, Avg: 0.0, Max: 0.0, Diff: 0.0, Sum: 0.1]
      [GC Worker Total (ms): Min: 9.8, Avg: 11.4, Max: 13.0, Diff: 3.3, Sum: 22.8]
      [GC Worker End (ms): Min: 72024.3, Avg: 72024.3, Max: 72024.3, Diff: 0.0]
   [Code Root Fixup: 0.0 ms]
   [Code Root Migration: 0.1 ms]
   [Clear CT: 0.1 ms]
   [Other: 0.5 ms]
      [Choose CSet: 0.0 ms]
      [Ref Proc: 0.1 ms]
      [Ref Enq: 0.0 ms]
      [Free CSet: 0.2 ms]
   [Eden: 132.0M(132.0M)->0.0B(132.0M) Survivors: 19.0M->19.0M Heap: 209.2M(256.0M)->77.1M(256.0M)]
 [Times: user=0.02 sys=0.00, real=0.01 secs] 
2014-07-10T11:37:21.407+0200: 72.187: [GC pause (G1 Evacuation Pause) (young) 72.187: [G1Ergonomics (CSet Construction) start choosing CSet, _pending_cards: 256, predicted base time: 3.32 ms, remaining time: 196.68 ms, target pause time: 200.00 ms]
 72.187: [G1Ergonomics (CSet Construction) add young regions to CSet, eden: 132 regions, survivors: 19 regions, predicted young region time: 26.93 ms]
 72.187: [G1Ergonomics (CSet Construction) finish choosing CSet, eden: 132 regions, survivors: 19 regions, old: 0 regions, predicted pause time: 30.26 ms, target pause time: 200.00 ms]
 72.209: [G1Ergonomics (Heap Sizing) attempt heap expansion, reason: recent GC overhead higher than threshold after GC, recent GC overhead: 11.43 %, threshold: 10.00 %, uncommitted: 0 bytes, calculated expansion amount: 0 bytes (20.00 %)]
, 0.0225134 secs]
   [Parallel Time: 21.3 ms, GC Workers: 2]
      [GC Worker Start (ms): Min: 72187.0, Avg: 72187.0, Max: 72187.0, Diff: 0.0]
      [Ext Root Scanning (ms): Min: 0.5, Avg: 0.5, Max: 0.5, Diff: 0.0, Sum: 1.0]
      [Update RS (ms): Min: 0.0, Avg: 0.0, Max: 0.1, Diff: 0.0, Sum: 0.1]
         [Processed Buffers: Min: 1, Avg: 1.0, Max: 1, Diff: 0, Sum: 2]
      [Scan RS (ms): Min: 0.5, Avg: 0.5, Max: 0.5, Diff: 0.0, Sum: 1.0]
      [Code Root Scanning (ms): Min: 0.1, Avg: 0.1, Max: 0.2, Diff: 0.1, Sum: 0.3]
      [Object Copy (ms): Min: 20.0, Avg: 20.0, Max: 20.0, Diff: 0.0, Sum: 40.1]
      [Termination (ms): Min: 0.0, Avg: 0.0, Max: 0.0, Diff: 0.0, Sum: 0.0]
      [GC Worker Other (ms): Min: 0.0, Avg: 0.0, Max: 0.0, Diff: 0.0, Sum: 0.1]
      [GC Worker Total (ms): Min: 21.2, Avg: 21.3, Max: 21.3, Diff: 0.0, Sum: 42.5]
      [GC Worker End (ms): Min: 72208.3, Avg: 72208.3, Max: 72208.3, Diff: 0.0]
   [Code Root Fixup: 0.0 ms]
   [Code Root Migration: 0.1 ms]
   [Clear CT: 0.1 ms]
   [Other: 1.0 ms]
      [Choose CSet: 0.1 ms]
      [Ref Proc: 0.5 ms]
      [Ref Enq: 0.0 ms]
      [Free CSet: 0.2 ms]
   [Eden: 132.0M(132.0M)->0.0B(132.0M) Survivors: 19.0M->19.0M Heap: 209.1M(256.0M)->76.9M(256.0M)]
 [Times: user=0.03 sys=0.00, real=0.02 secs] 
2014-07-10T11:37:21.520+0200: 72.300: [GC pause (G1 Evacuation Pause) (young) 72.300: [G1Ergonomics (CSet Construction) start choosing CSet, _pending_cards: 260, predicted base time: 2.98 ms, remaining time: 197.02 ms, target pause time: 200.00 ms]
 72.300: [G1Ergonomics (CSet Construction) add young regions to CSet, eden: 132 regions, survivors: 19 regions, predicted young region time: 112.60 ms]
 72.300: [G1Ergonomics (CSet Construction) finish choosing CSet, eden: 132 regions, survivors: 19 regions, old: 0 regions, predicted pause time: 115.58 ms, target pause time: 200.00 ms]
 72.302: [G1Ergonomics (Heap Sizing) attempt heap expansion, reason: recent GC overhead higher than threshold after GC, recent GC overhead: 12.05 %, threshold: 10.00 %, uncommitted: 0 bytes, calculated expansion amount: 0 bytes (20.00 %)]
, 0.0015516 secs]
   [Parallel Time: 1.1 ms, GC Workers: 2]
      [GC Worker Start (ms): Min: 72300.5, Avg: 72300.5, Max: 72300.5, Diff: 0.0]
      [Ext Root Scanning (ms): Min: 0.2, Avg: 0.2, Max: 0.2, Diff: 0.0, Sum: 0.4]
      [Update RS (ms): Min: 0.0, Avg: 0.1, Max: 0.1, Diff: 0.0, Sum: 0.1]
         [Processed Buffers: Min: 1, Avg: 1.5, Max: 2, Diff: 1, Sum: 3]
      [Scan RS (ms): Min: 0.2, Avg: 0.2, Max: 0.2, Diff: 0.0, Sum: 0.4]
      [Code Root Scanning (ms): Min: 0.1, Avg: 0.1, Max: 0.1, Diff: 0.0, Sum: 0.2]
      [Object Copy (ms): Min: 0.5, Avg: 0.5, Max: 0.5, Diff: 0.0, Sum: 1.0]
      [Termination (ms): Min: 0.0, Avg: 0.0, Max: 0.0, Diff: 0.0, Sum: 0.0]
      [GC Worker Other (ms): Min: 0.0, Avg: 0.0, Max: 0.0, Diff: 0.0, Sum: 0.0]
      [GC Worker Total (ms): Min: 1.1, Avg: 1.1, Max: 1.1, Diff: 0.0, Sum: 2.2]
      [GC Worker End (ms): Min: 72301.6, Avg: 72301.6, Max: 72301.6, Diff: 0.0]
   [Code Root Fixup: 0.0 ms]
   [Code Root Migration: 0.0 ms]
   [Clear CT: 0.1 ms]
   [Other: 0.3 ms]
      [Choose CSet: 0.0 ms]
      [Ref Proc: 0.0 ms]
      [Ref Enq: 0.0 ms]
      [Free CSet: 0.1 ms]
   [Eden: 132.0M(132.0M)->0.0B(151.0M) Survivors: 19.0M->2048.0K Heap: 208.9M(256.0M)->59.7M(256.0M)]
 [Times: user=0.00 sys=0.00, real=0.00 secs] 
2014-07-10T11:37:21.637+0200: 72.417: [GC pause (G1 Evacuation Pause) (young) 72.417: [G1Ergonomics (CSet Construction) start choosing CSet, _pending_cards: 512, predicted base time: 2.51 ms, remaining time: 197.49 ms, target pause time: 200.00 ms]
 72.417: [G1Ergonomics (CSet Construction) add young regions to CSet, eden: 151 regions, survivors: 2 regions, predicted young region time: 111.96 ms]
 72.417: [G1Ergonomics (CSet Construction) finish choosing CSet, eden: 151 regions, survivors: 2 regions, old: 0 regions, predicted pause time: 114.46 ms, target pause time: 200.00 ms]
 72.432: [G1Ergonomics (Heap Sizing) attempt heap expansion, reason: recent GC overhead higher than threshold after GC, recent GC overhead: 11.87 %, threshold: 10.00 %, uncommitted: 0 bytes, calculated expansion amount: 0 bytes (20.00 %)]
, 0.0146903 secs]
   [Parallel Time: 13.7 ms, GC Workers: 2]
      [GC Worker Start (ms): Min: 72417.0, Avg: 72417.0, Max: 72417.0, Diff: 0.0]
      [Ext Root Scanning (ms): Min: 0.3, Avg: 0.3, Max: 0.3, Diff: 0.0, Sum: 0.6]
      [Update RS (ms): Min: 0.0, Avg: 0.0, Max: 0.1, Diff: 0.0, Sum: 0.1]
         [Processed Buffers: Min: 1, Avg: 1.5, Max: 2, Diff: 1, Sum: 3]
      [Scan RS (ms): Min: 0.2, Avg: 0.2, Max: 0.2, Diff: 0.0, Sum: 0.4]
      [Code Root Scanning (ms): Min: 0.1, Avg: 0.1, Max: 0.1, Diff: 0.0, Sum: 0.2]
      [Object Copy (ms): Min: 12.8, Avg: 12.8, Max: 12.8, Diff: 0.0, Sum: 25.5]
      [Termination (ms): Min: 0.0, Avg: 0.0, Max: 0.0, Diff: 0.0, Sum: 0.0]
      [GC Worker Other (ms): Min: 0.0, Avg: 0.1, Max: 0.2, Diff: 0.2, Sum: 0.2]
      [GC Worker Total (ms): Min: 13.5, Avg: 13.6, Max: 13.7, Diff: 0.2, Sum: 27.1]
      [GC Worker End (ms): Min: 72430.5, Avg: 72430.6, Max: 72430.7, Diff: 0.2]
   [Code Root Fixup: 0.0 ms]
   [Code Root Migration: 0.1 ms]
   [Clear CT: 0.3 ms]
   [Other: 0.6 ms]
      [Choose CSet: 0.0 ms]
      [Ref Proc: 0.2 ms]
      [Ref Enq: 0.0 ms]
      [Free CSet: 0.2 ms]
   [Eden: 151.0M(151.0M)->0.0B(131.0M) Survivors: 2048.0K->20.0M Heap: 210.7M(256.0M)->78.6M(256.0M)]
 [Times: user=0.03 sys=0.00, real=0.01 secs] 
2014-07-10T11:37:21.807+0200: 72.587: [GC pause (G1 Evacuation Pause) (young) 72.587: [G1Ergonomics (CSet Construction) start choosing CSet, _pending_cards: 512, predicted base time: 2.30 ms, remaining time: 197.70 ms, target pause time: 200.00 ms]
 72.587: [G1Ergonomics (CSet Construction) add young regions to CSet, eden: 131 regions, survivors: 20 regions, predicted young region time: 74.53 ms]
 72.587: [G1Ergonomics (CSet Construction) finish choosing CSet, eden: 131 regions, survivors: 20 regions, old: 0 regions, predicted pause time: 76.83 ms, target pause time: 200.00 ms]
 72.606: [G1Ergonomics (Heap Sizing) attempt heap expansion, reason: recent GC overhead higher than threshold after GC, recent GC overhead: 11.61 %, threshold: 10.00 %, uncommitted: 0 bytes, calculated expansion amount: 0 bytes (20.00 %)]
, 0.0192101 secs]
   [Parallel Time: 17.8 ms, GC Workers: 2]
      [GC Worker Start (ms): Min: 72587.3, Avg: 72587.4, Max: 72587.4, Diff: 0.0]
      [Ext Root Scanning (ms): Min: 0.6, Avg: 0.6, Max: 0.6, Diff: 0.0, Sum: 1.1]
      [Update RS (ms): Min: 0.1, Avg: 0.1, Max: 0.1, Diff: 0.1, Sum: 0.2]
         [Processed Buffers: Min: 1, Avg: 1.5, Max: 2, Diff: 1, Sum: 3]
      [Scan RS (ms): Min: 0.4, Avg: 0.4, Max: 0.4, Diff: 0.0, Sum: 0.8]
      [Code Root Scanning (ms): Min: 0.1, Avg: 0.1, Max: 0.1, Diff: 0.0, Sum: 0.3]
      [Object Copy (ms): Min: 16.5, Avg: 16.5, Max: 16.5, Diff: 0.0, Sum: 33.0]
      [Termination (ms): Min: 0.0, Avg: 0.0, Max: 0.0, Diff: 0.0, Sum: 0.0]
      [GC Worker Other (ms): Min: 0.0, Avg: 0.0, Max: 0.0, Diff: 0.0, Sum: 0.1]
      [GC Worker Total (ms): Min: 17.7, Avg: 17.7, Max: 17.7, Diff: 0.0, Sum: 35.4]
      [GC Worker End (ms): Min: 72605.1, Avg: 72605.1, Max: 72605.1, Diff: 0.0]
   [Code Root Fixup: 0.0 ms]
   [Code Root Migration: 0.0 ms]
   [Clear CT: 0.3 ms]
   [Other: 1.1 ms]
      [Choose CSet: 0.1 ms]
      [Ref Proc: 0.5 ms]
      [Ref Enq: 0.0 ms]
      [Free CSet: 0.4 ms]
   [Eden: 131.0M(131.0M)->0.0B(132.0M) Survivors: 20.0M->19.0M Heap: 209.6M(256.0M)->77.8M(256.0M)]
 [Times: user=0.06 sys=0.00, real=0.02 secs] 
2014-07-10T11:37:21.899+0200: 72.680: [GC pause (G1 Evacuation Pause) (young) 72.680: [G1Ergonomics (CSet Construction) start choosing CSet, _pending_cards: 512, predicted base time: 2.27 ms, remaining time: 197.73 ms, target pause time: 200.00 ms]
 72.680: [G1Ergonomics (CSet Construction) add young regions to CSet, eden: 132 regions, survivors: 19 regions, predicted young region time: 102.88 ms]
 72.680: [G1Ergonomics (CSet Construction) finish choosing CSet, eden: 132 regions, survivors: 19 regions, old: 0 regions, predicted pause time: 105.15 ms, target pause time: 200.00 ms]
, 0.0080812 secs]
   [Parallel Time: 7.3 ms, GC Workers: 2]
      [GC Worker Start (ms): Min: 72679.6, Avg: 72679.7, Max: 72679.9, Diff: 0.2]
      [Ext Root Scanning (ms): Min: 0.2, Avg: 0.3, Max: 0.4, Diff: 0.2, Sum: 0.5]
      [Update RS (ms): Min: 0.0, Avg: 0.0, Max: 0.1, Diff: 0.0, Sum: 0.1]
         [Processed Buffers: Min: 1, Avg: 1.5, Max: 2, Diff: 1, Sum: 3]
      [Scan RS (ms): Min: 0.2, Avg: 0.2, Max: 0.2, Diff: 0.0, Sum: 0.4]
      [Code Root Scanning (ms): Min: 0.1, Avg: 0.1, Max: 0.1, Diff: 0.0, Sum: 0.2]
      [Object Copy (ms): Min: 6.5, Avg: 6.5, Max: 6.5, Diff: 0.0, Sum: 13.1]
      [Termination (ms): Min: 0.0, Avg: 0.0, Max: 0.0, Diff: 0.0, Sum: 0.0]
      [GC Worker Other (ms): Min: 0.0, Avg: 0.0, Max: 0.0, Diff: 0.0, Sum: 0.1]
      [GC Worker Total (ms): Min: 7.1, Avg: 7.2, Max: 7.3, Diff: 0.2, Sum: 14.4]
      [GC Worker End (ms): Min: 72686.9, Avg: 72686.9, Max: 72686.9, Diff: 0.0]
   [Code Root Fixup: 0.0 ms]
   [Code Root Migration: 0.1 ms]
   [Clear CT: 0.2 ms]
   [Other: 0.5 ms]
      [Choose CSet: 0.0 ms]
      [Ref Proc: 0.1 ms]
      [Ref Enq: 0.0 ms]
      [Free CSet: 0.2 ms]
   [Eden: 132.0M(132.0M)->0.0B(141.0M) Survivors: 19.0M->12.0M Heap: 209.8M(256.0M)->69.8M(256.0M)]
 [Times: user=0.03 sys=0.00, real=0.01 secs] 
2014-07-10T11:37:22.037+0200: 72.818: [GC pause (G1 Evacuation Pause) (young) 72.818: [G1Ergonomics (CSet Construction) start choosing CSet, _pending_cards: 512, predicted base time: 1.99 ms, remaining time: 198.01 ms, target pause time: 200.00 ms]
 72.818: [G1Ergonomics (CSet Construction) add young regions to CSet, eden: 141 regions, survivors: 12 regions, predicted young region time: 75.35 ms]
 72.818: [G1Ergonomics (CSet Construction) finish choosing CSet, eden: 141 regions, survivors: 12 regions, old: 0 regions, predicted pause time: 77.34 ms, target pause time: 200.00 ms]
 72.832: [G1Ergonomics (Heap Sizing) attempt heap expansion, reason: recent GC overhead higher than threshold after GC, recent GC overhead: 10.10 %, threshold: 10.00 %, uncommitted: 0 bytes, calculated expansion amount: 0 bytes (20.00 %)]
, 0.0145510 secs]
   [Parallel Time: 13.8 ms, GC Workers: 2]
      [GC Worker Start (ms): Min: 72817.8, Avg: 72817.8, Max: 72817.8, Diff: 0.0]
      [Ext Root Scanning (ms): Min: 0.3, Avg: 0.3, Max: 0.3, Diff: 0.0, Sum: 0.6]
      [Update RS (ms): Min: 0.0, Avg: 0.0, Max: 0.0, Diff: 0.0, Sum: 0.1]
         [Processed Buffers: Min: 1, Avg: 1.5, Max: 2, Diff: 1, Sum: 3]
      [Scan RS (ms): Min: 0.2, Avg: 0.2, Max: 0.2, Diff: 0.0, Sum: 0.5]
      [Code Root Scanning (ms): Min: 0.1, Avg: 0.1, Max: 0.1, Diff: 0.0, Sum: 0.2]
      [Object Copy (ms): Min: 12.6, Avg: 12.9, Max: 13.1, Diff: 0.5, Sum: 25.7]
      [Termination (ms): Min: 0.0, Avg: 0.2, Max: 0.4, Diff: 0.4, Sum: 0.4]
      [GC Worker Other (ms): Min: 0.0, Avg: 0.0, Max: 0.0, Diff: 0.0, Sum: 0.0]
      [GC Worker Total (ms): Min: 13.7, Avg: 13.8, Max: 13.8, Diff: 0.0, Sum: 27.5]
      [GC Worker End (ms): Min: 72831.5, Avg: 72831.5, Max: 72831.6, Diff: 0.0]
   [Code Root Fixup: 0.0 ms]
   [Code Root Migration: 0.0 ms]
   [Clear CT: 0.1 ms]
   [Other: 0.6 ms]
      [Choose CSet: 0.0 ms]
      [Ref Proc: 0.1 ms]
      [Ref Enq: 0.0 ms]
      [Free CSet: 0.2 ms]
   [Eden: 141.0M(141.0M)->0.0B(131.0M) Survivors: 12.0M->20.0M Heap: 210.8M(256.0M)->78.7M(256.0M)]
 [Times: user=0.03 sys=0.00, real=0.02 secs] 
2014-07-10T11:37:22.206+0200: 72.986: [GC pause (G1 Evacuation Pause) (young) 72.986: [G1Ergonomics (CSet Construction) start choosing CSet, _pending_cards: 512, predicted base time: 1.77 ms, remaining time: 198.23 ms, target pause time: 200.00 ms]
 72.986: [G1Ergonomics (CSet Construction) add young regions to CSet, eden: 131 regions, survivors: 20 regions, predicted young region time: 93.55 ms]
 72.986: [G1Ergonomics (CSet Construction) finish choosing CSet, eden: 131 regions, survivors: 20 regions, old: 0 regions, predicted pause time: 95.32 ms, target pause time: 200.00 ms]
, 0.0142592 secs]
   [Parallel Time: 13.2 ms, GC Workers: 2]
      [GC Worker Start (ms): Min: 72986.4, Avg: 72986.7, Max: 72986.9, Diff: 0.5]
      [Ext Root Scanning (ms): Min: 0.2, Avg: 0.5, Max: 0.7, Diff: 0.5, Sum: 1.0]
      [Update RS (ms): Min: 0.0, Avg: 0.0, Max: 0.1, Diff: 0.0, Sum: 0.1]
         [Processed Buffers: Min: 1, Avg: 1.5, Max: 2, Diff: 1, Sum: 3]
      [Scan RS (ms): Min: 0.4, Avg: 0.4, Max: 0.5, Diff: 0.0, Sum: 0.9]
      [Code Root Scanning (ms): Min: 0.1, Avg: 0.2, Max: 0.2, Diff: 0.0, Sum: 0.3]
      [Object Copy (ms): Min: 11.8, Avg: 11.8, Max: 11.8, Diff: 0.0, Sum: 23.5]
      [Termination (ms): Min: 0.0, Avg: 0.0, Max: 0.0, Diff: 0.0, Sum: 0.0]
      [GC Worker Other (ms): Min: 0.0, Avg: 0.0, Max: 0.0, Diff: 0.0, Sum: 0.1]
      [GC Worker Total (ms): Min: 12.7, Avg: 12.9, Max: 13.2, Diff: 0.5, Sum: 25.8]
      [GC Worker End (ms): Min: 72999.6, Avg: 72999.6, Max: 72999.6, Diff: 0.0]
   [Code Root Fixup: 0.0 ms]
   [Code Root Migration: 0.1 ms]
   [Clear CT: 0.4 ms]
   [Other: 0.6 ms]
      [Choose CSet: 0.1 ms]
      [Ref Proc: 0.1 ms]
      [Ref Enq: 0.0 ms]
      [Free CSet: 0.3 ms]
   [Eden: 131.0M(131.0M)->0.0B(132.0M) Survivors: 20.0M->19.0M Heap: 209.7M(256.0M)->77.6M(256.0M)]
 [Times: user=0.02 sys=0.00, real=0.01 secs] 
2014-07-10T11:37:22.299+0200: 73.079: [GC pause (G1 Evacuation Pause) (young) 73.079: [G1Ergonomics (CSet Construction) start choosing CSet, _pending_cards: 256, predicted base time: 1.77 ms, remaining time: 198.23 ms, target pause time: 200.00 ms]
 73.079: [G1Ergonomics (CSet Construction) add young regions to CSet, eden: 132 regions, survivors: 19 regions, predicted young region time: 28.29 ms]
 73.079: [G1Ergonomics (CSet Construction) finish choosing CSet, eden: 132 regions, survivors: 19 regions, old: 0 regions, predicted pause time: 30.06 ms, target pause time: 200.00 ms]
, 0.0129247 secs]
   [Parallel Time: 12.1 ms, GC Workers: 2]
      [GC Worker Start (ms): Min: 73078.9, Avg: 73078.9, Max: 73078.9, Diff: 0.0]
      [Ext Root Scanning (ms): Min: 0.4, Avg: 0.4, Max: 0.4, Diff: 0.0, Sum: 0.9]
      [Update RS (ms): Min: 0.0, Avg: 0.0, Max: 0.0, Diff: 0.0, Sum: 0.0]
         [Processed Buffers: Min: 1, Avg: 1.0, Max: 1, Diff: 0, Sum: 2]
      [Scan RS (ms): Min: 0.2, Avg: 0.2, Max: 0.2, Diff: 0.0, Sum: 0.4]
      [Code Root Scanning (ms): Min: 0.1, Avg: 0.1, Max: 0.1, Diff: 0.0, Sum: 0.2]
      [Object Copy (ms): Min: 11.3, Avg: 11.3, Max: 11.3, Diff: 0.0, Sum: 22.6]
      [Termination (ms): Min: 0.0, Avg: 0.0, Max: 0.0, Diff: 0.0, Sum: 0.0]
      [GC Worker Other (ms): Min: 0.0, Avg: 0.0, Max: 0.0, Diff: 0.0, Sum: 0.1]
      [GC Worker Total (ms): Min: 12.1, Avg: 12.1, Max: 12.1, Diff: 0.0, Sum: 24.2]
      [GC Worker End (ms): Min: 73091.0, Avg: 73091.0, Max: 73091.0, Diff: 0.0]
   [Code Root Fixup: 0.0 ms]
   [Code Root Migration: 0.0 ms]
   [Clear CT: 0.1 ms]
   [Other: 0.6 ms]
      [Choose CSet: 0.0 ms]
      [Ref Proc: 0.2 ms]
      [Ref Enq: 0.0 ms]
      [Free CSet: 0.2 ms]
   [Eden: 132.0M(132.0M)->0.0B(132.0M) Survivors: 19.0M->19.0M Heap: 209.6M(256.0M)->77.5M(256.0M)]
 [Times: user=0.03 sys=0.00, real=0.01 secs] 
2014-07-10T11:37:22.445+0200: 73.225: [GC pause (G1 Evacuation Pause) (young) 73.225: [G1Ergonomics (CSet Construction) start choosing CSet, _pending_cards: 256, predicted base time: 1.63 ms, remaining time: 198.37 ms, target pause time: 200.00 ms]
 73.225: [G1Ergonomics (CSet Construction) add young regions to CSet, eden: 132 regions, survivors: 19 regions, predicted young region time: 88.46 ms]
 73.225: [G1Ergonomics (CSet Construction) finish choosing CSet, eden: 132 regions, survivors: 19 regions, old: 0 regions, predicted pause time: 90.09 ms, target pause time: 200.00 ms]
 73.264: [G1Ergonomics (Heap Sizing) attempt heap expansion, reason: recent GC overhead higher than threshold after GC, recent GC overhead: 10.27 %, threshold: 10.00 %, uncommitted: 0 bytes, calculated expansion amount: 0 bytes (20.00 %)]
, 0.0384851 secs]
   [Parallel Time: 37.9 ms, GC Workers: 2]
      [GC Worker Start (ms): Min: 73225.5, Avg: 73243.8, Max: 73262.1, Diff: 36.5]
      [Ext Root Scanning (ms): Min: 0.0, Avg: 0.2, Max: 0.4, Diff: 0.4, Sum: 0.4]
      [Update RS (ms): Min: 0.0, Avg: 0.0, Max: 0.0, Diff: 0.0, Sum: 0.0]
         [Processed Buffers: Min: 0, Avg: 1.0, Max: 2, Diff: 2, Sum: 2]
      [Scan RS (ms): Min: 0.0, Avg: 0.2, Max: 0.4, Diff: 0.4, Sum: 0.4]
      [Code Root Scanning (ms): Min: 0.0, Avg: 0.1, Max: 0.2, Diff: 0.2, Sum: 0.2]
      [Object Copy (ms): Min: 0.0, Avg: 7.0, Max: 14.0, Diff: 14.0, Sum: 14.0]
      [Termination (ms): Min: 0.0, Avg: 11.4, Max: 22.8, Diff: 22.8, Sum: 22.8]
      [GC Worker Other (ms): Min: 0.0, Avg: 0.0, Max: 0.0, Diff: 0.0, Sum: 0.0]
      [GC Worker Total (ms): Min: 0.1, Avg: 19.0, Max: 37.9, Diff: 37.8, Sum: 37.9]
      [GC Worker End (ms): Min: 73262.1, Avg: 73262.8, Max: 73263.4, Diff: 1.3]
   [Code Root Fixup: 0.0 ms]
   [Code Root Migration: 0.0 ms]
   [Clear CT: 0.1 ms]
   [Other: 0.4 ms]
      [Choose CSet: 0.0 ms]
      [Ref Proc: 0.1 ms]
      [Ref Enq: 0.0 ms]
      [Free CSet: 0.2 ms]
   [Eden: 132.0M(132.0M)->0.0B(132.0M) Survivors: 19.0M->19.0M Heap: 209.5M(256.0M)->77.4M(256.0M)]
 [Times: user=0.00 sys=0.02, real=0.04 secs] 
2014-07-10T11:37:22.592+0200: 73.372: [GC pause (G1 Evacuation Pause) (young) 73.372: [G1Ergonomics (CSet Construction) start choosing CSet, _pending_cards: 258, predicted base time: 10.30 ms, remaining time: 189.70 ms, target pause time: 200.00 ms]
 73.372: [G1Ergonomics (CSet Construction) add young regions to CSet, eden: 132 regions, survivors: 19 regions, predicted young region time: 15.88 ms]
 73.372: [G1Ergonomics (CSet Construction) finish choosing CSet, eden: 132 regions, survivors: 19 regions, old: 0 regions, predicted pause time: 26.18 ms, target pause time: 200.00 ms]
 73.377: [G1Ergonomics (Heap Sizing) attempt heap expansion, reason: recent GC overhead higher than threshold after GC, recent GC overhead: 11.61 %, threshold: 10.00 %, uncommitted: 0 bytes, calculated expansion amount: 0 bytes (20.00 %)]
, 0.0053927 secs]
   [Parallel Time: 4.8 ms, GC Workers: 2]
      [GC Worker Start (ms): Min: 73371.9, Avg: 73371.9, Max: 73371.9, Diff: 0.0]
      [Ext Root Scanning (ms): Min: 0.3, Avg: 0.3, Max: 0.3, Diff: 0.0, Sum: 0.6]
      [Update RS (ms): Min: 0.0, Avg: 0.0, Max: 0.0, Diff: 0.0, Sum: 0.1]
         [Processed Buffers: Min: 1, Avg: 1.5, Max: 2, Diff: 1, Sum: 3]
      [Scan RS (ms): Min: 0.2, Avg: 0.2, Max: 0.2, Diff: 0.0, Sum: 0.5]
      [Code Root Scanning (ms): Min: 0.1, Avg: 0.1, Max: 0.1, Diff: 0.0, Sum: 0.2]
      [Object Copy (ms): Min: 4.1, Avg: 4.1, Max: 4.1, Diff: 0.0, Sum: 8.2]
      [Termination (ms): Min: 0.0, Avg: 0.0, Max: 0.0, Diff: 0.0, Sum: 0.0]
      [GC Worker Other (ms): Min: 0.0, Avg: 0.0, Max: 0.0, Diff: 0.0, Sum: 0.1]
      [GC Worker Total (ms): Min: 4.8, Avg: 4.8, Max: 4.8, Diff: 0.0, Sum: 9.6]
      [GC Worker End (ms): Min: 73376.7, Avg: 73376.7, Max: 73376.7, Diff: 0.0]
   [Code Root Fixup: 0.0 ms]
   [Code Root Migration: 0.0 ms]
   [Clear CT: 0.1 ms]
   [Other: 0.4 ms]
      [Choose CSet: 0.0 ms]
      [Ref Proc: 0.1 ms]
      [Ref Enq: 0.0 ms]
      [Free CSet: 0.2 ms]
   [Eden: 132.0M(132.0M)->0.0B(146.0M) Survivors: 19.0M->7168.0K Heap: 209.4M(256.0M)->65.2M(256.0M)]
 [Times: user=0.00 sys=0.00, real=0.00 secs] 
2014-07-10T11:37:22.698+0200: 73.478: [GC pause (G1 Evacuation Pause) (young) 73.478: [G1Ergonomics (CSet Construction) start choosing CSet, _pending_cards: 512, predicted base time: 8.18 ms, remaining time: 191.82 ms, target pause time: 200.00 ms]
 73.478: [G1Ergonomics (CSet Construction) add young regions to CSet, eden: 146 regions, survivors: 7 regions, predicted young region time: 91.54 ms]
 73.478: [G1Ergonomics (CSet Construction) finish choosing CSet, eden: 146 regions, survivors: 7 regions, old: 0 regions, predicted pause time: 99.72 ms, target pause time: 200.00 ms]
 73.492: [G1Ergonomics (Heap Sizing) attempt heap expansion, reason: recent GC overhead higher than threshold after GC, recent GC overhead: 11.17 %, threshold: 10.00 %, uncommitted: 0 bytes, calculated expansion amount: 0 bytes (20.00 %)]
, 0.0142467 secs]
   [Parallel Time: 13.6 ms, GC Workers: 2]
      [GC Worker Start (ms): Min: 73478.0, Avg: 73478.0, Max: 73478.0, Diff: 0.0]
      [Ext Root Scanning (ms): Min: 0.5, Avg: 0.5, Max: 0.5, Diff: 0.0, Sum: 1.0]
      [Update RS (ms): Min: 0.0, Avg: 0.0, Max: 0.0, Diff: 0.0, Sum: 0.1]
         [Processed Buffers: Min: 1, Avg: 1.5, Max: 2, Diff: 1, Sum: 3]
      [Scan RS (ms): Min: 0.2, Avg: 0.3, Max: 0.4, Diff: 0.2, Sum: 0.6]
      [Code Root Scanning (ms): Min: 0.1, Avg: 0.4, Max: 0.6, Diff: 0.4, Sum: 0.7]
      [Object Copy (ms): Min: 12.0, Avg: 12.1, Max: 12.2, Diff: 0.2, Sum: 24.2]
      [Termination (ms): Min: 0.0, Avg: 0.0, Max: 0.0, Diff: 0.0, Sum: 0.0]
      [GC Worker Other (ms): Min: 0.0, Avg: 0.1, Max: 0.1, Diff: 0.0, Sum: 0.1]
      [GC Worker Total (ms): Min: 13.3, Avg: 13.4, Max: 13.4, Diff: 0.0, Sum: 26.7]
      [GC Worker End (ms): Min: 73491.4, Avg: 73491.4, Max: 73491.4, Diff: 0.0]
   [Code Root Fixup: 0.0 ms]
   [Code Root Migration: 0.1 ms]
   [Clear CT: 0.1 ms]
   [Other: 0.5 ms]
      [Choose CSet: 0.0 ms]
      [Ref Proc: 0.1 ms]
      [Ref Enq: 0.0 ms]
      [Free CSet: 0.2 ms]
   [Eden: 146.0M(146.0M)->0.0B(130.0M) Survivors: 7168.0K->20.0M Heap: 211.2M(256.0M)->79.1M(256.0M)]
 [Times: user=0.03 sys=0.00, real=0.01 secs] 
2014-07-10T11:37:22.840+0200: 73.620: [GC pause (G1 Evacuation Pause) (young) 73.620: [G1Ergonomics (CSet Construction) start choosing CSet, _pending_cards: 512, predicted base time: 6.70 ms, remaining time: 193.30 ms, target pause time: 200.00 ms]
 73.620: [G1Ergonomics (CSet Construction) add young regions to CSet, eden: 130 regions, survivors: 20 regions, predicted young region time: 81.03 ms]
 73.620: [G1Ergonomics (CSet Construction) finish choosing CSet, eden: 130 regions, survivors: 20 regions, old: 0 regions, predicted pause time: 87.73 ms, target pause time: 200.00 ms]
 73.633: [G1Ergonomics (Heap Sizing) attempt heap expansion, reason: recent GC overhead higher than threshold after GC, recent GC overhead: 11.13 %, threshold: 10.00 %, uncommitted: 0 bytes, calculated expansion amount: 0 bytes (20.00 %)]
, 0.0127127 secs]
   [Parallel Time: 12.0 ms, GC Workers: 2]
      [GC Worker Start (ms): Min: 73620.1, Avg: 73620.2, Max: 73620.3, Diff: 0.3]
      [Ext Root Scanning (ms): Min: 0.2, Avg: 0.3, Max: 0.4, Diff: 0.3, Sum: 0.6]
      [Update RS (ms): Min: 0.0, Avg: 0.0, Max: 0.0, Diff: 0.0, Sum: 0.1]
         [Processed Buffers: Min: 1, Avg: 1.5, Max: 2, Diff: 1, Sum: 3]
      [Scan RS (ms): Min: 0.3, Avg: 0.3, Max: 0.3, Diff: 0.0, Sum: 0.5]
      [Code Root Scanning (ms): Min: 0.1, Avg: 0.1, Max: 0.1, Diff: 0.0, Sum: 0.2]
      [Object Copy (ms): Min: 11.0, Avg: 11.0, Max: 11.1, Diff: 0.0, Sum: 22.1]
      [Termination (ms): Min: 0.0, Avg: 0.0, Max: 0.0, Diff: 0.0, Sum: 0.0]
      [GC Worker Other (ms): Min: 0.0, Avg: 0.0, Max: 0.0, Diff: 0.0, Sum: 0.1]
      [GC Worker Total (ms): Min: 11.7, Avg: 11.8, Max: 11.9, Diff: 0.3, Sum: 23.6]
      [GC Worker End (ms): Min: 73632.0, Avg: 73632.0, Max: 73632.0, Diff: 0.0]
   [Code Root Fixup: 0.0 ms]
   [Code Root Migration: 0.1 ms]
   [Clear CT: 0.2 ms]
   [Other: 0.5 ms]
      [Choose CSet: 0.0 ms]
      [Ref Proc: 0.1 ms]
      [Ref Enq: 0.0 ms]
      [Free CSet: 0.2 ms]
   [Eden: 130.0M(130.0M)->0.0B(132.0M) Survivors: 20.0M->19.0M Heap: 209.1M(256.0M)->77.2M(256.0M)]
 [Times: user=0.00 sys=0.00, real=0.01 secs] 
2014-07-10T11:37:22.993+0200: 73.773: [GC pause (G1 Evacuation Pause) (young) 73.773: [G1Ergonomics (CSet Construction) start choosing CSet, _pending_cards: 514, predicted base time: 5.46 ms, remaining time: 194.54 ms, target pause time: 200.00 ms]
 73.773: [G1Ergonomics (CSet Construction) add young regions to CSet, eden: 132 regions, survivors: 19 regions, predicted young region time: 63.36 ms]
 73.773: [G1Ergonomics (CSet Construction) finish choosing CSet, eden: 132 regions, survivors: 19 regions, old: 0 regions, predicted pause time: 68.81 ms, target pause time: 200.00 ms]
 73.782: [G1Ergonomics (Heap Sizing) attempt heap expansion, reason: recent GC overhead higher than threshold after GC, recent GC overhead: 11.56 %, threshold: 10.00 %, uncommitted: 0 bytes, calculated expansion amount: 0 bytes (20.00 %)]
, 0.0090681 secs]
   [Parallel Time: 7.4 ms, GC Workers: 2]
      [GC Worker Start (ms): Min: 73773.3, Avg: 73773.3, Max: 73773.3, Diff: 0.0]
      [Ext Root Scanning (ms): Min: 0.5, Avg: 0.5, Max: 0.5, Diff: 0.0, Sum: 1.0]
      [Update RS (ms): Min: 0.1, Avg: 0.1, Max: 0.1, Diff: 0.0, Sum: 0.1]
         [Processed Buffers: Min: 2, Avg: 2.0, Max: 2, Diff: 0, Sum: 4]
      [Scan RS (ms): Min: 0.4, Avg: 0.4, Max: 0.4, Diff: 0.0, Sum: 0.8]
      [Code Root Scanning (ms): Min: 0.1, Avg: 0.2, Max: 0.2, Diff: 0.0, Sum: 0.3]
      [Object Copy (ms): Min: 6.2, Avg: 6.2, Max: 6.2, Diff: 0.0, Sum: 12.3]
      [Termination (ms): Min: 0.0, Avg: 0.0, Max: 0.0, Diff: 0.0, Sum: 0.0]
      [GC Worker Other (ms): Min: 0.0, Avg: 0.0, Max: 0.0, Diff: 0.0, Sum: 0.1]
      [GC Worker Total (ms): Min: 7.3, Avg: 7.4, Max: 7.4, Diff: 0.0, Sum: 14.7]
      [GC Worker End (ms): Min: 73780.7, Avg: 73780.7, Max: 73780.7, Diff: 0.0]
   [Code Root Fixup: 0.0 ms]
   [Code Root Migration: 0.1 ms]
   [Clear CT: 0.5 ms]
   [Other: 1.1 ms]
      [Choose CSet: 0.1 ms]
      [Ref Proc: 0.2 ms]
      [Ref Enq: 0.0 ms]
      [Free CSet: 0.5 ms]
   [Eden: 132.0M(132.0M)->0.0B(147.0M) Survivors: 19.0M->6144.0K Heap: 209.2M(256.0M)->64.9M(256.0M)]
 [Times: user=0.03 sys=0.00, real=0.01 secs] 
2014-07-10T11:37:23.099+0200: 73.880: [GC pause (G1 Evacuation Pause) (young) 73.880: [G1Ergonomics (CSet Construction) start choosing CSet, _pending_cards: 512, predicted base time: 4.71 ms, remaining time: 195.29 ms, target pause time: 200.00 ms]
 73.880: [G1Ergonomics (CSet Construction) add young regions to CSet, eden: 147 regions, survivors: 6 regions, predicted young region time: 119.60 ms]
 73.880: [G1Ergonomics (CSet Construction) finish choosing CSet, eden: 147 regions, survivors: 6 regions, old: 0 regions, predicted pause time: 124.31 ms, target pause time: 200.00 ms]
 73.893: [G1Ergonomics (Heap Sizing) attempt heap expansion, reason: recent GC overhead higher than threshold after GC, recent GC overhead: 10.98 %, threshold: 10.00 %, uncommitted: 0 bytes, calculated expansion amount: 0 bytes (20.00 %)]
, 0.0138343 secs]
   [Parallel Time: 13.1 ms, GC Workers: 2]
      [GC Worker Start (ms): Min: 73879.9, Avg: 73879.9, Max: 73880.0, Diff: 0.2]
      [Ext Root Scanning (ms): Min: 0.2, Avg: 0.3, Max: 0.4, Diff: 0.2, Sum: 0.6]
      [Update RS (ms): Min: 0.0, Avg: 0.0, Max: 0.0, Diff: 0.0, Sum: 0.1]
         [Processed Buffers: Min: 1, Avg: 1.5, Max: 2, Diff: 1, Sum: 3]
      [Scan RS (ms): Min: 0.2, Avg: 0.2, Max: 0.2, Diff: 0.0, Sum: 0.4]
      [Code Root Scanning (ms): Min: 0.1, Avg: 0.1, Max: 0.1, Diff: 0.0, Sum: 0.2]
      [Object Copy (ms): Min: 12.3, Avg: 12.3, Max: 12.3, Diff: 0.0, Sum: 24.6]
      [Termination (ms): Min: 0.0, Avg: 0.0, Max: 0.0, Diff: 0.0, Sum: 0.0]
      [GC Worker Other (ms): Min: 0.0, Avg: 0.0, Max: 0.0, Diff: 0.0, Sum: 0.1]
      [GC Worker Total (ms): Min: 12.9, Avg: 13.0, Max: 13.1, Diff: 0.2, Sum: 25.9]
      [GC Worker End (ms): Min: 73892.9, Avg: 73892.9, Max: 73892.9, Diff: 0.0]
   [Code Root Fixup: 0.0 ms]
   [Code Root Migration: 0.0 ms]
   [Clear CT: 0.1 ms]
   [Other: 0.6 ms]
      [Choose CSet: 0.0 ms]
      [Ref Proc: 0.1 ms]
      [Ref Enq: 0.0 ms]
      [Free CSet: 0.2 ms]
   [Eden: 147.0M(147.0M)->0.0B(130.0M) Survivors: 6144.0K->20.0M Heap: 211.9M(256.0M)->79.8M(256.0M)]
 [Times: user=0.03 sys=0.00, real=0.01 secs] 
2014-07-10T11:37:23.232+0200: 74.012: [GC pause (G1 Evacuation Pause) (young) 74.012: [G1Ergonomics (CSet Construction) start choosing CSet, _pending_cards: 512, predicted base time: 3.90 ms, remaining time: 196.10 ms, target pause time: 200.00 ms]
 74.012: [G1Ergonomics (CSet Construction) add young regions to CSet, eden: 130 regions, survivors: 20 regions, predicted young region time: 78.08 ms]
 74.012: [G1Ergonomics (CSet Construction) finish choosing CSet, eden: 130 regions, survivors: 20 regions, old: 0 regions, predicted pause time: 81.98 ms, target pause time: 200.00 ms]
 74.025: [G1Ergonomics (Heap Sizing) attempt heap expansion, reason: recent GC overhead higher than threshold after GC, recent GC overhead: 11.10 %, threshold: 10.00 %, uncommitted: 0 bytes, calculated expansion amount: 0 bytes (20.00 %)]
, 0.0129917 secs]
   [Parallel Time: 12.4 ms, GC Workers: 2]
      [GC Worker Start (ms): Min: 74012.4, Avg: 74012.4, Max: 74012.4, Diff: 0.0]
      [Ext Root Scanning (ms): Min: 0.3, Avg: 0.3, Max: 0.3, Diff: 0.0, Sum: 0.7]
      [Update RS (ms): Min: 0.0, Avg: 0.0, Max: 0.0, Diff: 0.0, Sum: 0.1]
         [Processed Buffers: Min: 1, Avg: 1.5, Max: 2, Diff: 1, Sum: 3]
      [Scan RS (ms): Min: 0.2, Avg: 0.2, Max: 0.2, Diff: 0.0, Sum: 0.5]
      [Code Root Scanning (ms): Min: 0.1, Avg: 0.1, Max: 0.1, Diff: 0.0, Sum: 0.2]
      [Object Copy (ms): Min: 11.6, Avg: 11.7, Max: 11.7, Diff: 0.0, Sum: 23.3]
      [Termination (ms): Min: 0.0, Avg: 0.0, Max: 0.0, Diff: 0.0, Sum: 0.0]
      [GC Worker Other (ms): Min: 0.0, Avg: 0.0, Max: 0.0, Diff: 0.0, Sum: 0.1]
      [GC Worker Total (ms): Min: 12.4, Avg: 12.4, Max: 12.4, Diff: 0.0, Sum: 24.8]
      [GC Worker End (ms): Min: 74024.8, Avg: 74024.8, Max: 74024.8, Diff: 0.0]
   [Code Root Fixup: 0.0 ms]
   [Code Root Migration: 0.0 ms]
   [Clear CT: 0.1 ms]
   [Other: 0.4 ms]
      [Choose CSet: 0.0 ms]
      [Ref Proc: 0.0 ms]
      [Ref Enq: 0.0 ms]
      [Free CSet: 0.2 ms]
   [Eden: 130.0M(130.0M)->0.0B(132.0M) Survivors: 20.0M->19.0M Heap: 209.8M(256.0M)->78.4M(256.0M)]
 [Times: user=0.00 sys=0.00, real=0.01 secs] 
2014-07-10T11:37:23.405+0200: 74.185: [GC pause (G1 Evacuation Pause) (young) 74.185: [G1Ergonomics (CSet Construction) start choosing CSet, _pending_cards: 512, predicted base time: 3.24 ms, remaining time: 196.76 ms, target pause time: 200.00 ms]
 74.185: [G1Ergonomics (CSet Construction) add young regions to CSet, eden: 132 regions, survivors: 19 regions, predicted young region time: 96.57 ms]
 74.185: [G1Ergonomics (CSet Construction) finish choosing CSet, eden: 132 regions, survivors: 19 regions, old: 0 regions, predicted pause time: 99.81 ms, target pause time: 200.00 ms]
 74.206: [G1Ergonomics (Heap Sizing) attempt heap expansion, reason: recent GC overhead higher than threshold after GC, recent GC overhead: 11.05 %, threshold: 10.00 %, uncommitted: 0 bytes, calculated expansion amount: 0 bytes (20.00 %)]
, 0.0211668 secs]
   [Parallel Time: 19.8 ms, GC Workers: 2]
      [GC Worker Start (ms): Min: 74185.5, Avg: 74185.5, Max: 74185.5, Diff: 0.0]
      [Ext Root Scanning (ms): Min: 0.5, Avg: 0.5, Max: 0.6, Diff: 0.0, Sum: 1.1]
      [Update RS (ms): Min: 0.1, Avg: 0.1, Max: 0.1, Diff: 0.0, Sum: 0.2]
         [Processed Buffers: Min: 1, Avg: 1.5, Max: 2, Diff: 1, Sum: 3]
      [Scan RS (ms): Min: 0.4, Avg: 0.4, Max: 0.4, Diff: 0.0, Sum: 0.8]
      [Code Root Scanning (ms): Min: 0.2, Avg: 0.2, Max: 0.2, Diff: 0.0, Sum: 0.3]
      [Object Copy (ms): Min: 18.4, Avg: 18.4, Max: 18.4, Diff: 0.0, Sum: 36.8]
      [Termination (ms): Min: 0.0, Avg: 0.0, Max: 0.0, Diff: 0.0, Sum: 0.0]
      [GC Worker Other (ms): Min: 0.0, Avg: 0.0, Max: 0.0, Diff: 0.0, Sum: 0.1]
      [GC Worker Total (ms): Min: 19.6, Avg: 19.6, Max: 19.6, Diff: 0.0, Sum: 39.3]
      [GC Worker End (ms): Min: 74205.1, Avg: 74205.1, Max: 74205.1, Diff: 0.0]
   [Code Root Fixup: 0.0 ms]
   [Code Root Migration: 0.1 ms]
   [Clear CT: 0.2 ms]
   [Other: 1.1 ms]
      [Choose CSet: 0.1 ms]
      [Ref Proc: 0.2 ms]
      [Ref Enq: 0.0 ms]
      [Free CSet: 0.5 ms]
   [Eden: 132.0M(132.0M)->0.0B(132.0M) Survivors: 19.0M->19.0M Heap: 210.4M(256.0M)->78.3M(256.0M)]
 [Times: user=0.03 sys=0.00, real=0.02 secs] 
2014-07-10T11:37:23.505+0200: 74.286: [GC pause (G1 Evacuation Pause) (young) 74.286: [G1Ergonomics (CSet Construction) start choosing CSet, _pending_cards: 259, predicted base time: 2.94 ms, remaining time: 197.06 ms, target pause time: 200.00 ms]
 74.286: [G1Ergonomics (CSet Construction) add young regions to CSet, eden: 132 regions, survivors: 19 regions, predicted young region time: 110.89 ms]
 74.286: [G1Ergonomics (CSet Construction) finish choosing CSet, eden: 132 regions, survivors: 19 regions, old: 0 regions, predicted pause time: 113.83 ms, target pause time: 200.00 ms]
 74.359: [G1Ergonomics (Heap Sizing) attempt heap expansion, reason: recent GC overhead higher than threshold after GC, recent GC overhead: 11.23 %, threshold: 10.00 %, uncommitted: 0 bytes, calculated expansion amount: 0 bytes (20.00 %)]
, 0.0731818 secs]
   [Parallel Time: 72.0 ms, GC Workers: 2]
      [GC Worker Start (ms): Min: 74285.9, Avg: 74296.2, Max: 74306.4, Diff: 20.5]
      [Ext Root Scanning (ms): Min: 0.0, Avg: 0.3, Max: 0.5, Diff: 0.5, Sum: 0.5]
      [Update RS (ms): Min: 0.0, Avg: 0.0, Max: 0.1, Diff: 0.1, Sum: 0.1]
         [Processed Buffers: Min: 0, Avg: 1.5, Max: 3, Diff: 3, Sum: 3]
      [Scan RS (ms): Min: 0.0, Avg: 0.2, Max: 0.4, Diff: 0.4, Sum: 0.5]
      [Code Root Scanning (ms): Min: 0.0, Avg: 0.2, Max: 0.3, Diff: 0.3, Sum: 0.3]
      [Object Copy (ms): Min: 0.0, Avg: 1.9, Max: 3.7, Diff: 3.7, Sum: 3.7]
      [Termination (ms): Min: 0.0, Avg: 28.5, Max: 57.0, Diff: 57.0, Sum: 57.0]
      [GC Worker Other (ms): Min: 0.0, Avg: 0.0, Max: 0.0, Diff: 0.0, Sum: 0.1]
      [GC Worker Total (ms): Min: 0.1, Avg: 31.1, Max: 62.2, Diff: 62.1, Sum: 62.2]
      [GC Worker End (ms): Min: 74306.5, Avg: 74327.3, Max: 74348.1, Diff: 41.6]
   [Code Root Fixup: 0.0 ms]
   [Code Root Migration: 0.0 ms]
   [Clear CT: 0.1 ms]
   [Other: 1.0 ms]
      [Choose CSet: 0.1 ms]
      [Ref Proc: 0.6 ms]
      [Ref Enq: 0.0 ms]
      [Free CSet: 0.2 ms]
   [Eden: 132.0M(132.0M)->0.0B(147.0M) Survivors: 19.0M->6144.0K Heap: 210.3M(256.0M)->65.0M(256.0M)]
 [Times: user=0.02 sys=0.00, real=0.07 secs] 
2014-07-10T11:37:23.672+0200: 74.452: [GC pause (G1 Evacuation Pause) (young) 74.452: [G1Ergonomics (CSet Construction) start choosing CSet, _pending_cards: 256, predicted base time: 21.72 ms, remaining time: 178.28 ms, target pause time: 200.00 ms]
 74.452: [G1Ergonomics (CSet Construction) add young regions to CSet, eden: 147 regions, survivors: 6 regions, predicted young region time: 108.35 ms]
 74.452: [G1Ergonomics (CSet Construction) finish choosing CSet, eden: 147 regions, survivors: 6 regions, old: 0 regions, predicted pause time: 130.08 ms, target pause time: 200.00 ms]
 74.469: [G1Ergonomics (Heap Sizing) attempt heap expansion, reason: recent GC overhead higher than threshold after GC, recent GC overhead: 15.70 %, threshold: 10.00 %, uncommitted: 0 bytes, calculated expansion amount: 0 bytes (20.00 %)]
, 0.0166767 secs]
   [Parallel Time: 13.7 ms, GC Workers: 2]
      [GC Worker Start (ms): Min: 74452.3, Avg: 74452.3, Max: 74452.3, Diff: 0.0]
      [Ext Root Scanning (ms): Min: 0.3, Avg: 0.3, Max: 0.3, Diff: 0.0, Sum: 0.6]
      [Update RS (ms): Min: 0.0, Avg: 0.0, Max: 0.1, Diff: 0.1, Sum: 0.1]
         [Processed Buffers: Min: 1, Avg: 1.0, Max: 1, Diff: 0, Sum: 2]
      [Scan RS (ms): Min: 0.2, Avg: 0.2, Max: 0.3, Diff: 0.0, Sum: 0.5]
      [Code Root Scanning (ms): Min: 0.1, Avg: 0.1, Max: 0.1, Diff: 0.0, Sum: 0.2]
      [Object Copy (ms): Min: 12.9, Avg: 12.9, Max: 12.9, Diff: 0.0, Sum: 25.8]
      [Termination (ms): Min: 0.0, Avg: 0.0, Max: 0.0, Diff: 0.0, Sum: 0.0]
      [GC Worker Other (ms): Min: 0.0, Avg: 0.0, Max: 0.0, Diff: 0.0, Sum: 0.1]
      [GC Worker Total (ms): Min: 13.6, Avg: 13.6, Max: 13.6, Diff: 0.0, Sum: 27.3]
      [GC Worker End (ms): Min: 74465.9, Avg: 74465.9, Max: 74465.9, Diff: 0.0]
   [Code Root Fixup: 0.0 ms]
   [Code Root Migration: 0.0 ms]
   [Clear CT: 0.1 ms]
   [Other: 2.8 ms]
      [Choose CSet: 0.0 ms]
      [Ref Proc: 2.5 ms]
      [Ref Enq: 0.0 ms]
      [Free CSet: 0.2 ms]
   [Eden: 147.0M(147.0M)->0.0B(130.0M) Survivors: 6144.0K->20.0M Heap: 212.0M(256.0M)->80.0M(256.0M)]
 [Times: user=0.03 sys=0.00, real=0.02 secs] 
2014-07-10T11:37:23.802+0200: 74.582: [GC pause (G1 Evacuation Pause) (young) 74.582: [G1Ergonomics (CSet Construction) start choosing CSet, _pending_cards: 256, predicted base time: 17.57 ms, remaining time: 182.43 ms, target pause time: 200.00 ms]
 74.582: [G1Ergonomics (CSet Construction) add young regions to CSet, eden: 130 regions, survivors: 20 regions, predicted young region time: 93.74 ms]
 74.582: [G1Ergonomics (CSet Construction) finish choosing CSet, eden: 130 regions, survivors: 20 regions, old: 0 regions, predicted pause time: 111.31 ms, target pause time: 200.00 ms]
 74.597: [G1Ergonomics (Heap Sizing) attempt heap expansion, reason: recent GC overhead higher than threshold after GC, recent GC overhead: 15.76 %, threshold: 10.00 %, uncommitted: 0 bytes, calculated expansion amount: 0 bytes (20.00 %)]
, 0.0156062 secs]
   [Parallel Time: 11.7 ms, GC Workers: 2]
      [GC Worker Start (ms): Min: 74582.0, Avg: 74582.0, Max: 74582.0, Diff: 0.0]
      [Ext Root Scanning (ms): Min: 0.3, Avg: 0.3, Max: 0.3, Diff: 0.0, Sum: 0.6]
      [Update RS (ms): Min: 0.0, Avg: 0.0, Max: 0.1, Diff: 0.1, Sum: 0.1]
         [Processed Buffers: Min: 1, Avg: 1.0, Max: 1, Diff: 0, Sum: 2]
      [Scan RS (ms): Min: 0.2, Avg: 0.2, Max: 0.2, Diff: 0.0, Sum: 0.4]
      [Code Root Scanning (ms): Min: 0.1, Avg: 0.1, Max: 0.1, Diff: 0.0, Sum: 0.2]
      [Object Copy (ms): Min: 11.0, Avg: 11.0, Max: 11.0, Diff: 0.0, Sum: 22.0]
      [Termination (ms): Min: 0.0, Avg: 0.0, Max: 0.0, Diff: 0.0, Sum: 0.0]
      [GC Worker Other (ms): Min: 0.0, Avg: 0.0, Max: 0.0, Diff: 0.0, Sum: 0.1]
      [GC Worker Total (ms): Min: 11.7, Avg: 11.7, Max: 11.7, Diff: 0.0, Sum: 23.4]
      [GC Worker End (ms): Min: 74593.7, Avg: 74593.7, Max: 74593.7, Diff: 0.0]
   [Code Root Fixup: 0.0 ms]
   [Code Root Migration: 0.0 ms]
   [Clear CT: 0.1 ms]
   [Other: 3.7 ms]
      [Choose CSet: 0.0 ms]
      [Ref Proc: 3.4 ms]
      [Ref Enq: 0.0 ms]
      [Free CSet: 0.2 ms]
   [Eden: 130.0M(130.0M)->0.0B(133.0M) Survivors: 20.0M->18.0M Heap: 210.0M(256.0M)->77.8M(256.0M)]
 [Times: user=0.03 sys=0.00, real=0.01 secs] 
2014-07-10T11:37:23.900+0200: 74.680: [GC pause (G1 Evacuation Pause) (young) 74.680: [G1Ergonomics (CSet Construction) start choosing CSet, _pending_cards: 256, predicted base time: 14.61 ms, remaining time: 185.39 ms, target pause time: 200.00 ms]
 74.680: [G1Ergonomics (CSet Construction) add young regions to CSet, eden: 133 regions, survivors: 18 regions, predicted young region time: 25.79 ms]
 74.680: [G1Ergonomics (CSet Construction) finish choosing CSet, eden: 133 regions, survivors: 18 regions, old: 0 regions, predicted pause time: 40.40 ms, target pause time: 200.00 ms]
 74.693: [G1Ergonomics (Heap Sizing) attempt heap expansion, reason: recent GC overhead higher than threshold after GC, recent GC overhead: 14.56 %, threshold: 10.00 %, uncommitted: 0 bytes, calculated expansion amount: 0 bytes (20.00 %)]
, 0.0126149 secs]
   [Parallel Time: 12.0 ms, GC Workers: 2]
      [GC Worker Start (ms): Min: 74680.3, Avg: 74680.3, Max: 74680.3, Diff: 0.0]
      [Ext Root Scanning (ms): Min: 0.3, Avg: 0.3, Max: 0.3, Diff: 0.0, Sum: 0.6]
      [Update RS (ms): Min: 0.0, Avg: 0.0, Max: 0.1, Diff: 0.1, Sum: 0.1]
         [Processed Buffers: Min: 1, Avg: 1.0, Max: 1, Diff: 0, Sum: 2]
      [Scan RS (ms): Min: 0.2, Avg: 0.2, Max: 0.2, Diff: 0.0, Sum: 0.4]
      [Code Root Scanning (ms): Min: 0.1, Avg: 0.1, Max: 0.1, Diff: 0.0, Sum: 0.2]
      [Object Copy (ms): Min: 11.3, Avg: 11.3, Max: 11.3, Diff: 0.0, Sum: 22.6]
      [Termination (ms): Min: 0.0, Avg: 0.0, Max: 0.0, Diff: 0.0, Sum: 0.0]
      [GC Worker Other (ms): Min: 0.0, Avg: 0.0, Max: 0.0, Diff: 0.0, Sum: 0.1]
      [GC Worker Total (ms): Min: 12.0, Avg: 12.0, Max: 12.0, Diff: 0.0, Sum: 24.0]
      [GC Worker End (ms): Min: 74692.3, Avg: 74692.3, Max: 74692.3, Diff: 0.0]
   [Code Root Fixup: 0.0 ms]
   [Code Root Migration: 0.1 ms]
   [Clear CT: 0.1 ms]
   [Other: 0.4 ms]
      [Choose CSet: 0.0 ms]
      [Ref Proc: 0.1 ms]
      [Ref Enq: 0.0 ms]
      [Free CSet: 0.2 ms]
   [Eden: 133.0M(133.0M)->0.0B(131.0M) Survivors: 18.0M->19.0M Heap: 210.8M(256.0M)->78.7M(256.0M)]
 [Times: user=0.00 sys=0.00, real=0.01 secs] 
2014-07-10T11:37:24.031+0200: 74.811: [GC pause (G1 Evacuation Pause) (young) 74.811: [G1Ergonomics (CSet Construction) start choosing CSet, _pending_cards: 257, predicted base time: 11.50 ms, remaining time: 188.50 ms, target pause time: 200.00 ms]
 74.811: [G1Ergonomics (CSet Construction) add young regions to CSet, eden: 131 regions, survivors: 19 regions, predicted young region time: 88.44 ms]
 74.811: [G1Ergonomics (CSet Construction) finish choosing CSet, eden: 131 regions, survivors: 19 regions, old: 0 regions, predicted pause time: 99.95 ms, target pause time: 200.00 ms]
 74.818: [G1Ergonomics (Heap Sizing) attempt heap expansion, reason: recent GC overhead higher than threshold after GC, recent GC overhead: 15.31 %, threshold: 10.00 %, uncommitted: 0 bytes, calculated expansion amount: 0 bytes (20.00 %)]
, 0.0071558 secs]
   [Parallel Time: 6.5 ms, GC Workers: 2]
      [GC Worker Start (ms): Min: 74811.1, Avg: 74811.1, Max: 74811.1, Diff: 0.0]
      [Ext Root Scanning (ms): Min: 0.3, Avg: 0.3, Max: 0.3, Diff: 0.0, Sum: 0.6]
      [Update RS (ms): Min: 0.0, Avg: 0.0, Max: 0.0, Diff: 0.0, Sum: 0.1]
         [Processed Buffers: Min: 1, Avg: 1.5, Max: 2, Diff: 1, Sum: 3]
      [Scan RS (ms): Min: 0.2, Avg: 0.2, Max: 0.2, Diff: 0.0, Sum: 0.4]
      [Code Root Scanning (ms): Min: 0.1, Avg: 0.1, Max: 0.1, Diff: 0.0, Sum: 0.2]
      [Object Copy (ms): Min: 5.8, Avg: 5.8, Max: 5.8, Diff: 0.0, Sum: 11.7]
      [Termination (ms): Min: 0.0, Avg: 0.0, Max: 0.0, Diff: 0.0, Sum: 0.0]
      [GC Worker Other (ms): Min: 0.0, Avg: 0.0, Max: 0.0, Diff: 0.0, Sum: 0.1]
      [GC Worker Total (ms): Min: 6.5, Avg: 6.5, Max: 6.5, Diff: 0.0, Sum: 13.0]
      [GC Worker End (ms): Min: 74817.6, Avg: 74817.6, Max: 74817.6, Diff: 0.0]
   [Code Root Fixup: 0.0 ms]
   [Code Root Migration: 0.0 ms]
   [Clear CT: 0.1 ms]
   [Other: 0.5 ms]
      [Choose CSet: 0.0 ms]
      [Ref Proc: 0.1 ms]
      [Ref Enq: 0.0 ms]
      [Free CSet: 0.2 ms]
   [Eden: 131.0M(131.0M)->0.0B(142.0M) Survivors: 19.0M->10.0M Heap: 209.7M(256.0M)->69.6M(256.0M)]
 [Times: user=0.00 sys=0.00, real=0.01 secs] 
2014-07-10T11:37:24.198+0200: 74.979: [GC pause (G1 Evacuation Pause) (young) 74.979: [G1Ergonomics (CSet Construction) start choosing CSet, _pending_cards: 512, predicted base time: 9.16 ms, remaining time: 190.84 ms, target pause time: 200.00 ms]
 74.979: [G1Ergonomics (CSet Construction) add young regions to CSet, eden: 142 regions, survivors: 10 regions, predicted young region time: 24.11 ms]
 74.979: [G1Ergonomics (CSet Construction) finish choosing CSet, eden: 142 regions, survivors: 10 regions, old: 0 regions, predicted pause time: 33.28 ms, target pause time: 200.00 ms]
 74.992: [G1Ergonomics (Heap Sizing) attempt heap expansion, reason: recent GC overhead higher than threshold after GC, recent GC overhead: 14.66 %, threshold: 10.00 %, uncommitted: 0 bytes, calculated expansion amount: 0 bytes (20.00 %)]
, 0.0134874 secs]
   [Parallel Time: 12.7 ms, GC Workers: 2]
      [GC Worker Start (ms): Min: 74978.7, Avg: 74978.7, Max: 74978.7, Diff: 0.0]
      [Ext Root Scanning (ms): Min: 0.4, Avg: 0.4, Max: 0.4, Diff: 0.0, Sum: 0.8]
      [Update RS (ms): Min: 0.0, Avg: 0.0, Max: 0.1, Diff: 0.1, Sum: 0.1]
         [Processed Buffers: Min: 0, Avg: 1.5, Max: 3, Diff: 3, Sum: 3]
      [Scan RS (ms): Min: 0.2, Avg: 0.2, Max: 0.3, Diff: 0.0, Sum: 0.5]
      [Code Root Scanning (ms): Min: 0.1, Avg: 0.1, Max: 0.1, Diff: 0.0, Sum: 0.2]
      [Object Copy (ms): Min: 11.8, Avg: 11.8, Max: 11.9, Diff: 0.1, Sum: 23.7]
      [Termination (ms): Min: 0.0, Avg: 0.0, Max: 0.0, Diff: 0.0, Sum: 0.0]
      [GC Worker Other (ms): Min: 0.0, Avg: 0.0, Max: 0.0, Diff: 0.0, Sum: 0.1]
      [GC Worker Total (ms): Min: 12.7, Avg: 12.7, Max: 12.7, Diff: 0.0, Sum: 25.3]
      [GC Worker End (ms): Min: 74991.3, Avg: 74991.3, Max: 74991.3, Diff: 0.0]
   [Code Root Fixup: 0.0 ms]
   [Code Root Migration: 0.0 ms]
   [Clear CT: 0.2 ms]
   [Other: 0.6 ms]
      [Choose CSet: 0.0 ms]
      [Ref Proc: 0.1 ms]
      [Ref Enq: 0.0 ms]
      [Free CSet: 0.2 ms]
   [Eden: 142.0M(142.0M)->0.0B(131.0M) Survivors: 10.0M->19.0M Heap: 211.6M(256.0M)->79.5M(256.0M)]
 [Times: user=0.00 sys=0.02, real=0.01 secs] 
2014-07-10T11:37:24.298+0200: 75.078: [GC pause (G1 Evacuation Pause) (young) 75.078: [G1Ergonomics (CSet Construction) start choosing CSet, _pending_cards: 256, predicted base time: 7.35 ms, remaining time: 192.65 ms, target pause time: 200.00 ms]
 75.078: [G1Ergonomics (CSet Construction) add young regions to CSet, eden: 131 regions, survivors: 19 regions, predicted young region time: 84.70 ms]
 75.078: [G1Ergonomics (CSet Construction) finish choosing CSet, eden: 131 regions, survivors: 19 regions, old: 0 regions, predicted pause time: 92.05 ms, target pause time: 200.00 ms]
 75.092: [G1Ergonomics (Heap Sizing) attempt heap expansion, reason: recent GC overhead higher than threshold after GC, recent GC overhead: 14.34 %, threshold: 10.00 %, uncommitted: 0 bytes, calculated expansion amount: 0 bytes (20.00 %)]
, 0.0133595 secs]
   [Parallel Time: 12.2 ms, GC Workers: 2]
      [GC Worker Start (ms): Min: 75078.4, Avg: 75078.4, Max: 75078.4, Diff: 0.0]
      [Ext Root Scanning (ms): Min: 0.3, Avg: 0.3, Max: 0.3, Diff: 0.0, Sum: 0.6]
      [Update RS (ms): Min: 0.0, Avg: 0.0, Max: 0.0, Diff: 0.0, Sum: 0.1]
         [Processed Buffers: Min: 1, Avg: 1.0, Max: 1, Diff: 0, Sum: 2]
      [Scan RS (ms): Min: 0.5, Avg: 0.5, Max: 0.5, Diff: 0.0, Sum: 1.0]
      [Code Root Scanning (ms): Min: 0.1, Avg: 0.1, Max: 0.2, Diff: 0.0, Sum: 0.3]
      [Object Copy (ms): Min: 11.1, Avg: 11.1, Max: 11.1, Diff: 0.0, Sum: 22.3]
      [Termination (ms): Min: 0.0, Avg: 0.0, Max: 0.0, Diff: 0.0, Sum: 0.0]
      [GC Worker Other (ms): Min: 0.0, Avg: 0.0, Max: 0.0, Diff: 0.0, Sum: 0.1]
      [GC Worker Total (ms): Min: 12.2, Avg: 12.2, Max: 12.2, Diff: 0.0, Sum: 24.3]
      [GC Worker End (ms): Min: 75090.6, Avg: 75090.6, Max: 75090.6, Diff: 0.0]
   [Code Root Fixup: 0.0 ms]
   [Code Root Migration: 0.0 ms]
   [Clear CT: 0.1 ms]
   [Other: 1.0 ms]
      [Choose CSet: 0.0 ms]
      [Ref Proc: 0.6 ms]
      [Ref Enq: 0.0 ms]
      [Free CSet: 0.2 ms]
   [Eden: 131.0M(131.0M)->0.0B(131.0M) Survivors: 19.0M->19.0M Heap: 210.5M(256.0M)->78.9M(256.0M)]
 [Times: user=0.03 sys=0.00, real=0.01 secs] 
2014-07-10T11:37:24.459+0200: 75.239: [GC pause (G1 Evacuation Pause) (young) 75.239: [G1Ergonomics (CSet Construction) start choosing CSet, _pending_cards: 257, predicted base time: 6.12 ms, remaining time: 193.88 ms, target pause time: 200.00 ms]
 75.239: [G1Ergonomics (CSet Construction) add young regions to CSet, eden: 131 regions, survivors: 19 regions, predicted young region time: 83.38 ms]
 75.239: [G1Ergonomics (CSet Construction) finish choosing CSet, eden: 131 regions, survivors: 19 regions, old: 0 regions, predicted pause time: 89.50 ms, target pause time: 200.00 ms]
 75.244: [G1Ergonomics (Heap Sizing) attempt heap expansion, reason: recent GC overhead higher than threshold after GC, recent GC overhead: 15.22 %, threshold: 10.00 %, uncommitted: 0 bytes, calculated expansion amount: 0 bytes (20.00 %)]
, 0.0044886 secs]
   [Parallel Time: 3.8 ms, GC Workers: 2]
      [GC Worker Start (ms): Min: 75239.3, Avg: 75239.3, Max: 75239.3, Diff: 0.0]
      [Ext Root Scanning (ms): Min: 0.3, Avg: 0.3, Max: 0.3, Diff: 0.0, Sum: 0.6]
      [Update RS (ms): Min: 0.0, Avg: 0.0, Max: 0.0, Diff: 0.0, Sum: 0.1]
         [Processed Buffers: Min: 1, Avg: 1.5, Max: 2, Diff: 1, Sum: 3]
      [Scan RS (ms): Min: 0.2, Avg: 0.2, Max: 0.2, Diff: 0.0, Sum: 0.5]
      [Code Root Scanning (ms): Min: 0.1, Avg: 0.1, Max: 0.1, Diff: 0.0, Sum: 0.2]
      [Object Copy (ms): Min: 3.1, Avg: 3.1, Max: 3.1, Diff: 0.0, Sum: 6.2]
      [Termination (ms): Min: 0.0, Avg: 0.0, Max: 0.0, Diff: 0.0, Sum: 0.0]
      [GC Worker Other (ms): Min: 0.0, Avg: 0.0, Max: 0.0, Diff: 0.0, Sum: 0.1]
      [GC Worker Total (ms): Min: 3.8, Avg: 3.8, Max: 3.8, Diff: 0.0, Sum: 7.6]
      [GC Worker End (ms): Min: 75243.1, Avg: 75243.1, Max: 75243.1, Diff: 0.0]
   [Code Root Fixup: 0.0 ms]
   [Code Root Migration: 0.0 ms]
   [Clear CT: 0.1 ms]
   [Other: 0.5 ms]
      [Choose CSet: 0.0 ms]
      [Ref Proc: 0.1 ms]
      [Ref Enq: 0.0 ms]
      [Free CSet: 0.2 ms]
   [Eden: 131.0M(131.0M)->0.0B(147.0M) Survivors: 19.0M->6144.0K Heap: 209.9M(256.0M)->65.6M(256.0M)]
 [Times: user=0.03 sys=0.00, real=0.00 secs] 
2014-07-10T11:37:24.609+0200: 75.389: [GC pause (G1 Evacuation Pause) (young) 75.389: [G1Ergonomics (CSet Construction) start choosing CSet, _pending_cards: 513, predicted base time: 5.05 ms, remaining time: 194.95 ms, target pause time: 200.00 ms]
 75.389: [G1Ergonomics (CSet Construction) add young regions to CSet, eden: 147 regions, survivors: 6 regions, predicted young region time: 72.18 ms]
 75.389: [G1Ergonomics (CSet Construction) finish choosing CSet, eden: 147 regions, survivors: 6 regions, old: 0 regions, predicted pause time: 77.23 ms, target pause time: 200.00 ms]
 75.403: [G1Ergonomics (Heap Sizing) attempt heap expansion, reason: recent GC overhead higher than threshold after GC, recent GC overhead: 14.07 %, threshold: 10.00 %, uncommitted: 0 bytes, calculated expansion amount: 0 bytes (20.00 %)]
, 0.0136638 secs]
   [Parallel Time: 10.6 ms, GC Workers: 2]
      [GC Worker Start (ms): Min: 75389.5, Avg: 75389.5, Max: 75389.5, Diff: 0.0]
      [Ext Root Scanning (ms): Min: 0.3, Avg: 0.3, Max: 0.3, Diff: 0.0, Sum: 0.6]
      [Update RS (ms): Min: 0.1, Avg: 0.1, Max: 0.1, Diff: 0.0, Sum: 0.2]
         [Processed Buffers: Min: 1, Avg: 2.0, Max: 3, Diff: 2, Sum: 4]
      [Scan RS (ms): Min: 0.2, Avg: 0.2, Max: 0.2, Diff: 0.0, Sum: 0.4]
      [Code Root Scanning (ms): Min: 0.1, Avg: 0.1, Max: 0.1, Diff: 0.0, Sum: 0.2]
      [Object Copy (ms): Min: 9.8, Avg: 9.8, Max: 9.8, Diff: 0.0, Sum: 19.6]
      [Termination (ms): Min: 0.0, Avg: 0.0, Max: 0.0, Diff: 0.0, Sum: 0.0]
      [GC Worker Other (ms): Min: 0.0, Avg: 0.0, Max: 0.0, Diff: 0.0, Sum: 0.1]
      [GC Worker Total (ms): Min: 10.6, Avg: 10.6, Max: 10.6, Diff: 0.0, Sum: 21.1]
      [GC Worker End (ms): Min: 75400.1, Avg: 75400.1, Max: 75400.1, Diff: 0.0]
   [Code Root Fixup: 0.0 ms]
   [Code Root Migration: 0.1 ms]
   [Clear CT: 0.2 ms]
   [Other: 2.8 ms]
      [Choose CSet: 0.0 ms]
      [Ref Proc: 2.4 ms]
      [Ref Enq: 0.0 ms]
      [Free CSet: 0.2 ms]
   [Eden: 147.0M(147.0M)->0.0B(136.0M) Survivors: 6144.0K->16.0M Heap: 212.6M(256.0M)->76.5M(256.0M)]
 [Times: user=0.03 sys=0.00, real=0.01 secs] 
2014-07-10T11:37:24.703+0200: 75.484: [GC pause (G1 Evacuation Pause) (young) 75.484: [G1Ergonomics (CSet Construction) start choosing CSet, _pending_cards: 512, predicted base time: 4.91 ms, remaining time: 195.09 ms, target pause time: 200.00 ms]
 75.484: [G1Ergonomics (CSet Construction) add young regions to CSet, eden: 136 regions, survivors: 16 regions, predicted young region time: 84.88 ms]
 75.484: [G1Ergonomics (CSet Construction) finish choosing CSet, eden: 136 regions, survivors: 16 regions, old: 0 regions, predicted pause time: 89.79 ms, target pause time: 200.00 ms]
 75.497: [G1Ergonomics (Heap Sizing) attempt heap expansion, reason: recent GC overhead higher than threshold after GC, recent GC overhead: 13.84 %, threshold: 10.00 %, uncommitted: 0 bytes, calculated expansion amount: 0 bytes (20.00 %)]
, 0.0137067 secs]
   [Parallel Time: 13.0 ms, GC Workers: 2]
      [GC Worker Start (ms): Min: 75483.7, Avg: 75483.7, Max: 75483.7, Diff: 0.0]
      [Ext Root Scanning (ms): Min: 0.3, Avg: 0.3, Max: 0.3, Diff: 0.0, Sum: 0.7]
      [Update RS (ms): Min: 0.0, Avg: 0.0, Max: 0.1, Diff: 0.0, Sum: 0.1]
         [Processed Buffers: Min: 1, Avg: 1.5, Max: 2, Diff: 1, Sum: 3]
      [Scan RS (ms): Min: 0.2, Avg: 0.2, Max: 0.2, Diff: 0.0, Sum: 0.5]
      [Code Root Scanning (ms): Min: 0.1, Avg: 0.1, Max: 0.1, Diff: 0.0, Sum: 0.2]
      [Object Copy (ms): Min: 12.2, Avg: 12.2, Max: 12.2, Diff: 0.0, Sum: 24.4]
      [Termination (ms): Min: 0.0, Avg: 0.0, Max: 0.0, Diff: 0.0, Sum: 0.0]
      [GC Worker Other (ms): Min: 0.0, Avg: 0.0, Max: 0.0, Diff: 0.0, Sum: 0.1]
      [GC Worker Total (ms): Min: 13.0, Avg: 13.0, Max: 13.0, Diff: 0.0, Sum: 25.9]
      [GC Worker End (ms): Min: 75496.7, Avg: 75496.7, Max: 75496.7, Diff: 0.0]
   [Code Root Fixup: 0.0 ms]
   [Code Root Migration: 0.0 ms]
   [Clear CT: 0.2 ms]
   [Other: 0.4 ms]
      [Choose CSet: 0.0 ms]
      [Ref Proc: 0.0 ms]
      [Ref Enq: 0.0 ms]
      [Free CSet: 0.2 ms]
   [Eden: 136.0M(136.0M)->0.0B(130.0M) Survivors: 16.0M->19.0M Heap: 212.5M(256.0M)->80.4M(256.0M)]
 [Times: user=0.03 sys=0.00, real=0.01 secs] 
2014-07-10T11:37:24.864+0200: 75.644: [GC pause (G1 Evacuation Pause) (young) 75.644: [G1Ergonomics (CSet Construction) start choosing CSet, _pending_cards: 512, predicted base time: 4.07 ms, remaining time: 195.93 ms, target pause time: 200.00 ms]
 75.644: [G1Ergonomics (CSet Construction) add young regions to CSet, eden: 130 regions, survivors: 19 regions, predicted young region time: 62.78 ms]
 75.644: [G1Ergonomics (CSet Construction) finish choosing CSet, eden: 130 regions, survivors: 19 regions, old: 0 regions, predicted pause time: 66.86 ms, target pause time: 200.00 ms]
 75.656: [G1Ergonomics (Heap Sizing) attempt heap expansion, reason: recent GC overhead higher than threshold after GC, recent GC overhead: 14.20 %, threshold: 10.00 %, uncommitted: 0 bytes, calculated expansion amount: 0 bytes (20.00 %)]
, 0.0121929 secs]
   [Parallel Time: 11.5 ms, GC Workers: 2]
      [GC Worker Start (ms): Min: 75644.1, Avg: 75644.1, Max: 75644.1, Diff: 0.0]
      [Ext Root Scanning (ms): Min: 0.3, Avg: 0.3, Max: 0.3, Diff: 0.0, Sum: 0.6]
      [Update RS (ms): Min: 0.0, Avg: 0.0, Max: 0.0, Diff: 0.0, Sum: 0.1]
         [Processed Buffers: Min: 1, Avg: 1.5, Max: 2, Diff: 1, Sum: 3]
      [Scan RS (ms): Min: 0.2, Avg: 0.2, Max: 0.2, Diff: 0.0, Sum: 0.4]
      [Code Root Scanning (ms): Min: 0.1, Avg: 0.1, Max: 0.1, Diff: 0.0, Sum: 0.2]
      [Object Copy (ms): Min: 10.8, Avg: 10.8, Max: 10.8, Diff: 0.0, Sum: 21.6]
      [Termination (ms): Min: 0.0, Avg: 0.0, Max: 0.0, Diff: 0.0, Sum: 0.0]
      [GC Worker Other (ms): Min: 0.0, Avg: 0.0, Max: 0.0, Diff: 0.0, Sum: 0.1]
      [GC Worker Total (ms): Min: 11.5, Avg: 11.5, Max: 11.5, Diff: 0.0, Sum: 22.9]
      [GC Worker End (ms): Min: 75655.6, Avg: 75655.6, Max: 75655.6, Diff: 0.0]
   [Code Root Fixup: 0.0 ms]
   [Code Root Migration: 0.0 ms]
   [Clear CT: 0.1 ms]
   [Other: 0.5 ms]
      [Choose CSet: 0.0 ms]
      [Ref Proc: 0.1 ms]
      [Ref Enq: 0.0 ms]
      [Free CSet: 0.2 ms]
   [Eden: 130.0M(130.0M)->0.0B(131.0M) Survivors: 19.0M->18.0M Heap: 210.4M(256.0M)->79.0M(256.0M)]
 [Times: user=0.03 sys=0.00, real=0.01 secs] 
2014-07-10T11:37:24.993+0200: 75.773: [GC pause (G1 Evacuation Pause) (young) 75.773: [G1Ergonomics (CSet Construction) start choosing CSet, _pending_cards: 257, predicted base time: 3.36 ms, remaining time: 196.64 ms, target pause time: 200.00 ms]
 75.773: [G1Ergonomics (CSet Construction) add young regions to CSet, eden: 131 regions, survivors: 18 regions, predicted young region time: 80.86 ms]
 75.773: [G1Ergonomics (CSet Construction) finish choosing CSet, eden: 131 regions, survivors: 18 regions, old: 0 regions, predicted pause time: 84.22 ms, target pause time: 200.00 ms]
, 0.0068775 secs]
   [Parallel Time: 6.3 ms, GC Workers: 2]
      [GC Worker Start (ms): Min: 75773.3, Avg: 75773.3, Max: 75773.3, Diff: 0.0]
      [Ext Root Scanning (ms): Min: 0.3, Avg: 0.3, Max: 0.3, Diff: 0.0, Sum: 0.6]
      [Update RS (ms): Min: 0.0, Avg: 0.0, Max: 0.0, Diff: 0.0, Sum: 0.1]
         [Processed Buffers: Min: 1, Avg: 1.5, Max: 2, Diff: 1, Sum: 3]
      [Scan RS (ms): Min: 0.3, Avg: 0.3, Max: 0.3, Diff: 0.0, Sum: 0.6]
      [Code Root Scanning (ms): Min: 0.2, Avg: 0.2, Max: 0.2, Diff: 0.0, Sum: 0.4]
      [Object Copy (ms): Min: 5.2, Avg: 5.3, Max: 5.3, Diff: 0.1, Sum: 10.6]
      [Termination (ms): Min: 0.0, Avg: 0.1, Max: 0.1, Diff: 0.1, Sum: 0.1]
      [GC Worker Other (ms): Min: 0.0, Avg: 0.0, Max: 0.0, Diff: 0.0, Sum: 0.1]
      [GC Worker Total (ms): Min: 6.2, Avg: 6.2, Max: 6.2, Diff: 0.0, Sum: 12.5]
      [GC Worker End (ms): Min: 75779.6, Avg: 75779.6, Max: 75779.6, Diff: 0.0]
   [Code Root Fixup: 0.0 ms]
   [Code Root Migration: 0.0 ms]
   [Clear CT: 0.1 ms]
   [Other: 0.5 ms]
      [Choose CSet: 0.0 ms]
      [Ref Proc: 0.0 ms]
      [Ref Enq: 0.0 ms]
      [Free CSet: 0.2 ms]
   [Eden: 131.0M(131.0M)->0.0B(142.0M) Survivors: 18.0M->9216.0K Heap: 210.0M(256.0M)->69.9M(256.0M)]
 [Times: user=0.00 sys=0.00, real=0.01 secs] 
2014-07-10T11:37:25.107+0200: 75.887: [GC pause (G1 Evacuation Pause) (young) 75.887: [G1Ergonomics (CSet Construction) start choosing CSet, _pending_cards: 512, predicted base time: 2.89 ms, remaining time: 197.11 ms, target pause time: 200.00 ms]
 75.887: [G1Ergonomics (CSet Construction) add young regions to CSet, eden: 142 regions, survivors: 9 regions, predicted young region time: 87.38 ms]
 75.887: [G1Ergonomics (CSet Construction) finish choosing CSet, eden: 142 regions, survivors: 9 regions, old: 0 regions, predicted pause time: 90.27 ms, target pause time: 200.00 ms]
, 0.0125877 secs]
   [Parallel Time: 11.8 ms, GC Workers: 2]
      [GC Worker Start (ms): Min: 75887.4, Avg: 75887.4, Max: 75887.4, Diff: 0.0]
      [Ext Root Scanning (ms): Min: 0.3, Avg: 0.3, Max: 0.3, Diff: 0.0, Sum: 0.6]
      [Update RS (ms): Min: 0.0, Avg: 0.0, Max: 0.0, Diff: 0.0, Sum: 0.1]
         [Processed Buffers: Min: 1, Avg: 1.5, Max: 2, Diff: 1, Sum: 3]
      [Scan RS (ms): Min: 0.2, Avg: 0.2, Max: 0.2, Diff: 0.0, Sum: 0.4]
      [Code Root Scanning (ms): Min: 0.1, Avg: 0.1, Max: 0.1, Diff: 0.0, Sum: 0.2]
      [Object Copy (ms): Min: 11.1, Avg: 11.1, Max: 11.1, Diff: 0.0, Sum: 22.3]
      [Termination (ms): Min: 0.0, Avg: 0.0, Max: 0.0, Diff: 0.0, Sum: 0.0]
      [GC Worker Other (ms): Min: 0.0, Avg: 0.0, Max: 0.0, Diff: 0.0, Sum: 0.1]
      [GC Worker Total (ms): Min: 11.8, Avg: 11.8, Max: 11.8, Diff: 0.0, Sum: 23.6]
      [GC Worker End (ms): Min: 75899.2, Avg: 75899.2, Max: 75899.2, Diff: 0.0]
   [Code Root Fixup: 0.0 ms]
   [Code Root Migration: 0.0 ms]
   [Clear CT: 0.2 ms]
   [Other: 0.5 ms]
      [Choose CSet: 0.0 ms]
      [Ref Proc: 0.2 ms]
      [Ref Enq: 0.0 ms]
      [Free CSet: 0.2 ms]
   [Eden: 142.0M(142.0M)->0.0B(130.0M) Survivors: 9216.0K->19.0M Heap: 211.9M(256.0M)->79.8M(256.0M)]
 [Times: user=0.03 sys=0.00, real=0.01 secs] 
2014-07-10T11:37:25.235+0200: 76.016: [GC pause (G1 Evacuation Pause) (young) 76.016: [G1Ergonomics (CSet Construction) start choosing CSet, _pending_cards: 512, predicted base time: 2.50 ms, remaining time: 197.50 ms, target pause time: 200.00 ms]
 76.016: [G1Ergonomics (CSet Construction) add young regions to CSet, eden: 130 regions, survivors: 19 regions, predicted young region time: 79.20 ms]
 76.016: [G1Ergonomics (CSet Construction) finish choosing CSet, eden: 130 regions, survivors: 19 regions, old: 0 regions, predicted pause time: 81.70 ms, target pause time: 200.00 ms]
, 0.0186396 secs]
   [Parallel Time: 10.9 ms, GC Workers: 2]
      [GC Worker Start (ms): Min: 76016.0, Avg: 76016.0, Max: 76016.0, Diff: 0.0]
      [Ext Root Scanning (ms): Min: 0.3, Avg: 0.3, Max: 0.3, Diff: 0.0, Sum: 0.7]
      [Update RS (ms): Min: 0.0, Avg: 0.0, Max: 0.0, Diff: 0.0, Sum: 0.1]
         [Processed Buffers: Min: 1, Avg: 1.5, Max: 2, Diff: 1, Sum: 3]
      [Scan RS (ms): Min: 0.2, Avg: 0.2, Max: 0.2, Diff: 0.0, Sum: 0.5]
      [Code Root Scanning (ms): Min: 0.1, Avg: 0.1, Max: 0.1, Diff: 0.0, Sum: 0.2]
      [Object Copy (ms): Min: 10.1, Avg: 10.1, Max: 10.1, Diff: 0.0, Sum: 20.3]
      [Termination (ms): Min: 0.0, Avg: 0.0, Max: 0.0, Diff: 0.0, Sum: 0.0]
      [GC Worker Other (ms): Min: 0.0, Avg: 0.0, Max: 0.0, Diff: 0.0, Sum: 0.1]
      [GC Worker Total (ms): Min: 10.9, Avg: 10.9, Max: 10.9, Diff: 0.0, Sum: 21.7]
      [GC Worker End (ms): Min: 76026.9, Avg: 76026.9, Max: 76026.9, Diff: 0.0]
   [Code Root Fixup: 0.0 ms]
   [Code Root Migration: 0.0 ms]
   [Clear CT: 0.1 ms]
   [Other: 7.6 ms]
      [Choose CSet: 0.1 ms]
      [Ref Proc: 7.2 ms]
      [Ref Enq: 0.0 ms]
      [Free CSet: 0.2 ms]
   [Eden: 130.0M(130.0M)->0.0B(133.0M) Survivors: 19.0M->17.0M Heap: 209.8M(256.0M)->77.7M(256.0M)]
 [Times: user=0.03 sys=0.00, real=0.02 secs] 
2014-07-10T11:37:25.400+0200: 76.180: [GC pause (G1 Evacuation Pause) (young) 76.180: [G1Ergonomics (CSet Construction) start choosing CSet, _pending_cards: 512, predicted base time: 4.95 ms, remaining time: 195.05 ms, target pause time: 200.00 ms]
 76.180: [G1Ergonomics (CSet Construction) add young regions to CSet, eden: 133 regions, survivors: 17 regions, predicted young region time: 81.45 ms]
 76.180: [G1Ergonomics (CSet Construction) finish choosing CSet, eden: 133 regions, survivors: 17 regions, old: 0 regions, predicted pause time: 86.40 ms, target pause time: 200.00 ms]
, 0.0114996 secs]
   [Parallel Time: 10.8 ms, GC Workers: 2]
      [GC Worker Start (ms): Min: 76180.4, Avg: 76180.4, Max: 76180.4, Diff: 0.0]
      [Ext Root Scanning (ms): Min: 0.3, Avg: 0.3, Max: 0.3, Diff: 0.0, Sum: 0.5]
      [Update RS (ms): Min: 0.0, Avg: 0.0, Max: 0.0, Diff: 0.0, Sum: 0.1]
         [Processed Buffers: Min: 1, Avg: 1.5, Max: 2, Diff: 1, Sum: 3]
      [Scan RS (ms): Min: 0.2, Avg: 0.2, Max: 0.2, Diff: 0.0, Sum: 0.4]
      [Code Root Scanning (ms): Min: 0.1, Avg: 0.1, Max: 0.1, Diff: 0.0, Sum: 0.2]
      [Object Copy (ms): Min: 10.2, Avg: 10.2, Max: 10.2, Diff: 0.0, Sum: 20.3]
      [Termination (ms): Min: 0.0, Avg: 0.0, Max: 0.0, Diff: 0.0, Sum: 0.0]
      [GC Worker Other (ms): Min: 0.0, Avg: 0.0, Max: 0.0, Diff: 0.0, Sum: 0.1]
      [GC Worker Total (ms): Min: 10.8, Avg: 10.8, Max: 10.8, Diff: 0.0, Sum: 21.6]
      [GC Worker End (ms): Min: 76191.2, Avg: 76191.2, Max: 76191.2, Diff: 0.0]
   [Code Root Fixup: 0.0 ms]
   [Code Root Migration: 0.0 ms]
   [Clear CT: 0.2 ms]
   [Other: 0.4 ms]
      [Choose CSet: 0.0 ms]
      [Ref Proc: 0.1 ms]
      [Ref Enq: 0.0 ms]
      [Free CSet: 0.2 ms]
   [Eden: 133.0M(133.0M)->0.0B(132.0M) Survivors: 17.0M->18.0M Heap: 210.7M(256.0M)->78.6M(256.0M)]
 [Times: user=0.00 sys=0.00, real=0.01 secs] 
2014-07-10T11:37:25.513+0200: 76.293: [GC pause (G1 Evacuation Pause) (young) 76.293: [G1Ergonomics (CSet Construction) start choosing CSet, _pending_cards: 259, predicted base time: 4.00 ms, remaining time: 196.00 ms, target pause time: 200.00 ms]
 76.293: [G1Ergonomics (CSet Construction) add young regions to CSet, eden: 132 regions, survivors: 18 regions, predicted young region time: 63.28 ms]
 76.293: [G1Ergonomics (CSet Construction) finish choosing CSet, eden: 132 regions, survivors: 18 regions, old: 0 regions, predicted pause time: 67.28 ms, target pause time: 200.00 ms]
, 0.0039420 secs]
   [Parallel Time: 3.0 ms, GC Workers: 2]
      [GC Worker Start (ms): Min: 76293.2, Avg: 76293.2, Max: 76293.2, Diff: 0.0]
      [Ext Root Scanning (ms): Min: 0.3, Avg: 0.3, Max: 0.3, Diff: 0.0, Sum: 0.6]
      [Update RS (ms): Min: 0.0, Avg: 0.0, Max: 0.1, Diff: 0.0, Sum: 0.1]
         [Processed Buffers: Min: 1, Avg: 1.5, Max: 2, Diff: 1, Sum: 3]
      [Scan RS (ms): Min: 0.2, Avg: 0.2, Max: 0.2, Diff: 0.0, Sum: 0.4]
      [Code Root Scanning (ms): Min: 0.1, Avg: 0.1, Max: 0.1, Diff: 0.0, Sum: 0.2]
      [Object Copy (ms): Min: 2.2, Avg: 2.2, Max: 2.2, Diff: 0.0, Sum: 4.4]
      [Termination (ms): Min: 0.0, Avg: 0.0, Max: 0.0, Diff: 0.0, Sum: 0.0]
      [GC Worker Other (ms): Min: 0.0, Avg: 0.0, Max: 0.0, Diff: 0.0, Sum: 0.1]
      [GC Worker Total (ms): Min: 2.9, Avg: 2.9, Max: 2.9, Diff: 0.0, Sum: 5.9]
      [GC Worker End (ms): Min: 76296.1, Avg: 76296.1, Max: 76296.1, Diff: 0.0]
   [Code Root Fixup: 0.0 ms]
   [Code Root Migration: 0.1 ms]
   [Clear CT: 0.1 ms]
   [Other: 0.8 ms]
      [Choose CSet: 0.0 ms]
      [Ref Proc: 0.3 ms]
      [Ref Enq: 0.0 ms]
      [Free CSet: 0.3 ms]
   [Eden: 132.0M(132.0M)->0.0B(149.0M) Survivors: 18.0M->4096.0K Heap: 210.6M(256.0M)->65.3M(256.0M)]
 [Times: user=0.00 sys=0.00, real=0.00 secs] 
2014-07-10T11:37:25.660+0200: 76.440: [GC pause (G1 Evacuation Pause) (young) 76.440: [G1Ergonomics (CSet Construction) start choosing CSet, _pending_cards: 512, predicted base time: 3.40 ms, remaining time: 196.60 ms, target pause time: 200.00 ms]
 76.440: [G1Ergonomics (CSet Construction) add young regions to CSet, eden: 149 regions, survivors: 4 regions, predicted young region time: 88.32 ms]
 76.440: [G1Ergonomics (CSet Construction) finish choosing CSet, eden: 149 regions, survivors: 4 regions, old: 0 regions, predicted pause time: 91.72 ms, target pause time: 200.00 ms]
, 0.0147175 secs]
   [Parallel Time: 14.2 ms, GC Workers: 2]
      [GC Worker Start (ms): Min: 76440.2, Avg: 76440.2, Max: 76440.2, Diff: 0.0]
      [Ext Root Scanning (ms): Min: 0.3, Avg: 0.3, Max: 0.3, Diff: 0.0, Sum: 0.6]
      [Update RS (ms): Min: 0.0, Avg: 0.0, Max: 0.1, Diff: 0.0, Sum: 0.1]
         [Processed Buffers: Min: 1, Avg: 1.5, Max: 2, Diff: 1, Sum: 3]
      [Scan RS (ms): Min: 0.2, Avg: 0.2, Max: 0.2, Diff: 0.0, Sum: 0.4]
      [Code Root Scanning (ms): Min: 0.1, Avg: 0.1, Max: 0.1, Diff: 0.0, Sum: 0.2]
      [Object Copy (ms): Min: 13.4, Avg: 13.4, Max: 13.4, Diff: 0.0, Sum: 26.7]
      [Termination (ms): Min: 0.0, Avg: 0.0, Max: 0.0, Diff: 0.0, Sum: 0.0]
      [GC Worker Other (ms): Min: 0.0, Avg: 0.0, Max: 0.0, Diff: 0.0, Sum: 0.1]
      [GC Worker Total (ms): Min: 14.1, Avg: 14.1, Max: 14.1, Diff: 0.0, Sum: 28.2]
      [GC Worker End (ms): Min: 76454.3, Avg: 76454.3, Max: 76454.3, Diff: 0.0]
   [Code Root Fixup: 0.0 ms]
   [Code Root Migration: 0.0 ms]
   [Clear CT: 0.1 ms]
   [Other: 0.4 ms]
      [Choose CSet: 0.0 ms]
      [Ref Proc: 0.1 ms]
      [Ref Enq: 0.0 ms]
      [Free CSet: 0.2 ms]
   [Eden: 149.0M(149.0M)->0.0B(127.0M) Survivors: 4096.0K->20.0M Heap: 214.3M(256.0M)->82.2M(256.0M)]
 [Times: user=0.03 sys=0.00, real=0.01 secs] 
2014-07-10T11:37:25.802+0200: 76.583: [GC pause (G1 Evacuation Pause) (young) 76.583: [G1Ergonomics (CSet Construction) start choosing CSet, _pending_cards: 512, predicted base time: 2.84 ms, remaining time: 197.16 ms, target pause time: 200.00 ms]
 76.583: [G1Ergonomics (CSet Construction) add young regions to CSet, eden: 127 regions, survivors: 20 regions, predicted young region time: 27.55 ms]
 76.583: [G1Ergonomics (CSet Construction) finish choosing CSet, eden: 127 regions, survivors: 20 regions, old: 0 regions, predicted pause time: 30.39 ms, target pause time: 200.00 ms]
, 0.0120132 secs]
   [Parallel Time: 10.4 ms, GC Workers: 2]
      [GC Worker Start (ms): Min: 76583.0, Avg: 76583.0, Max: 76583.0, Diff: 0.0]
      [Ext Root Scanning (ms): Min: 0.3, Avg: 0.3, Max: 0.3, Diff: 0.0, Sum: 0.6]
      [Update RS (ms): Min: 0.0, Avg: 0.0, Max: 0.0, Diff: 0.0, Sum: 0.1]
         [Processed Buffers: Min: 1, Avg: 1.5, Max: 2, Diff: 1, Sum: 3]
      [Scan RS (ms): Min: 0.2, Avg: 0.2, Max: 0.2, Diff: 0.0, Sum: 0.4]
      [Code Root Scanning (ms): Min: 0.1, Avg: 0.1, Max: 0.1, Diff: 0.0, Sum: 0.2]
      [Object Copy (ms): Min: 9.7, Avg: 9.7, Max: 9.7, Diff: 0.0, Sum: 19.3]
      [Termination (ms): Min: 0.0, Avg: 0.0, Max: 0.0, Diff: 0.0, Sum: 0.0]
      [GC Worker Other (ms): Min: 0.0, Avg: 0.0, Max: 0.0, Diff: 0.0, Sum: 0.1]
      [GC Worker Total (ms): Min: 10.3, Avg: 10.3, Max: 10.3, Diff: 0.0, Sum: 20.7]
      [GC Worker End (ms): Min: 76593.3, Avg: 76593.3, Max: 76593.3, Diff: 0.0]
   [Code Root Fixup: 0.0 ms]
   [Code Root Migration: 0.0 ms]
   [Clear CT: 0.2 ms]
   [Other: 1.4 ms]
      [Choose CSet: 0.0 ms]
      [Ref Proc: 1.0 ms]
      [Ref Enq: 0.0 ms]
      [Free CSet: 0.2 ms]
   [Eden: 127.0M(127.0M)->0.0B(133.0M) Survivors: 20.0M->16.0M Heap: 209.2M(256.0M)->77.8M(256.0M)]
 [Times: user=0.02 sys=0.00, real=0.01 secs] 
2014-07-10T11:37:25.900+0200: 76.681: [GC pause (G1 Evacuation Pause) (young) 76.681: [G1Ergonomics (CSet Construction) start choosing CSet, _pending_cards: 512, predicted base time: 2.69 ms, remaining time: 197.31 ms, target pause time: 200.00 ms]
 76.681: [G1Ergonomics (CSet Construction) add young regions to CSet, eden: 133 regions, survivors: 16 regions, predicted young region time: 81.15 ms]
 76.681: [G1Ergonomics (CSet Construction) finish choosing CSet, eden: 133 regions, survivors: 16 regions, old: 0 regions, predicted pause time: 83.84 ms, target pause time: 200.00 ms]
, 0.0118640 secs]
   [Parallel Time: 10.9 ms, GC Workers: 2]
      [GC Worker Start (ms): Min: 76680.9, Avg: 76680.9, Max: 76680.9, Diff: 0.0]
      [Ext Root Scanning (ms): Min: 0.3, Avg: 0.3, Max: 0.3, Diff: 0.0, Sum: 0.7]
      [Update RS (ms): Min: 0.0, Avg: 0.0, Max: 0.0, Diff: 0.0, Sum: 0.1]
         [Processed Buffers: Min: 1, Avg: 1.5, Max: 2, Diff: 1, Sum: 3]
      [Scan RS (ms): Min: 0.3, Avg: 0.4, Max: 0.4, Diff: 0.2, Sum: 0.7]
      [Code Root Scanning (ms): Min: 0.1, Avg: 0.2, Max: 0.2, Diff: 0.1, Sum: 0.3]
      [Object Copy (ms): Min: 9.9, Avg: 9.9, Max: 10.0, Diff: 0.0, Sum: 19.9]
      [Termination (ms): Min: 0.0, Avg: 0.0, Max: 0.0, Diff: 0.0, Sum: 0.0]
      [GC Worker Other (ms): Min: 0.0, Avg: 0.0, Max: 0.0, Diff: 0.0, Sum: 0.0]
      [GC Worker Total (ms): Min: 10.9, Avg: 10.9, Max: 10.9, Diff: 0.0, Sum: 21.7]
      [GC Worker End (ms): Min: 76691.8, Avg: 76691.8, Max: 76691.8, Diff: 0.0]
   [Code Root Fixup: 0.0 ms]
   [Code Root Migration: 0.0 ms]
   [Clear CT: 0.1 ms]
   [Other: 0.8 ms]
      [Choose CSet: 0.0 ms]
      [Ref Proc: 0.4 ms]
      [Ref Enq: 0.0 ms]
      [Free CSet: 0.2 ms]
   [Eden: 133.0M(133.0M)->0.0B(132.0M) Survivors: 16.0M->17.0M Heap: 210.8M(256.0M)->78.7M(256.0M)]
 [Times: user=0.00 sys=0.00, real=0.01 secs] 
2014-07-10T11:37:26.031+0200: 76.812: [GC pause (G1 Evacuation Pause) (young) 76.812: [G1Ergonomics (CSet Construction) start choosing CSet, _pending_cards: 258, predicted base time: 2.37 ms, remaining time: 197.63 ms, target pause time: 200.00 ms]
 76.812: [G1Ergonomics (CSet Construction) add young regions to CSet, eden: 132 regions, survivors: 17 regions, predicted young region time: 79.94 ms]
 76.812: [G1Ergonomics (CSet Construction) finish choosing CSet, eden: 132 regions, survivors: 17 regions, old: 0 regions, predicted pause time: 82.31 ms, target pause time: 200.00 ms]
, 0.0038840 secs]
   [Parallel Time: 3.0 ms, GC Workers: 2]
      [GC Worker Start (ms): Min: 76811.6, Avg: 76811.6, Max: 76811.6, Diff: 0.0]
      [Ext Root Scanning (ms): Min: 0.3, Avg: 0.3, Max: 0.3, Diff: 0.0, Sum: 0.5]
      [Update RS (ms): Min: 0.0, Avg: 0.0, Max: 0.0, Diff: 0.0, Sum: 0.1]
         [Processed Buffers: Min: 1, Avg: 1.5, Max: 2, Diff: 1, Sum: 3]
      [Scan RS (ms): Min: 0.2, Avg: 0.2, Max: 0.2, Diff: 0.0, Sum: 0.4]
      [Code Root Scanning (ms): Min: 0.1, Avg: 0.1, Max: 0.1, Diff: 0.0, Sum: 0.2]
      [Object Copy (ms): Min: 2.3, Avg: 2.3, Max: 2.3, Diff: 0.0, Sum: 4.6]
      [Termination (ms): Min: 0.0, Avg: 0.0, Max: 0.0, Diff: 0.0, Sum: 0.0]
      [GC Worker Other (ms): Min: 0.0, Avg: 0.0, Max: 0.0, Diff: 0.0, Sum: 0.1]
      [GC Worker Total (ms): Min: 3.0, Avg: 3.0, Max: 3.0, Diff: 0.0, Sum: 6.0]
      [GC Worker End (ms): Min: 76814.6, Avg: 76814.6, Max: 76814.6, Diff: 0.0]
   [Code Root Fixup: 0.0 ms]
   [Code Root Migration: 0.0 ms]
   [Clear CT: 0.2 ms]
   [Other: 0.6 ms]
      [Choose CSet: 0.0 ms]
      [Ref Proc: 0.1 ms]
      [Ref Enq: 0.0 ms]
      [Free CSet: 0.4 ms]
   [Eden: 132.0M(132.0M)->0.0B(147.0M) Survivors: 17.0M->5120.0K Heap: 210.7M(256.0M)->66.5M(256.0M)]
 [Times: user=0.00 sys=0.00, real=0.00 secs] 
2014-07-10T11:37:26.205+0200: 76.986: [GC pause (G1 Evacuation Pause) (young) 76.986: [G1Ergonomics (CSet Construction) start choosing CSet, _pending_cards: 512, predicted base time: 2.06 ms, remaining time: 197.94 ms, target pause time: 200.00 ms]
 76.986: [G1Ergonomics (CSet Construction) add young regions to CSet, eden: 147 regions, survivors: 5 regions, predicted young region time: 86.87 ms]
 76.986: [G1Ergonomics (CSet Construction) finish choosing CSet, eden: 147 regions, survivors: 5 regions, old: 0 regions, predicted pause time: 88.93 ms, target pause time: 200.00 ms]
, 0.0226868 secs]
   [Parallel Time: 21.1 ms, GC Workers: 2]
      [GC Worker Start (ms): Min: 76985.9, Avg: 76985.9, Max: 76985.9, Diff: 0.0]
      [Ext Root Scanning (ms): Min: 0.6, Avg: 0.6, Max: 0.6, Diff: 0.0, Sum: 1.2]
      [Update RS (ms): Min: 0.1, Avg: 0.1, Max: 0.1, Diff: 0.0, Sum: 0.1]
         [Processed Buffers: Min: 1, Avg: 1.5, Max: 2, Diff: 1, Sum: 3]
      [Scan RS (ms): Min: 0.4, Avg: 0.5, Max: 0.6, Diff: 0.2, Sum: 0.9]
      [Code Root Scanning (ms): Min: 0.2, Avg: 0.3, Max: 0.4, Diff: 0.2, Sum: 0.6]
      [Object Copy (ms): Min: 19.6, Avg: 19.6, Max: 19.6, Diff: 0.0, Sum: 39.2]
      [Termination (ms): Min: 0.0, Avg: 0.0, Max: 0.0, Diff: 0.0, Sum: 0.0]
      [GC Worker Other (ms): Min: 0.0, Avg: 0.1, Max: 0.1, Diff: 0.0, Sum: 0.1]
      [GC Worker Total (ms): Min: 21.1, Avg: 21.1, Max: 21.1, Diff: 0.0, Sum: 42.1]
      [GC Worker End (ms): Min: 77006.9, Avg: 77006.9, Max: 77006.9, Diff: 0.0]
   [Code Root Fixup: 0.0 ms]
   [Code Root Migration: 0.1 ms]
   [Clear CT: 0.4 ms]
   [Other: 1.1 ms]
      [Choose CSet: 0.1 ms]
      [Ref Proc: 0.5 ms]
      [Ref Enq: 0.0 ms]
      [Free CSet: 0.3 ms]
   [Eden: 147.0M(147.0M)->0.0B(129.0M) Survivors: 5120.0K->19.0M Heap: 213.5M(256.0M)->81.4M(256.0M)]
 [Times: user=0.06 sys=0.00, real=0.02 secs] 
2014-07-10T11:37:26.304+0200: 77.084: [GC pause (G1 Evacuation Pause) (young) 77.084: [G1Ergonomics (CSet Construction) start choosing CSet, _pending_cards: 512, predicted base time: 2.20 ms, remaining time: 197.80 ms, target pause time: 200.00 ms]
 77.084: [G1Ergonomics (CSet Construction) add young regions to CSet, eden: 129 regions, survivors: 19 regions, predicted young region time: 101.52 ms]
 77.084: [G1Ergonomics (CSet Construction) finish choosing CSet, eden: 129 regions, survivors: 19 regions, old: 0 regions, predicted pause time: 103.72 ms, target pause time: 200.00 ms]
, 0.0114600 secs]
   [Parallel Time: 10.2 ms, GC Workers: 2]
      [GC Worker Start (ms): Min: 77084.5, Avg: 77084.5, Max: 77084.5, Diff: 0.0]
      [Ext Root Scanning (ms): Min: 0.3, Avg: 0.3, Max: 0.3, Diff: 0.0, Sum: 0.5]
      [Update RS (ms): Min: 0.0, Avg: 0.0, Max: 0.0, Diff: 0.0, Sum: 0.1]
         [Processed Buffers: Min: 1, Avg: 1.5, Max: 2, Diff: 1, Sum: 3]
      [Scan RS (ms): Min: 0.2, Avg: 0.2, Max: 0.2, Diff: 0.0, Sum: 0.4]
      [Code Root Scanning (ms): Min: 0.1, Avg: 0.1, Max: 0.1, Diff: 0.0, Sum: 0.2]
      [Object Copy (ms): Min: 9.6, Avg: 9.6, Max: 9.6, Diff: 0.0, Sum: 19.1]
      [Termination (ms): Min: 0.0, Avg: 0.0, Max: 0.0, Diff: 0.0, Sum: 0.0]
      [GC Worker Other (ms): Min: 0.0, Avg: 0.0, Max: 0.0, Diff: 0.0, Sum: 0.1]
      [GC Worker Total (ms): Min: 10.2, Avg: 10.2, Max: 10.2, Diff: 0.0, Sum: 20.4]
      [GC Worker End (ms): Min: 77094.7, Avg: 77094.7, Max: 77094.7, Diff: 0.0]
   [Code Root Fixup: 0.0 ms]
   [Code Root Migration: 0.4 ms]
   [Clear CT: 0.3 ms]
   [Other: 0.5 ms]
      [Choose CSet: 0.0 ms]
      [Ref Proc: 0.1 ms]
      [Ref Enq: 0.0 ms]
      [Free CSet: 0.2 ms]
   [Eden: 129.0M(129.0M)->0.0B(134.0M) Survivors: 19.0M->16.0M Heap: 210.4M(256.0M)->78.3M(256.0M)]
 [Times: user=0.00 sys=0.00, real=0.01 secs] 
2014-07-10T11:37:26.429+0200: 77.209: [GC pause (G1 Evacuation Pause) (young) 77.209: [G1Ergonomics (CSet Construction) start choosing CSet, _pending_cards: 512, predicted base time: 2.04 ms, remaining time: 197.96 ms, target pause time: 200.00 ms]
 77.209: [G1Ergonomics (CSet Construction) add young regions to CSet, eden: 134 regions, survivors: 16 regions, predicted young region time: 84.60 ms]
 77.209: [G1Ergonomics (CSet Construction) finish choosing CSet, eden: 134 regions, survivors: 16 regions, old: 0 regions, predicted pause time: 86.64 ms, target pause time: 200.00 ms]
, 0.0125577 secs]
   [Parallel Time: 12.0 ms, GC Workers: 2]
      [GC Worker Start (ms): Min: 77209.1, Avg: 77209.1, Max: 77209.1, Diff: 0.0]
      [Ext Root Scanning (ms): Min: 0.3, Avg: 0.3, Max: 0.3, Diff: 0.0, Sum: 0.7]
      [Update RS (ms): Min: 0.0, Avg: 0.0, Max: 0.0, Diff: 0.0, Sum: 0.1]
         [Processed Buffers: Min: 1, Avg: 1.5, Max: 2, Diff: 1, Sum: 3]
      [Scan RS (ms): Min: 0.2, Avg: 0.2, Max: 0.2, Diff: 0.0, Sum: 0.5]
      [Code Root Scanning (ms): Min: 0.1, Avg: 0.1, Max: 0.1, Diff: 0.0, Sum: 0.2]
      [Object Copy (ms): Min: 11.2, Avg: 11.2, Max: 11.2, Diff: 0.0, Sum: 22.4]
      [Termination (ms): Min: 0.0, Avg: 0.0, Max: 0.0, Diff: 0.0, Sum: 0.0]
      [GC Worker Other (ms): Min: 0.0, Avg: 0.0, Max: 0.0, Diff: 0.0, Sum: 0.1]
      [GC Worker Total (ms): Min: 11.9, Avg: 12.0, Max: 12.0, Diff: 0.0, Sum: 23.9]
      [GC Worker End (ms): Min: 77221.1, Avg: 77221.1, Max: 77221.1, Diff: 0.0]
   [Code Root Fixup: 0.0 ms]
   [Code Root Migration: 0.1 ms]
   [Clear CT: 0.1 ms]
   [Other: 0.4 ms]
      [Choose CSet: 0.0 ms]
      [Ref Proc: 0.1 ms]
      [Ref Enq: 0.0 ms]
      [Free CSet: 0.2 ms]
   [Eden: 134.0M(134.0M)->0.0B(131.0M) Survivors: 16.0M->18.0M Heap: 212.3M(256.0M)->80.2M(256.0M)]
 [Times: user=0.00 sys=0.00, real=0.01 secs] 
2014-07-10T11:37:26.591+0200: 77.371: [GC pause (G1 Evacuation Pause) (young) 77.371: [G1Ergonomics (CSet Construction) start choosing CSet, _pending_cards: 258, predicted base time: 1.74 ms, remaining time: 198.26 ms, target pause time: 200.00 ms]
 77.372: [G1Ergonomics (CSet Construction) add young regions to CSet, eden: 131 regions, survivors: 18 regions, predicted young region time: 93.61 ms]
 77.372: [G1Ergonomics (CSet Construction) finish choosing CSet, eden: 131 regions, survivors: 18 regions, old: 0 regions, predicted pause time: 95.35 ms, target pause time: 200.00 ms]
, 0.0040201 secs]
   [Parallel Time: 3.4 ms, GC Workers: 2]
      [GC Worker Start (ms): Min: 77371.5, Avg: 77371.5, Max: 77371.5, Diff: 0.0]
      [Ext Root Scanning (ms): Min: 0.2, Avg: 0.2, Max: 0.2, Diff: 0.0, Sum: 0.4]
      [Update RS (ms): Min: 0.0, Avg: 0.0, Max: 0.0, Diff: 0.0, Sum: 0.1]
         [Processed Buffers: Min: 1, Avg: 1.5, Max: 2, Diff: 1, Sum: 3]
      [Scan RS (ms): Min: 0.2, Avg: 0.2, Max: 0.2, Diff: 0.0, Sum: 0.4]
      [Code Root Scanning (ms): Min: 0.1, Avg: 0.1, Max: 0.1, Diff: 0.0, Sum: 0.2]
      [Object Copy (ms): Min: 2.8, Avg: 2.8, Max: 2.8, Diff: 0.0, Sum: 5.6]
      [Termination (ms): Min: 0.0, Avg: 0.0, Max: 0.0, Diff: 0.0, Sum: 0.0]
      [GC Worker Other (ms): Min: 0.0, Avg: 0.0, Max: 0.0, Diff: 0.0, Sum: 0.1]
      [GC Worker Total (ms): Min: 3.4, Avg: 3.4, Max: 3.4, Diff: 0.0, Sum: 6.8]
      [GC Worker End (ms): Min: 77374.9, Avg: 77374.9, Max: 77374.9, Diff: 0.0]
   [Code Root Fixup: 0.0 ms]
   [Code Root Migration: 0.0 ms]
   [Clear CT: 0.1 ms]
   [Other: 0.4 ms]
      [Choose CSet: 0.0 ms]
      [Ref Proc: 0.1 ms]
      [Ref Enq: 0.0 ms]
      [Free CSet: 0.2 ms]
   [Eden: 131.0M(131.0M)->0.0B(147.0M) Survivors: 18.0M->5120.0K Heap: 211.2M(256.0M)->67.0M(256.0M)]
 [Times: user=0.00 sys=0.00, real=0.00 secs] 
2014-07-10T11:37:26.700+0200: 77.480: [GC pause (G1 Evacuation Pause) (young) 77.480: [G1Ergonomics (CSet Construction) start choosing CSet, _pending_cards: 512, predicted base time: 1.55 ms, remaining time: 198.45 ms, target pause time: 200.00 ms]
 77.480: [G1Ergonomics (CSet Construction) add young regions to CSet, eden: 147 regions, survivors: 5 regions, predicted young region time: 47.83 ms]
 77.480: [G1Ergonomics (CSet Construction) finish choosing CSet, eden: 147 regions, survivors: 5 regions, old: 0 regions, predicted pause time: 49.37 ms, target pause time: 200.00 ms]
, 0.0131186 secs]
   [Parallel Time: 12.4 ms, GC Workers: 2]
      [GC Worker Start (ms): Min: 77480.4, Avg: 77480.4, Max: 77480.4, Diff: 0.0]
      [Ext Root Scanning (ms): Min: 0.3, Avg: 0.3, Max: 0.3, Diff: 0.0, Sum: 0.6]
      [Update RS (ms): Min: 0.0, Avg: 0.0, Max: 0.0, Diff: 0.0, Sum: 0.1]
         [Processed Buffers: Min: 1, Avg: 1.5, Max: 2, Diff: 1, Sum: 3]
      [Scan RS (ms): Min: 0.2, Avg: 0.2, Max: 0.2, Diff: 0.0, Sum: 0.4]
      [Code Root Scanning (ms): Min: 0.1, Avg: 0.1, Max: 0.1, Diff: 0.0, Sum: 0.2]
      [Object Copy (ms): Min: 11.6, Avg: 11.7, Max: 11.7, Diff: 0.0, Sum: 23.3]
      [Termination (ms): Min: 0.0, Avg: 0.0, Max: 0.0, Diff: 0.0, Sum: 0.0]
      [GC Worker Other (ms): Min: 0.0, Avg: 0.0, Max: 0.0, Diff: 0.0, Sum: 0.1]
      [GC Worker Total (ms): Min: 12.3, Avg: 12.3, Max: 12.3, Diff: 0.0, Sum: 24.7]
      [GC Worker End (ms): Min: 77492.8, Avg: 77492.8, Max: 77492.8, Diff: 0.0]
   [Code Root Fixup: 0.0 ms]
   [Code Root Migration: 0.0 ms]
   [Clear CT: 0.2 ms]
   [Other: 0.4 ms]
      [Choose CSet: 0.0 ms]
      [Ref Proc: 0.0 ms]
      [Ref Enq: 0.0 ms]
      [Free CSet: 0.2 ms]
   [Eden: 147.0M(147.0M)->0.0B(129.0M) Survivors: 5120.0K->19.0M Heap: 214.0M(256.0M)->81.9M(256.0M)]
 [Times: user=0.03 sys=0.00, real=0.01 secs] 
2014-07-10T11:37:26.836+0200: 77.615: [GC pause (G1 Evacuation Pause) (young) 77.615: [G1Ergonomics (CSet Construction) start choosing CSet, _pending_cards: 512, predicted base time: 1.42 ms, remaining time: 198.58 ms, target pause time: 200.00 ms]
 77.615: [G1Ergonomics (CSet Construction) add young regions to CSet, eden: 129 regions, survivors: 19 regions, predicted young region time: 86.04 ms]
 77.615: [G1Ergonomics (CSet Construction) finish choosing CSet, eden: 129 regions, survivors: 19 regions, old: 0 regions, predicted pause time: 87.46 ms, target pause time: 200.00 ms]
, 0.0113691 secs]
   [Parallel Time: 10.7 ms, GC Workers: 2]
      [GC Worker Start (ms): Min: 77615.5, Avg: 77615.5, Max: 77615.5, Diff: 0.0]
      [Ext Root Scanning (ms): Min: 0.3, Avg: 0.3, Max: 0.3, Diff: 0.0, Sum: 0.6]
      [Update RS (ms): Min: 0.0, Avg: 0.0, Max: 0.0, Diff: 0.0, Sum: 0.1]
         [Processed Buffers: Min: 1, Avg: 1.5, Max: 2, Diff: 1, Sum: 3]
      [Scan RS (ms): Min: 0.2, Avg: 0.2, Max: 0.2, Diff: 0.0, Sum: 0.4]
      [Code Root Scanning (ms): Min: 0.1, Avg: 0.1, Max: 0.1, Diff: 0.0, Sum: 0.2]
      [Object Copy (ms): Min: 10.0, Avg: 10.0, Max: 10.0, Diff: 0.0, Sum: 19.9]
      [Termination (ms): Min: 0.0, Avg: 0.0, Max: 0.0, Diff: 0.0, Sum: 0.0]
      [GC Worker Other (ms): Min: 0.0, Avg: 0.0, Max: 0.0, Diff: 0.0, Sum: 0.1]
      [GC Worker Total (ms): Min: 10.7, Avg: 10.7, Max: 10.7, Diff: 0.0, Sum: 21.3]
      [GC Worker End (ms): Min: 77626.1, Avg: 77626.1, Max: 77626.1, Diff: 0.0]
   [Code Root Fixup: 0.0 ms]
   [Code Root Migration: 0.0 ms]
   [Clear CT: 0.2 ms]
   [Other: 0.4 ms]
      [Choose CSet: 0.0 ms]
      [Ref Proc: 0.1 ms]
      [Ref Enq: 0.0 ms]
      [Free CSet: 0.2 ms]
   [Eden: 129.0M(129.0M)->0.0B(132.0M) Survivors: 19.0M->17.0M Heap: 210.9M(256.0M)->79.2M(256.0M)]
 [Times: user=0.00 sys=0.00, real=0.01 secs] 
2014-07-10T11:37:26.993+0200: 77.773: [GC pause (G1 Evacuation Pause) (young) 77.773: [G1Ergonomics (CSet Construction) start choosing CSet, _pending_cards: 512, predicted base time: 1.30 ms, remaining time: 198.70 ms, target pause time: 200.00 ms]
 77.773: [G1Ergonomics (CSet Construction) add young regions to CSet, eden: 132 regions, survivors: 17 regions, predicted young region time: 16.88 ms]
 77.773: [G1Ergonomics (CSet Construction) finish choosing CSet, eden: 132 regions, survivors: 17 regions, old: 0 regions, predicted pause time: 18.18 ms, target pause time: 200.00 ms]
, 0.0060218 secs]
   [Parallel Time: 5.4 ms, GC Workers: 2]
      [GC Worker Start (ms): Min: 77773.1, Avg: 77773.1, Max: 77773.1, Diff: 0.0]
      [Ext Root Scanning (ms): Min: 0.3, Avg: 0.3, Max: 0.3, Diff: 0.0, Sum: 0.6]
      [Update RS (ms): Min: 0.0, Avg: 0.0, Max: 0.0, Diff: 0.0, Sum: 0.1]
         [Processed Buffers: Min: 1, Avg: 1.5, Max: 2, Diff: 1, Sum: 3]
      [Scan RS (ms): Min: 0.2, Avg: 0.2, Max: 0.2, Diff: 0.0, Sum: 0.4]
      [Code Root Scanning (ms): Min: 0.1, Avg: 0.1, Max: 0.1, Diff: 0.0, Sum: 0.2]
      [Object Copy (ms): Min: 4.7, Avg: 4.7, Max: 4.7, Diff: 0.0, Sum: 9.4]
      [Termination (ms): Min: 0.0, Avg: 0.0, Max: 0.0, Diff: 0.0, Sum: 0.0]
      [GC Worker Other (ms): Min: 0.0, Avg: 0.0, Max: 0.0, Diff: 0.0, Sum: 0.1]
      [GC Worker Total (ms): Min: 5.4, Avg: 5.4, Max: 5.4, Diff: 0.0, Sum: 10.8]
      [GC Worker End (ms): Min: 77778.5, Avg: 77778.5, Max: 77778.5, Diff: 0.0]
   [Code Root Fixup: 0.0 ms]
   [Code Root Migration: 0.0 ms]
   [Clear CT: 0.1 ms]
   [Other: 0.5 ms]
      [Choose CSet: 0.0 ms]
      [Ref Proc: 0.1 ms]
      [Ref Enq: 0.0 ms]
      [Free CSet: 0.2 ms]
   [Eden: 132.0M(132.0M)->0.0B(142.0M) Survivors: 17.0M->9216.0K Heap: 211.2M(256.0M)->71.1M(256.0M)]
 [Times: user=0.00 sys=0.00, real=0.01 secs] 
2014-07-10T11:37:27.102+0200: 77.881: [GC pause (G1 Evacuation Pause) (young) 77.881: [G1Ergonomics (CSet Construction) start choosing CSet, _pending_cards: 512, predicted base time: 1.18 ms, remaining time: 198.82 ms, target pause time: 200.00 ms]
 77.881: [G1Ergonomics (CSet Construction) add young regions to CSet, eden: 142 regions, survivors: 9 regions, predicted young region time: 89.64 ms]
 77.881: [G1Ergonomics (CSet Construction) finish choosing CSet, eden: 142 regions, survivors: 9 regions, old: 0 regions, predicted pause time: 90.82 ms, target pause time: 200.00 ms]
, 0.0120550 secs]
   [Parallel Time: 11.4 ms, GC Workers: 2]
      [GC Worker Start (ms): Min: 77881.3, Avg: 77881.3, Max: 77881.3, Diff: 0.0]
      [Ext Root Scanning (ms): Min: 0.3, Avg: 0.3, Max: 0.3, Diff: 0.0, Sum: 0.5]
      [Update RS (ms): Min: 0.0, Avg: 0.0, Max: 0.0, Diff: 0.0, Sum: 0.0]
         [Processed Buffers: Min: 1, Avg: 1.5, Max: 2, Diff: 1, Sum: 3]
      [Scan RS (ms): Min: 0.2, Avg: 0.2, Max: 0.2, Diff: 0.0, Sum: 0.4]
      [Code Root Scanning (ms): Min: 0.1, Avg: 0.1, Max: 0.1, Diff: 0.0, Sum: 0.2]
      [Object Copy (ms): Min: 10.7, Avg: 10.7, Max: 10.7, Diff: 0.0, Sum: 21.5]
      [Termination (ms): Min: 0.0, Avg: 0.0, Max: 0.0, Diff: 0.0, Sum: 0.0]
      [GC Worker Other (ms): Min: 0.0, Avg: 0.0, Max: 0.0, Diff: 0.0, Sum: 0.1]
      [GC Worker Total (ms): Min: 11.4, Avg: 11.4, Max: 11.4, Diff: 0.0, Sum: 22.7]
      [GC Worker End (ms): Min: 77892.6, Avg: 77892.6, Max: 77892.6, Diff: 0.0]
   [Code Root Fixup: 0.0 ms]
   [Code Root Migration: 0.0 ms]
   [Clear CT: 0.1 ms]
   [Other: 0.5 ms]
      [Choose CSet: 0.0 ms]
      [Ref Proc: 0.1 ms]
      [Ref Enq: 0.0 ms]
      [Free CSet: 0.3 ms]
   [Eden: 142.0M(142.0M)->0.0B(129.0M) Survivors: 9216.0K->19.0M Heap: 213.1M(256.0M)->81.0M(256.0M)]
 [Times: user=0.01 sys=0.00, real=0.01 secs] 
2014-07-10T11:37:27.236+0200: 78.015: [GC pause (G1 Evacuation Pause) (young) 78.015: [G1Ergonomics (CSet Construction) start choosing CSet, _pending_cards: 512, predicted base time: 1.08 ms, remaining time: 198.92 ms, target pause time: 200.00 ms]
 78.015: [G1Ergonomics (CSet Construction) add young regions to CSet, eden: 129 regions, survivors: 19 regions, predicted young region time: 80.26 ms]
 78.015: [G1Ergonomics (CSet Construction) finish choosing CSet, eden: 129 regions, survivors: 19 regions, old: 0 regions, predicted pause time: 81.34 ms, target pause time: 200.00 ms]
, 0.0103773 secs]
   [Parallel Time: 9.7 ms, GC Workers: 2]
      [GC Worker Start (ms): Min: 78015.2, Avg: 78015.2, Max: 78015.2, Diff: 0.0]
      [Ext Root Scanning (ms): Min: 0.3, Avg: 0.3, Max: 0.3, Diff: 0.0, Sum: 0.6]
      [Update RS (ms): Min: 0.0, Avg: 0.0, Max: 0.0, Diff: 0.0, Sum: 0.1]
         [Processed Buffers: Min: 1, Avg: 1.5, Max: 2, Diff: 1, Sum: 3]
      [Scan RS (ms): Min: 0.2, Avg: 0.2, Max: 0.2, Diff: 0.0, Sum: 0.4]
      [Code Root Scanning (ms): Min: 0.1, Avg: 0.1, Max: 0.1, Diff: 0.0, Sum: 0.2]
      [Object Copy (ms): Min: 9.0, Avg: 9.0, Max: 9.0, Diff: 0.0, Sum: 18.1]
      [Termination (ms): Min: 0.0, Avg: 0.0, Max: 0.0, Diff: 0.0, Sum: 0.0]
      [GC Worker Other (ms): Min: 0.0, Avg: 0.0, Max: 0.0, Diff: 0.0, Sum: 0.1]
      [GC Worker Total (ms): Min: 9.7, Avg: 9.7, Max: 9.7, Diff: 0.0, Sum: 19.4]
      [GC Worker End (ms): Min: 78024.9, Avg: 78024.9, Max: 78024.9, Diff: 0.0]
   [Code Root Fixup: 0.0 ms]
   [Code Root Migration: 0.0 ms]
   [Clear CT: 0.1 ms]
   [Other: 0.5 ms]
      [Choose CSet: 0.0 ms]
      [Ref Proc: 0.1 ms]
      [Ref Enq: 0.0 ms]
      [Free CSet: 0.2 ms]
   [Eden: 129.0M(129.0M)->0.0B(134.0M) Survivors: 19.0M->15.0M Heap: 210.0M(256.0M)->77.9M(256.0M)]
 [Times: user=0.03 sys=0.00, real=0.01 secs] 
2014-07-10T11:37:27.400+0200: 78.179: [GC pause (G1 Evacuation Pause) (young) 78.179: [G1Ergonomics (CSet Construction) start choosing CSet, _pending_cards: 512, predicted base time: 1.03 ms, remaining time: 198.97 ms, target pause time: 200.00 ms]
 78.179: [G1Ergonomics (CSet Construction) add young regions to CSet, eden: 134 regions, survivors: 15 regions, predicted young region time: 65.81 ms]
 78.179: [G1Ergonomics (CSet Construction) finish choosing CSet, eden: 134 regions, survivors: 15 regions, old: 0 regions, predicted pause time: 66.84 ms, target pause time: 200.00 ms]
, 0.0114013 secs]
   [Parallel Time: 10.8 ms, GC Workers: 2]
      [GC Worker Start (ms): Min: 78179.3, Avg: 78179.3, Max: 78179.3, Diff: 0.0]
      [Ext Root Scanning (ms): Min: 0.3, Avg: 0.3, Max: 0.3, Diff: 0.0, Sum: 0.6]
      [Update RS (ms): Min: 0.0, Avg: 0.0, Max: 0.0, Diff: 0.0, Sum: 0.1]
         [Processed Buffers: Min: 1, Avg: 1.5, Max: 2, Diff: 1, Sum: 3]
      [Scan RS (ms): Min: 0.2, Avg: 0.2, Max: 0.2, Diff: 0.0, Sum: 0.4]
      [Code Root Scanning (ms): Min: 0.1, Avg: 0.1, Max: 0.1, Diff: 0.0, Sum: 0.2]
      [Object Copy (ms): Min: 10.1, Avg: 10.1, Max: 10.1, Diff: 0.0, Sum: 20.2]
      [Termination (ms): Min: 0.0, Avg: 0.0, Max: 0.0, Diff: 0.0, Sum: 0.0]
      [GC Worker Other (ms): Min: 0.0, Avg: 0.0, Max: 0.0, Diff: 0.0, Sum: 0.0]
      [GC Worker Total (ms): Min: 10.7, Avg: 10.8, Max: 10.8, Diff: 0.0, Sum: 21.5]
      [GC Worker End (ms): Min: 78190.1, Avg: 78190.1, Max: 78190.1, Diff: 0.0]
   [Code Root Fixup: 0.0 ms]
   [Code Root Migration: 0.0 ms]
   [Clear CT: 0.1 ms]
   [Other: 0.5 ms]
      [Choose CSet: 0.0 ms]
      [Ref Proc: 0.1 ms]
      [Ref Enq: 0.0 ms]
      [Free CSet: 0.2 ms]
   [Eden: 134.0M(134.0M)->0.0B(132.0M) Survivors: 15.0M->17.0M Heap: 211.9M(256.0M)->79.8M(256.0M)]
 [Times: user=0.03 sys=0.00, real=0.01 secs] 
2014-07-10T11:37:27.527+0200: 78.307: [GC pause (G1 Evacuation Pause) (young) 78.307: [G1Ergonomics (CSet Construction) start choosing CSet, _pending_cards: 259, predicted base time: 0.96 ms, remaining time: 199.04 ms, target pause time: 200.00 ms]
 78.307: [G1Ergonomics (CSet Construction) add young regions to CSet, eden: 132 regions, survivors: 17 regions, predicted young region time: 80.73 ms]
 78.307: [G1Ergonomics (CSet Construction) finish choosing CSet, eden: 132 regions, survivors: 17 regions, old: 0 regions, predicted pause time: 81.70 ms, target pause time: 200.00 ms]
, 0.0059342 secs]
   [Parallel Time: 5.2 ms, GC Workers: 2]
      [GC Worker Start (ms): Min: 78306.6, Avg: 78306.7, Max: 78306.7, Diff: 0.0]
      [Ext Root Scanning (ms): Min: 0.3, Avg: 0.3, Max: 0.3, Diff: 0.0, Sum: 0.5]
      [Update RS (ms): Min: 0.0, Avg: 0.0, Max: 0.1, Diff: 0.0, Sum: 0.1]
         [Processed Buffers: Min: 1, Avg: 1.5, Max: 2, Diff: 1, Sum: 3]
      [Scan RS (ms): Min: 0.2, Avg: 0.2, Max: 0.2, Diff: 0.0, Sum: 0.5]
      [Code Root Scanning (ms): Min: 0.1, Avg: 0.1, Max: 0.1, Diff: 0.0, Sum: 0.2]
      [Object Copy (ms): Min: 4.5, Avg: 4.5, Max: 4.5, Diff: 0.0, Sum: 9.0]
      [Termination (ms): Min: 0.0, Avg: 0.0, Max: 0.0, Diff: 0.0, Sum: 0.0]
      [GC Worker Other (ms): Min: 0.0, Avg: 0.0, Max: 0.0, Diff: 0.0, Sum: 0.1]
      [GC Worker Total (ms): Min: 5.2, Avg: 5.2, Max: 5.2, Diff: 0.0, Sum: 10.4]
      [GC Worker End (ms): Min: 78311.8, Avg: 78311.8, Max: 78311.9, Diff: 0.0]
   [Code Root Fixup: 0.0 ms]
   [Code Root Migration: 0.0 ms]
   [Clear CT: 0.2 ms]
   [Other: 0.4 ms]
      [Choose CSet: 0.0 ms]
      [Ref Proc: 0.1 ms]
      [Ref Enq: 0.0 ms]
      [Free CSet: 0.2 ms]
   [Eden: 132.0M(132.0M)->0.0B(143.0M) Survivors: 17.0M->8192.0K Heap: 211.8M(256.0M)->70.6M(256.0M)]
 [Times: user=0.00 sys=0.00, real=0.01 secs] 
2014-07-10T11:37:27.646+0200: 78.426: [GC pause (G1 Evacuation Pause) (young) 78.426: [G1Ergonomics (CSet Construction) start choosing CSet, _pending_cards: 513, predicted base time: 1.00 ms, remaining time: 199.00 ms, target pause time: 200.00 ms]
 78.426: [G1Ergonomics (CSet Construction) add young regions to CSet, eden: 143 regions, survivors: 8 regions, predicted young region time: 71.08 ms]
 78.426: [G1Ergonomics (CSet Construction) finish choosing CSet, eden: 143 regions, survivors: 8 regions, old: 0 regions, predicted pause time: 72.08 ms, target pause time: 200.00 ms]
, 0.0082971 secs]
   [Parallel Time: 7.3 ms, GC Workers: 2]
      [GC Worker Start (ms): Min: 78426.0, Avg: 78426.0, Max: 78426.0, Diff: 0.0]
      [Ext Root Scanning (ms): Min: 0.3, Avg: 0.3, Max: 0.3, Diff: 0.0, Sum: 0.6]
      [Update RS (ms): Min: 0.0, Avg: 0.1, Max: 0.1, Diff: 0.0, Sum: 0.1]
         [Processed Buffers: Min: 1, Avg: 2.0, Max: 3, Diff: 2, Sum: 4]
      [Scan RS (ms): Min: 0.2, Avg: 0.2, Max: 0.2, Diff: 0.0, Sum: 0.4]
      [Code Root Scanning (ms): Min: 0.1, Avg: 0.1, Max: 0.1, Diff: 0.0, Sum: 0.2]
      [Object Copy (ms): Min: 6.6, Avg: 6.6, Max: 6.6, Diff: 0.0, Sum: 13.2]
      [Termination (ms): Min: 0.0, Avg: 0.0, Max: 0.0, Diff: 0.0, Sum: 0.0]
      [GC Worker Other (ms): Min: 0.0, Avg: 0.0, Max: 0.0, Diff: 0.0, Sum: 0.1]
      [GC Worker Total (ms): Min: 7.3, Avg: 7.3, Max: 7.3, Diff: 0.0, Sum: 14.6]
      [GC Worker End (ms): Min: 78433.3, Avg: 78433.3, Max: 78433.3, Diff: 0.0]
   [Code Root Fixup: 0.0 ms]
   [Code Root Migration: 0.0 ms]
   [Clear CT: 0.1 ms]
   [Other: 0.8 ms]
      [Choose CSet: 0.0 ms]
      [Ref Proc: 0.5 ms]
      [Ref Enq: 0.0 ms]
      [Free CSet: 0.2 ms]
   [Eden: 143.0M(143.0M)->0.0B(141.0M) Survivors: 8192.0K->11.0M Heap: 213.6M(256.0M)->73.4M(256.0M)]
 [Times: user=0.00 sys=0.00, real=0.01 secs] 
2014-07-10T11:37:27.802+0200: 78.582: [GC pause (G1 Evacuation Pause) (young) 78.582: [G1Ergonomics (CSet Construction) start choosing CSet, _pending_cards: 512, predicted base time: 1.09 ms, remaining time: 198.91 ms, target pause time: 200.00 ms]
 78.582: [G1Ergonomics (CSet Construction) add young regions to CSet, eden: 141 regions, survivors: 11 regions, predicted young region time: 87.45 ms]
 78.582: [G1Ergonomics (CSet Construction) finish choosing CSet, eden: 141 regions, survivors: 11 regions, old: 0 regions, predicted pause time: 88.54 ms, target pause time: 200.00 ms]
, 0.0139948 secs]
   [Parallel Time: 12.8 ms, GC Workers: 2]
      [GC Worker Start (ms): Min: 78582.0, Avg: 78582.0, Max: 78582.0, Diff: 0.0]
      [Ext Root Scanning (ms): Min: 0.3, Avg: 0.3, Max: 0.3, Diff: 0.0, Sum: 0.6]
      [Update RS (ms): Min: 0.1, Avg: 0.1, Max: 0.1, Diff: 0.0, Sum: 0.1]
         [Processed Buffers: Min: 1, Avg: 1.5, Max: 2, Diff: 1, Sum: 3]
      [Scan RS (ms): Min: 0.2, Avg: 0.2, Max: 0.2, Diff: 0.0, Sum: 0.4]
      [Code Root Scanning (ms): Min: 0.1, Avg: 0.1, Max: 0.1, Diff: 0.0, Sum: 0.2]
      [Object Copy (ms): Min: 12.1, Avg: 12.1, Max: 12.1, Diff: 0.0, Sum: 24.2]
      [Termination (ms): Min: 0.0, Avg: 0.0, Max: 0.0, Diff: 0.0, Sum: 0.0]
      [GC Worker Other (ms): Min: 0.0, Avg: 0.0, Max: 0.0, Diff: 0.0, Sum: 0.1]
      [GC Worker Total (ms): Min: 12.8, Avg: 12.8, Max: 12.8, Diff: 0.0, Sum: 25.6]
      [GC Worker End (ms): Min: 78594.8, Avg: 78594.8, Max: 78594.8, Diff: 0.0]
   [Code Root Fixup: 0.0 ms]
   [Code Root Migration: 0.0 ms]
   [Clear CT: 0.1 ms]
   [Other: 1.0 ms]
      [Choose CSet: 0.0 ms]
      [Ref Proc: 0.7 ms]
      [Ref Enq: 0.0 ms]
      [Free CSet: 0.2 ms]
   [Eden: 141.0M(141.0M)->0.0B(128.0M) Survivors: 11.0M->19.0M Heap: 214.4M(256.0M)->82.3M(256.0M)]
 [Times: user=0.00 sys=0.00, real=0.01 secs] 
2014-07-10T11:37:27.899+0200: 78.678: [GC pause (G1 Evacuation Pause) (young) 78.678: [G1Ergonomics (CSet Construction) start choosing CSet, _pending_cards: 512, predicted base time: 1.23 ms, remaining time: 198.77 ms, target pause time: 200.00 ms]
 78.678: [G1Ergonomics (CSet Construction) add young regions to CSet, eden: 128 regions, survivors: 19 regions, predicted young region time: 19.78 ms]
 78.678: [G1Ergonomics (CSet Construction) finish choosing CSet, eden: 128 regions, survivors: 19 regions, old: 0 regions, predicted pause time: 21.01 ms, target pause time: 200.00 ms]
, 0.0061927 secs]
   [Parallel Time: 5.1 ms, GC Workers: 2]
      [GC Worker Start (ms): Min: 78678.3, Avg: 78678.3, Max: 78678.3, Diff: 0.0]
      [Ext Root Scanning (ms): Min: 0.3, Avg: 0.3, Max: 0.3, Diff: 0.0, Sum: 0.6]
      [Update RS (ms): Min: 0.0, Avg: 0.1, Max: 0.1, Diff: 0.0, Sum: 0.1]
         [Processed Buffers: Min: 1, Avg: 1.5, Max: 2, Diff: 1, Sum: 3]
      [Scan RS (ms): Min: 0.2, Avg: 0.2, Max: 0.2, Diff: 0.0, Sum: 0.4]
      [Code Root Scanning (ms): Min: 0.1, Avg: 0.1, Max: 0.1, Diff: 0.0, Sum: 0.2]
      [Object Copy (ms): Min: 4.4, Avg: 4.4, Max: 4.4, Diff: 0.0, Sum: 8.7]
      [Termination (ms): Min: 0.0, Avg: 0.0, Max: 0.0, Diff: 0.0, Sum: 0.0]
      [GC Worker Other (ms): Min: 0.0, Avg: 0.0, Max: 0.0, Diff: 0.0, Sum: 0.1]
      [GC Worker Total (ms): Min: 5.0, Avg: 5.0, Max: 5.0, Diff: 0.0, Sum: 10.1]
      [GC Worker End (ms): Min: 78683.3, Avg: 78683.3, Max: 78683.3, Diff: 0.0]
   [Code Root Fixup: 0.0 ms]
   [Code Root Migration: 0.1 ms]
   [Clear CT: 0.1 ms]
   [Other: 0.9 ms]
      [Choose CSet: 0.0 ms]
      [Ref Proc: 0.6 ms]
      [Ref Enq: 0.0 ms]
      [Free CSet: 0.2 ms]
   [Eden: 128.0M(128.0M)->0.0B(143.0M) Survivors: 19.0M->8192.0K Heap: 210.3M(256.0M)->70.3M(256.0M)]
 [Times: user=0.00 sys=0.00, real=0.01 secs] 
2014-07-10T11:37:28.043+0200: 78.823: [GC pause (G1 Evacuation Pause) (young) 78.823: [G1Ergonomics (CSet Construction) start choosing CSet, _pending_cards: 256, predicted base time: 1.26 ms, remaining time: 198.74 ms, target pause time: 200.00 ms]
 78.823: [G1Ergonomics (CSet Construction) add young regions to CSet, eden: 143 regions, survivors: 8 regions, predicted young region time: 88.20 ms]
 78.823: [G1Ergonomics (CSet Construction) finish choosing CSet, eden: 143 regions, survivors: 8 regions, old: 0 regions, predicted pause time: 89.46 ms, target pause time: 200.00 ms]
, 0.0134566 secs]
   [Parallel Time: 11.7 ms, GC Workers: 2]
      [GC Worker Start (ms): Min: 78823.1, Avg: 78823.1, Max: 78823.1, Diff: 0.0]
      [Ext Root Scanning (ms): Min: 0.3, Avg: 0.3, Max: 0.3, Diff: 0.0, Sum: 0.6]
      [Update RS (ms): Min: 0.0, Avg: 0.0, Max: 0.0, Diff: 0.0, Sum: 0.1]
         [Processed Buffers: Min: 1, Avg: 1.0, Max: 1, Diff: 0, Sum: 2]
      [Scan RS (ms): Min: 0.2, Avg: 0.2, Max: 0.2, Diff: 0.0, Sum: 0.4]
      [Code Root Scanning (ms): Min: 0.1, Avg: 0.1, Max: 0.1, Diff: 0.0, Sum: 0.2]
      [Object Copy (ms): Min: 10.9, Avg: 10.9, Max: 10.9, Diff: 0.0, Sum: 21.9]
      [Termination (ms): Min: 0.0, Avg: 0.0, Max: 0.0, Diff: 0.0, Sum: 0.0]
      [GC Worker Other (ms): Min: 0.0, Avg: 0.0, Max: 0.0, Diff: 0.0, Sum: 0.1]
      [GC Worker Total (ms): Min: 11.6, Avg: 11.6, Max: 11.6, Diff: 0.0, Sum: 23.2]
      [GC Worker End (ms): Min: 78834.7, Avg: 78834.7, Max: 78834.7, Diff: 0.0]
   [Code Root Fixup: 0.0 ms]
   [Code Root Migration: 0.0 ms]
   [Clear CT: 0.2 ms]
   [Other: 1.6 ms]
      [Choose CSet: 0.0 ms]
      [Ref Proc: 1.2 ms]
      [Ref Enq: 0.0 ms]
      [Free CSet: 0.2 ms]
   [Eden: 143.0M(143.0M)->0.0B(130.0M) Survivors: 8192.0K->18.0M Heap: 213.3M(256.0M)->81.2M(256.0M)]
 [Times: user=0.03 sys=0.00, real=0.01 secs] 
2014-07-10T11:37:28.202+0200: 78.981: [GC pause (G1 Evacuation Pause) (young) 78.981: [G1Ergonomics (CSet Construction) start choosing CSet, _pending_cards: 256, predicted base time: 1.61 ms, remaining time: 198.39 ms, target pause time: 200.00 ms]
 78.981: [G1Ergonomics (CSet Construction) add young regions to CSet, eden: 130 regions, survivors: 18 regions, predicted young region time: 19.31 ms]
 78.981: [G1Ergonomics (CSet Construction) finish choosing CSet, eden: 130 regions, survivors: 18 regions, old: 0 regions, predicted pause time: 20.92 ms, target pause time: 200.00 ms]
, 0.0199400 secs]
   [Parallel Time: 17.7 ms, GC Workers: 2]
      [GC Worker Start (ms): Min: 78981.5, Avg: 78981.5, Max: 78981.5, Diff: 0.0]
      [Ext Root Scanning (ms): Min: 0.6, Avg: 0.6, Max: 0.6, Diff: 0.0, Sum: 1.2]
      [Update RS (ms): Min: 0.0, Avg: 0.0, Max: 0.1, Diff: 0.1, Sum: 0.1]
         [Processed Buffers: Min: 1, Avg: 1.0, Max: 1, Diff: 0, Sum: 2]
      [Scan RS (ms): Min: 0.4, Avg: 0.4, Max: 0.4, Diff: 0.0, Sum: 0.8]
      [Code Root Scanning (ms): Min: 0.1, Avg: 0.1, Max: 0.2, Diff: 0.0, Sum: 0.3]
      [Object Copy (ms): Min: 16.3, Avg: 16.3, Max: 16.3, Diff: 0.0, Sum: 32.6]
      [Termination (ms): Min: 0.0, Avg: 0.0, Max: 0.1, Diff: 0.1, Sum: 0.1]
      [GC Worker Other (ms): Min: 0.0, Avg: 0.0, Max: 0.1, Diff: 0.0, Sum: 0.1]
      [GC Worker Total (ms): Min: 17.6, Avg: 17.6, Max: 17.6, Diff: 0.0, Sum: 35.2]
      [GC Worker End (ms): Min: 78999.1, Avg: 78999.2, Max: 78999.2, Diff: 0.0]
   [Code Root Fixup: 0.0 ms]
   [Code Root Migration: 0.1 ms]
   [Clear CT: 0.9 ms]
   [Other: 1.3 ms]
      [Choose CSet: 0.1 ms]
      [Ref Proc: 0.4 ms]
      [Ref Enq: 0.0 ms]
      [Free CSet: 0.5 ms]
   [Eden: 130.0M(130.0M)->0.0B(133.0M) Survivors: 18.0M->16.0M Heap: 211.2M(256.0M)->79.1M(256.0M)]
 [Times: user=0.05 sys=0.00, real=0.02 secs] 
2014-07-10T11:37:28.304+0200: 79.083: [GC pause (G1 Evacuation Pause) (young) 79.084: [G1Ergonomics (CSet Construction) start choosing CSet, _pending_cards: 256, predicted base time: 1.98 ms, remaining time: 198.02 ms, target pause time: 200.00 ms]
 79.084: [G1Ergonomics (CSet Construction) add young regions to CSet, eden: 133 regions, survivors: 16 regions, predicted young region time: 107.02 ms]
 79.084: [G1Ergonomics (CSet Construction) finish choosing CSet, eden: 133 regions, survivors: 16 regions, old: 0 regions, predicted pause time: 109.00 ms, target pause time: 200.00 ms]
, 0.0117141 secs]
   [Parallel Time: 11.0 ms, GC Workers: 2]
      [GC Worker Start (ms): Min: 79083.6, Avg: 79083.6, Max: 79083.6, Diff: 0.0]
      [Ext Root Scanning (ms): Min: 0.3, Avg: 0.3, Max: 0.3, Diff: 0.0, Sum: 0.6]
      [Update RS (ms): Min: 0.0, Avg: 0.0, Max: 0.0, Diff: 0.0, Sum: 0.1]
         [Processed Buffers: Min: 1, Avg: 1.0, Max: 1, Diff: 0, Sum: 2]
      [Scan RS (ms): Min: 0.2, Avg: 0.2, Max: 0.2, Diff: 0.0, Sum: 0.4]
      [Code Root Scanning (ms): Min: 0.1, Avg: 0.1, Max: 0.1, Diff: 0.0, Sum: 0.2]
      [Object Copy (ms): Min: 10.3, Avg: 10.3, Max: 10.3, Diff: 0.0, Sum: 20.6]
      [Termination (ms): Min: 0.0, Avg: 0.0, Max: 0.0, Diff: 0.0, Sum: 0.0]
      [GC Worker Other (ms): Min: 0.0, Avg: 0.0, Max: 0.0, Diff: 0.0, Sum: 0.1]
      [GC Worker Total (ms): Min: 10.9, Avg: 11.0, Max: 11.0, Diff: 0.0, Sum: 21.9]
      [GC Worker End (ms): Min: 79094.5, Avg: 79094.5, Max: 79094.5, Diff: 0.0]
   [Code Root Fixup: 0.0 ms]
   [Code Root Migration: 0.0 ms]
   [Clear CT: 0.1 ms]
   [Other: 0.6 ms]
      [Choose CSet: 0.0 ms]
      [Ref Proc: 0.2 ms]
      [Ref Enq: 0.0 ms]
      [Free CSet: 0.2 ms]
   [Eden: 133.0M(133.0M)->0.0B(132.0M) Survivors: 16.0M->17.0M Heap: 212.1M(256.0M)->80.0M(256.0M)]
 [Times: user=0.03 sys=0.00, real=0.01 secs] 
2014-07-10T11:37:28.446+0200: 79.226: [GC pause (G1 Evacuation Pause) (young) 79.226: [G1Ergonomics (CSet Construction) start choosing CSet, _pending_cards: 256, predicted base time: 1.74 ms, remaining time: 198.26 ms, target pause time: 200.00 ms]
 79.226: [G1Ergonomics (CSet Construction) add young regions to CSet, eden: 132 regions, survivors: 17 regions, predicted young region time: 100.30 ms]
 79.226: [G1Ergonomics (CSet Construction) finish choosing CSet, eden: 132 regions, survivors: 17 regions, old: 0 regions, predicted pause time: 102.04 ms, target pause time: 200.00 ms]
, 0.0123322 secs]
   [Parallel Time: 11.7 ms, GC Workers: 2]
      [GC Worker Start (ms): Min: 79225.7, Avg: 79225.7, Max: 79225.7, Diff: 0.0]
      [Ext Root Scanning (ms): Min: 0.3, Avg: 0.3, Max: 0.4, Diff: 0.0, Sum: 0.7]
      [Update RS (ms): Min: 0.0, Avg: 0.1, Max: 0.1, Diff: 0.1, Sum: 0.1]
         [Processed Buffers: Min: 1, Avg: 1.0, Max: 1, Diff: 0, Sum: 2]
      [Scan RS (ms): Min: 0.2, Avg: 0.2, Max: 0.3, Diff: 0.1, Sum: 0.5]
      [Code Root Scanning (ms): Min: 0.1, Avg: 0.1, Max: 0.1, Diff: 0.0, Sum: 0.2]
      [Object Copy (ms): Min: 10.9, Avg: 10.9, Max: 10.9, Diff: 0.0, Sum: 21.8]
      [Termination (ms): Min: 0.0, Avg: 0.0, Max: 0.0, Diff: 0.0, Sum: 0.0]
      [GC Worker Other (ms): Min: 0.0, Avg: 0.0, Max: 0.0, Diff: 0.0, Sum: 0.1]
      [GC Worker Total (ms): Min: 11.7, Avg: 11.7, Max: 11.7, Diff: 0.0, Sum: 23.4]
      [GC Worker End (ms): Min: 79237.4, Avg: 79237.4, Max: 79237.4, Diff: 0.0]
   [Code Root Fixup: 0.0 ms]
   [Code Root Migration: 0.1 ms]
   [Clear CT: 0.1 ms]
   [Other: 0.4 ms]
      [Choose CSet: 0.0 ms]
      [Ref Proc: 0.1 ms]
      [Ref Enq: 0.0 ms]
      [Free CSet: 0.2 ms]
   [Eden: 132.0M(132.0M)->0.0B(132.0M) Survivors: 17.0M->17.0M Heap: 212.0M(256.0M)->79.9M(256.0M)]
 [Times: user=0.03 sys=0.00, real=0.01 secs] 
2014-07-10T11:37:28.591+0200: 79.370: [GC pause (G1 Evacuation Pause) (young) 79.370: [G1Ergonomics (CSet Construction) start choosing CSet, _pending_cards: 258, predicted base time: 1.55 ms, remaining time: 198.45 ms, target pause time: 200.00 ms]
 79.370: [G1Ergonomics (CSet Construction) add young regions to CSet, eden: 132 regions, survivors: 17 regions, predicted young region time: 66.95 ms]
 79.370: [G1Ergonomics (CSet Construction) finish choosing CSet, eden: 132 regions, survivors: 17 regions, old: 0 regions, predicted pause time: 68.50 ms, target pause time: 200.00 ms]
, 0.0036322 secs]
   [Parallel Time: 3.1 ms, GC Workers: 2]
      [GC Worker Start (ms): Min: 79370.4, Avg: 79370.4, Max: 79370.4, Diff: 0.0]
      [Ext Root Scanning (ms): Min: 0.2, Avg: 0.2, Max: 0.2, Diff: 0.0, Sum: 0.4]
      [Update RS (ms): Min: 0.0, Avg: 0.0, Max: 0.0, Diff: 0.0, Sum: 0.1]
         [Processed Buffers: Min: 1, Avg: 1.5, Max: 2, Diff: 1, Sum: 3]
      [Scan RS (ms): Min: 0.2, Avg: 0.2, Max: 0.2, Diff: 0.0, Sum: 0.4]
      [Code Root Scanning (ms): Min: 0.1, Avg: 0.1, Max: 0.1, Diff: 0.0, Sum: 0.2]
      [Object Copy (ms): Min: 2.5, Avg: 2.5, Max: 2.5, Diff: 0.0, Sum: 5.0]
      [Termination (ms): Min: 0.0, Avg: 0.0, Max: 0.0, Diff: 0.0, Sum: 0.0]
      [GC Worker Other (ms): Min: 0.0, Avg: 0.0, Max: 0.0, Diff: 0.0, Sum: 0.1]
      [GC Worker Total (ms): Min: 3.1, Avg: 3.1, Max: 3.1, Diff: 0.0, Sum: 6.1]
      [GC Worker End (ms): Min: 79373.5, Avg: 79373.5, Max: 79373.5, Diff: 0.0]
   [Code Root Fixup: 0.0 ms]
   [Code Root Migration: 0.0 ms]
   [Clear CT: 0.1 ms]
   [Other: 0.4 ms]
      [Choose CSet: 0.0 ms]
      [Ref Proc: 0.1 ms]
      [Ref Enq: 0.0 ms]
      [Free CSet: 0.2 ms]
   [Eden: 132.0M(132.0M)->0.0B(146.0M) Survivors: 17.0M->5120.0K Heap: 211.9M(256.0M)->67.7M(256.0M)]
 [Times: user=0.00 sys=0.00, real=0.00 secs] 
2014-07-10T11:37:28.697+0200: 79.476: [GC pause (G1 Evacuation Pause) (young) 79.476: [G1Ergonomics (CSet Construction) start choosing CSet, _pending_cards: 512, predicted base time: 1.39 ms, remaining time: 198.61 ms, target pause time: 200.00 ms]
 79.477: [G1Ergonomics (CSet Construction) add young regions to CSet, eden: 146 regions, survivors: 5 regions, predicted young region time: 101.56 ms]
 79.477: [G1Ergonomics (CSet Construction) finish choosing CSet, eden: 146 regions, survivors: 5 regions, old: 0 regions, predicted pause time: 102.95 ms, target pause time: 200.00 ms]
, 0.0129074 secs]
   [Parallel Time: 12.1 ms, GC Workers: 2]
      [GC Worker Start (ms): Min: 79476.5, Avg: 79476.5, Max: 79476.6, Diff: 0.0]
      [Ext Root Scanning (ms): Min: 0.3, Avg: 0.3, Max: 0.3, Diff: 0.0, Sum: 0.7]
      [Update RS (ms): Min: 0.0, Avg: 0.0, Max: 0.0, Diff: 0.0, Sum: 0.1]
         [Processed Buffers: Min: 1, Avg: 1.5, Max: 2, Diff: 1, Sum: 3]
      [Scan RS (ms): Min: 0.3, Avg: 0.3, Max: 0.3, Diff: 0.0, Sum: 0.5]
      [Code Root Scanning (ms): Min: 0.1, Avg: 0.1, Max: 0.1, Diff: 0.0, Sum: 0.2]
      [Object Copy (ms): Min: 11.3, Avg: 11.3, Max: 11.3, Diff: 0.0, Sum: 22.6]
      [Termination (ms): Min: 0.0, Avg: 0.0, Max: 0.0, Diff: 0.0, Sum: 0.0]
      [GC Worker Other (ms): Min: 0.0, Avg: 0.0, Max: 0.0, Diff: 0.0, Sum: 0.1]
      [GC Worker Total (ms): Min: 12.1, Avg: 12.1, Max: 12.1, Diff: 0.0, Sum: 24.1]
      [GC Worker End (ms): Min: 79488.6, Avg: 79488.6, Max: 79488.6, Diff: 0.0]
   [Code Root Fixup: 0.0 ms]
   [Code Root Migration: 0.0 ms]
   [Clear CT: 0.3 ms]
   [Other: 0.5 ms]
      [Choose CSet: 0.0 ms]
      [Ref Proc: 0.1 ms]
      [Ref Enq: 0.0 ms]
      [Free CSet: 0.2 ms]
   [Eden: 146.0M(146.0M)->0.0B(128.0M) Survivors: 5120.0K->19.0M Heap: 213.7M(256.0M)->81.6M(256.0M)]
 [Times: user=0.03 sys=0.00, real=0.01 secs] 
2014-07-10T11:37:28.848+0200: 79.628: [GC pause (G1 Evacuation Pause) (young) 79.628: [G1Ergonomics (CSet Construction) start choosing CSet, _pending_cards: 512, predicted base time: 1.32 ms, remaining time: 198.68 ms, target pause time: 200.00 ms]
 79.628: [G1Ergonomics (CSet Construction) add young regions to CSet, eden: 128 regions, survivors: 19 regions, predicted young region time: 65.34 ms]
 79.628: [G1Ergonomics (CSet Construction) finish choosing CSet, eden: 128 regions, survivors: 19 regions, old: 0 regions, predicted pause time: 66.67 ms, target pause time: 200.00 ms]
, 0.0103183 secs]
   [Parallel Time: 9.3 ms, GC Workers: 2]
      [GC Worker Start (ms): Min: 79627.8, Avg: 79627.8, Max: 79627.8, Diff: 0.0]
      [Ext Root Scanning (ms): Min: 0.3, Avg: 0.3, Max: 0.3, Diff: 0.0, Sum: 0.6]
      [Update RS (ms): Min: 0.0, Avg: 0.0, Max: 0.1, Diff: 0.0, Sum: 0.1]
         [Processed Buffers: Min: 1, Avg: 1.5, Max: 2, Diff: 1, Sum: 3]
      [Scan RS (ms): Min: 0.2, Avg: 0.2, Max: 0.2, Diff: 0.0, Sum: 0.5]
      [Code Root Scanning (ms): Min: 0.1, Avg: 0.1, Max: 0.1, Diff: 0.0, Sum: 0.2]
      [Object Copy (ms): Min: 8.6, Avg: 8.6, Max: 8.6, Diff: 0.0, Sum: 17.1]
      [Termination (ms): Min: 0.0, Avg: 0.0, Max: 0.0, Diff: 0.0, Sum: 0.0]
      [GC Worker Other (ms): Min: 0.0, Avg: 0.0, Max: 0.0, Diff: 0.0, Sum: 0.1]
      [GC Worker Total (ms): Min: 9.3, Avg: 9.3, Max: 9.3, Diff: 0.0, Sum: 18.5]
      [GC Worker End (ms): Min: 79637.1, Avg: 79637.1, Max: 79637.1, Diff: 0.0]
   [Code Root Fixup: 0.0 ms]
   [Code Root Migration: 0.0 ms]
   [Clear CT: 0.1 ms]
   [Other: 0.8 ms]
      [Choose CSet: 0.0 ms]
      [Ref Proc: 0.5 ms]
      [Ref Enq: 0.0 ms]
      [Free CSet: 0.2 ms]
   [Eden: 128.0M(128.0M)->0.0B(135.0M) Survivors: 19.0M->15.0M Heap: 209.6M(256.0M)->77.5M(256.0M)]
 [Times: user=0.00 sys=0.00, real=0.01 secs] 
2014-07-10T11:37:28.993+0200: 79.773: [GC pause (G1 Evacuation Pause) (young) 79.773: [G1Ergonomics (CSet Construction) start choosing CSet, _pending_cards: 513, predicted base time: 1.34 ms, remaining time: 198.66 ms, target pause time: 200.00 ms]
 79.773: [G1Ergonomics (CSet Construction) add young regions to CSet, eden: 135 regions, survivors: 15 regions, predicted young region time: 89.04 ms]
 79.773: [G1Ergonomics (CSet Construction) finish choosing CSet, eden: 135 regions, survivors: 15 regions, old: 0 regions, predicted pause time: 90.38 ms, target pause time: 200.00 ms]
, 0.0076742 secs]
   [Parallel Time: 6.1 ms, GC Workers: 2]
      [GC Worker Start (ms): Min: 79772.8, Avg: 79772.8, Max: 79772.8, Diff: 0.0]
      [Ext Root Scanning (ms): Min: 0.5, Avg: 0.5, Max: 0.5, Diff: 0.0, Sum: 1.0]
      [Update RS (ms): Min: 0.1, Avg: 0.1, Max: 0.1, Diff: 0.0, Sum: 0.2]
         [Processed Buffers: Min: 2, Avg: 2.0, Max: 2, Diff: 0, Sum: 4]
      [Scan RS (ms): Min: 0.4, Avg: 0.4, Max: 0.4, Diff: 0.0, Sum: 0.8]
      [Code Root Scanning (ms): Min: 0.1, Avg: 0.1, Max: 0.2, Diff: 0.0, Sum: 0.3]
      [Object Copy (ms): Min: 4.8, Avg: 4.8, Max: 4.8, Diff: 0.0, Sum: 9.6]
      [Termination (ms): Min: 0.0, Avg: 0.0, Max: 0.0, Diff: 0.0, Sum: 0.0]
      [GC Worker Other (ms): Min: 0.1, Avg: 0.1, Max: 0.1, Diff: 0.0, Sum: 0.1]
      [GC Worker Total (ms): Min: 6.0, Avg: 6.0, Max: 6.0, Diff: 0.0, Sum: 12.0]
      [GC Worker End (ms): Min: 79778.8, Avg: 79778.8, Max: 79778.8, Diff: 0.0]
   [Code Root Fixup: 0.0 ms]
   [Code Root Migration: 0.1 ms]
   [Clear CT: 0.3 ms]
   [Other: 1.2 ms]
      [Choose CSet: 0.1 ms]
      [Ref Proc: 0.5 ms]
      [Ref Enq: 0.0 ms]
      [Free CSet: 0.5 ms]
   [Eden: 135.0M(135.0M)->0.0B(147.0M) Survivors: 15.0M->5120.0K Heap: 212.5M(256.0M)->68.2M(256.0M)]
 [Times: user=0.00 sys=0.00, real=0.01 secs] 
2014-07-10T11:37:29.098+0200: 79.878: [GC pause (G1 Evacuation Pause) (young) 79.878: [G1Ergonomics (CSet Construction) start choosing CSet, _pending_cards: 512, predicted base time: 1.56 ms, remaining time: 198.44 ms, target pause time: 200.00 ms]
 79.878: [G1Ergonomics (CSet Construction) add young regions to CSet, eden: 147 regions, survivors: 5 regions, predicted young region time: 26.89 ms]
 79.878: [G1Ergonomics (CSet Construction) finish choosing CSet, eden: 147 regions, survivors: 5 regions, old: 0 regions, predicted pause time: 28.45 ms, target pause time: 200.00 ms]
, 0.0138559 secs]
   [Parallel Time: 13.1 ms, GC Workers: 2]
      [GC Worker Start (ms): Min: 79878.2, Avg: 79878.2, Max: 79878.2, Diff: 0.0]
      [Ext Root Scanning (ms): Min: 0.3, Avg: 0.3, Max: 0.3, Diff: 0.0, Sum: 0.7]
      [Update RS (ms): Min: 0.0, Avg: 0.0, Max: 0.1, Diff: 0.0, Sum: 0.1]
         [Processed Buffers: Min: 1, Avg: 1.5, Max: 2, Diff: 1, Sum: 3]
      [Scan RS (ms): Min: 0.2, Avg: 0.2, Max: 0.2, Diff: 0.0, Sum: 0.5]
      [Code Root Scanning (ms): Min: 0.1, Avg: 0.1, Max: 0.1, Diff: 0.0, Sum: 0.2]
      [Object Copy (ms): Min: 12.4, Avg: 12.4, Max: 12.4, Diff: 0.0, Sum: 24.7]
      [Termination (ms): Min: 0.0, Avg: 0.0, Max: 0.0, Diff: 0.0, Sum: 0.0]
      [GC Worker Other (ms): Min: 0.0, Avg: 0.0, Max: 0.0, Diff: 0.0, Sum: 0.1]
      [GC Worker Total (ms): Min: 13.1, Avg: 13.1, Max: 13.1, Diff: 0.0, Sum: 26.2]
      [GC Worker End (ms): Min: 79891.4, Avg: 79891.4, Max: 79891.4, Diff: 0.0]
   [Code Root Fixup: 0.0 ms]
   [Code Root Migration: 0.1 ms]
   [Clear CT: 0.1 ms]
   [Other: 0.5 ms]
      [Choose CSet: 0.0 ms]
      [Ref Proc: 0.1 ms]
      [Ref Enq: 0.0 ms]
      [Free CSet: 0.2 ms]
   [Eden: 147.0M(147.0M)->0.0B(127.0M) Survivors: 5120.0K->19.0M Heap: 215.2M(256.0M)->83.1M(256.0M)]
 [Times: user=0.03 sys=0.00, real=0.01 secs] 
2014-07-10T11:37:29.239+0200: 80.019: [GC pause (G1 Evacuation Pause) (young) 80.019: [G1Ergonomics (CSet Construction) start choosing CSet, _pending_cards: 512, predicted base time: 1.42 ms, remaining time: 198.58 ms, target pause time: 200.00 ms]
 80.019: [G1Ergonomics (CSet Construction) add young regions to CSet, eden: 127 regions, survivors: 19 regions, predicted young region time: 97.14 ms]
 80.019: [G1Ergonomics (CSet Construction) finish choosing CSet, eden: 127 regions, survivors: 19 regions, old: 0 regions, predicted pause time: 98.56 ms, target pause time: 200.00 ms]
, 0.0107927 secs]
   [Parallel Time: 10.1 ms, GC Workers: 2]
      [GC Worker Start (ms): Min: 80019.1, Avg: 80019.1, Max: 80019.1, Diff: 0.0]
      [Ext Root Scanning (ms): Min: 0.3, Avg: 0.3, Max: 0.3, Diff: 0.0, Sum: 0.7]
      [Update RS (ms): Min: 0.0, Avg: 0.0, Max: 0.0, Diff: 0.0, Sum: 0.1]
         [Processed Buffers: Min: 1, Avg: 1.5, Max: 2, Diff: 1, Sum: 3]
      [Scan RS (ms): Min: 0.2, Avg: 0.2, Max: 0.2, Diff: 0.0, Sum: 0.4]
      [Code Root Scanning (ms): Min: 0.1, Avg: 0.1, Max: 0.1, Diff: 0.0, Sum: 0.2]
      [Object Copy (ms): Min: 8.6, Avg: 9.0, Max: 9.4, Diff: 0.9, Sum: 18.0]
      [Termination (ms): Min: 0.0, Avg: 0.4, Max: 0.9, Diff: 0.9, Sum: 0.9]
      [GC Worker Other (ms): Min: 0.0, Avg: 0.0, Max: 0.0, Diff: 0.0, Sum: 0.1]
      [GC Worker Total (ms): Min: 10.1, Avg: 10.1, Max: 10.1, Diff: 0.0, Sum: 20.2]
      [GC Worker End (ms): Min: 80029.2, Avg: 80029.2, Max: 80029.2, Diff: 0.0]
   [Code Root Fixup: 0.0 ms]
   [Code Root Migration: 0.1 ms]
   [Clear CT: 0.1 ms]
   [Other: 0.5 ms]
      [Choose CSet: 0.0 ms]
      [Ref Proc: 0.1 ms]
      [Ref Enq: 0.0 ms]
      [Free CSet: 0.3 ms]
   [Eden: 127.0M(127.0M)->0.0B(133.0M) Survivors: 19.0M->15.0M Heap: 210.1M(256.0M)->78.7M(256.0M)]
 [Times: user=0.00 sys=0.00, real=0.01 secs] 
2014-07-10T11:37:29.409+0200: 80.189: [GC pause (G1 Evacuation Pause) (young) 80.189: [G1Ergonomics (CSet Construction) start choosing CSet, _pending_cards: 512, predicted base time: 1.28 ms, remaining time: 198.72 ms, target pause time: 200.00 ms]
 80.189: [G1Ergonomics (CSet Construction) add young regions to CSet, eden: 133 regions, survivors: 15 regions, predicted young region time: 23.24 ms]
 80.189: [G1Ergonomics (CSet Construction) finish choosing CSet, eden: 133 regions, survivors: 15 regions, old: 0 regions, predicted pause time: 24.52 ms, target pause time: 200.00 ms]
, 0.0109053 secs]
   [Parallel Time: 10.2 ms, GC Workers: 2]
      [GC Worker Start (ms): Min: 80189.2, Avg: 80189.2, Max: 80189.2, Diff: 0.0]
      [Ext Root Scanning (ms): Min: 0.4, Avg: 0.4, Max: 0.4, Diff: 0.0, Sum: 0.7]
      [Update RS (ms): Min: 0.0, Avg: 0.0, Max: 0.0, Diff: 0.0, Sum: 0.1]
         [Processed Buffers: Min: 1, Avg: 1.5, Max: 2, Diff: 1, Sum: 3]
      [Scan RS (ms): Min: 0.2, Avg: 0.2, Max: 0.2, Diff: 0.0, Sum: 0.5]
      [Code Root Scanning (ms): Min: 0.1, Avg: 0.1, Max: 0.1, Diff: 0.0, Sum: 0.2]
      [Object Copy (ms): Min: 9.4, Avg: 9.4, Max: 9.4, Diff: 0.0, Sum: 18.9]
      [Termination (ms): Min: 0.0, Avg: 0.0, Max: 0.0, Diff: 0.0, Sum: 0.0]
      [GC Worker Other (ms): Min: 0.0, Avg: 0.0, Max: 0.0, Diff: 0.0, Sum: 0.1]
      [GC Worker Total (ms): Min: 10.2, Avg: 10.2, Max: 10.2, Diff: 0.0, Sum: 20.4]
      [GC Worker End (ms): Min: 80199.4, Avg: 80199.4, Max: 80199.4, Diff: 0.0]
   [Code Root Fixup: 0.0 ms]
   [Code Root Migration: 0.1 ms]
   [Clear CT: 0.1 ms]
   [Other: 0.5 ms]
      [Choose CSet: 0.0 ms]
      [Ref Proc: 0.1 ms]
      [Ref Enq: 0.0 ms]
      [Free CSet: 0.3 ms]
   [Eden: 133.0M(133.0M)->0.0B(132.0M) Survivors: 15.0M->16.0M Heap: 211.7M(256.0M)->79.6M(256.0M)]
 [Times: user=0.00 sys=0.00, real=0.01 secs] 
2014-07-10T11:37:29.491+0200: 80.270: [GC pause (G1 Evacuation Pause) (young) 80.270: [G1Ergonomics (CSet Construction) start choosing CSet, _pending_cards: 259, predicted base time: 1.17 ms, remaining time: 198.83 ms, target pause time: 200.00 ms]
 80.270: [G1Ergonomics (CSet Construction) add young regions to CSet, eden: 132 regions, survivors: 16 regions, predicted young region time: 92.28 ms]
 80.270: [G1Ergonomics (CSet Construction) finish choosing CSet, eden: 132 regions, survivors: 16 regions, old: 0 regions, predicted pause time: 93.45 ms, target pause time: 200.00 ms]
, 0.0023882 secs]
   [Parallel Time: 1.7 ms, GC Workers: 2]
      [GC Worker Start (ms): Min: 80270.4, Avg: 80270.4, Max: 80270.4, Diff: 0.0]
      [Ext Root Scanning (ms): Min: 0.3, Avg: 0.3, Max: 0.3, Diff: 0.0, Sum: 0.6]
      [Update RS (ms): Min: 0.0, Avg: 0.0, Max: 0.1, Diff: 0.0, Sum: 0.1]
         [Processed Buffers: Min: 1, Avg: 1.5, Max: 2, Diff: 1, Sum: 3]
      [Scan RS (ms): Min: 0.2, Avg: 0.2, Max: 0.2, Diff: 0.0, Sum: 0.4]
      [Code Root Scanning (ms): Min: 0.1, Avg: 0.2, Max: 0.3, Diff: 0.2, Sum: 0.4]
      [Object Copy (ms): Min: 0.8, Avg: 0.9, Max: 1.0, Diff: 0.2, Sum: 1.8]
      [Termination (ms): Min: 0.0, Avg: 0.0, Max: 0.0, Diff: 0.0, Sum: 0.0]
      [GC Worker Other (ms): Min: 0.0, Avg: 0.0, Max: 0.0, Diff: 0.0, Sum: 0.0]
      [GC Worker Total (ms): Min: 1.7, Avg: 1.7, Max: 1.7, Diff: 0.0, Sum: 3.3]
      [GC Worker End (ms): Min: 80272.1, Avg: 80272.1, Max: 80272.1, Diff: 0.0]
   [Code Root Fixup: 0.0 ms]
   [Code Root Migration: 0.0 ms]
   [Clear CT: 0.2 ms]
   [Other: 0.4 ms]
      [Choose CSet: 0.0 ms]
      [Ref Proc: 0.1 ms]
      [Ref Enq: 0.0 ms]
      [Free CSet: 0.2 ms]
   [Eden: 132.0M(132.0M)->0.0B(148.0M) Survivors: 16.0M->3072.0K Heap: 211.6M(256.0M)->66.3M(256.0M)]
 [Times: user=0.00 sys=0.00, real=0.00 secs] 
2014-07-10T11:37:29.633+0200: 80.413: [GC pause (G1 Evacuation Pause) (young) 80.413: [G1Ergonomics (CSet Construction) start choosing CSet, _pending_cards: 512, predicted base time: 1.18 ms, remaining time: 198.82 ms, target pause time: 200.00 ms]
 80.413: [G1Ergonomics (CSet Construction) add young regions to CSet, eden: 148 regions, survivors: 3 regions, predicted young region time: 94.01 ms]
 80.413: [G1Ergonomics (CSet Construction) finish choosing CSet, eden: 148 regions, survivors: 3 regions, old: 0 regions, predicted pause time: 95.19 ms, target pause time: 200.00 ms]
, 0.0130156 secs]
   [Parallel Time: 12.0 ms, GC Workers: 2]
      [GC Worker Start (ms): Min: 80413.0, Avg: 80413.6, Max: 80414.1, Diff: 1.1]
      [Ext Root Scanning (ms): Min: 0.0, Avg: 0.2, Max: 0.4, Diff: 0.4, Sum: 0.5]
      [Update RS (ms): Min: 0.0, Avg: 0.0, Max: 0.1, Diff: 0.1, Sum: 0.1]
         [Processed Buffers: Min: 0, Avg: 1.5, Max: 3, Diff: 3, Sum: 3]
      [Scan RS (ms): Min: 0.1, Avg: 0.3, Max: 0.5, Diff: 0.4, Sum: 0.5]
      [Code Root Scanning (ms): Min: 0.0, Avg: 0.1, Max: 0.2, Diff: 0.2, Sum: 0.2]
      [Object Copy (ms): Min: 10.8, Avg: 10.8, Max: 10.8, Diff: 0.0, Sum: 21.6]
      [Termination (ms): Min: 0.0, Avg: 0.0, Max: 0.0, Diff: 0.0, Sum: 0.0]
      [GC Worker Other (ms): Min: 0.0, Avg: 0.0, Max: 0.0, Diff: 0.0, Sum: 0.1]
      [GC Worker Total (ms): Min: 10.9, Avg: 11.4, Max: 12.0, Diff: 1.1, Sum: 22.9]
      [GC Worker End (ms): Min: 80425.0, Avg: 80425.0, Max: 80425.0, Diff: 0.0]
   [Code Root Fixup: 0.0 ms]
   [Code Root Migration: 0.0 ms]
   [Clear CT: 0.1 ms]
   [Other: 0.8 ms]
      [Choose CSet: 0.0 ms]
      [Ref Proc: 0.4 ms]
      [Ref Enq: 0.0 ms]
      [Free CSet: 0.2 ms]
   [Eden: 148.0M(148.0M)->0.0B(129.0M) Survivors: 3072.0K->18.0M Heap: 214.3M(256.0M)->82.2M(256.0M)]
 [Times: user=0.03 sys=0.00, real=0.01 secs] 
2014-07-10T11:37:29.801+0200: 80.581: [GC pause (G1 Evacuation Pause) (young) 80.581: [G1Ergonomics (CSet Construction) start choosing CSet, _pending_cards: 256, predicted base time: 1.37 ms, remaining time: 198.63 ms, target pause time: 200.00 ms]
 80.581: [G1Ergonomics (CSet Construction) add young regions to CSet, eden: 129 regions, survivors: 18 regions, predicted young region time: 60.46 ms]
 80.581: [G1Ergonomics (CSet Construction) finish choosing CSet, eden: 129 regions, survivors: 18 regions, old: 0 regions, predicted pause time: 61.83 ms, target pause time: 200.00 ms]
, 0.0188141 secs]
   [Parallel Time: 17.1 ms, GC Workers: 2]
      [GC Worker Start (ms): Min: 80581.0, Avg: 80581.0, Max: 80581.0, Diff: 0.0]
      [Ext Root Scanning (ms): Min: 0.7, Avg: 0.8, Max: 0.9, Diff: 0.2, Sum: 1.6]
      [Update RS (ms): Min: 0.0, Avg: 0.1, Max: 0.2, Diff: 0.2, Sum: 0.2]
         [Processed Buffers: Min: 0, Avg: 1.0, Max: 2, Diff: 2, Sum: 2]
      [Scan RS (ms): Min: 0.6, Avg: 0.7, Max: 0.8, Diff: 0.2, Sum: 1.4]
      [Code Root Scanning (ms): Min: 0.1, Avg: 0.2, Max: 0.2, Diff: 0.1, Sum: 0.3]
      [Object Copy (ms): Min: 15.2, Avg: 15.2, Max: 15.2, Diff: 0.0, Sum: 30.4]
      [Termination (ms): Min: 0.0, Avg: 0.0, Max: 0.0, Diff: 0.0, Sum: 0.0]
      [GC Worker Other (ms): Min: 0.0, Avg: 0.0, Max: 0.1, Diff: 0.0, Sum: 0.1]
      [GC Worker Total (ms): Min: 17.0, Avg: 17.0, Max: 17.0, Diff: 0.0, Sum: 34.0]
      [GC Worker End (ms): Min: 80598.0, Avg: 80598.0, Max: 80598.0, Diff: 0.0]
   [Code Root Fixup: 0.0 ms]
   [Code Root Migration: 0.1 ms]
   [Clear CT: 0.6 ms]
   [Other: 1.1 ms]
      [Choose CSet: 0.1 ms]
      [Ref Proc: 0.3 ms]
      [Ref Enq: 0.0 ms]
      [Free CSet: 0.5 ms]
   [Eden: 129.0M(129.0M)->0.0B(134.0M) Survivors: 18.0M->15.0M Heap: 211.2M(256.0M)->79.1M(256.0M)]
 [Times: user=0.03 sys=0.00, real=0.02 secs] 
2014-07-10T11:37:29.897+0200: 80.677: [GC pause (G1 Evacuation Pause) (young) 80.677: [G1Ergonomics (CSet Construction) start choosing CSet, _pending_cards: 256, predicted base time: 1.76 ms, remaining time: 198.24 ms, target pause time: 200.00 ms]
 80.677: [G1Ergonomics (CSet Construction) add young regions to CSet, eden: 134 regions, survivors: 15 regions, predicted young region time: 106.72 ms]
 80.677: [G1Ergonomics (CSet Construction) finish choosing CSet, eden: 134 regions, survivors: 15 regions, old: 0 regions, predicted pause time: 108.48 ms, target pause time: 200.00 ms]
, 0.0122809 secs]
   [Parallel Time: 11.4 ms, GC Workers: 2]
      [GC Worker Start (ms): Min: 80677.2, Avg: 80677.2, Max: 80677.2, Diff: 0.0]
      [Ext Root Scanning (ms): Min: 0.3, Avg: 0.3, Max: 0.3, Diff: 0.0, Sum: 0.7]
      [Update RS (ms): Min: 0.0, Avg: 0.0, Max: 0.1, Diff: 0.1, Sum: 0.1]
         [Processed Buffers: Min: 1, Avg: 1.0, Max: 1, Diff: 0, Sum: 2]
      [Scan RS (ms): Min: 0.2, Avg: 0.2, Max: 0.3, Diff: 0.0, Sum: 0.5]
      [Code Root Scanning (ms): Min: 0.1, Avg: 0.1, Max: 0.1, Diff: 0.0, Sum: 0.2]
      [Object Copy (ms): Min: 10.6, Avg: 10.6, Max: 10.6, Diff: 0.0, Sum: 21.2]
      [Termination (ms): Min: 0.0, Avg: 0.0, Max: 0.0, Diff: 0.0, Sum: 0.0]
      [GC Worker Other (ms): Min: 0.0, Avg: 0.0, Max: 0.0, Diff: 0.0, Sum: 0.1]
      [GC Worker Total (ms): Min: 11.3, Avg: 11.3, Max: 11.4, Diff: 0.0, Sum: 22.7]
      [GC Worker End (ms): Min: 80688.6, Avg: 80688.6, Max: 80688.6, Diff: 0.0]
   [Code Root Fixup: 0.0 ms]
   [Code Root Migration: 0.0 ms]
   [Clear CT: 0.1 ms]
   [Other: 0.7 ms]
      [Choose CSet: 0.0 ms]
      [Ref Proc: 0.4 ms]
      [Ref Enq: 0.0 ms]
      [Free CSet: 0.2 ms]
   [Eden: 134.0M(134.0M)->0.0B(131.0M) Survivors: 15.0M->17.0M Heap: 213.1M(256.0M)->81.0M(256.0M)]
 [Times: user=0.03 sys=0.00, real=0.01 secs] 
2014-07-10T11:37:30.024+0200: 80.804: [GC pause (G1 Evacuation Pause) (young) 80.804: [G1Ergonomics (CSet Construction) start choosing CSet, _pending_cards: 257, predicted base time: 1.62 ms, remaining time: 198.38 ms, target pause time: 200.00 ms]
 80.804: [G1Ergonomics (CSet Construction) add young regions to CSet, eden: 131 regions, survivors: 17 regions, predicted young region time: 68.07 ms]
 80.804: [G1Ergonomics (CSet Construction) finish choosing CSet, eden: 131 regions, survivors: 17 regions, old: 0 regions, predicted pause time: 69.69 ms, target pause time: 200.00 ms]
, 0.0064508 secs]
   [Parallel Time: 5.8 ms, GC Workers: 2]
      [GC Worker Start (ms): Min: 80804.1, Avg: 80804.1, Max: 80804.1, Diff: 0.0]
      [Ext Root Scanning (ms): Min: 0.3, Avg: 0.3, Max: 0.3, Diff: 0.0, Sum: 0.7]
      [Update RS (ms): Min: 0.0, Avg: 0.1, Max: 0.1, Diff: 0.0, Sum: 0.1]
         [Processed Buffers: Min: 1, Avg: 1.5, Max: 2, Diff: 1, Sum: 3]
      [Scan RS (ms): Min: 0.2, Avg: 0.2, Max: 0.2, Diff: 0.0, Sum: 0.5]
      [Code Root Scanning (ms): Min: 0.1, Avg: 0.1, Max: 0.1, Diff: 0.0, Sum: 0.2]
      [Object Copy (ms): Min: 5.0, Avg: 5.0, Max: 5.0, Diff: 0.0, Sum: 10.1]
      [Termination (ms): Min: 0.0, Avg: 0.0, Max: 0.0, Diff: 0.0, Sum: 0.0]
      [GC Worker Other (ms): Min: 0.0, Avg: 0.0, Max: 0.0, Diff: 0.0, Sum: 0.1]
      [GC Worker Total (ms): Min: 5.8, Avg: 5.8, Max: 5.8, Diff: 0.0, Sum: 11.6]
      [GC Worker End (ms): Min: 80810.0, Avg: 80810.0, Max: 80810.0, Diff: 0.0]
   [Code Root Fixup: 0.0 ms]
   [Code Root Migration: 0.1 ms]
   [Clear CT: 0.1 ms]
   [Other: 0.4 ms]
      [Choose CSet: 0.0 ms]
      [Ref Proc: 0.1 ms]
      [Ref Enq: 0.0 ms]
      [Free CSet: 0.3 ms]
   [Eden: 131.0M(131.0M)->0.0B(142.0M) Survivors: 17.0M->8192.0K Heap: 212.0M(256.0M)->71.8M(256.0M)]
 [Times: user=0.00 sys=0.02, real=0.01 secs] 
2014-07-10T11:37:30.204+0200: 80.984: [GC pause (G1 Evacuation Pause) (young) 80.984: [G1Ergonomics (CSet Construction) start choosing CSet, _pending_cards: 512, predicted base time: 1.50 ms, remaining time: 198.50 ms, target pause time: 200.00 ms]
 80.984: [G1Ergonomics (CSet Construction) add young regions to CSet, eden: 142 regions, survivors: 8 regions, predicted young region time: 104.45 ms]
 80.984: [G1Ergonomics (CSet Construction) finish choosing CSet, eden: 142 regions, survivors: 8 regions, old: 0 regions, predicted pause time: 105.95 ms, target pause time: 200.00 ms]
, 0.0179031 secs]
   [Parallel Time: 17.1 ms, GC Workers: 2]
      [GC Worker Start (ms): Min: 80984.1, Avg: 80984.1, Max: 80984.1, Diff: 0.0]
      [Ext Root Scanning (ms): Min: 0.5, Avg: 0.6, Max: 0.6, Diff: 0.0, Sum: 1.1]
      [Update RS (ms): Min: 0.0, Avg: 0.0, Max: 0.1, Diff: 0.0, Sum: 0.1]
         [Processed Buffers: Min: 1, Avg: 1.5, Max: 2, Diff: 1, Sum: 3]
      [Scan RS (ms): Min: 0.4, Avg: 0.4, Max: 0.4, Diff: 0.0, Sum: 0.8]
      [Code Root Scanning (ms): Min: 0.1, Avg: 0.2, Max: 0.2, Diff: 0.0, Sum: 0.3]
      [Object Copy (ms): Min: 15.8, Avg: 15.8, Max: 15.8, Diff: 0.0, Sum: 31.6]
      [Termination (ms): Min: 0.0, Avg: 0.0, Max: 0.0, Diff: 0.0, Sum: 0.0]
      [GC Worker Other (ms): Min: 0.0, Avg: 0.0, Max: 0.0, Diff: 0.0, Sum: 0.1]
      [GC Worker Total (ms): Min: 17.0, Avg: 17.0, Max: 17.1, Diff: 0.0, Sum: 34.1]
      [GC Worker End (ms): Min: 81001.1, Avg: 81001.1, Max: 81001.1, Diff: 0.0]
   [Code Root Fixup: 0.0 ms]
   [Code Root Migration: 0.1 ms]
   [Clear CT: 0.1 ms]
   [Other: 0.6 ms]
      [Choose CSet: 0.1 ms]
      [Ref Proc: 0.1 ms]
      [Ref Enq: 0.0 ms]
      [Free CSet: 0.2 ms]
   [Eden: 142.0M(142.0M)->0.0B(129.0M) Survivors: 8192.0K->18.0M Heap: 213.8M(256.0M)->81.7M(256.0M)]
 [Times: user=0.03 sys=0.00, real=0.02 secs] 
2014-07-10T11:37:30.296+0200: 81.076: [GC pause (G1 Evacuation Pause) (young) 81.076: [G1Ergonomics (CSet Construction) start choosing CSet, _pending_cards: 512, predicted base time: 1.47 ms, remaining time: 198.53 ms, target pause time: 200.00 ms]
 81.076: [G1Ergonomics (CSet Construction) add young regions to CSet, eden: 129 regions, survivors: 18 regions, predicted young region time: 24.64 ms]
 81.076: [G1Ergonomics (CSet Construction) finish choosing CSet, eden: 129 regions, survivors: 18 regions, old: 0 regions, predicted pause time: 26.12 ms, target pause time: 200.00 ms]
, 0.0106754 secs]
   [Parallel Time: 9.8 ms, GC Workers: 2]
      [GC Worker Start (ms): Min: 81075.9, Avg: 81075.9, Max: 81075.9, Diff: 0.0]
      [Ext Root Scanning (ms): Min: 0.3, Avg: 0.3, Max: 0.3, Diff: 0.0, Sum: 0.7]
      [Update RS (ms): Min: 0.0, Avg: 0.0, Max: 0.0, Diff: 0.0, Sum: 0.1]
         [Processed Buffers: Min: 1, Avg: 1.5, Max: 2, Diff: 1, Sum: 3]
      [Scan RS (ms): Min: 0.2, Avg: 0.2, Max: 0.2, Diff: 0.0, Sum: 0.4]
      [Code Root Scanning (ms): Min: 0.1, Avg: 0.1, Max: 0.1, Diff: 0.0, Sum: 0.2]
      [Object Copy (ms): Min: 9.1, Avg: 9.1, Max: 9.1, Diff: 0.0, Sum: 18.2]
      [Termination (ms): Min: 0.0, Avg: 0.0, Max: 0.0, Diff: 0.0, Sum: 0.0]
      [GC Worker Other (ms): Min: 0.0, Avg: 0.0, Max: 0.0, Diff: 0.0, Sum: 0.1]
      [GC Worker Total (ms): Min: 9.8, Avg: 9.8, Max: 9.8, Diff: 0.0, Sum: 19.6]
      [GC Worker End (ms): Min: 81085.7, Avg: 81085.7, Max: 81085.7, Diff: 0.0]
   [Code Root Fixup: 0.0 ms]
   [Code Root Migration: 0.1 ms]
   [Clear CT: 0.1 ms]
   [Other: 0.7 ms]
      [Choose CSet: 0.0 ms]
      [Ref Proc: 0.3 ms]
      [Ref Enq: 0.0 ms]
      [Free CSet: 0.2 ms]
   [Eden: 129.0M(129.0M)->0.0B(134.0M) Survivors: 18.0M->15.0M Heap: 210.7M(256.0M)->78.6M(256.0M)]
 [Times: user=0.02 sys=0.02, real=0.01 secs] 
2014-07-10T11:37:30.428+0200: 81.207: [GC pause (G1 Evacuation Pause) (young) 81.207: [G1Ergonomics (CSet Construction) start choosing CSet, _pending_cards: 514, predicted base time: 1.38 ms, remaining time: 198.62 ms, target pause time: 200.00 ms]
 81.207: [G1Ergonomics (CSet Construction) add young regions to CSet, eden: 134 regions, survivors: 15 regions, predicted young region time: 102.08 ms]
 81.207: [G1Ergonomics (CSet Construction) finish choosing CSet, eden: 134 regions, survivors: 15 regions, old: 0 regions, predicted pause time: 103.46 ms, target pause time: 200.00 ms]
, 0.0013620 secs]
   [Parallel Time: 0.9 ms, GC Workers: 2]
      [GC Worker Start (ms): Min: 81207.4, Avg: 81207.4, Max: 81207.4, Diff: 0.0]
      [Ext Root Scanning (ms): Min: 0.3, Avg: 0.3, Max: 0.3, Diff: 0.0, Sum: 0.7]
      [Update RS (ms): Min: 0.0, Avg: 0.1, Max: 0.1, Diff: 0.0, Sum: 0.1]
         [Processed Buffers: Min: 2, Avg: 2.0, Max: 2, Diff: 0, Sum: 4]
      [Scan RS (ms): Min: 0.2, Avg: 0.2, Max: 0.2, Diff: 0.0, Sum: 0.5]
      [Code Root Scanning (ms): Min: 0.1, Avg: 0.1, Max: 0.1, Diff: 0.0, Sum: 0.2]
      [Object Copy (ms): Min: 0.1, Avg: 0.1, Max: 0.1, Diff: 0.0, Sum: 0.1]
      [Termination (ms): Min: 0.0, Avg: 0.0, Max: 0.0, Diff: 0.0, Sum: 0.0]
      [GC Worker Other (ms): Min: 0.0, Avg: 0.0, Max: 0.0, Diff: 0.0, Sum: 0.0]
      [GC Worker Total (ms): Min: 0.8, Avg: 0.8, Max: 0.8, Diff: 0.0, Sum: 1.6]
      [GC Worker End (ms): Min: 81208.2, Avg: 81208.2, Max: 81208.2, Diff: 0.0]
   [Code Root Fixup: 0.0 ms]
   [Code Root Migration: 0.0 ms]
   [Clear CT: 0.2 ms]
   [Other: 0.3 ms]
      [Choose CSet: 0.0 ms]
      [Ref Proc: 0.0 ms]
      [Ref Enq: 0.0 ms]
      [Free CSet: 0.2 ms]
   [Eden: 134.0M(134.0M)->0.0B(151.0M) Survivors: 15.0M->1024.0K Heap: 212.6M(256.0M)->64.4M(256.0M)]
 [Times: user=0.00 sys=0.00, real=0.00 secs] 
2014-07-10T11:37:30.597+0200: 81.377: [GC pause (G1 Evacuation Pause) (young) 81.377: [G1Ergonomics (CSet Construction) start choosing CSet, _pending_cards: 512, predicted base time: 1.26 ms, remaining time: 198.74 ms, target pause time: 200.00 ms]
 81.377: [G1Ergonomics (CSet Construction) add young regions to CSet, eden: 151 regions, survivors: 1 regions, predicted young region time: 29.21 ms]
 81.377: [G1Ergonomics (CSet Construction) finish choosing CSet, eden: 151 regions, survivors: 1 regions, old: 0 regions, predicted pause time: 30.48 ms, target pause time: 200.00 ms]
, 0.0129661 secs]
   [Parallel Time: 12.4 ms, GC Workers: 2]
      [GC Worker Start (ms): Min: 81377.3, Avg: 81377.3, Max: 81377.3, Diff: 0.0]
      [Ext Root Scanning (ms): Min: 0.3, Avg: 0.3, Max: 0.3, Diff: 0.0, Sum: 0.7]
      [Update RS (ms): Min: 0.0, Avg: 0.0, Max: 0.1, Diff: 0.0, Sum: 0.1]
         [Processed Buffers: Min: 1, Avg: 1.5, Max: 2, Diff: 1, Sum: 3]
      [Scan RS (ms): Min: 0.2, Avg: 0.2, Max: 0.2, Diff: 0.0, Sum: 0.5]
      [Code Root Scanning (ms): Min: 0.1, Avg: 0.1, Max: 0.1, Diff: 0.0, Sum: 0.2]
      [Object Copy (ms): Min: 11.6, Avg: 11.6, Max: 11.6, Diff: 0.0, Sum: 23.1]
      [Termination (ms): Min: 0.0, Avg: 0.0, Max: 0.0, Diff: 0.0, Sum: 0.0]
      [GC Worker Other (ms): Min: 0.0, Avg: 0.0, Max: 0.0, Diff: 0.0, Sum: 0.1]
      [GC Worker Total (ms): Min: 12.3, Avg: 12.3, Max: 12.3, Diff: 0.0, Sum: 24.6]
      [GC Worker End (ms): Min: 81389.7, Avg: 81389.7, Max: 81389.7, Diff: 0.0]
   [Code Root Fixup: 0.0 ms]
   [Code Root Migration: 0.0 ms]
   [Clear CT: 0.1 ms]
   [Other: 0.4 ms]
      [Choose CSet: 0.0 ms]
      [Ref Proc: 0.1 ms]
      [Ref Enq: 0.0 ms]
      [Free CSet: 0.2 ms]
   [Eden: 151.0M(151.0M)->0.0B(127.0M) Survivors: 1024.0K->19.0M Heap: 215.4M(256.0M)->83.2M(256.0M)]
 [Times: user=0.03 sys=0.00, real=0.01 secs] 
2014-07-10T11:37:30.695+0200: 81.475: [GC pause (G1 Evacuation Pause) (young) 81.475: [G1Ergonomics (CSet Construction) start choosing CSet, _pending_cards: 512, predicted base time: 1.17 ms, remaining time: 198.83 ms, target pause time: 200.00 ms]
 81.475: [G1Ergonomics (CSet Construction) add young regions to CSet, eden: 127 regions, survivors: 19 regions, predicted young region time: 110.00 ms]
 81.475: [G1Ergonomics (CSet Construction) finish choosing CSet, eden: 127 regions, survivors: 19 regions, old: 0 regions, predicted pause time: 111.18 ms, target pause time: 200.00 ms]
, 0.0101966 secs]
   [Parallel Time: 9.6 ms, GC Workers: 2]
      [GC Worker Start (ms): Min: 81474.9, Avg: 81474.9, Max: 81474.9, Diff: 0.0]
      [Ext Root Scanning (ms): Min: 0.4, Avg: 0.4, Max: 0.4, Diff: 0.0, Sum: 0.8]
      [Update RS (ms): Min: 0.0, Avg: 0.0, Max: 0.1, Diff: 0.0, Sum: 0.1]
         [Processed Buffers: Min: 1, Avg: 1.5, Max: 2, Diff: 1, Sum: 3]
      [Scan RS (ms): Min: 0.2, Avg: 0.2, Max: 0.2, Diff: 0.0, Sum: 0.4]
      [Code Root Scanning (ms): Min: 0.1, Avg: 0.1, Max: 0.1, Diff: 0.0, Sum: 0.2]
      [Object Copy (ms): Min: 8.8, Avg: 8.8, Max: 8.8, Diff: 0.0, Sum: 17.6]
      [Termination (ms): Min: 0.0, Avg: 0.0, Max: 0.0, Diff: 0.0, Sum: 0.0]
      [GC Worker Other (ms): Min: 0.0, Avg: 0.0, Max: 0.0, Diff: 0.0, Sum: 0.1]
      [GC Worker Total (ms): Min: 9.6, Avg: 9.6, Max: 9.6, Diff: 0.0, Sum: 19.2]
      [GC Worker End (ms): Min: 81484.5, Avg: 81484.5, Max: 81484.5, Diff: 0.0]
   [Code Root Fixup: 0.0 ms]
   [Code Root Migration: 0.0 ms]
   [Clear CT: 0.1 ms]
   [Other: 0.4 ms]
      [Choose CSet: 0.0 ms]
      [Ref Proc: 0.0 ms]
      [Ref Enq: 0.0 ms]
      [Free CSet: 0.2 ms]
   [Eden: 127.0M(127.0M)->0.0B(135.0M) Survivors: 19.0M->14.0M Heap: 210.2M(256.0M)->78.1M(256.0M)]
 [Times: user=0.03 sys=0.00, real=0.01 secs] 
2014-07-10T11:37:30.843+0200: 81.623: [GC pause (G1 Evacuation Pause) (young) 81.623: [G1Ergonomics (CSet Construction) start choosing CSet, _pending_cards: 512, predicted base time: 1.10 ms, remaining time: 198.90 ms, target pause time: 200.00 ms]
 81.623: [G1Ergonomics (CSet Construction) add young regions to CSet, eden: 135 regions, survivors: 14 regions, predicted young region time: 113.31 ms]
 81.623: [G1Ergonomics (CSet Construction) finish choosing CSet, eden: 135 regions, survivors: 14 regions, old: 0 regions, predicted pause time: 114.42 ms, target pause time: 200.00 ms]
, 0.0123260 secs]
   [Parallel Time: 11.6 ms, GC Workers: 2]
      [GC Worker Start (ms): Min: 81623.2, Avg: 81623.3, Max: 81623.3, Diff: 0.0]
      [Ext Root Scanning (ms): Min: 0.4, Avg: 0.4, Max: 0.4, Diff: 0.0, Sum: 0.8]
      [Update RS (ms): Min: 0.0, Avg: 0.1, Max: 0.1, Diff: 0.0, Sum: 0.1]
         [Processed Buffers: Min: 1, Avg: 1.5, Max: 2, Diff: 1, Sum: 3]
      [Scan RS (ms): Min: 0.4, Avg: 0.4, Max: 0.4, Diff: 0.0, Sum: 0.7]
      [Code Root Scanning (ms): Min: 0.1, Avg: 0.1, Max: 0.1, Diff: 0.1, Sum: 0.2]
      [Object Copy (ms): Min: 10.5, Avg: 10.5, Max: 10.5, Diff: 0.0, Sum: 21.1]
      [Termination (ms): Min: 0.0, Avg: 0.0, Max: 0.0, Diff: 0.0, Sum: 0.0]
      [GC Worker Other (ms): Min: 0.0, Avg: 0.0, Max: 0.0, Diff: 0.0, Sum: 0.1]
      [GC Worker Total (ms): Min: 11.5, Avg: 11.5, Max: 11.5, Diff: 0.0, Sum: 23.0]
      [GC Worker End (ms): Min: 81634.8, Avg: 81634.8, Max: 81634.8, Diff: 0.0]
   [Code Root Fixup: 0.0 ms]
   [Code Root Migration: 0.1 ms]
   [Clear CT: 0.2 ms]
   [Other: 0.5 ms]
      [Choose CSet: 0.0 ms]
      [Ref Proc: 0.1 ms]
      [Ref Enq: 0.0 ms]
      [Free CSet: 0.3 ms]
   [Eden: 135.0M(135.0M)->0.0B(131.0M) Survivors: 14.0M->17.0M Heap: 213.1M(256.0M)->81.0M(256.0M)]
 [Times: user=0.00 sys=0.00, real=0.01 secs] 
2014-07-10T11:37:30.995+0200: 81.775: [GC pause (G1 Evacuation Pause) (young) 81.775: [G1Ergonomics (CSet Construction) start choosing CSet, _pending_cards: 257, predicted base time: 1.08 ms, remaining time: 198.92 ms, target pause time: 200.00 ms]
 81.775: [G1Ergonomics (CSet Construction) add young regions to CSet, eden: 131 regions, survivors: 17 regions, predicted young region time: 78.65 ms]
 81.775: [G1Ergonomics (CSet Construction) finish choosing CSet, eden: 131 regions, survivors: 17 regions, old: 0 regions, predicted pause time: 79.73 ms, target pause time: 200.00 ms]
, 0.0073534 secs]
   [Parallel Time: 6.5 ms, GC Workers: 2]
      [GC Worker Start (ms): Min: 81775.3, Avg: 81775.3, Max: 81775.4, Diff: 0.0]
      [Ext Root Scanning (ms): Min: 0.5, Avg: 0.6, Max: 0.6, Diff: 0.0, Sum: 1.1]
      [Update RS (ms): Min: 0.0, Avg: 0.1, Max: 0.1, Diff: 0.0, Sum: 0.1]
         [Processed Buffers: Min: 1, Avg: 1.5, Max: 2, Diff: 1, Sum: 3]
      [Scan RS (ms): Min: 0.4, Avg: 0.4, Max: 0.4, Diff: 0.0, Sum: 0.9]
      [Code Root Scanning (ms): Min: 0.1, Avg: 0.1, Max: 0.1, Diff: 0.0, Sum: 0.3]
      [Object Copy (ms): Min: 5.2, Avg: 5.2, Max: 5.2, Diff: 0.0, Sum: 10.5]
      [Termination (ms): Min: 0.0, Avg: 0.0, Max: 0.0, Diff: 0.0, Sum: 0.0]
      [GC Worker Other (ms): Min: 0.0, Avg: 0.0, Max: 0.0, Diff: 0.0, Sum: 0.1]
      [GC Worker Total (ms): Min: 6.4, Avg: 6.5, Max: 6.5, Diff: 0.0, Sum: 12.9]
      [GC Worker End (ms): Min: 81781.8, Avg: 81781.8, Max: 81781.8, Diff: 0.0]
   [Code Root Fixup: 0.0 ms]
   [Code Root Migration: 0.1 ms]
   [Clear CT: 0.1 ms]
   [Other: 0.6 ms]
      [Choose CSet: 0.1 ms]
      [Ref Proc: 0.1 ms]
      [Ref Enq: 0.0 ms]
      [Free CSet: 0.3 ms]
   [Eden: 131.0M(131.0M)->0.0B(142.0M) Survivors: 17.0M->8192.0K Heap: 212.0M(256.0M)->71.9M(256.0M)]
 [Times: user=0.03 sys=0.00, real=0.01 secs] 
2014-07-10T11:37:31.098+0200: 81.878: [GC pause (G1 Evacuation Pause) (young) 81.878: [G1Ergonomics (CSet Construction) start choosing CSet, _pending_cards: 512, predicted base time: 1.21 ms, remaining time: 198.79 ms, target pause time: 200.00 ms]
 81.878: [G1Ergonomics (CSet Construction) add young regions to CSet, eden: 142 regions, survivors: 8 regions, predicted young region time: 112.51 ms]
 81.878: [G1Ergonomics (CSet Construction) finish choosing CSet, eden: 142 regions, survivors: 8 regions, old: 0 regions, predicted pause time: 113.72 ms, target pause time: 200.00 ms]
, 0.0123080 secs]
   [Parallel Time: 11.7 ms, GC Workers: 2]
      [GC Worker Start (ms): Min: 81877.7, Avg: 81877.7, Max: 81877.7, Diff: 0.0]
      [Ext Root Scanning (ms): Min: 0.3, Avg: 0.3, Max: 0.3, Diff: 0.0, Sum: 0.7]
      [Update RS (ms): Min: 0.0, Avg: 0.0, Max: 0.0, Diff: 0.0, Sum: 0.1]
         [Processed Buffers: Min: 1, Avg: 1.5, Max: 2, Diff: 1, Sum: 3]
      [Scan RS (ms): Min: 0.2, Avg: 0.2, Max: 0.3, Diff: 0.0, Sum: 0.5]
      [Code Root Scanning (ms): Min: 0.1, Avg: 0.1, Max: 0.1, Diff: 0.0, Sum: 0.2]
      [Object Copy (ms): Min: 10.8, Avg: 10.9, Max: 10.9, Diff: 0.0, Sum: 21.7]
      [Termination (ms): Min: 0.0, Avg: 0.0, Max: 0.0, Diff: 0.0, Sum: 0.0]
      [GC Worker Other (ms): Min: 0.0, Avg: 0.0, Max: 0.0, Diff: 0.0, Sum: 0.1]
      [GC Worker Total (ms): Min: 11.6, Avg: 11.6, Max: 11.6, Diff: 0.0, Sum: 23.3]
      [GC Worker End (ms): Min: 81889.3, Avg: 81889.3, Max: 81889.3, Diff: 0.0]
   [Code Root Fixup: 0.0 ms]
   [Code Root Migration: 0.0 ms]
   [Clear CT: 0.1 ms]
   [Other: 0.5 ms]
      [Choose CSet: 0.0 ms]
      [Ref Proc: 0.1 ms]
      [Ref Enq: 0.0 ms]
      [Free CSet: 0.3 ms]
   [Eden: 142.0M(142.0M)->0.0B(129.0M) Survivors: 8192.0K->18.0M Heap: 213.9M(256.0M)->81.8M(256.0M)]
 [Times: user=0.03 sys=0.00, real=0.01 secs] 
2014-07-10T11:37:31.252+0200: 82.032: [GC pause (G1 Evacuation Pause) (young) 82.032: [G1Ergonomics (CSet Construction) start choosing CSet, _pending_cards: 512, predicted base time: 1.13 ms, remaining time: 198.87 ms, target pause time: 200.00 ms]
 82.032: [G1Ergonomics (CSet Construction) add young regions to CSet, eden: 129 regions, survivors: 18 regions, predicted young region time: 72.47 ms]
 82.032: [G1Ergonomics (CSet Construction) finish choosing CSet, eden: 129 regions, survivors: 18 regions, old: 0 regions, predicted pause time: 73.60 ms, target pause time: 200.00 ms]
, 0.0096829 secs]
   [Parallel Time: 8.8 ms, GC Workers: 2]
      [GC Worker Start (ms): Min: 82031.7, Avg: 82031.7, Max: 82031.7, Diff: 0.0]
      [Ext Root Scanning (ms): Min: 0.2, Avg: 0.2, Max: 0.2, Diff: 0.0, Sum: 0.5]
      [Update RS (ms): Min: 0.0, Avg: 0.0, Max: 0.0, Diff: 0.0, Sum: 0.0]
         [Processed Buffers: Min: 1, Avg: 1.5, Max: 2, Diff: 1, Sum: 3]
      [Scan RS (ms): Min: 0.2, Avg: 0.2, Max: 0.2, Diff: 0.0, Sum: 0.4]
      [Code Root Scanning (ms): Min: 0.1, Avg: 0.1, Max: 0.1, Diff: 0.0, Sum: 0.2]
      [Object Copy (ms): Min: 8.2, Avg: 8.2, Max: 8.2, Diff: 0.0, Sum: 16.4]
      [Termination (ms): Min: 0.0, Avg: 0.0, Max: 0.0, Diff: 0.0, Sum: 0.0]
      [GC Worker Other (ms): Min: 0.0, Avg: 0.0, Max: 0.0, Diff: 0.0, Sum: 0.1]
      [GC Worker Total (ms): Min: 8.8, Avg: 8.8, Max: 8.8, Diff: 0.0, Sum: 17.6]
      [GC Worker End (ms): Min: 82040.5, Avg: 82040.5, Max: 82040.5, Diff: 0.0]
   [Code Root Fixup: 0.0 ms]
   [Code Root Migration: 0.2 ms]
   [Clear CT: 0.2 ms]
   [Other: 0.5 ms]
      [Choose CSet: 0.1 ms]
      [Ref Proc: 0.1 ms]
      [Ref Enq: 0.0 ms]
      [Free CSet: 0.2 ms]
   [Eden: 129.0M(129.0M)->0.0B(134.0M) Survivors: 18.0M->15.0M Heap: 210.8M(256.0M)->78.7M(256.0M)]
 [Times: user=0.00 sys=0.00, real=0.01 secs] 
2014-07-10T11:37:31.404+0200: 82.183: [GC pause (G1 Evacuation Pause) (young) 82.184: [G1Ergonomics (CSet Construction) start choosing CSet, _pending_cards: 512, predicted base time: 1.09 ms, remaining time: 198.91 ms, target pause time: 200.00 ms]
 82.184: [G1Ergonomics (CSet Construction) add young regions to CSet, eden: 134 regions, survivors: 15 regions, predicted young region time: 96.13 ms]
 82.184: [G1Ergonomics (CSet Construction) finish choosing CSet, eden: 134 regions, survivors: 15 regions, old: 0 regions, predicted pause time: 97.22 ms, target pause time: 200.00 ms]
, 0.0169271 secs]
   [Parallel Time: 16.2 ms, GC Workers: 2]
      [GC Worker Start (ms): Min: 82183.7, Avg: 82183.7, Max: 82183.7, Diff: 0.0]
      [Ext Root Scanning (ms): Min: 0.6, Avg: 0.6, Max: 0.6, Diff: 0.0, Sum: 1.1]
      [Update RS (ms): Min: 0.1, Avg: 0.1, Max: 0.1, Diff: 0.0, Sum: 0.1]
         [Processed Buffers: Min: 1, Avg: 1.5, Max: 2, Diff: 1, Sum: 3]
      [Scan RS (ms): Min: 0.4, Avg: 0.4, Max: 0.4, Diff: 0.0, Sum: 0.8]
      [Code Root Scanning (ms): Min: 0.1, Avg: 0.1, Max: 0.1, Diff: 0.0, Sum: 0.3]
      [Object Copy (ms): Min: 14.8, Avg: 14.8, Max: 14.8, Diff: 0.0, Sum: 29.7]
      [Termination (ms): Min: 0.0, Avg: 0.0, Max: 0.0, Diff: 0.0, Sum: 0.0]
      [GC Worker Other (ms): Min: 0.0, Avg: 0.1, Max: 0.1, Diff: 0.0, Sum: 0.1]
      [GC Worker Total (ms): Min: 16.1, Avg: 16.1, Max: 16.1, Diff: 0.0, Sum: 32.2]
      [GC Worker End (ms): Min: 82199.8, Avg: 82199.8, Max: 82199.8, Diff: 0.0]
   [Code Root Fixup: 0.0 ms]
   [Code Root Migration: 0.1 ms]
   [Clear CT: 0.1 ms]
   [Other: 0.6 ms]
      [Choose CSet: 0.1 ms]
      [Ref Proc: 0.1 ms]
      [Ref Enq: 0.0 ms]
      [Free CSet: 0.3 ms]
   [Eden: 134.0M(134.0M)->0.0B(131.0M) Survivors: 15.0M->17.0M Heap: 212.7M(256.0M)->80.5M(256.0M)]
 [Times: user=0.02 sys=0.00, real=0.02 secs] 
2014-07-10T11:37:31.493+0200: 82.273: [GC pause (G1 Evacuation Pause) (young) 82.273: [G1Ergonomics (CSet Construction) start choosing CSet, _pending_cards: 259, predicted base time: 1.13 ms, remaining time: 198.87 ms, target pause time: 200.00 ms]
 82.273: [G1Ergonomics (CSet Construction) add young regions to CSet, eden: 131 regions, survivors: 17 regions, predicted young region time: 14.13 ms]
 82.273: [G1Ergonomics (CSet Construction) finish choosing CSet, eden: 131 regions, survivors: 17 regions, old: 0 regions, predicted pause time: 15.26 ms, target pause time: 200.00 ms]
, 0.0016553 secs]
   [Parallel Time: 1.1 ms, GC Workers: 2]
      [GC Worker Start (ms): Min: 82273.0, Avg: 82273.0, Max: 82273.0, Diff: 0.0]
      [Ext Root Scanning (ms): Min: 0.2, Avg: 0.2, Max: 0.2, Diff: 0.0, Sum: 0.4]
      [Update RS (ms): Min: 0.0, Avg: 0.0, Max: 0.0, Diff: 0.0, Sum: 0.1]
         [Processed Buffers: Min: 1, Avg: 1.5, Max: 2, Diff: 1, Sum: 3]
      [Scan RS (ms): Min: 0.2, Avg: 0.2, Max: 0.2, Diff: 0.0, Sum: 0.4]
      [Code Root Scanning (ms): Min: 0.1, Avg: 0.1, Max: 0.1, Diff: 0.0, Sum: 0.2]
      [Object Copy (ms): Min: 0.6, Avg: 0.6, Max: 0.6, Diff: 0.0, Sum: 1.1]
      [Termination (ms): Min: 0.0, Avg: 0.0, Max: 0.0, Diff: 0.0, Sum: 0.0]
      [GC Worker Other (ms): Min: 0.0, Avg: 0.0, Max: 0.0, Diff: 0.0, Sum: 0.0]
      [GC Worker Total (ms): Min: 1.1, Avg: 1.1, Max: 1.1, Diff: 0.0, Sum: 2.2]
      [GC Worker End (ms): Min: 82274.1, Avg: 82274.1, Max: 82274.1, Diff: 0.0]
   [Code Root Fixup: 0.0 ms]
   [Code Root Migration: 0.0 ms]
   [Clear CT: 0.1 ms]
   [Other: 0.4 ms]
      [Choose CSet: 0.0 ms]
      [Ref Proc: 0.0 ms]
      [Ref Enq: 0.0 ms]
      [Free CSet: 0.2 ms]
   [Eden: 131.0M(131.0M)->0.0B(149.0M) Survivors: 17.0M->2048.0K Heap: 211.5M(256.0M)->66.3M(256.0M)]
 [Times: user=0.00 sys=0.00, real=0.00 secs] 
2014-07-10T11:37:31.629+0200: 82.409: [GC pause (G1 Evacuation Pause) (young) 82.409: [G1Ergonomics (CSet Construction) start choosing CSet, _pending_cards: 512, predicted base time: 1.06 ms, remaining time: 198.94 ms, target pause time: 200.00 ms]
 82.409: [G1Ergonomics (CSet Construction) add young regions to CSet, eden: 149 regions, survivors: 2 regions, predicted young region time: 105.97 ms]
 82.409: [G1Ergonomics (CSet Construction) finish choosing CSet, eden: 149 regions, survivors: 2 regions, old: 0 regions, predicted pause time: 107.03 ms, target pause time: 200.00 ms]
, 0.0131949 secs]
   [Parallel Time: 12.5 ms, GC Workers: 2]
      [GC Worker Start (ms): Min: 82409.2, Avg: 82409.2, Max: 82409.2, Diff: 0.0]
      [Ext Root Scanning (ms): Min: 0.4, Avg: 0.4, Max: 0.4, Diff: 0.0, Sum: 0.7]
      [Update RS (ms): Min: 0.0, Avg: 0.0, Max: 0.1, Diff: 0.0, Sum: 0.1]
         [Processed Buffers: Min: 1, Avg: 1.5, Max: 2, Diff: 1, Sum: 3]
      [Scan RS (ms): Min: 0.2, Avg: 0.2, Max: 0.3, Diff: 0.0, Sum: 0.5]
      [Code Root Scanning (ms): Min: 0.1, Avg: 0.1, Max: 0.1, Diff: 0.0, Sum: 0.2]
      [Object Copy (ms): Min: 11.7, Avg: 11.7, Max: 11.7, Diff: 0.0, Sum: 23.4]
      [Termination (ms): Min: 0.0, Avg: 0.0, Max: 0.0, Diff: 0.0, Sum: 0.0]
      [GC Worker Other (ms): Min: 0.0, Avg: 0.0, Max: 0.0, Diff: 0.0, Sum: 0.1]
      [GC Worker Total (ms): Min: 12.5, Avg: 12.5, Max: 12.5, Diff: 0.0, Sum: 24.9]
      [GC Worker End (ms): Min: 82421.7, Avg: 82421.7, Max: 82421.7, Diff: 0.0]
   [Code Root Fixup: 0.0 ms]
   [Code Root Migration: 0.0 ms]
   [Clear CT: 0.1 ms]
   [Other: 0.5 ms]
      [Choose CSet: 0.0 ms]
      [Ref Proc: 0.2 ms]
      [Ref Enq: 0.0 ms]
      [Free CSet: 0.2 ms]
   [Eden: 149.0M(149.0M)->0.0B(127.0M) Survivors: 2048.0K->19.0M Heap: 215.3M(256.0M)->83.2M(256.0M)]
 [Times: user=0.03 sys=0.00, real=0.01 secs] 
2014-07-10T11:37:31.802+0200: 82.582: [GC pause (G1 Evacuation Pause) (young) 82.582: [G1Ergonomics (CSet Construction) start choosing CSet, _pending_cards: 512, predicted base time: 1.05 ms, remaining time: 198.95 ms, target pause time: 200.00 ms]
 82.582: [G1Ergonomics (CSet Construction) add young regions to CSet, eden: 127 regions, survivors: 19 regions, predicted young region time: 20.40 ms]
 82.582: [G1Ergonomics (CSet Construction) finish choosing CSet, eden: 127 regions, survivors: 19 regions, old: 0 regions, predicted pause time: 21.45 ms, target pause time: 200.00 ms]
, 0.0125624 secs]
   [Parallel Time: 11.7 ms, GC Workers: 2]
      [GC Worker Start (ms): Min: 82582.2, Avg: 82582.2, Max: 82582.2, Diff: 0.0]
      [Ext Root Scanning (ms): Min: 1.2, Avg: 1.4, Max: 1.5, Diff: 0.2, Sum: 2.7]
      [Update RS (ms): Min: 0.0, Avg: 0.1, Max: 0.2, Diff: 0.2, Sum: 0.2]
         [Processed Buffers: Min: 0, Avg: 1.5, Max: 3, Diff: 3, Sum: 3]
      [Scan RS (ms): Min: 0.3, Avg: 0.4, Max: 0.4, Diff: 0.1, Sum: 0.7]
      [Code Root Scanning (ms): Min: 0.1, Avg: 0.1, Max: 0.2, Diff: 0.0, Sum: 0.3]
      [Object Copy (ms): Min: 9.7, Avg: 9.7, Max: 9.7, Diff: 0.0, Sum: 19.4]
      [Termination (ms): Min: 0.0, Avg: 0.0, Max: 0.0, Diff: 0.0, Sum: 0.0]
      [GC Worker Other (ms): Min: 0.0, Avg: 0.0, Max: 0.0, Diff: 0.0, Sum: 0.1]
      [GC Worker Total (ms): Min: 11.7, Avg: 11.7, Max: 11.7, Diff: 0.0, Sum: 23.4]
      [GC Worker End (ms): Min: 82593.9, Avg: 82593.9, Max: 82593.9, Diff: 0.0]
   [Code Root Fixup: 0.0 ms]
   [Code Root Migration: 0.1 ms]
   [Clear CT: 0.1 ms]
   [Other: 0.6 ms]
      [Choose CSet: 0.1 ms]
      [Ref Proc: 0.1 ms]
      [Ref Enq: 0.0 ms]
      [Free CSet: 0.3 ms]
   [Eden: 127.0M(127.0M)->0.0B(135.0M) Survivors: 19.0M->14.0M Heap: 210.2M(256.0M)->78.1M(256.0M)]
 [Times: user=0.03 sys=0.00, real=0.01 secs] 
2014-07-10T11:37:31.897+0200: 82.677: [GC pause (G1 Evacuation Pause) (young) 82.677: [G1Ergonomics (CSet Construction) start choosing CSet, _pending_cards: 256, predicted base time: 1.46 ms, remaining time: 198.54 ms, target pause time: 200.00 ms]
 82.677: [G1Ergonomics (CSet Construction) add young regions to CSet, eden: 135 regions, survivors: 14 regions, predicted young region time: 97.24 ms]
 82.677: [G1Ergonomics (CSet Construction) finish choosing CSet, eden: 135 regions, survivors: 14 regions, old: 0 regions, predicted pause time: 98.70 ms, target pause time: 200.00 ms]
, 0.0117599 secs]
   [Parallel Time: 11.1 ms, GC Workers: 2]
      [GC Worker Start (ms): Min: 82676.7, Avg: 82676.7, Max: 82676.7, Diff: 0.0]
      [Ext Root Scanning (ms): Min: 0.3, Avg: 0.3, Max: 0.3, Diff: 0.0, Sum: 0.7]
      [Update RS (ms): Min: 0.0, Avg: 0.0, Max: 0.1, Diff: 0.1, Sum: 0.1]
         [Processed Buffers: Min: 1, Avg: 1.0, Max: 1, Diff: 0, Sum: 2]
      [Scan RS (ms): Min: 0.3, Avg: 0.3, Max: 0.3, Diff: 0.0, Sum: 0.6]
      [Code Root Scanning (ms): Min: 0.1, Avg: 0.1, Max: 0.1, Diff: 0.0, Sum: 0.2]
      [Object Copy (ms): Min: 10.3, Avg: 10.3, Max: 10.3, Diff: 0.0, Sum: 20.6]
      [Termination (ms): Min: 0.0, Avg: 0.0, Max: 0.0, Diff: 0.0, Sum: 0.0]
      [GC Worker Other (ms): Min: 0.0, Avg: 0.0, Max: 0.0, Diff: 0.0, Sum: 0.1]
      [GC Worker Total (ms): Min: 11.1, Avg: 11.1, Max: 11.1, Diff: 0.0, Sum: 22.2]
      [GC Worker End (ms): Min: 82687.8, Avg: 82687.8, Max: 82687.8, Diff: 0.0]
   [Code Root Fixup: 0.0 ms]
   [Code Root Migration: 0.0 ms]
   [Clear CT: 0.1 ms]
   [Other: 0.5 ms]
      [Choose CSet: 0.0 ms]
      [Ref Proc: 0.1 ms]
      [Ref Enq: 0.0 ms]
      [Free CSet: 0.3 ms]
   [Eden: 135.0M(135.0M)->0.0B(131.0M) Survivors: 14.0M->17.0M Heap: 213.1M(256.0M)->81.0M(256.0M)]
 [Times: user=0.03 sys=0.00, real=0.01 secs] 
2014-07-10T11:37:32.022+0200: 82.802: [GC pause (G1 Evacuation Pause) (young) 82.802: [G1Ergonomics (CSet Construction) start choosing CSet, _pending_cards: 258, predicted base time: 1.32 ms, remaining time: 198.68 ms, target pause time: 200.00 ms]
 82.802: [G1Ergonomics (CSet Construction) add young regions to CSet, eden: 131 regions, survivors: 17 regions, predicted young region time: 91.85 ms]
 82.802: [G1Ergonomics (CSet Construction) finish choosing CSet, eden: 131 regions, survivors: 17 regions, old: 0 regions, predicted pause time: 93.17 ms, target pause time: 200.00 ms]
, 0.0030731 secs]
   [Parallel Time: 2.3 ms, GC Workers: 2]
      [GC Worker Start (ms): Min: 82801.8, Avg: 82801.8, Max: 82801.8, Diff: 0.0]
      [Ext Root Scanning (ms): Min: 0.3, Avg: 0.3, Max: 0.3, Diff: 0.0, Sum: 0.6]
      [Update RS (ms): Min: 0.0, Avg: 0.0, Max: 0.1, Diff: 0.0, Sum: 0.1]
         [Processed Buffers: Min: 1, Avg: 1.5, Max: 2, Diff: 1, Sum: 3]
      [Scan RS (ms): Min: 0.2, Avg: 0.2, Max: 0.2, Diff: 0.0, Sum: 0.4]
      [Code Root Scanning (ms): Min: 0.1, Avg: 0.1, Max: 0.1, Diff: 0.0, Sum: 0.2]
      [Object Copy (ms): Min: 1.6, Avg: 1.6, Max: 1.6, Diff: 0.0, Sum: 3.1]
      [Termination (ms): Min: 0.0, Avg: 0.0, Max: 0.0, Diff: 0.0, Sum: 0.0]
      [GC Worker Other (ms): Min: 0.0, Avg: 0.0, Max: 0.0, Diff: 0.0, Sum: 0.1]
      [GC Worker Total (ms): Min: 2.3, Avg: 2.3, Max: 2.3, Diff: 0.0, Sum: 4.6]
      [GC Worker End (ms): Min: 82804.1, Avg: 82804.1, Max: 82804.1, Diff: 0.0]
   [Code Root Fixup: 0.0 ms]
   [Code Root Migration: 0.1 ms]
   [Clear CT: 0.2 ms]
   [Other: 0.5 ms]
      [Choose CSet: 0.0 ms]
      [Ref Proc: 0.1 ms]
      [Ref Enq: 0.0 ms]
      [Free CSet: 0.3 ms]
   [Eden: 131.0M(131.0M)->0.0B(147.0M) Survivors: 17.0M->4096.0K Heap: 212.0M(256.0M)->67.7M(256.0M)]
 [Times: user=0.00 sys=0.00, real=0.00 secs] 
2014-07-10T11:37:32.204+0200: 82.984: [GC pause (G1 Evacuation Pause) (young) 82.984: [G1Ergonomics (CSet Construction) start choosing CSet, _pending_cards: 512, predicted base time: 1.28 ms, remaining time: 198.72 ms, target pause time: 200.00 ms]
 82.984: [G1Ergonomics (CSet Construction) add young regions to CSet, eden: 147 regions, survivors: 4 regions, predicted young region time: 63.59 ms]
 82.984: [G1Ergonomics (CSet Construction) finish choosing CSet, eden: 147 regions, survivors: 4 regions, old: 0 regions, predicted pause time: 64.87 ms, target pause time: 200.00 ms]
, 0.0217017 secs]
   [Parallel Time: 20.0 ms, GC Workers: 2]
      [GC Worker Start (ms): Min: 82984.4, Avg: 82985.3, Max: 82986.3, Diff: 1.9]
      [Ext Root Scanning (ms): Min: 0.0, Avg: 0.5, Max: 0.9, Diff: 0.9, Sum: 0.9]
      [Update RS (ms): Min: 0.0, Avg: 0.1, Max: 0.1, Diff: 0.1, Sum: 0.1]
         [Processed Buffers: Min: 0, Avg: 1.5, Max: 3, Diff: 3, Sum: 3]
      [Scan RS (ms): Min: 0.2, Avg: 0.4, Max: 0.7, Diff: 0.6, Sum: 0.9]
      [Code Root Scanning (ms): Min: 0.1, Avg: 0.2, Max: 0.3, Diff: 0.2, Sum: 0.3]
      [Object Copy (ms): Min: 17.7, Avg: 17.8, Max: 17.8, Diff: 0.1, Sum: 35.5]
      [Termination (ms): Min: 0.0, Avg: 0.0, Max: 0.0, Diff: 0.0, Sum: 0.0]
      [GC Worker Other (ms): Min: 0.0, Avg: 0.0, Max: 0.1, Diff: 0.0, Sum: 0.1]
      [GC Worker Total (ms): Min: 18.0, Avg: 18.9, Max: 19.9, Diff: 1.9, Sum: 37.9]
      [GC Worker End (ms): Min: 83004.3, Avg: 83004.3, Max: 83004.3, Diff: 0.0]
   [Code Root Fixup: 0.0 ms]
   [Code Root Migration: 0.1 ms]
   [Clear CT: 0.2 ms]
   [Other: 1.4 ms]
      [Choose CSet: 0.1 ms]
      [Ref Proc: 0.5 ms]
      [Ref Enq: 0.0 ms]
      [Free CSet: 0.6 ms]
   [Eden: 147.0M(147.0M)->0.0B(127.0M) Survivors: 4096.0K->19.0M Heap: 214.7M(256.0M)->82.6M(256.0M)]
 [Times: user=0.03 sys=0.00, real=0.02 secs] 
2014-07-10T11:37:32.296+0200: 83.076: [GC pause (G1 Evacuation Pause) (young) 83.076: [G1Ergonomics (CSet Construction) start choosing CSet, _pending_cards: 256, predicted base time: 1.91 ms, remaining time: 198.09 ms, target pause time: 200.00 ms]
 83.076: [G1Ergonomics (CSet Construction) add young regions to CSet, eden: 127 regions, survivors: 19 regions, predicted young region time: 101.15 ms]
 83.076: [G1Ergonomics (CSet Construction) finish choosing CSet, eden: 127 regions, survivors: 19 regions, old: 0 regions, predicted pause time: 103.07 ms, target pause time: 200.00 ms]
, 0.0094952 secs]
   [Parallel Time: 8.9 ms, GC Workers: 2]
      [GC Worker Start (ms): Min: 83075.8, Avg: 83075.8, Max: 83075.8, Diff: 0.0]
      [Ext Root Scanning (ms): Min: 0.3, Avg: 0.3, Max: 0.3, Diff: 0.0, Sum: 0.6]
      [Update RS (ms): Min: 0.0, Avg: 0.0, Max: 0.1, Diff: 0.0, Sum: 0.1]
         [Processed Buffers: Min: 1, Avg: 1.0, Max: 1, Diff: 0, Sum: 2]
      [Scan RS (ms): Min: 0.2, Avg: 0.2, Max: 0.2, Diff: 0.0, Sum: 0.5]
      [Code Root Scanning (ms): Min: 0.1, Avg: 0.1, Max: 0.1, Diff: 0.0, Sum: 0.2]
      [Object Copy (ms): Min: 8.1, Avg: 8.1, Max: 8.1, Diff: 0.0, Sum: 16.3]
      [Termination (ms): Min: 0.0, Avg: 0.0, Max: 0.0, Diff: 0.0, Sum: 0.0]
      [GC Worker Other (ms): Min: 0.0, Avg: 0.0, Max: 0.0, Diff: 0.0, Sum: 0.1]
      [GC Worker Total (ms): Min: 8.8, Avg: 8.8, Max: 8.8, Diff: 0.0, Sum: 17.7]
      [GC Worker End (ms): Min: 83084.6, Avg: 83084.6, Max: 83084.6, Diff: 0.0]
   [Code Root Fixup: 0.0 ms]
   [Code Root Migration: 0.1 ms]
   [Clear CT: 0.1 ms]
   [Other: 0.5 ms]
      [Choose CSet: 0.0 ms]
      [Ref Proc: 0.1 ms]
      [Ref Enq: 0.0 ms]
      [Free CSet: 0.3 ms]
   [Eden: 127.0M(127.0M)->0.0B(136.0M) Survivors: 19.0M->13.0M Heap: 209.6M(256.0M)->77.5M(256.0M)]
 [Times: user=0.00 sys=0.00, real=0.01 secs] 
2014-07-10T11:37:32.438+0200: 83.218: [GC pause (G1 Evacuation Pause) (young) 83.218: [G1Ergonomics (CSet Construction) start choosing CSet, _pending_cards: 257, predicted base time: 1.66 ms, remaining time: 198.34 ms, target pause time: 200.00 ms]
 83.218: [G1Ergonomics (CSet Construction) add young regions to CSet, eden: 136 regions, survivors: 13 regions, predicted young region time: 73.73 ms]
 83.218: [G1Ergonomics (CSet Construction) finish choosing CSet, eden: 136 regions, survivors: 13 regions, old: 0 regions, predicted pause time: 75.39 ms, target pause time: 200.00 ms]
, 0.0093915 secs]
   [Parallel Time: 8.8 ms, GC Workers: 2]
      [GC Worker Start (ms): Min: 83218.3, Avg: 83218.3, Max: 83218.4, Diff: 0.0]
      [Ext Root Scanning (ms): Min: 0.3, Avg: 0.3, Max: 0.3, Diff: 0.0, Sum: 0.6]
      [Update RS (ms): Min: 0.0, Avg: 0.1, Max: 0.1, Diff: 0.0, Sum: 0.1]
         [Processed Buffers: Min: 1, Avg: 1.5, Max: 2, Diff: 1, Sum: 3]
      [Scan RS (ms): Min: 0.2, Avg: 0.2, Max: 0.2, Diff: 0.0, Sum: 0.4]
      [Code Root Scanning (ms): Min: 0.1, Avg: 0.1, Max: 0.1, Diff: 0.0, Sum: 0.2]
      [Object Copy (ms): Min: 8.0, Avg: 8.0, Max: 8.0, Diff: 0.0, Sum: 16.0]
      [Termination (ms): Min: 0.0, Avg: 0.0, Max: 0.0, Diff: 0.0, Sum: 0.0]
      [GC Worker Other (ms): Min: 0.0, Avg: 0.0, Max: 0.0, Diff: 0.0, Sum: 0.1]
      [GC Worker Total (ms): Min: 8.7, Avg: 8.7, Max: 8.7, Diff: 0.0, Sum: 17.5]
      [GC Worker End (ms): Min: 83227.1, Avg: 83227.1, Max: 83227.1, Diff: 0.0]
   [Code Root Fixup: 0.0 ms]
   [Code Root Migration: 0.0 ms]
   [Clear CT: 0.1 ms]
   [Other: 0.5 ms]
      [Choose CSet: 0.0 ms]
      [Ref Proc: 0.1 ms]
      [Ref Enq: 0.0 ms]
      [Free CSet: 0.3 ms]
   [Eden: 136.0M(136.0M)->0.0B(137.0M) Survivors: 13.0M->13.0M Heap: 213.5M(256.0M)->77.4M(256.0M)]
 [Times: user=0.00 sys=0.00, real=0.01 secs] 
2014-07-10T11:37:32.597+0200: 83.377: [GC pause (G1 Evacuation Pause) (young) 83.377: [G1Ergonomics (CSet Construction) start choosing CSet, _pending_cards: 513, predicted base time: 1.52 ms, remaining time: 198.48 ms, target pause time: 200.00 ms]
 83.377: [G1Ergonomics (CSet Construction) add young regions to CSet, eden: 137 regions, survivors: 13 regions, predicted young region time: 99.48 ms]
 83.377: [G1Ergonomics (CSet Construction) finish choosing CSet, eden: 137 regions, survivors: 13 regions, old: 0 regions, predicted pause time: 101.00 ms, target pause time: 200.00 ms]
, 0.0085383 secs]
   [Parallel Time: 8.0 ms, GC Workers: 2]
      [GC Worker Start (ms): Min: 83377.1, Avg: 83377.1, Max: 83377.1, Diff: 0.0]
      [Ext Root Scanning (ms): Min: 0.3, Avg: 0.3, Max: 0.3, Diff: 0.0, Sum: 0.6]
      [Update RS (ms): Min: 0.0, Avg: 0.0, Max: 0.0, Diff: 0.0, Sum: 0.1]
         [Processed Buffers: Min: 2, Avg: 2.0, Max: 2, Diff: 0, Sum: 4]
      [Scan RS (ms): Min: 0.2, Avg: 0.2, Max: 0.2, Diff: 0.0, Sum: 0.5]
      [Code Root Scanning (ms): Min: 0.1, Avg: 0.1, Max: 0.1, Diff: 0.0, Sum: 0.2]
      [Object Copy (ms): Min: 5.9, Avg: 6.6, Max: 7.2, Diff: 1.3, Sum: 13.2]
      [Termination (ms): Min: 0.0, Avg: 0.7, Max: 1.3, Diff: 1.3, Sum: 1.3]
      [GC Worker Other (ms): Min: 0.0, Avg: 0.0, Max: 0.0, Diff: 0.0, Sum: 0.1]
      [GC Worker Total (ms): Min: 7.9, Avg: 7.9, Max: 7.9, Diff: 0.0, Sum: 15.9]
      [GC Worker End (ms): Min: 83385.1, Avg: 83385.1, Max: 83385.1, Diff: 0.0]
   [Code Root Fixup: 0.0 ms]
   [Code Root Migration: 0.0 ms]
   [Clear CT: 0.1 ms]
   [Other: 0.4 ms]
      [Choose CSet: 0.0 ms]
      [Ref Proc: 0.0 ms]
      [Ref Enq: 0.0 ms]
      [Free CSet: 0.2 ms]
   [Eden: 137.0M(137.0M)->0.0B(141.0M) Survivors: 13.0M->10.0M Heap: 214.4M(256.0M)->74.2M(256.0M)]
 [Times: user=0.00 sys=0.00, real=0.01 secs] 
2014-07-10T11:37:32.697+0200: 83.477: [GC pause (G1 Evacuation Pause) (young) 83.477: [G1Ergonomics (CSet Construction) start choosing CSet, _pending_cards: 512, predicted base time: 1.35 ms, remaining time: 198.65 ms, target pause time: 200.00 ms]
 83.477: [G1Ergonomics (CSet Construction) add young regions to CSet, eden: 141 regions, survivors: 10 regions, predicted young region time: 23.35 ms]
 83.477: [G1Ergonomics (CSet Construction) finish choosing CSet, eden: 141 regions, survivors: 10 regions, old: 0 regions, predicted pause time: 24.70 ms, target pause time: 200.00 ms]
, 0.0131670 secs]
   [Parallel Time: 12.4 ms, GC Workers: 2]
      [GC Worker Start (ms): Min: 83477.4, Avg: 83477.4, Max: 83477.4, Diff: 0.0]
      [Ext Root Scanning (ms): Min: 0.3, Avg: 0.3, Max: 0.3, Diff: 0.0, Sum: 0.7]
      [Update RS (ms): Min: 0.0, Avg: 0.1, Max: 0.1, Diff: 0.0, Sum: 0.1]
         [Processed Buffers: Min: 1, Avg: 1.5, Max: 2, Diff: 1, Sum: 3]
      [Scan RS (ms): Min: 0.2, Avg: 0.2, Max: 0.2, Diff: 0.0, Sum: 0.5]
      [Code Root Scanning (ms): Min: 0.1, Avg: 0.1, Max: 0.1, Diff: 0.0, Sum: 0.2]
      [Object Copy (ms): Min: 11.5, Avg: 11.5, Max: 11.5, Diff: 0.0, Sum: 23.0]
      [Termination (ms): Min: 0.0, Avg: 0.0, Max: 0.0, Diff: 0.0, Sum: 0.0]
      [GC Worker Other (ms): Min: 0.0, Avg: 0.0, Max: 0.0, Diff: 0.0, Sum: 0.1]
      [GC Worker Total (ms): Min: 12.3, Avg: 12.3, Max: 12.3, Diff: 0.0, Sum: 24.5]
      [GC Worker End (ms): Min: 83489.7, Avg: 83489.7, Max: 83489.7, Diff: 0.0]
   [Code Root Fixup: 0.0 ms]
   [Code Root Migration: 0.0 ms]
   [Clear CT: 0.1 ms]
   [Other: 0.6 ms]
      [Choose CSet: 0.0 ms]
      [Ref Proc: 0.1 ms]
      [Ref Enq: 0.0 ms]
      [Free CSet: 0.3 ms]
   [Eden: 141.0M(141.0M)->0.0B(127.0M) Survivors: 10.0M->19.0M Heap: 215.2M(256.0M)->83.1M(256.0M)]
 [Times: user=0.03 sys=0.00, real=0.01 secs] 
2014-07-10T11:37:32.847+0200: 83.627: [GC pause (G1 Evacuation Pause) (young) 83.627: [G1Ergonomics (CSet Construction) start choosing CSet, _pending_cards: 256, predicted base time: 1.27 ms, remaining time: 198.73 ms, target pause time: 200.00 ms]
 83.627: [G1Ergonomics (CSet Construction) add young regions to CSet, eden: 127 regions, survivors: 19 regions, predicted young region time: 88.43 ms]
 83.627: [G1Ergonomics (CSet Construction) finish choosing CSet, eden: 127 regions, survivors: 19 regions, old: 0 regions, predicted pause time: 89.70 ms, target pause time: 200.00 ms]
, 0.0105962 secs]
   [Parallel Time: 9.4 ms, GC Workers: 2]
      [GC Worker Start (ms): Min: 83626.8, Avg: 83626.8, Max: 83626.8, Diff: 0.0]
      [Ext Root Scanning (ms): Min: 0.3, Avg: 0.3, Max: 0.3, Diff: 0.0, Sum: 0.6]
      [Update RS (ms): Min: 0.0, Avg: 0.0, Max: 0.0, Diff: 0.0, Sum: 0.1]
         [Processed Buffers: Min: 1, Avg: 1.0, Max: 1, Diff: 0, Sum: 2]
      [Scan RS (ms): Min: 0.2, Avg: 0.2, Max: 0.3, Diff: 0.0, Sum: 0.5]
      [Code Root Scanning (ms): Min: 0.1, Avg: 0.1, Max: 0.1, Diff: 0.0, Sum: 0.3]
      [Object Copy (ms): Min: 8.6, Avg: 8.6, Max: 8.6, Diff: 0.0, Sum: 17.1]
      [Termination (ms): Min: 0.0, Avg: 0.0, Max: 0.0, Diff: 0.0, Sum: 0.0]
      [GC Worker Other (ms): Min: 0.0, Avg: 0.0, Max: 0.0, Diff: 0.0, Sum: 0.1]
      [GC Worker Total (ms): Min: 9.3, Avg: 9.3, Max: 9.3, Diff: 0.0, Sum: 18.6]
      [GC Worker End (ms): Min: 83636.1, Avg: 83636.1, Max: 83636.1, Diff: 0.0]
   [Code Root Fixup: 0.0 ms]
   [Code Root Migration: 0.1 ms]
   [Clear CT: 0.1 ms]
   [Other: 1.1 ms]
      [Choose CSet: 0.0 ms]
      [Ref Proc: 0.7 ms]
      [Ref Enq: 0.0 ms]
      [Free CSet: 0.2 ms]
   [Eden: 127.0M(127.0M)->0.0B(135.0M) Survivors: 19.0M->14.0M Heap: 210.1M(256.0M)->78.0M(256.0M)]
 [Times: user=0.03 sys=0.00, real=0.01 secs] 
2014-07-10T11:37:32.995+0200: 83.774: [GC pause (G1 Evacuation Pause) (young) 83.774: [G1Ergonomics (CSet Construction) start choosing CSet, _pending_cards: 256, predicted base time: 1.38 ms, remaining time: 198.62 ms, target pause time: 200.00 ms]
 83.775: [G1Ergonomics (CSet Construction) add young regions to CSet, eden: 135 regions, survivors: 14 regions, predicted young region time: 16.42 ms]
 83.775: [G1Ergonomics (CSet Construction) finish choosing CSet, eden: 135 regions, survivors: 14 regions, old: 0 regions, predicted pause time: 17.80 ms, target pause time: 200.00 ms]
, 0.0122409 secs]
   [Parallel Time: 10.6 ms, GC Workers: 2]
      [GC Worker Start (ms): Min: 83774.6, Avg: 83774.6, Max: 83774.7, Diff: 0.0]
      [Ext Root Scanning (ms): Min: 0.8, Avg: 1.0, Max: 1.1, Diff: 0.3, Sum: 1.9]
      [Update RS (ms): Min: 0.0, Avg: 0.0, Max: 0.1, Diff: 0.1, Sum: 0.1]
         [Processed Buffers: Min: 0, Avg: 1.0, Max: 2, Diff: 2, Sum: 2]
      [Scan RS (ms): Min: 0.3, Avg: 0.5, Max: 0.7, Diff: 0.4, Sum: 1.0]
      [Code Root Scanning (ms): Min: 0.1, Avg: 0.2, Max: 0.3, Diff: 0.2, Sum: 0.4]
      [Object Copy (ms): Min: 8.6, Avg: 8.7, Max: 8.9, Diff: 0.4, Sum: 17.5]
      [Termination (ms): Min: 0.0, Avg: 0.0, Max: 0.0, Diff: 0.0, Sum: 0.0]
      [GC Worker Other (ms): Min: 0.0, Avg: 0.0, Max: 0.0, Diff: 0.0, Sum: 0.1]
      [GC Worker Total (ms): Min: 10.5, Avg: 10.5, Max: 10.5, Diff: 0.0, Sum: 21.0]
      [GC Worker End (ms): Min: 83785.1, Avg: 83785.1, Max: 83785.1, Diff: 0.0]
   [Code Root Fixup: 0.0 ms]
   [Code Root Migration: 0.1 ms]
   [Clear CT: 0.4 ms]
   [Other: 1.2 ms]
      [Choose CSet: 0.1 ms]
      [Ref Proc: 0.5 ms]
      [Ref Enq: 0.0 ms]
      [Free CSet: 0.5 ms]
   [Eden: 135.0M(135.0M)->0.0B(142.0M) Survivors: 14.0M->9216.0K Heap: 213.0M(256.0M)->72.9M(256.0M)]
 [Times: user=0.00 sys=0.00, real=0.01 secs] 
2014-07-10T11:37:33.097+0200: 83.877: [GC pause (G1 Evacuation Pause) (young) 83.877: [G1Ergonomics (CSet Construction) start choosing CSet, _pending_cards: 256, predicted base time: 1.83 ms, remaining time: 198.17 ms, target pause time: 200.00 ms]
 83.877: [G1Ergonomics (CSet Construction) add young regions to CSet, eden: 142 regions, survivors: 9 regions, predicted young region time: 120.46 ms]
 83.877: [G1Ergonomics (CSet Construction) finish choosing CSet, eden: 142 regions, survivors: 9 regions, old: 0 regions, predicted pause time: 122.29 ms, target pause time: 200.00 ms]
, 0.0127721 secs]
   [Parallel Time: 12.1 ms, GC Workers: 2]
      [GC Worker Start (ms): Min: 83877.3, Avg: 83877.3, Max: 83877.3, Diff: 0.0]
      [Ext Root Scanning (ms): Min: 0.4, Avg: 0.4, Max: 0.4, Diff: 0.0, Sum: 0.7]
      [Update RS (ms): Min: 0.0, Avg: 0.0, Max: 0.0, Diff: 0.0, Sum: 0.1]
         [Processed Buffers: Min: 1, Avg: 1.0, Max: 1, Diff: 0, Sum: 2]
      [Scan RS (ms): Min: 0.2, Avg: 0.2, Max: 0.2, Diff: 0.0, Sum: 0.5]
      [Code Root Scanning (ms): Min: 0.1, Avg: 0.1, Max: 0.1, Diff: 0.0, Sum: 0.2]
      [Object Copy (ms): Min: 11.3, Avg: 11.3, Max: 11.3, Diff: 0.0, Sum: 22.6]
      [Termination (ms): Min: 0.0, Avg: 0.0, Max: 0.0, Diff: 0.0, Sum: 0.0]
      [GC Worker Other (ms): Min: 0.0, Avg: 0.0, Max: 0.0, Diff: 0.0, Sum: 0.1]
      [GC Worker Total (ms): Min: 12.1, Avg: 12.1, Max: 12.1, Diff: 0.0, Sum: 24.1]
      [GC Worker End (ms): Min: 83889.4, Avg: 83889.4, Max: 83889.4, Diff: 0.0]
   [Code Root Fixup: 0.0 ms]
   [Code Root Migration: 0.0 ms]
   [Clear CT: 0.1 ms]
   [Other: 0.5 ms]
      [Choose CSet: 0.0 ms]
      [Ref Proc: 0.1 ms]
      [Ref Enq: 0.0 ms]
      [Free CSet: 0.2 ms]
   [Eden: 142.0M(142.0M)->0.0B(127.0M) Survivors: 9216.0K->19.0M Heap: 214.9M(256.0M)->82.8M(256.0M)]
 [Times: user=0.02 sys=0.00, real=0.01 secs] 
2014-07-10T11:37:33.226+0200: 84.006: [GC pause (G1 Evacuation Pause) (young) 84.006: [G1Ergonomics (CSet Construction) start choosing CSet, _pending_cards: 256, predicted base time: 1.63 ms, remaining time: 198.37 ms, target pause time: 200.00 ms]
 84.006: [G1Ergonomics (CSet Construction) add young regions to CSet, eden: 127 regions, survivors: 19 regions, predicted young region time: 101.18 ms]
 84.006: [G1Ergonomics (CSet Construction) finish choosing CSet, eden: 127 regions, survivors: 19 regions, old: 0 regions, predicted pause time: 102.80 ms, target pause time: 200.00 ms]
, 0.0096243 secs]
   [Parallel Time: 9.0 ms, GC Workers: 2]
      [GC Worker Start (ms): Min: 84005.8, Avg: 84005.8, Max: 84005.8, Diff: 0.0]
      [Ext Root Scanning (ms): Min: 0.3, Avg: 0.3, Max: 0.3, Diff: 0.0, Sum: 0.7]
      [Update RS (ms): Min: 0.0, Avg: 0.0, Max: 0.0, Diff: 0.0, Sum: 0.1]
         [Processed Buffers: Min: 1, Avg: 1.0, Max: 1, Diff: 0, Sum: 2]
      [Scan RS (ms): Min: 0.3, Avg: 0.3, Max: 0.3, Diff: 0.0, Sum: 0.5]
      [Code Root Scanning (ms): Min: 0.1, Avg: 0.1, Max: 0.1, Diff: 0.0, Sum: 0.2]
      [Object Copy (ms): Min: 8.2, Avg: 8.2, Max: 8.2, Diff: 0.0, Sum: 16.5]
      [Termination (ms): Min: 0.0, Avg: 0.0, Max: 0.0, Diff: 0.0, Sum: 0.0]
      [GC Worker Other (ms): Min: 0.0, Avg: 0.0, Max: 0.0, Diff: 0.0, Sum: 0.1]
      [GC Worker Total (ms): Min: 9.0, Avg: 9.0, Max: 9.0, Diff: 0.0, Sum: 18.0]
      [GC Worker End (ms): Min: 84014.8, Avg: 84014.8, Max: 84014.8, Diff: 0.0]
   [Code Root Fixup: 0.0 ms]
   [Code Root Migration: 0.0 ms]
   [Clear CT: 0.1 ms]
   [Other: 0.4 ms]
      [Choose CSet: 0.0 ms]
      [Ref Proc: 0.1 ms]
      [Ref Enq: 0.0 ms]
      [Free CSet: 0.2 ms]
   [Eden: 127.0M(127.0M)->0.0B(136.0M) Survivors: 19.0M->13.0M Heap: 209.8M(256.0M)->77.6M(256.0M)]
 [Times: user=0.03 sys=0.00, real=0.01 secs] 
2014-07-10T11:37:33.402+0200: 84.182: [GC pause (G1 Evacuation Pause) (young) 84.182: [G1Ergonomics (CSet Construction) start choosing CSet, _pending_cards: 256, predicted base time: 1.45 ms, remaining time: 198.55 ms, target pause time: 200.00 ms]
 84.182: [G1Ergonomics (CSet Construction) add young regions to CSet, eden: 136 regions, survivors: 13 regions, predicted young region time: 73.72 ms]
 84.182: [G1Ergonomics (CSet Construction) finish choosing CSet, eden: 136 regions, survivors: 13 regions, old: 0 regions, predicted pause time: 75.18 ms, target pause time: 200.00 ms]
, 0.0203261 secs]
   [Parallel Time: 18.7 ms, GC Workers: 2]
      [GC Worker Start (ms): Min: 84182.5, Avg: 84182.5, Max: 84182.5, Diff: 0.0]
      [Ext Root Scanning (ms): Min: 0.6, Avg: 0.6, Max: 0.6, Diff: 0.0, Sum: 1.1]
      [Update RS (ms): Min: 0.0, Avg: 0.0, Max: 0.1, Diff: 0.1, Sum: 0.1]
         [Processed Buffers: Min: 1, Avg: 1.0, Max: 1, Diff: 0, Sum: 2]
      [Scan RS (ms): Min: 0.6, Avg: 0.7, Max: 0.7, Diff: 0.1, Sum: 1.3]
      [Code Root Scanning (ms): Min: 0.1, Avg: 0.2, Max: 0.2, Diff: 0.1, Sum: 0.3]
      [Object Copy (ms): Min: 17.1, Avg: 17.1, Max: 17.1, Diff: 0.0, Sum: 34.3]
      [Termination (ms): Min: 0.0, Avg: 0.0, Max: 0.0, Diff: 0.0, Sum: 0.0]
      [GC Worker Other (ms): Min: 0.0, Avg: 0.0, Max: 0.0, Diff: 0.0, Sum: 0.1]
      [GC Worker Total (ms): Min: 18.6, Avg: 18.6, Max: 18.6, Diff: 0.0, Sum: 37.2]
      [GC Worker End (ms): Min: 84201.1, Avg: 84201.1, Max: 84201.1, Diff: 0.0]
   [Code Root Fixup: 0.0 ms]
   [Code Root Migration: 0.1 ms]
   [Clear CT: 0.2 ms]
   [Other: 1.4 ms]
      [Choose CSet: 0.1 ms]
      [Ref Proc: 0.5 ms]
      [Ref Enq: 0.0 ms]
      [Free CSet: 0.5 ms]
   [Eden: 136.0M(136.0M)->0.0B(131.0M) Survivors: 13.0M->17.0M Heap: 213.6M(256.0M)->81.5M(256.0M)]
 [Times: user=0.03 sys=0.00, real=0.02 secs] 
2014-07-10T11:37:33.494+0200: 84.274: [GC pause (G1 Evacuation Pause) (young) 84.274: [G1Ergonomics (CSet Construction) start choosing CSet, _pending_cards: 259, predicted base time: 1.64 ms, remaining time: 198.36 ms, target pause time: 200.00 ms]
 84.274: [G1Ergonomics (CSet Construction) add young regions to CSet, eden: 131 regions, survivors: 17 regions, predicted young region time: 113.31 ms]
 84.274: [G1Ergonomics (CSet Construction) finish choosing CSet, eden: 131 regions, survivors: 17 regions, old: 0 regions, predicted pause time: 114.95 ms, target pause time: 200.00 ms]
, 0.0025330 secs]
   [Parallel Time: 1.8 ms, GC Workers: 2]
      [GC Worker Start (ms): Min: 84274.0, Avg: 84274.0, Max: 84274.0, Diff: 0.0]
      [Ext Root Scanning (ms): Min: 0.2, Avg: 0.2, Max: 0.2, Diff: 0.0, Sum: 0.5]
      [Update RS (ms): Min: 0.0, Avg: 0.0, Max: 0.1, Diff: 0.0, Sum: 0.1]
         [Processed Buffers: Min: 1, Avg: 1.5, Max: 2, Diff: 1, Sum: 3]
      [Scan RS (ms): Min: 0.2, Avg: 0.2, Max: 0.2, Diff: 0.0, Sum: 0.4]
      [Code Root Scanning (ms): Min: 0.1, Avg: 0.1, Max: 0.1, Diff: 0.0, Sum: 0.2]
      [Object Copy (ms): Min: 1.1, Avg: 1.1, Max: 1.1, Diff: 0.0, Sum: 2.3]
      [Termination (ms): Min: 0.0, Avg: 0.0, Max: 0.0, Diff: 0.0, Sum: 0.0]
      [GC Worker Other (ms): Min: 0.0, Avg: 0.0, Max: 0.0, Diff: 0.0, Sum: 0.1]
      [GC Worker Total (ms): Min: 1.8, Avg: 1.8, Max: 1.8, Diff: 0.0, Sum: 3.5]
      [GC Worker End (ms): Min: 84275.8, Avg: 84275.8, Max: 84275.8, Diff: 0.0]
   [Code Root Fixup: 0.0 ms]
   [Code Root Migration: 0.0 ms]
   [Clear CT: 0.1 ms]
   [Other: 0.6 ms]
      [Choose CSet: 0.0 ms]
      [Ref Proc: 0.2 ms]
      [Ref Enq: 0.0 ms]
      [Free CSet: 0.2 ms]
   [Eden: 131.0M(131.0M)->0.0B(148.0M) Survivors: 17.0M->3072.0K Heap: 212.5M(256.0M)->67.3M(256.0M)]
 [Times: user=0.00 sys=0.00, real=0.00 secs] 
2014-07-10T11:37:33.629+0200: 84.409: [GC pause (G1 Evacuation Pause) (young) 84.409: [G1Ergonomics (CSet Construction) start choosing CSet, _pending_cards: 513, predicted base time: 1.51 ms, remaining time: 198.49 ms, target pause time: 200.00 ms]
 84.409: [G1Ergonomics (CSet Construction) add young regions to CSet, eden: 148 regions, survivors: 3 regions, predicted young region time: 73.27 ms]
 84.409: [G1Ergonomics (CSet Construction) finish choosing CSet, eden: 148 regions, survivors: 3 regions, old: 0 regions, predicted pause time: 74.77 ms, target pause time: 200.00 ms]
, 0.0106589 secs]
   [Parallel Time: 10.0 ms, GC Workers: 2]
      [GC Worker Start (ms): Min: 84408.7, Avg: 84408.7, Max: 84408.7, Diff: 0.0]
      [Ext Root Scanning (ms): Min: 0.3, Avg: 0.3, Max: 0.3, Diff: 0.0, Sum: 0.7]
      [Update RS (ms): Min: 0.1, Avg: 0.1, Max: 0.1, Diff: 0.0, Sum: 0.1]
         [Processed Buffers: Min: 1, Avg: 2.0, Max: 3, Diff: 2, Sum: 4]
      [Scan RS (ms): Min: 0.2, Avg: 0.3, Max: 0.4, Diff: 0.1, Sum: 0.6]
      [Code Root Scanning (ms): Min: 0.1, Avg: 0.2, Max: 0.3, Diff: 0.2, Sum: 0.4]
      [Object Copy (ms): Min: 9.0, Avg: 9.0, Max: 9.0, Diff: 0.0, Sum: 18.0]
      [Termination (ms): Min: 0.0, Avg: 0.0, Max: 0.0, Diff: 0.0, Sum: 0.0]
      [GC Worker Other (ms): Min: 0.0, Avg: 0.0, Max: 0.0, Diff: 0.0, Sum: 0.1]
      [GC Worker Total (ms): Min: 10.0, Avg: 10.0, Max: 10.0, Diff: 0.0, Sum: 19.9]
      [GC Worker End (ms): Min: 84418.6, Avg: 84418.6, Max: 84418.6, Diff: 0.0]
   [Code Root Fixup: 0.0 ms]
   [Code Root Migration: 0.1 ms]
   [Clear CT: 0.1 ms]
   [Other: 0.4 ms]
      [Choose CSet: 0.0 ms]
      [Ref Proc: 0.1 ms]
      [Ref Enq: 0.0 ms]
      [Free CSet: 0.2 ms]
   [Eden: 148.0M(148.0M)->0.0B(135.0M) Survivors: 3072.0K->15.0M Heap: 215.3M(256.0M)->79.1M(256.0M)]
 [Times: user=0.03 sys=0.00, real=0.01 secs] 
2014-07-10T11:37:33.805+0200: 84.585: [GC pause (G1 Evacuation Pause) (young) 84.585: [G1Ergonomics (CSet Construction) start choosing CSet, _pending_cards: 512, predicted base time: 1.40 ms, remaining time: 198.60 ms, target pause time: 200.00 ms]
 84.585: [G1Ergonomics (CSet Construction) add young regions to CSet, eden: 135 regions, survivors: 15 regions, predicted young region time: 100.62 ms]
 84.585: [G1Ergonomics (CSet Construction) finish choosing CSet, eden: 135 regions, survivors: 15 regions, old: 0 regions, predicted pause time: 102.01 ms, target pause time: 200.00 ms]
, 0.0183089 secs]
   [Parallel Time: 16.4 ms, GC Workers: 2]
      [GC Worker Start (ms): Min: 84585.5, Avg: 84585.5, Max: 84585.6, Diff: 0.0]
      [Ext Root Scanning (ms): Min: 0.6, Avg: 0.6, Max: 0.6, Diff: 0.0, Sum: 1.2]
      [Update RS (ms): Min: 0.1, Avg: 0.1, Max: 0.1, Diff: 0.0, Sum: 0.2]
         [Processed Buffers: Min: 1, Avg: 1.5, Max: 2, Diff: 1, Sum: 3]
      [Scan RS (ms): Min: 0.4, Avg: 0.4, Max: 0.4, Diff: 0.1, Sum: 0.8]
      [Code Root Scanning (ms): Min: 0.2, Avg: 0.2, Max: 0.2, Diff: 0.0, Sum: 0.4]
      [Object Copy (ms): Min: 14.8, Avg: 14.9, Max: 14.9, Diff: 0.0, Sum: 29.7]
      [Termination (ms): Min: 0.0, Avg: 0.0, Max: 0.0, Diff: 0.0, Sum: 0.0]
      [GC Worker Other (ms): Min: 0.0, Avg: 0.0, Max: 0.0, Diff: 0.0, Sum: 0.1]
      [GC Worker Total (ms): Min: 16.2, Avg: 16.2, Max: 16.2, Diff: 0.0, Sum: 32.4]
      [GC Worker End (ms): Min: 84601.7, Avg: 84601.7, Max: 84601.7, Diff: 0.0]
   [Code Root Fixup: 0.0 ms]
   [Code Root Migration: 0.0 ms]
   [Clear CT: 0.1 ms]
   [Other: 1.7 ms]
      [Choose CSet: 0.1 ms]
      [Ref Proc: 1.2 ms]
      [Ref Enq: 0.0 ms]
      [Free CSet: 0.2 ms]
   [Eden: 135.0M(135.0M)->0.0B(129.0M) Survivors: 15.0M->18.0M Heap: 214.1M(256.0M)->82.0M(256.0M)]
 [Times: user=0.03 sys=0.02, real=0.02 secs] 
2014-07-10T11:37:33.896+0200: 84.676: [GC pause (G1 Evacuation Pause) (young) 84.676: [G1Ergonomics (CSet Construction) start choosing CSet, _pending_cards: 512, predicted base time: 1.96 ms, remaining time: 198.04 ms, target pause time: 200.00 ms]
 84.676: [G1Ergonomics (CSet Construction) add young regions to CSet, eden: 129 regions, survivors: 18 regions, predicted young region time: 24.06 ms]
 84.676: [G1Ergonomics (CSet Construction) finish choosing CSet, eden: 129 regions, survivors: 18 regions, old: 0 regions, predicted pause time: 26.03 ms, target pause time: 200.00 ms]
, 0.0112792 secs]
   [Parallel Time: 9.9 ms, GC Workers: 2]
      [GC Worker Start (ms): Min: 84675.8, Avg: 84675.8, Max: 84675.8, Diff: 0.0]
      [Ext Root Scanning (ms): Min: 0.3, Avg: 0.3, Max: 0.3, Diff: 0.0, Sum: 0.7]
      [Update RS (ms): Min: 0.0, Avg: 0.1, Max: 0.1, Diff: 0.1, Sum: 0.1]
         [Processed Buffers: Min: 0, Avg: 1.5, Max: 3, Diff: 3, Sum: 3]
      [Scan RS (ms): Min: 0.2, Avg: 0.3, Max: 0.3, Diff: 0.0, Sum: 0.5]
      [Code Root Scanning (ms): Min: 0.1, Avg: 0.1, Max: 0.1, Diff: 0.0, Sum: 0.2]
      [Object Copy (ms): Min: 9.0, Avg: 9.0, Max: 9.0, Diff: 0.0, Sum: 18.0]
      [Termination (ms): Min: 0.0, Avg: 0.0, Max: 0.0, Diff: 0.0, Sum: 0.0]
      [GC Worker Other (ms): Min: 0.0, Avg: 0.1, Max: 0.2, Diff: 0.2, Sum: 0.3]
      [GC Worker Total (ms): Min: 9.8, Avg: 9.9, Max: 9.9, Diff: 0.0, Sum: 19.7]
      [GC Worker End (ms): Min: 84685.6, Avg: 84685.6, Max: 84685.7, Diff: 0.0]
   [Code Root Fixup: 0.3 ms]
   [Code Root Migration: 0.0 ms]
   [Clear CT: 0.1 ms]
   [Other: 0.9 ms]
      [Choose CSet: 0.0 ms]
      [Ref Proc: 0.5 ms]
      [Ref Enq: 0.0 ms]
      [Free CSet: 0.2 ms]
   [Eden: 129.0M(129.0M)->0.0B(134.0M) Survivors: 18.0M->15.0M Heap: 211.0M(256.0M)->78.9M(256.0M)]
 [Times: user=0.03 sys=0.00, real=0.01 secs] 
2014-07-10T11:37:34.034+0200: 84.814: [GC pause (G1 Evacuation Pause) (young) 84.814: [G1Ergonomics (CSet Construction) start choosing CSet, _pending_cards: 257, predicted base time: 1.91 ms, remaining time: 198.09 ms, target pause time: 200.00 ms]
 84.814: [G1Ergonomics (CSet Construction) add young regions to CSet, eden: 134 regions, survivors: 15 regions, predicted young region time: 101.36 ms]
 84.814: [G1Ergonomics (CSet Construction) finish choosing CSet, eden: 134 regions, survivors: 15 regions, old: 0 regions, predicted pause time: 103.27 ms, target pause time: 200.00 ms]
, 0.0072991 secs]
   [Parallel Time: 6.4 ms, GC Workers: 2]
      [GC Worker Start (ms): Min: 84813.9, Avg: 84813.9, Max: 84813.9, Diff: 0.0]
      [Ext Root Scanning (ms): Min: 0.3, Avg: 0.3, Max: 0.3, Diff: 0.0, Sum: 0.6]
      [Update RS (ms): Min: 0.0, Avg: 0.0, Max: 0.0, Diff: 0.0, Sum: 0.1]
         [Processed Buffers: Min: 1, Avg: 1.5, Max: 2, Diff: 1, Sum: 3]
      [Scan RS (ms): Min: 0.2, Avg: 0.2, Max: 0.2, Diff: 0.0, Sum: 0.5]
      [Code Root Scanning (ms): Min: 0.1, Avg: 0.1, Max: 0.1, Diff: 0.0, Sum: 0.3]
      [Object Copy (ms): Min: 5.6, Avg: 5.6, Max: 5.6, Diff: 0.0, Sum: 11.2]
      [Termination (ms): Min: 0.0, Avg: 0.0, Max: 0.0, Diff: 0.0, Sum: 0.0]
      [GC Worker Other (ms): Min: 0.0, Avg: 0.0, Max: 0.0, Diff: 0.0, Sum: 0.1]
      [GC Worker Total (ms): Min: 6.3, Avg: 6.3, Max: 6.3, Diff: 0.0, Sum: 12.7]
      [GC Worker End (ms): Min: 84820.2, Avg: 84820.2, Max: 84820.2, Diff: 0.0]
   [Code Root Fixup: 0.0 ms]
   [Code Root Migration: 0.3 ms]
   [Clear CT: 0.2 ms]
   [Other: 0.4 ms]
      [Choose CSet: 0.0 ms]
      [Ref Proc: 0.1 ms]
      [Ref Enq: 0.0 ms]
      [Free CSet: 0.2 ms]
   [Eden: 134.0M(134.0M)->0.0B(143.0M) Survivors: 15.0M->8192.0K Heap: 212.9M(256.0M)->72.7M(256.0M)]
 [Times: user=0.03 sys=0.00, real=0.01 secs] 
2014-07-10T11:37:34.208+0200: 84.988: [GC pause (G1 Evacuation Pause) (young) 84.988: [G1Ergonomics (CSet Construction) start choosing CSet, _pending_cards: 512, predicted base time: 1.79 ms, remaining time: 198.21 ms, target pause time: 200.00 ms]
 84.988: [G1Ergonomics (CSet Construction) add young regions to CSet, eden: 143 regions, survivors: 8 regions, predicted young region time: 24.31 ms]
 84.988: [G1Ergonomics (CSet Construction) finish choosing CSet, eden: 143 regions, survivors: 8 regions, old: 0 regions, predicted pause time: 26.09 ms, target pause time: 200.00 ms]
, 0.0133848 secs]
   [Parallel Time: 12.1 ms, GC Workers: 2]
      [GC Worker Start (ms): Min: 84988.0, Avg: 84988.0, Max: 84988.0, Diff: 0.0]
      [Ext Root Scanning (ms): Min: 0.3, Avg: 0.3, Max: 0.3, Diff: 0.0, Sum: 0.5]
      [Update RS (ms): Min: 0.0, Avg: 0.0, Max: 0.0, Diff: 0.0, Sum: 0.1]
         [Processed Buffers: Min: 1, Avg: 1.5, Max: 2, Diff: 1, Sum: 3]
      [Scan RS (ms): Min: 0.2, Avg: 0.2, Max: 0.2, Diff: 0.0, Sum: 0.5]
      [Code Root Scanning (ms): Min: 0.1, Avg: 0.1, Max: 0.1, Diff: 0.0, Sum: 0.2]
      [Object Copy (ms): Min: 11.4, Avg: 11.4, Max: 11.4, Diff: 0.0, Sum: 22.8]
      [Termination (ms): Min: 0.0, Avg: 0.0, Max: 0.0, Diff: 0.0, Sum: 0.0]
      [GC Worker Other (ms): Min: 0.0, Avg: 0.0, Max: 0.0, Diff: 0.0, Sum: 0.1]
      [GC Worker Total (ms): Min: 12.1, Avg: 12.1, Max: 12.1, Diff: 0.0, Sum: 24.1]
      [GC Worker End (ms): Min: 85000.1, Avg: 85000.1, Max: 85000.1, Diff: 0.0]
   [Code Root Fixup: 0.0 ms]
   [Code Root Migration: 0.1 ms]
   [Clear CT: 0.3 ms]
   [Other: 1.0 ms]
      [Choose CSet: 0.0 ms]
      [Ref Proc: 0.5 ms]
      [Ref Enq: 0.0 ms]
      [Free CSet: 0.3 ms]
   [Eden: 143.0M(143.0M)->0.0B(127.0M) Survivors: 8192.0K->19.0M Heap: 215.7M(256.0M)->83.6M(256.0M)]
 [Times: user=0.03 sys=0.00, real=0.01 secs] 
2014-07-10T11:37:34.296+0200: 85.076: [GC pause (G1 Evacuation Pause) (young) 85.076: [G1Ergonomics (CSet Construction) start choosing CSet, _pending_cards: 512, predicted base time: 1.71 ms, remaining time: 198.29 ms, target pause time: 200.00 ms]
 85.076: [G1Ergonomics (CSet Construction) add young regions to CSet, eden: 127 regions, survivors: 19 regions, predicted young region time: 90.44 ms]
 85.076: [G1Ergonomics (CSet Construction) finish choosing CSet, eden: 127 regions, survivors: 19 regions, old: 0 regions, predicted pause time: 92.15 ms, target pause time: 200.00 ms]
, 0.0098813 secs]
   [Parallel Time: 9.3 ms, GC Workers: 2]
      [GC Worker Start (ms): Min: 85076.1, Avg: 85076.1, Max: 85076.1, Diff: 0.0]
      [Ext Root Scanning (ms): Min: 0.3, Avg: 0.3, Max: 0.3, Diff: 0.0, Sum: 0.6]
      [Update RS (ms): Min: 0.2, Avg: 0.2, Max: 0.2, Diff: 0.0, Sum: 0.4]
         [Processed Buffers: Min: 1, Avg: 1.5, Max: 2, Diff: 1, Sum: 3]
      [Scan RS (ms): Min: 0.2, Avg: 0.2, Max: 0.2, Diff: 0.0, Sum: 0.5]
      [Code Root Scanning (ms): Min: 0.1, Avg: 0.1, Max: 0.1, Diff: 0.0, Sum: 0.2]
      [Object Copy (ms): Min: 8.4, Avg: 8.4, Max: 8.4, Diff: 0.0, Sum: 16.8]
      [Termination (ms): Min: 0.0, Avg: 0.0, Max: 0.0, Diff: 0.0, Sum: 0.0]
      [GC Worker Other (ms): Min: 0.0, Avg: 0.0, Max: 0.0, Diff: 0.0, Sum: 0.1]
      [GC Worker Total (ms): Min: 9.2, Avg: 9.2, Max: 9.2, Diff: 0.0, Sum: 18.5]
      [GC Worker End (ms): Min: 85085.4, Avg: 85085.4, Max: 85085.4, Diff: 0.0]
   [Code Root Fixup: 0.0 ms]
   [Code Root Migration: 0.0 ms]
   [Clear CT: 0.1 ms]
   [Other: 0.4 ms]
      [Choose CSet: 0.0 ms]
      [Ref Proc: 0.1 ms]
      [Ref Enq: 0.0 ms]
      [Free CSet: 0.2 ms]
   [Eden: 127.0M(127.0M)->0.0B(135.0M) Survivors: 19.0M->14.0M Heap: 210.6M(256.0M)->78.5M(256.0M)]
 [Times: user=0.01 sys=0.00, real=0.01 secs] 
2014-07-10T11:37:34.443+0200: 85.223: [GC pause (G1 Evacuation Pause) (young) 85.223: [G1Ergonomics (CSet Construction) start choosing CSet, _pending_cards: 513, predicted base time: 1.57 ms, remaining time: 198.43 ms, target pause time: 200.00 ms]
 85.223: [G1Ergonomics (CSet Construction) add young regions to CSet, eden: 135 regions, survivors: 14 regions, predicted young region time: 92.73 ms]
 85.223: [G1Ergonomics (CSet Construction) finish choosing CSet, eden: 135 regions, survivors: 14 regions, old: 0 regions, predicted pause time: 94.30 ms, target pause time: 200.00 ms]
, 0.0042290 secs]
   [Parallel Time: 3.6 ms, GC Workers: 2]
      [GC Worker Start (ms): Min: 85222.7, Avg: 85222.7, Max: 85222.7, Diff: 0.0]
      [Ext Root Scanning (ms): Min: 0.3, Avg: 0.3, Max: 0.3, Diff: 0.0, Sum: 0.7]
      [Update RS (ms): Min: 0.0, Avg: 0.0, Max: 0.0, Diff: 0.0, Sum: 0.1]
         [Processed Buffers: Min: 2, Avg: 2.0, Max: 2, Diff: 0, Sum: 4]
      [Scan RS (ms): Min: 0.3, Avg: 0.3, Max: 0.3, Diff: 0.0, Sum: 0.6]
      [Code Root Scanning (ms): Min: 0.1, Avg: 0.1, Max: 0.1, Diff: 0.0, Sum: 0.2]
      [Object Copy (ms): Min: 2.7, Avg: 2.7, Max: 2.8, Diff: 0.0, Sum: 5.5]
      [Termination (ms): Min: 0.0, Avg: 0.0, Max: 0.0, Diff: 0.0, Sum: 0.0]
      [GC Worker Other (ms): Min: 0.0, Avg: 0.0, Max: 0.0, Diff: 0.0, Sum: 0.1]
      [GC Worker Total (ms): Min: 3.6, Avg: 3.6, Max: 3.6, Diff: 0.0, Sum: 7.1]
      [GC Worker End (ms): Min: 85226.3, Avg: 85226.3, Max: 85226.3, Diff: 0.0]
   [Code Root Fixup: 0.0 ms]
   [Code Root Migration: 0.0 ms]
   [Clear CT: 0.1 ms]
   [Other: 0.4 ms]
      [Choose CSet: 0.0 ms]
      [Ref Proc: 0.1 ms]
      [Ref Enq: 0.0 ms]
      [Free CSet: 0.2 ms]
   [Eden: 135.0M(135.0M)->0.0B(146.0M) Survivors: 14.0M->5120.0K Heap: 213.5M(256.0M)->69.3M(256.0M)]
 [Times: user=0.03 sys=0.00, real=0.00 secs] 
2014-07-10T11:37:34.597+0200: 85.377: [GC pause (G1 Evacuation Pause) (young) 85.377: [G1Ergonomics (CSet Construction) start choosing CSet, _pending_cards: 512, predicted base time: 1.41 ms, remaining time: 198.59 ms, target pause time: 200.00 ms]
 85.377: [G1Ergonomics (CSet Construction) add young regions to CSet, eden: 146 regions, survivors: 5 regions, predicted young region time: 65.50 ms]
 85.377: [G1Ergonomics (CSet Construction) finish choosing CSet, eden: 146 regions, survivors: 5 regions, old: 0 regions, predicted pause time: 66.90 ms, target pause time: 200.00 ms]
, 0.0132081 secs]
   [Parallel Time: 12.6 ms, GC Workers: 2]
      [GC Worker Start (ms): Min: 85377.0, Avg: 85377.0, Max: 85377.0, Diff: 0.0]
      [Ext Root Scanning (ms): Min: 0.3, Avg: 0.3, Max: 0.3, Diff: 0.0, Sum: 0.7]
      [Update RS (ms): Min: 0.0, Avg: 0.0, Max: 0.0, Diff: 0.0, Sum: 0.1]
         [Processed Buffers: Min: 1, Avg: 1.5, Max: 2, Diff: 1, Sum: 3]
      [Scan RS (ms): Min: 0.4, Avg: 0.4, Max: 0.4, Diff: 0.0, Sum: 0.8]
      [Code Root Scanning (ms): Min: 0.1, Avg: 0.1, Max: 0.1, Diff: 0.0, Sum: 0.2]
      [Object Copy (ms): Min: 11.6, Avg: 11.6, Max: 11.6, Diff: 0.0, Sum: 23.2]
      [Termination (ms): Min: 0.0, Avg: 0.0, Max: 0.0, Diff: 0.0, Sum: 0.0]
      [GC Worker Other (ms): Min: 0.0, Avg: 0.0, Max: 0.0, Diff: 0.0, Sum: 0.1]
      [GC Worker Total (ms): Min: 12.5, Avg: 12.5, Max: 12.5, Diff: 0.0, Sum: 25.0]
      [GC Worker End (ms): Min: 85389.5, Avg: 85389.5, Max: 85389.5, Diff: 0.0]
   [Code Root Fixup: 0.0 ms]
   [Code Root Migration: 0.1 ms]
   [Clear CT: 0.1 ms]
   [Other: 0.5 ms]
      [Choose CSet: 0.0 ms]
      [Ref Proc: 0.1 ms]
      [Ref Enq: 0.0 ms]
      [Free CSet: 0.2 ms]
   [Eden: 146.0M(146.0M)->0.0B(127.0M) Survivors: 5120.0K->19.0M Heap: 215.3M(256.0M)->83.2M(256.0M)]
 [Times: user=0.03 sys=0.00, real=0.01 secs] 
2014-07-10T11:37:34.695+0200: 85.475: [GC pause (G1 Evacuation Pause) (young) 85.475: [G1Ergonomics (CSet Construction) start choosing CSet, _pending_cards: 512, predicted base time: 1.30 ms, remaining time: 198.70 ms, target pause time: 200.00 ms]
 85.475: [G1Ergonomics (CSet Construction) add young regions to CSet, eden: 127 regions, survivors: 19 regions, predicted young region time: 83.98 ms]
 85.475: [G1Ergonomics (CSet Construction) finish choosing CSet, eden: 127 regions, survivors: 19 regions, old: 0 regions, predicted pause time: 85.28 ms, target pause time: 200.00 ms]
, 0.0100078 secs]
   [Parallel Time: 9.1 ms, GC Workers: 2]
      [GC Worker Start (ms): Min: 85474.7, Avg: 85474.7, Max: 85474.7, Diff: 0.0]
      [Ext Root Scanning (ms): Min: 0.3, Avg: 0.3, Max: 0.3, Diff: 0.0, Sum: 0.7]
      [Update RS (ms): Min: 0.0, Avg: 0.0, Max: 0.0, Diff: 0.0, Sum: 0.1]
         [Processed Buffers: Min: 1, Avg: 1.5, Max: 2, Diff: 1, Sum: 3]
      [Scan RS (ms): Min: 0.2, Avg: 0.2, Max: 0.2, Diff: 0.0, Sum: 0.4]
      [Code Root Scanning (ms): Min: 0.1, Avg: 0.1, Max: 0.1, Diff: 0.0, Sum: 0.2]
      [Object Copy (ms): Min: 8.3, Avg: 8.4, Max: 8.4, Diff: 0.0, Sum: 16.7]
      [Termination (ms): Min: 0.0, Avg: 0.0, Max: 0.0, Diff: 0.0, Sum: 0.0]
      [GC Worker Other (ms): Min: 0.0, Avg: 0.0, Max: 0.0, Diff: 0.0, Sum: 0.1]
      [GC Worker Total (ms): Min: 9.1, Avg: 9.1, Max: 9.1, Diff: 0.0, Sum: 18.2]
      [GC Worker End (ms): Min: 85483.8, Avg: 85483.8, Max: 85483.8, Diff: 0.0]
   [Code Root Fixup: 0.0 ms]
   [Code Root Migration: 0.0 ms]
   [Clear CT: 0.1 ms]
   [Other: 0.7 ms]
      [Choose CSet: 0.0 ms]
      [Ref Proc: 0.2 ms]
      [Ref Enq: 0.1 ms]
      [Free CSet: 0.3 ms]
   [Eden: 127.0M(127.0M)->0.0B(135.0M) Survivors: 19.0M->14.0M Heap: 210.2M(256.0M)->78.1M(256.0M)]
 [Times: user=0.03 sys=0.00, real=0.01 secs] 
2014-07-10T11:37:34.828+0200: 85.608: [GC pause (G1 Evacuation Pause) (young) 85.608: [G1Ergonomics (CSet Construction) start choosing CSet, _pending_cards: 512, predicted base time: 1.26 ms, remaining time: 198.74 ms, target pause time: 200.00 ms]
 85.608: [G1Ergonomics (CSet Construction) add young regions to CSet, eden: 135 regions, survivors: 14 regions, predicted young region time: 61.07 ms]
 85.608: [G1Ergonomics (CSet Construction) finish choosing CSet, eden: 135 regions, survivors: 14 regions, old: 0 regions, predicted pause time: 62.33 ms, target pause time: 200.00 ms]
, 0.0117295 secs]
   [Parallel Time: 11.0 ms, GC Workers: 2]
      [GC Worker Start (ms): Min: 85607.8, Avg: 85607.8, Max: 85607.8, Diff: 0.0]
      [Ext Root Scanning (ms): Min: 0.3, Avg: 0.3, Max: 0.3, Diff: 0.0, Sum: 0.7]
      [Update RS (ms): Min: 0.0, Avg: 0.0, Max: 0.0, Diff: 0.0, Sum: 0.1]
         [Processed Buffers: Min: 1, Avg: 1.5, Max: 2, Diff: 1, Sum: 3]
      [Scan RS (ms): Min: 0.2, Avg: 0.3, Max: 0.3, Diff: 0.0, Sum: 0.5]
      [Code Root Scanning (ms): Min: 0.1, Avg: 0.1, Max: 0.1, Diff: 0.0, Sum: 0.2]
      [Object Copy (ms): Min: 10.2, Avg: 10.2, Max: 10.2, Diff: 0.0, Sum: 20.4]
      [Termination (ms): Min: 0.0, Avg: 0.0, Max: 0.0, Diff: 0.0, Sum: 0.0]
      [GC Worker Other (ms): Min: 0.0, Avg: 0.0, Max: 0.0, Diff: 0.0, Sum: 0.1]
      [GC Worker Total (ms): Min: 11.0, Avg: 11.0, Max: 11.0, Diff: 0.0, Sum: 22.0]
      [GC Worker End (ms): Min: 85618.8, Avg: 85618.8, Max: 85618.8, Diff: 0.0]
   [Code Root Fixup: 0.0 ms]
   [Code Root Migration: 0.0 ms]
   [Clear CT: 0.1 ms]
   [Other: 0.6 ms]
      [Choose CSet: 0.0 ms]
      [Ref Proc: 0.2 ms]
      [Ref Enq: 0.0 ms]
      [Free CSet: 0.2 ms]
   [Eden: 135.0M(135.0M)->0.0B(133.0M) Survivors: 14.0M->16.0M Heap: 213.1M(256.0M)->80.9M(256.0M)]
 [Times: user=0.03 sys=0.00, real=0.01 secs] 
2014-07-10T11:37:34.993+0200: 85.773: [GC pause (G1 Evacuation Pause) (young) 85.773: [G1Ergonomics (CSet Construction) start choosing CSet, _pending_cards: 258, predicted base time: 1.17 ms, remaining time: 198.83 ms, target pause time: 200.00 ms]
 85.773: [G1Ergonomics (CSet Construction) add young regions to CSet, eden: 133 regions, survivors: 16 regions, predicted young region time: 86.18 ms]
 85.773: [G1Ergonomics (CSet Construction) finish choosing CSet, eden: 133 regions, survivors: 16 regions, old: 0 regions, predicted pause time: 87.35 ms, target pause time: 200.00 ms]
, 0.0071422 secs]
   [Parallel Time: 5.9 ms, GC Workers: 2]
      [GC Worker Start (ms): Min: 85773.1, Avg: 85773.2, Max: 85773.2, Diff: 0.0]
      [Ext Root Scanning (ms): Min: 0.5, Avg: 0.5, Max: 0.5, Diff: 0.0, Sum: 1.1]
      [Update RS (ms): Min: 0.1, Avg: 0.1, Max: 0.1, Diff: 0.0, Sum: 0.1]
         [Processed Buffers: Min: 1, Avg: 1.5, Max: 2, Diff: 1, Sum: 3]
      [Scan RS (ms): Min: 0.4, Avg: 0.4, Max: 0.4, Diff: 0.0, Sum: 0.8]
      [Code Root Scanning (ms): Min: 0.1, Avg: 0.1, Max: 0.2, Diff: 0.0, Sum: 0.3]
      [Object Copy (ms): Min: 4.7, Avg: 4.7, Max: 4.7, Diff: 0.0, Sum: 9.3]
      [Termination (ms): Min: 0.0, Avg: 0.0, Max: 0.0, Diff: 0.0, Sum: 0.0]
      [GC Worker Other (ms): Min: 0.0, Avg: 0.0, Max: 0.0, Diff: 0.0, Sum: 0.1]
      [GC Worker Total (ms): Min: 5.8, Avg: 5.9, Max: 5.9, Diff: 0.0, Sum: 11.7]
      [GC Worker End (ms): Min: 85779.0, Avg: 85779.0, Max: 85779.0, Diff: 0.0]
   [Code Root Fixup: 0.0 ms]
   [Code Root Migration: 0.1 ms]
   [Clear CT: 0.2 ms]
   [Other: 0.9 ms]
      [Choose CSet: 0.1 ms]
      [Ref Proc: 0.1 ms]
      [Ref Enq: 0.0 ms]
      [Free CSet: 0.5 ms]
   [Eden: 133.0M(133.0M)->0.0B(145.0M) Survivors: 16.0M->5120.0K Heap: 213.9M(256.0M)->69.7M(256.0M)]
 [Times: user=0.00 sys=0.00, real=0.01 secs] 
2014-07-10T11:37:35.096+0200: 85.876: [GC pause (G1 Evacuation Pause) (young) 85.877: [G1Ergonomics (CSet Construction) start choosing CSet, _pending_cards: 512, predicted base time: 1.31 ms, remaining time: 198.69 ms, target pause time: 200.00 ms]
 85.877: [G1Ergonomics (CSet Construction) add young regions to CSet, eden: 145 regions, survivors: 5 regions, predicted young region time: 21.80 ms]
 85.877: [G1Ergonomics (CSet Construction) finish choosing CSet, eden: 145 regions, survivors: 5 regions, old: 0 regions, predicted pause time: 23.11 ms, target pause time: 200.00 ms]
, 0.0129313 secs]
   [Parallel Time: 12.2 ms, GC Workers: 2]
      [GC Worker Start (ms): Min: 85876.6, Avg: 85876.6, Max: 85876.6, Diff: 0.0]
      [Ext Root Scanning (ms): Min: 0.3, Avg: 0.3, Max: 0.3, Diff: 0.0, Sum: 0.7]
      [Update RS (ms): Min: 0.0, Avg: 0.0, Max: 0.1, Diff: 0.0, Sum: 0.1]
         [Processed Buffers: Min: 1, Avg: 1.5, Max: 2, Diff: 1, Sum: 3]
      [Scan RS (ms): Min: 0.3, Avg: 0.3, Max: 0.4, Diff: 0.0, Sum: 0.7]
      [Code Root Scanning (ms): Min: 0.1, Avg: 0.1, Max: 0.1, Diff: 0.1, Sum: 0.2]
      [Object Copy (ms): Min: 11.3, Avg: 11.3, Max: 11.3, Diff: 0.0, Sum: 22.6]
      [Termination (ms): Min: 0.0, Avg: 0.0, Max: 0.0, Diff: 0.0, Sum: 0.0]
      [GC Worker Other (ms): Min: 0.0, Avg: 0.0, Max: 0.0, Diff: 0.0, Sum: 0.1]
      [GC Worker Total (ms): Min: 12.2, Avg: 12.2, Max: 12.2, Diff: 0.0, Sum: 24.4]
      [GC Worker End (ms): Min: 85888.8, Avg: 85888.8, Max: 85888.8, Diff: 0.0]
   [Code Root Fixup: 0.0 ms]
   [Code Root Migration: 0.0 ms]
   [Clear CT: 0.2 ms]
   [Other: 0.5 ms]
      [Choose CSet: 0.0 ms]
      [Ref Proc: 0.1 ms]
      [Ref Enq: 0.0 ms]
      [Free CSet: 0.2 ms]
   [Eden: 145.0M(145.0M)->0.0B(128.0M) Survivors: 5120.0K->18.0M Heap: 214.7M(256.0M)->82.6M(256.0M)]
 [Times: user=0.03 sys=0.00, real=0.01 secs] 
2014-07-10T11:37:35.245+0200: 86.025: [GC pause (G1 Evacuation Pause) (young) 86.025: [G1Ergonomics (CSet Construction) start choosing CSet, _pending_cards: 512, predicted base time: 1.23 ms, remaining time: 198.77 ms, target pause time: 200.00 ms]
 86.025: [G1Ergonomics (CSet Construction) add young regions to CSet, eden: 128 regions, survivors: 18 regions, predicted young region time: 97.26 ms]
 86.025: [G1Ergonomics (CSet Construction) finish choosing CSet, eden: 128 regions, survivors: 18 regions, old: 0 regions, predicted pause time: 98.49 ms, target pause time: 200.00 ms]
, 0.0100140 secs]
   [Parallel Time: 9.4 ms, GC Workers: 2]
      [GC Worker Start (ms): Min: 86025.4, Avg: 86025.4, Max: 86025.4, Diff: 0.0]
      [Ext Root Scanning (ms): Min: 0.3, Avg: 0.3, Max: 0.3, Diff: 0.0, Sum: 0.6]
      [Update RS (ms): Min: 0.0, Avg: 0.0, Max: 0.0, Diff: 0.0, Sum: 0.1]
         [Processed Buffers: Min: 1, Avg: 1.5, Max: 2, Diff: 1, Sum: 3]
      [Scan RS (ms): Min: 0.2, Avg: 0.2, Max: 0.2, Diff: 0.0, Sum: 0.4]
      [Code Root Scanning (ms): Min: 0.1, Avg: 0.1, Max: 0.1, Diff: 0.0, Sum: 0.2]
      [Object Copy (ms): Min: 8.6, Avg: 8.6, Max: 8.6, Diff: 0.0, Sum: 17.3]
      [Termination (ms): Min: 0.0, Avg: 0.0, Max: 0.0, Diff: 0.0, Sum: 0.0]
      [GC Worker Other (ms): Min: 0.0, Avg: 0.0, Max: 0.0, Diff: 0.0, Sum: 0.1]
      [GC Worker Total (ms): Min: 9.3, Avg: 9.3, Max: 9.3, Diff: 0.0, Sum: 18.7]
      [GC Worker End (ms): Min: 86034.8, Avg: 86034.8, Max: 86034.8, Diff: 0.0]
   [Code Root Fixup: 0.0 ms]
   [Code Root Migration: 0.1 ms]
   [Clear CT: 0.1 ms]
   [Other: 0.5 ms]
      [Choose CSet: 0.0 ms]
      [Ref Proc: 0.1 ms]
      [Ref Enq: 0.0 ms]
      [Free CSet: 0.2 ms]
   [Eden: 128.0M(128.0M)->0.0B(134.0M) Survivors: 18.0M->14.0M Heap: 210.6M(256.0M)->78.5M(256.0M)]
 [Times: user=0.00 sys=0.00, real=0.01 secs] 
2014-07-10T11:37:35.396+0200: 86.176: [GC pause (G1 Evacuation Pause) (young) 86.176: [G1Ergonomics (CSet Construction) start choosing CSet, _pending_cards: 512, predicted base time: 1.14 ms, remaining time: 198.86 ms, target pause time: 200.00 ms]
 86.176: [G1Ergonomics (CSet Construction) add young regions to CSet, eden: 134 regions, survivors: 14 regions, predicted young region time: 19.64 ms]
 86.176: [G1Ergonomics (CSet Construction) finish choosing CSet, eden: 134 regions, survivors: 14 regions, old: 0 regions, predicted pause time: 20.78 ms, target pause time: 200.00 ms]
, 0.0112088 secs]
   [Parallel Time: 10.6 ms, GC Workers: 2]
      [GC Worker Start (ms): Min: 86175.7, Avg: 86175.7, Max: 86175.7, Diff: 0.0]
      [Ext Root Scanning (ms): Min: 0.3, Avg: 0.3, Max: 0.3, Diff: 0.0, Sum: 0.7]
      [Update RS (ms): Min: 0.0, Avg: 0.0, Max: 0.0, Diff: 0.0, Sum: 0.1]
         [Processed Buffers: Min: 1, Avg: 1.5, Max: 2, Diff: 1, Sum: 3]
      [Scan RS (ms): Min: 0.2, Avg: 0.2, Max: 0.2, Diff: 0.0, Sum: 0.5]
      [Code Root Scanning (ms): Min: 0.1, Avg: 0.1, Max: 0.1, Diff: 0.0, Sum: 0.2]
      [Object Copy (ms): Min: 9.8, Avg: 9.8, Max: 9.8, Diff: 0.0, Sum: 19.5]
      [Termination (ms): Min: 0.0, Avg: 0.0, Max: 0.0, Diff: 0.0, Sum: 0.0]
      [GC Worker Other (ms): Min: 0.0, Avg: 0.0, Max: 0.0, Diff: 0.0, Sum: 0.1]
      [GC Worker Total (ms): Min: 10.5, Avg: 10.5, Max: 10.5, Diff: 0.0, Sum: 21.0]
      [GC Worker End (ms): Min: 86186.2, Avg: 86186.2, Max: 86186.2, Diff: 0.0]
   [Code Root Fixup: 0.0 ms]
   [Code Root Migration: 0.1 ms]
   [Clear CT: 0.1 ms]
   [Other: 0.5 ms]
      [Choose CSet: 0.0 ms]
      [Ref Proc: 0.1 ms]
      [Ref Enq: 0.0 ms]
      [Free CSet: 0.3 ms]
   [Eden: 134.0M(134.0M)->0.0B(132.0M) Survivors: 14.0M->16.0M Heap: 212.5M(256.0M)->80.4M(256.0M)]
 [Times: user=0.03 sys=0.00, real=0.01 secs] 
2014-07-10T11:37:35.490+0200: 86.270: [GC pause (G1 Evacuation Pause) (young) 86.270: [G1Ergonomics (CSet Construction) start choosing CSet, _pending_cards: 259, predicted base time: 1.05 ms, remaining time: 198.95 ms, target pause time: 200.00 ms]
 86.270: [G1Ergonomics (CSet Construction) add young regions to CSet, eden: 132 regions, survivors: 16 regions, predicted young region time: 93.13 ms]
 86.270: [G1Ergonomics (CSet Construction) finish choosing CSet, eden: 132 regions, survivors: 16 regions, old: 0 regions, predicted pause time: 94.18 ms, target pause time: 200.00 ms]
, 0.0018434 secs]
   [Parallel Time: 1.3 ms, GC Workers: 2]
      [GC Worker Start (ms): Min: 86270.3, Avg: 86270.3, Max: 86270.3, Diff: 0.0]
      [Ext Root Scanning (ms): Min: 0.2, Avg: 0.2, Max: 0.2, Diff: 0.0, Sum: 0.4]
      [Update RS (ms): Min: 0.0, Avg: 0.0, Max: 0.0, Diff: 0.0, Sum: 0.1]
         [Processed Buffers: Min: 1, Avg: 1.5, Max: 2, Diff: 1, Sum: 3]
      [Scan RS (ms): Min: 0.2, Avg: 0.2, Max: 0.2, Diff: 0.0, Sum: 0.4]
      [Code Root Scanning (ms): Min: 0.1, Avg: 0.1, Max: 0.1, Diff: 0.0, Sum: 0.2]
      [Object Copy (ms): Min: 0.7, Avg: 0.7, Max: 0.7, Diff: 0.0, Sum: 1.4]
      [Termination (ms): Min: 0.0, Avg: 0.0, Max: 0.0, Diff: 0.0, Sum: 0.0]
      [GC Worker Other (ms): Min: 0.0, Avg: 0.0, Max: 0.0, Diff: 0.0, Sum: 0.0]
      [GC Worker Total (ms): Min: 1.3, Avg: 1.3, Max: 1.3, Diff: 0.0, Sum: 2.6]
      [GC Worker End (ms): Min: 86271.6, Avg: 86271.6, Max: 86271.6, Diff: 0.0]
   [Code Root Fixup: 0.0 ms]
   [Code Root Migration: 0.0 ms]
   [Clear CT: 0.1 ms]
   [Other: 0.4 ms]
      [Choose CSet: 0.0 ms]
      [Ref Proc: 0.1 ms]
      [Ref Enq: 0.0 ms]
      [Free CSet: 0.2 ms]
   [Eden: 132.0M(132.0M)->0.0B(148.0M) Survivors: 16.0M->3072.0K Heap: 212.4M(256.0M)->67.2M(256.0M)]
 [Times: user=0.03 sys=0.00, real=0.00 secs] 
2014-07-10T11:37:35.628+0200: 86.408: [GC pause (G1 Evacuation Pause) (young) 86.408: [G1Ergonomics (CSet Construction) start choosing CSet, _pending_cards: 512, predicted base time: 1.00 ms, remaining time: 199.00 ms, target pause time: 200.00 ms]
 86.408: [G1Ergonomics (CSet Construction) add young regions to CSet, eden: 148 regions, survivors: 3 regions, predicted young region time: 93.74 ms]
 86.408: [G1Ergonomics (CSet Construction) finish choosing CSet, eden: 148 regions, survivors: 3 regions, old: 0 regions, predicted pause time: 94.74 ms, target pause time: 200.00 ms]
, 0.0127417 secs]
   [Parallel Time: 12.1 ms, GC Workers: 2]
      [GC Worker Start (ms): Min: 86408.3, Avg: 86408.3, Max: 86408.3, Diff: 0.0]
      [Ext Root Scanning (ms): Min: 0.4, Avg: 0.4, Max: 0.4, Diff: 0.0, Sum: 0.7]
      [Update RS (ms): Min: 0.0, Avg: 0.1, Max: 0.1, Diff: 0.0, Sum: 0.1]
         [Processed Buffers: Min: 1, Avg: 1.5, Max: 2, Diff: 1, Sum: 3]
      [Scan RS (ms): Min: 0.2, Avg: 0.2, Max: 0.2, Diff: 0.0, Sum: 0.5]
      [Code Root Scanning (ms): Min: 0.1, Avg: 0.1, Max: 0.1, Diff: 0.0, Sum: 0.2]
      [Object Copy (ms): Min: 11.3, Avg: 11.3, Max: 11.3, Diff: 0.0, Sum: 22.5]
      [Termination (ms): Min: 0.0, Avg: 0.0, Max: 0.0, Diff: 0.0, Sum: 0.0]
      [GC Worker Other (ms): Min: 0.0, Avg: 0.0, Max: 0.0, Diff: 0.0, Sum: 0.1]
      [GC Worker Total (ms): Min: 12.0, Avg: 12.0, Max: 12.1, Diff: 0.0, Sum: 24.1]
      [GC Worker End (ms): Min: 86420.4, Avg: 86420.4, Max: 86420.4, Diff: 0.0]
   [Code Root Fixup: 0.0 ms]
   [Code Root Migration: 0.0 ms]
   [Clear CT: 0.1 ms]
   [Other: 0.5 ms]
      [Choose CSet: 0.0 ms]
      [Ref Proc: 0.1 ms]
      [Ref Enq: 0.0 ms]
      [Free CSet: 0.2 ms]
   [Eden: 148.0M(148.0M)->0.0B(128.0M) Survivors: 3072.0K->18.0M Heap: 215.2M(256.0M)->83.0M(256.0M)]
 [Times: user=0.03 sys=0.00, real=0.01 secs] 
2014-07-10T11:37:35.801+0200: 86.581: [GC pause (G1 Evacuation Pause) (young) 86.581: [G1Ergonomics (CSet Construction) start choosing CSet, _pending_cards: 512, predicted base time: 0.99 ms, remaining time: 199.01 ms, target pause time: 200.00 ms]
 86.581: [G1Ergonomics (CSet Construction) add young regions to CSet, eden: 128 regions, survivors: 18 regions, predicted young region time: 58.51 ms]
 86.581: [G1Ergonomics (CSet Construction) finish choosing CSet, eden: 128 regions, survivors: 18 regions, old: 0 regions, predicted pause time: 59.50 ms, target pause time: 200.00 ms]
, 0.0166584 secs]
   [Parallel Time: 15.4 ms, GC Workers: 2]
      [GC Worker Start (ms): Min: 86581.1, Avg: 86581.1, Max: 86581.1, Diff: 0.0]
      [Ext Root Scanning (ms): Min: 0.6, Avg: 0.6, Max: 0.6, Diff: 0.0, Sum: 1.2]
      [Update RS (ms): Min: 0.1, Avg: 0.1, Max: 0.1, Diff: 0.1, Sum: 0.2]
         [Processed Buffers: Min: 1, Avg: 1.5, Max: 2, Diff: 1, Sum: 3]
      [Scan RS (ms): Min: 0.4, Avg: 0.4, Max: 0.4, Diff: 0.0, Sum: 0.8]
      [Code Root Scanning (ms): Min: 0.1, Avg: 0.1, Max: 0.2, Diff: 0.0, Sum: 0.3]
      [Object Copy (ms): Min: 14.0, Avg: 14.0, Max: 14.1, Diff: 0.0, Sum: 28.1]
      [Termination (ms): Min: 0.0, Avg: 0.0, Max: 0.0, Diff: 0.0, Sum: 0.0]
      [GC Worker Other (ms): Min: 0.0, Avg: 0.0, Max: 0.0, Diff: 0.0, Sum: 0.1]
      [GC Worker Total (ms): Min: 15.3, Avg: 15.3, Max: 15.3, Diff: 0.0, Sum: 30.7]
      [GC Worker End (ms): Min: 86596.4, Avg: 86596.4, Max: 86596.4, Diff: 0.0]
   [Code Root Fixup: 0.0 ms]
   [Code Root Migration: 0.1 ms]
   [Clear CT: 0.2 ms]
   [Other: 0.9 ms]
      [Choose CSet: 0.1 ms]
      [Ref Proc: 0.1 ms]
      [Ref Enq: 0.0 ms]
      [Free CSet: 0.5 ms]
   [Eden: 128.0M(128.0M)->0.0B(134.0M) Survivors: 18.0M->14.0M Heap: 211.0M(256.0M)->78.9M(256.0M)]
 [Times: user=0.03 sys=0.00, real=0.02 secs] 
2014-07-10T11:37:35.897+0200: 86.677: [GC pause (G1 Evacuation Pause) (young) 86.677: [G1Ergonomics (CSet Construction) start choosing CSet, _pending_cards: 512, predicted base time: 1.24 ms, remaining time: 198.76 ms, target pause time: 200.00 ms]
 86.677: [G1Ergonomics (CSet Construction) add young regions to CSet, eden: 134 regions, survivors: 14 regions, predicted young region time: 106.86 ms]
 86.677: [G1Ergonomics (CSet Construction) finish choosing CSet, eden: 134 regions, survivors: 14 regions, old: 0 regions, predicted pause time: 108.10 ms, target pause time: 200.00 ms]
, 0.0112319 secs]
   [Parallel Time: 10.6 ms, GC Workers: 2]
      [GC Worker Start (ms): Min: 86676.9, Avg: 86676.9, Max: 86676.9, Diff: 0.0]
      [Ext Root Scanning (ms): Min: 0.3, Avg: 0.3, Max: 0.3, Diff: 0.0, Sum: 0.7]
      [Update RS (ms): Min: 0.0, Avg: 0.0, Max: 0.1, Diff: 0.0, Sum: 0.1]
         [Processed Buffers: Min: 1, Avg: 1.5, Max: 2, Diff: 1, Sum: 3]
      [Scan RS (ms): Min: 0.2, Avg: 0.2, Max: 0.3, Diff: 0.0, Sum: 0.5]
      [Code Root Scanning (ms): Min: 0.1, Avg: 0.1, Max: 0.1, Diff: 0.0, Sum: 0.2]
      [Object Copy (ms): Min: 9.8, Avg: 9.8, Max: 9.8, Diff: 0.0, Sum: 19.6]
      [Termination (ms): Min: 0.0, Avg: 0.0, Max: 0.0, Diff: 0.0, Sum: 0.0]
      [GC Worker Other (ms): Min: 0.0, Avg: 0.0, Max: 0.0, Diff: 0.0, Sum: 0.1]
      [GC Worker Total (ms): Min: 10.6, Avg: 10.6, Max: 10.6, Diff: 0.0, Sum: 21.2]
      [GC Worker End (ms): Min: 86687.5, Avg: 86687.5, Max: 86687.5, Diff: 0.0]
   [Code Root Fixup: 0.0 ms]
   [Code Root Migration: 0.1 ms]
   [Clear CT: 0.1 ms]
   [Other: 0.4 ms]
      [Choose CSet: 0.0 ms]
      [Ref Proc: 0.1 ms]
      [Ref Enq: 0.0 ms]
      [Free CSet: 0.2 ms]
   [Eden: 134.0M(134.0M)->0.0B(132.0M) Survivors: 14.0M->16.0M Heap: 212.9M(256.0M)->80.8M(256.0M)]
 [Times: user=0.00 sys=0.00, real=0.01 secs] 
2014-07-10T11:37:36.035+0200: 86.815: [GC pause (G1 Evacuation Pause) (young) 86.815: [G1Ergonomics (CSet Construction) start choosing CSet, _pending_cards: 257, predicted base time: 1.12 ms, remaining time: 198.88 ms, target pause time: 200.00 ms]
 86.815: [G1Ergonomics (CSet Construction) add young regions to CSet, eden: 132 regions, survivors: 16 regions, predicted young region time: 66.63 ms]
 86.815: [G1Ergonomics (CSet Construction) finish choosing CSet, eden: 132 regions, survivors: 16 regions, old: 0 regions, predicted pause time: 67.76 ms, target pause time: 200.00 ms]
, 0.0065692 secs]
   [Parallel Time: 6.0 ms, GC Workers: 2]
      [GC Worker Start (ms): Min: 86814.7, Avg: 86814.7, Max: 86814.7, Diff: 0.0]
      [Ext Root Scanning (ms): Min: 0.4, Avg: 0.4, Max: 0.4, Diff: 0.0, Sum: 0.7]
      [Update RS (ms): Min: 0.0, Avg: 0.0, Max: 0.0, Diff: 0.0, Sum: 0.1]
         [Processed Buffers: Min: 1, Avg: 1.5, Max: 2, Diff: 1, Sum: 3]
      [Scan RS (ms): Min: 0.3, Avg: 0.3, Max: 0.3, Diff: 0.0, Sum: 0.5]
      [Code Root Scanning (ms): Min: 0.1, Avg: 0.1, Max: 0.1, Diff: 0.0, Sum: 0.2]
      [Object Copy (ms): Min: 5.1, Avg: 5.1, Max: 5.1, Diff: 0.0, Sum: 10.3]
      [Termination (ms): Min: 0.0, Avg: 0.0, Max: 0.0, Diff: 0.0, Sum: 0.0]
      [GC Worker Other (ms): Min: 0.0, Avg: 0.0, Max: 0.0, Diff: 0.0, Sum: 0.1]
      [GC Worker Total (ms): Min: 5.9, Avg: 6.0, Max: 6.0, Diff: 0.0, Sum: 11.9]
      [GC Worker End (ms): Min: 86820.7, Avg: 86820.7, Max: 86820.7, Diff: 0.0]
   [Code Root Fixup: 0.0 ms]
   [Code Root Migration: 0.0 ms]
   [Clear CT: 0.1 ms]
   [Other: 0.4 ms]
      [Choose CSet: 0.0 ms]
      [Ref Proc: 0.0 ms]
      [Ref Enq: 0.0 ms]
      [Free CSet: 0.2 ms]
   [Eden: 132.0M(132.0M)->0.0B(141.0M) Survivors: 16.0M->8192.0K Heap: 212.8M(256.0M)->72.6M(256.0M)]
 [Times: user=0.03 sys=0.00, real=0.01 secs] 
2014-07-10T11:37:36.198+0200: 86.978: [GC pause (G1 Evacuation Pause) (young) 86.978: [G1Ergonomics (CSet Construction) start choosing CSet, _pending_cards: 512, predicted base time: 1.10 ms, remaining time: 198.90 ms, target pause time: 200.00 ms]
 86.978: [G1Ergonomics (CSet Construction) add young regions to CSet, eden: 141 regions, survivors: 8 regions, predicted young region time: 104.38 ms]
 86.978: [G1Ergonomics (CSet Construction) finish choosing CSet, eden: 141 regions, survivors: 8 regions, old: 0 regions, predicted pause time: 105.49 ms, target pause time: 200.00 ms]
, 0.0125184 secs]
   [Parallel Time: 11.7 ms, GC Workers: 2]
      [GC Worker Start (ms): Min: 86977.9, Avg: 86978.0, Max: 86978.1, Diff: 0.2]
      [Ext Root Scanning (ms): Min: 0.2, Avg: 0.3, Max: 0.4, Diff: 0.2, Sum: 0.6]
      [Update RS (ms): Min: 0.0, Avg: 0.0, Max: 0.0, Diff: 0.0, Sum: 0.1]
         [Processed Buffers: Min: 1, Avg: 1.5, Max: 2, Diff: 1, Sum: 3]
      [Scan RS (ms): Min: 0.3, Avg: 0.3, Max: 0.3, Diff: 0.0, Sum: 0.5]
      [Code Root Scanning (ms): Min: 0.1, Avg: 0.1, Max: 0.1, Diff: 0.0, Sum: 0.2]
      [Object Copy (ms): Min: 10.9, Avg: 10.9, Max: 10.9, Diff: 0.0, Sum: 21.7]
      [Termination (ms): Min: 0.0, Avg: 0.0, Max: 0.0, Diff: 0.0, Sum: 0.0]
      [GC Worker Other (ms): Min: 0.0, Avg: 0.0, Max: 0.0, Diff: 0.0, Sum: 0.1]
      [GC Worker Total (ms): Min: 11.5, Avg: 11.6, Max: 11.7, Diff: 0.2, Sum: 23.3]
      [GC Worker End (ms): Min: 86989.6, Avg: 86989.6, Max: 86989.6, Diff: 0.0]
   [Code Root Fixup: 0.0 ms]
   [Code Root Migration: 0.1 ms]
   [Clear CT: 0.1 ms]
   [Other: 0.6 ms]
      [Choose CSet: 0.0 ms]
      [Ref Proc: 0.1 ms]
      [Ref Enq: 0.0 ms]
      [Free CSet: 0.3 ms]
   [Eden: 141.0M(141.0M)->0.0B(130.0M) Survivors: 8192.0K->17.0M Heap: 213.6M(256.0M)->81.5M(256.0M)]
 [Times: user=0.03 sys=0.00, real=0.01 secs] 
2014-07-10T11:37:36.295+0200: 87.075: [GC pause (G1 Evacuation Pause) (young) 87.076: [G1Ergonomics (CSet Construction) start choosing CSet, _pending_cards: 512, predicted base time: 1.08 ms, remaining time: 198.92 ms, target pause time: 200.00 ms]
 87.076: [G1Ergonomics (CSet Construction) add young regions to CSet, eden: 130 regions, survivors: 17 regions, predicted young region time: 19.44 ms]
 87.076: [G1Ergonomics (CSet Construction) finish choosing CSet, eden: 130 regions, survivors: 17 regions, old: 0 regions, predicted pause time: 20.52 ms, target pause time: 200.00 ms]
, 0.0108338 secs]
   [Parallel Time: 9.9 ms, GC Workers: 2]
      [GC Worker Start (ms): Min: 87075.6, Avg: 87075.6, Max: 87075.6, Diff: 0.0]
      [Ext Root Scanning (ms): Min: 0.3, Avg: 0.3, Max: 0.3, Diff: 0.0, Sum: 0.7]
      [Update RS (ms): Min: 0.0, Avg: 0.0, Max: 0.0, Diff: 0.0, Sum: 0.1]
         [Processed Buffers: Min: 1, Avg: 1.5, Max: 2, Diff: 1, Sum: 3]
      [Scan RS (ms): Min: 0.2, Avg: 0.2, Max: 0.2, Diff: 0.0, Sum: 0.5]
      [Code Root Scanning (ms): Min: 0.1, Avg: 0.1, Max: 0.1, Diff: 0.0, Sum: 0.2]
      [Object Copy (ms): Min: 9.2, Avg: 9.2, Max: 9.2, Diff: 0.0, Sum: 18.4]
      [Termination (ms): Min: 0.0, Avg: 0.0, Max: 0.0, Diff: 0.0, Sum: 0.0]
      [GC Worker Other (ms): Min: 0.0, Avg: 0.0, Max: 0.0, Diff: 0.0, Sum: 0.1]
      [GC Worker Total (ms): Min: 9.9, Avg: 9.9, Max: 9.9, Diff: 0.0, Sum: 19.8]
      [GC Worker End (ms): Min: 87085.5, Avg: 87085.5, Max: 87085.5, Diff: 0.0]
   [Code Root Fixup: 0.0 ms]
   [Code Root Migration: 0.0 ms]
   [Clear CT: 0.1 ms]
   [Other: 0.7 ms]
      [Choose CSet: 0.0 ms]
      [Ref Proc: 0.3 ms]
      [Ref Enq: 0.0 ms]
      [Free CSet: 0.2 ms]
   [Eden: 130.0M(130.0M)->0.0B(133.0M) Survivors: 17.0M->15.0M Heap: 211.5M(256.0M)->79.4M(256.0M)]
 [Times: user=0.03 sys=0.00, real=0.01 secs] 
2014-07-10T11:37:36.429+0200: 87.209: [GC pause (G1 Evacuation Pause) (young) 87.209: [G1Ergonomics (CSet Construction) start choosing CSet, _pending_cards: 513, predicted base time: 1.12 ms, remaining time: 198.88 ms, target pause time: 200.00 ms]
 87.209: [G1Ergonomics (CSet Construction) add young regions to CSet, eden: 133 regions, survivors: 15 regions, predicted young region time: 93.49 ms]
 87.209: [G1Ergonomics (CSet Construction) finish choosing CSet, eden: 133 regions, survivors: 15 regions, old: 0 regions, predicted pause time: 94.61 ms, target pause time: 200.00 ms]
, 0.0027578 secs]
   [Parallel Time: 2.1 ms, GC Workers: 2]
      [GC Worker Start (ms): Min: 87209.2, Avg: 87209.2, Max: 87209.2, Diff: 0.0]
      [Ext Root Scanning (ms): Min: 0.3, Avg: 0.3, Max: 0.3, Diff: 0.0, Sum: 0.6]
      [Update RS (ms): Min: 0.0, Avg: 0.0, Max: 0.0, Diff: 0.0, Sum: 0.1]
         [Processed Buffers: Min: 2, Avg: 2.0, Max: 2, Diff: 0, Sum: 4]
      [Scan RS (ms): Min: 0.3, Avg: 0.3, Max: 0.3, Diff: 0.0, Sum: 0.5]
      [Code Root Scanning (ms): Min: 0.1, Avg: 0.1, Max: 0.1, Diff: 0.0, Sum: 0.2]
      [Object Copy (ms): Min: 1.3, Avg: 1.4, Max: 1.4, Diff: 0.0, Sum: 2.7]
      [Termination (ms): Min: 0.0, Avg: 0.0, Max: 0.0, Diff: 0.0, Sum: 0.0]
      [GC Worker Other (ms): Min: 0.0, Avg: 0.0, Max: 0.0, Diff: 0.0, Sum: 0.1]
      [GC Worker Total (ms): Min: 2.1, Avg: 2.1, Max: 2.1, Diff: 0.0, Sum: 4.2]
      [GC Worker End (ms): Min: 87211.3, Avg: 87211.3, Max: 87211.3, Diff: 0.0]
   [Code Root Fixup: 0.0 ms]
   [Code Root Migration: 0.1 ms]
   [Clear CT: 0.2 ms]
   [Other: 0.4 ms]
      [Choose CSet: 0.0 ms]
      [Ref Proc: 0.0 ms]
      [Ref Enq: 0.0 ms]
      [Free CSet: 0.2 ms]
   [Eden: 133.0M(133.0M)->0.0B(148.0M) Survivors: 15.0M->3072.0K Heap: 212.4M(256.0M)->68.2M(256.0M)]
 [Times: user=0.00 sys=0.00, real=0.00 secs] 
2014-07-10T11:37:36.597+0200: 87.377: [GC pause (G1 Evacuation Pause) (young) 87.377: [G1Ergonomics (CSet Construction) start choosing CSet, _pending_cards: 513, predicted base time: 1.07 ms, remaining time: 198.93 ms, target pause time: 200.00 ms]
 87.377: [G1Ergonomics (CSet Construction) add young regions to CSet, eden: 148 regions, survivors: 3 regions, predicted young region time: 15.90 ms]
 87.377: [G1Ergonomics (CSet Construction) finish choosing CSet, eden: 148 regions, survivors: 3 regions, old: 0 regions, predicted pause time: 16.96 ms, target pause time: 200.00 ms]
, 0.0113746 secs]
   [Parallel Time: 10.5 ms, GC Workers: 2]
      [GC Worker Start (ms): Min: 87377.2, Avg: 87377.2, Max: 87377.2, Diff: 0.0]
      [Ext Root Scanning (ms): Min: 0.3, Avg: 0.3, Max: 0.3, Diff: 0.0, Sum: 0.5]
      [Update RS (ms): Min: 0.0, Avg: 0.0, Max: 0.1, Diff: 0.0, Sum: 0.1]
         [Processed Buffers: Min: 1, Avg: 2.0, Max: 3, Diff: 2, Sum: 4]
      [Scan RS (ms): Min: 0.2, Avg: 0.2, Max: 0.3, Diff: 0.0, Sum: 0.5]
      [Code Root Scanning (ms): Min: 0.1, Avg: 0.1, Max: 0.1, Diff: 0.0, Sum: 0.2]
      [Object Copy (ms): Min: 9.7, Avg: 9.8, Max: 9.8, Diff: 0.0, Sum: 19.5]
      [Termination (ms): Min: 0.0, Avg: 0.0, Max: 0.0, Diff: 0.0, Sum: 0.0]
      [GC Worker Other (ms): Min: 0.0, Avg: 0.0, Max: 0.0, Diff: 0.0, Sum: 0.0]
      [GC Worker Total (ms): Min: 10.5, Avg: 10.5, Max: 10.5, Diff: 0.0, Sum: 20.9]
      [GC Worker End (ms): Min: 87387.7, Avg: 87387.7, Max: 87387.7, Diff: 0.0]
   [Code Root Fixup: 0.0 ms]
   [Code Root Migration: 0.0 ms]
   [Clear CT: 0.2 ms]
   [Other: 0.7 ms]
      [Choose CSet: 0.0 ms]
      [Ref Proc: 0.3 ms]
      [Ref Enq: 0.0 ms]
      [Free CSet: 0.2 ms]
   [Eden: 148.0M(148.0M)->0.0B(134.0M) Survivors: 3072.0K->15.0M Heap: 216.2M(256.0M)->80.1M(256.0M)]
 [Times: user=0.03 sys=0.00, real=0.01 secs] 
2014-07-10T11:37:36.697+0200: 87.477: [GC pause (G1 Evacuation Pause) (young) 87.477: [G1Ergonomics (CSet Construction) start choosing CSet, _pending_cards: 512, predicted base time: 1.08 ms, remaining time: 198.92 ms, target pause time: 200.00 ms]
 87.477: [G1Ergonomics (CSet Construction) add young regions to CSet, eden: 134 regions, survivors: 15 regions, predicted young region time: 87.72 ms]
 87.477: [G1Ergonomics (CSet Construction) finish choosing CSet, eden: 134 regions, survivors: 15 regions, old: 0 regions, predicted pause time: 88.80 ms, target pause time: 200.00 ms]
, 0.0124792 secs]
   [Parallel Time: 11.6 ms, GC Workers: 2]
      [GC Worker Start (ms): Min: 87477.1, Avg: 87477.1, Max: 87477.1, Diff: 0.0]
      [Ext Root Scanning (ms): Min: 0.3, Avg: 0.3, Max: 0.3, Diff: 0.0, Sum: 0.6]
      [Update RS (ms): Min: 0.0, Avg: 0.1, Max: 0.1, Diff: 0.0, Sum: 0.1]
         [Processed Buffers: Min: 1, Avg: 1.5, Max: 2, Diff: 1, Sum: 3]
      [Scan RS (ms): Min: 0.3, Avg: 0.3, Max: 0.3, Diff: 0.0, Sum: 0.5]
      [Code Root Scanning (ms): Min: 0.1, Avg: 0.1, Max: 0.1, Diff: 0.0, Sum: 0.2]
      [Object Copy (ms): Min: 10.8, Avg: 10.8, Max: 10.8, Diff: 0.0, Sum: 21.6]
      [Termination (ms): Min: 0.0, Avg: 0.0, Max: 0.0, Diff: 0.0, Sum: 0.0]
      [GC Worker Other (ms): Min: 0.0, Avg: 0.0, Max: 0.0, Diff: 0.0, Sum: 0.1]
      [GC Worker Total (ms): Min: 11.6, Avg: 11.6, Max: 11.6, Diff: 0.0, Sum: 23.1]
      [GC Worker End (ms): Min: 87488.7, Avg: 87488.7, Max: 87488.7, Diff: 0.0]
   [Code Root Fixup: 0.0 ms]
   [Code Root Migration: 0.0 ms]
   [Clear CT: 0.2 ms]
   [Other: 0.7 ms]
      [Choose CSet: 0.0 ms]
      [Ref Proc: 0.3 ms]
      [Ref Enq: 0.0 ms]
      [Free CSet: 0.2 ms]
   [Eden: 134.0M(134.0M)->0.0B(130.0M) Survivors: 15.0M->17.0M Heap: 214.1M(256.0M)->82.0M(256.0M)]
 [Times: user=0.03 sys=0.00, real=0.01 secs] 
2014-07-10T11:37:36.842+0200: 87.622: [GC pause (G1 Evacuation Pause) (young) 87.622: [G1Ergonomics (CSet Construction) start choosing CSet, _pending_cards: 512, predicted base time: 1.11 ms, remaining time: 198.89 ms, target pause time: 200.00 ms]
 87.622: [G1Ergonomics (CSet Construction) add young regions to CSet, eden: 130 regions, survivors: 17 regions, predicted young region time: 85.11 ms]
 87.622: [G1Ergonomics (CSet Construction) finish choosing CSet, eden: 130 regions, survivors: 17 regions, old: 0 regions, predicted pause time: 86.22 ms, target pause time: 200.00 ms]
, 0.0111634 secs]
   [Parallel Time: 10.3 ms, GC Workers: 2]
      [GC Worker Start (ms): Min: 87622.3, Avg: 87622.3, Max: 87622.3, Diff: 0.0]
      [Ext Root Scanning (ms): Min: 0.3, Avg: 0.4, Max: 0.4, Diff: 0.0, Sum: 0.7]
      [Update RS (ms): Min: 0.1, Avg: 0.1, Max: 0.1, Diff: 0.0, Sum: 0.1]
         [Processed Buffers: Min: 1, Avg: 1.5, Max: 2, Diff: 1, Sum: 3]
      [Scan RS (ms): Min: 0.4, Avg: 0.4, Max: 0.4, Diff: 0.0, Sum: 0.8]
      [Code Root Scanning (ms): Min: 0.1, Avg: 0.1, Max: 0.1, Diff: 0.0, Sum: 0.2]
      [Object Copy (ms): Min: 9.3, Avg: 9.3, Max: 9.3, Diff: 0.0, Sum: 18.5]
      [Termination (ms): Min: 0.0, Avg: 0.0, Max: 0.0, Diff: 0.0, Sum: 0.0]
      [GC Worker Other (ms): Min: 0.0, Avg: 0.0, Max: 0.0, Diff: 0.0, Sum: 0.1]
      [GC Worker Total (ms): Min: 10.2, Avg: 10.2, Max: 10.2, Diff: 0.0, Sum: 20.4]
      [GC Worker End (ms): Min: 87632.5, Avg: 87632.5, Max: 87632.5, Diff: 0.0]
   [Code Root Fixup: 0.0 ms]
   [Code Root Migration: 0.0 ms]
   [Clear CT: 0.2 ms]
   [Other: 0.6 ms]
      [Choose CSet: 0.0 ms]
      [Ref Proc: 0.2 ms]
      [Ref Enq: 0.0 ms]
      [Free CSet: 0.2 ms]
   [Eden: 130.0M(130.0M)->0.0B(133.0M) Survivors: 17.0M->15.0M Heap: 212.0M(256.0M)->79.9M(256.0M)]
 [Times: user=0.03 sys=0.00, real=0.01 secs] 
2014-07-10T11:37:36.994+0200: 87.774: [GC pause (G1 Evacuation Pause) (young) 87.774: [G1Ergonomics (CSet Construction) start choosing CSet, _pending_cards: 257, predicted base time: 1.13 ms, remaining time: 198.87 ms, target pause time: 200.00 ms]
 87.774: [G1Ergonomics (CSet Construction) add young regions to CSet, eden: 133 regions, survivors: 15 regions, predicted young region time: 61.41 ms]
 87.774: [G1Ergonomics (CSet Construction) finish choosing CSet, eden: 133 regions, survivors: 15 regions, old: 0 regions, predicted pause time: 62.54 ms, target pause time: 200.00 ms]
, 0.0119271 secs]
   [Parallel Time: 9.6 ms, GC Workers: 2]
      [GC Worker Start (ms): Min: 87774.1, Avg: 87774.1, Max: 87774.2, Diff: 0.0]
      [Ext Root Scanning (ms): Min: 0.6, Avg: 0.7, Max: 0.7, Diff: 0.0, Sum: 1.3]
      [Update RS (ms): Min: 0.1, Avg: 0.1, Max: 0.1, Diff: 0.0, Sum: 0.1]
         [Processed Buffers: Min: 1, Avg: 1.5, Max: 2, Diff: 1, Sum: 3]
      [Scan RS (ms): Min: 0.4, Avg: 0.5, Max: 0.6, Diff: 0.2, Sum: 1.0]
      [Code Root Scanning (ms): Min: 0.3, Avg: 0.4, Max: 0.5, Diff: 0.2, Sum: 0.7]
      [Object Copy (ms): Min: 7.9, Avg: 7.9, Max: 7.9, Diff: 0.1, Sum: 15.8]
      [Termination (ms): Min: 0.0, Avg: 0.0, Max: 0.1, Diff: 0.1, Sum: 0.1]
      [GC Worker Other (ms): Min: 0.0, Avg: 0.0, Max: 0.1, Diff: 0.0, Sum: 0.1]
      [GC Worker Total (ms): Min: 9.6, Avg: 9.6, Max: 9.6, Diff: 0.0, Sum: 19.1]
      [GC Worker End (ms): Min: 87783.7, Avg: 87783.7, Max: 87783.7, Diff: 0.0]
   [Code Root Fixup: 0.0 ms]
   [Code Root Migration: 0.1 ms]
   [Clear CT: 0.3 ms]
   [Other: 1.9 ms]
      [Choose CSet: 0.1 ms]
      [Ref Proc: 0.6 ms]
      [Ref Enq: 0.0 ms]
      [Free CSet: 0.9 ms]
   [Eden: 133.0M(133.0M)->0.0B(142.0M) Survivors: 15.0M->8192.0K Heap: 212.9M(256.0M)->72.7M(256.0M)]
 [Times: user=0.03 sys=0.00, real=0.01 secs] 
2014-07-10T11:37:37.098+0200: 87.878: [GC pause (G1 Evacuation Pause) (young) 87.878: [G1Ergonomics (CSet Construction) start choosing CSet, _pending_cards: 512, predicted base time: 1.76 ms, remaining time: 198.24 ms, target pause time: 200.00 ms]
 87.878: [G1Ergonomics (CSet Construction) add young regions to CSet, eden: 142 regions, survivors: 8 regions, predicted young region time: 117.60 ms]
 87.878: [G1Ergonomics (CSet Construction) finish choosing CSet, eden: 142 regions, survivors: 8 regions, old: 0 regions, predicted pause time: 119.37 ms, target pause time: 200.00 ms]
, 0.0127479 secs]
   [Parallel Time: 11.5 ms, GC Workers: 2]
      [GC Worker Start (ms): Min: 87877.9, Avg: 87877.9, Max: 87877.9, Diff: 0.0]
      [Ext Root Scanning (ms): Min: 0.3, Avg: 0.3, Max: 0.3, Diff: 0.0, Sum: 0.7]
      [Update RS (ms): Min: 0.0, Avg: 0.0, Max: 0.0, Diff: 0.0, Sum: 0.1]
         [Processed Buffers: Min: 1, Avg: 1.5, Max: 2, Diff: 1, Sum: 3]
      [Scan RS (ms): Min: 0.4, Avg: 0.4, Max: 0.4, Diff: 0.0, Sum: 0.8]
      [Code Root Scanning (ms): Min: 0.1, Avg: 0.1, Max: 0.1, Diff: 0.0, Sum: 0.2]
      [Object Copy (ms): Min: 10.6, Avg: 10.6, Max: 10.6, Diff: 0.0, Sum: 21.2]
      [Termination (ms): Min: 0.0, Avg: 0.0, Max: 0.0, Diff: 0.0, Sum: 0.0]
      [GC Worker Other (ms): Min: 0.0, Avg: 0.0, Max: 0.0, Diff: 0.0, Sum: 0.1]
      [GC Worker Total (ms): Min: 11.5, Avg: 11.5, Max: 11.5, Diff: 0.0, Sum: 23.0]
      [GC Worker End (ms): Min: 87889.4, Avg: 87889.4, Max: 87889.4, Diff: 0.0]
   [Code Root Fixup: 0.0 ms]
   [Code Root Migration: 0.0 ms]
   [Clear CT: 0.1 ms]
   [Other: 1.1 ms]
      [Choose CSet: 0.0 ms]
      [Ref Proc: 0.7 ms]
      [Ref Enq: 0.0 ms]
      [Free CSet: 0.2 ms]
   [Eden: 142.0M(142.0M)->0.0B(128.0M) Survivors: 8192.0K->18.0M Heap: 214.7M(256.0M)->82.6M(256.0M)]
 [Times: user=0.00 sys=0.00, real=0.01 secs] 
2014-07-10T11:37:37.254+0200: 88.034: [GC pause (G1 Evacuation Pause) (young) 88.034: [G1Ergonomics (CSet Construction) start choosing CSet, _pending_cards: 512, predicted base time: 1.71 ms, remaining time: 198.29 ms, target pause time: 200.00 ms]
 88.034: [G1Ergonomics (CSet Construction) add young regions to CSet, eden: 128 regions, survivors: 18 regions, predicted young region time: 72.02 ms]
 88.034: [G1Ergonomics (CSet Construction) finish choosing CSet, eden: 128 regions, survivors: 18 regions, old: 0 regions, predicted pause time: 73.73 ms, target pause time: 200.00 ms]
, 0.0101163 secs]
   [Parallel Time: 9.3 ms, GC Workers: 2]
      [GC Worker Start (ms): Min: 88034.2, Avg: 88034.2, Max: 88034.2, Diff: 0.0]
      [Ext Root Scanning (ms): Min: 0.3, Avg: 0.3, Max: 0.3, Diff: 0.0, Sum: 0.6]
      [Update RS (ms): Min: 0.0, Avg: 0.0, Max: 0.0, Diff: 0.0, Sum: 0.1]
         [Processed Buffers: Min: 1, Avg: 1.5, Max: 2, Diff: 1, Sum: 3]
      [Scan RS (ms): Min: 0.4, Avg: 0.4, Max: 0.5, Diff: 0.1, Sum: 0.9]
      [Code Root Scanning (ms): Min: 0.1, Avg: 0.1, Max: 0.2, Diff: 0.1, Sum: 0.2]
      [Object Copy (ms): Min: 8.4, Avg: 8.4, Max: 8.4, Diff: 0.0, Sum: 16.8]
      [Termination (ms): Min: 0.0, Avg: 0.0, Max: 0.0, Diff: 0.0, Sum: 0.0]
      [GC Worker Other (ms): Min: 0.0, Avg: 0.0, Max: 0.0, Diff: 0.0, Sum: 0.1]
      [GC Worker Total (ms): Min: 9.3, Avg: 9.3, Max: 9.3, Diff: 0.0, Sum: 18.6]
      [GC Worker End (ms): Min: 88043.5, Avg: 88043.5, Max: 88043.5, Diff: 0.0]
   [Code Root Fixup: 0.0 ms]
   [Code Root Migration: 0.1 ms]
   [Clear CT: 0.2 ms]
   [Other: 0.5 ms]
      [Choose CSet: 0.0 ms]
      [Ref Proc: 0.1 ms]
      [Ref Enq: 0.0 ms]
      [Free CSet: 0.3 ms]
   [Eden: 128.0M(128.0M)->0.0B(135.0M) Survivors: 18.0M->14.0M Heap: 210.6M(256.0M)->78.5M(256.0M)]
 [Times: user=0.00 sys=0.00, real=0.01 secs] 
2014-07-10T11:37:37.403+0200: 88.183: [GC pause (G1 Evacuation Pause) (young) 88.183: [G1Ergonomics (CSet Construction) start choosing CSet, _pending_cards: 512, predicted base time: 1.54 ms, remaining time: 198.46 ms, target pause time: 200.00 ms]
 88.183: [G1Ergonomics (CSet Construction) add young regions to CSet, eden: 135 regions, survivors: 14 regions, predicted young region time: 100.23 ms]
 88.183: [G1Ergonomics (CSet Construction) finish choosing CSet, eden: 135 regions, survivors: 14 regions, old: 0 regions, predicted pause time: 101.77 ms, target pause time: 200.00 ms]
, 0.0174712 secs]
   [Parallel Time: 16.8 ms, GC Workers: 2]
      [GC Worker Start (ms): Min: 88182.9, Avg: 88182.9, Max: 88182.9, Diff: 0.0]
      [Ext Root Scanning (ms): Min: 0.5, Avg: 0.6, Max: 0.6, Diff: 0.0, Sum: 1.1]
      [Update RS (ms): Min: 0.0, Avg: 0.1, Max: 0.1, Diff: 0.0, Sum: 0.1]
         [Processed Buffers: Min: 1, Avg: 1.5, Max: 2, Diff: 1, Sum: 3]
      [Scan RS (ms): Min: 0.4, Avg: 0.4, Max: 0.4, Diff: 0.0, Sum: 0.8]
      [Code Root Scanning (ms): Min: 0.2, Avg: 0.2, Max: 0.2, Diff: 0.0, Sum: 0.3]
      [Object Copy (ms): Min: 15.4, Avg: 15.4, Max: 15.4, Diff: 0.0, Sum: 30.9]
      [Termination (ms): Min: 0.0, Avg: 0.0, Max: 0.0, Diff: 0.0, Sum: 0.0]
      [GC Worker Other (ms): Min: 0.0, Avg: 0.0, Max: 0.0, Diff: 0.0, Sum: 0.1]
      [GC Worker Total (ms): Min: 16.7, Avg: 16.7, Max: 16.7, Diff: 0.0, Sum: 33.3]
      [GC Worker End (ms): Min: 88199.5, Avg: 88199.5, Max: 88199.5, Diff: 0.0]
   [Code Root Fixup: 0.0 ms]
   [Code Root Migration: 0.0 ms]
   [Clear CT: 0.1 ms]
   [Other: 0.5 ms]
      [Choose CSet: 0.1 ms]
      [Ref Proc: 0.1 ms]
      [Ref Enq: 0.0 ms]
      [Free CSet: 0.2 ms]
   [Eden: 135.0M(135.0M)->0.0B(130.0M) Survivors: 14.0M->17.0M Heap: 213.5M(256.0M)->81.4M(256.0M)]
 [Times: user=0.03 sys=0.00, real=0.02 secs] 
2014-07-10T11:37:37.494+0200: 88.274: [GC pause (G1 Evacuation Pause) (young) 88.274: [G1Ergonomics (CSet Construction) start choosing CSet, _pending_cards: 259, predicted base time: 1.46 ms, remaining time: 198.54 ms, target pause time: 200.00 ms]
 88.274: [G1Ergonomics (CSet Construction) add young regions to CSet, eden: 130 regions, survivors: 17 regions, predicted young region time: 17.77 ms]
 88.274: [G1Ergonomics (CSet Construction) finish choosing CSet, eden: 130 regions, survivors: 17 regions, old: 0 regions, predicted pause time: 19.23 ms, target pause time: 200.00 ms]
, 0.0014632 secs]
   [Parallel Time: 1.0 ms, GC Workers: 2]
      [GC Worker Start (ms): Min: 88273.8, Avg: 88273.8, Max: 88273.8, Diff: 0.0]
      [Ext Root Scanning (ms): Min: 0.3, Avg: 0.3, Max: 0.3, Diff: 0.0, Sum: 0.6]
      [Update RS (ms): Min: 0.0, Avg: 0.0, Max: 0.1, Diff: 0.0, Sum: 0.1]
         [Processed Buffers: Min: 1, Avg: 1.5, Max: 2, Diff: 1, Sum: 3]
      [Scan RS (ms): Min: 0.2, Avg: 0.2, Max: 0.2, Diff: 0.0, Sum: 0.4]
      [Code Root Scanning (ms): Min: 0.1, Avg: 0.1, Max: 0.1, Diff: 0.0, Sum: 0.2]
      [Object Copy (ms): Min: 0.3, Avg: 0.3, Max: 0.3, Diff: 0.0, Sum: 0.7]
      [Termination (ms): Min: 0.0, Avg: 0.0, Max: 0.0, Diff: 0.0, Sum: 0.0]
      [GC Worker Other (ms): Min: 0.0, Avg: 0.0, Max: 0.0, Diff: 0.0, Sum: 0.0]
      [GC Worker Total (ms): Min: 1.0, Avg: 1.0, Max: 1.0, Diff: 0.0, Sum: 2.0]
      [GC Worker End (ms): Min: 88274.8, Avg: 88274.8, Max: 88274.8, Diff: 0.0]
   [Code Root Fixup: 0.0 ms]
   [Code Root Migration: 0.0 ms]
   [Clear CT: 0.1 ms]
   [Other: 0.3 ms]
      [Choose CSet: 0.0 ms]
      [Ref Proc: 0.1 ms]
      [Ref Enq: 0.0 ms]
      [Free CSet: 0.2 ms]
   [Eden: 130.0M(130.0M)->0.0B(150.0M) Survivors: 17.0M->1024.0K Heap: 211.4M(256.0M)->66.1M(256.0M)]
 [Times: user=0.00 sys=0.00, real=0.00 secs] 
2014-07-10T11:37:37.633+0200: 88.413: [GC pause (G1 Evacuation Pause) (young) 88.413: [G1Ergonomics (CSet Construction) start choosing CSet, _pending_cards: 512, predicted base time: 1.33 ms, remaining time: 198.67 ms, target pause time: 200.00 ms]
 88.413: [G1Ergonomics (CSet Construction) add young regions to CSet, eden: 150 regions, survivors: 1 regions, predicted young region time: 108.04 ms]
 88.413: [G1Ergonomics (CSet Construction) finish choosing CSet, eden: 150 regions, survivors: 1 regions, old: 0 regions, predicted pause time: 109.38 ms, target pause time: 200.00 ms]
, 0.0135245 secs]
   [Parallel Time: 12.9 ms, GC Workers: 2]
      [GC Worker Start (ms): Min: 88413.1, Avg: 88413.1, Max: 88413.1, Diff: 0.0]
      [Ext Root Scanning (ms): Min: 0.3, Avg: 0.3, Max: 0.3, Diff: 0.0, Sum: 0.7]
      [Update RS (ms): Min: 0.0, Avg: 0.0, Max: 0.1, Diff: 0.0, Sum: 0.1]
         [Processed Buffers: Min: 1, Avg: 1.5, Max: 2, Diff: 1, Sum: 3]
      [Scan RS (ms): Min: 0.2, Avg: 0.2, Max: 0.2, Diff: 0.0, Sum: 0.5]
      [Code Root Scanning (ms): Min: 0.1, Avg: 0.1, Max: 0.1, Diff: 0.0, Sum: 0.2]
      [Object Copy (ms): Min: 12.1, Avg: 12.2, Max: 12.2, Diff: 0.0, Sum: 24.3]
      [Termination (ms): Min: 0.0, Avg: 0.0, Max: 0.0, Diff: 0.0, Sum: 0.0]
      [GC Worker Other (ms): Min: 0.0, Avg: 0.0, Max: 0.0, Diff: 0.0, Sum: 0.1]
      [GC Worker Total (ms): Min: 12.9, Avg: 12.9, Max: 12.9, Diff: 0.0, Sum: 25.8]
      [GC Worker End (ms): Min: 88426.0, Avg: 88426.0, Max: 88426.0, Diff: 0.0]
   [Code Root Fixup: 0.0 ms]
   [Code Root Migration: 0.0 ms]
   [Clear CT: 0.1 ms]
   [Other: 0.4 ms]
      [Choose CSet: 0.0 ms]
      [Ref Proc: 0.0 ms]
      [Ref Enq: 0.0 ms]
      [Free CSet: 0.2 ms]
   [Eden: 150.0M(150.0M)->0.0B(126.0M) Survivors: 1024.0K->19.0M Heap: 216.1M(256.0M)->84.0M(256.0M)]
 [Times: user=0.02 sys=0.00, real=0.01 secs] 
2014-07-10T11:37:37.801+0200: 88.580: [GC pause (G1 Evacuation Pause) (young) 88.581: [G1Ergonomics (CSet Construction) start choosing CSet, _pending_cards: 512, predicted base time: 1.22 ms, remaining time: 198.78 ms, target pause time: 200.00 ms]
 88.581: [G1Ergonomics (CSet Construction) add young regions to CSet, eden: 126 regions, survivors: 19 regions, predicted young region time: 19.14 ms]
 88.581: [G1Ergonomics (CSet Construction) finish choosing CSet, eden: 126 regions, survivors: 19 regions, old: 0 regions, predicted pause time: 20.37 ms, target pause time: 200.00 ms]
, 0.0118339 secs]
   [Parallel Time: 11.1 ms, GC Workers: 2]
      [GC Worker Start (ms): Min: 88580.7, Avg: 88580.7, Max: 88580.8, Diff: 0.0]
      [Ext Root Scanning (ms): Min: 0.5, Avg: 0.5, Max: 0.5, Diff: 0.0, Sum: 1.1]
      [Update RS (ms): Min: 0.0, Avg: 0.1, Max: 0.1, Diff: 0.1, Sum: 0.2]
         [Processed Buffers: Min: 1, Avg: 1.5, Max: 2, Diff: 1, Sum: 3]
      [Scan RS (ms): Min: 0.4, Avg: 0.4, Max: 0.4, Diff: 0.0, Sum: 0.8]
      [Code Root Scanning (ms): Min: 0.1, Avg: 0.1, Max: 0.2, Diff: 0.0, Sum: 0.3]
      [Object Copy (ms): Min: 9.8, Avg: 9.8, Max: 9.8, Diff: 0.0, Sum: 19.6]
      [Termination (ms): Min: 0.0, Avg: 0.0, Max: 0.0, Diff: 0.0, Sum: 0.0]
      [GC Worker Other (ms): Min: 0.0, Avg: 0.0, Max: 0.0, Diff: 0.0, Sum: 0.1]
      [GC Worker Total (ms): Min: 11.0, Avg: 11.0, Max: 11.0, Diff: 0.0, Sum: 22.0]
      [GC Worker End (ms): Min: 88591.8, Avg: 88591.8, Max: 88591.8, Diff: 0.0]
   [Code Root Fixup: 0.0 ms]
   [Code Root Migration: 0.1 ms]
   [Clear CT: 0.1 ms]
   [Other: 0.6 ms]
      [Choose CSet: 0.1 ms]
      [Ref Proc: 0.1 ms]
      [Ref Enq: 0.0 ms]
      [Free CSet: 0.2 ms]
   [Eden: 126.0M(126.0M)->0.0B(135.0M) Survivors: 19.0M->13.0M Heap: 210.0M(256.0M)->77.9M(256.0M)]
 [Times: user=0.00 sys=0.00, real=0.01 secs] 
2014-07-10T11:37:37.896+0200: 88.675: [GC pause (G1 Evacuation Pause) (young) 88.675: [G1Ergonomics (CSet Construction) start choosing CSet, _pending_cards: 512, predicted base time: 1.25 ms, remaining time: 198.75 ms, target pause time: 200.00 ms]
 88.675: [G1Ergonomics (CSet Construction) add young regions to CSet, eden: 135 regions, survivors: 13 regions, predicted young region time: 101.18 ms]
 88.675: [G1Ergonomics (CSet Construction) finish choosing CSet, eden: 135 regions, survivors: 13 regions, old: 0 regions, predicted pause time: 102.43 ms, target pause time: 200.00 ms]
, 0.0111711 secs]
   [Parallel Time: 10.5 ms, GC Workers: 2]
      [GC Worker Start (ms): Min: 88675.5, Avg: 88675.5, Max: 88675.5, Diff: 0.0]
      [Ext Root Scanning (ms): Min: 0.3, Avg: 0.3, Max: 0.3, Diff: 0.0, Sum: 0.7]
      [Update RS (ms): Min: 0.0, Avg: 0.0, Max: 0.1, Diff: 0.0, Sum: 0.1]
         [Processed Buffers: Min: 1, Avg: 1.5, Max: 2, Diff: 1, Sum: 3]
      [Scan RS (ms): Min: 0.2, Avg: 0.2, Max: 0.2, Diff: 0.0, Sum: 0.5]
      [Code Root Scanning (ms): Min: 0.1, Avg: 0.1, Max: 0.1, Diff: 0.0, Sum: 0.2]
      [Object Copy (ms): Min: 9.6, Avg: 9.7, Max: 9.7, Diff: 0.1, Sum: 19.3]
      [Termination (ms): Min: 0.0, Avg: 0.1, Max: 0.2, Diff: 0.2, Sum: 0.2]
      [GC Worker Other (ms): Min: 0.0, Avg: 0.0, Max: 0.0, Diff: 0.0, Sum: 0.1]
      [GC Worker Total (ms): Min: 10.5, Avg: 10.5, Max: 10.5, Diff: 0.0, Sum: 21.0]
      [GC Worker End (ms): Min: 88686.0, Avg: 88686.0, Max: 88686.0, Diff: 0.0]
   [Code Root Fixup: 0.0 ms]
   [Code Root Migration: 0.1 ms]
   [Clear CT: 0.1 ms]
   [Other: 0.5 ms]
      [Choose CSet: 0.0 ms]
      [Ref Proc: 0.0 ms]
      [Ref Enq: 0.0 ms]
      [Free CSet: 0.2 ms]
   [Eden: 135.0M(135.0M)->0.0B(132.0M) Survivors: 13.0M->16.0M Heap: 212.9M(256.0M)->80.8M(256.0M)]
 [Times: user=0.00 sys=0.00, real=0.01 secs] 
2014-07-10T11:37:38.044+0200: 88.823: [GC pause (G1 Evacuation Pause) (young) 88.823: [G1Ergonomics (CSet Construction) start choosing CSet, _pending_cards: 258, predicted base time: 1.14 ms, remaining time: 198.86 ms, target pause time: 200.00 ms]
 88.823: [G1Ergonomics (CSet Construction) add young regions to CSet, eden: 132 regions, survivors: 16 regions, predicted young region time: 95.59 ms]
 88.823: [G1Ergonomics (CSet Construction) finish choosing CSet, eden: 132 regions, survivors: 16 regions, old: 0 regions, predicted pause time: 96.73 ms, target pause time: 200.00 ms]
, 0.0026536 secs]
   [Parallel Time: 2.0 ms, GC Workers: 2]
      [GC Worker Start (ms): Min: 88823.1, Avg: 88823.1, Max: 88823.1, Diff: 0.0]
      [Ext Root Scanning (ms): Min: 0.3, Avg: 0.3, Max: 0.3, Diff: 0.0, Sum: 0.5]
      [Update RS (ms): Min: 0.0, Avg: 0.0, Max: 0.0, Diff: 0.0, Sum: 0.1]
         [Processed Buffers: Min: 1, Avg: 1.5, Max: 2, Diff: 1, Sum: 3]
      [Scan RS (ms): Min: 0.2, Avg: 0.2, Max: 0.2, Diff: 0.0, Sum: 0.5]
      [Code Root Scanning (ms): Min: 0.1, Avg: 0.1, Max: 0.1, Diff: 0.0, Sum: 0.2]
      [Object Copy (ms): Min: 1.3, Avg: 1.3, Max: 1.3, Diff: 0.0, Sum: 2.6]
      [Termination (ms): Min: 0.0, Avg: 0.0, Max: 0.0, Diff: 0.0, Sum: 0.0]
      [GC Worker Other (ms): Min: 0.0, Avg: 0.0, Max: 0.0, Diff: 0.0, Sum: 0.0]
      [GC Worker Total (ms): Min: 2.0, Avg: 2.0, Max: 2.0, Diff: 0.0, Sum: 4.0]
      [GC Worker End (ms): Min: 88825.1, Avg: 88825.1, Max: 88825.1, Diff: 0.0]
   [Code Root Fixup: 0.0 ms]
   [Code Root Migration: 0.1 ms]
   [Clear CT: 0.1 ms]
   [Other: 0.5 ms]
      [Choose CSet: 0.0 ms]
      [Ref Proc: 0.1 ms]
      [Ref Enq: 0.0 ms]
      [Free CSet: 0.2 ms]
   [Eden: 132.0M(132.0M)->0.0B(146.0M) Survivors: 16.0M->4096.0K Heap: 212.8M(256.0M)->68.6M(256.0M)]
 [Times: user=0.00 sys=0.00, real=0.00 secs] 
2014-07-10T11:37:38.196+0200: 88.975: [GC pause (G1 Evacuation Pause) (young) 88.975: [G1Ergonomics (CSet Construction) start choosing CSet, _pending_cards: 512, predicted base time: 1.09 ms, remaining time: 198.91 ms, target pause time: 200.00 ms]
 88.975: [G1Ergonomics (CSet Construction) add young regions to CSet, eden: 146 regions, survivors: 4 regions, predicted young region time: 60.36 ms]
 88.975: [G1Ergonomics (CSet Construction) finish choosing CSet, eden: 146 regions, survivors: 4 regions, old: 0 regions, predicted pause time: 61.45 ms, target pause time: 200.00 ms]
, 0.0122380 secs]
   [Parallel Time: 11.6 ms, GC Workers: 2]
      [GC Worker Start (ms): Min: 88975.5, Avg: 88975.5, Max: 88975.5, Diff: 0.0]
      [Ext Root Scanning (ms): Min: 0.4, Avg: 0.4, Max: 0.4, Diff: 0.0, Sum: 0.8]
      [Update RS (ms): Min: 0.0, Avg: 0.0, Max: 0.1, Diff: 0.0, Sum: 0.1]
         [Processed Buffers: Min: 1, Avg: 1.5, Max: 2, Diff: 1, Sum: 3]
      [Scan RS (ms): Min: 0.2, Avg: 0.2, Max: 0.2, Diff: 0.0, Sum: 0.5]
      [Code Root Scanning (ms): Min: 0.1, Avg: 0.1, Max: 0.1, Diff: 0.0, Sum: 0.2]
      [Object Copy (ms): Min: 10.8, Avg: 10.8, Max: 10.8, Diff: 0.0, Sum: 21.6]
      [Termination (ms): Min: 0.0, Avg: 0.0, Max: 0.0, Diff: 0.0, Sum: 0.0]
      [GC Worker Other (ms): Min: 0.0, Avg: 0.0, Max: 0.0, Diff: 0.0, Sum: 0.1]
      [GC Worker Total (ms): Min: 11.6, Avg: 11.6, Max: 11.6, Diff: 0.0, Sum: 23.1]
      [GC Worker End (ms): Min: 88987.1, Avg: 88987.1, Max: 88987.1, Diff: 0.0]
   [Code Root Fixup: 0.0 ms]
   [Code Root Migration: 0.0 ms]
   [Clear CT: 0.1 ms]
   [Other: 0.5 ms]
      [Choose CSet: 0.0 ms]
      [Ref Proc: 0.1 ms]
      [Ref Enq: 0.0 ms]
      [Free CSet: 0.2 ms]
   [Eden: 146.0M(146.0M)->0.0B(130.0M) Survivors: 4096.0K->17.0M Heap: 214.6M(256.0M)->82.4M(256.0M)]
 [Times: user=0.03 sys=0.00, real=0.01 secs] 
2014-07-10T11:37:38.297+0200: 89.076: [GC pause (G1 Evacuation Pause) (young) 89.076: [G1Ergonomics (CSet Construction) start choosing CSet, _pending_cards: 512, predicted base time: 1.06 ms, remaining time: 198.94 ms, target pause time: 200.00 ms]
 89.076: [G1Ergonomics (CSet Construction) add young regions to CSet, eden: 130 regions, survivors: 17 regions, predicted young region time: 85.95 ms]
 89.076: [G1Ergonomics (CSet Construction) finish choosing CSet, eden: 130 regions, survivors: 17 regions, old: 0 regions, predicted pause time: 87.01 ms, target pause time: 200.00 ms]
, 0.0106552 secs]
   [Parallel Time: 9.9 ms, GC Workers: 2]
      [GC Worker Start (ms): Min: 89075.8, Avg: 89075.8, Max: 89075.8, Diff: 0.0]
      [Ext Root Scanning (ms): Min: 0.3, Avg: 0.3, Max: 0.3, Diff: 0.0, Sum: 0.6]
      [Update RS (ms): Min: 0.0, Avg: 0.0, Max: 0.0, Diff: 0.0, Sum: 0.1]
         [Processed Buffers: Min: 1, Avg: 1.5, Max: 2, Diff: 1, Sum: 3]
      [Scan RS (ms): Min: 0.2, Avg: 0.2, Max: 0.2, Diff: 0.0, Sum: 0.4]
      [Code Root Scanning (ms): Min: 0.1, Avg: 0.1, Max: 0.1, Diff: 0.0, Sum: 0.2]
      [Object Copy (ms): Min: 9.2, Avg: 9.2, Max: 9.2, Diff: 0.0, Sum: 18.4]
      [Termination (ms): Min: 0.0, Avg: 0.0, Max: 0.0, Diff: 0.0, Sum: 0.0]
      [GC Worker Other (ms): Min: 0.0, Avg: 0.0, Max: 0.0, Diff: 0.0, Sum: 0.1]
      [GC Worker Total (ms): Min: 9.9, Avg: 9.9, Max: 9.9, Diff: 0.0, Sum: 19.7]
      [GC Worker End (ms): Min: 89085.7, Avg: 89085.7, Max: 89085.7, Diff: 0.0]
   [Code Root Fixup: 0.0 ms]
   [Code Root Migration: 0.1 ms]
   [Clear CT: 0.1 ms]
   [Other: 0.6 ms]
      [Choose CSet: 0.0 ms]
      [Ref Proc: 0.1 ms]
      [Ref Enq: 0.0 ms]
      [Free CSet: 0.3 ms]
   [Eden: 130.0M(130.0M)->0.0B(133.0M) Survivors: 17.0M->15.0M Heap: 212.4M(256.0M)->80.3M(256.0M)]
 [Times: user=0.03 sys=0.00, real=0.01 secs] 
2014-07-10T11:37:38.428+0200: 89.208: [GC pause (G1 Evacuation Pause) (young) 89.208: [G1Ergonomics (CSet Construction) start choosing CSet, _pending_cards: 512, predicted base time: 1.01 ms, remaining time: 198.99 ms, target pause time: 200.00 ms]
 89.208: [G1Ergonomics (CSet Construction) add young regions to CSet, eden: 133 regions, survivors: 15 regions, predicted young region time: 58.56 ms]
 89.208: [G1Ergonomics (CSet Construction) finish choosing CSet, eden: 133 regions, survivors: 15 regions, old: 0 regions, predicted pause time: 59.57 ms, target pause time: 200.00 ms]
, 0.0111828 secs]
   [Parallel Time: 10.6 ms, GC Workers: 2]
      [GC Worker Start (ms): Min: 89207.7, Avg: 89207.7, Max: 89207.7, Diff: 0.0]
      [Ext Root Scanning (ms): Min: 0.3, Avg: 0.3, Max: 0.3, Diff: 0.0, Sum: 0.6]
      [Update RS (ms): Min: 0.0, Avg: 0.0, Max: 0.0, Diff: 0.0, Sum: 0.1]
         [Processed Buffers: Min: 1, Avg: 1.5, Max: 2, Diff: 1, Sum: 3]
      [Scan RS (ms): Min: 0.2, Avg: 0.2, Max: 0.2, Diff: 0.0, Sum: 0.4]
      [Code Root Scanning (ms): Min: 0.1, Avg: 0.1, Max: 0.1, Diff: 0.0, Sum: 0.2]
      [Object Copy (ms): Min: 9.9, Avg: 9.9, Max: 9.9, Diff: 0.0, Sum: 19.8]
      [Termination (ms): Min: 0.0, Avg: 0.0, Max: 0.0, Diff: 0.0, Sum: 0.0]
      [GC Worker Other (ms): Min: 0.0, Avg: 0.0, Max: 0.0, Diff: 0.0, Sum: 0.0]
      [GC Worker Total (ms): Min: 10.5, Avg: 10.6, Max: 10.6, Diff: 0.0, Sum: 21.1]
      [GC Worker End (ms): Min: 89218.2, Avg: 89218.2, Max: 89218.2, Diff: 0.0]
   [Code Root Fixup: 0.0 ms]
   [Code Root Migration: 0.0 ms]
   [Clear CT: 0.1 ms]
   [Other: 0.4 ms]
      [Choose CSet: 0.0 ms]
      [Ref Proc: 0.0 ms]
      [Ref Enq: 0.0 ms]
      [Free CSet: 0.2 ms]
   [Eden: 133.0M(133.0M)->0.0B(132.0M) Survivors: 15.0M->16.0M Heap: 213.3M(256.0M)->81.2M(256.0M)]
 [Times: user=0.02 sys=0.00, real=0.01 secs] 
2014-07-10T11:37:38.591+0200: 89.370: [GC pause (G1 Evacuation Pause) (young) 89.370: [G1Ergonomics (CSet Construction) start choosing CSet, _pending_cards: 258, predicted base time: 0.93 ms, remaining time: 199.07 ms, target pause time: 200.00 ms]
 89.370: [G1Ergonomics (CSet Construction) add young regions to CSet, eden: 132 regions, survivors: 16 regions, predicted young region time: 85.85 ms]
 89.370: [G1Ergonomics (CSet Construction) finish choosing CSet, eden: 132 regions, survivors: 16 regions, old: 0 regions, predicted pause time: 86.78 ms, target pause time: 200.00 ms]
, 0.0031398 secs]
   [Parallel Time: 2.2 ms, GC Workers: 2]
      [GC Worker Start (ms): Min: 89370.0, Avg: 89370.0, Max: 89370.0, Diff: 0.0]
      [Ext Root Scanning (ms): Min: 0.2, Avg: 0.2, Max: 0.2, Diff: 0.0, Sum: 0.4]
      [Update RS (ms): Min: 0.0, Avg: 0.1, Max: 0.1, Diff: 0.1, Sum: 0.1]
         [Processed Buffers: Min: 1, Avg: 1.5, Max: 2, Diff: 1, Sum: 3]
      [Scan RS (ms): Min: 0.2, Avg: 0.3, Max: 0.3, Diff: 0.1, Sum: 0.5]
      [Code Root Scanning (ms): Min: 0.1, Avg: 0.1, Max: 0.1, Diff: 0.0, Sum: 0.2]
      [Object Copy (ms): Min: 1.5, Avg: 1.5, Max: 1.5, Diff: 0.0, Sum: 3.0]
      [Termination (ms): Min: 0.0, Avg: 0.0, Max: 0.0, Diff: 0.0, Sum: 0.0]
      [GC Worker Other (ms): Min: 0.0, Avg: 0.0, Max: 0.0, Diff: 0.0, Sum: 0.1]
      [GC Worker Total (ms): Min: 2.2, Avg: 2.2, Max: 2.2, Diff: 0.0, Sum: 4.4]
      [GC Worker End (ms): Min: 89372.2, Avg: 89372.2, Max: 89372.2, Diff: 0.0]
   [Code Root Fixup: 0.0 ms]
   [Code Root Migration: 0.1 ms]
   [Clear CT: 0.1 ms]
   [Other: 0.7 ms]
      [Choose CSet: 0.0 ms]
      [Ref Proc: 0.3 ms]
      [Ref Enq: 0.0 ms]
      [Free CSet: 0.3 ms]
   [Eden: 132.0M(132.0M)->0.0B(146.0M) Survivors: 16.0M->4096.0K Heap: 213.2M(256.0M)->69.0M(256.0M)]
 [Times: user=0.00 sys=0.00, real=0.00 secs] 
2014-07-10T11:37:38.697+0200: 89.476: [GC pause (G1 Evacuation Pause) (young) 89.476: [G1Ergonomics (CSet Construction) start choosing CSet, _pending_cards: 512, predicted base time: 1.02 ms, remaining time: 198.98 ms, target pause time: 200.00 ms]
 89.476: [G1Ergonomics (CSet Construction) add young regions to CSet, eden: 146 regions, survivors: 4 regions, predicted young region time: 15.07 ms]
 89.476: [G1Ergonomics (CSet Construction) finish choosing CSet, eden: 146 regions, survivors: 4 regions, old: 0 regions, predicted pause time: 16.08 ms, target pause time: 200.00 ms]
, 0.0122328 secs]
   [Parallel Time: 11.6 ms, GC Workers: 2]
      [GC Worker Start (ms): Min: 89476.4, Avg: 89476.4, Max: 89476.4, Diff: 0.0]
      [Ext Root Scanning (ms): Min: 0.3, Avg: 0.3, Max: 0.3, Diff: 0.0, Sum: 0.6]
      [Update RS (ms): Min: 0.0, Avg: 0.0, Max: 0.1, Diff: 0.0, Sum: 0.1]
         [Processed Buffers: Min: 1, Avg: 1.5, Max: 2, Diff: 1, Sum: 3]
      [Scan RS (ms): Min: 0.2, Avg: 0.2, Max: 0.2, Diff: 0.0, Sum: 0.5]
      [Code Root Scanning (ms): Min: 0.1, Avg: 0.1, Max: 0.1, Diff: 0.0, Sum: 0.2]
      [Object Copy (ms): Min: 10.9, Avg: 10.9, Max: 10.9, Diff: 0.0, Sum: 21.7]
      [Termination (ms): Min: 0.0, Avg: 0.0, Max: 0.0, Diff: 0.0, Sum: 0.0]
      [GC Worker Other (ms): Min: 0.0, Avg: 0.0, Max: 0.0, Diff: 0.0, Sum: 0.1]
      [GC Worker Total (ms): Min: 11.6, Avg: 11.6, Max: 11.6, Diff: 0.0, Sum: 23.2]
      [GC Worker End (ms): Min: 89488.0, Avg: 89488.0, Max: 89488.0, Diff: 0.0]
   [Code Root Fixup: 0.0 ms]
   [Code Root Migration: 0.1 ms]
   [Clear CT: 0.1 ms]
   [Other: 0.4 ms]
      [Choose CSet: 0.0 ms]
      [Ref Proc: 0.0 ms]
      [Ref Enq: 0.0 ms]
      [Free CSet: 0.2 ms]
   [Eden: 146.0M(146.0M)->0.0B(128.0M) Survivors: 4096.0K->18.0M Heap: 215.0M(256.0M)->82.9M(256.0M)]
 [Times: user=0.03 sys=0.00, real=0.01 secs] 
2014-07-10T11:37:38.846+0200: 89.626: [GC pause (G1 Evacuation Pause) (young) 89.626: [G1Ergonomics (CSet Construction) start choosing CSet, _pending_cards: 512, predicted base time: 0.97 ms, remaining time: 199.03 ms, target pause time: 200.00 ms]
 89.626: [G1Ergonomics (CSet Construction) add young regions to CSet, eden: 128 regions, survivors: 18 regions, predicted young region time: 78.84 ms]
 89.626: [G1Ergonomics (CSet Construction) finish choosing CSet, eden: 128 regions, survivors: 18 regions, old: 0 regions, predicted pause time: 79.82 ms, target pause time: 200.00 ms]
, 0.0104107 secs]
   [Parallel Time: 9.7 ms, GC Workers: 2]
      [GC Worker Start (ms): Min: 89625.6, Avg: 89625.6, Max: 89625.7, Diff: 0.0]
      [Ext Root Scanning (ms): Min: 0.4, Avg: 0.4, Max: 0.4, Diff: 0.0, Sum: 0.8]
      [Update RS (ms): Min: 0.0, Avg: 0.0, Max: 0.1, Diff: 0.0, Sum: 0.1]
         [Processed Buffers: Min: 1, Avg: 1.5, Max: 2, Diff: 1, Sum: 3]
      [Scan RS (ms): Min: 0.3, Avg: 0.3, Max: 0.3, Diff: 0.0, Sum: 0.5]
      [Code Root Scanning (ms): Min: 0.1, Avg: 0.1, Max: 0.1, Diff: 0.0, Sum: 0.2]
      [Object Copy (ms): Min: 8.8, Avg: 8.8, Max: 8.8, Diff: 0.0, Sum: 17.6]
      [Termination (ms): Min: 0.0, Avg: 0.0, Max: 0.0, Diff: 0.0, Sum: 0.0]
      [GC Worker Other (ms): Min: 0.0, Avg: 0.0, Max: 0.0, Diff: 0.0, Sum: 0.1]
      [GC Worker Total (ms): Min: 9.6, Avg: 9.6, Max: 9.6, Diff: 0.0, Sum: 19.2]
      [GC Worker End (ms): Min: 89635.3, Avg: 89635.3, Max: 89635.3, Diff: 0.0]
   [Code Root Fixup: 0.0 ms]
   [Code Root Migration: 0.1 ms]
   [Clear CT: 0.1 ms]
   [Other: 0.6 ms]
      [Choose CSet: 0.0 ms]
      [Ref Proc: 0.1 ms]
      [Ref Enq: 0.0 ms]
      [Free CSet: 0.3 ms]
   [Eden: 128.0M(128.0M)->0.0B(135.0M) Survivors: 18.0M->14.0M Heap: 210.9M(256.0M)->78.8M(256.0M)]
 [Times: user=0.00 sys=0.00, real=0.01 secs] 
2014-07-10T11:37:38.995+0200: 89.774: [GC pause (G1 Evacuation Pause) (young) 89.774: [G1Ergonomics (CSet Construction) start choosing CSet, _pending_cards: 512, predicted base time: 0.98 ms, remaining time: 199.02 ms, target pause time: 200.00 ms]
 89.774: [G1Ergonomics (CSet Construction) add young regions to CSet, eden: 135 regions, survivors: 14 regions, predicted young region time: 12.54 ms]
 89.774: [G1Ergonomics (CSet Construction) finish choosing CSet, eden: 135 regions, survivors: 14 regions, old: 0 regions, predicted pause time: 13.52 ms, target pause time: 200.00 ms]
, 0.0114010 secs]
   [Parallel Time: 10.1 ms, GC Workers: 2]
      [GC Worker Start (ms): Min: 89774.2, Avg: 89774.2, Max: 89774.2, Diff: 0.0]
      [Ext Root Scanning (ms): Min: 0.6, Avg: 0.6, Max: 0.6, Diff: 0.0, Sum: 1.2]
      [Update RS (ms): Min: 0.1, Avg: 0.1, Max: 0.1, Diff: 0.0, Sum: 0.1]
         [Processed Buffers: Min: 1, Avg: 1.5, Max: 2, Diff: 1, Sum: 3]
      [Scan RS (ms): Min: 0.4, Avg: 0.4, Max: 0.4, Diff: 0.0, Sum: 0.8]
      [Code Root Scanning (ms): Min: 0.1, Avg: 0.1, Max: 0.2, Diff: 0.0, Sum: 0.3]
      [Object Copy (ms): Min: 8.6, Avg: 8.7, Max: 8.7, Diff: 0.0, Sum: 17.3]
      [Termination (ms): Min: 0.0, Avg: 0.0, Max: 0.0, Diff: 0.0, Sum: 0.0]
      [GC Worker Other (ms): Min: 0.0, Avg: 0.0, Max: 0.0, Diff: 0.0, Sum: 0.1]
      [GC Worker Total (ms): Min: 9.9, Avg: 9.9, Max: 9.9, Diff: 0.0, Sum: 19.9]
      [GC Worker End (ms): Min: 89784.1, Avg: 89784.1, Max: 89784.1, Diff: 0.0]
   [Code Root Fixup: 0.0 ms]
   [Code Root Migration: 0.1 ms]
   [Clear CT: 0.3 ms]
   [Other: 1.0 ms]
      [Choose CSet: 0.1 ms]
      [Ref Proc: 0.1 ms]
      [Ref Enq: 0.0 ms]
      [Free CSet: 0.6 ms]
   [Eden: 135.0M(135.0M)->0.0B(141.0M) Survivors: 14.0M->9216.0K Heap: 213.8M(256.0M)->73.6M(256.0M)]
 [Times: user=0.03 sys=0.00, real=0.01 secs] 
2014-07-10T11:37:39.097+0200: 89.877: [GC pause (G1 Evacuation Pause) (young) 89.877: [G1Ergonomics (CSet Construction) start choosing CSet, _pending_cards: 512, predicted base time: 1.27 ms, remaining time: 198.73 ms, target pause time: 200.00 ms]
 89.877: [G1Ergonomics (CSet Construction) add young regions to CSet, eden: 141 regions, survivors: 9 regions, predicted young region time: 116.67 ms]
 89.877: [G1Ergonomics (CSet Construction) finish choosing CSet, eden: 141 regions, survivors: 9 regions, old: 0 regions, predicted pause time: 117.94 ms, target pause time: 200.00 ms]
, 0.0115058 secs]
   [Parallel Time: 11.0 ms, GC Workers: 2]
      [GC Worker Start (ms): Min: 89876.7, Avg: 89876.7, Max: 89876.7, Diff: 0.0]
      [Ext Root Scanning (ms): Min: 0.3, Avg: 0.3, Max: 0.3, Diff: 0.0, Sum: 0.6]
      [Update RS (ms): Min: 0.0, Avg: 0.0, Max: 0.0, Diff: 0.0, Sum: 0.1]
         [Processed Buffers: Min: 1, Avg: 1.5, Max: 2, Diff: 1, Sum: 3]
      [Scan RS (ms): Min: 0.2, Avg: 0.2, Max: 0.2, Diff: 0.0, Sum: 0.4]
      [Code Root Scanning (ms): Min: 0.1, Avg: 0.1, Max: 0.1, Diff: 0.0, Sum: 0.2]
      [Object Copy (ms): Min: 10.3, Avg: 10.3, Max: 10.3, Diff: 0.0, Sum: 20.6]
      [Termination (ms): Min: 0.0, Avg: 0.0, Max: 0.0, Diff: 0.0, Sum: 0.0]
      [GC Worker Other (ms): Min: 0.0, Avg: 0.0, Max: 0.0, Diff: 0.0, Sum: 0.1]
      [GC Worker Total (ms): Min: 10.9, Avg: 11.0, Max: 11.0, Diff: 0.0, Sum: 21.9]
      [GC Worker End (ms): Min: 89887.6, Avg: 89887.6, Max: 89887.6, Diff: 0.0]
   [Code Root Fixup: 0.0 ms]
   [Code Root Migration: 0.0 ms]
   [Clear CT: 0.1 ms]
   [Other: 0.4 ms]
      [Choose CSet: 0.0 ms]
      [Ref Proc: 0.1 ms]
      [Ref Enq: 0.0 ms]
      [Free CSet: 0.2 ms]
   [Eden: 141.0M(141.0M)->0.0B(130.0M) Survivors: 9216.0K->17.0M Heap: 214.6M(256.0M)->82.5M(256.0M)]
 [Times: user=0.00 sys=0.00, real=0.01 secs] 
2014-07-10T11:37:39.242+0200: 90.021: [GC pause (G1 Evacuation Pause) (young) 90.021: [G1Ergonomics (CSet Construction) start choosing CSet, _pending_cards: 512, predicted base time: 1.15 ms, remaining time: 198.85 ms, target pause time: 200.00 ms]
 90.021: [G1Ergonomics (CSet Construction) add young regions to CSet, eden: 130 regions, survivors: 17 regions, predicted young region time: 100.97 ms]
 90.021: [G1Ergonomics (CSet Construction) finish choosing CSet, eden: 130 regions, survivors: 17 regions, old: 0 regions, predicted pause time: 102.12 ms, target pause time: 200.00 ms]
, 0.0112250 secs]
   [Parallel Time: 10.6 ms, GC Workers: 2]
      [GC Worker Start (ms): Min: 90021.5, Avg: 90021.5, Max: 90021.5, Diff: 0.0]
      [Ext Root Scanning (ms): Min: 0.4, Avg: 0.4, Max: 0.4, Diff: 0.0, Sum: 0.7]
      [Update RS (ms): Min: 0.0, Avg: 0.0, Max: 0.0, Diff: 0.0, Sum: 0.1]
         [Processed Buffers: Min: 1, Avg: 1.5, Max: 2, Diff: 1, Sum: 3]
      [Scan RS (ms): Min: 0.2, Avg: 0.2, Max: 0.2, Diff: 0.0, Sum: 0.5]
      [Code Root Scanning (ms): Min: 0.1, Avg: 0.1, Max: 0.1, Diff: 0.0, Sum: 0.2]
      [Object Copy (ms): Min: 9.8, Avg: 9.8, Max: 9.8, Diff: 0.0, Sum: 19.6]
      [Termination (ms): Min: 0.0, Avg: 0.0, Max: 0.0, Diff: 0.0, Sum: 0.0]
      [GC Worker Other (ms): Min: 0.0, Avg: 0.0, Max: 0.0, Diff: 0.0, Sum: 0.1]
      [GC Worker Total (ms): Min: 10.6, Avg: 10.6, Max: 10.6, Diff: 0.0, Sum: 21.1]
      [GC Worker End (ms): Min: 90032.0, Avg: 90032.0, Max: 90032.0, Diff: 0.0]
   [Code Root Fixup: 0.0 ms]
   [Code Root Migration: 0.0 ms]
   [Clear CT: 0.1 ms]
   [Other: 0.5 ms]
      [Choose CSet: 0.0 ms]
      [Ref Proc: 0.1 ms]
      [Ref Enq: 0.0 ms]
      [Free CSet: 0.2 ms]
   [Eden: 130.0M(130.0M)->0.0B(133.0M) Survivors: 17.0M->15.0M Heap: 212.5M(256.0M)->80.4M(256.0M)]
 [Times: user=0.03 sys=0.00, real=0.01 secs] 
2014-07-10T11:37:39.401+0200: 90.181: [GC pause (G1 Evacuation Pause) (young) 90.181: [G1Ergonomics (CSet Construction) start choosing CSet, _pending_cards: 512, predicted base time: 1.09 ms, remaining time: 198.91 ms, target pause time: 200.00 ms]
 90.181: [G1Ergonomics (CSet Construction) add young regions to CSet, eden: 133 regions, survivors: 15 regions, predicted young region time: 67.86 ms]
 90.181: [G1Ergonomics (CSet Construction) finish choosing CSet, eden: 133 regions, survivors: 15 regions, old: 0 regions, predicted pause time: 68.95 ms, target pause time: 200.00 ms]
, 0.0149506 secs]
   [Parallel Time: 12.3 ms, GC Workers: 2]
      [GC Worker Start (ms): Min: 90180.7, Avg: 90184.6, Max: 90188.4, Diff: 7.7]
      [Ext Root Scanning (ms): Min: 0.0, Avg: 0.3, Max: 0.5, Diff: 0.5, Sum: 0.6]
      [Update RS (ms): Min: 0.0, Avg: 0.0, Max: 0.1, Diff: 0.1, Sum: 0.1]
         [Processed Buffers: Min: 0, Avg: 1.5, Max: 3, Diff: 3, Sum: 3]
      [Scan RS (ms): Min: 0.0, Avg: 0.3, Max: 0.5, Diff: 0.5, Sum: 0.6]
      [Code Root Scanning (ms): Min: 0.0, Avg: 0.1, Max: 0.2, Diff: 0.2, Sum: 0.2]
      [Object Copy (ms): Min: 4.5, Avg: 7.7, Max: 10.9, Diff: 6.4, Sum: 15.4]
      [Termination (ms): Min: 0.0, Avg: 0.0, Max: 0.0, Diff: 0.0, Sum: 0.0]
      [GC Worker Other (ms): Min: 0.0, Avg: 0.0, Max: 0.0, Diff: 0.0, Sum: 0.1]
      [GC Worker Total (ms): Min: 4.6, Avg: 8.4, Max: 12.3, Diff: 7.7, Sum: 16.9]
      [GC Worker End (ms): Min: 90193.0, Avg: 90193.0, Max: 90193.0, Diff: 0.0]
   [Code Root Fixup: 0.0 ms]
   [Code Root Migration: 0.0 ms]
   [Clear CT: 0.1 ms]
   [Other: 2.5 ms]
      [Choose CSet: 0.0 ms]
      [Ref Proc: 2.1 ms]
      [Ref Enq: 0.0 ms]
      [Free CSet: 0.2 ms]
   [Eden: 133.0M(133.0M)->0.0B(132.0M) Survivors: 15.0M->16.0M Heap: 213.4M(256.0M)->81.3M(256.0M)]
 [Times: user=0.00 sys=0.00, real=0.02 secs] 
2014-07-10T11:37:39.493+0200: 90.272: [GC pause (G1 Evacuation Pause) (young) 90.272: [G1Ergonomics (CSet Construction) start choosing CSet, _pending_cards: 258, predicted base time: 3.74 ms, remaining time: 196.26 ms, target pause time: 200.00 ms]
 90.272: [G1Ergonomics (CSet Construction) add young regions to CSet, eden: 132 regions, survivors: 16 regions, predicted young region time: 91.07 ms]
 90.272: [G1Ergonomics (CSet Construction) finish choosing CSet, eden: 132 regions, survivors: 16 regions, old: 0 regions, predicted pause time: 94.81 ms, target pause time: 200.00 ms]
, 0.0032494 secs]
   [Parallel Time: 2.6 ms, GC Workers: 2]
      [GC Worker Start (ms): Min: 90271.9, Avg: 90271.9, Max: 90271.9, Diff: 0.0]
      [Ext Root Scanning (ms): Min: 0.3, Avg: 0.3, Max: 0.3, Diff: 0.0, Sum: 0.6]
      [Update RS (ms): Min: 0.0, Avg: 0.0, Max: 0.0, Diff: 0.0, Sum: 0.1]
         [Processed Buffers: Min: 1, Avg: 1.5, Max: 2, Diff: 1, Sum: 3]
      [Scan RS (ms): Min: 0.2, Avg: 0.2, Max: 0.2, Diff: 0.0, Sum: 0.4]
      [Code Root Scanning (ms): Min: 0.1, Avg: 0.1, Max: 0.1, Diff: 0.0, Sum: 0.2]
      [Object Copy (ms): Min: 1.9, Avg: 1.9, Max: 1.9, Diff: 0.0, Sum: 3.8]
      [Termination (ms): Min: 0.0, Avg: 0.0, Max: 0.0, Diff: 0.0, Sum: 0.0]
      [GC Worker Other (ms): Min: 0.0, Avg: 0.0, Max: 0.0, Diff: 0.0, Sum: 0.1]
      [GC Worker Total (ms): Min: 2.6, Avg: 2.6, Max: 2.6, Diff: 0.0, Sum: 5.1]
      [GC Worker End (ms): Min: 90274.5, Avg: 90274.5, Max: 90274.5, Diff: 0.0]
   [Code Root Fixup: 0.0 ms]
   [Code Root Migration: 0.0 ms]
   [Clear CT: 0.1 ms]
   [Other: 0.5 ms]
      [Choose CSet: 0.0 ms]
      [Ref Proc: 0.0 ms]
      [Ref Enq: 0.0 ms]
      [Free CSet: 0.3 ms]
   [Eden: 132.0M(132.0M)->0.0B(146.0M) Survivors: 16.0M->4096.0K Heap: 213.3M(256.0M)->69.1M(256.0M)]
 [Times: user=0.00 sys=0.00, real=0.00 secs] 
2014-07-10T11:37:39.647+0200: 90.426: [GC pause (G1 Evacuation Pause) (young) 90.426: [G1Ergonomics (CSet Construction) start choosing CSet, _pending_cards: 514, predicted base time: 3.11 ms, remaining time: 196.89 ms, target pause time: 200.00 ms]
 90.426: [G1Ergonomics (CSet Construction) add young regions to CSet, eden: 146 regions, survivors: 4 regions, predicted young region time: 56.53 ms]
 90.426: [G1Ergonomics (CSet Construction) finish choosing CSet, eden: 146 regions, survivors: 4 regions, old: 0 regions, predicted pause time: 59.64 ms, target pause time: 200.00 ms]
, 0.0090623 secs]
   [Parallel Time: 8.0 ms, GC Workers: 2]
      [GC Worker Start (ms): Min: 90426.0, Avg: 90426.0, Max: 90426.0, Diff: 0.0]
      [Ext Root Scanning (ms): Min: 0.3, Avg: 0.3, Max: 0.3, Diff: 0.0, Sum: 0.5]
      [Update RS (ms): Min: 0.0, Avg: 0.0, Max: 0.0, Diff: 0.0, Sum: 0.1]
         [Processed Buffers: Min: 2, Avg: 2.0, Max: 2, Diff: 0, Sum: 4]
      [Scan RS (ms): Min: 0.2, Avg: 0.2, Max: 0.2, Diff: 0.0, Sum: 0.4]
      [Code Root Scanning (ms): Min: 0.1, Avg: 0.1, Max: 0.1, Diff: 0.0, Sum: 0.2]
      [Object Copy (ms): Min: 7.3, Avg: 7.3, Max: 7.3, Diff: 0.0, Sum: 14.5]
      [Termination (ms): Min: 0.0, Avg: 0.0, Max: 0.0, Diff: 0.0, Sum: 0.0]
      [GC Worker Other (ms): Min: 0.0, Avg: 0.0, Max: 0.0, Diff: 0.0, Sum: 0.0]
      [GC Worker Total (ms): Min: 7.9, Avg: 7.9, Max: 7.9, Diff: 0.0, Sum: 15.9]
      [GC Worker End (ms): Min: 90433.9, Avg: 90433.9, Max: 90433.9, Diff: 0.0]
   [Code Root Fixup: 0.0 ms]
   [Code Root Migration: 0.1 ms]
   [Clear CT: 0.1 ms]
   [Other: 0.9 ms]
      [Choose CSet: 0.0 ms]
      [Ref Proc: 0.5 ms]
      [Ref Enq: 0.0 ms]
      [Free CSet: 0.3 ms]
   [Eden: 146.0M(146.0M)->0.0B(137.0M) Survivors: 4096.0K->13.0M Heap: 215.1M(256.0M)->77.9M(256.0M)]
 [Times: user=0.00 sys=0.00, real=0.01 secs] 
2014-07-10T11:37:39.804+0200: 90.583: [GC pause (G1 Evacuation Pause) (young) 90.583: [G1Ergonomics (CSet Construction) start choosing CSet, _pending_cards: 512, predicted base time: 2.70 ms, remaining time: 197.30 ms, target pause time: 200.00 ms]
 90.583: [G1Ergonomics (CSet Construction) add young regions to CSet, eden: 137 regions, survivors: 13 regions, predicted young region time: 88.43 ms]
 90.583: [G1Ergonomics (CSet Construction) finish choosing CSet, eden: 137 regions, survivors: 13 regions, old: 0 regions, predicted pause time: 91.13 ms, target pause time: 200.00 ms]
, 0.0185868 secs]
   [Parallel Time: 17.4 ms, GC Workers: 2]
      [GC Worker Start (ms): Min: 90583.0, Avg: 90583.2, Max: 90583.3, Diff: 0.3]
      [Ext Root Scanning (ms): Min: 0.5, Avg: 0.6, Max: 0.7, Diff: 0.3, Sum: 1.2]
      [Update RS (ms): Min: 0.1, Avg: 0.1, Max: 0.1, Diff: 0.0, Sum: 0.2]
         [Processed Buffers: Min: 1, Avg: 1.5, Max: 2, Diff: 1, Sum: 3]
      [Scan RS (ms): Min: 0.4, Avg: 0.4, Max: 0.4, Diff: 0.0, Sum: 0.8]
      [Code Root Scanning (ms): Min: 0.2, Avg: 0.2, Max: 0.2, Diff: 0.0, Sum: 0.3]
      [Object Copy (ms): Min: 15.9, Avg: 15.9, Max: 15.9, Diff: 0.0, Sum: 31.8]
      [Termination (ms): Min: 0.0, Avg: 0.0, Max: 0.0, Diff: 0.0, Sum: 0.0]
      [GC Worker Other (ms): Min: 0.0, Avg: 0.0, Max: 0.0, Diff: 0.0, Sum: 0.1]
      [GC Worker Total (ms): Min: 17.1, Avg: 17.2, Max: 17.4, Diff: 0.3, Sum: 34.5]
      [GC Worker End (ms): Min: 90600.4, Avg: 90600.4, Max: 90600.4, Diff: 0.0]
   [Code Root Fixup: 0.0 ms]
   [Code Root Migration: 0.0 ms]
   [Clear CT: 0.2 ms]
   [Other: 0.9 ms]
      [Choose CSet: 0.1 ms]
      [Ref Proc: 0.4 ms]
      [Ref Enq: 0.0 ms]
      [Free CSet: 0.2 ms]
   [Eden: 137.0M(137.0M)->0.0B(128.0M) Survivors: 13.0M->18.0M Heap: 214.9M(256.0M)->82.8M(256.0M)]
 [Times: user=0.03 sys=0.00, real=0.02 secs] 
2014-07-10T11:37:39.896+0200: 90.675: [GC pause (G1 Evacuation Pause) (young) 90.675: [G1Ergonomics (CSet Construction) start choosing CSet, _pending_cards: 512, predicted base time: 2.57 ms, remaining time: 197.43 ms, target pause time: 200.00 ms]
 90.675: [G1Ergonomics (CSet Construction) add young regions to CSet, eden: 128 regions, survivors: 18 regions, predicted young region time: 18.13 ms]
 90.675: [G1Ergonomics (CSet Construction) finish choosing CSet, eden: 128 regions, survivors: 18 regions, old: 0 regions, predicted pause time: 20.70 ms, target pause time: 200.00 ms]
, 0.0098366 secs]
   [Parallel Time: 9.0 ms, GC Workers: 2]
      [GC Worker Start (ms): Min: 90675.1, Avg: 90675.1, Max: 90675.1, Diff: 0.0]
      [Ext Root Scanning (ms): Min: 0.3, Avg: 0.3, Max: 0.3, Diff: 0.0, Sum: 0.7]
      [Update RS (ms): Min: 0.0, Avg: 0.1, Max: 0.1, Diff: 0.0, Sum: 0.1]
         [Processed Buffers: Min: 1, Avg: 1.5, Max: 2, Diff: 1, Sum: 3]
      [Scan RS (ms): Min: 0.2, Avg: 0.2, Max: 0.2, Diff: 0.0, Sum: 0.5]
      [Code Root Scanning (ms): Min: 0.1, Avg: 0.1, Max: 0.1, Diff: 0.0, Sum: 0.2]
      [Object Copy (ms): Min: 8.2, Avg: 8.2, Max: 8.2, Diff: 0.0, Sum: 16.5]
      [Termination (ms): Min: 0.0, Avg: 0.0, Max: 0.0, Diff: 0.0, Sum: 0.0]
      [GC Worker Other (ms): Min: 0.0, Avg: 0.0, Max: 0.0, Diff: 0.0, Sum: 0.1]
      [GC Worker Total (ms): Min: 9.0, Avg: 9.0, Max: 9.0, Diff: 0.0, Sum: 18.0]
      [GC Worker End (ms): Min: 90684.1, Avg: 90684.1, Max: 90684.1, Diff: 0.0]
   [Code Root Fixup: 0.0 ms]
   [Code Root Migration: 0.0 ms]
   [Clear CT: 0.2 ms]
   [Other: 0.6 ms]
      [Choose CSet: 0.0 ms]
      [Ref Proc: 0.2 ms]
      [Ref Enq: 0.0 ms]
      [Free CSet: 0.2 ms]
   [Eden: 128.0M(128.0M)->0.0B(136.0M) Survivors: 18.0M->13.0M Heap: 210.8M(256.0M)->78.6M(256.0M)]
 [Times: user=0.00 sys=0.00, real=0.01 secs] 
2014-07-10T11:37:40.045+0200: 90.824: [GC pause (G1 Evacuation Pause) (young) 90.824: [G1Ergonomics (CSet Construction) start choosing CSet, _pending_cards: 257, predicted base time: 2.20 ms, remaining time: 197.80 ms, target pause time: 200.00 ms]
 90.825: [G1Ergonomics (CSet Construction) add young regions to CSet, eden: 136 regions, survivors: 13 regions, predicted young region time: 99.79 ms]
 90.825: [G1Ergonomics (CSet Construction) finish choosing CSet, eden: 136 regions, survivors: 13 regions, old: 0 regions, predicted pause time: 101.99 ms, target pause time: 200.00 ms]
, 0.0076320 secs]
   [Parallel Time: 6.8 ms, GC Workers: 2]
      [GC Worker Start (ms): Min: 90824.6, Avg: 90824.6, Max: 90824.6, Diff: 0.0]
      [Ext Root Scanning (ms): Min: 0.3, Avg: 0.4, Max: 0.4, Diff: 0.0, Sum: 0.7]
      [Update RS (ms): Min: 0.0, Avg: 0.0, Max: 0.0, Diff: 0.0, Sum: 0.1]
         [Processed Buffers: Min: 1, Avg: 1.5, Max: 2, Diff: 1, Sum: 3]
      [Scan RS (ms): Min: 0.2, Avg: 0.2, Max: 0.2, Diff: 0.0, Sum: 0.5]
      [Code Root Scanning (ms): Min: 0.1, Avg: 0.1, Max: 0.1, Diff: 0.0, Sum: 0.2]
      [Object Copy (ms): Min: 6.0, Avg: 6.0, Max: 6.0, Diff: 0.0, Sum: 11.9]
      [Termination (ms): Min: 0.0, Avg: 0.0, Max: 0.0, Diff: 0.0, Sum: 0.0]
      [GC Worker Other (ms): Min: 0.0, Avg: 0.0, Max: 0.0, Diff: 0.0, Sum: 0.1]
      [GC Worker Total (ms): Min: 6.7, Avg: 6.7, Max: 6.8, Diff: 0.0, Sum: 13.5]
      [GC Worker End (ms): Min: 90831.3, Avg: 90831.3, Max: 90831.3, Diff: 0.0]
   [Code Root Fixup: 0.0 ms]
   [Code Root Migration: 0.1 ms]
   [Clear CT: 0.1 ms]
   [Other: 0.6 ms]
      [Choose CSet: 0.0 ms]
      [Ref Proc: 0.1 ms]
      [Ref Enq: 0.0 ms]
      [Free CSet: 0.3 ms]
   [Eden: 136.0M(136.0M)->0.0B(141.0M) Survivors: 13.0M->9216.0K Heap: 214.6M(256.0M)->74.5M(256.0M)]
 [Times: user=0.03 sys=0.00, real=0.01 secs] 
2014-07-10T11:37:40.209+0200: 90.988: [GC pause (G1 Evacuation Pause) (young) 90.988: [G1Ergonomics (CSet Construction) start choosing CSet, _pending_cards: 512, predicted base time: 1.97 ms, remaining time: 198.03 ms, target pause time: 200.00 ms]
 90.988: [G1Ergonomics (CSet Construction) add young regions to CSet, eden: 141 regions, survivors: 9 regions, predicted young region time: 19.63 ms]
 90.988: [G1Ergonomics (CSet Construction) finish choosing CSet, eden: 141 regions, survivors: 9 regions, old: 0 regions, predicted pause time: 21.61 ms, target pause time: 200.00 ms]
, 0.0121155 secs]
   [Parallel Time: 11.3 ms, GC Workers: 2]
      [GC Worker Start (ms): Min: 90988.2, Avg: 90988.2, Max: 90988.2, Diff: 0.0]
      [Ext Root Scanning (ms): Min: 0.3, Avg: 0.3, Max: 0.3, Diff: 0.0, Sum: 0.5]
      [Update RS (ms): Min: 0.0, Avg: 0.0, Max: 0.0, Diff: 0.0, Sum: 0.0]
         [Processed Buffers: Min: 1, Avg: 1.5, Max: 2, Diff: 1, Sum: 3]
      [Scan RS (ms): Min: 0.2, Avg: 0.2, Max: 0.2, Diff: 0.0, Sum: 0.4]
      [Code Root Scanning (ms): Min: 0.1, Avg: 0.1, Max: 0.1, Diff: 0.0, Sum: 0.2]
      [Object Copy (ms): Min: 10.6, Avg: 10.6, Max: 10.6, Diff: 0.0, Sum: 21.3]
      [Termination (ms): Min: 0.0, Avg: 0.0, Max: 0.0, Diff: 0.0, Sum: 0.0]
      [GC Worker Other (ms): Min: 0.0, Avg: 0.0, Max: 0.0, Diff: 0.0, Sum: 0.1]
      [GC Worker Total (ms): Min: 11.3, Avg: 11.3, Max: 11.3, Diff: 0.0, Sum: 22.6]
      [GC Worker End (ms): Min: 90999.5, Avg: 90999.5, Max: 90999.5, Diff: 0.0]
   [Code Root Fixup: 0.0 ms]
   [Code Root Migration: 0.1 ms]
   [Clear CT: 0.2 ms]
   [Other: 0.5 ms]
      [Choose CSet: 0.0 ms]
      [Ref Proc: 0.1 ms]
      [Ref Enq: 0.0 ms]
      [Free CSet: 0.3 ms]
   [Eden: 141.0M(141.0M)->0.0B(128.0M) Survivors: 9216.0K->18.0M Heap: 215.5M(256.0M)->83.4M(256.0M)]
 [Times: user=0.02 sys=0.00, real=0.01 secs] 
2014-07-10T11:37:40.296+0200: 91.076: [GC pause (G1 Evacuation Pause) (young) 91.076: [G1Ergonomics (CSet Construction) start choosing CSet, _pending_cards: 512, predicted base time: 1.74 ms, remaining time: 198.26 ms, target pause time: 200.00 ms]
 91.076: [G1Ergonomics (CSet Construction) add young regions to CSet, eden: 128 regions, survivors: 18 regions, predicted young region time: 88.65 ms]
 91.076: [G1Ergonomics (CSet Construction) finish choosing CSet, eden: 128 regions, survivors: 18 regions, old: 0 regions, predicted pause time: 90.39 ms, target pause time: 200.00 ms]
, 0.0097478 secs]
   [Parallel Time: 8.9 ms, GC Workers: 2]
      [GC Worker Start (ms): Min: 91075.6, Avg: 91075.6, Max: 91075.6, Diff: 0.0]
      [Ext Root Scanning (ms): Min: 0.3, Avg: 0.3, Max: 0.3, Diff: 0.0, Sum: 0.6]
      [Update RS (ms): Min: 0.0, Avg: 0.0, Max: 0.0, Diff: 0.0, Sum: 0.1]
         [Processed Buffers: Min: 1, Avg: 1.5, Max: 2, Diff: 1, Sum: 3]
      [Scan RS (ms): Min: 0.2, Avg: 0.2, Max: 0.2, Diff: 0.0, Sum: 0.4]
      [Code Root Scanning (ms): Min: 0.1, Avg: 0.1, Max: 0.1, Diff: 0.0, Sum: 0.2]
      [Object Copy (ms): Min: 8.2, Avg: 8.2, Max: 8.2, Diff: 0.0, Sum: 16.5]
      [Termination (ms): Min: 0.0, Avg: 0.0, Max: 0.0, Diff: 0.0, Sum: 0.0]
      [GC Worker Other (ms): Min: 0.0, Avg: 0.0, Max: 0.0, Diff: 0.0, Sum: 0.0]
      [GC Worker Total (ms): Min: 8.9, Avg: 8.9, Max: 8.9, Diff: 0.0, Sum: 17.8]
      [GC Worker End (ms): Min: 91084.5, Avg: 91084.5, Max: 91084.5, Diff: 0.0]
   [Code Root Fixup: 0.0 ms]
   [Code Root Migration: 0.0 ms]
   [Clear CT: 0.1 ms]
   [Other: 0.7 ms]
      [Choose CSet: 0.0 ms]
      [Ref Proc: 0.3 ms]
      [Ref Enq: 0.0 ms]
      [Free CSet: 0.2 ms]
   [Eden: 128.0M(128.0M)->0.0B(134.0M) Survivors: 18.0M->14.0M Heap: 211.4M(256.0M)->79.3M(256.0M)]
 [Times: user=0.03 sys=0.00, real=0.01 secs] 
2014-07-10T11:37:40.432+0200: 91.211: [GC pause (G1 Evacuation Pause) (young) 91.211: [G1Ergonomics (CSet Construction) start choosing CSet, _pending_cards: 512, predicted base time: 1.59 ms, remaining time: 198.41 ms, target pause time: 200.00 ms]
 91.211: [G1Ergonomics (CSet Construction) add young regions to CSet, eden: 134 regions, survivors: 14 regions, predicted young region time: 89.84 ms]
 91.211: [G1Ergonomics (CSet Construction) finish choosing CSet, eden: 134 regions, survivors: 14 regions, old: 0 regions, predicted pause time: 91.43 ms, target pause time: 200.00 ms]
, 0.0114376 secs]
   [Parallel Time: 10.9 ms, GC Workers: 2]
      [GC Worker Start (ms): Min: 91211.3, Avg: 91211.3, Max: 91211.3, Diff: 0.0]
      [Ext Root Scanning (ms): Min: 0.3, Avg: 0.3, Max: 0.3, Diff: 0.0, Sum: 0.7]
      [Update RS (ms): Min: 0.0, Avg: 0.0, Max: 0.0, Diff: 0.0, Sum: 0.1]
         [Processed Buffers: Min: 1, Avg: 1.5, Max: 2, Diff: 1, Sum: 3]
      [Scan RS (ms): Min: 0.3, Avg: 0.3, Max: 0.3, Diff: 0.0, Sum: 0.5]
      [Code Root Scanning (ms): Min: 0.1, Avg: 0.1, Max: 0.1, Diff: 0.0, Sum: 0.2]
      [Object Copy (ms): Min: 9.9, Avg: 9.9, Max: 10.0, Diff: 0.0, Sum: 19.9]
      [Termination (ms): Min: 0.0, Avg: 0.0, Max: 0.0, Diff: 0.0, Sum: 0.0]
      [GC Worker Other (ms): Min: 0.0, Avg: 0.1, Max: 0.1, Diff: 0.1, Sum: 0.2]
      [GC Worker Total (ms): Min: 10.7, Avg: 10.8, Max: 10.8, Diff: 0.1, Sum: 21.6]
      [GC Worker End (ms): Min: 91222.1, Avg: 91222.1, Max: 91222.2, Diff: 0.1]
   [Code Root Fixup: 0.0 ms]
   [Code Root Migration: 0.0 ms]
   [Clear CT: 0.1 ms]
   [Other: 0.4 ms]
      [Choose CSet: 0.0 ms]
      [Ref Proc: 0.1 ms]
      [Ref Enq: 0.0 ms]
      [Free CSet: 0.2 ms]
   [Eden: 134.0M(134.0M)->0.0B(132.0M) Survivors: 14.0M->16.0M Heap: 213.3M(256.0M)->81.2M(256.0M)]
 [Times: user=0.03 sys=0.00, real=0.01 secs] 
2014-07-10T11:37:40.591+0200: 91.370: [GC pause (G1 Evacuation Pause) (young) 91.370: [G1Ergonomics (CSet Construction) start choosing CSet, _pending_cards: 258, predicted base time: 1.42 ms, remaining time: 198.58 ms, target pause time: 200.00 ms]
 91.370: [G1Ergonomics (CSet Construction) add young regions to CSet, eden: 132 regions, survivors: 16 regions, predicted young region time: 51.66 ms]
 91.370: [G1Ergonomics (CSet Construction) finish choosing CSet, eden: 132 regions, survivors: 16 regions, old: 0 regions, predicted pause time: 53.07 ms, target pause time: 200.00 ms]
, 0.0031783 secs]
   [Parallel Time: 2.6 ms, GC Workers: 2]
      [GC Worker Start (ms): Min: 91370.0, Avg: 91370.0, Max: 91370.0, Diff: 0.0]
      [Ext Root Scanning (ms): Min: 0.2, Avg: 0.2, Max: 0.2, Diff: 0.0, Sum: 0.5]
      [Update RS (ms): Min: 0.0, Avg: 0.0, Max: 0.0, Diff: 0.0, Sum: 0.1]
         [Processed Buffers: Min: 1, Avg: 1.5, Max: 2, Diff: 1, Sum: 3]
      [Scan RS (ms): Min: 0.5, Avg: 0.7, Max: 1.0, Diff: 0.6, Sum: 1.5]
      [Code Root Scanning (ms): Min: 0.1, Avg: 0.1, Max: 0.2, Diff: 0.1, Sum: 0.3]
      [Object Copy (ms): Min: 1.2, Avg: 1.4, Max: 1.6, Diff: 0.5, Sum: 2.8]
      [Termination (ms): Min: 0.0, Avg: 0.0, Max: 0.0, Diff: 0.0, Sum: 0.0]
      [GC Worker Other (ms): Min: 0.0, Avg: 0.0, Max: 0.0, Diff: 0.0, Sum: 0.0]
      [GC Worker Total (ms): Min: 2.6, Avg: 2.6, Max: 2.6, Diff: 0.0, Sum: 5.1]
      [GC Worker End (ms): Min: 91372.6, Avg: 91372.6, Max: 91372.6, Diff: 0.0]
   [Code Root Fixup: 0.0 ms]
   [Code Root Migration: 0.1 ms]
   [Clear CT: 0.1 ms]
   [Other: 0.4 ms]
      [Choose CSet: 0.0 ms]
      [Ref Proc: 0.0 ms]
      [Ref Enq: 0.0 ms]
      [Free CSet: 0.2 ms]
   [Eden: 132.0M(132.0M)->0.0B(146.0M) Survivors: 16.0M->4096.0K Heap: 213.2M(256.0M)->68.9M(256.0M)]
 [Times: user=0.02 sys=0.00, real=0.00 secs] 
2014-07-10T11:37:40.698+0200: 91.477: [GC pause (G1 Evacuation Pause) (young) 91.477: [G1Ergonomics (CSet Construction) start choosing CSet, _pending_cards: 512, predicted base time: 1.30 ms, remaining time: 198.70 ms, target pause time: 200.00 ms]
 91.477: [G1Ergonomics (CSet Construction) add young regions to CSet, eden: 146 regions, survivors: 4 regions, predicted young region time: 90.22 ms]
 91.478: [G1Ergonomics (CSet Construction) finish choosing CSet, eden: 146 regions, survivors: 4 regions, old: 0 regions, predicted pause time: 91.52 ms, target pause time: 200.00 ms]
, 0.0120217 secs]
   [Parallel Time: 11.3 ms, GC Workers: 2]
      [GC Worker Start (ms): Min: 91477.5, Avg: 91477.5, Max: 91477.5, Diff: 0.0]
      [Ext Root Scanning (ms): Min: 0.4, Avg: 0.4, Max: 0.4, Diff: 0.0, Sum: 0.8]
      [Update RS (ms): Min: 0.0, Avg: 0.0, Max: 0.0, Diff: 0.0, Sum: 0.1]
         [Processed Buffers: Min: 1, Avg: 1.5, Max: 2, Diff: 1, Sum: 3]
      [Scan RS (ms): Min: 0.2, Avg: 0.2, Max: 0.2, Diff: 0.0, Sum: 0.5]
      [Code Root Scanning (ms): Min: 0.1, Avg: 0.1, Max: 0.1, Diff: 0.0, Sum: 0.2]
      [Object Copy (ms): Min: 10.4, Avg: 10.4, Max: 10.4, Diff: 0.0, Sum: 20.8]
      [Termination (ms): Min: 0.0, Avg: 0.0, Max: 0.0, Diff: 0.0, Sum: 0.0]
      [GC Worker Other (ms): Min: 0.0, Avg: 0.0, Max: 0.0, Diff: 0.0, Sum: 0.1]
      [GC Worker Total (ms): Min: 11.2, Avg: 11.2, Max: 11.2, Diff: 0.0, Sum: 22.5]
      [GC Worker End (ms): Min: 91488.8, Avg: 91488.8, Max: 91488.8, Diff: 0.0]
   [Code Root Fixup: 0.0 ms]
   [Code Root Migration: 0.0 ms]
   [Clear CT: 0.2 ms]
   [Other: 0.5 ms]
      [Choose CSet: 0.0 ms]
      [Ref Proc: 0.1 ms]
      [Ref Enq: 0.0 ms]
      [Free CSet: 0.2 ms]
   [Eden: 146.0M(146.0M)->0.0B(130.0M) Survivors: 4096.0K->17.0M Heap: 214.9M(256.0M)->82.8M(256.0M)]
 [Times: user=0.03 sys=0.00, real=0.01 secs] 
2014-07-10T11:37:40.847+0200: 91.626: [GC pause (G1 Evacuation Pause) (young) 91.626: [G1Ergonomics (CSet Construction) start choosing CSet, _pending_cards: 512, predicted base time: 1.28 ms, remaining time: 198.72 ms, target pause time: 200.00 ms]
 91.626: [G1Ergonomics (CSet Construction) add young regions to CSet, eden: 130 regions, survivors: 17 regions, predicted young region time: 56.52 ms]
 91.626: [G1Ergonomics (CSet Construction) finish choosing CSet, eden: 130 regions, survivors: 17 regions, old: 0 regions, predicted pause time: 57.79 ms, target pause time: 200.00 ms]
, 0.0102230 secs]
   [Parallel Time: 9.7 ms, GC Workers: 2]
      [GC Worker Start (ms): Min: 91626.0, Avg: 91626.0, Max: 91626.0, Diff: 0.0]
      [Ext Root Scanning (ms): Min: 0.3, Avg: 0.3, Max: 0.3, Diff: 0.0, Sum: 0.6]
      [Update RS (ms): Min: 0.0, Avg: 0.0, Max: 0.0, Diff: 0.0, Sum: 0.1]
         [Processed Buffers: Min: 1, Avg: 1.5, Max: 2, Diff: 1, Sum: 3]
      [Scan RS (ms): Min: 0.2, Avg: 0.2, Max: 0.2, Diff: 0.0, Sum: 0.4]
      [Code Root Scanning (ms): Min: 0.1, Avg: 0.1, Max: 0.1, Diff: 0.0, Sum: 0.2]
      [Object Copy (ms): Min: 8.9, Avg: 9.0, Max: 9.0, Diff: 0.0, Sum: 17.9]
      [Termination (ms): Min: 0.0, Avg: 0.0, Max: 0.0, Diff: 0.0, Sum: 0.0]
      [GC Worker Other (ms): Min: 0.0, Avg: 0.0, Max: 0.0, Diff: 0.0, Sum: 0.1]
      [GC Worker Total (ms): Min: 9.6, Avg: 9.6, Max: 9.6, Diff: 0.0, Sum: 19.3]
      [GC Worker End (ms): Min: 91635.7, Avg: 91635.7, Max: 91635.7, Diff: 0.0]
   [Code Root Fixup: 0.0 ms]
   [Code Root Migration: 0.0 ms]
   [Clear CT: 0.1 ms]
   [Other: 0.4 ms]
      [Choose CSet: 0.0 ms]
      [Ref Proc: 0.0 ms]
      [Ref Enq: 0.0 ms]
      [Free CSet: 0.2 ms]
   [Eden: 130.0M(130.0M)->0.0B(133.0M) Survivors: 17.0M->15.0M Heap: 212.8M(256.0M)->80.7M(256.0M)]
 [Times: user=0.00 sys=0.00, real=0.01 secs] 
2014-07-10T11:37:40.992+0200: 91.771: [GC pause (G1 Evacuation Pause) (young) 91.771: [G1Ergonomics (CSet Construction) start choosing CSet, _pending_cards: 513, predicted base time: 1.17 ms, remaining time: 198.83 ms, target pause time: 200.00 ms]
 91.771: [G1Ergonomics (CSet Construction) add young regions to CSet, eden: 133 regions, survivors: 15 regions, predicted young region time: 81.96 ms]
 91.771: [G1Ergonomics (CSet Construction) finish choosing CSet, eden: 133 regions, survivors: 15 regions, old: 0 regions, predicted pause time: 83.13 ms, target pause time: 200.00 ms]
, 0.0052207 secs]
   [Parallel Time: 4.0 ms, GC Workers: 2]
      [GC Worker Start (ms): Min: 91771.2, Avg: 91771.2, Max: 91771.2, Diff: 0.0]
      [Ext Root Scanning (ms): Min: 0.5, Avg: 0.5, Max: 0.5, Diff: 0.0, Sum: 0.9]
      [Update RS (ms): Min: 0.1, Avg: 0.1, Max: 0.1, Diff: 0.0, Sum: 0.1]
         [Processed Buffers: Min: 2, Avg: 2.0, Max: 2, Diff: 0, Sum: 4]
      [Scan RS (ms): Min: 0.4, Avg: 0.4, Max: 0.4, Diff: 0.0, Sum: 0.7]
      [Code Root Scanning (ms): Min: 0.1, Avg: 0.1, Max: 0.2, Diff: 0.0, Sum: 0.3]
      [Object Copy (ms): Min: 2.8, Avg: 2.8, Max: 2.9, Diff: 0.0, Sum: 5.7]
      [Termination (ms): Min: 0.0, Avg: 0.0, Max: 0.0, Diff: 0.0, Sum: 0.0]
      [GC Worker Other (ms): Min: 0.0, Avg: 0.0, Max: 0.0, Diff: 0.0, Sum: 0.1]
      [GC Worker Total (ms): Min: 4.0, Avg: 4.0, Max: 4.0, Diff: 0.0, Sum: 7.9]
      [GC Worker End (ms): Min: 91775.2, Avg: 91775.2, Max: 91775.2, Diff: 0.0]
   [Code Root Fixup: 0.0 ms]
   [Code Root Migration: 0.1 ms]
   [Clear CT: 0.2 ms]
   [Other: 0.9 ms]
      [Choose CSet: 0.1 ms]
      [Ref Proc: 0.1 ms]
      [Ref Enq: 0.0 ms]
      [Free CSet: 0.5 ms]
   [Eden: 133.0M(133.0M)->0.0B(147.0M) Survivors: 15.0M->4096.0K Heap: 213.7M(256.0M)->69.5M(256.0M)]
 [Times: user=0.00 sys=0.00, real=0.00 secs] 
2014-07-10T11:37:41.098+0200: 91.877: [GC pause (G1 Evacuation Pause) (young) 91.877: [G1Ergonomics (CSet Construction) start choosing CSet, _pending_cards: 512, predicted base time: 1.26 ms, remaining time: 198.74 ms, target pause time: 200.00 ms]
 91.877: [G1Ergonomics (CSet Construction) add young regions to CSet, eden: 147 regions, survivors: 4 regions, predicted young region time: 16.90 ms]
 91.877: [G1Ergonomics (CSet Construction) finish choosing CSet, eden: 147 regions, survivors: 4 regions, old: 0 regions, predicted pause time: 18.16 ms, target pause time: 200.00 ms]
, 0.0130434 secs]
   [Parallel Time: 12.4 ms, GC Workers: 2]
      [GC Worker Start (ms): Min: 91877.3, Avg: 91877.3, Max: 91877.3, Diff: 0.0]
      [Ext Root Scanning (ms): Min: 0.3, Avg: 0.3, Max: 0.3, Diff: 0.0, Sum: 0.7]
      [Update RS (ms): Min: 0.0, Avg: 0.0, Max: 0.1, Diff: 0.0, Sum: 0.1]
         [Processed Buffers: Min: 1, Avg: 1.5, Max: 2, Diff: 1, Sum: 3]
      [Scan RS (ms): Min: 0.2, Avg: 0.3, Max: 0.3, Diff: 0.0, Sum: 0.5]
      [Code Root Scanning (ms): Min: 0.1, Avg: 0.1, Max: 0.1, Diff: 0.0, Sum: 0.2]
      [Object Copy (ms): Min: 11.6, Avg: 11.6, Max: 11.6, Diff: 0.0, Sum: 23.1]
      [Termination (ms): Min: 0.0, Avg: 0.0, Max: 0.0, Diff: 0.0, Sum: 0.0]
      [GC Worker Other (ms): Min: 0.0, Avg: 0.0, Max: 0.0, Diff: 0.0, Sum: 0.1]
      [GC Worker Total (ms): Min: 12.3, Avg: 12.3, Max: 12.3, Diff: 0.0, Sum: 24.7]
      [GC Worker End (ms): Min: 91889.7, Avg: 91889.7, Max: 91889.7, Diff: 0.0]
   [Code Root Fixup: 0.0 ms]
   [Code Root Migration: 0.0 ms]
   [Clear CT: 0.2 ms]
   [Other: 0.4 ms]
      [Choose CSet: 0.0 ms]
      [Ref Proc: 0.0 ms]
      [Ref Enq: 0.0 ms]
      [Free CSet: 0.2 ms]
   [Eden: 147.0M(147.0M)->0.0B(126.0M) Survivors: 4096.0K->19.0M Heap: 216.5M(256.0M)->84.4M(256.0M)]
 [Times: user=0.03 sys=0.00, real=0.01 secs] 
2014-07-10T11:37:41.226+0200: 92.005: [GC pause (G1 Evacuation Pause) (young) 92.005: [G1Ergonomics (CSet Construction) start choosing CSet, _pending_cards: 512, predicted base time: 1.19 ms, remaining time: 198.81 ms, target pause time: 200.00 ms]
 92.005: [G1Ergonomics (CSet Construction) add young regions to CSet, eden: 126 regions, survivors: 19 regions, predicted young region time: 84.64 ms]
 92.005: [G1Ergonomics (CSet Construction) finish choosing CSet, eden: 126 regions, survivors: 19 regions, old: 0 regions, predicted pause time: 85.83 ms, target pause time: 200.00 ms]
, 0.0090894 secs]
   [Parallel Time: 8.4 ms, GC Workers: 2]
      [GC Worker Start (ms): Min: 92005.3, Avg: 92005.3, Max: 92005.3, Diff: 0.0]
      [Ext Root Scanning (ms): Min: 0.4, Avg: 0.4, Max: 0.4, Diff: 0.0, Sum: 0.7]
      [Update RS (ms): Min: 0.0, Avg: 0.0, Max: 0.0, Diff: 0.0, Sum: 0.1]
         [Processed Buffers: Min: 1, Avg: 1.5, Max: 2, Diff: 1, Sum: 3]
      [Scan RS (ms): Min: 0.2, Avg: 0.2, Max: 0.3, Diff: 0.0, Sum: 0.5]
      [Code Root Scanning (ms): Min: 0.1, Avg: 0.1, Max: 0.1, Diff: 0.0, Sum: 0.2]
      [Object Copy (ms): Min: 7.5, Avg: 7.5, Max: 7.5, Diff: 0.0, Sum: 15.0]
      [Termination (ms): Min: 0.0, Avg: 0.0, Max: 0.0, Diff: 0.0, Sum: 0.0]
      [GC Worker Other (ms): Min: 0.0, Avg: 0.0, Max: 0.0, Diff: 0.0, Sum: 0.1]
      [GC Worker Total (ms): Min: 8.3, Avg: 8.3, Max: 8.3, Diff: 0.0, Sum: 16.6]
      [GC Worker End (ms): Min: 92013.6, Avg: 92013.6, Max: 92013.6, Diff: 0.0]
   [Code Root Fixup: 0.0 ms]
   [Code Root Migration: 0.0 ms]
   [Clear CT: 0.2 ms]
   [Other: 0.4 ms]
      [Choose CSet: 0.0 ms]
      [Ref Proc: 0.1 ms]
      [Ref Enq: 0.0 ms]
      [Free CSet: 0.2 ms]
   [Eden: 126.0M(126.0M)->0.0B(136.0M) Survivors: 19.0M->13.0M Heap: 210.4M(256.0M)->78.3M(256.0M)]
 [Times: user=0.03 sys=0.00, real=0.01 secs] 
2014-07-10T11:37:41.396+0200: 92.176: [GC pause (G1 Evacuation Pause) (young) 92.176: [G1Ergonomics (CSet Construction) start choosing CSet, _pending_cards: 512, predicted base time: 1.16 ms, remaining time: 198.84 ms, target pause time: 200.00 ms]
 92.176: [G1Ergonomics (CSet Construction) add young regions to CSet, eden: 136 regions, survivors: 13 regions, predicted young region time: 15.52 ms]
 92.176: [G1Ergonomics (CSet Construction) finish choosing CSet, eden: 136 regions, survivors: 13 regions, old: 0 regions, predicted pause time: 16.68 ms, target pause time: 200.00 ms]
, 0.0118343 secs]
   [Parallel Time: 11.1 ms, GC Workers: 2]
      [GC Worker Start (ms): Min: 92175.9, Avg: 92175.9, Max: 92175.9, Diff: 0.0]
      [Ext Root Scanning (ms): Min: 0.3, Avg: 0.3, Max: 0.3, Diff: 0.0, Sum: 0.7]
      [Update RS (ms): Min: 0.0, Avg: 0.0, Max: 0.0, Diff: 0.0, Sum: 0.1]
         [Processed Buffers: Min: 1, Avg: 1.5, Max: 2, Diff: 1, Sum: 3]
      [Scan RS (ms): Min: 0.2, Avg: 0.2, Max: 0.2, Diff: 0.0, Sum: 0.5]
      [Code Root Scanning (ms): Min: 0.1, Avg: 0.1, Max: 0.1, Diff: 0.0, Sum: 0.2]
      [Object Copy (ms): Min: 10.3, Avg: 10.3, Max: 10.4, Diff: 0.0, Sum: 20.7]
      [Termination (ms): Min: 0.0, Avg: 0.0, Max: 0.0, Diff: 0.0, Sum: 0.0]
      [GC Worker Other (ms): Min: 0.0, Avg: 0.0, Max: 0.0, Diff: 0.0, Sum: 0.1]
      [GC Worker Total (ms): Min: 11.1, Avg: 11.1, Max: 11.1, Diff: 0.0, Sum: 22.1]
      [GC Worker End (ms): Min: 92187.0, Avg: 92187.0, Max: 92187.0, Diff: 0.0]
   [Code Root Fixup: 0.0 ms]
   [Code Root Migration: 0.1 ms]
   [Clear CT: 0.1 ms]
   [Other: 0.6 ms]
      [Choose CSet: 0.0 ms]
      [Ref Proc: 0.0 ms]
      [Ref Enq: 0.0 ms]
      [Free CSet: 0.2 ms]
   [Eden: 136.0M(136.0M)->0.0B(130.0M) Survivors: 13.0M->17.0M Heap: 214.3M(256.0M)->82.1M(256.0M)]
 [Times: user=0.03 sys=0.00, real=0.01 secs] 
2014-07-10T11:37:41.490+0200: 92.269: [GC pause (G1 Evacuation Pause) (young) 92.269: [G1Ergonomics (CSet Construction) start choosing CSet, _pending_cards: 259, predicted base time: 1.06 ms, remaining time: 198.94 ms, target pause time: 200.00 ms]
 92.269: [G1Ergonomics (CSet Construction) add young regions to CSet, eden: 130 regions, survivors: 17 regions, predicted young region time: 84.41 ms]
 92.269: [G1Ergonomics (CSet Construction) finish choosing CSet, eden: 130 regions, survivors: 17 regions, old: 0 regions, predicted pause time: 85.47 ms, target pause time: 200.00 ms]
, 0.0013213 secs]
   [Parallel Time: 0.9 ms, GC Workers: 2]
      [GC Worker Start (ms): Min: 92269.4, Avg: 92269.4, Max: 92269.4, Diff: 0.0]
      [Ext Root Scanning (ms): Min: 0.2, Avg: 0.2, Max: 0.2, Diff: 0.0, Sum: 0.4]
      [Update RS (ms): Min: 0.0, Avg: 0.0, Max: 0.0, Diff: 0.0, Sum: 0.1]
         [Processed Buffers: Min: 1, Avg: 1.5, Max: 2, Diff: 1, Sum: 3]
      [Scan RS (ms): Min: 0.2, Avg: 0.2, Max: 0.2, Diff: 0.0, Sum: 0.5]
      [Code Root Scanning (ms): Min: 0.1, Avg: 0.1, Max: 0.1, Diff: 0.0, Sum: 0.2]
      [Object Copy (ms): Min: 0.3, Avg: 0.3, Max: 0.3, Diff: 0.0, Sum: 0.6]
      [Termination (ms): Min: 0.0, Avg: 0.0, Max: 0.0, Diff: 0.0, Sum: 0.0]
      [GC Worker Other (ms): Min: 0.0, Avg: 0.0, Max: 0.0, Diff: 0.0, Sum: 0.0]
      [GC Worker Total (ms): Min: 0.9, Avg: 0.9, Max: 0.9, Diff: 0.0, Sum: 1.8]
      [GC Worker End (ms): Min: 92270.3, Avg: 92270.3, Max: 92270.3, Diff: 0.0]
   [Code Root Fixup: 0.0 ms]
   [Code Root Migration: 0.0 ms]
   [Clear CT: 0.1 ms]
   [Other: 0.3 ms]
      [Choose CSet: 0.0 ms]
      [Ref Proc: 0.0 ms]
      [Ref Enq: 0.0 ms]
      [Free CSet: 0.1 ms]
   [Eden: 130.0M(130.0M)->0.0B(150.0M) Survivors: 17.0M->1024.0K Heap: 212.1M(256.0M)->66.9M(256.0M)]
 [Times: user=0.00 sys=0.00, real=0.00 secs] 
2014-07-10T11:37:41.636+0200: 92.415: [GC pause (G1 Evacuation Pause) (young) 92.415: [G1Ergonomics (CSet Construction) start choosing CSet, _pending_cards: 512, predicted base time: 0.99 ms, remaining time: 199.01 ms, target pause time: 200.00 ms]
 92.415: [G1Ergonomics (CSet Construction) add young regions to CSet, eden: 150 regions, survivors: 1 regions, predicted young region time: 88.04 ms]
 92.415: [G1Ergonomics (CSet Construction) finish choosing CSet, eden: 150 regions, survivors: 1 regions, old: 0 regions, predicted pause time: 89.03 ms, target pause time: 200.00 ms]
, 0.0136040 secs]
   [Parallel Time: 12.3 ms, GC Workers: 2]
      [GC Worker Start (ms): Min: 92415.2, Avg: 92415.2, Max: 92415.2, Diff: 0.0]
      [Ext Root Scanning (ms): Min: 0.3, Avg: 0.3, Max: 0.3, Diff: 0.0, Sum: 0.6]
      [Update RS (ms): Min: 0.0, Avg: 0.0, Max: 0.1, Diff: 0.0, Sum: 0.1]
         [Processed Buffers: Min: 1, Avg: 1.5, Max: 2, Diff: 1, Sum: 3]
      [Scan RS (ms): Min: 0.2, Avg: 0.2, Max: 0.3, Diff: 0.0, Sum: 0.5]
      [Code Root Scanning (ms): Min: 0.1, Avg: 0.1, Max: 0.1, Diff: 0.0, Sum: 0.2]
      [Object Copy (ms): Min: 11.5, Avg: 11.5, Max: 11.5, Diff: 0.0, Sum: 23.0]
      [Termination (ms): Min: 0.0, Avg: 0.0, Max: 0.0, Diff: 0.0, Sum: 0.0]
      [GC Worker Other (ms): Min: 0.0, Avg: 0.0, Max: 0.0, Diff: 0.0, Sum: 0.1]
      [GC Worker Total (ms): Min: 12.3, Avg: 12.3, Max: 12.3, Diff: 0.0, Sum: 24.5]
      [GC Worker End (ms): Min: 92427.5, Avg: 92427.5, Max: 92427.5, Diff: 0.0]
   [Code Root Fixup: 0.0 ms]
   [Code Root Migration: 0.0 ms]
   [Clear CT: 0.1 ms]
   [Other: 1.2 ms]
      [Choose CSet: 0.0 ms]
      [Ref Proc: 0.8 ms]
      [Ref Enq: 0.0 ms]
      [Free CSet: 0.2 ms]
   [Eden: 150.0M(150.0M)->0.0B(126.0M) Survivors: 1024.0K->19.0M Heap: 216.9M(256.0M)->84.8M(256.0M)]
 [Times: user=0.03 sys=0.00, real=0.01 secs] 
2014-07-10T11:37:41.799+0200: 92.578: [GC pause (G1 Evacuation Pause) (young) 92.579: [G1Ergonomics (CSet Construction) start choosing CSet, _pending_cards: 512, predicted base time: 1.24 ms, remaining time: 198.76 ms, target pause time: 200.00 ms]
 92.579: [G1Ergonomics (CSet Construction) add young regions to CSet, eden: 126 regions, survivors: 19 regions, predicted young region time: 52.45 ms]
 92.579: [G1Ergonomics (CSet Construction) finish choosing CSet, eden: 126 regions, survivors: 19 regions, old: 0 regions, predicted pause time: 53.70 ms, target pause time: 200.00 ms]
, 0.0163823 secs]
   [Parallel Time: 14.7 ms, GC Workers: 2]
      [GC Worker Start (ms): Min: 92578.7, Avg: 92578.9, Max: 92579.2, Diff: 0.5]
      [Ext Root Scanning (ms): Min: 0.3, Avg: 0.5, Max: 0.8, Diff: 0.5, Sum: 1.0]
      [Update RS (ms): Min: 0.1, Avg: 0.1, Max: 0.1, Diff: 0.0, Sum: 0.2]
         [Processed Buffers: Min: 1, Avg: 1.5, Max: 2, Diff: 1, Sum: 3]
      [Scan RS (ms): Min: 0.4, Avg: 0.4, Max: 0.5, Diff: 0.1, Sum: 0.8]
      [Code Root Scanning (ms): Min: 0.1, Avg: 0.1, Max: 0.1, Diff: 0.0, Sum: 0.3]
      [Object Copy (ms): Min: 13.1, Avg: 13.1, Max: 13.1, Diff: 0.0, Sum: 26.2]
      [Termination (ms): Min: 0.0, Avg: 0.0, Max: 0.0, Diff: 0.0, Sum: 0.0]
      [GC Worker Other (ms): Min: 0.1, Avg: 0.1, Max: 0.1, Diff: 0.0, Sum: 0.2]
      [GC Worker Total (ms): Min: 14.1, Avg: 14.4, Max: 14.6, Diff: 0.6, Sum: 28.7]
      [GC Worker End (ms): Min: 92593.3, Avg: 92593.3, Max: 92593.3, Diff: 0.0]
   [Code Root Fixup: 0.0 ms]
   [Code Root Migration: 0.1 ms]
   [Clear CT: 0.6 ms]
   [Other: 1.0 ms]
      [Choose CSet: 0.1 ms]
      [Ref Proc: 0.1 ms]
      [Ref Enq: 0.0 ms]
      [Free CSet: 0.5 ms]
   [Eden: 126.0M(126.0M)->0.0B(134.0M) Survivors: 19.0M->13.0M Heap: 210.8M(256.0M)->78.7M(256.0M)]
 [Times: user=0.03 sys=0.00, real=0.02 secs] 
2014-07-10T11:37:41.900+0200: 92.679: [GC pause (G1 Evacuation Pause) (young) 92.679: [G1Ergonomics (CSet Construction) start choosing CSet, _pending_cards: 512, predicted base time: 1.65 ms, remaining time: 198.35 ms, target pause time: 200.00 ms]
 92.679: [G1Ergonomics (CSet Construction) add young regions to CSet, eden: 134 regions, survivors: 13 regions, predicted young region time: 104.97 ms]
 92.679: [G1Ergonomics (CSet Construction) finish choosing CSet, eden: 134 regions, survivors: 13 regions, old: 0 regions, predicted pause time: 106.62 ms, target pause time: 200.00 ms]
, 0.0052420 secs]
   [Parallel Time: 4.5 ms, GC Workers: 2]
      [GC Worker Start (ms): Min: 92679.1, Avg: 92679.1, Max: 92679.1, Diff: 0.0]
      [Ext Root Scanning (ms): Min: 0.3, Avg: 0.3, Max: 0.3, Diff: 0.0, Sum: 0.6]
      [Update RS (ms): Min: 0.0, Avg: 0.0, Max: 0.1, Diff: 0.0, Sum: 0.1]
         [Processed Buffers: Min: 1, Avg: 1.5, Max: 2, Diff: 1, Sum: 3]
      [Scan RS (ms): Min: 0.2, Avg: 0.2, Max: 0.2, Diff: 0.0, Sum: 0.4]
      [Code Root Scanning (ms): Min: 0.1, Avg: 0.1, Max: 0.1, Diff: 0.0, Sum: 0.2]
      [Object Copy (ms): Min: 3.8, Avg: 3.8, Max: 3.8, Diff: 0.0, Sum: 7.7]
      [Termination (ms): Min: 0.0, Avg: 0.0, Max: 0.0, Diff: 0.0, Sum: 0.0]
      [GC Worker Other (ms): Min: 0.0, Avg: 0.0, Max: 0.0, Diff: 0.0, Sum: 0.1]
      [GC Worker Total (ms): Min: 4.5, Avg: 4.5, Max: 4.5, Diff: 0.0, Sum: 9.0]
      [GC Worker End (ms): Min: 92683.6, Avg: 92683.6, Max: 92683.6, Diff: 0.0]
   [Code Root Fixup: 0.0 ms]
   [Code Root Migration: 0.1 ms]
   [Clear CT: 0.1 ms]
   [Other: 0.5 ms]
      [Choose CSet: 0.0 ms]
      [Ref Proc: 0.1 ms]
      [Ref Enq: 0.0 ms]
      [Free CSet: 0.3 ms]
   [Eden: 134.0M(134.0M)->0.0B(142.0M) Survivors: 13.0M->7168.0K Heap: 212.7M(256.0M)->72.6M(256.0M)]
 [Times: user=0.03 sys=0.00, real=0.00 secs] 
2014-07-10T11:37:42.054+0200: 92.833: [GC pause (G1 Evacuation Pause) (young) 92.833: [G1Ergonomics (CSet Construction) start choosing CSet, _pending_cards: 512, predicted base time: 1.46 ms, remaining time: 198.54 ms, target pause time: 200.00 ms]
 92.833: [G1Ergonomics (CSet Construction) add young regions to CSet, eden: 142 regions, survivors: 7 regions, predicted young region time: 66.24 ms]
 92.833: [G1Ergonomics (CSet Construction) finish choosing CSet, eden: 142 regions, survivors: 7 regions, old: 0 regions, predicted pause time: 67.71 ms, target pause time: 200.00 ms]
, 0.0121991 secs]
   [Parallel Time: 11.5 ms, GC Workers: 2]
      [GC Worker Start (ms): Min: 92833.3, Avg: 92833.3, Max: 92833.3, Diff: 0.0]
      [Ext Root Scanning (ms): Min: 0.3, Avg: 0.3, Max: 0.3, Diff: 0.0, Sum: 0.7]
      [Update RS (ms): Min: 0.0, Avg: 0.0, Max: 0.0, Diff: 0.0, Sum: 0.1]
         [Processed Buffers: Min: 1, Avg: 1.5, Max: 2, Diff: 1, Sum: 3]
      [Scan RS (ms): Min: 0.3, Avg: 0.3, Max: 0.3, Diff: 0.0, Sum: 0.5]
      [Code Root Scanning (ms): Min: 0.1, Avg: 0.1, Max: 0.1, Diff: 0.0, Sum: 0.2]
      [Object Copy (ms): Min: 10.6, Avg: 10.6, Max: 10.6, Diff: 0.0, Sum: 21.2]
      [Termination (ms): Min: 0.0, Avg: 0.0, Max: 0.0, Diff: 0.0, Sum: 0.0]
      [GC Worker Other (ms): Min: 0.0, Avg: 0.0, Max: 0.0, Diff: 0.0, Sum: 0.1]
      [GC Worker Total (ms): Min: 11.4, Avg: 11.4, Max: 11.4, Diff: 0.0, Sum: 22.8]
      [GC Worker End (ms): Min: 92844.7, Avg: 92844.7, Max: 92844.7, Diff: 0.0]
   [Code Root Fixup: 0.0 ms]
   [Code Root Migration: 0.1 ms]
   [Clear CT: 0.1 ms]
   [Other: 0.5 ms]
      [Choose CSet: 0.0 ms]
      [Ref Proc: 0.1 ms]
      [Ref Enq: 0.0 ms]
      [Free CSet: 0.3 ms]
   [Eden: 142.0M(142.0M)->0.0B(129.0M) Survivors: 7168.0K->17.0M Heap: 214.6M(256.0M)->82.5M(256.0M)]
 [Times: user=0.02 sys=0.00, real=0.01 secs] 
2014-07-10T11:37:42.199+0200: 92.978: [GC pause (G1 Evacuation Pause) (young) 92.979: [G1Ergonomics (CSet Construction) start choosing CSet, _pending_cards: 512, predicted base time: 1.34 ms, remaining time: 198.66 ms, target pause time: 200.00 ms]
 92.979: [G1Ergonomics (CSet Construction) add young regions to CSet, eden: 129 regions, survivors: 17 regions, predicted young region time: 92.64 ms]
 92.979: [G1Ergonomics (CSet Construction) finish choosing CSet, eden: 129 regions, survivors: 17 regions, old: 0 regions, predicted pause time: 93.98 ms, target pause time: 200.00 ms]
, 0.0164725 secs]
   [Parallel Time: 15.1 ms, GC Workers: 2]
      [GC Worker Start (ms): Min: 92978.7, Avg: 92978.9, Max: 92979.1, Diff: 0.4]
      [Ext Root Scanning (ms): Min: 0.4, Avg: 0.6, Max: 0.8, Diff: 0.4, Sum: 1.2]
      [Update RS (ms): Min: 0.1, Avg: 0.1, Max: 0.1, Diff: 0.0, Sum: 0.1]
         [Processed Buffers: Min: 1, Avg: 1.5, Max: 2, Diff: 1, Sum: 3]
      [Scan RS (ms): Min: 0.5, Avg: 0.5, Max: 0.6, Diff: 0.1, Sum: 1.1]
      [Code Root Scanning (ms): Min: 0.1, Avg: 0.1, Max: 0.2, Diff: 0.0, Sum: 0.3]
      [Object Copy (ms): Min: 13.4, Avg: 13.4, Max: 13.5, Diff: 0.0, Sum: 26.9]
      [Termination (ms): Min: 0.0, Avg: 0.0, Max: 0.0, Diff: 0.0, Sum: 0.0]
      [GC Worker Other (ms): Min: 0.1, Avg: 0.1, Max: 0.1, Diff: 0.0, Sum: 0.1]
      [GC Worker Total (ms): Min: 14.7, Avg: 14.8, Max: 15.0, Diff: 0.4, Sum: 29.7]
      [GC Worker End (ms): Min: 92993.7, Avg: 92993.7, Max: 92993.7, Diff: 0.0]
   [Code Root Fixup: 0.0 ms]
   [Code Root Migration: 0.1 ms]
   [Clear CT: 0.4 ms]
   [Other: 0.9 ms]
      [Choose CSet: 0.1 ms]
      [Ref Proc: 0.1 ms]
      [Ref Enq: 0.0 ms]
      [Free CSet: 0.5 ms]
   [Eden: 129.0M(129.0M)->0.0B(134.0M) Survivors: 17.0M->14.0M Heap: 211.5M(256.0M)->79.4M(256.0M)]
 [Times: user=0.03 sys=0.00, real=0.02 secs] 
2014-07-10T11:37:42.296+0200: 93.076: [GC pause (G1 Evacuation Pause) (young) 93.076: [G1Ergonomics (CSet Construction) start choosing CSet, _pending_cards: 512, predicted base time: 1.56 ms, remaining time: 198.44 ms, target pause time: 200.00 ms]
 93.076: [G1Ergonomics (CSet Construction) add young regions to CSet, eden: 134 regions, survivors: 14 regions, predicted young region time: 19.86 ms]
 93.076: [G1Ergonomics (CSet Construction) finish choosing CSet, eden: 134 regions, survivors: 14 regions, old: 0 regions, predicted pause time: 21.42 ms, target pause time: 200.00 ms]
, 0.0109841 secs]
   [Parallel Time: 10.3 ms, GC Workers: 2]
      [GC Worker Start (ms): Min: 93076.0, Avg: 93076.0, Max: 93076.0, Diff: 0.0]
      [Ext Root Scanning (ms): Min: 0.3, Avg: 0.3, Max: 0.3, Diff: 0.0, Sum: 0.7]
      [Update RS (ms): Min: 0.0, Avg: 0.0, Max: 0.0, Diff: 0.0, Sum: 0.1]
         [Processed Buffers: Min: 1, Avg: 1.5, Max: 2, Diff: 1, Sum: 3]
      [Scan RS (ms): Min: 0.2, Avg: 0.2, Max: 0.2, Diff: 0.0, Sum: 0.4]
      [Code Root Scanning (ms): Min: 0.1, Avg: 0.1, Max: 0.1, Diff: 0.0, Sum: 0.2]
      [Object Copy (ms): Min: 9.5, Avg: 9.5, Max: 9.5, Diff: 0.0, Sum: 19.0]
      [Termination (ms): Min: 0.0, Avg: 0.0, Max: 0.0, Diff: 0.0, Sum: 0.0]
      [GC Worker Other (ms): Min: 0.0, Avg: 0.0, Max: 0.0, Diff: 0.0, Sum: 0.1]
      [GC Worker Total (ms): Min: 10.2, Avg: 10.2, Max: 10.2, Diff: 0.0, Sum: 20.5]
      [GC Worker End (ms): Min: 93086.2, Avg: 93086.2, Max: 93086.2, Diff: 0.0]
   [Code Root Fixup: 0.0 ms]
   [Code Root Migration: 0.1 ms]
   [Clear CT: 0.2 ms]
   [Other: 0.5 ms]
      [Choose CSet: 0.0 ms]
      [Ref Proc: 0.1 ms]
      [Ref Enq: 0.0 ms]
      [Free CSet: 0.2 ms]
   [Eden: 134.0M(134.0M)->0.0B(131.0M) Survivors: 14.0M->16.0M Heap: 213.4M(256.0M)->81.3M(256.0M)]
 [Times: user=0.00 sys=0.00, real=0.01 secs] 
2014-07-10T11:37:42.454+0200: 93.234: [GC pause (G1 Evacuation Pause) (young) 93.234: [G1Ergonomics (CSet Construction) start choosing CSet, _pending_cards: 256, predicted base time: 1.39 ms, remaining time: 198.61 ms, target pause time: 200.00 ms]
 93.234: [G1Ergonomics (CSet Construction) add young regions to CSet, eden: 131 regions, survivors: 16 regions, predicted young region time: 103.02 ms]
 93.234: [G1Ergonomics (CSet Construction) finish choosing CSet, eden: 131 regions, survivors: 16 regions, old: 0 regions, predicted pause time: 104.41 ms, target pause time: 200.00 ms]
, 0.0100331 secs]
   [Parallel Time: 9.4 ms, GC Workers: 2]
      [GC Worker Start (ms): Min: 93233.9, Avg: 93233.9, Max: 93233.9, Diff: 0.0]
      [Ext Root Scanning (ms): Min: 0.3, Avg: 0.3, Max: 0.3, Diff: 0.0, Sum: 0.6]
      [Update RS (ms): Min: 0.0, Avg: 0.0, Max: 0.0, Diff: 0.0, Sum: 0.0]
         [Processed Buffers: Min: 1, Avg: 1.0, Max: 1, Diff: 0, Sum: 2]
      [Scan RS (ms): Min: 0.2, Avg: 0.2, Max: 0.2, Diff: 0.0, Sum: 0.5]
      [Code Root Scanning (ms): Min: 0.1, Avg: 0.1, Max: 0.1, Diff: 0.0, Sum: 0.2]
      [Object Copy (ms): Min: 8.7, Avg: 8.7, Max: 8.7, Diff: 0.0, Sum: 17.3]
      [Termination (ms): Min: 0.0, Avg: 0.0, Max: 0.0, Diff: 0.0, Sum: 0.0]
      [GC Worker Other (ms): Min: 0.0, Avg: 0.0, Max: 0.0, Diff: 0.0, Sum: 0.1]
      [GC Worker Total (ms): Min: 9.3, Avg: 9.3, Max: 9.4, Diff: 0.0, Sum: 18.7]
      [GC Worker End (ms): Min: 93243.2, Avg: 93243.2, Max: 93243.2, Diff: 0.0]
   [Code Root Fixup: 0.0 ms]
   [Code Root Migration: 0.1 ms]
   [Clear CT: 0.1 ms]
   [Other: 0.5 ms]
      [Choose CSet: 0.0 ms]
      [Ref Proc: 0.1 ms]
      [Ref Enq: 0.0 ms]
      [Free CSet: 0.3 ms]
   [Eden: 131.0M(131.0M)->0.0B(132.0M) Survivors: 16.0M->15.0M Heap: 212.3M(256.0M)->80.2M(256.0M)]
 [Times: user=0.00 sys=0.02, real=0.01 secs] 
2014-07-10T11:37:42.534+0200: 93.314: [GC pause (G1 Evacuation Pause) (young) 93.314: [G1Ergonomics (CSet Construction) start choosing CSet, _pending_cards: 259, predicted base time: 1.25 ms, remaining time: 198.75 ms, target pause time: 200.00 ms]
 93.314: [G1Ergonomics (CSet Construction) add young regions to CSet, eden: 132 regions, survivors: 15 regions, predicted young region time: 98.28 ms]
 93.314: [G1Ergonomics (CSet Construction) finish choosing CSet, eden: 132 regions, survivors: 15 regions, old: 0 regions, predicted pause time: 99.53 ms, target pause time: 200.00 ms]
 93.341: [G1Ergonomics (Heap Sizing) attempt heap expansion, reason: region allocation request failed, allocation request: 32784 bytes]
 93.341: [G1Ergonomics (Heap Sizing) expand the heap, requested expansion amount: 32784 bytes, attempted expansion amount: 1048576 bytes]
 93.341: [G1Ergonomics (Heap Sizing) did not expand the heap, reason: heap already fully expanded]
 (to-space exhausted), 0.0280590 secs]
   [Parallel Time: 27.3 ms, GC Workers: 2]
      [GC Worker Start (ms): Min: 93313.7, Avg: 93313.7, Max: 93313.7, Diff: 0.0]
      [Ext Root Scanning (ms): Min: 0.4, Avg: 0.4, Max: 0.4, Diff: 0.0, Sum: 0.7]
      [Update RS (ms): Min: 0.0, Avg: 0.1, Max: 0.1, Diff: 0.0, Sum: 0.1]
         [Processed Buffers: Min: 1, Avg: 1.5, Max: 2, Diff: 1, Sum: 3]
      [Scan RS (ms): Min: 0.2, Avg: 0.2, Max: 0.2, Diff: 0.0, Sum: 0.5]
      [Code Root Scanning (ms): Min: 0.1, Avg: 0.1, Max: 0.1, Diff: 0.0, Sum: 0.2]
      [Object Copy (ms): Min: 26.5, Avg: 26.5, Max: 26.5, Diff: 0.0, Sum: 53.1]
      [Termination (ms): Min: 0.0, Avg: 0.0, Max: 0.0, Diff: 0.0, Sum: 0.0]
      [GC Worker Other (ms): Min: 0.0, Avg: 0.0, Max: 0.0, Diff: 0.0, Sum: 0.1]
      [GC Worker Total (ms): Min: 27.3, Avg: 27.3, Max: 27.3, Diff: 0.0, Sum: 54.6]
      [GC Worker End (ms): Min: 93341.0, Avg: 93341.0, Max: 93341.0, Diff: 0.0]
   [Code Root Fixup: 0.0 ms]
   [Code Root Migration: 0.0 ms]
   [Clear CT: 0.1 ms]
   [Other: 0.6 ms]
      [Choose CSet: 0.0 ms]
      [Ref Proc: 0.0 ms]
      [Ref Enq: 0.0 ms]
      [Free CSet: 0.2 ms]
   [Eden: 132.0M(132.0M)->0.0B(66.0M) Survivors: 15.0M->19.0M Heap: 212.2M(256.0M)->131.0M(256.0M)]
 [Times: user=0.06 sys=0.00, real=0.03 secs] 
2014-07-10T11:37:42.629+0200: 93.408: [GC pause (G1 Evacuation Pause) (young) 93.408: [G1Ergonomics (CSet Construction) start choosing CSet, _pending_cards: 1024, predicted base time: 1.33 ms, remaining time: 198.67 ms, target pause time: 200.00 ms]
 93.408: [G1Ergonomics (CSet Construction) add young regions to CSet, eden: 66 regions, survivors: 19 regions, predicted young region time: 43.54 ms]
 93.408: [G1Ergonomics (CSet Construction) finish choosing CSet, eden: 66 regions, survivors: 19 regions, old: 0 regions, predicted pause time: 44.87 ms, target pause time: 200.00 ms]
 93.445: [G1Ergonomics (Heap Sizing) attempt heap expansion, reason: region allocation request failed, allocation request: 32784 bytes]
 93.445: [G1Ergonomics (Heap Sizing) expand the heap, requested expansion amount: 32784 bytes, attempted expansion amount: 1048576 bytes]
 93.445: [G1Ergonomics (Heap Sizing) did not expand the heap, reason: heap already fully expanded]
 93.445: [G1Ergonomics (Concurrent Cycles) request concurrent cycle initiation, reason: occupancy higher than threshold, occupancy: 175112192 bytes, allocation request: 0 bytes, threshold: 120795930 bytes (45.00 %), source: end of GC]
 (to-space exhausted), 0.0371274 secs]
   [Parallel Time: 36.6 ms, GC Workers: 2]
      [GC Worker Start (ms): Min: 93408.3, Avg: 93408.3, Max: 93408.3, Diff: 0.0]
      [Ext Root Scanning (ms): Min: 0.3, Avg: 0.3, Max: 0.3, Diff: 0.0, Sum: 0.6]
      [Update RS (ms): Min: 0.0, Avg: 0.0, Max: 0.1, Diff: 0.0, Sum: 0.1]
         [Processed Buffers: Min: 1, Avg: 2.5, Max: 4, Diff: 3, Sum: 5]
      [Scan RS (ms): Min: 0.1, Avg: 0.1, Max: 0.1, Diff: 0.0, Sum: 0.3]
      [Code Root Scanning (ms): Min: 0.1, Avg: 0.1, Max: 0.1, Diff: 0.0, Sum: 0.1]
      [Object Copy (ms): Min: 35.9, Avg: 36.0, Max: 36.0, Diff: 0.0, Sum: 71.9]
      [Termination (ms): Min: 0.0, Avg: 0.0, Max: 0.0, Diff: 0.0, Sum: 0.0]
      [GC Worker Other (ms): Min: 0.0, Avg: 0.0, Max: 0.0, Diff: 0.0, Sum: 0.1]
      [GC Worker Total (ms): Min: 36.5, Avg: 36.5, Max: 36.5, Diff: 0.0, Sum: 73.1]
      [GC Worker End (ms): Min: 93444.8, Avg: 93444.8, Max: 93444.8, Diff: 0.0]
   [Code Root Fixup: 0.0 ms]
   [Code Root Migration: 0.0 ms]
   [Clear CT: 0.1 ms]
   [Other: 0.5 ms]
      [Choose CSet: 0.0 ms]
      [Ref Proc: 0.0 ms]
      [Ref Enq: 0.0 ms]
      [Free CSet: 0.1 ms]
   [Eden: 66.0M(66.0M)->0.0B(30.0M) Survivors: 19.0M->11.0M Heap: 197.0M(256.0M)->178.0M(256.0M)]
 [Times: user=0.06 sys=0.00, real=0.04 secs] 
 93.462: [G1Ergonomics (Concurrent Cycles) initiate concurrent cycle, reason: concurrent cycle initiation requested]
2014-07-10T11:37:42.683+0200: 93.462: [GC pause (G1 Evacuation Pause) (young) (initial-mark) 93.462: [G1Ergonomics (CSet Construction) start choosing CSet, _pending_cards: 1024, predicted base time: 1.33 ms, remaining time: 198.67 ms, target pause time: 200.00 ms]
 93.462: [G1Ergonomics (CSet Construction) add young regions to CSet, eden: 30 regions, survivors: 11 regions, predicted young region time: 15.78 ms]
 93.462: [G1Ergonomics (CSet Construction) finish choosing CSet, eden: 30 regions, survivors: 11 regions, old: 0 regions, predicted pause time: 17.11 ms, target pause time: 200.00 ms]
, 0.0180504 secs]
   [Parallel Time: 17.4 ms, GC Workers: 2]
      [GC Worker Start (ms): Min: 93462.3, Avg: 93462.3, Max: 93462.3, Diff: 0.0]
      [Ext Root Scanning (ms): Min: 0.3, Avg: 0.3, Max: 0.3, Diff: 0.0, Sum: 0.7]
      [Code Root Marking (ms): Min: 0.0, Avg: 0.0, Max: 0.1, Diff: 0.0, Sum: 0.1]
      [Update RS (ms): Min: 0.0, Avg: 0.0, Max: 0.0, Diff: 0.0, Sum: 0.1]
         [Processed Buffers: Min: 2, Avg: 2.5, Max: 3, Diff: 1, Sum: 5]
      [Scan RS (ms): Min: 0.1, Avg: 0.1, Max: 0.1, Diff: 0.0, Sum: 0.1]
      [Code Root Scanning (ms): Min: 0.0, Avg: 0.0, Max: 0.0, Diff: 0.0, Sum: 0.1]
      [Object Copy (ms): Min: 16.8, Avg: 16.8, Max: 16.8, Diff: 0.0, Sum: 33.7]
      [Termination (ms): Min: 0.0, Avg: 0.0, Max: 0.0, Diff: 0.0, Sum: 0.0]
      [GC Worker Other (ms): Min: 0.0, Avg: 0.0, Max: 0.0, Diff: 0.0, Sum: 0.1]
      [GC Worker Total (ms): Min: 17.4, Avg: 17.4, Max: 17.4, Diff: 0.0, Sum: 34.8]
      [GC Worker End (ms): Min: 93479.7, Avg: 93479.7, Max: 93479.7, Diff: 0.0]
   [Code Root Fixup: 0.0 ms]
   [Code Root Migration: 0.0 ms]
   [Clear CT: 0.0 ms]
   [Other: 0.6 ms]
      [Choose CSet: 0.0 ms]
      [Ref Proc: 0.3 ms]
      [Ref Enq: 0.0 ms]
      [Free CSet: 0.1 ms]
   [Eden: 30.0M(30.0M)->0.0B(18.0M) Survivors: 11.0M->6144.0K Heap: 208.0M(256.0M)->194.6M(256.0M)]
 [Times: user=0.03 sys=0.00, real=0.02 secs] 
2014-07-10T11:37:42.701+0200: 93.481: [GC concurrent-root-region-scan-start]
2014-07-10T11:37:42.701+0200: 93.481: [GC concurrent-root-region-scan-end, 0.0002647 secs]
2014-07-10T11:37:42.701+0200: 93.481: [GC concurrent-mark-start]
2014-07-10T11:37:42.707+0200: 93.486: [GC concurrent-mark-end, 0.0051306 secs]
2014-07-10T11:37:42.710+0200: 93.490: [GC pause (G1 Evacuation Pause) (young) 93.490: [G1Ergonomics (CSet Construction) start choosing CSet, _pending_cards: 256, predicted base time: 1.20 ms, remaining time: 198.80 ms, target pause time: 200.00 ms]
 93.490: [G1Ergonomics (CSet Construction) add young regions to CSet, eden: 18 regions, survivors: 6 regions, predicted young region time: 10.86 ms]
 93.490: [G1Ergonomics (CSet Construction) finish choosing CSet, eden: 18 regions, survivors: 6 regions, old: 0 regions, predicted pause time: 12.06 ms, target pause time: 200.00 ms]
, 0.0162492 secs]
   [Parallel Time: 15.9 ms, GC Workers: 2]
      [GC Worker Start (ms): Min: 93490.3, Avg: 93490.3, Max: 93490.3, Diff: 0.0]
      [Ext Root Scanning (ms): Min: 0.3, Avg: 0.3, Max: 0.3, Diff: 0.0, Sum: 0.6]
      [SATB Filtering (ms): Min: 0.0, Avg: 0.0, Max: 0.0, Diff: 0.0, Sum: 0.0]
      [Update RS (ms): Min: 0.0, Avg: 0.0, Max: 0.0, Diff: 0.0, Sum: 0.1]
         [Processed Buffers: Min: 1, Avg: 1.0, Max: 1, Diff: 0, Sum: 2]
      [Scan RS (ms): Min: 0.0, Avg: 0.0, Max: 0.0, Diff: 0.0, Sum: 0.1]
      [Code Root Scanning (ms): Min: 0.0, Avg: 0.0, Max: 0.0, Diff: 0.0, Sum: 0.0]
      [Object Copy (ms): Min: 14.7, Avg: 14.9, Max: 15.1, Diff: 0.5, Sum: 29.8]
      [Termination (ms): Min: 0.0, Avg: 0.2, Max: 0.5, Diff: 0.5, Sum: 0.5]
      [GC Worker Other (ms): Min: 0.0, Avg: 0.0, Max: 0.0, Diff: 0.0, Sum: 0.1]
      [GC Worker Total (ms): Min: 15.6, Avg: 15.6, Max: 15.6, Diff: 0.0, Sum: 31.1]
      [GC Worker End (ms): Min: 93505.8, Avg: 93505.8, Max: 93505.9, Diff: 0.0]
   [Code Root Fixup: 0.0 ms]
   [Code Root Migration: 0.0 ms]
   [Clear CT: 0.0 ms]
   [Other: 0.3 ms]
      [Choose CSet: 0.1 ms]
      [Ref Proc: 0.1 ms]
      [Ref Enq: 0.0 ms]
      [Free CSet: 0.1 ms]
   [Eden: 18.0M(18.0M)->0.0B(9216.0K) Survivors: 6144.0K->3072.0K Heap: 212.6M(256.0M)->212.6M(256.0M)]
 [Times: user=0.03 sys=0.00, real=0.02 secs] 
2014-07-10T11:37:42.734+0200: 93.513: [GC remark 93.513: [GC ref-proc, 0.0000770 secs], 0.0013935 secs]
 [Times: user=0.00 sys=0.00, real=0.00 secs] 
2014-07-10T11:37:42.736+0200: 93.516: [GC cleanup 219M->93M(256M), 0.0007124 secs]
 [Times: user=0.00 sys=0.00, real=0.00 secs] 
2014-07-10T11:37:42.737+0200: 93.516: [GC concurrent-cleanup-start]
2014-07-10T11:37:42.737+0200: 93.517: [GC concurrent-cleanup-end, 0.0002665 secs]
2014-07-10T11:37:42.738+0200: 93.517: [GC pause (G1 Evacuation Pause) (young) 93.517: [G1Ergonomics (CSet Construction) start choosing CSet, _pending_cards: 514, predicted base time: 1.15 ms, remaining time: 198.85 ms, target pause time: 200.00 ms]
 93.517: [G1Ergonomics (CSet Construction) add young regions to CSet, eden: 9 regions, survivors: 3 regions, predicted young region time: 6.84 ms]
 93.517: [G1Ergonomics (CSet Construction) finish choosing CSet, eden: 9 regions, survivors: 3 regions, old: 0 regions, predicted pause time: 7.99 ms, target pause time: 200.00 ms]
 93.526: [G1Ergonomics (Mixed GCs) start mixed GCs, reason: candidate old regions available, candidate old regions: 41 regions, reclaimable: 41057768 bytes (15.30 %), threshold: 10.00 %]
, 0.0084232 secs]
   [Parallel Time: 8.2 ms, GC Workers: 2]
      [GC Worker Start (ms): Min: 93517.5, Avg: 93517.5, Max: 93517.5, Diff: 0.0]
      [Ext Root Scanning (ms): Min: 0.2, Avg: 0.2, Max: 0.2, Diff: 0.0, Sum: 0.5]
      [Update RS (ms): Min: 0.1, Avg: 0.1, Max: 0.1, Diff: 0.0, Sum: 0.2]
         [Processed Buffers: Min: 2, Avg: 2.0, Max: 2, Diff: 0, Sum: 4]
      [Scan RS (ms): Min: 0.0, Avg: 0.0, Max: 0.0, Diff: 0.0, Sum: 0.0]
      [Code Root Scanning (ms): Min: 0.0, Avg: 0.0, Max: 0.0, Diff: 0.0, Sum: 0.0]
      [Object Copy (ms): Min: 7.7, Avg: 7.7, Max: 7.7, Diff: 0.0, Sum: 15.4]
      [Termination (ms): Min: 0.0, Avg: 0.0, Max: 0.0, Diff: 0.0, Sum: 0.0]
      [GC Worker Other (ms): Min: 0.0, Avg: 0.0, Max: 0.1, Diff: 0.0, Sum: 0.1]
      [GC Worker Total (ms): Min: 8.1, Avg: 8.1, Max: 8.1, Diff: 0.0, Sum: 16.3]
      [GC Worker End (ms): Min: 93525.6, Avg: 93525.6, Max: 93525.6, Diff: 0.0]
   [Code Root Fixup: 0.0 ms]
   [Code Root Migration: 0.0 ms]
   [Clear CT: 0.0 ms]
   [Other: 0.2 ms]
      [Choose CSet: 0.0 ms]
      [Ref Proc: 0.0 ms]
      [Ref Enq: 0.0 ms]
      [Free CSet: 0.1 ms]
   [Eden: 9216.0K(9216.0K)->0.0B(10.0M) Survivors: 3072.0K->2048.0K Heap: 95.6M(256.0M)->95.6M(256.0M)]
 [Times: user=0.03 sys=0.00, real=0.01 secs] 
2014-07-10T11:37:42.754+0200: 93.533: [GC pause (G1 Evacuation Pause) (mixed) 93.533: [G1Ergonomics (CSet Construction) start choosing CSet, _pending_cards: 515, predicted base time: 1.04 ms, remaining time: 198.96 ms, target pause time: 200.00 ms]
 93.533: [G1Ergonomics (CSet Construction) add young regions to CSet, eden: 10 regions, survivors: 2 regions, predicted young region time: 7.66 ms]
 93.533: [G1Ergonomics (CSet Construction) finish adding old regions to CSet, reason: reclaimable percentage not over threshold, old: 14 regions, max: 26 regions, reclaimable: 26640592 bytes (9.92 %), threshold: 10.00 %]
 93.533: [G1Ergonomics (CSet Construction) finish choosing CSet, eden: 10 regions, survivors: 2 regions, old: 14 regions, predicted pause time: 11.68 ms, target pause time: 200.00 ms]
 93.542: [G1Ergonomics (Heap Sizing) attempt heap expansion, reason: recent GC overhead higher than threshold after GC, recent GC overhead: 10.11 %, threshold: 10.00 %, uncommitted: 0 bytes, calculated expansion amount: 0 bytes (20.00 %)]
 93.542: [G1Ergonomics (Mixed GCs) do not continue mixed GCs, reason: reclaimable percentage not over threshold, candidate old regions: 27 regions, reclaimable: 26640592 bytes (9.92 %), threshold: 10.00 %]
, 0.0090084 secs]
   [Parallel Time: 7.9 ms, GC Workers: 2]
      [GC Worker Start (ms): Min: 93533.4, Avg: 93533.4, Max: 93533.4, Diff: 0.0]
      [Ext Root Scanning (ms): Min: 0.3, Avg: 0.3, Max: 0.3, Diff: 0.0, Sum: 0.6]
      [Update RS (ms): Min: 0.1, Avg: 0.1, Max: 0.2, Diff: 0.1, Sum: 0.2]
         [Processed Buffers: Min: 2, Avg: 2.0, Max: 2, Diff: 0, Sum: 4]
      [Scan RS (ms): Min: 0.0, Avg: 0.1, Max: 0.1, Diff: 0.1, Sum: 0.2]
      [Code Root Scanning (ms): Min: 0.0, Avg: 0.0, Max: 0.0, Diff: 0.0, Sum: 0.0]
      [Object Copy (ms): Min: 7.4, Avg: 7.4, Max: 7.4, Diff: 0.0, Sum: 14.7]
      [Termination (ms): Min: 0.0, Avg: 0.0, Max: 0.0, Diff: 0.0, Sum: 0.0]
      [GC Worker Other (ms): Min: 0.0, Avg: 0.0, Max: 0.0, Diff: 0.0, Sum: 0.1]
      [GC Worker Total (ms): Min: 7.9, Avg: 7.9, Max: 7.9, Diff: 0.0, Sum: 15.8]
      [GC Worker End (ms): Min: 93541.3, Avg: 93541.3, Max: 93541.3, Diff: 0.0]
   [Code Root Fixup: 0.0 ms]
   [Code Root Migration: 0.0 ms]
   [Clear CT: 0.1 ms]
   [Other: 1.0 ms]
      [Choose CSet: 0.1 ms]
      [Ref Proc: 0.7 ms]
      [Ref Enq: 0.0 ms]
      [Free CSet: 0.1 ms]
   [Eden: 10.0M(10.0M)->0.0B(73.0M) Survivors: 2048.0K->2048.0K Heap: 105.6M(256.0M)->91.9M(256.0M)]
 [Times: user=0.03 sys=0.00, real=0.01 secs] 
2014-07-10T11:37:42.800+0200: 93.579: [GC pause (G1 Evacuation Pause) (young) 93.579: [G1Ergonomics (CSet Construction) start choosing CSet, _pending_cards: 512, predicted base time: 1.19 ms, remaining time: 198.81 ms, target pause time: 200.00 ms]
 93.579: [G1Ergonomics (CSet Construction) add young regions to CSet, eden: 73 regions, survivors: 2 regions, predicted young region time: 49.80 ms]
 93.579: [G1Ergonomics (CSet Construction) finish choosing CSet, eden: 73 regions, survivors: 2 regions, old: 0 regions, predicted pause time: 50.99 ms, target pause time: 200.00 ms]
 93.584: [G1Ergonomics (Heap Sizing) attempt heap expansion, reason: recent GC overhead higher than threshold after GC, recent GC overhead: 10.99 %, threshold: 10.00 %, uncommitted: 0 bytes, calculated expansion amount: 0 bytes (20.00 %)]
, 0.0045935 secs]
   [Parallel Time: 4.2 ms, GC Workers: 2]
      [GC Worker Start (ms): Min: 93579.5, Avg: 93579.5, Max: 93579.5, Diff: 0.0]
      [Ext Root Scanning (ms): Min: 0.4, Avg: 0.4, Max: 0.4, Diff: 0.0, Sum: 0.9]
      [Update RS (ms): Min: 0.1, Avg: 0.1, Max: 0.1, Diff: 0.0, Sum: 0.2]
         [Processed Buffers: Min: 1, Avg: 1.5, Max: 2, Diff: 1, Sum: 3]
      [Scan RS (ms): Min: 0.1, Avg: 0.1, Max: 0.1, Diff: 0.0, Sum: 0.2]
      [Code Root Scanning (ms): Min: 0.0, Avg: 0.1, Max: 0.1, Diff: 0.0, Sum: 0.1]
      [Object Copy (ms): Min: 3.4, Avg: 3.4, Max: 3.4, Diff: 0.0, Sum: 6.8]
      [Termination (ms): Min: 0.0, Avg: 0.0, Max: 0.0, Diff: 0.0, Sum: 0.0]
      [GC Worker Other (ms): Min: 0.0, Avg: 0.0, Max: 0.0, Diff: 0.0, Sum: 0.1]
      [GC Worker Total (ms): Min: 4.1, Avg: 4.1, Max: 4.1, Diff: 0.0, Sum: 8.3]
      [GC Worker End (ms): Min: 93583.6, Avg: 93583.6, Max: 93583.6, Diff: 0.0]
   [Code Root Fixup: 0.0 ms]
   [Code Root Migration: 0.0 ms]
   [Clear CT: 0.1 ms]
   [Other: 0.3 ms]
      [Choose CSet: 0.0 ms]
      [Ref Proc: 0.1 ms]
      [Ref Enq: 0.0 ms]
      [Free CSet: 0.1 ms]
   [Eden: 73.0M(73.0M)->0.0B(79.0M) Survivors: 2048.0K->6144.0K Heap: 164.9M(256.0M)->95.4M(256.0M)]
 [Times: user=0.00 sys=0.00, real=0.01 secs] 
2014-07-10T11:37:42.842+0200: 93.622: [GC pause (G1 Evacuation Pause) (young) 93.622: [G1Ergonomics (CSet Construction) start choosing CSet, _pending_cards: 256, predicted base time: 1.07 ms, remaining time: 198.93 ms, target pause time: 200.00 ms]
 93.622: [G1Ergonomics (CSet Construction) add young regions to CSet, eden: 79 regions, survivors: 6 regions, predicted young region time: 55.06 ms]
 93.622: [G1Ergonomics (CSet Construction) finish choosing CSet, eden: 79 regions, survivors: 6 regions, old: 0 regions, predicted pause time: 56.13 ms, target pause time: 200.00 ms]
 93.635: [G1Ergonomics (Heap Sizing) attempt heap expansion, reason: recent GC overhead higher than threshold after GC, recent GC overhead: 11.18 %, threshold: 10.00 %, uncommitted: 0 bytes, calculated expansion amount: 0 bytes (20.00 %)]
, 0.0130515 secs]
   [Parallel Time: 12.5 ms, GC Workers: 2]
      [GC Worker Start (ms): Min: 93621.9, Avg: 93622.6, Max: 93623.4, Diff: 1.5]
      [Ext Root Scanning (ms): Min: 0.0, Avg: 0.3, Max: 0.6, Diff: 0.6, Sum: 0.6]
      [Update RS (ms): Min: 0.0, Avg: 0.0, Max: 0.0, Diff: 0.0, Sum: 0.0]
         [Processed Buffers: Min: 0, Avg: 1.0, Max: 2, Diff: 2, Sum: 2]
      [Scan RS (ms): Min: 0.0, Avg: 0.1, Max: 0.3, Diff: 0.3, Sum: 0.3]
      [Code Root Scanning (ms): Min: 0.0, Avg: 0.1, Max: 0.1, Diff: 0.1, Sum: 0.1]
      [Object Copy (ms): Min: 10.9, Avg: 11.1, Max: 11.4, Diff: 0.5, Sum: 22.3]
      [Termination (ms): Min: 0.0, Avg: 0.0, Max: 0.0, Diff: 0.0, Sum: 0.0]
      [GC Worker Other (ms): Min: 0.0, Avg: 0.1, Max: 0.1, Diff: 0.1, Sum: 0.1]
      [GC Worker Total (ms): Min: 11.0, Avg: 11.7, Max: 12.5, Diff: 1.5, Sum: 23.5]
      [GC Worker End (ms): Min: 93634.3, Avg: 93634.3, Max: 93634.4, Diff: 0.1]
   [Code Root Fixup: 0.0 ms]
   [Code Root Migration: 0.0 ms]
   [Clear CT: 0.1 ms]
   [Other: 0.4 ms]
      [Choose CSet: 0.0 ms]
      [Ref Proc: 0.1 ms]
      [Ref Enq: 0.0 ms]
      [Free CSet: 0.1 ms]
   [Eden: 79.0M(79.0M)->0.0B(75.0M) Survivors: 6144.0K->11.0M Heap: 174.4M(256.0M)->108.3M(256.0M)]
 [Times: user=0.03 sys=0.00, real=0.01 secs] 
2014-07-10T11:37:42.903+0200: 93.682: [GC pause (G1 Evacuation Pause) (young) 93.682: [G1Ergonomics (CSet Construction) start choosing CSet, _pending_cards: 256, predicted base time: 1.29 ms, remaining time: 198.71 ms, target pause time: 200.00 ms]
 93.682: [G1Ergonomics (CSet Construction) add young regions to CSet, eden: 75 regions, survivors: 11 regions, predicted young region time: 40.04 ms]
 93.682: [G1Ergonomics (CSet Construction) finish choosing CSet, eden: 75 regions, survivors: 11 regions, old: 0 regions, predicted pause time: 41.33 ms, target pause time: 200.00 ms]
 93.701: [G1Ergonomics (Heap Sizing) attempt heap expansion, reason: recent GC overhead higher than threshold after GC, recent GC overhead: 12.46 %, threshold: 10.00 %, uncommitted: 0 bytes, calculated expansion amount: 0 bytes (20.00 %)]
, 0.0182198 secs]
   [Parallel Time: 17.7 ms, GC Workers: 2]
      [GC Worker Start (ms): Min: 93682.4, Avg: 93682.4, Max: 93682.4, Diff: 0.0]
      [Ext Root Scanning (ms): Min: 0.3, Avg: 0.3, Max: 0.3, Diff: 0.0, Sum: 0.6]
      [Update RS (ms): Min: 0.0, Avg: 0.0, Max: 0.0, Diff: 0.0, Sum: 0.0]
         [Processed Buffers: Min: 1, Avg: 1.0, Max: 1, Diff: 0, Sum: 2]
      [Scan RS (ms): Min: 0.1, Avg: 0.1, Max: 0.1, Diff: 0.0, Sum: 0.3]
      [Code Root Scanning (ms): Min: 0.1, Avg: 0.1, Max: 0.1, Diff: 0.0, Sum: 0.1]
      [Object Copy (ms): Min: 17.1, Avg: 17.1, Max: 17.1, Diff: 0.0, Sum: 34.3]
      [Termination (ms): Min: 0.0, Avg: 0.0, Max: 0.0, Diff: 0.0, Sum: 0.0]
      [GC Worker Other (ms): Min: 0.0, Avg: 0.0, Max: 0.0, Diff: 0.0, Sum: 0.1]
      [GC Worker Total (ms): Min: 17.7, Avg: 17.7, Max: 17.7, Diff: 0.0, Sum: 35.4]
      [GC Worker End (ms): Min: 93700.1, Avg: 93700.1, Max: 93700.1, Diff: 0.0]
   [Code Root Fixup: 0.0 ms]
   [Code Root Migration: 0.0 ms]
   [Clear CT: 0.1 ms]
   [Other: 0.4 ms]
      [Choose CSet: 0.0 ms]
      [Ref Proc: 0.1 ms]
      [Ref Enq: 0.0 ms]
      [Free CSet: 0.1 ms]
   [Eden: 75.0M(75.0M)->0.0B(65.0M) Survivors: 11.0M->11.0M Heap: 183.3M(256.0M)->124.7M(256.0M)]
 [Times: user=0.03 sys=0.00, real=0.02 secs] 
2014-07-10T11:37:42.997+0200: 93.776: [GC pause (G1 Evacuation Pause) (young) 93.777: [G1Ergonomics (CSet Construction) start choosing CSet, _pending_cards: 257, predicted base time: 1.16 ms, remaining time: 198.84 ms, target pause time: 200.00 ms]
 93.777: [G1Ergonomics (CSet Construction) add young regions to CSet, eden: 65 regions, survivors: 11 regions, predicted young region time: 45.07 ms]
 93.777: [G1Ergonomics (CSet Construction) finish choosing CSet, eden: 65 regions, survivors: 11 regions, old: 0 regions, predicted pause time: 46.24 ms, target pause time: 200.00 ms]
 93.789: [G1Ergonomics (Heap Sizing) attempt heap expansion, reason: recent GC overhead higher than threshold after GC, recent GC overhead: 14.55 %, threshold: 10.00 %, uncommitted: 0 bytes, calculated expansion amount: 0 bytes (20.00 %)]
 93.789: [G1Ergonomics (Concurrent Cycles) request concurrent cycle initiation, reason: occupancy higher than threshold, occupancy: 128974848 bytes, allocation request: 0 bytes, threshold: 120795930 bytes (45.00 %), source: end of GC]
, 0.0127179 secs]
   [Parallel Time: 12.2 ms, GC Workers: 2]
      [GC Worker Start (ms): Min: 93776.6, Avg: 93776.6, Max: 93776.6, Diff: 0.0]
      [Ext Root Scanning (ms): Min: 0.3, Avg: 0.3, Max: 0.3, Diff: 0.0, Sum: 0.7]
      [Update RS (ms): Min: 0.0, Avg: 0.0, Max: 0.0, Diff: 0.0, Sum: 0.1]
         [Processed Buffers: Min: 1, Avg: 1.5, Max: 2, Diff: 1, Sum: 3]
      [Scan RS (ms): Min: 0.1, Avg: 0.1, Max: 0.1, Diff: 0.0, Sum: 0.3]
      [Code Root Scanning (ms): Min: 0.0, Avg: 0.1, Max: 0.1, Diff: 0.0, Sum: 0.1]
      [Object Copy (ms): Min: 11.6, Avg: 11.6, Max: 11.6, Diff: 0.0, Sum: 23.2]
      [Termination (ms): Min: 0.0, Avg: 0.0, Max: 0.0, Diff: 0.0, Sum: 0.0]
      [GC Worker Other (ms): Min: 0.0, Avg: 0.0, Max: 0.0, Diff: 0.0, Sum: 0.1]
      [GC Worker Total (ms): Min: 12.2, Avg: 12.2, Max: 12.2, Diff: 0.0, Sum: 24.4]
      [GC Worker End (ms): Min: 93788.8, Avg: 93788.8, Max: 93788.8, Diff: 0.0]
   [Code Root Fixup: 0.0 ms]
   [Code Root Migration: 0.0 ms]
   [Clear CT: 0.1 ms]
   [Other: 0.4 ms]
      [Choose CSet: 0.0 ms]
      [Ref Proc: 0.1 ms]
      [Ref Enq: 0.0 ms]
      [Free CSet: 0.1 ms]
   [Eden: 65.0M(65.0M)->0.0B(62.0M) Survivors: 11.0M->10.0M Heap: 189.7M(256.0M)->132.0M(256.0M)]
 [Times: user=0.00 sys=0.00, real=0.01 secs] 
 93.829: [G1Ergonomics (Concurrent Cycles) initiate concurrent cycle, reason: concurrent cycle initiation requested]
2014-07-10T11:37:43.050+0200: 93.829: [GC pause (G1 Evacuation Pause) (young) (initial-mark) 93.829: [G1Ergonomics (CSet Construction) start choosing CSet, _pending_cards: 512, predicted base time: 1.11 ms, remaining time: 198.89 ms, target pause time: 200.00 ms]
 93.829: [G1Ergonomics (CSet Construction) add young regions to CSet, eden: 62 regions, survivors: 10 regions, predicted young region time: 42.23 ms]
 93.829: [G1Ergonomics (CSet Construction) finish choosing CSet, eden: 62 regions, survivors: 10 regions, old: 0 regions, predicted pause time: 43.34 ms, target pause time: 200.00 ms]
 93.839: [G1Ergonomics (Heap Sizing) attempt heap expansion, reason: recent GC overhead higher than threshold after GC, recent GC overhead: 15.20 %, threshold: 10.00 %, uncommitted: 0 bytes, calculated expansion amount: 0 bytes (20.00 %)]
, 0.0097508 secs]
   [Parallel Time: 9.0 ms, GC Workers: 2]
      [GC Worker Start (ms): Min: 93829.1, Avg: 93829.1, Max: 93829.1, Diff: 0.0]
      [Ext Root Scanning (ms): Min: 0.3, Avg: 0.3, Max: 0.3, Diff: 0.0, Sum: 0.5]
      [Code Root Marking (ms): Min: 0.0, Avg: 0.0, Max: 0.0, Diff: 0.0, Sum: 0.1]
      [Update RS (ms): Min: 0.0, Avg: 0.0, Max: 0.0, Diff: 0.0, Sum: 0.0]
         [Processed Buffers: Min: 1, Avg: 1.5, Max: 2, Diff: 1, Sum: 3]
      [Scan RS (ms): Min: 0.1, Avg: 0.1, Max: 0.1, Diff: 0.0, Sum: 0.2]
      [Code Root Scanning (ms): Min: 0.0, Avg: 0.0, Max: 0.0, Diff: 0.0, Sum: 0.1]
      [Object Copy (ms): Min: 8.4, Avg: 8.4, Max: 8.5, Diff: 0.0, Sum: 16.9]
      [Termination (ms): Min: 0.0, Avg: 0.0, Max: 0.0, Diff: 0.0, Sum: 0.0]
      [GC Worker Other (ms): Min: 0.0, Avg: 0.0, Max: 0.0, Diff: 0.0, Sum: 0.0]
      [GC Worker Total (ms): Min: 9.0, Avg: 9.0, Max: 9.0, Diff: 0.0, Sum: 17.9]
      [GC Worker End (ms): Min: 93838.1, Avg: 93838.1, Max: 93838.1, Diff: 0.0]
   [Code Root Fixup: 0.0 ms]
   [Code Root Migration: 0.2 ms]
   [Clear CT: 0.1 ms]
   [Other: 0.5 ms]
      [Choose CSet: 0.0 ms]
      [Ref Proc: 0.2 ms]
      [Ref Enq: 0.0 ms]
      [Free CSet: 0.1 ms]
   [Eden: 62.0M(62.0M)->0.0B(62.0M) Survivors: 10.0M->9216.0K Heap: 194.0M(256.0M)->136.3M(256.0M)]
 [Times: user=0.03 sys=0.00, real=0.01 secs] 
2014-07-10T11:37:43.060+0200: 93.839: [GC concurrent-root-region-scan-start]
2014-07-10T11:37:43.060+0200: 93.839: [GC concurrent-root-region-scan-end, 0.0001423 secs]
2014-07-10T11:37:43.060+0200: 93.839: [GC concurrent-mark-start]
2014-07-10T11:37:43.065+0200: 93.844: [GC concurrent-mark-end, 0.0040692 secs]
2014-07-10T11:37:43.066+0200: 93.845: [GC remark 93.845: [GC ref-proc, 0.0000675 secs], 0.0013085 secs]
 [Times: user=0.00 sys=0.00, real=0.00 secs] 
2014-07-10T11:37:43.067+0200: 93.847: [GC cleanup 148M->58M(256M), 0.0006544 secs]
 [Times: user=0.00 sys=0.00, real=0.00 secs] 
2014-07-10T11:37:43.068+0200: 93.847: [GC concurrent-cleanup-start]
2014-07-10T11:37:43.068+0200: 93.848: [GC concurrent-cleanup-end, 0.0002082 secs]
2014-07-10T11:37:43.097+0200: 93.876: [GC pause (G1 Evacuation Pause) (young) 93.876: [G1Ergonomics (CSet Construction) start choosing CSet, _pending_cards: 513, predicted base time: 1.10 ms, remaining time: 198.90 ms, target pause time: 200.00 ms]
 93.876: [G1Ergonomics (CSet Construction) add young regions to CSet, eden: 62 regions, survivors: 9 regions, predicted young region time: 40.90 ms]
 93.876: [G1Ergonomics (CSet Construction) finish choosing CSet, eden: 62 regions, survivors: 9 regions, old: 0 regions, predicted pause time: 42.00 ms, target pause time: 200.00 ms]
 93.884: [G1Ergonomics (Heap Sizing) attempt heap expansion, reason: recent GC overhead higher than threshold after GC, recent GC overhead: 15.90 %, threshold: 10.00 %, uncommitted: 0 bytes, calculated expansion amount: 0 bytes (20.00 %)]
 93.884: [G1Ergonomics (Mixed GCs) start mixed GCs, reason: candidate old regions available, candidate old regions: 32 regions, reclaimable: 31624744 bytes (11.78 %), threshold: 10.00 %]
, 0.0073233 secs]
   [Parallel Time: 6.9 ms, GC Workers: 2]
      [GC Worker Start (ms): Min: 93876.4, Avg: 93876.4, Max: 93876.4, Diff: 0.0]
      [Ext Root Scanning (ms): Min: 0.3, Avg: 0.3, Max: 0.3, Diff: 0.0, Sum: 0.6]
      [Update RS (ms): Min: 0.0, Avg: 0.0, Max: 0.0, Diff: 0.0, Sum: 0.1]
         [Processed Buffers: Min: 2, Avg: 2.0, Max: 2, Diff: 0, Sum: 4]
      [Scan RS (ms): Min: 0.1, Avg: 0.1, Max: 0.1, Diff: 0.0, Sum: 0.2]
      [Code Root Scanning (ms): Min: 0.0, Avg: 0.0, Max: 0.1, Diff: 0.0, Sum: 0.1]
      [Object Copy (ms): Min: 6.2, Avg: 6.2, Max: 6.2, Diff: 0.0, Sum: 12.5]
      [Termination (ms): Min: 0.0, Avg: 0.0, Max: 0.0, Diff: 0.0, Sum: 0.0]
      [GC Worker Other (ms): Min: 0.0, Avg: 0.1, Max: 0.2, Diff: 0.2, Sum: 0.2]
      [GC Worker Total (ms): Min: 6.8, Avg: 6.8, Max: 6.9, Diff: 0.2, Sum: 13.7]
      [GC Worker End (ms): Min: 93883.2, Avg: 93883.2, Max: 93883.3, Diff: 0.2]
   [Code Root Fixup: 0.0 ms]
   [Code Root Migration: 0.0 ms]
   [Clear CT: 0.1 ms]
   [Other: 0.3 ms]
      [Choose CSet: 0.0 ms]
      [Ref Proc: 0.1 ms]
      [Ref Enq: 0.0 ms]
      [Free CSet: 0.1 ms]
   [Eden: 62.0M(62.0M)->0.0B(3072.0K) Survivors: 9216.0K->9216.0K Heap: 108.3M(256.0M)->47.4M(256.0M)]
 [Times: user=0.00 sys=0.00, real=0.01 secs] 
2014-07-10T11:37:43.106+0200: 93.885: [GC pause (G1 Evacuation Pause) (mixed) 93.885: [G1Ergonomics (CSet Construction) start choosing CSet, _pending_cards: 512, predicted base time: 1.03 ms, remaining time: 198.97 ms, target pause time: 200.00 ms]
 93.885: [G1Ergonomics (CSet Construction) add young regions to CSet, eden: 3 regions, survivors: 9 regions, predicted young region time: 3.02 ms]
 93.885: [G1Ergonomics (CSet Construction) finish adding old regions to CSet, reason: reclaimable percentage not over threshold, old: 5 regions, max: 26 regions, reclaimable: 26439720 bytes (9.85 %), threshold: 10.00 %]
 93.885: [G1Ergonomics (CSet Construction) finish choosing CSet, eden: 3 regions, survivors: 9 regions, old: 5 regions, predicted pause time: 4.85 ms, target pause time: 200.00 ms]
 93.893: [G1Ergonomics (Heap Sizing) attempt heap expansion, reason: recent GC overhead higher than threshold after GC, recent GC overhead: 18.26 %, threshold: 10.00 %, uncommitted: 0 bytes, calculated expansion amount: 0 bytes (20.00 %)]
 93.893: [G1Ergonomics (Mixed GCs) do not continue mixed GCs, reason: reclaimable percentage not over threshold, candidate old regions: 27 regions, reclaimable: 26439720 bytes (9.85 %), threshold: 10.00 %]
, 0.0082410 secs]
   [Parallel Time: 7.7 ms, GC Workers: 2]
      [GC Worker Start (ms): Min: 93885.4, Avg: 93885.4, Max: 93885.4, Diff: 0.0]
      [Ext Root Scanning (ms): Min: 0.2, Avg: 0.2, Max: 0.2, Diff: 0.0, Sum: 0.5]
      [Update RS (ms): Min: 0.0, Avg: 0.0, Max: 0.0, Diff: 0.0, Sum: 0.0]
         [Processed Buffers: Min: 1, Avg: 1.5, Max: 2, Diff: 1, Sum: 3]
      [Scan RS (ms): Min: 0.0, Avg: 0.0, Max: 0.0, Diff: 0.0, Sum: 0.1]
      [Code Root Scanning (ms): Min: 0.0, Avg: 0.0, Max: 0.0, Diff: 0.0, Sum: 0.0]
      [Object Copy (ms): Min: 7.4, Avg: 7.4, Max: 7.4, Diff: 0.0, Sum: 14.8]
      [Termination (ms): Min: 0.0, Avg: 0.0, Max: 0.0, Diff: 0.0, Sum: 0.0]
      [GC Worker Other (ms): Min: 0.0, Avg: 0.0, Max: 0.0, Diff: 0.0, Sum: 0.0]
      [GC Worker Total (ms): Min: 7.7, Avg: 7.7, Max: 7.7, Diff: 0.0, Sum: 15.4]
      [GC Worker End (ms): Min: 93893.1, Avg: 93893.1, Max: 93893.1, Diff: 0.0]
   [Code Root Fixup: 0.0 ms]
   [Code Root Migration: 0.0 ms]
   [Clear CT: 0.0 ms]
   [Other: 0.4 ms]
      [Choose CSet: 0.0 ms]
      [Ref Proc: 0.2 ms]
      [Ref Enq: 0.0 ms]
      [Free CSet: 0.1 ms]
   [Eden: 3072.0K(3072.0K)->0.0B(145.0M) Survivors: 9216.0K->2048.0K Heap: 50.4M(256.0M)->45.5M(256.0M)]
 [Times: user=0.00 sys=0.00, real=0.01 secs] 
2014-07-10T11:37:43.233+0200: 94.012: [GC pause (G1 Evacuation Pause) (young) 94.012: [G1Ergonomics (CSet Construction) start choosing CSet, _pending_cards: 525, predicted base time: 0.95 ms, remaining time: 199.05 ms, target pause time: 200.00 ms]
 94.012: [G1Ergonomics (CSet Construction) add young regions to CSet, eden: 145 regions, survivors: 2 regions, predicted young region time: 69.22 ms]
 94.012: [G1Ergonomics (CSet Construction) finish choosing CSet, eden: 145 regions, survivors: 2 regions, old: 0 regions, predicted pause time: 70.17 ms, target pause time: 200.00 ms]
 94.030: [G1Ergonomics (Heap Sizing) attempt heap expansion, reason: recent GC overhead higher than threshold after GC, recent GC overhead: 25.89 %, threshold: 10.00 %, uncommitted: 0 bytes, calculated expansion amount: 0 bytes (20.00 %)]
, 0.0180974 secs]
   [Parallel Time: 17.4 ms, GC Workers: 2]
      [GC Worker Start (ms): Min: 94012.5, Avg: 94012.5, Max: 94012.5, Diff: 0.0]
      [Ext Root Scanning (ms): Min: 0.3, Avg: 0.3, Max: 0.3, Diff: 0.0, Sum: 0.7]
      [Update RS (ms): Min: 0.1, Avg: 0.1, Max: 0.1, Diff: 0.0, Sum: 0.1]
         [Processed Buffers: Min: 1, Avg: 2.0, Max: 3, Diff: 2, Sum: 4]
      [Scan RS (ms): Min: 0.2, Avg: 0.2, Max: 0.2, Diff: 0.0, Sum: 0.5]
      [Code Root Scanning (ms): Min: 0.1, Avg: 0.1, Max: 0.1, Diff: 0.0, Sum: 0.2]
      [Object Copy (ms): Min: 16.6, Avg: 16.6, Max: 16.6, Diff: 0.0, Sum: 33.2]
      [Termination (ms): Min: 0.0, Avg: 0.0, Max: 0.0, Diff: 0.0, Sum: 0.0]
      [GC Worker Other (ms): Min: 0.0, Avg: 0.0, Max: 0.0, Diff: 0.0, Sum: 0.1]
      [GC Worker Total (ms): Min: 17.4, Avg: 17.4, Max: 17.4, Diff: 0.0, Sum: 34.8]
      [GC Worker End (ms): Min: 94029.9, Avg: 94029.9, Max: 94029.9, Diff: 0.0]
   [Code Root Fixup: 0.0 ms]
   [Code Root Migration: 0.0 ms]
   [Clear CT: 0.1 ms]
   [Other: 0.5 ms]
      [Choose CSet: 0.0 ms]
      [Ref Proc: 0.0 ms]
      [Ref Enq: 0.0 ms]
      [Free CSet: 0.3 ms]
   [Eden: 145.0M(145.0M)->0.0B(124.0M) Survivors: 2048.0K->19.0M Heap: 190.5M(256.0M)->69.5M(256.0M)]
 [Times: user=0.03 sys=0.00, real=0.02 secs] 
2014-07-10T11:37:43.404+0200: 94.183: [GC pause (G1 Evacuation Pause) (young) 94.183: [G1Ergonomics (CSet Construction) start choosing CSet, _pending_cards: 257, predicted base time: 0.94 ms, remaining time: 199.06 ms, target pause time: 200.00 ms]
 94.183: [G1Ergonomics (CSet Construction) add young regions to CSet, eden: 124 regions, survivors: 19 regions, predicted young region time: 83.62 ms]
 94.183: [G1Ergonomics (CSet Construction) finish choosing CSet, eden: 124 regions, survivors: 19 regions, old: 0 regions, predicted pause time: 84.57 ms, target pause time: 200.00 ms]
 94.202: [G1Ergonomics (Heap Sizing) attempt heap expansion, reason: recent GC overhead higher than threshold after GC, recent GC overhead: 20.76 %, threshold: 10.00 %, uncommitted: 0 bytes, calculated expansion amount: 0 bytes (20.00 %)]
, 0.0186858 secs]
   [Parallel Time: 17.8 ms, GC Workers: 2]
      [GC Worker Start (ms): Min: 94183.6, Avg: 94183.7, Max: 94183.7, Diff: 0.0]
      [Ext Root Scanning (ms): Min: 0.6, Avg: 0.6, Max: 0.6, Diff: 0.0, Sum: 1.2]
      [Update RS (ms): Min: 0.0, Avg: 0.0, Max: 0.0, Diff: 0.0, Sum: 0.1]
         [Processed Buffers: Min: 1, Avg: 1.5, Max: 2, Diff: 1, Sum: 3]
      [Scan RS (ms): Min: 0.4, Avg: 0.4, Max: 0.4, Diff: 0.0, Sum: 0.7]
      [Code Root Scanning (ms): Min: 0.1, Avg: 0.1, Max: 0.1, Diff: 0.0, Sum: 0.3]
      [Object Copy (ms): Min: 16.3, Avg: 16.3, Max: 16.3, Diff: 0.0, Sum: 32.7]
      [Termination (ms): Min: 0.0, Avg: 0.0, Max: 0.0, Diff: 0.0, Sum: 0.0]
      [GC Worker Other (ms): Min: 0.0, Avg: 0.0, Max: 0.0, Diff: 0.0, Sum: 0.1]
      [GC Worker Total (ms): Min: 17.5, Avg: 17.5, Max: 17.5, Diff: 0.0, Sum: 35.1]
      [GC Worker End (ms): Min: 94201.2, Avg: 94201.2, Max: 94201.2, Diff: 0.0]
   [Code Root Fixup: 0.0 ms]
   [Code Root Migration: 0.0 ms]
   [Clear CT: 0.1 ms]
   [Other: 0.7 ms]
      [Choose CSet: 0.1 ms]
      [Ref Proc: 0.1 ms]
      [Ref Enq: 0.0 ms]
      [Free CSet: 0.3 ms]
   [Eden: 124.0M(124.0M)->0.0B(128.0M) Survivors: 19.0M->18.0M Heap: 193.5M(256.0M)->68.4M(256.0M)]
 [Times: user=0.03 sys=0.00, real=0.02 secs] 
2014-07-10T11:37:43.490+0200: 94.269: [GC pause (G1 Evacuation Pause) (young) 94.270: [G1Ergonomics (CSet Construction) start choosing CSet, _pending_cards: 515, predicted base time: 1.25 ms, remaining time: 198.75 ms, target pause time: 200.00 ms]
 94.270: [G1Ergonomics (CSet Construction) add young regions to CSet, eden: 128 regions, survivors: 18 regions, predicted young region time: 101.48 ms]
 94.270: [G1Ergonomics (CSet Construction) finish choosing CSet, eden: 128 regions, survivors: 18 regions, old: 0 regions, predicted pause time: 102.73 ms, target pause time: 200.00 ms]
 94.271: [G1Ergonomics (Heap Sizing) attempt heap expansion, reason: recent GC overhead higher than threshold after GC, recent GC overhead: 17.62 %, threshold: 10.00 %, uncommitted: 0 bytes, calculated expansion amount: 0 bytes (20.00 %)]
, 0.0015732 secs]
   [Parallel Time: 1.1 ms, GC Workers: 2]
      [GC Worker Start (ms): Min: 94269.6, Avg: 94269.6, Max: 94269.6, Diff: 0.0]
      [Ext Root Scanning (ms): Min: 0.3, Avg: 0.3, Max: 0.3, Diff: 0.0, Sum: 0.7]
      [Update RS (ms): Min: 0.0, Avg: 0.1, Max: 0.1, Diff: 0.0, Sum: 0.1]
         [Processed Buffers: Min: 2, Avg: 2.0, Max: 2, Diff: 0, Sum: 4]
      [Scan RS (ms): Min: 0.2, Avg: 0.2, Max: 0.2, Diff: 0.0, Sum: 0.5]
      [Code Root Scanning (ms): Min: 0.1, Avg: 0.1, Max: 0.1, Diff: 0.0, Sum: 0.2]
      [Object Copy (ms): Min: 0.3, Avg: 0.3, Max: 0.3, Diff: 0.0, Sum: 0.7]
      [Termination (ms): Min: 0.0, Avg: 0.0, Max: 0.0, Diff: 0.0, Sum: 0.0]
      [GC Worker Other (ms): Min: 0.0, Avg: 0.0, Max: 0.0, Diff: 0.0, Sum: 0.0]
      [GC Worker Total (ms): Min: 1.1, Avg: 1.1, Max: 1.1, Diff: 0.0, Sum: 2.2]
      [GC Worker End (ms): Min: 94270.6, Avg: 94270.6, Max: 94270.6, Diff: 0.0]
   [Code Root Fixup: 0.0 ms]
   [Code Root Migration: 0.0 ms]
   [Clear CT: 0.1 ms]
   [Other: 0.3 ms]
      [Choose CSet: 0.0 ms]
      [Ref Proc: 0.0 ms]
      [Ref Enq: 0.0 ms]
      [Free CSet: 0.1 ms]
   [Eden: 128.0M(128.0M)->0.0B(150.0M) Survivors: 18.0M->1024.0K Heap: 196.4M(256.0M)->51.2M(256.0M)]
 [Times: user=0.00 sys=0.00, real=0.00 secs] 
2014-07-10T11:37:43.637+0200: 94.417: [GC pause (G1 Evacuation Pause) (young) 94.417: [G1Ergonomics (CSet Construction) start choosing CSet, _pending_cards: 512, predicted base time: 1.15 ms, remaining time: 198.85 ms, target pause time: 200.00 ms]
 94.417: [G1Ergonomics (CSet Construction) add young regions to CSet, eden: 150 regions, survivors: 1 regions, predicted young region time: 99.23 ms]
 94.417: [G1Ergonomics (CSet Construction) finish choosing CSet, eden: 150 regions, survivors: 1 regions, old: 0 regions, predicted pause time: 100.38 ms, target pause time: 200.00 ms]
 94.430: [G1Ergonomics (Heap Sizing) attempt heap expansion, reason: recent GC overhead higher than threshold after GC, recent GC overhead: 15.32 %, threshold: 10.00 %, uncommitted: 0 bytes, calculated expansion amount: 0 bytes (20.00 %)]
, 0.0130691 secs]
   [Parallel Time: 12.4 ms, GC Workers: 2]
      [GC Worker Start (ms): Min: 94416.9, Avg: 94417.0, Max: 94417.0, Diff: 0.1]
      [Ext Root Scanning (ms): Min: 0.2, Avg: 0.3, Max: 0.3, Diff: 0.1, Sum: 0.6]
      [Update RS (ms): Min: 0.0, Avg: 0.0, Max: 0.1, Diff: 0.0, Sum: 0.1]
         [Processed Buffers: Min: 1, Avg: 1.5, Max: 2, Diff: 1, Sum: 3]
      [Scan RS (ms): Min: 0.2, Avg: 0.2, Max: 0.2, Diff: 0.0, Sum: 0.4]
      [Code Root Scanning (ms): Min: 0.1, Avg: 0.1, Max: 0.1, Diff: 0.0, Sum: 0.2]
      [Object Copy (ms): Min: 11.7, Avg: 11.7, Max: 11.7, Diff: 0.0, Sum: 23.4]
      [Termination (ms): Min: 0.0, Avg: 0.0, Max: 0.0, Diff: 0.0, Sum: 0.0]
      [GC Worker Other (ms): Min: 0.0, Avg: 0.0, Max: 0.0, Diff: 0.0, Sum: 0.1]
      [GC Worker Total (ms): Min: 12.3, Avg: 12.4, Max: 12.4, Diff: 0.1, Sum: 24.7]
      [GC Worker End (ms): Min: 94429.3, Avg: 94429.3, Max: 94429.3, Diff: 0.0]
   [Code Root Fixup: 0.0 ms]
   [Code Root Migration: 0.0 ms]
   [Clear CT: 0.1 ms]
   [Other: 0.5 ms]
      [Choose CSet: 0.0 ms]
      [Ref Proc: 0.1 ms]
      [Ref Enq: 0.0 ms]
      [Free CSet: 0.2 ms]
   [Eden: 150.0M(150.0M)->0.0B(134.0M) Survivors: 1024.0K->19.0M Heap: 201.2M(256.0M)->69.1M(256.0M)]
 [Times: user=0.02 sys=0.00, real=0.01 secs] 
2014-07-10T11:37:43.806+0200: 94.586: [GC pause (G1 Evacuation Pause) (young) 94.586: [G1Ergonomics (CSet Construction) start choosing CSet, _pending_cards: 512, predicted base time: 1.09 ms, remaining time: 198.91 ms, target pause time: 200.00 ms]
 94.586: [G1Ergonomics (CSet Construction) add young regions to CSet, eden: 134 regions, survivors: 19 regions, predicted young region time: 28.68 ms]
 94.586: [G1Ergonomics (CSet Construction) finish choosing CSet, eden: 134 regions, survivors: 19 regions, old: 0 regions, predicted pause time: 29.76 ms, target pause time: 200.00 ms]
 94.602: [G1Ergonomics (Heap Sizing) attempt heap expansion, reason: recent GC overhead higher than threshold after GC, recent GC overhead: 14.20 %, threshold: 10.00 %, uncommitted: 0 bytes, calculated expansion amount: 0 bytes (20.00 %)]
, 0.0158580 secs]
   [Parallel Time: 14.5 ms, GC Workers: 2]
      [GC Worker Start (ms): Min: 94586.5, Avg: 94586.5, Max: 94586.5, Diff: 0.0]
      [Ext Root Scanning (ms): Min: 0.6, Avg: 0.6, Max: 0.6, Diff: 0.0, Sum: 1.3]
      [Update RS (ms): Min: 0.0, Avg: 0.1, Max: 0.1, Diff: 0.0, Sum: 0.1]
         [Processed Buffers: Min: 1, Avg: 1.5, Max: 2, Diff: 1, Sum: 3]
      [Scan RS (ms): Min: 0.4, Avg: 0.4, Max: 0.4, Diff: 0.0, Sum: 0.8]
      [Code Root Scanning (ms): Min: 0.1, Avg: 0.1, Max: 0.2, Diff: 0.0, Sum: 0.3]
      [Object Copy (ms): Min: 13.2, Avg: 13.2, Max: 13.2, Diff: 0.0, Sum: 26.4]
      [Termination (ms): Min: 0.0, Avg: 0.0, Max: 0.0, Diff: 0.0, Sum: 0.0]
      [GC Worker Other (ms): Min: 0.0, Avg: 0.0, Max: 0.0, Diff: 0.0, Sum: 0.1]
      [GC Worker Total (ms): Min: 14.5, Avg: 14.5, Max: 14.5, Diff: 0.0, Sum: 29.0]
      [GC Worker End (ms): Min: 94600.9, Avg: 94600.9, Max: 94600.9, Diff: 0.0]
   [Code Root Fixup: 0.0 ms]
   [Code Root Migration: 0.1 ms]
   [Clear CT: 0.2 ms]
   [Other: 1.1 ms]
      [Choose CSet: 0.1 ms]
      [Ref Proc: 0.2 ms]
      [Ref Enq: 0.0 ms]
      [Free CSet: 0.3 ms]
   [Eden: 134.0M(134.0M)->0.0B(133.0M) Survivors: 19.0M->20.0M Heap: 203.1M(256.0M)->71.0M(256.0M)]
 [Times: user=0.03 sys=0.00, real=0.02 secs] 
2014-07-10T11:37:43.899+0200: 94.679: [GC pause (G1 Evacuation Pause) (young) 94.679: [G1Ergonomics (CSet Construction) start choosing CSet, _pending_cards: 512, predicted base time: 1.42 ms, remaining time: 198.58 ms, target pause time: 200.00 ms]
 94.679: [G1Ergonomics (CSet Construction) add young regions to CSet, eden: 133 regions, survivors: 20 regions, predicted young region time: 91.26 ms]
 94.679: [G1Ergonomics (CSet Construction) finish choosing CSet, eden: 133 regions, survivors: 20 regions, old: 0 regions, predicted pause time: 92.69 ms, target pause time: 200.00 ms]
 94.693: [G1Ergonomics (Heap Sizing) attempt heap expansion, reason: recent GC overhead higher than threshold after GC, recent GC overhead: 12.71 %, threshold: 10.00 %, uncommitted: 0 bytes, calculated expansion amount: 0 bytes (20.00 %)]
, 0.0144198 secs]
   [Parallel Time: 13.8 ms, GC Workers: 2]
      [GC Worker Start (ms): Min: 94679.1, Avg: 94679.1, Max: 94679.1, Diff: 0.0]
      [Ext Root Scanning (ms): Min: 0.3, Avg: 0.3, Max: 0.3, Diff: 0.0, Sum: 0.7]
      [Update RS (ms): Min: 0.0, Avg: 0.0, Max: 0.1, Diff: 0.0, Sum: 0.1]
         [Processed Buffers: Min: 1, Avg: 1.5, Max: 2, Diff: 1, Sum: 3]
      [Scan RS (ms): Min: 0.2, Avg: 0.2, Max: 0.2, Diff: 0.0, Sum: 0.5]
      [Code Root Scanning (ms): Min: 0.1, Avg: 0.1, Max: 0.1, Diff: 0.0, Sum: 0.2]
      [Object Copy (ms): Min: 13.0, Avg: 13.0, Max: 13.0, Diff: 0.0, Sum: 26.1]
      [Termination (ms): Min: 0.0, Avg: 0.0, Max: 0.0, Diff: 0.0, Sum: 0.0]
      [GC Worker Other (ms): Min: 0.0, Avg: 0.0, Max: 0.0, Diff: 0.0, Sum: 0.1]
      [GC Worker Total (ms): Min: 13.8, Avg: 13.8, Max: 13.8, Diff: 0.0, Sum: 27.6]
      [GC Worker End (ms): Min: 94692.9, Avg: 94692.9, Max: 94692.9, Diff: 0.0]
   [Code Root Fixup: 0.0 ms]
   [Code Root Migration: 0.0 ms]
   [Clear CT: 0.1 ms]
   [Other: 0.4 ms]
      [Choose CSet: 0.0 ms]
      [Ref Proc: 0.0 ms]
      [Ref Enq: 0.0 ms]
      [Free CSet: 0.2 ms]
   [Eden: 133.0M(133.0M)->0.0B(131.0M) Survivors: 20.0M->20.0M Heap: 204.0M(256.0M)->72.3M(256.0M)]
 [Times: user=0.00 sys=0.01, real=0.02 secs] 
2014-07-10T11:37:44.040+0200: 94.819: [GC pause (G1 Evacuation Pause) (young) 94.819: [G1Ergonomics (CSet Construction) start choosing CSet, _pending_cards: 514, predicted base time: 1.30 ms, remaining time: 198.70 ms, target pause time: 200.00 ms]
 94.819: [G1Ergonomics (CSet Construction) add young regions to CSet, eden: 131 regions, survivors: 20 regions, predicted young region time: 88.12 ms]
 94.819: [G1Ergonomics (CSet Construction) finish choosing CSet, eden: 131 regions, survivors: 20 regions, old: 0 regions, predicted pause time: 89.41 ms, target pause time: 200.00 ms]
 94.826: [G1Ergonomics (Heap Sizing) attempt heap expansion, reason: recent GC overhead higher than threshold after GC, recent GC overhead: 12.00 %, threshold: 10.00 %, uncommitted: 0 bytes, calculated expansion amount: 0 bytes (20.00 %)]
, 0.0073637 secs]
   [Parallel Time: 6.6 ms, GC Workers: 2]
      [GC Worker Start (ms): Min: 94819.2, Avg: 94819.2, Max: 94819.3, Diff: 0.0]
      [Ext Root Scanning (ms): Min: 0.4, Avg: 0.4, Max: 0.4, Diff: 0.0, Sum: 0.7]
      [Update RS (ms): Min: 0.0, Avg: 0.1, Max: 0.1, Diff: 0.0, Sum: 0.1]
         [Processed Buffers: Min: 2, Avg: 2.0, Max: 2, Diff: 0, Sum: 4]
      [Scan RS (ms): Min: 0.2, Avg: 0.3, Max: 0.3, Diff: 0.0, Sum: 0.5]
      [Code Root Scanning (ms): Min: 0.1, Avg: 0.1, Max: 0.1, Diff: 0.0, Sum: 0.2]
      [Object Copy (ms): Min: 5.5, Avg: 5.5, Max: 5.5, Diff: 0.0, Sum: 11.0]
      [Termination (ms): Min: 0.0, Avg: 0.0, Max: 0.0, Diff: 0.0, Sum: 0.0]
      [GC Worker Other (ms): Min: 0.0, Avg: 0.0, Max: 0.0, Diff: 0.0, Sum: 0.1]
      [GC Worker Total (ms): Min: 6.3, Avg: 6.3, Max: 6.3, Diff: 0.0, Sum: 12.7]
      [GC Worker End (ms): Min: 94825.6, Avg: 94825.6, Max: 94825.6, Diff: 0.0]
   [Code Root Fixup: 0.0 ms]
   [Code Root Migration: 0.0 ms]
   [Clear CT: 0.1 ms]
   [Other: 0.5 ms]
      [Choose CSet: 0.0 ms]
      [Ref Proc: 0.1 ms]
      [Ref Enq: 0.0 ms]
      [Free CSet: 0.3 ms]
   [Eden: 131.0M(131.0M)->0.0B(145.0M) Survivors: 20.0M->8192.0K Heap: 203.3M(256.0M)->60.2M(256.0M)]
 [Times: user=0.00 sys=0.03, real=0.01 secs] 
2014-07-10T11:37:44.198+0200: 94.978: [GC pause (G1 Evacuation Pause) (young) 94.978: [G1Ergonomics (CSet Construction) start choosing CSet, _pending_cards: 512, predicted base time: 1.30 ms, remaining time: 198.70 ms, target pause time: 200.00 ms]
 94.978: [G1Ergonomics (CSet Construction) add young regions to CSet, eden: 145 regions, survivors: 8 regions, predicted young region time: 68.03 ms]
 94.978: [G1Ergonomics (CSet Construction) finish choosing CSet, eden: 145 regions, survivors: 8 regions, old: 0 regions, predicted pause time: 69.33 ms, target pause time: 200.00 ms]
 94.992: [G1Ergonomics (Heap Sizing) attempt heap expansion, reason: recent GC overhead higher than threshold after GC, recent GC overhead: 10.97 %, threshold: 10.00 %, uncommitted: 0 bytes, calculated expansion amount: 0 bytes (20.00 %)]
, 0.0143519 secs]
   [Parallel Time: 13.7 ms, GC Workers: 2]
      [GC Worker Start (ms): Min: 94978.0, Avg: 94978.0, Max: 94978.0, Diff: 0.0]
      [Ext Root Scanning (ms): Min: 0.3, Avg: 0.3, Max: 0.3, Diff: 0.0, Sum: 0.7]
      [Update RS (ms): Min: 0.0, Avg: 0.0, Max: 0.1, Diff: 0.0, Sum: 0.1]
         [Processed Buffers: Min: 1, Avg: 1.5, Max: 2, Diff: 1, Sum: 3]
      [Scan RS (ms): Min: 0.2, Avg: 0.2, Max: 0.2, Diff: 0.0, Sum: 0.5]
      [Code Root Scanning (ms): Min: 0.1, Avg: 0.1, Max: 0.1, Diff: 0.0, Sum: 0.2]
      [Object Copy (ms): Min: 12.9, Avg: 12.9, Max: 12.9, Diff: 0.0, Sum: 25.8]
      [Termination (ms): Min: 0.0, Avg: 0.0, Max: 0.0, Diff: 0.0, Sum: 0.0]
      [GC Worker Other (ms): Min: 0.0, Avg: 0.0, Max: 0.0, Diff: 0.0, Sum: 0.1]
      [GC Worker Total (ms): Min: 13.7, Avg: 13.7, Max: 13.7, Diff: 0.0, Sum: 27.4]
      [GC Worker End (ms): Min: 94991.7, Avg: 94991.7, Max: 94991.7, Diff: 0.0]
   [Code Root Fixup: 0.0 ms]
   [Code Root Migration: 0.0 ms]
   [Clear CT: 0.1 ms]
   [Other: 0.5 ms]
      [Choose CSet: 0.0 ms]
      [Ref Proc: 0.1 ms]
      [Ref Enq: 0.0 ms]
      [Free CSet: 0.2 ms]
   [Eden: 145.0M(145.0M)->0.0B(133.0M) Survivors: 8192.0K->20.0M Heap: 205.2M(256.0M)->73.2M(256.0M)]
 [Times: user=0.03 sys=0.00, real=0.02 secs] 
2014-07-10T11:37:44.300+0200: 95.079: [GC pause (G1 Evacuation Pause) (young) 95.079: [G1Ergonomics (CSet Construction) start choosing CSet, _pending_cards: 512, predicted base time: 1.20 ms, remaining time: 198.80 ms, target pause time: 200.00 ms]
 95.079: [G1Ergonomics (CSet Construction) add young regions to CSet, eden: 133 regions, survivors: 20 regions, predicted young region time: 89.15 ms]
 95.079: [G1Ergonomics (CSet Construction) finish choosing CSet, eden: 133 regions, survivors: 20 regions, old: 0 regions, predicted pause time: 90.35 ms, target pause time: 200.00 ms]
 95.094: [G1Ergonomics (Heap Sizing) attempt heap expansion, reason: recent GC overhead higher than threshold after GC, recent GC overhead: 10.26 %, threshold: 10.00 %, uncommitted: 0 bytes, calculated expansion amount: 0 bytes (20.00 %)]
, 0.0149671 secs]
   [Parallel Time: 14.2 ms, GC Workers: 2]
      [GC Worker Start (ms): Min: 95079.5, Avg: 95079.5, Max: 95079.5, Diff: 0.0]
      [Ext Root Scanning (ms): Min: 0.3, Avg: 0.3, Max: 0.3, Diff: 0.0, Sum: 0.7]
      [Update RS (ms): Min: 0.0, Avg: 0.0, Max: 0.0, Diff: 0.0, Sum: 0.1]
         [Processed Buffers: Min: 1, Avg: 1.5, Max: 2, Diff: 1, Sum: 3]
      [Scan RS (ms): Min: 0.2, Avg: 0.2, Max: 0.3, Diff: 0.0, Sum: 0.5]
      [Code Root Scanning (ms): Min: 0.1, Avg: 0.1, Max: 0.1, Diff: 0.0, Sum: 0.2]
      [Object Copy (ms): Min: 13.4, Avg: 13.4, Max: 13.4, Diff: 0.0, Sum: 26.9]
      [Termination (ms): Min: 0.0, Avg: 0.0, Max: 0.0, Diff: 0.0, Sum: 0.0]
      [GC Worker Other (ms): Min: 0.0, Avg: 0.0, Max: 0.0, Diff: 0.0, Sum: 0.1]
      [GC Worker Total (ms): Min: 14.2, Avg: 14.2, Max: 14.2, Diff: 0.0, Sum: 28.4]
      [GC Worker End (ms): Min: 95093.7, Avg: 95093.7, Max: 95093.7, Diff: 0.0]
   [Code Root Fixup: 0.0 ms]
   [Code Root Migration: 0.0 ms]
   [Clear CT: 0.2 ms]
   [Other: 0.5 ms]
      [Choose CSet: 0.0 ms]
      [Ref Proc: 0.1 ms]
      [Ref Enq: 0.0 ms]
      [Free CSet: 0.2 ms]
   [Eden: 133.0M(133.0M)->0.0B(131.0M) Survivors: 20.0M->20.0M Heap: 206.2M(256.0M)->74.9M(256.0M)]
 [Times: user=0.03 sys=0.00, real=0.02 secs] 
2014-07-10T11:37:44.441+0200: 95.220: [GC pause (G1 Evacuation Pause) (young) 95.220: [G1Ergonomics (CSet Construction) start choosing CSet, _pending_cards: 512, predicted base time: 1.16 ms, remaining time: 198.84 ms, target pause time: 200.00 ms]
 95.220: [G1Ergonomics (CSet Construction) add young regions to CSet, eden: 131 regions, survivors: 20 regions, predicted young region time: 66.71 ms]
 95.220: [G1Ergonomics (CSet Construction) finish choosing CSet, eden: 131 regions, survivors: 20 regions, old: 0 regions, predicted pause time: 67.87 ms, target pause time: 200.00 ms]
 95.235: [G1Ergonomics (Heap Sizing) attempt heap expansion, reason: recent GC overhead higher than threshold after GC, recent GC overhead: 10.41 %, threshold: 10.00 %, uncommitted: 0 bytes, calculated expansion amount: 0 bytes (20.00 %)]
, 0.0149338 secs]
   [Parallel Time: 14.2 ms, GC Workers: 2]
      [GC Worker Start (ms): Min: 95220.2, Avg: 95220.3, Max: 95220.3, Diff: 0.0]
      [Ext Root Scanning (ms): Min: 0.3, Avg: 0.3, Max: 0.3, Diff: 0.0, Sum: 0.6]
      [Update RS (ms): Min: 0.0, Avg: 0.0, Max: 0.1, Diff: 0.0, Sum: 0.1]
         [Processed Buffers: Min: 1, Avg: 1.5, Max: 2, Diff: 1, Sum: 3]
      [Scan RS (ms): Min: 0.2, Avg: 0.2, Max: 0.2, Diff: 0.0, Sum: 0.5]
      [Code Root Scanning (ms): Min: 0.1, Avg: 0.1, Max: 0.1, Diff: 0.0, Sum: 0.2]
      [Object Copy (ms): Min: 13.4, Avg: 13.4, Max: 13.5, Diff: 0.0, Sum: 26.9]
      [Termination (ms): Min: 0.0, Avg: 0.0, Max: 0.0, Diff: 0.0, Sum: 0.0]
      [GC Worker Other (ms): Min: 0.0, Avg: 0.0, Max: 0.0, Diff: 0.0, Sum: 0.1]
      [GC Worker Total (ms): Min: 14.2, Avg: 14.2, Max: 14.2, Diff: 0.0, Sum: 28.3]
      [GC Worker End (ms): Min: 95234.4, Avg: 95234.4, Max: 95234.4, Diff: 0.0]
   [Code Root Fixup: 0.0 ms]
   [Code Root Migration: 0.0 ms]
   [Clear CT: 0.1 ms]
   [Other: 0.6 ms]
      [Choose CSet: 0.0 ms]
      [Ref Proc: 0.2 ms]
      [Ref Enq: 0.0 ms]
      [Free CSet: 0.2 ms]
   [Eden: 131.0M(131.0M)->0.0B(130.0M) Survivors: 20.0M->19.0M Heap: 205.9M(256.0M)->75.5M(256.0M)]
 [Times: user=0.03 sys=0.00, real=0.02 secs] 
2014-07-10T11:37:44.596+0200: 95.375: [GC pause (G1 Evacuation Pause) (young) 95.375: [G1Ergonomics (CSet Construction) start choosing CSet, _pending_cards: 514, predicted base time: 1.13 ms, remaining time: 198.87 ms, target pause time: 200.00 ms]
 95.375: [G1Ergonomics (CSet Construction) add young regions to CSet, eden: 130 regions, survivors: 19 regions, predicted young region time: 85.49 ms]
 95.375: [G1Ergonomics (CSet Construction) finish choosing CSet, eden: 130 regions, survivors: 19 regions, old: 0 regions, predicted pause time: 86.62 ms, target pause time: 200.00 ms]
, 0.0053978 secs]
   [Parallel Time: 4.8 ms, GC Workers: 2]
      [GC Worker Start (ms): Min: 95375.5, Avg: 95375.5, Max: 95375.5, Diff: 0.0]
      [Ext Root Scanning (ms): Min: 0.3, Avg: 0.3, Max: 0.3, Diff: 0.0, Sum: 0.6]
      [Update RS (ms): Min: 0.0, Avg: 0.0, Max: 0.0, Diff: 0.0, Sum: 0.1]
         [Processed Buffers: Min: 2, Avg: 2.0, Max: 2, Diff: 0, Sum: 4]
      [Scan RS (ms): Min: 0.2, Avg: 0.2, Max: 0.2, Diff: 0.0, Sum: 0.5]
      [Code Root Scanning (ms): Min: 0.1, Avg: 0.1, Max: 0.1, Diff: 0.0, Sum: 0.2]
      [Object Copy (ms): Min: 4.0, Avg: 4.0, Max: 4.0, Diff: 0.0, Sum: 8.1]
      [Termination (ms): Min: 0.0, Avg: 0.0, Max: 0.0, Diff: 0.0, Sum: 0.0]
      [GC Worker Other (ms): Min: 0.0, Avg: 0.0, Max: 0.0, Diff: 0.0, Sum: 0.1]
      [GC Worker Total (ms): Min: 4.7, Avg: 4.7, Max: 4.7, Diff: 0.0, Sum: 9.5]
      [GC Worker End (ms): Min: 95380.3, Avg: 95380.3, Max: 95380.3, Diff: 0.0]
   [Code Root Fixup: 0.0 ms]
   [Code Root Migration: 0.0 ms]
   [Clear CT: 0.1 ms]
   [Other: 0.5 ms]
      [Choose CSet: 0.0 ms]
      [Ref Proc: 0.0 ms]
      [Ref Enq: 0.0 ms]
      [Free CSet: 0.2 ms]
   [Eden: 130.0M(130.0M)->0.0B(145.0M) Survivors: 19.0M->7168.0K Heap: 205.5M(256.0M)->62.9M(256.0M)]
 [Times: user=0.00 sys=0.00, real=0.01 secs] 
2014-07-10T11:37:44.741+0200: 95.521: [GC pause (G1 Evacuation Pause) (young) 95.521: [G1Ergonomics (CSet Construction) start choosing CSet, _pending_cards: 512, predicted base time: 1.05 ms, remaining time: 198.95 ms, target pause time: 200.00 ms]
 95.521: [G1Ergonomics (CSet Construction) add young regions to CSet, eden: 145 regions, survivors: 7 regions, predicted young region time: 25.62 ms]
 95.521: [G1Ergonomics (CSet Construction) finish choosing CSet, eden: 145 regions, survivors: 7 regions, old: 0 regions, predicted pause time: 26.67 ms, target pause time: 200.00 ms]
, 0.0139266 secs]
   [Parallel Time: 13.2 ms, GC Workers: 2]
      [GC Worker Start (ms): Min: 95521.0, Avg: 95521.1, Max: 95521.1, Diff: 0.0]
      [Ext Root Scanning (ms): Min: 0.4, Avg: 0.6, Max: 0.7, Diff: 0.3, Sum: 1.1]
      [Update RS (ms): Min: 0.0, Avg: 0.0, Max: 0.1, Diff: 0.1, Sum: 0.1]
         [Processed Buffers: Min: 0, Avg: 1.5, Max: 3, Diff: 3, Sum: 3]
      [Scan RS (ms): Min: 0.3, Avg: 0.4, Max: 0.4, Diff: 0.1, Sum: 0.7]
      [Code Root Scanning (ms): Min: 0.1, Avg: 0.3, Max: 0.5, Diff: 0.3, Sum: 0.6]
      [Object Copy (ms): Min: 11.9, Avg: 11.9, Max: 11.9, Diff: 0.0, Sum: 23.8]
      [Termination (ms): Min: 0.0, Avg: 0.0, Max: 0.0, Diff: 0.0, Sum: 0.0]
      [GC Worker Other (ms): Min: 0.0, Avg: 0.0, Max: 0.0, Diff: 0.0, Sum: 0.1]
      [GC Worker Total (ms): Min: 13.2, Avg: 13.2, Max: 13.2, Diff: 0.0, Sum: 26.4]
      [GC Worker End (ms): Min: 95534.3, Avg: 95534.3, Max: 95534.3, Diff: 0.0]
   [Code Root Fixup: 0.0 ms]
   [Code Root Migration: 0.0 ms]
   [Clear CT: 0.2 ms]
   [Other: 0.4 ms]
      [Choose CSet: 0.0 ms]
      [Ref Proc: 0.0 ms]
      [Ref Enq: 0.0 ms]
      [Free CSet: 0.2 ms]
   [Eden: 145.0M(145.0M)->0.0B(133.0M) Survivors: 7168.0K->19.0M Heap: 207.9M(256.0M)->75.8M(256.0M)]
 [Times: user=0.01 sys=0.02, real=0.02 secs] 
2014-07-10T11:37:44.830+0200: 95.610: [GC pause (G1 Evacuation Pause) (young) 95.610: [G1Ergonomics (CSet Construction) start choosing CSet, _pending_cards: 256, predicted base time: 1.17 ms, remaining time: 198.83 ms, target pause time: 200.00 ms]
 95.610: [G1Ergonomics (CSet Construction) add young regions to CSet, eden: 133 regions, survivors: 19 regions, predicted young region time: 85.37 ms]
 95.610: [G1Ergonomics (CSet Construction) finish choosing CSet, eden: 133 regions, survivors: 19 regions, old: 0 regions, predicted pause time: 86.54 ms, target pause time: 200.00 ms]
, 0.0140931 secs]
   [Parallel Time: 13.5 ms, GC Workers: 2]
      [GC Worker Start (ms): Min: 95610.1, Avg: 95610.1, Max: 95610.1, Diff: 0.0]
      [Ext Root Scanning (ms): Min: 0.3, Avg: 0.3, Max: 0.3, Diff: 0.0, Sum: 0.6]
      [Update RS (ms): Min: 0.0, Avg: 0.0, Max: 0.1, Diff: 0.0, Sum: 0.1]
         [Processed Buffers: Min: 1, Avg: 1.0, Max: 1, Diff: 0, Sum: 2]
      [Scan RS (ms): Min: 0.2, Avg: 0.2, Max: 0.2, Diff: 0.0, Sum: 0.5]
      [Code Root Scanning (ms): Min: 0.1, Avg: 0.1, Max: 0.1, Diff: 0.0, Sum: 0.2]
      [Object Copy (ms): Min: 12.7, Avg: 12.7, Max: 12.7, Diff: 0.0, Sum: 25.4]
      [Termination (ms): Min: 0.0, Avg: 0.0, Max: 0.0, Diff: 0.0, Sum: 0.0]
      [GC Worker Other (ms): Min: 0.0, Avg: 0.0, Max: 0.0, Diff: 0.0, Sum: 0.1]
      [GC Worker Total (ms): Min: 13.4, Avg: 13.4, Max: 13.4, Diff: 0.0, Sum: 26.9]
      [GC Worker End (ms): Min: 95623.5, Avg: 95623.5, Max: 95623.5, Diff: 0.0]
   [Code Root Fixup: 0.0 ms]
   [Code Root Migration: 0.0 ms]
   [Clear CT: 0.1 ms]
   [Other: 0.5 ms]
      [Choose CSet: 0.0 ms]
      [Ref Proc: 0.0 ms]
      [Ref Enq: 0.0 ms]
      [Free CSet: 0.2 ms]
   [Eden: 133.0M(133.0M)->0.0B(132.0M) Survivors: 19.0M->19.0M Heap: 208.8M(256.0M)->76.9M(256.0M)]
 [Times: user=0.03 sys=0.00, real=0.02 secs] 
2014-07-10T11:37:44.999+0200: 95.778: [GC pause (G1 Evacuation Pause) (young) 95.778: [G1Ergonomics (CSet Construction) start choosing CSet, _pending_cards: 256, predicted base time: 1.10 ms, remaining time: 198.90 ms, target pause time: 200.00 ms]
 95.778: [G1Ergonomics (CSet Construction) add young regions to CSet, eden: 132 regions, survivors: 19 regions, predicted young region time: 84.30 ms]
 95.778: [G1Ergonomics (CSet Construction) finish choosing CSet, eden: 132 regions, survivors: 19 regions, old: 0 regions, predicted pause time: 85.39 ms, target pause time: 200.00 ms]
, 0.0152131 secs]
   [Parallel Time: 13.9 ms, GC Workers: 2]
      [GC Worker Start (ms): Min: 95778.4, Avg: 95778.4, Max: 95778.4, Diff: 0.0]
      [Ext Root Scanning (ms): Min: 0.6, Avg: 0.6, Max: 0.6, Diff: 0.0, Sum: 1.1]
      [Update RS (ms): Min: 0.0, Avg: 0.1, Max: 0.1, Diff: 0.1, Sum: 0.2]
         [Processed Buffers: Min: 1, Avg: 1.0, Max: 1, Diff: 0, Sum: 2]
      [Scan RS (ms): Min: 0.4, Avg: 0.4, Max: 0.4, Diff: 0.1, Sum: 0.8]
      [Code Root Scanning (ms): Min: 0.1, Avg: 0.2, Max: 0.2, Diff: 0.0, Sum: 0.3]
      [Object Copy (ms): Min: 12.5, Avg: 12.6, Max: 12.6, Diff: 0.1, Sum: 25.1]
      [Termination (ms): Min: 0.0, Avg: 0.0, Max: 0.0, Diff: 0.0, Sum: 0.0]
      [GC Worker Other (ms): Min: 0.0, Avg: 0.0, Max: 0.1, Diff: 0.0, Sum: 0.1]
      [GC Worker Total (ms): Min: 13.8, Avg: 13.8, Max: 13.8, Diff: 0.0, Sum: 27.7]
      [GC Worker End (ms): Min: 95792.2, Avg: 95792.2, Max: 95792.2, Diff: 0.0]
   [Code Root Fixup: 0.0 ms]
   [Code Root Migration: 0.1 ms]
   [Clear CT: 0.3 ms]
   [Other: 1.0 ms]
      [Choose CSet: 0.1 ms]
      [Ref Proc: 0.1 ms]
      [Ref Enq: 0.0 ms]
      [Free CSet: 0.5 ms]
   [Eden: 132.0M(132.0M)->0.0B(140.0M) Survivors: 19.0M->12.0M Heap: 208.9M(256.0M)->69.8M(256.0M)]
 [Times: user=0.03 sys=0.00, real=0.01 secs] 
2014-07-10T11:37:45.099+0200: 95.878: [GC pause (G1 Evacuation Pause) (young) 95.879: [G1Ergonomics (CSet Construction) start choosing CSet, _pending_cards: 256, predicted base time: 1.31 ms, remaining time: 198.69 ms, target pause time: 200.00 ms]
 95.879: [G1Ergonomics (CSet Construction) add young regions to CSet, eden: 140 regions, survivors: 12 regions, predicted young region time: 115.65 ms]
 95.879: [G1Ergonomics (CSet Construction) finish choosing CSet, eden: 140 regions, survivors: 12 regions, old: 0 regions, predicted pause time: 116.97 ms, target pause time: 200.00 ms]
, 0.0138482 secs]
   [Parallel Time: 13.1 ms, GC Workers: 2]
      [GC Worker Start (ms): Min: 95878.6, Avg: 95878.6, Max: 95878.6, Diff: 0.0]
      [Ext Root Scanning (ms): Min: 0.3, Avg: 0.3, Max: 0.3, Diff: 0.0, Sum: 0.7]
      [Update RS (ms): Min: 0.0, Avg: 0.0, Max: 0.1, Diff: 0.0, Sum: 0.1]
         [Processed Buffers: Min: 1, Avg: 1.0, Max: 1, Diff: 0, Sum: 2]
      [Scan RS (ms): Min: 0.2, Avg: 0.2, Max: 0.2, Diff: 0.0, Sum: 0.5]
      [Code Root Scanning (ms): Min: 0.1, Avg: 0.1, Max: 0.1, Diff: 0.0, Sum: 0.2]
      [Object Copy (ms): Min: 12.3, Avg: 12.3, Max: 12.3, Diff: 0.0, Sum: 24.6]
      [Termination (ms): Min: 0.0, Avg: 0.0, Max: 0.0, Diff: 0.0, Sum: 0.0]
      [GC Worker Other (ms): Min: 0.0, Avg: 0.0, Max: 0.0, Diff: 0.0, Sum: 0.1]
      [GC Worker Total (ms): Min: 13.1, Avg: 13.1, Max: 13.1, Diff: 0.0, Sum: 26.1]
      [GC Worker End (ms): Min: 95891.7, Avg: 95891.7, Max: 95891.7, Diff: 0.0]
   [Code Root Fixup: 0.0 ms]
   [Code Root Migration: 0.0 ms]
   [Clear CT: 0.1 ms]
   [Other: 0.6 ms]
      [Choose CSet: 0.0 ms]
      [Ref Proc: 0.2 ms]
      [Ref Enq: 0.0 ms]
      [Free CSet: 0.2 ms]
   [Eden: 140.0M(140.0M)->0.0B(132.0M) Survivors: 12.0M->19.0M Heap: 209.8M(256.0M)->77.8M(256.0M)]
 [Times: user=0.03 sys=0.00, real=0.01 secs] 
2014-07-10T11:37:45.230+0200: 96.010: [GC pause (G1 Evacuation Pause) (young) 96.010: [G1Ergonomics (CSet Construction) start choosing CSet, _pending_cards: 256, predicted base time: 1.23 ms, remaining time: 198.77 ms, target pause time: 200.00 ms]
 96.010: [G1Ergonomics (CSet Construction) add young regions to CSet, eden: 132 regions, survivors: 19 regions, predicted young region time: 102.94 ms]
 96.010: [G1Ergonomics (CSet Construction) finish choosing CSet, eden: 132 regions, survivors: 19 regions, old: 0 regions, predicted pause time: 104.18 ms, target pause time: 200.00 ms]
, 0.0136014 secs]
   [Parallel Time: 12.8 ms, GC Workers: 2]
      [GC Worker Start (ms): Min: 96009.9, Avg: 96009.9, Max: 96009.9, Diff: 0.0]
      [Ext Root Scanning (ms): Min: 0.3, Avg: 0.3, Max: 0.3, Diff: 0.0, Sum: 0.6]
      [Update RS (ms): Min: 0.0, Avg: 0.0, Max: 0.0, Diff: 0.0, Sum: 0.1]
         [Processed Buffers: Min: 1, Avg: 1.0, Max: 1, Diff: 0, Sum: 2]
      [Scan RS (ms): Min: 0.2, Avg: 0.2, Max: 0.2, Diff: 0.0, Sum: 0.4]
      [Code Root Scanning (ms): Min: 0.1, Avg: 0.1, Max: 0.1, Diff: 0.0, Sum: 0.2]
      [Object Copy (ms): Min: 12.1, Avg: 12.1, Max: 12.1, Diff: 0.0, Sum: 24.2]
      [Termination (ms): Min: 0.0, Avg: 0.0, Max: 0.0, Diff: 0.0, Sum: 0.0]
      [GC Worker Other (ms): Min: 0.0, Avg: 0.0, Max: 0.0, Diff: 0.0, Sum: 0.1]
      [GC Worker Total (ms): Min: 12.8, Avg: 12.8, Max: 12.8, Diff: 0.0, Sum: 25.6]
      [GC Worker End (ms): Min: 96022.7, Avg: 96022.7, Max: 96022.7, Diff: 0.0]
   [Code Root Fixup: 0.0 ms]
   [Code Root Migration: 0.0 ms]
   [Clear CT: 0.1 ms]
   [Other: 0.6 ms]
      [Choose CSet: 0.0 ms]
      [Ref Proc: 0.2 ms]
      [Ref Enq: 0.0 ms]
      [Free CSet: 0.2 ms]
   [Eden: 132.0M(132.0M)->0.0B(130.0M) Survivors: 19.0M->19.0M Heap: 209.8M(256.0M)->78.4M(256.0M)]
 [Times: user=0.02 sys=0.00, real=0.01 secs] 
2014-07-10T11:37:45.403+0200: 96.183: [GC pause (G1 Evacuation Pause) (young) 96.183: [G1Ergonomics (CSet Construction) start choosing CSet, _pending_cards: 256, predicted base time: 1.17 ms, remaining time: 198.83 ms, target pause time: 200.00 ms]
 96.183: [G1Ergonomics (CSet Construction) add young regions to CSet, eden: 130 regions, survivors: 19 regions, predicted young region time: 38.18 ms]
 96.183: [G1Ergonomics (CSet Construction) finish choosing CSet, eden: 130 regions, survivors: 19 regions, old: 0 regions, predicted pause time: 39.35 ms, target pause time: 200.00 ms]
, 0.0131003 secs]
   [Parallel Time: 12.1 ms, GC Workers: 2]
      [GC Worker Start (ms): Min: 96182.6, Avg: 96182.6, Max: 96182.6, Diff: 0.0]
      [Ext Root Scanning (ms): Min: 0.3, Avg: 0.3, Max: 0.3, Diff: 0.0, Sum: 0.6]
      [Update RS (ms): Min: 0.0, Avg: 0.0, Max: 0.0, Diff: 0.0, Sum: 0.1]
         [Processed Buffers: Min: 1, Avg: 1.0, Max: 1, Diff: 0, Sum: 2]
      [Scan RS (ms): Min: 0.3, Avg: 0.4, Max: 0.4, Diff: 0.1, Sum: 0.8]
      [Code Root Scanning (ms): Min: 0.1, Avg: 0.1, Max: 0.1, Diff: 0.0, Sum: 0.2]
      [Object Copy (ms): Min: 11.2, Avg: 11.2, Max: 11.2, Diff: 0.0, Sum: 22.3]
      [Termination (ms): Min: 0.0, Avg: 0.0, Max: 0.0, Diff: 0.0, Sum: 0.0]
      [GC Worker Other (ms): Min: 0.0, Avg: 0.0, Max: 0.0, Diff: 0.0, Sum: 0.1]
      [GC Worker Total (ms): Min: 12.0, Avg: 12.0, Max: 12.0, Diff: 0.0, Sum: 24.1]
      [GC Worker End (ms): Min: 96194.7, Avg: 96194.7, Max: 96194.7, Diff: 0.0]
   [Code Root Fixup: 0.0 ms]
   [Code Root Migration: 0.0 ms]
   [Clear CT: 0.1 ms]
   [Other: 0.9 ms]
      [Choose CSet: 0.0 ms]
      [Ref Proc: 0.4 ms]
      [Ref Enq: 0.0 ms]
      [Free CSet: 0.2 ms]
   [Eden: 130.0M(130.0M)->0.0B(132.0M) Survivors: 19.0M->18.0M Heap: 208.4M(256.0M)->77.0M(256.0M)]
 [Times: user=0.03 sys=0.00, real=0.01 secs] 
2014-07-10T11:37:45.490+0200: 96.269: [GC pause (G1 Evacuation Pause) (young) 96.269: [G1Ergonomics (CSet Construction) start choosing CSet, _pending_cards: 260, predicted base time: 1.20 ms, remaining time: 198.80 ms, target pause time: 200.00 ms]
 96.269: [G1Ergonomics (CSet Construction) add young regions to CSet, eden: 132 regions, survivors: 18 regions, predicted young region time: 94.21 ms]
 96.269: [G1Ergonomics (CSet Construction) finish choosing CSet, eden: 132 regions, survivors: 18 regions, old: 0 regions, predicted pause time: 95.41 ms, target pause time: 200.00 ms]
, 0.0014896 secs]
   [Parallel Time: 1.0 ms, GC Workers: 2]
      [GC Worker Start (ms): Min: 96269.5, Avg: 96269.5, Max: 96269.5, Diff: 0.0]
      [Ext Root Scanning (ms): Min: 0.3, Avg: 0.3, Max: 0.3, Diff: 0.0, Sum: 0.7]
      [Update RS (ms): Min: 0.0, Avg: 0.1, Max: 0.1, Diff: 0.0, Sum: 0.1]
         [Processed Buffers: Min: 1, Avg: 1.5, Max: 2, Diff: 1, Sum: 3]
      [Scan RS (ms): Min: 0.2, Avg: 0.2, Max: 0.3, Diff: 0.0, Sum: 0.5]
      [Code Root Scanning (ms): Min: 0.1, Avg: 0.1, Max: 0.1, Diff: 0.0, Sum: 0.2]
      [Object Copy (ms): Min: 0.2, Avg: 0.2, Max: 0.2, Diff: 0.0, Sum: 0.3]
      [Termination (ms): Min: 0.0, Avg: 0.0, Max: 0.0, Diff: 0.0, Sum: 0.0]
      [GC Worker Other (ms): Min: 0.0, Avg: 0.0, Max: 0.0, Diff: 0.0, Sum: 0.0]
      [GC Worker Total (ms): Min: 0.9, Avg: 0.9, Max: 0.9, Diff: 0.0, Sum: 1.9]
      [GC Worker End (ms): Min: 96270.5, Avg: 96270.5, Max: 96270.5, Diff: 0.0]
   [Code Root Fixup: 0.0 ms]
   [Code Root Migration: 0.0 ms]
   [Clear CT: 0.2 ms]
   [Other: 0.3 ms]
      [Choose CSet: 0.0 ms]
      [Ref Proc: 0.1 ms]
      [Ref Enq: 0.0 ms]
      [Free CSet: 0.2 ms]
   [Eden: 132.0M(132.0M)->0.0B(152.0M) Survivors: 18.0M->1024.0K Heap: 209.0M(256.0M)->59.7M(256.0M)]
 [Times: user=0.02 sys=0.02, real=0.00 secs] 
2014-07-10T11:37:45.638+0200: 96.418: [GC pause (G1 Evacuation Pause) (young) 96.418: [G1Ergonomics (CSet Construction) start choosing CSet, _pending_cards: 512, predicted base time: 1.18 ms, remaining time: 198.82 ms, target pause time: 200.00 ms]
 96.418: [G1Ergonomics (CSet Construction) add young regions to CSet, eden: 152 regions, survivors: 1 regions, predicted young region time: 39.42 ms]
 96.418: [G1Ergonomics (CSet Construction) finish choosing CSet, eden: 152 regions, survivors: 1 regions, old: 0 regions, predicted pause time: 40.60 ms, target pause time: 200.00 ms]
, 0.0142907 secs]
   [Parallel Time: 13.6 ms, GC Workers: 2]
      [GC Worker Start (ms): Min: 96417.6, Avg: 96417.6, Max: 96417.6, Diff: 0.0]
      [Ext Root Scanning (ms): Min: 0.3, Avg: 0.3, Max: 0.3, Diff: 0.0, Sum: 0.6]
      [Update RS (ms): Min: 0.0, Avg: 0.1, Max: 0.1, Diff: 0.0, Sum: 0.1]
         [Processed Buffers: Min: 1, Avg: 1.5, Max: 2, Diff: 1, Sum: 3]
      [Scan RS (ms): Min: 0.2, Avg: 0.2, Max: 0.2, Diff: 0.0, Sum: 0.4]
      [Code Root Scanning (ms): Min: 0.1, Avg: 0.1, Max: 0.1, Diff: 0.0, Sum: 0.2]
      [Object Copy (ms): Min: 12.6, Avg: 12.6, Max: 12.6, Diff: 0.0, Sum: 25.3]
      [Termination (ms): Min: 0.0, Avg: 0.0, Max: 0.0, Diff: 0.0, Sum: 0.0]
      [GC Worker Other (ms): Min: 0.0, Avg: 0.0, Max: 0.0, Diff: 0.0, Sum: 0.1]
      [GC Worker Total (ms): Min: 13.3, Avg: 13.3, Max: 13.3, Diff: 0.0, Sum: 26.7]
      [GC Worker End (ms): Min: 96431.0, Avg: 96431.0, Max: 96431.0, Diff: 0.0]
   [Code Root Fixup: 0.0 ms]
   [Code Root Migration: 0.0 ms]
   [Clear CT: 0.1 ms]
   [Other: 0.5 ms]
      [Choose CSet: 0.0 ms]
      [Ref Proc: 0.2 ms]
      [Ref Enq: 0.0 ms]
      [Free CSet: 0.2 ms]
   [Eden: 152.0M(152.0M)->0.0B(130.0M) Survivors: 1024.0K->20.0M Heap: 211.7M(256.0M)->79.6M(256.0M)]
 [Times: user=0.03 sys=0.00, real=0.02 secs] 
2014-07-10T11:37:45.798+0200: 96.577: [GC pause (G1 Evacuation Pause) (young) 96.577: [G1Ergonomics (CSet Construction) start choosing CSet, _pending_cards: 512, predicted base time: 1.19 ms, remaining time: 198.81 ms, target pause time: 200.00 ms]
 96.577: [G1Ergonomics (CSet Construction) add young regions to CSet, eden: 130 regions, survivors: 20 regions, predicted young region time: 83.88 ms]
 96.577: [G1Ergonomics (CSet Construction) finish choosing CSet, eden: 130 regions, survivors: 20 regions, old: 0 regions, predicted pause time: 85.07 ms, target pause time: 200.00 ms]
, 0.0126134 secs]
   [Parallel Time: 11.9 ms, GC Workers: 2]
      [GC Worker Start (ms): Min: 96577.3, Avg: 96577.3, Max: 96577.3, Diff: 0.0]
      [Ext Root Scanning (ms): Min: 0.3, Avg: 0.3, Max: 0.3, Diff: 0.0, Sum: 0.7]
      [Update RS (ms): Min: 0.0, Avg: 0.1, Max: 0.1, Diff: 0.0, Sum: 0.1]
         [Processed Buffers: Min: 1, Avg: 1.5, Max: 2, Diff: 1, Sum: 3]
      [Scan RS (ms): Min: 0.2, Avg: 0.2, Max: 0.2, Diff: 0.0, Sum: 0.5]
      [Code Root Scanning (ms): Min: 0.1, Avg: 0.1, Max: 0.1, Diff: 0.0, Sum: 0.2]
      [Object Copy (ms): Min: 11.1, Avg: 11.1, Max: 11.1, Diff: 0.0, Sum: 22.2]
      [Termination (ms): Min: 0.0, Avg: 0.0, Max: 0.0, Diff: 0.0, Sum: 0.0]
      [GC Worker Other (ms): Min: 0.0, Avg: 0.0, Max: 0.0, Diff: 0.0, Sum: 0.1]
      [GC Worker Total (ms): Min: 11.9, Avg: 11.9, Max: 11.9, Diff: 0.0, Sum: 23.8]
      [GC Worker End (ms): Min: 96589.2, Avg: 96589.2, Max: 96589.2, Diff: 0.0]
   [Code Root Fixup: 0.0 ms]
   [Code Root Migration: 0.0 ms]
   [Clear CT: 0.1 ms]
   [Other: 0.5 ms]
      [Choose CSet: 0.0 ms]
      [Ref Proc: 0.2 ms]
      [Ref Enq: 0.0 ms]
      [Free CSet: 0.2 ms]
   [Eden: 130.0M(130.0M)->0.0B(133.0M) Survivors: 20.0M->18.0M Heap: 209.6M(256.0M)->77.6M(256.0M)]
 [Times: user=0.03 sys=0.00, real=0.01 secs] 
2014-07-10T11:37:45.898+0200: 96.678: [GC pause (G1 Evacuation Pause) (young) 96.678: [G1Ergonomics (CSet Construction) start choosing CSet, _pending_cards: 512, predicted base time: 1.14 ms, remaining time: 198.86 ms, target pause time: 200.00 ms]
 96.678: [G1Ergonomics (CSet Construction) add young regions to CSet, eden: 133 regions, survivors: 18 regions, predicted young region time: 86.90 ms]
 96.678: [G1Ergonomics (CSet Construction) finish choosing CSet, eden: 133 regions, survivors: 18 regions, old: 0 regions, predicted pause time: 88.04 ms, target pause time: 200.00 ms]
, 0.0084342 secs]
   [Parallel Time: 7.6 ms, GC Workers: 2]
      [GC Worker Start (ms): Min: 96677.6, Avg: 96677.7, Max: 96677.7, Diff: 0.0]
      [Ext Root Scanning (ms): Min: 0.3, Avg: 0.3, Max: 0.3, Diff: 0.0, Sum: 0.7]
      [Update RS (ms): Min: 0.0, Avg: 0.1, Max: 0.1, Diff: 0.0, Sum: 0.1]
         [Processed Buffers: Min: 1, Avg: 1.5, Max: 2, Diff: 1, Sum: 3]
      [Scan RS (ms): Min: 0.2, Avg: 0.2, Max: 0.2, Diff: 0.0, Sum: 0.5]
      [Code Root Scanning (ms): Min: 0.1, Avg: 0.1, Max: 0.1, Diff: 0.0, Sum: 0.2]
      [Object Copy (ms): Min: 6.8, Avg: 6.8, Max: 6.8, Diff: 0.0, Sum: 13.7]
      [Termination (ms): Min: 0.0, Avg: 0.0, Max: 0.0, Diff: 0.0, Sum: 0.0]
      [GC Worker Other (ms): Min: 0.0, Avg: 0.0, Max: 0.0, Diff: 0.0, Sum: 0.1]
      [GC Worker Total (ms): Min: 7.6, Avg: 7.6, Max: 7.6, Diff: 0.0, Sum: 15.2]
      [GC Worker End (ms): Min: 96685.3, Avg: 96685.3, Max: 96685.3, Diff: 0.0]
   [Code Root Fixup: 0.0 ms]
   [Code Root Migration: 0.0 ms]
   [Clear CT: 0.2 ms]
   [Other: 0.6 ms]
      [Choose CSet: 0.0 ms]
      [Ref Proc: 0.2 ms]
      [Ref Enq: 0.0 ms]
      [Free CSet: 0.2 ms]
   [Eden: 133.0M(133.0M)->0.0B(141.0M) Survivors: 18.0M->11.0M Heap: 210.6M(256.0M)->70.4M(256.0M)]
 [Times: user=0.00 sys=0.00, real=0.01 secs] 
2014-07-10T11:37:46.053+0200: 96.833: [GC pause (G1 Evacuation Pause) (young) 96.833: [G1Ergonomics (CSet Construction) start choosing CSet, _pending_cards: 512, predicted base time: 1.13 ms, remaining time: 198.87 ms, target pause time: 200.00 ms]
 96.833: [G1Ergonomics (CSet Construction) add young regions to CSet, eden: 141 regions, survivors: 11 regions, predicted young region time: 91.02 ms]
 96.833: [G1Ergonomics (CSet Construction) finish choosing CSet, eden: 141 regions, survivors: 11 regions, old: 0 regions, predicted pause time: 92.15 ms, target pause time: 200.00 ms]
, 0.0138002 secs]
   [Parallel Time: 13.2 ms, GC Workers: 2]
      [GC Worker Start (ms): Min: 96832.6, Avg: 96832.6, Max: 96832.6, Diff: 0.0]
      [Ext Root Scanning (ms): Min: 0.4, Avg: 0.4, Max: 0.4, Diff: 0.0, Sum: 0.7]
      [Update RS (ms): Min: 0.0, Avg: 0.0, Max: 0.0, Diff: 0.0, Sum: 0.1]
         [Processed Buffers: Min: 1, Avg: 1.5, Max: 2, Diff: 1, Sum: 3]
      [Scan RS (ms): Min: 0.3, Avg: 0.3, Max: 0.3, Diff: 0.0, Sum: 0.5]
      [Code Root Scanning (ms): Min: 0.1, Avg: 0.1, Max: 0.1, Diff: 0.0, Sum: 0.2]
      [Object Copy (ms): Min: 12.3, Avg: 12.3, Max: 12.3, Diff: 0.0, Sum: 24.6]
      [Termination (ms): Min: 0.0, Avg: 0.0, Max: 0.0, Diff: 0.0, Sum: 0.0]
      [GC Worker Other (ms): Min: 0.0, Avg: 0.0, Max: 0.0, Diff: 0.0, Sum: 0.1]
      [GC Worker Total (ms): Min: 13.1, Avg: 13.1, Max: 13.1, Diff: 0.0, Sum: 26.2]
      [GC Worker End (ms): Min: 96845.7, Avg: 96845.7, Max: 96845.7, Diff: 0.0]
   [Code Root Fixup: 0.0 ms]
   [Code Root Migration: 0.0 ms]
   [Clear CT: 0.1 ms]
   [Other: 0.5 ms]
      [Choose CSet: 0.0 ms]
      [Ref Proc: 0.1 ms]
      [Ref Enq: 0.0 ms]
      [Free CSet: 0.2 ms]
   [Eden: 141.0M(141.0M)->0.0B(131.0M) Survivors: 11.0M->19.0M Heap: 211.4M(256.0M)->79.4M(256.0M)]
 [Times: user=0.00 sys=0.00, real=0.01 secs] 
2014-07-10T11:37:46.219+0200: 96.999: [GC pause (G1 Evacuation Pause) (young) 96.999: [G1Ergonomics (CSet Construction) start choosing CSet, _pending_cards: 512, predicted base time: 1.08 ms, remaining time: 198.92 ms, target pause time: 200.00 ms]
 96.999: [G1Ergonomics (CSet Construction) add young regions to CSet, eden: 131 regions, survivors: 19 regions, predicted young region time: 17.06 ms]
 96.999: [G1Ergonomics (CSet Construction) finish choosing CSet, eden: 131 regions, survivors: 19 regions, old: 0 regions, predicted pause time: 18.13 ms, target pause time: 200.00 ms]
, 0.0128381 secs]
   [Parallel Time: 12.1 ms, GC Workers: 2]
      [GC Worker Start (ms): Min: 96999.2, Avg: 96999.2, Max: 96999.2, Diff: 0.0]
      [Ext Root Scanning (ms): Min: 0.3, Avg: 0.3, Max: 0.3, Diff: 0.0, Sum: 0.6]
      [Update RS (ms): Min: 0.0, Avg: 0.0, Max: 0.0, Diff: 0.0, Sum: 0.1]
         [Processed Buffers: Min: 1, Avg: 1.5, Max: 2, Diff: 1, Sum: 3]
      [Scan RS (ms): Min: 0.2, Avg: 0.2, Max: 0.2, Diff: 0.0, Sum: 0.4]
      [Code Root Scanning (ms): Min: 0.1, Avg: 0.1, Max: 0.1, Diff: 0.0, Sum: 0.2]
      [Object Copy (ms): Min: 11.2, Avg: 11.2, Max: 11.2, Diff: 0.0, Sum: 22.5]
      [Termination (ms): Min: 0.0, Avg: 0.0, Max: 0.0, Diff: 0.0, Sum: 0.0]
      [GC Worker Other (ms): Min: 0.0, Avg: 0.0, Max: 0.0, Diff: 0.0, Sum: 0.1]
      [GC Worker Total (ms): Min: 11.9, Avg: 11.9, Max: 11.9, Diff: 0.0, Sum: 23.8]
      [GC Worker End (ms): Min: 97011.1, Avg: 97011.1, Max: 97011.1, Diff: 0.0]
   [Code Root Fixup: 0.0 ms]
   [Code Root Migration: 0.0 ms]
   [Clear CT: 0.1 ms]
   [Other: 0.6 ms]
      [Choose CSet: 0.0 ms]
      [Ref Proc: 0.1 ms]
      [Ref Enq: 0.0 ms]
      [Free CSet: 0.3 ms]
   [Eden: 131.0M(131.0M)->0.0B(131.0M) Survivors: 19.0M->19.0M Heap: 210.4M(256.0M)->78.9M(256.0M)]
 [Times: user=0.03 sys=0.00, real=0.01 secs] 
2014-07-10T11:37:46.301+0200: 97.081: [GC pause (G1 Evacuation Pause) (young) 97.081: [G1Ergonomics (CSet Construction) start choosing CSet, _pending_cards: 256, predicted base time: 1.04 ms, remaining time: 198.96 ms, target pause time: 200.00 ms]
 97.081: [G1Ergonomics (CSet Construction) add young regions to CSet, eden: 131 regions, survivors: 19 regions, predicted young region time: 84.94 ms]
 97.081: [G1Ergonomics (CSet Construction) finish choosing CSet, eden: 131 regions, survivors: 19 regions, old: 0 regions, predicted pause time: 85.98 ms, target pause time: 200.00 ms]
, 0.0124935 secs]
   [Parallel Time: 11.8 ms, GC Workers: 2]
      [GC Worker Start (ms): Min: 97080.8, Avg: 97080.8, Max: 97080.9, Diff: 0.0]
      [Ext Root Scanning (ms): Min: 0.4, Avg: 0.4, Max: 0.4, Diff: 0.0, Sum: 0.7]
      [Update RS (ms): Min: 0.0, Avg: 0.0, Max: 0.0, Diff: 0.0, Sum: 0.1]
         [Processed Buffers: Min: 1, Avg: 1.0, Max: 1, Diff: 0, Sum: 2]
      [Scan RS (ms): Min: 0.2, Avg: 0.2, Max: 0.2, Diff: 0.0, Sum: 0.5]
      [Code Root Scanning (ms): Min: 0.1, Avg: 0.1, Max: 0.1, Diff: 0.0, Sum: 0.2]
      [Object Copy (ms): Min: 11.0, Avg: 11.0, Max: 11.0, Diff: 0.0, Sum: 22.0]
      [Termination (ms): Min: 0.0, Avg: 0.0, Max: 0.0, Diff: 0.0, Sum: 0.0]
      [GC Worker Other (ms): Min: 0.0, Avg: 0.0, Max: 0.0, Diff: 0.0, Sum: 0.1]
      [GC Worker Total (ms): Min: 11.7, Avg: 11.7, Max: 11.7, Diff: 0.0, Sum: 23.5]
      [GC Worker End (ms): Min: 97092.6, Avg: 97092.6, Max: 97092.6, Diff: 0.0]
   [Code Root Fixup: 0.0 ms]
   [Code Root Migration: 0.0 ms]
   [Clear CT: 0.1 ms]
   [Other: 0.6 ms]
      [Choose CSet: 0.0 ms]
      [Ref Proc: 0.2 ms]
      [Ref Enq: 0.0 ms]
      [Free CSet: 0.2 ms]
   [Eden: 131.0M(131.0M)->0.0B(132.0M) Survivors: 19.0M->18.0M Heap: 209.9M(256.0M)->77.8M(256.0M)]
 [Times: user=0.03 sys=0.00, real=0.01 secs] 
2014-07-10T11:37:46.442+0200: 97.222: [GC pause (G1 Evacuation Pause) (young) 97.222: [G1Ergonomics (CSet Construction) start choosing CSet, _pending_cards: 256, predicted base time: 1.02 ms, remaining time: 198.98 ms, target pause time: 200.00 ms]
 97.222: [G1Ergonomics (CSet Construction) add young regions to CSet, eden: 132 regions, survivors: 18 regions, predicted young region time: 85.39 ms]
 97.222: [G1Ergonomics (CSet Construction) finish choosing CSet, eden: 132 regions, survivors: 18 regions, old: 0 regions, predicted pause time: 86.41 ms, target pause time: 200.00 ms]
, 0.0129173 secs]
   [Parallel Time: 12.3 ms, GC Workers: 2]
      [GC Worker Start (ms): Min: 97221.8, Avg: 97221.8, Max: 97221.8, Diff: 0.0]
      [Ext Root Scanning (ms): Min: 0.4, Avg: 0.4, Max: 0.4, Diff: 0.0, Sum: 0.7]
      [Update RS (ms): Min: 0.0, Avg: 0.0, Max: 0.0, Diff: 0.0, Sum: 0.1]
         [Processed Buffers: Min: 1, Avg: 1.0, Max: 1, Diff: 0, Sum: 2]
      [Scan RS (ms): Min: 0.3, Avg: 0.4, Max: 0.4, Diff: 0.0, Sum: 0.7]
      [Code Root Scanning (ms): Min: 0.1, Avg: 0.1, Max: 0.1, Diff: 0.1, Sum: 0.2]
      [Object Copy (ms): Min: 11.3, Avg: 11.3, Max: 11.3, Diff: 0.0, Sum: 22.7]
      [Termination (ms): Min: 0.0, Avg: 0.0, Max: 0.0, Diff: 0.0, Sum: 0.0]
      [GC Worker Other (ms): Min: 0.0, Avg: 0.0, Max: 0.0, Diff: 0.0, Sum: 0.1]
      [GC Worker Total (ms): Min: 12.2, Avg: 12.2, Max: 12.2, Diff: 0.0, Sum: 24.4]
      [GC Worker End (ms): Min: 97234.0, Avg: 97234.0, Max: 97234.0, Diff: 0.0]
   [Code Root Fixup: 0.0 ms]
   [Code Root Migration: 0.0 ms]
   [Clear CT: 0.1 ms]
   [Other: 0.4 ms]
      [Choose CSet: 0.0 ms]
      [Ref Proc: 0.1 ms]
      [Ref Enq: 0.0 ms]
      [Free CSet: 0.2 ms]
   [Eden: 132.0M(132.0M)->0.0B(132.0M) Survivors: 18.0M->18.0M Heap: 209.8M(256.0M)->77.7M(256.0M)]
 [Times: user=0.03 sys=0.00, real=0.01 secs] 
2014-07-10T11:37:46.592+0200: 97.371: [GC pause (G1 Evacuation Pause) (young) 97.371: [G1Ergonomics (CSet Construction) start choosing CSet, _pending_cards: 259, predicted base time: 1.01 ms, remaining time: 198.99 ms, target pause time: 200.00 ms]
 97.371: [G1Ergonomics (CSet Construction) add young regions to CSet, eden: 132 regions, survivors: 18 regions, predicted young region time: 25.30 ms]
 97.371: [G1Ergonomics (CSet Construction) finish choosing CSet, eden: 132 regions, survivors: 18 regions, old: 0 regions, predicted pause time: 26.31 ms, target pause time: 200.00 ms]
, 0.0046158 secs]
   [Parallel Time: 3.9 ms, GC Workers: 2]
      [GC Worker Start (ms): Min: 97371.5, Avg: 97371.5, Max: 97371.5, Diff: 0.0]
      [Ext Root Scanning (ms): Min: 0.3, Avg: 0.3, Max: 0.3, Diff: 0.0, Sum: 0.6]
      [Update RS (ms): Min: 0.0, Avg: 0.0, Max: 0.0, Diff: 0.0, Sum: 0.1]
         [Processed Buffers: Min: 1, Avg: 1.5, Max: 2, Diff: 1, Sum: 3]
      [Scan RS (ms): Min: 0.2, Avg: 0.2, Max: 0.2, Diff: 0.0, Sum: 0.4]
      [Code Root Scanning (ms): Min: 0.1, Avg: 0.1, Max: 0.1, Diff: 0.0, Sum: 0.2]
      [Object Copy (ms): Min: 3.2, Avg: 3.2, Max: 3.2, Diff: 0.0, Sum: 6.4]
      [Termination (ms): Min: 0.0, Avg: 0.0, Max: 0.0, Diff: 0.0, Sum: 0.0]
      [GC Worker Other (ms): Min: 0.0, Avg: 0.0, Max: 0.0, Diff: 0.0, Sum: 0.1]
      [GC Worker Total (ms): Min: 3.9, Avg: 3.9, Max: 3.9, Diff: 0.0, Sum: 7.8]
      [GC Worker End (ms): Min: 97375.3, Avg: 97375.3, Max: 97375.3, Diff: 0.0]
   [Code Root Fixup: 0.0 ms]
   [Code Root Migration: 0.0 ms]
   [Clear CT: 0.2 ms]
   [Other: 0.5 ms]
      [Choose CSet: 0.0 ms]
      [Ref Proc: 0.1 ms]
      [Ref Enq: 0.0 ms]
      [Free CSet: 0.2 ms]
   [Eden: 132.0M(132.0M)->0.0B(146.0M) Survivors: 18.0M->6144.0K Heap: 209.7M(256.0M)->65.5M(256.0M)]
 [Times: user=0.00 sys=0.00, real=0.00 secs] 
2014-07-10T11:37:46.699+0200: 97.478: [GC pause (G1 Evacuation Pause) (young) 97.478: [G1Ergonomics (CSet Construction) start choosing CSet, _pending_cards: 512, predicted base time: 1.03 ms, remaining time: 198.97 ms, target pause time: 200.00 ms]
 97.478: [G1Ergonomics (CSet Construction) add young regions to CSet, eden: 146 regions, survivors: 6 regions, predicted young region time: 94.44 ms]
 97.478: [G1Ergonomics (CSet Construction) finish choosing CSet, eden: 146 regions, survivors: 6 regions, old: 0 regions, predicted pause time: 95.47 ms, target pause time: 200.00 ms]
, 0.0133327 secs]
   [Parallel Time: 12.6 ms, GC Workers: 2]
      [GC Worker Start (ms): Min: 97478.5, Avg: 97478.5, Max: 97478.5, Diff: 0.0]
      [Ext Root Scanning (ms): Min: 0.4, Avg: 0.4, Max: 0.4, Diff: 0.0, Sum: 0.9]
      [Update RS (ms): Min: 0.0, Avg: 0.0, Max: 0.0, Diff: 0.0, Sum: 0.1]
         [Processed Buffers: Min: 1, Avg: 1.5, Max: 2, Diff: 1, Sum: 3]
      [Scan RS (ms): Min: 0.2, Avg: 0.2, Max: 0.3, Diff: 0.1, Sum: 0.5]
      [Code Root Scanning (ms): Min: 0.1, Avg: 0.2, Max: 0.3, Diff: 0.1, Sum: 0.4]
      [Object Copy (ms): Min: 11.7, Avg: 11.7, Max: 11.7, Diff: 0.0, Sum: 23.3]
      [Termination (ms): Min: 0.0, Avg: 0.0, Max: 0.0, Diff: 0.0, Sum: 0.0]
      [GC Worker Other (ms): Min: 0.0, Avg: 0.0, Max: 0.0, Diff: 0.0, Sum: 0.1]
      [GC Worker Total (ms): Min: 12.6, Avg: 12.6, Max: 12.6, Diff: 0.0, Sum: 25.2]
      [GC Worker End (ms): Min: 97491.1, Avg: 97491.1, Max: 97491.1, Diff: 0.0]
   [Code Root Fixup: 0.0 ms]
   [Code Root Migration: 0.0 ms]
   [Clear CT: 0.1 ms]
   [Other: 0.5 ms]
      [Choose CSet: 0.0 ms]
      [Ref Proc: 0.2 ms]
      [Ref Enq: 0.0 ms]
      [Free CSet: 0.2 ms]
   [Eden: 146.0M(146.0M)->0.0B(131.0M) Survivors: 6144.0K->19.0M Heap: 211.5M(256.0M)->79.4M(256.0M)]
 [Times: user=0.02 sys=0.00, real=0.01 secs] 
2014-07-10T11:37:46.830+0200: 97.610: [GC pause (G1 Evacuation Pause) (young) 97.610: [G1Ergonomics (CSet Construction) start choosing CSet, _pending_cards: 512, predicted base time: 1.08 ms, remaining time: 198.92 ms, target pause time: 200.00 ms]
 97.610: [G1Ergonomics (CSet Construction) add young regions to CSet, eden: 131 regions, survivors: 19 regions, predicted young region time: 31.18 ms]
 97.610: [G1Ergonomics (CSet Construction) finish choosing CSet, eden: 131 regions, survivors: 19 regions, old: 0 regions, predicted pause time: 32.26 ms, target pause time: 200.00 ms]
, 0.0127633 secs]
   [Parallel Time: 11.9 ms, GC Workers: 2]
      [GC Worker Start (ms): Min: 97610.0, Avg: 97610.0, Max: 97610.0, Diff: 0.0]
      [Ext Root Scanning (ms): Min: 0.3, Avg: 0.3, Max: 0.3, Diff: 0.0, Sum: 0.6]
      [Update RS (ms): Min: 0.0, Avg: 0.0, Max: 0.0, Diff: 0.0, Sum: 0.1]
         [Processed Buffers: Min: 1, Avg: 1.5, Max: 2, Diff: 1, Sum: 3]
      [Scan RS (ms): Min: 0.2, Avg: 0.2, Max: 0.2, Diff: 0.0, Sum: 0.5]
      [Code Root Scanning (ms): Min: 0.1, Avg: 0.1, Max: 0.1, Diff: 0.0, Sum: 0.2]
      [Object Copy (ms): Min: 11.2, Avg: 11.2, Max: 11.2, Diff: 0.0, Sum: 22.4]
      [Termination (ms): Min: 0.0, Avg: 0.0, Max: 0.0, Diff: 0.0, Sum: 0.0]
      [GC Worker Other (ms): Min: 0.0, Avg: 0.0, Max: 0.0, Diff: 0.0, Sum: 0.1]
      [GC Worker Total (ms): Min: 11.9, Avg: 11.9, Max: 11.9, Diff: 0.0, Sum: 23.8]
      [GC Worker End (ms): Min: 97621.9, Avg: 97621.9, Max: 97621.9, Diff: 0.0]
   [Code Root Fixup: 0.0 ms]
   [Code Root Migration: 0.0 ms]
   [Clear CT: 0.1 ms]
   [Other: 0.7 ms]
      [Choose CSet: 0.0 ms]
      [Ref Proc: 0.4 ms]
      [Ref Enq: 0.0 ms]
      [Free CSet: 0.2 ms]
   [Eden: 131.0M(131.0M)->0.0B(133.0M) Survivors: 19.0M->18.0M Heap: 210.4M(256.0M)->78.2M(256.0M)]
 [Times: user=0.03 sys=0.00, real=0.01 secs] 
2014-07-10T11:37:46.993+0200: 97.773: [GC pause (G1 Evacuation Pause) (young) 97.773: [G1Ergonomics (CSet Construction) start choosing CSet, _pending_cards: 513, predicted base time: 1.09 ms, remaining time: 198.91 ms, target pause time: 200.00 ms]
 97.773: [G1Ergonomics (CSet Construction) add young regions to CSet, eden: 133 regions, survivors: 18 regions, predicted young region time: 84.78 ms]
 97.773: [G1Ergonomics (CSet Construction) finish choosing CSet, eden: 133 regions, survivors: 18 regions, old: 0 regions, predicted pause time: 85.87 ms, target pause time: 200.00 ms]
, 0.0096390 secs]
   [Parallel Time: 8.4 ms, GC Workers: 2]
      [GC Worker Start (ms): Min: 97773.4, Avg: 97773.4, Max: 97773.4, Diff: 0.0]
      [Ext Root Scanning (ms): Min: 0.7, Avg: 0.8, Max: 0.8, Diff: 0.1, Sum: 1.5]
      [Update RS (ms): Min: 0.1, Avg: 0.1, Max: 0.2, Diff: 0.0, Sum: 0.3]
         [Processed Buffers: Min: 1, Avg: 2.0, Max: 3, Diff: 2, Sum: 4]
      [Scan RS (ms): Min: 0.4, Avg: 0.4, Max: 0.4, Diff: 0.0, Sum: 0.8]
      [Code Root Scanning (ms): Min: 0.1, Avg: 0.1, Max: 0.2, Diff: 0.0, Sum: 0.3]
      [Object Copy (ms): Min: 6.8, Avg: 6.8, Max: 6.8, Diff: 0.0, Sum: 13.6]
      [Termination (ms): Min: 0.0, Avg: 0.0, Max: 0.0, Diff: 0.0, Sum: 0.0]
      [GC Worker Other (ms): Min: 0.1, Avg: 0.1, Max: 0.1, Diff: 0.0, Sum: 0.1]
      [GC Worker Total (ms): Min: 8.3, Avg: 8.3, Max: 8.3, Diff: 0.0, Sum: 16.6]
      [GC Worker End (ms): Min: 97781.7, Avg: 97781.7, Max: 97781.7, Diff: 0.0]
   [Code Root Fixup: 0.0 ms]
   [Code Root Migration: 0.1 ms]
   [Clear CT: 0.2 ms]
   [Other: 0.9 ms]
      [Choose CSet: 0.1 ms]
      [Ref Proc: 0.1 ms]
      [Ref Enq: 0.0 ms]
      [Free CSet: 0.5 ms]
   [Eden: 133.0M(133.0M)->0.0B(146.0M) Survivors: 18.0M->7168.0K Heap: 211.2M(256.0M)->67.0M(256.0M)]
 [Times: user=0.00 sys=0.02, real=0.01 secs] 
2014-07-10T11:37:47.100+0200: 97.880: [GC pause (G1 Evacuation Pause) (young) 97.880: [G1Ergonomics (CSet Construction) start choosing CSet, _pending_cards: 512, predicted base time: 1.41 ms, remaining time: 198.59 ms, target pause time: 200.00 ms]
 97.880: [G1Ergonomics (CSet Construction) add young regions to CSet, eden: 146 regions, survivors: 7 regions, predicted young region time: 120.65 ms]
 97.880: [G1Ergonomics (CSet Construction) finish choosing CSet, eden: 146 regions, survivors: 7 regions, old: 0 regions, predicted pause time: 122.06 ms, target pause time: 200.00 ms]
, 0.0136726 secs]
   [Parallel Time: 13.0 ms, GC Workers: 2]
      [GC Worker Start (ms): Min: 97880.0, Avg: 97880.0, Max: 97880.1, Diff: 0.0]
      [Ext Root Scanning (ms): Min: 0.3, Avg: 0.3, Max: 0.3, Diff: 0.0, Sum: 0.6]
      [Update RS (ms): Min: 0.0, Avg: 0.0, Max: 0.0, Diff: 0.0, Sum: 0.1]
         [Processed Buffers: Min: 1, Avg: 1.5, Max: 2, Diff: 1, Sum: 3]
      [Scan RS (ms): Min: 0.2, Avg: 0.2, Max: 0.2, Diff: 0.0, Sum: 0.4]
      [Code Root Scanning (ms): Min: 0.1, Avg: 0.1, Max: 0.1, Diff: 0.0, Sum: 0.2]
      [Object Copy (ms): Min: 12.3, Avg: 12.3, Max: 12.3, Diff: 0.0, Sum: 24.6]
      [Termination (ms): Min: 0.0, Avg: 0.0, Max: 0.0, Diff: 0.0, Sum: 0.0]
      [GC Worker Other (ms): Min: 0.0, Avg: 0.0, Max: 0.0, Diff: 0.0, Sum: 0.0]
      [GC Worker Total (ms): Min: 13.0, Avg: 13.0, Max: 13.0, Diff: 0.0, Sum: 26.0]
      [GC Worker End (ms): Min: 97893.0, Avg: 97893.0, Max: 97893.0, Diff: 0.0]
   [Code Root Fixup: 0.0 ms]
   [Code Root Migration: 0.0 ms]
   [Clear CT: 0.1 ms]
   [Other: 0.5 ms]
      [Choose CSet: 0.0 ms]
      [Ref Proc: 0.1 ms]
      [Ref Enq: 0.0 ms]
      [Free CSet: 0.2 ms]
   [Eden: 146.0M(146.0M)->0.0B(129.0M) Survivors: 7168.0K->20.0M Heap: 213.0M(256.0M)->80.9M(256.0M)]
 [Times: user=0.00 sys=0.02, real=0.01 secs] 
2014-07-10T11:37:47.247+0200: 98.027: [GC pause (G1 Evacuation Pause) (young) 98.027: [G1Ergonomics (CSet Construction) start choosing CSet, _pending_cards: 512, predicted base time: 1.29 ms, remaining time: 198.71 ms, target pause time: 200.00 ms]
 98.027: [G1Ergonomics (CSet Construction) add young regions to CSet, eden: 129 regions, survivors: 20 regions, predicted young region time: 99.66 ms]
 98.027: [G1Ergonomics (CSet Construction) finish choosing CSet, eden: 129 regions, survivors: 20 regions, old: 0 regions, predicted pause time: 100.96 ms, target pause time: 200.00 ms]
, 0.0127817 secs]
   [Parallel Time: 12.0 ms, GC Workers: 2]
      [GC Worker Start (ms): Min: 98027.1, Avg: 98027.1, Max: 98027.1, Diff: 0.0]
      [Ext Root Scanning (ms): Min: 0.3, Avg: 0.4, Max: 0.4, Diff: 0.0, Sum: 0.7]
      [Update RS (ms): Min: 0.0, Avg: 0.0, Max: 0.0, Diff: 0.0, Sum: 0.1]
         [Processed Buffers: Min: 1, Avg: 1.5, Max: 2, Diff: 1, Sum: 3]
      [Scan RS (ms): Min: 0.2, Avg: 0.2, Max: 0.2, Diff: 0.0, Sum: 0.5]
      [Code Root Scanning (ms): Min: 0.1, Avg: 0.1, Max: 0.1, Diff: 0.0, Sum: 0.2]
      [Object Copy (ms): Min: 11.2, Avg: 11.2, Max: 11.2, Diff: 0.0, Sum: 22.4]
      [Termination (ms): Min: 0.0, Avg: 0.0, Max: 0.0, Diff: 0.0, Sum: 0.0]
      [GC Worker Other (ms): Min: 0.0, Avg: 0.0, Max: 0.0, Diff: 0.0, Sum: 0.1]
      [GC Worker Total (ms): Min: 12.0, Avg: 12.0, Max: 12.0, Diff: 0.0, Sum: 23.9]
      [GC Worker End (ms): Min: 98039.1, Avg: 98039.1, Max: 98039.1, Diff: 0.0]
   [Code Root Fixup: 0.0 ms]
   [Code Root Migration: 0.0 ms]
   [Clear CT: 0.1 ms]
   [Other: 0.6 ms]
      [Choose CSet: 0.0 ms]
      [Ref Proc: 0.2 ms]
      [Ref Enq: 0.0 ms]
      [Free CSet: 0.3 ms]
   [Eden: 129.0M(129.0M)->0.0B(133.0M) Survivors: 20.0M->18.0M Heap: 209.9M(256.0M)->78.2M(256.0M)]
 [Times: user=0.03 sys=0.00, real=0.02 secs] 
2014-07-10T11:37:47.403+0200: 98.183: [GC pause (G1 Evacuation Pause) (young) 98.183: [G1Ergonomics (CSet Construction) start choosing CSet, _pending_cards: 512, predicted base time: 1.22 ms, remaining time: 198.78 ms, target pause time: 200.00 ms]
 98.183: [G1Ergonomics (CSet Construction) add young regions to CSet, eden: 133 regions, survivors: 18 regions, predicted young region time: 99.12 ms]
 98.183: [G1Ergonomics (CSet Construction) finish choosing CSet, eden: 133 regions, survivors: 18 regions, old: 0 regions, predicted pause time: 100.34 ms, target pause time: 200.00 ms]
, 0.0215968 secs]
   [Parallel Time: 20.2 ms, GC Workers: 2]
      [GC Worker Start (ms): Min: 98183.4, Avg: 98183.4, Max: 98183.4, Diff: 0.0]
      [Ext Root Scanning (ms): Min: 0.6, Avg: 0.6, Max: 0.6, Diff: 0.0, Sum: 1.1]
      [Update RS (ms): Min: 0.1, Avg: 0.1, Max: 0.1, Diff: 0.1, Sum: 0.2]
         [Processed Buffers: Min: 1, Avg: 1.5, Max: 2, Diff: 1, Sum: 3]
      [Scan RS (ms): Min: 0.4, Avg: 0.4, Max: 0.4, Diff: 0.0, Sum: 0.8]
      [Code Root Scanning (ms): Min: 0.1, Avg: 0.1, Max: 0.2, Diff: 0.0, Sum: 0.3]
      [Object Copy (ms): Min: 18.8, Avg: 18.9, Max: 18.9, Diff: 0.1, Sum: 37.7]
      [Termination (ms): Min: 0.0, Avg: 0.0, Max: 0.0, Diff: 0.0, Sum: 0.0]
      [GC Worker Other (ms): Min: 0.0, Avg: 0.0, Max: 0.0, Diff: 0.0, Sum: 0.1]
      [GC Worker Total (ms): Min: 20.1, Avg: 20.1, Max: 20.2, Diff: 0.0, Sum: 40.3]
      [GC Worker End (ms): Min: 98203.5, Avg: 98203.5, Max: 98203.5, Diff: 0.0]
   [Code Root Fixup: 0.0 ms]
   [Code Root Migration: 0.1 ms]
   [Clear CT: 0.2 ms]
   [Other: 1.1 ms]
      [Choose CSet: 0.1 ms]
      [Ref Proc: 0.2 ms]
      [Ref Enq: 0.0 ms]
      [Free CSet: 0.5 ms]
   [Eden: 133.0M(133.0M)->0.0B(131.0M) Survivors: 18.0M->19.0M Heap: 211.2M(256.0M)->79.1M(256.0M)]
 [Times: user=0.03 sys=0.02, real=0.02 secs] 
2014-07-10T11:37:47.501+0200: 98.280: [GC pause (G1 Evacuation Pause) (young) 98.280: [G1Ergonomics (CSet Construction) start choosing CSet, _pending_cards: 260, predicted base time: 1.36 ms, remaining time: 198.64 ms, target pause time: 200.00 ms]
 98.280: [G1Ergonomics (CSet Construction) add young regions to CSet, eden: 131 regions, survivors: 19 regions, predicted young region time: 113.57 ms]
 98.280: [G1Ergonomics (CSet Construction) finish choosing CSet, eden: 131 regions, survivors: 19 regions, old: 0 regions, predicted pause time: 114.93 ms, target pause time: 200.00 ms]
, 0.0031772 secs]
   [Parallel Time: 2.6 ms, GC Workers: 2]
      [GC Worker Start (ms): Min: 98280.5, Avg: 98280.5, Max: 98280.5, Diff: 0.0]
      [Ext Root Scanning (ms): Min: 0.3, Avg: 0.3, Max: 0.3, Diff: 0.0, Sum: 0.6]
      [Update RS (ms): Min: 0.0, Avg: 0.0, Max: 0.0, Diff: 0.0, Sum: 0.1]
         [Processed Buffers: Min: 1, Avg: 1.5, Max: 2, Diff: 1, Sum: 3]
      [Scan RS (ms): Min: 0.2, Avg: 0.2, Max: 0.2, Diff: 0.0, Sum: 0.5]
      [Code Root Scanning (ms): Min: 0.1, Avg: 0.1, Max: 0.1, Diff: 0.0, Sum: 0.2]
      [Object Copy (ms): Min: 1.9, Avg: 1.9, Max: 1.9, Diff: 0.0, Sum: 3.9]
      [Termination (ms): Min: 0.0, Avg: 0.0, Max: 0.0, Diff: 0.0, Sum: 0.0]
      [GC Worker Other (ms): Min: 0.0, Avg: 0.0, Max: 0.0, Diff: 0.0, Sum: 0.1]
      [GC Worker Total (ms): Min: 2.6, Avg: 2.6, Max: 2.6, Diff: 0.0, Sum: 5.2]
      [GC Worker End (ms): Min: 98283.1, Avg: 98283.1, Max: 98283.1, Diff: 0.0]
   [Code Root Fixup: 0.0 ms]
   [Code Root Migration: 0.0 ms]
   [Clear CT: 0.1 ms]
   [Other: 0.4 ms]
      [Choose CSet: 0.0 ms]
      [Ref Proc: 0.0 ms]
      [Ref Enq: 0.0 ms]
      [Free CSet: 0.2 ms]
   [Eden: 131.0M(131.0M)->0.0B(149.0M) Survivors: 19.0M->4096.0K Heap: 210.1M(256.0M)->64.9M(256.0M)]
 [Times: user=0.03 sys=0.00, real=0.00 secs] 
2014-07-10T11:37:47.639+0200: 98.418: [GC pause (G1 Evacuation Pause) (young) 98.418: [G1Ergonomics (CSet Construction) start choosing CSet, _pending_cards: 512, predicted base time: 1.27 ms, remaining time: 198.73 ms, target pause time: 200.00 ms]
 98.418: [G1Ergonomics (CSet Construction) add young regions to CSet, eden: 149 regions, survivors: 4 regions, predicted young region time: 116.80 ms]
 98.418: [G1Ergonomics (CSet Construction) finish choosing CSet, eden: 149 regions, survivors: 4 regions, old: 0 regions, predicted pause time: 118.07 ms, target pause time: 200.00 ms]
, 0.0149965 secs]
   [Parallel Time: 14.2 ms, GC Workers: 2]
      [GC Worker Start (ms): Min: 98418.5, Avg: 98418.5, Max: 98418.5, Diff: 0.0]
      [Ext Root Scanning (ms): Min: 0.3, Avg: 0.3, Max: 0.3, Diff: 0.0, Sum: 0.7]
      [Update RS (ms): Min: 0.0, Avg: 0.2, Max: 0.3, Diff: 0.3, Sum: 0.4]
         [Processed Buffers: Min: 1, Avg: 1.5, Max: 2, Diff: 1, Sum: 3]
      [Scan RS (ms): Min: 0.2, Avg: 0.3, Max: 0.4, Diff: 0.2, Sum: 0.6]
      [Code Root Scanning (ms): Min: 0.1, Avg: 0.2, Max: 0.2, Diff: 0.1, Sum: 0.3]
      [Object Copy (ms): Min: 13.2, Avg: 13.2, Max: 13.2, Diff: 0.0, Sum: 26.4]
      [Termination (ms): Min: 0.0, Avg: 0.0, Max: 0.0, Diff: 0.0, Sum: 0.0]
      [GC Worker Other (ms): Min: 0.0, Avg: 0.0, Max: 0.0, Diff: 0.0, Sum: 0.1]
      [GC Worker Total (ms): Min: 14.2, Avg: 14.2, Max: 14.2, Diff: 0.0, Sum: 28.4]
      [GC Worker End (ms): Min: 98432.7, Avg: 98432.7, Max: 98432.7, Diff: 0.0]
   [Code Root Fixup: 0.0 ms]
   [Code Root Migration: 0.0 ms]
   [Clear CT: 0.1 ms]
   [Other: 0.6 ms]
      [Choose CSet: 0.0 ms]
      [Ref Proc: 0.2 ms]
      [Ref Enq: 0.0 ms]
      [Free CSet: 0.2 ms]
   [Eden: 149.0M(149.0M)->0.0B(128.0M) Survivors: 4096.0K->20.0M Heap: 213.9M(256.0M)->81.8M(256.0M)]
 [Times: user=0.02 sys=0.00, real=0.02 secs] 
2014-07-10T11:37:47.803+0200: 98.583: [GC pause (G1 Evacuation Pause) (young) 98.583: [G1Ergonomics (CSet Construction) start choosing CSet, _pending_cards: 512, predicted base time: 1.27 ms, remaining time: 198.73 ms, target pause time: 200.00 ms]
 98.583: [G1Ergonomics (CSet Construction) add young regions to CSet, eden: 128 regions, survivors: 20 regions, predicted young region time: 25.89 ms]
 98.583: [G1Ergonomics (CSet Construction) finish choosing CSet, eden: 128 regions, survivors: 20 regions, old: 0 regions, predicted pause time: 27.16 ms, target pause time: 200.00 ms]
, 0.0202113 secs]
   [Parallel Time: 18.4 ms, GC Workers: 2]
      [GC Worker Start (ms): Min: 98583.5, Avg: 98583.6, Max: 98583.7, Diff: 0.1]
      [Ext Root Scanning (ms): Min: 0.5, Avg: 0.6, Max: 0.7, Diff: 0.1, Sum: 1.2]
      [Update RS (ms): Min: 0.0, Avg: 0.1, Max: 0.1, Diff: 0.1, Sum: 0.1]
         [Processed Buffers: Min: 1, Avg: 1.5, Max: 2, Diff: 1, Sum: 3]
      [Scan RS (ms): Min: 0.4, Avg: 0.4, Max: 0.4, Diff: 0.0, Sum: 0.8]
      [Code Root Scanning (ms): Min: 0.1, Avg: 0.1, Max: 0.1, Diff: 0.0, Sum: 0.3]
      [Object Copy (ms): Min: 17.0, Avg: 17.0, Max: 17.1, Diff: 0.0, Sum: 34.1]
      [Termination (ms): Min: 0.0, Avg: 0.0, Max: 0.0, Diff: 0.0, Sum: 0.0]
      [GC Worker Other (ms): Min: 0.1, Avg: 0.1, Max: 0.1, Diff: 0.0, Sum: 0.1]
      [GC Worker Total (ms): Min: 18.2, Avg: 18.3, Max: 18.4, Diff: 0.1, Sum: 36.6]
      [GC Worker End (ms): Min: 98601.9, Avg: 98601.9, Max: 98601.9, Diff: 0.0]
   [Code Root Fixup: 0.0 ms]
   [Code Root Migration: 0.1 ms]
   [Clear CT: 0.3 ms]
   [Other: 1.3 ms]
      [Choose CSet: 0.4 ms]
      [Ref Proc: 0.1 ms]
      [Ref Enq: 0.0 ms]
      [Free CSet: 0.5 ms]
   [Eden: 128.0M(128.0M)->0.0B(133.0M) Survivors: 20.0M->17.0M Heap: 209.8M(256.0M)->78.4M(256.0M)]
 [Times: user=0.03 sys=0.00, real=0.02 secs] 
2014-07-10T11:37:47.900+0200: 98.680: [GC pause (G1 Evacuation Pause) (young) 98.680: [G1Ergonomics (CSet Construction) start choosing CSet, _pending_cards: 512, predicted base time: 1.50 ms, remaining time: 198.50 ms, target pause time: 200.00 ms]
 98.680: [G1Ergonomics (CSet Construction) add young regions to CSet, eden: 133 regions, survivors: 17 regions, predicted young region time: 115.15 ms]
 98.680: [G1Ergonomics (CSet Construction) finish choosing CSet, eden: 133 regions, survivors: 17 regions, old: 0 regions, predicted pause time: 116.64 ms, target pause time: 200.00 ms]
, 0.0122141 secs]
   [Parallel Time: 11.6 ms, GC Workers: 2]
      [GC Worker Start (ms): Min: 98679.8, Avg: 98679.8, Max: 98679.8, Diff: 0.0]
      [Ext Root Scanning (ms): Min: 0.3, Avg: 0.3, Max: 0.3, Diff: 0.0, Sum: 0.7]
      [Update RS (ms): Min: 0.0, Avg: 0.1, Max: 0.1, Diff: 0.1, Sum: 0.1]
         [Processed Buffers: Min: 1, Avg: 1.5, Max: 2, Diff: 1, Sum: 3]
      [Scan RS (ms): Min: 0.2, Avg: 0.3, Max: 0.3, Diff: 0.0, Sum: 0.5]
      [Code Root Scanning (ms): Min: 0.1, Avg: 0.1, Max: 0.1, Diff: 0.0, Sum: 0.2]
      [Object Copy (ms): Min: 10.8, Avg: 10.8, Max: 10.8, Diff: 0.0, Sum: 21.5]
      [Termination (ms): Min: 0.0, Avg: 0.0, Max: 0.0, Diff: 0.0, Sum: 0.0]
      [GC Worker Other (ms): Min: 0.0, Avg: 0.0, Max: 0.0, Diff: 0.0, Sum: 0.1]
      [GC Worker Total (ms): Min: 11.6, Avg: 11.6, Max: 11.6, Diff: 0.0, Sum: 23.1]
      [GC Worker End (ms): Min: 98691.3, Avg: 98691.3, Max: 98691.3, Diff: 0.0]
   [Code Root Fixup: 0.0 ms]
   [Code Root Migration: 0.0 ms]
   [Clear CT: 0.1 ms]
   [Other: 0.5 ms]
      [Choose CSet: 0.0 ms]
      [Ref Proc: 0.2 ms]
      [Ref Enq: 0.0 ms]
      [Free CSet: 0.2 ms]
   [Eden: 133.0M(133.0M)->0.0B(131.0M) Survivors: 17.0M->18.0M Heap: 211.4M(256.0M)->79.3M(256.0M)]
 [Times: user=0.03 sys=0.00, real=0.01 secs] 
2014-07-10T11:37:48.050+0200: 98.829: [GC pause (G1 Evacuation Pause) (young) 98.829: [G1Ergonomics (CSet Construction) start choosing CSet, _pending_cards: 257, predicted base time: 1.32 ms, remaining time: 198.68 ms, target pause time: 200.00 ms]
 98.829: [G1Ergonomics (CSet Construction) add young regions to CSet, eden: 131 regions, survivors: 18 regions, predicted young region time: 42.53 ms]
 98.829: [G1Ergonomics (CSet Construction) finish choosing CSet, eden: 131 regions, survivors: 18 regions, old: 0 regions, predicted pause time: 43.85 ms, target pause time: 200.00 ms]
 98.836: [G1Ergonomics (Heap Sizing) attempt heap expansion, reason: recent GC overhead higher than threshold after GC, recent GC overhead: 10.16 %, threshold: 10.00 %, uncommitted: 0 bytes, calculated expansion amount: 0 bytes (20.00 %)]
, 0.0068284 secs]
   [Parallel Time: 6.1 ms, GC Workers: 2]
      [GC Worker Start (ms): Min: 98829.4, Avg: 98829.5, Max: 98829.5, Diff: 0.0]
      [Ext Root Scanning (ms): Min: 0.3, Avg: 0.3, Max: 0.3, Diff: 0.0, Sum: 0.7]
      [Update RS (ms): Min: 0.0, Avg: 0.0, Max: 0.0, Diff: 0.0, Sum: 0.1]
         [Processed Buffers: Min: 1, Avg: 1.5, Max: 2, Diff: 1, Sum: 3]
      [Scan RS (ms): Min: 0.2, Avg: 0.2, Max: 0.3, Diff: 0.0, Sum: 0.5]
      [Code Root Scanning (ms): Min: 0.1, Avg: 0.1, Max: 0.1, Diff: 0.0, Sum: 0.2]
      [Object Copy (ms): Min: 5.3, Avg: 5.3, Max: 5.3, Diff: 0.0, Sum: 10.6]
      [Termination (ms): Min: 0.0, Avg: 0.0, Max: 0.0, Diff: 0.0, Sum: 0.0]
      [GC Worker Other (ms): Min: 0.0, Avg: 0.0, Max: 0.0, Diff: 0.0, Sum: 0.1]
      [GC Worker Total (ms): Min: 6.0, Avg: 6.0, Max: 6.1, Diff: 0.0, Sum: 12.1]
      [GC Worker End (ms): Min: 98835.5, Avg: 98835.5, Max: 98835.5, Diff: 0.0]
   [Code Root Fixup: 0.0 ms]
   [Code Root Migration: 0.1 ms]
   [Clear CT: 0.1 ms]
   [Other: 0.5 ms]
      [Choose CSet: 0.0 ms]
      [Ref Proc: 0.1 ms]
      [Ref Enq: 0.0 ms]
      [Free CSet: 0.3 ms]
   [Eden: 131.0M(131.0M)->0.0B(142.0M) Survivors: 18.0M->9216.0K Heap: 210.3M(256.0M)->70.1M(256.0M)]
 [Times: user=0.00 sys=0.00, real=0.01 secs] 
2014-07-10T11:37:48.199+0200: 98.979: [GC pause (G1 Evacuation Pause) (young) 98.979: [G1Ergonomics (CSet Construction) start choosing CSet, _pending_cards: 512, predicted base time: 1.28 ms, remaining time: 198.72 ms, target pause time: 200.00 ms]
 98.979: [G1Ergonomics (CSet Construction) add young regions to CSet, eden: 142 regions, survivors: 9 regions, predicted young region time: 108.26 ms]
 98.979: [G1Ergonomics (CSet Construction) finish choosing CSet, eden: 142 regions, survivors: 9 regions, old: 0 regions, predicted pause time: 109.54 ms, target pause time: 200.00 ms]
, 0.0134020 secs]
   [Parallel Time: 12.6 ms, GC Workers: 2]
      [GC Worker Start (ms): Min: 98979.2, Avg: 98979.6, Max: 98980.0, Diff: 0.8]
      [Ext Root Scanning (ms): Min: 0.0, Avg: 0.3, Max: 0.5, Diff: 0.5, Sum: 0.5]
      [Update RS (ms): Min: 0.0, Avg: 0.0, Max: 0.1, Diff: 0.1, Sum: 0.1]
         [Processed Buffers: Min: 0, Avg: 1.5, Max: 3, Diff: 3, Sum: 3]
      [Scan RS (ms): Min: 0.2, Avg: 0.3, Max: 0.3, Diff: 0.1, Sum: 0.5]
      [Code Root Scanning (ms): Min: 0.1, Avg: 0.1, Max: 0.1, Diff: 0.1, Sum: 0.2]
      [Object Copy (ms): Min: 11.4, Avg: 11.5, Max: 11.5, Diff: 0.0, Sum: 22.9]
      [Termination (ms): Min: 0.0, Avg: 0.0, Max: 0.0, Diff: 0.0, Sum: 0.0]
      [GC Worker Other (ms): Min: 0.0, Avg: 0.0, Max: 0.0, Diff: 0.0, Sum: 0.1]
      [GC Worker Total (ms): Min: 11.8, Avg: 12.2, Max: 12.5, Diff: 0.8, Sum: 24.3]
      [GC Worker End (ms): Min: 98991.8, Avg: 98991.8, Max: 98991.8, Diff: 0.0]
   [Code Root Fixup: 0.0 ms]
   [Code Root Migration: 0.1 ms]
   [Clear CT: 0.1 ms]
   [Other: 0.6 ms]
      [Choose CSet: 0.0 ms]
      [Ref Proc: 0.1 ms]
      [Ref Enq: 0.0 ms]
      [Free CSet: 0.3 ms]
   [Eden: 142.0M(142.0M)->0.0B(130.0M) Survivors: 9216.0K->19.0M Heap: 212.1M(256.0M)->80.1M(256.0M)]
 [Times: user=0.03 sys=0.00, real=0.01 secs] 
2014-07-10T11:37:48.304+0200: 99.083: [GC pause (G1 Evacuation Pause) (young) 99.083: [G1Ergonomics (CSet Construction) start choosing CSet, _pending_cards: 256, predicted base time: 1.26 ms, remaining time: 198.74 ms, target pause time: 200.00 ms]
 99.083: [G1Ergonomics (CSet Construction) add young regions to CSet, eden: 130 regions, survivors: 19 regions, predicted young region time: 95.07 ms]
 99.083: [G1Ergonomics (CSet Construction) finish choosing CSet, eden: 130 regions, survivors: 19 regions, old: 0 regions, predicted pause time: 96.33 ms, target pause time: 200.00 ms]
, 0.0127769 secs]
   [Parallel Time: 12.2 ms, GC Workers: 2]
      [GC Worker Start (ms): Min: 99083.4, Avg: 99083.4, Max: 99083.4, Diff: 0.0]
      [Ext Root Scanning (ms): Min: 0.3, Avg: 0.3, Max: 0.3, Diff: 0.0, Sum: 0.6]
      [Update RS (ms): Min: 0.0, Avg: 0.0, Max: 0.0, Diff: 0.0, Sum: 0.1]
         [Processed Buffers: Min: 1, Avg: 1.0, Max: 1, Diff: 0, Sum: 2]
      [Scan RS (ms): Min: 0.2, Avg: 0.2, Max: 0.2, Diff: 0.0, Sum: 0.4]
      [Code Root Scanning (ms): Min: 0.1, Avg: 0.1, Max: 0.1, Diff: 0.0, Sum: 0.2]
      [Object Copy (ms): Min: 10.6, Avg: 11.0, Max: 11.4, Diff: 0.9, Sum: 22.0]
      [Termination (ms): Min: 0.0, Avg: 0.4, Max: 0.9, Diff: 0.9, Sum: 0.9]
      [GC Worker Other (ms): Min: 0.0, Avg: 0.0, Max: 0.0, Diff: 0.0, Sum: 0.1]
      [GC Worker Total (ms): Min: 12.1, Avg: 12.1, Max: 12.1, Diff: 0.0, Sum: 24.2]
      [GC Worker End (ms): Min: 99095.5, Avg: 99095.5, Max: 99095.5, Diff: 0.0]
   [Code Root Fixup: 0.0 ms]
   [Code Root Migration: 0.0 ms]
   [Clear CT: 0.1 ms]
   [Other: 0.5 ms]
      [Choose CSet: 0.0 ms]
      [Ref Proc: 0.1 ms]
      [Ref Enq: 0.0 ms]
      [Free CSet: 0.2 ms]
   [Eden: 130.0M(130.0M)->0.0B(133.0M) Survivors: 19.0M->17.0M Heap: 210.1M(256.0M)->77.9M(256.0M)]
 [Times: user=0.02 sys=0.00, real=0.01 secs] 
2014-07-10T11:37:48.433+0200: 99.213: [GC pause (G1 Evacuation Pause) (young) 99.213: [G1Ergonomics (CSet Construction) start choosing CSet, _pending_cards: 257, predicted base time: 1.16 ms, remaining time: 198.84 ms, target pause time: 200.00 ms]
 99.213: [G1Ergonomics (CSet Construction) add young regions to CSet, eden: 133 regions, survivors: 17 regions, predicted young region time: 95.47 ms]
 99.213: [G1Ergonomics (CSet Construction) finish choosing CSet, eden: 133 regions, survivors: 17 regions, old: 0 regions, predicted pause time: 96.62 ms, target pause time: 200.00 ms]
, 0.0043507 secs]
   [Parallel Time: 3.8 ms, GC Workers: 2]
      [GC Worker Start (ms): Min: 99212.8, Avg: 99212.8, Max: 99212.8, Diff: 0.0]
      [Ext Root Scanning (ms): Min: 0.3, Avg: 0.3, Max: 0.3, Diff: 0.0, Sum: 0.6]
      [Update RS (ms): Min: 0.0, Avg: 0.0, Max: 0.1, Diff: 0.0, Sum: 0.1]
         [Processed Buffers: Min: 1, Avg: 1.5, Max: 2, Diff: 1, Sum: 3]
      [Scan RS (ms): Min: 0.2, Avg: 0.2, Max: 0.2, Diff: 0.0, Sum: 0.5]
      [Code Root Scanning (ms): Min: 0.1, Avg: 0.1, Max: 0.1, Diff: 0.0, Sum: 0.2]
      [Object Copy (ms): Min: 3.0, Avg: 3.0, Max: 3.1, Diff: 0.0, Sum: 6.1]
      [Termination (ms): Min: 0.0, Avg: 0.0, Max: 0.0, Diff: 0.0, Sum: 0.0]
      [GC Worker Other (ms): Min: 0.0, Avg: 0.0, Max: 0.0, Diff: 0.0, Sum: 0.1]
      [GC Worker Total (ms): Min: 3.8, Avg: 3.8, Max: 3.8, Diff: 0.0, Sum: 7.6]
      [GC Worker End (ms): Min: 99216.6, Avg: 99216.6, Max: 99216.6, Diff: 0.0]
   [Code Root Fixup: 0.0 ms]
   [Code Root Migration: 0.0 ms]
   [Clear CT: 0.1 ms]
   [Other: 0.4 ms]
      [Choose CSet: 0.0 ms]
      [Ref Proc: 0.0 ms]
      [Ref Enq: 0.0 ms]
      [Free CSet: 0.2 ms]
   [Eden: 133.0M(133.0M)->0.0B(148.0M) Survivors: 17.0M->5120.0K Heap: 210.9M(256.0M)->66.7M(256.0M)]
 [Times: user=0.00 sys=0.00, real=0.00 secs] 
2014-07-10T11:37:48.598+0200: 99.378: [GC pause (G1 Evacuation Pause) (young) 99.378: [G1Ergonomics (CSet Construction) start choosing CSet, _pending_cards: 513, predicted base time: 1.12 ms, remaining time: 198.88 ms, target pause time: 200.00 ms]
 99.378: [G1Ergonomics (CSet Construction) add young regions to CSet, eden: 148 regions, survivors: 5 regions, predicted young region time: 103.08 ms]
 99.378: [G1Ergonomics (CSet Construction) finish choosing CSet, eden: 148 regions, survivors: 5 regions, old: 0 regions, predicted pause time: 104.21 ms, target pause time: 200.00 ms]
, 0.0112767 secs]
   [Parallel Time: 10.6 ms, GC Workers: 2]
      [GC Worker Start (ms): Min: 99378.4, Avg: 99378.4, Max: 99378.4, Diff: 0.0]
      [Ext Root Scanning (ms): Min: 0.3, Avg: 0.3, Max: 0.3, Diff: 0.0, Sum: 0.5]
      [Update RS (ms): Min: 0.0, Avg: 0.0, Max: 0.0, Diff: 0.0, Sum: 0.1]
         [Processed Buffers: Min: 2, Avg: 2.0, Max: 2, Diff: 0, Sum: 4]
      [Scan RS (ms): Min: 0.2, Avg: 0.2, Max: 0.2, Diff: 0.0, Sum: 0.4]
      [Code Root Scanning (ms): Min: 0.1, Avg: 0.1, Max: 0.1, Diff: 0.0, Sum: 0.2]
      [Object Copy (ms): Min: 9.9, Avg: 9.9, Max: 9.9, Diff: 0.0, Sum: 19.9]
      [Termination (ms): Min: 0.0, Avg: 0.0, Max: 0.0, Diff: 0.0, Sum: 0.0]
      [GC Worker Other (ms): Min: 0.0, Avg: 0.0, Max: 0.0, Diff: 0.0, Sum: 0.1]
      [GC Worker Total (ms): Min: 10.6, Avg: 10.6, Max: 10.6, Diff: 0.0, Sum: 21.1]
      [GC Worker End (ms): Min: 99389.0, Avg: 99389.0, Max: 99389.0, Diff: 0.0]
   [Code Root Fixup: 0.0 ms]
   [Code Root Migration: 0.0 ms]
   [Clear CT: 0.1 ms]
   [Other: 0.5 ms]
      [Choose CSet: 0.0 ms]
      [Ref Proc: 0.1 ms]
      [Ref Enq: 0.0 ms]
      [Free CSet: 0.2 ms]
   [Eden: 148.0M(148.0M)->0.0B(134.0M) Survivors: 5120.0K->17.0M Heap: 214.7M(256.0M)->78.5M(256.0M)]
 [Times: user=0.00 sys=0.00, real=0.01 secs] 
2014-07-10T11:37:48.698+0200: 99.477: [GC pause (G1 Evacuation Pause) (young) 99.477: [G1Ergonomics (CSet Construction) start choosing CSet, _pending_cards: 512, predicted base time: 1.05 ms, remaining time: 198.95 ms, target pause time: 200.00 ms]
 99.477: [G1Ergonomics (CSet Construction) add young regions to CSet, eden: 134 regions, survivors: 17 regions, predicted young region time: 82.57 ms]
 99.477: [G1Ergonomics (CSet Construction) finish choosing CSet, eden: 134 regions, survivors: 17 regions, old: 0 regions, predicted pause time: 83.62 ms, target pause time: 200.00 ms]
, 0.0131553 secs]
   [Parallel Time: 12.4 ms, GC Workers: 2]
      [GC Worker Start (ms): Min: 99477.4, Avg: 99477.4, Max: 99477.4, Diff: 0.0]
      [Ext Root Scanning (ms): Min: 0.3, Avg: 0.3, Max: 0.3, Diff: 0.0, Sum: 0.6]
      [Update RS (ms): Min: 0.0, Avg: 0.0, Max: 0.1, Diff: 0.0, Sum: 0.1]
         [Processed Buffers: Min: 1, Avg: 1.5, Max: 2, Diff: 1, Sum: 3]
      [Scan RS (ms): Min: 0.2, Avg: 0.2, Max: 0.2, Diff: 0.0, Sum: 0.4]
      [Code Root Scanning (ms): Min: 0.1, Avg: 0.1, Max: 0.1, Diff: 0.0, Sum: 0.2]
      [Object Copy (ms): Min: 11.6, Avg: 11.7, Max: 11.7, Diff: 0.0, Sum: 23.3]
      [Termination (ms): Min: 0.0, Avg: 0.0, Max: 0.0, Diff: 0.0, Sum: 0.0]
      [GC Worker Other (ms): Min: 0.0, Avg: 0.0, Max: 0.0, Diff: 0.0, Sum: 0.1]
      [GC Worker Total (ms): Min: 12.4, Avg: 12.4, Max: 12.4, Diff: 0.0, Sum: 24.7]
      [GC Worker End (ms): Min: 99489.8, Avg: 99489.8, Max: 99489.8, Diff: 0.0]
   [Code Root Fixup: 0.0 ms]
   [Code Root Migration: 0.0 ms]
   [Clear CT: 0.2 ms]
   [Other: 0.5 ms]
      [Choose CSet: 0.0 ms]
      [Ref Proc: 0.1 ms]
      [Ref Enq: 0.0 ms]
      [Free CSet: 0.3 ms]
   [Eden: 134.0M(134.0M)->0.0B(130.0M) Survivors: 17.0M->19.0M Heap: 212.5M(256.0M)->80.4M(256.0M)]
 [Times: user=0.03 sys=0.00, real=0.01 secs] 
2014-07-10T11:37:48.843+0200: 99.621: [GC pause (G1 Evacuation Pause) (young) 99.621: [G1Ergonomics (CSet Construction) start choosing CSet, _pending_cards: 512, predicted base time: 1.03 ms, remaining time: 198.97 ms, target pause time: 200.00 ms]
 99.621: [G1Ergonomics (CSet Construction) add young regions to CSet, eden: 130 regions, survivors: 19 regions, predicted young region time: 86.03 ms]
 99.622: [G1Ergonomics (CSet Construction) finish choosing CSet, eden: 130 regions, survivors: 19 regions, old: 0 regions, predicted pause time: 87.06 ms, target pause time: 200.00 ms]
, 0.0118475 secs]
   [Parallel Time: 11.2 ms, GC Workers: 2]
      [GC Worker Start (ms): Min: 99621.5, Avg: 99621.5, Max: 99621.6, Diff: 0.0]
      [Ext Root Scanning (ms): Min: 0.3, Avg: 0.4, Max: 0.4, Diff: 0.0, Sum: 0.7]
      [Update RS (ms): Min: 0.0, Avg: 0.0, Max: 0.1, Diff: 0.0, Sum: 0.1]
         [Processed Buffers: Min: 1, Avg: 1.5, Max: 2, Diff: 1, Sum: 3]
      [Scan RS (ms): Min: 0.2, Avg: 0.2, Max: 0.2, Diff: 0.0, Sum: 0.5]
      [Code Root Scanning (ms): Min: 0.1, Avg: 0.1, Max: 0.1, Diff: 0.0, Sum: 0.3]
      [Object Copy (ms): Min: 10.3, Avg: 10.3, Max: 10.3, Diff: 0.0, Sum: 20.7]
      [Termination (ms): Min: 0.0, Avg: 0.0, Max: 0.0, Diff: 0.0, Sum: 0.0]
      [GC Worker Other (ms): Min: 0.0, Avg: 0.0, Max: 0.0, Diff: 0.0, Sum: 0.1]
      [GC Worker Total (ms): Min: 11.1, Avg: 11.1, Max: 11.1, Diff: 0.0, Sum: 22.3]
      [GC Worker End (ms): Min: 99632.7, Avg: 99632.7, Max: 99632.7, Diff: 0.0]
   [Code Root Fixup: 0.0 ms]
   [Code Root Migration: 0.0 ms]
   [Clear CT: 0.1 ms]
   [Other: 0.5 ms]
      [Choose CSet: 0.0 ms]
      [Ref Proc: 0.1 ms]
      [Ref Enq: 0.0 ms]
      [Free CSet: 0.2 ms]
   [Eden: 130.0M(130.0M)->0.0B(133.0M) Survivors: 19.0M->17.0M Heap: 210.4M(256.0M)->78.3M(256.0M)]
 [Times: user=0.03 sys=0.00, real=0.01 secs] 
2014-07-10T11:37:48.996+0200: 99.774: [GC pause (G1 Evacuation Pause) (young) 99.774: [G1Ergonomics (CSet Construction) start choosing CSet, _pending_cards: 257, predicted base time: 0.99 ms, remaining time: 199.01 ms, target pause time: 200.00 ms]
 99.774: [G1Ergonomics (CSet Construction) add young regions to CSet, eden: 133 regions, survivors: 17 regions, predicted young region time: 24.02 ms]
 99.774: [G1Ergonomics (CSet Construction) finish choosing CSet, eden: 133 regions, survivors: 17 regions, old: 0 regions, predicted pause time: 25.01 ms, target pause time: 200.00 ms]
, 0.0131564 secs]
   [Parallel Time: 11.3 ms, GC Workers: 2]
      [GC Worker Start (ms): Min: 99774.6, Avg: 99774.6, Max: 99774.6, Diff: 0.0]
      [Ext Root Scanning (ms): Min: 1.0, Avg: 1.0, Max: 1.0, Diff: 0.0, Sum: 2.0]
      [Update RS (ms): Min: 0.0, Avg: 0.1, Max: 0.1, Diff: 0.0, Sum: 0.1]
         [Processed Buffers: Min: 1, Avg: 1.5, Max: 2, Diff: 1, Sum: 3]
      [Scan RS (ms): Min: 0.4, Avg: 0.4, Max: 0.4, Diff: 0.0, Sum: 0.8]
      [Code Root Scanning (ms): Min: 0.1, Avg: 0.1, Max: 0.2, Diff: 0.0, Sum: 0.3]
      [Object Copy (ms): Min: 9.6, Avg: 9.6, Max: 9.6, Diff: 0.0, Sum: 19.2]
      [Termination (ms): Min: 0.0, Avg: 0.0, Max: 0.0, Diff: 0.0, Sum: 0.0]
      [GC Worker Other (ms): Min: 0.0, Avg: 0.1, Max: 0.1, Diff: 0.0, Sum: 0.1]
      [GC Worker Total (ms): Min: 11.2, Avg: 11.2, Max: 11.3, Diff: 0.0, Sum: 22.5]
      [GC Worker End (ms): Min: 99785.8, Avg: 99785.8, Max: 99785.8, Diff: 0.0]
   [Code Root Fixup: 0.0 ms]
   [Code Root Migration: 0.1 ms]
   [Clear CT: 0.3 ms]
   [Other: 1.5 ms]
      [Choose CSet: 0.1 ms]
      [Ref Proc: 0.6 ms]
      [Ref Enq: 0.0 ms]
      [Free CSet: 0.6 ms]
   [Eden: 133.0M(133.0M)->0.0B(142.0M) Survivors: 17.0M->10.0M Heap: 211.3M(256.0M)->71.2M(256.0M)]
 [Times: user=0.03 sys=0.00, real=0.01 secs] 
2014-07-10T11:37:49.098+0200: 99.877: [GC pause (G1 Evacuation Pause) (young) 99.877: [G1Ergonomics (CSet Construction) start choosing CSet, _pending_cards: 512, predicted base time: 1.71 ms, remaining time: 198.29 ms, target pause time: 200.00 ms]
 99.877: [G1Ergonomics (CSet Construction) add young regions to CSet, eden: 142 regions, survivors: 10 regions, predicted young region time: 116.48 ms]
 99.877: [G1Ergonomics (CSet Construction) finish choosing CSet, eden: 142 regions, survivors: 10 regions, old: 0 regions, predicted pause time: 118.19 ms, target pause time: 200.00 ms]
, 0.0133477 secs]
   [Parallel Time: 12.6 ms, GC Workers: 2]
      [GC Worker Start (ms): Min: 99877.0, Avg: 99877.0, Max: 99877.0, Diff: 0.0]
      [Ext Root Scanning (ms): Min: 0.3, Avg: 0.3, Max: 0.3, Diff: 0.0, Sum: 0.6]
      [Update RS (ms): Min: 0.0, Avg: 0.0, Max: 0.0, Diff: 0.0, Sum: 0.1]
         [Processed Buffers: Min: 1, Avg: 1.5, Max: 2, Diff: 1, Sum: 3]
      [Scan RS (ms): Min: 0.2, Avg: 0.2, Max: 0.2, Diff: 0.0, Sum: 0.4]
      [Code Root Scanning (ms): Min: 0.1, Avg: 0.1, Max: 0.1, Diff: 0.0, Sum: 0.2]
      [Object Copy (ms): Min: 11.9, Avg: 11.9, Max: 11.9, Diff: 0.0, Sum: 23.8]
      [Termination (ms): Min: 0.0, Avg: 0.0, Max: 0.0, Diff: 0.0, Sum: 0.0]
      [GC Worker Other (ms): Min: 0.0, Avg: 0.0, Max: 0.0, Diff: 0.0, Sum: 0.1]
      [GC Worker Total (ms): Min: 12.6, Avg: 12.6, Max: 12.6, Diff: 0.0, Sum: 25.2]
      [GC Worker End (ms): Min: 99889.6, Avg: 99889.6, Max: 99889.6, Diff: 0.0]
   [Code Root Fixup: 0.0 ms]
   [Code Root Migration: 0.0 ms]
   [Clear CT: 0.1 ms]
   [Other: 0.6 ms]
      [Choose CSet: 0.0 ms]
      [Ref Proc: 0.2 ms]
      [Ref Enq: 0.0 ms]
      [Free CSet: 0.2 ms]
   [Eden: 142.0M(142.0M)->0.0B(129.0M) Survivors: 10.0M->19.0M Heap: 213.2M(256.0M)->81.1M(256.0M)]
 [Times: user=0.03 sys=0.00, real=0.01 secs] 
2014-07-10T11:37:49.229+0200: 100.008: [GC pause (G1 Evacuation Pause) (young) 100.008: [G1Ergonomics (CSet Construction) start choosing CSet, _pending_cards: 512, predicted base time: 1.54 ms, remaining time: 198.46 ms, target pause time: 200.00 ms]
 100.008: [G1Ergonomics (CSet Construction) add young regions to CSet, eden: 129 regions, survivors: 19 regions, predicted young region time: 16.95 ms]
 100.008: [G1Ergonomics (CSet Construction) finish choosing CSet, eden: 129 regions, survivors: 19 regions, old: 0 regions, predicted pause time: 18.49 ms, target pause time: 200.00 ms]
, 0.0114098 secs]
   [Parallel Time: 10.8 ms, GC Workers: 2]
      [GC Worker Start (ms): Min: 100007.7, Avg: 100007.7, Max: 100007.7, Diff: 0.0]
      [Ext Root Scanning (ms): Min: 0.3, Avg: 0.3, Max: 0.3, Diff: 0.0, Sum: 0.7]
      [Update RS (ms): Min: 0.0, Avg: 0.0, Max: 0.0, Diff: 0.0, Sum: 0.1]
         [Processed Buffers: Min: 1, Avg: 1.5, Max: 2, Diff: 1, Sum: 3]
      [Scan RS (ms): Min: 0.3, Avg: 0.3, Max: 0.4, Diff: 0.1, Sum: 0.6]
      [Code Root Scanning (ms): Min: 0.1, Avg: 0.2, Max: 0.2, Diff: 0.1, Sum: 0.4]
      [Object Copy (ms): Min: 9.8, Avg: 9.8, Max: 9.8, Diff: 0.0, Sum: 19.6]
      [Termination (ms): Min: 0.0, Avg: 0.0, Max: 0.0, Diff: 0.0, Sum: 0.0]
      [GC Worker Other (ms): Min: 0.0, Avg: 0.0, Max: 0.0, Diff: 0.0, Sum: 0.1]
      [GC Worker Total (ms): Min: 10.7, Avg: 10.7, Max: 10.7, Diff: 0.0, Sum: 21.4]
      [GC Worker End (ms): Min: 100018.4, Avg: 100018.4, Max: 100018.4, Diff: 0.0]
   [Code Root Fixup: 0.0 ms]
   [Code Root Migration: 0.0 ms]
   [Clear CT: 0.1 ms]
   [Other: 0.4 ms]
      [Choose CSet: 0.0 ms]
      [Ref Proc: 0.1 ms]
      [Ref Enq: 0.0 ms]
      [Free CSet: 0.2 ms]
   [Eden: 129.0M(129.0M)->0.0B(134.0M) Survivors: 19.0M->16.0M Heap: 210.1M(256.0M)->78.0M(256.0M)]
 [Times: user=0.03 sys=0.00, real=0.01 secs] 
2014-07-10T11:37:49.404+0200: 100.183: [GC pause (G1 Evacuation Pause) (young) 100.183: [G1Ergonomics (CSet Construction) start choosing CSet, _pending_cards: 512, predicted base time: 1.42 ms, remaining time: 198.58 ms, target pause time: 200.00 ms]
 100.183: [G1Ergonomics (CSet Construction) add young regions to CSet, eden: 134 regions, survivors: 16 regions, predicted young region time: 98.39 ms]
 100.183: [G1Ergonomics (CSet Construction) finish choosing CSet, eden: 134 regions, survivors: 16 regions, old: 0 regions, predicted pause time: 99.81 ms, target pause time: 200.00 ms]
, 0.0188438 secs]
   [Parallel Time: 17.9 ms, GC Workers: 2]
      [GC Worker Start (ms): Min: 100183.0, Avg: 100183.0, Max: 100183.0, Diff: 0.0]
      [Ext Root Scanning (ms): Min: 0.8, Avg: 0.8, Max: 0.8, Diff: 0.0, Sum: 1.6]
      [Update RS (ms): Min: 0.1, Avg: 0.1, Max: 0.1, Diff: 0.0, Sum: 0.1]
         [Processed Buffers: Min: 1, Avg: 1.5, Max: 2, Diff: 1, Sum: 3]
      [Scan RS (ms): Min: 0.4, Avg: 0.4, Max: 0.4, Diff: 0.0, Sum: 0.8]
      [Code Root Scanning (ms): Min: 0.1, Avg: 0.1, Max: 0.1, Diff: 0.0, Sum: 0.3]
      [Object Copy (ms): Min: 16.4, Avg: 16.4, Max: 16.4, Diff: 0.0, Sum: 32.8]
      [Termination (ms): Min: 0.0, Avg: 0.0, Max: 0.0, Diff: 0.0, Sum: 0.0]
      [GC Worker Other (ms): Min: 0.0, Avg: 0.0, Max: 0.0, Diff: 0.0, Sum: 0.1]
      [GC Worker Total (ms): Min: 17.8, Avg: 17.9, Max: 17.9, Diff: 0.0, Sum: 35.7]
      [GC Worker End (ms): Min: 100200.9, Avg: 100200.9, Max: 100200.9, Diff: 0.0]
   [Code Root Fixup: 0.0 ms]
   [Code Root Migration: 0.1 ms]
   [Clear CT: 0.2 ms]
   [Other: 0.7 ms]
      [Choose CSet: 0.1 ms]
      [Ref Proc: 0.1 ms]
      [Ref Enq: 0.0 ms]
      [Free CSet: 0.3 ms]
   [Eden: 134.0M(134.0M)->0.0B(131.0M) Survivors: 16.0M->18.0M Heap: 212.0M(256.0M)->79.9M(256.0M)]
 [Times: user=0.05 sys=0.00, real=0.02 secs] 
2014-07-10T11:37:49.499+0200: 100.278: [GC pause (G1 Evacuation Pause) (young) 100.278: [G1Ergonomics (CSet Construction) start choosing CSet, _pending_cards: 259, predicted base time: 1.49 ms, remaining time: 198.51 ms, target pause time: 200.00 ms]
 100.278: [G1Ergonomics (CSet Construction) add young regions to CSet, eden: 131 regions, survivors: 18 regions, predicted young region time: 105.81 ms]
 100.278: [G1Ergonomics (CSet Construction) finish choosing CSet, eden: 131 regions, survivors: 18 regions, old: 0 regions, predicted pause time: 107.30 ms, target pause time: 200.00 ms]
, 0.0032798 secs]
   [Parallel Time: 2.5 ms, GC Workers: 2]
      [GC Worker Start (ms): Min: 100278.1, Avg: 100278.1, Max: 100278.1, Diff: 0.0]
      [Ext Root Scanning (ms): Min: 0.3, Avg: 0.3, Max: 0.3, Diff: 0.0, Sum: 0.6]
      [Update RS (ms): Min: 0.0, Avg: 0.0, Max: 0.1, Diff: 0.0, Sum: 0.1]
         [Processed Buffers: Min: 1, Avg: 1.5, Max: 2, Diff: 1, Sum: 3]
      [Scan RS (ms): Min: 0.2, Avg: 0.2, Max: 0.2, Diff: 0.0, Sum: 0.4]
      [Code Root Scanning (ms): Min: 0.1, Avg: 0.1, Max: 0.1, Diff: 0.0, Sum: 0.2]
      [Object Copy (ms): Min: 1.8, Avg: 1.8, Max: 1.8, Diff: 0.0, Sum: 3.6]
      [Termination (ms): Min: 0.0, Avg: 0.0, Max: 0.0, Diff: 0.0, Sum: 0.0]
      [GC Worker Other (ms): Min: 0.0, Avg: 0.0, Max: 0.0, Diff: 0.0, Sum: 0.1]
      [GC Worker Total (ms): Min: 2.5, Avg: 2.5, Max: 2.5, Diff: 0.0, Sum: 5.0]
      [GC Worker End (ms): Min: 100280.6, Avg: 100280.6, Max: 100280.6, Diff: 0.0]
   [Code Root Fixup: 0.0 ms]
   [Code Root Migration: 0.0 ms]
   [Clear CT: 0.2 ms]
   [Other: 0.5 ms]
      [Choose CSet: 0.0 ms]
      [Ref Proc: 0.1 ms]
      [Ref Enq: 0.0 ms]
      [Free CSet: 0.2 ms]
   [Eden: 131.0M(131.0M)->0.0B(148.0M) Survivors: 18.0M->4096.0K Heap: 210.9M(256.0M)->65.7M(256.0M)]
 [Times: user=0.03 sys=0.00, real=0.00 secs] 
2014-07-10T11:37:49.636+0200: 100.415: [GC pause (G1 Evacuation Pause) (young) 100.415: [G1Ergonomics (CSet Construction) start choosing CSet, _pending_cards: 512, predicted base time: 1.41 ms, remaining time: 198.59 ms, target pause time: 200.00 ms]
 100.415: [G1Ergonomics (CSet Construction) add young regions to CSet, eden: 148 regions, survivors: 4 regions, predicted young region time: 87.20 ms]
 100.415: [G1Ergonomics (CSet Construction) finish choosing CSet, eden: 148 regions, survivors: 4 regions, old: 0 regions, predicted pause time: 88.61 ms, target pause time: 200.00 ms]
, 0.0145979 secs]
   [Parallel Time: 13.8 ms, GC Workers: 2]
      [GC Worker Start (ms): Min: 100415.1, Avg: 100415.1, Max: 100415.1, Diff: 0.0]
      [Ext Root Scanning (ms): Min: 0.3, Avg: 0.3, Max: 0.3, Diff: 0.0, Sum: 0.6]
      [Update RS (ms): Min: 0.0, Avg: 0.1, Max: 0.1, Diff: 0.0, Sum: 0.1]
         [Processed Buffers: Min: 1, Avg: 1.5, Max: 2, Diff: 1, Sum: 3]
      [Scan RS (ms): Min: 0.2, Avg: 0.2, Max: 0.2, Diff: 0.0, Sum: 0.5]
      [Code Root Scanning (ms): Min: 0.1, Avg: 0.1, Max: 0.1, Diff: 0.0, Sum: 0.2]
      [Object Copy (ms): Min: 13.1, Avg: 13.1, Max: 13.1, Diff: 0.0, Sum: 26.2]
      [Termination (ms): Min: 0.0, Avg: 0.0, Max: 0.0, Diff: 0.0, Sum: 0.0]
      [GC Worker Other (ms): Min: 0.0, Avg: 0.0, Max: 0.0, Diff: 0.0, Sum: 0.1]
      [GC Worker Total (ms): Min: 13.8, Avg: 13.8, Max: 13.8, Diff: 0.0, Sum: 27.6]
      [GC Worker End (ms): Min: 100428.9, Avg: 100428.9, Max: 100428.9, Diff: 0.0]
   [Code Root Fixup: 0.0 ms]
   [Code Root Migration: 0.0 ms]
   [Clear CT: 0.1 ms]
   [Other: 0.6 ms]
      [Choose CSet: 0.0 ms]
      [Ref Proc: 0.2 ms]
      [Ref Enq: 0.0 ms]
      [Free CSet: 0.3 ms]
   [Eden: 148.0M(148.0M)->0.0B(129.0M) Survivors: 4096.0K->19.0M Heap: 213.7M(256.0M)->81.6M(256.0M)]
 [Times: user=0.03 sys=0.00, real=0.02 secs] 
2014-07-10T11:37:49.803+0200: 100.582: [GC pause (G1 Evacuation Pause) (young) 100.582: [G1Ergonomics (CSet Construction) start choosing CSet, _pending_cards: 512, predicted base time: 1.31 ms, remaining time: 198.69 ms, target pause time: 200.00 ms]
 100.582: [G1Ergonomics (CSet Construction) add young regions to CSet, eden: 129 regions, survivors: 19 regions, predicted young region time: 93.51 ms]
 100.582: [G1Ergonomics (CSet Construction) finish choosing CSet, eden: 129 regions, survivors: 19 regions, old: 0 regions, predicted pause time: 94.82 ms, target pause time: 200.00 ms]
, 0.0197567 secs]
   [Parallel Time: 18.3 ms, GC Workers: 2]
      [GC Worker Start (ms): Min: 100581.9, Avg: 100581.9, Max: 100581.9, Diff: 0.0]
      [Ext Root Scanning (ms): Min: 0.5, Avg: 0.6, Max: 0.6, Diff: 0.0, Sum: 1.1]
      [Update RS (ms): Min: 0.1, Avg: 0.1, Max: 0.1, Diff: 0.0, Sum: 0.2]
         [Processed Buffers: Min: 1, Avg: 1.5, Max: 2, Diff: 1, Sum: 3]
      [Scan RS (ms): Min: 0.5, Avg: 0.6, Max: 0.7, Diff: 0.2, Sum: 1.1]
      [Code Root Scanning (ms): Min: 0.1, Avg: 0.1, Max: 0.2, Diff: 0.1, Sum: 0.3]
      [Object Copy (ms): Min: 16.7, Avg: 16.8, Max: 16.9, Diff: 0.2, Sum: 33.6]
      [Termination (ms): Min: 0.0, Avg: 0.0, Max: 0.0, Diff: 0.0, Sum: 0.0]
      [GC Worker Other (ms): Min: 0.0, Avg: 0.1, Max: 0.1, Diff: 0.0, Sum: 0.1]
      [GC Worker Total (ms): Min: 18.2, Avg: 18.2, Max: 18.2, Diff: 0.0, Sum: 36.4]
      [GC Worker End (ms): Min: 100600.1, Avg: 100600.1, Max: 100600.1, Diff: 0.0]
   [Code Root Fixup: 0.0 ms]
   [Code Root Migration: 0.1 ms]
   [Clear CT: 0.2 ms]
   [Other: 1.2 ms]
      [Choose CSet: 0.1 ms]
      [Ref Proc: 0.4 ms]
      [Ref Enq: 0.0 ms]
      [Free CSet: 0.5 ms]
   [Eden: 129.0M(129.0M)->0.0B(132.0M) Survivors: 19.0M->17.0M Heap: 210.6M(256.0M)->78.9M(256.0M)]
 [Times: user=0.01 sys=0.00, real=0.02 secs] 
2014-07-10T11:37:49.897+0200: 100.676: [GC pause (G1 Evacuation Pause) (young) 100.676: [G1Ergonomics (CSet Construction) start choosing CSet, _pending_cards: 512, predicted base time: 1.50 ms, remaining time: 198.50 ms, target pause time: 200.00 ms]
 100.676: [G1Ergonomics (CSet Construction) add young regions to CSet, eden: 132 regions, survivors: 17 regions, predicted young region time: 111.78 ms]
 100.676: [G1Ergonomics (CSet Construction) finish choosing CSet, eden: 132 regions, survivors: 17 regions, old: 0 regions, predicted pause time: 113.28 ms, target pause time: 200.00 ms]
, 0.0116286 secs]
   [Parallel Time: 10.9 ms, GC Workers: 2]
      [GC Worker Start (ms): Min: 100676.1, Avg: 100676.1, Max: 100676.1, Diff: 0.0]
      [Ext Root Scanning (ms): Min: 0.4, Avg: 0.4, Max: 0.4, Diff: 0.0, Sum: 0.8]
      [Update RS (ms): Min: 0.0, Avg: 0.0, Max: 0.1, Diff: 0.0, Sum: 0.1]
         [Processed Buffers: Min: 1, Avg: 1.5, Max: 2, Diff: 1, Sum: 3]
      [Scan RS (ms): Min: 0.2, Avg: 0.2, Max: 0.2, Diff: 0.0, Sum: 0.5]
      [Code Root Scanning (ms): Min: 0.1, Avg: 0.1, Max: 0.1, Diff: 0.0, Sum: 0.2]
      [Object Copy (ms): Min: 10.0, Avg: 10.0, Max: 10.0, Diff: 0.0, Sum: 20.0]
      [Termination (ms): Min: 0.0, Avg: 0.0, Max: 0.0, Diff: 0.0, Sum: 0.0]
      [GC Worker Other (ms): Min: 0.0, Avg: 0.0, Max: 0.0, Diff: 0.0, Sum: 0.1]
      [GC Worker Total (ms): Min: 10.8, Avg: 10.8, Max: 10.8, Diff: 0.0, Sum: 21.7]
      [GC Worker End (ms): Min: 100687.0, Avg: 100687.0, Max: 100687.0, Diff: 0.0]
   [Code Root Fixup: 0.0 ms]
   [Code Root Migration: 0.1 ms]
   [Clear CT: 0.2 ms]
   [Other: 0.5 ms]
      [Choose CSet: 0.0 ms]
      [Ref Proc: 0.1 ms]
      [Ref Enq: 0.0 ms]
      [Free CSet: 0.2 ms]
   [Eden: 132.0M(132.0M)->0.0B(132.0M) Survivors: 17.0M->17.0M Heap: 210.9M(256.0M)->78.8M(256.0M)]
 [Times: user=0.03 sys=0.00, real=0.01 secs] 
2014-07-10T11:37:50.044+0200: 100.823: [GC pause (G1 Evacuation Pause) (young) 100.823: [G1Ergonomics (CSet Construction) start choosing CSet, _pending_cards: 258, predicted base time: 1.37 ms, remaining time: 198.63 ms, target pause time: 200.00 ms]
 100.823: [G1Ergonomics (CSet Construction) add young regions to CSet, eden: 132 regions, survivors: 17 regions, predicted young region time: 104.85 ms]
 100.823: [G1Ergonomics (CSet Construction) finish choosing CSet, eden: 132 regions, survivors: 17 regions, old: 0 regions, predicted pause time: 106.22 ms, target pause time: 200.00 ms]
 100.828: [G1Ergonomics (Heap Sizing) attempt heap expansion, reason: recent GC overhead higher than threshold after GC, recent GC overhead: 10.04 %, threshold: 10.00 %, uncommitted: 0 bytes, calculated expansion amount: 0 bytes (20.00 %)]
, 0.0054569 secs]
   [Parallel Time: 4.6 ms, GC Workers: 2]
      [GC Worker Start (ms): Min: 100822.9, Avg: 100822.9, Max: 100822.9, Diff: 0.0]
      [Ext Root Scanning (ms): Min: 0.3, Avg: 0.3, Max: 0.3, Diff: 0.0, Sum: 0.7]
      [Update RS (ms): Min: 0.0, Avg: 0.1, Max: 0.1, Diff: 0.0, Sum: 0.1]
         [Processed Buffers: Min: 1, Avg: 1.5, Max: 2, Diff: 1, Sum: 3]
      [Scan RS (ms): Min: 0.2, Avg: 0.3, Max: 0.3, Diff: 0.0, Sum: 0.5]
      [Code Root Scanning (ms): Min: 0.1, Avg: 0.1, Max: 0.1, Diff: 0.0, Sum: 0.2]
      [Object Copy (ms): Min: 2.6, Avg: 3.2, Max: 3.7, Diff: 1.2, Sum: 6.3]
      [Termination (ms): Min: 0.0, Avg: 0.6, Max: 1.2, Diff: 1.2, Sum: 1.2]
      [GC Worker Other (ms): Min: 0.0, Avg: 0.0, Max: 0.0, Diff: 0.0, Sum: 0.1]
      [GC Worker Total (ms): Min: 4.5, Avg: 4.5, Max: 4.5, Diff: 0.0, Sum: 9.1]
      [GC Worker End (ms): Min: 100827.4, Avg: 100827.4, Max: 100827.4, Diff: 0.0]
   [Code Root Fixup: 0.0 ms]
   [Code Root Migration: 0.0 ms]
   [Clear CT: 0.3 ms]
   [Other: 0.5 ms]
      [Choose CSet: 0.0 ms]
      [Ref Proc: 0.1 ms]
      [Ref Enq: 0.0 ms]
      [Free CSet: 0.2 ms]
   [Eden: 132.0M(132.0M)->0.0B(148.0M) Survivors: 17.0M->4096.0K Heap: 210.8M(256.0M)->66.6M(256.0M)]
 [Times: user=0.02 sys=0.00, real=0.01 secs] 
2014-07-10T11:37:50.205+0200: 100.984: [GC pause (G1 Evacuation Pause) (young) 100.984: [G1Ergonomics (CSet Construction) start choosing CSet, _pending_cards: 512, predicted base time: 1.36 ms, remaining time: 198.64 ms, target pause time: 200.00 ms]
 100.984: [G1Ergonomics (CSet Construction) add young regions to CSet, eden: 148 regions, survivors: 4 regions, predicted young region time: 27.47 ms]
 100.984: [G1Ergonomics (CSet Construction) finish choosing CSet, eden: 148 regions, survivors: 4 regions, old: 0 regions, predicted pause time: 28.83 ms, target pause time: 200.00 ms]
, 0.0228195 secs]
   [Parallel Time: 21.5 ms, GC Workers: 2]
      [GC Worker Start (ms): Min: 100984.1, Avg: 100984.2, Max: 100984.2, Diff: 0.0]
      [Ext Root Scanning (ms): Min: 0.6, Avg: 0.6, Max: 0.6, Diff: 0.0, Sum: 1.2]
      [Update RS (ms): Min: 0.1, Avg: 0.1, Max: 0.1, Diff: 0.0, Sum: 0.1]
         [Processed Buffers: Min: 1, Avg: 1.5, Max: 2, Diff: 1, Sum: 3]
      [Scan RS (ms): Min: 0.4, Avg: 0.4, Max: 0.4, Diff: 0.0, Sum: 0.9]
      [Code Root Scanning (ms): Min: 0.1, Avg: 0.2, Max: 0.2, Diff: 0.0, Sum: 0.3]
      [Object Copy (ms): Min: 20.1, Avg: 20.1, Max: 20.1, Diff: 0.0, Sum: 40.3]
      [Termination (ms): Min: 0.0, Avg: 0.0, Max: 0.0, Diff: 0.0, Sum: 0.0]
      [GC Worker Other (ms): Min: 0.0, Avg: 0.0, Max: 0.1, Diff: 0.0, Sum: 0.1]
      [GC Worker Total (ms): Min: 21.5, Avg: 21.5, Max: 21.5, Diff: 0.0, Sum: 43.0]
      [GC Worker End (ms): Min: 101005.6, Avg: 101005.6, Max: 101005.6, Diff: 0.0]
   [Code Root Fixup: 0.0 ms]
   [Code Root Migration: 0.1 ms]
   [Clear CT: 0.2 ms]
   [Other: 1.0 ms]
      [Choose CSet: 0.1 ms]
      [Ref Proc: 0.1 ms]
      [Ref Enq: 0.0 ms]
      [Free CSet: 0.5 ms]
   [Eden: 148.0M(148.0M)->0.0B(128.0M) Survivors: 4096.0K->19.0M Heap: 214.6M(256.0M)->82.5M(256.0M)]
 [Times: user=0.03 sys=0.00, real=0.02 secs] 
2014-07-10T11:37:50.297+0200: 101.076: [GC pause (G1 Evacuation Pause) (young) 101.076: [G1Ergonomics (CSet Construction) start choosing CSet, _pending_cards: 512, predicted base time: 1.44 ms, remaining time: 198.56 ms, target pause time: 200.00 ms]
 101.076: [G1Ergonomics (CSet Construction) add young regions to CSet, eden: 128 regions, survivors: 19 regions, predicted young region time: 113.57 ms]
 101.076: [G1Ergonomics (CSet Construction) finish choosing CSet, eden: 128 regions, survivors: 19 regions, old: 0 regions, predicted pause time: 115.01 ms, target pause time: 200.00 ms]
, 0.0111971 secs]
   [Parallel Time: 10.6 ms, GC Workers: 2]
      [GC Worker Start (ms): Min: 101076.0, Avg: 101076.0, Max: 101076.0, Diff: 0.0]
      [Ext Root Scanning (ms): Min: 0.3, Avg: 0.3, Max: 0.3, Diff: 0.0, Sum: 0.7]
      [Update RS (ms): Min: 0.1, Avg: 0.1, Max: 0.2, Diff: 0.1, Sum: 0.2]
         [Processed Buffers: Min: 1, Avg: 1.5, Max: 2, Diff: 1, Sum: 3]
      [Scan RS (ms): Min: 0.2, Avg: 0.2, Max: 0.3, Diff: 0.1, Sum: 0.5]
      [Code Root Scanning (ms): Min: 0.1, Avg: 0.1, Max: 0.1, Diff: 0.0, Sum: 0.2]
      [Object Copy (ms): Min: 9.7, Avg: 9.7, Max: 9.7, Diff: 0.0, Sum: 19.4]
      [Termination (ms): Min: 0.0, Avg: 0.0, Max: 0.0, Diff: 0.0, Sum: 0.0]
      [GC Worker Other (ms): Min: 0.0, Avg: 0.0, Max: 0.0, Diff: 0.0, Sum: 0.1]
      [GC Worker Total (ms): Min: 10.5, Avg: 10.5, Max: 10.5, Diff: 0.0, Sum: 21.1]
      [GC Worker End (ms): Min: 101086.5, Avg: 101086.5, Max: 101086.5, Diff: 0.0]
   [Code Root Fixup: 0.0 ms]
   [Code Root Migration: 0.0 ms]
   [Clear CT: 0.1 ms]
   [Other: 0.5 ms]
      [Choose CSet: 0.0 ms]
      [Ref Proc: 0.1 ms]
      [Ref Enq: 0.0 ms]
      [Free CSet: 0.2 ms]
   [Eden: 128.0M(128.0M)->0.0B(133.0M) Survivors: 19.0M->16.0M Heap: 210.5M(256.0M)->79.2M(256.0M)]
 [Times: user=0.00 sys=0.00, real=0.01 secs] 
2014-07-10T11:37:50.430+0200: 101.209: [GC pause (G1 Evacuation Pause) (young) 101.209: [G1Ergonomics (CSet Construction) start choosing CSet, _pending_cards: 512, predicted base time: 1.34 ms, remaining time: 198.66 ms, target pause time: 200.00 ms]
 101.209: [G1Ergonomics (CSet Construction) add young regions to CSet, eden: 133 regions, survivors: 16 regions, predicted young region time: 17.97 ms]
 101.209: [G1Ergonomics (CSet Construction) finish choosing CSet, eden: 133 regions, survivors: 16 regions, old: 0 regions, predicted pause time: 19.31 ms, target pause time: 200.00 ms]
 101.223: [G1Ergonomics (Heap Sizing) attempt heap expansion, reason: recent GC overhead higher than threshold after GC, recent GC overhead: 10.13 %, threshold: 10.00 %, uncommitted: 0 bytes, calculated expansion amount: 0 bytes (20.00 %)]
, 0.0145671 secs]
   [Parallel Time: 13.9 ms, GC Workers: 2]
      [GC Worker Start (ms): Min: 101209.0, Avg: 101215.7, Max: 101222.4, Diff: 13.4]
      [Ext Root Scanning (ms): Min: 0.0, Avg: 0.2, Max: 0.5, Diff: 0.5, Sum: 0.5]
      [Update RS (ms): Min: 0.0, Avg: 0.0, Max: 0.1, Diff: 0.1, Sum: 0.1]
         [Processed Buffers: Min: 0, Avg: 1.5, Max: 3, Diff: 3, Sum: 3]
      [Scan RS (ms): Min: 0.0, Avg: 0.2, Max: 0.4, Diff: 0.4, Sum: 0.4]
      [Code Root Scanning (ms): Min: 0.0, Avg: 0.1, Max: 0.2, Diff: 0.2, Sum: 0.2]
      [Object Copy (ms): Min: 0.0, Avg: 6.1, Max: 12.2, Diff: 12.2, Sum: 12.2]
      [Termination (ms): Min: 0.0, Avg: 0.1, Max: 0.2, Diff: 0.2, Sum: 0.2]
      [GC Worker Other (ms): Min: 0.0, Avg: 0.0, Max: 0.0, Diff: 0.0, Sum: 0.1]
      [GC Worker Total (ms): Min: 0.1, Avg: 6.9, Max: 13.6, Diff: 13.5, Sum: 13.7]
      [GC Worker End (ms): Min: 101222.5, Avg: 101222.5, Max: 101222.6, Diff: 0.1]
   [Code Root Fixup: 0.0 ms]
   [Code Root Migration: 0.0 ms]
   [Clear CT: 0.1 ms]
   [Other: 0.6 ms]
      [Choose CSet: 0.0 ms]
      [Ref Proc: 0.2 ms]
      [Ref Enq: 0.0 ms]
      [Free CSet: 0.2 ms]
   [Eden: 133.0M(133.0M)->0.0B(131.0M) Survivors: 16.0M->17.0M Heap: 212.2M(256.0M)->80.1M(256.0M)]
 [Times: user=0.02 sys=0.00, real=0.01 secs] 
2014-07-10T11:37:50.597+0200: 101.376: [GC pause (G1 Evacuation Pause) (young) 101.376: [G1Ergonomics (CSet Construction) start choosing CSet, _pending_cards: 258, predicted base time: 4.45 ms, remaining time: 195.55 ms, target pause time: 200.00 ms]
 101.376: [G1Ergonomics (CSet Construction) add young regions to CSet, eden: 131 regions, survivors: 17 regions, predicted young region time: 95.77 ms]
 101.376: [G1Ergonomics (CSet Construction) finish choosing CSet, eden: 131 regions, survivors: 17 regions, old: 0 regions, predicted pause time: 100.22 ms, target pause time: 200.00 ms]
, 0.0026965 secs]
   [Parallel Time: 2.1 ms, GC Workers: 2]
      [GC Worker Start (ms): Min: 101375.7, Avg: 101375.7, Max: 101375.8, Diff: 0.0]
      [Ext Root Scanning (ms): Min: 0.2, Avg: 0.2, Max: 0.2, Diff: 0.0, Sum: 0.4]
      [Update RS (ms): Min: 0.0, Avg: 0.0, Max: 0.0, Diff: 0.0, Sum: 0.1]
         [Processed Buffers: Min: 1, Avg: 1.5, Max: 2, Diff: 1, Sum: 3]
      [Scan RS (ms): Min: 0.2, Avg: 0.2, Max: 0.2, Diff: 0.0, Sum: 0.4]
      [Code Root Scanning (ms): Min: 0.1, Avg: 0.1, Max: 0.1, Diff: 0.0, Sum: 0.2]
      [Object Copy (ms): Min: 1.5, Avg: 1.5, Max: 1.5, Diff: 0.0, Sum: 3.0]
      [Termination (ms): Min: 0.0, Avg: 0.0, Max: 0.0, Diff: 0.0, Sum: 0.0]
      [GC Worker Other (ms): Min: 0.0, Avg: 0.0, Max: 0.0, Diff: 0.0, Sum: 0.1]
      [GC Worker Total (ms): Min: 2.1, Avg: 2.1, Max: 2.1, Diff: 0.0, Sum: 4.1]
      [GC Worker End (ms): Min: 101377.8, Avg: 101377.8, Max: 101377.8, Diff: 0.0]
   [Code Root Fixup: 0.0 ms]
   [Code Root Migration: 0.0 ms]
   [Clear CT: 0.1 ms]
   [Other: 0.4 ms]
      [Choose CSet: 0.0 ms]
      [Ref Proc: 0.1 ms]
      [Ref Enq: 0.0 ms]
      [Free CSet: 0.2 ms]
   [Eden: 131.0M(131.0M)->0.0B(147.0M) Survivors: 17.0M->4096.0K Heap: 211.1M(256.0M)->66.9M(256.0M)]
 [Times: user=0.00 sys=0.00, real=0.00 secs] 
2014-07-10T11:37:50.698+0200: 101.477: [GC pause (G1 Evacuation Pause) (young) 101.477: [G1Ergonomics (CSet Construction) start choosing CSet, _pending_cards: 512, predicted base time: 3.65 ms, remaining time: 196.35 ms, target pause time: 200.00 ms]
 101.477: [G1Ergonomics (CSet Construction) add young regions to CSet, eden: 147 regions, survivors: 4 regions, predicted young region time: 97.33 ms]
 101.477: [G1Ergonomics (CSet Construction) finish choosing CSet, eden: 147 regions, survivors: 4 regions, old: 0 regions, predicted pause time: 100.97 ms, target pause time: 200.00 ms]
, 0.0130214 secs]
   [Parallel Time: 12.3 ms, GC Workers: 2]
      [GC Worker Start (ms): Min: 101477.5, Avg: 101478.5, Max: 101479.5, Diff: 2.0]
      [Ext Root Scanning (ms): Min: 0.0, Avg: 0.2, Max: 0.5, Diff: 0.5, Sum: 0.5]
      [Update RS (ms): Min: 0.0, Avg: 0.0, Max: 0.1, Diff: 0.1, Sum: 0.1]
         [Processed Buffers: Min: 0, Avg: 1.5, Max: 3, Diff: 3, Sum: 3]
      [Scan RS (ms): Min: 0.0, Avg: 0.2, Max: 0.4, Diff: 0.4, Sum: 0.4]
      [Code Root Scanning (ms): Min: 0.0, Avg: 0.1, Max: 0.2, Diff: 0.2, Sum: 0.2]
      [Object Copy (ms): Min: 10.1, Avg: 10.6, Max: 11.0, Diff: 0.9, Sum: 21.1]
      [Termination (ms): Min: 0.0, Avg: 0.0, Max: 0.0, Diff: 0.0, Sum: 0.0]
      [GC Worker Other (ms): Min: 0.0, Avg: 0.0, Max: 0.1, Diff: 0.0, Sum: 0.1]
      [GC Worker Total (ms): Min: 10.2, Avg: 11.2, Max: 12.2, Diff: 2.0, Sum: 22.4]
      [GC Worker End (ms): Min: 101489.7, Avg: 101489.7, Max: 101489.7, Diff: 0.0]
   [Code Root Fixup: 0.0 ms]
   [Code Root Migration: 0.1 ms]
   [Clear CT: 0.1 ms]
   [Other: 0.5 ms]
      [Choose CSet: 0.0 ms]
      [Ref Proc: 0.1 ms]
      [Ref Enq: 0.0 ms]
      [Free CSet: 0.2 ms]
   [Eden: 147.0M(147.0M)->0.0B(128.0M) Survivors: 4096.0K->19.0M Heap: 213.9M(256.0M)->81.8M(256.0M)]
 [Times: user=0.03 sys=0.00, real=0.01 secs] 
2014-07-10T11:37:50.846+0200: 101.625: [GC pause (G1 Evacuation Pause) (young) 101.625: [G1Ergonomics (CSet Construction) start choosing CSet, _pending_cards: 256, predicted base time: 3.27 ms, remaining time: 196.73 ms, target pause time: 200.00 ms]
 101.625: [G1Ergonomics (CSet Construction) add young regions to CSet, eden: 128 regions, survivors: 19 regions, predicted young region time: 73.31 ms]
 101.625: [G1Ergonomics (CSet Construction) finish choosing CSet, eden: 128 regions, survivors: 19 regions, old: 0 regions, predicted pause time: 76.57 ms, target pause time: 200.00 ms]
, 0.0103887 secs]
   [Parallel Time: 9.7 ms, GC Workers: 2]
      [GC Worker Start (ms): Min: 101625.1, Avg: 101625.1, Max: 101625.1, Diff: 0.0]
      [Ext Root Scanning (ms): Min: 0.3, Avg: 0.3, Max: 0.3, Diff: 0.0, Sum: 0.6]
      [Update RS (ms): Min: 0.0, Avg: 0.0, Max: 0.1, Diff: 0.0, Sum: 0.1]
         [Processed Buffers: Min: 1, Avg: 1.0, Max: 1, Diff: 0, Sum: 2]
      [Scan RS (ms): Min: 0.3, Avg: 0.4, Max: 0.5, Diff: 0.1, Sum: 0.8]
      [Code Root Scanning (ms): Min: 0.1, Avg: 0.2, Max: 0.3, Diff: 0.2, Sum: 0.4]
      [Object Copy (ms): Min: 8.6, Avg: 8.6, Max: 8.7, Diff: 0.0, Sum: 17.3]
      [Termination (ms): Min: 0.0, Avg: 0.0, Max: 0.0, Diff: 0.0, Sum: 0.0]
      [GC Worker Other (ms): Min: 0.0, Avg: 0.0, Max: 0.0, Diff: 0.0, Sum: 0.1]
      [GC Worker Total (ms): Min: 9.6, Avg: 9.6, Max: 9.6, Diff: 0.0, Sum: 19.3]
      [GC Worker End (ms): Min: 101634.8, Avg: 101634.8, Max: 101634.8, Diff: 0.0]
   [Code Root Fixup: 0.0 ms]
   [Code Root Migration: 0.0 ms]
   [Clear CT: 0.1 ms]
   [Other: 0.6 ms]
      [Choose CSet: 0.0 ms]
      [Ref Proc: 0.2 ms]
      [Ref Enq: 0.0 ms]
      [Free CSet: 0.2 ms]
   [Eden: 128.0M(128.0M)->0.0B(135.0M) Survivors: 19.0M->15.0M Heap: 209.8M(256.0M)->77.7M(256.0M)]
 [Times: user=0.00 sys=0.00, real=0.01 secs] 
2014-07-10T11:37:50.996+0200: 101.775: [GC pause (G1 Evacuation Pause) (young) 101.775: [G1Ergonomics (CSet Construction) start choosing CSet, _pending_cards: 256, predicted base time: 2.76 ms, remaining time: 197.24 ms, target pause time: 200.00 ms]
 101.775: [G1Ergonomics (CSet Construction) add young regions to CSet, eden: 135 regions, survivors: 15 regions, predicted young region time: 86.83 ms]
 101.775: [G1Ergonomics (CSet Construction) finish choosing CSet, eden: 135 regions, survivors: 15 regions, old: 0 regions, predicted pause time: 89.59 ms, target pause time: 200.00 ms]
, 0.0122933 secs]
   [Parallel Time: 10.9 ms, GC Workers: 2]
      [GC Worker Start (ms): Min: 101774.9, Avg: 101774.9, Max: 101774.9, Diff: 0.0]
      [Ext Root Scanning (ms): Min: 0.6, Avg: 0.6, Max: 0.6, Diff: 0.0, Sum: 1.2]
      [Update RS (ms): Min: 0.0, Avg: 0.1, Max: 0.1, Diff: 0.1, Sum: 0.1]
         [Processed Buffers: Min: 1, Avg: 1.0, Max: 1, Diff: 0, Sum: 2]
      [Scan RS (ms): Min: 0.3, Avg: 0.4, Max: 0.5, Diff: 0.2, Sum: 0.9]
      [Code Root Scanning (ms): Min: 0.2, Avg: 0.3, Max: 0.5, Diff: 0.3, Sum: 0.7]
      [Object Copy (ms): Min: 9.3, Avg: 9.3, Max: 9.3, Diff: 0.0, Sum: 18.6]
      [Termination (ms): Min: 0.0, Avg: 0.0, Max: 0.0, Diff: 0.0, Sum: 0.0]
      [GC Worker Other (ms): Min: 0.0, Avg: 0.0, Max: 0.1, Diff: 0.0, Sum: 0.1]
      [GC Worker Total (ms): Min: 10.8, Avg: 10.8, Max: 10.8, Diff: 0.0, Sum: 21.6]
      [GC Worker End (ms): Min: 101785.7, Avg: 101785.7, Max: 101785.7, Diff: 0.0]
   [Code Root Fixup: 0.0 ms]
   [Code Root Migration: 0.1 ms]
   [Clear CT: 0.3 ms]
   [Other: 1.0 ms]
      [Choose CSet: 0.1 ms]
      [Ref Proc: 0.1 ms]
      [Ref Enq: 0.0 ms]
      [Free CSet: 0.5 ms]
   [Eden: 135.0M(135.0M)->0.0B(142.0M) Survivors: 15.0M->9216.0K Heap: 212.7M(256.0M)->72.5M(256.0M)]
 [Times: user=0.03 sys=0.00, real=0.01 secs] 
2014-07-10T11:37:51.100+0200: 101.879: [GC pause (G1 Evacuation Pause) (young) 101.879: [G1Ergonomics (CSet Construction) start choosing CSet, _pending_cards: 256, predicted base time: 2.61 ms, remaining time: 197.39 ms, target pause time: 200.00 ms]
 101.879: [G1Ergonomics (CSet Construction) add young regions to CSet, eden: 142 regions, survivors: 9 regions, predicted young region time: 98.27 ms]
 101.879: [G1Ergonomics (CSet Construction) finish choosing CSet, eden: 142 regions, survivors: 9 regions, old: 0 regions, predicted pause time: 100.89 ms, target pause time: 200.00 ms]
, 0.0125595 secs]
   [Parallel Time: 11.8 ms, GC Workers: 2]
      [GC Worker Start (ms): Min: 101878.7, Avg: 101878.7, Max: 101878.7, Diff: 0.0]
      [Ext Root Scanning (ms): Min: 0.3, Avg: 0.3, Max: 0.3, Diff: 0.0, Sum: 0.6]
      [Update RS (ms): Min: 0.0, Avg: 0.0, Max: 0.0, Diff: 0.0, Sum: 0.1]
         [Processed Buffers: Min: 1, Avg: 1.0, Max: 1, Diff: 0, Sum: 2]
      [Scan RS (ms): Min: 0.2, Avg: 0.2, Max: 0.2, Diff: 0.0, Sum: 0.4]
      [Code Root Scanning (ms): Min: 0.1, Avg: 0.1, Max: 0.1, Diff: 0.0, Sum: 0.2]
      [Object Copy (ms): Min: 11.1, Avg: 11.1, Max: 11.1, Diff: 0.0, Sum: 22.3]
      [Termination (ms): Min: 0.0, Avg: 0.0, Max: 0.1, Diff: 0.1, Sum: 0.1]
      [GC Worker Other (ms): Min: 0.0, Avg: 0.0, Max: 0.0, Diff: 0.0, Sum: 0.1]
      [GC Worker Total (ms): Min: 11.8, Avg: 11.8, Max: 11.8, Diff: 0.0, Sum: 23.6]
      [GC Worker End (ms): Min: 101890.4, Avg: 101890.5, Max: 101890.5, Diff: 0.0]
   [Code Root Fixup: 0.0 ms]
   [Code Root Migration: 0.0 ms]
   [Clear CT: 0.1 ms]
   [Other: 0.5 ms]
      [Choose CSet: 0.0 ms]
      [Ref Proc: 0.0 ms]
      [Ref Enq: 0.0 ms]
      [Free CSet: 0.3 ms]
   [Eden: 142.0M(142.0M)->0.0B(128.0M) Survivors: 9216.0K->19.0M Heap: 214.5M(256.0M)->82.4M(256.0M)]
 [Times: user=0.03 sys=0.00, real=0.01 secs] 
2014-07-10T11:37:51.242+0200: 102.020: [GC pause (G1 Evacuation Pause) (young) 102.021: [G1Ergonomics (CSet Construction) start choosing CSet, _pending_cards: 256, predicted base time: 2.20 ms, remaining time: 197.80 ms, target pause time: 200.00 ms]
 102.021: [G1Ergonomics (CSet Construction) add young regions to CSet, eden: 128 regions, survivors: 19 regions, predicted young region time: 97.56 ms]
 102.021: [G1Ergonomics (CSet Construction) finish choosing CSet, eden: 128 regions, survivors: 19 regions, old: 0 regions, predicted pause time: 99.76 ms, target pause time: 200.00 ms]
, 0.0116121 secs]
   [Parallel Time: 10.7 ms, GC Workers: 2]
      [GC Worker Start (ms): Min: 102020.6, Avg: 102020.6, Max: 102020.6, Diff: 0.0]
      [Ext Root Scanning (ms): Min: 0.4, Avg: 0.4, Max: 0.4, Diff: 0.0, Sum: 0.7]
      [Update RS (ms): Min: 0.0, Avg: 0.0, Max: 0.1, Diff: 0.0, Sum: 0.1]
         [Processed Buffers: Min: 1, Avg: 1.0, Max: 1, Diff: 0, Sum: 2]
      [Scan RS (ms): Min: 0.2, Avg: 0.3, Max: 0.3, Diff: 0.0, Sum: 0.5]
      [Code Root Scanning (ms): Min: 0.1, Avg: 0.1, Max: 0.1, Diff: 0.0, Sum: 0.2]
      [Object Copy (ms): Min: 9.8, Avg: 9.8, Max: 9.8, Diff: 0.1, Sum: 19.6]
      [Termination (ms): Min: 0.0, Avg: 0.0, Max: 0.0, Diff: 0.0, Sum: 0.0]
      [GC Worker Other (ms): Min: 0.0, Avg: 0.1, Max: 0.1, Diff: 0.0, Sum: 0.1]
      [GC Worker Total (ms): Min: 10.6, Avg: 10.6, Max: 10.7, Diff: 0.0, Sum: 21.3]
      [GC Worker End (ms): Min: 102031.3, Avg: 102031.3, Max: 102031.3, Diff: 0.0]
   [Code Root Fixup: 0.0 ms]
   [Code Root Migration: 0.0 ms]
   [Clear CT: 0.1 ms]
   [Other: 0.8 ms]
      [Choose CSet: 0.0 ms]
      [Ref Proc: 0.3 ms]
      [Ref Enq: 0.0 ms]
      [Free CSet: 0.3 ms]
   [Eden: 128.0M(128.0M)->0.0B(134.0M) Survivors: 19.0M->15.0M Heap: 210.4M(256.0M)->78.3M(256.0M)]
 [Times: user=0.03 sys=0.00, real=0.01 secs] 
2014-07-10T11:37:51.396+0200: 102.175: [GC pause (G1 Evacuation Pause) (young) 102.175: [G1Ergonomics (CSet Construction) start choosing CSet, _pending_cards: 256, predicted base time: 1.98 ms, remaining time: 198.02 ms, target pause time: 200.00 ms]
 102.175: [G1Ergonomics (CSet Construction) add young regions to CSet, eden: 134 regions, survivors: 15 regions, predicted young region time: 24.50 ms]
 102.175: [G1Ergonomics (CSet Construction) finish choosing CSet, eden: 134 regions, survivors: 15 regions, old: 0 regions, predicted pause time: 26.48 ms, target pause time: 200.00 ms]
, 0.0118372 secs]
   [Parallel Time: 11.2 ms, GC Workers: 2]
      [GC Worker Start (ms): Min: 102175.0, Avg: 102175.0, Max: 102175.0, Diff: 0.0]
      [Ext Root Scanning (ms): Min: 0.3, Avg: 0.3, Max: 0.3, Diff: 0.0, Sum: 0.7]
      [Update RS (ms): Min: 0.0, Avg: 0.0, Max: 0.0, Diff: 0.0, Sum: 0.1]
         [Processed Buffers: Min: 1, Avg: 1.0, Max: 1, Diff: 0, Sum: 2]
      [Scan RS (ms): Min: 0.2, Avg: 0.2, Max: 0.2, Diff: 0.0, Sum: 0.5]
      [Code Root Scanning (ms): Min: 0.1, Avg: 0.1, Max: 0.2, Diff: 0.0, Sum: 0.3]
      [Object Copy (ms): Min: 10.4, Avg: 10.4, Max: 10.4, Diff: 0.0, Sum: 20.7]
      [Termination (ms): Min: 0.0, Avg: 0.0, Max: 0.0, Diff: 0.0, Sum: 0.0]
      [GC Worker Other (ms): Min: 0.0, Avg: 0.0, Max: 0.0, Diff: 0.0, Sum: 0.1]
      [GC Worker Total (ms): Min: 11.1, Avg: 11.1, Max: 11.1, Diff: 0.0, Sum: 22.3]
      [GC Worker End (ms): Min: 102186.1, Avg: 102186.1, Max: 102186.1, Diff: 0.0]
   [Code Root Fixup: 0.0 ms]
   [Code Root Migration: 0.0 ms]
   [Clear CT: 0.1 ms]
   [Other: 0.5 ms]
      [Choose CSet: 0.0 ms]
      [Ref Proc: 0.1 ms]
      [Ref Enq: 0.0 ms]
      [Free CSet: 0.2 ms]
   [Eden: 134.0M(134.0M)->0.0B(132.0M) Survivors: 15.0M->17.0M Heap: 212.3M(256.0M)->80.2M(256.0M)]
 [Times: user=0.03 sys=0.00, real=0.01 secs] 
2014-07-10T11:37:51.479+0200: 102.258: [GC pause (G1 Evacuation Pause) (young) 102.258: [G1Ergonomics (CSet Construction) start choosing CSet, _pending_cards: 259, predicted base time: 1.75 ms, remaining time: 198.25 ms, target pause time: 200.00 ms]
 102.258: [G1Ergonomics (CSet Construction) add young regions to CSet, eden: 132 regions, survivors: 17 regions, predicted young region time: 94.31 ms]
 102.258: [G1Ergonomics (CSet Construction) finish choosing CSet, eden: 132 regions, survivors: 17 regions, old: 0 regions, predicted pause time: 96.06 ms, target pause time: 200.00 ms]
, 0.0063712 secs]
   [Parallel Time: 5.7 ms, GC Workers: 2]
      [GC Worker Start (ms): Min: 102258.1, Avg: 102258.1, Max: 102258.1, Diff: 0.0]
      [Ext Root Scanning (ms): Min: 0.3, Avg: 0.3, Max: 0.3, Diff: 0.0, Sum: 0.7]
      [Update RS (ms): Min: 0.1, Avg: 0.1, Max: 0.1, Diff: 0.0, Sum: 0.2]
         [Processed Buffers: Min: 1, Avg: 1.5, Max: 2, Diff: 1, Sum: 3]
      [Scan RS (ms): Min: 0.2, Avg: 0.2, Max: 0.2, Diff: 0.0, Sum: 0.4]
      [Code Root Scanning (ms): Min: 0.1, Avg: 0.1, Max: 0.1, Diff: 0.0, Sum: 0.2]
      [Object Copy (ms): Min: 4.9, Avg: 4.9, Max: 4.9, Diff: 0.0, Sum: 9.9]
      [Termination (ms): Min: 0.0, Avg: 0.0, Max: 0.0, Diff: 0.0, Sum: 0.0]
      [GC Worker Other (ms): Min: 0.0, Avg: 0.0, Max: 0.0, Diff: 0.0, Sum: 0.1]
      [GC Worker Total (ms): Min: 5.7, Avg: 5.7, Max: 5.7, Diff: 0.0, Sum: 11.4]
      [GC Worker End (ms): Min: 102263.8, Avg: 102263.8, Max: 102263.8, Diff: 0.0]
   [Code Root Fixup: 0.0 ms]
   [Code Root Migration: 0.0 ms]
   [Clear CT: 0.2 ms]
   [Other: 0.4 ms]
      [Choose CSet: 0.0 ms]
      [Ref Proc: 0.1 ms]
      [Ref Enq: 0.0 ms]
      [Free CSet: 0.2 ms]
   [Eden: 132.0M(132.0M)->0.0B(143.0M) Survivors: 17.0M->8192.0K Heap: 212.2M(256.0M)->71.0M(256.0M)]
 [Times: user=0.03 sys=0.00, real=0.01 secs] 
2014-07-10T11:37:51.633+0200: 102.412: [GC pause (G1 Evacuation Pause) (young) 102.412: [G1Ergonomics (CSet Construction) start choosing CSet, _pending_cards: 513, predicted base time: 1.65 ms, remaining time: 198.35 ms, target pause time: 200.00 ms]
 102.412: [G1Ergonomics (CSet Construction) add young regions to CSet, eden: 143 regions, survivors: 8 regions, predicted young region time: 18.11 ms]
 102.412: [G1Ergonomics (CSet Construction) finish choosing CSet, eden: 143 regions, survivors: 8 regions, old: 0 regions, predicted pause time: 19.76 ms, target pause time: 200.00 ms]
, 0.0072966 secs]
   [Parallel Time: 6.8 ms, GC Workers: 2]
      [GC Worker Start (ms): Min: 102411.7, Avg: 102411.7, Max: 102411.7, Diff: 0.0]
      [Ext Root Scanning (ms): Min: 0.3, Avg: 0.3, Max: 0.3, Diff: 0.0, Sum: 0.6]
      [Update RS (ms): Min: 0.1, Avg: 0.1, Max: 0.1, Diff: 0.0, Sum: 0.1]
         [Processed Buffers: Min: 1, Avg: 2.0, Max: 3, Diff: 2, Sum: 4]
      [Scan RS (ms): Min: 0.2, Avg: 0.2, Max: 0.2, Diff: 0.0, Sum: 0.4]
      [Code Root Scanning (ms): Min: 0.1, Avg: 0.1, Max: 0.1, Diff: 0.0, Sum: 0.2]
      [Object Copy (ms): Min: 6.0, Avg: 6.0, Max: 6.1, Diff: 0.0, Sum: 12.1]
      [Termination (ms): Min: 0.0, Avg: 0.0, Max: 0.0, Diff: 0.0, Sum: 0.0]
      [GC Worker Other (ms): Min: 0.0, Avg: 0.0, Max: 0.0, Diff: 0.0, Sum: 0.1]
      [GC Worker Total (ms): Min: 6.7, Avg: 6.7, Max: 6.7, Diff: 0.0, Sum: 13.5]
      [GC Worker End (ms): Min: 102418.5, Avg: 102418.5, Max: 102418.5, Diff: 0.0]
   [Code Root Fixup: 0.0 ms]
   [Code Root Migration: 0.0 ms]
   [Clear CT: 0.1 ms]
   [Other: 0.4 ms]
      [Choose CSet: 0.0 ms]
      [Ref Proc: 0.0 ms]
      [Ref Enq: 0.0 ms]
      [Free CSet: 0.2 ms]
   [Eden: 143.0M(143.0M)->0.0B(141.0M) Survivors: 8192.0K->11.0M Heap: 214.0M(256.0M)->73.8M(256.0M)]
 [Times: user=0.03 sys=0.00, real=0.01 secs] 
2014-07-10T11:37:51.805+0200: 102.584: [GC pause (G1 Evacuation Pause) (young) 102.584: [G1Ergonomics (CSet Construction) start choosing CSet, _pending_cards: 512, predicted base time: 1.45 ms, remaining time: 198.55 ms, target pause time: 200.00 ms]
 102.584: [G1Ergonomics (CSet Construction) add young regions to CSet, eden: 141 regions, survivors: 11 regions, predicted young region time: 96.60 ms]
 102.584: [G1Ergonomics (CSet Construction) finish choosing CSet, eden: 141 regions, survivors: 11 regions, old: 0 regions, predicted pause time: 98.05 ms, target pause time: 200.00 ms]
, 0.0192548 secs]
   [Parallel Time: 18.3 ms, GC Workers: 2]
      [GC Worker Start (ms): Min: 102584.5, Avg: 102584.5, Max: 102584.5, Diff: 0.0]
      [Ext Root Scanning (ms): Min: 0.5, Avg: 0.5, Max: 0.6, Diff: 0.0, Sum: 1.1]
      [Update RS (ms): Min: 0.1, Avg: 0.1, Max: 0.1, Diff: 0.1, Sum: 0.2]
         [Processed Buffers: Min: 1, Avg: 1.5, Max: 2, Diff: 1, Sum: 3]
      [Scan RS (ms): Min: 0.4, Avg: 0.5, Max: 0.5, Diff: 0.0, Sum: 0.9]
      [Code Root Scanning (ms): Min: 0.1, Avg: 0.2, Max: 0.2, Diff: 0.0, Sum: 0.3]
      [Object Copy (ms): Min: 16.9, Avg: 16.9, Max: 16.9, Diff: 0.0, Sum: 33.8]
      [Termination (ms): Min: 0.0, Avg: 0.0, Max: 0.0, Diff: 0.0, Sum: 0.0]
      [GC Worker Other (ms): Min: 0.0, Avg: 0.0, Max: 0.0, Diff: 0.0, Sum: 0.1]
      [GC Worker Total (ms): Min: 18.2, Avg: 18.2, Max: 18.2, Diff: 0.0, Sum: 36.4]
      [GC Worker End (ms): Min: 102602.7, Avg: 102602.7, Max: 102602.7, Diff: 0.0]
   [Code Root Fixup: 0.0 ms]
   [Code Root Migration: 0.1 ms]
   [Clear CT: 0.2 ms]
   [Other: 0.7 ms]
      [Choose CSet: 0.1 ms]
      [Ref Proc: 0.1 ms]
      [Ref Enq: 0.0 ms]
      [Free CSet: 0.3 ms]
   [Eden: 141.0M(141.0M)->0.0B(128.0M) Survivors: 11.0M->19.0M Heap: 214.8M(256.0M)->82.7M(256.0M)]
 [Times: user=0.03 sys=0.00, real=0.02 secs] 
2014-07-10T11:37:51.896+0200: 102.675: [GC pause (G1 Evacuation Pause) (young) 102.675: [G1Ergonomics (CSet Construction) start choosing CSet, _pending_cards: 512, predicted base time: 1.50 ms, remaining time: 198.50 ms, target pause time: 200.00 ms]
 102.675: [G1Ergonomics (CSet Construction) add young regions to CSet, eden: 128 regions, survivors: 19 regions, predicted young region time: 98.74 ms]
 102.675: [G1Ergonomics (CSet Construction) finish choosing CSet, eden: 128 regions, survivors: 19 regions, old: 0 regions, predicted pause time: 100.24 ms, target pause time: 200.00 ms]
, 0.0060922 secs]
   [Parallel Time: 5.5 ms, GC Workers: 2]
      [GC Worker Start (ms): Min: 102675.1, Avg: 102675.1, Max: 102675.1, Diff: 0.0]
      [Ext Root Scanning (ms): Min: 0.3, Avg: 0.3, Max: 0.3, Diff: 0.0, Sum: 0.7]
      [Update RS (ms): Min: 0.1, Avg: 0.1, Max: 0.1, Diff: 0.0, Sum: 0.1]
         [Processed Buffers: Min: 1, Avg: 1.5, Max: 2, Diff: 1, Sum: 3]
      [Scan RS (ms): Min: 0.2, Avg: 0.2, Max: 0.2, Diff: 0.0, Sum: 0.4]
      [Code Root Scanning (ms): Min: 0.1, Avg: 0.1, Max: 0.1, Diff: 0.0, Sum: 0.2]
      [Object Copy (ms): Min: 4.7, Avg: 4.7, Max: 4.7, Diff: 0.0, Sum: 9.4]
      [Termination (ms): Min: 0.0, Avg: 0.0, Max: 0.0, Diff: 0.0, Sum: 0.0]
      [GC Worker Other (ms): Min: 0.0, Avg: 0.0, Max: 0.0, Diff: 0.0, Sum: 0.1]
      [GC Worker Total (ms): Min: 5.5, Avg: 5.5, Max: 5.5, Diff: 0.0, Sum: 10.9]
      [GC Worker End (ms): Min: 102680.6, Avg: 102680.6, Max: 102680.6, Diff: 0.0]
   [Code Root Fixup: 0.0 ms]
   [Code Root Migration: 0.0 ms]
   [Clear CT: 0.1 ms]
   [Other: 0.4 ms]
      [Choose CSet: 0.0 ms]
      [Ref Proc: 0.1 ms]
      [Ref Enq: 0.0 ms]
      [Free CSet: 0.2 ms]
   [Eden: 128.0M(128.0M)->0.0B(145.0M) Survivors: 19.0M->7168.0K Heap: 210.7M(256.0M)->70.5M(256.0M)]
 [Times: user=0.00 sys=0.00, real=0.01 secs] 
2014-07-10T11:37:52.040+0200: 102.819: [GC pause (G1 Evacuation Pause) (young) 102.819: [G1Ergonomics (CSet Construction) start choosing CSet, _pending_cards: 256, predicted base time: 1.31 ms, remaining time: 198.69 ms, target pause time: 200.00 ms]
 102.819: [G1Ergonomics (CSet Construction) add young regions to CSet, eden: 145 regions, survivors: 7 regions, predicted young region time: 80.58 ms]
 102.819: [G1Ergonomics (CSet Construction) finish choosing CSet, eden: 145 regions, survivors: 7 regions, old: 0 regions, predicted pause time: 81.88 ms, target pause time: 200.00 ms]
, 0.0140718 secs]
   [Parallel Time: 13.0 ms, GC Workers: 2]
      [GC Worker Start (ms): Min: 102819.4, Avg: 102819.4, Max: 102819.4, Diff: 0.0]
      [Ext Root Scanning (ms): Min: 0.3, Avg: 0.3, Max: 0.3, Diff: 0.0, Sum: 0.6]
      [Update RS (ms): Min: 0.0, Avg: 0.0, Max: 0.1, Diff: 0.0, Sum: 0.1]
         [Processed Buffers: Min: 1, Avg: 1.0, Max: 1, Diff: 0, Sum: 2]
      [Scan RS (ms): Min: 0.2, Avg: 0.2, Max: 0.2, Diff: 0.0, Sum: 0.5]
      [Code Root Scanning (ms): Min: 0.1, Avg: 0.1, Max: 0.1, Diff: 0.0, Sum: 0.2]
      [Object Copy (ms): Min: 12.2, Avg: 12.2, Max: 12.2, Diff: 0.0, Sum: 24.4]
      [Termination (ms): Min: 0.0, Avg: 0.0, Max: 0.0, Diff: 0.0, Sum: 0.0]
      [GC Worker Other (ms): Min: 0.0, Avg: 0.0, Max: 0.0, Diff: 0.0, Sum: 0.1]
      [GC Worker Total (ms): Min: 12.9, Avg: 12.9, Max: 12.9, Diff: 0.0, Sum: 25.8]
      [GC Worker End (ms): Min: 102832.3, Avg: 102832.3, Max: 102832.3, Diff: 0.0]
   [Code Root Fixup: 0.0 ms]
   [Code Root Migration: 0.1 ms]
   [Clear CT: 0.6 ms]
   [Other: 0.4 ms]
      [Choose CSet: 0.0 ms]
      [Ref Proc: 0.1 ms]
      [Ref Enq: 0.0 ms]
      [Free CSet: 0.2 ms]
   [Eden: 145.0M(145.0M)->0.0B(127.0M) Survivors: 7168.0K->19.0M Heap: 215.5M(256.0M)->83.4M(256.0M)]
 [Times: user=0.03 sys=0.00, real=0.02 secs] 
2014-07-10T11:37:52.207+0200: 102.986: [GC pause (G1 Evacuation Pause) (young) 102.986: [G1Ergonomics (CSet Construction) start choosing CSet, _pending_cards: 256, predicted base time: 1.36 ms, remaining time: 198.64 ms, target pause time: 200.00 ms]
 102.986: [G1Ergonomics (CSet Construction) add young regions to CSet, eden: 127 regions, survivors: 19 regions, predicted young region time: 91.48 ms]
 102.986: [G1Ergonomics (CSet Construction) finish choosing CSet, eden: 127 regions, survivors: 19 regions, old: 0 regions, predicted pause time: 92.84 ms, target pause time: 200.00 ms]
, 0.0114435 secs]
   [Parallel Time: 10.2 ms, GC Workers: 2]
      [GC Worker Start (ms): Min: 102986.2, Avg: 102986.2, Max: 102986.2, Diff: 0.0]
      [Ext Root Scanning (ms): Min: 0.6, Avg: 0.6, Max: 0.6, Diff: 0.0, Sum: 1.2]
      [Update RS (ms): Min: 0.0, Avg: 0.0, Max: 0.1, Diff: 0.1, Sum: 0.1]
         [Processed Buffers: Min: 1, Avg: 1.0, Max: 1, Diff: 0, Sum: 2]
      [Scan RS (ms): Min: 0.3, Avg: 0.4, Max: 0.4, Diff: 0.0, Sum: 0.7]
      [Code Root Scanning (ms): Min: 0.1, Avg: 0.1, Max: 0.1, Diff: 0.0, Sum: 0.3]
      [Object Copy (ms): Min: 9.0, Avg: 9.0, Max: 9.0, Diff: 0.0, Sum: 18.0]
      [Termination (ms): Min: 0.0, Avg: 0.0, Max: 0.0, Diff: 0.0, Sum: 0.0]
      [GC Worker Other (ms): Min: 0.0, Avg: 0.0, Max: 0.0, Diff: 0.0, Sum: 0.1]
      [GC Worker Total (ms): Min: 10.2, Avg: 10.2, Max: 10.2, Diff: 0.0, Sum: 20.4]
      [GC Worker End (ms): Min: 102996.4, Avg: 102996.4, Max: 102996.4, Diff: 0.0]
   [Code Root Fixup: 0.0 ms]
   [Code Root Migration: 0.1 ms]
   [Clear CT: 0.1 ms]
   [Other: 1.1 ms]
      [Choose CSet: 0.1 ms]
      [Ref Proc: 0.5 ms]
      [Ref Enq: 0.0 ms]
      [Free CSet: 0.2 ms]
   [Eden: 127.0M(127.0M)->0.0B(133.0M) Survivors: 19.0M->15.0M Heap: 210.4M(256.0M)->78.9M(256.0M)]
 [Times: user=0.03 sys=0.00, real=0.01 secs] 
2014-07-10T11:37:52.301+0200: 103.080: [GC pause (G1 Evacuation Pause) (young) 103.080: [G1Ergonomics (CSet Construction) start choosing CSet, _pending_cards: 256, predicted base time: 1.51 ms, remaining time: 198.49 ms, target pause time: 200.00 ms]
 103.080: [G1Ergonomics (CSet Construction) add young regions to CSet, eden: 133 regions, survivors: 15 regions, predicted young region time: 91.48 ms]
 103.080: [G1Ergonomics (CSet Construction) finish choosing CSet, eden: 133 regions, survivors: 15 regions, old: 0 regions, predicted pause time: 93.00 ms, target pause time: 200.00 ms]
, 0.0106325 secs]
   [Parallel Time: 9.9 ms, GC Workers: 2]
      [GC Worker Start (ms): Min: 103080.3, Avg: 103080.3, Max: 103080.3, Diff: 0.0]
      [Ext Root Scanning (ms): Min: 0.3, Avg: 0.3, Max: 0.3, Diff: 0.0, Sum: 0.7]
      [Update RS (ms): Min: 0.0, Avg: 0.0, Max: 0.0, Diff: 0.0, Sum: 0.1]
         [Processed Buffers: Min: 1, Avg: 1.0, Max: 1, Diff: 0, Sum: 2]
      [Scan RS (ms): Min: 0.2, Avg: 0.2, Max: 0.2, Diff: 0.0, Sum: 0.4]
      [Code Root Scanning (ms): Min: 0.1, Avg: 0.1, Max: 0.1, Diff: 0.0, Sum: 0.2]
      [Object Copy (ms): Min: 9.1, Avg: 9.1, Max: 9.1, Diff: 0.0, Sum: 18.2]
      [Termination (ms): Min: 0.0, Avg: 0.0, Max: 0.0, Diff: 0.0, Sum: 0.0]
      [GC Worker Other (ms): Min: 0.0, Avg: 0.0, Max: 0.0, Diff: 0.0, Sum: 0.1]
      [GC Worker Total (ms): Min: 9.8, Avg: 9.8, Max: 9.8, Diff: 0.0, Sum: 19.7]
      [GC Worker End (ms): Min: 103090.1, Avg: 103090.1, Max: 103090.1, Diff: 0.0]
   [Code Root Fixup: 0.0 ms]
   [Code Root Migration: 0.0 ms]
   [Clear CT: 0.1 ms]
   [Other: 0.6 ms]
      [Choose CSet: 0.0 ms]
      [Ref Proc: 0.2 ms]
      [Ref Enq: 0.0 ms]
      [Free CSet: 0.2 ms]
   [Eden: 133.0M(133.0M)->0.0B(132.0M) Survivors: 15.0M->16.0M Heap: 211.9M(256.0M)->79.8M(256.0M)]
 [Times: user=0.03 sys=0.00, real=0.01 secs] 
2014-07-10T11:37:52.444+0200: 103.223: [GC pause (G1 Evacuation Pause) (young) 103.223: [G1Ergonomics (CSet Construction) start choosing CSet, _pending_cards: 256, predicted base time: 1.40 ms, remaining time: 198.60 ms, target pause time: 200.00 ms]
 103.223: [G1Ergonomics (CSet Construction) add young regions to CSet, eden: 132 regions, survivors: 16 regions, predicted young region time: 88.16 ms]
 103.223: [G1Ergonomics (CSet Construction) finish choosing CSet, eden: 132 regions, survivors: 16 regions, old: 0 regions, predicted pause time: 89.56 ms, target pause time: 200.00 ms]
, 0.0127190 secs]
   [Parallel Time: 11.6 ms, GC Workers: 2]
      [GC Worker Start (ms): Min: 103223.4, Avg: 103223.4, Max: 103223.4, Diff: 0.1]
      [Ext Root Scanning (ms): Min: 0.6, Avg: 0.7, Max: 0.9, Diff: 0.3, Sum: 1.4]
      [Update RS (ms): Min: 0.0, Avg: 0.0, Max: 0.1, Diff: 0.0, Sum: 0.1]
         [Processed Buffers: Min: 0, Avg: 1.0, Max: 2, Diff: 2, Sum: 2]
      [Scan RS (ms): Min: 0.2, Avg: 0.3, Max: 0.3, Diff: 0.1, Sum: 0.6]
      [Code Root Scanning (ms): Min: 0.1, Avg: 0.1, Max: 0.1, Diff: 0.0, Sum: 0.2]
      [Object Copy (ms): Min: 10.3, Avg: 10.3, Max: 10.4, Diff: 0.0, Sum: 20.7]
      [Termination (ms): Min: 0.0, Avg: 0.0, Max: 0.0, Diff: 0.0, Sum: 0.0]
      [GC Worker Other (ms): Min: 0.0, Avg: 0.0, Max: 0.0, Diff: 0.0, Sum: 0.1]
      [GC Worker Total (ms): Min: 11.5, Avg: 11.5, Max: 11.6, Diff: 0.1, Sum: 23.1]
      [GC Worker End (ms): Min: 103234.9, Avg: 103234.9, Max: 103234.9, Diff: 0.0]
   [Code Root Fixup: 0.0 ms]
   [Code Root Migration: 0.0 ms]
   [Clear CT: 0.1 ms]
   [Other: 1.0 ms]
      [Choose CSet: 0.0 ms]
      [Ref Proc: 0.6 ms]
      [Ref Enq: 0.0 ms]
      [Free CSet: 0.2 ms]
   [Eden: 132.0M(132.0M)->0.0B(132.0M) Survivors: 16.0M->16.0M Heap: 211.8M(256.0M)->79.7M(256.0M)]
 [Times: user=0.02 sys=0.00, real=0.01 secs] 
2014-07-10T11:37:52.591+0200: 103.370: [GC pause (G1 Evacuation Pause) (young) 103.370: [G1Ergonomics (CSet Construction) start choosing CSet, _pending_cards: 258, predicted base time: 1.58 ms, remaining time: 198.42 ms, target pause time: 200.00 ms]
 103.370: [G1Ergonomics (CSet Construction) add young regions to CSet, eden: 132 regions, survivors: 16 regions, predicted young region time: 12.74 ms]
 103.370: [G1Ergonomics (CSet Construction) finish choosing CSet, eden: 132 regions, survivors: 16 regions, old: 0 regions, predicted pause time: 14.32 ms, target pause time: 200.00 ms]
, 0.0024854 secs]
   [Parallel Time: 1.9 ms, GC Workers: 2]
      [GC Worker Start (ms): Min: 103369.8, Avg: 103369.8, Max: 103369.8, Diff: 0.0]
      [Ext Root Scanning (ms): Min: 0.2, Avg: 0.2, Max: 0.2, Diff: 0.0, Sum: 0.4]
      [Update RS (ms): Min: 0.0, Avg: 0.0, Max: 0.0, Diff: 0.0, Sum: 0.1]
         [Processed Buffers: Min: 1, Avg: 1.5, Max: 2, Diff: 1, Sum: 3]
      [Scan RS (ms): Min: 0.2, Avg: 0.2, Max: 0.2, Diff: 0.0, Sum: 0.4]
      [Code Root Scanning (ms): Min: 0.1, Avg: 0.1, Max: 0.1, Diff: 0.0, Sum: 0.2]
      [Object Copy (ms): Min: 1.3, Avg: 1.3, Max: 1.3, Diff: 0.0, Sum: 2.5]
      [Termination (ms): Min: 0.0, Avg: 0.0, Max: 0.0, Diff: 0.0, Sum: 0.0]
      [GC Worker Other (ms): Min: 0.0, Avg: 0.0, Max: 0.0, Diff: 0.0, Sum: 0.0]
      [GC Worker Total (ms): Min: 1.9, Avg: 1.9, Max: 1.9, Diff: 0.0, Sum: 3.7]
      [GC Worker End (ms): Min: 103371.6, Avg: 103371.6, Max: 103371.6, Diff: 0.0]
   [Code Root Fixup: 0.0 ms]
   [Code Root Migration: 0.0 ms]
   [Clear CT: 0.1 ms]
   [Other: 0.4 ms]
      [Choose CSet: 0.0 ms]
      [Ref Proc: 0.1 ms]
      [Ref Enq: 0.0 ms]
      [Free CSet: 0.2 ms]
   [Eden: 132.0M(132.0M)->0.0B(148.0M) Survivors: 16.0M->3072.0K Heap: 211.7M(256.0M)->67.5M(256.0M)]
 [Times: user=0.00 sys=0.00, real=0.00 secs] 
2014-07-10T11:37:52.697+0200: 103.476: [GC pause (G1 Evacuation Pause) (young) 103.476: [G1Ergonomics (CSet Construction) start choosing CSet, _pending_cards: 512, predicted base time: 1.43 ms, remaining time: 198.57 ms, target pause time: 200.00 ms]
 103.476: [G1Ergonomics (CSet Construction) add young regions to CSet, eden: 148 regions, survivors: 3 regions, predicted young region time: 92.04 ms]
 103.476: [G1Ergonomics (CSet Construction) finish choosing CSet, eden: 148 regions, survivors: 3 regions, old: 0 regions, predicted pause time: 93.47 ms, target pause time: 200.00 ms]
, 0.0132044 secs]
   [Parallel Time: 12.6 ms, GC Workers: 2]
      [GC Worker Start (ms): Min: 103476.5, Avg: 103476.7, Max: 103476.8, Diff: 0.3]
      [Ext Root Scanning (ms): Min: 0.2, Avg: 0.3, Max: 0.5, Diff: 0.3, Sum: 0.6]
      [Update RS (ms): Min: 0.0, Avg: 0.0, Max: 0.1, Diff: 0.0, Sum: 0.1]
         [Processed Buffers: Min: 1, Avg: 1.5, Max: 2, Diff: 1, Sum: 3]
      [Scan RS (ms): Min: 0.2, Avg: 0.2, Max: 0.2, Diff: 0.0, Sum: 0.5]
      [Code Root Scanning (ms): Min: 0.1, Avg: 0.1, Max: 0.1, Diff: 0.0, Sum: 0.2]
      [Object Copy (ms): Min: 11.6, Avg: 11.6, Max: 11.7, Diff: 0.0, Sum: 23.3]
      [Termination (ms): Min: 0.0, Avg: 0.0, Max: 0.0, Diff: 0.0, Sum: 0.0]
      [GC Worker Other (ms): Min: 0.0, Avg: 0.0, Max: 0.0, Diff: 0.0, Sum: 0.1]
      [GC Worker Total (ms): Min: 12.2, Avg: 12.4, Max: 12.6, Diff: 0.3, Sum: 24.8]
      [GC Worker End (ms): Min: 103489.1, Avg: 103489.1, Max: 103489.1, Diff: 0.0]
   [Code Root Fixup: 0.0 ms]
   [Code Root Migration: 0.1 ms]
   [Clear CT: 0.1 ms]
   [Other: 0.5 ms]
      [Choose CSet: 0.0 ms]
      [Ref Proc: 0.1 ms]
      [Ref Enq: 0.0 ms]
      [Free CSet: 0.3 ms]
   [Eden: 148.0M(148.0M)->0.0B(127.0M) Survivors: 3072.0K->19.0M Heap: 215.5M(256.0M)->83.4M(256.0M)]
 [Times: user=0.03 sys=0.00, real=0.01 secs] 
2014-07-10T11:37:52.832+0200: 103.611: [GC pause (G1 Evacuation Pause) (young) 103.611: [G1Ergonomics (CSet Construction) start choosing CSet, _pending_cards: 512, predicted base time: 1.33 ms, remaining time: 198.67 ms, target pause time: 200.00 ms]
 103.611: [G1Ergonomics (CSet Construction) add young regions to CSet, eden: 127 regions, survivors: 19 regions, predicted young region time: 15.50 ms]
 103.611: [G1Ergonomics (CSet Construction) finish choosing CSet, eden: 127 regions, survivors: 19 regions, old: 0 regions, predicted pause time: 16.83 ms, target pause time: 200.00 ms]
, 0.0095510 secs]
   [Parallel Time: 9.0 ms, GC Workers: 2]
      [GC Worker Start (ms): Min: 103610.8, Avg: 103610.8, Max: 103610.8, Diff: 0.0]
      [Ext Root Scanning (ms): Min: 0.3, Avg: 0.3, Max: 0.3, Diff: 0.0, Sum: 0.5]
      [Update RS (ms): Min: 0.0, Avg: 0.0, Max: 0.0, Diff: 0.0, Sum: 0.1]
         [Processed Buffers: Min: 1, Avg: 1.5, Max: 2, Diff: 1, Sum: 3]
      [Scan RS (ms): Min: 0.2, Avg: 0.2, Max: 0.2, Diff: 0.0, Sum: 0.4]
      [Code Root Scanning (ms): Min: 0.1, Avg: 0.1, Max: 0.1, Diff: 0.0, Sum: 0.2]
      [Object Copy (ms): Min: 8.1, Avg: 8.2, Max: 8.2, Diff: 0.0, Sum: 16.3]
      [Termination (ms): Min: 0.0, Avg: 0.1, Max: 0.2, Diff: 0.2, Sum: 0.2]
      [GC Worker Other (ms): Min: 0.0, Avg: 0.0, Max: 0.0, Diff: 0.0, Sum: 0.1]
      [GC Worker Total (ms): Min: 8.8, Avg: 8.9, Max: 9.0, Diff: 0.2, Sum: 17.8]
      [GC Worker End (ms): Min: 103619.6, Avg: 103619.7, Max: 103619.7, Diff: 0.2]
   [Code Root Fixup: 0.0 ms]
   [Code Root Migration: 0.0 ms]
   [Clear CT: 0.1 ms]
   [Other: 0.4 ms]
      [Choose CSet: 0.0 ms]
      [Ref Proc: 0.0 ms]
      [Ref Enq: 0.0 ms]
      [Free CSet: 0.2 ms]
   [Eden: 127.0M(127.0M)->0.0B(135.0M) Survivors: 19.0M->14.0M Heap: 210.4M(256.0M)->78.3M(256.0M)]
 [Times: user=0.03 sys=0.00, real=0.01 secs] 
2014-07-10T11:37:52.992+0200: 103.771: [GC pause (G1 Evacuation Pause) (young) 103.771: [G1Ergonomics (CSet Construction) start choosing CSet, _pending_cards: 513, predicted base time: 1.21 ms, remaining time: 198.79 ms, target pause time: 200.00 ms]
 103.771: [G1Ergonomics (CSet Construction) add young regions to CSet, eden: 135 regions, survivors: 14 regions, predicted young region time: 83.29 ms]
 103.771: [G1Ergonomics (CSet Construction) finish choosing CSet, eden: 135 regions, survivors: 14 regions, old: 0 regions, predicted pause time: 84.51 ms, target pause time: 200.00 ms]
, 0.0078022 secs]
   [Parallel Time: 6.0 ms, GC Workers: 2]
      [GC Worker Start (ms): Min: 103771.2, Avg: 103771.2, Max: 103771.2, Diff: 0.0]
      [Ext Root Scanning (ms): Min: 0.5, Avg: 0.5, Max: 0.5, Diff: 0.0, Sum: 1.0]
      [Update RS (ms): Min: 0.1, Avg: 0.1, Max: 0.1, Diff: 0.0, Sum: 0.2]
         [Processed Buffers: Min: 2, Avg: 2.0, Max: 2, Diff: 0, Sum: 4]
      [Scan RS (ms): Min: 0.4, Avg: 0.4, Max: 0.4, Diff: 0.0, Sum: 0.7]
      [Code Root Scanning (ms): Min: 0.1, Avg: 0.1, Max: 0.2, Diff: 0.0, Sum: 0.3]
      [Object Copy (ms): Min: 4.8, Avg: 4.8, Max: 4.8, Diff: 0.0, Sum: 9.6]
      [Termination (ms): Min: 0.0, Avg: 0.0, Max: 0.0, Diff: 0.0, Sum: 0.0]
      [GC Worker Other (ms): Min: 0.0, Avg: 0.0, Max: 0.0, Diff: 0.0, Sum: 0.1]
      [GC Worker Total (ms): Min: 5.9, Avg: 6.0, Max: 6.0, Diff: 0.0, Sum: 11.9]
      [GC Worker End (ms): Min: 103777.2, Avg: 103777.2, Max: 103777.2, Diff: 0.0]
   [Code Root Fixup: 0.0 ms]
   [Code Root Migration: 0.1 ms]
   [Clear CT: 0.3 ms]
   [Other: 1.4 ms]
      [Choose CSet: 0.1 ms]
      [Ref Proc: 0.6 ms]
      [Ref Enq: 0.0 ms]
      [Free CSet: 0.5 ms]
   [Eden: 135.0M(135.0M)->0.0B(146.0M) Survivors: 14.0M->5120.0K Heap: 213.3M(256.0M)->69.0M(256.0M)]
 [Times: user=0.03 sys=0.00, real=0.01 secs] 
2014-07-10T11:37:53.098+0200: 103.878: [GC pause (G1 Evacuation Pause) (young) 103.878: [G1Ergonomics (CSet Construction) start choosing CSet, _pending_cards: 512, predicted base time: 1.56 ms, remaining time: 198.44 ms, target pause time: 200.00 ms]
 103.878: [G1Ergonomics (CSet Construction) add young regions to CSet, eden: 146 regions, survivors: 5 regions, predicted young region time: 119.08 ms]
 103.878: [G1Ergonomics (CSet Construction) finish choosing CSet, eden: 146 regions, survivors: 5 regions, old: 0 regions, predicted pause time: 120.65 ms, target pause time: 200.00 ms]
, 0.0126841 secs]
   [Parallel Time: 11.9 ms, GC Workers: 2]
      [GC Worker Start (ms): Min: 103877.6, Avg: 103877.6, Max: 103877.6, Diff: 0.0]
      [Ext Root Scanning (ms): Min: 0.3, Avg: 0.3, Max: 0.3, Diff: 0.0, Sum: 0.5]
      [Update RS (ms): Min: 0.0, Avg: 0.0, Max: 0.0, Diff: 0.0, Sum: 0.1]
         [Processed Buffers: Min: 1, Avg: 1.5, Max: 2, Diff: 1, Sum: 3]
      [Scan RS (ms): Min: 0.2, Avg: 0.2, Max: 0.2, Diff: 0.0, Sum: 0.4]
      [Code Root Scanning (ms): Min: 0.1, Avg: 0.1, Max: 0.1, Diff: 0.0, Sum: 0.2]
      [Object Copy (ms): Min: 11.2, Avg: 11.2, Max: 11.2, Diff: 0.0, Sum: 22.4]
      [Termination (ms): Min: 0.0, Avg: 0.0, Max: 0.0, Diff: 0.0, Sum: 0.0]
      [GC Worker Other (ms): Min: 0.0, Avg: 0.0, Max: 0.0, Diff: 0.0, Sum: 0.0]
      [GC Worker Total (ms): Min: 11.8, Avg: 11.8, Max: 11.8, Diff: 0.0, Sum: 23.7]
      [GC Worker End (ms): Min: 103889.4, Avg: 103889.4, Max: 103889.4, Diff: 0.0]
   [Code Root Fixup: 0.0 ms]
   [Code Root Migration: 0.0 ms]
   [Clear CT: 0.2 ms]
   [Other: 0.6 ms]
      [Choose CSet: 0.0 ms]
      [Ref Proc: 0.2 ms]
      [Ref Enq: 0.0 ms]
      [Free CSet: 0.2 ms]
   [Eden: 146.0M(146.0M)->0.0B(127.0M) Survivors: 5120.0K->19.0M Heap: 215.0M(256.0M)->82.9M(256.0M)]
 [Times: user=0.03 sys=0.00, real=0.01 secs] 
2014-07-10T11:37:53.247+0200: 104.026: [GC pause (G1 Evacuation Pause) (young) 104.026: [G1Ergonomics (CSet Construction) start choosing CSet, _pending_cards: 512, predicted base time: 1.43 ms, remaining time: 198.57 ms, target pause time: 200.00 ms]
 104.026: [G1Ergonomics (CSet Construction) add young regions to CSet, eden: 127 regions, survivors: 19 regions, predicted young region time: 85.01 ms]
 104.026: [G1Ergonomics (CSet Construction) finish choosing CSet, eden: 127 regions, survivors: 19 regions, old: 0 regions, predicted pause time: 86.44 ms, target pause time: 200.00 ms]
, 0.0105889 secs]
   [Parallel Time: 9.5 ms, GC Workers: 2]
      [GC Worker Start (ms): Min: 104025.7, Avg: 104025.7, Max: 104025.7, Diff: 0.0]
      [Ext Root Scanning (ms): Min: 0.3, Avg: 0.3, Max: 0.3, Diff: 0.0, Sum: 0.6]
      [Update RS (ms): Min: 0.0, Avg: 0.0, Max: 0.0, Diff: 0.0, Sum: 0.1]
         [Processed Buffers: Min: 1, Avg: 1.5, Max: 2, Diff: 1, Sum: 3]
      [Scan RS (ms): Min: 0.2, Avg: 0.2, Max: 0.2, Diff: 0.0, Sum: 0.5]
      [Code Root Scanning (ms): Min: 0.1, Avg: 0.1, Max: 0.1, Diff: 0.0, Sum: 0.2]
      [Object Copy (ms): Min: 8.7, Avg: 8.7, Max: 8.7, Diff: 0.0, Sum: 17.4]
      [Termination (ms): Min: 0.0, Avg: 0.0, Max: 0.0, Diff: 0.0, Sum: 0.0]
      [GC Worker Other (ms): Min: 0.0, Avg: 0.0, Max: 0.0, Diff: 0.0, Sum: 0.1]
      [GC Worker Total (ms): Min: 9.4, Avg: 9.4, Max: 9.4, Diff: 0.0, Sum: 18.8]
      [GC Worker End (ms): Min: 104035.1, Avg: 104035.1, Max: 104035.1, Diff: 0.0]
   [Code Root Fixup: 0.0 ms]
   [Code Root Migration: 0.0 ms]
   [Clear CT: 0.1 ms]
   [Other: 0.9 ms]
      [Choose CSet: 0.0 ms]
      [Ref Proc: 0.6 ms]
      [Ref Enq: 0.0 ms]
      [Free CSet: 0.2 ms]
   [Eden: 127.0M(127.0M)->0.0B(135.0M) Survivors: 19.0M->14.0M Heap: 209.9M(256.0M)->77.8M(256.0M)]
 [Times: user=0.00 sys=0.00, real=0.01 secs] 
2014-07-10T11:37:53.398+0200: 104.177: [GC pause (G1 Evacuation Pause) (young) 104.177: [G1Ergonomics (CSet Construction) start choosing CSet, _pending_cards: 512, predicted base time: 1.44 ms, remaining time: 198.56 ms, target pause time: 200.00 ms]
 104.177: [G1Ergonomics (CSet Construction) add young regions to CSet, eden: 135 regions, survivors: 14 regions, predicted young region time: 100.12 ms]
 104.177: [G1Ergonomics (CSet Construction) finish choosing CSet, eden: 135 regions, survivors: 14 regions, old: 0 regions, predicted pause time: 101.56 ms, target pause time: 200.00 ms]
, 0.0133859 secs]
   [Parallel Time: 12.8 ms, GC Workers: 2]
      [GC Worker Start (ms): Min: 104177.1, Avg: 104183.1, Max: 104189.2, Diff: 12.1]
      [Ext Root Scanning (ms): Min: 0.0, Avg: 0.2, Max: 0.4, Diff: 0.4, Sum: 0.4]
      [Update RS (ms): Min: 0.0, Avg: 0.0, Max: 0.1, Diff: 0.1, Sum: 0.1]
         [Processed Buffers: Min: 0, Avg: 1.5, Max: 3, Diff: 3, Sum: 3]
      [Scan RS (ms): Min: 0.0, Avg: 0.2, Max: 0.4, Diff: 0.4, Sum: 0.4]
      [Code Root Scanning (ms): Min: 0.0, Avg: 0.1, Max: 0.2, Diff: 0.2, Sum: 0.2]
      [Object Copy (ms): Min: 0.0, Avg: 5.5, Max: 11.0, Diff: 11.0, Sum: 11.0]
      [Termination (ms): Min: 0.0, Avg: 0.3, Max: 0.6, Diff: 0.6, Sum: 0.6]
      [GC Worker Other (ms): Min: 0.0, Avg: 0.0, Max: 0.0, Diff: 0.0, Sum: 0.0]
      [GC Worker Total (ms): Min: 0.1, Avg: 6.4, Max: 12.7, Diff: 12.7, Sum: 12.8]
      [GC Worker End (ms): Min: 104189.3, Avg: 104189.5, Max: 104189.8, Diff: 0.5]
   [Code Root Fixup: 0.0 ms]
   [Code Root Migration: 0.0 ms]
   [Clear CT: 0.1 ms]
   [Other: 0.4 ms]
      [Choose CSet: 0.0 ms]
      [Ref Proc: 0.1 ms]
      [Ref Enq: 0.0 ms]
      [Free CSet: 0.2 ms]
   [Eden: 135.0M(135.0M)->0.0B(131.0M) Survivors: 14.0M->17.0M Heap: 212.8M(256.0M)->80.7M(256.0M)]
 [Times: user=0.02 sys=0.00, real=0.01 secs] 
2014-07-10T11:37:53.490+0200: 104.269: [GC pause (G1 Evacuation Pause) (young) 104.269: [G1Ergonomics (CSet Construction) start choosing CSet, _pending_cards: 259, predicted base time: 4.11 ms, remaining time: 195.89 ms, target pause time: 200.00 ms]
 104.269: [G1Ergonomics (CSet Construction) add young regions to CSet, eden: 131 regions, survivors: 17 regions, predicted young region time: 76.99 ms]
 104.269: [G1Ergonomics (CSet Construction) finish choosing CSet, eden: 131 regions, survivors: 17 regions, old: 0 regions, predicted pause time: 81.11 ms, target pause time: 200.00 ms]
, 0.0016670 secs]
   [Parallel Time: 1.2 ms, GC Workers: 2]
      [GC Worker Start (ms): Min: 104269.5, Avg: 104269.5, Max: 104269.5, Diff: 0.0]
      [Ext Root Scanning (ms): Min: 0.2, Avg: 0.2, Max: 0.2, Diff: 0.0, Sum: 0.5]
      [Update RS (ms): Min: 0.0, Avg: 0.0, Max: 0.1, Diff: 0.0, Sum: 0.1]
         [Processed Buffers: Min: 1, Avg: 1.5, Max: 2, Diff: 1, Sum: 3]
      [Scan RS (ms): Min: 0.2, Avg: 0.2, Max: 0.2, Diff: 0.0, Sum: 0.4]
      [Code Root Scanning (ms): Min: 0.1, Avg: 0.1, Max: 0.1, Diff: 0.0, Sum: 0.2]
      [Object Copy (ms): Min: 0.6, Avg: 0.6, Max: 0.6, Diff: 0.0, Sum: 1.2]
      [Termination (ms): Min: 0.0, Avg: 0.0, Max: 0.0, Diff: 0.0, Sum: 0.0]
      [GC Worker Other (ms): Min: 0.0, Avg: 0.0, Max: 0.0, Diff: 0.0, Sum: 0.0]
      [GC Worker Total (ms): Min: 1.2, Avg: 1.2, Max: 1.2, Diff: 0.0, Sum: 2.4]
      [GC Worker End (ms): Min: 104270.7, Avg: 104270.7, Max: 104270.7, Diff: 0.0]
   [Code Root Fixup: 0.0 ms]
   [Code Root Migration: 0.0 ms]
   [Clear CT: 0.1 ms]
   [Other: 0.3 ms]
      [Choose CSet: 0.0 ms]
      [Ref Proc: 0.0 ms]
      [Ref Enq: 0.0 ms]
      [Free CSet: 0.2 ms]
   [Eden: 131.0M(131.0M)->0.0B(149.0M) Survivors: 17.0M->2048.0K Heap: 211.7M(256.0M)->66.4M(256.0M)]
 [Times: user=0.00 sys=0.00, real=0.00 secs] 
2014-07-10T11:37:53.636+0200: 104.415: [GC pause (G1 Evacuation Pause) (young) 104.415: [G1Ergonomics (CSet Construction) start choosing CSet, _pending_cards: 512, predicted base time: 3.36 ms, remaining time: 196.64 ms, target pause time: 200.00 ms]
 104.415: [G1Ergonomics (CSet Construction) add young regions to CSet, eden: 149 regions, survivors: 2 regions, predicted young region time: 87.04 ms]
 104.415: [G1Ergonomics (CSet Construction) finish choosing CSet, eden: 149 regions, survivors: 2 regions, old: 0 regions, predicted pause time: 90.40 ms, target pause time: 200.00 ms]
, 0.0143450 secs]
   [Parallel Time: 13.8 ms, GC Workers: 2]
      [GC Worker Start (ms): Min: 104415.1, Avg: 104415.1, Max: 104415.1, Diff: 0.0]
      [Ext Root Scanning (ms): Min: 0.4, Avg: 0.4, Max: 0.4, Diff: 0.0, Sum: 0.9]
      [Update RS (ms): Min: 0.0, Avg: 0.1, Max: 0.1, Diff: 0.0, Sum: 0.1]
         [Processed Buffers: Min: 1, Avg: 1.5, Max: 2, Diff: 1, Sum: 3]
      [Scan RS (ms): Min: 0.2, Avg: 0.2, Max: 0.2, Diff: 0.0, Sum: 0.5]
      [Code Root Scanning (ms): Min: 0.1, Avg: 0.1, Max: 0.1, Diff: 0.0, Sum: 0.2]
      [Object Copy (ms): Min: 11.9, Avg: 12.5, Max: 13.0, Diff: 1.0, Sum: 24.9]
      [Termination (ms): Min: 0.0, Avg: 0.5, Max: 1.0, Diff: 1.0, Sum: 1.0]
      [GC Worker Other (ms): Min: 0.0, Avg: 0.0, Max: 0.0, Diff: 0.0, Sum: 0.1]
      [GC Worker Total (ms): Min: 13.8, Avg: 13.8, Max: 13.8, Diff: 0.0, Sum: 27.7]
      [GC Worker End (ms): Min: 104428.9, Avg: 104428.9, Max: 104428.9, Diff: 0.0]
   [Code Root Fixup: 0.0 ms]
   [Code Root Migration: 0.0 ms]
   [Clear CT: 0.1 ms]
   [Other: 0.4 ms]
      [Choose CSet: 0.0 ms]
      [Ref Proc: 0.0 ms]
      [Ref Enq: 0.0 ms]
      [Free CSet: 0.2 ms]
   [Eden: 149.0M(149.0M)->0.0B(127.0M) Survivors: 2048.0K->19.0M Heap: 215.4M(256.0M)->83.3M(256.0M)]
 [Times: user=0.00 sys=0.00, real=0.01 secs] 
2014-07-10T11:37:53.801+0200: 104.580: [GC pause (G1 Evacuation Pause) (young) 104.580: [G1Ergonomics (CSet Construction) start choosing CSet, _pending_cards: 512, predicted base time: 2.81 ms, remaining time: 197.19 ms, target pause time: 200.00 ms]
 104.580: [G1Ergonomics (CSet Construction) add young regions to CSet, eden: 127 regions, survivors: 19 regions, predicted young region time: 18.26 ms]
 104.580: [G1Ergonomics (CSet Construction) finish choosing CSet, eden: 127 regions, survivors: 19 regions, old: 0 regions, predicted pause time: 21.07 ms, target pause time: 200.00 ms]
, 0.0170771 secs]
   [Parallel Time: 15.6 ms, GC Workers: 2]
      [GC Worker Start (ms): Min: 104580.2, Avg: 104581.1, Max: 104582.0, Diff: 1.8]
      [Ext Root Scanning (ms): Min: 0.0, Avg: 0.4, Max: 0.9, Diff: 0.8, Sum: 0.9]
      [Update RS (ms): Min: 0.0, Avg: 0.1, Max: 0.2, Diff: 0.2, Sum: 0.2]
         [Processed Buffers: Min: 0, Avg: 1.5, Max: 3, Diff: 3, Sum: 3]
      [Scan RS (ms): Min: 0.1, Avg: 0.4, Max: 0.7, Diff: 0.6, Sum: 0.9]
      [Code Root Scanning (ms): Min: 0.0, Avg: 0.1, Max: 0.2, Diff: 0.2, Sum: 0.3]
      [Object Copy (ms): Min: 13.5, Avg: 13.5, Max: 13.6, Diff: 0.1, Sum: 27.0]
      [Termination (ms): Min: 0.0, Avg: 0.0, Max: 0.0, Diff: 0.0, Sum: 0.0]
      [GC Worker Other (ms): Min: 0.0, Avg: 0.0, Max: 0.0, Diff: 0.0, Sum: 0.1]
      [GC Worker Total (ms): Min: 13.7, Avg: 14.7, Max: 15.6, Diff: 1.9, Sum: 29.3]
      [GC Worker End (ms): Min: 104595.8, Avg: 104595.8, Max: 104595.8, Diff: 0.0]
   [Code Root Fixup: 0.0 ms]
   [Code Root Migration: 0.1 ms]
   [Clear CT: 0.4 ms]
   [Other: 0.9 ms]
      [Choose CSet: 0.1 ms]
      [Ref Proc: 0.1 ms]
      [Ref Enq: 0.0 ms]
      [Free CSet: 0.5 ms]
   [Eden: 127.0M(127.0M)->0.0B(135.0M) Survivors: 19.0M->14.0M Heap: 210.3M(256.0M)->78.2M(256.0M)]
 [Times: user=0.03 sys=0.00, real=0.02 secs] 
2014-07-10T11:37:53.897+0200: 104.676: [GC pause (G1 Evacuation Pause) (young) 104.676: [G1Ergonomics (CSet Construction) start choosing CSet, _pending_cards: 256, predicted base time: 2.80 ms, remaining time: 197.20 ms, target pause time: 200.00 ms]
 104.676: [G1Ergonomics (CSet Construction) add young regions to CSet, eden: 135 regions, survivors: 14 regions, predicted young region time: 105.11 ms]
 104.676: [G1Ergonomics (CSet Construction) finish choosing CSet, eden: 135 regions, survivors: 14 regions, old: 0 regions, predicted pause time: 107.91 ms, target pause time: 200.00 ms]
, 0.0115439 secs]
   [Parallel Time: 10.9 ms, GC Workers: 2]
      [GC Worker Start (ms): Min: 104676.0, Avg: 104676.0, Max: 104676.0, Diff: 0.0]
      [Ext Root Scanning (ms): Min: 0.3, Avg: 0.3, Max: 0.3, Diff: 0.0, Sum: 0.7]
      [Update RS (ms): Min: 0.0, Avg: 0.1, Max: 0.1, Diff: 0.1, Sum: 0.1]
         [Processed Buffers: Min: 1, Avg: 1.0, Max: 1, Diff: 0, Sum: 2]
      [Scan RS (ms): Min: 0.2, Avg: 0.2, Max: 0.3, Diff: 0.0, Sum: 0.5]
      [Code Root Scanning (ms): Min: 0.1, Avg: 0.1, Max: 0.1, Diff: 0.0, Sum: 0.2]
      [Object Copy (ms): Min: 10.1, Avg: 10.1, Max: 10.1, Diff: 0.0, Sum: 20.2]
      [Termination (ms): Min: 0.0, Avg: 0.0, Max: 0.0, Diff: 0.0, Sum: 0.0]
      [GC Worker Other (ms): Min: 0.0, Avg: 0.0, Max: 0.0, Diff: 0.0, Sum: 0.1]
      [GC Worker Total (ms): Min: 10.9, Avg: 10.9, Max: 10.9, Diff: 0.0, Sum: 21.7]
      [GC Worker End (ms): Min: 104686.9, Avg: 104686.9, Max: 104686.9, Diff: 0.0]
   [Code Root Fixup: 0.0 ms]
   [Code Root Migration: 0.0 ms]
   [Clear CT: 0.1 ms]
   [Other: 0.5 ms]
      [Choose CSet: 0.0 ms]
      [Ref Proc: 0.1 ms]
      [Ref Enq: 0.0 ms]
      [Free CSet: 0.2 ms]
   [Eden: 135.0M(135.0M)->0.0B(131.0M) Survivors: 14.0M->17.0M Heap: 213.2M(256.0M)->81.1M(256.0M)]
 [Times: user=0.03 sys=0.00, real=0.01 secs] 
2014-07-10T11:37:54.024+0200: 104.803: [GC pause (G1 Evacuation Pause) (young) 104.803: [G1Ergonomics (CSet Construction) start choosing CSet, _pending_cards: 257, predicted base time: 2.38 ms, remaining time: 197.62 ms, target pause time: 200.00 ms]
 104.803: [G1Ergonomics (CSet Construction) add young regions to CSet, eden: 131 regions, survivors: 17 regions, predicted young region time: 97.16 ms]
 104.803: [G1Ergonomics (CSet Construction) finish choosing CSet, eden: 131 regions, survivors: 17 regions, old: 0 regions, predicted pause time: 99.53 ms, target pause time: 200.00 ms]
, 0.0061018 secs]
   [Parallel Time: 5.5 ms, GC Workers: 2]
      [GC Worker Start (ms): Min: 104803.2, Avg: 104803.2, Max: 104803.2, Diff: 0.0]
      [Ext Root Scanning (ms): Min: 0.3, Avg: 0.3, Max: 0.3, Diff: 0.0, Sum: 0.7]
      [Update RS (ms): Min: 0.0, Avg: 0.0, Max: 0.0, Diff: 0.0, Sum: 0.1]
         [Processed Buffers: Min: 1, Avg: 1.5, Max: 2, Diff: 1, Sum: 3]
      [Scan RS (ms): Min: 0.2, Avg: 0.3, Max: 0.3, Diff: 0.0, Sum: 0.5]
      [Code Root Scanning (ms): Min: 0.1, Avg: 0.1, Max: 0.1, Diff: 0.0, Sum: 0.2]
      [Object Copy (ms): Min: 4.7, Avg: 4.7, Max: 4.7, Diff: 0.0, Sum: 9.4]
      [Termination (ms): Min: 0.0, Avg: 0.0, Max: 0.0, Diff: 0.0, Sum: 0.0]
      [GC Worker Other (ms): Min: 0.0, Avg: 0.0, Max: 0.0, Diff: 0.0, Sum: 0.1]
      [GC Worker Total (ms): Min: 5.5, Avg: 5.5, Max: 5.5, Diff: 0.0, Sum: 10.9]
      [GC Worker End (ms): Min: 104808.7, Avg: 104808.7, Max: 104808.7, Diff: 0.0]
   [Code Root Fixup: 0.0 ms]
   [Code Root Migration: 0.0 ms]
   [Clear CT: 0.1 ms]
   [Other: 0.4 ms]
      [Choose CSet: 0.0 ms]
      [Ref Proc: 0.1 ms]
      [Ref Enq: 0.0 ms]
      [Free CSet: 0.2 ms]
   [Eden: 131.0M(131.0M)->0.0B(142.0M) Survivors: 17.0M->8192.0K Heap: 212.1M(256.0M)->72.0M(256.0M)]
 [Times: user=0.02 sys=0.02, real=0.01 secs] 
2014-07-10T11:37:54.197+0200: 104.976: [GC pause (G1 Evacuation Pause) (young) 104.976: [G1Ergonomics (CSet Construction) start choosing CSet, _pending_cards: 512, predicted base time: 2.08 ms, remaining time: 197.92 ms, target pause time: 200.00 ms]
 104.976: [G1Ergonomics (CSet Construction) add young regions to CSet, eden: 142 regions, survivors: 8 regions, predicted young region time: 102.08 ms]
 104.976: [G1Ergonomics (CSet Construction) finish choosing CSet, eden: 142 regions, survivors: 8 regions, old: 0 regions, predicted pause time: 104.17 ms, target pause time: 200.00 ms]
, 0.0129998 secs]
   [Parallel Time: 12.2 ms, GC Workers: 2]
      [GC Worker Start (ms): Min: 104976.2, Avg: 104976.2, Max: 104976.2, Diff: 0.0]
      [Ext Root Scanning (ms): Min: 0.4, Avg: 0.4, Max: 0.4, Diff: 0.0, Sum: 0.8]
      [Update RS (ms): Min: 0.0, Avg: 0.0, Max: 0.0, Diff: 0.0, Sum: 0.1]
         [Processed Buffers: Min: 1, Avg: 1.5, Max: 2, Diff: 1, Sum: 3]
      [Scan RS (ms): Min: 0.3, Avg: 0.3, Max: 0.3, Diff: 0.0, Sum: 0.6]
      [Code Root Scanning (ms): Min: 0.1, Avg: 0.1, Max: 0.1, Diff: 0.0, Sum: 0.2]
      [Object Copy (ms): Min: 11.3, Avg: 11.3, Max: 11.3, Diff: 0.0, Sum: 22.5]
      [Termination (ms): Min: 0.0, Avg: 0.0, Max: 0.0, Diff: 0.0, Sum: 0.0]
      [GC Worker Other (ms): Min: 0.0, Avg: 0.0, Max: 0.0, Diff: 0.0, Sum: 0.1]
      [GC Worker Total (ms): Min: 12.1, Avg: 12.1, Max: 12.1, Diff: 0.0, Sum: 24.2]
      [GC Worker End (ms): Min: 104988.3, Avg: 104988.3, Max: 104988.3, Diff: 0.0]
   [Code Root Fixup: 0.0 ms]
   [Code Root Migration: 0.1 ms]
   [Clear CT: 0.1 ms]
   [Other: 0.6 ms]
      [Choose CSet: 0.0 ms]
      [Ref Proc: 0.2 ms]
      [Ref Enq: 0.0 ms]
      [Free CSet: 0.3 ms]
   [Eden: 142.0M(142.0M)->0.0B(129.0M) Survivors: 8192.0K->18.0M Heap: 214.0M(256.0M)->81.9M(256.0M)]
 [Times: user=0.00 sys=0.00, real=0.01 secs] 
2014-07-10T11:37:54.296+0200: 105.075: [GC pause (G1 Evacuation Pause) (young) 105.075: [G1Ergonomics (CSet Construction) start choosing CSet, _pending_cards: 512, predicted base time: 1.87 ms, remaining time: 198.13 ms, target pause time: 200.00 ms]
 105.075: [G1Ergonomics (CSet Construction) add young regions to CSet, eden: 129 regions, survivors: 18 regions, predicted young region time: 91.32 ms]
 105.075: [G1Ergonomics (CSet Construction) finish choosing CSet, eden: 129 regions, survivors: 18 regions, old: 0 regions, predicted pause time: 93.19 ms, target pause time: 200.00 ms]
, 0.0107773 secs]
   [Parallel Time: 9.7 ms, GC Workers: 2]
      [GC Worker Start (ms): Min: 105074.8, Avg: 105074.8, Max: 105074.8, Diff: 0.0]
      [Ext Root Scanning (ms): Min: 0.4, Avg: 0.4, Max: 0.4, Diff: 0.0, Sum: 0.8]
      [Update RS (ms): Min: 0.0, Avg: 0.0, Max: 0.0, Diff: 0.0, Sum: 0.1]
         [Processed Buffers: Min: 1, Avg: 1.5, Max: 2, Diff: 1, Sum: 3]
      [Scan RS (ms): Min: 0.2, Avg: 0.2, Max: 0.2, Diff: 0.0, Sum: 0.5]
      [Code Root Scanning (ms): Min: 0.1, Avg: 0.1, Max: 0.1, Diff: 0.0, Sum: 0.2]
      [Object Copy (ms): Min: 8.9, Avg: 8.9, Max: 8.9, Diff: 0.0, Sum: 17.7]
      [Termination (ms): Min: 0.0, Avg: 0.0, Max: 0.0, Diff: 0.0, Sum: 0.0]
      [GC Worker Other (ms): Min: 0.0, Avg: 0.0, Max: 0.0, Diff: 0.0, Sum: 0.1]
      [GC Worker Total (ms): Min: 9.7, Avg: 9.7, Max: 9.7, Diff: 0.0, Sum: 19.3]
      [GC Worker End (ms): Min: 105084.5, Avg: 105084.5, Max: 105084.5, Diff: 0.0]
   [Code Root Fixup: 0.0 ms]
   [Code Root Migration: 0.0 ms]
   [Clear CT: 0.1 ms]
   [Other: 0.9 ms]
      [Choose CSet: 0.0 ms]
      [Ref Proc: 0.6 ms]
      [Ref Enq: 0.0 ms]
      [Free CSet: 0.2 ms]
   [Eden: 129.0M(129.0M)->0.0B(135.0M) Survivors: 18.0M->14.0M Heap: 210.9M(256.0M)->78.7M(256.0M)]
 [Times: user=0.00 sys=0.00, real=0.01 secs] 
2014-07-10T11:37:54.447+0200: 105.227: [GC pause (G1 Evacuation Pause) (young) 105.227: [G1Ergonomics (CSet Construction) start choosing CSet, _pending_cards: 258, predicted base time: 1.77 ms, remaining time: 198.23 ms, target pause time: 200.00 ms]
 105.227: [G1Ergonomics (CSet Construction) add young regions to CSet, eden: 135 regions, survivors: 14 regions, predicted young region time: 70.86 ms]
 105.227: [G1Ergonomics (CSet Construction) finish choosing CSet, eden: 135 regions, survivors: 14 regions, old: 0 regions, predicted pause time: 72.62 ms, target pause time: 200.00 ms]
, 0.0041176 secs]
   [Parallel Time: 3.4 ms, GC Workers: 2]
      [GC Worker Start (ms): Min: 105226.6, Avg: 105226.7, Max: 105226.7, Diff: 0.0]
      [Ext Root Scanning (ms): Min: 0.3, Avg: 0.3, Max: 0.3, Diff: 0.0, Sum: 0.6]
      [Update RS (ms): Min: 0.0, Avg: 0.1, Max: 0.1, Diff: 0.0, Sum: 0.1]
         [Processed Buffers: Min: 1, Avg: 1.5, Max: 2, Diff: 1, Sum: 3]
      [Scan RS (ms): Min: 0.2, Avg: 0.2, Max: 0.2, Diff: 0.0, Sum: 0.5]
      [Code Root Scanning (ms): Min: 0.1, Avg: 0.1, Max: 0.1, Diff: 0.0, Sum: 0.2]
      [Object Copy (ms): Min: 0.6, Avg: 1.6, Max: 2.7, Diff: 2.1, Sum: 3.3]
      [Termination (ms): Min: 0.0, Avg: 1.1, Max: 2.1, Diff: 2.1, Sum: 2.1]
      [GC Worker Other (ms): Min: 0.0, Avg: 0.0, Max: 0.0, Diff: 0.0, Sum: 0.1]
      [GC Worker Total (ms): Min: 3.4, Avg: 3.4, Max: 3.4, Diff: 0.0, Sum: 6.8]
      [GC Worker End (ms): Min: 105230.1, Avg: 105230.1, Max: 105230.1, Diff: 0.0]
   [Code Root Fixup: 0.0 ms]
   [Code Root Migration: 0.0 ms]
   [Clear CT: 0.1 ms]
   [Other: 0.5 ms]
      [Choose CSet: 0.0 ms]
      [Ref Proc: 0.1 ms]
      [Ref Enq: 0.0 ms]
      [Free CSet: 0.3 ms]
   [Eden: 135.0M(135.0M)->0.0B(151.0M) Survivors: 14.0M->1024.0K Heap: 213.7M(256.0M)->65.5M(256.0M)]
 [Times: user=0.00 sys=0.00, real=0.00 secs] 
2014-07-10T11:37:54.599+0200: 105.378: [GC pause (G1 Evacuation Pause) (young) 105.378: [G1Ergonomics (CSet Construction) start choosing CSet, _pending_cards: 512, predicted base time: 1.60 ms, remaining time: 198.40 ms, target pause time: 200.00 ms]
 105.378: [G1Ergonomics (CSet Construction) add young regions to CSet, eden: 151 regions, survivors: 1 regions, predicted young region time: 215.97 ms]
 105.379: [G1Ergonomics (CSet Construction) finish choosing CSet, eden: 151 regions, survivors: 1 regions, old: 0 regions, predicted pause time: 217.57 ms, target pause time: 200.00 ms]
, 0.0139648 secs]
   [Parallel Time: 13.2 ms, GC Workers: 2]
      [GC Worker Start (ms): Min: 105378.5, Avg: 105378.5, Max: 105378.5, Diff: 0.0]
      [Ext Root Scanning (ms): Min: 0.3, Avg: 0.3, Max: 0.3, Diff: 0.0, Sum: 0.6]
      [Update RS (ms): Min: 0.0, Avg: 0.0, Max: 0.1, Diff: 0.1, Sum: 0.1]
         [Processed Buffers: Min: 1, Avg: 1.5, Max: 2, Diff: 1, Sum: 3]
      [Scan RS (ms): Min: 0.2, Avg: 0.2, Max: 0.2, Diff: 0.0, Sum: 0.4]
      [Code Root Scanning (ms): Min: 0.1, Avg: 0.1, Max: 0.1, Diff: 0.0, Sum: 0.2]
      [Object Copy (ms): Min: 11.9, Avg: 12.0, Max: 12.0, Diff: 0.1, Sum: 23.9]
      [Termination (ms): Min: 0.0, Avg: 0.1, Max: 0.2, Diff: 0.2, Sum: 0.2]
      [GC Worker Other (ms): Min: 0.0, Avg: 0.0, Max: 0.0, Diff: 0.0, Sum: 0.1]
      [GC Worker Total (ms): Min: 12.7, Avg: 12.8, Max: 12.8, Diff: 0.1, Sum: 25.5]
      [GC Worker End (ms): Min: 105391.2, Avg: 105391.3, Max: 105391.4, Diff: 0.1]
   [Code Root Fixup: 0.2 ms]
   [Code Root Migration: 0.0 ms]
   [Clear CT: 0.2 ms]
   [Other: 0.4 ms]
      [Choose CSet: 0.0 ms]
      [Ref Proc: 0.1 ms]
      [Ref Enq: 0.0 ms]
      [Free CSet: 0.2 ms]
   [Eden: 151.0M(151.0M)->0.0B(126.0M) Survivors: 1024.0K->19.0M Heap: 216.5M(256.0M)->84.3M(256.0M)]
 [Times: user=0.03 sys=0.00, real=0.02 secs] 
2014-07-10T11:37:54.695+0200: 105.474: [GC pause (G1 Evacuation Pause) (young) 105.474: [G1Ergonomics (CSet Construction) start choosing CSet, _pending_cards: 512, predicted base time: 1.60 ms, remaining time: 198.40 ms, target pause time: 200.00 ms]
 105.474: [G1Ergonomics (CSet Construction) add young regions to CSet, eden: 126 regions, survivors: 19 regions, predicted young region time: 142.84 ms]
 105.474: [G1Ergonomics (CSet Construction) finish choosing CSet, eden: 126 regions, survivors: 19 regions, old: 0 regions, predicted pause time: 144.44 ms, target pause time: 200.00 ms]
, 0.0101090 secs]
   [Parallel Time: 9.5 ms, GC Workers: 2]
      [GC Worker Start (ms): Min: 105474.4, Avg: 105474.4, Max: 105474.4, Diff: 0.0]
      [Ext Root Scanning (ms): Min: 0.3, Avg: 0.3, Max: 0.3, Diff: 0.0, Sum: 0.7]
      [Update RS (ms): Min: 0.0, Avg: 0.0, Max: 0.1, Diff: 0.0, Sum: 0.1]
         [Processed Buffers: Min: 1, Avg: 1.5, Max: 2, Diff: 1, Sum: 3]
      [Scan RS (ms): Min: 0.2, Avg: 0.2, Max: 0.2, Diff: 0.0, Sum: 0.4]
      [Code Root Scanning (ms): Min: 0.1, Avg: 0.1, Max: 0.1, Diff: 0.0, Sum: 0.2]
      [Object Copy (ms): Min: 8.5, Avg: 8.5, Max: 8.5, Diff: 0.1, Sum: 17.0]
      [Termination (ms): Min: 0.0, Avg: 0.1, Max: 0.2, Diff: 0.2, Sum: 0.2]
      [GC Worker Other (ms): Min: 0.0, Avg: 0.0, Max: 0.0, Diff: 0.0, Sum: 0.1]
      [GC Worker Total (ms): Min: 9.3, Avg: 9.4, Max: 9.4, Diff: 0.2, Sum: 18.7]
      [GC Worker End (ms): Min: 105483.7, Avg: 105483.8, Max: 105483.9, Diff: 0.2]
   [Code Root Fixup: 0.0 ms]
   [Code Root Migration: 0.0 ms]
   [Clear CT: 0.2 ms]
   [Other: 0.4 ms]
      [Choose CSet: 0.0 ms]
      [Ref Proc: 0.1 ms]
      [Ref Enq: 0.0 ms]
      [Free CSet: 0.2 ms]
   [Eden: 126.0M(126.0M)->0.0B(134.0M) Survivors: 19.0M->14.0M Heap: 210.3M(256.0M)->78.8M(256.0M)]
 [Times: user=0.03 sys=0.00, real=0.01 secs] 
2014-07-10T11:37:54.847+0200: 105.627: [GC pause (G1 Evacuation Pause) (young) 105.627: [G1Ergonomics (CSet Construction) start choosing CSet, _pending_cards: 512, predicted base time: 1.48 ms, remaining time: 198.52 ms, target pause time: 200.00 ms]
 105.627: [G1Ergonomics (CSet Construction) add young regions to CSet, eden: 134 regions, survivors: 14 regions, predicted young region time: 152.69 ms]
 105.627: [G1Ergonomics (CSet Construction) finish choosing CSet, eden: 134 regions, survivors: 14 regions, old: 0 regions, predicted pause time: 154.17 ms, target pause time: 200.00 ms]
, 0.0113614 secs]
   [Parallel Time: 10.5 ms, GC Workers: 2]
      [GC Worker Start (ms): Min: 105626.7, Avg: 105626.7, Max: 105626.7, Diff: 0.0]
      [Ext Root Scanning (ms): Min: 0.3, Avg: 0.3, Max: 0.3, Diff: 0.0, Sum: 0.6]
      [Update RS (ms): Min: 0.0, Avg: 0.1, Max: 0.1, Diff: 0.0, Sum: 0.1]
         [Processed Buffers: Min: 1, Avg: 1.5, Max: 2, Diff: 1, Sum: 3]
      [Scan RS (ms): Min: 0.2, Avg: 0.2, Max: 0.2, Diff: 0.0, Sum: 0.5]
      [Code Root Scanning (ms): Min: 0.1, Avg: 0.1, Max: 0.1, Diff: 0.0, Sum: 0.2]
      [Object Copy (ms): Min: 9.5, Avg: 9.5, Max: 9.6, Diff: 0.0, Sum: 19.1]
      [Termination (ms): Min: 0.0, Avg: 0.0, Max: 0.0, Diff: 0.0, Sum: 0.0]
      [GC Worker Other (ms): Min: 0.0, Avg: 0.0, Max: 0.0, Diff: 0.0, Sum: 0.1]
      [GC Worker Total (ms): Min: 10.3, Avg: 10.3, Max: 10.3, Diff: 0.0, Sum: 20.6]
      [GC Worker End (ms): Min: 105637.0, Avg: 105637.0, Max: 105637.0, Diff: 0.0]
   [Code Root Fixup: 0.0 ms]
   [Code Root Migration: 0.0 ms]
   [Clear CT: 0.1 ms]
   [Other: 0.7 ms]
      [Choose CSet: 0.0 ms]
      [Ref Proc: 0.3 ms]
      [Ref Enq: 0.0 ms]
      [Free CSet: 0.3 ms]
   [Eden: 134.0M(134.0M)->0.0B(132.0M) Survivors: 14.0M->16.0M Heap: 212.8M(256.0M)->80.7M(256.0M)]
 [Times: user=0.03 sys=0.00, real=0.01 secs] 
2014-07-10T11:37:54.994+0200: 105.773: [GC pause (G1 Evacuation Pause) (young) 105.773: [G1Ergonomics (CSet Construction) start choosing CSet, _pending_cards: 513, predicted base time: 1.44 ms, remaining time: 198.56 ms, target pause time: 200.00 ms]
 105.773: [G1Ergonomics (CSet Construction) add young regions to CSet, eden: 132 regions, survivors: 16 regions, predicted young region time: 24.30 ms]
 105.773: [G1Ergonomics (CSet Construction) finish choosing CSet, eden: 132 regions, survivors: 16 regions, old: 0 regions, predicted pause time: 25.75 ms, target pause time: 200.00 ms]
, 0.0102509 secs]
   [Parallel Time: 9.0 ms, GC Workers: 2]
      [GC Worker Start (ms): Min: 105773.4, Avg: 105773.4, Max: 105773.4, Diff: 0.0]
      [Ext Root Scanning (ms): Min: 0.6, Avg: 0.6, Max: 0.6, Diff: 0.0, Sum: 1.2]
      [Update RS (ms): Min: 0.0, Avg: 0.1, Max: 0.1, Diff: 0.0, Sum: 0.1]
         [Processed Buffers: Min: 2, Avg: 2.0, Max: 2, Diff: 0, Sum: 4]
      [Scan RS (ms): Min: 0.4, Avg: 0.4, Max: 0.4, Diff: 0.0, Sum: 0.9]
      [Code Root Scanning (ms): Min: 0.1, Avg: 0.1, Max: 0.2, Diff: 0.0, Sum: 0.3]
      [Object Copy (ms): Min: 7.6, Avg: 7.6, Max: 7.6, Diff: 0.0, Sum: 15.2]
      [Termination (ms): Min: 0.0, Avg: 0.0, Max: 0.0, Diff: 0.0, Sum: 0.0]
      [GC Worker Other (ms): Min: 0.1, Avg: 0.1, Max: 0.1, Diff: 0.0, Sum: 0.1]
      [GC Worker Total (ms): Min: 8.9, Avg: 8.9, Max: 8.9, Diff: 0.0, Sum: 17.8]
      [GC Worker End (ms): Min: 105782.3, Avg: 105782.3, Max: 105782.3, Diff: 0.0]
   [Code Root Fixup: 0.0 ms]
   [Code Root Migration: 0.1 ms]
   [Clear CT: 0.2 ms]
   [Other: 0.9 ms]
      [Choose CSet: 0.1 ms]
      [Ref Proc: 0.1 ms]
      [Ref Enq: 0.0 ms]
      [Free CSet: 0.6 ms]
   [Eden: 132.0M(132.0M)->0.0B(141.0M) Survivors: 16.0M->8192.0K Heap: 212.7M(256.0M)->72.5M(256.0M)]
 [Times: user=0.00 sys=0.00, real=0.01 secs] 
2014-07-10T11:37:55.097+0200: 105.876: [GC pause (G1 Evacuation Pause) (young) 105.876: [G1Ergonomics (CSet Construction) start choosing CSet, _pending_cards: 512, predicted base time: 1.50 ms, remaining time: 198.50 ms, target pause time: 200.00 ms]
 105.876: [G1Ergonomics (CSet Construction) add young regions to CSet, eden: 141 regions, survivors: 8 regions, predicted young region time: 152.03 ms]
 105.876: [G1Ergonomics (CSet Construction) finish choosing CSet, eden: 141 regions, survivors: 8 regions, old: 0 regions, predicted pause time: 153.53 ms, target pause time: 200.00 ms]
, 0.0115729 secs]
   [Parallel Time: 10.9 ms, GC Workers: 2]
      [GC Worker Start (ms): Min: 105876.0, Avg: 105876.0, Max: 105876.0, Diff: 0.0]
      [Ext Root Scanning (ms): Min: 0.3, Avg: 0.3, Max: 0.3, Diff: 0.0, Sum: 0.7]
      [Update RS (ms): Min: 0.0, Avg: 0.0, Max: 0.1, Diff: 0.0, Sum: 0.1]
         [Processed Buffers: Min: 1, Avg: 1.5, Max: 2, Diff: 1, Sum: 3]
      [Scan RS (ms): Min: 0.3, Avg: 0.3, Max: 0.3, Diff: 0.0, Sum: 0.5]
      [Code Root Scanning (ms): Min: 0.1, Avg: 0.1, Max: 0.1, Diff: 0.0, Sum: 0.2]
      [Object Copy (ms): Min: 10.1, Avg: 10.1, Max: 10.1, Diff: 0.0, Sum: 20.2]
      [Termination (ms): Min: 0.0, Avg: 0.0, Max: 0.0, Diff: 0.0, Sum: 0.0]
      [GC Worker Other (ms): Min: 0.0, Avg: 0.0, Max: 0.0, Diff: 0.0, Sum: 0.1]
      [GC Worker Total (ms): Min: 10.9, Avg: 10.9, Max: 10.9, Diff: 0.0, Sum: 21.7]
      [GC Worker End (ms): Min: 105886.8, Avg: 105886.8, Max: 105886.8, Diff: 0.0]
   [Code Root Fixup: 0.0 ms]
   [Code Root Migration: 0.0 ms]
   [Clear CT: 0.2 ms]
   [Other: 0.4 ms]
      [Choose CSet: 0.0 ms]
      [Ref Proc: 0.1 ms]
      [Ref Enq: 0.0 ms]
      [Free CSet: 0.2 ms]
   [Eden: 141.0M(141.0M)->0.0B(132.0M) Survivors: 8192.0K->16.0M Heap: 213.5M(256.0M)->81.4M(256.0M)]
 [Times: user=0.03 sys=0.00, real=0.01 secs] 
2014-07-10T11:37:55.253+0200: 106.032: [GC pause (G1 Evacuation Pause) (young) 106.032: [G1Ergonomics (CSet Construction) start choosing CSet, _pending_cards: 512, predicted base time: 1.38 ms, remaining time: 198.62 ms, target pause time: 200.00 ms]
 106.032: [G1Ergonomics (CSet Construction) add young regions to CSet, eden: 132 regions, survivors: 16 regions, predicted young region time: 47.60 ms]
 106.032: [G1Ergonomics (CSet Construction) finish choosing CSet, eden: 132 regions, survivors: 16 regions, old: 0 regions, predicted pause time: 48.97 ms, target pause time: 200.00 ms]
, 0.0114270 secs]
   [Parallel Time: 10.5 ms, GC Workers: 2]
      [GC Worker Start (ms): Min: 106032.4, Avg: 106032.4, Max: 106032.5, Diff: 0.0]
      [Ext Root Scanning (ms): Min: 0.3, Avg: 0.3, Max: 0.3, Diff: 0.0, Sum: 0.6]
      [Update RS (ms): Min: 0.0, Avg: 0.0, Max: 0.0, Diff: 0.0, Sum: 0.1]
         [Processed Buffers: Min: 1, Avg: 1.5, Max: 2, Diff: 1, Sum: 3]
      [Scan RS (ms): Min: 0.2, Avg: 0.2, Max: 0.2, Diff: 0.0, Sum: 0.5]
      [Code Root Scanning (ms): Min: 0.1, Avg: 0.1, Max: 0.1, Diff: 0.0, Sum: 0.2]
      [Object Copy (ms): Min: 9.8, Avg: 9.8, Max: 9.8, Diff: 0.0, Sum: 19.7]
      [Termination (ms): Min: 0.0, Avg: 0.0, Max: 0.0, Diff: 0.0, Sum: 0.0]
      [GC Worker Other (ms): Min: 0.0, Avg: 0.0, Max: 0.0, Diff: 0.0, Sum: 0.1]
      [GC Worker Total (ms): Min: 10.5, Avg: 10.5, Max: 10.5, Diff: 0.0, Sum: 21.0]
      [GC Worker End (ms): Min: 106043.0, Avg: 106043.0, Max: 106043.0, Diff: 0.0]
   [Code Root Fixup: 0.0 ms]
   [Code Root Migration: 0.0 ms]
   [Clear CT: 0.1 ms]
   [Other: 0.7 ms]
      [Choose CSet: 0.0 ms]
      [Ref Proc: 0.3 ms]
      [Ref Enq: 0.0 ms]
      [Free CSet: 0.3 ms]
   [Eden: 132.0M(132.0M)->0.0B(132.0M) Survivors: 16.0M->16.0M Heap: 213.4M(256.0M)->81.2M(256.0M)]
 [Times: user=0.03 sys=0.00, real=0.01 secs] 
2014-07-10T11:37:55.397+0200: 106.176: [GC pause (G1 Evacuation Pause) (young) 106.176: [G1Ergonomics (CSet Construction) start choosing CSet, _pending_cards: 512, predicted base time: 1.29 ms, remaining time: 198.71 ms, target pause time: 200.00 ms]
 106.176: [G1Ergonomics (CSet Construction) add young regions to CSet, eden: 132 regions, survivors: 16 regions, predicted young region time: 118.71 ms]
 106.176: [G1Ergonomics (CSet Construction) finish choosing CSet, eden: 132 regions, survivors: 16 regions, old: 0 regions, predicted pause time: 120.01 ms, target pause time: 200.00 ms]
, 0.0112008 secs]
   [Parallel Time: 10.5 ms, GC Workers: 2]
      [GC Worker Start (ms): Min: 106175.8, Avg: 106175.8, Max: 106175.8, Diff: 0.0]
      [Ext Root Scanning (ms): Min: 0.4, Avg: 0.4, Max: 0.4, Diff: 0.0, Sum: 0.7]
      [Update RS (ms): Min: 0.0, Avg: 0.0, Max: 0.0, Diff: 0.0, Sum: 0.1]
         [Processed Buffers: Min: 1, Avg: 1.5, Max: 2, Diff: 1, Sum: 3]
      [Scan RS (ms): Min: 0.2, Avg: 0.2, Max: 0.2, Diff: 0.0, Sum: 0.4]
      [Code Root Scanning (ms): Min: 0.1, Avg: 0.1, Max: 0.1, Diff: 0.0, Sum: 0.2]
      [Object Copy (ms): Min: 9.7, Avg: 9.7, Max: 9.7, Diff: 0.0, Sum: 19.4]
      [Termination (ms): Min: 0.0, Avg: 0.0, Max: 0.0, Diff: 0.0, Sum: 0.0]
      [GC Worker Other (ms): Min: 0.0, Avg: 0.0, Max: 0.0, Diff: 0.0, Sum: 0.1]
      [GC Worker Total (ms): Min: 10.5, Avg: 10.5, Max: 10.5, Diff: 0.0, Sum: 20.9]
      [GC Worker End (ms): Min: 106186.3, Avg: 106186.3, Max: 106186.3, Diff: 0.0]
   [Code Root Fixup: 0.0 ms]
   [Code Root Migration: 0.1 ms]
   [Clear CT: 0.1 ms]
   [Other: 0.5 ms]
      [Choose CSet: 0.0 ms]
      [Ref Proc: 0.2 ms]
      [Ref Enq: 0.0 ms]
      [Free CSet: 0.2 ms]
   [Eden: 132.0M(132.0M)->0.0B(132.0M) Survivors: 16.0M->16.0M Heap: 213.2M(256.0M)->81.1M(256.0M)]
 [Times: user=0.03 sys=0.00, real=0.01 secs] 
2014-07-10T11:37:55.490+0200: 106.269: [GC pause (G1 Evacuation Pause) (young) 106.269: [G1Ergonomics (CSet Construction) start choosing CSet, _pending_cards: 515, predicted base time: 1.23 ms, remaining time: 198.77 ms, target pause time: 200.00 ms]
 106.269: [G1Ergonomics (CSet Construction) add young regions to CSet, eden: 132 regions, survivors: 16 regions, predicted young region time: 110.31 ms]
 106.269: [G1Ergonomics (CSet Construction) finish choosing CSet, eden: 132 regions, survivors: 16 regions, old: 0 regions, predicted pause time: 111.54 ms, target pause time: 200.00 ms]
, 0.0019629 secs]
   [Parallel Time: 1.5 ms, GC Workers: 2]
      [GC Worker Start (ms): Min: 106269.5, Avg: 106269.5, Max: 106269.5, Diff: 0.0]
      [Ext Root Scanning (ms): Min: 0.2, Avg: 0.2, Max: 0.2, Diff: 0.0, Sum: 0.4]
      [Update RS (ms): Min: 0.0, Avg: 0.0, Max: 0.1, Diff: 0.0, Sum: 0.1]
         [Processed Buffers: Min: 2, Avg: 2.0, Max: 2, Diff: 0, Sum: 4]
      [Scan RS (ms): Min: 0.2, Avg: 0.2, Max: 0.2, Diff: 0.0, Sum: 0.4]
      [Code Root Scanning (ms): Min: 0.1, Avg: 0.1, Max: 0.1, Diff: 0.0, Sum: 0.2]
      [Object Copy (ms): Min: 0.9, Avg: 0.9, Max: 0.9, Diff: 0.0, Sum: 1.8]
      [Termination (ms): Min: 0.0, Avg: 0.0, Max: 0.1, Diff: 0.1, Sum: 0.1]
      [GC Worker Other (ms): Min: 0.0, Avg: 0.0, Max: 0.0, Diff: 0.0, Sum: 0.0]
      [GC Worker Total (ms): Min: 1.4, Avg: 1.5, Max: 1.5, Diff: 0.0, Sum: 2.9]
      [GC Worker End (ms): Min: 106270.9, Avg: 106270.9, Max: 106270.9, Diff: 0.0]
   [Code Root Fixup: 0.0 ms]
   [Code Root Migration: 0.0 ms]
   [Clear CT: 0.1 ms]
   [Other: 0.3 ms]
      [Choose CSet: 0.0 ms]
      [Ref Proc: 0.0 ms]
      [Ref Enq: 0.0 ms]
      [Free CSet: 0.2 ms]
   [Eden: 132.0M(132.0M)->0.0B(147.0M) Survivors: 16.0M->3072.0K Heap: 213.1M(256.0M)->67.9M(256.0M)]
 [Times: user=0.03 sys=0.00, real=0.00 secs] 
2014-07-10T11:37:55.649+0200: 106.428: [GC pause (G1 Evacuation Pause) (young) 106.429: [G1Ergonomics (CSet Construction) start choosing CSet, _pending_cards: 512, predicted base time: 1.10 ms, remaining time: 198.90 ms, target pause time: 200.00 ms]
 106.429: [G1Ergonomics (CSet Construction) add young regions to CSet, eden: 147 regions, survivors: 3 regions, predicted young region time: 70.32 ms]
 106.429: [G1Ergonomics (CSet Construction) finish choosing CSet, eden: 147 regions, survivors: 3 regions, old: 0 regions, predicted pause time: 71.42 ms, target pause time: 200.00 ms]
, 0.0117793 secs]
   [Parallel Time: 11.2 ms, GC Workers: 2]
      [GC Worker Start (ms): Min: 106428.6, Avg: 106428.6, Max: 106428.6, Diff: 0.0]
      [Ext Root Scanning (ms): Min: 0.3, Avg: 0.3, Max: 0.3, Diff: 0.0, Sum: 0.6]
      [Update RS (ms): Min: 0.0, Avg: 0.0, Max: 0.1, Diff: 0.0, Sum: 0.1]
         [Processed Buffers: Min: 1, Avg: 1.5, Max: 2, Diff: 1, Sum: 3]
      [Scan RS (ms): Min: 0.2, Avg: 0.2, Max: 0.2, Diff: 0.0, Sum: 0.4]
      [Code Root Scanning (ms): Min: 0.1, Avg: 0.1, Max: 0.1, Diff: 0.0, Sum: 0.2]
      [Object Copy (ms): Min: 10.5, Avg: 10.5, Max: 10.5, Diff: 0.0, Sum: 21.0]
      [Termination (ms): Min: 0.0, Avg: 0.0, Max: 0.0, Diff: 0.0, Sum: 0.0]
      [GC Worker Other (ms): Min: 0.0, Avg: 0.0, Max: 0.0, Diff: 0.0, Sum: 0.1]
      [GC Worker Total (ms): Min: 11.2, Avg: 11.2, Max: 11.2, Diff: 0.0, Sum: 22.4]
      [GC Worker End (ms): Min: 106439.8, Avg: 106439.8, Max: 106439.8, Diff: 0.0]
   [Code Root Fixup: 0.0 ms]
   [Code Root Migration: 0.1 ms]
   [Clear CT: 0.1 ms]
   [Other: 0.4 ms]
      [Choose CSet: 0.0 ms]
      [Ref Proc: 0.0 ms]
      [Ref Enq: 0.0 ms]
      [Free CSet: 0.2 ms]
   [Eden: 147.0M(147.0M)->0.0B(128.0M) Survivors: 3072.0K->18.0M Heap: 214.9M(256.0M)->82.8M(256.0M)]
 [Times: user=0.00 sys=0.00, real=0.01 secs] 
2014-07-10T11:37:55.795+0200: 106.574: [GC pause (G1 Evacuation Pause) (young) 106.574: [G1Ergonomics (CSet Construction) start choosing CSet, _pending_cards: 512, predicted base time: 1.02 ms, remaining time: 198.98 ms, target pause time: 200.00 ms]
 106.574: [G1Ergonomics (CSet Construction) add young regions to CSet, eden: 128 regions, survivors: 18 regions, predicted young region time: 90.51 ms]
 106.574: [G1Ergonomics (CSet Construction) finish choosing CSet, eden: 128 regions, survivors: 18 regions, old: 0 regions, predicted pause time: 91.54 ms, target pause time: 200.00 ms]
, 0.0097222 secs]
   [Parallel Time: 9.1 ms, GC Workers: 2]
      [GC Worker Start (ms): Min: 106573.9, Avg: 106573.9, Max: 106573.9, Diff: 0.0]
      [Ext Root Scanning (ms): Min: 0.3, Avg: 0.3, Max: 0.3, Diff: 0.0, Sum: 0.6]
      [Update RS (ms): Min: 0.0, Avg: 0.0, Max: 0.1, Diff: 0.0, Sum: 0.1]
         [Processed Buffers: Min: 1, Avg: 1.5, Max: 2, Diff: 1, Sum: 3]
      [Scan RS (ms): Min: 0.2, Avg: 0.2, Max: 0.2, Diff: 0.0, Sum: 0.5]
      [Code Root Scanning (ms): Min: 0.1, Avg: 0.1, Max: 0.1, Diff: 0.0, Sum: 0.2]
      [Object Copy (ms): Min: 8.4, Avg: 8.4, Max: 8.4, Diff: 0.0, Sum: 16.7]
      [Termination (ms): Min: 0.0, Avg: 0.0, Max: 0.0, Diff: 0.0, Sum: 0.0]
      [GC Worker Other (ms): Min: 0.0, Avg: 0.0, Max: 0.0, Diff: 0.0, Sum: 0.1]
      [GC Worker Total (ms): Min: 9.1, Avg: 9.1, Max: 9.1, Diff: 0.0, Sum: 18.2]
      [GC Worker End (ms): Min: 106583.0, Avg: 106583.0, Max: 106583.0, Diff: 0.0]
   [Code Root Fixup: 0.0 ms]
   [Code Root Migration: 0.0 ms]
   [Clear CT: 0.1 ms]
   [Other: 0.4 ms]
      [Choose CSet: 0.0 ms]
      [Ref Proc: 0.0 ms]
      [Ref Enq: 0.0 ms]
      [Free CSet: 0.2 ms]
   [Eden: 128.0M(128.0M)->0.0B(134.0M) Survivors: 18.0M->14.0M Heap: 210.8M(256.0M)->78.7M(256.0M)]
 [Times: user=0.03 sys=0.00, real=0.01 secs] 
2014-07-10T11:37:55.895+0200: 106.675: [GC pause (G1 Evacuation Pause) (young) 106.675: [G1Ergonomics (CSet Construction) start choosing CSet, _pending_cards: 512, predicted base time: 0.98 ms, remaining time: 199.02 ms, target pause time: 200.00 ms]
 106.675: [G1Ergonomics (CSet Construction) add young regions to CSet, eden: 134 regions, survivors: 14 regions, predicted young region time: 69.75 ms]
 106.675: [G1Ergonomics (CSet Construction) finish choosing CSet, eden: 134 regions, survivors: 14 regions, old: 0 regions, predicted pause time: 70.74 ms, target pause time: 200.00 ms]
, 0.0109951 secs]
   [Parallel Time: 10.4 ms, GC Workers: 2]
      [GC Worker Start (ms): Min: 106674.6, Avg: 106674.6, Max: 106674.7, Diff: 0.0]
      [Ext Root Scanning (ms): Min: 0.4, Avg: 0.4, Max: 0.4, Diff: 0.0, Sum: 0.7]
      [Update RS (ms): Min: 0.0, Avg: 0.1, Max: 0.1, Diff: 0.1, Sum: 0.1]
         [Processed Buffers: Min: 1, Avg: 1.5, Max: 2, Diff: 1, Sum: 3]
      [Scan RS (ms): Min: 0.2, Avg: 0.2, Max: 0.2, Diff: 0.0, Sum: 0.4]
      [Code Root Scanning (ms): Min: 0.1, Avg: 0.1, Max: 0.1, Diff: 0.0, Sum: 0.2]
      [Object Copy (ms): Min: 9.6, Avg: 9.6, Max: 9.6, Diff: 0.0, Sum: 19.1]
      [Termination (ms): Min: 0.0, Avg: 0.0, Max: 0.0, Diff: 0.0, Sum: 0.0]
      [GC Worker Other (ms): Min: 0.0, Avg: 0.0, Max: 0.0, Diff: 0.0, Sum: 0.1]
      [GC Worker Total (ms): Min: 10.3, Avg: 10.3, Max: 10.3, Diff: 0.0, Sum: 20.7]
      [GC Worker End (ms): Min: 106685.0, Avg: 106685.0, Max: 106685.0, Diff: 0.0]
   [Code Root Fixup: 0.0 ms]
   [Code Root Migration: 0.0 ms]
   [Clear CT: 0.1 ms]
   [Other: 0.5 ms]
      [Choose CSet: 0.0 ms]
      [Ref Proc: 0.1 ms]
      [Ref Enq: 0.0 ms]
      [Free CSet: 0.2 ms]
   [Eden: 134.0M(134.0M)->0.0B(133.0M) Survivors: 14.0M->15.0M Heap: 212.7M(256.0M)->80.5M(256.0M)]
 [Times: user=0.03 sys=0.00, real=0.01 secs] 
2014-07-10T11:37:56.038+0200: 106.817: [GC pause (G1 Evacuation Pause) (young) 106.817: [G1Ergonomics (CSet Construction) start choosing CSet, _pending_cards: 514, predicted base time: 0.97 ms, remaining time: 199.03 ms, target pause time: 200.00 ms]
 106.818: [G1Ergonomics (CSet Construction) add young regions to CSet, eden: 133 regions, survivors: 15 regions, predicted young region time: 91.42 ms]
 106.818: [G1Ergonomics (CSet Construction) finish choosing CSet, eden: 133 regions, survivors: 15 regions, old: 0 regions, predicted pause time: 92.39 ms, target pause time: 200.00 ms]
, 0.0034027 secs]
   [Parallel Time: 2.8 ms, GC Workers: 2]
      [GC Worker Start (ms): Min: 106817.6, Avg: 106817.6, Max: 106817.6, Diff: 0.0]
      [Ext Root Scanning (ms): Min: 0.3, Avg: 0.3, Max: 0.3, Diff: 0.0, Sum: 0.6]
      [Update RS (ms): Min: 0.0, Avg: 0.0, Max: 0.1, Diff: 0.1, Sum: 0.1]
         [Processed Buffers: Min: 2, Avg: 2.0, Max: 2, Diff: 0, Sum: 4]
      [Scan RS (ms): Min: 0.2, Avg: 0.2, Max: 0.2, Diff: 0.0, Sum: 0.4]
      [Code Root Scanning (ms): Min: 0.1, Avg: 0.1, Max: 0.1, Diff: 0.0, Sum: 0.2]
      [Object Copy (ms): Min: 2.0, Avg: 2.0, Max: 2.0, Diff: 0.0, Sum: 4.0]
      [Termination (ms): Min: 0.0, Avg: 0.0, Max: 0.0, Diff: 0.0, Sum: 0.0]
      [GC Worker Other (ms): Min: 0.0, Avg: 0.0, Max: 0.0, Diff: 0.0, Sum: 0.1]
      [GC Worker Total (ms): Min: 2.7, Avg: 2.7, Max: 2.7, Diff: 0.0, Sum: 5.4]
      [GC Worker End (ms): Min: 106820.3, Avg: 106820.3, Max: 106820.3, Diff: 0.0]
   [Code Root Fixup: 0.0 ms]
   [Code Root Migration: 0.0 ms]
   [Clear CT: 0.1 ms]
   [Other: 0.5 ms]
      [Choose CSet: 0.0 ms]
      [Ref Proc: 0.1 ms]
      [Ref Enq: 0.0 ms]
      [Free CSet: 0.2 ms]
   [Eden: 133.0M(133.0M)->0.0B(146.0M) Survivors: 15.0M->4096.0K Heap: 213.5M(256.0M)->69.3M(256.0M)]
 [Times: user=0.00 sys=0.00, real=0.00 secs] 
2014-07-10T11:37:56.197+0200: 106.976: [GC pause (G1 Evacuation Pause) (young) 106.976: [G1Ergonomics (CSet Construction) start choosing CSet, _pending_cards: 512, predicted base time: 0.95 ms, remaining time: 199.05 ms, target pause time: 200.00 ms]
 106.976: [G1Ergonomics (CSet Construction) add young regions to CSet, eden: 146 regions, survivors: 4 regions, predicted young region time: 19.90 ms]
 106.976: [G1Ergonomics (CSet Construction) finish choosing CSet, eden: 146 regions, survivors: 4 regions, old: 0 regions, predicted pause time: 20.85 ms, target pause time: 200.00 ms]
, 0.0124117 secs]
   [Parallel Time: 11.8 ms, GC Workers: 2]
      [GC Worker Start (ms): Min: 106976.6, Avg: 106976.6, Max: 106976.7, Diff: 0.0]
      [Ext Root Scanning (ms): Min: 0.4, Avg: 0.4, Max: 0.4, Diff: 0.0, Sum: 0.8]
      [Update RS (ms): Min: 0.0, Avg: 0.0, Max: 0.1, Diff: 0.0, Sum: 0.1]
         [Processed Buffers: Min: 1, Avg: 1.5, Max: 2, Diff: 1, Sum: 3]
      [Scan RS (ms): Min: 0.2, Avg: 0.2, Max: 0.2, Diff: 0.0, Sum: 0.4]
      [Code Root Scanning (ms): Min: 0.1, Avg: 0.1, Max: 0.1, Diff: 0.0, Sum: 0.2]
      [Object Copy (ms): Min: 10.8, Avg: 10.8, Max: 10.8, Diff: 0.0, Sum: 21.6]
      [Termination (ms): Min: 0.0, Avg: 0.0, Max: 0.0, Diff: 0.0, Sum: 0.0]
      [GC Worker Other (ms): Min: 0.0, Avg: 0.0, Max: 0.0, Diff: 0.0, Sum: 0.1]
      [GC Worker Total (ms): Min: 11.6, Avg: 11.6, Max: 11.6, Diff: 0.0, Sum: 23.2]
      [GC Worker End (ms): Min: 106988.2, Avg: 106988.2, Max: 106988.2, Diff: 0.0]
   [Code Root Fixup: 0.0 ms]
   [Code Root Migration: 0.1 ms]
   [Clear CT: 0.1 ms]
   [Other: 0.5 ms]
      [Choose CSet: 0.0 ms]
      [Ref Proc: 0.1 ms]
      [Ref Enq: 0.0 ms]
      [Free CSet: 0.3 ms]
   [Eden: 146.0M(146.0M)->0.0B(128.0M) Survivors: 4096.0K->18.0M Heap: 215.3M(256.0M)->83.2M(256.0M)]
 [Times: user=0.03 sys=0.00, real=0.01 secs] 
2014-07-10T11:37:56.296+0200: 107.075: [GC pause (G1 Evacuation Pause) (young) 107.075: [G1Ergonomics (CSet Construction) start choosing CSet, _pending_cards: 512, predicted base time: 0.99 ms, remaining time: 199.01 ms, target pause time: 200.00 ms]
 107.075: [G1Ergonomics (CSet Construction) add young regions to CSet, eden: 128 regions, survivors: 18 regions, predicted young region time: 82.50 ms]
 107.075: [G1Ergonomics (CSet Construction) finish choosing CSet, eden: 128 regions, survivors: 18 regions, old: 0 regions, predicted pause time: 83.49 ms, target pause time: 200.00 ms]
, 0.0098619 secs]
   [Parallel Time: 9.1 ms, GC Workers: 2]
      [GC Worker Start (ms): Min: 107075.1, Avg: 107075.1, Max: 107075.1, Diff: 0.0]
      [Ext Root Scanning (ms): Min: 0.3, Avg: 0.3, Max: 0.3, Diff: 0.0, Sum: 0.6]
      [Update RS (ms): Min: 0.0, Avg: 0.0, Max: 0.1, Diff: 0.0, Sum: 0.1]
         [Processed Buffers: Min: 1, Avg: 1.5, Max: 2, Diff: 1, Sum: 3]
      [Scan RS (ms): Min: 0.2, Avg: 0.2, Max: 0.2, Diff: 0.0, Sum: 0.4]
      [Code Root Scanning (ms): Min: 0.1, Avg: 0.1, Max: 0.1, Diff: 0.0, Sum: 0.2]
      [Object Copy (ms): Min: 8.3, Avg: 8.4, Max: 8.4, Diff: 0.0, Sum: 16.7]
      [Termination (ms): Min: 0.0, Avg: 0.0, Max: 0.0, Diff: 0.0, Sum: 0.0]
      [GC Worker Other (ms): Min: 0.0, Avg: 0.0, Max: 0.0, Diff: 0.0, Sum: 0.1]
      [GC Worker Total (ms): Min: 9.1, Avg: 9.1, Max: 9.1, Diff: 0.0, Sum: 18.1]
      [GC Worker End (ms): Min: 107084.2, Avg: 107084.2, Max: 107084.2, Diff: 0.0]
   [Code Root Fixup: 0.0 ms]
   [Code Root Migration: 0.1 ms]
   [Clear CT: 0.1 ms]
   [Other: 0.6 ms]
      [Choose CSet: 0.0 ms]
      [Ref Proc: 0.2 ms]
      [Ref Enq: 0.0 ms]
      [Free CSet: 0.3 ms]
   [Eden: 128.0M(128.0M)->0.0B(134.0M) Survivors: 18.0M->14.0M Heap: 211.2M(256.0M)->79.1M(256.0M)]
 [Times: user=0.03 sys=0.00, real=0.01 secs] 
2014-07-10T11:37:56.435+0200: 107.214: [GC pause (G1 Evacuation Pause) (young) 107.214: [G1Ergonomics (CSet Construction) start choosing CSet, _pending_cards: 513, predicted base time: 0.99 ms, remaining time: 199.01 ms, target pause time: 200.00 ms]
 107.214: [G1Ergonomics (CSet Construction) add young regions to CSet, eden: 134 regions, survivors: 14 regions, predicted young region time: 15.18 ms]
 107.214: [G1Ergonomics (CSet Construction) finish choosing CSet, eden: 134 regions, survivors: 14 regions, old: 0 regions, predicted pause time: 16.17 ms, target pause time: 200.00 ms]
, 0.0084023 secs]
   [Parallel Time: 7.6 ms, GC Workers: 2]
      [GC Worker Start (ms): Min: 107214.0, Avg: 107214.0, Max: 107214.0, Diff: 0.0]
      [Ext Root Scanning (ms): Min: 0.3, Avg: 0.3, Max: 0.3, Diff: 0.0, Sum: 0.5]
      [Update RS (ms): Min: 0.0, Avg: 0.0, Max: 0.1, Diff: 0.0, Sum: 0.1]
         [Processed Buffers: Min: 1, Avg: 2.0, Max: 3, Diff: 2, Sum: 4]
      [Scan RS (ms): Min: 0.2, Avg: 0.2, Max: 0.2, Diff: 0.0, Sum: 0.4]
      [Code Root Scanning (ms): Min: 0.1, Avg: 0.1, Max: 0.1, Diff: 0.0, Sum: 0.2]
      [Object Copy (ms): Min: 6.7, Avg: 6.8, Max: 6.8, Diff: 0.0, Sum: 13.5]
      [Termination (ms): Min: 0.0, Avg: 0.0, Max: 0.0, Diff: 0.0, Sum: 0.0]
      [GC Worker Other (ms): Min: 0.0, Avg: 0.0, Max: 0.0, Diff: 0.0, Sum: 0.1]
      [GC Worker Total (ms): Min: 7.4, Avg: 7.4, Max: 7.4, Diff: 0.0, Sum: 14.8]
      [GC Worker End (ms): Min: 107221.4, Avg: 107221.4, Max: 107221.4, Diff: 0.0]
   [Code Root Fixup: 0.0 ms]
   [Code Root Migration: 0.0 ms]
   [Clear CT: 0.1 ms]
   [Other: 0.7 ms]
      [Choose CSet: 0.0 ms]
      [Ref Proc: 0.3 ms]
      [Ref Enq: 0.0 ms]
      [Free CSet: 0.2 ms]
   [Eden: 134.0M(134.0M)->0.0B(137.0M) Survivors: 14.0M->12.0M Heap: 213.1M(256.0M)->77.0M(256.0M)]
 [Times: user=0.00 sys=0.00, real=0.01 secs] 
2014-07-10T11:37:56.593+0200: 107.372: [GC pause (G1 Evacuation Pause) (young) 107.372: [G1Ergonomics (CSet Construction) start choosing CSet, _pending_cards: 513, predicted base time: 1.06 ms, remaining time: 198.94 ms, target pause time: 200.00 ms]
 107.372: [G1Ergonomics (CSet Construction) add young regions to CSet, eden: 137 regions, survivors: 12 regions, predicted young region time: 86.13 ms]
 107.372: [G1Ergonomics (CSet Construction) finish choosing CSet, eden: 137 regions, survivors: 12 regions, old: 0 regions, predicted pause time: 87.18 ms, target pause time: 200.00 ms]
, 0.0069204 secs]
   [Parallel Time: 6.1 ms, GC Workers: 2]
      [GC Worker Start (ms): Min: 107372.2, Avg: 107372.2, Max: 107372.2, Diff: 0.0]
      [Ext Root Scanning (ms): Min: 0.3, Avg: 0.3, Max: 0.3, Diff: 0.0, Sum: 0.6]
      [Update RS (ms): Min: 0.0, Avg: 0.0, Max: 0.0, Diff: 0.0, Sum: 0.1]
         [Processed Buffers: Min: 2, Avg: 2.0, Max: 2, Diff: 0, Sum: 4]
      [Scan RS (ms): Min: 0.2, Avg: 0.2, Max: 0.2, Diff: 0.0, Sum: 0.5]
      [Code Root Scanning (ms): Min: 0.1, Avg: 0.1, Max: 0.1, Diff: 0.0, Sum: 0.2]
      [Object Copy (ms): Min: 5.3, Avg: 5.3, Max: 5.3, Diff: 0.0, Sum: 10.6]
      [Termination (ms): Min: 0.0, Avg: 0.0, Max: 0.0, Diff: 0.0, Sum: 0.0]
      [GC Worker Other (ms): Min: 0.0, Avg: 0.0, Max: 0.0, Diff: 0.0, Sum: 0.1]
      [GC Worker Total (ms): Min: 6.0, Avg: 6.0, Max: 6.0, Diff: 0.0, Sum: 12.1]
      [GC Worker End (ms): Min: 107378.2, Avg: 107378.2, Max: 107378.2, Diff: 0.0]
   [Code Root Fixup: 0.0 ms]
   [Code Root Migration: 0.2 ms]
   [Clear CT: 0.1 ms]
   [Other: 0.6 ms]
      [Choose CSet: 0.0 ms]
      [Ref Proc: 0.1 ms]
      [Ref Enq: 0.0 ms]
      [Free CSet: 0.4 ms]
   [Eden: 137.0M(137.0M)->0.0B(141.0M) Survivors: 12.0M->9216.0K Heap: 214.0M(256.0M)->73.8M(256.0M)]
 [Times: user=0.03 sys=0.00, real=0.01 secs] 
2014-07-10T11:37:56.697+0200: 107.476: [GC pause (G1 Evacuation Pause) (young) 107.476: [G1Ergonomics (CSet Construction) start choosing CSet, _pending_cards: 512, predicted base time: 1.03 ms, remaining time: 198.97 ms, target pause time: 200.00 ms]
 107.476: [G1Ergonomics (CSet Construction) add young regions to CSet, eden: 141 regions, survivors: 9 regions, predicted young region time: 89.67 ms]
 107.476: [G1Ergonomics (CSet Construction) finish choosing CSet, eden: 141 regions, survivors: 9 regions, old: 0 regions, predicted pause time: 90.70 ms, target pause time: 200.00 ms]
, 0.0125448 secs]
   [Parallel Time: 11.9 ms, GC Workers: 2]
      [GC Worker Start (ms): Min: 107476.2, Avg: 107476.2, Max: 107476.2, Diff: 0.0]
      [Ext Root Scanning (ms): Min: 0.3, Avg: 0.3, Max: 0.3, Diff: 0.0, Sum: 0.7]
      [Update RS (ms): Min: 0.0, Avg: 0.0, Max: 0.1, Diff: 0.0, Sum: 0.1]
         [Processed Buffers: Min: 1, Avg: 1.5, Max: 2, Diff: 1, Sum: 3]
      [Scan RS (ms): Min: 0.3, Avg: 0.3, Max: 0.3, Diff: 0.0, Sum: 0.7]
      [Code Root Scanning (ms): Min: 0.1, Avg: 0.1, Max: 0.1, Diff: 0.0, Sum: 0.3]
      [Object Copy (ms): Min: 11.0, Avg: 11.0, Max: 11.0, Diff: 0.0, Sum: 22.0]
      [Termination (ms): Min: 0.0, Avg: 0.0, Max: 0.0, Diff: 0.0, Sum: 0.0]
      [GC Worker Other (ms): Min: 0.0, Avg: 0.0, Max: 0.0, Diff: 0.0, Sum: 0.1]
      [GC Worker Total (ms): Min: 11.9, Avg: 11.9, Max: 11.9, Diff: 0.0, Sum: 23.8]
      [GC Worker End (ms): Min: 107488.1, Avg: 107488.1, Max: 107488.1, Diff: 0.0]
   [Code Root Fixup: 0.0 ms]
   [Code Root Migration: 0.0 ms]
   [Clear CT: 0.1 ms]
   [Other: 0.4 ms]
      [Choose CSet: 0.0 ms]
      [Ref Proc: 0.1 ms]
      [Ref Enq: 0.0 ms]
      [Free CSet: 0.2 ms]
   [Eden: 141.0M(141.0M)->0.0B(128.0M) Survivors: 9216.0K->18.0M Heap: 214.8M(256.0M)->82.7M(256.0M)]
 [Times: user=0.03 sys=0.00, real=0.01 secs] 
2014-07-10T11:37:56.848+0200: 107.628: [GC pause (G1 Evacuation Pause) (young) 107.628: [G1Ergonomics (CSet Construction) start choosing CSet, _pending_cards: 512, predicted base time: 1.01 ms, remaining time: 198.99 ms, target pause time: 200.00 ms]
 107.628: [G1Ergonomics (CSet Construction) add young regions to CSet, eden: 128 regions, survivors: 18 regions, predicted young region time: 64.62 ms]
 107.628: [G1Ergonomics (CSet Construction) finish choosing CSet, eden: 128 regions, survivors: 18 regions, old: 0 regions, predicted pause time: 65.63 ms, target pause time: 200.00 ms]
, 0.0105240 secs]
   [Parallel Time: 9.3 ms, GC Workers: 2]
      [GC Worker Start (ms): Min: 107627.7, Avg: 107627.7, Max: 107627.7, Diff: 0.0]
      [Ext Root Scanning (ms): Min: 0.4, Avg: 0.4, Max: 0.4, Diff: 0.0, Sum: 0.8]
      [Update RS (ms): Min: 0.0, Avg: 0.0, Max: 0.0, Diff: 0.0, Sum: 0.1]
         [Processed Buffers: Min: 1, Avg: 1.5, Max: 2, Diff: 1, Sum: 3]
      [Scan RS (ms): Min: 0.3, Avg: 0.3, Max: 0.3, Diff: 0.0, Sum: 0.5]
      [Code Root Scanning (ms): Min: 0.1, Avg: 0.1, Max: 0.1, Diff: 0.0, Sum: 0.2]
      [Object Copy (ms): Min: 8.4, Avg: 8.4, Max: 8.4, Diff: 0.0, Sum: 16.7]
      [Termination (ms): Min: 0.0, Avg: 0.0, Max: 0.0, Diff: 0.0, Sum: 0.0]
      [GC Worker Other (ms): Min: 0.0, Avg: 0.0, Max: 0.0, Diff: 0.0, Sum: 0.1]
      [GC Worker Total (ms): Min: 9.2, Avg: 9.2, Max: 9.2, Diff: 0.0, Sum: 18.4]
      [GC Worker End (ms): Min: 107636.9, Avg: 107636.9, Max: 107636.9, Diff: 0.0]
   [Code Root Fixup: 0.1 ms]
   [Code Root Migration: 0.1 ms]
   [Clear CT: 0.2 ms]
   [Other: 0.9 ms]
      [Choose CSet: 0.0 ms]
      [Ref Proc: 0.4 ms]
      [Ref Enq: 0.0 ms]
      [Free CSet: 0.3 ms]
   [Eden: 128.0M(128.0M)->0.0B(136.0M) Survivors: 18.0M->13.0M Heap: 210.7M(256.0M)->78.6M(256.0M)]
 [Times: user=0.00 sys=0.00, real=0.01 secs] 
2014-07-10T11:37:56.995+0200: 107.775: [GC pause (G1 Evacuation Pause) (young) 107.775: [G1Ergonomics (CSet Construction) start choosing CSet, _pending_cards: 512, predicted base time: 1.23 ms, remaining time: 198.77 ms, target pause time: 200.00 ms]
 107.775: [G1Ergonomics (CSet Construction) add young regions to CSet, eden: 136 regions, survivors: 13 regions, predicted young region time: 87.27 ms]
 107.775: [G1Ergonomics (CSet Construction) finish choosing CSet, eden: 136 regions, survivors: 13 regions, old: 0 regions, predicted pause time: 88.50 ms, target pause time: 200.00 ms]
, 0.0128722 secs]
   [Parallel Time: 10.8 ms, GC Workers: 2]
      [GC Worker Start (ms): Min: 107774.8, Avg: 107774.8, Max: 107774.8, Diff: 0.0]
      [Ext Root Scanning (ms): Min: 0.7, Avg: 0.8, Max: 0.8, Diff: 0.0, Sum: 1.5]
      [Update RS (ms): Min: 0.0, Avg: 0.1, Max: 0.1, Diff: 0.0, Sum: 0.1]
         [Processed Buffers: Min: 1, Avg: 1.5, Max: 2, Diff: 1, Sum: 3]
      [Scan RS (ms): Min: 0.4, Avg: 0.4, Max: 0.4, Diff: 0.0, Sum: 0.8]
      [Code Root Scanning (ms): Min: 0.1, Avg: 0.1, Max: 0.1, Diff: 0.0, Sum: 0.3]
      [Object Copy (ms): Min: 9.3, Avg: 9.3, Max: 9.3, Diff: 0.0, Sum: 18.6]
      [Termination (ms): Min: 0.0, Avg: 0.0, Max: 0.0, Diff: 0.0, Sum: 0.0]
      [GC Worker Other (ms): Min: 0.1, Avg: 0.1, Max: 0.1, Diff: 0.0, Sum: 0.1]
      [GC Worker Total (ms): Min: 10.7, Avg: 10.7, Max: 10.8, Diff: 0.0, Sum: 21.5]
      [GC Worker End (ms): Min: 107785.5, Avg: 107785.5, Max: 107785.5, Diff: 0.0]
   [Code Root Fixup: 0.0 ms]
   [Code Root Migration: 0.1 ms]
   [Clear CT: 1.0 ms]
   [Other: 0.9 ms]
      [Choose CSet: 0.1 ms]
      [Ref Proc: 0.1 ms]
      [Ref Enq: 0.0 ms]
      [Free CSet: 0.5 ms]
   [Eden: 136.0M(136.0M)->0.0B(141.0M) Survivors: 13.0M->9216.0K Heap: 214.6M(256.0M)->74.5M(256.0M)]
 [Times: user=0.03 sys=0.00, real=0.01 secs] 
2014-07-10T11:37:57.097+0200: 107.877: [GC pause (G1 Evacuation Pause) (young) 107.877: [G1Ergonomics (CSet Construction) start choosing CSet, _pending_cards: 512, predicted base time: 1.81 ms, remaining time: 198.19 ms, target pause time: 200.00 ms]
 107.877: [G1Ergonomics (CSet Construction) add young regions to CSet, eden: 141 regions, survivors: 9 regions, predicted young region time: 93.15 ms]
 107.877: [G1Ergonomics (CSet Construction) finish choosing CSet, eden: 141 regions, survivors: 9 regions, old: 0 regions, predicted pause time: 94.96 ms, target pause time: 200.00 ms]
, 0.0131190 secs]
   [Parallel Time: 11.9 ms, GC Workers: 2]
      [GC Worker Start (ms): Min: 107877.0, Avg: 107877.3, Max: 107877.6, Diff: 0.6]
      [Ext Root Scanning (ms): Min: 0.0, Avg: 0.3, Max: 0.6, Diff: 0.6, Sum: 0.6]
      [Update RS (ms): Min: 0.0, Avg: 0.0, Max: 0.0, Diff: 0.0, Sum: 0.1]
         [Processed Buffers: Min: 1, Avg: 1.5, Max: 2, Diff: 1, Sum: 3]
      [Scan RS (ms): Min: 0.2, Avg: 0.3, Max: 0.3, Diff: 0.0, Sum: 0.5]
      [Code Root Scanning (ms): Min: 0.1, Avg: 0.1, Max: 0.1, Diff: 0.0, Sum: 0.2]
      [Object Copy (ms): Min: 10.9, Avg: 10.9, Max: 10.9, Diff: 0.0, Sum: 21.8]
      [Termination (ms): Min: 0.0, Avg: 0.0, Max: 0.0, Diff: 0.0, Sum: 0.0]
      [GC Worker Other (ms): Min: 0.0, Avg: 0.0, Max: 0.0, Diff: 0.0, Sum: 0.1]
      [GC Worker Total (ms): Min: 11.3, Avg: 11.6, Max: 11.9, Diff: 0.6, Sum: 23.2]
      [GC Worker End (ms): Min: 107888.9, Avg: 107888.9, Max: 107888.9, Diff: 0.0]
   [Code Root Fixup: 0.0 ms]
   [Code Root Migration: 0.0 ms]
   [Clear CT: 0.2 ms]
   [Other: 0.9 ms]
      [Choose CSet: 0.1 ms]
      [Ref Proc: 0.4 ms]
      [Ref Enq: 0.0 ms]
      [Free CSet: 0.2 ms]
   [Eden: 141.0M(141.0M)->0.0B(128.0M) Survivors: 9216.0K->18.0M Heap: 215.5M(256.0M)->83.4M(256.0M)]
 [Times: user=0.02 sys=0.00, real=0.01 secs] 
2014-07-10T11:37:57.234+0200: 108.013: [GC pause (G1 Evacuation Pause) (young) 108.013: [G1Ergonomics (CSet Construction) start choosing CSet, _pending_cards: 512, predicted base time: 1.77 ms, remaining time: 198.23 ms, target pause time: 200.00 ms]
 108.013: [G1Ergonomics (CSet Construction) add young regions to CSet, eden: 128 regions, survivors: 18 regions, predicted young region time: 99.62 ms]
 108.013: [G1Ergonomics (CSet Construction) finish choosing CSet, eden: 128 regions, survivors: 18 regions, old: 0 regions, predicted pause time: 101.39 ms, target pause time: 200.00 ms]
, 0.0098358 secs]
   [Parallel Time: 9.0 ms, GC Workers: 2]
      [GC Worker Start (ms): Min: 108013.2, Avg: 108013.2, Max: 108013.2, Diff: 0.0]
      [Ext Root Scanning (ms): Min: 0.3, Avg: 0.3, Max: 0.3, Diff: 0.0, Sum: 0.6]
      [Update RS (ms): Min: 0.0, Avg: 0.0, Max: 0.0, Diff: 0.0, Sum: 0.1]
         [Processed Buffers: Min: 1, Avg: 1.5, Max: 2, Diff: 1, Sum: 3]
      [Scan RS (ms): Min: 0.2, Avg: 0.3, Max: 0.3, Diff: 0.0, Sum: 0.5]
      [Code Root Scanning (ms): Min: 0.1, Avg: 0.1, Max: 0.1, Diff: 0.0, Sum: 0.2]
      [Object Copy (ms): Min: 8.3, Avg: 8.3, Max: 8.3, Diff: 0.0, Sum: 16.5]
      [Termination (ms): Min: 0.0, Avg: 0.0, Max: 0.0, Diff: 0.0, Sum: 0.0]
      [GC Worker Other (ms): Min: 0.0, Avg: 0.0, Max: 0.0, Diff: 0.0, Sum: 0.1]
      [GC Worker Total (ms): Min: 9.0, Avg: 9.0, Max: 9.0, Diff: 0.0, Sum: 18.0]
      [GC Worker End (ms): Min: 108022.2, Avg: 108022.2, Max: 108022.2, Diff: 0.0]
   [Code Root Fixup: 0.0 ms]
   [Code Root Migration: 0.0 ms]
   [Clear CT: 0.2 ms]
   [Other: 0.6 ms]
      [Choose CSet: 0.0 ms]
      [Ref Proc: 0.2 ms]
      [Ref Enq: 0.0 ms]
      [Free CSet: 0.2 ms]
   [Eden: 128.0M(128.0M)->0.0B(135.0M) Survivors: 18.0M->14.0M Heap: 211.4M(256.0M)->79.2M(256.0M)]
 [Times: user=0.03 sys=0.00, real=0.01 secs] 
2014-07-10T11:37:57.396+0200: 108.176: [GC pause (G1 Evacuation Pause) (young) 108.176: [G1Ergonomics (CSet Construction) start choosing CSet, _pending_cards: 512, predicted base time: 1.60 ms, remaining time: 198.40 ms, target pause time: 200.00 ms]
 108.176: [G1Ergonomics (CSet Construction) add young regions to CSet, eden: 135 regions, survivors: 14 regions, predicted young region time: 23.34 ms]
 108.176: [G1Ergonomics (CSet Construction) finish choosing CSet, eden: 135 regions, survivors: 14 regions, old: 0 regions, predicted pause time: 24.94 ms, target pause time: 200.00 ms]
, 0.0117676 secs]
   [Parallel Time: 10.9 ms, GC Workers: 2]
      [GC Worker Start (ms): Min: 108175.7, Avg: 108175.7, Max: 108175.7, Diff: 0.0]
      [Ext Root Scanning (ms): Min: 0.3, Avg: 0.3, Max: 0.3, Diff: 0.0, Sum: 0.7]
      [Update RS (ms): Min: 0.0, Avg: 0.0, Max: 0.0, Diff: 0.0, Sum: 0.1]
         [Processed Buffers: Min: 1, Avg: 1.5, Max: 2, Diff: 1, Sum: 3]
      [Scan RS (ms): Min: 0.2, Avg: 0.2, Max: 0.2, Diff: 0.0, Sum: 0.4]
      [Code Root Scanning (ms): Min: 0.1, Avg: 0.1, Max: 0.1, Diff: 0.0, Sum: 0.2]
      [Object Copy (ms): Min: 10.0, Avg: 10.0, Max: 10.0, Diff: 0.0, Sum: 20.1]
      [Termination (ms): Min: 0.0, Avg: 0.0, Max: 0.0, Diff: 0.0, Sum: 0.0]
      [GC Worker Other (ms): Min: 0.0, Avg: 0.0, Max: 0.1, Diff: 0.0, Sum: 0.1]
      [GC Worker Total (ms): Min: 10.8, Avg: 10.8, Max: 10.8, Diff: 0.0, Sum: 21.5]
      [GC Worker End (ms): Min: 108186.5, Avg: 108186.5, Max: 108186.5, Diff: 0.0]
   [Code Root Fixup: 0.0 ms]
   [Code Root Migration: 0.0 ms]
   [Clear CT: 0.1 ms]
   [Other: 0.7 ms]
      [Choose CSet: 0.0 ms]
      [Ref Proc: 0.3 ms]
      [Ref Enq: 0.0 ms]
      [Free CSet: 0.2 ms]
   [Eden: 135.0M(135.0M)->0.0B(130.0M) Survivors: 14.0M->17.0M Heap: 214.2M(256.0M)->82.1M(256.0M)]
 [Times: user=0.00 sys=0.00, real=0.01 secs] 
2014-07-10T11:37:57.473+0200: 108.252: [GC pause (G1 Evacuation Pause) (young) 108.252: [G1Ergonomics (CSet Construction) start choosing CSet, _pending_cards: 515, predicted base time: 1.52 ms, remaining time: 198.48 ms, target pause time: 200.00 ms]
 108.252: [G1Ergonomics (CSet Construction) add young regions to CSet, eden: 130 regions, survivors: 17 regions, predicted young region time: 91.83 ms]
 108.252: [G1Ergonomics (CSet Construction) finish choosing CSet, eden: 130 regions, survivors: 17 regions, old: 0 regions, predicted pause time: 93.35 ms, target pause time: 200.00 ms]
, 0.0018295 secs]
   [Parallel Time: 1.3 ms, GC Workers: 2]
      [GC Worker Start (ms): Min: 108252.2, Avg: 108252.2, Max: 108252.2, Diff: 0.0]
      [Ext Root Scanning (ms): Min: 0.3, Avg: 0.3, Max: 0.3, Diff: 0.0, Sum: 0.7]
      [Update RS (ms): Min: 0.0, Avg: 0.1, Max: 0.1, Diff: 0.1, Sum: 0.1]
         [Processed Buffers: Min: 2, Avg: 2.0, Max: 2, Diff: 0, Sum: 4]
      [Scan RS (ms): Min: 0.3, Avg: 0.3, Max: 0.3, Diff: 0.0, Sum: 0.5]
      [Code Root Scanning (ms): Min: 0.1, Avg: 0.1, Max: 0.1, Diff: 0.0, Sum: 0.2]
      [Object Copy (ms): Min: 0.5, Avg: 0.5, Max: 0.5, Diff: 0.0, Sum: 1.0]
      [Termination (ms): Min: 0.0, Avg: 0.0, Max: 0.0, Diff: 0.0, Sum: 0.0]
      [GC Worker Other (ms): Min: 0.0, Avg: 0.0, Max: 0.0, Diff: 0.0, Sum: 0.0]
      [GC Worker Total (ms): Min: 1.3, Avg: 1.3, Max: 1.3, Diff: 0.0, Sum: 2.6]
      [GC Worker End (ms): Min: 108253.5, Avg: 108253.5, Max: 108253.5, Diff: 0.0]
   [Code Root Fixup: 0.0 ms]
   [Code Root Migration: 0.0 ms]
   [Clear CT: 0.1 ms]
   [Other: 0.4 ms]
      [Choose CSet: 0.0 ms]
      [Ref Proc: 0.0 ms]
      [Ref Enq: 0.0 ms]
      [Free CSet: 0.2 ms]
   [Eden: 130.0M(130.0M)->0.0B(148.0M) Survivors: 17.0M->2048.0K Heap: 212.1M(256.0M)->66.9M(256.0M)]
 [Times: user=0.00 sys=0.00, real=0.00 secs] 
2014-07-10T11:37:57.632+0200: 108.411: [GC pause (G1 Evacuation Pause) (young) 108.411: [G1Ergonomics (CSet Construction) start choosing CSet, _pending_cards: 513, predicted base time: 1.36 ms, remaining time: 198.64 ms, target pause time: 200.00 ms]
 108.411: [G1Ergonomics (CSet Construction) add young regions to CSet, eden: 148 regions, survivors: 2 regions, predicted young region time: 10.49 ms]
 108.411: [G1Ergonomics (CSet Construction) finish choosing CSet, eden: 148 regions, survivors: 2 regions, old: 0 regions, predicted pause time: 11.84 ms, target pause time: 200.00 ms]
, 0.0106747 secs]
   [Parallel Time: 9.7 ms, GC Workers: 2]
      [GC Worker Start (ms): Min: 108411.1, Avg: 108411.1, Max: 108411.1, Diff: 0.0]
      [Ext Root Scanning (ms): Min: 0.4, Avg: 0.4, Max: 0.5, Diff: 0.1, Sum: 0.9]
      [Update RS (ms): Min: 0.0, Avg: 0.1, Max: 0.1, Diff: 0.1, Sum: 0.1]
         [Processed Buffers: Min: 0, Avg: 2.0, Max: 4, Diff: 4, Sum: 4]
      [Scan RS (ms): Min: 0.3, Avg: 0.4, Max: 0.6, Diff: 0.3, Sum: 0.9]
      [Code Root Scanning (ms): Min: 0.2, Avg: 1.5, Max: 2.7, Diff: 2.4, Sum: 2.9]
      [Object Copy (ms): Min: 6.1, Avg: 7.2, Max: 8.3, Diff: 2.2, Sum: 14.4]
      [Termination (ms): Min: 0.0, Avg: 0.0, Max: 0.0, Diff: 0.0, Sum: 0.0]
      [GC Worker Other (ms): Min: 0.0, Avg: 0.0, Max: 0.0, Diff: 0.0, Sum: 0.1]
      [GC Worker Total (ms): Min: 9.6, Avg: 9.6, Max: 9.7, Diff: 0.0, Sum: 19.3]
      [GC Worker End (ms): Min: 108420.7, Avg: 108420.7, Max: 108420.7, Diff: 0.0]
   [Code Root Fixup: 0.0 ms]
   [Code Root Migration: 0.0 ms]
   [Clear CT: 0.1 ms]
   [Other: 0.8 ms]
      [Choose CSet: 0.0 ms]
      [Ref Proc: 0.4 ms]
      [Ref Enq: 0.0 ms]
      [Free CSet: 0.2 ms]
   [Eden: 148.0M(148.0M)->0.0B(137.0M) Survivors: 2048.0K->13.0M Heap: 214.9M(256.0M)->78.7M(256.0M)]
 [Times: user=0.00 sys=0.00, real=0.01 secs] 
2014-07-10T11:37:57.808+0200: 108.587: [GC pause (G1 Evacuation Pause) (young) 108.587: [G1Ergonomics (CSet Construction) start choosing CSet, _pending_cards: 256, predicted base time: 1.93 ms, remaining time: 198.07 ms, target pause time: 200.00 ms]
 108.587: [G1Ergonomics (CSet Construction) add young regions to CSet, eden: 137 regions, survivors: 13 regions, predicted young region time: 86.37 ms]
 108.587: [G1Ergonomics (CSet Construction) finish choosing CSet, eden: 137 regions, survivors: 13 regions, old: 0 regions, predicted pause time: 88.30 ms, target pause time: 200.00 ms]
, 0.0292974 secs]
   [Parallel Time: 28.2 ms, GC Workers: 2]
      [GC Worker Start (ms): Min: 108587.6, Avg: 108601.2, Max: 108614.8, Diff: 27.2]
      [Ext Root Scanning (ms): Min: 0.0, Avg: 0.8, Max: 1.5, Diff: 1.5, Sum: 1.5]
      [Update RS (ms): Min: 0.0, Avg: 0.1, Max: 0.3, Diff: 0.3, Sum: 0.3]
         [Processed Buffers: Min: 0, Avg: 1.0, Max: 2, Diff: 2, Sum: 2]
      [Scan RS (ms): Min: 0.2, Avg: 6.2, Max: 12.3, Diff: 12.1, Sum: 12.5]
      [Code Root Scanning (ms): Min: 0.0, Avg: 0.5, Max: 1.0, Diff: 1.0, Sum: 1.0]
      [Object Copy (ms): Min: 0.0, Avg: 6.1, Max: 12.1, Diff: 12.1, Sum: 12.1]
      [Termination (ms): Min: 0.0, Avg: 0.4, Max: 0.9, Diff: 0.9, Sum: 0.9]
      [GC Worker Other (ms): Min: 0.0, Avg: 0.0, Max: 0.0, Diff: 0.0, Sum: 0.1]
      [GC Worker Total (ms): Min: 0.2, Avg: 14.1, Max: 28.0, Diff: 27.8, Sum: 28.3]
      [GC Worker End (ms): Min: 108615.0, Avg: 108615.3, Max: 108615.6, Diff: 0.6]
   [Code Root Fixup: 0.0 ms]
   [Code Root Migration: 0.0 ms]
   [Clear CT: 0.1 ms]
   [Other: 0.9 ms]
      [Choose CSet: 0.1 ms]
      [Ref Proc: 0.4 ms]
      [Ref Enq: 0.0 ms]
      [Free CSet: 0.3 ms]
   [Eden: 137.0M(137.0M)->0.0B(128.0M) Survivors: 13.0M->18.0M Heap: 215.7M(256.0M)->83.6M(256.0M)]
 [Times: user=0.01 sys=0.00, real=0.03 secs] 
2014-07-10T11:37:57.917+0200: 108.696: [GC pause (G1 Evacuation Pause) (young) 108.696: [G1Ergonomics (CSet Construction) start choosing CSet, _pending_cards: 256, predicted base time: 8.79 ms, remaining time: 191.21 ms, target pause time: 200.00 ms]
 108.696: [G1Ergonomics (CSet Construction) add young regions to CSet, eden: 128 regions, survivors: 18 regions, predicted young region time: 72.96 ms]
 108.696: [G1Ergonomics (CSet Construction) finish choosing CSet, eden: 128 regions, survivors: 18 regions, old: 0 regions, predicted pause time: 81.75 ms, target pause time: 200.00 ms]
, 0.0099429 secs]
   [Parallel Time: 9.3 ms, GC Workers: 2]
      [GC Worker Start (ms): Min: 108696.5, Avg: 108696.5, Max: 108696.5, Diff: 0.0]
      [Ext Root Scanning (ms): Min: 0.4, Avg: 0.4, Max: 0.4, Diff: 0.0, Sum: 0.7]
      [Update RS (ms): Min: 0.0, Avg: 0.1, Max: 0.1, Diff: 0.1, Sum: 0.1]
         [Processed Buffers: Min: 1, Avg: 1.0, Max: 1, Diff: 0, Sum: 2]
      [Scan RS (ms): Min: 0.2, Avg: 0.2, Max: 0.3, Diff: 0.1, Sum: 0.5]
      [Code Root Scanning (ms): Min: 0.1, Avg: 0.1, Max: 0.1, Diff: 0.0, Sum: 0.2]
      [Object Copy (ms): Min: 8.4, Avg: 8.5, Max: 8.5, Diff: 0.0, Sum: 16.9]
      [Termination (ms): Min: 0.0, Avg: 0.0, Max: 0.0, Diff: 0.0, Sum: 0.0]
      [GC Worker Other (ms): Min: 0.0, Avg: 0.0, Max: 0.0, Diff: 0.0, Sum: 0.1]
      [GC Worker Total (ms): Min: 9.2, Avg: 9.2, Max: 9.2, Diff: 0.0, Sum: 18.5]
      [GC Worker End (ms): Min: 108705.7, Avg: 108705.7, Max: 108705.7, Diff: 0.0]
   [Code Root Fixup: 0.0 ms]
   [Code Root Migration: 0.0 ms]
   [Clear CT: 0.1 ms]
   [Other: 0.5 ms]
      [Choose CSet: 0.0 ms]
      [Ref Proc: 0.2 ms]
      [Ref Enq: 0.0 ms]
      [Free CSet: 0.2 ms]
   [Eden: 128.0M(128.0M)->0.0B(134.0M) Survivors: 18.0M->14.0M Heap: 211.6M(256.0M)->79.5M(256.0M)]
 [Times: user=0.03 sys=0.00, real=0.01 secs] 
2014-07-10T11:37:58.027+0200: 108.807: [GC pause (G1 Evacuation Pause) (young) 108.807: [G1Ergonomics (CSet Construction) start choosing CSet, _pending_cards: 257, predicted base time: 7.01 ms, remaining time: 192.99 ms, target pause time: 200.00 ms]
 108.807: [G1Ergonomics (CSet Construction) add young regions to CSet, eden: 134 regions, survivors: 14 regions, predicted young region time: 79.25 ms]
 108.807: [G1Ergonomics (CSet Construction) finish choosing CSet, eden: 134 regions, survivors: 14 regions, old: 0 regions, predicted pause time: 86.26 ms, target pause time: 200.00 ms]
, 0.0064137 secs]
   [Parallel Time: 5.6 ms, GC Workers: 2]
      [GC Worker Start (ms): Min: 108806.9, Avg: 108807.0, Max: 108807.2, Diff: 0.3]
      [Ext Root Scanning (ms): Min: 0.1, Avg: 0.3, Max: 0.5, Diff: 0.3, Sum: 0.6]
      [Update RS (ms): Min: 0.0, Avg: 0.0, Max: 0.0, Diff: 0.0, Sum: 0.1]
         [Processed Buffers: Min: 1, Avg: 1.5, Max: 2, Diff: 1, Sum: 3]
      [Scan RS (ms): Min: 0.2, Avg: 0.2, Max: 0.2, Diff: 0.0, Sum: 0.4]
      [Code Root Scanning (ms): Min: 0.1, Avg: 0.1, Max: 0.1, Diff: 0.0, Sum: 0.2]
      [Object Copy (ms): Min: 4.7, Avg: 4.7, Max: 4.7, Diff: 0.0, Sum: 9.3]
      [Termination (ms): Min: 0.0, Avg: 0.0, Max: 0.0, Diff: 0.0, Sum: 0.0]
      [GC Worker Other (ms): Min: 0.0, Avg: 0.0, Max: 0.0, Diff: 0.0, Sum: 0.1]
      [GC Worker Total (ms): Min: 5.2, Avg: 5.4, Max: 5.5, Diff: 0.3, Sum: 10.7]
      [GC Worker End (ms): Min: 108812.4, Avg: 108812.4, Max: 108812.4, Diff: 0.0]
   [Code Root Fixup: 0.0 ms]
   [Code Root Migration: 0.1 ms]
   [Clear CT: 0.3 ms]
   [Other: 0.4 ms]
      [Choose CSet: 0.0 ms]
      [Ref Proc: 0.1 ms]
      [Ref Enq: 0.0 ms]
      [Free CSet: 0.2 ms]
   [Eden: 134.0M(134.0M)->0.0B(142.0M) Survivors: 14.0M->8192.0K Heap: 213.5M(256.0M)->73.3M(256.0M)]
 [Times: user=0.01 sys=0.00, real=0.01 secs] 
2014-07-10T11:37:58.197+0200: 108.977: [GC pause (G1 Evacuation Pause) (young) 108.977: [G1Ergonomics (CSet Construction) start choosing CSet, _pending_cards: 512, predicted base time: 5.78 ms, remaining time: 194.22 ms, target pause time: 200.00 ms]
 108.977: [G1Ergonomics (CSet Construction) add young regions to CSet, eden: 142 regions, survivors: 8 regions, predicted young region time: 86.20 ms]
 108.977: [G1Ergonomics (CSet Construction) finish choosing CSet, eden: 142 regions, survivors: 8 regions, old: 0 regions, predicted pause time: 91.98 ms, target pause time: 200.00 ms]
, 0.0130918 secs]
   [Parallel Time: 12.3 ms, GC Workers: 2]
      [GC Worker Start (ms): Min: 108976.6, Avg: 108976.7, Max: 108976.7, Diff: 0.0]
      [Ext Root Scanning (ms): Min: 0.4, Avg: 0.4, Max: 0.4, Diff: 0.0, Sum: 0.7]
      [Update RS (ms): Min: 0.0, Avg: 0.0, Max: 0.0, Diff: 0.0, Sum: 0.1]
         [Processed Buffers: Min: 1, Avg: 1.5, Max: 2, Diff: 1, Sum: 3]
      [Scan RS (ms): Min: 0.3, Avg: 0.3, Max: 0.3, Diff: 0.0, Sum: 0.6]
      [Code Root Scanning (ms): Min: 0.1, Avg: 0.1, Max: 0.1, Diff: 0.0, Sum: 0.2]
      [Object Copy (ms): Min: 11.4, Avg: 11.4, Max: 11.4, Diff: 0.0, Sum: 22.8]
      [Termination (ms): Min: 0.0, Avg: 0.0, Max: 0.0, Diff: 0.0, Sum: 0.0]
      [GC Worker Other (ms): Min: 0.0, Avg: 0.0, Max: 0.0, Diff: 0.0, Sum: 0.1]
      [GC Worker Total (ms): Min: 12.2, Avg: 12.3, Max: 12.3, Diff: 0.0, Sum: 24.5]
      [GC Worker End (ms): Min: 108988.9, Avg: 108988.9, Max: 108988.9, Diff: 0.0]
   [Code Root Fixup: 0.0 ms]
   [Code Root Migration: 0.1 ms]
   [Clear CT: 0.1 ms]
   [Other: 0.6 ms]
      [Choose CSet: 0.0 ms]
      [Ref Proc: 0.1 ms]
      [Ref Enq: 0.0 ms]
      [Free CSet: 0.3 ms]
   [Eden: 142.0M(142.0M)->0.0B(128.0M) Survivors: 8192.0K->18.0M Heap: 215.3M(256.0M)->83.2M(256.0M)]
 [Times: user=0.03 sys=0.00, real=0.01 secs] 
2014-07-10T11:37:58.295+0200: 109.075: [GC pause (G1 Evacuation Pause) (young) 109.075: [G1Ergonomics (CSet Construction) start choosing CSet, _pending_cards: 512, predicted base time: 4.72 ms, remaining time: 195.28 ms, target pause time: 200.00 ms]
 109.075: [G1Ergonomics (CSet Construction) add young regions to CSet, eden: 128 regions, survivors: 18 regions, predicted young region time: 65.68 ms]
 109.075: [G1Ergonomics (CSet Construction) finish choosing CSet, eden: 128 regions, survivors: 18 regions, old: 0 regions, predicted pause time: 70.39 ms, target pause time: 200.00 ms]
, 0.0097992 secs]
   [Parallel Time: 9.1 ms, GC Workers: 2]
      [GC Worker Start (ms): Min: 109074.6, Avg: 109074.6, Max: 109074.6, Diff: 0.0]
      [Ext Root Scanning (ms): Min: 0.3, Avg: 0.4, Max: 0.4, Diff: 0.0, Sum: 0.7]
      [Update RS (ms): Min: 0.0, Avg: 0.0, Max: 0.0, Diff: 0.0, Sum: 0.1]
         [Processed Buffers: Min: 1, Avg: 1.5, Max: 2, Diff: 1, Sum: 3]
      [Scan RS (ms): Min: 0.2, Avg: 0.2, Max: 0.2, Diff: 0.0, Sum: 0.5]
      [Code Root Scanning (ms): Min: 0.1, Avg: 0.1, Max: 0.1, Diff: 0.0, Sum: 0.2]
      [Object Copy (ms): Min: 8.3, Avg: 8.3, Max: 8.3, Diff: 0.0, Sum: 16.6]
      [Termination (ms): Min: 0.0, Avg: 0.0, Max: 0.0, Diff: 0.0, Sum: 0.0]
      [GC Worker Other (ms): Min: 0.0, Avg: 0.0, Max: 0.0, Diff: 0.0, Sum: 0.1]
      [GC Worker Total (ms): Min: 9.1, Avg: 9.1, Max: 9.1, Diff: 0.0, Sum: 18.1]
      [GC Worker End (ms): Min: 109083.7, Avg: 109083.7, Max: 109083.7, Diff: 0.0]
   [Code Root Fixup: 0.0 ms]
   [Code Root Migration: 0.0 ms]
   [Clear CT: 0.1 ms]
   [Other: 0.5 ms]
      [Choose CSet: 0.0 ms]
      [Ref Proc: 0.2 ms]
      [Ref Enq: 0.0 ms]
      [Free CSet: 0.2 ms]
   [Eden: 128.0M(128.0M)->0.0B(135.0M) Survivors: 18.0M->14.0M Heap: 211.2M(256.0M)->79.1M(256.0M)]
 [Times: user=0.03 sys=0.00, real=0.01 secs] 
2014-07-10T11:37:58.440+0200: 109.219: [GC pause (G1 Evacuation Pause) (young) 109.219: [G1Ergonomics (CSet Construction) start choosing CSet, _pending_cards: 513, predicted base time: 3.90 ms, remaining time: 196.10 ms, target pause time: 200.00 ms]
 109.219: [G1Ergonomics (CSet Construction) add young regions to CSet, eden: 135 regions, survivors: 14 regions, predicted young region time: 85.11 ms]
 109.219: [G1Ergonomics (CSet Construction) finish choosing CSet, eden: 135 regions, survivors: 14 regions, old: 0 regions, predicted pause time: 89.01 ms, target pause time: 200.00 ms]
, 0.0032941 secs]
   [Parallel Time: 2.7 ms, GC Workers: 2]
      [GC Worker Start (ms): Min: 109219.4, Avg: 109219.5, Max: 109219.5, Diff: 0.0]
      [Ext Root Scanning (ms): Min: 0.3, Avg: 0.3, Max: 0.3, Diff: 0.0, Sum: 0.5]
      [Update RS (ms): Min: 0.0, Avg: 0.0, Max: 0.0, Diff: 0.0, Sum: 0.1]
         [Processed Buffers: Min: 2, Avg: 2.0, Max: 2, Diff: 0, Sum: 4]
      [Scan RS (ms): Min: 0.2, Avg: 0.2, Max: 0.2, Diff: 0.0, Sum: 0.4]
      [Code Root Scanning (ms): Min: 0.1, Avg: 0.1, Max: 0.1, Diff: 0.0, Sum: 0.2]
      [Object Copy (ms): Min: 2.0, Avg: 2.0, Max: 2.0, Diff: 0.0, Sum: 4.0]
      [Termination (ms): Min: 0.0, Avg: 0.0, Max: 0.0, Diff: 0.0, Sum: 0.0]
      [GC Worker Other (ms): Min: 0.0, Avg: 0.0, Max: 0.0, Diff: 0.0, Sum: 0.1]
      [GC Worker Total (ms): Min: 2.6, Avg: 2.6, Max: 2.6, Diff: 0.0, Sum: 5.3]
      [GC Worker End (ms): Min: 109222.1, Avg: 109222.1, Max: 109222.1, Diff: 0.0]
   [Code Root Fixup: 0.0 ms]
   [Code Root Migration: 0.0 ms]
   [Clear CT: 0.1 ms]
   [Other: 0.5 ms]
      [Choose CSet: 0.0 ms]
      [Ref Proc: 0.1 ms]
      [Ref Enq: 0.0 ms]
      [Free CSet: 0.2 ms]
   [Eden: 135.0M(135.0M)->0.0B(147.0M) Survivors: 14.0M->4096.0K Heap: 214.1M(256.0M)->69.9M(256.0M)]
 [Times: user=0.00 sys=0.00, real=0.00 secs] 
2014-07-10T11:37:58.599+0200: 109.378: [GC pause (G1 Evacuation Pause) (young) 109.378: [G1Ergonomics (CSet Construction) start choosing CSet, _pending_cards: 512, predicted base time: 3.22 ms, remaining time: 196.78 ms, target pause time: 200.00 ms]
 109.378: [G1Ergonomics (CSet Construction) add young regions to CSet, eden: 147 regions, survivors: 4 regions, predicted young region time: 18.88 ms]
 109.378: [G1Ergonomics (CSet Construction) finish choosing CSet, eden: 147 regions, survivors: 4 regions, old: 0 regions, predicted pause time: 22.09 ms, target pause time: 200.00 ms]
, 0.0133738 secs]
   [Parallel Time: 12.4 ms, GC Workers: 2]
      [GC Worker Start (ms): Min: 109378.2, Avg: 109378.2, Max: 109378.2, Diff: 0.0]
      [Ext Root Scanning (ms): Min: 0.4, Avg: 0.4, Max: 0.4, Diff: 0.0, Sum: 0.7]
      [Update RS (ms): Min: 0.0, Avg: 0.0, Max: 0.0, Diff: 0.0, Sum: 0.1]
         [Processed Buffers: Min: 1, Avg: 1.5, Max: 2, Diff: 1, Sum: 3]
      [Scan RS (ms): Min: 0.3, Avg: 0.3, Max: 0.3, Diff: 0.0, Sum: 0.5]
      [Code Root Scanning (ms): Min: 0.1, Avg: 0.1, Max: 0.1, Diff: 0.0, Sum: 0.2]
      [Object Copy (ms): Min: 11.5, Avg: 11.5, Max: 11.5, Diff: 0.0, Sum: 23.0]
      [Termination (ms): Min: 0.0, Avg: 0.0, Max: 0.0, Diff: 0.0, Sum: 0.0]
      [GC Worker Other (ms): Min: 0.0, Avg: 0.0, Max: 0.0, Diff: 0.0, Sum: 0.1]
      [GC Worker Total (ms): Min: 12.3, Avg: 12.3, Max: 12.3, Diff: 0.0, Sum: 24.6]
      [GC Worker End (ms): Min: 109390.5, Avg: 109390.5, Max: 109390.5, Diff: 0.0]
   [Code Root Fixup: 0.0 ms]
   [Code Root Migration: 0.0 ms]
   [Clear CT: 0.2 ms]
   [Other: 0.7 ms]
      [Choose CSet: 0.0 ms]
      [Ref Proc: 0.4 ms]
      [Ref Enq: 0.0 ms]
      [Free CSet: 0.2 ms]
   [Eden: 147.0M(147.0M)->0.0B(126.0M) Survivors: 4096.0K->19.0M Heap: 216.9M(256.0M)->84.8M(256.0M)]
 [Times: user=0.03 sys=0.00, real=0.01 secs] 
2014-07-10T11:37:58.696+0200: 109.475: [GC pause (G1 Evacuation Pause) (young) 109.475: [G1Ergonomics (CSet Construction) start choosing CSet, _pending_cards: 512, predicted base time: 2.84 ms, remaining time: 197.16 ms, target pause time: 200.00 ms]
 109.475: [G1Ergonomics (CSet Construction) add young regions to CSet, eden: 126 regions, survivors: 19 regions, predicted young region time: 76.17 ms]
 109.475: [G1Ergonomics (CSet Construction) finish choosing CSet, eden: 126 regions, survivors: 19 regions, old: 0 regions, predicted pause time: 79.02 ms, target pause time: 200.00 ms]
, 0.0096811 secs]
   [Parallel Time: 9.0 ms, GC Workers: 2]
      [GC Worker Start (ms): Min: 109475.4, Avg: 109475.4, Max: 109475.4, Diff: 0.0]
      [Ext Root Scanning (ms): Min: 0.3, Avg: 0.3, Max: 0.3, Diff: 0.0, Sum: 0.6]
      [Update RS (ms): Min: 0.0, Avg: 0.0, Max: 0.0, Diff: 0.0, Sum: 0.1]
         [Processed Buffers: Min: 1, Avg: 1.5, Max: 2, Diff: 1, Sum: 3]
      [Scan RS (ms): Min: 0.2, Avg: 0.2, Max: 0.2, Diff: 0.0, Sum: 0.4]
      [Code Root Scanning (ms): Min: 0.1, Avg: 0.1, Max: 0.1, Diff: 0.0, Sum: 0.2]
      [Object Copy (ms): Min: 8.2, Avg: 8.2, Max: 8.2, Diff: 0.0, Sum: 16.4]
      [Termination (ms): Min: 0.0, Avg: 0.0, Max: 0.0, Diff: 0.0, Sum: 0.0]
      [GC Worker Other (ms): Min: 0.0, Avg: 0.0, Max: 0.0, Diff: 0.0, Sum: 0.0]
      [GC Worker Total (ms): Min: 8.9, Avg: 8.9, Max: 8.9, Diff: 0.0, Sum: 17.7]
      [GC Worker End (ms): Min: 109484.2, Avg: 109484.2, Max: 109484.2, Diff: 0.0]
   [Code Root Fixup: 0.0 ms]
   [Code Root Migration: 0.0 ms]
   [Clear CT: 0.1 ms]
   [Other: 0.5 ms]
      [Choose CSet: 0.0 ms]
      [Ref Proc: 0.1 ms]
      [Ref Enq: 0.0 ms]
      [Free CSet: 0.2 ms]
   [Eden: 126.0M(126.0M)->0.0B(135.0M) Survivors: 19.0M->13.0M Heap: 210.8M(256.0M)->78.7M(256.0M)]
 [Times: user=0.03 sys=0.00, real=0.01 secs] 
2014-07-10T11:37:58.841+0200: 109.619: [GC pause (G1 Evacuation Pause) (young) 109.619: [G1Ergonomics (CSet Construction) start choosing CSet, _pending_cards: 512, predicted base time: 2.45 ms, remaining time: 197.55 ms, target pause time: 200.00 ms]
 109.619: [G1Ergonomics (CSet Construction) add young regions to CSet, eden: 135 regions, survivors: 13 regions, predicted young region time: 21.51 ms]
 109.619: [G1Ergonomics (CSet Construction) finish choosing CSet, eden: 135 regions, survivors: 13 regions, old: 0 regions, predicted pause time: 23.96 ms, target pause time: 200.00 ms]
, 0.0116004 secs]
   [Parallel Time: 10.9 ms, GC Workers: 2]
      [GC Worker Start (ms): Min: 109619.4, Avg: 109619.4, Max: 109619.5, Diff: 0.0]
      [Ext Root Scanning (ms): Min: 0.3, Avg: 0.3, Max: 0.3, Diff: 0.0, Sum: 0.7]
      [Update RS (ms): Min: 0.0, Avg: 0.0, Max: 0.0, Diff: 0.0, Sum: 0.1]
         [Processed Buffers: Min: 1, Avg: 1.5, Max: 2, Diff: 1, Sum: 3]
      [Scan RS (ms): Min: 0.2, Avg: 0.2, Max: 0.2, Diff: 0.0, Sum: 0.5]
      [Code Root Scanning (ms): Min: 0.1, Avg: 0.1, Max: 0.1, Diff: 0.0, Sum: 0.2]
      [Object Copy (ms): Min: 10.1, Avg: 10.1, Max: 10.1, Diff: 0.0, Sum: 20.2]
      [Termination (ms): Min: 0.0, Avg: 0.0, Max: 0.0, Diff: 0.0, Sum: 0.0]
      [GC Worker Other (ms): Min: 0.0, Avg: 0.0, Max: 0.0, Diff: 0.0, Sum: 0.1]
      [GC Worker Total (ms): Min: 10.8, Avg: 10.8, Max: 10.8, Diff: 0.0, Sum: 21.7]
      [GC Worker End (ms): Min: 109630.3, Avg: 109630.3, Max: 109630.3, Diff: 0.0]
   [Code Root Fixup: 0.0 ms]
   [Code Root Migration: 0.0 ms]
   [Clear CT: 0.1 ms]
   [Other: 0.5 ms]
      [Choose CSet: 0.0 ms]
      [Ref Proc: 0.2 ms]
      [Ref Enq: 0.0 ms]
      [Free CSet: 0.2 ms]
   [Eden: 135.0M(135.0M)->0.0B(131.0M) Survivors: 13.0M->16.0M Heap: 213.7M(256.0M)->81.6M(256.0M)]
 [Times: user=0.03 sys=0.00, real=0.01 secs] 
2014-07-10T11:37:58.991+0200: 109.770: [GC pause (G1 Evacuation Pause) (young) 109.770: [G1Ergonomics (CSet Construction) start choosing CSet, _pending_cards: 258, predicted base time: 2.12 ms, remaining time: 197.88 ms, target pause time: 200.00 ms]
 109.770: [G1Ergonomics (CSet Construction) add young regions to CSet, eden: 131 regions, survivors: 16 regions, predicted young region time: 82.20 ms]
 109.770: [G1Ergonomics (CSet Construction) finish choosing CSet, eden: 131 regions, survivors: 16 regions, old: 0 regions, predicted pause time: 84.32 ms, target pause time: 200.00 ms]
, 0.0036245 secs]
   [Parallel Time: 2.6 ms, GC Workers: 2]
      [GC Worker Start (ms): Min: 109769.9, Avg: 109769.9, Max: 109769.9, Diff: 0.0]
      [Ext Root Scanning (ms): Min: 0.5, Avg: 0.5, Max: 0.5, Diff: 0.0, Sum: 0.9]
      [Update RS (ms): Min: 0.1, Avg: 0.1, Max: 0.1, Diff: 0.0, Sum: 0.1]
         [Processed Buffers: Min: 1, Avg: 1.5, Max: 2, Diff: 1, Sum: 3]
      [Scan RS (ms): Min: 0.4, Avg: 0.4, Max: 0.4, Diff: 0.0, Sum: 0.7]
      [Code Root Scanning (ms): Min: 0.1, Avg: 0.1, Max: 0.1, Diff: 0.0, Sum: 0.3]
      [Object Copy (ms): Min: 1.5, Avg: 1.5, Max: 1.5, Diff: 0.0, Sum: 2.9]
      [Termination (ms): Min: 0.0, Avg: 0.0, Max: 0.0, Diff: 0.0, Sum: 0.0]
      [GC Worker Other (ms): Min: 0.0, Avg: 0.0, Max: 0.0, Diff: 0.0, Sum: 0.1]
      [GC Worker Total (ms): Min: 2.6, Avg: 2.6, Max: 2.6, Diff: 0.0, Sum: 5.1]
      [GC Worker End (ms): Min: 109772.5, Avg: 109772.5, Max: 109772.5, Diff: 0.0]
   [Code Root Fixup: 0.0 ms]
   [Code Root Migration: 0.1 ms]
   [Clear CT: 0.2 ms]
   [Other: 0.8 ms]
      [Choose CSet: 0.1 ms]
      [Ref Proc: 0.1 ms]
      [Ref Enq: 0.0 ms]
      [Free CSet: 0.4 ms]
   [Eden: 131.0M(131.0M)->0.0B(146.0M) Survivors: 16.0M->3072.0K Heap: 212.6M(256.0M)->68.4M(256.0M)]
 [Times: user=0.00 sys=0.00, real=0.01 secs] 
2014-07-10T11:37:59.098+0200: 109.876: [GC pause (G1 Evacuation Pause) (young) 109.876: [G1Ergonomics (CSet Construction) start choosing CSet, _pending_cards: 512, predicted base time: 2.02 ms, remaining time: 197.98 ms, target pause time: 200.00 ms]
 109.876: [G1Ergonomics (CSet Construction) add young regions to CSet, eden: 146 regions, survivors: 3 regions, predicted young region time: 90.95 ms]
 109.876: [G1Ergonomics (CSet Construction) finish choosing CSet, eden: 146 regions, survivors: 3 regions, old: 0 regions, predicted pause time: 92.96 ms, target pause time: 200.00 ms]
, 0.0117577 secs]
   [Parallel Time: 10.5 ms, GC Workers: 2]
      [GC Worker Start (ms): Min: 109876.1, Avg: 109876.1, Max: 109876.1, Diff: 0.0]
      [Ext Root Scanning (ms): Min: 0.3, Avg: 0.3, Max: 0.3, Diff: 0.0, Sum: 0.5]
      [Update RS (ms): Min: 0.0, Avg: 0.0, Max: 0.0, Diff: 0.0, Sum: 0.1]
         [Processed Buffers: Min: 1, Avg: 1.5, Max: 2, Diff: 1, Sum: 3]
      [Scan RS (ms): Min: 0.2, Avg: 0.2, Max: 0.2, Diff: 0.0, Sum: 0.4]
      [Code Root Scanning (ms): Min: 0.1, Avg: 0.1, Max: 0.1, Diff: 0.0, Sum: 0.2]
      [Object Copy (ms): Min: 9.8, Avg: 9.8, Max: 9.8, Diff: 0.0, Sum: 19.7]
      [Termination (ms): Min: 0.0, Avg: 0.0, Max: 0.0, Diff: 0.0, Sum: 0.0]
      [GC Worker Other (ms): Min: 0.0, Avg: 0.0, Max: 0.0, Diff: 0.0, Sum: 0.1]
      [GC Worker Total (ms): Min: 10.5, Avg: 10.5, Max: 10.5, Diff: 0.0, Sum: 21.0]
      [GC Worker End (ms): Min: 109886.6, Avg: 109886.6, Max: 109886.6, Diff: 0.0]
   [Code Root Fixup: 0.0 ms]
   [Code Root Migration: 0.0 ms]
   [Clear CT: 0.1 ms]
   [Other: 1.1 ms]
      [Choose CSet: 0.0 ms]
      [Ref Proc: 0.7 ms]
      [Ref Enq: 0.0 ms]
      [Free CSet: 0.2 ms]
   [Eden: 146.0M(146.0M)->0.0B(129.0M) Survivors: 3072.0K->17.0M Heap: 214.4M(256.0M)->82.3M(256.0M)]
 [Times: user=0.00 sys=0.00, real=0.01 secs] 
2014-07-10T11:37:59.238+0200: 110.016: [GC pause (G1 Evacuation Pause) (young) 110.016: [G1Ergonomics (CSet Construction) start choosing CSet, _pending_cards: 512, predicted base time: 1.93 ms, remaining time: 198.07 ms, target pause time: 200.00 ms]
 110.016: [G1Ergonomics (CSet Construction) add young regions to CSet, eden: 129 regions, survivors: 17 regions, predicted young region time: 70.87 ms]
 110.016: [G1Ergonomics (CSet Construction) finish choosing CSet, eden: 129 regions, survivors: 17 regions, old: 0 regions, predicted pause time: 72.80 ms, target pause time: 200.00 ms]
, 0.0093765 secs]
   [Parallel Time: 8.5 ms, GC Workers: 2]
      [GC Worker Start (ms): Min: 110016.2, Avg: 110016.2, Max: 110016.2, Diff: 0.0]
      [Ext Root Scanning (ms): Min: 0.3, Avg: 0.3, Max: 0.3, Diff: 0.0, Sum: 0.5]
      [Update RS (ms): Min: 0.0, Avg: 0.0, Max: 0.0, Diff: 0.0, Sum: 0.1]
         [Processed Buffers: Min: 1, Avg: 1.5, Max: 2, Diff: 1, Sum: 3]
      [Scan RS (ms): Min: 0.2, Avg: 0.2, Max: 0.2, Diff: 0.0, Sum: 0.4]
      [Code Root Scanning (ms): Min: 0.1, Avg: 0.1, Max: 0.1, Diff: 0.0, Sum: 0.2]
      [Object Copy (ms): Min: 7.9, Avg: 7.9, Max: 7.9, Diff: 0.0, Sum: 15.8]
      [Termination (ms): Min: 0.0, Avg: 0.0, Max: 0.0, Diff: 0.0, Sum: 0.0]
      [GC Worker Other (ms): Min: 0.0, Avg: 0.0, Max: 0.0, Diff: 0.0, Sum: 0.1]
      [GC Worker Total (ms): Min: 8.5, Avg: 8.5, Max: 8.5, Diff: 0.0, Sum: 17.0]
      [GC Worker End (ms): Min: 110024.8, Avg: 110024.8, Max: 110024.8, Diff: 0.0]
   [Code Root Fixup: 0.0 ms]
   [Code Root Migration: 0.0 ms]
   [Clear CT: 0.2 ms]
   [Other: 0.6 ms]
      [Choose CSet: 0.0 ms]
      [Ref Proc: 0.3 ms]
      [Ref Enq: 0.0 ms]
      [Free CSet: 0.2 ms]
   [Eden: 129.0M(129.0M)->0.0B(134.0M) Survivors: 17.0M->14.0M Heap: 211.3M(256.0M)->79.2M(256.0M)]
 [Times: user=0.00 sys=0.00, real=0.01 secs] 
2014-07-10T11:37:59.402+0200: 110.180: [GC pause (G1 Evacuation Pause) (young) 110.181: [G1Ergonomics (CSet Construction) start choosing CSet, _pending_cards: 512, predicted base time: 1.74 ms, remaining time: 198.26 ms, target pause time: 200.00 ms]
 110.181: [G1Ergonomics (CSet Construction) add young regions to CSet, eden: 134 regions, survivors: 14 regions, predicted young region time: 81.85 ms]
 110.181: [G1Ergonomics (CSet Construction) finish choosing CSet, eden: 134 regions, survivors: 14 regions, old: 0 regions, predicted pause time: 83.58 ms, target pause time: 200.00 ms]
, 0.0139860 secs]
   [Parallel Time: 13.1 ms, GC Workers: 2]
      [GC Worker Start (ms): Min: 110180.6, Avg: 110180.6, Max: 110180.6, Diff: 0.0]
      [Ext Root Scanning (ms): Min: 0.7, Avg: 0.7, Max: 0.7, Diff: 0.0, Sum: 1.3]
      [Update RS (ms): Min: 0.1, Avg: 0.1, Max: 0.1, Diff: 0.0, Sum: 0.2]
         [Processed Buffers: Min: 1, Avg: 1.5, Max: 2, Diff: 1, Sum: 3]
      [Scan RS (ms): Min: 0.4, Avg: 0.4, Max: 0.4, Diff: 0.0, Sum: 0.8]
      [Code Root Scanning (ms): Min: 0.2, Avg: 0.2, Max: 0.2, Diff: 0.0, Sum: 0.3]
      [Object Copy (ms): Min: 11.7, Avg: 11.7, Max: 11.7, Diff: 0.0, Sum: 23.5]
      [Termination (ms): Min: 0.0, Avg: 0.0, Max: 0.0, Diff: 0.0, Sum: 0.0]
      [GC Worker Other (ms): Min: 0.0, Avg: 0.0, Max: 0.0, Diff: 0.0, Sum: 0.1]
      [GC Worker Total (ms): Min: 13.1, Avg: 13.1, Max: 13.1, Diff: 0.0, Sum: 26.2]
      [GC Worker End (ms): Min: 110193.7, Avg: 110193.7, Max: 110193.7, Diff: 0.0]
   [Code Root Fixup: 0.0 ms]
   [Code Root Migration: 0.0 ms]
   [Clear CT: 0.2 ms]
   [Other: 0.6 ms]
      [Choose CSet: 0.1 ms]
      [Ref Proc: 0.1 ms]
      [Ref Enq: 0.0 ms]
      [Free CSet: 0.2 ms]
   [Eden: 134.0M(134.0M)->0.0B(132.0M) Survivors: 14.0M->15.0M Heap: 213.2M(256.0M)->81.0M(256.0M)]
 [Times: user=0.03 sys=0.00, real=0.01 secs] 
2014-07-10T11:37:59.490+0200: 110.269: [GC pause (G1 Evacuation Pause) (young) 110.269: [G1Ergonomics (CSet Construction) start choosing CSet, _pending_cards: 259, predicted base time: 1.69 ms, remaining time: 198.31 ms, target pause time: 200.00 ms]
 110.269: [G1Ergonomics (CSet Construction) add young regions to CSet, eden: 132 regions, survivors: 15 regions, predicted young region time: 82.55 ms]
 110.269: [G1Ergonomics (CSet Construction) finish choosing CSet, eden: 132 regions, survivors: 15 regions, old: 0 regions, predicted pause time: 84.24 ms, target pause time: 200.00 ms]
, 0.0018236 secs]
   [Parallel Time: 1.4 ms, GC Workers: 2]
      [GC Worker Start (ms): Min: 110268.9, Avg: 110268.9, Max: 110268.9, Diff: 0.0]
      [Ext Root Scanning (ms): Min: 0.3, Avg: 0.3, Max: 0.3, Diff: 0.0, Sum: 0.6]
      [Update RS (ms): Min: 0.0, Avg: 0.0, Max: 0.1, Diff: 0.0, Sum: 0.1]
         [Processed Buffers: Min: 1, Avg: 1.5, Max: 2, Diff: 1, Sum: 3]
      [Scan RS (ms): Min: 0.2, Avg: 0.2, Max: 0.2, Diff: 0.0, Sum: 0.4]
      [Code Root Scanning (ms): Min: 0.1, Avg: 0.1, Max: 0.1, Diff: 0.0, Sum: 0.2]
      [Object Copy (ms): Min: 0.7, Avg: 0.7, Max: 0.7, Diff: 0.0, Sum: 1.3]
      [Termination (ms): Min: 0.0, Avg: 0.0, Max: 0.0, Diff: 0.0, Sum: 0.0]
      [GC Worker Other (ms): Min: 0.0, Avg: 0.0, Max: 0.0, Diff: 0.0, Sum: 0.1]
      [GC Worker Total (ms): Min: 1.3, Avg: 1.3, Max: 1.3, Diff: 0.0, Sum: 2.7]
      [GC Worker End (ms): Min: 110270.2, Avg: 110270.2, Max: 110270.2, Diff: 0.0]
   [Code Root Fixup: 0.0 ms]
   [Code Root Migration: 0.0 ms]
   [Clear CT: 0.1 ms]
   [Other: 0.3 ms]
      [Choose CSet: 0.0 ms]
      [Ref Proc: 0.0 ms]
      [Ref Enq: 0.0 ms]
      [Free CSet: 0.2 ms]
   [Eden: 132.0M(132.0M)->0.0B(148.0M) Survivors: 15.0M->2048.0K Heap: 213.0M(256.0M)->67.8M(256.0M)]
 [Times: user=0.00 sys=0.00, real=0.00 secs] 
2014-07-10T11:37:59.640+0200: 110.418: [GC pause (G1 Evacuation Pause) (young) 110.418: [G1Ergonomics (CSet Construction) start choosing CSet, _pending_cards: 512, predicted base time: 1.51 ms, remaining time: 198.49 ms, target pause time: 200.00 ms]
 110.418: [G1Ergonomics (CSet Construction) add young regions to CSet, eden: 148 regions, survivors: 2 regions, predicted young region time: 92.26 ms]
 110.418: [G1Ergonomics (CSet Construction) finish choosing CSet, eden: 148 regions, survivors: 2 regions, old: 0 regions, predicted pause time: 93.78 ms, target pause time: 200.00 ms]
, 0.0388506 secs]
   [Parallel Time: 38.2 ms, GC Workers: 2]
      [GC Worker Start (ms): Min: 110418.2, Avg: 110437.2, Max: 110456.3, Diff: 38.1]
      [Ext Root Scanning (ms): Min: 0.0, Avg: 0.2, Max: 0.3, Diff: 0.3, Sum: 0.3]
      [Update RS (ms): Min: 0.0, Avg: 0.0, Max: 0.1, Diff: 0.1, Sum: 0.1]
         [Processed Buffers: Min: 0, Avg: 1.5, Max: 3, Diff: 3, Sum: 3]
      [Scan RS (ms): Min: 0.0, Avg: 0.2, Max: 0.4, Diff: 0.4, Sum: 0.4]
      [Code Root Scanning (ms): Min: 0.0, Avg: 0.1, Max: 0.2, Diff: 0.2, Sum: 0.2]
      [Object Copy (ms): Min: 0.0, Avg: 7.0, Max: 13.9, Diff: 13.9, Sum: 13.9]
      [Termination (ms): Min: 0.0, Avg: 11.6, Max: 23.2, Diff: 23.2, Sum: 23.2]
      [GC Worker Other (ms): Min: 0.0, Avg: 0.0, Max: 0.0, Diff: 0.0, Sum: 0.0]
      [GC Worker Total (ms): Min: 0.1, Avg: 19.1, Max: 38.2, Diff: 38.1, Sum: 38.2]
      [GC Worker End (ms): Min: 110456.4, Avg: 110456.4, Max: 110456.4, Diff: 0.0]
   [Code Root Fixup: 0.0 ms]
   [Code Root Migration: 0.0 ms]
   [Clear CT: 0.1 ms]
   [Other: 0.5 ms]
      [Choose CSet: 0.0 ms]
      [Ref Proc: 0.1 ms]
      [Ref Enq: 0.0 ms]
      [Free CSet: 0.2 ms]
   [Eden: 148.0M(148.0M)->0.0B(127.0M) Survivors: 2048.0K->18.0M Heap: 215.8M(256.0M)->83.7M(256.0M)]
 [Times: user=0.03 sys=0.00, real=0.04 secs] 
2014-07-10T11:37:59.800+0200: 110.578: [GC pause (G1 Evacuation Pause) (young) 110.578: [G1Ergonomics (CSet Construction) start choosing CSet, _pending_cards: 256, predicted base time: 10.29 ms, remaining time: 189.71 ms, target pause time: 200.00 ms]
 110.578: [G1Ergonomics (CSet Construction) add young regions to CSet, eden: 127 regions, survivors: 18 regions, predicted young region time: 21.98 ms]
 110.578: [G1Ergonomics (CSet Construction) finish choosing CSet, eden: 127 regions, survivors: 18 regions, old: 0 regions, predicted pause time: 32.27 ms, target pause time: 200.00 ms]
, 0.0159039 secs]
   [Parallel Time: 14.7 ms, GC Workers: 2]
      [GC Worker Start (ms): Min: 110578.5, Avg: 110578.5, Max: 110578.5, Diff: 0.0]
      [Ext Root Scanning (ms): Min: 0.6, Avg: 0.6, Max: 0.6, Diff: 0.0, Sum: 1.1]
      [Update RS (ms): Min: 0.0, Avg: 0.1, Max: 0.1, Diff: 0.1, Sum: 0.2]
         [Processed Buffers: Min: 1, Avg: 1.0, Max: 1, Diff: 0, Sum: 2]
      [Scan RS (ms): Min: 0.4, Avg: 0.5, Max: 0.5, Diff: 0.1, Sum: 0.9]
      [Code Root Scanning (ms): Min: 0.1, Avg: 0.1, Max: 0.2, Diff: 0.0, Sum: 0.3]
      [Object Copy (ms): Min: 13.3, Avg: 13.3, Max: 13.3, Diff: 0.0, Sum: 26.7]
      [Termination (ms): Min: 0.0, Avg: 0.0, Max: 0.0, Diff: 0.0, Sum: 0.0]
      [GC Worker Other (ms): Min: 0.0, Avg: 0.0, Max: 0.0, Diff: 0.0, Sum: 0.1]
      [GC Worker Total (ms): Min: 14.6, Avg: 14.6, Max: 14.6, Diff: 0.0, Sum: 29.3]
      [GC Worker End (ms): Min: 110593.1, Avg: 110593.1, Max: 110593.1, Diff: 0.0]
   [Code Root Fixup: 0.0 ms]
   [Code Root Migration: 0.1 ms]
   [Clear CT: 0.2 ms]
   [Other: 0.9 ms]
      [Choose CSet: 0.1 ms]
      [Ref Proc: 0.1 ms]
      [Ref Enq: 0.0 ms]
      [Free CSet: 0.5 ms]
   [Eden: 127.0M(127.0M)->0.0B(135.0M) Survivors: 18.0M->13.0M Heap: 210.7M(256.0M)->78.6M(256.0M)]
 [Times: user=0.03 sys=0.00, real=0.02 secs] 
2014-07-10T11:37:59.897+0200: 110.675: [GC pause (G1 Evacuation Pause) (young) 110.675: [G1Ergonomics (CSet Construction) start choosing CSet, _pending_cards: 256, predicted base time: 8.30 ms, remaining time: 191.70 ms, target pause time: 200.00 ms]
 110.675: [G1Ergonomics (CSet Construction) add young regions to CSet, eden: 135 regions, survivors: 13 regions, predicted young region time: 106.04 ms]
 110.675: [G1Ergonomics (CSet Construction) finish choosing CSet, eden: 135 regions, survivors: 13 regions, old: 0 regions, predicted pause time: 114.34 ms, target pause time: 200.00 ms]
, 0.0113148 secs]
   [Parallel Time: 10.6 ms, GC Workers: 2]
      [GC Worker Start (ms): Min: 110675.1, Avg: 110675.8, Max: 110676.5, Diff: 1.3]
      [Ext Root Scanning (ms): Min: 0.0, Avg: 0.3, Max: 0.6, Diff: 0.6, Sum: 0.6]
      [Update RS (ms): Min: 0.0, Avg: 0.1, Max: 0.1, Diff: 0.1, Sum: 0.1]
         [Processed Buffers: Min: 0, Avg: 1.0, Max: 2, Diff: 2, Sum: 2]
      [Scan RS (ms): Min: 0.1, Avg: 0.2, Max: 0.4, Diff: 0.4, Sum: 0.5]
      [Code Root Scanning (ms): Min: 0.0, Avg: 0.1, Max: 0.2, Diff: 0.2, Sum: 0.3]
      [Object Copy (ms): Min: 9.1, Avg: 9.1, Max: 9.1, Diff: 0.0, Sum: 18.2]
      [Termination (ms): Min: 0.0, Avg: 0.0, Max: 0.0, Diff: 0.0, Sum: 0.0]
      [GC Worker Other (ms): Min: 0.0, Avg: 0.0, Max: 0.0, Diff: 0.0, Sum: 0.1]
      [GC Worker Total (ms): Min: 9.2, Avg: 9.9, Max: 10.5, Diff: 1.3, Sum: 19.8]
      [GC Worker End (ms): Min: 110685.7, Avg: 110685.7, Max: 110685.7, Diff: 0.0]
   [Code Root Fixup: 0.0 ms]
   [Code Root Migration: 0.0 ms]
   [Clear CT: 0.2 ms]
   [Other: 0.5 ms]
      [Choose CSet: 0.0 ms]
      [Ref Proc: 0.1 ms]
      [Ref Enq: 0.0 ms]
      [Free CSet: 0.2 ms]
   [Eden: 135.0M(135.0M)->0.0B(131.0M) Survivors: 13.0M->16.0M Heap: 213.6M(256.0M)->81.4M(256.0M)]
 [Times: user=0.03 sys=0.00, real=0.01 secs] 
2014-07-10T11:38:00.033+0200: 110.812: [GC pause (G1 Evacuation Pause) (young) 110.812: [G1Ergonomics (CSet Construction) start choosing CSet, _pending_cards: 257, predicted base time: 6.82 ms, remaining time: 193.18 ms, target pause time: 200.00 ms]
 110.812: [G1Ergonomics (CSet Construction) add young regions to CSet, eden: 131 regions, survivors: 16 regions, predicted young region time: 15.56 ms]
 110.812: [G1Ergonomics (CSet Construction) finish choosing CSet, eden: 131 regions, survivors: 16 regions, old: 0 regions, predicted pause time: 22.38 ms, target pause time: 200.00 ms]
, 0.0055111 secs]
   [Parallel Time: 4.9 ms, GC Workers: 2]
      [GC Worker Start (ms): Min: 110811.7, Avg: 110811.8, Max: 110811.8, Diff: 0.0]
      [Ext Root Scanning (ms): Min: 0.3, Avg: 0.3, Max: 0.3, Diff: 0.0, Sum: 0.7]
      [Update RS (ms): Min: 0.0, Avg: 0.0, Max: 0.0, Diff: 0.0, Sum: 0.1]
         [Processed Buffers: Min: 1, Avg: 1.5, Max: 2, Diff: 1, Sum: 3]
      [Scan RS (ms): Min: 0.2, Avg: 0.2, Max: 0.2, Diff: 0.0, Sum: 0.5]
      [Code Root Scanning (ms): Min: 0.1, Avg: 0.1, Max: 0.1, Diff: 0.0, Sum: 0.2]
      [Object Copy (ms): Min: 4.1, Avg: 4.1, Max: 4.1, Diff: 0.0, Sum: 8.2]
      [Termination (ms): Min: 0.0, Avg: 0.0, Max: 0.0, Diff: 0.0, Sum: 0.0]
      [GC Worker Other (ms): Min: 0.0, Avg: 0.0, Max: 0.0, Diff: 0.0, Sum: 0.1]
      [GC Worker Total (ms): Min: 4.8, Avg: 4.9, Max: 4.9, Diff: 0.0, Sum: 9.7]
      [GC Worker End (ms): Min: 110816.6, Avg: 110816.6, Max: 110816.6, Diff: 0.0]
   [Code Root Fixup: 0.0 ms]
   [Code Root Migration: 0.1 ms]
   [Clear CT: 0.1 ms]
   [Other: 0.5 ms]
      [Choose CSet: 0.0 ms]
      [Ref Proc: 0.1 ms]
      [Ref Enq: 0.0 ms]
      [Free CSet: 0.2 ms]
   [Eden: 131.0M(131.0M)->0.0B(142.0M) Survivors: 16.0M->7168.0K Heap: 212.4M(256.0M)->72.3M(256.0M)]
 [Times: user=0.00 sys=0.00, real=0.01 secs] 
2014-07-10T11:38:00.221+0200: 111.000: [GC pause (G1 Evacuation Pause) (young) 111.000: [G1Ergonomics (CSet Construction) start choosing CSet, _pending_cards: 512, predicted base time: 5.53 ms, remaining time: 194.47 ms, target pause time: 200.00 ms]
 111.000: [G1Ergonomics (CSet Construction) add young regions to CSet, eden: 142 regions, survivors: 7 regions, predicted young region time: 103.20 ms]
 111.000: [G1Ergonomics (CSet Construction) finish choosing CSet, eden: 142 regions, survivors: 7 regions, old: 0 regions, predicted pause time: 108.73 ms, target pause time: 200.00 ms]
, 0.0108419 secs]
   [Parallel Time: 10.2 ms, GC Workers: 2]
      [GC Worker Start (ms): Min: 110999.6, Avg: 110999.6, Max: 110999.6, Diff: 0.0]
      [Ext Root Scanning (ms): Min: 0.3, Avg: 0.3, Max: 0.3, Diff: 0.0, Sum: 0.5]
      [Update RS (ms): Min: 0.0, Avg: 0.0, Max: 0.0, Diff: 0.0, Sum: 0.1]
         [Processed Buffers: Min: 1, Avg: 1.5, Max: 2, Diff: 1, Sum: 3]
      [Scan RS (ms): Min: 0.2, Avg: 0.2, Max: 0.2, Diff: 0.0, Sum: 0.4]
      [Code Root Scanning (ms): Min: 0.1, Avg: 0.1, Max: 0.1, Diff: 0.0, Sum: 0.2]
      [Object Copy (ms): Min: 9.5, Avg: 9.5, Max: 9.5, Diff: 0.0, Sum: 19.0]
      [Termination (ms): Min: 0.0, Avg: 0.0, Max: 0.0, Diff: 0.0, Sum: 0.0]
      [GC Worker Other (ms): Min: 0.0, Avg: 0.0, Max: 0.0, Diff: 0.0, Sum: 0.1]
      [GC Worker Total (ms): Min: 10.1, Avg: 10.1, Max: 10.1, Diff: 0.0, Sum: 20.3]
      [GC Worker End (ms): Min: 111009.8, Avg: 111009.8, Max: 111009.8, Diff: 0.0]
   [Code Root Fixup: 0.0 ms]
   [Code Root Migration: 0.1 ms]
   [Clear CT: 0.2 ms]
   [Other: 0.4 ms]
      [Choose CSet: 0.0 ms]
      [Ref Proc: 0.0 ms]
      [Ref Enq: 0.0 ms]
      [Free CSet: 0.2 ms]
   [Eden: 142.0M(142.0M)->0.0B(129.0M) Survivors: 7168.0K->17.0M Heap: 214.3M(256.0M)->82.2M(256.0M)]
 [Times: user=0.00 sys=0.00, real=0.01 secs] 
2014-07-10T11:38:00.296+0200: 111.074: [GC pause (G1 Evacuation Pause) (young) 111.074: [G1Ergonomics (CSet Construction) start choosing CSet, _pending_cards: 512, predicted base time: 4.50 ms, remaining time: 195.50 ms, target pause time: 200.00 ms]
 111.074: [G1Ergonomics (CSet Construction) add young regions to CSet, eden: 129 regions, survivors: 17 regions, predicted young region time: 89.75 ms]
 111.074: [G1Ergonomics (CSet Construction) finish choosing CSet, eden: 129 regions, survivors: 17 regions, old: 0 regions, predicted pause time: 94.24 ms, target pause time: 200.00 ms]
, 0.0097995 secs]
   [Parallel Time: 9.1 ms, GC Workers: 2]
      [GC Worker Start (ms): Min: 111074.5, Avg: 111074.5, Max: 111074.5, Diff: 0.0]
      [Ext Root Scanning (ms): Min: 0.3, Avg: 0.3, Max: 0.3, Diff: 0.0, Sum: 0.7]
      [Update RS (ms): Min: 0.0, Avg: 0.0, Max: 0.0, Diff: 0.0, Sum: 0.1]
         [Processed Buffers: Min: 1, Avg: 1.5, Max: 2, Diff: 1, Sum: 3]
      [Scan RS (ms): Min: 0.2, Avg: 0.2, Max: 0.2, Diff: 0.0, Sum: 0.5]
      [Code Root Scanning (ms): Min: 0.1, Avg: 0.1, Max: 0.1, Diff: 0.0, Sum: 0.2]
      [Object Copy (ms): Min: 8.3, Avg: 8.3, Max: 8.3, Diff: 0.0, Sum: 16.6]
      [Termination (ms): Min: 0.0, Avg: 0.0, Max: 0.0, Diff: 0.0, Sum: 0.0]
      [GC Worker Other (ms): Min: 0.0, Avg: 0.0, Max: 0.0, Diff: 0.0, Sum: 0.1]
      [GC Worker Total (ms): Min: 9.0, Avg: 9.1, Max: 9.1, Diff: 0.0, Sum: 18.1]
      [GC Worker End (ms): Min: 111083.5, Avg: 111083.5, Max: 111083.5, Diff: 0.0]
   [Code Root Fixup: 0.0 ms]
   [Code Root Migration: 0.0 ms]
   [Clear CT: 0.1 ms]
   [Other: 0.6 ms]
      [Choose CSet: 0.0 ms]
      [Ref Proc: 0.2 ms]
      [Ref Enq: 0.0 ms]
      [Free CSet: 0.3 ms]
   [Eden: 129.0M(129.0M)->0.0B(135.0M) Survivors: 17.0M->13.0M Heap: 211.2M(256.0M)->79.1M(256.0M)]
 [Times: user=0.00 sys=0.03, real=0.01 secs] 
2014-07-10T11:38:00.450+0200: 111.229: [GC pause (G1 Evacuation Pause) (young) 111.229: [G1Ergonomics (CSet Construction) start choosing CSet, _pending_cards: 513, predicted base time: 3.73 ms, remaining time: 196.27 ms, target pause time: 200.00 ms]
 111.229: [G1Ergonomics (CSet Construction) add young regions to CSet, eden: 135 regions, survivors: 13 regions, predicted young region time: 66.25 ms]
 111.229: [G1Ergonomics (CSet Construction) finish choosing CSet, eden: 135 regions, survivors: 13 regions, old: 0 regions, predicted pause time: 69.98 ms, target pause time: 200.00 ms]
, 0.0046616 secs]
   [Parallel Time: 4.1 ms, GC Workers: 2]
      [GC Worker Start (ms): Min: 111228.8, Avg: 111230.7, Max: 111232.6, Diff: 3.8]
      [Ext Root Scanning (ms): Min: 0.0, Avg: 0.3, Max: 0.5, Diff: 0.5, Sum: 0.5]
      [Update RS (ms): Min: 0.0, Avg: 0.0, Max: 0.1, Diff: 0.1, Sum: 0.1]
         [Processed Buffers: Min: 0, Avg: 2.0, Max: 4, Diff: 4, Sum: 4]
      [Scan RS (ms): Min: 0.0, Avg: 0.3, Max: 0.5, Diff: 0.5, Sum: 0.6]
      [Code Root Scanning (ms): Min: 0.0, Avg: 0.1, Max: 0.2, Diff: 0.2, Sum: 0.2]
      [Object Copy (ms): Min: 0.0, Avg: 1.2, Max: 2.4, Diff: 2.4, Sum: 2.4]
      [Termination (ms): Min: 0.0, Avg: 0.1, Max: 0.2, Diff: 0.2, Sum: 0.2]
      [GC Worker Other (ms): Min: 0.0, Avg: 0.0, Max: 0.0, Diff: 0.0, Sum: 0.1]
      [GC Worker Total (ms): Min: 0.1, Avg: 2.1, Max: 4.0, Diff: 4.0, Sum: 4.1]
      [GC Worker End (ms): Min: 111232.7, Avg: 111232.7, Max: 111232.8, Diff: 0.1]
   [Code Root Fixup: 0.0 ms]
   [Code Root Migration: 0.0 ms]
   [Clear CT: 0.1 ms]
   [Other: 0.4 ms]
      [Choose CSet: 0.0 ms]
      [Ref Proc: 0.0 ms]
      [Ref Enq: 0.0 ms]
      [Free CSet: 0.2 ms]
   [Eden: 135.0M(135.0M)->0.0B(146.0M) Survivors: 13.0M->4096.0K Heap: 214.1M(256.0M)->69.8M(256.0M)]
 [Times: user=0.02 sys=0.00, real=0.00 secs] 
2014-07-10T11:38:00.596+0200: 111.374: [GC pause (G1 Evacuation Pause) (young) 111.374: [G1Ergonomics (CSet Construction) start choosing CSet, _pending_cards: 257, predicted base time: 3.66 ms, remaining time: 196.34 ms, target pause time: 200.00 ms]
 111.374: [G1Ergonomics (CSet Construction) add young regions to CSet, eden: 146 regions, survivors: 4 regions, predicted young region time: 89.18 ms]
 111.374: [G1Ergonomics (CSet Construction) finish choosing CSet, eden: 146 regions, survivors: 4 regions, old: 0 regions, predicted pause time: 92.84 ms, target pause time: 200.00 ms]
, 0.0104895 secs]
   [Parallel Time: 9.2 ms, GC Workers: 2]
      [GC Worker Start (ms): Min: 111374.2, Avg: 111374.2, Max: 111374.2, Diff: 0.0]
      [Ext Root Scanning (ms): Min: 0.3, Avg: 0.3, Max: 0.3, Diff: 0.0, Sum: 0.6]
      [Update RS (ms): Min: 0.0, Avg: 0.1, Max: 0.1, Diff: 0.0, Sum: 0.1]
         [Processed Buffers: Min: 1, Avg: 1.5, Max: 2, Diff: 1, Sum: 3]
      [Scan RS (ms): Min: 0.2, Avg: 0.2, Max: 0.2, Diff: 0.0, Sum: 0.5]
      [Code Root Scanning (ms): Min: 0.1, Avg: 0.1, Max: 0.1, Diff: 0.0, Sum: 0.2]
      [Object Copy (ms): Min: 8.5, Avg: 8.5, Max: 8.5, Diff: 0.0, Sum: 16.9]
      [Termination (ms): Min: 0.0, Avg: 0.0, Max: 0.0, Diff: 0.0, Sum: 0.0]
      [GC Worker Other (ms): Min: 0.0, Avg: 0.0, Max: 0.0, Diff: 0.0, Sum: 0.1]
      [GC Worker Total (ms): Min: 9.2, Avg: 9.2, Max: 9.2, Diff: 0.0, Sum: 18.4]
      [GC Worker End (ms): Min: 111383.4, Avg: 111383.5, Max: 111383.5, Diff: 0.0]
   [Code Root Fixup: 0.0 ms]
   [Code Root Migration: 0.0 ms]
   [Clear CT: 0.4 ms]
   [Other: 0.8 ms]
      [Choose CSet: 0.0 ms]
      [Ref Proc: 0.5 ms]
      [Ref Enq: 0.0 ms]
      [Free CSet: 0.2 ms]
   [Eden: 146.0M(146.0M)->0.0B(135.0M) Survivors: 4096.0K->14.0M Heap: 215.8M(256.0M)->79.7M(256.0M)]
 [Times: user=0.00 sys=0.00, real=0.01 secs] 
2014-07-10T11:38:00.710+0200: 111.489: [GC pause (G1 Evacuation Pause) (young) 111.489: [G1Ergonomics (CSet Construction) start choosing CSet, _pending_cards: 512, predicted base time: 3.26 ms, remaining time: 196.74 ms, target pause time: 200.00 ms]
 111.489: [G1Ergonomics (CSet Construction) add young regions to CSet, eden: 135 regions, survivors: 14 regions, predicted young region time: 65.71 ms]
 111.489: [G1Ergonomics (CSet Construction) finish choosing CSet, eden: 135 regions, survivors: 14 regions, old: 0 regions, predicted pause time: 68.97 ms, target pause time: 200.00 ms]
, 0.0123626 secs]
   [Parallel Time: 10.7 ms, GC Workers: 2]
      [GC Worker Start (ms): Min: 111488.6, Avg: 111488.6, Max: 111488.6, Diff: 0.0]
      [Ext Root Scanning (ms): Min: 0.3, Avg: 0.3, Max: 0.3, Diff: 0.0, Sum: 0.5]
      [Update RS (ms): Min: 0.0, Avg: 0.0, Max: 0.1, Diff: 0.0, Sum: 0.1]
         [Processed Buffers: Min: 1, Avg: 1.5, Max: 2, Diff: 1, Sum: 3]
      [Scan RS (ms): Min: 0.2, Avg: 0.2, Max: 0.2, Diff: 0.0, Sum: 0.5]
      [Code Root Scanning (ms): Min: 0.1, Avg: 0.1, Max: 0.1, Diff: 0.0, Sum: 0.2]
      [Object Copy (ms): Min: 10.0, Avg: 10.0, Max: 10.0, Diff: 0.0, Sum: 20.0]
      [Termination (ms): Min: 0.0, Avg: 0.0, Max: 0.0, Diff: 0.0, Sum: 0.0]
      [GC Worker Other (ms): Min: 0.0, Avg: 0.0, Max: 0.0, Diff: 0.0, Sum: 0.1]
      [GC Worker Total (ms): Min: 10.7, Avg: 10.7, Max: 10.7, Diff: 0.0, Sum: 21.3]
      [GC Worker End (ms): Min: 111499.3, Avg: 111499.3, Max: 111499.3, Diff: 0.0]
   [Code Root Fixup: 0.0 ms]
   [Code Root Migration: 0.0 ms]
   [Clear CT: 0.1 ms]
   [Other: 1.5 ms]
      [Choose CSet: 0.0 ms]
      [Ref Proc: 1.2 ms]
      [Ref Enq: 0.0 ms]
      [Free CSet: 0.2 ms]
   [Eden: 135.0M(135.0M)->0.0B(129.0M) Survivors: 14.0M->17.0M Heap: 214.7M(256.0M)->82.6M(256.0M)]
 [Times: user=0.03 sys=0.00, real=0.01 secs] 
2014-07-10T11:38:00.835+0200: 111.614: [GC pause (G1 Evacuation Pause) (young) 111.614: [G1Ergonomics (CSet Construction) start choosing CSet, _pending_cards: 512, predicted base time: 3.02 ms, remaining time: 196.98 ms, target pause time: 200.00 ms]
 111.614: [G1Ergonomics (CSet Construction) add young regions to CSet, eden: 129 regions, survivors: 17 regions, predicted young region time: 80.70 ms]
 111.614: [G1Ergonomics (CSet Construction) finish choosing CSet, eden: 129 regions, survivors: 17 regions, old: 0 regions, predicted pause time: 83.72 ms, target pause time: 200.00 ms]
, 0.0093691 secs]
   [Parallel Time: 8.7 ms, GC Workers: 2]
      [GC Worker Start (ms): Min: 111613.6, Avg: 111613.6, Max: 111613.6, Diff: 0.0]
      [Ext Root Scanning (ms): Min: 0.3, Avg: 0.3, Max: 0.3, Diff: 0.0, Sum: 0.5]
      [Update RS (ms): Min: 0.0, Avg: 0.0, Max: 0.0, Diff: 0.0, Sum: 0.1]
         [Processed Buffers: Min: 1, Avg: 1.5, Max: 2, Diff: 1, Sum: 3]
      [Scan RS (ms): Min: 0.2, Avg: 0.3, Max: 0.3, Diff: 0.1, Sum: 0.5]
      [Code Root Scanning (ms): Min: 0.1, Avg: 0.2, Max: 0.2, Diff: 0.1, Sum: 0.3]
      [Object Copy (ms): Min: 7.9, Avg: 7.9, Max: 7.9, Diff: 0.0, Sum: 15.8]
      [Termination (ms): Min: 0.0, Avg: 0.0, Max: 0.0, Diff: 0.0, Sum: 0.0]
      [GC Worker Other (ms): Min: 0.0, Avg: 0.0, Max: 0.0, Diff: 0.0, Sum: 0.1]
      [GC Worker Total (ms): Min: 8.7, Avg: 8.7, Max: 8.7, Diff: 0.0, Sum: 17.4]
      [GC Worker End (ms): Min: 111622.3, Avg: 111622.3, Max: 111622.3, Diff: 0.0]
   [Code Root Fixup: 0.0 ms]
   [Code Root Migration: 0.0 ms]
   [Clear CT: 0.1 ms]
   [Other: 0.5 ms]
      [Choose CSet: 0.0 ms]
      [Ref Proc: 0.1 ms]
      [Ref Enq: 0.0 ms]
      [Free CSet: 0.2 ms]
   [Eden: 129.0M(129.0M)->0.0B(134.0M) Survivors: 17.0M->14.0M Heap: 211.6M(256.0M)->79.5M(256.0M)]
 [Times: user=0.03 sys=0.00, real=0.01 secs] 
2014-07-10T11:38:00.994+0200: 111.773: [GC pause (G1 Evacuation Pause) (young) 111.773: [G1Ergonomics (CSet Construction) start choosing CSet, _pending_cards: 257, predicted base time: 2.51 ms, remaining time: 197.49 ms, target pause time: 200.00 ms]
 111.773: [G1Ergonomics (CSet Construction) add young regions to CSet, eden: 134 regions, survivors: 14 regions, predicted young region time: 13.76 ms]
 111.773: [G1Ergonomics (CSet Construction) finish choosing CSet, eden: 134 regions, survivors: 14 regions, old: 0 regions, predicted pause time: 16.27 ms, target pause time: 200.00 ms]
, 0.0089116 secs]
   [Parallel Time: 7.6 ms, GC Workers: 2]
      [GC Worker Start (ms): Min: 111773.0, Avg: 111773.0, Max: 111773.0, Diff: 0.0]
      [Ext Root Scanning (ms): Min: 0.6, Avg: 0.6, Max: 0.6, Diff: 0.0, Sum: 1.1]
      [Update RS (ms): Min: 0.1, Avg: 0.1, Max: 0.1, Diff: 0.0, Sum: 0.1]
         [Processed Buffers: Min: 1, Avg: 1.5, Max: 2, Diff: 1, Sum: 3]
      [Scan RS (ms): Min: 0.4, Avg: 0.4, Max: 0.4, Diff: 0.0, Sum: 0.8]
      [Code Root Scanning (ms): Min: 0.2, Avg: 0.2, Max: 0.2, Diff: 0.0, Sum: 0.3]
      [Object Copy (ms): Min: 6.2, Avg: 6.2, Max: 6.3, Diff: 0.0, Sum: 12.5]
      [Termination (ms): Min: 0.0, Avg: 0.0, Max: 0.0, Diff: 0.0, Sum: 0.0]
      [GC Worker Other (ms): Min: 0.0, Avg: 0.0, Max: 0.0, Diff: 0.0, Sum: 0.1]
      [GC Worker Total (ms): Min: 7.5, Avg: 7.5, Max: 7.5, Diff: 0.0, Sum: 15.0]
      [GC Worker End (ms): Min: 111780.5, Avg: 111780.5, Max: 111780.5, Diff: 0.0]
   [Code Root Fixup: 0.0 ms]
   [Code Root Migration: 0.1 ms]
   [Clear CT: 0.1 ms]
   [Other: 1.2 ms]
      [Choose CSet: 0.1 ms]
      [Ref Proc: 0.6 ms]
      [Ref Enq: 0.0 ms]
      [Free CSet: 0.3 ms]
   [Eden: 134.0M(134.0M)->0.0B(142.0M) Survivors: 14.0M->8192.0K Heap: 213.5M(256.0M)->73.4M(256.0M)]
 [Times: user=0.03 sys=0.00, real=0.01 secs] 
2014-07-10T11:38:01.098+0200: 111.877: [GC pause (G1 Evacuation Pause) (young) 111.877: [G1Ergonomics (CSet Construction) start choosing CSet, _pending_cards: 512, predicted base time: 2.49 ms, remaining time: 197.51 ms, target pause time: 200.00 ms]
 111.877: [G1Ergonomics (CSet Construction) add young regions to CSet, eden: 142 regions, survivors: 8 regions, predicted young region time: 103.28 ms]
 111.877: [G1Ergonomics (CSet Construction) finish choosing CSet, eden: 142 regions, survivors: 8 regions, old: 0 regions, predicted pause time: 105.76 ms, target pause time: 200.00 ms]
, 0.0124293 secs]
   [Parallel Time: 11.5 ms, GC Workers: 2]
      [GC Worker Start (ms): Min: 111876.6, Avg: 111876.6, Max: 111876.6, Diff: 0.0]
      [Ext Root Scanning (ms): Min: 0.3, Avg: 0.3, Max: 0.3, Diff: 0.0, Sum: 0.7]
      [Update RS (ms): Min: 0.0, Avg: 0.1, Max: 0.1, Diff: 0.0, Sum: 0.1]
         [Processed Buffers: Min: 1, Avg: 1.5, Max: 2, Diff: 1, Sum: 3]
      [Scan RS (ms): Min: 0.2, Avg: 0.3, Max: 0.3, Diff: 0.0, Sum: 0.5]
      [Code Root Scanning (ms): Min: 0.1, Avg: 0.1, Max: 0.1, Diff: 0.0, Sum: 0.2]
      [Object Copy (ms): Min: 10.7, Avg: 10.7, Max: 10.7, Diff: 0.0, Sum: 21.4]
      [Termination (ms): Min: 0.0, Avg: 0.0, Max: 0.0, Diff: 0.0, Sum: 0.0]
      [GC Worker Other (ms): Min: 0.0, Avg: 0.0, Max: 0.0, Diff: 0.0, Sum: 0.1]
      [GC Worker Total (ms): Min: 11.5, Avg: 11.5, Max: 11.5, Diff: 0.0, Sum: 23.0]
      [GC Worker End (ms): Min: 111888.1, Avg: 111888.1, Max: 111888.1, Diff: 0.0]
   [Code Root Fixup: 0.0 ms]
   [Code Root Migration: 0.0 ms]
   [Clear CT: 0.1 ms]
   [Other: 0.7 ms]
      [Choose CSet: 0.0 ms]
      [Ref Proc: 0.4 ms]
      [Ref Enq: 0.0 ms]
      [Free CSet: 0.2 ms]
   [Eden: 142.0M(142.0M)->0.0B(129.0M) Survivors: 8192.0K->17.0M Heap: 215.4M(256.0M)->83.2M(256.0M)]
 [Times: user=0.03 sys=0.00, real=0.01 secs] 
2014-07-10T11:38:01.227+0200: 112.005: [GC pause (G1 Evacuation Pause) (young) 112.005: [G1Ergonomics (CSet Construction) start choosing CSet, _pending_cards: 512, predicted base time: 2.20 ms, remaining time: 197.80 ms, target pause time: 200.00 ms]
 112.005: [G1Ergonomics (CSet Construction) add young regions to CSet, eden: 129 regions, survivors: 17 regions, predicted young region time: 91.03 ms]
 112.005: [G1Ergonomics (CSet Construction) finish choosing CSet, eden: 129 regions, survivors: 17 regions, old: 0 regions, predicted pause time: 93.23 ms, target pause time: 200.00 ms]
, 0.0104848 secs]
   [Parallel Time: 9.8 ms, GC Workers: 2]
      [GC Worker Start (ms): Min: 112005.4, Avg: 112005.4, Max: 112005.5, Diff: 0.0]
      [Ext Root Scanning (ms): Min: 0.3, Avg: 0.3, Max: 0.3, Diff: 0.0, Sum: 0.7]
      [Update RS (ms): Min: 0.0, Avg: 0.0, Max: 0.0, Diff: 0.0, Sum: 0.1]
         [Processed Buffers: Min: 1, Avg: 1.5, Max: 2, Diff: 1, Sum: 3]
      [Scan RS (ms): Min: 0.2, Avg: 0.2, Max: 0.2, Diff: 0.0, Sum: 0.5]
      [Code Root Scanning (ms): Min: 0.1, Avg: 0.1, Max: 0.1, Diff: 0.0, Sum: 0.2]
      [Object Copy (ms): Min: 8.8, Avg: 8.8, Max: 8.8, Diff: 0.0, Sum: 17.6]
      [Termination (ms): Min: 0.0, Avg: 0.0, Max: 0.0, Diff: 0.0, Sum: 0.0]
      [GC Worker Other (ms): Min: 0.0, Avg: 0.1, Max: 0.2, Diff: 0.2, Sum: 0.3]
      [GC Worker Total (ms): Min: 9.6, Avg: 9.6, Max: 9.7, Diff: 0.2, Sum: 19.3]
      [GC Worker End (ms): Min: 112015.0, Avg: 112015.1, Max: 112015.2, Diff: 0.2]
   [Code Root Fixup: 0.0 ms]
   [Code Root Migration: 0.0 ms]
   [Clear CT: 0.2 ms]
   [Other: 0.4 ms]
      [Choose CSet: 0.0 ms]
      [Ref Proc: 0.1 ms]
      [Ref Enq: 0.0 ms]
      [Free CSet: 0.2 ms]
   [Eden: 129.0M(129.0M)->0.0B(134.0M) Survivors: 17.0M->14.0M Heap: 212.2M(256.0M)->80.1M(256.0M)]
 [Times: user=0.03 sys=0.00, real=0.01 secs] 
2014-07-10T11:38:01.402+0200: 112.180: [GC pause (G1 Evacuation Pause) (young) 112.180: [G1Ergonomics (CSet Construction) start choosing CSet, _pending_cards: 512, predicted base time: 1.98 ms, remaining time: 198.02 ms, target pause time: 200.00 ms]
 112.180: [G1Ergonomics (CSet Construction) add young regions to CSet, eden: 134 regions, survivors: 14 regions, predicted young region time: 91.99 ms]
 112.180: [G1Ergonomics (CSet Construction) finish choosing CSet, eden: 134 regions, survivors: 14 regions, old: 0 regions, predicted pause time: 93.98 ms, target pause time: 200.00 ms]
, 0.0187478 secs]
   [Parallel Time: 17.6 ms, GC Workers: 2]
      [GC Worker Start (ms): Min: 112180.7, Avg: 112180.7, Max: 112180.7, Diff: 0.0]
      [Ext Root Scanning (ms): Min: 0.7, Avg: 0.8, Max: 0.8, Diff: 0.0, Sum: 1.5]
      [Update RS (ms): Min: 0.0, Avg: 0.1, Max: 0.1, Diff: 0.0, Sum: 0.1]
         [Processed Buffers: Min: 1, Avg: 1.5, Max: 2, Diff: 1, Sum: 3]
      [Scan RS (ms): Min: 0.4, Avg: 0.4, Max: 0.4, Diff: 0.0, Sum: 0.8]
      [Code Root Scanning (ms): Min: 0.1, Avg: 0.1, Max: 0.2, Diff: 0.0, Sum: 0.3]
      [Object Copy (ms): Min: 15.9, Avg: 16.0, Max: 16.0, Diff: 0.1, Sum: 31.9]
      [Termination (ms): Min: 0.0, Avg: 0.0, Max: 0.1, Diff: 0.1, Sum: 0.1]
      [GC Worker Other (ms): Min: 0.0, Avg: 0.0, Max: 0.0, Diff: 0.0, Sum: 0.1]
      [GC Worker Total (ms): Min: 17.4, Avg: 17.4, Max: 17.4, Diff: 0.0, Sum: 34.8]
      [GC Worker End (ms): Min: 112198.1, Avg: 112198.1, Max: 112198.1, Diff: 0.0]
   [Code Root Fixup: 0.0 ms]
   [Code Root Migration: 0.1 ms]
   [Clear CT: 0.1 ms]
   [Other: 1.0 ms]
      [Choose CSet: 0.1 ms]
      [Ref Proc: 0.1 ms]
      [Ref Enq: 0.0 ms]
      [Free CSet: 0.6 ms]
   [Eden: 134.0M(134.0M)->0.0B(131.0M) Survivors: 14.0M->16.0M Heap: 214.1M(256.0M)->82.0M(256.0M)]
 [Times: user=0.03 sys=0.03, real=0.02 secs] 
2014-07-10T11:38:01.490+0200: 112.269: [GC pause (G1 Evacuation Pause) (young) 112.269: [G1Ergonomics (CSet Construction) start choosing CSet, _pending_cards: 259, predicted base time: 1.92 ms, remaining time: 198.08 ms, target pause time: 200.00 ms]
 112.269: [G1Ergonomics (CSet Construction) add young regions to CSet, eden: 131 regions, survivors: 16 regions, predicted young region time: 108.23 ms]
 112.269: [G1Ergonomics (CSet Construction) finish choosing CSet, eden: 131 regions, survivors: 16 regions, old: 0 regions, predicted pause time: 110.16 ms, target pause time: 200.00 ms]
, 0.0016421 secs]
   [Parallel Time: 1.2 ms, GC Workers: 2]
      [GC Worker Start (ms): Min: 112268.8, Avg: 112268.8, Max: 112268.8, Diff: 0.0]
      [Ext Root Scanning (ms): Min: 0.3, Avg: 0.3, Max: 0.3, Diff: 0.0, Sum: 0.6]
      [Update RS (ms): Min: 0.0, Avg: 0.0, Max: 0.1, Diff: 0.0, Sum: 0.1]
         [Processed Buffers: Min: 1, Avg: 1.5, Max: 2, Diff: 1, Sum: 3]
      [Scan RS (ms): Min: 0.2, Avg: 0.2, Max: 0.2, Diff: 0.0, Sum: 0.4]
      [Code Root Scanning (ms): Min: 0.1, Avg: 0.1, Max: 0.1, Diff: 0.0, Sum: 0.2]
      [Object Copy (ms): Min: 0.5, Avg: 0.5, Max: 0.5, Diff: 0.0, Sum: 1.0]
      [Termination (ms): Min: 0.0, Avg: 0.0, Max: 0.0, Diff: 0.0, Sum: 0.0]
      [GC Worker Other (ms): Min: 0.0, Avg: 0.0, Max: 0.0, Diff: 0.0, Sum: 0.0]
      [GC Worker Total (ms): Min: 1.2, Avg: 1.2, Max: 1.2, Diff: 0.0, Sum: 2.3]
      [GC Worker End (ms): Min: 112270.0, Avg: 112270.0, Max: 112270.0, Diff: 0.0]
   [Code Root Fixup: 0.0 ms]
   [Code Root Migration: 0.0 ms]
   [Clear CT: 0.1 ms]
   [Other: 0.3 ms]
      [Choose CSet: 0.0 ms]
      [Ref Proc: 0.1 ms]
      [Ref Enq: 0.0 ms]
      [Free CSet: 0.2 ms]
   [Eden: 131.0M(131.0M)->0.0B(148.0M) Survivors: 16.0M->2048.0K Heap: 213.0M(256.0M)->67.8M(256.0M)]
 [Times: user=0.00 sys=0.00, real=0.00 secs] 
2014-07-10T11:38:01.634+0200: 112.413: [GC pause (G1 Evacuation Pause) (young) 112.413: [G1Ergonomics (CSet Construction) start choosing CSet, _pending_cards: 512, predicted base time: 1.69 ms, remaining time: 198.31 ms, target pause time: 200.00 ms]
 112.413: [G1Ergonomics (CSet Construction) add young regions to CSet, eden: 148 regions, survivors: 2 regions, predicted young region time: 69.94 ms]
 112.413: [G1Ergonomics (CSet Construction) finish choosing CSet, eden: 148 regions, survivors: 2 regions, old: 0 regions, predicted pause time: 71.63 ms, target pause time: 200.00 ms]
, 0.0123021 secs]
   [Parallel Time: 11.6 ms, GC Workers: 2]
      [GC Worker Start (ms): Min: 112412.9, Avg: 112412.9, Max: 112412.9, Diff: 0.0]
      [Ext Root Scanning (ms): Min: 0.3, Avg: 0.3, Max: 0.3, Diff: 0.0, Sum: 0.6]
      [Update RS (ms): Min: 0.0, Avg: 0.0, Max: 0.1, Diff: 0.0, Sum: 0.1]
         [Processed Buffers: Min: 1, Avg: 1.5, Max: 2, Diff: 1, Sum: 3]
      [Scan RS (ms): Min: 0.3, Avg: 0.3, Max: 0.3, Diff: 0.0, Sum: 0.7]
      [Code Root Scanning (ms): Min: 0.1, Avg: 0.1, Max: 0.1, Diff: 0.0, Sum: 0.2]
      [Object Copy (ms): Min: 10.8, Avg: 10.8, Max: 10.8, Diff: 0.0, Sum: 21.6]
      [Termination (ms): Min: 0.0, Avg: 0.0, Max: 0.0, Diff: 0.0, Sum: 0.0]
      [GC Worker Other (ms): Min: 0.0, Avg: 0.0, Max: 0.0, Diff: 0.0, Sum: 0.1]
      [GC Worker Total (ms): Min: 11.6, Avg: 11.6, Max: 11.6, Diff: 0.0, Sum: 23.2]
      [GC Worker End (ms): Min: 112424.5, Avg: 112424.5, Max: 112424.5, Diff: 0.0]
   [Code Root Fixup: 0.0 ms]
   [Code Root Migration: 0.1 ms]
   [Clear CT: 0.2 ms]
   [Other: 0.4 ms]
      [Choose CSet: 0.0 ms]
      [Ref Proc: 0.1 ms]
      [Ref Enq: 0.0 ms]
      [Free CSet: 0.2 ms]
   [Eden: 148.0M(148.0M)->0.0B(127.0M) Survivors: 2048.0K->18.0M Heap: 215.8M(256.0M)->83.6M(256.0M)]
 [Times: user=0.03 sys=0.00, real=0.01 secs] 
2014-07-10T11:38:01.798+0200: 112.578: [GC pause (G1 Evacuation Pause) (young) 112.578: [G1Ergonomics (CSet Construction) start choosing CSet, _pending_cards: 512, predicted base time: 1.51 ms, remaining time: 198.49 ms, target pause time: 200.00 ms]
 112.578: [G1Ergonomics (CSet Construction) add young regions to CSet, eden: 127 regions, survivors: 18 regions, predicted young region time: 89.82 ms]
 112.578: [G1Ergonomics (CSet Construction) finish choosing CSet, eden: 127 regions, survivors: 18 regions, old: 0 regions, predicted pause time: 91.33 ms, target pause time: 200.00 ms]
, 0.0141067 secs]
   [Parallel Time: 13.0 ms, GC Workers: 2]
      [GC Worker Start (ms): Min: 112578.0, Avg: 112578.0, Max: 112578.1, Diff: 0.0]
      [Ext Root Scanning (ms): Min: 0.5, Avg: 0.6, Max: 0.6, Diff: 0.0, Sum: 1.1]
      [Update RS (ms): Min: 0.1, Avg: 0.1, Max: 0.1, Diff: 0.1, Sum: 0.2]
         [Processed Buffers: Min: 1, Avg: 1.5, Max: 2, Diff: 1, Sum: 3]
      [Scan RS (ms): Min: 0.4, Avg: 0.4, Max: 0.4, Diff: 0.0, Sum: 0.8]
      [Code Root Scanning (ms): Min: 0.1, Avg: 0.2, Max: 0.2, Diff: 0.0, Sum: 0.3]
      [Object Copy (ms): Min: 11.6, Avg: 11.6, Max: 11.6, Diff: 0.0, Sum: 23.3]
      [Termination (ms): Min: 0.0, Avg: 0.0, Max: 0.0, Diff: 0.0, Sum: 0.0]
      [GC Worker Other (ms): Min: 0.0, Avg: 0.1, Max: 0.1, Diff: 0.1, Sum: 0.2]
      [GC Worker Total (ms): Min: 12.9, Avg: 12.9, Max: 12.9, Diff: 0.0, Sum: 25.9]
      [GC Worker End (ms): Min: 112590.9, Avg: 112591.0, Max: 112591.0, Diff: 0.1]
   [Code Root Fixup: 0.0 ms]
   [Code Root Migration: 0.1 ms]
   [Clear CT: 0.2 ms]
   [Other: 0.8 ms]
      [Choose CSet: 0.1 ms]
      [Ref Proc: 0.2 ms]
      [Ref Enq: 0.0 ms]
      [Free CSet: 0.3 ms]
   [Eden: 127.0M(127.0M)->0.0B(135.0M) Survivors: 18.0M->13.0M Heap: 210.6M(256.0M)->78.5M(256.0M)]
 [Times: user=0.03 sys=0.00, real=0.01 secs] 
2014-07-10T11:38:01.895+0200: 112.675: [GC pause (G1 Evacuation Pause) (young) 112.675: [G1Ergonomics (CSet Construction) start choosing CSet, _pending_cards: 512, predicted base time: 1.62 ms, remaining time: 198.38 ms, target pause time: 200.00 ms]
 112.675: [G1Ergonomics (CSet Construction) add young regions to CSet, eden: 135 regions, survivors: 13 regions, predicted young region time: 79.81 ms]
 112.675: [G1Ergonomics (CSet Construction) finish choosing CSet, eden: 135 regions, survivors: 13 regions, old: 0 regions, predicted pause time: 81.43 ms, target pause time: 200.00 ms]
, 0.0109940 secs]
   [Parallel Time: 10.4 ms, GC Workers: 2]
      [GC Worker Start (ms): Min: 112674.8, Avg: 112674.8, Max: 112674.8, Diff: 0.0]
      [Ext Root Scanning (ms): Min: 0.4, Avg: 0.4, Max: 0.4, Diff: 0.0, Sum: 0.7]
      [Update RS (ms): Min: 0.0, Avg: 0.1, Max: 0.1, Diff: 0.0, Sum: 0.1]
         [Processed Buffers: Min: 1, Avg: 1.5, Max: 2, Diff: 1, Sum: 3]
      [Scan RS (ms): Min: 0.2, Avg: 0.2, Max: 0.2, Diff: 0.0, Sum: 0.5]
      [Code Root Scanning (ms): Min: 0.1, Avg: 0.1, Max: 0.1, Diff: 0.0, Sum: 0.2]
      [Object Copy (ms): Min: 9.5, Avg: 9.5, Max: 9.6, Diff: 0.1, Sum: 19.1]
      [Termination (ms): Min: 0.0, Avg: 0.0, Max: 0.1, Diff: 0.1, Sum: 0.1]
      [GC Worker Other (ms): Min: 0.0, Avg: 0.0, Max: 0.0, Diff: 0.0, Sum: 0.1]
      [GC Worker Total (ms): Min: 10.3, Avg: 10.3, Max: 10.3, Diff: 0.0, Sum: 20.7]
      [GC Worker End (ms): Min: 112685.1, Avg: 112685.1, Max: 112685.1, Diff: 0.0]
   [Code Root Fixup: 0.0 ms]
   [Code Root Migration: 0.0 ms]
   [Clear CT: 0.1 ms]
   [Other: 0.4 ms]
      [Choose CSet: 0.0 ms]
      [Ref Proc: 0.1 ms]
      [Ref Enq: 0.0 ms]
      [Free CSet: 0.2 ms]
   [Eden: 135.0M(135.0M)->0.0B(133.0M) Survivors: 13.0M->15.0M Heap: 213.5M(256.0M)->81.4M(256.0M)]
 [Times: user=0.03 sys=0.00, real=0.01 secs] 
2014-07-10T11:38:02.037+0200: 112.816: [GC pause (G1 Evacuation Pause) (young) 112.816: [G1Ergonomics (CSet Construction) start choosing CSet, _pending_cards: 258, predicted base time: 1.41 ms, remaining time: 198.59 ms, target pause time: 200.00 ms]
 112.816: [G1Ergonomics (CSet Construction) add young regions to CSet, eden: 133 regions, survivors: 15 regions, predicted young region time: 102.07 ms]
 112.816: [G1Ergonomics (CSet Construction) finish choosing CSet, eden: 133 regions, survivors: 15 regions, old: 0 regions, predicted pause time: 103.49 ms, target pause time: 200.00 ms]
, 0.0036241 secs]
   [Parallel Time: 3.0 ms, GC Workers: 2]
      [GC Worker Start (ms): Min: 112816.2, Avg: 112816.2, Max: 112816.2, Diff: 0.0]
      [Ext Root Scanning (ms): Min: 0.3, Avg: 0.3, Max: 0.3, Diff: 0.0, Sum: 0.7]
      [Update RS (ms): Min: 0.0, Avg: 0.1, Max: 0.1, Diff: 0.0, Sum: 0.1]
         [Processed Buffers: Min: 1, Avg: 1.5, Max: 2, Diff: 1, Sum: 3]
      [Scan RS (ms): Min: 0.2, Avg: 0.2, Max: 0.3, Diff: 0.0, Sum: 0.5]
      [Code Root Scanning (ms): Min: 0.1, Avg: 0.1, Max: 0.1, Diff: 0.0, Sum: 0.2]
      [Object Copy (ms): Min: 2.1, Avg: 2.1, Max: 2.1, Diff: 0.0, Sum: 4.2]
      [Termination (ms): Min: 0.0, Avg: 0.0, Max: 0.1, Diff: 0.1, Sum: 0.1]
      [GC Worker Other (ms): Min: 0.0, Avg: 0.0, Max: 0.0, Diff: 0.0, Sum: 0.1]
      [GC Worker Total (ms): Min: 2.9, Avg: 2.9, Max: 3.0, Diff: 0.1, Sum: 5.8]
      [GC Worker End (ms): Min: 112819.1, Avg: 112819.1, Max: 112819.2, Diff: 0.0]
   [Code Root Fixup: 0.0 ms]
   [Code Root Migration: 0.0 ms]
   [Clear CT: 0.1 ms]
   [Other: 0.4 ms]
      [Choose CSet: 0.0 ms]
      [Ref Proc: 0.1 ms]
      [Ref Enq: 0.0 ms]
      [Free CSet: 0.2 ms]
   [Eden: 133.0M(133.0M)->0.0B(146.0M) Survivors: 15.0M->4096.0K Heap: 214.4M(256.0M)->70.2M(256.0M)]
 [Times: user=0.00 sys=0.00, real=0.00 secs] 
2014-07-10T11:38:02.203+0200: 112.983: [GC pause (G1 Evacuation Pause) (young) 112.983: [G1Ergonomics (CSet Construction) start choosing CSet, _pending_cards: 512, predicted base time: 1.35 ms, remaining time: 198.65 ms, target pause time: 200.00 ms]
 112.983: [G1Ergonomics (CSet Construction) add young regions to CSet, eden: 146 regions, survivors: 4 regions, predicted young region time: 21.86 ms]
 112.983: [G1Ergonomics (CSet Construction) finish choosing CSet, eden: 146 regions, survivors: 4 regions, old: 0 regions, predicted pause time: 23.21 ms, target pause time: 200.00 ms]
, 0.0226061 secs]
   [Parallel Time: 19.0 ms, GC Workers: 2]
      [GC Worker Start (ms): Min: 112983.1, Avg: 112983.1, Max: 112983.1, Diff: 0.0]
      [Ext Root Scanning (ms): Min: 0.5, Avg: 0.6, Max: 0.6, Diff: 0.0, Sum: 1.1]
      [Update RS (ms): Min: 0.1, Avg: 0.1, Max: 0.1, Diff: 0.1, Sum: 0.2]
         [Processed Buffers: Min: 1, Avg: 1.5, Max: 2, Diff: 1, Sum: 3]
      [Scan RS (ms): Min: 0.4, Avg: 0.4, Max: 0.4, Diff: 0.0, Sum: 0.8]
      [Code Root Scanning (ms): Min: 0.1, Avg: 0.1, Max: 0.2, Diff: 0.0, Sum: 0.3]
      [Object Copy (ms): Min: 17.6, Avg: 17.6, Max: 17.6, Diff: 0.0, Sum: 35.3]
      [Termination (ms): Min: 0.0, Avg: 0.0, Max: 0.0, Diff: 0.0, Sum: 0.0]
      [GC Worker Other (ms): Min: 0.0, Avg: 0.0, Max: 0.1, Diff: 0.0, Sum: 0.1]
      [GC Worker Total (ms): Min: 18.9, Avg: 18.9, Max: 18.9, Diff: 0.0, Sum: 37.8]
      [GC Worker End (ms): Min: 113002.0, Avg: 113002.0, Max: 113002.0, Diff: 0.0]
   [Code Root Fixup: 0.0 ms]
   [Code Root Migration: 0.1 ms]
   [Clear CT: 0.2 ms]
   [Other: 3.4 ms]
      [Choose CSet: 0.1 ms]
      [Ref Proc: 2.5 ms]
      [Ref Enq: 0.0 ms]
      [Free CSet: 0.6 ms]
   [Eden: 146.0M(146.0M)->0.0B(127.0M) Survivors: 4096.0K->18.0M Heap: 216.2M(256.0M)->84.1M(256.0M)]
 [Times: user=0.03 sys=0.00, real=0.02 secs] 
2014-07-10T11:38:02.311+0200: 113.091: [GC pause (G1 Evacuation Pause) (young) 113.091: [G1Ergonomics (CSet Construction) start choosing CSet, _pending_cards: 512, predicted base time: 2.50 ms, remaining time: 197.50 ms, target pause time: 200.00 ms]
 113.091: [G1Ergonomics (CSet Construction) add young regions to CSet, eden: 127 regions, survivors: 18 regions, predicted young region time: 105.99 ms]
 113.091: [G1Ergonomics (CSet Construction) finish choosing CSet, eden: 127 regions, survivors: 18 regions, old: 0 regions, predicted pause time: 108.49 ms, target pause time: 200.00 ms]
, 0.0089248 secs]
   [Parallel Time: 8.4 ms, GC Workers: 2]
      [GC Worker Start (ms): Min: 113090.6, Avg: 113090.7, Max: 113090.7, Diff: 0.0]
      [Ext Root Scanning (ms): Min: 0.3, Avg: 0.3, Max: 0.3, Diff: 0.0, Sum: 0.5]
      [Update RS (ms): Min: 0.0, Avg: 0.0, Max: 0.0, Diff: 0.0, Sum: 0.1]
         [Processed Buffers: Min: 1, Avg: 1.5, Max: 2, Diff: 1, Sum: 3]
      [Scan RS (ms): Min: 0.2, Avg: 0.2, Max: 0.2, Diff: 0.0, Sum: 0.4]
      [Code Root Scanning (ms): Min: 0.1, Avg: 0.1, Max: 0.1, Diff: 0.0, Sum: 0.2]
      [Object Copy (ms): Min: 7.7, Avg: 7.7, Max: 7.7, Diff: 0.0, Sum: 15.4]
      [Termination (ms): Min: 0.0, Avg: 0.0, Max: 0.0, Diff: 0.0, Sum: 0.0]
      [GC Worker Other (ms): Min: 0.0, Avg: 0.0, Max: 0.0, Diff: 0.0, Sum: 0.1]
      [GC Worker Total (ms): Min: 8.4, Avg: 8.4, Max: 8.4, Diff: 0.0, Sum: 16.7]
      [GC Worker End (ms): Min: 113099.0, Avg: 113099.0, Max: 113099.0, Diff: 0.0]
   [Code Root Fixup: 0.0 ms]
   [Code Root Migration: 0.0 ms]
   [Clear CT: 0.1 ms]
   [Other: 0.4 ms]
      [Choose CSet: 0.0 ms]
      [Ref Proc: 0.1 ms]
      [Ref Enq: 0.0 ms]
      [Free CSet: 0.2 ms]
   [Eden: 127.0M(127.0M)->0.0B(135.0M) Survivors: 18.0M->13.0M Heap: 211.1M(256.0M)->79.0M(256.0M)]
 [Times: user=0.00 sys=0.00, real=0.01 secs] 
2014-07-10T11:38:02.435+0200: 113.215: [GC pause (G1 Evacuation Pause) (young) 113.215: [G1Ergonomics (CSet Construction) start choosing CSet, _pending_cards: 512, predicted base time: 2.10 ms, remaining time: 197.90 ms, target pause time: 200.00 ms]
 113.215: [G1Ergonomics (CSet Construction) add young regions to CSet, eden: 135 regions, survivors: 13 regions, predicted young region time: 105.55 ms]
 113.215: [G1Ergonomics (CSet Construction) finish choosing CSet, eden: 135 regions, survivors: 13 regions, old: 0 regions, predicted pause time: 107.65 ms, target pause time: 200.00 ms]
, 0.0103696 secs]
   [Parallel Time: 9.7 ms, GC Workers: 2]
      [GC Worker Start (ms): Min: 113215.0, Avg: 113215.0, Max: 113215.0, Diff: 0.0]
      [Ext Root Scanning (ms): Min: 0.3, Avg: 0.3, Max: 0.3, Diff: 0.0, Sum: 0.5]
      [Update RS (ms): Min: 0.0, Avg: 0.0, Max: 0.0, Diff: 0.0, Sum: 0.1]
         [Processed Buffers: Min: 1, Avg: 1.5, Max: 2, Diff: 1, Sum: 3]
      [Scan RS (ms): Min: 0.2, Avg: 0.2, Max: 0.2, Diff: 0.0, Sum: 0.4]
      [Code Root Scanning (ms): Min: 0.1, Avg: 0.1, Max: 0.1, Diff: 0.0, Sum: 0.2]
      [Object Copy (ms): Min: 9.0, Avg: 9.0, Max: 9.0, Diff: 0.0, Sum: 18.0]
      [Termination (ms): Min: 0.0, Avg: 0.0, Max: 0.0, Diff: 0.0, Sum: 0.0]
      [GC Worker Other (ms): Min: 0.0, Avg: 0.0, Max: 0.0, Diff: 0.0, Sum: 0.1]
      [GC Worker Total (ms): Min: 9.7, Avg: 9.7, Max: 9.7, Diff: 0.0, Sum: 19.3]
      [GC Worker End (ms): Min: 113224.6, Avg: 113224.6, Max: 113224.6, Diff: 0.0]
   [Code Root Fixup: 0.0 ms]
   [Code Root Migration: 0.0 ms]
   [Clear CT: 0.2 ms]
   [Other: 0.4 ms]
      [Choose CSet: 0.0 ms]
      [Ref Proc: 0.0 ms]
      [Ref Enq: 0.0 ms]
      [Free CSet: 0.2 ms]
   [Eden: 135.0M(135.0M)->0.0B(131.0M) Survivors: 13.0M->16.0M Heap: 214.0M(256.0M)->81.9M(256.0M)]
 [Times: user=0.00 sys=0.00, real=0.01 secs] 
2014-07-10T11:38:02.591+0200: 113.371: [GC pause (G1 Evacuation Pause) (young) 113.371: [G1Ergonomics (CSet Construction) start choosing CSet, _pending_cards: 258, predicted base time: 1.78 ms, remaining time: 198.22 ms, target pause time: 200.00 ms]
 113.371: [G1Ergonomics (CSet Construction) add young regions to CSet, eden: 131 regions, survivors: 16 regions, predicted young region time: 95.95 ms]
 113.371: [G1Ergonomics (CSet Construction) finish choosing CSet, eden: 131 regions, survivors: 16 regions, old: 0 regions, predicted pause time: 97.73 ms, target pause time: 200.00 ms]
, 0.0018313 secs]
   [Parallel Time: 1.4 ms, GC Workers: 2]
      [GC Worker Start (ms): Min: 113371.0, Avg: 113371.0, Max: 113371.0, Diff: 0.0]
      [Ext Root Scanning (ms): Min: 0.2, Avg: 0.2, Max: 0.2, Diff: 0.0, Sum: 0.5]
      [Update RS (ms): Min: 0.0, Avg: 0.0, Max: 0.0, Diff: 0.0, Sum: 0.1]
         [Processed Buffers: Min: 1, Avg: 1.5, Max: 2, Diff: 1, Sum: 3]
      [Scan RS (ms): Min: 0.2, Avg: 0.2, Max: 0.2, Diff: 0.0, Sum: 0.4]
      [Code Root Scanning (ms): Min: 0.1, Avg: 0.1, Max: 0.1, Diff: 0.0, Sum: 0.2]
      [Object Copy (ms): Min: 0.7, Avg: 0.7, Max: 0.8, Diff: 0.0, Sum: 1.5]
      [Termination (ms): Min: 0.0, Avg: 0.0, Max: 0.0, Diff: 0.0, Sum: 0.0]
      [GC Worker Other (ms): Min: 0.0, Avg: 0.0, Max: 0.0, Diff: 0.0, Sum: 0.0]
      [GC Worker Total (ms): Min: 1.3, Avg: 1.3, Max: 1.3, Diff: 0.0, Sum: 2.7]
      [GC Worker End (ms): Min: 113372.3, Avg: 113372.3, Max: 113372.3, Diff: 0.0]
   [Code Root Fixup: 0.0 ms]
   [Code Root Migration: 0.0 ms]
   [Clear CT: 0.1 ms]
   [Other: 0.3 ms]
      [Choose CSet: 0.0 ms]
      [Ref Proc: 0.0 ms]
      [Ref Enq: 0.0 ms]
      [Free CSet: 0.2 ms]
   [Eden: 131.0M(131.0M)->0.0B(147.0M) Survivors: 16.0M->3072.0K Heap: 212.9M(256.0M)->68.6M(256.0M)]
 [Times: user=0.00 sys=0.00, real=0.00 secs] 
2014-07-10T11:38:02.696+0200: 113.476: [GC pause (G1 Evacuation Pause) (young) 113.476: [G1Ergonomics (CSet Construction) start choosing CSet, _pending_cards: 512, predicted base time: 1.56 ms, remaining time: 198.44 ms, target pause time: 200.00 ms]
 113.476: [G1Ergonomics (CSet Construction) add young regions to CSet, eden: 147 regions, survivors: 3 regions, predicted young region time: 95.91 ms]
 113.476: [G1Ergonomics (CSet Construction) finish choosing CSet, eden: 147 regions, survivors: 3 regions, old: 0 regions, predicted pause time: 97.46 ms, target pause time: 200.00 ms]
, 0.0122204 secs]
   [Parallel Time: 11.5 ms, GC Workers: 2]
      [GC Worker Start (ms): Min: 113475.9, Avg: 113475.9, Max: 113475.9, Diff: 0.0]
      [Ext Root Scanning (ms): Min: 0.3, Avg: 0.4, Max: 0.4, Diff: 0.0, Sum: 0.7]
      [Update RS (ms): Min: 0.0, Avg: 0.0, Max: 0.1, Diff: 0.0, Sum: 0.1]
         [Processed Buffers: Min: 1, Avg: 1.5, Max: 2, Diff: 1, Sum: 3]
      [Scan RS (ms): Min: 0.2, Avg: 0.2, Max: 0.2, Diff: 0.0, Sum: 0.5]
      [Code Root Scanning (ms): Min: 0.1, Avg: 0.1, Max: 0.1, Diff: 0.0, Sum: 0.2]
      [Object Copy (ms): Min: 10.7, Avg: 10.7, Max: 10.7, Diff: 0.0, Sum: 21.4]
      [Termination (ms): Min: 0.0, Avg: 0.0, Max: 0.0, Diff: 0.0, Sum: 0.0]
      [GC Worker Other (ms): Min: 0.0, Avg: 0.0, Max: 0.0, Diff: 0.0, Sum: 0.1]
      [GC Worker Total (ms): Min: 11.4, Avg: 11.5, Max: 11.5, Diff: 0.0, Sum: 22.9]
      [GC Worker End (ms): Min: 113487.3, Avg: 113487.3, Max: 113487.3, Diff: 0.0]
   [Code Root Fixup: 0.0 ms]
   [Code Root Migration: 0.0 ms]
   [Clear CT: 0.1 ms]
   [Other: 0.6 ms]
      [Choose CSet: 0.0 ms]
      [Ref Proc: 0.2 ms]
      [Ref Enq: 0.0 ms]
      [Free CSet: 0.2 ms]
   [Eden: 147.0M(147.0M)->0.0B(129.0M) Survivors: 3072.0K->17.0M Heap: 215.6M(256.0M)->83.5M(256.0M)]
 [Times: user=0.03 sys=0.00, real=0.01 secs] 
2014-07-10T11:38:02.846+0200: 113.626: [GC pause (G1 Evacuation Pause) (young) 113.626: [G1Ergonomics (CSet Construction) start choosing CSet, _pending_cards: 512, predicted base time: 1.44 ms, remaining time: 198.56 ms, target pause time: 200.00 ms]
 113.626: [G1Ergonomics (CSet Construction) add young regions to CSet, eden: 129 regions, survivors: 17 regions, predicted young region time: 61.43 ms]
 113.626: [G1Ergonomics (CSet Construction) finish choosing CSet, eden: 129 regions, survivors: 17 regions, old: 0 regions, predicted pause time: 62.87 ms, target pause time: 200.00 ms]
, 0.0109236 secs]
   [Parallel Time: 10.2 ms, GC Workers: 2]
      [GC Worker Start (ms): Min: 113625.9, Avg: 113625.9, Max: 113626.0, Diff: 0.0]
      [Ext Root Scanning (ms): Min: 0.4, Avg: 0.4, Max: 0.4, Diff: 0.0, Sum: 0.8]
      [Update RS (ms): Min: 0.0, Avg: 0.0, Max: 0.1, Diff: 0.0, Sum: 0.1]
         [Processed Buffers: Min: 1, Avg: 1.5, Max: 2, Diff: 1, Sum: 3]
      [Scan RS (ms): Min: 0.2, Avg: 0.2, Max: 0.3, Diff: 0.0, Sum: 0.5]
      [Code Root Scanning (ms): Min: 0.1, Avg: 0.1, Max: 0.1, Diff: 0.0, Sum: 0.2]
      [Object Copy (ms): Min: 9.3, Avg: 9.3, Max: 9.3, Diff: 0.0, Sum: 18.5]
      [Termination (ms): Min: 0.0, Avg: 0.0, Max: 0.0, Diff: 0.0, Sum: 0.0]
      [GC Worker Other (ms): Min: 0.0, Avg: 0.0, Max: 0.0, Diff: 0.0, Sum: 0.1]
      [GC Worker Total (ms): Min: 10.1, Avg: 10.1, Max: 10.1, Diff: 0.0, Sum: 20.2]
      [GC Worker End (ms): Min: 113636.0, Avg: 113636.0, Max: 113636.0, Diff: 0.0]
   [Code Root Fixup: 0.0 ms]
   [Code Root Migration: 0.1 ms]
   [Clear CT: 0.1 ms]
   [Other: 0.5 ms]
      [Choose CSet: 0.0 ms]
      [Ref Proc: 0.1 ms]
      [Ref Enq: 0.0 ms]
      [Free CSet: 0.3 ms]
   [Eden: 129.0M(129.0M)->0.0B(134.0M) Survivors: 17.0M->14.0M Heap: 212.5M(256.0M)->80.4M(256.0M)]
 [Times: user=0.03 sys=0.00, real=0.01 secs] 
2014-07-10T11:38:02.994+0200: 113.774: [GC pause (G1 Evacuation Pause) (young) 113.774: [G1Ergonomics (CSet Construction) start choosing CSet, _pending_cards: 512, predicted base time: 1.37 ms, remaining time: 198.63 ms, target pause time: 200.00 ms]
 113.774: [G1Ergonomics (CSet Construction) add young regions to CSet, eden: 134 regions, survivors: 14 regions, predicted young region time: 89.19 ms]
 113.774: [G1Ergonomics (CSet Construction) finish choosing CSet, eden: 134 regions, survivors: 14 regions, old: 0 regions, predicted pause time: 90.56 ms, target pause time: 200.00 ms]
, 0.0111627 secs]
   [Parallel Time: 9.7 ms, GC Workers: 2]
      [GC Worker Start (ms): Min: 113774.0, Avg: 113774.0, Max: 113774.0, Diff: 0.0]
      [Ext Root Scanning (ms): Min: 0.6, Avg: 0.6, Max: 0.6, Diff: 0.0, Sum: 1.2]
      [Update RS (ms): Min: 0.1, Avg: 0.1, Max: 0.1, Diff: 0.1, Sum: 0.2]
         [Processed Buffers: Min: 1, Avg: 1.5, Max: 2, Diff: 1, Sum: 3]
      [Scan RS (ms): Min: 0.4, Avg: 0.4, Max: 0.4, Diff: 0.0, Sum: 0.8]
      [Code Root Scanning (ms): Min: 0.2, Avg: 0.2, Max: 0.2, Diff: 0.0, Sum: 0.3]
      [Object Copy (ms): Min: 8.3, Avg: 8.3, Max: 8.3, Diff: 0.0, Sum: 16.6]
      [Termination (ms): Min: 0.0, Avg: 0.0, Max: 0.0, Diff: 0.0, Sum: 0.0]
      [GC Worker Other (ms): Min: 0.1, Avg: 0.1, Max: 0.1, Diff: 0.0, Sum: 0.1]
      [GC Worker Total (ms): Min: 9.6, Avg: 9.6, Max: 9.6, Diff: 0.0, Sum: 19.3]
      [GC Worker End (ms): Min: 113783.6, Avg: 113783.6, Max: 113783.6, Diff: 0.0]
   [Code Root Fixup: 0.0 ms]
   [Code Root Migration: 0.1 ms]
   [Clear CT: 0.2 ms]
   [Other: 1.2 ms]
      [Choose CSet: 0.1 ms]
      [Ref Proc: 0.4 ms]
      [Ref Enq: 0.0 ms]
      [Free CSet: 0.5 ms]
   [Eden: 134.0M(134.0M)->0.0B(141.0M) Survivors: 14.0M->8192.0K Heap: 214.4M(256.0M)->74.2M(256.0M)]
 [Times: user=0.00 sys=0.03, real=0.01 secs] 
2014-07-10T11:38:03.097+0200: 113.877: [GC pause (G1 Evacuation Pause) (young) 113.877: [G1Ergonomics (CSet Construction) start choosing CSet, _pending_cards: 512, predicted base time: 1.57 ms, remaining time: 198.43 ms, target pause time: 200.00 ms]
 113.877: [G1Ergonomics (CSet Construction) add young regions to CSet, eden: 141 regions, survivors: 8 regions, predicted young region time: 78.89 ms]
 113.877: [G1Ergonomics (CSet Construction) finish choosing CSet, eden: 141 regions, survivors: 8 regions, old: 0 regions, predicted pause time: 80.46 ms, target pause time: 200.00 ms]
, 0.0116092 secs]
   [Parallel Time: 10.8 ms, GC Workers: 2]
      [GC Worker Start (ms): Min: 113876.7, Avg: 113876.7, Max: 113876.7, Diff: 0.0]
      [Ext Root Scanning (ms): Min: 0.3, Avg: 0.3, Max: 0.3, Diff: 0.0, Sum: 0.6]
      [Update RS (ms): Min: 0.0, Avg: 0.0, Max: 0.0, Diff: 0.0, Sum: 0.1]
         [Processed Buffers: Min: 1, Avg: 1.5, Max: 2, Diff: 1, Sum: 3]
      [Scan RS (ms): Min: 0.2, Avg: 0.2, Max: 0.2, Diff: 0.0, Sum: 0.5]
      [Code Root Scanning (ms): Min: 0.1, Avg: 0.1, Max: 0.1, Diff: 0.0, Sum: 0.2]
      [Object Copy (ms): Min: 10.1, Avg: 10.1, Max: 10.2, Diff: 0.0, Sum: 20.3]
      [Termination (ms): Min: 0.0, Avg: 0.0, Max: 0.0, Diff: 0.0, Sum: 0.0]
      [GC Worker Other (ms): Min: 0.0, Avg: 0.0, Max: 0.0, Diff: 0.0, Sum: 0.1]
      [GC Worker Total (ms): Min: 10.8, Avg: 10.8, Max: 10.8, Diff: 0.0, Sum: 21.6]
      [GC Worker End (ms): Min: 113887.5, Avg: 113887.5, Max: 113887.5, Diff: 0.0]
   [Code Root Fixup: 0.0 ms]
   [Code Root Migration: 0.0 ms]
   [Clear CT: 0.2 ms]
   [Other: 0.5 ms]
      [Choose CSet: 0.0 ms]
      [Ref Proc: 0.1 ms]
      [Ref Enq: 0.0 ms]
      [Free CSet: 0.3 ms]
   [Eden: 141.0M(141.0M)->0.0B(129.0M) Survivors: 8192.0K->17.0M Heap: 215.2M(256.0M)->83.2M(256.0M)]
 [Times: user=0.03 sys=0.00, real=0.01 secs] 
2014-07-10T11:38:03.241+0200: 114.021: [GC pause (G1 Evacuation Pause) (young) 114.021: [G1Ergonomics (CSet Construction) start choosing CSet, _pending_cards: 512, predicted base time: 1.42 ms, remaining time: 198.58 ms, target pause time: 200.00 ms]
 114.021: [G1Ergonomics (CSet Construction) add young regions to CSet, eden: 129 regions, survivors: 17 regions, predicted young region time: 101.67 ms]
 114.021: [G1Ergonomics (CSet Construction) finish choosing CSet, eden: 129 regions, survivors: 17 regions, old: 0 regions, predicted pause time: 103.09 ms, target pause time: 200.00 ms]
, 0.0110937 secs]
   [Parallel Time: 10.1 ms, GC Workers: 2]
      [GC Worker Start (ms): Min: 114021.2, Avg: 114021.2, Max: 114021.2, Diff: 0.0]
      [Ext Root Scanning (ms): Min: 0.4, Avg: 0.4, Max: 0.4, Diff: 0.0, Sum: 0.7]
      [Update RS (ms): Min: 0.0, Avg: 0.0, Max: 0.0, Diff: 0.0, Sum: 0.1]
         [Processed Buffers: Min: 1, Avg: 1.5, Max: 2, Diff: 1, Sum: 3]
      [Scan RS (ms): Min: 0.3, Avg: 0.3, Max: 0.3, Diff: 0.0, Sum: 0.6]
      [Code Root Scanning (ms): Min: 0.1, Avg: 0.1, Max: 0.1, Diff: 0.0, Sum: 0.2]
      [Object Copy (ms): Min: 9.2, Avg: 9.2, Max: 9.2, Diff: 0.0, Sum: 18.4]
      [Termination (ms): Min: 0.0, Avg: 0.0, Max: 0.0, Diff: 0.0, Sum: 0.0]
      [GC Worker Other (ms): Min: 0.0, Avg: 0.0, Max: 0.0, Diff: 0.0, Sum: 0.1]
      [GC Worker Total (ms): Min: 10.0, Avg: 10.0, Max: 10.0, Diff: 0.0, Sum: 20.0]
      [GC Worker End (ms): Min: 114031.2, Avg: 114031.2, Max: 114031.2, Diff: 0.0]
   [Code Root Fixup: 0.0 ms]
   [Code Root Migration: 0.0 ms]
   [Clear CT: 0.1 ms]
   [Other: 0.9 ms]
      [Choose CSet: 0.0 ms]
      [Ref Proc: 0.0 ms]
      [Ref Enq: 0.0 ms]
      [Free CSet: 0.2 ms]
   [Eden: 129.0M(129.0M)->0.0B(134.0M) Survivors: 17.0M->14.0M Heap: 212.2M(256.0M)->80.0M(256.0M)]
 [Times: user=0.03 sys=0.00, real=0.01 secs] 
2014-07-10T11:38:03.402+0200: 114.182: [GC pause (G1 Evacuation Pause) (young) 114.182: [G1Ergonomics (CSet Construction) start choosing CSet, _pending_cards: 512, predicted base time: 1.43 ms, remaining time: 198.57 ms, target pause time: 200.00 ms]
 114.182: [G1Ergonomics (CSet Construction) add young regions to CSet, eden: 134 regions, survivors: 14 regions, predicted young region time: 23.24 ms]
 114.182: [G1Ergonomics (CSet Construction) finish choosing CSet, eden: 134 regions, survivors: 14 regions, old: 0 regions, predicted pause time: 24.67 ms, target pause time: 200.00 ms]
, 0.0195998 secs]
   [Parallel Time: 17.5 ms, GC Workers: 2]
      [GC Worker Start (ms): Min: 114182.3, Avg: 114182.3, Max: 114182.4, Diff: 0.2]
      [Ext Root Scanning (ms): Min: 0.5, Avg: 0.6, Max: 0.6, Diff: 0.2, Sum: 1.1]
      [Update RS (ms): Min: 0.0, Avg: 0.1, Max: 0.1, Diff: 0.0, Sum: 0.1]
         [Processed Buffers: Min: 1, Avg: 1.5, Max: 2, Diff: 1, Sum: 3]
      [Scan RS (ms): Min: 0.6, Avg: 0.6, Max: 0.6, Diff: 0.1, Sum: 1.2]
      [Code Root Scanning (ms): Min: 0.1, Avg: 0.2, Max: 0.2, Diff: 0.1, Sum: 0.3]
      [Object Copy (ms): Min: 15.6, Avg: 15.6, Max: 15.7, Diff: 0.1, Sum: 31.3]
      [Termination (ms): Min: 0.0, Avg: 0.0, Max: 0.1, Diff: 0.1, Sum: 0.1]
      [GC Worker Other (ms): Min: 0.0, Avg: 0.0, Max: 0.0, Diff: 0.0, Sum: 0.1]
      [GC Worker Total (ms): Min: 17.0, Avg: 17.1, Max: 17.2, Diff: 0.1, Sum: 34.2]
      [GC Worker End (ms): Min: 114199.4, Avg: 114199.4, Max: 114199.4, Diff: 0.0]
   [Code Root Fixup: 0.0 ms]
   [Code Root Migration: 0.1 ms]
   [Clear CT: 1.1 ms]
   [Other: 0.9 ms]
      [Choose CSet: 0.1 ms]
      [Ref Proc: 0.1 ms]
      [Ref Enq: 0.0 ms]
      [Free CSet: 0.4 ms]
   [Eden: 134.0M(134.0M)->0.0B(131.0M) Survivors: 14.0M->16.0M Heap: 214.0M(256.0M)->81.9M(256.0M)]
 [Times: user=0.03 sys=0.00, real=0.02 secs] 
2014-07-10T11:38:03.497+0200: 114.277: [GC pause (G1 Evacuation Pause) (young) 114.277: [G1Ergonomics (CSet Construction) start choosing CSet, _pending_cards: 258, predicted base time: 1.98 ms, remaining time: 198.02 ms, target pause time: 200.00 ms]
 114.277: [G1Ergonomics (CSet Construction) add young regions to CSet, eden: 131 regions, survivors: 16 regions, predicted young region time: 113.72 ms]
 114.277: [G1Ergonomics (CSet Construction) finish choosing CSet, eden: 131 regions, survivors: 16 regions, old: 0 regions, predicted pause time: 115.69 ms, target pause time: 200.00 ms]
, 0.0022023 secs]
   [Parallel Time: 1.7 ms, GC Workers: 2]
      [GC Worker Start (ms): Min: 114276.9, Avg: 114276.9, Max: 114276.9, Diff: 0.0]
      [Ext Root Scanning (ms): Min: 0.3, Avg: 0.3, Max: 0.3, Diff: 0.0, Sum: 0.6]
      [Update RS (ms): Min: 0.0, Avg: 0.0, Max: 0.1, Diff: 0.0, Sum: 0.1]
         [Processed Buffers: Min: 1, Avg: 1.5, Max: 2, Diff: 1, Sum: 3]
      [Scan RS (ms): Min: 0.2, Avg: 0.2, Max: 0.2, Diff: 0.0, Sum: 0.4]
      [Code Root Scanning (ms): Min: 0.1, Avg: 0.1, Max: 0.1, Diff: 0.0, Sum: 0.2]
      [Object Copy (ms): Min: 1.0, Avg: 1.0, Max: 1.0, Diff: 0.0, Sum: 1.9]
      [Termination (ms): Min: 0.0, Avg: 0.0, Max: 0.0, Diff: 0.0, Sum: 0.0]
      [GC Worker Other (ms): Min: 0.0, Avg: 0.0, Max: 0.0, Diff: 0.0, Sum: 0.1]
      [GC Worker Total (ms): Min: 1.7, Avg: 1.7, Max: 1.7, Diff: 0.0, Sum: 3.4]
      [GC Worker End (ms): Min: 114278.6, Avg: 114278.6, Max: 114278.6, Diff: 0.0]
   [Code Root Fixup: 0.0 ms]
   [Code Root Migration: 0.0 ms]
   [Clear CT: 0.1 ms]
   [Other: 0.4 ms]
      [Choose CSet: 0.0 ms]
      [Ref Proc: 0.0 ms]
      [Ref Enq: 0.0 ms]
      [Free CSet: 0.2 ms]
   [Eden: 131.0M(131.0M)->0.0B(147.0M) Survivors: 16.0M->3072.0K Heap: 212.9M(256.0M)->68.7M(256.0M)]
 [Times: user=0.00 sys=0.00, real=0.00 secs] 
2014-07-10T11:38:03.648+0200: 114.428: [GC pause (G1 Evacuation Pause) (young) 114.428: [G1Ergonomics (CSet Construction) start choosing CSet, _pending_cards: 514, predicted base time: 1.74 ms, remaining time: 198.26 ms, target pause time: 200.00 ms]
 114.428: [G1Ergonomics (CSet Construction) add young regions to CSet, eden: 147 regions, survivors: 3 regions, predicted young region time: 12.89 ms]
 114.428: [G1Ergonomics (CSet Construction) finish choosing CSet, eden: 147 regions, survivors: 3 regions, old: 0 regions, predicted pause time: 14.62 ms, target pause time: 200.00 ms]
, 0.0092918 secs]
   [Parallel Time: 8.3 ms, GC Workers: 2]
      [GC Worker Start (ms): Min: 114427.8, Avg: 114427.8, Max: 114427.8, Diff: 0.0]
      [Ext Root Scanning (ms): Min: 0.3, Avg: 0.3, Max: 0.3, Diff: 0.1, Sum: 0.6]
      [Update RS (ms): Min: 0.0, Avg: 0.1, Max: 0.1, Diff: 0.0, Sum: 0.1]
         [Processed Buffers: Min: 2, Avg: 2.0, Max: 2, Diff: 0, Sum: 4]
      [Scan RS (ms): Min: 0.2, Avg: 0.2, Max: 0.2, Diff: 0.0, Sum: 0.4]
      [Code Root Scanning (ms): Min: 0.1, Avg: 0.1, Max: 0.1, Diff: 0.0, Sum: 0.2]
      [Object Copy (ms): Min: 7.5, Avg: 7.5, Max: 7.5, Diff: 0.0, Sum: 15.0]
      [Termination (ms): Min: 0.0, Avg: 0.0, Max: 0.0, Diff: 0.0, Sum: 0.0]
      [GC Worker Other (ms): Min: 0.0, Avg: 0.0, Max: 0.0, Diff: 0.0, Sum: 0.1]
      [GC Worker Total (ms): Min: 8.2, Avg: 8.2, Max: 8.2, Diff: 0.0, Sum: 16.5]
      [GC Worker End (ms): Min: 114436.1, Avg: 114436.1, Max: 114436.1, Diff: 0.0]
   [Code Root Fixup: 0.0 ms]
   [Code Root Migration: 0.1 ms]
   [Clear CT: 0.5 ms]
   [Other: 0.5 ms]
      [Choose CSet: 0.0 ms]
      [Ref Proc: 0.1 ms]
      [Ref Enq: 0.0 ms]
      [Free CSet: 0.2 ms]
   [Eden: 147.0M(147.0M)->0.0B(138.0M) Survivors: 3072.0K->12.0M Heap: 215.7M(256.0M)->78.5M(256.0M)]
 [Times: user=0.03 sys=0.00, real=0.01 secs] 
2014-07-10T11:38:03.805+0200: 114.585: [GC pause (G1 Evacuation Pause) (young) 114.585: [G1Ergonomics (CSet Construction) start choosing CSet, _pending_cards: 512, predicted base time: 1.64 ms, remaining time: 198.36 ms, target pause time: 200.00 ms]
 114.585: [G1Ergonomics (CSet Construction) add young regions to CSet, eden: 138 regions, survivors: 12 regions, predicted young region time: 103.86 ms]
 114.585: [G1Ergonomics (CSet Construction) finish choosing CSet, eden: 138 regions, survivors: 12 regions, old: 0 regions, predicted pause time: 105.50 ms, target pause time: 200.00 ms]
, 0.0187463 secs]
   [Parallel Time: 17.3 ms, GC Workers: 2]
      [GC Worker Start (ms): Min: 114585.2, Avg: 114585.2, Max: 114585.2, Diff: 0.0]
      [Ext Root Scanning (ms): Min: 0.6, Avg: 0.6, Max: 0.6, Diff: 0.0, Sum: 1.1]
      [Update RS (ms): Min: 0.1, Avg: 0.1, Max: 0.1, Diff: 0.0, Sum: 0.2]
         [Processed Buffers: Min: 1, Avg: 1.5, Max: 2, Diff: 1, Sum: 3]
      [Scan RS (ms): Min: 0.4, Avg: 0.4, Max: 0.4, Diff: 0.0, Sum: 0.8]
      [Code Root Scanning (ms): Min: 0.2, Avg: 0.2, Max: 0.2, Diff: 0.0, Sum: 0.3]
      [Object Copy (ms): Min: 15.9, Avg: 15.9, Max: 16.0, Diff: 0.0, Sum: 31.9]
      [Termination (ms): Min: 0.0, Avg: 0.0, Max: 0.0, Diff: 0.0, Sum: 0.0]
      [GC Worker Other (ms): Min: 0.0, Avg: 0.0, Max: 0.0, Diff: 0.0, Sum: 0.1]
      [GC Worker Total (ms): Min: 17.2, Avg: 17.3, Max: 17.3, Diff: 0.0, Sum: 34.5]
      [GC Worker End (ms): Min: 114602.5, Avg: 114602.5, Max: 114602.5, Diff: 0.0]
   [Code Root Fixup: 0.0 ms]
   [Code Root Migration: 0.0 ms]
   [Clear CT: 0.1 ms]
   [Other: 1.3 ms]
      [Choose CSet: 0.1 ms]
      [Ref Proc: 0.8 ms]
      [Ref Enq: 0.0 ms]
      [Free CSet: 0.2 ms]
   [Eden: 138.0M(138.0M)->0.0B(127.0M) Survivors: 12.0M->18.0M Heap: 216.5M(256.0M)->84.4M(256.0M)]
 [Times: user=0.03 sys=0.03, real=0.02 secs] 
2014-07-10T11:38:03.896+0200: 114.676: [GC pause (G1 Evacuation Pause) (young) 114.676: [G1Ergonomics (CSet Construction) start choosing CSet, _pending_cards: 512, predicted base time: 1.81 ms, remaining time: 198.19 ms, target pause time: 200.00 ms]
 114.676: [G1Ergonomics (CSet Construction) add young regions to CSet, eden: 127 regions, survivors: 18 regions, predicted young region time: 103.56 ms]
 114.676: [G1Ergonomics (CSet Construction) finish choosing CSet, eden: 127 regions, survivors: 18 regions, old: 0 regions, predicted pause time: 105.37 ms, target pause time: 200.00 ms]
, 0.0099828 secs]
   [Parallel Time: 9.0 ms, GC Workers: 2]
      [GC Worker Start (ms): Min: 114675.6, Avg: 114675.6, Max: 114675.6, Diff: 0.0]
      [Ext Root Scanning (ms): Min: 0.3, Avg: 0.3, Max: 0.3, Diff: 0.0, Sum: 0.6]
      [Update RS (ms): Min: 0.1, Avg: 0.1, Max: 0.1, Diff: 0.0, Sum: 0.1]
         [Processed Buffers: Min: 1, Avg: 1.5, Max: 2, Diff: 1, Sum: 3]
      [Scan RS (ms): Min: 0.2, Avg: 0.2, Max: 0.2, Diff: 0.0, Sum: 0.5]
      [Code Root Scanning (ms): Min: 0.1, Avg: 0.1, Max: 0.1, Diff: 0.0, Sum: 0.2]
      [Object Copy (ms): Min: 8.2, Avg: 8.2, Max: 8.2, Diff: 0.0, Sum: 16.4]
      [Termination (ms): Min: 0.0, Avg: 0.0, Max: 0.0, Diff: 0.0, Sum: 0.0]
      [GC Worker Other (ms): Min: 0.0, Avg: 0.0, Max: 0.0, Diff: 0.0, Sum: 0.1]
      [GC Worker Total (ms): Min: 9.0, Avg: 9.0, Max: 9.0, Diff: 0.0, Sum: 18.0]
      [GC Worker End (ms): Min: 114684.6, Avg: 114684.6, Max: 114684.6, Diff: 0.0]
   [Code Root Fixup: 0.0 ms]
   [Code Root Migration: 0.0 ms]
   [Clear CT: 0.1 ms]
   [Other: 0.8 ms]
      [Choose CSet: 0.0 ms]
      [Ref Proc: 0.4 ms]
      [Ref Enq: 0.0 ms]
      [Free CSet: 0.2 ms]
   [Eden: 127.0M(127.0M)->0.0B(135.0M) Survivors: 18.0M->13.0M Heap: 211.4M(256.0M)->79.3M(256.0M)]
 [Times: user=0.01 sys=0.00, real=0.01 secs] 
2014-07-10T11:38:04.045+0200: 114.824: [GC pause (G1 Evacuation Pause) (young) 114.825: [G1Ergonomics (CSet Construction) start choosing CSet, _pending_cards: 257, predicted base time: 1.64 ms, remaining time: 198.36 ms, target pause time: 200.00 ms]
 114.825: [G1Ergonomics (CSet Construction) add young regions to CSet, eden: 135 regions, survivors: 13 regions, predicted young region time: 68.16 ms]
 114.825: [G1Ergonomics (CSet Construction) finish choosing CSet, eden: 135 regions, survivors: 13 regions, old: 0 regions, predicted pause time: 69.81 ms, target pause time: 200.00 ms]
, 0.0061212 secs]
   [Parallel Time: 5.3 ms, GC Workers: 2]
      [GC Worker Start (ms): Min: 114824.6, Avg: 114824.6, Max: 114824.6, Diff: 0.0]
      [Ext Root Scanning (ms): Min: 0.3, Avg: 0.3, Max: 0.3, Diff: 0.0, Sum: 0.7]
      [Update RS (ms): Min: 0.0, Avg: 0.0, Max: 0.0, Diff: 0.0, Sum: 0.1]
         [Processed Buffers: Min: 1, Avg: 1.5, Max: 2, Diff: 1, Sum: 3]
      [Scan RS (ms): Min: 0.2, Avg: 0.2, Max: 0.2, Diff: 0.0, Sum: 0.5]
      [Code Root Scanning (ms): Min: 0.1, Avg: 0.1, Max: 0.1, Diff: 0.0, Sum: 0.2]
      [Object Copy (ms): Min: 4.5, Avg: 4.5, Max: 4.5, Diff: 0.0, Sum: 9.1]
      [Termination (ms): Min: 0.0, Avg: 0.0, Max: 0.0, Diff: 0.0, Sum: 0.0]
      [GC Worker Other (ms): Min: 0.0, Avg: 0.0, Max: 0.0, Diff: 0.0, Sum: 0.1]
      [GC Worker Total (ms): Min: 5.3, Avg: 5.3, Max: 5.3, Diff: 0.0, Sum: 10.6]
      [GC Worker End (ms): Min: 114829.9, Avg: 114829.9, Max: 114829.9, Diff: 0.0]
   [Code Root Fixup: 0.0 ms]
   [Code Root Migration: 0.1 ms]
   [Clear CT: 0.2 ms]
   [Other: 0.5 ms]
      [Choose CSet: 0.0 ms]
      [Ref Proc: 0.1 ms]
      [Ref Enq: 0.0 ms]
      [Free CSet: 0.3 ms]
   [Eden: 135.0M(135.0M)->0.0B(141.0M) Survivors: 13.0M->8192.0K Heap: 214.3M(256.0M)->74.1M(256.0M)]
 [Times: user=0.00 sys=0.00, real=0.01 secs] 
2014-07-10T11:38:04.205+0200: 114.985: [GC pause (G1 Evacuation Pause) (young) 114.985: [G1Ergonomics (CSet Construction) start choosing CSet, _pending_cards: 512, predicted base time: 1.53 ms, remaining time: 198.47 ms, target pause time: 200.00 ms]
 114.985: [G1Ergonomics (CSet Construction) add young regions to CSet, eden: 141 regions, survivors: 8 regions, predicted young region time: 103.58 ms]
 114.985: [G1Ergonomics (CSet Construction) finish choosing CSet, eden: 141 regions, survivors: 8 regions, old: 0 regions, predicted pause time: 105.11 ms, target pause time: 200.00 ms]
, 0.0112506 secs]
   [Parallel Time: 10.6 ms, GC Workers: 2]
      [GC Worker Start (ms): Min: 114985.1, Avg: 114985.1, Max: 114985.1, Diff: 0.0]
      [Ext Root Scanning (ms): Min: 0.3, Avg: 0.3, Max: 0.3, Diff: 0.0, Sum: 0.7]
      [Update RS (ms): Min: 0.0, Avg: 0.0, Max: 0.0, Diff: 0.0, Sum: 0.1]
         [Processed Buffers: Min: 1, Avg: 1.5, Max: 2, Diff: 1, Sum: 3]
      [Scan RS (ms): Min: 0.2, Avg: 0.2, Max: 0.2, Diff: 0.0, Sum: 0.5]
      [Code Root Scanning (ms): Min: 0.1, Avg: 0.1, Max: 0.1, Diff: 0.0, Sum: 0.2]
      [Object Copy (ms): Min: 9.9, Avg: 9.9, Max: 9.9, Diff: 0.0, Sum: 19.7]
      [Termination (ms): Min: 0.0, Avg: 0.0, Max: 0.0, Diff: 0.0, Sum: 0.0]
      [GC Worker Other (ms): Min: 0.0, Avg: 0.0, Max: 0.0, Diff: 0.0, Sum: 0.1]
      [GC Worker Total (ms): Min: 10.6, Avg: 10.6, Max: 10.6, Diff: 0.0, Sum: 21.2]
      [GC Worker End (ms): Min: 114995.7, Avg: 114995.7, Max: 114995.7, Diff: 0.0]
   [Code Root Fixup: 0.0 ms]
   [Code Root Migration: 0.0 ms]
   [Clear CT: 0.1 ms]
   [Other: 0.5 ms]
      [Choose CSet: 0.0 ms]
      [Ref Proc: 0.1 ms]
      [Ref Enq: 0.0 ms]
      [Free CSet: 0.2 ms]
   [Eden: 141.0M(141.0M)->0.0B(129.0M) Survivors: 8192.0K->17.0M Heap: 215.1M(256.0M)->83.0M(256.0M)]
 [Times: user=0.03 sys=0.00, real=0.01 secs] 
2014-07-10T11:38:04.294+0200: 115.074: [GC pause (G1 Evacuation Pause) (young) 115.074: [G1Ergonomics (CSet Construction) start choosing CSet, _pending_cards: 512, predicted base time: 1.38 ms, remaining time: 198.62 ms, target pause time: 200.00 ms]
 115.074: [G1Ergonomics (CSet Construction) add young regions to CSet, eden: 129 regions, survivors: 17 regions, predicted young region time: 62.48 ms]
 115.074: [G1Ergonomics (CSet Construction) finish choosing CSet, eden: 129 regions, survivors: 17 regions, old: 0 regions, predicted pause time: 63.85 ms, target pause time: 200.00 ms]
, 0.0103014 secs]
   [Parallel Time: 9.3 ms, GC Workers: 2]
      [GC Worker Start (ms): Min: 115074.3, Avg: 115074.3, Max: 115074.3, Diff: 0.0]
      [Ext Root Scanning (ms): Min: 0.3, Avg: 0.3, Max: 0.3, Diff: 0.0, Sum: 0.7]
      [Update RS (ms): Min: 0.0, Avg: 0.0, Max: 0.0, Diff: 0.0, Sum: 0.1]
         [Processed Buffers: Min: 1, Avg: 1.5, Max: 2, Diff: 1, Sum: 3]
      [Scan RS (ms): Min: 0.2, Avg: 0.2, Max: 0.2, Diff: 0.0, Sum: 0.5]
      [Code Root Scanning (ms): Min: 0.1, Avg: 0.1, Max: 0.1, Diff: 0.0, Sum: 0.2]
      [Object Copy (ms): Min: 8.4, Avg: 8.5, Max: 8.5, Diff: 0.0, Sum: 16.9]
      [Termination (ms): Min: 0.0, Avg: 0.0, Max: 0.0, Diff: 0.0, Sum: 0.0]
      [GC Worker Other (ms): Min: 0.0, Avg: 0.0, Max: 0.0, Diff: 0.0, Sum: 0.1]
      [GC Worker Total (ms): Min: 9.2, Avg: 9.2, Max: 9.2, Diff: 0.0, Sum: 18.4]
      [GC Worker End (ms): Min: 115083.5, Avg: 115083.5, Max: 115083.5, Diff: 0.0]
   [Code Root Fixup: 0.0 ms]
   [Code Root Migration: 0.1 ms]
   [Clear CT: 0.2 ms]
   [Other: 0.8 ms]
      [Choose CSet: 0.0 ms]
      [Ref Proc: 0.4 ms]
      [Ref Enq: 0.0 ms]
      [Free CSet: 0.2 ms]
   [Eden: 129.0M(129.0M)->0.0B(134.0M) Survivors: 17.0M->14.0M Heap: 212.0M(256.0M)->79.9M(256.0M)]
 [Times: user=0.00 sys=0.00, real=0.01 secs] 
2014-07-10T11:38:04.444+0200: 115.224: [GC pause (G1 Evacuation Pause) (young) 115.224: [G1Ergonomics (CSet Construction) start choosing CSet, _pending_cards: 512, predicted base time: 1.38 ms, remaining time: 198.62 ms, target pause time: 200.00 ms]
 115.224: [G1Ergonomics (CSet Construction) add young regions to CSet, eden: 134 regions, survivors: 14 regions, predicted young region time: 92.24 ms]
 115.224: [G1Ergonomics (CSet Construction) finish choosing CSet, eden: 134 regions, survivors: 14 regions, old: 0 regions, predicted pause time: 93.62 ms, target pause time: 200.00 ms]
, 0.0117962 secs]
   [Parallel Time: 11.0 ms, GC Workers: 2]
      [GC Worker Start (ms): Min: 115223.9, Avg: 115224.1, Max: 115224.3, Diff: 0.4]
      [Ext Root Scanning (ms): Min: 0.1, Avg: 0.3, Max: 0.5, Diff: 0.4, Sum: 0.6]
      [Update RS (ms): Min: 0.0, Avg: 0.0, Max: 0.0, Diff: 0.0, Sum: 0.1]
         [Processed Buffers: Min: 1, Avg: 1.5, Max: 2, Diff: 1, Sum: 3]
      [Scan RS (ms): Min: 0.2, Avg: 0.3, Max: 0.3, Diff: 0.0, Sum: 0.5]
      [Code Root Scanning (ms): Min: 0.1, Avg: 0.1, Max: 0.1, Diff: 0.0, Sum: 0.2]
      [Object Copy (ms): Min: 10.0, Avg: 10.0, Max: 10.1, Diff: 0.0, Sum: 20.1]
      [Termination (ms): Min: 0.0, Avg: 0.0, Max: 0.0, Diff: 0.0, Sum: 0.0]
      [GC Worker Other (ms): Min: 0.0, Avg: 0.0, Max: 0.0, Diff: 0.0, Sum: 0.1]
      [GC Worker Total (ms): Min: 10.6, Avg: 10.8, Max: 11.0, Diff: 0.4, Sum: 21.5]
      [GC Worker End (ms): Min: 115234.8, Avg: 115234.8, Max: 115234.8, Diff: 0.0]
   [Code Root Fixup: 0.0 ms]
   [Code Root Migration: 0.1 ms]
   [Clear CT: 0.1 ms]
   [Other: 0.6 ms]
      [Choose CSet: 0.0 ms]
      [Ref Proc: 0.2 ms]
      [Ref Enq: 0.0 ms]
      [Free CSet: 0.2 ms]
   [Eden: 134.0M(134.0M)->0.0B(133.0M) Survivors: 14.0M->15.0M Heap: 213.9M(256.0M)->81.8M(256.0M)]
 [Times: user=0.03 sys=0.00, real=0.01 secs] 
2014-07-10T11:38:04.591+0200: 115.371: [GC pause (G1 Evacuation Pause) (young) 115.371: [G1Ergonomics (CSet Construction) start choosing CSet, _pending_cards: 258, predicted base time: 1.32 ms, remaining time: 198.68 ms, target pause time: 200.00 ms]
 115.371: [G1Ergonomics (CSet Construction) add young regions to CSet, eden: 133 regions, survivors: 15 regions, predicted young region time: 12.74 ms]
 115.371: [G1Ergonomics (CSet Construction) finish choosing CSet, eden: 133 regions, survivors: 15 regions, old: 0 regions, predicted pause time: 14.06 ms, target pause time: 200.00 ms]
, 0.0031962 secs]
   [Parallel Time: 2.6 ms, GC Workers: 2]
      [GC Worker Start (ms): Min: 115370.7, Avg: 115370.7, Max: 115370.7, Diff: 0.0]
      [Ext Root Scanning (ms): Min: 0.2, Avg: 0.2, Max: 0.2, Diff: 0.0, Sum: 0.5]
      [Update RS (ms): Min: 0.0, Avg: 0.0, Max: 0.0, Diff: 0.0, Sum: 0.1]
         [Processed Buffers: Min: 1, Avg: 1.5, Max: 2, Diff: 1, Sum: 3]
      [Scan RS (ms): Min: 0.2, Avg: 0.2, Max: 0.2, Diff: 0.0, Sum: 0.4]
      [Code Root Scanning (ms): Min: 0.1, Avg: 0.1, Max: 0.1, Diff: 0.0, Sum: 0.2]
      [Object Copy (ms): Min: 1.9, Avg: 1.9, Max: 1.9, Diff: 0.0, Sum: 3.8]
      [Termination (ms): Min: 0.0, Avg: 0.0, Max: 0.0, Diff: 0.0, Sum: 0.0]
      [GC Worker Other (ms): Min: 0.0, Avg: 0.0, Max: 0.0, Diff: 0.0, Sum: 0.1]
      [GC Worker Total (ms): Min: 2.5, Avg: 2.5, Max: 2.5, Diff: 0.0, Sum: 5.1]
      [GC Worker End (ms): Min: 115373.3, Avg: 115373.3, Max: 115373.3, Diff: 0.0]
   [Code Root Fixup: 0.0 ms]
   [Code Root Migration: 0.0 ms]
   [Clear CT: 0.2 ms]
   [Other: 0.4 ms]
      [Choose CSet: 0.0 ms]
      [Ref Proc: 0.1 ms]
      [Ref Enq: 0.0 ms]
      [Free CSet: 0.2 ms]
   [Eden: 133.0M(133.0M)->0.0B(146.0M) Survivors: 15.0M->4096.0K Heap: 214.8M(256.0M)->70.5M(256.0M)]
 [Times: user=0.00 sys=0.00, real=0.00 secs] 
2014-07-10T11:38:04.697+0200: 115.477: [GC pause (G1 Evacuation Pause) (young) 115.477: [G1Ergonomics (CSet Construction) start choosing CSet, _pending_cards: 512, predicted base time: 1.24 ms, remaining time: 198.76 ms, target pause time: 200.00 ms]
 115.477: [G1Ergonomics (CSet Construction) add young regions to CSet, eden: 146 regions, survivors: 4 regions, predicted young region time: 94.01 ms]
 115.477: [G1Ergonomics (CSet Construction) finish choosing CSet, eden: 146 regions, survivors: 4 regions, old: 0 regions, predicted pause time: 95.25 ms, target pause time: 200.00 ms]
, 0.0129375 secs]
   [Parallel Time: 12.0 ms, GC Workers: 2]
      [GC Worker Start (ms): Min: 115477.0, Avg: 115477.0, Max: 115477.0, Diff: 0.0]
      [Ext Root Scanning (ms): Min: 0.3, Avg: 0.3, Max: 0.3, Diff: 0.0, Sum: 0.6]
      [Update RS (ms): Min: 0.0, Avg: 0.0, Max: 0.1, Diff: 0.0, Sum: 0.1]
         [Processed Buffers: Min: 1, Avg: 1.5, Max: 2, Diff: 1, Sum: 3]
      [Scan RS (ms): Min: 0.2, Avg: 0.2, Max: 0.2, Diff: 0.0, Sum: 0.4]
      [Code Root Scanning (ms): Min: 0.1, Avg: 0.1, Max: 0.1, Diff: 0.0, Sum: 0.2]
      [Object Copy (ms): Min: 11.3, Avg: 11.3, Max: 11.3, Diff: 0.0, Sum: 22.5]
      [Termination (ms): Min: 0.0, Avg: 0.0, Max: 0.0, Diff: 0.0, Sum: 0.0]
      [GC Worker Other (ms): Min: 0.0, Avg: 0.0, Max: 0.0, Diff: 0.0, Sum: 0.1]
      [GC Worker Total (ms): Min: 12.0, Avg: 12.0, Max: 12.0, Diff: 0.0, Sum: 24.0]
      [GC Worker End (ms): Min: 115488.9, Avg: 115488.9, Max: 115488.9, Diff: 0.0]
   [Code Root Fixup: 0.0 ms]
   [Code Root Migration: 0.2 ms]
   [Clear CT: 0.1 ms]
   [Other: 0.6 ms]
      [Choose CSet: 0.0 ms]
      [Ref Proc: 0.2 ms]
      [Ref Enq: 0.0 ms]
      [Free CSet: 0.2 ms]
   [Eden: 146.0M(146.0M)->0.0B(127.0M) Survivors: 4096.0K->18.0M Heap: 216.5M(256.0M)->84.4M(256.0M)]
 [Times: user=0.00 sys=0.00, real=0.01 secs] 
2014-07-10T11:38:04.826+0200: 115.606: [GC pause (G1 Evacuation Pause) (young) 115.606: [G1Ergonomics (CSet Construction) start choosing CSet, _pending_cards: 512, predicted base time: 1.24 ms, remaining time: 198.76 ms, target pause time: 200.00 ms]
 115.606: [G1Ergonomics (CSet Construction) add young regions to CSet, eden: 127 regions, survivors: 18 regions, predicted young region time: 81.97 ms]
 115.606: [G1Ergonomics (CSet Construction) finish choosing CSet, eden: 127 regions, survivors: 18 regions, old: 0 regions, predicted pause time: 83.20 ms, target pause time: 200.00 ms]
, 0.0092474 secs]
   [Parallel Time: 8.7 ms, GC Workers: 2]
      [GC Worker Start (ms): Min: 115605.6, Avg: 115605.6, Max: 115605.6, Diff: 0.0]
      [Ext Root Scanning (ms): Min: 0.3, Avg: 0.3, Max: 0.3, Diff: 0.0, Sum: 0.7]
      [Update RS (ms): Min: 0.0, Avg: 0.0, Max: 0.1, Diff: 0.0, Sum: 0.1]
         [Processed Buffers: Min: 1, Avg: 1.5, Max: 2, Diff: 1, Sum: 3]
      [Scan RS (ms): Min: 0.2, Avg: 0.2, Max: 0.3, Diff: 0.0, Sum: 0.5]
      [Code Root Scanning (ms): Min: 0.1, Avg: 0.1, Max: 0.1, Diff: 0.0, Sum: 0.2]
      [Object Copy (ms): Min: 7.8, Avg: 7.8, Max: 7.9, Diff: 0.1, Sum: 15.7]
      [Termination (ms): Min: 0.0, Avg: 0.1, Max: 0.1, Diff: 0.1, Sum: 0.1]
      [GC Worker Other (ms): Min: 0.0, Avg: 0.0, Max: 0.0, Diff: 0.0, Sum: 0.1]
      [GC Worker Total (ms): Min: 8.6, Avg: 8.7, Max: 8.7, Diff: 0.0, Sum: 17.3]
      [GC Worker End (ms): Min: 115614.3, Avg: 115614.3, Max: 115614.3, Diff: 0.0]
   [Code Root Fixup: 0.0 ms]
   [Code Root Migration: 0.0 ms]
   [Clear CT: 0.1 ms]
   [Other: 0.4 ms]
      [Choose CSet: 0.0 ms]
      [Ref Proc: 0.1 ms]
      [Ref Enq: 0.0 ms]
      [Free CSet: 0.2 ms]
   [Eden: 127.0M(127.0M)->0.0B(135.0M) Survivors: 18.0M->13.0M Heap: 211.4M(256.0M)->79.3M(256.0M)]
 [Times: user=0.00 sys=0.00, real=0.01 secs] 
2014-07-10T11:38:04.991+0200: 115.771: [GC pause (G1 Evacuation Pause) (young) 115.771: [G1Ergonomics (CSet Construction) start choosing CSet, _pending_cards: 513, predicted base time: 1.15 ms, remaining time: 198.85 ms, target pause time: 200.00 ms]
 115.771: [G1Ergonomics (CSet Construction) add young regions to CSet, eden: 135 regions, survivors: 13 regions, predicted young region time: 81.08 ms]
 115.771: [G1Ergonomics (CSet Construction) finish choosing CSet, eden: 135 regions, survivors: 13 regions, old: 0 regions, predicted pause time: 82.23 ms, target pause time: 200.00 ms]
, 0.0053014 secs]
   [Parallel Time: 4.1 ms, GC Workers: 2]
      [GC Worker Start (ms): Min: 115771.2, Avg: 115771.2, Max: 115771.2, Diff: 0.0]
      [Ext Root Scanning (ms): Min: 0.5, Avg: 0.5, Max: 0.5, Diff: 0.0, Sum: 0.9]
      [Update RS (ms): Min: 0.1, Avg: 0.1, Max: 0.1, Diff: 0.0, Sum: 0.2]
         [Processed Buffers: Min: 2, Avg: 2.0, Max: 2, Diff: 0, Sum: 4]
      [Scan RS (ms): Min: 0.5, Avg: 1.0, Max: 1.6, Diff: 1.1, Sum: 2.1]
      [Code Root Scanning (ms): Min: 0.1, Avg: 0.1, Max: 0.2, Diff: 0.1, Sum: 0.3]
      [Object Copy (ms): Min: 1.8, Avg: 2.3, Max: 2.8, Diff: 1.0, Sum: 4.6]
      [Termination (ms): Min: 0.0, Avg: 0.0, Max: 0.1, Diff: 0.1, Sum: 0.1]
      [GC Worker Other (ms): Min: 0.0, Avg: 0.1, Max: 0.1, Diff: 0.0, Sum: 0.1]
      [GC Worker Total (ms): Min: 4.1, Avg: 4.1, Max: 4.1, Diff: 0.0, Sum: 8.2]
      [GC Worker End (ms): Min: 115775.3, Avg: 115775.3, Max: 115775.3, Diff: 0.0]
   [Code Root Fixup: 0.0 ms]
   [Code Root Migration: 0.1 ms]
   [Clear CT: 0.2 ms]
   [Other: 0.9 ms]
      [Choose CSet: 0.1 ms]
      [Ref Proc: 0.1 ms]
      [Ref Enq: 0.0 ms]
      [Free CSet: 0.5 ms]
   [Eden: 135.0M(135.0M)->0.0B(146.0M) Survivors: 13.0M->4096.0K Heap: 214.3M(256.0M)->70.1M(256.0M)]
 [Times: user=0.00 sys=0.02, real=0.01 secs] 
2014-07-10T11:38:05.097+0200: 115.877: [GC pause (G1 Evacuation Pause) (young) 115.877: [G1Ergonomics (CSet Construction) start choosing CSet, _pending_cards: 512, predicted base time: 1.23 ms, remaining time: 198.77 ms, target pause time: 200.00 ms]
 115.877: [G1Ergonomics (CSet Construction) add young regions to CSet, eden: 146 regions, survivors: 4 regions, predicted young region time: 96.97 ms]
 115.877: [G1Ergonomics (CSet Construction) finish choosing CSet, eden: 146 regions, survivors: 4 regions, old: 0 regions, predicted pause time: 98.20 ms, target pause time: 200.00 ms]
, 0.0123201 secs]
   [Parallel Time: 11.7 ms, GC Workers: 2]
      [GC Worker Start (ms): Min: 115877.0, Avg: 115877.0, Max: 115877.0, Diff: 0.0]
      [Ext Root Scanning (ms): Min: 0.3, Avg: 0.3, Max: 0.3, Diff: 0.0, Sum: 0.7]
      [Update RS (ms): Min: 0.0, Avg: 0.0, Max: 0.0, Diff: 0.0, Sum: 0.1]
         [Processed Buffers: Min: 1, Avg: 1.5, Max: 2, Diff: 1, Sum: 3]
      [Scan RS (ms): Min: 0.2, Avg: 0.2, Max: 0.2, Diff: 0.0, Sum: 0.4]
      [Code Root Scanning (ms): Min: 0.1, Avg: 0.1, Max: 0.1, Diff: 0.0, Sum: 0.2]
      [Object Copy (ms): Min: 10.9, Avg: 10.9, Max: 10.9, Diff: 0.0, Sum: 21.8]
      [Termination (ms): Min: 0.0, Avg: 0.0, Max: 0.0, Diff: 0.0, Sum: 0.0]
      [GC Worker Other (ms): Min: 0.0, Avg: 0.0, Max: 0.0, Diff: 0.0, Sum: 0.1]
      [GC Worker Total (ms): Min: 11.6, Avg: 11.6, Max: 11.6, Diff: 0.0, Sum: 23.2]
      [GC Worker End (ms): Min: 115888.7, Avg: 115888.7, Max: 115888.7, Diff: 0.0]
   [Code Root Fixup: 0.0 ms]
   [Code Root Migration: 0.0 ms]
   [Clear CT: 0.1 ms]
   [Other: 0.5 ms]
      [Choose CSet: 0.0 ms]
      [Ref Proc: 0.1 ms]
      [Ref Enq: 0.0 ms]
      [Free CSet: 0.2 ms]
   [Eden: 146.0M(146.0M)->0.0B(127.0M) Survivors: 4096.0K->18.0M Heap: 216.1M(256.0M)->84.0M(256.0M)]
 [Times: user=0.03 sys=0.00, real=0.01 secs] 
2014-07-10T11:38:05.245+0200: 116.024: [GC pause (G1 Evacuation Pause) (young) 116.024: [G1Ergonomics (CSet Construction) start choosing CSet, _pending_cards: 512, predicted base time: 1.16 ms, remaining time: 198.84 ms, target pause time: 200.00 ms]
 116.024: [G1Ergonomics (CSet Construction) add young regions to CSet, eden: 127 regions, survivors: 18 regions, predicted young region time: 60.84 ms]
 116.024: [G1Ergonomics (CSet Construction) finish choosing CSet, eden: 127 regions, survivors: 18 regions, old: 0 regions, predicted pause time: 62.00 ms, target pause time: 200.00 ms]
, 0.0098076 secs]
   [Parallel Time: 9.0 ms, GC Workers: 2]
      [GC Worker Start (ms): Min: 116024.5, Avg: 116024.5, Max: 116024.5, Diff: 0.0]
      [Ext Root Scanning (ms): Min: 0.4, Avg: 0.4, Max: 0.4, Diff: 0.0, Sum: 0.7]
      [Update RS (ms): Min: 0.0, Avg: 0.0, Max: 0.0, Diff: 0.0, Sum: 0.1]
         [Processed Buffers: Min: 1, Avg: 1.5, Max: 2, Diff: 1, Sum: 3]
      [Scan RS (ms): Min: 0.3, Avg: 0.3, Max: 0.3, Diff: 0.0, Sum: 0.6]
      [Code Root Scanning (ms): Min: 0.1, Avg: 0.1, Max: 0.1, Diff: 0.0, Sum: 0.2]
      [Object Copy (ms): Min: 8.1, Avg: 8.2, Max: 8.2, Diff: 0.0, Sum: 16.3]
      [Termination (ms): Min: 0.0, Avg: 0.0, Max: 0.0, Diff: 0.0, Sum: 0.0]
      [GC Worker Other (ms): Min: 0.0, Avg: 0.0, Max: 0.0, Diff: 0.0, Sum: 0.1]
      [GC Worker Total (ms): Min: 9.0, Avg: 9.0, Max: 9.0, Diff: 0.0, Sum: 18.0]
      [GC Worker End (ms): Min: 116033.5, Avg: 116033.5, Max: 116033.5, Diff: 0.0]
   [Code Root Fixup: 0.0 ms]
   [Code Root Migration: 0.1 ms]
   [Clear CT: 0.1 ms]
   [Other: 0.6 ms]
      [Choose CSet: 0.0 ms]
      [Ref Proc: 0.1 ms]
      [Ref Enq: 0.0 ms]
      [Free CSet: 0.3 ms]
   [Eden: 127.0M(127.0M)->0.0B(136.0M) Survivors: 18.0M->12.0M Heap: 211.0M(256.0M)->78.9M(256.0M)]
 [Times: user=0.00 sys=0.00, real=0.01 secs] 
2014-07-10T11:38:05.402+0200: 116.182: [GC pause (G1 Evacuation Pause) (young) 116.182: [G1Ergonomics (CSet Construction) start choosing CSet, _pending_cards: 512, predicted base time: 1.11 ms, remaining time: 198.89 ms, target pause time: 200.00 ms]
 116.182: [G1Ergonomics (CSet Construction) add young regions to CSet, eden: 136 regions, survivors: 12 regions, predicted young region time: 90.27 ms]
 116.182: [G1Ergonomics (CSet Construction) finish choosing CSet, eden: 136 regions, survivors: 12 regions, old: 0 regions, predicted pause time: 91.37 ms, target pause time: 200.00 ms]
, 0.0147985 secs]
   [Parallel Time: 13.9 ms, GC Workers: 2]
      [GC Worker Start (ms): Min: 116181.7, Avg: 116181.7, Max: 116181.8, Diff: 0.0]
      [Ext Root Scanning (ms): Min: 0.6, Avg: 0.6, Max: 0.7, Diff: 0.0, Sum: 1.3]
      [Update RS (ms): Min: 0.1, Avg: 0.1, Max: 0.1, Diff: 0.0, Sum: 0.1]
         [Processed Buffers: Min: 1, Avg: 1.5, Max: 2, Diff: 1, Sum: 3]
      [Scan RS (ms): Min: 0.7, Avg: 0.7, Max: 0.7, Diff: 0.0, Sum: 1.4]
      [Code Root Scanning (ms): Min: 0.1, Avg: 0.2, Max: 0.2, Diff: 0.0, Sum: 0.3]
      [Object Copy (ms): Min: 12.2, Avg: 12.2, Max: 12.2, Diff: 0.0, Sum: 24.4]
      [Termination (ms): Min: 0.0, Avg: 0.0, Max: 0.0, Diff: 0.0, Sum: 0.0]
      [GC Worker Other (ms): Min: 0.0, Avg: 0.0, Max: 0.0, Diff: 0.0, Sum: 0.1]
      [GC Worker Total (ms): Min: 13.8, Avg: 13.8, Max: 13.8, Diff: 0.0, Sum: 27.7]
      [GC Worker End (ms): Min: 116195.6, Avg: 116195.6, Max: 116195.6, Diff: 0.0]
   [Code Root Fixup: 0.0 ms]
   [Code Root Migration: 0.1 ms]
   [Clear CT: 0.1 ms]
   [Other: 0.7 ms]
      [Choose CSet: 0.1 ms]
      [Ref Proc: 0.1 ms]
      [Ref Enq: 0.0 ms]
      [Free CSet: 0.3 ms]
   [Eden: 136.0M(136.0M)->0.0B(131.0M) Survivors: 12.0M->16.0M Heap: 214.9M(256.0M)->82.8M(256.0M)]
 [Times: user=0.03 sys=0.00, real=0.02 secs] 
2014-07-10T11:38:05.490+0200: 116.270: [GC pause (G1 Evacuation Pause) (young) 116.270: [G1Ergonomics (CSet Construction) start choosing CSet, _pending_cards: 259, predicted base time: 1.23 ms, remaining time: 198.77 ms, target pause time: 200.00 ms]
 116.270: [G1Ergonomics (CSet Construction) add young regions to CSet, eden: 131 regions, survivors: 16 regions, predicted young region time: 62.25 ms]
 116.270: [G1Ergonomics (CSet Construction) finish choosing CSet, eden: 131 regions, survivors: 16 regions, old: 0 regions, predicted pause time: 63.48 ms, target pause time: 200.00 ms]
, 0.0015534 secs]
   [Parallel Time: 1.1 ms, GC Workers: 2]
      [GC Worker Start (ms): Min: 116270.0, Avg: 116270.0, Max: 116270.0, Diff: 0.0]
      [Ext Root Scanning (ms): Min: 0.2, Avg: 0.2, Max: 0.2, Diff: 0.0, Sum: 0.4]
      [Update RS (ms): Min: 0.0, Avg: 0.0, Max: 0.1, Diff: 0.0, Sum: 0.1]
         [Processed Buffers: Min: 1, Avg: 1.5, Max: 2, Diff: 1, Sum: 3]
      [Scan RS (ms): Min: 0.2, Avg: 0.2, Max: 0.2, Diff: 0.0, Sum: 0.4]
      [Code Root Scanning (ms): Min: 0.1, Avg: 0.1, Max: 0.1, Diff: 0.0, Sum: 0.2]
      [Object Copy (ms): Min: 0.5, Avg: 0.5, Max: 0.5, Diff: 0.0, Sum: 1.0]
      [Termination (ms): Min: 0.0, Avg: 0.0, Max: 0.0, Diff: 0.0, Sum: 0.0]
      [GC Worker Other (ms): Min: 0.0, Avg: 0.0, Max: 0.0, Diff: 0.0, Sum: 0.0]
      [GC Worker Total (ms): Min: 1.1, Avg: 1.1, Max: 1.1, Diff: 0.0, Sum: 2.2]
      [GC Worker End (ms): Min: 116271.1, Avg: 116271.1, Max: 116271.1, Diff: 0.0]
   [Code Root Fixup: 0.0 ms]
   [Code Root Migration: 0.0 ms]
   [Clear CT: 0.1 ms]
   [Other: 0.3 ms]
      [Choose CSet: 0.0 ms]
      [Ref Proc: 0.0 ms]
      [Ref Enq: 0.0 ms]
      [Free CSet: 0.2 ms]
   [Eden: 131.0M(131.0M)->0.0B(148.0M) Survivors: 16.0M->2048.0K Heap: 213.8M(256.0M)->68.6M(256.0M)]
 [Times: user=0.03 sys=0.00, real=0.00 secs] 
2014-07-10T11:38:05.639+0200: 116.419: [GC pause (G1 Evacuation Pause) (young) 116.419: [G1Ergonomics (CSet Construction) start choosing CSet, _pending_cards: 512, predicted base time: 1.14 ms, remaining time: 198.86 ms, target pause time: 200.00 ms]
 116.419: [G1Ergonomics (CSet Construction) add young regions to CSet, eden: 148 regions, survivors: 2 regions, predicted young region time: 94.52 ms]
 116.419: [G1Ergonomics (CSet Construction) finish choosing CSet, eden: 148 regions, survivors: 2 regions, old: 0 regions, predicted pause time: 95.66 ms, target pause time: 200.00 ms]
, 0.0139310 secs]
   [Parallel Time: 11.2 ms, GC Workers: 2]
      [GC Worker Start (ms): Min: 116419.0, Avg: 116421.7, Max: 116424.4, Diff: 5.3]
      [Ext Root Scanning (ms): Min: 0.0, Avg: 0.1, Max: 0.3, Diff: 0.3, Sum: 0.3]
      [Update RS (ms): Min: 0.0, Avg: 0.0, Max: 0.1, Diff: 0.1, Sum: 0.1]
         [Processed Buffers: Min: 0, Avg: 1.5, Max: 3, Diff: 3, Sum: 3]
      [Scan RS (ms): Min: 0.0, Avg: 0.2, Max: 0.3, Diff: 0.3, Sum: 0.4]
      [Code Root Scanning (ms): Min: 0.0, Avg: 0.1, Max: 0.2, Diff: 0.2, Sum: 0.2]
      [Object Copy (ms): Min: 5.8, Avg: 8.1, Max: 10.3, Diff: 4.5, Sum: 16.1]
      [Termination (ms): Min: 0.0, Avg: 0.0, Max: 0.0, Diff: 0.0, Sum: 0.0]
      [GC Worker Other (ms): Min: 0.0, Avg: 0.0, Max: 0.0, Diff: 0.0, Sum: 0.1]
      [GC Worker Total (ms): Min: 5.9, Avg: 8.5, Max: 11.2, Diff: 5.3, Sum: 17.1]
      [GC Worker End (ms): Min: 116430.2, Avg: 116430.2, Max: 116430.2, Diff: 0.0]
   [Code Root Fixup: 0.0 ms]
   [Code Root Migration: 0.0 ms]
   [Clear CT: 0.6 ms]
   [Other: 2.1 ms]
      [Choose CSet: 0.0 ms]
      [Ref Proc: 1.8 ms]
      [Ref Enq: 0.0 ms]
      [Free CSet: 0.2 ms]
   [Eden: 148.0M(148.0M)->0.0B(127.0M) Survivors: 2048.0K->18.0M Heap: 216.6M(256.0M)->84.5M(256.0M)]
 [Times: user=0.03 sys=0.00, real=0.01 secs] 
2014-07-10T11:38:05.799+0200: 116.579: [GC pause (G1 Evacuation Pause) (young) 116.579: [G1Ergonomics (CSet Construction) start choosing CSet, _pending_cards: 256, predicted base time: 3.17 ms, remaining time: 196.83 ms, target pause time: 200.00 ms]
 116.579: [G1Ergonomics (CSet Construction) add young regions to CSet, eden: 127 regions, survivors: 18 regions, predicted young region time: 16.36 ms]
 116.579: [G1Ergonomics (CSet Construction) finish choosing CSet, eden: 127 regions, survivors: 18 regions, old: 0 regions, predicted pause time: 19.52 ms, target pause time: 200.00 ms]
, 0.0162928 secs]
   [Parallel Time: 15.0 ms, GC Workers: 2]
      [GC Worker Start (ms): Min: 116579.3, Avg: 116579.3, Max: 116579.3, Diff: 0.0]
      [Ext Root Scanning (ms): Min: 0.6, Avg: 0.6, Max: 0.6, Diff: 0.0, Sum: 1.2]
      [Update RS (ms): Min: 0.0, Avg: 0.1, Max: 0.2, Diff: 0.1, Sum: 0.2]
         [Processed Buffers: Min: 1, Avg: 1.0, Max: 1, Diff: 0, Sum: 2]
      [Scan RS (ms): Min: 0.4, Avg: 0.4, Max: 0.5, Diff: 0.1, Sum: 0.9]
      [Code Root Scanning (ms): Min: 0.1, Avg: 0.1, Max: 0.2, Diff: 0.0, Sum: 0.3]
      [Object Copy (ms): Min: 13.6, Avg: 13.6, Max: 13.6, Diff: 0.0, Sum: 27.1]
      [Termination (ms): Min: 0.0, Avg: 0.0, Max: 0.0, Diff: 0.0, Sum: 0.0]
      [GC Worker Other (ms): Min: 0.0, Avg: 0.0, Max: 0.1, Diff: 0.0, Sum: 0.1]
      [GC Worker Total (ms): Min: 14.9, Avg: 14.9, Max: 14.9, Diff: 0.0, Sum: 29.8]
      [GC Worker End (ms): Min: 116594.2, Avg: 116594.2, Max: 116594.2, Diff: 0.0]
   [Code Root Fixup: 0.0 ms]
   [Code Root Migration: 0.1 ms]
   [Clear CT: 0.3 ms]
   [Other: 0.9 ms]
      [Choose CSet: 0.1 ms]
      [Ref Proc: 0.1 ms]
      [Ref Enq: 0.0 ms]
      [Free CSet: 0.4 ms]
   [Eden: 127.0M(127.0M)->0.0B(134.0M) Survivors: 18.0M->13.0M Heap: 211.5M(256.0M)->79.4M(256.0M)]
 [Times: user=0.03 sys=0.00, real=0.02 secs] 
2014-07-10T11:38:05.898+0200: 116.678: [GC pause (G1 Evacuation Pause) (young) 116.678: [G1Ergonomics (CSet Construction) start choosing CSet, _pending_cards: 256, predicted base time: 2.86 ms, remaining time: 197.14 ms, target pause time: 200.00 ms]
 116.678: [G1Ergonomics (CSet Construction) add young regions to CSet, eden: 134 regions, survivors: 13 regions, predicted young region time: 108.49 ms]
 116.678: [G1Ergonomics (CSet Construction) finish choosing CSet, eden: 134 regions, survivors: 13 regions, old: 0 regions, predicted pause time: 111.35 ms, target pause time: 200.00 ms]
, 0.0054070 secs]
   [Parallel Time: 4.8 ms, GC Workers: 2]
      [GC Worker Start (ms): Min: 116677.7, Avg: 116677.7, Max: 116677.7, Diff: 0.0]
      [Ext Root Scanning (ms): Min: 0.3, Avg: 0.3, Max: 0.3, Diff: 0.0, Sum: 0.7]
      [Update RS (ms): Min: 0.0, Avg: 0.1, Max: 0.1, Diff: 0.1, Sum: 0.1]
         [Processed Buffers: Min: 1, Avg: 1.0, Max: 1, Diff: 0, Sum: 2]
      [Scan RS (ms): Min: 0.2, Avg: 0.2, Max: 0.3, Diff: 0.1, Sum: 0.5]
      [Code Root Scanning (ms): Min: 0.1, Avg: 0.1, Max: 0.1, Diff: 0.0, Sum: 0.2]
      [Object Copy (ms): Min: 4.0, Avg: 4.0, Max: 4.0, Diff: 0.0, Sum: 7.9]
      [Termination (ms): Min: 0.0, Avg: 0.0, Max: 0.0, Diff: 0.0, Sum: 0.0]
      [GC Worker Other (ms): Min: 0.0, Avg: 0.0, Max: 0.0, Diff: 0.0, Sum: 0.1]
      [GC Worker Total (ms): Min: 4.7, Avg: 4.7, Max: 4.7, Diff: 0.0, Sum: 9.5]
      [GC Worker End (ms): Min: 116682.5, Avg: 116682.5, Max: 116682.5, Diff: 0.0]
   [Code Root Fixup: 0.0 ms]
   [Code Root Migration: 0.0 ms]
   [Clear CT: 0.1 ms]
   [Other: 0.5 ms]
      [Choose CSet: 0.0 ms]
      [Ref Proc: 0.1 ms]
      [Ref Enq: 0.0 ms]
      [Free CSet: 0.3 ms]
   [Eden: 134.0M(134.0M)->0.0B(142.0M) Survivors: 13.0M->7168.0K Heap: 213.4M(256.0M)->73.2M(256.0M)]
 [Times: user=0.00 sys=0.00, real=0.01 secs] 
2014-07-10T11:38:06.052+0200: 116.832: [GC pause (G1 Evacuation Pause) (young) 116.832: [G1Ergonomics (CSet Construction) start choosing CSet, _pending_cards: 256, predicted base time: 2.40 ms, remaining time: 197.60 ms, target pause time: 200.00 ms]
 116.832: [G1Ergonomics (CSet Construction) add young regions to CSet, eden: 142 regions, survivors: 7 regions, predicted young region time: 18.91 ms]
 116.832: [G1Ergonomics (CSet Construction) finish choosing CSet, eden: 142 regions, survivors: 7 regions, old: 0 regions, predicted pause time: 21.31 ms, target pause time: 200.00 ms]
, 0.0122306 secs]
   [Parallel Time: 11.4 ms, GC Workers: 2]
      [GC Worker Start (ms): Min: 116831.9, Avg: 116831.9, Max: 116832.0, Diff: 0.0]
      [Ext Root Scanning (ms): Min: 0.3, Avg: 0.3, Max: 0.4, Diff: 0.0, Sum: 0.7]
      [Update RS (ms): Min: 0.0, Avg: 0.0, Max: 0.1, Diff: 0.0, Sum: 0.1]
         [Processed Buffers: Min: 1, Avg: 1.0, Max: 1, Diff: 0, Sum: 2]
      [Scan RS (ms): Min: 0.2, Avg: 0.3, Max: 0.3, Diff: 0.0, Sum: 0.5]
      [Code Root Scanning (ms): Min: 0.1, Avg: 0.1, Max: 0.1, Diff: 0.0, Sum: 0.2]
      [Object Copy (ms): Min: 10.5, Avg: 10.5, Max: 10.5, Diff: 0.0, Sum: 21.0]
      [Termination (ms): Min: 0.0, Avg: 0.0, Max: 0.0, Diff: 0.0, Sum: 0.0]
      [GC Worker Other (ms): Min: 0.0, Avg: 0.0, Max: 0.0, Diff: 0.0, Sum: 0.1]
      [GC Worker Total (ms): Min: 11.3, Avg: 11.3, Max: 11.3, Diff: 0.0, Sum: 22.6]
      [GC Worker End (ms): Min: 116843.3, Avg: 116843.3, Max: 116843.3, Diff: 0.0]
   [Code Root Fixup: 0.0 ms]
   [Code Root Migration: 0.1 ms]
   [Clear CT: 0.1 ms]
   [Other: 0.7 ms]
      [Choose CSet: 0.0 ms]
      [Ref Proc: 0.2 ms]
      [Ref Enq: 0.0 ms]
      [Free CSet: 0.3 ms]
   [Eden: 142.0M(142.0M)->0.0B(128.0M) Survivors: 7168.0K->17.0M Heap: 215.2M(256.0M)->83.1M(256.0M)]
 [Times: user=0.03 sys=0.00, real=0.01 secs] 
2014-07-10T11:38:06.195+0200: 116.975: [GC pause (G1 Evacuation Pause) (young) 116.975: [G1Ergonomics (CSet Construction) start choosing CSet, _pending_cards: 256, predicted base time: 2.11 ms, remaining time: 197.89 ms, target pause time: 200.00 ms]
 116.975: [G1Ergonomics (CSet Construction) add young regions to CSet, eden: 128 regions, survivors: 17 regions, predicted young region time: 95.55 ms]
 116.975: [G1Ergonomics (CSet Construction) finish choosing CSet, eden: 128 regions, survivors: 17 regions, old: 0 regions, predicted pause time: 97.66 ms, target pause time: 200.00 ms]
, 0.0095169 secs]
   [Parallel Time: 8.8 ms, GC Workers: 2]
      [GC Worker Start (ms): Min: 116974.9, Avg: 116974.9, Max: 116974.9, Diff: 0.0]
      [Ext Root Scanning (ms): Min: 0.3, Avg: 0.3, Max: 0.3, Diff: 0.0, Sum: 0.7]
      [Update RS (ms): Min: 0.0, Avg: 0.1, Max: 0.1, Diff: 0.1, Sum: 0.1]
         [Processed Buffers: Min: 1, Avg: 1.0, Max: 1, Diff: 0, Sum: 2]
      [Scan RS (ms): Min: 0.2, Avg: 0.3, Max: 0.3, Diff: 0.0, Sum: 0.5]
      [Code Root Scanning (ms): Min: 0.1, Avg: 0.1, Max: 0.1, Diff: 0.0, Sum: 0.2]
      [Object Copy (ms): Min: 7.8, Avg: 7.9, Max: 8.0, Diff: 0.1, Sum: 15.8]
      [Termination (ms): Min: 0.0, Avg: 0.1, Max: 0.1, Diff: 0.1, Sum: 0.1]
      [GC Worker Other (ms): Min: 0.0, Avg: 0.0, Max: 0.0, Diff: 0.0, Sum: 0.1]
      [GC Worker Total (ms): Min: 8.7, Avg: 8.7, Max: 8.7, Diff: 0.0, Sum: 17.5]
      [GC Worker End (ms): Min: 116983.6, Avg: 116983.6, Max: 116983.6, Diff: 0.0]
   [Code Root Fixup: 0.0 ms]
   [Code Root Migration: 0.1 ms]
   [Clear CT: 0.1 ms]
   [Other: 0.6 ms]
      [Choose CSet: 0.0 ms]
      [Ref Proc: 0.1 ms]
      [Ref Enq: 0.0 ms]
      [Free CSet: 0.3 ms]
   [Eden: 128.0M(128.0M)->0.0B(136.0M) Survivors: 17.0M->12.0M Heap: 211.1M(256.0M)->79.0M(256.0M)]
 [Times: user=0.00 sys=0.00, real=0.01 secs] 
2014-07-10T11:38:06.296+0200: 117.076: [GC pause (G1 Evacuation Pause) (young) 117.076: [G1Ergonomics (CSet Construction) start choosing CSet, _pending_cards: 256, predicted base time: 1.84 ms, remaining time: 198.16 ms, target pause time: 200.00 ms]
 117.076: [G1Ergonomics (CSet Construction) add young regions to CSet, eden: 136 regions, survivors: 12 regions, predicted young region time: 98.96 ms]
 117.076: [G1Ergonomics (CSet Construction) finish choosing CSet, eden: 136 regions, survivors: 12 regions, old: 0 regions, predicted pause time: 100.80 ms, target pause time: 200.00 ms]
, 0.0114794 secs]
   [Parallel Time: 10.9 ms, GC Workers: 2]
      [GC Worker Start (ms): Min: 117075.9, Avg: 117075.9, Max: 117075.9, Diff: 0.0]
      [Ext Root Scanning (ms): Min: 0.3, Avg: 0.3, Max: 0.3, Diff: 0.0, Sum: 0.7]
      [Update RS (ms): Min: 0.0, Avg: 0.0, Max: 0.1, Diff: 0.0, Sum: 0.1]
         [Processed Buffers: Min: 1, Avg: 1.0, Max: 1, Diff: 0, Sum: 2]
      [Scan RS (ms): Min: 0.2, Avg: 0.2, Max: 0.2, Diff: 0.0, Sum: 0.5]
      [Code Root Scanning (ms): Min: 0.1, Avg: 0.1, Max: 0.1, Diff: 0.0, Sum: 0.2]
      [Object Copy (ms): Min: 9.9, Avg: 9.9, Max: 10.0, Diff: 0.0, Sum: 19.9]
      [Termination (ms): Min: 0.0, Avg: 0.0, Max: 0.0, Diff: 0.0, Sum: 0.0]
      [GC Worker Other (ms): Min: 0.0, Avg: 0.0, Max: 0.0, Diff: 0.0, Sum: 0.1]
      [GC Worker Total (ms): Min: 10.7, Avg: 10.7, Max: 10.7, Diff: 0.0, Sum: 21.4]
      [GC Worker End (ms): Min: 117086.6, Avg: 117086.6, Max: 117086.6, Diff: 0.0]
   [Code Root Fixup: 0.0 ms]
   [Code Root Migration: 0.0 ms]
   [Clear CT: 0.1 ms]
   [Other: 0.5 ms]
      [Choose CSet: 0.0 ms]
      [Ref Proc: 0.1 ms]
      [Ref Enq: 0.0 ms]
      [Free CSet: 0.2 ms]
   [Eden: 136.0M(136.0M)->0.0B(130.0M) Survivors: 12.0M->16.0M Heap: 215.0M(256.0M)->82.9M(256.0M)]
 [Times: user=0.03 sys=0.00, real=0.01 secs] 
2014-07-10T11:38:06.440+0200: 117.220: [GC pause (G1 Evacuation Pause) (young) 117.220: [G1Ergonomics (CSet Construction) start choosing CSet, _pending_cards: 256, predicted base time: 1.66 ms, remaining time: 198.34 ms, target pause time: 200.00 ms]
 117.220: [G1Ergonomics (CSet Construction) add young regions to CSet, eden: 130 regions, survivors: 16 regions, predicted young region time: 66.30 ms]
 117.220: [G1Ergonomics (CSet Construction) finish choosing CSet, eden: 130 regions, survivors: 16 regions, old: 0 regions, predicted pause time: 67.96 ms, target pause time: 200.00 ms]
, 0.0116125 secs]
   [Parallel Time: 10.9 ms, GC Workers: 2]
      [GC Worker Start (ms): Min: 117219.6, Avg: 117219.6, Max: 117219.6, Diff: 0.0]
      [Ext Root Scanning (ms): Min: 0.3, Avg: 0.3, Max: 0.3, Diff: 0.0, Sum: 0.6]
      [Update RS (ms): Min: 0.0, Avg: 0.0, Max: 0.0, Diff: 0.0, Sum: 0.0]
         [Processed Buffers: Min: 1, Avg: 1.0, Max: 1, Diff: 0, Sum: 2]
      [Scan RS (ms): Min: 0.2, Avg: 0.2, Max: 0.2, Diff: 0.0, Sum: 0.5]
      [Code Root Scanning (ms): Min: 0.1, Avg: 0.1, Max: 0.1, Diff: 0.0, Sum: 0.2]
      [Object Copy (ms): Min: 8.5, Avg: 9.4, Max: 10.2, Diff: 1.7, Sum: 18.8]
      [Termination (ms): Min: 0.0, Avg: 0.9, Max: 1.7, Diff: 1.7, Sum: 1.7]
      [GC Worker Other (ms): Min: 0.0, Avg: 0.0, Max: 0.0, Diff: 0.0, Sum: 0.1]
      [GC Worker Total (ms): Min: 10.9, Avg: 10.9, Max: 10.9, Diff: 0.0, Sum: 21.8]
      [GC Worker End (ms): Min: 117230.5, Avg: 117230.5, Max: 117230.5, Diff: 0.0]
   [Code Root Fixup: 0.0 ms]
   [Code Root Migration: 0.0 ms]
   [Clear CT: 0.1 ms]
   [Other: 0.5 ms]
      [Choose CSet: 0.0 ms]
      [Ref Proc: 0.0 ms]
      [Ref Enq: 0.0 ms]
      [Free CSet: 0.3 ms]
   [Eden: 130.0M(130.0M)->0.0B(133.0M) Survivors: 16.0M->14.0M Heap: 212.9M(256.0M)->80.8M(256.0M)]
 [Times: user=0.03 sys=0.00, real=0.01 secs] 
2014-07-10T11:38:06.524+0200: 117.304: [GC pause (G1 Evacuation Pause) (young) 117.304: [G1Ergonomics (CSet Construction) start choosing CSet, _pending_cards: 259, predicted base time: 1.45 ms, remaining time: 198.55 ms, target pause time: 200.00 ms]
 117.304: [G1Ergonomics (CSet Construction) add young regions to CSet, eden: 133 regions, survivors: 14 regions, predicted young region time: 93.37 ms]
 117.304: [G1Ergonomics (CSet Construction) finish choosing CSet, eden: 133 regions, survivors: 14 regions, old: 0 regions, predicted pause time: 94.83 ms, target pause time: 200.00 ms]
 117.330: [G1Ergonomics (Heap Sizing) attempt heap expansion, reason: region allocation request failed, allocation request: 32784 bytes]
 117.330: [G1Ergonomics (Heap Sizing) expand the heap, requested expansion amount: 32784 bytes, attempted expansion amount: 1048576 bytes]
 117.330: [G1Ergonomics (Heap Sizing) did not expand the heap, reason: heap already fully expanded]
 (to-space exhausted), 0.0278053 secs]
   [Parallel Time: 27.1 ms, GC Workers: 2]
      [GC Worker Start (ms): Min: 117303.9, Avg: 117303.9, Max: 117303.9, Diff: 0.0]
      [Ext Root Scanning (ms): Min: 0.3, Avg: 0.3, Max: 0.3, Diff: 0.0, Sum: 0.7]
      [Update RS (ms): Min: 0.0, Avg: 0.1, Max: 0.1, Diff: 0.1, Sum: 0.1]
         [Processed Buffers: Min: 1, Avg: 1.5, Max: 2, Diff: 1, Sum: 3]
      [Scan RS (ms): Min: 0.2, Avg: 0.2, Max: 0.2, Diff: 0.0, Sum: 0.4]
      [Code Root Scanning (ms): Min: 0.1, Avg: 0.1, Max: 0.1, Diff: 0.0, Sum: 0.2]
      [Object Copy (ms): Min: 26.2, Avg: 26.2, Max: 26.2, Diff: 0.0, Sum: 52.4]
      [Termination (ms): Min: 0.0, Avg: 0.1, Max: 0.1, Diff: 0.1, Sum: 0.1]
      [GC Worker Other (ms): Min: 0.0, Avg: 0.0, Max: 0.0, Diff: 0.0, Sum: 0.0]
      [GC Worker Total (ms): Min: 27.0, Avg: 27.0, Max: 27.1, Diff: 0.1, Sum: 54.0]
      [GC Worker End (ms): Min: 117330.9, Avg: 117331.0, Max: 117331.0, Diff: 0.1]
   [Code Root Fixup: 0.0 ms]
   [Code Root Migration: 0.0 ms]
   [Clear CT: 0.1 ms]
   [Other: 0.6 ms]
      [Choose CSet: 0.0 ms]
      [Ref Proc: 0.1 ms]
      [Ref Enq: 0.0 ms]
      [Free CSet: 0.2 ms]
   [Eden: 133.0M(133.0M)->0.0B(64.0M) Survivors: 14.0M->19.0M Heap: 213.8M(256.0M)->134.0M(256.0M)]
 [Times: user=0.06 sys=0.00, real=0.03 secs] 
2014-07-10T11:38:06.624+0200: 117.404: [GC pause (G1 Evacuation Pause) (young) 117.404: [G1Ergonomics (CSet Construction) start choosing CSet, _pending_cards: 512, predicted base time: 1.49 ms, remaining time: 198.51 ms, target pause time: 200.00 ms]
 117.404: [G1Ergonomics (CSet Construction) add young regions to CSet, eden: 64 regions, survivors: 19 regions, predicted young region time: 40.32 ms]
 117.404: [G1Ergonomics (CSet Construction) finish choosing CSet, eden: 64 regions, survivors: 19 regions, old: 0 regions, predicted pause time: 41.81 ms, target pause time: 200.00 ms]
 117.440: [G1Ergonomics (Heap Sizing) attempt heap expansion, reason: region allocation request failed, allocation request: 32784 bytes]
 117.440: [G1Ergonomics (Heap Sizing) expand the heap, requested expansion amount: 32784 bytes, attempted expansion amount: 1048576 bytes]
 117.440: [G1Ergonomics (Heap Sizing) did not expand the heap, reason: heap already fully expanded]
 117.441: [G1Ergonomics (Concurrent Cycles) request concurrent cycle initiation, reason: occupancy higher than threshold, occupancy: 176160768 bytes, allocation request: 0 bytes, threshold: 120795930 bytes (45.00 %), source: end of GC]
 (to-space exhausted), 0.0366996 secs]
   [Parallel Time: 36.1 ms, GC Workers: 2]
      [GC Worker Start (ms): Min: 117404.2, Avg: 117404.2, Max: 117404.2, Diff: 0.0]
      [Ext Root Scanning (ms): Min: 0.3, Avg: 0.3, Max: 0.3, Diff: 0.0, Sum: 0.6]
      [Update RS (ms): Min: 0.1, Avg: 0.1, Max: 0.1, Diff: 0.0, Sum: 0.1]
         [Processed Buffers: Min: 1, Avg: 1.5, Max: 2, Diff: 1, Sum: 3]
      [Scan RS (ms): Min: 0.1, Avg: 0.1, Max: 0.1, Diff: 0.0, Sum: 0.2]
      [Code Root Scanning (ms): Min: 0.1, Avg: 0.1, Max: 0.1, Diff: 0.0, Sum: 0.1]
      [Object Copy (ms): Min: 35.4, Avg: 35.4, Max: 35.5, Diff: 0.0, Sum: 70.9]
      [Termination (ms): Min: 0.0, Avg: 0.0, Max: 0.0, Diff: 0.0, Sum: 0.0]
      [GC Worker Other (ms): Min: 0.0, Avg: 0.0, Max: 0.0, Diff: 0.0, Sum: 0.1]
      [GC Worker Total (ms): Min: 36.0, Avg: 36.0, Max: 36.0, Diff: 0.0, Sum: 72.1]
      [GC Worker End (ms): Min: 117440.2, Avg: 117440.2, Max: 117440.2, Diff: 0.0]
   [Code Root Fixup: 0.0 ms]
   [Code Root Migration: 0.1 ms]
   [Clear CT: 0.1 ms]
   [Other: 0.5 ms]
      [Choose CSet: 0.0 ms]
      [Ref Proc: 0.1 ms]
      [Ref Enq: 0.0 ms]
      [Free CSet: 0.1 ms]
   [Eden: 64.0M(64.0M)->0.0B(30.0M) Survivors: 19.0M->11.0M Heap: 198.0M(256.0M)->179.0M(256.0M)]
 [Times: user=0.06 sys=0.02, real=0.04 secs] 
 117.456: [G1Ergonomics (Concurrent Cycles) initiate concurrent cycle, reason: concurrent cycle initiation requested]
2014-07-10T11:38:06.676+0200: 117.456: [GC pause (G1 Evacuation Pause) (young) (initial-mark) 117.456: [G1Ergonomics (CSet Construction) start choosing CSet, _pending_cards: 1024, predicted base time: 1.58 ms, remaining time: 198.42 ms, target pause time: 200.00 ms]
 117.456: [G1Ergonomics (CSet Construction) add young regions to CSet, eden: 30 regions, survivors: 11 regions, predicted young region time: 14.74 ms]
 117.456: [G1Ergonomics (CSet Construction) finish choosing CSet, eden: 30 regions, survivors: 11 regions, old: 0 regions, predicted pause time: 16.32 ms, target pause time: 200.00 ms]
, 0.0178312 secs]
   [Parallel Time: 16.9 ms, GC Workers: 2]
      [GC Worker Start (ms): Min: 117456.3, Avg: 117456.3, Max: 117456.4, Diff: 0.1]
      [Ext Root Scanning (ms): Min: 0.3, Avg: 0.4, Max: 0.5, Diff: 0.1, Sum: 0.8]
      [Code Root Marking (ms): Min: 0.0, Avg: 0.1, Max: 0.1, Diff: 0.0, Sum: 0.1]
      [Update RS (ms): Min: 0.0, Avg: 0.0, Max: 0.0, Diff: 0.0, Sum: 0.1]
         [Processed Buffers: Min: 2, Avg: 2.5, Max: 3, Diff: 1, Sum: 5]
      [Scan RS (ms): Min: 0.1, Avg: 0.1, Max: 0.1, Diff: 0.0, Sum: 0.1]
      [Code Root Scanning (ms): Min: 0.0, Avg: 0.0, Max: 0.0, Diff: 0.0, Sum: 0.1]
      [Object Copy (ms): Min: 16.2, Avg: 16.2, Max: 16.2, Diff: 0.0, Sum: 32.3]
      [Termination (ms): Min: 0.0, Avg: 0.0, Max: 0.0, Diff: 0.0, Sum: 0.0]
      [GC Worker Other (ms): Min: 0.0, Avg: 0.1, Max: 0.1, Diff: 0.1, Sum: 0.1]
      [GC Worker Total (ms): Min: 16.8, Avg: 16.8, Max: 16.8, Diff: 0.1, Sum: 33.6]
      [GC Worker End (ms): Min: 117473.1, Avg: 117473.1, Max: 117473.1, Diff: 0.0]
   [Code Root Fixup: 0.0 ms]
   [Code Root Migration: 0.0 ms]
   [Clear CT: 0.0 ms]
   [Other: 0.9 ms]
      [Choose CSet: 0.0 ms]
      [Ref Proc: 0.6 ms]
      [Ref Enq: 0.0 ms]
      [Free CSet: 0.1 ms]
   [Eden: 30.0M(30.0M)->0.0B(18.0M) Survivors: 11.0M->6144.0K Heap: 209.0M(256.0M)->194.3M(256.0M)]
 [Times: user=0.05 sys=0.01, real=0.02 secs] 
2014-07-10T11:38:06.694+0200: 117.474: [GC concurrent-root-region-scan-start]
2014-07-10T11:38:06.695+0200: 117.475: [GC concurrent-root-region-scan-end, 0.0002618 secs]
2014-07-10T11:38:06.695+0200: 117.475: [GC concurrent-mark-start]
2014-07-10T11:38:06.701+0200: 117.480: [GC concurrent-mark-end, 0.0051533 secs]
2014-07-10T11:38:06.701+0200: 117.481: [GC remark 117.481: [GC ref-proc, 0.0000623 secs], 0.0012062 secs]
 [Times: user=0.00 sys=0.00, real=0.00 secs] 
2014-07-10T11:38:06.703+0200: 117.482: [GC cleanup 206M->81M(256M), 0.0006665 secs]
 [Times: user=0.00 sys=0.00, real=0.00 secs] 
2014-07-10T11:38:06.703+0200: 117.483: [GC concurrent-cleanup-start]
2014-07-10T11:38:06.703+0200: 117.483: [GC concurrent-cleanup-end, 0.0002097 secs]
2014-07-10T11:38:06.708+0200: 117.488: [GC pause (G1 Evacuation Pause) (young) 117.488: [G1Ergonomics (CSet Construction) start choosing CSet, _pending_cards: 256, predicted base time: 1.50 ms, remaining time: 198.50 ms, target pause time: 200.00 ms]
 117.488: [G1Ergonomics (CSet Construction) add young regions to CSet, eden: 18 regions, survivors: 6 regions, predicted young region time: 10.39 ms]
 117.488: [G1Ergonomics (CSet Construction) finish choosing CSet, eden: 18 regions, survivors: 6 regions, old: 0 regions, predicted pause time: 11.89 ms, target pause time: 200.00 ms]
 117.504: [G1Ergonomics (Mixed GCs) start mixed GCs, reason: candidate old regions available, candidate old regions: 43 regions, reclaimable: 42937832 bytes (16.00 %), threshold: 10.00 %]
, 0.0161044 secs]
   [Parallel Time: 15.6 ms, GC Workers: 2]
      [GC Worker Start (ms): Min: 117488.0, Avg: 117488.0, Max: 117488.0, Diff: 0.0]
      [Ext Root Scanning (ms): Min: 0.4, Avg: 0.6, Max: 0.8, Diff: 0.4, Sum: 1.2]
      [Update RS (ms): Min: 0.0, Avg: 0.0, Max: 0.1, Diff: 0.0, Sum: 0.1]
         [Processed Buffers: Min: 0, Avg: 1.0, Max: 2, Diff: 2, Sum: 2]
      [Scan RS (ms): Min: 0.0, Avg: 0.1, Max: 0.1, Diff: 0.1, Sum: 0.1]
      [Code Root Scanning (ms): Min: 0.0, Avg: 0.0, Max: 0.0, Diff: 0.0, Sum: 0.0]
      [Object Copy (ms): Min: 14.7, Avg: 14.9, Max: 15.0, Diff: 0.3, Sum: 29.7]
      [Termination (ms): Min: 0.0, Avg: 0.0, Max: 0.0, Diff: 0.0, Sum: 0.0]
      [GC Worker Other (ms): Min: 0.0, Avg: 0.0, Max: 0.0, Diff: 0.0, Sum: 0.1]
      [GC Worker Total (ms): Min: 15.6, Avg: 15.6, Max: 15.6, Diff: 0.0, Sum: 31.1]
      [GC Worker End (ms): Min: 117503.6, Avg: 117503.6, Max: 117503.6, Diff: 0.0]
   [Code Root Fixup: 0.0 ms]
   [Code Root Migration: 0.0 ms]
   [Clear CT: 0.0 ms]
   [Other: 0.5 ms]
      [Choose CSet: 0.0 ms]
      [Ref Proc: 0.2 ms]
      [Ref Enq: 0.0 ms]
      [Free CSet: 0.1 ms]
   [Eden: 18.0M(18.0M)->0.0B(9216.0K) Survivors: 6144.0K->3072.0K Heap: 87.3M(256.0M)->87.3M(256.0M)]
 [Times: user=0.03 sys=0.00, real=0.02 secs] 
2014-07-10T11:38:06.729+0200: 117.509: [GC pause (G1 Evacuation Pause) (mixed) 117.509: [G1Ergonomics (CSet Construction) start choosing CSet, _pending_cards: 515, predicted base time: 1.44 ms, remaining time: 198.56 ms, target pause time: 200.00 ms]
 117.509: [G1Ergonomics (CSet Construction) add young regions to CSet, eden: 9 regions, survivors: 3 regions, predicted young region time: 6.58 ms]
 117.509: [G1Ergonomics (CSet Construction) finish adding old regions to CSet, reason: reclaimable percentage not over threshold, old: 16 regions, max: 26 regions, reclaimable: 26482392 bytes (9.87 %), threshold: 10.00 %]
 117.509: [G1Ergonomics (CSet Construction) finish choosing CSet, eden: 9 regions, survivors: 3 regions, old: 16 regions, predicted pause time: 10.23 ms, target pause time: 200.00 ms]
 117.519: [G1Ergonomics (Mixed GCs) do not continue mixed GCs, reason: reclaimable percentage not over threshold, candidate old regions: 27 regions, reclaimable: 26482392 bytes (9.87 %), threshold: 10.00 %]
, 0.0099059 secs]
   [Parallel Time: 9.3 ms, GC Workers: 2]
      [GC Worker Start (ms): Min: 117508.9, Avg: 117508.9, Max: 117508.9, Diff: 0.0]
      [Ext Root Scanning (ms): Min: 0.3, Avg: 0.3, Max: 0.3, Diff: 0.0, Sum: 0.7]
      [Update RS (ms): Min: 0.1, Avg: 0.1, Max: 0.2, Diff: 0.1, Sum: 0.3]
         [Processed Buffers: Min: 1, Avg: 2.0, Max: 3, Diff: 2, Sum: 4]
      [Scan RS (ms): Min: 0.0, Avg: 0.1, Max: 0.1, Diff: 0.1, Sum: 0.1]
      [Code Root Scanning (ms): Min: 0.0, Avg: 0.0, Max: 0.0, Diff: 0.0, Sum: 0.0]
      [Object Copy (ms): Min: 7.9, Avg: 8.2, Max: 8.6, Diff: 0.8, Sum: 16.5]
      [Termination (ms): Min: 0.0, Avg: 0.4, Max: 0.8, Diff: 0.8, Sum: 0.8]
      [GC Worker Other (ms): Min: 0.0, Avg: 0.0, Max: 0.0, Diff: 0.0, Sum: 0.1]
      [GC Worker Total (ms): Min: 9.2, Avg: 9.2, Max: 9.2, Diff: 0.0, Sum: 18.5]
      [GC Worker End (ms): Min: 117518.1, Avg: 117518.1, Max: 117518.2, Diff: 0.0]
   [Code Root Fixup: 0.0 ms]
   [Code Root Migration: 0.0 ms]
   [Clear CT: 0.1 ms]
   [Other: 0.5 ms]
      [Choose CSet: 0.1 ms]
      [Ref Proc: 0.2 ms]
      [Ref Enq: 0.0 ms]
      [Free CSet: 0.1 ms]
   [Eden: 9216.0K(9216.0K)->0.0B(86.0M) Survivors: 3072.0K->2048.0K Heap: 96.3M(256.0M)->80.6M(256.0M)]
 [Times: user=0.00 sys=0.00, real=0.01 secs] 
2014-07-10T11:38:06.792+0200: 117.572: [GC pause (G1 Evacuation Pause) (young) 117.572: [G1Ergonomics (CSet Construction) start choosing CSet, _pending_cards: 516, predicted base time: 1.35 ms, remaining time: 198.65 ms, target pause time: 200.00 ms]
 117.572: [G1Ergonomics (CSet Construction) add young regions to CSet, eden: 86 regions, survivors: 2 regions, predicted young region time: 57.21 ms]
 117.572: [G1Ergonomics (CSet Construction) finish choosing CSet, eden: 86 regions, survivors: 2 regions, old: 0 regions, predicted pause time: 58.56 ms, target pause time: 200.00 ms]
, 0.0057058 secs]
   [Parallel Time: 5.3 ms, GC Workers: 2]
      [GC Worker Start (ms): Min: 117572.4, Avg: 117572.4, Max: 117572.4, Diff: 0.0]
      [Ext Root Scanning (ms): Min: 0.3, Avg: 0.3, Max: 0.3, Diff: 0.0, Sum: 0.7]
      [Update RS (ms): Min: 0.0, Avg: 0.1, Max: 0.1, Diff: 0.1, Sum: 0.2]
         [Processed Buffers: Min: 1, Avg: 2.0, Max: 3, Diff: 2, Sum: 4]
      [Scan RS (ms): Min: 0.1, Avg: 0.1, Max: 0.2, Diff: 0.1, Sum: 0.3]
      [Code Root Scanning (ms): Min: 0.0, Avg: 0.1, Max: 0.1, Diff: 0.0, Sum: 0.1]
      [Object Copy (ms): Min: 4.6, Avg: 4.6, Max: 4.6, Diff: 0.0, Sum: 9.2]
      [Termination (ms): Min: 0.0, Avg: 0.0, Max: 0.0, Diff: 0.0, Sum: 0.0]
      [GC Worker Other (ms): Min: 0.0, Avg: 0.0, Max: 0.0, Diff: 0.0, Sum: 0.1]
      [GC Worker Total (ms): Min: 5.2, Avg: 5.2, Max: 5.2, Diff: 0.0, Sum: 10.5]
      [GC Worker End (ms): Min: 117577.6, Avg: 117577.6, Max: 117577.6, Diff: 0.0]
   [Code Root Fixup: 0.0 ms]
   [Code Root Migration: 0.0 ms]
   [Clear CT: 0.1 ms]
   [Other: 0.3 ms]
      [Choose CSet: 0.0 ms]
      [Ref Proc: 0.0 ms]
      [Ref Enq: 0.0 ms]
      [Free CSet: 0.1 ms]
   [Eden: 86.0M(86.0M)->0.0B(90.0M) Survivors: 2048.0K->8192.0K Heap: 166.6M(256.0M)->85.7M(256.0M)]
 [Times: user=0.00 sys=0.00, real=0.01 secs] 
2014-07-10T11:38:06.842+0200: 117.621: [GC pause (G1 Evacuation Pause) (young) 117.621: [G1Ergonomics (CSet Construction) start choosing CSet, _pending_cards: 512, predicted base time: 1.22 ms, remaining time: 198.78 ms, target pause time: 200.00 ms]
 117.621: [G1Ergonomics (CSet Construction) add young regions to CSet, eden: 90 regions, survivors: 8 regions, predicted young region time: 62.71 ms]
 117.621: [G1Ergonomics (CSet Construction) finish choosing CSet, eden: 90 regions, survivors: 8 regions, old: 0 regions, predicted pause time: 63.93 ms, target pause time: 200.00 ms]
 117.642: [G1Ergonomics (Heap Sizing) attempt heap expansion, reason: recent GC overhead higher than threshold after GC, recent GC overhead: 10.08 %, threshold: 10.00 %, uncommitted: 0 bytes, calculated expansion amount: 0 bytes (20.00 %)]
, 0.0204768 secs]
   [Parallel Time: 19.9 ms, GC Workers: 2]
      [GC Worker Start (ms): Min: 117621.5, Avg: 117621.5, Max: 117621.5, Diff: 0.0]
      [Ext Root Scanning (ms): Min: 0.3, Avg: 0.3, Max: 0.3, Diff: 0.0, Sum: 0.7]
      [Update RS (ms): Min: 0.0, Avg: 0.0, Max: 0.0, Diff: 0.0, Sum: 0.1]
         [Processed Buffers: Min: 1, Avg: 1.5, Max: 2, Diff: 1, Sum: 3]
      [Scan RS (ms): Min: 0.2, Avg: 0.2, Max: 0.2, Diff: 0.0, Sum: 0.3]
      [Code Root Scanning (ms): Min: 0.1, Avg: 0.1, Max: 0.1, Diff: 0.0, Sum: 0.1]
      [Object Copy (ms): Min: 19.2, Avg: 19.2, Max: 19.2, Diff: 0.0, Sum: 38.4]
      [Termination (ms): Min: 0.0, Avg: 0.0, Max: 0.0, Diff: 0.0, Sum: 0.0]
      [GC Worker Other (ms): Min: 0.0, Avg: 0.0, Max: 0.0, Diff: 0.0, Sum: 0.1]
      [GC Worker Total (ms): Min: 19.8, Avg: 19.8, Max: 19.8, Diff: 0.0, Sum: 39.7]
      [GC Worker End (ms): Min: 117641.3, Avg: 117641.3, Max: 117641.3, Diff: 0.0]
   [Code Root Fixup: 0.0 ms]
   [Code Root Migration: 0.0 ms]
   [Clear CT: 0.1 ms]
   [Other: 0.5 ms]
      [Choose CSet: 0.0 ms]
      [Ref Proc: 0.2 ms]
      [Ref Enq: 0.0 ms]
      [Free CSet: 0.2 ms]
   [Eden: 90.0M(90.0M)->0.0B(75.0M) Survivors: 8192.0K->13.0M Heap: 175.7M(256.0M)->109.6M(256.0M)]
 [Times: user=0.03 sys=0.00, real=0.02 secs] 
2014-07-10T11:38:06.909+0200: 117.688: [GC pause (G1 Evacuation Pause) (young) 117.689: [G1Ergonomics (CSet Construction) start choosing CSet, _pending_cards: 512, predicted base time: 1.15 ms, remaining time: 198.85 ms, target pause time: 200.00 ms]
 117.689: [G1Ergonomics (CSet Construction) add young regions to CSet, eden: 75 regions, survivors: 13 regions, predicted young region time: 53.64 ms]
 117.689: [G1Ergonomics (CSet Construction) finish choosing CSet, eden: 75 regions, survivors: 13 regions, old: 0 regions, predicted pause time: 54.79 ms, target pause time: 200.00 ms]
 117.714: [G1Ergonomics (Heap Sizing) attempt heap expansion, reason: recent GC overhead higher than threshold after GC, recent GC overhead: 11.44 %, threshold: 10.00 %, uncommitted: 0 bytes, calculated expansion amount: 0 bytes (20.00 %)]
 117.714: [G1Ergonomics (Concurrent Cycles) request concurrent cycle initiation, reason: occupancy higher than threshold, occupancy: 132120576 bytes, allocation request: 0 bytes, threshold: 120795930 bytes (45.00 %), source: end of GC]
, 0.0256836 secs]
   [Parallel Time: 25.1 ms, GC Workers: 2]
      [GC Worker Start (ms): Min: 117688.6, Avg: 117688.6, Max: 117688.6, Diff: 0.0]
      [Ext Root Scanning (ms): Min: 0.3, Avg: 0.3, Max: 0.3, Diff: 0.0, Sum: 0.6]
      [Update RS (ms): Min: 0.0, Avg: 0.0, Max: 0.0, Diff: 0.0, Sum: 0.1]
         [Processed Buffers: Min: 1, Avg: 1.5, Max: 2, Diff: 1, Sum: 3]
      [Scan RS (ms): Min: 0.1, Avg: 0.1, Max: 0.1, Diff: 0.0, Sum: 0.3]
      [Code Root Scanning (ms): Min: 0.1, Avg: 0.1, Max: 0.1, Diff: 0.0, Sum: 0.1]
      [Object Copy (ms): Min: 24.5, Avg: 24.5, Max: 24.5, Diff: 0.0, Sum: 48.9]
      [Termination (ms): Min: 0.0, Avg: 0.0, Max: 0.0, Diff: 0.0, Sum: 0.0]
      [GC Worker Other (ms): Min: 0.0, Avg: 0.0, Max: 0.0, Diff: 0.0, Sum: 0.1]
      [GC Worker Total (ms): Min: 25.0, Avg: 25.0, Max: 25.0, Diff: 0.0, Sum: 50.1]
      [GC Worker End (ms): Min: 117713.6, Avg: 117713.6, Max: 117713.6, Diff: 0.0]
   [Code Root Fixup: 0.0 ms]
   [Code Root Migration: 0.0 ms]
   [Clear CT: 0.1 ms]
   [Other: 0.5 ms]
      [Choose CSet: 0.0 ms]
      [Ref Proc: 0.2 ms]
      [Ref Enq: 0.0 ms]
      [Free CSet: 0.2 ms]
   [Eden: 75.0M(75.0M)->0.0B(53.0M) Survivors: 13.0M->11.0M Heap: 184.6M(256.0M)->136.6M(256.0M)]
 [Times: user=0.06 sys=0.00, real=0.03 secs] 
 117.778: [G1Ergonomics (Concurrent Cycles) initiate concurrent cycle, reason: concurrent cycle initiation requested]
2014-07-10T11:38:06.999+0200: 117.779: [GC pause (G1 Evacuation Pause) (young) (initial-mark) 117.779: [G1Ergonomics (CSet Construction) start choosing CSet, _pending_cards: 513, predicted base time: 1.09 ms, remaining time: 198.91 ms, target pause time: 200.00 ms]
 117.779: [G1Ergonomics (CSet Construction) add young regions to CSet, eden: 53 regions, survivors: 11 regions, predicted young region time: 34.16 ms]
 117.779: [G1Ergonomics (CSet Construction) finish choosing CSet, eden: 53 regions, survivors: 11 regions, old: 0 regions, predicted pause time: 35.24 ms, target pause time: 200.00 ms]
 117.791: [G1Ergonomics (Heap Sizing) attempt heap expansion, reason: recent GC overhead higher than threshold after GC, recent GC overhead: 13.57 %, threshold: 10.00 %, uncommitted: 0 bytes, calculated expansion amount: 0 bytes (20.00 %)]
, 0.0125514 secs]
   [Parallel Time: 11.9 ms, GC Workers: 2]
      [GC Worker Start (ms): Min: 117778.7, Avg: 117778.7, Max: 117778.7, Diff: 0.0]
      [Ext Root Scanning (ms): Min: 0.3, Avg: 0.3, Max: 0.3, Diff: 0.0, Sum: 0.6]
      [Code Root Marking (ms): Min: 0.0, Avg: 0.0, Max: 0.0, Diff: 0.0, Sum: 0.1]
      [Update RS (ms): Min: 0.0, Avg: 0.0, Max: 0.0, Diff: 0.0, Sum: 0.0]
         [Processed Buffers: Min: 2, Avg: 2.0, Max: 2, Diff: 0, Sum: 4]
      [Scan RS (ms): Min: 0.1, Avg: 0.1, Max: 0.1, Diff: 0.0, Sum: 0.2]
      [Code Root Scanning (ms): Min: 0.0, Avg: 0.0, Max: 0.0, Diff: 0.0, Sum: 0.1]
      [Object Copy (ms): Min: 11.4, Avg: 11.4, Max: 11.4, Diff: 0.0, Sum: 22.7]
      [Termination (ms): Min: 0.0, Avg: 0.0, Max: 0.0, Diff: 0.0, Sum: 0.0]
      [GC Worker Other (ms): Min: 0.0, Avg: 0.0, Max: 0.0, Diff: 0.0, Sum: 0.1]
      [GC Worker Total (ms): Min: 11.9, Avg: 11.9, Max: 11.9, Diff: 0.0, Sum: 23.8]
      [GC Worker End (ms): Min: 117790.6, Avg: 117790.6, Max: 117790.6, Diff: 0.0]
   [Code Root Fixup: 0.0 ms]
   [Code Root Migration: 0.0 ms]
   [Clear CT: 0.1 ms]
   [Other: 0.5 ms]
      [Choose CSet: 0.0 ms]
      [Ref Proc: 0.2 ms]
      [Ref Enq: 0.0 ms]
      [Free CSet: 0.1 ms]
   [Eden: 53.0M(53.0M)->0.0B(50.0M) Survivors: 11.0M->8192.0K Heap: 189.6M(256.0M)->144.5M(256.0M)]
 [Times: user=0.03 sys=0.00, real=0.01 secs] 
2014-07-10T11:38:07.012+0200: 117.791: [GC concurrent-root-region-scan-start]
2014-07-10T11:38:07.012+0200: 117.792: [GC concurrent-root-region-scan-end, 0.0001936 secs]
2014-07-10T11:38:07.012+0200: 117.792: [GC concurrent-mark-start]
2014-07-10T11:38:07.017+0200: 117.796: [GC concurrent-mark-end, 0.0046591 secs]
2014-07-10T11:38:07.043+0200: 117.823: [GC pause (G1 Evacuation Pause) (young) 117.823: [G1Ergonomics (CSet Construction) start choosing CSet, _pending_cards: 512, predicted base time: 1.06 ms, remaining time: 198.94 ms, target pause time: 200.00 ms]
 117.823: [G1Ergonomics (CSet Construction) add young regions to CSet, eden: 50 regions, survivors: 8 regions, predicted young region time: 33.48 ms]
 117.823: [G1Ergonomics (CSet Construction) finish choosing CSet, eden: 50 regions, survivors: 8 regions, old: 0 regions, predicted pause time: 34.54 ms, target pause time: 200.00 ms]
 117.825: [G1Ergonomics (Heap Sizing) attempt heap expansion, reason: recent GC overhead higher than threshold after GC, recent GC overhead: 14.81 %, threshold: 10.00 %, uncommitted: 0 bytes, calculated expansion amount: 0 bytes (20.00 %)]
, 0.0023072 secs]
   [Parallel Time: 1.8 ms, GC Workers: 2]
      [GC Worker Start (ms): Min: 117822.8, Avg: 117822.8, Max: 117822.8, Diff: 0.0]
      [Ext Root Scanning (ms): Min: 0.3, Avg: 0.3, Max: 0.3, Diff: 0.0, Sum: 0.6]
      [SATB Filtering (ms): Min: 0.0, Avg: 0.0, Max: 0.0, Diff: 0.0, Sum: 0.0]
      [Update RS (ms): Min: 0.0, Avg: 0.0, Max: 0.0, Diff: 0.0, Sum: 0.1]
         [Processed Buffers: Min: 1, Avg: 1.5, Max: 2, Diff: 1, Sum: 3]
      [Scan RS (ms): Min: 0.1, Avg: 0.1, Max: 0.1, Diff: 0.0, Sum: 0.2]
      [Code Root Scanning (ms): Min: 0.0, Avg: 0.0, Max: 0.0, Diff: 0.0, Sum: 0.1]
      [Object Copy (ms): Min: 1.3, Avg: 1.3, Max: 1.3, Diff: 0.0, Sum: 2.6]
      [Termination (ms): Min: 0.0, Avg: 0.0, Max: 0.0, Diff: 0.0, Sum: 0.0]
      [GC Worker Other (ms): Min: 0.0, Avg: 0.0, Max: 0.0, Diff: 0.0, Sum: 0.1]
      [GC Worker Total (ms): Min: 1.8, Avg: 1.8, Max: 1.8, Diff: 0.0, Sum: 3.6]
      [GC Worker End (ms): Min: 117824.6, Avg: 117824.6, Max: 117824.6, Diff: 0.0]
   [Code Root Fixup: 0.0 ms]
   [Code Root Migration: 0.0 ms]
   [Clear CT: 0.1 ms]
   [Other: 0.4 ms]
      [Choose CSet: 0.0 ms]
      [Ref Proc: 0.0 ms]
      [Ref Enq: 0.0 ms]
      [Free CSet: 0.1 ms]
   [Eden: 50.0M(50.0M)->0.0B(60.0M) Survivors: 8192.0K->3072.0K Heap: 194.5M(256.0M)->139.4M(256.0M)]
 [Times: user=0.00 sys=0.00, real=0.00 secs] 
2014-07-10T11:38:07.048+0200: 117.828: [GC remark 117.828: [GC ref-proc, 0.0000689 secs], 0.0013880 secs]
 [Times: user=0.00 sys=0.00, real=0.00 secs] 
2014-07-10T11:38:07.050+0200: 117.830: [GC cleanup 144M->51M(256M), 0.0006962 secs]
 [Times: user=0.03 sys=0.00, real=0.00 secs] 
2014-07-10T11:38:07.051+0200: 117.831: [GC concurrent-cleanup-start]
2014-07-10T11:38:07.051+0200: 117.831: [GC concurrent-cleanup-end, 0.0001749 secs]
2014-07-10T11:38:07.080+0200: 117.860: [GC pause (G1 Evacuation Pause) (young) 117.860: [G1Ergonomics (CSet Construction) start choosing CSet, _pending_cards: 512, predicted base time: 0.97 ms, remaining time: 199.03 ms, target pause time: 200.00 ms]
 117.860: [G1Ergonomics (CSet Construction) add young regions to CSet, eden: 60 regions, survivors: 3 regions, predicted young region time: 37.05 ms]
 117.860: [G1Ergonomics (CSet Construction) finish choosing CSet, eden: 60 regions, survivors: 3 regions, old: 0 regions, predicted pause time: 38.02 ms, target pause time: 200.00 ms]
 117.900: [G1Ergonomics (Heap Sizing) attempt heap expansion, reason: recent GC overhead higher than threshold after GC, recent GC overhead: 15.83 %, threshold: 10.00 %, uncommitted: 0 bytes, calculated expansion amount: 0 bytes (20.00 %)]
 117.900: [G1Ergonomics (Mixed GCs) start mixed GCs, reason: candidate old regions available, candidate old regions: 33 regions, reclaimable: 32087352 bytes (11.95 %), threshold: 10.00 %]
, 0.0402045 secs]
   [Parallel Time: 39.8 ms, GC Workers: 2]
      [GC Worker Start (ms): Min: 117860.1, Avg: 117860.1, Max: 117860.1, Diff: 0.0]
      [Ext Root Scanning (ms): Min: 0.4, Avg: 0.4, Max: 0.4, Diff: 0.0, Sum: 0.7]
      [Update RS (ms): Min: 0.0, Avg: 0.1, Max: 0.1, Diff: 0.1, Sum: 0.1]
         [Processed Buffers: Min: 1, Avg: 1.5, Max: 2, Diff: 1, Sum: 3]
      [Scan RS (ms): Min: 0.1, Avg: 0.1, Max: 0.1, Diff: 0.0, Sum: 0.2]
      [Code Root Scanning (ms): Min: 0.0, Avg: 0.0, Max: 0.1, Diff: 0.0, Sum: 0.1]
      [Object Copy (ms): Min: 39.0, Avg: 39.1, Max: 39.1, Diff: 0.1, Sum: 78.1]
      [Termination (ms): Min: 0.0, Avg: 0.1, Max: 0.1, Diff: 0.1, Sum: 0.1]
      [GC Worker Other (ms): Min: 0.0, Avg: 0.0, Max: 0.0, Diff: 0.0, Sum: 0.1]
      [GC Worker Total (ms): Min: 39.7, Avg: 39.7, Max: 39.7, Diff: 0.0, Sum: 79.5]
      [GC Worker End (ms): Min: 117899.8, Avg: 117899.8, Max: 117899.8, Diff: 0.0]
   [Code Root Fixup: 0.0 ms]
   [Code Root Migration: 0.0 ms]
   [Clear CT: 0.1 ms]
   [Other: 0.3 ms]
      [Choose CSet: 0.0 ms]
      [Ref Proc: 0.1 ms]
      [Ref Enq: 0.0 ms]
      [Free CSet: 0.1 ms]
   [Eden: 60.0M(60.0M)->0.0B(4096.0K) Survivors: 3072.0K->8192.0K Heap: 106.4M(256.0M)->106.4M(256.0M)]
 [Times: user=0.09 sys=0.00, real=0.04 secs] 
2014-07-10T11:38:07.122+0200: 117.902: [GC pause (G1 Evacuation Pause) (mixed) 117.902: [G1Ergonomics (CSet Construction) start choosing CSet, _pending_cards: 257, predicted base time: 0.90 ms, remaining time: 199.10 ms, target pause time: 200.00 ms]
 117.902: [G1Ergonomics (CSet Construction) add young regions to CSet, eden: 4 regions, survivors: 8 regions, predicted young region time: 5.19 ms]
 117.902: [G1Ergonomics (CSet Construction) finish adding old regions to CSet, reason: reclaimable percentage not over threshold, old: 6 regions, max: 26 regions, reclaimable: 26060456 bytes (9.71 %), threshold: 10.00 %]
 117.902: [G1Ergonomics (CSet Construction) finish choosing CSet, eden: 4 regions, survivors: 8 regions, old: 6 regions, predicted pause time: 6.83 ms, target pause time: 200.00 ms]
 117.903: [G1Ergonomics (Heap Sizing) attempt heap expansion, reason: recent GC overhead higher than threshold after GC, recent GC overhead: 19.90 %, threshold: 10.00 %, uncommitted: 0 bytes, calculated expansion amount: 0 bytes (20.00 %)]
 117.903: [G1Ergonomics (Mixed GCs) do not continue mixed GCs, reason: reclaimable percentage not over threshold, candidate old regions: 27 regions, reclaimable: 26060456 bytes (9.71 %), threshold: 10.00 %]
, 0.0011186 secs]
   [Parallel Time: 0.9 ms, GC Workers: 2]
      [GC Worker Start (ms): Min: 117902.2, Avg: 117902.2, Max: 117902.2, Diff: 0.0]
      [Ext Root Scanning (ms): Min: 0.2, Avg: 0.2, Max: 0.3, Diff: 0.0, Sum: 0.5]
      [Update RS (ms): Min: 0.0, Avg: 0.0, Max: 0.0, Diff: 0.0, Sum: 0.0]
         [Processed Buffers: Min: 1, Avg: 1.5, Max: 2, Diff: 1, Sum: 3]
      [Scan RS (ms): Min: 0.0, Avg: 0.0, Max: 0.1, Diff: 0.0, Sum: 0.1]
      [Code Root Scanning (ms): Min: 0.0, Avg: 0.0, Max: 0.0, Diff: 0.0, Sum: 0.0]
      [Object Copy (ms): Min: 0.5, Avg: 0.5, Max: 0.5, Diff: 0.0, Sum: 1.0]
      [Termination (ms): Min: 0.0, Avg: 0.0, Max: 0.0, Diff: 0.0, Sum: 0.0]
      [GC Worker Other (ms): Min: 0.0, Avg: 0.0, Max: 0.0, Diff: 0.0, Sum: 0.0]
      [GC Worker Total (ms): Min: 0.8, Avg: 0.8, Max: 0.8, Diff: 0.0, Sum: 1.7]
      [GC Worker End (ms): Min: 117903.0, Avg: 117903.0, Max: 117903.0, Diff: 0.0]
   [Code Root Fixup: 0.0 ms]
   [Code Root Migration: 0.0 ms]
   [Clear CT: 0.0 ms]
   [Other: 0.2 ms]
      [Choose CSet: 0.0 ms]
      [Ref Proc: 0.0 ms]
      [Ref Enq: 0.0 ms]
      [Free CSet: 0.0 ms]
   [Eden: 4096.0K(4096.0K)->0.0B(82.0M) Survivors: 8192.0K->1024.0K Heap: 110.4M(256.0M)->93.4M(256.0M)]
 [Times: user=0.00 sys=0.00, real=0.00 secs] 
2014-07-10T11:38:07.197+0200: 117.977: [GC pause (G1 Evacuation Pause) (young) 117.977: [G1Ergonomics (CSet Construction) start choosing CSet, _pending_cards: 512, predicted base time: 0.83 ms, remaining time: 199.17 ms, target pause time: 200.00 ms]
 117.977: [G1Ergonomics (CSet Construction) add young regions to CSet, eden: 82 regions, survivors: 1 regions, predicted young region time: 46.33 ms]
 117.977: [G1Ergonomics (CSet Construction) finish choosing CSet, eden: 82 regions, survivors: 1 regions, old: 0 regions, predicted pause time: 47.17 ms, target pause time: 200.00 ms]
 117.988: [G1Ergonomics (Heap Sizing) attempt heap expansion, reason: recent GC overhead higher than threshold after GC, recent GC overhead: 22.51 %, threshold: 10.00 %, uncommitted: 0 bytes, calculated expansion amount: 0 bytes (20.00 %)]
, 0.0116191 secs]
   [Parallel Time: 11.1 ms, GC Workers: 2]
      [GC Worker Start (ms): Min: 117976.9, Avg: 117976.9, Max: 117976.9, Diff: 0.0]
      [Ext Root Scanning (ms): Min: 0.3, Avg: 0.3, Max: 0.3, Diff: 0.0, Sum: 0.7]
      [Update RS (ms): Min: 0.0, Avg: 0.1, Max: 0.1, Diff: 0.1, Sum: 0.1]
         [Processed Buffers: Min: 1, Avg: 1.5, Max: 2, Diff: 1, Sum: 3]
      [Scan RS (ms): Min: 0.1, Avg: 0.1, Max: 0.2, Diff: 0.1, Sum: 0.3]
      [Code Root Scanning (ms): Min: 0.0, Avg: 0.1, Max: 0.1, Diff: 0.0, Sum: 0.1]
      [Object Copy (ms): Min: 10.4, Avg: 10.4, Max: 10.4, Diff: 0.0, Sum: 20.9]
      [Termination (ms): Min: 0.0, Avg: 0.0, Max: 0.0, Diff: 0.0, Sum: 0.0]
      [GC Worker Other (ms): Min: 0.0, Avg: 0.0, Max: 0.0, Diff: 0.0, Sum: 0.1]
      [GC Worker Total (ms): Min: 11.1, Avg: 11.1, Max: 11.1, Diff: 0.0, Sum: 22.1]
      [GC Worker End (ms): Min: 117988.0, Avg: 117988.0, Max: 117988.0, Diff: 0.0]
   [Code Root Fixup: 0.0 ms]
   [Code Root Migration: 0.0 ms]
   [Clear CT: 0.1 ms]
   [Other: 0.4 ms]
      [Choose CSet: 0.0 ms]
      [Ref Proc: 0.1 ms]
      [Ref Enq: 0.0 ms]
      [Free CSet: 0.2 ms]
   [Eden: 82.0M(82.0M)->0.0B(76.0M) Survivors: 1024.0K->11.0M Heap: 175.4M(256.0M)->109.3M(256.0M)]
 [Times: user=0.03 sys=0.00, real=0.01 secs] 
2014-07-10T11:38:07.248+0200: 118.028: [GC pause (G1 Evacuation Pause) (young) 118.028: [G1Ergonomics (CSet Construction) start choosing CSet, _pending_cards: 512, predicted base time: 0.84 ms, remaining time: 199.16 ms, target pause time: 200.00 ms]
 118.028: [G1Ergonomics (CSet Construction) add young regions to CSet, eden: 76 regions, survivors: 11 regions, predicted young region time: 47.00 ms]
 118.028: [G1Ergonomics (CSet Construction) finish choosing CSet, eden: 76 regions, survivors: 11 regions, old: 0 regions, predicted pause time: 47.84 ms, target pause time: 200.00 ms]
 118.046: [G1Ergonomics (Heap Sizing) attempt heap expansion, reason: recent GC overhead higher than threshold after GC, recent GC overhead: 28.20 %, threshold: 10.00 %, uncommitted: 0 bytes, calculated expansion amount: 0 bytes (20.00 %)]
, 0.0183122 secs]
   [Parallel Time: 17.6 ms, GC Workers: 2]
      [GC Worker Start (ms): Min: 118028.3, Avg: 118028.3, Max: 118028.3, Diff: 0.0]
      [Ext Root Scanning (ms): Min: 0.7, Avg: 1.3, Max: 1.9, Diff: 1.3, Sum: 2.6]
      [Update RS (ms): Min: 0.0, Avg: 0.0, Max: 0.0, Diff: 0.0, Sum: 0.1]
         [Processed Buffers: Min: 0, Avg: 1.5, Max: 3, Diff: 3, Sum: 3]
      [Scan RS (ms): Min: 0.0, Avg: 0.1, Max: 0.3, Diff: 0.3, Sum: 0.3]
      [Code Root Scanning (ms): Min: 0.0, Avg: 0.1, Max: 0.1, Diff: 0.1, Sum: 0.1]
      [Object Copy (ms): Min: 15.6, Avg: 16.0, Max: 16.4, Diff: 0.8, Sum: 32.0]
      [Termination (ms): Min: 0.0, Avg: 0.0, Max: 0.0, Diff: 0.0, Sum: 0.0]
      [GC Worker Other (ms): Min: 0.0, Avg: 0.0, Max: 0.0, Diff: 0.0, Sum: 0.1]
      [GC Worker Total (ms): Min: 17.6, Avg: 17.6, Max: 17.6, Diff: 0.0, Sum: 35.1]
      [GC Worker End (ms): Min: 118045.8, Avg: 118045.8, Max: 118045.8, Diff: 0.0]
   [Code Root Fixup: 0.0 ms]
   [Code Root Migration: 0.0 ms]
   [Clear CT: 0.1 ms]
   [Other: 0.6 ms]
      [Choose CSet: 0.0 ms]
      [Ref Proc: 0.3 ms]
      [Ref Enq: 0.0 ms]
      [Free CSet: 0.2 ms]
   [Eden: 76.0M(76.0M)->0.0B(66.0M) Survivors: 11.0M->11.0M Heap: 185.3M(256.0M)->125.0M(256.0M)]
 [Times: user=0.03 sys=0.00, real=0.02 secs] 
2014-07-10T11:38:07.302+0200: 118.082: [GC pause (G1 Evacuation Pause) (young) 118.082: [G1Ergonomics (CSet Construction) start choosing CSet, _pending_cards: 256, predicted base time: 1.33 ms, remaining time: 198.67 ms, target pause time: 200.00 ms]
 118.082: [G1Ergonomics (CSet Construction) add young regions to CSet, eden: 66 regions, survivors: 11 regions, predicted young region time: 41.03 ms]
 118.082: [G1Ergonomics (CSet Construction) finish choosing CSet, eden: 66 regions, survivors: 11 regions, old: 0 regions, predicted pause time: 42.37 ms, target pause time: 200.00 ms]
 118.100: [G1Ergonomics (Heap Sizing) attempt heap expansion, reason: recent GC overhead higher than threshold after GC, recent GC overhead: 27.15 %, threshold: 10.00 %, uncommitted: 0 bytes, calculated expansion amount: 0 bytes (20.00 %)]
 118.100: [G1Ergonomics (Concurrent Cycles) request concurrent cycle initiation, reason: occupancy higher than threshold, occupancy: 137363456 bytes, allocation request: 0 bytes, threshold: 120795930 bytes (45.00 %), source: end of GC]
, 0.0184281 secs]
   [Parallel Time: 17.9 ms, GC Workers: 2]
      [GC Worker Start (ms): Min: 118082.1, Avg: 118082.1, Max: 118082.1, Diff: 0.0]
      [Ext Root Scanning (ms): Min: 0.4, Avg: 0.4, Max: 0.4, Diff: 0.0, Sum: 0.8]
      [Update RS (ms): Min: 0.0, Avg: 0.0, Max: 0.0, Diff: 0.0, Sum: 0.1]
         [Processed Buffers: Min: 1, Avg: 1.0, Max: 1, Diff: 0, Sum: 2]
      [Scan RS (ms): Min: 0.1, Avg: 0.1, Max: 0.1, Diff: 0.0, Sum: 0.3]
      [Code Root Scanning (ms): Min: 0.1, Avg: 0.1, Max: 0.1, Diff: 0.0, Sum: 0.1]
      [Object Copy (ms): Min: 16.6, Avg: 16.9, Max: 17.1, Diff: 0.5, Sum: 33.8]
      [Termination (ms): Min: 0.0, Avg: 0.3, Max: 0.6, Diff: 0.6, Sum: 0.6]
      [GC Worker Other (ms): Min: 0.0, Avg: 0.0, Max: 0.0, Diff: 0.0, Sum: 0.1]
      [GC Worker Total (ms): Min: 17.8, Avg: 17.8, Max: 17.9, Diff: 0.1, Sum: 35.7]
      [GC Worker End (ms): Min: 118099.9, Avg: 118100.0, Max: 118100.0, Diff: 0.1]
   [Code Root Fixup: 0.0 ms]
   [Code Root Migration: 0.0 ms]
   [Clear CT: 0.1 ms]
   [Other: 0.4 ms]
      [Choose CSet: 0.0 ms]
      [Ref Proc: 0.1 ms]
      [Ref Enq: 0.0 ms]
      [Free CSet: 0.2 ms]
   [Eden: 66.0M(66.0M)->0.0B(55.0M) Survivors: 11.0M->10.0M Heap: 191.0M(256.0M)->140.6M(256.0M)]
 [Times: user=0.03 sys=0.00, real=0.02 secs] 
 118.182: [G1Ergonomics (Concurrent Cycles) initiate concurrent cycle, reason: concurrent cycle initiation requested]
2014-07-10T11:38:07.402+0200: 118.182: [GC pause (G1 Evacuation Pause) (young) (initial-mark) 118.182: [G1Ergonomics (CSet Construction) start choosing CSet, _pending_cards: 256, predicted base time: 1.23 ms, remaining time: 198.77 ms, target pause time: 200.00 ms]
 118.182: [G1Ergonomics (CSet Construction) add young regions to CSet, eden: 55 regions, survivors: 10 regions, predicted young region time: 35.03 ms]
 118.182: [G1Ergonomics (CSet Construction) finish choosing CSet, eden: 55 regions, survivors: 10 regions, old: 0 regions, predicted pause time: 36.25 ms, target pause time: 200.00 ms]
 118.199: [G1Ergonomics (Heap Sizing) attempt heap expansion, reason: recent GC overhead higher than threshold after GC, recent GC overhead: 26.79 %, threshold: 10.00 %, uncommitted: 0 bytes, calculated expansion amount: 0 bytes (20.00 %)]
, 0.0178202 secs]
   [Parallel Time: 16.8 ms, GC Workers: 2]
      [GC Worker Start (ms): Min: 118182.0, Avg: 118182.0, Max: 118182.0, Diff: 0.0]
      [Ext Root Scanning (ms): Min: 0.7, Avg: 0.7, Max: 0.7, Diff: 0.0, Sum: 1.3]
      [Code Root Marking (ms): Min: 0.1, Avg: 0.1, Max: 0.1, Diff: 0.0, Sum: 0.2]
      [Update RS (ms): Min: 0.0, Avg: 0.0, Max: 0.1, Diff: 0.0, Sum: 0.1]
         [Processed Buffers: Min: 1, Avg: 1.0, Max: 1, Diff: 0, Sum: 2]
      [Scan RS (ms): Min: 0.2, Avg: 0.2, Max: 0.2, Diff: 0.0, Sum: 0.3]
      [Code Root Scanning (ms): Min: 0.1, Avg: 0.1, Max: 0.1, Diff: 0.0, Sum: 0.1]
      [Object Copy (ms): Min: 15.7, Avg: 15.7, Max: 15.7, Diff: 0.1, Sum: 31.4]
      [Termination (ms): Min: 0.0, Avg: 0.0, Max: 0.0, Diff: 0.0, Sum: 0.0]
      [GC Worker Other (ms): Min: 0.0, Avg: 0.0, Max: 0.0, Diff: 0.0, Sum: 0.1]
      [GC Worker Total (ms): Min: 16.8, Avg: 16.8, Max: 16.8, Diff: 0.0, Sum: 33.5]
      [GC Worker End (ms): Min: 118198.7, Avg: 118198.7, Max: 118198.7, Diff: 0.0]
   [Code Root Fixup: 0.0 ms]
   [Code Root Migration: 0.0 ms]
   [Clear CT: 0.4 ms]
   [Other: 0.6 ms]
      [Choose CSet: 0.1 ms]
      [Ref Proc: 0.1 ms]
      [Ref Enq: 0.0 ms]
      [Free CSet: 0.2 ms]
   [Eden: 55.0M(55.0M)->0.0B(53.0M) Survivors: 10.0M->9216.0K Heap: 195.6M(256.0M)->146.1M(256.0M)]
 [Times: user=0.03 sys=0.00, real=0.02 secs] 
2014-07-10T11:38:07.420+0200: 118.200: [GC concurrent-root-region-scan-start]
2014-07-10T11:38:07.420+0200: 118.200: [GC concurrent-root-region-scan-end, 0.0001719 secs]
2014-07-10T11:38:07.420+0200: 118.200: [GC concurrent-mark-start]
2014-07-10T11:38:07.426+0200: 118.206: [GC concurrent-mark-end, 0.0057993 secs]
2014-07-10T11:38:07.427+0200: 118.206: [GC remark 118.207: [GC ref-proc, 0.0000829 secs], 0.0013888 secs]
 [Times: user=0.00 sys=0.00, real=0.00 secs] 
2014-07-10T11:38:07.428+0200: 118.208: [GC cleanup 157M->58M(256M), 0.0007322 secs]
 [Times: user=0.00 sys=0.00, real=0.00 secs] 
2014-07-10T11:38:07.429+0200: 118.209: [GC concurrent-cleanup-start]
2014-07-10T11:38:07.429+0200: 118.209: [GC concurrent-cleanup-end, 0.0002442 secs]
2014-07-10T11:38:07.451+0200: 118.231: [GC pause (G1 Evacuation Pause) (young) 118.231: [G1Ergonomics (CSet Construction) start choosing CSet, _pending_cards: 256, predicted base time: 1.43 ms, remaining time: 198.57 ms, target pause time: 200.00 ms]
 118.231: [G1Ergonomics (CSet Construction) add young regions to CSet, eden: 53 regions, survivors: 9 regions, predicted young region time: 42.99 ms]
 118.231: [G1Ergonomics (CSet Construction) finish choosing CSet, eden: 53 regions, survivors: 9 regions, old: 0 regions, predicted pause time: 44.43 ms, target pause time: 200.00 ms]
 118.233: [G1Ergonomics (Heap Sizing) attempt heap expansion, reason: recent GC overhead higher than threshold after GC, recent GC overhead: 27.02 %, threshold: 10.00 %, uncommitted: 0 bytes, calculated expansion amount: 0 bytes (20.00 %)]
 118.233: [G1Ergonomics (Mixed GCs) start mixed GCs, reason: candidate old regions available, candidate old regions: 32 regions, reclaimable: 30969048 bytes (11.54 %), threshold: 10.00 %]
, 0.0021400 secs]
   [Parallel Time: 1.8 ms, GC Workers: 2]
      [GC Worker Start (ms): Min: 118231.0, Avg: 118231.4, Max: 118231.7, Diff: 0.7]
      [Ext Root Scanning (ms): Min: 0.0, Avg: 0.2, Max: 0.5, Diff: 0.4, Sum: 0.5]
      [Update RS (ms): Min: 0.0, Avg: 0.0, Max: 0.1, Diff: 0.1, Sum: 0.1]
         [Processed Buffers: Min: 0, Avg: 1.0, Max: 2, Diff: 2, Sum: 2]
      [Scan RS (ms): Min: 0.0, Avg: 0.1, Max: 0.2, Diff: 0.1, Sum: 0.2]
      [Code Root Scanning (ms): Min: 0.0, Avg: 0.0, Max: 0.1, Diff: 0.0, Sum: 0.1]
      [Object Copy (ms): Min: 1.0, Avg: 1.0, Max: 1.0, Diff: 0.0, Sum: 2.0]
      [Termination (ms): Min: 0.0, Avg: 0.0, Max: 0.0, Diff: 0.0, Sum: 0.0]
      [GC Worker Other (ms): Min: 0.0, Avg: 0.0, Max: 0.0, Diff: 0.0, Sum: 0.1]
      [GC Worker Total (ms): Min: 1.1, Avg: 1.4, Max: 1.8, Diff: 0.7, Sum: 2.8]
      [GC Worker End (ms): Min: 118232.8, Avg: 118232.8, Max: 118232.8, Diff: 0.0]
   [Code Root Fixup: 0.0 ms]
   [Code Root Migration: 0.0 ms]
   [Clear CT: 0.0 ms]
   [Other: 0.3 ms]
      [Choose CSet: 0.0 ms]
      [Ref Proc: 0.0 ms]
      [Ref Enq: 0.0 ms]
      [Free CSet: 0.1 ms]
   [Eden: 53.0M(53.0M)->0.0B(9216.0K) Survivors: 9216.0K->3072.0K Heap: 100.1M(256.0M)->40.5M(256.0M)]
 [Times: user=0.00 sys=0.00, real=0.00 secs] 
2014-07-10T11:38:07.459+0200: 118.239: [GC pause (G1 Evacuation Pause) (mixed) 118.239: [G1Ergonomics (CSet Construction) start choosing CSet, _pending_cards: 256, predicted base time: 1.31 ms, remaining time: 198.69 ms, target pause time: 200.00 ms]
 118.239: [G1Ergonomics (CSet Construction) add young regions to CSet, eden: 9 regions, survivors: 3 regions, predicted young region time: 6.65 ms]
 118.239: [G1Ergonomics (CSet Construction) finish adding old regions to CSet, reason: reclaimable percentage not over threshold, old: 4 regions, max: 26 regions, reclaimable: 26820184 bytes (9.99 %), threshold: 10.00 %]
 118.239: [G1Ergonomics (CSet Construction) finish choosing CSet, eden: 9 regions, survivors: 3 regions, old: 4 regions, predicted pause time: 8.29 ms, target pause time: 200.00 ms]
 118.246: [G1Ergonomics (Heap Sizing) attempt heap expansion, reason: recent GC overhead higher than threshold after GC, recent GC overhead: 25.30 %, threshold: 10.00 %, uncommitted: 0 bytes, calculated expansion amount: 0 bytes (20.00 %)]
 118.246: [G1Ergonomics (Mixed GCs) do not continue mixed GCs, reason: reclaimable percentage not over threshold, candidate old regions: 28 regions, reclaimable: 26820184 bytes (9.99 %), threshold: 10.00 %]
, 0.0078385 secs]
   [Parallel Time: 7.5 ms, GC Workers: 2]
      [GC Worker Start (ms): Min: 118238.6, Avg: 118238.6, Max: 118238.6, Diff: 0.0]
      [Ext Root Scanning (ms): Min: 0.3, Avg: 0.3, Max: 0.3, Diff: 0.0, Sum: 0.6]
      [Update RS (ms): Min: 0.0, Avg: 0.0, Max: 0.0, Diff: 0.0, Sum: 0.0]
         [Processed Buffers: Min: 1, Avg: 1.0, Max: 1, Diff: 0, Sum: 2]
      [Scan RS (ms): Min: 0.0, Avg: 0.0, Max: 0.0, Diff: 0.0, Sum: 0.1]
      [Code Root Scanning (ms): Min: 0.0, Avg: 0.0, Max: 0.0, Diff: 0.0, Sum: 0.0]
      [Object Copy (ms): Min: 7.1, Avg: 7.1, Max: 7.1, Diff: 0.0, Sum: 14.2]
      [Termination (ms): Min: 0.0, Avg: 0.0, Max: 0.0, Diff: 0.0, Sum: 0.0]
      [GC Worker Other (ms): Min: 0.0, Avg: 0.0, Max: 0.0, Diff: 0.0, Sum: 0.0]
      [GC Worker Total (ms): Min: 7.5, Avg: 7.5, Max: 7.5, Diff: 0.0, Sum: 15.0]
      [GC Worker End (ms): Min: 118246.1, Avg: 118246.1, Max: 118246.1, Diff: 0.0]
   [Code Root Fixup: 0.0 ms]
   [Code Root Migration: 0.0 ms]
   [Clear CT: 0.0 ms]
   [Other: 0.3 ms]
      [Choose CSet: 0.0 ms]
      [Ref Proc: 0.0 ms]
      [Ref Enq: 0.0 ms]
      [Free CSet: 0.0 ms]
   [Eden: 9216.0K(9216.0K)->0.0B(145.0M) Survivors: 3072.0K->2048.0K Heap: 49.5M(256.0M)->45.6M(256.0M)]
 [Times: user=0.00 sys=0.00, real=0.01 secs] 
2014-07-10T11:38:07.626+0200: 118.406: [GC pause (G1 Evacuation Pause) (young) 118.406: [G1Ergonomics (CSet Construction) start choosing CSet, _pending_cards: 528, predicted base time: 1.16 ms, remaining time: 198.84 ms, target pause time: 200.00 ms]
 118.406: [G1Ergonomics (CSet Construction) add young regions to CSet, eden: 145 regions, survivors: 2 regions, predicted young region time: 34.27 ms]
 118.406: [G1Ergonomics (CSet Construction) finish choosing CSet, eden: 145 regions, survivors: 2 regions, old: 0 regions, predicted pause time: 35.44 ms, target pause time: 200.00 ms]
 118.414: [G1Ergonomics (Heap Sizing) attempt heap expansion, reason: recent GC overhead higher than threshold after GC, recent GC overhead: 24.76 %, threshold: 10.00 %, uncommitted: 0 bytes, calculated expansion amount: 0 bytes (20.00 %)]
, 0.0083781 secs]
   [Parallel Time: 7.5 ms, GC Workers: 2]
      [GC Worker Start (ms): Min: 118405.8, Avg: 118405.8, Max: 118405.8, Diff: 0.0]
      [Ext Root Scanning (ms): Min: 0.3, Avg: 0.3, Max: 0.3, Diff: 0.0, Sum: 0.6]
      [Update RS (ms): Min: 0.1, Avg: 0.1, Max: 0.1, Diff: 0.0, Sum: 0.1]
         [Processed Buffers: Min: 2, Avg: 2.0, Max: 2, Diff: 0, Sum: 4]
      [Scan RS (ms): Min: 0.2, Avg: 0.2, Max: 0.2, Diff: 0.0, Sum: 0.5]
      [Code Root Scanning (ms): Min: 0.1, Avg: 0.1, Max: 0.1, Diff: 0.0, Sum: 0.2]
      [Object Copy (ms): Min: 6.7, Avg: 6.7, Max: 6.7, Diff: 0.0, Sum: 13.4]
      [Termination (ms): Min: 0.0, Avg: 0.0, Max: 0.0, Diff: 0.0, Sum: 0.0]
      [GC Worker Other (ms): Min: 0.0, Avg: 0.0, Max: 0.0, Diff: 0.0, Sum: 0.1]
      [GC Worker Total (ms): Min: 7.4, Avg: 7.4, Max: 7.4, Diff: 0.0, Sum: 14.9]
      [GC Worker End (ms): Min: 118413.3, Avg: 118413.3, Max: 118413.3, Diff: 0.0]
   [Code Root Fixup: 0.0 ms]
   [Code Root Migration: 0.0 ms]
   [Clear CT: 0.1 ms]
   [Other: 0.8 ms]
      [Choose CSet: 0.0 ms]
      [Ref Proc: 0.4 ms]
      [Ref Enq: 0.0 ms]
      [Free CSet: 0.2 ms]
   [Eden: 145.0M(145.0M)->0.0B(141.0M) Survivors: 2048.0K->12.0M Heap: 190.6M(256.0M)->54.8M(256.0M)]
 [Times: user=0.03 sys=0.00, real=0.01 secs] 
2014-07-10T11:38:07.718+0200: 118.498: [GC pause (G1 Evacuation Pause) (young) 118.498: [G1Ergonomics (CSet Construction) start choosing CSet, _pending_cards: 512, predicted base time: 1.19 ms, remaining time: 198.81 ms, target pause time: 200.00 ms]
 118.498: [G1Ergonomics (CSet Construction) add young regions to CSet, eden: 141 regions, survivors: 12 regions, predicted young region time: 97.92 ms]
 118.498: [G1Ergonomics (CSet Construction) finish choosing CSet, eden: 141 regions, survivors: 12 regions, old: 0 regions, predicted pause time: 99.11 ms, target pause time: 200.00 ms]
 118.513: [G1Ergonomics (Heap Sizing) attempt heap expansion, reason: recent GC overhead higher than threshold after GC, recent GC overhead: 20.47 %, threshold: 10.00 %, uncommitted: 0 bytes, calculated expansion amount: 0 bytes (20.00 %)]
, 0.0151042 secs]
   [Parallel Time: 14.1 ms, GC Workers: 2]
      [GC Worker Start (ms): Min: 118497.9, Avg: 118497.9, Max: 118497.9, Diff: 0.0]
      [Ext Root Scanning (ms): Min: 0.3, Avg: 0.3, Max: 0.3, Diff: 0.0, Sum: 0.6]
      [Update RS (ms): Min: 0.0, Avg: 0.0, Max: 0.0, Diff: 0.0, Sum: 0.1]
         [Processed Buffers: Min: 1, Avg: 1.5, Max: 2, Diff: 1, Sum: 3]
      [Scan RS (ms): Min: 0.3, Avg: 0.3, Max: 0.4, Diff: 0.1, Sum: 0.7]
      [Code Root Scanning (ms): Min: 0.1, Avg: 0.1, Max: 0.1, Diff: 0.0, Sum: 0.2]
      [Object Copy (ms): Min: 13.2, Avg: 13.3, Max: 13.3, Diff: 0.1, Sum: 26.5]
      [Termination (ms): Min: 0.0, Avg: 0.0, Max: 0.0, Diff: 0.0, Sum: 0.0]
      [GC Worker Other (ms): Min: 0.0, Avg: 0.0, Max: 0.0, Diff: 0.0, Sum: 0.1]
      [GC Worker Total (ms): Min: 14.1, Avg: 14.1, Max: 14.1, Diff: 0.0, Sum: 28.2]
      [GC Worker End (ms): Min: 118512.0, Avg: 118512.0, Max: 118512.0, Diff: 0.0]
   [Code Root Fixup: 0.0 ms]
   [Code Root Migration: 0.0 ms]
   [Clear CT: 0.2 ms]
   [Other: 0.8 ms]
      [Choose CSet: 0.0 ms]
      [Ref Proc: 0.4 ms]
      [Ref Enq: 0.0 ms]
      [Free CSet: 0.2 ms]
   [Eden: 141.0M(141.0M)->0.0B(133.0M) Survivors: 12.0M->20.0M Heap: 195.8M(256.0M)->63.7M(256.0M)]
 [Times: user=0.02 sys=0.00, real=0.02 secs] 
2014-07-10T11:38:07.833+0200: 118.613: [GC pause (G1 Evacuation Pause) (young) 118.613: [G1Ergonomics (CSet Construction) start choosing CSet, _pending_cards: 512, predicted base time: 1.23 ms, remaining time: 198.77 ms, target pause time: 200.00 ms]
 118.613: [G1Ergonomics (CSet Construction) add young regions to CSet, eden: 133 regions, survivors: 20 regions, predicted young region time: 94.07 ms]
 118.613: [G1Ergonomics (CSet Construction) finish choosing CSet, eden: 133 regions, survivors: 20 regions, old: 0 regions, predicted pause time: 95.30 ms, target pause time: 200.00 ms]
 118.629: [G1Ergonomics (Heap Sizing) attempt heap expansion, reason: recent GC overhead higher than threshold after GC, recent GC overhead: 20.40 %, threshold: 10.00 %, uncommitted: 0 bytes, calculated expansion amount: 0 bytes (20.00 %)]
, 0.0163706 secs]
   [Parallel Time: 15.8 ms, GC Workers: 2]
      [GC Worker Start (ms): Min: 118612.9, Avg: 118612.9, Max: 118612.9, Diff: 0.0]
      [Ext Root Scanning (ms): Min: 0.3, Avg: 0.3, Max: 0.3, Diff: 0.0, Sum: 0.7]
      [Update RS (ms): Min: 0.0, Avg: 0.0, Max: 0.1, Diff: 0.0, Sum: 0.1]
         [Processed Buffers: Min: 1, Avg: 1.5, Max: 2, Diff: 1, Sum: 3]
      [Scan RS (ms): Min: 0.2, Avg: 0.2, Max: 0.2, Diff: 0.0, Sum: 0.5]
      [Code Root Scanning (ms): Min: 0.1, Avg: 0.1, Max: 0.1, Diff: 0.0, Sum: 0.2]
      [Object Copy (ms): Min: 14.2, Avg: 14.3, Max: 14.4, Diff: 0.1, Sum: 28.6]
      [Termination (ms): Min: 0.0, Avg: 0.4, Max: 0.7, Diff: 0.7, Sum: 0.7]
      [GC Worker Other (ms): Min: 0.0, Avg: 0.0, Max: 0.0, Diff: 0.0, Sum: 0.1]
      [GC Worker Total (ms): Min: 15.1, Avg: 15.4, Max: 15.7, Diff: 0.6, Sum: 30.9]
      [GC Worker End (ms): Min: 118628.1, Avg: 118628.4, Max: 118628.7, Diff: 0.6]
   [Code Root Fixup: 0.0 ms]
   [Code Root Migration: 0.0 ms]
   [Clear CT: 0.1 ms]
   [Other: 0.4 ms]
      [Choose CSet: 0.0 ms]
      [Ref Proc: 0.0 ms]
      [Ref Enq: 0.0 ms]
      [Free CSet: 0.2 ms]
   [Eden: 133.0M(133.0M)->0.0B(133.0M) Survivors: 20.0M->20.0M Heap: 196.7M(256.0M)->64.6M(256.0M)]
 [Times: user=0.01 sys=0.00, real=0.02 secs] 
2014-07-10T11:38:07.999+0200: 118.779: [GC pause (G1 Evacuation Pause) (young) 118.779: [G1Ergonomics (CSet Construction) start choosing CSet, _pending_cards: 514, predicted base time: 1.24 ms, remaining time: 198.76 ms, target pause time: 200.00 ms]
 118.779: [G1Ergonomics (CSet Construction) add young regions to CSet, eden: 133 regions, survivors: 20 regions, predicted young region time: 85.30 ms]
 118.779: [G1Ergonomics (CSet Construction) finish choosing CSet, eden: 133 regions, survivors: 20 regions, old: 0 regions, predicted pause time: 86.54 ms, target pause time: 200.00 ms]
 118.794: [G1Ergonomics (Heap Sizing) attempt heap expansion, reason: recent GC overhead higher than threshold after GC, recent GC overhead: 15.99 %, threshold: 10.00 %, uncommitted: 0 bytes, calculated expansion amount: 0 bytes (20.00 %)]
, 0.0144022 secs]
   [Parallel Time: 11.0 ms, GC Workers: 2]
      [GC Worker Start (ms): Min: 118779.5, Avg: 118779.6, Max: 118779.6, Diff: 0.0]
      [Ext Root Scanning (ms): Min: 0.6, Avg: 0.6, Max: 0.6, Diff: 0.0, Sum: 1.1]
      [Update RS (ms): Min: 0.0, Avg: 0.1, Max: 0.1, Diff: 0.1, Sum: 0.2]
         [Processed Buffers: Min: 2, Avg: 2.0, Max: 2, Diff: 0, Sum: 4]
      [Scan RS (ms): Min: 0.4, Avg: 0.4, Max: 0.4, Diff: 0.1, Sum: 0.8]
      [Code Root Scanning (ms): Min: 0.1, Avg: 0.1, Max: 0.2, Diff: 0.0, Sum: 0.3]
      [Object Copy (ms): Min: 9.6, Avg: 9.7, Max: 9.7, Diff: 0.1, Sum: 19.3]
      [Termination (ms): Min: 0.0, Avg: 0.0, Max: 0.1, Diff: 0.1, Sum: 0.1]
      [GC Worker Other (ms): Min: 0.0, Avg: 0.0, Max: 0.0, Diff: 0.0, Sum: 0.1]
      [GC Worker Total (ms): Min: 10.9, Avg: 10.9, Max: 11.0, Diff: 0.0, Sum: 21.9]
      [GC Worker End (ms): Min: 118790.5, Avg: 118790.5, Max: 118790.5, Diff: 0.0]
   [Code Root Fixup: 0.0 ms]
   [Code Root Migration: 0.1 ms]
   [Clear CT: 0.2 ms]
   [Other: 3.1 ms]
      [Choose CSet: 0.1 ms]
      [Ref Proc: 2.2 ms]
      [Ref Enq: 0.0 ms]
      [Free CSet: 0.5 ms]
   [Eden: 133.0M(133.0M)->0.0B(143.0M) Survivors: 20.0M->10.0M Heap: 197.6M(256.0M)->54.2M(256.0M)]
 [Times: user=0.03 sys=0.00, real=0.01 secs] 
2014-07-10T11:38:08.100+0200: 118.880: [GC pause (G1 Evacuation Pause) (young) 118.880: [G1Ergonomics (CSet Construction) start choosing CSet, _pending_cards: 512, predicted base time: 2.34 ms, remaining time: 197.66 ms, target pause time: 200.00 ms]
 118.880: [G1Ergonomics (CSet Construction) add young regions to CSet, eden: 143 regions, survivors: 10 regions, predicted young region time: 118.24 ms]
 118.880: [G1Ergonomics (CSet Construction) finish choosing CSet, eden: 143 regions, survivors: 10 regions, old: 0 regions, predicted pause time: 120.58 ms, target pause time: 200.00 ms]
 118.894: [G1Ergonomics (Heap Sizing) attempt heap expansion, reason: recent GC overhead higher than threshold after GC, recent GC overhead: 14.57 %, threshold: 10.00 %, uncommitted: 0 bytes, calculated expansion amount: 0 bytes (20.00 %)]
, 0.0142408 secs]
   [Parallel Time: 13.2 ms, GC Workers: 2]
      [GC Worker Start (ms): Min: 118879.8, Avg: 118879.8, Max: 118879.8, Diff: 0.0]
      [Ext Root Scanning (ms): Min: 0.4, Avg: 0.4, Max: 0.5, Diff: 0.1, Sum: 0.8]
      [Update RS (ms): Min: 0.0, Avg: 0.0, Max: 0.1, Diff: 0.1, Sum: 0.1]
         [Processed Buffers: Min: 0, Avg: 1.5, Max: 3, Diff: 3, Sum: 3]
      [Scan RS (ms): Min: 0.2, Avg: 0.2, Max: 0.3, Diff: 0.1, Sum: 0.5]
      [Code Root Scanning (ms): Min: 0.1, Avg: 0.1, Max: 0.1, Diff: 0.0, Sum: 0.2]
      [Object Copy (ms): Min: 12.3, Avg: 12.3, Max: 12.3, Diff: 0.0, Sum: 24.7]
      [Termination (ms): Min: 0.0, Avg: 0.0, Max: 0.0, Diff: 0.0, Sum: 0.0]
      [GC Worker Other (ms): Min: 0.0, Avg: 0.0, Max: 0.0, Diff: 0.0, Sum: 0.1]
      [GC Worker Total (ms): Min: 13.2, Avg: 13.2, Max: 13.2, Diff: 0.0, Sum: 26.4]
      [GC Worker End (ms): Min: 118893.0, Avg: 118893.0, Max: 118893.0, Diff: 0.0]
   [Code Root Fixup: 0.0 ms]
   [Code Root Migration: 0.0 ms]
   [Clear CT: 0.1 ms]
   [Other: 0.9 ms]
      [Choose CSet: 0.0 ms]
      [Ref Proc: 0.4 ms]
      [Ref Enq: 0.0 ms]
      [Free CSet: 0.2 ms]
   [Eden: 143.0M(143.0M)->0.0B(133.0M) Survivors: 10.0M->20.0M Heap: 197.2M(256.0M)->65.1M(256.0M)]
 [Times: user=0.03 sys=0.00, real=0.01 secs] 
2014-07-10T11:38:08.231+0200: 119.011: [GC pause (G1 Evacuation Pause) (young) 119.011: [G1Ergonomics (CSet Construction) start choosing CSet, _pending_cards: 256, predicted base time: 2.09 ms, remaining time: 197.91 ms, target pause time: 200.00 ms]
 119.011: [G1Ergonomics (CSet Construction) add young regions to CSet, eden: 133 regions, survivors: 20 regions, predicted young region time: 83.55 ms]
 119.011: [G1Ergonomics (CSet Construction) finish choosing CSet, eden: 133 regions, survivors: 20 regions, old: 0 regions, predicted pause time: 85.64 ms, target pause time: 200.00 ms]
 119.026: [G1Ergonomics (Heap Sizing) attempt heap expansion, reason: recent GC overhead higher than threshold after GC, recent GC overhead: 14.62 %, threshold: 10.00 %, uncommitted: 0 bytes, calculated expansion amount: 0 bytes (20.00 %)]
, 0.0148608 secs]
   [Parallel Time: 14.1 ms, GC Workers: 2]
      [GC Worker Start (ms): Min: 119010.8, Avg: 119010.8, Max: 119010.8, Diff: 0.0]
      [Ext Root Scanning (ms): Min: 0.3, Avg: 0.3, Max: 0.4, Diff: 0.0, Sum: 0.7]
      [Update RS (ms): Min: 0.0, Avg: 0.0, Max: 0.1, Diff: 0.1, Sum: 0.1]
         [Processed Buffers: Min: 1, Avg: 1.0, Max: 1, Diff: 0, Sum: 2]
      [Scan RS (ms): Min: 0.2, Avg: 0.2, Max: 0.3, Diff: 0.0, Sum: 0.5]
      [Code Root Scanning (ms): Min: 0.1, Avg: 0.1, Max: 0.1, Diff: 0.0, Sum: 0.2]
      [Object Copy (ms): Min: 13.3, Avg: 13.3, Max: 13.3, Diff: 0.0, Sum: 26.6]
      [Termination (ms): Min: 0.0, Avg: 0.0, Max: 0.0, Diff: 0.0, Sum: 0.0]
      [GC Worker Other (ms): Min: 0.0, Avg: 0.0, Max: 0.0, Diff: 0.0, Sum: 0.1]
      [GC Worker Total (ms): Min: 14.1, Avg: 14.1, Max: 14.1, Diff: 0.0, Sum: 28.2]
      [GC Worker End (ms): Min: 119024.9, Avg: 119024.9, Max: 119024.9, Diff: 0.0]
   [Code Root Fixup: 0.0 ms]
   [Code Root Migration: 0.0 ms]
   [Clear CT: 0.1 ms]
   [Other: 0.6 ms]
      [Choose CSet: 0.0 ms]
      [Ref Proc: 0.2 ms]
      [Ref Enq: 0.0 ms]
      [Free CSet: 0.2 ms]
   [Eden: 133.0M(133.0M)->0.0B(133.0M) Survivors: 20.0M->20.0M Heap: 198.1M(256.0M)->66.5M(256.0M)]
 [Times: user=0.03 sys=0.00, real=0.02 secs] 
2014-07-10T11:38:08.400+0200: 119.180: [GC pause (G1 Evacuation Pause) (young) 119.180: [G1Ergonomics (CSet Construction) start choosing CSet, _pending_cards: 256, predicted base time: 1.84 ms, remaining time: 198.16 ms, target pause time: 200.00 ms]
 119.180: [G1Ergonomics (CSet Construction) add young regions to CSet, eden: 133 regions, survivors: 20 regions, predicted young region time: 99.20 ms]
 119.180: [G1Ergonomics (CSet Construction) finish choosing CSet, eden: 133 regions, survivors: 20 regions, old: 0 regions, predicted pause time: 101.04 ms, target pause time: 200.00 ms]
 119.196: [G1Ergonomics (Heap Sizing) attempt heap expansion, reason: recent GC overhead higher than threshold after GC, recent GC overhead: 13.17 %, threshold: 10.00 %, uncommitted: 0 bytes, calculated expansion amount: 0 bytes (20.00 %)]
, 0.0156773 secs]
   [Parallel Time: 14.9 ms, GC Workers: 2]
      [GC Worker Start (ms): Min: 119180.1, Avg: 119180.1, Max: 119180.1, Diff: 0.0]
      [Ext Root Scanning (ms): Min: 0.4, Avg: 0.4, Max: 0.4, Diff: 0.0, Sum: 0.8]
      [Update RS (ms): Min: 0.0, Avg: 0.0, Max: 0.1, Diff: 0.1, Sum: 0.1]
         [Processed Buffers: Min: 1, Avg: 1.0, Max: 1, Diff: 0, Sum: 2]
      [Scan RS (ms): Min: 0.3, Avg: 0.3, Max: 0.3, Diff: 0.0, Sum: 0.6]
      [Code Root Scanning (ms): Min: 0.1, Avg: 0.1, Max: 0.1, Diff: 0.0, Sum: 0.2]
      [Object Copy (ms): Min: 14.0, Avg: 14.0, Max: 14.0, Diff: 0.0, Sum: 28.0]
      [Termination (ms): Min: 0.0, Avg: 0.0, Max: 0.0, Diff: 0.0, Sum: 0.0]
      [GC Worker Other (ms): Min: 0.0, Avg: 0.0, Max: 0.0, Diff: 0.0, Sum: 0.1]
      [GC Worker Total (ms): Min: 14.9, Avg: 14.9, Max: 14.9, Diff: 0.0, Sum: 29.7]
      [GC Worker End (ms): Min: 119195.0, Avg: 119195.0, Max: 119195.0, Diff: 0.0]
   [Code Root Fixup: 0.0 ms]
   [Code Root Migration: 0.0 ms]
   [Clear CT: 0.1 ms]
   [Other: 0.6 ms]
      [Choose CSet: 0.0 ms]
      [Ref Proc: 0.2 ms]
      [Ref Enq: 0.0 ms]
      [Free CSet: 0.2 ms]
   [Eden: 133.0M(133.0M)->0.0B(133.0M) Survivors: 20.0M->20.0M Heap: 199.5M(256.0M)->68.8M(256.0M)]
 [Times: user=0.02 sys=0.00, real=0.02 secs] 
2014-07-10T11:38:08.494+0200: 119.274: [GC pause (G1 Evacuation Pause) (young) 119.274: [G1Ergonomics (CSet Construction) start choosing CSet, _pending_cards: 258, predicted base time: 1.67 ms, remaining time: 198.33 ms, target pause time: 200.00 ms]
 119.274: [G1Ergonomics (CSet Construction) add young regions to CSet, eden: 133 regions, survivors: 20 regions, predicted young region time: 36.46 ms]
 119.274: [G1Ergonomics (CSet Construction) finish choosing CSet, eden: 133 regions, survivors: 20 regions, old: 0 regions, predicted pause time: 38.13 ms, target pause time: 200.00 ms]
 119.283: [G1Ergonomics (Heap Sizing) attempt heap expansion, reason: recent GC overhead higher than threshold after GC, recent GC overhead: 11.52 %, threshold: 10.00 %, uncommitted: 0 bytes, calculated expansion amount: 0 bytes (20.00 %)]
, 0.0086065 secs]
   [Parallel Time: 7.9 ms, GC Workers: 2]
      [GC Worker Start (ms): Min: 119274.4, Avg: 119274.5, Max: 119274.5, Diff: 0.0]
      [Ext Root Scanning (ms): Min: 0.3, Avg: 0.3, Max: 0.3, Diff: 0.0, Sum: 0.7]
      [Update RS (ms): Min: 0.0, Avg: 0.0, Max: 0.1, Diff: 0.0, Sum: 0.1]
         [Processed Buffers: Min: 1, Avg: 1.5, Max: 2, Diff: 1, Sum: 3]
      [Scan RS (ms): Min: 0.2, Avg: 0.2, Max: 0.2, Diff: 0.0, Sum: 0.5]
      [Code Root Scanning (ms): Min: 0.1, Avg: 0.1, Max: 0.1, Diff: 0.0, Sum: 0.2]
      [Object Copy (ms): Min: 7.1, Avg: 7.1, Max: 7.1, Diff: 0.0, Sum: 14.2]
      [Termination (ms): Min: 0.0, Avg: 0.0, Max: 0.0, Diff: 0.0, Sum: 0.0]
      [GC Worker Other (ms): Min: 0.0, Avg: 0.0, Max: 0.0, Diff: 0.0, Sum: 0.1]
      [GC Worker Total (ms): Min: 7.8, Avg: 7.9, Max: 7.9, Diff: 0.0, Sum: 15.7]
      [GC Worker End (ms): Min: 119282.3, Avg: 119282.3, Max: 119282.3, Diff: 0.0]
   [Code Root Fixup: 0.0 ms]
   [Code Root Migration: 0.0 ms]
   [Clear CT: 0.1 ms]
   [Other: 0.5 ms]
      [Choose CSet: 0.0 ms]
      [Ref Proc: 0.1 ms]
      [Ref Enq: 0.0 ms]
      [Free CSet: 0.2 ms]
   [Eden: 133.0M(133.0M)->0.0B(142.0M) Survivors: 20.0M->11.0M Heap: 201.8M(256.0M)->59.8M(256.0M)]
 [Times: user=0.03 sys=0.00, real=0.01 secs] 
2014-07-10T11:38:08.644+0200: 119.424: [GC pause (G1 Evacuation Pause) (young) 119.424: [G1Ergonomics (CSet Construction) start choosing CSet, _pending_cards: 512, predicted base time: 1.57 ms, remaining time: 198.43 ms, target pause time: 200.00 ms]
 119.424: [G1Ergonomics (CSet Construction) add young regions to CSet, eden: 142 regions, survivors: 11 regions, predicted young region time: 98.54 ms]
 119.424: [G1Ergonomics (CSet Construction) finish choosing CSet, eden: 142 regions, survivors: 11 regions, old: 0 regions, predicted pause time: 100.11 ms, target pause time: 200.00 ms]
 119.438: [G1Ergonomics (Heap Sizing) attempt heap expansion, reason: recent GC overhead higher than threshold after GC, recent GC overhead: 10.80 %, threshold: 10.00 %, uncommitted: 0 bytes, calculated expansion amount: 0 bytes (20.00 %)]
, 0.0142313 secs]
   [Parallel Time: 13.6 ms, GC Workers: 2]
      [GC Worker Start (ms): Min: 119424.0, Avg: 119424.0, Max: 119424.0, Diff: 0.0]
      [Ext Root Scanning (ms): Min: 0.3, Avg: 0.3, Max: 0.3, Diff: 0.0, Sum: 0.6]
      [Update RS (ms): Min: 0.0, Avg: 0.0, Max: 0.0, Diff: 0.0, Sum: 0.1]
         [Processed Buffers: Min: 1, Avg: 1.5, Max: 2, Diff: 1, Sum: 3]
      [Scan RS (ms): Min: 0.2, Avg: 0.2, Max: 0.2, Diff: 0.0, Sum: 0.5]
      [Code Root Scanning (ms): Min: 0.1, Avg: 0.1, Max: 0.1, Diff: 0.0, Sum: 0.2]
      [Object Copy (ms): Min: 12.8, Avg: 12.8, Max: 12.8, Diff: 0.0, Sum: 25.5]
      [Termination (ms): Min: 0.0, Avg: 0.0, Max: 0.0, Diff: 0.0, Sum: 0.0]
      [GC Worker Other (ms): Min: 0.0, Avg: 0.0, Max: 0.0, Diff: 0.0, Sum: 0.1]
      [GC Worker Total (ms): Min: 13.5, Avg: 13.5, Max: 13.5, Diff: 0.0, Sum: 27.0]
      [GC Worker End (ms): Min: 119437.5, Avg: 119437.5, Max: 119437.5, Diff: 0.0]
   [Code Root Fixup: 0.0 ms]
   [Code Root Migration: 0.0 ms]
   [Clear CT: 0.1 ms]
   [Other: 0.5 ms]
      [Choose CSet: 0.0 ms]
      [Ref Proc: 0.1 ms]
      [Ref Enq: 0.0 ms]
      [Free CSet: 0.2 ms]
   [Eden: 142.0M(142.0M)->0.0B(133.0M) Survivors: 11.0M->20.0M Heap: 201.8M(256.0M)->69.7M(256.0M)]
 [Times: user=0.03 sys=0.00, real=0.01 secs] 
2014-07-10T11:38:08.798+0200: 119.577: [GC pause (G1 Evacuation Pause) (young) 119.577: [G1Ergonomics (CSet Construction) start choosing CSet, _pending_cards: 512, predicted base time: 1.42 ms, remaining time: 198.58 ms, target pause time: 200.00 ms]
 119.577: [G1Ergonomics (CSet Construction) add young regions to CSet, eden: 133 regions, survivors: 20 regions, predicted young region time: 29.72 ms]
 119.577: [G1Ergonomics (CSet Construction) finish choosing CSet, eden: 133 regions, survivors: 20 regions, old: 0 regions, predicted pause time: 31.14 ms, target pause time: 200.00 ms]
 119.592: [G1Ergonomics (Heap Sizing) attempt heap expansion, reason: recent GC overhead higher than threshold after GC, recent GC overhead: 10.71 %, threshold: 10.00 %, uncommitted: 0 bytes, calculated expansion amount: 0 bytes (20.00 %)]
, 0.0151031 secs]
   [Parallel Time: 14.5 ms, GC Workers: 2]
      [GC Worker Start (ms): Min: 119577.5, Avg: 119577.5, Max: 119577.5, Diff: 0.0]
      [Ext Root Scanning (ms): Min: 0.3, Avg: 0.3, Max: 0.3, Diff: 0.0, Sum: 0.7]
      [Update RS (ms): Min: 0.0, Avg: 0.1, Max: 0.1, Diff: 0.0, Sum: 0.1]
         [Processed Buffers: Min: 1, Avg: 1.5, Max: 2, Diff: 1, Sum: 3]
      [Scan RS (ms): Min: 0.2, Avg: 0.2, Max: 0.2, Diff: 0.0, Sum: 0.5]
      [Code Root Scanning (ms): Min: 0.1, Avg: 0.1, Max: 0.1, Diff: 0.0, Sum: 0.2]
      [Object Copy (ms): Min: 13.5, Avg: 13.6, Max: 13.6, Diff: 0.0, Sum: 27.1]
      [Termination (ms): Min: 0.0, Avg: 0.0, Max: 0.0, Diff: 0.0, Sum: 0.0]
      [GC Worker Other (ms): Min: 0.0, Avg: 0.0, Max: 0.0, Diff: 0.0, Sum: 0.1]
      [GC Worker Total (ms): Min: 14.3, Avg: 14.3, Max: 14.3, Diff: 0.0, Sum: 28.6]
      [GC Worker End (ms): Min: 119591.8, Avg: 119591.8, Max: 119591.8, Diff: 0.0]
   [Code Root Fixup: 0.0 ms]
   [Code Root Migration: 0.0 ms]
   [Clear CT: 0.1 ms]
   [Other: 0.5 ms]
      [Choose CSet: 0.0 ms]
      [Ref Proc: 0.1 ms]
      [Ref Enq: 0.0 ms]
      [Free CSet: 0.2 ms]
   [Eden: 133.0M(133.0M)->0.0B(133.0M) Survivors: 20.0M->20.0M Heap: 202.7M(256.0M)->71.4M(256.0M)]
 [Times: user=0.02 sys=0.00, real=0.02 secs] 
2014-07-10T11:38:08.899+0200: 119.678: [GC pause (G1 Evacuation Pause) (young) 119.678: [G1Ergonomics (CSet Construction) start choosing CSet, _pending_cards: 256, predicted base time: 1.29 ms, remaining time: 198.71 ms, target pause time: 200.00 ms]
 119.678: [G1Ergonomics (CSet Construction) add young regions to CSet, eden: 133 regions, survivors: 20 regions, predicted young region time: 88.06 ms]
 119.678: [G1Ergonomics (CSet Construction) finish choosing CSet, eden: 133 regions, survivors: 20 regions, old: 0 regions, predicted pause time: 89.36 ms, target pause time: 200.00 ms]
 119.694: [G1Ergonomics (Heap Sizing) attempt heap expansion, reason: recent GC overhead higher than threshold after GC, recent GC overhead: 10.13 %, threshold: 10.00 %, uncommitted: 0 bytes, calculated expansion amount: 0 bytes (20.00 %)]
, 0.0155992 secs]
   [Parallel Time: 14.9 ms, GC Workers: 2]
      [GC Worker Start (ms): Min: 119678.5, Avg: 119678.5, Max: 119678.5, Diff: 0.0]
      [Ext Root Scanning (ms): Min: 0.3, Avg: 0.3, Max: 0.3, Diff: 0.0, Sum: 0.7]
      [Update RS (ms): Min: 0.0, Avg: 0.0, Max: 0.0, Diff: 0.0, Sum: 0.1]
         [Processed Buffers: Min: 1, Avg: 1.0, Max: 1, Diff: 0, Sum: 2]
      [Scan RS (ms): Min: 0.2, Avg: 0.2, Max: 0.3, Diff: 0.0, Sum: 0.5]
      [Code Root Scanning (ms): Min: 0.1, Avg: 0.1, Max: 0.1, Diff: 0.0, Sum: 0.2]
      [Object Copy (ms): Min: 14.1, Avg: 14.1, Max: 14.1, Diff: 0.0, Sum: 28.1]
      [Termination (ms): Min: 0.0, Avg: 0.0, Max: 0.0, Diff: 0.0, Sum: 0.0]
      [GC Worker Other (ms): Min: 0.0, Avg: 0.0, Max: 0.0, Diff: 0.0, Sum: 0.1]
      [GC Worker Total (ms): Min: 14.8, Avg: 14.8, Max: 14.8, Diff: 0.0, Sum: 29.7]
      [GC Worker End (ms): Min: 119693.4, Avg: 119693.4, Max: 119693.4, Diff: 0.0]
   [Code Root Fixup: 0.0 ms]
   [Code Root Migration: 0.0 ms]
   [Clear CT: 0.1 ms]
   [Other: 0.6 ms]
      [Choose CSet: 0.1 ms]
      [Ref Proc: 0.1 ms]
      [Ref Enq: 0.0 ms]
      [Free CSet: 0.2 ms]
   [Eden: 133.0M(133.0M)->0.0B(131.0M) Survivors: 20.0M->20.0M Heap: 204.4M(256.0M)->74.1M(256.0M)]
 [Times: user=0.03 sys=0.00, real=0.02 secs] 
2014-07-10T11:38:09.039+0200: 119.818: [GC pause (G1 Evacuation Pause) (young) 119.818: [G1Ergonomics (CSet Construction) start choosing CSet, _pending_cards: 257, predicted base time: 1.23 ms, remaining time: 198.77 ms, target pause time: 200.00 ms]
 119.818: [G1Ergonomics (CSet Construction) add young regions to CSet, eden: 131 regions, survivors: 20 regions, predicted young region time: 85.25 ms]
 119.818: [G1Ergonomics (CSet Construction) finish choosing CSet, eden: 131 regions, survivors: 20 regions, old: 0 regions, predicted pause time: 86.48 ms, target pause time: 200.00 ms]
 119.828: [G1Ergonomics (Heap Sizing) attempt heap expansion, reason: recent GC overhead higher than threshold after GC, recent GC overhead: 11.22 %, threshold: 10.00 %, uncommitted: 0 bytes, calculated expansion amount: 0 bytes (20.00 %)]
, 0.0100499 secs]
   [Parallel Time: 9.4 ms, GC Workers: 2]
      [GC Worker Start (ms): Min: 119817.7, Avg: 119817.7, Max: 119817.7, Diff: 0.0]
      [Ext Root Scanning (ms): Min: 0.4, Avg: 0.5, Max: 0.7, Diff: 0.3, Sum: 1.1]
      [Update RS (ms): Min: 0.0, Avg: 0.0, Max: 0.1, Diff: 0.1, Sum: 0.1]
         [Processed Buffers: Min: 0, Avg: 1.5, Max: 3, Diff: 3, Sum: 3]
      [Scan RS (ms): Min: 0.3, Avg: 0.3, Max: 0.4, Diff: 0.1, Sum: 0.7]
      [Code Root Scanning (ms): Min: 0.1, Avg: 0.1, Max: 0.1, Diff: 0.0, Sum: 0.2]
      [Object Copy (ms): Min: 8.3, Avg: 8.3, Max: 8.3, Diff: 0.0, Sum: 16.7]
      [Termination (ms): Min: 0.0, Avg: 0.0, Max: 0.0, Diff: 0.0, Sum: 0.0]
      [GC Worker Other (ms): Min: 0.0, Avg: 0.0, Max: 0.0, Diff: 0.0, Sum: 0.1]
      [GC Worker Total (ms): Min: 9.4, Avg: 9.4, Max: 9.4, Diff: 0.0, Sum: 18.8]
      [GC Worker End (ms): Min: 119827.1, Avg: 119827.1, Max: 119827.1, Diff: 0.0]
   [Code Root Fixup: 0.0 ms]
   [Code Root Migration: 0.0 ms]
   [Clear CT: 0.1 ms]
   [Other: 0.5 ms]
      [Choose CSet: 0.0 ms]
      [Ref Proc: 0.1 ms]
      [Ref Enq: 0.0 ms]
      [Free CSet: 0.2 ms]
   [Eden: 131.0M(131.0M)->0.0B(139.0M) Survivors: 20.0M->14.0M Heap: 205.1M(256.0M)->67.5M(256.0M)]
 [Times: user=0.02 sys=0.00, real=0.01 secs] 
2014-07-10T11:38:09.207+0200: 119.986: [GC pause (G1 Evacuation Pause) (young) 119.986: [G1Ergonomics (CSet Construction) start choosing CSet, _pending_cards: 256, predicted base time: 1.21 ms, remaining time: 198.79 ms, target pause time: 200.00 ms]
 119.986: [G1Ergonomics (CSet Construction) add young regions to CSet, eden: 139 regions, survivors: 14 regions, predicted young region time: 74.49 ms]
 119.986: [G1Ergonomics (CSet Construction) finish choosing CSet, eden: 139 regions, survivors: 14 regions, old: 0 regions, predicted pause time: 75.70 ms, target pause time: 200.00 ms]
 120.005: [G1Ergonomics (Heap Sizing) attempt heap expansion, reason: recent GC overhead higher than threshold after GC, recent GC overhead: 10.54 %, threshold: 10.00 %, uncommitted: 0 bytes, calculated expansion amount: 0 bytes (20.00 %)]
, 0.0192955 secs]
   [Parallel Time: 18.5 ms, GC Workers: 2]
      [GC Worker Start (ms): Min: 119985.8, Avg: 119985.8, Max: 119985.8, Diff: 0.0]
      [Ext Root Scanning (ms): Min: 0.6, Avg: 0.6, Max: 0.7, Diff: 0.1, Sum: 1.3]
      [Update RS (ms): Min: 0.0, Avg: 0.1, Max: 0.1, Diff: 0.1, Sum: 0.2]
         [Processed Buffers: Min: 1, Avg: 1.0, Max: 1, Diff: 0, Sum: 2]
      [Scan RS (ms): Min: 0.4, Avg: 0.4, Max: 0.4, Diff: 0.0, Sum: 0.8]
      [Code Root Scanning (ms): Min: 0.1, Avg: 0.1, Max: 0.2, Diff: 0.0, Sum: 0.3]
      [Object Copy (ms): Min: 17.0, Avg: 17.0, Max: 17.0, Diff: 0.0, Sum: 33.9]
      [Termination (ms): Min: 0.0, Avg: 0.0, Max: 0.0, Diff: 0.0, Sum: 0.0]
      [GC Worker Other (ms): Min: 0.0, Avg: 0.0, Max: 0.0, Diff: 0.0, Sum: 0.1]
      [GC Worker Total (ms): Min: 18.3, Avg: 18.3, Max: 18.3, Diff: 0.0, Sum: 36.6]
      [GC Worker End (ms): Min: 120004.1, Avg: 120004.1, Max: 120004.1, Diff: 0.0]
   [Code Root Fixup: 0.0 ms]
   [Code Root Migration: 0.0 ms]
   [Clear CT: 0.2 ms]
   [Other: 0.6 ms]
      [Choose CSet: 0.1 ms]
      [Ref Proc: 0.1 ms]
      [Ref Enq: 0.0 ms]
      [Free CSet: 0.3 ms]
   [Eden: 139.0M(139.0M)->0.0B(133.0M) Survivors: 14.0M->20.0M Heap: 206.5M(256.0M)->74.4M(256.0M)]
 [Times: user=0.03 sys=0.00, real=0.02 secs] 
2014-07-10T11:38:09.300+0200: 120.079: [GC pause (G1 Evacuation Pause) (young) 120.079: [G1Ergonomics (CSet Construction) start choosing CSet, _pending_cards: 256, predicted base time: 1.36 ms, remaining time: 198.64 ms, target pause time: 200.00 ms]
 120.079: [G1Ergonomics (CSet Construction) add young regions to CSet, eden: 133 regions, survivors: 20 regions, predicted young region time: 95.79 ms]
 120.079: [G1Ergonomics (CSet Construction) finish choosing CSet, eden: 133 regions, survivors: 20 regions, old: 0 regions, predicted pause time: 97.15 ms, target pause time: 200.00 ms]
 120.094: [G1Ergonomics (Heap Sizing) attempt heap expansion, reason: recent GC overhead higher than threshold after GC, recent GC overhead: 10.28 %, threshold: 10.00 %, uncommitted: 0 bytes, calculated expansion amount: 0 bytes (20.00 %)]
, 0.0149910 secs]
   [Parallel Time: 14.0 ms, GC Workers: 2]
      [GC Worker Start (ms): Min: 120079.2, Avg: 120079.2, Max: 120079.2, Diff: 0.0]
      [Ext Root Scanning (ms): Min: 0.4, Avg: 0.4, Max: 0.4, Diff: 0.0, Sum: 0.7]
      [Update RS (ms): Min: 0.0, Avg: 0.0, Max: 0.1, Diff: 0.0, Sum: 0.1]
         [Processed Buffers: Min: 1, Avg: 1.0, Max: 1, Diff: 0, Sum: 2]
      [Scan RS (ms): Min: 0.2, Avg: 0.3, Max: 0.3, Diff: 0.0, Sum: 0.5]
      [Code Root Scanning (ms): Min: 0.1, Avg: 0.1, Max: 0.1, Diff: 0.0, Sum: 0.2]
      [Object Copy (ms): Min: 13.1, Avg: 13.1, Max: 13.1, Diff: 0.0, Sum: 26.3]
      [Termination (ms): Min: 0.0, Avg: 0.0, Max: 0.0, Diff: 0.0, Sum: 0.0]
      [GC Worker Other (ms): Min: 0.0, Avg: 0.0, Max: 0.0, Diff: 0.0, Sum: 0.1]
      [GC Worker Total (ms): Min: 13.9, Avg: 13.9, Max: 13.9, Diff: 0.0, Sum: 27.9]
      [GC Worker End (ms): Min: 120093.1, Avg: 120093.1, Max: 120093.1, Diff: 0.0]
   [Code Root Fixup: 0.0 ms]
   [Code Root Migration: 0.3 ms]
   [Clear CT: 0.2 ms]
   [Other: 0.5 ms]
      [Choose CSet: 0.0 ms]
      [Ref Proc: 0.1 ms]
      [Ref Enq: 0.0 ms]
      [Free CSet: 0.2 ms]
   [Eden: 133.0M(133.0M)->0.0B(132.0M) Survivors: 20.0M->20.0M Heap: 207.4M(256.0M)->75.6M(256.0M)]
 [Times: user=0.03 sys=0.00, real=0.02 secs] 
Heap
 garbage-first heap   total 262144K, used 190048K [0x00000000f0000000, 0x0000000100000000, 0x0000000100000000)
  region size 1024K, 131 young (134144K), 20 survivors (20480K)
 Metaspace       used 2464K, capacity 4490K, committed 4864K, reserved 1056768K
  class space    used 269K, capacity 386K, committed 512K, reserved 1048576K
