Java HotSpot(TM) 64-Bit Server VM (25.5-b02) for windows-amd64 JRE (1.8.0_05-b13), built on Mar 18 2014 01:08:39 by "java_re" with MS VC++ 10.0 (VS2010)
Memory: 4k page, physical 8376184k(5205376k free), swap 16750504k(12361300k free)
CommandLine flags: -XX:InitialHeapSize=134018944 -XX:LogFile=jvm.log -XX:MaxHeapSize=1073741824 -XX:+PrintFlagsFinal -XX:+PrintGC -XX:+PrintGCDateStamps -XX:+PrintGCDetails -XX:+PrintGCTimeStamps -XX:+UnlockDiagnosticVMOptions -XX:+UseCompressedClassPointers -XX:+UseCompressedOops -XX:+UseG1GC -XX:-UseLargePagesIndividualAllocation 
2014-07-10T11:58:01.178+0200: 0.252: [GC pause (G1 Evacuation Pause) (young), 0.0061945 secs]
   [Parallel Time: 5.9 ms, GC Workers: 2]
      [GC Worker Start (ms): Min: 252.4, Avg: 252.4, Max: 252.4, Diff: 0.0]
      [Ext Root Scanning (ms): Min: 1.1, Avg: 1.1, Max: 1.1, Diff: 0.0, Sum: 2.3]
      [Update RS (ms): Min: 0.0, Avg: 0.0, Max: 0.0, Diff: 0.0, Sum: 0.0]
         [Processed Buffers: Min: 0, Avg: 0.0, Max: 0, Diff: 0, Sum: 0]
      [Scan RS (ms): Min: 0.0, Avg: 0.0, Max: 0.0, Diff: 0.0, Sum: 0.0]
      [Code Root Scanning (ms): Min: 0.0, Avg: 0.0, Max: 0.0, Diff: 0.0, Sum: 0.0]
      [Object Copy (ms): Min: 4.5, Avg: 4.5, Max: 4.5, Diff: 0.1, Sum: 9.0]
      [Termination (ms): Min: 0.0, Avg: 0.0, Max: 0.0, Diff: 0.0, Sum: 0.0]
      [GC Worker Other (ms): Min: 0.1, Avg: 0.1, Max: 0.1, Diff: 0.0, Sum: 0.2]
      [GC Worker Total (ms): Min: 5.8, Avg: 5.8, Max: 5.8, Diff: 0.0, Sum: 11.5]
      [GC Worker End (ms): Min: 258.2, Avg: 258.2, Max: 258.2, Diff: 0.0]
   [Code Root Fixup: 0.0 ms]
   [Code Root Migration: 0.0 ms]
   [Clear CT: 0.0 ms]
   [Other: 0.3 ms]
      [Choose CSet: 0.0 ms]
      [Ref Proc: 0.1 ms]
      [Ref Enq: 0.0 ms]
      [Free CSet: 0.0 ms]
   [Eden: 6144.0K(6144.0K)->0.0B(5120.0K) Survivors: 0.0B->1024.0K Heap: 6144.0K(128.0M)->5920.4K(128.0M)]
 [Times: user=0.00 sys=0.00, real=0.01 secs] 
2014-07-10T11:58:01.188+0200: 0.262: [GC pause (G1 Evacuation Pause) (young), 0.0059595 secs]
   [Parallel Time: 5.7 ms, GC Workers: 2]
      [GC Worker Start (ms): Min: 261.9, Avg: 261.9, Max: 261.9, Diff: 0.0]
      [Ext Root Scanning (ms): Min: 0.4, Avg: 0.4, Max: 0.4, Diff: 0.0, Sum: 0.7]
      [Update RS (ms): Min: 0.0, Avg: 0.0, Max: 0.0, Diff: 0.0, Sum: 0.0]
         [Processed Buffers: Min: 0, Avg: 0.0, Max: 0, Diff: 0, Sum: 0]
      [Scan RS (ms): Min: 0.0, Avg: 0.0, Max: 0.0, Diff: 0.0, Sum: 0.0]
      [Code Root Scanning (ms): Min: 0.0, Avg: 0.0, Max: 0.0, Diff: 0.0, Sum: 0.0]
      [Object Copy (ms): Min: 5.2, Avg: 5.2, Max: 5.2, Diff: 0.0, Sum: 10.4]
      [Termination (ms): Min: 0.0, Avg: 0.0, Max: 0.0, Diff: 0.0, Sum: 0.0]
      [GC Worker Other (ms): Min: 0.0, Avg: 0.0, Max: 0.0, Diff: 0.0, Sum: 0.1]
      [GC Worker Total (ms): Min: 5.6, Avg: 5.6, Max: 5.7, Diff: 0.0, Sum: 11.3]
      [GC Worker End (ms): Min: 267.5, Avg: 267.5, Max: 267.5, Diff: 0.0]
   [Code Root Fixup: 0.0 ms]
   [Code Root Migration: 0.0 ms]
   [Clear CT: 0.0 ms]
   [Other: 0.2 ms]
      [Choose CSet: 0.0 ms]
      [Ref Proc: 0.1 ms]
      [Ref Enq: 0.0 ms]
      [Free CSet: 0.0 ms]
   [Eden: 5120.0K(5120.0K)->0.0B(7168.0K) Survivors: 1024.0K->1024.0K Heap: 10.8M(128.0M)->10.8M(128.0M)]
 [Times: user=0.02 sys=0.01, real=0.01 secs] 
2014-07-10T11:58:01.198+0200: 0.272: [GC pause (G1 Evacuation Pause) (young), 0.0071954 secs]
   [Parallel Time: 6.9 ms, GC Workers: 2]
      [GC Worker Start (ms): Min: 271.6, Avg: 271.6, Max: 271.6, Diff: 0.0]
      [Ext Root Scanning (ms): Min: 0.4, Avg: 0.4, Max: 0.4, Diff: 0.0, Sum: 0.7]
      [Update RS (ms): Min: 0.1, Avg: 0.4, Max: 0.7, Diff: 0.5, Sum: 0.8]
         [Processed Buffers: Min: 1, Avg: 2.0, Max: 3, Diff: 2, Sum: 4]
      [Scan RS (ms): Min: 0.0, Avg: 0.0, Max: 0.0, Diff: 0.0, Sum: 0.0]
      [Code Root Scanning (ms): Min: 0.0, Avg: 0.0, Max: 0.0, Diff: 0.0, Sum: 0.0]
      [Object Copy (ms): Min: 5.8, Avg: 6.0, Max: 6.3, Diff: 0.5, Sum: 12.1]
      [Termination (ms): Min: 0.0, Avg: 0.0, Max: 0.0, Diff: 0.0, Sum: 0.0]
      [GC Worker Other (ms): Min: 0.0, Avg: 0.0, Max: 0.0, Diff: 0.0, Sum: 0.1]
      [GC Worker Total (ms): Min: 6.8, Avg: 6.8, Max: 6.8, Diff: 0.0, Sum: 13.7]
      [GC Worker End (ms): Min: 278.4, Avg: 278.4, Max: 278.4, Diff: 0.0]
   [Code Root Fixup: 0.0 ms]
   [Code Root Migration: 0.0 ms]
   [Clear CT: 0.1 ms]
   [Other: 0.2 ms]
      [Choose CSet: 0.0 ms]
      [Ref Proc: 0.1 ms]
      [Ref Enq: 0.0 ms]
      [Free CSet: 0.0 ms]
   [Eden: 7168.0K(7168.0K)->0.0B(10.0M) Survivors: 1024.0K->1024.0K Heap: 17.8M(128.0M)->17.8M(128.0M)]
 [Times: user=0.00 sys=0.00, real=0.01 secs] 
2014-07-10T11:58:01.211+0200: 0.285: [GC pause (G1 Evacuation Pause) (young), 0.0082014 secs]
   [Parallel Time: 8.0 ms, GC Workers: 2]
      [GC Worker Start (ms): Min: 284.7, Avg: 284.7, Max: 284.7, Diff: 0.0]
      [Ext Root Scanning (ms): Min: 0.3, Avg: 0.3, Max: 0.3, Diff: 0.0, Sum: 0.6]
      [Update RS (ms): Min: 0.1, Avg: 0.1, Max: 0.1, Diff: 0.0, Sum: 0.1]
         [Processed Buffers: Min: 2, Avg: 2.0, Max: 2, Diff: 0, Sum: 4]
      [Scan RS (ms): Min: 0.0, Avg: 0.0, Max: 0.0, Diff: 0.0, Sum: 0.1]
      [Code Root Scanning (ms): Min: 0.0, Avg: 0.0, Max: 0.0, Diff: 0.0, Sum: 0.0]
      [Object Copy (ms): Min: 7.5, Avg: 7.5, Max: 7.5, Diff: 0.0, Sum: 15.0]
      [Termination (ms): Min: 0.0, Avg: 0.0, Max: 0.0, Diff: 0.0, Sum: 0.0]
      [GC Worker Other (ms): Min: 0.0, Avg: 0.0, Max: 0.0, Diff: 0.0, Sum: 0.0]
      [GC Worker Total (ms): Min: 7.9, Avg: 7.9, Max: 7.9, Diff: 0.0, Sum: 15.9]
      [GC Worker End (ms): Min: 292.6, Avg: 292.6, Max: 292.6, Diff: 0.0]
   [Code Root Fixup: 0.0 ms]
   [Code Root Migration: 0.0 ms]
   [Clear CT: 0.0 ms]
   [Other: 0.2 ms]
      [Choose CSet: 0.0 ms]
      [Ref Proc: 0.1 ms]
      [Ref Enq: 0.0 ms]
      [Free CSet: 0.0 ms]
   [Eden: 10.0M(10.0M)->0.0B(12.0M) Survivors: 1024.0K->2048.0K Heap: 27.8M(128.0M)->27.8M(128.0M)]
 [Times: user=0.00 sys=0.00, real=0.01 secs] 
2014-07-10T11:58:01.225+0200: 0.299: [GC pause (G1 Evacuation Pause) (young), 0.0101350 secs]
   [Parallel Time: 9.9 ms, GC Workers: 2]
      [GC Worker Start (ms): Min: 299.2, Avg: 299.2, Max: 299.2, Diff: 0.0]
      [Ext Root Scanning (ms): Min: 0.3, Avg: 0.3, Max: 0.3, Diff: 0.0, Sum: 0.6]
      [Update RS (ms): Min: 0.1, Avg: 0.1, Max: 0.1, Diff: 0.0, Sum: 0.2]
         [Processed Buffers: Min: 2, Avg: 2.0, Max: 2, Diff: 0, Sum: 4]
      [Scan RS (ms): Min: 0.0, Avg: 0.0, Max: 0.0, Diff: 0.0, Sum: 0.0]
      [Code Root Scanning (ms): Min: 0.0, Avg: 0.0, Max: 0.0, Diff: 0.0, Sum: 0.0]
      [Object Copy (ms): Min: 9.5, Avg: 9.5, Max: 9.5, Diff: 0.0, Sum: 18.9]
      [Termination (ms): Min: 0.0, Avg: 0.0, Max: 0.0, Diff: 0.0, Sum: 0.0]
      [GC Worker Other (ms): Min: 0.0, Avg: 0.0, Max: 0.0, Diff: 0.0, Sum: 0.1]
      [GC Worker Total (ms): Min: 9.9, Avg: 9.9, Max: 9.9, Diff: 0.0, Sum: 19.8]
      [GC Worker End (ms): Min: 309.0, Avg: 309.0, Max: 309.0, Diff: 0.0]
   [Code Root Fixup: 0.0 ms]
   [Code Root Migration: 0.0 ms]
   [Clear CT: 0.0 ms]
   [Other: 0.2 ms]
      [Choose CSet: 0.0 ms]
      [Ref Proc: 0.0 ms]
      [Ref Enq: 0.0 ms]
      [Free CSet: 0.0 ms]
   [Eden: 12.0M(12.0M)->0.0B(16.0M) Survivors: 2048.0K->2048.0K Heap: 39.8M(128.0M)->39.8M(128.0M)]
 [Times: user=0.00 sys=0.00, real=0.01 secs] 
2014-07-10T11:58:01.243+0200: 0.317: [GC pause (G1 Evacuation Pause) (young), 0.0147310 secs]
   [Parallel Time: 13.5 ms, GC Workers: 2]
      [GC Worker Start (ms): Min: 317.0, Avg: 317.0, Max: 317.0, Diff: 0.0]
      [Ext Root Scanning (ms): Min: 0.3, Avg: 0.3, Max: 0.4, Diff: 0.0, Sum: 0.7]
      [Update RS (ms): Min: 0.1, Avg: 0.1, Max: 0.1, Diff: 0.1, Sum: 0.2]
         [Processed Buffers: Min: 2, Avg: 2.0, Max: 2, Diff: 0, Sum: 4]
      [Scan RS (ms): Min: 0.0, Avg: 0.0, Max: 0.0, Diff: 0.0, Sum: 0.1]
      [Code Root Scanning (ms): Min: 0.0, Avg: 0.0, Max: 0.0, Diff: 0.0, Sum: 0.0]
      [Object Copy (ms): Min: 12.9, Avg: 12.9, Max: 13.0, Diff: 0.0, Sum: 25.9]
      [Termination (ms): Min: 0.0, Avg: 0.0, Max: 0.1, Diff: 0.1, Sum: 0.1]
      [GC Worker Other (ms): Min: 0.0, Avg: 0.0, Max: 0.0, Diff: 0.0, Sum: 0.1]
      [GC Worker Total (ms): Min: 13.5, Avg: 13.5, Max: 13.5, Diff: 0.0, Sum: 27.0]
      [GC Worker End (ms): Min: 330.5, Avg: 330.5, Max: 330.5, Diff: 0.0]
   [Code Root Fixup: 0.0 ms]
   [Code Root Migration: 0.0 ms]
   [Clear CT: 0.0 ms]
   [Other: 1.2 ms]
      [Choose CSet: 0.0 ms]
      [Ref Proc: 0.1 ms]
      [Ref Enq: 0.0 ms]
      [Free CSet: 0.0 ms]
   [Eden: 16.0M(16.0M)->0.0B(20.0M) Survivors: 2048.0K->3072.0K Heap: 55.8M(128.0M)->55.8M(256.0M)]
 [Times: user=0.00 sys=0.03, real=0.01 secs] 
2014-07-10T11:58:01.274+0200: 0.348: [GC pause (G1 Evacuation Pause) (young), 0.0092470 secs]
   [Parallel Time: 7.5 ms, GC Workers: 2]
      [GC Worker Start (ms): Min: 347.9, Avg: 347.9, Max: 347.9, Diff: 0.0]
      [Ext Root Scanning (ms): Min: 0.3, Avg: 0.3, Max: 0.3, Diff: 0.0, Sum: 0.6]
      [Update RS (ms): Min: 0.0, Avg: 0.0, Max: 0.0, Diff: 0.0, Sum: 0.1]
         [Processed Buffers: Min: 1, Avg: 2.0, Max: 3, Diff: 2, Sum: 4]
      [Scan RS (ms): Min: 0.1, Avg: 0.1, Max: 0.2, Diff: 0.1, Sum: 0.2]
      [Code Root Scanning (ms): Min: 0.0, Avg: 0.0, Max: 0.0, Diff: 0.0, Sum: 0.0]
      [Object Copy (ms): Min: 6.9, Avg: 7.0, Max: 7.0, Diff: 0.1, Sum: 13.9]
      [Termination (ms): Min: 0.0, Avg: 0.0, Max: 0.0, Diff: 0.0, Sum: 0.0]
      [GC Worker Other (ms): Min: 0.0, Avg: 0.0, Max: 0.1, Diff: 0.0, Sum: 0.1]
      [GC Worker Total (ms): Min: 7.5, Avg: 7.5, Max: 7.5, Diff: 0.0, Sum: 15.0]
      [GC Worker End (ms): Min: 355.4, Avg: 355.4, Max: 355.4, Diff: 0.0]
   [Code Root Fixup: 0.0 ms]
   [Code Root Migration: 0.0 ms]
   [Clear CT: 0.0 ms]
   [Other: 1.7 ms]
      [Choose CSet: 0.0 ms]
      [Ref Proc: 0.1 ms]
      [Ref Enq: 0.0 ms]
      [Free CSet: 0.1 ms]
   [Eden: 20.0M(20.0M)->0.0B(243.0M) Survivors: 3072.0K->3072.0K Heap: 75.8M(256.0M)->62.2M(410.0M)]
 [Times: user=0.00 sys=0.00, real=0.01 secs] 
2014-07-10T11:58:01.531+0200: 0.605: [GC pause (G1 Evacuation Pause) (young), 0.0400751 secs]
   [Parallel Time: 38.2 ms, GC Workers: 2]
      [GC Worker Start (ms): Min: 605.5, Avg: 605.5, Max: 605.6, Diff: 0.0]
      [Ext Root Scanning (ms): Min: 0.3, Avg: 0.3, Max: 0.3, Diff: 0.0, Sum: 0.6]
      [Update RS (ms): Min: 0.0, Avg: 0.0, Max: 0.0, Diff: 0.0, Sum: 0.0]
         [Processed Buffers: Min: 1, Avg: 1.5, Max: 2, Diff: 1, Sum: 3]
      [Scan RS (ms): Min: 0.4, Avg: 0.4, Max: 0.4, Diff: 0.0, Sum: 0.7]
      [Code Root Scanning (ms): Min: 0.2, Avg: 0.2, Max: 0.2, Diff: 0.0, Sum: 0.3]
      [Object Copy (ms): Min: 37.3, Avg: 37.3, Max: 37.3, Diff: 0.0, Sum: 74.6]
      [Termination (ms): Min: 0.0, Avg: 0.0, Max: 0.0, Diff: 0.0, Sum: 0.0]
      [GC Worker Other (ms): Min: 0.0, Avg: 0.0, Max: 0.0, Diff: 0.0, Sum: 0.1]
      [GC Worker Total (ms): Min: 38.2, Avg: 38.2, Max: 38.2, Diff: 0.0, Sum: 76.4]
      [GC Worker End (ms): Min: 643.8, Avg: 643.8, Max: 643.8, Diff: 0.0]
   [Code Root Fixup: 0.0 ms]
   [Code Root Migration: 0.0 ms]
   [Clear CT: 0.2 ms]
   [Other: 1.6 ms]
      [Choose CSet: 0.0 ms]
      [Ref Proc: 0.1 ms]
      [Ref Enq: 0.0 ms]
      [Free CSet: 0.4 ms]
   [Eden: 243.0M(243.0M)->0.0B(36.0M) Survivors: 3072.0K->31.0M Heap: 305.2M(410.0M)->113.4M(533.0M)]
 [Times: user=0.08 sys=0.02, real=0.04 secs] 
2014-07-10T11:58:01.588+0200: 0.662: [GC pause (G1 Evacuation Pause) (young), 0.0172446 secs]
   [Parallel Time: 15.8 ms, GC Workers: 2]
      [GC Worker Start (ms): Min: 662.3, Avg: 662.3, Max: 662.3, Diff: 0.0]
      [Ext Root Scanning (ms): Min: 0.3, Avg: 0.3, Max: 0.3, Diff: 0.0, Sum: 0.7]
      [Update RS (ms): Min: 0.0, Avg: 0.0, Max: 0.0, Diff: 0.0, Sum: 0.0]
         [Processed Buffers: Min: 1, Avg: 1.5, Max: 2, Diff: 1, Sum: 3]
      [Scan RS (ms): Min: 0.1, Avg: 0.1, Max: 0.1, Diff: 0.0, Sum: 0.2]
      [Code Root Scanning (ms): Min: 0.0, Avg: 0.0, Max: 0.0, Diff: 0.0, Sum: 0.1]
      [Object Copy (ms): Min: 15.2, Avg: 15.2, Max: 15.2, Diff: 0.0, Sum: 30.4]
      [Termination (ms): Min: 0.0, Avg: 0.0, Max: 0.0, Diff: 0.0, Sum: 0.0]
      [GC Worker Other (ms): Min: 0.0, Avg: 0.0, Max: 0.0, Diff: 0.0, Sum: 0.1]
      [GC Worker Total (ms): Min: 15.8, Avg: 15.8, Max: 15.8, Diff: 0.0, Sum: 31.6]
      [GC Worker End (ms): Min: 678.1, Avg: 678.1, Max: 678.1, Diff: 0.0]
   [Code Root Fixup: 0.0 ms]
   [Code Root Migration: 0.0 ms]
   [Clear CT: 0.1 ms]
   [Other: 1.4 ms]
      [Choose CSet: 0.0 ms]
      [Ref Proc: 0.1 ms]
      [Ref Enq: 0.0 ms]
      [Free CSet: 0.1 ms]
   [Eden: 36.0M(36.0M)->0.0B(44.0M) Survivors: 31.0M->9216.0K Heap: 149.4M(533.0M)->106.6M(632.0M)]
 [Times: user=0.03 sys=0.00, real=0.02 secs] 
2014-07-10T11:58:01.626+0200: 0.700: [GC pause (G1 Evacuation Pause) (young), 0.0028839 secs]
   [Parallel Time: 1.9 ms, GC Workers: 2]
      [GC Worker Start (ms): Min: 699.9, Avg: 699.9, Max: 699.9, Diff: 0.0]
      [Ext Root Scanning (ms): Min: 0.3, Avg: 0.3, Max: 0.3, Diff: 0.0, Sum: 0.6]
      [Update RS (ms): Min: 0.0, Avg: 0.0, Max: 0.0, Diff: 0.0, Sum: 0.1]
         [Processed Buffers: Min: 1, Avg: 1.5, Max: 2, Diff: 1, Sum: 3]
      [Scan RS (ms): Min: 0.1, Avg: 0.1, Max: 0.1, Diff: 0.0, Sum: 0.2]
      [Code Root Scanning (ms): Min: 0.0, Avg: 0.0, Max: 0.0, Diff: 0.0, Sum: 0.1]
      [Object Copy (ms): Min: 1.1, Avg: 1.1, Max: 1.2, Diff: 0.1, Sum: 2.3]
      [Termination (ms): Min: 0.0, Avg: 0.1, Max: 0.3, Diff: 0.3, Sum: 0.3]
      [GC Worker Other (ms): Min: 0.0, Avg: 0.0, Max: 0.0, Diff: 0.0, Sum: 0.1]
      [GC Worker Total (ms): Min: 1.7, Avg: 1.8, Max: 1.9, Diff: 0.2, Sum: 3.6]
      [GC Worker End (ms): Min: 701.6, Avg: 701.7, Max: 701.7, Diff: 0.2]
   [Code Root Fixup: 0.0 ms]
   [Code Root Migration: 0.0 ms]
   [Clear CT: 0.0 ms]
   [Other: 0.9 ms]
      [Choose CSet: 0.0 ms]
      [Ref Proc: 0.1 ms]
      [Ref Enq: 0.0 ms]
      [Free CSet: 0.1 ms]
   [Eden: 44.0M(44.0M)->0.0B(423.0M) Survivors: 9216.0K->3072.0K Heap: 150.6M(632.0M)->99.7M(711.0M)]
 [Times: user=0.03 sys=0.00, real=0.00 secs] 
2014-07-10T11:58:02.008+0200: 1.082: [GC pause (G1 Evacuation Pause) (young), 0.0171460 secs]
   [Parallel Time: 15.0 ms, GC Workers: 2]
      [GC Worker Start (ms): Min: 1082.4, Avg: 1082.5, Max: 1082.5, Diff: 0.0]
      [Ext Root Scanning (ms): Min: 0.3, Avg: 0.4, Max: 0.5, Diff: 0.2, Sum: 0.8]
      [Update RS (ms): Min: 0.0, Avg: 0.0, Max: 0.0, Diff: 0.0, Sum: 0.0]
         [Processed Buffers: Min: 0, Avg: 2.0, Max: 4, Diff: 4, Sum: 4]
      [Scan RS (ms): Min: 0.6, Avg: 0.7, Max: 0.9, Diff: 0.3, Sum: 1.4]
      [Code Root Scanning (ms): Min: 0.3, Avg: 0.3, Max: 0.4, Diff: 0.1, Sum: 0.7]
      [Object Copy (ms): Min: 13.5, Avg: 13.5, Max: 13.5, Diff: 0.0, Sum: 27.0]
      [Termination (ms): Min: 0.0, Avg: 0.0, Max: 0.0, Diff: 0.0, Sum: 0.0]
      [GC Worker Other (ms): Min: 0.0, Avg: 0.0, Max: 0.0, Diff: 0.0, Sum: 0.1]
      [GC Worker Total (ms): Min: 15.0, Avg: 15.0, Max: 15.0, Diff: 0.0, Sum: 30.0]
      [GC Worker End (ms): Min: 1097.5, Avg: 1097.5, Max: 1097.5, Diff: 0.0]
   [Code Root Fixup: 0.0 ms]
   [Code Root Migration: 0.1 ms]
   [Clear CT: 0.5 ms]
   [Other: 1.6 ms]
      [Choose CSet: 0.0 ms]
      [Ref Proc: 0.1 ms]
      [Ref Enq: 0.0 ms]
      [Free CSet: 0.6 ms]
   [Eden: 423.0M(423.0M)->0.0B(443.0M) Survivors: 3072.0K->21.0M Heap: 522.7M(711.0M)->118.3M(774.0M)]
 [Times: user=0.02 sys=0.02, real=0.02 secs] 
2014-07-10T11:58:02.398+0200: 1.472: [GC pause (G1 Evacuation Pause) (young), 0.0401418 secs]
   [Parallel Time: 38.4 ms, GC Workers: 2]
      [GC Worker Start (ms): Min: 1472.1, Avg: 1472.2, Max: 1472.2, Diff: 0.0]
      [Ext Root Scanning (ms): Min: 0.3, Avg: 0.3, Max: 0.4, Diff: 0.0, Sum: 0.7]
      [Update RS (ms): Min: 0.0, Avg: 0.0, Max: 0.0, Diff: 0.0, Sum: 0.0]
         [Processed Buffers: Min: 1, Avg: 1.0, Max: 1, Diff: 0, Sum: 2]
      [Scan RS (ms): Min: 0.7, Avg: 0.7, Max: 0.7, Diff: 0.0, Sum: 1.3]
      [Code Root Scanning (ms): Min: 0.3, Avg: 0.3, Max: 0.3, Diff: 0.0, Sum: 0.6]
      [Object Copy (ms): Min: 36.9, Avg: 37.0, Max: 37.0, Diff: 0.1, Sum: 73.9]
      [Termination (ms): Min: 0.0, Avg: 0.0, Max: 0.0, Diff: 0.0, Sum: 0.0]
      [GC Worker Other (ms): Min: 0.0, Avg: 0.0, Max: 0.0, Diff: 0.0, Sum: 0.1]
      [GC Worker Total (ms): Min: 38.3, Avg: 38.3, Max: 38.4, Diff: 0.0, Sum: 76.7]
      [GC Worker End (ms): Min: 1510.5, Avg: 1510.5, Max: 1510.5, Diff: 0.0]
   [Code Root Fixup: 0.0 ms]
   [Code Root Migration: 0.1 ms]
   [Clear CT: 0.3 ms]
   [Other: 1.4 ms]
      [Choose CSet: 0.0 ms]
      [Ref Proc: 0.1 ms]
      [Ref Enq: 0.0 ms]
      [Free CSet: 0.7 ms]
   [Eden: 443.0M(443.0M)->0.0B(438.0M) Survivors: 21.0M->56.0M Heap: 561.3M(774.0M)->152.9M(824.0M)]
 [Times: user=0.03 sys=0.03, real=0.04 secs] 
2014-07-10T11:58:02.885+0200: 1.959: [GC pause (G1 Evacuation Pause) (young), 0.0174008 secs]
   [Parallel Time: 15.1 ms, GC Workers: 2]
      [GC Worker Start (ms): Min: 1958.9, Avg: 1958.9, Max: 1958.9, Diff: 0.0]
      [Ext Root Scanning (ms): Min: 0.6, Avg: 0.6, Max: 0.6, Diff: 0.0, Sum: 1.2]
      [Update RS (ms): Min: 0.0, Avg: 0.0, Max: 0.0, Diff: 0.0, Sum: 0.1]
         [Processed Buffers: Min: 1, Avg: 1.5, Max: 2, Diff: 1, Sum: 3]
      [Scan RS (ms): Min: 1.2, Avg: 1.3, Max: 1.4, Diff: 0.2, Sum: 2.6]
      [Code Root Scanning (ms): Min: 0.5, Avg: 0.6, Max: 0.7, Diff: 0.2, Sum: 1.2]
      [Object Copy (ms): Min: 12.4, Avg: 12.4, Max: 12.4, Diff: 0.0, Sum: 24.8]
      [Termination (ms): Min: 0.0, Avg: 0.0, Max: 0.0, Diff: 0.0, Sum: 0.0]
      [GC Worker Other (ms): Min: 0.1, Avg: 0.1, Max: 0.1, Diff: 0.1, Sum: 0.2]
      [GC Worker Total (ms): Min: 15.0, Avg: 15.0, Max: 15.1, Diff: 0.1, Sum: 30.0]
      [GC Worker End (ms): Min: 1973.9, Avg: 1973.9, Max: 1974.0, Diff: 0.1]
   [Code Root Fixup: 0.0 ms]
   [Code Root Migration: 0.1 ms]
   [Clear CT: 0.7 ms]
   [Other: 1.5 ms]
      [Choose CSet: 0.0 ms]
      [Ref Proc: 0.1 ms]
      [Ref Enq: 0.0 ms]
      [Free CSet: 0.9 ms]
   [Eden: 438.0M(438.0M)->0.0B(499.0M) Survivors: 56.0M->19.0M Heap: 590.9M(824.0M)->116.3M(864.0M)]
 [Times: user=0.03 sys=0.00, real=0.02 secs] 
2014-07-10T11:58:03.331+0200: 2.405: [GC pause (G1 Evacuation Pause) (young), 0.0321923 secs]
   [Parallel Time: 30.4 ms, GC Workers: 2]
      [GC Worker Start (ms): Min: 2405.4, Avg: 2405.4, Max: 2405.4, Diff: 0.0]
      [Ext Root Scanning (ms): Min: 0.3, Avg: 0.3, Max: 0.3, Diff: 0.0, Sum: 0.6]
      [Update RS (ms): Min: 0.0, Avg: 0.0, Max: 0.0, Diff: 0.0, Sum: 0.1]
         [Processed Buffers: Min: 1, Avg: 1.5, Max: 2, Diff: 1, Sum: 3]
      [Scan RS (ms): Min: 0.7, Avg: 0.7, Max: 0.7, Diff: 0.0, Sum: 1.4]
      [Code Root Scanning (ms): Min: 0.3, Avg: 0.3, Max: 0.3, Diff: 0.0, Sum: 0.7]
      [Object Copy (ms): Min: 28.9, Avg: 28.9, Max: 28.9, Diff: 0.0, Sum: 57.8]
      [Termination (ms): Min: 0.0, Avg: 0.0, Max: 0.0, Diff: 0.0, Sum: 0.0]
      [GC Worker Other (ms): Min: 0.0, Avg: 0.0, Max: 0.0, Diff: 0.0, Sum: 0.1]
      [GC Worker Total (ms): Min: 30.3, Avg: 30.3, Max: 30.3, Diff: 0.0, Sum: 60.7]
      [GC Worker End (ms): Min: 2435.7, Avg: 2435.7, Max: 2435.7, Diff: 0.0]
   [Code Root Fixup: 0.0 ms]
   [Code Root Migration: 0.1 ms]
   [Clear CT: 0.4 ms]
   [Other: 1.4 ms]
      [Choose CSet: 0.0 ms]
      [Ref Proc: 0.2 ms]
      [Ref Enq: 0.0 ms]
      [Free CSet: 0.8 ms]
   [Eden: 499.0M(499.0M)->0.0B(494.0M) Survivors: 19.0M->43.0M Heap: 615.3M(864.0M)->139.9M(896.0M)]
 [Times: user=0.02 sys=0.05, real=0.03 secs] 
2014-07-10T11:58:03.802+0200: 2.876: [GC pause (G1 Evacuation Pause) (young), 0.0504506 secs]
   [Parallel Time: 48.6 ms, GC Workers: 2]
      [GC Worker Start (ms): Min: 2875.8, Avg: 2875.8, Max: 2875.8, Diff: 0.0]
      [Ext Root Scanning (ms): Min: 0.3, Avg: 0.3, Max: 0.3, Diff: 0.0, Sum: 0.6]
      [Update RS (ms): Min: 0.0, Avg: 0.0, Max: 0.0, Diff: 0.0, Sum: 0.1]
         [Processed Buffers: Min: 1, Avg: 2.0, Max: 3, Diff: 2, Sum: 4]
      [Scan RS (ms): Min: 0.8, Avg: 0.8, Max: 0.8, Diff: 0.0, Sum: 1.7]
      [Code Root Scanning (ms): Min: 0.3, Avg: 0.4, Max: 0.4, Diff: 0.0, Sum: 0.7]
      [Object Copy (ms): Min: 46.9, Avg: 46.9, Max: 46.9, Diff: 0.0, Sum: 93.8]
      [Termination (ms): Min: 0.0, Avg: 0.0, Max: 0.0, Diff: 0.0, Sum: 0.0]
      [GC Worker Other (ms): Min: 0.0, Avg: 0.1, Max: 0.1, Diff: 0.1, Sum: 0.1]
      [GC Worker Total (ms): Min: 48.5, Avg: 48.5, Max: 48.6, Diff: 0.1, Sum: 97.0]
      [GC Worker End (ms): Min: 2924.3, Avg: 2924.3, Max: 2924.4, Diff: 0.1]
   [Code Root Fixup: 0.0 ms]
   [Code Root Migration: 0.1 ms]
   [Clear CT: 0.5 ms]
   [Other: 1.3 ms]
      [Choose CSet: 0.0 ms]
      [Ref Proc: 0.4 ms]
      [Ref Enq: 0.0 ms]
      [Free CSet: 0.7 ms]
   [Eden: 494.0M(494.0M)->0.0B(471.0M) Survivors: 43.0M->66.0M Heap: 633.9M(896.0M)->163.4M(896.0M)]
 [Times: user=0.06 sys=0.03, real=0.05 secs] 
2014-07-10T11:58:04.299+0200: 3.373: [GC pause (G1 Evacuation Pause) (young), 0.0399131 secs]
   [Parallel Time: 38.5 ms, GC Workers: 2]
      [GC Worker Start (ms): Min: 3373.2, Avg: 3373.2, Max: 3373.2, Diff: 0.0]
      [Ext Root Scanning (ms): Min: 0.4, Avg: 0.4, Max: 0.4, Diff: 0.1, Sum: 0.8]
      [Update RS (ms): Min: 0.0, Avg: 0.0, Max: 0.1, Diff: 0.1, Sum: 0.1]
         [Processed Buffers: Min: 1, Avg: 1.5, Max: 2, Diff: 1, Sum: 3]
      [Scan RS (ms): Min: 0.8, Avg: 0.8, Max: 0.8, Diff: 0.0, Sum: 1.6]
      [Code Root Scanning (ms): Min: 0.3, Avg: 0.3, Max: 0.3, Diff: 0.0, Sum: 0.7]
      [Object Copy (ms): Min: 36.2, Avg: 36.5, Max: 36.8, Diff: 0.6, Sum: 73.0]
      [Termination (ms): Min: 0.0, Avg: 0.3, Max: 0.6, Diff: 0.6, Sum: 0.6]
      [GC Worker Other (ms): Min: 0.0, Avg: 0.0, Max: 0.0, Diff: 0.0, Sum: 0.1]
      [GC Worker Total (ms): Min: 38.4, Avg: 38.4, Max: 38.4, Diff: 0.0, Sum: 76.8]
      [GC Worker End (ms): Min: 3411.6, Avg: 3411.6, Max: 3411.6, Diff: 0.0]
   [Code Root Fixup: 0.0 ms]
   [Code Root Migration: 0.1 ms]
   [Clear CT: 0.3 ms]
   [Other: 1.0 ms]
      [Choose CSet: 0.0 ms]
      [Ref Proc: 0.1 ms]
      [Ref Enq: 0.0 ms]
      [Free CSet: 0.7 ms]
   [Eden: 471.0M(471.0M)->0.0B(478.0M) Survivors: 66.0M->59.0M Heap: 634.4M(896.0M)->155.9M(896.0M)]
 [Times: user=0.06 sys=0.00, real=0.04 secs] 
2014-07-10T11:58:04.751+0200: 3.825: [GC pause (G1 Evacuation Pause) (young), 0.0473655 secs]
   [Parallel Time: 45.6 ms, GC Workers: 2]
      [GC Worker Start (ms): Min: 3824.8, Avg: 3824.8, Max: 3824.8, Diff: 0.0]
      [Ext Root Scanning (ms): Min: 0.3, Avg: 0.3, Max: 0.3, Diff: 0.0, Sum: 0.7]
      [Update RS (ms): Min: 0.0, Avg: 0.0, Max: 0.1, Diff: 0.0, Sum: 0.1]
         [Processed Buffers: Min: 1, Avg: 1.0, Max: 1, Diff: 0, Sum: 2]
      [Scan RS (ms): Min: 0.8, Avg: 0.8, Max: 0.8, Diff: 0.0, Sum: 1.6]
      [Code Root Scanning (ms): Min: 0.3, Avg: 0.3, Max: 0.3, Diff: 0.0, Sum: 0.7]
      [Object Copy (ms): Min: 44.0, Avg: 44.0, Max: 44.0, Diff: 0.0, Sum: 88.0]
      [Termination (ms): Min: 0.0, Avg: 0.0, Max: 0.0, Diff: 0.0, Sum: 0.0]
      [GC Worker Other (ms): Min: 0.0, Avg: 0.0, Max: 0.0, Diff: 0.0, Sum: 0.1]
      [GC Worker Total (ms): Min: 45.6, Avg: 45.6, Max: 45.6, Diff: 0.0, Sum: 91.2]
      [GC Worker End (ms): Min: 3870.3, Avg: 3870.3, Max: 3870.3, Diff: 0.0]
   [Code Root Fixup: 0.0 ms]
   [Code Root Migration: 0.1 ms]
   [Clear CT: 0.4 ms]
   [Other: 1.3 ms]
      [Choose CSet: 0.0 ms]
      [Ref Proc: 0.3 ms]
      [Ref Enq: 0.0 ms]
      [Free CSet: 0.8 ms]
   [Eden: 478.0M(478.0M)->0.0B(471.0M) Survivors: 59.0M->66.0M Heap: 633.9M(896.0M)->163.5M(896.0M)]
 [Times: user=0.08 sys=0.00, real=0.05 secs] 
2014-07-10T11:58:05.198+0200: 4.272: [GC pause (G1 Evacuation Pause) (young), 0.0403358 secs]
   [Parallel Time: 38.4 ms, GC Workers: 2]
      [GC Worker Start (ms): Min: 4272.2, Avg: 4272.2, Max: 4272.2, Diff: 0.0]
      [Ext Root Scanning (ms): Min: 0.3, Avg: 0.3, Max: 0.3, Diff: 0.0, Sum: 0.7]
      [Update RS (ms): Min: 0.0, Avg: 0.0, Max: 0.1, Diff: 0.0, Sum: 0.1]
         [Processed Buffers: Min: 1, Avg: 1.5, Max: 2, Diff: 1, Sum: 3]
      [Scan RS (ms): Min: 0.8, Avg: 0.8, Max: 0.8, Diff: 0.0, Sum: 1.6]
      [Code Root Scanning (ms): Min: 0.3, Avg: 0.3, Max: 0.3, Diff: 0.0, Sum: 0.7]
      [Object Copy (ms): Min: 36.8, Avg: 36.8, Max: 36.8, Diff: 0.0, Sum: 73.6]
      [Termination (ms): Min: 0.0, Avg: 0.0, Max: 0.0, Diff: 0.0, Sum: 0.0]
      [GC Worker Other (ms): Min: 0.1, Avg: 0.1, Max: 0.1, Diff: 0.0, Sum: 0.1]
      [GC Worker Total (ms): Min: 38.4, Avg: 38.4, Max: 38.4, Diff: 0.0, Sum: 76.8]
      [GC Worker End (ms): Min: 4310.5, Avg: 4310.5, Max: 4310.6, Diff: 0.0]
   [Code Root Fixup: 0.0 ms]
   [Code Root Migration: 0.1 ms]
   [Clear CT: 0.4 ms]
   [Other: 1.5 ms]
      [Choose CSet: 0.0 ms]
      [Ref Proc: 0.3 ms]
      [Ref Enq: 0.0 ms]
      [Free CSet: 0.9 ms]
   [Eden: 471.0M(471.0M)->0.0B(476.0M) Survivors: 66.0M->61.0M Heap: 634.5M(896.0M)->159.0M(896.0M)]
 [Times: user=0.09 sys=0.00, real=0.04 secs] 
2014-07-10T11:58:05.697+0200: 4.772: [GC pause (G1 Evacuation Pause) (young), 0.0411281 secs]
   [Parallel Time: 39.5 ms, GC Workers: 2]
      [GC Worker Start (ms): Min: 4771.7, Avg: 4771.7, Max: 4771.7, Diff: 0.0]
      [Ext Root Scanning (ms): Min: 0.3, Avg: 0.3, Max: 0.4, Diff: 0.0, Sum: 0.7]
      [Update RS (ms): Min: 0.0, Avg: 0.0, Max: 0.0, Diff: 0.0, Sum: 0.1]
         [Processed Buffers: Min: 1, Avg: 1.5, Max: 2, Diff: 1, Sum: 3]
      [Scan RS (ms): Min: 0.8, Avg: 0.8, Max: 0.8, Diff: 0.0, Sum: 1.6]
      [Code Root Scanning (ms): Min: 0.4, Avg: 0.4, Max: 0.4, Diff: 0.0, Sum: 0.7]
      [Object Copy (ms): Min: 37.9, Avg: 37.9, Max: 37.9, Diff: 0.0, Sum: 75.8]
      [Termination (ms): Min: 0.0, Avg: 0.0, Max: 0.0, Diff: 0.0, Sum: 0.0]
      [GC Worker Other (ms): Min: 0.0, Avg: 0.0, Max: 0.0, Diff: 0.0, Sum: 0.1]
      [GC Worker Total (ms): Min: 39.5, Avg: 39.5, Max: 39.5, Diff: 0.0, Sum: 78.9]
      [GC Worker End (ms): Min: 4811.2, Avg: 4811.2, Max: 4811.2, Diff: 0.0]
   [Code Root Fixup: 0.0 ms]
   [Code Root Migration: 0.1 ms]
   [Clear CT: 0.4 ms]
   [Other: 1.1 ms]
      [Choose CSet: 0.0 ms]
      [Ref Proc: 0.1 ms]
      [Ref Enq: 0.0 ms]
      [Free CSet: 0.9 ms]
   [Eden: 476.0M(476.0M)->0.0B(474.0M) Survivors: 61.0M->63.0M Heap: 635.0M(896.0M)->160.5M(896.0M)]
 [Times: user=0.09 sys=0.00, real=0.04 secs] 
2014-07-10T11:58:06.158+0200: 5.231: [GC pause (G1 Evacuation Pause) (young), 0.0085218 secs]
   [Parallel Time: 7.1 ms, GC Workers: 2]
      [GC Worker Start (ms): Min: 5231.3, Avg: 5231.3, Max: 5231.3, Diff: 0.0]
      [Ext Root Scanning (ms): Min: 0.3, Avg: 0.3, Max: 0.3, Diff: 0.0, Sum: 0.7]
      [Update RS (ms): Min: 0.0, Avg: 0.0, Max: 0.0, Diff: 0.0, Sum: 0.1]
         [Processed Buffers: Min: 1, Avg: 1.5, Max: 2, Diff: 1, Sum: 3]
      [Scan RS (ms): Min: 1.6, Avg: 1.8, Max: 1.9, Diff: 0.4, Sum: 3.5]
      [Code Root Scanning (ms): Min: 0.2, Avg: 0.3, Max: 0.5, Diff: 0.3, Sum: 0.7]
      [Object Copy (ms): Min: 4.6, Avg: 4.6, Max: 4.6, Diff: 0.0, Sum: 9.2]
      [Termination (ms): Min: 0.0, Avg: 0.0, Max: 0.0, Diff: 0.0, Sum: 0.0]
      [GC Worker Other (ms): Min: 0.1, Avg: 0.1, Max: 0.1, Diff: 0.0, Sum: 0.1]
      [GC Worker Total (ms): Min: 7.1, Avg: 7.1, Max: 7.1, Diff: 0.0, Sum: 14.3]
      [GC Worker End (ms): Min: 5238.4, Avg: 5238.4, Max: 5238.4, Diff: 0.0]
   [Code Root Fixup: 0.0 ms]
   [Code Root Migration: 0.1 ms]
   [Clear CT: 0.4 ms]
   [Other: 0.9 ms]
      [Choose CSet: 0.0 ms]
      [Ref Proc: 0.0 ms]
      [Ref Enq: 0.0 ms]
      [Free CSet: 0.7 ms]
   [Eden: 474.0M(474.0M)->0.0B(529.0M) Survivors: 63.0M->8192.0K Heap: 634.5M(896.0M)->106.1M(896.0M)]
 [Times: user=0.00 sys=0.00, real=0.01 secs] 
2014-07-10T11:58:06.714+0200: 5.788: [GC pause (G1 Evacuation Pause) (young), 0.0378325 secs]
   [Parallel Time: 35.8 ms, GC Workers: 2]
      [GC Worker Start (ms): Min: 5787.8, Avg: 5788.7, Max: 5789.7, Diff: 1.9]
      [Ext Root Scanning (ms): Min: 0.0, Avg: 0.2, Max: 0.4, Diff: 0.4, Sum: 0.4]
      [Update RS (ms): Min: 0.0, Avg: 0.0, Max: 0.1, Diff: 0.1, Sum: 0.1]
         [Processed Buffers: Min: 0, Avg: 2.0, Max: 4, Diff: 4, Sum: 4]
      [Scan RS (ms): Min: 0.3, Avg: 0.8, Max: 1.4, Diff: 1.0, Sum: 1.7]
      [Code Root Scanning (ms): Min: 0.1, Avg: 0.3, Max: 0.5, Diff: 0.4, Sum: 0.7]
      [Object Copy (ms): Min: 33.3, Avg: 33.3, Max: 33.3, Diff: 0.0, Sum: 66.7]
      [Termination (ms): Min: 0.0, Avg: 0.0, Max: 0.0, Diff: 0.0, Sum: 0.0]
      [GC Worker Other (ms): Min: 0.0, Avg: 0.0, Max: 0.1, Diff: 0.0, Sum: 0.1]
      [GC Worker Total (ms): Min: 33.9, Avg: 34.8, Max: 35.8, Diff: 1.9, Sum: 69.6]
      [GC Worker End (ms): Min: 5823.5, Avg: 5823.5, Max: 5823.5, Diff: 0.0]
   [Code Root Fixup: 0.0 ms]
   [Code Root Migration: 0.1 ms]
   [Clear CT: 0.9 ms]
   [Other: 1.0 ms]
      [Choose CSet: 0.0 ms]
      [Ref Proc: 0.2 ms]
      [Ref Enq: 0.0 ms]
      [Free CSet: 0.7 ms]
   [Eden: 529.0M(529.0M)->0.0B(482.0M) Survivors: 8192.0K->55.0M Heap: 635.1M(896.0M)->152.6M(896.0M)]
 [Times: user=0.08 sys=0.00, real=0.04 secs] 
2014-07-10T11:58:07.153+0200: 6.226: [GC pause (G1 Evacuation Pause) (young), 0.0212845 secs]
   [Parallel Time: 10.5 ms, GC Workers: 2]
      [GC Worker Start (ms): Min: 6226.6, Avg: 6227.6, Max: 6228.6, Diff: 2.0]
      [Ext Root Scanning (ms): Min: 0.0, Avg: 0.2, Max: 0.4, Diff: 0.4, Sum: 0.4]
      [Update RS (ms): Min: 0.0, Avg: 0.0, Max: 0.0, Diff: 0.0, Sum: 0.0]
         [Processed Buffers: Min: 0, Avg: 1.0, Max: 2, Diff: 2, Sum: 2]
      [Scan RS (ms): Min: 0.2, Avg: 0.7, Max: 1.2, Diff: 1.0, Sum: 1.4]
      [Code Root Scanning (ms): Min: 0.1, Avg: 0.4, Max: 0.7, Diff: 0.6, Sum: 0.8]
      [Object Copy (ms): Min: 5.2, Avg: 6.6, Max: 8.1, Diff: 2.9, Sum: 13.3]
      [Termination (ms): Min: 0.0, Avg: 1.4, Max: 2.9, Diff: 2.9, Sum: 2.9]
      [GC Worker Other (ms): Min: 0.0, Avg: 0.0, Max: 0.0, Diff: 0.0, Sum: 0.1]
      [GC Worker Total (ms): Min: 8.4, Avg: 9.4, Max: 10.4, Diff: 2.0, Sum: 18.9]
      [GC Worker End (ms): Min: 6237.0, Avg: 6237.0, Max: 6237.0, Diff: 0.0]
   [Code Root Fixup: 0.0 ms]
   [Code Root Migration: 0.1 ms]
   [Clear CT: 0.3 ms]
   [Other: 10.4 ms]
      [Choose CSet: 0.0 ms]
      [Ref Proc: 9.6 ms]
      [Ref Enq: 0.0 ms]
      [Free CSet: 0.7 ms]
   [Eden: 482.0M(482.0M)->0.0B(529.0M) Survivors: 55.0M->8192.0K Heap: 634.6M(896.0M)->106.1M(896.0M)]
 [Times: user=0.02 sys=0.00, real=0.02 secs] 
2014-07-10T11:58:07.704+0200: 6.777: [GC pause (G1 Evacuation Pause) (young), 0.0344210 secs]
   [Parallel Time: 32.7 ms, GC Workers: 2]
      [GC Worker Start (ms): Min: 6777.2, Avg: 6777.2, Max: 6777.2, Diff: 0.0]
      [Ext Root Scanning (ms): Min: 0.4, Avg: 0.4, Max: 0.4, Diff: 0.0, Sum: 0.8]
      [Update RS (ms): Min: 0.0, Avg: 0.1, Max: 0.1, Diff: 0.0, Sum: 0.1]
         [Processed Buffers: Min: 1, Avg: 1.5, Max: 2, Diff: 1, Sum: 3]
      [Scan RS (ms): Min: 0.9, Avg: 0.9, Max: 1.0, Diff: 0.0, Sum: 1.9]
      [Code Root Scanning (ms): Min: 0.4, Avg: 0.4, Max: 0.4, Diff: 0.0, Sum: 0.7]
      [Object Copy (ms): Min: 30.9, Avg: 30.9, Max: 30.9, Diff: 0.0, Sum: 61.7]
      [Termination (ms): Min: 0.0, Avg: 0.0, Max: 0.0, Diff: 0.0, Sum: 0.0]
      [GC Worker Other (ms): Min: 0.0, Avg: 0.0, Max: 0.0, Diff: 0.0, Sum: 0.1]
      [GC Worker Total (ms): Min: 32.7, Avg: 32.7, Max: 32.7, Diff: 0.0, Sum: 65.3]
      [GC Worker End (ms): Min: 6809.9, Avg: 6809.9, Max: 6809.9, Diff: 0.0]
   [Code Root Fixup: 0.0 ms]
   [Code Root Migration: 0.1 ms]
   [Clear CT: 0.6 ms]
   [Other: 1.0 ms]
      [Choose CSet: 0.0 ms]
      [Ref Proc: 0.1 ms]
      [Ref Enq: 0.0 ms]
      [Free CSet: 0.7 ms]
   [Eden: 529.0M(529.0M)->0.0B(487.0M) Survivors: 8192.0K->50.0M Heap: 635.1M(896.0M)->147.5M(896.0M)]
 [Times: user=0.06 sys=0.00, real=0.04 secs] 
2014-07-10T11:58:08.134+0200: 7.208: [GC pause (G1 Evacuation Pause) (young), 0.0076936 secs]
   [Parallel Time: 6.3 ms, GC Workers: 2]
      [GC Worker Start (ms): Min: 7207.8, Avg: 7207.8, Max: 7207.8, Diff: 0.0]
      [Ext Root Scanning (ms): Min: 0.3, Avg: 0.3, Max: 0.3, Diff: 0.0, Sum: 0.6]
      [Update RS (ms): Min: 0.0, Avg: 0.0, Max: 0.0, Diff: 0.0, Sum: 0.1]
         [Processed Buffers: Min: 1, Avg: 1.5, Max: 2, Diff: 1, Sum: 3]
      [Scan RS (ms): Min: 0.8, Avg: 0.8, Max: 0.8, Diff: 0.0, Sum: 1.5]
      [Code Root Scanning (ms): Min: 0.3, Avg: 0.3, Max: 0.3, Diff: 0.0, Sum: 0.7]
      [Object Copy (ms): Min: 4.7, Avg: 4.7, Max: 4.7, Diff: 0.0, Sum: 9.4]
      [Termination (ms): Min: 0.0, Avg: 0.0, Max: 0.0, Diff: 0.0, Sum: 0.0]
      [GC Worker Other (ms): Min: 0.0, Avg: 0.1, Max: 0.1, Diff: 0.0, Sum: 0.1]
      [GC Worker Total (ms): Min: 6.2, Avg: 6.2, Max: 6.2, Diff: 0.1, Sum: 12.4]
      [GC Worker End (ms): Min: 7214.0, Avg: 7214.0, Max: 7214.0, Diff: 0.0]
   [Code Root Fixup: 0.0 ms]
   [Code Root Migration: 0.1 ms]
   [Clear CT: 0.4 ms]
   [Other: 1.0 ms]
      [Choose CSet: 0.0 ms]
      [Ref Proc: 0.2 ms]
      [Ref Enq: 0.0 ms]
      [Free CSet: 0.7 ms]
   [Eden: 487.0M(487.0M)->0.0B(529.0M) Survivors: 50.0M->8192.0K Heap: 634.5M(896.0M)->106.1M(896.0M)]
 [Times: user=0.00 sys=0.00, real=0.01 secs] 
2014-07-10T11:58:08.712+0200: 7.785: [GC pause (G1 Evacuation Pause) (young), 0.0347744 secs]
   [Parallel Time: 33.4 ms, GC Workers: 2]
      [GC Worker Start (ms): Min: 7785.5, Avg: 7785.5, Max: 7785.6, Diff: 0.0]
      [Ext Root Scanning (ms): Min: 0.3, Avg: 0.3, Max: 0.3, Diff: 0.0, Sum: 0.7]
      [Update RS (ms): Min: 0.0, Avg: 0.0, Max: 0.0, Diff: 0.0, Sum: 0.1]
         [Processed Buffers: Min: 1, Avg: 1.5, Max: 2, Diff: 1, Sum: 3]
      [Scan RS (ms): Min: 0.9, Avg: 0.9, Max: 0.9, Diff: 0.0, Sum: 1.9]
      [Code Root Scanning (ms): Min: 0.4, Avg: 0.4, Max: 0.4, Diff: 0.0, Sum: 0.7]
      [Object Copy (ms): Min: 31.3, Avg: 31.3, Max: 31.3, Diff: 0.0, Sum: 62.6]
      [Termination (ms): Min: 0.0, Avg: 0.0, Max: 0.0, Diff: 0.0, Sum: 0.0]
      [GC Worker Other (ms): Min: 0.0, Avg: 0.0, Max: 0.0, Diff: 0.0, Sum: 0.1]
      [GC Worker Total (ms): Min: 33.0, Avg: 33.0, Max: 33.0, Diff: 0.0, Sum: 66.1]
      [GC Worker End (ms): Min: 7818.6, Avg: 7818.6, Max: 7818.6, Diff: 0.0]
   [Code Root Fixup: 0.0 ms]
   [Code Root Migration: 0.1 ms]
   [Clear CT: 0.3 ms]
   [Other: 1.0 ms]
      [Choose CSet: 0.0 ms]
      [Ref Proc: 0.1 ms]
      [Ref Enq: 0.0 ms]
      [Free CSet: 0.7 ms]
   [Eden: 529.0M(529.0M)->0.0B(487.0M) Survivors: 8192.0K->50.0M Heap: 635.1M(896.0M)->148.4M(896.0M)]
 [Times: user=0.06 sys=0.00, real=0.04 secs] 
2014-07-10T11:58:09.139+0200: 8.213: [GC pause (G1 Evacuation Pause) (young), 0.0030621 secs]
   [Parallel Time: 1.7 ms, GC Workers: 2]
      [GC Worker Start (ms): Min: 8212.8, Avg: 8212.8, Max: 8212.8, Diff: 0.0]
      [Ext Root Scanning (ms): Min: 0.3, Avg: 0.3, Max: 0.3, Diff: 0.0, Sum: 0.6]
      [Update RS (ms): Min: 0.0, Avg: 0.0, Max: 0.0, Diff: 0.0, Sum: 0.1]
         [Processed Buffers: Min: 1, Avg: 1.5, Max: 2, Diff: 1, Sum: 3]
      [Scan RS (ms): Min: 0.7, Avg: 0.7, Max: 0.7, Diff: 0.0, Sum: 1.5]
      [Code Root Scanning (ms): Min: 0.4, Avg: 0.4, Max: 0.4, Diff: 0.0, Sum: 0.7]
      [Object Copy (ms): Min: 0.3, Avg: 0.3, Max: 0.3, Diff: 0.0, Sum: 0.6]
      [Termination (ms): Min: 0.0, Avg: 0.0, Max: 0.0, Diff: 0.0, Sum: 0.0]
      [GC Worker Other (ms): Min: 0.0, Avg: 0.0, Max: 0.0, Diff: 0.0, Sum: 0.1]
      [GC Worker Total (ms): Min: 1.7, Avg: 1.7, Max: 1.7, Diff: 0.0, Sum: 3.4]
      [GC Worker End (ms): Min: 8214.5, Avg: 8214.5, Max: 8214.5, Diff: 0.0]
   [Code Root Fixup: 0.0 ms]
   [Code Root Migration: 0.0 ms]
   [Clear CT: 0.4 ms]
   [Other: 0.9 ms]
      [Choose CSet: 0.0 ms]
      [Ref Proc: 0.1 ms]
      [Ref Enq: 0.0 ms]
      [Free CSet: 0.7 ms]
   [Eden: 487.0M(487.0M)->0.0B(536.0M) Survivors: 50.0M->1024.0K Heap: 635.4M(896.0M)->99.0M(896.0M)]
 [Times: user=0.00 sys=0.00, real=0.00 secs] 
2014-07-10T11:58:09.715+0200: 8.788: [GC pause (G1 Evacuation Pause) (young), 0.0421484 secs]
   [Parallel Time: 40.7 ms, GC Workers: 2]
      [GC Worker Start (ms): Min: 8788.2, Avg: 8791.6, Max: 8794.9, Diff: 6.7]
      [Ext Root Scanning (ms): Min: 0.0, Avg: 0.3, Max: 0.6, Diff: 0.6, Sum: 0.6]
      [Update RS (ms): Min: 0.0, Avg: 0.0, Max: 0.1, Diff: 0.1, Sum: 0.1]
         [Processed Buffers: Min: 0, Avg: 1.5, Max: 3, Diff: 3, Sum: 3]
      [Scan RS (ms): Min: 0.1, Avg: 0.8, Max: 1.5, Diff: 1.4, Sum: 1.6]
      [Code Root Scanning (ms): Min: 0.0, Avg: 0.3, Max: 0.7, Diff: 0.7, Sum: 0.7]
      [Object Copy (ms): Min: 33.8, Avg: 35.7, Max: 37.7, Diff: 4.0, Sum: 71.5]
      [Termination (ms): Min: 0.0, Avg: 0.0, Max: 0.0, Diff: 0.0, Sum: 0.1]
      [GC Worker Other (ms): Min: 0.0, Avg: 0.0, Max: 0.0, Diff: 0.0, Sum: 0.1]
      [GC Worker Total (ms): Min: 34.0, Avg: 37.3, Max: 40.7, Diff: 6.8, Sum: 74.7]
      [GC Worker End (ms): Min: 8828.9, Avg: 8828.9, Max: 8828.9, Diff: 0.0]
   [Code Root Fixup: 0.0 ms]
   [Code Root Migration: 0.1 ms]
   [Clear CT: 0.3 ms]
   [Other: 1.0 ms]
      [Choose CSet: 0.0 ms]
      [Ref Proc: 0.0 ms]
      [Ref Enq: 0.0 ms]
      [Free CSet: 0.7 ms]
   [Eden: 536.0M(536.0M)->0.0B(476.0M) Survivors: 1024.0K->61.0M Heap: 635.0M(896.0M)->159.4M(896.0M)]
 [Times: user=0.08 sys=0.00, real=0.04 secs] 
2014-07-10T11:58:10.164+0200: 9.237: [GC pause (G1 Evacuation Pause) (young), 0.0050136 secs]
   [Parallel Time: 2.9 ms, GC Workers: 2]
      [GC Worker Start (ms): Min: 9237.1, Avg: 9238.4, Max: 9239.8, Diff: 2.7]
      [Ext Root Scanning (ms): Min: 0.0, Avg: 0.2, Max: 0.3, Diff: 0.3, Sum: 0.3]
      [Update RS (ms): Min: 0.0, Avg: 0.0, Max: 0.0, Diff: 0.0, Sum: 0.0]
         [Processed Buffers: Min: 0, Avg: 1.0, Max: 2, Diff: 2, Sum: 2]
      [Scan RS (ms): Min: 0.0, Avg: 0.7, Max: 1.3, Diff: 1.3, Sum: 1.4]
      [Code Root Scanning (ms): Min: 0.0, Avg: 0.3, Max: 0.6, Diff: 0.6, Sum: 0.6]
      [Object Copy (ms): Min: 0.0, Avg: 0.2, Max: 0.3, Diff: 0.3, Sum: 0.3]
      [Termination (ms): Min: 0.0, Avg: 0.0, Max: 0.1, Diff: 0.1, Sum: 0.1]
      [GC Worker Other (ms): Min: 0.0, Avg: 0.0, Max: 0.0, Diff: 0.0, Sum: 0.0]
      [GC Worker Total (ms): Min: 0.0, Avg: 1.4, Max: 2.8, Diff: 2.8, Sum: 2.8]
      [GC Worker End (ms): Min: 9239.9, Avg: 9239.9, Max: 9239.9, Diff: 0.0]
   [Code Root Fixup: 0.0 ms]
   [Code Root Migration: 0.0 ms]
   [Clear CT: 0.3 ms]
   [Other: 1.8 ms]
      [Choose CSet: 0.0 ms]
      [Ref Proc: 1.1 ms]
      [Ref Enq: 0.0 ms]
      [Free CSet: 0.6 ms]
   [Eden: 476.0M(476.0M)->0.0B(536.0M) Survivors: 61.0M->1024.0K Heap: 635.4M(896.0M)->98.9M(896.0M)]
 [Times: user=0.00 sys=0.00, real=0.00 secs] 
2014-07-10T11:58:10.707+0200: 9.781: [GC pause (G1 Evacuation Pause) (young), 0.0535196 secs]
   [Parallel Time: 48.4 ms, GC Workers: 2]
      [GC Worker Start (ms): Min: 9780.6, Avg: 9800.6, Max: 9820.5, Diff: 39.9]
      [Ext Root Scanning (ms): Min: 0.0, Avg: 1.4, Max: 2.8, Diff: 2.7, Sum: 2.8]
      [Update RS (ms): Min: 0.0, Avg: 0.0, Max: 0.0, Diff: 0.0, Sum: 0.0]
         [Processed Buffers: Min: 0, Avg: 1.0, Max: 2, Diff: 2, Sum: 2]
      [Scan RS (ms): Min: 0.1, Avg: 0.9, Max: 1.6, Diff: 1.5, Sum: 1.7]
      [Code Root Scanning (ms): Min: 0.0, Avg: 0.3, Max: 0.6, Diff: 0.6, Sum: 0.6]
      [Object Copy (ms): Min: 8.1, Avg: 25.7, Max: 43.2, Diff: 35.0, Sum: 51.3]
      [Termination (ms): Min: 0.0, Avg: 0.0, Max: 0.0, Diff: 0.0, Sum: 0.0]
      [GC Worker Other (ms): Min: 0.0, Avg: 0.0, Max: 0.0, Diff: 0.0, Sum: 0.1]
      [GC Worker Total (ms): Min: 8.3, Avg: 28.3, Max: 48.3, Diff: 39.9, Sum: 56.6]
      [GC Worker End (ms): Min: 9828.9, Avg: 9828.9, Max: 9828.9, Diff: 0.0]
   [Code Root Fixup: 0.0 ms]
   [Code Root Migration: 0.1 ms]
   [Clear CT: 0.7 ms]
   [Other: 4.4 ms]
      [Choose CSet: 0.0 ms]
      [Ref Proc: 3.5 ms]
      [Ref Enq: 0.0 ms]
      [Free CSet: 0.8 ms]
   [Eden: 536.0M(536.0M)->0.0B(479.0M) Survivors: 1024.0K->58.0M Heap: 634.9M(896.0M)->156.4M(896.0M)]
 [Times: user=0.08 sys=0.00, real=0.05 secs] 
2014-07-10T11:58:11.178+0200: 10.252: [GC pause (G1 Evacuation Pause) (young), 0.0083847 secs]
   [Parallel Time: 6.0 ms, GC Workers: 2]
      [GC Worker Start (ms): Min: 10251.9, Avg: 10251.9, Max: 10251.9, Diff: 0.0]
      [Ext Root Scanning (ms): Min: 0.2, Avg: 0.2, Max: 0.2, Diff: 0.0, Sum: 0.4]
      [Update RS (ms): Min: 0.0, Avg: 0.0, Max: 0.0, Diff: 0.0, Sum: 0.0]
         [Processed Buffers: Min: 1, Avg: 1.0, Max: 1, Diff: 0, Sum: 2]
      [Scan RS (ms): Min: 0.7, Avg: 0.7, Max: 0.7, Diff: 0.0, Sum: 1.4]
      [Code Root Scanning (ms): Min: 0.4, Avg: 0.4, Max: 0.4, Diff: 0.0, Sum: 0.7]
      [Object Copy (ms): Min: 4.7, Avg: 4.7, Max: 4.7, Diff: 0.0, Sum: 9.4]
      [Termination (ms): Min: 0.0, Avg: 0.0, Max: 0.0, Diff: 0.0, Sum: 0.0]
      [GC Worker Other (ms): Min: 0.0, Avg: 0.0, Max: 0.0, Diff: 0.0, Sum: 0.1]
      [GC Worker Total (ms): Min: 6.0, Avg: 6.0, Max: 6.0, Diff: 0.0, Sum: 12.0]
      [GC Worker End (ms): Min: 10257.9, Avg: 10257.9, Max: 10257.9, Diff: 0.0]
   [Code Root Fixup: 0.0 ms]
   [Code Root Migration: 0.1 ms]
   [Clear CT: 0.4 ms]
   [Other: 1.9 ms]
      [Choose CSet: 0.0 ms]
      [Ref Proc: 1.1 ms]
      [Ref Enq: 0.0 ms]
      [Free CSet: 0.7 ms]
   [Eden: 479.0M(479.0M)->0.0B(528.0M) Survivors: 58.0M->9216.0K Heap: 635.4M(896.0M)->107.0M(896.0M)]
 [Times: user=0.00 sys=0.00, real=0.01 secs] 
2014-07-10T11:58:11.711+0200: 10.785: [GC pause (G1 Evacuation Pause) (young), 0.0365005 secs]
   [Parallel Time: 35.0 ms, GC Workers: 2]
      [GC Worker Start (ms): Min: 10784.8, Avg: 10790.6, Max: 10796.3, Diff: 11.5]
      [Ext Root Scanning (ms): Min: 0.0, Avg: 0.3, Max: 0.6, Diff: 0.6, Sum: 0.7]
      [Update RS (ms): Min: 0.0, Avg: 0.0, Max: 0.1, Diff: 0.1, Sum: 0.1]
         [Processed Buffers: Min: 0, Avg: 1.5, Max: 3, Diff: 3, Sum: 3]
      [Scan RS (ms): Min: 0.1, Avg: 0.9, Max: 1.6, Diff: 1.5, Sum: 1.7]
      [Code Root Scanning (ms): Min: 0.0, Avg: 0.4, Max: 0.7, Diff: 0.7, Sum: 0.7]
      [Object Copy (ms): Min: 23.0, Avg: 27.3, Max: 31.6, Diff: 8.6, Sum: 54.6]
      [Termination (ms): Min: 0.0, Avg: 0.1, Max: 0.1, Diff: 0.1, Sum: 0.1]
      [GC Worker Other (ms): Min: 0.0, Avg: 0.1, Max: 0.1, Diff: 0.0, Sum: 0.1]
      [GC Worker Total (ms): Min: 23.3, Avg: 29.0, Max: 34.7, Diff: 11.4, Sum: 58.0]
      [GC Worker End (ms): Min: 10819.6, Avg: 10819.6, Max: 10819.6, Diff: 0.1]
   [Code Root Fixup: 0.0 ms]
   [Code Root Migration: 0.1 ms]
   [Clear CT: 0.3 ms]
   [Other: 1.1 ms]
      [Choose CSet: 0.0 ms]
      [Ref Proc: 0.1 ms]
      [Ref Enq: 0.0 ms]
      [Free CSet: 0.8 ms]
   [Eden: 528.0M(528.0M)->0.0B(488.0M) Survivors: 9216.0K->49.0M Heap: 635.0M(896.0M)->147.3M(896.0M)]
 [Times: user=0.05 sys=0.00, real=0.04 secs] 
2014-07-10T11:58:12.141+0200: 11.215: [GC pause (G1 Evacuation Pause) (young), 0.0086168 secs]
   [Parallel Time: 7.3 ms, GC Workers: 2]
      [GC Worker Start (ms): Min: 11214.8, Avg: 11214.8, Max: 11214.8, Diff: 0.0]
      [Ext Root Scanning (ms): Min: 0.3, Avg: 0.3, Max: 0.3, Diff: 0.0, Sum: 0.7]
      [Update RS (ms): Min: 0.0, Avg: 0.0, Max: 0.0, Diff: 0.0, Sum: 0.1]
         [Processed Buffers: Min: 1, Avg: 1.0, Max: 1, Diff: 0, Sum: 2]
      [Scan RS (ms): Min: 0.8, Avg: 0.8, Max: 0.8, Diff: 0.0, Sum: 1.6]
      [Code Root Scanning (ms): Min: 0.3, Avg: 0.4, Max: 0.4, Diff: 0.0, Sum: 0.7]
      [Object Copy (ms): Min: 5.6, Avg: 5.6, Max: 5.6, Diff: 0.0, Sum: 11.3]
      [Termination (ms): Min: 0.0, Avg: 0.0, Max: 0.0, Diff: 0.0, Sum: 0.0]
      [GC Worker Other (ms): Min: 0.0, Avg: 0.0, Max: 0.0, Diff: 0.0, Sum: 0.1]
      [GC Worker Total (ms): Min: 7.2, Avg: 7.3, Max: 7.3, Diff: 0.0, Sum: 14.5]
      [GC Worker End (ms): Min: 11222.0, Avg: 11222.0, Max: 11222.0, Diff: 0.0]
   [Code Root Fixup: 0.0 ms]
   [Code Root Migration: 0.1 ms]
   [Clear CT: 0.3 ms]
   [Other: 0.9 ms]
      [Choose CSet: 0.0 ms]
      [Ref Proc: 0.0 ms]
      [Ref Enq: 0.0 ms]
      [Free CSet: 0.7 ms]
   [Eden: 488.0M(488.0M)->0.0B(529.0M) Survivors: 49.0M->8192.0K Heap: 635.3M(896.0M)->106.9M(896.0M)]
 [Times: user=0.03 sys=0.00, real=0.01 secs] 
2014-07-10T11:58:12.712+0200: 11.785: [GC pause (G1 Evacuation Pause) (young), 0.0361665 secs]
   [Parallel Time: 34.5 ms, GC Workers: 2]
      [GC Worker Start (ms): Min: 11785.3, Avg: 11785.3, Max: 11785.3, Diff: 0.0]
      [Ext Root Scanning (ms): Min: 0.4, Avg: 0.4, Max: 0.4, Diff: 0.0, Sum: 0.8]
      [Update RS (ms): Min: 0.0, Avg: 0.0, Max: 0.1, Diff: 0.0, Sum: 0.1]
         [Processed Buffers: Min: 1, Avg: 1.5, Max: 2, Diff: 1, Sum: 3]
      [Scan RS (ms): Min: 0.8, Avg: 0.8, Max: 0.8, Diff: 0.0, Sum: 1.6]
      [Code Root Scanning (ms): Min: 0.3, Avg: 0.3, Max: 0.4, Diff: 0.0, Sum: 0.7]
      [Object Copy (ms): Min: 32.8, Avg: 32.8, Max: 32.8, Diff: 0.0, Sum: 65.7]
      [Termination (ms): Min: 0.0, Avg: 0.0, Max: 0.0, Diff: 0.0, Sum: 0.0]
      [GC Worker Other (ms): Min: 0.0, Avg: 0.0, Max: 0.0, Diff: 0.0, Sum: 0.1]
      [GC Worker Total (ms): Min: 34.4, Avg: 34.4, Max: 34.4, Diff: 0.0, Sum: 68.9]
      [GC Worker End (ms): Min: 11819.7, Avg: 11819.7, Max: 11819.7, Diff: 0.0]
   [Code Root Fixup: 0.0 ms]
   [Code Root Migration: 0.1 ms]
   [Clear CT: 0.6 ms]
   [Other: 1.0 ms]
      [Choose CSet: 0.0 ms]
      [Ref Proc: 0.1 ms]
      [Ref Enq: 0.0 ms]
      [Free CSet: 0.7 ms]
   [Eden: 529.0M(529.0M)->0.0B(482.0M) Survivors: 8192.0K->55.0M Heap: 635.9M(896.0M)->153.3M(896.0M)]
 [Times: user=0.06 sys=0.00, real=0.04 secs] 
2014-07-10T11:58:13.173+0200: 12.247: [GC pause (G1 Evacuation Pause) (young), 0.0432915 secs]
   [Parallel Time: 39.8 ms, GC Workers: 2]
      [GC Worker Start (ms): Min: 12254.1, Avg: 12259.5, Max: 12265.0, Diff: 10.9]
      [Ext Root Scanning (ms): Min: 0.0, Avg: 0.2, Max: 0.5, Diff: 0.4, Sum: 0.5]
      [Update RS (ms): Min: 0.0, Avg: 0.0, Max: 0.0, Diff: 0.0, Sum: 0.0]
         [Processed Buffers: Min: 0, Avg: 1.5, Max: 3, Diff: 3, Sum: 3]
      [Scan RS (ms): Min: 0.4, Avg: 1.0, Max: 1.6, Diff: 1.2, Sum: 2.0]
      [Code Root Scanning (ms): Min: 0.0, Avg: 0.3, Max: 0.6, Diff: 0.6, Sum: 0.6]
      [Object Copy (ms): Min: 0.0, Avg: 3.6, Max: 7.1, Diff: 7.1, Sum: 7.1]
      [Termination (ms): Min: 0.0, Avg: 5.9, Max: 11.8, Diff: 11.8, Sum: 11.8]
      [GC Worker Other (ms): Min: 0.0, Avg: 0.0, Max: 0.0, Diff: 0.0, Sum: 0.1]
      [GC Worker Total (ms): Min: 0.5, Avg: 11.1, Max: 21.7, Diff: 21.2, Sum: 22.2]
      [GC Worker End (ms): Min: 12265.4, Avg: 12270.6, Max: 12275.7, Diff: 10.3]
   [Code Root Fixup: 0.0 ms]
   [Code Root Migration: 0.1 ms]
   [Clear CT: 0.5 ms]
   [Other: 2.9 ms]
      [Choose CSet: 0.0 ms]
      [Ref Proc: 2.1 ms]
      [Ref Enq: 0.0 ms]
      [Free CSet: 0.6 ms]
   [Eden: 482.0M(482.0M)->0.0B(529.0M) Survivors: 55.0M->8192.0K Heap: 635.3M(896.0M)->106.9M(896.0M)]
 [Times: user=0.02 sys=0.00, real=0.04 secs] 
2014-07-10T11:58:13.692+0200: 12.766: [GC pause (G1 Evacuation Pause) (young), 0.0325490 secs]
   [Parallel Time: 31.0 ms, GC Workers: 2]
      [GC Worker Start (ms): Min: 12765.8, Avg: 12765.8, Max: 12765.8, Diff: 0.0]
      [Ext Root Scanning (ms): Min: 0.3, Avg: 0.3, Max: 0.3, Diff: 0.0, Sum: 0.7]
      [Update RS (ms): Min: 0.0, Avg: 0.0, Max: 0.1, Diff: 0.0, Sum: 0.1]
         [Processed Buffers: Min: 1, Avg: 1.5, Max: 2, Diff: 1, Sum: 3]
      [Scan RS (ms): Min: 0.8, Avg: 0.8, Max: 0.8, Diff: 0.0, Sum: 1.6]
      [Code Root Scanning (ms): Min: 0.3, Avg: 0.3, Max: 0.3, Diff: 0.0, Sum: 0.7]
      [Object Copy (ms): Min: 29.4, Avg: 29.4, Max: 29.5, Diff: 0.0, Sum: 58.9]
      [Termination (ms): Min: 0.0, Avg: 0.0, Max: 0.0, Diff: 0.0, Sum: 0.0]
      [GC Worker Other (ms): Min: 0.0, Avg: 0.0, Max: 0.0, Diff: 0.0, Sum: 0.1]
      [GC Worker Total (ms): Min: 31.0, Avg: 31.0, Max: 31.0, Diff: 0.0, Sum: 62.0]
      [GC Worker End (ms): Min: 12796.8, Avg: 12796.8, Max: 12796.8, Diff: 0.0]
   [Code Root Fixup: 0.0 ms]
   [Code Root Migration: 0.1 ms]
   [Clear CT: 0.5 ms]
   [Other: 0.9 ms]
      [Choose CSet: 0.0 ms]
      [Ref Proc: 0.1 ms]
      [Ref Enq: 0.0 ms]
      [Free CSet: 0.7 ms]
   [Eden: 529.0M(529.0M)->0.0B(487.0M) Survivors: 8192.0K->50.0M Heap: 635.9M(896.0M)->148.2M(896.0M)]
 [Times: user=0.06 sys=0.00, real=0.03 secs] 
2014-07-10T11:58:14.148+0200: 13.221: [GC pause (G1 Evacuation Pause) (young), 0.0078945 secs]
   [Parallel Time: 6.0 ms, GC Workers: 2]
      [GC Worker Start (ms): Min: 13221.3, Avg: 13221.3, Max: 13221.3, Diff: 0.0]
      [Ext Root Scanning (ms): Min: 0.3, Avg: 0.3, Max: 0.3, Diff: 0.0, Sum: 0.6]
      [Update RS (ms): Min: 0.0, Avg: 0.0, Max: 0.0, Diff: 0.0, Sum: 0.1]
         [Processed Buffers: Min: 1, Avg: 1.5, Max: 2, Diff: 1, Sum: 3]
      [Scan RS (ms): Min: 0.7, Avg: 0.8, Max: 0.8, Diff: 0.1, Sum: 1.5]
      [Code Root Scanning (ms): Min: 0.4, Avg: 0.5, Max: 0.5, Diff: 0.1, Sum: 0.9]
      [Object Copy (ms): Min: 4.4, Avg: 4.4, Max: 4.4, Diff: 0.0, Sum: 8.8]
      [Termination (ms): Min: 0.0, Avg: 0.0, Max: 0.0, Diff: 0.0, Sum: 0.0]
      [GC Worker Other (ms): Min: 0.0, Avg: 0.0, Max: 0.0, Diff: 0.0, Sum: 0.1]
      [GC Worker Total (ms): Min: 6.0, Avg: 6.0, Max: 6.0, Diff: 0.0, Sum: 12.0]
      [GC Worker End (ms): Min: 13227.3, Avg: 13227.3, Max: 13227.3, Diff: 0.0]
   [Code Root Fixup: 0.0 ms]
   [Code Root Migration: 0.1 ms]
   [Clear CT: 0.6 ms]
   [Other: 1.1 ms]
      [Choose CSet: 0.0 ms]
      [Ref Proc: 0.2 ms]
      [Ref Enq: 0.0 ms]
      [Free CSet: 0.7 ms]
   [Eden: 487.0M(487.0M)->0.0B(529.0M) Survivors: 50.0M->8192.0K Heap: 635.2M(896.0M)->106.8M(896.0M)]
 [Times: user=0.00 sys=0.01, real=0.01 secs] 
2014-07-10T11:58:14.731+0200: 13.805: [GC pause (G1 Evacuation Pause) (young), 0.0719840 secs]
   [Parallel Time: 43.7 ms, GC Workers: 2]
      [GC Worker Start (ms): Min: 13809.2, Avg: 13825.7, Max: 13842.1, Diff: 32.9]
      [Ext Root Scanning (ms): Min: 0.0, Avg: 0.2, Max: 0.3, Diff: 0.3, Sum: 0.3]
      [Update RS (ms): Min: 0.0, Avg: 0.0, Max: 0.1, Diff: 0.1, Sum: 0.1]
         [Processed Buffers: Min: 0, Avg: 1.5, Max: 3, Diff: 3, Sum: 3]
      [Scan RS (ms): Min: 0.1, Avg: 0.8, Max: 1.5, Diff: 1.4, Sum: 1.6]
      [Code Root Scanning (ms): Min: 0.0, Avg: 0.4, Max: 0.8, Diff: 0.8, Sum: 0.8]
      [Object Copy (ms): Min: 5.8, Avg: 21.0, Max: 36.3, Diff: 30.5, Sum: 42.1]
      [Termination (ms): Min: 0.0, Avg: 0.1, Max: 0.3, Diff: 0.3, Sum: 0.3]
      [GC Worker Other (ms): Min: 0.0, Avg: 0.0, Max: 0.0, Diff: 0.0, Sum: 0.1]
      [GC Worker Total (ms): Min: 6.1, Avg: 22.6, Max: 39.0, Diff: 32.9, Sum: 45.2]
      [GC Worker End (ms): Min: 13848.3, Avg: 13848.3, Max: 13848.3, Diff: 0.0]
   [Code Root Fixup: 0.0 ms]
   [Code Root Migration: 0.1 ms]
   [Clear CT: 0.5 ms]
   [Other: 27.7 ms]
      [Choose CSet: 0.0 ms]
      [Ref Proc: 26.8 ms]
      [Ref Enq: 0.0 ms]
      [Free CSet: 0.7 ms]
   [Eden: 529.0M(529.0M)->0.0B(487.0M) Survivors: 8192.0K->50.0M Heap: 635.8M(896.0M)->149.2M(896.0M)]
 [Times: user=0.03 sys=0.00, real=0.07 secs] 
2014-07-10T11:58:15.159+0200: 14.232: [GC pause (G1 Evacuation Pause) (young), 0.0056706 secs]
   [Parallel Time: 3.8 ms, GC Workers: 2]
      [GC Worker Start (ms): Min: 14233.1, Avg: 14234.5, Max: 14236.0, Diff: 3.0]
      [Ext Root Scanning (ms): Min: 0.0, Avg: 0.2, Max: 0.4, Diff: 0.4, Sum: 0.4]
      [Update RS (ms): Min: 0.0, Avg: 0.0, Max: 0.0, Diff: 0.0, Sum: 0.1]
         [Processed Buffers: Min: 0, Avg: 1.0, Max: 2, Diff: 2, Sum: 2]
      [Scan RS (ms): Min: 0.0, Avg: 0.7, Max: 1.4, Diff: 1.4, Sum: 1.4]
      [Code Root Scanning (ms): Min: 0.0, Avg: 0.3, Max: 0.6, Diff: 0.6, Sum: 0.6]
      [Object Copy (ms): Min: 0.0, Avg: 0.2, Max: 0.5, Diff: 0.5, Sum: 0.5]
      [Termination (ms): Min: 0.0, Avg: 0.1, Max: 0.1, Diff: 0.1, Sum: 0.1]
      [GC Worker Other (ms): Min: 0.0, Avg: 0.0, Max: 0.0, Diff: 0.0, Sum: 0.1]
      [GC Worker Total (ms): Min: 0.1, Avg: 1.5, Max: 3.0, Diff: 3.0, Sum: 3.1]
      [GC Worker End (ms): Min: 14236.1, Avg: 14236.1, Max: 14236.1, Diff: 0.0]
   [Code Root Fixup: 0.0 ms]
   [Code Root Migration: 0.2 ms]
   [Clear CT: 0.4 ms]
   [Other: 1.3 ms]
      [Choose CSet: 0.0 ms]
      [Ref Proc: 0.1 ms]
      [Ref Enq: 0.0 ms]
      [Free CSet: 1.1 ms]
   [Eden: 487.0M(487.0M)->0.0B(536.0M) Survivors: 50.0M->1024.0K Heap: 636.2M(896.0M)->99.7M(896.0M)]
 [Times: user=0.00 sys=0.00, real=0.01 secs] 
2014-07-10T11:58:15.711+0200: 14.784: [GC pause (G1 Evacuation Pause) (young), 0.0406767 secs]
   [Parallel Time: 39.1 ms, GC Workers: 2]
      [GC Worker Start (ms): Min: 14784.5, Avg: 14784.5, Max: 14784.5, Diff: 0.0]
      [Ext Root Scanning (ms): Min: 0.3, Avg: 0.3, Max: 0.3, Diff: 0.0, Sum: 0.5]
      [Update RS (ms): Min: 0.0, Avg: 0.0, Max: 0.1, Diff: 0.0, Sum: 0.1]
         [Processed Buffers: Min: 1, Avg: 1.0, Max: 1, Diff: 0, Sum: 2]
      [Scan RS (ms): Min: 0.7, Avg: 0.7, Max: 0.7, Diff: 0.0, Sum: 1.4]
      [Code Root Scanning (ms): Min: 0.4, Avg: 0.4, Max: 0.4, Diff: 0.0, Sum: 0.7]
      [Object Copy (ms): Min: 37.7, Avg: 37.7, Max: 37.7, Diff: 0.0, Sum: 75.4]
      [Termination (ms): Min: 0.0, Avg: 0.0, Max: 0.0, Diff: 0.0, Sum: 0.0]
      [GC Worker Other (ms): Min: 0.0, Avg: 0.0, Max: 0.0, Diff: 0.0, Sum: 0.1]
      [GC Worker Total (ms): Min: 39.1, Avg: 39.1, Max: 39.1, Diff: 0.0, Sum: 78.2]
      [GC Worker End (ms): Min: 14823.6, Avg: 14823.6, Max: 14823.6, Diff: 0.0]
   [Code Root Fixup: 0.0 ms]
   [Code Root Migration: 0.1 ms]
   [Clear CT: 0.4 ms]
   [Other: 1.0 ms]
      [Choose CSet: 0.0 ms]
      [Ref Proc: 0.1 ms]
      [Ref Enq: 0.0 ms]
      [Free CSet: 0.7 ms]
   [Eden: 536.0M(536.0M)->0.0B(476.0M) Survivors: 1024.0K->61.0M Heap: 635.7M(896.0M)->160.2M(896.0M)]
 [Times: user=0.06 sys=0.00, real=0.04 secs] 
2014-07-10T11:58:16.150+0200: 15.223: [GC pause (G1 Evacuation Pause) (young), 0.0029396 secs]
   [Parallel Time: 1.7 ms, GC Workers: 2]
      [GC Worker Start (ms): Min: 15222.9, Avg: 15222.9, Max: 15222.9, Diff: 0.0]
      [Ext Root Scanning (ms): Min: 0.3, Avg: 0.3, Max: 0.3, Diff: 0.0, Sum: 0.7]
      [Update RS (ms): Min: 0.0, Avg: 0.0, Max: 0.1, Diff: 0.0, Sum: 0.1]
         [Processed Buffers: Min: 1, Avg: 1.0, Max: 1, Diff: 0, Sum: 2]
      [Scan RS (ms): Min: 0.7, Avg: 0.7, Max: 0.7, Diff: 0.0, Sum: 1.5]
      [Code Root Scanning (ms): Min: 0.3, Avg: 0.3, Max: 0.4, Diff: 0.0, Sum: 0.7]
      [Object Copy (ms): Min: 0.2, Avg: 0.2, Max: 0.2, Diff: 0.0, Sum: 0.5]
      [Termination (ms): Min: 0.0, Avg: 0.0, Max: 0.0, Diff: 0.0, Sum: 0.0]
      [GC Worker Other (ms): Min: 0.0, Avg: 0.0, Max: 0.0, Diff: 0.0, Sum: 0.1]
      [GC Worker Total (ms): Min: 1.7, Avg: 1.7, Max: 1.7, Diff: 0.0, Sum: 3.4]
      [GC Worker End (ms): Min: 15224.6, Avg: 15224.6, Max: 15224.6, Diff: 0.0]
   [Code Root Fixup: 0.0 ms]
   [Code Root Migration: 0.0 ms]
   [Clear CT: 0.3 ms]
   [Other: 0.9 ms]
      [Choose CSet: 0.0 ms]
      [Ref Proc: 0.0 ms]
      [Ref Enq: 0.0 ms]
      [Free CSet: 0.7 ms]
   [Eden: 476.0M(476.0M)->0.0B(536.0M) Survivors: 61.0M->1024.0K Heap: 636.2M(896.0M)->99.7M(896.0M)]
 [Times: user=0.02 sys=0.00, real=0.00 secs] 
2014-07-10T11:58:16.702+0200: 15.774: [GC pause (G1 Evacuation Pause) (young), 0.0380935 secs]
   [Parallel Time: 36.6 ms, GC Workers: 2]
      [GC Worker Start (ms): Min: 15774.4, Avg: 15774.4, Max: 15774.4, Diff: 0.0]
      [Ext Root Scanning (ms): Min: 0.3, Avg: 0.3, Max: 0.3, Diff: 0.0, Sum: 0.5]
      [Update RS (ms): Min: 0.0, Avg: 0.0, Max: 0.0, Diff: 0.0, Sum: 0.1]
         [Processed Buffers: Min: 1, Avg: 2.0, Max: 3, Diff: 2, Sum: 4]
      [Scan RS (ms): Min: 0.7, Avg: 0.7, Max: 0.7, Diff: 0.0, Sum: 1.5]
      [Code Root Scanning (ms): Min: 0.3, Avg: 0.3, Max: 0.3, Diff: 0.0, Sum: 0.7]
      [Object Copy (ms): Min: 35.2, Avg: 35.2, Max: 35.2, Diff: 0.0, Sum: 70.4]
      [Termination (ms): Min: 0.0, Avg: 0.0, Max: 0.0, Diff: 0.0, Sum: 0.0]
      [GC Worker Other (ms): Min: 0.0, Avg: 0.0, Max: 0.0, Diff: 0.0, Sum: 0.1]
      [GC Worker Total (ms): Min: 36.6, Avg: 36.6, Max: 36.6, Diff: 0.0, Sum: 73.2]
      [GC Worker End (ms): Min: 15811.0, Avg: 15811.0, Max: 15811.0, Diff: 0.0]
   [Code Root Fixup: 0.0 ms]
   [Code Root Migration: 0.1 ms]
   [Clear CT: 0.4 ms]
   [Other: 1.0 ms]
      [Choose CSet: 0.0 ms]
      [Ref Proc: 0.1 ms]
      [Ref Enq: 0.0 ms]
      [Free CSet: 0.8 ms]
   [Eden: 536.0M(536.0M)->0.0B(479.0M) Survivors: 1024.0K->58.0M Heap: 635.7M(896.0M)->157.2M(896.0M)]
 [Times: user=0.06 sys=0.00, real=0.04 secs] 
2014-07-10T11:58:17.153+0200: 16.226: [GC pause (G1 Evacuation Pause) (young), 0.0080955 secs]
   [Parallel Time: 6.6 ms, GC Workers: 2]
      [GC Worker Start (ms): Min: 16226.2, Avg: 16226.2, Max: 16226.2, Diff: 0.0]
      [Ext Root Scanning (ms): Min: 0.3, Avg: 0.3, Max: 0.3, Diff: 0.0, Sum: 0.6]
      [Update RS (ms): Min: 0.0, Avg: 0.0, Max: 0.0, Diff: 0.0, Sum: 0.1]
         [Processed Buffers: Min: 1, Avg: 1.5, Max: 2, Diff: 1, Sum: 3]
      [Scan RS (ms): Min: 0.7, Avg: 0.7, Max: 0.7, Diff: 0.0, Sum: 1.5]
      [Code Root Scanning (ms): Min: 0.3, Avg: 0.3, Max: 0.3, Diff: 0.0, Sum: 0.7]
      [Object Copy (ms): Min: 5.0, Avg: 5.0, Max: 5.0, Diff: 0.0, Sum: 9.9]
      [Termination (ms): Min: 0.0, Avg: 0.0, Max: 0.0, Diff: 0.0, Sum: 0.0]
      [GC Worker Other (ms): Min: 0.0, Avg: 0.1, Max: 0.2, Diff: 0.1, Sum: 0.2]
      [GC Worker Total (ms): Min: 6.4, Avg: 6.5, Max: 6.6, Diff: 0.1, Sum: 13.0]
      [GC Worker End (ms): Min: 16232.6, Avg: 16232.7, Max: 16232.8, Diff: 0.1]
   [Code Root Fixup: 0.0 ms]
   [Code Root Migration: 0.1 ms]
   [Clear CT: 0.5 ms]
   [Other: 1.0 ms]
      [Choose CSet: 0.0 ms]
      [Ref Proc: 0.1 ms]
      [Ref Enq: 0.0 ms]
      [Free CSet: 0.8 ms]
   [Eden: 479.0M(479.0M)->0.0B(528.0M) Survivors: 58.0M->9216.0K Heap: 636.2M(896.0M)->107.8M(896.0M)]
 [Times: user=0.00 sys=0.00, real=0.01 secs] 
2014-07-10T11:58:17.698+0200: 16.770: [GC pause (G1 Evacuation Pause) (young), 0.0319731 secs]
   [Parallel Time: 30.5 ms, GC Workers: 2]
      [GC Worker Start (ms): Min: 16770.5, Avg: 16770.6, Max: 16770.6, Diff: 0.0]
      [Ext Root Scanning (ms): Min: 0.2, Avg: 0.2, Max: 0.3, Diff: 0.0, Sum: 0.5]
      [Update RS (ms): Min: 0.0, Avg: 0.0, Max: 0.0, Diff: 0.0, Sum: 0.1]
         [Processed Buffers: Min: 1, Avg: 2.0, Max: 3, Diff: 2, Sum: 4]
      [Scan RS (ms): Min: 0.8, Avg: 0.9, Max: 0.9, Diff: 0.1, Sum: 1.7]
      [Code Root Scanning (ms): Min: 0.3, Avg: 0.4, Max: 0.4, Diff: 0.1, Sum: 0.7]
      [Object Copy (ms): Min: 28.8, Avg: 28.8, Max: 28.8, Diff: 0.0, Sum: 57.6]
      [Termination (ms): Min: 0.0, Avg: 0.0, Max: 0.0, Diff: 0.0, Sum: 0.0]
      [GC Worker Other (ms): Min: 0.0, Avg: 0.1, Max: 0.2, Diff: 0.1, Sum: 0.2]
      [GC Worker Total (ms): Min: 30.4, Avg: 30.4, Max: 30.5, Diff: 0.1, Sum: 60.8]
      [GC Worker End (ms): Min: 16800.9, Avg: 16801.0, Max: 16801.0, Diff: 0.1]
   [Code Root Fixup: 0.0 ms]
   [Code Root Migration: 0.1 ms]
   [Clear CT: 0.4 ms]
   [Other: 1.0 ms]
      [Choose CSet: 0.0 ms]
      [Ref Proc: 0.1 ms]
      [Ref Enq: 0.0 ms]
      [Free CSet: 0.7 ms]
   [Eden: 528.0M(528.0M)->0.0B(488.0M) Survivors: 9216.0K->49.0M Heap: 635.8M(896.0M)->148.1M(896.0M)]
 [Times: user=0.06 sys=0.00, real=0.03 secs] 
2014-07-10T11:58:18.155+0200: 17.227: [GC pause (G1 Evacuation Pause) (young), 0.0076456 secs]
   [Parallel Time: 6.2 ms, GC Workers: 2]
      [GC Worker Start (ms): Min: 17227.5, Avg: 17227.6, Max: 17227.8, Diff: 0.3]
      [Ext Root Scanning (ms): Min: 0.1, Avg: 0.3, Max: 0.4, Diff: 0.3, Sum: 0.5]
      [Update RS (ms): Min: 0.0, Avg: 0.0, Max: 0.0, Diff: 0.0, Sum: 0.1]
         [Processed Buffers: Min: 1, Avg: 1.5, Max: 2, Diff: 1, Sum: 3]
      [Scan RS (ms): Min: 0.7, Avg: 0.7, Max: 0.7, Diff: 0.0, Sum: 1.5]
      [Code Root Scanning (ms): Min: 0.3, Avg: 0.4, Max: 0.4, Diff: 0.0, Sum: 0.7]
      [Object Copy (ms): Min: 4.6, Avg: 4.6, Max: 4.6, Diff: 0.0, Sum: 9.2]
      [Termination (ms): Min: 0.0, Avg: 0.0, Max: 0.0, Diff: 0.0, Sum: 0.0]
      [GC Worker Other (ms): Min: 0.0, Avg: 0.0, Max: 0.0, Diff: 0.0, Sum: 0.1]
      [GC Worker Total (ms): Min: 5.9, Avg: 6.0, Max: 6.2, Diff: 0.3, Sum: 12.0]
      [GC Worker End (ms): Min: 17233.6, Avg: 17233.6, Max: 17233.6, Diff: 0.0]
   [Code Root Fixup: 0.0 ms]
   [Code Root Migration: 0.1 ms]
   [Clear CT: 0.4 ms]
   [Other: 1.0 ms]
      [Choose CSet: 0.0 ms]
      [Ref Proc: 0.2 ms]
      [Ref Enq: 0.0 ms]
      [Free CSet: 0.6 ms]
   [Eden: 488.0M(488.0M)->0.0B(529.0M) Survivors: 49.0M->8192.0K Heap: 636.1M(896.0M)->107.7M(896.0M)]
 [Times: user=0.00 sys=0.00, real=0.01 secs] 
2014-07-10T11:58:18.698+0200: 17.771: [GC pause (G1 Evacuation Pause) (young), 0.0357123 secs]
   [Parallel Time: 34.2 ms, GC Workers: 2]
      [GC Worker Start (ms): Min: 17770.6, Avg: 17770.6, Max: 17770.6, Diff: 0.0]
      [Ext Root Scanning (ms): Min: 0.3, Avg: 0.3, Max: 0.3, Diff: 0.0, Sum: 0.6]
      [Update RS (ms): Min: 0.0, Avg: 0.0, Max: 0.0, Diff: 0.0, Sum: 0.1]
         [Processed Buffers: Min: 2, Avg: 2.0, Max: 2, Diff: 0, Sum: 4]
      [Scan RS (ms): Min: 0.9, Avg: 0.9, Max: 0.9, Diff: 0.1, Sum: 1.8]
      [Code Root Scanning (ms): Min: 0.4, Avg: 0.4, Max: 0.4, Diff: 0.1, Sum: 0.8]
      [Object Copy (ms): Min: 32.5, Avg: 32.5, Max: 32.5, Diff: 0.0, Sum: 64.9]
      [Termination (ms): Min: 0.0, Avg: 0.0, Max: 0.0, Diff: 0.0, Sum: 0.0]
      [GC Worker Other (ms): Min: 0.0, Avg: 0.0, Max: 0.0, Diff: 0.0, Sum: 0.1]
      [GC Worker Total (ms): Min: 34.1, Avg: 34.1, Max: 34.1, Diff: 0.0, Sum: 68.3]
      [GC Worker End (ms): Min: 17804.7, Avg: 17804.7, Max: 17804.7, Diff: 0.0]
   [Code Root Fixup: 0.0 ms]
   [Code Root Migration: 0.1 ms]
   [Clear CT: 0.5 ms]
   [Other: 1.0 ms]
      [Choose CSet: 0.0 ms]
      [Ref Proc: 0.0 ms]
      [Ref Enq: 0.0 ms]
      [Free CSet: 0.7 ms]
   [Eden: 529.0M(529.0M)->0.0B(482.0M) Survivors: 8192.0K->55.0M Heap: 636.7M(896.0M)->154.1M(896.0M)]
 [Times: user=0.06 sys=0.00, real=0.04 secs] 
2014-07-10T11:58:19.138+0200: 18.211: [GC pause (G1 Evacuation Pause) (young), 0.0080889 secs]
   [Parallel Time: 6.6 ms, GC Workers: 2]
      [GC Worker Start (ms): Min: 18210.6, Avg: 18210.6, Max: 18210.6, Diff: 0.0]
      [Ext Root Scanning (ms): Min: 0.3, Avg: 0.3, Max: 0.3, Diff: 0.0, Sum: 0.7]
      [Update RS (ms): Min: 0.0, Avg: 0.0, Max: 0.0, Diff: 0.0, Sum: 0.1]
         [Processed Buffers: Min: 1, Avg: 1.5, Max: 2, Diff: 1, Sum: 3]
      [Scan RS (ms): Min: 0.9, Avg: 0.9, Max: 0.9, Diff: 0.1, Sum: 1.8]
      [Code Root Scanning (ms): Min: 0.3, Avg: 0.3, Max: 0.4, Diff: 0.1, Sum: 0.7]
      [Object Copy (ms): Min: 4.9, Avg: 4.9, Max: 4.9, Diff: 0.0, Sum: 9.8]
      [Termination (ms): Min: 0.0, Avg: 0.0, Max: 0.0, Diff: 0.0, Sum: 0.0]
      [GC Worker Other (ms): Min: 0.0, Avg: 0.0, Max: 0.0, Diff: 0.0, Sum: 0.1]
      [GC Worker Total (ms): Min: 6.6, Avg: 6.6, Max: 6.6, Diff: 0.0, Sum: 13.2]
      [GC Worker End (ms): Min: 18217.2, Avg: 18217.2, Max: 18217.2, Diff: 0.0]
   [Code Root Fixup: 0.0 ms]
   [Code Root Migration: 0.1 ms]
   [Clear CT: 0.4 ms]
   [Other: 1.0 ms]
      [Choose CSet: 0.0 ms]
      [Ref Proc: 0.1 ms]
      [Ref Enq: 0.0 ms]
      [Free CSet: 0.7 ms]
   [Eden: 482.0M(482.0M)->0.0B(529.0M) Survivors: 55.0M->8192.0K Heap: 636.1M(896.0M)->107.7M(896.0M)]
 [Times: user=0.00 sys=0.00, real=0.01 secs] 
2014-07-10T11:58:19.700+0200: 18.773: [GC pause (G1 Evacuation Pause) (young), 0.0463891 secs]
   [Parallel Time: 45.1 ms, GC Workers: 2]
      [GC Worker Start (ms): Min: 18773.0, Avg: 18774.1, Max: 18775.3, Diff: 2.4]
      [Ext Root Scanning (ms): Min: 0.0, Avg: 0.2, Max: 0.5, Diff: 0.5, Sum: 0.5]
      [Update RS (ms): Min: 0.0, Avg: 0.0, Max: 0.1, Diff: 0.1, Sum: 0.1]
         [Processed Buffers: Min: 0, Avg: 2.0, Max: 4, Diff: 4, Sum: 4]
      [Scan RS (ms): Min: 0.1, Avg: 0.8, Max: 1.4, Diff: 1.3, Sum: 1.5]
      [Code Root Scanning (ms): Min: 0.0, Avg: 0.3, Max: 0.6, Diff: 0.6, Sum: 0.7]
      [Object Copy (ms): Min: 30.1, Avg: 31.5, Max: 32.9, Diff: 2.7, Sum: 63.0]
      [Termination (ms): Min: 0.0, Avg: 6.2, Max: 12.3, Diff: 12.3, Sum: 12.3]
      [GC Worker Other (ms): Min: 0.0, Avg: 0.0, Max: 0.0, Diff: 0.0, Sum: 0.1]
      [GC Worker Total (ms): Min: 35.5, Avg: 39.1, Max: 42.7, Diff: 7.2, Sum: 78.1]
      [GC Worker End (ms): Min: 18808.4, Avg: 18813.2, Max: 18818.0, Diff: 9.6]
   [Code Root Fixup: 0.0 ms]
   [Code Root Migration: 0.1 ms]
   [Clear CT: 0.3 ms]
   [Other: 0.9 ms]
      [Choose CSet: 0.0 ms]
      [Ref Proc: 0.1 ms]
      [Ref Enq: 0.0 ms]
      [Free CSet: 0.6 ms]
   [Eden: 529.0M(529.0M)->0.0B(487.0M) Survivors: 8192.0K->50.0M Heap: 636.7M(896.0M)->149.1M(896.0M)]
 [Times: user=0.06 sys=0.00, real=0.05 secs] 
2014-07-10T11:58:20.161+0200: 19.234: [GC pause (G1 Evacuation Pause) (young), 0.0099062 secs]
   [Parallel Time: 8.6 ms, GC Workers: 2]
      [GC Worker Start (ms): Min: 19234.1, Avg: 19234.1, Max: 19234.1, Diff: 0.0]
      [Ext Root Scanning (ms): Min: 0.3, Avg: 0.3, Max: 0.3, Diff: 0.0, Sum: 0.5]
      [Update RS (ms): Min: 0.0, Avg: 0.0, Max: 0.1, Diff: 0.1, Sum: 0.1]
         [Processed Buffers: Min: 1, Avg: 1.0, Max: 1, Diff: 0, Sum: 2]
      [Scan RS (ms): Min: 0.8, Avg: 0.8, Max: 0.9, Diff: 0.2, Sum: 1.7]
      [Code Root Scanning (ms): Min: 0.4, Avg: 0.4, Max: 0.5, Diff: 0.1, Sum: 0.8]
      [Object Copy (ms): Min: 4.7, Avg: 4.8, Max: 4.9, Diff: 0.3, Sum: 9.6]
      [Termination (ms): Min: 0.0, Avg: 1.2, Max: 2.4, Diff: 2.4, Sum: 2.4]
      [GC Worker Other (ms): Min: 0.0, Avg: 0.0, Max: 0.0, Diff: 0.0, Sum: 0.1]
      [GC Worker Total (ms): Min: 6.5, Avg: 7.5, Max: 8.6, Diff: 2.1, Sum: 15.1]
      [GC Worker End (ms): Min: 19240.6, Avg: 19241.7, Max: 19242.7, Diff: 2.1]
   [Code Root Fixup: 0.0 ms]
   [Code Root Migration: 0.1 ms]
   [Clear CT: 0.3 ms]
   [Other: 0.9 ms]
      [Choose CSet: 0.0 ms]
      [Ref Proc: 0.1 ms]
      [Ref Enq: 0.0 ms]
      [Free CSet: 0.7 ms]
   [Eden: 487.0M(487.0M)->0.0B(529.0M) Survivors: 50.0M->8192.0K Heap: 636.1M(896.0M)->107.6M(896.0M)]
 [Times: user=0.02 sys=0.02, real=0.01 secs] 
2014-07-10T11:58:20.699+0200: 19.772: [GC pause (G1 Evacuation Pause) (young), 0.0756125 secs]
   [Parallel Time: 58.5 ms, GC Workers: 2]
      [GC Worker Start (ms): Min: 19772.4, Avg: 19775.5, Max: 19778.6, Diff: 6.2]
      [Ext Root Scanning (ms): Min: 0.0, Avg: 0.3, Max: 0.6, Diff: 0.6, Sum: 0.6]
      [Update RS (ms): Min: 0.0, Avg: 0.0, Max: 0.1, Diff: 0.1, Sum: 0.1]
         [Processed Buffers: Min: 0, Avg: 1.5, Max: 3, Diff: 3, Sum: 3]
      [Scan RS (ms): Min: 1.3, Avg: 5.1, Max: 9.0, Diff: 7.7, Sum: 10.3]
      [Code Root Scanning (ms): Min: 0.0, Avg: 0.3, Max: 0.6, Diff: 0.6, Sum: 0.6]
      [Object Copy (ms): Min: 20.5, Avg: 27.1, Max: 33.7, Diff: 13.2, Sum: 54.2]
      [Termination (ms): Min: 0.0, Avg: 0.9, Max: 1.8, Diff: 1.8, Sum: 1.8]
      [GC Worker Other (ms): Min: 0.0, Avg: 0.0, Max: 0.0, Diff: 0.0, Sum: 0.1]
      [GC Worker Total (ms): Min: 31.3, Avg: 33.8, Max: 36.4, Diff: 5.0, Sum: 67.7]
      [GC Worker End (ms): Min: 19808.8, Avg: 19809.4, Max: 19809.9, Diff: 1.2]
   [Code Root Fixup: 0.0 ms]
   [Code Root Migration: 0.1 ms]
   [Clear CT: 0.5 ms]
   [Other: 16.5 ms]
      [Choose CSet: 0.0 ms]
      [Ref Proc: 15.6 ms]
      [Ref Enq: 0.0 ms]
      [Free CSet: 0.7 ms]
   [Eden: 529.0M(529.0M)->0.0B(487.0M) Survivors: 8192.0K->50.0M Heap: 636.6M(896.0M)->150.0M(896.0M)]
 [Times: user=0.05 sys=0.00, real=0.08 secs] 
2014-07-10T11:58:21.138+0200: 20.211: [GC pause (G1 Evacuation Pause) (young), 0.0029477 secs]
   [Parallel Time: 1.8 ms, GC Workers: 2]
      [GC Worker Start (ms): Min: 20210.9, Avg: 20210.9, Max: 20210.9, Diff: 0.0]
      [Ext Root Scanning (ms): Min: 0.3, Avg: 0.3, Max: 0.3, Diff: 0.0, Sum: 0.6]
      [Update RS (ms): Min: 0.0, Avg: 0.0, Max: 0.0, Diff: 0.0, Sum: 0.1]
         [Processed Buffers: Min: 1, Avg: 1.0, Max: 1, Diff: 0, Sum: 2]
      [Scan RS (ms): Min: 0.7, Avg: 0.8, Max: 0.8, Diff: 0.0, Sum: 1.5]
      [Code Root Scanning (ms): Min: 0.4, Avg: 0.4, Max: 0.4, Diff: 0.0, Sum: 0.7]
      [Object Copy (ms): Min: 0.3, Avg: 0.3, Max: 0.3, Diff: 0.0, Sum: 0.5]
      [Termination (ms): Min: 0.0, Avg: 0.0, Max: 0.0, Diff: 0.0, Sum: 0.0]
      [GC Worker Other (ms): Min: 0.0, Avg: 0.0, Max: 0.0, Diff: 0.0, Sum: 0.1]
      [GC Worker Total (ms): Min: 1.8, Avg: 1.8, Max: 1.8, Diff: 0.0, Sum: 3.5]
      [GC Worker End (ms): Min: 20212.7, Avg: 20212.7, Max: 20212.7, Diff: 0.0]
   [Code Root Fixup: 0.0 ms]
   [Code Root Migration: 0.0 ms]
   [Clear CT: 0.3 ms]
   [Other: 0.8 ms]
      [Choose CSet: 0.0 ms]
      [Ref Proc: 0.0 ms]
      [Ref Enq: 0.0 ms]
      [Free CSet: 0.7 ms]
   [Eden: 487.0M(487.0M)->0.0B(536.0M) Survivors: 50.0M->1024.0K Heap: 637.0M(896.0M)->100.6M(896.0M)]
 [Times: user=0.00 sys=0.00, real=0.00 secs] 
2014-07-10T11:58:21.701+0200: 20.774: [GC pause (G1 Evacuation Pause) (young), 0.0394002 secs]
   [Parallel Time: 37.9 ms, GC Workers: 2]
      [GC Worker Start (ms): Min: 20774.2, Avg: 20774.2, Max: 20774.2, Diff: 0.0]
      [Ext Root Scanning (ms): Min: 0.3, Avg: 0.3, Max: 0.3, Diff: 0.0, Sum: 0.6]
      [Update RS (ms): Min: 0.0, Avg: 0.1, Max: 0.1, Diff: 0.0, Sum: 0.1]
         [Processed Buffers: Min: 2, Avg: 2.0, Max: 2, Diff: 0, Sum: 4]
      [Scan RS (ms): Min: 0.7, Avg: 0.7, Max: 0.7, Diff: 0.0, Sum: 1.5]
      [Code Root Scanning (ms): Min: 0.3, Avg: 0.4, Max: 0.4, Diff: 0.0, Sum: 0.7]
      [Object Copy (ms): Min: 36.4, Avg: 36.4, Max: 36.5, Diff: 0.0, Sum: 72.9]
      [Termination (ms): Min: 0.0, Avg: 0.0, Max: 0.0, Diff: 0.0, Sum: 0.0]
      [GC Worker Other (ms): Min: 0.0, Avg: 0.0, Max: 0.0, Diff: 0.0, Sum: 0.1]
      [GC Worker Total (ms): Min: 37.9, Avg: 37.9, Max: 37.9, Diff: 0.0, Sum: 75.9]
      [GC Worker End (ms): Min: 20812.1, Avg: 20812.1, Max: 20812.1, Diff: 0.0]
   [Code Root Fixup: 0.0 ms]
   [Code Root Migration: 0.1 ms]
   [Clear CT: 0.4 ms]
   [Other: 1.0 ms]
      [Choose CSet: 0.0 ms]
      [Ref Proc: 0.0 ms]
      [Ref Enq: 0.0 ms]
      [Free CSet: 0.7 ms]
   [Eden: 536.0M(536.0M)->0.0B(476.0M) Survivors: 1024.0K->61.0M Heap: 636.6M(896.0M)->161.0M(896.0M)]
 [Times: user=0.09 sys=0.00, real=0.04 secs] 
2014-07-10T11:58:22.156+0200: 21.229: [GC pause (G1 Evacuation Pause) (young), 0.0091649 secs]
   [Parallel Time: 4.0 ms, GC Workers: 2]
      [GC Worker Start (ms): Min: 21229.4, Avg: 21231.1, Max: 21232.8, Diff: 3.4]
      [Ext Root Scanning (ms): Min: 0.0, Avg: 0.2, Max: 0.4, Diff: 0.4, Sum: 0.4]
      [Update RS (ms): Min: 0.0, Avg: 0.0, Max: 0.1, Diff: 0.1, Sum: 0.1]
         [Processed Buffers: Min: 0, Avg: 1.5, Max: 3, Diff: 3, Sum: 3]
      [Scan RS (ms): Min: 0.0, Avg: 0.8, Max: 1.7, Diff: 1.7, Sum: 1.7]
      [Code Root Scanning (ms): Min: 0.0, Avg: 0.4, Max: 0.8, Diff: 0.8, Sum: 0.8]
      [Object Copy (ms): Min: 0.0, Avg: 0.4, Max: 0.9, Diff: 0.9, Sum: 0.9]
      [Termination (ms): Min: 0.0, Avg: 0.1, Max: 0.1, Diff: 0.1, Sum: 0.1]
      [GC Worker Other (ms): Min: 0.0, Avg: 0.0, Max: 0.0, Diff: 0.0, Sum: 0.1]
      [GC Worker Total (ms): Min: 0.1, Avg: 2.0, Max: 4.0, Diff: 3.9, Sum: 4.0]
      [GC Worker End (ms): Min: 21232.9, Avg: 21233.1, Max: 21233.4, Diff: 0.5]
   [Code Root Fixup: 0.0 ms]
   [Code Root Migration: 0.1 ms]
   [Clear CT: 0.3 ms]
   [Other: 4.8 ms]
      [Choose CSet: 0.0 ms]
      [Ref Proc: 4.0 ms]
      [Ref Enq: 0.0 ms]
      [Free CSet: 0.7 ms]
   [Eden: 476.0M(476.0M)->0.0B(536.0M) Survivors: 61.0M->1024.0K Heap: 637.0M(896.0M)->100.6M(896.0M)]
 [Times: user=0.00 sys=0.00, real=0.01 secs] 
2014-07-10T11:58:22.705+0200: 21.778: [GC pause (G1 Evacuation Pause) (young), 0.0388132 secs]
   [Parallel Time: 37.4 ms, GC Workers: 2]
      [GC Worker Start (ms): Min: 21778.2, Avg: 21778.9, Max: 21779.6, Diff: 1.4]
      [Ext Root Scanning (ms): Min: 0.0, Avg: 0.2, Max: 0.5, Diff: 0.4, Sum: 0.5]
      [Update RS (ms): Min: 0.0, Avg: 0.0, Max: 0.1, Diff: 0.1, Sum: 0.1]
         [Processed Buffers: Min: 0, Avg: 1.5, Max: 3, Diff: 3, Sum: 3]
      [Scan RS (ms): Min: 0.4, Avg: 0.7, Max: 1.0, Diff: 0.6, Sum: 1.5]
      [Code Root Scanning (ms): Min: 0.2, Avg: 0.3, Max: 0.5, Diff: 0.3, Sum: 0.7]
      [Object Copy (ms): Min: 35.3, Avg: 35.3, Max: 35.3, Diff: 0.0, Sum: 70.5]
      [Termination (ms): Min: 0.0, Avg: 0.0, Max: 0.0, Diff: 0.0, Sum: 0.0]
      [GC Worker Other (ms): Min: 0.0, Avg: 0.0, Max: 0.0, Diff: 0.0, Sum: 0.1]
      [GC Worker Total (ms): Min: 35.9, Avg: 36.7, Max: 37.4, Diff: 1.4, Sum: 73.3]
      [GC Worker End (ms): Min: 21815.5, Avg: 21815.5, Max: 21815.5, Diff: 0.0]
   [Code Root Fixup: 0.0 ms]
   [Code Root Migration: 0.1 ms]
   [Clear CT: 0.3 ms]
   [Other: 1.0 ms]
      [Choose CSet: 0.0 ms]
      [Ref Proc: 0.1 ms]
      [Ref Enq: 0.0 ms]
      [Free CSet: 0.7 ms]
   [Eden: 536.0M(536.0M)->0.0B(479.0M) Survivors: 1024.0K->58.0M Heap: 636.6M(896.0M)->158.0M(896.0M)]
 [Times: user=0.03 sys=0.00, real=0.04 secs] 
2014-07-10T11:58:23.148+0200: 22.221: [GC pause (G1 Evacuation Pause) (young), 0.0083814 secs]
   [Parallel Time: 6.9 ms, GC Workers: 2]
      [GC Worker Start (ms): Min: 22221.3, Avg: 22222.0, Max: 22222.6, Diff: 1.3]
      [Ext Root Scanning (ms): Min: 0.0, Avg: 0.3, Max: 0.6, Diff: 0.6, Sum: 0.6]
      [Update RS (ms): Min: 0.0, Avg: 0.0, Max: 0.1, Diff: 0.1, Sum: 0.1]
         [Processed Buffers: Min: 0, Avg: 1.0, Max: 2, Diff: 2, Sum: 2]
      [Scan RS (ms): Min: 0.5, Avg: 0.7, Max: 0.9, Diff: 0.5, Sum: 1.4]
      [Code Root Scanning (ms): Min: 0.2, Avg: 0.3, Max: 0.4, Diff: 0.2, Sum: 0.7]
      [Object Copy (ms): Min: 4.8, Avg: 4.8, Max: 4.8, Diff: 0.0, Sum: 9.5]
      [Termination (ms): Min: 0.0, Avg: 0.0, Max: 0.0, Diff: 0.0, Sum: 0.0]
      [GC Worker Other (ms): Min: 0.0, Avg: 0.0, Max: 0.0, Diff: 0.0, Sum: 0.1]
      [GC Worker Total (ms): Min: 5.5, Avg: 6.2, Max: 6.8, Diff: 1.3, Sum: 12.3]
      [GC Worker End (ms): Min: 22228.1, Avg: 22228.1, Max: 22228.1, Diff: 0.0]
   [Code Root Fixup: 0.0 ms]
   [Code Root Migration: 0.1 ms]
   [Clear CT: 0.4 ms]
   [Other: 1.0 ms]
      [Choose CSet: 0.0 ms]
      [Ref Proc: 0.1 ms]
      [Ref Enq: 0.0 ms]
      [Free CSet: 0.8 ms]
   [Eden: 479.0M(479.0M)->0.0B(528.0M) Survivors: 58.0M->9216.0K Heap: 637.0M(896.0M)->108.6M(896.0M)]
 [Times: user=0.01 sys=0.00, real=0.01 secs] 
2014-07-10T11:58:23.701+0200: 22.774: [GC pause (G1 Evacuation Pause) (young), 0.0424589 secs]
   [Parallel Time: 41.0 ms, GC Workers: 2]
      [GC Worker Start (ms): Min: 22784.9, Avg: 22784.9, Max: 22784.9, Diff: 0.0]
      [Ext Root Scanning (ms): Min: 0.2, Avg: 0.2, Max: 0.2, Diff: 0.0, Sum: 0.4]
      [Update RS (ms): Min: 0.0, Avg: 0.0, Max: 0.0, Diff: 0.0, Sum: 0.1]
         [Processed Buffers: Min: 1, Avg: 1.5, Max: 2, Diff: 1, Sum: 3]
      [Scan RS (ms): Min: 0.7, Avg: 0.7, Max: 0.7, Diff: 0.0, Sum: 1.3]
      [Code Root Scanning (ms): Min: 0.4, Avg: 0.4, Max: 0.4, Diff: 0.0, Sum: 0.7]
      [Object Copy (ms): Min: 28.7, Avg: 28.7, Max: 28.7, Diff: 0.0, Sum: 57.3]
      [Termination (ms): Min: 0.0, Avg: 0.0, Max: 0.0, Diff: 0.0, Sum: 0.0]
      [GC Worker Other (ms): Min: 0.0, Avg: 0.1, Max: 0.1, Diff: 0.0, Sum: 0.1]
      [GC Worker Total (ms): Min: 30.0, Avg: 30.0, Max: 30.0, Diff: 0.0, Sum: 60.0]
      [GC Worker End (ms): Min: 22814.8, Avg: 22814.9, Max: 22814.9, Diff: 0.0]
   [Code Root Fixup: 0.0 ms]
   [Code Root Migration: 0.1 ms]
   [Clear CT: 0.4 ms]
   [Other: 0.9 ms]
      [Choose CSet: 0.0 ms]
      [Ref Proc: 0.1 ms]
      [Ref Enq: 0.0 ms]
      [Free CSet: 0.7 ms]
   [Eden: 528.0M(528.0M)->0.0B(488.0M) Survivors: 9216.0K->49.0M Heap: 636.6M(896.0M)->149.0M(896.0M)]
 [Times: user=0.05 sys=0.00, real=0.04 secs] 
2014-07-10T11:58:24.151+0200: 23.224: [GC pause (G1 Evacuation Pause) (young), 0.0109848 secs]
   [Parallel Time: 9.4 ms, GC Workers: 2]
      [GC Worker Start (ms): Min: 23223.9, Avg: 23227.3, Max: 23230.7, Diff: 6.9]
      [Ext Root Scanning (ms): Min: 0.0, Avg: 0.3, Max: 0.6, Diff: 0.6, Sum: 0.6]
      [Update RS (ms): Min: 0.0, Avg: 0.0, Max: 0.1, Diff: 0.1, Sum: 0.1]
         [Processed Buffers: Min: 0, Avg: 1.5, Max: 3, Diff: 3, Sum: 3]
      [Scan RS (ms): Min: 0.1, Avg: 1.0, Max: 1.8, Diff: 1.7, Sum: 1.9]
      [Code Root Scanning (ms): Min: 0.0, Avg: 0.3, Max: 0.7, Diff: 0.7, Sum: 0.7]
      [Object Copy (ms): Min: 2.3, Avg: 4.2, Max: 6.2, Diff: 3.8, Sum: 8.5]
      [Termination (ms): Min: 0.0, Avg: 0.0, Max: 0.0, Diff: 0.0, Sum: 0.0]
      [GC Worker Other (ms): Min: 0.0, Avg: 0.0, Max: 0.1, Diff: 0.0, Sum: 0.1]
      [GC Worker Total (ms): Min: 2.5, Avg: 6.0, Max: 9.4, Diff: 6.9, Sum: 11.9]
      [GC Worker End (ms): Min: 23233.3, Avg: 23233.3, Max: 23233.3, Diff: 0.0]
   [Code Root Fixup: 0.0 ms]
   [Code Root Migration: 0.1 ms]
   [Clear CT: 0.4 ms]
   [Other: 1.1 ms]
      [Choose CSet: 0.0 ms]
      [Ref Proc: 0.1 ms]
      [Ref Enq: 0.0 ms]
      [Free CSet: 0.8 ms]
   [Eden: 488.0M(488.0M)->0.0B(529.0M) Survivors: 49.0M->8192.0K Heap: 637.0M(896.0M)->108.5M(896.0M)]
 [Times: user=0.02 sys=0.00, real=0.01 secs] 
2014-07-10T11:58:24.704+0200: 23.777: [GC pause (G1 Evacuation Pause) (young), 0.0590542 secs]
   [Parallel Time: 53.0 ms, GC Workers: 2]
      [GC Worker Start (ms): Min: 23776.9, Avg: 23785.6, Max: 23794.3, Diff: 17.5]
      [Ext Root Scanning (ms): Min: 0.0, Avg: 0.2, Max: 0.5, Diff: 0.4, Sum: 0.5]
      [Update RS (ms): Min: 0.0, Avg: 0.0, Max: 0.1, Diff: 0.1, Sum: 0.1]
         [Processed Buffers: Min: 0, Avg: 1.0, Max: 2, Diff: 2, Sum: 2]
      [Scan RS (ms): Min: 0.1, Avg: 0.8, Max: 1.5, Diff: 1.4, Sum: 1.6]
      [Code Root Scanning (ms): Min: 0.0, Avg: 0.3, Max: 0.6, Diff: 0.6, Sum: 0.6]
      [Object Copy (ms): Min: 21.5, Avg: 35.6, Max: 49.7, Diff: 28.1, Sum: 71.2]
      [Termination (ms): Min: 0.0, Avg: 6.9, Max: 13.8, Diff: 13.8, Sum: 13.8]
      [GC Worker Other (ms): Min: 0.0, Avg: 0.0, Max: 0.0, Diff: 0.0, Sum: 0.1]
      [GC Worker Total (ms): Min: 35.5, Avg: 43.9, Max: 52.4, Diff: 16.9, Sum: 87.9]
      [GC Worker End (ms): Min: 23829.2, Avg: 23829.5, Max: 23829.8, Diff: 0.6]
   [Code Root Fixup: 0.0 ms]
   [Code Root Migration: 0.1 ms]
   [Clear CT: 0.3 ms]
   [Other: 5.7 ms]
      [Choose CSet: 0.0 ms]
      [Ref Proc: 4.8 ms]
      [Ref Enq: 0.0 ms]
      [Free CSet: 0.7 ms]
   [Eden: 529.0M(529.0M)->0.0B(482.0M) Survivors: 8192.0K->55.0M Heap: 637.5M(896.0M)->155.0M(896.0M)]
 [Times: user=0.06 sys=0.00, real=0.06 secs] 
2014-07-10T11:58:25.141+0200: 24.214: [GC pause (G1 Evacuation Pause) (young), 0.0160498 secs]
   [Parallel Time: 7.8 ms, GC Workers: 2]
      [GC Worker Start (ms): Min: 24214.1, Avg: 24215.7, Max: 24217.4, Diff: 3.3]
      [Ext Root Scanning (ms): Min: 0.0, Avg: 0.3, Max: 0.5, Diff: 0.5, Sum: 0.6]
      [Update RS (ms): Min: 0.0, Avg: 0.0, Max: 0.1, Diff: 0.1, Sum: 0.1]
         [Processed Buffers: Min: 0, Avg: 1.0, Max: 2, Diff: 2, Sum: 2]
      [Scan RS (ms): Min: 0.0, Avg: 0.8, Max: 1.5, Diff: 1.5, Sum: 1.5]
      [Code Root Scanning (ms): Min: 0.0, Avg: 0.4, Max: 0.8, Diff: 0.8, Sum: 0.8]
      [Object Copy (ms): Min: 4.1, Avg: 4.3, Max: 4.4, Diff: 0.4, Sum: 8.5]
      [Termination (ms): Min: 0.0, Avg: 0.0, Max: 0.0, Diff: 0.0, Sum: 0.0]
      [GC Worker Other (ms): Min: 0.0, Avg: 0.1, Max: 0.1, Diff: 0.0, Sum: 0.1]
      [GC Worker Total (ms): Min: 4.1, Avg: 5.8, Max: 7.4, Diff: 3.3, Sum: 11.6]
      [GC Worker End (ms): Min: 24221.5, Avg: 24221.5, Max: 24221.5, Diff: 0.0]
   [Code Root Fixup: 0.0 ms]
   [Code Root Migration: 0.1 ms]
   [Clear CT: 0.3 ms]
   [Other: 7.9 ms]
      [Choose CSet: 0.0 ms]
      [Ref Proc: 7.0 ms]
      [Ref Enq: 0.0 ms]
      [Free CSet: 0.7 ms]
   [Eden: 482.0M(482.0M)->0.0B(529.0M) Survivors: 55.0M->8192.0K Heap: 637.0M(896.0M)->108.5M(896.0M)]
 [Times: user=0.02 sys=0.00, real=0.02 secs] 
2014-07-10T11:58:25.696+0200: 24.769: [GC pause (G1 Evacuation Pause) (young), 0.0330520 secs]
   [Parallel Time: 31.5 ms, GC Workers: 2]
      [GC Worker Start (ms): Min: 24769.4, Avg: 24769.4, Max: 24769.4, Diff: 0.0]
      [Ext Root Scanning (ms): Min: 0.3, Avg: 0.3, Max: 0.3, Diff: 0.0, Sum: 0.6]
      [Update RS (ms): Min: 0.1, Avg: 0.1, Max: 0.1, Diff: 0.0, Sum: 0.2]
         [Processed Buffers: Min: 1, Avg: 1.5, Max: 2, Diff: 1, Sum: 3]
      [Scan RS (ms): Min: 0.7, Avg: 0.7, Max: 0.8, Diff: 0.0, Sum: 1.5]
      [Code Root Scanning (ms): Min: 0.3, Avg: 0.3, Max: 0.4, Diff: 0.0, Sum: 0.7]
      [Object Copy (ms): Min: 30.0, Avg: 30.0, Max: 30.0, Diff: 0.0, Sum: 60.0]
      [Termination (ms): Min: 0.0, Avg: 0.0, Max: 0.0, Diff: 0.0, Sum: 0.0]
      [GC Worker Other (ms): Min: 0.0, Avg: 0.0, Max: 0.0, Diff: 0.0, Sum: 0.1]
      [GC Worker Total (ms): Min: 31.5, Avg: 31.5, Max: 31.5, Diff: 0.0, Sum: 63.0]
      [GC Worker End (ms): Min: 24800.9, Avg: 24800.9, Max: 24800.9, Diff: 0.0]
   [Code Root Fixup: 0.0 ms]
   [Code Root Migration: 0.1 ms]
   [Clear CT: 0.4 ms]
   [Other: 1.1 ms]
      [Choose CSet: 0.0 ms]
      [Ref Proc: 0.1 ms]
      [Ref Enq: 0.0 ms]
      [Free CSet: 0.8 ms]
   [Eden: 529.0M(529.0M)->0.0B(487.0M) Survivors: 8192.0K->50.0M Heap: 637.5M(896.0M)->149.9M(896.0M)]
 [Times: user=0.06 sys=0.00, real=0.03 secs] 
2014-07-10T11:58:26.147+0200: 25.219: [GC pause (G1 Evacuation Pause) (young), 0.0089079 secs]
   [Parallel Time: 6.3 ms, GC Workers: 2]
      [GC Worker Start (ms): Min: 25219.0, Avg: 25219.0, Max: 25219.0, Diff: 0.0]
      [Ext Root Scanning (ms): Min: 0.3, Avg: 0.3, Max: 0.3, Diff: 0.0, Sum: 0.6]
      [Update RS (ms): Min: 0.0, Avg: 0.0, Max: 0.1, Diff: 0.0, Sum: 0.1]
         [Processed Buffers: Min: 1, Avg: 1.5, Max: 2, Diff: 1, Sum: 3]
      [Scan RS (ms): Min: 0.8, Avg: 0.8, Max: 0.8, Diff: 0.0, Sum: 1.6]
      [Code Root Scanning (ms): Min: 0.3, Avg: 0.3, Max: 0.3, Diff: 0.0, Sum: 0.7]
      [Object Copy (ms): Min: 4.7, Avg: 4.7, Max: 4.7, Diff: 0.0, Sum: 9.4]
      [Termination (ms): Min: 0.0, Avg: 0.0, Max: 0.0, Diff: 0.0, Sum: 0.0]
      [GC Worker Other (ms): Min: 0.0, Avg: 0.0, Max: 0.0, Diff: 0.0, Sum: 0.1]
      [GC Worker Total (ms): Min: 6.3, Avg: 6.3, Max: 6.3, Diff: 0.0, Sum: 12.5]
      [GC Worker End (ms): Min: 25225.2, Avg: 25225.2, Max: 25225.3, Diff: 0.0]
   [Code Root Fixup: 0.0 ms]
   [Code Root Migration: 0.1 ms]
   [Clear CT: 0.5 ms]
   [Other: 2.0 ms]
      [Choose CSet: 0.0 ms]
      [Ref Proc: 1.1 ms]
      [Ref Enq: 0.0 ms]
      [Free CSet: 0.7 ms]
   [Eden: 487.0M(487.0M)->0.0B(529.0M) Survivors: 50.0M->8192.0K Heap: 636.9M(896.0M)->108.5M(896.0M)]
 [Times: user=0.03 sys=0.00, real=0.01 secs] 
2014-07-10T11:58:26.693+0200: 25.766: [GC pause (G1 Evacuation Pause) (young), 0.0336544 secs]
   [Parallel Time: 32.1 ms, GC Workers: 2]
      [GC Worker Start (ms): Min: 25765.8, Avg: 25765.9, Max: 25765.9, Diff: 0.0]
      [Ext Root Scanning (ms): Min: 0.3, Avg: 0.3, Max: 0.3, Diff: 0.0, Sum: 0.7]
      [Update RS (ms): Min: 0.1, Avg: 0.1, Max: 0.1, Diff: 0.0, Sum: 0.1]
         [Processed Buffers: Min: 2, Avg: 2.0, Max: 2, Diff: 0, Sum: 4]
      [Scan RS (ms): Min: 0.8, Avg: 0.8, Max: 0.8, Diff: 0.0, Sum: 1.6]
      [Code Root Scanning (ms): Min: 0.3, Avg: 0.3, Max: 0.4, Diff: 0.0, Sum: 0.7]
      [Object Copy (ms): Min: 30.5, Avg: 30.5, Max: 30.5, Diff: 0.0, Sum: 61.0]
      [Termination (ms): Min: 0.0, Avg: 0.0, Max: 0.0, Diff: 0.0, Sum: 0.0]
      [GC Worker Other (ms): Min: 0.0, Avg: 0.1, Max: 0.1, Diff: 0.0, Sum: 0.1]
      [GC Worker Total (ms): Min: 32.0, Avg: 32.1, Max: 32.1, Diff: 0.1, Sum: 64.1]
      [GC Worker End (ms): Min: 25797.9, Avg: 25797.9, Max: 25797.9, Diff: 0.0]
   [Code Root Fixup: 0.0 ms]
   [Code Root Migration: 0.1 ms]
   [Clear CT: 0.4 ms]
   [Other: 1.1 ms]
      [Choose CSet: 0.0 ms]
      [Ref Proc: 0.1 ms]
      [Ref Enq: 0.0 ms]
      [Free CSet: 0.8 ms]
   [Eden: 529.0M(529.0M)->0.0B(487.0M) Survivors: 8192.0K->50.0M Heap: 637.5M(896.0M)->150.8M(896.0M)]
 [Times: user=0.06 sys=0.00, real=0.03 secs] 
2014-07-10T11:58:27.153+0200: 26.225: [GC pause (G1 Evacuation Pause) (young), 0.0029158 secs]
   [Parallel Time: 1.8 ms, GC Workers: 2]
      [GC Worker Start (ms): Min: 26225.1, Avg: 26225.1, Max: 26225.1, Diff: 0.0]
      [Ext Root Scanning (ms): Min: 0.3, Avg: 0.3, Max: 0.3, Diff: 0.0, Sum: 0.5]
      [Update RS (ms): Min: 0.0, Avg: 0.0, Max: 0.0, Diff: 0.0, Sum: 0.1]
         [Processed Buffers: Min: 1, Avg: 1.5, Max: 2, Diff: 1, Sum: 3]
      [Scan RS (ms): Min: 0.8, Avg: 0.8, Max: 0.8, Diff: 0.0, Sum: 1.7]
      [Code Root Scanning (ms): Min: 0.4, Avg: 0.4, Max: 0.4, Diff: 0.0, Sum: 0.7]
      [Object Copy (ms): Min: 0.3, Avg: 0.3, Max: 0.3, Diff: 0.0, Sum: 0.5]
      [Termination (ms): Min: 0.0, Avg: 0.0, Max: 0.0, Diff: 0.0, Sum: 0.0]
      [GC Worker Other (ms): Min: 0.0, Avg: 0.0, Max: 0.0, Diff: 0.0, Sum: 0.1]
      [GC Worker Total (ms): Min: 1.8, Avg: 1.8, Max: 1.8, Diff: 0.0, Sum: 3.6]
      [GC Worker End (ms): Min: 26226.9, Avg: 26226.9, Max: 26226.9, Diff: 0.0]
   [Code Root Fixup: 0.0 ms]
   [Code Root Migration: 0.0 ms]
   [Clear CT: 0.3 ms]
   [Other: 0.8 ms]
      [Choose CSet: 0.0 ms]
      [Ref Proc: 0.0 ms]
      [Ref Enq: 0.0 ms]
      [Free CSet: 0.6 ms]
   [Eden: 487.0M(487.0M)->0.0B(536.0M) Survivors: 50.0M->1024.0K Heap: 637.8M(896.0M)->101.4M(896.0M)]
 [Times: user=0.00 sys=0.00, real=0.00 secs] 
2014-07-10T11:58:27.702+0200: 26.774: [GC pause (G1 Evacuation Pause) (young), 0.0397169 secs]
   [Parallel Time: 37.9 ms, GC Workers: 2]
      [GC Worker Start (ms): Min: 26774.3, Avg: 26774.3, Max: 26774.3, Diff: 0.0]
      [Ext Root Scanning (ms): Min: 0.3, Avg: 0.3, Max: 0.3, Diff: 0.0, Sum: 0.6]
      [Update RS (ms): Min: 0.0, Avg: 0.0, Max: 0.1, Diff: 0.0, Sum: 0.1]
         [Processed Buffers: Min: 2, Avg: 2.0, Max: 2, Diff: 0, Sum: 4]
      [Scan RS (ms): Min: 0.8, Avg: 0.8, Max: 0.8, Diff: 0.0, Sum: 1.5]
      [Code Root Scanning (ms): Min: 0.3, Avg: 0.3, Max: 0.4, Diff: 0.0, Sum: 0.7]
      [Object Copy (ms): Min: 36.3, Avg: 36.3, Max: 36.4, Diff: 0.0, Sum: 72.7]
      [Termination (ms): Min: 0.0, Avg: 0.0, Max: 0.0, Diff: 0.0, Sum: 0.0]
      [GC Worker Other (ms): Min: 0.0, Avg: 0.0, Max: 0.0, Diff: 0.0, Sum: 0.1]
      [GC Worker Total (ms): Min: 37.8, Avg: 37.8, Max: 37.8, Diff: 0.0, Sum: 75.7]
      [GC Worker End (ms): Min: 26812.1, Avg: 26812.1, Max: 26812.1, Diff: 0.0]
   [Code Root Fixup: 0.0 ms]
   [Code Root Migration: 0.1 ms]
   [Clear CT: 0.8 ms]
   [Other: 1.0 ms]
      [Choose CSet: 0.0 ms]
      [Ref Proc: 0.1 ms]
      [Ref Enq: 0.0 ms]
      [Free CSet: 0.7 ms]
   [Eden: 536.0M(536.0M)->0.0B(476.0M) Survivors: 1024.0K->61.0M Heap: 637.4M(896.0M)->161.9M(896.0M)]
 [Times: user=0.06 sys=0.00, real=0.04 secs] 
2014-07-10T11:58:28.148+0200: 27.220: [GC pause (G1 Evacuation Pause) (young), 0.0031328 secs]
   [Parallel Time: 1.8 ms, GC Workers: 2]
      [GC Worker Start (ms): Min: 27220.1, Avg: 27220.1, Max: 27220.1, Diff: 0.0]
      [Ext Root Scanning (ms): Min: 0.3, Avg: 0.3, Max: 0.3, Diff: 0.0, Sum: 0.7]
      [Update RS (ms): Min: 0.0, Avg: 0.0, Max: 0.0, Diff: 0.0, Sum: 0.1]
         [Processed Buffers: Min: 1, Avg: 1.5, Max: 2, Diff: 1, Sum: 3]
      [Scan RS (ms): Min: 0.8, Avg: 0.8, Max: 0.8, Diff: 0.0, Sum: 1.5]
      [Code Root Scanning (ms): Min: 0.3, Avg: 0.3, Max: 0.3, Diff: 0.0, Sum: 0.7]
      [Object Copy (ms): Min: 0.3, Avg: 0.3, Max: 0.3, Diff: 0.0, Sum: 0.5]
      [Termination (ms): Min: 0.0, Avg: 0.0, Max: 0.0, Diff: 0.0, Sum: 0.0]
      [GC Worker Other (ms): Min: 0.0, Avg: 0.0, Max: 0.0, Diff: 0.0, Sum: 0.1]
      [GC Worker Total (ms): Min: 1.8, Avg: 1.8, Max: 1.8, Diff: 0.0, Sum: 3.6]
      [GC Worker End (ms): Min: 27221.9, Avg: 27221.9, Max: 27221.9, Diff: 0.0]
   [Code Root Fixup: 0.0 ms]
   [Code Root Migration: 0.0 ms]
   [Clear CT: 0.4 ms]
   [Other: 0.8 ms]
      [Choose CSet: 0.0 ms]
      [Ref Proc: 0.1 ms]
      [Ref Enq: 0.0 ms]
      [Free CSet: 0.6 ms]
   [Eden: 476.0M(476.0M)->0.0B(536.0M) Survivors: 61.0M->1024.0K Heap: 637.9M(896.0M)->101.4M(896.0M)]
 [Times: user=0.03 sys=0.00, real=0.00 secs] 
2014-07-10T11:58:28.708+0200: 27.781: [GC pause (G1 Evacuation Pause) (young), 0.0380092 secs]
   [Parallel Time: 36.4 ms, GC Workers: 2]
      [GC Worker Start (ms): Min: 27780.9, Avg: 27780.9, Max: 27780.9, Diff: 0.0]
      [Ext Root Scanning (ms): Min: 0.3, Avg: 0.3, Max: 0.3, Diff: 0.0, Sum: 0.6]
      [Update RS (ms): Min: 0.0, Avg: 0.0, Max: 0.1, Diff: 0.0, Sum: 0.1]
         [Processed Buffers: Min: 1, Avg: 2.0, Max: 3, Diff: 2, Sum: 4]
      [Scan RS (ms): Min: 0.8, Avg: 0.8, Max: 0.8, Diff: 0.0, Sum: 1.6]
      [Code Root Scanning (ms): Min: 0.4, Avg: 0.4, Max: 0.4, Diff: 0.0, Sum: 0.7]
      [Object Copy (ms): Min: 34.8, Avg: 34.8, Max: 34.8, Diff: 0.0, Sum: 69.6]
      [Termination (ms): Min: 0.0, Avg: 0.0, Max: 0.0, Diff: 0.0, Sum: 0.0]
      [GC Worker Other (ms): Min: 0.0, Avg: 0.0, Max: 0.0, Diff: 0.0, Sum: 0.1]
      [GC Worker Total (ms): Min: 36.4, Avg: 36.4, Max: 36.4, Diff: 0.0, Sum: 72.7]
      [GC Worker End (ms): Min: 27817.2, Avg: 27817.2, Max: 27817.2, Diff: 0.0]
   [Code Root Fixup: 0.0 ms]
   [Code Root Migration: 0.1 ms]
   [Clear CT: 0.4 ms]
   [Other: 1.1 ms]
      [Choose CSet: 0.0 ms]
      [Ref Proc: 0.1 ms]
      [Ref Enq: 0.0 ms]
      [Free CSet: 0.8 ms]
   [Eden: 536.0M(536.0M)->0.0B(479.0M) Survivors: 1024.0K->58.0M Heap: 637.4M(896.0M)->158.8M(896.0M)]
 [Times: user=0.09 sys=0.00, real=0.04 secs] 
2014-07-10T11:58:29.135+0200: 28.207: [GC pause (G1 Evacuation Pause) (young), 0.0081820 secs]
   [Parallel Time: 6.7 ms, GC Workers: 2]
      [GC Worker Start (ms): Min: 28207.1, Avg: 28207.1, Max: 28207.1, Diff: 0.0]
      [Ext Root Scanning (ms): Min: 0.3, Avg: 0.3, Max: 0.3, Diff: 0.0, Sum: 0.6]
      [Update RS (ms): Min: 0.0, Avg: 0.0, Max: 0.0, Diff: 0.0, Sum: 0.1]
         [Processed Buffers: Min: 1, Avg: 1.5, Max: 2, Diff: 1, Sum: 3]
      [Scan RS (ms): Min: 0.8, Avg: 0.8, Max: 0.8, Diff: 0.0, Sum: 1.6]
      [Code Root Scanning (ms): Min: 0.3, Avg: 0.3, Max: 0.4, Diff: 0.0, Sum: 0.7]
      [Object Copy (ms): Min: 5.1, Avg: 5.1, Max: 5.1, Diff: 0.0, Sum: 10.2]
      [Termination (ms): Min: 0.0, Avg: 0.0, Max: 0.0, Diff: 0.0, Sum: 0.0]
      [GC Worker Other (ms): Min: 0.0, Avg: 0.1, Max: 0.1, Diff: 0.0, Sum: 0.1]
      [GC Worker Total (ms): Min: 6.7, Avg: 6.7, Max: 6.7, Diff: 0.0, Sum: 13.4]
      [GC Worker End (ms): Min: 28213.8, Avg: 28213.8, Max: 28213.8, Diff: 0.0]
   [Code Root Fixup: 0.0 ms]
   [Code Root Migration: 0.1 ms]
   [Clear CT: 0.4 ms]
   [Other: 0.9 ms]
      [Choose CSet: 0.0 ms]
      [Ref Proc: 0.1 ms]
      [Ref Enq: 0.0 ms]
      [Free CSet: 0.8 ms]
   [Eden: 479.0M(479.0M)->0.0B(528.0M) Survivors: 58.0M->9216.0K Heap: 637.8M(896.0M)->109.4M(896.0M)]
 [Times: user=0.00 sys=0.00, real=0.01 secs] 
2014-07-10T11:58:29.699+0200: 28.771: [GC pause (G1 Evacuation Pause) (young), 0.0331851 secs]
   [Parallel Time: 31.5 ms, GC Workers: 2]
      [GC Worker Start (ms): Min: 28771.2, Avg: 28771.3, Max: 28771.3, Diff: 0.0]
      [Ext Root Scanning (ms): Min: 0.4, Avg: 0.4, Max: 0.4, Diff: 0.0, Sum: 0.7]
      [Update RS (ms): Min: 0.1, Avg: 0.1, Max: 0.1, Diff: 0.0, Sum: 0.1]
         [Processed Buffers: Min: 2, Avg: 2.0, Max: 2, Diff: 0, Sum: 4]
      [Scan RS (ms): Min: 1.0, Avg: 1.0, Max: 1.0, Diff: 0.0, Sum: 1.9]
      [Code Root Scanning (ms): Min: 0.4, Avg: 0.4, Max: 0.4, Diff: 0.0, Sum: 0.7]
      [Object Copy (ms): Min: 29.6, Avg: 29.6, Max: 29.6, Diff: 0.0, Sum: 59.2]
      [Termination (ms): Min: 0.0, Avg: 0.0, Max: 0.0, Diff: 0.0, Sum: 0.0]
      [GC Worker Other (ms): Min: 0.0, Avg: 0.0, Max: 0.0, Diff: 0.0, Sum: 0.1]
      [GC Worker Total (ms): Min: 31.4, Avg: 31.4, Max: 31.4, Diff: 0.0, Sum: 62.9]
      [GC Worker End (ms): Min: 28802.7, Avg: 28802.7, Max: 28802.7, Diff: 0.0]
   [Code Root Fixup: 0.0 ms]
   [Code Root Migration: 0.1 ms]
   [Clear CT: 0.4 ms]
   [Other: 1.2 ms]
      [Choose CSet: 0.0 ms]
      [Ref Proc: 0.2 ms]
      [Ref Enq: 0.0 ms]
      [Free CSet: 0.8 ms]
   [Eden: 528.0M(528.0M)->0.0B(488.0M) Survivors: 9216.0K->49.0M Heap: 637.4M(896.0M)->149.8M(896.0M)]
 [Times: user=0.06 sys=0.00, real=0.03 secs] 
2014-07-10T11:58:30.151+0200: 29.224: [GC pause (G1 Evacuation Pause) (young), 0.0079294 secs]
   [Parallel Time: 6.6 ms, GC Workers: 2]
      [GC Worker Start (ms): Min: 29223.7, Avg: 29223.7, Max: 29223.7, Diff: 0.0]
      [Ext Root Scanning (ms): Min: 0.3, Avg: 0.3, Max: 0.3, Diff: 0.0, Sum: 0.7]
      [Update RS (ms): Min: 0.0, Avg: 0.1, Max: 0.1, Diff: 0.0, Sum: 0.1]
         [Processed Buffers: Min: 1, Avg: 1.5, Max: 2, Diff: 1, Sum: 3]
      [Scan RS (ms): Min: 0.8, Avg: 0.8, Max: 0.8, Diff: 0.0, Sum: 1.6]
      [Code Root Scanning (ms): Min: 0.3, Avg: 0.4, Max: 0.4, Diff: 0.0, Sum: 0.7]
      [Object Copy (ms): Min: 4.9, Avg: 4.9, Max: 4.9, Diff: 0.0, Sum: 9.9]
      [Termination (ms): Min: 0.0, Avg: 0.0, Max: 0.0, Diff: 0.0, Sum: 0.0]
      [GC Worker Other (ms): Min: 0.0, Avg: 0.0, Max: 0.0, Diff: 0.0, Sum: 0.1]
      [GC Worker Total (ms): Min: 6.5, Avg: 6.5, Max: 6.6, Diff: 0.0, Sum: 13.1]
      [GC Worker End (ms): Min: 29230.3, Avg: 29230.3, Max: 29230.3, Diff: 0.0]
   [Code Root Fixup: 0.0 ms]
   [Code Root Migration: 0.1 ms]
   [Clear CT: 0.4 ms]
   [Other: 0.9 ms]
      [Choose CSet: 0.0 ms]
      [Ref Proc: 0.0 ms]
      [Ref Enq: 0.0 ms]
      [Free CSet: 0.7 ms]
   [Eden: 488.0M(488.0M)->0.0B(529.0M) Survivors: 49.0M->8192.0K Heap: 637.8M(896.0M)->109.4M(896.0M)]
 [Times: user=0.00 sys=0.00, real=0.01 secs] 
2014-07-10T11:58:30.694+0200: 29.766: [GC pause (G1 Evacuation Pause) (young), 0.0357922 secs]
   [Parallel Time: 34.3 ms, GC Workers: 2]
      [GC Worker Start (ms): Min: 29766.3, Avg: 29766.3, Max: 29766.3, Diff: 0.0]
      [Ext Root Scanning (ms): Min: 0.3, Avg: 0.3, Max: 0.3, Diff: 0.0, Sum: 0.6]
      [Update RS (ms): Min: 0.0, Avg: 0.0, Max: 0.0, Diff: 0.0, Sum: 0.1]
         [Processed Buffers: Min: 1, Avg: 1.5, Max: 2, Diff: 1, Sum: 3]
      [Scan RS (ms): Min: 0.8, Avg: 0.8, Max: 0.8, Diff: 0.0, Sum: 1.6]
      [Code Root Scanning (ms): Min: 0.4, Avg: 0.4, Max: 0.4, Diff: 0.0, Sum: 0.7]
      [Object Copy (ms): Min: 32.6, Avg: 32.7, Max: 32.7, Diff: 0.0, Sum: 65.3]
      [Termination (ms): Min: 0.0, Avg: 0.0, Max: 0.0, Diff: 0.0, Sum: 0.0]
      [GC Worker Other (ms): Min: 0.0, Avg: 0.0, Max: 0.1, Diff: 0.0, Sum: 0.1]
      [GC Worker Total (ms): Min: 34.2, Avg: 34.2, Max: 34.2, Diff: 0.0, Sum: 68.5]
      [GC Worker End (ms): Min: 29800.5, Avg: 29800.5, Max: 29800.5, Diff: 0.0]
   [Code Root Fixup: 0.0 ms]
   [Code Root Migration: 0.1 ms]
   [Clear CT: 0.4 ms]
   [Other: 1.0 ms]
      [Choose CSet: 0.0 ms]
      [Ref Proc: 0.2 ms]
      [Ref Enq: 0.0 ms]
      [Free CSet: 0.7 ms]
   [Eden: 529.0M(529.0M)->0.0B(482.0M) Survivors: 8192.0K->55.0M Heap: 638.4M(896.0M)->155.8M(896.0M)]
 [Times: user=0.06 sys=0.00, real=0.04 secs] 
2014-07-10T11:58:31.135+0200: 30.207: [GC pause (G1 Evacuation Pause) (young), 0.0078905 secs]
   [Parallel Time: 6.4 ms, GC Workers: 2]
      [GC Worker Start (ms): Min: 30207.5, Avg: 30207.5, Max: 30207.5, Diff: 0.0]
      [Ext Root Scanning (ms): Min: 0.3, Avg: 0.3, Max: 0.3, Diff: 0.0, Sum: 0.7]
      [Update RS (ms): Min: 0.0, Avg: 0.0, Max: 0.0, Diff: 0.0, Sum: 0.1]
         [Processed Buffers: Min: 1, Avg: 1.5, Max: 2, Diff: 1, Sum: 3]
      [Scan RS (ms): Min: 0.8, Avg: 0.8, Max: 0.8, Diff: 0.0, Sum: 1.6]
      [Code Root Scanning (ms): Min: 0.3, Avg: 0.4, Max: 0.4, Diff: 0.0, Sum: 0.7]
      [Object Copy (ms): Min: 4.8, Avg: 4.8, Max: 4.8, Diff: 0.0, Sum: 9.6]
      [Termination (ms): Min: 0.0, Avg: 0.0, Max: 0.0, Diff: 0.0, Sum: 0.0]
      [GC Worker Other (ms): Min: 0.0, Avg: 0.0, Max: 0.0, Diff: 0.0, Sum: 0.1]
      [GC Worker Total (ms): Min: 6.4, Avg: 6.4, Max: 6.4, Diff: 0.0, Sum: 12.8]
      [GC Worker End (ms): Min: 30213.9, Avg: 30213.9, Max: 30213.9, Diff: 0.0]
   [Code Root Fixup: 0.0 ms]
   [Code Root Migration: 0.1 ms]
   [Clear CT: 0.4 ms]
   [Other: 1.0 ms]
      [Choose CSet: 0.0 ms]
      [Ref Proc: 0.1 ms]
      [Ref Enq: 0.0 ms]
      [Free CSet: 0.8 ms]
   [Eden: 482.0M(482.0M)->0.0B(529.0M) Survivors: 55.0M->8192.0K Heap: 637.8M(896.0M)->109.4M(896.0M)]
 [Times: user=0.00 sys=0.00, real=0.01 secs] 
2014-07-10T11:58:31.702+0200: 30.775: [GC pause (G1 Evacuation Pause) (young), 0.0382471 secs]
   [Parallel Time: 36.9 ms, GC Workers: 2]
      [GC Worker Start (ms): Min: 30775.0, Avg: 30775.0, Max: 30775.0, Diff: 0.0]
      [Ext Root Scanning (ms): Min: 0.4, Avg: 0.4, Max: 0.4, Diff: 0.0, Sum: 0.8]
      [Update RS (ms): Min: 0.0, Avg: 0.1, Max: 0.1, Diff: 0.0, Sum: 0.1]
         [Processed Buffers: Min: 2, Avg: 2.0, Max: 2, Diff: 0, Sum: 4]
      [Scan RS (ms): Min: 0.9, Avg: 0.9, Max: 0.9, Diff: 0.0, Sum: 1.9]
      [Code Root Scanning (ms): Min: 0.4, Avg: 0.4, Max: 0.4, Diff: 0.0, Sum: 0.7]
      [Object Copy (ms): Min: 30.5, Avg: 32.8, Max: 35.1, Diff: 4.7, Sum: 65.6]
      [Termination (ms): Min: 0.0, Avg: 2.3, Max: 4.7, Diff: 4.7, Sum: 4.7]
      [GC Worker Other (ms): Min: 0.0, Avg: 0.0, Max: 0.1, Diff: 0.0, Sum: 0.1]
      [GC Worker Total (ms): Min: 36.9, Avg: 36.9, Max: 36.9, Diff: 0.0, Sum: 73.8]
      [GC Worker End (ms): Min: 30811.9, Avg: 30811.9, Max: 30812.0, Diff: 0.0]
   [Code Root Fixup: 0.0 ms]
   [Code Root Migration: 0.1 ms]
   [Clear CT: 0.3 ms]
   [Other: 0.9 ms]
      [Choose CSet: 0.0 ms]
      [Ref Proc: 0.0 ms]
      [Ref Enq: 0.0 ms]
      [Free CSet: 0.7 ms]
   [Eden: 529.0M(529.0M)->0.0B(487.0M) Survivors: 8192.0K->50.0M Heap: 638.4M(896.0M)->150.7M(896.0M)]
 [Times: user=0.08 sys=0.00, real=0.04 secs] 
2014-07-10T11:58:32.142+0200: 31.215: [GC pause (G1 Evacuation Pause) (young), 0.0146837 secs]
   [Parallel Time: 8.6 ms, GC Workers: 2]
      [GC Worker Start (ms): Min: 31215.1, Avg: 31219.2, Max: 31223.4, Diff: 8.3]
      [Ext Root Scanning (ms): Min: 0.0, Avg: 0.3, Max: 0.5, Diff: 0.5, Sum: 0.5]
      [Update RS (ms): Min: 0.0, Avg: 0.0, Max: 0.1, Diff: 0.1, Sum: 0.1]
         [Processed Buffers: Min: 0, Avg: 1.5, Max: 3, Diff: 3, Sum: 3]
      [Scan RS (ms): Min: 0.1, Avg: 0.8, Max: 1.5, Diff: 1.4, Sum: 1.6]
      [Code Root Scanning (ms): Min: 0.0, Avg: 0.3, Max: 0.7, Diff: 0.7, Sum: 0.7]
      [Object Copy (ms): Min: 0.0, Avg: 2.7, Max: 5.5, Diff: 5.5, Sum: 5.5]
      [Termination (ms): Min: 0.0, Avg: 0.1, Max: 0.3, Diff: 0.3, Sum: 0.3]
      [GC Worker Other (ms): Min: 0.0, Avg: 0.0, Max: 0.0, Diff: 0.0, Sum: 0.1]
      [GC Worker Total (ms): Min: 0.1, Avg: 4.3, Max: 8.6, Diff: 8.4, Sum: 8.7]
      [GC Worker End (ms): Min: 31223.5, Avg: 31223.6, Max: 31223.6, Diff: 0.1]
   [Code Root Fixup: 0.0 ms]
   [Code Root Migration: 0.1 ms]
   [Clear CT: 0.4 ms]
   [Other: 5.7 ms]
      [Choose CSet: 0.0 ms]
      [Ref Proc: 4.7 ms]
      [Ref Enq: 0.0 ms]
      [Free CSet: 0.8 ms]
   [Eden: 487.0M(487.0M)->0.0B(529.0M) Survivors: 50.0M->8192.0K Heap: 637.7M(896.0M)->109.3M(896.0M)]
 [Times: user=0.00 sys=0.01, real=0.02 secs] 
2014-07-10T11:58:32.699+0200: 31.772: [GC pause (G1 Evacuation Pause) (young), 0.0341138 secs]
   [Parallel Time: 32.5 ms, GC Workers: 2]
      [GC Worker Start (ms): Min: 31771.8, Avg: 31771.9, Max: 31771.9, Diff: 0.0]
      [Ext Root Scanning (ms): Min: 0.4, Avg: 0.4, Max: 0.4, Diff: 0.0, Sum: 0.8]
      [Update RS (ms): Min: 0.0, Avg: 0.0, Max: 0.1, Diff: 0.1, Sum: 0.1]
         [Processed Buffers: Min: 1, Avg: 1.0, Max: 1, Diff: 0, Sum: 2]
      [Scan RS (ms): Min: 0.9, Avg: 0.9, Max: 1.0, Diff: 0.0, Sum: 1.9]
      [Code Root Scanning (ms): Min: 0.4, Avg: 0.4, Max: 0.4, Diff: 0.0, Sum: 0.7]
      [Object Copy (ms): Min: 30.4, Avg: 30.4, Max: 30.4, Diff: 0.0, Sum: 60.9]
      [Termination (ms): Min: 0.0, Avg: 0.0, Max: 0.0, Diff: 0.0, Sum: 0.0]
      [GC Worker Other (ms): Min: 0.0, Avg: 0.2, Max: 0.3, Diff: 0.2, Sum: 0.3]
      [GC Worker Total (ms): Min: 32.2, Avg: 32.3, Max: 32.5, Diff: 0.2, Sum: 64.7]
      [GC Worker End (ms): Min: 31804.1, Avg: 31804.2, Max: 31804.3, Diff: 0.2]
   [Code Root Fixup: 0.0 ms]
   [Code Root Migration: 0.1 ms]
   [Clear CT: 0.5 ms]
   [Other: 1.0 ms]
      [Choose CSet: 0.0 ms]
      [Ref Proc: 0.0 ms]
      [Ref Enq: 0.0 ms]
      [Free CSet: 0.8 ms]
   [Eden: 529.0M(529.0M)->0.0B(487.0M) Survivors: 8192.0K->50.0M Heap: 638.3M(896.0M)->151.7M(896.0M)]
 [Times: user=0.06 sys=0.00, real=0.03 secs] 
2014-07-10T11:58:33.141+0200: 32.214: [GC pause (G1 Evacuation Pause) (young), 0.0032054 secs]
   [Parallel Time: 1.9 ms, GC Workers: 2]
      [GC Worker Start (ms): Min: 32213.6, Avg: 32213.7, Max: 32213.8, Diff: 0.2]
      [Ext Root Scanning (ms): Min: 0.1, Avg: 0.3, Max: 0.4, Diff: 0.2, Sum: 0.5]
      [Update RS (ms): Min: 0.0, Avg: 0.0, Max: 0.1, Diff: 0.0, Sum: 0.1]
         [Processed Buffers: Min: 1, Avg: 1.0, Max: 1, Diff: 0, Sum: 2]
      [Scan RS (ms): Min: 0.8, Avg: 0.8, Max: 0.8, Diff: 0.0, Sum: 1.6]
      [Code Root Scanning (ms): Min: 0.3, Avg: 0.3, Max: 0.3, Diff: 0.0, Sum: 0.7]
      [Object Copy (ms): Min: 0.3, Avg: 0.3, Max: 0.3, Diff: 0.0, Sum: 0.5]
      [Termination (ms): Min: 0.0, Avg: 0.0, Max: 0.0, Diff: 0.0, Sum: 0.0]
      [GC Worker Other (ms): Min: 0.0, Avg: 0.0, Max: 0.0, Diff: 0.0, Sum: 0.1]
      [GC Worker Total (ms): Min: 1.6, Avg: 1.7, Max: 1.9, Diff: 0.3, Sum: 3.5]
      [GC Worker End (ms): Min: 32215.5, Avg: 32215.5, Max: 32215.5, Diff: 0.0]
   [Code Root Fixup: 0.0 ms]
   [Code Root Migration: 0.0 ms]
   [Clear CT: 0.3 ms]
   [Other: 1.0 ms]
      [Choose CSet: 0.0 ms]
      [Ref Proc: 0.1 ms]
      [Ref Enq: 0.0 ms]
      [Free CSet: 0.8 ms]
   [Eden: 487.0M(487.0M)->0.0B(536.0M) Survivors: 50.0M->1024.0K Heap: 638.7M(896.0M)->102.2M(896.0M)]
 [Times: user=0.01 sys=0.02, real=0.00 secs] 
2014-07-10T11:58:33.701+0200: 32.774: [GC pause (G1 Evacuation Pause) (young), 0.0400407 secs]
   [Parallel Time: 38.5 ms, GC Workers: 2]
      [GC Worker Start (ms): Min: 32773.9, Avg: 32773.9, Max: 32773.9, Diff: 0.0]
      [Ext Root Scanning (ms): Min: 0.3, Avg: 0.4, Max: 0.4, Diff: 0.0, Sum: 0.7]
      [Update RS (ms): Min: 0.0, Avg: 0.1, Max: 0.1, Diff: 0.0, Sum: 0.1]
         [Processed Buffers: Min: 1, Avg: 1.5, Max: 2, Diff: 1, Sum: 3]
      [Scan RS (ms): Min: 0.8, Avg: 0.8, Max: 0.8, Diff: 0.0, Sum: 1.6]
      [Code Root Scanning (ms): Min: 0.3, Avg: 0.3, Max: 0.3, Diff: 0.0, Sum: 0.7]
      [Object Copy (ms): Min: 36.8, Avg: 36.8, Max: 36.8, Diff: 0.0, Sum: 73.6]
      [Termination (ms): Min: 0.0, Avg: 0.0, Max: 0.0, Diff: 0.0, Sum: 0.0]
      [GC Worker Other (ms): Min: 0.0, Avg: 0.0, Max: 0.0, Diff: 0.0, Sum: 0.1]
      [GC Worker Total (ms): Min: 38.4, Avg: 38.4, Max: 38.4, Diff: 0.0, Sum: 76.8]
      [GC Worker End (ms): Min: 32812.3, Avg: 32812.3, Max: 32812.3, Diff: 0.0]
   [Code Root Fixup: 0.0 ms]
   [Code Root Migration: 0.1 ms]
   [Clear CT: 0.5 ms]
   [Other: 1.0 ms]
      [Choose CSet: 0.0 ms]
      [Ref Proc: 0.1 ms]
      [Ref Enq: 0.0 ms]
      [Free CSet: 0.7 ms]
   [Eden: 536.0M(536.0M)->0.0B(476.0M) Survivors: 1024.0K->61.0M Heap: 638.2M(896.0M)->162.7M(896.0M)]
 [Times: user=0.08 sys=0.01, real=0.04 secs] 
2014-07-10T11:58:34.148+0200: 33.220: [GC pause (G1 Evacuation Pause) (young), 0.0030159 secs]
   [Parallel Time: 1.8 ms, GC Workers: 2]
      [GC Worker Start (ms): Min: 33220.5, Avg: 33220.5, Max: 33220.5, Diff: 0.0]
      [Ext Root Scanning (ms): Min: 0.3, Avg: 0.3, Max: 0.3, Diff: 0.0, Sum: 0.6]
      [Update RS (ms): Min: 0.0, Avg: 0.0, Max: 0.1, Diff: 0.0, Sum: 0.1]
         [Processed Buffers: Min: 1, Avg: 1.5, Max: 2, Diff: 1, Sum: 3]
      [Scan RS (ms): Min: 0.8, Avg: 0.8, Max: 0.8, Diff: 0.0, Sum: 1.6]
      [Code Root Scanning (ms): Min: 0.3, Avg: 0.3, Max: 0.3, Diff: 0.0, Sum: 0.7]
      [Object Copy (ms): Min: 0.3, Avg: 0.3, Max: 0.3, Diff: 0.0, Sum: 0.5]
      [Termination (ms): Min: 0.0, Avg: 0.0, Max: 0.0, Diff: 0.0, Sum: 0.0]
      [GC Worker Other (ms): Min: 0.0, Avg: 0.0, Max: 0.0, Diff: 0.0, Sum: 0.1]
      [GC Worker Total (ms): Min: 1.8, Avg: 1.8, Max: 1.8, Diff: 0.0, Sum: 3.6]
      [GC Worker End (ms): Min: 33222.3, Avg: 33222.3, Max: 33222.3, Diff: 0.0]
   [Code Root Fixup: 0.0 ms]
   [Code Root Migration: 0.0 ms]
   [Clear CT: 0.4 ms]
   [Other: 0.8 ms]
      [Choose CSet: 0.0 ms]
      [Ref Proc: 0.0 ms]
      [Ref Enq: 0.0 ms]
      [Free CSet: 0.6 ms]
   [Eden: 476.0M(476.0M)->0.0B(536.0M) Survivors: 61.0M->1024.0K Heap: 638.7M(896.0M)->102.2M(896.0M)]
 [Times: user=0.00 sys=0.00, real=0.00 secs] 
2014-07-10T11:58:34.698+0200: 33.771: [GC pause (G1 Evacuation Pause) (young), 0.0398119 secs]
   [Parallel Time: 38.2 ms, GC Workers: 2]
      [GC Worker Start (ms): Min: 33770.8, Avg: 33770.8, Max: 33770.8, Diff: 0.0]
      [Ext Root Scanning (ms): Min: 0.3, Avg: 0.3, Max: 0.3, Diff: 0.0, Sum: 0.7]
      [Update RS (ms): Min: 0.1, Avg: 0.1, Max: 0.1, Diff: 0.0, Sum: 0.1]
         [Processed Buffers: Min: 1, Avg: 2.0, Max: 3, Diff: 2, Sum: 4]
      [Scan RS (ms): Min: 0.8, Avg: 0.8, Max: 0.8, Diff: 0.0, Sum: 1.7]
      [Code Root Scanning (ms): Min: 0.4, Avg: 0.4, Max: 0.4, Diff: 0.0, Sum: 0.7]
      [Object Copy (ms): Min: 36.5, Avg: 36.5, Max: 36.5, Diff: 0.0, Sum: 73.0]
      [Termination (ms): Min: 0.0, Avg: 0.0, Max: 0.0, Diff: 0.0, Sum: 0.0]
      [GC Worker Other (ms): Min: 0.0, Avg: 0.1, Max: 0.1, Diff: 0.0, Sum: 0.1]
      [GC Worker Total (ms): Min: 38.2, Avg: 38.2, Max: 38.2, Diff: 0.0, Sum: 76.4]
      [GC Worker End (ms): Min: 33809.0, Avg: 33809.0, Max: 33809.0, Diff: 0.0]
   [Code Root Fixup: 0.0 ms]
   [Code Root Migration: 0.1 ms]
   [Clear CT: 0.4 ms]
   [Other: 1.1 ms]
      [Choose CSet: 0.0 ms]
      [Ref Proc: 0.2 ms]
      [Ref Enq: 0.0 ms]
      [Free CSet: 0.7 ms]
   [Eden: 536.0M(536.0M)->0.0B(479.0M) Survivors: 1024.0K->58.0M Heap: 638.2M(896.0M)->159.7M(896.0M)]
 [Times: user=0.09 sys=0.00, real=0.04 secs] 
2014-07-10T11:58:35.143+0200: 34.216: [GC pause (G1 Evacuation Pause) (young), 0.0081112 secs]
   [Parallel Time: 6.7 ms, GC Workers: 2]
      [GC Worker Start (ms): Min: 34215.9, Avg: 34215.9, Max: 34215.9, Diff: 0.0]
      [Ext Root Scanning (ms): Min: 0.3, Avg: 0.3, Max: 0.3, Diff: 0.0, Sum: 0.6]
      [Update RS (ms): Min: 0.0, Avg: 0.0, Max: 0.0, Diff: 0.0, Sum: 0.1]
         [Processed Buffers: Min: 1, Avg: 1.5, Max: 2, Diff: 1, Sum: 3]
      [Scan RS (ms): Min: 0.8, Avg: 0.8, Max: 0.8, Diff: 0.0, Sum: 1.6]
      [Code Root Scanning (ms): Min: 0.3, Avg: 0.4, Max: 0.4, Diff: 0.0, Sum: 0.7]
      [Object Copy (ms): Min: 5.1, Avg: 5.1, Max: 5.1, Diff: 0.0, Sum: 10.2]
      [Termination (ms): Min: 0.0, Avg: 0.0, Max: 0.0, Diff: 0.0, Sum: 0.0]
      [GC Worker Other (ms): Min: 0.0, Avg: 0.0, Max: 0.0, Diff: 0.0, Sum: 0.1]
      [GC Worker Total (ms): Min: 6.7, Avg: 6.7, Max: 6.7, Diff: 0.0, Sum: 13.4]
      [GC Worker End (ms): Min: 34222.6, Avg: 34222.6, Max: 34222.6, Diff: 0.0]
   [Code Root Fixup: 0.0 ms]
   [Code Root Migration: 0.1 ms]
   [Clear CT: 0.4 ms]
   [Other: 0.9 ms]
      [Choose CSet: 0.0 ms]
      [Ref Proc: 0.1 ms]
      [Ref Enq: 0.0 ms]
      [Free CSet: 0.7 ms]
   [Eden: 479.0M(479.0M)->0.0B(528.0M) Survivors: 58.0M->9216.0K Heap: 638.7M(896.0M)->110.3M(896.0M)]
 [Times: user=0.00 sys=0.00, real=0.01 secs] 
2014-07-10T11:58:35.699+0200: 34.772: [GC pause (G1 Evacuation Pause) (young), 0.0340665 secs]
   [Parallel Time: 31.4 ms, GC Workers: 2]
      [GC Worker Start (ms): Min: 34772.0, Avg: 34772.0, Max: 34772.0, Diff: 0.0]
      [Ext Root Scanning (ms): Min: 0.3, Avg: 0.3, Max: 0.4, Diff: 0.0, Sum: 0.7]
      [Update RS (ms): Min: 0.0, Avg: 0.1, Max: 0.1, Diff: 0.0, Sum: 0.1]
         [Processed Buffers: Min: 1, Avg: 2.0, Max: 3, Diff: 2, Sum: 4]
      [Scan RS (ms): Min: 1.0, Avg: 1.0, Max: 1.0, Diff: 0.0, Sum: 2.0]
      [Code Root Scanning (ms): Min: 0.4, Avg: 0.4, Max: 0.4, Diff: 0.0, Sum: 0.7]
      [Object Copy (ms): Min: 29.6, Avg: 29.6, Max: 29.6, Diff: 0.0, Sum: 59.2]
      [Termination (ms): Min: 0.0, Avg: 0.0, Max: 0.0, Diff: 0.0, Sum: 0.0]
      [GC Worker Other (ms): Min: 0.0, Avg: 0.0, Max: 0.0, Diff: 0.0, Sum: 0.1]
      [GC Worker Total (ms): Min: 31.4, Avg: 31.4, Max: 31.4, Diff: 0.0, Sum: 62.8]
      [GC Worker End (ms): Min: 34803.4, Avg: 34803.4, Max: 34803.4, Diff: 0.0]
   [Code Root Fixup: 0.0 ms]
   [Code Root Migration: 0.1 ms]
   [Clear CT: 0.5 ms]
   [Other: 2.1 ms]
      [Choose CSet: 0.0 ms]
      [Ref Proc: 1.2 ms]
      [Ref Enq: 0.0 ms]
      [Free CSet: 0.8 ms]
   [Eden: 528.0M(528.0M)->0.0B(488.0M) Survivors: 9216.0K->49.0M Heap: 638.3M(896.0M)->150.6M(896.0M)]
 [Times: user=0.09 sys=0.00, real=0.03 secs] 
2014-07-10T11:58:36.141+0200: 35.213: [GC pause (G1 Evacuation Pause) (young), 0.0081395 secs]
   [Parallel Time: 6.7 ms, GC Workers: 2]
      [GC Worker Start (ms): Min: 35212.9, Avg: 35212.9, Max: 35213.0, Diff: 0.0]
      [Ext Root Scanning (ms): Min: 0.3, Avg: 0.3, Max: 0.3, Diff: 0.0, Sum: 0.6]
      [Update RS (ms): Min: 0.0, Avg: 0.1, Max: 0.1, Diff: 0.0, Sum: 0.1]
         [Processed Buffers: Min: 1, Avg: 1.5, Max: 2, Diff: 1, Sum: 3]
      [Scan RS (ms): Min: 1.0, Avg: 1.0, Max: 1.0, Diff: 0.0, Sum: 1.9]
      [Code Root Scanning (ms): Min: 0.4, Avg: 0.4, Max: 0.4, Diff: 0.0, Sum: 0.8]
      [Object Copy (ms): Min: 4.9, Avg: 4.9, Max: 4.9, Diff: 0.0, Sum: 9.9]
      [Termination (ms): Min: 0.0, Avg: 0.0, Max: 0.0, Diff: 0.0, Sum: 0.0]
      [GC Worker Other (ms): Min: 0.0, Avg: 0.0, Max: 0.1, Diff: 0.0, Sum: 0.1]
      [GC Worker Total (ms): Min: 6.7, Avg: 6.7, Max: 6.7, Diff: 0.0, Sum: 13.4]
      [GC Worker End (ms): Min: 35219.7, Avg: 35219.7, Max: 35219.7, Diff: 0.0]
   [Code Root Fixup: 0.0 ms]
   [Code Root Migration: 0.1 ms]
   [Clear CT: 0.4 ms]
   [Other: 0.9 ms]
      [Choose CSet: 0.0 ms]
      [Ref Proc: 0.1 ms]
      [Ref Enq: 0.0 ms]
      [Free CSet: 0.7 ms]
   [Eden: 488.0M(488.0M)->0.0B(529.0M) Survivors: 49.0M->8192.0K Heap: 638.6M(896.0M)->110.2M(896.0M)]
 [Times: user=0.00 sys=0.00, real=0.01 secs] 
2014-07-10T11:58:36.697+0200: 35.769: [GC pause (G1 Evacuation Pause) (young), 0.0367190 secs]
   [Parallel Time: 35.0 ms, GC Workers: 2]
      [GC Worker Start (ms): Min: 35769.3, Avg: 35769.3, Max: 35769.3, Diff: 0.0]
      [Ext Root Scanning (ms): Min: 0.4, Avg: 0.4, Max: 0.4, Diff: 0.0, Sum: 0.8]
      [Update RS (ms): Min: 0.1, Avg: 0.1, Max: 0.1, Diff: 0.0, Sum: 0.1]
         [Processed Buffers: Min: 1, Avg: 1.5, Max: 2, Diff: 1, Sum: 3]
      [Scan RS (ms): Min: 1.0, Avg: 1.1, Max: 1.2, Diff: 0.1, Sum: 2.2]
      [Code Root Scanning (ms): Min: 0.3, Avg: 0.4, Max: 0.5, Diff: 0.1, Sum: 0.8]
      [Object Copy (ms): Min: 32.8, Avg: 32.8, Max: 32.9, Diff: 0.0, Sum: 65.7]
      [Termination (ms): Min: 0.0, Avg: 0.0, Max: 0.0, Diff: 0.0, Sum: 0.0]
      [GC Worker Other (ms): Min: 0.0, Avg: 0.0, Max: 0.0, Diff: 0.0, Sum: 0.1]
      [GC Worker Total (ms): Min: 34.8, Avg: 34.8, Max: 34.8, Diff: 0.0, Sum: 69.6]
      [GC Worker End (ms): Min: 35804.1, Avg: 35804.1, Max: 35804.1, Diff: 0.0]
   [Code Root Fixup: 0.0 ms]
   [Code Root Migration: 0.1 ms]
   [Clear CT: 0.4 ms]
   [Other: 1.2 ms]
      [Choose CSet: 0.0 ms]
      [Ref Proc: 0.2 ms]
      [Ref Enq: 0.0 ms]
      [Free CSet: 0.8 ms]
   [Eden: 529.0M(529.0M)->0.0B(482.0M) Survivors: 8192.0K->55.0M Heap: 639.2M(896.0M)->156.6M(896.0M)]
 [Times: user=0.06 sys=0.03, real=0.04 secs] 
2014-07-10T11:58:37.148+0200: 36.220: [GC pause (G1 Evacuation Pause) (young), 0.0078212 secs]
   [Parallel Time: 6.5 ms, GC Workers: 2]
      [GC Worker Start (ms): Min: 36220.2, Avg: 36220.3, Max: 36220.3, Diff: 0.0]
      [Ext Root Scanning (ms): Min: 0.3, Avg: 0.3, Max: 0.3, Diff: 0.0, Sum: 0.7]
      [Update RS (ms): Min: 0.0, Avg: 0.0, Max: 0.0, Diff: 0.0, Sum: 0.1]
         [Processed Buffers: Min: 1, Avg: 1.5, Max: 2, Diff: 1, Sum: 3]
      [Scan RS (ms): Min: 0.8, Avg: 0.8, Max: 0.8, Diff: 0.0, Sum: 1.6]
      [Code Root Scanning (ms): Min: 0.3, Avg: 0.3, Max: 0.3, Diff: 0.0, Sum: 0.7]
      [Object Copy (ms): Min: 4.9, Avg: 4.9, Max: 4.9, Diff: 0.0, Sum: 9.8]
      [Termination (ms): Min: 0.0, Avg: 0.0, Max: 0.0, Diff: 0.0, Sum: 0.0]
      [GC Worker Other (ms): Min: 0.0, Avg: 0.1, Max: 0.1, Diff: 0.0, Sum: 0.1]
      [GC Worker Total (ms): Min: 6.4, Avg: 6.5, Max: 6.5, Diff: 0.1, Sum: 13.0]
      [GC Worker End (ms): Min: 36226.7, Avg: 36226.7, Max: 36226.8, Diff: 0.0]
   [Code Root Fixup: 0.0 ms]
   [Code Root Migration: 0.1 ms]
   [Clear CT: 0.4 ms]
   [Other: 0.8 ms]
      [Choose CSet: 0.0 ms]
      [Ref Proc: 0.1 ms]
      [Ref Enq: 0.0 ms]
      [Free CSet: 0.6 ms]
   [Eden: 482.0M(482.0M)->0.0B(529.0M) Survivors: 55.0M->8192.0K Heap: 638.6M(896.0M)->110.2M(896.0M)]
 [Times: user=0.03 sys=0.00, real=0.01 secs] 
2014-07-10T11:58:37.705+0200: 36.777: [GC pause (G1 Evacuation Pause) (young), 0.0337640 secs]
   [Parallel Time: 32.1 ms, GC Workers: 2]
      [GC Worker Start (ms): Min: 36776.9, Avg: 36776.9, Max: 36776.9, Diff: 0.0]
      [Ext Root Scanning (ms): Min: 0.4, Avg: 0.4, Max: 0.4, Diff: 0.0, Sum: 0.7]
      [Update RS (ms): Min: 0.1, Avg: 0.1, Max: 0.1, Diff: 0.0, Sum: 0.1]
         [Processed Buffers: Min: 2, Avg: 2.0, Max: 2, Diff: 0, Sum: 4]
      [Scan RS (ms): Min: 0.9, Avg: 0.9, Max: 0.9, Diff: 0.0, Sum: 1.8]
      [Code Root Scanning (ms): Min: 0.4, Avg: 0.4, Max: 0.4, Diff: 0.0, Sum: 0.8]
      [Object Copy (ms): Min: 30.3, Avg: 30.3, Max: 30.3, Diff: 0.0, Sum: 60.6]
      [Termination (ms): Min: 0.0, Avg: 0.0, Max: 0.0, Diff: 0.0, Sum: 0.0]
      [GC Worker Other (ms): Min: 0.0, Avg: 0.0, Max: 0.0, Diff: 0.0, Sum: 0.1]
      [GC Worker Total (ms): Min: 32.0, Avg: 32.0, Max: 32.0, Diff: 0.0, Sum: 64.1]
      [GC Worker End (ms): Min: 36808.9, Avg: 36808.9, Max: 36808.9, Diff: 0.0]
   [Code Root Fixup: 0.0 ms]
   [Code Root Migration: 0.1 ms]
   [Clear CT: 0.6 ms]
   [Other: 1.0 ms]
      [Choose CSet: 0.0 ms]
      [Ref Proc: 0.2 ms]
      [Ref Enq: 0.0 ms]
      [Free CSet: 0.6 ms]
   [Eden: 529.0M(529.0M)->0.0B(487.0M) Survivors: 8192.0K->50.0M Heap: 639.2M(896.0M)->151.5M(896.0M)]
 [Times: user=0.06 sys=0.00, real=0.03 secs] 
2014-07-10T11:58:38.147+0200: 37.219: [GC pause (G1 Evacuation Pause) (young), 0.0080504 secs]
   [Parallel Time: 6.5 ms, GC Workers: 2]
      [GC Worker Start (ms): Min: 37219.5, Avg: 37219.5, Max: 37219.5, Diff: 0.0]
      [Ext Root Scanning (ms): Min: 0.3, Avg: 0.3, Max: 0.3, Diff: 0.0, Sum: 0.6]
      [Update RS (ms): Min: 0.1, Avg: 0.1, Max: 0.1, Diff: 0.0, Sum: 0.1]
         [Processed Buffers: Min: 1, Avg: 1.5, Max: 2, Diff: 1, Sum: 3]
      [Scan RS (ms): Min: 0.9, Avg: 0.9, Max: 0.9, Diff: 0.0, Sum: 1.8]
      [Code Root Scanning (ms): Min: 0.3, Avg: 0.4, Max: 0.4, Diff: 0.0, Sum: 0.7]
      [Object Copy (ms): Min: 4.7, Avg: 4.7, Max: 4.7, Diff: 0.0, Sum: 9.5]
      [Termination (ms): Min: 0.0, Avg: 0.0, Max: 0.0, Diff: 0.0, Sum: 0.0]
      [GC Worker Other (ms): Min: 0.0, Avg: 0.0, Max: 0.1, Diff: 0.0, Sum: 0.1]
      [GC Worker Total (ms): Min: 6.4, Avg: 6.4, Max: 6.4, Diff: 0.0, Sum: 12.8]
      [GC Worker End (ms): Min: 37225.9, Avg: 37225.9, Max: 37225.9, Diff: 0.0]
   [Code Root Fixup: 0.0 ms]
   [Code Root Migration: 0.1 ms]
   [Clear CT: 0.4 ms]
   [Other: 1.1 ms]
      [Choose CSet: 0.0 ms]
      [Ref Proc: 0.2 ms]
      [Ref Enq: 0.0 ms]
      [Free CSet: 0.7 ms]
   [Eden: 487.0M(487.0M)->0.0B(529.0M) Survivors: 50.0M->8192.0K Heap: 638.5M(896.0M)->110.1M(896.0M)]
 [Times: user=0.03 sys=0.00, real=0.01 secs] 
2014-07-10T11:58:38.694+0200: 37.766: [GC pause (G1 Evacuation Pause) (young), 0.0383912 secs]
   [Parallel Time: 36.5 ms, GC Workers: 2]
      [GC Worker Start (ms): Min: 37765.9, Avg: 37780.5, Max: 37795.1, Diff: 29.3]
      [Ext Root Scanning (ms): Min: 0.0, Avg: 0.2, Max: 0.4, Diff: 0.4, Sum: 0.4]
      [Update RS (ms): Min: 0.0, Avg: 0.0, Max: 0.1, Diff: 0.1, Sum: 0.1]
         [Processed Buffers: Min: 0, Avg: 2.0, Max: 4, Diff: 4, Sum: 4]
      [Scan RS (ms): Min: 0.1, Avg: 0.8, Max: 1.4, Diff: 1.3, Sum: 1.5]
      [Code Root Scanning (ms): Min: 0.0, Avg: 0.3, Max: 0.6, Diff: 0.6, Sum: 0.6]
      [Object Copy (ms): Min: 6.8, Avg: 20.3, Max: 33.7, Diff: 26.9, Sum: 40.5]
      [Termination (ms): Min: 0.0, Avg: 0.0, Max: 0.0, Diff: 0.0, Sum: 0.0]
      [GC Worker Other (ms): Min: 0.0, Avg: 0.0, Max: 0.0, Diff: 0.0, Sum: 0.1]
      [GC Worker Total (ms): Min: 7.0, Avg: 21.7, Max: 36.3, Diff: 29.3, Sum: 43.3]
      [GC Worker End (ms): Min: 37802.2, Avg: 37802.2, Max: 37802.2, Diff: 0.0]
   [Code Root Fixup: 0.0 ms]
   [Code Root Migration: 0.1 ms]
   [Clear CT: 0.3 ms]
   [Other: 1.5 ms]
      [Choose CSet: 0.0 ms]
      [Ref Proc: 0.5 ms]
      [Ref Enq: 0.0 ms]
      [Free CSet: 0.8 ms]
   [Eden: 529.0M(529.0M)->0.0B(487.0M) Survivors: 8192.0K->50.0M Heap: 639.1M(896.0M)->152.5M(896.0M)]
 [Times: user=0.03 sys=0.01, real=0.04 secs] 
2014-07-10T11:58:39.156+0200: 38.228: [GC pause (G1 Evacuation Pause) (young), 0.0031456 secs]
   [Parallel Time: 1.9 ms, GC Workers: 2]
      [GC Worker Start (ms): Min: 38228.3, Avg: 38228.3, Max: 38228.3, Diff: 0.0]
      [Ext Root Scanning (ms): Min: 0.4, Avg: 0.4, Max: 0.4, Diff: 0.0, Sum: 0.7]
      [Update RS (ms): Min: 0.0, Avg: 0.0, Max: 0.1, Diff: 0.0, Sum: 0.1]
         [Processed Buffers: Min: 1, Avg: 1.0, Max: 1, Diff: 0, Sum: 2]
      [Scan RS (ms): Min: 0.8, Avg: 0.8, Max: 0.8, Diff: 0.0, Sum: 1.6]
      [Code Root Scanning (ms): Min: 0.3, Avg: 0.4, Max: 0.4, Diff: 0.0, Sum: 0.7]
      [Object Copy (ms): Min: 0.3, Avg: 0.3, Max: 0.3, Diff: 0.0, Sum: 0.6]
      [Termination (ms): Min: 0.0, Avg: 0.0, Max: 0.0, Diff: 0.0, Sum: 0.0]
      [GC Worker Other (ms): Min: 0.0, Avg: 0.0, Max: 0.0, Diff: 0.0, Sum: 0.1]
      [GC Worker Total (ms): Min: 1.9, Avg: 1.9, Max: 1.9, Diff: 0.0, Sum: 3.8]
      [GC Worker End (ms): Min: 38230.2, Avg: 38230.2, Max: 38230.2, Diff: 0.0]
   [Code Root Fixup: 0.0 ms]
   [Code Root Migration: 0.0 ms]
   [Clear CT: 0.4 ms]
   [Other: 0.7 ms]
      [Choose CSet: 0.0 ms]
      [Ref Proc: 0.0 ms]
      [Ref Enq: 0.0 ms]
      [Free CSet: 0.6 ms]
   [Eden: 487.0M(487.0M)->0.0B(536.0M) Survivors: 50.0M->1024.0K Heap: 639.5M(896.0M)->103.0M(896.0M)]
 [Times: user=0.00 sys=0.00, real=0.00 secs] 
2014-07-10T11:58:39.713+0200: 38.785: [GC pause (G1 Evacuation Pause) (young), 0.0623814 secs]
   [Parallel Time: 60.9 ms, GC Workers: 2]
      [GC Worker Start (ms): Min: 38784.9, Avg: 38784.9, Max: 38784.9, Diff: 0.0]
      [Ext Root Scanning (ms): Min: 0.3, Avg: 0.3, Max: 0.3, Diff: 0.0, Sum: 0.6]
      [Update RS (ms): Min: 0.0, Avg: 0.0, Max: 0.1, Diff: 0.0, Sum: 0.1]
         [Processed Buffers: Min: 1, Avg: 2.0, Max: 3, Diff: 2, Sum: 4]
      [Scan RS (ms): Min: 0.8, Avg: 0.8, Max: 0.8, Diff: 0.0, Sum: 1.6]
      [Code Root Scanning (ms): Min: 0.4, Avg: 0.4, Max: 0.4, Diff: 0.0, Sum: 0.8]
      [Object Copy (ms): Min: 38.4, Avg: 48.9, Max: 59.3, Diff: 21.0, Sum: 97.7]
      [Termination (ms): Min: 0.0, Avg: 10.5, Max: 20.9, Diff: 20.9, Sum: 21.0]
      [GC Worker Other (ms): Min: 0.0, Avg: 0.0, Max: 0.0, Diff: 0.0, Sum: 0.1]
      [GC Worker Total (ms): Min: 60.9, Avg: 60.9, Max: 60.9, Diff: 0.0, Sum: 121.7]
      [GC Worker End (ms): Min: 38845.7, Avg: 38845.7, Max: 38845.7, Diff: 0.0]
   [Code Root Fixup: 0.0 ms]
   [Code Root Migration: 0.1 ms]
   [Clear CT: 0.3 ms]
   [Other: 1.1 ms]
      [Choose CSet: 0.0 ms]
      [Ref Proc: 0.2 ms]
      [Ref Enq: 0.0 ms]
      [Free CSet: 0.7 ms]
   [Eden: 536.0M(536.0M)->0.0B(476.0M) Survivors: 1024.0K->61.0M Heap: 639.0M(896.0M)->163.5M(896.0M)]
 [Times: user=0.08 sys=0.00, real=0.06 secs] 
2014-07-10T11:58:40.150+0200: 39.222: [GC pause (G1 Evacuation Pause) (young), 0.0029194 secs]
   [Parallel Time: 1.8 ms, GC Workers: 2]
      [GC Worker Start (ms): Min: 39222.4, Avg: 39222.4, Max: 39222.4, Diff: 0.0]
      [Ext Root Scanning (ms): Min: 0.3, Avg: 0.3, Max: 0.3, Diff: 0.0, Sum: 0.6]
      [Update RS (ms): Min: 0.0, Avg: 0.0, Max: 0.0, Diff: 0.0, Sum: 0.1]
         [Processed Buffers: Min: 1, Avg: 1.5, Max: 2, Diff: 1, Sum: 3]
      [Scan RS (ms): Min: 0.8, Avg: 0.8, Max: 0.8, Diff: 0.0, Sum: 1.6]
      [Code Root Scanning (ms): Min: 0.3, Avg: 0.4, Max: 0.4, Diff: 0.0, Sum: 0.7]
      [Object Copy (ms): Min: 0.2, Avg: 0.2, Max: 0.2, Diff: 0.0, Sum: 0.5]
      [Termination (ms): Min: 0.0, Avg: 0.0, Max: 0.0, Diff: 0.0, Sum: 0.0]
      [GC Worker Other (ms): Min: 0.0, Avg: 0.0, Max: 0.0, Diff: 0.0, Sum: 0.1]
      [GC Worker Total (ms): Min: 1.7, Avg: 1.8, Max: 1.8, Diff: 0.0, Sum: 3.5]
      [GC Worker End (ms): Min: 39224.1, Avg: 39224.1, Max: 39224.1, Diff: 0.0]
   [Code Root Fixup: 0.0 ms]
   [Code Root Migration: 0.0 ms]
   [Clear CT: 0.4 ms]
   [Other: 0.7 ms]
      [Choose CSet: 0.0 ms]
      [Ref Proc: 0.1 ms]
      [Ref Enq: 0.0 ms]
      [Free CSet: 0.6 ms]
   [Eden: 476.0M(476.0M)->0.0B(536.0M) Survivors: 61.0M->1024.0K Heap: 639.5M(896.0M)->103.1M(896.0M)]
 [Times: user=0.00 sys=0.00, real=0.00 secs] 
2014-07-10T11:58:40.707+0200: 39.780: [GC pause (G1 Evacuation Pause) (young), 0.0387032 secs]
   [Parallel Time: 37.2 ms, GC Workers: 2]
      [GC Worker Start (ms): Min: 39779.7, Avg: 39779.7, Max: 39779.7, Diff: 0.0]
      [Ext Root Scanning (ms): Min: 0.4, Avg: 0.4, Max: 0.4, Diff: 0.0, Sum: 0.8]
      [Update RS (ms): Min: 0.1, Avg: 0.1, Max: 0.1, Diff: 0.0, Sum: 0.1]
         [Processed Buffers: Min: 2, Avg: 2.0, Max: 2, Diff: 0, Sum: 4]
      [Scan RS (ms): Min: 1.0, Avg: 1.0, Max: 1.0, Diff: 0.0, Sum: 1.9]
      [Code Root Scanning (ms): Min: 0.4, Avg: 0.4, Max: 0.4, Diff: 0.0, Sum: 0.7]
      [Object Copy (ms): Min: 35.4, Avg: 35.4, Max: 35.4, Diff: 0.0, Sum: 70.7]
      [Termination (ms): Min: 0.0, Avg: 0.0, Max: 0.0, Diff: 0.0, Sum: 0.0]
      [GC Worker Other (ms): Min: 0.0, Avg: 0.0, Max: 0.0, Diff: 0.0, Sum: 0.1]
      [GC Worker Total (ms): Min: 37.2, Avg: 37.2, Max: 37.2, Diff: 0.0, Sum: 74.4]
      [GC Worker End (ms): Min: 39816.9, Avg: 39816.9, Max: 39816.9, Diff: 0.0]
   [Code Root Fixup: 0.0 ms]
   [Code Root Migration: 0.1 ms]
   [Clear CT: 0.4 ms]
   [Other: 1.0 ms]
      [Choose CSet: 0.0 ms]
      [Ref Proc: 0.1 ms]
      [Ref Enq: 0.0 ms]
      [Free CSet: 0.8 ms]
   [Eden: 536.0M(536.0M)->0.0B(479.0M) Survivors: 1024.0K->58.0M Heap: 639.1M(896.0M)->160.5M(896.0M)]
 [Times: user=0.06 sys=0.02, real=0.04 secs] 
2014-07-10T11:58:41.151+0200: 40.223: [GC pause (G1 Evacuation Pause) (young), 0.0079759 secs]
   [Parallel Time: 6.4 ms, GC Workers: 2]
      [GC Worker Start (ms): Min: 40223.5, Avg: 40223.9, Max: 40224.4, Diff: 0.9]
      [Ext Root Scanning (ms): Min: 0.0, Avg: 0.2, Max: 0.5, Diff: 0.5, Sum: 0.5]
      [Update RS (ms): Min: 0.0, Avg: 0.0, Max: 0.1, Diff: 0.1, Sum: 0.1]
         [Processed Buffers: Min: 0, Avg: 1.5, Max: 3, Diff: 3, Sum: 3]
      [Scan RS (ms): Min: 0.6, Avg: 0.7, Max: 0.8, Diff: 0.2, Sum: 1.4]
      [Code Root Scanning (ms): Min: 0.3, Avg: 0.4, Max: 0.4, Diff: 0.1, Sum: 0.7]
      [Object Copy (ms): Min: 4.6, Avg: 4.6, Max: 4.6, Diff: 0.0, Sum: 9.1]
      [Termination (ms): Min: 0.0, Avg: 0.0, Max: 0.0, Diff: 0.0, Sum: 0.0]
      [GC Worker Other (ms): Min: 0.0, Avg: 0.0, Max: 0.0, Diff: 0.0, Sum: 0.1]
      [GC Worker Total (ms): Min: 5.5, Avg: 6.0, Max: 6.4, Diff: 0.9, Sum: 11.9]
      [GC Worker End (ms): Min: 40229.9, Avg: 40229.9, Max: 40229.9, Diff: 0.0]
   [Code Root Fixup: 0.0 ms]
   [Code Root Migration: 0.1 ms]
   [Clear CT: 0.6 ms]
   [Other: 0.9 ms]
      [Choose CSet: 0.0 ms]
      [Ref Proc: 0.1 ms]
      [Ref Enq: 0.0 ms]
      [Free CSet: 0.7 ms]
   [Eden: 479.0M(479.0M)->0.0B(528.0M) Survivors: 58.0M->9216.0K Heap: 639.5M(896.0M)->111.1M(896.0M)]
 [Times: user=0.00 sys=0.00, real=0.01 secs] 
2014-07-10T11:58:41.713+0200: 40.785: [GC pause (G1 Evacuation Pause) (young), 0.0328464 secs]
   [Parallel Time: 31.0 ms, GC Workers: 2]
      [GC Worker Start (ms): Min: 40785.1, Avg: 40785.1, Max: 40785.1, Diff: 0.0]
      [Ext Root Scanning (ms): Min: 0.3, Avg: 0.3, Max: 0.3, Diff: 0.0, Sum: 0.7]
      [Update RS (ms): Min: 0.0, Avg: 0.1, Max: 0.1, Diff: 0.0, Sum: 0.1]
         [Processed Buffers: Min: 1, Avg: 1.5, Max: 2, Diff: 1, Sum: 3]
      [Scan RS (ms): Min: 0.8, Avg: 0.8, Max: 0.8, Diff: 0.0, Sum: 1.6]
      [Code Root Scanning (ms): Min: 0.4, Avg: 0.4, Max: 0.4, Diff: 0.0, Sum: 0.7]
      [Object Copy (ms): Min: 29.4, Avg: 29.4, Max: 29.4, Diff: 0.0, Sum: 58.8]
      [Termination (ms): Min: 0.0, Avg: 0.0, Max: 0.0, Diff: 0.0, Sum: 0.0]
      [GC Worker Other (ms): Min: 0.0, Avg: 0.0, Max: 0.0, Diff: 0.0, Sum: 0.1]
      [GC Worker Total (ms): Min: 31.0, Avg: 31.0, Max: 31.0, Diff: 0.0, Sum: 62.0]
      [GC Worker End (ms): Min: 40816.1, Avg: 40816.1, Max: 40816.1, Diff: 0.0]
   [Code Root Fixup: 0.0 ms]
   [Code Root Migration: 0.1 ms]
   [Clear CT: 0.5 ms]
   [Other: 1.2 ms]
      [Choose CSet: 0.0 ms]
      [Ref Proc: 0.2 ms]
      [Ref Enq: 0.0 ms]
      [Free CSet: 0.8 ms]
   [Eden: 528.0M(528.0M)->0.0B(488.0M) Survivors: 9216.0K->49.0M Heap: 639.1M(896.0M)->151.4M(896.0M)]
 [Times: user=0.06 sys=0.00, real=0.03 secs] 
2014-07-10T11:58:42.151+0200: 41.224: [GC pause (G1 Evacuation Pause) (young), 0.0078388 secs]
   [Parallel Time: 6.6 ms, GC Workers: 2]
      [GC Worker Start (ms): Min: 41223.7, Avg: 41223.7, Max: 41223.7, Diff: 0.0]
      [Ext Root Scanning (ms): Min: 0.4, Avg: 0.4, Max: 0.4, Diff: 0.0, Sum: 0.7]
      [Update RS (ms): Min: 0.0, Avg: 0.1, Max: 0.1, Diff: 0.0, Sum: 0.1]
         [Processed Buffers: Min: 1, Avg: 1.5, Max: 2, Diff: 1, Sum: 3]
      [Scan RS (ms): Min: 0.8, Avg: 0.8, Max: 0.8, Diff: 0.0, Sum: 1.7]
      [Code Root Scanning (ms): Min: 0.4, Avg: 0.4, Max: 0.4, Diff: 0.0, Sum: 0.7]
      [Object Copy (ms): Min: 4.9, Avg: 4.9, Max: 4.9, Diff: 0.0, Sum: 9.8]
      [Termination (ms): Min: 0.0, Avg: 0.0, Max: 0.0, Diff: 0.0, Sum: 0.0]
      [GC Worker Other (ms): Min: 0.0, Avg: 0.0, Max: 0.0, Diff: 0.0, Sum: 0.1]
      [GC Worker Total (ms): Min: 6.5, Avg: 6.5, Max: 6.5, Diff: 0.0, Sum: 13.1]
      [GC Worker End (ms): Min: 41230.2, Avg: 41230.2, Max: 41230.2, Diff: 0.0]
   [Code Root Fixup: 0.0 ms]
   [Code Root Migration: 0.1 ms]
   [Clear CT: 0.4 ms]
   [Other: 0.8 ms]
      [Choose CSet: 0.0 ms]
      [Ref Proc: 0.0 ms]
      [Ref Enq: 0.0 ms]
      [Free CSet: 0.6 ms]
   [Eden: 488.0M(488.0M)->0.0B(529.0M) Survivors: 49.0M->8192.0K Heap: 639.4M(896.0M)->111.0M(896.0M)]
 [Times: user=0.02 sys=0.00, real=0.01 secs] 
2014-07-10T11:58:42.710+0200: 41.782: [GC pause (G1 Evacuation Pause) (young), 0.0375014 secs]
   [Parallel Time: 35.8 ms, GC Workers: 2]
      [GC Worker Start (ms): Min: 41781.9, Avg: 41781.9, Max: 41781.9, Diff: 0.0]
      [Ext Root Scanning (ms): Min: 0.4, Avg: 0.4, Max: 0.4, Diff: 0.0, Sum: 0.7]
      [Update RS (ms): Min: 0.1, Avg: 0.1, Max: 0.1, Diff: 0.0, Sum: 0.1]
         [Processed Buffers: Min: 1, Avg: 1.5, Max: 2, Diff: 1, Sum: 3]
      [Scan RS (ms): Min: 1.0, Avg: 1.1, Max: 1.2, Diff: 0.2, Sum: 2.2]
      [Code Root Scanning (ms): Min: 0.4, Avg: 0.4, Max: 0.4, Diff: 0.0, Sum: 0.7]
      [Object Copy (ms): Min: 33.7, Avg: 33.8, Max: 33.9, Diff: 0.2, Sum: 67.6]
      [Termination (ms): Min: 0.0, Avg: 0.0, Max: 0.0, Diff: 0.0, Sum: 0.0]
      [GC Worker Other (ms): Min: 0.0, Avg: 0.0, Max: 0.0, Diff: 0.0, Sum: 0.1]
      [GC Worker Total (ms): Min: 35.7, Avg: 35.8, Max: 35.8, Diff: 0.0, Sum: 71.5]
      [GC Worker End (ms): Min: 41817.7, Avg: 41817.7, Max: 41817.7, Diff: 0.0]
   [Code Root Fixup: 0.0 ms]
   [Code Root Migration: 0.1 ms]
   [Clear CT: 0.6 ms]
   [Other: 1.0 ms]
      [Choose CSet: 0.0 ms]
      [Ref Proc: 0.1 ms]
      [Ref Enq: 0.0 ms]
      [Free CSet: 0.8 ms]
   [Eden: 529.0M(529.0M)->0.0B(482.0M) Survivors: 8192.0K->55.0M Heap: 640.0M(896.0M)->157.5M(896.0M)]
 [Times: user=0.06 sys=0.00, real=0.04 secs] 
2014-07-10T11:58:43.161+0200: 42.234: [GC pause (G1 Evacuation Pause) (young), 0.0079715 secs]
   [Parallel Time: 6.6 ms, GC Workers: 2]
      [GC Worker Start (ms): Min: 42233.8, Avg: 42233.8, Max: 42233.8, Diff: 0.1]
      [Ext Root Scanning (ms): Min: 0.4, Avg: 0.5, Max: 0.6, Diff: 0.2, Sum: 1.0]
      [Update RS (ms): Min: 0.0, Avg: 0.0, Max: 0.1, Diff: 0.1, Sum: 0.1]
         [Processed Buffers: Min: 0, Avg: 1.0, Max: 2, Diff: 2, Sum: 2]
      [Scan RS (ms): Min: 0.8, Avg: 0.8, Max: 0.8, Diff: 0.0, Sum: 1.6]
      [Code Root Scanning (ms): Min: 0.3, Avg: 0.3, Max: 0.4, Diff: 0.0, Sum: 0.7]
      [Object Copy (ms): Min: 4.8, Avg: 4.8, Max: 4.8, Diff: 0.0, Sum: 9.5]
      [Termination (ms): Min: 0.0, Avg: 0.0, Max: 0.0, Diff: 0.0, Sum: 0.0]
      [GC Worker Other (ms): Min: 0.0, Avg: 0.1, Max: 0.1, Diff: 0.0, Sum: 0.1]
      [GC Worker Total (ms): Min: 6.5, Avg: 6.5, Max: 6.5, Diff: 0.1, Sum: 13.0]
      [GC Worker End (ms): Min: 42240.3, Avg: 42240.3, Max: 42240.3, Diff: 0.0]
   [Code Root Fixup: 0.0 ms]
   [Code Root Migration: 0.2 ms]
   [Clear CT: 0.4 ms]
   [Other: 0.8 ms]
      [Choose CSet: 0.0 ms]
      [Ref Proc: 0.1 ms]
      [Ref Enq: 0.0 ms]
      [Free CSet: 0.6 ms]
   [Eden: 482.0M(482.0M)->0.0B(529.0M) Survivors: 55.0M->8192.0K Heap: 639.5M(896.0M)->111.0M(896.0M)]
 [Times: user=0.00 sys=0.00, real=0.01 secs] 
2014-07-10T11:58:43.703+0200: 42.775: [GC pause (G1 Evacuation Pause) (young), 0.0344140 secs]
   [Parallel Time: 32.2 ms, GC Workers: 2]
      [GC Worker Start (ms): Min: 42775.0, Avg: 42775.0, Max: 42775.1, Diff: 0.0]
      [Ext Root Scanning (ms): Min: 0.4, Avg: 0.4, Max: 0.4, Diff: 0.0, Sum: 0.7]
      [Update RS (ms): Min: 0.1, Avg: 0.1, Max: 0.1, Diff: 0.0, Sum: 0.1]
         [Processed Buffers: Min: 1, Avg: 1.5, Max: 2, Diff: 1, Sum: 3]
      [Scan RS (ms): Min: 0.9, Avg: 1.0, Max: 1.0, Diff: 0.0, Sum: 1.9]
      [Code Root Scanning (ms): Min: 0.4, Avg: 0.4, Max: 0.4, Diff: 0.0, Sum: 0.8]
      [Object Copy (ms): Min: 30.3, Avg: 30.3, Max: 30.3, Diff: 0.0, Sum: 60.7]
      [Termination (ms): Min: 0.0, Avg: 0.0, Max: 0.0, Diff: 0.0, Sum: 0.0]
      [GC Worker Other (ms): Min: 0.0, Avg: 0.0, Max: 0.1, Diff: 0.0, Sum: 0.1]
      [GC Worker Total (ms): Min: 32.2, Avg: 32.2, Max: 32.2, Diff: 0.0, Sum: 64.3]
      [GC Worker End (ms): Min: 42807.2, Avg: 42807.2, Max: 42807.2, Diff: 0.0]
   [Code Root Fixup: 0.0 ms]
   [Code Root Migration: 0.1 ms]
   [Clear CT: 1.1 ms]
   [Other: 1.0 ms]
      [Choose CSet: 0.0 ms]
      [Ref Proc: 0.1 ms]
      [Ref Enq: 0.0 ms]
      [Free CSet: 0.8 ms]
   [Eden: 529.0M(529.0M)->0.0B(487.0M) Survivors: 8192.0K->50.0M Heap: 640.0M(896.0M)->152.4M(896.0M)]
 [Times: user=0.06 sys=0.03, real=0.03 secs] 
2014-07-10T11:58:44.164+0200: 43.237: [GC pause (G1 Evacuation Pause) (young), 0.0078135 secs]
   [Parallel Time: 6.3 ms, GC Workers: 2]
      [GC Worker Start (ms): Min: 43236.7, Avg: 43236.7, Max: 43236.7, Diff: 0.0]
      [Ext Root Scanning (ms): Min: 0.3, Avg: 0.3, Max: 0.3, Diff: 0.0, Sum: 0.6]
      [Update RS (ms): Min: 0.1, Avg: 0.1, Max: 0.1, Diff: 0.0, Sum: 0.1]
         [Processed Buffers: Min: 1, Avg: 1.5, Max: 2, Diff: 1, Sum: 3]
      [Scan RS (ms): Min: 0.8, Avg: 0.8, Max: 0.8, Diff: 0.0, Sum: 1.6]
      [Code Root Scanning (ms): Min: 0.3, Avg: 0.3, Max: 0.4, Diff: 0.0, Sum: 0.7]
      [Object Copy (ms): Min: 4.7, Avg: 4.7, Max: 4.8, Diff: 0.0, Sum: 9.5]
      [Termination (ms): Min: 0.0, Avg: 0.0, Max: 0.0, Diff: 0.0, Sum: 0.0]
      [GC Worker Other (ms): Min: 0.0, Avg: 0.0, Max: 0.0, Diff: 0.0, Sum: 0.1]
      [GC Worker Total (ms): Min: 6.3, Avg: 6.3, Max: 6.3, Diff: 0.0, Sum: 12.6]
      [GC Worker End (ms): Min: 43243.0, Avg: 43243.0, Max: 43243.0, Diff: 0.0]
   [Code Root Fixup: 0.0 ms]
   [Code Root Migration: 0.1 ms]
   [Clear CT: 0.4 ms]
   [Other: 1.0 ms]
      [Choose CSet: 0.0 ms]
      [Ref Proc: 0.1 ms]
      [Ref Enq: 0.0 ms]
      [Free CSet: 0.8 ms]
   [Eden: 487.0M(487.0M)->0.0B(529.0M) Survivors: 50.0M->8192.0K Heap: 639.4M(896.0M)->110.9M(896.0M)]
 [Times: user=0.01 sys=0.00, real=0.01 secs] 
2014-07-10T11:58:44.700+0200: 43.772: [GC pause (G1 Evacuation Pause) (young), 0.0344008 secs]
   [Parallel Time: 32.5 ms, GC Workers: 2]
      [GC Worker Start (ms): Min: 43772.3, Avg: 43772.3, Max: 43772.3, Diff: 0.0]
      [Ext Root Scanning (ms): Min: 0.3, Avg: 0.4, Max: 0.4, Diff: 0.0, Sum: 0.7]
      [Update RS (ms): Min: 0.1, Avg: 0.1, Max: 0.1, Diff: 0.0, Sum: 0.1]
         [Processed Buffers: Min: 1, Avg: 1.5, Max: 2, Diff: 1, Sum: 3]
      [Scan RS (ms): Min: 0.9, Avg: 0.9, Max: 1.0, Diff: 0.0, Sum: 1.9]
      [Code Root Scanning (ms): Min: 0.4, Avg: 0.4, Max: 0.4, Diff: 0.0, Sum: 0.8]
      [Object Copy (ms): Min: 30.6, Avg: 30.6, Max: 30.6, Diff: 0.0, Sum: 61.3]
      [Termination (ms): Min: 0.0, Avg: 0.0, Max: 0.0, Diff: 0.0, Sum: 0.0]
      [GC Worker Other (ms): Min: 0.0, Avg: 0.0, Max: 0.0, Diff: 0.0, Sum: 0.1]
      [GC Worker Total (ms): Min: 32.4, Avg: 32.4, Max: 32.4, Diff: 0.0, Sum: 64.8]
      [GC Worker End (ms): Min: 43804.7, Avg: 43804.7, Max: 43804.7, Diff: 0.0]
   [Code Root Fixup: 0.0 ms]
   [Code Root Migration: 0.1 ms]
   [Clear CT: 0.7 ms]
   [Other: 1.2 ms]
      [Choose CSet: 0.0 ms]
      [Ref Proc: 0.3 ms]
      [Ref Enq: 0.0 ms]
      [Free CSet: 0.7 ms]
   [Eden: 529.0M(529.0M)->0.0B(487.0M) Survivors: 8192.0K->50.0M Heap: 639.9M(896.0M)->153.3M(896.0M)]
 [Times: user=0.05 sys=0.01, real=0.03 secs] 
2014-07-10T11:58:45.152+0200: 44.224: [GC pause (G1 Evacuation Pause) (young), 0.0032498 secs]
   [Parallel Time: 2.0 ms, GC Workers: 2]
      [GC Worker Start (ms): Min: 44224.5, Avg: 44224.5, Max: 44224.5, Diff: 0.0]
      [Ext Root Scanning (ms): Min: 0.3, Avg: 0.3, Max: 0.4, Diff: 0.0, Sum: 0.7]
      [Update RS (ms): Min: 0.0, Avg: 0.0, Max: 0.1, Diff: 0.0, Sum: 0.1]
         [Processed Buffers: Min: 1, Avg: 1.5, Max: 2, Diff: 1, Sum: 3]
      [Scan RS (ms): Min: 0.9, Avg: 0.9, Max: 0.9, Diff: 0.0, Sum: 1.8]
      [Code Root Scanning (ms): Min: 0.3, Avg: 0.3, Max: 0.4, Diff: 0.1, Sum: 0.7]
      [Object Copy (ms): Min: 0.3, Avg: 0.3, Max: 0.3, Diff: 0.0, Sum: 0.6]
      [Termination (ms): Min: 0.0, Avg: 0.0, Max: 0.0, Diff: 0.0, Sum: 0.0]
      [GC Worker Other (ms): Min: 0.0, Avg: 0.0, Max: 0.0, Diff: 0.0, Sum: 0.1]
      [GC Worker Total (ms): Min: 2.0, Avg: 2.0, Max: 2.0, Diff: 0.0, Sum: 4.0]
      [GC Worker End (ms): Min: 44226.5, Avg: 44226.5, Max: 44226.5, Diff: 0.0]
   [Code Root Fixup: 0.0 ms]
   [Code Root Migration: 0.0 ms]
   [Clear CT: 0.4 ms]
   [Other: 0.8 ms]
      [Choose CSet: 0.0 ms]
      [Ref Proc: 0.1 ms]
      [Ref Enq: 0.0 ms]
      [Free CSet: 0.6 ms]
   [Eden: 487.0M(487.0M)->0.0B(536.0M) Survivors: 50.0M->1024.0K Heap: 640.3M(896.0M)->103.9M(896.0M)]
 [Times: user=0.01 sys=0.02, real=0.00 secs] 
2014-07-10T11:58:45.713+0200: 44.785: [GC pause (G1 Evacuation Pause) (young), 0.0401767 secs]
   [Parallel Time: 38.7 ms, GC Workers: 2]
      [GC Worker Start (ms): Min: 44785.4, Avg: 44785.5, Max: 44785.6, Diff: 0.2]
      [Ext Root Scanning (ms): Min: 0.2, Avg: 0.3, Max: 0.4, Diff: 0.2, Sum: 0.6]
      [Update RS (ms): Min: 0.0, Avg: 0.0, Max: 0.1, Diff: 0.0, Sum: 0.1]
         [Processed Buffers: Min: 2, Avg: 2.0, Max: 2, Diff: 0, Sum: 4]
      [Scan RS (ms): Min: 0.8, Avg: 0.8, Max: 0.8, Diff: 0.0, Sum: 1.6]
      [Code Root Scanning (ms): Min: 0.3, Avg: 0.3, Max: 0.3, Diff: 0.0, Sum: 0.7]
      [Object Copy (ms): Min: 37.0, Avg: 37.0, Max: 37.0, Diff: 0.0, Sum: 73.9]
      [Termination (ms): Min: 0.0, Avg: 0.0, Max: 0.0, Diff: 0.0, Sum: 0.0]
      [GC Worker Other (ms): Min: 0.0, Avg: 0.0, Max: 0.0, Diff: 0.0, Sum: 0.1]
      [GC Worker Total (ms): Min: 38.4, Avg: 38.5, Max: 38.6, Diff: 0.2, Sum: 77.0]
      [GC Worker End (ms): Min: 44824.0, Avg: 44824.0, Max: 44824.0, Diff: 0.0]
   [Code Root Fixup: 0.0 ms]
   [Code Root Migration: 0.1 ms]
   [Clear CT: 0.4 ms]
   [Other: 1.0 ms]
      [Choose CSet: 0.0 ms]
      [Ref Proc: 0.1 ms]
      [Ref Enq: 0.0 ms]
      [Free CSet: 0.8 ms]
   [Eden: 536.0M(536.0M)->0.0B(476.0M) Survivors: 1024.0K->61.0M Heap: 639.9M(896.0M)->164.3M(896.0M)]
 [Times: user=0.08 sys=0.00, real=0.04 secs] 
2014-07-10T11:58:46.150+0200: 45.222: [GC pause (G1 Evacuation Pause) (young), 0.0031028 secs]
   [Parallel Time: 1.8 ms, GC Workers: 2]
      [GC Worker Start (ms): Min: 45221.7, Avg: 45221.7, Max: 45221.7, Diff: 0.0]
      [Ext Root Scanning (ms): Min: 0.3, Avg: 0.3, Max: 0.3, Diff: 0.0, Sum: 0.7]
      [Update RS (ms): Min: 0.0, Avg: 0.0, Max: 0.0, Diff: 0.0, Sum: 0.1]
         [Processed Buffers: Min: 1, Avg: 1.5, Max: 2, Diff: 1, Sum: 3]
      [Scan RS (ms): Min: 0.8, Avg: 0.8, Max: 0.8, Diff: 0.0, Sum: 1.6]
      [Code Root Scanning (ms): Min: 0.3, Avg: 0.3, Max: 0.3, Diff: 0.0, Sum: 0.7]
      [Object Copy (ms): Min: 0.3, Avg: 0.3, Max: 0.3, Diff: 0.0, Sum: 0.5]
      [Termination (ms): Min: 0.0, Avg: 0.0, Max: 0.0, Diff: 0.0, Sum: 0.0]
      [GC Worker Other (ms): Min: 0.0, Avg: 0.0, Max: 0.0, Diff: 0.0, Sum: 0.1]
      [GC Worker Total (ms): Min: 1.8, Avg: 1.8, Max: 1.8, Diff: 0.0, Sum: 3.6]
      [GC Worker End (ms): Min: 45223.5, Avg: 45223.5, Max: 45223.5, Diff: 0.0]
   [Code Root Fixup: 0.0 ms]
   [Code Root Migration: 0.1 ms]
   [Clear CT: 0.4 ms]
   [Other: 0.9 ms]
      [Choose CSet: 0.0 ms]
      [Ref Proc: 0.0 ms]
      [Ref Enq: 0.0 ms]
      [Free CSet: 0.7 ms]
   [Eden: 476.0M(476.0M)->0.0B(536.0M) Survivors: 61.0M->1024.0K Heap: 640.3M(896.0M)->103.9M(896.0M)]
 [Times: user=0.00 sys=0.00, real=0.00 secs] 
2014-07-10T11:58:46.708+0200: 45.780: [GC pause (G1 Evacuation Pause) (young), 0.0389004 secs]
   [Parallel Time: 37.3 ms, GC Workers: 2]
      [GC Worker Start (ms): Min: 45779.7, Avg: 45779.7, Max: 45779.7, Diff: 0.0]
      [Ext Root Scanning (ms): Min: 0.4, Avg: 0.4, Max: 0.4, Diff: 0.0, Sum: 0.8]
      [Update RS (ms): Min: 0.1, Avg: 0.1, Max: 0.1, Diff: 0.0, Sum: 0.1]
         [Processed Buffers: Min: 1, Avg: 2.0, Max: 3, Diff: 2, Sum: 4]
      [Scan RS (ms): Min: 1.0, Avg: 1.0, Max: 1.0, Diff: 0.0, Sum: 2.0]
      [Code Root Scanning (ms): Min: 0.4, Avg: 0.4, Max: 0.4, Diff: 0.0, Sum: 0.7]
      [Object Copy (ms): Min: 35.4, Avg: 35.4, Max: 35.4, Diff: 0.0, Sum: 70.7]
      [Termination (ms): Min: 0.0, Avg: 0.0, Max: 0.0, Diff: 0.0, Sum: 0.0]
      [GC Worker Other (ms): Min: 0.0, Avg: 0.1, Max: 0.1, Diff: 0.0, Sum: 0.1]
      [GC Worker Total (ms): Min: 37.2, Avg: 37.2, Max: 37.2, Diff: 0.0, Sum: 74.5]
      [GC Worker End (ms): Min: 45816.9, Avg: 45816.9, Max: 45816.9, Diff: 0.0]
   [Code Root Fixup: 0.0 ms]
   [Code Root Migration: 0.1 ms]
   [Clear CT: 0.4 ms]
   [Other: 1.1 ms]
      [Choose CSet: 0.0 ms]
      [Ref Proc: 0.2 ms]
      [Ref Enq: 0.0 ms]
      [Free CSet: 0.8 ms]
   [Eden: 536.0M(536.0M)->0.0B(479.0M) Survivors: 1024.0K->58.0M Heap: 639.9M(896.0M)->161.3M(896.0M)]
 [Times: user=0.06 sys=0.00, real=0.04 secs] 
2014-07-10T11:58:47.147+0200: 46.218: [GC pause (G1 Evacuation Pause) (young), 0.0081582 secs]
   [Parallel Time: 6.7 ms, GC Workers: 2]
      [GC Worker Start (ms): Min: 46218.3, Avg: 46218.3, Max: 46218.3, Diff: 0.0]
      [Ext Root Scanning (ms): Min: 0.3, Avg: 0.3, Max: 0.3, Diff: 0.0, Sum: 0.5]
      [Update RS (ms): Min: 0.0, Avg: 0.0, Max: 0.0, Diff: 0.0, Sum: 0.1]
         [Processed Buffers: Min: 1, Avg: 1.5, Max: 2, Diff: 1, Sum: 3]
      [Scan RS (ms): Min: 0.5, Avg: 0.7, Max: 1.0, Diff: 0.5, Sum: 1.5]
      [Code Root Scanning (ms): Min: 0.5, Avg: 1.0, Max: 1.5, Diff: 1.0, Sum: 1.9]
      [Object Copy (ms): Min: 4.3, Avg: 4.6, Max: 4.8, Diff: 0.5, Sum: 9.2]
      [Termination (ms): Min: 0.0, Avg: 0.0, Max: 0.0, Diff: 0.0, Sum: 0.0]
      [GC Worker Other (ms): Min: 0.0, Avg: 0.0, Max: 0.0, Diff: 0.0, Sum: 0.1]
      [GC Worker Total (ms): Min: 6.6, Avg: 6.6, Max: 6.6, Diff: 0.0, Sum: 13.3]
      [GC Worker End (ms): Min: 46224.9, Avg: 46224.9, Max: 46224.9, Diff: 0.0]
   [Code Root Fixup: 0.0 ms]
   [Code Root Migration: 0.1 ms]
   [Clear CT: 0.3 ms]
   [Other: 1.0 ms]
      [Choose CSet: 0.0 ms]
      [Ref Proc: 0.1 ms]
      [Ref Enq: 0.0 ms]
      [Free CSet: 0.8 ms]
   [Eden: 479.0M(479.0M)->0.0B(528.0M) Survivors: 58.0M->9216.0K Heap: 640.3M(896.0M)->111.9M(896.0M)]
 [Times: user=0.03 sys=0.00, real=0.01 secs] 
2014-07-10T11:58:47.699+0200: 46.770: [GC pause (G1 Evacuation Pause) (young), 0.0335125 secs]
   [Parallel Time: 31.4 ms, GC Workers: 2]
      [GC Worker Start (ms): Min: 46770.5, Avg: 46770.5, Max: 46770.5, Diff: 0.0]
      [Ext Root Scanning (ms): Min: 0.4, Avg: 0.4, Max: 0.4, Diff: 0.0, Sum: 0.7]
      [Update RS (ms): Min: 0.1, Avg: 0.1, Max: 0.1, Diff: 0.0, Sum: 0.1]
         [Processed Buffers: Min: 2, Avg: 2.0, Max: 2, Diff: 0, Sum: 4]
      [Scan RS (ms): Min: 0.9, Avg: 0.9, Max: 1.0, Diff: 0.0, Sum: 1.9]
      [Code Root Scanning (ms): Min: 0.4, Avg: 0.4, Max: 0.4, Diff: 0.0, Sum: 0.8]
      [Object Copy (ms): Min: 29.5, Avg: 29.5, Max: 29.5, Diff: 0.0, Sum: 59.1]
      [Termination (ms): Min: 0.0, Avg: 0.0, Max: 0.0, Diff: 0.0, Sum: 0.0]
      [GC Worker Other (ms): Min: 0.0, Avg: 0.0, Max: 0.0, Diff: 0.0, Sum: 0.1]
      [GC Worker Total (ms): Min: 31.3, Avg: 31.3, Max: 31.4, Diff: 0.0, Sum: 62.7]
      [GC Worker End (ms): Min: 46801.9, Avg: 46801.9, Max: 46801.9, Diff: 0.0]
   [Code Root Fixup: 0.0 ms]
   [Code Root Migration: 0.1 ms]
   [Clear CT: 0.7 ms]
   [Other: 1.4 ms]
      [Choose CSet: 0.0 ms]
      [Ref Proc: 0.1 ms]
      [Ref Enq: 0.0 ms]
      [Free CSet: 1.1 ms]
   [Eden: 528.0M(528.0M)->0.0B(488.0M) Survivors: 9216.0K->49.0M Heap: 639.9M(896.0M)->152.3M(896.0M)]
 [Times: user=0.06 sys=0.00, real=0.03 secs] 
2014-07-10T11:58:48.139+0200: 47.211: [GC pause (G1 Evacuation Pause) (young), 0.0080507 secs]
   [Parallel Time: 6.6 ms, GC Workers: 2]
      [GC Worker Start (ms): Min: 47210.6, Avg: 47210.6, Max: 47210.6, Diff: 0.0]
      [Ext Root Scanning (ms): Min: 0.3, Avg: 0.3, Max: 0.3, Diff: 0.0, Sum: 0.7]
      [Update RS (ms): Min: 0.0, Avg: 0.1, Max: 0.1, Diff: 0.0, Sum: 0.1]
         [Processed Buffers: Min: 1, Avg: 1.5, Max: 2, Diff: 1, Sum: 3]
      [Scan RS (ms): Min: 0.9, Avg: 0.9, Max: 0.9, Diff: 0.0, Sum: 1.8]
      [Code Root Scanning (ms): Min: 0.4, Avg: 0.4, Max: 0.4, Diff: 0.0, Sum: 0.8]
      [Object Copy (ms): Min: 4.9, Avg: 4.9, Max: 4.9, Diff: 0.0, Sum: 9.8]
      [Termination (ms): Min: 0.0, Avg: 0.0, Max: 0.0, Diff: 0.0, Sum: 0.0]
      [GC Worker Other (ms): Min: 0.0, Avg: 0.0, Max: 0.0, Diff: 0.0, Sum: 0.1]
      [GC Worker Total (ms): Min: 6.6, Avg: 6.6, Max: 6.6, Diff: 0.0, Sum: 13.2]
      [GC Worker End (ms): Min: 47217.2, Avg: 47217.2, Max: 47217.2, Diff: 0.0]
   [Code Root Fixup: 0.0 ms]
   [Code Root Migration: 0.1 ms]
   [Clear CT: 0.4 ms]
   [Other: 0.9 ms]
      [Choose CSet: 0.0 ms]
      [Ref Proc: 0.1 ms]
      [Ref Enq: 0.0 ms]
      [Free CSet: 0.8 ms]
   [Eden: 488.0M(488.0M)->0.0B(529.0M) Survivors: 49.0M->8192.0K Heap: 640.3M(896.0M)->111.9M(896.0M)]
 [Times: user=0.00 sys=0.00, real=0.01 secs] 
2014-07-10T11:58:48.708+0200: 47.779: [GC pause (G1 Evacuation Pause) (young), 0.0364382 secs]
   [Parallel Time: 34.8 ms, GC Workers: 2]
      [GC Worker Start (ms): Min: 47779.3, Avg: 47779.3, Max: 47779.3, Diff: 0.0]
      [Ext Root Scanning (ms): Min: 0.3, Avg: 0.3, Max: 0.4, Diff: 0.0, Sum: 0.7]
      [Update RS (ms): Min: 0.1, Avg: 0.1, Max: 0.1, Diff: 0.0, Sum: 0.1]
         [Processed Buffers: Min: 1, Avg: 1.5, Max: 2, Diff: 1, Sum: 3]
      [Scan RS (ms): Min: 0.8, Avg: 0.8, Max: 0.9, Diff: 0.0, Sum: 1.7]
      [Code Root Scanning (ms): Min: 0.4, Avg: 0.4, Max: 0.4, Diff: 0.0, Sum: 0.7]
      [Object Copy (ms): Min: 33.1, Avg: 33.1, Max: 33.1, Diff: 0.0, Sum: 66.2]
      [Termination (ms): Min: 0.0, Avg: 0.0, Max: 0.0, Diff: 0.0, Sum: 0.0]
      [GC Worker Other (ms): Min: 0.0, Avg: 0.0, Max: 0.0, Diff: 0.0, Sum: 0.1]
      [GC Worker Total (ms): Min: 34.8, Avg: 34.8, Max: 34.8, Diff: 0.0, Sum: 69.6]
      [GC Worker End (ms): Min: 47814.1, Avg: 47814.1, Max: 47814.1, Diff: 0.0]
   [Code Root Fixup: 0.0 ms]
   [Code Root Migration: 0.1 ms]
   [Clear CT: 0.4 ms]
   [Other: 1.1 ms]
      [Choose CSet: 0.0 ms]
      [Ref Proc: 0.2 ms]
      [Ref Enq: 0.0 ms]
      [Free CSet: 0.7 ms]
   [Eden: 529.0M(529.0M)->0.0B(482.0M) Survivors: 8192.0K->55.0M Heap: 640.9M(896.0M)->158.3M(896.0M)]
 [Times: user=0.08 sys=0.01, real=0.04 secs] 
2014-07-10T11:58:49.163+0200: 48.234: [GC pause (G1 Evacuation Pause) (young), 0.0082003 secs]
   [Parallel Time: 6.6 ms, GC Workers: 2]
      [GC Worker Start (ms): Min: 48234.5, Avg: 48234.5, Max: 48234.5, Diff: 0.0]
      [Ext Root Scanning (ms): Min: 0.3, Avg: 0.3, Max: 0.3, Diff: 0.0, Sum: 0.7]
      [Update RS (ms): Min: 0.0, Avg: 0.0, Max: 0.0, Diff: 0.0, Sum: 0.1]
         [Processed Buffers: Min: 1, Avg: 1.5, Max: 2, Diff: 1, Sum: 3]
      [Scan RS (ms): Min: 0.8, Avg: 0.8, Max: 0.9, Diff: 0.1, Sum: 1.6]
      [Code Root Scanning (ms): Min: 0.3, Avg: 0.4, Max: 0.4, Diff: 0.1, Sum: 0.8]
      [Object Copy (ms): Min: 4.9, Avg: 4.9, Max: 4.9, Diff: 0.0, Sum: 9.7]
      [Termination (ms): Min: 0.0, Avg: 0.0, Max: 0.0, Diff: 0.0, Sum: 0.0]
      [GC Worker Other (ms): Min: 0.0, Avg: 0.1, Max: 0.1, Diff: 0.1, Sum: 0.1]
      [GC Worker Total (ms): Min: 6.5, Avg: 6.5, Max: 6.5, Diff: 0.1, Sum: 13.0]
      [GC Worker End (ms): Min: 48240.9, Avg: 48241.0, Max: 48241.0, Diff: 0.1]
   [Code Root Fixup: 0.0 ms]
   [Code Root Migration: 0.1 ms]
   [Clear CT: 0.5 ms]
   [Other: 1.0 ms]
      [Choose CSet: 0.0 ms]
      [Ref Proc: 0.1 ms]
      [Ref Enq: 0.0 ms]
      [Free CSet: 0.7 ms]
   [Eden: 482.0M(482.0M)->0.0B(529.0M) Survivors: 55.0M->8192.0K Heap: 640.3M(896.0M)->111.9M(896.0M)]
 [Times: user=0.03 sys=0.00, real=0.01 secs] 
2014-07-10T11:58:49.703+0200: 48.774: [GC pause (G1 Evacuation Pause) (young), 0.0341270 secs]
   [Parallel Time: 32.2 ms, GC Workers: 2]
      [GC Worker Start (ms): Min: 48774.4, Avg: 48774.4, Max: 48774.4, Diff: 0.0]
      [Ext Root Scanning (ms): Min: 0.3, Avg: 0.4, Max: 0.4, Diff: 0.0, Sum: 0.7]
      [Update RS (ms): Min: 0.1, Avg: 0.1, Max: 0.1, Diff: 0.0, Sum: 0.1]
         [Processed Buffers: Min: 2, Avg: 2.0, Max: 2, Diff: 0, Sum: 4]
      [Scan RS (ms): Min: 0.9, Avg: 1.0, Max: 1.0, Diff: 0.0, Sum: 1.9]
      [Code Root Scanning (ms): Min: 0.4, Avg: 0.4, Max: 0.4, Diff: 0.0, Sum: 0.8]
      [Object Copy (ms): Min: 30.3, Avg: 30.3, Max: 30.3, Diff: 0.0, Sum: 60.7]
      [Termination (ms): Min: 0.0, Avg: 0.0, Max: 0.0, Diff: 0.0, Sum: 0.0]
      [GC Worker Other (ms): Min: 0.0, Avg: 0.0, Max: 0.0, Diff: 0.0, Sum: 0.1]
      [GC Worker Total (ms): Min: 32.1, Avg: 32.1, Max: 32.2, Diff: 0.0, Sum: 64.3]
      [GC Worker End (ms): Min: 48806.6, Avg: 48806.6, Max: 48806.6, Diff: 0.0]
   [Code Root Fixup: 0.0 ms]
   [Code Root Migration: 0.1 ms]
   [Clear CT: 0.8 ms]
   [Other: 1.0 ms]
      [Choose CSet: 0.0 ms]
      [Ref Proc: 0.1 ms]
      [Ref Enq: 0.0 ms]
      [Free CSet: 0.8 ms]
   [Eden: 529.0M(529.0M)->0.0B(487.0M) Survivors: 8192.0K->50.0M Heap: 640.9M(896.0M)->153.2M(896.0M)]
 [Times: user=0.06 sys=0.00, real=0.03 secs] 
2014-07-10T11:58:50.144+0200: 49.215: [GC pause (G1 Evacuation Pause) (young), 0.0078377 secs]
   [Parallel Time: 6.4 ms, GC Workers: 2]
      [GC Worker Start (ms): Min: 49215.5, Avg: 49215.5, Max: 49215.5, Diff: 0.0]
      [Ext Root Scanning (ms): Min: 0.3, Avg: 0.3, Max: 0.3, Diff: 0.0, Sum: 0.7]
      [Update RS (ms): Min: 0.0, Avg: 0.1, Max: 0.1, Diff: 0.0, Sum: 0.1]
         [Processed Buffers: Min: 1, Avg: 1.5, Max: 2, Diff: 1, Sum: 3]
      [Scan RS (ms): Min: 0.8, Avg: 0.8, Max: 0.8, Diff: 0.0, Sum: 1.6]
      [Code Root Scanning (ms): Min: 0.3, Avg: 0.4, Max: 0.4, Diff: 0.0, Sum: 0.7]
      [Object Copy (ms): Min: 4.8, Avg: 4.8, Max: 4.8, Diff: 0.0, Sum: 9.6]
      [Termination (ms): Min: 0.0, Avg: 0.0, Max: 0.0, Diff: 0.0, Sum: 0.0]
      [GC Worker Other (ms): Min: 0.0, Avg: 0.0, Max: 0.0, Diff: 0.0, Sum: 0.1]
      [GC Worker Total (ms): Min: 6.4, Avg: 6.4, Max: 6.4, Diff: 0.0, Sum: 12.8]
      [GC Worker End (ms): Min: 49221.9, Avg: 49221.9, Max: 49221.9, Diff: 0.0]
   [Code Root Fixup: 0.0 ms]
   [Code Root Migration: 0.1 ms]
   [Clear CT: 0.4 ms]
   [Other: 0.9 ms]
      [Choose CSet: 0.0 ms]
      [Ref Proc: 0.0 ms]
      [Ref Enq: 0.0 ms]
      [Free CSet: 0.8 ms]
   [Eden: 487.0M(487.0M)->0.0B(529.0M) Survivors: 50.0M->8192.0K Heap: 640.2M(896.0M)->111.8M(896.0M)]
 [Times: user=0.03 sys=0.00, real=0.01 secs] 
2014-07-10T11:58:50.691+0200: 49.763: [GC pause (G1 Evacuation Pause) (young), 0.0331477 secs]
   [Parallel Time: 31.5 ms, GC Workers: 2]
      [GC Worker Start (ms): Min: 49763.0, Avg: 49763.0, Max: 49763.1, Diff: 0.0]
      [Ext Root Scanning (ms): Min: 0.4, Avg: 0.4, Max: 0.4, Diff: 0.0, Sum: 0.8]
      [Update RS (ms): Min: 0.0, Avg: 0.1, Max: 0.1, Diff: 0.0, Sum: 0.1]
         [Processed Buffers: Min: 1, Avg: 1.5, Max: 2, Diff: 1, Sum: 3]
      [Scan RS (ms): Min: 0.8, Avg: 0.8, Max: 0.8, Diff: 0.0, Sum: 1.6]
      [Code Root Scanning (ms): Min: 0.3, Avg: 0.3, Max: 0.3, Diff: 0.0, Sum: 0.7]
      [Object Copy (ms): Min: 29.8, Avg: 29.9, Max: 29.9, Diff: 0.0, Sum: 59.7]
      [Termination (ms): Min: 0.0, Avg: 0.0, Max: 0.0, Diff: 0.0, Sum: 0.0]
      [GC Worker Other (ms): Min: 0.0, Avg: 0.0, Max: 0.0, Diff: 0.0, Sum: 0.1]
      [GC Worker Total (ms): Min: 31.5, Avg: 31.5, Max: 31.5, Diff: 0.0, Sum: 63.0]
      [GC Worker End (ms): Min: 49794.5, Avg: 49794.5, Max: 49794.5, Diff: 0.0]
   [Code Root Fixup: 0.0 ms]
   [Code Root Migration: 0.1 ms]
   [Clear CT: 0.4 ms]
   [Other: 1.0 ms]
      [Choose CSet: 0.0 ms]
      [Ref Proc: 0.1 ms]
      [Ref Enq: 0.0 ms]
      [Free CSet: 0.8 ms]
   [Eden: 529.0M(529.0M)->0.0B(487.0M) Survivors: 8192.0K->50.0M Heap: 640.8M(896.0M)->154.2M(896.0M)]
 [Times: user=0.08 sys=0.00, real=0.03 secs] 
2014-07-10T11:58:51.140+0200: 50.212: [GC pause (G1 Evacuation Pause) (young), 0.0031237 secs]
   [Parallel Time: 1.9 ms, GC Workers: 2]
      [GC Worker Start (ms): Min: 50211.8, Avg: 50211.9, Max: 50211.9, Diff: 0.0]
      [Ext Root Scanning (ms): Min: 0.3, Avg: 0.3, Max: 0.3, Diff: 0.0, Sum: 0.6]
      [Update RS (ms): Min: 0.0, Avg: 0.1, Max: 0.1, Diff: 0.1, Sum: 0.1]
         [Processed Buffers: Min: 1, Avg: 1.5, Max: 2, Diff: 1, Sum: 3]
      [Scan RS (ms): Min: 0.7, Avg: 0.7, Max: 0.8, Diff: 0.0, Sum: 1.5]
      [Code Root Scanning (ms): Min: 0.3, Avg: 0.3, Max: 0.4, Diff: 0.0, Sum: 0.7]
      [Object Copy (ms): Min: 0.3, Avg: 0.3, Max: 0.3, Diff: 0.0, Sum: 0.7]
      [Termination (ms): Min: 0.0, Avg: 0.0, Max: 0.0, Diff: 0.0, Sum: 0.0]
      [GC Worker Other (ms): Min: 0.0, Avg: 0.0, Max: 0.0, Diff: 0.0, Sum: 0.1]
      [GC Worker Total (ms): Min: 1.8, Avg: 1.8, Max: 1.8, Diff: 0.0, Sum: 3.6]
      [GC Worker End (ms): Min: 50213.7, Avg: 50213.7, Max: 50213.7, Diff: 0.0]
   [Code Root Fixup: 0.0 ms]
   [Code Root Migration: 0.0 ms]
   [Clear CT: 0.3 ms]
   [Other: 0.9 ms]
      [Choose CSet: 0.0 ms]
      [Ref Proc: 0.1 ms]
      [Ref Enq: 0.0 ms]
      [Free CSet: 0.7 ms]
   [Eden: 487.0M(487.0M)->0.0B(536.0M) Survivors: 50.0M->1024.0K Heap: 641.2M(896.0M)->104.7M(896.0M)]
 [Times: user=0.00 sys=0.00, real=0.00 secs] 
2014-07-10T11:58:51.701+0200: 50.772: [GC pause (G1 Evacuation Pause) (young), 0.0401367 secs]
   [Parallel Time: 38.6 ms, GC Workers: 2]
      [GC Worker Start (ms): Min: 50772.5, Avg: 50772.5, Max: 50772.5, Diff: 0.0]
      [Ext Root Scanning (ms): Min: 0.4, Avg: 0.4, Max: 0.4, Diff: 0.0, Sum: 0.7]
      [Update RS (ms): Min: 0.0, Avg: 0.1, Max: 0.1, Diff: 0.0, Sum: 0.1]
         [Processed Buffers: Min: 1, Avg: 2.0, Max: 3, Diff: 2, Sum: 4]
      [Scan RS (ms): Min: 0.9, Avg: 0.9, Max: 0.9, Diff: 0.0, Sum: 1.8]
      [Code Root Scanning (ms): Min: 0.3, Avg: 0.4, Max: 0.4, Diff: 0.0, Sum: 0.7]
      [Object Copy (ms): Min: 36.9, Avg: 36.9, Max: 36.9, Diff: 0.0, Sum: 73.7]
      [Termination (ms): Min: 0.0, Avg: 0.0, Max: 0.0, Diff: 0.0, Sum: 0.0]
      [GC Worker Other (ms): Min: 0.0, Avg: 0.0, Max: 0.0, Diff: 0.0, Sum: 0.1]
      [GC Worker Total (ms): Min: 38.6, Avg: 38.6, Max: 38.6, Diff: 0.0, Sum: 77.2]
      [GC Worker End (ms): Min: 50811.1, Avg: 50811.1, Max: 50811.1, Diff: 0.0]
   [Code Root Fixup: 0.0 ms]
   [Code Root Migration: 0.1 ms]
   [Clear CT: 0.4 ms]
   [Other: 1.0 ms]
      [Choose CSet: 0.0 ms]
      [Ref Proc: 0.1 ms]
      [Ref Enq: 0.0 ms]
      [Free CSet: 0.8 ms]
   [Eden: 536.0M(536.0M)->0.0B(476.0M) Survivors: 1024.0K->61.0M Heap: 640.7M(896.0M)->165.2M(896.0M)]
 [Times: user=0.09 sys=0.00, real=0.04 secs] 
2014-07-10T11:58:52.148+0200: 51.220: [GC pause (G1 Evacuation Pause) (young), 0.0030661 secs]
   [Parallel Time: 1.8 ms, GC Workers: 2]
      [GC Worker Start (ms): Min: 51219.7, Avg: 51219.7, Max: 51219.7, Diff: 0.0]
      [Ext Root Scanning (ms): Min: 0.3, Avg: 0.3, Max: 0.3, Diff: 0.0, Sum: 0.6]
      [Update RS (ms): Min: 0.0, Avg: 0.0, Max: 0.1, Diff: 0.0, Sum: 0.1]
         [Processed Buffers: Min: 1, Avg: 1.5, Max: 2, Diff: 1, Sum: 3]
      [Scan RS (ms): Min: 0.8, Avg: 0.8, Max: 0.8, Diff: 0.0, Sum: 1.6]
      [Code Root Scanning (ms): Min: 0.3, Avg: 0.3, Max: 0.4, Diff: 0.0, Sum: 0.7]
      [Object Copy (ms): Min: 0.3, Avg: 0.3, Max: 0.3, Diff: 0.0, Sum: 0.6]
      [Termination (ms): Min: 0.0, Avg: 0.0, Max: 0.0, Diff: 0.0, Sum: 0.0]
      [GC Worker Other (ms): Min: 0.0, Avg: 0.0, Max: 0.0, Diff: 0.0, Sum: 0.1]
      [GC Worker Total (ms): Min: 1.8, Avg: 1.8, Max: 1.8, Diff: 0.0, Sum: 3.6]
      [GC Worker End (ms): Min: 51221.5, Avg: 51221.5, Max: 51221.5, Diff: 0.0]
   [Code Root Fixup: 0.0 ms]
   [Code Root Migration: 0.0 ms]
   [Clear CT: 0.4 ms]
   [Other: 0.8 ms]
      [Choose CSet: 0.0 ms]
      [Ref Proc: 0.0 ms]
      [Ref Enq: 0.0 ms]
      [Free CSet: 0.6 ms]
   [Eden: 476.0M(476.0M)->0.0B(536.0M) Survivors: 61.0M->1024.0K Heap: 641.2M(896.0M)->104.7M(896.0M)]
 [Times: user=0.00 sys=0.00, real=0.00 secs] 
2014-07-10T11:58:52.708+0200: 51.780: [GC pause (G1 Evacuation Pause) (young), 0.0386115 secs]
   [Parallel Time: 37.1 ms, GC Workers: 2]
      [GC Worker Start (ms): Min: 51780.4, Avg: 51780.4, Max: 51780.4, Diff: 0.0]
      [Ext Root Scanning (ms): Min: 0.3, Avg: 0.3, Max: 0.3, Diff: 0.0, Sum: 0.7]
      [Update RS (ms): Min: 0.1, Avg: 0.1, Max: 0.1, Diff: 0.0, Sum: 0.1]
         [Processed Buffers: Min: 1, Avg: 2.0, Max: 3, Diff: 2, Sum: 4]
      [Scan RS (ms): Min: 0.8, Avg: 0.9, Max: 0.9, Diff: 0.1, Sum: 1.7]
      [Code Root Scanning (ms): Min: 0.4, Avg: 0.5, Max: 0.5, Diff: 0.1, Sum: 0.9]
      [Object Copy (ms): Min: 35.3, Avg: 35.3, Max: 35.3, Diff: 0.0, Sum: 70.7]
      [Termination (ms): Min: 0.0, Avg: 0.0, Max: 0.0, Diff: 0.0, Sum: 0.0]
      [GC Worker Other (ms): Min: 0.0, Avg: 0.0, Max: 0.0, Diff: 0.0, Sum: 0.1]
      [GC Worker Total (ms): Min: 37.1, Avg: 37.1, Max: 37.1, Diff: 0.0, Sum: 74.2]
      [GC Worker End (ms): Min: 51817.5, Avg: 51817.5, Max: 51817.5, Diff: 0.0]
   [Code Root Fixup: 0.0 ms]
   [Code Root Migration: 0.1 ms]
   [Clear CT: 0.4 ms]
   [Other: 1.0 ms]
      [Choose CSet: 0.0 ms]
      [Ref Proc: 0.1 ms]
      [Ref Enq: 0.0 ms]
      [Free CSet: 0.8 ms]
   [Eden: 536.0M(536.0M)->0.0B(479.0M) Survivors: 1024.0K->58.0M Heap: 640.7M(896.0M)->162.1M(896.0M)]
 [Times: user=0.06 sys=0.00, real=0.04 secs] 
2014-07-10T11:58:53.145+0200: 52.217: [GC pause (G1 Evacuation Pause) (young), 0.0081321 secs]
   [Parallel Time: 6.6 ms, GC Workers: 2]
      [GC Worker Start (ms): Min: 52217.0, Avg: 52217.4, Max: 52217.8, Diff: 0.7]
      [Ext Root Scanning (ms): Min: 0.0, Avg: 0.3, Max: 0.5, Diff: 0.5, Sum: 0.5]
      [Update RS (ms): Min: 0.0, Avg: 0.0, Max: 0.1, Diff: 0.1, Sum: 0.1]
         [Processed Buffers: Min: 0, Avg: 1.5, Max: 3, Diff: 3, Sum: 3]
      [Scan RS (ms): Min: 0.7, Avg: 0.7, Max: 0.8, Diff: 0.1, Sum: 1.5]
      [Code Root Scanning (ms): Min: 0.3, Avg: 0.3, Max: 0.4, Diff: 0.1, Sum: 0.7]
      [Object Copy (ms): Min: 4.7, Avg: 4.7, Max: 4.7, Diff: 0.0, Sum: 9.5]
      [Termination (ms): Min: 0.0, Avg: 0.0, Max: 0.0, Diff: 0.0, Sum: 0.0]
      [GC Worker Other (ms): Min: 0.0, Avg: 0.0, Max: 0.1, Diff: 0.0, Sum: 0.1]
      [GC Worker Total (ms): Min: 5.8, Avg: 6.2, Max: 6.5, Diff: 0.8, Sum: 12.3]
      [GC Worker End (ms): Min: 52223.6, Avg: 52223.6, Max: 52223.6, Diff: 0.0]
   [Code Root Fixup: 0.0 ms]
   [Code Root Migration: 0.1 ms]
   [Clear CT: 0.4 ms]
   [Other: 1.0 ms]
      [Choose CSet: 0.0 ms]
      [Ref Proc: 0.0 ms]
      [Ref Enq: 0.0 ms]
      [Free CSet: 0.8 ms]
   [Eden: 479.0M(479.0M)->0.0B(528.0M) Survivors: 58.0M->9216.0K Heap: 641.1M(896.0M)->112.7M(896.0M)]
 [Times: user=0.00 sys=0.00, real=0.01 secs] 
2014-07-10T11:58:53.702+0200: 52.774: [GC pause (G1 Evacuation Pause) (young), 0.0390405 secs]
   [Parallel Time: 37.6 ms, GC Workers: 2]
      [GC Worker Start (ms): Min: 52773.7, Avg: 52787.8, Max: 52801.9, Diff: 28.2]
      [Ext Root Scanning (ms): Min: 0.0, Avg: 0.2, Max: 0.4, Diff: 0.4, Sum: 0.4]
      [Update RS (ms): Min: 0.0, Avg: 0.0, Max: 0.1, Diff: 0.1, Sum: 0.1]
         [Processed Buffers: Min: 0, Avg: 1.5, Max: 3, Diff: 3, Sum: 3]
      [Scan RS (ms): Min: 0.1, Avg: 0.9, Max: 1.7, Diff: 1.6, Sum: 1.8]
      [Code Root Scanning (ms): Min: 0.0, Avg: 0.4, Max: 0.7, Diff: 0.7, Sum: 0.7]
      [Object Copy (ms): Min: 8.6, Avg: 21.3, Max: 34.0, Diff: 25.4, Sum: 42.7]
      [Termination (ms): Min: 0.0, Avg: 0.0, Max: 0.0, Diff: 0.0, Sum: 0.0]
      [GC Worker Other (ms): Min: 0.0, Avg: 0.1, Max: 0.2, Diff: 0.2, Sum: 0.3]
      [GC Worker Total (ms): Min: 8.8, Avg: 23.0, Max: 37.2, Diff: 28.4, Sum: 46.0]
      [GC Worker End (ms): Min: 52810.7, Avg: 52810.8, Max: 52810.8, Diff: 0.2]
   [Code Root Fixup: 0.0 ms]
   [Code Root Migration: 0.1 ms]
   [Clear CT: 0.3 ms]
   [Other: 1.0 ms]
      [Choose CSet: 0.0 ms]
      [Ref Proc: 0.0 ms]
      [Ref Enq: 0.0 ms]
      [Free CSet: 0.8 ms]
   [Eden: 528.0M(528.0M)->0.0B(488.0M) Survivors: 9216.0K->49.0M Heap: 640.7M(896.0M)->153.1M(896.0M)]
 [Times: user=0.03 sys=0.02, real=0.04 secs] 
2014-07-10T11:58:54.141+0200: 53.213: [GC pause (G1 Evacuation Pause) (young), 0.0079598 secs]
   [Parallel Time: 6.5 ms, GC Workers: 2]
      [GC Worker Start (ms): Min: 53212.8, Avg: 53212.8, Max: 53212.8, Diff: 0.0]
      [Ext Root Scanning (ms): Min: 0.3, Avg: 0.3, Max: 0.3, Diff: 0.0, Sum: 0.7]
      [Update RS (ms): Min: 0.0, Avg: 0.0, Max: 0.1, Diff: 0.1, Sum: 0.1]
         [Processed Buffers: Min: 1, Avg: 1.0, Max: 1, Diff: 0, Sum: 2]
      [Scan RS (ms): Min: 0.8, Avg: 0.8, Max: 0.8, Diff: 0.1, Sum: 1.6]
      [Code Root Scanning (ms): Min: 0.3, Avg: 0.3, Max: 0.4, Diff: 0.0, Sum: 0.7]
      [Object Copy (ms): Min: 4.9, Avg: 4.9, Max: 4.9, Diff: 0.0, Sum: 9.7]
      [Termination (ms): Min: 0.0, Avg: 0.0, Max: 0.0, Diff: 0.0, Sum: 0.0]
      [GC Worker Other (ms): Min: 0.0, Avg: 0.0, Max: 0.0, Diff: 0.0, Sum: 0.1]
      [GC Worker Total (ms): Min: 6.4, Avg: 6.4, Max: 6.4, Diff: 0.0, Sum: 12.9]
      [GC Worker End (ms): Min: 53219.2, Avg: 53219.2, Max: 53219.2, Diff: 0.0]
   [Code Root Fixup: 0.0 ms]
   [Code Root Migration: 0.1 ms]
   [Clear CT: 0.5 ms]
   [Other: 0.9 ms]
      [Choose CSet: 0.0 ms]
      [Ref Proc: 0.1 ms]
      [Ref Enq: 0.0 ms]
      [Free CSet: 0.7 ms]
   [Eden: 488.0M(488.0M)->0.0B(529.0M) Survivors: 49.0M->8192.0K Heap: 641.1M(896.0M)->112.7M(896.0M)]
 [Times: user=0.00 sys=0.00, real=0.01 secs] 
2014-07-10T11:58:54.701+0200: 53.773: [GC pause (G1 Evacuation Pause) (young), 0.0380455 secs]
   [Parallel Time: 36.2 ms, GC Workers: 2]
      [GC Worker Start (ms): Min: 53772.9, Avg: 53772.9, Max: 53772.9, Diff: 0.0]
      [Ext Root Scanning (ms): Min: 0.7, Avg: 1.4, Max: 2.2, Diff: 1.5, Sum: 2.8]
      [Update RS (ms): Min: 0.0, Avg: 0.0, Max: 0.1, Diff: 0.1, Sum: 0.1]
         [Processed Buffers: Min: 0, Avg: 1.5, Max: 3, Diff: 3, Sum: 3]
      [Scan RS (ms): Min: 0.3, Avg: 0.8, Max: 1.3, Diff: 1.0, Sum: 1.6]
      [Code Root Scanning (ms): Min: 0.1, Avg: 0.3, Max: 0.5, Diff: 0.4, Sum: 0.7]
      [Object Copy (ms): Min: 33.6, Avg: 33.6, Max: 33.6, Diff: 0.0, Sum: 67.1]
      [Termination (ms): Min: 0.0, Avg: 0.0, Max: 0.0, Diff: 0.0, Sum: 0.0]
      [GC Worker Other (ms): Min: 0.0, Avg: 0.0, Max: 0.0, Diff: 0.0, Sum: 0.1]
      [GC Worker Total (ms): Min: 36.2, Avg: 36.2, Max: 36.2, Diff: 0.0, Sum: 72.4]
      [GC Worker End (ms): Min: 53809.2, Avg: 53809.2, Max: 53809.2, Diff: 0.0]
   [Code Root Fixup: 0.0 ms]
   [Code Root Migration: 0.1 ms]
   [Clear CT: 0.8 ms]
   [Other: 0.9 ms]
      [Choose CSet: 0.0 ms]
      [Ref Proc: 0.1 ms]
      [Ref Enq: 0.0 ms]
      [Free CSet: 0.7 ms]
   [Eden: 529.0M(529.0M)->0.0B(482.0M) Survivors: 8192.0K->55.0M Heap: 641.7M(896.0M)->159.1M(896.0M)]
 [Times: user=0.08 sys=0.00, real=0.04 secs] 
2014-07-10T11:58:55.154+0200: 54.226: [GC pause (G1 Evacuation Pause) (young), 0.0076141 secs]
   [Parallel Time: 6.2 ms, GC Workers: 2]
      [GC Worker Start (ms): Min: 54225.8, Avg: 54225.8, Max: 54225.8, Diff: 0.0]
      [Ext Root Scanning (ms): Min: 0.3, Avg: 0.3, Max: 0.3, Diff: 0.0, Sum: 0.6]
      [Update RS (ms): Min: 0.0, Avg: 0.0, Max: 0.1, Diff: 0.0, Sum: 0.1]
         [Processed Buffers: Min: 1, Avg: 1.0, Max: 1, Diff: 0, Sum: 2]
      [Scan RS (ms): Min: 0.7, Avg: 0.8, Max: 0.8, Diff: 0.0, Sum: 1.5]
      [Code Root Scanning (ms): Min: 0.3, Avg: 0.3, Max: 0.3, Diff: 0.0, Sum: 0.7]
      [Object Copy (ms): Min: 4.7, Avg: 4.7, Max: 4.7, Diff: 0.0, Sum: 9.3]
      [Termination (ms): Min: 0.0, Avg: 0.0, Max: 0.0, Diff: 0.0, Sum: 0.0]
      [GC Worker Other (ms): Min: 0.0, Avg: 0.0, Max: 0.0, Diff: 0.0, Sum: 0.1]
      [GC Worker Total (ms): Min: 6.1, Avg: 6.1, Max: 6.1, Diff: 0.0, Sum: 12.3]
      [GC Worker End (ms): Min: 54232.0, Avg: 54232.0, Max: 54232.0, Diff: 0.0]
   [Code Root Fixup: 0.0 ms]
   [Code Root Migration: 0.1 ms]
   [Clear CT: 0.4 ms]
   [Other: 1.0 ms]
      [Choose CSet: 0.0 ms]
      [Ref Proc: 0.1 ms]
      [Ref Enq: 0.0 ms]
      [Free CSet: 0.7 ms]
   [Eden: 482.0M(482.0M)->0.0B(529.0M) Survivors: 55.0M->8192.0K Heap: 641.1M(896.0M)->112.7M(896.0M)]
 [Times: user=0.00 sys=0.00, real=0.01 secs] 
2014-07-10T11:58:55.704+0200: 54.776: [GC pause (G1 Evacuation Pause) (young), 0.0335492 secs]
   [Parallel Time: 32.0 ms, GC Workers: 2]
      [GC Worker Start (ms): Min: 54776.5, Avg: 54776.7, Max: 54776.8, Diff: 0.4]
      [Ext Root Scanning (ms): Min: 0.1, Avg: 0.3, Max: 0.5, Diff: 0.3, Sum: 0.6]
      [Update RS (ms): Min: 0.0, Avg: 0.0, Max: 0.1, Diff: 0.0, Sum: 0.1]
         [Processed Buffers: Min: 1, Avg: 1.5, Max: 2, Diff: 1, Sum: 3]
      [Scan RS (ms): Min: 0.9, Avg: 0.9, Max: 0.9, Diff: 0.0, Sum: 1.7]
      [Code Root Scanning (ms): Min: 0.4, Avg: 0.4, Max: 0.4, Diff: 0.0, Sum: 0.7]
      [Object Copy (ms): Min: 30.1, Avg: 30.1, Max: 30.1, Diff: 0.0, Sum: 60.2]
      [Termination (ms): Min: 0.0, Avg: 0.0, Max: 0.0, Diff: 0.0, Sum: 0.0]
      [GC Worker Other (ms): Min: 0.0, Avg: 0.0, Max: 0.1, Diff: 0.0, Sum: 0.1]
      [GC Worker Total (ms): Min: 31.6, Avg: 31.8, Max: 31.9, Diff: 0.4, Sum: 63.5]
      [GC Worker End (ms): Min: 54808.4, Avg: 54808.4, Max: 54808.4, Diff: 0.0]
   [Code Root Fixup: 0.0 ms]
   [Code Root Migration: 0.1 ms]
   [Clear CT: 0.4 ms]
   [Other: 1.1 ms]
      [Choose CSet: 0.0 ms]
      [Ref Proc: 0.2 ms]
      [Ref Enq: 0.0 ms]
      [Free CSet: 0.7 ms]
   [Eden: 529.0M(529.0M)->0.0B(487.0M) Survivors: 8192.0K->50.0M Heap: 641.7M(896.0M)->154.0M(896.0M)]
 [Times: user=0.06 sys=0.00, real=0.03 secs] 
2014-07-10T11:58:56.150+0200: 55.221: [GC pause (G1 Evacuation Pause) (young), 0.0077791 secs]
   [Parallel Time: 6.1 ms, GC Workers: 2]
      [GC Worker Start (ms): Min: 55221.2, Avg: 55221.2, Max: 55221.2, Diff: 0.0]
      [Ext Root Scanning (ms): Min: 0.3, Avg: 0.3, Max: 0.3, Diff: 0.0, Sum: 0.6]
      [Update RS (ms): Min: 0.1, Avg: 0.1, Max: 0.1, Diff: 0.0, Sum: 0.1]
         [Processed Buffers: Min: 1, Avg: 1.5, Max: 2, Diff: 1, Sum: 3]
      [Scan RS (ms): Min: 0.7, Avg: 0.8, Max: 0.8, Diff: 0.0, Sum: 1.5]
      [Code Root Scanning (ms): Min: 0.4, Avg: 0.4, Max: 0.4, Diff: 0.0, Sum: 0.7]
      [Object Copy (ms): Min: 4.5, Avg: 4.5, Max: 4.5, Diff: 0.0, Sum: 9.1]
      [Termination (ms): Min: 0.0, Avg: 0.0, Max: 0.0, Diff: 0.0, Sum: 0.0]
      [GC Worker Other (ms): Min: 0.0, Avg: 0.1, Max: 0.1, Diff: 0.0, Sum: 0.1]
      [GC Worker Total (ms): Min: 6.0, Avg: 6.1, Max: 6.1, Diff: 0.0, Sum: 12.1]
      [GC Worker End (ms): Min: 55227.2, Avg: 55227.2, Max: 55227.2, Diff: 0.0]
   [Code Root Fixup: 0.0 ms]
   [Code Root Migration: 0.1 ms]
   [Clear CT: 0.4 ms]
   [Other: 1.1 ms]
      [Choose CSet: 0.0 ms]
      [Ref Proc: 0.1 ms]
      [Ref Enq: 0.0 ms]
      [Free CSet: 0.9 ms]
   [Eden: 487.0M(487.0M)->0.0B(529.0M) Survivors: 50.0M->8192.0K Heap: 641.0M(896.0M)->112.6M(896.0M)]
 [Times: user=0.03 sys=0.00, real=0.01 secs] 
2014-07-10T11:58:56.700+0200: 55.771: [GC pause (G1 Evacuation Pause) (young), 0.0341035 secs]
   [Parallel Time: 32.6 ms, GC Workers: 2]
      [GC Worker Start (ms): Min: 55770.8, Avg: 55770.8, Max: 55770.8, Diff: 0.0]
      [Ext Root Scanning (ms): Min: 0.4, Avg: 0.4, Max: 0.4, Diff: 0.0, Sum: 0.7]
      [Update RS (ms): Min: 0.1, Avg: 0.1, Max: 0.1, Diff: 0.0, Sum: 0.1]
         [Processed Buffers: Min: 2, Avg: 2.0, Max: 2, Diff: 0, Sum: 4]
      [Scan RS (ms): Min: 0.9, Avg: 1.0, Max: 1.0, Diff: 0.0, Sum: 1.9]
      [Code Root Scanning (ms): Min: 0.4, Avg: 0.4, Max: 0.4, Diff: 0.0, Sum: 0.7]
      [Object Copy (ms): Min: 30.6, Avg: 30.6, Max: 30.7, Diff: 0.0, Sum: 61.3]
      [Termination (ms): Min: 0.0, Avg: 0.0, Max: 0.0, Diff: 0.0, Sum: 0.0]
      [GC Worker Other (ms): Min: 0.0, Avg: 0.1, Max: 0.1, Diff: 0.1, Sum: 0.2]
      [GC Worker Total (ms): Min: 32.5, Avg: 32.5, Max: 32.5, Diff: 0.1, Sum: 65.0]
      [GC Worker End (ms): Min: 55803.2, Avg: 55803.3, Max: 55803.3, Diff: 0.1]
   [Code Root Fixup: 0.0 ms]
   [Code Root Migration: 0.1 ms]
   [Clear CT: 0.4 ms]
   [Other: 1.1 ms]
      [Choose CSet: 0.0 ms]
      [Ref Proc: 0.1 ms]
      [Ref Enq: 0.0 ms]
      [Free CSet: 0.8 ms]
   [Eden: 529.0M(529.0M)->0.0B(487.0M) Survivors: 8192.0K->50.0M Heap: 641.6M(896.0M)->155.0M(896.0M)]
 [Times: user=0.06 sys=0.00, real=0.03 secs] 
2014-07-10T11:58:57.152+0200: 56.223: [GC pause (G1 Evacuation Pause) (young), 0.0031636 secs]
   [Parallel Time: 2.0 ms, GC Workers: 2]
      [GC Worker Start (ms): Min: 56223.2, Avg: 56223.2, Max: 56223.2, Diff: 0.0]
      [Ext Root Scanning (ms): Min: 0.3, Avg: 0.3, Max: 0.3, Diff: 0.0, Sum: 0.7]
      [Update RS (ms): Min: 0.0, Avg: 0.0, Max: 0.1, Diff: 0.0, Sum: 0.1]
         [Processed Buffers: Min: 1, Avg: 1.5, Max: 2, Diff: 1, Sum: 3]
      [Scan RS (ms): Min: 0.9, Avg: 0.9, Max: 1.0, Diff: 0.1, Sum: 1.9]
      [Code Root Scanning (ms): Min: 0.3, Avg: 0.3, Max: 0.4, Diff: 0.1, Sum: 0.7]
      [Object Copy (ms): Min: 0.3, Avg: 0.3, Max: 0.3, Diff: 0.0, Sum: 0.5]
      [Termination (ms): Min: 0.0, Avg: 0.0, Max: 0.0, Diff: 0.0, Sum: 0.0]
      [GC Worker Other (ms): Min: 0.0, Avg: 0.0, Max: 0.0, Diff: 0.0, Sum: 0.1]
      [GC Worker Total (ms): Min: 1.9, Avg: 2.0, Max: 2.0, Diff: 0.0, Sum: 3.9]
      [GC Worker End (ms): Min: 56225.2, Avg: 56225.2, Max: 56225.2, Diff: 0.0]
   [Code Root Fixup: 0.0 ms]
   [Code Root Migration: 0.0 ms]
   [Clear CT: 0.3 ms]
   [Other: 0.8 ms]
      [Choose CSet: 0.0 ms]
      [Ref Proc: 0.1 ms]
      [Ref Enq: 0.0 ms]
      [Free CSet: 0.6 ms]
   [Eden: 487.0M(487.0M)->0.0B(536.0M) Survivors: 50.0M->1024.0K Heap: 642.0M(896.0M)->105.5M(896.0M)]
 [Times: user=0.00 sys=0.00, real=0.00 secs] 
2014-07-10T11:58:57.714+0200: 56.785: [GC pause (G1 Evacuation Pause) (young), 0.0408663 secs]
   [Parallel Time: 39.3 ms, GC Workers: 2]
      [GC Worker Start (ms): Min: 56784.9, Avg: 56784.9, Max: 56784.9, Diff: 0.0]
      [Ext Root Scanning (ms): Min: 0.4, Avg: 0.4, Max: 0.4, Diff: 0.1, Sum: 0.8]
      [Update RS (ms): Min: 0.0, Avg: 0.1, Max: 0.1, Diff: 0.1, Sum: 0.1]
         [Processed Buffers: Min: 1, Avg: 2.0, Max: 3, Diff: 2, Sum: 4]
      [Scan RS (ms): Min: 0.9, Avg: 0.9, Max: 0.9, Diff: 0.0, Sum: 1.8]
      [Code Root Scanning (ms): Min: 0.4, Avg: 0.4, Max: 0.4, Diff: 0.0, Sum: 0.7]
      [Object Copy (ms): Min: 37.5, Avg: 37.5, Max: 37.5, Diff: 0.0, Sum: 74.9]
      [Termination (ms): Min: 0.0, Avg: 0.0, Max: 0.0, Diff: 0.0, Sum: 0.0]
      [GC Worker Other (ms): Min: 0.0, Avg: 0.0, Max: 0.0, Diff: 0.0, Sum: 0.1]
      [GC Worker Total (ms): Min: 39.2, Avg: 39.3, Max: 39.3, Diff: 0.0, Sum: 78.5]
      [GC Worker End (ms): Min: 56824.1, Avg: 56824.1, Max: 56824.1, Diff: 0.0]
   [Code Root Fixup: 0.0 ms]
   [Code Root Migration: 0.1 ms]
   [Clear CT: 0.4 ms]
   [Other: 1.1 ms]
      [Choose CSet: 0.0 ms]
      [Ref Proc: 0.1 ms]
      [Ref Enq: 0.0 ms]
      [Free CSet: 0.8 ms]
   [Eden: 536.0M(536.0M)->0.0B(476.0M) Survivors: 1024.0K->61.0M Heap: 641.5M(896.0M)->166.0M(896.0M)]
 [Times: user=0.06 sys=0.00, real=0.04 secs] 
2014-07-10T11:58:58.142+0200: 57.213: [GC pause (G1 Evacuation Pause) (young), 0.0031456 secs]
   [Parallel Time: 1.8 ms, GC Workers: 2]
      [GC Worker Start (ms): Min: 57213.1, Avg: 57213.1, Max: 57213.1, Diff: 0.0]
      [Ext Root Scanning (ms): Min: 0.3, Avg: 0.3, Max: 0.3, Diff: 0.0, Sum: 0.7]
      [Update RS (ms): Min: 0.0, Avg: 0.0, Max: 0.1, Diff: 0.0, Sum: 0.1]
         [Processed Buffers: Min: 1, Avg: 1.5, Max: 2, Diff: 1, Sum: 3]
      [Scan RS (ms): Min: 0.8, Avg: 0.8, Max: 0.8, Diff: 0.0, Sum: 1.6]
      [Code Root Scanning (ms): Min: 0.3, Avg: 0.3, Max: 0.3, Diff: 0.0, Sum: 0.7]
      [Object Copy (ms): Min: 0.3, Avg: 0.3, Max: 0.3, Diff: 0.0, Sum: 0.5]
      [Termination (ms): Min: 0.0, Avg: 0.0, Max: 0.0, Diff: 0.0, Sum: 0.0]
      [GC Worker Other (ms): Min: 0.0, Avg: 0.0, Max: 0.0, Diff: 0.0, Sum: 0.1]
      [GC Worker Total (ms): Min: 1.8, Avg: 1.8, Max: 1.8, Diff: 0.0, Sum: 3.6]
      [GC Worker End (ms): Min: 57215.0, Avg: 57215.0, Max: 57215.0, Diff: 0.0]
   [Code Root Fixup: 0.0 ms]
   [Code Root Migration: 0.0 ms]
   [Clear CT: 0.4 ms]
   [Other: 0.9 ms]
      [Choose CSet: 0.0 ms]
      [Ref Proc: 0.1 ms]
      [Ref Enq: 0.0 ms]
      [Free CSet: 0.7 ms]
   [Eden: 476.0M(476.0M)->0.0B(536.0M) Survivors: 61.0M->1024.0K Heap: 642.0M(896.0M)->105.5M(896.0M)]
 [Times: user=0.00 sys=0.00, real=0.00 secs] 
2014-07-10T11:58:58.700+0200: 57.771: [GC pause (G1 Evacuation Pause) (young), 0.0398804 secs]
   [Parallel Time: 38.5 ms, GC Workers: 2]
      [GC Worker Start (ms): Min: 57771.0, Avg: 57771.0, Max: 57771.0, Diff: 0.0]
      [Ext Root Scanning (ms): Min: 0.3, Avg: 0.3, Max: 0.3, Diff: 0.0, Sum: 0.6]
      [Update RS (ms): Min: 0.0, Avg: 0.1, Max: 0.1, Diff: 0.0, Sum: 0.1]
         [Processed Buffers: Min: 2, Avg: 2.0, Max: 2, Diff: 0, Sum: 4]
      [Scan RS (ms): Min: 0.8, Avg: 0.8, Max: 0.8, Diff: 0.0, Sum: 1.5]
      [Code Root Scanning (ms): Min: 0.3, Avg: 0.3, Max: 0.3, Diff: 0.0, Sum: 0.7]
      [Object Copy (ms): Min: 36.1, Avg: 36.2, Max: 36.3, Diff: 0.2, Sum: 72.3]
      [Termination (ms): Min: 0.0, Avg: 0.4, Max: 0.9, Diff: 0.9, Sum: 0.9]
      [GC Worker Other (ms): Min: 0.0, Avg: 0.0, Max: 0.0, Diff: 0.0, Sum: 0.1]
      [GC Worker Total (ms): Min: 37.8, Avg: 38.1, Max: 38.4, Diff: 0.7, Sum: 76.2]
      [GC Worker End (ms): Min: 57808.7, Avg: 57809.1, Max: 57809.4, Diff: 0.7]
   [Code Root Fixup: 0.0 ms]
   [Code Root Migration: 0.1 ms]
   [Clear CT: 0.3 ms]
   [Other: 1.0 ms]
      [Choose CSet: 0.0 ms]
      [Ref Proc: 0.1 ms]
      [Ref Enq: 0.0 ms]
      [Free CSet: 0.7 ms]
   [Eden: 536.0M(536.0M)->0.0B(479.0M) Survivors: 1024.0K->58.0M Heap: 641.5M(896.0M)->163.0M(896.0M)]
 [Times: user=0.06 sys=0.00, real=0.04 secs] 
2014-07-10T11:58:59.147+0200: 58.218: [GC pause (G1 Evacuation Pause) (young), 0.0105379 secs]
   [Parallel Time: 6.8 ms, GC Workers: 2]
      [GC Worker Start (ms): Min: 58218.2, Avg: 58218.2, Max: 58218.2, Diff: 0.0]
      [Ext Root Scanning (ms): Min: 0.3, Avg: 0.3, Max: 0.3, Diff: 0.0, Sum: 0.6]
      [Update RS (ms): Min: 0.0, Avg: 0.0, Max: 0.1, Diff: 0.0, Sum: 0.1]
         [Processed Buffers: Min: 1, Avg: 1.5, Max: 2, Diff: 1, Sum: 3]
      [Scan RS (ms): Min: 0.9, Avg: 1.0, Max: 1.1, Diff: 0.1, Sum: 2.0]
      [Code Root Scanning (ms): Min: 0.4, Avg: 0.4, Max: 0.4, Diff: 0.0, Sum: 0.7]
      [Object Copy (ms): Min: 4.9, Avg: 4.9, Max: 5.0, Diff: 0.1, Sum: 9.8]
      [Termination (ms): Min: 0.0, Avg: 0.0, Max: 0.0, Diff: 0.0, Sum: 0.0]
      [GC Worker Other (ms): Min: 0.0, Avg: 0.1, Max: 0.1, Diff: 0.1, Sum: 0.1]
      [GC Worker Total (ms): Min: 6.7, Avg: 6.7, Max: 6.7, Diff: 0.1, Sum: 13.4]
      [GC Worker End (ms): Min: 58224.8, Avg: 58224.8, Max: 58224.9, Diff: 0.1]
   [Code Root Fixup: 0.0 ms]
   [Code Root Migration: 0.1 ms]
   [Clear CT: 0.3 ms]
   [Other: 3.3 ms]
      [Choose CSet: 0.0 ms]
      [Ref Proc: 2.3 ms]
      [Ref Enq: 0.0 ms]
      [Free CSet: 0.9 ms]
   [Eden: 479.0M(479.0M)->0.0B(528.0M) Survivors: 58.0M->9216.0K Heap: 642.0M(896.0M)->113.6M(896.0M)]
 [Times: user=0.02 sys=0.00, real=0.01 secs] 
2014-07-10T11:58:59.710+0200: 58.781: [GC pause (G1 Evacuation Pause) (young), 0.0352170 secs]
   [Parallel Time: 33.5 ms, GC Workers: 2]
      [GC Worker Start (ms): Min: 58781.6, Avg: 58781.6, Max: 58781.6, Diff: 0.0]
      [Ext Root Scanning (ms): Min: 0.6, Avg: 0.6, Max: 0.7, Diff: 0.0, Sum: 1.3]
      [Update RS (ms): Min: 0.1, Avg: 0.2, Max: 0.2, Diff: 0.0, Sum: 0.3]
         [Processed Buffers: Min: 1, Avg: 2.0, Max: 3, Diff: 2, Sum: 4]
      [Scan RS (ms): Min: 1.4, Avg: 1.4, Max: 1.4, Diff: 0.0, Sum: 2.7]
      [Code Root Scanning (ms): Min: 0.4, Avg: 0.5, Max: 0.5, Diff: 0.1, Sum: 0.9]
      [Object Copy (ms): Min: 30.7, Avg: 30.7, Max: 30.7, Diff: 0.0, Sum: 61.5]
      [Termination (ms): Min: 0.0, Avg: 0.0, Max: 0.0, Diff: 0.0, Sum: 0.0]
      [GC Worker Other (ms): Min: 0.0, Avg: 0.0, Max: 0.0, Diff: 0.0, Sum: 0.1]
      [GC Worker Total (ms): Min: 33.4, Avg: 33.4, Max: 33.4, Diff: 0.0, Sum: 66.8]
      [GC Worker End (ms): Min: 58815.0, Avg: 58815.0, Max: 58815.0, Diff: 0.0]
   [Code Root Fixup: 0.0 ms]
   [Code Root Migration: 0.1 ms]
   [Clear CT: 0.4 ms]
   [Other: 1.2 ms]
      [Choose CSet: 0.0 ms]
      [Ref Proc: 0.3 ms]
      [Ref Enq: 0.0 ms]
      [Free CSet: 0.7 ms]
   [Eden: 528.0M(528.0M)->0.0B(488.0M) Survivors: 9216.0K->49.0M Heap: 641.6M(896.0M)->153.9M(896.0M)]
 [Times: user=0.05 sys=0.00, real=0.04 secs] 
2014-07-10T11:59:00.154+0200: 59.225: [GC pause (G1 Evacuation Pause) (young), 0.0080159 secs]
   [Parallel Time: 6.7 ms, GC Workers: 2]
      [GC Worker Start (ms): Min: 59225.4, Avg: 59225.4, Max: 59225.4, Diff: 0.0]
      [Ext Root Scanning (ms): Min: 0.3, Avg: 0.3, Max: 0.3, Diff: 0.0, Sum: 0.7]
      [Update RS (ms): Min: 0.1, Avg: 0.1, Max: 0.1, Diff: 0.0, Sum: 0.1]
         [Processed Buffers: Min: 1, Avg: 1.5, Max: 2, Diff: 1, Sum: 3]
      [Scan RS (ms): Min: 1.0, Avg: 1.0, Max: 1.0, Diff: 0.1, Sum: 2.0]
      [Code Root Scanning (ms): Min: 0.3, Avg: 0.4, Max: 0.4, Diff: 0.1, Sum: 0.7]
      [Object Copy (ms): Min: 4.9, Avg: 4.9, Max: 4.9, Diff: 0.0, Sum: 9.7]
      [Termination (ms): Min: 0.0, Avg: 0.0, Max: 0.0, Diff: 0.0, Sum: 0.0]
      [GC Worker Other (ms): Min: 0.0, Avg: 0.0, Max: 0.0, Diff: 0.0, Sum: 0.1]
      [GC Worker Total (ms): Min: 6.6, Avg: 6.6, Max: 6.6, Diff: 0.0, Sum: 13.3]
      [GC Worker End (ms): Min: 59232.1, Avg: 59232.1, Max: 59232.1, Diff: 0.0]
   [Code Root Fixup: 0.0 ms]
   [Code Root Migration: 0.1 ms]
   [Clear CT: 0.4 ms]
   [Other: 0.9 ms]
      [Choose CSet: 0.0 ms]
      [Ref Proc: 0.1 ms]
      [Ref Enq: 0.0 ms]
      [Free CSet: 0.7 ms]
   [Eden: 488.0M(488.0M)->0.0B(529.0M) Survivors: 49.0M->8192.0K Heap: 641.9M(896.0M)->113.5M(896.0M)]
 [Times: user=0.00 sys=0.00, real=0.01 secs] 
2014-07-10T11:59:00.710+0200: 59.781: [GC pause (G1 Evacuation Pause) (young), 0.0379018 secs]
   [Parallel Time: 35.6 ms, GC Workers: 2]
      [GC Worker Start (ms): Min: 59781.3, Avg: 59781.3, Max: 59781.3, Diff: 0.0]
      [Ext Root Scanning (ms): Min: 0.3, Avg: 0.4, Max: 0.4, Diff: 0.0, Sum: 0.7]
      [Update RS (ms): Min: 0.0, Avg: 0.1, Max: 0.1, Diff: 0.0, Sum: 0.1]
         [Processed Buffers: Min: 1, Avg: 1.5, Max: 2, Diff: 1, Sum: 3]
      [Scan RS (ms): Min: 0.9, Avg: 0.9, Max: 1.0, Diff: 0.0, Sum: 1.9]
      [Code Root Scanning (ms): Min: 0.4, Avg: 0.4, Max: 0.4, Diff: 0.0, Sum: 0.7]
      [Object Copy (ms): Min: 33.8, Avg: 33.8, Max: 33.8, Diff: 0.0, Sum: 67.5]
      [Termination (ms): Min: 0.0, Avg: 0.0, Max: 0.0, Diff: 0.0, Sum: 0.0]
      [GC Worker Other (ms): Min: 0.0, Avg: 0.0, Max: 0.1, Diff: 0.0, Sum: 0.1]
      [GC Worker Total (ms): Min: 35.5, Avg: 35.6, Max: 35.6, Diff: 0.0, Sum: 71.1]
      [GC Worker End (ms): Min: 59816.8, Avg: 59816.8, Max: 59816.8, Diff: 0.0]
   [Code Root Fixup: 0.0 ms]
   [Code Root Migration: 0.1 ms]
   [Clear CT: 0.3 ms]
   [Other: 1.8 ms]
      [Choose CSet: 0.0 ms]
      [Ref Proc: 0.9 ms]
      [Ref Enq: 0.0 ms]
      [Free CSet: 0.8 ms]
   [Eden: 529.0M(529.0M)->0.0B(482.0M) Survivors: 8192.0K->55.0M Heap: 642.5M(896.0M)->159.9M(896.0M)]
 [Times: user=0.06 sys=0.00, real=0.04 secs] 
2014-07-10T11:59:01.148+0200: 60.220: [GC pause (G1 Evacuation Pause) (young), 0.0079576 secs]
   [Parallel Time: 6.5 ms, GC Workers: 2]
      [GC Worker Start (ms): Min: 60219.8, Avg: 60219.8, Max: 60219.8, Diff: 0.0]
      [Ext Root Scanning (ms): Min: 0.3, Avg: 0.3, Max: 0.3, Diff: 0.0, Sum: 0.6]
      [Update RS (ms): Min: 0.0, Avg: 0.0, Max: 0.0, Diff: 0.0, Sum: 0.1]
         [Processed Buffers: Min: 1, Avg: 1.5, Max: 2, Diff: 1, Sum: 3]
      [Scan RS (ms): Min: 0.9, Avg: 0.9, Max: 0.9, Diff: 0.1, Sum: 1.8]
      [Code Root Scanning (ms): Min: 0.3, Avg: 0.4, Max: 0.4, Diff: 0.0, Sum: 0.7]
      [Object Copy (ms): Min: 4.8, Avg: 4.8, Max: 4.8, Diff: 0.0, Sum: 9.6]
      [Termination (ms): Min: 0.0, Avg: 0.0, Max: 0.0, Diff: 0.0, Sum: 0.0]
      [GC Worker Other (ms): Min: 0.0, Avg: 0.0, Max: 0.0, Diff: 0.0, Sum: 0.1]
      [GC Worker Total (ms): Min: 6.4, Avg: 6.4, Max: 6.5, Diff: 0.0, Sum: 12.9]
      [GC Worker End (ms): Min: 60226.2, Avg: 60226.2, Max: 60226.2, Diff: 0.0]
   [Code Root Fixup: 0.0 ms]
   [Code Root Migration: 0.1 ms]
   [Clear CT: 0.5 ms]
   [Other: 0.8 ms]
      [Choose CSet: 0.0 ms]
      [Ref Proc: 0.1 ms]
      [Ref Enq: 0.0 ms]
      [Free CSet: 0.6 ms]
   [Eden: 482.0M(482.0M)->0.0B(529.0M) Survivors: 55.0M->8192.0K Heap: 641.9M(896.0M)->113.5M(896.0M)]
 [Times: user=0.00 sys=0.00, real=0.01 secs] 
2014-07-10T11:59:01.711+0200: 60.783: [GC pause (G1 Evacuation Pause) (young), 0.0377987 secs]
   [Parallel Time: 36.1 ms, GC Workers: 2]
      [GC Worker Start (ms): Min: 60782.7, Avg: 60782.7, Max: 60782.7, Diff: 0.0]
      [Ext Root Scanning (ms): Min: 0.5, Avg: 0.6, Max: 0.6, Diff: 0.0, Sum: 1.1]
      [Update RS (ms): Min: 0.1, Avg: 0.1, Max: 0.1, Diff: 0.0, Sum: 0.2]
         [Processed Buffers: Min: 1, Avg: 2.0, Max: 3, Diff: 2, Sum: 4]
      [Scan RS (ms): Min: 1.4, Avg: 1.4, Max: 1.4, Diff: 0.0, Sum: 2.9]
      [Code Root Scanning (ms): Min: 0.5, Avg: 0.5, Max: 0.5, Diff: 0.0, Sum: 1.0]
      [Object Copy (ms): Min: 33.4, Avg: 33.4, Max: 33.4, Diff: 0.0, Sum: 66.8]
      [Termination (ms): Min: 0.0, Avg: 0.0, Max: 0.0, Diff: 0.0, Sum: 0.0]
      [GC Worker Other (ms): Min: 0.0, Avg: 0.0, Max: 0.0, Diff: 0.0, Sum: 0.1]
      [GC Worker Total (ms): Min: 36.0, Avg: 36.1, Max: 36.1, Diff: 0.0, Sum: 72.1]
      [GC Worker End (ms): Min: 60818.8, Avg: 60818.8, Max: 60818.8, Diff: 0.0]
   [Code Root Fixup: 0.0 ms]
   [Code Root Migration: 0.1 ms]
   [Clear CT: 0.4 ms]
   [Other: 1.2 ms]
      [Choose CSet: 0.0 ms]
      [Ref Proc: 0.1 ms]
      [Ref Enq: 0.0 ms]
      [Free CSet: 0.8 ms]
   [Eden: 529.0M(529.0M)->0.0B(487.0M) Survivors: 8192.0K->50.0M Heap: 642.5M(896.0M)->154.8M(896.0M)]
 [Times: user=0.05 sys=0.00, real=0.04 secs] 
2014-07-10T11:59:02.158+0200: 61.229: [GC pause (G1 Evacuation Pause) (young), 0.0078861 secs]
   [Parallel Time: 6.4 ms, GC Workers: 2]
      [GC Worker Start (ms): Min: 61229.3, Avg: 61229.3, Max: 61229.3, Diff: 0.0]
      [Ext Root Scanning (ms): Min: 0.3, Avg: 0.3, Max: 0.3, Diff: 0.0, Sum: 0.6]
      [Update RS (ms): Min: 0.0, Avg: 0.1, Max: 0.1, Diff: 0.0, Sum: 0.1]
         [Processed Buffers: Min: 1, Avg: 1.5, Max: 2, Diff: 1, Sum: 3]
      [Scan RS (ms): Min: 0.8, Avg: 0.8, Max: 0.8, Diff: 0.0, Sum: 1.6]
      [Code Root Scanning (ms): Min: 0.3, Avg: 0.3, Max: 0.4, Diff: 0.0, Sum: 0.7]
      [Object Copy (ms): Min: 4.6, Avg: 4.7, Max: 4.8, Diff: 0.2, Sum: 9.3]
      [Termination (ms): Min: 0.0, Avg: 0.0, Max: 0.0, Diff: 0.0, Sum: 0.0]
      [GC Worker Other (ms): Min: 0.0, Avg: 0.1, Max: 0.2, Diff: 0.2, Sum: 0.3]
      [GC Worker Total (ms): Min: 6.3, Avg: 6.3, Max: 6.3, Diff: 0.0, Sum: 12.7]
      [GC Worker End (ms): Min: 61235.6, Avg: 61235.6, Max: 61235.6, Diff: 0.0]
   [Code Root Fixup: 0.0 ms]
   [Code Root Migration: 0.1 ms]
   [Clear CT: 0.4 ms]
   [Other: 1.0 ms]
      [Choose CSet: 0.0 ms]
      [Ref Proc: 0.1 ms]
      [Ref Enq: 0.0 ms]
      [Free CSet: 0.8 ms]
   [Eden: 487.0M(487.0M)->0.0B(529.0M) Survivors: 50.0M->8192.0K Heap: 641.8M(896.0M)->113.4M(896.0M)]
 [Times: user=0.02 sys=0.02, real=0.01 secs] 
2014-07-10T11:59:02.692+0200: 61.764: [GC pause (G1 Evacuation Pause) (young), 0.0333376 secs]
   [Parallel Time: 31.9 ms, GC Workers: 2]
      [GC Worker Start (ms): Min: 61763.6, Avg: 61763.6, Max: 61763.6, Diff: 0.0]
      [Ext Root Scanning (ms): Min: 0.3, Avg: 0.3, Max: 0.3, Diff: 0.0, Sum: 0.6]
      [Update RS (ms): Min: 0.0, Avg: 0.0, Max: 0.1, Diff: 0.0, Sum: 0.1]
         [Processed Buffers: Min: 1, Avg: 1.5, Max: 2, Diff: 1, Sum: 3]
      [Scan RS (ms): Min: 0.8, Avg: 0.8, Max: 0.8, Diff: 0.0, Sum: 1.6]
      [Code Root Scanning (ms): Min: 0.4, Avg: 0.4, Max: 0.4, Diff: 0.0, Sum: 0.7]
      [Object Copy (ms): Min: 30.2, Avg: 30.2, Max: 30.2, Diff: 0.0, Sum: 60.4]
      [Termination (ms): Min: 0.0, Avg: 0.0, Max: 0.0, Diff: 0.0, Sum: 0.0]
      [GC Worker Other (ms): Min: 0.0, Avg: 0.1, Max: 0.1, Diff: 0.1, Sum: 0.2]
      [GC Worker Total (ms): Min: 31.7, Avg: 31.8, Max: 31.8, Diff: 0.1, Sum: 63.5]
      [GC Worker End (ms): Min: 61795.3, Avg: 61795.4, Max: 61795.4, Diff: 0.1]
   [Code Root Fixup: 0.0 ms]
   [Code Root Migration: 0.1 ms]
   [Clear CT: 0.4 ms]
   [Other: 1.0 ms]
      [Choose CSet: 0.0 ms]
      [Ref Proc: 0.1 ms]
      [Ref Enq: 0.0 ms]
      [Free CSet: 0.7 ms]
   [Eden: 529.0M(529.0M)->0.0B(487.0M) Survivors: 8192.0K->50.0M Heap: 642.4M(896.0M)->155.8M(896.0M)]
 [Times: user=0.06 sys=0.00, real=0.03 secs] 
2014-07-10T11:59:03.155+0200: 62.227: [GC pause (G1 Evacuation Pause) (young), 0.0041462 secs]
   [Parallel Time: 2.5 ms, GC Workers: 2]
      [GC Worker Start (ms): Min: 62226.7, Avg: 62226.7, Max: 62226.7, Diff: 0.0]
      [Ext Root Scanning (ms): Min: 0.4, Avg: 0.4, Max: 0.4, Diff: 0.0, Sum: 0.8]
      [Update RS (ms): Min: 0.1, Avg: 0.1, Max: 0.1, Diff: 0.0, Sum: 0.1]
         [Processed Buffers: Min: 1, Avg: 1.5, Max: 2, Diff: 1, Sum: 3]
      [Scan RS (ms): Min: 0.9, Avg: 1.0, Max: 1.1, Diff: 0.2, Sum: 2.0]
      [Code Root Scanning (ms): Min: 0.4, Avg: 0.5, Max: 0.6, Diff: 0.2, Sum: 1.1]
      [Object Copy (ms): Min: 0.5, Avg: 0.5, Max: 0.5, Diff: 0.0, Sum: 1.0]
      [Termination (ms): Min: 0.0, Avg: 0.0, Max: 0.0, Diff: 0.0, Sum: 0.0]
      [GC Worker Other (ms): Min: 0.0, Avg: 0.0, Max: 0.0, Diff: 0.0, Sum: 0.1]
      [GC Worker Total (ms): Min: 2.5, Avg: 2.5, Max: 2.5, Diff: 0.0, Sum: 5.0]
      [GC Worker End (ms): Min: 62229.2, Avg: 62229.2, Max: 62229.2, Diff: 0.0]
   [Code Root Fixup: 0.0 ms]
   [Code Root Migration: 0.1 ms]
   [Clear CT: 0.3 ms]
   [Other: 1.2 ms]
      [Choose CSet: 0.0 ms]
      [Ref Proc: 0.2 ms]
      [Ref Enq: 0.0 ms]
      [Free CSet: 0.9 ms]
   [Eden: 487.0M(487.0M)->0.0B(536.0M) Survivors: 50.0M->1024.0K Heap: 642.8M(896.0M)->106.4M(896.0M)]
 [Times: user=0.03 sys=0.00, real=0.01 secs] 
2014-07-10T11:59:03.713+0200: 62.785: [GC pause (G1 Evacuation Pause) (young), 0.0406639 secs]
   [Parallel Time: 39.0 ms, GC Workers: 2]
      [GC Worker Start (ms): Min: 62784.6, Avg: 62784.6, Max: 62784.6, Diff: 0.0]
      [Ext Root Scanning (ms): Min: 0.3, Avg: 0.3, Max: 0.3, Diff: 0.0, Sum: 0.7]
      [Update RS (ms): Min: 0.0, Avg: 0.1, Max: 0.1, Diff: 0.0, Sum: 0.1]
         [Processed Buffers: Min: 1, Avg: 2.0, Max: 3, Diff: 2, Sum: 4]
      [Scan RS (ms): Min: 0.8, Avg: 0.8, Max: 0.8, Diff: 0.0, Sum: 1.6]
      [Code Root Scanning (ms): Min: 0.3, Avg: 0.3, Max: 0.3, Diff: 0.0, Sum: 0.7]
      [Object Copy (ms): Min: 37.3, Avg: 37.3, Max: 37.3, Diff: 0.0, Sum: 74.7]
      [Termination (ms): Min: 0.0, Avg: 0.0, Max: 0.0, Diff: 0.0, Sum: 0.0]
      [GC Worker Other (ms): Min: 0.0, Avg: 0.0, Max: 0.1, Diff: 0.0, Sum: 0.1]
      [GC Worker Total (ms): Min: 38.9, Avg: 38.9, Max: 38.9, Diff: 0.0, Sum: 77.9]
      [GC Worker End (ms): Min: 62823.6, Avg: 62823.6, Max: 62823.6, Diff: 0.0]
   [Code Root Fixup: 0.0 ms]
   [Code Root Migration: 0.1 ms]
   [Clear CT: 0.6 ms]
   [Other: 1.0 ms]
      [Choose CSet: 0.0 ms]
      [Ref Proc: 0.1 ms]
      [Ref Enq: 0.0 ms]
      [Free CSet: 0.7 ms]
   [Eden: 536.0M(536.0M)->0.0B(476.0M) Survivors: 1024.0K->61.0M Heap: 642.4M(896.0M)->166.8M(896.0M)]
 [Times: user=0.08 sys=0.00, real=0.04 secs] 
2014-07-10T11:59:04.151+0200: 63.222: [GC pause (G1 Evacuation Pause) (young), 0.0034503 secs]
   [Parallel Time: 2.2 ms, GC Workers: 2]
      [GC Worker Start (ms): Min: 63222.2, Avg: 63222.2, Max: 63222.2, Diff: 0.0]
      [Ext Root Scanning (ms): Min: 0.4, Avg: 0.4, Max: 0.4, Diff: 0.0, Sum: 0.7]
      [Update RS (ms): Min: 0.0, Avg: 0.1, Max: 0.1, Diff: 0.0, Sum: 0.1]
         [Processed Buffers: Min: 1, Avg: 1.5, Max: 2, Diff: 1, Sum: 3]
      [Scan RS (ms): Min: 1.1, Avg: 1.1, Max: 1.1, Diff: 0.0, Sum: 2.2]
      [Code Root Scanning (ms): Min: 0.4, Avg: 0.4, Max: 0.4, Diff: 0.0, Sum: 0.8]
      [Object Copy (ms): Min: 0.3, Avg: 0.3, Max: 0.3, Diff: 0.0, Sum: 0.5]
      [Termination (ms): Min: 0.0, Avg: 0.0, Max: 0.0, Diff: 0.0, Sum: 0.0]
      [GC Worker Other (ms): Min: 0.0, Avg: 0.0, Max: 0.0, Diff: 0.0, Sum: 0.1]
      [GC Worker Total (ms): Min: 2.2, Avg: 2.2, Max: 2.2, Diff: 0.0, Sum: 4.4]
      [GC Worker End (ms): Min: 63224.4, Avg: 63224.4, Max: 63224.4, Diff: 0.0]
   [Code Root Fixup: 0.0 ms]
   [Code Root Migration: 0.0 ms]
   [Clear CT: 0.4 ms]
   [Other: 0.8 ms]
      [Choose CSet: 0.0 ms]
      [Ref Proc: 0.1 ms]
      [Ref Enq: 0.0 ms]
      [Free CSet: 0.6 ms]
   [Eden: 476.0M(476.0M)->0.0B(536.0M) Survivors: 61.0M->1024.0K Heap: 642.8M(896.0M)->106.4M(896.0M)]
 [Times: user=0.00 sys=0.00, real=0.00 secs] 
2014-07-10T11:59:04.708+0200: 63.780: [GC pause (G1 Evacuation Pause) (young), 0.0388011 secs]
   [Parallel Time: 37.3 ms, GC Workers: 2]
      [GC Worker Start (ms): Min: 63779.6, Avg: 63779.6, Max: 63779.6, Diff: 0.0]
      [Ext Root Scanning (ms): Min: 0.4, Avg: 0.4, Max: 0.4, Diff: 0.0, Sum: 0.7]
      [Update RS (ms): Min: 0.0, Avg: 0.1, Max: 0.1, Diff: 0.0, Sum: 0.1]
         [Processed Buffers: Min: 2, Avg: 2.0, Max: 2, Diff: 0, Sum: 4]
      [Scan RS (ms): Min: 0.9, Avg: 0.9, Max: 0.9, Diff: 0.0, Sum: 1.8]
      [Code Root Scanning (ms): Min: 0.4, Avg: 0.4, Max: 0.4, Diff: 0.0, Sum: 0.8]
      [Object Copy (ms): Min: 35.5, Avg: 35.5, Max: 35.5, Diff: 0.0, Sum: 70.9]
      [Termination (ms): Min: 0.0, Avg: 0.0, Max: 0.0, Diff: 0.0, Sum: 0.0]
      [GC Worker Other (ms): Min: 0.0, Avg: 0.0, Max: 0.0, Diff: 0.0, Sum: 0.1]
      [GC Worker Total (ms): Min: 37.2, Avg: 37.2, Max: 37.3, Diff: 0.0, Sum: 74.5]
      [GC Worker End (ms): Min: 63816.9, Avg: 63816.9, Max: 63816.9, Diff: 0.0]
   [Code Root Fixup: 0.0 ms]
   [Code Root Migration: 0.1 ms]
   [Clear CT: 0.4 ms]
   [Other: 1.0 ms]
      [Choose CSet: 0.0 ms]
      [Ref Proc: 0.1 ms]
      [Ref Enq: 0.0 ms]
      [Free CSet: 0.8 ms]
   [Eden: 536.0M(536.0M)->0.0B(479.0M) Survivors: 1024.0K->58.0M Heap: 642.4M(896.0M)->163.8M(896.0M)]
 [Times: user=0.06 sys=0.00, real=0.04 secs] 
2014-07-10T11:59:05.143+0200: 64.215: [GC pause (G1 Evacuation Pause) (young), 0.0080775 secs]
   [Parallel Time: 6.7 ms, GC Workers: 2]
      [GC Worker Start (ms): Min: 64214.9, Avg: 64214.9, Max: 64214.9, Diff: 0.0]
      [Ext Root Scanning (ms): Min: 0.4, Avg: 0.4, Max: 0.4, Diff: 0.0, Sum: 0.7]
      [Update RS (ms): Min: 0.0, Avg: 0.1, Max: 0.1, Diff: 0.0, Sum: 0.1]
         [Processed Buffers: Min: 1, Avg: 1.5, Max: 2, Diff: 1, Sum: 3]
      [Scan RS (ms): Min: 0.8, Avg: 0.8, Max: 0.8, Diff: 0.0, Sum: 1.6]
      [Code Root Scanning (ms): Min: 0.3, Avg: 0.3, Max: 0.4, Diff: 0.0, Sum: 0.7]
      [Object Copy (ms): Min: 5.1, Avg: 5.1, Max: 5.1, Diff: 0.0, Sum: 10.2]
      [Termination (ms): Min: 0.0, Avg: 0.0, Max: 0.0, Diff: 0.0, Sum: 0.0]
      [GC Worker Other (ms): Min: 0.0, Avg: 0.0, Max: 0.0, Diff: 0.0, Sum: 0.1]
      [GC Worker Total (ms): Min: 6.7, Avg: 6.7, Max: 6.7, Diff: 0.0, Sum: 13.3]
      [GC Worker End (ms): Min: 64221.5, Avg: 64221.5, Max: 64221.6, Diff: 0.0]
   [Code Root Fixup: 0.0 ms]
   [Code Root Migration: 0.1 ms]
   [Clear CT: 0.4 ms]
   [Other: 0.9 ms]
      [Choose CSet: 0.0 ms]
      [Ref Proc: 0.1 ms]
      [Ref Enq: 0.0 ms]
      [Free CSet: 0.7 ms]
   [Eden: 479.0M(479.0M)->0.0B(528.0M) Survivors: 58.0M->9216.0K Heap: 642.8M(896.0M)->114.4M(896.0M)]
 [Times: user=0.00 sys=0.00, real=0.01 secs] 
2014-07-10T11:59:05.698+0200: 64.770: [GC pause (G1 Evacuation Pause) (young), 0.0332658 secs]
   [Parallel Time: 31.7 ms, GC Workers: 2]
      [GC Worker Start (ms): Min: 64770.2, Avg: 64770.2, Max: 64770.2, Diff: 0.0]
      [Ext Root Scanning (ms): Min: 0.4, Avg: 0.4, Max: 0.4, Diff: 0.0, Sum: 0.8]
      [Update RS (ms): Min: 0.1, Avg: 0.1, Max: 0.1, Diff: 0.0, Sum: 0.1]
         [Processed Buffers: Min: 1, Avg: 2.0, Max: 3, Diff: 2, Sum: 4]
      [Scan RS (ms): Min: 1.1, Avg: 1.1, Max: 1.1, Diff: 0.0, Sum: 2.2]
      [Code Root Scanning (ms): Min: 0.4, Avg: 0.4, Max: 0.4, Diff: 0.0, Sum: 0.8]
      [Object Copy (ms): Min: 29.5, Avg: 29.6, Max: 29.6, Diff: 0.0, Sum: 59.1]
      [Termination (ms): Min: 0.0, Avg: 0.0, Max: 0.0, Diff: 0.0, Sum: 0.0]
      [GC Worker Other (ms): Min: 0.0, Avg: 0.1, Max: 0.1, Diff: 0.1, Sum: 0.1]
      [GC Worker Total (ms): Min: 31.5, Avg: 31.6, Max: 31.6, Diff: 0.1, Sum: 63.2]
      [GC Worker End (ms): Min: 64801.7, Avg: 64801.8, Max: 64801.8, Diff: 0.1]
   [Code Root Fixup: 0.0 ms]
   [Code Root Migration: 0.1 ms]
   [Clear CT: 0.4 ms]
   [Other: 1.1 ms]
      [Choose CSet: 0.0 ms]
      [Ref Proc: 0.1 ms]
      [Ref Enq: 0.0 ms]
      [Free CSet: 0.8 ms]
   [Eden: 528.0M(528.0M)->0.0B(488.0M) Survivors: 9216.0K->49.0M Heap: 642.4M(896.0M)->154.8M(896.0M)]
 [Times: user=0.06 sys=0.02, real=0.03 secs] 
2014-07-10T11:59:06.152+0200: 65.223: [GC pause (G1 Evacuation Pause) (young), 0.0080830 secs]
   [Parallel Time: 6.7 ms, GC Workers: 2]
      [GC Worker Start (ms): Min: 65222.9, Avg: 65222.9, Max: 65223.0, Diff: 0.0]
      [Ext Root Scanning (ms): Min: 0.3, Avg: 0.3, Max: 0.4, Diff: 0.0, Sum: 0.7]
      [Update RS (ms): Min: 0.1, Avg: 0.1, Max: 0.1, Diff: 0.0, Sum: 0.1]
         [Processed Buffers: Min: 1, Avg: 1.5, Max: 2, Diff: 1, Sum: 3]
      [Scan RS (ms): Min: 0.8, Avg: 0.8, Max: 0.8, Diff: 0.0, Sum: 1.6]
      [Code Root Scanning (ms): Min: 0.3, Avg: 0.3, Max: 0.4, Diff: 0.0, Sum: 0.7]
      [Object Copy (ms): Min: 5.1, Avg: 5.1, Max: 5.1, Diff: 0.0, Sum: 10.2]
      [Termination (ms): Min: 0.0, Avg: 0.0, Max: 0.0, Diff: 0.0, Sum: 0.0]
      [GC Worker Other (ms): Min: 0.0, Avg: 0.0, Max: 0.0, Diff: 0.0, Sum: 0.1]
      [GC Worker Total (ms): Min: 6.6, Avg: 6.6, Max: 6.7, Diff: 0.0, Sum: 13.3]
      [GC Worker End (ms): Min: 65229.6, Avg: 65229.6, Max: 65229.6, Diff: 0.0]
   [Code Root Fixup: 0.0 ms]
   [Code Root Migration: 0.1 ms]
   [Clear CT: 0.4 ms]
   [Other: 1.0 ms]
      [Choose CSet: 0.0 ms]
      [Ref Proc: 0.2 ms]
      [Ref Enq: 0.0 ms]
      [Free CSet: 0.6 ms]
   [Eden: 488.0M(488.0M)->0.0B(529.0M) Survivors: 49.0M->8192.0K Heap: 642.8M(896.0M)->114.3M(896.0M)]
 [Times: user=0.02 sys=0.02, real=0.01 secs] 
2014-07-10T11:59:06.711+0200: 65.782: [GC pause (G1 Evacuation Pause) (young), 0.0508675 secs]
   [Parallel Time: 49.6 ms, GC Workers: 2]
      [GC Worker Start (ms): Min: 65781.9, Avg: 65782.0, Max: 65782.0, Diff: 0.0]
      [Ext Root Scanning (ms): Min: 0.3, Avg: 0.4, Max: 0.4, Diff: 0.0, Sum: 0.7]
      [Update RS (ms): Min: 0.1, Avg: 0.1, Max: 0.1, Diff: 0.0, Sum: 0.1]
         [Processed Buffers: Min: 1, Avg: 1.5, Max: 2, Diff: 1, Sum: 3]
      [Scan RS (ms): Min: 0.8, Avg: 0.8, Max: 0.8, Diff: 0.0, Sum: 1.7]
      [Code Root Scanning (ms): Min: 0.4, Avg: 0.4, Max: 0.4, Diff: 0.0, Sum: 0.7]
      [Object Copy (ms): Min: 35.9, Avg: 41.9, Max: 47.9, Diff: 12.0, Sum: 83.8]
      [Termination (ms): Min: 0.0, Avg: 6.0, Max: 12.1, Diff: 12.1, Sum: 12.1]
      [GC Worker Other (ms): Min: 0.0, Avg: 0.0, Max: 0.0, Diff: 0.0, Sum: 0.1]
      [GC Worker Total (ms): Min: 49.5, Avg: 49.6, Max: 49.6, Diff: 0.0, Sum: 99.1]
      [GC Worker End (ms): Min: 65831.5, Avg: 65831.5, Max: 65831.5, Diff: 0.0]
   [Code Root Fixup: 0.0 ms]
   [Code Root Migration: 0.1 ms]
   [Clear CT: 0.3 ms]
   [Other: 0.9 ms]
      [Choose CSet: 0.0 ms]
      [Ref Proc: 0.0 ms]
      [Ref Enq: 0.0 ms]
      [Free CSet: 0.7 ms]
   [Eden: 529.0M(529.0M)->0.0B(482.0M) Survivors: 8192.0K->55.0M Heap: 643.3M(896.0M)->160.8M(896.0M)]
 [Times: user=0.08 sys=0.00, real=0.05 secs] 
2014-07-10T11:59:07.147+0200: 66.218: [GC pause (G1 Evacuation Pause) (young), 0.0076192 secs]
   [Parallel Time: 6.3 ms, GC Workers: 2]
      [GC Worker Start (ms): Min: 66218.0, Avg: 66218.0, Max: 66218.0, Diff: 0.0]
      [Ext Root Scanning (ms): Min: 0.3, Avg: 0.3, Max: 0.3, Diff: 0.0, Sum: 0.6]
      [Update RS (ms): Min: 0.0, Avg: 0.0, Max: 0.0, Diff: 0.0, Sum: 0.1]
         [Processed Buffers: Min: 1, Avg: 1.5, Max: 2, Diff: 1, Sum: 3]
      [Scan RS (ms): Min: 0.7, Avg: 0.7, Max: 0.8, Diff: 0.0, Sum: 1.5]
      [Code Root Scanning (ms): Min: 0.3, Avg: 0.3, Max: 0.3, Diff: 0.0, Sum: 0.7]
      [Object Copy (ms): Min: 4.8, Avg: 4.8, Max: 4.8, Diff: 0.0, Sum: 9.6]
      [Termination (ms): Min: 0.0, Avg: 0.0, Max: 0.0, Diff: 0.0, Sum: 0.0]
      [GC Worker Other (ms): Min: 0.0, Avg: 0.0, Max: 0.1, Diff: 0.0, Sum: 0.1]
      [GC Worker Total (ms): Min: 6.3, Avg: 6.3, Max: 6.3, Diff: 0.0, Sum: 12.5]
      [GC Worker End (ms): Min: 66224.3, Avg: 66224.3, Max: 66224.3, Diff: 0.0]
   [Code Root Fixup: 0.0 ms]
   [Code Root Migration: 0.1 ms]
   [Clear CT: 0.4 ms]
   [Other: 0.8 ms]
      [Choose CSet: 0.0 ms]
      [Ref Proc: 0.1 ms]
      [Ref Enq: 0.0 ms]
      [Free CSet: 0.7 ms]
   [Eden: 482.0M(482.0M)->0.0B(529.0M) Survivors: 55.0M->8192.0K Heap: 642.8M(896.0M)->114.3M(896.0M)]
 [Times: user=0.03 sys=0.00, real=0.01 secs] 
2014-07-10T11:59:07.697+0200: 66.767: [GC pause (G1 Evacuation Pause) (young), 0.0323078 secs]
   [Parallel Time: 30.6 ms, GC Workers: 2]
      [GC Worker Start (ms): Min: 66767.3, Avg: 66767.3, Max: 66767.3, Diff: 0.0]
      [Ext Root Scanning (ms): Min: 0.2, Avg: 0.2, Max: 0.2, Diff: 0.0, Sum: 0.5]
      [Update RS (ms): Min: 0.0, Avg: 0.0, Max: 0.0, Diff: 0.0, Sum: 0.1]
         [Processed Buffers: Min: 2, Avg: 2.0, Max: 2, Diff: 0, Sum: 4]
      [Scan RS (ms): Min: 0.7, Avg: 0.7, Max: 0.7, Diff: 0.0, Sum: 1.4]
      [Code Root Scanning (ms): Min: 0.4, Avg: 0.4, Max: 0.4, Diff: 0.0, Sum: 0.7]
      [Object Copy (ms): Min: 29.1, Avg: 29.1, Max: 29.2, Diff: 0.0, Sum: 58.3]
      [Termination (ms): Min: 0.0, Avg: 0.0, Max: 0.0, Diff: 0.0, Sum: 0.0]
      [GC Worker Other (ms): Min: 0.0, Avg: 0.0, Max: 0.0, Diff: 0.0, Sum: 0.1]
      [GC Worker Total (ms): Min: 30.5, Avg: 30.5, Max: 30.5, Diff: 0.0, Sum: 61.1]
      [GC Worker End (ms): Min: 66797.9, Avg: 66797.9, Max: 66797.9, Diff: 0.0]
   [Code Root Fixup: 0.0 ms]
   [Code Root Migration: 0.1 ms]
   [Clear CT: 0.5 ms]
   [Other: 1.1 ms]
      [Choose CSet: 0.0 ms]
      [Ref Proc: 0.1 ms]
      [Ref Enq: 0.0 ms]
      [Free CSet: 0.8 ms]
   [Eden: 529.0M(529.0M)->0.0B(487.0M) Survivors: 8192.0K->50.0M Heap: 643.3M(896.0M)->155.7M(896.0M)]
 [Times: user=0.05 sys=0.03, real=0.03 secs] 
2014-07-10T11:59:08.145+0200: 67.216: [GC pause (G1 Evacuation Pause) (young), 0.0074891 secs]
   [Parallel Time: 6.1 ms, GC Workers: 2]
      [GC Worker Start (ms): Min: 67216.1, Avg: 67216.1, Max: 67216.1, Diff: 0.0]
      [Ext Root Scanning (ms): Min: 0.3, Avg: 0.3, Max: 0.3, Diff: 0.0, Sum: 0.5]
      [Update RS (ms): Min: 0.0, Avg: 0.0, Max: 0.0, Diff: 0.0, Sum: 0.1]
         [Processed Buffers: Min: 1, Avg: 1.5, Max: 2, Diff: 1, Sum: 3]
      [Scan RS (ms): Min: 0.7, Avg: 0.8, Max: 0.8, Diff: 0.0, Sum: 1.5]
      [Code Root Scanning (ms): Min: 0.4, Avg: 0.4, Max: 0.4, Diff: 0.0, Sum: 0.7]
      [Object Copy (ms): Min: 4.5, Avg: 4.6, Max: 4.6, Diff: 0.0, Sum: 9.1]
      [Termination (ms): Min: 0.0, Avg: 0.0, Max: 0.0, Diff: 0.0, Sum: 0.0]
      [GC Worker Other (ms): Min: 0.0, Avg: 0.0, Max: 0.1, Diff: 0.0, Sum: 0.1]
      [GC Worker Total (ms): Min: 6.0, Avg: 6.0, Max: 6.0, Diff: 0.0, Sum: 12.1]
      [GC Worker End (ms): Min: 67222.2, Avg: 67222.2, Max: 67222.2, Diff: 0.0]
   [Code Root Fixup: 0.0 ms]
   [Code Root Migration: 0.1 ms]
   [Clear CT: 0.4 ms]
   [Other: 0.9 ms]
      [Choose CSet: 0.0 ms]
      [Ref Proc: 0.1 ms]
      [Ref Enq: 0.0 ms]
      [Free CSet: 0.7 ms]
   [Eden: 487.0M(487.0M)->0.0B(529.0M) Survivors: 50.0M->8192.0K Heap: 642.7M(896.0M)->114.3M(896.0M)]
 [Times: user=0.03 sys=0.00, real=0.01 secs] 
2014-07-10T11:59:08.713+0200: 67.784: [GC pause (G1 Evacuation Pause) (young), 0.0332515 secs]
   [Parallel Time: 31.7 ms, GC Workers: 2]
      [GC Worker Start (ms): Min: 67784.2, Avg: 67784.2, Max: 67784.2, Diff: 0.0]
      [Ext Root Scanning (ms): Min: 0.3, Avg: 0.3, Max: 0.3, Diff: 0.0, Sum: 0.6]
      [Update RS (ms): Min: 0.0, Avg: 0.0, Max: 0.1, Diff: 0.0, Sum: 0.1]
         [Processed Buffers: Min: 1, Avg: 1.5, Max: 2, Diff: 1, Sum: 3]
      [Scan RS (ms): Min: 0.8, Avg: 0.8, Max: 0.8, Diff: 0.0, Sum: 1.6]
      [Code Root Scanning (ms): Min: 0.4, Avg: 0.4, Max: 0.4, Diff: 0.0, Sum: 0.7]
      [Object Copy (ms): Min: 30.1, Avg: 30.2, Max: 30.2, Diff: 0.0, Sum: 60.3]
      [Termination (ms): Min: 0.0, Avg: 0.0, Max: 0.0, Diff: 0.0, Sum: 0.0]
      [GC Worker Other (ms): Min: 0.0, Avg: 0.0, Max: 0.0, Diff: 0.0, Sum: 0.1]
      [GC Worker Total (ms): Min: 31.7, Avg: 31.7, Max: 31.7, Diff: 0.0, Sum: 63.4]
      [GC Worker End (ms): Min: 67815.9, Avg: 67815.9, Max: 67815.9, Diff: 0.0]
   [Code Root Fixup: 0.0 ms]
   [Code Root Migration: 0.1 ms]
   [Clear CT: 0.4 ms]
   [Other: 1.0 ms]
      [Choose CSet: 0.0 ms]
      [Ref Proc: 0.1 ms]
      [Ref Enq: 0.0 ms]
      [Free CSet: 0.8 ms]
   [Eden: 529.0M(529.0M)->0.0B(487.0M) Survivors: 8192.0K->50.0M Heap: 643.3M(896.0M)->156.6M(896.0M)]
 [Times: user=0.06 sys=0.00, real=0.03 secs] 
2014-07-10T11:59:09.152+0200: 68.223: [GC pause (G1 Evacuation Pause) (young), 0.0030613 secs]
   [Parallel Time: 1.9 ms, GC Workers: 2]
      [GC Worker Start (ms): Min: 68222.7, Avg: 68222.7, Max: 68222.7, Diff: 0.0]
      [Ext Root Scanning (ms): Min: 0.3, Avg: 0.3, Max: 0.3, Diff: 0.0, Sum: 0.6]
      [Update RS (ms): Min: 0.1, Avg: 0.1, Max: 0.1, Diff: 0.0, Sum: 0.1]
         [Processed Buffers: Min: 1, Avg: 2.0, Max: 3, Diff: 2, Sum: 4]
      [Scan RS (ms): Min: 0.8, Avg: 0.8, Max: 0.8, Diff: 0.0, Sum: 1.6]
      [Code Root Scanning (ms): Min: 0.3, Avg: 0.4, Max: 0.4, Diff: 0.0, Sum: 0.7]
      [Object Copy (ms): Min: 0.3, Avg: 0.3, Max: 0.3, Diff: 0.0, Sum: 0.6]
      [Termination (ms): Min: 0.0, Avg: 0.0, Max: 0.0, Diff: 0.0, Sum: 0.0]
      [GC Worker Other (ms): Min: 0.0, Avg: 0.0, Max: 0.0, Diff: 0.0, Sum: 0.1]
      [GC Worker Total (ms): Min: 1.8, Avg: 1.8, Max: 1.8, Diff: 0.0, Sum: 3.6]
      [GC Worker End (ms): Min: 68224.5, Avg: 68224.5, Max: 68224.5, Diff: 0.0]
   [Code Root Fixup: 0.0 ms]
   [Code Root Migration: 0.0 ms]
   [Clear CT: 0.4 ms]
   [Other: 0.8 ms]
      [Choose CSet: 0.0 ms]
      [Ref Proc: 0.1 ms]
      [Ref Enq: 0.0 ms]
      [Free CSet: 0.6 ms]
   [Eden: 487.0M(487.0M)->0.0B(536.0M) Survivors: 50.0M->1024.0K Heap: 643.6M(896.0M)->107.2M(896.0M)]
 [Times: user=0.00 sys=0.00, real=0.00 secs] 
2014-07-10T11:59:09.713+0200: 68.784: [GC pause (G1 Evacuation Pause) (young), 0.0412388 secs]
   [Parallel Time: 39.9 ms, GC Workers: 2]
      [GC Worker Start (ms): Min: 68783.9, Avg: 68783.9, Max: 68783.9, Diff: 0.0]
      [Ext Root Scanning (ms): Min: 0.3, Avg: 0.3, Max: 0.3, Diff: 0.0, Sum: 0.7]
      [Update RS (ms): Min: 0.1, Avg: 0.1, Max: 0.1, Diff: 0.0, Sum: 0.1]
         [Processed Buffers: Min: 2, Avg: 2.0, Max: 2, Diff: 0, Sum: 4]
      [Scan RS (ms): Min: 0.8, Avg: 0.8, Max: 0.8, Diff: 0.0, Sum: 1.6]
      [Code Root Scanning (ms): Min: 0.4, Avg: 0.4, Max: 0.4, Diff: 0.0, Sum: 0.7]
      [Object Copy (ms): Min: 37.5, Avg: 37.9, Max: 38.2, Diff: 0.6, Sum: 75.7]
      [Termination (ms): Min: 0.0, Avg: 0.4, Max: 0.7, Diff: 0.7, Sum: 0.7]
      [GC Worker Other (ms): Min: 0.0, Avg: 0.0, Max: 0.0, Diff: 0.0, Sum: 0.1]
      [GC Worker Total (ms): Min: 39.8, Avg: 39.8, Max: 39.8, Diff: 0.0, Sum: 79.6]
      [GC Worker End (ms): Min: 68823.7, Avg: 68823.7, Max: 68823.7, Diff: 0.0]
   [Code Root Fixup: 0.0 ms]
   [Code Root Migration: 0.1 ms]
   [Clear CT: 0.3 ms]
   [Other: 0.9 ms]
      [Choose CSet: 0.0 ms]
      [Ref Proc: 0.0 ms]
      [Ref Enq: 0.0 ms]
      [Free CSet: 0.7 ms]
   [Eden: 536.0M(536.0M)->0.0B(476.0M) Survivors: 1024.0K->61.0M Heap: 643.2M(896.0M)->167.6M(896.0M)]
 [Times: user=0.06 sys=0.00, real=0.04 secs] 
2014-07-10T11:59:10.160+0200: 69.231: [GC pause (G1 Evacuation Pause) (young), 0.0030621 secs]
   [Parallel Time: 1.9 ms, GC Workers: 2]
      [GC Worker Start (ms): Min: 69231.1, Avg: 69231.2, Max: 69231.2, Diff: 0.1]
      [Ext Root Scanning (ms): Min: 0.3, Avg: 0.4, Max: 0.4, Diff: 0.1, Sum: 0.7]
      [Update RS (ms): Min: 0.0, Avg: 0.0, Max: 0.1, Diff: 0.0, Sum: 0.1]
         [Processed Buffers: Min: 1, Avg: 1.5, Max: 2, Diff: 1, Sum: 3]
      [Scan RS (ms): Min: 0.8, Avg: 0.8, Max: 0.8, Diff: 0.0, Sum: 1.6]
      [Code Root Scanning (ms): Min: 0.3, Avg: 0.3, Max: 0.3, Diff: 0.0, Sum: 0.7]
      [Object Copy (ms): Min: 0.2, Avg: 0.2, Max: 0.3, Diff: 0.0, Sum: 0.5]
      [Termination (ms): Min: 0.0, Avg: 0.0, Max: 0.0, Diff: 0.0, Sum: 0.0]
      [GC Worker Other (ms): Min: 0.0, Avg: 0.0, Max: 0.0, Diff: 0.0, Sum: 0.1]
      [GC Worker Total (ms): Min: 1.8, Avg: 1.8, Max: 1.9, Diff: 0.1, Sum: 3.6]
      [GC Worker End (ms): Min: 69233.0, Avg: 69233.0, Max: 69233.0, Diff: 0.0]
   [Code Root Fixup: 0.0 ms]
   [Code Root Migration: 0.0 ms]
   [Clear CT: 0.4 ms]
   [Other: 0.8 ms]
      [Choose CSet: 0.0 ms]
      [Ref Proc: 0.0 ms]
      [Ref Enq: 0.0 ms]
      [Free CSet: 0.6 ms]
   [Eden: 476.0M(476.0M)->0.0B(536.0M) Survivors: 61.0M->1024.0K Heap: 643.6M(896.0M)->107.2M(896.0M)]
 [Times: user=0.03 sys=0.00, real=0.00 secs] 
2014-07-10T11:59:10.719+0200: 69.790: [GC pause (G1 Evacuation Pause) (young), 0.0415303 secs]
   [Parallel Time: 39.6 ms, GC Workers: 2]
      [GC Worker Start (ms): Min: 69789.7, Avg: 69789.7, Max: 69789.7, Diff: 0.0]
      [Ext Root Scanning (ms): Min: 0.6, Avg: 0.6, Max: 0.6, Diff: 0.0, Sum: 1.2]
      [Update RS (ms): Min: 0.1, Avg: 0.1, Max: 0.1, Diff: 0.0, Sum: 0.2]
         [Processed Buffers: Min: 2, Avg: 2.0, Max: 2, Diff: 0, Sum: 4]
      [Scan RS (ms): Min: 1.5, Avg: 1.5, Max: 1.5, Diff: 0.0, Sum: 3.0]
      [Code Root Scanning (ms): Min: 0.5, Avg: 0.5, Max: 0.5, Diff: 0.0, Sum: 1.0]
      [Object Copy (ms): Min: 36.8, Avg: 36.8, Max: 36.8, Diff: 0.0, Sum: 73.5]
      [Termination (ms): Min: 0.0, Avg: 0.0, Max: 0.0, Diff: 0.0, Sum: 0.0]
      [GC Worker Other (ms): Min: 0.1, Avg: 0.1, Max: 0.1, Diff: 0.0, Sum: 0.1]
      [GC Worker Total (ms): Min: 39.5, Avg: 39.5, Max: 39.5, Diff: 0.0, Sum: 79.0]
      [GC Worker End (ms): Min: 69829.2, Avg: 69829.2, Max: 69829.2, Diff: 0.0]
   [Code Root Fixup: 0.0 ms]
   [Code Root Migration: 0.1 ms]
   [Clear CT: 0.8 ms]
   [Other: 1.0 ms]
      [Choose CSet: 0.0 ms]
      [Ref Proc: 0.1 ms]
      [Ref Enq: 0.0 ms]
      [Free CSet: 0.7 ms]
   [Eden: 536.0M(536.0M)->0.0B(479.0M) Survivors: 1024.0K->58.0M Heap: 643.2M(896.0M)->164.6M(896.0M)]
 [Times: user=0.09 sys=0.00, real=0.04 secs] 
2014-07-10T11:59:11.158+0200: 70.229: [GC pause (G1 Evacuation Pause) (young), 0.0089556 secs]
   [Parallel Time: 7.3 ms, GC Workers: 2]
      [GC Worker Start (ms): Min: 70229.2, Avg: 70229.2, Max: 70229.2, Diff: 0.0]
      [Ext Root Scanning (ms): Min: 0.4, Avg: 0.4, Max: 0.4, Diff: 0.0, Sum: 0.8]
      [Update RS (ms): Min: 0.0, Avg: 0.1, Max: 0.1, Diff: 0.0, Sum: 0.1]
         [Processed Buffers: Min: 1, Avg: 1.5, Max: 2, Diff: 1, Sum: 3]
      [Scan RS (ms): Min: 1.0, Avg: 1.0, Max: 1.1, Diff: 0.1, Sum: 2.1]
      [Code Root Scanning (ms): Min: 0.4, Avg: 0.4, Max: 0.4, Diff: 0.0, Sum: 0.7]
      [Object Copy (ms): Min: 5.4, Avg: 5.4, Max: 5.4, Diff: 0.0, Sum: 10.8]
      [Termination (ms): Min: 0.0, Avg: 0.0, Max: 0.0, Diff: 0.0, Sum: 0.0]
      [GC Worker Other (ms): Min: 0.0, Avg: 0.0, Max: 0.1, Diff: 0.0, Sum: 0.1]
      [GC Worker Total (ms): Min: 7.3, Avg: 7.3, Max: 7.3, Diff: 0.0, Sum: 14.6]
      [GC Worker End (ms): Min: 70236.5, Avg: 70236.5, Max: 70236.5, Diff: 0.0]
   [Code Root Fixup: 0.0 ms]
   [Code Root Migration: 0.1 ms]
   [Clear CT: 0.4 ms]
   [Other: 1.1 ms]
      [Choose CSet: 0.0 ms]
      [Ref Proc: 0.1 ms]
      [Ref Enq: 0.0 ms]
      [Free CSet: 0.9 ms]
   [Eden: 479.0M(479.0M)->0.0B(528.0M) Survivors: 58.0M->9216.0K Heap: 643.6M(896.0M)->115.2M(896.0M)]
 [Times: user=0.03 sys=0.00, real=0.01 secs] 
2014-07-10T11:59:11.710+0200: 70.781: [GC pause (G1 Evacuation Pause) (young), 0.0340284 secs]
   [Parallel Time: 32.3 ms, GC Workers: 2]
      [GC Worker Start (ms): Min: 70781.1, Avg: 70781.2, Max: 70781.2, Diff: 0.0]
      [Ext Root Scanning (ms): Min: 0.6, Avg: 0.6, Max: 0.6, Diff: 0.0, Sum: 1.3]
      [Update RS (ms): Min: 0.2, Avg: 0.2, Max: 0.2, Diff: 0.1, Sum: 0.4]
         [Processed Buffers: Min: 1, Avg: 2.0, Max: 3, Diff: 2, Sum: 4]
      [Scan RS (ms): Min: 1.3, Avg: 1.3, Max: 1.3, Diff: 0.0, Sum: 2.7]
      [Code Root Scanning (ms): Min: 0.5, Avg: 0.5, Max: 0.5, Diff: 0.0, Sum: 1.0]
      [Object Copy (ms): Min: 29.5, Avg: 29.5, Max: 29.5, Diff: 0.0, Sum: 59.0]
      [Termination (ms): Min: 0.0, Avg: 0.0, Max: 0.0, Diff: 0.0, Sum: 0.0]
      [GC Worker Other (ms): Min: 0.0, Avg: 0.1, Max: 0.1, Diff: 0.0, Sum: 0.1]
      [GC Worker Total (ms): Min: 32.2, Avg: 32.2, Max: 32.2, Diff: 0.1, Sum: 64.4]
      [GC Worker End (ms): Min: 70813.3, Avg: 70813.4, Max: 70813.4, Diff: 0.0]
   [Code Root Fixup: 0.0 ms]
   [Code Root Migration: 0.1 ms]
   [Clear CT: 0.3 ms]
   [Other: 1.3 ms]
      [Choose CSet: 0.0 ms]
      [Ref Proc: 0.3 ms]
      [Ref Enq: 0.0 ms]
      [Free CSet: 0.7 ms]
   [Eden: 528.0M(528.0M)->0.0B(488.0M) Survivors: 9216.0K->49.0M Heap: 643.2M(896.0M)->155.6M(896.0M)]
 [Times: user=0.06 sys=0.00, real=0.03 secs] 
2014-07-10T11:59:12.152+0200: 71.223: [GC pause (G1 Evacuation Pause) (young), 0.0079129 secs]
   [Parallel Time: 6.6 ms, GC Workers: 2]
      [GC Worker Start (ms): Min: 71223.5, Avg: 71223.5, Max: 71223.5, Diff: 0.0]
      [Ext Root Scanning (ms): Min: 0.3, Avg: 0.3, Max: 0.3, Diff: 0.0, Sum: 0.7]
      [Update RS (ms): Min: 0.0, Avg: 0.1, Max: 0.1, Diff: 0.1, Sum: 0.1]
         [Processed Buffers: Min: 1, Avg: 1.0, Max: 1, Diff: 0, Sum: 2]
      [Scan RS (ms): Min: 0.8, Avg: 0.8, Max: 0.8, Diff: 0.0, Sum: 1.6]
      [Code Root Scanning (ms): Min: 0.4, Avg: 0.4, Max: 0.4, Diff: 0.0, Sum: 0.7]
      [Object Copy (ms): Min: 4.9, Avg: 4.9, Max: 4.9, Diff: 0.0, Sum: 9.8]
      [Termination (ms): Min: 0.0, Avg: 0.0, Max: 0.0, Diff: 0.0, Sum: 0.0]
      [GC Worker Other (ms): Min: 0.0, Avg: 0.0, Max: 0.0, Diff: 0.0, Sum: 0.1]
      [GC Worker Total (ms): Min: 6.5, Avg: 6.5, Max: 6.5, Diff: 0.0, Sum: 13.1]
      [GC Worker End (ms): Min: 71230.0, Avg: 71230.0, Max: 71230.0, Diff: 0.0]
   [Code Root Fixup: 0.0 ms]
   [Code Root Migration: 0.1 ms]
   [Clear CT: 0.4 ms]
   [Other: 0.9 ms]
      [Choose CSet: 0.0 ms]
      [Ref Proc: 0.1 ms]
      [Ref Enq: 0.0 ms]
      [Free CSet: 0.7 ms]
   [Eden: 488.0M(488.0M)->0.0B(529.0M) Survivors: 49.0M->8192.0K Heap: 643.6M(896.0M)->115.2M(896.0M)]
 [Times: user=0.03 sys=0.00, real=0.01 secs] 
2014-07-10T11:59:12.710+0200: 71.781: [GC pause (G1 Evacuation Pause) (young), 0.0364257 secs]
   [Parallel Time: 35.0 ms, GC Workers: 2]
      [GC Worker Start (ms): Min: 71781.2, Avg: 71781.2, Max: 71781.2, Diff: 0.0]
      [Ext Root Scanning (ms): Min: 0.4, Avg: 0.4, Max: 0.4, Diff: 0.0, Sum: 0.8]
      [Update RS (ms): Min: 0.0, Avg: 0.1, Max: 0.1, Diff: 0.1, Sum: 0.1]
         [Processed Buffers: Min: 1, Avg: 1.0, Max: 1, Diff: 0, Sum: 2]
      [Scan RS (ms): Min: 0.7, Avg: 0.9, Max: 1.0, Diff: 0.3, Sum: 1.7]
      [Code Root Scanning (ms): Min: 0.4, Avg: 0.5, Max: 0.6, Diff: 0.2, Sum: 1.1]
      [Object Copy (ms): Min: 33.1, Avg: 33.1, Max: 33.1, Diff: 0.0, Sum: 66.1]
      [Termination (ms): Min: 0.0, Avg: 0.0, Max: 0.0, Diff: 0.0, Sum: 0.0]
      [GC Worker Other (ms): Min: 0.0, Avg: 0.0, Max: 0.0, Diff: 0.0, Sum: 0.1]
      [GC Worker Total (ms): Min: 34.9, Avg: 34.9, Max: 35.0, Diff: 0.0, Sum: 69.9]
      [GC Worker End (ms): Min: 71816.1, Avg: 71816.1, Max: 71816.1, Diff: 0.0]
   [Code Root Fixup: 0.0 ms]
   [Code Root Migration: 0.1 ms]
   [Clear CT: 0.4 ms]
   [Other: 1.0 ms]
      [Choose CSet: 0.0 ms]
      [Ref Proc: 0.0 ms]
      [Ref Enq: 0.0 ms]
      [Free CSet: 0.7 ms]
   [Eden: 529.0M(529.0M)->0.0B(482.0M) Survivors: 8192.0K->55.0M Heap: 644.2M(896.0M)->161.6M(896.0M)]
 [Times: user=0.06 sys=0.00, real=0.04 secs] 
2014-07-10T11:59:13.148+0200: 72.219: [GC pause (G1 Evacuation Pause) (young), 0.0076812 secs]
   [Parallel Time: 6.4 ms, GC Workers: 2]
      [GC Worker Start (ms): Min: 72218.7, Avg: 72218.7, Max: 72218.7, Diff: 0.0]
      [Ext Root Scanning (ms): Min: 0.3, Avg: 0.3, Max: 0.3, Diff: 0.0, Sum: 0.6]
      [Update RS (ms): Min: 0.0, Avg: 0.0, Max: 0.1, Diff: 0.0, Sum: 0.1]
         [Processed Buffers: Min: 1, Avg: 1.0, Max: 1, Diff: 0, Sum: 2]
      [Scan RS (ms): Min: 0.8, Avg: 0.8, Max: 0.8, Diff: 0.1, Sum: 1.6]
      [Code Root Scanning (ms): Min: 0.3, Avg: 0.3, Max: 0.4, Diff: 0.0, Sum: 0.7]
      [Object Copy (ms): Min: 4.8, Avg: 4.8, Max: 4.8, Diff: 0.0, Sum: 9.7]
      [Termination (ms): Min: 0.0, Avg: 0.0, Max: 0.0, Diff: 0.0, Sum: 0.0]
      [GC Worker Other (ms): Min: 0.0, Avg: 0.0, Max: 0.0, Diff: 0.0, Sum: 0.1]
      [GC Worker Total (ms): Min: 6.4, Avg: 6.4, Max: 6.4, Diff: 0.0, Sum: 12.7]
      [GC Worker End (ms): Min: 72225.1, Avg: 72225.1, Max: 72225.1, Diff: 0.0]
   [Code Root Fixup: 0.0 ms]
   [Code Root Migration: 0.1 ms]
   [Clear CT: 0.4 ms]
   [Other: 0.8 ms]
      [Choose CSet: 0.0 ms]
      [Ref Proc: 0.1 ms]
      [Ref Enq: 0.0 ms]
      [Free CSet: 0.6 ms]
   [Eden: 482.0M(482.0M)->0.0B(529.0M) Survivors: 55.0M->8192.0K Heap: 643.6M(896.0M)->115.2M(896.0M)]
 [Times: user=0.00 sys=0.00, real=0.01 secs] 
2014-07-10T11:59:13.703+0200: 72.774: [GC pause (G1 Evacuation Pause) (young), 0.0339477 secs]
   [Parallel Time: 32.5 ms, GC Workers: 2]
      [GC Worker Start (ms): Min: 72774.2, Avg: 72774.2, Max: 72774.2, Diff: 0.0]
      [Ext Root Scanning (ms): Min: 0.4, Avg: 0.4, Max: 0.4, Diff: 0.0, Sum: 0.8]
      [Update RS (ms): Min: 0.1, Avg: 0.1, Max: 0.1, Diff: 0.0, Sum: 0.1]
         [Processed Buffers: Min: 1, Avg: 1.5, Max: 2, Diff: 1, Sum: 3]
      [Scan RS (ms): Min: 0.9, Avg: 0.9, Max: 1.0, Diff: 0.0, Sum: 1.9]
      [Code Root Scanning (ms): Min: 0.4, Avg: 0.4, Max: 0.4, Diff: 0.0, Sum: 0.7]
      [Object Copy (ms): Min: 30.4, Avg: 30.5, Max: 30.5, Diff: 0.0, Sum: 60.9]
      [Termination (ms): Min: 0.0, Avg: 0.0, Max: 0.0, Diff: 0.0, Sum: 0.0]
      [GC Worker Other (ms): Min: 0.0, Avg: 0.1, Max: 0.1, Diff: 0.0, Sum: 0.1]
      [GC Worker Total (ms): Min: 32.3, Avg: 32.3, Max: 32.3, Diff: 0.0, Sum: 64.6]
      [GC Worker End (ms): Min: 72806.5, Avg: 72806.5, Max: 72806.5, Diff: 0.0]
   [Code Root Fixup: 0.0 ms]
   [Code Root Migration: 0.1 ms]
   [Clear CT: 0.4 ms]
   [Other: 1.0 ms]
      [Choose CSet: 0.0 ms]
      [Ref Proc: 0.1 ms]
      [Ref Enq: 0.0 ms]
      [Free CSet: 0.7 ms]
   [Eden: 529.0M(529.0M)->0.0B(487.0M) Survivors: 8192.0K->50.0M Heap: 644.2M(896.0M)->156.5M(896.0M)]
 [Times: user=0.09 sys=0.00, real=0.03 secs] 
2014-07-10T11:59:14.145+0200: 73.216: [GC pause (G1 Evacuation Pause) (young), 0.0076562 secs]
   [Parallel Time: 6.2 ms, GC Workers: 2]
      [GC Worker Start (ms): Min: 73216.5, Avg: 73216.6, Max: 73216.6, Diff: 0.1]
      [Ext Root Scanning (ms): Min: 0.3, Avg: 0.3, Max: 0.4, Diff: 0.1, Sum: 0.7]
      [Update RS (ms): Min: 0.1, Avg: 0.1, Max: 0.1, Diff: 0.0, Sum: 0.1]
         [Processed Buffers: Min: 1, Avg: 1.5, Max: 2, Diff: 1, Sum: 3]
      [Scan RS (ms): Min: 0.8, Avg: 0.8, Max: 0.8, Diff: 0.0, Sum: 1.6]
      [Code Root Scanning (ms): Min: 0.3, Avg: 0.4, Max: 0.4, Diff: 0.0, Sum: 0.7]
      [Object Copy (ms): Min: 4.6, Avg: 4.6, Max: 4.6, Diff: 0.0, Sum: 9.2]
      [Termination (ms): Min: 0.0, Avg: 0.0, Max: 0.0, Diff: 0.0, Sum: 0.0]
      [GC Worker Other (ms): Min: 0.0, Avg: 0.0, Max: 0.0, Diff: 0.0, Sum: 0.1]
      [GC Worker Total (ms): Min: 6.1, Avg: 6.2, Max: 6.2, Diff: 0.1, Sum: 12.4]
      [GC Worker End (ms): Min: 73222.8, Avg: 73222.8, Max: 73222.8, Diff: 0.0]
   [Code Root Fixup: 0.0 ms]
   [Code Root Migration: 0.1 ms]
   [Clear CT: 0.4 ms]
   [Other: 0.9 ms]
      [Choose CSet: 0.0 ms]
      [Ref Proc: 0.1 ms]
      [Ref Enq: 0.0 ms]
      [Free CSet: 0.8 ms]
   [Eden: 487.0M(487.0M)->0.0B(529.0M) Survivors: 50.0M->8192.0K Heap: 643.5M(896.0M)->115.1M(896.0M)]
 [Times: user=0.00 sys=0.00, real=0.01 secs] 
2014-07-10T11:59:14.700+0200: 73.771: [GC pause (G1 Evacuation Pause) (young), 0.0337813 secs]
   [Parallel Time: 32.2 ms, GC Workers: 2]
      [GC Worker Start (ms): Min: 73770.8, Avg: 73770.8, Max: 73770.8, Diff: 0.0]
      [Ext Root Scanning (ms): Min: 0.3, Avg: 0.3, Max: 0.3, Diff: 0.0, Sum: 0.7]
      [Update RS (ms): Min: 0.0, Avg: 0.1, Max: 0.1, Diff: 0.0, Sum: 0.1]
         [Processed Buffers: Min: 1, Avg: 2.0, Max: 3, Diff: 2, Sum: 4]
      [Scan RS (ms): Min: 0.8, Avg: 0.8, Max: 0.8, Diff: 0.0, Sum: 1.6]
      [Code Root Scanning (ms): Min: 0.3, Avg: 0.3, Max: 0.4, Diff: 0.0, Sum: 0.7]
      [Object Copy (ms): Min: 30.6, Avg: 30.6, Max: 30.6, Diff: 0.0, Sum: 61.2]
      [Termination (ms): Min: 0.0, Avg: 0.0, Max: 0.0, Diff: 0.0, Sum: 0.0]
      [GC Worker Other (ms): Min: 0.0, Avg: 0.0, Max: 0.0, Diff: 0.0, Sum: 0.1]
      [GC Worker Total (ms): Min: 32.2, Avg: 32.2, Max: 32.2, Diff: 0.0, Sum: 64.4]
      [GC Worker End (ms): Min: 73803.0, Avg: 73803.0, Max: 73803.0, Diff: 0.0]
   [Code Root Fixup: 0.0 ms]
   [Code Root Migration: 0.1 ms]
   [Clear CT: 0.4 ms]
   [Other: 1.1 ms]
      [Choose CSet: 0.0 ms]
      [Ref Proc: 0.1 ms]
      [Ref Enq: 0.0 ms]
      [Free CSet: 0.8 ms]
   [Eden: 529.0M(529.0M)->0.0B(487.0M) Survivors: 8192.0K->50.0M Heap: 644.1M(896.0M)->157.5M(896.0M)]
 [Times: user=0.08 sys=0.00, real=0.03 secs] 
2014-07-10T11:59:15.151+0200: 74.222: [GC pause (G1 Evacuation Pause) (young), 0.0032267 secs]
   [Parallel Time: 2.0 ms, GC Workers: 2]
      [GC Worker Start (ms): Min: 74222.4, Avg: 74222.4, Max: 74222.4, Diff: 0.0]
      [Ext Root Scanning (ms): Min: 0.3, Avg: 0.3, Max: 0.4, Diff: 0.0, Sum: 0.7]
      [Update RS (ms): Min: 0.0, Avg: 0.0, Max: 0.1, Diff: 0.0, Sum: 0.1]
         [Processed Buffers: Min: 1, Avg: 1.5, Max: 2, Diff: 1, Sum: 3]
      [Scan RS (ms): Min: 0.8, Avg: 0.8, Max: 0.9, Diff: 0.1, Sum: 1.7]
      [Code Root Scanning (ms): Min: 0.4, Avg: 0.4, Max: 0.5, Diff: 0.1, Sum: 0.9]
      [Object Copy (ms): Min: 0.3, Avg: 0.3, Max: 0.3, Diff: 0.0, Sum: 0.6]
      [Termination (ms): Min: 0.0, Avg: 0.0, Max: 0.0, Diff: 0.0, Sum: 0.0]
      [GC Worker Other (ms): Min: 0.0, Avg: 0.0, Max: 0.0, Diff: 0.0, Sum: 0.1]
      [GC Worker Total (ms): Min: 2.0, Avg: 2.0, Max: 2.0, Diff: 0.0, Sum: 4.0]
      [GC Worker End (ms): Min: 74224.4, Avg: 74224.4, Max: 74224.4, Diff: 0.0]
   [Code Root Fixup: 0.0 ms]
   [Code Root Migration: 0.0 ms]
   [Clear CT: 0.4 ms]
   [Other: 0.8 ms]
      [Choose CSet: 0.0 ms]
      [Ref Proc: 0.1 ms]
      [Ref Enq: 0.0 ms]
      [Free CSet: 0.6 ms]
   [Eden: 487.0M(487.0M)->0.0B(536.0M) Survivors: 50.0M->1024.0K Heap: 644.5M(896.0M)->108.0M(896.0M)]
 [Times: user=0.02 sys=0.00, real=0.00 secs] 
2014-07-10T11:59:15.714+0200: 74.785: [GC pause (G1 Evacuation Pause) (young), 0.0407713 secs]
   [Parallel Time: 39.2 ms, GC Workers: 2]
      [GC Worker Start (ms): Min: 74785.3, Avg: 74785.3, Max: 74785.3, Diff: 0.0]
      [Ext Root Scanning (ms): Min: 0.3, Avg: 0.4, Max: 0.4, Diff: 0.0, Sum: 0.7]
      [Update RS (ms): Min: 0.0, Avg: 0.1, Max: 0.1, Diff: 0.0, Sum: 0.1]
         [Processed Buffers: Min: 2, Avg: 2.0, Max: 2, Diff: 0, Sum: 4]
      [Scan RS (ms): Min: 0.9, Avg: 0.9, Max: 0.9, Diff: 0.0, Sum: 1.8]
      [Code Root Scanning (ms): Min: 0.4, Avg: 0.4, Max: 0.4, Diff: 0.0, Sum: 0.7]
      [Object Copy (ms): Min: 37.4, Avg: 37.4, Max: 37.4, Diff: 0.0, Sum: 74.9]
      [Termination (ms): Min: 0.0, Avg: 0.0, Max: 0.0, Diff: 0.0, Sum: 0.0]
      [GC Worker Other (ms): Min: 0.0, Avg: 0.0, Max: 0.0, Diff: 0.0, Sum: 0.1]
      [GC Worker Total (ms): Min: 39.2, Avg: 39.2, Max: 39.2, Diff: 0.0, Sum: 78.4]
      [GC Worker End (ms): Min: 74824.5, Avg: 74824.5, Max: 74824.5, Diff: 0.0]
   [Code Root Fixup: 0.0 ms]
   [Code Root Migration: 0.1 ms]
   [Clear CT: 0.4 ms]
   [Other: 1.0 ms]
      [Choose CSet: 0.0 ms]
      [Ref Proc: 0.1 ms]
      [Ref Enq: 0.0 ms]
      [Free CSet: 0.8 ms]
   [Eden: 536.0M(536.0M)->0.0B(476.0M) Survivors: 1024.0K->61.0M Heap: 644.0M(896.0M)->168.5M(896.0M)]
 [Times: user=0.06 sys=0.03, real=0.04 secs] 
2014-07-10T11:59:16.149+0200: 75.219: [GC pause (G1 Evacuation Pause) (young), 0.0029352 secs]
   [Parallel Time: 1.8 ms, GC Workers: 2]
      [GC Worker Start (ms): Min: 75219.0, Avg: 75219.0, Max: 75219.0, Diff: 0.0]
      [Ext Root Scanning (ms): Min: 0.3, Avg: 0.3, Max: 0.3, Diff: 0.0, Sum: 0.6]
      [Update RS (ms): Min: 0.0, Avg: 0.0, Max: 0.0, Diff: 0.0, Sum: 0.1]
         [Processed Buffers: Min: 1, Avg: 1.5, Max: 2, Diff: 1, Sum: 3]
      [Scan RS (ms): Min: 0.8, Avg: 0.8, Max: 0.8, Diff: 0.0, Sum: 1.6]
      [Code Root Scanning (ms): Min: 0.3, Avg: 0.3, Max: 0.3, Diff: 0.0, Sum: 0.7]
      [Object Copy (ms): Min: 0.3, Avg: 0.3, Max: 0.3, Diff: 0.0, Sum: 0.5]
      [Termination (ms): Min: 0.0, Avg: 0.0, Max: 0.0, Diff: 0.0, Sum: 0.0]
      [GC Worker Other (ms): Min: 0.0, Avg: 0.0, Max: 0.0, Diff: 0.0, Sum: 0.1]
      [GC Worker Total (ms): Min: 1.8, Avg: 1.8, Max: 1.8, Diff: 0.0, Sum: 3.5]
      [GC Worker End (ms): Min: 75220.8, Avg: 75220.8, Max: 75220.8, Diff: 0.0]
   [Code Root Fixup: 0.0 ms]
   [Code Root Migration: 0.0 ms]
   [Clear CT: 0.3 ms]
   [Other: 0.7 ms]
      [Choose CSet: 0.0 ms]
      [Ref Proc: 0.0 ms]
      [Ref Enq: 0.0 ms]
      [Free CSet: 0.6 ms]
   [Eden: 476.0M(476.0M)->0.0B(536.0M) Survivors: 61.0M->1024.0K Heap: 644.5M(896.0M)->108.0M(896.0M)]
 [Times: user=0.00 sys=0.00, real=0.00 secs] 
2014-07-10T11:59:16.708+0200: 75.779: [GC pause (G1 Evacuation Pause) (young), 0.0387193 secs]
   [Parallel Time: 37.2 ms, GC Workers: 2]
      [GC Worker Start (ms): Min: 75778.7, Avg: 75778.7, Max: 75778.7, Diff: 0.0]
      [Ext Root Scanning (ms): Min: 0.4, Avg: 0.4, Max: 0.4, Diff: 0.0, Sum: 0.7]
      [Update RS (ms): Min: 0.1, Avg: 0.1, Max: 0.1, Diff: 0.0, Sum: 0.1]
         [Processed Buffers: Min: 2, Avg: 2.0, Max: 2, Diff: 0, Sum: 4]
      [Scan RS (ms): Min: 0.9, Avg: 0.9, Max: 1.0, Diff: 0.0, Sum: 1.9]
      [Code Root Scanning (ms): Min: 0.4, Avg: 0.4, Max: 0.4, Diff: 0.0, Sum: 0.8]
      [Object Copy (ms): Min: 35.3, Avg: 35.3, Max: 35.3, Diff: 0.0, Sum: 70.6]
      [Termination (ms): Min: 0.0, Avg: 0.0, Max: 0.0, Diff: 0.0, Sum: 0.0]
      [GC Worker Other (ms): Min: 0.0, Avg: 0.1, Max: 0.1, Diff: 0.0, Sum: 0.1]
      [GC Worker Total (ms): Min: 37.1, Avg: 37.2, Max: 37.2, Diff: 0.1, Sum: 74.3]
      [GC Worker End (ms): Min: 75815.8, Avg: 75815.9, Max: 75815.9, Diff: 0.0]
   [Code Root Fixup: 0.0 ms]
   [Code Root Migration: 0.1 ms]
   [Clear CT: 0.4 ms]
   [Other: 1.0 ms]
      [Choose CSet: 0.0 ms]
      [Ref Proc: 0.1 ms]
      [Ref Enq: 0.0 ms]
      [Free CSet: 0.7 ms]
   [Eden: 536.0M(536.0M)->0.0B(479.0M) Survivors: 1024.0K->58.0M Heap: 644.0M(896.0M)->165.5M(896.0M)]
 [Times: user=0.08 sys=0.00, real=0.04 secs] 
2014-07-10T11:59:17.137+0200: 76.207: [GC pause (G1 Evacuation Pause) (young), 0.0080669 secs]
   [Parallel Time: 6.7 ms, GC Workers: 2]
      [GC Worker Start (ms): Min: 76206.8, Avg: 76206.8, Max: 76206.9, Diff: 0.0]
      [Ext Root Scanning (ms): Min: 0.3, Avg: 0.3, Max: 0.3, Diff: 0.0, Sum: 0.6]
      [Update RS (ms): Min: 0.0, Avg: 0.0, Max: 0.0, Diff: 0.0, Sum: 0.1]
         [Processed Buffers: Min: 1, Avg: 1.5, Max: 2, Diff: 1, Sum: 3]
      [Scan RS (ms): Min: 0.8, Avg: 0.8, Max: 0.8, Diff: 0.0, Sum: 1.5]
      [Code Root Scanning (ms): Min: 0.3, Avg: 0.3, Max: 0.3, Diff: 0.0, Sum: 0.7]
      [Object Copy (ms): Min: 5.1, Avg: 5.1, Max: 5.1, Diff: 0.0, Sum: 10.2]
      [Termination (ms): Min: 0.0, Avg: 0.0, Max: 0.0, Diff: 0.0, Sum: 0.0]
      [GC Worker Other (ms): Min: 0.0, Avg: 0.0, Max: 0.1, Diff: 0.0, Sum: 0.1]
      [GC Worker Total (ms): Min: 6.6, Avg: 6.6, Max: 6.6, Diff: 0.0, Sum: 13.2]
      [GC Worker End (ms): Min: 76213.5, Avg: 76213.5, Max: 76213.5, Diff: 0.0]
   [Code Root Fixup: 0.0 ms]
   [Code Root Migration: 0.1 ms]
   [Clear CT: 0.4 ms]
   [Other: 0.9 ms]
      [Choose CSet: 0.0 ms]
      [Ref Proc: 0.1 ms]
      [Ref Enq: 0.0 ms]
      [Free CSet: 0.7 ms]
   [Eden: 479.0M(479.0M)->0.0B(528.0M) Survivors: 58.0M->9216.0K Heap: 644.5M(896.0M)->116.1M(896.0M)]
 [Times: user=0.00 sys=0.00, real=0.01 secs] 
2014-07-10T11:59:17.693+0200: 76.763: [GC pause (G1 Evacuation Pause) (young), 0.0325919 secs]
   [Parallel Time: 31.1 ms, GC Workers: 2]
      [GC Worker Start (ms): Min: 76762.9, Avg: 76762.9, Max: 76762.9, Diff: 0.0]
      [Ext Root Scanning (ms): Min: 0.3, Avg: 0.3, Max: 0.3, Diff: 0.0, Sum: 0.6]
      [Update RS (ms): Min: 0.0, Avg: 0.1, Max: 0.1, Diff: 0.0, Sum: 0.1]
         [Processed Buffers: Min: 2, Avg: 2.0, Max: 2, Diff: 0, Sum: 4]
      [Scan RS (ms): Min: 0.8, Avg: 0.8, Max: 0.8, Diff: 0.0, Sum: 1.6]
      [Code Root Scanning (ms): Min: 0.4, Avg: 0.4, Max: 0.4, Diff: 0.0, Sum: 0.7]
      [Object Copy (ms): Min: 29.4, Avg: 29.4, Max: 29.4, Diff: 0.0, Sum: 58.9]
      [Termination (ms): Min: 0.0, Avg: 0.0, Max: 0.0, Diff: 0.0, Sum: 0.0]
      [GC Worker Other (ms): Min: 0.0, Avg: 0.1, Max: 0.1, Diff: 0.1, Sum: 0.1]
      [GC Worker Total (ms): Min: 31.0, Avg: 31.1, Max: 31.1, Diff: 0.0, Sum: 62.1]
      [GC Worker End (ms): Min: 76793.9, Avg: 76794.0, Max: 76794.0, Diff: 0.1]
   [Code Root Fixup: 0.0 ms]
   [Code Root Migration: 0.1 ms]
   [Clear CT: 0.4 ms]
   [Other: 1.0 ms]
      [Choose CSet: 0.0 ms]
      [Ref Proc: 0.0 ms]
      [Ref Enq: 0.0 ms]
      [Free CSet: 0.8 ms]
   [Eden: 528.0M(528.0M)->0.0B(488.0M) Survivors: 9216.0K->49.0M Heap: 644.1M(896.0M)->156.4M(896.0M)]
 [Times: user=0.06 sys=0.00, real=0.03 secs] 
2014-07-10T11:59:18.135+0200: 77.205: [GC pause (G1 Evacuation Pause) (young), 0.0077090 secs]
   [Parallel Time: 6.3 ms, GC Workers: 2]
      [GC Worker Start (ms): Min: 77205.3, Avg: 77205.3, Max: 77205.3, Diff: 0.0]
      [Ext Root Scanning (ms): Min: 0.3, Avg: 0.3, Max: 0.3, Diff: 0.0, Sum: 0.6]
      [Update RS (ms): Min: 0.0, Avg: 0.0, Max: 0.1, Diff: 0.0, Sum: 0.1]
         [Processed Buffers: Min: 1, Avg: 1.5, Max: 2, Diff: 1, Sum: 3]
      [Scan RS (ms): Min: 0.8, Avg: 0.8, Max: 0.8, Diff: 0.0, Sum: 1.6]
      [Code Root Scanning (ms): Min: 0.3, Avg: 0.4, Max: 0.4, Diff: 0.0, Sum: 0.7]
      [Object Copy (ms): Min: 4.7, Avg: 4.7, Max: 4.7, Diff: 0.0, Sum: 9.5]
      [Termination (ms): Min: 0.0, Avg: 0.0, Max: 0.0, Diff: 0.0, Sum: 0.0]
      [GC Worker Other (ms): Min: 0.0, Avg: 0.0, Max: 0.0, Diff: 0.0, Sum: 0.1]
      [GC Worker Total (ms): Min: 6.3, Avg: 6.3, Max: 6.3, Diff: 0.0, Sum: 12.6]
      [GC Worker End (ms): Min: 77211.6, Avg: 77211.6, Max: 77211.6, Diff: 0.0]
   [Code Root Fixup: 0.0 ms]
   [Code Root Migration: 0.1 ms]
   [Clear CT: 0.4 ms]
   [Other: 0.9 ms]
      [Choose CSet: 0.0 ms]
      [Ref Proc: 0.1 ms]
      [Ref Enq: 0.0 ms]
      [Free CSet: 0.7 ms]
   [Eden: 488.0M(488.0M)->0.0B(529.0M) Survivors: 49.0M->8192.0K Heap: 644.4M(896.0M)->116.0M(896.0M)]
 [Times: user=0.00 sys=0.00, real=0.01 secs] 
2014-07-10T11:59:18.710+0200: 77.781: [GC pause (G1 Evacuation Pause) (young), 0.0372847 secs]
   [Parallel Time: 35.7 ms, GC Workers: 2]
      [GC Worker Start (ms): Min: 77780.7, Avg: 77780.7, Max: 77780.7, Diff: 0.0]
      [Ext Root Scanning (ms): Min: 0.4, Avg: 0.4, Max: 0.4, Diff: 0.0, Sum: 0.8]
      [Update RS (ms): Min: 0.1, Avg: 0.1, Max: 0.1, Diff: 0.0, Sum: 0.2]
         [Processed Buffers: Min: 1, Avg: 1.5, Max: 2, Diff: 1, Sum: 3]
      [Scan RS (ms): Min: 0.9, Avg: 0.9, Max: 0.9, Diff: 0.0, Sum: 1.9]
      [Code Root Scanning (ms): Min: 0.4, Avg: 0.4, Max: 0.4, Diff: 0.0, Sum: 0.7]
      [Object Copy (ms): Min: 33.8, Avg: 33.8, Max: 33.8, Diff: 0.0, Sum: 67.6]
      [Termination (ms): Min: 0.0, Avg: 0.0, Max: 0.0, Diff: 0.0, Sum: 0.0]
      [GC Worker Other (ms): Min: 0.0, Avg: 0.0, Max: 0.0, Diff: 0.0, Sum: 0.1]
      [GC Worker Total (ms): Min: 35.6, Avg: 35.6, Max: 35.7, Diff: 0.0, Sum: 71.3]
      [GC Worker End (ms): Min: 77816.4, Avg: 77816.4, Max: 77816.4, Diff: 0.0]
   [Code Root Fixup: 0.0 ms]
   [Code Root Migration: 0.1 ms]
   [Clear CT: 0.4 ms]
   [Other: 1.1 ms]
      [Choose CSet: 0.0 ms]
      [Ref Proc: 0.1 ms]
      [Ref Enq: 0.0 ms]
      [Free CSet: 0.8 ms]
   [Eden: 529.0M(529.0M)->0.0B(482.0M) Survivors: 8192.0K->55.0M Heap: 645.0M(896.0M)->162.4M(896.0M)]
 [Times: user=0.09 sys=0.00, real=0.04 secs] 
2014-07-10T11:59:19.134+0200: 78.204: [GC pause (G1 Evacuation Pause) (young), 0.0078157 secs]
   [Parallel Time: 6.3 ms, GC Workers: 2]
      [GC Worker Start (ms): Min: 78204.2, Avg: 78204.2, Max: 78204.2, Diff: 0.0]
      [Ext Root Scanning (ms): Min: 0.3, Avg: 0.3, Max: 0.3, Diff: 0.0, Sum: 0.6]
      [Update RS (ms): Min: 0.0, Avg: 0.0, Max: 0.0, Diff: 0.0, Sum: 0.1]
         [Processed Buffers: Min: 1, Avg: 1.5, Max: 2, Diff: 1, Sum: 3]
      [Scan RS (ms): Min: 0.8, Avg: 0.8, Max: 0.8, Diff: 0.0, Sum: 1.6]
      [Code Root Scanning (ms): Min: 0.3, Avg: 0.3, Max: 0.4, Diff: 0.0, Sum: 0.7]
      [Object Copy (ms): Min: 4.7, Avg: 4.7, Max: 4.7, Diff: 0.0, Sum: 9.4]
      [Termination (ms): Min: 0.0, Avg: 0.0, Max: 0.0, Diff: 0.0, Sum: 0.0]
      [GC Worker Other (ms): Min: 0.0, Avg: 0.0, Max: 0.0, Diff: 0.0, Sum: 0.1]
      [GC Worker Total (ms): Min: 6.2, Avg: 6.3, Max: 6.3, Diff: 0.0, Sum: 12.5]
      [GC Worker End (ms): Min: 78210.4, Avg: 78210.4, Max: 78210.4, Diff: 0.0]
   [Code Root Fixup: 0.0 ms]
   [Code Root Migration: 0.1 ms]
   [Clear CT: 0.4 ms]
   [Other: 1.0 ms]
      [Choose CSet: 0.0 ms]
      [Ref Proc: 0.1 ms]
      [Ref Enq: 0.0 ms]
      [Free CSet: 0.8 ms]
   [Eden: 482.0M(482.0M)->0.0B(529.0M) Survivors: 55.0M->8192.0K Heap: 644.4M(896.0M)->116.0M(896.0M)]
 [Times: user=0.00 sys=0.00, real=0.01 secs] 
2014-07-10T11:59:19.704+0200: 78.774: [GC pause (G1 Evacuation Pause) (young), 0.0339921 secs]
   [Parallel Time: 32.4 ms, GC Workers: 2]
      [GC Worker Start (ms): Min: 78774.0, Avg: 78774.0, Max: 78774.0, Diff: 0.0]
      [Ext Root Scanning (ms): Min: 0.4, Avg: 0.4, Max: 0.4, Diff: 0.0, Sum: 0.7]
      [Update RS (ms): Min: 0.1, Avg: 0.1, Max: 0.1, Diff: 0.0, Sum: 0.1]
         [Processed Buffers: Min: 2, Avg: 2.0, Max: 2, Diff: 0, Sum: 4]
      [Scan RS (ms): Min: 1.0, Avg: 1.0, Max: 1.0, Diff: 0.0, Sum: 1.9]
      [Code Root Scanning (ms): Min: 0.4, Avg: 0.4, Max: 0.4, Diff: 0.0, Sum: 0.7]
      [Object Copy (ms): Min: 30.5, Avg: 30.5, Max: 30.6, Diff: 0.0, Sum: 61.1]
      [Termination (ms): Min: 0.0, Avg: 0.0, Max: 0.0, Diff: 0.0, Sum: 0.0]
      [GC Worker Other (ms): Min: 0.0, Avg: 0.0, Max: 0.0, Diff: 0.0, Sum: 0.1]
      [GC Worker Total (ms): Min: 32.4, Avg: 32.4, Max: 32.4, Diff: 0.0, Sum: 64.8]
      [GC Worker End (ms): Min: 78806.4, Avg: 78806.4, Max: 78806.4, Diff: 0.0]
   [Code Root Fixup: 0.0 ms]
   [Code Root Migration: 0.1 ms]
   [Clear CT: 0.4 ms]
   [Other: 1.1 ms]
      [Choose CSet: 0.0 ms]
      [Ref Proc: 0.1 ms]
      [Ref Enq: 0.0 ms]
      [Free CSet: 0.7 ms]
   [Eden: 529.0M(529.0M)->0.0B(487.0M) Survivors: 8192.0K->50.0M Heap: 645.0M(896.0M)->157.3M(896.0M)]
 [Times: user=0.05 sys=0.00, real=0.03 secs] 
2014-07-10T11:59:20.145+0200: 79.215: [GC pause (G1 Evacuation Pause) (young), 0.0079719 secs]
   [Parallel Time: 6.6 ms, GC Workers: 2]
      [GC Worker Start (ms): Min: 79215.2, Avg: 79215.2, Max: 79215.2, Diff: 0.0]
      [Ext Root Scanning (ms): Min: 0.3, Avg: 0.3, Max: 0.3, Diff: 0.0, Sum: 0.7]
      [Update RS (ms): Min: 0.0, Avg: 0.1, Max: 0.1, Diff: 0.0, Sum: 0.1]
         [Processed Buffers: Min: 1, Avg: 1.5, Max: 2, Diff: 1, Sum: 3]
      [Scan RS (ms): Min: 0.8, Avg: 0.8, Max: 0.9, Diff: 0.0, Sum: 1.7]
      [Code Root Scanning (ms): Min: 0.3, Avg: 0.4, Max: 0.4, Diff: 0.0, Sum: 0.7]
      [Object Copy (ms): Min: 4.9, Avg: 4.9, Max: 4.9, Diff: 0.0, Sum: 9.7]
      [Termination (ms): Min: 0.0, Avg: 0.0, Max: 0.0, Diff: 0.0, Sum: 0.0]
      [GC Worker Other (ms): Min: 0.0, Avg: 0.0, Max: 0.0, Diff: 0.0, Sum: 0.1]
      [GC Worker Total (ms): Min: 6.5, Avg: 6.5, Max: 6.5, Diff: 0.0, Sum: 13.0]
      [GC Worker End (ms): Min: 79221.7, Avg: 79221.7, Max: 79221.7, Diff: 0.0]
   [Code Root Fixup: 0.0 ms]
   [Code Root Migration: 0.1 ms]
   [Clear CT: 0.4 ms]
   [Other: 0.9 ms]
      [Choose CSet: 0.0 ms]
      [Ref Proc: 0.1 ms]
      [Ref Enq: 0.0 ms]
      [Free CSet: 0.7 ms]
   [Eden: 487.0M(487.0M)->0.0B(529.0M) Survivors: 50.0M->8192.0K Heap: 644.3M(896.0M)->115.9M(896.0M)]
 [Times: user=0.03 sys=0.00, real=0.01 secs] 
2014-07-10T11:59:20.711+0200: 79.781: [GC pause (G1 Evacuation Pause) (young), 0.0350659 secs]
   [Parallel Time: 33.6 ms, GC Workers: 2]
      [GC Worker Start (ms): Min: 79781.2, Avg: 79781.2, Max: 79781.3, Diff: 0.0]
      [Ext Root Scanning (ms): Min: 0.6, Avg: 0.6, Max: 0.6, Diff: 0.0, Sum: 1.2]
      [Update RS (ms): Min: 0.1, Avg: 0.2, Max: 0.2, Diff: 0.0, Sum: 0.3]
         [Processed Buffers: Min: 1, Avg: 1.5, Max: 2, Diff: 1, Sum: 3]
      [Scan RS (ms): Min: 1.5, Avg: 1.5, Max: 1.5, Diff: 0.0, Sum: 2.9]
      [Code Root Scanning (ms): Min: 0.5, Avg: 0.6, Max: 0.6, Diff: 0.1, Sum: 1.1]
      [Object Copy (ms): Min: 30.6, Avg: 30.6, Max: 30.7, Diff: 0.0, Sum: 61.3]
      [Termination (ms): Min: 0.0, Avg: 0.0, Max: 0.0, Diff: 0.0, Sum: 0.0]
      [GC Worker Other (ms): Min: 0.0, Avg: 0.0, Max: 0.0, Diff: 0.0, Sum: 0.1]
      [GC Worker Total (ms): Min: 33.5, Avg: 33.5, Max: 33.5, Diff: 0.0, Sum: 67.0]
      [GC Worker End (ms): Min: 79814.7, Avg: 79814.7, Max: 79814.7, Diff: 0.0]
   [Code Root Fixup: 0.0 ms]
   [Code Root Migration: 0.1 ms]
   [Clear CT: 0.4 ms]
   [Other: 1.0 ms]
      [Choose CSet: 0.0 ms]
      [Ref Proc: 0.0 ms]
      [Ref Enq: 0.0 ms]
      [Free CSet: 0.7 ms]
   [Eden: 529.0M(529.0M)->0.0B(487.0M) Survivors: 8192.0K->50.0M Heap: 644.9M(896.0M)->158.3M(896.0M)]
 [Times: user=0.06 sys=0.00, real=0.04 secs] 
2014-07-10T11:59:21.153+0200: 80.223: [GC pause (G1 Evacuation Pause) (young), 0.0031284 secs]
   [Parallel Time: 2.0 ms, GC Workers: 2]
      [GC Worker Start (ms): Min: 80223.0, Avg: 80223.0, Max: 80223.0, Diff: 0.0]
      [Ext Root Scanning (ms): Min: 0.3, Avg: 0.3, Max: 0.3, Diff: 0.0, Sum: 0.7]
      [Update RS (ms): Min: 0.1, Avg: 0.1, Max: 0.1, Diff: 0.0, Sum: 0.1]
         [Processed Buffers: Min: 1, Avg: 1.5, Max: 2, Diff: 1, Sum: 3]
      [Scan RS (ms): Min: 0.8, Avg: 0.8, Max: 0.8, Diff: 0.0, Sum: 1.7]
      [Code Root Scanning (ms): Min: 0.4, Avg: 0.4, Max: 0.4, Diff: 0.0, Sum: 0.7]
      [Object Copy (ms): Min: 0.4, Avg: 0.4, Max: 0.4, Diff: 0.0, Sum: 0.7]
      [Termination (ms): Min: 0.0, Avg: 0.0, Max: 0.0, Diff: 0.0, Sum: 0.0]
      [GC Worker Other (ms): Min: 0.0, Avg: 0.0, Max: 0.0, Diff: 0.0, Sum: 0.1]
      [GC Worker Total (ms): Min: 2.0, Avg: 2.0, Max: 2.0, Diff: 0.0, Sum: 3.9]
      [GC Worker End (ms): Min: 80225.0, Avg: 80225.0, Max: 80225.0, Diff: 0.0]
   [Code Root Fixup: 0.0 ms]
   [Code Root Migration: 0.0 ms]
   [Clear CT: 0.3 ms]
   [Other: 0.8 ms]
      [Choose CSet: 0.0 ms]
      [Ref Proc: 0.0 ms]
      [Ref Enq: 0.0 ms]
      [Free CSet: 0.6 ms]
   [Eden: 487.0M(487.0M)->0.0B(536.0M) Survivors: 50.0M->1024.0K Heap: 645.3M(896.0M)->108.8M(896.0M)]
 [Times: user=0.00 sys=0.00, real=0.00 secs] 
2014-07-10T11:59:21.697+0200: 80.767: [GC pause (G1 Evacuation Pause) (young), 0.0397627 secs]
   [Parallel Time: 38.3 ms, GC Workers: 2]
      [GC Worker Start (ms): Min: 80767.2, Avg: 80767.2, Max: 80767.2, Diff: 0.0]
      [Ext Root Scanning (ms): Min: 0.3, Avg: 0.3, Max: 0.3, Diff: 0.0, Sum: 0.7]
      [Update RS (ms): Min: 0.1, Avg: 0.1, Max: 0.1, Diff: 0.0, Sum: 0.1]
         [Processed Buffers: Min: 2, Avg: 2.0, Max: 2, Diff: 0, Sum: 4]
      [Scan RS (ms): Min: 0.8, Avg: 0.8, Max: 0.8, Diff: 0.0, Sum: 1.6]
      [Code Root Scanning (ms): Min: 0.3, Avg: 0.4, Max: 0.4, Diff: 0.0, Sum: 0.7]
      [Object Copy (ms): Min: 36.7, Avg: 36.7, Max: 36.7, Diff: 0.0, Sum: 73.3]
      [Termination (ms): Min: 0.0, Avg: 0.0, Max: 0.0, Diff: 0.0, Sum: 0.0]
      [GC Worker Other (ms): Min: 0.0, Avg: 0.0, Max: 0.0, Diff: 0.0, Sum: 0.1]
      [GC Worker Total (ms): Min: 38.3, Avg: 38.3, Max: 38.3, Diff: 0.0, Sum: 76.5]
      [GC Worker End (ms): Min: 80805.4, Avg: 80805.4, Max: 80805.4, Diff: 0.0]
   [Code Root Fixup: 0.0 ms]
   [Code Root Migration: 0.1 ms]
   [Clear CT: 0.4 ms]
   [Other: 1.0 ms]
      [Choose CSet: 0.0 ms]
      [Ref Proc: 0.1 ms]
      [Ref Enq: 0.0 ms]
      [Free CSet: 0.7 ms]
   [Eden: 536.0M(536.0M)->0.0B(476.0M) Survivors: 1024.0K->61.0M Heap: 644.8M(896.0M)->169.3M(896.0M)]
 [Times: user=0.06 sys=0.00, real=0.04 secs] 
2014-07-10T11:59:22.149+0200: 81.220: [GC pause (G1 Evacuation Pause) (young), 0.0030822 secs]
   [Parallel Time: 1.9 ms, GC Workers: 2]
      [GC Worker Start (ms): Min: 81220.0, Avg: 81220.0, Max: 81220.0, Diff: 0.0]
      [Ext Root Scanning (ms): Min: 0.4, Avg: 0.4, Max: 0.4, Diff: 0.0, Sum: 0.7]
      [Update RS (ms): Min: 0.0, Avg: 0.0, Max: 0.1, Diff: 0.1, Sum: 0.1]
         [Processed Buffers: Min: 0, Avg: 1.5, Max: 3, Diff: 3, Sum: 3]
      [Scan RS (ms): Min: 0.7, Avg: 0.7, Max: 0.8, Diff: 0.1, Sum: 1.5]
      [Code Root Scanning (ms): Min: 0.3, Avg: 0.3, Max: 0.4, Diff: 0.0, Sum: 0.7]
      [Object Copy (ms): Min: 0.3, Avg: 0.3, Max: 0.3, Diff: 0.0, Sum: 0.5]
      [Termination (ms): Min: 0.0, Avg: 0.0, Max: 0.0, Diff: 0.0, Sum: 0.0]
      [GC Worker Other (ms): Min: 0.0, Avg: 0.1, Max: 0.2, Diff: 0.2, Sum: 0.3]
      [GC Worker Total (ms): Min: 1.9, Avg: 1.9, Max: 1.9, Diff: 0.0, Sum: 3.8]
      [GC Worker End (ms): Min: 81221.9, Avg: 81221.9, Max: 81221.9, Diff: 0.0]
   [Code Root Fixup: 0.0 ms]
   [Code Root Migration: 0.0 ms]
   [Clear CT: 0.4 ms]
   [Other: 0.7 ms]
      [Choose CSet: 0.0 ms]
      [Ref Proc: 0.0 ms]
      [Ref Enq: 0.0 ms]
      [Free CSet: 0.6 ms]
   [Eden: 476.0M(476.0M)->0.0B(536.0M) Survivors: 61.0M->1024.0K Heap: 645.3M(896.0M)->108.9M(896.0M)]
 [Times: user=0.00 sys=0.00, real=0.00 secs] 
2014-07-10T11:59:22.708+0200: 81.778: [GC pause (G1 Evacuation Pause) (young), 0.0389316 secs]
   [Parallel Time: 37.5 ms, GC Workers: 2]
      [GC Worker Start (ms): Min: 81778.5, Avg: 81778.5, Max: 81778.6, Diff: 0.0]
      [Ext Root Scanning (ms): Min: 0.3, Avg: 0.3, Max: 0.3, Diff: 0.0, Sum: 0.7]
      [Update RS (ms): Min: 0.1, Avg: 0.1, Max: 0.1, Diff: 0.0, Sum: 0.1]
         [Processed Buffers: Min: 1, Avg: 2.0, Max: 3, Diff: 2, Sum: 4]
      [Scan RS (ms): Min: 0.9, Avg: 0.9, Max: 0.9, Diff: 0.0, Sum: 1.8]
      [Code Root Scanning (ms): Min: 0.4, Avg: 0.4, Max: 0.4, Diff: 0.0, Sum: 0.8]
      [Object Copy (ms): Min: 35.6, Avg: 35.7, Max: 35.7, Diff: 0.0, Sum: 71.3]
      [Termination (ms): Min: 0.0, Avg: 0.0, Max: 0.0, Diff: 0.0, Sum: 0.0]
      [GC Worker Other (ms): Min: 0.0, Avg: 0.0, Max: 0.1, Diff: 0.0, Sum: 0.1]
      [GC Worker Total (ms): Min: 37.4, Avg: 37.4, Max: 37.4, Diff: 0.0, Sum: 74.8]
      [GC Worker End (ms): Min: 81815.9, Avg: 81815.9, Max: 81816.0, Diff: 0.0]
   [Code Root Fixup: 0.0 ms]
   [Code Root Migration: 0.1 ms]
   [Clear CT: 0.4 ms]
   [Other: 1.0 ms]
      [Choose CSet: 0.0 ms]
      [Ref Proc: 0.1 ms]
      [Ref Enq: 0.0 ms]
      [Free CSet: 0.7 ms]
   [Eden: 536.0M(536.0M)->0.0B(479.0M) Survivors: 1024.0K->58.0M Heap: 644.9M(896.0M)->166.3M(896.0M)]
 [Times: user=0.06 sys=0.00, real=0.04 secs] 
2014-07-10T11:59:23.162+0200: 82.233: [GC pause (G1 Evacuation Pause) (young), 0.0078660 secs]
   [Parallel Time: 6.5 ms, GC Workers: 2]
      [GC Worker Start (ms): Min: 82233.1, Avg: 82233.1, Max: 82233.1, Diff: 0.0]
      [Ext Root Scanning (ms): Min: 0.3, Avg: 0.3, Max: 0.3, Diff: 0.0, Sum: 0.6]
      [Update RS (ms): Min: 0.0, Avg: 0.1, Max: 0.1, Diff: 0.0, Sum: 0.1]
         [Processed Buffers: Min: 1, Avg: 1.5, Max: 2, Diff: 1, Sum: 3]
      [Scan RS (ms): Min: 0.8, Avg: 0.8, Max: 0.8, Diff: 0.0, Sum: 1.5]
      [Code Root Scanning (ms): Min: 0.3, Avg: 0.3, Max: 0.4, Diff: 0.0, Sum: 0.7]
      [Object Copy (ms): Min: 5.0, Avg: 5.0, Max: 5.0, Diff: 0.0, Sum: 9.9]
      [Termination (ms): Min: 0.0, Avg: 0.0, Max: 0.0, Diff: 0.0, Sum: 0.0]
      [GC Worker Other (ms): Min: 0.0, Avg: 0.0, Max: 0.0, Diff: 0.0, Sum: 0.1]
      [GC Worker Total (ms): Min: 6.5, Avg: 6.5, Max: 6.5, Diff: 0.0, Sum: 13.0]
      [GC Worker End (ms): Min: 82239.6, Avg: 82239.6, Max: 82239.6, Diff: 0.0]
   [Code Root Fixup: 0.0 ms]
   [Code Root Migration: 0.2 ms]
   [Clear CT: 0.4 ms]
   [Other: 0.8 ms]
      [Choose CSet: 0.0 ms]
      [Ref Proc: 0.0 ms]
      [Ref Enq: 0.0 ms]
      [Free CSet: 0.6 ms]
   [Eden: 479.0M(479.0M)->0.0B(528.0M) Survivors: 58.0M->9216.0K Heap: 645.3M(896.0M)->116.9M(896.0M)]
 [Times: user=0.00 sys=0.00, real=0.01 secs] 
2014-07-10T11:59:23.691+0200: 82.761: [GC pause (G1 Evacuation Pause) (young), 0.0326183 secs]
   [Parallel Time: 30.9 ms, GC Workers: 2]
      [GC Worker Start (ms): Min: 82761.4, Avg: 82761.4, Max: 82761.4, Diff: 0.0]
      [Ext Root Scanning (ms): Min: 0.3, Avg: 0.3, Max: 0.3, Diff: 0.0, Sum: 0.7]
      [Update RS (ms): Min: 0.1, Avg: 0.1, Max: 0.1, Diff: 0.0, Sum: 0.1]
         [Processed Buffers: Min: 2, Avg: 2.0, Max: 2, Diff: 0, Sum: 4]
      [Scan RS (ms): Min: 0.8, Avg: 0.8, Max: 0.8, Diff: 0.0, Sum: 1.6]
      [Code Root Scanning (ms): Min: 0.3, Avg: 0.3, Max: 0.4, Diff: 0.0, Sum: 0.7]
      [Object Copy (ms): Min: 29.2, Avg: 29.2, Max: 29.2, Diff: 0.0, Sum: 58.5]
      [Termination (ms): Min: 0.0, Avg: 0.0, Max: 0.0, Diff: 0.0, Sum: 0.0]
      [GC Worker Other (ms): Min: 0.0, Avg: 0.0, Max: 0.0, Diff: 0.0, Sum: 0.1]
      [GC Worker Total (ms): Min: 30.8, Avg: 30.8, Max: 30.8, Diff: 0.0, Sum: 61.7]
      [GC Worker End (ms): Min: 82792.3, Avg: 82792.3, Max: 82792.3, Diff: 0.0]
   [Code Root Fixup: 0.0 ms]
   [Code Root Migration: 0.1 ms]
   [Clear CT: 0.4 ms]
   [Other: 1.3 ms]
      [Choose CSet: 0.0 ms]
      [Ref Proc: 0.3 ms]
      [Ref Enq: 0.0 ms]
      [Free CSet: 0.8 ms]
   [Eden: 528.0M(528.0M)->0.0B(488.0M) Survivors: 9216.0K->49.0M Heap: 644.9M(896.0M)->157.2M(896.0M)]
 [Times: user=0.06 sys=0.00, real=0.03 secs] 
2014-07-10T11:59:24.139+0200: 83.209: [GC pause (G1 Evacuation Pause) (young), 0.0081970 secs]
   [Parallel Time: 6.6 ms, GC Workers: 2]
      [GC Worker Start (ms): Min: 83209.5, Avg: 83209.5, Max: 83209.5, Diff: 0.0]
      [Ext Root Scanning (ms): Min: 0.3, Avg: 0.3, Max: 0.3, Diff: 0.0, Sum: 0.7]
      [Update RS (ms): Min: 0.1, Avg: 0.1, Max: 0.1, Diff: 0.0, Sum: 0.1]
         [Processed Buffers: Min: 1, Avg: 1.5, Max: 2, Diff: 1, Sum: 3]
      [Scan RS (ms): Min: 0.8, Avg: 0.8, Max: 0.8, Diff: 0.0, Sum: 1.6]
      [Code Root Scanning (ms): Min: 0.3, Avg: 0.4, Max: 0.4, Diff: 0.0, Sum: 0.7]
      [Object Copy (ms): Min: 4.9, Avg: 4.9, Max: 4.9, Diff: 0.0, Sum: 9.8]
      [Termination (ms): Min: 0.0, Avg: 0.0, Max: 0.0, Diff: 0.0, Sum: 0.0]
      [GC Worker Other (ms): Min: 0.0, Avg: 0.1, Max: 0.1, Diff: 0.0, Sum: 0.1]
      [GC Worker Total (ms): Min: 6.5, Avg: 6.5, Max: 6.5, Diff: 0.0, Sum: 13.0]
      [GC Worker End (ms): Min: 83216.0, Avg: 83216.0, Max: 83216.0, Diff: 0.0]
   [Code Root Fixup: 0.0 ms]
   [Code Root Migration: 0.1 ms]
   [Clear CT: 0.4 ms]
   [Other: 1.1 ms]
      [Choose CSet: 0.0 ms]
      [Ref Proc: 0.0 ms]
      [Ref Enq: 0.0 ms]
      [Free CSet: 0.9 ms]
   [Eden: 488.0M(488.0M)->0.0B(529.0M) Survivors: 49.0M->8192.0K Heap: 645.2M(896.0M)->116.8M(896.0M)]
 [Times: user=0.03 sys=0.00, real=0.01 secs] 
2014-07-10T11:59:24.709+0200: 83.780: [GC pause (G1 Evacuation Pause) (young), 0.0365687 secs]
   [Parallel Time: 34.9 ms, GC Workers: 2]
      [GC Worker Start (ms): Min: 83780.0, Avg: 83780.0, Max: 83780.1, Diff: 0.0]
      [Ext Root Scanning (ms): Min: 0.4, Avg: 0.4, Max: 0.4, Diff: 0.0, Sum: 0.8]
      [Update RS (ms): Min: 0.1, Avg: 0.1, Max: 0.1, Diff: 0.0, Sum: 0.1]
         [Processed Buffers: Min: 1, Avg: 1.5, Max: 2, Diff: 1, Sum: 3]
      [Scan RS (ms): Min: 0.8, Avg: 0.8, Max: 0.8, Diff: 0.0, Sum: 1.7]
      [Code Root Scanning (ms): Min: 0.4, Avg: 0.4, Max: 0.4, Diff: 0.0, Sum: 0.7]
      [Object Copy (ms): Min: 33.1, Avg: 33.1, Max: 33.1, Diff: 0.0, Sum: 66.2]
      [Termination (ms): Min: 0.0, Avg: 0.0, Max: 0.0, Diff: 0.0, Sum: 0.0]
      [GC Worker Other (ms): Min: 0.0, Avg: 0.1, Max: 0.1, Diff: 0.0, Sum: 0.1]
      [GC Worker Total (ms): Min: 34.8, Avg: 34.8, Max: 34.8, Diff: 0.0, Sum: 69.6]
      [GC Worker End (ms): Min: 83814.8, Avg: 83814.9, Max: 83814.9, Diff: 0.0]
   [Code Root Fixup: 0.0 ms]
   [Code Root Migration: 0.1 ms]
   [Clear CT: 0.4 ms]
   [Other: 1.2 ms]
      [Choose CSet: 0.0 ms]
      [Ref Proc: 0.3 ms]
      [Ref Enq: 0.0 ms]
      [Free CSet: 0.8 ms]
   [Eden: 529.0M(529.0M)->0.0B(482.0M) Survivors: 8192.0K->55.0M Heap: 645.8M(896.0M)->163.3M(896.0M)]
 [Times: user=0.06 sys=0.00, real=0.04 secs] 
2014-07-10T11:59:25.148+0200: 84.219: [GC pause (G1 Evacuation Pause) (young), 0.0078828 secs]
   [Parallel Time: 6.4 ms, GC Workers: 2]
      [GC Worker Start (ms): Min: 84219.0, Avg: 84219.0, Max: 84219.0, Diff: 0.0]
      [Ext Root Scanning (ms): Min: 0.3, Avg: 0.3, Max: 0.3, Diff: 0.0, Sum: 0.6]
      [Update RS (ms): Min: 0.0, Avg: 0.0, Max: 0.0, Diff: 0.0, Sum: 0.1]
         [Processed Buffers: Min: 1, Avg: 1.5, Max: 2, Diff: 1, Sum: 3]
      [Scan RS (ms): Min: 0.7, Avg: 0.7, Max: 0.7, Diff: 0.0, Sum: 1.4]
      [Code Root Scanning (ms): Min: 0.4, Avg: 0.4, Max: 0.4, Diff: 0.0, Sum: 0.7]
      [Object Copy (ms): Min: 4.9, Avg: 4.9, Max: 4.9, Diff: 0.0, Sum: 9.7]
      [Termination (ms): Min: 0.0, Avg: 0.0, Max: 0.0, Diff: 0.0, Sum: 0.0]
      [GC Worker Other (ms): Min: 0.0, Avg: 0.0, Max: 0.1, Diff: 0.0, Sum: 0.1]
      [GC Worker Total (ms): Min: 6.3, Avg: 6.3, Max: 6.3, Diff: 0.0, Sum: 12.7]
      [GC Worker End (ms): Min: 84225.4, Avg: 84225.4, Max: 84225.4, Diff: 0.0]
   [Code Root Fixup: 0.0 ms]
   [Code Root Migration: 0.1 ms]
   [Clear CT: 0.4 ms]
   [Other: 1.0 ms]
      [Choose CSet: 0.0 ms]
      [Ref Proc: 0.1 ms]
      [Ref Enq: 0.0 ms]
      [Free CSet: 0.8 ms]
   [Eden: 482.0M(482.0M)->0.0B(529.0M) Survivors: 55.0M->8192.0K Heap: 645.3M(896.0M)->116.8M(896.0M)]
 [Times: user=0.03 sys=0.00, real=0.01 secs] 
2014-07-10T11:59:25.703+0200: 84.774: [GC pause (G1 Evacuation Pause) (young), 0.0336533 secs]
   [Parallel Time: 32.2 ms, GC Workers: 2]
      [GC Worker Start (ms): Min: 84774.1, Avg: 84774.1, Max: 84774.1, Diff: 0.0]
      [Ext Root Scanning (ms): Min: 0.3, Avg: 0.3, Max: 0.4, Diff: 0.0, Sum: 0.7]
      [Update RS (ms): Min: 0.1, Avg: 0.1, Max: 0.1, Diff: 0.0, Sum: 0.1]
         [Processed Buffers: Min: 2, Avg: 2.0, Max: 2, Diff: 0, Sum: 4]
      [Scan RS (ms): Min: 0.9, Avg: 0.9, Max: 0.9, Diff: 0.0, Sum: 1.8]
      [Code Root Scanning (ms): Min: 0.4, Avg: 0.4, Max: 0.4, Diff: 0.0, Sum: 0.7]
      [Object Copy (ms): Min: 30.3, Avg: 30.3, Max: 30.3, Diff: 0.0, Sum: 60.7]
      [Termination (ms): Min: 0.0, Avg: 0.0, Max: 0.0, Diff: 0.0, Sum: 0.0]
      [GC Worker Other (ms): Min: 0.1, Avg: 0.1, Max: 0.1, Diff: 0.1, Sum: 0.2]
      [GC Worker Total (ms): Min: 32.1, Avg: 32.1, Max: 32.1, Diff: 0.0, Sum: 64.2]
      [GC Worker End (ms): Min: 84806.2, Avg: 84806.3, Max: 84806.3, Diff: 0.1]
   [Code Root Fixup: 0.0 ms]
   [Code Root Migration: 0.1 ms]
   [Clear CT: 0.4 ms]
   [Other: 1.0 ms]
      [Choose CSet: 0.0 ms]
      [Ref Proc: 0.0 ms]
      [Ref Enq: 0.0 ms]
      [Free CSet: 0.7 ms]
   [Eden: 529.0M(529.0M)->0.0B(487.0M) Survivors: 8192.0K->50.0M Heap: 645.8M(896.0M)->158.2M(896.0M)]
 [Times: user=0.06 sys=0.00, real=0.03 secs] 
2014-07-10T11:59:26.144+0200: 85.213: [GC pause (G1 Evacuation Pause) (young), 0.0077270 secs]
   [Parallel Time: 6.3 ms, GC Workers: 2]
      [GC Worker Start (ms): Min: 85213.6, Avg: 85213.6, Max: 85213.6, Diff: 0.0]
      [Ext Root Scanning (ms): Min: 0.3, Avg: 0.3, Max: 0.4, Diff: 0.0, Sum: 0.7]
      [Update RS (ms): Min: 0.1, Avg: 0.1, Max: 0.1, Diff: 0.0, Sum: 0.1]
         [Processed Buffers: Min: 1, Avg: 1.5, Max: 2, Diff: 1, Sum: 3]
      [Scan RS (ms): Min: 0.8, Avg: 0.8, Max: 0.8, Diff: 0.0, Sum: 1.6]
      [Code Root Scanning (ms): Min: 0.3, Avg: 0.4, Max: 0.4, Diff: 0.0, Sum: 0.7]
      [Object Copy (ms): Min: 4.7, Avg: 4.7, Max: 4.7, Diff: 0.0, Sum: 9.4]
      [Termination (ms): Min: 0.0, Avg: 0.0, Max: 0.0, Diff: 0.0, Sum: 0.0]
      [GC Worker Other (ms): Min: 0.0, Avg: 0.0, Max: 0.1, Diff: 0.0, Sum: 0.1]
      [GC Worker Total (ms): Min: 6.3, Avg: 6.3, Max: 6.3, Diff: 0.0, Sum: 12.6]
      [GC Worker End (ms): Min: 85219.9, Avg: 85219.9, Max: 85219.9, Diff: 0.0]
   [Code Root Fixup: 0.0 ms]
   [Code Root Migration: 0.1 ms]
   [Clear CT: 0.4 ms]
   [Other: 0.9 ms]
      [Choose CSet: 0.0 ms]
      [Ref Proc: 0.1 ms]
      [Ref Enq: 0.0 ms]
      [Free CSet: 0.7 ms]
   [Eden: 487.0M(487.0M)->0.0B(529.0M) Survivors: 50.0M->8192.0K Heap: 645.2M(896.0M)->116.8M(896.0M)]
 [Times: user=0.00 sys=0.00, real=0.01 secs] 
2014-07-10T11:59:26.694+0200: 85.764: [GC pause (G1 Evacuation Pause) (young), 0.0337629 secs]
   [Parallel Time: 32.1 ms, GC Workers: 2]
      [GC Worker Start (ms): Min: 85764.2, Avg: 85764.2, Max: 85764.2, Diff: 0.0]
      [Ext Root Scanning (ms): Min: 0.3, Avg: 0.4, Max: 0.4, Diff: 0.0, Sum: 0.7]
      [Update RS (ms): Min: 0.1, Avg: 0.1, Max: 0.1, Diff: 0.0, Sum: 0.1]
         [Processed Buffers: Min: 1, Avg: 1.5, Max: 2, Diff: 1, Sum: 3]
      [Scan RS (ms): Min: 0.8, Avg: 0.8, Max: 0.8, Diff: 0.0, Sum: 1.6]
      [Code Root Scanning (ms): Min: 0.3, Avg: 0.4, Max: 0.4, Diff: 0.0, Sum: 0.7]
      [Object Copy (ms): Min: 30.4, Avg: 30.4, Max: 30.4, Diff: 0.0, Sum: 60.9]
      [Termination (ms): Min: 0.0, Avg: 0.0, Max: 0.0, Diff: 0.0, Sum: 0.0]
      [GC Worker Other (ms): Min: 0.1, Avg: 0.1, Max: 0.1, Diff: 0.0, Sum: 0.1]
      [GC Worker Total (ms): Min: 32.1, Avg: 32.1, Max: 32.1, Diff: 0.0, Sum: 64.1]
      [GC Worker End (ms): Min: 85796.3, Avg: 85796.3, Max: 85796.3, Diff: 0.0]
   [Code Root Fixup: 0.0 ms]
   [Code Root Migration: 0.1 ms]
   [Clear CT: 0.5 ms]
   [Other: 1.0 ms]
      [Choose CSet: 0.0 ms]
      [Ref Proc: 0.1 ms]
      [Ref Enq: 0.0 ms]
      [Free CSet: 0.8 ms]
   [Eden: 529.0M(529.0M)->0.0B(487.0M) Survivors: 8192.0K->50.0M Heap: 645.8M(896.0M)->159.1M(896.0M)]
 [Times: user=0.06 sys=0.00, real=0.03 secs] 
2014-07-10T11:59:27.152+0200: 86.222: [GC pause (G1 Evacuation Pause) (young), 0.0033935 secs]
   [Parallel Time: 2.2 ms, GC Workers: 2]
      [GC Worker Start (ms): Min: 86221.9, Avg: 86221.9, Max: 86221.9, Diff: 0.0]
      [Ext Root Scanning (ms): Min: 0.3, Avg: 0.3, Max: 0.4, Diff: 0.0, Sum: 0.7]
      [Update RS (ms): Min: 0.1, Avg: 0.1, Max: 0.1, Diff: 0.0, Sum: 0.1]
         [Processed Buffers: Min: 1, Avg: 1.5, Max: 2, Diff: 1, Sum: 3]
      [Scan RS (ms): Min: 1.1, Avg: 1.1, Max: 1.1, Diff: 0.0, Sum: 2.3]
      [Code Root Scanning (ms): Min: 0.4, Avg: 0.4, Max: 0.4, Diff: 0.0, Sum: 0.7]
      [Object Copy (ms): Min: 0.3, Avg: 0.3, Max: 0.3, Diff: 0.0, Sum: 0.6]
      [Termination (ms): Min: 0.0, Avg: 0.0, Max: 0.0, Diff: 0.0, Sum: 0.0]
      [GC Worker Other (ms): Min: 0.0, Avg: 0.0, Max: 0.0, Diff: 0.0, Sum: 0.1]
      [GC Worker Total (ms): Min: 2.2, Avg: 2.2, Max: 2.2, Diff: 0.0, Sum: 4.4]
      [GC Worker End (ms): Min: 86224.1, Avg: 86224.1, Max: 86224.1, Diff: 0.0]
   [Code Root Fixup: 0.0 ms]
   [Code Root Migration: 0.0 ms]
   [Clear CT: 0.3 ms]
   [Other: 0.8 ms]
      [Choose CSet: 0.0 ms]
      [Ref Proc: 0.1 ms]
      [Ref Enq: 0.0 ms]
      [Free CSet: 0.6 ms]
   [Eden: 487.0M(487.0M)->0.0B(536.0M) Survivors: 50.0M->1024.0K Heap: 646.1M(896.0M)->109.7M(896.0M)]
 [Times: user=0.00 sys=0.00, real=0.00 secs] 
2014-07-10T11:59:27.702+0200: 86.772: [GC pause (G1 Evacuation Pause) (young), 0.0404164 secs]
   [Parallel Time: 38.9 ms, GC Workers: 2]
      [GC Worker Start (ms): Min: 86771.7, Avg: 86771.7, Max: 86771.7, Diff: 0.0]
      [Ext Root Scanning (ms): Min: 0.4, Avg: 0.4, Max: 0.4, Diff: 0.0, Sum: 0.8]
      [Update RS (ms): Min: 0.1, Avg: 0.1, Max: 0.1, Diff: 0.0, Sum: 0.1]
         [Processed Buffers: Min: 2, Avg: 2.0, Max: 2, Diff: 0, Sum: 4]
      [Scan RS (ms): Min: 1.1, Avg: 1.1, Max: 1.1, Diff: 0.0, Sum: 2.3]
      [Code Root Scanning (ms): Min: 0.4, Avg: 0.4, Max: 0.4, Diff: 0.0, Sum: 0.7]
      [Object Copy (ms): Min: 36.9, Avg: 36.9, Max: 36.9, Diff: 0.0, Sum: 73.7]
      [Termination (ms): Min: 0.0, Avg: 0.0, Max: 0.0, Diff: 0.0, Sum: 0.0]
      [GC Worker Other (ms): Min: 0.0, Avg: 0.1, Max: 0.1, Diff: 0.0, Sum: 0.1]
      [GC Worker Total (ms): Min: 38.9, Avg: 38.9, Max: 38.9, Diff: 0.0, Sum: 77.8]
      [GC Worker End (ms): Min: 86810.6, Avg: 86810.6, Max: 86810.6, Diff: 0.0]
   [Code Root Fixup: 0.0 ms]
   [Code Root Migration: 0.1 ms]
   [Clear CT: 0.4 ms]
   [Other: 1.0 ms]
      [Choose CSet: 0.0 ms]
      [Ref Proc: 0.1 ms]
      [Ref Enq: 0.0 ms]
      [Free CSet: 0.8 ms]
   [Eden: 536.0M(536.0M)->0.0B(476.0M) Survivors: 1024.0K->61.0M Heap: 645.7M(896.0M)->170.1M(896.0M)]
 [Times: user=0.06 sys=0.00, real=0.04 secs] 
2014-07-10T11:59:28.161+0200: 87.231: [GC pause (G1 Evacuation Pause) (young), 0.0029961 secs]
   [Parallel Time: 1.8 ms, GC Workers: 2]
      [GC Worker Start (ms): Min: 87231.0, Avg: 87231.0, Max: 87231.0, Diff: 0.0]
      [Ext Root Scanning (ms): Min: 0.3, Avg: 0.3, Max: 0.3, Diff: 0.0, Sum: 0.6]
      [Update RS (ms): Min: 0.0, Avg: 0.0, Max: 0.1, Diff: 0.0, Sum: 0.1]
         [Processed Buffers: Min: 1, Avg: 1.5, Max: 2, Diff: 1, Sum: 3]
      [Scan RS (ms): Min: 0.8, Avg: 0.8, Max: 0.8, Diff: 0.0, Sum: 1.6]
      [Code Root Scanning (ms): Min: 0.3, Avg: 0.3, Max: 0.4, Diff: 0.0, Sum: 0.7]
      [Object Copy (ms): Min: 0.2, Avg: 0.2, Max: 0.3, Diff: 0.0, Sum: 0.5]
      [Termination (ms): Min: 0.0, Avg: 0.0, Max: 0.0, Diff: 0.0, Sum: 0.0]
      [GC Worker Other (ms): Min: 0.0, Avg: 0.0, Max: 0.0, Diff: 0.0, Sum: 0.1]
      [GC Worker Total (ms): Min: 1.8, Avg: 1.8, Max: 1.8, Diff: 0.0, Sum: 3.6]
      [GC Worker End (ms): Min: 87232.8, Avg: 87232.8, Max: 87232.8, Diff: 0.0]
   [Code Root Fixup: 0.0 ms]
   [Code Root Migration: 0.0 ms]
   [Clear CT: 0.4 ms]
   [Other: 0.8 ms]
      [Choose CSet: 0.0 ms]
      [Ref Proc: 0.1 ms]
      [Ref Enq: 0.0 ms]
      [Free CSet: 0.6 ms]
   [Eden: 476.0M(476.0M)->0.0B(536.0M) Survivors: 61.0M->1024.0K Heap: 646.1M(896.0M)->109.7M(896.0M)]
 [Times: user=0.00 sys=0.00, real=0.00 secs] 
2014-07-10T11:59:28.697+0200: 87.767: [GC pause (G1 Evacuation Pause) (young), 0.0377606 secs]
   [Parallel Time: 36.3 ms, GC Workers: 2]
      [GC Worker Start (ms): Min: 87767.4, Avg: 87767.4, Max: 87767.4, Diff: 0.0]
      [Ext Root Scanning (ms): Min: 0.3, Avg: 0.3, Max: 0.3, Diff: 0.0, Sum: 0.7]
      [Update RS (ms): Min: 0.1, Avg: 0.1, Max: 0.1, Diff: 0.0, Sum: 0.1]
         [Processed Buffers: Min: 2, Avg: 2.0, Max: 2, Diff: 0, Sum: 4]
      [Scan RS (ms): Min: 0.8, Avg: 0.8, Max: 0.8, Diff: 0.0, Sum: 1.6]
      [Code Root Scanning (ms): Min: 0.4, Avg: 0.4, Max: 0.4, Diff: 0.0, Sum: 0.7]
      [Object Copy (ms): Min: 34.7, Avg: 34.7, Max: 34.7, Diff: 0.0, Sum: 69.3]
      [Termination (ms): Min: 0.0, Avg: 0.0, Max: 0.0, Diff: 0.0, Sum: 0.0]
      [GC Worker Other (ms): Min: 0.0, Avg: 0.0, Max: 0.0, Diff: 0.0, Sum: 0.1]
      [GC Worker Total (ms): Min: 36.2, Avg: 36.3, Max: 36.3, Diff: 0.0, Sum: 72.5]
      [GC Worker End (ms): Min: 87803.7, Avg: 87803.7, Max: 87803.7, Diff: 0.0]
   [Code Root Fixup: 0.0 ms]
   [Code Root Migration: 0.1 ms]
   [Clear CT: 0.4 ms]
   [Other: 1.0 ms]
      [Choose CSet: 0.0 ms]
      [Ref Proc: 0.1 ms]
      [Ref Enq: 0.0 ms]
      [Free CSet: 0.7 ms]
   [Eden: 536.0M(536.0M)->0.0B(479.0M) Survivors: 1024.0K->58.0M Heap: 645.7M(896.0M)->167.1M(896.0M)]
 [Times: user=0.06 sys=0.00, real=0.04 secs] 
2014-07-10T11:59:29.158+0200: 88.227: [GC pause (G1 Evacuation Pause) (young), 0.0080555 secs]
   [Parallel Time: 6.6 ms, GC Workers: 2]
      [GC Worker Start (ms): Min: 88227.5, Avg: 88227.5, Max: 88227.5, Diff: 0.0]
      [Ext Root Scanning (ms): Min: 0.3, Avg: 0.3, Max: 0.3, Diff: 0.0, Sum: 0.7]
      [Update RS (ms): Min: 0.1, Avg: 0.1, Max: 0.1, Diff: 0.0, Sum: 0.1]
         [Processed Buffers: Min: 1, Avg: 1.5, Max: 2, Diff: 1, Sum: 3]
      [Scan RS (ms): Min: 0.8, Avg: 0.8, Max: 0.8, Diff: 0.0, Sum: 1.6]
      [Code Root Scanning (ms): Min: 0.3, Avg: 0.3, Max: 0.3, Diff: 0.0, Sum: 0.7]
      [Object Copy (ms): Min: 5.0, Avg: 5.0, Max: 5.0, Diff: 0.0, Sum: 10.0]
      [Termination (ms): Min: 0.0, Avg: 0.0, Max: 0.0, Diff: 0.0, Sum: 0.0]
      [GC Worker Other (ms): Min: 0.0, Avg: 0.0, Max: 0.0, Diff: 0.0, Sum: 0.1]
      [GC Worker Total (ms): Min: 6.5, Avg: 6.5, Max: 6.5, Diff: 0.0, Sum: 13.1]
      [GC Worker End (ms): Min: 88234.1, Avg: 88234.1, Max: 88234.1, Diff: 0.0]
   [Code Root Fixup: 0.0 ms]
   [Code Root Migration: 0.1 ms]
   [Clear CT: 0.4 ms]
   [Other: 1.0 ms]
      [Choose CSet: 0.0 ms]
      [Ref Proc: 0.1 ms]
      [Ref Enq: 0.0 ms]
      [Free CSet: 0.8 ms]
   [Eden: 479.0M(479.0M)->0.0B(528.0M) Survivors: 58.0M->9216.0K Heap: 646.1M(896.0M)->117.7M(896.0M)]
 [Times: user=0.03 sys=0.00, real=0.01 secs] 
2014-07-10T11:59:29.709+0200: 88.779: [GC pause (G1 Evacuation Pause) (young), 0.0360866 secs]
   [Parallel Time: 34.6 ms, GC Workers: 2]
      [GC Worker Start (ms): Min: 88778.7, Avg: 88781.6, Max: 88784.5, Diff: 5.9]
      [Ext Root Scanning (ms): Min: 0.0, Avg: 0.4, Max: 0.8, Diff: 0.8, Sum: 0.8]
      [Update RS (ms): Min: 0.0, Avg: 0.1, Max: 0.2, Diff: 0.2, Sum: 0.2]
         [Processed Buffers: Min: 0, Avg: 2.0, Max: 4, Diff: 4, Sum: 4]
      [Scan RS (ms): Min: 0.1, Avg: 1.3, Max: 2.5, Diff: 2.5, Sum: 2.6]
      [Code Root Scanning (ms): Min: 0.0, Avg: 0.5, Max: 1.0, Diff: 1.0, Sum: 1.0]
      [Object Copy (ms): Min: 28.5, Avg: 29.3, Max: 30.0, Diff: 1.5, Sum: 58.6]
      [Termination (ms): Min: 0.0, Avg: 0.0, Max: 0.0, Diff: 0.0, Sum: 0.0]
      [GC Worker Other (ms): Min: 0.1, Avg: 0.1, Max: 0.1, Diff: 0.0, Sum: 0.1]
      [GC Worker Total (ms): Min: 28.7, Avg: 31.6, Max: 34.5, Diff: 5.8, Sum: 63.2]
      [GC Worker End (ms): Min: 88813.2, Avg: 88813.2, Max: 88813.2, Diff: 0.0]
   [Code Root Fixup: 0.0 ms]
   [Code Root Migration: 0.1 ms]
   [Clear CT: 0.4 ms]
   [Other: 1.0 ms]
      [Choose CSet: 0.0 ms]
      [Ref Proc: 0.1 ms]
      [Ref Enq: 0.0 ms]
      [Free CSet: 0.7 ms]
   [Eden: 528.0M(528.0M)->0.0B(488.0M) Survivors: 9216.0K->49.0M Heap: 645.7M(896.0M)->158.1M(896.0M)]
 [Times: user=0.08 sys=0.00, real=0.04 secs] 
2014-07-10T11:59:30.151+0200: 89.221: [GC pause (G1 Evacuation Pause) (young), 0.0079041 secs]
   [Parallel Time: 6.6 ms, GC Workers: 2]
      [GC Worker Start (ms): Min: 89221.5, Avg: 89221.5, Max: 89221.5, Diff: 0.0]
      [Ext Root Scanning (ms): Min: 0.3, Avg: 0.3, Max: 0.3, Diff: 0.0, Sum: 0.6]
      [Update RS (ms): Min: 0.0, Avg: 0.1, Max: 0.1, Diff: 0.1, Sum: 0.1]
         [Processed Buffers: Min: 1, Avg: 1.0, Max: 1, Diff: 0, Sum: 2]
      [Scan RS (ms): Min: 0.8, Avg: 0.8, Max: 0.8, Diff: 0.1, Sum: 1.6]
      [Code Root Scanning (ms): Min: 0.3, Avg: 0.3, Max: 0.3, Diff: 0.0, Sum: 0.7]
      [Object Copy (ms): Min: 5.0, Avg: 5.0, Max: 5.0, Diff: 0.0, Sum: 10.0]
      [Termination (ms): Min: 0.0, Avg: 0.0, Max: 0.0, Diff: 0.0, Sum: 0.0]
      [GC Worker Other (ms): Min: 0.0, Avg: 0.0, Max: 0.0, Diff: 0.0, Sum: 0.1]
      [GC Worker Total (ms): Min: 6.5, Avg: 6.5, Max: 6.5, Diff: 0.0, Sum: 13.1]
      [GC Worker End (ms): Min: 89228.0, Avg: 89228.0, Max: 89228.0, Diff: 0.0]
   [Code Root Fixup: 0.0 ms]
   [Code Root Migration: 0.1 ms]
   [Clear CT: 0.4 ms]
   [Other: 0.9 ms]
      [Choose CSet: 0.0 ms]
      [Ref Proc: 0.1 ms]
      [Ref Enq: 0.0 ms]
      [Free CSet: 0.7 ms]
   [Eden: 488.0M(488.0M)->0.0B(529.0M) Survivors: 49.0M->8192.0K Heap: 646.1M(896.0M)->117.6M(896.0M)]
 [Times: user=0.00 sys=0.00, real=0.01 secs] 
2014-07-10T11:59:30.710+0200: 89.780: [GC pause (G1 Evacuation Pause) (young), 0.0364683 secs]
   [Parallel Time: 34.8 ms, GC Workers: 2]
      [GC Worker Start (ms): Min: 89780.4, Avg: 89780.4, Max: 89780.4, Diff: 0.0]
      [Ext Root Scanning (ms): Min: 0.3, Avg: 0.3, Max: 0.4, Diff: 0.0, Sum: 0.7]
      [Update RS (ms): Min: 0.0, Avg: 0.1, Max: 0.1, Diff: 0.1, Sum: 0.1]
         [Processed Buffers: Min: 1, Avg: 1.0, Max: 1, Diff: 0, Sum: 2]
      [Scan RS (ms): Min: 0.8, Avg: 0.8, Max: 0.8, Diff: 0.0, Sum: 1.7]
      [Code Root Scanning (ms): Min: 0.4, Avg: 0.4, Max: 0.4, Diff: 0.0, Sum: 0.7]
      [Object Copy (ms): Min: 33.1, Avg: 33.1, Max: 33.1, Diff: 0.0, Sum: 66.2]
      [Termination (ms): Min: 0.0, Avg: 0.0, Max: 0.0, Diff: 0.0, Sum: 0.0]
      [GC Worker Other (ms): Min: 0.0, Avg: 0.0, Max: 0.1, Diff: 0.0, Sum: 0.1]
      [GC Worker Total (ms): Min: 34.7, Avg: 34.7, Max: 34.7, Diff: 0.0, Sum: 69.4]
      [GC Worker End (ms): Min: 89815.1, Avg: 89815.1, Max: 89815.1, Diff: 0.0]
   [Code Root Fixup: 0.0 ms]
   [Code Root Migration: 0.1 ms]
   [Clear CT: 0.4 ms]
   [Other: 1.2 ms]
      [Choose CSet: 0.0 ms]
      [Ref Proc: 0.3 ms]
      [Ref Enq: 0.0 ms]
      [Free CSet: 0.8 ms]
   [Eden: 529.0M(529.0M)->0.0B(482.0M) Survivors: 8192.0K->55.0M Heap: 646.6M(896.0M)->164.1M(896.0M)]
 [Times: user=0.06 sys=0.00, real=0.04 secs] 
2014-07-10T11:59:31.147+0200: 90.217: [GC pause (G1 Evacuation Pause) (young), 0.0080463 secs]
   [Parallel Time: 6.5 ms, GC Workers: 2]
      [GC Worker Start (ms): Min: 90217.0, Avg: 90217.0, Max: 90217.0, Diff: 0.0]
      [Ext Root Scanning (ms): Min: 0.3, Avg: 0.3, Max: 0.3, Diff: 0.0, Sum: 0.7]
      [Update RS (ms): Min: 0.0, Avg: 0.0, Max: 0.1, Diff: 0.0, Sum: 0.1]
         [Processed Buffers: Min: 1, Avg: 1.0, Max: 1, Diff: 0, Sum: 2]
      [Scan RS (ms): Min: 0.8, Avg: 0.8, Max: 0.9, Diff: 0.1, Sum: 1.7]
      [Code Root Scanning (ms): Min: 0.4, Avg: 0.4, Max: 0.4, Diff: 0.0, Sum: 0.7]
      [Object Copy (ms): Min: 4.8, Avg: 4.8, Max: 4.8, Diff: 0.0, Sum: 9.6]
      [Termination (ms): Min: 0.0, Avg: 0.0, Max: 0.0, Diff: 0.0, Sum: 0.0]
      [GC Worker Other (ms): Min: 0.0, Avg: 0.0, Max: 0.0, Diff: 0.0, Sum: 0.1]
      [GC Worker Total (ms): Min: 6.4, Avg: 6.4, Max: 6.4, Diff: 0.0, Sum: 12.9]
      [GC Worker End (ms): Min: 90223.4, Avg: 90223.4, Max: 90223.4, Diff: 0.0]
   [Code Root Fixup: 0.0 ms]
   [Code Root Migration: 0.1 ms]
   [Clear CT: 0.5 ms]
   [Other: 1.0 ms]
      [Choose CSet: 0.0 ms]
      [Ref Proc: 0.1 ms]
      [Ref Enq: 0.0 ms]
      [Free CSet: 0.8 ms]
   [Eden: 482.0M(482.0M)->0.0B(529.0M) Survivors: 55.0M->8192.0K Heap: 646.1M(896.0M)->117.7M(896.0M)]
 [Times: user=0.00 sys=0.00, real=0.01 secs] 
2014-07-10T11:59:31.706+0200: 90.776: [GC pause (G1 Evacuation Pause) (young), 0.0327620 secs]
   [Parallel Time: 31.3 ms, GC Workers: 2]
      [GC Worker Start (ms): Min: 90775.8, Avg: 90775.8, Max: 90775.8, Diff: 0.0]
      [Ext Root Scanning (ms): Min: 0.3, Avg: 0.3, Max: 0.3, Diff: 0.0, Sum: 0.6]
      [Update RS (ms): Min: 0.0, Avg: 0.1, Max: 0.1, Diff: 0.0, Sum: 0.1]
         [Processed Buffers: Min: 1, Avg: 1.5, Max: 2, Diff: 1, Sum: 3]
      [Scan RS (ms): Min: 0.8, Avg: 0.8, Max: 0.8, Diff: 0.0, Sum: 1.6]
      [Code Root Scanning (ms): Min: 0.4, Avg: 0.4, Max: 0.4, Diff: 0.0, Sum: 0.7]
      [Object Copy (ms): Min: 29.6, Avg: 29.7, Max: 29.7, Diff: 0.0, Sum: 59.3]
      [Termination (ms): Min: 0.0, Avg: 0.0, Max: 0.0, Diff: 0.0, Sum: 0.0]
      [GC Worker Other (ms): Min: 0.0, Avg: 0.0, Max: 0.0, Diff: 0.0, Sum: 0.1]
      [GC Worker Total (ms): Min: 31.2, Avg: 31.2, Max: 31.2, Diff: 0.0, Sum: 62.4]
      [GC Worker End (ms): Min: 90807.0, Avg: 90807.0, Max: 90807.0, Diff: 0.0]
   [Code Root Fixup: 0.0 ms]
   [Code Root Migration: 0.1 ms]
   [Clear CT: 0.4 ms]
   [Other: 1.0 ms]
      [Choose CSet: 0.0 ms]
      [Ref Proc: 0.1 ms]
      [Ref Enq: 0.0 ms]
      [Free CSet: 0.7 ms]
   [Eden: 529.0M(529.0M)->0.0B(487.0M) Survivors: 8192.0K->50.0M Heap: 646.7M(896.0M)->159.0M(896.0M)]
 [Times: user=0.05 sys=0.03, real=0.03 secs] 
2014-07-10T11:59:32.158+0200: 91.228: [GC pause (G1 Evacuation Pause) (young), 0.0076020 secs]
   [Parallel Time: 6.2 ms, GC Workers: 2]
      [GC Worker Start (ms): Min: 91228.3, Avg: 91228.3, Max: 91228.3, Diff: 0.0]
      [Ext Root Scanning (ms): Min: 0.3, Avg: 0.3, Max: 0.3, Diff: 0.0, Sum: 0.6]
      [Update RS (ms): Min: 0.0, Avg: 0.0, Max: 0.1, Diff: 0.0, Sum: 0.1]
         [Processed Buffers: Min: 1, Avg: 1.5, Max: 2, Diff: 1, Sum: 3]
      [Scan RS (ms): Min: 0.8, Avg: 0.8, Max: 0.8, Diff: 0.0, Sum: 1.6]
      [Code Root Scanning (ms): Min: 0.3, Avg: 0.3, Max: 0.3, Diff: 0.0, Sum: 0.7]
      [Object Copy (ms): Min: 4.6, Avg: 4.6, Max: 4.6, Diff: 0.0, Sum: 9.2]
      [Termination (ms): Min: 0.0, Avg: 0.0, Max: 0.0, Diff: 0.0, Sum: 0.0]
      [GC Worker Other (ms): Min: 0.0, Avg: 0.0, Max: 0.0, Diff: 0.0, Sum: 0.1]
      [GC Worker Total (ms): Min: 6.2, Avg: 6.2, Max: 6.2, Diff: 0.0, Sum: 12.4]
      [GC Worker End (ms): Min: 91234.6, Avg: 91234.6, Max: 91234.6, Diff: 0.0]
   [Code Root Fixup: 0.0 ms]
   [Code Root Migration: 0.1 ms]
   [Clear CT: 0.4 ms]
   [Other: 0.9 ms]
      [Choose CSet: 0.0 ms]
      [Ref Proc: 0.1 ms]
      [Ref Enq: 0.0 ms]
      [Free CSet: 0.7 ms]
   [Eden: 487.0M(487.0M)->0.0B(529.0M) Survivors: 50.0M->8192.0K Heap: 646.0M(896.0M)->117.6M(896.0M)]
 [Times: user=0.01 sys=0.02, real=0.01 secs] 
2014-07-10T11:59:32.700+0200: 91.770: [GC pause (G1 Evacuation Pause) (young), 0.0342267 secs]
   [Parallel Time: 32.7 ms, GC Workers: 2]
      [GC Worker Start (ms): Min: 91770.1, Avg: 91770.1, Max: 91770.1, Diff: 0.0]
      [Ext Root Scanning (ms): Min: 0.4, Avg: 0.4, Max: 0.4, Diff: 0.0, Sum: 0.7]
      [Update RS (ms): Min: 0.1, Avg: 0.1, Max: 0.1, Diff: 0.0, Sum: 0.1]
         [Processed Buffers: Min: 1, Avg: 1.5, Max: 2, Diff: 1, Sum: 3]
      [Scan RS (ms): Min: 1.0, Avg: 1.0, Max: 1.0, Diff: 0.0, Sum: 2.0]
      [Code Root Scanning (ms): Min: 0.4, Avg: 0.4, Max: 0.4, Diff: 0.0, Sum: 0.7]
      [Object Copy (ms): Min: 30.7, Avg: 30.7, Max: 30.8, Diff: 0.0, Sum: 61.5]
      [Termination (ms): Min: 0.0, Avg: 0.1, Max: 0.1, Diff: 0.1, Sum: 0.1]
      [GC Worker Other (ms): Min: 0.0, Avg: 0.0, Max: 0.0, Diff: 0.0, Sum: 0.1]
      [GC Worker Total (ms): Min: 32.6, Avg: 32.6, Max: 32.7, Diff: 0.1, Sum: 65.3]
      [GC Worker End (ms): Min: 91802.7, Avg: 91802.7, Max: 91802.8, Diff: 0.1]
   [Code Root Fixup: 0.0 ms]
   [Code Root Migration: 0.1 ms]
   [Clear CT: 0.4 ms]
   [Other: 1.0 ms]
      [Choose CSet: 0.0 ms]
      [Ref Proc: 0.0 ms]
      [Ref Enq: 0.0 ms]
      [Free CSet: 0.8 ms]
   [Eden: 529.0M(529.0M)->0.0B(487.0M) Survivors: 8192.0K->50.0M Heap: 646.6M(896.0M)->159.9M(896.0M)]
 [Times: user=0.05 sys=0.00, real=0.03 secs] 
2014-07-10T11:59:33.139+0200: 92.209: [GC pause (G1 Evacuation Pause) (young), 0.0032296 secs]
   [Parallel Time: 1.9 ms, GC Workers: 2]
      [GC Worker Start (ms): Min: 92209.4, Avg: 92209.4, Max: 92209.4, Diff: 0.0]
      [Ext Root Scanning (ms): Min: 0.3, Avg: 0.3, Max: 0.4, Diff: 0.0, Sum: 0.7]
      [Update RS (ms): Min: 0.0, Avg: 0.0, Max: 0.0, Diff: 0.0, Sum: 0.1]
         [Processed Buffers: Min: 1, Avg: 1.5, Max: 2, Diff: 1, Sum: 3]
      [Scan RS (ms): Min: 0.8, Avg: 0.8, Max: 0.8, Diff: 0.0, Sum: 1.6]
      [Code Root Scanning (ms): Min: 0.4, Avg: 0.4, Max: 0.4, Diff: 0.0, Sum: 0.7]
      [Object Copy (ms): Min: 0.3, Avg: 0.3, Max: 0.3, Diff: 0.0, Sum: 0.6]
      [Termination (ms): Min: 0.0, Avg: 0.0, Max: 0.0, Diff: 0.0, Sum: 0.0]
      [GC Worker Other (ms): Min: 0.0, Avg: 0.0, Max: 0.0, Diff: 0.0, Sum: 0.1]
      [GC Worker Total (ms): Min: 1.9, Avg: 1.9, Max: 1.9, Diff: 0.0, Sum: 3.8]
      [GC Worker End (ms): Min: 92211.3, Avg: 92211.3, Max: 92211.3, Diff: 0.0]
   [Code Root Fixup: 0.0 ms]
   [Code Root Migration: 0.0 ms]
   [Clear CT: 0.4 ms]
   [Other: 0.9 ms]
      [Choose CSet: 0.0 ms]
      [Ref Proc: 0.0 ms]
      [Ref Enq: 0.0 ms]
      [Free CSet: 0.7 ms]
   [Eden: 487.0M(487.0M)->0.0B(536.0M) Survivors: 50.0M->1024.0K Heap: 646.9M(896.0M)->110.5M(896.0M)]
 [Times: user=0.03 sys=0.00, real=0.00 secs] 
2014-07-10T11:59:33.701+0200: 92.771: [GC pause (G1 Evacuation Pause) (young), 0.0403805 secs]
   [Parallel Time: 38.9 ms, GC Workers: 2]
      [GC Worker Start (ms): Min: 92771.6, Avg: 92771.6, Max: 92771.6, Diff: 0.0]
      [Ext Root Scanning (ms): Min: 0.4, Avg: 0.4, Max: 0.4, Diff: 0.0, Sum: 0.8]
      [Update RS (ms): Min: 0.1, Avg: 0.1, Max: 0.1, Diff: 0.0, Sum: 0.1]
         [Processed Buffers: Min: 2, Avg: 2.0, Max: 2, Diff: 0, Sum: 4]
      [Scan RS (ms): Min: 0.9, Avg: 0.9, Max: 0.9, Diff: 0.0, Sum: 1.9]
      [Code Root Scanning (ms): Min: 0.4, Avg: 0.4, Max: 0.4, Diff: 0.0, Sum: 0.8]
      [Object Copy (ms): Min: 37.0, Avg: 37.0, Max: 37.0, Diff: 0.0, Sum: 74.0]
      [Termination (ms): Min: 0.0, Avg: 0.0, Max: 0.0, Diff: 0.0, Sum: 0.0]
      [GC Worker Other (ms): Min: 0.0, Avg: 0.0, Max: 0.0, Diff: 0.0, Sum: 0.1]
      [GC Worker Total (ms): Min: 38.8, Avg: 38.8, Max: 38.9, Diff: 0.0, Sum: 77.7]
      [GC Worker End (ms): Min: 92810.4, Avg: 92810.4, Max: 92810.4, Diff: 0.0]
   [Code Root Fixup: 0.0 ms]
   [Code Root Migration: 0.1 ms]
   [Clear CT: 0.4 ms]
   [Other: 1.0 ms]
      [Choose CSet: 0.0 ms]
      [Ref Proc: 0.1 ms]
      [Ref Enq: 0.0 ms]
      [Free CSet: 0.8 ms]
   [Eden: 536.0M(536.0M)->0.0B(476.0M) Survivors: 1024.0K->61.0M Heap: 646.5M(896.0M)->171.0M(896.0M)]
 [Times: user=0.09 sys=0.00, real=0.04 secs] 
2014-07-10T11:59:34.149+0200: 93.219: [GC pause (G1 Evacuation Pause) (young), 0.0030302 secs]
   [Parallel Time: 1.8 ms, GC Workers: 2]
      [GC Worker Start (ms): Min: 93219.3, Avg: 93219.3, Max: 93219.3, Diff: 0.0]
      [Ext Root Scanning (ms): Min: 0.3, Avg: 0.3, Max: 0.3, Diff: 0.0, Sum: 0.6]
      [Update RS (ms): Min: 0.0, Avg: 0.0, Max: 0.0, Diff: 0.0, Sum: 0.1]
         [Processed Buffers: Min: 1, Avg: 1.5, Max: 2, Diff: 1, Sum: 3]
      [Scan RS (ms): Min: 0.8, Avg: 0.8, Max: 0.8, Diff: 0.0, Sum: 1.6]
      [Code Root Scanning (ms): Min: 0.3, Avg: 0.3, Max: 0.4, Diff: 0.0, Sum: 0.7]
      [Object Copy (ms): Min: 0.2, Avg: 0.2, Max: 0.2, Diff: 0.0, Sum: 0.5]
      [Termination (ms): Min: 0.0, Avg: 0.0, Max: 0.0, Diff: 0.0, Sum: 0.0]
      [GC Worker Other (ms): Min: 0.0, Avg: 0.0, Max: 0.0, Diff: 0.0, Sum: 0.1]
      [GC Worker Total (ms): Min: 1.7, Avg: 1.7, Max: 1.7, Diff: 0.0, Sum: 3.5]
      [GC Worker End (ms): Min: 93221.0, Avg: 93221.0, Max: 93221.0, Diff: 0.0]
   [Code Root Fixup: 0.0 ms]
   [Code Root Migration: 0.0 ms]
   [Clear CT: 0.4 ms]
   [Other: 0.9 ms]
      [Choose CSet: 0.0 ms]
      [Ref Proc: 0.0 ms]
      [Ref Enq: 0.0 ms]
      [Free CSet: 0.6 ms]
   [Eden: 476.0M(476.0M)->0.0B(536.0M) Survivors: 61.0M->1024.0K Heap: 647.0M(896.0M)->110.5M(896.0M)]
 [Times: user=0.00 sys=0.00, real=0.00 secs] 
2014-07-10T11:59:34.708+0200: 93.778: [GC pause (G1 Evacuation Pause) (young), 0.0389514 secs]
   [Parallel Time: 37.3 ms, GC Workers: 2]
      [GC Worker Start (ms): Min: 93778.6, Avg: 93778.6, Max: 93778.6, Diff: 0.0]
      [Ext Root Scanning (ms): Min: 0.3, Avg: 0.3, Max: 0.4, Diff: 0.0, Sum: 0.7]
      [Update RS (ms): Min: 0.1, Avg: 0.1, Max: 0.1, Diff: 0.0, Sum: 0.1]
         [Processed Buffers: Min: 2, Avg: 2.0, Max: 2, Diff: 0, Sum: 4]
      [Scan RS (ms): Min: 1.0, Avg: 1.0, Max: 1.0, Diff: 0.0, Sum: 2.0]
      [Code Root Scanning (ms): Min: 0.4, Avg: 0.4, Max: 0.4, Diff: 0.0, Sum: 0.8]
      [Object Copy (ms): Min: 35.4, Avg: 35.4, Max: 35.5, Diff: 0.0, Sum: 70.9]
      [Termination (ms): Min: 0.0, Avg: 0.0, Max: 0.0, Diff: 0.0, Sum: 0.0]
      [GC Worker Other (ms): Min: 0.0, Avg: 0.0, Max: 0.0, Diff: 0.0, Sum: 0.1]
      [GC Worker Total (ms): Min: 37.3, Avg: 37.3, Max: 37.3, Diff: 0.0, Sum: 74.6]
      [GC Worker End (ms): Min: 93815.8, Avg: 93815.8, Max: 93815.8, Diff: 0.0]
   [Code Root Fixup: 0.0 ms]
   [Code Root Migration: 0.1 ms]
   [Clear CT: 0.4 ms]
   [Other: 1.1 ms]
      [Choose CSet: 0.0 ms]
      [Ref Proc: 0.1 ms]
      [Ref Enq: 0.0 ms]
      [Free CSet: 0.8 ms]
   [Eden: 536.0M(536.0M)->0.0B(479.0M) Survivors: 1024.0K->58.0M Heap: 646.5M(896.0M)->167.9M(896.0M)]
 [Times: user=0.06 sys=0.00, real=0.04 secs] 
2014-07-10T11:59:35.144+0200: 94.215: [GC pause (G1 Evacuation Pause) (young), 0.0080093 secs]
   [Parallel Time: 6.6 ms, GC Workers: 2]
      [GC Worker Start (ms): Min: 94214.8, Avg: 94214.8, Max: 94214.8, Diff: 0.0]
      [Ext Root Scanning (ms): Min: 0.3, Avg: 0.3, Max: 0.3, Diff: 0.0, Sum: 0.6]
      [Update RS (ms): Min: 0.0, Avg: 0.0, Max: 0.0, Diff: 0.0, Sum: 0.1]
         [Processed Buffers: Min: 1, Avg: 1.5, Max: 2, Diff: 1, Sum: 3]
      [Scan RS (ms): Min: 0.8, Avg: 0.8, Max: 0.8, Diff: 0.0, Sum: 1.6]
      [Code Root Scanning (ms): Min: 0.4, Avg: 0.4, Max: 0.4, Diff: 0.0, Sum: 0.7]
      [Object Copy (ms): Min: 5.0, Avg: 5.0, Max: 5.0, Diff: 0.0, Sum: 9.9]
      [Termination (ms): Min: 0.0, Avg: 0.0, Max: 0.0, Diff: 0.0, Sum: 0.0]
      [GC Worker Other (ms): Min: 0.0, Avg: 0.0, Max: 0.1, Diff: 0.0, Sum: 0.1]
      [GC Worker Total (ms): Min: 6.5, Avg: 6.6, Max: 6.6, Diff: 0.0, Sum: 13.1]
      [GC Worker End (ms): Min: 94221.4, Avg: 94221.4, Max: 94221.4, Diff: 0.0]
   [Code Root Fixup: 0.0 ms]
   [Code Root Migration: 0.1 ms]
   [Clear CT: 0.4 ms]
   [Other: 0.9 ms]
      [Choose CSet: 0.0 ms]
      [Ref Proc: 0.1 ms]
      [Ref Enq: 0.0 ms]
      [Free CSet: 0.7 ms]
   [Eden: 479.0M(479.0M)->0.0B(528.0M) Survivors: 58.0M->9216.0K Heap: 646.9M(896.0M)->118.6M(896.0M)]
 [Times: user=0.00 sys=0.00, real=0.01 secs] 
2014-07-10T11:59:35.710+0200: 94.781: [GC pause (G1 Evacuation Pause) (young), 0.0347209 secs]
   [Parallel Time: 32.8 ms, GC Workers: 2]
      [GC Worker Start (ms): Min: 94780.7, Avg: 94780.7, Max: 94780.7, Diff: 0.0]
      [Ext Root Scanning (ms): Min: 0.6, Avg: 0.7, Max: 0.7, Diff: 0.0, Sum: 1.3]
      [Update RS (ms): Min: 0.1, Avg: 0.1, Max: 0.1, Diff: 0.0, Sum: 0.2]
         [Processed Buffers: Min: 2, Avg: 2.0, Max: 2, Diff: 0, Sum: 4]
      [Scan RS (ms): Min: 1.5, Avg: 1.5, Max: 1.5, Diff: 0.0, Sum: 2.9]
      [Code Root Scanning (ms): Min: 0.5, Avg: 0.5, Max: 0.5, Diff: 0.0, Sum: 1.0]
      [Object Copy (ms): Min: 29.9, Avg: 29.9, Max: 29.9, Diff: 0.0, Sum: 59.8]
      [Termination (ms): Min: 0.0, Avg: 0.0, Max: 0.0, Diff: 0.0, Sum: 0.0]
      [GC Worker Other (ms): Min: 0.1, Avg: 0.1, Max: 0.1, Diff: 0.1, Sum: 0.2]
      [GC Worker Total (ms): Min: 32.7, Avg: 32.7, Max: 32.7, Diff: 0.0, Sum: 65.4]
      [GC Worker End (ms): Min: 94813.4, Avg: 94813.4, Max: 94813.4, Diff: 0.1]
   [Code Root Fixup: 0.0 ms]
   [Code Root Migration: 0.1 ms]
   [Clear CT: 0.8 ms]
   [Other: 1.0 ms]
      [Choose CSet: 0.0 ms]
      [Ref Proc: 0.1 ms]
      [Ref Enq: 0.0 ms]
      [Free CSet: 0.8 ms]
   [Eden: 528.0M(528.0M)->0.0B(488.0M) Survivors: 9216.0K->49.0M Heap: 646.6M(896.0M)->158.9M(896.0M)]
 [Times: user=0.06 sys=0.00, real=0.03 secs] 
2014-07-10T11:59:36.152+0200: 95.221: [GC pause (G1 Evacuation Pause) (young), 0.0080705 secs]
   [Parallel Time: 6.7 ms, GC Workers: 2]
      [GC Worker Start (ms): Min: 95221.3, Avg: 95221.3, Max: 95221.3, Diff: 0.0]
      [Ext Root Scanning (ms): Min: 0.3, Avg: 0.3, Max: 0.3, Diff: 0.0, Sum: 0.7]
      [Update RS (ms): Min: 0.1, Avg: 0.1, Max: 0.1, Diff: 0.0, Sum: 0.1]
         [Processed Buffers: Min: 1, Avg: 1.5, Max: 2, Diff: 1, Sum: 3]
      [Scan RS (ms): Min: 0.8, Avg: 0.8, Max: 0.8, Diff: 0.0, Sum: 1.6]
      [Code Root Scanning (ms): Min: 0.3, Avg: 0.3, Max: 0.3, Diff: 0.0, Sum: 0.7]
      [Object Copy (ms): Min: 5.1, Avg: 5.1, Max: 5.1, Diff: 0.0, Sum: 10.2]
      [Termination (ms): Min: 0.0, Avg: 0.0, Max: 0.0, Diff: 0.0, Sum: 0.0]
      [GC Worker Other (ms): Min: 0.0, Avg: 0.0, Max: 0.1, Diff: 0.0, Sum: 0.1]
      [GC Worker Total (ms): Min: 6.7, Avg: 6.7, Max: 6.7, Diff: 0.0, Sum: 13.3]
      [GC Worker End (ms): Min: 95228.0, Avg: 95228.0, Max: 95228.0, Diff: 0.0]
   [Code Root Fixup: 0.0 ms]
   [Code Root Migration: 0.1 ms]
   [Clear CT: 0.4 ms]
   [Other: 0.9 ms]
      [Choose CSet: 0.0 ms]
      [Ref Proc: 0.0 ms]
      [Ref Enq: 0.0 ms]
      [Free CSet: 0.7 ms]
   [Eden: 488.0M(488.0M)->0.0B(529.0M) Survivors: 49.0M->8192.0K Heap: 646.9M(896.0M)->118.5M(896.0M)]
 [Times: user=0.02 sys=0.02, real=0.01 secs] 
2014-07-10T11:59:36.699+0200: 95.768: [GC pause (G1 Evacuation Pause) (young), 0.0366670 secs]
   [Parallel Time: 35.1 ms, GC Workers: 2]
      [GC Worker Start (ms): Min: 95768.2, Avg: 95768.2, Max: 95768.2, Diff: 0.0]
      [Ext Root Scanning (ms): Min: 0.4, Avg: 0.4, Max: 0.4, Diff: 0.0, Sum: 0.7]
      [Update RS (ms): Min: 0.1, Avg: 0.1, Max: 0.1, Diff: 0.0, Sum: 0.1]
         [Processed Buffers: Min: 1, Avg: 1.5, Max: 2, Diff: 1, Sum: 3]
      [Scan RS (ms): Min: 1.0, Avg: 1.0, Max: 1.0, Diff: 0.0, Sum: 2.0]
      [Code Root Scanning (ms): Min: 0.4, Avg: 0.4, Max: 0.4, Diff: 0.0, Sum: 0.8]
      [Object Copy (ms): Min: 33.2, Avg: 33.2, Max: 33.2, Diff: 0.0, Sum: 66.4]
      [Termination (ms): Min: 0.0, Avg: 0.0, Max: 0.0, Diff: 0.0, Sum: 0.0]
      [GC Worker Other (ms): Min: 0.0, Avg: 0.0, Max: 0.0, Diff: 0.0, Sum: 0.1]
      [GC Worker Total (ms): Min: 35.0, Avg: 35.0, Max: 35.0, Diff: 0.0, Sum: 70.0]
      [GC Worker End (ms): Min: 95803.2, Avg: 95803.2, Max: 95803.2, Diff: 0.0]
   [Code Root Fixup: 0.0 ms]
   [Code Root Migration: 0.1 ms]
   [Clear CT: 0.5 ms]
   [Other: 1.0 ms]
      [Choose CSet: 0.0 ms]
      [Ref Proc: 0.1 ms]
      [Ref Enq: 0.0 ms]
      [Free CSet: 0.8 ms]
   [Eden: 529.0M(529.0M)->0.0B(482.0M) Survivors: 8192.0K->55.0M Heap: 647.5M(896.0M)->164.9M(896.0M)]
 [Times: user=0.08 sys=0.02, real=0.04 secs] 
2014-07-10T11:59:37.161+0200: 96.230: [GC pause (G1 Evacuation Pause) (young), 0.0078440 secs]
   [Parallel Time: 6.5 ms, GC Workers: 2]
      [GC Worker Start (ms): Min: 96230.4, Avg: 96230.4, Max: 96230.4, Diff: 0.0]
      [Ext Root Scanning (ms): Min: 0.3, Avg: 0.3, Max: 0.3, Diff: 0.0, Sum: 0.6]
      [Update RS (ms): Min: 0.0, Avg: 0.0, Max: 0.0, Diff: 0.0, Sum: 0.1]
         [Processed Buffers: Min: 1, Avg: 1.5, Max: 2, Diff: 1, Sum: 3]
      [Scan RS (ms): Min: 0.8, Avg: 0.8, Max: 0.8, Diff: 0.0, Sum: 1.6]
      [Code Root Scanning (ms): Min: 0.3, Avg: 0.3, Max: 0.3, Diff: 0.0, Sum: 0.7]
      [Object Copy (ms): Min: 4.7, Avg: 4.8, Max: 4.9, Diff: 0.2, Sum: 9.6]
      [Termination (ms): Min: 0.0, Avg: 0.0, Max: 0.0, Diff: 0.0, Sum: 0.0]
      [GC Worker Other (ms): Min: 0.0, Avg: 0.1, Max: 0.2, Diff: 0.2, Sum: 0.3]
      [GC Worker Total (ms): Min: 6.4, Avg: 6.4, Max: 6.4, Diff: 0.0, Sum: 12.8]
      [GC Worker End (ms): Min: 96236.8, Avg: 96236.8, Max: 96236.8, Diff: 0.0]
   [Code Root Fixup: 0.0 ms]
   [Code Root Migration: 0.1 ms]
   [Clear CT: 0.4 ms]
   [Other: 0.9 ms]
      [Choose CSet: 0.0 ms]
      [Ref Proc: 0.2 ms]
      [Ref Enq: 0.0 ms]
      [Free CSet: 0.7 ms]
   [Eden: 482.0M(482.0M)->0.0B(529.0M) Survivors: 55.0M->8192.0K Heap: 646.9M(896.0M)->118.5M(896.0M)]
 [Times: user=0.02 sys=0.02, real=0.01 secs] 
2014-07-10T11:59:37.694+0200: 96.763: [GC pause (G1 Evacuation Pause) (young), 0.0324170 secs]
   [Parallel Time: 30.8 ms, GC Workers: 2]
      [GC Worker Start (ms): Min: 96763.5, Avg: 96763.5, Max: 96763.5, Diff: 0.0]
      [Ext Root Scanning (ms): Min: 0.3, Avg: 0.3, Max: 0.3, Diff: 0.0, Sum: 0.6]
      [Update RS (ms): Min: 0.0, Avg: 0.0, Max: 0.1, Diff: 0.0, Sum: 0.1]
         [Processed Buffers: Min: 2, Avg: 2.0, Max: 2, Diff: 0, Sum: 4]
      [Scan RS (ms): Min: 0.8, Avg: 0.8, Max: 0.8, Diff: 0.0, Sum: 1.6]
      [Code Root Scanning (ms): Min: 0.3, Avg: 0.3, Max: 0.4, Diff: 0.0, Sum: 0.7]
      [Object Copy (ms): Min: 29.2, Avg: 29.2, Max: 29.2, Diff: 0.0, Sum: 58.4]
      [Termination (ms): Min: 0.0, Avg: 0.0, Max: 0.0, Diff: 0.0, Sum: 0.0]
      [GC Worker Other (ms): Min: 0.0, Avg: 0.0, Max: 0.0, Diff: 0.0, Sum: 0.1]
      [GC Worker Total (ms): Min: 30.7, Avg: 30.7, Max: 30.7, Diff: 0.0, Sum: 61.5]
      [GC Worker End (ms): Min: 96794.2, Avg: 96794.2, Max: 96794.2, Diff: 0.0]
   [Code Root Fixup: 0.0 ms]
   [Code Root Migration: 0.1 ms]
   [Clear CT: 0.4 ms]
   [Other: 1.2 ms]
      [Choose CSet: 0.0 ms]
      [Ref Proc: 0.1 ms]
      [Ref Enq: 0.0 ms]
      [Free CSet: 0.9 ms]
   [Eden: 529.0M(529.0M)->0.0B(487.0M) Survivors: 8192.0K->50.0M Heap: 647.5M(896.0M)->159.8M(896.0M)]
 [Times: user=0.06 sys=0.00, real=0.03 secs] 
2014-07-10T11:59:38.145+0200: 97.215: [GC pause (G1 Evacuation Pause) (young), 0.0077849 secs]
   [Parallel Time: 6.3 ms, GC Workers: 2]
      [GC Worker Start (ms): Min: 97214.6, Avg: 97214.6, Max: 97214.6, Diff: 0.0]
      [Ext Root Scanning (ms): Min: 0.3, Avg: 0.3, Max: 0.3, Diff: 0.0, Sum: 0.6]
      [Update RS (ms): Min: 0.0, Avg: 0.0, Max: 0.1, Diff: 0.0, Sum: 0.1]
         [Processed Buffers: Min: 1, Avg: 1.5, Max: 2, Diff: 1, Sum: 3]
      [Scan RS (ms): Min: 0.7, Avg: 0.8, Max: 0.9, Diff: 0.1, Sum: 1.6]
      [Code Root Scanning (ms): Min: 0.4, Avg: 0.5, Max: 0.5, Diff: 0.1, Sum: 0.9]
      [Object Copy (ms): Min: 4.6, Avg: 4.6, Max: 4.6, Diff: 0.0, Sum: 9.2]
      [Termination (ms): Min: 0.0, Avg: 0.0, Max: 0.0, Diff: 0.0, Sum: 0.0]
      [GC Worker Other (ms): Min: 0.0, Avg: 0.0, Max: 0.0, Diff: 0.0, Sum: 0.1]
      [GC Worker Total (ms): Min: 6.2, Avg: 6.2, Max: 6.2, Diff: 0.0, Sum: 12.5]
      [GC Worker End (ms): Min: 97220.8, Avg: 97220.8, Max: 97220.8, Diff: 0.0]
   [Code Root Fixup: 0.0 ms]
   [Code Root Migration: 0.1 ms]
   [Clear CT: 0.4 ms]
   [Other: 1.0 ms]
      [Choose CSet: 0.0 ms]
      [Ref Proc: 0.2 ms]
      [Ref Enq: 0.0 ms]
      [Free CSet: 0.7 ms]
   [Eden: 487.0M(487.0M)->0.0B(529.0M) Survivors: 50.0M->8192.0K Heap: 646.8M(896.0M)->118.4M(896.0M)]
 [Times: user=0.03 sys=0.00, real=0.01 secs] 
2014-07-10T11:59:38.715+0200: 97.784: [GC pause (G1 Evacuation Pause) (young), 0.0347015 secs]
   [Parallel Time: 33.0 ms, GC Workers: 2]
      [GC Worker Start (ms): Min: 97784.6, Avg: 97786.0, Max: 97787.4, Diff: 2.8]
      [Ext Root Scanning (ms): Min: 0.0, Avg: 0.3, Max: 0.5, Diff: 0.5, Sum: 0.5]
      [Update RS (ms): Min: 0.0, Avg: 0.0, Max: 0.1, Diff: 0.1, Sum: 0.1]
         [Processed Buffers: Min: 0, Avg: 2.0, Max: 4, Diff: 4, Sum: 4]
      [Scan RS (ms): Min: 0.0, Avg: 0.7, Max: 1.5, Diff: 1.5, Sum: 1.5]
      [Code Root Scanning (ms): Min: 0.0, Avg: 0.3, Max: 0.7, Diff: 0.7, Sum: 0.7]
      [Object Copy (ms): Min: 29.9, Avg: 30.0, Max: 30.1, Diff: 0.1, Sum: 60.0]
      [Termination (ms): Min: 0.0, Avg: 0.0, Max: 0.0, Diff: 0.0, Sum: 0.0]
      [GC Worker Other (ms): Min: 0.0, Avg: 0.0, Max: 0.0, Diff: 0.0, Sum: 0.1]
      [GC Worker Total (ms): Min: 30.0, Avg: 31.4, Max: 32.8, Diff: 2.8, Sum: 62.9]
      [GC Worker End (ms): Min: 97817.4, Avg: 97817.4, Max: 97817.4, Diff: 0.0]
   [Code Root Fixup: 0.0 ms]
   [Code Root Migration: 0.1 ms]
   [Clear CT: 0.4 ms]
   [Other: 1.2 ms]
      [Choose CSet: 0.0 ms]
      [Ref Proc: 0.3 ms]
      [Ref Enq: 0.0 ms]
      [Free CSet: 0.8 ms]
   [Eden: 529.0M(529.0M)->0.0B(487.0M) Survivors: 8192.0K->50.0M Heap: 647.4M(896.0M)->160.8M(896.0M)]
 [Times: user=0.06 sys=0.00, real=0.04 secs] 
2014-07-10T11:59:39.154+0200: 98.224: [GC pause (G1 Evacuation Pause) (young), 0.0030668 secs]
   [Parallel Time: 1.9 ms, GC Workers: 2]
      [GC Worker Start (ms): Min: 98223.7, Avg: 98223.7, Max: 98223.7, Diff: 0.0]
      [Ext Root Scanning (ms): Min: 0.3, Avg: 0.4, Max: 0.4, Diff: 0.0, Sum: 0.7]
      [Update RS (ms): Min: 0.0, Avg: 0.0, Max: 0.1, Diff: 0.0, Sum: 0.1]
         [Processed Buffers: Min: 1, Avg: 1.0, Max: 1, Diff: 0, Sum: 2]
      [Scan RS (ms): Min: 0.8, Avg: 0.8, Max: 0.8, Diff: 0.0, Sum: 1.6]
      [Code Root Scanning (ms): Min: 0.3, Avg: 0.3, Max: 0.4, Diff: 0.0, Sum: 0.7]
      [Object Copy (ms): Min: 0.3, Avg: 0.3, Max: 0.3, Diff: 0.0, Sum: 0.6]
      [Termination (ms): Min: 0.0, Avg: 0.0, Max: 0.0, Diff: 0.0, Sum: 0.0]
      [GC Worker Other (ms): Min: 0.0, Avg: 0.0, Max: 0.0, Diff: 0.0, Sum: 0.1]
      [GC Worker Total (ms): Min: 1.9, Avg: 1.9, Max: 1.9, Diff: 0.0, Sum: 3.8]
      [GC Worker End (ms): Min: 98225.6, Avg: 98225.6, Max: 98225.6, Diff: 0.0]
   [Code Root Fixup: 0.0 ms]
   [Code Root Migration: 0.0 ms]
   [Clear CT: 0.4 ms]
   [Other: 0.7 ms]
      [Choose CSet: 0.0 ms]
      [Ref Proc: 0.1 ms]
      [Ref Enq: 0.0 ms]
      [Free CSet: 0.6 ms]
   [Eden: 487.0M(487.0M)->0.0B(536.0M) Survivors: 50.0M->1024.0K Heap: 647.8M(896.0M)->111.3M(896.0M)]
 [Times: user=0.00 sys=0.00, real=0.00 secs] 
2014-07-10T11:59:39.714+0200: 98.784: [GC pause (G1 Evacuation Pause) (young), 0.0403512 secs]
   [Parallel Time: 38.7 ms, GC Workers: 2]
      [GC Worker Start (ms): Min: 98784.0, Avg: 98784.1, Max: 98784.2, Diff: 0.2]
      [Ext Root Scanning (ms): Min: 0.3, Avg: 0.3, Max: 0.4, Diff: 0.1, Sum: 0.7]
      [Update RS (ms): Min: 0.0, Avg: 0.1, Max: 0.1, Diff: 0.1, Sum: 0.1]
         [Processed Buffers: Min: 1, Avg: 2.0, Max: 3, Diff: 2, Sum: 4]
      [Scan RS (ms): Min: 0.8, Avg: 0.8, Max: 0.8, Diff: 0.0, Sum: 1.7]
      [Code Root Scanning (ms): Min: 0.3, Avg: 0.4, Max: 0.4, Diff: 0.0, Sum: 0.7]
      [Object Copy (ms): Min: 36.9, Avg: 36.9, Max: 36.9, Diff: 0.0, Sum: 73.8]
      [Termination (ms): Min: 0.0, Avg: 0.0, Max: 0.0, Diff: 0.0, Sum: 0.0]
      [GC Worker Other (ms): Min: 0.0, Avg: 0.0, Max: 0.0, Diff: 0.0, Sum: 0.1]
      [GC Worker Total (ms): Min: 38.5, Avg: 38.6, Max: 38.6, Diff: 0.2, Sum: 77.1]
      [GC Worker End (ms): Min: 98822.6, Avg: 98822.6, Max: 98822.6, Diff: 0.0]
   [Code Root Fixup: 0.0 ms]
   [Code Root Migration: 0.1 ms]
   [Clear CT: 0.4 ms]
   [Other: 1.1 ms]
      [Choose CSet: 0.0 ms]
      [Ref Proc: 0.1 ms]
      [Ref Enq: 0.0 ms]
      [Free CSet: 0.9 ms]
   [Eden: 536.0M(536.0M)->0.0B(476.0M) Survivors: 1024.0K->61.0M Heap: 647.3M(896.0M)->171.8M(896.0M)]
 [Times: user=0.06 sys=0.00, real=0.04 secs] 
2014-07-10T11:59:40.150+0200: 99.219: [GC pause (G1 Evacuation Pause) (young), 0.0030984 secs]
   [Parallel Time: 1.8 ms, GC Workers: 2]
      [GC Worker Start (ms): Min: 99219.5, Avg: 99219.5, Max: 99219.5, Diff: 0.0]
      [Ext Root Scanning (ms): Min: 0.3, Avg: 0.3, Max: 0.3, Diff: 0.0, Sum: 0.6]
      [Update RS (ms): Min: 0.0, Avg: 0.0, Max: 0.0, Diff: 0.0, Sum: 0.1]
         [Processed Buffers: Min: 1, Avg: 1.5, Max: 2, Diff: 1, Sum: 3]
      [Scan RS (ms): Min: 0.8, Avg: 0.8, Max: 0.8, Diff: 0.0, Sum: 1.6]
      [Code Root Scanning (ms): Min: 0.4, Avg: 0.4, Max: 0.4, Diff: 0.0, Sum: 0.7]
      [Object Copy (ms): Min: 0.2, Avg: 0.3, Max: 0.3, Diff: 0.0, Sum: 0.5]
      [Termination (ms): Min: 0.0, Avg: 0.0, Max: 0.0, Diff: 0.0, Sum: 0.0]
      [GC Worker Other (ms): Min: 0.0, Avg: 0.0, Max: 0.0, Diff: 0.0, Sum: 0.1]
      [GC Worker Total (ms): Min: 1.8, Avg: 1.8, Max: 1.8, Diff: 0.0, Sum: 3.6]
      [GC Worker End (ms): Min: 99221.3, Avg: 99221.3, Max: 99221.3, Diff: 0.0]
   [Code Root Fixup: 0.0 ms]
   [Code Root Migration: 0.0 ms]
   [Clear CT: 0.4 ms]
   [Other: 0.8 ms]
      [Choose CSet: 0.0 ms]
      [Ref Proc: 0.1 ms]
      [Ref Enq: 0.0 ms]
      [Free CSet: 0.6 ms]
   [Eden: 476.0M(476.0M)->0.0B(536.0M) Survivors: 61.0M->1024.0K Heap: 647.8M(896.0M)->111.3M(896.0M)]
 [Times: user=0.00 sys=0.00, real=0.00 secs] 
2014-07-10T11:59:40.708+0200: 99.777: [GC pause (G1 Evacuation Pause) (young), 0.0392575 secs]
   [Parallel Time: 37.6 ms, GC Workers: 2]
      [GC Worker Start (ms): Min: 99777.5, Avg: 99777.5, Max: 99777.5, Diff: 0.0]
      [Ext Root Scanning (ms): Min: 0.4, Avg: 0.4, Max: 0.4, Diff: 0.0, Sum: 0.7]
      [Update RS (ms): Min: 0.1, Avg: 0.1, Max: 0.1, Diff: 0.0, Sum: 0.1]
         [Processed Buffers: Min: 1, Avg: 2.0, Max: 3, Diff: 2, Sum: 4]
      [Scan RS (ms): Min: 1.0, Avg: 1.0, Max: 1.0, Diff: 0.0, Sum: 2.0]
      [Code Root Scanning (ms): Min: 0.4, Avg: 0.4, Max: 0.4, Diff: 0.0, Sum: 0.8]
      [Object Copy (ms): Min: 35.6, Avg: 35.6, Max: 35.7, Diff: 0.0, Sum: 71.3]
      [Termination (ms): Min: 0.0, Avg: 0.0, Max: 0.0, Diff: 0.0, Sum: 0.0]
      [GC Worker Other (ms): Min: 0.0, Avg: 0.1, Max: 0.1, Diff: 0.0, Sum: 0.1]
      [GC Worker Total (ms): Min: 37.5, Avg: 37.5, Max: 37.5, Diff: 0.0, Sum: 75.0]
      [GC Worker End (ms): Min: 99815.0, Avg: 99815.0, Max: 99815.0, Diff: 0.0]
   [Code Root Fixup: 0.0 ms]
   [Code Root Migration: 0.1 ms]
   [Clear CT: 0.6 ms]
   [Other: 1.1 ms]
      [Choose CSet: 0.0 ms]
      [Ref Proc: 0.1 ms]
      [Ref Enq: 0.0 ms]
      [Free CSet: 0.8 ms]
   [Eden: 536.0M(536.0M)->0.0B(479.0M) Survivors: 1024.0K->58.0M Heap: 647.3M(896.0M)->168.8M(896.0M)]
 [Times: user=0.06 sys=0.03, real=0.04 secs] 
2014-07-10T11:59:41.139+0200: 100.209: [GC pause (G1 Evacuation Pause) (young), 0.0083503 secs]
   [Parallel Time: 7.0 ms, GC Workers: 2]
      [GC Worker Start (ms): Min: 100208.9, Avg: 100208.9, Max: 100208.9, Diff: 0.0]
      [Ext Root Scanning (ms): Min: 0.3, Avg: 0.3, Max: 0.3, Diff: 0.0, Sum: 0.7]
      [Update RS (ms): Min: 0.0, Avg: 0.0, Max: 0.1, Diff: 0.0, Sum: 0.1]
         [Processed Buffers: Min: 1, Avg: 1.5, Max: 2, Diff: 1, Sum: 3]
      [Scan RS (ms): Min: 0.8, Avg: 0.8, Max: 0.8, Diff: 0.0, Sum: 1.6]
      [Code Root Scanning (ms): Min: 0.3, Avg: 0.3, Max: 0.3, Diff: 0.0, Sum: 0.7]
      [Object Copy (ms): Min: 5.3, Avg: 5.3, Max: 5.3, Diff: 0.0, Sum: 10.6]
      [Termination (ms): Min: 0.0, Avg: 0.0, Max: 0.0, Diff: 0.0, Sum: 0.0]
      [GC Worker Other (ms): Min: 0.0, Avg: 0.0, Max: 0.1, Diff: 0.0, Sum: 0.1]
      [GC Worker Total (ms): Min: 6.9, Avg: 6.9, Max: 6.9, Diff: 0.0, Sum: 13.8]
      [GC Worker End (ms): Min: 100215.8, Avg: 100215.8, Max: 100215.8, Diff: 0.0]
   [Code Root Fixup: 0.0 ms]
   [Code Root Migration: 0.1 ms]
   [Clear CT: 0.4 ms]
   [Other: 0.9 ms]
      [Choose CSet: 0.0 ms]
      [Ref Proc: 0.0 ms]
      [Ref Enq: 0.0 ms]
      [Free CSet: 0.7 ms]
   [Eden: 479.0M(479.0M)->0.0B(528.0M) Survivors: 58.0M->9216.0K Heap: 647.8M(896.0M)->119.4M(896.0M)]
 [Times: user=0.03 sys=0.00, real=0.01 secs] 
2014-07-10T11:59:41.700+0200: 100.769: [GC pause (G1 Evacuation Pause) (young), 0.0332841 secs]
   [Parallel Time: 31.6 ms, GC Workers: 2]
      [GC Worker Start (ms): Min: 100769.3, Avg: 100769.3, Max: 100769.3, Diff: 0.0]
      [Ext Root Scanning (ms): Min: 0.4, Avg: 0.4, Max: 0.4, Diff: 0.0, Sum: 0.7]
      [Update RS (ms): Min: 0.1, Avg: 0.1, Max: 0.1, Diff: 0.0, Sum: 0.1]
         [Processed Buffers: Min: 2, Avg: 2.0, Max: 2, Diff: 0, Sum: 4]
      [Scan RS (ms): Min: 0.9, Avg: 0.9, Max: 1.0, Diff: 0.0, Sum: 1.9]
      [Code Root Scanning (ms): Min: 0.4, Avg: 0.4, Max: 0.4, Diff: 0.0, Sum: 0.7]
      [Object Copy (ms): Min: 29.7, Avg: 29.7, Max: 29.7, Diff: 0.0, Sum: 59.5]
      [Termination (ms): Min: 0.0, Avg: 0.0, Max: 0.0, Diff: 0.0, Sum: 0.0]
      [GC Worker Other (ms): Min: 0.0, Avg: 0.0, Max: 0.0, Diff: 0.0, Sum: 0.1]
      [GC Worker Total (ms): Min: 31.5, Avg: 31.5, Max: 31.6, Diff: 0.0, Sum: 63.1]
      [GC Worker End (ms): Min: 100800.8, Avg: 100800.8, Max: 100800.8, Diff: 0.0]
   [Code Root Fixup: 0.0 ms]
   [Code Root Migration: 0.1 ms]
   [Clear CT: 0.5 ms]
   [Other: 1.1 ms]
      [Choose CSet: 0.0 ms]
      [Ref Proc: 0.1 ms]
      [Ref Enq: 0.0 ms]
      [Free CSet: 0.8 ms]
   [Eden: 528.0M(528.0M)->0.0B(488.0M) Survivors: 9216.0K->49.0M Heap: 647.4M(896.0M)->159.7M(896.0M)]
 [Times: user=0.06 sys=0.00, real=0.03 secs] 
2014-07-10T11:59:42.154+0200: 101.224: [GC pause (G1 Evacuation Pause) (young), 0.0081944 secs]
   [Parallel Time: 6.8 ms, GC Workers: 2]
      [GC Worker Start (ms): Min: 101223.9, Avg: 101223.9, Max: 101223.9, Diff: 0.0]
      [Ext Root Scanning (ms): Min: 0.3, Avg: 0.3, Max: 0.3, Diff: 0.0, Sum: 0.7]
      [Update RS (ms): Min: 0.0, Avg: 0.0, Max: 0.0, Diff: 0.0, Sum: 0.1]
         [Processed Buffers: Min: 1, Avg: 1.5, Max: 2, Diff: 1, Sum: 3]
      [Scan RS (ms): Min: 0.8, Avg: 0.8, Max: 0.8, Diff: 0.0, Sum: 1.6]
      [Code Root Scanning (ms): Min: 0.4, Avg: 0.4, Max: 0.4, Diff: 0.0, Sum: 0.7]
      [Object Copy (ms): Min: 5.0, Avg: 5.0, Max: 5.1, Diff: 0.1, Sum: 10.0]
      [Termination (ms): Min: 0.0, Avg: 0.1, Max: 0.3, Diff: 0.3, Sum: 0.3]
      [GC Worker Other (ms): Min: 0.0, Avg: 0.0, Max: 0.0, Diff: 0.0, Sum: 0.1]
      [GC Worker Total (ms): Min: 6.6, Avg: 6.7, Max: 6.8, Diff: 0.2, Sum: 13.5]
      [GC Worker End (ms): Min: 101230.6, Avg: 101230.7, Max: 101230.8, Diff: 0.2]
   [Code Root Fixup: 0.0 ms]
   [Code Root Migration: 0.1 ms]
   [Clear CT: 0.4 ms]
   [Other: 0.9 ms]
      [Choose CSet: 0.0 ms]
      [Ref Proc: 0.1 ms]
      [Ref Enq: 0.0 ms]
      [Free CSet: 0.7 ms]
   [Eden: 488.0M(488.0M)->0.0B(529.0M) Survivors: 49.0M->8192.0K Heap: 647.7M(896.0M)->119.3M(896.0M)]
 [Times: user=0.03 sys=0.00, real=0.01 secs] 
2014-07-10T11:59:42.710+0200: 101.780: [GC pause (G1 Evacuation Pause) (young), 0.0367117 secs]
   [Parallel Time: 35.1 ms, GC Workers: 2]
      [GC Worker Start (ms): Min: 101780.1, Avg: 101780.1, Max: 101780.1, Diff: 0.0]
      [Ext Root Scanning (ms): Min: 0.4, Avg: 0.4, Max: 0.4, Diff: 0.0, Sum: 0.7]
      [Update RS (ms): Min: 0.1, Avg: 0.1, Max: 0.2, Diff: 0.1, Sum: 0.3]
         [Processed Buffers: Min: 1, Avg: 1.5, Max: 2, Diff: 1, Sum: 3]
      [Scan RS (ms): Min: 0.8, Avg: 0.9, Max: 0.9, Diff: 0.1, Sum: 1.7]
      [Code Root Scanning (ms): Min: 0.4, Avg: 0.4, Max: 0.5, Diff: 0.1, Sum: 0.9]
      [Object Copy (ms): Min: 33.2, Avg: 33.2, Max: 33.2, Diff: 0.0, Sum: 66.4]
      [Termination (ms): Min: 0.0, Avg: 0.0, Max: 0.0, Diff: 0.0, Sum: 0.0]
      [GC Worker Other (ms): Min: 0.0, Avg: 0.0, Max: 0.0, Diff: 0.0, Sum: 0.1]
      [GC Worker Total (ms): Min: 35.0, Avg: 35.0, Max: 35.0, Diff: 0.0, Sum: 70.1]
      [GC Worker End (ms): Min: 101815.1, Avg: 101815.1, Max: 101815.1, Diff: 0.0]
   [Code Root Fixup: 0.0 ms]
   [Code Root Migration: 0.1 ms]
   [Clear CT: 0.4 ms]
   [Other: 1.2 ms]
      [Choose CSet: 0.0 ms]
      [Ref Proc: 0.2 ms]
      [Ref Enq: 0.0 ms]
      [Free CSet: 0.8 ms]
   [Eden: 529.0M(529.0M)->0.0B(482.0M) Survivors: 8192.0K->55.0M Heap: 648.3M(896.0M)->165.7M(896.0M)]
 [Times: user=0.06 sys=0.00, real=0.04 secs] 
2014-07-10T11:59:43.149+0200: 102.219: [GC pause (G1 Evacuation Pause) (young), 0.0078220 secs]
   [Parallel Time: 6.5 ms, GC Workers: 2]
      [GC Worker Start (ms): Min: 102219.3, Avg: 102219.3, Max: 102219.3, Diff: 0.0]
      [Ext Root Scanning (ms): Min: 0.3, Avg: 0.3, Max: 0.3, Diff: 0.0, Sum: 0.6]
      [Update RS (ms): Min: 0.0, Avg: 0.0, Max: 0.0, Diff: 0.0, Sum: 0.1]
         [Processed Buffers: Min: 1, Avg: 1.5, Max: 2, Diff: 1, Sum: 3]
      [Scan RS (ms): Min: 0.9, Avg: 0.9, Max: 0.9, Diff: 0.0, Sum: 1.8]
      [Code Root Scanning (ms): Min: 0.3, Avg: 0.4, Max: 0.4, Diff: 0.0, Sum: 0.7]
      [Object Copy (ms): Min: 4.8, Avg: 4.8, Max: 4.8, Diff: 0.0, Sum: 9.6]
      [Termination (ms): Min: 0.0, Avg: 0.0, Max: 0.0, Diff: 0.0, Sum: 0.0]
      [GC Worker Other (ms): Min: 0.0, Avg: 0.0, Max: 0.0, Diff: 0.0, Sum: 0.1]
      [GC Worker Total (ms): Min: 6.4, Avg: 6.4, Max: 6.4, Diff: 0.0, Sum: 12.8]
      [GC Worker End (ms): Min: 102225.7, Avg: 102225.7, Max: 102225.7, Diff: 0.0]
   [Code Root Fixup: 0.0 ms]
   [Code Root Migration: 0.1 ms]
   [Clear CT: 0.4 ms]
   [Other: 0.9 ms]
      [Choose CSet: 0.0 ms]
      [Ref Proc: 0.1 ms]
      [Ref Enq: 0.0 ms]
      [Free CSet: 0.6 ms]
   [Eden: 482.0M(482.0M)->0.0B(529.0M) Survivors: 55.0M->8192.0K Heap: 647.7M(896.0M)->119.3M(896.0M)]
 [Times: user=0.00 sys=0.00, real=0.01 secs] 
2014-07-10T11:59:43.716+0200: 102.786: [GC pause (G1 Evacuation Pause) (young), 0.0356041 secs]
   [Parallel Time: 34.1 ms, GC Workers: 2]
      [GC Worker Start (ms): Min: 102786.1, Avg: 102793.2, Max: 102800.4, Diff: 14.3]
      [Ext Root Scanning (ms): Min: 0.0, Avg: 0.2, Max: 0.3, Diff: 0.3, Sum: 0.3]
      [Update RS (ms): Min: 0.0, Avg: 0.0, Max: 0.1, Diff: 0.1, Sum: 0.1]
         [Processed Buffers: Min: 0, Avg: 2.0, Max: 4, Diff: 4, Sum: 4]
      [Scan RS (ms): Min: 0.1, Avg: 0.9, Max: 1.7, Diff: 1.5, Sum: 1.8]
      [Code Root Scanning (ms): Min: 0.0, Avg: 0.3, Max: 0.7, Diff: 0.7, Sum: 0.7]
      [Object Copy (ms): Min: 19.5, Avg: 25.4, Max: 31.3, Diff: 11.7, Sum: 50.8]
      [Termination (ms): Min: 0.0, Avg: 0.0, Max: 0.0, Diff: 0.0, Sum: 0.0]
      [GC Worker Other (ms): Min: 0.0, Avg: 0.0, Max: 0.1, Diff: 0.0, Sum: 0.1]
      [GC Worker Total (ms): Min: 19.7, Avg: 26.9, Max: 34.0, Diff: 14.3, Sum: 53.8]
      [GC Worker End (ms): Min: 102820.1, Avg: 102820.1, Max: 102820.1, Diff: 0.0]
   [Code Root Fixup: 0.0 ms]
   [Code Root Migration: 0.1 ms]
   [Clear CT: 0.4 ms]
   [Other: 1.0 ms]
      [Choose CSet: 0.0 ms]
      [Ref Proc: 0.1 ms]
      [Ref Enq: 0.0 ms]
      [Free CSet: 0.8 ms]
   [Eden: 529.0M(529.0M)->0.0B(487.0M) Survivors: 8192.0K->50.0M Heap: 648.3M(896.0M)->160.7M(896.0M)]
 [Times: user=0.08 sys=0.00, real=0.04 secs] 
2014-07-10T11:59:44.165+0200: 103.234: [GC pause (G1 Evacuation Pause) (young), 0.0076408 secs]
   [Parallel Time: 6.3 ms, GC Workers: 2]
      [GC Worker Start (ms): Min: 103234.6, Avg: 103234.6, Max: 103234.6, Diff: 0.0]
      [Ext Root Scanning (ms): Min: 0.3, Avg: 0.3, Max: 0.3, Diff: 0.0, Sum: 0.6]
      [Update RS (ms): Min: 0.0, Avg: 0.0, Max: 0.1, Diff: 0.1, Sum: 0.1]
         [Processed Buffers: Min: 1, Avg: 1.0, Max: 1, Diff: 0, Sum: 2]
      [Scan RS (ms): Min: 0.8, Avg: 0.8, Max: 0.8, Diff: 0.1, Sum: 1.6]
      [Code Root Scanning (ms): Min: 0.4, Avg: 0.4, Max: 0.4, Diff: 0.0, Sum: 0.7]
      [Object Copy (ms): Min: 4.7, Avg: 4.7, Max: 4.7, Diff: 0.0, Sum: 9.4]
      [Termination (ms): Min: 0.0, Avg: 0.0, Max: 0.0, Diff: 0.0, Sum: 0.0]
      [GC Worker Other (ms): Min: 0.0, Avg: 0.0, Max: 0.0, Diff: 0.0, Sum: 0.1]
      [GC Worker Total (ms): Min: 6.3, Avg: 6.3, Max: 6.3, Diff: 0.0, Sum: 12.5]
      [GC Worker End (ms): Min: 103240.8, Avg: 103240.8, Max: 103240.8, Diff: 0.0]
   [Code Root Fixup: 0.0 ms]
   [Code Root Migration: 0.1 ms]
   [Clear CT: 0.4 ms]
   [Other: 0.8 ms]
      [Choose CSet: 0.0 ms]
      [Ref Proc: 0.0 ms]
      [Ref Enq: 0.0 ms]
      [Free CSet: 0.7 ms]
   [Eden: 487.0M(487.0M)->0.0B(529.0M) Survivors: 50.0M->8192.0K Heap: 647.7M(896.0M)->119.2M(896.0M)]
 [Times: user=0.03 sys=0.00, real=0.01 secs] 
2014-07-10T11:59:44.702+0200: 103.772: [GC pause (G1 Evacuation Pause) (young), 0.0330894 secs]
   [Parallel Time: 31.6 ms, GC Workers: 2]
      [GC Worker Start (ms): Min: 103771.9, Avg: 103772.0, Max: 103772.0, Diff: 0.0]
      [Ext Root Scanning (ms): Min: 0.3, Avg: 0.3, Max: 0.3, Diff: 0.0, Sum: 0.5]
      [Update RS (ms): Min: 0.0, Avg: 0.0, Max: 0.1, Diff: 0.1, Sum: 0.1]
         [Processed Buffers: Min: 1, Avg: 1.0, Max: 1, Diff: 0, Sum: 2]
      [Scan RS (ms): Min: 0.8, Avg: 0.8, Max: 0.9, Diff: 0.1, Sum: 1.6]
      [Code Root Scanning (ms): Min: 0.3, Avg: 0.4, Max: 0.4, Diff: 0.0, Sum: 0.7]
      [Object Copy (ms): Min: 30.0, Avg: 30.0, Max: 30.0, Diff: 0.0, Sum: 60.1]
      [Termination (ms): Min: 0.0, Avg: 0.0, Max: 0.0, Diff: 0.0, Sum: 0.0]
      [GC Worker Other (ms): Min: 0.0, Avg: 0.1, Max: 0.1, Diff: 0.1, Sum: 0.1]
      [GC Worker Total (ms): Min: 31.6, Avg: 31.6, Max: 31.6, Diff: 0.0, Sum: 63.2]
      [GC Worker End (ms): Min: 103803.5, Avg: 103803.5, Max: 103803.6, Diff: 0.1]
   [Code Root Fixup: 0.0 ms]
   [Code Root Migration: 0.1 ms]
   [Clear CT: 0.4 ms]
   [Other: 1.0 ms]
      [Choose CSet: 0.0 ms]
      [Ref Proc: 0.1 ms]
      [Ref Enq: 0.0 ms]
      [Free CSet: 0.7 ms]
   [Eden: 529.0M(529.0M)->0.0B(487.0M) Survivors: 8192.0K->50.0M Heap: 648.2M(896.0M)->161.6M(896.0M)]
 [Times: user=0.06 sys=0.00, real=0.03 secs] 
2014-07-10T11:59:45.135+0200: 104.205: [GC pause (G1 Evacuation Pause) (young), 0.0029913 secs]
   [Parallel Time: 1.9 ms, GC Workers: 2]
      [GC Worker Start (ms): Min: 104204.7, Avg: 104204.7, Max: 104204.7, Diff: 0.0]
      [Ext Root Scanning (ms): Min: 0.4, Avg: 0.4, Max: 0.4, Diff: 0.0, Sum: 0.8]
      [Update RS (ms): Min: 0.0, Avg: 0.0, Max: 0.1, Diff: 0.1, Sum: 0.1]
         [Processed Buffers: Min: 1, Avg: 1.0, Max: 1, Diff: 0, Sum: 2]
      [Scan RS (ms): Min: 0.8, Avg: 0.8, Max: 0.8, Diff: 0.1, Sum: 1.6]
      [Code Root Scanning (ms): Min: 0.3, Avg: 0.3, Max: 0.3, Diff: 0.0, Sum: 0.7]
      [Object Copy (ms): Min: 0.3, Avg: 0.3, Max: 0.3, Diff: 0.0, Sum: 0.5]
      [Termination (ms): Min: 0.0, Avg: 0.0, Max: 0.0, Diff: 0.0, Sum: 0.0]
      [GC Worker Other (ms): Min: 0.0, Avg: 0.0, Max: 0.0, Diff: 0.0, Sum: 0.1]
      [GC Worker Total (ms): Min: 1.9, Avg: 1.9, Max: 1.9, Diff: 0.0, Sum: 3.7]
      [GC Worker End (ms): Min: 104206.5, Avg: 104206.5, Max: 104206.5, Diff: 0.0]
   [Code Root Fixup: 0.0 ms]
   [Code Root Migration: 0.0 ms]
   [Clear CT: 0.3 ms]
   [Other: 0.8 ms]
      [Choose CSet: 0.0 ms]
      [Ref Proc: 0.1 ms]
      [Ref Enq: 0.0 ms]
      [Free CSet: 0.6 ms]
   [Eden: 487.0M(487.0M)->0.0B(536.0M) Survivors: 50.0M->1024.0K Heap: 648.6M(896.0M)->112.2M(896.0M)]
 [Times: user=0.00 sys=0.00, real=0.00 secs] 
2014-07-10T11:59:45.715+0200: 104.784: [GC pause (G1 Evacuation Pause) (young), 0.0411933 secs]
   [Parallel Time: 39.7 ms, GC Workers: 2]
      [GC Worker Start (ms): Min: 104784.6, Avg: 104784.6, Max: 104784.6, Diff: 0.0]
      [Ext Root Scanning (ms): Min: 0.3, Avg: 0.3, Max: 0.4, Diff: 0.0, Sum: 0.7]
      [Update RS (ms): Min: 0.1, Avg: 0.1, Max: 0.1, Diff: 0.0, Sum: 0.1]
         [Processed Buffers: Min: 1, Avg: 2.0, Max: 3, Diff: 2, Sum: 4]
      [Scan RS (ms): Min: 0.9, Avg: 0.9, Max: 0.9, Diff: 0.0, Sum: 1.8]
      [Code Root Scanning (ms): Min: 0.4, Avg: 0.4, Max: 0.4, Diff: 0.0, Sum: 0.8]
      [Object Copy (ms): Min: 37.9, Avg: 37.9, Max: 37.9, Diff: 0.0, Sum: 75.9]
      [Termination (ms): Min: 0.0, Avg: 0.0, Max: 0.0, Diff: 0.0, Sum: 0.0]
      [GC Worker Other (ms): Min: 0.0, Avg: 0.0, Max: 0.0, Diff: 0.0, Sum: 0.1]
      [GC Worker Total (ms): Min: 39.6, Avg: 39.7, Max: 39.7, Diff: 0.0, Sum: 79.3]
      [GC Worker End (ms): Min: 104824.3, Avg: 104824.3, Max: 104824.3, Diff: 0.0]
   [Code Root Fixup: 0.0 ms]
   [Code Root Migration: 0.1 ms]
   [Clear CT: 0.4 ms]
   [Other: 1.0 ms]
      [Choose CSet: 0.0 ms]
      [Ref Proc: 0.1 ms]
      [Ref Enq: 0.0 ms]
      [Free CSet: 0.8 ms]
   [Eden: 536.0M(536.0M)->0.0B(476.0M) Survivors: 1024.0K->61.0M Heap: 648.2M(896.0M)->172.6M(896.0M)]
 [Times: user=0.06 sys=0.03, real=0.04 secs] 
2014-07-10T11:59:46.150+0200: 105.219: [GC pause (G1 Evacuation Pause) (young), 0.0028927 secs]
   [Parallel Time: 1.7 ms, GC Workers: 2]
      [GC Worker Start (ms): Min: 105218.7, Avg: 105218.7, Max: 105218.7, Diff: 0.0]
      [Ext Root Scanning (ms): Min: 0.3, Avg: 0.3, Max: 0.3, Diff: 0.0, Sum: 0.6]
      [Update RS (ms): Min: 0.0, Avg: 0.0, Max: 0.0, Diff: 0.0, Sum: 0.1]
         [Processed Buffers: Min: 1, Avg: 1.5, Max: 2, Diff: 1, Sum: 3]
      [Scan RS (ms): Min: 0.7, Avg: 0.8, Max: 0.8, Diff: 0.0, Sum: 1.5]
      [Code Root Scanning (ms): Min: 0.3, Avg: 0.4, Max: 0.4, Diff: 0.0, Sum: 0.7]
      [Object Copy (ms): Min: 0.2, Avg: 0.2, Max: 0.2, Diff: 0.0, Sum: 0.5]
      [Termination (ms): Min: 0.0, Avg: 0.0, Max: 0.0, Diff: 0.0, Sum: 0.0]
      [GC Worker Other (ms): Min: 0.0, Avg: 0.0, Max: 0.0, Diff: 0.0, Sum: 0.1]
      [GC Worker Total (ms): Min: 1.7, Avg: 1.7, Max: 1.7, Diff: 0.0, Sum: 3.4]
      [GC Worker End (ms): Min: 105220.4, Avg: 105220.4, Max: 105220.4, Diff: 0.0]
   [Code Root Fixup: 0.0 ms]
   [Code Root Migration: 0.0 ms]
   [Clear CT: 0.4 ms]
   [Other: 0.7 ms]
      [Choose CSet: 0.0 ms]
      [Ref Proc: 0.1 ms]
      [Ref Enq: 0.0 ms]
      [Free CSet: 0.6 ms]
   [Eden: 476.0M(476.0M)->0.0B(536.0M) Survivors: 61.0M->1024.0K Heap: 648.6M(896.0M)->112.2M(896.0M)]
 [Times: user=0.00 sys=0.00, real=0.00 secs] 
2014-07-10T11:59:46.707+0200: 105.776: [GC pause (G1 Evacuation Pause) (young), 0.0383512 secs]
   [Parallel Time: 36.5 ms, GC Workers: 2]
      [GC Worker Start (ms): Min: 105776.5, Avg: 105776.5, Max: 105776.5, Diff: 0.0]
      [Ext Root Scanning (ms): Min: 0.3, Avg: 0.3, Max: 0.4, Diff: 0.0, Sum: 0.7]
      [Update RS (ms): Min: 0.0, Avg: 0.1, Max: 0.1, Diff: 0.0, Sum: 0.1]
         [Processed Buffers: Min: 2, Avg: 2.0, Max: 2, Diff: 0, Sum: 4]
      [Scan RS (ms): Min: 0.8, Avg: 0.8, Max: 0.9, Diff: 0.0, Sum: 1.7]
      [Code Root Scanning (ms): Min: 0.4, Avg: 0.4, Max: 0.4, Diff: 0.0, Sum: 0.7]
      [Object Copy (ms): Min: 34.8, Avg: 34.8, Max: 34.8, Diff: 0.0, Sum: 69.7]
      [Termination (ms): Min: 0.0, Avg: 0.0, Max: 0.0, Diff: 0.0, Sum: 0.0]
      [GC Worker Other (ms): Min: 0.0, Avg: 0.0, Max: 0.0, Diff: 0.0, Sum: 0.1]
      [GC Worker Total (ms): Min: 36.5, Avg: 36.5, Max: 36.5, Diff: 0.0, Sum: 73.0]
      [GC Worker End (ms): Min: 105813.0, Avg: 105813.0, Max: 105813.0, Diff: 0.0]
   [Code Root Fixup: 0.0 ms]
   [Code Root Migration: 0.1 ms]
   [Clear CT: 0.6 ms]
   [Other: 1.1 ms]
      [Choose CSet: 0.0 ms]
      [Ref Proc: 0.1 ms]
      [Ref Enq: 0.0 ms]
      [Free CSet: 0.9 ms]
   [Eden: 536.0M(536.0M)->0.0B(479.0M) Survivors: 1024.0K->58.0M Heap: 648.2M(896.0M)->169.6M(896.0M)]
 [Times: user=0.05 sys=0.00, real=0.04 secs] 
2014-07-10T11:59:47.158+0200: 106.227: [GC pause (G1 Evacuation Pause) (young), 0.0080984 secs]
   [Parallel Time: 6.8 ms, GC Workers: 2]
      [GC Worker Start (ms): Min: 106227.0, Avg: 106227.0, Max: 106227.0, Diff: 0.0]
      [Ext Root Scanning (ms): Min: 0.3, Avg: 0.3, Max: 0.3, Diff: 0.0, Sum: 0.7]
      [Update RS (ms): Min: 0.0, Avg: 0.1, Max: 0.1, Diff: 0.0, Sum: 0.1]
         [Processed Buffers: Min: 1, Avg: 1.5, Max: 2, Diff: 1, Sum: 3]
      [Scan RS (ms): Min: 0.8, Avg: 0.8, Max: 0.8, Diff: 0.0, Sum: 1.6]
      [Code Root Scanning (ms): Min: 0.4, Avg: 0.4, Max: 0.4, Diff: 0.0, Sum: 0.7]
      [Object Copy (ms): Min: 5.1, Avg: 5.1, Max: 5.2, Diff: 0.0, Sum: 10.3]
      [Termination (ms): Min: 0.0, Avg: 0.0, Max: 0.0, Diff: 0.0, Sum: 0.0]
      [GC Worker Other (ms): Min: 0.0, Avg: 0.0, Max: 0.0, Diff: 0.0, Sum: 0.1]
      [GC Worker Total (ms): Min: 6.8, Avg: 6.8, Max: 6.8, Diff: 0.0, Sum: 13.5]
      [GC Worker End (ms): Min: 106233.8, Avg: 106233.8, Max: 106233.8, Diff: 0.0]
   [Code Root Fixup: 0.0 ms]
   [Code Root Migration: 0.1 ms]
   [Clear CT: 0.4 ms]
   [Other: 0.8 ms]
      [Choose CSet: 0.0 ms]
      [Ref Proc: 0.0 ms]
      [Ref Enq: 0.0 ms]
      [Free CSet: 0.7 ms]
   [Eden: 479.0M(479.0M)->0.0B(528.0M) Survivors: 58.0M->9216.0K Heap: 648.6M(896.0M)->120.2M(896.0M)]
 [Times: user=0.00 sys=0.00, real=0.01 secs] 
2014-07-10T11:59:47.700+0200: 106.769: [GC pause (G1 Evacuation Pause) (young), 0.0329959 secs]
   [Parallel Time: 31.5 ms, GC Workers: 2]
      [GC Worker Start (ms): Min: 106768.9, Avg: 106768.9, Max: 106768.9, Diff: 0.0]
      [Ext Root Scanning (ms): Min: 0.3, Avg: 0.3, Max: 0.4, Diff: 0.0, Sum: 0.7]
      [Update RS (ms): Min: 0.1, Avg: 0.1, Max: 0.1, Diff: 0.0, Sum: 0.1]
         [Processed Buffers: Min: 2, Avg: 2.0, Max: 2, Diff: 0, Sum: 4]
      [Scan RS (ms): Min: 0.9, Avg: 0.9, Max: 0.9, Diff: 0.0, Sum: 1.9]
      [Code Root Scanning (ms): Min: 0.4, Avg: 0.4, Max: 0.4, Diff: 0.0, Sum: 0.8]
      [Object Copy (ms): Min: 29.7, Avg: 29.7, Max: 29.7, Diff: 0.0, Sum: 59.4]
      [Termination (ms): Min: 0.0, Avg: 0.0, Max: 0.0, Diff: 0.0, Sum: 0.0]
      [GC Worker Other (ms): Min: 0.0, Avg: 0.0, Max: 0.0, Diff: 0.0, Sum: 0.1]
      [GC Worker Total (ms): Min: 31.4, Avg: 31.5, Max: 31.5, Diff: 0.0, Sum: 62.9]
      [GC Worker End (ms): Min: 106800.3, Avg: 106800.3, Max: 106800.3, Diff: 0.0]
   [Code Root Fixup: 0.0 ms]
   [Code Root Migration: 0.1 ms]
   [Clear CT: 0.4 ms]
   [Other: 1.0 ms]
      [Choose CSet: 0.0 ms]
      [Ref Proc: 0.1 ms]
      [Ref Enq: 0.0 ms]
      [Free CSet: 0.7 ms]
   [Eden: 528.0M(528.0M)->0.0B(488.0M) Survivors: 9216.0K->49.0M Heap: 648.2M(896.0M)->160.6M(896.0M)]
 [Times: user=0.06 sys=0.00, real=0.03 secs] 
2014-07-10T11:59:48.153+0200: 107.222: [GC pause (G1 Evacuation Pause) (young), 0.0078480 secs]
   [Parallel Time: 6.6 ms, GC Workers: 2]
      [GC Worker Start (ms): Min: 107222.2, Avg: 107222.2, Max: 107222.2, Diff: 0.0]
      [Ext Root Scanning (ms): Min: 0.3, Avg: 0.3, Max: 0.3, Diff: 0.0, Sum: 0.6]
      [Update RS (ms): Min: 0.1, Avg: 0.1, Max: 0.1, Diff: 0.0, Sum: 0.1]
         [Processed Buffers: Min: 1, Avg: 1.5, Max: 2, Diff: 1, Sum: 3]
      [Scan RS (ms): Min: 0.8, Avg: 0.8, Max: 0.8, Diff: 0.0, Sum: 1.6]
      [Code Root Scanning (ms): Min: 0.3, Avg: 0.3, Max: 0.3, Diff: 0.0, Sum: 0.7]
      [Object Copy (ms): Min: 5.0, Avg: 5.0, Max: 5.0, Diff: 0.0, Sum: 10.0]
      [Termination (ms): Min: 0.0, Avg: 0.0, Max: 0.0, Diff: 0.0, Sum: 0.0]
      [GC Worker Other (ms): Min: 0.0, Avg: 0.0, Max: 0.0, Diff: 0.0, Sum: 0.1]
      [GC Worker Total (ms): Min: 6.5, Avg: 6.5, Max: 6.5, Diff: 0.0, Sum: 13.0]
      [GC Worker End (ms): Min: 107228.7, Avg: 107228.7, Max: 107228.7, Diff: 0.0]
   [Code Root Fixup: 0.0 ms]
   [Code Root Migration: 0.1 ms]
   [Clear CT: 0.4 ms]
   [Other: 0.8 ms]
      [Choose CSet: 0.0 ms]
      [Ref Proc: 0.1 ms]
      [Ref Enq: 0.0 ms]
      [Free CSet: 0.6 ms]
   [Eden: 488.0M(488.0M)->0.0B(529.0M) Survivors: 49.0M->8192.0K Heap: 648.6M(896.0M)->120.1M(896.0M)]
 [Times: user=0.00 sys=0.00, real=0.01 secs] 
2014-07-10T11:59:48.711+0200: 107.780: [GC pause (G1 Evacuation Pause) (young), 0.0362505 secs]
   [Parallel Time: 34.8 ms, GC Workers: 2]
      [GC Worker Start (ms): Min: 107779.7, Avg: 107779.7, Max: 107779.7, Diff: 0.0]
      [Ext Root Scanning (ms): Min: 0.3, Avg: 0.3, Max: 0.4, Diff: 0.0, Sum: 0.7]
      [Update RS (ms): Min: 0.1, Avg: 0.1, Max: 0.1, Diff: 0.0, Sum: 0.1]
         [Processed Buffers: Min: 1, Avg: 1.5, Max: 2, Diff: 1, Sum: 3]
      [Scan RS (ms): Min: 0.8, Avg: 0.8, Max: 0.8, Diff: 0.0, Sum: 1.7]
      [Code Root Scanning (ms): Min: 0.4, Avg: 0.4, Max: 0.4, Diff: 0.0, Sum: 0.7]
      [Object Copy (ms): Min: 33.1, Avg: 33.1, Max: 33.1, Diff: 0.0, Sum: 66.2]
      [Termination (ms): Min: 0.0, Avg: 0.0, Max: 0.0, Diff: 0.0, Sum: 0.0]
      [GC Worker Other (ms): Min: 0.0, Avg: 0.0, Max: 0.0, Diff: 0.0, Sum: 0.1]
      [GC Worker Total (ms): Min: 34.7, Avg: 34.7, Max: 34.8, Diff: 0.0, Sum: 69.5]
      [GC Worker End (ms): Min: 107814.4, Avg: 107814.4, Max: 107814.4, Diff: 0.0]
   [Code Root Fixup: 0.0 ms]
   [Code Root Migration: 0.1 ms]
   [Clear CT: 0.4 ms]
   [Other: 1.0 ms]
      [Choose CSet: 0.0 ms]
      [Ref Proc: 0.0 ms]
      [Ref Enq: 0.0 ms]
      [Free CSet: 0.7 ms]
   [Eden: 529.0M(529.0M)->0.0B(482.0M) Survivors: 8192.0K->55.0M Heap: 649.1M(896.0M)->166.6M(896.0M)]
 [Times: user=0.08 sys=0.02, real=0.04 secs] 
2014-07-10T11:59:49.152+0200: 108.221: [GC pause (G1 Evacuation Pause) (young), 0.0077644 secs]
   [Parallel Time: 6.3 ms, GC Workers: 2]
      [GC Worker Start (ms): Min: 108221.2, Avg: 108221.2, Max: 108221.2, Diff: 0.0]
      [Ext Root Scanning (ms): Min: 0.3, Avg: 0.3, Max: 0.3, Diff: 0.0, Sum: 0.7]
      [Update RS (ms): Min: 0.0, Avg: 0.0, Max: 0.0, Diff: 0.0, Sum: 0.1]
         [Processed Buffers: Min: 1, Avg: 1.5, Max: 2, Diff: 1, Sum: 3]
      [Scan RS (ms): Min: 0.9, Avg: 0.9, Max: 0.9, Diff: 0.0, Sum: 1.7]
      [Code Root Scanning (ms): Min: 0.4, Avg: 0.4, Max: 0.4, Diff: 0.0, Sum: 0.7]
      [Object Copy (ms): Min: 4.6, Avg: 4.6, Max: 4.6, Diff: 0.0, Sum: 9.3]
      [Termination (ms): Min: 0.0, Avg: 0.0, Max: 0.0, Diff: 0.0, Sum: 0.0]
      [GC Worker Other (ms): Min: 0.0, Avg: 0.0, Max: 0.0, Diff: 0.0, Sum: 0.1]
      [GC Worker Total (ms): Min: 6.3, Avg: 6.3, Max: 6.3, Diff: 0.0, Sum: 12.6]
      [GC Worker End (ms): Min: 108227.5, Avg: 108227.5, Max: 108227.5, Diff: 0.0]
   [Code Root Fixup: 0.0 ms]
   [Code Root Migration: 0.1 ms]
   [Clear CT: 0.4 ms]
   [Other: 1.0 ms]
      [Choose CSet: 0.0 ms]
      [Ref Proc: 0.1 ms]
      [Ref Enq: 0.0 ms]
      [Free CSet: 0.8 ms]
   [Eden: 482.0M(482.0M)->0.0B(529.0M) Survivors: 55.0M->8192.0K Heap: 648.6M(896.0M)->120.2M(896.0M)]
 [Times: user=0.00 sys=0.00, real=0.01 secs] 
2014-07-10T11:59:49.704+0200: 108.773: [GC pause (G1 Evacuation Pause) (young), 0.0342216 secs]
   [Parallel Time: 32.5 ms, GC Workers: 2]
      [GC Worker Start (ms): Min: 108773.3, Avg: 108773.3, Max: 108773.3, Diff: 0.0]
      [Ext Root Scanning (ms): Min: 0.4, Avg: 0.4, Max: 0.4, Diff: 0.0, Sum: 0.7]
      [Update RS (ms): Min: 0.0, Avg: 0.1, Max: 0.1, Diff: 0.0, Sum: 0.1]
         [Processed Buffers: Min: 2, Avg: 2.0, Max: 2, Diff: 0, Sum: 4]
      [Scan RS (ms): Min: 1.0, Avg: 1.1, Max: 1.1, Diff: 0.1, Sum: 2.1]
      [Code Root Scanning (ms): Min: 0.3, Avg: 0.4, Max: 0.4, Diff: 0.1, Sum: 0.8]
      [Object Copy (ms): Min: 30.5, Avg: 30.5, Max: 30.5, Diff: 0.0, Sum: 61.1]
      [Termination (ms): Min: 0.0, Avg: 0.0, Max: 0.0, Diff: 0.0, Sum: 0.0]
      [GC Worker Other (ms): Min: 0.0, Avg: 0.0, Max: 0.0, Diff: 0.0, Sum: 0.1]
      [GC Worker Total (ms): Min: 32.4, Avg: 32.4, Max: 32.5, Diff: 0.0, Sum: 64.9]
      [GC Worker End (ms): Min: 108805.7, Avg: 108805.7, Max: 108805.7, Diff: 0.0]
   [Code Root Fixup: 0.0 ms]
   [Code Root Migration: 0.1 ms]
   [Clear CT: 0.6 ms]
   [Other: 1.1 ms]
      [Choose CSet: 0.0 ms]
      [Ref Proc: 0.1 ms]
      [Ref Enq: 0.0 ms]
      [Free CSet: 0.8 ms]
   [Eden: 529.0M(529.0M)->0.0B(487.0M) Survivors: 8192.0K->50.0M Heap: 649.2M(896.0M)->161.5M(896.0M)]
 [Times: user=0.06 sys=0.00, real=0.04 secs] 
2014-07-10T11:59:50.161+0200: 109.230: [GC pause (G1 Evacuation Pause) (young), 0.0076504 secs]
   [Parallel Time: 6.1 ms, GC Workers: 2]
      [GC Worker Start (ms): Min: 109230.2, Avg: 109230.2, Max: 109230.2, Diff: 0.0]
      [Ext Root Scanning (ms): Min: 0.3, Avg: 0.3, Max: 0.3, Diff: 0.0, Sum: 0.6]
      [Update RS (ms): Min: 0.0, Avg: 0.1, Max: 0.1, Diff: 0.0, Sum: 0.1]
         [Processed Buffers: Min: 1, Avg: 1.5, Max: 2, Diff: 1, Sum: 3]
      [Scan RS (ms): Min: 0.8, Avg: 0.8, Max: 0.8, Diff: 0.0, Sum: 1.6]
      [Code Root Scanning (ms): Min: 0.4, Avg: 0.4, Max: 0.4, Diff: 0.0, Sum: 0.7]
      [Object Copy (ms): Min: 4.5, Avg: 4.5, Max: 4.6, Diff: 0.0, Sum: 9.1]
      [Termination (ms): Min: 0.0, Avg: 0.0, Max: 0.0, Diff: 0.0, Sum: 0.0]
      [GC Worker Other (ms): Min: 0.0, Avg: 0.1, Max: 0.1, Diff: 0.0, Sum: 0.1]
      [GC Worker Total (ms): Min: 6.1, Avg: 6.1, Max: 6.1, Diff: 0.0, Sum: 12.2]
      [GC Worker End (ms): Min: 109236.3, Avg: 109236.3, Max: 109236.3, Diff: 0.0]
   [Code Root Fixup: 0.0 ms]
   [Code Root Migration: 0.1 ms]
   [Clear CT: 0.4 ms]
   [Other: 1.0 ms]
      [Choose CSet: 0.0 ms]
      [Ref Proc: 0.1 ms]
      [Ref Enq: 0.0 ms]
      [Free CSet: 0.8 ms]
   [Eden: 487.0M(487.0M)->0.0B(529.0M) Survivors: 50.0M->8192.0K Heap: 648.5M(896.0M)->120.1M(896.0M)]
 [Times: user=0.00 sys=0.03, real=0.01 secs] 
2014-07-10T11:59:50.701+0200: 109.770: [GC pause (G1 Evacuation Pause) (young), 0.0335297 secs]
   [Parallel Time: 31.5 ms, GC Workers: 2]
      [GC Worker Start (ms): Min: 109770.3, Avg: 109770.3, Max: 109770.3, Diff: 0.0]
      [Ext Root Scanning (ms): Min: 0.3, Avg: 0.3, Max: 0.3, Diff: 0.0, Sum: 0.6]
      [Update RS (ms): Min: 0.0, Avg: 0.1, Max: 0.1, Diff: 0.0, Sum: 0.1]
         [Processed Buffers: Min: 1, Avg: 1.5, Max: 2, Diff: 1, Sum: 3]
      [Scan RS (ms): Min: 0.8, Avg: 0.8, Max: 0.8, Diff: 0.0, Sum: 1.6]
      [Code Root Scanning (ms): Min: 0.4, Avg: 0.4, Max: 0.4, Diff: 0.0, Sum: 0.7]
      [Object Copy (ms): Min: 29.9, Avg: 30.0, Max: 30.0, Diff: 0.0, Sum: 59.9]
      [Termination (ms): Min: 0.0, Avg: 0.0, Max: 0.0, Diff: 0.0, Sum: 0.0]
      [GC Worker Other (ms): Min: 0.0, Avg: 0.0, Max: 0.0, Diff: 0.0, Sum: 0.1]
      [GC Worker Total (ms): Min: 31.5, Avg: 31.5, Max: 31.5, Diff: 0.0, Sum: 63.0]
      [GC Worker End (ms): Min: 109801.8, Avg: 109801.8, Max: 109801.8, Diff: 0.0]
   [Code Root Fixup: 0.0 ms]
   [Code Root Migration: 0.1 ms]
   [Clear CT: 0.9 ms]
   [Other: 1.0 ms]
      [Choose CSet: 0.0 ms]
      [Ref Proc: 0.1 ms]
      [Ref Enq: 0.0 ms]
      [Free CSet: 0.7 ms]
   [Eden: 529.0M(529.0M)->0.0B(487.0M) Survivors: 8192.0K->50.0M Heap: 649.1M(896.0M)->162.4M(896.0M)]
 [Times: user=0.06 sys=0.00, real=0.03 secs] 
2014-07-10T11:59:51.156+0200: 110.225: [GC pause (G1 Evacuation Pause) (young), 0.0030327 secs]
   [Parallel Time: 1.9 ms, GC Workers: 2]
      [GC Worker Start (ms): Min: 110225.1, Avg: 110225.1, Max: 110225.1, Diff: 0.0]
      [Ext Root Scanning (ms): Min: 0.3, Avg: 0.3, Max: 0.3, Diff: 0.0, Sum: 0.6]
      [Update RS (ms): Min: 0.0, Avg: 0.0, Max: 0.0, Diff: 0.0, Sum: 0.1]
         [Processed Buffers: Min: 1, Avg: 1.5, Max: 2, Diff: 1, Sum: 3]
      [Scan RS (ms): Min: 0.8, Avg: 0.8, Max: 0.9, Diff: 0.1, Sum: 1.7]
      [Code Root Scanning (ms): Min: 0.3, Avg: 0.4, Max: 0.4, Diff: 0.1, Sum: 0.7]
      [Object Copy (ms): Min: 0.3, Avg: 0.3, Max: 0.3, Diff: 0.0, Sum: 0.5]
      [Termination (ms): Min: 0.0, Avg: 0.0, Max: 0.0, Diff: 0.0, Sum: 0.0]
      [GC Worker Other (ms): Min: 0.0, Avg: 0.0, Max: 0.0, Diff: 0.0, Sum: 0.1]
      [GC Worker Total (ms): Min: 1.8, Avg: 1.8, Max: 1.9, Diff: 0.0, Sum: 3.7]
      [GC Worker End (ms): Min: 110226.9, Avg: 110226.9, Max: 110226.9, Diff: 0.0]
   [Code Root Fixup: 0.0 ms]
   [Code Root Migration: 0.0 ms]
   [Clear CT: 0.3 ms]
   [Other: 0.8 ms]
      [Choose CSet: 0.0 ms]
      [Ref Proc: 0.1 ms]
      [Ref Enq: 0.0 ms]
      [Free CSet: 0.6 ms]
   [Eden: 487.0M(487.0M)->0.0B(536.0M) Survivors: 50.0M->1024.0K Heap: 649.4M(896.0M)->113.0M(896.0M)]
 [Times: user=0.00 sys=0.00, real=0.00 secs] 
2014-07-10T11:59:51.703+0200: 110.772: [GC pause (G1 Evacuation Pause) (young), 0.0400377 secs]
   [Parallel Time: 38.6 ms, GC Workers: 2]
      [GC Worker Start (ms): Min: 110772.1, Avg: 110772.1, Max: 110772.1, Diff: 0.0]
      [Ext Root Scanning (ms): Min: 0.3, Avg: 0.3, Max: 0.3, Diff: 0.0, Sum: 0.7]
      [Update RS (ms): Min: 0.0, Avg: 0.1, Max: 0.1, Diff: 0.0, Sum: 0.1]
         [Processed Buffers: Min: 2, Avg: 2.0, Max: 2, Diff: 0, Sum: 4]
      [Scan RS (ms): Min: 0.8, Avg: 0.9, Max: 0.9, Diff: 0.0, Sum: 1.7]
      [Code Root Scanning (ms): Min: 0.4, Avg: 0.4, Max: 0.4, Diff: 0.0, Sum: 0.8]
      [Object Copy (ms): Min: 36.9, Avg: 36.9, Max: 36.9, Diff: 0.0, Sum: 73.7]
      [Termination (ms): Min: 0.0, Avg: 0.0, Max: 0.0, Diff: 0.0, Sum: 0.0]
      [GC Worker Other (ms): Min: 0.0, Avg: 0.0, Max: 0.0, Diff: 0.0, Sum: 0.1]
      [GC Worker Total (ms): Min: 38.5, Avg: 38.5, Max: 38.5, Diff: 0.0, Sum: 77.1]
      [GC Worker End (ms): Min: 110810.6, Avg: 110810.6, Max: 110810.6, Diff: 0.0]
   [Code Root Fixup: 0.0 ms]
   [Code Root Migration: 0.1 ms]
   [Clear CT: 0.4 ms]
   [Other: 1.0 ms]
      [Choose CSet: 0.0 ms]
      [Ref Proc: 0.1 ms]
      [Ref Enq: 0.0 ms]
      [Free CSet: 0.7 ms]
   [Eden: 536.0M(536.0M)->0.0B(476.0M) Survivors: 1024.0K->61.0M Heap: 649.0M(896.0M)->173.5M(896.0M)]
 [Times: user=0.09 sys=0.00, real=0.04 secs] 
2014-07-10T11:59:52.151+0200: 111.221: [GC pause (G1 Evacuation Pause) (young), 0.0029700 secs]
   [Parallel Time: 1.8 ms, GC Workers: 2]
      [GC Worker Start (ms): Min: 111220.7, Avg: 111220.7, Max: 111220.7, Diff: 0.0]
      [Ext Root Scanning (ms): Min: 0.3, Avg: 0.3, Max: 0.3, Diff: 0.0, Sum: 0.6]
      [Update RS (ms): Min: 0.0, Avg: 0.0, Max: 0.1, Diff: 0.0, Sum: 0.1]
         [Processed Buffers: Min: 1, Avg: 1.5, Max: 2, Diff: 1, Sum: 3]
      [Scan RS (ms): Min: 0.8, Avg: 0.8, Max: 0.8, Diff: 0.0, Sum: 1.6]
      [Code Root Scanning (ms): Min: 0.3, Avg: 0.3, Max: 0.4, Diff: 0.0, Sum: 0.7]
      [Object Copy (ms): Min: 0.3, Avg: 0.3, Max: 0.3, Diff: 0.0, Sum: 0.5]
      [Termination (ms): Min: 0.0, Avg: 0.0, Max: 0.0, Diff: 0.0, Sum: 0.0]
      [GC Worker Other (ms): Min: 0.0, Avg: 0.0, Max: 0.0, Diff: 0.0, Sum: 0.1]
      [GC Worker Total (ms): Min: 1.8, Avg: 1.8, Max: 1.8, Diff: 0.0, Sum: 3.6]
      [GC Worker End (ms): Min: 111222.5, Avg: 111222.5, Max: 111222.5, Diff: 0.0]
   [Code Root Fixup: 0.0 ms]
   [Code Root Migration: 0.0 ms]
   [Clear CT: 0.4 ms]
   [Other: 0.7 ms]
      [Choose CSet: 0.0 ms]
      [Ref Proc: 0.0 ms]
      [Ref Enq: 0.0 ms]
      [Free CSet: 0.6 ms]
   [Eden: 476.0M(476.0M)->0.0B(536.0M) Survivors: 61.0M->1024.0K Heap: 649.5M(896.0M)->113.0M(896.0M)]
 [Times: user=0.00 sys=0.00, real=0.00 secs] 
2014-07-10T11:59:52.696+0200: 111.765: [GC pause (G1 Evacuation Pause) (young), 0.0382350 secs]
   [Parallel Time: 36.5 ms, GC Workers: 2]
      [GC Worker Start (ms): Min: 111764.9, Avg: 111764.9, Max: 111764.9, Diff: 0.0]
      [Ext Root Scanning (ms): Min: 0.3, Avg: 0.3, Max: 0.3, Diff: 0.0, Sum: 0.7]
      [Update RS (ms): Min: 0.1, Avg: 0.1, Max: 0.1, Diff: 0.0, Sum: 0.1]
         [Processed Buffers: Min: 2, Avg: 2.0, Max: 2, Diff: 0, Sum: 4]
      [Scan RS (ms): Min: 0.8, Avg: 0.8, Max: 0.8, Diff: 0.0, Sum: 1.6]
      [Code Root Scanning (ms): Min: 0.4, Avg: 0.4, Max: 0.4, Diff: 0.0, Sum: 0.7]
      [Object Copy (ms): Min: 34.8, Avg: 34.8, Max: 34.8, Diff: 0.0, Sum: 69.7]
      [Termination (ms): Min: 0.0, Avg: 0.0, Max: 0.0, Diff: 0.0, Sum: 0.0]
      [GC Worker Other (ms): Min: 0.0, Avg: 0.1, Max: 0.1, Diff: 0.0, Sum: 0.1]
      [GC Worker Total (ms): Min: 36.5, Avg: 36.5, Max: 36.5, Diff: 0.0, Sum: 73.0]
      [GC Worker End (ms): Min: 111801.4, Avg: 111801.4, Max: 111801.4, Diff: 0.0]
   [Code Root Fixup: 0.0 ms]
   [Code Root Migration: 0.1 ms]
   [Clear CT: 0.6 ms]
   [Other: 1.0 ms]
      [Choose CSet: 0.0 ms]
      [Ref Proc: 0.1 ms]
      [Ref Enq: 0.0 ms]
      [Free CSet: 0.8 ms]
   [Eden: 536.0M(536.0M)->0.0B(479.0M) Survivors: 1024.0K->58.0M Heap: 649.0M(896.0M)->170.4M(896.0M)]
 [Times: user=0.06 sys=0.00, real=0.04 secs] 
2014-07-10T11:59:53.145+0200: 112.214: [GC pause (G1 Evacuation Pause) (young), 0.0084910 secs]
   [Parallel Time: 7.1 ms, GC Workers: 2]
      [GC Worker Start (ms): Min: 112214.1, Avg: 112214.1, Max: 112214.1, Diff: 0.0]
      [Ext Root Scanning (ms): Min: 0.4, Avg: 0.4, Max: 0.4, Diff: 0.0, Sum: 0.8]
      [Update RS (ms): Min: 0.0, Avg: 0.0, Max: 0.0, Diff: 0.0, Sum: 0.1]
         [Processed Buffers: Min: 1, Avg: 1.5, Max: 2, Diff: 1, Sum: 3]
      [Scan RS (ms): Min: 0.8, Avg: 0.8, Max: 0.8, Diff: 0.0, Sum: 1.6]
      [Code Root Scanning (ms): Min: 0.3, Avg: 0.4, Max: 0.4, Diff: 0.0, Sum: 0.7]
      [Object Copy (ms): Min: 5.4, Avg: 5.4, Max: 5.4, Diff: 0.0, Sum: 10.8]
      [Termination (ms): Min: 0.0, Avg: 0.0, Max: 0.0, Diff: 0.0, Sum: 0.0]
      [GC Worker Other (ms): Min: 0.0, Avg: 0.0, Max: 0.0, Diff: 0.0, Sum: 0.1]
      [GC Worker Total (ms): Min: 7.0, Avg: 7.0, Max: 7.0, Diff: 0.0, Sum: 14.0]
      [GC Worker End (ms): Min: 112221.1, Avg: 112221.1, Max: 112221.1, Diff: 0.0]
   [Code Root Fixup: 0.0 ms]
   [Code Root Migration: 0.1 ms]
   [Clear CT: 0.3 ms]
   [Other: 1.0 ms]
      [Choose CSet: 0.0 ms]
      [Ref Proc: 0.1 ms]
      [Ref Enq: 0.0 ms]
      [Free CSet: 0.7 ms]
   [Eden: 479.0M(479.0M)->0.0B(528.0M) Survivors: 58.0M->9216.0K Heap: 649.4M(896.0M)->121.0M(896.0M)]
 [Times: user=0.00 sys=0.00, real=0.01 secs] 
2014-07-10T11:59:53.700+0200: 112.769: [GC pause (G1 Evacuation Pause) (young), 0.0334491 secs]
   [Parallel Time: 32.0 ms, GC Workers: 2]
      [GC Worker Start (ms): Min: 112769.2, Avg: 112769.2, Max: 112769.2, Diff: 0.0]
      [Ext Root Scanning (ms): Min: 0.5, Avg: 0.5, Max: 0.6, Diff: 0.1, Sum: 1.1]
      [Update RS (ms): Min: 0.0, Avg: 0.1, Max: 0.1, Diff: 0.1, Sum: 0.2]
         [Processed Buffers: Min: 2, Avg: 2.0, Max: 2, Diff: 0, Sum: 4]
      [Scan RS (ms): Min: 0.9, Avg: 0.9, Max: 0.9, Diff: 0.0, Sum: 1.8]
      [Code Root Scanning (ms): Min: 0.4, Avg: 0.4, Max: 0.4, Diff: 0.0, Sum: 0.7]
      [Object Copy (ms): Min: 29.9, Avg: 30.0, Max: 30.0, Diff: 0.0, Sum: 59.9]
      [Termination (ms): Min: 0.0, Avg: 0.0, Max: 0.0, Diff: 0.0, Sum: 0.0]
      [GC Worker Other (ms): Min: 0.0, Avg: 0.0, Max: 0.0, Diff: 0.0, Sum: 0.1]
      [GC Worker Total (ms): Min: 31.9, Avg: 31.9, Max: 31.9, Diff: 0.0, Sum: 63.8]
      [GC Worker End (ms): Min: 112801.1, Avg: 112801.1, Max: 112801.1, Diff: 0.0]
   [Code Root Fixup: 0.0 ms]
   [Code Root Migration: 0.1 ms]
   [Clear CT: 0.4 ms]
   [Other: 1.0 ms]
      [Choose CSet: 0.0 ms]
      [Ref Proc: 0.1 ms]
      [Ref Enq: 0.0 ms]
      [Free CSet: 0.7 ms]
   [Eden: 528.0M(528.0M)->0.0B(488.0M) Survivors: 9216.0K->49.0M Heap: 649.0M(896.0M)->161.4M(896.0M)]
 [Times: user=0.06 sys=0.00, real=0.03 secs] 
2014-07-10T11:59:54.153+0200: 113.223: [GC pause (G1 Evacuation Pause) (young), 0.0078410 secs]
   [Parallel Time: 6.5 ms, GC Workers: 2]
      [GC Worker Start (ms): Min: 113222.9, Avg: 113222.9, Max: 113222.9, Diff: 0.0]
      [Ext Root Scanning (ms): Min: 0.3, Avg: 0.3, Max: 0.3, Diff: 0.0, Sum: 0.7]
      [Update RS (ms): Min: 0.1, Avg: 0.1, Max: 0.1, Diff: 0.0, Sum: 0.1]
         [Processed Buffers: Min: 1, Avg: 1.5, Max: 2, Diff: 1, Sum: 3]
      [Scan RS (ms): Min: 0.8, Avg: 0.8, Max: 0.8, Diff: 0.0, Sum: 1.6]
      [Code Root Scanning (ms): Min: 0.3, Avg: 0.3, Max: 0.3, Diff: 0.0, Sum: 0.7]
      [Object Copy (ms): Min: 4.9, Avg: 4.9, Max: 4.9, Diff: 0.0, Sum: 9.8]
      [Termination (ms): Min: 0.0, Avg: 0.0, Max: 0.0, Diff: 0.0, Sum: 0.0]
      [GC Worker Other (ms): Min: 0.0, Avg: 0.0, Max: 0.1, Diff: 0.0, Sum: 0.1]
      [GC Worker Total (ms): Min: 6.5, Avg: 6.5, Max: 6.5, Diff: 0.0, Sum: 12.9]
      [GC Worker End (ms): Min: 113229.4, Avg: 113229.4, Max: 113229.4, Diff: 0.0]
   [Code Root Fixup: 0.0 ms]
   [Code Root Migration: 0.1 ms]
   [Clear CT: 0.4 ms]
   [Other: 0.8 ms]
      [Choose CSet: 0.0 ms]
      [Ref Proc: 0.1 ms]
      [Ref Enq: 0.0 ms]
      [Free CSet: 0.6 ms]
   [Eden: 488.0M(488.0M)->0.0B(529.0M) Survivors: 49.0M->8192.0K Heap: 649.4M(896.0M)->121.0M(896.0M)]
 [Times: user=0.03 sys=0.00, real=0.01 secs] 
2014-07-10T11:59:54.710+0200: 113.780: [GC pause (G1 Evacuation Pause) (young), 0.0372448 secs]
   [Parallel Time: 35.8 ms, GC Workers: 2]
      [GC Worker Start (ms): Min: 113779.8, Avg: 113779.8, Max: 113779.9, Diff: 0.0]
      [Ext Root Scanning (ms): Min: 0.3, Avg: 0.4, Max: 0.4, Diff: 0.1, Sum: 0.7]
      [Update RS (ms): Min: 0.1, Avg: 0.1, Max: 0.1, Diff: 0.0, Sum: 0.1]
         [Processed Buffers: Min: 1, Avg: 1.5, Max: 2, Diff: 1, Sum: 3]
      [Scan RS (ms): Min: 0.9, Avg: 1.0, Max: 1.0, Diff: 0.0, Sum: 1.9]
      [Code Root Scanning (ms): Min: 0.4, Avg: 0.4, Max: 0.4, Diff: 0.0, Sum: 0.7]
      [Object Copy (ms): Min: 33.8, Avg: 33.9, Max: 33.9, Diff: 0.0, Sum: 67.7]
      [Termination (ms): Min: 0.0, Avg: 0.0, Max: 0.0, Diff: 0.0, Sum: 0.0]
      [GC Worker Other (ms): Min: 0.0, Avg: 0.1, Max: 0.1, Diff: 0.1, Sum: 0.2]
      [GC Worker Total (ms): Min: 35.7, Avg: 35.7, Max: 35.7, Diff: 0.0, Sum: 71.4]
      [GC Worker End (ms): Min: 113815.6, Avg: 113815.6, Max: 113815.6, Diff: 0.0]
   [Code Root Fixup: 0.0 ms]
   [Code Root Migration: 0.1 ms]
   [Clear CT: 0.4 ms]
   [Other: 1.0 ms]
      [Choose CSet: 0.0 ms]
      [Ref Proc: 0.1 ms]
      [Ref Enq: 0.0 ms]
      [Free CSet: 0.7 ms]
   [Eden: 529.0M(529.0M)->0.0B(482.0M) Survivors: 8192.0K->55.0M Heap: 650.0M(896.0M)->167.4M(896.0M)]
 [Times: user=0.05 sys=0.00, real=0.04 secs] 
2014-07-10T11:59:55.138+0200: 114.208: [GC pause (G1 Evacuation Pause) (young), 0.0079781 secs]
   [Parallel Time: 6.5 ms, GC Workers: 2]
      [GC Worker Start (ms): Min: 114208.0, Avg: 114208.0, Max: 114208.0, Diff: 0.0]
      [Ext Root Scanning (ms): Min: 0.3, Avg: 0.3, Max: 0.3, Diff: 0.0, Sum: 0.7]
      [Update RS (ms): Min: 0.0, Avg: 0.0, Max: 0.0, Diff: 0.0, Sum: 0.1]
         [Processed Buffers: Min: 1, Avg: 1.5, Max: 2, Diff: 1, Sum: 3]
      [Scan RS (ms): Min: 0.8, Avg: 0.8, Max: 0.8, Diff: 0.0, Sum: 1.6]
      [Code Root Scanning (ms): Min: 0.3, Avg: 0.4, Max: 0.4, Diff: 0.0, Sum: 0.7]
      [Object Copy (ms): Min: 4.9, Avg: 4.9, Max: 4.9, Diff: 0.0, Sum: 9.8]
      [Termination (ms): Min: 0.0, Avg: 0.0, Max: 0.0, Diff: 0.0, Sum: 0.0]
      [GC Worker Other (ms): Min: 0.0, Avg: 0.0, Max: 0.0, Diff: 0.0, Sum: 0.1]
      [GC Worker Total (ms): Min: 6.5, Avg: 6.5, Max: 6.5, Diff: 0.0, Sum: 13.0]
      [GC Worker End (ms): Min: 114214.5, Avg: 114214.5, Max: 114214.5, Diff: 0.0]
   [Code Root Fixup: 0.0 ms]
   [Code Root Migration: 0.1 ms]
   [Clear CT: 0.4 ms]
   [Other: 1.0 ms]
      [Choose CSet: 0.0 ms]
      [Ref Proc: 0.1 ms]
      [Ref Enq: 0.0 ms]
      [Free CSet: 0.7 ms]
   [Eden: 482.0M(482.0M)->0.0B(529.0M) Survivors: 55.0M->8192.0K Heap: 649.4M(896.0M)->121.0M(896.0M)]
 [Times: user=0.02 sys=0.00, real=0.01 secs] 
2014-07-10T11:59:55.704+0200: 114.773: [GC pause (G1 Evacuation Pause) (young), 0.0330062 secs]
   [Parallel Time: 31.5 ms, GC Workers: 2]
      [GC Worker Start (ms): Min: 114773.1, Avg: 114773.1, Max: 114773.1, Diff: 0.0]
      [Ext Root Scanning (ms): Min: 0.3, Avg: 0.3, Max: 0.3, Diff: 0.0, Sum: 0.6]
      [Update RS (ms): Min: 0.0, Avg: 0.1, Max: 0.1, Diff: 0.0, Sum: 0.1]
         [Processed Buffers: Min: 2, Avg: 2.0, Max: 2, Diff: 0, Sum: 4]
      [Scan RS (ms): Min: 0.9, Avg: 0.9, Max: 0.9, Diff: 0.0, Sum: 1.8]
      [Code Root Scanning (ms): Min: 0.3, Avg: 0.4, Max: 0.4, Diff: 0.0, Sum: 0.7]
      [Object Copy (ms): Min: 29.7, Avg: 29.7, Max: 29.7, Diff: 0.0, Sum: 59.5]
      [Termination (ms): Min: 0.0, Avg: 0.0, Max: 0.0, Diff: 0.0, Sum: 0.0]
      [GC Worker Other (ms): Min: 0.0, Avg: 0.0, Max: 0.0, Diff: 0.0, Sum: 0.1]
      [GC Worker Total (ms): Min: 31.4, Avg: 31.4, Max: 31.4, Diff: 0.0, Sum: 62.9]
      [GC Worker End (ms): Min: 114804.5, Avg: 114804.5, Max: 114804.5, Diff: 0.0]
   [Code Root Fixup: 0.0 ms]
   [Code Root Migration: 0.1 ms]
   [Clear CT: 0.4 ms]
   [Other: 1.1 ms]
      [Choose CSet: 0.0 ms]
      [Ref Proc: 0.1 ms]
      [Ref Enq: 0.0 ms]
      [Free CSet: 0.7 ms]
   [Eden: 529.0M(529.0M)->0.0B(487.0M) Survivors: 8192.0K->50.0M Heap: 650.0M(896.0M)->162.3M(896.0M)]
 [Times: user=0.06 sys=0.00, real=0.03 secs] 
2014-07-10T11:59:56.145+0200: 115.213: [GC pause (G1 Evacuation Pause) (young), 0.0080397 secs]
   [Parallel Time: 6.3 ms, GC Workers: 2]
      [GC Worker Start (ms): Min: 115213.5, Avg: 115213.5, Max: 115213.5, Diff: 0.0]
      [Ext Root Scanning (ms): Min: 0.3, Avg: 0.3, Max: 0.3, Diff: 0.0, Sum: 0.7]
      [Update RS (ms): Min: 0.0, Avg: 0.1, Max: 0.1, Diff: 0.0, Sum: 0.1]
         [Processed Buffers: Min: 1, Avg: 1.5, Max: 2, Diff: 1, Sum: 3]
      [Scan RS (ms): Min: 0.8, Avg: 0.8, Max: 0.8, Diff: 0.0, Sum: 1.6]
      [Code Root Scanning (ms): Min: 0.4, Avg: 0.4, Max: 0.4, Diff: 0.0, Sum: 0.7]
      [Object Copy (ms): Min: 4.7, Avg: 4.7, Max: 4.7, Diff: 0.0, Sum: 9.4]
      [Termination (ms): Min: 0.0, Avg: 0.0, Max: 0.0, Diff: 0.0, Sum: 0.0]
      [GC Worker Other (ms): Min: 0.0, Avg: 0.0, Max: 0.0, Diff: 0.0, Sum: 0.1]
      [GC Worker Total (ms): Min: 6.3, Avg: 6.3, Max: 6.3, Diff: 0.0, Sum: 12.6]
      [GC Worker End (ms): Min: 115219.7, Avg: 115219.7, Max: 115219.8, Diff: 0.0]
   [Code Root Fixup: 0.0 ms]
   [Code Root Migration: 0.1 ms]
   [Clear CT: 0.5 ms]
   [Other: 1.1 ms]
      [Choose CSet: 0.0 ms]
      [Ref Proc: 0.1 ms]
      [Ref Enq: 0.0 ms]
      [Free CSet: 0.9 ms]
   [Eden: 487.0M(487.0M)->0.0B(529.0M) Survivors: 50.0M->8192.0K Heap: 649.3M(896.0M)->120.9M(896.0M)]
 [Times: user=0.00 sys=0.00, real=0.01 secs] 
2014-07-10T11:59:56.701+0200: 115.770: [GC pause (G1 Evacuation Pause) (young), 0.0338458 secs]
   [Parallel Time: 32.4 ms, GC Workers: 2]
      [GC Worker Start (ms): Min: 115769.9, Avg: 115769.9, Max: 115770.0, Diff: 0.0]
      [Ext Root Scanning (ms): Min: 0.3, Avg: 0.4, Max: 0.4, Diff: 0.0, Sum: 0.7]
      [Update RS (ms): Min: 0.1, Avg: 0.1, Max: 0.1, Diff: 0.0, Sum: 0.1]
         [Processed Buffers: Min: 1, Avg: 1.5, Max: 2, Diff: 1, Sum: 3]
      [Scan RS (ms): Min: 1.0, Avg: 1.1, Max: 1.1, Diff: 0.1, Sum: 2.1]
      [Code Root Scanning (ms): Min: 0.3, Avg: 0.4, Max: 0.4, Diff: 0.1, Sum: 0.8]
      [Object Copy (ms): Min: 30.3, Avg: 30.3, Max: 30.3, Diff: 0.0, Sum: 60.7]
      [Termination (ms): Min: 0.0, Avg: 0.0, Max: 0.0, Diff: 0.0, Sum: 0.0]
      [GC Worker Other (ms): Min: 0.0, Avg: 0.1, Max: 0.1, Diff: 0.0, Sum: 0.1]
      [GC Worker Total (ms): Min: 32.3, Avg: 32.3, Max: 32.3, Diff: 0.0, Sum: 64.5]
      [GC Worker End (ms): Min: 115802.2, Avg: 115802.2, Max: 115802.2, Diff: 0.0]
   [Code Root Fixup: 0.0 ms]
   [Code Root Migration: 0.1 ms]
   [Clear CT: 0.4 ms]
   [Other: 1.0 ms]
      [Choose CSet: 0.0 ms]
      [Ref Proc: 0.1 ms]
      [Ref Enq: 0.0 ms]
      [Free CSet: 0.8 ms]
   [Eden: 529.0M(529.0M)->0.0B(487.0M) Survivors: 8192.0K->50.0M Heap: 649.9M(896.0M)->163.3M(896.0M)]
 [Times: user=0.06 sys=0.00, real=0.03 secs] 
2014-07-10T11:59:57.154+0200: 116.223: [GC pause (G1 Evacuation Pause) (young), 0.0029884 secs]
   [Parallel Time: 1.8 ms, GC Workers: 2]
      [GC Worker Start (ms): Min: 116223.0, Avg: 116223.1, Max: 116223.1, Diff: 0.1]
      [Ext Root Scanning (ms): Min: 0.3, Avg: 0.3, Max: 0.3, Diff: 0.1, Sum: 0.6]
      [Update RS (ms): Min: 0.0, Avg: 0.0, Max: 0.1, Diff: 0.0, Sum: 0.1]
         [Processed Buffers: Min: 1, Avg: 1.5, Max: 2, Diff: 1, Sum: 3]
      [Scan RS (ms): Min: 0.8, Avg: 0.8, Max: 0.8, Diff: 0.0, Sum: 1.5]
      [Code Root Scanning (ms): Min: 0.3, Avg: 0.3, Max: 0.3, Diff: 0.0, Sum: 0.7]
      [Object Copy (ms): Min: 0.3, Avg: 0.3, Max: 0.3, Diff: 0.0, Sum: 0.6]
      [Termination (ms): Min: 0.0, Avg: 0.0, Max: 0.0, Diff: 0.0, Sum: 0.0]
      [GC Worker Other (ms): Min: 0.0, Avg: 0.0, Max: 0.0, Diff: 0.0, Sum: 0.1]
      [GC Worker Total (ms): Min: 1.7, Avg: 1.8, Max: 1.8, Diff: 0.1, Sum: 3.5]
      [GC Worker End (ms): Min: 116224.8, Avg: 116224.8, Max: 116224.8, Diff: 0.0]
   [Code Root Fixup: 0.0 ms]
   [Code Root Migration: 0.0 ms]
   [Clear CT: 0.4 ms]
   [Other: 0.7 ms]
      [Choose CSet: 0.0 ms]
      [Ref Proc: 0.0 ms]
      [Ref Enq: 0.0 ms]
      [Free CSet: 0.6 ms]
   [Eden: 487.0M(487.0M)->0.0B(536.0M) Survivors: 50.0M->1024.0K Heap: 650.3M(896.0M)->113.8M(896.0M)]
 [Times: user=0.00 sys=0.00, real=0.00 secs] 
2014-07-10T11:59:57.714+0200: 116.783: [GC pause (G1 Evacuation Pause) (young), 0.0404755 secs]
   [Parallel Time: 38.6 ms, GC Workers: 2]
      [GC Worker Start (ms): Min: 116782.6, Avg: 116782.6, Max: 116782.6, Diff: 0.0]
      [Ext Root Scanning (ms): Min: 0.3, Avg: 0.3, Max: 0.4, Diff: 0.0, Sum: 0.7]
      [Update RS (ms): Min: 0.1, Avg: 0.1, Max: 0.1, Diff: 0.0, Sum: 0.1]
         [Processed Buffers: Min: 2, Avg: 2.0, Max: 2, Diff: 0, Sum: 4]
      [Scan RS (ms): Min: 0.8, Avg: 0.8, Max: 0.8, Diff: 0.0, Sum: 1.6]
      [Code Root Scanning (ms): Min: 0.3, Avg: 0.3, Max: 0.4, Diff: 0.0, Sum: 0.7]
      [Object Copy (ms): Min: 36.9, Avg: 36.9, Max: 36.9, Diff: 0.0, Sum: 73.8]
      [Termination (ms): Min: 0.0, Avg: 0.0, Max: 0.1, Diff: 0.1, Sum: 0.1]
      [GC Worker Other (ms): Min: 0.0, Avg: 0.0, Max: 0.0, Diff: 0.0, Sum: 0.1]
      [GC Worker Total (ms): Min: 38.6, Avg: 38.6, Max: 38.6, Diff: 0.1, Sum: 77.2]
      [GC Worker End (ms): Min: 116821.2, Avg: 116821.2, Max: 116821.2, Diff: 0.0]
   [Code Root Fixup: 0.0 ms]
   [Code Root Migration: 0.1 ms]
   [Clear CT: 0.6 ms]
   [Other: 1.1 ms]
      [Choose CSet: 0.0 ms]
      [Ref Proc: 0.1 ms]
      [Ref Enq: 0.0 ms]
      [Free CSet: 0.9 ms]
   [Eden: 536.0M(536.0M)->0.0B(476.0M) Survivors: 1024.0K->61.0M Heap: 649.8M(896.0M)->174.3M(896.0M)]
 [Times: user=0.06 sys=0.00, real=0.04 secs] 
2014-07-10T11:59:58.152+0200: 117.220: [GC pause (G1 Evacuation Pause) (young), 0.0035874 secs]
   [Parallel Time: 2.3 ms, GC Workers: 2]
      [GC Worker Start (ms): Min: 117220.2, Avg: 117220.2, Max: 117220.2, Diff: 0.0]
      [Ext Root Scanning (ms): Min: 0.3, Avg: 0.4, Max: 0.4, Diff: 0.0, Sum: 0.7]
      [Update RS (ms): Min: 0.1, Avg: 0.1, Max: 0.1, Diff: 0.0, Sum: 0.1]
         [Processed Buffers: Min: 1, Avg: 1.5, Max: 2, Diff: 1, Sum: 3]
      [Scan RS (ms): Min: 1.0, Avg: 1.0, Max: 1.1, Diff: 0.1, Sum: 2.1]
      [Code Root Scanning (ms): Min: 0.4, Avg: 0.5, Max: 0.5, Diff: 0.1, Sum: 0.9]
      [Object Copy (ms): Min: 0.3, Avg: 0.3, Max: 0.3, Diff: 0.0, Sum: 0.6]
      [Termination (ms): Min: 0.0, Avg: 0.0, Max: 0.0, Diff: 0.0, Sum: 0.0]
      [GC Worker Other (ms): Min: 0.0, Avg: 0.0, Max: 0.0, Diff: 0.0, Sum: 0.1]
      [GC Worker Total (ms): Min: 2.3, Avg: 2.3, Max: 2.3, Diff: 0.0, Sum: 4.5]
      [GC Worker End (ms): Min: 117222.5, Avg: 117222.5, Max: 117222.5, Diff: 0.0]
   [Code Root Fixup: 0.0 ms]
   [Code Root Migration: 0.0 ms]
   [Clear CT: 0.4 ms]
   [Other: 0.9 ms]
      [Choose CSet: 0.0 ms]
      [Ref Proc: 0.1 ms]
      [Ref Enq: 0.0 ms]
      [Free CSet: 0.7 ms]
   [Eden: 476.0M(476.0M)->0.0B(536.0M) Survivors: 61.0M->1024.0K Heap: 650.3M(896.0M)->113.8M(896.0M)]
 [Times: user=0.00 sys=0.00, real=0.00 secs] 
2014-07-10T11:59:58.709+0200: 117.778: [GC pause (G1 Evacuation Pause) (young), 0.0385829 secs]
   [Parallel Time: 37.1 ms, GC Workers: 2]
      [GC Worker Start (ms): Min: 117778.2, Avg: 117778.2, Max: 117778.2, Diff: 0.0]
      [Ext Root Scanning (ms): Min: 0.3, Avg: 0.3, Max: 0.3, Diff: 0.0, Sum: 0.7]
      [Update RS (ms): Min: 0.1, Avg: 0.1, Max: 0.1, Diff: 0.0, Sum: 0.1]
         [Processed Buffers: Min: 2, Avg: 2.0, Max: 2, Diff: 0, Sum: 4]
      [Scan RS (ms): Min: 0.9, Avg: 0.9, Max: 0.9, Diff: 0.1, Sum: 1.8]
      [Code Root Scanning (ms): Min: 0.4, Avg: 0.4, Max: 0.4, Diff: 0.0, Sum: 0.8]
      [Object Copy (ms): Min: 35.2, Avg: 35.3, Max: 35.3, Diff: 0.2, Sum: 70.5]
      [Termination (ms): Min: 0.0, Avg: 0.0, Max: 0.0, Diff: 0.0, Sum: 0.0]
      [GC Worker Other (ms): Min: 0.0, Avg: 0.0, Max: 0.0, Diff: 0.0, Sum: 0.1]
      [GC Worker Total (ms): Min: 36.9, Avg: 37.0, Max: 37.1, Diff: 0.1, Sum: 74.0]
      [GC Worker End (ms): Min: 117815.1, Avg: 117815.2, Max: 117815.2, Diff: 0.1]
   [Code Root Fixup: 0.0 ms]
   [Code Root Migration: 0.1 ms]
   [Clear CT: 0.4 ms]
   [Other: 1.0 ms]
      [Choose CSet: 0.0 ms]
      [Ref Proc: 0.1 ms]
      [Ref Enq: 0.0 ms]
      [Free CSet: 0.7 ms]
   [Eden: 536.0M(536.0M)->0.0B(479.0M) Survivors: 1024.0K->58.0M Heap: 649.8M(896.0M)->171.3M(896.0M)]
 [Times: user=0.09 sys=0.00, real=0.04 secs] 
2014-07-10T11:59:59.158+0200: 118.227: [GC pause (G1 Evacuation Pause) (young), 0.0081996 secs]
   [Parallel Time: 6.8 ms, GC Workers: 2]
      [GC Worker Start (ms): Min: 118226.8, Avg: 118226.8, Max: 118226.8, Diff: 0.0]
      [Ext Root Scanning (ms): Min: 0.3, Avg: 0.3, Max: 0.3, Diff: 0.0, Sum: 0.7]
      [Update RS (ms): Min: 0.1, Avg: 0.1, Max: 0.1, Diff: 0.0, Sum: 0.1]
         [Processed Buffers: Min: 1, Avg: 1.5, Max: 2, Diff: 1, Sum: 3]
      [Scan RS (ms): Min: 0.8, Avg: 0.8, Max: 0.8, Diff: 0.0, Sum: 1.6]
      [Code Root Scanning (ms): Min: 0.3, Avg: 0.3, Max: 0.3, Diff: 0.0, Sum: 0.7]
      [Object Copy (ms): Min: 5.2, Avg: 5.2, Max: 5.2, Diff: 0.0, Sum: 10.3]
      [Termination (ms): Min: 0.0, Avg: 0.0, Max: 0.0, Diff: 0.0, Sum: 0.0]
      [GC Worker Other (ms): Min: 0.0, Avg: 0.0, Max: 0.0, Diff: 0.0, Sum: 0.1]
      [GC Worker Total (ms): Min: 6.7, Avg: 6.7, Max: 6.7, Diff: 0.0, Sum: 13.4]
      [GC Worker End (ms): Min: 118233.5, Avg: 118233.5, Max: 118233.5, Diff: 0.0]
   [Code Root Fixup: 0.0 ms]
   [Code Root Migration: 0.1 ms]
   [Clear CT: 0.4 ms]
   [Other: 1.0 ms]
      [Choose CSet: 0.0 ms]
      [Ref Proc: 0.2 ms]
      [Ref Enq: 0.0 ms]
      [Free CSet: 0.6 ms]
   [Eden: 479.0M(479.0M)->0.0B(528.0M) Survivors: 58.0M->9216.0K Heap: 650.3M(896.0M)->121.9M(896.0M)]
 [Times: user=0.03 sys=0.00, real=0.01 secs] 
2014-07-10T11:59:59.693+0200: 118.762: [GC pause (G1 Evacuation Pause) (young), 0.0335235 secs]
   [Parallel Time: 32.0 ms, GC Workers: 2]
      [GC Worker Start (ms): Min: 118762.0, Avg: 118762.0, Max: 118762.0, Diff: 0.0]
      [Ext Root Scanning (ms): Min: 0.4, Avg: 0.4, Max: 0.4, Diff: 0.0, Sum: 0.8]
      [Update RS (ms): Min: 0.1, Avg: 0.1, Max: 0.1, Diff: 0.0, Sum: 0.1]
         [Processed Buffers: Min: 2, Avg: 2.0, Max: 2, Diff: 0, Sum: 4]
      [Scan RS (ms): Min: 1.0, Avg: 1.0, Max: 1.0, Diff: 0.0, Sum: 2.0]
      [Code Root Scanning (ms): Min: 0.4, Avg: 0.4, Max: 0.4, Diff: 0.0, Sum: 0.7]
      [Object Copy (ms): Min: 30.0, Avg: 30.0, Max: 30.0, Diff: 0.0, Sum: 60.0]
      [Termination (ms): Min: 0.0, Avg: 0.0, Max: 0.0, Diff: 0.0, Sum: 0.0]
      [GC Worker Other (ms): Min: 0.0, Avg: 0.1, Max: 0.1, Diff: 0.1, Sum: 0.2]
      [GC Worker Total (ms): Min: 31.9, Avg: 31.9, Max: 32.0, Diff: 0.1, Sum: 63.9]
      [GC Worker End (ms): Min: 118793.9, Avg: 118793.9, Max: 118794.0, Diff: 0.1]
   [Code Root Fixup: 0.0 ms]
   [Code Root Migration: 0.1 ms]
   [Clear CT: 0.4 ms]
   [Other: 1.0 ms]
      [Choose CSet: 0.0 ms]
      [Ref Proc: 0.1 ms]
      [Ref Enq: 0.0 ms]
      [Free CSet: 0.7 ms]
   [Eden: 528.0M(528.0M)->0.0B(488.0M) Survivors: 9216.0K->49.0M Heap: 649.9M(896.0M)->162.2M(896.0M)]
 [Times: user=0.09 sys=0.00, real=0.03 secs] 
2014-07-10T12:00:00.141+0200: 119.210: [GC pause (G1 Evacuation Pause) (young), 0.0078535 secs]
   [Parallel Time: 6.4 ms, GC Workers: 2]
      [GC Worker Start (ms): Min: 119209.6, Avg: 119209.6, Max: 119209.6, Diff: 0.0]
      [Ext Root Scanning (ms): Min: 0.3, Avg: 0.3, Max: 0.3, Diff: 0.0, Sum: 0.6]
      [Update RS (ms): Min: 0.0, Avg: 0.1, Max: 0.1, Diff: 0.0, Sum: 0.1]
         [Processed Buffers: Min: 1, Avg: 1.5, Max: 2, Diff: 1, Sum: 3]
      [Scan RS (ms): Min: 0.7, Avg: 0.7, Max: 0.8, Diff: 0.0, Sum: 1.5]
      [Code Root Scanning (ms): Min: 0.3, Avg: 0.3, Max: 0.4, Diff: 0.0, Sum: 0.7]
      [Object Copy (ms): Min: 4.9, Avg: 4.9, Max: 4.9, Diff: 0.0, Sum: 9.7]
      [Termination (ms): Min: 0.0, Avg: 0.0, Max: 0.0, Diff: 0.0, Sum: 0.0]
      [GC Worker Other (ms): Min: 0.0, Avg: 0.0, Max: 0.0, Diff: 0.0, Sum: 0.1]
      [GC Worker Total (ms): Min: 6.3, Avg: 6.3, Max: 6.3, Diff: 0.0, Sum: 12.7]
      [GC Worker End (ms): Min: 119216.0, Avg: 119216.0, Max: 119216.0, Diff: 0.0]
   [Code Root Fixup: 0.0 ms]
   [Code Root Migration: 0.1 ms]
   [Clear CT: 0.4 ms]
   [Other: 0.9 ms]
      [Choose CSet: 0.0 ms]
      [Ref Proc: 0.1 ms]
      [Ref Enq: 0.0 ms]
      [Free CSet: 0.7 ms]
   [Eden: 488.0M(488.0M)->0.0B(529.0M) Survivors: 49.0M->8192.0K Heap: 650.2M(896.0M)->121.8M(896.0M)]
 [Times: user=0.02 sys=0.00, real=0.01 secs] 
2014-07-10T12:00:00.694+0200: 119.763: [GC pause (G1 Evacuation Pause) (young), 0.0360122 secs]
   [Parallel Time: 34.5 ms, GC Workers: 2]
      [GC Worker Start (ms): Min: 119763.0, Avg: 119763.0, Max: 119763.0, Diff: 0.0]
      [Ext Root Scanning (ms): Min: 0.4, Avg: 0.4, Max: 0.4, Diff: 0.0, Sum: 0.8]
      [Update RS (ms): Min: 0.0, Avg: 0.1, Max: 0.1, Diff: 0.0, Sum: 0.1]
         [Processed Buffers: Min: 1, Avg: 1.5, Max: 2, Diff: 1, Sum: 3]
      [Scan RS (ms): Min: 0.8, Avg: 0.8, Max: 0.8, Diff: 0.0, Sum: 1.6]
      [Code Root Scanning (ms): Min: 0.4, Avg: 0.4, Max: 0.4, Diff: 0.0, Sum: 0.7]
      [Object Copy (ms): Min: 32.8, Avg: 32.8, Max: 32.8, Diff: 0.0, Sum: 65.6]
      [Termination (ms): Min: 0.0, Avg: 0.0, Max: 0.0, Diff: 0.0, Sum: 0.0]
      [GC Worker Other (ms): Min: 0.0, Avg: 0.0, Max: 0.0, Diff: 0.0, Sum: 0.1]
      [GC Worker Total (ms): Min: 34.5, Avg: 34.5, Max: 34.5, Diff: 0.0, Sum: 68.9]
      [GC Worker End (ms): Min: 119797.5, Avg: 119797.5, Max: 119797.5, Diff: 0.0]
   [Code Root Fixup: 0.0 ms]
   [Code Root Migration: 0.1 ms]
   [Clear CT: 0.4 ms]
   [Other: 1.0 ms]
      [Choose CSet: 0.0 ms]
      [Ref Proc: 0.1 ms]
      [Ref Enq: 0.0 ms]
      [Free CSet: 0.8 ms]
   [Eden: 529.0M(529.0M)->0.0B(482.0M) Survivors: 8192.0K->55.0M Heap: 650.8M(896.0M)->168.2M(896.0M)]
 [Times: user=0.06 sys=0.00, real=0.04 secs] 
Heap
 garbage-first heap   total 917504K, used 590054K [0x00000000c0000000, 0x00000000f8000000, 0x0000000100000000)
  region size 1024K, 464 young (475136K), 55 survivors (56320K)
 Metaspace       used 2463K, capacity 4490K, committed 4864K, reserved 1056768K
  class space    used 269K, capacity 386K, committed 512K, reserved 1048576K
