2014-07-10T14:42:34.450+0200: 0.182: [GC [PSYoungGen: 33792K->5119K(38912K)] 33792K->33114K(125952K), 0.0249452 secs] [Times: user=0.05 sys=0.00, real=0.02 secs] 
2014-07-10T14:42:34.528+0200: 0.260: [GC [PSYoungGen: 38898K->5119K(72704K)] 66893K->65337K(159744K), 0.0277140 secs] [Times: user=0.06 sys=0.00, real=0.03 secs] 
2014-07-10T14:42:34.556+0200: 0.288: [Full GC [PSYoungGen: 5119K->0K(72704K)] [ParOldGen: 60218K->65283K(145408K)] 65337K->65283K(218112K) [PSPermGen: 2622K->2622K(21504K)], 0.0433531 secs] [Times: user=0.06 sys=0.00, real=0.04 secs] 
2014-07-10T14:42:34.710+0200: 0.442: [GC [PSYoungGen: 67566K->5105K(72704K)] 132850K->132042K(218112K), 0.0478366 secs] [Times: user=0.06 sys=0.02, real=0.05 secs] 
2014-07-10T14:42:34.758+0200: 0.490: [Full GC [PSYoungGen: 5105K->0K(72704K)] [ParOldGen: 126937K->132009K(174592K)] 132042K->132009K(247296K) [PSPermGen: 2642K->2642K(21504K)], 0.0663889 secs] [Times: user=0.11 sys=0.00, real=0.07 secs] 
2014-07-10T14:42:34.945+0200: 0.677: [Full GC [PSYoungGen: 67584K->24162K(72704K)] [ParOldGen: 132009K->174266K(174592K)] 199593K->198429K(247296K) [PSPermGen: 2643K->2643K(21504K)], 0.1223925 secs] [Times: user=0.19 sys=0.02, real=0.12 secs] 
2014-07-10T14:42:35.143+0200: 0.875: [Full GC [PSYoungGen: 67574K->66978K(72704K)] [ParOldGen: 174266K->174243K(174592K)] 241841K->241222K(247296K) [PSPermGen: 2643K->2643K(21504K)], 0.1498098 secs] [Times: user=0.20 sys=0.00, real=0.15 secs] 
2014-07-10T14:42:35.293+0200: 1.025: [Full GC [PSYoungGen: 67584K->67532K(72704K)] [ParOldGen: 174243K->174240K(174592K)] 241827K->241772K(247296K) [PSPermGen: 2643K->2643K(21504K)], 0.1063405 secs] [Times: user=0.20 sys=0.00, real=0.11 secs] 
2014-07-10T14:42:35.400+0200: 1.132: [Full GC [PSYoungGen: 67584K->67572K(72704K)] [ParOldGen: 174240K->174240K(174592K)] 241824K->241812K(247296K) [PSPermGen: 2643K->2643K(21504K)], 0.0129745 secs] [Times: user=0.03 sys=0.00, real=0.01 secs] 
2014-07-10T14:42:35.413+0200: 1.145: [Full GC [PSYoungGen: 67584K->67572K(72704K)] [ParOldGen: 174553K->174553K(174592K)] 242137K->242125K(247296K) [PSPermGen: 2643K->2643K(21504K)], 0.0130819 secs] [Times: user=0.02 sys=0.00, real=0.01 secs] 
2014-07-10T14:42:35.426+0200: 1.159: [Full GC [PSYoungGen: 67572K->0K(72704K)] [ParOldGen: 174553K->1030K(134144K)] 242125K->1030K(206848K) [PSPermGen: 2643K->2643K(21504K)], 0.0213365 secs] [Times: user=0.02 sys=0.00, real=0.02 secs] 
2014-07-10T14:42:35.563+0200: 1.295: [GC [PSYoungGen: 67584K->5105K(82432K)] 69748K->68167K(216576K), 0.0456519 secs] [Times: user=0.08 sys=0.00, real=0.05 secs] 
2014-07-10T14:42:35.609+0200: 1.341: [Full GC [PSYoungGen: 5105K->0K(82432K)] [ParOldGen: 63062K->68099K(174592K)] 68167K->68099K(257024K) [PSPermGen: 2647K->2647K(21504K)], 0.0637976 secs] [Times: user=0.11 sys=0.00, real=0.06 secs] 
2014-07-10T14:42:35.841+0200: 1.573: [GC [PSYoungGen: 77290K->5112K(82432K)] 145389K->144616K(257024K), 0.0584145 secs] [Times: user=0.09 sys=0.00, real=0.06 secs] 
2014-07-10T14:42:35.899+0200: 1.632: [Full GC [PSYoungGen: 5112K->0K(82432K)] [ParOldGen: 139504K->144585K(174592K)] 144616K->144585K(257024K) [PSPermGen: 2647K->2647K(21504K)], 0.1002816 secs] [Times: user=0.17 sys=0.00, real=0.10 secs] 
2014-07-10T14:42:36.132+0200: 1.864: [Full GC [PSYoungGen: 77273K->46926K(82432K)] [ParOldGen: 144585K->174326K(174592K)] 221858K->221253K(257024K) [PSPermGen: 2647K->2647K(21504K)], 0.1375136 secs] [Times: user=0.27 sys=0.00, real=0.14 secs] 
2014-07-10T14:42:36.320+0200: 2.052: [Full GC [PSYoungGen: 77292K->76842K(82432K)] [ParOldGen: 174326K->174297K(174592K)] 251619K->251139K(257024K) [PSPermGen: 2647K->2647K(21504K)], 0.1516492 secs] [Times: user=0.22 sys=0.00, real=0.15 secs] 
2014-07-10T14:42:36.472+0200: 2.204: [Full GC [PSYoungGen: 77302K->77116K(82432K)] [ParOldGen: 174297K->174289K(174592K)] 251599K->251406K(257024K) [PSPermGen: 2647K->2647K(21504K)], 0.1370091 secs] [Times: user=0.22 sys=0.00, real=0.14 secs] 
2014-07-10T14:42:36.609+0200: 2.341: [Full GC [PSYoungGen: 77312K->77195K(82432K)] [ParOldGen: 174289K->174289K(174592K)] 251601K->251485K(257024K) [PSPermGen: 2647K->2647K(21504K)], 0.0151409 secs] [Times: user=0.02 sys=0.00, real=0.02 secs] 
2014-07-10T14:42:36.625+0200: 2.357: [Full GC [PSYoungGen: 77312K->77274K(82432K)] [ParOldGen: 174289K->174289K(174592K)] 251601K->251564K(257024K) [PSPermGen: 2647K->2647K(21504K)], 0.0372235 secs] [Times: user=0.06 sys=0.00, real=0.04 secs] 
2014-07-10T14:42:36.663+0200: 2.395: [Full GC [PSYoungGen: 77312K->77274K(82432K)] [ParOldGen: 174563K->174563K(174592K)] 251875K->251838K(257024K) [PSPermGen: 2647K->2647K(21504K)], 0.1075507 secs] [Times: user=0.20 sys=0.00, real=0.11 secs] 
2014-07-10T14:42:36.770+0200: 2.502: [Full GC [PSYoungGen: 77274K->0K(82432K)] [ParOldGen: 174563K->1743K(157184K)] 251838K->1743K(239616K) [PSPermGen: 2647K->2647K(21504K)], 0.0281884 secs] [Times: user=0.03 sys=0.00, real=0.03 secs] 
2014-07-10T14:42:36.924+0200: 2.656: [GC [PSYoungGen: 77312K->5105K(34304K)] 80579K->79533K(191488K), 0.0672226 secs] [Times: user=0.09 sys=0.00, real=0.07 secs] 
2014-07-10T14:42:36.991+0200: 2.723: [Full GC [PSYoungGen: 5105K->0K(34304K)] [ParOldGen: 74428K->79388K(174592K)] 79533K->79388K(208896K) [PSPermGen: 2647K->2647K(21504K)], 0.0893489 secs] [Times: user=0.13 sys=0.00, real=0.09 secs] 
2014-07-10T14:42:37.127+0200: 2.859: [GC [PSYoungGen: 29177K->29123K(58368K)] 108566K->108512K(232960K), 0.0190785 secs] [Times: user=0.03 sys=0.00, real=0.02 secs] 
2014-07-10T14:42:37.146+0200: 2.878: [Full GC [PSYoungGen: 29123K->0K(58368K)] [ParOldGen: 79388K->108453K(174592K)] 108512K->108453K(232960K) [PSPermGen: 2647K->2647K(21504K)], 0.0791625 secs] [Times: user=0.16 sys=0.00, real=0.08 secs] 
2014-07-10T14:42:37.275+0200: 3.007: [GC [PSYoungGen: 29151K->29094K(58368K)] 137605K->137548K(232960K), 0.0191727 secs] [Times: user=0.05 sys=0.00, real=0.02 secs] 
2014-07-10T14:42:37.294+0200: 3.026: [Full GC [PSYoungGen: 29094K->0K(58368K)] [ParOldGen: 108453K->137491K(174592K)] 137548K->137491K(232960K) [PSPermGen: 2647K->2647K(21504K)], 0.0982252 secs] [Times: user=0.17 sys=0.00, real=0.10 secs] 
2014-07-10T14:42:37.441+0200: 3.173: [GC [PSYoungGen: 29176K->29123K(58368K)] 166668K->166614K(232960K), 0.0238112 secs] [Times: user=0.03 sys=0.00, real=0.02 secs] 
2014-07-10T14:42:37.465+0200: 3.197: [Full GC [PSYoungGen: 29123K->0K(58368K)] [ParOldGen: 137491K->166555K(174592K)] 166614K->166555K(232960K) [PSPermGen: 2647K->2647K(21504K)], 0.1585201 secs] [Times: user=0.14 sys=0.00, real=0.16 secs] 
2014-07-10T14:42:37.677+0200: 3.409: [Full GC [PSYoungGen: 29179K->21401K(58368K)] [ParOldGen: 166555K->174230K(174592K)] 195735K->195631K(232960K) [PSPermGen: 2647K->2647K(21504K)], 0.1553330 secs] [Times: user=0.17 sys=0.00, real=0.15 secs] 
2014-07-10T14:42:37.846+0200: 3.578: [Full GC [PSYoungGen: 29153K->29122K(58368K)] [ParOldGen: 174230K->174226K(174592K)] 203384K->203349K(232960K) [PSPermGen: 2647K->2647K(21504K)], 0.1292583 secs] [Times: user=0.22 sys=0.00, real=0.13 secs] 
2014-07-10T14:42:37.975+0200: 3.708: [Full GC [PSYoungGen: 29166K->29162K(58368K)] [ParOldGen: 174226K->174226K(174592K)] 203392K->203389K(232960K) [PSPermGen: 2647K->2647K(21504K)], 0.0181670 secs] [Times: user=0.03 sys=0.00, real=0.02 secs] 
2014-07-10T14:42:37.994+0200: 3.726: [Full GC [PSYoungGen: 29169K->29164K(58368K)] [ParOldGen: 174578K->174578K(174592K)] 203747K->203742K(232960K) [PSPermGen: 2647K->2647K(21504K)], 0.1277129 secs] [Times: user=0.20 sys=0.00, real=0.13 secs] 
2014-07-10T14:42:38.122+0200: 3.854: [Full GC [PSYoungGen: 29164K->0K(58368K)] [ParOldGen: 174578K->2275K(174080K)] 203742K->2275K(232448K) [PSPermGen: 2647K->2647K(21504K)], 0.0403413 secs] [Times: user=0.02 sys=0.00, real=0.04 secs] 
2014-07-10T14:42:38.233+0200: 3.965: [GC [PSYoungGen: 29167K->29140K(58368K)] 33553K->33526K(232448K), 0.0363979 secs] [Times: user=0.01 sys=0.00, real=0.04 secs] 
2014-07-10T14:42:38.320+0200: 4.052: [GC [PSYoungGen: 58308K->29103K(58368K)] 62694K->62573K(232448K), 0.0693802 secs] [Times: user=0.05 sys=0.00, real=0.07 secs] 
2014-07-10T14:42:38.437+0200: 4.169: [GC [PSYoungGen: 58276K->29136K(58368K)] 91746K->91698K(232448K), 0.0601647 secs] [Times: user=0.08 sys=0.00, real=0.06 secs] 
2014-07-10T14:42:38.547+0200: 4.279: [GC [PSYoungGen: 58303K->29115K(58368K)] 120864K->120775K(232448K), 0.0618791 secs] [Times: user=0.03 sys=0.00, real=0.06 secs] 
2014-07-10T14:42:38.609+0200: 4.341: [Full GC [PSYoungGen: 29115K->0K(58368K)] [ParOldGen: 91659K->120634K(174592K)] 120775K->120634K(232960K) [PSPermGen: 2648K->2648K(21504K)], 0.2391880 secs] [Times: user=0.20 sys=0.00, real=0.24 secs] 
2014-07-10T14:42:38.921+0200: 4.653: [GC [PSYoungGen: 29173K->29144K(58368K)] 149807K->149778K(232960K), 0.0416582 secs] [Times: user=0.02 sys=0.00, real=0.04 secs] 
2014-07-10T14:42:38.963+0200: 4.695: [Full GC [PSYoungGen: 29144K->0K(58368K)] [ParOldGen: 120634K->149699K(174592K)] 149778K->149699K(232960K) [PSPermGen: 2649K->2649K(21504K)], 0.1719298 secs] [Times: user=0.19 sys=0.00, real=0.17 secs] 
2014-07-10T14:42:39.189+0200: 4.922: [Full GC [PSYoungGen: 29157K->4547K(58368K)] [ParOldGen: 149699K->174206K(174592K)] 178857K->178754K(232960K) [PSPermGen: 2649K->2649K(21504K)], 0.2517255 secs] [Times: user=0.22 sys=0.00, real=0.25 secs] 
2014-07-10T14:42:39.485+0200: 5.217: [Full GC [PSYoungGen: 29181K->29107K(58368K)] [ParOldGen: 174206K->174189K(174592K)] 203387K->203297K(232960K) [PSPermGen: 2649K->2649K(21504K)], 0.1540257 secs] [Times: user=0.22 sys=0.00, real=0.15 secs] 
2014-07-10T14:42:39.639+0200: 5.371: [Full GC [PSYoungGen: 29150K->29147K(58368K)] [ParOldGen: 174189K->174189K(174592K)] 203340K->203337K(232960K) [PSPermGen: 2649K->2649K(21504K)], 0.0184240 secs] [Times: user=0.03 sys=0.00, real=0.02 secs] 
2014-07-10T14:42:39.658+0200: 5.390: [Full GC [PSYoungGen: 29151K->29149K(58368K)] [ParOldGen: 174579K->174579K(174592K)] 203731K->203728K(232960K) [PSPermGen: 2649K->2649K(21504K)], 0.1223180 secs] [Times: user=0.23 sys=0.00, real=0.12 secs] 
2014-07-10T14:42:39.780+0200: 5.513: [Full GC [PSYoungGen: 29149K->0K(58368K)] [ParOldGen: 174579K->2770K(156672K)] 203728K->2770K(215040K) [PSPermGen: 2649K->2649K(21504K)], 0.0243142 secs] [Times: user=0.02 sys=0.02, real=0.03 secs] 
2014-07-10T14:42:39.852+0200: 5.584: [GC [PSYoungGen: 29184K->29134K(58368K)] 33283K->33234K(215040K), 0.0192280 secs] [Times: user=0.03 sys=0.00, real=0.02 secs] 
2014-07-10T14:42:39.917+0200: 5.649: [GC [PSYoungGen: 58299K->29123K(58368K)] 62398K->62334K(215040K), 0.0601552 secs] [Times: user=0.08 sys=0.00, real=0.06 secs] 
2014-07-10T14:42:40.024+0200: 5.756: [GC [PSYoungGen: 58286K->29138K(58368K)] 91496K->91440K(215040K), 0.0396759 secs] [Times: user=0.05 sys=0.00, real=0.04 secs] 
2014-07-10T14:42:40.112+0200: 5.844: [GC [PSYoungGen: 58316K->29120K(58368K)] 120619K->120510K(215040K), 0.0453069 secs] [Times: user=0.05 sys=0.00, real=0.05 secs] 
2014-07-10T14:42:40.157+0200: 5.890: [Full GC [PSYoungGen: 29120K->0K(58368K)] [ParOldGen: 91389K->120345K(174592K)] 120510K->120345K(232960K) [PSPermGen: 2650K->2650K(21504K)], 0.1139487 secs] [Times: user=0.16 sys=0.00, real=0.11 secs] 
2014-07-10T14:42:40.322+0200: 6.054: [GC [PSYoungGen: 29166K->29123K(58368K)] 149512K->149469K(232960K), 0.0223293 secs] [Times: user=0.03 sys=0.00, real=0.02 secs] 
2014-07-10T14:42:40.344+0200: 6.077: [Full GC [PSYoungGen: 29123K->0K(58368K)] [ParOldGen: 120345K->149400K(174592K)] 149469K->149400K(232960K) [PSPermGen: 2650K->2650K(21504K)], 0.1532008 secs] [Times: user=0.16 sys=0.00, real=0.15 secs] 
2014-07-10T14:42:40.552+0200: 6.284: [Full GC [PSYoungGen: 29171K->4037K(58368K)] [ParOldGen: 149400K->174420K(174592K)] 178572K->178457K(232960K) [PSPermGen: 2650K->2650K(21504K)], 0.1406651 secs] [Times: user=0.22 sys=0.00, real=0.14 secs] 
2014-07-10T14:42:40.735+0200: 6.467: [Full GC [PSYoungGen: 29148K->29075K(58368K)] [ParOldGen: 174420K->174394K(174592K)] 203568K->203469K(232960K) [PSPermGen: 2650K->2650K(21504K)], 0.1901837 secs] [Times: user=0.28 sys=0.00, real=0.19 secs] 
2014-07-10T14:42:40.925+0200: 6.658: [Full GC [PSYoungGen: 29159K->29154K(58368K)] [ParOldGen: 174394K->174394K(174592K)] 203553K->203548K(232960K) [PSPermGen: 2650K->2650K(21504K)], 0.0201816 secs] [Times: user=0.05 sys=0.00, real=0.02 secs] 
2014-07-10T14:42:40.946+0200: 6.678: [Full GC [PSYoungGen: 29158K->29155K(58368K)] [ParOldGen: 174589K->174589K(174592K)] 203748K->203745K(232960K) [PSPermGen: 2650K->2650K(21504K)], 0.1285100 secs] [Times: user=0.16 sys=0.00, real=0.13 secs] 
2014-07-10T14:42:41.074+0200: 6.807: [Full GC [PSYoungGen: 29155K->0K(58368K)] [ParOldGen: 174589K->3180K(143872K)] 203745K->3180K(202240K) [PSPermGen: 2650K->2650K(21504K)], 0.0412362 secs] [Times: user=0.05 sys=0.01, real=0.04 secs] 
2014-07-10T14:42:41.164+0200: 6.896: [GC [PSYoungGen: 29170K->29135K(58368K)] 34618K->34582K(202240K), 0.0185912 secs] [Times: user=0.03 sys=0.00, real=0.02 secs] 
2014-07-10T14:42:41.229+0200: 6.961: [GC [PSYoungGen: 58290K->29125K(58368K)] 63737K->63668K(202240K), 0.0366347 secs] [Times: user=0.06 sys=0.00, real=0.04 secs] 
2014-07-10T14:42:41.313+0200: 7.045: [GC [PSYoungGen: 58286K->29093K(58368K)] 92829K->92722K(202240K), 0.0423152 secs] [Times: user=0.08 sys=0.00, real=0.04 secs] 
2014-07-10T14:42:41.402+0200: 7.134: [GC [PSYoungGen: 58240K->29097K(58368K)] 121869K->121811K(202240K), 0.0400637 secs] [Times: user=0.06 sys=0.00, real=0.04 secs] 
2014-07-10T14:42:41.442+0200: 7.174: [Full GC [PSYoungGen: 29097K->0K(58368K)] [ParOldGen: 92714K->121390K(174592K)] 121811K->121390K(232960K) [PSPermGen: 2650K->2650K(21504K)], 0.1426694 secs] [Times: user=0.20 sys=0.00, real=0.14 secs] 
2014-07-10T14:42:41.633+0200: 7.366: [GC [PSYoungGen: 29149K->29072K(58368K)] 150540K->150463K(232960K), 0.0230479 secs] [Times: user=0.03 sys=0.00, real=0.02 secs] 
2014-07-10T14:42:41.656+0200: 7.389: [Full GC [PSYoungGen: 29072K->0K(58368K)] [ParOldGen: 121390K->150395K(174592K)] 150463K->150395K(232960K) [PSPermGen: 2650K->2650K(21504K)], 0.1478488 secs] [Times: user=0.26 sys=0.00, real=0.15 secs] 
2014-07-10T14:42:41.853+0200: 7.585: [Full GC [PSYoungGen: 29146K->5032K(58368K)] [ParOldGen: 150395K->174390K(174592K)] 179541K->179423K(232960K) [PSPermGen: 2650K->2650K(21504K)], 0.1437011 secs] [Times: user=0.26 sys=0.00, real=0.14 secs] 
2014-07-10T14:42:42.038+0200: 7.770: [Full GC [PSYoungGen: 29167K->29094K(58368K)] [ParOldGen: 174390K->174364K(174592K)] 203558K->203459K(232960K) [PSPermGen: 2650K->2650K(21504K)], 0.1591185 secs] [Times: user=0.22 sys=0.00, real=0.16 secs] 
2014-07-10T14:42:42.201+0200: 7.934: [Full GC [PSYoungGen: 29176K->29174K(58368K)] [ParOldGen: 174364K->174364K(174592K)] 203541K->203539K(232960K) [PSPermGen: 2650K->2650K(21504K)], 0.0236891 secs] [Times: user=0.06 sys=0.00, real=0.02 secs] 
2014-07-10T14:42:42.225+0200: 7.958: [Full GC [PSYoungGen: 29178K->29174K(58368K)] [ParOldGen: 174560K->174560K(174592K)] 203738K->203734K(232960K) [PSPermGen: 2650K->2650K(21504K)], 0.1219283 secs] [Times: user=0.19 sys=0.00, real=0.12 secs] 
2014-07-10T14:42:42.347+0200: 8.080: [Full GC [PSYoungGen: 29174K->0K(58368K)] [ParOldGen: 174560K->3648K(137216K)] 203734K->3648K(195584K) [PSPermGen: 2650K->2650K(21504K)], 0.0284395 secs] [Times: user=0.06 sys=0.00, real=0.03 secs] 
2014-07-10T14:42:42.424+0200: 8.156: [GC [PSYoungGen: 29171K->29110K(58368K)] 35086K->35026K(195584K), 0.0191173 secs] [Times: user=0.06 sys=0.00, real=0.02 secs] 
2014-07-10T14:42:42.489+0200: 8.222: [GC [PSYoungGen: 58275K->29123K(58368K)] 64190K->64135K(195584K), 0.0378992 secs] [Times: user=0.06 sys=0.00, real=0.04 secs] 
2014-07-10T14:42:42.574+0200: 8.306: [GC [PSYoungGen: 58301K->29134K(58368K)] 93313K->93238K(195584K), 0.0376613 secs] [Times: user=0.06 sys=0.00, real=0.04 secs] 
2014-07-10T14:42:42.660+0200: 8.392: [GC [PSYoungGen: 58300K->29111K(58368K)] 122404K->122318K(195584K), 0.0371722 secs] [Times: user=0.06 sys=0.00, real=0.04 secs] 
2014-07-10T14:42:42.697+0200: 8.430: [Full GC [PSYoungGen: 29111K->0K(58368K)] [ParOldGen: 93206K->122114K(174592K)] 122318K->122114K(232960K) [PSPermGen: 2650K->2650K(21504K)], 0.1398798 secs] [Times: user=0.19 sys=0.00, real=0.14 secs] 
2014-07-10T14:42:42.885+0200: 8.617: [GC [PSYoungGen: 29170K->29127K(58368K)] 151284K->151241K(232960K), 0.0209582 secs] [Times: user=0.03 sys=0.00, real=0.02 secs] 
2014-07-10T14:42:42.906+0200: 8.638: [Full GC [PSYoungGen: 29127K->0K(58368K)] [ParOldGen: 122114K->151163K(174592K)] 151241K->151163K(232960K) [PSPermGen: 2650K->2650K(21504K)], 0.1355371 secs] [Times: user=0.16 sys=0.02, real=0.13 secs] 
2014-07-10T14:42:43.090+0200: 8.822: [Full GC [PSYoungGen: 29154K->6075K(58368K)] [ParOldGen: 151163K->174123K(174592K)] 180317K->180198K(232960K) [PSPermGen: 2650K->2650K(21504K)], 0.1485747 secs] [Times: user=0.27 sys=0.02, real=0.15 secs] 
2014-07-10T14:42:43.276+0200: 9.009: [Full GC [PSYoungGen: 29150K->29082K(58368K)] [ParOldGen: 174123K->174093K(174592K)] 203274K->203175K(232960K) [PSPermGen: 2650K->2650K(21504K)], 0.1619118 secs] [Times: user=0.27 sys=0.00, real=0.16 secs] 
2014-07-10T14:42:43.438+0200: 9.171: [Full GC [PSYoungGen: 29166K->29161K(58368K)] [ParOldGen: 174093K->174093K(174592K)] 203259K->203254K(232960K) [PSPermGen: 2650K->2650K(21504K)], 0.1138747 secs] [Times: user=0.25 sys=0.00, real=0.11 secs] 
2014-07-10T14:42:43.553+0200: 9.285: [Full GC [PSYoungGen: 29181K->29176K(58368K)] [ParOldGen: 174561K->174561K(174592K)] 203743K->203738K(232960K) [PSPermGen: 2650K->2650K(21504K)], 0.1316850 secs] [Times: user=0.16 sys=0.00, real=0.13 secs] 
2014-07-10T14:42:43.684+0200: 9.417: [Full GC [PSYoungGen: 29176K->0K(58368K)] [ParOldGen: 174561K->4036K(134144K)] 203738K->4036K(192512K) [PSPermGen: 2650K->2650K(21504K)], 0.0449080 secs] [Times: user=0.05 sys=0.02, real=0.05 secs] 
2014-07-10T14:42:43.778+0200: 9.510: [GC [PSYoungGen: 29171K->29116K(58368K)] 35200K->35146K(192512K), 0.0216969 secs] [Times: user=0.03 sys=0.00, real=0.02 secs] 
2014-07-10T14:42:43.846+0200: 9.579: [GC [PSYoungGen: 58277K->29110K(58368K)] 64307K->64233K(192512K), 0.0383336 secs] [Times: user=0.06 sys=0.00, real=0.04 secs] 
2014-07-10T14:42:43.932+0200: 9.664: [GC [PSYoungGen: 58272K->29100K(58368K)] 93395K->93309K(192512K), 0.0377379 secs] [Times: user=0.05 sys=0.02, real=0.04 secs] 
2014-07-10T14:42:44.017+0200: 9.750: [GC [PSYoungGen: 58266K->29123K(58368K)] 122475K->122420K(192512K), 0.0388253 secs] [Times: user=0.06 sys=0.00, real=0.04 secs] 
2014-07-10T14:42:44.056+0200: 9.789: [Full GC [PSYoungGen: 29123K->0K(58368K)] [ParOldGen: 93296K->122189K(174592K)] 122420K->122189K(232960K) [PSPermGen: 2650K->2650K(21504K)], 0.1177356 secs] [Times: user=0.22 sys=0.00, real=0.12 secs] 
2014-07-10T14:42:44.222+0200: 9.954: [GC [PSYoungGen: 29149K->29106K(58368K)] 151338K->151295K(232960K), 0.0194154 secs] [Times: user=0.03 sys=0.00, real=0.02 secs] 
2014-07-10T14:42:44.241+0200: 9.974: [Full GC [PSYoungGen: 29106K->0K(58368K)] [ParOldGen: 122189K->151213K(174592K)] 151295K->151213K(232960K) [PSPermGen: 2650K->2650K(21504K)], 0.1409151 secs] [Times: user=0.25 sys=0.00, real=0.14 secs] 
2014-07-10T14:42:44.430+0200: 10.163: [Full GC [PSYoungGen: 29161K->6074K(58368K)] [ParOldGen: 151213K->174178K(174592K)] 180375K->180253K(232960K) [PSPermGen: 2650K->2650K(21504K)], 0.1586136 secs] [Times: user=0.25 sys=0.00, real=0.16 secs] 
2014-07-10T14:42:44.629+0200: 10.361: [Full GC [PSYoungGen: 29151K->29082K(58368K)] [ParOldGen: 174178K->174146K(174592K)] 203330K->203229K(232960K) [PSPermGen: 2650K->2650K(21504K)], 0.1855269 secs] [Times: user=0.26 sys=0.00, real=0.18 secs] 
2014-07-10T14:42:44.815+0200: 10.547: [Full GC [PSYoungGen: 29167K->29162K(58368K)] [ParOldGen: 174146K->174146K(174592K)] 203313K->203308K(232960K) [PSPermGen: 2650K->2650K(21504K)], 0.1255832 secs] [Times: user=0.17 sys=0.00, real=0.13 secs] 
2014-07-10T14:42:44.943+0200: 10.675: [Full GC [PSYoungGen: 29166K->29163K(58368K)] [ParOldGen: 174576K->174575K(174592K)] 203742K->203739K(232960K) [PSPermGen: 2650K->2650K(21504K)], 0.1464933 secs] [Times: user=0.22 sys=0.00, real=0.15 secs] 
2014-07-10T14:42:45.089+0200: 10.822: [Full GC [PSYoungGen: 29163K->0K(58368K)] [ParOldGen: 174575K->4358K(132608K)] 203739K->4358K(190976K) [PSPermGen: 2650K->2650K(21504K)], 0.0336383 secs] [Times: user=0.06 sys=0.00, real=0.03 secs] 
2014-07-10T14:42:45.169+0200: 10.902: [GC [PSYoungGen: 29184K->29155K(58368K)] 34129K->34101K(190976K), 0.0190649 secs] [Times: user=0.05 sys=0.00, real=0.02 secs] 
2014-07-10T14:42:45.235+0200: 10.967: [GC [PSYoungGen: 58321K->29115K(58368K)] 63267K->63170K(190976K), 0.0428578 secs] [Times: user=0.06 sys=0.00, real=0.04 secs] 
2014-07-10T14:42:45.324+0200: 11.057: [GC [PSYoungGen: 58265K->29116K(58368K)] 92320K->92262K(190976K), 0.0381661 secs] [Times: user=0.09 sys=0.00, real=0.04 secs] 
2014-07-10T14:42:45.410+0200: 11.142: [GC [PSYoungGen: 58275K->29115K(58368K)] 121421K->121343K(190976K), 0.0404289 secs] [Times: user=0.06 sys=0.00, real=0.04 secs] 
2014-07-10T14:42:45.450+0200: 11.183: [Full GC [PSYoungGen: 29115K->0K(58368K)] [ParOldGen: 92227K->121093K(174592K)] 121343K->121093K(232960K) [PSPermGen: 2650K->2650K(21504K)], 0.2003627 secs] [Times: user=0.17 sys=0.00, real=0.20 secs] 
2014-07-10T14:42:45.700+0200: 11.432: [GC [PSYoungGen: 29153K->29111K(58368K)] 150247K->150204K(232960K), 0.0201560 secs] [Times: user=0.06 sys=0.00, real=0.02 secs] 
2014-07-10T14:42:45.720+0200: 11.453: [Full GC [PSYoungGen: 29111K->0K(58368K)] [ParOldGen: 121093K->150121K(174592K)] 150204K->150121K(232960K) [PSPermGen: 2650K->2650K(21504K)], 0.1370876 secs] [Times: user=0.20 sys=0.00, real=0.14 secs] 
2014-07-10T14:42:45.906+0200: 11.639: [Full GC [PSYoungGen: 29156K->5055K(58368K)] [ParOldGen: 150121K->174096K(174592K)] 179277K->179151K(232960K) [PSPermGen: 2650K->2650K(21504K)], 0.1587782 secs] [Times: user=0.26 sys=0.01, real=0.16 secs] 
2014-07-10T14:42:46.106+0200: 11.839: [Full GC [PSYoungGen: 29163K->29090K(58368K)] [ParOldGen: 174096K->174060K(174592K)] 203259K->203151K(232960K) [PSPermGen: 2650K->2650K(21504K)], 0.1724339 secs] [Times: user=0.30 sys=0.00, real=0.17 secs] 
2014-07-10T14:42:46.279+0200: 12.011: [Full GC [PSYoungGen: 29172K->29169K(58368K)] [ParOldGen: 174060K->174060K(174592K)] 203233K->203230K(232960K) [PSPermGen: 2650K->2650K(21504K)], 0.1306144 secs] [Times: user=0.22 sys=0.00, real=0.13 secs] 
2014-07-10T14:42:46.410+0200: 12.143: [Full GC [PSYoungGen: 29173K->29171K(58368K)] [ParOldGen: 174568K->174567K(174592K)] 203742K->203738K(232960K) [PSPermGen: 2650K->2650K(21504K)], 0.1486308 secs] [Times: user=0.28 sys=0.00, real=0.15 secs] 
2014-07-10T14:42:46.559+0200: 12.291: [Full GC [PSYoungGen: 29171K->0K(58368K)] [ParOldGen: 174567K->4616K(131584K)] 203738K->4616K(189952K) [PSPermGen: 2650K->2650K(21504K)], 0.0429759 secs] [Times: user=0.08 sys=0.00, real=0.04 secs] 
2014-07-10T14:42:46.650+0200: 12.383: [GC [PSYoungGen: 29166K->29115K(58368K)] 35736K->35685K(189952K), 0.0190719 secs] [Times: user=0.05 sys=0.00, real=0.02 secs] 
2014-07-10T14:42:46.715+0200: 12.448: [GC [PSYoungGen: 58298K->29123K(58368K)] 64868K->64776K(189952K), 0.0376917 secs] [Times: user=0.05 sys=0.00, real=0.04 secs] 
2014-07-10T14:42:46.800+0200: 12.533: [GC [PSYoungGen: 58283K->29116K(58368K)] 93937K->93880K(189952K), 0.0372316 secs] [Times: user=0.06 sys=0.00, real=0.04 secs] 
2014-07-10T14:42:46.885+0200: 12.618: [GC [PSYoungGen: 58285K->29129K(58368K)] 123049K->122979K(189952K), 0.0678573 secs] [Times: user=0.11 sys=0.00, real=0.07 secs] 
2014-07-10T14:42:46.953+0200: 12.686: [Full GC [PSYoungGen: 29129K->0K(58368K)] [ParOldGen: 93849K->122718K(174592K)] 122979K->122718K(232960K) [PSPermGen: 2650K->2650K(21504K)], 0.1480904 secs] [Times: user=0.25 sys=0.00, real=0.15 secs] 
2014-07-10T14:42:47.149+0200: 12.882: [GC [PSYoungGen: 29168K->29108K(58368K)] 151887K->151826K(232960K), 0.0196101 secs] [Times: user=0.06 sys=0.00, real=0.02 secs] 
2014-07-10T14:42:47.169+0200: 12.901: [Full GC [PSYoungGen: 29108K->0K(58368K)] [ParOldGen: 122718K->151754K(174592K)] 151826K->151754K(232960K) [PSPermGen: 2650K->2650K(21504K)], 0.1504921 secs] [Times: user=0.22 sys=0.00, real=0.15 secs] 
2014-07-10T14:42:47.367+0200: 13.100: [Full GC [PSYoungGen: 29154K->6583K(58368K)] [ParOldGen: 151754K->174194K(174592K)] 180909K->180778K(232960K) [PSPermGen: 2650K->2650K(21504K)], 0.1755587 secs] [Times: user=0.26 sys=0.00, real=0.18 secs] 
2014-07-10T14:42:47.582+0200: 13.315: [Full GC [PSYoungGen: 29155K->29089K(58368K)] [ParOldGen: 174194K->174154K(174592K)] 203350K->203244K(232960K) [PSPermGen: 2650K->2650K(21504K)], 0.1907480 secs] [Times: user=0.28 sys=0.00, real=0.19 secs] 
2014-07-10T14:42:47.774+0200: 13.506: [Full GC [PSYoungGen: 29171K->29168K(58368K)] [ParOldGen: 174154K->174154K(174592K)] 203326K->203323K(232960K) [PSPermGen: 2650K->2650K(21504K)], 0.1311801 secs] [Times: user=0.25 sys=0.00, real=0.13 secs] 
2014-07-10T14:42:47.906+0200: 13.638: [Full GC [PSYoungGen: 29174K->29170K(58368K)] [ParOldGen: 174561K->174560K(174592K)] 203736K->203730K(232960K) [PSPermGen: 2650K->2650K(21504K)], 0.1767583 secs] [Times: user=0.23 sys=0.00, real=0.18 secs] 
2014-07-10T14:42:48.083+0200: 13.815: [Full GC [PSYoungGen: 29170K->0K(58368K)] [ParOldGen: 174560K->4921K(131584K)] 203730K->4921K(189952K) [PSPermGen: 2650K->2650K(21504K)], 0.0372679 secs] [Times: user=0.06 sys=0.00, real=0.04 secs] 
2014-07-10T14:42:48.169+0200: 13.901: [GC [PSYoungGen: 29179K->29116K(58368K)] 36132K->36070K(189952K), 0.0197996 secs] [Times: user=0.03 sys=0.00, real=0.02 secs] 
2014-07-10T14:42:48.235+0200: 13.967: [GC [PSYoungGen: 58269K->29112K(58368K)] 65222K->65170K(189952K), 0.0395919 secs] [Times: user=0.06 sys=0.00, real=0.04 secs] 
2014-07-10T14:42:48.320+0200: 14.052: [GC [PSYoungGen: 58276K->29123K(58368K)] 94335K->94262K(189952K), 0.0396971 secs] [Times: user=0.09 sys=0.00, real=0.04 secs] 
2014-07-10T14:42:48.408+0200: 14.140: [GC [PSYoungGen: 58292K->29139K(58368K)] 123430K->123369K(189952K), 0.0390926 secs] [Times: user=0.06 sys=0.00, real=0.04 secs] 
2014-07-10T14:42:48.447+0200: 14.179: [Full GC [PSYoungGen: 29139K->0K(58368K)] [ParOldGen: 94230K->123076K(174592K)] 123369K->123076K(232960K) [PSPermGen: 2650K->2650K(21504K)], 0.1691251 secs] [Times: user=0.26 sys=0.00, real=0.17 secs] 
2014-07-10T14:42:48.669+0200: 14.401: [GC [PSYoungGen: 29178K->29123K(58368K)] 152255K->152200K(232960K), 0.0191060 secs] [Times: user=0.03 sys=0.00, real=0.02 secs] 
2014-07-10T14:42:48.688+0200: 14.420: [Full GC [PSYoungGen: 29123K->0K(58368K)] [ParOldGen: 123076K->152118K(174592K)] 152200K->152118K(232960K) [PSPermGen: 2650K->2650K(21504K)], 0.1539974 secs] [Times: user=0.27 sys=0.02, real=0.15 secs] 
2014-07-10T14:42:48.891+0200: 14.623: [Full GC [PSYoungGen: 29170K->6623K(58368K)] [ParOldGen: 152118K->174531K(174592K)] 181289K->181155K(232960K) [PSPermGen: 2650K->2650K(21504K)], 0.1782361 secs] [Times: user=0.25 sys=0.02, real=0.18 secs] 
2014-07-10T14:42:49.138+0200: 14.870: [Full GC [PSYoungGen: 29158K->29093K(58368K)] [ParOldGen: 174531K->174493K(174592K)] 203690K->203586K(232960K) [PSPermGen: 2650K->2650K(21504K)], 0.1771517 secs] [Times: user=0.28 sys=0.00, real=0.18 secs] 
2014-07-10T14:42:49.315+0200: 15.047: [Full GC [PSYoungGen: 29177K->29172K(58368K)] [ParOldGen: 174493K->174493K(174592K)] 203671K->203665K(232960K) [PSPermGen: 2650K->2650K(21504K)], 0.1178254 secs] [Times: user=0.20 sys=0.01, real=0.12 secs] 
2014-07-10T14:42:49.433+0200: 15.165: [Full GC [PSYoungGen: 29176K->29172K(58368K)] [ParOldGen: 174571K->174571K(174592K)] 203747K->203744K(232960K) [PSPermGen: 2650K->2650K(21504K)], 0.1304355 secs] [Times: user=0.25 sys=0.00, real=0.13 secs] 
2014-07-10T14:42:49.564+0200: 15.296: [Full GC [PSYoungGen: 29172K->0K(58368K)] [ParOldGen: 174571K->5168K(131584K)] 203744K->5168K(189952K) [PSPermGen: 2650K->2650K(21504K)], 0.0405998 secs] [Times: user=0.05 sys=0.02, real=0.04 secs] 
2014-07-10T14:42:49.655+0200: 15.387: [GC [PSYoungGen: 29182K->29127K(58368K)] 36734K->36679K(189952K), 0.0194891 secs] [Times: user=0.03 sys=0.00, real=0.02 secs] 
2014-07-10T14:42:49.720+0200: 15.452: [GC [PSYoungGen: 58292K->29123K(58368K)] 65844K->65771K(189952K), 0.0378262 secs] [Times: user=0.08 sys=0.00, real=0.04 secs] 
2014-07-10T14:42:49.809+0200: 15.541: [GC [PSYoungGen: 58281K->29114K(58368K)] 94929K->94854K(189952K), 0.0404711 secs] [Times: user=0.05 sys=0.00, real=0.04 secs] 
2014-07-10T14:42:49.897+0200: 15.629: [GC [PSYoungGen: 58271K->29121K(58368K)] 124011K->123944K(189952K), 0.0373877 secs] [Times: user=0.09 sys=0.00, real=0.04 secs] 
2014-07-10T14:42:49.934+0200: 15.666: [Full GC [PSYoungGen: 29121K->0K(58368K)] [ParOldGen: 94822K->123652K(174592K)] 123944K->123652K(232960K) [PSPermGen: 2650K->2650K(21504K)], 0.1348570 secs] [Times: user=0.23 sys=0.00, real=0.13 secs] 
2014-07-10T14:42:50.117+0200: 15.849: [GC [PSYoungGen: 29157K->29114K(58368K)] 152810K->152767K(232960K), 0.0198891 secs] [Times: user=0.03 sys=0.00, real=0.02 secs] 
2014-07-10T14:42:50.137+0200: 15.869: [Full GC [PSYoungGen: 29114K->0K(58368K)] [ParOldGen: 123652K->152675K(174592K)] 152767K->152675K(232960K) [PSPermGen: 2650K->2650K(21504K)], 0.1971210 secs] [Times: user=0.22 sys=0.01, real=0.20 secs] 
2014-07-10T14:42:50.384+0200: 16.116: [Full GC [PSYoungGen: 29182K->7132K(58368K)] [ParOldGen: 152675K->174585K(174592K)] 181858K->181717K(232960K) [PSPermGen: 2650K->2650K(21504K)], 0.1704039 secs] [Times: user=0.31 sys=0.00, real=0.17 secs] 
2014-07-10T14:42:50.591+0200: 16.323: [Full GC [PSYoungGen: 29160K->29092K(58368K)] [ParOldGen: 174585K->174545K(174592K)] 203745K->203638K(232960K) [PSPermGen: 2650K->2650K(21504K)], 0.1933129 secs] [Times: user=0.30 sys=0.00, real=0.19 secs] 
2014-07-10T14:42:50.785+0200: 16.517: [Full GC [PSYoungGen: 29177K->29172K(58368K)] [ParOldGen: 174545K->174545K(174592K)] 203722K->203717K(232960K) [PSPermGen: 2650K->2650K(21504K)], 0.1319834 secs] [Times: user=0.22 sys=0.00, real=0.13 secs] 
2014-07-10T14:42:50.917+0200: 16.649: [Full GC [PSYoungGen: 29176K->29173K(58368K)] [ParOldGen: 174584K->174584K(174592K)] 203761K->203757K(232960K) [PSPermGen: 2650K->2650K(21504K)], 0.0295255 secs] [Times: user=0.06 sys=0.00, real=0.03 secs] 
2014-07-10T14:42:50.947+0200: 16.679: [Full GC [PSYoungGen: 29173K->0K(58368K)] [ParOldGen: 174584K->5358K(131584K)] 203757K->5358K(189952K) [PSPermGen: 2650K->2650K(21504K)], 0.0352052 secs] [Times: user=0.03 sys=0.00, real=0.04 secs] 
2014-07-10T14:42:51.030+0200: 16.762: [GC [PSYoungGen: 29184K->29138K(58368K)] 36184K->36138K(189952K), 0.0193754 secs] [Times: user=0.03 sys=0.00, real=0.02 secs] 
2014-07-10T14:42:51.096+0200: 16.828: [GC [PSYoungGen: 58290K->29131K(58368K)] 65291K->65244K(189952K), 0.0371410 secs] [Times: user=0.09 sys=0.00, real=0.04 secs] 
2014-07-10T14:42:51.180+0200: 16.912: [GC [PSYoungGen: 58307K->29122K(58368K)] 94420K->94315K(189952K), 0.0368514 secs] [Times: user=0.06 sys=0.00, real=0.04 secs] 
2014-07-10T14:42:51.264+0200: 16.996: [GC [PSYoungGen: 58305K->29134K(58368K)] 123498K->123427K(189952K), 0.0396803 secs] [Times: user=0.08 sys=0.00, real=0.04 secs] 
2014-07-10T14:42:51.304+0200: 17.036: [Full GC [PSYoungGen: 29134K->0K(58368K)] [ParOldGen: 94292K->123134K(174592K)] 123427K->123134K(232960K) [PSPermGen: 2650K->2650K(21504K)], 0.1654988 secs] [Times: user=0.22 sys=0.00, real=0.17 secs] 
2014-07-10T14:42:51.517+0200: 17.249: [GC [PSYoungGen: 29181K->29148K(58368K)] 152316K->152283K(232960K), 0.0198894 secs] [Times: user=0.03 sys=0.00, real=0.02 secs] 
2014-07-10T14:42:51.537+0200: 17.269: [Full GC [PSYoungGen: 29148K->0K(58368K)] [ParOldGen: 123134K->152174K(174592K)] 152283K->152174K(232960K) [PSPermGen: 2650K->2650K(21504K)], 0.1817165 secs] [Times: user=0.28 sys=0.00, real=0.18 secs] 
2014-07-10T14:42:51.768+0200: 17.500: [Full GC [PSYoungGen: 29152K->7094K(58368K)] [ParOldGen: 152174K->174092K(174592K)] 181326K->181186K(232960K) [PSPermGen: 2650K->2650K(21504K)], 0.1928333 secs] [Times: user=0.27 sys=0.02, real=0.19 secs] 
2014-07-10T14:42:51.997+0200: 17.729: [Full GC [PSYoungGen: 29147K->29082K(58368K)] [ParOldGen: 174092K->174051K(174592K)] 203240K->203134K(232960K) [PSPermGen: 2650K->2650K(21504K)], 0.1943127 secs] [Times: user=0.31 sys=0.00, real=0.19 secs] 
2014-07-10T14:42:52.191+0200: 17.924: [Full GC [PSYoungGen: 29167K->29161K(58368K)] [ParOldGen: 174051K->174051K(174592K)] 203218K->203213K(232960K) [PSPermGen: 2650K->2650K(21504K)], 0.0302444 secs] [Times: user=0.06 sys=0.00, real=0.03 secs] 
2014-07-10T14:42:52.222+0200: 17.954: [Full GC [PSYoungGen: 29167K->29163K(58368K)] [ParOldGen: 174559K->174558K(174592K)] 203727K->203721K(232960K) [PSPermGen: 2650K->2650K(21504K)], 0.1601245 secs] [Times: user=0.28 sys=0.00, real=0.16 secs] 
2014-07-10T14:42:52.382+0200: 18.115: [Full GC [PSYoungGen: 29163K->0K(58368K)] [ParOldGen: 174558K->5567K(132096K)] 203721K->5567K(190464K) [PSPermGen: 2650K->2650K(21504K)], 0.0479048 secs] [Times: user=0.05 sys=0.02, real=0.05 secs] 
2014-07-10T14:42:52.479+0200: 18.211: [GC [PSYoungGen: 29174K->29127K(58368K)] 36695K->36648K(190464K), 0.0236525 secs] [Times: user=0.03 sys=0.00, real=0.02 secs] 
2014-07-10T14:42:52.550+0200: 18.282: [GC [PSYoungGen: 58307K->29164K(58368K)] 65828K->65785K(190464K), 0.0394870 secs] [Times: user=0.09 sys=0.00, real=0.04 secs] 
2014-07-10T14:42:52.635+0200: 18.367: [GC [PSYoungGen: 58310K->29104K(58368K)] 94931K->94830K(190464K), 0.0379538 secs] [Times: user=0.03 sys=0.00, real=0.04 secs] 
2014-07-10T14:42:52.721+0200: 18.453: [GC [PSYoungGen: 58273K->29123K(58368K)] 123999K->123922K(190464K), 0.0372503 secs] [Times: user=0.09 sys=0.00, real=0.04 secs] 
2014-07-10T14:42:52.758+0200: 18.490: [Full GC [PSYoungGen: 29123K->0K(58368K)] [ParOldGen: 94798K->123611K(174592K)] 123922K->123611K(232960K) [PSPermGen: 2650K->2650K(21504K)], 0.1596655 secs] [Times: user=0.23 sys=0.00, real=0.16 secs] 
2014-07-10T14:42:52.966+0200: 18.698: [GC [PSYoungGen: 29170K->29118K(58368K)] 152782K->152729K(232960K), 0.0196610 secs] [Times: user=0.03 sys=0.00, real=0.02 secs] 
2014-07-10T14:42:52.986+0200: 18.718: [Full GC [PSYoungGen: 29118K->0K(58368K)] [ParOldGen: 123611K->152637K(174592K)] 152729K->152637K(232960K) [PSPermGen: 2650K->2650K(21504K)], 0.1805422 secs] [Times: user=0.30 sys=0.00, real=0.18 secs] 
2014-07-10T14:42:53.215+0200: 18.947: [Full GC [PSYoungGen: 29182K->7133K(58368K)] [ParOldGen: 152637K->174545K(174592K)] 181820K->181678K(232960K) [PSPermGen: 2650K->2650K(21504K)], 0.2047219 secs] [Times: user=0.34 sys=0.00, real=0.21 secs] 
2014-07-10T14:42:53.456+0200: 19.188: [Full GC [PSYoungGen: 29147K->29083K(58368K)] [ParOldGen: 174545K->174499K(174592K)] 203692K->203582K(232960K) [PSPermGen: 2650K->2650K(21504K)], 0.2316711 secs] [Times: user=0.31 sys=0.00, real=0.23 secs] 
2014-07-10T14:42:53.688+0200: 19.420: [Full GC [PSYoungGen: 29165K->29162K(58368K)] [ParOldGen: 174499K->174499K(174592K)] 203664K->203661K(232960K) [PSPermGen: 2650K->2650K(21504K)], 0.1321854 secs] [Times: user=0.25 sys=0.00, real=0.13 secs] 
2014-07-10T14:42:53.820+0200: 19.553: [Full GC [PSYoungGen: 29166K->29162K(58368K)] [ParOldGen: 174577K->174576K(174592K)] 203743K->203739K(232960K) [PSPermGen: 2650K->2650K(21504K)], 0.1228639 secs] [Times: user=0.23 sys=0.00, real=0.12 secs] 
2014-07-10T14:42:53.943+0200: 19.676: [Full GC [PSYoungGen: 29162K->0K(58368K)] [ParOldGen: 174576K->5796K(132096K)] 203739K->5796K(190464K) [PSPermGen: 2650K->2650K(21504K)], 0.0364635 secs] [Times: user=0.06 sys=0.00, real=0.04 secs] 
2014-07-10T14:42:54.027+0200: 19.759: [GC [PSYoungGen: 29184K->29155K(58368K)] 36544K->36516K(190464K), 0.0195906 secs] [Times: user=0.03 sys=0.00, real=0.02 secs] 
2014-07-10T14:42:54.094+0200: 19.826: [GC [PSYoungGen: 58332K->29148K(58368K)] 65693K->65616K(190464K), 0.0410929 secs] [Times: user=0.08 sys=0.00, real=0.04 secs] 
2014-07-10T14:42:54.181+0200: 19.913: [GC [PSYoungGen: 58327K->29138K(58368K)] 94795K->94712K(190464K), 0.0511098 secs] [Times: user=0.06 sys=0.00, real=0.05 secs] 
2014-07-10T14:42:54.280+0200: 20.012: [GC [PSYoungGen: 58311K->29123K(58368K)] 123884K->123804K(190464K), 0.0422404 secs] [Times: user=0.08 sys=0.00, real=0.04 secs] 
2014-07-10T14:42:54.322+0200: 20.054: [Full GC [PSYoungGen: 29123K->0K(58368K)] [ParOldGen: 94680K->123494K(174592K)] 123804K->123494K(232960K) [PSPermGen: 2650K->2650K(21504K)], 0.1596754 secs] [Times: user=0.30 sys=0.00, real=0.16 secs] 
2014-07-10T14:42:54.531+0200: 20.263: [GC [PSYoungGen: 29179K->29145K(58368K)] 152673K->152639K(232960K), 0.0202187 secs] [Times: user=0.06 sys=0.00, real=0.02 secs] 
2014-07-10T14:42:54.551+0200: 20.283: [Full GC [PSYoungGen: 29145K->0K(58368K)] [ParOldGen: 123494K->152529K(174592K)] 152639K->152529K(232960K) [PSPermGen: 2650K->2650K(21504K)], 0.2025849 secs] [Times: user=0.33 sys=0.00, real=0.20 secs] 
2014-07-10T14:42:54.802+0200: 20.534: [Full GC [PSYoungGen: 29174K->7100K(58368K)] [ParOldGen: 152529K->174458K(174592K)] 181703K->181559K(232960K) [PSPermGen: 2650K->2650K(21504K)], 0.1794013 secs] [Times: user=0.31 sys=0.01, real=0.18 secs] 
2014-07-10T14:42:55.018+0200: 20.750: [Full GC [PSYoungGen: 29166K->29101K(58368K)] [ParOldGen: 174458K->174412K(174592K)] 203625K->203513K(232960K) [PSPermGen: 2650K->2650K(21504K)], 0.1947662 secs] [Times: user=0.34 sys=0.00, real=0.20 secs] 
2014-07-10T14:42:55.213+0200: 20.945: [Full GC [PSYoungGen: 29183K->29180K(58368K)] [ParOldGen: 174412K->174412K(174592K)] 203595K->203592K(232960K) [PSPermGen: 2650K->2650K(21504K)], 0.1121152 secs] [Times: user=0.20 sys=0.00, real=0.11 secs] 
2014-07-10T14:42:55.326+0200: 21.058: [Full GC [PSYoungGen: 29184K->29181K(58368K)] [ParOldGen: 174569K->174568K(174592K)] 203753K->203749K(232960K) [PSPermGen: 2650K->2650K(21504K)], 0.1492111 secs] [Times: user=0.22 sys=0.00, real=0.15 secs] 
2014-07-10T14:42:55.475+0200: 21.208: [Full GC [PSYoungGen: 29181K->0K(58368K)] [ParOldGen: 174568K->5938K(132096K)] 203749K->5938K(190464K) [PSPermGen: 2650K->2650K(21504K)], 0.1027091 secs] [Times: user=0.05 sys=0.00, real=0.10 secs] 
2014-07-10T14:42:55.627+0200: 21.359: [GC [PSYoungGen: 29181K->29101K(58368K)] 36644K->36564K(190464K), 0.1013683 secs] [Times: user=0.02 sys=0.00, real=0.10 secs] 
2014-07-10T14:42:55.808+0200: 21.540: [GC [PSYoungGen: 58263K->29122K(58368K)] 65726K->65686K(190464K), 0.0379461 secs] [Times: user=0.09 sys=0.00, real=0.04 secs] 
2014-07-10T14:42:55.904+0200: 21.636: [GC [PSYoungGen: 58299K->29148K(58368K)] 94863K->94802K(190464K), 0.0380022 secs] [Times: user=0.08 sys=0.00, real=0.04 secs] 
2014-07-10T14:42:55.989+0200: 21.721: [GC [PSYoungGen: 58295K->29116K(58368K)] 123950K->123876K(190464K), 0.0387443 secs] [Times: user=0.06 sys=0.00, real=0.04 secs] 
2014-07-10T14:42:56.028+0200: 21.760: [Full GC [PSYoungGen: 29116K->0K(58368K)] [ParOldGen: 94759K->123542K(174592K)] 123876K->123542K(232960K) [PSPermGen: 2650K->2650K(21504K)], 0.1649104 secs] [Times: user=0.34 sys=0.00, real=0.16 secs] 
2014-07-10T14:42:56.242+0200: 21.974: [GC [PSYoungGen: 29183K->29140K(58368K)] 152725K->152683K(232960K), 0.0197985 secs] [Times: user=0.03 sys=0.00, real=0.02 secs] 
2014-07-10T14:42:56.262+0200: 21.994: [Full GC [PSYoungGen: 29140K->0K(58368K)] [ParOldGen: 123542K->152578K(174592K)] 152683K->152578K(232960K) [PSPermGen: 2651K->2651K(21504K)], 0.1837825 secs] [Times: user=0.33 sys=0.00, real=0.18 secs] 
2014-07-10T14:42:56.496+0200: 22.228: [Full GC [PSYoungGen: 29151K->7075K(58368K)] [ParOldGen: 152578K->174438K(174592K)] 181729K->181513K(232960K) [PSPermGen: 2651K->2651K(21504K)], 0.1893973 secs] [Times: user=0.38 sys=0.00, real=0.19 secs] 
2014-07-10T14:42:56.722+0200: 22.454: [Full GC [PSYoungGen: 29167K->29100K(58368K)] [ParOldGen: 174438K->174391K(174592K)] 203605K->203492K(232960K) [PSPermGen: 2651K->2651K(21504K)], 0.2191222 secs] [Times: user=0.34 sys=0.00, real=0.22 secs] 
2014-07-10T14:42:56.941+0200: 22.674: [Full GC [PSYoungGen: 29181K->29179K(58368K)] [ParOldGen: 174391K->174391K(174592K)] 203572K->203570K(232960K) [PSPermGen: 2651K->2651K(21504K)], 0.1534501 secs] [Times: user=0.25 sys=0.00, real=0.15 secs] 
2014-07-10T14:42:57.095+0200: 22.828: [Full GC [PSYoungGen: 29184K->29180K(58368K)] [ParOldGen: 174586K->174586K(174592K)] 203770K->203766K(232960K) [PSPermGen: 2651K->2651K(21504K)], 0.1230110 secs] [Times: user=0.25 sys=0.00, real=0.12 secs] 
2014-07-10T14:42:57.218+0200: 22.951: [Full GC [PSYoungGen: 29180K->0K(58368K)] [ParOldGen: 174586K->6134K(132608K)] 203766K->6134K(190976K) [PSPermGen: 2651K->2651K(21504K)], 0.0403142 secs] [Times: user=0.05 sys=0.00, real=0.04 secs] 
2014-07-10T14:42:57.309+0200: 23.041: [GC [PSYoungGen: 29178K->29140K(58368K)] 37580K->37542K(190976K), 0.0193424 secs] [Times: user=0.03 sys=0.00, real=0.02 secs] 
2014-07-10T14:42:57.375+0200: 23.107: [GC [PSYoungGen: 58288K->29096K(58368K)] 66690K->66599K(190976K), 0.0373108 secs] [Times: user=0.06 sys=0.00, real=0.04 secs] 
2014-07-10T14:42:57.459+0200: 23.191: [GC [PSYoungGen: 58250K->29109K(58368K)] 95753K->95686K(190976K), 0.0515406 secs] [Times: user=0.08 sys=0.00, real=0.05 secs] 
2014-07-10T14:42:57.557+0200: 23.289: [GC [PSYoungGen: 58291K->29150K(58368K)] 124868K->124806K(190976K), 0.0383373 secs] [Times: user=0.09 sys=0.00, real=0.04 secs] 
2014-07-10T14:42:57.595+0200: 23.328: [Full GC [PSYoungGen: 29150K->0K(58368K)] [ParOldGen: 95656K->124366K(174592K)] 124806K->124366K(232960K) [PSPermGen: 2651K->2651K(21504K)], 0.1708211 secs] [Times: user=0.30 sys=0.00, real=0.17 secs] 
2014-07-10T14:42:57.819+0200: 23.552: [GC [PSYoungGen: 29178K->29128K(58368K)] 153545K->153495K(232960K), 0.0191217 secs] [Times: user=0.03 sys=0.00, real=0.02 secs] 
2014-07-10T14:42:57.839+0200: 23.571: [Full GC [PSYoungGen: 29128K->0K(58368K)] [ParOldGen: 124366K->153330K(174592K)] 153495K->153330K(232960K) [PSPermGen: 2651K->2651K(21504K)], 0.1968926 secs] [Times: user=0.27 sys=0.00, real=0.20 secs] 
2014-07-10T14:42:58.086+0200: 23.818: [Full GC [PSYoungGen: 29163K->8142K(58368K)] [ParOldGen: 153330K->174169K(174592K)] 182493K->182311K(232960K) [PSPermGen: 2651K->2651K(21504K)], 0.1935644 secs] [Times: user=0.34 sys=0.00, real=0.19 secs] 
2014-07-10T14:42:58.316+0200: 24.048: [Full GC [PSYoungGen: 29171K->29107K(58368K)] [ParOldGen: 174169K->174125K(174592K)] 203340K->203233K(232960K) [PSPermGen: 2651K->2651K(21504K)], 0.1988669 secs] [Times: user=0.39 sys=0.00, real=0.20 secs] 
2014-07-10T14:42:58.515+0200: 24.248: [Full GC [PSYoungGen: 29150K->29147K(58368K)] [ParOldGen: 174125K->174125K(174592K)] 203276K->203273K(232960K) [PSPermGen: 2651K->2651K(21504K)], 0.1424894 secs] [Times: user=0.17 sys=0.00, real=0.14 secs] 
2014-07-10T14:42:58.658+0200: 24.391: [Full GC [PSYoungGen: 29153K->29149K(58368K)] [ParOldGen: 174555K->174554K(174592K)] 203708K->203703K(232960K) [PSPermGen: 2651K->2651K(21504K)], 0.1568182 secs] [Times: user=0.28 sys=0.00, real=0.16 secs] 
2014-07-10T14:42:58.815+0200: 24.548: [Full GC [PSYoungGen: 29149K->0K(58368K)] [ParOldGen: 174554K->6425K(132608K)] 203703K->6425K(190976K) [PSPermGen: 2651K->2651K(21504K)], 0.0417931 secs] [Times: user=0.06 sys=0.00, real=0.04 secs] 
2014-07-10T14:42:58.904+0200: 24.636: [GC [PSYoungGen: 29184K->29144K(58368K)] 36352K->36312K(190976K), 0.0257232 secs] [Times: user=0.02 sys=0.00, real=0.02 secs] 
2014-07-10T14:42:58.976+0200: 24.708: [GC [PSYoungGen: 58306K->29113K(58368K)] 65475K->65391K(190976K), 0.0372829 secs] [Times: user=0.09 sys=0.00, real=0.04 secs] 
2014-07-10T14:42:59.060+0200: 24.793: [GC [PSYoungGen: 58282K->29141K(58368K)] 94561K->94507K(190976K), 0.0401319 secs] [Times: user=0.06 sys=0.00, real=0.04 secs] 
2014-07-10T14:42:59.147+0200: 24.879: [GC [PSYoungGen: 58294K->29105K(58368K)] 123660K->123564K(190976K), 0.0440897 secs] [Times: user=0.09 sys=0.00, real=0.04 secs] 
2014-07-10T14:42:59.191+0200: 24.924: [Full GC [PSYoungGen: 29105K->0K(58368K)] [ParOldGen: 94458K->123165K(174592K)] 123564K->123165K(232960K) [PSPermGen: 2651K->2651K(21504K)], 0.1645533 secs] [Times: user=0.30 sys=0.00, real=0.16 secs] 
2014-07-10T14:42:59.404+0200: 25.136: [GC [PSYoungGen: 29171K->29114K(58368K)] 152336K->152279K(232960K), 0.0193630 secs] [Times: user=0.03 sys=0.00, real=0.02 secs] 
2014-07-10T14:42:59.423+0200: 25.156: [Full GC [PSYoungGen: 29114K->0K(58368K)] [ParOldGen: 123165K->152152K(174592K)] 152279K->152152K(232960K) [PSPermGen: 2651K->2651K(21504K)], 0.1850862 secs] [Times: user=0.33 sys=0.02, real=0.18 secs] 
2014-07-10T14:42:59.657+0200: 25.389: [Full GC [PSYoungGen: 29172K->6622K(58368K)] [ParOldGen: 152152K->174486K(174592K)] 181324K->181109K(232960K) [PSPermGen: 2651K->2651K(21504K)], 0.1915975 secs] [Times: user=0.31 sys=0.00, real=0.19 secs] 
2014-07-10T14:42:59.887+0200: 25.619: [Full GC [PSYoungGen: 29156K->29087K(58368K)] [ParOldGen: 174486K->174434K(174592K)] 203643K->203521K(232960K) [PSPermGen: 2651K->2651K(21504K)], 0.2152617 secs] [Times: user=0.40 sys=0.00, real=0.21 secs] 
2014-07-10T14:43:00.102+0200: 25.835: [Full GC [PSYoungGen: 29171K->29166K(58368K)] [ParOldGen: 174434K->174434K(174592K)] 203606K->203600K(232960K) [PSPermGen: 2651K->2651K(21504K)], 0.1227433 secs] [Times: user=0.17 sys=0.00, real=0.12 secs] 
2014-07-10T14:43:00.226+0200: 25.958: [Full GC [PSYoungGen: 29170K->29167K(58368K)] [ParOldGen: 174590K->174590K(174592K)] 203761K->203757K(232960K) [PSPermGen: 2651K->2651K(21504K)], 0.1364973 secs] [Times: user=0.23 sys=0.00, real=0.14 secs] 
2014-07-10T14:43:00.362+0200: 26.095: [Full GC [PSYoungGen: 29167K->0K(58368K)] [ParOldGen: 174590K->6640K(133120K)] 203757K->6640K(191488K) [PSPermGen: 2651K->2651K(21504K)], 0.0396920 secs] [Times: user=0.06 sys=0.00, real=0.04 secs] 
2014-07-10T14:43:00.451+0200: 26.183: [GC [PSYoungGen: 29184K->29138K(58368K)] 37388K->37343K(191488K), 0.0191474 secs] [Times: user=0.03 sys=0.00, real=0.02 secs] 
2014-07-10T14:43:00.517+0200: 26.249: [GC [PSYoungGen: 58317K->29126K(58368K)] 66521K->66437K(191488K), 0.0374889 secs] [Times: user=0.09 sys=0.00, real=0.04 secs] 
2014-07-10T14:43:00.602+0200: 26.334: [GC [PSYoungGen: 58285K->29083K(58368K)] 95596K->95493K(191488K), 0.0371637 secs] [Times: user=0.05 sys=0.00, real=0.04 secs] 
2014-07-10T14:43:00.688+0200: 26.420: [GC [PSYoungGen: 58241K->29122K(58368K)] 124651K->124616K(191488K), 0.0376099 secs] [Times: user=0.08 sys=0.00, real=0.04 secs] 
2014-07-10T14:43:00.725+0200: 26.458: [Full GC [PSYoungGen: 29122K->0K(58368K)] [ParOldGen: 95494K->124210K(174592K)] 124616K->124210K(232960K) [PSPermGen: 2651K->2651K(21504K)], 0.1743921 secs] [Times: user=0.25 sys=0.00, real=0.18 secs] 
2014-07-10T14:43:00.947+0200: 26.679: [GC [PSYoungGen: 29154K->29111K(58368K)] 153364K->153322K(232960K), 0.0196907 secs] [Times: user=0.03 sys=0.00, real=0.02 secs] 
2014-07-10T14:43:00.967+0200: 26.699: [Full GC [PSYoungGen: 29111K->0K(58368K)] [ParOldGen: 124210K->153212K(174592K)] 153322K->153212K(232960K) [PSPermGen: 2651K->2651K(21504K)], 0.1902277 secs] [Times: user=0.25 sys=0.00, real=0.19 secs] 
2014-07-10T14:43:01.205+0200: 26.937: [Full GC [PSYoungGen: 29174K->7643K(58368K)] [ParOldGen: 153212K->174590K(174592K)] 182386K->182234K(232960K) [PSPermGen: 2651K->2651K(21504K)], 0.2073330 secs] [Times: user=0.36 sys=0.01, real=0.21 secs] 
2014-07-10T14:43:01.448+0200: 27.180: [Full GC [PSYoungGen: 29171K->29107K(58368K)] [ParOldGen: 174590K->174540K(174592K)] 203762K->203648K(232960K) [PSPermGen: 2651K->2651K(21504K)], 0.2175754 secs] [Times: user=0.36 sys=0.00, real=0.22 secs] 
2014-07-10T14:43:01.666+0200: 27.398: [Full GC [PSYoungGen: 29150K->29147K(58368K)] [ParOldGen: 174540K->174540K(174592K)] 203691K->203687K(232960K) [PSPermGen: 2651K->2651K(21504K)], 0.1248005 secs] [Times: user=0.19 sys=0.00, real=0.13 secs] 
2014-07-10T14:43:01.791+0200: 27.524: [Full GC [PSYoungGen: 29151K->29148K(58368K)] [ParOldGen: 174579K->174579K(174592K)] 203731K->203727K(232960K) [PSPermGen: 2651K->2651K(21504K)], 0.1560648 secs] [Times: user=0.23 sys=0.00, real=0.16 secs] 
2014-07-10T14:43:01.947+0200: 27.680: [Full GC [PSYoungGen: 29148K->0K(58368K)] [ParOldGen: 174579K->6759K(133120K)] 203727K->6759K(191488K) [PSPermGen: 2651K->2651K(21504K)], 0.0465197 secs] [Times: user=0.06 sys=0.00, real=0.05 secs] 
2014-07-10T14:43:02.043+0200: 27.775: [GC [PSYoungGen: 29184K->29148K(58368K)] 37563K->37527K(191488K), 0.0192805 secs] [Times: user=0.03 sys=0.00, real=0.02 secs] 
2014-07-10T14:43:02.109+0200: 27.842: [GC [PSYoungGen: 58307K->29134K(58368K)] 66686K->66619K(191488K), 0.0370296 secs] [Times: user=0.09 sys=0.00, real=0.04 secs] 
2014-07-10T14:43:02.193+0200: 27.925: [GC [PSYoungGen: 58300K->29123K(58368K)] 95786K->95698K(191488K), 0.0384268 secs] [Times: user=0.06 sys=0.00, real=0.04 secs] 
2014-07-10T14:43:02.278+0200: 28.011: [GC [PSYoungGen: 58300K->29123K(58368K)] 124874K->124790K(191488K), 0.0375194 secs] [Times: user=0.06 sys=0.00, real=0.04 secs] 
2014-07-10T14:43:02.316+0200: 28.048: [Full GC [PSYoungGen: 29123K->0K(58368K)] [ParOldGen: 95666K->124421K(174592K)] 124790K->124421K(232960K) [PSPermGen: 2651K->2651K(21504K)], 0.1715335 secs] [Times: user=0.31 sys=0.00, real=0.17 secs] 
2014-07-10T14:43:02.537+0200: 28.269: [GC [PSYoungGen: 29148K->29096K(58368K)] 153570K->153517K(232960K), 0.0192588 secs] [Times: user=0.02 sys=0.00, real=0.02 secs] 
2014-07-10T14:43:02.556+0200: 28.289: [Full GC [PSYoungGen: 29096K->0K(58368K)] [ParOldGen: 124421K->153414K(174592K)] 153517K->153414K(232960K) [PSPermGen: 2651K->2651K(21504K)], 0.1785500 secs] [Times: user=0.30 sys=0.00, real=0.18 secs] 
2014-07-10T14:43:02.785+0200: 28.518: [Full GC [PSYoungGen: 29145K->8112K(58368K)] [ParOldGen: 153414K->174290K(174592K)] 182559K->182403K(232960K) [PSPermGen: 2651K->2651K(21504K)], 0.1831647 secs] [Times: user=0.31 sys=0.02, real=0.18 secs] 
2014-07-10T14:43:03.004+0200: 28.737: [Full GC [PSYoungGen: 29149K->29086K(58368K)] [ParOldGen: 174290K->174242K(174592K)] 203440K->203328K(232960K) [PSPermGen: 2651K->2651K(21504K)], 0.2185881 secs] [Times: user=0.37 sys=0.00, real=0.22 secs] 
2014-07-10T14:43:03.223+0200: 28.955: [Full GC [PSYoungGen: 29170K->29165K(58368K)] [ParOldGen: 174242K->174242K(174592K)] 203413K->203407K(232960K) [PSPermGen: 2651K->2651K(21504K)], 0.1309836 secs] [Times: user=0.22 sys=0.00, real=0.13 secs] 
2014-07-10T14:43:03.354+0200: 29.087: [Full GC [PSYoungGen: 29169K->29167K(58368K)] [ParOldGen: 174554K->174553K(174592K)] 203724K->203721K(232960K) [PSPermGen: 2651K->2651K(21504K)], 0.1485083 secs] [Times: user=0.28 sys=0.00, real=0.15 secs] 
2014-07-10T14:43:03.503+0200: 29.236: [Full GC [PSYoungGen: 29167K->0K(58368K)] [ParOldGen: 174553K->6933K(133120K)] 203721K->6933K(191488K) [PSPermGen: 2651K->2651K(21504K)], 0.0429414 secs] [Times: user=0.06 sys=0.00, real=0.04 secs] 
2014-07-10T14:43:03.610+0200: 29.343: [GC [PSYoungGen: 29179K->29123K(58368K)] 38261K->38206K(191488K), 0.0200698 secs] [Times: user=0.06 sys=0.00, real=0.02 secs] 
2014-07-10T14:43:03.677+0200: 29.409: [GC [PSYoungGen: 58302K->29123K(58368K)] 67384K->67302K(191488K), 0.0371447 secs] [Times: user=0.06 sys=0.00, real=0.04 secs] 
2014-07-10T14:43:03.762+0200: 29.495: [GC [PSYoungGen: 58271K->29091K(58368K)] 96450K->96373K(191488K), 0.0471517 secs] [Times: user=0.08 sys=0.00, real=0.05 secs] 
2014-07-10T14:43:03.857+0200: 29.590: [GC [PSYoungGen: 58267K->29109K(58368K)] 125550K->125467K(191488K), 0.0372800 secs] [Times: user=0.09 sys=0.00, real=0.04 secs] 
2014-07-10T14:43:03.894+0200: 29.627: [Full GC [PSYoungGen: 29109K->0K(58368K)] [ParOldGen: 96357K->125132K(174592K)] 125467K->125132K(232960K) [PSPermGen: 2651K->2651K(21504K)], 0.1748295 secs] [Times: user=0.31 sys=0.00, real=0.17 secs] 
2014-07-10T14:43:04.127+0200: 29.860: [GC [PSYoungGen: 29161K->29128K(58368K)] 154294K->154261K(232960K), 0.0197685 secs] [Times: user=0.03 sys=0.00, real=0.02 secs] 
2014-07-10T14:43:04.147+0200: 29.879: [Full GC [PSYoungGen: 29128K->0K(58368K)] [ParOldGen: 125132K->154137K(174592K)] 154261K->154137K(232960K) [PSPermGen: 2651K->2651K(21504K)], 0.1807127 secs] [Times: user=0.33 sys=0.00, real=0.18 secs] 
2014-07-10T14:43:04.377+0200: 30.110: [Full GC [PSYoungGen: 29171K->8651K(58368K)] [ParOldGen: 154137K->174502K(174592K)] 183308K->183153K(232960K) [PSPermGen: 2651K->2651K(21504K)], 0.1909273 secs] [Times: user=0.36 sys=0.00, real=0.19 secs] 
2014-07-10T14:43:04.603+0200: 30.336: [Full GC [PSYoungGen: 29172K->29112K(58368K)] [ParOldGen: 174502K->174455K(174592K)] 203675K->203567K(232960K) [PSPermGen: 2651K->2651K(21504K)], 0.2285321 secs] [Times: user=0.39 sys=0.00, real=0.23 secs] 
2014-07-10T14:43:04.832+0200: 30.564: [Full GC [PSYoungGen: 29155K->29152K(58368K)] [ParOldGen: 174455K->174455K(174592K)] 203610K->203607K(232960K) [PSPermGen: 2651K->2651K(21504K)], 0.1236368 secs] [Times: user=0.25 sys=0.00, real=0.12 secs] 
2014-07-10T14:43:04.956+0200: 30.688: [Full GC [PSYoungGen: 29156K->29152K(58368K)] [ParOldGen: 174572K->174572K(174592K)] 203728K->203724K(232960K) [PSPermGen: 2651K->2651K(21504K)], 0.1369853 secs] [Times: user=0.26 sys=0.00, real=0.14 secs] 
2014-07-10T14:43:05.093+0200: 30.826: [Full GC [PSYoungGen: 29152K->0K(58368K)] [ParOldGen: 174572K->7000K(133120K)] 203724K->7000K(191488K) [PSPermGen: 2651K->2651K(21504K)], 0.0431133 secs] [Times: user=0.06 sys=0.00, real=0.04 secs] 
2014-07-10T14:43:05.184+0200: 30.917: [GC [PSYoungGen: 29184K->29123K(58368K)] 37748K->37687K(191488K), 0.0283200 secs] [Times: user=0.03 sys=0.00, real=0.03 secs] 
2014-07-10T14:43:05.259+0200: 30.992: [GC [PSYoungGen: 58301K->29144K(58368K)] 66865K->66814K(191488K), 0.0370618 secs] [Times: user=0.08 sys=0.00, real=0.04 secs] 
2014-07-10T14:43:05.343+0200: 31.076: [GC [PSYoungGen: 58294K->29084K(58368K)] 95964K->95858K(191488K), 0.0370508 secs] [Times: user=0.06 sys=0.00, real=0.04 secs] 
2014-07-10T14:43:05.428+0200: 31.161: [GC [PSYoungGen: 58240K->29102K(58368K)] 125014K->124951K(191488K), 0.0610626 secs] [Times: user=0.09 sys=0.00, real=0.06 secs] 
2014-07-10T14:43:05.489+0200: 31.222: [Full GC [PSYoungGen: 29102K->0K(58368K)] [ParOldGen: 95848K->124602K(174592K)] 124951K->124602K(232960K) [PSPermGen: 2651K->2651K(21504K)], 0.1698470 secs] [Times: user=0.31 sys=0.00, real=0.17 secs] 
2014-07-10T14:43:05.708+0200: 31.440: [GC [PSYoungGen: 29174K->29116K(58368K)] 153777K->153719K(232960K), 0.0196816 secs] [Times: user=0.03 sys=0.00, real=0.02 secs] 
2014-07-10T14:43:05.728+0200: 31.460: [Full GC [PSYoungGen: 29116K->0K(58368K)] [ParOldGen: 124602K->153618K(174592K)] 153719K->153618K(232960K) [PSPermGen: 2651K->2651K(21504K)], 0.1977238 secs] [Times: user=0.34 sys=0.01, real=0.20 secs] 
2014-07-10T14:43:05.974+0200: 31.706: [Full GC [PSYoungGen: 29169K->8153K(58368K)] [ParOldGen: 153618K->174477K(174592K)] 182788K->182631K(232960K) [PSPermGen: 2651K->2651K(21504K)], 0.1904180 secs] [Times: user=0.34 sys=0.00, real=0.19 secs] 
2014-07-10T14:43:06.200+0200: 31.932: [Full GC [PSYoungGen: 29170K->29108K(58368K)] [ParOldGen: 174477K->174423K(174592K)] 203647K->203532K(232960K) [PSPermGen: 2651K->2651K(21504K)], 0.2067684 secs] [Times: user=0.34 sys=0.02, real=0.21 secs] 
2014-07-10T14:43:06.407+0200: 32.139: [Full GC [PSYoungGen: 29151K->29148K(58368K)] [ParOldGen: 174423K->174423K(174592K)] 203575K->203572K(232960K) [PSPermGen: 2651K->2651K(21504K)], 0.1220735 secs] [Times: user=0.23 sys=0.00, real=0.12 secs] 
2014-07-10T14:43:06.529+0200: 32.261: [Full GC [PSYoungGen: 29154K->29149K(58368K)] [ParOldGen: 174580K->174579K(174592K)] 203734K->203729K(232960K) [PSPermGen: 2651K->2651K(21504K)], 0.1798148 secs] [Times: user=0.31 sys=0.00, real=0.18 secs] 
2014-07-10T14:43:06.709+0200: 32.441: [Full GC [PSYoungGen: 29149K->0K(58368K)] [ParOldGen: 174579K->7097K(133632K)] 203729K->7097K(192000K) [PSPermGen: 2651K->2651K(21504K)], 0.0435786 secs] [Times: user=0.06 sys=0.00, real=0.04 secs] 
2014-07-10T14:43:06.800+0200: 32.532: [GC [PSYoungGen: 29184K->29108K(58368K)] 37610K->37535K(192000K), 0.0283768 secs] [Times: user=0.03 sys=0.00, real=0.03 secs] 
2014-07-10T14:43:06.876+0200: 32.608: [GC [PSYoungGen: 58262K->29172K(58368K)] 66689K->66606K(192000K), 0.0370666 secs] [Times: user=0.05 sys=0.00, real=0.04 secs] 
2014-07-10T14:43:06.959+0200: 32.691: [GC [PSYoungGen: 58334K->29181K(58368K)] 95769K->95706K(192000K), 0.0373295 secs] [Times: user=0.06 sys=0.00, real=0.04 secs] 
2014-07-10T14:43:07.044+0200: 32.776: [GC [PSYoungGen: 58337K->29174K(58368K)] 124862K->124784K(192000K), 0.0386526 secs] [Times: user=0.06 sys=0.00, real=0.04 secs] 
2014-07-10T14:43:07.083+0200: 32.815: [Full GC [PSYoungGen: 29174K->0K(58368K)] [ParOldGen: 95609K->124455K(174592K)] 124784K->124455K(232960K) [PSPermGen: 2651K->2651K(21504K)], 0.1683879 secs] [Times: user=0.28 sys=0.01, real=0.17 secs] 
2014-07-10T14:43:07.300+0200: 33.032: [GC [PSYoungGen: 29180K->29123K(58368K)] 153635K->153579K(232960K), 0.0339913 secs] [Times: user=0.03 sys=0.00, real=0.03 secs] 
2014-07-10T14:43:07.334+0200: 33.066: [Full GC [PSYoungGen: 29123K->0K(58368K)] [ParOldGen: 124455K->153475K(174592K)] 153579K->153475K(232960K) [PSPermGen: 2651K->2651K(21504K)], 0.2033577 secs] [Times: user=0.33 sys=0.00, real=0.20 secs] 
2014-07-10T14:43:07.586+0200: 33.318: [Full GC [PSYoungGen: 29163K->8112K(58368K)] [ParOldGen: 153475K->174371K(174592K)] 182639K->182483K(232960K) [PSPermGen: 2651K->2651K(21504K)], 0.1997930 secs] [Times: user=0.33 sys=0.02, real=0.20 secs] 
2014-07-10T14:43:07.821+0200: 33.553: [Full GC [PSYoungGen: 29153K->29092K(58368K)] [ParOldGen: 174371K->174318K(174592K)] 203525K->203410K(232960K) [PSPermGen: 2651K->2651K(21504K)], 0.2306467 secs] [Times: user=0.31 sys=0.00, real=0.23 secs] 
2014-07-10T14:43:08.052+0200: 33.784: [Full GC [PSYoungGen: 29176K->29171K(58368K)] [ParOldGen: 174318K->174318K(174592K)] 203494K->203489K(232960K) [PSPermGen: 2651K->2651K(21504K)], 0.1234381 secs] [Times: user=0.23 sys=0.00, real=0.12 secs] 
2014-07-10T14:43:08.176+0200: 33.908: [Full GC [PSYoungGen: 29177K->29172K(58368K)] [ParOldGen: 174591K->174590K(174592K)] 203769K->203763K(232960K) [PSPermGen: 2651K->2651K(21504K)], 0.1621189 secs] [Times: user=0.30 sys=0.00, real=0.16 secs] 
2014-07-10T14:43:08.339+0200: 34.071: [Full GC [PSYoungGen: 29172K->0K(58368K)] [ParOldGen: 174590K->7228K(133632K)] 203763K->7228K(192000K) [PSPermGen: 2651K->2651K(21504K)], 0.0442682 secs] [Times: user=0.05 sys=0.00, real=0.04 secs] 
2014-07-10T14:43:08.431+0200: 34.163: [GC [PSYoungGen: 29175K->29124K(58368K)] 38592K->38541K(192000K), 0.0245199 secs] [Times: user=0.02 sys=0.00, real=0.02 secs] 
2014-07-10T14:43:08.502+0200: 34.234: [GC [PSYoungGen: 58285K->29109K(58368K)] 67702K->67619K(192000K), 0.0428131 secs] [Times: user=0.08 sys=0.00, real=0.04 secs] 
2014-07-10T14:43:08.592+0200: 34.324: [GC [PSYoungGen: 58261K->29109K(58368K)] 96771K->96709K(192000K), 0.0369368 secs] [Times: user=0.06 sys=0.00, real=0.04 secs] 
2014-07-10T14:43:08.677+0200: 34.409: [GC [PSYoungGen: 58280K->29127K(58368K)] 125880K->125805K(192000K), 0.0373676 secs] [Times: user=0.09 sys=0.00, real=0.04 secs] 
2014-07-10T14:43:08.714+0200: 34.446: [Full GC [PSYoungGen: 29127K->0K(58368K)] [ParOldGen: 96677K->125430K(174592K)] 125805K->125430K(232960K) [PSPermGen: 2651K->2651K(21504K)], 0.1980684 secs] [Times: user=0.28 sys=0.00, real=0.20 secs] 
2014-07-10T14:43:08.969+0200: 34.701: [GC [PSYoungGen: 29166K->29091K(58368K)] 154597K->154522K(232960K), 0.0361460 secs] [Times: user=0.03 sys=0.00, real=0.04 secs] 
2014-07-10T14:43:09.005+0200: 34.737: [Full GC [PSYoungGen: 29091K->0K(58368K)] [ParOldGen: 125430K->154438K(174592K)] 154522K->154438K(232960K) [PSPermGen: 2651K->2651K(21504K)], 0.1931952 secs] [Times: user=0.37 sys=0.00, real=0.19 secs] 
2014-07-10T14:43:09.248+0200: 34.980: [Full GC [PSYoungGen: 29150K->9131K(58368K)] [ParOldGen: 154438K->174299K(174592K)] 183589K->183430K(232960K) [PSPermGen: 2651K->2651K(21504K)], 0.1972431 secs] [Times: user=0.31 sys=0.02, real=0.20 secs] 
2014-07-10T14:43:09.479+0200: 35.211: [Full GC [PSYoungGen: 29181K->29120K(58368K)] [ParOldGen: 174299K->174248K(174592K)] 203481K->203368K(232960K) [PSPermGen: 2651K->2651K(21504K)], 0.2175135 secs] [Times: user=0.37 sys=0.00, real=0.22 secs] 
2014-07-10T14:43:09.697+0200: 35.429: [Full GC [PSYoungGen: 29163K->29160K(58368K)] [ParOldGen: 174248K->174248K(174592K)] 203411K->203408K(232960K) [PSPermGen: 2651K->2651K(21504K)], 0.0383289 secs] [Times: user=0.06 sys=0.00, real=0.04 secs] 
2014-07-10T14:43:09.736+0200: 35.468: [Full GC [PSYoungGen: 29166K->29161K(58368K)] [ParOldGen: 174560K->174560K(174592K)] 203727K->203722K(232960K) [PSPermGen: 2651K->2651K(21504K)], 0.1754637 secs] [Times: user=0.27 sys=0.00, real=0.17 secs] 
2014-07-10T14:43:09.911+0200: 35.643: [Full GC [PSYoungGen: 29161K->0K(58368K)] [ParOldGen: 174560K->7269K(133632K)] 203722K->7269K(192000K) [PSPermGen: 2651K->2651K(21504K)], 0.0461398 secs] [Times: user=0.09 sys=0.00, real=0.05 secs] 
2014-07-10T14:43:10.004+0200: 35.736: [GC [PSYoungGen: 29184K->29144K(58368K)] 37040K->37001K(192000K), 0.0198278 secs] [Times: user=0.06 sys=0.00, real=0.02 secs] 
2014-07-10T14:43:10.075+0200: 35.807: [GC [PSYoungGen: 58312K->29112K(58368K)] 66168K->66081K(192000K), 0.0395351 secs] [Times: user=0.05 sys=0.00, real=0.04 secs] 
2014-07-10T14:43:10.162+0200: 35.894: [GC [PSYoungGen: 58279K->29123K(58368K)] 95248K->95188K(192000K), 0.0379667 secs] [Times: user=0.09 sys=0.00, real=0.04 secs] 
2014-07-10T14:43:10.248+0200: 35.980: [GC [PSYoungGen: 58307K->29109K(58368K)] 124371K->124265K(192000K), 0.0411677 secs] [Times: user=0.09 sys=0.00, real=0.04 secs] 
2014-07-10T14:43:10.289+0200: 36.021: [Full GC [PSYoungGen: 29109K->0K(58368K)] [ParOldGen: 95156K->123925K(174592K)] 124265K->123925K(232960K) [PSPermGen: 2651K->2651K(21504K)], 0.1830760 secs] [Times: user=0.30 sys=0.00, real=0.18 secs] 
2014-07-10T14:43:10.520+0200: 36.252: [GC [PSYoungGen: 29156K->29116K(58368K)] 153081K->153041K(232960K), 0.0198026 secs] [Times: user=0.05 sys=0.00, real=0.02 secs] 
2014-07-10T14:43:10.540+0200: 36.272: [Full GC [PSYoungGen: 29116K->0K(58368K)] [ParOldGen: 123925K->152922K(174592K)] 153041K->152922K(232960K) [PSPermGen: 2651K->2651K(21504K)], 0.1915843 secs] [Times: user=0.36 sys=0.00, real=0.19 secs] 
2014-07-10T14:43:10.780+0200: 36.512: [Full GC [PSYoungGen: 29168K->7602K(58368K)] [ParOldGen: 152922K->174325K(174592K)] 182090K->181928K(232960K) [PSPermGen: 2651K->2651K(21504K)], 0.2134227 secs] [Times: user=0.34 sys=0.01, real=0.21 secs] 
2014-07-10T14:43:11.030+0200: 36.762: [Full GC [PSYoungGen: 29146K->29082K(58368K)] [ParOldGen: 174325K->174270K(174592K)] 203472K->203352K(232960K) [PSPermGen: 2651K->2651K(21504K)], 0.2139231 secs] [Times: user=0.37 sys=0.00, real=0.21 secs] 
2014-07-10T14:43:11.244+0200: 36.976: [Full GC [PSYoungGen: 29166K->29161K(58368K)] [ParOldGen: 174270K->174270K(174592K)] 203437K->203431K(232960K) [PSPermGen: 2651K->2651K(21504K)], 0.1303636 secs] [Times: user=0.25 sys=0.00, real=0.13 secs] 
2014-07-10T14:43:11.375+0200: 37.107: [Full GC [PSYoungGen: 29167K->29162K(58368K)] [ParOldGen: 174583K->174582K(174592K)] 203750K->203745K(232960K) [PSPermGen: 2651K->2651K(21504K)], 0.1483576 secs] [Times: user=0.30 sys=0.00, real=0.15 secs] 
2014-07-10T14:43:11.523+0200: 37.256: [Full GC [PSYoungGen: 29162K->0K(58368K)] [ParOldGen: 174582K->7387K(133632K)] 203745K->7387K(192000K) [PSPermGen: 2651K->2651K(21504K)], 0.0403724 secs] [Times: user=0.05 sys=0.00, real=0.04 secs] 
2014-07-10T14:43:11.613+0200: 37.345: [GC [PSYoungGen: 29178K->29114K(58368K)] 38716K->38651K(192000K), 0.0201233 secs] [Times: user=0.06 sys=0.00, real=0.02 secs] 
2014-07-10T14:43:11.679+0200: 37.411: [GC [PSYoungGen: 58263K->29084K(58368K)] 67800K->67716K(192000K), 0.0436776 secs] [Times: user=0.05 sys=0.02, real=0.04 secs] 
2014-07-10T14:43:11.772+0200: 37.504: [GC [PSYoungGen: 58257K->29120K(58368K)] 96888K->96828K(192000K), 0.0387985 secs] [Times: user=0.06 sys=0.00, real=0.04 secs] 
2014-07-10T14:43:11.859+0200: 37.591: [GC [PSYoungGen: 58285K->29116K(58368K)] 125992K->125921K(192000K), 0.0378240 secs] [Times: user=0.09 sys=0.00, real=0.04 secs] 
2014-07-10T14:43:11.897+0200: 37.629: [Full GC [PSYoungGen: 29116K->0K(58368K)] [ParOldGen: 96804K->125551K(174592K)] 125921K->125551K(232960K) [PSPermGen: 2651K->2651K(21504K)], 0.2300195 secs] [Times: user=0.31 sys=0.00, real=0.23 secs] 
2014-07-10T14:43:12.176+0200: 37.908: [GC [PSYoungGen: 29165K->29102K(58368K)] 154717K->154654K(232960K), 0.0285202 secs] [Times: user=0.02 sys=0.00, real=0.03 secs] 
2014-07-10T14:43:12.205+0200: 37.937: [Full GC [PSYoungGen: 29102K->0K(58368K)] [ParOldGen: 125551K->154553K(174592K)] 154654K->154553K(232960K) [PSPermGen: 2651K->2651K(21504K)], 0.2090210 secs] [Times: user=0.36 sys=0.00, real=0.21 secs] 
2014-07-10T14:43:12.463+0200: 38.195: [Full GC [PSYoungGen: 29146K->9131K(58368K)] [ParOldGen: 154553K->174406K(174592K)] 183700K->183537K(232960K) [PSPermGen: 2651K->2651K(21504K)], 0.2021064 secs] [Times: user=0.36 sys=0.00, real=0.20 secs] 
2014-07-10T14:43:12.699+0200: 38.431: [Full GC [PSYoungGen: 29162K->29102K(58368K)] [ParOldGen: 174406K->174354K(174592K)] 203569K->203456K(232960K) [PSPermGen: 2651K->2651K(21504K)], 0.2306904 secs] [Times: user=0.36 sys=0.00, real=0.23 secs] 
2014-07-10T14:43:12.930+0200: 38.662: [Full GC [PSYoungGen: 29145K->29142K(58368K)] [ParOldGen: 174354K->174353K(174592K)] 203499K->203495K(232960K) [PSPermGen: 2651K->2651K(21504K)], 0.1484654 secs] [Times: user=0.22 sys=0.00, real=0.15 secs] 
2014-07-10T14:43:13.079+0200: 38.811: [Full GC [PSYoungGen: 29184K->29182K(58368K)] [ParOldGen: 174353K->174353K(174592K)] 203537K->203535K(232960K) [PSPermGen: 2651K->2651K(21504K)], 0.1616383 secs] [Times: user=0.28 sys=0.01, real=0.16 secs] 
2014-07-10T14:43:13.241+0200: 38.973: [Full GC [PSYoungGen: 29184K->29182K(58368K)] [ParOldGen: 174588K->174588K(174592K)] 203772K->203770K(232960K) [PSPermGen: 2651K->2651K(21504K)], 0.1560241 secs] [Times: user=0.30 sys=0.00, real=0.16 secs] 
2014-07-10T14:43:13.397+0200: 39.129: [Full GC [PSYoungGen: 29182K->0K(58368K)] [ParOldGen: 174588K->7458K(133632K)] 203770K->7458K(192000K) [PSPermGen: 2651K->2651K(21504K)], 0.0619645 secs] [Times: user=0.05 sys=0.02, real=0.06 secs] 
2014-07-10T14:43:13.507+0200: 39.239: [GC [PSYoungGen: 29170K->29121K(58368K)] 38486K->38437K(192000K), 0.0195474 secs] [Times: user=0.03 sys=0.00, real=0.02 secs] 
2014-07-10T14:43:13.573+0200: 39.305: [GC [PSYoungGen: 58288K->29123K(58368K)] 67604K->67537K(192000K), 0.0361962 secs] [Times: user=0.06 sys=0.00, real=0.04 secs] 
2014-07-10T14:43:13.656+0200: 39.388: [GC [PSYoungGen: 58270K->29109K(58368K)] 96684K->96615K(192000K), 0.0372591 secs] [Times: user=0.09 sys=0.00, real=0.04 secs] 
2014-07-10T14:43:13.741+0200: 39.473: [GC [PSYoungGen: 58280K->29116K(58368K)] 125785K->125686K(192000K), 0.0470879 secs] [Times: user=0.08 sys=0.00, real=0.05 secs] 
2014-07-10T14:43:13.788+0200: 39.520: [Full GC [PSYoungGen: 29116K->0K(58368K)] [ParOldGen: 96569K->125322K(174592K)] 125686K->125322K(232960K) [PSPermGen: 2651K->2651K(21504K)], 0.1904166 secs] [Times: user=0.31 sys=0.00, real=0.19 secs] 
2014-07-10T14:43:14.026+0200: 39.758: [GC [PSYoungGen: 29169K->29120K(58368K)] 154492K->154442K(232960K), 0.0197061 secs] [Times: user=0.03 sys=0.00, real=0.02 secs] 
2014-07-10T14:43:14.046+0200: 39.778: [Full GC [PSYoungGen: 29120K->0K(58368K)] [ParOldGen: 125322K->154330K(174592K)] 154442K->154330K(232960K) [PSPermGen: 2651K->2651K(21504K)], 0.2015326 secs] [Times: user=0.36 sys=0.00, real=0.20 secs] 
2014-07-10T14:43:14.304+0200: 40.036: [Full GC [PSYoungGen: 29145K->9131K(58368K)] [ParOldGen: 154330K->174183K(174592K)] 183476K->183315K(232960K) [PSPermGen: 2651K->2651K(21504K)], 0.2102213 secs] [Times: user=0.37 sys=0.00, real=0.21 secs] 
2014-07-10T14:43:14.547+0200: 40.279: [Full GC [PSYoungGen: 29180K->29121K(58368K)] [ParOldGen: 174183K->174130K(174592K)] 203364K->203251K(232960K) [PSPermGen: 2651K->2651K(21504K)], 0.2176704 secs] [Times: user=0.39 sys=0.02, real=0.22 secs] 
2014-07-10T14:43:14.765+0200: 40.497: [Full GC [PSYoungGen: 29164K->29161K(58368K)] [ParOldGen: 174130K->174130K(174592K)] 203295K->203291K(232960K) [PSPermGen: 2651K->2651K(21504K)], 0.1268330 secs] [Times: user=0.19 sys=0.00, real=0.13 secs] 
2014-07-10T14:43:14.892+0200: 40.625: [Full GC [PSYoungGen: 29165K->29163K(58368K)] [ParOldGen: 174560K->174559K(174592K)] 203725K->203722K(232960K) [PSPermGen: 2651K->2651K(21504K)], 0.1569510 secs] [Times: user=0.31 sys=0.00, real=0.16 secs] 
2014-07-10T14:43:15.049+0200: 40.782: [Full GC [PSYoungGen: 29163K->0K(58368K)] [ParOldGen: 174559K->7487K(133632K)] 203722K->7487K(192000K) [PSPermGen: 2651K->2651K(21504K)], 0.0497691 secs] [Times: user=0.08 sys=0.00, real=0.05 secs] 
2014-07-10T14:43:15.147+0200: 40.879: [GC [PSYoungGen: 29165K->29100K(58368K)] 38684K->38619K(192000K), 0.0315426 secs] [Times: user=0.03 sys=0.00, real=0.03 secs] 
2014-07-10T14:43:15.225+0200: 40.957: [GC [PSYoungGen: 58246K->29097K(58368K)] 67765K->67707K(192000K), 0.0412659 secs] [Times: user=0.08 sys=0.00, real=0.04 secs] 
2014-07-10T14:43:15.313+0200: 41.045: [GC [PSYoungGen: 58242K->29077K(58368K)] 96852K->96760K(192000K), 0.0386658 secs] [Times: user=0.06 sys=0.00, real=0.04 secs] 
2014-07-10T14:43:15.399+0200: 41.131: [GC [PSYoungGen: 58244K->29123K(58368K)] 125927K->125869K(192000K), 0.0382742 secs] [Times: user=0.09 sys=0.00, real=0.04 secs] 
2014-07-10T14:43:15.437+0200: 41.170: [Full GC [PSYoungGen: 29123K->0K(58368K)] [ParOldGen: 96745K->125489K(174592K)] 125869K->125489K(232960K) [PSPermGen: 2651K->2651K(21504K)], 0.1727932 secs] [Times: user=0.28 sys=0.00, real=0.17 secs] 
2014-07-10T14:43:15.658+0200: 41.390: [GC [PSYoungGen: 29158K->29113K(58368K)] 154647K->154602K(232960K), 0.0194557 secs] [Times: user=0.03 sys=0.00, real=0.02 secs] 
2014-07-10T14:43:15.677+0200: 41.410: [Full GC [PSYoungGen: 29113K->0K(58368K)] [ParOldGen: 125489K->154483K(174592K)] 154602K->154483K(232960K) [PSPermGen: 2651K->2651K(21504K)], 0.2215097 secs] [Times: user=0.38 sys=0.00, real=0.22 secs] 
2014-07-10T14:43:15.948+0200: 41.680: [Full GC [PSYoungGen: 29145K->9115K(58368K)] [ParOldGen: 154483K->174353K(174592K)] 183629K->183468K(232960K) [PSPermGen: 2651K->2651K(21504K)], 0.2166673 secs] [Times: user=0.34 sys=0.00, real=0.22 secs] 
2014-07-10T14:43:16.199+0200: 41.931: [Full GC [PSYoungGen: 29165K->29105K(58368K)] [ParOldGen: 174353K->174300K(174592K)] 203519K->203406K(232960K) [PSPermGen: 2651K->2651K(21504K)], 0.2258377 secs] [Times: user=0.37 sys=0.00, real=0.23 secs] 
2014-07-10T14:43:16.425+0200: 42.157: [Full GC [PSYoungGen: 29148K->29145K(58368K)] [ParOldGen: 174300K->174300K(174592K)] 203449K->203446K(232960K) [PSPermGen: 2651K->2651K(21504K)], 0.1203595 secs] [Times: user=0.22 sys=0.00, real=0.12 secs] 
2014-07-10T14:43:16.546+0200: 42.278: [Full GC [PSYoungGen: 29151K->29147K(58368K)] [ParOldGen: 174574K->174573K(174592K)] 203726K->203720K(232960K) [PSPermGen: 2651K->2651K(21504K)], 0.1661082 secs] [Times: user=0.26 sys=0.00, real=0.17 secs] 
2014-07-10T14:43:16.712+0200: 42.445: [Full GC [PSYoungGen: 29147K->0K(58368K)] [ParOldGen: 174573K->7547K(133632K)] 203720K->7547K(192000K) [PSPermGen: 2651K->2651K(21504K)], 0.0445439 secs] [Times: user=0.09 sys=0.00, real=0.05 secs] 
2014-07-10T14:43:16.805+0200: 42.537: [GC [PSYoungGen: 29181K->29109K(58368K)] 38917K->38845K(192000K), 0.0231073 secs] [Times: user=0.02 sys=0.00, real=0.02 secs] 
2014-07-10T14:43:16.874+0200: 42.606: [GC [PSYoungGen: 58271K->29119K(58368K)] 68007K->67960K(192000K), 0.0381269 secs] [Times: user=0.06 sys=0.00, real=0.04 secs] 
2014-07-10T14:43:16.959+0200: 42.691: [GC [PSYoungGen: 58287K->29143K(58368K)] 97128K->97071K(192000K), 0.0370424 secs] [Times: user=0.08 sys=0.00, real=0.04 secs] 
2014-07-10T14:43:17.044+0200: 42.776: [GC [PSYoungGen: 58306K->29120K(58368K)] 126235K->126142K(192000K), 0.0369309 secs] [Times: user=0.06 sys=0.00, real=0.04 secs] 
2014-07-10T14:43:17.081+0200: 42.813: [Full GC [PSYoungGen: 29120K->0K(58368K)] [ParOldGen: 97021K->125749K(174592K)] 126142K->125749K(232960K) [PSPermGen: 2651K->2651K(21504K)], 0.1833168 secs] [Times: user=0.33 sys=0.00, real=0.18 secs] 
2014-07-10T14:43:17.312+0200: 43.044: [GC [PSYoungGen: 29158K->29128K(58368K)] 154907K->154877K(232960K), 0.0190220 secs] [Times: user=0.03 sys=0.00, real=0.02 secs] 
2014-07-10T14:43:17.331+0200: 43.064: [Full GC [PSYoungGen: 29128K->0K(58368K)] [ParOldGen: 125749K->154743K(174592K)] 154877K->154743K(232960K) [PSPermGen: 2651K->2651K(21504K)], 0.2194449 secs] [Times: user=0.36 sys=0.00, real=0.22 secs] 
2014-07-10T14:43:17.600+0200: 43.332: [Full GC [PSYoungGen: 29177K->9676K(58368K)] [ParOldGen: 154743K->174083K(174592K)] 183920K->183760K(232960K) [PSPermGen: 2651K->2651K(21504K)], 0.2073400 secs] [Times: user=0.39 sys=0.00, real=0.21 secs] 
2014-07-10T14:43:17.840+0200: 43.572: [Full GC [PSYoungGen: 29173K->28568K(58368K)] [ParOldGen: 174083K->174581K(174592K)] 203257K->203150K(232960K) [PSPermGen: 2651K->2651K(21504K)], 0.2310775 secs] [Times: user=0.39 sys=0.00, real=0.23 secs] 
2014-07-10T14:43:18.071+0200: 43.804: [Full GC [PSYoungGen: 29160K->29156K(58368K)] [ParOldGen: 174581K->174579K(174592K)] 203742K->203736K(232960K) [PSPermGen: 2651K->2651K(21504K)], 0.1863866 secs] [Times: user=0.36 sys=0.00, real=0.19 secs] 
2014-07-10T14:43:18.258+0200: 43.991: [Full GC [PSYoungGen: 29156K->0K(58368K)] [ParOldGen: 174579K->7603K(134144K)] 203736K->7603K(192512K) [PSPermGen: 2651K->2651K(21504K)], 0.0462968 secs] [Times: user=0.09 sys=0.00, real=0.05 secs] 
2014-07-10T14:43:18.354+0200: 44.086: [GC [PSYoungGen: 29178K->29123K(58368K)] 39243K->39189K(192512K), 0.0192181 secs] [Times: user=0.03 sys=0.00, real=0.02 secs] 
2014-07-10T14:43:18.419+0200: 44.151: [GC [PSYoungGen: 58282K->29087K(58368K)] 68347K->68252K(192512K), 0.0415413 secs] [Times: user=0.05 sys=0.00, real=0.04 secs] 
2014-07-10T14:43:18.507+0200: 44.240: [GC [PSYoungGen: 58252K->29123K(58368K)] 97417K->97376K(192512K), 0.0372143 secs] [Times: user=0.09 sys=0.00, real=0.04 secs] 
2014-07-10T14:43:18.593+0200: 44.325: [GC [PSYoungGen: 58270K->29103K(58368K)] 126522K->126448K(192512K), 0.0374046 secs] [Times: user=0.06 sys=0.00, real=0.04 secs] 
2014-07-10T14:43:18.630+0200: 44.363: [Full GC [PSYoungGen: 29103K->0K(58368K)] [ParOldGen: 97344K->126056K(174592K)] 126448K->126056K(232960K) [PSPermGen: 2651K->2651K(21504K)], 0.1904668 secs] [Times: user=0.37 sys=0.00, real=0.19 secs] 
2014-07-10T14:43:18.869+0200: 44.601: [GC [PSYoungGen: 29180K->29120K(58368K)] 155237K->155177K(232960K), 0.0192999 secs] [Times: user=0.03 sys=0.00, real=0.02 secs] 
2014-07-10T14:43:18.888+0200: 44.621: [Full GC [PSYoungGen: 29120K->0K(58368K)] [ParOldGen: 126056K->155074K(174592K)] 155177K->155074K(232960K) [PSPermGen: 2651K->2651K(21504K)], 0.2109571 secs] [Times: user=0.31 sys=0.00, real=0.21 secs] 
2014-07-10T14:43:19.162+0200: 44.894: [Full GC [PSYoungGen: 29179K->9680K(58368K)] [ParOldGen: 155074K->174408K(174592K)] 184253K->184088K(232960K) [PSPermGen: 2651K->2651K(21504K)], 0.2098440 secs] [Times: user=0.38 sys=0.00, real=0.21 secs] 
2014-07-10T14:43:19.405+0200: 45.138: [Full GC [PSYoungGen: 29177K->29118K(58368K)] [ParOldGen: 174408K->174354K(174592K)] 203586K->203473K(232960K) [PSPermGen: 2651K->2651K(21504K)], 0.2170427 secs] [Times: user=0.36 sys=0.00, real=0.22 secs] 
2014-07-10T14:43:19.622+0200: 45.355: [Full GC [PSYoungGen: 29164K->29159K(58368K)] [ParOldGen: 174354K->174354K(174592K)] 203518K->203513K(232960K) [PSPermGen: 2651K->2651K(21504K)], 0.1712472 secs] [Times: user=0.23 sys=0.00, real=0.17 secs] 
2014-07-10T14:43:19.794+0200: 45.527: [Full GC [PSYoungGen: 29165K->29160K(58368K)] [ParOldGen: 174589K->174588K(174592K)] 203754K->203748K(232960K) [PSPermGen: 2651K->2651K(21504K)], 0.1547131 secs] [Times: user=0.25 sys=0.00, real=0.15 secs] 
2014-07-10T14:43:19.949+0200: 45.682: [Full GC [PSYoungGen: 29160K->0K(58368K)] [ParOldGen: 174588K->7695K(134144K)] 203748K->7695K(192512K) [PSPermGen: 2651K->2651K(21504K)], 0.0671262 secs] [Times: user=0.09 sys=0.00, real=0.07 secs] 
2014-07-10T14:43:20.068+0200: 45.801: [GC [PSYoungGen: 29170K->29107K(58368K)] 39093K->39030K(192512K), 0.0195056 secs] [Times: user=0.05 sys=0.00, real=0.02 secs] 
2014-07-10T14:43:20.135+0200: 45.867: [GC [PSYoungGen: 58276K->29106K(58368K)] 68199K->68120K(192512K), 0.0390420 secs] [Times: user=0.05 sys=0.00, real=0.04 secs] 
2014-07-10T14:43:20.221+0200: 45.953: [GC [PSYoungGen: 58257K->29098K(58368K)] 97271K->97209K(192512K), 0.0373548 secs] [Times: user=0.09 sys=0.00, real=0.04 secs] 
2014-07-10T14:43:20.306+0200: 46.039: [GC [PSYoungGen: 58267K->29130K(58368K)] 126378K->126318K(192512K), 0.0373811 secs] [Times: user=0.06 sys=0.00, real=0.04 secs] 
2014-07-10T14:43:20.343+0200: 46.076: [Full GC [PSYoungGen: 29130K->0K(58368K)] [ParOldGen: 97187K->125917K(174592K)] 126318K->125917K(232960K) [PSPermGen: 2651K->2651K(21504K)], 0.2133332 secs] [Times: user=0.31 sys=0.00, real=0.21 secs] 
2014-07-10T14:43:20.608+0200: 46.339: [GC [PSYoungGen: 29149K->29096K(58368K)] 155067K->155013K(232960K), 0.0200940 secs] [Times: user=0.03 sys=0.00, real=0.02 secs] 
2014-07-10T14:43:20.628+0200: 46.360: [Full GC [PSYoungGen: 29096K->0K(58368K)] [ParOldGen: 125917K->154903K(174592K)] 155013K->154903K(232960K) [PSPermGen: 2651K->2651K(21504K)], 0.2607287 secs] [Times: user=0.26 sys=0.00, real=0.26 secs] 
2014-07-10T14:43:20.936+0200: 46.668: [Full GC [PSYoungGen: 29161K->9644K(58368K)] [ParOldGen: 154903K->174256K(174592K)] 184065K->183901K(232960K) [PSPermGen: 2651K->2651K(21504K)], 0.2169221 secs] [Times: user=0.36 sys=0.00, real=0.22 secs] 
2014-07-10T14:43:21.185+0200: 46.917: [Full GC [PSYoungGen: 29178K->29119K(58368K)] [ParOldGen: 174256K->174202K(174592K)] 203434K->203321K(232960K) [PSPermGen: 2651K->2651K(21504K)], 0.2280155 secs] [Times: user=0.41 sys=0.00, real=0.23 secs] 
2014-07-10T14:43:21.413+0200: 47.145: [Full GC [PSYoungGen: 29164K->29159K(58368K)] [ParOldGen: 174202K->174201K(174592K)] 203367K->203361K(232960K) [PSPermGen: 2651K->2651K(21504K)], 0.1249808 secs] [Times: user=0.20 sys=0.00, real=0.13 secs] 
2014-07-10T14:43:21.539+0200: 47.271: [Full GC [PSYoungGen: 29165K->29161K(58368K)] [ParOldGen: 174553K->174552K(174592K)] 203719K->203713K(232960K) [PSPermGen: 2651K->2651K(21504K)], 0.1727265 secs] [Times: user=0.31 sys=0.00, real=0.17 secs] 
2014-07-10T14:43:21.712+0200: 47.444: [Full GC [PSYoungGen: 29165K->29162K(58368K)] [ParOldGen: 174591K->174591K(174592K)] 203757K->203753K(232960K) [PSPermGen: 2651K->2651K(21504K)], 0.1587845 secs] [Times: user=0.23 sys=0.00, real=0.16 secs] 
2014-07-10T14:43:21.871+0200: 47.603: [Full GC [PSYoungGen: 29162K->0K(58368K)] [ParOldGen: 174591K->7745K(134144K)] 203753K->7745K(192512K) [PSPermGen: 2651K->2651K(21504K)], 0.0486248 secs] [Times: user=0.08 sys=0.00, real=0.05 secs] 
2014-07-10T14:43:21.984+0200: 47.716: [GC [PSYoungGen: 29163K->29110K(58368K)] 38980K->38927K(192512K), 0.0189795 secs] [Times: user=0.03 sys=0.00, real=0.02 secs] 
2014-07-10T14:43:22.050+0200: 47.782: [GC [PSYoungGen: 58264K->29079K(58368K)] 68081K->67982K(192512K), 0.0403974 secs] [Times: user=0.09 sys=0.00, real=0.04 secs] 
2014-07-10T14:43:22.139+0200: 47.871: [GC [PSYoungGen: 58242K->29116K(58368K)] 97145K->97099K(192512K), 0.0428765 secs] [Times: user=0.06 sys=0.00, real=0.04 secs] 
2014-07-10T14:43:22.230+0200: 47.962: [GC [PSYoungGen: 58282K->29122K(58368K)] 126264K->126189K(192512K), 0.0373342 secs] [Times: user=0.06 sys=0.00, real=0.04 secs] 
2014-07-10T14:43:22.267+0200: 47.999: [Full GC [PSYoungGen: 29122K->0K(58368K)] [ParOldGen: 97066K->125800K(174592K)] 126189K->125800K(232960K) [PSPermGen: 2651K->2651K(21504K)], 0.1835317 secs] [Times: user=0.34 sys=0.00, real=0.18 secs] 
2014-07-10T14:43:22.500+0200: 48.232: [GC [PSYoungGen: 29177K->29123K(58368K)] 154978K->154924K(232960K), 0.0207726 secs] [Times: user=0.06 sys=0.00, real=0.02 secs] 
2014-07-10T14:43:22.521+0200: 48.253: [Full GC [PSYoungGen: 29123K->0K(58368K)] [ParOldGen: 125800K->154814K(174592K)] 154924K->154814K(232960K) [PSPermGen: 2651K->2651K(21504K)], 0.1899080 secs] [Times: user=0.34 sys=0.00, real=0.19 secs] 
2014-07-10T14:43:22.759+0200: 48.491: [Full GC [PSYoungGen: 29165K->9679K(58368K)] [ParOldGen: 154814K->174135K(174592K)] 183980K->183814K(232960K) [PSPermGen: 2651K->2651K(21504K)], 0.2110374 secs] [Times: user=0.31 sys=0.00, real=0.21 secs] 
2014-07-10T14:43:23.017+0200: 48.749: [Full GC [PSYoungGen: 29165K->29107K(58368K)] [ParOldGen: 174135K->174081K(174592K)] 203300K->203188K(232960K) [PSPermGen: 2651K->2651K(21504K)], 0.2263833 secs] [Times: user=0.40 sys=0.00, real=0.23 secs] 
2014-07-10T14:43:23.244+0200: 48.976: [Full GC [PSYoungGen: 29150K->29147K(58368K)] [ParOldGen: 174081K->174081K(174592K)] 203231K->203228K(232960K) [PSPermGen: 2651K->2651K(21504K)], 0.1236148 secs] [Times: user=0.20 sys=0.00, real=0.12 secs] 
2014-07-10T14:43:23.368+0200: 49.100: [Full GC [PSYoungGen: 29153K->29148K(58368K)] [ParOldGen: 174589K->174587K(174592K)] 203742K->203736K(232960K) [PSPermGen: 2651K->2651K(21504K)], 0.1618495 secs] [Times: user=0.28 sys=0.00, real=0.16 secs] 
2014-07-10T14:43:23.530+0200: 49.262: [Full GC [PSYoungGen: 29148K->0K(58368K)] [ParOldGen: 174587K->7753K(134144K)] 203736K->7753K(192512K) [PSPermGen: 2651K->2651K(21504K)], 0.0724603 secs] [Times: user=0.08 sys=0.00, real=0.07 secs] 
2014-07-10T14:43:23.652+0200: 49.384: [GC [PSYoungGen: 29184K->29122K(58368K)] 38891K->38830K(192512K), 0.0195774 secs] [Times: user=0.03 sys=0.00, real=0.02 secs] 
2014-07-10T14:43:23.719+0200: 49.451: [GC [PSYoungGen: 58289K->29123K(58368K)] 67996K->67942K(192512K), 0.0367997 secs] [Times: user=0.09 sys=0.00, real=0.04 secs] 
2014-07-10T14:43:23.802+0200: 49.534: [GC [PSYoungGen: 58288K->29123K(58368K)] 97106K->97034K(192512K), 0.0370549 secs] [Times: user=0.06 sys=0.00, real=0.04 secs] 
2014-07-10T14:43:23.887+0200: 49.619: [GC [PSYoungGen: 58291K->29123K(58368K)] 126202K->126125K(192512K), 0.0376231 secs] [Times: user=0.06 sys=0.00, real=0.04 secs] 
2014-07-10T14:43:23.925+0200: 49.657: [Full GC [PSYoungGen: 29123K->0K(58368K)] [ParOldGen: 97002K->125723K(174592K)] 126125K->125723K(232960K) [PSPermGen: 2651K->2651K(21504K)], 0.2022952 secs] [Times: user=0.33 sys=0.00, real=0.20 secs] 
2014-07-10T14:43:24.176+0200: 49.908: [GC [PSYoungGen: 29181K->29146K(58368K)] 154905K->154870K(232960K), 0.0200603 secs] [Times: user=0.03 sys=0.00, real=0.02 secs] 
2014-07-10T14:43:24.196+0200: 49.928: [Full GC [PSYoungGen: 29146K->0K(58368K)] [ParOldGen: 125723K->154739K(174592K)] 154870K->154739K(232960K) [PSPermGen: 2651K->2651K(21504K)], 0.1940124 secs] [Times: user=0.36 sys=0.00, real=0.19 secs] 
2014-07-10T14:43:24.439+0200: 50.171: [Full GC [PSYoungGen: 29183K->9188K(58368K)] [ParOldGen: 154739K->174570K(174592K)] 183923K->183758K(232960K) [PSPermGen: 2651K->2651K(21504K)], 0.2106349 secs] [Times: user=0.37 sys=0.00, real=0.21 secs] 
2014-07-10T14:43:24.685+0200: 50.417: [Full GC [PSYoungGen: 29174K->29115K(58368K)] [ParOldGen: 174570K->174515K(174592K)] 203745K->203631K(232960K) [PSPermGen: 2651K->2651K(21504K)], 0.2270194 secs] [Times: user=0.41 sys=0.00, real=0.23 secs] 
2014-07-10T14:43:24.912+0200: 50.644: [Full GC [PSYoungGen: 29158K->29155K(58368K)] [ParOldGen: 174515K->174515K(174592K)] 203674K->203671K(232960K) [PSPermGen: 2651K->2651K(21504K)], 0.1284407 secs] [Times: user=0.20 sys=0.01, real=0.13 secs] 
2014-07-10T14:43:25.041+0200: 50.773: [Full GC [PSYoungGen: 29159K->29156K(58368K)] [ParOldGen: 174554K->174554K(174592K)] 203714K->203710K(232960K) [PSPermGen: 2651K->2651K(21504K)], 0.1532162 secs] [Times: user=0.19 sys=0.00, real=0.15 secs] 
2014-07-10T14:43:25.194+0200: 50.926: [Full GC [PSYoungGen: 29156K->0K(58368K)] [ParOldGen: 174554K->7794K(134144K)] 203710K->7794K(192512K) [PSPermGen: 2651K->2651K(21504K)], 0.0647604 secs] [Times: user=0.09 sys=0.00, real=0.07 secs] 
2014-07-10T14:43:25.308+0200: 51.040: [GC [PSYoungGen: 29176K->29128K(58368K)] 39393K->39345K(192512K), 0.0195877 secs] [Times: user=0.06 sys=0.00, real=0.02 secs] 
2014-07-10T14:43:25.375+0200: 51.107: [GC [PSYoungGen: 58292K->29105K(58368K)] 68509K->68422K(192512K), 0.0378332 secs] [Times: user=0.06 sys=0.00, real=0.04 secs] 
2014-07-10T14:43:25.460+0200: 51.192: [GC [PSYoungGen: 58272K->29124K(58368K)] 97589K->97530K(192512K), 0.0372979 secs] [Times: user=0.06 sys=0.00, real=0.04 secs] 
2014-07-10T14:43:25.544+0200: 51.276: [GC [PSYoungGen: 58286K->29119K(58368K)] 126692K->126618K(192512K), 0.0386456 secs] [Times: user=0.09 sys=0.00, real=0.04 secs] 
2014-07-10T14:43:25.584+0200: 51.316: [Full GC [PSYoungGen: 29119K->0K(58368K)] [ParOldGen: 97498K->126215K(174592K)] 126618K->126215K(232960K) [PSPermGen: 2651K->2651K(21504K)], 0.2106235 secs] [Times: user=0.33 sys=0.00, real=0.21 secs] 
2014-07-10T14:43:25.843+0200: 51.575: [GC [PSYoungGen: 29177K->29114K(58368K)] 155393K->155329K(232960K), 0.0195364 secs] [Times: user=0.03 sys=0.00, real=0.02 secs] 
2014-07-10T14:43:25.862+0200: 51.594: [Full GC [PSYoungGen: 29114K->0K(58368K)] [ParOldGen: 126215K->155226K(174592K)] 155329K->155226K(232960K) [PSPermGen: 2651K->2651K(21504K)], 0.2008507 secs] [Times: user=0.39 sys=0.02, real=0.20 secs] 
2014-07-10T14:43:26.113+0200: 51.845: [Full GC [PSYoungGen: 29174K->9679K(58368K)] [ParOldGen: 155226K->174554K(174592K)] 184400K->184234K(232960K) [PSPermGen: 2651K->2651K(21504K)], 0.2053107 secs] [Times: user=0.33 sys=0.00, real=0.21 secs] 
2014-07-10T14:43:26.352+0200: 52.084: [Full GC [PSYoungGen: 29170K->29112K(58368K)] [ParOldGen: 174554K->174501K(174592K)] 203725K->203613K(232960K) [PSPermGen: 2651K->2651K(21504K)], 0.2073774 secs] [Times: user=0.39 sys=0.00, real=0.21 secs] 
2014-07-10T14:43:26.560+0200: 52.292: [Full GC [PSYoungGen: 29155K->29152K(58368K)] [ParOldGen: 174501K->174500K(174592K)] 203656K->203653K(232960K) [PSPermGen: 2651K->2651K(21504K)], 0.1344904 secs] [Times: user=0.22 sys=0.00, real=0.13 secs] 
2014-07-10T14:43:26.694+0200: 52.427: [Full GC [PSYoungGen: 29156K->29153K(58368K)] [ParOldGen: 174579K->174578K(174592K)] 203735K->203732K(232960K) [PSPermGen: 2651K->2651K(21504K)], 0.1463408 secs] [Times: user=0.23 sys=0.00, real=0.15 secs] 
2014-07-10T14:43:26.841+0200: 52.573: [Full GC [PSYoungGen: 29153K->0K(58368K)] [ParOldGen: 174578K->7873K(134144K)] 203732K->7873K(192512K) [PSPermGen: 2651K->2651K(21504K)], 0.0491898 secs] [Times: user=0.06 sys=0.02, real=0.05 secs] 
2014-07-10T14:43:26.951+0200: 52.683: [GC [PSYoungGen: 29160K->29116K(58368K)] 39418K->39374K(192512K), 0.0192057 secs] [Times: user=0.03 sys=0.00, real=0.02 secs] 
2014-07-10T14:43:27.016+0200: 52.748: [GC [PSYoungGen: 58289K->29111K(58368K)] 68546K->68444K(192512K), 0.0383516 secs] [Times: user=0.06 sys=0.00, real=0.04 secs] 
2014-07-10T14:43:27.101+0200: 52.833: [GC [PSYoungGen: 58286K->29123K(58368K)] 97619K->97557K(192512K), 0.0373965 secs] [Times: user=0.09 sys=0.00, real=0.04 secs] 
2014-07-10T14:43:27.186+0200: 52.918: [GC [PSYoungGen: 58276K->29077K(58368K)] 126709K->126612K(192512K), 0.0374288 secs] [Times: user=0.06 sys=0.00, real=0.04 secs] 
2014-07-10T14:43:27.223+0200: 52.956: [Full GC [PSYoungGen: 29077K->0K(58368K)] [ParOldGen: 97534K->126243K(174592K)] 126612K->126243K(232960K) [PSPermGen: 2651K->2651K(21504K)], 0.1909115 secs] [Times: user=0.34 sys=0.00, real=0.19 secs] 
2014-07-10T14:43:27.463+0200: 53.195: [GC [PSYoungGen: 29178K->29152K(58368K)] 155421K->155395K(232960K), 0.0197674 secs] [Times: user=0.06 sys=0.00, real=0.02 secs] 
2014-07-10T14:43:27.483+0200: 53.215: [Full GC [PSYoungGen: 29152K->0K(58368K)] [ParOldGen: 126243K->155255K(174592K)] 155395K->155255K(232960K) [PSPermGen: 2651K->2651K(21504K)], 0.1963035 secs] [Times: user=0.33 sys=0.00, real=0.20 secs] 
2014-07-10T14:43:27.728+0200: 53.460: [Full GC [PSYoungGen: 29169K->9680K(58368K)] [ParOldGen: 155255K->174577K(174592K)] 184424K->184257K(232960K) [PSPermGen: 2651K->2651K(21504K)], 0.2264540 secs] [Times: user=0.44 sys=0.00, real=0.23 secs] 
2014-07-10T14:43:27.988+0200: 53.720: [Full GC [PSYoungGen: 29182K->29124K(58368K)] [ParOldGen: 174577K->174522K(174592K)] 203759K->203647K(232960K) [PSPermGen: 2651K->2651K(21504K)], 0.2191772 secs] [Times: user=0.39 sys=0.00, real=0.22 secs] 
2014-07-10T14:43:28.207+0200: 53.939: [Full GC [PSYoungGen: 29167K->29164K(58368K)] [ParOldGen: 174522K->174522K(174592K)] 203690K->203687K(232960K) [PSPermGen: 2651K->2651K(21504K)], 0.1331368 secs] [Times: user=0.26 sys=0.00, real=0.13 secs] 
2014-07-10T14:43:28.341+0200: 54.073: [Full GC [PSYoungGen: 29168K->29165K(58368K)] [ParOldGen: 174561K->174561K(174592K)] 203730K->203726K(232960K) [PSPermGen: 2651K->2651K(21504K)], 0.1336515 secs] [Times: user=0.20 sys=0.00, real=0.13 secs] 
2014-07-10T14:43:28.475+0200: 54.207: [Full GC [PSYoungGen: 29165K->0K(58368K)] [ParOldGen: 174561K->7869K(134144K)] 203726K->7869K(192512K) [PSPermGen: 2651K->2651K(21504K)], 0.0539801 secs] [Times: user=0.08 sys=0.02, real=0.06 secs] 
2014-07-10T14:43:28.578+0200: 54.310: [GC [PSYoungGen: 29184K->29123K(58368K)] 38968K->38908K(192512K), 0.0197872 secs] [Times: user=0.03 sys=0.00, real=0.02 secs] 
2014-07-10T14:43:28.645+0200: 54.377: [GC [PSYoungGen: 58305K->29149K(58368K)] 68090K->68043K(192512K), 0.0390464 secs] [Times: user=0.09 sys=0.00, real=0.04 secs] 
2014-07-10T14:43:28.730+0200: 54.462: [GC [PSYoungGen: 58314K->29116K(58368K)] 97208K->97119K(192512K), 0.0496899 secs] [Times: user=0.08 sys=0.00, real=0.05 secs] 
2014-07-10T14:43:28.828+0200: 54.560: [GC [PSYoungGen: 58292K->29109K(58368K)] 126295K->126204K(192512K), 0.0377181 secs] [Times: user=0.05 sys=0.00, real=0.04 secs] 
2014-07-10T14:43:28.866+0200: 54.598: [Full GC [PSYoungGen: 29109K->0K(58368K)] [ParOldGen: 97094K->125819K(174592K)] 126204K->125819K(232960K) [PSPermGen: 2651K->2651K(21504K)], 0.1836241 secs] [Times: user=0.33 sys=0.00, real=0.18 secs] 
2014-07-10T14:43:29.098+0200: 54.830: [GC [PSYoungGen: 29149K->29075K(58368K)] 154969K->154895K(232960K), 0.0205501 secs] [Times: user=0.06 sys=0.00, real=0.02 secs] 
2014-07-10T14:43:29.119+0200: 54.851: [Full GC [PSYoungGen: 29075K->0K(58368K)] [ParOldGen: 125819K->154803K(174592K)] 154895K->154803K(232960K) [PSPermGen: 2651K->2651K(21504K)], 0.1978865 secs] [Times: user=0.38 sys=0.00, real=0.20 secs] 
2014-07-10T14:43:29.365+0200: 55.097: [Full GC [PSYoungGen: 29153K->9666K(58368K)] [ParOldGen: 154803K->174124K(174592K)] 183957K->183791K(232960K) [PSPermGen: 2651K->2651K(21504K)], 0.2337535 secs] [Times: user=0.41 sys=0.02, real=0.23 secs] 
2014-07-10T14:43:29.631+0200: 55.363: [Full GC [PSYoungGen: 29172K->29113K(58368K)] [ParOldGen: 174124K->174069K(174592K)] 203296K->203183K(232960K) [PSPermGen: 2651K->2651K(21504K)], 0.2411084 secs] [Times: user=0.44 sys=0.00, real=0.24 secs] 
2014-07-10T14:43:29.872+0200: 55.605: [Full GC [PSYoungGen: 29156K->29153K(58368K)] [ParOldGen: 174069K->174069K(174592K)] 203226K->203223K(232960K) [PSPermGen: 2651K->2651K(21504K)], 0.1176872 secs] [Times: user=0.20 sys=0.00, real=0.12 secs] 
2014-07-10T14:43:29.990+0200: 55.723: [Full GC [PSYoungGen: 29159K->29155K(58368K)] [ParOldGen: 174577K->174576K(174592K)] 203737K->203731K(232960K) [PSPermGen: 2651K->2651K(21504K)], 0.1909394 secs] [Times: user=0.33 sys=0.01, real=0.19 secs] 
2014-07-10T14:43:30.182+0200: 55.914: [Full GC [PSYoungGen: 29155K->0K(58368K)] [ParOldGen: 174576K->7899K(134144K)] 203731K->7899K(192512K) [PSPermGen: 2651K->2651K(21504K)], 0.0526918 secs] [Times: user=0.08 sys=0.00, real=0.05 secs] 
2014-07-10T14:43:30.283+0200: 56.015: [GC [PSYoungGen: 29171K->29120K(58368K)] 39024K->38974K(192512K), 0.0193553 secs] [Times: user=0.03 sys=0.00, real=0.02 secs] 
2014-07-10T14:43:30.348+0200: 56.080: [GC [PSYoungGen: 58271K->29084K(58368K)] 68125K->68027K(192512K), 0.0491256 secs] [Times: user=0.09 sys=0.00, real=0.05 secs] 
2014-07-10T14:43:30.444+0200: 56.176: [GC [PSYoungGen: 58252K->29122K(58368K)] 97194K->97142K(192512K), 0.0376616 secs] [Times: user=0.06 sys=0.00, real=0.04 secs] 
2014-07-10T14:43:30.530+0200: 56.262: [GC [PSYoungGen: 58291K->29101K(58368K)] 126312K->126212K(192512K), 0.0388337 secs] [Times: user=0.08 sys=0.00, real=0.04 secs] 
2014-07-10T14:43:30.569+0200: 56.301: [Full GC [PSYoungGen: 29101K->0K(58368K)] [ParOldGen: 97110K->125842K(174592K)] 126212K->125842K(232960K) [PSPermGen: 2651K->2651K(21504K)], 0.2115302 secs] [Times: user=0.27 sys=0.00, real=0.21 secs] 
2014-07-10T14:43:30.827+0200: 56.560: [GC [PSYoungGen: 29151K->29101K(58368K)] 154994K->154943K(232960K), 0.0197857 secs] [Times: user=0.03 sys=0.00, real=0.02 secs] 
2014-07-10T14:43:30.847+0200: 56.580: [Full GC [PSYoungGen: 29101K->0K(58368K)] [ParOldGen: 125842K->154827K(174592K)] 154943K->154827K(232960K) [PSPermGen: 2651K->2651K(21504K)], 0.2187365 secs] [Times: user=0.33 sys=0.02, real=0.22 secs] 
2014-07-10T14:43:31.114+0200: 56.847: [Full GC [PSYoungGen: 29155K->9634K(58368K)] [ParOldGen: 154827K->174179K(174592K)] 183982K->183814K(232960K) [PSPermGen: 2651K->2651K(21504K)], 0.2258363 secs] [Times: user=0.36 sys=0.00, real=0.23 secs] 
2014-07-10T14:43:31.372+0200: 57.105: [Full GC [PSYoungGen: 29180K->29122K(58368K)] [ParOldGen: 174179K->174123K(174592K)] 203360K->203245K(232960K) [PSPermGen: 2651K->2651K(21504K)], 0.2197165 secs] [Times: user=0.41 sys=0.00, real=0.22 secs] 
2014-07-10T14:43:31.592+0200: 57.325: [Full GC [PSYoungGen: 29165K->29162K(58368K)] [ParOldGen: 174123K->174122K(174592K)] 203288K->203285K(232960K) [PSPermGen: 2651K->2651K(21504K)], 0.1479939 secs] [Times: user=0.30 sys=0.00, real=0.15 secs] 
2014-07-10T14:43:31.740+0200: 57.474: [Full GC [PSYoungGen: 29168K->29164K(58368K)] [ParOldGen: 174591K->174590K(174592K)] 203760K->203754K(232960K) [PSPermGen: 2651K->2651K(21504K)], 0.2006329 secs] [Times: user=0.28 sys=0.00, real=0.20 secs] 
2014-07-10T14:43:31.941+0200: 57.675: [Full GC [PSYoungGen: 29164K->0K(58368K)] [ParOldGen: 174590K->7966K(134144K)] 203754K->7966K(192512K) [PSPermGen: 2651K->2651K(21504K)], 0.0466714 secs] [Times: user=0.06 sys=0.01, real=0.05 secs] 
2014-07-10T14:43:32.036+0200: 57.769: [GC [PSYoungGen: 29169K->29116K(58368K)] 39129K->39076K(192512K), 0.0189340 secs] [Times: user=0.03 sys=0.00, real=0.02 secs] 
2014-07-10T14:43:32.102+0200: 57.835: [GC [PSYoungGen: 58297K->29123K(58368K)] 68257K->68171K(192512K), 0.0366362 secs] [Times: user=0.06 sys=0.00, real=0.04 secs] 
2014-07-10T14:43:32.186+0200: 57.919: [GC [PSYoungGen: 58307K->29148K(58368K)] 97354K->97302K(192512K), 0.0379113 secs] [Times: user=0.09 sys=0.00, real=0.04 secs] 
2014-07-10T14:43:32.272+0200: 58.005: [GC [PSYoungGen: 58298K->29116K(58368K)] 126451K->126375K(192512K), 0.0370867 secs] [Times: user=0.05 sys=0.00, real=0.04 secs] 
2014-07-10T14:43:32.309+0200: 58.042: [Full GC [PSYoungGen: 29116K->0K(58368K)] [ParOldGen: 97258K->125969K(174592K)] 126375K->125969K(232960K) [PSPermGen: 2651K->2651K(21504K)], 0.2000012 secs] [Times: user=0.30 sys=0.00, real=0.20 secs] 
2014-07-10T14:43:32.558+0200: 58.291: [GC [PSYoungGen: 29167K->29147K(58368K)] 155136K->155116K(232960K), 0.0222010 secs] [Times: user=0.03 sys=0.02, real=0.02 secs] 
2014-07-10T14:43:32.580+0200: 58.313: [Full GC [PSYoungGen: 29147K->0K(58368K)] [ParOldGen: 125969K->154968K(174592K)] 155116K->154968K(232960K) [PSPermGen: 2651K->2651K(21504K)], 0.2181250 secs] [Times: user=0.34 sys=0.00, real=0.22 secs] 
2014-07-10T14:43:32.847+0200: 58.580: [Full GC [PSYoungGen: 29176K->9678K(58368K)] [ParOldGen: 154968K->174295K(174592K)] 184144K->183973K(232960K) [PSPermGen: 2651K->2651K(21504K)], 0.2076678 secs] [Times: user=0.34 sys=0.00, real=0.21 secs] 
2014-07-10T14:43:33.087+0200: 58.820: [Full GC [PSYoungGen: 29161K->29104K(58368K)] [ParOldGen: 174295K->174239K(174592K)] 203456K->203344K(232960K) [PSPermGen: 2651K->2651K(21504K)], 0.2152268 secs] [Times: user=0.37 sys=0.00, real=0.22 secs] 
2014-07-10T14:43:33.302+0200: 59.036: [Full GC [PSYoungGen: 29147K->29144K(58368K)] [ParOldGen: 174239K->174239K(174592K)] 203387K->203384K(232960K) [PSPermGen: 2651K->2651K(21504K)], 0.1256312 secs] [Times: user=0.22 sys=0.00, real=0.13 secs] 
2014-07-10T14:43:33.428+0200: 59.162: [Full GC [PSYoungGen: 29184K->29183K(58368K)] [ParOldGen: 174239K->174239K(174592K)] 203423K->203423K(232960K) [PSPermGen: 2651K->2651K(21504K)], 0.0440768 secs] [Times: user=0.06 sys=0.00, real=0.04 secs] 
2014-07-10T14:43:33.473+0200: 59.206: [Full GC [PSYoungGen: 29184K->29183K(58368K)] [ParOldGen: 174514K->174513K(174592K)] 203698K->203697K(232960K) [PSPermGen: 2651K->2651K(21504K)], 0.1694654 secs] [Times: user=0.26 sys=0.00, real=0.17 secs] 
2014-07-10T14:43:33.644+0200: 59.376: [Full GC [PSYoungGen: 29184K->29183K(58368K)] [ParOldGen: 174553K->174552K(174592K)] 203737K->203736K(232960K) [PSPermGen: 2651K->2651K(21504K)], 0.1573814 secs] [Times: user=0.27 sys=0.00, real=0.16 secs] 
2014-07-10T14:43:33.802+0200: 59.534: [Full GC [PSYoungGen: 29184K->29183K(58368K)] [ParOldGen: 174592K->174591K(174592K)] 203776K->203775K(232960K) [PSPermGen: 2651K->2651K(21504K)], 0.0441315 secs] [Times: user=0.06 sys=0.00, real=0.04 secs] 
2014-07-10T14:43:33.846+0200: 59.579: [Full GC [PSYoungGen: 29184K->29183K(58368K)] [ParOldGen: 174591K->174591K(174592K)] 203775K->203775K(232960K) [PSPermGen: 2651K->2651K(21504K)], 0.1268026 secs] [Times: user=0.23 sys=0.00, real=0.13 secs] 
2014-07-10T14:43:33.973+0200: 59.706: [Full GC [PSYoungGen: 29183K->29183K(58368K)] [ParOldGen: 174591K->174591K(174592K)] 203775K->203775K(232960K) [PSPermGen: 2651K->2651K(21504K)], 0.0417686 secs] [Times: user=0.06 sys=0.00, real=0.04 secs] 
2014-07-10T14:43:34.016+0200: 59.748: [Full GC [PSYoungGen: 29183K->29183K(58368K)] [ParOldGen: 174592K->174592K(174592K)] 203775K->203775K(232960K) [PSPermGen: 2651K->2651K(21504K)], 0.0580896 secs] [Times: user=0.08 sys=0.00, real=0.06 secs] 
2014-07-10T14:43:34.074+0200: 59.807: [Full GC [PSYoungGen: 29183K->0K(58368K)] [ParOldGen: 174592K->7953K(134144K)] 203775K->7953K(192512K) [PSPermGen: 2651K->2651K(21504K)], 0.0500360 secs] [Times: user=0.09 sys=0.00, real=0.05 secs] 
2014-07-10T14:43:34.171+0200: 59.903: [GC [PSYoungGen: 29184K->29155K(58368K)] 37724K->37696K(192512K), 0.0259421 secs] [Times: user=0.05 sys=0.00, real=0.03 secs] 
2014-07-10T14:43:34.243+0200: 59.975: [GC [PSYoungGen: 58315K->29112K(58368K)] 66855K->66764K(192512K), 0.0369166 secs] [Times: user=0.06 sys=0.00, real=0.04 secs] 
2014-07-10T14:43:34.327+0200: 60.059: [GC [PSYoungGen: 58294K->29155K(58368K)] 95946K->95895K(192512K), 0.0386559 secs] [Times: user=0.08 sys=0.00, real=0.04 secs] 
2014-07-10T14:43:34.414+0200: 60.146: [GC [PSYoungGen: 58324K->29122K(58368K)] 125063K->124966K(192512K), 0.0388257 secs] [Times: user=0.08 sys=0.00, real=0.04 secs] 
2014-07-10T14:43:34.453+0200: 60.185: [Full GC [PSYoungGen: 29122K->0K(58368K)] [ParOldGen: 95844K->124564K(174592K)] 124966K->124564K(232960K) [PSPermGen: 2651K->2651K(21504K)], 0.1827280 secs] [Times: user=0.33 sys=0.00, real=0.18 secs] 
2014-07-10T14:43:34.683+0200: 60.415: [GC [PSYoungGen: 29179K->29123K(58368K)] 153743K->153687K(232960K), 0.0194532 secs] [Times: user=0.03 sys=0.00, real=0.02 secs] 
2014-07-10T14:43:34.703+0200: 60.435: [Full GC [PSYoungGen: 29123K->0K(58368K)] [ParOldGen: 124564K->153576K(174592K)] 153687K->153576K(232960K) [PSPermGen: 2651K->2651K(21504K)], 0.2097667 secs] [Times: user=0.39 sys=0.00, real=0.21 secs] 
2014-07-10T14:43:34.962+0200: 60.694: [Full GC [PSYoungGen: 29168K->8152K(58368K)] [ParOldGen: 153576K->174425K(174592K)] 182745K->182577K(232960K) [PSPermGen: 2651K->2651K(21504K)], 0.2315351 secs] [Times: user=0.39 sys=0.00, real=0.23 secs] 
2014-07-10T14:43:35.229+0200: 60.961: [Full GC [PSYoungGen: 29184K->29121K(58368K)] [ParOldGen: 174425K->174365K(174592K)] 203609K->203486K(232960K) [PSPermGen: 2651K->2651K(21504K)], 0.2323255 secs] [Times: user=0.37 sys=0.02, real=0.23 secs] 
2014-07-10T14:43:35.462+0200: 61.194: [Full GC [PSYoungGen: 29166K->29161K(58368K)] [ParOldGen: 174365K->174364K(174592K)] 203531K->203526K(232960K) [PSPermGen: 2651K->2651K(21504K)], 0.1331573 secs] [Times: user=0.23 sys=0.00, real=0.13 secs] 
2014-07-10T14:43:35.595+0200: 61.328: [Full GC [PSYoungGen: 29167K->29162K(58368K)] [ParOldGen: 174560K->174559K(174592K)] 203728K->203722K(232960K) [PSPermGen: 2651K->2651K(21504K)], 0.1479895 secs] [Times: user=0.22 sys=0.00, real=0.15 secs] 
2014-07-10T14:43:35.743+0200: 61.476: [Full GC [PSYoungGen: 29162K->0K(58368K)] [ParOldGen: 174559K->8015K(134144K)] 203722K->8015K(192512K) [PSPermGen: 2651K->2651K(21504K)], 0.0538646 secs] [Times: user=0.08 sys=0.02, real=0.05 secs] 
2014-07-10T14:43:35.847+0200: 61.580: [GC [PSYoungGen: 29170K->29106K(58368K)] 39453K->39388K(192512K), 0.0191551 secs] [Times: user=0.03 sys=0.00, real=0.02 secs] 
2014-07-10T14:43:35.912+0200: 61.645: [GC [PSYoungGen: 58260K->29113K(58368K)] 68542K->68487K(192512K), 0.0445769 secs] [Times: user=0.08 sys=0.00, real=0.05 secs] 
2014-07-10T14:43:36.004+0200: 61.736: [GC [PSYoungGen: 58270K->29114K(58368K)] 97644K->97570K(192512K), 0.0550514 secs] [Times: user=0.08 sys=0.00, real=0.06 secs] 
2014-07-10T14:43:36.106+0200: 61.838: [GC [PSYoungGen: 58292K->29123K(58368K)] 126747K->126662K(192512K), 0.0369940 secs] [Times: user=0.09 sys=0.00, real=0.04 secs] 
2014-07-10T14:43:36.143+0200: 61.876: [Full GC [PSYoungGen: 29123K->0K(58368K)] [ParOldGen: 97538K->126260K(174592K)] 126662K->126260K(232960K) [PSPermGen: 2651K->2651K(21504K)], 0.1939681 secs] [Times: user=0.28 sys=0.00, real=0.19 secs] 
2014-07-10T14:43:36.385+0200: 62.117: [GC [PSYoungGen: 29152K->29117K(58368K)] 155413K->155378K(232960K), 0.0204078 secs] [Times: user=0.06 sys=0.00, real=0.02 secs] 
2014-07-10T14:43:36.405+0200: 62.138: [Full GC [PSYoungGen: 29117K->0K(58368K)] [ParOldGen: 126260K->155245K(174592K)] 155378K->155245K(232960K) [PSPermGen: 2651K->2651K(21504K)], 0.1982565 secs] [Times: user=0.36 sys=0.00, real=0.20 secs] 
2014-07-10T14:43:36.653+0200: 62.386: [Full GC [PSYoungGen: 29172K->9657K(58368K)] [ParOldGen: 155245K->174591K(174592K)] 184417K->184248K(232960K) [PSPermGen: 2651K->2651K(21504K)], 0.2224497 secs] [Times: user=0.34 sys=0.03, real=0.22 secs] 
2014-07-10T14:43:36.909+0200: 62.641: [Full GC [PSYoungGen: 29171K->29113K(58368K)] [ParOldGen: 174591K->174535K(174592K)] 203762K->203648K(232960K) [PSPermGen: 2651K->2651K(21504K)], 0.2299619 secs] [Times: user=0.39 sys=0.00, real=0.23 secs] 
2014-07-10T14:43:37.139+0200: 62.872: [Full GC [PSYoungGen: 29156K->29153K(58368K)] [ParOldGen: 174535K->174535K(174592K)] 203691K->203688K(232960K) [PSPermGen: 2651K->2651K(21504K)], 0.1460035 secs] [Times: user=0.25 sys=0.00, real=0.15 secs] 
2014-07-10T14:43:37.286+0200: 63.018: [Full GC [PSYoungGen: 29157K->29153K(58368K)] [ParOldGen: 174574K->174574K(174592K)] 203731K->203728K(232960K) [PSPermGen: 2651K->2651K(21504K)], 0.1383561 secs] [Times: user=0.23 sys=0.00, real=0.14 secs] 
2014-07-10T14:43:37.424+0200: 63.157: [Full GC [PSYoungGen: 29153K->0K(58368K)] [ParOldGen: 174574K->8000K(134144K)] 203728K->8000K(192512K) [PSPermGen: 2651K->2651K(21504K)], 0.0473053 secs] [Times: user=0.08 sys=0.00, real=0.05 secs] 
2014-07-10T14:43:37.521+0200: 63.253: [GC [PSYoungGen: 29171K->29118K(58368K)] 39544K->39491K(192512K), 0.0195433 secs] [Times: user=0.03 sys=0.00, real=0.02 secs] 
2014-07-10T14:43:37.586+0200: 63.318: [GC [PSYoungGen: 58273K->29178K(58368K)] 68646K->68536K(192512K), 0.0364188 secs] [Times: user=0.09 sys=0.00, real=0.04 secs] 
2014-07-10T14:43:37.669+0200: 63.401: [GC [PSYoungGen: 58346K->29173K(58368K)] 97704K->97623K(192512K), 0.0373874 secs] [Times: user=0.06 sys=0.00, real=0.04 secs] 
2014-07-10T14:43:37.753+0200: 63.486: [GC [PSYoungGen: 58321K->29151K(58368K)] 126771K->126703K(192512K), 0.0421191 secs] [Times: user=0.08 sys=0.00, real=0.04 secs] 
2014-07-10T14:43:37.795+0200: 63.528: [Full GC [PSYoungGen: 29151K->0K(58368K)] [ParOldGen: 97552K->126335K(174592K)] 126703K->126335K(232960K) [PSPermGen: 2651K->2651K(21504K)], 0.1852277 secs] [Times: user=0.31 sys=0.00, real=0.19 secs] 
2014-07-10T14:43:38.029+0200: 63.762: [GC [PSYoungGen: 29177K->29125K(58368K)] 155513K->155461K(232960K), 0.0196068 secs] [Times: user=0.03 sys=0.00, real=0.02 secs] 
2014-07-10T14:43:38.049+0200: 63.781: [Full GC [PSYoungGen: 29125K->0K(58368K)] [ParOldGen: 126335K->155346K(174592K)] 155461K->155346K(232960K) [PSPermGen: 2651K->2651K(21504K)], 0.1978140 secs] [Times: user=0.34 sys=0.00, real=0.20 secs] 
2014-07-10T14:43:38.297+0200: 64.029: [Full GC [PSYoungGen: 29163K->10182K(58368K)] [ParOldGen: 155346K->174155K(174592K)] 184509K->184338K(232960K) [PSPermGen: 2651K->2651K(21504K)], 0.2105241 secs] [Times: user=0.33 sys=0.00, real=0.21 secs] 
2014-07-10T14:43:38.539+0200: 64.271: [Full GC [PSYoungGen: 29178K->29120K(58368K)] [ParOldGen: 174155K->174101K(174592K)] 203334K->203222K(232960K) [PSPermGen: 2651K->2651K(21504K)], 0.2203266 secs] [Times: user=0.38 sys=0.00, real=0.22 secs] 
2014-07-10T14:43:38.759+0200: 64.492: [Full GC [PSYoungGen: 29163K->29160K(58368K)] [ParOldGen: 174101K->174101K(174592K)] 203265K->203261K(232960K) [PSPermGen: 2651K->2651K(21504K)], 0.1231495 secs] [Times: user=0.19 sys=0.02, real=0.12 secs] 
2014-07-10T14:43:38.883+0200: 64.616: [Full GC [PSYoungGen: 29164K->29162K(58368K)] [ParOldGen: 174570K->174569K(174592K)] 203734K->203731K(232960K) [PSPermGen: 2651K->2651K(21504K)], 0.1826998 secs] [Times: user=0.28 sys=0.00, real=0.18 secs] 
2014-07-10T14:43:39.066+0200: 64.799: [Full GC [PSYoungGen: 29162K->0K(58368K)] [ParOldGen: 174569K->8062K(134144K)] 203731K->8062K(192512K) [PSPermGen: 2651K->2651K(21504K)], 0.0471180 secs] [Times: user=0.08 sys=0.00, real=0.05 secs] 
2014-07-10T14:43:39.163+0200: 64.895: [GC [PSYoungGen: 29164K->29111K(58368K)] 39220K->39166K(192512K), 0.0196574 secs] [Times: user=0.06 sys=0.00, real=0.02 secs] 
2014-07-10T14:43:39.229+0200: 64.962: [GC [PSYoungGen: 58277K->29116K(58368K)] 68333K->68257K(192512K), 0.0375637 secs] [Times: user=0.06 sys=0.00, real=0.04 secs] 
2014-07-10T14:43:39.313+0200: 65.046: [GC [PSYoungGen: 58281K->29113K(58368K)] 97421K->97348K(192512K), 0.0378354 secs] [Times: user=0.06 sys=0.00, real=0.04 secs] 
2014-07-10T14:43:39.400+0200: 65.133: [GC [PSYoungGen: 58289K->29123K(58368K)] 126523K->126454K(192512K), 0.0374050 secs] [Times: user=0.06 sys=0.00, real=0.04 secs] 
2014-07-10T14:43:39.437+0200: 65.170: [Full GC [PSYoungGen: 29123K->0K(58368K)] [ParOldGen: 97330K->126050K(174592K)] 126454K->126050K(232960K) [PSPermGen: 2651K->2651K(21504K)], 0.1801133 secs] [Times: user=0.31 sys=0.00, real=0.18 secs] 
2014-07-10T14:43:39.666+0200: 65.399: [GC [PSYoungGen: 29174K->29143K(58368K)] 155224K->155193K(232960K), 0.0196427 secs] [Times: user=0.03 sys=0.00, real=0.02 secs] 
2014-07-10T14:43:39.686+0200: 65.418: [Full GC [PSYoungGen: 29143K->0K(58368K)] [ParOldGen: 126050K->155056K(174592K)] 155193K->155056K(232960K) [PSPermGen: 2651K->2651K(21504K)], 0.2134923 secs] [Times: user=0.36 sys=0.00, real=0.21 secs] 
2014-07-10T14:43:39.947+0200: 65.680: [Full GC [PSYoungGen: 29148K->9641K(58368K)] [ParOldGen: 155056K->174394K(174592K)] 184204K->184035K(232960K) [PSPermGen: 2651K->2651K(21504K)], 0.2324696 secs] [Times: user=0.36 sys=0.02, real=0.23 secs] 
2014-07-10T14:43:40.212+0200: 65.945: [Full GC [PSYoungGen: 29153K->29094K(58368K)] [ParOldGen: 174394K->174337K(174592K)] 203547K->203432K(232960K) [PSPermGen: 2651K->2651K(21504K)], 0.2334008 secs] [Times: user=0.41 sys=0.00, real=0.23 secs] 
2014-07-10T14:43:40.446+0200: 66.178: [Full GC [PSYoungGen: 29179K->29173K(58368K)] [ParOldGen: 174337K->174337K(174592K)] 203516K->203511K(232960K) [PSPermGen: 2651K->2651K(21504K)], 0.1301011 secs] [Times: user=0.23 sys=0.00, real=0.13 secs] 
2014-07-10T14:43:40.576+0200: 66.309: [Full GC [PSYoungGen: 29175K->29174K(58368K)] [ParOldGen: 174571K->174571K(174592K)] 203747K->203745K(232960K) [PSPermGen: 2651K->2651K(21504K)], 0.1612167 secs] [Times: user=0.25 sys=0.00, real=0.16 secs] 
2014-07-10T14:43:40.738+0200: 66.470: [Full GC [PSYoungGen: 29174K->0K(58368K)] [ParOldGen: 174571K->8040K(134144K)] 203745K->8040K(192512K) [PSPermGen: 2651K->2651K(21504K)], 0.0488250 secs] [Times: user=0.09 sys=0.00, real=0.05 secs] 
2014-07-10T14:43:40.837+0200: 66.570: [GC [PSYoungGen: 29182K->29110K(58368K)] 39443K->39371K(192512K), 0.0190895 secs] [Times: user=0.03 sys=0.00, real=0.02 secs] 
2014-07-10T14:43:40.903+0200: 66.636: [GC [PSYoungGen: 58284K->29116K(58368K)] 68546K->68478K(192512K), 0.0369478 secs] [Times: user=0.06 sys=0.00, real=0.04 secs] 
2014-07-10T14:43:40.987+0200: 66.720: [GC [PSYoungGen: 58287K->29123K(58368K)] 97649K->97585K(192512K), 0.0375014 secs] [Times: user=0.09 sys=0.00, real=0.04 secs] 
2014-07-10T14:43:41.073+0200: 66.806: [GC [PSYoungGen: 58300K->29123K(58368K)] 126761K->126677K(192512K), 0.0372037 secs] [Times: user=0.06 sys=0.00, real=0.04 secs] 
2014-07-10T14:43:41.110+0200: 66.843: [Full GC [PSYoungGen: 29123K->0K(58368K)] [ParOldGen: 97553K->126284K(174592K)] 126677K->126284K(232960K) [PSPermGen: 2651K->2651K(21504K)], 0.1927373 secs] [Times: user=0.34 sys=0.00, real=0.19 secs] 
2014-07-10T14:43:41.351+0200: 67.084: [GC [PSYoungGen: 29159K->29110K(58368K)] 155443K->155395K(232960K), 0.0198143 secs] [Times: user=0.03 sys=0.00, real=0.02 secs] 
2014-07-10T14:43:41.371+0200: 67.104: [Full GC [PSYoungGen: 29110K->0K(58368K)] [ParOldGen: 126284K->155275K(174592K)] 155395K->155275K(232960K) [PSPermGen: 2651K->2651K(21504K)], 0.1997332 secs] [Times: user=0.36 sys=0.01, real=0.20 secs] 
2014-07-10T14:43:41.620+0200: 67.353: [Full GC [PSYoungGen: 29168K->10189K(58368K)] [ParOldGen: 155275K->174084K(174592K)] 184444K->184273K(232960K) [PSPermGen: 2651K->2651K(21504K)], 0.2446603 secs] [Times: user=0.33 sys=0.00, real=0.24 secs] 
2014-07-10T14:43:41.901+0200: 67.634: [Full GC [PSYoungGen: 29159K->28556K(58368K)] [ParOldGen: 174084K->174577K(174592K)] 203244K->203133K(232960K) [PSPermGen: 2651K->2651K(21504K)], 0.2362444 secs] [Times: user=0.39 sys=0.00, real=0.24 secs] 
2014-07-10T14:43:42.137+0200: 67.870: [Full GC [PSYoungGen: 29148K->29144K(58368K)] [ParOldGen: 174577K->174575K(174592K)] 203726K->203720K(232960K) [PSPermGen: 2651K->2651K(21504K)], 0.1933895 secs] [Times: user=0.33 sys=0.00, real=0.19 secs] 
2014-07-10T14:43:42.331+0200: 68.064: [Full GC [PSYoungGen: 29184K->29183K(58368K)] [ParOldGen: 174575K->174575K(174592K)] 203759K->203759K(232960K) [PSPermGen: 2651K->2651K(21504K)], 0.0434418 secs] [Times: user=0.06 sys=0.00, real=0.04 secs] 
2014-07-10T14:43:42.375+0200: 68.108: [Full GC [PSYoungGen: 29184K->29183K(58368K)] [ParOldGen: 174575K->174575K(174592K)] 203759K->203759K(232960K) [PSPermGen: 2651K->2651K(21504K)], 0.0456581 secs] [Times: user=0.06 sys=0.00, real=0.05 secs] 
2014-07-10T14:43:42.421+0200: 68.154: [Full GC [PSYoungGen: 29184K->29183K(58368K)] [ParOldGen: 174575K->174575K(174592K)] 203759K->203759K(232960K) [PSPermGen: 2651K->2651K(21504K)], 0.1198924 secs] [Times: user=0.25 sys=0.00, real=0.12 secs] 
2014-07-10T14:43:42.541+0200: 68.274: [Full GC [PSYoungGen: 29183K->0K(58368K)] [ParOldGen: 174575K->8060K(134656K)] 203759K->8060K(193024K) [PSPermGen: 2651K->2651K(21504K)], 0.0539134 secs] [Times: user=0.08 sys=0.00, real=0.05 secs] 
2014-07-10T14:43:42.663+0200: 68.396: [GC [PSYoungGen: 29162K->29105K(58368K)] 39684K->39627K(193024K), 0.0191390 secs] [Times: user=0.03 sys=0.00, real=0.02 secs] 
2014-07-10T14:43:42.728+0200: 68.461: [GC [PSYoungGen: 58269K->29114K(58368K)] 68791K->68710K(193024K), 0.0387267 secs] [Times: user=0.06 sys=0.00, real=0.04 secs] 
2014-07-10T14:43:42.814+0200: 68.547: [GC [PSYoungGen: 58282K->29104K(58368K)] 97877K->97790K(193024K), 0.0371428 secs] [Times: user=0.06 sys=0.00, real=0.04 secs] 
2014-07-10T14:43:42.899+0200: 68.632: [GC [PSYoungGen: 58287K->29147K(58368K)] 126973K->126918K(193024K), 0.0518365 secs] [Times: user=0.08 sys=0.00, real=0.05 secs] 
2014-07-10T14:43:42.951+0200: 68.684: [Full GC [PSYoungGen: 29147K->0K(58368K)] [ParOldGen: 97771K->126514K(174592K)] 126918K->126514K(232960K) [PSPermGen: 2651K->2651K(21504K)], 0.1922328 secs] [Times: user=0.38 sys=0.00, real=0.19 secs] 
2014-07-10T14:43:43.191+0200: 68.924: [GC [PSYoungGen: 29169K->29115K(58368K)] 155684K->155630K(232960K), 0.0199734 secs] [Times: user=0.03 sys=0.00, real=0.02 secs] 
2014-07-10T14:43:43.211+0200: 68.944: [Full GC [PSYoungGen: 29115K->0K(58368K)] [ParOldGen: 126514K->155516K(174592K)] 155630K->155516K(232960K) [PSPermGen: 2651K->2651K(21504K)], 0.2028672 secs] [Times: user=0.34 sys=0.00, real=0.20 secs] 
2014-07-10T14:43:43.462+0200: 69.195: [Full GC [PSYoungGen: 29177K->10201K(58368K)] [ParOldGen: 155516K->174323K(174592K)] 184693K->184524K(232960K) [PSPermGen: 2651K->2651K(21504K)], 0.2344575 secs] [Times: user=0.41 sys=0.00, real=0.23 secs] 
2014-07-10T14:43:43.727+0200: 69.460: [Full GC [PSYoungGen: 29173K->29115K(58368K)] [ParOldGen: 174323K->174269K(174592K)] 203497K->203384K(232960K) [PSPermGen: 2651K->2651K(21504K)], 0.2372570 secs] [Times: user=0.45 sys=0.00, real=0.24 secs] 
2014-07-10T14:43:43.964+0200: 69.698: [Full GC [PSYoungGen: 29160K->29155K(58368K)] [ParOldGen: 174269K->174269K(174592K)] 203429K->203424K(232960K) [PSPermGen: 2651K->2651K(21504K)], 0.1386560 secs] [Times: user=0.19 sys=0.00, real=0.14 secs] 
2014-07-10T14:43:44.104+0200: 69.837: [Full GC [PSYoungGen: 29161K->29156K(58368K)] [ParOldGen: 174581K->174580K(174592K)] 203743K->203737K(232960K) [PSPermGen: 2651K->2651K(21504K)], 0.1553033 secs] [Times: user=0.28 sys=0.00, real=0.15 secs] 
2014-07-10T14:43:44.259+0200: 69.992: [Full GC [PSYoungGen: 29156K->0K(58368K)] [ParOldGen: 174580K->8118K(134656K)] 203737K->8118K(193024K) [PSPermGen: 2651K->2651K(21504K)], 0.0476903 secs] [Times: user=0.09 sys=0.00, real=0.05 secs] 
2014-07-10T14:43:44.356+0200: 70.089: [GC [PSYoungGen: 29184K->29148K(58368K)] 38993K->38958K(193024K), 0.0193780 secs] [Times: user=0.06 sys=0.00, real=0.02 secs] 
2014-07-10T14:43:44.422+0200: 70.155: [GC [PSYoungGen: 58327K->29123K(58368K)] 68136K->68046K(193024K), 0.0365346 secs] [Times: user=0.06 sys=0.00, real=0.04 secs] 
2014-07-10T14:43:44.505+0200: 70.238: [GC [PSYoungGen: 58290K->29121K(58368K)] 97212K->97149K(193024K), 0.0379626 secs] [Times: user=0.06 sys=0.00, real=0.04 secs] 
2014-07-10T14:43:44.602+0200: 70.335: [GC [PSYoungGen: 58277K->29116K(58368K)] 126305K->126234K(193024K), 0.0374922 secs] [Times: user=0.06 sys=0.00, real=0.04 secs] 
2014-07-10T14:43:44.639+0200: 70.373: [Full GC [PSYoungGen: 29116K->0K(58368K)] [ParOldGen: 97117K->125813K(174592K)] 126234K->125813K(232960K) [PSPermGen: 2651K->2651K(21504K)], 0.2169295 secs] [Times: user=0.41 sys=0.00, real=0.22 secs] 
2014-07-10T14:43:44.905+0200: 70.638: [GC [PSYoungGen: 29151K->29109K(58368K)] 154964K->154922K(232960K), 0.0202176 secs] [Times: user=0.03 sys=0.00, real=0.02 secs] 
2014-07-10T14:43:44.925+0200: 70.658: [Full GC [PSYoungGen: 29109K->0K(58368K)] [ParOldGen: 125813K->154797K(174592K)] 154922K->154797K(232960K) [PSPermGen: 2651K->2651K(21504K)], 0.2109109 secs] [Times: user=0.34 sys=0.00, real=0.21 secs] 
2014-07-10T14:43:45.185+0200: 70.918: [Full GC [PSYoungGen: 29150K->9631K(58368K)] [ParOldGen: 154797K->174147K(174592K)] 183948K->183779K(232960K) [PSPermGen: 2651K->2651K(21504K)], 0.2258755 secs] [Times: user=0.42 sys=0.00, real=0.23 secs] 
2014-07-10T14:43:45.444+0200: 71.177: [Full GC [PSYoungGen: 29153K->29095K(58368K)] [ParOldGen: 174147K->174090K(174592K)] 203301K->203186K(232960K) [PSPermGen: 2651K->2651K(21504K)], 0.2444986 secs] [Times: user=0.39 sys=0.00, real=0.24 secs] 
2014-07-10T14:43:45.690+0200: 71.422: [Full GC [PSYoungGen: 29179K->29175K(58368K)] [ParOldGen: 174090K->174090K(174592K)] 203270K->203265K(232960K) [PSPermGen: 2651K->2651K(21504K)], 0.1512602 secs] [Times: user=0.20 sys=0.00, real=0.15 secs] 
2014-07-10T14:43:45.841+0200: 71.574: [Full GC [PSYoungGen: 29181K->29176K(58368K)] [ParOldGen: 174559K->174558K(174592K)] 203740K->203734K(232960K) [PSPermGen: 2651K->2651K(21504K)], 0.1871580 secs] [Times: user=0.30 sys=0.00, real=0.19 secs] 
2014-07-10T14:43:46.029+0200: 71.761: [Full GC [PSYoungGen: 29176K->0K(58368K)] [ParOldGen: 174558K->8131K(134656K)] 203734K->8131K(193024K) [PSPermGen: 2651K->2651K(21504K)], 0.0778607 secs] [Times: user=0.08 sys=0.02, real=0.08 secs] 
2014-07-10T14:43:46.155+0200: 71.887: [GC [PSYoungGen: 29166K->29096K(58368K)] 39291K->39221K(193024K), 0.0191800 secs] [Times: user=0.03 sys=0.00, real=0.02 secs] 
2014-07-10T14:43:46.220+0200: 71.952: [GC [PSYoungGen: 58271K->29134K(58368K)] 68396K->68349K(193024K), 0.0397169 secs] [Times: user=0.05 sys=0.00, real=0.04 secs] 
2014-07-10T14:43:46.307+0200: 72.039: [GC [PSYoungGen: 58310K->29127K(58368K)] 97525K->97447K(193024K), 0.0556083 secs] [Times: user=0.08 sys=0.00, real=0.06 secs] 
2014-07-10T14:43:46.411+0200: 72.143: [GC [PSYoungGen: 58305K->29123K(58368K)] 126624K->126544K(193024K), 0.0375032 secs] [Times: user=0.06 sys=0.00, real=0.04 secs] 
2014-07-10T14:43:46.448+0200: 72.181: [Full GC [PSYoungGen: 29123K->0K(58368K)] [ParOldGen: 97421K->126142K(174592K)] 126544K->126142K(232960K) [PSPermGen: 2651K->2651K(21504K)], 0.2335790 secs] [Times: user=0.38 sys=0.00, real=0.23 secs] 
2014-07-10T14:43:46.731+0200: 72.463: [GC [PSYoungGen: 29162K->29122K(58368K)] 155304K->155264K(232960K), 0.0419790 secs] [Times: user=0.03 sys=0.00, real=0.04 secs] 
2014-07-10T14:43:46.773+0200: 72.505: [Full GC [PSYoungGen: 29122K->0K(58368K)] [ParOldGen: 126142K->155134K(174592K)] 155264K->155134K(232960K) [PSPermGen: 2651K->2651K(21504K)], 0.2629131 secs] [Times: user=0.27 sys=0.00, real=0.26 secs] 
2014-07-10T14:43:47.085+0200: 72.817: [Full GC [PSYoungGen: 29163K->9680K(58368K)] [ParOldGen: 155134K->174449K(174592K)] 184298K->184130K(232960K) [PSPermGen: 2651K->2651K(21504K)], 0.2804833 secs] [Times: user=0.33 sys=0.01, real=0.28 secs] 
2014-07-10T14:43:47.398+0200: 73.130: [Full GC [PSYoungGen: 29181K->29123K(58368K)] [ParOldGen: 174449K->174392K(174592K)] 203631K->203515K(232960K) [PSPermGen: 2651K->2651K(21504K)], 0.2134593 secs] [Times: user=0.39 sys=0.00, real=0.21 secs] 
2014-07-10T14:43:47.612+0200: 73.344: [Full GC [PSYoungGen: 29183K->29180K(58368K)] [ParOldGen: 174392K->174392K(174592K)] 203576K->203572K(232960K) [PSPermGen: 2651K->2651K(21504K)], 0.1394769 secs] [Times: user=0.20 sys=0.00, real=0.14 secs] 
2014-07-10T14:43:47.751+0200: 73.484: [Full GC [PSYoungGen: 29184K->29181K(58368K)] [ParOldGen: 174587K->174586K(174592K)] 203771K->203768K(232960K) [PSPermGen: 2651K->2651K(21504K)], 0.1735166 secs] [Times: user=0.28 sys=0.00, real=0.17 secs] 
2014-07-10T14:43:47.925+0200: 73.657: [Full GC [PSYoungGen: 29181K->0K(58368K)] [ParOldGen: 174586K->8107K(134656K)] 203768K->8107K(193024K) [PSPermGen: 2651K->2651K(21504K)], 0.0487880 secs] [Times: user=0.09 sys=0.00, real=0.05 secs] 
2014-07-10T14:43:48.025+0200: 73.757: [GC [PSYoungGen: 29166K->29100K(58368K)] 39540K->39475K(193024K), 0.0188449 secs] [Times: user=0.06 sys=0.00, real=0.02 secs] 
2014-07-10T14:43:48.092+0200: 73.824: [GC [PSYoungGen: 58256K->29104K(58368K)] 68630K->68566K(193024K), 0.0369676 secs] [Times: user=0.06 sys=0.00, real=0.04 secs] 
2014-07-10T14:43:48.175+0200: 73.907: [GC [PSYoungGen: 58269K->29123K(58368K)] 97731K->97660K(193024K), 0.0376620 secs] [Times: user=0.06 sys=0.00, real=0.04 secs] 
2014-07-10T14:43:48.261+0200: 73.993: [GC [PSYoungGen: 58292K->29123K(58368K)] 126829K->126752K(193024K), 0.0375414 secs] [Times: user=0.06 sys=0.00, real=0.04 secs] 
2014-07-10T14:43:48.299+0200: 74.031: [Full GC [PSYoungGen: 29123K->0K(58368K)] [ParOldGen: 97628K->126344K(174592K)] 126752K->126344K(232960K) [PSPermGen: 2651K->2651K(21504K)], 0.1798233 secs] [Times: user=0.31 sys=0.00, real=0.18 secs] 
2014-07-10T14:43:48.526+0200: 74.258: [GC [PSYoungGen: 29154K->29084K(58368K)] 155498K->155428K(232960K), 0.0192401 secs] [Times: user=0.03 sys=0.00, real=0.02 secs] 
2014-07-10T14:43:48.545+0200: 74.278: [Full GC [PSYoungGen: 29084K->0K(58368K)] [ParOldGen: 126344K->155329K(174592K)] 155428K->155329K(232960K) [PSPermGen: 2651K->2651K(21504K)], 0.2073070 secs] [Times: user=0.37 sys=0.00, real=0.21 secs] 
2014-07-10T14:43:48.803+0200: 74.535: [Full GC [PSYoungGen: 29178K->10173K(58368K)] [ParOldGen: 155329K->174165K(174592K)] 184508K->184338K(232960K) [PSPermGen: 2651K->2651K(21504K)], 0.2427909 secs] [Times: user=0.41 sys=0.00, real=0.24 secs] 
2014-07-10T14:43:49.077+0200: 74.809: [Full GC [PSYoungGen: 29161K->29105K(58368K)] [ParOldGen: 174165K->174109K(174592K)] 203326K->203214K(232960K) [PSPermGen: 2651K->2651K(21504K)], 0.2238561 secs] [Times: user=0.39 sys=0.00, real=0.22 secs] 
2014-07-10T14:43:49.301+0200: 75.033: [Full GC [PSYoungGen: 29148K->29145K(58368K)] [ParOldGen: 174109K->174109K(174592K)] 203257K->203254K(232960K) [PSPermGen: 2651K->2651K(21504K)], 0.1357417 secs] [Times: user=0.26 sys=0.00, real=0.14 secs] 
2014-07-10T14:43:49.437+0200: 75.170: [Full GC [PSYoungGen: 29151K->29146K(58368K)] [ParOldGen: 174578K->174576K(174592K)] 203729K->203723K(232960K) [PSPermGen: 2651K->2651K(21504K)], 0.1982073 secs] [Times: user=0.34 sys=0.00, real=0.20 secs] 
2014-07-10T14:43:49.636+0200: 75.368: [Full GC [PSYoungGen: 29146K->0K(58368K)] [ParOldGen: 174576K->8158K(134656K)] 203723K->8158K(193024K) [PSPermGen: 2651K->2651K(21504K)], 0.0493126 secs] [Times: user=0.06 sys=0.00, real=0.05 secs] 
2014-07-10T14:43:49.734+0200: 75.467: [GC [PSYoungGen: 29162K->29116K(58368K)] 39313K->39268K(193024K), 0.0193908 secs] [Times: user=0.03 sys=0.00, real=0.02 secs] 
2014-07-10T14:43:49.800+0200: 75.533: [GC [PSYoungGen: 58281K->29123K(58368K)] 68433K->68355K(193024K), 0.0379080 secs] [Times: user=0.09 sys=0.00, real=0.04 secs] 
2014-07-10T14:43:49.885+0200: 75.618: [GC [PSYoungGen: 58296K->29113K(58368K)] 97527K->97436K(193024K), 0.0378361 secs] [Times: user=0.06 sys=0.00, real=0.04 secs] 
2014-07-10T14:43:49.971+0200: 75.704: [GC [PSYoungGen: 58281K->29135K(58368K)] 126604K->126554K(193024K), 0.0371135 secs] [Times: user=0.09 sys=0.00, real=0.04 secs] 
2014-07-10T14:43:50.008+0200: 75.741: [Full GC [PSYoungGen: 29135K->0K(58368K)] [ParOldGen: 97419K->126136K(174592K)] 126554K->126136K(232960K) [PSPermGen: 2651K->2651K(21504K)], 0.1934196 secs] [Times: user=0.34 sys=0.00, real=0.19 secs] 
2014-07-10T14:43:50.250+0200: 75.983: [GC [PSYoungGen: 29173K->29113K(58368K)] 155310K->155250K(232960K), 0.0194381 secs] [Times: user=0.03 sys=0.00, real=0.02 secs] 
2014-07-10T14:43:50.270+0200: 76.003: [Full GC [PSYoungGen: 29113K->0K(58368K)] [ParOldGen: 126136K->155140K(174592K)] 155250K->155140K(232960K) [PSPermGen: 2651K->2651K(21504K)], 0.2048312 secs] [Times: user=0.37 sys=0.02, real=0.20 secs] 
2014-07-10T14:43:50.524+0200: 76.257: [Full GC [PSYoungGen: 29172K->9681K(58368K)] [ParOldGen: 155140K->174460K(174592K)] 184313K->184141K(232960K) [PSPermGen: 2651K->2651K(21504K)], 0.2220725 secs] [Times: user=0.33 sys=0.00, real=0.22 secs] 
2014-07-10T14:43:50.779+0200: 76.513: [Full GC [PSYoungGen: 29170K->29112K(58368K)] [ParOldGen: 174460K->174402K(174592K)] 203631K->203515K(232960K) [PSPermGen: 2651K->2651K(21504K)], 0.2192817 secs] [Times: user=0.42 sys=0.00, real=0.22 secs] 
2014-07-10T14:43:50.999+0200: 76.733: [Full GC [PSYoungGen: 29156K->29152K(58368K)] [ParOldGen: 174402K->174402K(174592K)] 203558K->203555K(232960K) [PSPermGen: 2651K->2651K(21504K)], 0.1392902 secs] [Times: user=0.23 sys=0.00, real=0.14 secs] 
2014-07-10T14:43:51.139+0200: 76.872: [Full GC [PSYoungGen: 29156K->29153K(58368K)] [ParOldGen: 174558K->174558K(174592K)] 203715K->203712K(232960K) [PSPermGen: 2651K->2651K(21504K)], 0.1537866 secs] [Times: user=0.25 sys=0.00, real=0.15 secs] 
2014-07-10T14:43:51.293+0200: 77.026: [Full GC [PSYoungGen: 29153K->0K(58368K)] [ParOldGen: 174558K->8169K(134656K)] 203712K->8169K(193024K) [PSPermGen: 2651K->2651K(21504K)], 0.0692981 secs] [Times: user=0.09 sys=0.00, real=0.07 secs] 
2014-07-10T14:43:51.412+0200: 77.145: [GC [PSYoungGen: 29177K->29115K(58368K)] 39652K->39590K(193024K), 0.0196717 secs] [Times: user=0.03 sys=0.00, real=0.02 secs] 
2014-07-10T14:43:51.478+0200: 77.211: [GC [PSYoungGen: 58271K->29104K(58368K)] 68746K->68678K(193024K), 0.0370703 secs] [Times: user=0.06 sys=0.00, real=0.04 secs] 
2014-07-10T14:43:51.562+0200: 77.295: [GC [PSYoungGen: 58281K->29116K(58368K)] 97855K->97773K(193024K), 0.0377060 secs] [Times: user=0.08 sys=0.00, real=0.04 secs] 
2014-07-10T14:43:51.647+0200: 77.380: [GC [PSYoungGen: 58264K->29105K(58368K)] 126921K->126865K(193024K), 0.0373504 secs] [Times: user=0.06 sys=0.00, real=0.04 secs] 
2014-07-10T14:43:51.685+0200: 77.418: [Full GC [PSYoungGen: 29105K->0K(58368K)] [ParOldGen: 97760K->126447K(174592K)] 126865K->126447K(232960K) [PSPermGen: 2651K->2651K(21504K)], 0.1902593 secs] [Times: user=0.34 sys=0.00, real=0.19 secs] 
2014-07-10T14:43:51.922+0200: 77.655: [GC [PSYoungGen: 29165K->29120K(58368K)] 155612K->155567K(232960K), 0.0194143 secs] [Times: user=0.06 sys=0.00, real=0.02 secs] 
2014-07-10T14:43:51.941+0200: 77.675: [Full GC [PSYoungGen: 29120K->0K(58368K)] [ParOldGen: 126447K->155440K(174592K)] 155567K->155440K(232960K) [PSPermGen: 2651K->2651K(21504K)], 0.2000034 secs] [Times: user=0.34 sys=0.00, real=0.20 secs] 
2014-07-10T14:43:52.191+0200: 77.924: [Full GC [PSYoungGen: 29182K->10202K(58368K)] [ParOldGen: 155440K->174249K(174592K)] 184623K->184451K(232960K) [PSPermGen: 2651K->2651K(21504K)], 0.2330086 secs] [Times: user=0.36 sys=0.00, real=0.23 secs] 
2014-07-10T14:43:52.462+0200: 78.195: [Full GC [PSYoungGen: 29174K->29119K(58368K)] [ParOldGen: 174249K->174193K(174592K)] 203423K->203313K(232960K) [PSPermGen: 2651K->2651K(21504K)], 0.2202038 secs] [Times: user=0.42 sys=0.00, real=0.22 secs] 
2014-07-10T14:43:52.682+0200: 78.416: [Full GC [PSYoungGen: 29162K->29159K(58368K)] [ParOldGen: 174193K->174193K(174592K)] 203356K->203353K(232960K) [PSPermGen: 2651K->2651K(21504K)], 0.1330902 secs] [Times: user=0.27 sys=0.00, real=0.13 secs] 
2014-07-10T14:43:52.816+0200: 78.549: [Full GC [PSYoungGen: 29163K->29161K(58368K)] [ParOldGen: 174584K->174583K(174592K)] 203748K->203744K(232960K) [PSPermGen: 2651K->2651K(21504K)], 0.1611697 secs] [Times: user=0.23 sys=0.00, real=0.16 secs] 
2014-07-10T14:43:52.977+0200: 78.711: [Full GC [PSYoungGen: 29161K->0K(58368K)] [ParOldGen: 174583K->8141K(134656K)] 203744K->8141K(193024K) [PSPermGen: 2651K->2651K(21504K)], 0.0484474 secs] [Times: user=0.08 sys=0.00, real=0.05 secs] 
2014-07-10T14:43:53.073+0200: 78.806: [GC [PSYoungGen: 29177K->29123K(58368K)] 39390K->39336K(193024K), 0.0190070 secs] [Times: user=0.03 sys=0.00, real=0.02 secs] 
2014-07-10T14:43:53.139+0200: 78.872: [GC [PSYoungGen: 58285K->29116K(58368K)] 68498K->68429K(193024K), 0.0372019 secs] [Times: user=0.08 sys=0.00, real=0.04 secs] 
2014-07-10T14:43:53.222+0200: 78.955: [GC [PSYoungGen: 58287K->29123K(58368K)] 97600K->97520K(193024K), 0.0370442 secs] [Times: user=0.06 sys=0.00, real=0.04 secs] 
2014-07-10T14:43:53.306+0200: 79.040: [GC [PSYoungGen: 58285K->29118K(58368K)] 126681K->126613K(193024K), 0.0372851 secs] [Times: user=0.06 sys=0.00, real=0.04 secs] 
2014-07-10T14:43:53.343+0200: 79.077: [Full GC [PSYoungGen: 29118K->0K(58368K)] [ParOldGen: 97494K->126202K(174592K)] 126613K->126202K(232960K) [PSPermGen: 2651K->2651K(21504K)], 0.1937924 secs] [Times: user=0.36 sys=0.00, real=0.19 secs] 
2014-07-10T14:43:53.585+0200: 79.319: [GC [PSYoungGen: 29167K->29119K(58368K)] 155369K->155321K(232960K), 0.0196090 secs] [Times: user=0.03 sys=0.00, real=0.02 secs] 
2014-07-10T14:43:53.605+0200: 79.338: [Full GC [PSYoungGen: 29119K->0K(58368K)] [ParOldGen: 126202K->155201K(174592K)] 155321K->155201K(232960K) [PSPermGen: 2651K->2651K(21504K)], 0.2008819 secs] [Times: user=0.38 sys=0.00, real=0.20 secs] 
2014-07-10T14:43:53.855+0200: 79.589: [Full GC [PSYoungGen: 29164K->9677K(58368K)] [ParOldGen: 155201K->174516K(174592K)] 184366K->184193K(232960K) [PSPermGen: 2651K->2651K(21504K)], 0.2120592 secs] [Times: user=0.36 sys=0.00, real=0.21 secs] 
2014-07-10T14:43:54.099+0200: 79.832: [Full GC [PSYoungGen: 29145K->29089K(58368K)] [ParOldGen: 174516K->174459K(174592K)] 203662K->203549K(232960K) [PSPermGen: 2651K->2651K(21504K)], 0.2140833 secs] [Times: user=0.39 sys=0.00, real=0.21 secs] 
2014-07-10T14:43:54.313+0200: 80.047: [Full GC [PSYoungGen: 29173K->29168K(58368K)] [ParOldGen: 174459K->174459K(174592K)] 203633K->203627K(232960K) [PSPermGen: 2651K->2651K(21504K)], 0.1305239 secs] [Times: user=0.23 sys=0.00, real=0.13 secs] 
2014-07-10T14:43:54.444+0200: 80.178: [Full GC [PSYoungGen: 29172K->29169K(58368K)] [ParOldGen: 174576K->174576K(174592K)] 203749K->203745K(232960K) [PSPermGen: 2651K->2651K(21504K)], 0.1603844 secs] [Times: user=0.28 sys=0.00, real=0.16 secs] 
2014-07-10T14:43:54.605+0200: 80.338: [Full GC [PSYoungGen: 29169K->0K(58368K)] [ParOldGen: 174576K->8154K(134656K)] 203745K->8154K(193024K) [PSPermGen: 2651K->2651K(21504K)], 0.0585270 secs] [Times: user=0.09 sys=0.00, real=0.06 secs] 
2014-07-10T14:43:54.712+0200: 80.445: [GC [PSYoungGen: 29174K->29111K(58368K)] 39673K->39610K(193024K), 0.0192383 secs] [Times: user=0.03 sys=0.00, real=0.02 secs] 
2014-07-10T14:43:54.778+0200: 80.511: [GC [PSYoungGen: 58272K->29118K(58368K)] 68771K->68717K(193024K), 0.0376378 secs] [Times: user=0.09 sys=0.00, real=0.04 secs] 
2014-07-10T14:43:54.863+0200: 80.596: [GC [PSYoungGen: 58271K->29110K(58368K)] 97870K->97795K(193024K), 0.0373181 secs] [Times: user=0.06 sys=0.00, real=0.04 secs] 
2014-07-10T14:43:54.947+0200: 80.681: [GC [PSYoungGen: 58284K->29140K(58368K)] 126969K->126904K(193024K), 0.0373203 secs] [Times: user=0.08 sys=0.00, real=0.04 secs] 
2014-07-10T14:43:54.984+0200: 80.718: [Full GC [PSYoungGen: 29140K->0K(58368K)] [ParOldGen: 97763K->126474K(174592K)] 126904K->126474K(232960K) [PSPermGen: 2651K->2651K(21504K)], 0.1908308 secs] [Times: user=0.30 sys=0.00, real=0.19 secs] 
2014-07-10T14:43:55.223+0200: 80.956: [GC [PSYoungGen: 29163K->29107K(58368K)] 155637K->155582K(232960K), 0.0193776 secs] [Times: user=0.03 sys=0.00, real=0.02 secs] 
2014-07-10T14:43:55.242+0200: 80.976: [Full GC [PSYoungGen: 29107K->0K(58368K)] [ParOldGen: 126474K->155467K(174592K)] 155582K->155467K(232960K) [PSPermGen: 2651K->2651K(21504K)], 0.1968574 secs] [Times: user=0.39 sys=0.00, real=0.20 secs] 
2014-07-10T14:43:55.487+0200: 81.221: [Full GC [PSYoungGen: 29180K->10191K(58368K)] [ParOldGen: 155467K->174286K(174592K)] 184647K->184478K(232960K) [PSPermGen: 2651K->2651K(21504K)], 0.2373729 secs] [Times: user=0.30 sys=0.00, real=0.24 secs] 
2014-07-10T14:43:55.756+0200: 81.489: [Full GC [PSYoungGen: 29181K->29122K(58368K)] [ParOldGen: 174286K->174231K(174592K)] 203467K->203353K(232960K) [PSPermGen: 2651K->2651K(21504K)], 0.2190507 secs] [Times: user=0.41 sys=0.00, real=0.22 secs] 
2014-07-10T14:43:55.975+0200: 81.708: [Full GC [PSYoungGen: 29165K->29162K(58368K)] [ParOldGen: 174231K->174231K(174592K)] 203397K->203393K(232960K) [PSPermGen: 2651K->2651K(21504K)], 0.1336229 secs] [Times: user=0.20 sys=0.00, real=0.13 secs] 
2014-07-10T14:43:56.110+0200: 81.843: [Full GC [PSYoungGen: 29168K->29164K(58368K)] [ParOldGen: 174582K->174581K(174592K)] 203751K->203746K(232960K) [PSPermGen: 2651K->2651K(21504K)], 0.1715698 secs] [Times: user=0.26 sys=0.00, real=0.17 secs] 
2014-07-10T14:43:56.282+0200: 82.015: [Full GC [PSYoungGen: 29164K->0K(58368K)] [ParOldGen: 174581K->8162K(134656K)] 203746K->8162K(193024K) [PSPermGen: 2651K->2651K(21504K)], 0.0497493 secs] [Times: user=0.09 sys=0.00, real=0.05 secs] 
2014-07-10T14:43:56.378+0200: 82.111: [GC [PSYoungGen: 29184K->29143K(58368K)] 38285K->38244K(193024K), 0.0189883 secs] [Times: user=0.03 sys=0.00, real=0.02 secs] 
2014-07-10T14:43:56.444+0200: 82.176: [GC [PSYoungGen: 58309K->29133K(58368K)] 67411K->67345K(193024K), 0.0371344 secs] [Times: user=0.08 sys=0.00, real=0.04 secs] 
2014-07-10T14:43:56.527+0200: 82.260: [GC [PSYoungGen: 58278K->29077K(58368K)] 96490K->96382K(193024K), 0.0369199 secs] [Times: user=0.09 sys=0.00, real=0.04 secs] 
2014-07-10T14:43:56.612+0200: 82.345: [GC [PSYoungGen: 58241K->29100K(58368K)] 125545K->125475K(193024K), 0.0501526 secs] [Times: user=0.08 sys=0.00, real=0.05 secs] 
2014-07-10T14:43:56.662+0200: 82.395: [Full GC [PSYoungGen: 29100K->0K(58368K)] [ParOldGen: 96374K->125082K(174592K)] 125475K->125082K(232960K) [PSPermGen: 2651K->2651K(21504K)], 0.1903645 secs] [Times: user=0.31 sys=0.00, real=0.19 secs] 
2014-07-10T14:43:56.901+0200: 82.634: [GC [PSYoungGen: 29157K->29114K(58368K)] 154240K->154197K(232960K), 0.0194975 secs] [Times: user=0.06 sys=0.00, real=0.02 secs] 
2014-07-10T14:43:56.920+0200: 82.653: [Full GC [PSYoungGen: 29114K->0K(58368K)] [ParOldGen: 125082K->154071K(174592K)] 154197K->154071K(232960K) [PSPermGen: 2651K->2651K(21504K)], 0.2144269 secs] [Times: user=0.37 sys=0.00, real=0.21 secs] 
2014-07-10T14:43:57.184+0200: 82.917: [Full GC [PSYoungGen: 29171K->8661K(58368K)] [ParOldGen: 154071K->174411K(174592K)] 183242K->183072K(232960K) [PSPermGen: 2651K->2651K(21504K)], 0.2445492 secs] [Times: user=0.39 sys=0.02, real=0.24 secs] 
2014-07-10T14:43:57.462+0200: 83.195: [Full GC [PSYoungGen: 29171K->29112K(58368K)] [ParOldGen: 174411K->174351K(174592K)] 203583K->203463K(232960K) [PSPermGen: 2651K->2651K(21504K)], 0.2234862 secs] [Times: user=0.44 sys=0.00, real=0.22 secs] 
2014-07-10T14:43:57.686+0200: 83.418: [Full GC [PSYoungGen: 29155K->29152K(58368K)] [ParOldGen: 174351K->174351K(174592K)] 203506K->203503K(232960K) [PSPermGen: 2651K->2651K(21504K)], 0.1562848 secs] [Times: user=0.25 sys=0.00, real=0.16 secs] 
2014-07-10T14:43:57.842+0200: 83.575: [Full GC [PSYoungGen: 29156K->29153K(58368K)] [ParOldGen: 174585K->174585K(174592K)] 203742K->203738K(232960K) [PSPermGen: 2651K->2651K(21504K)], 0.1421195 secs] [Times: user=0.23 sys=0.00, real=0.14 secs] 
2014-07-10T14:43:57.985+0200: 83.717: [Full GC [PSYoungGen: 29153K->0K(58368K)] [ParOldGen: 174585K->8209K(134656K)] 203738K->8209K(193024K) [PSPermGen: 2651K->2651K(21504K)], 0.0510050 secs] [Times: user=0.08 sys=0.00, real=0.05 secs] 
2014-07-10T14:43:58.085+0200: 83.818: [GC [PSYoungGen: 29168K->29115K(58368K)] 39605K->39552K(193024K), 0.0199657 secs] [Times: user=0.06 sys=0.00, real=0.02 secs] 
2014-07-10T14:43:58.151+0200: 83.884: [GC [PSYoungGen: 58299K->29129K(58368K)] 68736K->68658K(193024K), 0.0376708 secs] [Times: user=0.06 sys=0.00, real=0.04 secs] 
2014-07-10T14:43:58.236+0200: 83.969: [GC [PSYoungGen: 58287K->29116K(58368K)] 97815K->97759K(193024K), 0.0372587 secs] [Times: user=0.06 sys=0.00, real=0.04 secs] 
2014-07-10T14:43:58.321+0200: 84.054: [GC [PSYoungGen: 58283K->29091K(58368K)] 126926K->126819K(193024K), 0.0394999 secs] [Times: user=0.08 sys=0.00, real=0.04 secs] 
2014-07-10T14:43:58.360+0200: 84.093: [Full GC [PSYoungGen: 29091K->0K(58368K)] [ParOldGen: 97727K->126426K(174592K)] 126819K->126426K(232960K) [PSPermGen: 2651K->2651K(21504K)], 0.2007426 secs] [Times: user=0.40 sys=0.00, real=0.20 secs] 
2014-07-10T14:43:58.609+0200: 84.342: [GC [PSYoungGen: 29152K->29116K(58368K)] 155578K->155543K(232960K), 0.0199895 secs] [Times: user=0.03 sys=0.00, real=0.02 secs] 
2014-07-10T14:43:58.629+0200: 84.362: [Full GC [PSYoungGen: 29116K->0K(58368K)] [ParOldGen: 126426K->155409K(174592K)] 155543K->155409K(232960K) [PSPermGen: 2651K->2651K(21504K)], 0.2031887 secs] [Times: user=0.39 sys=0.00, real=0.20 secs] 
2014-07-10T14:43:58.881+0200: 84.614: [Full GC [PSYoungGen: 29159K->10184K(58368K)] [ParOldGen: 155409K->174215K(174592K)] 184569K->184400K(232960K) [PSPermGen: 2651K->2651K(21504K)], 0.2357175 secs] [Times: user=0.41 sys=0.02, real=0.24 secs] 
2014-07-10T14:43:59.148+0200: 84.881: [Full GC [PSYoungGen: 29151K->29093K(58368K)] [ParOldGen: 174215K->174160K(174592K)] 203367K->203253K(232960K) [PSPermGen: 2651K->2651K(21504K)], 0.2167073 secs] [Times: user=0.41 sys=0.00, real=0.22 secs] 
2014-07-10T14:43:59.365+0200: 85.098: [Full GC [PSYoungGen: 29177K->29172K(58368K)] [ParOldGen: 174160K->174159K(174592K)] 203337K->203332K(232960K) [PSPermGen: 2651K->2651K(21504K)], 0.1435358 secs] [Times: user=0.23 sys=0.00, real=0.14 secs] 
2014-07-10T14:43:59.509+0200: 85.242: [Full GC [PSYoungGen: 29178K->29173K(58368K)] [ParOldGen: 174589K->174588K(174592K)] 203768K->203762K(232960K) [PSPermGen: 2651K->2651K(21504K)], 0.1735976 secs] [Times: user=0.31 sys=0.00, real=0.17 secs] 
2014-07-10T14:43:59.683+0200: 85.416: [Full GC [PSYoungGen: 29173K->0K(58368K)] [ParOldGen: 174588K->8178K(134656K)] 203762K->8178K(193024K) [PSPermGen: 2651K->2651K(21504K)], 0.0479114 secs] [Times: user=0.06 sys=0.00, real=0.05 secs] 
2014-07-10T14:43:59.780+0200: 85.513: [GC [PSYoungGen: 29179K->29113K(58368K)] 39351K->39285K(193024K), 0.0188864 secs] [Times: user=0.03 sys=0.00, real=0.02 secs] 
2014-07-10T14:43:59.845+0200: 85.578: [GC [PSYoungGen: 58295K->29123K(58368K)] 68467K->68390K(193024K), 0.0374944 secs] [Times: user=0.09 sys=0.00, real=0.04 secs] 
2014-07-10T14:43:59.930+0200: 85.663: [GC [PSYoungGen: 58307K->29137K(58368K)] 97574K->97513K(193024K), 0.0372957 secs] [Times: user=0.06 sys=0.00, real=0.04 secs] 
2014-07-10T14:44:00.016+0200: 85.749: [GC [PSYoungGen: 58313K->29138K(58368K)] 126689K->126627K(193024K), 0.0380550 secs] [Times: user=0.08 sys=0.00, real=0.04 secs] 
2014-07-10T14:44:00.054+0200: 85.787: [Full GC [PSYoungGen: 29138K->0K(58368K)] [ParOldGen: 97489K->126205K(174592K)] 126627K->126205K(232960K) [PSPermGen: 2651K->2651K(21504K)], 0.2091416 secs] [Times: user=0.36 sys=0.00, real=0.21 secs] 
2014-07-10T14:44:00.311+0200: 86.044: [GC [PSYoungGen: 29162K->29106K(58368K)] 155367K->155311K(232960K), 0.0195067 secs] [Times: user=0.03 sys=0.00, real=0.02 secs] 
2014-07-10T14:44:00.330+0200: 86.063: [Full GC [PSYoungGen: 29106K->0K(58368K)] [ParOldGen: 126205K->155195K(174592K)] 155311K->155195K(232960K) [PSPermGen: 2651K->2651K(21504K)], 0.1982062 secs] [Times: user=0.36 sys=0.00, real=0.20 secs] 
2014-07-10T14:44:00.579+0200: 86.312: [Full GC [PSYoungGen: 29162K->9640K(58368K)] [ParOldGen: 155195K->174544K(174592K)] 184357K->184185K(232960K) [PSPermGen: 2651K->2651K(21504K)], 0.2084149 secs] [Times: user=0.41 sys=0.00, real=0.21 secs] 
2014-07-10T14:44:00.821+0200: 86.554: [Full GC [PSYoungGen: 29154K->29098K(58368K)] [ParOldGen: 174544K->174487K(174592K)] 203699K->203586K(232960K) [PSPermGen: 2651K->2651K(21504K)], 0.2110473 secs] [Times: user=0.36 sys=0.00, real=0.21 secs] 
2014-07-10T14:44:01.032+0200: 86.765: [Full GC [PSYoungGen: 29183K->29177K(58368K)] [ParOldGen: 174487K->174486K(174592K)] 203670K->203664K(232960K) [PSPermGen: 2651K->2651K(21504K)], 0.2010546 secs] [Times: user=0.27 sys=0.00, real=0.20 secs] 
2014-07-10T14:44:01.233+0200: 86.967: [Full GC [PSYoungGen: 29182K->29178K(58368K)] [ParOldGen: 174565K->174564K(174592K)] 203747K->203743K(232960K) [PSPermGen: 2651K->2651K(21504K)], 0.1328101 secs] [Times: user=0.28 sys=0.00, real=0.13 secs] 
2014-07-10T14:44:01.366+0200: 87.100: [Full GC [PSYoungGen: 29178K->0K(58368K)] [ParOldGen: 174564K->8223K(134656K)] 203743K->8223K(193024K) [PSPermGen: 2651K->2651K(21504K)], 0.0479590 secs] [Times: user=0.06 sys=0.02, real=0.05 secs] 
2014-07-10T14:44:01.463+0200: 87.196: [GC [PSYoungGen: 29163K->29116K(58368K)] 39770K->39724K(193024K), 0.0192196 secs] [Times: user=0.03 sys=0.00, real=0.02 secs] 
2014-07-10T14:44:01.529+0200: 87.262: [GC [PSYoungGen: 58296K->29137K(58368K)] 68904K->68827K(193024K), 0.0379754 secs] [Times: user=0.08 sys=0.00, real=0.04 secs] 
2014-07-10T14:44:01.614+0200: 87.347: [GC [PSYoungGen: 58313K->29101K(58368K)] 98004K->97897K(193024K), 0.0465138 secs] [Times: user=0.08 sys=0.00, real=0.05 secs] 
2014-07-10T14:44:01.725+0200: 87.458: [GC [PSYoungGen: 58279K->29152K(58368K)] 127075K->127050K(193024K), 0.0386801 secs] [Times: user=0.06 sys=0.00, real=0.04 secs] 
2014-07-10T14:44:01.764+0200: 87.497: [Full GC [PSYoungGen: 29152K->0K(58368K)] [ParOldGen: 97897K->126613K(174592K)] 127050K->126613K(232960K) [PSPermGen: 2651K->2651K(21504K)], 0.1997651 secs] [Times: user=0.38 sys=0.00, real=0.20 secs] 
2014-07-10T14:44:02.011+0200: 87.744: [GC [PSYoungGen: 29167K->29123K(58368K)] 155781K->155736K(232960K), 0.0201596 secs] [Times: user=0.01 sys=0.00, real=0.02 secs] 
2014-07-10T14:44:02.031+0200: 87.764: [Full GC [PSYoungGen: 29123K->0K(58368K)] [ParOldGen: 126613K->155608K(174592K)] 155736K->155608K(232960K) [PSPermGen: 2651K->2651K(21504K)], 0.2220879 secs] [Times: user=0.38 sys=0.02, real=0.22 secs] 
2014-07-10T14:44:02.303+0200: 88.036: [Full GC [PSYoungGen: 29160K->10181K(58368K)] [ParOldGen: 155608K->174415K(174592K)] 184768K->184597K(232960K) [PSPermGen: 2651K->2651K(21504K)], 0.2057529 secs] [Times: user=0.37 sys=0.00, real=0.21 secs] 
2014-07-10T14:44:02.542+0200: 88.275: [Full GC [PSYoungGen: 29174K->29117K(58368K)] [ParOldGen: 174415K->174359K(174592K)] 203590K->203476K(232960K) [PSPermGen: 2651K->2651K(21504K)], 0.2474639 secs] [Times: user=0.36 sys=0.00, real=0.25 secs] 
2014-07-10T14:44:02.789+0200: 88.523: [Full GC [PSYoungGen: 29160K->29157K(58368K)] [ParOldGen: 174359K->174359K(174592K)] 203519K->203516K(232960K) [PSPermGen: 2651K->2651K(21504K)], 0.1299622 secs] [Times: user=0.22 sys=0.00, real=0.13 secs] 
2014-07-10T14:44:02.920+0200: 88.653: [Full GC [PSYoungGen: 29161K->29158K(58368K)] [ParOldGen: 174554K->174553K(174592K)] 203716K->203712K(232960K) [PSPermGen: 2651K->2651K(21504K)], 0.1487338 secs] [Times: user=0.30 sys=0.00, real=0.15 secs] 
2014-07-10T14:44:03.069+0200: 88.802: [Full GC [PSYoungGen: 29158K->0K(58368K)] [ParOldGen: 174553K->8191K(134656K)] 203712K->8191K(193024K) [PSPermGen: 2651K->2651K(21504K)], 0.0489258 secs] [Times: user=0.08 sys=0.00, real=0.05 secs] 
2014-07-10T14:44:03.168+0200: 88.901: [GC [PSYoungGen: 29174K->29116K(58368K)] 39632K->39574K(193024K), 0.0195257 secs] [Times: user=0.03 sys=0.00, real=0.02 secs] 
2014-07-10T14:44:03.234+0200: 88.967: [GC [PSYoungGen: 58276K->29103K(58368K)] 68734K->68656K(193024K), 0.0370747 secs] [Times: user=0.09 sys=0.00, real=0.04 secs] 
2014-07-10T14:44:03.317+0200: 89.050: [GC [PSYoungGen: 58284K->29123K(58368K)] 97837K->97762K(193024K), 0.0601809 secs] [Times: user=0.06 sys=0.00, real=0.06 secs] 
2014-07-10T14:44:03.430+0200: 89.163: [GC [PSYoungGen: 58282K->29116K(58368K)] 126920K->126863K(193024K), 0.0373225 secs] [Times: user=0.06 sys=0.00, real=0.04 secs] 
2014-07-10T14:44:03.467+0200: 89.201: [Full GC [PSYoungGen: 29116K->0K(58368K)] [ParOldGen: 97747K->126442K(174592K)] 126863K->126442K(232960K) [PSPermGen: 2651K->2651K(21504K)], 0.1833729 secs] [Times: user=0.34 sys=0.00, real=0.18 secs] 
2014-07-10T14:44:03.700+0200: 89.433: [GC [PSYoungGen: 29168K->29123K(58368K)] 155611K->155566K(232960K), 0.0339268 secs] [Times: user=0.05 sys=0.00, real=0.03 secs] 
2014-07-10T14:44:03.734+0200: 89.467: [Full GC [PSYoungGen: 29123K->0K(58368K)] [ParOldGen: 126442K->155439K(174592K)] 155566K->155439K(232960K) [PSPermGen: 2651K->2651K(21504K)], 0.2600952 secs] [Times: user=0.30 sys=0.03, real=0.26 secs] 
2014-07-10T14:44:04.042+0200: 89.775: [Full GC [PSYoungGen: 29145K->10134K(58368K)] [ParOldGen: 155439K->174279K(174592K)] 184585K->184413K(232960K) [PSPermGen: 2651K->2651K(21504K)], 0.2292939 secs] [Times: user=0.40 sys=0.01, real=0.23 secs] 
2014-07-10T14:44:04.303+0200: 90.036: [Full GC [PSYoungGen: 29167K->29110K(58368K)] [ParOldGen: 174279K->174223K(174592K)] 203447K->203333K(232960K) [PSPermGen: 2651K->2651K(21504K)], 0.2453594 secs] [Times: user=0.38 sys=0.00, real=0.25 secs] 
2014-07-10T14:44:04.548+0200: 90.282: [Full GC [PSYoungGen: 29153K->29150K(58368K)] [ParOldGen: 174223K->174222K(174592K)] 203376K->203373K(232960K) [PSPermGen: 2651K->2651K(21504K)], 0.1435405 secs] [Times: user=0.25 sys=0.00, real=0.14 secs] 
2014-07-10T14:44:04.693+0200: 90.426: [Full GC [PSYoungGen: 29154K->29151K(58368K)] [ParOldGen: 174574K->174573K(174592K)] 203728K->203725K(232960K) [PSPermGen: 2651K->2651K(21504K)], 0.1763411 secs] [Times: user=0.28 sys=0.02, real=0.18 secs] 
2014-07-10T14:44:04.870+0200: 90.603: [Full GC [PSYoungGen: 29151K->0K(58368K)] [ParOldGen: 174573K->8195K(134656K)] 203725K->8195K(193024K) [PSPermGen: 2651K->2651K(21504K)], 0.0505573 secs] [Times: user=0.09 sys=0.01, real=0.05 secs] 
2014-07-10T14:44:04.971+0200: 90.704: [GC [PSYoungGen: 29179K->29120K(58368K)] 39485K->39426K(193024K), 0.0189993 secs] [Times: user=0.03 sys=0.00, real=0.02 secs] 
2014-07-10T14:44:05.036+0200: 90.769: [GC [PSYoungGen: 58290K->29161K(58368K)] 68596K->68492K(193024K), 0.0378420 secs] [Times: user=0.06 sys=0.00, real=0.04 secs] 
2014-07-10T14:44:05.121+0200: 90.854: [GC [PSYoungGen: 58313K->29183K(58368K)] 97644K->97566K(193024K), 0.0608474 secs] [Times: user=0.11 sys=0.00, real=0.06 secs] 
2014-07-10T14:44:05.229+0200: 90.962: [GC [PSYoungGen: 58364K->29147K(58368K)] 126747K->126728K(193024K), 0.0379003 secs] [Times: user=0.08 sys=0.00, real=0.04 secs] 
2014-07-10T14:44:05.267+0200: 91.000: [Full GC [PSYoungGen: 29147K->0K(58368K)] [ParOldGen: 97581K->126298K(174592K)] 126728K->126298K(232960K) [PSPermGen: 2651K->2651K(21504K)], 0.2091772 secs] [Times: user=0.36 sys=0.00, real=0.21 secs] 
2014-07-10T14:44:05.525+0200: 91.258: [GC [PSYoungGen: 29180K->29155K(58368K)] 155478K->155453K(232960K), 0.0188820 secs] [Times: user=0.05 sys=0.00, real=0.02 secs] 
2014-07-10T14:44:05.544+0200: 91.277: [Full GC [PSYoungGen: 29155K->0K(58368K)] [ParOldGen: 126298K->155309K(174592K)] 155453K->155309K(232960K) [PSPermGen: 2651K->2651K(21504K)], 0.2321103 secs] [Times: user=0.39 sys=0.00, real=0.23 secs] 
2014-07-10T14:44:05.826+0200: 91.559: [Full GC [PSYoungGen: 29168K->10191K(58368K)] [ParOldGen: 155309K->174115K(174592K)] 184478K->184306K(232960K) [PSPermGen: 2651K->2651K(21504K)], 0.2222716 secs] [Times: user=0.41 sys=0.02, real=0.22 secs] 
2014-07-10T14:44:06.079+0200: 91.812: [Full GC [PSYoungGen: 29148K->29091K(58368K)] [ParOldGen: 174115K->174058K(174592K)] 203263K->203150K(232960K) [PSPermGen: 2651K->2651K(21504K)], 0.2339152 secs] [Times: user=0.39 sys=0.00, real=0.23 secs] 
2014-07-10T14:44:06.313+0200: 92.046: [Full GC [PSYoungGen: 29175K->29171K(58368K)] [ParOldGen: 174058K->174058K(174592K)] 203234K->203229K(232960K) [PSPermGen: 2651K->2651K(21504K)], 0.1342051 secs] [Times: user=0.23 sys=0.00, real=0.13 secs] 
2014-07-10T14:44:06.448+0200: 92.181: [Full GC [PSYoungGen: 29177K->29172K(58368K)] [ParOldGen: 174566K->174565K(174592K)] 203743K->203737K(232960K) [PSPermGen: 2651K->2651K(21504K)], 0.1733006 secs] [Times: user=0.34 sys=0.00, real=0.17 secs] 
2014-07-10T14:44:06.623+0200: 92.355: [Full GC [PSYoungGen: 29172K->0K(58368K)] [ParOldGen: 174565K->8199K(134656K)] 203737K->8199K(193024K) [PSPermGen: 2651K->2651K(21504K)], 0.0532546 secs] [Times: user=0.08 sys=0.00, real=0.05 secs] 
2014-07-10T14:44:06.734+0200: 92.466: [GC [PSYoungGen: 29157K->29104K(58368K)] 39311K->39258K(193024K), 0.0194139 secs] [Times: user=0.03 sys=0.00, real=0.02 secs] 
2014-07-10T14:44:06.800+0200: 92.532: [GC [PSYoungGen: 58264K->29132K(58368K)] 68418K->68366K(193024K), 0.0382123 secs] [Times: user=0.05 sys=0.00, real=0.04 secs] 
2014-07-10T14:44:06.886+0200: 92.618: [GC [PSYoungGen: 58301K->29107K(58368K)] 97535K->97426K(193024K), 0.0370677 secs] [Times: user=0.09 sys=0.00, real=0.04 secs] 
2014-07-10T14:44:06.970+0200: 92.702: [GC [PSYoungGen: 58274K->29123K(58368K)] 126593K->126536K(193024K), 0.0372488 secs] [Times: user=0.06 sys=0.00, real=0.04 secs] 
2014-07-10T14:44:07.007+0200: 92.740: [Full GC [PSYoungGen: 29123K->0K(58368K)] [ParOldGen: 97412K->126119K(174592K)] 126536K->126119K(232960K) [PSPermGen: 2651K->2651K(21504K)], 0.2031755 secs] [Times: user=0.37 sys=0.00, real=0.20 secs] 
2014-07-10T14:44:07.266+0200: 92.998: [GC [PSYoungGen: 29166K->29123K(58368K)] 155286K->155243K(232960K), 0.0198176 secs] [Times: user=0.03 sys=0.00, real=0.02 secs] 
2014-07-10T14:44:07.286+0200: 93.018: [Full GC [PSYoungGen: 29123K->0K(58368K)] [ParOldGen: 126119K->155117K(174592K)] 155243K->155117K(232960K) [PSPermGen: 2651K->2651K(21504K)], 0.2224417 secs] [Times: user=0.37 sys=0.00, real=0.22 secs] 
2014-07-10T14:44:07.557+0200: 93.289: [Full GC [PSYoungGen: 29175K->9656K(58368K)] [ParOldGen: 155117K->174466K(174592K)] 184293K->184122K(232960K) [PSPermGen: 2651K->2651K(21504K)], 0.2405607 secs] [Times: user=0.37 sys=0.00, real=0.24 secs] 
2014-07-10T14:44:07.831+0200: 93.563: [Full GC [PSYoungGen: 29181K->29123K(58368K)] [ParOldGen: 174466K->174408K(174592K)] 203647K->203531K(232960K) [PSPermGen: 2651K->2651K(21504K)], 0.2518931 secs] [Times: user=0.38 sys=0.00, real=0.25 secs] 
2014-07-10T14:44:08.083+0200: 93.816: [Full GC [PSYoungGen: 29166K->29163K(58368K)] [ParOldGen: 174408K->174408K(174592K)] 203574K->203571K(232960K) [PSPermGen: 2651K->2651K(21504K)], 0.1300799 secs] [Times: user=0.20 sys=0.02, real=0.13 secs] 
2014-07-10T14:44:08.214+0200: 93.946: [Full GC [PSYoungGen: 29167K->29164K(58368K)] [ParOldGen: 174564K->174563K(174592K)] 203731K->203728K(232960K) [PSPermGen: 2651K->2651K(21504K)], 0.1527601 secs] [Times: user=0.23 sys=0.00, real=0.15 secs] 
2014-07-10T14:44:08.367+0200: 94.099: [Full GC [PSYoungGen: 29164K->0K(58368K)] [ParOldGen: 174563K->8244K(134656K)] 203728K->8244K(193024K) [PSPermGen: 2651K->2651K(21504K)], 0.0486641 secs] [Times: user=0.09 sys=0.00, real=0.05 secs] 
2014-07-10T14:44:08.462+0200: 94.195: [GC [PSYoungGen: 29184K->29155K(58368K)] 38367K->38339K(193024K), 0.0191423 secs] [Times: user=0.03 sys=0.00, real=0.02 secs] 
2014-07-10T14:44:08.529+0200: 94.261: [GC [PSYoungGen: 58326K->29108K(58368K)] 67510K->67404K(193024K), 0.0377687 secs] [Times: user=0.06 sys=0.00, real=0.04 secs] 
2014-07-10T14:44:08.614+0200: 94.346: [GC [PSYoungGen: 58269K->29108K(58368K)] 96565K->96502K(193024K), 0.0377404 secs] [Times: user=0.08 sys=0.00, real=0.04 secs] 
2014-07-10T14:44:08.700+0200: 94.432: [GC [PSYoungGen: 58291K->29123K(58368K)] 125685K->125605K(193024K), 0.0372103 secs] [Times: user=0.05 sys=0.00, real=0.04 secs] 
2014-07-10T14:44:08.737+0200: 94.470: [Full GC [PSYoungGen: 29123K->0K(58368K)] [ParOldGen: 96482K->125202K(174592K)] 125605K->125202K(232960K) [PSPermGen: 2651K->2651K(21504K)], 0.2230671 secs] [Times: user=0.36 sys=0.00, real=0.22 secs] 
2014-07-10T14:44:09.008+0200: 94.741: [GC [PSYoungGen: 29170K->29128K(58368K)] 154373K->154331K(232960K), 0.0206839 secs] [Times: user=0.03 sys=0.00, real=0.02 secs] 
2014-07-10T14:44:09.029+0200: 94.761: [Full GC [PSYoungGen: 29128K->0K(58368K)] [ParOldGen: 125202K->154203K(174592K)] 154331K->154203K(232960K) [PSPermGen: 2651K->2651K(21504K)], 0.2136680 secs] [Times: user=0.39 sys=0.00, real=0.21 secs] 
2014-07-10T14:44:09.292+0200: 95.024: [Full GC [PSYoungGen: 29149K->8622K(58368K)] [ParOldGen: 154203K->174558K(174592K)] 183353K->183181K(232960K) [PSPermGen: 2651K->2651K(21504K)], 0.2154794 secs] [Times: user=0.36 sys=0.00, real=0.21 secs] 
2014-07-10T14:44:09.541+0200: 95.273: [Full GC [PSYoungGen: 29182K->29121K(58368K)] [ParOldGen: 174558K->174497K(174592K)] 203741K->203618K(232960K) [PSPermGen: 2651K->2651K(21504K)], 0.2421122 secs] [Times: user=0.37 sys=0.00, real=0.24 secs] 
2014-07-10T14:44:09.783+0200: 95.516: [Full GC [PSYoungGen: 29166K->29161K(58368K)] [ParOldGen: 174497K->174497K(174592K)] 203664K->203658K(232960K) [PSPermGen: 2651K->2651K(21504K)], 0.1293404 secs] [Times: user=0.25 sys=0.00, real=0.13 secs] 
2014-07-10T14:44:09.913+0200: 95.646: [Full GC [PSYoungGen: 29165K->29162K(58368K)] [ParOldGen: 174575K->174575K(174592K)] 203741K->203737K(232960K) [PSPermGen: 2651K->2651K(21504K)], 0.1321968 secs] [Times: user=0.22 sys=0.00, real=0.13 secs] 
2014-07-10T14:44:10.046+0200: 95.778: [Full GC [PSYoungGen: 29162K->0K(58368K)] [ParOldGen: 174575K->8209K(134656K)] 203737K->8209K(193024K) [PSPermGen: 2651K->2651K(21504K)], 0.0550272 secs] [Times: user=0.09 sys=0.02, real=0.06 secs] 
2014-07-10T14:44:10.160+0200: 95.892: [GC [PSYoungGen: 29175K->29106K(58368K)] 39768K->39700K(193024K), 0.0199708 secs] [Times: user=0.05 sys=0.00, real=0.02 secs] 
2014-07-10T14:44:10.227+0200: 95.959: [GC [PSYoungGen: 58271K->29122K(58368K)] 68865K->68814K(193024K), 0.0424992 secs] [Times: user=0.06 sys=0.00, real=0.04 secs] 
2014-07-10T14:44:10.316+0200: 96.048: [GC [PSYoungGen: 58285K->29135K(58368K)] 97978K->97917K(193024K), 0.0378728 secs] [Times: user=0.09 sys=0.00, real=0.04 secs] 
2014-07-10T14:44:10.402+0200: 96.134: [GC [PSYoungGen: 58293K->29098K(58368K)] 127076K->126967K(193024K), 0.0370563 secs] [Times: user=0.06 sys=0.00, real=0.04 secs] 
2014-07-10T14:44:10.439+0200: 96.171: [Full GC [PSYoungGen: 29098K->0K(58368K)] [ParOldGen: 97868K->126564K(174592K)] 126967K->126564K(232960K) [PSPermGen: 2651K->2651K(21504K)], 0.2017556 secs] [Times: user=0.37 sys=0.00, real=0.20 secs] 
2014-07-10T14:44:10.697+0200: 96.429: [GC [PSYoungGen: 29163K->29140K(58368K)] 155727K->155704K(232960K), 0.0194766 secs] [Times: user=0.03 sys=0.00, real=0.02 secs] 
2014-07-10T14:44:10.717+0200: 96.449: [Full GC [PSYoungGen: 29140K->0K(58368K)] [ParOldGen: 126564K->155555K(174592K)] 155704K->155555K(232960K) [PSPermGen: 2651K->2651K(21504K)], 0.2081352 secs] [Times: user=0.33 sys=0.02, real=0.21 secs] 
2014-07-10T14:44:10.976+0200: 96.708: [Full GC [PSYoungGen: 29182K->10206K(58368K)] [ParOldGen: 155555K->174356K(174592K)] 184737K->184563K(232960K) [PSPermGen: 2651K->2651K(21504K)], 0.2666505 secs] [Times: user=0.34 sys=0.00, real=0.27 secs] 
2014-07-10T14:44:11.274+0200: 97.006: [Full GC [PSYoungGen: 29154K->29098K(58368K)] [ParOldGen: 174356K->174300K(174592K)] 203511K->203399K(232960K) [PSPermGen: 2651K->2651K(21504K)], 0.2218925 secs] [Times: user=0.41 sys=0.00, real=0.22 secs] 
2014-07-10T14:44:11.496+0200: 97.229: [Full GC [PSYoungGen: 29183K->29178K(58368K)] [ParOldGen: 174300K->174300K(174592K)] 203484K->203478K(232960K) [PSPermGen: 2651K->2651K(21504K)], 0.1294999 secs] [Times: user=0.22 sys=0.00, real=0.13 secs] 
2014-07-10T14:44:11.626+0200: 97.359: [Full GC [PSYoungGen: 29182K->29179K(58368K)] [ParOldGen: 174574K->174573K(174592K)] 203756K->203752K(232960K) [PSPermGen: 2651K->2651K(21504K)], 0.1651612 secs] [Times: user=0.26 sys=0.00, real=0.16 secs] 
2014-07-10T14:44:11.791+0200: 97.524: [Full GC [PSYoungGen: 29179K->0K(58368K)] [ParOldGen: 174573K->8253K(134656K)] 203752K->8253K(193024K) [PSPermGen: 2651K->2651K(21504K)], 0.0565590 secs] [Times: user=0.06 sys=0.02, real=0.06 secs] 
2014-07-10T14:44:11.896+0200: 97.629: [GC [PSYoungGen: 29176K->29123K(58368K)] 39614K->39562K(193024K), 0.0282569 secs] [Times: user=0.02 sys=0.00, real=0.03 secs] 
2014-07-10T14:44:11.971+0200: 97.704: [GC [PSYoungGen: 58289K->29116K(58368K)] 68727K->68647K(193024K), 0.0368426 secs] [Times: user=0.09 sys=0.00, real=0.04 secs] 
2014-07-10T14:44:12.055+0200: 97.787: [GC [PSYoungGen: 58276K->29114K(58368K)] 97806K->97739K(193024K), 0.0527483 secs] [Times: user=0.08 sys=0.00, real=0.05 secs] 
2014-07-10T14:44:12.155+0200: 97.888: [GC [PSYoungGen: 58292K->29115K(58368K)] 126916K->126822K(193024K), 0.0378845 secs] [Times: user=0.09 sys=0.00, real=0.04 secs] 
2014-07-10T14:44:12.193+0200: 97.926: [Full GC [PSYoungGen: 29115K->0K(58368K)] [ParOldGen: 97707K->126422K(174592K)] 126822K->126422K(232960K) [PSPermGen: 2651K->2651K(21504K)], 0.2126553 secs] [Times: user=0.31 sys=0.00, real=0.21 secs] 
2014-07-10T14:44:12.455+0200: 98.187: [GC [PSYoungGen: 29165K->29116K(58368K)] 155587K->155538K(232960K), 0.0190649 secs] [Times: user=0.05 sys=0.00, real=0.02 secs] 
2014-07-10T14:44:12.474+0200: 98.207: [Full GC [PSYoungGen: 29116K->0K(58368K)] [ParOldGen: 126422K->155416K(174592K)] 155538K->155416K(232960K) [PSPermGen: 2651K->2651K(21504K)], 0.2274520 secs] [Times: user=0.34 sys=0.00, real=0.23 secs] 
2014-07-10T14:44:12.751+0200: 98.483: [Full GC [PSYoungGen: 29158K->10150K(58368K)] [ParOldGen: 155416K->174254K(174592K)] 184574K->184404K(232960K) [PSPermGen: 2651K->2651K(21504K)], 0.2199541 secs] [Times: user=0.39 sys=0.02, real=0.22 secs] 
2014-07-10T14:44:13.002+0200: 98.735: [Full GC [PSYoungGen: 29160K->29104K(58368K)] [ParOldGen: 174254K->174197K(174592K)] 203415K->203302K(232960K) [PSPermGen: 2651K->2651K(21504K)], 0.2388595 secs] [Times: user=0.42 sys=0.00, real=0.24 secs] 
2014-07-10T14:44:13.241+0200: 98.974: [Full GC [PSYoungGen: 29148K->29144K(58368K)] [ParOldGen: 174197K->174197K(174592K)] 203345K->203342K(232960K) [PSPermGen: 2651K->2651K(21504K)], 0.1326976 secs] [Times: user=0.22 sys=0.00, real=0.13 secs] 
2014-07-10T14:44:13.374+0200: 99.107: [Full GC [PSYoungGen: 29184K->29184K(58368K)] [ParOldGen: 174197K->174197K(174592K)] 203381K->203381K(232960K) [PSPermGen: 2651K->2651K(21504K)], 0.0463462 secs] [Times: user=0.08 sys=0.00, real=0.05 secs] 
2014-07-10T14:44:13.421+0200: 99.154: [Full GC [PSYoungGen: 29184K->29183K(58368K)] [ParOldGen: 174433K->174433K(174592K)] 203617K->203616K(232960K) [PSPermGen: 2651K->2651K(21504K)], 0.1757871 secs] [Times: user=0.27 sys=0.00, real=0.18 secs] 
2014-07-10T14:44:13.597+0200: 99.330: [Full GC [PSYoungGen: 29184K->29183K(58368K)] [ParOldGen: 174433K->174433K(174592K)] 203617K->203617K(232960K) [PSPermGen: 2651K->2651K(21504K)], 0.0500286 secs] [Times: user=0.06 sys=0.00, real=0.05 secs] 
2014-07-10T14:44:13.647+0200: 99.380: [Full GC [PSYoungGen: 29184K->29183K(58368K)] [ParOldGen: 174554K->174553K(174592K)] 203738K->203737K(232960K) [PSPermGen: 2651K->2651K(21504K)], 0.1623726 secs] [Times: user=0.27 sys=0.00, real=0.16 secs] 
2014-07-10T14:44:13.810+0200: 99.543: [Full GC [PSYoungGen: 29183K->0K(58368K)] [ParOldGen: 174553K->8219K(134656K)] 203737K->8219K(193024K) [PSPermGen: 2651K->2651K(21504K)], 0.0500774 secs] [Times: user=0.09 sys=0.01, real=0.05 secs] 
2014-07-10T14:44:13.908+0200: 99.641: [GC [PSYoungGen: 29154K->29107K(58368K)] 38897K->38850K(193024K), 0.0192728 secs] [Times: user=0.03 sys=0.00, real=0.02 secs] 
2014-07-10T14:44:13.973+0200: 99.706: [GC [PSYoungGen: 58273K->29118K(58368K)] 68016K->67937K(193024K), 0.0473446 secs] [Times: user=0.06 sys=0.00, real=0.05 secs] 
2014-07-10T14:44:14.067+0200: 99.800: [GC [PSYoungGen: 58290K->29118K(58368K)] 97109K->97030K(193024K), 0.0373478 secs] [Times: user=0.06 sys=0.00, real=0.04 secs] 
2014-07-10T14:44:14.153+0200: 99.886: [GC [PSYoungGen: 58264K->29103K(58368K)] 126176K->126112K(193024K), 0.0377665 secs] [Times: user=0.08 sys=0.00, real=0.04 secs] 
2014-07-10T14:44:14.191+0200: 99.924: [Full GC [PSYoungGen: 29103K->0K(58368K)] [ParOldGen: 97009K->125697K(174592K)] 126112K->125697K(232960K) [PSPermGen: 2651K->2651K(21504K)], 0.2057287 secs] [Times: user=0.34 sys=0.00, real=0.21 secs] 
2014-07-10T14:44:14.445+0200: 100.178: [GC [PSYoungGen: 29157K->29116K(58368K)] 154855K->154814K(232960K), 0.0193725 secs] [Times: user=0.03 sys=0.00, real=0.02 secs] 
2014-07-10T14:44:14.464+0200: 100.197: [Full GC [PSYoungGen: 29116K->0K(58368K)] [ParOldGen: 125697K->154684K(174592K)] 154814K->154684K(232960K) [PSPermGen: 2651K->2651K(21504K)], 0.2257512 secs] [Times: user=0.39 sys=0.00, real=0.23 secs] 
2014-07-10T14:44:14.739+0200: 100.472: [Full GC [PSYoungGen: 29156K->9132K(58368K)] [ParOldGen: 154684K->174539K(174592K)] 183841K->183671K(232960K) [PSPermGen: 2651K->2651K(21504K)], 0.2311340 secs] [Times: user=0.39 sys=0.03, real=0.23 secs] 
2014-07-10T14:44:15.004+0200: 100.737: [Full GC [PSYoungGen: 29155K->29093K(58368K)] [ParOldGen: 174539K->174480K(174592K)] 203694K->203574K(232960K) [PSPermGen: 2651K->2651K(21504K)], 0.2652368 secs] [Times: user=0.47 sys=0.00, real=0.26 secs] 
2014-07-10T14:44:15.269+0200: 101.002: [Full GC [PSYoungGen: 29151K->29148K(58368K)] [ParOldGen: 174480K->174480K(174592K)] 203632K->203629K(232960K) [PSPermGen: 2651K->2651K(21504K)], 0.1524719 secs] [Times: user=0.23 sys=0.00, real=0.15 secs] 
2014-07-10T14:44:15.421+0200: 101.155: [Full GC [PSYoungGen: 29154K->29149K(58368K)] [ParOldGen: 174558K->174558K(174592K)] 203713K->203707K(232960K) [PSPermGen: 2651K->2651K(21504K)], 0.1386003 secs] [Times: user=0.23 sys=0.00, real=0.14 secs] 
2014-07-10T14:44:15.560+0200: 101.294: [Full GC [PSYoungGen: 29149K->0K(58368K)] [ParOldGen: 174558K->8223K(134656K)] 203707K->8223K(193024K) [PSPermGen: 2651K->2651K(21504K)], 0.0616455 secs] [Times: user=0.09 sys=0.00, real=0.06 secs] 
2014-07-10T14:44:15.672+0200: 101.406: [GC [PSYoungGen: 29184K->29122K(58368K)] 39752K->39690K(193024K), 0.0192028 secs] [Times: user=0.03 sys=0.00, real=0.02 secs] 
2014-07-10T14:44:15.737+0200: 101.471: [GC [PSYoungGen: 58283K->29104K(58368K)] 68851K->68779K(193024K), 0.0454546 secs] [Times: user=0.08 sys=0.00, real=0.05 secs] 
2014-07-10T14:44:15.830+0200: 101.564: [GC [PSYoungGen: 58277K->29136K(58368K)] 97951K->97899K(193024K), 0.0367319 secs] [Times: user=0.06 sys=0.00, real=0.04 secs] 
2014-07-10T14:44:15.915+0200: 101.649: [GC [PSYoungGen: 58312K->29123K(58368K)] 127075K->126985K(193024K), 0.0377844 secs] [Times: user=0.08 sys=0.00, real=0.04 secs] 
2014-07-10T14:44:15.953+0200: 101.687: [Full GC [PSYoungGen: 29123K->0K(58368K)] [ParOldGen: 97861K->126573K(174592K)] 126985K->126573K(232960K) [PSPermGen: 2651K->2651K(21504K)], 0.2210419 secs] [Times: user=0.34 sys=0.00, real=0.22 secs] 
2014-07-10T14:44:16.222+0200: 101.956: [GC [PSYoungGen: 29158K->29116K(58368K)] 155732K->155689K(232960K), 0.0193765 secs] [Times: user=0.03 sys=0.00, real=0.02 secs] 
2014-07-10T14:44:16.241+0200: 101.975: [Full GC [PSYoungGen: 29116K->0K(58368K)] [ParOldGen: 126573K->155562K(174592K)] 155689K->155562K(232960K) [PSPermGen: 2651K->2651K(21504K)], 0.2238642 secs] [Times: user=0.42 sys=0.00, real=0.22 secs] 
2014-07-10T14:44:16.516+0200: 102.250: [Full GC [PSYoungGen: 29146K->10149K(58368K)] [ParOldGen: 155562K->174387K(174592K)] 184709K->184536K(232960K) [PSPermGen: 2651K->2651K(21504K)], 0.2316341 secs] [Times: user=0.42 sys=0.00, real=0.23 secs] 
2014-07-10T14:44:16.780+0200: 102.513: [Full GC [PSYoungGen: 29166K->29108K(58368K)] [ParOldGen: 174387K->174331K(174592K)] 203553K->203439K(232960K) [PSPermGen: 2651K->2651K(21504K)], 0.2251760 secs] [Times: user=0.40 sys=0.00, real=0.23 secs] 
2014-07-10T14:44:17.005+0200: 102.738: [Full GC [PSYoungGen: 29153K->29148K(58368K)] [ParOldGen: 174331K->174330K(174592K)] 203484K->203479K(232960K) [PSPermGen: 2651K->2651K(21504K)], 0.1255007 secs] [Times: user=0.25 sys=0.00, real=0.13 secs] 
2014-07-10T14:44:17.131+0200: 102.864: [Full GC [PSYoungGen: 29154K->29149K(58368K)] [ParOldGen: 174565K->174564K(174592K)] 203719K->203714K(232960K) [PSPermGen: 2651K->2651K(21504K)], 0.1443915 secs] [Times: user=0.22 sys=0.00, real=0.14 secs] 
2014-07-10T14:44:17.276+0200: 103.009: [Full GC [PSYoungGen: 29149K->0K(58368K)] [ParOldGen: 174564K->8225K(134656K)] 203714K->8225K(193024K) [PSPermGen: 2651K->2651K(21504K)], 0.0504327 secs] [Times: user=0.09 sys=0.02, real=0.05 secs] 
2014-07-10T14:44:17.374+0200: 103.107: [GC [PSYoungGen: 29184K->29112K(58368K)] 39012K->38940K(193024K), 0.0187584 secs] [Times: user=0.03 sys=0.00, real=0.02 secs] 
2014-07-10T14:44:17.440+0200: 103.173: [GC [PSYoungGen: 58285K->29116K(58368K)] 68114K->68051K(193024K), 0.0373247 secs] [Times: user=0.06 sys=0.00, real=0.04 secs] 
2014-07-10T14:44:17.525+0200: 103.258: [GC [PSYoungGen: 58283K->29123K(58368K)] 97218K->97157K(193024K), 0.0628932 secs] [Times: user=0.11 sys=0.00, real=0.06 secs] 
2014-07-10T14:44:17.635+0200: 103.368: [GC [PSYoungGen: 58302K->29155K(58368K)] 126336K->126281K(193024K), 0.0374816 secs] [Times: user=0.09 sys=0.00, real=0.04 secs] 
2014-07-10T14:44:17.673+0200: 103.406: [Full GC [PSYoungGen: 29155K->0K(58368K)] [ParOldGen: 97125K->125847K(174592K)] 126281K->125847K(232960K) [PSPermGen: 2651K->2651K(21504K)], 0.2206855 secs] [Times: user=0.36 sys=0.00, real=0.22 secs] 
2014-07-10T14:44:17.941+0200: 103.674: [GC [PSYoungGen: 29156K->29116K(58368K)] 155003K->154964K(232960K), 0.0197036 secs] [Times: user=0.03 sys=0.00, real=0.02 secs] 
2014-07-10T14:44:17.961+0200: 103.694: [Full GC [PSYoungGen: 29116K->0K(58368K)] [ParOldGen: 125847K->154834K(174592K)] 154964K->154834K(232960K) [PSPermGen: 2651K->2651K(21504K)], 0.2213312 secs] [Times: user=0.42 sys=0.00, real=0.22 secs] 
2014-07-10T14:44:18.230+0200: 103.963: [Full GC [PSYoungGen: 29152K->9660K(58368K)] [ParOldGen: 154834K->174153K(174592K)] 183986K->183813K(232960K) [PSPermGen: 2651K->2651K(21504K)], 0.2303388 secs] [Times: user=0.39 sys=0.00, real=0.23 secs] 
2014-07-10T14:44:18.493+0200: 104.226: [Full GC [PSYoungGen: 29154K->29096K(58368K)] [ParOldGen: 174153K->174095K(174592K)] 203308K->203191K(232960K) [PSPermGen: 2651K->2651K(21504K)], 0.2438192 secs] [Times: user=0.47 sys=0.00, real=0.24 secs] 
2014-07-10T14:44:18.737+0200: 104.470: [Full GC [PSYoungGen: 29180K->29175K(58368K)] [ParOldGen: 174095K->174094K(174592K)] 203275K->203270K(232960K) [PSPermGen: 2651K->2651K(21504K)], 0.1531799 secs] [Times: user=0.23 sys=0.00, real=0.15 secs] 
2014-07-10T14:44:18.891+0200: 104.624: [Full GC [PSYoungGen: 29181K->29177K(58368K)] [ParOldGen: 174563K->174562K(174592K)] 203745K->203739K(232960K) [PSPermGen: 2651K->2651K(21504K)], 0.1733461 secs] [Times: user=0.34 sys=0.00, real=0.17 secs] 
2014-07-10T14:44:19.064+0200: 104.797: [Full GC [PSYoungGen: 29177K->0K(58368K)] [ParOldGen: 174562K->8228K(134656K)] 203739K->8228K(193024K) [PSPermGen: 2651K->2651K(21504K)], 0.0552223 secs] [Times: user=0.08 sys=0.02, real=0.06 secs] 
2014-07-10T14:44:19.170+0200: 104.903: [GC [PSYoungGen: 29162K->29116K(58368K)] 39384K->39338K(193024K), 0.0195448 secs] [Times: user=0.03 sys=0.00, real=0.02 secs] 
2014-07-10T14:44:19.236+0200: 104.969: [GC [PSYoungGen: 58281K->29123K(58368K)] 68503K->68423K(193024K), 0.0372202 secs] [Times: user=0.05 sys=0.00, real=0.04 secs] 
2014-07-10T14:44:19.320+0200: 105.053: [GC [PSYoungGen: 58269K->29110K(58368K)] 97568K->97501K(193024K), 0.0574271 secs] [Times: user=0.11 sys=0.00, real=0.06 secs] 
2014-07-10T14:44:19.426+0200: 105.159: [GC [PSYoungGen: 58268K->29093K(58368K)] 126659K->126555K(193024K), 0.0376994 secs] [Times: user=0.09 sys=0.00, real=0.04 secs] 
2014-07-10T14:44:19.464+0200: 105.197: [Full GC [PSYoungGen: 29093K->0K(58368K)] [ParOldGen: 97462K->126160K(174592K)] 126555K->126160K(232960K) [PSPermGen: 2651K->2651K(21504K)], 0.2270773 secs] [Times: user=0.33 sys=0.00, real=0.23 secs] 
2014-07-10T14:44:19.741+0200: 105.474: [GC [PSYoungGen: 29155K->29107K(58368K)] 155315K->155268K(232960K), 0.0214982 secs] [Times: user=0.06 sys=0.00, real=0.02 secs] 
2014-07-10T14:44:19.762+0200: 105.496: [Full GC [PSYoungGen: 29107K->0K(58368K)] [ParOldGen: 126160K->155143K(174592K)] 155268K->155143K(232960K) [PSPermGen: 2651K->2651K(21504K)], 0.2372563 secs] [Times: user=0.39 sys=0.00, real=0.24 secs] 
2014-07-10T14:44:20.049+0200: 105.782: [Full GC [PSYoungGen: 29152K->9641K(58368K)] [ParOldGen: 155143K->174484K(174592K)] 184295K->184125K(232960K) [PSPermGen: 2651K->2651K(21504K)], 0.2455948 secs] [Times: user=0.45 sys=0.00, real=0.24 secs] 
2014-07-10T14:44:20.327+0200: 106.060: [Full GC [PSYoungGen: 29168K->29110K(58368K)] [ParOldGen: 174484K->174426K(174592K)] 203653K->203537K(232960K) [PSPermGen: 2651K->2651K(21504K)], 0.2527194 secs] [Times: user=0.39 sys=0.00, real=0.25 secs] 
2014-07-10T14:44:20.580+0200: 106.313: [Full GC [PSYoungGen: 29153K->29150K(58368K)] [ParOldGen: 174426K->174426K(174592K)] 203580K->203577K(232960K) [PSPermGen: 2651K->2651K(21504K)], 0.1301257 secs] [Times: user=0.26 sys=0.00, real=0.13 secs] 
2014-07-10T14:44:20.710+0200: 106.443: [Full GC [PSYoungGen: 29154K->29151K(58368K)] [ParOldGen: 174582K->174582K(174592K)] 203737K->203734K(232960K) [PSPermGen: 2651K->2651K(21504K)], 0.1552245 secs] [Times: user=0.25 sys=0.00, real=0.16 secs] 
2014-07-10T14:44:20.866+0200: 106.599: [Full GC [PSYoungGen: 29151K->0K(58368K)] [ParOldGen: 174582K->8271K(134656K)] 203734K->8271K(193024K) [PSPermGen: 2651K->2651K(21504K)], 0.0489159 secs] [Times: user=0.06 sys=0.02, real=0.05 secs] 
2014-07-10T14:44:20.965+0200: 106.698: [GC [PSYoungGen: 29183K->29142K(58368K)] 38979K->38937K(193024K), 0.0201593 secs] [Times: user=0.03 sys=0.00, real=0.02 secs] 
2014-07-10T14:44:21.033+0200: 106.766: [GC [PSYoungGen: 58290K->29094K(58368K)] 68085K->67995K(193024K), 0.0439624 secs] [Times: user=0.08 sys=0.00, real=0.04 secs] 
2014-07-10T14:44:21.127+0200: 106.860: [GC [PSYoungGen: 58246K->29084K(58368K)] 97147K->97057K(193024K), 0.0421458 secs] [Times: user=0.08 sys=0.00, real=0.04 secs] 
2014-07-10T14:44:21.229+0200: 106.962: [GC [PSYoungGen: 58255K->29131K(58368K)] 126227K->126178K(193024K), 0.0400810 secs] [Times: user=0.05 sys=0.00, real=0.04 secs] 
2014-07-10T14:44:21.269+0200: 107.002: [Full GC [PSYoungGen: 29131K->0K(58368K)] [ParOldGen: 97046K->125757K(174592K)] 126178K->125757K(232960K) [PSPermGen: 2651K->2651K(21504K)], 0.3132504 secs] [Times: user=0.31 sys=0.01, real=0.31 secs] 
2014-07-10T14:44:21.639+0200: 107.372: [GC [PSYoungGen: 29158K->29102K(58368K)] 154916K->154860K(232960K), 0.0226032 secs] [Times: user=0.05 sys=0.00, real=0.02 secs] 
2014-07-10T14:44:21.662+0200: 107.395: [Full GC [PSYoungGen: 29102K->0K(58368K)] [ParOldGen: 125757K->154746K(174592K)] 154860K->154746K(232960K) [PSPermGen: 2651K->2651K(21504K)], 0.2104266 secs] [Times: user=0.38 sys=0.00, real=0.21 secs] 
2014-07-10T14:44:21.921+0200: 107.654: [Full GC [PSYoungGen: 29151K->9635K(58368K)] [ParOldGen: 154746K->174089K(174592K)] 183897K->183725K(232960K) [PSPermGen: 2651K->2651K(21504K)], 0.2458874 secs] [Times: user=0.42 sys=0.00, real=0.25 secs] 
2014-07-10T14:44:22.199+0200: 107.932: [Full GC [PSYoungGen: 29184K->28583K(58368K)] [ParOldGen: 174089K->174574K(174592K)] 203273K->203158K(232960K) [PSPermGen: 2651K->2651K(21504K)], 0.2401468 secs] [Times: user=0.42 sys=0.00, real=0.24 secs] 
2014-07-10T14:44:22.439+0200: 108.173: [Full GC [PSYoungGen: 29175K->29171K(58368K)] [ParOldGen: 174574K->174573K(174592K)] 203750K->203744K(232960K) [PSPermGen: 2651K->2651K(21504K)], 0.1840277 secs] [Times: user=0.33 sys=0.02, real=0.19 secs] 
2014-07-10T14:44:22.624+0200: 108.357: [Full GC [PSYoungGen: 29171K->0K(58368K)] [ParOldGen: 174573K->8233K(134656K)] 203744K->8233K(193024K) [PSPermGen: 2651K->2651K(21504K)], 0.0551735 secs] [Times: user=0.11 sys=0.00, real=0.05 secs] 
2014-07-10T14:44:22.746+0200: 108.479: [GC [PSYoungGen: 29173K->29112K(58368K)] 39868K->39807K(193024K), 0.0190781 secs] [Times: user=0.03 sys=0.00, real=0.02 secs] 
2014-07-10T14:44:22.812+0200: 108.545: [GC [PSYoungGen: 58292K->29139K(58368K)] 68987K->68930K(193024K), 0.0374028 secs] [Times: user=0.09 sys=0.00, real=0.04 secs] 
2014-07-10T14:44:22.896+0200: 108.629: [GC [PSYoungGen: 58314K->29118K(58368K)] 98104K->98010K(193024K), 0.0370787 secs] [Times: user=0.06 sys=0.00, real=0.04 secs] 
2014-07-10T14:44:22.980+0200: 108.713: [GC [PSYoungGen: 58276K->29129K(58368K)] 127168K->127121K(193024K), 0.0569799 secs] [Times: user=0.08 sys=0.00, real=0.06 secs] 
2014-07-10T14:44:23.037+0200: 108.770: [Full GC [PSYoungGen: 29129K->0K(58368K)] [ParOldGen: 97991K->126688K(174592K)] 127121K->126688K(232960K) [PSPermGen: 2651K->2651K(21504K)], 0.2082122 secs] [Times: user=0.30 sys=0.02, real=0.21 secs] 
2014-07-10T14:44:23.294+0200: 109.027: [GC [PSYoungGen: 29157K->29109K(58368K)] 155845K->155797K(232960K), 0.0195888 secs] [Times: user=0.03 sys=0.00, real=0.02 secs] 
2014-07-10T14:44:23.313+0200: 109.047: [Full GC [PSYoungGen: 29109K->0K(58368K)] [ParOldGen: 126688K->155674K(174592K)] 155797K->155674K(232960K) [PSPermGen: 2651K->2651K(21504K)], 0.2040869 secs] [Times: user=0.36 sys=0.01, real=0.20 secs] 
2014-07-10T14:44:23.567+0200: 109.300: [Full GC [PSYoungGen: 29145K->10167K(58368K)] [ParOldGen: 155674K->174479K(174592K)] 184819K->184646K(232960K) [PSPermGen: 2651K->2651K(21504K)], 0.2359907 secs] [Times: user=0.37 sys=0.00, real=0.24 secs] 
2014-07-10T14:44:23.835+0200: 109.568: [Full GC [PSYoungGen: 29156K->29099K(58368K)] [ParOldGen: 174479K->174422K(174592K)] 203635K->203522K(232960K) [PSPermGen: 2651K->2651K(21504K)], 0.2244577 secs] [Times: user=0.41 sys=0.00, real=0.22 secs] 
2014-07-10T14:44:24.060+0200: 109.793: [Full GC [PSYoungGen: 29183K->29178K(58368K)] [ParOldGen: 174422K->174422K(174592K)] 203606K->203600K(232960K) [PSPermGen: 2651K->2651K(21504K)], 0.1512162 secs] [Times: user=0.28 sys=0.00, real=0.15 secs] 
2014-07-10T14:44:24.211+0200: 109.945: [Full GC [PSYoungGen: 29182K->29179K(58368K)] [ParOldGen: 174578K->174578K(174592K)] 203761K->203757K(232960K) [PSPermGen: 2651K->2651K(21504K)], 0.1488441 secs] [Times: user=0.25 sys=0.00, real=0.15 secs] 
2014-07-10T14:44:24.360+0200: 110.094: [Full GC [PSYoungGen: 29179K->0K(58368K)] [ParOldGen: 174578K->8276K(134656K)] 203757K->8276K(193024K) [PSPermGen: 2651K->2651K(21504K)], 0.0515622 secs] [Times: user=0.08 sys=0.00, real=0.05 secs] 
2014-07-10T14:44:24.461+0200: 110.194: [GC [PSYoungGen: 29160K->29107K(58368K)] 39742K->39690K(193024K), 0.0198220 secs] [Times: user=0.03 sys=0.00, real=0.02 secs] 
2014-07-10T14:44:24.527+0200: 110.260: [GC [PSYoungGen: 58272K->29112K(58368K)] 68855K->68778K(193024K), 0.0413946 secs] [Times: user=0.08 sys=0.00, real=0.04 secs] 
2014-07-10T14:44:24.615+0200: 110.348: [GC [PSYoungGen: 58284K->29134K(58368K)] 97950K->97892K(193024K), 0.0383135 secs] [Times: user=0.05 sys=0.00, real=0.04 secs] 
2014-07-10T14:44:24.701+0200: 110.434: [GC [PSYoungGen: 58297K->29116K(58368K)] 127055K->126975K(193024K), 0.0379381 secs] [Times: user=0.08 sys=0.00, real=0.04 secs] 
2014-07-10T14:44:24.739+0200: 110.473: [Full GC [PSYoungGen: 29116K->0K(58368K)] [ParOldGen: 97858K->126550K(174592K)] 126975K->126550K(232960K) [PSPermGen: 2651K->2651K(21504K)], 0.2075372 secs] [Times: user=0.31 sys=0.00, real=0.21 secs] 
2014-07-10T14:44:24.995+0200: 110.728: [GC [PSYoungGen: 29179K->29123K(58368K)] 155729K->155674K(232960K), 0.0196801 secs] [Times: user=0.06 sys=0.00, real=0.02 secs] 
2014-07-10T14:44:25.015+0200: 110.748: [Full GC [PSYoungGen: 29123K->0K(58368K)] [ParOldGen: 126550K->155557K(174592K)] 155674K->155557K(232960K) [PSPermGen: 2651K->2651K(21504K)], 0.2210368 secs] [Times: user=0.36 sys=0.02, real=0.22 secs] 
2014-07-10T14:44:25.285+0200: 111.018: [Full GC [PSYoungGen: 29166K->10187K(58368K)] [ParOldGen: 155557K->174362K(174592K)] 184724K->184549K(232960K) [PSPermGen: 2651K->2651K(21504K)], 0.2189375 secs] [Times: user=0.36 sys=0.00, real=0.22 secs] 
2014-07-10T14:44:25.536+0200: 111.269: [Full GC [PSYoungGen: 29151K->29093K(58368K)] [ParOldGen: 174362K->174305K(174592K)] 203514K->203399K(232960K) [PSPermGen: 2651K->2651K(21504K)], 0.2524239 secs] [Times: user=0.42 sys=0.00, real=0.25 secs] 
2014-07-10T14:44:25.788+0200: 111.522: [Full GC [PSYoungGen: 29178K->29173K(58368K)] [ParOldGen: 174305K->174305K(174592K)] 203484K->203478K(232960K) [PSPermGen: 2651K->2651K(21504K)], 0.1385273 secs] [Times: user=0.23 sys=0.00, real=0.14 secs] 
2014-07-10T14:44:25.927+0200: 111.661: [Full GC [PSYoungGen: 29177K->29174K(58368K)] [ParOldGen: 174579K->174578K(174592K)] 203756K->203752K(232960K) [PSPermGen: 2651K->2651K(21504K)], 0.1617321 secs] [Times: user=0.26 sys=0.00, real=0.16 secs] 
2014-07-10T14:44:26.089+0200: 111.823: [Full GC [PSYoungGen: 29174K->0K(58368K)] [ParOldGen: 174578K->8240K(134656K)] 203752K->8240K(193024K) [PSPermGen: 2651K->2651K(21504K)], 0.0506856 secs] [Times: user=0.08 sys=0.01, real=0.05 secs] 
2014-07-10T14:44:26.188+0200: 111.921: [GC [PSYoungGen: 29182K->29146K(58368K)] 39611K->39575K(193024K), 0.0190235 secs] [Times: user=0.03 sys=0.00, real=0.02 secs] 
2014-07-10T14:44:26.253+0200: 111.986: [GC [PSYoungGen: 58329K->29143K(58368K)] 68758K->68679K(193024K), 0.0513199 secs] [Times: user=0.08 sys=0.00, real=0.05 secs] 
2014-07-10T14:44:26.350+0200: 112.083: [GC [PSYoungGen: 58319K->29123K(58368K)] 97856K->97771K(193024K), 0.0379307 secs] [Times: user=0.09 sys=0.00, real=0.04 secs] 
2014-07-10T14:44:26.435+0200: 112.169: [GC [PSYoungGen: 58289K->29111K(58368K)] 126937K->126867K(193024K), 0.0393206 secs] [Times: user=0.06 sys=0.00, real=0.04 secs] 
2014-07-10T14:44:26.474+0200: 112.208: [Full GC [PSYoungGen: 29111K->0K(58368K)] [ParOldGen: 97755K->126449K(174592K)] 126867K->126449K(232960K) [PSPermGen: 2651K->2651K(21504K)], 0.2386077 secs] [Times: user=0.37 sys=0.00, real=0.24 secs] 
2014-07-10T14:44:26.763+0200: 112.495: [GC [PSYoungGen: 29166K->29123K(58368K)] 155616K->155573K(232960K), 0.0204416 secs] [Times: user=0.03 sys=0.00, real=0.02 secs] 
2014-07-10T14:44:26.784+0200: 112.516: [Full GC [PSYoungGen: 29123K->0K(58368K)] [ParOldGen: 126449K->155446K(174592K)] 155573K->155446K(232960K) [PSPermGen: 2651K->2651K(21504K)], 0.2171472 secs] [Times: user=0.39 sys=0.00, real=0.22 secs] 
2014-07-10T14:44:27.049+0200: 112.781: [Full GC [PSYoungGen: 29169K->10172K(58368K)] [ParOldGen: 155446K->174270K(174592K)] 184615K->184443K(232960K) [PSPermGen: 2651K->2651K(21504K)], 0.2192898 secs] [Times: user=0.42 sys=0.00, real=0.22 secs] 
2014-07-10T14:44:27.300+0200: 113.032: [Full GC [PSYoungGen: 29179K->29121K(58368K)] [ParOldGen: 174270K->174213K(174592K)] 203449K->203335K(232960K) [PSPermGen: 2651K->2651K(21504K)], 0.2058057 secs] [Times: user=0.38 sys=0.00, real=0.21 secs] 
2014-07-10T14:44:27.506+0200: 113.239: [Full GC [PSYoungGen: 29164K->29161K(58368K)] [ParOldGen: 174213K->174213K(174592K)] 203378K->203374K(232960K) [PSPermGen: 2651K->2651K(21504K)], 0.1380364 secs] [Times: user=0.20 sys=0.00, real=0.14 secs] 
2014-07-10T14:44:27.645+0200: 113.377: [Full GC [PSYoungGen: 29167K->29162K(58368K)] [ParOldGen: 174565K->174564K(174592K)] 203732K->203727K(232960K) [PSPermGen: 2651K->2651K(21504K)], 0.1743334 secs] [Times: user=0.30 sys=0.00, real=0.17 secs] 
2014-07-10T14:44:27.819+0200: 113.552: [Full GC [PSYoungGen: 29162K->0K(58368K)] [ParOldGen: 174564K->8242K(134656K)] 203727K->8242K(193024K) [PSPermGen: 2651K->2651K(21504K)], 0.0588079 secs] [Times: user=0.09 sys=0.00, real=0.06 secs] 
2014-07-10T14:44:27.926+0200: 113.658: [GC [PSYoungGen: 29176K->29123K(58368K)] 39529K->39477K(193024K), 0.0197875 secs] [Times: user=0.03 sys=0.00, real=0.02 secs] 
2014-07-10T14:44:27.992+0200: 113.724: [GC [PSYoungGen: 58288K->29123K(58368K)] 68641K->68577K(193024K), 0.0414214 secs] [Times: user=0.06 sys=0.00, real=0.04 secs] 
2014-07-10T14:44:28.080+0200: 113.813: [GC [PSYoungGen: 58285K->29116K(58368K)] 97738K->97661K(193024K), 0.0467393 secs] [Times: user=0.09 sys=0.00, real=0.05 secs] 
2014-07-10T14:44:28.174+0200: 113.906: [GC [PSYoungGen: 58279K->29091K(58368K)] 126824K->126721K(193024K), 0.0455151 secs] [Times: user=0.09 sys=0.00, real=0.05 secs] 
2014-07-10T14:44:28.219+0200: 113.952: [Full GC [PSYoungGen: 29091K->0K(58368K)] [ParOldGen: 97629K->126333K(174592K)] 126721K->126333K(232960K) [PSPermGen: 2651K->2651K(21504K)], 0.2119257 secs] [Times: user=0.36 sys=0.00, real=0.21 secs] 
2014-07-10T14:44:28.480+0200: 114.212: [GC [PSYoungGen: 29145K->29102K(58368K)] 155478K->155435K(232960K), 0.0210175 secs] [Times: user=0.02 sys=0.00, real=0.02 secs] 
2014-07-10T14:44:28.501+0200: 114.234: [Full GC [PSYoungGen: 29102K->0K(58368K)] [ParOldGen: 126333K->155307K(174592K)] 155435K->155307K(232960K) [PSPermGen: 2651K->2651K(21504K)], 0.2266777 secs] [Times: user=0.37 sys=0.00, real=0.23 secs] 
2014-07-10T14:44:28.778+0200: 114.510: [Full GC [PSYoungGen: 29160K->10151K(58368K)] [ParOldGen: 155307K->174142K(174592K)] 184467K->184294K(232960K) [PSPermGen: 2651K->2651K(21504K)], 0.2337015 secs] [Times: user=0.41 sys=0.00, real=0.23 secs] 
2014-07-10T14:44:29.043+0200: 114.775: [Full GC [PSYoungGen: 29172K->29116K(58368K)] [ParOldGen: 174142K->174085K(174592K)] 203314K->203202K(232960K) [PSPermGen: 2651K->2651K(21504K)], 0.2827575 secs] [Times: user=0.42 sys=0.00, real=0.28 secs] 
2014-07-10T14:44:29.326+0200: 115.058: [Full GC [PSYoungGen: 29159K->29156K(58368K)] [ParOldGen: 174085K->174085K(174592K)] 203245K->203241K(232960K) [PSPermGen: 2651K->2651K(21504K)], 0.1380085 secs] [Times: user=0.23 sys=0.00, real=0.14 secs] 
2014-07-10T14:44:29.464+0200: 115.197: [Full GC [PSYoungGen: 29160K->29158K(58368K)] [ParOldGen: 174554K->174553K(174592K)] 203714K->203711K(232960K) [PSPermGen: 2651K->2651K(21504K)], 0.2187512 secs] [Times: user=0.33 sys=0.00, real=0.22 secs] 
2014-07-10T14:44:29.683+0200: 115.416: [Full GC [PSYoungGen: 29158K->0K(58368K)] [ParOldGen: 174553K->8284K(134656K)] 203711K->8284K(193024K) [PSPermGen: 2651K->2651K(21504K)], 0.0556409 secs] [Times: user=0.08 sys=0.00, real=0.06 secs] 
2014-07-10T14:44:29.785+0200: 115.518: [GC [PSYoungGen: 29184K->29155K(58368K)] 38290K->38262K(193024K), 0.0190403 secs] [Times: user=0.05 sys=0.00, real=0.02 secs] 
2014-07-10T14:44:29.852+0200: 115.585: [GC [PSYoungGen: 58332K->29123K(58368K)] 67439K->67342K(193024K), 0.0395175 secs] [Times: user=0.06 sys=0.00, real=0.04 secs] 
2014-07-10T14:44:29.938+0200: 115.671: [GC [PSYoungGen: 58295K->29135K(58368K)] 96513K->96453K(193024K), 0.0375736 secs] [Times: user=0.06 sys=0.02, real=0.04 secs] 
2014-07-10T14:44:30.023+0200: 115.756: [GC [PSYoungGen: 58299K->29118K(58368K)] 125617K->125535K(193024K), 0.0383663 secs] [Times: user=0.06 sys=0.00, real=0.04 secs] 
2014-07-10T14:44:30.061+0200: 115.794: [Full GC [PSYoungGen: 29118K->0K(58368K)] [ParOldGen: 96417K->125118K(174592K)] 125535K->125118K(232960K) [PSPermGen: 2651K->2651K(21504K)], 0.1969645 secs] [Times: user=0.39 sys=0.00, real=0.20 secs] 
2014-07-10T14:44:30.307+0200: 116.040: [GC [PSYoungGen: 29167K->29116K(58368K)] 154286K->154235K(232960K), 0.0195177 secs] [Times: user=0.03 sys=0.00, real=0.02 secs] 
2014-07-10T14:44:30.327+0200: 116.059: [Full GC [PSYoungGen: 29116K->0K(58368K)] [ParOldGen: 125118K->154116K(174592K)] 154235K->154116K(232960K) [PSPermGen: 2651K->2651K(21504K)], 0.2063838 secs] [Times: user=0.37 sys=0.00, real=0.21 secs] 
2014-07-10T14:44:30.582+0200: 116.314: [Full GC [PSYoungGen: 29166K->8661K(58368K)] [ParOldGen: 154116K->174451K(174592K)] 183282K->183112K(232960K) [PSPermGen: 2651K->2651K(21504K)], 0.2273024 secs] [Times: user=0.34 sys=0.03, real=0.23 secs] 
2014-07-10T14:44:30.843+0200: 116.576: [Full GC [PSYoungGen: 29166K->29104K(58368K)] [ParOldGen: 174451K->174390K(174592K)] 203618K->203495K(232960K) [PSPermGen: 2651K->2651K(21504K)], 0.2340391 secs] [Times: user=0.41 sys=0.00, real=0.23 secs] 
2014-07-10T14:44:31.077+0200: 116.810: [Full GC [PSYoungGen: 29148K->29144K(58368K)] [ParOldGen: 174390K->174390K(174592K)] 203538K->203535K(232960K) [PSPermGen: 2651K->2651K(21504K)], 0.1417499 secs] [Times: user=0.23 sys=0.00, real=0.14 secs] 
2014-07-10T14:44:31.220+0200: 116.952: [Full GC [PSYoungGen: 29151K->29146K(58368K)] [ParOldGen: 174585K->174585K(174592K)] 203736K->203731K(232960K) [PSPermGen: 2651K->2651K(21504K)], 0.1563845 secs] [Times: user=0.27 sys=0.00, real=0.16 secs] 
2014-07-10T14:44:31.376+0200: 117.109: [Full GC [PSYoungGen: 29146K->0K(58368K)] [ParOldGen: 174585K->8247K(134656K)] 203731K->8247K(193024K) [PSPermGen: 2651K->2651K(21504K)], 0.0509030 secs] [Times: user=0.08 sys=0.02, real=0.05 secs] 
2014-07-10T14:44:31.476+0200: 117.209: [GC [PSYoungGen: 29175K->29127K(58368K)] 39689K->39641K(193024K), 0.0249954 secs] [Times: user=0.02 sys=0.00, real=0.02 secs] 
2014-07-10T14:44:31.548+0200: 117.281: [GC [PSYoungGen: 58303K->29124K(58368K)] 68816K->68729K(193024K), 0.0383725 secs] [Times: user=0.09 sys=0.00, real=0.04 secs] 
2014-07-10T14:44:31.633+0200: 117.366: [GC [PSYoungGen: 58307K->29128K(58368K)] 97912K->97834K(193024K), 0.0449589 secs] [Times: user=0.08 sys=0.00, real=0.05 secs] 
2014-07-10T14:44:31.729+0200: 117.462: [GC [PSYoungGen: 58309K->29154K(58368K)] 127015K->126970K(193024K), 0.0864379 secs] [Times: user=0.05 sys=0.00, real=0.09 secs] 
2014-07-10T14:44:31.816+0200: 117.549: [Full GC [PSYoungGen: 29154K->0K(58368K)] [ParOldGen: 97815K->126539K(174592K)] 126970K->126539K(232960K) [PSPermGen: 2651K->2651K(21504K)], 0.2357769 secs] [Times: user=0.28 sys=0.00, real=0.24 secs] 
2014-07-10T14:44:32.099+0200: 117.832: [GC [PSYoungGen: 29168K->29145K(58368K)] 155707K->155685K(232960K), 0.0195895 secs] [Times: user=0.03 sys=0.00, real=0.02 secs] 
2014-07-10T14:44:32.119+0200: 117.852: [Full GC [PSYoungGen: 29145K->0K(58368K)] [ParOldGen: 126539K->155537K(174592K)] 155685K->155537K(232960K) [PSPermGen: 2651K->2651K(21504K)], 0.2142758 secs] [Times: user=0.34 sys=0.00, real=0.21 secs] 
2014-07-10T14:44:32.382+0200: 118.115: [Full GC [PSYoungGen: 29159K->10169K(58368K)] [ParOldGen: 155537K->174357K(174592K)] 184697K->184526K(232960K) [PSPermGen: 2651K->2651K(21504K)], 0.2840901 secs] [Times: user=0.34 sys=0.00, real=0.28 secs] 
2014-07-10T14:44:32.698+0200: 118.431: [Full GC [PSYoungGen: 29180K->29123K(58368K)] [ParOldGen: 174357K->174300K(174592K)] 203538K->203424K(232960K) [PSPermGen: 2651K->2651K(21504K)], 0.2408107 secs] [Times: user=0.37 sys=0.01, real=0.24 secs] 
2014-07-10T14:44:32.939+0200: 118.672: [Full GC [PSYoungGen: 29166K->29163K(58368K)] [ParOldGen: 174300K->174300K(174592K)] 203467K->203463K(232960K) [PSPermGen: 2651K->2651K(21504K)], 0.1361149 secs] [Times: user=0.22 sys=0.00, real=0.14 secs] 
2014-07-10T14:44:33.076+0200: 118.809: [Full GC [PSYoungGen: 29167K->29164K(58368K)] [ParOldGen: 174573K->174573K(174592K)] 203741K->203737K(232960K) [PSPermGen: 2651K->2651K(21504K)], 0.1712736 secs] [Times: user=0.31 sys=0.00, real=0.17 secs] 
2014-07-10T14:44:33.247+0200: 118.980: [Full GC [PSYoungGen: 29164K->0K(58368K)] [ParOldGen: 174573K->8249K(134656K)] 203737K->8249K(193024K) [PSPermGen: 2651K->2651K(21504K)], 0.0503223 secs] [Times: user=0.09 sys=0.02, real=0.05 secs] 
2014-07-10T14:44:33.346+0200: 119.079: [GC [PSYoungGen: 29177K->29123K(58368K)] 39615K->39561K(193024K), 0.0198223 secs] [Times: user=0.03 sys=0.00, real=0.02 secs] 
2014-07-10T14:44:33.412+0200: 119.145: [GC [PSYoungGen: 58303K->29142K(58368K)] 68740K->68679K(193024K), 0.0375758 secs] [Times: user=0.05 sys=0.00, real=0.04 secs] 
2014-07-10T14:44:33.497+0200: 119.230: [GC [PSYoungGen: 58309K->29117K(58368K)] 97847K->97761K(193024K), 0.0384040 secs] [Times: user=0.09 sys=0.00, real=0.04 secs] 
2014-07-10T14:44:33.582+0200: 119.315: [GC [PSYoungGen: 58284K->29163K(58368K)] 126928K->126821K(193024K), 0.0375084 secs] [Times: user=0.05 sys=0.00, real=0.04 secs] 
2014-07-10T14:44:33.619+0200: 119.352: [Full GC [PSYoungGen: 29163K->0K(58368K)] [ParOldGen: 97658K->126439K(174592K)] 126821K->126439K(232960K) [PSPermGen: 2651K->2651K(21504K)], 0.2152056 secs] [Times: user=0.39 sys=0.00, real=0.22 secs] 
2014-07-10T14:44:33.884+0200: 119.617: [GC [PSYoungGen: 29180K->29140K(58368K)] 155619K->155579K(232960K), 0.0196724 secs] [Times: user=0.03 sys=0.00, real=0.02 secs] 
2014-07-10T14:44:33.904+0200: 119.637: [Full GC [PSYoungGen: 29140K->0K(58368K)] [ParOldGen: 126439K->155449K(174592K)] 155579K->155449K(232960K) [PSPermGen: 2651K->2651K(21504K)], 0.2170398 secs] [Times: user=0.37 sys=0.02, real=0.22 secs] 
2014-07-10T14:44:34.171+0200: 119.904: [Full GC [PSYoungGen: 29183K->10195K(58368K)] [ParOldGen: 155449K->174264K(174592K)] 184632K->184460K(232960K) [PSPermGen: 2651K->2651K(21504K)], 0.2508398 secs] [Times: user=0.39 sys=0.01, real=0.25 secs] 
Heap
 PSYoungGen      total 58368K, used 11028K [0x00000000faa80000, 0x0000000100000000, 0x0000000100000000)
  eden space 29184K, 37% used [0x00000000faa80000,0x00000000fb545038,0x00000000fc700000)
  from space 29184K, 0% used [0x00000000fc700000,0x00000000fc700000,0x00000000fe380000)
  to   space 29184K, 0% used [0x00000000fe380000,0x00000000fe380000,0x0000000100000000)
 ParOldGen       total 174592K, used 174264K [0x00000000f0000000, 0x00000000faa80000, 0x00000000faa80000)
  object space 174592K, 99% used [0x00000000f0000000,0x00000000faa2e3b8,0x00000000faa80000)
 PSPermGen       total 21504K, used 2716K [0x00000000eae00000, 0x00000000ec300000, 0x00000000f0000000)
  object space 21504K, 12% used [0x00000000eae00000,0x00000000eb0a7270,0x00000000ec300000)
